[    0.000000] random 0000 0000 0000 00000000 00000000: rand_read_num 1 get_random_bytes(8): sig 00000000 00000000 00000000
[    0.000000] random 0000 0000 0000 00000000 00000000: extract_entropy(.. 8 ..)
[    0.000000] random 0000 0000 0000 00000000 00000000: going to reseed nonblocking with 64 bits (64 of 0 requested)
[    0.000000] random 0000 0000 0000 00000000 00000000: extract_entropy(.. 8 ..)
[    0.000000] random 0000 0000 0000 00000000 00000000: trying to extract 64 bits from input
[    0.000000] random 0000 0000 0000 00000000 00000000: debiting 0 entropy credits from input
[    0.000000] random 0000 0000 0000 00000000 00000000: extract_entropy account returned: 0 
[    0.000000] random 0000 0000 0000 00000000 00000000: urand_change_num 1 xfer_secondary_pool(8): pool_sig 00000000, data_sig 00000000, bytes_mixed 0 00000000 00000000
[    0.000000] random 0000 0000 0000 00000000 00000000: trying to extract 64 bits from nonblocking
[    0.000000] random 0000 0000 0000 00000000 00000000: debiting 64 entropy credits from nonblocking (unlimited)
[    0.000000] random 0000 0000 0000 00000000 00000000: extract_entropy account returned: 8 
[    0.000000] random 0000 0000 0000 00000000 00000000: urand_change_num 2 extract_buf: pool_sig 00000000, data_sig fffffff9, bytes_mixed 20 00000000 00000000
[    0.000000] Linux version 2.6.32.57 (dcashman@dcashman-02) (gcc version 4.3.3 (GCC) ) #6 Thu May 30 09:02:12 PDT 2013
[    0.000000] KERNEL supported cpus:
[    0.000000]   Intel GenuineIntel
[    0.000000]   AMD AuthenticAMD
[    0.000000]   NSC Geode by NSC
[    0.000000]   Cyrix CyrixInstead
[    0.000000]   Centaur CentaurHauls
[    0.000000]   Transmeta GenuineTMx86
[    0.000000]   Transmeta TransmetaCPU
[    0.000000]   UMC UMC UMC UMC
[    0.000000] BIOS-provided physical RAM map:
[    0.000000]  BIOS-e820: 0000000000000000 - 000000000009d800 (usable)
[    0.000000]  BIOS-e820: 000000000009d800 - 00000000000a0000 (reserved)
[    0.000000]  BIOS-e820: 00000000000d2000 - 00000000000d4000 (reserved)
[    0.000000]  BIOS-e820: 00000000000e0000 - 0000000000100000 (reserved)
[    0.000000]  BIOS-e820: 0000000000100000 - 000000003d6b0000 (usable)
[    0.000000]  BIOS-e820: 000000003d6b0000 - 000000003d6cc000 (ACPI data)
[    0.000000]  BIOS-e820: 000000003d6cc000 - 000000003d700000 (ACPI NVS)
[    0.000000]  BIOS-e820: 000000003d700000 - 000000003e000000 (reserved)
[    0.000000]  BIOS-e820: 00000000f0000000 - 00000000f4000000 (reserved)
[    0.000000]  BIOS-e820: 00000000fec00000 - 00000000fec10000 (reserved)
[    0.000000]  BIOS-e820: 00000000fed00000 - 00000000fed00400 (reserved)
[    0.000000]  BIOS-e820: 00000000fed14000 - 00000000fed1a000 (reserved)
[    0.000000]  BIOS-e820: 00000000fed1c000 - 00000000fed90000 (reserved)
[    0.000000]  BIOS-e820: 00000000fee00000 - 00000000fee01000 (reserved)
[    0.000000]  BIOS-e820: 00000000ff000000 - 0000000100000000 (reserved)
[    0.000000] DMI present.
[    0.000000] last_pfn = 0x3d6b0 max_arch_pfn = 0x100000
[    0.000000] MTRR default type: uncachable
[    0.000000] MTRR fixed ranges enabled:
[    0.000000]   00000-9FFFF write-back
[    0.000000]   A0000-BFFFF uncachable
[    0.000000]   C0000-CFFFF write-protect
[    0.000000]   D0000-DFFFF uncachable
[    0.000000]   E0000-FFFFF write-protect
[    0.000000] MTRR variable ranges enabled:
[    0.000000]   0 base 03E000000 mask FFE000000 uncachable
[    0.000000]   1 base 000000000 mask FC0000000 write-back
[    0.000000]   2 base 03D700000 mask FFFF00000 uncachable
[    0.000000]   3 base 03D800000 mask FFF800000 uncachable
[    0.000000]   4 disabled
[    0.000000]   5 disabled
[    0.000000]   6 disabled
[    0.000000]   7 disabled
[    0.000000] initial memory mapped : 0 - 02000000
[    0.000000] init_memory_mapping: 0000000000000000-00000000377fe000
[    0.000000]  0000000000 - 0000400000 page 4k
[    0.000000]  0000400000 - 0037400000 page 2M
[    0.000000]  0037400000 - 00377fe000 page 4k
[    0.000000] kernel direct mapping tables up to 377fe000 @ 7000-c000
[    0.000000] ACPI: RSDP 000f68d0 00024 (v02 LENOVO)
[    0.000000] ACPI: XSDT 3d6bb77f 00094 (v01 LENOVO TP-7L    00002170  LTP 00000000)
[    0.000000] ACPI: FACP 3d6bb900 000F4 (v03 LENOVO TP-7L    00002170 LNVO 00000001)
[    0.000000] ACPI Warning: 32/64X length mismatch in Gpe1Block: 0/32 (20090903/tbfadt-526)
[    0.000000] ACPI Warning: Optional field Gpe1Block has zero address or length: 000000000000102C/0 (20090903/tbfadt-557)
[    0.000000] ACPI: DSDT 3d6bbd1d 0FED1 (v01 LENOVO TP-7L    00002170 MSFT 03000000)
[    0.000000] ACPI: FACS 3d6e4000 00040
[    0.000000] ACPI: SSDT 3d6bbab4 00269 (v01 LENOVO TP-7L    00002170 MSFT 03000000)
[    0.000000] ACPI: ECDT 3d6cbbee 00052 (v01 LENOVO TP-7L    00002170 LNVO 00000001)
[    0.000000] ACPI: TCPA 3d6cbc40 00032 (v02 LENOVO TP-7L    00002170 LNVO 00000001)
[    0.000000] ACPI: APIC 3d6cbc72 00068 (v01 LENOVO TP-7L    00002170 LNVO 00000001)
[    0.000000] ACPI: MCFG 3d6cbcda 0003C (v01 LENOVO TP-7L    00002170 LNVO 00000001)
[    0.000000] ACPI: HPET 3d6cbd16 00038 (v01 LENOVO TP-7L    00002170 LNVO 00000001)
[    0.000000] ACPI: SLIC 3d6cbdf0 00176 (v01 LENOVO TP-7L    00002170  LTP 00000000)
[    0.000000] ACPI: BOOT 3d6cbf66 00028 (v01 LENOVO TP-7L    00002170  LTP 00000001)
[    0.000000] ACPI: ASF! 3d6cbf8e 00072 (v16 LENOVO TP-7L    00002170 PTL  00000001)
[    0.000000] ACPI: SSDT 3d6e26d9 0025F (v01 LENOVO TP-7L    00002170 INTL 20050513)
[    0.000000] ACPI: SSDT 3d6e2938 000A6 (v01 LENOVO TP-7L    00002170 INTL 20050513)
[    0.000000] ACPI: SSDT 3d6e29de 004F7 (v01 LENOVO TP-7L    00002170 INTL 20050513)
[    0.000000] ACPI: SSDT 3d6e2ed5 001D8 (v01 LENOVO TP-7L    00002170 INTL 20050513)
[    0.000000] ACPI: DMI detected: Lenovo ThinkPad R61
[    0.000000] ACPI: Added _OSI(Linux)
[    0.000000] ACPI: Local APIC address 0xfee00000
[    0.000000] 94MB HIGHMEM available.
[    0.000000] 887MB LOWMEM available.
[    0.000000]   mapped low ram: 0 - 377fe000
[    0.000000]   low ram: 0 - 377fe000
[    0.000000]   node 0 low ram: 00000000 - 377fe000
[    0.000000]   node 0 bootmap 00008000 - 0000ef00
[    0.000000] (6 early reservations) ==> bootmem [0000000000 - 00377fe000]
[    0.000000]   #0 [0000000000 - 0000001000]   BIOS data page ==> [0000000000 - 0000001000]
[    0.000000]   #1 [0001000000 - 0001bdc180]    TEXT DATA BSS ==> [0001000000 - 0001bdc180]
[    0.000000]   #2 [000009d800 - 0000100000]    BIOS reserved ==> [000009d800 - 0000100000]
[    0.000000]   #3 [0001bdd000 - 0001be516c]              BRK ==> [0001bdd000 - 0001be516c]
[    0.000000]   #4 [0000007000 - 0000008000]          PGTABLE ==> [0000007000 - 0000008000]
[    0.000000]   #5 [0000008000 - 000000f000]          BOOTMAP ==> [0000008000 - 000000f000]
[    0.000000] found SMP MP-table at [c00f6900] f6900
[    0.000000] Zone PFN ranges:
[    0.000000]   DMA      0x00000000 -> 0x00001000
[    0.000000]   Normal   0x00001000 -> 0x000377fe
[    0.000000]   HighMem  0x000377fe -> 0x0003d6b0
[    0.000000] Movable zone start PFN for each node
[    0.000000] early_node_map[2] active PFN ranges
[    0.000000]     0: 0x00000000 -> 0x0000009d
[    0.000000]     0: 0x00000100 -> 0x0003d6b0
[    0.000000] On node 0 totalpages: 251469
[    0.000000] free_area_init_node: node 0, pgdat c1901ea0, node_mem_map c1be7000
[    0.000000]   DMA zone: 32 pages used for memmap
[    0.000000]   DMA zone: 0 pages reserved
[    0.000000]   DMA zone: 3965 pages, LIFO batch:0
[    0.000000]   Normal zone: 1744 pages used for memmap
[    0.000000]   Normal zone: 221486 pages, LIFO batch:31
[    0.000000]   HighMem zone: 190 pages used for memmap
[    0.000000]   HighMem zone: 24052 pages, LIFO batch:3
[    0.000000] Using APIC driver default
[    0.000000] ACPI: PM-Timer IO Port: 0x1008
[    0.000000] ACPI: Local APIC address 0xfee00000
[    0.000000] ACPI: LAPIC (acpi_id[0x00] lapic_id[0x00] enabled)
[    0.000000] ACPI: LAPIC (acpi_id[0x01] lapic_id[0x01] enabled)
[    0.000000] ACPI: NR_CPUS/possible_cpus limit of 1 reached.  Processor 1/0x1 ignored.
[    0.000000] ACPI: LAPIC_NMI (acpi_id[0x00] high edge lint[0x1])
[    0.000000] ACPI: LAPIC_NMI (acpi_id[0x01] high edge lint[0x1])
[    0.000000] ACPI: IOAPIC (id[0x01] address[0xfec00000] gsi_base[0])
[    0.000000] IOAPIC[0]: apic_id 1, version 32, address 0xfec00000, GSI 0-23
[    0.000000] ACPI: INT_SRC_OVR (bus 0 bus_irq 0 global_irq 2 dfl dfl)
[    0.000000] ACPI: INT_SRC_OVR (bus 0 bus_irq 9 global_irq 9 high level)
[    0.000000] ACPI: IRQ0 used by override.
[    0.000000] ACPI: IRQ2 used by override.
[    0.000000] ACPI: IRQ9 used by override.
[    0.000000] Using ACPI (MADT) for SMP configuration information
[    0.000000] ACPI: HPET id: 0x8086a201 base: 0xfed00000
[    0.000000] nr_irqs_gsi: 24
[    0.000000] PM: Registered nosave memory: 000000000009d000 - 000000000009e000
[    0.000000] PM: Registered nosave memory: 000000000009e000 - 00000000000a0000
[    0.000000] PM: Registered nosave memory: 00000000000a0000 - 00000000000d2000
[    0.000000] PM: Registered nosave memory: 00000000000d2000 - 00000000000d4000
[    0.000000] PM: Registered nosave memory: 00000000000d4000 - 00000000000e0000
[    0.000000] PM: Registered nosave memory: 00000000000e0000 - 0000000000100000
[    0.000000] Allocating PCI resources starting at 3e000000 (gap: 3e000000:b2000000)
[    0.000000] Built 1 zonelists in Zone order, mobility grouping on.  Total pages: 249503
[    0.000000] Kernel command line: auto BOOT_IMAGE=Linux ro root=802 vt.default_utf8=0 maxcpus=0
[    0.000000] PID hash table entries: 4096 (order: 2, 16384 bytes)
[    0.000000] Dentry cache hash table entries: 131072 (order: 7, 524288 bytes)
[    0.000000] Inode-cache hash table entries: 65536 (order: 6, 262144 bytes)
[    0.000000] Enabling fast FPU save and restore... done.
[    0.000000] Enabling unmasked SIMD FPU exception support... done.
[    0.000000] Initializing CPU#0
[    0.000000] Initializing HighMem for node 0 (000377fe:0003d6b0)
[    0.000000] Memory: 984800k/1006272k available (6915k kernel code, 20876k reserved, 2327k data, 448k init, 96968k highmem)
[    0.000000] virtual kernel memory layout:
[    0.000000]     fixmap  : 0xfffa3000 - 0xfffff000   ( 368 kB)
[    0.000000]     pkmap   : 0xff800000 - 0xffc00000   (4096 kB)
[    0.000000]     vmalloc : 0xf7ffe000 - 0xff7fe000   ( 120 MB)
[    0.000000]     lowmem  : 0xc0000000 - 0xf77fe000   ( 887 MB)
[    0.000000]       .init : 0xc1907000 - 0xc1977000   ( 448 kB)
[    0.000000]       .data : 0xc16c0d3f - 0xc1906c64   (2327 kB)
[    0.000000]       .text : 0xc1000000 - 0xc16c0d3f   (6915 kB)
[    0.000000] Checking if this processor honours the WP bit even in supervisor mode...Ok.
[    0.000000] SLUB: Genslabs=13, HWalign=64, Order=0-3, MinObjects=0, CPUs=1, Nodes=1
[    0.000000] Hierarchical RCU implementation.
[    0.000000] NR_IRQS:288
[    0.000000] Extended CMOS year: 2000
[    0.000000] Console: colour VGA+ 80x25
[    0.000000] console [tty0] enabled
[    0.000000] hpet clockevent registered
[    0.000000] Fast TSC calibration using PIT
[    0.000000] Detected 2094.453 MHz processor.
[    0.001002] Calibrating delay loop (skipped), value calculated using timer frequency.. 4188.90 BogoMIPS (lpj=2094453)
[    0.001166] Security Framework initialized
[    0.001247] Mount-cache hash table entries: 512
[    0.002035] CPU: L1 I cache: 32K, L1 D cache: 32K
[    0.002157] CPU: L2 cache: 3072K
[    0.002234] mce: CPU supports 6 MCE banks
[    0.002315] CPU0: Thermal monitoring enabled (TM2)
[    0.002395] using mwait in idle threads.
[    0.002472] CPU: Intel(R) Core(TM)2 Duo CPU     T8100  @ 2.10GHz stepping 06
[    0.002647] Checking 'hlt' instruction... OK.
[    0.006931] ACPI: Core revision 20090903
[    0.026013] RANDOM get_random_int first call with cycles 32588929958, jiffies 4294667322 and pid 0
[    0.026021] CANARY value: 5353edee for PID: 1
[    0.026028] CANARY value: 93e53c43 for PID: 2
[    0.026050] Enabling APIC mode:  Flat.  Using 1 I/O APICs
[    0.026504] ..TIMER: vector=0x30 apic1=0 pin1=2 apic2=-1 pin2=-1
[    0.036997] xor: automatically using best checksumming function: pIII_sse
[    0.040998]    pIII_sse  :  8568.000 MB/sec
[    0.041081] xor: using function: pIII_sse (8568.000 MB/sec)
[    0.041162] RANDOM - __seed init called.
[    0.041163] RANDOM - __seed init called.
[    0.041164] RANDOM - __seed init called.
[    0.041165] RANDOM - __random32 called. Change num 1.  Value: e6b75c0e	845fdb3c	4764ecc7
[    0.041167] RANDOM - __random32 called. Change num 2.  Value: 75c0e1a6	45fdb3ca	d98f8871
[    0.041169] RANDOM - __random32 called. Change num 3.  Value: e1a6d3e	5fdb3ca9	10e2be79
[    0.041171] RANDOM - __random32 called. Change num 4.  Value: a6d3e877	fdb3ca90	7cf2fee9
[    0.041172] RANDOM - __random32 called. Change num 5.  Value: 3e877b7b	db3ca905	fdd36ca1
[    0.041174] RANDOM - __random32 called. Change num 6.  Value: 77b7ba3d	b3ca905b	d9426901
[    0.041176] RANDOM - random32 init called.  Value: 77b7ba3d	b3ca905b	d9426901
[    0.041193] NET: Registered protocol family 16
[    0.041454] ACPI FADT declares the system doesn't support PCIe ASPM, so disable it
[    0.041566] ACPI: bus type pci registered
[    0.041727] PCI: MCFG configuration 0: base f0000000 segment 0 buses 0 - 63
[    0.041824] PCI: MCFG area at f0000000 reserved in E820
[    0.041903] PCI: Using MMCONFIG for extended config space
[    0.041987] PCI: Using configuration type 1 for base access
[    0.045083] bio: create slab <bio-0> at 0
[    0.045895] ACPI: EC: EC description table is found, configuring boot EC
[    0.051052] ACPI: BIOS _OSI(Linux) query honored via DMI
[    0.051776] random 0000 0000 0000 00000000 00000000: rand_read_num 2 get_random_bytes(8): sig fffffe1a 00000000 00000000
[    0.051779] random 0000 0000 0000 00000000 00000000: extract_entropy(.. 8 ..)
[    0.051781] random 0000 0000 0000 00000000 00000000: going to reseed nonblocking with 64 bits (64 of 0 requested)
[    0.051784] random 0000 0000 0000 00000000 00000000: extract_entropy(.. 8 ..)
[    0.051786] random 0000 0000 0000 00000000 00000000: trying to extract 64 bits from input
[    0.051788] random 0000 0000 0000 00000000 00000000: debiting 0 entropy credits from input
[    0.051790] random 0000 0000 0000 00000000 00000000: extract_entropy account returned: 0 
[    0.051793] random 0000 0000 0000 00000000 00000000: urand_change_num 3 xfer_secondary_pool(8): pool_sig fffffe1a, data_sig 00000000, bytes_mixed 0 00000000 00000000
[    0.051796] random 0000 0000 0000 00000000 00000000: trying to extract 64 bits from nonblocking
[    0.051798] random 0000 0000 0000 00000000 00000000: debiting 64 entropy credits from nonblocking (unlimited)
[    0.051800] random 0000 0000 0000 00000000 00000000: extract_entropy account returned: 8 
[    0.051805] random 0000 0000 0000 00000000 00000000: urand_change_num 4 extract_buf: pool_sig fffffe1a, data_sig fffffed7, bytes_mixed 20 00000000 00000000
[    0.056458] ACPI: Interpreter enabled
[    0.056549] ACPI: (supports S0 S3 S4 S5)
[    0.056824] ACPI: Using IOAPIC for interrupt routing
[    0.066348] ACPI: EC: GPE = 0x12, I/O: command/status = 0x66, data = 0x62
[    0.066622] ACPI: Power Resource [PUBS] (on)
[    0.068722] ACPI: ACPI Dock Station Driver: 3 docks/bays found
[    0.069140] ACPI: PCI Root Bridge [PCI0] (0000:00)
[    0.069301] pci 0000:00:02.0: reg 10 64bit mmio: [0xf8100000-0xf81fffff]
[    0.069307] pci 0000:00:02.0: reg 18 64bit mmio pref: [0xe0000000-0xefffffff]
[    0.069311] pci 0000:00:02.0: reg 20 io port: [0x1800-0x1807]
[    0.069346] pci 0000:00:02.1: reg 10 64bit mmio: [0xf8200000-0xf82fffff]
[    0.069447] pci 0000:00:19.0: reg 10 32bit mmio: [0xfe000000-0xfe01ffff]
[    0.069456] pci 0000:00:19.0: reg 14 32bit mmio: [0xfe025000-0xfe025fff]
[    0.069463] pci 0000:00:19.0: reg 18 io port: [0x1840-0x185f]
[    0.069539] pci 0000:00:19.0: PME# supported from D0 D3hot D3cold
[    0.069630] pci 0000:00:19.0: PME# disabled
[    0.069775] pci 0000:00:1a.0: reg 20 io port: [0x1860-0x187f]
[    0.069853] pci 0000:00:1a.1: reg 20 io port: [0x1880-0x189f]
[    0.069937] pci 0000:00:1a.7: reg 10 32bit mmio: [0xfe226c00-0xfe226fff]
[    0.070028] pci 0000:00:1a.7: PME# supported from D0 D3hot D3cold
[    0.070116] pci 0000:00:1a.7: PME# disabled
[    0.070250] pci 0000:00:1b.0: reg 10 64bit mmio: [0xfe020000-0xfe023fff]
[    0.070333] pci 0000:00:1b.0: PME# supported from D0 D3hot D3cold
[    0.070431] pci 0000:00:1b.0: PME# disabled
[    0.070625] pci 0000:00:1c.0: PME# supported from D0 D3hot D3cold
[    0.070721] pci 0000:00:1c.0: PME# disabled
[    0.070915] pci 0000:00:1c.1: PME# supported from D0 D3hot D3cold
[    0.070997] pci 0000:00:1c.1: PME# disabled
[    0.071194] pci 0000:00:1c.2: PME# supported from D0 D3hot D3cold
[    0.071277] pci 0000:00:1c.2: PME# disabled
[    0.071470] pci 0000:00:1c.3: PME# supported from D0 D3hot D3cold
[    0.071554] pci 0000:00:1c.3: PME# disabled
[    0.072114] pci 0000:00:1c.4: PME# supported from D0 D3hot D3cold
[    0.072200] pci 0000:00:1c.4: PME# disabled
[    0.072353] pci 0000:00:1d.0: reg 20 io port: [0x18a0-0x18bf]
[    0.072427] pci 0000:00:1d.1: reg 20 io port: [0x18c0-0x18df]
[    0.072506] pci 0000:00:1d.2: reg 20 io port: [0x18e0-0x18ff]
[    0.072596] pci 0000:00:1d.7: reg 10 32bit mmio: [0xfe227000-0xfe2273ff]
[    0.073010] pci 0000:00:1d.7: PME# supported from D0 D3hot D3cold
[    0.073094] pci 0000:00:1d.7: PME# disabled
[    0.073368] pci 0000:00:1f.0: quirk: region 1000-107f claimed by ICH6 ACPI/GPIO/TCO
[    0.073487] pci 0000:00:1f.0: quirk: region 1180-11bf claimed by ICH6 GPIO
[    0.073574] pci 0000:00:1f.0: ICH7 LPC Generic IO decode 1 PIO at 1600 (mask 007f)
[    0.073689] pci 0000:00:1f.0: ICH7 LPC Generic IO decode 2 PIO at 15e0 (mask 000f)
[    0.073807] pci 0000:00:1f.0: ICH7 LPC Generic IO decode 3 PIO at 1680 (mask 001f)
[    0.074000] pci 0000:00:1f.1: reg 10 io port: [0x00-0x07]
[    0.074010] pci 0000:00:1f.1: reg 14 io port: [0x00-0x03]
[    0.074020] pci 0000:00:1f.1: reg 18 io port: [0x00-0x07]
[    0.074029] pci 0000:00:1f.1: reg 1c io port: [0x00-0x03]
[    0.074041] pci 0000:00:1f.1: reg 20 io port: [0x1c00-0x1c0f]
[    0.074121] pci 0000:00:1f.2: reg 10 io port: [0x1c50-0x1c57]
[    0.074130] pci 0000:00:1f.2: reg 14 io port: [0x1c44-0x1c47]
[    0.074138] pci 0000:00:1f.2: reg 18 io port: [0x1c48-0x1c4f]
[    0.074147] pci 0000:00:1f.2: reg 1c io port: [0x1c40-0x1c43]
[    0.074156] pci 0000:00:1f.2: reg 20 io port: [0x1c20-0x1c3f]
[    0.074163] pci 0000:00:1f.2: reg 24 32bit mmio: [0xfe226000-0xfe2267ff]
[    0.074223] pci 0000:00:1f.2: PME# supported from D3hot
[    0.074311] pci 0000:00:1f.2: PME# disabled
[    0.074427] pci 0000:00:1f.3: reg 10 32bit mmio: [0xfe227400-0xfe2274ff]
[    0.074451] pci 0000:00:1f.3: reg 20 io port: [0x1c60-0x1c7f]
[    0.074533] pci 0000:00:1c.0: bridge io port: [0x2000-0x2fff]
[    0.074539] pci 0000:00:1c.0: bridge 32bit mmio: [0xfc000000-0xfdffffff]
[    0.074551] pci 0000:00:1c.0: bridge 64bit mmio pref: [0xf8000000-0xf80fffff]
[    0.074623] pci 0000:03:00.0: reg 10 64bit mmio: [0xdf3f0000-0xdf3fffff]
[    0.074817] pci 0000:00:1c.1: bridge io port: [0x3000-0x3fff]
[    0.074824] pci 0000:00:1c.1: bridge 32bit mmio: [0xdc000000-0xdf3fffff]
[    0.074832] pci 0000:00:1c.1: bridge 64bit mmio pref: [0xdfe00000-0xdfefffff]
[    0.074889] pci 0000:00:1c.2: bridge io port: [0x4000-0x4fff]
[    0.074895] pci 0000:00:1c.2: bridge 32bit mmio: [0xd8000000-0xd9ffffff]
[    0.074903] pci 0000:00:1c.2: bridge 64bit mmio pref: [0xdfb00000-0xdfbfffff]
[    0.074964] pci 0000:00:1c.3: bridge io port: [0x5000-0x5fff]
[    0.074971] pci 0000:00:1c.3: bridge 32bit mmio: [0xd4000000-0xd5ffffff]
[    0.074980] pci 0000:00:1c.3: bridge 64bit mmio pref: [0xdf800000-0xdf8fffff]
[    0.075039] pci 0000:00:1c.4: bridge io port: [0x6000-0x6fff]
[    0.075045] pci 0000:00:1c.4: bridge 32bit mmio: [0xd0000000-0xd1ffffff]
[    0.075052] pci 0000:00:1c.4: bridge 64bit mmio pref: [0xdf500000-0xdf5fffff]
[    0.075115] pci 0000:15:00.0: reg 10 32bit mmio: [0xf8300000-0xf8300fff]
[    0.075165] pci 0000:15:00.0: supports D1 D2
[    0.075166] pci 0000:15:00.0: PME# supported from D0 D1 D2 D3hot D3cold
[    0.075259] pci 0000:15:00.0: PME# disabled
[    0.075399] pci 0000:15:00.1: reg 10 32bit mmio: [0xf8301000-0xf83017ff]
[    0.075498] pci 0000:15:00.1: supports D1 D2
[    0.075500] pci 0000:15:00.1: PME# supported from D0 D1 D2 D3hot D3cold
[    0.075597] pci 0000:15:00.1: PME# disabled
[    0.075778] pci 0000:00:1e.0: transparent bridge
[    0.075865] pci 0000:00:1e.0: bridge io port: [0x7000-0xafff]
[    0.075869] pci 0000:00:1e.0: bridge 32bit mmio: [0xf8300000-0xfbffffff]
[    0.075878] pci 0000:00:1e.0: bridge 64bit mmio pref: [0xf4000000-0xf7ffffff]
[    0.075943] pci_bus 0000:00: on NUMA node 0
[    0.075947] ACPI: PCI Interrupt Routing Table [\_SB_.PCI0._PRT]
[    0.076088] ACPI: PCI Interrupt Routing Table [\_SB_.PCI0.EXP0._PRT]
[    0.076147] ACPI: PCI Interrupt Routing Table [\_SB_.PCI0.EXP1._PRT]
[    0.076206] ACPI: PCI Interrupt Routing Table [\_SB_.PCI0.EXP2._PRT]
[    0.076264] ACPI: PCI Interrupt Routing Table [\_SB_.PCI0.EXP3._PRT]
[    0.076326] ACPI: PCI Interrupt Routing Table [\_SB_.PCI0.EXP4._PRT]
[    0.076389] ACPI: PCI Interrupt Routing Table [\_SB_.PCI0.PCI1._PRT]
[    0.081849] ACPI: PCI Interrupt Link [LNKA] (IRQs 3 4 5 6 7 9 *10 11)
[    0.082565] ACPI: PCI Interrupt Link [LNKB] (IRQs 3 4 5 6 7 9 10 *11)
[    0.083283] ACPI: PCI Interrupt Link [LNKC] (IRQs 3 4 5 6 7 9 10 *11)
[    0.083995] ACPI: PCI Interrupt Link [LNKD] (IRQs 3 4 5 6 7 9 10 *11)
[    0.084687] ACPI: PCI Interrupt Link [LNKE] (IRQs 3 4 5 6 7 9 10 *11)
[    0.085368] ACPI: PCI Interrupt Link [LNKF] (IRQs 3 4 5 6 7 9 10 *11)
[    0.086126] ACPI: PCI Interrupt Link [LNKG] (IRQs 3 4 5 6 7 9 10 *11)
[    0.086847] ACPI: PCI Interrupt Link [LNKH] (IRQs 3 4 5 6 7 9 10 *11)
[    0.087546] vgaarb: device added: PCI:0000:00:02.0,decodes=io+mem,owns=io+mem,locks=none
[    0.087675] vgaarb: loaded
[    0.087844] SCSI subsystem initialized
[    0.087945] libata version 3.00 loaded.
[    0.088014] usbcore: registered new interface driver usbfs
[    0.088128] usbcore: registered new interface driver hub
[    0.088248] usbcore: registered new device driver usb
[    0.105044] raid6: int32x1    941 MB/s
[    0.122057] raid6: int32x2    890 MB/s
[    0.139067] raid6: int32x4    750 MB/s
[    0.155998] raid6: int32x8    656 MB/s
[    0.173002] raid6: mmxx1     2882 MB/s
[    0.189985] raid6: mmxx2     3253 MB/s
[    0.206996] raid6: sse1x1    1937 MB/s
[    0.224000] raid6: sse1x2    2535 MB/s
[    0.240973] raid6: sse2x1    3503 MB/s
[    0.257972] raid6: sse2x2    3832 MB/s
[    0.258060] raid6: using algorithm sse2x2 (3832 MB/s)
[    0.258145] PCI: Using ACPI for IRQ routing
[    0.258447] HPET: 3 timers in total, 0 timers will be used for per-cpu timer
[    0.258986] Switching to clocksource tsc
[    0.259087] pnp: PnP ACPI init
[    0.259169] ACPI: bus type pnp registered
[    0.262808] pnp: PnP ACPI: found 11 devices
[    0.262911] ACPI: ACPI bus type pnp unregistered
[    0.263003] system 00:00: iomem range 0x0-0x9ffff could not be reserved
[    0.263085] system 00:00: iomem range 0xc0000-0xc3fff could not be reserved
[    0.263176] system 00:00: iomem range 0xc4000-0xc7fff could not be reserved
[    0.263265] system 00:00: iomem range 0xc8000-0xcbfff has been reserved
[    0.263346] system 00:00: iomem range 0xcc000-0xcffff has been reserved
[    0.263437] system 00:00: iomem range 0xd0000-0xd3fff could not be reserved
[    0.263522] system 00:00: iomem range 0xe0000-0xe3fff could not be reserved
[    0.263611] system 00:00: iomem range 0xe4000-0xe7fff could not be reserved
[    0.263697] system 00:00: iomem range 0xe8000-0xebfff could not be reserved
[    0.263784] system 00:00: iomem range 0xec000-0xeffff could not be reserved
[    0.263873] system 00:00: iomem range 0xf0000-0xfffff could not be reserved
[    0.263963] system 00:00: iomem range 0x100000-0x3dffffff could not be reserved
[    0.264076] system 00:00: iomem range 0xfec00000-0xfed3ffff could not be reserved
[    0.264189] system 00:00: iomem range 0xfed4c000-0xffffffff could not be reserved
[    0.264304] system 00:02: ioport range 0x164e-0x164f has been reserved
[    0.264408] system 00:02: ioport range 0x1000-0x107f has been reserved
[    0.264489] system 00:02: ioport range 0x1180-0x11bf has been reserved
[    0.264572] system 00:02: ioport range 0x800-0x80f has been reserved
[    0.264656] system 00:02: ioport range 0x15e0-0x15ef has been reserved
[    0.264738] system 00:02: ioport range 0x1600-0x165f could not be reserved
[    0.264820] system 00:02: iomem range 0xf0000000-0xf3ffffff has been reserved
[    0.264913] system 00:02: iomem range 0xfed1c000-0xfed1ffff has been reserved
[    0.264995] system 00:02: iomem range 0xfed14000-0xfed17fff has been reserved
[    0.265090] system 00:02: iomem range 0xfed18000-0xfed18fff has been reserved
[    0.265181] system 00:02: iomem range 0xfed19000-0xfed19fff has been reserved
[    0.265264] system 00:02: iomem range 0xfed45000-0xfed4bfff has been reserved
[    0.300297] pci 0000:00:1c.0: PCI bridge, secondary bus 0000:02
[    0.300382] pci 0000:00:1c.0:   IO window: 0x2000-0x2fff
[    0.300466] pci 0000:00:1c.0:   MEM window: 0xfc000000-0xfdffffff
[    0.300551] pci 0000:00:1c.0:   PREFETCH window: 0x000000f8000000-0x000000f80fffff
[    0.300668] pci 0000:00:1c.1: PCI bridge, secondary bus 0000:03
[    0.300750] pci 0000:00:1c.1:   IO window: 0x3000-0x3fff
[    0.300834] pci 0000:00:1c.1:   MEM window: 0xdc000000-0xdf3fffff
[    0.300934] pci 0000:00:1c.1:   PREFETCH window: 0x000000dfe00000-0x000000dfefffff
[    0.301051] pci 0000:00:1c.2: PCI bridge, secondary bus 0000:04
[    0.301138] pci 0000:00:1c.2:   IO window: 0x4000-0x4fff
[    0.301232] pci 0000:00:1c.2:   MEM window: 0xd8000000-0xd9ffffff
[    0.301321] pci 0000:00:1c.2:   PREFETCH window: 0x000000dfb00000-0x000000dfbfffff
[    0.301445] pci 0000:00:1c.3: PCI bridge, secondary bus 0000:05
[    0.301531] pci 0000:00:1c.3:   IO window: 0x5000-0x5fff
[    0.301615] pci 0000:00:1c.3:   MEM window: 0xd4000000-0xd5ffffff
[    0.301704] pci 0000:00:1c.3:   PREFETCH window: 0x000000df800000-0x000000df8fffff
[    0.301822] pci 0000:00:1c.4: PCI bridge, secondary bus 0000:0d
[    0.301909] pci 0000:00:1c.4:   IO window: 0x6000-0x6fff
[    0.301999] pci 0000:00:1c.4:   MEM window: 0xd0000000-0xd1ffffff
[    0.302101] pci 0000:00:1c.4:   PREFETCH window: 0x000000df500000-0x000000df5fffff
[    0.302230] pci 0000:15:00.0: CardBus bridge, secondary bus 0000:16
[    0.302319] pci 0000:15:00.0:   IO window: 0x007000-0x0070ff
[    0.302406] pci 0000:15:00.0:   IO window: 0x007400-0x0074ff
[    0.302496] pci 0000:15:00.0:   PREFETCH window: 0xf4000000-0xf7ffffff
[    0.302585] pci 0000:15:00.0:   MEM window: 0x40000000-0x43ffffff
[    0.302679] pci 0000:00:1e.0: PCI bridge, secondary bus 0000:15
[    0.302761] pci 0000:00:1e.0:   IO window: 0x7000-0xafff
[    0.302845] pci 0000:00:1e.0:   MEM window: 0xf8300000-0xfbffffff
[    0.302933] pci 0000:00:1e.0:   PREFETCH window: 0x000000f4000000-0x000000f7ffffff
[    0.303062] pci 0000:00:1c.0: PCI INT A -> GSI 20 (level, low) -> IRQ 20
[    0.303158] pci 0000:00:1c.0: setting latency timer to 64
[    0.303167] pci 0000:00:1c.1: PCI INT B -> GSI 21 (level, low) -> IRQ 21
[    0.303256] pci 0000:00:1c.1: setting latency timer to 64
[    0.303265] pci 0000:00:1c.2: PCI INT C -> GSI 22 (level, low) -> IRQ 22
[    0.303348] pci 0000:00:1c.2: setting latency timer to 64
[    0.303360] pci 0000:00:1c.3: PCI INT D -> GSI 23 (level, low) -> IRQ 23
[    0.303444] pci 0000:00:1c.3: setting latency timer to 64
[    0.303457] pci 0000:00:1c.4: PCI INT A -> GSI 20 (level, low) -> IRQ 20
[    0.303547] pci 0000:00:1c.4: setting latency timer to 64
[    0.303553] pci 0000:00:1e.0: enabling device (0005 -> 0007)
[    0.303635] pci 0000:00:1e.0: setting latency timer to 64
[    0.303652] pci 0000:15:00.0: PCI INT A -> GSI 16 (level, low) -> IRQ 16
[    0.303738] pci 0000:15:00.0: setting latency timer to 64
[    0.303744] pci_bus 0000:00: resource 0 io:  [0x00-0xffff]
[    0.303746] pci_bus 0000:00: resource 1 mem: [0x000000-0xffffffff]
[    0.303748] pci_bus 0000:02: resource 0 io:  [0x2000-0x2fff]
[    0.303750] pci_bus 0000:02: resource 1 mem: [0xfc000000-0xfdffffff]
[    0.303751] pci_bus 0000:02: resource 2 pref mem [0xf8000000-0xf80fffff]
[    0.303753] pci_bus 0000:03: resource 0 io:  [0x3000-0x3fff]
[    0.303755] pci_bus 0000:03: resource 1 mem: [0xdc000000-0xdf3fffff]
[    0.303757] pci_bus 0000:03: resource 2 pref mem [0xdfe00000-0xdfefffff]
[    0.303759] pci_bus 0000:04: resource 0 io:  [0x4000-0x4fff]
[    0.303761] pci_bus 0000:04: resource 1 mem: [0xd8000000-0xd9ffffff]
[    0.303762] pci_bus 0000:04: resource 2 pref mem [0xdfb00000-0xdfbfffff]
[    0.303764] pci_bus 0000:05: resource 0 io:  [0x5000-0x5fff]
[    0.303766] pci_bus 0000:05: resource 1 mem: [0xd4000000-0xd5ffffff]
[    0.303768] pci_bus 0000:05: resource 2 pref mem [0xdf800000-0xdf8fffff]
[    0.303769] pci_bus 0000:0d: resource 0 io:  [0x6000-0x6fff]
[    0.303771] pci_bus 0000:0d: resource 1 mem: [0xd0000000-0xd1ffffff]
[    0.303773] pci_bus 0000:0d: resource 2 pref mem [0xdf500000-0xdf5fffff]
[    0.303775] pci_bus 0000:15: resource 0 io:  [0x7000-0xafff]
[    0.303777] pci_bus 0000:15: resource 1 mem: [0xf8300000-0xfbffffff]
[    0.303779] pci_bus 0000:15: resource 2 pref mem [0xf4000000-0xf7ffffff]
[    0.303780] pci_bus 0000:15: resource 3 io:  [0x00-0xffff]
[    0.303782] pci_bus 0000:15: resource 4 mem: [0x000000-0xffffffff]
[    0.303784] pci_bus 0000:16: resource 0 io:  [0x7000-0x70ff]
[    0.303786] pci_bus 0000:16: resource 1 io:  [0x7400-0x74ff]
[    0.303788] pci_bus 0000:16: resource 2 pref mem [0xf4000000-0xf7ffffff]
[    0.303789] pci_bus 0000:16: resource 3 mem: [0x40000000-0x43ffffff]
[    0.303797] NET: Registered protocol family 2
[    0.303888] RANDOM - __random32 called. Change num 7.  Value: 7ba3d01e	3ca905be	d2026a24
[    0.303889] RANDOM - random32 called.  Value: 7ba3d01e	3ca905be	d2026a24
[    0.303894] random 0000 0000 0000 5f8db4e5 4cfdf2a8: rand_read_num 3 get_random_bytes(4): sig fffffb64 5f8db4e5 4cfdf2a8
[    0.303896] random 0000 0000 0000 5f8db4e5 4cfdf2a8: extract_entropy(.. 4 ..)
[    0.303899] random 0000 0000 0000 5f8db4e5 4cfdf2a8: going to reseed nonblocking with 64 bits (32 of 0 requested)
[    0.303901] random 0000 0000 0000 5f8db4e5 4cfdf2a8: extract_entropy(.. 8 ..)
[    0.303903] random 0000 0000 0000 5f8db4e5 4cfdf2a8: trying to extract 64 bits from input
[    0.303905] random 0000 0000 0000 5f8db4e5 4cfdf2a8: debiting 0 entropy credits from input
[    0.303907] random 0000 0000 0000 5f8db4e5 4cfdf2a8: extract_entropy account returned: 0 
[    0.303910] random 0000 0000 0000 5f8db4e5 4cfdf2a8: urand_change_num 5 xfer_secondary_pool(4): pool_sig fffffb64, data_sig 00000000, bytes_mixed 0 5f8db4e5 4cfdf2a8
[    0.303913] random 0000 0000 0000 5f8db4e5 4cfdf2a8: trying to extract 32 bits from nonblocking
[    0.303915] random 0000 0000 0000 5f8db4e5 4cfdf2a8: debiting 32 entropy credits from nonblocking (unlimited)
[    0.303918] random 0000 0000 0000 5f8db4e5 4cfdf2a8: extract_entropy account returned: 4 
[    0.303922] random 0000 0000 0000 5f8db4e5 4cfdf2a8: urand_change_num 6 extract_buf: pool_sig fffffb64, data_sig 00000241, bytes_mixed 20 5f8db4e5 4cfdf2a8
[    0.303931] IP route cache hash table entries: 32768 (order: 5, 131072 bytes)
[    0.304063] RANDOM - __random32 called. Change num 8.  Value: 3d01e034	ca905be7	d4484227
[    0.304064] RANDOM - random32 called.  Value: 3d01e034	ca905be7	d4484227
[    0.304075] RANDOM - __random32 called. Change num 9.  Value: 1e034020	a905be70	844ec14a
[    0.304077] RANDOM - random32 called.  Value: 1e034020	a905be70	844ec14a
[    0.304079] RANDOM - __random32 called. Change num 10.  Value: 34020ec0	905be706	8294c719
[    0.304080] RANDOM - random32 called.  Value: 34020ec0	905be706	8294c719
[    0.304091] RANDOM - __random32 called. Change num 11.  Value: 20ec0ebb	5be7068	8e32c65f
[    0.304093] RANDOM - random32 called.  Value: 20ec0ebb	5be7068	8e32c65f
[    0.304103] TCP established hash table entries: 131072 (order: 8, 1048576 bytes)
[    0.304588] TCP bind hash table entries: 65536 (order: 6, 262144 bytes)
[    0.304768] TCP: Hash tables configured (established 131072 bind 65536)
[    0.304863] TCP reno registered
[    0.304972] NET: Registered protocol family 1
[    0.305077] RPC: Registered udp transport module.
[    0.305156] RPC: Registered tcp transport module.
[    0.305243] RPC: Registered tcp NFSv4.1 backchannel transport module.
[    0.305329] pci 0000:00:02.0: Boot video device
[    0.305543] Simple Boot Flag at 0x35 set to 0x1
[    0.306104] highmem bounce pool size: 64 pages
[    0.307591] VFS: Disk quotas dquot_6.5.2
[    0.307717] Dquot-cache hash table entries: 1024 (order 0, 4096 bytes)
[    0.308452] NTFS driver 2.1.29 [Flags: R/W].
[    0.308607] ROMFS MTD (C) 2007 Red Hat, Inc.
[    0.308817] JFS: nTxBlock = 7695, nTxLock = 61562
[    0.311257] SGI XFS with ACLs, security attributes, large block/inode numbers, no debug enabled
[    0.311731] SGI XFS Quota Management subsystem
[    0.312070] Slow work thread pool: Starting up
[    0.312166] Slow work thread pool: Ready
[    0.312256] GFS2 (built May 24 2013 02:47:17) installed
[    0.312344] msgmni has been set to 1734
[    0.312508] alg: No test for cipher_null (cipher_null-generic)
[    0.312599] alg: No test for ecb(cipher_null) (ecb-cipher_null)
[    0.312696] alg: No test for digest_null (digest_null-generic)
[    0.312789] alg: No test for compress_null (compress_null-generic)
[    0.313333] alg: No test for fcrypt (fcrypt-generic)
[    0.314739] alg: No test for stdrng (krng)
[    0.314820] async_tx: api initialized (async)
[    0.314986] Block layer SCSI generic (bsg) driver version 0.4 loaded (major 254)
[    0.315100] io scheduler noop registered
[    0.315178] io scheduler anticipatory registered
[    0.315256] io scheduler deadline registered
[    0.315395] io scheduler cfq registered (default)
[    0.315626] pcieport 0000:00:1c.0: irq 24 for MSI/MSI-X
[    0.315644] pcieport 0000:00:1c.0: setting latency timer to 64
[    0.315834] pcieport 0000:00:1c.1: irq 25 for MSI/MSI-X
[    0.315845] pcieport 0000:00:1c.1: setting latency timer to 64
[    0.316039] pcieport 0000:00:1c.2: irq 26 for MSI/MSI-X
[    0.316050] pcieport 0000:00:1c.2: setting latency timer to 64
[    0.316221] pcieport 0000:00:1c.3: irq 27 for MSI/MSI-X
[    0.316233] pcieport 0000:00:1c.3: setting latency timer to 64
[    0.316409] pcieport 0000:00:1c.4: irq 28 for MSI/MSI-X
[    0.316421] pcieport 0000:00:1c.4: setting latency timer to 64
[    0.316570] pci_hotplug: PCI Hot Plug PCI Core version: 0.5
[    0.316756] isapnp: Scanning for PnP cards...
[    0.677311] isapnp: No Plug & Play device found
[    0.677398] random 0000 0000 0000 5f8db4e5 4cfdf2a8: initializing
[    0.677400] RANDOM init_std_data for input now value: 1369995273677400961
[    0.677402] RANDOM init_std_data for blocking now value: 1369995273677403082
[    0.677404] RANDOM init_std_data for nonblocking now value: 1369995273677404831
[    0.696971] Serial: 8250/16550 driver, 4 ports, IRQ sharing enabled
[    3.708151] floppy0: no floppy controllers found
[    3.709087] brd: module loaded
[    3.709583] loop: module loaded
[    3.709662] Compaq SMART2 Driver (v 2.6.0)
[    3.709782] HP CISS Driver (v 3.6.20)
[    3.710016] input: Macintosh mouse button emulation as /devices/virtual/input/input0
[    3.710132] Uniform Multi-Platform E-IDE driver
[    3.710368] piix 0000:00:1f.1: IDE controller (0x8086:0x2850 rev 0x03)
[    3.710466] pci 0000:00:1f.1: PCI INT C -> GSI 16 (level, low) -> IRQ 16
[    3.710567] piix 0000:00:1f.1: IDE port disabled
[    3.710655] piix 0000:00:1f.1: not 100% native mode: will probe irqs later
[    3.710751]     ide0: BM-DMA at 0x1c00-0x1c07
[    3.710847] Probing IDE interface ide0...
[    4.382424] hda: HL-DT-ST DVDRAM GSA-U10N, ATAPI CD/DVD-ROM drive
[    4.689261] hda: host max PIO4 wanted PIO255(auto-tune) selected PIO4
[    4.690029] hda: UDMA/33 mode selected
[    4.690499] ide0 at 0x1f0-0x1f7,0x3f6 on irq 14
[    4.694360] ide-gd driver 1.18
[    4.694469] ide-cd driver 5.00
[    4.695841] random 0000 0000 0000 00000000 00000000: add_disk_randomness(0:0) 00000000 00000000
[    4.695845] random 0000 0000 0000 00000000 00000000: add_timer_randomness(.. 256) with jiffies: 17510151726680473207, cycles: -936592351323750391
[    4.695848] random 0000 0000 0000 00000000 00000000: added 11 entropy credits to input
[    4.695851] ide-cd: hda: ATAPI 24X DVD-ROM DVD-R/RAM CD-R/RW drive, 2048kB Cache
[    4.696243] Uniform CD-ROM driver Revision: 3.20
[    4.699146] random 0011 0000 0000 00000000 00000000: add_disk_randomness(0:0) 00000000 00000000
[    4.699149] random 0011 0000 0000 00000000 00000000: add_timer_randomness(.. 256) with jiffies: 17539889109575368314, cycles: -906854968428855287
[    4.699152] random 0011 0000 0000 00000000 00000000: added 1 entropy credits to input
[    4.699155] random 0012 0000 0000 00000000 00000000: add_disk_randomness(0:0) 00000000 00000000
[    4.699158] random 0012 0000 0000 00000000 00000000: add_timer_randomness(.. 256) with jiffies: 17539965998079901306, cycles: -906778079924322295
[    4.701146] random 0012 0000 0000 00000000 00000000: add_disk_randomness(0:0) 00000000 00000000
[    4.701149] random 0012 0000 0000 00000000 00000000: add_timer_randomness(.. 256) with jiffies: 17557880079038250620, cycles: -888863998965972983
[    4.701152] random 0012 0000 0000 00000000 00000000: added 1 entropy credits to input
[    4.701155] random 0013 0000 0000 00000000 00000000: add_disk_randomness(0:0) 00000000 00000000
[    4.701157] random 0013 0000 0000 00000000 00000000: add_timer_randomness(.. 256) with jiffies: 17557955661872725628, cycles: -888788416131497975
[    4.703144] random 0013 0000 0000 00000000 00000000: add_disk_randomness(0:0) 00000000 00000000
[    4.703147] random 0013 0000 0000 00000000 00000000: add_timer_randomness(.. 256) with jiffies: 17575854723330440830, cycles: -870889354673782775
[    4.703150] random 0013 0000 0000 00000000 00000000: added 1 entropy credits to input
[    4.703153] random 0014 0000 0000 00000000 00000000: add_disk_randomness(0:0) 00000000 00000000
[    4.703155] random 0014 0000 0000 00000000 00000000: add_timer_randomness(.. 256) with jiffies: 17575928772861591166, cycles: -870815305142632439
[    4.703429] Loading iSCSI transport class v2.0-870.
[    4.703708] rdac: device handler registered
[    4.703808] hp_sw: device handler registered
[    4.703886] emc: device handler registered
[    4.703965] alua: device handler registered
[    4.704943] Adaptec aacraid driver 1.1-5[2461]-ms
[    4.705358] scsi: <fdomain> Detection failed (no card)
[    4.705451] sym53c416.c: Version 1.0.0-ac
[    4.705561] qlogicfas: no cards were found, please specify I/O address and IRQ using iobase= and irq= options
[    4.705686] QLogic Fibre Channel HBA Driver: 8.03.01-k6
[    4.705890] iscsi: registered transport (qla4xxx)
[    4.705989] QLogic iSCSI HBA Driver
[    4.706078] Emulex LightPulse Fibre Channel SCSI driver 8.3.4
[    4.706167] Copyright(c) 2004-2009 Emulex.  All rights reserved.
[    4.728249] Failed initialization of WD-7000 SCSI card!
[    4.817542] DC390: clustering now enabled by default. If you get problems load
[    4.817654]        with "disable_clustering=1" and report to maintainers
[    4.817785] megaraid cmm: 2.20.2.7 (Release Date: Sun Jul 16 00:01:03 EST 2006)
[    4.817933] megaraid: 2.20.5.1 (Release Date: Thu Nov 16 15:32:35 EST 2006)
[    4.818040] megasas: 00.00.04.01 Thu July 24 11:41:51 PST 2008
[    4.818172] GDT-HA: Storage RAID Controller Driver. Version: 3.05
[    4.818315] 3ware Storage Controller device driver for Linux v1.26.02.002.
[    4.818419] 3ware 9000 Storage Controller device driver for Linux v2.26.02.012.
[    4.818554] nsp32: loading...
[    4.818656] ipr: IBM Power RAID SCSI Device Driver version: 2.4.3 (June 10, 2009)
[    4.818792] RocketRAID 3xxx/4xxx Controller driver v1.6 (090910)
[    4.818894] stex: Promise SuperTrak EX Driver version: 4.6.0000.3
[    4.819028] st: Version 20081215, fixed bufsize 32768, s/g segs 256
[    4.819217] ahci 0000:00:1f.2: version 3.0
[    4.819232] ahci 0000:00:1f.2: PCI INT B -> GSI 16 (level, low) -> IRQ 16
[    4.819363] ahci 0000:00:1f.2: irq 29 for MSI/MSI-X
[    4.819425] ahci 0000:00:1f.2: AHCI 0001.0100 32 slots 3 ports 1.5 Gbps 0x5 impl SATA mode
[    4.819545] ahci 0000:00:1f.2: flags: 64bit ncq sntf pm led clo pio slum part ccc 
[    4.819661] ahci 0000:00:1f.2: setting latency timer to 64
[    4.819800] scsi2 : ahci
[    4.819949] scsi3 : ahci
[    4.820079] scsi4 : ahci
[    4.820264] ata1: SATA max UDMA/133 abar m2048@0xfe226000 port 0xfe226100 irq 29
[    4.820376] ata2: DUMMY
[    4.820464] ata3: SATA max UDMA/133 abar m2048@0xfe226000 port 0xfe226200 irq 29
[    4.821057] I2O subsystem v1.325
[    4.821137] i2o: max drivers = 8
[    4.821289] I2O Configuration OSM v1.323
[    4.821385] I2O Bus Adapter OSM v1.317
[    4.821477] I2O Block Device OSM v1.325
[    4.821620] I2O SCSI Peripheral OSM v1.316
[    4.821719] I2O ProcFS OSM v1.316
[    4.821818] Fusion MPT base driver 3.04.12
[    4.821899] Copyright (c) 1999-2008 LSI Corporation
[    4.821986] Fusion MPT SPI Host driver 3.04.12
[    4.822086] Fusion MPT FC Host driver 3.04.12
[    4.822194] Fusion MPT SAS Host driver 3.04.12
[    4.822391] ohci1394 0000:15:00.1: PCI INT B -> GSI 17 (level, low) -> IRQ 17
[    4.822486] ohci1394 0000:15:00.1: setting latency timer to 64
[    4.876284] ohci1394: fw-host0: OHCI-1394 1.1 (PCI): IRQ=[17]  MMIO=[f8301000-f83017ff]  Max Packet=[2048]  IR/IT contexts=[4/4]
[    4.879540] ehci_hcd: USB 2.0 'Enhanced' Host Controller (EHCI) Driver
[    4.879812] ehci_hcd 0000:00:1a.7: power state changed by ACPI to D0
[    4.880058] ehci_hcd 0000:00:1a.7: power state changed by ACPI to D0
[    4.880146] ehci_hcd 0000:00:1a.7: PCI INT C -> GSI 22 (level, low) -> IRQ 22
[    4.880251] ehci_hcd 0000:00:1a.7: setting latency timer to 64
[    4.880254] ehci_hcd 0000:00:1a.7: EHCI Host Controller
[    4.880381] ehci_hcd 0000:00:1a.7: new USB bus registered, assigned bus number 1
[    4.884424] ehci_hcd 0000:00:1a.7: cache line size of 32 is not supported
[    4.884433] ehci_hcd 0000:00:1a.7: irq 22, io mem 0xfe226c00
[    4.894247] ehci_hcd 0000:00:1a.7: USB 2.0 started, EHCI 1.00
[    4.894343] usb usb1: New USB device found, idVendor=1d6b, idProduct=0002
[    4.894425] usb usb1: New USB device strings: Mfr=3, Product=2, SerialNumber=1
[    4.894546] usb usb1: Product: EHCI Host Controller
[    4.894630] usb usb1: Manufacturer: Linux 2.6.32.57 ehci_hcd
[    4.894716] usb usb1: SerialNumber: 0000:00:1a.7
[    4.894851] usb usb1: configuration #1 chosen from 1 choice
[    4.894965] hub 1-0:1.0: USB hub found
[    4.895047] hub 1-0:1.0: 4 ports detected
[    4.895351] ehci_hcd 0000:00:1d.7: power state changed by ACPI to D0
[    4.895594] ehci_hcd 0000:00:1d.7: power state changed by ACPI to D0
[    4.895695] ehci_hcd 0000:00:1d.7: PCI INT D -> GSI 19 (level, low) -> IRQ 19
[    4.895787] ehci_hcd 0000:00:1d.7: setting latency timer to 64
[    4.895792] ehci_hcd 0000:00:1d.7: EHCI Host Controller
[    4.895916] ehci_hcd 0000:00:1d.7: new USB bus registered, assigned bus number 2
[    4.896061] ehci_hcd 0000:00:1d.7: debug port 1
[    4.900020] ehci_hcd 0000:00:1d.7: cache line size of 32 is not supported
[    4.900027] ehci_hcd 0000:00:1d.7: irq 19, io mem 0xfe227000
[    4.910249] ehci_hcd 0000:00:1d.7: USB 2.0 started, EHCI 1.00
[    4.910356] usb usb2: New USB device found, idVendor=1d6b, idProduct=0002
[    4.910449] usb usb2: New USB device strings: Mfr=3, Product=2, SerialNumber=1
[    4.910566] usb usb2: Product: EHCI Host Controller
[    4.910649] usb usb2: Manufacturer: Linux 2.6.32.57 ehci_hcd
[    4.910729] usb usb2: SerialNumber: 0000:00:1d.7
[    4.910861] usb usb2: configuration #1 chosen from 1 choice
[    4.910975] hub 2-0:1.0: USB hub found
[    4.911056] hub 2-0:1.0: 6 ports detected
[    4.911223] 116x: driver isp116x-hcd, 03 Nov 2005
[    4.911327] ohci_hcd: USB 1.1 'Open' Host Controller (OHCI) Driver
[    4.911445] uhci_hcd: USB Universal Host Controller Interface driver
[    4.911562] uhci_hcd 0000:00:1a.0: PCI INT A -> GSI 20 (level, low) -> IRQ 20
[    4.911658] uhci_hcd 0000:00:1a.0: setting latency timer to 64
[    4.911663] uhci_hcd 0000:00:1a.0: UHCI Host Controller
[    4.911786] uhci_hcd 0000:00:1a.0: new USB bus registered, assigned bus number 3
[    4.911930] uhci_hcd 0000:00:1a.0: irq 20, io base 0x00001860
[    4.912044] usb usb3: New USB device found, idVendor=1d6b, idProduct=0001
[    4.912129] usb usb3: New USB device strings: Mfr=3, Product=2, SerialNumber=1
[    4.912257] usb usb3: Product: UHCI Host Controller
[    4.912344] usb usb3: Manufacturer: Linux 2.6.32.57 uhci_hcd
[    4.912425] usb usb3: SerialNumber: 0000:00:1a.0
[    4.912556] usb usb3: configuration #1 chosen from 1 choice
[    4.912667] hub 3-0:1.0: USB hub found
[    4.912749] hub 3-0:1.0: 2 ports detected
[    4.913048] uhci_hcd 0000:00:1a.1: power state changed by ACPI to D0
[    4.913322] uhci_hcd 0000:00:1a.1: power state changed by ACPI to D0
[    4.913409] uhci_hcd 0000:00:1a.1: PCI INT B -> GSI 21 (level, low) -> IRQ 21
[    4.913510] uhci_hcd 0000:00:1a.1: setting latency timer to 64
[    4.913513] uhci_hcd 0000:00:1a.1: UHCI Host Controller
[    4.913637] uhci_hcd 0000:00:1a.1: new USB bus registered, assigned bus number 4
[    4.913782] uhci_hcd 0000:00:1a.1: irq 21, io base 0x00001880
[    4.913887] usb usb4: New USB device found, idVendor=1d6b, idProduct=0001
[    4.913976] usb usb4: New USB device strings: Mfr=3, Product=2, SerialNumber=1
[    4.914096] usb usb4: Product: UHCI Host Controller
[    4.914177] usb usb4: Manufacturer: Linux 2.6.32.57 uhci_hcd
[    4.914266] usb usb4: SerialNumber: 0000:00:1a.1
[    4.914396] usb usb4: configuration #1 chosen from 1 choice
[    4.914508] hub 4-0:1.0: USB hub found
[    4.914588] hub 4-0:1.0: 2 ports detected
[    4.914885] uhci_hcd 0000:00:1d.0: power state changed by ACPI to D0
[    4.915129] uhci_hcd 0000:00:1d.0: power state changed by ACPI to D0
[    4.915220] uhci_hcd 0000:00:1d.0: PCI INT A -> GSI 16 (level, low) -> IRQ 16
[    4.915320] uhci_hcd 0000:00:1d.0: setting latency timer to 64
[    4.915323] uhci_hcd 0000:00:1d.0: UHCI Host Controller
[    4.915444] uhci_hcd 0000:00:1d.0: new USB bus registered, assigned bus number 5
[    4.915594] uhci_hcd 0000:00:1d.0: irq 16, io base 0x000018a0
[    4.915701] usb usb5: New USB device found, idVendor=1d6b, idProduct=0001
[    4.915784] usb usb5: New USB device strings: Mfr=3, Product=2, SerialNumber=1
[    4.915895] usb usb5: Product: UHCI Host Controller
[    4.915977] usb usb5: Manufacturer: Linux 2.6.32.57 uhci_hcd
[    4.916058] usb usb5: SerialNumber: 0000:00:1d.0
[    4.916195] usb usb5: configuration #1 chosen from 1 choice
[    4.916322] hub 5-0:1.0: USB hub found
[    4.916405] hub 5-0:1.0: 2 ports detected
[    4.916547] uhci_hcd 0000:00:1d.1: PCI INT B -> GSI 17 (level, low) -> IRQ 17
[    4.916644] uhci_hcd 0000:00:1d.1: setting latency timer to 64
[    4.916649] uhci_hcd 0000:00:1d.1: UHCI Host Controller
[    4.916769] uhci_hcd 0000:00:1d.1: new USB bus registered, assigned bus number 6
[    4.916918] uhci_hcd 0000:00:1d.1: irq 17, io base 0x000018c0
[    4.917022] usb usb6: New USB device found, idVendor=1d6b, idProduct=0001
[    4.917111] usb usb6: New USB device strings: Mfr=3, Product=2, SerialNumber=1
[    4.917235] usb usb6: Product: UHCI Host Controller
[    4.917320] usb usb6: Manufacturer: Linux 2.6.32.57 uhci_hcd
[    4.917401] usb usb6: SerialNumber: 0000:00:1d.1
[    4.917526] usb usb6: configuration #1 chosen from 1 choice
[    4.917634] hub 6-0:1.0: USB hub found
[    4.917715] hub 6-0:1.0: 2 ports detected
[    4.918009] uhci_hcd 0000:00:1d.2: power state changed by ACPI to D0
[    4.918255] uhci_hcd 0000:00:1d.2: power state changed by ACPI to D0
[    4.918347] uhci_hcd 0000:00:1d.2: PCI INT C -> GSI 18 (level, low) -> IRQ 18
[    4.918446] uhci_hcd 0000:00:1d.2: setting latency timer to 64
[    4.918451] uhci_hcd 0000:00:1d.2: UHCI Host Controller
[    4.918579] uhci_hcd 0000:00:1d.2: new USB bus registered, assigned bus number 7
[    4.918726] uhci_hcd 0000:00:1d.2: irq 18, io base 0x000018e0
[    4.918837] usb usb7: New USB device found, idVendor=1d6b, idProduct=0001
[    4.918919] usb usb7: New USB device strings: Mfr=3, Product=2, SerialNumber=1
[    4.919031] usb usb7: Product: UHCI Host Controller
[    4.919117] usb usb7: Manufacturer: Linux 2.6.32.57 uhci_hcd
[    4.919198] usb usb7: SerialNumber: 0000:00:1d.2
[    4.919995] usb usb7: configuration #1 chosen from 1 choice
[    4.920107] hub 7-0:1.0: USB hub found
[    4.920189] hub 7-0:1.0: 2 ports detected
[    4.920347] sl811: driver sl811-hcd, 19 May 2005
[    4.920443] r8a66597_hcd: driver r8a66597_hcd, 2009-05-26
[    4.920606] Initializing USB Mass Storage driver...
[    4.920727] usbcore: registered new interface driver usb-storage
[    4.920808] USB Mass Storage support registered.
[    4.920904] usbcore: registered new interface driver ums-alauda
[    4.921005] usbcore: registered new interface driver ums-cypress
[    4.921106] usbcore: registered new interface driver ums-datafab
[    4.921215] usbcore: registered new interface driver ums-freecom
[    4.921334] usbcore: registered new interface driver ums-isd200
[    4.921440] usbcore: registered new interface driver ums-jumpshot
[    4.921544] usbcore: registered new interface driver ums-karma
[    4.921648] usbcore: registered new interface driver ums-onetouch
[    4.921752] usbcore: registered new interface driver ums-sddr09
[    4.921853] usbcore: registered new interface driver ums-sddr55
[    4.921960] usbcore: registered new interface driver ums-usbat
[    4.922099] PNP: PS/2 Controller [PNP0303:KBD,PNP0f13:MOU] at 0x60,0x64 irq 1,12
[    4.930575] serio: i8042 KBD port at 0x60,0x64 irq 1
[    4.930663] serio: i8042 AUX port at 0x60,0x64 irq 12
[    4.930900] mice: PS/2 mouse device common for all mice
[    4.931020] i2c /dev entries driver
[    4.931139] md: linear personality registered for level -1
[    4.931226] md: raid0 personality registered for level 0
[    4.931316] md: raid1 personality registered for level 1
[    4.931396] md: raid10 personality registered for level 10
[    4.931481] md: raid6 personality registered for level 6
[    4.931561] md: raid5 personality registered for level 5
[    4.931646] md: raid4 personality registered for level 4
[    4.931740] md: multipath personality registered for level -4
[    4.931922] device-mapper: ioctl: 4.15.0-ioctl (2009-04-01) initialised: dm-devel@redhat.com
[    4.932121] cpuidle: using governor ladder
[    4.932723] usbcore: registered new interface driver usbhid
[    4.932804] usbhid: v2.6:USB HID core driver
[    4.932938] random 0014 0000 0000 00000000 00000000: rand_read_num 4 get_random_bytes(136): sig 00000000 00000000 00000000
[    4.932941] random 0014 0000 0000 00000000 00000000: extract_entropy(.. 136 ..)
[    4.932944] random 0014 0000 0000 00000000 00000000: going to reseed nonblocking with 1024 bits (1088 of 0 requested)
[    4.932946] random 0014 0000 0000 00000000 00000000: extract_entropy(.. 128 ..)
[    4.932948] random 0014 0000 0000 00000000 00000000: trying to extract 1024 bits from input
[    4.932951] random 0014 0000 0000 00000000 00000000: debiting 0 entropy credits from input
[    4.932953] random 0014 0000 0000 00000000 00000000: extract_entropy account returned: 0 
[    4.932956] random 0014 0000 0000 00000000 00000000: urand_change_num 7 xfer_secondary_pool(136): pool_sig 00000000, data_sig 00000000, bytes_mixed 0 00000000 00000000
[    4.932959] random 0014 0000 0000 00000000 00000000: trying to extract 1088 bits from nonblocking
[    4.932961] random 0014 0000 0000 00000000 00000000: debiting 1088 entropy credits from nonblocking (unlimited)
[    4.932963] random 0014 0000 0000 00000000 00000000: extract_entropy account returned: 136 
[    4.932968] random 0014 0000 0000 00000000 00000000: urand_change_num 8 extract_buf: pool_sig 00000000, data_sig fffffff9, bytes_mixed 20 00000000 00000000
[    4.932973] random 0014 0000 0000 b7c35b56 be4dc95d: urand_change_num 9 extract_buf: pool_sig fffffd1e, data_sig 000000c5, bytes_mixed 20 b7c35b56 be4dc95d
[    4.932979] random 0014 0000 0000 ed9f5c47 c48487fb: urand_change_num 10 extract_buf: pool_sig fffff8ec, data_sig ffffff68, bytes_mixed 20 ed9f5c47 c48487fb
[    4.932984] random 0014 0000 0000 ed9f5c47 c48487fb: urand_change_num 11 extract_buf: pool_sig fffffaed, data_sig 000001aa, bytes_mixed 20 ed9f5c47 c48487fb
[    4.932989] random 0014 0000 0000 1b4f7c0a 91bd6a48: urand_change_num 12 extract_buf: pool_sig fffffdd8, data_sig 00000064, bytes_mixed 20 1b4f7c0a 91bd6a48
[    4.932994] random 0014 0000 0000 a254b9bc 20e9a24f: urand_change_num 13 extract_buf: pool_sig fffffbe6, data_sig 000001dd, bytes_mixed 20 a254b9bc 20e9a24f
[    4.933000] random 0014 0000 0000 a254b9bc 20e9a24f: urand_change_num 14 extract_buf: pool_sig fffff940, data_sig fffffe20, bytes_mixed 20 a254b9bc 20e9a24f
[    4.933005] random 0014 0000 0000 2831a66b 5fa2a3ad: urand_change_num 15 extract_buf: pool_sig fffffbce, data_sig 0000007e, bytes_mixed 20 2831a66b 5fa2a3ad
[    4.933010] random 0014 0000 0000 2831a66b 5fa2a3ad: urand_change_num 16 extract_buf: pool_sig 000004df, data_sig fffffe8f, bytes_mixed 20 2831a66b 5fa2a3ad
[    4.933016] random 0014 0000 0000 d4512bfd c9a54e0b: urand_change_num 17 extract_buf: pool_sig 00000485, data_sig fffffe68, bytes_mixed 20 d4512bfd c9a54e0b
[    4.933021] random 0014 0000 0000 c7371be6 f9ffea11: urand_change_num 18 extract_buf: pool_sig 00000095, data_sig ffffffed, bytes_mixed 20 c7371be6 f9ffea11
[    4.933026] random 0014 0000 0000 c7371be6 f9ffea11: urand_change_num 19 extract_buf: pool_sig 000003a7, data_sig fffffefa, bytes_mixed 20 c7371be6 f9ffea11
[    4.933031] random 0014 0000 0000 8fb4b62c d1ddba54: urand_change_num 20 extract_buf: pool_sig 00000179, data_sig ffffff78, bytes_mixed 20 8fb4b62c d1ddba54
[    4.933036] random 0014 0000 0000 9ff19f9c c07a1d2a: urand_change_num 21 extract_buf: pool_sig fffffe88, data_sig 00000126, bytes_mixed 20 9ff19f9c c07a1d2a
[    4.933041] TCP cubic registered
[    4.933117] Initializing XFRM netlink socket
[    4.933211] NET: Registered protocol family 17
[    4.933306] Using IPI Shortcut mode
[    4.933398] random 0014 0000 0000 9ff19f9c c07a1d2a: rand_read_num 5 get_random_bytes(8): sig 0000031b 9ff19f9c c07a1d2a
[    4.933401] random 0014 0000 0000 9ff19f9c c07a1d2a: extract_entropy(.. 8 ..)
[    4.933403] random 0014 0000 0000 9ff19f9c c07a1d2a: going to reseed nonblocking with 64 bits (64 of 0 requested)
[    4.933405] random 0014 0000 0000 9ff19f9c c07a1d2a: extract_entropy(.. 8 ..)
[    4.933407] random 0014 0000 0000 9ff19f9c c07a1d2a: trying to extract 64 bits from input
[    4.933409] random 0014 0000 0000 9ff19f9c c07a1d2a: debiting 0 entropy credits from input
[    4.933411] random 0014 0000 0000 9ff19f9c c07a1d2a: extract_entropy account returned: 0 
[    4.933415] random 0014 0000 0000 9ff19f9c c07a1d2a: urand_change_num 22 xfer_secondary_pool(8): pool_sig 0000031b, data_sig 00000000, bytes_mixed 0 9ff19f9c c07a1d2a
[    4.933418] random 0014 0000 0000 9ff19f9c c07a1d2a: trying to extract 64 bits from nonblocking
[    4.933420] random 0014 0000 0000 9ff19f9c c07a1d2a: debiting 64 entropy credits from nonblocking (unlimited)
[    4.933422] random 0014 0000 0000 9ff19f9c c07a1d2a: extract_entropy account returned: 8 
[    4.933426] random 0014 0000 0000 9ff19f9c c07a1d2a: urand_change_num 23 extract_buf: pool_sig 0000031b, data_sig ffffffb3, bytes_mixed 20 9ff19f9c c07a1d2a
[    4.935859] input: AT Translated Set 2 keyboard as /devices/platform/i8042/serio0/input/input1
[    5.127284] ata1: SATA link up 1.5 Gbps (SStatus 113 SControl 300)
[    5.127389] ata3: SATA link down (SStatus 0 SControl 300)
[    5.130223] ata1.00: ACPI cmd ef/02:00:00:00:00:a0 (SET FEATURES) succeeded
[    5.130226] ata1.00: ACPI cmd f5/00:00:00:00:00:a0 (SECURITY FREEZE LOCK) filtered out
[    5.131621] ata1.00: ACPI cmd ef/5f:00:00:00:00:a0 (SET FEATURES) succeeded
[    5.131624] ata1.00: ACPI cmd ef/10:03:00:00:00:a0 (SET FEATURES) filtered out
[    5.133531] ata1.00: ATA-7: ST910021AS, 4.06, max UDMA/100
[    5.133617] ata1.00: 195371568 sectors, multi 16: LBA48 
[    5.135770] ata1.00: ACPI cmd ef/02:00:00:00:00:a0 (SET FEATURES) succeeded
[    5.135773] ata1.00: ACPI cmd f5/00:00:00:00:00:a0 (SECURITY FREEZE LOCK) filtered out
[    5.137163] ata1.00: ACPI cmd ef/5f:00:00:00:00:a0 (SET FEATURES) succeeded
[    5.137166] ata1.00: ACPI cmd ef/10:03:00:00:00:a0 (SET FEATURES) filtered out
[    5.139089] ata1.00: configured for UDMA/100
[    5.149333] scsi 2:0:0:0: Direct-Access     ATA      ST910021AS       4.06 PQ: 0 ANSI: 5
[    5.149606] sd 2:0:0:0: [sda] 195371568 512-byte logical blocks: (100 GB/93.1 GiB)
[    5.149739] sd 2:0:0:0: [sda] Write Protect is off
[    5.149819] sd 2:0:0:0: [sda] Mode Sense: 00 3a 00 00
[    5.149832] sd 2:0:0:0: [sda] Write cache: enabled, read cache: enabled, doesn't support DPO or FUA
[    5.150010]  sda:
[    5.575006] random 0014 0000 0000 277f73c3 42024bb9: add_disk_randomness(8:0) 277f73c3 42024bb9
[    5.575083] random 0014 0000 0000 277f73c3 42024bb9: add_timer_randomness(.. 8388864) with jiffies: 6972689803724423565, cycles: 6972689799429750794
[    5.575086] random 0014 0000 0000 277f73c3 42024bb9: added 11 entropy credits to input
[    5.575090]  sda1 sda2
[    5.575428] random 0025 0000 0000 277f73c3 42024bb9: add_disk_randomness(8:0) 277f73c3 42024bb9
[    5.575431] random 0025 0000 0000 277f73c3 42024bb9: add_timer_randomness(.. 8388864) with jiffies: 6975819636587331982, cycles: 6975819632292659210
[    5.575584] sd 2:0:0:0: [sda] Attached SCSI disk
[    5.575667] random 0025 0000 0000 277f73c3 42024bb9: rand_read_num 6 get_random_bytes(12): sig 000007e9 277f73c3 42024bb9
[    5.575669] random 0025 0000 0000 277f73c3 42024bb9: extract_entropy(.. 12 ..)
[    5.575672] random 0025 0000 0000 277f73c3 42024bb9: going to reseed nonblocking with 96 bits (96 of 0 requested)
[    5.575674] random 0025 0000 0000 277f73c3 42024bb9: extract_entropy(.. 12 ..)
[    5.575676] random 0025 0000 0000 277f73c3 42024bb9: trying to extract 96 bits from input
[    5.575679] random 0025 0000 0000 277f73c3 42024bb9: debiting 0 entropy credits from input
[    5.575681] random 0025 0000 0000 277f73c3 42024bb9: extract_entropy account returned: 0 
[    5.575684] random 0025 0000 0000 277f73c3 42024bb9: urand_change_num 24 xfer_secondary_pool(12): pool_sig 000007e9, data_sig 00000000, bytes_mixed 0 277f73c3 42024bb9
[    5.575687] random 0025 0000 0000 277f73c3 42024bb9: trying to extract 96 bits from nonblocking
[    5.575689] random 0025 0000 0000 277f73c3 42024bb9: debiting 96 entropy credits from nonblocking (unlimited)
[    5.575691] random 0025 0000 0000 277f73c3 42024bb9: extract_entropy account returned: 12 
[    5.575696] random 0025 0000 0000 277f73c3 42024bb9: urand_change_num 25 extract_buf: pool_sig 000007e9, data_sig 00000088, bytes_mixed 20 277f73c3 42024bb9
[    5.575701] random 0025 0000 0000 277f73c3 42024bb9: urand_change_num 26 extract_buf: pool_sig 00000498, data_sig fffffefb, bytes_mixed 20 277f73c3 42024bb9
[    5.575704] RANDOM - __seed init called.
[    5.575705] RANDOM - __seed init called.
[    5.575706] RANDOM - __seed init called.
[    5.575708] RANDOM - __random32 called. Change num 12.  Value: 87f14767	f0d7351	b1e48bd3
[    5.575710] RANDOM - random32_reseed called.  Value: 87f14767	f0d7351	b1e48bd3
[    5.575712] Pid: 1, comm: swapper Not tainted 2.6.32.57 #6
[    5.575793] Call Trace:
[    5.575875]  [<c1923ca4>] ? random32_reseed+0xa0/0xb1
[    5.575960]  [<c1923c04>] ? random32_reseed+0x0/0xb1
[    5.576044]  [<c100111e>] ? do_one_initcall+0x2e/0x180
[    5.576127]  [<c1907265>] ? kernel_init+0xad/0x103
[    5.576212]  [<c19071b8>] ? kernel_init+0x0/0x103
[    5.576292]  [<c1003787>] ? kernel_thread_helper+0x7/0x10
[    5.576823] random 0025 0000 0000 386b4e60 ee4d4880: rand_read_num 7 get_random_bytes(64): sig fffffea5 386b4e60 ee4d4880
[    5.576826] random 0025 0000 0000 386b4e60 ee4d4880: extract_entropy(.. 64 ..)
[    5.576828] random 0025 0000 0000 386b4e60 ee4d4880: going to reseed nonblocking with 512 bits (512 of 0 requested)
[    5.576830] random 0025 0000 0000 386b4e60 ee4d4880: extract_entropy(.. 64 ..)
[    5.576832] random 0025 0000 0000 386b4e60 ee4d4880: trying to extract 512 bits from input
[    5.576835] random 0025 0000 0000 386b4e60 ee4d4880: debiting 0 entropy credits from input
[    5.576837] random 0025 0000 0000 386b4e60 ee4d4880: extract_entropy account returned: 0 
[    5.576840] random 0025 0000 0000 386b4e60 ee4d4880: urand_change_num 27 xfer_secondary_pool(64): pool_sig fffffea5, data_sig 00000000, bytes_mixed 0 386b4e60 ee4d4880
[    5.576843] random 0025 0000 0000 386b4e60 ee4d4880: trying to extract 512 bits from nonblocking
[    5.576845] random 0025 0000 0000 386b4e60 ee4d4880: debiting 512 entropy credits from nonblocking (unlimited)
[    5.576847] random 0025 0000 0000 386b4e60 ee4d4880: extract_entropy account returned: 64 
[    5.576851] random 0025 0000 0000 386b4e60 ee4d4880: urand_change_num 28 extract_buf: pool_sig fffffea5, data_sig 00000173, bytes_mixed 20 386b4e60 ee4d4880
[    5.576857] random 0025 0000 0000 412698f6 0cc8689a: urand_change_num 29 extract_buf: pool_sig 00000122, data_sig ffffff63, bytes_mixed 20 412698f6 0cc8689a
[    5.576862] random 0025 0000 0000 412698f6 0cc8689a: urand_change_num 30 extract_buf: pool_sig 000001f7, data_sig 00000012, bytes_mixed 20 412698f6 0cc8689a
[    5.576868] random 0025 0000 0000 9669941e 06f768b1: urand_change_num 31 extract_buf: pool_sig fffffb5b, data_sig 0000003f, bytes_mixed 20 9669941e 06f768b1
[    5.576873] random 0025 0000 0000 98486520 995551f0: urand_change_num 32 extract_buf: pool_sig fffffb39, data_sig 0000000e, bytes_mixed 20 98486520 995551f0
[    5.576878] random 0025 0000 0000 98486520 995551f0: urand_change_num 33 extract_buf: pool_sig fffffd8d, data_sig 000001a6, bytes_mixed 20 98486520 995551f0
[    5.576883] random 0025 0000 0000 61fc8914 d5882ed2: urand_change_num 34 extract_buf: pool_sig fffffa58, data_sig 0000023e, bytes_mixed 20 61fc8914 d5882ed2
[    5.576914] random 0025 0000 0000 61fc8914 d5882ed2: rand_read_num 8 get_random_bytes(64): sig fffff9ee 61fc8914 d5882ed2
[    5.576916] random 0025 0000 0000 61fc8914 d5882ed2: extract_entropy(.. 64 ..)
[    5.576919] random 0025 0000 0000 61fc8914 d5882ed2: going to reseed nonblocking with 512 bits (512 of 0 requested)
[    5.576921] random 0025 0000 0000 61fc8914 d5882ed2: extract_entropy(.. 64 ..)
[    5.576923] random 0025 0000 0000 61fc8914 d5882ed2: trying to extract 512 bits from input
[    5.576925] random 0025 0000 0000 61fc8914 d5882ed2: debiting 0 entropy credits from input
[    5.576927] random 0025 0000 0000 61fc8914 d5882ed2: extract_entropy account returned: 0 
[    5.576931] random 0025 0000 0000 61fc8914 d5882ed2: urand_change_num 35 xfer_secondary_pool(64): pool_sig fffff9ee, data_sig 00000000, bytes_mixed 0 61fc8914 d5882ed2
[    5.576933] random 0025 0000 0000 61fc8914 d5882ed2: trying to extract 512 bits from nonblocking
[    5.576936] random 0025 0000 0000 61fc8914 d5882ed2: debiting 512 entropy credits from nonblocking (unlimited)
[    5.576938] random 0025 0000 0000 61fc8914 d5882ed2: extract_entropy account returned: 64 
[    5.576942] random 0025 0000 0000 61fc8914 d5882ed2: urand_change_num 36 extract_buf: pool_sig fffff9ee, data_sig ffffff85, bytes_mixed 20 61fc8914 d5882ed2
[    5.576947] random 0025 0000 0000 70cfd302 e5edec11: urand_change_num 37 extract_buf: pool_sig fffffdc1, data_sig ffffffde, bytes_mixed 20 70cfd302 e5edec11
[    5.576953] random 0025 0000 0000 00dab838 eafd2b30: urand_change_num 38 extract_buf: pool_sig 000003da, data_sig ffffff61, bytes_mixed 20 00dab838 eafd2b30
[    5.576958] random 0025 0000 0000 00dab838 eafd2b30: urand_change_num 39 extract_buf: pool_sig 00000314, data_sig 00000121, bytes_mixed 20 00dab838 eafd2b30
[    5.576963] random 0025 0000 0000 5fcdf66a 6442b608: urand_change_num 40 extract_buf: pool_sig 0000028b, data_sig fffffefd, bytes_mixed 20 5fcdf66a 6442b608
[    5.576969] random 0025 0000 0000 61333f6b 8fae0f9b: urand_change_num 41 extract_buf: pool_sig 000000cb, data_sig 000000b3, bytes_mixed 20 61333f6b 8fae0f9b
[    5.576974] random 0025 0000 0000 61333f6b 8fae0f9b: urand_change_num 42 extract_buf: pool_sig fffffef8, data_sig 00000051, bytes_mixed 20 61333f6b 8fae0f9b
[    5.576977] BEGIN NET_SECRET:
[    5.576978] \xffffffe0
[    5.576978] \xffffffb6
[    5.576979] \x36
[    5.576980] \xffffffb5
[    5.576981] \xffffff94
[    5.576982] \xffffffb2
[    5.576983] \xffffffa8
[    5.576983] \xffffffda
[    5.576984] \x5b
[    5.576985] \x19
[    5.576986] \x18
[    5.576986] \x5c
[    5.576987] \x2b
[    5.576988] \x1
[    5.576989] \xffffff90
[    5.576989] \x19
[    5.576990] \x3c
[    5.576991] \xfffffff2
[    5.576992] \xffffff82
[    5.576993] \x2a
[    5.576993] \xffffffb3
[    5.576994] \xffffffa2
[    5.576995] \x3f
[    5.576996] \x5
[    5.576996] \x52
[    5.576997] \x77
[    5.576998] \x57
[    5.576999] \x79
[    5.576999] \x16
[    5.577000] \x43
[    5.577001] \xffffff84
[    5.577002] \xffffffc3
[    5.577002] \xffffffe9
[    5.577003] \x79
[    5.577004] \x50
[    5.577005] \xffffff8e
[    5.577005] \x3f
[    5.577006] \xfffffff3
[    5.577007] \x19
[    5.577008] \x2a
[    5.577008] \xfffffffd
[    5.577009] \xfffffffb
[    5.577010] \x62
[    5.577011] \x3c
[    5.577012] \xffffffac
[    5.577012] \x1c
[    5.577013] \x3b
[    5.577014] \x3b
[    5.577015] \x15
[    5.577015] \x27
[    5.577016] \xffffffa8
[    5.577017] \x22
[    5.577018] \xffffffc5
[    5.577018] \xffffff9a
[    5.577019] \x5
[    5.577020] \x6c
[    5.577021] \xffffffa8
[    5.577021] \x3a
[    5.577022] \x44
[    5.577023] \xffffffaf
[    5.577024] \x13
[    5.577025] \xffffffe0
[    5.577025] \xffffff9d
[    5.577026] \x22
[    5.577027] 
[    5.577027] END NET_SECRET
[    5.577030] random 0025 0000 0000 e7f555d9 e8ce5c3c: rand_read_num 9 get_random_bytes(4): sig 0000068c e7f555d9 e8ce5c3c
[    5.577033] random 0025 0000 0000 e7f555d9 e8ce5c3c: extract_entropy(.. 4 ..)
[    5.577035] random 0025 0000 0000 e7f555d9 e8ce5c3c: going to reseed nonblocking with 64 bits (32 of 0 requested)
[    5.577037] random 0025 0000 0000 e7f555d9 e8ce5c3c: extract_entropy(.. 8 ..)
[    5.577039] random 0025 0000 0000 e7f555d9 e8ce5c3c: trying to extract 64 bits from input
[    5.577041] random 0025 0000 0000 e7f555d9 e8ce5c3c: debiting 0 entropy credits from input
[    5.577044] random 0025 0000 0000 e7f555d9 e8ce5c3c: extract_entropy account returned: 0 
[    5.577047] random 0025 0000 0000 e7f555d9 e8ce5c3c: urand_change_num 43 xfer_secondary_pool(4): pool_sig 0000068c, data_sig 00000000, bytes_mixed 0 e7f555d9 e8ce5c3c
[    5.577050] random 0025 0000 0000 e7f555d9 e8ce5c3c: trying to extract 32 bits from nonblocking
[    5.577052] random 0025 0000 0000 e7f555d9 e8ce5c3c: debiting 32 entropy credits from nonblocking (unlimited)
[    5.577054] random 0025 0000 0000 e7f555d9 e8ce5c3c: extract_entropy account returned: 4 
[    5.577058] random 0025 0000 0000 e7f555d9 e8ce5c3c: urand_change_num 44 extract_buf: pool_sig 0000068c, data_sig fffffdcb, bytes_mixed 20 e7f555d9 e8ce5c3c
[    5.577069] md: Waiting for all devices to be available before autodetect
[    5.577150] md: If you don't use raid, use raid=noautodetect
[    5.577323] md: Autodetecting RAID arrays.
[    5.577408] md: Scanned 0 and added 0 devices.
[    5.577492] md: autorun ...
[    5.577574] md: ... autorun DONE.
[    5.597170] random 0025 0000 0000 e7f555d9 e8ce5c3c: add_disk_randomness(8:0) e7f555d9 e8ce5c3c
[    5.597174] random 0025 0000 0000 e7f555d9 e8ce5c3c: add_timer_randomness(.. 8388864) with jiffies: 7171419533943210403, cycles: 7171419529648537610
[    5.597176] random 0025 0000 0000 e7f555d9 e8ce5c3c: added 4 entropy credits to input
[    5.598296] random 0029 0000 0000 e7f555d9 e8ce5c3c: add_disk_randomness(8:0) e7f555d9 e8ce5c3c
[    5.598302] random 0029 0000 0000 e7f555d9 e8ce5c3c: add_timer_randomness(.. 8388864) with jiffies: 7181555794200723877, cycles: 7181555789906051082
[    5.598305] random 0029 0000 0000 e7f555d9 e8ce5c3c: added 1 entropy credits to input
[    5.598415] random 0030 0000 0000 e7f555d9 e8ce5c3c: add_disk_randomness(8:0) e7f555d9 e8ce5c3c
[    5.598418] random 0030 0000 0000 e7f555d9 e8ce5c3c: add_timer_randomness(.. 8388864) with jiffies: 7182603761925980581, cycles: 7182603757631307786
[    5.598423] EXT3-fs: sda2: couldn't mount because of unsupported optional features (240).
[    5.598655] random 0030 0000 0000 e7f555d9 e8ce5c3c: add_disk_randomness(8:0) e7f555d9 e8ce5c3c
[    5.598658] random 0030 0000 0000 e7f555d9 e8ce5c3c: add_timer_randomness(.. 8388864) with jiffies: 7184760986559807909, cycles: 7184760982265135114
[    5.598662] EXT2-fs: sda2: couldn't mount because of unsupported optional features (240).
[    5.598876] random 0030 0000 0000 e7f555d9 e8ce5c3c: add_disk_randomness(8:0) e7f555d9 e8ce5c3c
[    5.598879] random 0030 0000 0000 e7f555d9 e8ce5c3c: add_timer_randomness(.. 8388864) with jiffies: 7186757751215456677, cycles: 7186757746920783882
[    5.599009] random 0030 0000 0000 e7f555d9 e8ce5c3c: add_disk_randomness(8:0) e7f555d9 e8ce5c3c
[    5.599012] random 0030 0000 0000 e7f555d9 e8ce5c3c: add_timer_randomness(.. 8388864) with jiffies: 7187952284699689381, cycles: 7187952280405016586
[    5.599171] random 0030 0000 0000 e7f555d9 e8ce5c3c: add_disk_randomness(8:0) e7f555d9 e8ce5c3c
[    5.599174] random 0030 0000 0000 e7f555d9 e8ce5c3c: add_timer_randomness(.. 8388864) with jiffies: 7189418934426894757, cycles: 7189418930132221962
[    5.599291] random 0030 0000 0000 e7f555d9 e8ce5c3c: add_disk_randomness(8:0) e7f555d9 e8ce5c3c
[    5.599294] random 0030 0000 0000 e7f555d9 e8ce5c3c: add_timer_randomness(.. 8388864) with jiffies: 7190498379967463845, cycles: 7190498375672791050
[    5.599448] random 0030 0000 0000 e7f555d9 e8ce5c3c: add_disk_randomness(8:0) e7f555d9 e8ce5c3c
[    5.599451] random 0030 0000 0000 e7f555d9 e8ce5c3c: add_timer_randomness(.. 8388864) with jiffies: 7191899097651708326, cycles: 7191899093357035530
[    5.599569] random 0030 0000 0000 e7f555d9 e8ce5c3c: add_disk_randomness(8:0) e7f555d9 e8ce5c3c
[    5.599572] random 0030 0000 0000 e7f555d9 e8ce5c3c: add_timer_randomness(.. 8388864) with jiffies: 7192983052907938214, cycles: 7192983048613265418
[    5.599691] random 0030 0000 0000 e7f555d9 e8ce5c3c: add_disk_randomness(8:0) e7f555d9 e8ce5c3c
[    5.599694] random 0030 0000 0000 e7f555d9 e8ce5c3c: add_timer_randomness(.. 8388864) with jiffies: 7194084415666618790, cycles: 7194084411371945994
[    5.599843] random 0030 0000 0000 e7f555d9 e8ce5c3c: add_disk_randomness(8:0) e7f555d9 e8ce5c3c
[    5.599846] random 0030 0000 0000 e7f555d9 e8ce5c3c: add_timer_randomness(.. 8388864) with jiffies: 7195454647672996262, cycles: 7195454643378323466
[    5.600086] random 0030 0000 0000 e7f555d9 e8ce5c3c: rand_read_num 10 get_random_bytes(4): sig ffffff72 e7f555d9 e8ce5c3c
[    5.600089] random 0030 0000 0000 e7f555d9 e8ce5c3c: extract_entropy(.. 4 ..)
[    5.600091] random 0030 0000 0000 e7f555d9 e8ce5c3c: going to reseed nonblocking with 64 bits (32 of 0 requested)
[    5.600093] random 0030 0000 0000 e7f555d9 e8ce5c3c: extract_entropy(.. 8 ..)
[    5.600096] random 0030 0000 0000 e7f555d9 e8ce5c3c: trying to extract 64 bits from input
[    5.600098] random 0030 0000 0000 e7f555d9 e8ce5c3c: debiting 0 entropy credits from input
[    5.600100] random 0030 0000 0000 e7f555d9 e8ce5c3c: extract_entropy account returned: 0 
[    5.600103] random 0030 0000 0000 e7f555d9 e8ce5c3c: urand_change_num 45 xfer_secondary_pool(4): pool_sig ffffff72, data_sig 00000000, bytes_mixed 0 e7f555d9 e8ce5c3c
[    5.600106] random 0030 0000 0000 e7f555d9 e8ce5c3c: trying to extract 32 bits from nonblocking
[    5.600108] random 0030 0000 0000 e7f555d9 e8ce5c3c: debiting 32 entropy credits from nonblocking (unlimited)
[    5.600110] random 0030 0000 0000 e7f555d9 e8ce5c3c: extract_entropy account returned: 4 
[    5.600114] random 0030 0000 0000 e7f555d9 e8ce5c3c: urand_change_num 46 extract_buf: pool_sig ffffff72, data_sig ffffff72, bytes_mixed 20 e7f555d9 e8ce5c3c
[    5.611627] random 0030 0000 0000 91716c54 eeb6a1e7: add_disk_randomness(8:0) 91716c54 eeb6a1e7
[    5.611630] random 0030 0000 0000 91716c54 eeb6a1e7: add_timer_randomness(.. 8388864) with jiffies: 7301452447673450930, cycles: 7301452443378778122
[    5.611632] random 0030 0000 0000 91716c54 eeb6a1e7: added 3 entropy credits to input
[    5.629904] random 0033 0000 0000 91716c54 eeb6a1e7: add_disk_randomness(8:0) 91716c54 eeb6a1e7
[    5.629907] random 0033 0000 0000 91716c54 eeb6a1e7: add_timer_randomness(.. 8388864) with jiffies: 7465876951249158596, cycles: 7465876946954485770
[    5.629910] random 0033 0000 0000 91716c54 eeb6a1e7: added 2 entropy credits to input
[    5.634576] EXT4-fs (sda2): mounted filesystem with ordered data mode
[    5.634767] VFS: Mounted root (ext4 filesystem) readonly on device 8:2.
[    5.634859] Freeing unused kernel memory: 448k freed
[    5.655055] random 0035 0000 0000 91716c54 eeb6a1e7: add_disk_randomness(8:0) 91716c54 eeb6a1e7
[    5.655058] random 0035 0000 0000 91716c54 eeb6a1e7: add_timer_randomness(.. 8388864) with jiffies: 7692121448851931613, cycles: 7692121444557258762
[    5.655785] random 0035 0000 0000 91716c54 eeb6a1e7: add_disk_randomness(8:0) 91716c54 eeb6a1e7
[    5.655788] random 0035 0000 0000 91716c54 eeb6a1e7: add_timer_randomness(.. 8388864) with jiffies: 7698686830349877726, cycles: 7698686826055204874
[    5.660512] random 0035 0000 0000 91716c54 eeb6a1e7: add_disk_randomness(8:0) 91716c54 eeb6a1e7
[    5.660515] random 0035 0000 0000 91716c54 eeb6a1e7: add_timer_randomness(.. 8388864) with jiffies: 7741205782514598371, cycles: 7741205778219925514
[    5.660518] random 0035 0000 0000 91716c54 eeb6a1e7: added 2 entropy credits to input
[    5.668714] random 0037 0000 0000 91716c54 eeb6a1e7: add_disk_randomness(8:0) 91716c54 eeb6a1e7
[    5.668717] random 0037 0000 0000 91716c54 eeb6a1e7: add_timer_randomness(.. 8388864) with jiffies: 7814991448054137323, cycles: 7814991443759464458
[    5.672131] random 0037 0000 0000 91716c54 eeb6a1e7: add_disk_randomness(8:0) 91716c54 eeb6a1e7
[    5.672134] random 0037 0000 0000 91716c54 eeb6a1e7: add_timer_randomness(.. 8388864) with jiffies: 7845737697292026350, cycles: 7845737692997353482
[    5.672137] random 0037 0000 0000 91716c54 eeb6a1e7: added 1 entropy credits to input
[    5.681032] random 0038 0000 0000 91716c54 eeb6a1e7: add_disk_randomness(8:0) 91716c54 eeb6a1e7
[    5.681035] random 0038 0000 0000 91716c54 eeb6a1e7: add_timer_randomness(.. 8388864) with jiffies: 7925806436129145335, cycles: 7925806431834472458
[    5.681038] random 0038 0000 0000 91716c54 eeb6a1e7: added 2 entropy credits to input
[    5.685988] random 0040 0000 0000 91716c54 eeb6a1e7: add_disk_randomness(8:0) 91716c54 eeb6a1e7
[    5.685991] random 0040 0000 0000 91716c54 eeb6a1e7: add_timer_randomness(.. 8388864) with jiffies: 7970386959711044092, cycles: 7970386955416371210
[    5.685994] random 0040 0000 0000 91716c54 eeb6a1e7: added 2 entropy credits to input
[    5.694067] random 0042 0000 0000 91716c54 eeb6a1e7: add_disk_randomness(8:0) 91716c54 eeb6a1e7
[    5.694070] random 0042 0000 0000 91716c54 eeb6a1e7: add_timer_randomness(.. 8388864) with jiffies: 8043062066966921732, cycles: 8043062062672248842
[    5.694073] random 0042 0000 0000 91716c54 eeb6a1e7: added 1 entropy credits to input
[    5.694096] RANDOM get_random_int call with cycles 44822399234, jiffies 4294672900 and pid 1
[    5.694099] RANDOM get_random_int call with cycles 44822406048, jiffies 4294672900 and pid 1
[    5.694101] ASLR stack rand value: 6578176 after shift for pid: 1
[    5.694102] RANDOM get_random_int call with cycles 44822413829, jiffies 4294672900 and pid 1
[    5.705716] random 0043 0000 0000 91716c54 eeb6a1e7: add_disk_randomness(8:0) 91716c54 eeb6a1e7
[    5.705720] random 0043 0000 0000 91716c54 eeb6a1e7: add_timer_randomness(.. 8388864) with jiffies: 8147849592428003856, cycles: 8147849588133330954
[    5.705730] RANDOM get_random_int call with cycles 44846765429, jiffies 4294672912 and pid 1
[    5.705736] random 0043 0000 0000 91716c54 eeb6a1e7: rand_read_num 11 get_random_bytes(16): sig fffffcad 91716c54 eeb6a1e7
[    5.705738] random 0043 0000 0000 91716c54 eeb6a1e7: extract_entropy(.. 16 ..)
[    5.705741] random 0043 0000 0000 91716c54 eeb6a1e7: going to reseed nonblocking with 128 bits (128 of 0 requested)
[    5.705743] random 0043 0000 0000 91716c54 eeb6a1e7: extract_entropy(.. 16 ..)
[    5.705745] random 0043 0000 0000 91716c54 eeb6a1e7: trying to extract 128 bits from input
[    5.705748] random 0043 0000 0000 91716c54 eeb6a1e7: debiting 0 entropy credits from input
[    5.705750] random 0043 0000 0000 91716c54 eeb6a1e7: extract_entropy account returned: 0 
[    5.705753] random 0043 0000 0000 91716c54 eeb6a1e7: urand_change_num 47 xfer_secondary_pool(16): pool_sig fffffcad, data_sig 00000000, bytes_mixed 0 91716c54 eeb6a1e7
[    5.705756] random 0043 0000 0000 91716c54 eeb6a1e7: trying to extract 128 bits from nonblocking
[    5.705758] random 0043 0000 0000 91716c54 eeb6a1e7: debiting 128 entropy credits from nonblocking (unlimited)
[    5.705760] random 0043 0000 0000 91716c54 eeb6a1e7: extract_entropy account returned: 16 
[    5.705765] random 0043 0000 0000 91716c54 eeb6a1e7: urand_change_num 48 extract_buf: pool_sig fffffcad, data_sig ffffff19, bytes_mixed 20 91716c54 eeb6a1e7
[    5.705770] random 0043 0000 0000 fd637b06 6cf47bc1: urand_change_num 49 extract_buf: pool_sig fffffede, data_sig ffffffc1, bytes_mixed 20 fd637b06 6cf47bc1
[    5.706733] random 0043 0000 0000 fd637b06 6cf47bc1: add_disk_randomness(8:0) fd637b06 6cf47bc1
[    5.706736] random 0043 0000 0000 fd637b06 6cf47bc1: add_timer_randomness(.. 8388864) with jiffies: 8156997280062997009, cycles: 8156997275768324106
[    5.707922] random 0043 0000 0000 fd637b06 6cf47bc1: add_disk_randomness(8:0) fd637b06 6cf47bc1
[    5.707925] random 0043 0000 0000 fd637b06 6cf47bc1: add_timer_randomness(.. 8388864) with jiffies: 8167695364992500242, cycles: 8167695360697827338
[    5.709077] random 0043 0000 0000 fd637b06 6cf47bc1: add_disk_randomness(8:0) fd637b06 6cf47bc1
[    5.709080] random 0043 0000 0000 fd637b06 6cf47bc1: add_timer_randomness(.. 8388864) with jiffies: 8178089357647512083, cycles: 8178089353352839178
[    5.709957] random 0043 0000 0000 fd637b06 6cf47bc1: add_disk_randomness(8:0) fd637b06 6cf47bc1
[    5.709960] random 0043 0000 0000 fd637b06 6cf47bc1: add_timer_randomness(.. 8388864) with jiffies: 8186000932219879956, cycles: 8186000927925207050
[    5.710135] random 0043 0000 0000 fd637b06 6cf47bc1: add_disk_randomness(8:0) fd637b06 6cf47bc1
[    5.710138] random 0043 0000 0000 fd637b06 6cf47bc1: add_timer_randomness(.. 8388864) with jiffies: 8187603775360041492, cycles: 8187603771065368586
[    5.710356] random 0043 0000 0000 fd637b06 6cf47bc1: add_disk_randomness(8:0) fd637b06 6cf47bc1
[    5.710359] random 0043 0000 0000 fd637b06 6cf47bc1: add_timer_randomness(.. 8388864) with jiffies: 8189578352214639125, cycles: 8189578347919966218
[    5.720777] random 0043 0000 0000 fd637b06 6cf47bc1: add_disk_randomness(8:0) fd637b06 6cf47bc1
[    5.720780] random 0043 0000 0000 fd637b06 6cf47bc1: add_timer_randomness(.. 8388864) with jiffies: 8283330470309757471, cycles: 8283330466015084554
[    5.720783] random 0043 0000 0000 fd637b06 6cf47bc1: added 3 entropy credits to input
[    5.721214] random 0046 0000 0000 fd637b06 6cf47bc1: add_disk_randomness(8:0) fd637b06 6cf47bc1
[    5.721217] random 0046 0000 0000 fd637b06 6cf47bc1: add_timer_randomness(.. 8388864) with jiffies: 8287265107029492255, cycles: 8287265102734819338
[    5.730961] random 0046 0000 0000 fd637b06 6cf47bc1: add_disk_randomness(8:0) fd637b06 6cf47bc1
[    5.730964] random 0046 0000 0000 fd637b06 6cf47bc1: add_timer_randomness(.. 8388864) with jiffies: 8374947826450006569, cycles: 8374947822155333642
[    5.730967] random 0046 0000 0000 fd637b06 6cf47bc1: added 3 entropy credits to input
[    5.731019] RANDOM get_random_int call with cycles 44899733886, jiffies 4294672937 and pid 1
[    5.735569] random 0049 0000 0000 fd637b06 6cf47bc1: add_disk_randomness(8:0) fd637b06 6cf47bc1
[    5.735572] random 0049 0000 0000 fd637b06 6cf47bc1: add_timer_randomness(.. 8388864) with jiffies: 8416387603657097774, cycles: 8416387599362424842
[    5.735575] random 0049 0000 0000 fd637b06 6cf47bc1: added 2 entropy credits to input
[    5.748397] random 0051 0000 0000 fd637b06 6cf47bc1: add_disk_randomness(8:0) fd637b06 6cf47bc1
[    5.748401] random 0051 0000 0000 fd637b06 6cf47bc1: add_timer_randomness(.. 8388864) with jiffies: 8531785948902163003, cycles: 8531785944607490058
[    5.748403] random 0051 0000 0000 fd637b06 6cf47bc1: added 3 entropy credits to input
[    5.748539] random 0054 0000 0000 fd637b06 6cf47bc1: add_disk_randomness(8:0) fd637b06 6cf47bc1
[    5.748542] random 0054 0000 0000 fd637b06 6cf47bc1: add_timer_randomness(.. 8388864) with jiffies: 8533060484742218299, cycles: 8533060480447545354
[    5.750702] random 0054 0000 0000 fd637b06 6cf47bc1: add_disk_randomness(8:0) fd637b06 6cf47bc1
[    5.750706] random 0054 0000 0000 fd637b06 6cf47bc1: add_timer_randomness(.. 8388864) with jiffies: 8552525366722003517, cycles: 8552525362427330570
[    5.750708] random 0054 0000 0000 fd637b06 6cf47bc1: added 1 entropy credits to input
[    5.750944] random 0055 0000 0000 fd637b06 6cf47bc1: add_disk_randomness(8:0) fd637b06 6cf47bc1
[    5.750947] random 0055 0000 0000 fd637b06 6cf47bc1: add_timer_randomness(.. 8388864) with jiffies: 8554702790587023933, cycles: 8554702786292350986
[    5.751122] random 0055 0000 0000 fd637b06 6cf47bc1: add_disk_randomness(8:0) fd637b06 6cf47bc1
[    5.751125] random 0055 0000 0000 fd637b06 6cf47bc1: add_timer_randomness(.. 8388864) with jiffies: 8556303829840921149, cycles: 8556303825546248202
[    5.754253] random 0055 0000 0000 fd637b06 6cf47bc1: add_disk_randomness(8:0) fd637b06 6cf47bc1
[    5.754256] random 0055 0000 0000 fd637b06 6cf47bc1: add_timer_randomness(.. 8388864) with jiffies: 8584470792303772224, cycles: 8584470788009099274
[    5.754259] random 0055 0000 0000 fd637b06 6cf47bc1: added 1 entropy credits to input
[    5.756263] random 0056 0000 0000 fd637b06 6cf47bc1: add_disk_randomness(8:0) fd637b06 6cf47bc1
[    5.756266] random 0056 0000 0000 fd637b06 6cf47bc1: add_timer_randomness(.. 8388864) with jiffies: 8602551595302617666, cycles: 8602551591007944714
[    5.764097] random 0056 0000 0000 fd637b06 6cf47bc1: add_disk_randomness(8:0) fd637b06 6cf47bc1
[    5.764100] random 0056 0000 0000 fd637b06 6cf47bc1: add_timer_randomness(.. 8388864) with jiffies: 8673021855327289930, cycles: 8673021851032616970
[    5.764103] random 0056 0000 0000 fd637b06 6cf47bc1: added 2 entropy credits to input
[    5.764233] random 0058 0000 0000 fd637b06 6cf47bc1: add_disk_randomness(8:0) fd637b06 6cf47bc1
[    5.764236] random 0058 0000 0000 fd637b06 6cf47bc1: add_timer_randomness(.. 8388864) with jiffies: 8674252153004196426, cycles: 8674252148709523466
[    5.767793] random 0058 0000 0000 fd637b06 6cf47bc1: add_disk_randomness(8:0) fd637b06 6cf47bc1
[    5.767796] random 0058 0000 0000 fd637b06 6cf47bc1: add_timer_randomness(.. 8388864) with jiffies: 8706269330309612110, cycles: 8706269326014939146
[    5.767799] random 0058 0000 0000 fd637b06 6cf47bc1: added 2 entropy credits to input
[    5.772292] random 0060 0000 0000 fd637b06 6cf47bc1: add_disk_randomness(8:0) fd637b06 6cf47bc1
[    5.772295] random 0060 0000 0000 fd637b06 6cf47bc1: add_timer_randomness(.. 8388864) with jiffies: 8746745922445869650, cycles: 8746745918151196682
[    5.777873] random 0060 0000 0000 fd637b06 6cf47bc1: add_disk_randomness(8:0) fd637b06 6cf47bc1
[    5.777876] random 0060 0000 0000 fd637b06 6cf47bc1: add_timer_randomness(.. 8388864) with jiffies: 8796941445752390232, cycles: 8796941441457717258
[    5.777879] random 0060 0000 0000 fd637b06 6cf47bc1: added 1 entropy credits to input
[    5.784146] random 0061 0000 0000 fd637b06 6cf47bc1: add_disk_randomness(8:0) fd637b06 6cf47bc1
[    5.784149] random 0061 0000 0000 fd637b06 6cf47bc1: add_timer_randomness(.. 8388864) with jiffies: 8853375576560075358, cycles: 8853375572265402378
[    5.784162] random 0061 0000 0000 fd637b06 6cf47bc1: rand_read_num 12 get_random_bytes(16): sig 0000033b fd637b06 6cf47bc1
[    5.784164] random 0061 0000 0000 fd637b06 6cf47bc1: extract_entropy(.. 16 ..)
[    5.784167] random 0061 0000 0000 fd637b06 6cf47bc1: going to reseed nonblocking with 128 bits (128 of 0 requested)
[    5.784169] random 0061 0000 0000 fd637b06 6cf47bc1: extract_entropy(.. 16 ..)
[    5.784171] random 0061 0000 0000 fd637b06 6cf47bc1: trying to extract 128 bits from input
[    5.784174] random 0061 0000 0000 fd637b06 6cf47bc1: debiting 0 entropy credits from input
[    5.784175] random 0061 0000 0000 fd637b06 6cf47bc1: extract_entropy account returned: 0 
[    5.784179] random 0061 0000 0000 fd637b06 6cf47bc1: urand_change_num 50 xfer_secondary_pool(16): pool_sig 0000033b, data_sig 00000000, bytes_mixed 0 fd637b06 6cf47bc1
[    5.784182] random 0061 0000 0000 fd637b06 6cf47bc1: trying to extract 128 bits from nonblocking
[    5.784184] random 0061 0000 0000 fd637b06 6cf47bc1: debiting 128 entropy credits from nonblocking (unlimited)
[    5.784186] random 0061 0000 0000 fd637b06 6cf47bc1: extract_entropy account returned: 16 
[    5.784190] random 0061 0000 0000 fd637b06 6cf47bc1: urand_change_num 51 extract_buf: pool_sig 0000033b, data_sig 000000d8, bytes_mixed 20 fd637b06 6cf47bc1
[    5.784196] random 0061 0000 0000 0ec1f012 d4727ca8: urand_change_num 52 extract_buf: pool_sig fffffcf5, data_sig 00000016, bytes_mixed 20 0ec1f012 d4727ca8
[    5.790898] random 0061 0000 0000 45b1d0b1 845a73f7: add_disk_randomness(8:0) 45b1d0b1 845a73f7
[    5.790901] random 0061 0000 0000 45b1d0b1 845a73f7: add_timer_randomness(.. 8388864) with jiffies: 8914114230965994085, cycles: 8914114226671321098
[    5.798119] random 0061 0000 0000 45b1d0b1 845a73f7: add_disk_randomness(8:0) 45b1d0b1 845a73f7
[    5.798122] random 0061 0000 0000 45b1d0b1 845a73f7: add_timer_randomness(.. 8388864) with jiffies: 8979075692922372716, cycles: 8979075688627699722
[    5.807771] random 0061 0000 0000 45b1d0b1 845a73f7: add_disk_randomness(8:0) 45b1d0b1 845a73f7
[    5.807774] random 0061 0000 0000 45b1d0b1 845a73f7: add_timer_randomness(.. 8388864) with jiffies: 9065895613542662774, cycles: 9065895609247989770
[    5.807777] random 0061 0000 0000 45b1d0b1 845a73f7: added 1 entropy credits to input
[    5.815546] random 0062 0000 0000 45b1d0b1 845a73f7: add_disk_randomness(8:0) 45b1d0b1 845a73f7
[    5.815549] random 0062 0000 0000 45b1d0b1 845a73f7: add_timer_randomness(.. 8388864) with jiffies: 9135826511574303358, cycles: 9135826507279630346
[    5.815551] random 0062 0000 0000 45b1d0b1 845a73f7: added 1 entropy credits to input
[    5.818693] random 0063 0000 0000 45b1d0b1 845a73f7: add_disk_randomness(8:0) 45b1d0b1 845a73f7
[    5.818696] random 0063 0000 0000 45b1d0b1 845a73f7: add_timer_randomness(.. 8388864) with jiffies: 9164143557374345857, cycles: 9164143553079672842
[    5.818699] random 0063 0000 0000 45b1d0b1 845a73f7: added 1 entropy credits to input
[    5.832957] random 0064 0000 0000 45b1d0b1 845a73f7: add_disk_randomness(8:0) 45b1d0b1 845a73f7
[    5.832960] random 0064 0000 0000 45b1d0b1 845a73f7: add_timer_randomness(.. 8388864) with jiffies: 9292457053962076815, cycles: -9154287024042147830
[    5.832963] random 0064 0000 0000 45b1d0b1 845a73f7: added 3 entropy credits to input
[    5.838361] random 0067 0000 0000 45b1d0b1 845a73f7: add_disk_randomness(8:0) 45b1d0b1 845a73f7
[    5.838364] random 0067 0000 0000 45b1d0b1 845a73f7: add_timer_randomness(.. 8388864) with jiffies: 9341065565377888917, cycles: -9105678512626335734
[    5.838367] random 0067 0000 0000 45b1d0b1 845a73f7: added 2 entropy credits to input
[    5.843531] random 0069 0000 0000 45b1d0b1 845a73f7: add_disk_randomness(8:0) 45b1d0b1 845a73f7
[    5.843534] random 0069 0000 0000 45b1d0b1 845a73f7: add_timer_randomness(.. 8388864) with jiffies: 9387568172724093594, cycles: -9059175905280131062
[    5.851761] random 0069 0000 0000 45b1d0b1 845a73f7: add_disk_randomness(8:0) 45b1d0b1 845a73f7
[    5.851764] random 0069 0000 0000 45b1d0b1 845a73f7: add_timer_randomness(.. 8388864) with jiffies: 9461609994408133282, cycles: -8985134083596091382
[    5.851767] random 0069 0000 0000 45b1d0b1 845a73f7: added 1 entropy credits to input
[    5.861364] random 0070 0000 0000 45b1d0b1 845a73f7: add_disk_randomness(8:0) 45b1d0b1 845a73f7
[    5.861367] random 0070 0000 0000 45b1d0b1 845a73f7: add_timer_randomness(.. 8388864) with jiffies: 9547991385982599852, cycles: -8898752692021624822
[    5.880867] random 0070 0000 0000 45b1d0b1 845a73f7: add_disk_randomness(8:0) 45b1d0b1 845a73f7
[    5.880870] random 0070 0000 0000 45b1d0b1 845a73f7: add_timer_randomness(.. 8388864) with jiffies: 9723437003273110207, cycles: -8723307074731114486
[    5.880873] random 0070 0000 0000 45b1d0b1 845a73f7: added 2 entropy credits to input
[    5.894154] random 0072 0000 0000 45b1d0b1 845a73f7: add_disk_randomness(8:0) 45b1d0b1 845a73f7
[    5.894157] random 0072 0000 0000 45b1d0b1 845a73f7: add_timer_randomness(.. 8388864) with jiffies: 9842968820748878540, cycles: -8603775257255346166
[    5.894160] random 0072 0000 0000 45b1d0b1 845a73f7: added 2 entropy credits to input
[    5.902173] random 0074 0000 0000 45b1d0b1 845a73f7: add_disk_randomness(8:0) 45b1d0b1 845a73f7
[    5.902176] random 0074 0000 0000 45b1d0b1 845a73f7: add_timer_randomness(.. 8388864) with jiffies: 9915103303291339476, cycles: -8531640774712885238
[    5.912187] random 0074 0000 0000 45b1d0b1 845a73f7: add_disk_randomness(8:0) 45b1d0b1 845a73f7
[    5.912190] random 0074 0000 0000 45b1d0b1 845a73f7: add_timer_randomness(.. 8388864) with jiffies: 10005180905066037982, cycles: -8441563172938186742
[    5.912192] random 0074 0000 0000 45b1d0b1 845a73f7: added 1 entropy credits to input
[    5.925079] random 0075 0000 0000 45b1d0b1 845a73f7: add_disk_randomness(8:0) 45b1d0b1 845a73f7
[    5.925082] random 0075 0000 0000 45b1d0b1 845a73f7: add_timer_randomness(.. 8388864) with jiffies: 10121152795948843755, cycles: -8325591282055380982
[    5.932437] random 0075 0000 0000 45b1d0b1 845a73f7: add_disk_randomness(8:0) 45b1d0b1 845a73f7
[    5.932440] random 0075 0000 0000 45b1d0b1 845a73f7: add_timer_randomness(.. 8388864) with jiffies: 10187335626345120499, cycles: -8259408451659104246
[    5.932443] random 0075 0000 0000 45b1d0b1 845a73f7: added 2 entropy credits to input
[    5.937685] random 0077 0000 0000 45b1d0b1 845a73f7: add_disk_randomness(8:0) 45b1d0b1 845a73f7
[    5.937688] random 0077 0000 0000 45b1d0b1 845a73f7: add_timer_randomness(.. 8388864) with jiffies: 10234549823872926456, cycles: -8212194254131298294
[    5.937691] random 0077 0000 0000 45b1d0b1 845a73f7: added 1 entropy credits to input
[    5.944126] random 0078 0000 0000 45b1d0b1 845a73f7: add_disk_randomness(8:0) 45b1d0b1 845a73f7
[    5.944129] random 0078 0000 0000 45b1d0b1 845a73f7: add_timer_randomness(.. 8388864) with jiffies: 10292490242660991742, cycles: -8154253835343233014
[    5.949176] random 0078 0000 0000 45b1d0b1 845a73f7: add_disk_randomness(8:0) 45b1d0b1 845a73f7
[    5.949179] random 0078 0000 0000 45b1d0b1 845a73f7: add_timer_randomness(.. 8388864) with jiffies: 10337924502662120195, cycles: -8108819575342104566
[    5.955084] random 0078 0000 0000 45b1d0b1 845a73f7: add_disk_randomness(8:0) 45b1d0b1 845a73f7
[    5.955087] random 0078 0000 0000 45b1d0b1 845a73f7: add_timer_randomness(.. 8388864) with jiffies: 10391066583987094281, cycles: -8055677494017130486
[    5.964435] random 0078 0000 0000 45b1d0b1 845a73f7: add_disk_randomness(8:0) 45b1d0b1 845a73f7
[    5.964438] random 0078 0000 0000 45b1d0b1 845a73f7: add_timer_randomness(.. 8388864) with jiffies: 10475176887049749267, cycles: -7971567190954475510
[    5.964441] random 0078 0000 0000 45b1d0b1 845a73f7: added 1 entropy credits to input
[    5.969321] random 0079 0000 0000 45b1d0b1 845a73f7: add_disk_randomness(8:0) 45b1d0b1 845a73f7
[    5.969324] random 0079 0000 0000 45b1d0b1 845a73f7: add_timer_randomness(.. 8388864) with jiffies: 10519142328365187863, cycles: -7927601749639036918
[    5.969327] random 0079 0000 0000 45b1d0b1 845a73f7: added 2 entropy credits to input
[    5.976752] random 0081 0000 0000 45b1d0b1 845a73f7: add_disk_randomness(8:0) 45b1d0b1 845a73f7
[    5.976755] random 0081 0000 0000 45b1d0b1 845a73f7: add_timer_randomness(.. 8388864) with jiffies: 10585976632285823775, cycles: -7860767445718401014
[    5.976757] random 0081 0000 0000 45b1d0b1 845a73f7: added 2 entropy credits to input
[    5.982967] random 0083 0000 0000 45b1d0b1 845a73f7: add_disk_randomness(8:0) 45b1d0b1 845a73f7
[    5.982969] random 0083 0000 0000 45b1d0b1 845a73f7: add_timer_randomness(.. 8388864) with jiffies: 10641885965334577957, cycles: -7804858112669646838
[    5.982972] random 0083 0000 0000 45b1d0b1 845a73f7: added 1 entropy credits to input
[    5.983122] random 0084 0000 0000 45b1d0b1 845a73f7: add_disk_randomness(8:0) 45b1d0b1 845a73f7
[    5.983125] random 0084 0000 0000 45b1d0b1 845a73f7: add_timer_randomness(.. 8388864) with jiffies: 10643283255634920229, cycles: -7803460822369304566
[    5.997531] random 0084 0000 0000 45b1d0b1 845a73f7: add_disk_randomness(8:0) 45b1d0b1 845a73f7
[    5.997534] random 0084 0000 0000 45b1d0b1 845a73f7: add_timer_randomness(.. 8388864) with jiffies: 10772894425051530036, cycles: -7673849652952694774
[    5.997537] random 0084 0000 0000 45b1d0b1 845a73f7: added 3 entropy credits to input
[    6.004953] random 0087 0000 0000 45b1d0b1 845a73f7: add_disk_randomness(8:0) 45b1d0b1 845a73f7
[    6.004956] random 0087 0000 0000 45b1d0b1 845a73f7: add_timer_randomness(.. 8388864) with jiffies: 10839664192793576251, cycles: -7607079885210648566
[    6.004958] random 0087 0000 0000 45b1d0b1 845a73f7: added 2 entropy credits to input
[    6.014636] random 0089 0000 0000 45b1d0b1 845a73f7: add_disk_randomness(8:0) 45b1d0b1 845a73f7
[    6.014639] random 0089 0000 0000 45b1d0b1 845a73f7: add_timer_randomness(.. 8388864) with jiffies: 10926767907672916805, cycles: -7519976170331308022
[    6.014642] random 0089 0000 0000 45b1d0b1 845a73f7: added 1 entropy credits to input
[    6.025264] random 0090 0000 0000 45b1d0b1 845a73f7: add_disk_randomness(8:0) 45b1d0b1 845a73f7
[    6.025267] random 0090 0000 0000 45b1d0b1 845a73f7: add_timer_randomness(.. 8388864) with jiffies: 11022378750174790479, cycles: -7424365327829434358
[    6.037787] random 0090 0000 0000 45b1d0b1 845a73f7: add_disk_randomness(8:0) 45b1d0b1 845a73f7
[    6.037790] random 0090 0000 0000 45b1d0b1 845a73f7: add_timer_randomness(.. 8388864) with jiffies: 11135028333530284892, cycles: -7311715744473939958
[    6.037793] random 0090 0000 0000 45b1d0b1 845a73f7: added 1 entropy credits to input
[    6.038996] random 0091 0000 0000 45b1d0b1 845a73f7: add_disk_randomness(8:0) 45b1d0b1 845a73f7
[    6.038999] random 0091 0000 0000 45b1d0b1 845a73f7: add_timer_randomness(.. 8388864) with jiffies: 11145909375476663133, cycles: -7300834702527561718
[    6.043011] random 0091 0000 0000 45b1d0b1 845a73f7: add_disk_randomness(8:0) 45b1d0b1 845a73f7
[    6.043014] random 0091 0000 0000 45b1d0b1 845a73f7: add_timer_randomness(.. 8388864) with jiffies: 11182025703929119585, cycles: -7264718374075105270
[    6.043017] random 0091 0000 0000 45b1d0b1 845a73f7: added 1 entropy credits to input
[    6.052358] random 0092 0000 0000 45b1d0b1 845a73f7: add_disk_randomness(8:0) 45b1d0b1 845a73f7
[    6.052361] random 0092 0000 0000 45b1d0b1 845a73f7: add_timer_randomness(.. 8388864) with jiffies: 11266096682271212395, cycles: -7180647395733012470
[    6.052364] random 0092 0000 0000 45b1d0b1 845a73f7: added 1 entropy credits to input
[    6.052745] random 0093 0000 0000 45b1d0b1 845a73f7: add_disk_randomness(8:0) 45b1d0b1 845a73f7
[    6.052748] random 0093 0000 0000 45b1d0b1 845a73f7: add_timer_randomness(.. 8388864) with jiffies: 11269581429756625771, cycles: -7177162648247599094
[    6.068367] random 0093 0000 0000 45b1d0b1 845a73f7: add_disk_randomness(8:0) 45b1d0b1 845a73f7
[    6.068370] random 0093 0000 0000 45b1d0b1 845a73f7: add_timer_randomness(.. 8388864) with jiffies: 11410106424604984187, cycles: -7036637653399240694
[    6.068373] random 0093 0000 0000 45b1d0b1 845a73f7: added 4 entropy credits to input
[    6.069997] random 0097 0000 0000 45b1d0b1 845a73f7: add_disk_randomness(8:0) 45b1d0b1 845a73f7
[    6.070000] random 0097 0000 0000 45b1d0b1 845a73f7: add_timer_randomness(.. 8388864) with jiffies: 11424777161009759100, cycles: -7021966916994465782
[    6.070154] random 0097 0000 0000 45b1d0b1 845a73f7: add_disk_randomness(8:0) 45b1d0b1 845a73f7
[    6.070157] random 0097 0000 0000 45b1d0b1 845a73f7: add_timer_randomness(.. 8388864) with jiffies: 11426194337008681852, cycles: -7020549740995543030
[    6.081018] random 0097 0000 0000 45b1d0b1 845a73f7: add_disk_randomness(8:0) 45b1d0b1 845a73f7
[    6.081021] random 0097 0000 0000 45b1d0b1 845a73f7: add_timer_randomness(.. 8388864) with jiffies: 11523919244018025351, cycles: -6922824833986199542
[    6.081024] random 0097 0000 0000 45b1d0b1 845a73f7: added 3 entropy credits to input
[    6.081587] random 0100 0000 0000 45b1d0b1 845a73f7: add_disk_randomness(8:0) 45b1d0b1 845a73f7
[    6.081591] random 0100 0000 0000 45b1d0b1 845a73f7: add_timer_randomness(.. 8388864) with jiffies: 11529035112708277128, cycles: -6917708965295947766
[    6.086816] random 0100 0000 0000 45b1d0b1 845a73f7: add_disk_randomness(8:0) 45b1d0b1 845a73f7
[    6.086819] random 0100 0000 0000 45b1d0b1 845a73f7: add_timer_randomness(.. 8388864) with jiffies: 11576072078410613645, cycles: -6870671999593611254
[    6.086822] random 0100 0000 0000 45b1d0b1 845a73f7: added 2 entropy credits to input
[    6.088614] random 0102 0000 0000 45b1d0b1 845a73f7: add_disk_randomness(8:0) 45b1d0b1 845a73f7
[    6.088617] random 0102 0000 0000 45b1d0b1 845a73f7: add_timer_randomness(.. 8388864) with jiffies: 11592245765606179727, cycles: -6854498312398045174
[    6.088620] random 0102 0000 0000 45b1d0b1 845a73f7: added 1 entropy credits to input
[    6.098802] random 0103 0000 0000 45b1d0b1 845a73f7: add_disk_randomness(8:0) 45b1d0b1 845a73f7
[    6.098805] random 0103 0000 0000 45b1d0b1 845a73f7: add_timer_randomness(.. 8388864) with jiffies: 11683890493573006233, cycles: -6762853584431218678
[    6.098807] random 0103 0000 0000 45b1d0b1 845a73f7: added 3 entropy credits to input
[    6.112744] random 0106 0000 0000 45b1d0b1 845a73f7: add_disk_randomness(8:0) 45b1d0b1 845a73f7
[    6.112748] random 0106 0000 0000 45b1d0b1 845a73f7: add_timer_randomness(.. 8388864) with jiffies: 11809312858695238567, cycles: -6637431219308986358
[    6.112750] random 0106 0000 0000 45b1d0b1 845a73f7: added 2 entropy credits to input
[    6.125260] random 0108 0000 0000 45b1d0b1 845a73f7: add_disk_randomness(8:0) 45b1d0b1 845a73f7
