[    0.000000] random 0000 0000 0000 00000000 00000000: rand_read_num 1 get_random_bytes(8): sig 00000000 00000000 00000000
[    0.000000] random 0000 0000 0000 00000000 00000000: extract_entropy(.. 8 ..)
[    0.000000] random 0000 0000 0000 00000000 00000000: going to reseed nonblocking with 64 bits (64 of 0 requested)
[    0.000000] random 0000 0000 0000 00000000 00000000: extract_entropy(.. 8 ..)
[    0.000000] random 0000 0000 0000 00000000 00000000: trying to extract 64 bits from input
[    0.000000] random 0000 0000 0000 00000000 00000000: debiting 0 entropy credits from input
[    0.000000] random 0000 0000 0000 00000000 00000000: extract_entropy account returned: 0 
[    0.000000] random 0000 0000 0000 00000000 00000000: urand_change_num 1 xfer_secondary_pool(8): pool_sig 00000000, data_sig 00000000, bytes_mixed 0 00000000 00000000
[    0.000000] random 0000 0000 0000 00000000 00000000: trying to extract 64 bits from nonblocking
[    0.000000] random 0000 0000 0000 00000000 00000000: debiting 64 entropy credits from nonblocking (unlimited)
[    0.000000] random 0000 0000 0000 00000000 00000000: extract_entropy account returned: 8 
[    0.000000] random 0000 0000 0000 00000000 00000000: urand_change_num 2 extract_buf: pool_sig 00000000, data_sig fffffff9, bytes_mixed 20 00000000 00000000
[    0.000000] Linux version 2.6.32.57 (dcashman@dcashman-02) (gcc version 4.3.3 (GCC) ) #6 Thu May 30 09:02:12 PDT 2013
[    0.000000] KERNEL supported cpus:
[    0.000000]   Intel GenuineIntel
[    0.000000]   AMD AuthenticAMD
[    0.000000]   NSC Geode by NSC
[    0.000000]   Cyrix CyrixInstead
[    0.000000]   Centaur CentaurHauls
[    0.000000]   Transmeta GenuineTMx86
[    0.000000]   Transmeta TransmetaCPU
[    0.000000]   UMC UMC UMC UMC
[    0.000000] BIOS-provided physical RAM map:
[    0.000000]  BIOS-e820: 0000000000000000 - 000000000009d800 (usable)
[    0.000000]  BIOS-e820: 000000000009d800 - 00000000000a0000 (reserved)
[    0.000000]  BIOS-e820: 00000000000d2000 - 00000000000d4000 (reserved)
[    0.000000]  BIOS-e820: 00000000000e0000 - 0000000000100000 (reserved)
[    0.000000]  BIOS-e820: 0000000000100000 - 000000003d6b0000 (usable)
[    0.000000]  BIOS-e820: 000000003d6b0000 - 000000003d6cc000 (ACPI data)
[    0.000000]  BIOS-e820: 000000003d6cc000 - 000000003d700000 (ACPI NVS)
[    0.000000]  BIOS-e820: 000000003d700000 - 000000003e000000 (reserved)
[    0.000000]  BIOS-e820: 00000000f0000000 - 00000000f4000000 (reserved)
[    0.000000]  BIOS-e820: 00000000fec00000 - 00000000fec10000 (reserved)
[    0.000000]  BIOS-e820: 00000000fed00000 - 00000000fed00400 (reserved)
[    0.000000]  BIOS-e820: 00000000fed14000 - 00000000fed1a000 (reserved)
[    0.000000]  BIOS-e820: 00000000fed1c000 - 00000000fed90000 (reserved)
[    0.000000]  BIOS-e820: 00000000fee00000 - 00000000fee01000 (reserved)
[    0.000000]  BIOS-e820: 00000000ff000000 - 0000000100000000 (reserved)
[    0.000000] DMI present.
[    0.000000] last_pfn = 0x3d6b0 max_arch_pfn = 0x100000
[    0.000000] MTRR default type: uncachable
[    0.000000] MTRR fixed ranges enabled:
[    0.000000]   00000-9FFFF write-back
[    0.000000]   A0000-BFFFF uncachable
[    0.000000]   C0000-CFFFF write-protect
[    0.000000]   D0000-DFFFF uncachable
[    0.000000]   E0000-FFFFF write-protect
[    0.000000] MTRR variable ranges enabled:
[    0.000000]   0 base 03E000000 mask FFE000000 uncachable
[    0.000000]   1 base 000000000 mask FC0000000 write-back
[    0.000000]   2 base 03D700000 mask FFFF00000 uncachable
[    0.000000]   3 base 03D800000 mask FFF800000 uncachable
[    0.000000]   4 disabled
[    0.000000]   5 disabled
[    0.000000]   6 disabled
[    0.000000]   7 disabled
[    0.000000] initial memory mapped : 0 - 02000000
[    0.000000] init_memory_mapping: 0000000000000000-00000000377fe000
[    0.000000]  0000000000 - 0000400000 page 4k
[    0.000000]  0000400000 - 0037400000 page 2M
[    0.000000]  0037400000 - 00377fe000 page 4k
[    0.000000] kernel direct mapping tables up to 377fe000 @ 7000-c000
[    0.000000] ACPI: RSDP 000f68d0 00024 (v02 LENOVO)
[    0.000000] ACPI: XSDT 3d6bb77f 00094 (v01 LENOVO TP-7L    00002170  LTP 00000000)
[    0.000000] ACPI: FACP 3d6bb900 000F4 (v03 LENOVO TP-7L    00002170 LNVO 00000001)
[    0.000000] ACPI Warning: 32/64X length mismatch in Gpe1Block: 0/32 (20090903/tbfadt-526)
[    0.000000] ACPI Warning: Optional field Gpe1Block has zero address or length: 000000000000102C/0 (20090903/tbfadt-557)
[    0.000000] ACPI: DSDT 3d6bbd1d 0FED1 (v01 LENOVO TP-7L    00002170 MSFT 03000000)
[    0.000000] ACPI: FACS 3d6e4000 00040
[    0.000000] ACPI: SSDT 3d6bbab4 00269 (v01 LENOVO TP-7L    00002170 MSFT 03000000)
[    0.000000] ACPI: ECDT 3d6cbbee 00052 (v01 LENOVO TP-7L    00002170 LNVO 00000001)
[    0.000000] ACPI: TCPA 3d6cbc40 00032 (v02 LENOVO TP-7L    00002170 LNVO 00000001)
[    0.000000] ACPI: APIC 3d6cbc72 00068 (v01 LENOVO TP-7L    00002170 LNVO 00000001)
[    0.000000] ACPI: MCFG 3d6cbcda 0003C (v01 LENOVO TP-7L    00002170 LNVO 00000001)
[    0.000000] ACPI: HPET 3d6cbd16 00038 (v01 LENOVO TP-7L    00002170 LNVO 00000001)
[    0.000000] ACPI: SLIC 3d6cbdf0 00176 (v01 LENOVO TP-7L    00002170  LTP 00000000)
[    0.000000] ACPI: BOOT 3d6cbf66 00028 (v01 LENOVO TP-7L    00002170  LTP 00000001)
[    0.000000] ACPI: ASF! 3d6cbf8e 00072 (v16 LENOVO TP-7L    00002170 PTL  00000001)
[    0.000000] ACPI: SSDT 3d6e26d9 0025F (v01 LENOVO TP-7L    00002170 INTL 20050513)
[    0.000000] ACPI: SSDT 3d6e2938 000A6 (v01 LENOVO TP-7L    00002170 INTL 20050513)
[    0.000000] ACPI: SSDT 3d6e29de 004F7 (v01 LENOVO TP-7L    00002170 INTL 20050513)
[    0.000000] ACPI: SSDT 3d6e2ed5 001D8 (v01 LENOVO TP-7L    00002170 INTL 20050513)
[    0.000000] ACPI: DMI detected: Lenovo ThinkPad R61
[    0.000000] ACPI: Added _OSI(Linux)
[    0.000000] ACPI: Local APIC address 0xfee00000
[    0.000000] 94MB HIGHMEM available.
[    0.000000] 887MB LOWMEM available.
[    0.000000]   mapped low ram: 0 - 377fe000
[    0.000000]   low ram: 0 - 377fe000
[    0.000000]   node 0 low ram: 00000000 - 377fe000
[    0.000000]   node 0 bootmap 00008000 - 0000ef00
[    0.000000] (6 early reservations) ==> bootmem [0000000000 - 00377fe000]
[    0.000000]   #0 [0000000000 - 0000001000]   BIOS data page ==> [0000000000 - 0000001000]
[    0.000000]   #1 [0001000000 - 0001bdc180]    TEXT DATA BSS ==> [0001000000 - 0001bdc180]
[    0.000000]   #2 [000009d800 - 0000100000]    BIOS reserved ==> [000009d800 - 0000100000]
[    0.000000]   #3 [0001bdd000 - 0001be516c]              BRK ==> [0001bdd000 - 0001be516c]
[    0.000000]   #4 [0000007000 - 0000008000]          PGTABLE ==> [0000007000 - 0000008000]
[    0.000000]   #5 [0000008000 - 000000f000]          BOOTMAP ==> [0000008000 - 000000f000]
[    0.000000] found SMP MP-table at [c00f6900] f6900
[    0.000000] Zone PFN ranges:
[    0.000000]   DMA      0x00000000 -> 0x00001000
[    0.000000]   Normal   0x00001000 -> 0x000377fe
[    0.000000]   HighMem  0x000377fe -> 0x0003d6b0
[    0.000000] Movable zone start PFN for each node
[    0.000000] early_node_map[2] active PFN ranges
[    0.000000]     0: 0x00000000 -> 0x0000009d
[    0.000000]     0: 0x00000100 -> 0x0003d6b0
[    0.000000] On node 0 totalpages: 251469
[    0.000000] free_area_init_node: node 0, pgdat c1901ea0, node_mem_map c1be7000
[    0.000000]   DMA zone: 32 pages used for memmap
[    0.000000]   DMA zone: 0 pages reserved
[    0.000000]   DMA zone: 3965 pages, LIFO batch:0
[    0.000000]   Normal zone: 1744 pages used for memmap
[    0.000000]   Normal zone: 221486 pages, LIFO batch:31
[    0.000000]   HighMem zone: 190 pages used for memmap
[    0.000000]   HighMem zone: 24052 pages, LIFO batch:3
[    0.000000] Using APIC driver default
[    0.000000] ACPI: PM-Timer IO Port: 0x1008
[    0.000000] ACPI: Local APIC address 0xfee00000
[    0.000000] ACPI: LAPIC (acpi_id[0x00] lapic_id[0x00] enabled)
[    0.000000] ACPI: LAPIC (acpi_id[0x01] lapic_id[0x01] enabled)
[    0.000000] ACPI: NR_CPUS/possible_cpus limit of 1 reached.  Processor 1/0x1 ignored.
[    0.000000] ACPI: LAPIC_NMI (acpi_id[0x00] high edge lint[0x1])
[    0.000000] ACPI: LAPIC_NMI (acpi_id[0x01] high edge lint[0x1])
[    0.000000] ACPI: IOAPIC (id[0x01] address[0xfec00000] gsi_base[0])
[    0.000000] IOAPIC[0]: apic_id 1, version 32, address 0xfec00000, GSI 0-23
[    0.000000] ACPI: INT_SRC_OVR (bus 0 bus_irq 0 global_irq 2 dfl dfl)
[    0.000000] ACPI: INT_SRC_OVR (bus 0 bus_irq 9 global_irq 9 high level)
[    0.000000] ACPI: IRQ0 used by override.
[    0.000000] ACPI: IRQ2 used by override.
[    0.000000] ACPI: IRQ9 used by override.
[    0.000000] Using ACPI (MADT) for SMP configuration information
[    0.000000] ACPI: HPET id: 0x8086a201 base: 0xfed00000
[    0.000000] nr_irqs_gsi: 24
[    0.000000] PM: Registered nosave memory: 000000000009d000 - 000000000009e000
[    0.000000] PM: Registered nosave memory: 000000000009e000 - 00000000000a0000
[    0.000000] PM: Registered nosave memory: 00000000000a0000 - 00000000000d2000
[    0.000000] PM: Registered nosave memory: 00000000000d2000 - 00000000000d4000
[    0.000000] PM: Registered nosave memory: 00000000000d4000 - 00000000000e0000
[    0.000000] PM: Registered nosave memory: 00000000000e0000 - 0000000000100000
[    0.000000] Allocating PCI resources starting at 3e000000 (gap: 3e000000:b2000000)
[    0.000000] Built 1 zonelists in Zone order, mobility grouping on.  Total pages: 249503
[    0.000000] Kernel command line: auto BOOT_IMAGE=Linux ro root=802 vt.default_utf8=0 maxcpus=0
[    0.000000] PID hash table entries: 4096 (order: 2, 16384 bytes)
[    0.000000] Dentry cache hash table entries: 131072 (order: 7, 524288 bytes)
[    0.000000] Inode-cache hash table entries: 65536 (order: 6, 262144 bytes)
[    0.000000] Enabling fast FPU save and restore... done.
[    0.000000] Enabling unmasked SIMD FPU exception support... done.
[    0.000000] Initializing CPU#0
[    0.000000] Initializing HighMem for node 0 (000377fe:0003d6b0)
[    0.000000] Memory: 984800k/1006272k available (6915k kernel code, 20876k reserved, 2327k data, 448k init, 96968k highmem)
[    0.000000] virtual kernel memory layout:
[    0.000000]     fixmap  : 0xfffa3000 - 0xfffff000   ( 368 kB)
[    0.000000]     pkmap   : 0xff800000 - 0xffc00000   (4096 kB)
[    0.000000]     vmalloc : 0xf7ffe000 - 0xff7fe000   ( 120 MB)
[    0.000000]     lowmem  : 0xc0000000 - 0xf77fe000   ( 887 MB)
[    0.000000]       .init : 0xc1907000 - 0xc1977000   ( 448 kB)
[    0.000000]       .data : 0xc16c0d3f - 0xc1906c64   (2327 kB)
[    0.000000]       .text : 0xc1000000 - 0xc16c0d3f   (6915 kB)
[    0.000000] Checking if this processor honours the WP bit even in supervisor mode...Ok.
[    0.000000] SLUB: Genslabs=13, HWalign=64, Order=0-3, MinObjects=0, CPUs=1, Nodes=1
[    0.000000] Hierarchical RCU implementation.
[    0.000000] NR_IRQS:288
[    0.000000] Extended CMOS year: 2000
[    0.000000] Console: colour VGA+ 80x25
[    0.000000] console [tty0] enabled
[    0.000000] hpet clockevent registered
[    0.000000] Fast TSC calibration using PIT
[    0.000000] Detected 2094.769 MHz processor.
[    0.001002] Calibrating delay loop (skipped), value calculated using timer frequency.. 4189.53 BogoMIPS (lpj=2094769)
[    0.001175] Security Framework initialized
[    0.001259] Mount-cache hash table entries: 512
[    0.001411] CPU: L1 I cache: 32K, L1 D cache: 32K
[    0.001540] CPU: L2 cache: 3072K
[    0.001623] mce: CPU supports 6 MCE banks
[    0.001708] CPU0: Thermal monitoring enabled (TM2)
[    0.002003] using mwait in idle threads.
[    0.002086] CPU: Intel(R) Core(TM)2 Duo CPU     T8100  @ 2.10GHz stepping 06
[    0.002258] Checking 'hlt' instruction... OK.
[    0.006938] ACPI: Core revision 20090903
[    0.026013] RANDOM get_random_int first call with cycles 38329971267, jiffies 4294667322 and pid 0
[    0.026020] CANARY value: 4cd29b58 for PID: 1
[    0.026027] CANARY value: 4d5a432a for PID: 2
[    0.026050] Enabling APIC mode:  Flat.  Using 1 I/O APICs
[    0.026510] ..TIMER: vector=0x30 apic1=0 pin1=2 apic2=-1 pin2=-1
[    0.036997] xor: automatically using best checksumming function: pIII_sse
[    0.040998]    pIII_sse  :  8568.000 MB/sec
[    0.041086] xor: using function: pIII_sse (8568.000 MB/sec)
[    0.041175] RANDOM - __seed init called.
[    0.041176] RANDOM - __seed init called.
[    0.041177] RANDOM - __seed init called.
[    0.041178] RANDOM - __random32 called. Change num 1.  Value: e6b75c0e	845fdb3c	4764ecc7
[    0.041180] RANDOM - __random32 called. Change num 2.  Value: 75c0e1a6	45fdb3ca	d98f8871
[    0.041182] RANDOM - __random32 called. Change num 3.  Value: e1a6d3e	5fdb3ca9	10e2be79
[    0.041184] RANDOM - __random32 called. Change num 4.  Value: a6d3e877	fdb3ca90	7cf2fee9
[    0.041185] RANDOM - __random32 called. Change num 5.  Value: 3e877b7b	db3ca905	fdd36ca1
[    0.041187] RANDOM - __random32 called. Change num 6.  Value: 77b7ba3d	b3ca905b	d9426901
[    0.041189] RANDOM - random32 init called.  Value: 77b7ba3d	b3ca905b	d9426901
[    0.041206] NET: Registered protocol family 16
[    0.041468] ACPI FADT declares the system doesn't support PCIe ASPM, so disable it
[    0.041590] ACPI: bus type pci registered
[    0.041768] PCI: MCFG configuration 0: base f0000000 segment 0 buses 0 - 63
[    0.041862] PCI: MCFG area at f0000000 reserved in E820
[    0.041953] PCI: Using MMCONFIG for extended config space
[    0.042002] PCI: Using configuration type 1 for base access
[    0.045149] bio: create slab <bio-0> at 0
[    0.045956] ACPI: EC: EC description table is found, configuring boot EC
[    0.051143] ACPI: BIOS _OSI(Linux) query honored via DMI
[    0.051868] random 0000 0000 0000 00000000 00000000: rand_read_num 2 get_random_bytes(8): sig fffffe1a 00000000 00000000
[    0.051871] random 0000 0000 0000 00000000 00000000: extract_entropy(.. 8 ..)
[    0.051874] random 0000 0000 0000 00000000 00000000: going to reseed nonblocking with 64 bits (64 of 0 requested)
[    0.051876] random 0000 0000 0000 00000000 00000000: extract_entropy(.. 8 ..)
[    0.051878] random 0000 0000 0000 00000000 00000000: trying to extract 64 bits from input
[    0.051880] random 0000 0000 0000 00000000 00000000: debiting 0 entropy credits from input
[    0.051882] random 0000 0000 0000 00000000 00000000: extract_entropy account returned: 0 
[    0.051909] random 0000 0000 0000 00000000 00000000: urand_change_num 3 xfer_secondary_pool(8): pool_sig fffffe1a, data_sig 00000000, bytes_mixed 0 00000000 00000000
[    0.051912] random 0000 0000 0000 00000000 00000000: trying to extract 64 bits from nonblocking
[    0.051915] random 0000 0000 0000 00000000 00000000: debiting 64 entropy credits from nonblocking (unlimited)
[    0.051917] random 0000 0000 0000 00000000 00000000: extract_entropy account returned: 8 
[    0.051921] random 0000 0000 0000 00000000 00000000: urand_change_num 4 extract_buf: pool_sig fffffe1a, data_sig fffffed7, bytes_mixed 20 00000000 00000000
[    0.057494] ACPI: Interpreter enabled
[    0.057584] ACPI: (supports S0 S3 S4 S5)
[    0.057917] ACPI: Using IOAPIC for interrupt routing
[    0.067645] ACPI: EC: GPE = 0x12, I/O: command/status = 0x66, data = 0x62
[    0.067976] ACPI: Power Resource [PUBS] (on)
[    0.070093] ACPI: ACPI Dock Station Driver: 3 docks/bays found
[    0.070502] ACPI: PCI Root Bridge [PCI0] (0000:00)
[    0.070679] pci 0000:00:02.0: reg 10 64bit mmio: [0xf8100000-0xf81fffff]
[    0.070685] pci 0000:00:02.0: reg 18 64bit mmio pref: [0xe0000000-0xefffffff]
[    0.070689] pci 0000:00:02.0: reg 20 io port: [0x1800-0x1807]
[    0.070724] pci 0000:00:02.1: reg 10 64bit mmio: [0xf8200000-0xf82fffff]
[    0.070824] pci 0000:00:19.0: reg 10 32bit mmio: [0xfe000000-0xfe01ffff]
[    0.070834] pci 0000:00:19.0: reg 14 32bit mmio: [0xfe025000-0xfe025fff]
[    0.070844] pci 0000:00:19.0: reg 18 io port: [0x1840-0x185f]
[    0.070912] pci 0000:00:19.0: PME# supported from D0 D3hot D3cold
[    0.071002] pci 0000:00:19.0: PME# disabled
[    0.071152] pci 0000:00:1a.0: reg 20 io port: [0x1860-0x187f]
[    0.071231] pci 0000:00:1a.1: reg 20 io port: [0x1880-0x189f]
[    0.071315] pci 0000:00:1a.7: reg 10 32bit mmio: [0xfe226c00-0xfe226fff]
[    0.071395] pci 0000:00:1a.7: PME# supported from D0 D3hot D3cold
[    0.071490] pci 0000:00:1a.7: PME# disabled
[    0.071632] pci 0000:00:1b.0: reg 10 64bit mmio: [0xfe020000-0xfe023fff]
[    0.071717] pci 0000:00:1b.0: PME# supported from D0 D3hot D3cold
[    0.071818] pci 0000:00:1b.0: PME# disabled
[    0.072053] pci 0000:00:1c.0: PME# supported from D0 D3hot D3cold
[    0.072150] pci 0000:00:1c.0: PME# disabled
[    0.072362] pci 0000:00:1c.1: PME# supported from D0 D3hot D3cold
[    0.072453] pci 0000:00:1c.1: PME# disabled
[    0.072653] pci 0000:00:1c.2: PME# supported from D0 D3hot D3cold
[    0.072747] pci 0000:00:1c.2: PME# disabled
[    0.072943] pci 0000:00:1c.3: PME# supported from D0 D3hot D3cold
[    0.072999] pci 0000:00:1c.3: PME# disabled
[    0.073867] pci 0000:00:1c.4: PME# supported from D0 D3hot D3cold
[    0.073999] pci 0000:00:1c.4: PME# disabled
[    0.074156] pci 0000:00:1d.0: reg 20 io port: [0x18a0-0x18bf]
[    0.074233] pci 0000:00:1d.1: reg 20 io port: [0x18c0-0x18df]
[    0.074308] pci 0000:00:1d.2: reg 20 io port: [0x18e0-0x18ff]
[    0.074402] pci 0000:00:1d.7: reg 10 32bit mmio: [0xfe227000-0xfe2273ff]
[    0.074499] pci 0000:00:1d.7: PME# supported from D0 D3hot D3cold
[    0.074592] pci 0000:00:1d.7: PME# disabled
[    0.074889] pci 0000:00:1f.0: quirk: region 1000-107f claimed by ICH6 ACPI/GPIO/TCO
[    0.075000] pci 0000:00:1f.0: quirk: region 1180-11bf claimed by ICH6 GPIO
[    0.075095] pci 0000:00:1f.0: ICH7 LPC Generic IO decode 1 PIO at 1600 (mask 007f)
[    0.075234] pci 0000:00:1f.0: ICH7 LPC Generic IO decode 2 PIO at 15e0 (mask 000f)
[    0.075357] pci 0000:00:1f.0: ICH7 LPC Generic IO decode 3 PIO at 1680 (mask 001f)
[    0.075565] pci 0000:00:1f.1: reg 10 io port: [0x00-0x07]
[    0.075574] pci 0000:00:1f.1: reg 14 io port: [0x00-0x03]
[    0.075583] pci 0000:00:1f.1: reg 18 io port: [0x00-0x07]
[    0.075592] pci 0000:00:1f.1: reg 1c io port: [0x00-0x03]
[    0.075604] pci 0000:00:1f.1: reg 20 io port: [0x1c00-0x1c0f]
[    0.075685] pci 0000:00:1f.2: reg 10 io port: [0x1c50-0x1c57]
[    0.075692] pci 0000:00:1f.2: reg 14 io port: [0x1c44-0x1c47]
[    0.075701] pci 0000:00:1f.2: reg 18 io port: [0x1c48-0x1c4f]
[    0.075709] pci 0000:00:1f.2: reg 1c io port: [0x1c40-0x1c43]
[    0.075718] pci 0000:00:1f.2: reg 20 io port: [0x1c20-0x1c3f]
[    0.075725] pci 0000:00:1f.2: reg 24 32bit mmio: [0xfe226000-0xfe2267ff]
[    0.075784] pci 0000:00:1f.2: PME# supported from D3hot
[    0.075874] pci 0000:00:1f.2: PME# disabled
[    0.076026] pci 0000:00:1f.3: reg 10 32bit mmio: [0xfe227400-0xfe2274ff]
[    0.076051] pci 0000:00:1f.3: reg 20 io port: [0x1c60-0x1c7f]
[    0.076144] pci 0000:00:1c.0: bridge io port: [0x2000-0x2fff]
[    0.076148] pci 0000:00:1c.0: bridge 32bit mmio: [0xfc000000-0xfdffffff]
[    0.076160] pci 0000:00:1c.0: bridge 64bit mmio pref: [0xf8000000-0xf80fffff]
[    0.076233] pci 0000:03:00.0: reg 10 64bit mmio: [0xdf3f0000-0xdf3fffff]
[    0.076427] pci 0000:00:1c.1: bridge io port: [0x3000-0x3fff]
[    0.076433] pci 0000:00:1c.1: bridge 32bit mmio: [0xdc000000-0xdf3fffff]
[    0.076443] pci 0000:00:1c.1: bridge 64bit mmio pref: [0xdfe00000-0xdfefffff]
[    0.076503] pci 0000:00:1c.2: bridge io port: [0x4000-0x4fff]
[    0.076508] pci 0000:00:1c.2: bridge 32bit mmio: [0xd8000000-0xd9ffffff]
[    0.076517] pci 0000:00:1c.2: bridge 64bit mmio pref: [0xdfb00000-0xdfbfffff]
[    0.076573] pci 0000:00:1c.3: bridge io port: [0x5000-0x5fff]
[    0.076580] pci 0000:00:1c.3: bridge 32bit mmio: [0xd4000000-0xd5ffffff]
[    0.076588] pci 0000:00:1c.3: bridge 64bit mmio pref: [0xdf800000-0xdf8fffff]
[    0.076648] pci 0000:00:1c.4: bridge io port: [0x6000-0x6fff]
[    0.076654] pci 0000:00:1c.4: bridge 32bit mmio: [0xd0000000-0xd1ffffff]
[    0.076663] pci 0000:00:1c.4: bridge 64bit mmio pref: [0xdf500000-0xdf5fffff]
[    0.076719] pci 0000:15:00.0: reg 10 32bit mmio: [0xf8300000-0xf8300fff]
[    0.076765] pci 0000:15:00.0: supports D1 D2
[    0.076767] pci 0000:15:00.0: PME# supported from D0 D1 D2 D3hot D3cold
[    0.076861] pci 0000:15:00.0: PME# disabled
[    0.077013] pci 0000:15:00.1: reg 10 32bit mmio: [0xf8301000-0xf83017ff]
[    0.077128] pci 0000:15:00.1: supports D1 D2
[    0.077129] pci 0000:15:00.1: PME# supported from D0 D1 D2 D3hot D3cold
[    0.077224] pci 0000:15:00.1: PME# disabled
[    0.077410] pci 0000:00:1e.0: transparent bridge
[    0.077501] pci 0000:00:1e.0: bridge io port: [0x7000-0xafff]
[    0.077507] pci 0000:00:1e.0: bridge 32bit mmio: [0xf8300000-0xfbffffff]
[    0.077515] pci 0000:00:1e.0: bridge 64bit mmio pref: [0xf4000000-0xf7ffffff]
[    0.077586] pci_bus 0000:00: on NUMA node 0
[    0.077590] ACPI: PCI Interrupt Routing Table [\_SB_.PCI0._PRT]
[    0.077723] ACPI: PCI Interrupt Routing Table [\_SB_.PCI0.EXP0._PRT]
[    0.077782] ACPI: PCI Interrupt Routing Table [\_SB_.PCI0.EXP1._PRT]
[    0.077840] ACPI: PCI Interrupt Routing Table [\_SB_.PCI0.EXP2._PRT]
[    0.077898] ACPI: PCI Interrupt Routing Table [\_SB_.PCI0.EXP3._PRT]
[    0.077961] ACPI: PCI Interrupt Routing Table [\_SB_.PCI0.EXP4._PRT]
[    0.078031] ACPI: PCI Interrupt Routing Table [\_SB_.PCI0.PCI1._PRT]
[    0.083491] ACPI: PCI Interrupt Link [LNKA] (IRQs 3 4 5 6 7 9 *10 11)
[    0.084256] ACPI: PCI Interrupt Link [LNKB] (IRQs 3 4 5 6 7 9 10 *11)
[    0.085100] ACPI: PCI Interrupt Link [LNKC] (IRQs 3 4 5 6 7 9 10 *11)
[    0.085896] ACPI: PCI Interrupt Link [LNKD] (IRQs 3 4 5 6 7 9 10 *11)
[    0.086681] ACPI: PCI Interrupt Link [LNKE] (IRQs 3 4 5 6 7 9 10 *11)
[    0.087459] ACPI: PCI Interrupt Link [LNKF] (IRQs 3 4 5 6 7 9 10 *11)
[    0.088240] ACPI: PCI Interrupt Link [LNKG] (IRQs 3 4 5 6 7 9 10 *11)
[    0.089097] ACPI: PCI Interrupt Link [LNKH] (IRQs 3 4 5 6 7 9 10 *11)
[    0.089866] vgaarb: device added: PCI:0000:00:02.0,decodes=io+mem,owns=io+mem,locks=none
[    0.090001] vgaarb: loaded
[    0.090179] SCSI subsystem initialized
[    0.090278] libata version 3.00 loaded.
[    0.090325] usbcore: registered new interface driver usbfs
[    0.090456] usbcore: registered new interface driver hub
[    0.090568] usbcore: registered new device driver usb
[    0.107041] raid6: int32x1    941 MB/s
[    0.123991] raid6: int32x2    886 MB/s
[    0.141065] raid6: int32x4    750 MB/s
[    0.157988] raid6: int32x8    656 MB/s
[    0.174986] raid6: mmxx1     2878 MB/s
[    0.191986] raid6: mmxx2     3253 MB/s
[    0.209003] raid6: sse1x1    1937 MB/s
[    0.225978] raid6: sse1x2    2531 MB/s
[    0.242981] raid6: sse2x1    3511 MB/s
[    0.259975] raid6: sse2x2    3835 MB/s
[    0.260061] raid6: using algorithm sse2x2 (3835 MB/s)
[    0.260154] PCI: Using ACPI for IRQ routing
[    0.260458] HPET: 3 timers in total, 0 timers will be used for per-cpu timer
[    0.260990] Switching to clocksource tsc
[    0.261090] pnp: PnP ACPI init
[    0.261181] ACPI: bus type pnp registered
[    0.264826] pnp: PnP ACPI: found 11 devices
[    0.264930] ACPI: ACPI bus type pnp unregistered
[    0.265025] system 00:00: iomem range 0x0-0x9ffff could not be reserved
[    0.265115] system 00:00: iomem range 0xc0000-0xc3fff could not be reserved
[    0.265212] system 00:00: iomem range 0xc4000-0xc7fff could not be reserved
[    0.265304] system 00:00: iomem range 0xc8000-0xcbfff has been reserved
[    0.265402] system 00:00: iomem range 0xcc000-0xcffff has been reserved
[    0.265491] system 00:00: iomem range 0xd0000-0xd3fff could not be reserved
[    0.265582] system 00:00: iomem range 0xe0000-0xe3fff could not be reserved
[    0.265673] system 00:00: iomem range 0xe4000-0xe7fff could not be reserved
[    0.265773] system 00:00: iomem range 0xe8000-0xebfff could not be reserved
[    0.265868] system 00:00: iomem range 0xec000-0xeffff could not be reserved
[    0.265966] system 00:00: iomem range 0xf0000-0xfffff could not be reserved
[    0.266055] system 00:00: iomem range 0x100000-0x3dffffff could not be reserved
[    0.266177] system 00:00: iomem range 0xfec00000-0xfed3ffff could not be reserved
[    0.266298] system 00:00: iomem range 0xfed4c000-0xffffffff could not be reserved
[    0.266419] system 00:02: ioport range 0x164e-0x164f has been reserved
[    0.266512] system 00:02: ioport range 0x1000-0x107f has been reserved
[    0.266608] system 00:02: ioport range 0x1180-0x11bf has been reserved
[    0.266703] system 00:02: ioport range 0x800-0x80f has been reserved
[    0.266798] system 00:02: ioport range 0x15e0-0x15ef has been reserved
[    0.266893] system 00:02: ioport range 0x1600-0x165f could not be reserved
[    0.266985] system 00:02: iomem range 0xf0000000-0xf3ffffff has been reserved
[    0.267075] system 00:02: iomem range 0xfed1c000-0xfed1ffff has been reserved
[    0.267170] system 00:02: iomem range 0xfed14000-0xfed17fff has been reserved
[    0.267273] system 00:02: iomem range 0xfed18000-0xfed18fff has been reserved
[    0.267368] system 00:02: iomem range 0xfed19000-0xfed19fff has been reserved
[    0.267461] system 00:02: iomem range 0xfed45000-0xfed4bfff has been reserved
[    0.302510] pci 0000:00:1c.0: PCI bridge, secondary bus 0000:02
[    0.302605] pci 0000:00:1c.0:   IO window: 0x2000-0x2fff
[    0.302696] pci 0000:00:1c.0:   MEM window: 0xfc000000-0xfdffffff
[    0.302790] pci 0000:00:1c.0:   PREFETCH window: 0x000000f8000000-0x000000f80fffff
[    0.302926] pci 0000:00:1c.1: PCI bridge, secondary bus 0000:03
[    0.303023] pci 0000:00:1c.1:   IO window: 0x3000-0x3fff
[    0.303121] pci 0000:00:1c.1:   MEM window: 0xdc000000-0xdf3fffff
[    0.303216] pci 0000:00:1c.1:   PREFETCH window: 0x000000dfe00000-0x000000dfefffff
[    0.303348] pci 0000:00:1c.2: PCI bridge, secondary bus 0000:04
[    0.303441] pci 0000:00:1c.2:   IO window: 0x4000-0x4fff
[    0.303538] pci 0000:00:1c.2:   MEM window: 0xd8000000-0xd9ffffff
[    0.303635] pci 0000:00:1c.2:   PREFETCH window: 0x000000dfb00000-0x000000dfbfffff
[    0.303762] pci 0000:00:1c.3: PCI bridge, secondary bus 0000:05
[    0.303854] pci 0000:00:1c.3:   IO window: 0x5000-0x5fff
[    0.303947] pci 0000:00:1c.3:   MEM window: 0xd4000000-0xd5ffffff
[    0.304051] pci 0000:00:1c.3:   PREFETCH window: 0x000000df800000-0x000000df8fffff
[    0.304177] pci 0000:00:1c.4: PCI bridge, secondary bus 0000:0d
[    0.304268] pci 0000:00:1c.4:   IO window: 0x6000-0x6fff
[    0.304366] pci 0000:00:1c.4:   MEM window: 0xd0000000-0xd1ffffff
[    0.304462] pci 0000:00:1c.4:   PREFETCH window: 0x000000df500000-0x000000df5fffff
[    0.304591] pci 0000:15:00.0: CardBus bridge, secondary bus 0000:16
[    0.304680] pci 0000:15:00.0:   IO window: 0x007000-0x0070ff
[    0.304775] pci 0000:15:00.0:   IO window: 0x007400-0x0074ff
[    0.304868] pci 0000:15:00.0:   PREFETCH window: 0xf4000000-0xf7ffffff
[    0.304966] pci 0000:15:00.0:   MEM window: 0x40000000-0x43ffffff
[    0.305063] pci 0000:00:1e.0: PCI bridge, secondary bus 0000:15
[    0.305156] pci 0000:00:1e.0:   IO window: 0x7000-0xafff
[    0.305251] pci 0000:00:1e.0:   MEM window: 0xf8300000-0xfbffffff
[    0.305346] pci 0000:00:1e.0:   PREFETCH window: 0x000000f4000000-0x000000f7ffffff
[    0.305485] pci 0000:00:1c.0: PCI INT A -> GSI 20 (level, low) -> IRQ 20
[    0.305582] pci 0000:00:1c.0: setting latency timer to 64
[    0.305595] pci 0000:00:1c.1: PCI INT B -> GSI 21 (level, low) -> IRQ 21
[    0.305698] pci 0000:00:1c.1: setting latency timer to 64
[    0.305710] pci 0000:00:1c.2: PCI INT C -> GSI 22 (level, low) -> IRQ 22
[    0.305806] pci 0000:00:1c.2: setting latency timer to 64
[    0.305819] pci 0000:00:1c.3: PCI INT D -> GSI 23 (level, low) -> IRQ 23
[    0.305919] pci 0000:00:1c.3: setting latency timer to 64
[    0.305932] pci 0000:00:1c.4: PCI INT A -> GSI 20 (level, low) -> IRQ 20
[    0.306027] pci 0000:00:1c.4: setting latency timer to 64
[    0.306032] pci 0000:00:1e.0: enabling device (0005 -> 0007)
[    0.306127] pci 0000:00:1e.0: setting latency timer to 64
[    0.306138] pci 0000:15:00.0: PCI INT A -> GSI 16 (level, low) -> IRQ 16
[    0.306239] pci 0000:15:00.0: setting latency timer to 64
[    0.306245] pci_bus 0000:00: resource 0 io:  [0x00-0xffff]
[    0.306246] pci_bus 0000:00: resource 1 mem: [0x000000-0xffffffff]
[    0.306248] pci_bus 0000:02: resource 0 io:  [0x2000-0x2fff]
[    0.306250] pci_bus 0000:02: resource 1 mem: [0xfc000000-0xfdffffff]
[    0.306252] pci_bus 0000:02: resource 2 pref mem [0xf8000000-0xf80fffff]
[    0.306254] pci_bus 0000:03: resource 0 io:  [0x3000-0x3fff]
[    0.306256] pci_bus 0000:03: resource 1 mem: [0xdc000000-0xdf3fffff]
[    0.306258] pci_bus 0000:03: resource 2 pref mem [0xdfe00000-0xdfefffff]
[    0.306260] pci_bus 0000:04: resource 0 io:  [0x4000-0x4fff]
[    0.306262] pci_bus 0000:04: resource 1 mem: [0xd8000000-0xd9ffffff]
[    0.306263] pci_bus 0000:04: resource 2 pref mem [0xdfb00000-0xdfbfffff]
[    0.306265] pci_bus 0000:05: resource 0 io:  [0x5000-0x5fff]
[    0.306267] pci_bus 0000:05: resource 1 mem: [0xd4000000-0xd5ffffff]
[    0.306269] pci_bus 0000:05: resource 2 pref mem [0xdf800000-0xdf8fffff]
[    0.306271] pci_bus 0000:0d: resource 0 io:  [0x6000-0x6fff]
[    0.306272] pci_bus 0000:0d: resource 1 mem: [0xd0000000-0xd1ffffff]
[    0.306274] pci_bus 0000:0d: resource 2 pref mem [0xdf500000-0xdf5fffff]
[    0.306276] pci_bus 0000:15: resource 0 io:  [0x7000-0xafff]
[    0.306278] pci_bus 0000:15: resource 1 mem: [0xf8300000-0xfbffffff]
[    0.306280] pci_bus 0000:15: resource 2 pref mem [0xf4000000-0xf7ffffff]
[    0.306282] pci_bus 0000:15: resource 3 io:  [0x00-0xffff]
[    0.306283] pci_bus 0000:15: resource 4 mem: [0x000000-0xffffffff]
[    0.306285] pci_bus 0000:16: resource 0 io:  [0x7000-0x70ff]
[    0.306287] pci_bus 0000:16: resource 1 io:  [0x7400-0x74ff]
[    0.306289] pci_bus 0000:16: resource 2 pref mem [0xf4000000-0xf7ffffff]
[    0.306291] pci_bus 0000:16: resource 3 mem: [0x40000000-0x43ffffff]
[    0.306298] NET: Registered protocol family 2
[    0.306388] RANDOM - __random32 called. Change num 7.  Value: 7ba3d01e	3ca905be	d2026a24
[    0.306390] RANDOM - random32 called.  Value: 7ba3d01e	3ca905be	d2026a24
[    0.306394] random 0000 0000 0000 5f8db4e5 4cfdf2a8: rand_read_num 3 get_random_bytes(4): sig fffffb64 5f8db4e5 4cfdf2a8
[    0.306396] random 0000 0000 0000 5f8db4e5 4cfdf2a8: extract_entropy(.. 4 ..)
[    0.306399] random 0000 0000 0000 5f8db4e5 4cfdf2a8: going to reseed nonblocking with 64 bits (32 of 0 requested)
[    0.306401] random 0000 0000 0000 5f8db4e5 4cfdf2a8: extract_entropy(.. 8 ..)
[    0.306403] random 0000 0000 0000 5f8db4e5 4cfdf2a8: trying to extract 64 bits from input
[    0.306405] random 0000 0000 0000 5f8db4e5 4cfdf2a8: debiting 0 entropy credits from input
[    0.306407] random 0000 0000 0000 5f8db4e5 4cfdf2a8: extract_entropy account returned: 0 
[    0.306410] random 0000 0000 0000 5f8db4e5 4cfdf2a8: urand_change_num 5 xfer_secondary_pool(4): pool_sig fffffb64, data_sig 00000000, bytes_mixed 0 5f8db4e5 4cfdf2a8
[    0.306413] random 0000 0000 0000 5f8db4e5 4cfdf2a8: trying to extract 32 bits from nonblocking
[    0.306415] random 0000 0000 0000 5f8db4e5 4cfdf2a8: debiting 32 entropy credits from nonblocking (unlimited)
[    0.306418] random 0000 0000 0000 5f8db4e5 4cfdf2a8: extract_entropy account returned: 4 
[    0.306422] random 0000 0000 0000 5f8db4e5 4cfdf2a8: urand_change_num 6 extract_buf: pool_sig fffffb64, data_sig 00000241, bytes_mixed 20 5f8db4e5 4cfdf2a8
[    0.306431] IP route cache hash table entries: 32768 (order: 5, 131072 bytes)
[    0.306562] RANDOM - __random32 called. Change num 8.  Value: 3d01e034	ca905be7	d4484227
[    0.306564] RANDOM - random32 called.  Value: 3d01e034	ca905be7	d4484227
[    0.306574] RANDOM - __random32 called. Change num 9.  Value: 1e034020	a905be70	844ec14a
[    0.306576] RANDOM - random32 called.  Value: 1e034020	a905be70	844ec14a
[    0.306577] RANDOM - __random32 called. Change num 10.  Value: 34020ec0	905be706	8294c719
[    0.306579] RANDOM - random32 called.  Value: 34020ec0	905be706	8294c719
[    0.306590] RANDOM - __random32 called. Change num 11.  Value: 20ec0ebb	5be7068	8e32c65f
[    0.306592] RANDOM - random32 called.  Value: 20ec0ebb	5be7068	8e32c65f
[    0.306601] TCP established hash table entries: 131072 (order: 8, 1048576 bytes)
[    0.307095] TCP bind hash table entries: 65536 (order: 6, 262144 bytes)
[    0.307282] TCP: Hash tables configured (established 131072 bind 65536)
[    0.307374] TCP reno registered
[    0.307478] NET: Registered protocol family 1
[    0.307592] RPC: Registered udp transport module.
[    0.307676] RPC: Registered tcp transport module.
[    0.307765] RPC: Registered tcp NFSv4.1 backchannel transport module.
[    0.307873] pci 0000:00:02.0: Boot video device
[    0.308085] Simple Boot Flag at 0x35 set to 0x1
[    0.308607] highmem bounce pool size: 64 pages
[    0.310198] VFS: Disk quotas dquot_6.5.2
[    0.310320] Dquot-cache hash table entries: 1024 (order 0, 4096 bytes)
[    0.310999] NTFS driver 2.1.29 [Flags: R/W].
[    0.311168] ROMFS MTD (C) 2007 Red Hat, Inc.
[    0.311381] JFS: nTxBlock = 7695, nTxLock = 61562
[    0.313845] SGI XFS with ACLs, security attributes, large block/inode numbers, no debug enabled
[    0.314361] SGI XFS Quota Management subsystem
[    0.314649] Slow work thread pool: Starting up
[    0.314750] Slow work thread pool: Ready
[    0.314845] GFS2 (built May 24 2013 02:47:17) installed
[    0.314951] msgmni has been set to 1734
[    0.315117] alg: No test for cipher_null (cipher_null-generic)
[    0.315219] alg: No test for ecb(cipher_null) (ecb-cipher_null)
[    0.315317] alg: No test for digest_null (digest_null-generic)
[    0.315413] alg: No test for compress_null (compress_null-generic)
[    0.315976] alg: No test for fcrypt (fcrypt-generic)
[    0.317391] alg: No test for stdrng (krng)
[    0.317484] async_tx: api initialized (async)
[    0.317637] Block layer SCSI generic (bsg) driver version 0.4 loaded (major 254)
[    0.317759] io scheduler noop registered
[    0.317869] io scheduler anticipatory registered
[    0.317956] io scheduler deadline registered
[    0.318096] io scheduler cfq registered (default)
[    0.318337] pcieport 0000:00:1c.0: irq 24 for MSI/MSI-X
[    0.318354] pcieport 0000:00:1c.0: setting latency timer to 64
[    0.318542] pcieport 0000:00:1c.1: irq 25 for MSI/MSI-X
[    0.318553] pcieport 0000:00:1c.1: setting latency timer to 64
[    0.318730] pcieport 0000:00:1c.2: irq 26 for MSI/MSI-X
[    0.318741] pcieport 0000:00:1c.2: setting latency timer to 64
[    0.318928] pcieport 0000:00:1c.3: irq 27 for MSI/MSI-X
[    0.318940] pcieport 0000:00:1c.3: setting latency timer to 64
[    0.319118] pcieport 0000:00:1c.4: irq 28 for MSI/MSI-X
[    0.319127] pcieport 0000:00:1c.4: setting latency timer to 64
[    0.319271] pci_hotplug: PCI Hot Plug PCI Core version: 0.5
[    0.319468] isapnp: Scanning for PnP cards...
[    0.680000] isapnp: No Plug & Play device found
[    0.680091] random 0000 0000 0000 5f8db4e5 4cfdf2a8: initializing
[    0.680093] RANDOM init_std_data for input now value: 1369917751680092859
[    0.680095] RANDOM init_std_data for blocking now value: 1369917751680094879
[    0.680096] RANDOM init_std_data for nonblocking now value: 1369917751680096608
[    0.699674] Serial: 8250/16550 driver, 4 ports, IRQ sharing enabled
[    3.710628] floppy0: no floppy controllers found
[    3.711573] brd: module loaded
[    3.712081] loop: module loaded
[    3.712168] Compaq SMART2 Driver (v 2.6.0)
[    3.712290] HP CISS Driver (v 3.6.20)
[    3.712534] input: Macintosh mouse button emulation as /devices/virtual/input/input0
[    3.712683] Uniform Multi-Platform E-IDE driver
[    3.712910] piix 0000:00:1f.1: IDE controller (0x8086:0x2850 rev 0x03)
[    3.713013] pci 0000:00:1f.1: PCI INT C -> GSI 16 (level, low) -> IRQ 16
[    3.713118] piix 0000:00:1f.1: IDE port disabled
[    3.713220] piix 0000:00:1f.1: not 100% native mode: will probe irqs later
[    3.713317]     ide0: BM-DMA at 0x1c00-0x1c07
[    3.713410] Probing IDE interface ide0...
[    4.384800] hda: HL-DT-ST DVDRAM GSA-U10N, ATAPI CD/DVD-ROM drive
[    4.691589] hda: host max PIO4 wanted PIO255(auto-tune) selected PIO4
[    4.692357] hda: UDMA/33 mode selected
[    4.692820] ide0 at 0x1f0-0x1f7,0x3f6 on irq 14
[    4.696737] ide-gd driver 1.18
[    4.696849] ide-cd driver 5.00
[    4.698237] random 0000 0000 0000 00000000 00000000: add_disk_randomness(0:0) 00000000 00000000
[    4.698241] random 0000 0000 0000 00000000 00000000: add_timer_randomness(.. 256) with jiffies: 5295689869899300474, cycles: 5295689865604628491
[    4.698244] random 0000 0000 0000 00000000 00000000: added 11 entropy credits to input
[    4.698248] ide-cd: hda: ATAPI 24X DVD-ROM DVD-R/RAM CD-R/RW drive, 2048kB Cache
[    4.698709] Uniform CD-ROM driver Revision: 3.20
[    4.701471] random 0011 0000 0000 00000000 00000000: add_disk_randomness(0:0) 00000000 00000000
[    4.701474] random 0011 0000 0000 00000000 00000000: add_timer_randomness(.. 256) with jiffies: 5324785249672724093, cycles: 5324785245378052107
[    4.701477] random 0011 0000 0000 00000000 00000000: added 1 entropy credits to input
[    4.701480] random 0012 0000 0000 00000000 00000000: add_disk_randomness(0:0) 00000000 00000000
[    4.701482] random 0012 0000 0000 00000000 00000000: add_timer_randomness(.. 256) with jiffies: 5324861914838957693, cycles: 5324861910544285707
[    4.703473] random 0012 0000 0000 00000000 00000000: add_disk_randomness(0:0) 00000000 00000000
[    4.703476] random 0012 0000 0000 00000000 00000000: add_timer_randomness(.. 256) with jiffies: 5342795022502428287, cycles: 5342795018207756299
[    4.703478] random 0012 0000 0000 00000000 00000000: added 1 entropy credits to input
[    4.703481] random 0013 0000 0000 00000000 00000000: add_disk_randomness(0:0) 00000000 00000000
[    4.703484] random 0013 0000 0000 00000000 00000000: add_timer_randomness(.. 256) with jiffies: 5342870291804290687, cycles: 5342870287509618699
[    4.705471] random 0013 0000 0000 00000000 00000000: add_disk_randomness(0:0) 00000000 00000000
[    4.705474] random 0013 0000 0000 00000000 00000000: add_timer_randomness(.. 256) with jiffies: 5360776070590856833, cycles: 5360776066296184843
[    4.705477] random 0013 0000 0000 00000000 00000000: added 1 entropy credits to input
[    4.705480] random 0014 0000 0000 00000000 00000000: add_disk_randomness(0:0) 00000000 00000000
[    4.705482] random 0014 0000 0000 00000000 00000000: add_timer_randomness(.. 256) with jiffies: 5360849849539067521, cycles: 5360849845244395531
[    4.705755] Loading iSCSI transport class v2.0-870.
[    4.706044] rdac: device handler registered
[    4.706134] hp_sw: device handler registered
[    4.706228] emc: device handler registered
[    4.706317] alua: device handler registered
[    4.707301] Adaptec aacraid driver 1.1-5[2461]-ms
[    4.707729] scsi: <fdomain> Detection failed (no card)
[    4.707828] sym53c416.c: Version 1.0.0-ac
[    4.707933] qlogicfas: no cards were found, please specify I/O address and IRQ using iobase= and irq= options
[    4.708055] QLogic Fibre Channel HBA Driver: 8.03.01-k6
[    4.708279] iscsi: registered transport (qla4xxx)
[    4.708391] QLogic iSCSI HBA Driver
[    4.708481] Emulex LightPulse Fibre Channel SCSI driver 8.3.4
[    4.708586] Copyright(c) 2004-2009 Emulex.  All rights reserved.
[    4.730574] Failed initialization of WD-7000 SCSI card!
[    4.819670] DC390: clustering now enabled by default. If you get problems load
[    4.819790]        with "disable_clustering=1" and report to maintainers
[    4.819923] megaraid cmm: 2.20.2.7 (Release Date: Sun Jul 16 00:01:03 EST 2006)
[    4.820074] megaraid: 2.20.5.1 (Release Date: Thu Nov 16 15:32:35 EST 2006)
[    4.820184] megasas: 00.00.04.01 Thu July 24 11:41:51 PST 2008
[    4.820319] GDT-HA: Storage RAID Controller Driver. Version: 3.05
[    4.820468] 3ware Storage Controller device driver for Linux v1.26.02.002.
[    4.820582] 3ware 9000 Storage Controller device driver for Linux v2.26.02.012.
[    4.820726] nsp32: loading...
[    4.820837] ipr: IBM Power RAID SCSI Device Driver version: 2.4.3 (June 10, 2009)
[    4.820980] RocketRAID 3xxx/4xxx Controller driver v1.6 (090910)
[    4.821092] stex: Promise SuperTrak EX Driver version: 4.6.0000.3
[    4.821226] st: Version 20081215, fixed bufsize 32768, s/g segs 256
[    4.821418] ahci 0000:00:1f.2: version 3.0
[    4.821431] ahci 0000:00:1f.2: PCI INT B -> GSI 16 (level, low) -> IRQ 16
[    4.821589] ahci 0000:00:1f.2: irq 29 for MSI/MSI-X
[    4.821648] ahci 0000:00:1f.2: AHCI 0001.0100 32 slots 3 ports 1.5 Gbps 0x5 impl SATA mode
[    4.821767] ahci 0000:00:1f.2: flags: 64bit ncq sntf pm led clo pio slum part ccc 
[    4.821902] ahci 0000:00:1f.2: setting latency timer to 64
[    4.822041] scsi2 : ahci
[    4.822206] scsi3 : ahci
[    4.822355] scsi4 : ahci
[    4.822524] ata1: SATA max UDMA/133 abar m2048@0xfe226000 port 0xfe226100 irq 29
[    4.822662] ata2: DUMMY
[    4.822751] ata3: SATA max UDMA/133 abar m2048@0xfe226000 port 0xfe226200 irq 29
[    4.823350] I2O subsystem v1.325
[    4.823440] i2o: max drivers = 8
[    4.823597] I2O Configuration OSM v1.323
[    4.823700] I2O Bus Adapter OSM v1.317
[    4.823803] I2O Block Device OSM v1.325
[    4.823953] I2O SCSI Peripheral OSM v1.316
[    4.824060] I2O ProcFS OSM v1.316
[    4.824164] Fusion MPT base driver 3.04.12
[    4.824251] Copyright (c) 1999-2008 LSI Corporation
[    4.824342] Fusion MPT SPI Host driver 3.04.12
[    4.824450] Fusion MPT FC Host driver 3.04.12
[    4.824614] Fusion MPT SAS Host driver 3.04.12
[    4.824771] ohci1394 0000:15:00.1: PCI INT B -> GSI 17 (level, low) -> IRQ 17
[    4.824869] ohci1394 0000:15:00.1: setting latency timer to 64
[    4.878583] ohci1394: fw-host0: OHCI-1394 1.1 (PCI): IRQ=[17]  MMIO=[f8301000-f83017ff]  Max Packet=[2048]  IR/IT contexts=[4/4]
[    4.882852] ehci_hcd: USB 2.0 'Enhanced' Host Controller (EHCI) Driver
[    4.883132] ehci_hcd 0000:00:1a.7: power state changed by ACPI to D0
[    4.883369] ehci_hcd 0000:00:1a.7: power state changed by ACPI to D0
[    4.883471] ehci_hcd 0000:00:1a.7: PCI INT C -> GSI 22 (level, low) -> IRQ 22
[    4.883575] ehci_hcd 0000:00:1a.7: setting latency timer to 64
[    4.883580] ehci_hcd 0000:00:1a.7: EHCI Host Controller
[    4.883712] ehci_hcd 0000:00:1a.7: new USB bus registered, assigned bus number 1
[    4.887753] ehci_hcd 0000:00:1a.7: cache line size of 32 is not supported
[    4.887761] ehci_hcd 0000:00:1a.7: irq 22, io mem 0xfe226c00
[    4.897545] ehci_hcd 0000:00:1a.7: USB 2.0 started, EHCI 1.00
[    4.897650] usb usb1: New USB device found, idVendor=1d6b, idProduct=0002
[    4.897740] usb usb1: New USB device strings: Mfr=3, Product=2, SerialNumber=1
[    4.897864] usb usb1: Product: EHCI Host Controller
[    4.897953] usb usb1: Manufacturer: Linux 2.6.32.57 ehci_hcd
[    4.898039] usb usb1: SerialNumber: 0000:00:1a.7
[    4.898182] usb usb1: configuration #1 chosen from 1 choice
[    4.898299] hub 1-0:1.0: USB hub found
[    4.898390] hub 1-0:1.0: 4 ports detected
[    4.898715] ehci_hcd 0000:00:1d.7: power state changed by ACPI to D0
[    4.899018] ehci_hcd 0000:00:1d.7: power state changed by ACPI to D0
[    4.899115] ehci_hcd 0000:00:1d.7: PCI INT D -> GSI 19 (level, low) -> IRQ 19
[    4.899213] ehci_hcd 0000:00:1d.7: setting latency timer to 64
[    4.899218] ehci_hcd 0000:00:1d.7: EHCI Host Controller
[    4.899345] ehci_hcd 0000:00:1d.7: new USB bus registered, assigned bus number 2
[    4.899497] ehci_hcd 0000:00:1d.7: debug port 1
[    4.903487] ehci_hcd 0000:00:1d.7: cache line size of 32 is not supported
[    4.903496] ehci_hcd 0000:00:1d.7: irq 19, io mem 0xfe227000
[    4.913544] ehci_hcd 0000:00:1d.7: USB 2.0 started, EHCI 1.00
[    4.913652] usb usb2: New USB device found, idVendor=1d6b, idProduct=0002
[    4.913744] usb usb2: New USB device strings: Mfr=3, Product=2, SerialNumber=1
[    4.913866] usb usb2: Product: EHCI Host Controller
[    4.913961] usb usb2: Manufacturer: Linux 2.6.32.57 ehci_hcd
[    4.914052] usb usb2: SerialNumber: 0000:00:1d.7
[    4.914187] usb usb2: configuration #1 chosen from 1 choice
[    4.914309] hub 2-0:1.0: USB hub found
[    4.914401] hub 2-0:1.0: 6 ports detected
[    4.914587] 116x: driver isp116x-hcd, 03 Nov 2005
[    4.914693] ohci_hcd: USB 1.1 'Open' Host Controller (OHCI) Driver
[    4.914804] uhci_hcd: USB Universal Host Controller Interface driver
[    4.914913] uhci_hcd 0000:00:1a.0: PCI INT A -> GSI 20 (level, low) -> IRQ 20
[    4.915012] uhci_hcd 0000:00:1a.0: setting latency timer to 64
[    4.915017] uhci_hcd 0000:00:1a.0: UHCI Host Controller
[    4.915151] uhci_hcd 0000:00:1a.0: new USB bus registered, assigned bus number 3
[    4.915300] uhci_hcd 0000:00:1a.0: irq 20, io base 0x00001860
[    4.915422] usb usb3: New USB device found, idVendor=1d6b, idProduct=0001
[    4.915514] usb usb3: New USB device strings: Mfr=3, Product=2, SerialNumber=1
[    4.915639] usb usb3: Product: UHCI Host Controller
[    4.915737] usb usb3: Manufacturer: Linux 2.6.32.57 uhci_hcd
[    4.915833] usb usb3: SerialNumber: 0000:00:1a.0
[    4.915973] usb usb3: configuration #1 chosen from 1 choice
[    4.916088] hub 3-0:1.0: USB hub found
[    4.916178] hub 3-0:1.0: 2 ports detected
[    4.916467] uhci_hcd 0000:00:1a.1: power state changed by ACPI to D0
[    4.916727] uhci_hcd 0000:00:1a.1: power state changed by ACPI to D0
[    4.916822] uhci_hcd 0000:00:1a.1: PCI INT B -> GSI 21 (level, low) -> IRQ 21
[    4.916928] uhci_hcd 0000:00:1a.1: setting latency timer to 64
[    4.916931] uhci_hcd 0000:00:1a.1: UHCI Host Controller
[    4.917054] uhci_hcd 0000:00:1a.1: new USB bus registered, assigned bus number 4
[    4.917202] uhci_hcd 0000:00:1a.1: irq 21, io base 0x00001880
[    4.917321] usb usb4: New USB device found, idVendor=1d6b, idProduct=0001
[    4.917410] usb usb4: New USB device strings: Mfr=3, Product=2, SerialNumber=1
[    4.917531] usb usb4: Product: UHCI Host Controller
[    4.917628] usb usb4: Manufacturer: Linux 2.6.32.57 uhci_hcd
[    4.917718] usb usb4: SerialNumber: 0000:00:1a.1
[    4.917853] usb usb4: configuration #1 chosen from 1 choice
[    4.917972] hub 4-0:1.0: USB hub found
[    4.918062] hub 4-0:1.0: 2 ports detected
[    4.918379] uhci_hcd 0000:00:1d.0: power state changed by ACPI to D0
[    4.918640] uhci_hcd 0000:00:1d.0: power state changed by ACPI to D0
[    4.918741] uhci_hcd 0000:00:1d.0: PCI INT A -> GSI 16 (level, low) -> IRQ 16
[    4.918836] uhci_hcd 0000:00:1d.0: setting latency timer to 64
[    4.918839] uhci_hcd 0000:00:1d.0: UHCI Host Controller
[    4.918964] uhci_hcd 0000:00:1d.0: new USB bus registered, assigned bus number 5
[    4.919113] uhci_hcd 0000:00:1d.0: irq 16, io base 0x000018a0
[    4.919236] usb usb5: New USB device found, idVendor=1d6b, idProduct=0001
[    4.919329] usb usb5: New USB device strings: Mfr=3, Product=2, SerialNumber=1
[    4.919453] usb usb5: Product: UHCI Host Controller
[    4.919553] usb usb5: Manufacturer: Linux 2.6.32.57 uhci_hcd
[    4.919646] usb usb5: SerialNumber: 0000:00:1d.0
[    4.919788] usb usb5: configuration #1 chosen from 1 choice
[    4.919915] hub 5-0:1.0: USB hub found
[    4.920009] hub 5-0:1.0: 2 ports detected
[    4.920150] uhci_hcd 0000:00:1d.1: PCI INT B -> GSI 17 (level, low) -> IRQ 17
[    4.920245] uhci_hcd 0000:00:1d.1: setting latency timer to 64
[    4.920250] uhci_hcd 0000:00:1d.1: UHCI Host Controller
[    4.920374] uhci_hcd 0000:00:1d.1: new USB bus registered, assigned bus number 6
[    4.920529] uhci_hcd 0000:00:1d.1: irq 17, io base 0x000018c0
[    4.920648] usb usb6: New USB device found, idVendor=1d6b, idProduct=0001
[    4.920750] usb usb6: New USB device strings: Mfr=3, Product=2, SerialNumber=1
[    4.920873] usb usb6: Product: UHCI Host Controller
[    4.920962] usb usb6: Manufacturer: Linux 2.6.32.57 uhci_hcd
[    4.921054] usb usb6: SerialNumber: 0000:00:1d.1
[    4.921188] usb usb6: configuration #1 chosen from 1 choice
[    4.921309] hub 6-0:1.0: USB hub found
[    4.921400] hub 6-0:1.0: 2 ports detected
[    4.921703] uhci_hcd 0000:00:1d.2: power state changed by ACPI to D0
[    4.921948] uhci_hcd 0000:00:1d.2: power state changed by ACPI to D0
[    4.922049] uhci_hcd 0000:00:1d.2: PCI INT C -> GSI 18 (level, low) -> IRQ 18
[    4.922144] uhci_hcd 0000:00:1d.2: setting latency timer to 64
[    4.922149] uhci_hcd 0000:00:1d.2: UHCI Host Controller
[    4.922277] uhci_hcd 0000:00:1d.2: new USB bus registered, assigned bus number 7
[    4.922428] uhci_hcd 0000:00:1d.2: irq 18, io base 0x000018e0
[    4.922553] usb usb7: New USB device found, idVendor=1d6b, idProduct=0001
[    4.922644] usb usb7: New USB device strings: Mfr=3, Product=2, SerialNumber=1
[    4.922765] usb usb7: Product: UHCI Host Controller
[    4.922853] usb usb7: Manufacturer: Linux 2.6.32.57 uhci_hcd
[    4.922951] usb usb7: SerialNumber: 0000:00:1d.2
[    4.923748] usb usb7: configuration #1 chosen from 1 choice
[    4.923866] hub 7-0:1.0: USB hub found
[    4.923956] hub 7-0:1.0: 2 ports detected
[    4.924120] sl811: driver sl811-hcd, 19 May 2005
[    4.924230] r8a66597_hcd: driver r8a66597_hcd, 2009-05-26
[    4.924396] Initializing USB Mass Storage driver...
[    4.924526] usbcore: registered new interface driver usb-storage
[    4.924625] USB Mass Storage support registered.
[    4.924737] usbcore: registered new interface driver ums-alauda
[    4.924844] usbcore: registered new interface driver ums-cypress
[    4.924960] usbcore: registered new interface driver ums-datafab
[    4.925069] usbcore: registered new interface driver ums-freecom
[    4.925181] usbcore: registered new interface driver ums-isd200
[    4.925290] usbcore: registered new interface driver ums-jumpshot
[    4.925402] usbcore: registered new interface driver ums-karma
[    4.925511] usbcore: registered new interface driver ums-onetouch
[    4.925634] usbcore: registered new interface driver ums-sddr09
[    4.925740] usbcore: registered new interface driver ums-sddr55
[    4.925853] usbcore: registered new interface driver ums-usbat
[    4.925997] PNP: PS/2 Controller [PNP0303:KBD,PNP0f13:MOU] at 0x60,0x64 irq 1,12
[    4.934855] serio: i8042 KBD port at 0x60,0x64 irq 1
[    4.934945] serio: i8042 AUX port at 0x60,0x64 irq 12
[    4.935193] mice: PS/2 mouse device common for all mice
[    4.935310] i2c /dev entries driver
[    4.935442] md: linear personality registered for level -1
[    4.935529] md: raid0 personality registered for level 0
[    4.935629] md: raid1 personality registered for level 1
[    4.935717] md: raid10 personality registered for level 10
[    4.935807] md: raid6 personality registered for level 6
[    4.935903] md: raid5 personality registered for level 5
[    4.936004] md: raid4 personality registered for level 4
[    4.936095] md: multipath personality registered for level -4
[    4.936288] device-mapper: ioctl: 4.15.0-ioctl (2009-04-01) initialised: dm-devel@redhat.com
[    4.936491] cpuidle: using governor ladder
[    4.937110] usbcore: registered new interface driver usbhid
[    4.937206] usbhid: v2.6:USB HID core driver
[    4.937349] random 0014 0000 0000 00000000 00000000: rand_read_num 4 get_random_bytes(136): sig 00000000 00000000 00000000
[    4.937351] random 0014 0000 0000 00000000 00000000: extract_entropy(.. 136 ..)
[    4.937354] random 0014 0000 0000 00000000 00000000: going to reseed nonblocking with 1024 bits (1088 of 0 requested)
[    4.937356] random 0014 0000 0000 00000000 00000000: extract_entropy(.. 128 ..)
[    4.937359] random 0014 0000 0000 00000000 00000000: trying to extract 1024 bits from input
[    4.937361] random 0014 0000 0000 00000000 00000000: debiting 0 entropy credits from input
[    4.937363] random 0014 0000 0000 00000000 00000000: extract_entropy account returned: 0 
[    4.937366] random 0014 0000 0000 00000000 00000000: urand_change_num 7 xfer_secondary_pool(136): pool_sig 00000000, data_sig 00000000, bytes_mixed 0 00000000 00000000
[    4.937369] random 0014 0000 0000 00000000 00000000: trying to extract 1088 bits from nonblocking
[    4.937371] random 0014 0000 0000 00000000 00000000: debiting 1088 entropy credits from nonblocking (unlimited)
[    4.937374] random 0014 0000 0000 00000000 00000000: extract_entropy account returned: 136 
[    4.937378] random 0014 0000 0000 00000000 00000000: urand_change_num 8 extract_buf: pool_sig 00000000, data_sig fffffff9, bytes_mixed 20 00000000 00000000
[    4.937383] random 0014 0000 0000 b7c35b56 be4dc95d: urand_change_num 9 extract_buf: pool_sig fffffd1e, data_sig 000000c5, bytes_mixed 20 b7c35b56 be4dc95d
[    4.937389] random 0014 0000 0000 ed9f5c47 c48487fb: urand_change_num 10 extract_buf: pool_sig fffff8ec, data_sig ffffff68, bytes_mixed 20 ed9f5c47 c48487fb
[    4.937394] random 0014 0000 0000 ed9f5c47 c48487fb: urand_change_num 11 extract_buf: pool_sig fffffaed, data_sig 000001aa, bytes_mixed 20 ed9f5c47 c48487fb
[    4.937399] random 0014 0000 0000 1b4f7c0a 91bd6a48: urand_change_num 12 extract_buf: pool_sig fffffdd8, data_sig 00000064, bytes_mixed 20 1b4f7c0a 91bd6a48
[    4.937405] random 0014 0000 0000 a254b9bc 20e9a24f: urand_change_num 13 extract_buf: pool_sig fffffbe6, data_sig 000001dd, bytes_mixed 20 a254b9bc 20e9a24f
[    4.937410] random 0014 0000 0000 a254b9bc 20e9a24f: urand_change_num 14 extract_buf: pool_sig fffff940, data_sig fffffe20, bytes_mixed 20 a254b9bc 20e9a24f
[    4.937415] random 0014 0000 0000 2831a66b 5fa2a3ad: urand_change_num 15 extract_buf: pool_sig fffffbce, data_sig 0000007e, bytes_mixed 20 2831a66b 5fa2a3ad
[    4.937420] random 0014 0000 0000 2831a66b 5fa2a3ad: urand_change_num 16 extract_buf: pool_sig 000004df, data_sig fffffe8f, bytes_mixed 20 2831a66b 5fa2a3ad
[    4.937426] random 0014 0000 0000 d4512bfd c9a54e0b: urand_change_num 17 extract_buf: pool_sig 00000485, data_sig fffffe68, bytes_mixed 20 d4512bfd c9a54e0b
[    4.937431] random 0014 0000 0000 c7371be6 f9ffea11: urand_change_num 18 extract_buf: pool_sig 00000095, data_sig ffffffed, bytes_mixed 20 c7371be6 f9ffea11
[    4.937436] random 0014 0000 0000 c7371be6 f9ffea11: urand_change_num 19 extract_buf: pool_sig 000003a7, data_sig fffffefa, bytes_mixed 20 c7371be6 f9ffea11
[    4.937441] random 0014 0000 0000 8fb4b62c d1ddba54: urand_change_num 20 extract_buf: pool_sig 00000179, data_sig ffffff78, bytes_mixed 20 8fb4b62c d1ddba54
[    4.937447] random 0014 0000 0000 9ff19f9c c07a1d2a: urand_change_num 21 extract_buf: pool_sig fffffe88, data_sig 00000126, bytes_mixed 20 9ff19f9c c07a1d2a
[    4.937451] TCP cubic registered
[    4.937563] Initializing XFRM netlink socket
[    4.937657] NET: Registered protocol family 17
[    4.937753] Using IPI Shortcut mode
[    4.937843] random 0014 0000 0000 9ff19f9c c07a1d2a: rand_read_num 5 get_random_bytes(8): sig 0000031b 9ff19f9c c07a1d2a
[    4.937845] random 0014 0000 0000 9ff19f9c c07a1d2a: extract_entropy(.. 8 ..)
[    4.937847] random 0014 0000 0000 9ff19f9c c07a1d2a: going to reseed nonblocking with 64 bits (64 of 0 requested)
[    4.937850] random 0014 0000 0000 9ff19f9c c07a1d2a: extract_entropy(.. 8 ..)
[    4.937852] random 0014 0000 0000 9ff19f9c c07a1d2a: trying to extract 64 bits from input
[    4.937854] random 0014 0000 0000 9ff19f9c c07a1d2a: debiting 0 entropy credits from input
[    4.937856] random 0014 0000 0000 9ff19f9c c07a1d2a: extract_entropy account returned: 0 
[    4.937859] random 0014 0000 0000 9ff19f9c c07a1d2a: urand_change_num 22 xfer_secondary_pool(8): pool_sig 0000031b, data_sig 00000000, bytes_mixed 0 9ff19f9c c07a1d2a
[    4.937862] random 0014 0000 0000 9ff19f9c c07a1d2a: trying to extract 64 bits from nonblocking
[    4.937864] random 0014 0000 0000 9ff19f9c c07a1d2a: debiting 64 entropy credits from nonblocking (unlimited)
[    4.937866] random 0014 0000 0000 9ff19f9c c07a1d2a: extract_entropy account returned: 8 
[    4.937871] random 0014 0000 0000 9ff19f9c c07a1d2a: urand_change_num 23 extract_buf: pool_sig 0000031b, data_sig ffffffb3, bytes_mixed 20 9ff19f9c c07a1d2a
[    4.940050] input: AT Translated Set 2 keyboard as /devices/platform/i8042/serio0/input/input1
[    5.127544] ata1: SATA link up 1.5 Gbps (SStatus 113 SControl 300)
[    5.127659] ata3: SATA link down (SStatus 0 SControl 300)
[    5.130351] ata1.00: ACPI cmd ef/02:00:00:00:00:a0 (SET FEATURES) succeeded
[    5.130354] ata1.00: ACPI cmd f5/00:00:00:00:00:a0 (SECURITY FREEZE LOCK) filtered out
[    5.131747] ata1.00: ACPI cmd ef/5f:00:00:00:00:a0 (SET FEATURES) succeeded
[    5.131750] ata1.00: ACPI cmd ef/10:03:00:00:00:a0 (SET FEATURES) filtered out
[    5.133653] ata1.00: ATA-7: ST910021AS, 4.06, max UDMA/100
[    5.133747] ata1.00: 195371568 sectors, multi 16: LBA48 
[    5.135896] ata1.00: ACPI cmd ef/02:00:00:00:00:a0 (SET FEATURES) succeeded
[    5.135898] ata1.00: ACPI cmd f5/00:00:00:00:00:a0 (SECURITY FREEZE LOCK) filtered out
[    5.137291] ata1.00: ACPI cmd ef/5f:00:00:00:00:a0 (SET FEATURES) succeeded
[    5.137293] ata1.00: ACPI cmd ef/10:03:00:00:00:a0 (SET FEATURES) filtered out
[    5.139217] ata1.00: configured for UDMA/100
[    5.149593] scsi 2:0:0:0: Direct-Access     ATA      ST910021AS       4.06 PQ: 0 ANSI: 5
[    5.149880] sd 2:0:0:0: [sda] 195371568 512-byte logical blocks: (100 GB/93.1 GiB)
[    5.150025] sd 2:0:0:0: [sda] Write Protect is off
[    5.150115] sd 2:0:0:0: [sda] Mode Sense: 00 3a 00 00
[    5.150128] sd 2:0:0:0: [sda] Write cache: enabled, read cache: enabled, doesn't support DPO or FUA
[    5.150316]  sda:
[    5.215525] usb 2-1: new high speed USB device using ehci_hcd and address 2
[    5.364759] usb 2-1: New USB device found, idVendor=0e8d, idProduct=1806
[    5.364851] usb 2-1: New USB device strings: Mfr=1, Product=2, SerialNumber=3
[    5.364941] usb 2-1: Product: MT1806 
[    5.365024] usb 2-1: Manufacturer: MediaTek Inc
[    5.365105] usb 2-1: SerialNumber: R8KN6GAC800AEB 
[    5.365243] usb 2-1: configuration #1 chosen from 1 choice
[    5.371554] scsi5 : SCSI emulation for USB Mass Storage devices
[    5.371722] usb-storage: device found at 2
[    5.371723] usb-storage: waiting for device to settle before scanning
[    5.564367] random 0014 0000 0000 277f73c3 42024bb9: add_disk_randomness(8:0) 277f73c3 42024bb9
[    5.564371] random 0014 0000 0000 277f73c3 42024bb9: add_timer_randomness(.. 8388864) with jiffies: 13088232348531261829, cycles: -5358511729472962549
[    5.564374] random 0014 0000 0000 277f73c3 42024bb9: added 11 entropy credits to input
[    5.564379]  sda1 sda2
[    5.564937] random 0025 0000 0000 277f73c3 42024bb9: add_disk_randomness(8:0) 277f73c3 42024bb9
[    5.564941] random 0025 0000 0000 277f73c3 42024bb9: add_timer_randomness(.. 8388864) with jiffies: 13093353942412919174, cycles: -5353390135591305205
[    5.565096] sd 2:0:0:0: [sda] Attached SCSI disk
[    5.565194] random 0025 0000 0000 277f73c3 42024bb9: rand_read_num 6 get_random_bytes(12): sig 000007e9 277f73c3 42024bb9
[    5.565197] random 0025 0000 0000 277f73c3 42024bb9: extract_entropy(.. 12 ..)
[    5.565199] random 0025 0000 0000 277f73c3 42024bb9: going to reseed nonblocking with 96 bits (96 of 0 requested)
[    5.565202] random 0025 0000 0000 277f73c3 42024bb9: extract_entropy(.. 12 ..)
[    5.565204] random 0025 0000 0000 277f73c3 42024bb9: trying to extract 96 bits from input
[    5.565206] random 0025 0000 0000 277f73c3 42024bb9: debiting 0 entropy credits from input
[    5.565208] random 0025 0000 0000 277f73c3 42024bb9: extract_entropy account returned: 0 
[    5.565211] random 0025 0000 0000 277f73c3 42024bb9: urand_change_num 24 xfer_secondary_pool(12): pool_sig 000007e9, data_sig 00000000, bytes_mixed 0 277f73c3 42024bb9
[    5.565214] random 0025 0000 0000 277f73c3 42024bb9: trying to extract 96 bits from nonblocking
[    5.565217] random 0025 0000 0000 277f73c3 42024bb9: debiting 96 entropy credits from nonblocking (unlimited)
[    5.565219] random 0025 0000 0000 277f73c3 42024bb9: extract_entropy account returned: 12 
[    5.565223] random 0025 0000 0000 277f73c3 42024bb9: urand_change_num 25 extract_buf: pool_sig 000007e9, data_sig 00000088, bytes_mixed 20 277f73c3 42024bb9
[    5.565228] random 0025 0000 0000 277f73c3 42024bb9: urand_change_num 26 extract_buf: pool_sig 00000498, data_sig fffffefb, bytes_mixed 20 277f73c3 42024bb9
[    5.565231] RANDOM - __seed init called.
[    5.565232] RANDOM - __seed init called.
[    5.565233] RANDOM - __seed init called.
[    5.565235] RANDOM - __random32 called. Change num 12.  Value: 87f14767	f0d7351	b1e48bd3
[    5.565237] RANDOM - random32_reseed called.  Value: 87f14767	f0d7351	b1e48bd3
[    5.565240] Pid: 1, comm: swapper Not tainted 2.6.32.57 #6
[    5.565328] Call Trace:
[    5.565419]  [<c1923ca4>] ? random32_reseed+0xa0/0xb1
[    5.565516]  [<c1923c04>] ? random32_reseed+0x0/0xb1
[    5.565604]  [<c100111e>] ? do_one_initcall+0x2e/0x180
[    5.565698]  [<c1907265>] ? kernel_init+0xad/0x103
[    5.565793]  [<c19071b8>] ? kernel_init+0x0/0x103
[    5.565884]  [<c1003787>] ? kernel_thread_helper+0x7/0x10
[    5.566406] random 0025 0000 0000 386b4e60 ee4d4880: rand_read_num 7 get_random_bytes(64): sig fffffea5 386b4e60 ee4d4880
[    5.566409] random 0025 0000 0000 386b4e60 ee4d4880: extract_entropy(.. 64 ..)
[    5.566411] random 0025 0000 0000 386b4e60 ee4d4880: going to reseed nonblocking with 512 bits (512 of 0 requested)
[    5.566413] random 0025 0000 0000 386b4e60 ee4d4880: extract_entropy(.. 64 ..)
[    5.566415] random 0025 0000 0000 386b4e60 ee4d4880: trying to extract 512 bits from input
[    5.566418] random 0025 0000 0000 386b4e60 ee4d4880: debiting 0 entropy credits from input
[    5.566420] random 0025 0000 0000 386b4e60 ee4d4880: extract_entropy account returned: 0 
[    5.566423] random 0025 0000 0000 386b4e60 ee4d4880: urand_change_num 27 xfer_secondary_pool(64): pool_sig fffffea5, data_sig 00000000, bytes_mixed 0 386b4e60 ee4d4880
[    5.566426] random 0025 0000 0000 386b4e60 ee4d4880: trying to extract 512 bits from nonblocking
[    5.566428] random 0025 0000 0000 386b4e60 ee4d4880: debiting 512 entropy credits from nonblocking (unlimited)
[    5.566430] random 0025 0000 0000 386b4e60 ee4d4880: extract_entropy account returned: 64 
[    5.566434] random 0025 0000 0000 386b4e60 ee4d4880: urand_change_num 28 extract_buf: pool_sig fffffea5, data_sig 00000173, bytes_mixed 20 386b4e60 ee4d4880
[    5.566440] random 0025 0000 0000 412698f6 0cc8689a: urand_change_num 29 extract_buf: pool_sig 00000122, data_sig ffffff63, bytes_mixed 20 412698f6 0cc8689a
[    5.566445] random 0025 0000 0000 412698f6 0cc8689a: urand_change_num 30 extract_buf: pool_sig 000001f7, data_sig 00000012, bytes_mixed 20 412698f6 0cc8689a
[    5.566450] random 0025 0000 0000 9669941e 06f768b1: urand_change_num 31 extract_buf: pool_sig fffffb5b, data_sig 0000003f, bytes_mixed 20 9669941e 06f768b1
[    5.566456] random 0025 0000 0000 98486520 995551f0: urand_change_num 32 extract_buf: pool_sig fffffb39, data_sig 0000000e, bytes_mixed 20 98486520 995551f0
[    5.566461] random 0025 0000 0000 98486520 995551f0: urand_change_num 33 extract_buf: pool_sig fffffd8d, data_sig 000001a6, bytes_mixed 20 98486520 995551f0
[    5.566466] random 0025 0000 0000 61fc8914 d5882ed2: urand_change_num 34 extract_buf: pool_sig fffffa58, data_sig 0000023e, bytes_mixed 20 61fc8914 d5882ed2
[    5.566499] random 0025 0000 0000 61fc8914 d5882ed2: rand_read_num 8 get_random_bytes(64): sig fffff9ee 61fc8914 d5882ed2
[    5.566501] random 0025 0000 0000 61fc8914 d5882ed2: extract_entropy(.. 64 ..)
[    5.566503] random 0025 0000 0000 61fc8914 d5882ed2: going to reseed nonblocking with 512 bits (512 of 0 requested)
[    5.566506] random 0025 0000 0000 61fc8914 d5882ed2: extract_entropy(.. 64 ..)
[    5.566508] random 0025 0000 0000 61fc8914 d5882ed2: trying to extract 512 bits from input
[    5.566510] random 0025 0000 0000 61fc8914 d5882ed2: debiting 0 entropy credits from input
[    5.566512] random 0025 0000 0000 61fc8914 d5882ed2: extract_entropy account returned: 0 
[    5.566515] random 0025 0000 0000 61fc8914 d5882ed2: urand_change_num 35 xfer_secondary_pool(64): pool_sig fffff9ee, data_sig 00000000, bytes_mixed 0 61fc8914 d5882ed2
[    5.566518] random 0025 0000 0000 61fc8914 d5882ed2: trying to extract 512 bits from nonblocking
[    5.566520] random 0025 0000 0000 61fc8914 d5882ed2: debiting 512 entropy credits from nonblocking (unlimited)
[    5.566523] random 0025 0000 0000 61fc8914 d5882ed2: extract_entropy account returned: 64 
[    5.566527] random 0025 0000 0000 61fc8914 d5882ed2: urand_change_num 36 extract_buf: pool_sig fffff9ee, data_sig ffffff85, bytes_mixed 20 61fc8914 d5882ed2
[    5.566532] random 0025 0000 0000 70cfd302 e5edec11: urand_change_num 37 extract_buf: pool_sig fffffdc1, data_sig ffffffde, bytes_mixed 20 70cfd302 e5edec11
[    5.566537] random 0025 0000 0000 00dab838 eafd2b30: urand_change_num 38 extract_buf: pool_sig 000003da, data_sig ffffff61, bytes_mixed 20 00dab838 eafd2b30
[    5.566543] random 0025 0000 0000 00dab838 eafd2b30: urand_change_num 39 extract_buf: pool_sig 00000314, data_sig 00000121, bytes_mixed 20 00dab838 eafd2b30
[    5.566548] random 0025 0000 0000 5fcdf66a 6442b608: urand_change_num 40 extract_buf: pool_sig 0000028b, data_sig fffffefd, bytes_mixed 20 5fcdf66a 6442b608
[    5.566553] random 0025 0000 0000 61333f6b 8fae0f9b: urand_change_num 41 extract_buf: pool_sig 000000cb, data_sig 000000b3, bytes_mixed 20 61333f6b 8fae0f9b
[    5.566558] random 0025 0000 0000 61333f6b 8fae0f9b: urand_change_num 42 extract_buf: pool_sig fffffef8, data_sig 00000051, bytes_mixed 20 61333f6b 8fae0f9b
[    5.566561] BEGIN NET_SECRET:
[    5.566562] \xffffffe0
[    5.566563] \xffffffb6
[    5.566564] \x36
[    5.566565] \xffffffb5
[    5.566566] \xffffff94
[    5.566566] \xffffffb2
[    5.566567] \xffffffa8
[    5.566568] \xffffffda
[    5.566569] \x5b
[    5.566570] \x19
[    5.566570] \x18
[    5.566571] \x5c
[    5.566572] \x2b
[    5.566573] \x1
[    5.566573] \xffffff90
[    5.566574] \x19
[    5.566575] \x3c
[    5.566576] \xfffffff2
[    5.566576] \xffffff82
[    5.566577] \x2a
[    5.566578] \xffffffb3
[    5.566579] \xffffffa2
[    5.566580] \x3f
[    5.566580] \x5
[    5.566581] \x52
[    5.566582] \x77
[    5.566583] \x57
[    5.566583] \x79
[    5.566584] \x16
[    5.566585] \x43
[    5.566585] \xffffff84
[    5.566586] \xffffffc3
[    5.566587] \xffffffe9
[    5.566588] \x79
[    5.566589] \x50
[    5.566589] \xffffff8e
[    5.566590] \x3f
[    5.566591] \xfffffff3
[    5.566592] \x19
[    5.566593] \x2a
[    5.566594] \xfffffffd
[    5.566594] \xfffffffb
[    5.566595] \x62
[    5.566596] \x3c
[    5.566597] \xffffffac
[    5.566598] \x1c
[    5.566598] \x3b
[    5.566599] \x3b
[    5.566600] \x15
[    5.566600] \x27
[    5.566601] \xffffffa8
[    5.566602] \x22
[    5.566603] \xffffffc5
[    5.566604] \xffffff9a
[    5.566604] \x5
[    5.566605] \x6c
[    5.566606] \xffffffa8
[    5.566607] \x3a
[    5.566607] \x44
[    5.566608] \xffffffaf
[    5.566609] \x13
[    5.566610] \xffffffe0
[    5.566610] \xffffff9d
[    5.566611] \x22
[    5.566612] 
[    5.566612] END NET_SECRET
[    5.566615] random 0025 0000 0000 e7f555d9 e8ce5c3c: rand_read_num 9 get_random_bytes(4): sig 0000068c e7f555d9 e8ce5c3c
[    5.566617] random 0025 0000 0000 e7f555d9 e8ce5c3c: extract_entropy(.. 4 ..)
[    5.566620] random 0025 0000 0000 e7f555d9 e8ce5c3c: going to reseed nonblocking with 64 bits (32 of 0 requested)
[    5.566622] random 0025 0000 0000 e7f555d9 e8ce5c3c: extract_entropy(.. 8 ..)
[    5.566624] random 0025 0000 0000 e7f555d9 e8ce5c3c: trying to extract 64 bits from input
[    5.566626] random 0025 0000 0000 e7f555d9 e8ce5c3c: debiting 0 entropy credits from input
[    5.566628] random 0025 0000 0000 e7f555d9 e8ce5c3c: extract_entropy account returned: 0 
[    5.566631] random 0025 0000 0000 e7f555d9 e8ce5c3c: urand_change_num 43 xfer_secondary_pool(4): pool_sig 0000068c, data_sig 00000000, bytes_mixed 0 e7f555d9 e8ce5c3c
[    5.566634] random 0025 0000 0000 e7f555d9 e8ce5c3c: trying to extract 32 bits from nonblocking
[    5.566637] random 0025 0000 0000 e7f555d9 e8ce5c3c: debiting 32 entropy credits from nonblocking (unlimited)
[    5.566639] random 0025 0000 0000 e7f555d9 e8ce5c3c: extract_entropy account returned: 4 
[    5.566643] random 0025 0000 0000 e7f555d9 e8ce5c3c: urand_change_num 44 extract_buf: pool_sig 0000068c, data_sig fffffdcb, bytes_mixed 20 e7f555d9 e8ce5c3c
[    5.566654] md: Waiting for all devices to be available before autodetect
[    5.566743] md: If you don't use raid, use raid=noautodetect
[    5.566907] md: Autodetecting RAID arrays.
[    5.566997] md: Scanned 0 and added 0 devices.
[    5.567082] md: autorun ...
[    5.567166] md: ... autorun DONE.
[    5.580576] random 0025 0000 0000 e7f555d9 e8ce5c3c: add_disk_randomness(8:0) e7f555d9 e8ce5c3c
[    5.580580] random 0025 0000 0000 e7f555d9 e8ce5c3c: add_timer_randomness(.. 8388864) with jiffies: 13234052153292325270, cycles: -5212691924711899125
[    5.580582] random 0025 0000 0000 e7f555d9 e8ce5c3c: added 3 entropy credits to input
[    5.581700] random 0028 0000 0000 e7f555d9 e8ce5c3c: add_disk_randomness(8:0) e7f555d9 e8ce5c3c
[    5.581703] random 0028 0000 0000 e7f555d9 e8ce5c3c: add_timer_randomness(.. 8388864) with jiffies: 13244161179162214807, cycles: -5202582898842009589
[    5.581812] random 0028 0000 0000 e7f555d9 e8ce5c3c: add_disk_randomness(8:0) e7f555d9 e8ce5c3c
[    5.581815] random 0028 0000 0000 e7f555d9 e8ce5c3c: add_timer_randomness(.. 8388864) with jiffies: 13245170994692981143, cycles: -5201573083311243253
[    5.581820] EXT3-fs: sda2: couldn't mount because of unsupported optional features (240).
[    5.582049] random 0028 0000 0000 e7f555d9 e8ce5c3c: add_disk_randomness(8:0) e7f555d9 e8ce5c3c
[    5.582052] random 0028 0000 0000 e7f555d9 e8ce5c3c: add_timer_randomness(.. 8388864) with jiffies: 13247308462477246871, cycles: -5199435615526977525
[    5.582056] EXT2-fs: sda2: couldn't mount because of unsupported optional features (240).
[    5.582282] random 0028 0000 0000 e7f555d9 e8ce5c3c: add_disk_randomness(8:0) e7f555d9 e8ce5c3c
[    5.582285] random 0028 0000 0000 e7f555d9 e8ce5c3c: add_timer_randomness(.. 8388864) with jiffies: 13249409315665314199, cycles: -5197334762338910197
[    5.582412] random 0028 0000 0000 e7f555d9 e8ce5c3c: add_disk_randomness(8:0) e7f555d9 e8ce5c3c
[    5.582415] random 0028 0000 0000 e7f555d9 e8ce5c3c: add_timer_randomness(.. 8388864) with jiffies: 13250578053575967127, cycles: -5196166024428257269
[    5.582576] random 0028 0000 0000 e7f555d9 e8ce5c3c: add_disk_randomness(8:0) e7f555d9 e8ce5c3c
[    5.582579] random 0028 0000 0000 e7f555d9 e8ce5c3c: add_timer_randomness(.. 8388864) with jiffies: 13252045197224411544, cycles: -5194698880779812853
[    5.582694] random 0028 0000 0000 e7f555d9 e8ce5c3c: add_disk_randomness(8:0) e7f555d9 e8ce5c3c
[    5.582696] random 0028 0000 0000 e7f555d9 e8ce5c3c: add_timer_randomness(.. 8388864) with jiffies: 13253102592402882968, cycles: -5193641485601341429
[    5.582813] random 0028 0000 0000 e7f555d9 e8ce5c3c: add_disk_randomness(8:0) e7f555d9 e8ce5c3c
[    5.582817] random 0028 0000 0000 e7f555d9 e8ce5c3c: add_timer_randomness(.. 8388864) with jiffies: 13254184516139581848, cycles: -5192559561864642549
[    5.582924] random 0028 0000 0000 e7f555d9 e8ce5c3c: add_disk_randomness(8:0) e7f555d9 e8ce5c3c
[    5.582926] random 0028 0000 0000 e7f555d9 e8ce5c3c: add_timer_randomness(.. 8388864) with jiffies: 13255175257720586648, cycles: -5191568820283637749
[    5.583075] random 0028 0000 0000 e7f555d9 e8ce5c3c: add_disk_randomness(8:0) e7f555d9 e8ce5c3c
[    5.583078] random 0028 0000 0000 e7f555d9 e8ce5c3c: add_timer_randomness(.. 8388864) with jiffies: 13256539850434904472, cycles: -5190204227569319925
[    5.583199] random 0028 0000 0000 e7f555d9 e8ce5c3c: add_disk_randomness(8:0) e7f555d9 e8ce5c3c
[    5.583202] random 0028 0000 0000 e7f555d9 e8ce5c3c: add_timer_randomness(.. 8388864) with jiffies: 13257657087392711064, cycles: -5189086990611513333
[    5.583441] random 0028 0000 0000 e7f555d9 e8ce5c3c: rand_read_num 10 get_random_bytes(4): sig ffffff72 e7f555d9 e8ce5c3c
[    5.583444] random 0028 0000 0000 e7f555d9 e8ce5c3c: extract_entropy(.. 4 ..)
[    5.583446] random 0028 0000 0000 e7f555d9 e8ce5c3c: going to reseed nonblocking with 64 bits (32 of 0 requested)
[    5.583448] random 0028 0000 0000 e7f555d9 e8ce5c3c: extract_entropy(.. 8 ..)
[    5.583450] random 0028 0000 0000 e7f555d9 e8ce5c3c: trying to extract 64 bits from input
[    5.583453] random 0028 0000 0000 e7f555d9 e8ce5c3c: debiting 0 entropy credits from input
[    5.583455] random 0028 0000 0000 e7f555d9 e8ce5c3c: extract_entropy account returned: 0 
[    5.583458] random 0028 0000 0000 e7f555d9 e8ce5c3c: urand_change_num 45 xfer_secondary_pool(4): pool_sig ffffff72, data_sig 00000000, bytes_mixed 0 e7f555d9 e8ce5c3c
[    5.583460] random 0028 0000 0000 e7f555d9 e8ce5c3c: trying to extract 32 bits from nonblocking
[    5.583463] random 0028 0000 0000 e7f555d9 e8ce5c3c: debiting 32 entropy credits from nonblocking (unlimited)
[    5.583465] random 0028 0000 0000 e7f555d9 e8ce5c3c: extract_entropy account returned: 4 
[    5.583469] random 0028 0000 0000 e7f555d9 e8ce5c3c: urand_change_num 46 extract_buf: pool_sig ffffff72, data_sig ffffff72, bytes_mixed 20 e7f555d9 e8ce5c3c
[    5.595028] random 0028 0000 0000 91716c54 eeb6a1e7: add_disk_randomness(8:0) 91716c54 eeb6a1e7
[    5.595031] random 0028 0000 0000 91716c54 eeb6a1e7: add_timer_randomness(.. 8388864) with jiffies: 13364084482907013540, cycles: -5082659595097210869
[    5.595034] random 0028 0000 0000 91716c54 eeb6a1e7: added 3 entropy credits to input
[    5.613303] random 0031 0000 0000 91716c54 eeb6a1e7: add_disk_randomness(8:0) 91716c54 eeb6a1e7
[    5.613306] random 0031 0000 0000 91716c54 eeb6a1e7: add_timer_randomness(.. 8388864) with jiffies: 13528504837544313270, cycles: -4918239240459911157
[    5.613309] random 0031 0000 0000 91716c54 eeb6a1e7: added 2 entropy credits to input
[    5.618033] EXT4-fs (sda2): mounted filesystem with ordered data mode
[    5.618231] VFS: Mounted root (ext4 filesystem) readonly on device 8:2.
[    5.618331] Freeing unused kernel memory: 448k freed
[    5.638447] random 0033 0000 0000 91716c54 eeb6a1e7: add_disk_randomness(8:0) 91716c54 eeb6a1e7
[    5.638450] random 0033 0000 0000 91716c54 eeb6a1e7: add_timer_randomness(.. 8388864) with jiffies: 13754722367047434703, cycles: -4692021710956789749
[    5.639220] random 0033 0000 0000 91716c54 eeb6a1e7: add_disk_randomness(8:0) 91716c54 eeb6a1e7
[    5.639224] random 0033 0000 0000 91716c54 eeb6a1e7: add_timer_randomness(.. 8388864) with jiffies: 13761681987888447952, cycles: -4685062090115776501
[    5.643914] random 0033 0000 0000 91716c54 eeb6a1e7: add_disk_randomness(8:0) 91716c54 eeb6a1e7
[    5.643917] random 0033 0000 0000 91716c54 eeb6a1e7: add_timer_randomness(.. 8388864) with jiffies: 13803904200762687957, cycles: -4642839877241536501
[    5.643920] random 0033 0000 0000 91716c54 eeb6a1e7: added 2 entropy credits to input
[    5.652107] random 0035 0000 0000 91716c54 eeb6a1e7: add_disk_randomness(8:0) 91716c54 eeb6a1e7
[    5.652110] random 0035 0000 0000 91716c54 eeb6a1e7: add_timer_randomness(.. 8388864) with jiffies: 13877622040178688477, cycles: -4569122037825535989
[    5.655531] random 0035 0000 0000 91716c54 eeb6a1e7: add_disk_randomness(8:0) 91716c54 eeb6a1e7
[    5.655534] random 0035 0000 0000 91716c54 eeb6a1e7: add_timer_randomness(.. 8388864) with jiffies: 13908413794595078625, cycles: -4538330283409145845
[    5.655536] random 0035 0000 0000 91716c54 eeb6a1e7: added 2 entropy credits to input
[    5.664423] random 0037 0000 0000 91716c54 eeb6a1e7: add_disk_randomness(8:0) 91716c54 eeb6a1e7
[    5.664426] random 0037 0000 0000 91716c54 eeb6a1e7: add_timer_randomness(.. 8388864) with jiffies: 13988430985234711017, cycles: -4458313092769513461
[    5.664429] random 0037 0000 0000 91716c54 eeb6a1e7: added 2 entropy credits to input
[    5.677742] random 0039 0000 0000 91716c54 eeb6a1e7: add_disk_randomness(8:0) 91716c54 eeb6a1e7
[    5.677745] random 0039 0000 0000 91716c54 eeb6a1e7: add_timer_randomness(.. 8388864) with jiffies: 14108249891209445879, cycles: -4338494186794778613
[    5.677748] random 0039 0000 0000 91716c54 eeb6a1e7: added 1 entropy credits to input
[    5.685784] random 0040 0000 0000 91716c54 eeb6a1e7: add_disk_randomness(8:0) 91716c54 eeb6a1e7
[    5.685787] random 0040 0000 0000 91716c54 eeb6a1e7: add_timer_randomness(.. 8388864) with jiffies: 14180607153705550335, cycles: -4266136924298674165
[    5.685790] random 0040 0000 0000 91716c54 eeb6a1e7: added 2 entropy credits to input
[    5.685813] RANDOM get_random_int call with cycles 50546374861, jiffies 4294672895 and pid 1
[    5.685816] RANDOM get_random_int call with cycles 50546381707, jiffies 4294672895 and pid 1
[    5.685818] ASLR stack rand value: 7901184 after shift for pid: 1
[    5.685819] RANDOM get_random_int call with cycles 50546389561, jiffies 4294672895 and pid 1
[    5.697428] random 0042 0000 0000 91716c54 eeb6a1e7: add_disk_randomness(8:0) 91716c54 eeb6a1e7
[    5.697431] random 0042 0000 0000 91716c54 eeb6a1e7: add_timer_randomness(.. 8388864) with jiffies: 14285375738360857098, cycles: -4161368339643367413
[    5.697434] random 0042 0000 0000 91716c54 eeb6a1e7: added 1 entropy credits to input
[    5.697444] RANDOM get_random_int call with cycles 50570741686, jiffies 4294672906 and pid 1
[    5.697447] random 0043 0000 0000 91716c54 eeb6a1e7: rand_read_num 11 get_random_bytes(16): sig fffffcad 91716c54 eeb6a1e7
[    5.697449] random 0043 0000 0000 91716c54 eeb6a1e7: extract_entropy(.. 16 ..)
[    5.697452] random 0043 0000 0000 91716c54 eeb6a1e7: going to reseed nonblocking with 128 bits (128 of 0 requested)
[    5.697454] random 0043 0000 0000 91716c54 eeb6a1e7: extract_entropy(.. 16 ..)
[    5.697456] random 0043 0000 0000 91716c54 eeb6a1e7: trying to extract 128 bits from input
[    5.697458] random 0043 0000 0000 91716c54 eeb6a1e7: debiting 0 entropy credits from input
[    5.697460] random 0043 0000 0000 91716c54 eeb6a1e7: extract_entropy account returned: 0 
[    5.697463] random 0043 0000 0000 91716c54 eeb6a1e7: urand_change_num 47 xfer_secondary_pool(16): pool_sig fffffcad, data_sig 00000000, bytes_mixed 0 91716c54 eeb6a1e7
[    5.697466] random 0043 0000 0000 91716c54 eeb6a1e7: trying to extract 128 bits from nonblocking
[    5.697469] random 0043 0000 0000 91716c54 eeb6a1e7: debiting 128 entropy credits from nonblocking (unlimited)
[    5.697471] random 0043 0000 0000 91716c54 eeb6a1e7: extract_entropy account returned: 16 
[    5.697475] random 0043 0000 0000 91716c54 eeb6a1e7: urand_change_num 48 extract_buf: pool_sig fffffcad, data_sig ffffff19, bytes_mixed 20 91716c54 eeb6a1e7
[    5.697481] random 0043 0000 0000 fd637b06 6cf47bc1: urand_change_num 49 extract_buf: pool_sig fffffede, data_sig ffffffc1, bytes_mixed 20 fd637b06 6cf47bc1
[    5.698433] random 0043 0000 0000 fd637b06 6cf47bc1: add_disk_randomness(8:0) fd637b06 6cf47bc1
[    5.698436] random 0043 0000 0000 fd637b06 6cf47bc1: add_timer_randomness(.. 8388864) with jiffies: 14294419792729965067, cycles: -4152324285274259445
[    5.699576] random 0043 0000 0000 fd637b06 6cf47bc1: add_disk_randomness(8:0) fd637b06 6cf47bc1
[    5.699579] random 0043 0000 0000 fd637b06 6cf47bc1: add_timer_randomness(.. 8388864) with jiffies: 14304691168363643405, cycles: -4142052909640581109
[    5.700732] random 0043 0000 0000 fd637b06 6cf47bc1: add_disk_randomness(8:0) fd637b06 6cf47bc1
[    5.700735] random 0043 0000 0000 fd637b06 6cf47bc1: add_timer_randomness(.. 8388864) with jiffies: 14315094541227229710, cycles: -4131649536776994805
[    5.701614] random 0043 0000 0000 fd637b06 6cf47bc1: add_disk_randomness(8:0) fd637b06 6cf47bc1
[    5.701617] random 0043 0000 0000 fd637b06 6cf47bc1: add_timer_randomness(.. 8388864) with jiffies: 14323025687965565455, cycles: -4123718390038659061
[    5.710419] random 0043 0000 0000 fd637b06 6cf47bc1: add_disk_randomness(8:0) fd637b06 6cf47bc1
[    5.710422] random 0043 0000 0000 fd637b06 6cf47bc1: add_timer_randomness(.. 8388864) with jiffies: 14402251921722933783, cycles: -4044492156281290741
[    5.710424] random 0043 0000 0000 fd637b06 6cf47bc1: added 2 entropy credits to input
[    5.710625] random 0045 0000 0000 fd637b06 6cf47bc1: add_disk_randomness(8:0) fd637b06 6cf47bc1
[    5.710628] random 0045 0000 0000 fd637b06 6cf47bc1: add_timer_randomness(.. 8388864) with jiffies: 14404099642423476760, cycles: -4042644435580747765
[    5.720813] random 0045 0000 0000 fd637b06 6cf47bc1: add_disk_randomness(8:0) fd637b06 6cf47bc1
[    5.720816] random 0045 0000 0000 fd637b06 6cf47bc1: add_timer_randomness(.. 8388864) with jiffies: 14495756997594153506, cycles: -3950987080410071029
[    5.720818] random 0045 0000 0000 fd637b06 6cf47bc1: added 3 entropy credits to input
[    5.721251] random 0048 0000 0000 fd637b06 6cf47bc1: add_disk_randomness(8:0) fd637b06 6cf47bc1
[    5.721254] random 0048 0000 0000 fd637b06 6cf47bc1: add_timer_randomness(.. 8388864) with jiffies: 14499710978846589474, cycles: -3947033099157635061
[    5.730993] random 0048 0000 0000 fd637b06 6cf47bc1: add_disk_randomness(8:0) fd637b06 6cf47bc1
[    5.730996] random 0048 0000 0000 fd637b06 6cf47bc1: add_timer_randomness(.. 8388864) with jiffies: 14587353424358769196, cycles: -3859390653645455349
[    5.730999] random 0048 0000 0000 fd637b06 6cf47bc1: added 3 entropy credits to input
[    5.731052] RANDOM get_random_int call with cycles 50641140606, jiffies 4294672940 and pid 1
[    5.735762] random 0051 0000 0000 fd637b06 6cf47bc1: add_disk_randomness(8:0) fd637b06 6cf47bc1
[    5.735766] random 0051 0000 0000 fd637b06 6cf47bc1: add_timer_randomness(.. 8388864) with jiffies: 14630260620092211761, cycles: -3816483457912012789
[    5.735769] random 0051 0000 0000 fd637b06 6cf47bc1: added 2 entropy credits to input
[    5.748423] random 0053 0000 0000 fd637b06 6cf47bc1: add_disk_randomness(8:0) fd637b06 6cf47bc1
[    5.748426] random 0053 0000 0000 fd637b06 6cf47bc1: add_timer_randomness(.. 8388864) with jiffies: 14744176849432838717, cycles: -3702567228571385845
[    5.748429] random 0053 0000 0000 fd637b06 6cf47bc1: added 2 entropy credits to input
[    5.748525] random 0055 0000 0000 fd637b06 6cf47bc1: add_disk_randomness(8:0) fd637b06 6cf47bc1
[    5.748528] random 0055 0000 0000 fd637b06 6cf47bc1: add_timer_randomness(.. 8388864) with jiffies: 14745080145479696958, cycles: -3701663932524527605
[    5.750725] random 0055 0000 0000 fd637b06 6cf47bc1: add_disk_randomness(8:0) fd637b06 6cf47bc1
[    5.750729] random 0055 0000 0000 fd637b06 6cf47bc1: add_timer_randomness(.. 8388864) with jiffies: 14764881808730063424, cycles: -3681862269274161141
[    5.750983] random 0055 0000 0000 fd637b06 6cf47bc1: add_disk_randomness(8:0) fd637b06 6cf47bc1
[    5.750986] random 0055 0000 0000 fd637b06 6cf47bc1: add_timer_randomness(.. 8388864) with jiffies: 14767206025987326528, cycles: -3679538052016898037
[    5.751156] random 0055 0000 0000 fd637b06 6cf47bc1: add_disk_randomness(8:0) fd637b06 6cf47bc1
[    5.751160] random 0055 0000 0000 fd637b06 6cf47bc1: add_timer_randomness(.. 8388864) with jiffies: 14768765215079891520, cycles: -3677978862924333045
[    5.754279] random 0055 0000 0000 fd637b06 6cf47bc1: add_disk_randomness(8:0) fd637b06 6cf47bc1
[    5.754282] random 0055 0000 0000 fd637b06 6cf47bc1: add_timer_randomness(.. 8388864) with jiffies: 14796864579052470851, cycles: -3649879498951753717
[    5.754285] random 0055 0000 0000 fd637b06 6cf47bc1: added 1 entropy credits to input
[    5.756294] random 0056 0000 0000 fd637b06 6cf47bc1: add_disk_randomness(8:0) fd637b06 6cf47bc1
[    5.756297] random 0056 0000 0000 fd637b06 6cf47bc1: add_timer_randomness(.. 8388864) with jiffies: 14814989079048585797, cycles: -3631754998955638773
[    5.764122] random 0056 0000 0000 fd637b06 6cf47bc1: add_disk_randomness(8:0) fd637b06 6cf47bc1
[    5.764125] random 0056 0000 0000 fd637b06 6cf47bc1: add_timer_randomness(.. 8388864) with jiffies: 14885413069390578253, cycles: -3561331008613646325
[    5.764128] random 0056 0000 0000 fd637b06 6cf47bc1: added 2 entropy credits to input
[    5.764260] random 0058 0000 0000 fd637b06 6cf47bc1: add_disk_randomness(8:0) fd637b06 6cf47bc1
[    5.764263] random 0058 0000 0000 fd637b06 6cf47bc1: add_timer_randomness(.. 8388864) with jiffies: 14886655543299768909, cycles: -3560088534704455669
[    5.767822] random 0058 0000 0000 fd637b06 6cf47bc1: add_disk_randomness(8:0) fd637b06 6cf47bc1
[    5.767825] random 0058 0000 0000 fd637b06 6cf47bc1: add_timer_randomness(.. 8388864) with jiffies: 14918703249232724561, cycles: -3528040828771500021
[    5.767828] random 0058 0000 0000 fd637b06 6cf47bc1: added 2 entropy credits to input
[    5.772314] random 0060 0000 0000 fd637b06 6cf47bc1: add_disk_randomness(8:0) fd637b06 6cf47bc1
[    5.772317] random 0060 0000 0000 fd637b06 6cf47bc1: add_timer_randomness(.. 8388864) with jiffies: 14959120583705199189, cycles: -3487623494299025397
[    5.777895] random 0060 0000 0000 fd637b06 6cf47bc1: add_disk_randomness(8:0) fd637b06 6cf47bc1
[    5.777898] random 0060 0000 0000 fd637b06 6cf47bc1: add_timer_randomness(.. 8388864) with jiffies: 15009328648316224091, cycles: -3437415429688000501
[    5.777901] random 0060 0000 0000 fd637b06 6cf47bc1: added 1 entropy credits to input
[    5.784174] random 0061 0000 0000 fd637b06 6cf47bc1: add_disk_randomness(8:0) fd637b06 6cf47bc1
[    5.784177] random 0061 0000 0000 fd637b06 6cf47bc1: add_timer_randomness(.. 8388864) with jiffies: 15065823028925137505, cycles: -3380921049079087093
[    5.784190] random 0061 0000 0000 fd637b06 6cf47bc1: rand_read_num 12 get_random_bytes(16): sig 0000033b fd637b06 6cf47bc1
[    5.784193] random 0061 0000 0000 fd637b06 6cf47bc1: extract_entropy(.. 16 ..)
[    5.784195] random 0061 0000 0000 fd637b06 6cf47bc1: going to reseed nonblocking with 128 bits (128 of 0 requested)
[    5.784198] random 0061 0000 0000 fd637b06 6cf47bc1: extract_entropy(.. 16 ..)
[    5.784200] random 0061 0000 0000 fd637b06 6cf47bc1: trying to extract 128 bits from input
[    5.784202] random 0061 0000 0000 fd637b06 6cf47bc1: debiting 0 entropy credits from input
[    5.784204] random 0061 0000 0000 fd637b06 6cf47bc1: extract_entropy account returned: 0 
[    5.784207] random 0061 0000 0000 fd637b06 6cf47bc1: urand_change_num 50 xfer_secondary_pool(16): pool_sig 0000033b, data_sig 00000000, bytes_mixed 0 fd637b06 6cf47bc1
[    5.784210] random 0061 0000 0000 fd637b06 6cf47bc1: trying to extract 128 bits from nonblocking
[    5.784213] random 0061 0000 0000 fd637b06 6cf47bc1: debiting 128 entropy credits from nonblocking (unlimited)
[    5.784215] random 0061 0000 0000 fd637b06 6cf47bc1: extract_entropy account returned: 16 
[    5.784219] random 0061 0000 0000 fd637b06 6cf47bc1: urand_change_num 51 extract_buf: pool_sig 0000033b, data_sig 000000d8, bytes_mixed 20 fd637b06 6cf47bc1
[    5.784225] random 0061 0000 0000 0ec1f012 d4727ca8: urand_change_num 52 extract_buf: pool_sig fffffcf5, data_sig 00000016, bytes_mixed 20 0ec1f012 d4727ca8
[    5.790918] random 0061 0000 0000 45b1d0b1 845a73f7: add_disk_randomness(8:0) 45b1d0b1 845a73f7
[    5.790921] random 0061 0000 0000 45b1d0b1 845a73f7: add_timer_randomness(.. 8388864) with jiffies: 15126496515792274024, cycles: -3320247562211950581
[    5.806459] random 0061 0000 0000 45b1d0b1 845a73f7: add_disk_randomness(8:0) 45b1d0b1 845a73f7
[    5.806462] random 0061 0000 0000 45b1d0b1 845a73f7: add_timer_randomness(.. 8388864) with jiffies: 15266327645789061751, cycles: -3180416432215162869
[    5.806465] random 0061 0000 0000 45b1d0b1 845a73f7: added 2 entropy credits to input
[    5.816109] random 0063 0000 0000 45b1d0b1 845a73f7: add_disk_randomness(8:0) 45b1d0b1 845a73f7
[    5.816112] random 0063 0000 0000 45b1d0b1 845a73f7: add_timer_randomness(.. 8388864) with jiffies: 15353144362363748993, cycles: -3093599715640475637
[    5.816115] random 0063 0000 0000 45b1d0b1 845a73f7: added 2 entropy credits to input
[    5.823883] random 0065 0000 0000 45b1d0b1 845a73f7: add_disk_randomness(8:0) 45b1d0b1 845a73f7
[    5.823886] random 0065 0000 0000 45b1d0b1 845a73f7: add_timer_randomness(.. 8388864) with jiffies: 15423079185995498121, cycles: -3023664892008726517
[    5.823889] random 0065 0000 0000 45b1d0b1 845a73f7: added 1 entropy credits to input
[    5.827030] random 0066 0000 0000 45b1d0b1 845a73f7: add_disk_randomness(8:0) 45b1d0b1 845a73f7
[    5.827033] random 0066 0000 0000 45b1d0b1 845a73f7: add_timer_randomness(.. 8388864) with jiffies: 15451395871018287756, cycles: -2995348206985936885
[    5.827036] random 0066 0000 0000 45b1d0b1 845a73f7: added 1 entropy credits to input
[    5.841300] random 0067 0000 0000 45b1d0b1 845a73f7: add_disk_randomness(8:0) 45b1d0b1 845a73f7
[    5.841303] random 0067 0000 0000 45b1d0b1 845a73f7: add_timer_randomness(.. 8388864) with jiffies: 15579783460086842010, cycles: -2866960617917382645
[    5.841306] random 0067 0000 0000 45b1d0b1 845a73f7: added 3 entropy credits to input
[    5.846695] random 0070 0000 0000 45b1d0b1 845a73f7: add_disk_randomness(8:0) 45b1d0b1 845a73f7
[    5.846698] random 0070 0000 0000 45b1d0b1 845a73f7: add_timer_randomness(.. 8388864) with jiffies: 15628312780895650464, cycles: -2818431297108574197
[    5.846701] random 0070 0000 0000 45b1d0b1 845a73f7: added 2 entropy credits to input
[    5.851865] random 0072 0000 0000 45b1d0b1 845a73f7: add_disk_randomness(8:0) 45b1d0b1 845a73f7
[    5.851868] random 0072 0000 0000 45b1d0b1 845a73f7: add_timer_randomness(.. 8388864) with jiffies: 15674828651100865189, cycles: -2771915426903359477
[    5.864233] random 0072 0000 0000 45b1d0b1 845a73f7: add_disk_randomness(8:0) 45b1d0b1 845a73f7
[    5.864236] random 0072 0000 0000 45b1d0b1 845a73f7: add_timer_randomness(.. 8388864) with jiffies: 15786108904393114289, cycles: -2660635173611110389
[    5.864239] random 0072 0000 0000 45b1d0b1 845a73f7: added 2 entropy credits to input
[    5.877522] random 0074 0000 0000 45b1d0b1 845a73f7: add_disk_randomness(8:0) 45b1d0b1 845a73f7
[    5.877525] random 0074 0000 0000 45b1d0b1 845a73f7: add_timer_randomness(.. 8388864) with jiffies: 15905658537393226431, cycles: -2541085540610998261
[    5.877527] random 0074 0000 0000 45b1d0b1 845a73f7: added 1 entropy credits to input
[    5.893373] random 0075 0000 0000 45b1d0b1 845a73f7: add_disk_randomness(8:0) 45b1d0b1 845a73f7
[    5.893376] random 0075 0000 0000 45b1d0b1 845a73f7: add_timer_randomness(.. 8388864) with jiffies: 16048288710461719246, cycles: -2398455367542505461
[    5.902976] random 0075 0000 0000 45b1d0b1 845a73f7: add_disk_randomness(8:0) 45b1d0b1 845a73f7
[    5.902979] random 0075 0000 0000 45b1d0b1 845a73f7: add_timer_randomness(.. 8388864) with jiffies: 16134673443520742104, cycles: -2312070634483482613
[    5.902981] random 0075 0000 0000 45b1d0b1 845a73f7: added 2 entropy credits to input
[    5.910507] random 0077 0000 0000 45b1d0b1 845a73f7: add_disk_randomness(8:0) 45b1d0b1 845a73f7
[    5.910510] random 0077 0000 0000 45b1d0b1 845a73f7: add_timer_randomness(.. 8388864) with jiffies: 16202427321414288096, cycles: -2244316756589936629
[    5.910513] random 0077 0000 0000 45b1d0b1 845a73f7: added 1 entropy credits to input
[    5.920519] random 0078 0000 0000 45b1d0b1 845a73f7: add_disk_randomness(8:0) 45b1d0b1 845a73f7
[    5.920522] random 0078 0000 0000 45b1d0b1 845a73f7: add_timer_randomness(.. 8388864) with jiffies: 16292508934688441066, cycles: -2154235143315783669
[    5.920525] random 0078 0000 0000 45b1d0b1 845a73f7: added 1 entropy credits to input
[    5.933401] random 0079 0000 0000 45b1d0b1 845a73f7: add_disk_randomness(8:0) 45b1d0b1 845a73f7
[    5.933404] random 0079 0000 0000 45b1d0b1 845a73f7: add_timer_randomness(.. 8388864) with jiffies: 16408415752521745142, cycles: -2038328325482479605
[    5.940762] random 0079 0000 0000 45b1d0b1 845a73f7: add_disk_randomness(8:0) 45b1d0b1 845a73f7
[    5.940765] random 0079 0000 0000 45b1d0b1 845a73f7: add_timer_randomness(.. 8388864) with jiffies: 16474637229033751294, cycles: -1972106848970473461
[    5.940768] random 0079 0000 0000 45b1d0b1 845a73f7: added 2 entropy credits to input
[    5.946052] random 0081 0000 0000 45b1d0b1 845a73f7: add_disk_randomness(8:0) 45b1d0b1 845a73f7
[    5.946055] random 0081 0000 0000 45b1d0b1 845a73f7: add_timer_randomness(.. 8388864) with jiffies: 16522230332871377667, cycles: -1924513745132847093
[    5.952449] random 0081 0000 0000 45b1d0b1 845a73f7: add_disk_randomness(8:0) 45b1d0b1 845a73f7
[    5.952452] random 0081 0000 0000 45b1d0b1 845a73f7: add_timer_randomness(.. 8388864) with jiffies: 16579788014238794505, cycles: -1866956063765430261
[    5.957503] random 0081 0000 0000 45b1d0b1 845a73f7: add_disk_randomness(8:0) 45b1d0b1 845a73f7
[    5.957506] random 0081 0000 0000 45b1d0b1 845a73f7: add_timer_randomness(.. 8388864) with jiffies: 16625251900924330767, cycles: -1821492177079894005
[    5.963402] random 0081 0000 0000 45b1d0b1 845a73f7: add_disk_randomness(8:0) 45b1d0b1 845a73f7
[    5.963405] random 0081 0000 0000 45b1d0b1 845a73f7: add_timer_randomness(.. 8388864) with jiffies: 16678334187714609940, cycles: -1768409890289614837
[    5.972754] random 0081 0000 0000 45b1d0b1 845a73f7: add_disk_randomness(8:0) 45b1d0b1 845a73f7
[    5.972757] random 0081 0000 0000 45b1d0b1 845a73f7: add_timer_randomness(.. 8388864) with jiffies: 16762467443082494750, cycles: -1684276634921730037
[    5.972760] random 0081 0000 0000 45b1d0b1 845a73f7: added 2 entropy credits to input
[    5.977634] random 0083 0000 0000 45b1d0b1 845a73f7: add_disk_randomness(8:0) 45b1d0b1 845a73f7
[    5.977637] random 0083 0000 0000 45b1d0b1 845a73f7: add_timer_randomness(.. 8388864) with jiffies: 16806364113381589795, cycles: -1640379964622634997
[    5.977639] random 0083 0000 0000 45b1d0b1 845a73f7: added 2 entropy credits to input
[    5.985066] random 0085 0000 0000 45b1d0b1 845a73f7: add_disk_randomness(8:0) 45b1d0b1 845a73f7
[    5.985069] random 0085 0000 0000 45b1d0b1 845a73f7: add_timer_randomness(.. 8388864) with jiffies: 16873238235944026922, cycles: -1573505842060197877
[    5.985072] random 0085 0000 0000 45b1d0b1 845a73f7: added 1 entropy credits to input
[    5.991283] random 0086 0000 0000 45b1d0b1 845a73f7: add_disk_randomness(8:0) 45b1d0b1 845a73f7
[    5.991286] random 0086 0000 0000 45b1d0b1 845a73f7: add_timer_randomness(.. 8388864) with jiffies: 16929178235059274544, cycles: -1517565842944950261
[    5.991435] random 0086 0000 0000 45b1d0b1 845a73f7: add_disk_randomness(8:0) 45b1d0b1 845a73f7
[    5.991438] random 0086 0000 0000 45b1d0b1 845a73f7: add_timer_randomness(.. 8388864) with jiffies: 16930543957349991216, cycles: -1516200120654233589
[    6.005847] random 0086 0000 0000 45b1d0b1 845a73f7: add_disk_randomness(8:0) 45b1d0b1 845a73f7
[    6.005851] random 0086 0000 0000 45b1d0b1 845a73f7: add_timer_randomness(.. 8388864) with jiffies: 17060207800245519167, cycles: -1386536277758705653
[    6.005854] random 0086 0000 0000 45b1d0b1 845a73f7: added 3 entropy credits to input
[    6.013266] random 0089 0000 0000 45b1d0b1 845a73f7: add_disk_randomness(8:0) 45b1d0b1 845a73f7
[    6.013269] random 0089 0000 0000 45b1d0b1 845a73f7: add_timer_randomness(.. 8388864) with jiffies: 17126957497605391174, cycles: -1319786580398833653
[    6.013272] random 0089 0000 0000 45b1d0b1 845a73f7: added 2 entropy credits to input
[    6.022948] random 0091 0000 0000 45b1d0b1 845a73f7: add_disk_randomness(8:0) 45b1d0b1 845a73f7
[    6.022951] random 0091 0000 0000 45b1d0b1 845a73f7: add_timer_randomness(.. 8388864) with jiffies: 17214063063615636304, cycles: -1232681014388588533
[    6.022954] random 0091 0000 0000 45b1d0b1 845a73f7: added 1 entropy credits to input
[    6.033575] random 0092 0000 0000 45b1d0b1 845a73f7: add_disk_randomness(8:0) 45b1d0b1 845a73f7
[    6.033578] random 0092 0000 0000 45b1d0b1 845a73f7: add_timer_randomness(.. 8388864) with jiffies: 17309667455076631387, cycles: -1137076622927593461
[    6.046096] random 0092 0000 0000 45b1d0b1 845a73f7: add_disk_randomness(8:0) 45b1d0b1 845a73f7
[    6.046099] random 0092 0000 0000 45b1d0b1 845a73f7: add_timer_randomness(.. 8388864) with jiffies: 17422320873837921127, cycles: -1024423204166303733
[    6.047299] random 0092 0000 0000 45b1d0b1 845a73f7: add_disk_randomness(8:0) 45b1d0b1 845a73f7
[    6.047302] random 0092 0000 0000 45b1d0b1 845a73f7: add_timer_randomness(.. 8388864) with jiffies: 17433152987516863336, cycles: -1013591090487361525
[    6.051319] random 0092 0000 0000 45b1d0b1 845a73f7: add_disk_randomness(8:0) 45b1d0b1 845a73f7
[    6.051322] random 0092 0000 0000 45b1d0b1 845a73f7: add_timer_randomness(.. 8388864) with jiffies: 17469318652258648940, cycles: -977425425745575925
[    6.051325] random 0092 0000 0000 45b1d0b1 845a73f7: added 1 entropy credits to input
[    6.060664] random 0093 0000 0000 45b1d0b1 845a73f7: add_disk_randomness(8:0) 45b1d0b1 845a73f7
[    6.060667] random 0093 0000 0000 45b1d0b1 845a73f7: add_timer_randomness(.. 8388864) with jiffies: 17553386649893438326, cycles: -893357428110786549
[    6.060670] random 0093 0000 0000 45b1d0b1 845a73f7: added 1 entropy credits to input
[    6.061009] random 0094 0000 0000 45b1d0b1 845a73f7: add_disk_randomness(8:0) 45b1d0b1 845a73f7
[    6.061012] random 0094 0000 0000 45b1d0b1 845a73f7: add_timer_randomness(.. 8388864) with jiffies: 17556495287092740982, cycles: -890248790911483893
[    6.076668] random 0094 0000 0000 45b1d0b1 845a73f7: add_disk_randomness(8:0) 45b1d0b1 845a73f7
[    6.076671] random 0094 0000 0000 45b1d0b1 845a73f7: add_timer_randomness(.. 8388864) with jiffies: 17697377631810061190, cycles: -749366446194163701
[    6.076674] random 0094 0000 0000 45b1d0b1 845a73f7: added 4 entropy credits to input
[    6.078304] random 0098 0000 0000 45b1d0b1 845a73f7: add_disk_randomness(8:0) 45b1d0b1 845a73f7
[    6.078307] random 0098 0000 0000 45b1d0b1 845a73f7: add_timer_randomness(.. 8388864) with jiffies: 17712099598584742791, cycles: -734644479419482101
[    6.078456] random 0098 0000 0000 45b1d0b1 845a73f7: add_disk_randomness(8:0) 45b1d0b1 845a73f7
[    6.078463] random 0098 0000 0000 45b1d0b1 845a73f7: add_timer_randomness(.. 8388864) with jiffies: 17713489630390354824, cycles: -733254447613870069
[    6.089322] random 0098 0000 0000 45b1d0b1 845a73f7: add_disk_randomness(8:0) 45b1d0b1 845a73f7
[    6.089325] random 0098 0000 0000 45b1d0b1 845a73f7: add_timer_randomness(.. 8388864) with jiffies: 17811234964264158098, cycles: -635509113740066805
[    6.089328] random 0098 0000 0000 45b1d0b1 845a73f7: added 3 entropy credits to input
[    6.089887] random 0101 0000 0000 45b1d0b1 845a73f7: add_disk_randomness(8:0) 45b1d0b1 845a73f7
[    6.089890] random 0101 0000 0000 45b1d0b1 845a73f7: add_timer_randomness(.. 8388864) with jiffies: 17816311280600581011, cycles: -630432797403643893
[    6.095118] random 0101 0000 0000 45b1d0b1 845a73f7: add_disk_randomness(8:0) 45b1d0b1 845a73f7
[    6.095121] random 0101 0000 0000 45b1d0b1 845a73f7: add_timer_randomness(.. 8388864) with jiffies: 17863375214402569112, cycles: -583368863601655797
[    6.095124] random 0101 0000 0000 45b1d0b1 845a73f7: added 2 entropy credits to input
[    6.096914] random 0103 0000 0000 45b1d0b1 845a73f7: add_disk_randomness(8:0) 45b1d0b1 845a73f7
[    6.096917] random 0103 0000 0000 45b1d0b1 845a73f7: add_timer_randomness(.. 8388864) with jiffies: 17879530188425626522, cycles: -567213889578598389
[    6.096920] random 0103 0000 0000 45b1d0b1 845a73f7: added 1 entropy credits to input
[    6.107105] random 0104 0000 0000 45b1d0b1 845a73f7: add_disk_randomness(8:0) 45b1d0b1 845a73f7
