[    0.000000] random 0000 0000 0000 00000000 00000000: rand_read_num 1 get_random_bytes(8): sig 00000000 00000000 00000000
[    0.000000] random 0000 0000 0000 00000000 00000000: extract_entropy(.. 8 ..)
[    0.000000] random 0000 0000 0000 00000000 00000000: going to reseed nonblocking with 64 bits (64 of 0 requested)
[    0.000000] random 0000 0000 0000 00000000 00000000: extract_entropy(.. 8 ..)
[    0.000000] random 0000 0000 0000 00000000 00000000: trying to extract 64 bits from input
[    0.000000] random 0000 0000 0000 00000000 00000000: debiting 0 entropy credits from input
[    0.000000] random 0000 0000 0000 00000000 00000000: extract_entropy account returned: 0 
[    0.000000] random 0000 0000 0000 00000000 00000000: urand_change_num 1 xfer_secondary_pool(8): pool_sig 00000000, data_sig 00000000, bytes_mixed 0 00000000 00000000
[    0.000000] random 0000 0000 0000 00000000 00000000: trying to extract 64 bits from nonblocking
[    0.000000] random 0000 0000 0000 00000000 00000000: debiting 64 entropy credits from nonblocking (unlimited)
[    0.000000] random 0000 0000 0000 00000000 00000000: extract_entropy account returned: 8 
[    0.000000] random 0000 0000 0000 00000000 00000000: urand_change_num 2 extract_buf: pool_sig 00000000, data_sig fffffff9, bytes_mixed 20 00000000 00000000
[    0.000000] Linux version 2.6.32.57 (dcashman@dcashman-02) (gcc version 4.3.3 (GCC) ) #6 Thu May 30 09:02:12 PDT 2013
[    0.000000] KERNEL supported cpus:
[    0.000000]   Intel GenuineIntel
[    0.000000]   AMD AuthenticAMD
[    0.000000]   NSC Geode by NSC
[    0.000000]   Cyrix CyrixInstead
[    0.000000]   Centaur CentaurHauls
[    0.000000]   Transmeta GenuineTMx86
[    0.000000]   Transmeta TransmetaCPU
[    0.000000]   UMC UMC UMC UMC
[    0.000000] BIOS-provided physical RAM map:
[    0.000000]  BIOS-e820: 0000000000000000 - 000000000009d800 (usable)
[    0.000000]  BIOS-e820: 000000000009d800 - 00000000000a0000 (reserved)
[    0.000000]  BIOS-e820: 00000000000d2000 - 00000000000d4000 (reserved)
[    0.000000]  BIOS-e820: 00000000000e0000 - 0000000000100000 (reserved)
[    0.000000]  BIOS-e820: 0000000000100000 - 000000003d6b0000 (usable)
[    0.000000]  BIOS-e820: 000000003d6b0000 - 000000003d6cc000 (ACPI data)
[    0.000000]  BIOS-e820: 000000003d6cc000 - 000000003d700000 (ACPI NVS)
[    0.000000]  BIOS-e820: 000000003d700000 - 000000003e000000 (reserved)
[    0.000000]  BIOS-e820: 00000000f0000000 - 00000000f4000000 (reserved)
[    0.000000]  BIOS-e820: 00000000fec00000 - 00000000fec10000 (reserved)
[    0.000000]  BIOS-e820: 00000000fed00000 - 00000000fed00400 (reserved)
[    0.000000]  BIOS-e820: 00000000fed14000 - 00000000fed1a000 (reserved)
[    0.000000]  BIOS-e820: 00000000fed1c000 - 00000000fed90000 (reserved)
[    0.000000]  BIOS-e820: 00000000fee00000 - 00000000fee01000 (reserved)
[    0.000000]  BIOS-e820: 00000000ff000000 - 0000000100000000 (reserved)
[    0.000000] DMI present.
[    0.000000] last_pfn = 0x3d6b0 max_arch_pfn = 0x100000
[    0.000000] MTRR default type: uncachable
[    0.000000] MTRR fixed ranges enabled:
[    0.000000]   00000-9FFFF write-back
[    0.000000]   A0000-BFFFF uncachable
[    0.000000]   C0000-CFFFF write-protect
[    0.000000]   D0000-DFFFF uncachable
[    0.000000]   E0000-FFFFF write-protect
[    0.000000] MTRR variable ranges enabled:
[    0.000000]   0 base 03E000000 mask FFE000000 uncachable
[    0.000000]   1 base 000000000 mask FC0000000 write-back
[    0.000000]   2 base 03D700000 mask FFFF00000 uncachable
[    0.000000]   3 base 03D800000 mask FFF800000 uncachable
[    0.000000]   4 disabled
[    0.000000]   5 disabled
[    0.000000]   6 disabled
[    0.000000]   7 disabled
[    0.000000] initial memory mapped : 0 - 02000000
[    0.000000] init_memory_mapping: 0000000000000000-00000000377fe000
[    0.000000]  0000000000 - 0000400000 page 4k
[    0.000000]  0000400000 - 0037400000 page 2M
[    0.000000]  0037400000 - 00377fe000 page 4k
[    0.000000] kernel direct mapping tables up to 377fe000 @ 7000-c000
[    0.000000] ACPI: RSDP 000f68d0 00024 (v02 LENOVO)
[    0.000000] ACPI: XSDT 3d6bb77f 00094 (v01 LENOVO TP-7L    00002170  LTP 00000000)
[    0.000000] ACPI: FACP 3d6bb900 000F4 (v03 LENOVO TP-7L    00002170 LNVO 00000001)
[    0.000000] ACPI Warning: 32/64X length mismatch in Gpe1Block: 0/32 (20090903/tbfadt-526)
[    0.000000] ACPI Warning: Optional field Gpe1Block has zero address or length: 000000000000102C/0 (20090903/tbfadt-557)
[    0.000000] ACPI: DSDT 3d6bbd1d 0FED1 (v01 LENOVO TP-7L    00002170 MSFT 03000000)
[    0.000000] ACPI: FACS 3d6e4000 00040
[    0.000000] ACPI: SSDT 3d6bbab4 00269 (v01 LENOVO TP-7L    00002170 MSFT 03000000)
[    0.000000] ACPI: ECDT 3d6cbbee 00052 (v01 LENOVO TP-7L    00002170 LNVO 00000001)
[    0.000000] ACPI: TCPA 3d6cbc40 00032 (v02 LENOVO TP-7L    00002170 LNVO 00000001)
[    0.000000] ACPI: APIC 3d6cbc72 00068 (v01 LENOVO TP-7L    00002170 LNVO 00000001)
[    0.000000] ACPI: MCFG 3d6cbcda 0003C (v01 LENOVO TP-7L    00002170 LNVO 00000001)
[    0.000000] ACPI: HPET 3d6cbd16 00038 (v01 LENOVO TP-7L    00002170 LNVO 00000001)
[    0.000000] ACPI: SLIC 3d6cbdf0 00176 (v01 LENOVO TP-7L    00002170  LTP 00000000)
[    0.000000] ACPI: BOOT 3d6cbf66 00028 (v01 LENOVO TP-7L    00002170  LTP 00000001)
[    0.000000] ACPI: ASF! 3d6cbf8e 00072 (v16 LENOVO TP-7L    00002170 PTL  00000001)
[    0.000000] ACPI: SSDT 3d6e26d9 0025F (v01 LENOVO TP-7L    00002170 INTL 20050513)
[    0.000000] ACPI: SSDT 3d6e2938 000A6 (v01 LENOVO TP-7L    00002170 INTL 20050513)
[    0.000000] ACPI: SSDT 3d6e29de 004F7 (v01 LENOVO TP-7L    00002170 INTL 20050513)
[    0.000000] ACPI: SSDT 3d6e2ed5 001D8 (v01 LENOVO TP-7L    00002170 INTL 20050513)
[    0.000000] ACPI: DMI detected: Lenovo ThinkPad R61
[    0.000000] ACPI: Added _OSI(Linux)
[    0.000000] ACPI: Local APIC address 0xfee00000
[    0.000000] 94MB HIGHMEM available.
[    0.000000] 887MB LOWMEM available.
[    0.000000]   mapped low ram: 0 - 377fe000
[    0.000000]   low ram: 0 - 377fe000
[    0.000000]   node 0 low ram: 00000000 - 377fe000
[    0.000000]   node 0 bootmap 00008000 - 0000ef00
[    0.000000] (6 early reservations) ==> bootmem [0000000000 - 00377fe000]
[    0.000000]   #0 [0000000000 - 0000001000]   BIOS data page ==> [0000000000 - 0000001000]
[    0.000000]   #1 [0001000000 - 0001bdc180]    TEXT DATA BSS ==> [0001000000 - 0001bdc180]
[    0.000000]   #2 [000009d800 - 0000100000]    BIOS reserved ==> [000009d800 - 0000100000]
[    0.000000]   #3 [0001bdd000 - 0001be516c]              BRK ==> [0001bdd000 - 0001be516c]
[    0.000000]   #4 [0000007000 - 0000008000]          PGTABLE ==> [0000007000 - 0000008000]
[    0.000000]   #5 [0000008000 - 000000f000]          BOOTMAP ==> [0000008000 - 000000f000]
[    0.000000] found SMP MP-table at [c00f6900] f6900
[    0.000000] Zone PFN ranges:
[    0.000000]   DMA      0x00000000 -> 0x00001000
[    0.000000]   Normal   0x00001000 -> 0x000377fe
[    0.000000]   HighMem  0x000377fe -> 0x0003d6b0
[    0.000000] Movable zone start PFN for each node
[    0.000000] early_node_map[2] active PFN ranges
[    0.000000]     0: 0x00000000 -> 0x0000009d
[    0.000000]     0: 0x00000100 -> 0x0003d6b0
[    0.000000] On node 0 totalpages: 251469
[    0.000000] free_area_init_node: node 0, pgdat c1901ea0, node_mem_map c1be7000
[    0.000000]   DMA zone: 32 pages used for memmap
[    0.000000]   DMA zone: 0 pages reserved
[    0.000000]   DMA zone: 3965 pages, LIFO batch:0
[    0.000000]   Normal zone: 1744 pages used for memmap
[    0.000000]   Normal zone: 221486 pages, LIFO batch:31
[    0.000000]   HighMem zone: 190 pages used for memmap
[    0.000000]   HighMem zone: 24052 pages, LIFO batch:3
[    0.000000] Using APIC driver default
[    0.000000] ACPI: PM-Timer IO Port: 0x1008
[    0.000000] ACPI: Local APIC address 0xfee00000
[    0.000000] ACPI: LAPIC (acpi_id[0x00] lapic_id[0x00] enabled)
[    0.000000] ACPI: LAPIC (acpi_id[0x01] lapic_id[0x01] enabled)
[    0.000000] ACPI: NR_CPUS/possible_cpus limit of 1 reached.  Processor 1/0x1 ignored.
[    0.000000] ACPI: LAPIC_NMI (acpi_id[0x00] high edge lint[0x1])
[    0.000000] ACPI: LAPIC_NMI (acpi_id[0x01] high edge lint[0x1])
[    0.000000] ACPI: IOAPIC (id[0x01] address[0xfec00000] gsi_base[0])
[    0.000000] IOAPIC[0]: apic_id 1, version 32, address 0xfec00000, GSI 0-23
[    0.000000] ACPI: INT_SRC_OVR (bus 0 bus_irq 0 global_irq 2 dfl dfl)
[    0.000000] ACPI: INT_SRC_OVR (bus 0 bus_irq 9 global_irq 9 high level)
[    0.000000] ACPI: IRQ0 used by override.
[    0.000000] ACPI: IRQ2 used by override.
[    0.000000] ACPI: IRQ9 used by override.
[    0.000000] Using ACPI (MADT) for SMP configuration information
[    0.000000] ACPI: HPET id: 0x8086a201 base: 0xfed00000
[    0.000000] nr_irqs_gsi: 24
[    0.000000] PM: Registered nosave memory: 000000000009d000 - 000000000009e000
[    0.000000] PM: Registered nosave memory: 000000000009e000 - 00000000000a0000
[    0.000000] PM: Registered nosave memory: 00000000000a0000 - 00000000000d2000
[    0.000000] PM: Registered nosave memory: 00000000000d2000 - 00000000000d4000
[    0.000000] PM: Registered nosave memory: 00000000000d4000 - 00000000000e0000
[    0.000000] PM: Registered nosave memory: 00000000000e0000 - 0000000000100000
[    0.000000] Allocating PCI resources starting at 3e000000 (gap: 3e000000:b2000000)
[    0.000000] Built 1 zonelists in Zone order, mobility grouping on.  Total pages: 249503
[    0.000000] Kernel command line: auto BOOT_IMAGE=Linux ro root=802 vt.default_utf8=0 maxcpus=0
[    0.000000] PID hash table entries: 4096 (order: 2, 16384 bytes)
[    0.000000] Dentry cache hash table entries: 131072 (order: 7, 524288 bytes)
[    0.000000] Inode-cache hash table entries: 65536 (order: 6, 262144 bytes)
[    0.000000] Enabling fast FPU save and restore... done.
[    0.000000] Enabling unmasked SIMD FPU exception support... done.
[    0.000000] Initializing CPU#0
[    0.000000] Initializing HighMem for node 0 (000377fe:0003d6b0)
[    0.000000] Memory: 984800k/1006272k available (6915k kernel code, 20876k reserved, 2327k data, 448k init, 96968k highmem)
[    0.000000] virtual kernel memory layout:
[    0.000000]     fixmap  : 0xfffa3000 - 0xfffff000   ( 368 kB)
[    0.000000]     pkmap   : 0xff800000 - 0xffc00000   (4096 kB)
[    0.000000]     vmalloc : 0xf7ffe000 - 0xff7fe000   ( 120 MB)
[    0.000000]     lowmem  : 0xc0000000 - 0xf77fe000   ( 887 MB)
[    0.000000]       .init : 0xc1907000 - 0xc1977000   ( 448 kB)
[    0.000000]       .data : 0xc16c0d3f - 0xc1906c64   (2327 kB)
[    0.000000]       .text : 0xc1000000 - 0xc16c0d3f   (6915 kB)
[    0.000000] Checking if this processor honours the WP bit even in supervisor mode...Ok.
[    0.000000] SLUB: Genslabs=13, HWalign=64, Order=0-3, MinObjects=0, CPUs=1, Nodes=1
[    0.000000] Hierarchical RCU implementation.
[    0.000000] NR_IRQS:288
[    0.000000] Extended CMOS year: 2000
[    0.000000] Console: colour VGA+ 80x25
[    0.000000] console [tty0] enabled
[    0.000000] hpet clockevent registered
[    0.000000] Fast TSC calibration using PIT
[    0.000000] Detected 2094.330 MHz processor.
[    0.001002] Calibrating delay loop (skipped), value calculated using timer frequency.. 4188.66 BogoMIPS (lpj=2094330)
[    0.002007] Security Framework initialized
[    0.002092] Mount-cache hash table entries: 512
[    0.002237] CPU: L1 I cache: 32K, L1 D cache: 32K
[    0.002362] CPU: L2 cache: 3072K
[    0.002439] mce: CPU supports 6 MCE banks
[    0.002529] CPU0: Thermal monitoring enabled (TM2)
[    0.002609] using mwait in idle threads.
[    0.002694] CPU: Intel(R) Core(TM)2 Duo CPU     T8100  @ 2.10GHz stepping 06
[    0.002879] Checking 'hlt' instruction... OK.
[    0.006935] ACPI: Core revision 20090903
[    0.026013] RANDOM get_random_int first call with cycles 38455089939, jiffies 4294667322 and pid 0
[    0.026021] CANARY value: 98970284 for PID: 1
[    0.026027] CANARY value: 2a4a230c for PID: 2
[    0.026050] Enabling APIC mode:  Flat.  Using 1 I/O APICs
[    0.027367] ..TIMER: vector=0x30 apic1=0 pin1=2 apic2=-1 pin2=-1
[    0.037997] xor: automatically using best checksumming function: pIII_sse
[    0.041998]    pIII_sse  :  8568.000 MB/sec
[    0.042077] xor: using function: pIII_sse (8568.000 MB/sec)
[    0.042165] RANDOM - __seed init called.
[    0.042166] RANDOM - __seed init called.
[    0.042167] RANDOM - __seed init called.
[    0.042169] RANDOM - __random32 called. Change num 1.  Value: f7943846	49e73df3	af36cd0d
[    0.042170] RANDOM - __random32 called. Change num 2.  Value: 43846e13	9e73df37	9a1ad014
[    0.042172] RANDOM - __random32 called. Change num 3.  Value: 46e139c8	e73df373	a029598a
[    0.042174] RANDOM - __random32 called. Change num 4.  Value: 139c8c3b	73df373d	b3142c72
[    0.042176] RANDOM - __random32 called. Change num 5.  Value: c8c3b043	3df373de	58e576a9
[    0.042177] RANDOM - __random32 called. Change num 6.  Value: 3b0437d9	df373de5	ed53f9d8
[    0.042179] RANDOM - random32 init called.  Value: 3b0437d9	df373de5	ed53f9d8
[    0.042196] NET: Registered protocol family 16
[    0.042454] ACPI FADT declares the system doesn't support PCIe ASPM, so disable it
[    0.042568] ACPI: bus type pci registered
[    0.042727] PCI: MCFG configuration 0: base f0000000 segment 0 buses 0 - 63
[    0.042815] PCI: MCFG area at f0000000 reserved in E820
[    0.042900] PCI: Using MMCONFIG for extended config space
[    0.042980] PCI: Using configuration type 1 for base access
[    0.046084] bio: create slab <bio-0> at 0
[    0.046895] ACPI: EC: EC description table is found, configuring boot EC
[    0.052047] ACPI: BIOS _OSI(Linux) query honored via DMI
[    0.052767] random 0000 0000 0000 00000000 00000000: rand_read_num 2 get_random_bytes(8): sig fffffe1a 00000000 00000000
[    0.052769] random 0000 0000 0000 00000000 00000000: extract_entropy(.. 8 ..)
[    0.052772] random 0000 0000 0000 00000000 00000000: going to reseed nonblocking with 64 bits (64 of 0 requested)
[    0.052774] random 0000 0000 0000 00000000 00000000: extract_entropy(.. 8 ..)
[    0.052776] random 0000 0000 0000 00000000 00000000: trying to extract 64 bits from input
[    0.052778] random 0000 0000 0000 00000000 00000000: debiting 0 entropy credits from input
[    0.052780] random 0000 0000 0000 00000000 00000000: extract_entropy account returned: 0 
[    0.052809] random 0000 0000 0000 00000000 00000000: urand_change_num 3 xfer_secondary_pool(8): pool_sig fffffe1a, data_sig 00000000, bytes_mixed 0 00000000 00000000
[    0.052812] random 0000 0000 0000 00000000 00000000: trying to extract 64 bits from nonblocking
[    0.052815] random 0000 0000 0000 00000000 00000000: debiting 64 entropy credits from nonblocking (unlimited)
[    0.052817] random 0000 0000 0000 00000000 00000000: extract_entropy account returned: 8 
[    0.052821] random 0000 0000 0000 00000000 00000000: urand_change_num 4 extract_buf: pool_sig fffffe1a, data_sig fffffed7, bytes_mixed 20 00000000 00000000
[    0.057474] ACPI: Interpreter enabled
[    0.057556] ACPI: (supports S0 S3 S4 S5)
[    0.057846] ACPI: Using IOAPIC for interrupt routing
[    0.067647] ACPI: EC: GPE = 0x12, I/O: command/status = 0x66, data = 0x62
[    0.067918] ACPI: Power Resource [PUBS] (on)
[    0.070034] ACPI: ACPI Dock Station Driver: 3 docks/bays found
[    0.070446] ACPI: PCI Root Bridge [PCI0] (0000:00)
[    0.070621] pci 0000:00:02.0: reg 10 64bit mmio: [0xf8100000-0xf81fffff]
[    0.070627] pci 0000:00:02.0: reg 18 64bit mmio pref: [0xe0000000-0xefffffff]
[    0.070631] pci 0000:00:02.0: reg 20 io port: [0x1800-0x1807]
[    0.070666] pci 0000:00:02.1: reg 10 64bit mmio: [0xf8200000-0xf82fffff]
[    0.070770] pci 0000:00:19.0: reg 10 32bit mmio: [0xfe000000-0xfe01ffff]
[    0.070779] pci 0000:00:19.0: reg 14 32bit mmio: [0xfe025000-0xfe025fff]
[    0.070788] pci 0000:00:19.0: reg 18 io port: [0x1840-0x185f]
[    0.070858] pci 0000:00:19.0: PME# supported from D0 D3hot D3cold
[    0.070952] pci 0000:00:19.0: PME# disabled
[    0.071064] pci 0000:00:1a.0: reg 20 io port: [0x1860-0x187f]
[    0.071135] pci 0000:00:1a.1: reg 20 io port: [0x1880-0x189f]
[    0.071218] pci 0000:00:1a.7: reg 10 32bit mmio: [0xfe226c00-0xfe226fff]
[    0.071301] pci 0000:00:1a.7: PME# supported from D0 D3hot D3cold
[    0.071385] pci 0000:00:1a.7: PME# disabled
[    0.071513] pci 0000:00:1b.0: reg 10 64bit mmio: [0xfe020000-0xfe023fff]
[    0.071594] pci 0000:00:1b.0: PME# supported from D0 D3hot D3cold
[    0.071684] pci 0000:00:1b.0: PME# disabled
[    0.071899] pci 0000:00:1c.0: PME# supported from D0 D3hot D3cold
[    0.071999] pci 0000:00:1c.0: PME# disabled
[    0.072202] pci 0000:00:1c.1: PME# supported from D0 D3hot D3cold
[    0.072295] pci 0000:00:1c.1: PME# disabled
[    0.072496] pci 0000:00:1c.2: PME# supported from D0 D3hot D3cold
[    0.072587] pci 0000:00:1c.2: PME# disabled
[    0.072796] pci 0000:00:1c.3: PME# supported from D0 D3hot D3cold
[    0.072892] pci 0000:00:1c.3: PME# disabled
[    0.073115] pci 0000:00:1c.4: PME# supported from D0 D3hot D3cold
[    0.073203] pci 0000:00:1c.4: PME# disabled
[    0.074015] pci 0000:00:1d.0: reg 20 io port: [0x18a0-0x18bf]
[    0.074092] pci 0000:00:1d.1: reg 20 io port: [0x18c0-0x18df]
[    0.074169] pci 0000:00:1d.2: reg 20 io port: [0x18e0-0x18ff]
[    0.074270] pci 0000:00:1d.7: reg 10 32bit mmio: [0xfe227000-0xfe2273ff]
[    0.074375] pci 0000:00:1d.7: PME# supported from D0 D3hot D3cold
[    0.074463] pci 0000:00:1d.7: PME# disabled
[    0.074739] pci 0000:00:1f.0: quirk: region 1000-107f claimed by ICH6 ACPI/GPIO/TCO
[    0.074864] pci 0000:00:1f.0: quirk: region 1180-11bf claimed by ICH6 GPIO
[    0.074948] pci 0000:00:1f.0: ICH7 LPC Generic IO decode 1 PIO at 1600 (mask 007f)
[    0.074996] pci 0000:00:1f.0: ICH7 LPC Generic IO decode 2 PIO at 15e0 (mask 000f)
[    0.075118] pci 0000:00:1f.0: ICH7 LPC Generic IO decode 3 PIO at 1680 (mask 001f)
[    0.075308] pci 0000:00:1f.1: reg 10 io port: [0x00-0x07]
[    0.075317] pci 0000:00:1f.1: reg 14 io port: [0x00-0x03]
[    0.075326] pci 0000:00:1f.1: reg 18 io port: [0x00-0x07]
[    0.075336] pci 0000:00:1f.1: reg 1c io port: [0x00-0x03]
[    0.075345] pci 0000:00:1f.1: reg 20 io port: [0x1c00-0x1c0f]
[    0.075433] pci 0000:00:1f.2: reg 10 io port: [0x1c50-0x1c57]
[    0.075441] pci 0000:00:1f.2: reg 14 io port: [0x1c44-0x1c47]
[    0.075450] pci 0000:00:1f.2: reg 18 io port: [0x1c48-0x1c4f]
[    0.075459] pci 0000:00:1f.2: reg 1c io port: [0x1c40-0x1c43]
[    0.075468] pci 0000:00:1f.2: reg 20 io port: [0x1c20-0x1c3f]
[    0.075477] pci 0000:00:1f.2: reg 24 32bit mmio: [0xfe226000-0xfe2267ff]
[    0.075537] pci 0000:00:1f.2: PME# supported from D3hot
[    0.075626] pci 0000:00:1f.2: PME# disabled
[    0.075750] pci 0000:00:1f.3: reg 10 32bit mmio: [0xfe227400-0xfe2274ff]
[    0.075772] pci 0000:00:1f.3: reg 20 io port: [0x1c60-0x1c7f]
[    0.075863] pci 0000:00:1c.0: bridge io port: [0x2000-0x2fff]
[    0.075869] pci 0000:00:1c.0: bridge 32bit mmio: [0xfc000000-0xfdffffff]
[    0.075878] pci 0000:00:1c.0: bridge 64bit mmio pref: [0xf8000000-0xf80fffff]
[    0.076023] pci 0000:03:00.0: reg 10 64bit mmio: [0xdf3f0000-0xdf3fffff]
[    0.076218] pci 0000:00:1c.1: bridge io port: [0x3000-0x3fff]
[    0.076225] pci 0000:00:1c.1: bridge 32bit mmio: [0xdc000000-0xdf3fffff]
[    0.076233] pci 0000:00:1c.1: bridge 64bit mmio pref: [0xdfe00000-0xdfefffff]
[    0.076290] pci 0000:00:1c.2: bridge io port: [0x4000-0x4fff]
[    0.076296] pci 0000:00:1c.2: bridge 32bit mmio: [0xd8000000-0xd9ffffff]
[    0.076305] pci 0000:00:1c.2: bridge 64bit mmio pref: [0xdfb00000-0xdfbfffff]
[    0.076359] pci 0000:00:1c.3: bridge io port: [0x5000-0x5fff]
[    0.076366] pci 0000:00:1c.3: bridge 32bit mmio: [0xd4000000-0xd5ffffff]
[    0.076375] pci 0000:00:1c.3: bridge 64bit mmio pref: [0xdf800000-0xdf8fffff]
[    0.076435] pci 0000:00:1c.4: bridge io port: [0x6000-0x6fff]
[    0.076441] pci 0000:00:1c.4: bridge 32bit mmio: [0xd0000000-0xd1ffffff]
[    0.076449] pci 0000:00:1c.4: bridge 64bit mmio pref: [0xdf500000-0xdf5fffff]
[    0.076507] pci 0000:15:00.0: reg 10 32bit mmio: [0xf8300000-0xf8300fff]
[    0.076557] pci 0000:15:00.0: supports D1 D2
[    0.076558] pci 0000:15:00.0: PME# supported from D0 D1 D2 D3hot D3cold
[    0.076650] pci 0000:15:00.0: PME# disabled
[    0.076781] pci 0000:15:00.1: reg 10 32bit mmio: [0xf8301000-0xf83017ff]
[    0.076875] pci 0000:15:00.1: supports D1 D2
[    0.076876] pci 0000:15:00.1: PME# supported from D0 D1 D2 D3hot D3cold
[    0.076961] pci 0000:15:00.1: PME# disabled
[    0.077081] pci 0000:00:1e.0: transparent bridge
[    0.077169] pci 0000:00:1e.0: bridge io port: [0x7000-0xafff]
[    0.077175] pci 0000:00:1e.0: bridge 32bit mmio: [0xf8300000-0xfbffffff]
[    0.077183] pci 0000:00:1e.0: bridge 64bit mmio pref: [0xf4000000-0xf7ffffff]
[    0.077248] pci_bus 0000:00: on NUMA node 0
[    0.077252] ACPI: PCI Interrupt Routing Table [\_SB_.PCI0._PRT]
[    0.077385] ACPI: PCI Interrupt Routing Table [\_SB_.PCI0.EXP0._PRT]
[    0.077444] ACPI: PCI Interrupt Routing Table [\_SB_.PCI0.EXP1._PRT]
[    0.077502] ACPI: PCI Interrupt Routing Table [\_SB_.PCI0.EXP2._PRT]
[    0.077560] ACPI: PCI Interrupt Routing Table [\_SB_.PCI0.EXP3._PRT]
[    0.077623] ACPI: PCI Interrupt Routing Table [\_SB_.PCI0.EXP4._PRT]
[    0.077686] ACPI: PCI Interrupt Routing Table [\_SB_.PCI0.PCI1._PRT]
[    0.083228] ACPI: PCI Interrupt Link [LNKA] (IRQs 3 4 5 6 7 9 *10 11)
[    0.083958] ACPI: PCI Interrupt Link [LNKB] (IRQs 3 4 5 6 7 9 10 *11)
[    0.084674] ACPI: PCI Interrupt Link [LNKC] (IRQs 3 4 5 6 7 9 10 *11)
[    0.085379] ACPI: PCI Interrupt Link [LNKD] (IRQs 3 4 5 6 7 9 10 *11)
[    0.086154] ACPI: PCI Interrupt Link [LNKE] (IRQs 3 4 5 6 7 9 10 *11)
[    0.086877] ACPI: PCI Interrupt Link [LNKF] (IRQs 3 4 5 6 7 9 10 *11)
[    0.087565] ACPI: PCI Interrupt Link [LNKG] (IRQs 3 4 5 6 7 9 10 *11)
[    0.088326] ACPI: PCI Interrupt Link [LNKH] (IRQs 3 4 5 6 7 9 10 *11)
[    0.089056] vgaarb: device added: PCI:0000:00:02.0,decodes=io+mem,owns=io+mem,locks=none
[    0.089173] vgaarb: loaded
[    0.089351] SCSI subsystem initialized
[    0.089445] libata version 3.00 loaded.
[    0.089493] usbcore: registered new interface driver usbfs
[    0.089614] usbcore: registered new interface driver hub
[    0.089718] usbcore: registered new device driver usb
[    0.106041] raid6: int32x1    941 MB/s
[    0.122990] raid6: int32x2    886 MB/s
[    0.139989] raid6: int32x4    746 MB/s
[    0.156994] raid6: int32x8    656 MB/s
[    0.173984] raid6: mmxx1     2878 MB/s
[    0.190987] raid6: mmxx2     3253 MB/s
[    0.207999] raid6: sse1x1    1937 MB/s
[    0.224997] raid6: sse1x2    2535 MB/s
[    0.241983] raid6: sse2x1    3507 MB/s
[    0.258972] raid6: sse2x2    3824 MB/s
[    0.259054] raid6: using algorithm sse2x2 (3824 MB/s)
[    0.259148] PCI: Using ACPI for IRQ routing
[    0.259445] HPET: 3 timers in total, 0 timers will be used for per-cpu timer
[    0.259997] Switching to clocksource tsc
[    0.260096] pnp: PnP ACPI init
[    0.260186] ACPI: bus type pnp registered
[    0.263887] pnp: PnP ACPI: found 11 devices
[    0.263976] ACPI: ACPI bus type pnp unregistered
[    0.264064] system 00:00: iomem range 0x0-0x9ffff could not be reserved
[    0.264154] system 00:00: iomem range 0xc0000-0xc3fff could not be reserved
[    0.264241] system 00:00: iomem range 0xc4000-0xc7fff could not be reserved
[    0.264333] system 00:00: iomem range 0xc8000-0xcbfff has been reserved
[    0.264415] system 00:00: iomem range 0xcc000-0xcffff has been reserved
[    0.264498] system 00:00: iomem range 0xd0000-0xd3fff could not be reserved
[    0.264580] system 00:00: iomem range 0xe0000-0xe3fff could not be reserved
[    0.264674] system 00:00: iomem range 0xe4000-0xe7fff could not be reserved
[    0.264766] system 00:00: iomem range 0xe8000-0xebfff could not be reserved
[    0.264863] system 00:00: iomem range 0xec000-0xeffff could not be reserved
[    0.264947] system 00:00: iomem range 0xf0000-0xfffff could not be reserved
[    0.265037] system 00:00: iomem range 0x100000-0x3dffffff could not be reserved
[    0.265151] system 00:00: iomem range 0xfec00000-0xfed3ffff could not be reserved
[    0.265274] system 00:00: iomem range 0xfed4c000-0xffffffff could not be reserved
[    0.265397] system 00:02: ioport range 0x164e-0x164f has been reserved
[    0.265492] system 00:02: ioport range 0x1000-0x107f has been reserved
[    0.265578] system 00:02: ioport range 0x1180-0x11bf has been reserved
[    0.265660] system 00:02: ioport range 0x800-0x80f has been reserved
[    0.265748] system 00:02: ioport range 0x15e0-0x15ef has been reserved
[    0.265830] system 00:02: ioport range 0x1600-0x165f could not be reserved
[    0.265920] system 00:02: iomem range 0xf0000000-0xf3ffffff has been reserved
[    0.266004] system 00:02: iomem range 0xfed1c000-0xfed1ffff has been reserved
[    0.266087] system 00:02: iomem range 0xfed14000-0xfed17fff has been reserved
[    0.266174] system 00:02: iomem range 0xfed18000-0xfed18fff has been reserved
[    0.266257] system 00:02: iomem range 0xfed19000-0xfed19fff has been reserved
[    0.266356] system 00:02: iomem range 0xfed45000-0xfed4bfff has been reserved
[    0.301402] pci 0000:00:1c.0: PCI bridge, secondary bus 0000:02
[    0.301488] pci 0000:00:1c.0:   IO window: 0x2000-0x2fff
[    0.301580] pci 0000:00:1c.0:   MEM window: 0xfc000000-0xfdffffff
[    0.301670] pci 0000:00:1c.0:   PREFETCH window: 0x000000f8000000-0x000000f80fffff
[    0.301788] pci 0000:00:1c.1: PCI bridge, secondary bus 0000:03
[    0.301877] pci 0000:00:1c.1:   IO window: 0x3000-0x3fff
[    0.301975] pci 0000:00:1c.1:   MEM window: 0xdc000000-0xdf3fffff
[    0.302059] pci 0000:00:1c.1:   PREFETCH window: 0x000000dfe00000-0x000000dfefffff
[    0.302175] pci 0000:00:1c.2: PCI bridge, secondary bus 0000:04
[    0.302262] pci 0000:00:1c.2:   IO window: 0x4000-0x4fff
[    0.302345] pci 0000:00:1c.2:   MEM window: 0xd8000000-0xd9ffffff
[    0.302437] pci 0000:00:1c.2:   PREFETCH window: 0x000000dfb00000-0x000000dfbfffff
[    0.302561] pci 0000:00:1c.3: PCI bridge, secondary bus 0000:05
[    0.302644] pci 0000:00:1c.3:   IO window: 0x5000-0x5fff
[    0.302729] pci 0000:00:1c.3:   MEM window: 0xd4000000-0xd5ffffff
[    0.302823] pci 0000:00:1c.3:   PREFETCH window: 0x000000df800000-0x000000df8fffff
[    0.302946] pci 0000:00:1c.4: PCI bridge, secondary bus 0000:0d
[    0.303028] pci 0000:00:1c.4:   IO window: 0x6000-0x6fff
[    0.303112] pci 0000:00:1c.4:   MEM window: 0xd0000000-0xd1ffffff
[    0.303199] pci 0000:00:1c.4:   PREFETCH window: 0x000000df500000-0x000000df5fffff
[    0.303322] pci 0000:15:00.0: CardBus bridge, secondary bus 0000:16
[    0.303416] pci 0000:15:00.0:   IO window: 0x007000-0x0070ff
[    0.303512] pci 0000:15:00.0:   IO window: 0x007400-0x0074ff
[    0.303595] pci 0000:15:00.0:   PREFETCH window: 0xf4000000-0xf7ffffff
[    0.303682] pci 0000:15:00.0:   MEM window: 0x40000000-0x43ffffff
[    0.303769] pci 0000:00:1e.0: PCI bridge, secondary bus 0000:15
[    0.303866] pci 0000:00:1e.0:   IO window: 0x7000-0xafff
[    0.303950] pci 0000:00:1e.0:   MEM window: 0xf8300000-0xfbffffff
[    0.304038] pci 0000:00:1e.0:   PREFETCH window: 0x000000f4000000-0x000000f7ffffff
[    0.304175] pci 0000:00:1c.0: PCI INT A -> GSI 20 (level, low) -> IRQ 20
[    0.304273] pci 0000:00:1c.0: setting latency timer to 64
[    0.304289] pci 0000:00:1c.1: PCI INT B -> GSI 21 (level, low) -> IRQ 21
[    0.304375] pci 0000:00:1c.1: setting latency timer to 64
[    0.304388] pci 0000:00:1c.2: PCI INT C -> GSI 22 (level, low) -> IRQ 22
[    0.304471] pci 0000:00:1c.2: setting latency timer to 64
[    0.304484] pci 0000:00:1c.3: PCI INT D -> GSI 23 (level, low) -> IRQ 23
[    0.304573] pci 0000:00:1c.3: setting latency timer to 64
[    0.304586] pci 0000:00:1c.4: PCI INT A -> GSI 20 (level, low) -> IRQ 20
[    0.304668] pci 0000:00:1c.4: setting latency timer to 64
[    0.304677] pci 0000:00:1e.0: enabling device (0005 -> 0007)
[    0.304765] pci 0000:00:1e.0: setting latency timer to 64
[    0.304783] pci 0000:15:00.0: PCI INT A -> GSI 16 (level, low) -> IRQ 16
[    0.304877] pci 0000:15:00.0: setting latency timer to 64
[    0.304883] pci_bus 0000:00: resource 0 io:  [0x00-0xffff]
[    0.304885] pci_bus 0000:00: resource 1 mem: [0x000000-0xffffffff]
[    0.304887] pci_bus 0000:02: resource 0 io:  [0x2000-0x2fff]
[    0.304889] pci_bus 0000:02: resource 1 mem: [0xfc000000-0xfdffffff]
[    0.304891] pci_bus 0000:02: resource 2 pref mem [0xf8000000-0xf80fffff]
[    0.304893] pci_bus 0000:03: resource 0 io:  [0x3000-0x3fff]
[    0.304895] pci_bus 0000:03: resource 1 mem: [0xdc000000-0xdf3fffff]
[    0.304897] pci_bus 0000:03: resource 2 pref mem [0xdfe00000-0xdfefffff]
[    0.304898] pci_bus 0000:04: resource 0 io:  [0x4000-0x4fff]
[    0.304900] pci_bus 0000:04: resource 1 mem: [0xd8000000-0xd9ffffff]
[    0.304902] pci_bus 0000:04: resource 2 pref mem [0xdfb00000-0xdfbfffff]
[    0.304904] pci_bus 0000:05: resource 0 io:  [0x5000-0x5fff]
[    0.304905] pci_bus 0000:05: resource 1 mem: [0xd4000000-0xd5ffffff]
[    0.304907] pci_bus 0000:05: resource 2 pref mem [0xdf800000-0xdf8fffff]
[    0.304909] pci_bus 0000:0d: resource 0 io:  [0x6000-0x6fff]
[    0.304911] pci_bus 0000:0d: resource 1 mem: [0xd0000000-0xd1ffffff]
[    0.304913] pci_bus 0000:0d: resource 2 pref mem [0xdf500000-0xdf5fffff]
[    0.304915] pci_bus 0000:15: resource 0 io:  [0x7000-0xafff]
[    0.304916] pci_bus 0000:15: resource 1 mem: [0xf8300000-0xfbffffff]
[    0.304918] pci_bus 0000:15: resource 2 pref mem [0xf4000000-0xf7ffffff]
[    0.304920] pci_bus 0000:15: resource 3 io:  [0x00-0xffff]
[    0.304922] pci_bus 0000:15: resource 4 mem: [0x000000-0xffffffff]
[    0.304924] pci_bus 0000:16: resource 0 io:  [0x7000-0x70ff]
[    0.304925] pci_bus 0000:16: resource 1 io:  [0x7400-0x74ff]
[    0.304927] pci_bus 0000:16: resource 2 pref mem [0xf4000000-0xf7ffffff]
[    0.304929] pci_bus 0000:16: resource 3 mem: [0x40000000-0x43ffffff]
[    0.304937] NET: Registered protocol family 2
[    0.305025] RANDOM - __random32 called. Change num 7.  Value: 437d97bf	f373de51	f3b0f986
[    0.305027] RANDOM - random32 called.  Value: 437d97bf	f373de51	f3b0f986
[    0.305031] random 0000 0000 0000 5f8db4e5 4cfdf2a8: rand_read_num 3 get_random_bytes(4): sig fffffb64 5f8db4e5 4cfdf2a8
[    0.305033] random 0000 0000 0000 5f8db4e5 4cfdf2a8: extract_entropy(.. 4 ..)
[    0.305036] random 0000 0000 0000 5f8db4e5 4cfdf2a8: going to reseed nonblocking with 64 bits (32 of 0 requested)
[    0.305038] random 0000 0000 0000 5f8db4e5 4cfdf2a8: extract_entropy(.. 8 ..)
[    0.305040] random 0000 0000 0000 5f8db4e5 4cfdf2a8: trying to extract 64 bits from input
[    0.305042] random 0000 0000 0000 5f8db4e5 4cfdf2a8: debiting 0 entropy credits from input
[    0.305044] random 0000 0000 0000 5f8db4e5 4cfdf2a8: extract_entropy account returned: 0 
[    0.305047] random 0000 0000 0000 5f8db4e5 4cfdf2a8: urand_change_num 5 xfer_secondary_pool(4): pool_sig fffffb64, data_sig 00000000, bytes_mixed 0 5f8db4e5 4cfdf2a8
[    0.305050] random 0000 0000 0000 5f8db4e5 4cfdf2a8: trying to extract 32 bits from nonblocking
[    0.305052] random 0000 0000 0000 5f8db4e5 4cfdf2a8: debiting 32 entropy credits from nonblocking (unlimited)
[    0.305055] random 0000 0000 0000 5f8db4e5 4cfdf2a8: extract_entropy account returned: 4 
[    0.305059] random 0000 0000 0000 5f8db4e5 4cfdf2a8: urand_change_num 6 extract_buf: pool_sig fffffb64, data_sig 00000241, bytes_mixed 20 5f8db4e5 4cfdf2a8
[    0.305068] IP route cache hash table entries: 32768 (order: 5, 131072 bytes)
[    0.305194] RANDOM - __random32 called. Change num 8.  Value: d97bfe31	373de51f	f30dc6e6
[    0.305196] RANDOM - random32 called.  Value: d97bfe31	373de51f	f30dc6e6
[    0.305206] RANDOM - __random32 called. Change num 9.  Value: bfe314d7	73de51f5	8dcd6c7e
[    0.305208] RANDOM - random32 called.  Value: bfe314d7	73de51f5	8dcd6c7e
[    0.305210] RANDOM - __random32 called. Change num 10.  Value: 314d7baf	3de51f5e	d8fc74c1
[    0.305211] RANDOM - random32 called.  Value: 314d7baf	3de51f5e	d8fc74c1
[    0.305222] RANDOM - __random32 called. Change num 11.  Value: d7baf3c7	de51f5e5	e983e3fa
[    0.305223] RANDOM - random32 called.  Value: d7baf3c7	de51f5e5	e983e3fa
[    0.305233] TCP established hash table entries: 131072 (order: 8, 1048576 bytes)
[    0.305724] TCP bind hash table entries: 65536 (order: 6, 262144 bytes)
[    0.305919] TCP: Hash tables configured (established 131072 bind 65536)
[    0.306009] TCP reno registered
[    0.306105] NET: Registered protocol family 1
[    0.306215] RPC: Registered udp transport module.
[    0.306295] RPC: Registered tcp transport module.
[    0.306372] RPC: Registered tcp NFSv4.1 backchannel transport module.
[    0.306457] pci 0000:00:02.0: Boot video device
[    0.306678] Simple Boot Flag at 0x35 set to 0x1
[    0.307228] highmem bounce pool size: 64 pages
[    0.308717] VFS: Disk quotas dquot_6.5.2
[    0.308845] Dquot-cache hash table entries: 1024 (order 0, 4096 bytes)
[    0.309587] NTFS driver 2.1.29 [Flags: R/W].
[    0.309737] ROMFS MTD (C) 2007 Red Hat, Inc.
[    0.309944] JFS: nTxBlock = 7695, nTxLock = 61562
[    0.312406] SGI XFS with ACLs, security attributes, large block/inode numbers, no debug enabled
[    0.312898] SGI XFS Quota Management subsystem
[    0.313176] Slow work thread pool: Starting up
[    0.313269] Slow work thread pool: Ready
[    0.313357] GFS2 (built May 24 2013 02:47:17) installed
[    0.313447] msgmni has been set to 1734
[    0.313602] alg: No test for cipher_null (cipher_null-generic)
[    0.313695] alg: No test for ecb(cipher_null) (ecb-cipher_null)
[    0.313789] alg: No test for digest_null (digest_null-generic)
[    0.313898] alg: No test for compress_null (compress_null-generic)
[    0.314440] alg: No test for fcrypt (fcrypt-generic)
[    0.315854] alg: No test for stdrng (krng)
[    0.315952] async_tx: api initialized (async)
[    0.316099] Block layer SCSI generic (bsg) driver version 0.4 loaded (major 254)
[    0.316218] io scheduler noop registered
[    0.316301] io scheduler anticipatory registered
[    0.316380] io scheduler deadline registered
[    0.316505] io scheduler cfq registered (default)
[    0.316740] pcieport 0000:00:1c.0: irq 24 for MSI/MSI-X
[    0.316756] pcieport 0000:00:1c.0: setting latency timer to 64
[    0.316959] pcieport 0000:00:1c.1: irq 25 for MSI/MSI-X
[    0.316971] pcieport 0000:00:1c.1: setting latency timer to 64
[    0.317155] pcieport 0000:00:1c.2: irq 26 for MSI/MSI-X
[    0.317167] pcieport 0000:00:1c.2: setting latency timer to 64
[    0.317347] pcieport 0000:00:1c.3: irq 27 for MSI/MSI-X
[    0.317358] pcieport 0000:00:1c.3: setting latency timer to 64
[    0.317537] pcieport 0000:00:1c.4: irq 28 for MSI/MSI-X
[    0.317549] pcieport 0000:00:1c.4: setting latency timer to 64
[    0.317706] pci_hotplug: PCI Hot Plug PCI Core version: 0.5
[    0.317908] isapnp: Scanning for PnP cards...
[    0.678440] isapnp: No Plug & Play device found
[    0.678519] random 0000 0000 0000 5f8db4e5 4cfdf2a8: initializing
[    0.678522] RANDOM init_std_data for input now value: 1369928482678522416
[    0.678523] RANDOM init_std_data for blocking now value: 1369928482678524431
[    0.678525] RANDOM init_std_data for nonblocking now value: 1369928482678526151
[    0.698091] Serial: 8250/16550 driver, 4 ports, IRQ sharing enabled
[    3.709346] floppy0: no floppy controllers found
[    3.710287] brd: module loaded
[    3.710792] loop: module loaded
[    3.710869] Compaq SMART2 Driver (v 2.6.0)
[    3.710992] HP CISS Driver (v 3.6.20)
[    3.711222] input: Macintosh mouse button emulation as /devices/virtual/input/input0
[    3.711361] Uniform Multi-Platform E-IDE driver
[    3.711582] piix 0000:00:1f.1: IDE controller (0x8086:0x2850 rev 0x03)
[    3.711675] pci 0000:00:1f.1: PCI INT C -> GSI 16 (level, low) -> IRQ 16
[    3.711774] piix 0000:00:1f.1: IDE port disabled
[    3.711859] piix 0000:00:1f.1: not 100% native mode: will probe irqs later
[    3.711946]     ide0: BM-DMA at 0x1c00-0x1c07
[    3.712031] Probing IDE interface ide0...
[    4.383659] hda: HL-DT-ST DVDRAM GSA-U10N, ATAPI CD/DVD-ROM drive
[    4.690513] hda: host max PIO4 wanted PIO255(auto-tune) selected PIO4
[    4.691280] hda: UDMA/33 mode selected
[    4.691747] ide0 at 0x1f0-0x1f7,0x3f6 on irq 14
[    4.695625] ide-gd driver 1.18
[    4.695725] ide-cd driver 5.00
[    4.697102] random 0000 0000 0000 00000000 00000000: add_disk_randomness(0:0) 00000000 00000000
[    4.697106] random 0000 0000 0000 00000000 00000000: add_timer_randomness(.. 256) with jiffies: 5815704826263862904, cycles: 5815704821969190923
[    4.697109] random 0000 0000 0000 00000000 00000000: added 11 entropy credits to input
[    4.697112] ide-cd: hda: ATAPI 24X DVD-ROM DVD-R/RAM CD-R/RW drive, 2048kB Cache
[    4.697527] Uniform CD-ROM driver Revision: 3.20
[    4.700400] random 0011 0000 0000 00000000 00000000: add_disk_randomness(0:0) 00000000 00000000
[    4.700403] random 0011 0000 0000 00000000 00000000: add_timer_randomness(.. 256) with jiffies: 5845376363015143035, cycles: 5845376358720471051
[    4.700406] random 0011 0000 0000 00000000 00000000: added 1 entropy credits to input
[    4.700409] random 0012 0000 0000 00000000 00000000: add_disk_randomness(0:0) 00000000 00000000
[    4.700411] random 0012 0000 0000 00000000 00000000: add_timer_randomness(.. 256) with jiffies: 5845453208570003067, cycles: 5845453204275331083
[    4.702397] random 0012 0000 0000 00000000 00000000: add_disk_randomness(0:0) 00000000 00000000
[    4.702400] random 0012 0000 0000 00000000 00000000: add_timer_randomness(.. 256) with jiffies: 5863338427348123261, cycles: 5863338423053451275
[    4.702402] random 0012 0000 0000 00000000 00000000: added 1 entropy credits to input
[    4.702405] random 0013 0000 0000 00000000 00000000: add_disk_randomness(0:0) 00000000 00000000
[    4.702408] random 0013 0000 0000 00000000 00000000: add_timer_randomness(.. 256) with jiffies: 5863413649405345405, cycles: 5863413645110673419
[    4.704396] random 0013 0000 0000 00000000 00000000: add_disk_randomness(0:0) 00000000 00000000
[    4.704399] random 0013 0000 0000 00000000 00000000: add_timer_randomness(.. 256) with jiffies: 5881320467573997183, cycles: 5881320463279325195
[    4.704401] random 0013 0000 0000 00000000 00000000: added 1 entropy credits to input
[    4.704404] random 0014 0000 0000 00000000 00000000: add_disk_randomness(0:0) 00000000 00000000
[    4.704407] random 0014 0000 0000 00000000 00000000: add_timer_randomness(.. 256) with jiffies: 5881394018888941183, cycles: 5881394014594269195
[    4.704682] Loading iSCSI transport class v2.0-870.
[    4.704958] rdac: device handler registered
[    4.705044] hp_sw: device handler registered
[    4.705128] emc: device handler registered
[    4.705208] alua: device handler registered
[    4.706189] Adaptec aacraid driver 1.1-5[2461]-ms
[    4.706602] scsi: <fdomain> Detection failed (no card)
[    4.706697] sym53c416.c: Version 1.0.0-ac
[    4.706808] qlogicfas: no cards were found, please specify I/O address and IRQ using iobase= and irq= options
[    4.706923] QLogic Fibre Channel HBA Driver: 8.03.01-k6
[    4.707136] iscsi: registered transport (qla4xxx)
[    4.707239] QLogic iSCSI HBA Driver
[    4.707318] Emulex LightPulse Fibre Channel SCSI driver 8.3.4
[    4.707407] Copyright(c) 2004-2009 Emulex.  All rights reserved.
[    4.729505] Failed initialization of WD-7000 SCSI card!
[    4.818612] DC390: clustering now enabled by default. If you get problems load
[    4.818725]        with "disable_clustering=1" and report to maintainers
[    4.818857] megaraid cmm: 2.20.2.7 (Release Date: Sun Jul 16 00:01:03 EST 2006)
[    4.819008] megaraid: 2.20.5.1 (Release Date: Thu Nov 16 15:32:35 EST 2006)
[    4.819111] megasas: 00.00.04.01 Thu July 24 11:41:51 PST 2008
[    4.819244] GDT-HA: Storage RAID Controller Driver. Version: 3.05
[    4.819393] 3ware Storage Controller device driver for Linux v1.26.02.002.
[    4.819499] 3ware 9000 Storage Controller device driver for Linux v2.26.02.012.
[    4.819636] nsp32: loading...
[    4.819734] ipr: IBM Power RAID SCSI Device Driver version: 2.4.3 (June 10, 2009)
[    4.819873] RocketRAID 3xxx/4xxx Controller driver v1.6 (090910)
[    4.819976] stex: Promise SuperTrak EX Driver version: 4.6.0000.3
[    4.820108] st: Version 20081215, fixed bufsize 32768, s/g segs 256
[    4.820291] ahci 0000:00:1f.2: version 3.0
[    4.820305] ahci 0000:00:1f.2: PCI INT B -> GSI 16 (level, low) -> IRQ 16
[    4.820436] ahci 0000:00:1f.2: irq 29 for MSI/MSI-X
[    4.820489] ahci 0000:00:1f.2: AHCI 0001.0100 32 slots 3 ports 1.5 Gbps 0x5 impl SATA mode
[    4.820620] ahci 0000:00:1f.2: flags: 64bit ncq sntf pm led clo pio slum part ccc 
[    4.820748] ahci 0000:00:1f.2: setting latency timer to 64
[    4.820890] scsi2 : ahci
[    4.821047] scsi3 : ahci
[    4.821184] scsi4 : ahci
[    4.821344] ata1: SATA max UDMA/133 abar m2048@0xfe226000 port 0xfe226100 irq 29
[    4.821461] ata2: DUMMY
[    4.821558] ata3: SATA max UDMA/133 abar m2048@0xfe226000 port 0xfe226200 irq 29
[    4.822150] I2O subsystem v1.325
[    4.822228] i2o: max drivers = 8
[    4.822378] I2O Configuration OSM v1.323
[    4.822471] I2O Bus Adapter OSM v1.317
[    4.822581] I2O Block Device OSM v1.325
[    4.822721] I2O SCSI Peripheral OSM v1.316
[    4.822820] I2O ProcFS OSM v1.316
[    4.822918] Fusion MPT base driver 3.04.12
[    4.823001] Copyright (c) 1999-2008 LSI Corporation
[    4.823088] Fusion MPT SPI Host driver 3.04.12
[    4.823189] Fusion MPT FC Host driver 3.04.12
[    4.823291] Fusion MPT SAS Host driver 3.04.12
[    4.823433] ohci1394 0000:15:00.1: PCI INT B -> GSI 17 (level, low) -> IRQ 17
[    4.823537] ohci1394 0000:15:00.1: setting latency timer to 64
[    4.877545] ohci1394: fw-host0: OHCI-1394 1.1 (PCI): IRQ=[17]  MMIO=[f8301000-f83017ff]  Max Packet=[2048]  IR/IT contexts=[4/4]
[    4.880800] ehci_hcd: USB 2.0 'Enhanced' Host Controller (EHCI) Driver
[    4.881060] ehci_hcd 0000:00:1a.7: power state changed by ACPI to D0
[    4.881297] ehci_hcd 0000:00:1a.7: power state changed by ACPI to D0
[    4.881386] ehci_hcd 0000:00:1a.7: PCI INT C -> GSI 22 (level, low) -> IRQ 22
[    4.881485] ehci_hcd 0000:00:1a.7: setting latency timer to 64
[    4.881488] ehci_hcd 0000:00:1a.7: EHCI Host Controller
[    4.881618] ehci_hcd 0000:00:1a.7: new USB bus registered, assigned bus number 1
[    4.885645] ehci_hcd 0000:00:1a.7: cache line size of 32 is not supported
[    4.885654] ehci_hcd 0000:00:1a.7: irq 22, io mem 0xfe226c00
[    4.895512] ehci_hcd 0000:00:1a.7: USB 2.0 started, EHCI 1.00
[    4.895607] usb usb1: New USB device found, idVendor=1d6b, idProduct=0002
[    4.895692] usb usb1: New USB device strings: Mfr=3, Product=2, SerialNumber=1
[    4.895819] usb usb1: Product: EHCI Host Controller
[    4.895905] usb usb1: Manufacturer: Linux 2.6.32.57 ehci_hcd
[    4.895991] usb usb1: SerialNumber: 0000:00:1a.7
[    4.896128] usb usb1: configuration #1 chosen from 1 choice
[    4.896244] hub 1-0:1.0: USB hub found
[    4.896343] hub 1-0:1.0: 4 ports detected
[    4.896640] ehci_hcd 0000:00:1d.7: power state changed by ACPI to D0
[    4.896910] ehci_hcd 0000:00:1d.7: power state changed by ACPI to D0
[    4.897000] ehci_hcd 0000:00:1d.7: PCI INT D -> GSI 19 (level, low) -> IRQ 19
[    4.897091] ehci_hcd 0000:00:1d.7: setting latency timer to 64
[    4.897096] ehci_hcd 0000:00:1d.7: EHCI Host Controller
[    4.897217] ehci_hcd 0000:00:1d.7: new USB bus registered, assigned bus number 2
[    4.897371] ehci_hcd 0000:00:1d.7: debug port 1
[    4.901361] ehci_hcd 0000:00:1d.7: cache line size of 32 is not supported
[    4.901370] ehci_hcd 0000:00:1d.7: irq 19, io mem 0xfe227000
[    4.911514] ehci_hcd 0000:00:1d.7: USB 2.0 started, EHCI 1.00
[    4.911617] usb usb2: New USB device found, idVendor=1d6b, idProduct=0002
[    4.911700] usb usb2: New USB device strings: Mfr=3, Product=2, SerialNumber=1
[    4.911812] usb usb2: Product: EHCI Host Controller
[    4.911897] usb usb2: Manufacturer: Linux 2.6.32.57 ehci_hcd
[    4.911977] usb usb2: SerialNumber: 0000:00:1d.7
[    4.912108] usb usb2: configuration #1 chosen from 1 choice
[    4.912221] hub 2-0:1.0: USB hub found
[    4.912301] hub 2-0:1.0: 6 ports detected
[    4.912472] 116x: driver isp116x-hcd, 03 Nov 2005
[    4.912572] ohci_hcd: USB 1.1 'Open' Host Controller (OHCI) Driver
[    4.912679] uhci_hcd: USB Universal Host Controller Interface driver
[    4.912778] uhci_hcd 0000:00:1a.0: PCI INT A -> GSI 20 (level, low) -> IRQ 20
[    4.912867] uhci_hcd 0000:00:1a.0: setting latency timer to 64
[    4.912871] uhci_hcd 0000:00:1a.0: UHCI Host Controller
[    4.912998] uhci_hcd 0000:00:1a.0: new USB bus registered, assigned bus number 3
[    4.913153] uhci_hcd 0000:00:1a.0: irq 20, io base 0x00001860
[    4.913267] usb usb3: New USB device found, idVendor=1d6b, idProduct=0001
[    4.913352] usb usb3: New USB device strings: Mfr=3, Product=2, SerialNumber=1
[    4.913468] usb usb3: Product: UHCI Host Controller
[    4.913557] usb usb3: Manufacturer: Linux 2.6.32.57 uhci_hcd
[    4.913642] usb usb3: SerialNumber: 0000:00:1a.0
[    4.913780] usb usb3: configuration #1 chosen from 1 choice
[    4.913889] hub 3-0:1.0: USB hub found
[    4.913979] hub 3-0:1.0: 2 ports detected
[    4.914268] uhci_hcd 0000:00:1a.1: power state changed by ACPI to D0
[    4.914521] uhci_hcd 0000:00:1a.1: power state changed by ACPI to D0
[    4.914607] uhci_hcd 0000:00:1a.1: PCI INT B -> GSI 21 (level, low) -> IRQ 21
[    4.914700] uhci_hcd 0000:00:1a.1: setting latency timer to 64
[    4.914705] uhci_hcd 0000:00:1a.1: UHCI Host Controller
[    4.914833] uhci_hcd 0000:00:1a.1: new USB bus registered, assigned bus number 4
[    4.914980] uhci_hcd 0000:00:1a.1: irq 21, io base 0x00001880
[    4.915085] usb usb4: New USB device found, idVendor=1d6b, idProduct=0001
[    4.915168] usb usb4: New USB device strings: Mfr=3, Product=2, SerialNumber=1
[    4.915294] usb usb4: Product: UHCI Host Controller
[    4.915381] usb usb4: Manufacturer: Linux 2.6.32.57 uhci_hcd
[    4.915461] usb usb4: SerialNumber: 0000:00:1a.1
[    4.915601] usb usb4: configuration #1 chosen from 1 choice
[    4.915725] hub 4-0:1.0: USB hub found
[    4.915811] hub 4-0:1.0: 2 ports detected
[    4.916123] uhci_hcd 0000:00:1d.0: power state changed by ACPI to D0
[    4.916373] uhci_hcd 0000:00:1d.0: power state changed by ACPI to D0
[    4.916467] uhci_hcd 0000:00:1d.0: PCI INT A -> GSI 16 (level, low) -> IRQ 16
[    4.916577] uhci_hcd 0000:00:1d.0: setting latency timer to 64
[    4.916582] uhci_hcd 0000:00:1d.0: UHCI Host Controller
[    4.916706] uhci_hcd 0000:00:1d.0: new USB bus registered, assigned bus number 5
[    4.916853] uhci_hcd 0000:00:1d.0: irq 16, io base 0x000018a0
[    4.916961] usb usb5: New USB device found, idVendor=1d6b, idProduct=0001
[    4.917049] usb usb5: New USB device strings: Mfr=3, Product=2, SerialNumber=1
[    4.917163] usb usb5: Product: UHCI Host Controller
[    4.917243] usb usb5: Manufacturer: Linux 2.6.32.57 uhci_hcd
[    4.917330] usb usb5: SerialNumber: 0000:00:1d.0
[    4.917462] usb usb5: configuration #1 chosen from 1 choice
[    4.917584] hub 5-0:1.0: USB hub found
[    4.917665] hub 5-0:1.0: 2 ports detected
[    4.917805] uhci_hcd 0000:00:1d.1: PCI INT B -> GSI 17 (level, low) -> IRQ 17
[    4.917896] uhci_hcd 0000:00:1d.1: setting latency timer to 64
[    4.917901] uhci_hcd 0000:00:1d.1: UHCI Host Controller
[    4.918030] uhci_hcd 0000:00:1d.1: new USB bus registered, assigned bus number 6
[    4.918170] uhci_hcd 0000:00:1d.1: irq 17, io base 0x000018c0
[    4.918275] usb usb6: New USB device found, idVendor=1d6b, idProduct=0001
[    4.918363] usb usb6: New USB device strings: Mfr=3, Product=2, SerialNumber=1
[    4.918487] usb usb6: Product: UHCI Host Controller
[    4.918581] usb usb6: Manufacturer: Linux 2.6.32.57 uhci_hcd
[    4.918662] usb usb6: SerialNumber: 0000:00:1d.1
[    4.918797] usb usb6: configuration #1 chosen from 1 choice
[    4.918915] hub 6-0:1.0: USB hub found
[    4.919000] hub 6-0:1.0: 2 ports detected
[    4.919299] uhci_hcd 0000:00:1d.2: power state changed by ACPI to D0
[    4.919548] uhci_hcd 0000:00:1d.2: power state changed by ACPI to D0
[    4.919644] uhci_hcd 0000:00:1d.2: PCI INT C -> GSI 18 (level, low) -> IRQ 18
[    4.919735] uhci_hcd 0000:00:1d.2: setting latency timer to 64
[    4.919740] uhci_hcd 0000:00:1d.2: UHCI Host Controller
[    4.919867] uhci_hcd 0000:00:1d.2: new USB bus registered, assigned bus number 7
[    4.920023] uhci_hcd 0000:00:1d.2: irq 18, io base 0x000018e0
[    4.920127] usb usb7: New USB device found, idVendor=1d6b, idProduct=0001
[    4.920215] usb usb7: New USB device strings: Mfr=3, Product=2, SerialNumber=1
[    4.920327] usb usb7: Product: UHCI Host Controller
[    4.920412] usb usb7: Manufacturer: Linux 2.6.32.57 uhci_hcd
[    4.920492] usb usb7: SerialNumber: 0000:00:1d.2
[    4.921282] usb usb7: configuration #1 chosen from 1 choice
[    4.921392] hub 7-0:1.0: USB hub found
[    4.921477] hub 7-0:1.0: 2 ports detected
[    4.921634] sl811: driver sl811-hcd, 19 May 2005
[    4.921730] r8a66597_hcd: driver r8a66597_hcd, 2009-05-26
[    4.921889] Initializing USB Mass Storage driver...
[    4.922005] usbcore: registered new interface driver usb-storage
[    4.922093] USB Mass Storage support registered.
[    4.922189] usbcore: registered new interface driver ums-alauda
[    4.922301] usbcore: registered new interface driver ums-cypress
[    4.922414] usbcore: registered new interface driver ums-datafab
[    4.922520] usbcore: registered new interface driver ums-freecom
[    4.922618] usbcore: registered new interface driver ums-isd200
[    4.922718] usbcore: registered new interface driver ums-jumpshot
[    4.922818] usbcore: registered new interface driver ums-karma
[    4.922916] usbcore: registered new interface driver ums-onetouch
[    4.923026] usbcore: registered new interface driver ums-sddr09
[    4.923134] usbcore: registered new interface driver ums-sddr55
[    4.923245] usbcore: registered new interface driver ums-usbat
[    4.923381] PNP: PS/2 Controller [PNP0303:KBD,PNP0f13:MOU] at 0x60,0x64 irq 1,12
[    4.931759] serio: i8042 KBD port at 0x60,0x64 irq 1
[    4.931840] serio: i8042 AUX port at 0x60,0x64 irq 12
[    4.932078] mice: PS/2 mouse device common for all mice
[    4.932188] i2c /dev entries driver
[    4.932315] md: linear personality registered for level -1
[    4.932408] md: raid0 personality registered for level 0
[    4.932491] md: raid1 personality registered for level 1
[    4.932579] md: raid10 personality registered for level 10
[    4.932659] md: raid6 personality registered for level 6
[    4.932755] md: raid5 personality registered for level 5
[    4.932835] md: raid4 personality registered for level 4
[    4.932921] md: multipath personality registered for level -4
[    4.933111] device-mapper: ioctl: 4.15.0-ioctl (2009-04-01) initialised: dm-devel@redhat.com
[    4.933303] cpuidle: using governor ladder
[    4.933910] usbcore: registered new interface driver usbhid
[    4.933992] usbhid: v2.6:USB HID core driver
[    4.934125] random 0014 0000 0000 00000000 00000000: rand_read_num 4 get_random_bytes(136): sig 00000000 00000000 00000000
[    4.934127] random 0014 0000 0000 00000000 00000000: extract_entropy(.. 136 ..)
[    4.934130] random 0014 0000 0000 00000000 00000000: going to reseed nonblocking with 1024 bits (1088 of 0 requested)
[    4.934133] random 0014 0000 0000 00000000 00000000: extract_entropy(.. 128 ..)
[    4.934135] random 0014 0000 0000 00000000 00000000: trying to extract 1024 bits from input
[    4.934137] random 0014 0000 0000 00000000 00000000: debiting 0 entropy credits from input
[    4.934139] random 0014 0000 0000 00000000 00000000: extract_entropy account returned: 0 
[    4.934142] random 0014 0000 0000 00000000 00000000: urand_change_num 7 xfer_secondary_pool(136): pool_sig 00000000, data_sig 00000000, bytes_mixed 0 00000000 00000000
[    4.934145] random 0014 0000 0000 00000000 00000000: trying to extract 1088 bits from nonblocking
[    4.934148] random 0014 0000 0000 00000000 00000000: debiting 1088 entropy credits from nonblocking (unlimited)
[    4.934150] random 0014 0000 0000 00000000 00000000: extract_entropy account returned: 136 
[    4.934154] random 0014 0000 0000 00000000 00000000: urand_change_num 8 extract_buf: pool_sig 00000000, data_sig fffffff9, bytes_mixed 20 00000000 00000000
[    4.934160] random 0014 0000 0000 b7c35b56 be4dc95d: urand_change_num 9 extract_buf: pool_sig fffffd1e, data_sig 000000c5, bytes_mixed 20 b7c35b56 be4dc95d
[    4.934165] random 0014 0000 0000 ed9f5c47 c48487fb: urand_change_num 10 extract_buf: pool_sig fffff8ec, data_sig ffffff68, bytes_mixed 20 ed9f5c47 c48487fb
[    4.934171] random 0014 0000 0000 ed9f5c47 c48487fb: urand_change_num 11 extract_buf: pool_sig fffffaed, data_sig 000001aa, bytes_mixed 20 ed9f5c47 c48487fb
[    4.934176] random 0014 0000 0000 1b4f7c0a 91bd6a48: urand_change_num 12 extract_buf: pool_sig fffffdd8, data_sig 00000064, bytes_mixed 20 1b4f7c0a 91bd6a48
[    4.934181] random 0014 0000 0000 a254b9bc 20e9a24f: urand_change_num 13 extract_buf: pool_sig fffffbe6, data_sig 000001dd, bytes_mixed 20 a254b9bc 20e9a24f
[    4.934186] random 0014 0000 0000 a254b9bc 20e9a24f: urand_change_num 14 extract_buf: pool_sig fffff940, data_sig fffffe20, bytes_mixed 20 a254b9bc 20e9a24f
[    4.934192] random 0014 0000 0000 2831a66b 5fa2a3ad: urand_change_num 15 extract_buf: pool_sig fffffbce, data_sig 0000007e, bytes_mixed 20 2831a66b 5fa2a3ad
[    4.934197] random 0014 0000 0000 2831a66b 5fa2a3ad: urand_change_num 16 extract_buf: pool_sig 000004df, data_sig fffffe8f, bytes_mixed 20 2831a66b 5fa2a3ad
[    4.934202] random 0014 0000 0000 d4512bfd c9a54e0b: urand_change_num 17 extract_buf: pool_sig 00000485, data_sig fffffe68, bytes_mixed 20 d4512bfd c9a54e0b
[    4.934207] random 0014 0000 0000 c7371be6 f9ffea11: urand_change_num 18 extract_buf: pool_sig 00000095, data_sig ffffffed, bytes_mixed 20 c7371be6 f9ffea11
[    4.934213] random 0014 0000 0000 c7371be6 f9ffea11: urand_change_num 19 extract_buf: pool_sig 000003a7, data_sig fffffefa, bytes_mixed 20 c7371be6 f9ffea11
[    4.934218] random 0014 0000 0000 8fb4b62c d1ddba54: urand_change_num 20 extract_buf: pool_sig 00000179, data_sig ffffff78, bytes_mixed 20 8fb4b62c d1ddba54
[    4.934223] random 0014 0000 0000 9ff19f9c c07a1d2a: urand_change_num 21 extract_buf: pool_sig fffffe88, data_sig 00000126, bytes_mixed 20 9ff19f9c c07a1d2a
[    4.934227] TCP cubic registered
[    4.934306] Initializing XFRM netlink socket
[    4.934389] NET: Registered protocol family 17
[    4.934486] Using IPI Shortcut mode
[    4.934583] random 0014 0000 0000 9ff19f9c c07a1d2a: rand_read_num 5 get_random_bytes(8): sig 0000031b 9ff19f9c c07a1d2a
[    4.934585] random 0014 0000 0000 9ff19f9c c07a1d2a: extract_entropy(.. 8 ..)
[    4.934588] random 0014 0000 0000 9ff19f9c c07a1d2a: going to reseed nonblocking with 64 bits (64 of 0 requested)
[    4.934590] random 0014 0000 0000 9ff19f9c c07a1d2a: extract_entropy(.. 8 ..)
[    4.934592] random 0014 0000 0000 9ff19f9c c07a1d2a: trying to extract 64 bits from input
[    4.934594] random 0014 0000 0000 9ff19f9c c07a1d2a: debiting 0 entropy credits from input
[    4.934596] random 0014 0000 0000 9ff19f9c c07a1d2a: extract_entropy account returned: 0 
[    4.934599] random 0014 0000 0000 9ff19f9c c07a1d2a: urand_change_num 22 xfer_secondary_pool(8): pool_sig 0000031b, data_sig 00000000, bytes_mixed 0 9ff19f9c c07a1d2a
[    4.934602] random 0014 0000 0000 9ff19f9c c07a1d2a: trying to extract 64 bits from nonblocking
[    4.934605] random 0014 0000 0000 9ff19f9c c07a1d2a: debiting 64 entropy credits from nonblocking (unlimited)
[    4.934607] random 0014 0000 0000 9ff19f9c c07a1d2a: extract_entropy account returned: 8 
[    4.934611] random 0014 0000 0000 9ff19f9c c07a1d2a: urand_change_num 23 extract_buf: pool_sig 0000031b, data_sig ffffffb3, bytes_mixed 20 9ff19f9c c07a1d2a
[    4.936755] input: AT Translated Set 2 keyboard as /devices/platform/i8042/serio0/input/input1
[    5.128560] ata1: SATA link up 1.5 Gbps (SStatus 113 SControl 300)
[    5.128664] ata3: SATA link down (SStatus 0 SControl 300)
[    5.131127] ata1.00: ACPI cmd ef/02:00:00:00:00:a0 (SET FEATURES) succeeded
[    5.131130] ata1.00: ACPI cmd f5/00:00:00:00:00:a0 (SECURITY FREEZE LOCK) filtered out
[    5.132522] ata1.00: ACPI cmd ef/5f:00:00:00:00:a0 (SET FEATURES) succeeded
[    5.132524] ata1.00: ACPI cmd ef/10:03:00:00:00:a0 (SET FEATURES) filtered out
[    5.134432] ata1.00: ATA-7: ST910021AS, 4.06, max UDMA/100
[    5.134514] ata1.00: 195371568 sectors, multi 16: LBA48 
[    5.136672] ata1.00: ACPI cmd ef/02:00:00:00:00:a0 (SET FEATURES) succeeded
[    5.136675] ata1.00: ACPI cmd f5/00:00:00:00:00:a0 (SECURITY FREEZE LOCK) filtered out
[    5.138068] ata1.00: ACPI cmd ef/5f:00:00:00:00:a0 (SET FEATURES) succeeded
[    5.138070] ata1.00: ACPI cmd ef/10:03:00:00:00:a0 (SET FEATURES) filtered out
[    5.139993] ata1.00: configured for UDMA/100
[    5.150613] scsi 2:0:0:0: Direct-Access     ATA      ST910021AS       4.06 PQ: 0 ANSI: 5
[    5.150895] sd 2:0:0:0: [sda] 195371568 512-byte logical blocks: (100 GB/93.1 GiB)
[    5.151033] sd 2:0:0:0: [sda] Write Protect is off
[    5.151118] sd 2:0:0:0: [sda] Mode Sense: 00 3a 00 00
[    5.151131] sd 2:0:0:0: [sda] Write cache: enabled, read cache: enabled, doesn't support DPO or FUA
[    5.151318]  sda:
[    5.215559] usb 2-1: new high speed USB device using ehci_hcd and address 2
[    5.364701] usb 2-1: New USB device found, idVendor=0e8d, idProduct=1806
[    5.364788] usb 2-1: New USB device strings: Mfr=1, Product=2, SerialNumber=3
[    5.364873] usb 2-1: Product: MT1806 
[    5.364952] usb 2-1: Manufacturer: MediaTek Inc
[    5.365039] usb 2-1: SerialNumber: R8KN6GAC800AEB 
[    5.365174] usb 2-1: configuration #1 chosen from 1 choice
[    5.371622] scsi5 : SCSI emulation for USB Mass Storage devices
[    5.371796] usb-storage: device found at 2
[    5.371797] usb-storage: waiting for device to settle before scanning
[    5.581859] random 0014 0000 0000 277f73c3 42024bb9: add_disk_randomness(8:0) 277f73c3 42024bb9
[    5.581863] random 0014 0000 0000 277f73c3 42024bb9: add_timer_randomness(.. 8388864) with jiffies: 13774163394778857876, cycles: -4672580683225366517
[    5.581866] random 0014 0000 0000 277f73c3 42024bb9: added 11 entropy credits to input
[    5.581871]  sda1 sda2
[    5.582428] random 0025 0000 0000 277f73c3 42024bb9: add_disk_randomness(8:0) 277f73c3 42024bb9
[    5.582431] random 0025 0000 0000 277f73c3 42024bb9: add_timer_randomness(.. 8388864) with jiffies: 13779287376662331796, cycles: -4667456701341892597
[    5.582586] sd 2:0:0:0: [sda] Attached SCSI disk
[    5.582695] random 0025 0000 0000 277f73c3 42024bb9: rand_read_num 6 get_random_bytes(12): sig 000007e9 277f73c3 42024bb9
[    5.582698] random 0025 0000 0000 277f73c3 42024bb9: extract_entropy(.. 12 ..)
[    5.582700] random 0025 0000 0000 277f73c3 42024bb9: going to reseed nonblocking with 96 bits (96 of 0 requested)
[    5.582702] random 0025 0000 0000 277f73c3 42024bb9: extract_entropy(.. 12 ..)
[    5.582705] random 0025 0000 0000 277f73c3 42024bb9: trying to extract 96 bits from input
[    5.582707] random 0025 0000 0000 277f73c3 42024bb9: debiting 0 entropy credits from input
[    5.582709] random 0025 0000 0000 277f73c3 42024bb9: extract_entropy account returned: 0 
[    5.582712] random 0025 0000 0000 277f73c3 42024bb9: urand_change_num 24 xfer_secondary_pool(12): pool_sig 000007e9, data_sig 00000000, bytes_mixed 0 277f73c3 42024bb9
[    5.582715] random 0025 0000 0000 277f73c3 42024bb9: trying to extract 96 bits from nonblocking
[    5.582717] random 0025 0000 0000 277f73c3 42024bb9: debiting 96 entropy credits from nonblocking (unlimited)
[    5.582719] random 0025 0000 0000 277f73c3 42024bb9: extract_entropy account returned: 12 
[    5.582724] random 0025 0000 0000 277f73c3 42024bb9: urand_change_num 25 extract_buf: pool_sig 000007e9, data_sig 00000088, bytes_mixed 20 277f73c3 42024bb9
[    5.582729] random 0025 0000 0000 277f73c3 42024bb9: urand_change_num 26 extract_buf: pool_sig 00000498, data_sig fffffefb, bytes_mixed 20 277f73c3 42024bb9
[    5.582732] RANDOM - __seed init called.
[    5.582733] RANDOM - __seed init called.
[    5.582734] RANDOM - __seed init called.
[    5.582735] RANDOM - __random32 called. Change num 12.  Value: 87f14767	f0d7351	b1e48bd3
[    5.582737] RANDOM - random32_reseed called.  Value: 87f14767	f0d7351	b1e48bd3
[    5.582740] Pid: 1, comm: swapper Not tainted 2.6.32.57 #6
[    5.582821] Call Trace:
[    5.582904]  [<c1923ca4>] ? random32_reseed+0xa0/0xb1
[    5.582992]  [<c1923c04>] ? random32_reseed+0x0/0xb1
[    5.583072]  [<c100111e>] ? do_one_initcall+0x2e/0x180
[    5.583159]  [<c1907265>] ? kernel_init+0xad/0x103
[    5.583243]  [<c19071b8>] ? kernel_init+0x0/0x103
[    5.583326]  [<c1003787>] ? kernel_thread_helper+0x7/0x10
[    5.583864] random 0025 0000 0000 386b4e60 ee4d4880: rand_read_num 7 get_random_bytes(64): sig fffffea5 386b4e60 ee4d4880
[    5.583866] random 0025 0000 0000 386b4e60 ee4d4880: extract_entropy(.. 64 ..)
[    5.583869] random 0025 0000 0000 386b4e60 ee4d4880: going to reseed nonblocking with 512 bits (512 of 0 requested)
[    5.583871] random 0025 0000 0000 386b4e60 ee4d4880: extract_entropy(.. 64 ..)
[    5.583873] random 0025 0000 0000 386b4e60 ee4d4880: trying to extract 512 bits from input
[    5.583875] random 0025 0000 0000 386b4e60 ee4d4880: debiting 0 entropy credits from input
[    5.583877] random 0025 0000 0000 386b4e60 ee4d4880: extract_entropy account returned: 0 
[    5.583880] random 0025 0000 0000 386b4e60 ee4d4880: urand_change_num 27 xfer_secondary_pool(64): pool_sig fffffea5, data_sig 00000000, bytes_mixed 0 386b4e60 ee4d4880
[    5.583883] random 0025 0000 0000 386b4e60 ee4d4880: trying to extract 512 bits from nonblocking
[    5.583886] random 0025 0000 0000 386b4e60 ee4d4880: debiting 512 entropy credits from nonblocking (unlimited)
[    5.583888] random 0025 0000 0000 386b4e60 ee4d4880: extract_entropy account returned: 64 
[    5.583892] random 0025 0000 0000 386b4e60 ee4d4880: urand_change_num 28 extract_buf: pool_sig fffffea5, data_sig 00000173, bytes_mixed 20 386b4e60 ee4d4880
[    5.583897] random 0025 0000 0000 412698f6 0cc8689a: urand_change_num 29 extract_buf: pool_sig 00000122, data_sig ffffff63, bytes_mixed 20 412698f6 0cc8689a
[    5.583903] random 0025 0000 0000 412698f6 0cc8689a: urand_change_num 30 extract_buf: pool_sig 000001f7, data_sig 00000012, bytes_mixed 20 412698f6 0cc8689a
[    5.583908] random 0025 0000 0000 9669941e 06f768b1: urand_change_num 31 extract_buf: pool_sig fffffb5b, data_sig 0000003f, bytes_mixed 20 9669941e 06f768b1
[    5.583914] random 0025 0000 0000 98486520 995551f0: urand_change_num 32 extract_buf: pool_sig fffffb39, data_sig 0000000e, bytes_mixed 20 98486520 995551f0
[    5.583919] random 0025 0000 0000 98486520 995551f0: urand_change_num 33 extract_buf: pool_sig fffffd8d, data_sig 000001a6, bytes_mixed 20 98486520 995551f0
[    5.583924] random 0025 0000 0000 61fc8914 d5882ed2: urand_change_num 34 extract_buf: pool_sig fffffa58, data_sig 0000023e, bytes_mixed 20 61fc8914 d5882ed2
[    5.583954] random 0025 0000 0000 61fc8914 d5882ed2: rand_read_num 8 get_random_bytes(64): sig fffff9ee 61fc8914 d5882ed2
[    5.583956] random 0025 0000 0000 61fc8914 d5882ed2: extract_entropy(.. 64 ..)
[    5.583958] random 0025 0000 0000 61fc8914 d5882ed2: going to reseed nonblocking with 512 bits (512 of 0 requested)
[    5.583961] random 0025 0000 0000 61fc8914 d5882ed2: extract_entropy(.. 64 ..)
[    5.583963] random 0025 0000 0000 61fc8914 d5882ed2: trying to extract 512 bits from input
[    5.583965] random 0025 0000 0000 61fc8914 d5882ed2: debiting 0 entropy credits from input
[    5.583967] random 0025 0000 0000 61fc8914 d5882ed2: extract_entropy account returned: 0 
[    5.583970] random 0025 0000 0000 61fc8914 d5882ed2: urand_change_num 35 xfer_secondary_pool(64): pool_sig fffff9ee, data_sig 00000000, bytes_mixed 0 61fc8914 d5882ed2
[    5.583973] random 0025 0000 0000 61fc8914 d5882ed2: trying to extract 512 bits from nonblocking
[    5.583975] random 0025 0000 0000 61fc8914 d5882ed2: debiting 512 entropy credits from nonblocking (unlimited)
[    5.583978] random 0025 0000 0000 61fc8914 d5882ed2: extract_entropy account returned: 64 
[    5.583982] random 0025 0000 0000 61fc8914 d5882ed2: urand_change_num 36 extract_buf: pool_sig fffff9ee, data_sig ffffff85, bytes_mixed 20 61fc8914 d5882ed2
[    5.583987] random 0025 0000 0000 70cfd302 e5edec11: urand_change_num 37 extract_buf: pool_sig fffffdc1, data_sig ffffffde, bytes_mixed 20 70cfd302 e5edec11
[    5.583992] random 0025 0000 0000 00dab838 eafd2b30: urand_change_num 38 extract_buf: pool_sig 000003da, data_sig ffffff61, bytes_mixed 20 00dab838 eafd2b30
[    5.583997] random 0025 0000 0000 00dab838 eafd2b30: urand_change_num 39 extract_buf: pool_sig 00000314, data_sig 00000121, bytes_mixed 20 00dab838 eafd2b30
[    5.584003] random 0025 0000 0000 5fcdf66a 6442b608: urand_change_num 40 extract_buf: pool_sig 0000028b, data_sig fffffefd, bytes_mixed 20 5fcdf66a 6442b608
[    5.584008] random 0025 0000 0000 61333f6b 8fae0f9b: urand_change_num 41 extract_buf: pool_sig 000000cb, data_sig 000000b3, bytes_mixed 20 61333f6b 8fae0f9b
[    5.584013] random 0025 0000 0000 61333f6b 8fae0f9b: urand_change_num 42 extract_buf: pool_sig fffffef8, data_sig 00000051, bytes_mixed 20 61333f6b 8fae0f9b
[    5.584016] BEGIN NET_SECRET:
[    5.584017] \xffffffe0
[    5.584018] \xffffffb6
[    5.584019] \x36
[    5.584020] \xffffffb5
[    5.584020] \xffffff94
[    5.584021] \xffffffb2
[    5.584022] \xffffffa8
[    5.584023] \xffffffda
[    5.584024] \x5b
[    5.584025] \x19
[    5.584025] \x18
[    5.584026] \x5c
[    5.584027] \x2b
[    5.584027] \x1
[    5.584028] \xffffff90
[    5.584029] \x19
[    5.584030] \x3c
[    5.584031] \xfffffff2
[    5.584031] \xffffff82
[    5.584032] \x2a
[    5.584033] \xffffffb3
[    5.584034] \xffffffa2
[    5.584035] \x3f
[    5.584035] \x5
[    5.584036] \x52
[    5.584037] \x77
[    5.584037] \x57
[    5.584038] \x79
[    5.584039] \x16
[    5.584040] \x43
[    5.584040] \xffffff84
[    5.584041] \xffffffc3
[    5.584042] \xffffffe9
[    5.584043] \x79
[    5.584043] \x50
[    5.584044] \xffffff8e
[    5.584045] \x3f
[    5.584046] \xfffffff3
[    5.584047] \x19
[    5.584047] \x2a
[    5.584048] \xfffffffd
[    5.584049] \xfffffffb
[    5.584050] \x62
[    5.584050] \x3c
[    5.584051] \xffffffac
[    5.584052] \x1c
[    5.584053] \x3b
[    5.584053] \x3b
[    5.584054] \x15
[    5.584055] \x27
[    5.584056] \xffffffa8
[    5.584056] \x22
[    5.584057] \xffffffc5
[    5.584058] \xffffff9a
[    5.584059] \x5
[    5.584059] \x6c
[    5.584060] \xffffffa8
[    5.584061] \x3a
[    5.584062] \x44
[    5.584063] \xffffffaf
[    5.584063] \x13
[    5.584064] \xffffffe0
[    5.584065] \xffffff9d
[    5.584066] \x22
[    5.584066] 
[    5.584067] END NET_SECRET
[    5.584070] random 0025 0000 0000 e7f555d9 e8ce5c3c: rand_read_num 9 get_random_bytes(4): sig 0000068c e7f555d9 e8ce5c3c
[    5.584072] random 0025 0000 0000 e7f555d9 e8ce5c3c: extract_entropy(.. 4 ..)
[    5.584074] random 0025 0000 0000 e7f555d9 e8ce5c3c: going to reseed nonblocking with 64 bits (32 of 0 requested)
[    5.584077] random 0025 0000 0000 e7f555d9 e8ce5c3c: extract_entropy(.. 8 ..)
[    5.584079] random 0025 0000 0000 e7f555d9 e8ce5c3c: trying to extract 64 bits from input
[    5.584081] random 0025 0000 0000 e7f555d9 e8ce5c3c: debiting 0 entropy credits from input
[    5.584083] random 0025 0000 0000 e7f555d9 e8ce5c3c: extract_entropy account returned: 0 
[    5.584086] random 0025 0000 0000 e7f555d9 e8ce5c3c: urand_change_num 43 xfer_secondary_pool(4): pool_sig 0000068c, data_sig 00000000, bytes_mixed 0 e7f555d9 e8ce5c3c
[    5.584089] random 0025 0000 0000 e7f555d9 e8ce5c3c: trying to extract 32 bits from nonblocking
[    5.584091] random 0025 0000 0000 e7f555d9 e8ce5c3c: debiting 32 entropy credits from nonblocking (unlimited)
[    5.584093] random 0025 0000 0000 e7f555d9 e8ce5c3c: extract_entropy account returned: 4 
[    5.584097] random 0025 0000 0000 e7f555d9 e8ce5c3c: urand_change_num 44 extract_buf: pool_sig 0000068c, data_sig fffffdcb, bytes_mixed 20 e7f555d9 e8ce5c3c
[    5.584109] md: Waiting for all devices to be available before autodetect
[    5.584190] md: If you don't use raid, use raid=noautodetect
[    5.584347] md: Autodetecting RAID arrays.
[    5.584432] md: Scanned 0 and added 0 devices.
[    5.584520] md: autorun ...
[    5.584607] md: ... autorun DONE.
[    5.598071] random 0025 0000 0000 e7f555d9 e8ce5c3c: add_disk_randomness(8:0) e7f555d9 e8ce5c3c
[    5.598074] random 0025 0000 0000 e7f555d9 e8ce5c3c: add_timer_randomness(.. 8388864) with jiffies: 13919988748637667748, cycles: -4526755329366556661
[    5.598077] random 0025 0000 0000 e7f555d9 e8ce5c3c: added 4 entropy credits to input
[    5.599195] random 0029 0000 0000 e7f555d9 e8ce5c3c: add_disk_randomness(8:0) e7f555d9 e8ce5c3c
[    5.599198] random 0029 0000 0000 e7f555d9 e8ce5c3c: add_timer_randomness(.. 8388864) with jiffies: 13930106068089405861, cycles: -4516638009914818549
[    5.599312] random 0029 0000 0000 e7f555d9 e8ce5c3c: add_disk_randomness(8:0) e7f555d9 e8ce5c3c
[    5.599315] random 0029 0000 0000 e7f555d9 e8ce5c3c: add_timer_randomness(.. 8388864) with jiffies: 13931155075196748197, cycles: -4515589002807476213
[    5.599320] EXT3-fs: sda2: couldn't mount because of unsupported optional features (240).
[    5.599534] random 0029 0000 0000 e7f555d9 e8ce5c3c: add_disk_randomness(8:0) e7f555d9 e8ce5c3c
[    5.599537] random 0029 0000 0000 e7f555d9 e8ce5c3c: add_timer_randomness(.. 8388864) with jiffies: 13933155628013552037, cycles: -4513588449990672373
[    5.599541] EXT2-fs: sda2: couldn't mount because of unsupported optional features (240).
[    5.599761] random 0029 0000 0000 e7f555d9 e8ce5c3c: add_disk_randomness(8:0) e7f555d9 e8ce5c3c
[    5.599764] random 0029 0000 0000 e7f555d9 e8ce5c3c: add_timer_randomness(.. 8388864) with jiffies: 13935183784585167270, cycles: -4511560293419057141
[    5.599898] random 0029 0000 0000 e7f555d9 e8ce5c3c: add_disk_randomness(8:0) e7f555d9 e8ce5c3c
[    5.599901] random 0029 0000 0000 e7f555d9 e8ce5c3c: add_timer_randomness(.. 8388864) with jiffies: 13936416964185129382, cycles: -4510327113819095029
[    5.600023] random 0029 0000 0000 e7f555d9 e8ce5c3c: add_disk_randomness(8:0) e7f555d9 e8ce5c3c
[    5.600026] random 0029 0000 0000 e7f555d9 e8ce5c3c: add_timer_randomness(.. 8388864) with jiffies: 13937548859866317222, cycles: -4509195218137907189
[    5.600176] random 0029 0000 0000 e7f555d9 e8ce5c3c: add_disk_randomness(8:0) e7f555d9 e8ce5c3c
[    5.600179] random 0029 0000 0000 e7f555d9 e8ce5c3c: add_timer_randomness(.. 8388864) with jiffies: 13938928424836628902, cycles: -4507815653167595509
[    5.600301] random 0029 0000 0000 e7f555d9 e8ce5c3c: add_disk_randomness(8:0) e7f555d9 e8ce5c3c
[    5.600304] random 0029 0000 0000 e7f555d9 e8ce5c3c: add_timer_randomness(.. 8388864) with jiffies: 13940056261773722022, cycles: -4506687816230502389
[    5.600418] random 0029 0000 0000 e7f555d9 e8ce5c3c: add_disk_randomness(8:0) e7f555d9 e8ce5c3c
[    5.600421] random 0029 0000 0000 e7f555d9 e8ce5c3c: add_timer_randomness(.. 8388864) with jiffies: 13941106437112168870, cycles: -4505637640892055541
[    5.600571] random 0029 0000 0000 e7f555d9 e8ce5c3c: add_disk_randomness(8:0) e7f555d9 e8ce5c3c
[    5.600574] random 0029 0000 0000 e7f555d9 e8ce5c3c: add_timer_randomness(.. 8388864) with jiffies: 13942485688549867942, cycles: -4504258389454356469
[    5.600696] random 0029 0000 0000 e7f555d9 e8ce5c3c: add_disk_randomness(8:0) e7f555d9 e8ce5c3c
[    5.600698] random 0029 0000 0000 e7f555d9 e8ce5c3c: add_timer_randomness(.. 8388864) with jiffies: 13943592372773028263, cycles: -4503151705231196149
[    5.600938] random 0029 0000 0000 e7f555d9 e8ce5c3c: rand_read_num 10 get_random_bytes(4): sig ffffff72 e7f555d9 e8ce5c3c
[    5.600941] random 0029 0000 0000 e7f555d9 e8ce5c3c: extract_entropy(.. 4 ..)
[    5.600943] random 0029 0000 0000 e7f555d9 e8ce5c3c: going to reseed nonblocking with 64 bits (32 of 0 requested)
[    5.600945] random 0029 0000 0000 e7f555d9 e8ce5c3c: extract_entropy(.. 8 ..)
[    5.600947] random 0029 0000 0000 e7f555d9 e8ce5c3c: trying to extract 64 bits from input
[    5.600950] random 0029 0000 0000 e7f555d9 e8ce5c3c: debiting 0 entropy credits from input
[    5.600951] random 0029 0000 0000 e7f555d9 e8ce5c3c: extract_entropy account returned: 0 
[    5.600955] random 0029 0000 0000 e7f555d9 e8ce5c3c: urand_change_num 45 xfer_secondary_pool(4): pool_sig ffffff72, data_sig 00000000, bytes_mixed 0 e7f555d9 e8ce5c3c
[    5.600957] random 0029 0000 0000 e7f555d9 e8ce5c3c: trying to extract 32 bits from nonblocking
[    5.600960] random 0029 0000 0000 e7f555d9 e8ce5c3c: debiting 32 entropy credits from nonblocking (unlimited)
[    5.600962] random 0029 0000 0000 e7f555d9 e8ce5c3c: extract_entropy account returned: 4 
[    5.600966] random 0029 0000 0000 e7f555d9 e8ce5c3c: urand_change_num 46 extract_buf: pool_sig ffffff72, data_sig ffffff72, bytes_mixed 20 e7f555d9 e8ce5c3c
[    5.612527] random 0029 0000 0000 91716c54 eeb6a1e7: add_disk_randomness(8:0) 91716c54 eeb6a1e7
[    5.612530] random 0029 0000 0000 91716c54 eeb6a1e7: add_timer_randomness(.. 8388864) with jiffies: 14050028877912965554, cycles: -4396715200091258869
[    5.612532] random 0029 0000 0000 91716c54 eeb6a1e7: added 3 entropy credits to input
[    5.630807] random 0032 0000 0000 91716c54 eeb6a1e7: add_disk_randomness(8:0) 91716c54 eeb6a1e7
[    5.630810] random 0032 0000 0000 91716c54 eeb6a1e7: add_timer_randomness(.. 8388864) with jiffies: 14214445130856497605, cycles: -4232298947147726837
[    5.630812] random 0032 0000 0000 91716c54 eeb6a1e7: added 1 entropy credits to input
[    5.635522] EXT4-fs (sda2): mounted filesystem with ordered data mode
[    5.635710] VFS: Mounted root (ext4 filesystem) readonly on device 8:2.
[    5.635803] Freeing unused kernel memory: 448k freed
[    5.655958] random 0033 0000 0000 91716c54 eeb6a1e7: add_disk_randomness(8:0) 91716c54 eeb6a1e7
[    5.655961] random 0033 0000 0000 91716c54 eeb6a1e7: add_timer_randomness(.. 8388864) with jiffies: 14440688589077184990, cycles: -4006055488927039477
[    5.655964] random 0033 0000 0000 91716c54 eeb6a1e7: added 1 entropy credits to input
[    5.656692] random 0034 0000 0000 91716c54 eeb6a1e7: add_disk_randomness(8:0) 91716c54 eeb6a1e7
[    5.656695] random 0034 0000 0000 91716c54 eeb6a1e7: add_timer_randomness(.. 8388864) with jiffies: 14447286891499454943, cycles: -3999457186504769525
[    5.661420] random 0034 0000 0000 91716c54 eeb6a1e7: add_disk_randomness(8:0) 91716c54 eeb6a1e7
[    5.661423] random 0034 0000 0000 91716c54 eeb6a1e7: add_timer_randomness(.. 8388864) with jiffies: 14489828615580778979, cycles: -3956915462423445493
[    5.661426] random 0034 0000 0000 91716c54 eeb6a1e7: added 1 entropy credits to input
[    5.669621] random 0035 0000 0000 91716c54 eeb6a1e7: add_disk_randomness(8:0) 91716c54 eeb6a1e7
[    5.669624] random 0035 0000 0000 91716c54 eeb6a1e7: add_timer_randomness(.. 8388864) with jiffies: 14563577529085166060, cycles: -3883166548919058421
[    5.669626] random 0035 0000 0000 91716c54 eeb6a1e7: added 1 entropy credits to input
[    5.673042] random 0036 0000 0000 91716c54 eeb6a1e7: add_disk_randomness(8:0) 91716c54 eeb6a1e7
[    5.673045] random 0036 0000 0000 91716c54 eeb6a1e7: add_timer_randomness(.. 8388864) with jiffies: 14594356836686332399, cycles: -3852387241317892085
[    5.673047] random 0036 0000 0000 91716c54 eeb6a1e7: added 1 entropy credits to input
[    5.681939] random 0037 0000 0000 91716c54 eeb6a1e7: add_disk_randomness(8:0) 91716c54 eeb6a1e7
[    5.681942] random 0037 0000 0000 91716c54 eeb6a1e7: add_timer_randomness(.. 8388864) with jiffies: 14674384219283358200, cycles: -3772359858720866293
[    5.681944] random 0037 0000 0000 91716c54 eeb6a1e7: added 2 entropy credits to input
[    5.686899] random 0039 0000 0000 91716c54 eeb6a1e7: add_disk_randomness(8:0) 91716c54 eeb6a1e7
[    5.686902] random 0039 0000 0000 91716c54 eeb6a1e7: add_timer_randomness(.. 8388864) with jiffies: 14719000416863617533, cycles: -3727743661140606965
[    5.686905] random 0039 0000 0000 91716c54 eeb6a1e7: added 2 entropy credits to input
[    5.694977] random 0041 0000 0000 91716c54 eeb6a1e7: add_disk_randomness(8:0) 91716c54 eeb6a1e7
[    5.694980] random 0041 0000 0000 91716c54 eeb6a1e7: add_timer_randomness(.. 8388864) with jiffies: 14791662712232051205, cycles: -3655081365772173301
[    5.694982] random 0041 0000 0000 91716c54 eeb6a1e7: added 1 entropy credits to input
[    5.695005] RANDOM get_random_int call with cycles 50688646544, jiffies 4294672901 and pid 1
[    5.695008] RANDOM get_random_int call with cycles 50688653810, jiffies 4294672901 and pid 1
[    5.695010] ASLR stack rand value: 7086080 after shift for pid: 1
[    5.695012] RANDOM get_random_int call with cycles 50688661758, jiffies 4294672901 and pid 1
[    5.706628] random 0042 0000 0000 91716c54 eeb6a1e7: add_disk_randomness(8:0) 91716c54 eeb6a1e7
[    5.706631] random 0042 0000 0000 91716c54 eeb6a1e7: add_timer_randomness(.. 8388864) with jiffies: 14896458673008902673, cycles: -3550285404995321845
[    5.706641] RANDOM get_random_int call with cycles 50713016571, jiffies 4294672913 and pid 1
[    5.706645] random 0042 0000 0000 91716c54 eeb6a1e7: rand_read_num 11 get_random_bytes(16): sig fffffcad 91716c54 eeb6a1e7
[    5.706647] random 0042 0000 0000 91716c54 eeb6a1e7: extract_entropy(.. 16 ..)
[    5.706650] random 0042 0000 0000 91716c54 eeb6a1e7: going to reseed nonblocking with 128 bits (128 of 0 requested)
[    5.706652] random 0042 0000 0000 91716c54 eeb6a1e7: extract_entropy(.. 16 ..)
[    5.706654] random 0042 0000 0000 91716c54 eeb6a1e7: trying to extract 128 bits from input
[    5.706656] random 0042 0000 0000 91716c54 eeb6a1e7: debiting 0 entropy credits from input
[    5.706658] random 0042 0000 0000 91716c54 eeb6a1e7: extract_entropy account returned: 0 
[    5.706661] random 0042 0000 0000 91716c54 eeb6a1e7: urand_change_num 47 xfer_secondary_pool(16): pool_sig fffffcad, data_sig 00000000, bytes_mixed 0 91716c54 eeb6a1e7
[    5.706664] random 0042 0000 0000 91716c54 eeb6a1e7: trying to extract 128 bits from nonblocking
[    5.706667] random 0042 0000 0000 91716c54 eeb6a1e7: debiting 128 entropy credits from nonblocking (unlimited)
[    5.706669] random 0042 0000 0000 91716c54 eeb6a1e7: extract_entropy account returned: 16 
[    5.706673] random 0042 0000 0000 91716c54 eeb6a1e7: urand_change_num 48 extract_buf: pool_sig fffffcad, data_sig ffffff19, bytes_mixed 20 91716c54 eeb6a1e7
[    5.706679] random 0042 0000 0000 fd637b06 6cf47bc1: urand_change_num 49 extract_buf: pool_sig fffffede, data_sig ffffffc1, bytes_mixed 20 fd637b06 6cf47bc1
[    5.707636] random 0042 0000 0000 fd637b06 6cf47bc1: add_disk_randomness(8:0) fd637b06 6cf47bc1
[    5.707639] random 0042 0000 0000 fd637b06 6cf47bc1: add_timer_randomness(.. 8388864) with jiffies: 14905526315338400274, cycles: -3541217762665824245
[    5.708833] random 0042 0000 0000 fd637b06 6cf47bc1: add_disk_randomness(8:0) fd637b06 6cf47bc1
[    5.708836] random 0042 0000 0000 fd637b06 6cf47bc1: add_timer_randomness(.. 8388864) with jiffies: 14916303182853014035, cycles: -3530440895151210485
[    5.709990] random 0042 0000 0000 fd637b06 6cf47bc1: add_disk_randomness(8:0) fd637b06 6cf47bc1
[    5.709993] random 0042 0000 0000 fd637b06 6cf47bc1: add_timer_randomness(.. 8388864) with jiffies: 14926712731879571988, cycles: -3520031346124652533
[    5.710868] random 0042 0000 0000 fd637b06 6cf47bc1: add_disk_randomness(8:0) fd637b06 6cf47bc1
[    5.710871] random 0042 0000 0000 fd637b06 6cf47bc1: add_timer_randomness(.. 8388864) with jiffies: 14934605997006357013, cycles: -3512138080997867509
[    5.711051] random 0042 0000 0000 fd637b06 6cf47bc1: add_disk_randomness(8:0) fd637b06 6cf47bc1
[    5.711054] random 0042 0000 0000 fd637b06 6cf47bc1: add_timer_randomness(.. 8388864) with jiffies: 14936252090467189269, cycles: -3510491987537035253
[    5.711266] random 0042 0000 0000 fd637b06 6cf47bc1: add_disk_randomness(8:0) fd637b06 6cf47bc1
[    5.711269] random 0042 0000 0000 fd637b06 6cf47bc1: add_timer_randomness(.. 8388864) with jiffies: 14938193205231583765, cycles: -3508550872772640757
[    5.721692] random 0042 0000 0000 fd637b06 6cf47bc1: add_disk_randomness(8:0) fd637b06 6cf47bc1
[    5.721695] random 0042 0000 0000 fd637b06 6cf47bc1: add_timer_randomness(.. 8388864) with jiffies: 15031967601322066464, cycles: -3414776476682158069
[    5.721698] random 0042 0000 0000 fd637b06 6cf47bc1: added 3 entropy credits to input
[    5.722125] random 0045 0000 0000 fd637b06 6cf47bc1: add_disk_randomness(8:0) fd637b06 6cf47bc1
[    5.722129] random 0045 0000 0000 fd637b06 6cf47bc1: add_timer_randomness(.. 8388864) with jiffies: 15035870760226488864, cycles: -3410873317777735669
[    5.731875] random 0045 0000 0000 fd637b06 6cf47bc1: add_disk_randomness(8:0) fd637b06 6cf47bc1
[    5.731878] random 0045 0000 0000 fd637b06 6cf47bc1: add_timer_randomness(.. 8388864) with jiffies: 15123561416746566186, cycles: -3323182661257658357
[    5.731880] random 0045 0000 0000 fd637b06 6cf47bc1: added 3 entropy credits to input
[    5.731933] RANDOM get_random_int call with cycles 50765987034, jiffies 4294672938 and pid 1
[    5.736480] random 0048 0000 0000 fd637b06 6cf47bc1: add_disk_randomness(8:0) fd637b06 6cf47bc1
[    5.736483] random 0048 0000 0000 fd637b06 6cf47bc1: add_timer_randomness(.. 8388864) with jiffies: 15164995331323298350, cycles: -3281748746680926197
[    5.736486] random 0048 0000 0000 fd637b06 6cf47bc1: added 2 entropy credits to input
[    5.749311] random 0050 0000 0000 fd637b06 6cf47bc1: add_disk_randomness(8:0) fd637b06 6cf47bc1
[    5.749315] random 0050 0000 0000 fd637b06 6cf47bc1: add_timer_randomness(.. 8388864) with jiffies: 15280414421260403259, cycles: -3166329656743821301
[    5.749317] random 0050 0000 0000 fd637b06 6cf47bc1: added 3 entropy credits to input
[    5.749452] random 0053 0000 0000 fd637b06 6cf47bc1: add_disk_randomness(8:0) fd637b06 6cf47bc1
[    5.749455] random 0053 0000 0000 fd637b06 6cf47bc1: add_timer_randomness(.. 8388864) with jiffies: 15281684945601004091, cycles: -3165059132403220469
[    5.751611] random 0053 0000 0000 fd637b06 6cf47bc1: add_disk_randomness(8:0) fd637b06 6cf47bc1
[    5.751614] random 0053 0000 0000 fd637b06 6cf47bc1: add_timer_randomness(.. 8388864) with jiffies: 15301107749786190397, cycles: -3145636328218034165
[    5.751617] random 0053 0000 0000 fd637b06 6cf47bc1: added 1 entropy credits to input
[    5.751859] random 0054 0000 0000 fd637b06 6cf47bc1: add_disk_randomness(8:0) fd637b06 6cf47bc1
[    5.751863] random 0054 0000 0000 fd637b06 6cf47bc1: add_timer_randomness(.. 8388864) with jiffies: 15303325537753858622, cycles: -3143418540250365941
[    5.752039] random 0054 0000 0000 fd637b06 6cf47bc1: add_disk_randomness(8:0) fd637b06 6cf47bc1
[    5.752042] random 0054 0000 0000 fd637b06 6cf47bc1: add_timer_randomness(.. 8388864) with jiffies: 15304945650957517374, cycles: -3141798427046707189
[    5.755167] random 0054 0000 0000 fd637b06 6cf47bc1: add_disk_randomness(8:0) fd637b06 6cf47bc1
[    5.755170] random 0054 0000 0000 fd637b06 6cf47bc1: add_timer_randomness(.. 8388864) with jiffies: 15333079963078984257, cycles: -3113664114925240309
[    5.755173] random 0054 0000 0000 fd637b06 6cf47bc1: added 1 entropy credits to input
[    5.757182] random 0055 0000 0000 fd637b06 6cf47bc1: add_disk_randomness(8:0) fd637b06 6cf47bc1
[    5.757185] random 0055 0000 0000 fd637b06 6cf47bc1: add_timer_randomness(.. 8388864) with jiffies: 15351204286981440067, cycles: -3095539791022784501
[    5.765014] random 0055 0000 0000 fd637b06 6cf47bc1: add_disk_randomness(8:0) fd637b06 6cf47bc1
[    5.765017] random 0055 0000 0000 fd637b06 6cf47bc1: add_timer_randomness(.. 8388864) with jiffies: 15421652900370940491, cycles: -3025091177633284085
[    5.765020] random 0055 0000 0000 fd637b06 6cf47bc1: added 2 entropy credits to input
[    5.765150] random 0057 0000 0000 fd637b06 6cf47bc1: add_disk_randomness(8:0) fd637b06 6cf47bc1
[    5.765153] random 0057 0000 0000 fd637b06 6cf47bc1: add_timer_randomness(.. 8388864) with jiffies: 15422882970414580299, cycles: -3023861107589644277
[    5.768713] random 0057 0000 0000 fd637b06 6cf47bc1: add_disk_randomness(8:0) fd637b06 6cf47bc1
[    5.768716] random 0057 0000 0000 fd637b06 6cf47bc1: add_timer_randomness(.. 8388864) with jiffies: 15454919900274590287, cycles: -2991824177729634293
[    5.768718] random 0057 0000 0000 fd637b06 6cf47bc1: added 2 entropy credits to input
[    5.773210] random 0059 0000 0000 fd637b06 6cf47bc1: add_disk_randomness(8:0) fd637b06 6cf47bc1
[    5.773213] random 0059 0000 0000 fd637b06 6cf47bc1: add_timer_randomness(.. 8388864) with jiffies: 15495382602486612563, cycles: -2951361475517612021
[    5.778789] random 0059 0000 0000 fd637b06 6cf47bc1: add_disk_randomness(8:0) fd637b06 6cf47bc1
[    5.778792] random 0059 0000 0000 fd637b06 6cf47bc1: add_timer_randomness(.. 8388864) with jiffies: 15545559545764610649, cycles: -2901184532239613941
[    5.778795] random 0059 0000 0000 fd637b06 6cf47bc1: added 1 entropy credits to input
[    5.785069] random 0060 0000 0000 fd637b06 6cf47bc1: add_disk_randomness(8:0) fd637b06 6cf47bc1
[    5.785072] random 0060 0000 0000 fd637b06 6cf47bc1: add_timer_randomness(.. 8388864) with jiffies: 15602050949961187935, cycles: -2844693128043036661
[    5.785083] random 0060 0000 0000 fd637b06 6cf47bc1: rand_read_num 12 get_random_bytes(16): sig 0000033b fd637b06 6cf47bc1
[    5.785085] random 0060 0000 0000 fd637b06 6cf47bc1: extract_entropy(.. 16 ..)
[    5.785088] random 0060 0000 0000 fd637b06 6cf47bc1: going to reseed nonblocking with 128 bits (128 of 0 requested)
[    5.785090] random 0060 0000 0000 fd637b06 6cf47bc1: extract_entropy(.. 16 ..)
[    5.785092] random 0060 0000 0000 fd637b06 6cf47bc1: trying to extract 128 bits from input
[    5.785095] random 0060 0000 0000 fd637b06 6cf47bc1: debiting 0 entropy credits from input
[    5.785097] random 0060 0000 0000 fd637b06 6cf47bc1: extract_entropy account returned: 0 
[    5.785100] random 0060 0000 0000 fd637b06 6cf47bc1: urand_change_num 50 xfer_secondary_pool(16): pool_sig 0000033b, data_sig 00000000, bytes_mixed 0 fd637b06 6cf47bc1
[    5.785103] random 0060 0000 0000 fd637b06 6cf47bc1: trying to extract 128 bits from nonblocking
[    5.785105] random 0060 0000 0000 fd637b06 6cf47bc1: debiting 128 entropy credits from nonblocking (unlimited)
[    5.785107] random 0060 0000 0000 fd637b06 6cf47bc1: extract_entropy account returned: 16 
[    5.785112] random 0060 0000 0000 fd637b06 6cf47bc1: urand_change_num 51 extract_buf: pool_sig 0000033b, data_sig 000000d8, bytes_mixed 20 fd637b06 6cf47bc1
[    5.785117] random 0060 0000 0000 0ec1f012 d4727ca8: urand_change_num 52 extract_buf: pool_sig fffffcf5, data_sig 00000016, bytes_mixed 20 0ec1f012 d4727ca8
[    5.791815] random 0060 0000 0000 45b1d0b1 845a73f7: add_disk_randomness(8:0) 45b1d0b1 845a73f7
[    5.791818] random 0060 0000 0000 45b1d0b1 845a73f7: add_timer_randomness(.. 8388864) with jiffies: 15662732107639915110, cycles: -2784011970364309493
[    5.799042] random 0060 0000 0000 45b1d0b1 845a73f7: add_disk_randomness(8:0) 45b1d0b1 845a73f7
[    5.799045] random 0060 0000 0000 45b1d0b1 845a73f7: add_timer_randomness(.. 8388864) with jiffies: 15727739027530154605, cycles: -2719005050474070005
[    5.804641] random 0060 0000 0000 45b1d0b1 845a73f7: add_disk_randomness(8:0) 45b1d0b1 845a73f7
[    5.804644] random 0060 0000 0000 45b1d0b1 845a73f7: add_timer_randomness(.. 8388864) with jiffies: 15778094783181587059, cycles: -2668649294822637557
[    5.816470] random 0060 0000 0000 45b1d0b1 845a73f7: add_disk_randomness(8:0) 45b1d0b1 845a73f7
[    5.816473] random 0060 0000 0000 45b1d0b1 845a73f7: add_timer_randomness(.. 8388864) with jiffies: 15884512708293001854, cycles: -2562231369711222773
[    5.816476] random 0060 0000 0000 45b1d0b1 845a73f7: added 2 entropy credits to input
[    5.819611] random 0062 0000 0000 45b1d0b1 845a73f7: add_disk_randomness(8:0) 45b1d0b1 845a73f7
[    5.819614] random 0062 0000 0000 45b1d0b1 845a73f7: add_timer_randomness(.. 8388864) with jiffies: 15912772841481405057, cycles: -2533971236522819573
[    5.819617] random 0062 0000 0000 45b1d0b1 845a73f7: added 1 entropy credits to input
[    5.833886] random 0063 0000 0000 45b1d0b1 845a73f7: add_disk_randomness(8:0) 45b1d0b1 845a73f7
[    5.833889] random 0063 0000 0000 45b1d0b1 845a73f7: add_timer_randomness(.. 8388864) with jiffies: 16041163226573669008, cycles: -2405580851430555637
[    5.833892] random 0063 0000 0000 45b1d0b1 845a73f7: added 3 entropy credits to input
[    5.839281] random 0066 0000 0000 45b1d0b1 845a73f7: add_disk_randomness(8:0) 45b1d0b1 845a73f7
[    5.839284] random 0066 0000 0000 45b1d0b1 845a73f7: add_timer_randomness(.. 8388864) with jiffies: 16089698547451789973, cycles: -2357045530552434677
[    5.839287] random 0066 0000 0000 45b1d0b1 845a73f7: added 2 entropy credits to input
[    5.844452] random 0068 0000 0000 45b1d0b1 845a73f7: add_disk_randomness(8:0) 45b1d0b1 845a73f7
[    5.844455] random 0068 0000 0000 45b1d0b1 845a73f7: add_timer_randomness(.. 8388864) with jiffies: 16136215856471048858, cycles: -2310528221533175797
[    5.852687] random 0068 0000 0000 45b1d0b1 845a73f7: add_disk_randomness(8:0) 45b1d0b1 845a73f7
[    5.852690] random 0068 0000 0000 45b1d0b1 845a73f7: add_timer_randomness(.. 8388864) with jiffies: 16210272422777815715, cycles: -2236471655226408949
[    5.852693] random 0068 0000 0000 45b1d0b1 845a73f7: added 2 entropy credits to input
[    5.862290] random 0070 0000 0000 45b1d0b1 845a73f7: add_disk_randomness(8:0) 45b1d0b1 845a73f7
[    5.862293] random 0070 0000 0000 45b1d0b1 845a73f7: add_timer_randomness(.. 8388864) with jiffies: 16296662069279425196, cycles: -2150082008724799477
[    5.881799] random 0070 0000 0000 45b1d0b1 845a73f7: add_disk_randomness(8:0) 45b1d0b1 845a73f7
[    5.881802] random 0070 0000 0000 45b1d0b1 845a73f7: add_timer_randomness(.. 8388864) with jiffies: 16472141195904778944, cycles: -1974602882099445749
[    5.881805] random 0070 0000 0000 45b1d0b1 845a73f7: added 3 entropy credits to input
[    5.895082] random 0073 0000 0000 45b1d0b1 845a73f7: add_disk_randomness(8:0) 45b1d0b1 845a73f7
[    5.895085] random 0073 0000 0000 45b1d0b1 845a73f7: add_timer_randomness(.. 8388864) with jiffies: 16591627555446686413, cycles: -1855116522557538293
[    5.895088] random 0073 0000 0000 45b1d0b1 845a73f7: added 2 entropy credits to input
[    5.903106] random 0075 0000 0000 45b1d0b1 845a73f7: add_disk_randomness(8:0) 45b1d0b1 845a73f7
[    5.903109] random 0075 0000 0000 45b1d0b1 845a73f7: add_timer_randomness(.. 8388864) with jiffies: 16663803480128586453, cycles: -1782940597875638261
[    5.903112] random 0075 0000 0000 45b1d0b1 845a73f7: added 1 entropy credits to input
[    5.913122] random 0076 0000 0000 45b1d0b1 845a73f7: add_disk_randomness(8:0) 45b1d0b1 845a73f7
[    5.913125] random 0076 0000 0000 45b1d0b1 845a73f7: add_timer_randomness(.. 8388864) with jiffies: 16753903269704336095, cycles: -1692840808299888629
[    5.913128] random 0076 0000 0000 45b1d0b1 845a73f7: added 1 entropy credits to input
[    5.926011] random 0077 0000 0000 45b1d0b1 845a73f7: add_disk_randomness(8:0) 45b1d0b1 845a73f7
[    5.926014] random 0077 0000 0000 45b1d0b1 845a73f7: add_timer_randomness(.. 8388864) with jiffies: 16869837369169904364, cycles: -1576906708834320373
[    5.933369] random 0077 0000 0000 45b1d0b1 845a73f7: add_disk_randomness(8:0) 45b1d0b1 845a73f7
[    5.933372] random 0077 0000 0000 45b1d0b1 845a73f7: add_timer_randomness(.. 8388864) with jiffies: 16936025701419287283, cycles: -1510718376584937461
[    5.933375] random 0077 0000 0000 45b1d0b1 845a73f7: added 2 entropy credits to input
[    5.938663] random 0079 0000 0000 45b1d0b1 845a73f7: add_disk_randomness(8:0) 45b1d0b1 845a73f7
[    5.938666] random 0079 0000 0000 45b1d0b1 845a73f7: add_timer_randomness(.. 8388864) with jiffies: 16983637024508183289, cycles: -1463107053496041461
[    5.945062] random 0079 0000 0000 45b1d0b1 845a73f7: add_disk_randomness(8:0) 45b1d0b1 845a73f7
[    5.945065] random 0079 0000 0000 45b1d0b1 845a73f7: add_timer_randomness(.. 8388864) with jiffies: 17041196419567551231, cycles: -1405547658436673525
[    5.950114] random 0079 0000 0000 45b1d0b1 845a73f7: add_disk_randomness(8:0) 45b1d0b1 845a73f7
[    5.950117] random 0079 0000 0000 45b1d0b1 845a73f7: add_timer_randomness(.. 8388864) with jiffies: 17086643439916516100, cycles: -1360100638087708661
[    5.956016] random 0079 0000 0000 45b1d0b1 845a73f7: add_disk_randomness(8:0) 45b1d0b1 845a73f7
[    5.956019] random 0079 0000 0000 45b1d0b1 845a73f7: add_timer_randomness(.. 8388864) with jiffies: 17139731993064080138, cycles: -1307012084940144629
[    5.965370] random 0079 0000 0000 45b1d0b1 845a73f7: add_disk_randomness(8:0) 45b1d0b1 845a73f7
[    5.965373] random 0079 0000 0000 45b1d0b1 845a73f7: add_timer_randomness(.. 8388864) with jiffies: 17223881303019717395, cycles: -1222862774984507381
[    5.965376] random 0079 0000 0000 45b1d0b1 845a73f7: added 1 entropy credits to input
[    5.970248] random 0080 0000 0000 45b1d0b1 845a73f7: add_disk_randomness(8:0) 45b1d0b1 845a73f7
[    5.970251] random 0080 0000 0000 45b1d0b1 845a73f7: add_timer_randomness(.. 8388864) with jiffies: 17267753212832351000, cycles: -1178990865171873781
[    5.970254] random 0080 0000 0000 45b1d0b1 845a73f7: added 2 entropy credits to input
[    5.977684] random 0082 0000 0000 45b1d0b1 845a73f7: add_disk_randomness(8:0) 45b1d0b1 845a73f7
[    5.977687] random 0082 0000 0000 45b1d0b1 845a73f7: add_timer_randomness(.. 8388864) with jiffies: 17334627202250801952, cycles: -1112116875753422837
[    5.977689] random 0082 0000 0000 45b1d0b1 845a73f7: added 1 entropy credits to input
[    5.983909] random 0083 0000 0000 45b1d0b1 845a73f7: add_disk_randomness(8:0) 45b1d0b1 845a73f7
[    5.983912] random 0083 0000 0000 45b1d0b1 845a73f7: add_timer_randomness(.. 8388864) with jiffies: 17390627768994857766, cycles: -1056116309009367029
[    5.983914] random 0083 0000 0000 45b1d0b1 845a73f7: added 1 entropy credits to input
[    5.984060] random 0084 0000 0000 45b1d0b1 845a73f7: add_disk_randomness(8:0) 45b1d0b1 845a73f7
[    5.984063] random 0084 0000 0000 45b1d0b1 845a73f7: add_timer_randomness(.. 8388864) with jiffies: 17391993130508321574, cycles: -1054750947495903221
[    5.998469] random 0084 0000 0000 45b1d0b1 845a73f7: add_disk_randomness(8:0) 45b1d0b1 845a73f7
[    5.998472] random 0084 0000 0000 45b1d0b1 845a73f7: add_timer_randomness(.. 8388864) with jiffies: 17521608895539938100, cycles: -925135182464286709
[    5.998475] random 0084 0000 0000 45b1d0b1 845a73f7: added 3 entropy credits to input
[    6.005894] random 0087 0000 0000 45b1d0b1 845a73f7: add_disk_randomness(8:0) 45b1d0b1 845a73f7
[    6.005897] random 0087 0000 0000 45b1d0b1 845a73f7: add_timer_randomness(.. 8388864) with jiffies: 17588386690575860540, cycles: -858357387428364277
[    6.005900] random 0087 0000 0000 45b1d0b1 845a73f7: added 2 entropy credits to input
[    6.015576] random 0089 0000 0000 45b1d0b1 845a73f7: add_disk_randomness(8:0) 45b1d0b1 845a73f7
[    6.015579] random 0089 0000 0000 45b1d0b1 845a73f7: add_timer_randomness(.. 8388864) with jiffies: 17675488511374623557, cycles: -771255566629601269
[    6.026207] random 0089 0000 0000 45b1d0b1 845a73f7: add_disk_randomness(8:0) 45b1d0b1 845a73f7
[    6.026210] random 0089 0000 0000 45b1d0b1 845a73f7: add_timer_randomness(.. 8388864) with jiffies: 17771104765535290192, cycles: -675639312468934645
[    6.038731] random 0089 0000 0000 45b1d0b1 845a73f7: add_disk_randomness(8:0) 45b1d0b1 845a73f7
[    6.038734] random 0089 0000 0000 45b1d0b1 845a73f7: add_timer_randomness(.. 8388864) with jiffies: 17883751780500341597, cycles: -562992297503883253
[    6.039942] random 0089 0000 0000 45b1d0b1 845a73f7: add_disk_randomness(8:0) 45b1d0b1 845a73f7
[    6.039945] random 0089 0000 0000 45b1d0b1 845a73f7: add_timer_randomness(.. 8388864) with jiffies: 17894647661558727518, cycles: -552096416445497333
[    6.043955] random 0089 0000 0000 45b1d0b1 845a73f7: add_disk_randomness(8:0) 45b1d0b1 845a73f7
[    6.043958] random 0089 0000 0000 45b1d0b1 845a73f7: add_timer_randomness(.. 8388864) with jiffies: 17930749378532442978, cycles: -515994699471781877
[    6.043961] random 0089 0000 0000 45b1d0b1 845a73f7: added 1 entropy credits to input
[    6.053297] random 0090 0000 0000 45b1d0b1 845a73f7: add_disk_randomness(8:0) 45b1d0b1 845a73f7
[    6.053300] random 0090 0000 0000 45b1d0b1 845a73f7: add_timer_randomness(.. 8388864) with jiffies: 18014788741620269931, cycles: -431955336383954933
[    6.053303] random 0090 0000 0000 45b1d0b1 845a73f7: added 1 entropy credits to input
[    6.053650] random 0091 0000 0000 45b1d0b1 845a73f7: add_disk_randomness(8:0) 45b1d0b1 845a73f7
[    6.053653] random 0091 0000 0000 45b1d0b1 845a73f7: add_timer_randomness(.. 8388864) with jiffies: 18017971561494709099, cycles: -428772516509515765
[    6.069311] random 0091 0000 0000 45b1d0b1 845a73f7: add_disk_randomness(8:0) 45b1d0b1 845a73f7
[    6.069314] random 0091 0000 0000 45b1d0b1 845a73f7: add_timer_randomness(.. 8388864) with jiffies: 18158836769292518267, cycles: -287907308711706613
[    6.069317] random 0091 0000 0000 45b1d0b1 845a73f7: added 4 entropy credits to input
[    6.070941] random 0095 0000 0000 45b1d0b1 845a73f7: add_disk_randomness(8:0) 45b1d0b1 845a73f7
[    6.070944] random 0095 0000 0000 45b1d0b1 845a73f7: add_timer_randomness(.. 8388864) with jiffies: 18173489514079290237, cycles: -273254563924934645
[    6.070947] random 0095 0000 0000 45b1d0b1 845a73f7: added 1 entropy credits to input
[    6.071091] random 0096 0000 0000 45b1d0b1 845a73f7: add_disk_randomness(8:0) 45b1d0b1 845a73f7
[    6.071094] random 0096 0000 0000 45b1d0b1 845a73f7: add_timer_randomness(.. 8388864) with jiffies: 18174838593371734909, cycles: -271905484632489973
[    6.081971] random 0096 0000 0000 45b1d0b1 845a73f7: add_disk_randomness(8:0) 45b1d0b1 845a73f7
[    6.081974] random 0096 0000 0000 45b1d0b1 845a73f7: add_timer_randomness(.. 8388864) with jiffies: 18272709434779861896, cycles: -174034643224362997
[    6.081977] random 0096 0000 0000 45b1d0b1 845a73f7: added 3 entropy credits to input
[    6.082533] random 0099 0000 0000 45b1d0b1 845a73f7: add_disk_randomness(8:0) 45b1d0b1 845a73f7
[    6.082536] random 0099 0000 0000 45b1d0b1 845a73f7: add_timer_randomness(.. 8388864) with jiffies: 18277770778860290952, cycles: -168973299143933941
[    6.087766] random 0099 0000 0000 45b1d0b1 845a73f7: add_disk_randomness(8:0) 45b1d0b1 845a73f7
[    6.087769] random 0099 0000 0000 45b1d0b1 845a73f7: add_timer_randomness(.. 8388864) with jiffies: 18324832505049088910, cycles: -121911572955135989
[    6.087772] random 0099 0000 0000 45b1d0b1 845a73f7: added 2 entropy credits to input
[    6.089521] random 0101 0000 0000 45b1d0b1 845a73f7: add_disk_randomness(8:0) 45b1d0b1 845a73f7
[    6.089524] random 0101 0000 0000 45b1d0b1 845a73f7: add_timer_randomness(.. 8388864) with jiffies: 18340629811375604623, cycles: -106114266628620277
[    6.099750] random 0101 0000 0000 45b1d0b1 845a73f7: add_disk_randomness(8:0) 45b1d0b1 845a73f7
[    6.099753] random 0101 0000 0000 45b1d0b1 845a73f7: add_timer_randomness(.. 8388864) with jiffies: 18432623410945950618, cycles: -14120667058274293
