[    0.000000] random 0000 0000 0000 00000000 00000000: rand_read_num 1 get_random_bytes(8): sig 00000000 00000000 00000000
[    0.000000] random 0000 0000 0000 00000000 00000000: extract_entropy(.. 8 ..)
[    0.000000] random 0000 0000 0000 00000000 00000000: going to reseed nonblocking with 64 bits (64 of 0 requested)
[    0.000000] random 0000 0000 0000 00000000 00000000: extract_entropy(.. 8 ..)
[    0.000000] random 0000 0000 0000 00000000 00000000: trying to extract 64 bits from input
[    0.000000] random 0000 0000 0000 00000000 00000000: debiting 0 entropy credits from input
[    0.000000] random 0000 0000 0000 00000000 00000000: extract_entropy account returned: 0 
[    0.000000] random 0000 0000 0000 00000000 00000000: urand_change_num 1 xfer_secondary_pool(8): pool_sig 00000000, data_sig 00000000, bytes_mixed 0 00000000 00000000
[    0.000000] random 0000 0000 0000 00000000 00000000: trying to extract 64 bits from nonblocking
[    0.000000] random 0000 0000 0000 00000000 00000000: debiting 64 entropy credits from nonblocking (unlimited)
[    0.000000] random 0000 0000 0000 00000000 00000000: extract_entropy account returned: 8 
[    0.000000] random 0000 0000 0000 00000000 00000000: urand_change_num 2 extract_buf: pool_sig 00000000, data_sig fffffff9, bytes_mixed 20 00000000 00000000
[    0.000000] Linux version 2.6.32.57 (dcashman@dcashman-02) (gcc version 4.3.3 (GCC) ) #6 Thu May 30 09:02:12 PDT 2013
[    0.000000] KERNEL supported cpus:
[    0.000000]   Intel GenuineIntel
[    0.000000]   AMD AuthenticAMD
[    0.000000]   NSC Geode by NSC
[    0.000000]   Cyrix CyrixInstead
[    0.000000]   Centaur CentaurHauls
[    0.000000]   Transmeta GenuineTMx86
[    0.000000]   Transmeta TransmetaCPU
[    0.000000]   UMC UMC UMC UMC
[    0.000000] BIOS-provided physical RAM map:
[    0.000000]  BIOS-e820: 0000000000000000 - 000000000009d800 (usable)
[    0.000000]  BIOS-e820: 000000000009d800 - 00000000000a0000 (reserved)
[    0.000000]  BIOS-e820: 00000000000d2000 - 00000000000d4000 (reserved)
[    0.000000]  BIOS-e820: 00000000000e0000 - 0000000000100000 (reserved)
[    0.000000]  BIOS-e820: 0000000000100000 - 000000003d6b0000 (usable)
[    0.000000]  BIOS-e820: 000000003d6b0000 - 000000003d6cc000 (ACPI data)
[    0.000000]  BIOS-e820: 000000003d6cc000 - 000000003d700000 (ACPI NVS)
[    0.000000]  BIOS-e820: 000000003d700000 - 000000003e000000 (reserved)
[    0.000000]  BIOS-e820: 00000000f0000000 - 00000000f4000000 (reserved)
[    0.000000]  BIOS-e820: 00000000fec00000 - 00000000fec10000 (reserved)
[    0.000000]  BIOS-e820: 00000000fed00000 - 00000000fed00400 (reserved)
[    0.000000]  BIOS-e820: 00000000fed14000 - 00000000fed1a000 (reserved)
[    0.000000]  BIOS-e820: 00000000fed1c000 - 00000000fed90000 (reserved)
[    0.000000]  BIOS-e820: 00000000fee00000 - 00000000fee01000 (reserved)
[    0.000000]  BIOS-e820: 00000000ff000000 - 0000000100000000 (reserved)
[    0.000000] DMI present.
[    0.000000] last_pfn = 0x3d6b0 max_arch_pfn = 0x100000
[    0.000000] MTRR default type: uncachable
[    0.000000] MTRR fixed ranges enabled:
[    0.000000]   00000-9FFFF write-back
[    0.000000]   A0000-BFFFF uncachable
[    0.000000]   C0000-CFFFF write-protect
[    0.000000]   D0000-DFFFF uncachable
[    0.000000]   E0000-FFFFF write-protect
[    0.000000] MTRR variable ranges enabled:
[    0.000000]   0 base 03E000000 mask FFE000000 uncachable
[    0.000000]   1 base 000000000 mask FC0000000 write-back
[    0.000000]   2 base 03D700000 mask FFFF00000 uncachable
[    0.000000]   3 base 03D800000 mask FFF800000 uncachable
[    0.000000]   4 disabled
[    0.000000]   5 disabled
[    0.000000]   6 disabled
[    0.000000]   7 disabled
[    0.000000] initial memory mapped : 0 - 02000000
[    0.000000] init_memory_mapping: 0000000000000000-00000000377fe000
[    0.000000]  0000000000 - 0000400000 page 4k
[    0.000000]  0000400000 - 0037400000 page 2M
[    0.000000]  0037400000 - 00377fe000 page 4k
[    0.000000] kernel direct mapping tables up to 377fe000 @ 7000-c000
[    0.000000] ACPI: RSDP 000f68d0 00024 (v02 LENOVO)
[    0.000000] ACPI: XSDT 3d6bb77f 00094 (v01 LENOVO TP-7L    00002170  LTP 00000000)
[    0.000000] ACPI: FACP 3d6bb900 000F4 (v03 LENOVO TP-7L    00002170 LNVO 00000001)
[    0.000000] ACPI Warning: 32/64X length mismatch in Gpe1Block: 0/32 (20090903/tbfadt-526)
[    0.000000] ACPI Warning: Optional field Gpe1Block has zero address or length: 000000000000102C/0 (20090903/tbfadt-557)
[    0.000000] ACPI: DSDT 3d6bbd1d 0FED1 (v01 LENOVO TP-7L    00002170 MSFT 03000000)
[    0.000000] ACPI: FACS 3d6e4000 00040
[    0.000000] ACPI: SSDT 3d6bbab4 00269 (v01 LENOVO TP-7L    00002170 MSFT 03000000)
[    0.000000] ACPI: ECDT 3d6cbbee 00052 (v01 LENOVO TP-7L    00002170 LNVO 00000001)
[    0.000000] ACPI: TCPA 3d6cbc40 00032 (v02 LENOVO TP-7L    00002170 LNVO 00000001)
[    0.000000] ACPI: APIC 3d6cbc72 00068 (v01 LENOVO TP-7L    00002170 LNVO 00000001)
[    0.000000] ACPI: MCFG 3d6cbcda 0003C (v01 LENOVO TP-7L    00002170 LNVO 00000001)
[    0.000000] ACPI: HPET 3d6cbd16 00038 (v01 LENOVO TP-7L    00002170 LNVO 00000001)
[    0.000000] ACPI: SLIC 3d6cbdf0 00176 (v01 LENOVO TP-7L    00002170  LTP 00000000)
[    0.000000] ACPI: BOOT 3d6cbf66 00028 (v01 LENOVO TP-7L    00002170  LTP 00000001)
[    0.000000] ACPI: ASF! 3d6cbf8e 00072 (v16 LENOVO TP-7L    00002170 PTL  00000001)
[    0.000000] ACPI: SSDT 3d6e26d9 0025F (v01 LENOVO TP-7L    00002170 INTL 20050513)
[    0.000000] ACPI: SSDT 3d6e2938 000A6 (v01 LENOVO TP-7L    00002170 INTL 20050513)
[    0.000000] ACPI: SSDT 3d6e29de 004F7 (v01 LENOVO TP-7L    00002170 INTL 20050513)
[    0.000000] ACPI: SSDT 3d6e2ed5 001D8 (v01 LENOVO TP-7L    00002170 INTL 20050513)
[    0.000000] ACPI: DMI detected: Lenovo ThinkPad R61
[    0.000000] ACPI: Added _OSI(Linux)
[    0.000000] ACPI: Local APIC address 0xfee00000
[    0.000000] 94MB HIGHMEM available.
[    0.000000] 887MB LOWMEM available.
[    0.000000]   mapped low ram: 0 - 377fe000
[    0.000000]   low ram: 0 - 377fe000
[    0.000000]   node 0 low ram: 00000000 - 377fe000
[    0.000000]   node 0 bootmap 00008000 - 0000ef00
[    0.000000] (6 early reservations) ==> bootmem [0000000000 - 00377fe000]
[    0.000000]   #0 [0000000000 - 0000001000]   BIOS data page ==> [0000000000 - 0000001000]
[    0.000000]   #1 [0001000000 - 0001bdc180]    TEXT DATA BSS ==> [0001000000 - 0001bdc180]
[    0.000000]   #2 [000009d800 - 0000100000]    BIOS reserved ==> [000009d800 - 0000100000]
[    0.000000]   #3 [0001bdd000 - 0001be516c]              BRK ==> [0001bdd000 - 0001be516c]
[    0.000000]   #4 [0000007000 - 0000008000]          PGTABLE ==> [0000007000 - 0000008000]
[    0.000000]   #5 [0000008000 - 000000f000]          BOOTMAP ==> [0000008000 - 000000f000]
[    0.000000] found SMP MP-table at [c00f6900] f6900
[    0.000000] Zone PFN ranges:
[    0.000000]   DMA      0x00000000 -> 0x00001000
[    0.000000]   Normal   0x00001000 -> 0x000377fe
[    0.000000]   HighMem  0x000377fe -> 0x0003d6b0
[    0.000000] Movable zone start PFN for each node
[    0.000000] early_node_map[2] active PFN ranges
[    0.000000]     0: 0x00000000 -> 0x0000009d
[    0.000000]     0: 0x00000100 -> 0x0003d6b0
[    0.000000] On node 0 totalpages: 251469
[    0.000000] free_area_init_node: node 0, pgdat c1901ea0, node_mem_map c1be7000
[    0.000000]   DMA zone: 32 pages used for memmap
[    0.000000]   DMA zone: 0 pages reserved
[    0.000000]   DMA zone: 3965 pages, LIFO batch:0
[    0.000000]   Normal zone: 1744 pages used for memmap
[    0.000000]   Normal zone: 221486 pages, LIFO batch:31
[    0.000000]   HighMem zone: 190 pages used for memmap
[    0.000000]   HighMem zone: 24052 pages, LIFO batch:3
[    0.000000] Using APIC driver default
[    0.000000] ACPI: PM-Timer IO Port: 0x1008
[    0.000000] ACPI: Local APIC address 0xfee00000
[    0.000000] ACPI: LAPIC (acpi_id[0x00] lapic_id[0x00] enabled)
[    0.000000] ACPI: LAPIC (acpi_id[0x01] lapic_id[0x01] enabled)
[    0.000000] ACPI: NR_CPUS/possible_cpus limit of 1 reached.  Processor 1/0x1 ignored.
[    0.000000] ACPI: LAPIC_NMI (acpi_id[0x00] high edge lint[0x1])
[    0.000000] ACPI: LAPIC_NMI (acpi_id[0x01] high edge lint[0x1])
[    0.000000] ACPI: IOAPIC (id[0x01] address[0xfec00000] gsi_base[0])
[    0.000000] IOAPIC[0]: apic_id 1, version 32, address 0xfec00000, GSI 0-23
[    0.000000] ACPI: INT_SRC_OVR (bus 0 bus_irq 0 global_irq 2 dfl dfl)
[    0.000000] ACPI: INT_SRC_OVR (bus 0 bus_irq 9 global_irq 9 high level)
[    0.000000] ACPI: IRQ0 used by override.
[    0.000000] ACPI: IRQ2 used by override.
[    0.000000] ACPI: IRQ9 used by override.
[    0.000000] Using ACPI (MADT) for SMP configuration information
[    0.000000] ACPI: HPET id: 0x8086a201 base: 0xfed00000
[    0.000000] nr_irqs_gsi: 24
[    0.000000] PM: Registered nosave memory: 000000000009d000 - 000000000009e000
[    0.000000] PM: Registered nosave memory: 000000000009e000 - 00000000000a0000
[    0.000000] PM: Registered nosave memory: 00000000000a0000 - 00000000000d2000
[    0.000000] PM: Registered nosave memory: 00000000000d2000 - 00000000000d4000
[    0.000000] PM: Registered nosave memory: 00000000000d4000 - 00000000000e0000
[    0.000000] PM: Registered nosave memory: 00000000000e0000 - 0000000000100000
[    0.000000] Allocating PCI resources starting at 3e000000 (gap: 3e000000:b2000000)
[    0.000000] Built 1 zonelists in Zone order, mobility grouping on.  Total pages: 249503
[    0.000000] Kernel command line: auto BOOT_IMAGE=Linux ro root=802 vt.default_utf8=0 maxcpus=0
[    0.000000] PID hash table entries: 4096 (order: 2, 16384 bytes)
[    0.000000] Dentry cache hash table entries: 131072 (order: 7, 524288 bytes)
[    0.000000] Inode-cache hash table entries: 65536 (order: 6, 262144 bytes)
[    0.000000] Enabling fast FPU save and restore... done.
[    0.000000] Enabling unmasked SIMD FPU exception support... done.
[    0.000000] Initializing CPU#0
[    0.000000] Initializing HighMem for node 0 (000377fe:0003d6b0)
[    0.000000] Memory: 984800k/1006272k available (6915k kernel code, 20876k reserved, 2327k data, 448k init, 96968k highmem)
[    0.000000] virtual kernel memory layout:
[    0.000000]     fixmap  : 0xfffa3000 - 0xfffff000   ( 368 kB)
[    0.000000]     pkmap   : 0xff800000 - 0xffc00000   (4096 kB)
[    0.000000]     vmalloc : 0xf7ffe000 - 0xff7fe000   ( 120 MB)
[    0.000000]     lowmem  : 0xc0000000 - 0xf77fe000   ( 887 MB)
[    0.000000]       .init : 0xc1907000 - 0xc1977000   ( 448 kB)
[    0.000000]       .data : 0xc16c0d3f - 0xc1906c64   (2327 kB)
[    0.000000]       .text : 0xc1000000 - 0xc16c0d3f   (6915 kB)
[    0.000000] Checking if this processor honours the WP bit even in supervisor mode...Ok.
[    0.000000] SLUB: Genslabs=13, HWalign=64, Order=0-3, MinObjects=0, CPUs=1, Nodes=1
[    0.000000] Hierarchical RCU implementation.
[    0.000000] NR_IRQS:288
[    0.000000] Extended CMOS year: 2000
[    0.000000] Console: colour VGA+ 80x25
[    0.000000] console [tty0] enabled
[    0.000000] hpet clockevent registered
[    0.000000] Fast TSC calibration using PIT
[    0.000000] Detected 2094.729 MHz processor.
[    0.001002] Calibrating delay loop (skipped), value calculated using timer frequency.. 4189.45 BogoMIPS (lpj=2094729)
[    0.001173] Security Framework initialized
[    0.001259] Mount-cache hash table entries: 512
[    0.001407] CPU: L1 I cache: 32K, L1 D cache: 32K
[    0.001534] CPU: L2 cache: 3072K
[    0.002004] mce: CPU supports 6 MCE banks
[    0.002087] CPU0: Thermal monitoring enabled (TM2)
[    0.002166] using mwait in idle threads.
[    0.002245] CPU: Intel(R) Core(TM)2 Duo CPU     T8100  @ 2.10GHz stepping 06
[    0.002428] Checking 'hlt' instruction... OK.
[    0.006938] ACPI: Core revision 20090903
[    0.026013] RANDOM get_random_int first call with cycles 38576680706, jiffies 4294667322 and pid 0
[    0.026021] CANARY value: 96482ea4 for PID: 1
[    0.026027] CANARY value: ad9e7825 for PID: 2
[    0.026052] Enabling APIC mode:  Flat.  Using 1 I/O APICs
[    0.026504] ..TIMER: vector=0x30 apic1=0 pin1=2 apic2=-1 pin2=-1
[    0.037997] xor: automatically using best checksumming function: pIII_sse
[    0.041998]    pIII_sse  :  8568.000 MB/sec
[    0.042082] xor: using function: pIII_sse (8568.000 MB/sec)
[    0.042165] RANDOM - __seed init called.
[    0.042165] RANDOM - __seed init called.
[    0.042166] RANDOM - __seed init called.
[    0.042168] RANDOM - __random32 called. Change num 1.  Value: f7943846	49e73df3	af36cd0d
[    0.042170] RANDOM - __random32 called. Change num 2.  Value: 43846e13	9e73df37	9a1ad014
[    0.042172] RANDOM - __random32 called. Change num 3.  Value: 46e139c8	e73df373	a029598a
[    0.042173] RANDOM - __random32 called. Change num 4.  Value: 139c8c3b	73df373d	b3142c72
[    0.042175] RANDOM - __random32 called. Change num 5.  Value: c8c3b043	3df373de	58e576a9
[    0.042177] RANDOM - __random32 called. Change num 6.  Value: 3b0437d9	df373de5	ed53f9d8
[    0.042179] RANDOM - random32 init called.  Value: 3b0437d9	df373de5	ed53f9d8
[    0.042196] NET: Registered protocol family 16
[    0.042448] ACPI FADT declares the system doesn't support PCIe ASPM, so disable it
[    0.042562] ACPI: bus type pci registered
[    0.042719] PCI: MCFG configuration 0: base f0000000 segment 0 buses 0 - 63
[    0.042802] PCI: MCFG area at f0000000 reserved in E820
[    0.042890] PCI: Using MMCONFIG for extended config space
[    0.042972] PCI: Using configuration type 1 for base access
[    0.046079] bio: create slab <bio-0> at 0
[    0.046889] ACPI: EC: EC description table is found, configuring boot EC
[    0.052043] ACPI: BIOS _OSI(Linux) query honored via DMI
[    0.052757] random 0000 0000 0000 00000000 00000000: rand_read_num 2 get_random_bytes(8): sig fffffe1a 00000000 00000000
[    0.052760] random 0000 0000 0000 00000000 00000000: extract_entropy(.. 8 ..)
[    0.052762] random 0000 0000 0000 00000000 00000000: going to reseed nonblocking with 64 bits (64 of 0 requested)
[    0.052765] random 0000 0000 0000 00000000 00000000: extract_entropy(.. 8 ..)
[    0.052767] random 0000 0000 0000 00000000 00000000: trying to extract 64 bits from input
[    0.052769] random 0000 0000 0000 00000000 00000000: debiting 0 entropy credits from input
[    0.052771] random 0000 0000 0000 00000000 00000000: extract_entropy account returned: 0 
[    0.052798] random 0000 0000 0000 00000000 00000000: urand_change_num 3 xfer_secondary_pool(8): pool_sig fffffe1a, data_sig 00000000, bytes_mixed 0 00000000 00000000
[    0.052801] random 0000 0000 0000 00000000 00000000: trying to extract 64 bits from nonblocking
[    0.052803] random 0000 0000 0000 00000000 00000000: debiting 64 entropy credits from nonblocking (unlimited)
[    0.052805] random 0000 0000 0000 00000000 00000000: extract_entropy account returned: 8 
[    0.052809] random 0000 0000 0000 00000000 00000000: urand_change_num 4 extract_buf: pool_sig fffffe1a, data_sig fffffed7, bytes_mixed 20 00000000 00000000
[    0.058432] ACPI: Interpreter enabled
[    0.058513] ACPI: (supports S0 S3 S4 S5)
[    0.058797] ACPI: Using IOAPIC for interrupt routing
[    0.068598] ACPI: EC: GPE = 0x12, I/O: command/status = 0x66, data = 0x62
[    0.068872] ACPI: Power Resource [PUBS] (on)
[    0.070978] ACPI: ACPI Dock Station Driver: 3 docks/bays found
[    0.071313] ACPI: PCI Root Bridge [PCI0] (0000:00)
[    0.071481] pci 0000:00:02.0: reg 10 64bit mmio: [0xf8100000-0xf81fffff]
[    0.071487] pci 0000:00:02.0: reg 18 64bit mmio pref: [0xe0000000-0xefffffff]
[    0.071491] pci 0000:00:02.0: reg 20 io port: [0x1800-0x1807]
[    0.071526] pci 0000:00:02.1: reg 10 64bit mmio: [0xf8200000-0xf82fffff]
[    0.071626] pci 0000:00:19.0: reg 10 32bit mmio: [0xfe000000-0xfe01ffff]
[    0.071635] pci 0000:00:19.0: reg 14 32bit mmio: [0xfe025000-0xfe025fff]
[    0.071642] pci 0000:00:19.0: reg 18 io port: [0x1840-0x185f]
[    0.071708] pci 0000:00:19.0: PME# supported from D0 D3hot D3cold
[    0.071793] pci 0000:00:19.0: PME# disabled
[    0.072010] pci 0000:00:1a.0: reg 20 io port: [0x1860-0x187f]
[    0.072102] pci 0000:00:1a.1: reg 20 io port: [0x1880-0x189f]
[    0.072184] pci 0000:00:1a.7: reg 10 32bit mmio: [0xfe226c00-0xfe226fff]
[    0.072267] pci 0000:00:1a.7: PME# supported from D0 D3hot D3cold
[    0.072351] pci 0000:00:1a.7: PME# disabled
[    0.072489] pci 0000:00:1b.0: reg 10 64bit mmio: [0xfe020000-0xfe023fff]
[    0.072570] pci 0000:00:1b.0: PME# supported from D0 D3hot D3cold
[    0.072653] pci 0000:00:1b.0: PME# disabled
[    0.072863] pci 0000:00:1c.0: PME# supported from D0 D3hot D3cold
[    0.072946] pci 0000:00:1c.0: PME# disabled
[    0.073108] pci 0000:00:1c.1: PME# supported from D0 D3hot D3cold
[    0.073197] pci 0000:00:1c.1: PME# disabled
[    0.073393] pci 0000:00:1c.2: PME# supported from D0 D3hot D3cold
[    0.073476] pci 0000:00:1c.2: PME# disabled
[    0.073674] pci 0000:00:1c.3: PME# supported from D0 D3hot D3cold
[    0.073768] pci 0000:00:1c.3: PME# disabled
[    0.074113] pci 0000:00:1c.4: PME# supported from D0 D3hot D3cold
[    0.074199] pci 0000:00:1c.4: PME# disabled
[    0.074350] pci 0000:00:1d.0: reg 20 io port: [0x18a0-0x18bf]
[    0.074440] pci 0000:00:1d.1: reg 20 io port: [0x18c0-0x18df]
[    0.075055] pci 0000:00:1d.2: reg 20 io port: [0x18e0-0x18ff]
[    0.075154] pci 0000:00:1d.7: reg 10 32bit mmio: [0xfe227000-0xfe2273ff]
[    0.075255] pci 0000:00:1d.7: PME# supported from D0 D3hot D3cold
[    0.075350] pci 0000:00:1d.7: PME# disabled
[    0.075623] pci 0000:00:1f.0: quirk: region 1000-107f claimed by ICH6 ACPI/GPIO/TCO
[    0.075747] pci 0000:00:1f.0: quirk: region 1180-11bf claimed by ICH6 GPIO
[    0.075846] pci 0000:00:1f.0: ICH7 LPC Generic IO decode 1 PIO at 1600 (mask 007f)
[    0.075960] pci 0000:00:1f.0: ICH7 LPC Generic IO decode 2 PIO at 15e0 (mask 000f)
[    0.075998] pci 0000:00:1f.0: ICH7 LPC Generic IO decode 3 PIO at 1680 (mask 001f)
[    0.076188] pci 0000:00:1f.1: reg 10 io port: [0x00-0x07]
[    0.076195] pci 0000:00:1f.1: reg 14 io port: [0x00-0x03]
[    0.076207] pci 0000:00:1f.1: reg 18 io port: [0x00-0x07]
[    0.076216] pci 0000:00:1f.1: reg 1c io port: [0x00-0x03]
[    0.076223] pci 0000:00:1f.1: reg 20 io port: [0x1c00-0x1c0f]
[    0.076305] pci 0000:00:1f.2: reg 10 io port: [0x1c50-0x1c57]
[    0.076313] pci 0000:00:1f.2: reg 14 io port: [0x1c44-0x1c47]
[    0.076320] pci 0000:00:1f.2: reg 18 io port: [0x1c48-0x1c4f]
[    0.076329] pci 0000:00:1f.2: reg 1c io port: [0x1c40-0x1c43]
[    0.076338] pci 0000:00:1f.2: reg 20 io port: [0x1c20-0x1c3f]
[    0.076347] pci 0000:00:1f.2: reg 24 32bit mmio: [0xfe226000-0xfe2267ff]
[    0.076405] pci 0000:00:1f.2: PME# supported from D3hot
[    0.076500] pci 0000:00:1f.2: PME# disabled
[    0.076625] pci 0000:00:1f.3: reg 10 32bit mmio: [0xfe227400-0xfe2274ff]
[    0.076649] pci 0000:00:1f.3: reg 20 io port: [0x1c60-0x1c7f]
[    0.076738] pci 0000:00:1c.0: bridge io port: [0x2000-0x2fff]
[    0.076745] pci 0000:00:1c.0: bridge 32bit mmio: [0xfc000000-0xfdffffff]
[    0.076755] pci 0000:00:1c.0: bridge 64bit mmio pref: [0xf8000000-0xf80fffff]
[    0.076829] pci 0000:03:00.0: reg 10 64bit mmio: [0xdf3f0000-0xdf3fffff]
[    0.077121] pci 0000:00:1c.1: bridge io port: [0x3000-0x3fff]
[    0.077127] pci 0000:00:1c.1: bridge 32bit mmio: [0xdc000000-0xdf3fffff]
[    0.077137] pci 0000:00:1c.1: bridge 64bit mmio pref: [0xdfe00000-0xdfefffff]
[    0.077191] pci 0000:00:1c.2: bridge io port: [0x4000-0x4fff]
[    0.077197] pci 0000:00:1c.2: bridge 32bit mmio: [0xd8000000-0xd9ffffff]
[    0.077206] pci 0000:00:1c.2: bridge 64bit mmio pref: [0xdfb00000-0xdfbfffff]
[    0.077272] pci 0000:00:1c.3: bridge io port: [0x5000-0x5fff]
[    0.077279] pci 0000:00:1c.3: bridge 32bit mmio: [0xd4000000-0xd5ffffff]
[    0.077287] pci 0000:00:1c.3: bridge 64bit mmio pref: [0xdf800000-0xdf8fffff]
[    0.077342] pci 0000:00:1c.4: bridge io port: [0x6000-0x6fff]
[    0.077348] pci 0000:00:1c.4: bridge 32bit mmio: [0xd0000000-0xd1ffffff]
[    0.077357] pci 0000:00:1c.4: bridge 64bit mmio pref: [0xdf500000-0xdf5fffff]
[    0.077413] pci 0000:15:00.0: reg 10 32bit mmio: [0xf8300000-0xf8300fff]
[    0.077463] pci 0000:15:00.0: supports D1 D2
[    0.077465] pci 0000:15:00.0: PME# supported from D0 D1 D2 D3hot D3cold
[    0.077553] pci 0000:15:00.0: PME# disabled
[    0.077691] pci 0000:15:00.1: reg 10 32bit mmio: [0xf8301000-0xf83017ff]
[    0.077782] pci 0000:15:00.1: supports D1 D2
[    0.077784] pci 0000:15:00.1: PME# supported from D0 D1 D2 D3hot D3cold
[    0.077870] pci 0000:15:00.1: PME# disabled
[    0.078048] pci 0000:00:1e.0: transparent bridge
[    0.078147] pci 0000:00:1e.0: bridge io port: [0x7000-0xafff]
[    0.078154] pci 0000:00:1e.0: bridge 32bit mmio: [0xf8300000-0xfbffffff]
[    0.078161] pci 0000:00:1e.0: bridge 64bit mmio pref: [0xf4000000-0xf7ffffff]
[    0.078223] pci_bus 0000:00: on NUMA node 0
[    0.078227] ACPI: PCI Interrupt Routing Table [\_SB_.PCI0._PRT]
[    0.078361] ACPI: PCI Interrupt Routing Table [\_SB_.PCI0.EXP0._PRT]
[    0.078420] ACPI: PCI Interrupt Routing Table [\_SB_.PCI0.EXP1._PRT]
[    0.078478] ACPI: PCI Interrupt Routing Table [\_SB_.PCI0.EXP2._PRT]
[    0.078536] ACPI: PCI Interrupt Routing Table [\_SB_.PCI0.EXP3._PRT]
[    0.078599] ACPI: PCI Interrupt Routing Table [\_SB_.PCI0.EXP4._PRT]
[    0.078662] ACPI: PCI Interrupt Routing Table [\_SB_.PCI0.PCI1._PRT]
[    0.084141] ACPI: PCI Interrupt Link [LNKA] (IRQs 3 4 5 6 7 9 *10 11)
[    0.084848] ACPI: PCI Interrupt Link [LNKB] (IRQs 3 4 5 6 7 9 10 *11)
[    0.085589] ACPI: PCI Interrupt Link [LNKC] (IRQs 3 4 5 6 7 9 10 *11)
[    0.086279] ACPI: PCI Interrupt Link [LNKD] (IRQs 3 4 5 6 7 9 10 *11)
[    0.087018] ACPI: PCI Interrupt Link [LNKE] (IRQs 3 4 5 6 7 9 10 *11)
[    0.087744] ACPI: PCI Interrupt Link [LNKF] (IRQs 3 4 5 6 7 9 10 *11)
[    0.088425] ACPI: PCI Interrupt Link [LNKG] (IRQs 3 4 5 6 7 9 10 *11)
[    0.089156] ACPI: PCI Interrupt Link [LNKH] (IRQs 3 4 5 6 7 9 10 *11)
[    0.089827] vgaarb: device added: PCI:0000:00:02.0,decodes=io+mem,owns=io+mem,locks=none
[    0.089953] vgaarb: loaded
[    0.090092] SCSI subsystem initialized
[    0.090181] libata version 3.00 loaded.
[    0.090228] usbcore: registered new interface driver usbfs
[    0.090343] usbcore: registered new interface driver hub
[    0.090446] usbcore: registered new device driver usb
[    0.107041] raid6: int32x1    941 MB/s
[    0.124059] raid6: int32x2    890 MB/s
[    0.141063] raid6: int32x4    750 MB/s
[    0.157995] raid6: int32x8    656 MB/s
[    0.174986] raid6: mmxx1     2878 MB/s
[    0.191984] raid6: mmxx2     3253 MB/s
[    0.209003] raid6: sse1x1    1937 MB/s
[    0.225978] raid6: sse1x2    2531 MB/s
[    0.242989] raid6: sse2x1    3503 MB/s
[    0.259974] raid6: sse2x2    3824 MB/s
[    0.260063] raid6: using algorithm sse2x2 (3824 MB/s)
[    0.260155] PCI: Using ACPI for IRQ routing
[    0.260472] HPET: 3 timers in total, 0 timers will be used for per-cpu timer
[    0.260990] Switching to clocksource tsc
[    0.261081] pnp: PnP ACPI init
[    0.261161] ACPI: bus type pnp registered
[    0.264853] pnp: PnP ACPI: found 11 devices
[    0.264955] ACPI: ACPI bus type pnp unregistered
[    0.265054] system 00:00: iomem range 0x0-0x9ffff could not be reserved
[    0.265136] system 00:00: iomem range 0xc0000-0xc3fff could not be reserved
[    0.265218] system 00:00: iomem range 0xc4000-0xc7fff could not be reserved
[    0.265307] system 00:00: iomem range 0xc8000-0xcbfff has been reserved
[    0.265390] system 00:00: iomem range 0xcc000-0xcffff has been reserved
[    0.265471] system 00:00: iomem range 0xd0000-0xd3fff could not be reserved
[    0.265565] system 00:00: iomem range 0xe0000-0xe3fff could not be reserved
[    0.265650] system 00:00: iomem range 0xe4000-0xe7fff could not be reserved
[    0.265739] system 00:00: iomem range 0xe8000-0xebfff could not be reserved
[    0.265830] system 00:00: iomem range 0xec000-0xeffff could not be reserved
[    0.265915] system 00:00: iomem range 0xf0000-0xfffff could not be reserved
[    0.265997] system 00:00: iomem range 0x100000-0x3dffffff could not be reserved
[    0.266110] system 00:00: iomem range 0xfec00000-0xfed3ffff could not be reserved
[    0.266224] system 00:00: iomem range 0xfed4c000-0xffffffff could not be reserved
[    0.266342] system 00:02: ioport range 0x164e-0x164f has been reserved
[    0.266430] system 00:02: ioport range 0x1000-0x107f has been reserved
[    0.266518] system 00:02: ioport range 0x1180-0x11bf has been reserved
[    0.266606] system 00:02: ioport range 0x800-0x80f has been reserved
[    0.266689] system 00:02: ioport range 0x15e0-0x15ef has been reserved
[    0.266772] system 00:02: ioport range 0x1600-0x165f could not be reserved
[    0.266871] system 00:02: iomem range 0xf0000000-0xf3ffffff has been reserved
[    0.266957] system 00:02: iomem range 0xfed1c000-0xfed1ffff has been reserved
[    0.267048] system 00:02: iomem range 0xfed14000-0xfed17fff has been reserved
[    0.267132] system 00:02: iomem range 0xfed18000-0xfed18fff has been reserved
[    0.267218] system 00:02: iomem range 0xfed19000-0xfed19fff has been reserved
[    0.267309] system 00:02: iomem range 0xfed45000-0xfed4bfff has been reserved
[    0.302335] pci 0000:00:1c.0: PCI bridge, secondary bus 0000:02
[    0.302422] pci 0000:00:1c.0:   IO window: 0x2000-0x2fff
[    0.302509] pci 0000:00:1c.0:   MEM window: 0xfc000000-0xfdffffff
[    0.302601] pci 0000:00:1c.0:   PREFETCH window: 0x000000f8000000-0x000000f80fffff
[    0.302719] pci 0000:00:1c.1: PCI bridge, secondary bus 0000:03
[    0.302806] pci 0000:00:1c.1:   IO window: 0x3000-0x3fff
[    0.302901] pci 0000:00:1c.1:   MEM window: 0xdc000000-0xdf3fffff
[    0.302991] pci 0000:00:1c.1:   PREFETCH window: 0x000000dfe00000-0x000000dfefffff
[    0.303107] pci 0000:00:1c.2: PCI bridge, secondary bus 0000:04
[    0.303198] pci 0000:00:1c.2:   IO window: 0x4000-0x4fff
[    0.303291] pci 0000:00:1c.2:   MEM window: 0xd8000000-0xd9ffffff
[    0.303375] pci 0000:00:1c.2:   PREFETCH window: 0x000000dfb00000-0x000000dfbfffff
[    0.303490] pci 0000:00:1c.3: PCI bridge, secondary bus 0000:05
[    0.303578] pci 0000:00:1c.3:   IO window: 0x5000-0x5fff
[    0.303665] pci 0000:00:1c.3:   MEM window: 0xd4000000-0xd5ffffff
[    0.303762] pci 0000:00:1c.3:   PREFETCH window: 0x000000df800000-0x000000df8fffff
[    0.303892] pci 0000:00:1c.4: PCI bridge, secondary bus 0000:0d
[    0.303976] pci 0000:00:1c.4:   IO window: 0x6000-0x6fff
[    0.304059] pci 0000:00:1c.4:   MEM window: 0xd0000000-0xd1ffffff
[    0.304150] pci 0000:00:1c.4:   PREFETCH window: 0x000000df500000-0x000000df5fffff
[    0.304276] pci 0000:15:00.0: CardBus bridge, secondary bus 0000:16
[    0.304363] pci 0000:15:00.0:   IO window: 0x007000-0x0070ff
[    0.304464] pci 0000:15:00.0:   IO window: 0x007400-0x0074ff
[    0.304553] pci 0000:15:00.0:   PREFETCH window: 0xf4000000-0xf7ffffff
[    0.304639] pci 0000:15:00.0:   MEM window: 0x40000000-0x43ffffff
[    0.304731] pci 0000:00:1e.0: PCI bridge, secondary bus 0000:15
[    0.304813] pci 0000:00:1e.0:   IO window: 0x7000-0xafff
[    0.304904] pci 0000:00:1e.0:   MEM window: 0xf8300000-0xfbffffff
[    0.304999] pci 0000:00:1e.0:   PREFETCH window: 0x000000f4000000-0x000000f7ffffff
[    0.305125] pci 0000:00:1c.0: PCI INT A -> GSI 20 (level, low) -> IRQ 20
[    0.305222] pci 0000:00:1c.0: setting latency timer to 64
[    0.305236] pci 0000:00:1c.1: PCI INT B -> GSI 21 (level, low) -> IRQ 21
[    0.305323] pci 0000:00:1c.1: setting latency timer to 64
[    0.305336] pci 0000:00:1c.2: PCI INT C -> GSI 22 (level, low) -> IRQ 22
[    0.305421] pci 0000:00:1c.2: setting latency timer to 64
[    0.305435] pci 0000:00:1c.3: PCI INT D -> GSI 23 (level, low) -> IRQ 23
[    0.305522] pci 0000:00:1c.3: setting latency timer to 64
[    0.305539] pci 0000:00:1c.4: PCI INT A -> GSI 20 (level, low) -> IRQ 20
[    0.305636] pci 0000:00:1c.4: setting latency timer to 64
[    0.305642] pci 0000:00:1e.0: enabling device (0005 -> 0007)
[    0.305732] pci 0000:00:1e.0: setting latency timer to 64
[    0.305748] pci 0000:15:00.0: PCI INT A -> GSI 16 (level, low) -> IRQ 16
[    0.305838] pci 0000:15:00.0: setting latency timer to 64
[    0.305843] pci_bus 0000:00: resource 0 io:  [0x00-0xffff]
[    0.305844] pci_bus 0000:00: resource 1 mem: [0x000000-0xffffffff]
[    0.305846] pci_bus 0000:02: resource 0 io:  [0x2000-0x2fff]
[    0.305848] pci_bus 0000:02: resource 1 mem: [0xfc000000-0xfdffffff]
[    0.305850] pci_bus 0000:02: resource 2 pref mem [0xf8000000-0xf80fffff]
[    0.305852] pci_bus 0000:03: resource 0 io:  [0x3000-0x3fff]
[    0.305854] pci_bus 0000:03: resource 1 mem: [0xdc000000-0xdf3fffff]
[    0.305856] pci_bus 0000:03: resource 2 pref mem [0xdfe00000-0xdfefffff]
[    0.305858] pci_bus 0000:04: resource 0 io:  [0x4000-0x4fff]
[    0.305859] pci_bus 0000:04: resource 1 mem: [0xd8000000-0xd9ffffff]
[    0.305861] pci_bus 0000:04: resource 2 pref mem [0xdfb00000-0xdfbfffff]
[    0.305863] pci_bus 0000:05: resource 0 io:  [0x5000-0x5fff]
[    0.305865] pci_bus 0000:05: resource 1 mem: [0xd4000000-0xd5ffffff]
[    0.305870] pci_bus 0000:05: resource 2 pref mem [0xdf800000-0xdf8fffff]
[    0.305872] pci_bus 0000:0d: resource 0 io:  [0x6000-0x6fff]
[    0.305873] pci_bus 0000:0d: resource 1 mem: [0xd0000000-0xd1ffffff]
[    0.305875] pci_bus 0000:0d: resource 2 pref mem [0xdf500000-0xdf5fffff]
[    0.305877] pci_bus 0000:15: resource 0 io:  [0x7000-0xafff]
[    0.305879] pci_bus 0000:15: resource 1 mem: [0xf8300000-0xfbffffff]
[    0.305881] pci_bus 0000:15: resource 2 pref mem [0xf4000000-0xf7ffffff]
[    0.305883] pci_bus 0000:15: resource 3 io:  [0x00-0xffff]
[    0.305884] pci_bus 0000:15: resource 4 mem: [0x000000-0xffffffff]
[    0.305886] pci_bus 0000:16: resource 0 io:  [0x7000-0x70ff]
[    0.305888] pci_bus 0000:16: resource 1 io:  [0x7400-0x74ff]
[    0.305890] pci_bus 0000:16: resource 2 pref mem [0xf4000000-0xf7ffffff]
[    0.305892] pci_bus 0000:16: resource 3 mem: [0x40000000-0x43ffffff]
[    0.305900] NET: Registered protocol family 2
[    0.305988] RANDOM - __random32 called. Change num 7.  Value: 437d97bf	f373de51	f3b0f986
[    0.305990] RANDOM - random32 called.  Value: 437d97bf	f373de51	f3b0f986
[    0.305994] random 0000 0000 0000 5f8db4e5 4cfdf2a8: rand_read_num 3 get_random_bytes(4): sig fffffb64 5f8db4e5 4cfdf2a8
[    0.305997] random 0000 0000 0000 5f8db4e5 4cfdf2a8: extract_entropy(.. 4 ..)
[    0.305999] random 0000 0000 0000 5f8db4e5 4cfdf2a8: going to reseed nonblocking with 64 bits (32 of 0 requested)
[    0.306001] random 0000 0000 0000 5f8db4e5 4cfdf2a8: extract_entropy(.. 8 ..)
[    0.306003] random 0000 0000 0000 5f8db4e5 4cfdf2a8: trying to extract 64 bits from input
[    0.306006] random 0000 0000 0000 5f8db4e5 4cfdf2a8: debiting 0 entropy credits from input
[    0.306008] random 0000 0000 0000 5f8db4e5 4cfdf2a8: extract_entropy account returned: 0 
[    0.306011] random 0000 0000 0000 5f8db4e5 4cfdf2a8: urand_change_num 5 xfer_secondary_pool(4): pool_sig fffffb64, data_sig 00000000, bytes_mixed 0 5f8db4e5 4cfdf2a8
[    0.306014] random 0000 0000 0000 5f8db4e5 4cfdf2a8: trying to extract 32 bits from nonblocking
[    0.306016] random 0000 0000 0000 5f8db4e5 4cfdf2a8: debiting 32 entropy credits from nonblocking (unlimited)
[    0.306018] random 0000 0000 0000 5f8db4e5 4cfdf2a8: extract_entropy account returned: 4 
[    0.306022] random 0000 0000 0000 5f8db4e5 4cfdf2a8: urand_change_num 6 extract_buf: pool_sig fffffb64, data_sig 00000241, bytes_mixed 20 5f8db4e5 4cfdf2a8
[    0.306032] IP route cache hash table entries: 32768 (order: 5, 131072 bytes)
[    0.306160] RANDOM - __random32 called. Change num 8.  Value: d97bfe31	373de51f	f30dc6e6
[    0.306162] RANDOM - random32 called.  Value: d97bfe31	373de51f	f30dc6e6
[    0.306173] RANDOM - __random32 called. Change num 9.  Value: bfe314d7	73de51f5	8dcd6c7e
[    0.306174] RANDOM - random32 called.  Value: bfe314d7	73de51f5	8dcd6c7e
[    0.306176] RANDOM - __random32 called. Change num 10.  Value: 314d7baf	3de51f5e	d8fc74c1
[    0.306178] RANDOM - random32 called.  Value: 314d7baf	3de51f5e	d8fc74c1
[    0.306188] RANDOM - __random32 called. Change num 11.  Value: d7baf3c7	de51f5e5	e983e3fa
[    0.306190] RANDOM - random32 called.  Value: d7baf3c7	de51f5e5	e983e3fa
[    0.306200] TCP established hash table entries: 131072 (order: 8, 1048576 bytes)
[    0.306682] TCP bind hash table entries: 65536 (order: 6, 262144 bytes)
[    0.306859] TCP: Hash tables configured (established 131072 bind 65536)
[    0.306945] TCP reno registered
[    0.307041] NET: Registered protocol family 1
[    0.307145] RPC: Registered udp transport module.
[    0.307230] RPC: Registered tcp transport module.
[    0.307310] RPC: Registered tcp NFSv4.1 backchannel transport module.
[    0.307396] pci 0000:00:02.0: Boot video device
[    0.307613] Simple Boot Flag at 0x35 set to 0x1
[    0.308170] highmem bounce pool size: 64 pages
[    0.309668] VFS: Disk quotas dquot_6.5.2
[    0.309782] Dquot-cache hash table entries: 1024 (order 0, 4096 bytes)
[    0.310530] NTFS driver 2.1.29 [Flags: R/W].
[    0.310685] ROMFS MTD (C) 2007 Red Hat, Inc.
[    0.310890] JFS: nTxBlock = 7695, nTxLock = 61562
[    0.313349] SGI XFS with ACLs, security attributes, large block/inode numbers, no debug enabled
[    0.313819] SGI XFS Quota Management subsystem
[    0.314116] Slow work thread pool: Starting up
[    0.314210] Slow work thread pool: Ready
[    0.314307] GFS2 (built May 24 2013 02:47:17) installed
[    0.314390] msgmni has been set to 1734
[    0.314559] alg: No test for cipher_null (cipher_null-generic)
[    0.314651] alg: No test for ecb(cipher_null) (ecb-cipher_null)
[    0.314745] alg: No test for digest_null (digest_null-generic)
[    0.314835] alg: No test for compress_null (compress_null-generic)
[    0.315389] alg: No test for fcrypt (fcrypt-generic)
[    0.316799] alg: No test for stdrng (krng)
[    0.316895] async_tx: api initialized (async)
[    0.317039] Block layer SCSI generic (bsg) driver version 0.4 loaded (major 254)
[    0.317152] io scheduler noop registered
[    0.317238] io scheduler anticipatory registered
[    0.317319] io scheduler deadline registered
[    0.317447] io scheduler cfq registered (default)
[    0.317687] pcieport 0000:00:1c.0: irq 24 for MSI/MSI-X
[    0.317704] pcieport 0000:00:1c.0: setting latency timer to 64
[    0.317912] pcieport 0000:00:1c.1: irq 25 for MSI/MSI-X
[    0.317921] pcieport 0000:00:1c.1: setting latency timer to 64
[    0.318101] pcieport 0000:00:1c.2: irq 26 for MSI/MSI-X
[    0.318113] pcieport 0000:00:1c.2: setting latency timer to 64
[    0.318293] pcieport 0000:00:1c.3: irq 27 for MSI/MSI-X
[    0.318304] pcieport 0000:00:1c.3: setting latency timer to 64
[    0.318483] pcieport 0000:00:1c.4: irq 28 for MSI/MSI-X
[    0.318494] pcieport 0000:00:1c.4: setting latency timer to 64
[    0.318639] pci_hotplug: PCI Hot Plug PCI Core version: 0.5
[    0.318822] isapnp: Scanning for PnP cards...
[    0.679373] isapnp: No Plug & Play device found
[    0.679453] random 0000 0000 0000 5f8db4e5 4cfdf2a8: initializing
[    0.679455] RANDOM init_std_data for input now value: 1369924789679456024
[    0.679457] RANDOM init_std_data for blocking now value: 1369924789679458019
[    0.679459] RANDOM init_std_data for nonblocking now value: 1369924789679459754
[    0.699026] Serial: 8250/16550 driver, 4 ports, IRQ sharing enabled
[    3.709703] floppy0: no floppy controllers found
[    3.710640] brd: module loaded
[    3.711132] loop: module loaded
[    3.711216] Compaq SMART2 Driver (v 2.6.0)
[    3.711336] HP CISS Driver (v 3.6.20)
[    3.711569] input: Macintosh mouse button emulation as /devices/virtual/input/input0
[    3.711687] Uniform Multi-Platform E-IDE driver
[    3.711931] piix 0000:00:1f.1: IDE controller (0x8086:0x2850 rev 0x03)
[    3.712024] pci 0000:00:1f.1: PCI INT C -> GSI 16 (level, low) -> IRQ 16
[    3.712117] piix 0000:00:1f.1: IDE port disabled
[    3.712215] piix 0000:00:1f.1: not 100% native mode: will probe irqs later
[    3.712308]     ide0: BM-DMA at 0x1c00-0x1c07
[    3.712395] Probing IDE interface ide0...
[    4.383888] hda: HL-DT-ST DVDRAM GSA-U10N, ATAPI CD/DVD-ROM drive
[    4.690683] hda: host max PIO4 wanted PIO255(auto-tune) selected PIO4
[    4.691454] hda: UDMA/33 mode selected
[    4.691926] ide0 at 0x1f0-0x1f7,0x3f6 on irq 14
[    4.695800] ide-gd driver 1.18
[    4.695896] ide-cd driver 5.00
[    4.697277] random 0000 0000 0000 00000000 00000000: add_disk_randomness(0:0) 00000000 00000000
[    4.697281] random 0000 0000 0000 00000000 00000000: add_timer_randomness(.. 256) with jiffies: 6341417847020551801, cycles: 6341417842725879819
[    4.697284] random 0000 0000 0000 00000000 00000000: added 11 entropy credits to input
[    4.697288] ide-cd: hda: ATAPI 24X DVD-ROM DVD-R/RAM CD-R/RW drive, 2048kB Cache
[    4.697694] Uniform CD-ROM driver Revision: 3.20
[    4.700568] random 0011 0000 0000 00000000 00000000: add_disk_randomness(0:0) 00000000 00000000
[    4.700571] random 0011 0000 0000 00000000 00000000: add_timer_randomness(.. 256) with jiffies: 6371024448161283708, cycles: 6371024443866611723
[    4.700573] random 0011 0000 0000 00000000 00000000: added 1 entropy credits to input
[    4.700576] random 0012 0000 0000 00000000 00000000: add_disk_randomness(0:0) 00000000 00000000
[    4.700579] random 0012 0000 0000 00000000 00000000: add_timer_randomness(.. 256) with jiffies: 6371101564299083388, cycles: 6371101560004411403
[    4.702568] random 0012 0000 0000 00000000 00000000: add_disk_randomness(0:0) 00000000 00000000
[    4.702571] random 0012 0000 0000 00000000 00000000: add_timer_randomness(.. 256) with jiffies: 6389024346861174398, cycles: 6389024342566502411
[    4.702574] random 0012 0000 0000 00000000 00000000: added 1 entropy credits to input
[    4.702577] random 0013 0000 0000 00000000 00000000: add_disk_randomness(0:0) 00000000 00000000
[    4.702580] random 0013 0000 0000 00000000 00000000: add_timer_randomness(.. 256) with jiffies: 6389099298335456894, cycles: 6389099294040784907
[    4.704566] random 0013 0000 0000 00000000 00000000: add_disk_randomness(0:0) 00000000 00000000
[    4.704568] random 0013 0000 0000 00000000 00000000: add_timer_randomness(.. 256) with jiffies: 6406992991084052096, cycles: 6406992986789380107
[    4.704571] random 0013 0000 0000 00000000 00000000: added 1 entropy credits to input
[    4.704574] random 0014 0000 0000 00000000 00000000: add_disk_randomness(0:0) 00000000 00000000
[    4.704577] random 0014 0000 0000 00000000 00000000: add_timer_randomness(.. 256) with jiffies: 6407067899608661632, cycles: 6407067895313989643
[    4.704850] Loading iSCSI transport class v2.0-870.
[    4.705125] rdac: device handler registered
[    4.705203] hp_sw: device handler registered
[    4.705282] emc: device handler registered
[    4.705360] alua: device handler registered
[    4.706353] Adaptec aacraid driver 1.1-5[2461]-ms
[    4.706768] scsi: <fdomain> Detection failed (no card)
[    4.706855] sym53c416.c: Version 1.0.0-ac
[    4.706962] qlogicfas: no cards were found, please specify I/O address and IRQ using iobase= and irq= options
[    4.707076] QLogic Fibre Channel HBA Driver: 8.03.01-k6
[    4.707285] iscsi: registered transport (qla4xxx)
[    4.707396] QLogic iSCSI HBA Driver
[    4.707482] Emulex LightPulse Fibre Channel SCSI driver 8.3.4
[    4.707564] Copyright(c) 2004-2009 Emulex.  All rights reserved.
[    4.729667] Failed initialization of WD-7000 SCSI card!
[    4.819142] DC390: clustering now enabled by default. If you get problems load
[    4.819260]        with "disable_clustering=1" and report to maintainers
[    4.819390] megaraid cmm: 2.20.2.7 (Release Date: Sun Jul 16 00:01:03 EST 2006)
[    4.819533] megaraid: 2.20.5.1 (Release Date: Thu Nov 16 15:32:35 EST 2006)
[    4.819644] megasas: 00.00.04.01 Thu July 24 11:41:51 PST 2008
[    4.819768] GDT-HA: Storage RAID Controller Driver. Version: 3.05
[    4.819913] 3ware Storage Controller device driver for Linux v1.26.02.002.
[    4.820014] 3ware 9000 Storage Controller device driver for Linux v2.26.02.012.
[    4.820147] nsp32: loading...
[    4.820255] ipr: IBM Power RAID SCSI Device Driver version: 2.4.3 (June 10, 2009)
[    4.820389] RocketRAID 3xxx/4xxx Controller driver v1.6 (090910)
[    4.820498] stex: Promise SuperTrak EX Driver version: 4.6.0000.3
[    4.820630] st: Version 20081215, fixed bufsize 32768, s/g segs 256
[    4.820821] ahci 0000:00:1f.2: version 3.0
[    4.820836] ahci 0000:00:1f.2: PCI INT B -> GSI 16 (level, low) -> IRQ 16
[    4.820964] ahci 0000:00:1f.2: irq 29 for MSI/MSI-X
[    4.821023] ahci 0000:00:1f.2: AHCI 0001.0100 32 slots 3 ports 1.5 Gbps 0x5 impl SATA mode
[    4.821137] ahci 0000:00:1f.2: flags: 64bit ncq sntf pm led clo pio slum part ccc 
[    4.821255] ahci 0000:00:1f.2: setting latency timer to 64
[    4.821402] scsi2 : ahci
[    4.821555] scsi3 : ahci
[    4.821707] scsi4 : ahci
[    4.821868] ata1: SATA max UDMA/133 abar m2048@0xfe226000 port 0xfe226100 irq 29
[    4.821985] ata2: DUMMY
[    4.822062] ata3: SATA max UDMA/133 abar m2048@0xfe226000 port 0xfe226200 irq 29
[    4.822678] I2O subsystem v1.325
[    4.822759] i2o: max drivers = 8
[    4.822902] I2O Configuration OSM v1.323
[    4.822995] I2O Bus Adapter OSM v1.317
[    4.823092] I2O Block Device OSM v1.325
[    4.823231] I2O SCSI Peripheral OSM v1.316
[    4.823325] I2O ProcFS OSM v1.316
[    4.823422] Fusion MPT base driver 3.04.12
[    4.823501] Copyright (c) 1999-2008 LSI Corporation
[    4.823583] Fusion MPT SPI Host driver 3.04.12
[    4.823740] Fusion MPT FC Host driver 3.04.12
[    4.823850] Fusion MPT SAS Host driver 3.04.12
[    4.823997] ohci1394 0000:15:00.1: PCI INT B -> GSI 17 (level, low) -> IRQ 17
[    4.824096] ohci1394 0000:15:00.1: setting latency timer to 64
[    4.877684] ohci1394: fw-host0: OHCI-1394 1.1 (PCI): IRQ=[17]  MMIO=[f8301000-f83017ff]  Max Packet=[2048]  IR/IT contexts=[4/4]
[    4.881946] ehci_hcd: USB 2.0 'Enhanced' Host Controller (EHCI) Driver
[    4.882211] ehci_hcd 0000:00:1a.7: power state changed by ACPI to D0
[    4.882442] ehci_hcd 0000:00:1a.7: power state changed by ACPI to D0
[    4.882529] ehci_hcd 0000:00:1a.7: PCI INT C -> GSI 22 (level, low) -> IRQ 22
[    4.882622] ehci_hcd 0000:00:1a.7: setting latency timer to 64
[    4.882625] ehci_hcd 0000:00:1a.7: EHCI Host Controller
[    4.882765] ehci_hcd 0000:00:1a.7: new USB bus registered, assigned bus number 1
[    4.886796] ehci_hcd 0000:00:1a.7: cache line size of 32 is not supported
[    4.886805] ehci_hcd 0000:00:1a.7: irq 22, io mem 0xfe226c00
[    4.896642] ehci_hcd 0000:00:1a.7: USB 2.0 started, EHCI 1.00
[    4.896742] usb usb1: New USB device found, idVendor=1d6b, idProduct=0002
[    4.896828] usb usb1: New USB device strings: Mfr=3, Product=2, SerialNumber=1
[    4.896947] usb usb1: Product: EHCI Host Controller
[    4.897026] usb usb1: Manufacturer: Linux 2.6.32.57 ehci_hcd
[    4.897117] usb usb1: SerialNumber: 0000:00:1a.7
[    4.897252] usb usb1: configuration #1 chosen from 1 choice
[    4.897366] hub 1-0:1.0: USB hub found
[    4.897468] hub 1-0:1.0: 4 ports detected
[    4.897813] ehci_hcd 0000:00:1d.7: power state changed by ACPI to D0
[    4.898072] ehci_hcd 0000:00:1d.7: power state changed by ACPI to D0
[    4.898164] ehci_hcd 0000:00:1d.7: PCI INT D -> GSI 19 (level, low) -> IRQ 19
[    4.898252] ehci_hcd 0000:00:1d.7: setting latency timer to 64
[    4.898257] ehci_hcd 0000:00:1d.7: EHCI Host Controller
[    4.898375] ehci_hcd 0000:00:1d.7: new USB bus registered, assigned bus number 2
[    4.898519] ehci_hcd 0000:00:1d.7: debug port 1
[    4.902478] ehci_hcd 0000:00:1d.7: cache line size of 32 is not supported
[    4.902487] ehci_hcd 0000:00:1d.7: irq 19, io mem 0xfe227000
[    4.912642] ehci_hcd 0000:00:1d.7: USB 2.0 started, EHCI 1.00
[    4.912746] usb usb2: New USB device found, idVendor=1d6b, idProduct=0002
[    4.912840] usb usb2: New USB device strings: Mfr=3, Product=2, SerialNumber=1
[    4.912961] usb usb2: Product: EHCI Host Controller
[    4.913040] usb usb2: Manufacturer: Linux 2.6.32.57 ehci_hcd
[    4.913121] usb usb2: SerialNumber: 0000:00:1d.7
[    4.913257] usb usb2: configuration #1 chosen from 1 choice
[    4.913365] hub 2-0:1.0: USB hub found
[    4.913446] hub 2-0:1.0: 6 ports detected
[    4.913622] 116x: driver isp116x-hcd, 03 Nov 2005
[    4.913728] ohci_hcd: USB 1.1 'Open' Host Controller (OHCI) Driver
[    4.913832] uhci_hcd: USB Universal Host Controller Interface driver
[    4.913938] uhci_hcd 0000:00:1a.0: PCI INT A -> GSI 20 (level, low) -> IRQ 20
[    4.914034] uhci_hcd 0000:00:1a.0: setting latency timer to 64
[    4.914037] uhci_hcd 0000:00:1a.0: UHCI Host Controller
[    4.914170] uhci_hcd 0000:00:1a.0: new USB bus registered, assigned bus number 3
[    4.914313] uhci_hcd 0000:00:1a.0: irq 20, io base 0x00001860
[    4.914427] usb usb3: New USB device found, idVendor=1d6b, idProduct=0001
[    4.914516] usb usb3: New USB device strings: Mfr=3, Product=2, SerialNumber=1
[    4.914629] usb usb3: Product: UHCI Host Controller
[    4.914715] usb usb3: Manufacturer: Linux 2.6.32.57 uhci_hcd
[    4.914806] usb usb3: SerialNumber: 0000:00:1a.0
[    4.914940] usb usb3: configuration #1 chosen from 1 choice
[    4.915048] hub 3-0:1.0: USB hub found
[    4.915130] hub 3-0:1.0: 2 ports detected
[    4.915415] uhci_hcd 0000:00:1a.1: power state changed by ACPI to D0
[    4.915652] uhci_hcd 0000:00:1a.1: power state changed by ACPI to D0
[    4.915739] uhci_hcd 0000:00:1a.1: PCI INT B -> GSI 21 (level, low) -> IRQ 21
[    4.915841] uhci_hcd 0000:00:1a.1: setting latency timer to 64
[    4.915846] uhci_hcd 0000:00:1a.1: UHCI Host Controller
[    4.915970] uhci_hcd 0000:00:1a.1: new USB bus registered, assigned bus number 4
[    4.916115] uhci_hcd 0000:00:1a.1: irq 21, io base 0x00001880
[    4.916218] usb usb4: New USB device found, idVendor=1d6b, idProduct=0001
[    4.916300] usb usb4: New USB device strings: Mfr=3, Product=2, SerialNumber=1
[    4.916427] usb usb4: Product: UHCI Host Controller
[    4.916507] usb usb4: Manufacturer: Linux 2.6.32.57 uhci_hcd
[    4.916593] usb usb4: SerialNumber: 0000:00:1a.1
[    4.916732] usb usb4: configuration #1 chosen from 1 choice
[    4.916848] hub 4-0:1.0: USB hub found
[    4.916948] hub 4-0:1.0: 2 ports detected
[    4.917280] uhci_hcd 0000:00:1d.0: power state changed by ACPI to D0
[    4.917532] uhci_hcd 0000:00:1d.0: power state changed by ACPI to D0
[    4.917621] uhci_hcd 0000:00:1d.0: PCI INT A -> GSI 16 (level, low) -> IRQ 16
[    4.917716] uhci_hcd 0000:00:1d.0: setting latency timer to 64
[    4.917721] uhci_hcd 0000:00:1d.0: UHCI Host Controller
[    4.917849] uhci_hcd 0000:00:1d.0: new USB bus registered, assigned bus number 5
[    4.917996] uhci_hcd 0000:00:1d.0: irq 16, io base 0x000018a0
[    4.918103] usb usb5: New USB device found, idVendor=1d6b, idProduct=0001
[    4.918193] usb usb5: New USB device strings: Mfr=3, Product=2, SerialNumber=1
[    4.918310] usb usb5: Product: UHCI Host Controller
[    4.918388] usb usb5: Manufacturer: Linux 2.6.32.57 uhci_hcd
[    4.918469] usb usb5: SerialNumber: 0000:00:1d.0
[    4.918600] usb usb5: configuration #1 chosen from 1 choice
[    4.918722] hub 5-0:1.0: USB hub found
[    4.918810] hub 5-0:1.0: 2 ports detected
[    4.918940] uhci_hcd 0000:00:1d.1: PCI INT B -> GSI 17 (level, low) -> IRQ 17
[    4.919031] uhci_hcd 0000:00:1d.1: setting latency timer to 64
[    4.919036] uhci_hcd 0000:00:1d.1: UHCI Host Controller
[    4.919154] uhci_hcd 0000:00:1d.1: new USB bus registered, assigned bus number 6
[    4.919308] uhci_hcd 0000:00:1d.1: irq 17, io base 0x000018c0
[    4.919418] usb usb6: New USB device found, idVendor=1d6b, idProduct=0001
[    4.919500] usb usb6: New USB device strings: Mfr=3, Product=2, SerialNumber=1
[    4.919611] usb usb6: Product: UHCI Host Controller
[    4.919698] usb usb6: Manufacturer: Linux 2.6.32.57 uhci_hcd
[    4.919784] usb usb6: SerialNumber: 0000:00:1d.1
[    4.919917] usb usb6: configuration #1 chosen from 1 choice
[    4.920026] hub 6-0:1.0: USB hub found
[    4.920107] hub 6-0:1.0: 2 ports detected
[    4.920404] uhci_hcd 0000:00:1d.2: power state changed by ACPI to D0
[    4.920669] uhci_hcd 0000:00:1d.2: power state changed by ACPI to D0
[    4.920761] uhci_hcd 0000:00:1d.2: PCI INT C -> GSI 18 (level, low) -> IRQ 18
[    4.920848] uhci_hcd 0000:00:1d.2: setting latency timer to 64
[    4.920851] uhci_hcd 0000:00:1d.2: UHCI Host Controller
[    4.920971] uhci_hcd 0000:00:1d.2: new USB bus registered, assigned bus number 7
[    4.921115] uhci_hcd 0000:00:1d.2: irq 18, io base 0x000018e0
[    4.921226] usb usb7: New USB device found, idVendor=1d6b, idProduct=0001
[    4.921310] usb usb7: New USB device strings: Mfr=3, Product=2, SerialNumber=1
[    4.921424] usb usb7: Product: UHCI Host Controller
[    4.921504] usb usb7: Manufacturer: Linux 2.6.32.57 uhci_hcd
[    4.921586] usb usb7: SerialNumber: 0000:00:1d.2
[    4.922388] usb usb7: configuration #1 chosen from 1 choice
[    4.922500] hub 7-0:1.0: USB hub found
[    4.922581] hub 7-0:1.0: 2 ports detected
[    4.922737] sl811: driver sl811-hcd, 19 May 2005
[    4.922834] r8a66597_hcd: driver r8a66597_hcd, 2009-05-26
[    4.922994] Initializing USB Mass Storage driver...
[    4.923120] usbcore: registered new interface driver usb-storage
[    4.923208] USB Mass Storage support registered.
[    4.923308] usbcore: registered new interface driver ums-alauda
[    4.923407] usbcore: registered new interface driver ums-cypress
[    4.923511] usbcore: registered new interface driver ums-datafab
[    4.923609] usbcore: registered new interface driver ums-freecom
[    4.923732] usbcore: registered new interface driver ums-isd200
[    4.923839] usbcore: registered new interface driver ums-jumpshot
[    4.923941] usbcore: registered new interface driver ums-karma
[    4.924039] usbcore: registered new interface driver ums-onetouch
[    4.924154] usbcore: registered new interface driver ums-sddr09
[    4.924252] usbcore: registered new interface driver ums-sddr55
[    4.924351] usbcore: registered new interface driver ums-usbat
[    4.924495] PNP: PS/2 Controller [PNP0303:KBD,PNP0f13:MOU] at 0x60,0x64 irq 1,12
[    4.932878] serio: i8042 KBD port at 0x60,0x64 irq 1
[    4.932964] serio: i8042 AUX port at 0x60,0x64 irq 12
[    4.933205] mice: PS/2 mouse device common for all mice
[    4.933311] i2c /dev entries driver
[    4.933435] md: linear personality registered for level -1
[    4.933526] md: raid0 personality registered for level 0
[    4.933610] md: raid1 personality registered for level 1
[    4.933704] md: raid10 personality registered for level 10
[    4.933801] md: raid6 personality registered for level 6
[    4.933890] md: raid5 personality registered for level 5
[    4.933973] md: raid4 personality registered for level 4
[    4.934059] md: multipath personality registered for level -4
[    4.934245] device-mapper: ioctl: 4.15.0-ioctl (2009-04-01) initialised: dm-devel@redhat.com
[    4.934442] cpuidle: using governor ladder
[    4.935034] usbcore: registered new interface driver usbhid
[    4.935132] usbhid: v2.6:USB HID core driver
[    4.935285] random 0014 0000 0000 00000000 00000000: rand_read_num 4 get_random_bytes(136): sig 00000000 00000000 00000000
[    4.935288] random 0014 0000 0000 00000000 00000000: extract_entropy(.. 136 ..)
[    4.935291] random 0014 0000 0000 00000000 00000000: going to reseed nonblocking with 1024 bits (1088 of 0 requested)
[    4.935293] random 0014 0000 0000 00000000 00000000: extract_entropy(.. 128 ..)
[    4.935295] random 0014 0000 0000 00000000 00000000: trying to extract 1024 bits from input
[    4.935298] random 0014 0000 0000 00000000 00000000: debiting 0 entropy credits from input
[    4.935299] random 0014 0000 0000 00000000 00000000: extract_entropy account returned: 0 
[    4.935302] random 0014 0000 0000 00000000 00000000: urand_change_num 7 xfer_secondary_pool(136): pool_sig 00000000, data_sig 00000000, bytes_mixed 0 00000000 00000000
[    4.935306] random 0014 0000 0000 00000000 00000000: trying to extract 1088 bits from nonblocking
[    4.935308] random 0014 0000 0000 00000000 00000000: debiting 1088 entropy credits from nonblocking (unlimited)
[    4.935310] random 0014 0000 0000 00000000 00000000: extract_entropy account returned: 136 
[    4.935315] random 0014 0000 0000 00000000 00000000: urand_change_num 8 extract_buf: pool_sig 00000000, data_sig fffffff9, bytes_mixed 20 00000000 00000000
[    4.935320] random 0014 0000 0000 b7c35b56 be4dc95d: urand_change_num 9 extract_buf: pool_sig fffffd1e, data_sig 000000c5, bytes_mixed 20 b7c35b56 be4dc95d
[    4.935325] random 0014 0000 0000 ed9f5c47 c48487fb: urand_change_num 10 extract_buf: pool_sig fffff8ec, data_sig ffffff68, bytes_mixed 20 ed9f5c47 c48487fb
[    4.935331] random 0014 0000 0000 ed9f5c47 c48487fb: urand_change_num 11 extract_buf: pool_sig fffffaed, data_sig 000001aa, bytes_mixed 20 ed9f5c47 c48487fb
[    4.935336] random 0014 0000 0000 1b4f7c0a 91bd6a48: urand_change_num 12 extract_buf: pool_sig fffffdd8, data_sig 00000064, bytes_mixed 20 1b4f7c0a 91bd6a48
[    4.935341] random 0014 0000 0000 a254b9bc 20e9a24f: urand_change_num 13 extract_buf: pool_sig fffffbe6, data_sig 000001dd, bytes_mixed 20 a254b9bc 20e9a24f
[    4.935347] random 0014 0000 0000 a254b9bc 20e9a24f: urand_change_num 14 extract_buf: pool_sig fffff940, data_sig fffffe20, bytes_mixed 20 a254b9bc 20e9a24f
[    4.935352] random 0014 0000 0000 2831a66b 5fa2a3ad: urand_change_num 15 extract_buf: pool_sig fffffbce, data_sig 0000007e, bytes_mixed 20 2831a66b 5fa2a3ad
[    4.935357] random 0014 0000 0000 2831a66b 5fa2a3ad: urand_change_num 16 extract_buf: pool_sig 000004df, data_sig fffffe8f, bytes_mixed 20 2831a66b 5fa2a3ad
[    4.935362] random 0014 0000 0000 d4512bfd c9a54e0b: urand_change_num 17 extract_buf: pool_sig 00000485, data_sig fffffe68, bytes_mixed 20 d4512bfd c9a54e0b
[    4.935367] random 0014 0000 0000 c7371be6 f9ffea11: urand_change_num 18 extract_buf: pool_sig 00000095, data_sig ffffffed, bytes_mixed 20 c7371be6 f9ffea11
[    4.935373] random 0014 0000 0000 c7371be6 f9ffea11: urand_change_num 19 extract_buf: pool_sig 000003a7, data_sig fffffefa, bytes_mixed 20 c7371be6 f9ffea11
[    4.935378] random 0014 0000 0000 8fb4b62c d1ddba54: urand_change_num 20 extract_buf: pool_sig 00000179, data_sig ffffff78, bytes_mixed 20 8fb4b62c d1ddba54
[    4.935383] random 0014 0000 0000 9ff19f9c c07a1d2a: urand_change_num 21 extract_buf: pool_sig fffffe88, data_sig 00000126, bytes_mixed 20 9ff19f9c c07a1d2a
[    4.935387] TCP cubic registered
[    4.935470] Initializing XFRM netlink socket
[    4.935564] NET: Registered protocol family 17
[    4.935664] Using IPI Shortcut mode
[    4.935746] random 0014 0000 0000 9ff19f9c c07a1d2a: rand_read_num 5 get_random_bytes(8): sig 0000031b 9ff19f9c c07a1d2a
[    4.935748] random 0014 0000 0000 9ff19f9c c07a1d2a: extract_entropy(.. 8 ..)
[    4.935751] random 0014 0000 0000 9ff19f9c c07a1d2a: going to reseed nonblocking with 64 bits (64 of 0 requested)
[    4.935753] random 0014 0000 0000 9ff19f9c c07a1d2a: extract_entropy(.. 8 ..)
[    4.935755] random 0014 0000 0000 9ff19f9c c07a1d2a: trying to extract 64 bits from input
[    4.935757] random 0014 0000 0000 9ff19f9c c07a1d2a: debiting 0 entropy credits from input
[    4.935759] random 0014 0000 0000 9ff19f9c c07a1d2a: extract_entropy account returned: 0 
[    4.935762] random 0014 0000 0000 9ff19f9c c07a1d2a: urand_change_num 22 xfer_secondary_pool(8): pool_sig 0000031b, data_sig 00000000, bytes_mixed 0 9ff19f9c c07a1d2a
[    4.935765] random 0014 0000 0000 9ff19f9c c07a1d2a: trying to extract 64 bits from nonblocking
[    4.935768] random 0014 0000 0000 9ff19f9c c07a1d2a: debiting 64 entropy credits from nonblocking (unlimited)
[    4.935770] random 0014 0000 0000 9ff19f9c c07a1d2a: extract_entropy account returned: 8 
[    4.935774] random 0014 0000 0000 9ff19f9c c07a1d2a: urand_change_num 23 extract_buf: pool_sig 0000031b, data_sig ffffffb3, bytes_mixed 20 9ff19f9c c07a1d2a
[    4.937952] input: AT Translated Set 2 keyboard as /devices/platform/i8042/serio0/input/input1
[    5.127649] ata1: SATA link up 1.5 Gbps (SStatus 113 SControl 300)
[    5.127765] ata3: SATA link down (SStatus 0 SControl 300)
[    5.129619] ata1.00: ACPI cmd ef/02:00:00:00:00:a0 (SET FEATURES) succeeded
[    5.129621] ata1.00: ACPI cmd f5/00:00:00:00:00:a0 (SECURITY FREEZE LOCK) filtered out
[    5.131012] ata1.00: ACPI cmd ef/5f:00:00:00:00:a0 (SET FEATURES) succeeded
[    5.131014] ata1.00: ACPI cmd ef/10:03:00:00:00:a0 (SET FEATURES) filtered out
[    5.132924] ata1.00: ATA-7: ST910021AS, 4.06, max UDMA/100
[    5.133007] ata1.00: 195371568 sectors, multi 16: LBA48 
[    5.135163] ata1.00: ACPI cmd ef/02:00:00:00:00:a0 (SET FEATURES) succeeded
[    5.135165] ata1.00: ACPI cmd f5/00:00:00:00:00:a0 (SECURITY FREEZE LOCK) filtered out
[    5.136555] ata1.00: ACPI cmd ef/5f:00:00:00:00:a0 (SET FEATURES) succeeded
[    5.136557] ata1.00: ACPI cmd ef/10:03:00:00:00:a0 (SET FEATURES) filtered out
[    5.138484] ata1.00: configured for UDMA/100
[    5.148693] scsi 2:0:0:0: Direct-Access     ATA      ST910021AS       4.06 PQ: 0 ANSI: 5
[    5.148965] sd 2:0:0:0: [sda] 195371568 512-byte logical blocks: (100 GB/93.1 GiB)
[    5.149100] sd 2:0:0:0: [sda] Write Protect is off
[    5.149187] sd 2:0:0:0: [sda] Mode Sense: 00 3a 00 00
[    5.149200] sd 2:0:0:0: [sda] Write cache: enabled, read cache: enabled, doesn't support DPO or FUA
[    5.149386]  sda:
[    5.215628] usb 2-1: new high speed USB device using ehci_hcd and address 2
[    5.364882] usb 2-1: New USB device found, idVendor=0e8d, idProduct=1806
[    5.364968] usb 2-1: New USB device strings: Mfr=1, Product=2, SerialNumber=3
[    5.365049] usb 2-1: Product: MT1806 
[    5.365133] usb 2-1: Manufacturer: MediaTek Inc
[    5.365219] usb 2-1: SerialNumber: R8KN6GAC800AEB 
[    5.365356] usb 2-1: configuration #1 chosen from 1 choice
[    5.371672] scsi5 : SCSI emulation for USB Mass Storage devices
[    5.371836] usb-storage: device found at 2
[    5.371837] usb-storage: waiting for device to settle before scanning
[    5.573334] random 0014 0000 0000 277f73c3 42024bb9: add_disk_randomness(8:0) 277f73c3 42024bb9
[    5.573338] random 0014 0000 0000 277f73c3 42024bb9: add_timer_randomness(.. 8388864) with jiffies: 14223123537479827853, cycles: -4223620540524396533
[    5.573341] random 0014 0000 0000 277f73c3 42024bb9: added 11 entropy credits to input
[    5.573345]  sda1 sda2
[    5.573908] random 0025 0000 0000 277f73c3 42024bb9: add_disk_randomness(8:0) 277f73c3 42024bb9
[    5.573911] random 0025 0000 0000 277f73c3 42024bb9: add_timer_randomness(.. 8388864) with jiffies: 14228275436650725774, cycles: -4218468641353498613
[    5.574065] sd 2:0:0:0: [sda] Attached SCSI disk
[    5.574155] random 0025 0000 0000 277f73c3 42024bb9: rand_read_num 6 get_random_bytes(12): sig 000007e9 277f73c3 42024bb9
[    5.574157] random 0025 0000 0000 277f73c3 42024bb9: extract_entropy(.. 12 ..)
[    5.574160] random 0025 0000 0000 277f73c3 42024bb9: going to reseed nonblocking with 96 bits (96 of 0 requested)
[    5.574162] random 0025 0000 0000 277f73c3 42024bb9: extract_entropy(.. 12 ..)
[    5.574164] random 0025 0000 0000 277f73c3 42024bb9: trying to extract 96 bits from input
[    5.574166] random 0025 0000 0000 277f73c3 42024bb9: debiting 0 entropy credits from input
[    5.574168] random 0025 0000 0000 277f73c3 42024bb9: extract_entropy account returned: 0 
[    5.574171] random 0025 0000 0000 277f73c3 42024bb9: urand_change_num 24 xfer_secondary_pool(12): pool_sig 000007e9, data_sig 00000000, bytes_mixed 0 277f73c3 42024bb9
[    5.574174] random 0025 0000 0000 277f73c3 42024bb9: trying to extract 96 bits from nonblocking
[    5.574177] random 0025 0000 0000 277f73c3 42024bb9: debiting 96 entropy credits from nonblocking (unlimited)
[    5.574179] random 0025 0000 0000 277f73c3 42024bb9: extract_entropy account returned: 12 
[    5.574183] random 0025 0000 0000 277f73c3 42024bb9: urand_change_num 25 extract_buf: pool_sig 000007e9, data_sig 00000088, bytes_mixed 20 277f73c3 42024bb9
[    5.574189] random 0025 0000 0000 277f73c3 42024bb9: urand_change_num 26 extract_buf: pool_sig 00000498, data_sig fffffefb, bytes_mixed 20 277f73c3 42024bb9
[    5.574192] RANDOM - __seed init called.
[    5.574192] RANDOM - __seed init called.
[    5.574193] RANDOM - __seed init called.
[    5.574195] RANDOM - __random32 called. Change num 12.  Value: 87f14767	f0d7351	b1e48bd3
[    5.574197] RANDOM - random32_reseed called.  Value: 87f14767	f0d7351	b1e48bd3
[    5.574200] Pid: 1, comm: swapper Not tainted 2.6.32.57 #6
[    5.574300] Call Trace:
[    5.574387]  [<c1923ca4>] ? random32_reseed+0xa0/0xb1
[    5.574471]  [<c1923c04>] ? random32_reseed+0x0/0xb1
[    5.574564]  [<c100111e>] ? do_one_initcall+0x2e/0x180
[    5.574657]  [<c1907265>] ? kernel_init+0xad/0x103
[    5.574737]  [<c19071b8>] ? kernel_init+0x0/0x103
[    5.574818]  [<c1003787>] ? kernel_thread_helper+0x7/0x10
[    5.575341] random 0025 0000 0000 386b4e60 ee4d4880: rand_read_num 7 get_random_bytes(64): sig fffffea5 386b4e60 ee4d4880
[    5.575343] random 0025 0000 0000 386b4e60 ee4d4880: extract_entropy(.. 64 ..)
[    5.575345] random 0025 0000 0000 386b4e60 ee4d4880: going to reseed nonblocking with 512 bits (512 of 0 requested)
[    5.575348] random 0025 0000 0000 386b4e60 ee4d4880: extract_entropy(.. 64 ..)
[    5.575350] random 0025 0000 0000 386b4e60 ee4d4880: trying to extract 512 bits from input
[    5.575352] random 0025 0000 0000 386b4e60 ee4d4880: debiting 0 entropy credits from input
[    5.575354] random 0025 0000 0000 386b4e60 ee4d4880: extract_entropy account returned: 0 
[    5.575357] random 0025 0000 0000 386b4e60 ee4d4880: urand_change_num 27 xfer_secondary_pool(64): pool_sig fffffea5, data_sig 00000000, bytes_mixed 0 386b4e60 ee4d4880
[    5.575360] random 0025 0000 0000 386b4e60 ee4d4880: trying to extract 512 bits from nonblocking
[    5.575363] random 0025 0000 0000 386b4e60 ee4d4880: debiting 512 entropy credits from nonblocking (unlimited)
[    5.575365] random 0025 0000 0000 386b4e60 ee4d4880: extract_entropy account returned: 64 
[    5.575369] random 0025 0000 0000 386b4e60 ee4d4880: urand_change_num 28 extract_buf: pool_sig fffffea5, data_sig 00000173, bytes_mixed 20 386b4e60 ee4d4880
[    5.575374] random 0025 0000 0000 412698f6 0cc8689a: urand_change_num 29 extract_buf: pool_sig 00000122, data_sig ffffff63, bytes_mixed 20 412698f6 0cc8689a
[    5.575380] random 0025 0000 0000 412698f6 0cc8689a: urand_change_num 30 extract_buf: pool_sig 000001f7, data_sig 00000012, bytes_mixed 20 412698f6 0cc8689a
[    5.575385] random 0025 0000 0000 9669941e 06f768b1: urand_change_num 31 extract_buf: pool_sig fffffb5b, data_sig 0000003f, bytes_mixed 20 9669941e 06f768b1
[    5.575391] random 0025 0000 0000 98486520 995551f0: urand_change_num 32 extract_buf: pool_sig fffffb39, data_sig 0000000e, bytes_mixed 20 98486520 995551f0
[    5.575396] random 0025 0000 0000 98486520 995551f0: urand_change_num 33 extract_buf: pool_sig fffffd8d, data_sig 000001a6, bytes_mixed 20 98486520 995551f0
[    5.575401] random 0025 0000 0000 61fc8914 d5882ed2: urand_change_num 34 extract_buf: pool_sig fffffa58, data_sig 0000023e, bytes_mixed 20 61fc8914 d5882ed2
[    5.575431] random 0025 0000 0000 61fc8914 d5882ed2: rand_read_num 8 get_random_bytes(64): sig fffff9ee 61fc8914 d5882ed2
[    5.575433] random 0025 0000 0000 61fc8914 d5882ed2: extract_entropy(.. 64 ..)
[    5.575435] random 0025 0000 0000 61fc8914 d5882ed2: going to reseed nonblocking with 512 bits (512 of 0 requested)
[    5.575438] random 0025 0000 0000 61fc8914 d5882ed2: extract_entropy(.. 64 ..)
[    5.575440] random 0025 0000 0000 61fc8914 d5882ed2: trying to extract 512 bits from input
[    5.575442] random 0025 0000 0000 61fc8914 d5882ed2: debiting 0 entropy credits from input
[    5.575444] random 0025 0000 0000 61fc8914 d5882ed2: extract_entropy account returned: 0 
[    5.575447] random 0025 0000 0000 61fc8914 d5882ed2: urand_change_num 35 xfer_secondary_pool(64): pool_sig fffff9ee, data_sig 00000000, bytes_mixed 0 61fc8914 d5882ed2
[    5.575450] random 0025 0000 0000 61fc8914 d5882ed2: trying to extract 512 bits from nonblocking
[    5.575452] random 0025 0000 0000 61fc8914 d5882ed2: debiting 512 entropy credits from nonblocking (unlimited)
[    5.575455] random 0025 0000 0000 61fc8914 d5882ed2: extract_entropy account returned: 64 
[    5.575459] random 0025 0000 0000 61fc8914 d5882ed2: urand_change_num 36 extract_buf: pool_sig fffff9ee, data_sig ffffff85, bytes_mixed 20 61fc8914 d5882ed2
[    5.575464] random 0025 0000 0000 70cfd302 e5edec11: urand_change_num 37 extract_buf: pool_sig fffffdc1, data_sig ffffffde, bytes_mixed 20 70cfd302 e5edec11
[    5.575469] random 0025 0000 0000 00dab838 eafd2b30: urand_change_num 38 extract_buf: pool_sig 000003da, data_sig ffffff61, bytes_mixed 20 00dab838 eafd2b30
[    5.575475] random 0025 0000 0000 00dab838 eafd2b30: urand_change_num 39 extract_buf: pool_sig 00000314, data_sig 00000121, bytes_mixed 20 00dab838 eafd2b30
[    5.575480] random 0025 0000 0000 5fcdf66a 6442b608: urand_change_num 40 extract_buf: pool_sig 0000028b, data_sig fffffefd, bytes_mixed 20 5fcdf66a 6442b608
[    5.575485] random 0025 0000 0000 61333f6b 8fae0f9b: urand_change_num 41 extract_buf: pool_sig 000000cb, data_sig 000000b3, bytes_mixed 20 61333f6b 8fae0f9b
[    5.575490] random 0025 0000 0000 61333f6b 8fae0f9b: urand_change_num 42 extract_buf: pool_sig fffffef8, data_sig 00000051, bytes_mixed 20 61333f6b 8fae0f9b
[    5.575493] BEGIN NET_SECRET:
[    5.575494] \xffffffe0
[    5.575495] \xffffffb6
[    5.575496] \x36
[    5.575497] \xffffffb5
[    5.575497] \xffffff94
[    5.575498] \xffffffb2
[    5.575499] \xffffffa8
[    5.575500] \xffffffda
[    5.575501] \x5b
[    5.575502] \x19
[    5.575502] \x18
[    5.575503] \x5c
[    5.575504] \x2b
[    5.575504] \x1
[    5.575505] \xffffff90
[    5.575506] \x19
[    5.575507] \x3c
[    5.575508] \xfffffff2
[    5.575508] \xffffff82
[    5.575509] \x2a
[    5.575510] \xffffffb3
[    5.575511] \xffffffa2
[    5.575512] \x3f
[    5.575512] \x5
[    5.575513] \x52
[    5.575514] \x77
[    5.575514] \x57
[    5.575515] \x79
[    5.575516] \x16
[    5.575517] \x43
[    5.575517] \xffffff84
[    5.575518] \xffffffc3
[    5.575519] \xffffffe9
[    5.575520] \x79
[    5.575520] \x50
[    5.575521] \xffffff8e
[    5.575522] \x3f
[    5.575523] \xfffffff3
[    5.575524] \x19
[    5.575524] \x2a
[    5.575525] \xfffffffd
[    5.575526] \xfffffffb
[    5.575527] \x62
[    5.575527] \x3c
[    5.575528] \xffffffac
[    5.575529] \x1c
[    5.575530] \x3b
[    5.575530] \x3b
[    5.575531] \x15
[    5.575532] \x27
[    5.575533] \xffffffa8
[    5.575533] \x22
[    5.575534] \xffffffc5
[    5.575535] \xffffff9a
[    5.575536] \x5
[    5.575536] \x6c
[    5.575537] \xffffffa8
[    5.575538] \x3a
[    5.575539] \x44
[    5.575540] \xffffffaf
[    5.575540] \x13
[    5.575541] \xffffffe0
[    5.575542] \xffffff9d
[    5.575543] \x22
[    5.575543] 
[    5.575544] END NET_SECRET
[    5.575547] random 0025 0000 0000 e7f555d9 e8ce5c3c: rand_read_num 9 get_random_bytes(4): sig 0000068c e7f555d9 e8ce5c3c
[    5.575549] random 0025 0000 0000 e7f555d9 e8ce5c3c: extract_entropy(.. 4 ..)
[    5.575551] random 0025 0000 0000 e7f555d9 e8ce5c3c: going to reseed nonblocking with 64 bits (32 of 0 requested)
[    5.575554] random 0025 0000 0000 e7f555d9 e8ce5c3c: extract_entropy(.. 8 ..)
[    5.575556] random 0025 0000 0000 e7f555d9 e8ce5c3c: trying to extract 64 bits from input
[    5.575558] random 0025 0000 0000 e7f555d9 e8ce5c3c: debiting 0 entropy credits from input
[    5.575560] random 0025 0000 0000 e7f555d9 e8ce5c3c: extract_entropy account returned: 0 
[    5.575563] random 0025 0000 0000 e7f555d9 e8ce5c3c: urand_change_num 43 xfer_secondary_pool(4): pool_sig 0000068c, data_sig 00000000, bytes_mixed 0 e7f555d9 e8ce5c3c
[    5.575566] random 0025 0000 0000 e7f555d9 e8ce5c3c: trying to extract 32 bits from nonblocking
[    5.575568] random 0025 0000 0000 e7f555d9 e8ce5c3c: debiting 32 entropy credits from nonblocking (unlimited)
[    5.575570] random 0025 0000 0000 e7f555d9 e8ce5c3c: extract_entropy account returned: 4 
[    5.575574] random 0025 0000 0000 e7f555d9 e8ce5c3c: urand_change_num 44 extract_buf: pool_sig 0000068c, data_sig fffffdcb, bytes_mixed 20 e7f555d9 e8ce5c3c
[    5.575585] md: Waiting for all devices to be available before autodetect
[    5.575671] md: If you don't use raid, use raid=noautodetect
[    5.575826] md: Autodetecting RAID arrays.
[    5.575906] md: Scanned 0 and added 0 devices.
[    5.576005] md: autorun ...
[    5.576092] md: ... autorun DONE.
[    5.589543] random 0025 0000 0000 e7f555d9 e8ce5c3c: add_disk_randomness(8:0) e7f555d9 e8ce5c3c
[    5.589547] random 0025 0000 0000 e7f555d9 e8ce5c3c: add_timer_randomness(.. 8388864) with jiffies: 14368957051776500125, cycles: -4077787026227724277
[    5.589549] random 0025 0000 0000 e7f555d9 e8ce5c3c: added 3 entropy credits to input
[    5.590667] random 0028 0000 0000 e7f555d9 e8ce5c3c: add_disk_randomness(8:0) e7f555d9 e8ce5c3c
[    5.590670] random 0028 0000 0000 e7f555d9 e8ce5c3c: add_timer_randomness(.. 8388864) with jiffies: 14379054893551550879, cycles: -4067689184452673525
[    5.590673] random 0028 0000 0000 e7f555d9 e8ce5c3c: added 1 entropy credits to input
[    5.590786] random 0029 0000 0000 e7f555d9 e8ce5c3c: add_disk_randomness(8:0) e7f555d9 e8ce5c3c
[    5.590789] random 0029 0000 0000 e7f555d9 e8ce5c3c: add_timer_randomness(.. 8388864) with jiffies: 14380127213741375903, cycles: -4066616864262848501
[    5.590794] EXT3-fs: sda2: couldn't mount because of unsupported optional features (240).
[    5.591018] random 0029 0000 0000 e7f555d9 e8ce5c3c: add_disk_randomness(8:0) e7f555d9 e8ce5c3c
[    5.591021] random 0029 0000 0000 e7f555d9 e8ce5c3c: add_timer_randomness(.. 8388864) with jiffies: 14382219403980407199, cycles: -4064524674023817205
[    5.591026] EXT2-fs: sda2: couldn't mount because of unsupported optional features (240).
[    5.591243] random 0029 0000 0000 e7f555d9 e8ce5c3c: add_disk_randomness(8:0) e7f555d9 e8ce5c3c
[    5.591246] random 0029 0000 0000 e7f555d9 e8ce5c3c: add_timer_randomness(.. 8388864) with jiffies: 14384242823203094943, cycles: -4062501254801129461
[    5.591378] random 0029 0000 0000 e7f555d9 e8ce5c3c: add_disk_randomness(8:0) e7f555d9 e8ce5c3c
[    5.591381] random 0029 0000 0000 e7f555d9 e8ce5c3c: add_timer_randomness(.. 8388864) with jiffies: 14385464956147171743, cycles: -4061279121857052661
[    5.591545] random 0029 0000 0000 e7f555d9 e8ce5c3c: add_disk_randomness(8:0) e7f555d9 e8ce5c3c
[    5.591548] random 0029 0000 0000 e7f555d9 e8ce5c3c: add_timer_randomness(.. 8388864) with jiffies: 14386961958408257951, cycles: -4059782119595966453
[    5.591665] random 0029 0000 0000 e7f555d9 e8ce5c3c: add_disk_randomness(8:0) e7f555d9 e8ce5c3c
[    5.591668] random 0029 0000 0000 e7f555d9 e8ce5c3c: add_timer_randomness(.. 8388864) with jiffies: 14388026925614072224, cycles: -4058717152390152181
[    5.591782] random 0029 0000 0000 e7f555d9 e8ce5c3c: add_disk_randomness(8:0) e7f555d9 e8ce5c3c
[    5.591785] random 0029 0000 0000 e7f555d9 e8ce5c3c: add_timer_randomness(.. 8388864) with jiffies: 14389086708794360224, cycles: -4057657369209864181
[    5.591895] random 0029 0000 0000 e7f555d9 e8ce5c3c: add_disk_randomness(8:0) e7f555d9 e8ce5c3c
[    5.591898] random 0029 0000 0000 e7f555d9 e8ce5c3c: add_timer_randomness(.. 8388864) with jiffies: 14390105904533701024, cycles: -4056638173470523381
[    5.592008] random 0029 0000 0000 e7f555d9 e8ce5c3c: add_disk_randomness(8:0) e7f555d9 e8ce5c3c
[    5.592011] random 0029 0000 0000 e7f555d9 e8ce5c3c: add_timer_randomness(.. 8388864) with jiffies: 14391120139585814944, cycles: -4055623938418409461
[    5.592157] random 0029 0000 0000 e7f555d9 e8ce5c3c: add_disk_randomness(8:0) e7f555d9 e8ce5c3c
[    5.592159] random 0029 0000 0000 e7f555d9 e8ce5c3c: add_timer_randomness(.. 8388864) with jiffies: 14392460787857457568, cycles: -4054283290146766837
[    5.592399] random 0029 0000 0000 e7f555d9 e8ce5c3c: rand_read_num 10 get_random_bytes(4): sig ffffff72 e7f555d9 e8ce5c3c
[    5.592402] random 0029 0000 0000 e7f555d9 e8ce5c3c: extract_entropy(.. 4 ..)
[    5.592404] random 0029 0000 0000 e7f555d9 e8ce5c3c: going to reseed nonblocking with 64 bits (32 of 0 requested)
[    5.592406] random 0029 0000 0000 e7f555d9 e8ce5c3c: extract_entropy(.. 8 ..)
[    5.592408] random 0029 0000 0000 e7f555d9 e8ce5c3c: trying to extract 64 bits from input
[    5.592411] random 0029 0000 0000 e7f555d9 e8ce5c3c: debiting 0 entropy credits from input
[    5.592413] random 0029 0000 0000 e7f555d9 e8ce5c3c: extract_entropy account returned: 0 
[    5.592416] random 0029 0000 0000 e7f555d9 e8ce5c3c: urand_change_num 45 xfer_secondary_pool(4): pool_sig ffffff72, data_sig 00000000, bytes_mixed 0 e7f555d9 e8ce5c3c
[    5.592419] random 0029 0000 0000 e7f555d9 e8ce5c3c: trying to extract 32 bits from nonblocking
[    5.592421] random 0029 0000 0000 e7f555d9 e8ce5c3c: debiting 32 entropy credits from nonblocking (unlimited)
[    5.592423] random 0029 0000 0000 e7f555d9 e8ce5c3c: extract_entropy account returned: 4 
[    5.592427] random 0029 0000 0000 e7f555d9 e8ce5c3c: urand_change_num 46 extract_buf: pool_sig ffffff72, data_sig ffffff72, bytes_mixed 20 e7f555d9 e8ce5c3c
[    5.603998] random 0029 0000 0000 91716c54 eeb6a1e7: add_disk_randomness(8:0) 91716c54 eeb6a1e7
[    5.604001] random 0029 0000 0000 91716c54 eeb6a1e7: add_timer_randomness(.. 8388864) with jiffies: 14498990691356213676, cycles: -3947753386648010741
[    5.604003] random 0029 0000 0000 91716c54 eeb6a1e7: added 3 entropy credits to input
[    5.622271] random 0032 0000 0000 91716c54 eeb6a1e7: add_disk_randomness(8:0) 91716c54 eeb6a1e7
[    5.622274] random 0032 0000 0000 91716c54 eeb6a1e7: add_timer_randomness(.. 8388864) with jiffies: 14663397156069278142, cycles: -3783346921934946293
[    5.622277] random 0032 0000 0000 91716c54 eeb6a1e7: added 2 entropy credits to input
[    5.627001] EXT4-fs (sda2): mounted filesystem with ordered data mode
[    5.627182] VFS: Mounted root (ext4 filesystem) readonly on device 8:2.
[    5.627281] Freeing unused kernel memory: 448k freed
[    5.647465] random 0034 0000 0000 91716c54 eeb6a1e7: add_disk_randomness(8:0) 91716c54 eeb6a1e7
[    5.647468] random 0034 0000 0000 91716c54 eeb6a1e7: add_timer_randomness(.. 8388864) with jiffies: 14890068182579249623, cycles: -3556675895424974837
[    5.648154] random 0034 0000 0000 91716c54 eeb6a1e7: add_disk_randomness(8:0) 91716c54 eeb6a1e7
[    5.648157] random 0034 0000 0000 91716c54 eeb6a1e7: add_timer_randomness(.. 8388864) with jiffies: 14896262277039358424, cycles: -3550481800964866037
[    5.652879] random 0034 0000 0000 91716c54 eeb6a1e7: add_disk_randomness(8:0) 91716c54 eeb6a1e7
[    5.652882] random 0034 0000 0000 91716c54 eeb6a1e7: add_timer_randomness(.. 8388864) with jiffies: 14938768193978335709, cycles: -3507975884025888757
[    5.652885] random 0034 0000 0000 91716c54 eeb6a1e7: added 2 entropy credits to input
[    5.661082] random 0036 0000 0000 91716c54 eeb6a1e7: add_disk_randomness(8:0) 91716c54 eeb6a1e7
[    5.661085] random 0036 0000 0000 91716c54 eeb6a1e7: add_timer_randomness(.. 8388864) with jiffies: 15012570322127520229, cycles: -3434173755876704245
[    5.664502] random 0036 0000 0000 91716c54 eeb6a1e7: add_disk_randomness(8:0) 91716c54 eeb6a1e7
[    5.664505] random 0036 0000 0000 91716c54 eeb6a1e7: add_timer_randomness(.. 8388864) with jiffies: 15043339931692532200, cycles: -3403404146311692277
[    5.664507] random 0036 0000 0000 91716c54 eeb6a1e7: added 1 entropy credits to input
[    5.673398] random 0037 0000 0000 91716c54 eeb6a1e7: add_disk_randomness(8:0) 91716c54 eeb6a1e7
[    5.673401] random 0037 0000 0000 91716c54 eeb6a1e7: add_timer_randomness(.. 8388864) with jiffies: 15123375118245134833, cycles: -3323368959759089653
[    5.673403] random 0037 0000 0000 91716c54 eeb6a1e7: added 2 entropy credits to input
[    5.686677] random 0039 0000 0000 91716c54 eeb6a1e7: add_disk_randomness(8:0) 91716c54 eeb6a1e7
[    5.686680] random 0039 0000 0000 91716c54 eeb6a1e7: add_timer_randomness(.. 8388864) with jiffies: 15242833246967005695, cycles: -3203910831037218805
[    5.694758] random 0039 0000 0000 91716c54 eeb6a1e7: add_disk_randomness(8:0) 91716c54 eeb6a1e7
[    5.694761] random 0039 0000 0000 91716c54 eeb6a1e7: add_timer_randomness(.. 8388864) with jiffies: 15315538930095063559, cycles: -3131205147909160949
[    5.694764] random 0039 0000 0000 91716c54 eeb6a1e7: added 2 entropy credits to input
[    5.694787] RANDOM get_random_int call with cycles 50810623185, jiffies 4294672903 and pid 1
[    5.694790] RANDOM get_random_int call with cycles 50810630241, jiffies 4294672903 and pid 1
[    5.694792] ASLR stack rand value: 8232960 after shift for pid: 1
[    5.694794] RANDOM get_random_int call with cycles 50810638053, jiffies 4294672903 and pid 1
[    5.706402] random 0041 0000 0000 91716c54 eeb6a1e7: add_disk_randomness(8:0) 91716c54 eeb6a1e7
[    5.706405] random 0041 0000 0000 91716c54 eeb6a1e7: add_timer_randomness(.. 8388864) with jiffies: 15420307111023444498, cycles: -3026436966980780021
[    5.706408] random 0041 0000 0000 91716c54 eeb6a1e7: added 1 entropy credits to input
[    5.706418] RANDOM get_random_int call with cycles 50834988824, jiffies 4294672914 and pid 1
[    5.706424] random 0042 0000 0000 91716c54 eeb6a1e7: rand_read_num 11 get_random_bytes(16): sig fffffcad 91716c54 eeb6a1e7
[    5.706426] random 0042 0000 0000 91716c54 eeb6a1e7: extract_entropy(.. 16 ..)
[    5.706429] random 0042 0000 0000 91716c54 eeb6a1e7: going to reseed nonblocking with 128 bits (128 of 0 requested)
[    5.706431] random 0042 0000 0000 91716c54 eeb6a1e7: extract_entropy(.. 16 ..)
[    5.706433] random 0042 0000 0000 91716c54 eeb6a1e7: trying to extract 128 bits from input
[    5.706435] random 0042 0000 0000 91716c54 eeb6a1e7: debiting 0 entropy credits from input
[    5.706437] random 0042 0000 0000 91716c54 eeb6a1e7: extract_entropy account returned: 0 
[    5.706440] random 0042 0000 0000 91716c54 eeb6a1e7: urand_change_num 47 xfer_secondary_pool(16): pool_sig fffffcad, data_sig 00000000, bytes_mixed 0 91716c54 eeb6a1e7
[    5.706443] random 0042 0000 0000 91716c54 eeb6a1e7: trying to extract 128 bits from nonblocking
[    5.706446] random 0042 0000 0000 91716c54 eeb6a1e7: debiting 128 entropy credits from nonblocking (unlimited)
[    5.706448] random 0042 0000 0000 91716c54 eeb6a1e7: extract_entropy account returned: 16 
[    5.706452] random 0042 0000 0000 91716c54 eeb6a1e7: urand_change_num 48 extract_buf: pool_sig fffffcad, data_sig ffffff19, bytes_mixed 20 91716c54 eeb6a1e7
[    5.706458] random 0042 0000 0000 fd637b06 6cf47bc1: urand_change_num 49 extract_buf: pool_sig fffffede, data_sig ffffffc1, bytes_mixed 20 fd637b06 6cf47bc1
[    5.707417] random 0042 0000 0000 fd637b06 6cf47bc1: add_disk_randomness(8:0) fd637b06 6cf47bc1
[    5.707421] random 0042 0000 0000 fd637b06 6cf47bc1: add_timer_randomness(.. 8388864) with jiffies: 15429443434174972435, cycles: -3017300643829252085
[    5.708546] random 0042 0000 0000 fd637b06 6cf47bc1: add_disk_randomness(8:0) fd637b06 6cf47bc1
[    5.708549] random 0042 0000 0000 fd637b06 6cf47bc1: add_timer_randomness(.. 8388864) with jiffies: 15439597823489442324, cycles: -3007146254514782197
[    5.709678] random 0042 0000 0000 fd637b06 6cf47bc1: add_disk_randomness(8:0) fd637b06 6cf47bc1
[    5.709681] random 0042 0000 0000 fd637b06 6cf47bc1: add_timer_randomness(.. 8388864) with jiffies: 15449772192991773206, cycles: -2996971885012451317
[    5.710544] random 0042 0000 0000 fd637b06 6cf47bc1: add_disk_randomness(8:0) fd637b06 6cf47bc1
[    5.710547] random 0042 0000 0000 fd637b06 6cf47bc1: add_timer_randomness(.. 8388864) with jiffies: 15457573459919077910, cycles: -2989170618085146613
[    5.710718] random 0042 0000 0000 fd637b06 6cf47bc1: add_disk_randomness(8:0) fd637b06 6cf47bc1
[    5.710721] random 0042 0000 0000 fd637b06 6cf47bc1: add_timer_randomness(.. 8388864) with jiffies: 15459128637512188439, cycles: -2987615440492036085
[    5.710928] random 0042 0000 0000 fd637b06 6cf47bc1: add_disk_randomness(8:0) fd637b06 6cf47bc1
[    5.710931] random 0042 0000 0000 fd637b06 6cf47bc1: add_timer_randomness(.. 8388864) with jiffies: 15461020866958819863, cycles: -2985723211045404661
[    5.721464] random 0042 0000 0000 fd637b06 6cf47bc1: add_disk_randomness(8:0) fd637b06 6cf47bc1
[    5.721467] random 0042 0000 0000 fd637b06 6cf47bc1: add_timer_randomness(.. 8388864) with jiffies: 15555815407976415777, cycles: -2890928670027808757
[    5.721469] random 0042 0000 0000 fd637b06 6cf47bc1: added 3 entropy credits to input
[    5.721899] random 0045 0000 0000 fd637b06 6cf47bc1: add_disk_randomness(8:0) fd637b06 6cf47bc1
[    5.721902] random 0045 0000 0000 fd637b06 6cf47bc1: add_timer_randomness(.. 8388864) with jiffies: 15559722758768919074, cycles: -2887021319235305461
[    5.731646] random 0045 0000 0000 fd637b06 6cf47bc1: add_disk_randomness(8:0) fd637b06 6cf47bc1
[    5.731649] random 0045 0000 0000 fd637b06 6cf47bc1: add_timer_randomness(.. 8388864) with jiffies: 15647411383769465388, cycles: -2799332694234759157
[    5.731652] random 0045 0000 0000 fd637b06 6cf47bc1: added 3 entropy credits to input
[    5.731704] RANDOM get_random_int call with cycles 50887954478, jiffies 4294672940 and pid 1
[    5.736252] random 0048 0000 0000 fd637b06 6cf47bc1: add_disk_randomness(8:0) fd637b06 6cf47bc1
[    5.736255] random 0048 0000 0000 fd637b06 6cf47bc1: add_timer_randomness(.. 8388864) with jiffies: 15688861443128263216, cycles: -2757882634875961333
[    5.736258] random 0048 0000 0000 fd637b06 6cf47bc1: added 2 entropy credits to input
[    5.749080] random 0050 0000 0000 fd637b06 6cf47bc1: add_disk_randomness(8:0) fd637b06 6cf47bc1
[    5.749083] random 0050 0000 0000 fd637b06 6cf47bc1: add_timer_randomness(.. 8388864) with jiffies: 15804266557241786941, cycles: -2642477520762437621
[    5.749086] random 0050 0000 0000 fd637b06 6cf47bc1: added 3 entropy credits to input
[    5.749220] random 0053 0000 0000 fd637b06 6cf47bc1: add_disk_randomness(8:0) fd637b06 6cf47bc1
[    5.749223] random 0053 0000 0000 fd637b06 6cf47bc1: add_timer_randomness(.. 8388864) with jiffies: 15805531485240001085, cycles: -2641212592764223477
[    5.751380] random 0053 0000 0000 fd637b06 6cf47bc1: add_disk_randomness(8:0) fd637b06 6cf47bc1
[    5.751383] random 0053 0000 0000 fd637b06 6cf47bc1: add_timer_randomness(.. 8388864) with jiffies: 15824968720515301951, cycles: -2621775357488922613
[    5.751386] random 0053 0000 0000 fd637b06 6cf47bc1: added 1 entropy credits to input
[    5.751627] random 0054 0000 0000 fd637b06 6cf47bc1: add_disk_randomness(8:0) fd637b06 6cf47bc1
[    5.751630] random 0054 0000 0000 fd637b06 6cf47bc1: add_timer_randomness(.. 8388864) with jiffies: 15827178841966346816, cycles: -2619565236037877749
[    5.751803] random 0054 0000 0000 fd637b06 6cf47bc1: add_disk_randomness(8:0) fd637b06 6cf47bc1
[    5.751806] random 0054 0000 0000 fd637b06 6cf47bc1: add_timer_randomness(.. 8388864) with jiffies: 15828759226722517568, cycles: -2617984851281706997
[    5.754936] random 0054 0000 0000 fd637b06 6cf47bc1: add_disk_randomness(8:0) fd637b06 6cf47bc1
[    5.754939] random 0054 0000 0000 fd637b06 6cf47bc1: add_timer_randomness(.. 8388864) with jiffies: 15856947294654661187, cycles: -2589796783349563381
[    5.754941] random 0054 0000 0000 fd637b06 6cf47bc1: added 1 entropy credits to input
[    5.756948] random 0055 0000 0000 fd637b06 6cf47bc1: add_disk_randomness(8:0) fd637b06 6cf47bc1
[    5.756951] random 0055 0000 0000 fd637b06 6cf47bc1: add_timer_randomness(.. 8388864) with jiffies: 15875050513087824453, cycles: -2571693564916400117
[    5.764779] random 0055 0000 0000 fd637b06 6cf47bc1: add_disk_randomness(8:0) fd637b06 6cf47bc1
[    5.764782] random 0055 0000 0000 fd637b06 6cf47bc1: add_timer_randomness(.. 8388864) with jiffies: 15945500341953069645, cycles: -2501243736051154933
[    5.764784] random 0055 0000 0000 fd637b06 6cf47bc1: added 2 entropy credits to input
[    5.764915] random 0057 0000 0000 fd637b06 6cf47bc1: add_disk_randomness(8:0) fd637b06 6cf47bc1
[    5.764918] random 0057 0000 0000 fd637b06 6cf47bc1: add_timer_randomness(.. 8388864) with jiffies: 15946727345390060109, cycles: -2500016732614164469
[    5.768473] random 0057 0000 0000 fd637b06 6cf47bc1: add_disk_randomness(8:0) fd637b06 6cf47bc1
[    5.768476] random 0057 0000 0000 fd637b06 6cf47bc1: add_timer_randomness(.. 8388864) with jiffies: 15978751557851906640, cycles: -2467992520152317941
[    5.768479] random 0057 0000 0000 fd637b06 6cf47bc1: added 1 entropy credits to input
[    5.772974] random 0058 0000 0000 fd637b06 6cf47bc1: add_disk_randomness(8:0) fd637b06 6cf47bc1
[    5.772977] random 0058 0000 0000 fd637b06 6cf47bc1: add_timer_randomness(.. 8388864) with jiffies: 16019239200939016789, cycles: -2427504877065207797
[    5.778551] random 0058 0000 0000 fd637b06 6cf47bc1: add_disk_randomness(8:0) fd637b06 6cf47bc1
[    5.778554] random 0058 0000 0000 fd637b06 6cf47bc1: add_timer_randomness(.. 8388864) with jiffies: 16069423497201025626, cycles: -2377320580803198965
[    5.784829] random 0058 0000 0000 fd637b06 6cf47bc1: add_disk_randomness(8:0) fd637b06 6cf47bc1
[    5.784832] random 0058 0000 0000 fd637b06 6cf47bc1: add_timer_randomness(.. 8388864) with jiffies: 16125890682077020769, cycles: -2320853395927203829
[    5.784835] random 0058 0000 0000 fd637b06 6cf47bc1: added 1 entropy credits to input
[    5.784848] random 0059 0000 0000 fd637b06 6cf47bc1: rand_read_num 12 get_random_bytes(16): sig 0000033b fd637b06 6cf47bc1
[    5.784850] random 0059 0000 0000 fd637b06 6cf47bc1: extract_entropy(.. 16 ..)
[    5.784853] random 0059 0000 0000 fd637b06 6cf47bc1: going to reseed nonblocking with 128 bits (128 of 0 requested)
[    5.784855] random 0059 0000 0000 fd637b06 6cf47bc1: extract_entropy(.. 16 ..)
[    5.784857] random 0059 0000 0000 fd637b06 6cf47bc1: trying to extract 128 bits from input
[    5.784859] random 0059 0000 0000 fd637b06 6cf47bc1: debiting 0 entropy credits from input
[    5.784861] random 0059 0000 0000 fd637b06 6cf47bc1: extract_entropy account returned: 0 
[    5.784865] random 0059 0000 0000 fd637b06 6cf47bc1: urand_change_num 50 xfer_secondary_pool(16): pool_sig 0000033b, data_sig 00000000, bytes_mixed 0 fd637b06 6cf47bc1
[    5.784868] random 0059 0000 0000 fd637b06 6cf47bc1: trying to extract 128 bits from nonblocking
[    5.784870] random 0059 0000 0000 fd637b06 6cf47bc1: debiting 128 entropy credits from nonblocking (unlimited)
[    5.784872] random 0059 0000 0000 fd637b06 6cf47bc1: extract_entropy account returned: 16 
[    5.784877] random 0059 0000 0000 fd637b06 6cf47bc1: urand_change_num 51 extract_buf: pool_sig 0000033b, data_sig 000000d8, bytes_mixed 20 fd637b06 6cf47bc1
[    5.784882] random 0059 0000 0000 0ec1f012 d4727ca8: urand_change_num 52 extract_buf: pool_sig fffffcf5, data_sig 00000016, bytes_mixed 20 0ec1f012 d4727ca8
[    5.791575] random 0059 0000 0000 45b1d0b1 845a73f7: add_disk_randomness(8:0) 45b1d0b1 845a73f7
[    5.791578] random 0059 0000 0000 45b1d0b1 845a73f7: add_timer_randomness(.. 8388864) with jiffies: 16186592086231581287, cycles: -2260151991772643317
[    5.798798] random 0059 0000 0000 45b1d0b1 845a73f7: add_disk_randomness(8:0) 45b1d0b1 845a73f7
[    5.798801] random 0059 0000 0000 45b1d0b1 845a73f7: add_timer_randomness(.. 8388864) with jiffies: 16251563426612740719, cycles: -2195180651391483893
[    5.798803] random 0059 0000 0000 45b1d0b1 845a73f7: added 1 entropy credits to input
[    5.808447] random 0060 0000 0000 45b1d0b1 845a73f7: add_disk_randomness(8:0) 45b1d0b1 845a73f7
[    5.808450] random 0060 0000 0000 45b1d0b1 845a73f7: add_timer_randomness(.. 8388864) with jiffies: 16338385915623473784, cycles: -2108358162380750837
[    5.816220] random 0060 0000 0000 45b1d0b1 845a73f7: add_disk_randomness(8:0) 45b1d0b1 845a73f7
[    5.816223] random 0060 0000 0000 45b1d0b1 845a73f7: add_timer_randomness(.. 8388864) with jiffies: 16408312574522393216, cycles: -2038431503481831413
[    5.819365] random 0060 0000 0000 45b1d0b1 845a73f7: add_disk_randomness(8:0) 45b1d0b1 845a73f7
[    5.819368] random 0060 0000 0000 45b1d0b1 845a73f7: add_timer_randomness(.. 8388864) with jiffies: 16436609326601962115, cycles: -2010134751402262517
[    5.819371] random 0060 0000 0000 45b1d0b1 845a73f7: added 1 entropy credits to input
[    5.833637] random 0061 0000 0000 45b1d0b1 845a73f7: add_disk_randomness(8:0) 45b1d0b1 845a73f7
[    5.833640] random 0061 0000 0000 45b1d0b1 845a73f7: add_timer_randomness(.. 8388864) with jiffies: 16565007786232742546, cycles: -1881736291771482101
[    5.833643] random 0061 0000 0000 45b1d0b1 845a73f7: added 3 entropy credits to input
[    5.839030] random 0064 0000 0000 45b1d0b1 845a73f7: add_disk_randomness(8:0) 45b1d0b1 845a73f7
[    5.839033] random 0064 0000 0000 45b1d0b1 845a73f7: add_timer_randomness(.. 8388864) with jiffies: 16613533048297456279, cycles: -1833211029706768373
[    5.839036] random 0064 0000 0000 45b1d0b1 845a73f7: added 2 entropy credits to input
[    5.844203] random 0066 0000 0000 45b1d0b1 845a73f7: add_disk_randomness(8:0) 45b1d0b1 845a73f7
[    5.844206] random 0066 0000 0000 45b1d0b1 845a73f7: add_timer_randomness(.. 8388864) with jiffies: 16660071600224961180, cycles: -1786672477779263477
[    5.852428] random 0066 0000 0000 45b1d0b1 845a73f7: add_disk_randomness(8:0) 45b1d0b1 845a73f7
[    5.852432] random 0066 0000 0000 45b1d0b1 845a73f7: add_timer_randomness(.. 8388864) with jiffies: 16734079191019651748, cycles: -1712664886984572917
[    5.852434] random 0066 0000 0000 45b1d0b1 845a73f7: added 1 entropy credits to input
[    5.862035] random 0067 0000 0000 45b1d0b1 845a73f7: add_disk_randomness(8:0) 45b1d0b1 845a73f7
[    5.862038] random 0067 0000 0000 45b1d0b1 845a73f7: add_timer_randomness(.. 8388864) with jiffies: 16820499275954487982, cycles: -1626244802049736693
[    5.881540] random 0067 0000 0000 45b1d0b1 845a73f7: add_disk_randomness(8:0) 45b1d0b1 845a73f7
[    5.881543] random 0067 0000 0000 45b1d0b1 845a73f7: add_timer_randomness(.. 8388864) with jiffies: 16995990037646246593, cycles: -1450754040357978101
[    5.881546] random 0067 0000 0000 45b1d0b1 845a73f7: added 2 entropy credits to input
[    5.894823] random 0069 0000 0000 45b1d0b1 845a73f7: add_disk_randomness(8:0) 45b1d0b1 845a73f7
[    5.894826] random 0069 0000 0000 45b1d0b1 845a73f7: add_timer_randomness(.. 8388864) with jiffies: 17115484016460137167, cycles: -1331260061544087541
[    5.894829] random 0069 0000 0000 45b1d0b1 845a73f7: added 2 entropy credits to input
[    5.902845] random 0071 0000 0000 45b1d0b1 845a73f7: add_disk_randomness(8:0) 45b1d0b1 845a73f7
[    5.902848] random 0071 0000 0000 45b1d0b1 845a73f7: add_timer_randomness(.. 8388864) with jiffies: 17187657776478520023, cycles: -1259086301525704693
[    5.912857] random 0071 0000 0000 45b1d0b1 845a73f7: add_disk_randomness(8:0) 45b1d0b1 845a73f7
[    5.912860] random 0071 0000 0000 45b1d0b1 845a73f7: add_timer_randomness(.. 8388864) with jiffies: 17277736147052364513, cycles: -1169007930951860213
[    5.912863] random 0071 0000 0000 45b1d0b1 845a73f7: added 1 entropy credits to input
[    5.925744] random 0072 0000 0000 45b1d0b1 845a73f7: add_disk_randomness(8:0) 45b1d0b1 845a73f7
[    5.925747] random 0072 0000 0000 45b1d0b1 845a73f7: add_timer_randomness(.. 8388864) with jiffies: 17393672140598510318, cycles: -1053071937405714421
[    5.933101] random 0072 0000 0000 45b1d0b1 845a73f7: add_disk_randomness(8:0) 45b1d0b1 845a73f7
[    5.933104] random 0072 0000 0000 45b1d0b1 845a73f7: add_timer_randomness(.. 8388864) with jiffies: 17459871339115152117, cycles: -986872738889072629
[    5.933107] random 0072 0000 0000 45b1d0b1 845a73f7: added 2 entropy credits to input
[    5.938348] random 0074 0000 0000 45b1d0b1 845a73f7: add_disk_randomness(8:0) 45b1d0b1 845a73f7
[    5.938351] random 0074 0000 0000 45b1d0b1 845a73f7: add_timer_randomness(.. 8388864) with jiffies: 17507075615268504314, cycles: -939668462735720437
[    5.938353] random 0074 0000 0000 45b1d0b1 845a73f7: added 1 entropy credits to input
[    5.944789] random 0075 0000 0000 45b1d0b1 845a73f7: add_disk_randomness(8:0) 45b1d0b1 845a73f7
[    5.944792] random 0075 0000 0000 45b1d0b1 845a73f7: add_timer_randomness(.. 8388864) with jiffies: 17565013603105080065, cycles: -881730474899144693
[    5.944794] random 0075 0000 0000 45b1d0b1 845a73f7: added 1 entropy credits to input
[    5.949843] random 0076 0000 0000 45b1d0b1 845a73f7: add_disk_randomness(8:0) 45b1d0b1 845a73f7
[    5.949846] random 0076 0000 0000 45b1d0b1 845a73f7: add_timer_randomness(.. 8388864) with jiffies: 17610484254364107526, cycles: -836259823640117237
[    5.949848] random 0076 0000 0000 45b1d0b1 845a73f7: added 1 entropy credits to input
[    5.955742] random 0077 0000 0000 45b1d0b1 845a73f7: add_disk_randomness(8:0) 45b1d0b1 845a73f7
[    5.955746] random 0077 0000 0000 45b1d0b1 845a73f7: add_timer_randomness(.. 8388864) with jiffies: 17663563246914470668, cycles: -783180831089754101
[    5.965092] random 0077 0000 0000 45b1d0b1 845a73f7: add_disk_randomness(8:0) 45b1d0b1 845a73f7
[    5.965095] random 0077 0000 0000 45b1d0b1 845a73f7: add_timer_randomness(.. 8388864) with jiffies: 17747686220130648853, cycles: -699057857873575925
[    5.965098] random 0077 0000 0000 45b1d0b1 845a73f7: added 1 entropy credits to input
[    5.969973] random 0078 0000 0000 45b1d0b1 845a73f7: add_disk_randomness(8:0) 45b1d0b1 845a73f7
[    5.969976] random 0078 0000 0000 45b1d0b1 845a73f7: add_timer_randomness(.. 8388864) with jiffies: 17791599125406122778, cycles: -655144952598102005
[    5.969979] random 0078 0000 0000 45b1d0b1 845a73f7: added 2 entropy credits to input
[    5.977405] random 0080 0000 0000 45b1d0b1 845a73f7: add_disk_randomness(8:0) 45b1d0b1 845a73f7
[    5.977408] random 0080 0000 0000 45b1d0b1 845a73f7: add_timer_randomness(.. 8388864) with jiffies: 17858469232174138145, cycles: -588274845830086645
[    5.977411] random 0080 0000 0000 45b1d0b1 845a73f7: added 1 entropy credits to input
[    5.983626] random 0081 0000 0000 45b1d0b1 845a73f7: add_disk_randomness(8:0) 45b1d0b1 845a73f7
[    5.983629] random 0081 0000 0000 45b1d0b1 845a73f7: add_timer_randomness(.. 8388864) with jiffies: 17914420552823178024, cycles: -532323525181046773
[    5.983775] random 0081 0000 0000 45b1d0b1 845a73f7: add_disk_randomness(8:0) 45b1d0b1 845a73f7
[    5.983778] random 0081 0000 0000 45b1d0b1 845a73f7: add_timer_randomness(.. 8388864) with jiffies: 17915766702947926824, cycles: -530977375056297973
[    5.998189] random 0081 0000 0000 45b1d0b1 845a73f7: add_disk_randomness(8:0) 45b1d0b1 845a73f7
[    5.998192] random 0081 0000 0000 45b1d0b1 845a73f7: add_timer_randomness(.. 8388864) with jiffies: 18045449757232169782, cycles: -401294320772055029
[    5.998195] random 0081 0000 0000 45b1d0b1 845a73f7: added 3 entropy credits to input
[    6.005610] random 0084 0000 0000 45b1d0b1 845a73f7: add_disk_randomness(8:0) 45b1d0b1 845a73f7
[    6.005613] random 0084 0000 0000 45b1d0b1 845a73f7: add_timer_randomness(.. 8388864) with jiffies: 18112206309359846206, cycles: -334537768644378613
[    6.005615] random 0084 0000 0000 45b1d0b1 845a73f7: added 2 entropy credits to input
[    6.015287] random 0086 0000 0000 45b1d0b1 845a73f7: add_disk_randomness(8:0) 45b1d0b1 845a73f7
[    6.015290] random 0086 0000 0000 45b1d0b1 845a73f7: add_timer_randomness(.. 8388864) with jiffies: 18199283193578488647, cycles: -247460884425736181
[    6.025920] random 0086 0000 0000 45b1d0b1 845a73f7: add_disk_randomness(8:0) 45b1d0b1 845a73f7
[    6.025923] random 0086 0000 0000 45b1d0b1 845a73f7: add_timer_randomness(.. 8388864) with jiffies: 18294938093854884690, cycles: -151805984149340149
[    6.038430] random 0086 0000 0000 45b1d0b1 845a73f7: add_disk_randomness(8:0) 45b1d0b1 845a73f7
[    6.038434] random 0086 0000 0000 45b1d0b1 845a73f7: add_timer_randomness(.. 8388864) with jiffies: 18407500824381719390, cycles: -39243253622505461
[    6.039642] random 0086 0000 0000 45b1d0b1 845a73f7: add_disk_randomness(8:0) 45b1d0b1 845a73f7
[    6.039645] random 0086 0000 0000 45b1d0b1 845a73f7: add_timer_randomness(.. 8388864) with jiffies: 18418384211380241248, cycles: -28359866623983605
[    6.039647] random 0086 0000 0000 45b1d0b1 845a73f7: added 1 entropy credits to input
[    6.043663] random 0087 0000 0000 45b1d0b1 845a73f7: add_disk_randomness(8:0) 45b1d0b1 845a73f7
[    6.043666] random 0087 0000 0000 45b1d0b1 845a73f7: add_timer_randomness(.. 8388864) with jiffies: 7821045251408740, cycles: 7821040956735500
[    6.043669] random 0087 0000 0000 45b1d0b1 845a73f7: added 1 entropy credits to input
[    6.053006] random 0088 0000 0000 45b1d0b1 845a73f7: add_disk_randomness(8:0) 45b1d0b1 845a73f7
[    6.053010] random 0088 0000 0000 45b1d0b1 845a73f7: add_timer_randomness(.. 8388864) with jiffies: 91887556827513709, cycles: 91887552532840460
[    6.053012] random 0088 0000 0000 45b1d0b1 845a73f7: added 1 entropy credits to input
[    6.053394] random 0089 0000 0000 45b1d0b1 845a73f7: add_disk_randomness(8:0) 45b1d0b1 845a73f7
[    6.053397] random 0089 0000 0000 45b1d0b1 845a73f7: add_timer_randomness(.. 8388864) with jiffies: 95375551308202861, cycles: 95375547013529612
[    6.069014] random 0089 0000 0000 45b1d0b1 845a73f7: add_disk_randomness(8:0) 45b1d0b1 845a73f7
[    6.069017] random 0089 0000 0000 45b1d0b1 845a73f7: add_timer_randomness(.. 8388864) with jiffies: 235903702957523837, cycles: 235903698662850572
[    6.069020] random 0089 0000 0000 45b1d0b1 845a73f7: added 4 entropy credits to input
[    6.070643] random 0093 0000 0000 45b1d0b1 845a73f7: add_disk_randomness(8:0) 45b1d0b1 845a73f7
[    6.070646] random 0093 0000 0000 45b1d0b1 845a73f7: add_timer_randomness(.. 8388864) with jiffies: 250551121984848767, cycles: 250551117690175500
[    6.070648] random 0093 0000 0000 45b1d0b1 845a73f7: added 1 entropy credits to input
[    6.070791] random 0094 0000 0000 45b1d0b1 845a73f7: add_disk_randomness(8:0) 45b1d0b1 845a73f7
[    6.070795] random 0094 0000 0000 45b1d0b1 845a73f7: add_timer_randomness(.. 8388864) with jiffies: 251892629249950591, cycles: 251892624955277324
[    6.081668] random 0094 0000 0000 45b1d0b1 845a73f7: add_disk_randomness(8:0) 45b1d0b1 845a73f7
[    6.081671] random 0094 0000 0000 45b1d0b1 845a73f7: add_timer_randomness(.. 8388864) with jiffies: 349741506195325834, cycles: 349741501900652556
[    6.081674] random 0094 0000 0000 45b1d0b1 845a73f7: added 3 entropy credits to input
[    6.082237] random 0097 0000 0000 45b1d0b1 845a73f7: add_disk_randomness(8:0) 45b1d0b1 845a73f7
[    6.082240] random 0097 0000 0000 45b1d0b1 845a73f7: add_timer_randomness(.. 8388864) with jiffies: 354868601930089354, cycles: 354868597635416076
[    6.087463] random 0097 0000 0000 45b1d0b1 845a73f7: add_disk_randomness(8:0) 45b1d0b1 845a73f7
[    6.087466] random 0097 0000 0000 45b1d0b1 845a73f7: add_timer_randomness(.. 8388864) with jiffies: 401895556063658895, cycles: 401895551768985612
[    6.087469] random 0097 0000 0000 45b1d0b1 845a73f7: added 2 entropy credits to input
[    6.089262] random 0099 0000 0000 45b1d0b1 845a73f7: add_disk_randomness(8:0) 45b1d0b1 845a73f7
[    6.089265] random 0099 0000 0000 45b1d0b1 845a73f7: add_timer_randomness(.. 8388864) with jiffies: 418076686437548945, cycles: 418076682142875660
[    6.089268] random 0099 0000 0000 45b1d0b1 845a73f7: added 1 entropy credits to input
[    6.099444] random 0100 0000 0000 45b1d0b1 845a73f7: add_disk_randomness(8:0) 45b1d0b1 845a73f7
