[    0.000000] random 0000 0000 0000 00000000 00000000: rand_read_num 1 get_random_bytes(8): sig 00000000 00000000 00000000
[    0.000000] random 0000 0000 0000 00000000 00000000: extract_entropy(.. 8 ..)
[    0.000000] random 0000 0000 0000 00000000 00000000: going to reseed nonblocking with 64 bits (64 of 0 requested)
[    0.000000] random 0000 0000 0000 00000000 00000000: extract_entropy(.. 8 ..)
[    0.000000] random 0000 0000 0000 00000000 00000000: trying to extract 64 bits from input
[    0.000000] random 0000 0000 0000 00000000 00000000: debiting 0 entropy credits from input
[    0.000000] random 0000 0000 0000 00000000 00000000: extract_entropy account returned: 0 
[    0.000000] random 0000 0000 0000 00000000 00000000: urand_change_num 1 xfer_secondary_pool(8): pool_sig 00000000, data_sig 00000000, bytes_mixed 0 00000000 00000000
[    0.000000] random 0000 0000 0000 00000000 00000000: trying to extract 64 bits from nonblocking
[    0.000000] random 0000 0000 0000 00000000 00000000: debiting 64 entropy credits from nonblocking (unlimited)
[    0.000000] random 0000 0000 0000 00000000 00000000: extract_entropy account returned: 8 
[    0.000000] random 0000 0000 0000 00000000 00000000: urand_change_num 2 extract_buf: pool_sig 00000000, data_sig fffffff9, bytes_mixed 20 00000000 00000000
[    0.000000] Linux version 2.6.32.57 (dcashman@dcashman-02) (gcc version 4.3.3 (GCC) ) #6 Thu May 30 09:02:12 PDT 2013
[    0.000000] KERNEL supported cpus:
[    0.000000]   Intel GenuineIntel
[    0.000000]   AMD AuthenticAMD
[    0.000000]   NSC Geode by NSC
[    0.000000]   Cyrix CyrixInstead
[    0.000000]   Centaur CentaurHauls
[    0.000000]   Transmeta GenuineTMx86
[    0.000000]   Transmeta TransmetaCPU
[    0.000000]   UMC UMC UMC UMC
[    0.000000] BIOS-provided physical RAM map:
[    0.000000]  BIOS-e820: 0000000000000000 - 000000000009d800 (usable)
[    0.000000]  BIOS-e820: 000000000009d800 - 00000000000a0000 (reserved)
[    0.000000]  BIOS-e820: 00000000000d2000 - 00000000000d4000 (reserved)
[    0.000000]  BIOS-e820: 00000000000e0000 - 0000000000100000 (reserved)
[    0.000000]  BIOS-e820: 0000000000100000 - 000000003d6b0000 (usable)
[    0.000000]  BIOS-e820: 000000003d6b0000 - 000000003d6cc000 (ACPI data)
[    0.000000]  BIOS-e820: 000000003d6cc000 - 000000003d700000 (ACPI NVS)
[    0.000000]  BIOS-e820: 000000003d700000 - 000000003e000000 (reserved)
[    0.000000]  BIOS-e820: 00000000f0000000 - 00000000f4000000 (reserved)
[    0.000000]  BIOS-e820: 00000000fec00000 - 00000000fec10000 (reserved)
[    0.000000]  BIOS-e820: 00000000fed00000 - 00000000fed00400 (reserved)
[    0.000000]  BIOS-e820: 00000000fed14000 - 00000000fed1a000 (reserved)
[    0.000000]  BIOS-e820: 00000000fed1c000 - 00000000fed90000 (reserved)
[    0.000000]  BIOS-e820: 00000000fee00000 - 00000000fee01000 (reserved)
[    0.000000]  BIOS-e820: 00000000ff000000 - 0000000100000000 (reserved)
[    0.000000] DMI present.
[    0.000000] last_pfn = 0x3d6b0 max_arch_pfn = 0x100000
[    0.000000] MTRR default type: uncachable
[    0.000000] MTRR fixed ranges enabled:
[    0.000000]   00000-9FFFF write-back
[    0.000000]   A0000-BFFFF uncachable
[    0.000000]   C0000-CFFFF write-protect
[    0.000000]   D0000-DFFFF uncachable
[    0.000000]   E0000-FFFFF write-protect
[    0.000000] MTRR variable ranges enabled:
[    0.000000]   0 base 03E000000 mask FFE000000 uncachable
[    0.000000]   1 base 000000000 mask FC0000000 write-back
[    0.000000]   2 base 03D700000 mask FFFF00000 uncachable
[    0.000000]   3 base 03D800000 mask FFF800000 uncachable
[    0.000000]   4 disabled
[    0.000000]   5 disabled
[    0.000000]   6 disabled
[    0.000000]   7 disabled
[    0.000000] initial memory mapped : 0 - 02000000
[    0.000000] init_memory_mapping: 0000000000000000-00000000377fe000
[    0.000000]  0000000000 - 0000400000 page 4k
[    0.000000]  0000400000 - 0037400000 page 2M
[    0.000000]  0037400000 - 00377fe000 page 4k
[    0.000000] kernel direct mapping tables up to 377fe000 @ 7000-c000
[    0.000000] ACPI: RSDP 000f68d0 00024 (v02 LENOVO)
[    0.000000] ACPI: XSDT 3d6bb77f 00094 (v01 LENOVO TP-7L    00002170  LTP 00000000)
[    0.000000] ACPI: FACP 3d6bb900 000F4 (v03 LENOVO TP-7L    00002170 LNVO 00000001)
[    0.000000] ACPI Warning: 32/64X length mismatch in Gpe1Block: 0/32 (20090903/tbfadt-526)
[    0.000000] ACPI Warning: Optional field Gpe1Block has zero address or length: 000000000000102C/0 (20090903/tbfadt-557)
[    0.000000] ACPI: DSDT 3d6bbd1d 0FED1 (v01 LENOVO TP-7L    00002170 MSFT 03000000)
[    0.000000] ACPI: FACS 3d6e4000 00040
[    0.000000] ACPI: SSDT 3d6bbab4 00269 (v01 LENOVO TP-7L    00002170 MSFT 03000000)
[    0.000000] ACPI: ECDT 3d6cbbee 00052 (v01 LENOVO TP-7L    00002170 LNVO 00000001)
[    0.000000] ACPI: TCPA 3d6cbc40 00032 (v02 LENOVO TP-7L    00002170 LNVO 00000001)
[    0.000000] ACPI: APIC 3d6cbc72 00068 (v01 LENOVO TP-7L    00002170 LNVO 00000001)
[    0.000000] ACPI: MCFG 3d6cbcda 0003C (v01 LENOVO TP-7L    00002170 LNVO 00000001)
[    0.000000] ACPI: HPET 3d6cbd16 00038 (v01 LENOVO TP-7L    00002170 LNVO 00000001)
[    0.000000] ACPI: SLIC 3d6cbdf0 00176 (v01 LENOVO TP-7L    00002170  LTP 00000000)
[    0.000000] ACPI: BOOT 3d6cbf66 00028 (v01 LENOVO TP-7L    00002170  LTP 00000001)
[    0.000000] ACPI: ASF! 3d6cbf8e 00072 (v16 LENOVO TP-7L    00002170 PTL  00000001)
[    0.000000] ACPI: SSDT 3d6e26d9 0025F (v01 LENOVO TP-7L    00002170 INTL 20050513)
[    0.000000] ACPI: SSDT 3d6e2938 000A6 (v01 LENOVO TP-7L    00002170 INTL 20050513)
[    0.000000] ACPI: SSDT 3d6e29de 004F7 (v01 LENOVO TP-7L    00002170 INTL 20050513)
[    0.000000] ACPI: SSDT 3d6e2ed5 001D8 (v01 LENOVO TP-7L    00002170 INTL 20050513)
[    0.000000] ACPI: DMI detected: Lenovo ThinkPad R61
[    0.000000] ACPI: Added _OSI(Linux)
[    0.000000] ACPI: Local APIC address 0xfee00000
[    0.000000] 94MB HIGHMEM available.
[    0.000000] 887MB LOWMEM available.
[    0.000000]   mapped low ram: 0 - 377fe000
[    0.000000]   low ram: 0 - 377fe000
[    0.000000]   node 0 low ram: 00000000 - 377fe000
[    0.000000]   node 0 bootmap 00008000 - 0000ef00
[    0.000000] (6 early reservations) ==> bootmem [0000000000 - 00377fe000]
[    0.000000]   #0 [0000000000 - 0000001000]   BIOS data page ==> [0000000000 - 0000001000]
[    0.000000]   #1 [0001000000 - 0001bdc180]    TEXT DATA BSS ==> [0001000000 - 0001bdc180]
[    0.000000]   #2 [000009d800 - 0000100000]    BIOS reserved ==> [000009d800 - 0000100000]
[    0.000000]   #3 [0001bdd000 - 0001be516c]              BRK ==> [0001bdd000 - 0001be516c]
[    0.000000]   #4 [0000007000 - 0000008000]          PGTABLE ==> [0000007000 - 0000008000]
[    0.000000]   #5 [0000008000 - 000000f000]          BOOTMAP ==> [0000008000 - 000000f000]
[    0.000000] found SMP MP-table at [c00f6900] f6900
[    0.000000] Zone PFN ranges:
[    0.000000]   DMA      0x00000000 -> 0x00001000
[    0.000000]   Normal   0x00001000 -> 0x000377fe
[    0.000000]   HighMem  0x000377fe -> 0x0003d6b0
[    0.000000] Movable zone start PFN for each node
[    0.000000] early_node_map[2] active PFN ranges
[    0.000000]     0: 0x00000000 -> 0x0000009d
[    0.000000]     0: 0x00000100 -> 0x0003d6b0
[    0.000000] On node 0 totalpages: 251469
[    0.000000] free_area_init_node: node 0, pgdat c1901ea0, node_mem_map c1be7000
[    0.000000]   DMA zone: 32 pages used for memmap
[    0.000000]   DMA zone: 0 pages reserved
[    0.000000]   DMA zone: 3965 pages, LIFO batch:0
[    0.000000]   Normal zone: 1744 pages used for memmap
[    0.000000]   Normal zone: 221486 pages, LIFO batch:31
[    0.000000]   HighMem zone: 190 pages used for memmap
[    0.000000]   HighMem zone: 24052 pages, LIFO batch:3
[    0.000000] Using APIC driver default
[    0.000000] ACPI: PM-Timer IO Port: 0x1008
[    0.000000] ACPI: Local APIC address 0xfee00000
[    0.000000] ACPI: LAPIC (acpi_id[0x00] lapic_id[0x00] enabled)
[    0.000000] ACPI: LAPIC (acpi_id[0x01] lapic_id[0x01] enabled)
[    0.000000] ACPI: NR_CPUS/possible_cpus limit of 1 reached.  Processor 1/0x1 ignored.
[    0.000000] ACPI: LAPIC_NMI (acpi_id[0x00] high edge lint[0x1])
[    0.000000] ACPI: LAPIC_NMI (acpi_id[0x01] high edge lint[0x1])
[    0.000000] ACPI: IOAPIC (id[0x01] address[0xfec00000] gsi_base[0])
[    0.000000] IOAPIC[0]: apic_id 1, version 32, address 0xfec00000, GSI 0-23
[    0.000000] ACPI: INT_SRC_OVR (bus 0 bus_irq 0 global_irq 2 dfl dfl)
[    0.000000] ACPI: INT_SRC_OVR (bus 0 bus_irq 9 global_irq 9 high level)
[    0.000000] ACPI: IRQ0 used by override.
[    0.000000] ACPI: IRQ2 used by override.
[    0.000000] ACPI: IRQ9 used by override.
[    0.000000] Using ACPI (MADT) for SMP configuration information
[    0.000000] ACPI: HPET id: 0x8086a201 base: 0xfed00000
[    0.000000] nr_irqs_gsi: 24
[    0.000000] PM: Registered nosave memory: 000000000009d000 - 000000000009e000
[    0.000000] PM: Registered nosave memory: 000000000009e000 - 00000000000a0000
[    0.000000] PM: Registered nosave memory: 00000000000a0000 - 00000000000d2000
[    0.000000] PM: Registered nosave memory: 00000000000d2000 - 00000000000d4000
[    0.000000] PM: Registered nosave memory: 00000000000d4000 - 00000000000e0000
[    0.000000] PM: Registered nosave memory: 00000000000e0000 - 0000000000100000
[    0.000000] Allocating PCI resources starting at 3e000000 (gap: 3e000000:b2000000)
[    0.000000] Built 1 zonelists in Zone order, mobility grouping on.  Total pages: 249503
[    0.000000] Kernel command line: auto BOOT_IMAGE=Linux ro root=802 vt.default_utf8=0 maxcpus=0
[    0.000000] PID hash table entries: 4096 (order: 2, 16384 bytes)
[    0.000000] Dentry cache hash table entries: 131072 (order: 7, 524288 bytes)
[    0.000000] Inode-cache hash table entries: 65536 (order: 6, 262144 bytes)
[    0.000000] Enabling fast FPU save and restore... done.
[    0.000000] Enabling unmasked SIMD FPU exception support... done.
[    0.000000] Initializing CPU#0
[    0.000000] Initializing HighMem for node 0 (000377fe:0003d6b0)
[    0.000000] Memory: 984800k/1006272k available (6915k kernel code, 20876k reserved, 2327k data, 448k init, 96968k highmem)
[    0.000000] virtual kernel memory layout:
[    0.000000]     fixmap  : 0xfffa3000 - 0xfffff000   ( 368 kB)
[    0.000000]     pkmap   : 0xff800000 - 0xffc00000   (4096 kB)
[    0.000000]     vmalloc : 0xf7ffe000 - 0xff7fe000   ( 120 MB)
[    0.000000]     lowmem  : 0xc0000000 - 0xf77fe000   ( 887 MB)
[    0.000000]       .init : 0xc1907000 - 0xc1977000   ( 448 kB)
[    0.000000]       .data : 0xc16c0d3f - 0xc1906c64   (2327 kB)
[    0.000000]       .text : 0xc1000000 - 0xc16c0d3f   (6915 kB)
[    0.000000] Checking if this processor honours the WP bit even in supervisor mode...Ok.
[    0.000000] SLUB: Genslabs=13, HWalign=64, Order=0-3, MinObjects=0, CPUs=1, Nodes=1
[    0.000000] Hierarchical RCU implementation.
[    0.000000] NR_IRQS:288
[    0.000000] Extended CMOS year: 2000
[    0.000000] Console: colour VGA+ 80x25
[    0.000000] console [tty0] enabled
[    0.000000] hpet clockevent registered
[    0.000000] Fast TSC calibration using PIT
[    0.000000] Detected 2094.729 MHz processor.
[    0.001002] Calibrating delay loop (skipped), value calculated using timer frequency.. 4189.45 BogoMIPS (lpj=2094729)
[    0.001166] Security Framework initialized
[    0.001251] Mount-cache hash table entries: 512
[    0.002037] CPU: L1 I cache: 32K, L1 D cache: 32K
[    0.002167] CPU: L2 cache: 3072K
[    0.002248] mce: CPU supports 6 MCE banks
[    0.002331] CPU0: Thermal monitoring enabled (TM2)
[    0.002411] using mwait in idle threads.
[    0.002495] CPU: Intel(R) Core(TM)2 Duo CPU     T8100  @ 2.10GHz stepping 06
[    0.002673] Checking 'hlt' instruction... OK.
[    0.006936] ACPI: Core revision 20090903
[    0.026013] RANDOM get_random_int first call with cycles 38458447996, jiffies 4294667322 and pid 0
[    0.026020] CANARY value: 6b6555ef for PID: 1
[    0.026027] CANARY value: fba215a3 for PID: 2
[    0.026049] Enabling APIC mode:  Flat.  Using 1 I/O APICs
[    0.027353] ..TIMER: vector=0x30 apic1=0 pin1=2 apic2=-1 pin2=-1
[    0.037997] xor: automatically using best checksumming function: pIII_sse
[    0.041998]    pIII_sse  :  8568.000 MB/sec
[    0.042081] xor: using function: pIII_sse (8568.000 MB/sec)
[    0.042162] RANDOM - __seed init called.
[    0.042163] RANDOM - __seed init called.
[    0.042164] RANDOM - __seed init called.
[    0.042165] RANDOM - __random32 called. Change num 1.  Value: f7943846	49e73df3	af36cd0d
[    0.042167] RANDOM - __random32 called. Change num 2.  Value: 43846e13	9e73df37	9a1ad014
[    0.042169] RANDOM - __random32 called. Change num 3.  Value: 46e139c8	e73df373	a029598a
[    0.042171] RANDOM - __random32 called. Change num 4.  Value: 139c8c3b	73df373d	b3142c72
[    0.042172] RANDOM - __random32 called. Change num 5.  Value: c8c3b043	3df373de	58e576a9
[    0.042174] RANDOM - __random32 called. Change num 6.  Value: 3b0437d9	df373de5	ed53f9d8
[    0.042176] RANDOM - random32 init called.  Value: 3b0437d9	df373de5	ed53f9d8
[    0.042193] NET: Registered protocol family 16
[    0.042446] ACPI FADT declares the system doesn't support PCIe ASPM, so disable it
[    0.042566] ACPI: bus type pci registered
[    0.042726] PCI: MCFG configuration 0: base f0000000 segment 0 buses 0 - 63
[    0.042814] PCI: MCFG area at f0000000 reserved in E820
[    0.042894] PCI: Using MMCONFIG for extended config space
[    0.042979] PCI: Using configuration type 1 for base access
[    0.046079] bio: create slab <bio-0> at 0
[    0.046898] ACPI: EC: EC description table is found, configuring boot EC
[    0.052056] ACPI: BIOS _OSI(Linux) query honored via DMI
[    0.052780] random 0000 0000 0000 00000000 00000000: rand_read_num 2 get_random_bytes(8): sig fffffe1a 00000000 00000000
[    0.052783] random 0000 0000 0000 00000000 00000000: extract_entropy(.. 8 ..)
[    0.052786] random 0000 0000 0000 00000000 00000000: going to reseed nonblocking with 64 bits (64 of 0 requested)
[    0.052788] random 0000 0000 0000 00000000 00000000: extract_entropy(.. 8 ..)
[    0.052790] random 0000 0000 0000 00000000 00000000: trying to extract 64 bits from input
[    0.052793] random 0000 0000 0000 00000000 00000000: debiting 0 entropy credits from input
[    0.052794] random 0000 0000 0000 00000000 00000000: extract_entropy account returned: 0 
[    0.052797] random 0000 0000 0000 00000000 00000000: urand_change_num 3 xfer_secondary_pool(8): pool_sig fffffe1a, data_sig 00000000, bytes_mixed 0 00000000 00000000
[    0.052800] random 0000 0000 0000 00000000 00000000: trying to extract 64 bits from nonblocking
[    0.052803] random 0000 0000 0000 00000000 00000000: debiting 64 entropy credits from nonblocking (unlimited)
[    0.052805] random 0000 0000 0000 00000000 00000000: extract_entropy account returned: 8 
[    0.052836] random 0000 0000 0000 00000000 00000000: urand_change_num 4 extract_buf: pool_sig fffffe1a, data_sig fffffed7, bytes_mixed 20 00000000 00000000
[    0.057521] ACPI: Interpreter enabled
[    0.057602] ACPI: (supports S0 S3 S4 S5)
[    0.057891] ACPI: Using IOAPIC for interrupt routing
[    0.067580] ACPI: EC: GPE = 0x12, I/O: command/status = 0x66, data = 0x62
[    0.067848] ACPI: Power Resource [PUBS] (on)
[    0.069957] ACPI: ACPI Dock Station Driver: 3 docks/bays found
[    0.070318] ACPI: PCI Root Bridge [PCI0] (0000:00)
[    0.070480] pci 0000:00:02.0: reg 10 64bit mmio: [0xf8100000-0xf81fffff]
[    0.070485] pci 0000:00:02.0: reg 18 64bit mmio pref: [0xe0000000-0xefffffff]
[    0.070489] pci 0000:00:02.0: reg 20 io port: [0x1800-0x1807]
[    0.070524] pci 0000:00:02.1: reg 10 64bit mmio: [0xf8200000-0xf82fffff]
[    0.070626] pci 0000:00:19.0: reg 10 32bit mmio: [0xfe000000-0xfe01ffff]
[    0.070636] pci 0000:00:19.0: reg 14 32bit mmio: [0xfe025000-0xfe025fff]
[    0.070643] pci 0000:00:19.0: reg 18 io port: [0x1840-0x185f]
[    0.070716] pci 0000:00:19.0: PME# supported from D0 D3hot D3cold
[    0.070802] pci 0000:00:19.0: PME# disabled
[    0.071009] pci 0000:00:1a.0: reg 20 io port: [0x1860-0x187f]
[    0.071095] pci 0000:00:1a.1: reg 20 io port: [0x1880-0x189f]
[    0.071176] pci 0000:00:1a.7: reg 10 32bit mmio: [0xfe226c00-0xfe226fff]
[    0.071264] pci 0000:00:1a.7: PME# supported from D0 D3hot D3cold
[    0.071371] pci 0000:00:1a.7: PME# disabled
[    0.071506] pci 0000:00:1b.0: reg 10 64bit mmio: [0xfe020000-0xfe023fff]
[    0.071593] pci 0000:00:1b.0: PME# supported from D0 D3hot D3cold
[    0.071678] pci 0000:00:1b.0: PME# disabled
[    0.071897] pci 0000:00:1c.0: PME# supported from D0 D3hot D3cold
[    0.071981] pci 0000:00:1c.0: PME# disabled
[    0.072111] pci 0000:00:1c.1: PME# supported from D0 D3hot D3cold
[    0.072197] pci 0000:00:1c.1: PME# disabled
[    0.072388] pci 0000:00:1c.2: PME# supported from D0 D3hot D3cold
[    0.072473] pci 0000:00:1c.2: PME# disabled
[    0.072664] pci 0000:00:1c.3: PME# supported from D0 D3hot D3cold
[    0.072747] pci 0000:00:1c.3: PME# disabled
[    0.073106] pci 0000:00:1c.4: PME# supported from D0 D3hot D3cold
[    0.073190] pci 0000:00:1c.4: PME# disabled
[    0.073336] pci 0000:00:1d.0: reg 20 io port: [0x18a0-0x18bf]
[    0.073417] pci 0000:00:1d.1: reg 20 io port: [0x18c0-0x18df]
[    0.074072] pci 0000:00:1d.2: reg 20 io port: [0x18e0-0x18ff]
[    0.074166] pci 0000:00:1d.7: reg 10 32bit mmio: [0xfe227000-0xfe2273ff]
[    0.074273] pci 0000:00:1d.7: PME# supported from D0 D3hot D3cold
[    0.074370] pci 0000:00:1d.7: PME# disabled
[    0.074658] pci 0000:00:1f.0: quirk: region 1000-107f claimed by ICH6 ACPI/GPIO/TCO
[    0.074779] pci 0000:00:1f.0: quirk: region 1180-11bf claimed by ICH6 GPIO
[    0.074864] pci 0000:00:1f.0: ICH7 LPC Generic IO decode 1 PIO at 1600 (mask 007f)
[    0.074977] pci 0000:00:1f.0: ICH7 LPC Generic IO decode 2 PIO at 15e0 (mask 000f)
[    0.074996] pci 0000:00:1f.0: ICH7 LPC Generic IO decode 3 PIO at 1680 (mask 001f)
[    0.075205] pci 0000:00:1f.1: reg 10 io port: [0x00-0x07]
[    0.075215] pci 0000:00:1f.1: reg 14 io port: [0x00-0x03]
[    0.075224] pci 0000:00:1f.1: reg 18 io port: [0x00-0x07]
[    0.075233] pci 0000:00:1f.1: reg 1c io port: [0x00-0x03]
[    0.075242] pci 0000:00:1f.1: reg 20 io port: [0x1c00-0x1c0f]
[    0.075326] pci 0000:00:1f.2: reg 10 io port: [0x1c50-0x1c57]
[    0.075334] pci 0000:00:1f.2: reg 14 io port: [0x1c44-0x1c47]
[    0.075343] pci 0000:00:1f.2: reg 18 io port: [0x1c48-0x1c4f]
[    0.075352] pci 0000:00:1f.2: reg 1c io port: [0x1c40-0x1c43]
[    0.075359] pci 0000:00:1f.2: reg 20 io port: [0x1c20-0x1c3f]
[    0.075368] pci 0000:00:1f.2: reg 24 32bit mmio: [0xfe226000-0xfe2267ff]
[    0.075428] pci 0000:00:1f.2: PME# supported from D3hot
[    0.075520] pci 0000:00:1f.2: PME# disabled
[    0.075637] pci 0000:00:1f.3: reg 10 32bit mmio: [0xfe227400-0xfe2274ff]
[    0.075664] pci 0000:00:1f.3: reg 20 io port: [0x1c60-0x1c7f]
[    0.075749] pci 0000:00:1c.0: bridge io port: [0x2000-0x2fff]
[    0.075753] pci 0000:00:1c.0: bridge 32bit mmio: [0xfc000000-0xfdffffff]
[    0.075763] pci 0000:00:1c.0: bridge 64bit mmio pref: [0xf8000000-0xf80fffff]
[    0.075836] pci 0000:03:00.0: reg 10 64bit mmio: [0xdf3f0000-0xdf3fffff]
[    0.076140] pci 0000:00:1c.1: bridge io port: [0x3000-0x3fff]
[    0.076146] pci 0000:00:1c.1: bridge 32bit mmio: [0xdc000000-0xdf3fffff]
[    0.076153] pci 0000:00:1c.1: bridge 64bit mmio pref: [0xdfe00000-0xdfefffff]
[    0.076209] pci 0000:00:1c.2: bridge io port: [0x4000-0x4fff]
[    0.076216] pci 0000:00:1c.2: bridge 32bit mmio: [0xd8000000-0xd9ffffff]
[    0.076223] pci 0000:00:1c.2: bridge 64bit mmio pref: [0xdfb00000-0xdfbfffff]
[    0.076278] pci 0000:00:1c.3: bridge io port: [0x5000-0x5fff]
[    0.076283] pci 0000:00:1c.3: bridge 32bit mmio: [0xd4000000-0xd5ffffff]
[    0.076289] pci 0000:00:1c.3: bridge 64bit mmio pref: [0xdf800000-0xdf8fffff]
[    0.076349] pci 0000:00:1c.4: bridge io port: [0x6000-0x6fff]
[    0.076355] pci 0000:00:1c.4: bridge 32bit mmio: [0xd0000000-0xd1ffffff]
[    0.076364] pci 0000:00:1c.4: bridge 64bit mmio pref: [0xdf500000-0xdf5fffff]
[    0.076423] pci 0000:15:00.0: reg 10 32bit mmio: [0xf8300000-0xf8300fff]
[    0.076469] pci 0000:15:00.0: supports D1 D2
[    0.076470] pci 0000:15:00.0: PME# supported from D0 D1 D2 D3hot D3cold
[    0.076561] pci 0000:15:00.0: PME# disabled
[    0.076715] pci 0000:15:00.1: reg 10 32bit mmio: [0xf8301000-0xf83017ff]
[    0.076810] pci 0000:15:00.1: supports D1 D2
[    0.076812] pci 0000:15:00.1: PME# supported from D0 D1 D2 D3hot D3cold
[    0.076896] pci 0000:15:00.1: PME# disabled
[    0.077064] pci 0000:00:1e.0: transparent bridge
[    0.077147] pci 0000:00:1e.0: bridge io port: [0x7000-0xafff]
[    0.077153] pci 0000:00:1e.0: bridge 32bit mmio: [0xf8300000-0xfbffffff]
[    0.077162] pci 0000:00:1e.0: bridge 64bit mmio pref: [0xf4000000-0xf7ffffff]
[    0.077228] pci_bus 0000:00: on NUMA node 0
[    0.077232] ACPI: PCI Interrupt Routing Table [\_SB_.PCI0._PRT]
[    0.077366] ACPI: PCI Interrupt Routing Table [\_SB_.PCI0.EXP0._PRT]
[    0.077425] ACPI: PCI Interrupt Routing Table [\_SB_.PCI0.EXP1._PRT]
[    0.077483] ACPI: PCI Interrupt Routing Table [\_SB_.PCI0.EXP2._PRT]
[    0.077541] ACPI: PCI Interrupt Routing Table [\_SB_.PCI0.EXP3._PRT]
[    0.077604] ACPI: PCI Interrupt Routing Table [\_SB_.PCI0.EXP4._PRT]
[    0.077666] ACPI: PCI Interrupt Routing Table [\_SB_.PCI0.PCI1._PRT]
[    0.083138] ACPI: PCI Interrupt Link [LNKA] (IRQs 3 4 5 6 7 9 *10 11)
[    0.083863] ACPI: PCI Interrupt Link [LNKB] (IRQs 3 4 5 6 7 9 10 *11)
[    0.084574] ACPI: PCI Interrupt Link [LNKC] (IRQs 3 4 5 6 7 9 10 *11)
[    0.085337] ACPI: PCI Interrupt Link [LNKD] (IRQs 3 4 5 6 7 9 10 *11)
[    0.086079] ACPI: PCI Interrupt Link [LNKE] (IRQs 3 4 5 6 7 9 10 *11)
[    0.086784] ACPI: PCI Interrupt Link [LNKF] (IRQs 3 4 5 6 7 9 10 *11)
[    0.087519] ACPI: PCI Interrupt Link [LNKG] (IRQs 3 4 5 6 7 9 10 *11)
[    0.088231] ACPI: PCI Interrupt Link [LNKH] (IRQs 3 4 5 6 7 9 10 *11)
[    0.088926] vgaarb: device added: PCI:0000:00:02.0,decodes=io+mem,owns=io+mem,locks=none
[    0.089002] vgaarb: loaded
[    0.089183] SCSI subsystem initialized
[    0.089272] libata version 3.00 loaded.
[    0.089319] usbcore: registered new interface driver usbfs
[    0.089434] usbcore: registered new interface driver hub
[    0.089541] usbcore: registered new device driver usb
[    0.106041] raid6: int32x1    941 MB/s
[    0.123058] raid6: int32x2    890 MB/s
[    0.139990] raid6: int32x4    746 MB/s
[    0.156996] raid6: int32x8    656 MB/s
[    0.173988] raid6: mmxx1     2878 MB/s
[    0.190986] raid6: mmxx2     3253 MB/s
[    0.208003] raid6: sse1x1    1937 MB/s
[    0.224992] raid6: sse1x2    2535 MB/s
[    0.241977] raid6: sse2x1    3507 MB/s
[    0.258978] raid6: sse2x2    3828 MB/s
[    0.259056] raid6: using algorithm sse2x2 (3828 MB/s)
[    0.259141] PCI: Using ACPI for IRQ routing
[    0.259439] HPET: 3 timers in total, 0 timers will be used for per-cpu timer
[    0.259990] Switching to clocksource tsc
[    0.260086] pnp: PnP ACPI init
[    0.260175] ACPI: bus type pnp registered
[    0.263898] pnp: PnP ACPI: found 11 devices
[    0.263978] ACPI: ACPI bus type pnp unregistered
[    0.264068] system 00:00: iomem range 0x0-0x9ffff could not be reserved
[    0.264157] system 00:00: iomem range 0xc0000-0xc3fff could not be reserved
[    0.264244] system 00:00: iomem range 0xc4000-0xc7fff could not be reserved
[    0.264337] system 00:00: iomem range 0xc8000-0xcbfff has been reserved
[    0.264419] system 00:00: iomem range 0xcc000-0xcffff has been reserved
[    0.264509] system 00:00: iomem range 0xd0000-0xd3fff could not be reserved
[    0.264593] system 00:00: iomem range 0xe0000-0xe3fff could not be reserved
[    0.264682] system 00:00: iomem range 0xe4000-0xe7fff could not be reserved
[    0.264780] system 00:00: iomem range 0xe8000-0xebfff could not be reserved
[    0.264875] system 00:00: iomem range 0xec000-0xeffff could not be reserved
[    0.264962] system 00:00: iomem range 0xf0000-0xfffff could not be reserved
[    0.265057] system 00:00: iomem range 0x100000-0x3dffffff could not be reserved
[    0.265175] system 00:00: iomem range 0xfec00000-0xfed3ffff could not be reserved
[    0.265288] system 00:00: iomem range 0xfed4c000-0xffffffff could not be reserved
[    0.265403] system 00:02: ioport range 0x164e-0x164f has been reserved
[    0.265486] system 00:02: ioport range 0x1000-0x107f has been reserved
[    0.265573] system 00:02: ioport range 0x1180-0x11bf has been reserved
[    0.265663] system 00:02: ioport range 0x800-0x80f has been reserved
[    0.265746] system 00:02: ioport range 0x15e0-0x15ef has been reserved
[    0.265828] system 00:02: ioport range 0x1600-0x165f could not be reserved
[    0.265918] system 00:02: iomem range 0xf0000000-0xf3ffffff has been reserved
[    0.266001] system 00:02: iomem range 0xfed1c000-0xfed1ffff has been reserved
[    0.266085] system 00:02: iomem range 0xfed14000-0xfed17fff has been reserved
[    0.266175] system 00:02: iomem range 0xfed18000-0xfed18fff has been reserved
[    0.266268] system 00:02: iomem range 0xfed19000-0xfed19fff has been reserved
[    0.266351] system 00:02: iomem range 0xfed45000-0xfed4bfff has been reserved
[    0.301387] pci 0000:00:1c.0: PCI bridge, secondary bus 0000:02
[    0.301472] pci 0000:00:1c.0:   IO window: 0x2000-0x2fff
[    0.301556] pci 0000:00:1c.0:   MEM window: 0xfc000000-0xfdffffff
[    0.301646] pci 0000:00:1c.0:   PREFETCH window: 0x000000f8000000-0x000000f80fffff
[    0.301774] pci 0000:00:1c.1: PCI bridge, secondary bus 0000:03
[    0.301875] pci 0000:00:1c.1:   IO window: 0x3000-0x3fff
[    0.301969] pci 0000:00:1c.1:   MEM window: 0xdc000000-0xdf3fffff
[    0.302053] pci 0000:00:1c.1:   PREFETCH window: 0x000000dfe00000-0x000000dfefffff
[    0.302168] pci 0000:00:1c.2: PCI bridge, secondary bus 0000:04
[    0.302251] pci 0000:00:1c.2:   IO window: 0x4000-0x4fff
[    0.302337] pci 0000:00:1c.2:   MEM window: 0xd8000000-0xd9ffffff
[    0.302424] pci 0000:00:1c.2:   PREFETCH window: 0x000000dfb00000-0x000000dfbfffff
[    0.302547] pci 0000:00:1c.3: PCI bridge, secondary bus 0000:05
[    0.302638] pci 0000:00:1c.3:   IO window: 0x5000-0x5fff
[    0.302732] pci 0000:00:1c.3:   MEM window: 0xd4000000-0xd5ffffff
[    0.302820] pci 0000:00:1c.3:   PREFETCH window: 0x000000df800000-0x000000df8fffff
[    0.302942] pci 0000:00:1c.4: PCI bridge, secondary bus 0000:0d
[    0.303023] pci 0000:00:1c.4:   IO window: 0x6000-0x6fff
[    0.303107] pci 0000:00:1c.4:   MEM window: 0xd0000000-0xd1ffffff
[    0.303193] pci 0000:00:1c.4:   PREFETCH window: 0x000000df500000-0x000000df5fffff
[    0.303320] pci 0000:15:00.0: CardBus bridge, secondary bus 0000:16
[    0.303403] pci 0000:15:00.0:   IO window: 0x007000-0x0070ff
[    0.303497] pci 0000:15:00.0:   IO window: 0x007400-0x0074ff
[    0.303585] pci 0000:15:00.0:   PREFETCH window: 0xf4000000-0xf7ffffff
[    0.303681] pci 0000:15:00.0:   MEM window: 0x40000000-0x43ffffff
[    0.303767] pci 0000:00:1e.0: PCI bridge, secondary bus 0000:15
[    0.303857] pci 0000:00:1e.0:   IO window: 0x7000-0xafff
[    0.303951] pci 0000:00:1e.0:   MEM window: 0xf8300000-0xfbffffff
[    0.304036] pci 0000:00:1e.0:   PREFETCH window: 0x000000f4000000-0x000000f7ffffff
[    0.304172] pci 0000:00:1c.0: PCI INT A -> GSI 20 (level, low) -> IRQ 20
[    0.304263] pci 0000:00:1c.0: setting latency timer to 64
[    0.304283] pci 0000:00:1c.1: PCI INT B -> GSI 21 (level, low) -> IRQ 21
[    0.304376] pci 0000:00:1c.1: setting latency timer to 64
[    0.304390] pci 0000:00:1c.2: PCI INT C -> GSI 22 (level, low) -> IRQ 22
[    0.304472] pci 0000:00:1c.2: setting latency timer to 64
[    0.304485] pci 0000:00:1c.3: PCI INT D -> GSI 23 (level, low) -> IRQ 23
[    0.304576] pci 0000:00:1c.3: setting latency timer to 64
[    0.304588] pci 0000:00:1c.4: PCI INT A -> GSI 20 (level, low) -> IRQ 20
[    0.304675] pci 0000:00:1c.4: setting latency timer to 64
[    0.304684] pci 0000:00:1e.0: enabling device (0005 -> 0007)
[    0.304775] pci 0000:00:1e.0: setting latency timer to 64
[    0.304788] pci 0000:15:00.0: PCI INT A -> GSI 16 (level, low) -> IRQ 16
[    0.304885] pci 0000:15:00.0: setting latency timer to 64
[    0.304890] pci_bus 0000:00: resource 0 io:  [0x00-0xffff]
[    0.304891] pci_bus 0000:00: resource 1 mem: [0x000000-0xffffffff]
[    0.304893] pci_bus 0000:02: resource 0 io:  [0x2000-0x2fff]
[    0.304895] pci_bus 0000:02: resource 1 mem: [0xfc000000-0xfdffffff]
[    0.304897] pci_bus 0000:02: resource 2 pref mem [0xf8000000-0xf80fffff]
[    0.304899] pci_bus 0000:03: resource 0 io:  [0x3000-0x3fff]
[    0.304901] pci_bus 0000:03: resource 1 mem: [0xdc000000-0xdf3fffff]
[    0.304903] pci_bus 0000:03: resource 2 pref mem [0xdfe00000-0xdfefffff]
[    0.304905] pci_bus 0000:04: resource 0 io:  [0x4000-0x4fff]
[    0.304907] pci_bus 0000:04: resource 1 mem: [0xd8000000-0xd9ffffff]
[    0.304908] pci_bus 0000:04: resource 2 pref mem [0xdfb00000-0xdfbfffff]
[    0.304910] pci_bus 0000:05: resource 0 io:  [0x5000-0x5fff]
[    0.304912] pci_bus 0000:05: resource 1 mem: [0xd4000000-0xd5ffffff]
[    0.304914] pci_bus 0000:05: resource 2 pref mem [0xdf800000-0xdf8fffff]
[    0.304916] pci_bus 0000:0d: resource 0 io:  [0x6000-0x6fff]
[    0.304917] pci_bus 0000:0d: resource 1 mem: [0xd0000000-0xd1ffffff]
[    0.304919] pci_bus 0000:0d: resource 2 pref mem [0xdf500000-0xdf5fffff]
[    0.304921] pci_bus 0000:15: resource 0 io:  [0x7000-0xafff]
[    0.304923] pci_bus 0000:15: resource 1 mem: [0xf8300000-0xfbffffff]
[    0.304925] pci_bus 0000:15: resource 2 pref mem [0xf4000000-0xf7ffffff]
[    0.304927] pci_bus 0000:15: resource 3 io:  [0x00-0xffff]
[    0.304928] pci_bus 0000:15: resource 4 mem: [0x000000-0xffffffff]
[    0.304930] pci_bus 0000:16: resource 0 io:  [0x7000-0x70ff]
[    0.304932] pci_bus 0000:16: resource 1 io:  [0x7400-0x74ff]
[    0.304934] pci_bus 0000:16: resource 2 pref mem [0xf4000000-0xf7ffffff]
[    0.304936] pci_bus 0000:16: resource 3 mem: [0x40000000-0x43ffffff]
[    0.304944] NET: Registered protocol family 2
[    0.305025] RANDOM - __random32 called. Change num 7.  Value: 437d97bf	f373de51	f3b0f986
[    0.305027] RANDOM - random32 called.  Value: 437d97bf	f373de51	f3b0f986
[    0.305031] random 0000 0000 0000 5f8db4e5 4cfdf2a8: rand_read_num 3 get_random_bytes(4): sig fffffb64 5f8db4e5 4cfdf2a8
[    0.305034] random 0000 0000 0000 5f8db4e5 4cfdf2a8: extract_entropy(.. 4 ..)
[    0.305036] random 0000 0000 0000 5f8db4e5 4cfdf2a8: going to reseed nonblocking with 64 bits (32 of 0 requested)
[    0.305038] random 0000 0000 0000 5f8db4e5 4cfdf2a8: extract_entropy(.. 8 ..)
[    0.305040] random 0000 0000 0000 5f8db4e5 4cfdf2a8: trying to extract 64 bits from input
[    0.305043] random 0000 0000 0000 5f8db4e5 4cfdf2a8: debiting 0 entropy credits from input
[    0.305044] random 0000 0000 0000 5f8db4e5 4cfdf2a8: extract_entropy account returned: 0 
[    0.305048] random 0000 0000 0000 5f8db4e5 4cfdf2a8: urand_change_num 5 xfer_secondary_pool(4): pool_sig fffffb64, data_sig 00000000, bytes_mixed 0 5f8db4e5 4cfdf2a8
[    0.305050] random 0000 0000 0000 5f8db4e5 4cfdf2a8: trying to extract 32 bits from nonblocking
[    0.305053] random 0000 0000 0000 5f8db4e5 4cfdf2a8: debiting 32 entropy credits from nonblocking (unlimited)
[    0.305055] random 0000 0000 0000 5f8db4e5 4cfdf2a8: extract_entropy account returned: 4 
[    0.305059] random 0000 0000 0000 5f8db4e5 4cfdf2a8: urand_change_num 6 extract_buf: pool_sig fffffb64, data_sig 00000241, bytes_mixed 20 5f8db4e5 4cfdf2a8
[    0.305069] IP route cache hash table entries: 32768 (order: 5, 131072 bytes)
[    0.305199] RANDOM - __random32 called. Change num 8.  Value: d97bfe31	373de51f	f30dc6e6
[    0.305201] RANDOM - random32 called.  Value: d97bfe31	373de51f	f30dc6e6
[    0.305211] RANDOM - __random32 called. Change num 9.  Value: bfe314d7	73de51f5	8dcd6c7e
[    0.305213] RANDOM - random32 called.  Value: bfe314d7	73de51f5	8dcd6c7e
[    0.305215] RANDOM - __random32 called. Change num 10.  Value: 314d7baf	3de51f5e	d8fc74c1
[    0.305216] RANDOM - random32 called.  Value: 314d7baf	3de51f5e	d8fc74c1
[    0.305227] RANDOM - __random32 called. Change num 11.  Value: d7baf3c7	de51f5e5	e983e3fa
[    0.305229] RANDOM - random32 called.  Value: d7baf3c7	de51f5e5	e983e3fa
[    0.305238] TCP established hash table entries: 131072 (order: 8, 1048576 bytes)
[    0.305723] TCP bind hash table entries: 65536 (order: 6, 262144 bytes)
[    0.305919] TCP: Hash tables configured (established 131072 bind 65536)
[    0.306005] TCP reno registered
[    0.306101] NET: Registered protocol family 1
[    0.306213] RPC: Registered udp transport module.
[    0.306301] RPC: Registered tcp transport module.
[    0.306397] RPC: Registered tcp NFSv4.1 backchannel transport module.
[    0.306490] pci 0000:00:02.0: Boot video device
[    0.306706] Simple Boot Flag at 0x35 set to 0x1
[    0.307250] highmem bounce pool size: 64 pages
[    0.308753] VFS: Disk quotas dquot_6.5.2
[    0.308951] Dquot-cache hash table entries: 1024 (order 0, 4096 bytes)
[    0.309610] NTFS driver 2.1.29 [Flags: R/W].
[    0.309761] ROMFS MTD (C) 2007 Red Hat, Inc.
[    0.309967] JFS: nTxBlock = 7695, nTxLock = 61562
[    0.312438] SGI XFS with ACLs, security attributes, large block/inode numbers, no debug enabled
[    0.312929] SGI XFS Quota Management subsystem
[    0.313206] Slow work thread pool: Starting up
[    0.313306] Slow work thread pool: Ready
[    0.313390] GFS2 (built May 24 2013 02:47:17) installed
[    0.313479] msgmni has been set to 1734
[    0.313635] alg: No test for cipher_null (cipher_null-generic)
[    0.313731] alg: No test for ecb(cipher_null) (ecb-cipher_null)
[    0.313821] alg: No test for digest_null (digest_null-generic)
[    0.313934] alg: No test for compress_null (compress_null-generic)
[    0.314471] alg: No test for fcrypt (fcrypt-generic)
[    0.315897] alg: No test for stdrng (krng)
[    0.315990] async_tx: api initialized (async)
[    0.316142] Block layer SCSI generic (bsg) driver version 0.4 loaded (major 254)
[    0.316261] io scheduler noop registered
[    0.316342] io scheduler anticipatory registered
[    0.316421] io scheduler deadline registered
[    0.316549] io scheduler cfq registered (default)
[    0.316786] pcieport 0000:00:1c.0: irq 24 for MSI/MSI-X
[    0.316802] pcieport 0000:00:1c.0: setting latency timer to 64
[    0.317017] pcieport 0000:00:1c.1: irq 25 for MSI/MSI-X
[    0.317028] pcieport 0000:00:1c.1: setting latency timer to 64
[    0.317205] pcieport 0000:00:1c.2: irq 26 for MSI/MSI-X
[    0.317217] pcieport 0000:00:1c.2: setting latency timer to 64
[    0.317406] pcieport 0000:00:1c.3: irq 27 for MSI/MSI-X
[    0.317418] pcieport 0000:00:1c.3: setting latency timer to 64
[    0.317596] pcieport 0000:00:1c.4: irq 28 for MSI/MSI-X
[    0.317607] pcieport 0000:00:1c.4: setting latency timer to 64
[    0.317751] pci_hotplug: PCI Hot Plug PCI Core version: 0.5
[    0.317947] isapnp: Scanning for PnP cards...
[    0.678473] isapnp: No Plug & Play device found
[    0.678566] random 0000 0000 0000 5f8db4e5 4cfdf2a8: initializing
[    0.678568] RANDOM init_std_data for input now value: 1369917563678568640
[    0.678569] RANDOM init_std_data for blocking now value: 1369917563678570635
[    0.678571] RANDOM init_std_data for nonblocking now value: 1369917563678572365
[    0.698189] Serial: 8250/16550 driver, 4 ports, IRQ sharing enabled
[    3.709698] floppy0: no floppy controllers found
[    3.710648] brd: module loaded
[    3.711145] loop: module loaded
[    3.711224] Compaq SMART2 Driver (v 2.6.0)
[    3.711345] HP CISS Driver (v 3.6.20)
[    3.711581] input: Macintosh mouse button emulation as /devices/virtual/input/input0
[    3.711718] Uniform Multi-Platform E-IDE driver
[    3.711936] piix 0000:00:1f.1: IDE controller (0x8086:0x2850 rev 0x03)
[    3.712034] pci 0000:00:1f.1: PCI INT C -> GSI 16 (level, low) -> IRQ 16
[    3.712136] piix 0000:00:1f.1: IDE port disabled
[    3.712225] piix 0000:00:1f.1: not 100% native mode: will probe irqs later
[    3.712320]     ide0: BM-DMA at 0x1c00-0x1c07
[    3.712418] Probing IDE interface ide0...
[    4.383883] hda: HL-DT-ST DVDRAM GSA-U10N, ATAPI CD/DVD-ROM drive
[    4.690679] hda: host max PIO4 wanted PIO255(auto-tune) selected PIO4
[    4.691452] hda: UDMA/33 mode selected
[    4.691922] ide0 at 0x1f0-0x1f7,0x3f6 on irq 14
[    4.695794] ide-gd driver 1.18
[    4.695892] ide-cd driver 5.00
[    4.697282] random 0000 0000 0000 00000000 00000000: add_disk_randomness(0:0) 00000000 00000000
[    4.697286] random 0000 0000 0000 00000000 00000000: add_timer_randomness(.. 256) with jiffies: 5840161508213620345, cycles: 5840161503918948363
[    4.697289] random 0000 0000 0000 00000000 00000000: added 11 entropy credits to input
[    4.697292] ide-cd: hda: ATAPI 24X DVD-ROM DVD-R/RAM CD-R/RW drive, 2048kB Cache
[    4.697694] Uniform CD-ROM driver Revision: 3.20
[    4.700561] random 0011 0000 0000 00000000 00000000: add_disk_randomness(0:0) 00000000 00000000
[    4.700564] random 0011 0000 0000 00000000 00000000: add_timer_randomness(.. 256) with jiffies: 5869668307199295100, cycles: 5869668302904623115
[    4.700567] random 0011 0000 0000 00000000 00000000: added 1 entropy credits to input
[    4.700570] random 0012 0000 0000 00000000 00000000: add_disk_randomness(0:0) 00000000 00000000
[    4.700573] random 0012 0000 0000 00000000 00000000: add_timer_randomness(.. 256) with jiffies: 5869745784114347644, cycles: 5869745779819675659
[    4.702560] random 0012 0000 0000 00000000 00000000: add_disk_randomness(0:0) 00000000 00000000
[    4.702563] random 0012 0000 0000 00000000 00000000: add_timer_randomness(.. 256) with jiffies: 5887649355287723646, cycles: 5887649350993051659
[    4.702566] random 0012 0000 0000 00000000 00000000: added 1 entropy credits to input
[    4.702568] random 0013 0000 0000 00000000 00000000: add_disk_randomness(0:0) 00000000 00000000
[    4.702571] random 0013 0000 0000 00000000 00000000: add_timer_randomness(.. 256) with jiffies: 5887724126373379710, cycles: 5887724122078707723
[    4.704560] random 0013 0000 0000 00000000 00000000: add_disk_randomness(0:0) 00000000 00000000
[    4.704563] random 0013 0000 0000 00000000 00000000: add_timer_randomness(.. 256) with jiffies: 5905645689164758656, cycles: 5905645684870086667
[    4.704566] random 0013 0000 0000 00000000 00000000: added 1 entropy credits to input
[    4.704569] random 0014 0000 0000 00000000 00000000: add_disk_randomness(0:0) 00000000 00000000
[    4.704571] random 0014 0000 0000 00000000 00000000: add_timer_randomness(.. 256) with jiffies: 5905719695746236032, cycles: 5905719691451564043
[    4.704839] Loading iSCSI transport class v2.0-870.
[    4.705127] rdac: device handler registered
[    4.705206] hp_sw: device handler registered
[    4.705288] emc: device handler registered
[    4.705366] alua: device handler registered
[    4.706346] Adaptec aacraid driver 1.1-5[2461]-ms
[    4.706757] scsi: <fdomain> Detection failed (no card)
[    4.706843] sym53c416.c: Version 1.0.0-ac
[    4.706955] qlogicfas: no cards were found, please specify I/O address and IRQ using iobase= and irq= options
[    4.707067] QLogic Fibre Channel HBA Driver: 8.03.01-k6
[    4.707285] iscsi: registered transport (qla4xxx)
[    4.707384] QLogic iSCSI HBA Driver
[    4.707468] Emulex LightPulse Fibre Channel SCSI driver 8.3.4
[    4.707550] Copyright(c) 2004-2009 Emulex.  All rights reserved.
[    4.729663] Failed initialization of WD-7000 SCSI card!
[    4.818978] DC390: clustering now enabled by default. If you get problems load
[    4.819097]        with "disable_clustering=1" and report to maintainers
[    4.819235] megaraid cmm: 2.20.2.7 (Release Date: Sun Jul 16 00:01:03 EST 2006)
[    4.819386] megaraid: 2.20.5.1 (Release Date: Thu Nov 16 15:32:35 EST 2006)
[    4.819488] megasas: 00.00.04.01 Thu July 24 11:41:51 PST 2008
[    4.819617] GDT-HA: Storage RAID Controller Driver. Version: 3.05
[    4.819760] 3ware Storage Controller device driver for Linux v1.26.02.002.
[    4.819864] 3ware 9000 Storage Controller device driver for Linux v2.26.02.012.
[    4.819997] nsp32: loading...
[    4.820094] ipr: IBM Power RAID SCSI Device Driver version: 2.4.3 (June 10, 2009)
[    4.820227] RocketRAID 3xxx/4xxx Controller driver v1.6 (090910)
[    4.820348] stex: Promise SuperTrak EX Driver version: 4.6.0000.3
[    4.820473] st: Version 20081215, fixed bufsize 32768, s/g segs 256
[    4.820663] ahci 0000:00:1f.2: version 3.0
[    4.820676] ahci 0000:00:1f.2: PCI INT B -> GSI 16 (level, low) -> IRQ 16
[    4.820809] ahci 0000:00:1f.2: irq 29 for MSI/MSI-X
[    4.820864] ahci 0000:00:1f.2: AHCI 0001.0100 32 slots 3 ports 1.5 Gbps 0x5 impl SATA mode
[    4.820981] ahci 0000:00:1f.2: flags: 64bit ncq sntf pm led clo pio slum part ccc 
[    4.821096] ahci 0000:00:1f.2: setting latency timer to 64
[    4.821238] scsi2 : ahci
[    4.821390] scsi3 : ahci
[    4.821520] scsi4 : ahci
[    4.821700] ata1: SATA max UDMA/133 abar m2048@0xfe226000 port 0xfe226100 irq 29
[    4.821814] ata2: DUMMY
[    4.821891] ata3: SATA max UDMA/133 abar m2048@0xfe226000 port 0xfe226200 irq 29
[    4.822486] I2O subsystem v1.325
[    4.822575] i2o: max drivers = 8
[    4.822741] I2O Configuration OSM v1.323
[    4.822834] I2O Bus Adapter OSM v1.317
[    4.822933] I2O Block Device OSM v1.325
[    4.823073] I2O SCSI Peripheral OSM v1.316
[    4.823185] I2O ProcFS OSM v1.316
[    4.823280] Fusion MPT base driver 3.04.12
[    4.823361] Copyright (c) 1999-2008 LSI Corporation
[    4.823442] Fusion MPT SPI Host driver 3.04.12
[    4.823552] Fusion MPT FC Host driver 3.04.12
[    4.823707] Fusion MPT SAS Host driver 3.04.12
[    4.823859] ohci1394 0000:15:00.1: PCI INT B -> GSI 17 (level, low) -> IRQ 17
[    4.823947] ohci1394 0000:15:00.1: setting latency timer to 64
[    4.877678] ohci1394: fw-host0: OHCI-1394 1.1 (PCI): IRQ=[17]  MMIO=[f8301000-f83017ff]  Max Packet=[2048]  IR/IT contexts=[4/4]
[    4.880938] ehci_hcd: USB 2.0 'Enhanced' Host Controller (EHCI) Driver
[    4.881197] ehci_hcd 0000:00:1a.7: power state changed by ACPI to D0
[    4.881440] ehci_hcd 0000:00:1a.7: power state changed by ACPI to D0
[    4.881536] ehci_hcd 0000:00:1a.7: PCI INT C -> GSI 22 (level, low) -> IRQ 22
[    4.881630] ehci_hcd 0000:00:1a.7: setting latency timer to 64
[    4.881639] ehci_hcd 0000:00:1a.7: EHCI Host Controller
[    4.881766] ehci_hcd 0000:00:1a.7: new USB bus registered, assigned bus number 1
[    4.885781] ehci_hcd 0000:00:1a.7: cache line size of 32 is not supported
[    4.885789] ehci_hcd 0000:00:1a.7: irq 22, io mem 0xfe226c00
[    4.895638] ehci_hcd 0000:00:1a.7: USB 2.0 started, EHCI 1.00
[    4.895736] usb usb1: New USB device found, idVendor=1d6b, idProduct=0002
[    4.895829] usb usb1: New USB device strings: Mfr=3, Product=2, SerialNumber=1
[    4.895951] usb usb1: Product: EHCI Host Controller
[    4.896030] usb usb1: Manufacturer: Linux 2.6.32.57 ehci_hcd
[    4.896115] usb usb1: SerialNumber: 0000:00:1a.7
[    4.896245] usb usb1: configuration #1 chosen from 1 choice
[    4.896356] hub 1-0:1.0: USB hub found
[    4.896442] hub 1-0:1.0: 4 ports detected
[    4.896800] ehci_hcd 0000:00:1d.7: power state changed by ACPI to D0
[    4.897046] ehci_hcd 0000:00:1d.7: power state changed by ACPI to D0
[    4.897149] ehci_hcd 0000:00:1d.7: PCI INT D -> GSI 19 (level, low) -> IRQ 19
[    4.897242] ehci_hcd 0000:00:1d.7: setting latency timer to 64
[    4.897246] ehci_hcd 0000:00:1d.7: EHCI Host Controller
[    4.897382] ehci_hcd 0000:00:1d.7: new USB bus registered, assigned bus number 2
[    4.897541] ehci_hcd 0000:00:1d.7: debug port 1
[    4.901500] ehci_hcd 0000:00:1d.7: cache line size of 32 is not supported
[    4.901507] ehci_hcd 0000:00:1d.7: irq 19, io mem 0xfe227000
[    4.911638] ehci_hcd 0000:00:1d.7: USB 2.0 started, EHCI 1.00
[    4.911738] usb usb2: New USB device found, idVendor=1d6b, idProduct=0002
[    4.911828] usb usb2: New USB device strings: Mfr=3, Product=2, SerialNumber=1
[    4.911946] usb usb2: Product: EHCI Host Controller
[    4.912025] usb usb2: Manufacturer: Linux 2.6.32.57 ehci_hcd
[    4.912108] usb usb2: SerialNumber: 0000:00:1d.7
[    4.912249] usb usb2: configuration #1 chosen from 1 choice
[    4.912363] hub 2-0:1.0: USB hub found
[    4.912461] hub 2-0:1.0: 6 ports detected
[    4.912641] 116x: driver isp116x-hcd, 03 Nov 2005
[    4.912738] ohci_hcd: USB 1.1 'Open' Host Controller (OHCI) Driver
[    4.912850] uhci_hcd: USB Universal Host Controller Interface driver
[    4.912949] uhci_hcd 0000:00:1a.0: PCI INT A -> GSI 20 (level, low) -> IRQ 20
[    4.913044] uhci_hcd 0000:00:1a.0: setting latency timer to 64
[    4.913047] uhci_hcd 0000:00:1a.0: UHCI Host Controller
[    4.913167] uhci_hcd 0000:00:1a.0: new USB bus registered, assigned bus number 3
[    4.913320] uhci_hcd 0000:00:1a.0: irq 20, io base 0x00001860
[    4.913441] usb usb3: New USB device found, idVendor=1d6b, idProduct=0001
[    4.913530] usb usb3: New USB device strings: Mfr=3, Product=2, SerialNumber=1
[    4.913662] usb usb3: Product: UHCI Host Controller
[    4.913743] usb usb3: Manufacturer: Linux 2.6.32.57 uhci_hcd
[    4.913827] usb usb3: SerialNumber: 0000:00:1a.0
[    4.913964] usb usb3: configuration #1 chosen from 1 choice
[    4.914073] hub 3-0:1.0: USB hub found
[    4.914154] hub 3-0:1.0: 2 ports detected
[    4.914450] uhci_hcd 0000:00:1a.1: power state changed by ACPI to D0
[    4.914700] uhci_hcd 0000:00:1a.1: power state changed by ACPI to D0
[    4.914784] uhci_hcd 0000:00:1a.1: PCI INT B -> GSI 21 (level, low) -> IRQ 21
[    4.914881] uhci_hcd 0000:00:1a.1: setting latency timer to 64
[    4.914886] uhci_hcd 0000:00:1a.1: UHCI Host Controller
[    4.915010] uhci_hcd 0000:00:1a.1: new USB bus registered, assigned bus number 4
[    4.915154] uhci_hcd 0000:00:1a.1: irq 21, io base 0x00001880
[    4.915265] usb usb4: New USB device found, idVendor=1d6b, idProduct=0001
[    4.915349] usb usb4: New USB device strings: Mfr=3, Product=2, SerialNumber=1
[    4.915459] usb usb4: Product: UHCI Host Controller
[    4.915550] usb usb4: Manufacturer: Linux 2.6.32.57 uhci_hcd
[    4.915638] usb usb4: SerialNumber: 0000:00:1a.1
[    4.915774] usb usb4: configuration #1 chosen from 1 choice
[    4.915887] hub 4-0:1.0: USB hub found
[    4.915968] hub 4-0:1.0: 2 ports detected
[    4.916282] uhci_hcd 0000:00:1d.0: power state changed by ACPI to D0
[    4.916504] uhci_hcd 0000:00:1d.0: power state changed by ACPI to D0
[    4.916591] uhci_hcd 0000:00:1d.0: PCI INT A -> GSI 16 (level, low) -> IRQ 16
[    4.916692] uhci_hcd 0000:00:1d.0: setting latency timer to 64
[    4.916697] uhci_hcd 0000:00:1d.0: UHCI Host Controller
[    4.916821] uhci_hcd 0000:00:1d.0: new USB bus registered, assigned bus number 5
[    4.916973] uhci_hcd 0000:00:1d.0: irq 16, io base 0x000018a0
[    4.917080] usb usb5: New USB device found, idVendor=1d6b, idProduct=0001
[    4.917163] usb usb5: New USB device strings: Mfr=3, Product=2, SerialNumber=1
[    4.917285] usb usb5: Product: UHCI Host Controller
[    4.917366] usb usb5: Manufacturer: Linux 2.6.32.57 uhci_hcd
[    4.917447] usb usb5: SerialNumber: 0000:00:1d.0
[    4.917575] usb usb5: configuration #1 chosen from 1 choice
[    4.917696] hub 5-0:1.0: USB hub found
[    4.917777] hub 5-0:1.0: 2 ports detected
[    4.917918] uhci_hcd 0000:00:1d.1: PCI INT B -> GSI 17 (level, low) -> IRQ 17
[    4.918009] uhci_hcd 0000:00:1d.1: setting latency timer to 64
[    4.918012] uhci_hcd 0000:00:1d.1: UHCI Host Controller
[    4.918129] uhci_hcd 0000:00:1d.1: new USB bus registered, assigned bus number 6
[    4.918276] uhci_hcd 0000:00:1d.1: irq 17, io base 0x000018c0
[    4.918383] usb usb6: New USB device found, idVendor=1d6b, idProduct=0001
[    4.918464] usb usb6: New USB device strings: Mfr=3, Product=2, SerialNumber=1
[    4.918576] usb usb6: Product: UHCI Host Controller
[    4.918662] usb usb6: Manufacturer: Linux 2.6.32.57 uhci_hcd
[    4.918745] usb usb6: SerialNumber: 0000:00:1d.1
[    4.918871] usb usb6: configuration #1 chosen from 1 choice
[    4.918983] hub 6-0:1.0: USB hub found
[    4.919069] hub 6-0:1.0: 2 ports detected
[    4.919379] uhci_hcd 0000:00:1d.2: power state changed by ACPI to D0
[    4.919622] uhci_hcd 0000:00:1d.2: power state changed by ACPI to D0
[    4.919722] uhci_hcd 0000:00:1d.2: PCI INT C -> GSI 18 (level, low) -> IRQ 18
[    4.919819] uhci_hcd 0000:00:1d.2: setting latency timer to 64
[    4.919821] uhci_hcd 0000:00:1d.2: UHCI Host Controller
[    4.919938] uhci_hcd 0000:00:1d.2: new USB bus registered, assigned bus number 7
[    4.920090] uhci_hcd 0000:00:1d.2: irq 18, io base 0x000018e0
[    4.920194] usb usb7: New USB device found, idVendor=1d6b, idProduct=0001
[    4.920277] usb usb7: New USB device strings: Mfr=3, Product=2, SerialNumber=1
[    4.920393] usb usb7: Product: UHCI Host Controller
[    4.920479] usb usb7: Manufacturer: Linux 2.6.32.57 uhci_hcd
[    4.920569] usb usb7: SerialNumber: 0000:00:1d.2
[    4.921360] usb usb7: configuration #1 chosen from 1 choice
[    4.921474] hub 7-0:1.0: USB hub found
[    4.921555] hub 7-0:1.0: 2 ports detected
[    4.921711] sl811: driver sl811-hcd, 19 May 2005
[    4.921807] r8a66597_hcd: driver r8a66597_hcd, 2009-05-26
[    4.921967] Initializing USB Mass Storage driver...
[    4.922082] usbcore: registered new interface driver usb-storage
[    4.922165] USB Mass Storage support registered.
[    4.922260] usbcore: registered new interface driver ums-alauda
[    4.922365] usbcore: registered new interface driver ums-cypress
[    4.922471] usbcore: registered new interface driver ums-datafab
[    4.922576] usbcore: registered new interface driver ums-freecom
[    4.922693] usbcore: registered new interface driver ums-isd200
[    4.922793] usbcore: registered new interface driver ums-jumpshot
[    4.922892] usbcore: registered new interface driver ums-karma
[    4.922990] usbcore: registered new interface driver ums-onetouch
[    4.923100] usbcore: registered new interface driver ums-sddr09
[    4.923212] usbcore: registered new interface driver ums-sddr55
[    4.923318] usbcore: registered new interface driver ums-usbat
[    4.923453] PNP: PS/2 Controller [PNP0303:KBD,PNP0f13:MOU] at 0x60,0x64 irq 1,12
[    4.931618] serio: i8042 KBD port at 0x60,0x64 irq 1
[    4.931716] serio: i8042 AUX port at 0x60,0x64 irq 12
[    4.931959] mice: PS/2 mouse device common for all mice
[    4.932068] i2c /dev entries driver
[    4.932190] md: linear personality registered for level -1
[    4.932275] md: raid0 personality registered for level 0
[    4.932361] md: raid1 personality registered for level 1
[    4.932443] md: raid10 personality registered for level 10
[    4.932525] md: raid6 personality registered for level 6
[    4.932604] md: raid5 personality registered for level 5
[    4.932698] md: raid4 personality registered for level 4
[    4.932778] md: multipath personality registered for level -4
[    4.932965] device-mapper: ioctl: 4.15.0-ioctl (2009-04-01) initialised: dm-devel@redhat.com
[    4.933154] cpuidle: using governor ladder
[    4.933751] usbcore: registered new interface driver usbhid
[    4.933841] usbhid: v2.6:USB HID core driver
[    4.933985] random 0014 0000 0000 00000000 00000000: rand_read_num 4 get_random_bytes(136): sig 00000000 00000000 00000000
[    4.933988] random 0014 0000 0000 00000000 00000000: extract_entropy(.. 136 ..)
[    4.933991] random 0014 0000 0000 00000000 00000000: going to reseed nonblocking with 1024 bits (1088 of 0 requested)
[    4.933993] random 0014 0000 0000 00000000 00000000: extract_entropy(.. 128 ..)
[    4.933995] random 0014 0000 0000 00000000 00000000: trying to extract 1024 bits from input
[    4.933998] random 0014 0000 0000 00000000 00000000: debiting 0 entropy credits from input
[    4.933999] random 0014 0000 0000 00000000 00000000: extract_entropy account returned: 0 
[    4.934002] random 0014 0000 0000 00000000 00000000: urand_change_num 7 xfer_secondary_pool(136): pool_sig 00000000, data_sig 00000000, bytes_mixed 0 00000000 00000000
[    4.934006] random 0014 0000 0000 00000000 00000000: trying to extract 1088 bits from nonblocking
[    4.934008] random 0014 0000 0000 00000000 00000000: debiting 1088 entropy credits from nonblocking (unlimited)
[    4.934010] random 0014 0000 0000 00000000 00000000: extract_entropy account returned: 136 
[    4.934014] random 0014 0000 0000 00000000 00000000: urand_change_num 8 extract_buf: pool_sig 00000000, data_sig fffffff9, bytes_mixed 20 00000000 00000000
[    4.934020] random 0014 0000 0000 b7c35b56 be4dc95d: urand_change_num 9 extract_buf: pool_sig fffffd1e, data_sig 000000c5, bytes_mixed 20 b7c35b56 be4dc95d
[    4.934025] random 0014 0000 0000 ed9f5c47 c48487fb: urand_change_num 10 extract_buf: pool_sig fffff8ec, data_sig ffffff68, bytes_mixed 20 ed9f5c47 c48487fb
[    4.934031] random 0014 0000 0000 ed9f5c47 c48487fb: urand_change_num 11 extract_buf: pool_sig fffffaed, data_sig 000001aa, bytes_mixed 20 ed9f5c47 c48487fb
[    4.934036] random 0014 0000 0000 1b4f7c0a 91bd6a48: urand_change_num 12 extract_buf: pool_sig fffffdd8, data_sig 00000064, bytes_mixed 20 1b4f7c0a 91bd6a48
[    4.934041] random 0014 0000 0000 a254b9bc 20e9a24f: urand_change_num 13 extract_buf: pool_sig fffffbe6, data_sig 000001dd, bytes_mixed 20 a254b9bc 20e9a24f
[    4.934046] random 0014 0000 0000 a254b9bc 20e9a24f: urand_change_num 14 extract_buf: pool_sig fffff940, data_sig fffffe20, bytes_mixed 20 a254b9bc 20e9a24f
[    4.934052] random 0014 0000 0000 2831a66b 5fa2a3ad: urand_change_num 15 extract_buf: pool_sig fffffbce, data_sig 0000007e, bytes_mixed 20 2831a66b 5fa2a3ad
[    4.934057] random 0014 0000 0000 2831a66b 5fa2a3ad: urand_change_num 16 extract_buf: pool_sig 000004df, data_sig fffffe8f, bytes_mixed 20 2831a66b 5fa2a3ad
[    4.934062] random 0014 0000 0000 d4512bfd c9a54e0b: urand_change_num 17 extract_buf: pool_sig 00000485, data_sig fffffe68, bytes_mixed 20 d4512bfd c9a54e0b
[    4.934067] random 0014 0000 0000 c7371be6 f9ffea11: urand_change_num 18 extract_buf: pool_sig 00000095, data_sig ffffffed, bytes_mixed 20 c7371be6 f9ffea11
[    4.934073] random 0014 0000 0000 c7371be6 f9ffea11: urand_change_num 19 extract_buf: pool_sig 000003a7, data_sig fffffefa, bytes_mixed 20 c7371be6 f9ffea11
[    4.934078] random 0014 0000 0000 8fb4b62c d1ddba54: urand_change_num 20 extract_buf: pool_sig 00000179, data_sig ffffff78, bytes_mixed 20 8fb4b62c d1ddba54
[    4.934083] random 0014 0000 0000 9ff19f9c c07a1d2a: urand_change_num 21 extract_buf: pool_sig fffffe88, data_sig 00000126, bytes_mixed 20 9ff19f9c c07a1d2a
[    4.934087] TCP cubic registered
[    4.934165] Initializing XFRM netlink socket
[    4.934254] NET: Registered protocol family 17
[    4.934344] Using IPI Shortcut mode
[    4.934434] random 0014 0000 0000 9ff19f9c c07a1d2a: rand_read_num 5 get_random_bytes(8): sig 0000031b 9ff19f9c c07a1d2a
[    4.934436] random 0014 0000 0000 9ff19f9c c07a1d2a: extract_entropy(.. 8 ..)
[    4.934439] random 0014 0000 0000 9ff19f9c c07a1d2a: going to reseed nonblocking with 64 bits (64 of 0 requested)
[    4.934441] random 0014 0000 0000 9ff19f9c c07a1d2a: extract_entropy(.. 8 ..)
[    4.934443] random 0014 0000 0000 9ff19f9c c07a1d2a: trying to extract 64 bits from input
[    4.934445] random 0014 0000 0000 9ff19f9c c07a1d2a: debiting 0 entropy credits from input
[    4.934447] random 0014 0000 0000 9ff19f9c c07a1d2a: extract_entropy account returned: 0 
[    4.934451] random 0014 0000 0000 9ff19f9c c07a1d2a: urand_change_num 22 xfer_secondary_pool(8): pool_sig 0000031b, data_sig 00000000, bytes_mixed 0 9ff19f9c c07a1d2a
[    4.934453] random 0014 0000 0000 9ff19f9c c07a1d2a: trying to extract 64 bits from nonblocking
[    4.934456] random 0014 0000 0000 9ff19f9c c07a1d2a: debiting 64 entropy credits from nonblocking (unlimited)
[    4.934458] random 0014 0000 0000 9ff19f9c c07a1d2a: extract_entropy account returned: 8 
[    4.934462] random 0014 0000 0000 9ff19f9c c07a1d2a: urand_change_num 23 extract_buf: pool_sig 0000031b, data_sig ffffffb3, bytes_mixed 20 9ff19f9c c07a1d2a
[    4.937656] input: AT Translated Set 2 keyboard as /devices/platform/i8042/serio0/input/input1
[    5.126640] ata3: SATA link down (SStatus 0 SControl 300)
[    5.126744] ata1: SATA link up 1.5 Gbps (SStatus 113 SControl 300)
[    5.128888] ata1.00: ACPI cmd ef/02:00:00:00:00:a0 (SET FEATURES) succeeded
[    5.128891] ata1.00: ACPI cmd f5/00:00:00:00:00:a0 (SECURITY FREEZE LOCK) filtered out
[    5.130279] ata1.00: ACPI cmd ef/5f:00:00:00:00:a0 (SET FEATURES) succeeded
[    5.130282] ata1.00: ACPI cmd ef/10:03:00:00:00:a0 (SET FEATURES) filtered out
[    5.132192] ata1.00: ATA-7: ST910021AS, 4.06, max UDMA/100
[    5.132277] ata1.00: 195371568 sectors, multi 16: LBA48 
[    5.134430] ata1.00: ACPI cmd ef/02:00:00:00:00:a0 (SET FEATURES) succeeded
[    5.134433] ata1.00: ACPI cmd f5/00:00:00:00:00:a0 (SECURITY FREEZE LOCK) filtered out
[    5.135822] ata1.00: ACPI cmd ef/5f:00:00:00:00:a0 (SET FEATURES) succeeded
[    5.135825] ata1.00: ACPI cmd ef/10:03:00:00:00:a0 (SET FEATURES) filtered out
[    5.137751] ata1.00: configured for UDMA/100
[    5.148691] scsi 2:0:0:0: Direct-Access     ATA      ST910021AS       4.06 PQ: 0 ANSI: 5
[    5.148968] sd 2:0:0:0: [sda] 195371568 512-byte logical blocks: (100 GB/93.1 GiB)
[    5.149102] sd 2:0:0:0: [sda] Write Protect is off
[    5.149182] sd 2:0:0:0: [sda] Mode Sense: 00 3a 00 00
[    5.149194] sd 2:0:0:0: [sda] Write cache: enabled, read cache: enabled, doesn't support DPO or FUA
[    5.149386]  sda:
[    5.213624] usb 2-1: new high speed USB device using ehci_hcd and address 2
[    5.362876] usb 2-1: New USB device found, idVendor=0e8d, idProduct=1806
[    5.362961] usb 2-1: New USB device strings: Mfr=1, Product=2, SerialNumber=3
[    5.363045] usb 2-1: Product: MT1806 
[    5.363129] usb 2-1: Manufacturer: MediaTek Inc
[    5.363209] usb 2-1: SerialNumber: R8KN6GAC800AEB 
[    5.363337] usb 2-1: configuration #1 chosen from 1 choice
[    5.369792] scsi5 : SCSI emulation for USB Mass Storage devices
[    5.369953] usb-storage: device found at 2
[    5.369954] usb-storage: waiting for device to settle before scanning
[    5.566732] random 0014 0000 0000 277f73c3 42024bb9: add_disk_randomness(8:0) 277f73c3 42024bb9
[    5.566736] random 0014 0000 0000 277f73c3 42024bb9: add_timer_randomness(.. 8388864) with jiffies: 13662412593459593608, cycles: -4784331484544630773
[    5.566738] random 0014 0000 0000 277f73c3 42024bb9: added 11 entropy credits to input
[    5.566743]  sda1 sda2
[    5.567044] random 0025 0000 0000 277f73c3 42024bb9: add_disk_randomness(8:0) 277f73c3 42024bb9
[    5.567047] random 0025 0000 0000 277f73c3 42024bb9: add_timer_randomness(.. 8388864) with jiffies: 13665226114866053512, cycles: -4781517963138170869
[    5.567202] sd 2:0:0:0: [sda] Attached SCSI disk
[    5.567290] random 0025 0000 0000 277f73c3 42024bb9: rand_read_num 6 get_random_bytes(12): sig 000007e9 277f73c3 42024bb9
[    5.567293] random 0025 0000 0000 277f73c3 42024bb9: extract_entropy(.. 12 ..)
[    5.567295] random 0025 0000 0000 277f73c3 42024bb9: going to reseed nonblocking with 96 bits (96 of 0 requested)
[    5.567297] random 0025 0000 0000 277f73c3 42024bb9: extract_entropy(.. 12 ..)
[    5.567300] random 0025 0000 0000 277f73c3 42024bb9: trying to extract 96 bits from input
[    5.567302] random 0025 0000 0000 277f73c3 42024bb9: debiting 0 entropy credits from input
[    5.567304] random 0025 0000 0000 277f73c3 42024bb9: extract_entropy account returned: 0 
[    5.567307] random 0025 0000 0000 277f73c3 42024bb9: urand_change_num 24 xfer_secondary_pool(12): pool_sig 000007e9, data_sig 00000000, bytes_mixed 0 277f73c3 42024bb9
[    5.567310] random 0025 0000 0000 277f73c3 42024bb9: trying to extract 96 bits from nonblocking
[    5.567312] random 0025 0000 0000 277f73c3 42024bb9: debiting 96 entropy credits from nonblocking (unlimited)
[    5.567315] random 0025 0000 0000 277f73c3 42024bb9: extract_entropy account returned: 12 
[    5.567319] random 0025 0000 0000 277f73c3 42024bb9: urand_change_num 25 extract_buf: pool_sig 000007e9, data_sig 00000088, bytes_mixed 20 277f73c3 42024bb9
[    5.567324] random 0025 0000 0000 277f73c3 42024bb9: urand_change_num 26 extract_buf: pool_sig 00000498, data_sig fffffefb, bytes_mixed 20 277f73c3 42024bb9
[    5.567327] RANDOM - __seed init called.
[    5.567328] RANDOM - __seed init called.
[    5.567329] RANDOM - __seed init called.
[    5.567331] RANDOM - __random32 called. Change num 12.  Value: 87f14767	f0d7351	b1e48bd3
[    5.567333] RANDOM - random32_reseed called.  Value: 87f14767	f0d7351	b1e48bd3
[    5.567335] Pid: 1, comm: swapper Not tainted 2.6.32.57 #6
[    5.567429] Call Trace:
[    5.567526]  [<c1923ca4>] ? random32_reseed+0xa0/0xb1
[    5.567613]  [<c1923c04>] ? random32_reseed+0x0/0xb1
[    5.567708]  [<c100111e>] ? do_one_initcall+0x2e/0x180
[    5.567789]  [<c1907265>] ? kernel_init+0xad/0x103
[    5.567882]  [<c19071b8>] ? kernel_init+0x0/0x103
[    5.567963]  [<c1003787>] ? kernel_thread_helper+0x7/0x10
[    5.568486] random 0025 0000 0000 386b4e60 ee4d4880: rand_read_num 7 get_random_bytes(64): sig fffffea5 386b4e60 ee4d4880
[    5.568488] random 0025 0000 0000 386b4e60 ee4d4880: extract_entropy(.. 64 ..)
[    5.568490] random 0025 0000 0000 386b4e60 ee4d4880: going to reseed nonblocking with 512 bits (512 of 0 requested)
[    5.568493] random 0025 0000 0000 386b4e60 ee4d4880: extract_entropy(.. 64 ..)
[    5.568495] random 0025 0000 0000 386b4e60 ee4d4880: trying to extract 512 bits from input
[    5.568497] random 0025 0000 0000 386b4e60 ee4d4880: debiting 0 entropy credits from input
[    5.568499] random 0025 0000 0000 386b4e60 ee4d4880: extract_entropy account returned: 0 
[    5.568502] random 0025 0000 0000 386b4e60 ee4d4880: urand_change_num 27 xfer_secondary_pool(64): pool_sig fffffea5, data_sig 00000000, bytes_mixed 0 386b4e60 ee4d4880
[    5.568505] random 0025 0000 0000 386b4e60 ee4d4880: trying to extract 512 bits from nonblocking
[    5.568507] random 0025 0000 0000 386b4e60 ee4d4880: debiting 512 entropy credits from nonblocking (unlimited)
[    5.568509] random 0025 0000 0000 386b4e60 ee4d4880: extract_entropy account returned: 64 
[    5.568514] random 0025 0000 0000 386b4e60 ee4d4880: urand_change_num 28 extract_buf: pool_sig fffffea5, data_sig 00000173, bytes_mixed 20 386b4e60 ee4d4880
[    5.568519] random 0025 0000 0000 412698f6 0cc8689a: urand_change_num 29 extract_buf: pool_sig 00000122, data_sig ffffff63, bytes_mixed 20 412698f6 0cc8689a
[    5.568524] random 0025 0000 0000 412698f6 0cc8689a: urand_change_num 30 extract_buf: pool_sig 000001f7, data_sig 00000012, bytes_mixed 20 412698f6 0cc8689a
[    5.568530] random 0025 0000 0000 9669941e 06f768b1: urand_change_num 31 extract_buf: pool_sig fffffb5b, data_sig 0000003f, bytes_mixed 20 9669941e 06f768b1
[    5.568535] random 0025 0000 0000 98486520 995551f0: urand_change_num 32 extract_buf: pool_sig fffffb39, data_sig 0000000e, bytes_mixed 20 98486520 995551f0
[    5.568540] random 0025 0000 0000 98486520 995551f0: urand_change_num 33 extract_buf: pool_sig fffffd8d, data_sig 000001a6, bytes_mixed 20 98486520 995551f0
[    5.568545] random 0025 0000 0000 61fc8914 d5882ed2: urand_change_num 34 extract_buf: pool_sig fffffa58, data_sig 0000023e, bytes_mixed 20 61fc8914 d5882ed2
[    5.568575] random 0025 0000 0000 61fc8914 d5882ed2: rand_read_num 8 get_random_bytes(64): sig fffff9ee 61fc8914 d5882ed2
[    5.568577] random 0025 0000 0000 61fc8914 d5882ed2: extract_entropy(.. 64 ..)
[    5.568580] random 0025 0000 0000 61fc8914 d5882ed2: going to reseed nonblocking with 512 bits (512 of 0 requested)
[    5.568582] random 0025 0000 0000 61fc8914 d5882ed2: extract_entropy(.. 64 ..)
[    5.568584] random 0025 0000 0000 61fc8914 d5882ed2: trying to extract 512 bits from input
[    5.568586] random 0025 0000 0000 61fc8914 d5882ed2: debiting 0 entropy credits from input
[    5.568588] random 0025 0000 0000 61fc8914 d5882ed2: extract_entropy account returned: 0 
[    5.568591] random 0025 0000 0000 61fc8914 d5882ed2: urand_change_num 35 xfer_secondary_pool(64): pool_sig fffff9ee, data_sig 00000000, bytes_mixed 0 61fc8914 d5882ed2
[    5.568594] random 0025 0000 0000 61fc8914 d5882ed2: trying to extract 512 bits from nonblocking
[    5.568597] random 0025 0000 0000 61fc8914 d5882ed2: debiting 512 entropy credits from nonblocking (unlimited)
[    5.568602] random 0025 0000 0000 61fc8914 d5882ed2: extract_entropy account returned: 64 
[    5.568606] random 0025 0000 0000 61fc8914 d5882ed2: urand_change_num 36 extract_buf: pool_sig fffff9ee, data_sig ffffff85, bytes_mixed 20 61fc8914 d5882ed2
[    5.568612] random 0025 0000 0000 70cfd302 e5edec11: urand_change_num 37 extract_buf: pool_sig fffffdc1, data_sig ffffffde, bytes_mixed 20 70cfd302 e5edec11
[    5.568617] random 0025 0000 0000 00dab838 eafd2b30: urand_change_num 38 extract_buf: pool_sig 000003da, data_sig ffffff61, bytes_mixed 20 00dab838 eafd2b30
[    5.568622] random 0025 0000 0000 00dab838 eafd2b30: urand_change_num 39 extract_buf: pool_sig 00000314, data_sig 00000121, bytes_mixed 20 00dab838 eafd2b30
[    5.568627] random 0025 0000 0000 5fcdf66a 6442b608: urand_change_num 40 extract_buf: pool_sig 0000028b, data_sig fffffefd, bytes_mixed 20 5fcdf66a 6442b608
[    5.568633] random 0025 0000 0000 61333f6b 8fae0f9b: urand_change_num 41 extract_buf: pool_sig 000000cb, data_sig 000000b3, bytes_mixed 20 61333f6b 8fae0f9b
[    5.568638] random 0025 0000 0000 61333f6b 8fae0f9b: urand_change_num 42 extract_buf: pool_sig fffffef8, data_sig 00000051, bytes_mixed 20 61333f6b 8fae0f9b
[    5.568641] BEGIN NET_SECRET:
[    5.568642] \xffffffe0
[    5.568643] \xffffffb6
[    5.568644] \x36
[    5.568644] \xffffffb5
[    5.568645] \xffffff94
[    5.568646] \xffffffb2
[    5.568647] \xffffffa8
[    5.568648] \xffffffda
[    5.568649] \x5b
[    5.568649] \x19
[    5.568650] \x18
[    5.568651] \x5c
[    5.568651] \x2b
[    5.568652] \x1
[    5.568653] \xffffff90
[    5.568654] \x19
[    5.568654] \x3c
[    5.568655] \xfffffff2
[    5.568656] \xffffff82
[    5.568657] \x2a
[    5.568658] \xffffffb3
[    5.568658] \xffffffa2
[    5.568659] \x3f
[    5.568660] \x5
[    5.568661] \x52
[    5.568661] \x77
[    5.568662] \x57
[    5.568663] \x79
[    5.568664] \x16
[    5.568664] \x43
[    5.568665] \xffffff84
[    5.568666] \xffffffc3
[    5.568667] \xffffffe9
[    5.568667] \x79
[    5.568668] \x50
[    5.568669] \xffffff8e
[    5.568670] \x3f
[    5.568670] \xfffffff3
[    5.568671] \x19
[    5.568672] \x2a
[    5.568673] \xfffffffd
[    5.568674] \xfffffffb
[    5.568674] \x62
[    5.568675] \x3c
[    5.568676] \xffffffac
[    5.568677] \x1c
[    5.568677] \x3b
[    5.568678] \x3b
[    5.568679] \x15
[    5.568680] \x27
[    5.568680] \xffffffa8
[    5.568681] \x22
[    5.568682] \xffffffc5
[    5.568683] \xffffff9a
[    5.568683] \x5
[    5.568684] \x6c
[    5.568685] \xffffffa8
[    5.568686] \x3a
[    5.568686] \x44
[    5.568687] \xffffffaf
[    5.568688] \x13
[    5.568689] \xffffffe0
[    5.568690] \xffffff9d
[    5.568690] \x22
[    5.568691] 
[    5.568692] END NET_SECRET
[    5.568694] random 0025 0000 0000 e7f555d9 e8ce5c3c: rand_read_num 9 get_random_bytes(4): sig 0000068c e7f555d9 e8ce5c3c
[    5.568697] random 0025 0000 0000 e7f555d9 e8ce5c3c: extract_entropy(.. 4 ..)
[    5.568699] random 0025 0000 0000 e7f555d9 e8ce5c3c: going to reseed nonblocking with 64 bits (32 of 0 requested)
[    5.568701] random 0025 0000 0000 e7f555d9 e8ce5c3c: extract_entropy(.. 8 ..)
[    5.568703] random 0025 0000 0000 e7f555d9 e8ce5c3c: trying to extract 64 bits from input
[    5.568706] random 0025 0000 0000 e7f555d9 e8ce5c3c: debiting 0 entropy credits from input
[    5.568708] random 0025 0000 0000 e7f555d9 e8ce5c3c: extract_entropy account returned: 0 
[    5.568711] random 0025 0000 0000 e7f555d9 e8ce5c3c: urand_change_num 43 xfer_secondary_pool(4): pool_sig 0000068c, data_sig 00000000, bytes_mixed 0 e7f555d9 e8ce5c3c
[    5.568714] random 0025 0000 0000 e7f555d9 e8ce5c3c: trying to extract 32 bits from nonblocking
[    5.568716] random 0025 0000 0000 e7f555d9 e8ce5c3c: debiting 32 entropy credits from nonblocking (unlimited)
[    5.568718] random 0025 0000 0000 e7f555d9 e8ce5c3c: extract_entropy account returned: 4 
[    5.568722] random 0025 0000 0000 e7f555d9 e8ce5c3c: urand_change_num 44 extract_buf: pool_sig 0000068c, data_sig fffffdcb, bytes_mixed 20 e7f555d9 e8ce5c3c
[    5.568733] md: Waiting for all devices to be available before autodetect
[    5.568815] md: If you don't use raid, use raid=noautodetect
[    5.568968] md: Autodetecting RAID arrays.
[    5.569052] md: Scanned 0 and added 0 devices.
[    5.569131] md: autorun ...
[    5.569212] md: ... autorun DONE.
[    5.588839] random 0025 0000 0000 e7f555d9 e8ce5c3c: add_disk_randomness(8:0) e7f555d9 e8ce5c3c
[    5.588843] random 0025 0000 0000 e7f555d9 e8ce5c3c: add_timer_randomness(.. 8388864) with jiffies: 13861310716461154718, cycles: -4585433361543069685
[    5.588845] random 0025 0000 0000 e7f555d9 e8ce5c3c: added 4 entropy credits to input
[    5.589964] random 0029 0000 0000 e7f555d9 e8ce5c3c: add_disk_randomness(8:0) e7f555d9 e8ce5c3c
[    5.589967] random 0029 0000 0000 e7f555d9 e8ce5c3c: add_timer_randomness(.. 8388864) with jiffies: 13871435749674156447, cycles: -4575308328330067957
[    5.590084] random 0029 0000 0000 e7f555d9 e8ce5c3c: add_disk_randomness(8:0) e7f555d9 e8ce5c3c
[    5.590087] random 0029 0000 0000 e7f555d9 e8ce5c3c: add_timer_randomness(.. 8388864) with jiffies: 13872511046276317599, cycles: -4574233031727906805
[    5.590092] EXT3-fs: sda2: couldn't mount because of unsupported optional features (240).
[    5.590303] random 0029 0000 0000 e7f555d9 e8ce5c3c: add_disk_randomness(8:0) e7f555d9 e8ce5c3c
[    5.590306] random 0029 0000 0000 e7f555d9 e8ce5c3c: add_timer_randomness(.. 8388864) with jiffies: 13874488238765998495, cycles: -4572255839238225909
[    5.590311] EXT2-fs: sda2: couldn't mount because of unsupported optional features (240).
[    5.590543] random 0029 0000 0000 e7f555d9 e8ce5c3c: add_disk_randomness(8:0) e7f555d9 e8ce5c3c
[    5.590546] random 0029 0000 0000 e7f555d9 e8ce5c3c: add_timer_randomness(.. 8388864) with jiffies: 13876652541505929631, cycles: -4570091536498294773
[    5.590679] random 0029 0000 0000 e7f555d9 e8ce5c3c: add_disk_randomness(8:0) e7f555d9 e8ce5c3c
[    5.590682] random 0029 0000 0000 e7f555d9 e8ce5c3c: add_timer_randomness(.. 8388864) with jiffies: 13877858035746701728, cycles: -4568886042257522677
[    5.590841] random 0029 0000 0000 e7f555d9 e8ce5c3c: add_disk_randomness(8:0) e7f555d9 e8ce5c3c
[    5.590844] random 0029 0000 0000 e7f555d9 e8ce5c3c: add_timer_randomness(.. 8388864) with jiffies: 13879324685473907104, cycles: -4567419392530317301
[    5.590958] random 0029 0000 0000 e7f555d9 e8ce5c3c: add_disk_randomness(8:0) e7f555d9 e8ce5c3c
[    5.590961] random 0029 0000 0000 e7f555d9 e8ce5c3c: add_timer_randomness(.. 8388864) with jiffies: 13880370892262572448, cycles: -4566373185741651957
[    5.591077] random 0029 0000 0000 e7f555d9 e8ce5c3c: add_disk_randomness(8:0) e7f555d9 e8ce5c3c
[    5.591080] random 0029 0000 0000 e7f555d9 e8ce5c3c: add_timer_randomness(.. 8388864) with jiffies: 13881449212521709984, cycles: -4565294865482514421
[    5.591187] random 0029 0000 0000 e7f555d9 e8ce5c3c: add_disk_randomness(8:0) e7f555d9 e8ce5c3c
[    5.591190] random 0029 0000 0000 e7f555d9 e8ce5c3c: add_timer_randomness(.. 8388864) with jiffies: 13882436702812471712, cycles: -4564307375191752693
[    5.591348] random 0029 0000 0000 e7f555d9 e8ce5c3c: add_disk_randomness(8:0) e7f555d9 e8ce5c3c
[    5.591351] random 0029 0000 0000 e7f555d9 e8ce5c3c: add_timer_randomness(.. 8388864) with jiffies: 13883887117563298208, cycles: -4562856960440926197
[    5.591467] random 0029 0000 0000 e7f555d9 e8ce5c3c: add_disk_randomness(8:0) e7f555d9 e8ce5c3c
[    5.591470] random 0029 0000 0000 e7f555d9 e8ce5c3c: add_timer_randomness(.. 8388864) with jiffies: 13884964939606229408, cycles: -4561779138397994997
[    5.591708] random 0029 0000 0000 e7f555d9 e8ce5c3c: rand_read_num 10 get_random_bytes(4): sig ffffff72 e7f555d9 e8ce5c3c
[    5.591711] random 0029 0000 0000 e7f555d9 e8ce5c3c: extract_entropy(.. 4 ..)
[    5.591713] random 0029 0000 0000 e7f555d9 e8ce5c3c: going to reseed nonblocking with 64 bits (32 of 0 requested)
[    5.591716] random 0029 0000 0000 e7f555d9 e8ce5c3c: extract_entropy(.. 8 ..)
[    5.591718] random 0029 0000 0000 e7f555d9 e8ce5c3c: trying to extract 64 bits from input
[    5.591720] random 0029 0000 0000 e7f555d9 e8ce5c3c: debiting 0 entropy credits from input
[    5.591722] random 0029 0000 0000 e7f555d9 e8ce5c3c: extract_entropy account returned: 0 
[    5.591725] random 0029 0000 0000 e7f555d9 e8ce5c3c: urand_change_num 45 xfer_secondary_pool(4): pool_sig ffffff72, data_sig 00000000, bytes_mixed 0 e7f555d9 e8ce5c3c
[    5.591728] random 0029 0000 0000 e7f555d9 e8ce5c3c: trying to extract 32 bits from nonblocking
[    5.591730] random 0029 0000 0000 e7f555d9 e8ce5c3c: debiting 32 entropy credits from nonblocking (unlimited)
[    5.591732] random 0029 0000 0000 e7f555d9 e8ce5c3c: extract_entropy account returned: 4 
[    5.591736] random 0029 0000 0000 e7f555d9 e8ce5c3c: urand_change_num 46 extract_buf: pool_sig ffffff72, data_sig ffffff72, bytes_mixed 20 e7f555d9 e8ce5c3c
[    5.603291] random 0029 0000 0000 91716c54 eeb6a1e7: add_disk_randomness(8:0) 91716c54 eeb6a1e7
[    5.603294] random 0029 0000 0000 91716c54 eeb6a1e7: add_timer_randomness(.. 8388864) with jiffies: 13991340563584745900, cycles: -4455403514419478517
[    5.603297] random 0029 0000 0000 91716c54 eeb6a1e7: added 3 entropy credits to input
[    5.621567] random 0032 0000 0000 91716c54 eeb6a1e7: add_disk_randomness(8:0) 91716c54 eeb6a1e7
[    5.621570] random 0032 0000 0000 91716c54 eeb6a1e7: add_timer_randomness(.. 8388864) with jiffies: 14155764392850588094, cycles: -4290979685153636341
[    5.621572] random 0032 0000 0000 91716c54 eeb6a1e7: added 2 entropy credits to input
[    5.626310] EXT4-fs (sda2): mounted filesystem with ordered data mode
[    5.626483] VFS: Mounted root (ext4 filesystem) readonly on device 8:2.
[    5.626576] Freeing unused kernel memory: 448k freed
[    5.646716] random 0034 0000 0000 91716c54 eeb6a1e7: add_disk_randomness(8:0) 91716c54 eeb6a1e7
[    5.646719] random 0034 0000 0000 91716c54 eeb6a1e7: add_timer_randomness(.. 8388864) with jiffies: 14382014345061827032, cycles: -4064729732942397429
[    5.646722] random 0034 0000 0000 91716c54 eeb6a1e7: added 1 entropy credits to input
[    5.647446] random 0035 0000 0000 91716c54 eeb6a1e7: add_disk_randomness(8:0) 91716c54 eeb6a1e7
[    5.647449] random 0035 0000 0000 91716c54 eeb6a1e7: add_timer_randomness(.. 8388864) with jiffies: 14388594290793873880, cycles: -4058149787210350581
[    5.652174] random 0035 0000 0000 91716c54 eeb6a1e7: add_disk_randomness(8:0) 91716c54 eeb6a1e7
[    5.652176] random 0035 0000 0000 91716c54 eeb6a1e7: add_timer_randomness(.. 8388864) with jiffies: 14431121407691424221, cycles: -4015622670312800245
[    5.652179] random 0035 0000 0000 91716c54 eeb6a1e7: added 2 entropy credits to input
[    5.660371] random 0037 0000 0000 91716c54 eeb6a1e7: add_disk_randomness(8:0) 91716c54 eeb6a1e7
[    5.660374] random 0037 0000 0000 91716c54 eeb6a1e7: add_timer_randomness(.. 8388864) with jiffies: 14504873748579713509, cycles: -3941870329424510965
[    5.660376] random 0037 0000 0000 91716c54 eeb6a1e7: added 1 entropy credits to input
[    5.663795] random 0038 0000 0000 91716c54 eeb6a1e7: add_disk_randomness(8:0) 91716c54 eeb6a1e7
[    5.663798] random 0038 0000 0000 91716c54 eeb6a1e7: add_timer_randomness(.. 8388864) with jiffies: 14535668161580859881, cycles: -3911075916423364597
[    5.663800] random 0038 0000 0000 91716c54 eeb6a1e7: added 2 entropy credits to input
[    5.672688] random 0040 0000 0000 91716c54 eeb6a1e7: add_disk_randomness(8:0) 91716c54 eeb6a1e7
[    5.672691] random 0040 0000 0000 91716c54 eeb6a1e7: add_timer_randomness(.. 8388864) with jiffies: 14615679579784446450, cycles: -3831064498219778037
[    5.672694] random 0040 0000 0000 91716c54 eeb6a1e7: added 2 entropy credits to input
[    5.685969] random 0042 0000 0000 91716c54 eeb6a1e7: add_disk_randomness(8:0) 91716c54 eeb6a1e7
[    5.685972] random 0042 0000 0000 91716c54 eeb6a1e7: add_timer_randomness(.. 8388864) with jiffies: 14735169456904569343, cycles: -3711574621099655157
[    5.694045] random 0042 0000 0000 91716c54 eeb6a1e7: add_disk_randomness(8:0) 91716c54 eeb6a1e7
[    5.694048] random 0042 0000 0000 91716c54 eeb6a1e7: add_timer_randomness(.. 8388864) with jiffies: 14807826027081597447, cycles: -3638918050922627061
[    5.694050] random 0042 0000 0000 91716c54 eeb6a1e7: added 2 entropy credits to input
[    5.694073] RANDOM get_random_int call with cycles 50692410205, jiffies 4294672903 and pid 1
[    5.694076] RANDOM get_random_int call with cycles 50692417345, jiffies 4294672903 and pid 1
[    5.694078] ASLR stack rand value: 1314816 after shift for pid: 1
[    5.694080] RANDOM get_random_int call with cycles 50692425231, jiffies 4294672903 and pid 1
[    5.705690] random 0044 0000 0000 91716c54 eeb6a1e7: add_disk_randomness(8:0) 91716c54 eeb6a1e7
[    5.705693] random 0044 0000 0000 91716c54 eeb6a1e7: add_timer_randomness(.. 8388864) with jiffies: 14912590149265883667, cycles: -3534153928738340853
[    5.705696] random 0044 0000 0000 91716c54 eeb6a1e7: added 2 entropy credits to input
[    5.705705] RANDOM get_random_int call with cycles 50716776421, jiffies 4294672915 and pid 1
[    5.705709] random 0046 0000 0000 91716c54 eeb6a1e7: rand_read_num 11 get_random_bytes(16): sig fffffcad 91716c54 eeb6a1e7
[    5.705711] random 0046 0000 0000 91716c54 eeb6a1e7: extract_entropy(.. 16 ..)
[    5.705713] random 0046 0000 0000 91716c54 eeb6a1e7: going to reseed nonblocking with 128 bits (128 of 0 requested)
[    5.705716] random 0046 0000 0000 91716c54 eeb6a1e7: extract_entropy(.. 16 ..)
[    5.705718] random 0046 0000 0000 91716c54 eeb6a1e7: trying to extract 128 bits from input
[    5.705720] random 0046 0000 0000 91716c54 eeb6a1e7: debiting 0 entropy credits from input
[    5.705722] random 0046 0000 0000 91716c54 eeb6a1e7: extract_entropy account returned: 0 
[    5.705725] random 0046 0000 0000 91716c54 eeb6a1e7: urand_change_num 47 xfer_secondary_pool(16): pool_sig fffffcad, data_sig 00000000, bytes_mixed 0 91716c54 eeb6a1e7
[    5.705728] random 0046 0000 0000 91716c54 eeb6a1e7: trying to extract 128 bits from nonblocking
[    5.705731] random 0046 0000 0000 91716c54 eeb6a1e7: debiting 128 entropy credits from nonblocking (unlimited)
[    5.705733] random 0046 0000 0000 91716c54 eeb6a1e7: extract_entropy account returned: 16 
[    5.705737] random 0046 0000 0000 91716c54 eeb6a1e7: urand_change_num 48 extract_buf: pool_sig fffffcad, data_sig ffffff19, bytes_mixed 20 91716c54 eeb6a1e7
[    5.705743] random 0046 0000 0000 fd637b06 6cf47bc1: urand_change_num 49 extract_buf: pool_sig fffffede, data_sig ffffffc1, bytes_mixed 20 fd637b06 6cf47bc1
[    5.706712] random 0046 0000 0000 fd637b06 6cf47bc1: add_disk_randomness(8:0) fd637b06 6cf47bc1
[    5.706715] random 0046 0000 0000 fd637b06 6cf47bc1: add_timer_randomness(.. 8388864) with jiffies: 14921787220434846228, cycles: -3524956857569378293
[    5.707841] random 0046 0000 0000 fd637b06 6cf47bc1: add_disk_randomness(8:0) fd637b06 6cf47bc1
[    5.707844] random 0046 0000 0000 fd637b06 6cf47bc1: add_timer_randomness(.. 8388864) with jiffies: 14931942241109508629, cycles: -3514801836894715893
[    5.708991] random 0046 0000 0000 fd637b06 6cf47bc1: add_disk_randomness(8:0) fd637b06 6cf47bc1
[    5.708994] random 0046 0000 0000 fd637b06 6cf47bc1: add_timer_randomness(.. 8388864) with jiffies: 14942291634824118806, cycles: -3504452443180105717
[    5.709877] random 0046 0000 0000 fd637b06 6cf47bc1: add_disk_randomness(8:0) fd637b06 6cf47bc1
[    5.709880] random 0046 0000 0000 fd637b06 6cf47bc1: add_timer_randomness(.. 8388864) with jiffies: 14950261427678183959, cycles: -3496482650326040565
[    5.718687] random 0046 0000 0000 fd637b06 6cf47bc1: add_disk_randomness(8:0) fd637b06 6cf47bc1
[    5.718690] random 0046 0000 0000 fd637b06 6cf47bc1: add_timer_randomness(.. 8388864) with jiffies: 15029519457078444576, cycles: -3417224620925779957
[    5.718692] random 0046 0000 0000 fd637b06 6cf47bc1: added 3 entropy credits to input
[    5.718889] random 0049 0000 0000 fd637b06 6cf47bc1: add_disk_randomness(8:0) fd637b06 6cf47bc1
[    5.718892] random 0049 0000 0000 fd637b06 6cf47bc1: add_timer_randomness(.. 8388864) with jiffies: 15031343186091672096, cycles: -3415400891912552437
[    5.729075] random 0049 0000 0000 fd637b06 6cf47bc1: add_disk_randomness(8:0) fd637b06 6cf47bc1
[    5.729078] random 0049 0000 0000 fd637b06 6cf47bc1: add_timer_randomness(.. 8388864) with jiffies: 15122985160984461866, cycles: -3323758917019762677
[    5.729080] random 0049 0000 0000 fd637b06 6cf47bc1: added 3 entropy credits to input
[    5.729513] random 0052 0000 0000 fd637b06 6cf47bc1: add_disk_randomness(8:0) fd637b06 6cf47bc1
[    5.729516] random 0052 0000 0000 fd637b06 6cf47bc1: add_timer_randomness(.. 8388864) with jiffies: 15126937385595273770, cycles: -3319806692408950773
[    5.739255] random 0052 0000 0000 fd637b06 6cf47bc1: add_disk_randomness(8:0) fd637b06 6cf47bc1
[    5.739258] random 0052 0000 0000 fd637b06 6cf47bc1: add_timer_randomness(.. 8388864) with jiffies: 15214578658581381684, cycles: -3232165419422842869
[    5.739261] random 0052 0000 0000 fd637b06 6cf47bc1: added 3 entropy credits to input
[    5.739314] RANDOM get_random_int call with cycles 50787177945, jiffies 4294672948 and pid 1
[    5.743862] random 0055 0000 0000 fd637b06 6cf47bc1: add_disk_randomness(8:0) fd637b06 6cf47bc1
[    5.743865] random 0055 0000 0000 fd637b06 6cf47bc1: add_timer_randomness(.. 8388864) with jiffies: 15256019655559184953, cycles: -3190724422445039605
[    5.743868] random 0055 0000 0000 fd637b06 6cf47bc1: added 2 entropy credits to input
[    5.756688] random 0057 0000 0000 fd637b06 6cf47bc1: add_disk_randomness(8:0) fd637b06 6cf47bc1
[    5.756691] random 0057 0000 0000 fd637b06 6cf47bc1: add_timer_randomness(.. 8388864) with jiffies: 15371411824641278534, cycles: -3075332253362946037
[    5.756694] random 0057 0000 0000 fd637b06 6cf47bc1: added 3 entropy credits to input
[    5.756826] random 0060 0000 0000 fd637b06 6cf47bc1: add_disk_randomness(8:0) fd637b06 6cf47bc1
[    5.756829] random 0060 0000 0000 fd637b06 6cf47bc1: add_timer_randomness(.. 8388864) with jiffies: 15372649604151214662, cycles: -3074094473853009909
[    5.758990] random 0060 0000 0000 fd637b06 6cf47bc1: add_disk_randomness(8:0) fd637b06 6cf47bc1
[    5.758993] random 0060 0000 0000 fd637b06 6cf47bc1: add_timer_randomness(.. 8388864) with jiffies: 15392127383917789768, cycles: -3054616694086434805
[    5.758996] random 0060 0000 0000 fd637b06 6cf47bc1: added 1 entropy credits to input
[    5.759229] random 0061 0000 0000 fd637b06 6cf47bc1: add_disk_randomness(8:0) fd637b06 6cf47bc1
[    5.759232] random 0061 0000 0000 fd637b06 6cf47bc1: add_timer_randomness(.. 8388864) with jiffies: 15394282078815879752, cycles: -3052461999188344821
[    5.759371] random 0061 0000 0000 fd637b06 6cf47bc1: add_disk_randomness(8:0) fd637b06 6cf47bc1
[    5.759374] random 0061 0000 0000 fd637b06 6cf47bc1: add_timer_randomness(.. 8388864) with jiffies: 15395562026314728008, cycles: -3051182051689496565
[    5.762545] random 0061 0000 0000 fd637b06 6cf47bc1: add_disk_randomness(8:0) fd637b06 6cf47bc1
[    5.762548] random 0061 0000 0000 fd637b06 6cf47bc1: add_timer_randomness(.. 8388864) with jiffies: 15424118538016358987, cycles: -3022625539987865589
[    5.762551] random 0061 0000 0000 fd637b06 6cf47bc1: added 1 entropy credits to input
[    5.764553] random 0062 0000 0000 fd637b06 6cf47bc1: add_disk_randomness(8:0) fd637b06 6cf47bc1
[    5.764556] random 0062 0000 0000 fd637b06 6cf47bc1: add_timer_randomness(.. 8388864) with jiffies: 15442183333672092237, cycles: -3004560744332132341
[    5.772428] random 0062 0000 0000 fd637b06 6cf47bc1: add_disk_randomness(8:0) fd637b06 6cf47bc1
[    5.772431] random 0062 0000 0000 fd637b06 6cf47bc1: add_timer_randomness(.. 8388864) with jiffies: 15513027449125044821, cycles: -2933716628879179765
[    5.772434] random 0062 0000 0000 fd637b06 6cf47bc1: added 2 entropy credits to input
[    5.772532] random 0064 0000 0000 fd637b06 6cf47bc1: add_disk_randomness(8:0) fd637b06 6cf47bc1
[    5.772535] random 0064 0000 0000 fd637b06 6cf47bc1: add_timer_randomness(.. 8388864) with jiffies: 15513968175811887701, cycles: -2932775902192336885
[    5.776087] random 0064 0000 0000 fd637b06 6cf47bc1: add_disk_randomness(8:0) fd637b06 6cf47bc1
[    5.776090] random 0064 0000 0000 fd637b06 6cf47bc1: add_timer_randomness(.. 8388864) with jiffies: 15545941608875393625, cycles: -2900802469128830965
[    5.776092] random 0064 0000 0000 fd637b06 6cf47bc1: added 2 entropy credits to input
[    5.780575] random 0066 0000 0000 fd637b06 6cf47bc1: add_disk_randomness(8:0) fd637b06 6cf47bc1
[    5.780578] random 0066 0000 0000 fd637b06 6cf47bc1: add_timer_randomness(.. 8388864) with jiffies: 15586333190723961437, cycles: -2860410887280263157
[    5.786160] random 0066 0000 0000 fd637b06 6cf47bc1: add_disk_randomness(8:0) fd637b06 6cf47bc1
[    5.786163] random 0066 0000 0000 fd637b06 6cf47bc1: add_timer_randomness(.. 8388864) with jiffies: 15636567141102879331, cycles: -2810176936901345269
[    5.786165] random 0066 0000 0000 fd637b06 6cf47bc1: added 1 entropy credits to input
[    5.792439] random 0067 0000 0000 fd637b06 6cf47bc1: add_disk_randomness(8:0) fd637b06 6cf47bc1
[    5.792442] random 0067 0000 0000 fd637b06 6cf47bc1: add_timer_randomness(.. 8388864) with jiffies: 15693062694237864553, cycles: -2753681383766360053
[    5.792452] random 0067 0000 0000 fd637b06 6cf47bc1: rand_read_num 12 get_random_bytes(16): sig 0000033b fd637b06 6cf47bc1
[    5.792455] random 0067 0000 0000 fd637b06 6cf47bc1: extract_entropy(.. 16 ..)
[    5.792458] random 0067 0000 0000 fd637b06 6cf47bc1: going to reseed nonblocking with 128 bits (128 of 0 requested)
[    5.792460] random 0067 0000 0000 fd637b06 6cf47bc1: extract_entropy(.. 16 ..)
[    5.792462] random 0067 0000 0000 fd637b06 6cf47bc1: trying to extract 128 bits from input
[    5.792464] random 0067 0000 0000 fd637b06 6cf47bc1: debiting 0 entropy credits from input
[    5.792466] random 0067 0000 0000 fd637b06 6cf47bc1: extract_entropy account returned: 0 
[    5.792470] random 0067 0000 0000 fd637b06 6cf47bc1: urand_change_num 50 xfer_secondary_pool(16): pool_sig 0000033b, data_sig 00000000, bytes_mixed 0 fd637b06 6cf47bc1
[    5.792472] random 0067 0000 0000 fd637b06 6cf47bc1: trying to extract 128 bits from nonblocking
[    5.792475] random 0067 0000 0000 fd637b06 6cf47bc1: debiting 128 entropy credits from nonblocking (unlimited)
[    5.792477] random 0067 0000 0000 fd637b06 6cf47bc1: extract_entropy account returned: 16 
[    5.792482] random 0067 0000 0000 fd637b06 6cf47bc1: urand_change_num 51 extract_buf: pool_sig 0000033b, data_sig 000000d8, bytes_mixed 20 fd637b06 6cf47bc1
[    5.792487] random 0067 0000 0000 0ec1f012 d4727ca8: urand_change_num 52 extract_buf: pool_sig fffffcf5, data_sig 00000016, bytes_mixed 20 0ec1f012 d4727ca8
[    5.799183] random 0067 0000 0000 45b1d0b1 845a73f7: add_disk_randomness(8:0) 45b1d0b1 845a73f7
[    5.799186] random 0067 0000 0000 45b1d0b1 845a73f7: add_timer_randomness(.. 8388864) with jiffies: 15753733114498351728, cycles: -2693010963505872885
[    5.806396] random 0067 0000 0000 45b1d0b1 845a73f7: add_disk_randomness(8:0) 45b1d0b1 845a73f7
[    5.806399] random 0067 0000 0000 45b1d0b1 845a73f7: add_timer_randomness(.. 8388864) with jiffies: 15818637169921852023, cycles: -2628106908082372597
[    5.812002] random 0067 0000 0000 45b1d0b1 845a73f7: add_disk_randomness(8:0) 45b1d0b1 845a73f7
[    5.812005] random 0067 0000 0000 45b1d0b1 845a73f7: add_timer_randomness(.. 8388864) with jiffies: 15869064900635230845, cycles: -2577679177368993781
[    5.823831] random 0067 0000 0000 45b1d0b1 845a73f7: add_disk_randomness(8:0) 45b1d0b1 845a73f7
[    5.823834] random 0067 0000 0000 45b1d0b1 845a73f7: add_timer_randomness(.. 8388864) with jiffies: 15975480343255548553, cycles: -2471263734748676085
[    5.823836] random 0067 0000 0000 45b1d0b1 845a73f7: added 2 entropy credits to input
[    5.826967] random 0069 0000 0000 45b1d0b1 845a73f7: add_disk_randomness(8:0) 45b1d0b1 845a73f7
[    5.826970] random 0069 0000 0000 45b1d0b1 845a73f7: add_timer_randomness(.. 8388864) with jiffies: 16003700206830584460, cycles: -2443043871173640181
[    5.826973] random 0069 0000 0000 45b1d0b1 845a73f7: added 1 entropy credits to input
[    5.841239] random 0070 0000 0000 45b1d0b1 845a73f7: add_disk_randomness(8:0) 45b1d0b1 845a73f7
[    5.841242] random 0070 0000 0000 45b1d0b1 845a73f7: add_timer_randomness(.. 8388864) with jiffies: 16132103446759965338, cycles: -2314640631244259317
[    5.841244] random 0070 0000 0000 45b1d0b1 845a73f7: added 3 entropy credits to input
[    5.846636] random 0073 0000 0000 45b1d0b1 845a73f7: add_disk_randomness(8:0) 45b1d0b1 845a73f7
[    5.846639] random 0073 0000 0000 45b1d0b1 845a73f7: add_timer_randomness(.. 8388864) with jiffies: 16180651841518535328, cycles: -2266092236485689333
[    5.846642] random 0073 0000 0000 45b1d0b1 845a73f7: added 2 entropy credits to input
[    5.851808] random 0075 0000 0000 45b1d0b1 845a73f7: add_disk_randomness(8:0) 45b1d0b1 845a73f7
[    5.851811] random 0075 0000 0000 45b1d0b1 845a73f7: add_timer_randomness(.. 8388864) with jiffies: 16227184217283068581, cycles: -2219559860721156085
[    5.860035] random 0075 0000 0000 45b1d0b1 845a73f7: add_disk_randomness(8:0) 45b1d0b1 845a73f7
[    5.860038] random 0075 0000 0000 45b1d0b1 845a73f7: add_timer_randomness(.. 8388864) with jiffies: 16301205878390620845, cycles: -2145538199613603829
[    5.860041] random 0075 0000 0000 45b1d0b1 845a73f7: added 1 entropy credits to input
[    5.869639] random 0076 0000 0000 45b1d0b1 845a73f7: add_disk_randomness(8:0) 45b1d0b1 845a73f7
[    5.869642] random 0076 0000 0000 45b1d0b1 845a73f7: add_timer_randomness(.. 8388864) with jiffies: 16387604724712178359, cycles: -2059139353292046325
[    5.889139] random 0076 0000 0000 45b1d0b1 845a73f7: add_disk_randomness(8:0) 45b1d0b1 845a73f7
[    5.889142] random 0076 0000 0000 45b1d0b1 845a73f7: add_timer_randomness(.. 8388864) with jiffies: 16563048400677470922, cycles: -1883695677326753781
[    5.889145] random 0076 0000 0000 45b1d0b1 845a73f7: added 2 entropy credits to input
[    5.902424] random 0078 0000 0000 45b1d0b1 845a73f7: add_disk_randomness(8:0) 45b1d0b1 845a73f7
[    5.902427] random 0078 0000 0000 45b1d0b1 845a73f7: add_timer_randomness(.. 8388864) with jiffies: 16682577512323842775, cycles: -1764166565680381941
[    5.902430] random 0078 0000 0000 45b1d0b1 845a73f7: added 2 entropy credits to input
[    5.910446] random 0080 0000 0000 45b1d0b1 845a73f7: add_disk_randomness(8:0) 45b1d0b1 845a73f7
[    5.910449] random 0080 0000 0000 45b1d0b1 845a73f7: add_timer_randomness(.. 8388864) with jiffies: 16754747844958323423, cycles: -1691996233045901301
[    5.920454] random 0080 0000 0000 45b1d0b1 845a73f7: add_disk_randomness(8:0) 45b1d0b1 845a73f7
[    5.920457] random 0080 0000 0000 45b1d0b1 845a73f7: add_timer_randomness(.. 8388864) with jiffies: 16844790631728120553, cycles: -1601953446276104181
[    5.920460] random 0080 0000 0000 45b1d0b1 845a73f7: added 1 entropy credits to input
[    5.933344] random 0081 0000 0000 45b1d0b1 845a73f7: add_disk_randomness(8:0) 45b1d0b1 845a73f7
[    5.933347] random 0081 0000 0000 45b1d0b1 845a73f7: add_timer_randomness(.. 8388864) with jiffies: 16960759864026170102, cycles: -1485984213978054645
[    5.940703] random 0081 0000 0000 45b1d0b1 845a73f7: add_disk_randomness(8:0) 45b1d0b1 845a73f7
[    5.940706] random 0081 0000 0000 45b1d0b1 845a73f7: add_timer_randomness(.. 8388864) with jiffies: 17026955815547536126, cycles: -1419788262456688629
[    5.940709] random 0081 0000 0000 45b1d0b1 845a73f7: added 2 entropy credits to input
[    5.945947] random 0083 0000 0000 45b1d0b1 845a73f7: add_disk_randomness(8:0) 45b1d0b1 845a73f7
[    5.945950] random 0083 0000 0000 45b1d0b1 845a73f7: add_timer_randomness(.. 8388864) with jiffies: 17074139755030741763, cycles: -1372604322973482997
[    5.945953] random 0083 0000 0000 45b1d0b1 845a73f7: added 1 entropy credits to input
[    5.952388] random 0084 0000 0000 45b1d0b1 845a73f7: add_disk_randomness(8:0) 45b1d0b1 845a73f7
[    5.952391] random 0084 0000 0000 45b1d0b1 845a73f7: add_timer_randomness(.. 8388864) with jiffies: 17132096907011392265, cycles: -1314647170992832501
[    5.957440] random 0084 0000 0000 45b1d0b1 845a73f7: add_disk_randomness(8:0) 45b1d0b1 845a73f7
[    5.957443] random 0084 0000 0000 45b1d0b1 845a73f7: add_timer_randomness(.. 8388864) with jiffies: 17177545009692115726, cycles: -1269199068312109045
[    5.963342] random 0084 0000 0000 45b1d0b1 845a73f7: add_disk_randomness(8:0) 45b1d0b1 845a73f7
[    5.963345] random 0084 0000 0000 45b1d0b1 845a73f7: add_timer_randomness(.. 8388864) with jiffies: 17230640099779904276, cycles: -1216103978224320501
[    5.972699] random 0084 0000 0000 45b1d0b1 845a73f7: add_disk_randomness(8:0) 45b1d0b1 845a73f7
[    5.972702] random 0084 0000 0000 45b1d0b1 845a73f7: add_timer_randomness(.. 8388864) with jiffies: 17314817550361264926, cycles: -1131926527642959861
[    5.972705] random 0084 0000 0000 45b1d0b1 845a73f7: added 1 entropy credits to input
[    5.977573] random 0085 0000 0000 45b1d0b1 845a73f7: add_disk_randomness(8:0) 45b1d0b1 845a73f7
[    5.977576] random 0085 0000 0000 45b1d0b1 845a73f7: add_timer_randomness(.. 8388864) with jiffies: 17358677150797628194, cycles: -1088066927206596597
[    5.977581] random 0085 0000 0000 45b1d0b1 845a73f7: added 2 entropy credits to input
[    5.985009] random 0087 0000 0000 45b1d0b1 845a73f7: add_disk_randomness(8:0) 45b1d0b1 845a73f7
[    5.985012] random 0087 0000 0000 45b1d0b1 845a73f7: add_timer_randomness(.. 8388864) with jiffies: 17425571296497599274, cycles: -1021172781506625525
[    5.985015] random 0087 0000 0000 45b1d0b1 845a73f7: added 2 entropy credits to input
[    5.991224] random 0089 0000 0000 45b1d0b1 845a73f7: add_disk_randomness(8:0) 45b1d0b1 845a73f7
[    5.991227] random 0089 0000 0000 45b1d0b1 845a73f7: add_timer_randomness(.. 8388864) with jiffies: 17481489876610941744, cycles: -965254201393283061
[    5.991229] random 0089 0000 0000 45b1d0b1 845a73f7: added 1 entropy credits to input
[    5.991381] random 0090 0000 0000 45b1d0b1 845a73f7: add_disk_randomness(8:0) 45b1d0b1 845a73f7
[    5.991384] random 0090 0000 0000 45b1d0b1 845a73f7: add_timer_randomness(.. 8388864) with jiffies: 17482904303830795056, cycles: -963839774173429749
[    6.005788] random 0090 0000 0000 45b1d0b1 845a73f7: add_disk_randomness(8:0) 45b1d0b1 845a73f7
[    6.005791] random 0090 0000 0000 45b1d0b1 845a73f7: add_timer_randomness(.. 8388864) with jiffies: 17612514481109959487, cycles: -834229596894265333
[    6.005794] random 0090 0000 0000 45b1d0b1 845a73f7: added 3 entropy credits to input
[    6.013205] random 0093 0000 0000 45b1d0b1 845a73f7: add_disk_randomness(8:0) 45b1d0b1 845a73f7
[    6.013208] random 0093 0000 0000 45b1d0b1 845a73f7: add_timer_randomness(.. 8388864) with jiffies: 17679248351515345734, cycles: -767495726488879093
[    6.013211] random 0093 0000 0000 45b1d0b1 845a73f7: added 2 entropy credits to input
[    6.022888] random 0095 0000 0000 45b1d0b1 845a73f7: add_disk_randomness(8:0) 45b1d0b1 845a73f7
[    6.022892] random 0095 0000 0000 45b1d0b1 845a73f7: add_timer_randomness(.. 8388864) with jiffies: 17766364375770956624, cycles: -680379702233268213
[    6.022894] random 0095 0000 0000 45b1d0b1 845a73f7: added 1 entropy credits to input
[    6.033517] random 0096 0000 0000 45b1d0b1 845a73f7: add_disk_randomness(8:0) 45b1d0b1 845a73f7
[    6.033520] random 0096 0000 0000 45b1d0b1 845a73f7: add_timer_randomness(.. 8388864) with jiffies: 17861995920015197018, cycles: -584748157989027829
[    6.046034] random 0096 0000 0000 45b1d0b1 845a73f7: add_disk_randomness(8:0) 45b1d0b1 845a73f7
[    6.046037] random 0096 0000 0000 45b1d0b1 845a73f7: add_timer_randomness(.. 8388864) with jiffies: 17974603382626419559, cycles: -472140695377805301
[    6.046040] random 0096 0000 0000 45b1d0b1 845a73f7: added 1 entropy credits to input
[    6.047247] random 0097 0000 0000 45b1d0b1 845a73f7: add_disk_randomness(8:0) 45b1d0b1 845a73f7
[    6.047250] random 0097 0000 0000 45b1d0b1 845a73f7: add_timer_randomness(.. 8388864) with jiffies: 17985517482936075112, cycles: -461226595068149749
[    6.051258] random 0097 0000 0000 45b1d0b1 845a73f7: add_disk_randomness(8:0) 45b1d0b1 845a73f7
[    6.051261] random 0097 0000 0000 45b1d0b1 845a73f7: add_timer_randomness(.. 8388864) with jiffies: 18021603957070857068, cycles: -425140120933367797
[    6.051264] random 0097 0000 0000 45b1d0b1 845a73f7: added 1 entropy credits to input
[    6.060602] random 0098 0000 0000 45b1d0b1 845a73f7: add_disk_randomness(8:0) 45b1d0b1 845a73f7
[    6.060605] random 0098 0000 0000 45b1d0b1 845a73f7: add_timer_randomness(.. 8388864) with jiffies: 18105657613809845110, cycles: -341086464194379765
[    6.060607] random 0098 0000 0000 45b1d0b1 845a73f7: added 1 entropy credits to input
[    6.060992] random 0099 0000 0000 45b1d0b1 845a73f7: add_disk_randomness(8:0) 45b1d0b1 845a73f7
[    6.060995] random 0099 0000 0000 45b1d0b1 845a73f7: add_timer_randomness(.. 8388864) with jiffies: 18109172305807246198, cycles: -337571772196978677
[    6.076612] random 0099 0000 0000 45b1d0b1 845a73f7: add_disk_randomness(8:0) 45b1d0b1 845a73f7
[    6.076615] random 0099 0000 0000 45b1d0b1 845a73f7: add_timer_randomness(.. 8388864) with jiffies: 18249696037935219590, cycles: -197048040069005301
[    6.076617] random 0099 0000 0000 45b1d0b1 845a73f7: added 4 entropy credits to input
[    6.078242] random 0103 0000 0000 45b1d0b1 845a73f7: add_disk_randomness(8:0) 45b1d0b1 845a73f7
[    6.078245] random 0103 0000 0000 45b1d0b1 845a73f7: add_timer_randomness(.. 8388864) with jiffies: 18264371554638594951, cycles: -182372523365629941
[    6.078388] random 0103 0000 0000 45b1d0b1 845a73f7: add_disk_randomness(8:0) 45b1d0b1 845a73f7
[    6.078391] random 0103 0000 0000 45b1d0b1 845a73f7: add_timer_randomness(.. 8388864) with jiffies: 18265692630744269703, cycles: -181051447259955189
[    6.089265] random 0103 0000 0000 45b1d0b1 845a73f7: add_disk_randomness(8:0) 45b1d0b1 845a73f7
[    6.089268] random 0103 0000 0000 45b1d0b1 845a73f7: add_timer_randomness(.. 8388864) with jiffies: 18363543358820549522, cycles: -83200719183675381
[    6.089270] random 0103 0000 0000 45b1d0b1 845a73f7: added 3 entropy credits to input
[    6.089834] random 0106 0000 0000 45b1d0b1 845a73f7: add_disk_randomness(8:0) 45b1d0b1 845a73f7
[    6.089837] random 0106 0000 0000 45b1d0b1 845a73f7: add_timer_randomness(.. 8388864) with jiffies: 18368657737157149587, cycles: -78086340847075317
[    6.095061] random 0106 0000 0000 45b1d0b1 845a73f7: add_disk_randomness(8:0) 45b1d0b1 845a73f7
[    6.095064] random 0106 0000 0000 45b1d0b1 845a73f7: add_timer_randomness(.. 8388864) with jiffies: 18415688616890827672, cycles: -31055461113397237
[    6.095067] random 0106 0000 0000 45b1d0b1 845a73f7: added 2 entropy credits to input
[    6.096815] random 0108 0000 0000 45b1d0b1 845a73f7: add_disk_randomness(8:0) 45b1d0b1 845a73f7
[    6.096818] random 0108 0000 0000 45b1d0b1 845a73f7: add_timer_randomness(.. 8388864) with jiffies: 18431467974549013402, cycles: -15276103455211509
[    6.096821] random 0108 0000 0000 45b1d0b1 845a73f7: added 1 entropy credits to input
