[    0.000000] random 0000 0000 0000 00000000 00000000: rand_read_num 1 get_random_bytes(8): sig 00000000 00000000 00000000
[    0.000000] random 0000 0000 0000 00000000 00000000: extract_entropy(.. 8 ..)
[    0.000000] random 0000 0000 0000 00000000 00000000: going to reseed nonblocking with 64 bits (64 of 0 requested)
[    0.000000] random 0000 0000 0000 00000000 00000000: extract_entropy(.. 8 ..)
[    0.000000] random 0000 0000 0000 00000000 00000000: trying to extract 64 bits from input
[    0.000000] random 0000 0000 0000 00000000 00000000: debiting 0 entropy credits from input
[    0.000000] random 0000 0000 0000 00000000 00000000: extract_entropy account returned: 0 
[    0.000000] random 0000 0000 0000 00000000 00000000: urand_change_num 1 xfer_secondary_pool(8): pool_sig 00000000, data_sig 00000000, bytes_mixed 0 00000000 00000000
[    0.000000] random 0000 0000 0000 00000000 00000000: trying to extract 64 bits from nonblocking
[    0.000000] random 0000 0000 0000 00000000 00000000: debiting 64 entropy credits from nonblocking (unlimited)
[    0.000000] random 0000 0000 0000 00000000 00000000: extract_entropy account returned: 8 
[    0.000000] random 0000 0000 0000 00000000 00000000: urand_change_num 2 extract_buf: pool_sig 00000000, data_sig fffffff9, bytes_mixed 20 00000000 00000000
[    0.000000] Linux version 2.6.32.57 (dcashman@dcashman-02) (gcc version 4.3.3 (GCC) ) #6 Thu May 30 09:02:12 PDT 2013
[    0.000000] KERNEL supported cpus:
[    0.000000]   Intel GenuineIntel
[    0.000000]   AMD AuthenticAMD
[    0.000000]   NSC Geode by NSC
[    0.000000]   Cyrix CyrixInstead
[    0.000000]   Centaur CentaurHauls
[    0.000000]   Transmeta GenuineTMx86
[    0.000000]   Transmeta TransmetaCPU
[    0.000000]   UMC UMC UMC UMC
[    0.000000] BIOS-provided physical RAM map:
[    0.000000]  BIOS-e820: 0000000000000000 - 000000000009d800 (usable)
[    0.000000]  BIOS-e820: 000000000009d800 - 00000000000a0000 (reserved)
[    0.000000]  BIOS-e820: 00000000000d2000 - 00000000000d4000 (reserved)
[    0.000000]  BIOS-e820: 00000000000e0000 - 0000000000100000 (reserved)
[    0.000000]  BIOS-e820: 0000000000100000 - 000000003d6b0000 (usable)
[    0.000000]  BIOS-e820: 000000003d6b0000 - 000000003d6cc000 (ACPI data)
[    0.000000]  BIOS-e820: 000000003d6cc000 - 000000003d700000 (ACPI NVS)
[    0.000000]  BIOS-e820: 000000003d700000 - 000000003e000000 (reserved)
[    0.000000]  BIOS-e820: 00000000f0000000 - 00000000f4000000 (reserved)
[    0.000000]  BIOS-e820: 00000000fec00000 - 00000000fec10000 (reserved)
[    0.000000]  BIOS-e820: 00000000fed00000 - 00000000fed00400 (reserved)
[    0.000000]  BIOS-e820: 00000000fed14000 - 00000000fed1a000 (reserved)
[    0.000000]  BIOS-e820: 00000000fed1c000 - 00000000fed90000 (reserved)
[    0.000000]  BIOS-e820: 00000000fee00000 - 00000000fee01000 (reserved)
[    0.000000]  BIOS-e820: 00000000ff000000 - 0000000100000000 (reserved)
[    0.000000] DMI present.
[    0.000000] last_pfn = 0x3d6b0 max_arch_pfn = 0x100000
[    0.000000] MTRR default type: uncachable
[    0.000000] MTRR fixed ranges enabled:
[    0.000000]   00000-9FFFF write-back
[    0.000000]   A0000-BFFFF uncachable
[    0.000000]   C0000-CFFFF write-protect
[    0.000000]   D0000-DFFFF uncachable
[    0.000000]   E0000-FFFFF write-protect
[    0.000000] MTRR variable ranges enabled:
[    0.000000]   0 base 03E000000 mask FFE000000 uncachable
[    0.000000]   1 base 000000000 mask FC0000000 write-back
[    0.000000]   2 base 03D700000 mask FFFF00000 uncachable
[    0.000000]   3 base 03D800000 mask FFF800000 uncachable
[    0.000000]   4 disabled
[    0.000000]   5 disabled
[    0.000000]   6 disabled
[    0.000000]   7 disabled
[    0.000000] initial memory mapped : 0 - 02000000
[    0.000000] init_memory_mapping: 0000000000000000-00000000377fe000
[    0.000000]  0000000000 - 0000400000 page 4k
[    0.000000]  0000400000 - 0037400000 page 2M
[    0.000000]  0037400000 - 00377fe000 page 4k
[    0.000000] kernel direct mapping tables up to 377fe000 @ 7000-c000
[    0.000000] ACPI: RSDP 000f68d0 00024 (v02 LENOVO)
[    0.000000] ACPI: XSDT 3d6bb77f 00094 (v01 LENOVO TP-7L    00002170  LTP 00000000)
[    0.000000] ACPI: FACP 3d6bb900 000F4 (v03 LENOVO TP-7L    00002170 LNVO 00000001)
[    0.000000] ACPI Warning: 32/64X length mismatch in Gpe1Block: 0/32 (20090903/tbfadt-526)
[    0.000000] ACPI Warning: Optional field Gpe1Block has zero address or length: 000000000000102C/0 (20090903/tbfadt-557)
[    0.000000] ACPI: DSDT 3d6bbd1d 0FED1 (v01 LENOVO TP-7L    00002170 MSFT 03000000)
[    0.000000] ACPI: FACS 3d6e4000 00040
[    0.000000] ACPI: SSDT 3d6bbab4 00269 (v01 LENOVO TP-7L    00002170 MSFT 03000000)
[    0.000000] ACPI: ECDT 3d6cbbee 00052 (v01 LENOVO TP-7L    00002170 LNVO 00000001)
[    0.000000] ACPI: TCPA 3d6cbc40 00032 (v02 LENOVO TP-7L    00002170 LNVO 00000001)
[    0.000000] ACPI: APIC 3d6cbc72 00068 (v01 LENOVO TP-7L    00002170 LNVO 00000001)
[    0.000000] ACPI: MCFG 3d6cbcda 0003C (v01 LENOVO TP-7L    00002170 LNVO 00000001)
[    0.000000] ACPI: HPET 3d6cbd16 00038 (v01 LENOVO TP-7L    00002170 LNVO 00000001)
[    0.000000] ACPI: SLIC 3d6cbdf0 00176 (v01 LENOVO TP-7L    00002170  LTP 00000000)
[    0.000000] ACPI: BOOT 3d6cbf66 00028 (v01 LENOVO TP-7L    00002170  LTP 00000001)
[    0.000000] ACPI: ASF! 3d6cbf8e 00072 (v16 LENOVO TP-7L    00002170 PTL  00000001)
[    0.000000] ACPI: SSDT 3d6e26d9 0025F (v01 LENOVO TP-7L    00002170 INTL 20050513)
[    0.000000] ACPI: SSDT 3d6e2938 000A6 (v01 LENOVO TP-7L    00002170 INTL 20050513)
[    0.000000] ACPI: SSDT 3d6e29de 004F7 (v01 LENOVO TP-7L    00002170 INTL 20050513)
[    0.000000] ACPI: SSDT 3d6e2ed5 001D8 (v01 LENOVO TP-7L    00002170 INTL 20050513)
[    0.000000] ACPI: DMI detected: Lenovo ThinkPad R61
[    0.000000] ACPI: Added _OSI(Linux)
[    0.000000] ACPI: Local APIC address 0xfee00000
[    0.000000] 94MB HIGHMEM available.
[    0.000000] 887MB LOWMEM available.
[    0.000000]   mapped low ram: 0 - 377fe000
[    0.000000]   low ram: 0 - 377fe000
[    0.000000]   node 0 low ram: 00000000 - 377fe000
[    0.000000]   node 0 bootmap 00008000 - 0000ef00
[    0.000000] (6 early reservations) ==> bootmem [0000000000 - 00377fe000]
[    0.000000]   #0 [0000000000 - 0000001000]   BIOS data page ==> [0000000000 - 0000001000]
[    0.000000]   #1 [0001000000 - 0001bdc180]    TEXT DATA BSS ==> [0001000000 - 0001bdc180]
[    0.000000]   #2 [000009d800 - 0000100000]    BIOS reserved ==> [000009d800 - 0000100000]
[    0.000000]   #3 [0001bdd000 - 0001be516c]              BRK ==> [0001bdd000 - 0001be516c]
[    0.000000]   #4 [0000007000 - 0000008000]          PGTABLE ==> [0000007000 - 0000008000]
[    0.000000]   #5 [0000008000 - 000000f000]          BOOTMAP ==> [0000008000 - 000000f000]
[    0.000000] found SMP MP-table at [c00f6900] f6900
[    0.000000] Zone PFN ranges:
[    0.000000]   DMA      0x00000000 -> 0x00001000
[    0.000000]   Normal   0x00001000 -> 0x000377fe
[    0.000000]   HighMem  0x000377fe -> 0x0003d6b0
[    0.000000] Movable zone start PFN for each node
[    0.000000] early_node_map[2] active PFN ranges
[    0.000000]     0: 0x00000000 -> 0x0000009d
[    0.000000]     0: 0x00000100 -> 0x0003d6b0
[    0.000000] On node 0 totalpages: 251469
[    0.000000] free_area_init_node: node 0, pgdat c1901ea0, node_mem_map c1be7000
[    0.000000]   DMA zone: 32 pages used for memmap
[    0.000000]   DMA zone: 0 pages reserved
[    0.000000]   DMA zone: 3965 pages, LIFO batch:0
[    0.000000]   Normal zone: 1744 pages used for memmap
[    0.000000]   Normal zone: 221486 pages, LIFO batch:31
[    0.000000]   HighMem zone: 190 pages used for memmap
[    0.000000]   HighMem zone: 24052 pages, LIFO batch:3
[    0.000000] Using APIC driver default
[    0.000000] ACPI: PM-Timer IO Port: 0x1008
[    0.000000] ACPI: Local APIC address 0xfee00000
[    0.000000] ACPI: LAPIC (acpi_id[0x00] lapic_id[0x00] enabled)
[    0.000000] ACPI: LAPIC (acpi_id[0x01] lapic_id[0x01] enabled)
[    0.000000] ACPI: NR_CPUS/possible_cpus limit of 1 reached.  Processor 1/0x1 ignored.
[    0.000000] ACPI: LAPIC_NMI (acpi_id[0x00] high edge lint[0x1])
[    0.000000] ACPI: LAPIC_NMI (acpi_id[0x01] high edge lint[0x1])
[    0.000000] ACPI: IOAPIC (id[0x01] address[0xfec00000] gsi_base[0])
[    0.000000] IOAPIC[0]: apic_id 1, version 32, address 0xfec00000, GSI 0-23
[    0.000000] ACPI: INT_SRC_OVR (bus 0 bus_irq 0 global_irq 2 dfl dfl)
[    0.000000] ACPI: INT_SRC_OVR (bus 0 bus_irq 9 global_irq 9 high level)
[    0.000000] ACPI: IRQ0 used by override.
[    0.000000] ACPI: IRQ2 used by override.
[    0.000000] ACPI: IRQ9 used by override.
[    0.000000] Using ACPI (MADT) for SMP configuration information
[    0.000000] ACPI: HPET id: 0x8086a201 base: 0xfed00000
[    0.000000] nr_irqs_gsi: 24
[    0.000000] PM: Registered nosave memory: 000000000009d000 - 000000000009e000
[    0.000000] PM: Registered nosave memory: 000000000009e000 - 00000000000a0000
[    0.000000] PM: Registered nosave memory: 00000000000a0000 - 00000000000d2000
[    0.000000] PM: Registered nosave memory: 00000000000d2000 - 00000000000d4000
[    0.000000] PM: Registered nosave memory: 00000000000d4000 - 00000000000e0000
[    0.000000] PM: Registered nosave memory: 00000000000e0000 - 0000000000100000
[    0.000000] Allocating PCI resources starting at 3e000000 (gap: 3e000000:b2000000)
[    0.000000] Built 1 zonelists in Zone order, mobility grouping on.  Total pages: 249503
[    0.000000] Kernel command line: auto BOOT_IMAGE=Linux ro root=802 vt.default_utf8=0 maxcpus=0
[    0.000000] PID hash table entries: 4096 (order: 2, 16384 bytes)
[    0.000000] Dentry cache hash table entries: 131072 (order: 7, 524288 bytes)
[    0.000000] Inode-cache hash table entries: 65536 (order: 6, 262144 bytes)
[    0.000000] Enabling fast FPU save and restore... done.
[    0.000000] Enabling unmasked SIMD FPU exception support... done.
[    0.000000] Initializing CPU#0
[    0.000000] Initializing HighMem for node 0 (000377fe:0003d6b0)
[    0.000000] Memory: 984800k/1006272k available (6915k kernel code, 20876k reserved, 2327k data, 448k init, 96968k highmem)
[    0.000000] virtual kernel memory layout:
[    0.000000]     fixmap  : 0xfffa3000 - 0xfffff000   ( 368 kB)
[    0.000000]     pkmap   : 0xff800000 - 0xffc00000   (4096 kB)
[    0.000000]     vmalloc : 0xf7ffe000 - 0xff7fe000   ( 120 MB)
[    0.000000]     lowmem  : 0xc0000000 - 0xf77fe000   ( 887 MB)
[    0.000000]       .init : 0xc1907000 - 0xc1977000   ( 448 kB)
[    0.000000]       .data : 0xc16c0d3f - 0xc1906c64   (2327 kB)
[    0.000000]       .text : 0xc1000000 - 0xc16c0d3f   (6915 kB)
[    0.000000] Checking if this processor honours the WP bit even in supervisor mode...Ok.
[    0.000000] SLUB: Genslabs=13, HWalign=64, Order=0-3, MinObjects=0, CPUs=1, Nodes=1
[    0.000000] Hierarchical RCU implementation.
[    0.000000] NR_IRQS:288
[    0.000000] Extended CMOS year: 2000
[    0.000000] Console: colour VGA+ 80x25
[    0.000000] console [tty0] enabled
[    0.000000] hpet clockevent registered
[    0.000000] Fast TSC calibration using PIT
[    0.000000] Detected 2094.588 MHz processor.
[    0.001002] Calibrating delay loop (skipped), value calculated using timer frequency.. 4189.17 BogoMIPS (lpj=2094588)
[    0.002008] Security Framework initialized
[    0.002094] Mount-cache hash table entries: 512
[    0.002238] CPU: L1 I cache: 32K, L1 D cache: 32K
[    0.002365] CPU: L2 cache: 3072K
[    0.002450] mce: CPU supports 6 MCE banks
[    0.002532] CPU0: Thermal monitoring enabled (TM2)
[    0.002618] using mwait in idle threads.
[    0.002699] CPU: Intel(R) Core(TM)2 Duo CPU     T8100  @ 2.10GHz stepping 06
[    0.002876] Checking 'hlt' instruction... OK.
[    0.006936] ACPI: Core revision 20090903
[    0.026009] RANDOM get_random_int first call with cycles 38466203916, jiffies 4294667322 and pid 0
[    0.026016] CANARY value: cc06f310 for PID: 1
[    0.026023] CANARY value: fe3a4f29 for PID: 2
[    0.026048] Enabling APIC mode:  Flat.  Using 1 I/O APICs
[    0.027364] ..TIMER: vector=0x30 apic1=0 pin1=2 apic2=-1 pin2=-1
[    0.037997] xor: automatically using best checksumming function: pIII_sse
[    0.041998]    pIII_sse  :  8568.000 MB/sec
[    0.042095] xor: using function: pIII_sse (8568.000 MB/sec)
[    0.042186] RANDOM - __seed init called.
[    0.042187] RANDOM - __seed init called.
[    0.042187] RANDOM - __seed init called.
[    0.042189] RANDOM - __random32 called. Change num 1.  Value: f7943846	49e73df3	af36cd0d
[    0.042191] RANDOM - __random32 called. Change num 2.  Value: 43846e13	9e73df37	9a1ad014
[    0.042193] RANDOM - __random32 called. Change num 3.  Value: 46e139c8	e73df373	a029598a
[    0.042195] RANDOM - __random32 called. Change num 4.  Value: 139c8c3b	73df373d	b3142c72
[    0.042196] RANDOM - __random32 called. Change num 5.  Value: c8c3b043	3df373de	58e576a9
[    0.042198] RANDOM - __random32 called. Change num 6.  Value: 3b0437d9	df373de5	ed53f9d8
[    0.042200] RANDOM - random32 init called.  Value: 3b0437d9	df373de5	ed53f9d8
[    0.042217] NET: Registered protocol family 16
[    0.042477] ACPI FADT declares the system doesn't support PCIe ASPM, so disable it
[    0.042605] ACPI: bus type pci registered
[    0.042783] PCI: MCFG configuration 0: base f0000000 segment 0 buses 0 - 63
[    0.042875] PCI: MCFG area at f0000000 reserved in E820
[    0.042967] PCI: Using MMCONFIG for extended config space
[    0.043002] PCI: Using configuration type 1 for base access
[    0.046160] bio: create slab <bio-0> at 0
[    0.046972] ACPI: EC: EC description table is found, configuring boot EC
[    0.052150] ACPI: BIOS _OSI(Linux) query honored via DMI
[    0.052877] random 0000 0000 0000 00000000 00000000: rand_read_num 2 get_random_bytes(8): sig fffffe1a 00000000 00000000
[    0.052879] random 0000 0000 0000 00000000 00000000: extract_entropy(.. 8 ..)
[    0.052882] random 0000 0000 0000 00000000 00000000: going to reseed nonblocking with 64 bits (64 of 0 requested)
[    0.052884] random 0000 0000 0000 00000000 00000000: extract_entropy(.. 8 ..)
[    0.052887] random 0000 0000 0000 00000000 00000000: trying to extract 64 bits from input
[    0.052889] random 0000 0000 0000 00000000 00000000: debiting 0 entropy credits from input
[    0.052891] random 0000 0000 0000 00000000 00000000: extract_entropy account returned: 0 
[    0.052920] random 0000 0000 0000 00000000 00000000: urand_change_num 3 xfer_secondary_pool(8): pool_sig fffffe1a, data_sig 00000000, bytes_mixed 0 00000000 00000000
[    0.052923] random 0000 0000 0000 00000000 00000000: trying to extract 64 bits from nonblocking
[    0.052926] random 0000 0000 0000 00000000 00000000: debiting 64 entropy credits from nonblocking (unlimited)
[    0.052928] random 0000 0000 0000 00000000 00000000: extract_entropy account returned: 8 
[    0.052932] random 0000 0000 0000 00000000 00000000: urand_change_num 4 extract_buf: pool_sig fffffe1a, data_sig fffffed7, bytes_mixed 20 00000000 00000000
[    0.058579] ACPI: Interpreter enabled
[    0.058664] ACPI: (supports S0 S3 S4 S5)
[    0.058998] ACPI: Using IOAPIC for interrupt routing
[    0.068822] ACPI: EC: GPE = 0x12, I/O: command/status = 0x66, data = 0x62
[    0.069083] ACPI: Power Resource [PUBS] (on)
[    0.071191] ACPI: ACPI Dock Station Driver: 3 docks/bays found
[    0.071600] ACPI: PCI Root Bridge [PCI0] (0000:00)
[    0.071772] pci 0000:00:02.0: reg 10 64bit mmio: [0xf8100000-0xf81fffff]
[    0.071778] pci 0000:00:02.0: reg 18 64bit mmio pref: [0xe0000000-0xefffffff]
[    0.071782] pci 0000:00:02.0: reg 20 io port: [0x1800-0x1807]
[    0.071817] pci 0000:00:02.1: reg 10 64bit mmio: [0xf8200000-0xf82fffff]
[    0.071918] pci 0000:00:19.0: reg 10 32bit mmio: [0xfe000000-0xfe01ffff]
[    0.071927] pci 0000:00:19.0: reg 14 32bit mmio: [0xfe025000-0xfe025fff]
[    0.071936] pci 0000:00:19.0: reg 18 io port: [0x1840-0x185f]
[    0.072019] pci 0000:00:19.0: PME# supported from D0 D3hot D3cold
[    0.072116] pci 0000:00:19.0: PME# disabled
[    0.072280] pci 0000:00:1a.0: reg 20 io port: [0x1860-0x187f]
[    0.072375] pci 0000:00:1a.1: reg 20 io port: [0x1880-0x189f]
[    0.072452] pci 0000:00:1a.7: reg 10 32bit mmio: [0xfe226c00-0xfe226fff]
[    0.072538] pci 0000:00:1a.7: PME# supported from D0 D3hot D3cold
[    0.072638] pci 0000:00:1a.7: PME# disabled
[    0.072780] pci 0000:00:1b.0: reg 10 64bit mmio: [0xfe020000-0xfe023fff]
[    0.072862] pci 0000:00:1b.0: PME# supported from D0 D3hot D3cold
[    0.072957] pci 0000:00:1b.0: PME# disabled
[    0.073109] pci 0000:00:1c.0: PME# supported from D0 D3hot D3cold
[    0.073201] pci 0000:00:1c.0: PME# disabled
[    0.073404] pci 0000:00:1c.1: PME# supported from D0 D3hot D3cold
[    0.073498] pci 0000:00:1c.1: PME# disabled
[    0.073711] pci 0000:00:1c.2: PME# supported from D0 D3hot D3cold
[    0.073804] pci 0000:00:1c.2: PME# disabled
[    0.074073] pci 0000:00:1c.3: PME# supported from D0 D3hot D3cold
[    0.074173] pci 0000:00:1c.3: PME# disabled
[    0.075041] pci 0000:00:1c.4: PME# supported from D0 D3hot D3cold
[    0.075135] pci 0000:00:1c.4: PME# disabled
[    0.075298] pci 0000:00:1d.0: reg 20 io port: [0x18a0-0x18bf]
[    0.075382] pci 0000:00:1d.1: reg 20 io port: [0x18c0-0x18df]
[    0.075464] pci 0000:00:1d.2: reg 20 io port: [0x18e0-0x18ff]
[    0.075554] pci 0000:00:1d.7: reg 10 32bit mmio: [0xfe227000-0xfe2273ff]
[    0.075649] pci 0000:00:1d.7: PME# supported from D0 D3hot D3cold
[    0.075743] pci 0000:00:1d.7: PME# disabled
[    0.076022] pci 0000:00:1f.0: quirk: region 1000-107f claimed by ICH6 ACPI/GPIO/TCO
[    0.076157] pci 0000:00:1f.0: quirk: region 1180-11bf claimed by ICH6 GPIO
[    0.076255] pci 0000:00:1f.0: ICH7 LPC Generic IO decode 1 PIO at 1600 (mask 007f)
[    0.076386] pci 0000:00:1f.0: ICH7 LPC Generic IO decode 2 PIO at 15e0 (mask 000f)
[    0.076508] pci 0000:00:1f.0: ICH7 LPC Generic IO decode 3 PIO at 1680 (mask 001f)
[    0.076722] pci 0000:00:1f.1: reg 10 io port: [0x00-0x07]
[    0.076733] pci 0000:00:1f.1: reg 14 io port: [0x00-0x03]
[    0.076743] pci 0000:00:1f.1: reg 18 io port: [0x00-0x07]
[    0.076750] pci 0000:00:1f.1: reg 1c io port: [0x00-0x03]
[    0.076759] pci 0000:00:1f.1: reg 20 io port: [0x1c00-0x1c0f]
[    0.076836] pci 0000:00:1f.2: reg 10 io port: [0x1c50-0x1c57]
[    0.076845] pci 0000:00:1f.2: reg 14 io port: [0x1c44-0x1c47]
[    0.076852] pci 0000:00:1f.2: reg 18 io port: [0x1c48-0x1c4f]
[    0.076861] pci 0000:00:1f.2: reg 1c io port: [0x1c40-0x1c43]
[    0.076869] pci 0000:00:1f.2: reg 20 io port: [0x1c20-0x1c3f]
[    0.076878] pci 0000:00:1f.2: reg 24 32bit mmio: [0xfe226000-0xfe2267ff]
[    0.076936] pci 0000:00:1f.2: PME# supported from D3hot
[    0.076999] pci 0000:00:1f.2: PME# disabled
[    0.077116] pci 0000:00:1f.3: reg 10 32bit mmio: [0xfe227400-0xfe2274ff]
[    0.077141] pci 0000:00:1f.3: reg 20 io port: [0x1c60-0x1c7f]
[    0.077235] pci 0000:00:1c.0: bridge io port: [0x2000-0x2fff]
[    0.077240] pci 0000:00:1c.0: bridge 32bit mmio: [0xfc000000-0xfdffffff]
[    0.077249] pci 0000:00:1c.0: bridge 64bit mmio pref: [0xf8000000-0xf80fffff]
[    0.077321] pci 0000:03:00.0: reg 10 64bit mmio: [0xdf3f0000-0xdf3fffff]
[    0.077515] pci 0000:00:1c.1: bridge io port: [0x3000-0x3fff]
[    0.077521] pci 0000:00:1c.1: bridge 32bit mmio: [0xdc000000-0xdf3fffff]
[    0.077530] pci 0000:00:1c.1: bridge 64bit mmio pref: [0xdfe00000-0xdfefffff]
[    0.077584] pci 0000:00:1c.2: bridge io port: [0x4000-0x4fff]
[    0.077590] pci 0000:00:1c.2: bridge 32bit mmio: [0xd8000000-0xd9ffffff]
[    0.077600] pci 0000:00:1c.2: bridge 64bit mmio pref: [0xdfb00000-0xdfbfffff]
[    0.077654] pci 0000:00:1c.3: bridge io port: [0x5000-0x5fff]
[    0.077660] pci 0000:00:1c.3: bridge 32bit mmio: [0xd4000000-0xd5ffffff]
[    0.077667] pci 0000:00:1c.3: bridge 64bit mmio pref: [0xdf800000-0xdf8fffff]
[    0.077730] pci 0000:00:1c.4: bridge io port: [0x6000-0x6fff]
[    0.077735] pci 0000:00:1c.4: bridge 32bit mmio: [0xd0000000-0xd1ffffff]
[    0.077743] pci 0000:00:1c.4: bridge 64bit mmio pref: [0xdf500000-0xdf5fffff]
[    0.077808] pci 0000:15:00.0: reg 10 32bit mmio: [0xf8300000-0xf8300fff]
[    0.077858] pci 0000:15:00.0: supports D1 D2
[    0.077860] pci 0000:15:00.0: PME# supported from D0 D1 D2 D3hot D3cold
[    0.077951] pci 0000:15:00.0: PME# disabled
[    0.078053] pci 0000:15:00.1: reg 10 32bit mmio: [0xf8301000-0xf83017ff]
[    0.078162] pci 0000:15:00.1: supports D1 D2
[    0.078163] pci 0000:15:00.1: PME# supported from D0 D1 D2 D3hot D3cold
[    0.078260] pci 0000:15:00.1: PME# disabled
[    0.078448] pci 0000:00:1e.0: transparent bridge
[    0.078540] pci 0000:00:1e.0: bridge io port: [0x7000-0xafff]
[    0.078546] pci 0000:00:1e.0: bridge 32bit mmio: [0xf8300000-0xfbffffff]
[    0.078555] pci 0000:00:1e.0: bridge 64bit mmio pref: [0xf4000000-0xf7ffffff]
[    0.078629] pci_bus 0000:00: on NUMA node 0
[    0.078633] ACPI: PCI Interrupt Routing Table [\_SB_.PCI0._PRT]
[    0.078766] ACPI: PCI Interrupt Routing Table [\_SB_.PCI0.EXP0._PRT]
[    0.078825] ACPI: PCI Interrupt Routing Table [\_SB_.PCI0.EXP1._PRT]
[    0.078883] ACPI: PCI Interrupt Routing Table [\_SB_.PCI0.EXP2._PRT]
[    0.079034] ACPI: PCI Interrupt Routing Table [\_SB_.PCI0.EXP3._PRT]
[    0.079098] ACPI: PCI Interrupt Routing Table [\_SB_.PCI0.EXP4._PRT]
[    0.079161] ACPI: PCI Interrupt Routing Table [\_SB_.PCI0.PCI1._PRT]
[    0.084617] ACPI: PCI Interrupt Link [LNKA] (IRQs 3 4 5 6 7 9 *10 11)
[    0.085406] ACPI: PCI Interrupt Link [LNKB] (IRQs 3 4 5 6 7 9 10 *11)
[    0.086159] ACPI: PCI Interrupt Link [LNKC] (IRQs 3 4 5 6 7 9 10 *11)
[    0.086998] ACPI: PCI Interrupt Link [LNKD] (IRQs 3 4 5 6 7 9 10 *11)
[    0.087791] ACPI: PCI Interrupt Link [LNKE] (IRQs 3 4 5 6 7 9 10 *11)
[    0.088562] ACPI: PCI Interrupt Link [LNKF] (IRQs 3 4 5 6 7 9 10 *11)
[    0.089350] ACPI: PCI Interrupt Link [LNKG] (IRQs 3 4 5 6 7 9 10 *11)
[    0.090176] ACPI: PCI Interrupt Link [LNKH] (IRQs 3 4 5 6 7 9 10 *11)
[    0.091005] vgaarb: device added: PCI:0000:00:02.0,decodes=io+mem,owns=io+mem,locks=none
[    0.091133] vgaarb: loaded
[    0.091313] SCSI subsystem initialized
[    0.091419] libata version 3.00 loaded.
[    0.091466] usbcore: registered new interface driver usbfs
[    0.091590] usbcore: registered new interface driver hub
[    0.091706] usbcore: registered new device driver usb
[    0.108040] raid6: int32x1    941 MB/s
[    0.125059] raid6: int32x2    890 MB/s
[    0.142065] raid6: int32x4    750 MB/s
[    0.159003] raid6: int32x8    656 MB/s
[    0.176004] raid6: mmxx1     2882 MB/s
[    0.192988] raid6: mmxx2     3253 MB/s
[    0.210005] raid6: sse1x1    1937 MB/s
[    0.226975] raid6: sse1x2    2531 MB/s
[    0.243975] raid6: sse2x1    3507 MB/s
[    0.260976] raid6: sse2x2    3832 MB/s
[    0.261071] raid6: using algorithm sse2x2 (3832 MB/s)
[    0.261167] PCI: Using ACPI for IRQ routing
[    0.261474] HPET: 3 timers in total, 0 timers will be used for per-cpu timer
[    0.261990] Switching to clocksource tsc
[    0.262090] pnp: PnP ACPI init
[    0.262181] ACPI: bus type pnp registered
[    0.265897] pnp: PnP ACPI: found 11 devices
[    0.265992] ACPI: ACPI bus type pnp unregistered
[    0.266088] system 00:00: iomem range 0x0-0x9ffff could not be reserved
[    0.266179] system 00:00: iomem range 0xc0000-0xc3fff could not be reserved
[    0.266271] system 00:00: iomem range 0xc4000-0xc7fff could not be reserved
[    0.266362] system 00:00: iomem range 0xc8000-0xcbfff has been reserved
[    0.266452] system 00:00: iomem range 0xcc000-0xcffff has been reserved
[    0.266546] system 00:00: iomem range 0xd0000-0xd3fff could not be reserved
[    0.266644] system 00:00: iomem range 0xe0000-0xe3fff could not be reserved
[    0.266735] system 00:00: iomem range 0xe4000-0xe7fff could not be reserved
[    0.266827] system 00:00: iomem range 0xe8000-0xebfff could not be reserved
[    0.266917] system 00:00: iomem range 0xec000-0xeffff could not be reserved
[    0.267012] system 00:00: iomem range 0xf0000-0xfffff could not be reserved
[    0.267106] system 00:00: iomem range 0x100000-0x3dffffff could not be reserved
[    0.267228] system 00:00: iomem range 0xfec00000-0xfed3ffff could not be reserved
[    0.267352] system 00:00: iomem range 0xfed4c000-0xffffffff could not be reserved
[    0.267474] system 00:02: ioport range 0x164e-0x164f has been reserved
[    0.267566] system 00:02: ioport range 0x1000-0x107f has been reserved
[    0.267656] system 00:02: ioport range 0x1180-0x11bf has been reserved
[    0.267748] system 00:02: ioport range 0x800-0x80f has been reserved
[    0.267839] system 00:02: ioport range 0x15e0-0x15ef has been reserved
[    0.267939] system 00:02: ioport range 0x1600-0x165f could not be reserved
[    0.268039] system 00:02: iomem range 0xf0000000-0xf3ffffff has been reserved
[    0.268130] system 00:02: iomem range 0xfed1c000-0xfed1ffff has been reserved
[    0.268228] system 00:02: iomem range 0xfed14000-0xfed17fff has been reserved
[    0.268320] system 00:02: iomem range 0xfed18000-0xfed18fff has been reserved
[    0.268412] system 00:02: iomem range 0xfed19000-0xfed19fff has been reserved
[    0.268503] system 00:02: iomem range 0xfed45000-0xfed4bfff has been reserved
[    0.303547] pci 0000:00:1c.0: PCI bridge, secondary bus 0000:02
[    0.303647] pci 0000:00:1c.0:   IO window: 0x2000-0x2fff
[    0.303740] pci 0000:00:1c.0:   MEM window: 0xfc000000-0xfdffffff
[    0.303835] pci 0000:00:1c.0:   PREFETCH window: 0x000000f8000000-0x000000f80fffff
[    0.303962] pci 0000:00:1c.1: PCI bridge, secondary bus 0000:03
[    0.304053] pci 0000:00:1c.1:   IO window: 0x3000-0x3fff
[    0.304153] pci 0000:00:1c.1:   MEM window: 0xdc000000-0xdf3fffff
[    0.304247] pci 0000:00:1c.1:   PREFETCH window: 0x000000dfe00000-0x000000dfefffff
[    0.304374] pci 0000:00:1c.2: PCI bridge, secondary bus 0000:04
[    0.304468] pci 0000:00:1c.2:   IO window: 0x4000-0x4fff
[    0.304561] pci 0000:00:1c.2:   MEM window: 0xd8000000-0xd9ffffff
[    0.304658] pci 0000:00:1c.2:   PREFETCH window: 0x000000dfb00000-0x000000dfbfffff
[    0.304784] pci 0000:00:1c.3: PCI bridge, secondary bus 0000:05
[    0.304888] pci 0000:00:1c.3:   IO window: 0x5000-0x5fff
[    0.304981] pci 0000:00:1c.3:   MEM window: 0xd4000000-0xd5ffffff
[    0.305075] pci 0000:00:1c.3:   PREFETCH window: 0x000000df800000-0x000000df8fffff
[    0.305209] pci 0000:00:1c.4: PCI bridge, secondary bus 0000:0d
[    0.305309] pci 0000:00:1c.4:   IO window: 0x6000-0x6fff
[    0.305406] pci 0000:00:1c.4:   MEM window: 0xd0000000-0xd1ffffff
[    0.305507] pci 0000:00:1c.4:   PREFETCH window: 0x000000df500000-0x000000df5fffff
[    0.305643] pci 0000:15:00.0: CardBus bridge, secondary bus 0000:16
[    0.305731] pci 0000:15:00.0:   IO window: 0x007000-0x0070ff
[    0.305825] pci 0000:15:00.0:   IO window: 0x007400-0x0074ff
[    0.305925] pci 0000:15:00.0:   PREFETCH window: 0xf4000000-0xf7ffffff
[    0.306022] pci 0000:15:00.0:   MEM window: 0x40000000-0x43ffffff
[    0.306121] pci 0000:00:1e.0: PCI bridge, secondary bus 0000:15
[    0.306217] pci 0000:00:1e.0:   IO window: 0x7000-0xafff
[    0.306313] pci 0000:00:1e.0:   MEM window: 0xf8300000-0xfbffffff
[    0.306406] pci 0000:00:1e.0:   PREFETCH window: 0x000000f4000000-0x000000f7ffffff
[    0.306549] pci 0000:00:1c.0: PCI INT A -> GSI 20 (level, low) -> IRQ 20
[    0.306648] pci 0000:00:1c.0: setting latency timer to 64
[    0.306661] pci 0000:00:1c.1: PCI INT B -> GSI 21 (level, low) -> IRQ 21
[    0.306762] pci 0000:00:1c.1: setting latency timer to 64
[    0.306771] pci 0000:00:1c.2: PCI INT C -> GSI 22 (level, low) -> IRQ 22
[    0.306871] pci 0000:00:1c.2: setting latency timer to 64
[    0.306885] pci 0000:00:1c.3: PCI INT D -> GSI 23 (level, low) -> IRQ 23
[    0.306981] pci 0000:00:1c.3: setting latency timer to 64
[    0.306994] pci 0000:00:1c.4: PCI INT A -> GSI 20 (level, low) -> IRQ 20
[    0.307087] pci 0000:00:1c.4: setting latency timer to 64
[    0.307094] pci 0000:00:1e.0: enabling device (0005 -> 0007)
[    0.307191] pci 0000:00:1e.0: setting latency timer to 64
[    0.307204] pci 0000:15:00.0: PCI INT A -> GSI 16 (level, low) -> IRQ 16
[    0.307304] pci 0000:15:00.0: setting latency timer to 64
[    0.307310] pci_bus 0000:00: resource 0 io:  [0x00-0xffff]
[    0.307312] pci_bus 0000:00: resource 1 mem: [0x000000-0xffffffff]
[    0.307314] pci_bus 0000:02: resource 0 io:  [0x2000-0x2fff]
[    0.307315] pci_bus 0000:02: resource 1 mem: [0xfc000000-0xfdffffff]
[    0.307317] pci_bus 0000:02: resource 2 pref mem [0xf8000000-0xf80fffff]
[    0.307319] pci_bus 0000:03: resource 0 io:  [0x3000-0x3fff]
[    0.307321] pci_bus 0000:03: resource 1 mem: [0xdc000000-0xdf3fffff]
[    0.307323] pci_bus 0000:03: resource 2 pref mem [0xdfe00000-0xdfefffff]
[    0.307325] pci_bus 0000:04: resource 0 io:  [0x4000-0x4fff]
[    0.307327] pci_bus 0000:04: resource 1 mem: [0xd8000000-0xd9ffffff]
[    0.307328] pci_bus 0000:04: resource 2 pref mem [0xdfb00000-0xdfbfffff]
[    0.307330] pci_bus 0000:05: resource 0 io:  [0x5000-0x5fff]
[    0.307332] pci_bus 0000:05: resource 1 mem: [0xd4000000-0xd5ffffff]
[    0.307334] pci_bus 0000:05: resource 2 pref mem [0xdf800000-0xdf8fffff]
[    0.307336] pci_bus 0000:0d: resource 0 io:  [0x6000-0x6fff]
[    0.307337] pci_bus 0000:0d: resource 1 mem: [0xd0000000-0xd1ffffff]
[    0.307339] pci_bus 0000:0d: resource 2 pref mem [0xdf500000-0xdf5fffff]
[    0.307341] pci_bus 0000:15: resource 0 io:  [0x7000-0xafff]
[    0.307343] pci_bus 0000:15: resource 1 mem: [0xf8300000-0xfbffffff]
[    0.307345] pci_bus 0000:15: resource 2 pref mem [0xf4000000-0xf7ffffff]
[    0.307346] pci_bus 0000:15: resource 3 io:  [0x00-0xffff]
[    0.307348] pci_bus 0000:15: resource 4 mem: [0x000000-0xffffffff]
[    0.307350] pci_bus 0000:16: resource 0 io:  [0x7000-0x70ff]
[    0.307352] pci_bus 0000:16: resource 1 io:  [0x7400-0x74ff]
[    0.307354] pci_bus 0000:16: resource 2 pref mem [0xf4000000-0xf7ffffff]
[    0.307356] pci_bus 0000:16: resource 3 mem: [0x40000000-0x43ffffff]
[    0.307363] NET: Registered protocol family 2
[    0.307454] RANDOM - __random32 called. Change num 7.  Value: 437d97bf	f373de51	f3b0f986
[    0.307456] RANDOM - random32 called.  Value: 437d97bf	f373de51	f3b0f986
[    0.307460] random 0000 0000 0000 5f8db4e5 4cfdf2a8: rand_read_num 3 get_random_bytes(4): sig fffffb64 5f8db4e5 4cfdf2a8
[    0.307462] random 0000 0000 0000 5f8db4e5 4cfdf2a8: extract_entropy(.. 4 ..)
[    0.307465] random 0000 0000 0000 5f8db4e5 4cfdf2a8: going to reseed nonblocking with 64 bits (32 of 0 requested)
[    0.307467] random 0000 0000 0000 5f8db4e5 4cfdf2a8: extract_entropy(.. 8 ..)
[    0.307469] random 0000 0000 0000 5f8db4e5 4cfdf2a8: trying to extract 64 bits from input
[    0.307471] random 0000 0000 0000 5f8db4e5 4cfdf2a8: debiting 0 entropy credits from input
[    0.307473] random 0000 0000 0000 5f8db4e5 4cfdf2a8: extract_entropy account returned: 0 
[    0.307476] random 0000 0000 0000 5f8db4e5 4cfdf2a8: urand_change_num 5 xfer_secondary_pool(4): pool_sig fffffb64, data_sig 00000000, bytes_mixed 0 5f8db4e5 4cfdf2a8
[    0.307479] random 0000 0000 0000 5f8db4e5 4cfdf2a8: trying to extract 32 bits from nonblocking
[    0.307482] random 0000 0000 0000 5f8db4e5 4cfdf2a8: debiting 32 entropy credits from nonblocking (unlimited)
[    0.307484] random 0000 0000 0000 5f8db4e5 4cfdf2a8: extract_entropy account returned: 4 
[    0.307488] random 0000 0000 0000 5f8db4e5 4cfdf2a8: urand_change_num 6 extract_buf: pool_sig fffffb64, data_sig 00000241, bytes_mixed 20 5f8db4e5 4cfdf2a8
[    0.307498] IP route cache hash table entries: 32768 (order: 5, 131072 bytes)
[    0.307627] RANDOM - __random32 called. Change num 8.  Value: d97bfe31	373de51f	f30dc6e6
[    0.307629] RANDOM - random32 called.  Value: d97bfe31	373de51f	f30dc6e6
[    0.307639] RANDOM - __random32 called. Change num 9.  Value: bfe314d7	73de51f5	8dcd6c7e
[    0.307640] RANDOM - random32 called.  Value: bfe314d7	73de51f5	8dcd6c7e
[    0.307642] RANDOM - __random32 called. Change num 10.  Value: 314d7baf	3de51f5e	d8fc74c1
[    0.307644] RANDOM - random32 called.  Value: 314d7baf	3de51f5e	d8fc74c1
[    0.307654] RANDOM - __random32 called. Change num 11.  Value: d7baf3c7	de51f5e5	e983e3fa
[    0.307656] RANDOM - random32 called.  Value: d7baf3c7	de51f5e5	e983e3fa
[    0.307666] TCP established hash table entries: 131072 (order: 8, 1048576 bytes)
[    0.308167] TCP bind hash table entries: 65536 (order: 6, 262144 bytes)
[    0.308355] TCP: Hash tables configured (established 131072 bind 65536)
[    0.308454] TCP reno registered
[    0.308559] NET: Registered protocol family 1
[    0.308678] RPC: Registered udp transport module.
[    0.308772] RPC: Registered tcp transport module.
[    0.308870] RPC: Registered tcp NFSv4.1 backchannel transport module.
[    0.308966] pci 0000:00:02.0: Boot video device
[    0.309177] Simple Boot Flag at 0x35 set to 0x1
[    0.309696] highmem bounce pool size: 64 pages
[    0.311269] VFS: Disk quotas dquot_6.5.2
[    0.311393] Dquot-cache hash table entries: 1024 (order 0, 4096 bytes)
[    0.312086] NTFS driver 2.1.29 [Flags: R/W].
[    0.312244] ROMFS MTD (C) 2007 Red Hat, Inc.
[    0.312457] JFS: nTxBlock = 7695, nTxLock = 61562
[    0.314940] SGI XFS with ACLs, security attributes, large block/inode numbers, no debug enabled
[    0.315410] SGI XFS Quota Management subsystem
[    0.315700] Slow work thread pool: Starting up
[    0.315800] Slow work thread pool: Ready
[    0.315914] GFS2 (built May 24 2013 02:47:17) installed
[    0.316014] msgmni has been set to 1734
[    0.316182] alg: No test for cipher_null (cipher_null-generic)
[    0.316283] alg: No test for ecb(cipher_null) (ecb-cipher_null)
[    0.316383] alg: No test for digest_null (digest_null-generic)
[    0.316483] alg: No test for compress_null (compress_null-generic)
[    0.317046] alg: No test for fcrypt (fcrypt-generic)
[    0.318458] alg: No test for stdrng (krng)
[    0.318550] async_tx: api initialized (async)
[    0.318703] Block layer SCSI generic (bsg) driver version 0.4 loaded (major 254)
[    0.318824] io scheduler noop registered
[    0.318925] io scheduler anticipatory registered
[    0.319011] io scheduler deadline registered
[    0.319143] io scheduler cfq registered (default)
[    0.319385] pcieport 0000:00:1c.0: irq 24 for MSI/MSI-X
[    0.319398] pcieport 0000:00:1c.0: setting latency timer to 64
[    0.319579] pcieport 0000:00:1c.1: irq 25 for MSI/MSI-X
[    0.319590] pcieport 0000:00:1c.1: setting latency timer to 64
[    0.319770] pcieport 0000:00:1c.2: irq 26 for MSI/MSI-X
[    0.319781] pcieport 0000:00:1c.2: setting latency timer to 64
[    0.319973] pcieport 0000:00:1c.3: irq 27 for MSI/MSI-X
[    0.319985] pcieport 0000:00:1c.3: setting latency timer to 64
[    0.320165] pcieport 0000:00:1c.4: irq 28 for MSI/MSI-X
[    0.320177] pcieport 0000:00:1c.4: setting latency timer to 64
[    0.320322] pci_hotplug: PCI Hot Plug PCI Core version: 0.5
[    0.320514] isapnp: Scanning for PnP cards...
[    0.681036] isapnp: No Plug & Play device found
[    0.681125] random 0000 0000 0000 5f8db4e5 4cfdf2a8: initializing
[    0.681128] RANDOM init_std_data for input now value: 1369914405681127677
[    0.681129] RANDOM init_std_data for blocking now value: 1369914405681129657
[    0.681131] RANDOM init_std_data for nonblocking now value: 1369914405681131381
[    0.700734] Serial: 8250/16550 driver, 4 ports, IRQ sharing enabled
[    3.711926] floppy0: no floppy controllers found
[    3.712882] brd: module loaded
[    3.713393] loop: module loaded
[    3.713477] Compaq SMART2 Driver (v 2.6.0)
[    3.713601] HP CISS Driver (v 3.6.20)
[    3.713844] input: Macintosh mouse button emulation as /devices/virtual/input/input0
[    3.713987] Uniform Multi-Platform E-IDE driver
[    3.714209] piix 0000:00:1f.1: IDE controller (0x8086:0x2850 rev 0x03)
[    3.714312] pci 0000:00:1f.1: PCI INT C -> GSI 16 (level, low) -> IRQ 16
[    3.714421] piix 0000:00:1f.1: IDE port disabled
[    3.714514] piix 0000:00:1f.1: not 100% native mode: will probe irqs later
[    3.714621]     ide0: BM-DMA at 0x1c00-0x1c07
[    3.714717] Probing IDE interface ide0...
[    4.386157] hda: HL-DT-ST DVDRAM GSA-U10N, ATAPI CD/DVD-ROM drive
[    4.692972] hda: host max PIO4 wanted PIO255(auto-tune) selected PIO4
[    4.693740] hda: UDMA/33 mode selected
[    4.694207] ide0 at 0x1f0-0x1f7,0x3f6 on irq 14
[    4.698105] ide-gd driver 1.18
[    4.698214] ide-cd driver 5.00
[    4.699598] random 0000 0000 0000 00000000 00000000: add_disk_randomness(0:0) 00000000 00000000
[    4.699602] random 0000 0000 0000 00000000 00000000: add_timer_randomness(.. 256) with jiffies: 5882331678969134715, cycles: 5882331674674462731
[    4.699605] random 0000 0000 0000 00000000 00000000: added 11 entropy credits to input
[    4.699609] ide-cd: hda: ATAPI 24X DVD-ROM DVD-R/RAM CD-R/RW drive, 2048kB Cache
[    4.700068] Uniform CD-ROM driver Revision: 3.20
[    4.702856] random 0011 0000 0000 00000000 00000000: add_disk_randomness(0:0) 00000000 00000000
[    4.702859] random 0011 0000 0000 00000000 00000000: add_timer_randomness(.. 256) with jiffies: 5911643748432576126, cycles: 5911643744137904139
[    4.702862] random 0011 0000 0000 00000000 00000000: added 1 entropy credits to input
[    4.702865] random 0012 0000 0000 00000000 00000000: add_disk_randomness(0:0) 00000000 00000000
[    4.702868] random 0012 0000 0000 00000000 00000000: add_timer_randomness(.. 256) with jiffies: 5911720460843449982, cycles: 5911720456548777995
[    4.704855] random 0012 0000 0000 00000000 00000000: add_disk_randomness(0:0) 00000000 00000000
[    4.704858] random 0012 0000 0000 00000000 00000000: add_timer_randomness(.. 256) with jiffies: 5929622180885921408, cycles: 5929622176591249419
[    4.704860] random 0012 0000 0000 00000000 00000000: added 1 entropy credits to input
[    4.704863] random 0013 0000 0000 00000000 00000000: add_disk_randomness(0:0) 00000000 00000000
[    4.704866] random 0013 0000 0000 00000000 00000000: add_timer_randomness(.. 256) with jiffies: 5929697853914709632, cycles: 5929697849620037643
[    4.706855] random 0013 0000 0000 00000000 00000000: add_disk_randomness(0:0) 00000000 00000000
[    4.706858] random 0013 0000 0000 00000000 00000000: add_timer_randomness(.. 256) with jiffies: 5947618338669297282, cycles: 5947618334374625291
[    4.706861] random 0013 0000 0000 00000000 00000000: added 1 entropy credits to input
[    4.706864] random 0014 0000 0000 00000000 00000000: add_disk_randomness(0:0) 00000000 00000000
[    4.706866] random 0014 0000 0000 00000000 00000000: add_timer_randomness(.. 256) with jiffies: 5947691619401301634, cycles: 5947691615106629643
[    4.707144] Loading iSCSI transport class v2.0-870.
[    4.707429] rdac: device handler registered
[    4.707517] hp_sw: device handler registered
[    4.707609] emc: device handler registered
[    4.707694] alua: device handler registered
[    4.708683] Adaptec aacraid driver 1.1-5[2461]-ms
[    4.709104] scsi: <fdomain> Detection failed (no card)
[    4.709199] sym53c416.c: Version 1.0.0-ac
[    4.709307] qlogicfas: no cards were found, please specify I/O address and IRQ using iobase= and irq= options
[    4.709431] QLogic Fibre Channel HBA Driver: 8.03.01-k6
[    4.709650] iscsi: registered transport (qla4xxx)
[    4.709757] QLogic iSCSI HBA Driver
[    4.709846] Emulex LightPulse Fibre Channel SCSI driver 8.3.4
[    4.709943] Copyright(c) 2004-2009 Emulex.  All rights reserved.
[    4.731959] Failed initialization of WD-7000 SCSI card!
[    4.821640] DC390: clustering now enabled by default. If you get problems load
[    4.821763]        with "disable_clustering=1" and report to maintainers
[    4.821906] megaraid cmm: 2.20.2.7 (Release Date: Sun Jul 16 00:01:03 EST 2006)
[    4.822067] megaraid: 2.20.5.1 (Release Date: Thu Nov 16 15:32:35 EST 2006)
[    4.822179] megasas: 00.00.04.01 Thu July 24 11:41:51 PST 2008
[    4.822320] GDT-HA: Storage RAID Controller Driver. Version: 3.05
[    4.822468] 3ware Storage Controller device driver for Linux v1.26.02.002.
[    4.822586] 3ware 9000 Storage Controller device driver for Linux v2.26.02.012.
[    4.822730] nsp32: loading...
[    4.822836] ipr: IBM Power RAID SCSI Device Driver version: 2.4.3 (June 10, 2009)
[    4.822982] RocketRAID 3xxx/4xxx Controller driver v1.6 (090910)
[    4.823093] stex: Promise SuperTrak EX Driver version: 4.6.0000.3
[    4.823229] st: Version 20081215, fixed bufsize 32768, s/g segs 256
[    4.823416] ahci 0000:00:1f.2: version 3.0
[    4.823430] ahci 0000:00:1f.2: PCI INT B -> GSI 16 (level, low) -> IRQ 16
[    4.823563] ahci 0000:00:1f.2: irq 29 for MSI/MSI-X
[    4.823620] ahci 0000:00:1f.2: AHCI 0001.0100 32 slots 3 ports 1.5 Gbps 0x5 impl SATA mode
[    4.823747] ahci 0000:00:1f.2: flags: 64bit ncq sntf pm led clo pio slum part ccc 
[    4.823871] ahci 0000:00:1f.2: setting latency timer to 64
[    4.824022] scsi2 : ahci
[    4.824177] scsi3 : ahci
[    4.824317] scsi4 : ahci
[    4.824482] ata1: SATA max UDMA/133 abar m2048@0xfe226000 port 0xfe226100 irq 29
[    4.824603] ata2: DUMMY
[    4.824697] ata3: SATA max UDMA/133 abar m2048@0xfe226000 port 0xfe226200 irq 29
[    4.825310] I2O subsystem v1.325
[    4.825397] i2o: max drivers = 8
[    4.825543] I2O Configuration OSM v1.323
[    4.825647] I2O Bus Adapter OSM v1.317
[    4.825749] I2O Block Device OSM v1.325
[    4.825897] I2O SCSI Peripheral OSM v1.316
[    4.826020] I2O ProcFS OSM v1.316
[    4.826125] Fusion MPT base driver 3.04.12
[    4.826215] Copyright (c) 1999-2008 LSI Corporation
[    4.826311] Fusion MPT SPI Host driver 3.04.12
[    4.826419] Fusion MPT FC Host driver 3.04.12
[    4.826529] Fusion MPT SAS Host driver 3.04.12
[    4.826688] ohci1394 0000:15:00.1: PCI INT B -> GSI 17 (level, low) -> IRQ 17
[    4.826786] ohci1394 0000:15:00.1: setting latency timer to 64
[    4.879982] ohci1394: fw-host0: OHCI-1394 1.1 (PCI): IRQ=[17]  MMIO=[f8301000-f83017ff]  Max Packet=[2048]  IR/IT contexts=[4/4]
[    4.883248] ehci_hcd: USB 2.0 'Enhanced' Host Controller (EHCI) Driver
[    4.883518] ehci_hcd 0000:00:1a.7: power state changed by ACPI to D0
[    4.883764] ehci_hcd 0000:00:1a.7: power state changed by ACPI to D0
[    4.883861] ehci_hcd 0000:00:1a.7: PCI INT C -> GSI 22 (level, low) -> IRQ 22
[    4.883968] ehci_hcd 0000:00:1a.7: setting latency timer to 64
[    4.883973] ehci_hcd 0000:00:1a.7: EHCI Host Controller
[    4.884109] ehci_hcd 0000:00:1a.7: new USB bus registered, assigned bus number 1
[    4.888162] ehci_hcd 0000:00:1a.7: cache line size of 32 is not supported
[    4.888171] ehci_hcd 0000:00:1a.7: irq 22, io mem 0xfe226c00
[    4.897946] ehci_hcd 0000:00:1a.7: USB 2.0 started, EHCI 1.00
[    4.898054] usb usb1: New USB device found, idVendor=1d6b, idProduct=0002
[    4.898147] usb usb1: New USB device strings: Mfr=3, Product=2, SerialNumber=1
[    4.898268] usb usb1: Product: EHCI Host Controller
[    4.898357] usb usb1: Manufacturer: Linux 2.6.32.57 ehci_hcd
[    4.898447] usb usb1: SerialNumber: 0000:00:1a.7
[    4.898598] usb usb1: configuration #1 chosen from 1 choice
[    4.898718] hub 1-0:1.0: USB hub found
[    4.898813] hub 1-0:1.0: 4 ports detected
[    4.899118] ehci_hcd 0000:00:1d.7: power state changed by ACPI to D0
[    4.899373] ehci_hcd 0000:00:1d.7: power state changed by ACPI to D0
[    4.899471] ehci_hcd 0000:00:1d.7: PCI INT D -> GSI 19 (level, low) -> IRQ 19
[    4.899569] ehci_hcd 0000:00:1d.7: setting latency timer to 64
[    4.899573] ehci_hcd 0000:00:1d.7: EHCI Host Controller
[    4.899702] ehci_hcd 0000:00:1d.7: new USB bus registered, assigned bus number 2
[    4.899859] ehci_hcd 0000:00:1d.7: debug port 1
[    4.903843] ehci_hcd 0000:00:1d.7: cache line size of 32 is not supported
[    4.903852] ehci_hcd 0000:00:1d.7: irq 19, io mem 0xfe227000
[    4.913947] ehci_hcd 0000:00:1d.7: USB 2.0 started, EHCI 1.00
[    4.914063] usb usb2: New USB device found, idVendor=1d6b, idProduct=0002
[    4.914161] usb usb2: New USB device strings: Mfr=3, Product=2, SerialNumber=1
[    4.914285] usb usb2: Product: EHCI Host Controller
[    4.914374] usb usb2: Manufacturer: Linux 2.6.32.57 ehci_hcd
[    4.914469] usb usb2: SerialNumber: 0000:00:1d.7
[    4.914614] usb usb2: configuration #1 chosen from 1 choice
[    4.914732] hub 2-0:1.0: USB hub found
[    4.914826] hub 2-0:1.0: 6 ports detected
[    4.915010] 116x: driver isp116x-hcd, 03 Nov 2005
[    4.915116] ohci_hcd: USB 1.1 'Open' Host Controller (OHCI) Driver
[    4.915232] uhci_hcd: USB Universal Host Controller Interface driver
[    4.915348] uhci_hcd 0000:00:1a.0: PCI INT A -> GSI 20 (level, low) -> IRQ 20
[    4.915448] uhci_hcd 0000:00:1a.0: setting latency timer to 64
[    4.915453] uhci_hcd 0000:00:1a.0: UHCI Host Controller
[    4.915579] uhci_hcd 0000:00:1a.0: new USB bus registered, assigned bus number 3
[    4.915736] uhci_hcd 0000:00:1a.0: irq 20, io base 0x00001860
[    4.915855] usb usb3: New USB device found, idVendor=1d6b, idProduct=0001
[    4.915963] usb usb3: New USB device strings: Mfr=3, Product=2, SerialNumber=1
[    4.916088] usb usb3: Product: UHCI Host Controller
[    4.916180] usb usb3: Manufacturer: Linux 2.6.32.57 uhci_hcd
[    4.916274] usb usb3: SerialNumber: 0000:00:1a.0
[    4.916414] usb usb3: configuration #1 chosen from 1 choice
[    4.916536] hub 3-0:1.0: USB hub found
[    4.916626] hub 3-0:1.0: 2 ports detected
[    4.916919] uhci_hcd 0000:00:1a.1: power state changed by ACPI to D0
[    4.917169] uhci_hcd 0000:00:1a.1: power state changed by ACPI to D0
[    4.917266] uhci_hcd 0000:00:1a.1: PCI INT B -> GSI 21 (level, low) -> IRQ 21
[    4.917371] uhci_hcd 0000:00:1a.1: setting latency timer to 64
[    4.917374] uhci_hcd 0000:00:1a.1: UHCI Host Controller
[    4.917497] uhci_hcd 0000:00:1a.1: new USB bus registered, assigned bus number 4
[    4.917653] uhci_hcd 0000:00:1a.1: irq 21, io base 0x00001880
[    4.917770] usb usb4: New USB device found, idVendor=1d6b, idProduct=0001
[    4.917864] usb usb4: New USB device strings: Mfr=3, Product=2, SerialNumber=1
[    4.917993] usb usb4: Product: UHCI Host Controller
[    4.918084] usb usb4: Manufacturer: Linux 2.6.32.57 uhci_hcd
[    4.918173] usb usb4: SerialNumber: 0000:00:1a.1
[    4.918310] usb usb4: configuration #1 chosen from 1 choice
[    4.918427] hub 4-0:1.0: USB hub found
[    4.918527] hub 4-0:1.0: 2 ports detected
[    4.918826] uhci_hcd 0000:00:1d.0: power state changed by ACPI to D0
[    4.919116] uhci_hcd 0000:00:1d.0: power state changed by ACPI to D0
[    4.919212] uhci_hcd 0000:00:1d.0: PCI INT A -> GSI 16 (level, low) -> IRQ 16
[    4.919310] uhci_hcd 0000:00:1d.0: setting latency timer to 64
[    4.919315] uhci_hcd 0000:00:1d.0: UHCI Host Controller
[    4.919450] uhci_hcd 0000:00:1d.0: new USB bus registered, assigned bus number 5
[    4.919603] uhci_hcd 0000:00:1d.0: irq 16, io base 0x000018a0
[    4.919719] usb usb5: New USB device found, idVendor=1d6b, idProduct=0001
[    4.919814] usb usb5: New USB device strings: Mfr=3, Product=2, SerialNumber=1
[    4.919935] usb usb5: Product: UHCI Host Controller
[    4.920032] usb usb5: Manufacturer: Linux 2.6.32.57 uhci_hcd
[    4.920124] usb usb5: SerialNumber: 0000:00:1d.0
[    4.920267] usb usb5: configuration #1 chosen from 1 choice
[    4.920391] hub 5-0:1.0: USB hub found
[    4.920481] hub 5-0:1.0: 2 ports detected
[    4.920623] uhci_hcd 0000:00:1d.1: PCI INT B -> GSI 17 (level, low) -> IRQ 17
[    4.920718] uhci_hcd 0000:00:1d.1: setting latency timer to 64
[    4.920723] uhci_hcd 0000:00:1d.1: UHCI Host Controller
[    4.920858] uhci_hcd 0000:00:1d.1: new USB bus registered, assigned bus number 6
[    4.921019] uhci_hcd 0000:00:1d.1: irq 17, io base 0x000018c0
[    4.921129] usb usb6: New USB device found, idVendor=1d6b, idProduct=0001
[    4.921221] usb usb6: New USB device strings: Mfr=3, Product=2, SerialNumber=1
[    4.921339] usb usb6: Product: UHCI Host Controller
[    4.921428] usb usb6: Manufacturer: Linux 2.6.32.57 uhci_hcd
[    4.921518] usb usb6: SerialNumber: 0000:00:1d.1
[    4.921650] usb usb6: configuration #1 chosen from 1 choice
[    4.921764] hub 6-0:1.0: USB hub found
[    4.921852] hub 6-0:1.0: 2 ports detected
[    4.922169] uhci_hcd 0000:00:1d.2: power state changed by ACPI to D0
[    4.922436] uhci_hcd 0000:00:1d.2: power state changed by ACPI to D0
[    4.922540] uhci_hcd 0000:00:1d.2: PCI INT C -> GSI 18 (level, low) -> IRQ 18
[    4.922638] uhci_hcd 0000:00:1d.2: setting latency timer to 64
[    4.922641] uhci_hcd 0000:00:1d.2: UHCI Host Controller
[    4.922768] uhci_hcd 0000:00:1d.2: new USB bus registered, assigned bus number 7
[    4.922919] uhci_hcd 0000:00:1d.2: irq 18, io base 0x000018e0
[    4.923044] usb usb7: New USB device found, idVendor=1d6b, idProduct=0001
[    4.923135] usb usb7: New USB device strings: Mfr=3, Product=2, SerialNumber=1
[    4.923257] usb usb7: Product: UHCI Host Controller
[    4.923352] usb usb7: Manufacturer: Linux 2.6.32.57 uhci_hcd
[    4.923446] usb usb7: SerialNumber: 0000:00:1d.2
[    4.924246] usb usb7: configuration #1 chosen from 1 choice
[    4.924361] hub 7-0:1.0: USB hub found
[    4.924456] hub 7-0:1.0: 2 ports detected
[    4.924614] sl811: driver sl811-hcd, 19 May 2005
[    4.924720] r8a66597_hcd: driver r8a66597_hcd, 2009-05-26
[    4.924887] Initializing USB Mass Storage driver...
[    4.925020] usbcore: registered new interface driver usb-storage
[    4.925110] USB Mass Storage support registered.
[    4.925215] usbcore: registered new interface driver ums-alauda
[    4.925326] usbcore: registered new interface driver ums-cypress
[    4.925438] usbcore: registered new interface driver ums-datafab
[    4.925547] usbcore: registered new interface driver ums-freecom
[    4.925653] usbcore: registered new interface driver ums-isd200
[    4.925772] usbcore: registered new interface driver ums-jumpshot
[    4.925881] usbcore: registered new interface driver ums-karma
[    4.926007] usbcore: registered new interface driver ums-onetouch
[    4.926116] usbcore: registered new interface driver ums-sddr09
[    4.926227] usbcore: registered new interface driver ums-sddr55
[    4.926341] usbcore: registered new interface driver ums-usbat
[    4.926486] PNP: PS/2 Controller [PNP0303:KBD,PNP0f13:MOU] at 0x60,0x64 irq 1,12
[    4.934853] serio: i8042 KBD port at 0x60,0x64 irq 1
[    4.934946] serio: i8042 AUX port at 0x60,0x64 irq 12
[    4.935189] mice: PS/2 mouse device common for all mice
[    4.935306] i2c /dev entries driver
[    4.935438] md: linear personality registered for level -1
[    4.935532] md: raid0 personality registered for level 0
[    4.935621] md: raid1 personality registered for level 1
[    4.935708] md: raid10 personality registered for level 10
[    4.935796] md: raid6 personality registered for level 6
[    4.935886] md: raid5 personality registered for level 5
[    4.936000] md: raid4 personality registered for level 4
[    4.936090] md: multipath personality registered for level -4
[    4.936279] device-mapper: ioctl: 4.15.0-ioctl (2009-04-01) initialised: dm-devel@redhat.com
[    4.936479] cpuidle: using governor ladder
[    4.937073] usbcore: registered new interface driver usbhid
[    4.937178] usbhid: v2.6:USB HID core driver
[    4.937325] random 0014 0000 0000 00000000 00000000: rand_read_num 4 get_random_bytes(136): sig 00000000 00000000 00000000
[    4.937328] random 0014 0000 0000 00000000 00000000: extract_entropy(.. 136 ..)
[    4.937331] random 0014 0000 0000 00000000 00000000: going to reseed nonblocking with 1024 bits (1088 of 0 requested)
[    4.937333] random 0014 0000 0000 00000000 00000000: extract_entropy(.. 128 ..)
[    4.937335] random 0014 0000 0000 00000000 00000000: trying to extract 1024 bits from input
[    4.937337] random 0014 0000 0000 00000000 00000000: debiting 0 entropy credits from input
[    4.937339] random 0014 0000 0000 00000000 00000000: extract_entropy account returned: 0 
[    4.937342] random 0014 0000 0000 00000000 00000000: urand_change_num 7 xfer_secondary_pool(136): pool_sig 00000000, data_sig 00000000, bytes_mixed 0 00000000 00000000
[    4.937345] random 0014 0000 0000 00000000 00000000: trying to extract 1088 bits from nonblocking
[    4.937348] random 0014 0000 0000 00000000 00000000: debiting 1088 entropy credits from nonblocking (unlimited)
[    4.937350] random 0014 0000 0000 00000000 00000000: extract_entropy account returned: 136 
[    4.937354] random 0014 0000 0000 00000000 00000000: urand_change_num 8 extract_buf: pool_sig 00000000, data_sig fffffff9, bytes_mixed 20 00000000 00000000
[    4.937360] random 0014 0000 0000 b7c35b56 be4dc95d: urand_change_num 9 extract_buf: pool_sig fffffd1e, data_sig 000000c5, bytes_mixed 20 b7c35b56 be4dc95d
[    4.937365] random 0014 0000 0000 ed9f5c47 c48487fb: urand_change_num 10 extract_buf: pool_sig fffff8ec, data_sig ffffff68, bytes_mixed 20 ed9f5c47 c48487fb
[    4.937370] random 0014 0000 0000 ed9f5c47 c48487fb: urand_change_num 11 extract_buf: pool_sig fffffaed, data_sig 000001aa, bytes_mixed 20 ed9f5c47 c48487fb
[    4.937376] random 0014 0000 0000 1b4f7c0a 91bd6a48: urand_change_num 12 extract_buf: pool_sig fffffdd8, data_sig 00000064, bytes_mixed 20 1b4f7c0a 91bd6a48
[    4.937381] random 0014 0000 0000 a254b9bc 20e9a24f: urand_change_num 13 extract_buf: pool_sig fffffbe6, data_sig 000001dd, bytes_mixed 20 a254b9bc 20e9a24f
[    4.937386] random 0014 0000 0000 a254b9bc 20e9a24f: urand_change_num 14 extract_buf: pool_sig fffff940, data_sig fffffe20, bytes_mixed 20 a254b9bc 20e9a24f
[    4.937391] random 0014 0000 0000 2831a66b 5fa2a3ad: urand_change_num 15 extract_buf: pool_sig fffffbce, data_sig 0000007e, bytes_mixed 20 2831a66b 5fa2a3ad
[    4.937397] random 0014 0000 0000 2831a66b 5fa2a3ad: urand_change_num 16 extract_buf: pool_sig 000004df, data_sig fffffe8f, bytes_mixed 20 2831a66b 5fa2a3ad
[    4.937402] random 0014 0000 0000 d4512bfd c9a54e0b: urand_change_num 17 extract_buf: pool_sig 00000485, data_sig fffffe68, bytes_mixed 20 d4512bfd c9a54e0b
[    4.937407] random 0014 0000 0000 c7371be6 f9ffea11: urand_change_num 18 extract_buf: pool_sig 00000095, data_sig ffffffed, bytes_mixed 20 c7371be6 f9ffea11
[    4.937412] random 0014 0000 0000 c7371be6 f9ffea11: urand_change_num 19 extract_buf: pool_sig 000003a7, data_sig fffffefa, bytes_mixed 20 c7371be6 f9ffea11
[    4.937417] random 0014 0000 0000 8fb4b62c d1ddba54: urand_change_num 20 extract_buf: pool_sig 00000179, data_sig ffffff78, bytes_mixed 20 8fb4b62c d1ddba54
[    4.937423] random 0014 0000 0000 9ff19f9c c07a1d2a: urand_change_num 21 extract_buf: pool_sig fffffe88, data_sig 00000126, bytes_mixed 20 9ff19f9c c07a1d2a
[    4.937427] TCP cubic registered
[    4.937514] Initializing XFRM netlink socket
[    4.937606] NET: Registered protocol family 17
[    4.937710] Using IPI Shortcut mode
[    4.937800] random 0014 0000 0000 9ff19f9c c07a1d2a: rand_read_num 5 get_random_bytes(8): sig 0000031b 9ff19f9c c07a1d2a
[    4.937803] random 0014 0000 0000 9ff19f9c c07a1d2a: extract_entropy(.. 8 ..)
[    4.937805] random 0014 0000 0000 9ff19f9c c07a1d2a: going to reseed nonblocking with 64 bits (64 of 0 requested)
[    4.937807] random 0014 0000 0000 9ff19f9c c07a1d2a: extract_entropy(.. 8 ..)
[    4.937809] random 0014 0000 0000 9ff19f9c c07a1d2a: trying to extract 64 bits from input
[    4.937812] random 0014 0000 0000 9ff19f9c c07a1d2a: debiting 0 entropy credits from input
[    4.937814] random 0014 0000 0000 9ff19f9c c07a1d2a: extract_entropy account returned: 0 
[    4.937817] random 0014 0000 0000 9ff19f9c c07a1d2a: urand_change_num 22 xfer_secondary_pool(8): pool_sig 0000031b, data_sig 00000000, bytes_mixed 0 9ff19f9c c07a1d2a
[    4.937820] random 0014 0000 0000 9ff19f9c c07a1d2a: trying to extract 64 bits from nonblocking
[    4.937822] random 0014 0000 0000 9ff19f9c c07a1d2a: debiting 64 entropy credits from nonblocking (unlimited)
[    4.937824] random 0014 0000 0000 9ff19f9c c07a1d2a: extract_entropy account returned: 8 
[    4.937828] random 0014 0000 0000 9ff19f9c c07a1d2a: urand_change_num 23 extract_buf: pool_sig 0000031b, data_sig ffffffb3, bytes_mixed 20 9ff19f9c c07a1d2a
[    4.939985] input: AT Translated Set 2 keyboard as /devices/platform/i8042/serio0/input/input1
[    5.130963] ata1: SATA link up 1.5 Gbps (SStatus 113 SControl 300)
[    5.131959] ata3: SATA link down (SStatus 0 SControl 300)
[    5.132977] ata1.00: ACPI cmd ef/02:00:00:00:00:a0 (SET FEATURES) succeeded
[    5.132980] ata1.00: ACPI cmd f5/00:00:00:00:00:a0 (SECURITY FREEZE LOCK) filtered out
[    5.134366] ata1.00: ACPI cmd ef/5f:00:00:00:00:a0 (SET FEATURES) succeeded
[    5.134368] ata1.00: ACPI cmd ef/10:03:00:00:00:a0 (SET FEATURES) filtered out
[    5.136280] ata1.00: ATA-7: ST910021AS, 4.06, max UDMA/100
[    5.136375] ata1.00: 195371568 sectors, multi 16: LBA48 
[    5.138518] ata1.00: ACPI cmd ef/02:00:00:00:00:a0 (SET FEATURES) succeeded
[    5.138521] ata1.00: ACPI cmd f5/00:00:00:00:00:a0 (SECURITY FREEZE LOCK) filtered out
[    5.139912] ata1.00: ACPI cmd ef/5f:00:00:00:00:a0 (SET FEATURES) succeeded
[    5.139915] ata1.00: ACPI cmd ef/10:03:00:00:00:a0 (SET FEATURES) filtered out
[    5.141841] ata1.00: configured for UDMA/100
[    5.152014] scsi 2:0:0:0: Direct-Access     ATA      ST910021AS       4.06 PQ: 0 ANSI: 5
[    5.152297] sd 2:0:0:0: [sda] 195371568 512-byte logical blocks: (100 GB/93.1 GiB)
[    5.152439] sd 2:0:0:0: [sda] Write Protect is off
[    5.152529] sd 2:0:0:0: [sda] Mode Sense: 00 3a 00 00
[    5.152541] sd 2:0:0:0: [sda] Write cache: enabled, read cache: enabled, doesn't support DPO or FUA
[    5.152731]  sda:
[    5.217953] usb 2-1: new high speed USB device using ehci_hcd and address 2
[    5.354155] usb 2-1: New USB device found, idVendor=0e8d, idProduct=1806
[    5.354246] usb 2-1: New USB device strings: Mfr=1, Product=2, SerialNumber=3
[    5.354336] usb 2-1: Product: MT1806 
[    5.354422] usb 2-1: Manufacturer: MediaTek Inc
[    5.354507] usb 2-1: SerialNumber: R8KN6GAC800AEB 
[    5.354641] usb 2-1: configuration #1 chosen from 1 choice
[    5.358196] scsi5 : SCSI emulation for USB Mass Storage devices
[    5.358363] usb-storage: device found at 2
[    5.358364] usb-storage: waiting for device to settle before scanning
[    5.582267] random 0014 0000 0000 277f73c3 42024bb9: add_disk_randomness(8:0) 277f73c3 42024bb9
[    5.582271] random 0014 0000 0000 277f73c3 42024bb9: add_timer_randomness(.. 8388864) with jiffies: 13822979894280946069, cycles: -4623764183723278325
[    5.582274] random 0014 0000 0000 277f73c3 42024bb9: added 11 entropy credits to input
[    5.582278]  sda1 sda2
[    5.582836] random 0025 0000 0000 277f73c3 42024bb9: add_disk_randomness(8:0) 277f73c3 42024bb9
[    5.582839] random 0025 0000 0000 277f73c3 42024bb9: add_timer_randomness(.. 8388864) with jiffies: 13828104236941672853, cycles: -4618639841062551541
[    5.582998] sd 2:0:0:0: [sda] Attached SCSI disk
[    5.583091] random 0025 0000 0000 277f73c3 42024bb9: rand_read_num 6 get_random_bytes(12): sig 000007e9 277f73c3 42024bb9
[    5.583093] random 0025 0000 0000 277f73c3 42024bb9: extract_entropy(.. 12 ..)
[    5.583096] random 0025 0000 0000 277f73c3 42024bb9: going to reseed nonblocking with 96 bits (96 of 0 requested)
[    5.583098] random 0025 0000 0000 277f73c3 42024bb9: extract_entropy(.. 12 ..)
[    5.583100] random 0025 0000 0000 277f73c3 42024bb9: trying to extract 96 bits from input
[    5.583103] random 0025 0000 0000 277f73c3 42024bb9: debiting 0 entropy credits from input
[    5.583105] random 0025 0000 0000 277f73c3 42024bb9: extract_entropy account returned: 0 
[    5.583108] random 0025 0000 0000 277f73c3 42024bb9: urand_change_num 24 xfer_secondary_pool(12): pool_sig 000007e9, data_sig 00000000, bytes_mixed 0 277f73c3 42024bb9
[    5.583111] random 0025 0000 0000 277f73c3 42024bb9: trying to extract 96 bits from nonblocking
[    5.583113] random 0025 0000 0000 277f73c3 42024bb9: debiting 96 entropy credits from nonblocking (unlimited)
[    5.583115] random 0025 0000 0000 277f73c3 42024bb9: extract_entropy account returned: 12 
[    5.583119] random 0025 0000 0000 277f73c3 42024bb9: urand_change_num 25 extract_buf: pool_sig 000007e9, data_sig 00000088, bytes_mixed 20 277f73c3 42024bb9
[    5.583125] random 0025 0000 0000 277f73c3 42024bb9: urand_change_num 26 extract_buf: pool_sig 00000498, data_sig fffffefb, bytes_mixed 20 277f73c3 42024bb9
[    5.583128] RANDOM - __seed init called.
[    5.583129] RANDOM - __seed init called.
[    5.583130] RANDOM - __seed init called.
[    5.583131] RANDOM - __random32 called. Change num 12.  Value: 87f14767	f0d7351	b1e48bd3
[    5.583133] RANDOM - random32_reseed called.  Value: 87f14767	f0d7351	b1e48bd3
[    5.583136] Pid: 1, comm: swapper Not tainted 2.6.32.57 #6
[    5.583225] Call Trace:
[    5.583315]  [<c1923ca4>] ? random32_reseed+0xa0/0xb1
[    5.583401]  [<c1923c04>] ? random32_reseed+0x0/0xb1
[    5.583492]  [<c100111e>] ? do_one_initcall+0x2e/0x180
[    5.583584]  [<c1907265>] ? kernel_init+0xad/0x103
[    5.583669]  [<c19071b8>] ? kernel_init+0x0/0x103
[    5.583759]  [<c1003787>] ? kernel_thread_helper+0x7/0x10
[    5.584287] random 0025 0000 0000 386b4e60 ee4d4880: rand_read_num 7 get_random_bytes(64): sig fffffea5 386b4e60 ee4d4880
[    5.584289] random 0025 0000 0000 386b4e60 ee4d4880: extract_entropy(.. 64 ..)
[    5.584292] random 0025 0000 0000 386b4e60 ee4d4880: going to reseed nonblocking with 512 bits (512 of 0 requested)
[    5.584294] random 0025 0000 0000 386b4e60 ee4d4880: extract_entropy(.. 64 ..)
[    5.584296] random 0025 0000 0000 386b4e60 ee4d4880: trying to extract 512 bits from input
[    5.584298] random 0025 0000 0000 386b4e60 ee4d4880: debiting 0 entropy credits from input
[    5.584300] random 0025 0000 0000 386b4e60 ee4d4880: extract_entropy account returned: 0 
[    5.584304] random 0025 0000 0000 386b4e60 ee4d4880: urand_change_num 27 xfer_secondary_pool(64): pool_sig fffffea5, data_sig 00000000, bytes_mixed 0 386b4e60 ee4d4880
[    5.584307] random 0025 0000 0000 386b4e60 ee4d4880: trying to extract 512 bits from nonblocking
[    5.584309] random 0025 0000 0000 386b4e60 ee4d4880: debiting 512 entropy credits from nonblocking (unlimited)
[    5.584311] random 0025 0000 0000 386b4e60 ee4d4880: extract_entropy account returned: 64 
[    5.584315] random 0025 0000 0000 386b4e60 ee4d4880: urand_change_num 28 extract_buf: pool_sig fffffea5, data_sig 00000173, bytes_mixed 20 386b4e60 ee4d4880
[    5.584321] random 0025 0000 0000 412698f6 0cc8689a: urand_change_num 29 extract_buf: pool_sig 00000122, data_sig ffffff63, bytes_mixed 20 412698f6 0cc8689a
[    5.584326] random 0025 0000 0000 412698f6 0cc8689a: urand_change_num 30 extract_buf: pool_sig 000001f7, data_sig 00000012, bytes_mixed 20 412698f6 0cc8689a
[    5.584331] random 0025 0000 0000 9669941e 06f768b1: urand_change_num 31 extract_buf: pool_sig fffffb5b, data_sig 0000003f, bytes_mixed 20 9669941e 06f768b1
[    5.584337] random 0025 0000 0000 98486520 995551f0: urand_change_num 32 extract_buf: pool_sig fffffb39, data_sig 0000000e, bytes_mixed 20 98486520 995551f0
[    5.584342] random 0025 0000 0000 98486520 995551f0: urand_change_num 33 extract_buf: pool_sig fffffd8d, data_sig 000001a6, bytes_mixed 20 98486520 995551f0
[    5.584347] random 0025 0000 0000 61fc8914 d5882ed2: urand_change_num 34 extract_buf: pool_sig fffffa58, data_sig 0000023e, bytes_mixed 20 61fc8914 d5882ed2
[    5.584376] random 0025 0000 0000 61fc8914 d5882ed2: rand_read_num 8 get_random_bytes(64): sig fffff9ee 61fc8914 d5882ed2
[    5.584379] random 0025 0000 0000 61fc8914 d5882ed2: extract_entropy(.. 64 ..)
[    5.584381] random 0025 0000 0000 61fc8914 d5882ed2: going to reseed nonblocking with 512 bits (512 of 0 requested)
[    5.584383] random 0025 0000 0000 61fc8914 d5882ed2: extract_entropy(.. 64 ..)
[    5.584385] random 0025 0000 0000 61fc8914 d5882ed2: trying to extract 512 bits from input
[    5.584388] random 0025 0000 0000 61fc8914 d5882ed2: debiting 0 entropy credits from input
[    5.584390] random 0025 0000 0000 61fc8914 d5882ed2: extract_entropy account returned: 0 
[    5.584393] random 0025 0000 0000 61fc8914 d5882ed2: urand_change_num 35 xfer_secondary_pool(64): pool_sig fffff9ee, data_sig 00000000, bytes_mixed 0 61fc8914 d5882ed2
[    5.584396] random 0025 0000 0000 61fc8914 d5882ed2: trying to extract 512 bits from nonblocking
[    5.584398] random 0025 0000 0000 61fc8914 d5882ed2: debiting 512 entropy credits from nonblocking (unlimited)
[    5.584400] random 0025 0000 0000 61fc8914 d5882ed2: extract_entropy account returned: 64 
[    5.584404] random 0025 0000 0000 61fc8914 d5882ed2: urand_change_num 36 extract_buf: pool_sig fffff9ee, data_sig ffffff85, bytes_mixed 20 61fc8914 d5882ed2
[    5.584410] random 0025 0000 0000 70cfd302 e5edec11: urand_change_num 37 extract_buf: pool_sig fffffdc1, data_sig ffffffde, bytes_mixed 20 70cfd302 e5edec11
[    5.584415] random 0025 0000 0000 00dab838 eafd2b30: urand_change_num 38 extract_buf: pool_sig 000003da, data_sig ffffff61, bytes_mixed 20 00dab838 eafd2b30
[    5.584420] random 0025 0000 0000 00dab838 eafd2b30: urand_change_num 39 extract_buf: pool_sig 00000314, data_sig 00000121, bytes_mixed 20 00dab838 eafd2b30
[    5.584426] random 0025 0000 0000 5fcdf66a 6442b608: urand_change_num 40 extract_buf: pool_sig 0000028b, data_sig fffffefd, bytes_mixed 20 5fcdf66a 6442b608
[    5.584431] random 0025 0000 0000 61333f6b 8fae0f9b: urand_change_num 41 extract_buf: pool_sig 000000cb, data_sig 000000b3, bytes_mixed 20 61333f6b 8fae0f9b
[    5.584436] random 0025 0000 0000 61333f6b 8fae0f9b: urand_change_num 42 extract_buf: pool_sig fffffef8, data_sig 00000051, bytes_mixed 20 61333f6b 8fae0f9b
[    5.584439] BEGIN NET_SECRET:
[    5.584440] \xffffffe0
[    5.584441] \xffffffb6
[    5.584442] \x36
[    5.584442] \xffffffb5
[    5.584443] \xffffff94
[    5.584444] \xffffffb2
[    5.584445] \xffffffa8
[    5.584446] \xffffffda
[    5.584447] \x5b
[    5.584447] \x19
[    5.584448] \x18
[    5.584449] \x5c
[    5.584450] \x2b
[    5.584450] \x1
[    5.584451] \xffffff90
[    5.584452] \x19
[    5.584453] \x3c
[    5.584453] \xfffffff2
[    5.584454] \xffffff82
[    5.584455] \x2a
[    5.584456] \xffffffb3
[    5.584457] \xffffffa2
[    5.584457] \x3f
[    5.584458] \x5
[    5.584459] \x52
[    5.584460] \x77
[    5.584460] \x57
[    5.584461] \x79
[    5.584462] \x16
[    5.584462] \x43
[    5.584463] \xffffff84
[    5.584464] \xffffffc3
[    5.584465] \xffffffe9
[    5.584466] \x79
[    5.584466] \x50
[    5.584467] \xffffff8e
[    5.584468] \x3f
[    5.584469] \xfffffff3
[    5.584469] \x19
[    5.584470] \x2a
[    5.584471] \xfffffffd
[    5.584472] \xfffffffb
[    5.584473] \x62
[    5.584473] \x3c
[    5.584474] \xffffffac
[    5.584475] \x1c
[    5.584476] \x3b
[    5.584476] \x3b
[    5.584477] \x15
[    5.584478] \x27
[    5.584478] \xffffffa8
[    5.584479] \x22
[    5.584480] \xffffffc5
[    5.584481] \xffffff9a
[    5.584482] \x5
[    5.584482] \x6c
[    5.584483] \xffffffa8
[    5.584484] \x3a
[    5.584485] \x44
[    5.584485] \xffffffaf
[    5.584486] \x13
[    5.584487] \xffffffe0
[    5.584488] \xffffff9d
[    5.584489] \x22
[    5.584489] 
[    5.584490] END NET_SECRET
[    5.584493] random 0025 0000 0000 e7f555d9 e8ce5c3c: rand_read_num 9 get_random_bytes(4): sig 0000068c e7f555d9 e8ce5c3c
[    5.584495] random 0025 0000 0000 e7f555d9 e8ce5c3c: extract_entropy(.. 4 ..)
[    5.584498] random 0025 0000 0000 e7f555d9 e8ce5c3c: going to reseed nonblocking with 64 bits (32 of 0 requested)
[    5.584500] random 0025 0000 0000 e7f555d9 e8ce5c3c: extract_entropy(.. 8 ..)
[    5.584502] random 0025 0000 0000 e7f555d9 e8ce5c3c: trying to extract 64 bits from input
[    5.584504] random 0025 0000 0000 e7f555d9 e8ce5c3c: debiting 0 entropy credits from input
[    5.584506] random 0025 0000 0000 e7f555d9 e8ce5c3c: extract_entropy account returned: 0 
[    5.584509] random 0025 0000 0000 e7f555d9 e8ce5c3c: urand_change_num 43 xfer_secondary_pool(4): pool_sig 0000068c, data_sig 00000000, bytes_mixed 0 e7f555d9 e8ce5c3c
[    5.584512] random 0025 0000 0000 e7f555d9 e8ce5c3c: trying to extract 32 bits from nonblocking
[    5.584515] random 0025 0000 0000 e7f555d9 e8ce5c3c: debiting 32 entropy credits from nonblocking (unlimited)
[    5.584517] random 0025 0000 0000 e7f555d9 e8ce5c3c: extract_entropy account returned: 4 
[    5.584521] random 0025 0000 0000 e7f555d9 e8ce5c3c: urand_change_num 44 extract_buf: pool_sig 0000068c, data_sig fffffdcb, bytes_mixed 20 e7f555d9 e8ce5c3c
[    5.584531] md: Waiting for all devices to be available before autodetect
[    5.584628] md: If you don't use raid, use raid=noautodetect
[    5.584794] md: Autodetecting RAID arrays.
[    5.584882] md: Scanned 0 and added 0 devices.
[    5.584977] md: autorun ...
[    5.585063] md: ... autorun DONE.
[    5.598475] random 0025 0000 0000 e7f555d9 e8ce5c3c: add_disk_randomness(8:0) e7f555d9 e8ce5c3c
[    5.598479] random 0025 0000 0000 e7f555d9 e8ce5c3c: add_timer_randomness(.. 8388864) with jiffies: 13968794244433543589, cycles: -4477949833570680821
[    5.598481] random 0025 0000 0000 e7f555d9 e8ce5c3c: added 4 entropy credits to input
[    5.599599] random 0029 0000 0000 e7f555d9 e8ce5c3c: add_disk_randomness(8:0) e7f555d9 e8ce5c3c
[    5.599602] random 0029 0000 0000 e7f555d9 e8ce5c3c: add_timer_randomness(.. 8388864) with jiffies: 13978907642580140454, cycles: -4467836435424083957
[    5.599719] random 0029 0000 0000 e7f555d9 e8ce5c3c: add_disk_randomness(8:0) e7f555d9 e8ce5c3c
[    5.599722] random 0029 0000 0000 e7f555d9 e8ce5c3c: add_timer_randomness(.. 8388864) with jiffies: 13979986095983264166, cycles: -4466757982020960245
[    5.599727] EXT3-fs: sda2: couldn't mount because of unsupported optional features (240).
[    5.599955] random 0029 0000 0000 e7f555d9 e8ce5c3c: add_disk_randomness(8:0) e7f555d9 e8ce5c3c
[    5.599958] random 0029 0000 0000 e7f555d9 e8ce5c3c: add_timer_randomness(.. 8388864) with jiffies: 13982096282135265703, cycles: -4464647795868958709
[    5.599963] EXT2-fs: sda2: couldn't mount because of unsupported optional features (240).
[    5.600220] random 0029 0000 0000 e7f555d9 e8ce5c3c: add_disk_randomness(8:0) e7f555d9 e8ce5c3c
[    5.600223] random 0029 0000 0000 e7f555d9 e8ce5c3c: add_timer_randomness(.. 8388864) with jiffies: 13984483768555766183, cycles: -4462260309448458229
[    5.600361] random 0029 0000 0000 e7f555d9 e8ce5c3c: add_disk_randomness(8:0) e7f555d9 e8ce5c3c
[    5.600364] random 0029 0000 0000 e7f555d9 e8ce5c3c: add_timer_randomness(.. 8388864) with jiffies: 13985759206338953639, cycles: -4460984871665270773
[    5.600483] random 0029 0000 0000 e7f555d9 e8ce5c3c: add_disk_randomness(8:0) e7f555d9 e8ce5c3c
[    5.600486] random 0029 0000 0000 e7f555d9 e8ce5c3c: add_timer_randomness(.. 8388864) with jiffies: 13986856329964913063, cycles: -4459887748039311349
[    5.600597] random 0029 0000 0000 e7f555d9 e8ce5c3c: add_disk_randomness(8:0) e7f555d9 e8ce5c3c
[    5.600600] random 0029 0000 0000 e7f555d9 e8ce5c3c: add_timer_randomness(.. 8388864) with jiffies: 13987882290277745063, cycles: -4458861787726479349
[    5.600713] random 0029 0000 0000 e7f555d9 e8ce5c3c: add_disk_randomness(8:0) e7f555d9 e8ce5c3c
[    5.600716] random 0029 0000 0000 e7f555d9 e8ce5c3c: add_timer_randomness(.. 8388864) with jiffies: 13988931250140447143, cycles: -4457812827863777269
[    5.600823] random 0029 0000 0000 e7f555d9 e8ce5c3c: add_disk_randomness(8:0) e7f555d9 e8ce5c3c
[    5.600826] random 0029 0000 0000 e7f555d9 e8ce5c3c: add_timer_randomness(.. 8388864) with jiffies: 13989918203560296871, cycles: -4456825874443927541
[    5.600939] random 0029 0000 0000 e7f555d9 e8ce5c3c: add_disk_randomness(8:0) e7f555d9 e8ce5c3c
[    5.600942] random 0029 0000 0000 e7f555d9 e8ce5c3c: add_timer_randomness(.. 8388864) with jiffies: 13990962967239950759, cycles: -4455781110764273653
[    5.601053] random 0029 0000 0000 e7f555d9 e8ce5c3c: add_disk_randomness(8:0) e7f555d9 e8ce5c3c
[    5.601056] random 0029 0000 0000 e7f555d9 e8ce5c3c: add_timer_randomness(.. 8388864) with jiffies: 13991977202292064680, cycles: -4454766875712159733
[    5.601293] random 0029 0000 0000 e7f555d9 e8ce5c3c: rand_read_num 10 get_random_bytes(4): sig ffffff72 e7f555d9 e8ce5c3c
[    5.601295] random 0029 0000 0000 e7f555d9 e8ce5c3c: extract_entropy(.. 4 ..)
[    5.601297] random 0029 0000 0000 e7f555d9 e8ce5c3c: going to reseed nonblocking with 64 bits (32 of 0 requested)
[    5.601300] random 0029 0000 0000 e7f555d9 e8ce5c3c: extract_entropy(.. 8 ..)
[    5.601302] random 0029 0000 0000 e7f555d9 e8ce5c3c: trying to extract 64 bits from input
[    5.601304] random 0029 0000 0000 e7f555d9 e8ce5c3c: debiting 0 entropy credits from input
[    5.601306] random 0029 0000 0000 e7f555d9 e8ce5c3c: extract_entropy account returned: 0 
[    5.601309] random 0029 0000 0000 e7f555d9 e8ce5c3c: urand_change_num 45 xfer_secondary_pool(4): pool_sig ffffff72, data_sig 00000000, bytes_mixed 0 e7f555d9 e8ce5c3c
[    5.601312] random 0029 0000 0000 e7f555d9 e8ce5c3c: trying to extract 32 bits from nonblocking
[    5.601314] random 0029 0000 0000 e7f555d9 e8ce5c3c: debiting 32 entropy credits from nonblocking (unlimited)
[    5.601316] random 0029 0000 0000 e7f555d9 e8ce5c3c: extract_entropy account returned: 4 
[    5.601321] random 0029 0000 0000 e7f555d9 e8ce5c3c: urand_change_num 46 extract_buf: pool_sig ffffff72, data_sig ffffff72, bytes_mixed 20 e7f555d9 e8ce5c3c
[    5.612929] random 0029 0000 0000 91716c54 eeb6a1e7: add_disk_randomness(8:0) 91716c54 eeb6a1e7
[    5.612932] random 0029 0000 0000 91716c54 eeb6a1e7: add_timer_randomness(.. 8388864) with jiffies: 14098833020794143155, cycles: -4347911057210081269
[    5.612935] random 0029 0000 0000 91716c54 eeb6a1e7: added 3 entropy credits to input
[    5.631208] random 0032 0000 0000 91716c54 eeb6a1e7: add_disk_randomness(8:0) 91716c54 eeb6a1e7
[    5.631211] random 0032 0000 0000 91716c54 eeb6a1e7: add_timer_randomness(.. 8388864) with jiffies: 14263255406950973894, cycles: -4183488671053250549
[    5.631213] random 0032 0000 0000 91716c54 eeb6a1e7: added 1 entropy credits to input
[    5.635961] EXT4-fs (sda2): mounted filesystem with ordered data mode
[    5.636163] VFS: Mounted root (ext4 filesystem) readonly on device 8:2.
[    5.636266] Freeing unused kernel memory: 448k freed
[    5.656356] random 0033 0000 0000 91716c54 eeb6a1e7: add_disk_randomness(8:0) 91716c54 eeb6a1e7
[    5.656359] random 0033 0000 0000 91716c54 eeb6a1e7: add_timer_randomness(.. 8388864) with jiffies: 14489499814359433695, cycles: -3957244263644790773
[    5.656362] random 0033 0000 0000 91716c54 eeb6a1e7: added 1 entropy credits to input
[    5.657090] random 0034 0000 0000 91716c54 eeb6a1e7: add_disk_randomness(8:0) 91716c54 eeb6a1e7
[    5.657093] random 0034 0000 0000 91716c54 eeb6a1e7: add_timer_randomness(.. 8388864) with jiffies: 14496100324394893792, cycles: -3950643753609330677
[    5.661812] random 0034 0000 0000 91716c54 eeb6a1e7: add_disk_randomness(8:0) 91716c54 eeb6a1e7
[    5.661815] random 0034 0000 0000 91716c54 eeb6a1e7: add_timer_randomness(.. 8388864) with jiffies: 14538583740000207332, cycles: -3908160338004017141
[    5.661817] random 0034 0000 0000 91716c54 eeb6a1e7: added 1 entropy credits to input
[    5.670016] random 0035 0000 0000 91716c54 eeb6a1e7: add_disk_randomness(8:0) 91716c54 eeb6a1e7
[    5.670019] random 0035 0000 0000 91716c54 eeb6a1e7: add_timer_randomness(.. 8388864) with jiffies: 14612381538822357485, cycles: -3834362539181866997
[    5.670022] random 0035 0000 0000 91716c54 eeb6a1e7: added 1 entropy credits to input
[    5.673438] random 0036 0000 0000 91716c54 eeb6a1e7: add_disk_randomness(8:0) 91716c54 eeb6a1e7
[    5.673441] random 0036 0000 0000 91716c54 eeb6a1e7: add_timer_randomness(.. 8388864) with jiffies: 14643173426382733808, cycles: -3803570651621490677
[    5.673444] random 0036 0000 0000 91716c54 eeb6a1e7: added 1 entropy credits to input
[    5.682333] random 0037 0000 0000 91716c54 eeb6a1e7: add_disk_randomness(8:0) 91716c54 eeb6a1e7
[    5.682336] random 0037 0000 0000 91716c54 eeb6a1e7: add_timer_randomness(.. 8388864) with jiffies: 14723190797410992633, cycles: -3723553280593231861
[    5.682339] random 0037 0000 0000 91716c54 eeb6a1e7: added 2 entropy credits to input
[    5.695615] random 0039 0000 0000 91716c54 eeb6a1e7: add_disk_randomness(8:0) 91716c54 eeb6a1e7
[    5.695619] random 0039 0000 0000 91716c54 eeb6a1e7: add_timer_randomness(.. 8388864) with jiffies: 14842686854989054470, cycles: -3604057223015170037
[    5.695621] random 0039 0000 0000 91716c54 eeb6a1e7: added 1 entropy credits to input
[    5.703695] random 0040 0000 0000 91716c54 eeb6a1e7: add_disk_randomness(8:0) 91716c54 eeb6a1e7
[    5.703698] random 0040 0000 0000 91716c54 eeb6a1e7: add_timer_randomness(.. 8388864) with jiffies: 14915369714660901390, cycles: -3531374363343323125
[    5.703700] random 0040 0000 0000 91716c54 eeb6a1e7: added 2 entropy credits to input
[    5.703723] RANDOM get_random_int call with cycles 50717449976, jiffies 4294672910 and pid 1
[    5.703726] RANDOM get_random_int call with cycles 50717456885, jiffies 4294672910 and pid 1
[    5.703728] ASLR stack rand value: 2928640 after shift for pid: 1
[    5.703730] RANDOM get_random_int call with cycles 50717464833, jiffies 4294672910 and pid 1
[    5.715347] random 0042 0000 0000 91716c54 eeb6a1e7: add_disk_randomness(8:0) 91716c54 eeb6a1e7
[    5.715350] random 0042 0000 0000 91716c54 eeb6a1e7: add_timer_randomness(.. 8388864) with jiffies: 15020193863308116506, cycles: -3426550214696108021
[    5.715353] random 0042 0000 0000 91716c54 eeb6a1e7: added 2 entropy credits to input
[    5.715363] RANDOM get_random_int call with cycles 50741829264, jiffies 4294672922 and pid 1
[    5.715366] random 0044 0000 0000 91716c54 eeb6a1e7: rand_read_num 11 get_random_bytes(16): sig fffffcad 91716c54 eeb6a1e7
[    5.715368] random 0044 0000 0000 91716c54 eeb6a1e7: extract_entropy(.. 16 ..)
[    5.715370] random 0044 0000 0000 91716c54 eeb6a1e7: going to reseed nonblocking with 128 bits (128 of 0 requested)
[    5.715373] random 0044 0000 0000 91716c54 eeb6a1e7: extract_entropy(.. 16 ..)
[    5.715375] random 0044 0000 0000 91716c54 eeb6a1e7: trying to extract 128 bits from input
[    5.715377] random 0044 0000 0000 91716c54 eeb6a1e7: debiting 0 entropy credits from input
[    5.715379] random 0044 0000 0000 91716c54 eeb6a1e7: extract_entropy account returned: 0 
[    5.715382] random 0044 0000 0000 91716c54 eeb6a1e7: urand_change_num 47 xfer_secondary_pool(16): pool_sig fffffcad, data_sig 00000000, bytes_mixed 0 91716c54 eeb6a1e7
[    5.715385] random 0044 0000 0000 91716c54 eeb6a1e7: trying to extract 128 bits from nonblocking
[    5.715388] random 0044 0000 0000 91716c54 eeb6a1e7: debiting 128 entropy credits from nonblocking (unlimited)
[    5.715390] random 0044 0000 0000 91716c54 eeb6a1e7: extract_entropy account returned: 16 
[    5.715394] random 0044 0000 0000 91716c54 eeb6a1e7: urand_change_num 48 extract_buf: pool_sig fffffcad, data_sig ffffff19, bytes_mixed 20 91716c54 eeb6a1e7
[    5.715400] random 0044 0000 0000 fd637b06 6cf47bc1: urand_change_num 49 extract_buf: pool_sig fffffede, data_sig ffffffc1, bytes_mixed 20 fd637b06 6cf47bc1
[    5.716347] random 0044 0000 0000 fd637b06 6cf47bc1: add_disk_randomness(8:0) fd637b06 6cf47bc1
[    5.716350] random 0044 0000 0000 fd637b06 6cf47bc1: add_timer_randomness(.. 8388864) with jiffies: 15029183663650341403, cycles: -3417560414353883125
[    5.717488] random 0044 0000 0000 fd637b06 6cf47bc1: add_disk_randomness(8:0) fd637b06 6cf47bc1
[    5.717491] random 0044 0000 0000 fd637b06 6cf47bc1: add_timer_randomness(.. 8388864) with jiffies: 15039457697868775964, cycles: -3407286380135448565
[    5.718640] random 0044 0000 0000 fd637b06 6cf47bc1: add_disk_randomness(8:0) fd637b06 6cf47bc1
[    5.718643] random 0044 0000 0000 fd637b06 6cf47bc1: add_timer_randomness(.. 8388864) with jiffies: 15049817957850645021, cycles: -3396926120153579509
[    5.719526] random 0044 0000 0000 fd637b06 6cf47bc1: add_disk_randomness(8:0) fd637b06 6cf47bc1
[    5.719529] random 0044 0000 0000 fd637b06 6cf47bc1: add_timer_randomness(.. 8388864) with jiffies: 15057787346977784350, cycles: -3388956731026440181
[    5.719697] random 0044 0000 0000 fd637b06 6cf47bc1: add_disk_randomness(8:0) fd637b06 6cf47bc1
[    5.719700] random 0044 0000 0000 fd637b06 6cf47bc1: add_timer_randomness(.. 8388864) with jiffies: 15059328857984959006, cycles: -3387415220019265525
[    5.719918] random 0044 0000 0000 fd637b06 6cf47bc1: add_disk_randomness(8:0) fd637b06 6cf47bc1
[    5.719921] random 0044 0000 0000 fd637b06 6cf47bc1: add_timer_randomness(.. 8388864) with jiffies: 15061325579690934814, cycles: -3385418498313289717
[    5.730404] random 0044 0000 0000 fd637b06 6cf47bc1: add_disk_randomness(8:0) fd637b06 6cf47bc1
[    5.730408] random 0044 0000 0000 fd637b06 6cf47bc1: add_timer_randomness(.. 8388864) with jiffies: 15155652192611566121, cycles: -3291091885392658421
[    5.730410] random 0044 0000 0000 fd637b06 6cf47bc1: added 3 entropy credits to input
[    5.730842] random 0047 0000 0000 fd637b06 6cf47bc1: add_disk_randomness(8:0) fd637b06 6cf47bc1
[    5.730846] random 0047 0000 0000 fd637b06 6cf47bc1: add_timer_randomness(.. 8388864) with jiffies: 15159599499484824105, cycles: -3287144578519400437
[    5.740584] random 0047 0000 0000 fd637b06 6cf47bc1: add_disk_randomness(8:0) fd637b06 6cf47bc1
[    5.740587] random 0047 0000 0000 fd637b06 6cf47bc1: add_timer_randomness(.. 8388864) with jiffies: 15247227921928782387, cycles: -3199516156075442165
[    5.740589] random 0047 0000 0000 fd637b06 6cf47bc1: added 3 entropy credits to input
[    5.740641] RANDOM get_random_int call with cycles 50794778118, jiffies 4294672947 and pid 1
[    5.745478] random 0050 0000 0000 fd637b06 6cf47bc1: add_disk_randomness(8:0) fd637b06 6cf47bc1
[    5.745482] random 0050 0000 0000 fd637b06 6cf47bc1: add_timer_randomness(.. 8388864) with jiffies: 15291262181505204792, cycles: -3155481896499019765
[    5.745485] random 0050 0000 0000 fd637b06 6cf47bc1: added 2 entropy credits to input
[    5.758019] random 0052 0000 0000 fd637b06 6cf47bc1: add_disk_randomness(8:0) fd637b06 6cf47bc1
[    5.758022] random 0052 0000 0000 fd637b06 6cf47bc1: add_timer_randomness(.. 8388864) with jiffies: 15404071185456792133, cycles: -3042672892547432437
[    5.758025] random 0052 0000 0000 fd637b06 6cf47bc1: added 3 entropy credits to input
[    5.758163] random 0055 0000 0000 fd637b06 6cf47bc1: add_disk_randomness(8:0) fd637b06 6cf47bc1
[    5.758166] random 0055 0000 0000 fd637b06 6cf47bc1: add_timer_randomness(.. 8388864) with jiffies: 15405371203337814597, cycles: -3041372874666409973
[    5.760321] random 0055 0000 0000 fd637b06 6cf47bc1: add_disk_randomness(8:0) fd637b06 6cf47bc1
[    5.760324] random 0055 0000 0000 fd637b06 6cf47bc1: add_timer_randomness(.. 8388864) with jiffies: 15424786834927616583, cycles: -3021957243076607989
[    5.760327] random 0055 0000 0000 fd637b06 6cf47bc1: added 1 entropy credits to input
[    5.760568] random 0056 0000 0000 fd637b06 6cf47bc1: add_disk_randomness(8:0) fd637b06 6cf47bc1
[    5.760571] random 0056 0000 0000 fd637b06 6cf47bc1: add_timer_randomness(.. 8388864) with jiffies: 15427010352381657671, cycles: -3019733725622566901
[    5.760712] random 0056 0000 0000 fd637b06 6cf47bc1: add_disk_randomness(8:0) fd637b06 6cf47bc1
[    5.760715] random 0056 0000 0000 fd637b06 6cf47bc1: add_timer_randomness(.. 8388864) with jiffies: 15428308789714715207, cycles: -3018435288289509365
[    5.763875] random 0056 0000 0000 fd637b06 6cf47bc1: add_disk_randomness(8:0) fd637b06 6cf47bc1
[    5.763879] random 0056 0000 0000 fd637b06 6cf47bc1: add_timer_randomness(.. 8388864) with jiffies: 15456770867970409034, cycles: -2989973210033815541
[    5.763881] random 0056 0000 0000 fd637b06 6cf47bc1: added 1 entropy credits to input
[    5.765890] random 0057 0000 0000 fd637b06 6cf47bc1: add_disk_randomness(8:0) fd637b06 6cf47bc1
[    5.765893] random 0057 0000 0000 fd637b06 6cf47bc1: add_timer_randomness(.. 8388864) with jiffies: 15474891085884129868, cycles: -2971852992120094709
[    5.773721] random 0057 0000 0000 fd637b06 6cf47bc1: add_disk_randomness(8:0) fd637b06 6cf47bc1
[    5.773724] random 0057 0000 0000 fd637b06 6cf47bc1: add_timer_randomness(.. 8388864) with jiffies: 15545336856005280340, cycles: -2901407221998944245
[    5.773726] random 0057 0000 0000 fd637b06 6cf47bc1: added 2 entropy credits to input
[    5.773854] random 0059 0000 0000 fd637b06 6cf47bc1: add_disk_randomness(8:0) fd637b06 6cf47bc1
[    5.773857] random 0059 0000 0000 fd637b06 6cf47bc1: add_timer_randomness(.. 8388864) with jiffies: 15546537569947451988, cycles: -2900206508056772597
[    5.777419] random 0059 0000 0000 fd637b06 6cf47bc1: add_disk_randomness(8:0) fd637b06 6cf47bc1
[    5.777422] random 0059 0000 0000 fd637b06 6cf47bc1: add_timer_randomness(.. 8388864) with jiffies: 15578607601120412248, cycles: -2868136476883812341
[    5.777425] random 0059 0000 0000 fd637b06 6cf47bc1: added 2 entropy credits to input
[    5.781916] random 0061 0000 0000 fd637b06 6cf47bc1: add_disk_randomness(8:0) fd637b06 6cf47bc1
[    5.781919] random 0061 0000 0000 fd637b06 6cf47bc1: add_timer_randomness(.. 8388864) with jiffies: 15619066107149386332, cycles: -2827677970854838261
[    5.787494] random 0061 0000 0000 fd637b06 6cf47bc1: add_disk_randomness(8:0) fd637b06 6cf47bc1
[    5.787497] random 0061 0000 0000 fd637b06 6cf47bc1: add_timer_randomness(.. 8388864) with jiffies: 15669245172141228642, cycles: -2777498905862995957
[    5.787500] random 0061 0000 0000 fd637b06 6cf47bc1: added 1 entropy credits to input
[    5.793774] random 0062 0000 0000 fd637b06 6cf47bc1: add_disk_randomness(8:0) fd637b06 6cf47bc1
[    5.793777] random 0062 0000 0000 fd637b06 6cf47bc1: add_timer_randomness(.. 8388864) with jiffies: 15725741086053466728, cycles: -2721002991950757877
[    5.793791] random 0062 0000 0000 fd637b06 6cf47bc1: rand_read_num 12 get_random_bytes(16): sig 0000033b fd637b06 6cf47bc1
[    5.793793] random 0062 0000 0000 fd637b06 6cf47bc1: extract_entropy(.. 16 ..)
[    5.793796] random 0062 0000 0000 fd637b06 6cf47bc1: going to reseed nonblocking with 128 bits (128 of 0 requested)
[    5.793798] random 0062 0000 0000 fd637b06 6cf47bc1: extract_entropy(.. 16 ..)
[    5.793800] random 0062 0000 0000 fd637b06 6cf47bc1: trying to extract 128 bits from input
[    5.793802] random 0062 0000 0000 fd637b06 6cf47bc1: debiting 0 entropy credits from input
[    5.793804] random 0062 0000 0000 fd637b06 6cf47bc1: extract_entropy account returned: 0 
[    5.793807] random 0062 0000 0000 fd637b06 6cf47bc1: urand_change_num 50 xfer_secondary_pool(16): pool_sig 0000033b, data_sig 00000000, bytes_mixed 0 fd637b06 6cf47bc1
[    5.793810] random 0062 0000 0000 fd637b06 6cf47bc1: trying to extract 128 bits from nonblocking
[    5.793813] random 0062 0000 0000 fd637b06 6cf47bc1: debiting 128 entropy credits from nonblocking (unlimited)
[    5.793815] random 0062 0000 0000 fd637b06 6cf47bc1: extract_entropy account returned: 16 
[    5.793819] random 0062 0000 0000 fd637b06 6cf47bc1: urand_change_num 51 extract_buf: pool_sig 0000033b, data_sig 000000d8, bytes_mixed 20 fd637b06 6cf47bc1
[    5.793825] random 0062 0000 0000 0ec1f012 d4727ca8: urand_change_num 52 extract_buf: pool_sig fffffcf5, data_sig 00000016, bytes_mixed 20 0ec1f012 d4727ca8
[    5.800519] random 0062 0000 0000 45b1d0b1 845a73f7: add_disk_randomness(8:0) 45b1d0b1 845a73f7
[    5.800522] random 0062 0000 0000 45b1d0b1 845a73f7: add_timer_randomness(.. 8388864) with jiffies: 15786414259387990639, cycles: -2660329818616233973
[    5.807744] random 0062 0000 0000 45b1d0b1 845a73f7: add_disk_randomness(8:0) 45b1d0b1 845a73f7
[    5.807747] random 0062 0000 0000 45b1d0b1 845a73f7: add_timer_randomness(.. 8388864) with jiffies: 15851417661700014710, cycles: -2595326416304209909
[    5.815763] random 0062 0000 0000 45b1d0b1 845a73f7: add_disk_randomness(8:0) 45b1d0b1 845a73f7
[    5.815766] random 0062 0000 0000 45b1d0b1 845a73f7: add_timer_randomness(.. 8388864) with jiffies: 15923555120654811774, cycles: -2523188957349412853
[    5.825171] random 0062 0000 0000 45b1d0b1 845a73f7: add_disk_randomness(8:0) 45b1d0b1 845a73f7
[    5.825174] random 0062 0000 0000 45b1d0b1 845a73f7: add_timer_randomness(.. 8388864) with jiffies: 16008183134780359304, cycles: -2438560943223865333
[    5.828309] random 0062 0000 0000 45b1d0b1 845a73f7: add_disk_randomness(8:0) 45b1d0b1 845a73f7
[    5.828312] random 0062 0000 0000 45b1d0b1 845a73f7: add_timer_randomness(.. 8388864) with jiffies: 16036419323526087307, cycles: -2410324754478137333
[    5.828315] random 0062 0000 0000 45b1d0b1 845a73f7: added 1 entropy credits to input
[    5.842584] random 0063 0000 0000 45b1d0b1 845a73f7: add_disk_randomness(8:0) 45b1d0b1 845a73f7
[    5.842587] random 0063 0000 0000 45b1d0b1 845a73f7: add_timer_randomness(.. 8388864) with jiffies: 16164842449154048665, cycles: -2281901628850175989
[    5.842590] random 0063 0000 0000 45b1d0b1 845a73f7: added 3 entropy credits to input
[    5.847980] random 0066 0000 0000 45b1d0b1 845a73f7: add_disk_randomness(8:0) 45b1d0b1 845a73f7
[    5.847983] random 0066 0000 0000 45b1d0b1 845a73f7: add_timer_randomness(.. 8388864) with jiffies: 16213374342648267423, cycles: -2233369735355957237
[    5.847986] random 0066 0000 0000 45b1d0b1 845a73f7: added 2 entropy credits to input
[    5.853150] random 0068 0000 0000 45b1d0b1 845a73f7: add_disk_randomness(8:0) 45b1d0b1 845a73f7
[    5.853154] random 0068 0000 0000 45b1d0b1 845a73f7: add_timer_randomness(.. 8388864) with jiffies: 16259894585130189476, cycles: -2186849492874035189
[    5.861382] random 0068 0000 0000 45b1d0b1 845a73f7: add_disk_randomness(8:0) 45b1d0b1 845a73f7
[    5.861385] random 0068 0000 0000 45b1d0b1 845a73f7: add_timer_randomness(.. 8388864) with jiffies: 16333947814247367340, cycles: -2112796263756857333
[    5.861388] random 0068 0000 0000 45b1d0b1 845a73f7: added 1 entropy credits to input
[    5.870985] random 0069 0000 0000 45b1d0b1 845a73f7: add_disk_randomness(8:0) 45b1d0b1 845a73f7
[    5.870988] random 0069 0000 0000 45b1d0b1 845a73f7: add_timer_randomness(.. 8388864) with jiffies: 16420336649000157878, cycles: -2026407429004066805
[    5.890485] random 0069 0000 0000 45b1d0b1 845a73f7: add_disk_randomness(8:0) 45b1d0b1 845a73f7
[    5.890488] random 0069 0000 0000 45b1d0b1 845a73f7: add_timer_randomness(.. 8388864) with jiffies: 16595766662674481865, cycles: -1850977415329742837
[    5.890491] random 0069 0000 0000 45b1d0b1 845a73f7: added 2 entropy credits to input
[    5.903774] random 0071 0000 0000 45b1d0b1 845a73f7: add_disk_randomness(8:0) 45b1d0b1 845a73f7
[    5.903777] random 0071 0000 0000 45b1d0b1 845a73f7: add_timer_randomness(.. 8388864) with jiffies: 16715319808957842134, cycles: -1731424269046382581
[    5.903779] random 0071 0000 0000 45b1d0b1 845a73f7: added 2 entropy credits to input
[    5.911794] random 0073 0000 0000 45b1d0b1 845a73f7: add_disk_randomness(8:0) 45b1d0b1 845a73f7
[    5.911797] random 0073 0000 0000 45b1d0b1 845a73f7: add_timer_randomness(.. 8388864) with jiffies: 16787473593083331294, cycles: -1659270484920893429
[    5.921809] random 0073 0000 0000 45b1d0b1 845a73f7: add_disk_randomness(8:0) 45b1d0b1 845a73f7
[    5.921812] random 0073 0000 0000 45b1d0b1 845a73f7: add_timer_randomness(.. 8388864) with jiffies: 16877568194338587368, cycles: -1569175883665637365
[    5.921815] random 0073 0000 0000 45b1d0b1 845a73f7: added 1 entropy credits to input
[    5.934696] random 0074 0000 0000 45b1d0b1 845a73f7: add_disk_randomness(8:0) 45b1d0b1 845a73f7
[    5.934699] random 0074 0000 0000 45b1d0b1 845a73f7: add_timer_randomness(.. 8388864) with jiffies: 16993504686100939509, cycles: -1453239391903285237
[    5.942057] random 0074 0000 0000 45b1d0b1 845a73f7: add_disk_randomness(8:0) 45b1d0b1 845a73f7
[    5.942060] random 0074 0000 0000 45b1d0b1 845a73f7: add_timer_randomness(.. 8388864) with jiffies: 17059708712160822013, cycles: -1387035365843402741
[    5.942062] random 0074 0000 0000 45b1d0b1 845a73f7: added 2 entropy credits to input
[    5.947303] random 0076 0000 0000 45b1d0b1 845a73f7: add_disk_randomness(8:0) 45b1d0b1 845a73f7
[    5.947306] random 0076 0000 0000 45b1d0b1 845a73f7: add_timer_randomness(.. 8388864) with jiffies: 17106906898050548482, cycles: -1339837179953676277
[    5.947308] random 0076 0000 0000 45b1d0b1 845a73f7: added 1 entropy credits to input
[    5.953743] random 0077 0000 0000 45b1d0b1 845a73f7: add_disk_randomness(8:0) 45b1d0b1 845a73f7
[    5.953746] random 0077 0000 0000 45b1d0b1 845a73f7: add_timer_randomness(.. 8388864) with jiffies: 17164850340495590152, cycles: -1281893737508634613
[    5.958795] random 0077 0000 0000 45b1d0b1 845a73f7: add_disk_randomness(8:0) 45b1d0b1 845a73f7
[    5.958798] random 0077 0000 0000 45b1d0b1 845a73f7: add_timer_randomness(.. 8388864) with jiffies: 17210298219838014221, cycles: -1236445858166210549
[    5.964697] random 0077 0000 0000 45b1d0b1 845a73f7: add_disk_randomness(8:0) 45b1d0b1 845a73f7
[    5.964700] random 0077 0000 0000 45b1d0b1 845a73f7: add_timer_randomness(.. 8388864) with jiffies: 17263398408051983123, cycles: -1183345669952241653
[    5.974051] random 0077 0000 0000 45b1d0b1 845a73f7: add_disk_randomness(8:0) 45b1d0b1 845a73f7
[    5.974054] random 0077 0000 0000 45b1d0b1 845a73f7: add_timer_randomness(.. 8388864) with jiffies: 17347540412268249885, cycles: -1099203665735974901
[    5.974057] random 0077 0000 0000 45b1d0b1 845a73f7: added 1 entropy credits to input
[    5.978927] random 0078 0000 0000 45b1d0b1 845a73f7: add_disk_randomness(8:0) 45b1d0b1 845a73f7
[    5.978930] random 0078 0000 0000 45b1d0b1 845a73f7: add_timer_randomness(.. 8388864) with jiffies: 17391414984960607009, cycles: -1055329093043617781
[    5.978933] random 0078 0000 0000 45b1d0b1 845a73f7: added 2 entropy credits to input
[    5.986362] random 0080 0000 0000 45b1d0b1 845a73f7: add_disk_randomness(8:0) 45b1d0b1 845a73f7
[    5.986365] random 0080 0000 0000 45b1d0b1 845a73f7: add_timer_randomness(.. 8388864) with jiffies: 17458289240667030313, cycles: -988454837337194485
[    5.986367] random 0080 0000 0000 45b1d0b1 845a73f7: added 2 entropy credits to input
[    5.992581] random 0082 0000 0000 45b1d0b1 845a73f7: add_disk_randomness(8:0) 45b1d0b1 845a73f7
[    5.992584] random 0082 0000 0000 45b1d0b1 845a73f7: add_timer_randomness(.. 8388864) with jiffies: 17514242051669721903, cycles: -932502026334502901
[    5.992586] random 0082 0000 0000 45b1d0b1 845a73f7: added 1 entropy credits to input
[    5.992737] random 0083 0000 0000 45b1d0b1 845a73f7: add_disk_randomness(8:0) 45b1d0b1 845a73f7
[    5.992740] random 0083 0000 0000 45b1d0b1 845a73f7: add_timer_randomness(.. 8388864) with jiffies: 17515646420076167983, cycles: -931097657928056821
[    6.007148] random 0083 0000 0000 45b1d0b1 845a73f7: add_disk_randomness(8:0) 45b1d0b1 845a73f7
[    6.007151] random 0083 0000 0000 45b1d0b1 845a73f7: add_timer_randomness(.. 8388864) with jiffies: 17645283926232236862, cycles: -801460151771987957
[    6.007154] random 0083 0000 0000 45b1d0b1 845a73f7: added 3 entropy credits to input
[    6.014568] random 0086 0000 0000 45b1d0b1 845a73f7: add_disk_randomness(8:0) 45b1d0b1 845a73f7
[    6.014571] random 0086 0000 0000 45b1d0b1 845a73f7: add_timer_randomness(.. 8388864) with jiffies: 17712039443272794949, cycles: -734704634731429877
[    6.014573] random 0086 0000 0000 45b1d0b1 845a73f7: added 2 entropy credits to input
[    6.024250] random 0088 0000 0000 45b1d0b1 845a73f7: add_disk_randomness(8:0) 45b1d0b1 845a73f7
[    6.024253] random 0088 0000 0000 45b1d0b1 845a73f7: add_timer_randomness(.. 8388864) with jiffies: 17799135264002245455, cycles: -647608814001979381
[    6.024255] random 0088 0000 0000 45b1d0b1 845a73f7: added 1 entropy credits to input
[    6.034877] random 0089 0000 0000 45b1d0b1 845a73f7: add_disk_randomness(8:0) 45b1d0b1 845a73f7
[    6.034880] random 0089 0000 0000 45b1d0b1 845a73f7: add_timer_randomness(.. 8388864) with jiffies: 17894750526025466713, cycles: -551993551978758133
[    6.047400] random 0089 0000 0000 45b1d0b1 845a73f7: add_disk_randomness(8:0) 45b1d0b1 845a73f7
[    6.047403] random 0089 0000 0000 45b1d0b1 845a73f7: add_timer_randomness(.. 8388864) with jiffies: 18007401015619060582, cycles: -439343062385164277
[    6.047405] random 0089 0000 0000 45b1d0b1 845a73f7: added 1 entropy credits to input
[    6.048611] random 0090 0000 0000 45b1d0b1 845a73f7: add_disk_randomness(8:0) 45b1d0b1 845a73f7
[    6.048614] random 0090 0000 0000 45b1d0b1 845a73f7: add_timer_randomness(.. 8388864) with jiffies: 18018298606074430311, cycles: -428445471929794549
[    6.052627] random 0090 0000 0000 45b1d0b1 845a73f7: add_disk_randomness(8:0) 45b1d0b1 845a73f7
[    6.052630] random 0090 0000 0000 45b1d0b1 845a73f7: add_timer_randomness(.. 8388864) with jiffies: 18054433243972469611, cycles: -392310834031755253
[    6.052633] random 0090 0000 0000 45b1d0b1 845a73f7: added 1 entropy credits to input
[    6.061966] random 0091 0000 0000 45b1d0b1 845a73f7: add_disk_randomness(8:0) 45b1d0b1 845a73f7
[    6.061970] random 0091 0000 0000 45b1d0b1 845a73f7: add_timer_randomness(.. 8388864) with jiffies: 18138439552991986549, cycles: -308304525012238325
[    6.061972] random 0091 0000 0000 45b1d0b1 845a73f7: added 1 entropy credits to input
[    6.062312] random 0092 0000 0000 45b1d0b1 845a73f7: add_disk_randomness(8:0) 45b1d0b1 845a73f7
[    6.062315] random 0092 0000 0000 45b1d0b1 845a73f7: add_timer_randomness(.. 8388864) with jiffies: 18141555358491706229, cycles: -305188719512518645
[    6.077978] random 0092 0000 0000 45b1d0b1 845a73f7: add_disk_randomness(8:0) 45b1d0b1 845a73f7
[    6.077981] random 0092 0000 0000 45b1d0b1 845a73f7: add_timer_randomness(.. 8388864) with jiffies: 18282482667221648261, cycles: -164261410782576629
[    6.077984] random 0092 0000 0000 45b1d0b1 845a73f7: added 4 entropy credits to input
[    6.079607] random 0096 0000 0000 45b1d0b1 845a73f7: add_disk_randomness(8:0) 45b1d0b1 845a73f7
[    6.079610] random 0096 0000 0000 45b1d0b1 845a73f7: add_timer_randomness(.. 8388864) with jiffies: 18297149074299388806, cycles: -149595003704836085
[    6.079754] random 0096 0000 0000 45b1d0b1 845a73f7: add_disk_randomness(8:0) 45b1d0b1 845a73f7
[    6.079758] random 0096 0000 0000 45b1d0b1 845a73f7: add_timer_randomness(.. 8388864) with jiffies: 18298476957928227718, cycles: -148267120075997173
[    6.090630] random 0096 0000 0000 45b1d0b1 845a73f7: add_disk_randomness(8:0) 45b1d0b1 845a73f7
[    6.090633] random 0096 0000 0000 45b1d0b1 845a73f7: add_timer_randomness(.. 8388864) with jiffies: 18396308655004418961, cycles: -50435422999805941
[    6.090635] random 0096 0000 0000 45b1d0b1 845a73f7: added 3 entropy credits to input
[    6.091198] random 0099 0000 0000 45b1d0b1 845a73f7: add_disk_randomness(8:0) 45b1d0b1 845a73f7
[    6.091201] random 0099 0000 0000 45b1d0b1 845a73f7: add_timer_randomness(.. 8388864) with jiffies: 18401415865040602002, cycles: -45328212963622901
[    6.096429] random 0099 0000 0000 45b1d0b1 845a73f7: add_disk_randomness(8:0) 45b1d0b1 845a73f7
[    6.096432] random 0099 0000 0000 45b1d0b1 845a73f7: add_timer_randomness(.. 8388864) with jiffies: 1732027166196631, cycles: 1732022871523340
[    6.096435] random 0099 0000 0000 45b1d0b1 845a73f7: added 2 entropy credits to input
[    6.098185] random 0101 0000 0000 45b1d0b1 845a73f7: add_disk_randomness(8:0) 45b1d0b1 845a73f7
[    6.098188] random 0101 0000 0000 45b1d0b1 845a73f7: add_timer_randomness(.. 8388864) with jiffies: 17526808051942297, cycles: 17526803757269004
[    6.098191] random 0101 0000 0000 45b1d0b1 845a73f7: added 1 entropy credits to input
[    6.108411] random 0102 0000 0000 45b1d0b1 845a73f7: add_disk_randomness(8:0) 45b1d0b1 845a73f7
