[    0.000000] random 0000 0000 0000 00000000 00000000: rand_read_num 1 get_random_bytes(8): sig 00000000 00000000 00000000
[    0.000000] random 0000 0000 0000 00000000 00000000: extract_entropy(.. 8 ..)
[    0.000000] random 0000 0000 0000 00000000 00000000: going to reseed nonblocking with 64 bits (64 of 0 requested)
[    0.000000] random 0000 0000 0000 00000000 00000000: extract_entropy(.. 8 ..)
[    0.000000] random 0000 0000 0000 00000000 00000000: trying to extract 64 bits from input
[    0.000000] random 0000 0000 0000 00000000 00000000: debiting 0 entropy credits from input
[    0.000000] random 0000 0000 0000 00000000 00000000: extract_entropy account returned: 0 
[    0.000000] random 0000 0000 0000 00000000 00000000: urand_change_num 1 xfer_secondary_pool(8): pool_sig 00000000, data_sig 00000000, bytes_mixed 0 00000000 00000000
[    0.000000] random 0000 0000 0000 00000000 00000000: trying to extract 64 bits from nonblocking
[    0.000000] random 0000 0000 0000 00000000 00000000: debiting 64 entropy credits from nonblocking (unlimited)
[    0.000000] random 0000 0000 0000 00000000 00000000: extract_entropy account returned: 8 
[    0.000000] random 0000 0000 0000 00000000 00000000: urand_change_num 2 extract_buf: pool_sig 00000000, data_sig fffffff9, bytes_mixed 20 00000000 00000000
[    0.000000] Linux version 2.6.32.57 (dcashman@dcashman-02) (gcc version 4.3.3 (GCC) ) #6 Thu May 30 09:02:12 PDT 2013
[    0.000000] KERNEL supported cpus:
[    0.000000]   Intel GenuineIntel
[    0.000000]   AMD AuthenticAMD
[    0.000000]   NSC Geode by NSC
[    0.000000]   Cyrix CyrixInstead
[    0.000000]   Centaur CentaurHauls
[    0.000000]   Transmeta GenuineTMx86
[    0.000000]   Transmeta TransmetaCPU
[    0.000000]   UMC UMC UMC UMC
[    0.000000] BIOS-provided physical RAM map:
[    0.000000]  BIOS-e820: 0000000000000000 - 000000000009d800 (usable)
[    0.000000]  BIOS-e820: 000000000009d800 - 00000000000a0000 (reserved)
[    0.000000]  BIOS-e820: 00000000000d2000 - 00000000000d4000 (reserved)
[    0.000000]  BIOS-e820: 00000000000e0000 - 0000000000100000 (reserved)
[    0.000000]  BIOS-e820: 0000000000100000 - 000000003d6b0000 (usable)
[    0.000000]  BIOS-e820: 000000003d6b0000 - 000000003d6cc000 (ACPI data)
[    0.000000]  BIOS-e820: 000000003d6cc000 - 000000003d700000 (ACPI NVS)
[    0.000000]  BIOS-e820: 000000003d700000 - 000000003e000000 (reserved)
[    0.000000]  BIOS-e820: 00000000f0000000 - 00000000f4000000 (reserved)
[    0.000000]  BIOS-e820: 00000000fec00000 - 00000000fec10000 (reserved)
[    0.000000]  BIOS-e820: 00000000fed00000 - 00000000fed00400 (reserved)
[    0.000000]  BIOS-e820: 00000000fed14000 - 00000000fed1a000 (reserved)
[    0.000000]  BIOS-e820: 00000000fed1c000 - 00000000fed90000 (reserved)
[    0.000000]  BIOS-e820: 00000000fee00000 - 00000000fee01000 (reserved)
[    0.000000]  BIOS-e820: 00000000ff000000 - 0000000100000000 (reserved)
[    0.000000] DMI present.
[    0.000000] last_pfn = 0x3d6b0 max_arch_pfn = 0x100000
[    0.000000] MTRR default type: uncachable
[    0.000000] MTRR fixed ranges enabled:
[    0.000000]   00000-9FFFF write-back
[    0.000000]   A0000-BFFFF uncachable
[    0.000000]   C0000-CFFFF write-protect
[    0.000000]   D0000-DFFFF uncachable
[    0.000000]   E0000-FFFFF write-protect
[    0.000000] MTRR variable ranges enabled:
[    0.000000]   0 base 03E000000 mask FFE000000 uncachable
[    0.000000]   1 base 000000000 mask FC0000000 write-back
[    0.000000]   2 base 03D700000 mask FFFF00000 uncachable
[    0.000000]   3 base 03D800000 mask FFF800000 uncachable
[    0.000000]   4 disabled
[    0.000000]   5 disabled
[    0.000000]   6 disabled
[    0.000000]   7 disabled
[    0.000000] initial memory mapped : 0 - 02000000
[    0.000000] init_memory_mapping: 0000000000000000-00000000377fe000
[    0.000000]  0000000000 - 0000400000 page 4k
[    0.000000]  0000400000 - 0037400000 page 2M
[    0.000000]  0037400000 - 00377fe000 page 4k
[    0.000000] kernel direct mapping tables up to 377fe000 @ 7000-c000
[    0.000000] ACPI: RSDP 000f68d0 00024 (v02 LENOVO)
[    0.000000] ACPI: XSDT 3d6bb77f 00094 (v01 LENOVO TP-7L    00002170  LTP 00000000)
[    0.000000] ACPI: FACP 3d6bb900 000F4 (v03 LENOVO TP-7L    00002170 LNVO 00000001)
[    0.000000] ACPI Warning: 32/64X length mismatch in Gpe1Block: 0/32 (20090903/tbfadt-526)
[    0.000000] ACPI Warning: Optional field Gpe1Block has zero address or length: 000000000000102C/0 (20090903/tbfadt-557)
[    0.000000] ACPI: DSDT 3d6bbd1d 0FED1 (v01 LENOVO TP-7L    00002170 MSFT 03000000)
[    0.000000] ACPI: FACS 3d6e4000 00040
[    0.000000] ACPI: SSDT 3d6bbab4 00269 (v01 LENOVO TP-7L    00002170 MSFT 03000000)
[    0.000000] ACPI: ECDT 3d6cbbee 00052 (v01 LENOVO TP-7L    00002170 LNVO 00000001)
[    0.000000] ACPI: TCPA 3d6cbc40 00032 (v02 LENOVO TP-7L    00002170 LNVO 00000001)
[    0.000000] ACPI: APIC 3d6cbc72 00068 (v01 LENOVO TP-7L    00002170 LNVO 00000001)
[    0.000000] ACPI: MCFG 3d6cbcda 0003C (v01 LENOVO TP-7L    00002170 LNVO 00000001)
[    0.000000] ACPI: HPET 3d6cbd16 00038 (v01 LENOVO TP-7L    00002170 LNVO 00000001)
[    0.000000] ACPI: SLIC 3d6cbdf0 00176 (v01 LENOVO TP-7L    00002170  LTP 00000000)
[    0.000000] ACPI: BOOT 3d6cbf66 00028 (v01 LENOVO TP-7L    00002170  LTP 00000001)
[    0.000000] ACPI: ASF! 3d6cbf8e 00072 (v16 LENOVO TP-7L    00002170 PTL  00000001)
[    0.000000] ACPI: SSDT 3d6e26d9 0025F (v01 LENOVO TP-7L    00002170 INTL 20050513)
[    0.000000] ACPI: SSDT 3d6e2938 000A6 (v01 LENOVO TP-7L    00002170 INTL 20050513)
[    0.000000] ACPI: SSDT 3d6e29de 004F7 (v01 LENOVO TP-7L    00002170 INTL 20050513)
[    0.000000] ACPI: SSDT 3d6e2ed5 001D8 (v01 LENOVO TP-7L    00002170 INTL 20050513)
[    0.000000] ACPI: DMI detected: Lenovo ThinkPad R61
[    0.000000] ACPI: Added _OSI(Linux)
[    0.000000] ACPI: Local APIC address 0xfee00000
[    0.000000] 94MB HIGHMEM available.
[    0.000000] 887MB LOWMEM available.
[    0.000000]   mapped low ram: 0 - 377fe000
[    0.000000]   low ram: 0 - 377fe000
[    0.000000]   node 0 low ram: 00000000 - 377fe000
[    0.000000]   node 0 bootmap 00008000 - 0000ef00
[    0.000000] (6 early reservations) ==> bootmem [0000000000 - 00377fe000]
[    0.000000]   #0 [0000000000 - 0000001000]   BIOS data page ==> [0000000000 - 0000001000]
[    0.000000]   #1 [0001000000 - 0001bdc180]    TEXT DATA BSS ==> [0001000000 - 0001bdc180]
[    0.000000]   #2 [000009d800 - 0000100000]    BIOS reserved ==> [000009d800 - 0000100000]
[    0.000000]   #3 [0001bdd000 - 0001be516c]              BRK ==> [0001bdd000 - 0001be516c]
[    0.000000]   #4 [0000007000 - 0000008000]          PGTABLE ==> [0000007000 - 0000008000]
[    0.000000]   #5 [0000008000 - 000000f000]          BOOTMAP ==> [0000008000 - 000000f000]
[    0.000000] found SMP MP-table at [c00f6900] f6900
[    0.000000] Zone PFN ranges:
[    0.000000]   DMA      0x00000000 -> 0x00001000
[    0.000000]   Normal   0x00001000 -> 0x000377fe
[    0.000000]   HighMem  0x000377fe -> 0x0003d6b0
[    0.000000] Movable zone start PFN for each node
[    0.000000] early_node_map[2] active PFN ranges
[    0.000000]     0: 0x00000000 -> 0x0000009d
[    0.000000]     0: 0x00000100 -> 0x0003d6b0
[    0.000000] On node 0 totalpages: 251469
[    0.000000] free_area_init_node: node 0, pgdat c1901ea0, node_mem_map c1be7000
[    0.000000]   DMA zone: 32 pages used for memmap
[    0.000000]   DMA zone: 0 pages reserved
[    0.000000]   DMA zone: 3965 pages, LIFO batch:0
[    0.000000]   Normal zone: 1744 pages used for memmap
[    0.000000]   Normal zone: 221486 pages, LIFO batch:31
[    0.000000]   HighMem zone: 190 pages used for memmap
[    0.000000]   HighMem zone: 24052 pages, LIFO batch:3
[    0.000000] Using APIC driver default
[    0.000000] ACPI: PM-Timer IO Port: 0x1008
[    0.000000] ACPI: Local APIC address 0xfee00000
[    0.000000] ACPI: LAPIC (acpi_id[0x00] lapic_id[0x00] enabled)
[    0.000000] ACPI: LAPIC (acpi_id[0x01] lapic_id[0x01] enabled)
[    0.000000] ACPI: NR_CPUS/possible_cpus limit of 1 reached.  Processor 1/0x1 ignored.
[    0.000000] ACPI: LAPIC_NMI (acpi_id[0x00] high edge lint[0x1])
[    0.000000] ACPI: LAPIC_NMI (acpi_id[0x01] high edge lint[0x1])
[    0.000000] ACPI: IOAPIC (id[0x01] address[0xfec00000] gsi_base[0])
[    0.000000] IOAPIC[0]: apic_id 1, version 32, address 0xfec00000, GSI 0-23
[    0.000000] ACPI: INT_SRC_OVR (bus 0 bus_irq 0 global_irq 2 dfl dfl)
[    0.000000] ACPI: INT_SRC_OVR (bus 0 bus_irq 9 global_irq 9 high level)
[    0.000000] ACPI: IRQ0 used by override.
[    0.000000] ACPI: IRQ2 used by override.
[    0.000000] ACPI: IRQ9 used by override.
[    0.000000] Using ACPI (MADT) for SMP configuration information
[    0.000000] ACPI: HPET id: 0x8086a201 base: 0xfed00000
[    0.000000] nr_irqs_gsi: 24
[    0.000000] PM: Registered nosave memory: 000000000009d000 - 000000000009e000
[    0.000000] PM: Registered nosave memory: 000000000009e000 - 00000000000a0000
[    0.000000] PM: Registered nosave memory: 00000000000a0000 - 00000000000d2000
[    0.000000] PM: Registered nosave memory: 00000000000d2000 - 00000000000d4000
[    0.000000] PM: Registered nosave memory: 00000000000d4000 - 00000000000e0000
[    0.000000] PM: Registered nosave memory: 00000000000e0000 - 0000000000100000
[    0.000000] Allocating PCI resources starting at 3e000000 (gap: 3e000000:b2000000)
[    0.000000] Built 1 zonelists in Zone order, mobility grouping on.  Total pages: 249503
[    0.000000] Kernel command line: auto BOOT_IMAGE=Linux ro root=802 vt.default_utf8=0 maxcpus=0
[    0.000000] PID hash table entries: 4096 (order: 2, 16384 bytes)
[    0.000000] Dentry cache hash table entries: 131072 (order: 7, 524288 bytes)
[    0.000000] Inode-cache hash table entries: 65536 (order: 6, 262144 bytes)
[    0.000000] Enabling fast FPU save and restore... done.
[    0.000000] Enabling unmasked SIMD FPU exception support... done.
[    0.000000] Initializing CPU#0
[    0.000000] Initializing HighMem for node 0 (000377fe:0003d6b0)
[    0.000000] Memory: 984800k/1006272k available (6915k kernel code, 20876k reserved, 2327k data, 448k init, 96968k highmem)
[    0.000000] virtual kernel memory layout:
[    0.000000]     fixmap  : 0xfffa3000 - 0xfffff000   ( 368 kB)
[    0.000000]     pkmap   : 0xff800000 - 0xffc00000   (4096 kB)
[    0.000000]     vmalloc : 0xf7ffe000 - 0xff7fe000   ( 120 MB)
[    0.000000]     lowmem  : 0xc0000000 - 0xf77fe000   ( 887 MB)
[    0.000000]       .init : 0xc1907000 - 0xc1977000   ( 448 kB)
[    0.000000]       .data : 0xc16c0d3f - 0xc1906c64   (2327 kB)
[    0.000000]       .text : 0xc1000000 - 0xc16c0d3f   (6915 kB)
[    0.000000] Checking if this processor honours the WP bit even in supervisor mode...Ok.
[    0.000000] SLUB: Genslabs=13, HWalign=64, Order=0-3, MinObjects=0, CPUs=1, Nodes=1
[    0.000000] Hierarchical RCU implementation.
[    0.000000] NR_IRQS:288
[    0.000000] Extended CMOS year: 2000
[    0.000000] Console: colour VGA+ 80x25
[    0.000000] console [tty0] enabled
[    0.000000] hpet clockevent registered
[    0.000000] Fast TSC calibration using PIT
[    0.000000] Detected 2094.938 MHz processor.
[    0.001002] Calibrating delay loop (skipped), value calculated using timer frequency.. 4189.87 BogoMIPS (lpj=2094938)
[    0.001167] Security Framework initialized
[    0.001252] Mount-cache hash table entries: 512
[    0.001398] CPU: L1 I cache: 32K, L1 D cache: 32K
[    0.001523] CPU: L2 cache: 3072K
[    0.001605] mce: CPU supports 6 MCE banks
[    0.001688] CPU0: Thermal monitoring enabled (TM2)
[    0.002003] using mwait in idle threads.
[    0.002084] CPU: Intel(R) Core(TM)2 Duo CPU     T8100  @ 2.10GHz stepping 06
[    0.002259] Checking 'hlt' instruction... OK.
[    0.006938] ACPI: Core revision 20090903
[    0.026013] RANDOM get_random_int first call with cycles 32600373519, jiffies 4294667322 and pid 0
[    0.026020] CANARY value: 9794b353 for PID: 1
[    0.026027] CANARY value: 77da42c4 for PID: 2
[    0.026052] Enabling APIC mode:  Flat.  Using 1 I/O APICs
[    0.027267] ..TIMER: vector=0x30 apic1=0 pin1=2 apic2=-1 pin2=-1
[    0.037997] xor: automatically using best checksumming function: pIII_sse
[    0.041998]    pIII_sse  :  8568.000 MB/sec
[    0.042077] xor: using function: pIII_sse (8568.000 MB/sec)
[    0.042160] RANDOM - __seed init called.
[    0.042161] RANDOM - __seed init called.
[    0.042162] RANDOM - __seed init called.
[    0.042164] RANDOM - __random32 called. Change num 1.  Value: f7943846	49e73df3	af36cd0d
[    0.042166] RANDOM - __random32 called. Change num 2.  Value: 43846e13	9e73df37	9a1ad014
[    0.042168] RANDOM - __random32 called. Change num 3.  Value: 46e139c8	e73df373	a029598a
[    0.042169] RANDOM - __random32 called. Change num 4.  Value: 139c8c3b	73df373d	b3142c72
[    0.042171] RANDOM - __random32 called. Change num 5.  Value: c8c3b043	3df373de	58e576a9
[    0.042173] RANDOM - __random32 called. Change num 6.  Value: 3b0437d9	df373de5	ed53f9d8
[    0.042175] RANDOM - random32 init called.  Value: 3b0437d9	df373de5	ed53f9d8
[    0.042192] NET: Registered protocol family 16
[    0.042444] ACPI FADT declares the system doesn't support PCIe ASPM, so disable it
[    0.042561] ACPI: bus type pci registered
[    0.042731] PCI: MCFG configuration 0: base f0000000 segment 0 buses 0 - 63
[    0.042816] PCI: MCFG area at f0000000 reserved in E820
[    0.042902] PCI: Using MMCONFIG for extended config space
[    0.042988] PCI: Using configuration type 1 for base access
[    0.046085] bio: create slab <bio-0> at 0
[    0.046895] ACPI: EC: EC description table is found, configuring boot EC
[    0.052047] ACPI: BIOS _OSI(Linux) query honored via DMI
[    0.052755] random 0000 0000 0000 00000000 00000000: rand_read_num 2 get_random_bytes(8): sig fffffe1a 00000000 00000000
[    0.052758] random 0000 0000 0000 00000000 00000000: extract_entropy(.. 8 ..)
[    0.052761] random 0000 0000 0000 00000000 00000000: going to reseed nonblocking with 64 bits (64 of 0 requested)
[    0.052763] random 0000 0000 0000 00000000 00000000: extract_entropy(.. 8 ..)
[    0.052765] random 0000 0000 0000 00000000 00000000: trying to extract 64 bits from input
[    0.052768] random 0000 0000 0000 00000000 00000000: debiting 0 entropy credits from input
[    0.052769] random 0000 0000 0000 00000000 00000000: extract_entropy account returned: 0 
[    0.052797] random 0000 0000 0000 00000000 00000000: urand_change_num 3 xfer_secondary_pool(8): pool_sig fffffe1a, data_sig 00000000, bytes_mixed 0 00000000 00000000
[    0.052800] random 0000 0000 0000 00000000 00000000: trying to extract 64 bits from nonblocking
[    0.052803] random 0000 0000 0000 00000000 00000000: debiting 64 entropy credits from nonblocking (unlimited)
[    0.052805] random 0000 0000 0000 00000000 00000000: extract_entropy account returned: 8 
[    0.052809] random 0000 0000 0000 00000000 00000000: urand_change_num 4 extract_buf: pool_sig fffffe1a, data_sig fffffed7, bytes_mixed 20 00000000 00000000
[    0.057567] ACPI: Interpreter enabled
[    0.057647] ACPI: (supports S0 S3 S4 S5)
[    0.057949] ACPI: Using IOAPIC for interrupt routing
[    0.067458] ACPI: EC: GPE = 0x12, I/O: command/status = 0x66, data = 0x62
[    0.067735] ACPI: Power Resource [PUBS] (on)
[    0.069865] ACPI: ACPI Dock Station Driver: 3 docks/bays found
[    0.070271] ACPI: PCI Root Bridge [PCI0] (0000:00)
[    0.070438] pci 0000:00:02.0: reg 10 64bit mmio: [0xf8100000-0xf81fffff]
[    0.070444] pci 0000:00:02.0: reg 18 64bit mmio pref: [0xe0000000-0xefffffff]
[    0.070448] pci 0000:00:02.0: reg 20 io port: [0x1800-0x1807]
[    0.070483] pci 0000:00:02.1: reg 10 64bit mmio: [0xf8200000-0xf82fffff]
[    0.070584] pci 0000:00:19.0: reg 10 32bit mmio: [0xfe000000-0xfe01ffff]
[    0.070593] pci 0000:00:19.0: reg 14 32bit mmio: [0xfe025000-0xfe025fff]
[    0.070603] pci 0000:00:19.0: reg 18 io port: [0x1840-0x185f]
[    0.070669] pci 0000:00:19.0: PME# supported from D0 D3hot D3cold
[    0.070762] pci 0000:00:19.0: PME# disabled
[    0.070899] pci 0000:00:1a.0: reg 20 io port: [0x1860-0x187f]
[    0.070988] pci 0000:00:1a.1: reg 20 io port: [0x1880-0x189f]
[    0.071078] pci 0000:00:1a.7: reg 10 32bit mmio: [0xfe226c00-0xfe226fff]
[    0.071162] pci 0000:00:1a.7: PME# supported from D0 D3hot D3cold
[    0.071248] pci 0000:00:1a.7: PME# disabled
[    0.071394] pci 0000:00:1b.0: reg 10 64bit mmio: [0xfe020000-0xfe023fff]
[    0.071481] pci 0000:00:1b.0: PME# supported from D0 D3hot D3cold
[    0.071570] pci 0000:00:1b.0: PME# disabled
[    0.071774] pci 0000:00:1c.0: PME# supported from D0 D3hot D3cold
[    0.071864] pci 0000:00:1c.0: PME# disabled
[    0.072069] pci 0000:00:1c.1: PME# supported from D0 D3hot D3cold
[    0.072156] pci 0000:00:1c.1: PME# disabled
[    0.072351] pci 0000:00:1c.2: PME# supported from D0 D3hot D3cold
[    0.072440] pci 0000:00:1c.2: PME# disabled
[    0.072632] pci 0000:00:1c.3: PME# supported from D0 D3hot D3cold
[    0.072716] pci 0000:00:1c.3: PME# disabled
[    0.073109] pci 0000:00:1c.4: PME# supported from D0 D3hot D3cold
[    0.073196] pci 0000:00:1c.4: PME# disabled
[    0.073340] pci 0000:00:1d.0: reg 20 io port: [0x18a0-0x18bf]
[    0.073415] pci 0000:00:1d.1: reg 20 io port: [0x18c0-0x18df]
[    0.073498] pci 0000:00:1d.2: reg 20 io port: [0x18e0-0x18ff]
[    0.074041] pci 0000:00:1d.7: reg 10 32bit mmio: [0xfe227000-0xfe2273ff]
[    0.074140] pci 0000:00:1d.7: PME# supported from D0 D3hot D3cold
[    0.074226] pci 0000:00:1d.7: PME# disabled
[    0.074501] pci 0000:00:1f.0: quirk: region 1000-107f claimed by ICH6 ACPI/GPIO/TCO
[    0.074624] pci 0000:00:1f.0: quirk: region 1180-11bf claimed by ICH6 GPIO
[    0.074710] pci 0000:00:1f.0: ICH7 LPC Generic IO decode 1 PIO at 1600 (mask 007f)
[    0.074837] pci 0000:00:1f.0: ICH7 LPC Generic IO decode 2 PIO at 15e0 (mask 000f)
[    0.074951] pci 0000:00:1f.0: ICH7 LPC Generic IO decode 3 PIO at 1680 (mask 001f)
[    0.075074] pci 0000:00:1f.1: reg 10 io port: [0x00-0x07]
[    0.075082] pci 0000:00:1f.1: reg 14 io port: [0x00-0x03]
[    0.075091] pci 0000:00:1f.1: reg 18 io port: [0x00-0x07]
[    0.075102] pci 0000:00:1f.1: reg 1c io port: [0x00-0x03]
[    0.075110] pci 0000:00:1f.1: reg 20 io port: [0x1c00-0x1c0f]
[    0.075191] pci 0000:00:1f.2: reg 10 io port: [0x1c50-0x1c57]
[    0.075200] pci 0000:00:1f.2: reg 14 io port: [0x1c44-0x1c47]
[    0.075209] pci 0000:00:1f.2: reg 18 io port: [0x1c48-0x1c4f]
[    0.075218] pci 0000:00:1f.2: reg 1c io port: [0x1c40-0x1c43]
[    0.075226] pci 0000:00:1f.2: reg 20 io port: [0x1c20-0x1c3f]
[    0.075235] pci 0000:00:1f.2: reg 24 32bit mmio: [0xfe226000-0xfe2267ff]
[    0.075300] pci 0000:00:1f.2: PME# supported from D3hot
[    0.075388] pci 0000:00:1f.2: PME# disabled
[    0.075504] pci 0000:00:1f.3: reg 10 32bit mmio: [0xfe227400-0xfe2274ff]
[    0.075529] pci 0000:00:1f.3: reg 20 io port: [0x1c60-0x1c7f]
[    0.075619] pci 0000:00:1c.0: bridge io port: [0x2000-0x2fff]
[    0.075626] pci 0000:00:1c.0: bridge 32bit mmio: [0xfc000000-0xfdffffff]
[    0.075635] pci 0000:00:1c.0: bridge 64bit mmio pref: [0xf8000000-0xf80fffff]
[    0.075708] pci 0000:03:00.0: reg 10 64bit mmio: [0xdf3f0000-0xdf3fffff]
[    0.075906] pci 0000:00:1c.1: bridge io port: [0x3000-0x3fff]
[    0.075912] pci 0000:00:1c.1: bridge 32bit mmio: [0xdc000000-0xdf3fffff]
[    0.076000] pci 0000:00:1c.1: bridge 64bit mmio pref: [0xdfe00000-0xdfefffff]
[    0.076055] pci 0000:00:1c.2: bridge io port: [0x4000-0x4fff]
[    0.076061] pci 0000:00:1c.2: bridge 32bit mmio: [0xd8000000-0xd9ffffff]
[    0.076071] pci 0000:00:1c.2: bridge 64bit mmio pref: [0xdfb00000-0xdfbfffff]
[    0.076124] pci 0000:00:1c.3: bridge io port: [0x5000-0x5fff]
[    0.076131] pci 0000:00:1c.3: bridge 32bit mmio: [0xd4000000-0xd5ffffff]
[    0.076138] pci 0000:00:1c.3: bridge 64bit mmio pref: [0xdf800000-0xdf8fffff]
[    0.076198] pci 0000:00:1c.4: bridge io port: [0x6000-0x6fff]
[    0.076203] pci 0000:00:1c.4: bridge 32bit mmio: [0xd0000000-0xd1ffffff]
[    0.076212] pci 0000:00:1c.4: bridge 64bit mmio pref: [0xdf500000-0xdf5fffff]
[    0.076274] pci 0000:15:00.0: reg 10 32bit mmio: [0xf8300000-0xf8300fff]
[    0.076326] pci 0000:15:00.0: supports D1 D2
[    0.076327] pci 0000:15:00.0: PME# supported from D0 D1 D2 D3hot D3cold
[    0.076423] pci 0000:15:00.0: PME# disabled
[    0.076562] pci 0000:15:00.1: reg 10 32bit mmio: [0xf8301000-0xf83017ff]
[    0.076657] pci 0000:15:00.1: supports D1 D2
[    0.076658] pci 0000:15:00.1: PME# supported from D0 D1 D2 D3hot D3cold
[    0.076751] pci 0000:15:00.1: PME# disabled
[    0.076933] pci 0000:00:1e.0: transparent bridge
[    0.076999] pci 0000:00:1e.0: bridge io port: [0x7000-0xafff]
[    0.077003] pci 0000:00:1e.0: bridge 32bit mmio: [0xf8300000-0xfbffffff]
[    0.077010] pci 0000:00:1e.0: bridge 64bit mmio pref: [0xf4000000-0xf7ffffff]
[    0.077075] pci_bus 0000:00: on NUMA node 0
[    0.077079] ACPI: PCI Interrupt Routing Table [\_SB_.PCI0._PRT]
[    0.077212] ACPI: PCI Interrupt Routing Table [\_SB_.PCI0.EXP0._PRT]
[    0.077271] ACPI: PCI Interrupt Routing Table [\_SB_.PCI0.EXP1._PRT]
[    0.077329] ACPI: PCI Interrupt Routing Table [\_SB_.PCI0.EXP2._PRT]
[    0.077387] ACPI: PCI Interrupt Routing Table [\_SB_.PCI0.EXP3._PRT]
[    0.077450] ACPI: PCI Interrupt Routing Table [\_SB_.PCI0.EXP4._PRT]
[    0.077512] ACPI: PCI Interrupt Routing Table [\_SB_.PCI0.PCI1._PRT]
[    0.083003] ACPI: PCI Interrupt Link [LNKA] (IRQs 3 4 5 6 7 9 *10 11)
[    0.083738] ACPI: PCI Interrupt Link [LNKB] (IRQs 3 4 5 6 7 9 10 *11)
[    0.084420] ACPI: PCI Interrupt Link [LNKC] (IRQs 3 4 5 6 7 9 10 *11)
[    0.085158] ACPI: PCI Interrupt Link [LNKD] (IRQs 3 4 5 6 7 9 10 *11)
[    0.085866] ACPI: PCI Interrupt Link [LNKE] (IRQs 3 4 5 6 7 9 10 *11)
[    0.086546] ACPI: PCI Interrupt Link [LNKF] (IRQs 3 4 5 6 7 9 10 *11)
[    0.087273] ACPI: PCI Interrupt Link [LNKG] (IRQs 3 4 5 6 7 9 10 *11)
[    0.088008] ACPI: PCI Interrupt Link [LNKH] (IRQs 3 4 5 6 7 9 10 *11)
[    0.088707] vgaarb: device added: PCI:0000:00:02.0,decodes=io+mem,owns=io+mem,locks=none
[    0.088824] vgaarb: loaded
[    0.089008] SCSI subsystem initialized
[    0.089097] libata version 3.00 loaded.
[    0.089145] usbcore: registered new interface driver usbfs
[    0.089266] usbcore: registered new interface driver hub
[    0.089371] usbcore: registered new device driver usb
[    0.106044] raid6: int32x1    941 MB/s
[    0.122990] raid6: int32x2    886 MB/s
[    0.139987] raid6: int32x4    746 MB/s
[    0.157079] raid6: int32x8    660 MB/s
[    0.173989] raid6: mmxx1     2878 MB/s
[    0.190987] raid6: mmxx2     3253 MB/s
[    0.207991] raid6: sse1x1    1937 MB/s
[    0.224999] raid6: sse1x2    2535 MB/s
[    0.241975] raid6: sse2x1    3511 MB/s
[    0.258983] raid6: sse2x2    3828 MB/s
[    0.259062] raid6: using algorithm sse2x2 (3828 MB/s)
[    0.259155] PCI: Using ACPI for IRQ routing
[    0.259459] HPET: 3 timers in total, 0 timers will be used for per-cpu timer
[    0.259988] Switching to clocksource tsc
[    0.260078] pnp: PnP ACPI init
[    0.260165] ACPI: bus type pnp registered
[    0.263848] pnp: PnP ACPI: found 11 devices
[    0.263942] ACPI: ACPI bus type pnp unregistered
[    0.264026] system 00:00: iomem range 0x0-0x9ffff could not be reserved
[    0.264112] system 00:00: iomem range 0xc0000-0xc3fff could not be reserved
[    0.264200] system 00:00: iomem range 0xc4000-0xc7fff could not be reserved
[    0.264282] system 00:00: iomem range 0xc8000-0xcbfff has been reserved
[    0.264366] system 00:00: iomem range 0xcc000-0xcffff has been reserved
[    0.264448] system 00:00: iomem range 0xd0000-0xd3fff could not be reserved
[    0.264531] system 00:00: iomem range 0xe0000-0xe3fff could not be reserved
[    0.264613] system 00:00: iomem range 0xe4000-0xe7fff could not be reserved
[    0.264712] system 00:00: iomem range 0xe8000-0xebfff could not be reserved
[    0.264812] system 00:00: iomem range 0xec000-0xeffff could not be reserved
[    0.264907] system 00:00: iomem range 0xf0000-0xfffff could not be reserved
[    0.264997] system 00:00: iomem range 0x100000-0x3dffffff could not be reserved
[    0.265112] system 00:00: iomem range 0xfec00000-0xfed3ffff could not be reserved
[    0.265226] system 00:00: iomem range 0xfed4c000-0xffffffff could not be reserved
[    0.265344] system 00:02: ioport range 0x164e-0x164f has been reserved
[    0.265437] system 00:02: ioport range 0x1000-0x107f has been reserved
[    0.265525] system 00:02: ioport range 0x1180-0x11bf has been reserved
[    0.265609] system 00:02: ioport range 0x800-0x80f has been reserved
[    0.265698] system 00:02: ioport range 0x15e0-0x15ef has been reserved
[    0.265786] system 00:02: ioport range 0x1600-0x165f could not be reserved
[    0.265889] system 00:02: iomem range 0xf0000000-0xf3ffffff has been reserved
[    0.265973] system 00:02: iomem range 0xfed1c000-0xfed1ffff has been reserved
[    0.266055] system 00:02: iomem range 0xfed14000-0xfed17fff has been reserved
[    0.266143] system 00:02: iomem range 0xfed18000-0xfed18fff has been reserved
[    0.266231] system 00:02: iomem range 0xfed19000-0xfed19fff has been reserved
[    0.266316] system 00:02: iomem range 0xfed45000-0xfed4bfff has been reserved
[    0.301342] pci 0000:00:1c.0: PCI bridge, secondary bus 0000:02
[    0.301431] pci 0000:00:1c.0:   IO window: 0x2000-0x2fff
[    0.301517] pci 0000:00:1c.0:   MEM window: 0xfc000000-0xfdffffff
[    0.301603] pci 0000:00:1c.0:   PREFETCH window: 0x000000f8000000-0x000000f80fffff
[    0.301721] pci 0000:00:1c.1: PCI bridge, secondary bus 0000:03
[    0.301821] pci 0000:00:1c.1:   IO window: 0x3000-0x3fff
[    0.301918] pci 0000:00:1c.1:   MEM window: 0xdc000000-0xdf3fffff
[    0.302001] pci 0000:00:1c.1:   PREFETCH window: 0x000000dfe00000-0x000000dfefffff
[    0.302119] pci 0000:00:1c.2: PCI bridge, secondary bus 0000:04
[    0.302200] pci 0000:00:1c.2:   IO window: 0x4000-0x4fff
[    0.302286] pci 0000:00:1c.2:   MEM window: 0xd8000000-0xd9ffffff
[    0.302370] pci 0000:00:1c.2:   PREFETCH window: 0x000000dfb00000-0x000000dfbfffff
[    0.302491] pci 0000:00:1c.3: PCI bridge, secondary bus 0000:05
[    0.302586] pci 0000:00:1c.3:   IO window: 0x5000-0x5fff
[    0.302678] pci 0000:00:1c.3:   MEM window: 0xd4000000-0xd5ffffff
[    0.302762] pci 0000:00:1c.3:   PREFETCH window: 0x000000df800000-0x000000df8fffff
[    0.302884] pci 0000:00:1c.4: PCI bridge, secondary bus 0000:0d
[    0.302968] pci 0000:00:1c.4:   IO window: 0x6000-0x6fff
[    0.303057] pci 0000:00:1c.4:   MEM window: 0xd0000000-0xd1ffffff
[    0.303145] pci 0000:00:1c.4:   PREFETCH window: 0x000000df500000-0x000000df5fffff
[    0.303265] pci 0000:15:00.0: CardBus bridge, secondary bus 0000:16
[    0.303346] pci 0000:15:00.0:   IO window: 0x007000-0x0070ff
[    0.303434] pci 0000:15:00.0:   IO window: 0x007400-0x0074ff
[    0.303524] pci 0000:15:00.0:   PREFETCH window: 0xf4000000-0xf7ffffff
[    0.303615] pci 0000:15:00.0:   MEM window: 0x40000000-0x43ffffff
[    0.303705] pci 0000:00:1e.0: PCI bridge, secondary bus 0000:15
[    0.303789] pci 0000:00:1e.0:   IO window: 0x7000-0xafff
[    0.303888] pci 0000:00:1e.0:   MEM window: 0xf8300000-0xfbffffff
[    0.303970] pci 0000:00:1e.0:   PREFETCH window: 0x000000f4000000-0x000000f7ffffff
[    0.304102] pci 0000:00:1c.0: PCI INT A -> GSI 20 (level, low) -> IRQ 20
[    0.304187] pci 0000:00:1c.0: setting latency timer to 64
[    0.304203] pci 0000:00:1c.1: PCI INT B -> GSI 21 (level, low) -> IRQ 21
[    0.304294] pci 0000:00:1c.1: setting latency timer to 64
[    0.304307] pci 0000:00:1c.2: PCI INT C -> GSI 22 (level, low) -> IRQ 22
[    0.304392] pci 0000:00:1c.2: setting latency timer to 64
[    0.304405] pci 0000:00:1c.3: PCI INT D -> GSI 23 (level, low) -> IRQ 23
[    0.304495] pci 0000:00:1c.3: setting latency timer to 64
[    0.304511] pci 0000:00:1c.4: PCI INT A -> GSI 20 (level, low) -> IRQ 20
[    0.304599] pci 0000:00:1c.4: setting latency timer to 64
[    0.304608] pci 0000:00:1e.0: enabling device (0005 -> 0007)
[    0.304694] pci 0000:00:1e.0: setting latency timer to 64
[    0.304709] pci 0000:15:00.0: PCI INT A -> GSI 16 (level, low) -> IRQ 16
[    0.304798] pci 0000:15:00.0: setting latency timer to 64
[    0.304804] pci_bus 0000:00: resource 0 io:  [0x00-0xffff]
[    0.304806] pci_bus 0000:00: resource 1 mem: [0x000000-0xffffffff]
[    0.304808] pci_bus 0000:02: resource 0 io:  [0x2000-0x2fff]
[    0.304810] pci_bus 0000:02: resource 1 mem: [0xfc000000-0xfdffffff]
[    0.304812] pci_bus 0000:02: resource 2 pref mem [0xf8000000-0xf80fffff]
[    0.304814] pci_bus 0000:03: resource 0 io:  [0x3000-0x3fff]
[    0.304816] pci_bus 0000:03: resource 1 mem: [0xdc000000-0xdf3fffff]
[    0.304818] pci_bus 0000:03: resource 2 pref mem [0xdfe00000-0xdfefffff]
[    0.304820] pci_bus 0000:04: resource 0 io:  [0x4000-0x4fff]
[    0.304821] pci_bus 0000:04: resource 1 mem: [0xd8000000-0xd9ffffff]
[    0.304823] pci_bus 0000:04: resource 2 pref mem [0xdfb00000-0xdfbfffff]
[    0.304825] pci_bus 0000:05: resource 0 io:  [0x5000-0x5fff]
[    0.304827] pci_bus 0000:05: resource 1 mem: [0xd4000000-0xd5ffffff]
[    0.304829] pci_bus 0000:05: resource 2 pref mem [0xdf800000-0xdf8fffff]
[    0.304831] pci_bus 0000:0d: resource 0 io:  [0x6000-0x6fff]
[    0.304832] pci_bus 0000:0d: resource 1 mem: [0xd0000000-0xd1ffffff]
[    0.304834] pci_bus 0000:0d: resource 2 pref mem [0xdf500000-0xdf5fffff]
[    0.304836] pci_bus 0000:15: resource 0 io:  [0x7000-0xafff]
[    0.304838] pci_bus 0000:15: resource 1 mem: [0xf8300000-0xfbffffff]
[    0.304840] pci_bus 0000:15: resource 2 pref mem [0xf4000000-0xf7ffffff]
[    0.304841] pci_bus 0000:15: resource 3 io:  [0x00-0xffff]
[    0.304843] pci_bus 0000:15: resource 4 mem: [0x000000-0xffffffff]
[    0.304845] pci_bus 0000:16: resource 0 io:  [0x7000-0x70ff]
[    0.304847] pci_bus 0000:16: resource 1 io:  [0x7400-0x74ff]
[    0.304849] pci_bus 0000:16: resource 2 pref mem [0xf4000000-0xf7ffffff]
[    0.304851] pci_bus 0000:16: resource 3 mem: [0x40000000-0x43ffffff]
[    0.304858] NET: Registered protocol family 2
[    0.304947] RANDOM - __random32 called. Change num 7.  Value: 437d97bf	f373de51	f3b0f986
[    0.304949] RANDOM - random32 called.  Value: 437d97bf	f373de51	f3b0f986
[    0.304953] random 0000 0000 0000 5f8db4e5 4cfdf2a8: rand_read_num 3 get_random_bytes(4): sig fffffb64 5f8db4e5 4cfdf2a8
[    0.304956] random 0000 0000 0000 5f8db4e5 4cfdf2a8: extract_entropy(.. 4 ..)
[    0.304958] random 0000 0000 0000 5f8db4e5 4cfdf2a8: going to reseed nonblocking with 64 bits (32 of 0 requested)
[    0.304961] random 0000 0000 0000 5f8db4e5 4cfdf2a8: extract_entropy(.. 8 ..)
[    0.304963] random 0000 0000 0000 5f8db4e5 4cfdf2a8: trying to extract 64 bits from input
[    0.304965] random 0000 0000 0000 5f8db4e5 4cfdf2a8: debiting 0 entropy credits from input
[    0.304967] random 0000 0000 0000 5f8db4e5 4cfdf2a8: extract_entropy account returned: 0 
[    0.304970] random 0000 0000 0000 5f8db4e5 4cfdf2a8: urand_change_num 5 xfer_secondary_pool(4): pool_sig fffffb64, data_sig 00000000, bytes_mixed 0 5f8db4e5 4cfdf2a8
[    0.304973] random 0000 0000 0000 5f8db4e5 4cfdf2a8: trying to extract 32 bits from nonblocking
[    0.304975] random 0000 0000 0000 5f8db4e5 4cfdf2a8: debiting 32 entropy credits from nonblocking (unlimited)
[    0.304977] random 0000 0000 0000 5f8db4e5 4cfdf2a8: extract_entropy account returned: 4 
[    0.304982] random 0000 0000 0000 5f8db4e5 4cfdf2a8: urand_change_num 6 extract_buf: pool_sig fffffb64, data_sig 00000241, bytes_mixed 20 5f8db4e5 4cfdf2a8
[    0.304991] IP route cache hash table entries: 32768 (order: 5, 131072 bytes)
[    0.305115] RANDOM - __random32 called. Change num 8.  Value: d97bfe31	373de51f	f30dc6e6
[    0.305117] RANDOM - random32 called.  Value: d97bfe31	373de51f	f30dc6e6
[    0.305127] RANDOM - __random32 called. Change num 9.  Value: bfe314d7	73de51f5	8dcd6c7e
[    0.305129] RANDOM - random32 called.  Value: bfe314d7	73de51f5	8dcd6c7e
[    0.305131] RANDOM - __random32 called. Change num 10.  Value: 314d7baf	3de51f5e	d8fc74c1
[    0.305132] RANDOM - random32 called.  Value: 314d7baf	3de51f5e	d8fc74c1
[    0.305143] RANDOM - __random32 called. Change num 11.  Value: d7baf3c7	de51f5e5	e983e3fa
[    0.305144] RANDOM - random32 called.  Value: d7baf3c7	de51f5e5	e983e3fa
[    0.305154] TCP established hash table entries: 131072 (order: 8, 1048576 bytes)
[    0.305639] TCP bind hash table entries: 65536 (order: 6, 262144 bytes)
[    0.305815] TCP: Hash tables configured (established 131072 bind 65536)
[    0.305906] TCP reno registered
[    0.306003] NET: Registered protocol family 1
[    0.306107] RPC: Registered udp transport module.
[    0.306187] RPC: Registered tcp transport module.
[    0.306272] RPC: Registered tcp NFSv4.1 backchannel transport module.
[    0.306358] pci 0000:00:02.0: Boot video device
[    0.306572] Simple Boot Flag at 0x35 set to 0x1
[    0.307133] highmem bounce pool size: 64 pages
[    0.308622] VFS: Disk quotas dquot_6.5.2
[    0.308740] Dquot-cache hash table entries: 1024 (order 0, 4096 bytes)
[    0.309478] NTFS driver 2.1.29 [Flags: R/W].
[    0.309628] ROMFS MTD (C) 2007 Red Hat, Inc.
[    0.309837] JFS: nTxBlock = 7695, nTxLock = 61562
[    0.312269] SGI XFS with ACLs, security attributes, large block/inode numbers, no debug enabled
[    0.312741] SGI XFS Quota Management subsystem
[    0.313084] Slow work thread pool: Starting up
[    0.313185] Slow work thread pool: Ready
[    0.313270] GFS2 (built May 24 2013 02:47:17) installed
[    0.313353] msgmni has been set to 1734
[    0.313515] alg: No test for cipher_null (cipher_null-generic)
[    0.313607] alg: No test for ecb(cipher_null) (ecb-cipher_null)
[    0.313698] alg: No test for digest_null (digest_null-generic)
[    0.313787] alg: No test for compress_null (compress_null-generic)
[    0.314328] alg: No test for fcrypt (fcrypt-generic)
[    0.315737] alg: No test for stdrng (krng)
[    0.315819] async_tx: api initialized (async)
[    0.315976] Block layer SCSI generic (bsg) driver version 0.4 loaded (major 254)
[    0.316097] io scheduler noop registered
[    0.316174] io scheduler anticipatory registered
[    0.316258] io scheduler deadline registered
[    0.316380] io scheduler cfq registered (default)
[    0.316612] pcieport 0000:00:1c.0: irq 24 for MSI/MSI-X
[    0.316628] pcieport 0000:00:1c.0: setting latency timer to 64
[    0.316813] pcieport 0000:00:1c.1: irq 25 for MSI/MSI-X
[    0.316825] pcieport 0000:00:1c.1: setting latency timer to 64
[    0.317021] pcieport 0000:00:1c.2: irq 26 for MSI/MSI-X
[    0.317032] pcieport 0000:00:1c.2: setting latency timer to 64
[    0.317207] pcieport 0000:00:1c.3: irq 27 for MSI/MSI-X
[    0.317216] pcieport 0000:00:1c.3: setting latency timer to 64
[    0.317394] pcieport 0000:00:1c.4: irq 28 for MSI/MSI-X
[    0.317406] pcieport 0000:00:1c.4: setting latency timer to 64
[    0.317550] pci_hotplug: PCI Hot Plug PCI Core version: 0.5
[    0.317732] isapnp: Scanning for PnP cards...
[    0.678264] isapnp: No Plug & Play device found
[    0.678349] random 0000 0000 0000 5f8db4e5 4cfdf2a8: initializing
[    0.678351] RANDOM init_std_data for input now value: 1370025017678351871
[    0.678353] RANDOM init_std_data for blocking now value: 1370025017678353865
[    0.678355] RANDOM init_std_data for nonblocking now value: 1370025017678355574
[    0.697939] Serial: 8250/16550 driver, 4 ports, IRQ sharing enabled
[    3.708362] floppy0: no floppy controllers found
[    3.709312] brd: module loaded
[    3.709817] loop: module loaded
[    3.709895] Compaq SMART2 Driver (v 2.6.0)
[    3.710020] HP CISS Driver (v 3.6.20)
[    3.710263] input: Macintosh mouse button emulation as /devices/virtual/input/input0
[    3.710395] Uniform Multi-Platform E-IDE driver
[    3.710622] piix 0000:00:1f.1: IDE controller (0x8086:0x2850 rev 0x03)
[    3.710715] pci 0000:00:1f.1: PCI INT C -> GSI 16 (level, low) -> IRQ 16
[    3.710816] piix 0000:00:1f.1: IDE port disabled
[    3.710904] piix 0000:00:1f.1: not 100% native mode: will probe irqs later
[    3.710994]     ide0: BM-DMA at 0x1c00-0x1c07
[    3.711084] Probing IDE interface ide0...
[    4.382480] hda: HL-DT-ST DVDRAM GSA-U10N, ATAPI CD/DVD-ROM drive
[    4.689245] hda: host max PIO4 wanted PIO255(auto-tune) selected PIO4
[    4.690017] hda: UDMA/33 mode selected
[    4.690487] ide0 at 0x1f0-0x1f7,0x3f6 on irq 14
[    4.694355] ide-gd driver 1.18
[    4.694451] ide-cd driver 5.00
[    4.695829] random 0000 0000 0000 00000000 00000000: add_disk_randomness(0:0) 00000000 00000000
[    4.695833] random 0000 0000 0000 00000000 00000000: add_timer_randomness(.. 256) with jiffies: 17565003037485530744, cycles: -881741040518692855
[    4.695836] random 0000 0000 0000 00000000 00000000: added 11 entropy credits to input
[    4.695840] ide-cd: hda: ATAPI 24X DVD-ROM DVD-R/RAM CD-R/RW drive, 2048kB Cache
[    4.696244] Uniform CD-ROM driver Revision: 3.20
[    4.699129] random 0011 0000 0000 00000000 00000000: add_disk_randomness(0:0) 00000000 00000000
[    4.699132] random 0011 0000 0000 00000000 00000000: add_timer_randomness(.. 256) with jiffies: 17594696177922309755, cycles: -852047900081913847
[    4.699135] random 0011 0000 0000 00000000 00000000: added 1 entropy credits to input
[    4.699138] random 0012 0000 0000 00000000 00000000: add_disk_randomness(0:0) 00000000 00000000
[    4.699140] random 0012 0000 0000 00000000 00000000: add_timer_randomness(.. 256) with jiffies: 17594772705649589883, cycles: -851971372354633719
[    4.701125] random 0012 0000 0000 00000000 00000000: add_disk_randomness(0:0) 00000000 00000000
[    4.701128] random 0012 0000 0000 00000000 00000000: add_timer_randomness(.. 256) with jiffies: 17612654497043807869, cycles: -834089580960415735
[    4.701130] random 0012 0000 0000 00000000 00000000: added 1 entropy credits to input
[    4.701133] random 0013 0000 0000 00000000 00000000: add_disk_randomness(0:0) 00000000 00000000
[    4.701136] random 0013 0000 0000 00000000 00000000: add_timer_randomness(.. 256) with jiffies: 17612729401273450109, cycles: -834014676730773495
[    4.703127] random 0013 0000 0000 00000000 00000000: add_disk_randomness(0:0) 00000000 00000000
[    4.703130] random 0013 0000 0000 00000000 00000000: add_timer_randomness(.. 256) with jiffies: 17630668509006233215, cycles: -816075568997990391
[    4.703132] random 0013 0000 0000 00000000 00000000: added 1 entropy credits to input
[    4.703135] random 0014 0000 0000 00000000 00000000: add_disk_randomness(0:0) 00000000 00000000
[    4.703138] random 0014 0000 0000 00000000 00000000: add_timer_randomness(.. 256) with jiffies: 17630741656594251391, cycles: -816002421409972215
[    4.703410] Loading iSCSI transport class v2.0-870.
[    4.703691] rdac: device handler registered
[    4.703770] hp_sw: device handler registered
[    4.703851] emc: device handler registered
[    4.703929] alua: device handler registered
[    4.704909] Adaptec aacraid driver 1.1-5[2461]-ms
[    4.705317] scsi: <fdomain> Detection failed (no card)
[    4.705417] sym53c416.c: Version 1.0.0-ac
[    4.705514] qlogicfas: no cards were found, please specify I/O address and IRQ using iobase= and irq= options
[    4.705639] QLogic Fibre Channel HBA Driver: 8.03.01-k6
[    4.705846] iscsi: registered transport (qla4xxx)
[    4.705953] QLogic iSCSI HBA Driver
[    4.706037] Emulex LightPulse Fibre Channel SCSI driver 8.3.4
[    4.706120] Copyright(c) 2004-2009 Emulex.  All rights reserved.
[    4.728226] Failed initialization of WD-7000 SCSI card!
[    4.817656] DC390: clustering now enabled by default. If you get problems load
[    4.817772]        with "disable_clustering=1" and report to maintainers
[    4.817913] megaraid cmm: 2.20.2.7 (Release Date: Sun Jul 16 00:01:03 EST 2006)
[    4.818066] megaraid: 2.20.5.1 (Release Date: Thu Nov 16 15:32:35 EST 2006)
[    4.818181] megasas: 00.00.04.01 Thu July 24 11:41:51 PST 2008
[    4.818312] GDT-HA: Storage RAID Controller Driver. Version: 3.05
[    4.818451] 3ware Storage Controller device driver for Linux v1.26.02.002.
[    4.818556] 3ware 9000 Storage Controller device driver for Linux v2.26.02.012.
[    4.818693] nsp32: loading...
[    4.818794] ipr: IBM Power RAID SCSI Device Driver version: 2.4.3 (June 10, 2009)
[    4.818927] RocketRAID 3xxx/4xxx Controller driver v1.6 (090910)
[    4.819037] stex: Promise SuperTrak EX Driver version: 4.6.0000.3
[    4.819165] st: Version 20081215, fixed bufsize 32768, s/g segs 256
[    4.819356] ahci 0000:00:1f.2: version 3.0
[    4.819369] ahci 0000:00:1f.2: PCI INT B -> GSI 16 (level, low) -> IRQ 16
[    4.819497] ahci 0000:00:1f.2: irq 29 for MSI/MSI-X
[    4.819561] ahci 0000:00:1f.2: AHCI 0001.0100 32 slots 3 ports 1.5 Gbps 0x5 impl SATA mode
[    4.819687] ahci 0000:00:1f.2: flags: 64bit ncq sntf pm led clo pio slum part ccc 
[    4.819804] ahci 0000:00:1f.2: setting latency timer to 64
[    4.819944] scsi2 : ahci
[    4.820097] scsi3 : ahci
[    4.820246] scsi4 : ahci
[    4.820404] ata1: SATA max UDMA/133 abar m2048@0xfe226000 port 0xfe226100 irq 29
[    4.820516] ata2: DUMMY
[    4.820594] ata3: SATA max UDMA/133 abar m2048@0xfe226000 port 0xfe226200 irq 29
[    4.821199] I2O subsystem v1.325
[    4.821285] i2o: max drivers = 8
[    4.821430] I2O Configuration OSM v1.323
[    4.821523] I2O Bus Adapter OSM v1.317
[    4.821616] I2O Block Device OSM v1.325
[    4.821758] I2O SCSI Peripheral OSM v1.316
[    4.821859] I2O ProcFS OSM v1.316
[    4.821962] Fusion MPT base driver 3.04.12
[    4.822049] Copyright (c) 1999-2008 LSI Corporation
[    4.822130] Fusion MPT SPI Host driver 3.04.12
[    4.822286] Fusion MPT FC Host driver 3.04.12
[    4.822390] Fusion MPT SAS Host driver 3.04.12
[    4.822537] ohci1394 0000:15:00.1: PCI INT B -> GSI 17 (level, low) -> IRQ 17
[    4.822626] ohci1394 0000:15:00.1: setting latency timer to 64
[    4.876226] ohci1394: fw-host0: OHCI-1394 1.1 (PCI): IRQ=[17]  MMIO=[f8301000-f83017ff]  Max Packet=[2048]  IR/IT contexts=[4/4]
[    4.880491] ehci_hcd: USB 2.0 'Enhanced' Host Controller (EHCI) Driver
[    4.880774] ehci_hcd 0000:00:1a.7: power state changed by ACPI to D0
[    4.881017] ehci_hcd 0000:00:1a.7: power state changed by ACPI to D0
[    4.881105] ehci_hcd 0000:00:1a.7: PCI INT C -> GSI 22 (level, low) -> IRQ 22
[    4.881197] ehci_hcd 0000:00:1a.7: setting latency timer to 64
[    4.881203] ehci_hcd 0000:00:1a.7: EHCI Host Controller
[    4.881334] ehci_hcd 0000:00:1a.7: new USB bus registered, assigned bus number 1
[    4.885367] ehci_hcd 0000:00:1a.7: cache line size of 32 is not supported
[    4.885376] ehci_hcd 0000:00:1a.7: irq 22, io mem 0xfe226c00
[    4.895184] ehci_hcd 0000:00:1a.7: USB 2.0 started, EHCI 1.00
[    4.895279] usb usb1: New USB device found, idVendor=1d6b, idProduct=0002
[    4.895367] usb usb1: New USB device strings: Mfr=3, Product=2, SerialNumber=1
[    4.895480] usb usb1: Product: EHCI Host Controller
[    4.895563] usb usb1: Manufacturer: Linux 2.6.32.57 ehci_hcd
[    4.895649] usb usb1: SerialNumber: 0000:00:1a.7
[    4.895780] usb usb1: configuration #1 chosen from 1 choice
[    4.895890] hub 1-0:1.0: USB hub found
[    4.895976] hub 1-0:1.0: 4 ports detected
[    4.896301] ehci_hcd 0000:00:1d.7: power state changed by ACPI to D0
[    4.896534] ehci_hcd 0000:00:1d.7: power state changed by ACPI to D0
[    4.896624] ehci_hcd 0000:00:1d.7: PCI INT D -> GSI 19 (level, low) -> IRQ 19
[    4.896720] ehci_hcd 0000:00:1d.7: setting latency timer to 64
[    4.896724] ehci_hcd 0000:00:1d.7: EHCI Host Controller
[    4.896847] ehci_hcd 0000:00:1d.7: new USB bus registered, assigned bus number 2
[    4.896990] ehci_hcd 0000:00:1d.7: debug port 1
[    4.900961] ehci_hcd 0000:00:1d.7: cache line size of 32 is not supported
[    4.900970] ehci_hcd 0000:00:1d.7: irq 19, io mem 0xfe227000
[    4.911182] ehci_hcd 0000:00:1d.7: USB 2.0 started, EHCI 1.00
[    4.911271] usb usb2: New USB device found, idVendor=1d6b, idProduct=0002
[    4.911353] usb usb2: New USB device strings: Mfr=3, Product=2, SerialNumber=1
[    4.911465] usb usb2: Product: EHCI Host Controller
[    4.911546] usb usb2: Manufacturer: Linux 2.6.32.57 ehci_hcd
[    4.911626] usb usb2: SerialNumber: 0000:00:1d.7
[    4.911764] usb usb2: configuration #1 chosen from 1 choice
[    4.911872] hub 2-0:1.0: USB hub found
[    4.911966] hub 2-0:1.0: 6 ports detected
[    4.912135] 116x: driver isp116x-hcd, 03 Nov 2005
[    4.912237] ohci_hcd: USB 1.1 'Open' Host Controller (OHCI) Driver
[    4.912341] uhci_hcd: USB Universal Host Controller Interface driver
[    4.912445] uhci_hcd 0000:00:1a.0: PCI INT A -> GSI 20 (level, low) -> IRQ 20
[    4.912543] uhci_hcd 0000:00:1a.0: setting latency timer to 64
[    4.912546] uhci_hcd 0000:00:1a.0: UHCI Host Controller
[    4.912669] uhci_hcd 0000:00:1a.0: new USB bus registered, assigned bus number 3
[    4.912826] uhci_hcd 0000:00:1a.0: irq 20, io base 0x00001860
[    4.912935] usb usb3: New USB device found, idVendor=1d6b, idProduct=0001
[    4.913017] usb usb3: New USB device strings: Mfr=3, Product=2, SerialNumber=1
[    4.913129] usb usb3: Product: UHCI Host Controller
[    4.913225] usb usb3: Manufacturer: Linux 2.6.32.57 uhci_hcd
[    4.913310] usb usb3: SerialNumber: 0000:00:1a.0
[    4.913448] usb usb3: configuration #1 chosen from 1 choice
[    4.913556] hub 3-0:1.0: USB hub found
[    4.913644] hub 3-0:1.0: 2 ports detected
[    4.913927] uhci_hcd 0000:00:1a.1: power state changed by ACPI to D0
[    4.914190] uhci_hcd 0000:00:1a.1: power state changed by ACPI to D0
[    4.914276] uhci_hcd 0000:00:1a.1: PCI INT B -> GSI 21 (level, low) -> IRQ 21
[    4.914375] uhci_hcd 0000:00:1a.1: setting latency timer to 64
[    4.914380] uhci_hcd 0000:00:1a.1: UHCI Host Controller
[    4.914506] uhci_hcd 0000:00:1a.1: new USB bus registered, assigned bus number 4
[    4.914653] uhci_hcd 0000:00:1a.1: irq 21, io base 0x00001880
[    4.914764] usb usb4: New USB device found, idVendor=1d6b, idProduct=0001
[    4.914849] usb usb4: New USB device strings: Mfr=3, Product=2, SerialNumber=1
[    4.914960] usb usb4: Product: UHCI Host Controller
[    4.915039] usb usb4: Manufacturer: Linux 2.6.32.57 uhci_hcd
[    4.915139] usb usb4: SerialNumber: 0000:00:1a.1
[    4.915281] usb usb4: configuration #1 chosen from 1 choice
[    4.915391] hub 4-0:1.0: USB hub found
[    4.915479] hub 4-0:1.0: 2 ports detected
[    4.915808] uhci_hcd 0000:00:1d.0: power state changed by ACPI to D0
[    4.916048] uhci_hcd 0000:00:1d.0: power state changed by ACPI to D0
[    4.916133] uhci_hcd 0000:00:1d.0: PCI INT A -> GSI 16 (level, low) -> IRQ 16
[    4.916233] uhci_hcd 0000:00:1d.0: setting latency timer to 64
[    4.916238] uhci_hcd 0000:00:1d.0: UHCI Host Controller
[    4.916358] uhci_hcd 0000:00:1d.0: new USB bus registered, assigned bus number 5
[    4.916514] uhci_hcd 0000:00:1d.0: irq 16, io base 0x000018a0
[    4.916621] usb usb5: New USB device found, idVendor=1d6b, idProduct=0001
[    4.916711] usb usb5: New USB device strings: Mfr=3, Product=2, SerialNumber=1
[    4.916838] usb usb5: Product: UHCI Host Controller
[    4.916918] usb usb5: Manufacturer: Linux 2.6.32.57 uhci_hcd
[    4.917003] usb usb5: SerialNumber: 0000:00:1d.0
[    4.917135] usb usb5: configuration #1 chosen from 1 choice
[    4.917252] hub 5-0:1.0: USB hub found
[    4.917342] hub 5-0:1.0: 2 ports detected
[    4.917476] uhci_hcd 0000:00:1d.1: PCI INT B -> GSI 17 (level, low) -> IRQ 17
[    4.917575] uhci_hcd 0000:00:1d.1: setting latency timer to 64
[    4.917578] uhci_hcd 0000:00:1d.1: UHCI Host Controller
[    4.917697] uhci_hcd 0000:00:1d.1: new USB bus registered, assigned bus number 6
[    4.917837] uhci_hcd 0000:00:1d.1: irq 17, io base 0x000018c0
[    4.917944] usb usb6: New USB device found, idVendor=1d6b, idProduct=0001
[    4.918031] usb usb6: New USB device strings: Mfr=3, Product=2, SerialNumber=1
[    4.918153] usb usb6: Product: UHCI Host Controller
[    4.918245] usb usb6: Manufacturer: Linux 2.6.32.57 uhci_hcd
[    4.918330] usb usb6: SerialNumber: 0000:00:1d.1
[    4.918453] usb usb6: configuration #1 chosen from 1 choice
[    4.918566] hub 6-0:1.0: USB hub found
[    4.918647] hub 6-0:1.0: 2 ports detected
[    4.918943] uhci_hcd 0000:00:1d.2: power state changed by ACPI to D0
[    4.919190] uhci_hcd 0000:00:1d.2: power state changed by ACPI to D0
[    4.919284] uhci_hcd 0000:00:1d.2: PCI INT C -> GSI 18 (level, low) -> IRQ 18
[    4.919374] uhci_hcd 0000:00:1d.2: setting latency timer to 64
[    4.919379] uhci_hcd 0000:00:1d.2: UHCI Host Controller
[    4.919513] uhci_hcd 0000:00:1d.2: new USB bus registered, assigned bus number 7
[    4.919663] uhci_hcd 0000:00:1d.2: irq 18, io base 0x000018e0
[    4.919769] usb usb7: New USB device found, idVendor=1d6b, idProduct=0001
[    4.919855] usb usb7: New USB device strings: Mfr=3, Product=2, SerialNumber=1
[    4.919964] usb usb7: Product: UHCI Host Controller
[    4.920045] usb usb7: Manufacturer: Linux 2.6.32.57 uhci_hcd
[    4.920132] usb usb7: SerialNumber: 0000:00:1d.2
[    4.920926] usb usb7: configuration #1 chosen from 1 choice
[    4.921044] hub 7-0:1.0: USB hub found
[    4.921126] hub 7-0:1.0: 2 ports detected
[    4.921284] sl811: driver sl811-hcd, 19 May 2005
[    4.921388] r8a66597_hcd: driver r8a66597_hcd, 2009-05-26
[    4.921553] Initializing USB Mass Storage driver...
[    4.921683] usbcore: registered new interface driver usb-storage
[    4.921766] USB Mass Storage support registered.
[    4.921862] usbcore: registered new interface driver ums-alauda
[    4.921962] usbcore: registered new interface driver ums-cypress
[    4.922061] usbcore: registered new interface driver ums-datafab
[    4.922160] usbcore: registered new interface driver ums-freecom
[    4.922266] usbcore: registered new interface driver ums-isd200
[    4.922370] usbcore: registered new interface driver ums-jumpshot
[    4.922475] usbcore: registered new interface driver ums-karma
[    4.922577] usbcore: registered new interface driver ums-onetouch
[    4.922681] usbcore: registered new interface driver ums-sddr09
[    4.922784] usbcore: registered new interface driver ums-sddr55
[    4.922883] usbcore: registered new interface driver ums-usbat
[    4.923019] PNP: PS/2 Controller [PNP0303:KBD,PNP0f13:MOU] at 0x60,0x64 irq 1,12
[    4.931622] serio: i8042 KBD port at 0x60,0x64 irq 1
[    4.931705] serio: i8042 AUX port at 0x60,0x64 irq 12
[    4.931942] mice: PS/2 mouse device common for all mice
[    4.932045] i2c /dev entries driver
[    4.932181] md: linear personality registered for level -1
[    4.932262] md: raid0 personality registered for level 0
[    4.932343] md: raid1 personality registered for level 1
[    4.932425] md: raid10 personality registered for level 10
[    4.932516] md: raid6 personality registered for level 6
[    4.932595] md: raid5 personality registered for level 5
[    4.932676] md: raid4 personality registered for level 4
[    4.932773] md: multipath personality registered for level -4
[    4.932971] device-mapper: ioctl: 4.15.0-ioctl (2009-04-01) initialised: dm-devel@redhat.com
[    4.933163] cpuidle: using governor ladder
[    4.933760] usbcore: registered new interface driver usbhid
[    4.933840] usbhid: v2.6:USB HID core driver
[    4.933985] random 0014 0000 0000 00000000 00000000: rand_read_num 4 get_random_bytes(136): sig 00000000 00000000 00000000
[    4.933988] random 0014 0000 0000 00000000 00000000: extract_entropy(.. 136 ..)
[    4.933990] random 0014 0000 0000 00000000 00000000: going to reseed nonblocking with 1024 bits (1088 of 0 requested)
[    4.933993] random 0014 0000 0000 00000000 00000000: extract_entropy(.. 128 ..)
[    4.933995] random 0014 0000 0000 00000000 00000000: trying to extract 1024 bits from input
[    4.933997] random 0014 0000 0000 00000000 00000000: debiting 0 entropy credits from input
[    4.933999] random 0014 0000 0000 00000000 00000000: extract_entropy account returned: 0 
[    4.934002] random 0014 0000 0000 00000000 00000000: urand_change_num 7 xfer_secondary_pool(136): pool_sig 00000000, data_sig 00000000, bytes_mixed 0 00000000 00000000
[    4.934005] random 0014 0000 0000 00000000 00000000: trying to extract 1088 bits from nonblocking
[    4.934008] random 0014 0000 0000 00000000 00000000: debiting 1088 entropy credits from nonblocking (unlimited)
[    4.934010] random 0014 0000 0000 00000000 00000000: extract_entropy account returned: 136 
[    4.934014] random 0014 0000 0000 00000000 00000000: urand_change_num 8 extract_buf: pool_sig 00000000, data_sig fffffff9, bytes_mixed 20 00000000 00000000
[    4.934020] random 0014 0000 0000 b7c35b56 be4dc95d: urand_change_num 9 extract_buf: pool_sig fffffd1e, data_sig 000000c5, bytes_mixed 20 b7c35b56 be4dc95d
[    4.934025] random 0014 0000 0000 ed9f5c47 c48487fb: urand_change_num 10 extract_buf: pool_sig fffff8ec, data_sig ffffff68, bytes_mixed 20 ed9f5c47 c48487fb
[    4.934030] random 0014 0000 0000 ed9f5c47 c48487fb: urand_change_num 11 extract_buf: pool_sig fffffaed, data_sig 000001aa, bytes_mixed 20 ed9f5c47 c48487fb
[    4.934036] random 0014 0000 0000 1b4f7c0a 91bd6a48: urand_change_num 12 extract_buf: pool_sig fffffdd8, data_sig 00000064, bytes_mixed 20 1b4f7c0a 91bd6a48
[    4.934041] random 0014 0000 0000 a254b9bc 20e9a24f: urand_change_num 13 extract_buf: pool_sig fffffbe6, data_sig 000001dd, bytes_mixed 20 a254b9bc 20e9a24f
[    4.934046] random 0014 0000 0000 a254b9bc 20e9a24f: urand_change_num 14 extract_buf: pool_sig fffff940, data_sig fffffe20, bytes_mixed 20 a254b9bc 20e9a24f
[    4.934052] random 0014 0000 0000 2831a66b 5fa2a3ad: urand_change_num 15 extract_buf: pool_sig fffffbce, data_sig 0000007e, bytes_mixed 20 2831a66b 5fa2a3ad
[    4.934057] random 0014 0000 0000 2831a66b 5fa2a3ad: urand_change_num 16 extract_buf: pool_sig 000004df, data_sig fffffe8f, bytes_mixed 20 2831a66b 5fa2a3ad
[    4.934062] random 0014 0000 0000 d4512bfd c9a54e0b: urand_change_num 17 extract_buf: pool_sig 00000485, data_sig fffffe68, bytes_mixed 20 d4512bfd c9a54e0b
[    4.934067] random 0014 0000 0000 c7371be6 f9ffea11: urand_change_num 18 extract_buf: pool_sig 00000095, data_sig ffffffed, bytes_mixed 20 c7371be6 f9ffea11
[    4.934072] random 0014 0000 0000 c7371be6 f9ffea11: urand_change_num 19 extract_buf: pool_sig 000003a7, data_sig fffffefa, bytes_mixed 20 c7371be6 f9ffea11
[    4.934078] random 0014 0000 0000 8fb4b62c d1ddba54: urand_change_num 20 extract_buf: pool_sig 00000179, data_sig ffffff78, bytes_mixed 20 8fb4b62c d1ddba54
[    4.934083] random 0014 0000 0000 9ff19f9c c07a1d2a: urand_change_num 21 extract_buf: pool_sig fffffe88, data_sig 00000126, bytes_mixed 20 9ff19f9c c07a1d2a
[    4.934087] TCP cubic registered
[    4.934164] Initializing XFRM netlink socket
[    4.934255] NET: Registered protocol family 17
[    4.934341] Using IPI Shortcut mode
[    4.934433] random 0014 0000 0000 9ff19f9c c07a1d2a: rand_read_num 5 get_random_bytes(8): sig 0000031b 9ff19f9c c07a1d2a
[    4.934435] random 0014 0000 0000 9ff19f9c c07a1d2a: extract_entropy(.. 8 ..)
[    4.934438] random 0014 0000 0000 9ff19f9c c07a1d2a: going to reseed nonblocking with 64 bits (64 of 0 requested)
[    4.934440] random 0014 0000 0000 9ff19f9c c07a1d2a: extract_entropy(.. 8 ..)
[    4.934442] random 0014 0000 0000 9ff19f9c c07a1d2a: trying to extract 64 bits from input
[    4.934444] random 0014 0000 0000 9ff19f9c c07a1d2a: debiting 0 entropy credits from input
[    4.934446] random 0014 0000 0000 9ff19f9c c07a1d2a: extract_entropy account returned: 0 
[    4.934449] random 0014 0000 0000 9ff19f9c c07a1d2a: urand_change_num 22 xfer_secondary_pool(8): pool_sig 0000031b, data_sig 00000000, bytes_mixed 0 9ff19f9c c07a1d2a
[    4.934452] random 0014 0000 0000 9ff19f9c c07a1d2a: trying to extract 64 bits from nonblocking
[    4.934454] random 0014 0000 0000 9ff19f9c c07a1d2a: debiting 64 entropy credits from nonblocking (unlimited)
[    4.934456] random 0014 0000 0000 9ff19f9c c07a1d2a: extract_entropy account returned: 8 
[    4.934461] random 0014 0000 0000 9ff19f9c c07a1d2a: urand_change_num 23 extract_buf: pool_sig 0000031b, data_sig ffffffb3, bytes_mixed 20 9ff19f9c c07a1d2a
[    4.937625] input: AT Translated Set 2 keyboard as /devices/platform/i8042/serio0/input/input1
[    5.126161] ata3: SATA link down (SStatus 0 SControl 300)
[    5.126263] ata1: SATA link up 1.5 Gbps (SStatus 113 SControl 300)
[    5.128133] ata1.00: ACPI cmd ef/02:00:00:00:00:a0 (SET FEATURES) succeeded
[    5.128136] ata1.00: ACPI cmd f5/00:00:00:00:00:a0 (SECURITY FREEZE LOCK) filtered out
[    5.129527] ata1.00: ACPI cmd ef/5f:00:00:00:00:a0 (SET FEATURES) succeeded
[    5.129529] ata1.00: ACPI cmd ef/10:03:00:00:00:a0 (SET FEATURES) filtered out
[    5.131439] ata1.00: ATA-7: ST910021AS, 4.06, max UDMA/100
[    5.131531] ata1.00: 195371568 sectors, multi 16: LBA48 
[    5.133677] ata1.00: ACPI cmd ef/02:00:00:00:00:a0 (SET FEATURES) succeeded
[    5.133680] ata1.00: ACPI cmd f5/00:00:00:00:00:a0 (SECURITY FREEZE LOCK) filtered out
[    5.135067] ata1.00: ACPI cmd ef/5f:00:00:00:00:a0 (SET FEATURES) succeeded
[    5.135069] ata1.00: ACPI cmd ef/10:03:00:00:00:a0 (SET FEATURES) filtered out
[    5.136998] ata1.00: configured for UDMA/100
[    5.147209] scsi 2:0:0:0: Direct-Access     ATA      ST910021AS       4.06 PQ: 0 ANSI: 5
[    5.147494] sd 2:0:0:0: [sda] 195371568 512-byte logical blocks: (100 GB/93.1 GiB)
[    5.147631] sd 2:0:0:0: [sda] Write Protect is off
[    5.147711] sd 2:0:0:0: [sda] Mode Sense: 00 3a 00 00
[    5.147723] sd 2:0:0:0: [sda] Write cache: enabled, read cache: enabled, doesn't support DPO or FUA
[    5.147915]  sda:
[    5.571811] random 0014 0000 0000 277f73c3 42024bb9: add_disk_randomness(8:0) 277f73c3 42024bb9
[    5.571893] random 0014 0000 0000 277f73c3 42024bb9: add_timer_randomness(.. 8388864) with jiffies: 7000780504747966860, cycles: 7000780500453294090
[    5.571896] random 0014 0000 0000 277f73c3 42024bb9: added 11 entropy credits to input
[    5.571901]  sda1 sda2
[    5.572424] random 0025 0000 0000 277f73c3 42024bb9: add_disk_randomness(8:0) 277f73c3 42024bb9
[    5.572427] random 0025 0000 0000 277f73c3 42024bb9: add_timer_randomness(.. 8388864) with jiffies: 7005582312544633229, cycles: 7005582308249960458
[    5.572580] sd 2:0:0:0: [sda] Attached SCSI disk
[    5.572669] random 0025 0000 0000 277f73c3 42024bb9: rand_read_num 6 get_random_bytes(12): sig 000007e9 277f73c3 42024bb9
[    5.572672] random 0025 0000 0000 277f73c3 42024bb9: extract_entropy(.. 12 ..)
[    5.572674] random 0025 0000 0000 277f73c3 42024bb9: going to reseed nonblocking with 96 bits (96 of 0 requested)
[    5.572677] random 0025 0000 0000 277f73c3 42024bb9: extract_entropy(.. 12 ..)
[    5.572679] random 0025 0000 0000 277f73c3 42024bb9: trying to extract 96 bits from input
[    5.572681] random 0025 0000 0000 277f73c3 42024bb9: debiting 0 entropy credits from input
[    5.572683] random 0025 0000 0000 277f73c3 42024bb9: extract_entropy account returned: 0 
[    5.572686] random 0025 0000 0000 277f73c3 42024bb9: urand_change_num 24 xfer_secondary_pool(12): pool_sig 000007e9, data_sig 00000000, bytes_mixed 0 277f73c3 42024bb9
[    5.572689] random 0025 0000 0000 277f73c3 42024bb9: trying to extract 96 bits from nonblocking
[    5.572692] random 0025 0000 0000 277f73c3 42024bb9: debiting 96 entropy credits from nonblocking (unlimited)
[    5.572694] random 0025 0000 0000 277f73c3 42024bb9: extract_entropy account returned: 12 
[    5.572698] random 0025 0000 0000 277f73c3 42024bb9: urand_change_num 25 extract_buf: pool_sig 000007e9, data_sig 00000088, bytes_mixed 20 277f73c3 42024bb9
[    5.572703] random 0025 0000 0000 277f73c3 42024bb9: urand_change_num 26 extract_buf: pool_sig 00000498, data_sig fffffefb, bytes_mixed 20 277f73c3 42024bb9
[    5.572706] RANDOM - __seed init called.
[    5.572707] RANDOM - __seed init called.
[    5.572708] RANDOM - __seed init called.
[    5.572710] RANDOM - __random32 called. Change num 12.  Value: 87f14767	f0d7351	b1e48bd3
[    5.572712] RANDOM - random32_reseed called.  Value: 87f14767	f0d7351	b1e48bd3
[    5.572714] Pid: 1, comm: swapper Not tainted 2.6.32.57 #6
[    5.572807] Call Trace:
[    5.572895]  [<c1923ca4>] ? random32_reseed+0xa0/0xb1
[    5.572975]  [<c1923c04>] ? random32_reseed+0x0/0xb1
[    5.573064]  [<c100111e>] ? do_one_initcall+0x2e/0x180
[    5.573153]  [<c1907265>] ? kernel_init+0xad/0x103
[    5.573235]  [<c19071b8>] ? kernel_init+0x0/0x103
[    5.573330]  [<c1003787>] ? kernel_thread_helper+0x7/0x10
[    5.573850] random 0025 0000 0000 386b4e60 ee4d4880: rand_read_num 7 get_random_bytes(64): sig fffffea5 386b4e60 ee4d4880
[    5.573852] random 0025 0000 0000 386b4e60 ee4d4880: extract_entropy(.. 64 ..)
[    5.573855] random 0025 0000 0000 386b4e60 ee4d4880: going to reseed nonblocking with 512 bits (512 of 0 requested)
[    5.573857] random 0025 0000 0000 386b4e60 ee4d4880: extract_entropy(.. 64 ..)
[    5.573859] random 0025 0000 0000 386b4e60 ee4d4880: trying to extract 512 bits from input
[    5.573861] random 0025 0000 0000 386b4e60 ee4d4880: debiting 0 entropy credits from input
[    5.573863] random 0025 0000 0000 386b4e60 ee4d4880: extract_entropy account returned: 0 
[    5.573867] random 0025 0000 0000 386b4e60 ee4d4880: urand_change_num 27 xfer_secondary_pool(64): pool_sig fffffea5, data_sig 00000000, bytes_mixed 0 386b4e60 ee4d4880
[    5.573870] random 0025 0000 0000 386b4e60 ee4d4880: trying to extract 512 bits from nonblocking
[    5.573872] random 0025 0000 0000 386b4e60 ee4d4880: debiting 512 entropy credits from nonblocking (unlimited)
[    5.573874] random 0025 0000 0000 386b4e60 ee4d4880: extract_entropy account returned: 64 
[    5.573878] random 0025 0000 0000 386b4e60 ee4d4880: urand_change_num 28 extract_buf: pool_sig fffffea5, data_sig 00000173, bytes_mixed 20 386b4e60 ee4d4880
[    5.573884] random 0025 0000 0000 412698f6 0cc8689a: urand_change_num 29 extract_buf: pool_sig 00000122, data_sig ffffff63, bytes_mixed 20 412698f6 0cc8689a
[    5.573889] random 0025 0000 0000 412698f6 0cc8689a: urand_change_num 30 extract_buf: pool_sig 000001f7, data_sig 00000012, bytes_mixed 20 412698f6 0cc8689a
[    5.573894] random 0025 0000 0000 9669941e 06f768b1: urand_change_num 31 extract_buf: pool_sig fffffb5b, data_sig 0000003f, bytes_mixed 20 9669941e 06f768b1
[    5.573900] random 0025 0000 0000 98486520 995551f0: urand_change_num 32 extract_buf: pool_sig fffffb39, data_sig 0000000e, bytes_mixed 20 98486520 995551f0
[    5.573905] random 0025 0000 0000 98486520 995551f0: urand_change_num 33 extract_buf: pool_sig fffffd8d, data_sig 000001a6, bytes_mixed 20 98486520 995551f0
[    5.573910] random 0025 0000 0000 61fc8914 d5882ed2: urand_change_num 34 extract_buf: pool_sig fffffa58, data_sig 0000023e, bytes_mixed 20 61fc8914 d5882ed2
[    5.573942] random 0025 0000 0000 61fc8914 d5882ed2: rand_read_num 8 get_random_bytes(64): sig fffff9ee 61fc8914 d5882ed2
[    5.573944] random 0025 0000 0000 61fc8914 d5882ed2: extract_entropy(.. 64 ..)
[    5.573946] random 0025 0000 0000 61fc8914 d5882ed2: going to reseed nonblocking with 512 bits (512 of 0 requested)
[    5.573949] random 0025 0000 0000 61fc8914 d5882ed2: extract_entropy(.. 64 ..)
[    5.573951] random 0025 0000 0000 61fc8914 d5882ed2: trying to extract 512 bits from input
[    5.573953] random 0025 0000 0000 61fc8914 d5882ed2: debiting 0 entropy credits from input
[    5.573955] random 0025 0000 0000 61fc8914 d5882ed2: extract_entropy account returned: 0 
[    5.573958] random 0025 0000 0000 61fc8914 d5882ed2: urand_change_num 35 xfer_secondary_pool(64): pool_sig fffff9ee, data_sig 00000000, bytes_mixed 0 61fc8914 d5882ed2
[    5.573961] random 0025 0000 0000 61fc8914 d5882ed2: trying to extract 512 bits from nonblocking
[    5.573963] random 0025 0000 0000 61fc8914 d5882ed2: debiting 512 entropy credits from nonblocking (unlimited)
[    5.573965] random 0025 0000 0000 61fc8914 d5882ed2: extract_entropy account returned: 64 
[    5.573970] random 0025 0000 0000 61fc8914 d5882ed2: urand_change_num 36 extract_buf: pool_sig fffff9ee, data_sig ffffff85, bytes_mixed 20 61fc8914 d5882ed2
[    5.573975] random 0025 0000 0000 70cfd302 e5edec11: urand_change_num 37 extract_buf: pool_sig fffffdc1, data_sig ffffffde, bytes_mixed 20 70cfd302 e5edec11
[    5.573980] random 0025 0000 0000 00dab838 eafd2b30: urand_change_num 38 extract_buf: pool_sig 000003da, data_sig ffffff61, bytes_mixed 20 00dab838 eafd2b30
[    5.573985] random 0025 0000 0000 00dab838 eafd2b30: urand_change_num 39 extract_buf: pool_sig 00000314, data_sig 00000121, bytes_mixed 20 00dab838 eafd2b30
[    5.573991] random 0025 0000 0000 5fcdf66a 6442b608: urand_change_num 40 extract_buf: pool_sig 0000028b, data_sig fffffefd, bytes_mixed 20 5fcdf66a 6442b608
[    5.573996] random 0025 0000 0000 61333f6b 8fae0f9b: urand_change_num 41 extract_buf: pool_sig 000000cb, data_sig 000000b3, bytes_mixed 20 61333f6b 8fae0f9b
[    5.574001] random 0025 0000 0000 61333f6b 8fae0f9b: urand_change_num 42 extract_buf: pool_sig fffffef8, data_sig 00000051, bytes_mixed 20 61333f6b 8fae0f9b
[    5.574004] BEGIN NET_SECRET:
[    5.574005] \xffffffe0
[    5.574006] \xffffffb6
[    5.574007] \x36
[    5.574008] \xffffffb5
[    5.574008] \xffffff94
[    5.574009] \xffffffb2
[    5.574010] \xffffffa8
[    5.574011] \xffffffda
[    5.574012] \x5b
[    5.574012] \x19
[    5.574013] \x18
[    5.574014] \x5c
[    5.574015] \x2b
[    5.574015] \x1
[    5.574016] \xffffff90
[    5.574017] \x19
[    5.574018] \x3c
[    5.574018] \xfffffff2
[    5.574019] \xffffff82
[    5.574020] \x2a
[    5.574021] \xffffffb3
[    5.574022] \xffffffa2
[    5.574022] \x3f
[    5.574023] \x5
[    5.574024] \x52
[    5.574025] \x77
[    5.574025] \x57
[    5.574026] \x79
[    5.574027] \x16
[    5.574028] \x43
[    5.574028] \xffffff84
[    5.574029] \xffffffc3
[    5.574030] \xffffffe9
[    5.574031] \x79
[    5.574031] \x50
[    5.574032] \xffffff8e
[    5.574033] \x3f
[    5.574034] \xfffffff3
[    5.574035] \x19
[    5.574035] \x2a
[    5.574036] \xfffffffd
[    5.574037] \xfffffffb
[    5.574038] \x62
[    5.574038] \x3c
[    5.574039] \xffffffac
[    5.574040] \x1c
[    5.574041] \x3b
[    5.574041] \x3b
[    5.574042] \x15
[    5.574043] \x27
[    5.574044] \xffffffa8
[    5.574044] \x22
[    5.574045] \xffffffc5
[    5.574046] \xffffff9a
[    5.574047] \x5
[    5.574047] \x6c
[    5.574048] \xffffffa8
[    5.574049] \x3a
[    5.574050] \x44
[    5.574051] \xffffffaf
[    5.574051] \x13
[    5.574052] \xffffffe0
[    5.574053] \xffffff9d
[    5.574054] \x22
[    5.574054] 
[    5.574055] END NET_SECRET
[    5.574058] random 0025 0000 0000 e7f555d9 e8ce5c3c: rand_read_num 9 get_random_bytes(4): sig 0000068c e7f555d9 e8ce5c3c
[    5.574060] random 0025 0000 0000 e7f555d9 e8ce5c3c: extract_entropy(.. 4 ..)
[    5.574062] random 0025 0000 0000 e7f555d9 e8ce5c3c: going to reseed nonblocking with 64 bits (32 of 0 requested)
[    5.574065] random 0025 0000 0000 e7f555d9 e8ce5c3c: extract_entropy(.. 8 ..)
[    5.574067] random 0025 0000 0000 e7f555d9 e8ce5c3c: trying to extract 64 bits from input
[    5.574069] random 0025 0000 0000 e7f555d9 e8ce5c3c: debiting 0 entropy credits from input
[    5.574071] random 0025 0000 0000 e7f555d9 e8ce5c3c: extract_entropy account returned: 0 
[    5.574074] random 0025 0000 0000 e7f555d9 e8ce5c3c: urand_change_num 43 xfer_secondary_pool(4): pool_sig 0000068c, data_sig 00000000, bytes_mixed 0 e7f555d9 e8ce5c3c
[    5.574080] random 0025 0000 0000 e7f555d9 e8ce5c3c: trying to extract 32 bits from nonblocking
[    5.574082] random 0025 0000 0000 e7f555d9 e8ce5c3c: debiting 32 entropy credits from nonblocking (unlimited)
[    5.574085] random 0025 0000 0000 e7f555d9 e8ce5c3c: extract_entropy account returned: 4 
[    5.574089] random 0025 0000 0000 e7f555d9 e8ce5c3c: urand_change_num 44 extract_buf: pool_sig 0000068c, data_sig fffffdcb, bytes_mixed 20 e7f555d9 e8ce5c3c
[    5.574100] md: Waiting for all devices to be available before autodetect
[    5.574186] md: If you don't use raid, use raid=noautodetect
[    5.574340] md: Autodetecting RAID arrays.
[    5.574419] md: Scanned 0 and added 0 devices.
[    5.574512] md: autorun ...
[    5.574588] md: ... autorun DONE.
[    5.588019] random 0025 0000 0000 e7f555d9 e8ce5c3c: add_disk_randomness(8:0) e7f555d9 e8ce5c3c
[    5.588022] random 0025 0000 0000 e7f555d9 e8ce5c3c: add_timer_randomness(.. 8388864) with jiffies: 7145910413207241116, cycles: 7145910408912568330
[    5.588025] random 0025 0000 0000 e7f555d9 e8ce5c3c: added 3 entropy credits to input
[    5.589143] random 0028 0000 0000 e7f555d9 e8ce5c3c: add_disk_randomness(8:0) e7f555d9 e8ce5c3c
[    5.589147] random 0028 0000 0000 e7f555d9 e8ce5c3c: add_timer_randomness(.. 8388864) with jiffies: 7156013576446771614, cycles: 7156013572152098826
[    5.589149] random 0028 0000 0000 e7f555d9 e8ce5c3c: added 1 entropy credits to input
[    5.589262] random 0029 0000 0000 e7f555d9 e8ce5c3c: add_disk_randomness(8:0) e7f555d9 e8ce5c3c
[    5.589265] random 0029 0000 0000 e7f555d9 e8ce5c3c: add_timer_randomness(.. 8388864) with jiffies: 7157080394783490462, cycles: 7157080390488817674
[    5.589270] EXT3-fs: sda2: couldn't mount because of unsupported optional features (240).
[    5.589494] random 0029 0000 0000 e7f555d9 e8ce5c3c: add_disk_randomness(8:0) e7f555d9 e8ce5c3c
[    5.589497] random 0029 0000 0000 e7f555d9 e8ce5c3c: add_timer_randomness(.. 8388864) with jiffies: 7159172181295595934, cycles: 7159172177000923146
[    5.589501] EXT2-fs: sda2: couldn't mount because of unsupported optional features (240).
[    5.589719] random 0029 0000 0000 e7f555d9 e8ce5c3c: add_disk_randomness(8:0) e7f555d9 e8ce5c3c
[    5.589722] random 0029 0000 0000 e7f555d9 e8ce5c3c: add_timer_randomness(.. 8388864) with jiffies: 7161197717937160606, cycles: 7161197713642487818
[    5.589854] random 0029 0000 0000 e7f555d9 e8ce5c3c: add_disk_randomness(8:0) e7f555d9 e8ce5c3c
[    5.589857] random 0029 0000 0000 e7f555d9 e8ce5c3c: add_timer_randomness(.. 8388864) with jiffies: 7162418455016866206, cycles: 7162418450722193418
[    5.590017] random 0029 0000 0000 e7f555d9 e8ce5c3c: add_disk_randomness(8:0) e7f555d9 e8ce5c3c
[    5.590020] random 0029 0000 0000 e7f555d9 e8ce5c3c: add_timer_randomness(.. 8388864) with jiffies: 7163888802710913438, cycles: 7163888798416240650
[    5.590138] random 0029 0000 0000 e7f555d9 e8ce5c3c: add_disk_randomness(8:0) e7f555d9 e8ce5c3c
[    5.590141] random 0029 0000 0000 e7f555d9 e8ce5c3c: add_timer_randomness(.. 8388864) with jiffies: 7164962385621123487, cycles: 7164962381326450698
[    5.590256] random 0029 0000 0000 e7f555d9 e8ce5c3c: add_disk_randomness(8:0) e7f555d9 e8ce5c3c
[    5.590259] random 0029 0000 0000 e7f555d9 e8ce5c3c: add_timer_randomness(.. 8388864) with jiffies: 7166028482403336607, cycles: 7166028478108663818
[    5.590370] random 0029 0000 0000 e7f555d9 e8ce5c3c: add_disk_randomness(8:0) e7f555d9 e8ce5c3c
[    5.590373] random 0029 0000 0000 e7f555d9 e8ce5c3c: add_timer_randomness(.. 8388864) with jiffies: 7167051736886772127, cycles: 7167051732592099338
[    5.590482] random 0029 0000 0000 e7f555d9 e8ce5c3c: add_disk_randomness(8:0) e7f555d9 e8ce5c3c
[    5.590485] random 0029 0000 0000 e7f555d9 e8ce5c3c: add_timer_randomness(.. 8388864) with jiffies: 7168063850225041823, cycles: 7168063845930369034
[    5.590594] random 0029 0000 0000 e7f555d9 e8ce5c3c: add_disk_randomness(8:0) e7f555d9 e8ce5c3c
[    5.590596] random 0029 0000 0000 e7f555d9 e8ce5c3c: add_timer_randomness(.. 8388864) with jiffies: 7169067760175776159, cycles: 7169067755881103370
[    5.590834] random 0029 0000 0000 e7f555d9 e8ce5c3c: rand_read_num 10 get_random_bytes(4): sig ffffff72 e7f555d9 e8ce5c3c
[    5.590836] random 0029 0000 0000 e7f555d9 e8ce5c3c: extract_entropy(.. 4 ..)
[    5.590839] random 0029 0000 0000 e7f555d9 e8ce5c3c: going to reseed nonblocking with 64 bits (32 of 0 requested)
[    5.590841] random 0029 0000 0000 e7f555d9 e8ce5c3c: extract_entropy(.. 8 ..)
[    5.590843] random 0029 0000 0000 e7f555d9 e8ce5c3c: trying to extract 64 bits from input
[    5.590845] random 0029 0000 0000 e7f555d9 e8ce5c3c: debiting 0 entropy credits from input
[    5.590847] random 0029 0000 0000 e7f555d9 e8ce5c3c: extract_entropy account returned: 0 
[    5.590850] random 0029 0000 0000 e7f555d9 e8ce5c3c: urand_change_num 45 xfer_secondary_pool(4): pool_sig ffffff72, data_sig 00000000, bytes_mixed 0 e7f555d9 e8ce5c3c
[    5.590853] random 0029 0000 0000 e7f555d9 e8ce5c3c: trying to extract 32 bits from nonblocking
[    5.590855] random 0029 0000 0000 e7f555d9 e8ce5c3c: debiting 32 entropy credits from nonblocking (unlimited)
[    5.590858] random 0029 0000 0000 e7f555d9 e8ce5c3c: extract_entropy account returned: 4 
[    5.590862] random 0029 0000 0000 e7f555d9 e8ce5c3c: urand_change_num 46 extract_buf: pool_sig ffffff72, data_sig ffffff72, bytes_mixed 20 e7f555d9 e8ce5c3c
[    5.602471] random 0029 0000 0000 91716c54 eeb6a1e7: add_disk_randomness(8:0) 91716c54 eeb6a1e7
[    5.602474] random 0029 0000 0000 91716c54 eeb6a1e7: add_timer_randomness(.. 8388864) with jiffies: 7275937150774509995, cycles: 7275937146479837194
[    5.602477] random 0029 0000 0000 91716c54 eeb6a1e7: added 3 entropy credits to input
[    5.620744] random 0032 0000 0000 91716c54 eeb6a1e7: add_disk_randomness(8:0) 91716c54 eeb6a1e7
[    5.620747] random 0032 0000 0000 91716c54 eeb6a1e7: add_timer_randomness(.. 8388864) with jiffies: 7440352003558703549, cycles: 7440351999264030730
[    5.620749] random 0032 0000 0000 91716c54 eeb6a1e7: added 2 entropy credits to input
[    5.625386] EXT4-fs (sda2): mounted filesystem with ordered data mode
[    5.625575] VFS: Mounted root (ext4 filesystem) readonly on device 8:2.
[    5.625666] Freeing unused kernel memory: 448k freed
[    5.645892] random 0034 0000 0000 91716c54 eeb6a1e7: add_disk_randomness(8:0) 91716c54 eeb6a1e7
[    5.645895] random 0034 0000 0000 91716c54 eeb6a1e7: add_timer_randomness(.. 8388864) with jiffies: 7666630732050825686, cycles: 7666630727756152842
[    5.646624] random 0034 0000 0000 91716c54 eeb6a1e7: add_disk_randomness(8:0) 91716c54 eeb6a1e7
[    5.646627] random 0034 0000 0000 91716c54 eeb6a1e7: add_timer_randomness(.. 8388864) with jiffies: 7673215818858725847, cycles: 7673215814564053002
[    5.651350] random 0034 0000 0000 91716c54 eeb6a1e7: add_disk_randomness(8:0) 91716c54 eeb6a1e7
[    5.651353] random 0034 0000 0000 91716c54 eeb6a1e7: add_timer_randomness(.. 8388864) with jiffies: 7715735041606386140, cycles: 7715735037311713290
[    5.651356] random 0034 0000 0000 91716c54 eeb6a1e7: added 2 entropy credits to input
[    5.659551] random 0036 0000 0000 91716c54 eeb6a1e7: add_disk_randomness(8:0) 91716c54 eeb6a1e7
[    5.659555] random 0036 0000 0000 91716c54 eeb6a1e7: add_timer_randomness(.. 8388864) with jiffies: 7789530177548812772, cycles: 7789530173254139914
[    5.662970] random 0036 0000 0000 91716c54 eeb6a1e7: add_disk_randomness(8:0) 91716c54 eeb6a1e7
[    5.662973] random 0036 0000 0000 91716c54 eeb6a1e7: add_timer_randomness(.. 8388864) with jiffies: 7820290093372637671, cycles: 7820290089077964810
[    5.662975] random 0036 0000 0000 91716c54 eeb6a1e7: added 1 entropy credits to input
[    5.671865] random 0037 0000 0000 91716c54 eeb6a1e7: add_disk_randomness(8:0) 91716c54 eeb6a1e7
[    5.671868] random 0037 0000 0000 91716c54 eeb6a1e7: add_timer_randomness(.. 8388864) with jiffies: 7900325683652166128, cycles: 7900325679357493258
[    5.671871] random 0037 0000 0000 91716c54 eeb6a1e7: added 2 entropy credits to input
[    5.685143] random 0039 0000 0000 91716c54 eeb6a1e7: add_disk_randomness(8:0) 91716c54 eeb6a1e7
[    5.685146] random 0039 0000 0000 91716c54 eeb6a1e7: add_timer_randomness(.. 8388864) with jiffies: 8019786745836700158, cycles: 8019786741542027274
[    5.693219] random 0039 0000 0000 91716c54 eeb6a1e7: add_disk_randomness(8:0) 91716c54 eeb6a1e7
[    5.693222] random 0039 0000 0000 91716c54 eeb6a1e7: add_timer_randomness(.. 8388864) with jiffies: 8092453778554061318, cycles: 8092453774259388426
[    5.693225] random 0039 0000 0000 91716c54 eeb6a1e7: added 2 entropy credits to input
[    5.693248] RANDOM get_random_int call with cycles 44833899222, jiffies 4294672902 and pid 1
[    5.693250] RANDOM get_random_int call with cycles 44833906057, jiffies 4294672902 and pid 1
[    5.693253] ASLR stack rand value: 1388544 after shift for pid: 1
[    5.693254] RANDOM get_random_int call with cycles 44833914016, jiffies 4294672902 and pid 1
[    5.704863] random 0041 0000 0000 91716c54 eeb6a1e7: add_disk_randomness(8:0) 91716c54 eeb6a1e7
[    5.704866] random 0041 0000 0000 91716c54 eeb6a1e7: add_timer_randomness(.. 8388864) with jiffies: 8197230347553571345, cycles: 8197230343258898442
[    5.704869] random 0041 0000 0000 91716c54 eeb6a1e7: added 1 entropy credits to input
[    5.704878] RANDOM get_random_int call with cycles 44858267538, jiffies 4294672913 and pid 1
[    5.704884] random 0042 0000 0000 91716c54 eeb6a1e7: rand_read_num 11 get_random_bytes(16): sig fffffcad 91716c54 eeb6a1e7
[    5.704887] random 0042 0000 0000 91716c54 eeb6a1e7: extract_entropy(.. 16 ..)
[    5.704889] random 0042 0000 0000 91716c54 eeb6a1e7: going to reseed nonblocking with 128 bits (128 of 0 requested)
[    5.704891] random 0042 0000 0000 91716c54 eeb6a1e7: extract_entropy(.. 16 ..)
[    5.704893] random 0042 0000 0000 91716c54 eeb6a1e7: trying to extract 128 bits from input
[    5.704896] random 0042 0000 0000 91716c54 eeb6a1e7: debiting 0 entropy credits from input
[    5.704898] random 0042 0000 0000 91716c54 eeb6a1e7: extract_entropy account returned: 0 
[    5.704901] random 0042 0000 0000 91716c54 eeb6a1e7: urand_change_num 47 xfer_secondary_pool(16): pool_sig fffffcad, data_sig 00000000, bytes_mixed 0 91716c54 eeb6a1e7
[    5.704904] random 0042 0000 0000 91716c54 eeb6a1e7: trying to extract 128 bits from nonblocking
[    5.704906] random 0042 0000 0000 91716c54 eeb6a1e7: debiting 128 entropy credits from nonblocking (unlimited)
[    5.704908] random 0042 0000 0000 91716c54 eeb6a1e7: extract_entropy account returned: 16 
[    5.704913] random 0042 0000 0000 91716c54 eeb6a1e7: urand_change_num 48 extract_buf: pool_sig fffffcad, data_sig ffffff19, bytes_mixed 20 91716c54 eeb6a1e7
[    5.704918] random 0042 0000 0000 fd637b06 6cf47bc1: urand_change_num 49 extract_buf: pool_sig fffffede, data_sig ffffffc1, bytes_mixed 20 fd637b06 6cf47bc1
[    5.705874] random 0042 0000 0000 fd637b06 6cf47bc1: add_disk_randomness(8:0) fd637b06 6cf47bc1
[    5.705877] random 0042 0000 0000 fd637b06 6cf47bc1: add_timer_randomness(.. 8388864) with jiffies: 8206329102626161170, cycles: 8206329098331488266
[    5.707019] random 0042 0000 0000 fd637b06 6cf47bc1: add_disk_randomness(8:0) fd637b06 6cf47bc1
[    5.707022] random 0042 0000 0000 fd637b06 6cf47bc1: add_timer_randomness(.. 8388864) with jiffies: 8216633622522462739, cycles: 8216633618227789834
[    5.708172] random 0042 0000 0000 fd637b06 6cf47bc1: add_disk_randomness(8:0) fd637b06 6cf47bc1
[    5.708175] random 0042 0000 0000 fd637b06 6cf47bc1: add_timer_randomness(.. 8388864) with jiffies: 8226995235419030037, cycles: 8226995231124357130
[    5.709045] random 0042 0000 0000 fd637b06 6cf47bc1: add_disk_randomness(8:0) fd637b06 6cf47bc1
[    5.709048] random 0042 0000 0000 fd637b06 6cf47bc1: add_timer_randomness(.. 8388864) with jiffies: 8234864869635752469, cycles: 8234864865341079562
[    5.709233] random 0042 0000 0000 fd637b06 6cf47bc1: add_disk_randomness(8:0) fd637b06 6cf47bc1
[    5.709236] random 0042 0000 0000 fd637b06 6cf47bc1: add_timer_randomness(.. 8388864) with jiffies: 8236544154603848214, cycles: 8236544150309175306
[    5.709443] random 0042 0000 0000 fd637b06 6cf47bc1: add_disk_randomness(8:0) fd637b06 6cf47bc1
[    5.709446] random 0042 0000 0000 fd637b06 6cf47bc1: add_timer_randomness(.. 8388864) with jiffies: 8238433454882783766, cycles: 8238433450588110858
[    5.719888] random 0042 0000 0000 fd637b06 6cf47bc1: add_disk_randomness(8:0) fd637b06 6cf47bc1
[    5.719891] random 0042 0000 0000 fd637b06 6cf47bc1: add_timer_randomness(.. 8388864) with jiffies: 8332424948685177376, cycles: 8332424944390504458
[    5.719894] random 0042 0000 0000 fd637b06 6cf47bc1: added 3 entropy credits to input
[    5.720299] random 0045 0000 0000 fd637b06 6cf47bc1: add_disk_randomness(8:0) fd637b06 6cf47bc1
[    5.720302] random 0045 0000 0000 fd637b06 6cf47bc1: add_timer_randomness(.. 8388864) with jiffies: 8336112452986700321, cycles: 8336112448692027402
[    5.730106] random 0045 0000 0000 fd637b06 6cf47bc1: add_disk_randomness(8:0) fd637b06 6cf47bc1
[    5.730109] random 0045 0000 0000 fd637b06 6cf47bc1: add_timer_randomness(.. 8388864) with jiffies: 8424354914020065835, cycles: 8424354909725392906
[    5.730112] random 0045 0000 0000 fd637b06 6cf47bc1: added 3 entropy credits to input
[    5.730165] RANDOM get_random_int call with cycles 44911238347, jiffies 4294672939 and pid 1
[    5.742750] random 0048 0000 0000 fd637b06 6cf47bc1: add_disk_randomness(8:0) fd637b06 6cf47bc1
[    5.742754] random 0048 0000 0000 fd637b06 6cf47bc1: add_timer_randomness(.. 8388864) with jiffies: 8538130758059655735, cycles: 8538130753764982794
[    5.742756] random 0048 0000 0000 fd637b06 6cf47bc1: added 1 entropy credits to input
[    5.755859] random 0049 0000 0000 fd637b06 6cf47bc1: add_disk_randomness(8:0) fd637b06 6cf47bc1
[    5.755862] random 0049 0000 0000 fd637b06 6cf47bc1: add_timer_randomness(.. 8388864) with jiffies: 8656082414117552708, cycles: 8656082409822879754
[    5.756000] random 0049 0000 0000 fd637b06 6cf47bc1: add_disk_randomness(8:0) fd637b06 6cf47bc1
[    5.756003] random 0049 0000 0000 fd637b06 6cf47bc1: add_timer_randomness(.. 8388864) with jiffies: 8657349871851504196, cycles: 8657349867556831242
[    5.758164] random 0049 0000 0000 fd637b06 6cf47bc1: add_disk_randomness(8:0) fd637b06 6cf47bc1
[    5.758168] random 0049 0000 0000 fd637b06 6cf47bc1: add_timer_randomness(.. 8388864) with jiffies: 8676812361534505543, cycles: 8676812357239832586
[    5.758170] random 0049 0000 0000 fd637b06 6cf47bc1: added 1 entropy credits to input
[    5.758410] random 0050 0000 0000 fd637b06 6cf47bc1: add_disk_randomness(8:0) fd637b06 6cf47bc1
[    5.758413] random 0050 0000 0000 fd637b06 6cf47bc1: add_timer_randomness(.. 8388864) with jiffies: 8679029067170415175, cycles: 8679029062875742218
[    5.758589] random 0050 0000 0000 fd637b06 6cf47bc1: add_disk_randomness(8:0) fd637b06 6cf47bc1
[    5.758592] random 0050 0000 0000 fd637b06 6cf47bc1: add_timer_randomness(.. 8388864) with jiffies: 8680636913947476551, cycles: 8680636909652803594
[    5.761714] random 0050 0000 0000 fd637b06 6cf47bc1: add_disk_randomness(8:0) fd637b06 6cf47bc1
[    5.761717] random 0050 0000 0000 fd637b06 6cf47bc1: add_timer_randomness(.. 8388864) with jiffies: 8708755308920144458, cycles: 8708755304625471498
[    5.761719] random 0050 0000 0000 fd637b06 6cf47bc1: added 1 entropy credits to input
[    5.763726] random 0051 0000 0000 fd637b06 6cf47bc1: add_disk_randomness(8:0) fd637b06 6cf47bc1
[    5.763729] random 0051 0000 0000 fd637b06 6cf47bc1: add_timer_randomness(.. 8388864) with jiffies: 8726863573939880524, cycles: 8726863569645207562
[    5.771556] random 0051 0000 0000 fd637b06 6cf47bc1: add_disk_randomness(8:0) fd637b06 6cf47bc1
[    5.771559] random 0051 0000 0000 fd637b06 6cf47bc1: add_timer_randomness(.. 8388864) with jiffies: 8797315210986357332, cycles: 8797315206691684362
[    5.771562] random 0051 0000 0000 fd637b06 6cf47bc1: added 2 entropy credits to input
[    5.771691] random 0053 0000 0000 fd637b06 6cf47bc1: add_disk_randomness(8:0) fd637b06 6cf47bc1
[    5.771694] random 0053 0000 0000 fd637b06 6cf47bc1: add_timer_randomness(.. 8388864) with jiffies: 8798526069641282132, cycles: 8798526065346609162
[    5.775260] random 0053 0000 0000 fd637b06 6cf47bc1: add_disk_randomness(8:0) fd637b06 6cf47bc1
[    5.775263] random 0053 0000 0000 fd637b06 6cf47bc1: add_timer_randomness(.. 8388864) with jiffies: 8830632629511094872, cycles: 8830632625216421898
[    5.775265] random 0053 0000 0000 fd637b06 6cf47bc1: added 2 entropy credits to input
[    5.779750] random 0055 0000 0000 fd637b06 6cf47bc1: add_disk_randomness(8:0) fd637b06 6cf47bc1
[    5.779753] random 0055 0000 0000 fd637b06 6cf47bc1: add_timer_randomness(.. 8388864) with jiffies: 8871038371866837596, cycles: 8871038367572164618
[    5.785329] random 0055 0000 0000 fd637b06 6cf47bc1: add_disk_randomness(8:0) fd637b06 6cf47bc1
[    5.785332] random 0055 0000 0000 fd637b06 6cf47bc1: add_timer_randomness(.. 8388864) with jiffies: 8921234079856951906, cycles: 8921234075562278922
[    5.785335] random 0055 0000 0000 fd637b06 6cf47bc1: added 1 entropy credits to input
[    5.791605] random 0056 0000 0000 fd637b06 6cf47bc1: add_disk_randomness(8:0) fd637b06 6cf47bc1
[    5.791608] random 0056 0000 0000 fd637b06 6cf47bc1: add_timer_randomness(.. 8388864) with jiffies: 8977710464552895080, cycles: 8977710460258222090
[    5.791619] random 0056 0000 0000 fd637b06 6cf47bc1: rand_read_num 12 get_random_bytes(16): sig 0000033b fd637b06 6cf47bc1
[    5.791622] random 0056 0000 0000 fd637b06 6cf47bc1: extract_entropy(.. 16 ..)
[    5.791624] random 0056 0000 0000 fd637b06 6cf47bc1: going to reseed nonblocking with 128 bits (128 of 0 requested)
[    5.791626] random 0056 0000 0000 fd637b06 6cf47bc1: extract_entropy(.. 16 ..)
[    5.791629] random 0056 0000 0000 fd637b06 6cf47bc1: trying to extract 128 bits from input
[    5.791631] random 0056 0000 0000 fd637b06 6cf47bc1: debiting 0 entropy credits from input
[    5.791633] random 0056 0000 0000 fd637b06 6cf47bc1: extract_entropy account returned: 0 
[    5.791636] random 0056 0000 0000 fd637b06 6cf47bc1: urand_change_num 50 xfer_secondary_pool(16): pool_sig 0000033b, data_sig 00000000, bytes_mixed 0 fd637b06 6cf47bc1
[    5.791639] random 0056 0000 0000 fd637b06 6cf47bc1: trying to extract 128 bits from nonblocking
[    5.791641] random 0056 0000 0000 fd637b06 6cf47bc1: debiting 128 entropy credits from nonblocking (unlimited)
[    5.791643] random 0056 0000 0000 fd637b06 6cf47bc1: extract_entropy account returned: 16 
[    5.791648] random 0056 0000 0000 fd637b06 6cf47bc1: urand_change_num 51 extract_buf: pool_sig 0000033b, data_sig 000000d8, bytes_mixed 20 fd637b06 6cf47bc1
[    5.791653] random 0056 0000 0000 0ec1f012 d4727ca8: urand_change_num 52 extract_buf: pool_sig fffffcf5, data_sig 00000016, bytes_mixed 20 0ec1f012 d4727ca8
[    5.798351] random 0056 0000 0000 45b1d0b1 845a73f7: add_disk_randomness(8:0) 45b1d0b1 845a73f7
[    5.798355] random 0056 0000 0000 45b1d0b1 845a73f7: add_timer_randomness(.. 8388864) with jiffies: 9038406366854349423, cycles: 9038406362559676426
[    5.805571] random 0056 0000 0000 45b1d0b1 845a73f7: add_disk_randomness(8:0) 45b1d0b1 845a73f7
[    5.805574] random 0056 0000 0000 45b1d0b1 845a73f7: add_timer_randomness(.. 8388864) with jiffies: 9103364719254405750, cycles: 9103364714959732746
[    5.815218] random 0056 0000 0000 45b1d0b1 845a73f7: add_disk_randomness(8:0) 45b1d0b1 845a73f7
[    5.815221] random 0056 0000 0000 45b1d0b1 845a73f7: add_timer_randomness(.. 8388864) with jiffies: 9190161906612798080, cycles: 9190161902318125066
[    5.815224] random 0056 0000 0000 45b1d0b1 845a73f7: added 1 entropy credits to input
[    5.822992] random 0057 0000 0000 45b1d0b1 845a73f7: add_disk_randomness(8:0) 45b1d0b1 845a73f7
[    5.822995] random 0057 0000 0000 45b1d0b1 845a73f7: add_timer_randomness(.. 8388864) with jiffies: 9260120180765983367, cycles: -9186623897238241270
[    5.822997] random 0057 0000 0000 45b1d0b1 845a73f7: added 1 entropy credits to input
[    5.826136] random 0058 0000 0000 45b1d0b1 845a73f7: add_disk_randomness(8:0) 45b1d0b1 845a73f7
[    5.826140] random 0058 0000 0000 45b1d0b1 845a73f7: add_timer_randomness(.. 8388864) with jiffies: 9288402815288050315, cycles: -9158341262716174326
[    5.840401] random 0058 0000 0000 45b1d0b1 845a73f7: add_disk_randomness(8:0) 45b1d0b1 845a73f7
[    5.840404] random 0058 0000 0000 45b1d0b1 845a73f7: add_timer_randomness(.. 8388864) with jiffies: 9416756267956535961, cycles: -9029987810047688694
[    5.840407] random 0058 0000 0000 45b1d0b1 845a73f7: added 3 entropy credits to input
[    5.845803] random 0061 0000 0000 45b1d0b1 845a73f7: add_disk_randomness(8:0) 45b1d0b1 845a73f7
[    5.845806] random 0061 0000 0000 45b1d0b1 845a73f7: add_timer_randomness(.. 8388864) with jiffies: 9465370461614080670, cycles: -8981373616390143990
[    5.845809] random 0061 0000 0000 45b1d0b1 845a73f7: added 2 entropy credits to input
[    5.850976] random 0063 0000 0000 45b1d0b1 845a73f7: add_disk_randomness(8:0) 45b1d0b1 845a73f7
[    5.850979] random 0063 0000 0000 45b1d0b1 845a73f7: add_timer_randomness(.. 8388864) with jiffies: 9511910503895237283, cycles: -8934833574108987382
[    5.859202] random 0063 0000 0000 45b1d0b1 845a73f7: add_disk_randomness(8:0) 45b1d0b1 845a73f7
[    5.859205] random 0063 0000 0000 45b1d0b1 845a73f7: add_timer_randomness(.. 8388864) with jiffies: 9585917776862347948, cycles: -8860826301141876726
[    5.859208] random 0063 0000 0000 45b1d0b1 845a73f7: added 2 entropy credits to input
[    5.868802] random 0065 0000 0000 45b1d0b1 845a73f7: add_disk_randomness(8:0) 45b1d0b1 845a73f7
[    5.868805] random 0065 0000 0000 45b1d0b1 845a73f7: add_timer_randomness(.. 8388864) with jiffies: 9672301199956345525, cycles: -8774442878047879158
[    5.888305] random 0065 0000 0000 45b1d0b1 845a73f7: add_disk_randomness(8:0) 45b1d0b1 845a73f7
[    5.888308] random 0065 0000 0000 45b1d0b1 845a73f7: add_timer_randomness(.. 8388864) with jiffies: 9847779244249940681, cycles: -8598964833754284022
[    5.888311] random 0065 0000 0000 45b1d0b1 845a73f7: added 3 entropy credits to input
[    5.901586] random 0068 0000 0000 45b1d0b1 845a73f7: add_disk_randomness(8:0) 45b1d0b1 845a73f7
[    5.901589] random 0068 0000 0000 45b1d0b1 845a73f7: add_timer_randomness(.. 8388864) with jiffies: 9967282470128419542, cycles: -8479461607875805174
[    5.901592] random 0068 0000 0000 45b1d0b1 845a73f7: added 2 entropy credits to input
[    5.909605] random 0070 0000 0000 45b1d0b1 845a73f7: add_disk_randomness(8:0) 45b1d0b1 845a73f7
[    5.909609] random 0070 0000 0000 45b1d0b1 845a73f7: add_timer_randomness(.. 8388864) with jiffies: 10039439226371277534, cycles: -8407304851632947190
[    5.909611] random 0070 0000 0000 45b1d0b1 845a73f7: added 1 entropy credits to input
[    5.919619] random 0071 0000 0000 45b1d0b1 845a73f7: add_disk_randomness(8:0) 45b1d0b1 845a73f7
[    5.919622] random 0071 0000 0000 45b1d0b1 845a73f7: add_timer_randomness(.. 8388864) with jiffies: 10129538702414414568, cycles: -8317205375589810166
[    5.919625] random 0071 0000 0000 45b1d0b1 845a73f7: added 1 entropy credits to input
[    5.932507] random 0072 0000 0000 45b1d0b1 845a73f7: add_disk_randomness(8:0) 45b1d0b1 845a73f7
[    5.932510] random 0072 0000 0000 45b1d0b1 845a73f7: add_timer_randomness(.. 8388864) with jiffies: 10245499366252708597, cycles: -8201244711751516150
[    5.939857] random 0072 0000 0000 45b1d0b1 845a73f7: add_disk_randomness(8:0) 45b1d0b1 845a73f7
[    5.939861] random 0072 0000 0000 45b1d0b1 845a73f7: add_timer_randomness(.. 8388864) with jiffies: 10311640389437326076, cycles: -8135103688566898678
[    5.939863] random 0072 0000 0000 45b1d0b1 845a73f7: added 2 entropy credits to input
[    5.945110] random 0074 0000 0000 45b1d0b1 845a73f7: add_disk_randomness(8:0) 45b1d0b1 845a73f7
[    5.945113] random 0074 0000 0000 45b1d0b1 845a73f7: add_timer_randomness(.. 8388864) with jiffies: 10358893413469487874, cycles: -8087850664534736886
[    5.951547] random 0074 0000 0000 45b1d0b1 845a73f7: add_disk_randomness(8:0) 45b1d0b1 845a73f7
[    5.951550] random 0074 0000 0000 45b1d0b1 845a73f7: add_timer_randomness(.. 8388864) with jiffies: 10416814126947599112, cycles: -8029929951056625654
[    5.956601] random 0074 0000 0000 45b1d0b1 845a73f7: add_disk_randomness(8:0) 45b1d0b1 845a73f7
[    5.956604] random 0074 0000 0000 45b1d0b1 845a73f7: add_timer_randomness(.. 8388864) with jiffies: 10462285727394398989, cycles: -7984458350609825782
[    5.962499] random 0074 0000 0000 45b1d0b1 845a73f7: add_disk_randomness(8:0) 45b1d0b1 845a73f7
[    5.962502] random 0074 0000 0000 45b1d0b1 845a73f7: add_timer_randomness(.. 8388864) with jiffies: 10515359037703029523, cycles: -7931385040301195254
[    5.971850] random 0074 0000 0000 45b1d0b1 845a73f7: add_disk_randomness(8:0) 45b1d0b1 845a73f7
[    5.971853] random 0074 0000 0000 45b1d0b1 845a73f7: add_timer_randomness(.. 8388864) with jiffies: 10599494951655670556, cycles: -7847249126348554230
[    5.971855] random 0074 0000 0000 45b1d0b1 845a73f7: added 1 entropy credits to input
[    5.976729] random 0075 0000 0000 45b1d0b1 845a73f7: add_disk_randomness(8:0) 45b1d0b1 845a73f7
[    5.976732] random 0075 0000 0000 45b1d0b1 845a73f7: add_timer_randomness(.. 8388864) with jiffies: 10643400821774713633, cycles: -7803343256229511158
[    5.976735] random 0075 0000 0000 45b1d0b1 845a73f7: added 2 entropy credits to input
[    5.984165] random 0077 0000 0000 45b1d0b1 845a73f7: add_disk_randomness(8:0) 45b1d0b1 845a73f7
[    5.984168] random 0077 0000 0000 45b1d0b1 845a73f7: add_timer_randomness(.. 8388864) with jiffies: 10710296500778009385, cycles: -7736447577226215414
[    5.984171] random 0077 0000 0000 45b1d0b1 845a73f7: added 1 entropy credits to input
[    5.990383] random 0078 0000 0000 45b1d0b1 845a73f7: add_disk_randomness(8:0) 45b1d0b1 845a73f7
[    5.990386] random 0078 0000 0000 45b1d0b1 845a73f7: add_timer_randomness(.. 8388864) with jiffies: 10766243852877267759, cycles: -7680500225126957046
[    5.990388] random 0078 0000 0000 45b1d0b1 845a73f7: added 1 entropy credits to input
[    5.995847] random 0079 0000 0000 45b1d0b1 845a73f7: add_disk_randomness(8:0) 45b1d0b1 845a73f7
[    5.995850] random 0079 0000 0000 45b1d0b1 845a73f7: add_timer_randomness(.. 8388864) with jiffies: 10815420274933728052, cycles: -7631323803070496758
[    6.004941] random 0079 0000 0000 45b1d0b1 845a73f7: add_disk_randomness(8:0) 45b1d0b1 845a73f7
[    6.004944] random 0079 0000 0000 45b1d0b1 845a73f7: add_timer_randomness(.. 8388864) with jiffies: 10897239775584682813, cycles: -7549504302419542006
[    6.004947] random 0079 0000 0000 45b1d0b1 845a73f7: added 2 entropy credits to input
[    6.012361] random 0081 0000 0000 45b1d0b1 845a73f7: add_disk_randomness(8:0) 45b1d0b1 845a73f7
[    6.012364] random 0081 0000 0000 45b1d0b1 845a73f7: add_timer_randomness(.. 8388864) with jiffies: 10963997229655491397, cycles: -7482746848348733430
[    6.022040] random 0081 0000 0000 45b1d0b1 845a73f7: add_disk_randomness(8:0) 45b1d0b1 845a73f7
[    6.022043] random 0081 0000 0000 45b1d0b1 845a73f7: add_timer_randomness(.. 8388864) with jiffies: 11051078756733780815, cycles: -7395665321270444022
[    6.022045] random 0081 0000 0000 45b1d0b1 845a73f7: added 1 entropy credits to input
[    6.032665] random 0082 0000 0000 45b1d0b1 845a73f7: add_disk_randomness(8:0) 45b1d0b1 845a73f7
[    6.032668] random 0082 0000 0000 45b1d0b1 845a73f7: add_timer_randomness(.. 8388864) with jiffies: 11146689599235654489, cycles: -7300054478768570358
[    6.045185] random 0082 0000 0000 45b1d0b1 845a73f7: add_disk_randomness(8:0) 45b1d0b1 845a73f7
[    6.045188] random 0082 0000 0000 45b1d0b1 845a73f7: add_timer_randomness(.. 8388864) with jiffies: 11259338375137297254, cycles: -7187405702866927606
[    6.045191] random 0082 0000 0000 45b1d0b1 845a73f7: added 1 entropy credits to input
[    6.046396] random 0083 0000 0000 45b1d0b1 845a73f7: add_disk_randomness(8:0) 45b1d0b1 845a73f7
[    6.046399] random 0083 0000 0000 45b1d0b1 845a73f7: add_timer_randomness(.. 8388864) with jiffies: 11270237138118738791, cycles: -7176506939885486070
[    6.050410] random 0083 0000 0000 45b1d0b1 845a73f7: add_disk_randomness(8:0) 45b1d0b1 845a73f7
[    6.050413] random 0083 0000 0000 45b1d0b1 845a73f7: add_timer_randomness(.. 8388864) with jiffies: 11306349364877427563, cycles: -7140394713126797302
[    6.050415] random 0083 0000 0000 45b1d0b1 845a73f7: added 1 entropy credits to input
[    6.059749] random 0084 0000 0000 45b1d0b1 845a73f7: add_disk_randomness(8:0) 45b1d0b1 845a73f7
[    6.059753] random 0084 0000 0000 45b1d0b1 845a73f7: add_timer_randomness(.. 8388864) with jiffies: 11390390664995505012, cycles: -7056353413008719862
[    6.059755] random 0084 0000 0000 45b1d0b1 845a73f7: added 1 entropy credits to input
[    6.060099] random 0085 0000 0000 45b1d0b1 845a73f7: add_disk_randomness(8:0) 45b1d0b1 845a73f7
[    6.060102] random 0085 0000 0000 45b1d0b1 845a73f7: add_timer_randomness(.. 8388864) with jiffies: 11393523070543823733, cycles: -7053221007460401142
[    6.075758] random 0085 0000 0000 45b1d0b1 845a73f7: add_disk_randomness(8:0) 45b1d0b1 845a73f7
[    6.075761] random 0085 0000 0000 45b1d0b1 845a73f7: add_timer_randomness(.. 8388864) with jiffies: 11534430850057470852, cycles: -6912313227946754038
[    6.075764] random 0085 0000 0000 45b1d0b1 845a73f7: added 3 entropy credits to input
[    6.077387] random 0088 0000 0000 45b1d0b1 845a73f7: add_disk_randomness(8:0) 45b1d0b1 845a73f7
[    6.077390] random 0088 0000 0000 45b1d0b1 845a73f7: add_timer_randomness(.. 8388864) with jiffies: 11549082014296277894, cycles: -6897662063707946998
[    6.077393] random 0088 0000 0000 45b1d0b1 845a73f7: added 1 entropy credits to input
[    6.077537] random 0089 0000 0000 45b1d0b1 845a73f7: add_disk_randomness(8:0) 45b1d0b1 845a73f7
[    6.077540] random 0089 0000 0000 45b1d0b1 845a73f7: add_timer_randomness(.. 8388864) with jiffies: 11550436281909216134, cycles: -6896307796095008758
[    6.088412] random 0089 0000 0000 45b1d0b1 845a73f7: add_disk_randomness(8:0) 45b1d0b1 845a73f7
[    6.088415] random 0089 0000 0000 45b1d0b1 845a73f7: add_timer_randomness(.. 8388864) with jiffies: 11648277810165547921, cycles: -6798466267838676982
[    6.088417] random 0089 0000 0000 45b1d0b1 845a73f7: added 3 entropy credits to input
[    6.088976] random 0092 0000 0000 45b1d0b1 845a73f7: add_disk_randomness(8:0) 45b1d0b1 845a73f7
[    6.088979] random 0092 0000 0000 45b1d0b1 845a73f7: add_timer_randomness(.. 8388864) with jiffies: 11653364361409037201, cycles: -6793379716595187702
[    6.094208] random 0092 0000 0000 45b1d0b1 845a73f7: add_disk_randomness(8:0) 45b1d0b1 845a73f7
[    6.094211] random 0092 0000 0000 45b1d0b1 845a73f7: add_timer_randomness(.. 8388864) with jiffies: 11700429467737097111, cycles: -6746314610267127798
[    6.094214] random 0092 0000 0000 45b1d0b1 845a73f7: added 2 entropy credits to input
[    6.095962] random 0094 0000 0000 45b1d0b1 845a73f7: add_disk_randomness(8:0) 45b1d0b1 845a73f7
[    6.095965] random 0094 0000 0000 45b1d0b1 845a73f7: add_timer_randomness(.. 8388864) with jiffies: 11716217801876931480, cycles: -6730526276127293430
[    6.106195] random 0094 0000 0000 45b1d0b1 845a73f7: add_disk_randomness(8:0) 45b1d0b1 845a73f7
[    6.106198] random 0094 0000 0000 45b1d0b1 845a73f7: add_timer_randomness(.. 8388864) with jiffies: 11808286309971887011, cycles: -6638457768032337910
[    6.106201] random 0094 0000 0000 45b1d0b1 845a73f7: added 3 entropy credits to input
[    6.120127] random 0097 0000 0000 45b1d0b1 845a73f7: add_disk_randomness(8:0) 45b1d0b1 845a73f7
[    6.120130] random 0097 0000 0000 45b1d0b1 845a73f7: add_timer_randomness(.. 8388864) with jiffies: 11933639899782808497, cycles: -6513104178221416438
[    6.120133] random 0097 0000 0000 45b1d0b1 845a73f7: added 1 entropy credits to input
[    6.132642] random 0098 0000 0000 45b1d0b1 845a73f7: add_disk_randomness(8:0) 45b1d0b1 845a73f7
[    6.132645] random 0098 0000 0000 45b1d0b1 845a73f7: add_timer_randomness(.. 8388864) with jiffies: 12046253362463343549, cycles: -6400490715540881398
[    6.132648] random 0098 0000 0000 45b1d0b1 845a73f7: added 1 entropy credits to input
