[    0.000000] random 0000 0000 0000 00000000 00000000: rand_read_num 1 get_random_bytes(8): sig 00000000 00000000 00000000
[    0.000000] random 0000 0000 0000 00000000 00000000: extract_entropy(.. 8 ..)
[    0.000000] random 0000 0000 0000 00000000 00000000: going to reseed nonblocking with 64 bits (64 of 0 requested)
[    0.000000] random 0000 0000 0000 00000000 00000000: extract_entropy(.. 8 ..)
[    0.000000] random 0000 0000 0000 00000000 00000000: trying to extract 64 bits from input
[    0.000000] random 0000 0000 0000 00000000 00000000: debiting 0 entropy credits from input
[    0.000000] random 0000 0000 0000 00000000 00000000: extract_entropy account returned: 0 
[    0.000000] random 0000 0000 0000 00000000 00000000: urand_change_num 1 xfer_secondary_pool(8): pool_sig 00000000, data_sig 00000000, bytes_mixed 0 00000000 00000000
[    0.000000] random 0000 0000 0000 00000000 00000000: trying to extract 64 bits from nonblocking
[    0.000000] random 0000 0000 0000 00000000 00000000: debiting 64 entropy credits from nonblocking (unlimited)
[    0.000000] random 0000 0000 0000 00000000 00000000: extract_entropy account returned: 8 
[    0.000000] random 0000 0000 0000 00000000 00000000: urand_change_num 2 extract_buf: pool_sig 00000000, data_sig fffffff9, bytes_mixed 20 00000000 00000000
[    0.000000] Linux version 2.6.32.57 (dcashman@dcashman-02) (gcc version 4.3.3 (GCC) ) #6 Thu May 30 09:02:12 PDT 2013
[    0.000000] KERNEL supported cpus:
[    0.000000]   Intel GenuineIntel
[    0.000000]   AMD AuthenticAMD
[    0.000000]   NSC Geode by NSC
[    0.000000]   Cyrix CyrixInstead
[    0.000000]   Centaur CentaurHauls
[    0.000000]   Transmeta GenuineTMx86
[    0.000000]   Transmeta TransmetaCPU
[    0.000000]   UMC UMC UMC UMC
[    0.000000] BIOS-provided physical RAM map:
[    0.000000]  BIOS-e820: 0000000000000000 - 000000000009d800 (usable)
[    0.000000]  BIOS-e820: 000000000009d800 - 00000000000a0000 (reserved)
[    0.000000]  BIOS-e820: 00000000000d2000 - 00000000000d4000 (reserved)
[    0.000000]  BIOS-e820: 00000000000e0000 - 0000000000100000 (reserved)
[    0.000000]  BIOS-e820: 0000000000100000 - 000000003d6b0000 (usable)
[    0.000000]  BIOS-e820: 000000003d6b0000 - 000000003d6cc000 (ACPI data)
[    0.000000]  BIOS-e820: 000000003d6cc000 - 000000003d700000 (ACPI NVS)
[    0.000000]  BIOS-e820: 000000003d700000 - 000000003e000000 (reserved)
[    0.000000]  BIOS-e820: 00000000f0000000 - 00000000f4000000 (reserved)
[    0.000000]  BIOS-e820: 00000000fec00000 - 00000000fec10000 (reserved)
[    0.000000]  BIOS-e820: 00000000fed00000 - 00000000fed00400 (reserved)
[    0.000000]  BIOS-e820: 00000000fed14000 - 00000000fed1a000 (reserved)
[    0.000000]  BIOS-e820: 00000000fed1c000 - 00000000fed90000 (reserved)
[    0.000000]  BIOS-e820: 00000000fee00000 - 00000000fee01000 (reserved)
[    0.000000]  BIOS-e820: 00000000ff000000 - 0000000100000000 (reserved)
[    0.000000] DMI present.
[    0.000000] last_pfn = 0x3d6b0 max_arch_pfn = 0x100000
[    0.000000] MTRR default type: uncachable
[    0.000000] MTRR fixed ranges enabled:
[    0.000000]   00000-9FFFF write-back
[    0.000000]   A0000-BFFFF uncachable
[    0.000000]   C0000-CFFFF write-protect
[    0.000000]   D0000-DFFFF uncachable
[    0.000000]   E0000-FFFFF write-protect
[    0.000000] MTRR variable ranges enabled:
[    0.000000]   0 base 03E000000 mask FFE000000 uncachable
[    0.000000]   1 base 000000000 mask FC0000000 write-back
[    0.000000]   2 base 03D700000 mask FFFF00000 uncachable
[    0.000000]   3 base 03D800000 mask FFF800000 uncachable
[    0.000000]   4 disabled
[    0.000000]   5 disabled
[    0.000000]   6 disabled
[    0.000000]   7 disabled
[    0.000000] initial memory mapped : 0 - 02000000
[    0.000000] init_memory_mapping: 0000000000000000-00000000377fe000
[    0.000000]  0000000000 - 0000400000 page 4k
[    0.000000]  0000400000 - 0037400000 page 2M
[    0.000000]  0037400000 - 00377fe000 page 4k
[    0.000000] kernel direct mapping tables up to 377fe000 @ 7000-c000
[    0.000000] ACPI: RSDP 000f68d0 00024 (v02 LENOVO)
[    0.000000] ACPI: XSDT 3d6bb77f 00094 (v01 LENOVO TP-7L    00002170  LTP 00000000)
[    0.000000] ACPI: FACP 3d6bb900 000F4 (v03 LENOVO TP-7L    00002170 LNVO 00000001)
[    0.000000] ACPI Warning: 32/64X length mismatch in Gpe1Block: 0/32 (20090903/tbfadt-526)
[    0.000000] ACPI Warning: Optional field Gpe1Block has zero address or length: 000000000000102C/0 (20090903/tbfadt-557)
[    0.000000] ACPI: DSDT 3d6bbd1d 0FED1 (v01 LENOVO TP-7L    00002170 MSFT 03000000)
[    0.000000] ACPI: FACS 3d6e4000 00040
[    0.000000] ACPI: SSDT 3d6bbab4 00269 (v01 LENOVO TP-7L    00002170 MSFT 03000000)
[    0.000000] ACPI: ECDT 3d6cbbee 00052 (v01 LENOVO TP-7L    00002170 LNVO 00000001)
[    0.000000] ACPI: TCPA 3d6cbc40 00032 (v02 LENOVO TP-7L    00002170 LNVO 00000001)
[    0.000000] ACPI: APIC 3d6cbc72 00068 (v01 LENOVO TP-7L    00002170 LNVO 00000001)
[    0.000000] ACPI: MCFG 3d6cbcda 0003C (v01 LENOVO TP-7L    00002170 LNVO 00000001)
[    0.000000] ACPI: HPET 3d6cbd16 00038 (v01 LENOVO TP-7L    00002170 LNVO 00000001)
[    0.000000] ACPI: SLIC 3d6cbdf0 00176 (v01 LENOVO TP-7L    00002170  LTP 00000000)
[    0.000000] ACPI: BOOT 3d6cbf66 00028 (v01 LENOVO TP-7L    00002170  LTP 00000001)
[    0.000000] ACPI: ASF! 3d6cbf8e 00072 (v16 LENOVO TP-7L    00002170 PTL  00000001)
[    0.000000] ACPI: SSDT 3d6e26d9 0025F (v01 LENOVO TP-7L    00002170 INTL 20050513)
[    0.000000] ACPI: SSDT 3d6e2938 000A6 (v01 LENOVO TP-7L    00002170 INTL 20050513)
[    0.000000] ACPI: SSDT 3d6e29de 004F7 (v01 LENOVO TP-7L    00002170 INTL 20050513)
[    0.000000] ACPI: SSDT 3d6e2ed5 001D8 (v01 LENOVO TP-7L    00002170 INTL 20050513)
[    0.000000] ACPI: DMI detected: Lenovo ThinkPad R61
[    0.000000] ACPI: Added _OSI(Linux)
[    0.000000] ACPI: Local APIC address 0xfee00000
[    0.000000] 94MB HIGHMEM available.
[    0.000000] 887MB LOWMEM available.
[    0.000000]   mapped low ram: 0 - 377fe000
[    0.000000]   low ram: 0 - 377fe000
[    0.000000]   node 0 low ram: 00000000 - 377fe000
[    0.000000]   node 0 bootmap 00008000 - 0000ef00
[    0.000000] (6 early reservations) ==> bootmem [0000000000 - 00377fe000]
[    0.000000]   #0 [0000000000 - 0000001000]   BIOS data page ==> [0000000000 - 0000001000]
[    0.000000]   #1 [0001000000 - 0001bdc180]    TEXT DATA BSS ==> [0001000000 - 0001bdc180]
[    0.000000]   #2 [000009d800 - 0000100000]    BIOS reserved ==> [000009d800 - 0000100000]
[    0.000000]   #3 [0001bdd000 - 0001be516c]              BRK ==> [0001bdd000 - 0001be516c]
[    0.000000]   #4 [0000007000 - 0000008000]          PGTABLE ==> [0000007000 - 0000008000]
[    0.000000]   #5 [0000008000 - 000000f000]          BOOTMAP ==> [0000008000 - 000000f000]
[    0.000000] found SMP MP-table at [c00f6900] f6900
[    0.000000] Zone PFN ranges:
[    0.000000]   DMA      0x00000000 -> 0x00001000
[    0.000000]   Normal   0x00001000 -> 0x000377fe
[    0.000000]   HighMem  0x000377fe -> 0x0003d6b0
[    0.000000] Movable zone start PFN for each node
[    0.000000] early_node_map[2] active PFN ranges
[    0.000000]     0: 0x00000000 -> 0x0000009d
[    0.000000]     0: 0x00000100 -> 0x0003d6b0
[    0.000000] On node 0 totalpages: 251469
[    0.000000] free_area_init_node: node 0, pgdat c1901ea0, node_mem_map c1be7000
[    0.000000]   DMA zone: 32 pages used for memmap
[    0.000000]   DMA zone: 0 pages reserved
[    0.000000]   DMA zone: 3965 pages, LIFO batch:0
[    0.000000]   Normal zone: 1744 pages used for memmap
[    0.000000]   Normal zone: 221486 pages, LIFO batch:31
[    0.000000]   HighMem zone: 190 pages used for memmap
[    0.000000]   HighMem zone: 24052 pages, LIFO batch:3
[    0.000000] Using APIC driver default
[    0.000000] ACPI: PM-Timer IO Port: 0x1008
[    0.000000] ACPI: Local APIC address 0xfee00000
[    0.000000] ACPI: LAPIC (acpi_id[0x00] lapic_id[0x00] enabled)
[    0.000000] ACPI: LAPIC (acpi_id[0x01] lapic_id[0x01] enabled)
[    0.000000] ACPI: NR_CPUS/possible_cpus limit of 1 reached.  Processor 1/0x1 ignored.
[    0.000000] ACPI: LAPIC_NMI (acpi_id[0x00] high edge lint[0x1])
[    0.000000] ACPI: LAPIC_NMI (acpi_id[0x01] high edge lint[0x1])
[    0.000000] ACPI: IOAPIC (id[0x01] address[0xfec00000] gsi_base[0])
[    0.000000] IOAPIC[0]: apic_id 1, version 32, address 0xfec00000, GSI 0-23
[    0.000000] ACPI: INT_SRC_OVR (bus 0 bus_irq 0 global_irq 2 dfl dfl)
[    0.000000] ACPI: INT_SRC_OVR (bus 0 bus_irq 9 global_irq 9 high level)
[    0.000000] ACPI: IRQ0 used by override.
[    0.000000] ACPI: IRQ2 used by override.
[    0.000000] ACPI: IRQ9 used by override.
[    0.000000] Using ACPI (MADT) for SMP configuration information
[    0.000000] ACPI: HPET id: 0x8086a201 base: 0xfed00000
[    0.000000] nr_irqs_gsi: 24
[    0.000000] PM: Registered nosave memory: 000000000009d000 - 000000000009e000
[    0.000000] PM: Registered nosave memory: 000000000009e000 - 00000000000a0000
[    0.000000] PM: Registered nosave memory: 00000000000a0000 - 00000000000d2000
[    0.000000] PM: Registered nosave memory: 00000000000d2000 - 00000000000d4000
[    0.000000] PM: Registered nosave memory: 00000000000d4000 - 00000000000e0000
[    0.000000] PM: Registered nosave memory: 00000000000e0000 - 0000000000100000
[    0.000000] Allocating PCI resources starting at 3e000000 (gap: 3e000000:b2000000)
[    0.000000] Built 1 zonelists in Zone order, mobility grouping on.  Total pages: 249503
[    0.000000] Kernel command line: auto BOOT_IMAGE=Linux ro root=802 vt.default_utf8=0 maxcpus=0
[    0.000000] PID hash table entries: 4096 (order: 2, 16384 bytes)
[    0.000000] Dentry cache hash table entries: 131072 (order: 7, 524288 bytes)
[    0.000000] Inode-cache hash table entries: 65536 (order: 6, 262144 bytes)
[    0.000000] Enabling fast FPU save and restore... done.
[    0.000000] Enabling unmasked SIMD FPU exception support... done.
[    0.000000] Initializing CPU#0
[    0.000000] Initializing HighMem for node 0 (000377fe:0003d6b0)
[    0.000000] Memory: 984800k/1006272k available (6915k kernel code, 20876k reserved, 2327k data, 448k init, 96968k highmem)
[    0.000000] virtual kernel memory layout:
[    0.000000]     fixmap  : 0xfffa3000 - 0xfffff000   ( 368 kB)
[    0.000000]     pkmap   : 0xff800000 - 0xffc00000   (4096 kB)
[    0.000000]     vmalloc : 0xf7ffe000 - 0xff7fe000   ( 120 MB)
[    0.000000]     lowmem  : 0xc0000000 - 0xf77fe000   ( 887 MB)
[    0.000000]       .init : 0xc1907000 - 0xc1977000   ( 448 kB)
[    0.000000]       .data : 0xc16c0d3f - 0xc1906c64   (2327 kB)
[    0.000000]       .text : 0xc1000000 - 0xc16c0d3f   (6915 kB)
[    0.000000] Checking if this processor honours the WP bit even in supervisor mode...Ok.
[    0.000000] SLUB: Genslabs=13, HWalign=64, Order=0-3, MinObjects=0, CPUs=1, Nodes=1
[    0.000000] Hierarchical RCU implementation.
[    0.000000] NR_IRQS:288
[    0.000000] Extended CMOS year: 2000
[    0.000000] Console: colour VGA+ 80x25
[    0.000000] console [tty0] enabled
[    0.000000] hpet clockevent registered
[    0.000000] Fast TSC calibration using PIT
[    0.000000] Detected 2094.944 MHz processor.
[    0.001002] Calibrating delay loop (skipped), value calculated using timer frequency.. 4189.88 BogoMIPS (lpj=2094944)
[    0.002007] Security Framework initialized
[    0.002093] Mount-cache hash table entries: 512
[    0.002239] CPU: L1 I cache: 32K, L1 D cache: 32K
[    0.002364] CPU: L2 cache: 3072K
[    0.002443] mce: CPU supports 6 MCE banks
[    0.002528] CPU0: Thermal monitoring enabled (TM2)
[    0.002607] using mwait in idle threads.
[    0.002691] CPU: Intel(R) Core(TM)2 Duo CPU     T8100  @ 2.10GHz stepping 06
[    0.002870] Checking 'hlt' instruction... OK.
[    0.006935] ACPI: Core revision 20090903
[    0.026011] RANDOM get_random_int first call with cycles 32589813543, jiffies 4294667322 and pid 0
[    0.026019] CANARY value: dafc138c for PID: 1
[    0.026025] CANARY value: 57f7fc5f for PID: 2
[    0.026048] Enabling APIC mode:  Flat.  Using 1 I/O APICs
[    0.026506] ..TIMER: vector=0x30 apic1=0 pin1=2 apic2=-1 pin2=-1
[    0.036997] xor: automatically using best checksumming function: pIII_sse
[    0.040998]    pIII_sse  :  8568.000 MB/sec
[    0.041081] xor: using function: pIII_sse (8568.000 MB/sec)
[    0.041161] RANDOM - __seed init called.
[    0.041162] RANDOM - __seed init called.
[    0.041163] RANDOM - __seed init called.
[    0.041165] RANDOM - __random32 called. Change num 1.  Value: e6b75c0e	845fdb3c	4764ecc7
[    0.041167] RANDOM - __random32 called. Change num 2.  Value: 75c0e1a6	45fdb3ca	d98f8871
[    0.041168] RANDOM - __random32 called. Change num 3.  Value: e1a6d3e	5fdb3ca9	10e2be79
[    0.041170] RANDOM - __random32 called. Change num 4.  Value: a6d3e877	fdb3ca90	7cf2fee9
[    0.041172] RANDOM - __random32 called. Change num 5.  Value: 3e877b7b	db3ca905	fdd36ca1
[    0.041174] RANDOM - __random32 called. Change num 6.  Value: 77b7ba3d	b3ca905b	d9426901
[    0.041175] RANDOM - random32 init called.  Value: 77b7ba3d	b3ca905b	d9426901
[    0.041193] NET: Registered protocol family 16
[    0.041450] ACPI FADT declares the system doesn't support PCIe ASPM, so disable it
[    0.041564] ACPI: bus type pci registered
[    0.041723] PCI: MCFG configuration 0: base f0000000 segment 0 buses 0 - 63
[    0.041805] PCI: MCFG area at f0000000 reserved in E820
[    0.041885] PCI: Using MMCONFIG for extended config space
[    0.041966] PCI: Using configuration type 1 for base access
[    0.045074] bio: create slab <bio-0> at 0
[    0.045888] ACPI: EC: EC description table is found, configuring boot EC
[    0.051042] ACPI: BIOS _OSI(Linux) query honored via DMI
[    0.051761] random 0000 0000 0000 00000000 00000000: rand_read_num 2 get_random_bytes(8): sig fffffe1a 00000000 00000000
[    0.051763] random 0000 0000 0000 00000000 00000000: extract_entropy(.. 8 ..)
[    0.051766] random 0000 0000 0000 00000000 00000000: going to reseed nonblocking with 64 bits (64 of 0 requested)
[    0.051768] random 0000 0000 0000 00000000 00000000: extract_entropy(.. 8 ..)
[    0.051770] random 0000 0000 0000 00000000 00000000: trying to extract 64 bits from input
[    0.051773] random 0000 0000 0000 00000000 00000000: debiting 0 entropy credits from input
[    0.051775] random 0000 0000 0000 00000000 00000000: extract_entropy account returned: 0 
[    0.051777] random 0000 0000 0000 00000000 00000000: urand_change_num 3 xfer_secondary_pool(8): pool_sig fffffe1a, data_sig 00000000, bytes_mixed 0 00000000 00000000
[    0.051781] random 0000 0000 0000 00000000 00000000: trying to extract 64 bits from nonblocking
[    0.051783] random 0000 0000 0000 00000000 00000000: debiting 64 entropy credits from nonblocking (unlimited)
[    0.051810] random 0000 0000 0000 00000000 00000000: extract_entropy account returned: 8 
[    0.051814] random 0000 0000 0000 00000000 00000000: urand_change_num 4 extract_buf: pool_sig fffffe1a, data_sig fffffed7, bytes_mixed 20 00000000 00000000
[    0.057443] ACPI: Interpreter enabled
[    0.057528] ACPI: (supports S0 S3 S4 S5)
[    0.057813] ACPI: Using IOAPIC for interrupt routing
[    0.067317] ACPI: EC: GPE = 0x12, I/O: command/status = 0x66, data = 0x62
[    0.067586] ACPI: Power Resource [PUBS] (on)
[    0.069730] ACPI: ACPI Dock Station Driver: 3 docks/bays found
[    0.070155] ACPI: PCI Root Bridge [PCI0] (0000:00)
[    0.070322] pci 0000:00:02.0: reg 10 64bit mmio: [0xf8100000-0xf81fffff]
[    0.070328] pci 0000:00:02.0: reg 18 64bit mmio pref: [0xe0000000-0xefffffff]
[    0.070332] pci 0000:00:02.0: reg 20 io port: [0x1800-0x1807]
[    0.070366] pci 0000:00:02.1: reg 10 64bit mmio: [0xf8200000-0xf82fffff]
[    0.070472] pci 0000:00:19.0: reg 10 32bit mmio: [0xfe000000-0xfe01ffff]
[    0.070481] pci 0000:00:19.0: reg 14 32bit mmio: [0xfe025000-0xfe025fff]
[    0.070491] pci 0000:00:19.0: reg 18 io port: [0x1840-0x185f]
[    0.070557] pci 0000:00:19.0: PME# supported from D0 D3hot D3cold
[    0.070653] pci 0000:00:19.0: PME# disabled
[    0.070799] pci 0000:00:1a.0: reg 20 io port: [0x1860-0x187f]
[    0.070888] pci 0000:00:1a.1: reg 20 io port: [0x1880-0x189f]
[    0.070977] pci 0000:00:1a.7: reg 10 32bit mmio: [0xfe226c00-0xfe226fff]
[    0.071068] pci 0000:00:1a.7: PME# supported from D0 D3hot D3cold
[    0.071156] pci 0000:00:1a.7: PME# disabled
[    0.071290] pci 0000:00:1b.0: reg 10 64bit mmio: [0xfe020000-0xfe023fff]
[    0.071376] pci 0000:00:1b.0: PME# supported from D0 D3hot D3cold
[    0.071458] pci 0000:00:1b.0: PME# disabled
[    0.071657] pci 0000:00:1c.0: PME# supported from D0 D3hot D3cold
[    0.071750] pci 0000:00:1c.0: PME# disabled
[    0.071953] pci 0000:00:1c.1: PME# supported from D0 D3hot D3cold
[    0.071997] pci 0000:00:1c.1: PME# disabled
[    0.072190] pci 0000:00:1c.2: PME# supported from D0 D3hot D3cold
[    0.072276] pci 0000:00:1c.2: PME# disabled
[    0.072474] pci 0000:00:1c.3: PME# supported from D0 D3hot D3cold
[    0.072571] pci 0000:00:1c.3: PME# disabled
[    0.073113] pci 0000:00:1c.4: PME# supported from D0 D3hot D3cold
[    0.073194] pci 0000:00:1c.4: PME# disabled
[    0.073335] pci 0000:00:1d.0: reg 20 io port: [0x18a0-0x18bf]
[    0.073409] pci 0000:00:1d.1: reg 20 io port: [0x18c0-0x18df]
[    0.073489] pci 0000:00:1d.2: reg 20 io port: [0x18e0-0x18ff]
[    0.073578] pci 0000:00:1d.7: reg 10 32bit mmio: [0xfe227000-0xfe2273ff]
[    0.074052] pci 0000:00:1d.7: PME# supported from D0 D3hot D3cold
[    0.074144] pci 0000:00:1d.7: PME# disabled
[    0.074424] pci 0000:00:1f.0: quirk: region 1000-107f claimed by ICH6 ACPI/GPIO/TCO
[    0.074545] pci 0000:00:1f.0: quirk: region 1180-11bf claimed by ICH6 GPIO
[    0.074643] pci 0000:00:1f.0: ICH7 LPC Generic IO decode 1 PIO at 1600 (mask 007f)
[    0.074757] pci 0000:00:1f.0: ICH7 LPC Generic IO decode 2 PIO at 15e0 (mask 000f)
[    0.074875] pci 0000:00:1f.0: ICH7 LPC Generic IO decode 3 PIO at 1680 (mask 001f)
[    0.075070] pci 0000:00:1f.1: reg 10 io port: [0x00-0x07]
[    0.075082] pci 0000:00:1f.1: reg 14 io port: [0x00-0x03]
[    0.075091] pci 0000:00:1f.1: reg 18 io port: [0x00-0x07]
[    0.075098] pci 0000:00:1f.1: reg 1c io port: [0x00-0x03]
[    0.075109] pci 0000:00:1f.1: reg 20 io port: [0x1c00-0x1c0f]
[    0.075200] pci 0000:00:1f.2: reg 10 io port: [0x1c50-0x1c57]
[    0.075208] pci 0000:00:1f.2: reg 14 io port: [0x1c44-0x1c47]
[    0.075217] pci 0000:00:1f.2: reg 18 io port: [0x1c48-0x1c4f]
[    0.075226] pci 0000:00:1f.2: reg 1c io port: [0x1c40-0x1c43]
[    0.075233] pci 0000:00:1f.2: reg 20 io port: [0x1c20-0x1c3f]
[    0.075242] pci 0000:00:1f.2: reg 24 32bit mmio: [0xfe226000-0xfe2267ff]
[    0.075302] pci 0000:00:1f.2: PME# supported from D3hot
[    0.075393] pci 0000:00:1f.2: PME# disabled
[    0.075502] pci 0000:00:1f.3: reg 10 32bit mmio: [0xfe227400-0xfe2274ff]
[    0.075527] pci 0000:00:1f.3: reg 20 io port: [0x1c60-0x1c7f]
[    0.075619] pci 0000:00:1c.0: bridge io port: [0x2000-0x2fff]
[    0.075623] pci 0000:00:1c.0: bridge 32bit mmio: [0xfc000000-0xfdffffff]
[    0.075633] pci 0000:00:1c.0: bridge 64bit mmio pref: [0xf8000000-0xf80fffff]
[    0.075705] pci 0000:03:00.0: reg 10 64bit mmio: [0xdf3f0000-0xdf3fffff]
[    0.075899] pci 0000:00:1c.1: bridge io port: [0x3000-0x3fff]
[    0.075906] pci 0000:00:1c.1: bridge 32bit mmio: [0xdc000000-0xdf3fffff]
[    0.075915] pci 0000:00:1c.1: bridge 64bit mmio pref: [0xdfe00000-0xdfefffff]
[    0.075970] pci 0000:00:1c.2: bridge io port: [0x4000-0x4fff]
[    0.075976] pci 0000:00:1c.2: bridge 32bit mmio: [0xd8000000-0xd9ffffff]
[    0.075984] pci 0000:00:1c.2: bridge 64bit mmio pref: [0xdfb00000-0xdfbfffff]
[    0.076053] pci 0000:00:1c.3: bridge io port: [0x5000-0x5fff]
[    0.076059] pci 0000:00:1c.3: bridge 32bit mmio: [0xd4000000-0xd5ffffff]
[    0.076068] pci 0000:00:1c.3: bridge 64bit mmio pref: [0xdf800000-0xdf8fffff]
[    0.076123] pci 0000:00:1c.4: bridge io port: [0x6000-0x6fff]
[    0.076129] pci 0000:00:1c.4: bridge 32bit mmio: [0xd0000000-0xd1ffffff]
[    0.076137] pci 0000:00:1c.4: bridge 64bit mmio pref: [0xdf500000-0xdf5fffff]
[    0.076194] pci 0000:15:00.0: reg 10 32bit mmio: [0xf8300000-0xf8300fff]
[    0.076244] pci 0000:15:00.0: supports D1 D2
[    0.076245] pci 0000:15:00.0: PME# supported from D0 D1 D2 D3hot D3cold
[    0.076334] pci 0000:15:00.0: PME# disabled
[    0.076471] pci 0000:15:00.1: reg 10 32bit mmio: [0xf8301000-0xf83017ff]
[    0.076567] pci 0000:15:00.1: supports D1 D2
[    0.076568] pci 0000:15:00.1: PME# supported from D0 D1 D2 D3hot D3cold
[    0.076662] pci 0000:15:00.1: PME# disabled
[    0.076830] pci 0000:00:1e.0: transparent bridge
[    0.076912] pci 0000:00:1e.0: bridge io port: [0x7000-0xafff]
[    0.076919] pci 0000:00:1e.0: bridge 32bit mmio: [0xf8300000-0xfbffffff]
[    0.076927] pci 0000:00:1e.0: bridge 64bit mmio pref: [0xf4000000-0xf7ffffff]
[    0.077002] pci_bus 0000:00: on NUMA node 0
[    0.077006] ACPI: PCI Interrupt Routing Table [\_SB_.PCI0._PRT]
[    0.077139] ACPI: PCI Interrupt Routing Table [\_SB_.PCI0.EXP0._PRT]
[    0.077198] ACPI: PCI Interrupt Routing Table [\_SB_.PCI0.EXP1._PRT]
[    0.077257] ACPI: PCI Interrupt Routing Table [\_SB_.PCI0.EXP2._PRT]
[    0.077315] ACPI: PCI Interrupt Routing Table [\_SB_.PCI0.EXP3._PRT]
[    0.077377] ACPI: PCI Interrupt Routing Table [\_SB_.PCI0.EXP4._PRT]
[    0.077440] ACPI: PCI Interrupt Routing Table [\_SB_.PCI0.PCI1._PRT]
[    0.082901] ACPI: PCI Interrupt Link [LNKA] (IRQs 3 4 5 6 7 9 *10 11)
[    0.083602] ACPI: PCI Interrupt Link [LNKB] (IRQs 3 4 5 6 7 9 10 *11)
[    0.084276] ACPI: PCI Interrupt Link [LNKC] (IRQs 3 4 5 6 7 9 10 *11)
[    0.085063] ACPI: PCI Interrupt Link [LNKD] (IRQs 3 4 5 6 7 9 10 *11)
[    0.085778] ACPI: PCI Interrupt Link [LNKE] (IRQs 3 4 5 6 7 9 10 *11)
[    0.086483] ACPI: PCI Interrupt Link [LNKF] (IRQs 3 4 5 6 7 9 10 *11)
[    0.087231] ACPI: PCI Interrupt Link [LNKG] (IRQs 3 4 5 6 7 9 10 *11)
[    0.087960] ACPI: PCI Interrupt Link [LNKH] (IRQs 3 4 5 6 7 9 10 *11)
[    0.088631] vgaarb: device added: PCI:0000:00:02.0,decodes=io+mem,owns=io+mem,locks=none
[    0.088756] vgaarb: loaded
[    0.088941] SCSI subsystem initialized
[    0.089008] libata version 3.00 loaded.
[    0.089058] usbcore: registered new interface driver usbfs
[    0.089177] usbcore: registered new interface driver hub
[    0.089283] usbcore: registered new device driver usb
[    0.106044] raid6: int32x1    941 MB/s
[    0.123059] raid6: int32x2    890 MB/s
[    0.140068] raid6: int32x4    750 MB/s
[    0.156990] raid6: int32x8    656 MB/s
[    0.173990] raid6: mmxx1     2878 MB/s
[    0.190988] raid6: mmxx2     3253 MB/s
[    0.208000] raid6: sse1x1    1937 MB/s
[    0.225000] raid6: sse1x2    2535 MB/s
[    0.241991] raid6: sse2x1    3515 MB/s
[    0.258981] raid6: sse2x2    3828 MB/s
[    0.259058] raid6: using algorithm sse2x2 (3828 MB/s)
[    0.259154] PCI: Using ACPI for IRQ routing
[    0.259457] HPET: 3 timers in total, 0 timers will be used for per-cpu timer
[    0.259987] Switching to clocksource tsc
[    0.260087] pnp: PnP ACPI init
[    0.260180] ACPI: bus type pnp registered
[    0.263816] pnp: PnP ACPI: found 11 devices
[    0.263923] ACPI: ACPI bus type pnp unregistered
[    0.264010] system 00:00: iomem range 0x0-0x9ffff could not be reserved
[    0.264092] system 00:00: iomem range 0xc0000-0xc3fff could not be reserved
[    0.264180] system 00:00: iomem range 0xc4000-0xc7fff could not be reserved
[    0.264272] system 00:00: iomem range 0xc8000-0xcbfff has been reserved
[    0.264354] system 00:00: iomem range 0xcc000-0xcffff has been reserved
[    0.264437] system 00:00: iomem range 0xd0000-0xd3fff could not be reserved
[    0.264520] system 00:00: iomem range 0xe0000-0xe3fff could not be reserved
[    0.264612] system 00:00: iomem range 0xe4000-0xe7fff could not be reserved
[    0.264699] system 00:00: iomem range 0xe8000-0xebfff could not be reserved
[    0.264781] system 00:00: iomem range 0xec000-0xeffff could not be reserved
[    0.264865] system 00:00: iomem range 0xf0000-0xfffff could not be reserved
[    0.264948] system 00:00: iomem range 0x100000-0x3dffffff could not be reserved
[    0.265062] system 00:00: iomem range 0xfec00000-0xfed3ffff could not be reserved
[    0.265177] system 00:00: iomem range 0xfed4c000-0xffffffff could not be reserved
[    0.265291] system 00:02: ioport range 0x164e-0x164f has been reserved
[    0.265380] system 00:02: ioport range 0x1000-0x107f has been reserved
[    0.265467] system 00:02: ioport range 0x1180-0x11bf has been reserved
[    0.265554] system 00:02: ioport range 0x800-0x80f has been reserved
[    0.265635] system 00:02: ioport range 0x15e0-0x15ef has been reserved
[    0.265718] system 00:02: ioport range 0x1600-0x165f could not be reserved
[    0.265818] system 00:02: iomem range 0xf0000000-0xf3ffffff has been reserved
[    0.265904] system 00:02: iomem range 0xfed1c000-0xfed1ffff has been reserved
[    0.265989] system 00:02: iomem range 0xfed14000-0xfed17fff has been reserved
[    0.266077] system 00:02: iomem range 0xfed18000-0xfed18fff has been reserved
[    0.266160] system 00:02: iomem range 0xfed19000-0xfed19fff has been reserved
[    0.266249] system 00:02: iomem range 0xfed45000-0xfed4bfff has been reserved
[    0.301269] pci 0000:00:1c.0: PCI bridge, secondary bus 0000:02
[    0.301362] pci 0000:00:1c.0:   IO window: 0x2000-0x2fff
[    0.301446] pci 0000:00:1c.0:   MEM window: 0xfc000000-0xfdffffff
[    0.301530] pci 0000:00:1c.0:   PREFETCH window: 0x000000f8000000-0x000000f80fffff
[    0.301647] pci 0000:00:1c.1: PCI bridge, secondary bus 0000:03
[    0.301730] pci 0000:00:1c.1:   IO window: 0x3000-0x3fff
[    0.301814] pci 0000:00:1c.1:   MEM window: 0xdc000000-0xdf3fffff
[    0.301916] pci 0000:00:1c.1:   PREFETCH window: 0x000000dfe00000-0x000000dfefffff
[    0.302031] pci 0000:00:1c.2: PCI bridge, secondary bus 0000:04
[    0.302120] pci 0000:00:1c.2:   IO window: 0x4000-0x4fff
[    0.302225] pci 0000:00:1c.2:   MEM window: 0xd8000000-0xd9ffffff
[    0.302323] pci 0000:00:1c.2:   PREFETCH window: 0x000000dfb00000-0x000000dfbfffff
[    0.302440] pci 0000:00:1c.3: PCI bridge, secondary bus 0000:05
[    0.302523] pci 0000:00:1c.3:   IO window: 0x5000-0x5fff
[    0.302609] pci 0000:00:1c.3:   MEM window: 0xd4000000-0xd5ffffff
[    0.302692] pci 0000:00:1c.3:   PREFETCH window: 0x000000df800000-0x000000df8fffff
[    0.302810] pci 0000:00:1c.4: PCI bridge, secondary bus 0000:0d
[    0.302905] pci 0000:00:1c.4:   IO window: 0x6000-0x6fff
[    0.302988] pci 0000:00:1c.4:   MEM window: 0xd0000000-0xd1ffffff
[    0.303076] pci 0000:00:1c.4:   PREFETCH window: 0x000000df500000-0x000000df5fffff
[    0.303196] pci 0000:15:00.0: CardBus bridge, secondary bus 0000:16
[    0.303279] pci 0000:15:00.0:   IO window: 0x007000-0x0070ff
[    0.303368] pci 0000:15:00.0:   IO window: 0x007400-0x0074ff
[    0.303453] pci 0000:15:00.0:   PREFETCH window: 0xf4000000-0xf7ffffff
[    0.303552] pci 0000:15:00.0:   MEM window: 0x40000000-0x43ffffff
[    0.303637] pci 0000:00:1e.0: PCI bridge, secondary bus 0000:15
[    0.303727] pci 0000:00:1e.0:   IO window: 0x7000-0xafff
[    0.303823] pci 0000:00:1e.0:   MEM window: 0xf8300000-0xfbffffff
[    0.303912] pci 0000:00:1e.0:   PREFETCH window: 0x000000f4000000-0x000000f7ffffff
[    0.304053] pci 0000:00:1c.0: PCI INT A -> GSI 20 (level, low) -> IRQ 20
[    0.304148] pci 0000:00:1c.0: setting latency timer to 64
[    0.304160] pci 0000:00:1c.1: PCI INT B -> GSI 21 (level, low) -> IRQ 21
[    0.304248] pci 0000:00:1c.1: setting latency timer to 64
[    0.304258] pci 0000:00:1c.2: PCI INT C -> GSI 22 (level, low) -> IRQ 22
[    0.304341] pci 0000:00:1c.2: setting latency timer to 64
[    0.304353] pci 0000:00:1c.3: PCI INT D -> GSI 23 (level, low) -> IRQ 23
[    0.304448] pci 0000:00:1c.3: setting latency timer to 64
[    0.304459] pci 0000:00:1c.4: PCI INT A -> GSI 20 (level, low) -> IRQ 20
[    0.304543] pci 0000:00:1c.4: setting latency timer to 64
[    0.304548] pci 0000:00:1e.0: enabling device (0005 -> 0007)
[    0.304632] pci 0000:00:1e.0: setting latency timer to 64
[    0.304647] pci 0000:15:00.0: PCI INT A -> GSI 16 (level, low) -> IRQ 16
[    0.304732] pci 0000:15:00.0: setting latency timer to 64
[    0.304738] pci_bus 0000:00: resource 0 io:  [0x00-0xffff]
[    0.304740] pci_bus 0000:00: resource 1 mem: [0x000000-0xffffffff]
[    0.304742] pci_bus 0000:02: resource 0 io:  [0x2000-0x2fff]
[    0.304744] pci_bus 0000:02: resource 1 mem: [0xfc000000-0xfdffffff]
[    0.304746] pci_bus 0000:02: resource 2 pref mem [0xf8000000-0xf80fffff]
[    0.304748] pci_bus 0000:03: resource 0 io:  [0x3000-0x3fff]
[    0.304750] pci_bus 0000:03: resource 1 mem: [0xdc000000-0xdf3fffff]
[    0.304752] pci_bus 0000:03: resource 2 pref mem [0xdfe00000-0xdfefffff]
[    0.304754] pci_bus 0000:04: resource 0 io:  [0x4000-0x4fff]
[    0.304755] pci_bus 0000:04: resource 1 mem: [0xd8000000-0xd9ffffff]
[    0.304757] pci_bus 0000:04: resource 2 pref mem [0xdfb00000-0xdfbfffff]
[    0.304759] pci_bus 0000:05: resource 0 io:  [0x5000-0x5fff]
[    0.304761] pci_bus 0000:05: resource 1 mem: [0xd4000000-0xd5ffffff]
[    0.304763] pci_bus 0000:05: resource 2 pref mem [0xdf800000-0xdf8fffff]
[    0.304765] pci_bus 0000:0d: resource 0 io:  [0x6000-0x6fff]
[    0.304766] pci_bus 0000:0d: resource 1 mem: [0xd0000000-0xd1ffffff]
[    0.304768] pci_bus 0000:0d: resource 2 pref mem [0xdf500000-0xdf5fffff]
[    0.304770] pci_bus 0000:15: resource 0 io:  [0x7000-0xafff]
[    0.304772] pci_bus 0000:15: resource 1 mem: [0xf8300000-0xfbffffff]
[    0.304774] pci_bus 0000:15: resource 2 pref mem [0xf4000000-0xf7ffffff]
[    0.304776] pci_bus 0000:15: resource 3 io:  [0x00-0xffff]
[    0.304777] pci_bus 0000:15: resource 4 mem: [0x000000-0xffffffff]
[    0.304779] pci_bus 0000:16: resource 0 io:  [0x7000-0x70ff]
[    0.304781] pci_bus 0000:16: resource 1 io:  [0x7400-0x74ff]
[    0.304783] pci_bus 0000:16: resource 2 pref mem [0xf4000000-0xf7ffffff]
[    0.304785] pci_bus 0000:16: resource 3 mem: [0x40000000-0x43ffffff]
[    0.304793] NET: Registered protocol family 2
[    0.304883] RANDOM - __random32 called. Change num 7.  Value: 7ba3d01e	3ca905be	d2026a24
[    0.304884] RANDOM - random32 called.  Value: 7ba3d01e	3ca905be	d2026a24
[    0.304889] random 0000 0000 0000 5f8db4e5 4cfdf2a8: rand_read_num 3 get_random_bytes(4): sig fffffb64 5f8db4e5 4cfdf2a8
[    0.304891] random 0000 0000 0000 5f8db4e5 4cfdf2a8: extract_entropy(.. 4 ..)
[    0.304893] random 0000 0000 0000 5f8db4e5 4cfdf2a8: going to reseed nonblocking with 64 bits (32 of 0 requested)
[    0.304896] random 0000 0000 0000 5f8db4e5 4cfdf2a8: extract_entropy(.. 8 ..)
[    0.304898] random 0000 0000 0000 5f8db4e5 4cfdf2a8: trying to extract 64 bits from input
[    0.304900] random 0000 0000 0000 5f8db4e5 4cfdf2a8: debiting 0 entropy credits from input
[    0.304902] random 0000 0000 0000 5f8db4e5 4cfdf2a8: extract_entropy account returned: 0 
[    0.304905] random 0000 0000 0000 5f8db4e5 4cfdf2a8: urand_change_num 5 xfer_secondary_pool(4): pool_sig fffffb64, data_sig 00000000, bytes_mixed 0 5f8db4e5 4cfdf2a8
[    0.304908] random 0000 0000 0000 5f8db4e5 4cfdf2a8: trying to extract 32 bits from nonblocking
[    0.304910] random 0000 0000 0000 5f8db4e5 4cfdf2a8: debiting 32 entropy credits from nonblocking (unlimited)
[    0.304912] random 0000 0000 0000 5f8db4e5 4cfdf2a8: extract_entropy account returned: 4 
[    0.304917] random 0000 0000 0000 5f8db4e5 4cfdf2a8: urand_change_num 6 extract_buf: pool_sig fffffb64, data_sig 00000241, bytes_mixed 20 5f8db4e5 4cfdf2a8
[    0.304927] IP route cache hash table entries: 32768 (order: 5, 131072 bytes)
[    0.305055] RANDOM - __random32 called. Change num 8.  Value: 3d01e034	ca905be7	d4484227
[    0.305057] RANDOM - random32 called.  Value: 3d01e034	ca905be7	d4484227
[    0.305068] RANDOM - __random32 called. Change num 9.  Value: 1e034020	a905be70	844ec14a
[    0.305070] RANDOM - random32 called.  Value: 1e034020	a905be70	844ec14a
[    0.305071] RANDOM - __random32 called. Change num 10.  Value: 34020ec0	905be706	8294c719
[    0.305073] RANDOM - random32 called.  Value: 34020ec0	905be706	8294c719
[    0.305084] RANDOM - __random32 called. Change num 11.  Value: 20ec0ebb	5be7068	8e32c65f
[    0.305085] RANDOM - random32 called.  Value: 20ec0ebb	5be7068	8e32c65f
[    0.305095] TCP established hash table entries: 131072 (order: 8, 1048576 bytes)
[    0.305577] TCP bind hash table entries: 65536 (order: 6, 262144 bytes)
[    0.305754] TCP: Hash tables configured (established 131072 bind 65536)
[    0.305838] TCP reno registered
[    0.305937] NET: Registered protocol family 1
[    0.306042] RPC: Registered udp transport module.
[    0.306130] RPC: Registered tcp transport module.
[    0.306214] RPC: Registered tcp NFSv4.1 backchannel transport module.
[    0.306305] pci 0000:00:02.0: Boot video device
[    0.306519] Simple Boot Flag at 0x35 set to 0x1
[    0.307098] highmem bounce pool size: 64 pages
[    0.308588] VFS: Disk quotas dquot_6.5.2
[    0.308706] Dquot-cache hash table entries: 1024 (order 0, 4096 bytes)
[    0.309440] NTFS driver 2.1.29 [Flags: R/W].
[    0.309598] ROMFS MTD (C) 2007 Red Hat, Inc.
[    0.309806] JFS: nTxBlock = 7695, nTxLock = 61562
[    0.312238] SGI XFS with ACLs, security attributes, large block/inode numbers, no debug enabled
[    0.312709] SGI XFS Quota Management subsystem
[    0.313044] Slow work thread pool: Starting up
[    0.313135] Slow work thread pool: Ready
[    0.313224] GFS2 (built May 24 2013 02:47:17) installed
[    0.313311] msgmni has been set to 1734
[    0.313466] alg: No test for cipher_null (cipher_null-generic)
[    0.313573] alg: No test for ecb(cipher_null) (ecb-cipher_null)
[    0.313676] alg: No test for digest_null (digest_null-generic)
[    0.313766] alg: No test for compress_null (compress_null-generic)
[    0.314305] alg: No test for fcrypt (fcrypt-generic)
[    0.315711] alg: No test for stdrng (krng)
[    0.315798] async_tx: api initialized (async)
[    0.315956] Block layer SCSI generic (bsg) driver version 0.4 loaded (major 254)
[    0.316072] io scheduler noop registered
[    0.316153] io scheduler anticipatory registered
[    0.316231] io scheduler deadline registered
[    0.316353] io scheduler cfq registered (default)
[    0.316575] pcieport 0000:00:1c.0: irq 24 for MSI/MSI-X
[    0.316591] pcieport 0000:00:1c.0: setting latency timer to 64
[    0.316777] pcieport 0000:00:1c.1: irq 25 for MSI/MSI-X
[    0.316786] pcieport 0000:00:1c.1: setting latency timer to 64
[    0.316985] pcieport 0000:00:1c.2: irq 26 for MSI/MSI-X
[    0.316996] pcieport 0000:00:1c.2: setting latency timer to 64
[    0.317178] pcieport 0000:00:1c.3: irq 27 for MSI/MSI-X
[    0.317189] pcieport 0000:00:1c.3: setting latency timer to 64
[    0.317373] pcieport 0000:00:1c.4: irq 28 for MSI/MSI-X
[    0.317382] pcieport 0000:00:1c.4: setting latency timer to 64
[    0.317530] pci_hotplug: PCI Hot Plug PCI Core version: 0.5
[    0.317718] isapnp: Scanning for PnP cards...
[    0.678254] isapnp: No Plug & Play device found
[    0.678343] random 0000 0000 0000 5f8db4e5 4cfdf2a8: initializing
[    0.678345] RANDOM init_std_data for input now value: 1370026266678345309
[    0.678346] RANDOM init_std_data for blocking now value: 1370026266678347304
[    0.678348] RANDOM init_std_data for nonblocking now value: 1370026266678349038
[    0.697915] Serial: 8250/16550 driver, 4 ports, IRQ sharing enabled
[    3.708343] floppy0: no floppy controllers found
[    3.709285] brd: module loaded
[    3.709787] loop: module loaded
[    3.709868] Compaq SMART2 Driver (v 2.6.0)
[    3.709983] HP CISS Driver (v 3.6.20)
[    3.710221] input: Macintosh mouse button emulation as /devices/virtual/input/input0
[    3.710355] Uniform Multi-Platform E-IDE driver
[    3.710570] piix 0000:00:1f.1: IDE controller (0x8086:0x2850 rev 0x03)
[    3.710669] pci 0000:00:1f.1: PCI INT C -> GSI 16 (level, low) -> IRQ 16
[    3.710763] piix 0000:00:1f.1: IDE port disabled
[    3.710850] piix 0000:00:1f.1: not 100% native mode: will probe irqs later
[    3.710946]     ide0: BM-DMA at 0x1c00-0x1c07
[    3.711034] Probing IDE interface ide0...
[    4.382460] hda: HL-DT-ST DVDRAM GSA-U10N, ATAPI CD/DVD-ROM drive
[    4.689223] hda: host max PIO4 wanted PIO255(auto-tune) selected PIO4
[    4.689991] hda: UDMA/33 mode selected
[    4.690463] ide0 at 0x1f0-0x1f7,0x3f6 on irq 14
[    4.694337] ide-gd driver 1.18
[    4.694432] ide-cd driver 5.00
[    4.695817] random 0000 0000 0000 00000000 00000000: add_disk_randomness(0:0) 00000000 00000000
[    4.695821] random 0000 0000 0000 00000000 00000000: add_timer_randomness(.. 256) with jiffies: 17517072018505956984, cycles: -929672059498266615
[    4.695824] random 0000 0000 0000 00000000 00000000: added 11 entropy credits to input
[    4.695828] ide-cd: hda: ATAPI 24X DVD-ROM DVD-R/RAM CD-R/RW drive, 2048kB Cache
[    4.696241] Uniform CD-ROM driver Revision: 3.20
[    4.699106] random 0011 0000 0000 00000000 00000000: add_disk_randomness(0:0) 00000000 00000000
[    4.699109] random 0011 0000 0000 00000000 00000000: add_timer_randomness(.. 256) with jiffies: 17546660580784045691, cycles: -900083497220177911
[    4.699111] random 0011 0000 0000 00000000 00000000: added 1 entropy credits to input
[    4.699114] random 0012 0000 0000 00000000 00000000: add_disk_randomness(0:0) 00000000 00000000
[    4.699117] random 0012 0000 0000 00000000 00000000: add_timer_randomness(.. 256) with jiffies: 17546737155755966075, cycles: -900006922248257527
[    4.701103] random 0012 0000 0000 00000000 00000000: add_disk_randomness(0:0) 00000000 00000000
[    4.701106] random 0012 0000 0000 00000000 00000000: add_timer_randomness(.. 256) with jiffies: 17564634907248655997, cycles: -882109170755567607
[    4.701109] random 0012 0000 0000 00000000 00000000: added 1 entropy credits to input
[    4.701112] random 0013 0000 0000 00000000 00000000: add_disk_randomness(0:0) 00000000 00000000
[    4.701115] random 0013 0000 0000 00000000 00000000: add_timer_randomness(.. 256) with jiffies: 17564710447133458045, cycles: -882033630870765559
[    4.703104] random 0013 0000 0000 00000000 00000000: add_disk_randomness(0:0) 00000000 00000000
[    4.703107] random 0013 0000 0000 00000000 00000000: add_timer_randomness(.. 256) with jiffies: 17582635213970439807, cycles: -864108864033783799
[    4.703109] random 0013 0000 0000 00000000 00000000: added 1 entropy credits to input
[    4.703112] random 0014 0000 0000 00000000 00000000: add_disk_randomness(0:0) 00000000 00000000
[    4.703115] random 0014 0000 0000 00000000 00000000: add_timer_randomness(.. 256) with jiffies: 17582709937811455615, cycles: -864034140192767991
[    4.703391] Loading iSCSI transport class v2.0-870.
[    4.703676] rdac: device handler registered
[    4.703758] hp_sw: device handler registered
[    4.703837] emc: device handler registered
[    4.703915] alua: device handler registered
[    4.704890] Adaptec aacraid driver 1.1-5[2461]-ms
[    4.705314] scsi: <fdomain> Detection failed (no card)
[    4.705408] sym53c416.c: Version 1.0.0-ac
[    4.705512] qlogicfas: no cards were found, please specify I/O address and IRQ using iobase= and irq= options
[    4.705625] QLogic Fibre Channel HBA Driver: 8.03.01-k6
[    4.705852] iscsi: registered transport (qla4xxx)
[    4.705953] QLogic iSCSI HBA Driver
[    4.706036] Emulex LightPulse Fibre Channel SCSI driver 8.3.4
[    4.706126] Copyright(c) 2004-2009 Emulex.  All rights reserved.
[    4.728203] Failed initialization of WD-7000 SCSI card!
[    4.817940] DC390: clustering now enabled by default. If you get problems load
[    4.818061]        with "disable_clustering=1" and report to maintainers
[    4.818188] megaraid cmm: 2.20.2.7 (Release Date: Sun Jul 16 00:01:03 EST 2006)
[    4.818339] megaraid: 2.20.5.1 (Release Date: Thu Nov 16 15:32:35 EST 2006)
[    4.818448] megasas: 00.00.04.01 Thu July 24 11:41:51 PST 2008
[    4.818578] GDT-HA: Storage RAID Controller Driver. Version: 3.05
[    4.818715] 3ware Storage Controller device driver for Linux v1.26.02.002.
[    4.818816] 3ware 9000 Storage Controller device driver for Linux v2.26.02.012.
[    4.818957] nsp32: loading...
[    4.819057] ipr: IBM Power RAID SCSI Device Driver version: 2.4.3 (June 10, 2009)
[    4.819201] RocketRAID 3xxx/4xxx Controller driver v1.6 (090910)
[    4.819301] stex: Promise SuperTrak EX Driver version: 4.6.0000.3
[    4.819431] st: Version 20081215, fixed bufsize 32768, s/g segs 256
[    4.819614] ahci 0000:00:1f.2: version 3.0
[    4.819627] ahci 0000:00:1f.2: PCI INT B -> GSI 16 (level, low) -> IRQ 16
[    4.819746] ahci 0000:00:1f.2: irq 29 for MSI/MSI-X
[    4.819810] ahci 0000:00:1f.2: AHCI 0001.0100 32 slots 3 ports 1.5 Gbps 0x5 impl SATA mode
[    4.819924] ahci 0000:00:1f.2: flags: 64bit ncq sntf pm led clo pio slum part ccc 
[    4.820049] ahci 0000:00:1f.2: setting latency timer to 64
[    4.820204] scsi2 : ahci
[    4.820351] scsi3 : ahci
[    4.820486] scsi4 : ahci
[    4.820647] ata1: SATA max UDMA/133 abar m2048@0xfe226000 port 0xfe226100 irq 29
[    4.820762] ata2: DUMMY
[    4.820853] ata3: SATA max UDMA/133 abar m2048@0xfe226000 port 0xfe226200 irq 29
[    4.821456] I2O subsystem v1.325
[    4.821540] i2o: max drivers = 8
[    4.821677] I2O Configuration OSM v1.323
[    4.821770] I2O Bus Adapter OSM v1.317
[    4.821864] I2O Block Device OSM v1.325
[    4.822008] I2O SCSI Peripheral OSM v1.316
[    4.822102] I2O ProcFS OSM v1.316
[    4.822251] Fusion MPT base driver 3.04.12
[    4.822336] Copyright (c) 1999-2008 LSI Corporation
[    4.822417] Fusion MPT SPI Host driver 3.04.12
[    4.822518] Fusion MPT FC Host driver 3.04.12
[    4.822624] Fusion MPT SAS Host driver 3.04.12
[    4.822775] ohci1394 0000:15:00.1: PCI INT B -> GSI 17 (level, low) -> IRQ 17
[    4.822869] ohci1394 0000:15:00.1: setting latency timer to 64
[    4.876205] ohci1394: fw-host0: OHCI-1394 1.1 (PCI): IRQ=[17]  MMIO=[f8301000-f83017ff]  Max Packet=[2048]  IR/IT contexts=[4/4]
[    4.878456] ehci_hcd: USB 2.0 'Enhanced' Host Controller (EHCI) Driver
[    4.878728] ehci_hcd 0000:00:1a.7: power state changed by ACPI to D0
[    4.878970] ehci_hcd 0000:00:1a.7: power state changed by ACPI to D0
[    4.879060] ehci_hcd 0000:00:1a.7: PCI INT C -> GSI 22 (level, low) -> IRQ 22
[    4.879154] ehci_hcd 0000:00:1a.7: setting latency timer to 64
[    4.879163] ehci_hcd 0000:00:1a.7: EHCI Host Controller
[    4.879290] ehci_hcd 0000:00:1a.7: new USB bus registered, assigned bus number 1
[    4.883330] ehci_hcd 0000:00:1a.7: cache line size of 32 is not supported
[    4.883337] ehci_hcd 0000:00:1a.7: irq 22, io mem 0xfe226c00
[    4.893162] ehci_hcd 0000:00:1a.7: USB 2.0 started, EHCI 1.00
[    4.893257] usb usb1: New USB device found, idVendor=1d6b, idProduct=0002
[    4.893340] usb usb1: New USB device strings: Mfr=3, Product=2, SerialNumber=1
[    4.893451] usb usb1: Product: EHCI Host Controller
[    4.893533] usb usb1: Manufacturer: Linux 2.6.32.57 ehci_hcd
[    4.893613] usb usb1: SerialNumber: 0000:00:1a.7
[    4.893754] usb usb1: configuration #1 chosen from 1 choice
[    4.893868] hub 1-0:1.0: USB hub found
[    4.893950] hub 1-0:1.0: 4 ports detected
[    4.894243] ehci_hcd 0000:00:1d.7: power state changed by ACPI to D0
[    4.894484] ehci_hcd 0000:00:1d.7: power state changed by ACPI to D0
[    4.894573] ehci_hcd 0000:00:1d.7: PCI INT D -> GSI 19 (level, low) -> IRQ 19
[    4.894674] ehci_hcd 0000:00:1d.7: setting latency timer to 64
[    4.894676] ehci_hcd 0000:00:1d.7: EHCI Host Controller
[    4.894803] ehci_hcd 0000:00:1d.7: new USB bus registered, assigned bus number 2
[    4.894947] ehci_hcd 0000:00:1d.7: debug port 1
[    4.898918] ehci_hcd 0000:00:1d.7: cache line size of 32 is not supported
[    4.898925] ehci_hcd 0000:00:1d.7: irq 19, io mem 0xfe227000
[    4.909160] ehci_hcd 0000:00:1d.7: USB 2.0 started, EHCI 1.00
[    4.909248] usb usb2: New USB device found, idVendor=1d6b, idProduct=0002
[    4.909340] usb usb2: New USB device strings: Mfr=3, Product=2, SerialNumber=1
[    4.909452] usb usb2: Product: EHCI Host Controller
[    4.909539] usb usb2: Manufacturer: Linux 2.6.32.57 ehci_hcd
[    4.909629] usb usb2: SerialNumber: 0000:00:1d.7
[    4.909762] usb usb2: configuration #1 chosen from 1 choice
[    4.909879] hub 2-0:1.0: USB hub found
[    4.909960] hub 2-0:1.0: 6 ports detected
[    4.910131] 116x: driver isp116x-hcd, 03 Nov 2005
[    4.910238] ohci_hcd: USB 1.1 'Open' Host Controller (OHCI) Driver
[    4.910357] uhci_hcd: USB Universal Host Controller Interface driver
[    4.910468] uhci_hcd 0000:00:1a.0: PCI INT A -> GSI 20 (level, low) -> IRQ 20
[    4.910563] uhci_hcd 0000:00:1a.0: setting latency timer to 64
[    4.910568] uhci_hcd 0000:00:1a.0: UHCI Host Controller
[    4.910694] uhci_hcd 0000:00:1a.0: new USB bus registered, assigned bus number 3
[    4.910846] uhci_hcd 0000:00:1a.0: irq 20, io base 0x00001860
[    4.910964] usb usb3: New USB device found, idVendor=1d6b, idProduct=0001
[    4.911046] usb usb3: New USB device strings: Mfr=3, Product=2, SerialNumber=1
[    4.911171] usb usb3: Product: UHCI Host Controller
[    4.911255] usb usb3: Manufacturer: Linux 2.6.32.57 uhci_hcd
[    4.911336] usb usb3: SerialNumber: 0000:00:1a.0
[    4.911464] usb usb3: configuration #1 chosen from 1 choice
[    4.911577] hub 3-0:1.0: USB hub found
[    4.911660] hub 3-0:1.0: 2 ports detected
[    4.911942] uhci_hcd 0000:00:1a.1: power state changed by ACPI to D0
[    4.912219] uhci_hcd 0000:00:1a.1: power state changed by ACPI to D0
[    4.912304] uhci_hcd 0000:00:1a.1: PCI INT B -> GSI 21 (level, low) -> IRQ 21
[    4.912397] uhci_hcd 0000:00:1a.1: setting latency timer to 64
[    4.912402] uhci_hcd 0000:00:1a.1: UHCI Host Controller
[    4.912518] uhci_hcd 0000:00:1a.1: new USB bus registered, assigned bus number 4
[    4.912664] uhci_hcd 0000:00:1a.1: irq 21, io base 0x00001880
[    4.912776] usb usb4: New USB device found, idVendor=1d6b, idProduct=0001
[    4.912858] usb usb4: New USB device strings: Mfr=3, Product=2, SerialNumber=1
[    4.912970] usb usb4: Product: UHCI Host Controller
[    4.913059] usb usb4: Manufacturer: Linux 2.6.32.57 uhci_hcd
[    4.913144] usb usb4: SerialNumber: 0000:00:1a.1
[    4.913279] usb usb4: configuration #1 chosen from 1 choice
[    4.913388] hub 4-0:1.0: USB hub found
[    4.913481] hub 4-0:1.0: 2 ports detected
[    4.913758] uhci_hcd 0000:00:1d.0: power state changed by ACPI to D0
[    4.913996] uhci_hcd 0000:00:1d.0: power state changed by ACPI to D0
[    4.914088] uhci_hcd 0000:00:1d.0: PCI INT A -> GSI 16 (level, low) -> IRQ 16
[    4.914182] uhci_hcd 0000:00:1d.0: setting latency timer to 64
[    4.914187] uhci_hcd 0000:00:1d.0: UHCI Host Controller
[    4.914307] uhci_hcd 0000:00:1d.0: new USB bus registered, assigned bus number 5
[    4.914454] uhci_hcd 0000:00:1d.0: irq 16, io base 0x000018a0
[    4.914560] usb usb5: New USB device found, idVendor=1d6b, idProduct=0001
[    4.914646] usb usb5: New USB device strings: Mfr=3, Product=2, SerialNumber=1
[    4.914757] usb usb5: Product: UHCI Host Controller
[    4.914844] usb usb5: Manufacturer: Linux 2.6.32.57 uhci_hcd
[    4.914924] usb usb5: SerialNumber: 0000:00:1d.0
[    4.915065] usb usb5: configuration #1 chosen from 1 choice
[    4.915190] hub 5-0:1.0: USB hub found
[    4.915276] hub 5-0:1.0: 2 ports detected
[    4.915411] uhci_hcd 0000:00:1d.1: PCI INT B -> GSI 17 (level, low) -> IRQ 17
[    4.915503] uhci_hcd 0000:00:1d.1: setting latency timer to 64
[    4.915507] uhci_hcd 0000:00:1d.1: UHCI Host Controller
[    4.915625] uhci_hcd 0000:00:1d.1: new USB bus registered, assigned bus number 6
[    4.915766] uhci_hcd 0000:00:1d.1: irq 17, io base 0x000018c0
[    4.915874] usb usb6: New USB device found, idVendor=1d6b, idProduct=0001
[    4.915963] usb usb6: New USB device strings: Mfr=3, Product=2, SerialNumber=1
[    4.916075] usb usb6: Product: UHCI Host Controller
[    4.916170] usb usb6: Manufacturer: Linux 2.6.32.57 uhci_hcd
[    4.916251] usb usb6: SerialNumber: 0000:00:1d.1
[    4.916384] usb usb6: configuration #1 chosen from 1 choice
[    4.916492] hub 6-0:1.0: USB hub found
[    4.916585] hub 6-0:1.0: 2 ports detected
[    4.916872] uhci_hcd 0000:00:1d.2: power state changed by ACPI to D0
[    4.917128] uhci_hcd 0000:00:1d.2: power state changed by ACPI to D0
[    4.917236] uhci_hcd 0000:00:1d.2: PCI INT C -> GSI 18 (level, low) -> IRQ 18
[    4.917329] uhci_hcd 0000:00:1d.2: setting latency timer to 64
[    4.917334] uhci_hcd 0000:00:1d.2: UHCI Host Controller
[    4.917456] uhci_hcd 0000:00:1d.2: new USB bus registered, assigned bus number 7
[    4.917609] uhci_hcd 0000:00:1d.2: irq 18, io base 0x000018e0
[    4.917713] usb usb7: New USB device found, idVendor=1d6b, idProduct=0001
[    4.917796] usb usb7: New USB device strings: Mfr=3, Product=2, SerialNumber=1
[    4.917915] usb usb7: Product: UHCI Host Controller
[    4.917996] usb usb7: Manufacturer: Linux 2.6.32.57 uhci_hcd
[    4.918075] usb usb7: SerialNumber: 0000:00:1d.2
[    4.918868] usb usb7: configuration #1 chosen from 1 choice
[    4.918986] hub 7-0:1.0: USB hub found
[    4.919067] hub 7-0:1.0: 2 ports detected
[    4.919223] sl811: driver sl811-hcd, 19 May 2005
[    4.919329] r8a66597_hcd: driver r8a66597_hcd, 2009-05-26
[    4.919490] Initializing USB Mass Storage driver...
[    4.919610] usbcore: registered new interface driver usb-storage
[    4.919694] USB Mass Storage support registered.
[    4.919792] usbcore: registered new interface driver ums-alauda
[    4.919910] usbcore: registered new interface driver ums-cypress
[    4.920008] usbcore: registered new interface driver ums-datafab
[    4.920107] usbcore: registered new interface driver ums-freecom
[    4.920212] usbcore: registered new interface driver ums-isd200
[    4.920314] usbcore: registered new interface driver ums-jumpshot
[    4.920419] usbcore: registered new interface driver ums-karma
[    4.920523] usbcore: registered new interface driver ums-onetouch
[    4.920625] usbcore: registered new interface driver ums-sddr09
[    4.920731] usbcore: registered new interface driver ums-sddr55
[    4.920833] usbcore: registered new interface driver ums-usbat
[    4.920969] PNP: PS/2 Controller [PNP0303:KBD,PNP0f13:MOU] at 0x60,0x64 irq 1,12
[    4.929627] serio: i8042 KBD port at 0x60,0x64 irq 1
[    4.929716] serio: i8042 AUX port at 0x60,0x64 irq 12
[    4.929950] mice: PS/2 mouse device common for all mice
[    4.930054] i2c /dev entries driver
[    4.930196] md: linear personality registered for level -1
[    4.930280] md: raid0 personality registered for level 0
[    4.930362] md: raid1 personality registered for level 1
[    4.930453] md: raid10 personality registered for level 10
[    4.930535] md: raid6 personality registered for level 6
[    4.930615] md: raid5 personality registered for level 5
[    4.930701] md: raid4 personality registered for level 4
[    4.930781] md: multipath personality registered for level -4
[    4.930984] device-mapper: ioctl: 4.15.0-ioctl (2009-04-01) initialised: dm-devel@redhat.com
[    4.931189] cpuidle: using governor ladder
[    4.931779] usbcore: registered new interface driver usbhid
[    4.931866] usbhid: v2.6:USB HID core driver
[    4.932019] random 0014 0000 0000 00000000 00000000: rand_read_num 4 get_random_bytes(136): sig 00000000 00000000 00000000
[    4.932022] random 0014 0000 0000 00000000 00000000: extract_entropy(.. 136 ..)
[    4.932025] random 0014 0000 0000 00000000 00000000: going to reseed nonblocking with 1024 bits (1088 of 0 requested)
[    4.932027] random 0014 0000 0000 00000000 00000000: extract_entropy(.. 128 ..)
[    4.932029] random 0014 0000 0000 00000000 00000000: trying to extract 1024 bits from input
[    4.932032] random 0014 0000 0000 00000000 00000000: debiting 0 entropy credits from input
[    4.932034] random 0014 0000 0000 00000000 00000000: extract_entropy account returned: 0 
[    4.932037] random 0014 0000 0000 00000000 00000000: urand_change_num 7 xfer_secondary_pool(136): pool_sig 00000000, data_sig 00000000, bytes_mixed 0 00000000 00000000
[    4.932040] random 0014 0000 0000 00000000 00000000: trying to extract 1088 bits from nonblocking
[    4.932043] random 0014 0000 0000 00000000 00000000: debiting 1088 entropy credits from nonblocking (unlimited)
[    4.932045] random 0014 0000 0000 00000000 00000000: extract_entropy account returned: 136 
[    4.932049] random 0014 0000 0000 00000000 00000000: urand_change_num 8 extract_buf: pool_sig 00000000, data_sig fffffff9, bytes_mixed 20 00000000 00000000
[    4.932055] random 0014 0000 0000 b7c35b56 be4dc95d: urand_change_num 9 extract_buf: pool_sig fffffd1e, data_sig 000000c5, bytes_mixed 20 b7c35b56 be4dc95d
[    4.932060] random 0014 0000 0000 ed9f5c47 c48487fb: urand_change_num 10 extract_buf: pool_sig fffff8ec, data_sig ffffff68, bytes_mixed 20 ed9f5c47 c48487fb
[    4.932065] random 0014 0000 0000 ed9f5c47 c48487fb: urand_change_num 11 extract_buf: pool_sig fffffaed, data_sig 000001aa, bytes_mixed 20 ed9f5c47 c48487fb
[    4.932071] random 0014 0000 0000 1b4f7c0a 91bd6a48: urand_change_num 12 extract_buf: pool_sig fffffdd8, data_sig 00000064, bytes_mixed 20 1b4f7c0a 91bd6a48
[    4.932076] random 0014 0000 0000 a254b9bc 20e9a24f: urand_change_num 13 extract_buf: pool_sig fffffbe6, data_sig 000001dd, bytes_mixed 20 a254b9bc 20e9a24f
[    4.932081] random 0014 0000 0000 a254b9bc 20e9a24f: urand_change_num 14 extract_buf: pool_sig fffff940, data_sig fffffe20, bytes_mixed 20 a254b9bc 20e9a24f
[    4.932086] random 0014 0000 0000 2831a66b 5fa2a3ad: urand_change_num 15 extract_buf: pool_sig fffffbce, data_sig 0000007e, bytes_mixed 20 2831a66b 5fa2a3ad
[    4.932092] random 0014 0000 0000 2831a66b 5fa2a3ad: urand_change_num 16 extract_buf: pool_sig 000004df, data_sig fffffe8f, bytes_mixed 20 2831a66b 5fa2a3ad
[    4.932097] random 0014 0000 0000 d4512bfd c9a54e0b: urand_change_num 17 extract_buf: pool_sig 00000485, data_sig fffffe68, bytes_mixed 20 d4512bfd c9a54e0b
[    4.932102] random 0014 0000 0000 c7371be6 f9ffea11: urand_change_num 18 extract_buf: pool_sig 00000095, data_sig ffffffed, bytes_mixed 20 c7371be6 f9ffea11
[    4.932107] random 0014 0000 0000 c7371be6 f9ffea11: urand_change_num 19 extract_buf: pool_sig 000003a7, data_sig fffffefa, bytes_mixed 20 c7371be6 f9ffea11
[    4.932112] random 0014 0000 0000 8fb4b62c d1ddba54: urand_change_num 20 extract_buf: pool_sig 00000179, data_sig ffffff78, bytes_mixed 20 8fb4b62c d1ddba54
[    4.932118] random 0014 0000 0000 9ff19f9c c07a1d2a: urand_change_num 21 extract_buf: pool_sig fffffe88, data_sig 00000126, bytes_mixed 20 9ff19f9c c07a1d2a
[    4.932122] TCP cubic registered
[    4.932211] Initializing XFRM netlink socket
[    4.932306] NET: Registered protocol family 17
[    4.932398] Using IPI Shortcut mode
[    4.932488] random 0014 0000 0000 9ff19f9c c07a1d2a: rand_read_num 5 get_random_bytes(8): sig 0000031b 9ff19f9c c07a1d2a
[    4.932491] random 0014 0000 0000 9ff19f9c c07a1d2a: extract_entropy(.. 8 ..)
[    4.932493] random 0014 0000 0000 9ff19f9c c07a1d2a: going to reseed nonblocking with 64 bits (64 of 0 requested)
[    4.932495] random 0014 0000 0000 9ff19f9c c07a1d2a: extract_entropy(.. 8 ..)
[    4.932497] random 0014 0000 0000 9ff19f9c c07a1d2a: trying to extract 64 bits from input
[    4.932500] random 0014 0000 0000 9ff19f9c c07a1d2a: debiting 0 entropy credits from input
[    4.932501] random 0014 0000 0000 9ff19f9c c07a1d2a: extract_entropy account returned: 0 
[    4.932505] random 0014 0000 0000 9ff19f9c c07a1d2a: urand_change_num 22 xfer_secondary_pool(8): pool_sig 0000031b, data_sig 00000000, bytes_mixed 0 9ff19f9c c07a1d2a
[    4.932508] random 0014 0000 0000 9ff19f9c c07a1d2a: trying to extract 64 bits from nonblocking
[    4.932510] random 0014 0000 0000 9ff19f9c c07a1d2a: debiting 64 entropy credits from nonblocking (unlimited)
[    4.932512] random 0014 0000 0000 9ff19f9c c07a1d2a: extract_entropy account returned: 8 
[    4.932516] random 0014 0000 0000 9ff19f9c c07a1d2a: urand_change_num 23 extract_buf: pool_sig 0000031b, data_sig ffffffb3, bytes_mixed 20 9ff19f9c c07a1d2a
[    4.934778] input: AT Translated Set 2 keyboard as /devices/platform/i8042/serio0/input/input1
[    5.126142] ata1: SATA link up 1.5 Gbps (SStatus 113 SControl 300)
[    5.126242] ata3: SATA link down (SStatus 0 SControl 300)
[    5.128478] ata1.00: ACPI cmd ef/02:00:00:00:00:a0 (SET FEATURES) succeeded
[    5.128480] ata1.00: ACPI cmd f5/00:00:00:00:00:a0 (SECURITY FREEZE LOCK) filtered out
[    5.129872] ata1.00: ACPI cmd ef/5f:00:00:00:00:a0 (SET FEATURES) succeeded
[    5.129874] ata1.00: ACPI cmd ef/10:03:00:00:00:a0 (SET FEATURES) filtered out
[    5.131783] ata1.00: ATA-7: ST910021AS, 4.06, max UDMA/100
[    5.131867] ata1.00: 195371568 sectors, multi 16: LBA48 
[    5.134022] ata1.00: ACPI cmd ef/02:00:00:00:00:a0 (SET FEATURES) succeeded
[    5.134025] ata1.00: ACPI cmd f5/00:00:00:00:00:a0 (SECURITY FREEZE LOCK) filtered out
[    5.135414] ata1.00: ACPI cmd ef/5f:00:00:00:00:a0 (SET FEATURES) succeeded
[    5.135416] ata1.00: ACPI cmd ef/10:03:00:00:00:a0 (SET FEATURES) filtered out
[    5.137342] ata1.00: configured for UDMA/100
[    5.148188] scsi 2:0:0:0: Direct-Access     ATA      ST910021AS       4.06 PQ: 0 ANSI: 5
[    5.148466] sd 2:0:0:0: [sda] 195371568 512-byte logical blocks: (100 GB/93.1 GiB)
[    5.148600] sd 2:0:0:0: [sda] Write Protect is off
[    5.148683] sd 2:0:0:0: [sda] Mode Sense: 00 3a 00 00
[    5.148695] sd 2:0:0:0: [sda] Write cache: enabled, read cache: enabled, doesn't support DPO or FUA
[    5.148884]  sda:
[    5.580475] random 0014 0000 0000 277f73c3 42024bb9: add_disk_randomness(8:0) 277f73c3 42024bb9
[    5.580557] random 0014 0000 0000 277f73c3 42024bb9: add_timer_randomness(.. 8388864) with jiffies: 7030926961802969493, cycles: 7030926957508296714
[    5.580560] random 0014 0000 0000 277f73c3 42024bb9: added 11 entropy credits to input
[    5.580564]  sda1 sda2
[    5.581047] random 0025 0000 0000 277f73c3 42024bb9: add_disk_randomness(8:0) 277f73c3 42024bb9
[    5.581053] random 0025 0000 0000 277f73c3 42024bb9: add_timer_randomness(.. 8388864) with jiffies: 7035380078384742805, cycles: 7035380074090070026
[    5.581207] sd 2:0:0:0: [sda] Attached SCSI disk
[    5.581289] random 0025 0000 0000 277f73c3 42024bb9: rand_read_num 6 get_random_bytes(12): sig 000007e9 277f73c3 42024bb9
[    5.581292] random 0025 0000 0000 277f73c3 42024bb9: extract_entropy(.. 12 ..)
[    5.581294] random 0025 0000 0000 277f73c3 42024bb9: going to reseed nonblocking with 96 bits (96 of 0 requested)
[    5.581297] random 0025 0000 0000 277f73c3 42024bb9: extract_entropy(.. 12 ..)
[    5.581299] random 0025 0000 0000 277f73c3 42024bb9: trying to extract 96 bits from input
[    5.581301] random 0025 0000 0000 277f73c3 42024bb9: debiting 0 entropy credits from input
[    5.581303] random 0025 0000 0000 277f73c3 42024bb9: extract_entropy account returned: 0 
[    5.581306] random 0025 0000 0000 277f73c3 42024bb9: urand_change_num 24 xfer_secondary_pool(12): pool_sig 000007e9, data_sig 00000000, bytes_mixed 0 277f73c3 42024bb9
[    5.581309] random 0025 0000 0000 277f73c3 42024bb9: trying to extract 96 bits from nonblocking
[    5.581312] random 0025 0000 0000 277f73c3 42024bb9: debiting 96 entropy credits from nonblocking (unlimited)
[    5.581314] random 0025 0000 0000 277f73c3 42024bb9: extract_entropy account returned: 12 
[    5.581318] random 0025 0000 0000 277f73c3 42024bb9: urand_change_num 25 extract_buf: pool_sig 000007e9, data_sig 00000088, bytes_mixed 20 277f73c3 42024bb9
[    5.581323] random 0025 0000 0000 277f73c3 42024bb9: urand_change_num 26 extract_buf: pool_sig 00000498, data_sig fffffefb, bytes_mixed 20 277f73c3 42024bb9
[    5.581326] RANDOM - __seed init called.
[    5.581327] RANDOM - __seed init called.
[    5.581328] RANDOM - __seed init called.
[    5.581330] RANDOM - __random32 called. Change num 12.  Value: 87f14767	f0d7351	b1e48bd3
[    5.581332] RANDOM - random32_reseed called.  Value: 87f14767	f0d7351	b1e48bd3
[    5.581334] Pid: 1, comm: swapper Not tainted 2.6.32.57 #6
[    5.581418] Call Trace:
[    5.581500]  [<c1923ca4>] ? random32_reseed+0xa0/0xb1
[    5.581580]  [<c1923c04>] ? random32_reseed+0x0/0xb1
[    5.581667]  [<c100111e>] ? do_one_initcall+0x2e/0x180
[    5.581749]  [<c1907265>] ? kernel_init+0xad/0x103
[    5.581845]  [<c19071b8>] ? kernel_init+0x0/0x103
[    5.581935]  [<c1003787>] ? kernel_thread_helper+0x7/0x10
[    5.582464] random 0025 0000 0000 386b4e60 ee4d4880: rand_read_num 7 get_random_bytes(64): sig fffffea5 386b4e60 ee4d4880
[    5.582466] random 0025 0000 0000 386b4e60 ee4d4880: extract_entropy(.. 64 ..)
[    5.582469] random 0025 0000 0000 386b4e60 ee4d4880: going to reseed nonblocking with 512 bits (512 of 0 requested)
[    5.582471] random 0025 0000 0000 386b4e60 ee4d4880: extract_entropy(.. 64 ..)
[    5.582473] random 0025 0000 0000 386b4e60 ee4d4880: trying to extract 512 bits from input
[    5.582475] random 0025 0000 0000 386b4e60 ee4d4880: debiting 0 entropy credits from input
[    5.582477] random 0025 0000 0000 386b4e60 ee4d4880: extract_entropy account returned: 0 
[    5.582480] random 0025 0000 0000 386b4e60 ee4d4880: urand_change_num 27 xfer_secondary_pool(64): pool_sig fffffea5, data_sig 00000000, bytes_mixed 0 386b4e60 ee4d4880
[    5.582483] random 0025 0000 0000 386b4e60 ee4d4880: trying to extract 512 bits from nonblocking
[    5.582486] random 0025 0000 0000 386b4e60 ee4d4880: debiting 512 entropy credits from nonblocking (unlimited)
[    5.582488] random 0025 0000 0000 386b4e60 ee4d4880: extract_entropy account returned: 64 
[    5.582492] random 0025 0000 0000 386b4e60 ee4d4880: urand_change_num 28 extract_buf: pool_sig fffffea5, data_sig 00000173, bytes_mixed 20 386b4e60 ee4d4880
[    5.582498] random 0025 0000 0000 412698f6 0cc8689a: urand_change_num 29 extract_buf: pool_sig 00000122, data_sig ffffff63, bytes_mixed 20 412698f6 0cc8689a
[    5.582503] random 0025 0000 0000 412698f6 0cc8689a: urand_change_num 30 extract_buf: pool_sig 000001f7, data_sig 00000012, bytes_mixed 20 412698f6 0cc8689a
[    5.582508] random 0025 0000 0000 9669941e 06f768b1: urand_change_num 31 extract_buf: pool_sig fffffb5b, data_sig 0000003f, bytes_mixed 20 9669941e 06f768b1
[    5.582514] random 0025 0000 0000 98486520 995551f0: urand_change_num 32 extract_buf: pool_sig fffffb39, data_sig 0000000e, bytes_mixed 20 98486520 995551f0
[    5.582519] random 0025 0000 0000 98486520 995551f0: urand_change_num 33 extract_buf: pool_sig fffffd8d, data_sig 000001a6, bytes_mixed 20 98486520 995551f0
[    5.582524] random 0025 0000 0000 61fc8914 d5882ed2: urand_change_num 34 extract_buf: pool_sig fffffa58, data_sig 0000023e, bytes_mixed 20 61fc8914 d5882ed2
[    5.582555] random 0025 0000 0000 61fc8914 d5882ed2: rand_read_num 8 get_random_bytes(64): sig fffff9ee 61fc8914 d5882ed2
[    5.582557] random 0025 0000 0000 61fc8914 d5882ed2: extract_entropy(.. 64 ..)
[    5.582560] random 0025 0000 0000 61fc8914 d5882ed2: going to reseed nonblocking with 512 bits (512 of 0 requested)
[    5.582562] random 0025 0000 0000 61fc8914 d5882ed2: extract_entropy(.. 64 ..)
[    5.582564] random 0025 0000 0000 61fc8914 d5882ed2: trying to extract 512 bits from input
[    5.582566] random 0025 0000 0000 61fc8914 d5882ed2: debiting 0 entropy credits from input
[    5.582568] random 0025 0000 0000 61fc8914 d5882ed2: extract_entropy account returned: 0 
[    5.582571] random 0025 0000 0000 61fc8914 d5882ed2: urand_change_num 35 xfer_secondary_pool(64): pool_sig fffff9ee, data_sig 00000000, bytes_mixed 0 61fc8914 d5882ed2
[    5.582574] random 0025 0000 0000 61fc8914 d5882ed2: trying to extract 512 bits from nonblocking
[    5.582577] random 0025 0000 0000 61fc8914 d5882ed2: debiting 512 entropy credits from nonblocking (unlimited)
[    5.582579] random 0025 0000 0000 61fc8914 d5882ed2: extract_entropy account returned: 64 
[    5.582583] random 0025 0000 0000 61fc8914 d5882ed2: urand_change_num 36 extract_buf: pool_sig fffff9ee, data_sig ffffff85, bytes_mixed 20 61fc8914 d5882ed2
[    5.582588] random 0025 0000 0000 70cfd302 e5edec11: urand_change_num 37 extract_buf: pool_sig fffffdc1, data_sig ffffffde, bytes_mixed 20 70cfd302 e5edec11
[    5.582594] random 0025 0000 0000 00dab838 eafd2b30: urand_change_num 38 extract_buf: pool_sig 000003da, data_sig ffffff61, bytes_mixed 20 00dab838 eafd2b30
[    5.582599] random 0025 0000 0000 00dab838 eafd2b30: urand_change_num 39 extract_buf: pool_sig 00000314, data_sig 00000121, bytes_mixed 20 00dab838 eafd2b30
[    5.582604] random 0025 0000 0000 5fcdf66a 6442b608: urand_change_num 40 extract_buf: pool_sig 0000028b, data_sig fffffefd, bytes_mixed 20 5fcdf66a 6442b608
[    5.582610] random 0025 0000 0000 61333f6b 8fae0f9b: urand_change_num 41 extract_buf: pool_sig 000000cb, data_sig 000000b3, bytes_mixed 20 61333f6b 8fae0f9b
[    5.582615] random 0025 0000 0000 61333f6b 8fae0f9b: urand_change_num 42 extract_buf: pool_sig fffffef8, data_sig 00000051, bytes_mixed 20 61333f6b 8fae0f9b
[    5.582618] BEGIN NET_SECRET:
[    5.582619] \xffffffe0
[    5.582619] \xffffffb6
[    5.582620] \x36
[    5.582621] \xffffffb5
[    5.582622] \xffffff94
[    5.582623] \xffffffb2
[    5.582624] \xffffffa8
[    5.582624] \xffffffda
[    5.582625] \x5b
[    5.582626] \x19
[    5.582627] \x18
[    5.582627] \x5c
[    5.582628] \x2b
[    5.582629] \x1
[    5.582630] \xffffff90
[    5.582630] \x19
[    5.582631] \x3c
[    5.582632] \xfffffff2
[    5.582633] \xffffff82
[    5.582634] \x2a
[    5.582634] \xffffffb3
[    5.582635] \xffffffa2
[    5.582636] \x3f
[    5.582637] \x5
[    5.582637] \x52
[    5.582638] \x77
[    5.582639] \x57
[    5.582640] \x79
[    5.582640] \x16
[    5.582641] \x43
[    5.582642] \xffffff84
[    5.582643] \xffffffc3
[    5.582643] \xffffffe9
[    5.582644] \x79
[    5.582645] \x50
[    5.582646] \xffffff8e
[    5.582646] \x3f
[    5.582647] \xfffffff3
[    5.582648] \x19
[    5.582649] \x2a
[    5.582649] \xfffffffd
[    5.582650] \xfffffffb
[    5.582651] \x62
[    5.582652] \x3c
[    5.582653] \xffffffac
[    5.582653] \x1c
[    5.582654] \x3b
[    5.582655] \x3b
[    5.582655] \x15
[    5.582656] \x27
[    5.582657] \xffffffa8
[    5.582658] \x22
[    5.582658] \xffffffc5
[    5.582659] \xffffff9a
[    5.582660] \x5
[    5.582661] \x6c
[    5.582662] \xffffffa8
[    5.582662] \x3a
[    5.582663] \x44
[    5.582664] \xffffffaf
[    5.582665] \x13
[    5.582666] \xffffffe0
[    5.582666] \xffffff9d
[    5.582667] \x22
[    5.582668] 
[    5.582668] END NET_SECRET
[    5.582671] random 0025 0000 0000 e7f555d9 e8ce5c3c: rand_read_num 9 get_random_bytes(4): sig 0000068c e7f555d9 e8ce5c3c
[    5.582673] random 0025 0000 0000 e7f555d9 e8ce5c3c: extract_entropy(.. 4 ..)
[    5.582676] random 0025 0000 0000 e7f555d9 e8ce5c3c: going to reseed nonblocking with 64 bits (32 of 0 requested)
[    5.582678] random 0025 0000 0000 e7f555d9 e8ce5c3c: extract_entropy(.. 8 ..)
[    5.582680] random 0025 0000 0000 e7f555d9 e8ce5c3c: trying to extract 64 bits from input
[    5.582682] random 0025 0000 0000 e7f555d9 e8ce5c3c: debiting 0 entropy credits from input
[    5.582684] random 0025 0000 0000 e7f555d9 e8ce5c3c: extract_entropy account returned: 0 
[    5.582687] random 0025 0000 0000 e7f555d9 e8ce5c3c: urand_change_num 43 xfer_secondary_pool(4): pool_sig 0000068c, data_sig 00000000, bytes_mixed 0 e7f555d9 e8ce5c3c
[    5.582690] random 0025 0000 0000 e7f555d9 e8ce5c3c: trying to extract 32 bits from nonblocking
[    5.582693] random 0025 0000 0000 e7f555d9 e8ce5c3c: debiting 32 entropy credits from nonblocking (unlimited)
[    5.582695] random 0025 0000 0000 e7f555d9 e8ce5c3c: extract_entropy account returned: 4 
[    5.582699] random 0025 0000 0000 e7f555d9 e8ce5c3c: urand_change_num 44 extract_buf: pool_sig 0000068c, data_sig fffffdcb, bytes_mixed 20 e7f555d9 e8ce5c3c
[    5.582710] md: Waiting for all devices to be available before autodetect
[    5.582793] md: If you don't use raid, use raid=noautodetect
[    5.582948] md: Autodetecting RAID arrays.
[    5.583026] md: Scanned 0 and added 0 devices.
[    5.583117] md: autorun ...
[    5.583200] md: ... autorun DONE.
[    5.596683] random 0025 0000 0000 e7f555d9 e8ce5c3c: add_disk_randomness(8:0) e7f555d9 e8ce5c3c
[    5.596686] random 0025 0000 0000 e7f555d9 e8ce5c3c: add_timer_randomness(.. 8388864) with jiffies: 7176056917506884005, cycles: 7176056913212211210
[    5.596689] random 0025 0000 0000 e7f555d9 e8ce5c3c: added 4 entropy credits to input
[    5.597804] random 0029 0000 0000 e7f555d9 e8ce5c3c: add_disk_randomness(8:0) e7f555d9 e8ce5c3c
[    5.597807] random 0029 0000 0000 e7f555d9 e8ce5c3c: add_timer_randomness(.. 8388864) with jiffies: 7186150292515946918, cycles: 7186150288221274122
[    5.597921] random 0029 0000 0000 e7f555d9 e8ce5c3c: add_disk_randomness(8:0) e7f555d9 e8ce5c3c
[    5.597924] random 0029 0000 0000 e7f555d9 e8ce5c3c: add_timer_randomness(.. 8388864) with jiffies: 7187201777819419046, cycles: 7187201773524746250
[    5.597929] EXT3-fs: sda2: couldn't mount because of unsupported optional features (240).
[    5.598158] random 0029 0000 0000 e7f555d9 e8ce5c3c: add_disk_randomness(8:0) e7f555d9 e8ce5c3c
[    5.598161] random 0029 0000 0000 e7f555d9 e8ce5c3c: add_timer_randomness(.. 8388864) with jiffies: 7189321026352415143, cycles: 7189321022057742346
[    5.598165] EXT2-fs: sda2: couldn't mount because of unsupported optional features (240).
[    5.598382] random 0029 0000 0000 e7f555d9 e8ce5c3c: add_disk_randomness(8:0) e7f555d9 e8ce5c3c
[    5.598385] random 0029 0000 0000 e7f555d9 e8ce5c3c: add_timer_randomness(.. 8388864) with jiffies: 7191344492819743143, cycles: 7191344488525070346
[    5.598518] random 0029 0000 0000 e7f555d9 e8ce5c3c: add_disk_randomness(8:0) e7f555d9 e8ce5c3c
[    5.598521] random 0029 0000 0000 e7f555d9 e8ce5c3c: add_timer_randomness(.. 8388864) with jiffies: 7192566084597940647, cycles: 7192566080303267850
[    5.598681] random 0029 0000 0000 e7f555d9 e8ce5c3c: add_disk_randomness(8:0) e7f555d9 e8ce5c3c
[    5.598684] random 0029 0000 0000 e7f555d9 e8ce5c3c: add_timer_randomness(.. 8388864) with jiffies: 7194036024270094759, cycles: 7194036019975421962
[    5.598795] random 0029 0000 0000 e7f555d9 e8ce5c3c: add_disk_randomness(8:0) e7f555d9 e8ce5c3c
[    5.598798] random 0029 0000 0000 e7f555d9 e8ce5c3c: add_timer_randomness(.. 8388864) with jiffies: 7195065188628529575, cycles: 7195065184333856778
[    5.598916] random 0029 0000 0000 e7f555d9 e8ce5c3c: add_disk_randomness(8:0) e7f555d9 e8ce5c3c
[    5.598919] random 0029 0000 0000 e7f555d9 e8ce5c3c: add_timer_randomness(.. 8388864) with jiffies: 7196150359360504231, cycles: 7196150355065831434
[    5.599072] random 0029 0000 0000 e7f555d9 e8ce5c3c: add_disk_randomness(8:0) e7f555d9 e8ce5c3c
[    5.599075] random 0029 0000 0000 e7f555d9 e8ce5c3c: add_timer_randomness(.. 8388864) with jiffies: 7197544763442823592, cycles: 7197544759148150794
[    5.599190] random 0029 0000 0000 e7f555d9 e8ce5c3c: add_disk_randomness(8:0) e7f555d9 e8ce5c3c
[    5.599193] random 0029 0000 0000 e7f555d9 e8ce5c3c: add_timer_randomness(.. 8388864) with jiffies: 7198613205277180328, cycles: 7198613200982507530
[    5.599310] random 0029 0000 0000 e7f555d9 e8ce5c3c: add_disk_randomness(8:0) e7f555d9 e8ce5c3c
[    5.599313] random 0029 0000 0000 e7f555d9 e8ce5c3c: add_timer_randomness(.. 8388864) with jiffies: 7199690082427306408, cycles: 7199690078132633610
[    5.599549] random 0029 0000 0000 e7f555d9 e8ce5c3c: rand_read_num 10 get_random_bytes(4): sig ffffff72 e7f555d9 e8ce5c3c
[    5.599551] random 0029 0000 0000 e7f555d9 e8ce5c3c: extract_entropy(.. 4 ..)
[    5.599554] random 0029 0000 0000 e7f555d9 e8ce5c3c: going to reseed nonblocking with 64 bits (32 of 0 requested)
[    5.599556] random 0029 0000 0000 e7f555d9 e8ce5c3c: extract_entropy(.. 8 ..)
[    5.599558] random 0029 0000 0000 e7f555d9 e8ce5c3c: trying to extract 64 bits from input
[    5.599560] random 0029 0000 0000 e7f555d9 e8ce5c3c: debiting 0 entropy credits from input
[    5.599562] random 0029 0000 0000 e7f555d9 e8ce5c3c: extract_entropy account returned: 0 
[    5.599565] random 0029 0000 0000 e7f555d9 e8ce5c3c: urand_change_num 45 xfer_secondary_pool(4): pool_sig ffffff72, data_sig 00000000, bytes_mixed 0 e7f555d9 e8ce5c3c
[    5.599568] random 0029 0000 0000 e7f555d9 e8ce5c3c: trying to extract 32 bits from nonblocking
[    5.599571] random 0029 0000 0000 e7f555d9 e8ce5c3c: debiting 32 entropy credits from nonblocking (unlimited)
[    5.599573] random 0029 0000 0000 e7f555d9 e8ce5c3c: extract_entropy account returned: 4 
[    5.599577] random 0029 0000 0000 e7f555d9 e8ce5c3c: urand_change_num 46 extract_buf: pool_sig ffffff72, data_sig ffffff72, bytes_mixed 20 e7f555d9 e8ce5c3c
[    5.611138] random 0029 0000 0000 91716c54 eeb6a1e7: add_disk_randomness(8:0) 91716c54 eeb6a1e7
[    5.611142] random 0029 0000 0000 91716c54 eeb6a1e7: add_timer_randomness(.. 8388864) with jiffies: 7306117250308342196, cycles: 7306117246013669386
[    5.611144] random 0029 0000 0000 91716c54 eeb6a1e7: added 3 entropy credits to input
[    5.629409] random 0032 0000 0000 91716c54 eeb6a1e7: add_disk_randomness(8:0) 91716c54 eeb6a1e7
[    5.629412] random 0032 0000 0000 91716c54 eeb6a1e7: add_timer_randomness(.. 8388864) with jiffies: 7470517268275495366, cycles: 7470517263980822538
[    5.629415] random 0032 0000 0000 91716c54 eeb6a1e7: added 2 entropy credits to input
[    5.634048] EXT4-fs (sda2): mounted filesystem with ordered data mode
[    5.634235] VFS: Mounted root (ext4 filesystem) readonly on device 8:2.
[    5.634332] Freeing unused kernel memory: 448k freed
[    5.654555] random 0034 0000 0000 91716c54 eeb6a1e7: add_disk_randomness(8:0) 91716c54 eeb6a1e7
[    5.654558] random 0034 0000 0000 91716c54 eeb6a1e7: add_timer_randomness(.. 8388864) with jiffies: 7696771369425142239, cycles: 7696771365130469386
[    5.655286] random 0034 0000 0000 91716c54 eeb6a1e7: add_disk_randomness(8:0) 91716c54 eeb6a1e7
[    5.655290] random 0034 0000 0000 91716c54 eeb6a1e7: add_timer_randomness(.. 8388864) with jiffies: 7703351044574249440, cycles: 7703351040279576586
[    5.660016] random 0034 0000 0000 91716c54 eeb6a1e7: add_disk_randomness(8:0) 91716c54 eeb6a1e7
[    5.660019] random 0034 0000 0000 91716c54 eeb6a1e7: add_timer_randomness(.. 8388864) with jiffies: 7745914823312638436, cycles: 7745914819017965578
[    5.660021] random 0034 0000 0000 91716c54 eeb6a1e7: added 1 entropy credits to input
[    5.668210] random 0035 0000 0000 91716c54 eeb6a1e7: add_disk_randomness(8:0) 91716c54 eeb6a1e7
[    5.668213] random 0035 0000 0000 91716c54 eeb6a1e7: add_timer_randomness(.. 8388864) with jiffies: 7819633160944845293, cycles: 7819633156650172426
[    5.668216] random 0035 0000 0000 91716c54 eeb6a1e7: added 1 entropy credits to input
[    5.671632] random 0036 0000 0000 91716c54 eeb6a1e7: add_disk_randomness(8:0) 91716c54 eeb6a1e7
[    5.671635] random 0036 0000 0000 91716c54 eeb6a1e7: add_timer_randomness(.. 8388864) with jiffies: 7850425138699534832, cycles: 7850425134404861962
[    5.671637] random 0036 0000 0000 91716c54 eeb6a1e7: added 1 entropy credits to input
[    5.680527] random 0037 0000 0000 91716c54 eeb6a1e7: add_disk_randomness(8:0) 91716c54 eeb6a1e7
[    5.680530] random 0037 0000 0000 91716c54 eeb6a1e7: add_timer_randomness(.. 8388864) with jiffies: 7930462717548921337, cycles: 7930462713254248458
[    5.680533] random 0037 0000 0000 91716c54 eeb6a1e7: added 2 entropy credits to input
[    5.693803] random 0039 0000 0000 91716c54 eeb6a1e7: add_disk_randomness(8:0) 91716c54 eeb6a1e7
[    5.693806] random 0039 0000 0000 91716c54 eeb6a1e7: add_timer_randomness(.. 8388864) with jiffies: 8049917732419502598, cycles: 8049917728124829706
[    5.693809] random 0039 0000 0000 91716c54 eeb6a1e7: added 1 entropy credits to input
[    5.701880] random 0040 0000 0000 91716c54 eeb6a1e7: add_disk_randomness(8:0) 91716c54 eeb6a1e7
[    5.701883] random 0040 0000 0000 91716c54 eeb6a1e7: add_timer_randomness(.. 8388864) with jiffies: 8122595768843076110, cycles: 8122595764548403210
[    5.701886] random 0040 0000 0000 91716c54 eeb6a1e7: added 2 entropy credits to input
[    5.701908] RANDOM get_random_int call with cycles 44840916277, jiffies 4294672910 and pid 1
[    5.701911] RANDOM get_random_int call with cycles 44840923155, jiffies 4294672910 and pid 1
[    5.701913] ASLR stack rand value: 3940352 after shift for pid: 1
[    5.701915] RANDOM get_random_int call with cycles 44840930946, jiffies 4294672910 and pid 1
[    5.713527] random 0042 0000 0000 91716c54 eeb6a1e7: add_disk_randomness(8:0) 91716c54 eeb6a1e7
[    5.713530] random 0042 0000 0000 91716c54 eeb6a1e7: add_timer_randomness(.. 8388864) with jiffies: 8227388212041712154, cycles: 8227388207747039242
[    5.713533] random 0042 0000 0000 91716c54 eeb6a1e7: added 2 entropy credits to input
[    5.713543] RANDOM get_random_int call with cycles 44865289360, jiffies 4294672922 and pid 1
[    5.713546] random 0044 0000 0000 91716c54 eeb6a1e7: rand_read_num 11 get_random_bytes(16): sig fffffcad 91716c54 eeb6a1e7
[    5.713548] random 0044 0000 0000 91716c54 eeb6a1e7: extract_entropy(.. 16 ..)
[    5.713551] random 0044 0000 0000 91716c54 eeb6a1e7: going to reseed nonblocking with 128 bits (128 of 0 requested)
[    5.713553] random 0044 0000 0000 91716c54 eeb6a1e7: extract_entropy(.. 16 ..)
[    5.713555] random 0044 0000 0000 91716c54 eeb6a1e7: trying to extract 128 bits from input
[    5.713558] random 0044 0000 0000 91716c54 eeb6a1e7: debiting 0 entropy credits from input
[    5.713560] random 0044 0000 0000 91716c54 eeb6a1e7: extract_entropy account returned: 0 
[    5.713563] random 0044 0000 0000 91716c54 eeb6a1e7: urand_change_num 47 xfer_secondary_pool(16): pool_sig fffffcad, data_sig 00000000, bytes_mixed 0 91716c54 eeb6a1e7
[    5.713566] random 0044 0000 0000 91716c54 eeb6a1e7: trying to extract 128 bits from nonblocking
[    5.713568] random 0044 0000 0000 91716c54 eeb6a1e7: debiting 128 entropy credits from nonblocking (unlimited)
[    5.713570] random 0044 0000 0000 91716c54 eeb6a1e7: extract_entropy account returned: 16 
[    5.713575] random 0044 0000 0000 91716c54 eeb6a1e7: urand_change_num 48 extract_buf: pool_sig fffffcad, data_sig ffffff19, bytes_mixed 20 91716c54 eeb6a1e7
[    5.713580] random 0044 0000 0000 fd637b06 6cf47bc1: urand_change_num 49 extract_buf: pool_sig fffffede, data_sig ffffffc1, bytes_mixed 20 fd637b06 6cf47bc1
[    5.714544] random 0044 0000 0000 fd637b06 6cf47bc1: add_disk_randomness(8:0) fd637b06 6cf47bc1
[    5.714547] random 0044 0000 0000 fd637b06 6cf47bc1: add_timer_randomness(.. 8388864) with jiffies: 8236534233229394459, cycles: 8236534228934721546
[    5.715677] random 0044 0000 0000 fd637b06 6cf47bc1: add_disk_randomness(8:0) fd637b06 6cf47bc1
[    5.715680] random 0044 0000 0000 fd637b06 6cf47bc1: add_timer_randomness(.. 8388864) with jiffies: 8246730429755523612, cycles: 8246730425460850698
[    5.716825] random 0044 0000 0000 fd637b06 6cf47bc1: add_disk_randomness(8:0) fd637b06 6cf47bc1
[    5.716828] random 0044 0000 0000 fd637b06 6cf47bc1: add_timer_randomness(.. 8388864) with jiffies: 8257066380222497309, cycles: 8257066375927824394
[    5.717711] random 0044 0000 0000 fd637b06 6cf47bc1: add_disk_randomness(8:0) fd637b06 6cf47bc1
[    5.717714] random 0044 0000 0000 fd637b06 6cf47bc1: add_timer_randomness(.. 8388864) with jiffies: 8265031036295676446, cycles: 8265031032001003530
[    5.726521] random 0044 0000 0000 fd637b06 6cf47bc1: add_disk_randomness(8:0) fd637b06 6cf47bc1
[    5.726524] random 0044 0000 0000 fd637b06 6cf47bc1: add_timer_randomness(.. 8388864) with jiffies: 8344302319965012519, cycles: 8344302315670339594
[    5.726527] random 0044 0000 0000 fd637b06 6cf47bc1: added 3 entropy credits to input
[    5.726722] random 0047 0000 0000 fd637b06 6cf47bc1: add_disk_randomness(8:0) fd637b06 6cf47bc1
[    5.726725] random 0047 0000 0000 fd637b06 6cf47bc1: add_timer_randomness(.. 8388864) with jiffies: 8346116084654113319, cycles: 8346116080359440394
[    5.736908] random 0047 0000 0000 fd637b06 6cf47bc1: add_disk_randomness(8:0) fd637b06 6cf47bc1
[    5.736911] random 0047 0000 0000 fd637b06 6cf47bc1: add_timer_randomness(.. 8388864) with jiffies: 8437766447618032177, cycles: 8437766443323359242
[    5.736914] random 0047 0000 0000 fd637b06 6cf47bc1: added 3 entropy credits to input
[    5.737346] random 0050 0000 0000 fd637b06 6cf47bc1: add_disk_randomness(8:0) fd637b06 6cf47bc1
[    5.737349] random 0050 0000 0000 fd637b06 6cf47bc1: add_timer_randomness(.. 8388864) with jiffies: 8441698245364384306, cycles: 8441698241069711370
[    5.747092] random 0050 0000 0000 fd637b06 6cf47bc1: add_disk_randomness(8:0) fd637b06 6cf47bc1
[    5.747095] random 0050 0000 0000 fd637b06 6cf47bc1: add_timer_randomness(.. 8388864) with jiffies: 8529388133085315644, cycles: 8529388128790642698
[    5.747098] random 0050 0000 0000 fd637b06 6cf47bc1: added 3 entropy credits to input
[    5.747151] RANDOM get_random_int call with cycles 44935694601, jiffies 4294672956 and pid 1
[    5.759733] random 0053 0000 0000 fd637b06 6cf47bc1: add_disk_randomness(8:0) fd637b06 6cf47bc1
[    5.759736] random 0053 0000 0000 fd637b06 6cf47bc1: add_timer_randomness(.. 8388864) with jiffies: 8643134840066769480, cycles: 8643134835772096522
[    5.759739] random 0053 0000 0000 fd637b06 6cf47bc1: added 1 entropy credits to input
[    5.772838] random 0054 0000 0000 fd637b06 6cf47bc1: add_disk_randomness(8:0) fd637b06 6cf47bc1
[    5.772841] random 0054 0000 0000 fd637b06 6cf47bc1: add_timer_randomness(.. 8388864) with jiffies: 8761051908753031765, cycles: 8761051904458358794
[    5.772981] random 0054 0000 0000 fd637b06 6cf47bc1: add_disk_randomness(8:0) fd637b06 6cf47bc1
[    5.772984] random 0054 0000 0000 fd637b06 6cf47bc1: add_timer_randomness(.. 8388864) with jiffies: 8762343448368611925, cycles: 8762343444073938954
[    5.775143] random 0054 0000 0000 fd637b06 6cf47bc1: add_disk_randomness(8:0) fd637b06 6cf47bc1
[    5.775146] random 0054 0000 0000 fd637b06 6cf47bc1: add_timer_randomness(.. 8388864) with jiffies: 8781784201222128216, cycles: 8781784196927455242
[    5.775149] random 0054 0000 0000 fd637b06 6cf47bc1: added 1 entropy credits to input
[    5.775387] random 0055 0000 0000 fd637b06 6cf47bc1: add_disk_randomness(8:0) fd637b06 6cf47bc1
[    5.775390] random 0055 0000 0000 fd637b06 6cf47bc1: add_timer_randomness(.. 8388864) with jiffies: 8783980746281550424, cycles: 8783980741986877450
[    5.775527] random 0055 0000 0000 fd637b06 6cf47bc1: add_disk_randomness(8:0) fd637b06 6cf47bc1
[    5.775530] random 0055 0000 0000 fd637b06 6cf47bc1: add_timer_randomness(.. 8388864) with jiffies: 8785240670642864728, cycles: 8785240666348191754
[    5.778694] random 0055 0000 0000 fd637b06 6cf47bc1: add_disk_randomness(8:0) fd637b06 6cf47bc1
[    5.778697] random 0055 0000 0000 fd637b06 6cf47bc1: add_timer_randomness(.. 8388864) with jiffies: 8813739505228677723, cycles: 8813739500934004746
[    5.778699] random 0055 0000 0000 fd637b06 6cf47bc1: added 1 entropy credits to input
[    5.780708] random 0056 0000 0000 fd637b06 6cf47bc1: add_disk_randomness(8:0) fd637b06 6cf47bc1
[    5.780711] random 0056 0000 0000 fd637b06 6cf47bc1: add_timer_randomness(.. 8388864) with jiffies: 8831860264308277853, cycles: 8831860260013604874
[    5.788538] random 0056 0000 0000 fd637b06 6cf47bc1: add_disk_randomness(8:0) fd637b06 6cf47bc1
[    5.788541] random 0056 0000 0000 fd637b06 6cf47bc1: add_timer_randomness(.. 8388864) with jiffies: 8902311493332861541, cycles: 8902311489038188554
[    5.788543] random 0056 0000 0000 fd637b06 6cf47bc1: added 2 entropy credits to input
[    5.788673] random 0058 0000 0000 fd637b06 6cf47bc1: add_disk_randomness(8:0) fd637b06 6cf47bc1
[    5.788676] random 0058 0000 0000 fd637b06 6cf47bc1: add_timer_randomness(.. 8388864) with jiffies: 8903534300586803813, cycles: 8903534296292130826
[    5.792239] random 0058 0000 0000 fd637b06 6cf47bc1: add_disk_randomness(8:0) fd637b06 6cf47bc1
[    5.792242] random 0058 0000 0000 fd637b06 6cf47bc1: add_timer_randomness(.. 8388864) with jiffies: 8935609021864051305, cycles: 8935609017569378314
[    5.792245] random 0058 0000 0000 fd637b06 6cf47bc1: added 2 entropy credits to input
[    5.796730] random 0060 0000 0000 fd637b06 6cf47bc1: add_disk_randomness(8:0) fd637b06 6cf47bc1
[    5.796733] random 0060 0000 0000 fd637b06 6cf47bc1: add_timer_randomness(.. 8388864) with jiffies: 8976028568244683373, cycles: 8976028563950010378
[    5.802310] random 0060 0000 0000 fd637b06 6cf47bc1: add_disk_randomness(8:0) fd637b06 6cf47bc1
[    5.802313] random 0060 0000 0000 fd637b06 6cf47bc1: add_timer_randomness(.. 8388864) with jiffies: 9026228511072551539, cycles: 9026228506777878538
[    5.802316] random 0060 0000 0000 fd637b06 6cf47bc1: added 1 entropy credits to input
[    5.808583] random 0061 0000 0000 fd637b06 6cf47bc1: add_disk_randomness(8:0) fd637b06 6cf47bc1
[    5.808586] random 0061 0000 0000 fd637b06 6cf47bc1: add_timer_randomness(.. 8388864) with jiffies: 9082675810249966201, cycles: 9082675805955293194
[    5.808597] random 0061 0000 0000 fd637b06 6cf47bc1: rand_read_num 12 get_random_bytes(16): sig 0000033b fd637b06 6cf47bc1
[    5.808600] random 0061 0000 0000 fd637b06 6cf47bc1: extract_entropy(.. 16 ..)
[    5.808602] random 0061 0000 0000 fd637b06 6cf47bc1: going to reseed nonblocking with 128 bits (128 of 0 requested)
[    5.808604] random 0061 0000 0000 fd637b06 6cf47bc1: extract_entropy(.. 16 ..)
[    5.808607] random 0061 0000 0000 fd637b06 6cf47bc1: trying to extract 128 bits from input
[    5.808609] random 0061 0000 0000 fd637b06 6cf47bc1: debiting 0 entropy credits from input
[    5.808611] random 0061 0000 0000 fd637b06 6cf47bc1: extract_entropy account returned: 0 
[    5.808614] random 0061 0000 0000 fd637b06 6cf47bc1: urand_change_num 50 xfer_secondary_pool(16): pool_sig 0000033b, data_sig 00000000, bytes_mixed 0 fd637b06 6cf47bc1
[    5.808617] random 0061 0000 0000 fd637b06 6cf47bc1: trying to extract 128 bits from nonblocking
[    5.808619] random 0061 0000 0000 fd637b06 6cf47bc1: debiting 128 entropy credits from nonblocking (unlimited)
[    5.808621] random 0061 0000 0000 fd637b06 6cf47bc1: extract_entropy account returned: 16 
[    5.808626] random 0061 0000 0000 fd637b06 6cf47bc1: urand_change_num 51 extract_buf: pool_sig 0000033b, data_sig 000000d8, bytes_mixed 20 fd637b06 6cf47bc1
[    5.808631] random 0061 0000 0000 0ec1f012 d4727ca8: urand_change_num 52 extract_buf: pool_sig fffffcf5, data_sig 00000016, bytes_mixed 20 0ec1f012 d4727ca8
[    5.815332] random 0061 0000 0000 45b1d0b1 845a73f7: add_disk_randomness(8:0) 45b1d0b1 845a73f7
[    5.815335] random 0061 0000 0000 45b1d0b1 845a73f7: add_timer_randomness(.. 8388864) with jiffies: 9143394308374364800, cycles: 9143394304079691786
[    5.822552] random 0061 0000 0000 45b1d0b1 845a73f7: add_disk_randomness(8:0) 45b1d0b1 845a73f7
[    5.822555] random 0061 0000 0000 45b1d0b1 845a73f7: add_timer_randomness(.. 8388864) with jiffies: 9208366726792315527, cycles: 9208366722497642506
[    5.828152] random 0061 0000 0000 45b1d0b1 845a73f7: add_disk_randomness(8:0) 45b1d0b1 845a73f7
[    5.828155] random 0061 0000 0000 45b1d0b1 845a73f7: add_timer_randomness(.. 8388864) with jiffies: 9258740027385152141, cycles: -9188004050619072502
[    5.839972] random 0061 0000 0000 45b1d0b1 845a73f7: add_disk_randomness(8:0) 45b1d0b1 845a73f7
[    5.839975] random 0061 0000 0000 45b1d0b1 845a73f7: add_timer_randomness(.. 8388864) with jiffies: 9365111592619573912, cycles: -9081632485384650742
[    5.839978] random 0061 0000 0000 45b1d0b1 845a73f7: added 2 entropy credits to input
[    5.843114] random 0063 0000 0000 45b1d0b1 845a73f7: add_disk_randomness(8:0) 45b1d0b1 845a73f7
[    5.843117] random 0063 0000 0000 45b1d0b1 845a73f7: add_timer_randomness(.. 8388864) with jiffies: 9393369110172893852, cycles: -9053374967831330806
[    5.843120] random 0063 0000 0000 45b1d0b1 845a73f7: added 2 entropy credits to input
[    5.857384] random 0065 0000 0000 45b1d0b1 845a73f7: add_disk_randomness(8:0) 45b1d0b1 845a73f7
[    5.857387] random 0065 0000 0000 45b1d0b1 845a73f7: add_timer_randomness(.. 8388864) with jiffies: 9521767840386613930, cycles: -8924976237617610742
[    5.857390] random 0065 0000 0000 45b1d0b1 845a73f7: added 3 entropy credits to input
[    5.862777] random 0068 0000 0000 45b1d0b1 845a73f7: add_disk_randomness(8:0) 45b1d0b1 845a73f7
[    5.862780] random 0068 0000 0000 45b1d0b1 845a73f7: add_timer_randomness(.. 8388864) with jiffies: 9570298196282540719, cycles: -8876445881721683958
[    5.862783] random 0068 0000 0000 45b1d0b1 845a73f7: added 2 entropy credits to input
[    5.867954] random 0070 0000 0000 45b1d0b1 845a73f7: add_disk_randomness(8:0) 45b1d0b1 845a73f7
[    5.867957] random 0070 0000 0000 45b1d0b1 845a73f7: add_timer_randomness(.. 8388864) with jiffies: 9616886041549701812, cycles: -8829858036454522870
[    5.876181] random 0070 0000 0000 45b1d0b1 845a73f7: add_disk_randomness(8:0) 45b1d0b1 845a73f7
[    5.876184] random 0070 0000 0000 45b1d0b1 845a73f7: add_timer_randomness(.. 8388864) with jiffies: 9690897553649533629, cycles: -8755846524354691062
[    5.876187] random 0070 0000 0000 45b1d0b1 845a73f7: added 2 entropy credits to input
[    5.885780] random 0072 0000 0000 45b1d0b1 845a73f7: add_disk_randomness(8:0) 45b1d0b1 845a73f7
[    5.885783] random 0072 0000 0000 45b1d0b1 845a73f7: add_timer_randomness(.. 8388864) with jiffies: 9777274663141606086, cycles: -8669469414862618614
[    5.905283] random 0072 0000 0000 45b1d0b1 845a73f7: add_disk_randomness(8:0) 45b1d0b1 845a73f7
[    5.905286] random 0072 0000 0000 45b1d0b1 845a73f7: add_timer_randomness(.. 8388864) with jiffies: 9952751307275862746, cycles: -8493992770728361974
[    5.905289] random 0072 0000 0000 45b1d0b1 845a73f7: added 3 entropy credits to input
[    5.918564] random 0075 0000 0000 45b1d0b1 845a73f7: add_disk_randomness(8:0) 45b1d0b1 845a73f7
[    5.918567] random 0075 0000 0000 45b1d0b1 845a73f7: add_timer_randomness(.. 8388864) with jiffies: 10072247858775163623, cycles: -8374496219229061110
[    5.918569] random 0075 0000 0000 45b1d0b1 845a73f7: added 2 entropy credits to input
[    5.926583] random 0077 0000 0000 45b1d0b1 845a73f7: add_disk_randomness(8:0) 45b1d0b1 845a73f7
[    5.926586] random 0077 0000 0000 45b1d0b1 845a73f7: add_timer_randomness(.. 8388864) with jiffies: 10144403219153650415, cycles: -8302340858850574326
[    5.926589] random 0077 0000 0000 45b1d0b1 845a73f7: added 1 entropy credits to input
[    5.936596] random 0078 0000 0000 45b1d0b1 845a73f7: add_disk_randomness(8:0) 45b1d0b1 845a73f7
[    5.936599] random 0078 0000 0000 45b1d0b1 845a73f7: add_timer_randomness(.. 8388864) with jiffies: 10234495342212776697, cycles: -8212248735791448054
[    5.936601] random 0078 0000 0000 45b1d0b1 845a73f7: added 1 entropy credits to input
[    5.949475] random 0079 0000 0000 45b1d0b1 845a73f7: add_disk_randomness(8:0) 45b1d0b1 845a73f7
[    5.949478] random 0079 0000 0000 45b1d0b1 845a73f7: add_timer_randomness(.. 8388864) with jiffies: 10350381776131293958, cycles: -8096362301872930806
[    5.956835] random 0079 0000 0000 45b1d0b1 845a73f7: add_disk_randomness(8:0) 45b1d0b1 845a73f7
[    5.956838] random 0079 0000 0000 45b1d0b1 845a73f7: add_timer_randomness(.. 8388864) with jiffies: 10416605146723877645, cycles: -8030138931280347126
[    5.956841] random 0079 0000 0000 45b1d0b1 845a73f7: added 2 entropy credits to input
[    5.962084] random 0081 0000 0000 45b1d0b1 845a73f7: add_disk_randomness(8:0) 45b1d0b1 845a73f7
[    5.962087] random 0081 0000 0000 45b1d0b1 845a73f7: add_timer_randomness(.. 8388864) with jiffies: 10463829175431824147, cycles: -7982914902572400630
[    5.968525] random 0081 0000 0000 45b1d0b1 845a73f7: add_disk_randomness(8:0) 45b1d0b1 845a73f7
[    5.968528] random 0081 0000 0000 45b1d0b1 845a73f7: add_timer_randomness(.. 8388864) with jiffies: 10521785335275029273, cycles: -7924958742729195510
[    5.973575] random 0081 0000 0000 45b1d0b1 845a73f7: add_disk_randomness(8:0) 45b1d0b1 845a73f7
[    5.973578] random 0081 0000 0000 45b1d0b1 845a73f7: add_timer_randomness(.. 8388864) with jiffies: 10567223155804046110, cycles: -7879520922200178678
[    5.979476] random 0081 0000 0000 45b1d0b1 845a73f7: add_disk_randomness(8:0) 45b1d0b1 845a73f7
[    5.979479] random 0081 0000 0000 45b1d0b1 845a73f7: add_timer_randomness(.. 8388864) with jiffies: 10620315767695704868, cycles: -7826428310308519926
[    5.988828] random 0081 0000 0000 45b1d0b1 845a73f7: add_disk_randomness(8:0) 45b1d0b1 845a73f7
[    5.988831] random 0081 0000 0000 45b1d0b1 845a73f7: add_timer_randomness(.. 8388864) with jiffies: 10704469677561316141, cycles: -7742274400442908662
[    5.988834] random 0081 0000 0000 45b1d0b1 845a73f7: added 1 entropy credits to input
[    5.993703] random 0082 0000 0000 45b1d0b1 845a73f7: add_disk_randomness(8:0) 45b1d0b1 845a73f7
[    5.993706] random 0082 0000 0000 45b1d0b1 845a73f7: add_timer_randomness(.. 8388864) with jiffies: 10748329638774932274, cycles: -7698414439229292534
[    5.993708] random 0082 0000 0000 45b1d0b1 845a73f7: added 2 entropy credits to input
[    6.001139] random 0084 0000 0000 45b1d0b1 845a73f7: add_disk_randomness(8:0) 45b1d0b1 845a73f7
[    6.001142] random 0084 0000 0000 45b1d0b1 845a73f7: add_timer_randomness(.. 8388864) with jiffies: 10815230235515781946, cycles: -7631513842488442870
[    6.001144] random 0084 0000 0000 45b1d0b1 845a73f7: added 1 entropy credits to input
[    6.007353] random 0085 0000 0000 45b1d0b1 845a73f7: add_disk_randomness(8:0) 45b1d0b1 845a73f7
[    6.007356] random 0085 0000 0000 45b1d0b1 845a73f7: add_timer_randomness(.. 8388864) with jiffies: 10871147462714426176, cycles: -7575596615289798646
[    6.007359] random 0085 0000 0000 45b1d0b1 845a73f7: added 1 entropy credits to input
[    6.007508] random 0086 0000 0000 45b1d0b1 845a73f7: add_disk_randomness(8:0) 45b1d0b1 845a73f7
[    6.007511] random 0086 0000 0000 45b1d0b1 845a73f7: add_timer_randomness(.. 8388864) with jiffies: 10872547321405211456, cycles: -7574196756599013366
[    6.021916] random 0086 0000 0000 45b1d0b1 845a73f7: add_disk_randomness(8:0) 45b1d0b1 845a73f7
[    6.021919] random 0086 0000 0000 45b1d0b1 845a73f7: add_timer_randomness(.. 8388864) with jiffies: 11002191321551831886, cycles: -7444552756452392950
[    6.021922] random 0086 0000 0000 45b1d0b1 845a73f7: added 3 entropy credits to input
[    6.029337] random 0089 0000 0000 45b1d0b1 845a73f7: add_disk_randomness(8:0) 45b1d0b1 845a73f7
[    6.029340] random 0089 0000 0000 45b1d0b1 845a73f7: add_timer_randomness(.. 8388864) with jiffies: 11068952203006542678, cycles: -7377791874997682166
[    6.029343] random 0089 0000 0000 45b1d0b1 845a73f7: added 2 entropy credits to input
[    6.039017] random 0091 0000 0000 45b1d0b1 845a73f7: add_disk_randomness(8:0) 45b1d0b1 845a73f7
[    6.039020] random 0091 0000 0000 45b1d0b1 845a73f7: add_timer_randomness(.. 8388864) with jiffies: 11156047169037501280, cycles: -7290696908966723574
[    6.039023] random 0091 0000 0000 45b1d0b1 845a73f7: added 1 entropy credits to input
[    6.049642] random 0092 0000 0000 45b1d0b1 845a73f7: add_disk_randomness(8:0) 45b1d0b1 845a73f7
[    6.049645] random 0092 0000 0000 45b1d0b1 845a73f7: add_timer_randomness(.. 8388864) with jiffies: 11251658960727147370, cycles: -7195085117277077494
[    6.062163] random 0092 0000 0000 45b1d0b1 845a73f7: add_disk_randomness(8:0) 45b1d0b1 845a73f7
[    6.062166] random 0092 0000 0000 45b1d0b1 845a73f7: add_timer_randomness(.. 8388864) with jiffies: 11364311838322557815, cycles: -7082432239681667062
[    6.062169] random 0092 0000 0000 45b1d0b1 845a73f7: added 1 entropy credits to input
[    6.063376] random 0093 0000 0000 45b1d0b1 845a73f7: add_disk_randomness(8:0) 45b1d0b1 845a73f7
[    6.063379] random 0093 0000 0000 45b1d0b1 845a73f7: add_timer_randomness(.. 8388864) with jiffies: 11375223005169550200, cycles: -7071521072834674678
[    6.067385] random 0093 0000 0000 45b1d0b1 845a73f7: add_disk_randomness(8:0) 45b1d0b1 845a73f7
[    6.067388] random 0093 0000 0000 45b1d0b1 845a73f7: add_timer_randomness(.. 8388864) with jiffies: 11411299420490924924, cycles: -7035444657513299958
[    6.067391] random 0093 0000 0000 45b1d0b1 845a73f7: added 1 entropy credits to input
[    6.076728] random 0094 0000 0000 45b1d0b1 845a73f7: add_disk_randomness(8:0) 45b1d0b1 845a73f7
[    6.076731] random 0094 0000 0000 45b1d0b1 845a73f7: add_timer_randomness(.. 8388864) with jiffies: 11495368367313486725, cycles: -6951375710690738166
[    6.076734] random 0094 0000 0000 45b1d0b1 845a73f7: added 1 entropy credits to input
[    6.077072] random 0095 0000 0000 45b1d0b1 845a73f7: add_disk_randomness(8:0) 45b1d0b1 845a73f7
[    6.077075] random 0095 0000 0000 45b1d0b1 845a73f7: add_timer_randomness(.. 8388864) with jiffies: 11498458063707014022, cycles: -6948286014297210870
[    6.092734] random 0095 0000 0000 45b1d0b1 845a73f7: add_disk_randomness(8:0) 45b1d0b1 845a73f7
[    6.092737] random 0095 0000 0000 45b1d0b1 845a73f7: add_timer_randomness(.. 8388864) with jiffies: 11639384513443496853, cycles: -6807359564560728054
[    6.092739] random 0095 0000 0000 45b1d0b1 845a73f7: added 3 entropy credits to input
[    6.094365] random 0098 0000 0000 45b1d0b1 845a73f7: add_disk_randomness(8:0) 45b1d0b1 845a73f7
[    6.094368] random 0098 0000 0000 45b1d0b1 845a73f7: add_timer_randomness(.. 8388864) with jiffies: 11654056740201923479, cycles: -6792687337802301430
[    6.094371] random 0098 0000 0000 45b1d0b1 845a73f7: added 1 entropy credits to input
[    6.094509] random 0099 0000 0000 45b1d0b1 845a73f7: add_disk_randomness(8:0) 45b1d0b1 845a73f7
[    6.094512] random 0099 0000 0000 45b1d0b1 845a73f7: add_timer_randomness(.. 8388864) with jiffies: 11655354589124461463, cycles: -6791389488879763446
[    6.105387] random 0099 0000 0000 45b1d0b1 845a73f7: add_disk_randomness(8:0) 45b1d0b1 845a73f7
[    6.105390] random 0099 0000 0000 45b1d0b1 845a73f7: add_timer_randomness(.. 8388864) with jiffies: 11753227955973358498, cycles: -6693516122030866422
[    6.105393] random 0099 0000 0000 45b1d0b1 845a73f7: added 3 entropy credits to input
[    6.105955] random 0102 0000 0000 45b1d0b1 845a73f7: add_disk_randomness(8:0) 45b1d0b1 845a73f7
[    6.105958] random 0102 0000 0000 45b1d0b1 845a73f7: add_timer_randomness(.. 8388864) with jiffies: 11758344679362102178, cycles: -6688399398642122742
[    6.111184] random 0102 0000 0000 45b1d0b1 845a73f7: add_disk_randomness(8:0) 45b1d0b1 845a73f7
[    6.111187] random 0102 0000 0000 45b1d0b1 845a73f7: add_timer_randomness(.. 8388864) with jiffies: 11805385974391473064, cycles: -6641358103612751862
[    6.111190] random 0102 0000 0000 45b1d0b1 845a73f7: added 2 entropy credits to input
[    6.112978] random 0104 0000 0000 45b1d0b1 845a73f7: add_disk_randomness(8:0) 45b1d0b1 845a73f7
[    6.112981] random 0104 0000 0000 45b1d0b1 845a73f7: add_timer_randomness(.. 8388864) with jiffies: 11821529180204139434, cycles: -6625214897800085494
[    6.112984] random 0104 0000 0000 45b1d0b1 845a73f7: added 1 entropy credits to input
[    6.123162] random 0105 0000 0000 45b1d0b1 845a73f7: add_disk_randomness(8:0) 45b1d0b1 845a73f7
[    6.123165] random 0105 0000 0000 45b1d0b1 845a73f7: add_timer_randomness(.. 8388864) with jiffies: 11913162994659066804, cycles: -6533581083345158134
[    6.123168] random 0105 0000 0000 45b1d0b1 845a73f7: added 3 entropy credits to input
[    6.137096] random 0108 0000 0000 45b1d0b1 845a73f7: add_disk_randomness(8:0) 45b1d0b1 845a73f7
[    6.137099] random 0108 0000 0000 45b1d0b1 845a73f7: add_timer_randomness(.. 8388864) with jiffies: 12038536830945821634, cycles: -6408207247058403318
[    6.137102] random 0108 0000 0000 45b1d0b1 845a73f7: added 2 entropy credits to input
