[    0.000000] random 0000 0000 0000 00000000 00000000: rand_read_num 1 get_random_bytes(8): sig 00000000 00000000 00000000
[    0.000000] random 0000 0000 0000 00000000 00000000: extract_entropy(.. 8 ..)
[    0.000000] random 0000 0000 0000 00000000 00000000: going to reseed nonblocking with 64 bits (64 of 0 requested)
[    0.000000] random 0000 0000 0000 00000000 00000000: extract_entropy(.. 8 ..)
[    0.000000] random 0000 0000 0000 00000000 00000000: trying to extract 64 bits from input
[    0.000000] random 0000 0000 0000 00000000 00000000: debiting 0 entropy credits from input
[    0.000000] random 0000 0000 0000 00000000 00000000: extract_entropy account returned: 0 
[    0.000000] random 0000 0000 0000 00000000 00000000: urand_change_num 1 xfer_secondary_pool(8): pool_sig 00000000, data_sig 00000000, bytes_mixed 0 00000000 00000000
[    0.000000] random 0000 0000 0000 00000000 00000000: trying to extract 64 bits from nonblocking
[    0.000000] random 0000 0000 0000 00000000 00000000: debiting 64 entropy credits from nonblocking (unlimited)
[    0.000000] random 0000 0000 0000 00000000 00000000: extract_entropy account returned: 8 
[    0.000000] random 0000 0000 0000 00000000 00000000: urand_change_num 2 extract_buf: pool_sig 00000000, data_sig fffffff9, bytes_mixed 20 00000000 00000000
[    0.000000] Linux version 2.6.32.57 (dcashman@dcashman-02) (gcc version 4.3.3 (GCC) ) #6 Thu May 30 09:02:12 PDT 2013
[    0.000000] KERNEL supported cpus:
[    0.000000]   Intel GenuineIntel
[    0.000000]   AMD AuthenticAMD
[    0.000000]   NSC Geode by NSC
[    0.000000]   Cyrix CyrixInstead
[    0.000000]   Centaur CentaurHauls
[    0.000000]   Transmeta GenuineTMx86
[    0.000000]   Transmeta TransmetaCPU
[    0.000000]   UMC UMC UMC UMC
[    0.000000] BIOS-provided physical RAM map:
[    0.000000]  BIOS-e820: 0000000000000000 - 000000000009d800 (usable)
[    0.000000]  BIOS-e820: 000000000009d800 - 00000000000a0000 (reserved)
[    0.000000]  BIOS-e820: 00000000000d2000 - 00000000000d4000 (reserved)
[    0.000000]  BIOS-e820: 00000000000e0000 - 0000000000100000 (reserved)
[    0.000000]  BIOS-e820: 0000000000100000 - 000000003d6b0000 (usable)
[    0.000000]  BIOS-e820: 000000003d6b0000 - 000000003d6cc000 (ACPI data)
[    0.000000]  BIOS-e820: 000000003d6cc000 - 000000003d700000 (ACPI NVS)
[    0.000000]  BIOS-e820: 000000003d700000 - 000000003e000000 (reserved)
[    0.000000]  BIOS-e820: 00000000f0000000 - 00000000f4000000 (reserved)
[    0.000000]  BIOS-e820: 00000000fec00000 - 00000000fec10000 (reserved)
[    0.000000]  BIOS-e820: 00000000fed00000 - 00000000fed00400 (reserved)
[    0.000000]  BIOS-e820: 00000000fed14000 - 00000000fed1a000 (reserved)
[    0.000000]  BIOS-e820: 00000000fed1c000 - 00000000fed90000 (reserved)
[    0.000000]  BIOS-e820: 00000000fee00000 - 00000000fee01000 (reserved)
[    0.000000]  BIOS-e820: 00000000ff000000 - 0000000100000000 (reserved)
[    0.000000] DMI present.
[    0.000000] last_pfn = 0x3d6b0 max_arch_pfn = 0x100000
[    0.000000] MTRR default type: uncachable
[    0.000000] MTRR fixed ranges enabled:
[    0.000000]   00000-9FFFF write-back
[    0.000000]   A0000-BFFFF uncachable
[    0.000000]   C0000-CFFFF write-protect
[    0.000000]   D0000-DFFFF uncachable
[    0.000000]   E0000-FFFFF write-protect
[    0.000000] MTRR variable ranges enabled:
[    0.000000]   0 base 03E000000 mask FFE000000 uncachable
[    0.000000]   1 base 000000000 mask FC0000000 write-back
[    0.000000]   2 base 03D700000 mask FFFF00000 uncachable
[    0.000000]   3 base 03D800000 mask FFF800000 uncachable
[    0.000000]   4 disabled
[    0.000000]   5 disabled
[    0.000000]   6 disabled
[    0.000000]   7 disabled
[    0.000000] initial memory mapped : 0 - 02000000
[    0.000000] init_memory_mapping: 0000000000000000-00000000377fe000
[    0.000000]  0000000000 - 0000400000 page 4k
[    0.000000]  0000400000 - 0037400000 page 2M
[    0.000000]  0037400000 - 00377fe000 page 4k
[    0.000000] kernel direct mapping tables up to 377fe000 @ 7000-c000
[    0.000000] ACPI: RSDP 000f68d0 00024 (v02 LENOVO)
[    0.000000] ACPI: XSDT 3d6bb77f 00094 (v01 LENOVO TP-7L    00002170  LTP 00000000)
[    0.000000] ACPI: FACP 3d6bb900 000F4 (v03 LENOVO TP-7L    00002170 LNVO 00000001)
[    0.000000] ACPI Warning: 32/64X length mismatch in Gpe1Block: 0/32 (20090903/tbfadt-526)
[    0.000000] ACPI Warning: Optional field Gpe1Block has zero address or length: 000000000000102C/0 (20090903/tbfadt-557)
[    0.000000] ACPI: DSDT 3d6bbd1d 0FED1 (v01 LENOVO TP-7L    00002170 MSFT 03000000)
[    0.000000] ACPI: FACS 3d6e4000 00040
[    0.000000] ACPI: SSDT 3d6bbab4 00269 (v01 LENOVO TP-7L    00002170 MSFT 03000000)
[    0.000000] ACPI: ECDT 3d6cbbee 00052 (v01 LENOVO TP-7L    00002170 LNVO 00000001)
[    0.000000] ACPI: TCPA 3d6cbc40 00032 (v02 LENOVO TP-7L    00002170 LNVO 00000001)
[    0.000000] ACPI: APIC 3d6cbc72 00068 (v01 LENOVO TP-7L    00002170 LNVO 00000001)
[    0.000000] ACPI: MCFG 3d6cbcda 0003C (v01 LENOVO TP-7L    00002170 LNVO 00000001)
[    0.000000] ACPI: HPET 3d6cbd16 00038 (v01 LENOVO TP-7L    00002170 LNVO 00000001)
[    0.000000] ACPI: SLIC 3d6cbdf0 00176 (v01 LENOVO TP-7L    00002170  LTP 00000000)
[    0.000000] ACPI: BOOT 3d6cbf66 00028 (v01 LENOVO TP-7L    00002170  LTP 00000001)
[    0.000000] ACPI: ASF! 3d6cbf8e 00072 (v16 LENOVO TP-7L    00002170 PTL  00000001)
[    0.000000] ACPI: SSDT 3d6e26d9 0025F (v01 LENOVO TP-7L    00002170 INTL 20050513)
[    0.000000] ACPI: SSDT 3d6e2938 000A6 (v01 LENOVO TP-7L    00002170 INTL 20050513)
[    0.000000] ACPI: SSDT 3d6e29de 004F7 (v01 LENOVO TP-7L    00002170 INTL 20050513)
[    0.000000] ACPI: SSDT 3d6e2ed5 001D8 (v01 LENOVO TP-7L    00002170 INTL 20050513)
[    0.000000] ACPI: DMI detected: Lenovo ThinkPad R61
[    0.000000] ACPI: Added _OSI(Linux)
[    0.000000] ACPI: Local APIC address 0xfee00000
[    0.000000] 94MB HIGHMEM available.
[    0.000000] 887MB LOWMEM available.
[    0.000000]   mapped low ram: 0 - 377fe000
[    0.000000]   low ram: 0 - 377fe000
[    0.000000]   node 0 low ram: 00000000 - 377fe000
[    0.000000]   node 0 bootmap 00008000 - 0000ef00
[    0.000000] (6 early reservations) ==> bootmem [0000000000 - 00377fe000]
[    0.000000]   #0 [0000000000 - 0000001000]   BIOS data page ==> [0000000000 - 0000001000]
[    0.000000]   #1 [0001000000 - 0001bdc180]    TEXT DATA BSS ==> [0001000000 - 0001bdc180]
[    0.000000]   #2 [000009d800 - 0000100000]    BIOS reserved ==> [000009d800 - 0000100000]
[    0.000000]   #3 [0001bdd000 - 0001be516c]              BRK ==> [0001bdd000 - 0001be516c]
[    0.000000]   #4 [0000007000 - 0000008000]          PGTABLE ==> [0000007000 - 0000008000]
[    0.000000]   #5 [0000008000 - 000000f000]          BOOTMAP ==> [0000008000 - 000000f000]
[    0.000000] found SMP MP-table at [c00f6900] f6900
[    0.000000] Zone PFN ranges:
[    0.000000]   DMA      0x00000000 -> 0x00001000
[    0.000000]   Normal   0x00001000 -> 0x000377fe
[    0.000000]   HighMem  0x000377fe -> 0x0003d6b0
[    0.000000] Movable zone start PFN for each node
[    0.000000] early_node_map[2] active PFN ranges
[    0.000000]     0: 0x00000000 -> 0x0000009d
[    0.000000]     0: 0x00000100 -> 0x0003d6b0
[    0.000000] On node 0 totalpages: 251469
[    0.000000] free_area_init_node: node 0, pgdat c1901ea0, node_mem_map c1be7000
[    0.000000]   DMA zone: 32 pages used for memmap
[    0.000000]   DMA zone: 0 pages reserved
[    0.000000]   DMA zone: 3965 pages, LIFO batch:0
[    0.000000]   Normal zone: 1744 pages used for memmap
[    0.000000]   Normal zone: 221486 pages, LIFO batch:31
[    0.000000]   HighMem zone: 190 pages used for memmap
[    0.000000]   HighMem zone: 24052 pages, LIFO batch:3
[    0.000000] Using APIC driver default
[    0.000000] ACPI: PM-Timer IO Port: 0x1008
[    0.000000] ACPI: Local APIC address 0xfee00000
[    0.000000] ACPI: LAPIC (acpi_id[0x00] lapic_id[0x00] enabled)
[    0.000000] ACPI: LAPIC (acpi_id[0x01] lapic_id[0x01] enabled)
[    0.000000] ACPI: NR_CPUS/possible_cpus limit of 1 reached.  Processor 1/0x1 ignored.
[    0.000000] ACPI: LAPIC_NMI (acpi_id[0x00] high edge lint[0x1])
[    0.000000] ACPI: LAPIC_NMI (acpi_id[0x01] high edge lint[0x1])
[    0.000000] ACPI: IOAPIC (id[0x01] address[0xfec00000] gsi_base[0])
[    0.000000] IOAPIC[0]: apic_id 1, version 32, address 0xfec00000, GSI 0-23
[    0.000000] ACPI: INT_SRC_OVR (bus 0 bus_irq 0 global_irq 2 dfl dfl)
[    0.000000] ACPI: INT_SRC_OVR (bus 0 bus_irq 9 global_irq 9 high level)
[    0.000000] ACPI: IRQ0 used by override.
[    0.000000] ACPI: IRQ2 used by override.
[    0.000000] ACPI: IRQ9 used by override.
[    0.000000] Using ACPI (MADT) for SMP configuration information
[    0.000000] ACPI: HPET id: 0x8086a201 base: 0xfed00000
[    0.000000] nr_irqs_gsi: 24
[    0.000000] PM: Registered nosave memory: 000000000009d000 - 000000000009e000
[    0.000000] PM: Registered nosave memory: 000000000009e000 - 00000000000a0000
[    0.000000] PM: Registered nosave memory: 00000000000a0000 - 00000000000d2000
[    0.000000] PM: Registered nosave memory: 00000000000d2000 - 00000000000d4000
[    0.000000] PM: Registered nosave memory: 00000000000d4000 - 00000000000e0000
[    0.000000] PM: Registered nosave memory: 00000000000e0000 - 0000000000100000
[    0.000000] Allocating PCI resources starting at 3e000000 (gap: 3e000000:b2000000)
[    0.000000] Built 1 zonelists in Zone order, mobility grouping on.  Total pages: 249503
[    0.000000] Kernel command line: auto BOOT_IMAGE=Linux ro root=802 vt.default_utf8=0 maxcpus=0
[    0.000000] PID hash table entries: 4096 (order: 2, 16384 bytes)
[    0.000000] Dentry cache hash table entries: 131072 (order: 7, 524288 bytes)
[    0.000000] Inode-cache hash table entries: 65536 (order: 6, 262144 bytes)
[    0.000000] Enabling fast FPU save and restore... done.
[    0.000000] Enabling unmasked SIMD FPU exception support... done.
[    0.000000] Initializing CPU#0
[    0.000000] Initializing HighMem for node 0 (000377fe:0003d6b0)
[    0.000000] Memory: 984800k/1006272k available (6915k kernel code, 20876k reserved, 2327k data, 448k init, 96968k highmem)
[    0.000000] virtual kernel memory layout:
[    0.000000]     fixmap  : 0xfffa3000 - 0xfffff000   ( 368 kB)
[    0.000000]     pkmap   : 0xff800000 - 0xffc00000   (4096 kB)
[    0.000000]     vmalloc : 0xf7ffe000 - 0xff7fe000   ( 120 MB)
[    0.000000]     lowmem  : 0xc0000000 - 0xf77fe000   ( 887 MB)
[    0.000000]       .init : 0xc1907000 - 0xc1977000   ( 448 kB)
[    0.000000]       .data : 0xc16c0d3f - 0xc1906c64   (2327 kB)
[    0.000000]       .text : 0xc1000000 - 0xc16c0d3f   (6915 kB)
[    0.000000] Checking if this processor honours the WP bit even in supervisor mode...Ok.
[    0.000000] SLUB: Genslabs=13, HWalign=64, Order=0-3, MinObjects=0, CPUs=1, Nodes=1
[    0.000000] Hierarchical RCU implementation.
[    0.000000] NR_IRQS:288
[    0.000000] Extended CMOS year: 2000
[    0.000000] Console: colour VGA+ 80x25
[    0.000000] console [tty0] enabled
[    0.000000] hpet clockevent registered
[    0.000000] Fast TSC calibration using PIT
[    0.000000] Detected 2094.830 MHz processor.
[    0.001002] Calibrating delay loop (skipped), value calculated using timer frequency.. 4189.66 BogoMIPS (lpj=2094830)
[    0.001172] Security Framework initialized
[    0.001261] Mount-cache hash table entries: 512
[    0.001406] CPU: L1 I cache: 32K, L1 D cache: 32K
[    0.001538] CPU: L2 cache: 3072K
[    0.002006] mce: CPU supports 6 MCE banks
[    0.002093] CPU0: Thermal monitoring enabled (TM2)
[    0.002173] using mwait in idle threads.
[    0.002259] CPU: Intel(R) Core(TM)2 Duo CPU     T8100  @ 2.10GHz stepping 06
[    0.002435] Checking 'hlt' instruction... OK.
[    0.006939] ACPI: Core revision 20090903
[    0.026010] RANDOM get_random_int first call with cycles 32578861570, jiffies 4294667322 and pid 0
[    0.026018] CANARY value: ea0d7bc3 for PID: 1
[    0.026025] CANARY value: 338bc8fb for PID: 2
[    0.026047] Enabling APIC mode:  Flat.  Using 1 I/O APICs
[    0.027229] ..TIMER: vector=0x30 apic1=0 pin1=2 apic2=-1 pin2=-1
[    0.037997] xor: automatically using best checksumming function: pIII_sse
[    0.041998]    pIII_sse  :  8568.000 MB/sec
[    0.042082] xor: using function: pIII_sse (8568.000 MB/sec)
[    0.042169] RANDOM - __seed init called.
[    0.042170] RANDOM - __seed init called.
[    0.042170] RANDOM - __seed init called.
[    0.042172] RANDOM - __random32 called. Change num 1.  Value: f7943846	49e73df3	af36cd0d
[    0.042174] RANDOM - __random32 called. Change num 2.  Value: 43846e13	9e73df37	9a1ad014
[    0.042176] RANDOM - __random32 called. Change num 3.  Value: 46e139c8	e73df373	a029598a
[    0.042177] RANDOM - __random32 called. Change num 4.  Value: 139c8c3b	73df373d	b3142c72
[    0.042179] RANDOM - __random32 called. Change num 5.  Value: c8c3b043	3df373de	58e576a9
[    0.042181] RANDOM - __random32 called. Change num 6.  Value: 3b0437d9	df373de5	ed53f9d8
[    0.042183] RANDOM - random32 init called.  Value: 3b0437d9	df373de5	ed53f9d8
[    0.042200] NET: Registered protocol family 16
[    0.042457] ACPI FADT declares the system doesn't support PCIe ASPM, so disable it
[    0.042580] ACPI: bus type pci registered
[    0.042751] PCI: MCFG configuration 0: base f0000000 segment 0 buses 0 - 63
[    0.042837] PCI: MCFG area at f0000000 reserved in E820
[    0.042922] PCI: Using MMCONFIG for extended config space
[    0.043002] PCI: Using configuration type 1 for base access
[    0.046110] bio: create slab <bio-0> at 0
[    0.046932] ACPI: EC: EC description table is found, configuring boot EC
[    0.052100] ACPI: BIOS _OSI(Linux) query honored via DMI
[    0.052812] random 0000 0000 0000 00000000 00000000: rand_read_num 2 get_random_bytes(8): sig fffffe1a 00000000 00000000
[    0.052815] random 0000 0000 0000 00000000 00000000: extract_entropy(.. 8 ..)
[    0.052818] random 0000 0000 0000 00000000 00000000: going to reseed nonblocking with 64 bits (64 of 0 requested)
[    0.052820] random 0000 0000 0000 00000000 00000000: extract_entropy(.. 8 ..)
[    0.052822] random 0000 0000 0000 00000000 00000000: trying to extract 64 bits from input
[    0.052824] random 0000 0000 0000 00000000 00000000: debiting 0 entropy credits from input
[    0.052826] random 0000 0000 0000 00000000 00000000: extract_entropy account returned: 0 
[    0.052829] random 0000 0000 0000 00000000 00000000: urand_change_num 3 xfer_secondary_pool(8): pool_sig fffffe1a, data_sig 00000000, bytes_mixed 0 00000000 00000000
[    0.052832] random 0000 0000 0000 00000000 00000000: trying to extract 64 bits from nonblocking
[    0.052835] random 0000 0000 0000 00000000 00000000: debiting 64 entropy credits from nonblocking (unlimited)
[    0.052837] random 0000 0000 0000 00000000 00000000: extract_entropy account returned: 8 
[    0.052868] random 0000 0000 0000 00000000 00000000: urand_change_num 4 extract_buf: pool_sig fffffe1a, data_sig fffffed7, bytes_mixed 20 00000000 00000000
[    0.057576] ACPI: Interpreter enabled
[    0.057663] ACPI: (supports S0 S3 S4 S5)
[    0.057967] ACPI: Using IOAPIC for interrupt routing
[    0.067530] ACPI: EC: GPE = 0x12, I/O: command/status = 0x66, data = 0x62
[    0.067791] ACPI: Power Resource [PUBS] (on)
[    0.069950] ACPI: ACPI Dock Station Driver: 3 docks/bays found
[    0.070317] ACPI: PCI Root Bridge [PCI0] (0000:00)
[    0.070483] pci 0000:00:02.0: reg 10 64bit mmio: [0xf8100000-0xf81fffff]
[    0.070489] pci 0000:00:02.0: reg 18 64bit mmio pref: [0xe0000000-0xefffffff]
[    0.070493] pci 0000:00:02.0: reg 20 io port: [0x1800-0x1807]
[    0.070527] pci 0000:00:02.1: reg 10 64bit mmio: [0xf8200000-0xf82fffff]
[    0.070628] pci 0000:00:19.0: reg 10 32bit mmio: [0xfe000000-0xfe01ffff]
[    0.070638] pci 0000:00:19.0: reg 14 32bit mmio: [0xfe025000-0xfe025fff]
[    0.070645] pci 0000:00:19.0: reg 18 io port: [0x1840-0x185f]
[    0.070710] pci 0000:00:19.0: PME# supported from D0 D3hot D3cold
[    0.070802] pci 0000:00:19.0: PME# disabled
[    0.071007] pci 0000:00:1a.0: reg 20 io port: [0x1860-0x187f]
[    0.071078] pci 0000:00:1a.1: reg 20 io port: [0x1880-0x189f]
[    0.071170] pci 0000:00:1a.7: reg 10 32bit mmio: [0xfe226c00-0xfe226fff]
[    0.071254] pci 0000:00:1a.7: PME# supported from D0 D3hot D3cold
[    0.071339] pci 0000:00:1a.7: PME# disabled
[    0.071480] pci 0000:00:1b.0: reg 10 64bit mmio: [0xfe020000-0xfe023fff]
[    0.071570] pci 0000:00:1b.0: PME# supported from D0 D3hot D3cold
[    0.071655] pci 0000:00:1b.0: PME# disabled
[    0.071872] pci 0000:00:1c.0: PME# supported from D0 D3hot D3cold
[    0.071965] pci 0000:00:1c.0: PME# disabled
[    0.072114] pci 0000:00:1c.1: PME# supported from D0 D3hot D3cold
[    0.072202] pci 0000:00:1c.1: PME# disabled
[    0.072402] pci 0000:00:1c.2: PME# supported from D0 D3hot D3cold
[    0.072492] pci 0000:00:1c.2: PME# disabled
[    0.072692] pci 0000:00:1c.3: PME# supported from D0 D3hot D3cold
[    0.072778] pci 0000:00:1c.3: PME# disabled
[    0.073106] pci 0000:00:1c.4: PME# supported from D0 D3hot D3cold
[    0.073201] pci 0000:00:1c.4: PME# disabled
[    0.073358] pci 0000:00:1d.0: reg 20 io port: [0x18a0-0x18bf]
[    0.074029] pci 0000:00:1d.1: reg 20 io port: [0x18c0-0x18df]
[    0.074116] pci 0000:00:1d.2: reg 20 io port: [0x18e0-0x18ff]
[    0.074206] pci 0000:00:1d.7: reg 10 32bit mmio: [0xfe227000-0xfe2273ff]
[    0.074307] pci 0000:00:1d.7: PME# supported from D0 D3hot D3cold
[    0.074396] pci 0000:00:1d.7: PME# disabled
[    0.074683] pci 0000:00:1f.0: quirk: region 1000-107f claimed by ICH6 ACPI/GPIO/TCO
[    0.074800] pci 0000:00:1f.0: quirk: region 1180-11bf claimed by ICH6 GPIO
[    0.074892] pci 0000:00:1f.0: ICH7 LPC Generic IO decode 1 PIO at 1600 (mask 007f)
[    0.074998] pci 0000:00:1f.0: ICH7 LPC Generic IO decode 2 PIO at 15e0 (mask 000f)
[    0.075121] pci 0000:00:1f.0: ICH7 LPC Generic IO decode 3 PIO at 1680 (mask 001f)
[    0.075322] pci 0000:00:1f.1: reg 10 io port: [0x00-0x07]
[    0.075334] pci 0000:00:1f.1: reg 14 io port: [0x00-0x03]
[    0.075341] pci 0000:00:1f.1: reg 18 io port: [0x00-0x07]
[    0.075353] pci 0000:00:1f.1: reg 1c io port: [0x00-0x03]
[    0.075364] pci 0000:00:1f.1: reg 20 io port: [0x1c00-0x1c0f]
[    0.075443] pci 0000:00:1f.2: reg 10 io port: [0x1c50-0x1c57]
[    0.075451] pci 0000:00:1f.2: reg 14 io port: [0x1c44-0x1c47]
[    0.075460] pci 0000:00:1f.2: reg 18 io port: [0x1c48-0x1c4f]
[    0.075469] pci 0000:00:1f.2: reg 1c io port: [0x1c40-0x1c43]
[    0.075478] pci 0000:00:1f.2: reg 20 io port: [0x1c20-0x1c3f]
[    0.075487] pci 0000:00:1f.2: reg 24 32bit mmio: [0xfe226000-0xfe2267ff]
[    0.075544] pci 0000:00:1f.2: PME# supported from D3hot
[    0.075632] pci 0000:00:1f.2: PME# disabled
[    0.075748] pci 0000:00:1f.3: reg 10 32bit mmio: [0xfe227400-0xfe2274ff]
[    0.075773] pci 0000:00:1f.3: reg 20 io port: [0x1c60-0x1c7f]
[    0.075872] pci 0000:00:1c.0: bridge io port: [0x2000-0x2fff]
[    0.075879] pci 0000:00:1c.0: bridge 32bit mmio: [0xfc000000-0xfdffffff]
[    0.075888] pci 0000:00:1c.0: bridge 64bit mmio pref: [0xf8000000-0xf80fffff]
[    0.075959] pci 0000:03:00.0: reg 10 64bit mmio: [0xdf3f0000-0xdf3fffff]
[    0.076177] pci 0000:00:1c.1: bridge io port: [0x3000-0x3fff]
[    0.076181] pci 0000:00:1c.1: bridge 32bit mmio: [0xdc000000-0xdf3fffff]
[    0.076191] pci 0000:00:1c.1: bridge 64bit mmio pref: [0xdfe00000-0xdfefffff]
[    0.076247] pci 0000:00:1c.2: bridge io port: [0x4000-0x4fff]
[    0.076253] pci 0000:00:1c.2: bridge 32bit mmio: [0xd8000000-0xd9ffffff]
[    0.076262] pci 0000:00:1c.2: bridge 64bit mmio pref: [0xdfb00000-0xdfbfffff]
[    0.076317] pci 0000:00:1c.3: bridge io port: [0x5000-0x5fff]
[    0.076324] pci 0000:00:1c.3: bridge 32bit mmio: [0xd4000000-0xd5ffffff]
[    0.076332] pci 0000:00:1c.3: bridge 64bit mmio pref: [0xdf800000-0xdf8fffff]
[    0.076387] pci 0000:00:1c.4: bridge io port: [0x6000-0x6fff]
[    0.076393] pci 0000:00:1c.4: bridge 32bit mmio: [0xd0000000-0xd1ffffff]
[    0.076402] pci 0000:00:1c.4: bridge 64bit mmio pref: [0xdf500000-0xdf5fffff]
[    0.076467] pci 0000:15:00.0: reg 10 32bit mmio: [0xf8300000-0xf8300fff]
[    0.076516] pci 0000:15:00.0: supports D1 D2
[    0.076517] pci 0000:15:00.0: PME# supported from D0 D1 D2 D3hot D3cold
[    0.076602] pci 0000:15:00.0: PME# disabled
[    0.076747] pci 0000:15:00.1: reg 10 32bit mmio: [0xf8301000-0xf83017ff]
[    0.076844] pci 0000:15:00.1: supports D1 D2
[    0.076845] pci 0000:15:00.1: PME# supported from D0 D1 D2 D3hot D3cold
[    0.076937] pci 0000:15:00.1: PME# disabled
[    0.077092] pci 0000:00:1e.0: transparent bridge
[    0.077192] pci 0000:00:1e.0: bridge io port: [0x7000-0xafff]
[    0.077199] pci 0000:00:1e.0: bridge 32bit mmio: [0xf8300000-0xfbffffff]
[    0.077206] pci 0000:00:1e.0: bridge 64bit mmio pref: [0xf4000000-0xf7ffffff]
[    0.077268] pci_bus 0000:00: on NUMA node 0
[    0.077272] ACPI: PCI Interrupt Routing Table [\_SB_.PCI0._PRT]
[    0.077405] ACPI: PCI Interrupt Routing Table [\_SB_.PCI0.EXP0._PRT]
[    0.077465] ACPI: PCI Interrupt Routing Table [\_SB_.PCI0.EXP1._PRT]
[    0.077523] ACPI: PCI Interrupt Routing Table [\_SB_.PCI0.EXP2._PRT]
[    0.077581] ACPI: PCI Interrupt Routing Table [\_SB_.PCI0.EXP3._PRT]
[    0.077644] ACPI: PCI Interrupt Routing Table [\_SB_.PCI0.EXP4._PRT]
[    0.077706] ACPI: PCI Interrupt Routing Table [\_SB_.PCI0.PCI1._PRT]
[    0.083207] ACPI: PCI Interrupt Link [LNKA] (IRQs 3 4 5 6 7 9 *10 11)
[    0.084007] ACPI: PCI Interrupt Link [LNKB] (IRQs 3 4 5 6 7 9 10 *11)
[    0.084731] ACPI: PCI Interrupt Link [LNKC] (IRQs 3 4 5 6 7 9 10 *11)
[    0.085462] ACPI: PCI Interrupt Link [LNKD] (IRQs 3 4 5 6 7 9 10 *11)
[    0.086237] ACPI: PCI Interrupt Link [LNKE] (IRQs 3 4 5 6 7 9 10 *11)
[    0.087031] ACPI: PCI Interrupt Link [LNKF] (IRQs 3 4 5 6 7 9 10 *11)
[    0.087799] ACPI: PCI Interrupt Link [LNKG] (IRQs 3 4 5 6 7 9 10 *11)
[    0.088550] ACPI: PCI Interrupt Link [LNKH] (IRQs 3 4 5 6 7 9 10 *11)
[    0.089264] vgaarb: device added: PCI:0000:00:02.0,decodes=io+mem,owns=io+mem,locks=none
[    0.089390] vgaarb: loaded
[    0.089564] SCSI subsystem initialized
[    0.089659] libata version 3.00 loaded.
[    0.089706] usbcore: registered new interface driver usbfs
[    0.089824] usbcore: registered new interface driver hub
[    0.089934] usbcore: registered new device driver usb
[    0.107042] raid6: int32x1    941 MB/s
[    0.124059] raid6: int32x2    890 MB/s
[    0.140988] raid6: int32x4    746 MB/s
[    0.157993] raid6: int32x8    656 MB/s
[    0.174988] raid6: mmxx1     2878 MB/s
[    0.191987] raid6: mmxx2     3253 MB/s
[    0.209005] raid6: sse1x1    1937 MB/s
[    0.225993] raid6: sse1x2    2535 MB/s
[    0.242980] raid6: sse2x1    3507 MB/s
[    0.259970] raid6: sse2x2    3820 MB/s
[    0.260052] raid6: using algorithm sse2x2 (3820 MB/s)
[    0.260138] PCI: Using ACPI for IRQ routing
[    0.260438] HPET: 3 timers in total, 0 timers will be used for per-cpu timer
[    0.260983] Switching to clocksource tsc
[    0.261083] pnp: PnP ACPI init
[    0.261177] ACPI: bus type pnp registered
[    0.264825] pnp: PnP ACPI: found 11 devices
[    0.264922] ACPI: ACPI bus type pnp unregistered
[    0.265016] system 00:00: iomem range 0x0-0x9ffff could not be reserved
[    0.265110] system 00:00: iomem range 0xc0000-0xc3fff could not be reserved
[    0.265210] system 00:00: iomem range 0xc4000-0xc7fff could not be reserved
[    0.265295] system 00:00: iomem range 0xc8000-0xcbfff has been reserved
[    0.265390] system 00:00: iomem range 0xcc000-0xcffff has been reserved
[    0.265476] system 00:00: iomem range 0xd0000-0xd3fff could not be reserved
[    0.265570] system 00:00: iomem range 0xe0000-0xe3fff could not be reserved
[    0.265658] system 00:00: iomem range 0xe4000-0xe7fff could not be reserved
[    0.265745] system 00:00: iomem range 0xe8000-0xebfff could not be reserved
[    0.265838] system 00:00: iomem range 0xec000-0xeffff could not be reserved
[    0.265928] system 00:00: iomem range 0xf0000-0xfffff could not be reserved
[    0.266017] system 00:00: iomem range 0x100000-0x3dffffff could not be reserved
[    0.266138] system 00:00: iomem range 0xfec00000-0xfed3ffff could not be reserved
[    0.266254] system 00:00: iomem range 0xfed4c000-0xffffffff could not be reserved
[    0.266370] system 00:02: ioport range 0x164e-0x164f has been reserved
[    0.266463] system 00:02: ioport range 0x1000-0x107f has been reserved
[    0.266547] system 00:02: ioport range 0x1180-0x11bf has been reserved
[    0.266633] system 00:02: ioport range 0x800-0x80f has been reserved
[    0.266726] system 00:02: ioport range 0x15e0-0x15ef has been reserved
[    0.266812] system 00:02: ioport range 0x1600-0x165f could not be reserved
[    0.266906] system 00:02: iomem range 0xf0000000-0xf3ffffff has been reserved
[    0.266996] system 00:02: iomem range 0xfed1c000-0xfed1ffff has been reserved
[    0.267089] system 00:02: iomem range 0xfed14000-0xfed17fff has been reserved
[    0.267183] system 00:02: iomem range 0xfed18000-0xfed18fff has been reserved
[    0.267282] system 00:02: iomem range 0xfed19000-0xfed19fff has been reserved
[    0.267369] system 00:02: iomem range 0xfed45000-0xfed4bfff has been reserved
[    0.302403] pci 0000:00:1c.0: PCI bridge, secondary bus 0000:02
[    0.302493] pci 0000:00:1c.0:   IO window: 0x2000-0x2fff
[    0.302580] pci 0000:00:1c.0:   MEM window: 0xfc000000-0xfdffffff
[    0.302672] pci 0000:00:1c.0:   PREFETCH window: 0x000000f8000000-0x000000f80fffff
[    0.302800] pci 0000:00:1c.1: PCI bridge, secondary bus 0000:03
[    0.302893] pci 0000:00:1c.1:   IO window: 0x3000-0x3fff
[    0.302985] pci 0000:00:1c.1:   MEM window: 0xdc000000-0xdf3fffff
[    0.303083] pci 0000:00:1c.1:   PREFETCH window: 0x000000dfe00000-0x000000dfefffff
[    0.303209] pci 0000:00:1c.2: PCI bridge, secondary bus 0000:04
[    0.303300] pci 0000:00:1c.2:   IO window: 0x4000-0x4fff
[    0.303395] pci 0000:00:1c.2:   MEM window: 0xd8000000-0xd9ffffff
[    0.303481] pci 0000:00:1c.2:   PREFETCH window: 0x000000dfb00000-0x000000dfbfffff
[    0.303608] pci 0000:00:1c.3: PCI bridge, secondary bus 0000:05
[    0.303710] pci 0000:00:1c.3:   IO window: 0x5000-0x5fff
[    0.303802] pci 0000:00:1c.3:   MEM window: 0xd4000000-0xd5ffffff
[    0.303893] pci 0000:00:1c.3:   PREFETCH window: 0x000000df800000-0x000000df8fffff
[    0.304008] pci 0000:00:1c.4: PCI bridge, secondary bus 0000:0d
[    0.304097] pci 0000:00:1c.4:   IO window: 0x6000-0x6fff
[    0.304190] pci 0000:00:1c.4:   MEM window: 0xd0000000-0xd1ffffff
[    0.304285] pci 0000:00:1c.4:   PREFETCH window: 0x000000df500000-0x000000df5fffff
[    0.304409] pci 0000:15:00.0: CardBus bridge, secondary bus 0000:16
[    0.304495] pci 0000:15:00.0:   IO window: 0x007000-0x0070ff
[    0.304595] pci 0000:15:00.0:   IO window: 0x007400-0x0074ff
[    0.304684] pci 0000:15:00.0:   PREFETCH window: 0xf4000000-0xf7ffffff
[    0.304774] pci 0000:15:00.0:   MEM window: 0x40000000-0x43ffffff
[    0.304869] pci 0000:00:1e.0: PCI bridge, secondary bus 0000:15
[    0.304959] pci 0000:00:1e.0:   IO window: 0x7000-0xafff
[    0.305059] pci 0000:00:1e.0:   MEM window: 0xf8300000-0xfbffffff
[    0.305154] pci 0000:00:1e.0:   PREFETCH window: 0x000000f4000000-0x000000f7ffffff
[    0.305292] pci 0000:00:1c.0: PCI INT A -> GSI 20 (level, low) -> IRQ 20
[    0.305387] pci 0000:00:1c.0: setting latency timer to 64
[    0.305401] pci 0000:00:1c.1: PCI INT B -> GSI 21 (level, low) -> IRQ 21
[    0.305495] pci 0000:00:1c.1: setting latency timer to 64
[    0.305507] pci 0000:00:1c.2: PCI INT C -> GSI 22 (level, low) -> IRQ 22
[    0.305603] pci 0000:00:1c.2: setting latency timer to 64
[    0.305617] pci 0000:00:1c.3: PCI INT D -> GSI 23 (level, low) -> IRQ 23
[    0.305710] pci 0000:00:1c.3: setting latency timer to 64
[    0.305722] pci 0000:00:1c.4: PCI INT A -> GSI 20 (level, low) -> IRQ 20
[    0.305818] pci 0000:00:1c.4: setting latency timer to 64
[    0.305827] pci 0000:00:1e.0: enabling device (0005 -> 0007)
[    0.305921] pci 0000:00:1e.0: setting latency timer to 64
[    0.305936] pci 0000:15:00.0: PCI INT A -> GSI 16 (level, low) -> IRQ 16
[    0.306032] pci 0000:15:00.0: setting latency timer to 64
[    0.306038] pci_bus 0000:00: resource 0 io:  [0x00-0xffff]
[    0.306040] pci_bus 0000:00: resource 1 mem: [0x000000-0xffffffff]
[    0.306042] pci_bus 0000:02: resource 0 io:  [0x2000-0x2fff]
[    0.306044] pci_bus 0000:02: resource 1 mem: [0xfc000000-0xfdffffff]
[    0.306046] pci_bus 0000:02: resource 2 pref mem [0xf8000000-0xf80fffff]
[    0.306048] pci_bus 0000:03: resource 0 io:  [0x3000-0x3fff]
[    0.306049] pci_bus 0000:03: resource 1 mem: [0xdc000000-0xdf3fffff]
[    0.306051] pci_bus 0000:03: resource 2 pref mem [0xdfe00000-0xdfefffff]
[    0.306053] pci_bus 0000:04: resource 0 io:  [0x4000-0x4fff]
[    0.306055] pci_bus 0000:04: resource 1 mem: [0xd8000000-0xd9ffffff]
[    0.306057] pci_bus 0000:04: resource 2 pref mem [0xdfb00000-0xdfbfffff]
[    0.306059] pci_bus 0000:05: resource 0 io:  [0x5000-0x5fff]
[    0.306061] pci_bus 0000:05: resource 1 mem: [0xd4000000-0xd5ffffff]
[    0.306063] pci_bus 0000:05: resource 2 pref mem [0xdf800000-0xdf8fffff]
[    0.306065] pci_bus 0000:0d: resource 0 io:  [0x6000-0x6fff]
[    0.306066] pci_bus 0000:0d: resource 1 mem: [0xd0000000-0xd1ffffff]
[    0.306068] pci_bus 0000:0d: resource 2 pref mem [0xdf500000-0xdf5fffff]
[    0.306070] pci_bus 0000:15: resource 0 io:  [0x7000-0xafff]
[    0.306072] pci_bus 0000:15: resource 1 mem: [0xf8300000-0xfbffffff]
[    0.306074] pci_bus 0000:15: resource 2 pref mem [0xf4000000-0xf7ffffff]
[    0.306076] pci_bus 0000:15: resource 3 io:  [0x00-0xffff]
[    0.306077] pci_bus 0000:15: resource 4 mem: [0x000000-0xffffffff]
[    0.306079] pci_bus 0000:16: resource 0 io:  [0x7000-0x70ff]
[    0.306081] pci_bus 0000:16: resource 1 io:  [0x7400-0x74ff]
[    0.306083] pci_bus 0000:16: resource 2 pref mem [0xf4000000-0xf7ffffff]
[    0.306085] pci_bus 0000:16: resource 3 mem: [0x40000000-0x43ffffff]
[    0.306092] NET: Registered protocol family 2
[    0.306187] RANDOM - __random32 called. Change num 7.  Value: 437d97bf	f373de51	f3b0f986
[    0.306188] RANDOM - random32 called.  Value: 437d97bf	f373de51	f3b0f986
[    0.306193] random 0000 0000 0000 5f8db4e5 4cfdf2a8: rand_read_num 3 get_random_bytes(4): sig fffffb64 5f8db4e5 4cfdf2a8
[    0.306195] random 0000 0000 0000 5f8db4e5 4cfdf2a8: extract_entropy(.. 4 ..)
[    0.306198] random 0000 0000 0000 5f8db4e5 4cfdf2a8: going to reseed nonblocking with 64 bits (32 of 0 requested)
[    0.306200] random 0000 0000 0000 5f8db4e5 4cfdf2a8: extract_entropy(.. 8 ..)
[    0.306202] random 0000 0000 0000 5f8db4e5 4cfdf2a8: trying to extract 64 bits from input
[    0.306204] random 0000 0000 0000 5f8db4e5 4cfdf2a8: debiting 0 entropy credits from input
[    0.306206] random 0000 0000 0000 5f8db4e5 4cfdf2a8: extract_entropy account returned: 0 
[    0.306209] random 0000 0000 0000 5f8db4e5 4cfdf2a8: urand_change_num 5 xfer_secondary_pool(4): pool_sig fffffb64, data_sig 00000000, bytes_mixed 0 5f8db4e5 4cfdf2a8
[    0.306212] random 0000 0000 0000 5f8db4e5 4cfdf2a8: trying to extract 32 bits from nonblocking
[    0.306214] random 0000 0000 0000 5f8db4e5 4cfdf2a8: debiting 32 entropy credits from nonblocking (unlimited)
[    0.306216] random 0000 0000 0000 5f8db4e5 4cfdf2a8: extract_entropy account returned: 4 
[    0.306221] random 0000 0000 0000 5f8db4e5 4cfdf2a8: urand_change_num 6 extract_buf: pool_sig fffffb64, data_sig 00000241, bytes_mixed 20 5f8db4e5 4cfdf2a8
[    0.306230] IP route cache hash table entries: 32768 (order: 5, 131072 bytes)
[    0.306357] RANDOM - __random32 called. Change num 8.  Value: d97bfe31	373de51f	f30dc6e6
[    0.306359] RANDOM - random32 called.  Value: d97bfe31	373de51f	f30dc6e6
[    0.306369] RANDOM - __random32 called. Change num 9.  Value: bfe314d7	73de51f5	8dcd6c7e
[    0.306371] RANDOM - random32 called.  Value: bfe314d7	73de51f5	8dcd6c7e
[    0.306373] RANDOM - __random32 called. Change num 10.  Value: 314d7baf	3de51f5e	d8fc74c1
[    0.306374] RANDOM - random32 called.  Value: 314d7baf	3de51f5e	d8fc74c1
[    0.306385] RANDOM - __random32 called. Change num 11.  Value: d7baf3c7	de51f5e5	e983e3fa
[    0.306386] RANDOM - random32 called.  Value: d7baf3c7	de51f5e5	e983e3fa
[    0.306397] TCP established hash table entries: 131072 (order: 8, 1048576 bytes)
[    0.306885] TCP bind hash table entries: 65536 (order: 6, 262144 bytes)
[    0.307069] TCP: Hash tables configured (established 131072 bind 65536)
[    0.307160] TCP reno registered
[    0.307262] NET: Registered protocol family 1
[    0.307383] RPC: Registered udp transport module.
[    0.307472] RPC: Registered tcp transport module.
[    0.307554] RPC: Registered tcp NFSv4.1 backchannel transport module.
[    0.307658] pci 0000:00:02.0: Boot video device
[    0.307906] Simple Boot Flag at 0x35 set to 0x1
[    0.308414] highmem bounce pool size: 64 pages
[    0.310000] VFS: Disk quotas dquot_6.5.2
[    0.310118] Dquot-cache hash table entries: 1024 (order 0, 4096 bytes)
[    0.310775] NTFS driver 2.1.29 [Flags: R/W].
[    0.310937] ROMFS MTD (C) 2007 Red Hat, Inc.
[    0.311141] JFS: nTxBlock = 7695, nTxLock = 61562
[    0.313594] SGI XFS with ACLs, security attributes, large block/inode numbers, no debug enabled
[    0.314103] SGI XFS Quota Management subsystem
[    0.314383] Slow work thread pool: Starting up
[    0.314484] Slow work thread pool: Ready
[    0.314570] GFS2 (built May 24 2013 02:47:17) installed
[    0.314660] msgmni has been set to 1734
[    0.314825] alg: No test for cipher_null (cipher_null-generic)
[    0.314938] alg: No test for ecb(cipher_null) (ecb-cipher_null)
[    0.315038] alg: No test for digest_null (digest_null-generic)
[    0.315135] alg: No test for compress_null (compress_null-generic)
[    0.315684] alg: No test for fcrypt (fcrypt-generic)
[    0.317117] alg: No test for stdrng (krng)
[    0.317205] async_tx: api initialized (async)
[    0.317361] Block layer SCSI generic (bsg) driver version 0.4 loaded (major 254)
[    0.317479] io scheduler noop registered
[    0.317562] io scheduler anticipatory registered
[    0.317646] io scheduler deadline registered
[    0.317779] io scheduler cfq registered (default)
[    0.318042] pcieport 0000:00:1c.0: irq 24 for MSI/MSI-X
[    0.318059] pcieport 0000:00:1c.0: setting latency timer to 64
[    0.318244] pcieport 0000:00:1c.1: irq 25 for MSI/MSI-X
[    0.318256] pcieport 0000:00:1c.1: setting latency timer to 64
[    0.318432] pcieport 0000:00:1c.2: irq 26 for MSI/MSI-X
[    0.318444] pcieport 0000:00:1c.2: setting latency timer to 64
[    0.318619] pcieport 0000:00:1c.3: irq 27 for MSI/MSI-X
[    0.318631] pcieport 0000:00:1c.3: setting latency timer to 64
[    0.318811] pcieport 0000:00:1c.4: irq 28 for MSI/MSI-X
[    0.318822] pcieport 0000:00:1c.4: setting latency timer to 64
[    0.318977] pci_hotplug: PCI Hot Plug PCI Core version: 0.5
[    0.319164] isapnp: Scanning for PnP cards...
[    0.679697] isapnp: No Plug & Play device found
[    0.679781] random 0000 0000 0000 5f8db4e5 4cfdf2a8: initializing
[    0.679783] RANDOM init_std_data for input now value: 1370015963679784794
[    0.679785] RANDOM init_std_data for blocking now value: 1370015963679786794
[    0.679787] RANDOM init_std_data for nonblocking now value: 1370015963679788498
[    0.699299] Serial: 8250/16550 driver, 4 ports, IRQ sharing enabled
[    3.710535] floppy0: no floppy controllers found
[    3.711476] brd: module loaded
[    3.711979] loop: module loaded
[    3.712062] Compaq SMART2 Driver (v 2.6.0)
[    3.712185] HP CISS Driver (v 3.6.20)
[    3.712427] input: Macintosh mouse button emulation as /devices/virtual/input/input0
[    3.712577] Uniform Multi-Platform E-IDE driver
[    3.712807] piix 0000:00:1f.1: IDE controller (0x8086:0x2850 rev 0x03)
[    3.712915] pci 0000:00:1f.1: PCI INT C -> GSI 16 (level, low) -> IRQ 16
[    3.713026] piix 0000:00:1f.1: IDE port disabled
[    3.713123] piix 0000:00:1f.1: not 100% native mode: will probe irqs later
[    3.713216]     ide0: BM-DMA at 0x1c00-0x1c07
[    3.713305] Probing IDE interface ide0...
[    4.384688] hda: HL-DT-ST DVDRAM GSA-U10N, ATAPI CD/DVD-ROM drive
[    4.691468] hda: host max PIO4 wanted PIO255(auto-tune) selected PIO4
[    4.692238] hda: UDMA/33 mode selected
[    4.692708] ide0 at 0x1f0-0x1f7,0x3f6 on irq 14
[    4.696597] ide-gd driver 1.18
[    4.696701] ide-cd driver 5.00
[    4.698087] random 0000 0000 0000 00000000 00000000: add_disk_randomness(0:0) 00000000 00000000
[    4.698091] random 0000 0000 0000 00000000 00000000: add_timer_randomness(.. 256) with jiffies: 17491209340357148282, cycles: -955534737647075319
[    4.698093] random 0000 0000 0000 00000000 00000000: added 11 entropy credits to input
[    4.698097] ide-cd: hda: ATAPI 24X DVD-ROM DVD-R/RAM CD-R/RW drive, 2048kB Cache
[    4.698519] Uniform CD-ROM driver Revision: 3.20
[    4.701352] random 0011 0000 0000 00000000 00000000: add_disk_randomness(0:0) 00000000 00000000
[    4.701355] random 0011 0000 0000 00000000 00000000: add_timer_randomness(.. 256) with jiffies: 17520587930274070141, cycles: -926156147730153463
[    4.701357] random 0011 0000 0000 00000000 00000000: added 1 entropy credits to input
[    4.701360] random 0012 0000 0000 00000000 00000000: add_disk_randomness(0:0) 00000000 00000000
[    4.701363] random 0012 0000 0000 00000000 00000000: add_timer_randomness(.. 256) with jiffies: 17520664367807037053, cycles: -926079710197186551
[    4.703348] random 0012 0000 0000 00000000 00000000: add_disk_randomness(0:0) 00000000 00000000
[    4.703351] random 0012 0000 0000 00000000 00000000: add_timer_randomness(.. 256) with jiffies: 17538551570860047999, cycles: -908192507144175607
[    4.703354] random 0012 0000 0000 00000000 00000000: added 1 entropy credits to input
[    4.703357] random 0013 0000 0000 00000000 00000000: add_disk_randomness(0:0) 00000000 00000000
[    4.703360] random 0013 0000 0000 00000000 00000000: add_timer_randomness(.. 256) with jiffies: 17538627243888836223, cycles: -908116834115387383
[    4.705347] random 0013 0000 0000 00000000 00000000: add_disk_randomness(0:0) 00000000 00000000
[    4.705350] random 0013 0000 0000 00000000 00000000: add_timer_randomness(.. 256) with jiffies: 17556532842286775937, cycles: -890211235717447671
[    4.705352] random 0013 0000 0000 00000000 00000000: added 1 entropy credits to input
[    4.705355] random 0014 0000 0000 00000000 00000000: add_disk_randomness(0:0) 00000000 00000000
[    4.705358] random 0014 0000 0000 00000000 00000000: add_timer_randomness(.. 256) with jiffies: 17556607841005698689, cycles: -890136236998524919
[    4.705636] Loading iSCSI transport class v2.0-870.
[    4.705918] rdac: device handler registered
[    4.706001] hp_sw: device handler registered
[    4.706088] emc: device handler registered
[    4.706172] alua: device handler registered
[    4.707158] Adaptec aacraid driver 1.1-5[2461]-ms
[    4.707579] scsi: <fdomain> Detection failed (no card)
[    4.707676] sym53c416.c: Version 1.0.0-ac
[    4.707784] qlogicfas: no cards were found, please specify I/O address and IRQ using iobase= and irq= options
[    4.707903] QLogic Fibre Channel HBA Driver: 8.03.01-k6
[    4.708127] iscsi: registered transport (qla4xxx)
[    4.708238] QLogic iSCSI HBA Driver
[    4.708326] Emulex LightPulse Fibre Channel SCSI driver 8.3.4
[    4.708411] Copyright(c) 2004-2009 Emulex.  All rights reserved.
[    4.730452] Failed initialization of WD-7000 SCSI card!
[    4.820034] DC390: clustering now enabled by default. If you get problems load
[    4.820148]        with "disable_clustering=1" and report to maintainers
[    4.820279] megaraid cmm: 2.20.2.7 (Release Date: Sun Jul 16 00:01:03 EST 2006)
[    4.820433] megaraid: 2.20.5.1 (Release Date: Thu Nov 16 15:32:35 EST 2006)
[    4.820552] megasas: 00.00.04.01 Thu July 24 11:41:51 PST 2008
[    4.820679] GDT-HA: Storage RAID Controller Driver. Version: 3.05
[    4.820825] 3ware Storage Controller device driver for Linux v1.26.02.002.
[    4.820933] 3ware 9000 Storage Controller device driver for Linux v2.26.02.012.
[    4.821071] nsp32: loading...
[    4.821183] ipr: IBM Power RAID SCSI Device Driver version: 2.4.3 (June 10, 2009)
[    4.821321] RocketRAID 3xxx/4xxx Controller driver v1.6 (090910)
[    4.821431] stex: Promise SuperTrak EX Driver version: 4.6.0000.3
[    4.821560] st: Version 20081215, fixed bufsize 32768, s/g segs 256
[    4.821755] ahci 0000:00:1f.2: version 3.0
[    4.821770] ahci 0000:00:1f.2: PCI INT B -> GSI 16 (level, low) -> IRQ 16
[    4.821902] ahci 0000:00:1f.2: irq 29 for MSI/MSI-X
[    4.821959] ahci 0000:00:1f.2: AHCI 0001.0100 32 slots 3 ports 1.5 Gbps 0x5 impl SATA mode
[    4.822082] ahci 0000:00:1f.2: flags: 64bit ncq sntf pm led clo pio slum part ccc 
[    4.822200] ahci 0000:00:1f.2: setting latency timer to 64
[    4.822344] scsi2 : ahci
[    4.822519] scsi3 : ahci
[    4.822652] scsi4 : ahci
[    4.822810] ata1: SATA max UDMA/133 abar m2048@0xfe226000 port 0xfe226100 irq 29
[    4.822921] ata2: DUMMY
[    4.823003] ata3: SATA max UDMA/133 abar m2048@0xfe226000 port 0xfe226200 irq 29
[    4.823610] I2O subsystem v1.325
[    4.823692] i2o: max drivers = 8
[    4.823833] I2O Configuration OSM v1.323
[    4.823938] I2O Bus Adapter OSM v1.317
[    4.824040] I2O Block Device OSM v1.325
[    4.824189] I2O SCSI Peripheral OSM v1.316
[    4.824289] I2O ProcFS OSM v1.316
[    4.824389] Fusion MPT base driver 3.04.12
[    4.824498] Copyright (c) 1999-2008 LSI Corporation
[    4.824585] Fusion MPT SPI Host driver 3.04.12
[    4.824731] Fusion MPT FC Host driver 3.04.12
[    4.824838] Fusion MPT SAS Host driver 3.04.12
[    4.824987] ohci1394 0000:15:00.1: PCI INT B -> GSI 17 (level, low) -> IRQ 17
[    4.825087] ohci1394 0000:15:00.1: setting latency timer to 64
[    4.878456] ohci1394: fw-host0: OHCI-1394 1.1 (PCI): IRQ=[17]  MMIO=[f8301000-f83017ff]  Max Packet=[2048]  IR/IT contexts=[4/4]
[    4.882718] ehci_hcd: USB 2.0 'Enhanced' Host Controller (EHCI) Driver
[    4.883039] ehci_hcd 0000:00:1a.7: power state changed by ACPI to D0
[    4.883279] ehci_hcd 0000:00:1a.7: power state changed by ACPI to D0
[    4.883380] ehci_hcd 0000:00:1a.7: PCI INT C -> GSI 22 (level, low) -> IRQ 22
[    4.883486] ehci_hcd 0000:00:1a.7: setting latency timer to 64
[    4.883489] ehci_hcd 0000:00:1a.7: EHCI Host Controller
[    4.883621] ehci_hcd 0000:00:1a.7: new USB bus registered, assigned bus number 1
[    4.887655] ehci_hcd 0000:00:1a.7: cache line size of 32 is not supported
[    4.887664] ehci_hcd 0000:00:1a.7: irq 22, io mem 0xfe226c00
[    4.897418] ehci_hcd 0000:00:1a.7: USB 2.0 started, EHCI 1.00
[    4.897524] usb usb1: New USB device found, idVendor=1d6b, idProduct=0002
[    4.897613] usb usb1: New USB device strings: Mfr=3, Product=2, SerialNumber=1
[    4.897729] usb usb1: Product: EHCI Host Controller
[    4.897815] usb usb1: Manufacturer: Linux 2.6.32.57 ehci_hcd
[    4.897898] usb usb1: SerialNumber: 0000:00:1a.7
[    4.898037] usb usb1: configuration #1 chosen from 1 choice
[    4.898156] hub 1-0:1.0: USB hub found
[    4.898243] hub 1-0:1.0: 4 ports detected
[    4.898536] ehci_hcd 0000:00:1d.7: power state changed by ACPI to D0
[    4.898774] ehci_hcd 0000:00:1d.7: power state changed by ACPI to D0
[    4.898867] ehci_hcd 0000:00:1d.7: PCI INT D -> GSI 19 (level, low) -> IRQ 19
[    4.898961] ehci_hcd 0000:00:1d.7: setting latency timer to 64
[    4.898966] ehci_hcd 0000:00:1d.7: EHCI Host Controller
[    4.899088] ehci_hcd 0000:00:1d.7: new USB bus registered, assigned bus number 2
[    4.899241] ehci_hcd 0000:00:1d.7: debug port 1
[    4.903208] ehci_hcd 0000:00:1d.7: cache line size of 32 is not supported
[    4.903217] ehci_hcd 0000:00:1d.7: irq 19, io mem 0xfe227000
[    4.913416] ehci_hcd 0000:00:1d.7: USB 2.0 started, EHCI 1.00
[    4.913510] usb usb2: New USB device found, idVendor=1d6b, idProduct=0002
[    4.913606] usb usb2: New USB device strings: Mfr=3, Product=2, SerialNumber=1
[    4.913717] usb usb2: Product: EHCI Host Controller
[    4.913801] usb usb2: Manufacturer: Linux 2.6.32.57 ehci_hcd
[    4.913885] usb usb2: SerialNumber: 0000:00:1d.7
[    4.914014] usb usb2: configuration #1 chosen from 1 choice
[    4.914123] hub 2-0:1.0: USB hub found
[    4.914210] hub 2-0:1.0: 6 ports detected
[    4.914381] 116x: driver isp116x-hcd, 03 Nov 2005
[    4.914492] ohci_hcd: USB 1.1 'Open' Host Controller (OHCI) Driver
[    4.914603] uhci_hcd: USB Universal Host Controller Interface driver
[    4.914719] uhci_hcd 0000:00:1a.0: PCI INT A -> GSI 20 (level, low) -> IRQ 20
[    4.914819] uhci_hcd 0000:00:1a.0: setting latency timer to 64
[    4.914823] uhci_hcd 0000:00:1a.0: UHCI Host Controller
[    4.914951] uhci_hcd 0000:00:1a.0: new USB bus registered, assigned bus number 3
[    4.915093] uhci_hcd 0000:00:1a.0: irq 20, io base 0x00001860
[    4.915212] usb usb3: New USB device found, idVendor=1d6b, idProduct=0001
[    4.915298] usb usb3: New USB device strings: Mfr=3, Product=2, SerialNumber=1
[    4.915428] usb usb3: Product: UHCI Host Controller
[    4.915511] usb usb3: Manufacturer: Linux 2.6.32.57 uhci_hcd
[    4.915598] usb usb3: SerialNumber: 0000:00:1a.0
[    4.915732] usb usb3: configuration #1 chosen from 1 choice
[    4.915845] hub 3-0:1.0: USB hub found
[    4.915936] hub 3-0:1.0: 2 ports detected
[    4.916222] uhci_hcd 0000:00:1a.1: power state changed by ACPI to D0
[    4.916489] uhci_hcd 0000:00:1a.1: power state changed by ACPI to D0
[    4.916581] uhci_hcd 0000:00:1a.1: PCI INT B -> GSI 21 (level, low) -> IRQ 21
[    4.916669] uhci_hcd 0000:00:1a.1: setting latency timer to 64
[    4.916672] uhci_hcd 0000:00:1a.1: UHCI Host Controller
[    4.916794] uhci_hcd 0000:00:1a.1: new USB bus registered, assigned bus number 4
[    4.916945] uhci_hcd 0000:00:1a.1: irq 21, io base 0x00001880
[    4.917056] usb usb4: New USB device found, idVendor=1d6b, idProduct=0001
[    4.917143] usb usb4: New USB device strings: Mfr=3, Product=2, SerialNumber=1
[    4.917256] usb usb4: Product: UHCI Host Controller
[    4.917340] usb usb4: Manufacturer: Linux 2.6.32.57 uhci_hcd
[    4.917433] usb usb4: SerialNumber: 0000:00:1a.1
[    4.917566] usb usb4: configuration #1 chosen from 1 choice
[    4.917685] hub 4-0:1.0: USB hub found
[    4.917772] hub 4-0:1.0: 2 ports detected
[    4.918064] uhci_hcd 0000:00:1d.0: power state changed by ACPI to D0
[    4.918306] uhci_hcd 0000:00:1d.0: power state changed by ACPI to D0
[    4.918398] uhci_hcd 0000:00:1d.0: PCI INT A -> GSI 16 (level, low) -> IRQ 16
[    4.918497] uhci_hcd 0000:00:1d.0: setting latency timer to 64
[    4.918502] uhci_hcd 0000:00:1d.0: UHCI Host Controller
[    4.918637] uhci_hcd 0000:00:1d.0: new USB bus registered, assigned bus number 5
[    4.918782] uhci_hcd 0000:00:1d.0: irq 16, io base 0x000018a0
[    4.918891] usb usb5: New USB device found, idVendor=1d6b, idProduct=0001
[    4.918982] usb usb5: New USB device strings: Mfr=3, Product=2, SerialNumber=1
[    4.919104] usb usb5: Product: UHCI Host Controller
[    4.919188] usb usb5: Manufacturer: Linux 2.6.32.57 uhci_hcd
[    4.919281] usb usb5: SerialNumber: 0000:00:1d.0
[    4.919422] usb usb5: configuration #1 chosen from 1 choice
[    4.919540] hub 5-0:1.0: USB hub found
[    4.919632] hub 5-0:1.0: 2 ports detected
[    4.919772] uhci_hcd 0000:00:1d.1: PCI INT B -> GSI 17 (level, low) -> IRQ 17
[    4.919870] uhci_hcd 0000:00:1d.1: setting latency timer to 64
[    4.919875] uhci_hcd 0000:00:1d.1: UHCI Host Controller
[    4.919997] uhci_hcd 0000:00:1d.1: new USB bus registered, assigned bus number 6
[    4.920131] uhci_hcd 0000:00:1d.1: irq 17, io base 0x000018c0
[    4.920233] usb usb6: New USB device found, idVendor=1d6b, idProduct=0001
[    4.920330] usb usb6: New USB device strings: Mfr=3, Product=2, SerialNumber=1
[    4.920453] usb usb6: Product: UHCI Host Controller
[    4.920552] usb usb6: Manufacturer: Linux 2.6.32.57 uhci_hcd
[    4.920637] usb usb6: SerialNumber: 0000:00:1d.1
[    4.920772] usb usb6: configuration #1 chosen from 1 choice
[    4.920885] hub 6-0:1.0: USB hub found
[    4.920968] hub 6-0:1.0: 2 ports detected
[    4.921253] uhci_hcd 0000:00:1d.2: power state changed by ACPI to D0
[    4.921547] uhci_hcd 0000:00:1d.2: power state changed by ACPI to D0
[    4.921635] uhci_hcd 0000:00:1d.2: PCI INT C -> GSI 18 (level, low) -> IRQ 18
[    4.921730] uhci_hcd 0000:00:1d.2: setting latency timer to 64
[    4.921732] uhci_hcd 0000:00:1d.2: UHCI Host Controller
[    4.921854] uhci_hcd 0000:00:1d.2: new USB bus registered, assigned bus number 7
[    4.922009] uhci_hcd 0000:00:1d.2: irq 18, io base 0x000018e0
[    4.922122] usb usb7: New USB device found, idVendor=1d6b, idProduct=0001
[    4.922210] usb usb7: New USB device strings: Mfr=3, Product=2, SerialNumber=1
[    4.922334] usb usb7: Product: UHCI Host Controller
[    4.922426] usb usb7: Manufacturer: Linux 2.6.32.57 uhci_hcd
[    4.922511] usb usb7: SerialNumber: 0000:00:1d.2
[    4.923296] usb usb7: configuration #1 chosen from 1 choice
[    4.923415] hub 7-0:1.0: USB hub found
[    4.923497] hub 7-0:1.0: 2 ports detected
[    4.923651] sl811: driver sl811-hcd, 19 May 2005
[    4.923755] r8a66597_hcd: driver r8a66597_hcd, 2009-05-26
[    4.923920] Initializing USB Mass Storage driver...
[    4.924042] usbcore: registered new interface driver usb-storage
[    4.924133] USB Mass Storage support registered.
[    4.924233] usbcore: registered new interface driver ums-alauda
[    4.924334] usbcore: registered new interface driver ums-cypress
[    4.924449] usbcore: registered new interface driver ums-datafab
[    4.924552] usbcore: registered new interface driver ums-freecom
[    4.924661] usbcore: registered new interface driver ums-isd200
[    4.924763] usbcore: registered new interface driver ums-jumpshot
[    4.924865] usbcore: registered new interface driver ums-karma
[    4.924978] usbcore: registered new interface driver ums-onetouch
[    4.925084] usbcore: registered new interface driver ums-sddr09
[    4.925192] usbcore: registered new interface driver ums-sddr55
[    4.925303] usbcore: registered new interface driver ums-usbat
[    4.925465] PNP: PS/2 Controller [PNP0303:KBD,PNP0f13:MOU] at 0x60,0x64 irq 1,12
[    4.934533] serio: i8042 KBD port at 0x60,0x64 irq 1
[    4.934619] serio: i8042 AUX port at 0x60,0x64 irq 12
[    4.934865] mice: PS/2 mouse device common for all mice
[    4.934973] i2c /dev entries driver
[    4.935102] md: linear personality registered for level -1
[    4.935188] md: raid0 personality registered for level 0
[    4.935272] md: raid1 personality registered for level 1
[    4.935359] md: raid10 personality registered for level 10
[    4.935448] md: raid6 personality registered for level 6
[    4.935537] md: raid5 personality registered for level 5
[    4.935623] md: raid4 personality registered for level 4
[    4.935703] md: multipath personality registered for level -4
[    4.935887] device-mapper: ioctl: 4.15.0-ioctl (2009-04-01) initialised: dm-devel@redhat.com
[    4.936093] cpuidle: using governor ladder
[    4.936689] usbcore: registered new interface driver usbhid
[    4.936776] usbhid: v2.6:USB HID core driver
[    4.936917] random 0014 0000 0000 00000000 00000000: rand_read_num 4 get_random_bytes(136): sig 00000000 00000000 00000000
[    4.936920] random 0014 0000 0000 00000000 00000000: extract_entropy(.. 136 ..)
[    4.936922] random 0014 0000 0000 00000000 00000000: going to reseed nonblocking with 1024 bits (1088 of 0 requested)
[    4.936925] random 0014 0000 0000 00000000 00000000: extract_entropy(.. 128 ..)
[    4.936927] random 0014 0000 0000 00000000 00000000: trying to extract 1024 bits from input
[    4.936929] random 0014 0000 0000 00000000 00000000: debiting 0 entropy credits from input
[    4.936931] random 0014 0000 0000 00000000 00000000: extract_entropy account returned: 0 
[    4.936934] random 0014 0000 0000 00000000 00000000: urand_change_num 7 xfer_secondary_pool(136): pool_sig 00000000, data_sig 00000000, bytes_mixed 0 00000000 00000000
[    4.936937] random 0014 0000 0000 00000000 00000000: trying to extract 1088 bits from nonblocking
[    4.936940] random 0014 0000 0000 00000000 00000000: debiting 1088 entropy credits from nonblocking (unlimited)
[    4.936942] random 0014 0000 0000 00000000 00000000: extract_entropy account returned: 136 
[    4.936946] random 0014 0000 0000 00000000 00000000: urand_change_num 8 extract_buf: pool_sig 00000000, data_sig fffffff9, bytes_mixed 20 00000000 00000000
[    4.936952] random 0014 0000 0000 b7c35b56 be4dc95d: urand_change_num 9 extract_buf: pool_sig fffffd1e, data_sig 000000c5, bytes_mixed 20 b7c35b56 be4dc95d
[    4.936957] random 0014 0000 0000 ed9f5c47 c48487fb: urand_change_num 10 extract_buf: pool_sig fffff8ec, data_sig ffffff68, bytes_mixed 20 ed9f5c47 c48487fb
[    4.936962] random 0014 0000 0000 ed9f5c47 c48487fb: urand_change_num 11 extract_buf: pool_sig fffffaed, data_sig 000001aa, bytes_mixed 20 ed9f5c47 c48487fb
[    4.936967] random 0014 0000 0000 1b4f7c0a 91bd6a48: urand_change_num 12 extract_buf: pool_sig fffffdd8, data_sig 00000064, bytes_mixed 20 1b4f7c0a 91bd6a48
[    4.936973] random 0014 0000 0000 a254b9bc 20e9a24f: urand_change_num 13 extract_buf: pool_sig fffffbe6, data_sig 000001dd, bytes_mixed 20 a254b9bc 20e9a24f
[    4.936978] random 0014 0000 0000 a254b9bc 20e9a24f: urand_change_num 14 extract_buf: pool_sig fffff940, data_sig fffffe20, bytes_mixed 20 a254b9bc 20e9a24f
[    4.936983] random 0014 0000 0000 2831a66b 5fa2a3ad: urand_change_num 15 extract_buf: pool_sig fffffbce, data_sig 0000007e, bytes_mixed 20 2831a66b 5fa2a3ad
[    4.936988] random 0014 0000 0000 2831a66b 5fa2a3ad: urand_change_num 16 extract_buf: pool_sig 000004df, data_sig fffffe8f, bytes_mixed 20 2831a66b 5fa2a3ad
[    4.937000] random 0014 0000 0000 d4512bfd c9a54e0b: urand_change_num 17 extract_buf: pool_sig 00000485, data_sig fffffe68, bytes_mixed 20 d4512bfd c9a54e0b
[    4.937006] random 0014 0000 0000 c7371be6 f9ffea11: urand_change_num 18 extract_buf: pool_sig 00000095, data_sig ffffffed, bytes_mixed 20 c7371be6 f9ffea11
[    4.937011] random 0014 0000 0000 c7371be6 f9ffea11: urand_change_num 19 extract_buf: pool_sig 000003a7, data_sig fffffefa, bytes_mixed 20 c7371be6 f9ffea11
[    4.937016] random 0014 0000 0000 8fb4b62c d1ddba54: urand_change_num 20 extract_buf: pool_sig 00000179, data_sig ffffff78, bytes_mixed 20 8fb4b62c d1ddba54
[    4.937021] random 0014 0000 0000 9ff19f9c c07a1d2a: urand_change_num 21 extract_buf: pool_sig fffffe88, data_sig 00000126, bytes_mixed 20 9ff19f9c c07a1d2a
[    4.937026] TCP cubic registered
[    4.937113] Initializing XFRM netlink socket
[    4.937203] NET: Registered protocol family 17
[    4.937295] Using IPI Shortcut mode
[    4.937379] random 0014 0000 0000 9ff19f9c c07a1d2a: rand_read_num 5 get_random_bytes(8): sig 0000031b 9ff19f9c c07a1d2a
[    4.937382] random 0014 0000 0000 9ff19f9c c07a1d2a: extract_entropy(.. 8 ..)
[    4.937384] random 0014 0000 0000 9ff19f9c c07a1d2a: going to reseed nonblocking with 64 bits (64 of 0 requested)
[    4.937386] random 0014 0000 0000 9ff19f9c c07a1d2a: extract_entropy(.. 8 ..)
[    4.937388] random 0014 0000 0000 9ff19f9c c07a1d2a: trying to extract 64 bits from input
[    4.937390] random 0014 0000 0000 9ff19f9c c07a1d2a: debiting 0 entropy credits from input
[    4.937392] random 0014 0000 0000 9ff19f9c c07a1d2a: extract_entropy account returned: 0 
[    4.937396] random 0014 0000 0000 9ff19f9c c07a1d2a: urand_change_num 22 xfer_secondary_pool(8): pool_sig 0000031b, data_sig 00000000, bytes_mixed 0 9ff19f9c c07a1d2a
[    4.937398] random 0014 0000 0000 9ff19f9c c07a1d2a: trying to extract 64 bits from nonblocking
[    4.937401] random 0014 0000 0000 9ff19f9c c07a1d2a: debiting 64 entropy credits from nonblocking (unlimited)
[    4.937403] random 0014 0000 0000 9ff19f9c c07a1d2a: extract_entropy account returned: 8 
[    4.937407] random 0014 0000 0000 9ff19f9c c07a1d2a: urand_change_num 23 extract_buf: pool_sig 0000031b, data_sig ffffffb3, bytes_mixed 20 9ff19f9c c07a1d2a
[    4.940569] input: AT Translated Set 2 keyboard as /devices/platform/i8042/serio0/input/input1
[    5.129411] ata1: SATA link up 1.5 Gbps (SStatus 113 SControl 300)
[    5.129517] ata3: SATA link down (SStatus 0 SControl 300)
[    5.131116] ata1.00: ACPI cmd ef/02:00:00:00:00:a0 (SET FEATURES) succeeded
[    5.131119] ata1.00: ACPI cmd f5/00:00:00:00:00:a0 (SECURITY FREEZE LOCK) filtered out
[    5.132514] ata1.00: ACPI cmd ef/5f:00:00:00:00:a0 (SET FEATURES) succeeded
[    5.132516] ata1.00: ACPI cmd ef/10:03:00:00:00:a0 (SET FEATURES) filtered out
[    5.134426] ata1.00: ATA-7: ST910021AS, 4.06, max UDMA/100
[    5.134515] ata1.00: 195371568 sectors, multi 16: LBA48 
[    5.136664] ata1.00: ACPI cmd ef/02:00:00:00:00:a0 (SET FEATURES) succeeded
[    5.136667] ata1.00: ACPI cmd f5/00:00:00:00:00:a0 (SECURITY FREEZE LOCK) filtered out
[    5.138052] ata1.00: ACPI cmd ef/5f:00:00:00:00:a0 (SET FEATURES) succeeded
[    5.138055] ata1.00: ACPI cmd ef/10:03:00:00:00:a0 (SET FEATURES) filtered out
[    5.139985] ata1.00: configured for UDMA/100
[    5.150458] scsi 2:0:0:0: Direct-Access     ATA      ST910021AS       4.06 PQ: 0 ANSI: 5
[    5.150740] sd 2:0:0:0: [sda] 195371568 512-byte logical blocks: (100 GB/93.1 GiB)
[    5.150884] sd 2:0:0:0: [sda] Write Protect is off
[    5.150968] sd 2:0:0:0: [sda] Mode Sense: 00 3a 00 00
[    5.150981] sd 2:0:0:0: [sda] Write cache: enabled, read cache: enabled, doesn't support DPO or FUA
[    5.151165]  sda:
[    5.588687] random 0014 0000 0000 277f73c3 42024bb9: add_disk_randomness(8:0) 277f73c3 42024bb9
[    5.588771] random 0014 0000 0000 277f73c3 42024bb9: add_timer_randomness(.. 8388864) with jiffies: 7058115900082979228, cycles: 7058115895788306442
[    5.588774] random 0014 0000 0000 277f73c3 42024bb9: added 11 entropy credits to input
[    5.588778]  sda1 sda2
[    5.589259] random 0025 0000 0000 277f73c3 42024bb9: add_disk_randomness(8:0) 277f73c3 42024bb9
[    5.589262] random 0025 0000 0000 277f73c3 42024bb9: add_timer_randomness(.. 8388864) with jiffies: 7062542186004054428, cycles: 7062542181709381642
[    5.589422] sd 2:0:0:0: [sda] Attached SCSI disk
[    5.589514] random 0025 0000 0000 277f73c3 42024bb9: rand_read_num 6 get_random_bytes(12): sig 000007e9 277f73c3 42024bb9
[    5.589517] random 0025 0000 0000 277f73c3 42024bb9: extract_entropy(.. 12 ..)
[    5.589519] random 0025 0000 0000 277f73c3 42024bb9: going to reseed nonblocking with 96 bits (96 of 0 requested)
[    5.589522] random 0025 0000 0000 277f73c3 42024bb9: extract_entropy(.. 12 ..)
[    5.589524] random 0025 0000 0000 277f73c3 42024bb9: trying to extract 96 bits from input
[    5.589526] random 0025 0000 0000 277f73c3 42024bb9: debiting 0 entropy credits from input
[    5.589528] random 0025 0000 0000 277f73c3 42024bb9: extract_entropy account returned: 0 
[    5.589531] random 0025 0000 0000 277f73c3 42024bb9: urand_change_num 24 xfer_secondary_pool(12): pool_sig 000007e9, data_sig 00000000, bytes_mixed 0 277f73c3 42024bb9
[    5.589534] random 0025 0000 0000 277f73c3 42024bb9: trying to extract 96 bits from nonblocking
[    5.589537] random 0025 0000 0000 277f73c3 42024bb9: debiting 96 entropy credits from nonblocking (unlimited)
[    5.589539] random 0025 0000 0000 277f73c3 42024bb9: extract_entropy account returned: 12 
[    5.589543] random 0025 0000 0000 277f73c3 42024bb9: urand_change_num 25 extract_buf: pool_sig 000007e9, data_sig 00000088, bytes_mixed 20 277f73c3 42024bb9
[    5.589549] random 0025 0000 0000 277f73c3 42024bb9: urand_change_num 26 extract_buf: pool_sig 00000498, data_sig fffffefb, bytes_mixed 20 277f73c3 42024bb9
[    5.589551] RANDOM - __seed init called.
[    5.589552] RANDOM - __seed init called.
[    5.589553] RANDOM - __seed init called.
[    5.589555] RANDOM - __random32 called. Change num 12.  Value: 87f14767	f0d7351	b1e48bd3
[    5.589557] RANDOM - random32_reseed called.  Value: 87f14767	f0d7351	b1e48bd3
[    5.589560] Pid: 1, comm: swapper Not tainted 2.6.32.57 #6
[    5.589647] Call Trace:
[    5.589731]  [<c1923ca4>] ? random32_reseed+0xa0/0xb1
[    5.589818]  [<c1923c04>] ? random32_reseed+0x0/0xb1
[    5.589899]  [<c100111e>] ? do_one_initcall+0x2e/0x180
[    5.589986]  [<c1907265>] ? kernel_init+0xad/0x103
[    5.590081]  [<c19071b8>] ? kernel_init+0x0/0x103
[    5.590164]  [<c1003787>] ? kernel_thread_helper+0x7/0x10
[    5.590699] random 0025 0000 0000 386b4e60 ee4d4880: rand_read_num 7 get_random_bytes(64): sig fffffea5 386b4e60 ee4d4880
[    5.590702] random 0025 0000 0000 386b4e60 ee4d4880: extract_entropy(.. 64 ..)
[    5.590704] random 0025 0000 0000 386b4e60 ee4d4880: going to reseed nonblocking with 512 bits (512 of 0 requested)
[    5.590706] random 0025 0000 0000 386b4e60 ee4d4880: extract_entropy(.. 64 ..)
[    5.590708] random 0025 0000 0000 386b4e60 ee4d4880: trying to extract 512 bits from input
[    5.590711] random 0025 0000 0000 386b4e60 ee4d4880: debiting 0 entropy credits from input
[    5.590713] random 0025 0000 0000 386b4e60 ee4d4880: extract_entropy account returned: 0 
[    5.590716] random 0025 0000 0000 386b4e60 ee4d4880: urand_change_num 27 xfer_secondary_pool(64): pool_sig fffffea5, data_sig 00000000, bytes_mixed 0 386b4e60 ee4d4880
[    5.590719] random 0025 0000 0000 386b4e60 ee4d4880: trying to extract 512 bits from nonblocking
[    5.590721] random 0025 0000 0000 386b4e60 ee4d4880: debiting 512 entropy credits from nonblocking (unlimited)
[    5.590724] random 0025 0000 0000 386b4e60 ee4d4880: extract_entropy account returned: 64 
[    5.590728] random 0025 0000 0000 386b4e60 ee4d4880: urand_change_num 28 extract_buf: pool_sig fffffea5, data_sig 00000173, bytes_mixed 20 386b4e60 ee4d4880
[    5.590733] random 0025 0000 0000 412698f6 0cc8689a: urand_change_num 29 extract_buf: pool_sig 00000122, data_sig ffffff63, bytes_mixed 20 412698f6 0cc8689a
[    5.590739] random 0025 0000 0000 412698f6 0cc8689a: urand_change_num 30 extract_buf: pool_sig 000001f7, data_sig 00000012, bytes_mixed 20 412698f6 0cc8689a
[    5.590744] random 0025 0000 0000 9669941e 06f768b1: urand_change_num 31 extract_buf: pool_sig fffffb5b, data_sig 0000003f, bytes_mixed 20 9669941e 06f768b1
[    5.590749] random 0025 0000 0000 98486520 995551f0: urand_change_num 32 extract_buf: pool_sig fffffb39, data_sig 0000000e, bytes_mixed 20 98486520 995551f0
[    5.590754] random 0025 0000 0000 98486520 995551f0: urand_change_num 33 extract_buf: pool_sig fffffd8d, data_sig 000001a6, bytes_mixed 20 98486520 995551f0
[    5.590760] random 0025 0000 0000 61fc8914 d5882ed2: urand_change_num 34 extract_buf: pool_sig fffffa58, data_sig 0000023e, bytes_mixed 20 61fc8914 d5882ed2
[    5.590791] random 0025 0000 0000 61fc8914 d5882ed2: rand_read_num 8 get_random_bytes(64): sig fffff9ee 61fc8914 d5882ed2
[    5.590793] random 0025 0000 0000 61fc8914 d5882ed2: extract_entropy(.. 64 ..)
[    5.590795] random 0025 0000 0000 61fc8914 d5882ed2: going to reseed nonblocking with 512 bits (512 of 0 requested)
[    5.590798] random 0025 0000 0000 61fc8914 d5882ed2: extract_entropy(.. 64 ..)
[    5.590800] random 0025 0000 0000 61fc8914 d5882ed2: trying to extract 512 bits from input
[    5.590802] random 0025 0000 0000 61fc8914 d5882ed2: debiting 0 entropy credits from input
[    5.590804] random 0025 0000 0000 61fc8914 d5882ed2: extract_entropy account returned: 0 
[    5.590807] random 0025 0000 0000 61fc8914 d5882ed2: urand_change_num 35 xfer_secondary_pool(64): pool_sig fffff9ee, data_sig 00000000, bytes_mixed 0 61fc8914 d5882ed2
[    5.590810] random 0025 0000 0000 61fc8914 d5882ed2: trying to extract 512 bits from nonblocking
[    5.590812] random 0025 0000 0000 61fc8914 d5882ed2: debiting 512 entropy credits from nonblocking (unlimited)
[    5.590815] random 0025 0000 0000 61fc8914 d5882ed2: extract_entropy account returned: 64 
[    5.590819] random 0025 0000 0000 61fc8914 d5882ed2: urand_change_num 36 extract_buf: pool_sig fffff9ee, data_sig ffffff85, bytes_mixed 20 61fc8914 d5882ed2
[    5.590824] random 0025 0000 0000 70cfd302 e5edec11: urand_change_num 37 extract_buf: pool_sig fffffdc1, data_sig ffffffde, bytes_mixed 20 70cfd302 e5edec11
[    5.590829] random 0025 0000 0000 00dab838 eafd2b30: urand_change_num 38 extract_buf: pool_sig 000003da, data_sig ffffff61, bytes_mixed 20 00dab838 eafd2b30
[    5.590835] random 0025 0000 0000 00dab838 eafd2b30: urand_change_num 39 extract_buf: pool_sig 00000314, data_sig 00000121, bytes_mixed 20 00dab838 eafd2b30
[    5.590840] random 0025 0000 0000 5fcdf66a 6442b608: urand_change_num 40 extract_buf: pool_sig 0000028b, data_sig fffffefd, bytes_mixed 20 5fcdf66a 6442b608
[    5.590845] random 0025 0000 0000 61333f6b 8fae0f9b: urand_change_num 41 extract_buf: pool_sig 000000cb, data_sig 000000b3, bytes_mixed 20 61333f6b 8fae0f9b
[    5.590850] random 0025 0000 0000 61333f6b 8fae0f9b: urand_change_num 42 extract_buf: pool_sig fffffef8, data_sig 00000051, bytes_mixed 20 61333f6b 8fae0f9b
[    5.590853] BEGIN NET_SECRET:
[    5.590854] \xffffffe0
[    5.590855] \xffffffb6
[    5.590856] \x36
[    5.590857] \xffffffb5
[    5.590858] \xffffff94
[    5.590859] \xffffffb2
[    5.590859] \xffffffa8
[    5.590860] \xffffffda
[    5.590861] \x5b
[    5.590862] \x19
[    5.590862] \x18
[    5.590863] \x5c
[    5.590864] \x2b
[    5.590865] \x1
[    5.590865] \xffffff90
[    5.590866] \x19
[    5.590867] \x3c
[    5.590868] \xfffffff2
[    5.590868] \xffffff82
[    5.590869] \x2a
[    5.590870] \xffffffb3
[    5.590871] \xffffffa2
[    5.590872] \x3f
[    5.590872] \x5
[    5.590873] \x52
[    5.590874] \x77
[    5.590875] \x57
[    5.590875] \x79
[    5.590876] \x16
[    5.590877] \x43
[    5.590877] \xffffff84
[    5.590878] \xffffffc3
[    5.590879] \xffffffe9
[    5.590880] \x79
[    5.590881] \x50
[    5.590881] \xffffff8e
[    5.590882] \x3f
[    5.590883] \xfffffff3
[    5.590884] \x19
[    5.590884] \x2a
[    5.590885] \xfffffffd
[    5.590886] \xfffffffb
[    5.590887] \x62
[    5.590888] \x3c
[    5.590888] \xffffffac
[    5.590889] \x1c
[    5.590890] \x3b
[    5.590891] \x3b
[    5.590891] \x15
[    5.590892] \x27
[    5.590893] \xffffffa8
[    5.590893] \x22
[    5.590894] \xffffffc5
[    5.590895] \xffffff9a
[    5.590896] \x5
[    5.590897] \x6c
[    5.590897] \xffffffa8
[    5.590898] \x3a
[    5.590899] \x44
[    5.590900] \xffffffaf
[    5.590901] \x13
[    5.590901] \xffffffe0
[    5.590902] \xffffff9d
[    5.590903] \x22
[    5.590904] 
[    5.590904] END NET_SECRET
[    5.590907] random 0025 0000 0000 e7f555d9 e8ce5c3c: rand_read_num 9 get_random_bytes(4): sig 0000068c e7f555d9 e8ce5c3c
[    5.590909] random 0025 0000 0000 e7f555d9 e8ce5c3c: extract_entropy(.. 4 ..)
[    5.590912] random 0025 0000 0000 e7f555d9 e8ce5c3c: going to reseed nonblocking with 64 bits (32 of 0 requested)
[    5.590914] random 0025 0000 0000 e7f555d9 e8ce5c3c: extract_entropy(.. 8 ..)
[    5.590916] random 0025 0000 0000 e7f555d9 e8ce5c3c: trying to extract 64 bits from input
[    5.590918] random 0025 0000 0000 e7f555d9 e8ce5c3c: debiting 0 entropy credits from input
[    5.590920] random 0025 0000 0000 e7f555d9 e8ce5c3c: extract_entropy account returned: 0 
[    5.590923] random 0025 0000 0000 e7f555d9 e8ce5c3c: urand_change_num 43 xfer_secondary_pool(4): pool_sig 0000068c, data_sig 00000000, bytes_mixed 0 e7f555d9 e8ce5c3c
[    5.590926] random 0025 0000 0000 e7f555d9 e8ce5c3c: trying to extract 32 bits from nonblocking
[    5.590929] random 0025 0000 0000 e7f555d9 e8ce5c3c: debiting 32 entropy credits from nonblocking (unlimited)
[    5.590931] random 0025 0000 0000 e7f555d9 e8ce5c3c: extract_entropy account returned: 4 
[    5.590935] random 0025 0000 0000 e7f555d9 e8ce5c3c: urand_change_num 44 extract_buf: pool_sig 0000068c, data_sig fffffdcb, bytes_mixed 20 e7f555d9 e8ce5c3c
[    5.590946] md: Waiting for all devices to be available before autodetect
[    5.591040] md: If you don't use raid, use raid=noautodetect
[    5.591205] md: Autodetecting RAID arrays.
[    5.591292] md: Scanned 0 and added 0 devices.
[    5.591380] md: autorun ...
[    5.591463] md: ... autorun DONE.
[    5.604894] random 0025 0000 0000 e7f555d9 e8ce5c3c: add_disk_randomness(8:0) e7f555d9 e8ce5c3c
[    5.604897] random 0025 0000 0000 e7f555d9 e8ce5c3c: add_timer_randomness(.. 8388864) with jiffies: 7203215009331773868, cycles: 7203215005037101066
[    5.604900] random 0025 0000 0000 e7f555d9 e8ce5c3c: added 4 entropy credits to input
[    5.606018] random 0029 0000 0000 e7f555d9 e8ce5c3c: add_disk_randomness(8:0) e7f555d9 e8ce5c3c
[    5.606021] random 0029 0000 0000 e7f555d9 e8ce5c3c: add_timer_randomness(.. 8388864) with jiffies: 7213331070358094253, cycles: 7213331066063421450
[    5.606138] random 0029 0000 0000 e7f555d9 e8ce5c3c: add_disk_randomness(8:0) e7f555d9 e8ce5c3c
[    5.606141] random 0029 0000 0000 e7f555d9 e8ce5c3c: add_timer_randomness(.. 8388864) with jiffies: 7214407810069266861, cycles: 7214407805774594058
[    5.606146] EXT3-fs: sda2: couldn't mount because of unsupported optional features (240).
[    5.606373] random 0029 0000 0000 e7f555d9 e8ce5c3c: add_disk_randomness(8:0) e7f555d9 e8ce5c3c
[    5.606376] random 0029 0000 0000 e7f555d9 e8ce5c3c: add_timer_randomness(.. 8388864) with jiffies: 7216510239510331822, cycles: 7216510235215659018
[    5.606380] EXT2-fs: sda2: couldn't mount because of unsupported optional features (240).
[    5.606640] random 0029 0000 0000 e7f555d9 e8ce5c3c: add_disk_randomness(8:0) e7f555d9 e8ce5c3c
[    5.606643] random 0029 0000 0000 e7f555d9 e8ce5c3c: add_timer_randomness(.. 8388864) with jiffies: 7218913780518584750, cycles: 7218913776223911946
[    5.606780] random 0029 0000 0000 e7f555d9 e8ce5c3c: add_disk_randomness(8:0) e7f555d9 e8ce5c3c
[    5.606783] random 0029 0000 0000 e7f555d9 e8ce5c3c: add_timer_randomness(.. 8388864) with jiffies: 7220183355671413166, cycles: 7220183351376740362
[    5.606902] random 0029 0000 0000 e7f555d9 e8ce5c3c: add_disk_randomness(8:0) e7f555d9 e8ce5c3c
[    5.606905] random 0029 0000 0000 e7f555d9 e8ce5c3c: add_timer_randomness(.. 8388864) with jiffies: 7221278765605421486, cycles: 7221278761310748682
[    5.607015] random 0029 0000 0000 e7f555d9 e8ce5c3c: add_disk_randomness(8:0) e7f555d9 e8ce5c3c
[    5.607018] random 0029 0000 0000 e7f555d9 e8ce5c3c: add_timer_randomness(.. 8388864) with jiffies: 7222299992864293294, cycles: 7222299988569620490
[    5.607132] random 0029 0000 0000 e7f555d9 e8ce5c3c: add_disk_randomness(8:0) e7f555d9 e8ce5c3c
[    5.607135] random 0029 0000 0000 e7f555d9 e8ce5c3c: add_timer_randomness(.. 8388864) with jiffies: 7223351430923125166, cycles: 7223351426628452362
[    5.607278] random 0029 0000 0000 e7f555d9 e8ce5c3c: add_disk_randomness(8:0) e7f555d9 e8ce5c3c
[    5.607281] random 0029 0000 0000 e7f555d9 e8ce5c3c: add_timer_randomness(.. 8388864) with jiffies: 7224664840512176558, cycles: 7224664836217503754
[    5.607406] random 0029 0000 0000 e7f555d9 e8ce5c3c: add_disk_randomness(8:0) e7f555d9 e8ce5c3c
[    5.607409] random 0029 0000 0000 e7f555d9 e8ce5c3c: add_timer_randomness(.. 8388864) with jiffies: 7225805077019853231, cycles: 7225805072725180426
[    5.607527] random 0029 0000 0000 e7f555d9 e8ce5c3c: add_disk_randomness(8:0) e7f555d9 e8ce5c3c
[    5.607530] random 0029 0000 0000 e7f555d9 e8ce5c3c: add_timer_randomness(.. 8388864) with jiffies: 7226899091089490351, cycles: 7226899086794817546
[    5.607770] random 0029 0000 0000 e7f555d9 e8ce5c3c: rand_read_num 10 get_random_bytes(4): sig ffffff72 e7f555d9 e8ce5c3c
[    5.607773] random 0029 0000 0000 e7f555d9 e8ce5c3c: extract_entropy(.. 4 ..)
[    5.607775] random 0029 0000 0000 e7f555d9 e8ce5c3c: going to reseed nonblocking with 64 bits (32 of 0 requested)
[    5.607777] random 0029 0000 0000 e7f555d9 e8ce5c3c: extract_entropy(.. 8 ..)
[    5.607779] random 0029 0000 0000 e7f555d9 e8ce5c3c: trying to extract 64 bits from input
[    5.607782] random 0029 0000 0000 e7f555d9 e8ce5c3c: debiting 0 entropy credits from input
[    5.607784] random 0029 0000 0000 e7f555d9 e8ce5c3c: extract_entropy account returned: 0 
[    5.607787] random 0029 0000 0000 e7f555d9 e8ce5c3c: urand_change_num 45 xfer_secondary_pool(4): pool_sig ffffff72, data_sig 00000000, bytes_mixed 0 e7f555d9 e8ce5c3c
[    5.607790] random 0029 0000 0000 e7f555d9 e8ce5c3c: trying to extract 32 bits from nonblocking
[    5.607792] random 0029 0000 0000 e7f555d9 e8ce5c3c: debiting 32 entropy credits from nonblocking (unlimited)
[    5.607794] random 0029 0000 0000 e7f555d9 e8ce5c3c: extract_entropy account returned: 4 
[    5.607798] random 0029 0000 0000 e7f555d9 e8ce5c3c: urand_change_num 46 extract_buf: pool_sig ffffff72, data_sig ffffff72, bytes_mixed 20 e7f555d9 e8ce5c3c
[    5.619348] random 0029 0000 0000 91716c54 eeb6a1e7: add_disk_randomness(8:0) 91716c54 eeb6a1e7
[    5.619351] random 0029 0000 0000 91716c54 eeb6a1e7: add_timer_randomness(.. 8388864) with jiffies: 7333254103519953339, cycles: 7333254099225280522
[    5.619354] random 0029 0000 0000 91716c54 eeb6a1e7: added 3 entropy credits to input
[    5.637623] random 0032 0000 0000 91716c54 eeb6a1e7: add_disk_randomness(8:0) 91716c54 eeb6a1e7
[    5.637626] random 0032 0000 0000 91716c54 eeb6a1e7: add_timer_randomness(.. 8388864) with jiffies: 7497677975735468493, cycles: 7497677971440795658
[    5.637629] random 0032 0000 0000 91716c54 eeb6a1e7: added 2 entropy credits to input
[    5.642267] EXT4-fs (sda2): mounted filesystem with ordered data mode
[    5.642460] VFS: Mounted root (ext4 filesystem) readonly on device 8:2.
[    5.642561] Freeing unused kernel memory: 448k freed
[    5.662770] random 0034 0000 0000 91716c54 eeb6a1e7: add_disk_randomness(8:0) 91716c54 eeb6a1e7
[    5.662773] random 0034 0000 0000 91716c54 eeb6a1e7: add_timer_randomness(.. 8388864) with jiffies: 7723938304587694566, cycles: 7723938300293021706
[    5.663502] random 0034 0000 0000 91716c54 eeb6a1e7: add_disk_randomness(8:0) 91716c54 eeb6a1e7
[    5.663505] random 0034 0000 0000 91716c54 eeb6a1e7: add_timer_randomness(.. 8388864) with jiffies: 7730513289632514535, cycles: 7730513285337841674
[    5.668223] random 0034 0000 0000 91716c54 eeb6a1e7: add_disk_randomness(8:0) 91716c54 eeb6a1e7
[    5.668226] random 0034 0000 0000 91716c54 eeb6a1e7: add_timer_randomness(.. 8388864) with jiffies: 7773000626542969323, cycles: 7773000622248296458
[    5.668228] random 0034 0000 0000 91716c54 eeb6a1e7: added 1 entropy credits to input
[    5.676426] random 0035 0000 0000 91716c54 eeb6a1e7: add_disk_randomness(8:0) 91716c54 eeb6a1e7
[    5.676429] random 0035 0000 0000 91716c54 eeb6a1e7: add_timer_randomness(.. 8388864) with jiffies: 7846794504059978228, cycles: 7846794499765305354
[    5.676432] random 0035 0000 0000 91716c54 eeb6a1e7: added 1 entropy credits to input
[    5.679852] random 0036 0000 0000 91716c54 eeb6a1e7: add_disk_randomness(8:0) 91716c54 eeb6a1e7
[    5.679855] random 0036 0000 0000 91716c54 eeb6a1e7: add_timer_randomness(.. 8388864) with jiffies: 7877622512295313911, cycles: 7877622508000641034
[    5.679857] random 0036 0000 0000 91716c54 eeb6a1e7: added 1 entropy credits to input
[    5.688742] random 0037 0000 0000 91716c54 eeb6a1e7: add_disk_randomness(8:0) 91716c54 eeb6a1e7
[    5.688745] random 0037 0000 0000 91716c54 eeb6a1e7: add_timer_randomness(.. 8388864) with jiffies: 7957606154945397248, cycles: 7957606150650724362
[    5.688747] random 0037 0000 0000 91716c54 eeb6a1e7: added 2 entropy credits to input
[    5.693701] random 0039 0000 0000 91716c54 eeb6a1e7: add_disk_randomness(8:0) 91716c54 eeb6a1e7
[    5.693704] random 0039 0000 0000 91716c54 eeb6a1e7: add_timer_randomness(.. 8388864) with jiffies: 8002222348230689285, cycles: 8002222343936016394
[    5.693706] random 0039 0000 0000 91716c54 eeb6a1e7: added 2 entropy credits to input
[    5.701777] random 0041 0000 0000 91716c54 eeb6a1e7: add_disk_randomness(8:0) 91716c54 eeb6a1e7
[    5.701780] random 0041 0000 0000 91716c54 eeb6a1e7: add_timer_randomness(.. 8388864) with jiffies: 8074887804695052813, cycles: 8074887800400379914
[    5.701782] random 0041 0000 0000 91716c54 eeb6a1e7: added 1 entropy credits to input
[    5.701805] RANDOM get_random_int call with cycles 44829808023, jiffies 4294672909 and pid 1
[    5.701808] RANDOM get_random_int call with cycles 44829815268, jiffies 4294672909 and pid 1
[    5.701810] ASLR stack rand value: 4640768 after shift for pid: 1
[    5.701812] RANDOM get_random_int call with cycles 44829823248, jiffies 4294672909 and pid 1
[    5.713424] random 0042 0000 0000 91716c54 eeb6a1e7: add_disk_randomness(8:0) 91716c54 eeb6a1e7
[    5.713427] random 0042 0000 0000 91716c54 eeb6a1e7: add_timer_randomness(.. 8388864) with jiffies: 8179670189080281625, cycles: 8179670184785608714
[    5.713437] RANDOM get_random_int call with cycles 44854175026, jiffies 4294672921 and pid 1
[    5.713443] random 0042 0000 0000 91716c54 eeb6a1e7: rand_read_num 11 get_random_bytes(16): sig fffffcad 91716c54 eeb6a1e7
[    5.713446] random 0042 0000 0000 91716c54 eeb6a1e7: extract_entropy(.. 16 ..)
[    5.713448] random 0042 0000 0000 91716c54 eeb6a1e7: going to reseed nonblocking with 128 bits (128 of 0 requested)
[    5.713451] random 0042 0000 0000 91716c54 eeb6a1e7: extract_entropy(.. 16 ..)
[    5.713453] random 0042 0000 0000 91716c54 eeb6a1e7: trying to extract 128 bits from input
[    5.713455] random 0042 0000 0000 91716c54 eeb6a1e7: debiting 0 entropy credits from input
[    5.713457] random 0042 0000 0000 91716c54 eeb6a1e7: extract_entropy account returned: 0 
[    5.713460] random 0042 0000 0000 91716c54 eeb6a1e7: urand_change_num 47 xfer_secondary_pool(16): pool_sig fffffcad, data_sig 00000000, bytes_mixed 0 91716c54 eeb6a1e7
[    5.713463] random 0042 0000 0000 91716c54 eeb6a1e7: trying to extract 128 bits from nonblocking
[    5.713466] random 0042 0000 0000 91716c54 eeb6a1e7: debiting 128 entropy credits from nonblocking (unlimited)
[    5.713468] random 0042 0000 0000 91716c54 eeb6a1e7: extract_entropy account returned: 16 
[    5.713472] random 0042 0000 0000 91716c54 eeb6a1e7: urand_change_num 48 extract_buf: pool_sig fffffcad, data_sig ffffff19, bytes_mixed 20 91716c54 eeb6a1e7
[    5.713478] random 0042 0000 0000 fd637b06 6cf47bc1: urand_change_num 49 extract_buf: pool_sig fffffede, data_sig ffffffc1, bytes_mixed 20 fd637b06 6cf47bc1
[    5.714432] random 0042 0000 0000 fd637b06 6cf47bc1: add_disk_randomness(8:0) fd637b06 6cf47bc1
[    5.714435] random 0042 0000 0000 fd637b06 6cf47bc1: add_timer_randomness(.. 8388864) with jiffies: 8188747392006980122, cycles: 8188747387712307210
[    5.715630] random 0042 0000 0000 fd637b06 6cf47bc1: add_disk_randomness(8:0) fd637b06 6cf47bc1
[    5.715632] random 0042 0000 0000 fd637b06 6cf47bc1: add_timer_randomness(.. 8388864) with jiffies: 8199520965281677851, cycles: 8199520960987004938
[    5.716779] random 0042 0000 0000 fd637b06 6cf47bc1: add_disk_randomness(8:0) fd637b06 6cf47bc1
[    5.716782] random 0042 0000 0000 fd637b06 6cf47bc1: add_timer_randomness(.. 8388864) with jiffies: 8209861429759279644, cycles: 8209861425464606730
[    5.717664] random 0042 0000 0000 fd637b06 6cf47bc1: add_disk_randomness(8:0) fd637b06 6cf47bc1
[    5.717667] random 0042 0000 0000 fd637b06 6cf47bc1: add_timer_randomness(.. 8388864) with jiffies: 8217825407227626013, cycles: 8217825402932953098
[    5.717847] random 0042 0000 0000 fd637b06 6cf47bc1: add_disk_randomness(8:0) fd637b06 6cf47bc1
[    5.717850] random 0042 0000 0000 fd637b06 6cf47bc1: add_timer_randomness(.. 8388864) with jiffies: 8219473390474068509, cycles: 8219473386179395594
[    5.718061] random 0042 0000 0000 fd637b06 6cf47bc1: add_disk_randomness(8:0) fd637b06 6cf47bc1
[    5.718064] random 0042 0000 0000 fd637b06 6cf47bc1: add_timer_randomness(.. 8388864) with jiffies: 8221407474376999453, cycles: 8221407470082326538
[    5.728485] random 0042 0000 0000 fd637b06 6cf47bc1: add_disk_randomness(8:0) fd637b06 6cf47bc1
[    5.728488] random 0042 0000 0000 fd637b06 6cf47bc1: add_timer_randomness(.. 8388864) with jiffies: 8315182501827674664, cycles: 8315182497533001738
[    5.728491] random 0042 0000 0000 fd637b06 6cf47bc1: added 3 entropy credits to input
[    5.728923] random 0045 0000 0000 fd637b06 6cf47bc1: add_disk_randomness(8:0) fd637b06 6cf47bc1
[    5.728926] random 0045 0000 0000 fd637b06 6cf47bc1: add_timer_randomness(.. 8388864) with jiffies: 8319129898895245864, cycles: 8319129894600572938
[    5.738665] random 0045 0000 0000 fd637b06 6cf47bc1: add_disk_randomness(8:0) fd637b06 6cf47bc1
[    5.738668] random 0045 0000 0000 fd637b06 6cf47bc1: add_timer_randomness(.. 8388864) with jiffies: 8406779877780062770, cycles: 8406779873485389834
[    5.738671] random 0045 0000 0000 fd637b06 6cf47bc1: added 3 entropy credits to input
[    5.738723] RANDOM get_random_int call with cycles 44907144639, jiffies 4294672946 and pid 1
[    5.743269] random 0048 0000 0000 fd637b06 6cf47bc1: add_disk_randomness(8:0) fd637b06 6cf47bc1
[    5.743272] random 0048 0000 0000 fd637b06 6cf47bc1: add_timer_randomness(.. 8388864) with jiffies: 8448208651280941622, cycles: 8448208646986268682
[    5.743275] random 0048 0000 0000 fd637b06 6cf47bc1: added 2 entropy credits to input
[    5.756094] random 0050 0000 0000 fd637b06 6cf47bc1: add_disk_randomness(8:0) fd637b06 6cf47bc1
[    5.756097] random 0050 0000 0000 fd637b06 6cf47bc1: add_timer_randomness(.. 8388864) with jiffies: 8563593334235038275, cycles: 8563593329940365322
[    5.756099] random 0050 0000 0000 fd637b06 6cf47bc1: added 3 entropy credits to input
[    5.756240] random 0053 0000 0000 fd637b06 6cf47bc1: add_disk_randomness(8:0) fd637b06 6cf47bc1
[    5.756243] random 0053 0000 0000 fd637b06 6cf47bc1: add_timer_randomness(.. 8388864) with jiffies: 8564908096738787907, cycles: 8564908092444114954
[    5.758399] random 0053 0000 0000 fd637b06 6cf47bc1: add_disk_randomness(8:0) fd637b06 6cf47bc1
[    5.758402] random 0053 0000 0000 fd637b06 6cf47bc1: add_timer_randomness(.. 8388864) with jiffies: 8584321520715399750, cycles: 8584321516420726794
[    5.758405] random 0053 0000 0000 fd637b06 6cf47bc1: added 1 entropy credits to input
[    5.758646] random 0054 0000 0000 fd637b06 6cf47bc1: add_disk_randomness(8:0) fd637b06 6cf47bc1
[    5.758649] random 0054 0000 0000 fd637b06 6cf47bc1: add_timer_randomness(.. 8388864) with jiffies: 8586549410446148166, cycles: 8586549406151475210
[    5.758826] random 0054 0000 0000 fd637b06 6cf47bc1: add_disk_randomness(8:0) fd637b06 6cf47bc1
[    5.758829] random 0054 0000 0000 fd637b06 6cf47bc1: add_timer_randomness(.. 8388864) with jiffies: 8588172096335217222, cycles: 8588172092040544266
[    5.761956] random 0054 0000 0000 fd637b06 6cf47bc1: add_disk_randomness(8:0) fd637b06 6cf47bc1
[    5.761959] random 0054 0000 0000 fd637b06 6cf47bc1: add_timer_randomness(.. 8388864) with jiffies: 8616333105973396041, cycles: 8616333101678723082
[    5.761961] random 0054 0000 0000 fd637b06 6cf47bc1: added 1 entropy credits to input
[    5.763966] random 0055 0000 0000 fd637b06 6cf47bc1: add_disk_randomness(8:0) fd637b06 6cf47bc1
[    5.763969] random 0055 0000 0000 fd637b06 6cf47bc1: add_timer_randomness(.. 8388864) with jiffies: 8634422159604417099, cycles: 8634422155309744138
[    5.771796] random 0055 0000 0000 fd637b06 6cf47bc1: add_disk_randomness(8:0) fd637b06 6cf47bc1
[    5.771799] random 0055 0000 0000 fd637b06 6cf47bc1: add_timer_randomness(.. 8388864) with jiffies: 8704870549655618131, cycles: 8704870545360945162
[    5.771802] random 0055 0000 0000 fd637b06 6cf47bc1: added 2 entropy credits to input
[    5.771933] random 0057 0000 0000 fd637b06 6cf47bc1: add_disk_randomness(8:0) fd637b06 6cf47bc1
[    5.771936] random 0057 0000 0000 fd637b06 6cf47bc1: add_timer_randomness(.. 8388864) with jiffies: 8706101564592063059, cycles: 8706101560297390090
[    5.775495] random 0057 0000 0000 fd637b06 6cf47bc1: add_disk_randomness(8:0) fd637b06 6cf47bc1
[    5.775498] random 0057 0000 0000 fd637b06 6cf47bc1: add_timer_randomness(.. 8388864) with jiffies: 8738142913973420631, cycles: 8738142909678747658
[    5.775501] random 0057 0000 0000 fd637b06 6cf47bc1: added 2 entropy credits to input
[    5.779991] random 0059 0000 0000 fd637b06 6cf47bc1: add_disk_randomness(8:0) fd637b06 6cf47bc1
[    5.779994] random 0059 0000 0000 fd637b06 6cf47bc1: add_timer_randomness(.. 8388864) with jiffies: 8778602145851867739, cycles: 8778602141557194762
[    5.785569] random 0059 0000 0000 fd637b06 6cf47bc1: add_disk_randomness(8:0) fd637b06 6cf47bc1
[    5.785572] random 0059 0000 0000 fd637b06 6cf47bc1: add_timer_randomness(.. 8388864) with jiffies: 8828779857929011809, cycles: 8828779853634338826
[    5.785575] random 0059 0000 0000 fd637b06 6cf47bc1: added 1 entropy credits to input
[    5.791845] random 0060 0000 0000 fd637b06 6cf47bc1: add_disk_randomness(8:0) fd637b06 6cf47bc1
[    5.791848] random 0060 0000 0000 fd637b06 6cf47bc1: add_timer_randomness(.. 8388864) with jiffies: 8885248485914018407, cycles: 8885248481619345418
[    5.791858] random 0060 0000 0000 fd637b06 6cf47bc1: rand_read_num 12 get_random_bytes(16): sig 0000033b fd637b06 6cf47bc1
[    5.791861] random 0060 0000 0000 fd637b06 6cf47bc1: extract_entropy(.. 16 ..)
[    5.791863] random 0060 0000 0000 fd637b06 6cf47bc1: going to reseed nonblocking with 128 bits (128 of 0 requested)
[    5.791866] random 0060 0000 0000 fd637b06 6cf47bc1: extract_entropy(.. 16 ..)
[    5.791868] random 0060 0000 0000 fd637b06 6cf47bc1: trying to extract 128 bits from input
[    5.791870] random 0060 0000 0000 fd637b06 6cf47bc1: debiting 0 entropy credits from input
[    5.791872] random 0060 0000 0000 fd637b06 6cf47bc1: extract_entropy account returned: 0 
[    5.791875] random 0060 0000 0000 fd637b06 6cf47bc1: urand_change_num 50 xfer_secondary_pool(16): pool_sig 0000033b, data_sig 00000000, bytes_mixed 0 fd637b06 6cf47bc1
[    5.791878] random 0060 0000 0000 fd637b06 6cf47bc1: trying to extract 128 bits from nonblocking
[    5.791880] random 0060 0000 0000 fd637b06 6cf47bc1: debiting 128 entropy credits from nonblocking (unlimited)
[    5.791882] random 0060 0000 0000 fd637b06 6cf47bc1: extract_entropy account returned: 16 
[    5.791887] random 0060 0000 0000 fd637b06 6cf47bc1: urand_change_num 51 extract_buf: pool_sig 0000033b, data_sig 000000d8, bytes_mixed 20 fd637b06 6cf47bc1
[    5.791892] random 0060 0000 0000 0ec1f012 d4727ca8: urand_change_num 52 extract_buf: pool_sig fffffcf5, data_sig 00000016, bytes_mixed 20 0ec1f012 d4727ca8
[    5.798591] random 0060 0000 0000 45b1d0b1 845a73f7: add_disk_randomness(8:0) 45b1d0b1 845a73f7
[    5.798594] random 0060 0000 0000 45b1d0b1 845a73f7: add_timer_randomness(.. 8388864) with jiffies: 8945948176376627822, cycles: 8945948172081954826
[    5.805816] random 0060 0000 0000 45b1d0b1 845a73f7: add_disk_randomness(8:0) 45b1d0b1 845a73f7
[    5.805819] random 0060 0000 0000 45b1d0b1 845a73f7: add_timer_randomness(.. 8388864) with jiffies: 9010952257293484661, cycles: 9010952252998811658
[    5.813833] random 0060 0000 0000 45b1d0b1 845a73f7: add_disk_randomness(8:0) 45b1d0b1 845a73f7
[    5.813836] random 0060 0000 0000 45b1d0b1 845a73f7: add_timer_randomness(.. 8388864) with jiffies: 9083085971036799613, cycles: 9083085966742126602
[    5.823236] random 0060 0000 0000 45b1d0b1 845a73f7: add_disk_randomness(8:0) 45b1d0b1 845a73f7
[    5.823239] random 0060 0000 0000 45b1d0b1 845a73f7: add_timer_randomness(.. 8388864) with jiffies: 9167689589748105862, cycles: 9167689585453432842
[    5.826381] random 0060 0000 0000 45b1d0b1 845a73f7: add_disk_randomness(8:0) 45b1d0b1 845a73f7
[    5.826384] random 0060 0000 0000 45b1d0b1 845a73f7: add_timer_randomness(.. 8388864) with jiffies: 9195973126213304970, cycles: 9195973121918631946
[    5.826387] random 0060 0000 0000 45b1d0b1 845a73f7: added 2 entropy credits to input
[    5.840652] random 0062 0000 0000 45b1d0b1 845a73f7: add_disk_randomness(8:0) 45b1d0b1 845a73f7
[    5.840655] random 0062 0000 0000 45b1d0b1 845a73f7: add_timer_randomness(.. 8388864) with jiffies: 9324373750507602584, cycles: -9122370327496622070
[    5.840657] random 0062 0000 0000 45b1d0b1 845a73f7: added 3 entropy credits to input
[    5.846045] random 0065 0000 0000 45b1d0b1 845a73f7: add_disk_randomness(8:0) 45b1d0b1 845a73f7
[    5.846048] random 0065 0000 0000 45b1d0b1 845a73f7: add_timer_randomness(.. 8388864) with jiffies: 9372906816527893149, cycles: -9073837261476331510
[    5.846051] random 0065 0000 0000 45b1d0b1 845a73f7: added 2 entropy credits to input
[    5.851215] random 0067 0000 0000 45b1d0b1 845a73f7: add_disk_randomness(8:0) 45b1d0b1 845a73f7
[    5.851218] random 0067 0000 0000 45b1d0b1 845a73f7: add_timer_randomness(.. 8388864) with jiffies: 9419424804151984802, cycles: -9027319273852239862
[    5.859448] random 0067 0000 0000 45b1d0b1 845a73f7: add_disk_randomness(8:0) 45b1d0b1 845a73f7
[    5.859451] random 0067 0000 0000 45b1d0b1 845a73f7: add_timer_randomness(.. 8388864) with jiffies: 9493483848654881451, cycles: -8953260229349343222
[    5.859454] random 0067 0000 0000 45b1d0b1 845a73f7: added 2 entropy credits to input
[    5.869044] random 0069 0000 0000 45b1d0b1 845a73f7: add_disk_randomness(8:0) 45b1d0b1 845a73f7
[    5.869047] random 0069 0000 0000 45b1d0b1 845a73f7: add_timer_randomness(.. 8388864) with jiffies: 9579828264855896756, cycles: -8866915813148327926
[    5.888552] random 0069 0000 0000 45b1d0b1 845a73f7: add_disk_randomness(8:0) 45b1d0b1 845a73f7
[    5.888555] random 0069 0000 0000 45b1d0b1 845a73f7: add_timer_randomness(.. 8388864) with jiffies: 9755346759151485640, cycles: -8691397318852739062
[    5.888558] random 0069 0000 0000 45b1d0b1 845a73f7: added 3 entropy credits to input
[    5.901832] random 0072 0000 0000 45b1d0b1 845a73f7: add_disk_randomness(8:0) 45b1d0b1 845a73f7
[    5.901835] random 0072 0000 0000 45b1d0b1 845a73f7: add_timer_randomness(.. 8388864) with jiffies: 9874832259699933909, cycles: -8571911818304290806
[    5.901838] random 0072 0000 0000 45b1d0b1 845a73f7: added 2 entropy credits to input
[    5.909854] random 0074 0000 0000 45b1d0b1 845a73f7: add_disk_randomness(8:0) 45b1d0b1 845a73f7
[    5.909857] random 0074 0000 0000 45b1d0b1 845a73f7: add_timer_randomness(.. 8388864) with jiffies: 9947004804242571997, cycles: -8499739273761652726
[    5.909859] random 0074 0000 0000 45b1d0b1 845a73f7: added 1 entropy credits to input
[    5.919868] random 0075 0000 0000 45b1d0b1 845a73f7: add_disk_randomness(8:0) 45b1d0b1 845a73f7
[    5.919871] random 0075 0000 0000 45b1d0b1 845a73f7: add_timer_randomness(.. 8388864) with jiffies: 10037106487898899175, cycles: -8409637590105325558
[    5.919874] random 0075 0000 0000 45b1d0b1 845a73f7: added 1 entropy credits to input
[    5.932755] random 0076 0000 0000 45b1d0b1 845a73f7: add_disk_randomness(8:0) 45b1d0b1 845a73f7
[    5.932757] random 0076 0000 0000 45b1d0b1 845a73f7: add_timer_randomness(.. 8388864) with jiffies: 10153046046267900660, cycles: -8293698031736324086
[    5.940111] random 0076 0000 0000 45b1d0b1 845a73f7: add_disk_randomness(8:0) 45b1d0b1 845a73f7
[    5.940114] random 0076 0000 0000 45b1d0b1 845a73f7: add_timer_randomness(.. 8388864) with jiffies: 10219243664236577531, cycles: -8227500413767647222
[    5.940117] random 0076 0000 0000 45b1d0b1 845a73f7: added 2 entropy credits to input
[    5.945359] random 0078 0000 0000 45b1d0b1 845a73f7: add_disk_randomness(8:0) 45b1d0b1 845a73f7
[    5.945362] random 0078 0000 0000 45b1d0b1 845a73f7: add_timer_randomness(.. 8388864) with jiffies: 10266448258217509633, cycles: -8180295819786715126
[    5.951799] random 0078 0000 0000 45b1d0b1 845a73f7: add_disk_randomness(8:0) 45b1d0b1 845a73f7
[    5.951802] random 0078 0000 0000 45b1d0b1 845a73f7: add_timer_randomness(.. 8388864) with jiffies: 10324389986970600199, cycles: -8122354091033624566
[    5.956850] random 0078 0000 0000 45b1d0b1 845a73f7: add_disk_randomness(8:0) 45b1d0b1 845a73f7
[    5.956853] random 0078 0000 0000 45b1d0b1 845a73f7: add_timer_randomness(.. 8388864) with jiffies: 10369843140532863756, cycles: -8076900937471361014
[    5.962754] random 0078 0000 0000 45b1d0b1 845a73f7: add_disk_randomness(8:0) 45b1d0b1 845a73f7
[    5.962757] random 0078 0000 0000 45b1d0b1 845a73f7: add_timer_randomness(.. 8388864) with jiffies: 10422962179358294802, cycles: -8023781898645929974
[    5.972107] random 0078 0000 0000 45b1d0b1 845a73f7: add_disk_randomness(8:0) 45b1d0b1 845a73f7
[    5.972110] random 0078 0000 0000 45b1d0b1 845a73f7: add_timer_randomness(.. 8388864) with jiffies: 10507110810709099291, cycles: -7939633267295125494
[    5.972112] random 0078 0000 0000 45b1d0b1 845a73f7: added 1 entropy credits to input
[    5.976979] random 0079 0000 0000 45b1d0b1 845a73f7: add_disk_randomness(8:0) 45b1d0b1 845a73f7
[    5.976982] random 0079 0000 0000 45b1d0b1 845a73f7: add_timer_randomness(.. 8388864) with jiffies: 10550950435252568864, cycles: -7895793642751655926
[    5.976985] random 0079 0000 0000 45b1d0b1 845a73f7: added 2 entropy credits to input
[    5.984417] random 0081 0000 0000 45b1d0b1 845a73f7: add_disk_randomness(8:0) 45b1d0b1 845a73f7
[    5.984420] random 0081 0000 0000 45b1d0b1 845a73f7: add_timer_randomness(.. 8388864) with jiffies: 10617857972660568872, cycles: -7828886105343655926
[    5.984423] random 0081 0000 0000 45b1d0b1 845a73f7: added 1 entropy credits to input
[    5.990631] random 0082 0000 0000 45b1d0b1 845a73f7: add_disk_randomness(8:0) 45b1d0b1 845a73f7
[    5.990634] random 0082 0000 0000 45b1d0b1 845a73f7: add_timer_randomness(.. 8388864) with jiffies: 10673771098165445422, cycles: -7772972979838779382
[    5.990637] random 0082 0000 0000 45b1d0b1 845a73f7: added 1 entropy credits to input
[    5.990789] random 0083 0000 0000 45b1d0b1 845a73f7: add_disk_randomness(8:0) 45b1d0b1 845a73f7
[    5.990792] random 0083 0000 0000 45b1d0b1 845a73f7: add_timer_randomness(.. 8388864) with jiffies: 10675191611353957166, cycles: -7771552466650267638
[    6.005193] random 0083 0000 0000 45b1d0b1 845a73f7: add_disk_randomness(8:0) 45b1d0b1 845a73f7
[    6.005196] random 0083 0000 0000 45b1d0b1 845a73f7: add_timer_randomness(.. 8388864) with jiffies: 10804795247397929788, cycles: -7641948830606295030
[    6.005199] random 0083 0000 0000 45b1d0b1 845a73f7: added 3 entropy credits to input
[    6.012616] random 0086 0000 0000 45b1d0b1 845a73f7: add_disk_randomness(8:0) 45b1d0b1 845a73f7
[    6.012619] random 0086 0000 0000 45b1d0b1 845a73f7: add_timer_randomness(.. 8388864) with jiffies: 10871575477680309060, cycles: -7575168600323915766
[    6.012622] random 0086 0000 0000 45b1d0b1 845a73f7: added 2 entropy credits to input
[    6.022296] random 0088 0000 0000 45b1d0b1 845a73f7: add_disk_randomness(8:0) 45b1d0b1 845a73f7
[    6.022299] random 0088 0000 0000 45b1d0b1 845a73f7: add_timer_randomness(.. 8388864) with jiffies: 10958678741588083533, cycles: -7488065336416141302
[    6.032924] random 0088 0000 0000 45b1d0b1 845a73f7: add_disk_randomness(8:0) 45b1d0b1 845a73f7
[    6.032927] random 0088 0000 0000 45b1d0b1 845a73f7: add_timer_randomness(.. 8388864) with jiffies: 11054291207587595096, cycles: -7392452870416629750
[    6.045442] random 0088 0000 0000 45b1d0b1 845a73f7: add_disk_randomness(8:0) 45b1d0b1 845a73f7
[    6.045445] random 0088 0000 0000 45b1d0b1 845a73f7: add_timer_randomness(.. 8388864) with jiffies: 11166917026889040741, cycles: -7279827051115184118
[    6.046655] random 0088 0000 0000 45b1d0b1 845a73f7: add_disk_randomness(8:0) 45b1d0b1 845a73f7
[    6.046658] random 0088 0000 0000 45b1d0b1 845a73f7: add_timer_randomness(.. 8388864) with jiffies: 11177828554513285990, cycles: -7268915523490938870
[    6.050668] random 0088 0000 0000 45b1d0b1 845a73f7: add_disk_randomness(8:0) 45b1d0b1 845a73f7
[    6.050671] random 0088 0000 0000 45b1d0b1 845a73f7: add_timer_randomness(.. 8388864) with jiffies: 11213936451944940394, cycles: -7232807626059284470
[    6.050673] random 0088 0000 0000 45b1d0b1 845a73f7: added 1 entropy credits to input
[    6.060011] random 0089 0000 0000 45b1d0b1 845a73f7: add_disk_randomness(8:0) 45b1d0b1 845a73f7
[    6.060014] random 0089 0000 0000 45b1d0b1 845a73f7: add_timer_randomness(.. 8388864) with jiffies: 11298004857601622899, cycles: -7148739220402601974
[    6.060017] random 0089 0000 0000 45b1d0b1 845a73f7: added 1 entropy credits to input
[    6.060356] random 0090 0000 0000 45b1d0b1 845a73f7: add_disk_randomness(8:0) 45b1d0b1 845a73f7
[    6.060359] random 0090 0000 0000 45b1d0b1 845a73f7: add_timer_randomness(.. 8388864) with jiffies: 11301095546132595572, cycles: -7145648531871629302
[    6.076018] random 0090 0000 0000 45b1d0b1 845a73f7: add_disk_randomness(8:0) 45b1d0b1 845a73f7
[    6.076021] random 0090 0000 0000 45b1d0b1 845a73f7: add_timer_randomness(.. 8388864) with jiffies: 11442021274314572675, cycles: -7004722803689652214
[    6.076023] random 0090 0000 0000 45b1d0b1 845a73f7: added 3 entropy credits to input
[    6.077649] random 0093 0000 0000 45b1d0b1 845a73f7: add_disk_randomness(8:0) 45b1d0b1 845a73f7
[    6.077652] random 0093 0000 0000 45b1d0b1 845a73f7: add_timer_randomness(.. 8388864) with jiffies: 11456692414446273413, cycles: -6990051663557951478
[    6.077655] random 0093 0000 0000 45b1d0b1 845a73f7: added 1 entropy credits to input
[    6.077806] random 0094 0000 0000 45b1d0b1 845a73f7: add_disk_randomness(8:0) 45b1d0b1 845a73f7
[    6.077809] random 0094 0000 0000 45b1d0b1 845a73f7: add_timer_randomness(.. 8388864) with jiffies: 11458108374969451397, cycles: -6988635703034773494
[    6.088670] random 0094 0000 0000 45b1d0b1 845a73f7: add_disk_randomness(8:0) 45b1d0b1 845a73f7
[    6.088673] random 0094 0000 0000 45b1d0b1 845a73f7: add_timer_randomness(.. 8388864) with jiffies: 11555848524817728400, cycles: -6890895553186496502
[    6.088675] random 0094 0000 0000 45b1d0b1 845a73f7: added 3 entropy credits to input
[    6.089239] random 0097 0000 0000 45b1d0b1 845a73f7: add_disk_randomness(8:0) 45b1d0b1 845a73f7
[    6.089242] random 0097 0000 0000 45b1d0b1 845a73f7: add_timer_randomness(.. 8388864) with jiffies: 11560982342176310160, cycles: -6885761735827914742
[    6.094468] random 0097 0000 0000 45b1d0b1 845a73f7: add_disk_randomness(8:0) 45b1d0b1 845a73f7
[    6.094471] random 0097 0000 0000 45b1d0b1 845a73f7: add_timer_randomness(.. 8388864) with jiffies: 11608017594186695574, cycles: -6838726483817529334
[    6.094474] random 0097 0000 0000 45b1d0b1 845a73f7: added 2 entropy credits to input
[    6.096222] random 0099 0000 0000 45b1d0b1 845a73f7: add_disk_randomness(8:0) 45b1d0b1 845a73f7
[    6.096225] random 0099 0000 0000 45b1d0b1 845a73f7: add_timer_randomness(.. 8388864) with jiffies: 11623809896876311447, cycles: -6822934181127913462
[    6.106448] random 0099 0000 0000 45b1d0b1 845a73f7: add_disk_randomness(8:0) 45b1d0b1 845a73f7
[    6.106451] random 0099 0000 0000 45b1d0b1 845a73f7: add_timer_randomness(.. 8388864) with jiffies: 11715803359007703970, cycles: -6730940718996520950
[    6.106454] random 0099 0000 0000 45b1d0b1 845a73f7: added 3 entropy credits to input
[    6.120384] random 0102 0000 0000 45b1d0b1 845a73f7: add_disk_randomness(8:0) 45b1d0b1 845a73f7
[    6.120387] random 0102 0000 0000 45b1d0b1 845a73f7: add_timer_randomness(.. 8388864) with jiffies: 11841186622747673520, cycles: -6605557455256551414
[    6.120390] random 0102 0000 0000 45b1d0b1 845a73f7: added 1 entropy credits to input
[    6.132905] random 0103 0000 0000 45b1d0b1 845a73f7: add_disk_randomness(8:0) 45b1d0b1 845a73f7
[    6.132909] random 0103 0000 0000 45b1d0b1 845a73f7: add_timer_randomness(.. 8388864) with jiffies: 11953852174791574460, cycles: -6492891903212650486
[    6.132911] random 0103 0000 0000 45b1d0b1 845a73f7: added 1 entropy credits to input
[    6.138717] random 0104 0000 0000 45b1d0b1 845a73f7: add_disk_randomness(8:0) 45b1d0b1 845a73f7
