[    0.000000] random 0000 0000 0000 00000000 00000000: rand_read_num 1 get_random_bytes(8): sig 00000000 00000000 00000000
[    0.000000] random 0000 0000 0000 00000000 00000000: extract_entropy(.. 8 ..)
[    0.000000] random 0000 0000 0000 00000000 00000000: going to reseed nonblocking with 64 bits (64 of 0 requested)
[    0.000000] random 0000 0000 0000 00000000 00000000: extract_entropy(.. 8 ..)
[    0.000000] random 0000 0000 0000 00000000 00000000: trying to extract 64 bits from input
[    0.000000] random 0000 0000 0000 00000000 00000000: debiting 0 entropy credits from input
[    0.000000] random 0000 0000 0000 00000000 00000000: extract_entropy account returned: 0 
[    0.000000] random 0000 0000 0000 00000000 00000000: urand_change_num 1 xfer_secondary_pool(8): pool_sig 00000000, data_sig 00000000, bytes_mixed 0 00000000 00000000
[    0.000000] random 0000 0000 0000 00000000 00000000: trying to extract 64 bits from nonblocking
[    0.000000] random 0000 0000 0000 00000000 00000000: debiting 64 entropy credits from nonblocking (unlimited)
[    0.000000] random 0000 0000 0000 00000000 00000000: extract_entropy account returned: 8 
[    0.000000] random 0000 0000 0000 00000000 00000000: urand_change_num 2 extract_buf: pool_sig 00000000, data_sig fffffff9, bytes_mixed 20 00000000 00000000
[    0.000000] Linux version 2.6.32.57 (dcashman@dcashman-02) (gcc version 4.3.3 (GCC) ) #6 Thu May 30 09:02:12 PDT 2013
[    0.000000] KERNEL supported cpus:
[    0.000000]   Intel GenuineIntel
[    0.000000]   AMD AuthenticAMD
[    0.000000]   NSC Geode by NSC
[    0.000000]   Cyrix CyrixInstead
[    0.000000]   Centaur CentaurHauls
[    0.000000]   Transmeta GenuineTMx86
[    0.000000]   Transmeta TransmetaCPU
[    0.000000]   UMC UMC UMC UMC
[    0.000000] BIOS-provided physical RAM map:
[    0.000000]  BIOS-e820: 0000000000000000 - 000000000009d800 (usable)
[    0.000000]  BIOS-e820: 000000000009d800 - 00000000000a0000 (reserved)
[    0.000000]  BIOS-e820: 00000000000d2000 - 00000000000d4000 (reserved)
[    0.000000]  BIOS-e820: 00000000000e0000 - 0000000000100000 (reserved)
[    0.000000]  BIOS-e820: 0000000000100000 - 000000003d6b0000 (usable)
[    0.000000]  BIOS-e820: 000000003d6b0000 - 000000003d6cc000 (ACPI data)
[    0.000000]  BIOS-e820: 000000003d6cc000 - 000000003d700000 (ACPI NVS)
[    0.000000]  BIOS-e820: 000000003d700000 - 000000003e000000 (reserved)
[    0.000000]  BIOS-e820: 00000000f0000000 - 00000000f4000000 (reserved)
[    0.000000]  BIOS-e820: 00000000fec00000 - 00000000fec10000 (reserved)
[    0.000000]  BIOS-e820: 00000000fed00000 - 00000000fed00400 (reserved)
[    0.000000]  BIOS-e820: 00000000fed14000 - 00000000fed1a000 (reserved)
[    0.000000]  BIOS-e820: 00000000fed1c000 - 00000000fed90000 (reserved)
[    0.000000]  BIOS-e820: 00000000fee00000 - 00000000fee01000 (reserved)
[    0.000000]  BIOS-e820: 00000000ff000000 - 0000000100000000 (reserved)
[    0.000000] DMI present.
[    0.000000] last_pfn = 0x3d6b0 max_arch_pfn = 0x100000
[    0.000000] MTRR default type: uncachable
[    0.000000] MTRR fixed ranges enabled:
[    0.000000]   00000-9FFFF write-back
[    0.000000]   A0000-BFFFF uncachable
[    0.000000]   C0000-CFFFF write-protect
[    0.000000]   D0000-DFFFF uncachable
[    0.000000]   E0000-FFFFF write-protect
[    0.000000] MTRR variable ranges enabled:
[    0.000000]   0 base 03E000000 mask FFE000000 uncachable
[    0.000000]   1 base 000000000 mask FC0000000 write-back
[    0.000000]   2 base 03D700000 mask FFFF00000 uncachable
[    0.000000]   3 base 03D800000 mask FFF800000 uncachable
[    0.000000]   4 disabled
[    0.000000]   5 disabled
[    0.000000]   6 disabled
[    0.000000]   7 disabled
[    0.000000] initial memory mapped : 0 - 02000000
[    0.000000] init_memory_mapping: 0000000000000000-00000000377fe000
[    0.000000]  0000000000 - 0000400000 page 4k
[    0.000000]  0000400000 - 0037400000 page 2M
[    0.000000]  0037400000 - 00377fe000 page 4k
[    0.000000] kernel direct mapping tables up to 377fe000 @ 7000-c000
[    0.000000] ACPI: RSDP 000f68d0 00024 (v02 LENOVO)
[    0.000000] ACPI: XSDT 3d6bb77f 00094 (v01 LENOVO TP-7L    00002170  LTP 00000000)
[    0.000000] ACPI: FACP 3d6bb900 000F4 (v03 LENOVO TP-7L    00002170 LNVO 00000001)
[    0.000000] ACPI Warning: 32/64X length mismatch in Gpe1Block: 0/32 (20090903/tbfadt-526)
[    0.000000] ACPI Warning: Optional field Gpe1Block has zero address or length: 000000000000102C/0 (20090903/tbfadt-557)
[    0.000000] ACPI: DSDT 3d6bbd1d 0FED1 (v01 LENOVO TP-7L    00002170 MSFT 03000000)
[    0.000000] ACPI: FACS 3d6e4000 00040
[    0.000000] ACPI: SSDT 3d6bbab4 00269 (v01 LENOVO TP-7L    00002170 MSFT 03000000)
[    0.000000] ACPI: ECDT 3d6cbbee 00052 (v01 LENOVO TP-7L    00002170 LNVO 00000001)
[    0.000000] ACPI: TCPA 3d6cbc40 00032 (v02 LENOVO TP-7L    00002170 LNVO 00000001)
[    0.000000] ACPI: APIC 3d6cbc72 00068 (v01 LENOVO TP-7L    00002170 LNVO 00000001)
[    0.000000] ACPI: MCFG 3d6cbcda 0003C (v01 LENOVO TP-7L    00002170 LNVO 00000001)
[    0.000000] ACPI: HPET 3d6cbd16 00038 (v01 LENOVO TP-7L    00002170 LNVO 00000001)
[    0.000000] ACPI: SLIC 3d6cbdf0 00176 (v01 LENOVO TP-7L    00002170  LTP 00000000)
[    0.000000] ACPI: BOOT 3d6cbf66 00028 (v01 LENOVO TP-7L    00002170  LTP 00000001)
[    0.000000] ACPI: ASF! 3d6cbf8e 00072 (v16 LENOVO TP-7L    00002170 PTL  00000001)
[    0.000000] ACPI: SSDT 3d6e26d9 0025F (v01 LENOVO TP-7L    00002170 INTL 20050513)
[    0.000000] ACPI: SSDT 3d6e2938 000A6 (v01 LENOVO TP-7L    00002170 INTL 20050513)
[    0.000000] ACPI: SSDT 3d6e29de 004F7 (v01 LENOVO TP-7L    00002170 INTL 20050513)
[    0.000000] ACPI: SSDT 3d6e2ed5 001D8 (v01 LENOVO TP-7L    00002170 INTL 20050513)
[    0.000000] ACPI: DMI detected: Lenovo ThinkPad R61
[    0.000000] ACPI: Added _OSI(Linux)
[    0.000000] ACPI: Local APIC address 0xfee00000
[    0.000000] 94MB HIGHMEM available.
[    0.000000] 887MB LOWMEM available.
[    0.000000]   mapped low ram: 0 - 377fe000
[    0.000000]   low ram: 0 - 377fe000
[    0.000000]   node 0 low ram: 00000000 - 377fe000
[    0.000000]   node 0 bootmap 00008000 - 0000ef00
[    0.000000] (6 early reservations) ==> bootmem [0000000000 - 00377fe000]
[    0.000000]   #0 [0000000000 - 0000001000]   BIOS data page ==> [0000000000 - 0000001000]
[    0.000000]   #1 [0001000000 - 0001bdc180]    TEXT DATA BSS ==> [0001000000 - 0001bdc180]
[    0.000000]   #2 [000009d800 - 0000100000]    BIOS reserved ==> [000009d800 - 0000100000]
[    0.000000]   #3 [0001bdd000 - 0001be516c]              BRK ==> [0001bdd000 - 0001be516c]
[    0.000000]   #4 [0000007000 - 0000008000]          PGTABLE ==> [0000007000 - 0000008000]
[    0.000000]   #5 [0000008000 - 000000f000]          BOOTMAP ==> [0000008000 - 000000f000]
[    0.000000] found SMP MP-table at [c00f6900] f6900
[    0.000000] Zone PFN ranges:
[    0.000000]   DMA      0x00000000 -> 0x00001000
[    0.000000]   Normal   0x00001000 -> 0x000377fe
[    0.000000]   HighMem  0x000377fe -> 0x0003d6b0
[    0.000000] Movable zone start PFN for each node
[    0.000000] early_node_map[2] active PFN ranges
[    0.000000]     0: 0x00000000 -> 0x0000009d
[    0.000000]     0: 0x00000100 -> 0x0003d6b0
[    0.000000] On node 0 totalpages: 251469
[    0.000000] free_area_init_node: node 0, pgdat c1901ea0, node_mem_map c1be7000
[    0.000000]   DMA zone: 32 pages used for memmap
[    0.000000]   DMA zone: 0 pages reserved
[    0.000000]   DMA zone: 3965 pages, LIFO batch:0
[    0.000000]   Normal zone: 1744 pages used for memmap
[    0.000000]   Normal zone: 221486 pages, LIFO batch:31
[    0.000000]   HighMem zone: 190 pages used for memmap
[    0.000000]   HighMem zone: 24052 pages, LIFO batch:3
[    0.000000] Using APIC driver default
[    0.000000] ACPI: PM-Timer IO Port: 0x1008
[    0.000000] ACPI: Local APIC address 0xfee00000
[    0.000000] ACPI: LAPIC (acpi_id[0x00] lapic_id[0x00] enabled)
[    0.000000] ACPI: LAPIC (acpi_id[0x01] lapic_id[0x01] enabled)
[    0.000000] ACPI: NR_CPUS/possible_cpus limit of 1 reached.  Processor 1/0x1 ignored.
[    0.000000] ACPI: LAPIC_NMI (acpi_id[0x00] high edge lint[0x1])
[    0.000000] ACPI: LAPIC_NMI (acpi_id[0x01] high edge lint[0x1])
[    0.000000] ACPI: IOAPIC (id[0x01] address[0xfec00000] gsi_base[0])
[    0.000000] IOAPIC[0]: apic_id 1, version 32, address 0xfec00000, GSI 0-23
[    0.000000] ACPI: INT_SRC_OVR (bus 0 bus_irq 0 global_irq 2 dfl dfl)
[    0.000000] ACPI: INT_SRC_OVR (bus 0 bus_irq 9 global_irq 9 high level)
[    0.000000] ACPI: IRQ0 used by override.
[    0.000000] ACPI: IRQ2 used by override.
[    0.000000] ACPI: IRQ9 used by override.
[    0.000000] Using ACPI (MADT) for SMP configuration information
[    0.000000] ACPI: HPET id: 0x8086a201 base: 0xfed00000
[    0.000000] nr_irqs_gsi: 24
[    0.000000] PM: Registered nosave memory: 000000000009d000 - 000000000009e000
[    0.000000] PM: Registered nosave memory: 000000000009e000 - 00000000000a0000
[    0.000000] PM: Registered nosave memory: 00000000000a0000 - 00000000000d2000
[    0.000000] PM: Registered nosave memory: 00000000000d2000 - 00000000000d4000
[    0.000000] PM: Registered nosave memory: 00000000000d4000 - 00000000000e0000
[    0.000000] PM: Registered nosave memory: 00000000000e0000 - 0000000000100000
[    0.000000] Allocating PCI resources starting at 3e000000 (gap: 3e000000:b2000000)
[    0.000000] Built 1 zonelists in Zone order, mobility grouping on.  Total pages: 249503
[    0.000000] Kernel command line: auto BOOT_IMAGE=Linux ro root=802 vt.default_utf8=0 maxcpus=0
[    0.000000] PID hash table entries: 4096 (order: 2, 16384 bytes)
[    0.000000] Dentry cache hash table entries: 131072 (order: 7, 524288 bytes)
[    0.000000] Inode-cache hash table entries: 65536 (order: 6, 262144 bytes)
[    0.000000] Enabling fast FPU save and restore... done.
[    0.000000] Enabling unmasked SIMD FPU exception support... done.
[    0.000000] Initializing CPU#0
[    0.000000] Initializing HighMem for node 0 (000377fe:0003d6b0)
[    0.000000] Memory: 984800k/1006272k available (6915k kernel code, 20876k reserved, 2327k data, 448k init, 96968k highmem)
[    0.000000] virtual kernel memory layout:
[    0.000000]     fixmap  : 0xfffa3000 - 0xfffff000   ( 368 kB)
[    0.000000]     pkmap   : 0xff800000 - 0xffc00000   (4096 kB)
[    0.000000]     vmalloc : 0xf7ffe000 - 0xff7fe000   ( 120 MB)
[    0.000000]     lowmem  : 0xc0000000 - 0xf77fe000   ( 887 MB)
[    0.000000]       .init : 0xc1907000 - 0xc1977000   ( 448 kB)
[    0.000000]       .data : 0xc16c0d3f - 0xc1906c64   (2327 kB)
[    0.000000]       .text : 0xc1000000 - 0xc16c0d3f   (6915 kB)
[    0.000000] Checking if this processor honours the WP bit even in supervisor mode...Ok.
[    0.000000] SLUB: Genslabs=13, HWalign=64, Order=0-3, MinObjects=0, CPUs=1, Nodes=1
[    0.000000] Hierarchical RCU implementation.
[    0.000000] NR_IRQS:288
[    0.000000] Extended CMOS year: 2000
[    0.000000] Console: colour VGA+ 80x25
[    0.000000] console [tty0] enabled
[    0.000000] hpet clockevent registered
[    0.000000] Fast TSC calibration using PIT
[    0.000000] Detected 2094.560 MHz processor.
[    0.002001] Calibrating delay loop (skipped), value calculated using timer frequency.. 4189.12 BogoMIPS (lpj=2094560)
[    0.002175] Security Framework initialized
[    0.002264] Mount-cache hash table entries: 512
[    0.002411] CPU: L1 I cache: 32K, L1 D cache: 32K
[    0.002539] CPU: L2 cache: 3072K
[    0.002624] mce: CPU supports 6 MCE banks
[    0.002707] CPU0: Thermal monitoring enabled (TM2)
[    0.002789] using mwait in idle threads.
[    0.002875] CPU: Intel(R) Core(TM)2 Duo CPU     T8100  @ 2.10GHz stepping 06
[    0.003135] Checking 'hlt' instruction... OK.
[    0.007937] ACPI: Core revision 20090903
[    0.027013] RANDOM get_random_int first call with cycles 38320473744, jiffies 4294667323 and pid 0
[    0.027020] CANARY value: 8a12097c for PID: 1
[    0.027027] CANARY value: a3d8aa04 for PID: 2
[    0.027051] Enabling APIC mode:  Flat.  Using 1 I/O APICs
[    0.027514] ..TIMER: vector=0x30 apic1=0 pin1=2 apic2=-1 pin2=-1
[    0.037997] xor: automatically using best checksumming function: pIII_sse
[    0.041998]    pIII_sse  :  8568.000 MB/sec
[    0.042086] xor: using function: pIII_sse (8568.000 MB/sec)
[    0.042180] RANDOM - __seed init called.
[    0.042181] RANDOM - __seed init called.
[    0.042182] RANDOM - __seed init called.
[    0.042183] RANDOM - __random32 called. Change num 1.  Value: f7943846	49e73df3	af36cd0d
[    0.042185] RANDOM - __random32 called. Change num 2.  Value: 43846e13	9e73df37	9a1ad014
[    0.042187] RANDOM - __random32 called. Change num 3.  Value: 46e139c8	e73df373	a029598a
[    0.042189] RANDOM - __random32 called. Change num 4.  Value: 139c8c3b	73df373d	b3142c72
[    0.042190] RANDOM - __random32 called. Change num 5.  Value: c8c3b043	3df373de	58e576a9
[    0.042192] RANDOM - __random32 called. Change num 6.  Value: 3b0437d9	df373de5	ed53f9d8
[    0.042194] RANDOM - random32 init called.  Value: 3b0437d9	df373de5	ed53f9d8
[    0.042211] NET: Registered protocol family 16
[    0.042475] ACPI FADT declares the system doesn't support PCIe ASPM, so disable it
[    0.042597] ACPI: bus type pci registered
[    0.042771] PCI: MCFG configuration 0: base f0000000 segment 0 buses 0 - 63
[    0.042863] PCI: MCFG area at f0000000 reserved in E820
[    0.042957] PCI: Using MMCONFIG for extended config space
[    0.043002] PCI: Using configuration type 1 for base access
[    0.046150] bio: create slab <bio-0> at 0
[    0.046960] ACPI: EC: EC description table is found, configuring boot EC
[    0.052145] ACPI: BIOS _OSI(Linux) query honored via DMI
[    0.052863] random 0000 0000 0000 00000000 00000000: rand_read_num 2 get_random_bytes(8): sig fffffe1a 00000000 00000000
[    0.052865] random 0000 0000 0000 00000000 00000000: extract_entropy(.. 8 ..)
[    0.052868] random 0000 0000 0000 00000000 00000000: going to reseed nonblocking with 64 bits (64 of 0 requested)
[    0.052870] random 0000 0000 0000 00000000 00000000: extract_entropy(.. 8 ..)
[    0.052873] random 0000 0000 0000 00000000 00000000: trying to extract 64 bits from input
[    0.052875] random 0000 0000 0000 00000000 00000000: debiting 0 entropy credits from input
[    0.052877] random 0000 0000 0000 00000000 00000000: extract_entropy account returned: 0 
[    0.052905] random 0000 0000 0000 00000000 00000000: urand_change_num 3 xfer_secondary_pool(8): pool_sig fffffe1a, data_sig 00000000, bytes_mixed 0 00000000 00000000
[    0.052908] random 0000 0000 0000 00000000 00000000: trying to extract 64 bits from nonblocking
[    0.052911] random 0000 0000 0000 00000000 00000000: debiting 64 entropy credits from nonblocking (unlimited)
[    0.052913] random 0000 0000 0000 00000000 00000000: extract_entropy account returned: 8 
[    0.052917] random 0000 0000 0000 00000000 00000000: urand_change_num 4 extract_buf: pool_sig fffffe1a, data_sig fffffed7, bytes_mixed 20 00000000 00000000
[    0.058412] ACPI: Interpreter enabled
[    0.058502] ACPI: (supports S0 S3 S4 S5)
[    0.058839] ACPI: Using IOAPIC for interrupt routing
[    0.068653] ACPI: EC: GPE = 0x12, I/O: command/status = 0x66, data = 0x62
[    0.068926] ACPI: Power Resource [PUBS] (on)
[    0.071045] ACPI: ACPI Dock Station Driver: 3 docks/bays found
[    0.071451] ACPI: PCI Root Bridge [PCI0] (0000:00)
[    0.071623] pci 0000:00:02.0: reg 10 64bit mmio: [0xf8100000-0xf81fffff]
[    0.071629] pci 0000:00:02.0: reg 18 64bit mmio pref: [0xe0000000-0xefffffff]
[    0.071633] pci 0000:00:02.0: reg 20 io port: [0x1800-0x1807]
[    0.071668] pci 0000:00:02.1: reg 10 64bit mmio: [0xf8200000-0xf82fffff]
[    0.071772] pci 0000:00:19.0: reg 10 32bit mmio: [0xfe000000-0xfe01ffff]
[    0.071781] pci 0000:00:19.0: reg 14 32bit mmio: [0xfe025000-0xfe025fff]
[    0.071791] pci 0000:00:19.0: reg 18 io port: [0x1840-0x185f]
[    0.071856] pci 0000:00:19.0: PME# supported from D0 D3hot D3cold
[    0.071958] pci 0000:00:19.0: PME# disabled
[    0.072066] pci 0000:00:1a.0: reg 20 io port: [0x1860-0x187f]
[    0.072144] pci 0000:00:1a.1: reg 20 io port: [0x1880-0x189f]
[    0.072225] pci 0000:00:1a.7: reg 10 32bit mmio: [0xfe226c00-0xfe226fff]
[    0.072316] pci 0000:00:1a.7: PME# supported from D0 D3hot D3cold
[    0.072410] pci 0000:00:1a.7: PME# disabled
[    0.072559] pci 0000:00:1b.0: reg 10 64bit mmio: [0xfe020000-0xfe023fff]
[    0.072637] pci 0000:00:1b.0: PME# supported from D0 D3hot D3cold
[    0.072732] pci 0000:00:1b.0: PME# disabled
[    0.072994] pci 0000:00:1c.0: PME# supported from D0 D3hot D3cold
[    0.073094] pci 0000:00:1c.0: PME# disabled
[    0.073301] pci 0000:00:1c.1: PME# supported from D0 D3hot D3cold
[    0.073404] pci 0000:00:1c.1: PME# disabled
[    0.073612] pci 0000:00:1c.2: PME# supported from D0 D3hot D3cold
[    0.073707] pci 0000:00:1c.2: PME# disabled
[    0.073909] pci 0000:00:1c.3: PME# supported from D0 D3hot D3cold
[    0.073999] pci 0000:00:1c.3: PME# disabled
[    0.074860] pci 0000:00:1c.4: PME# supported from D0 D3hot D3cold
[    0.074954] pci 0000:00:1c.4: PME# disabled
[    0.075056] pci 0000:00:1d.0: reg 20 io port: [0x18a0-0x18bf]
[    0.075137] pci 0000:00:1d.1: reg 20 io port: [0x18c0-0x18df]
[    0.075218] pci 0000:00:1d.2: reg 20 io port: [0x18e0-0x18ff]
[    0.075305] pci 0000:00:1d.7: reg 10 32bit mmio: [0xfe227000-0xfe2273ff]
[    0.075399] pci 0000:00:1d.7: PME# supported from D0 D3hot D3cold
[    0.075494] pci 0000:00:1d.7: PME# disabled
[    0.075806] pci 0000:00:1f.0: quirk: region 1000-107f claimed by ICH6 ACPI/GPIO/TCO
[    0.075998] pci 0000:00:1f.0: quirk: region 1180-11bf claimed by ICH6 GPIO
[    0.076092] pci 0000:00:1f.0: ICH7 LPC Generic IO decode 1 PIO at 1600 (mask 007f)
[    0.076217] pci 0000:00:1f.0: ICH7 LPC Generic IO decode 2 PIO at 15e0 (mask 000f)
[    0.076346] pci 0000:00:1f.0: ICH7 LPC Generic IO decode 3 PIO at 1680 (mask 001f)
[    0.076543] pci 0000:00:1f.1: reg 10 io port: [0x00-0x07]
[    0.076557] pci 0000:00:1f.1: reg 14 io port: [0x00-0x03]
[    0.076564] pci 0000:00:1f.1: reg 18 io port: [0x00-0x07]
[    0.076573] pci 0000:00:1f.1: reg 1c io port: [0x00-0x03]
[    0.076582] pci 0000:00:1f.1: reg 20 io port: [0x1c00-0x1c0f]
[    0.076667] pci 0000:00:1f.2: reg 10 io port: [0x1c50-0x1c57]
[    0.076676] pci 0000:00:1f.2: reg 14 io port: [0x1c44-0x1c47]
[    0.076685] pci 0000:00:1f.2: reg 18 io port: [0x1c48-0x1c4f]
[    0.076694] pci 0000:00:1f.2: reg 1c io port: [0x1c40-0x1c43]
[    0.076702] pci 0000:00:1f.2: reg 20 io port: [0x1c20-0x1c3f]
[    0.076711] pci 0000:00:1f.2: reg 24 32bit mmio: [0xfe226000-0xfe2267ff]
[    0.076769] pci 0000:00:1f.2: PME# supported from D3hot
[    0.076861] pci 0000:00:1f.2: PME# disabled
[    0.076985] pci 0000:00:1f.3: reg 10 32bit mmio: [0xfe227400-0xfe2274ff]
[    0.077014] pci 0000:00:1f.3: reg 20 io port: [0x1c60-0x1c7f]
[    0.077099] pci 0000:00:1c.0: bridge io port: [0x2000-0x2fff]
[    0.077105] pci 0000:00:1c.0: bridge 32bit mmio: [0xfc000000-0xfdffffff]
[    0.077117] pci 0000:00:1c.0: bridge 64bit mmio pref: [0xf8000000-0xf80fffff]
[    0.077189] pci 0000:03:00.0: reg 10 64bit mmio: [0xdf3f0000-0xdf3fffff]
[    0.077388] pci 0000:00:1c.1: bridge io port: [0x3000-0x3fff]
[    0.077394] pci 0000:00:1c.1: bridge 32bit mmio: [0xdc000000-0xdf3fffff]
[    0.077403] pci 0000:00:1c.1: bridge 64bit mmio pref: [0xdfe00000-0xdfefffff]
[    0.077460] pci 0000:00:1c.2: bridge io port: [0x4000-0x4fff]
[    0.077466] pci 0000:00:1c.2: bridge 32bit mmio: [0xd8000000-0xd9ffffff]
[    0.077475] pci 0000:00:1c.2: bridge 64bit mmio pref: [0xdfb00000-0xdfbfffff]
[    0.077531] pci 0000:00:1c.3: bridge io port: [0x5000-0x5fff]
[    0.077537] pci 0000:00:1c.3: bridge 32bit mmio: [0xd4000000-0xd5ffffff]
[    0.077546] pci 0000:00:1c.3: bridge 64bit mmio pref: [0xdf800000-0xdf8fffff]
[    0.077600] pci 0000:00:1c.4: bridge io port: [0x6000-0x6fff]
[    0.077607] pci 0000:00:1c.4: bridge 32bit mmio: [0xd0000000-0xd1ffffff]
[    0.077616] pci 0000:00:1c.4: bridge 64bit mmio pref: [0xdf500000-0xdf5fffff]
[    0.077680] pci 0000:15:00.0: reg 10 32bit mmio: [0xf8300000-0xf8300fff]
[    0.077737] pci 0000:15:00.0: supports D1 D2
[    0.077738] pci 0000:15:00.0: PME# supported from D0 D1 D2 D3hot D3cold
[    0.077842] pci 0000:15:00.0: PME# disabled
[    0.077982] pci 0000:15:00.1: reg 10 32bit mmio: [0xf8301000-0xf83017ff]
[    0.078077] pci 0000:15:00.1: supports D1 D2
[    0.078079] pci 0000:15:00.1: PME# supported from D0 D1 D2 D3hot D3cold
[    0.078174] pci 0000:15:00.1: PME# disabled
[    0.078364] pci 0000:00:1e.0: transparent bridge
[    0.078469] pci 0000:00:1e.0: bridge io port: [0x7000-0xafff]
[    0.078473] pci 0000:00:1e.0: bridge 32bit mmio: [0xf8300000-0xfbffffff]
[    0.078482] pci 0000:00:1e.0: bridge 64bit mmio pref: [0xf4000000-0xf7ffffff]
[    0.078548] pci_bus 0000:00: on NUMA node 0
[    0.078552] ACPI: PCI Interrupt Routing Table [\_SB_.PCI0._PRT]
[    0.078686] ACPI: PCI Interrupt Routing Table [\_SB_.PCI0.EXP0._PRT]
[    0.078745] ACPI: PCI Interrupt Routing Table [\_SB_.PCI0.EXP1._PRT]
[    0.078803] ACPI: PCI Interrupt Routing Table [\_SB_.PCI0.EXP2._PRT]
[    0.078861] ACPI: PCI Interrupt Routing Table [\_SB_.PCI0.EXP3._PRT]
[    0.078923] ACPI: PCI Interrupt Routing Table [\_SB_.PCI0.EXP4._PRT]
[    0.078986] ACPI: PCI Interrupt Routing Table [\_SB_.PCI0.PCI1._PRT]
[    0.084445] ACPI: PCI Interrupt Link [LNKA] (IRQs 3 4 5 6 7 9 *10 11)
[    0.085251] ACPI: PCI Interrupt Link [LNKB] (IRQs 3 4 5 6 7 9 10 *11)
[    0.086080] ACPI: PCI Interrupt Link [LNKC] (IRQs 3 4 5 6 7 9 10 *11)
[    0.086895] ACPI: PCI Interrupt Link [LNKD] (IRQs 3 4 5 6 7 9 10 *11)
[    0.087686] ACPI: PCI Interrupt Link [LNKE] (IRQs 3 4 5 6 7 9 10 *11)
[    0.088518] ACPI: PCI Interrupt Link [LNKF] (IRQs 3 4 5 6 7 9 10 *11)
[    0.089295] ACPI: PCI Interrupt Link [LNKG] (IRQs 3 4 5 6 7 9 10 *11)
[    0.090141] ACPI: PCI Interrupt Link [LNKH] (IRQs 3 4 5 6 7 9 10 *11)
[    0.090912] vgaarb: device added: PCI:0000:00:02.0,decodes=io+mem,owns=io+mem,locks=none
[    0.090999] vgaarb: loaded
[    0.091178] SCSI subsystem initialized
[    0.091277] libata version 3.00 loaded.
[    0.091324] usbcore: registered new interface driver usbfs
[    0.091451] usbcore: registered new interface driver hub
[    0.091569] usbcore: registered new device driver usb
[    0.108041] raid6: int32x1    941 MB/s
[    0.125058] raid6: int32x2    890 MB/s
[    0.142068] raid6: int32x4    750 MB/s
[    0.158985] raid6: int32x8    656 MB/s
[    0.175985] raid6: mmxx1     2878 MB/s
[    0.192988] raid6: mmxx2     3253 MB/s
[    0.209993] raid6: sse1x1    1937 MB/s
[    0.226978] raid6: sse1x2    2531 MB/s
[    0.243986] raid6: sse2x1    3503 MB/s
[    0.260982] raid6: sse2x2    3835 MB/s
[    0.261067] raid6: using algorithm sse2x2 (3835 MB/s)
[    0.261159] PCI: Using ACPI for IRQ routing
[    0.261459] HPET: 3 timers in total, 0 timers will be used for per-cpu timer
[    0.261989] Switching to clocksource tsc
[    0.262095] pnp: PnP ACPI init
[    0.262186] ACPI: bus type pnp registered
[    0.265827] pnp: PnP ACPI: found 11 devices
[    0.265929] ACPI: ACPI bus type pnp unregistered
[    0.266023] system 00:00: iomem range 0x0-0x9ffff could not be reserved
[    0.266114] system 00:00: iomem range 0xc0000-0xc3fff could not be reserved
[    0.266213] system 00:00: iomem range 0xc4000-0xc7fff could not be reserved
[    0.266308] system 00:00: iomem range 0xc8000-0xcbfff has been reserved
[    0.266403] system 00:00: iomem range 0xcc000-0xcffff has been reserved
[    0.266504] system 00:00: iomem range 0xd0000-0xd3fff could not be reserved
[    0.266593] system 00:00: iomem range 0xe0000-0xe3fff could not be reserved
[    0.266685] system 00:00: iomem range 0xe4000-0xe7fff could not be reserved
[    0.266777] system 00:00: iomem range 0xe8000-0xebfff could not be reserved
[    0.266873] system 00:00: iomem range 0xec000-0xeffff could not be reserved
[    0.266965] system 00:00: iomem range 0xf0000-0xfffff could not be reserved
[    0.267062] system 00:00: iomem range 0x100000-0x3dffffff could not be reserved
[    0.267183] system 00:00: iomem range 0xfec00000-0xfed3ffff could not be reserved
[    0.267310] system 00:00: iomem range 0xfed4c000-0xffffffff could not be reserved
[    0.267434] system 00:02: ioport range 0x164e-0x164f has been reserved
[    0.267535] system 00:02: ioport range 0x1000-0x107f has been reserved
[    0.267626] system 00:02: ioport range 0x1180-0x11bf has been reserved
[    0.267719] system 00:02: ioport range 0x800-0x80f has been reserved
[    0.267809] system 00:02: ioport range 0x15e0-0x15ef has been reserved
[    0.267904] system 00:02: ioport range 0x1600-0x165f could not be reserved
[    0.268000] system 00:02: iomem range 0xf0000000-0xf3ffffff has been reserved
[    0.268092] system 00:02: iomem range 0xfed1c000-0xfed1ffff has been reserved
[    0.268185] system 00:02: iomem range 0xfed14000-0xfed17fff has been reserved
[    0.268278] system 00:02: iomem range 0xfed18000-0xfed18fff has been reserved
[    0.268376] system 00:02: iomem range 0xfed19000-0xfed19fff has been reserved
[    0.268467] system 00:02: iomem range 0xfed45000-0xfed4bfff has been reserved
[    0.303513] pci 0000:00:1c.0: PCI bridge, secondary bus 0000:02
[    0.303613] pci 0000:00:1c.0:   IO window: 0x2000-0x2fff
[    0.303709] pci 0000:00:1c.0:   MEM window: 0xfc000000-0xfdffffff
[    0.303805] pci 0000:00:1c.0:   PREFETCH window: 0x000000f8000000-0x000000f80fffff
[    0.303935] pci 0000:00:1c.1: PCI bridge, secondary bus 0000:03
[    0.304030] pci 0000:00:1c.1:   IO window: 0x3000-0x3fff
[    0.304140] pci 0000:00:1c.1:   MEM window: 0xdc000000-0xdf3fffff
[    0.304236] pci 0000:00:1c.1:   PREFETCH window: 0x000000dfe00000-0x000000dfefffff
[    0.304365] pci 0000:00:1c.2: PCI bridge, secondary bus 0000:04
[    0.304454] pci 0000:00:1c.2:   IO window: 0x4000-0x4fff
[    0.304552] pci 0000:00:1c.2:   MEM window: 0xd8000000-0xd9ffffff
[    0.304648] pci 0000:00:1c.2:   PREFETCH window: 0x000000dfb00000-0x000000dfbfffff
[    0.304779] pci 0000:00:1c.3: PCI bridge, secondary bus 0000:05
[    0.304878] pci 0000:00:1c.3:   IO window: 0x5000-0x5fff
[    0.304984] pci 0000:00:1c.3:   MEM window: 0xd4000000-0xd5ffffff
[    0.305078] pci 0000:00:1c.3:   PREFETCH window: 0x000000df800000-0x000000df8fffff
[    0.305210] pci 0000:00:1c.4: PCI bridge, secondary bus 0000:0d
[    0.305302] pci 0000:00:1c.4:   IO window: 0x6000-0x6fff
[    0.305397] pci 0000:00:1c.4:   MEM window: 0xd0000000-0xd1ffffff
[    0.305489] pci 0000:00:1c.4:   PREFETCH window: 0x000000df500000-0x000000df5fffff
[    0.305620] pci 0000:15:00.0: CardBus bridge, secondary bus 0000:16
[    0.305711] pci 0000:15:00.0:   IO window: 0x007000-0x0070ff
[    0.305805] pci 0000:15:00.0:   IO window: 0x007400-0x0074ff
[    0.305902] pci 0000:15:00.0:   PREFETCH window: 0xf4000000-0xf7ffffff
[    0.305999] pci 0000:15:00.0:   MEM window: 0x40000000-0x43ffffff
[    0.306094] pci 0000:00:1e.0: PCI bridge, secondary bus 0000:15
[    0.306188] pci 0000:00:1e.0:   IO window: 0x7000-0xafff
[    0.306284] pci 0000:00:1e.0:   MEM window: 0xf8300000-0xfbffffff
[    0.306377] pci 0000:00:1e.0:   PREFETCH window: 0x000000f4000000-0x000000f7ffffff
[    0.306517] pci 0000:00:1c.0: PCI INT A -> GSI 20 (level, low) -> IRQ 20
[    0.306608] pci 0000:00:1c.0: setting latency timer to 64
[    0.306622] pci 0000:00:1c.1: PCI INT B -> GSI 21 (level, low) -> IRQ 21
[    0.306719] pci 0000:00:1c.1: setting latency timer to 64
[    0.306733] pci 0000:00:1c.2: PCI INT C -> GSI 22 (level, low) -> IRQ 22
[    0.306833] pci 0000:00:1c.2: setting latency timer to 64
[    0.306842] pci 0000:00:1c.3: PCI INT D -> GSI 23 (level, low) -> IRQ 23
[    0.306941] pci 0000:00:1c.3: setting latency timer to 64
[    0.306954] pci 0000:00:1c.4: PCI INT A -> GSI 20 (level, low) -> IRQ 20
[    0.307051] pci 0000:00:1c.4: setting latency timer to 64
[    0.307060] pci 0000:00:1e.0: enabling device (0005 -> 0007)
[    0.307154] pci 0000:00:1e.0: setting latency timer to 64
[    0.307168] pci 0000:15:00.0: PCI INT A -> GSI 16 (level, low) -> IRQ 16
[    0.307263] pci 0000:15:00.0: setting latency timer to 64
[    0.307267] pci_bus 0000:00: resource 0 io:  [0x00-0xffff]
[    0.307269] pci_bus 0000:00: resource 1 mem: [0x000000-0xffffffff]
[    0.307271] pci_bus 0000:02: resource 0 io:  [0x2000-0x2fff]
[    0.307273] pci_bus 0000:02: resource 1 mem: [0xfc000000-0xfdffffff]
[    0.307275] pci_bus 0000:02: resource 2 pref mem [0xf8000000-0xf80fffff]
[    0.307277] pci_bus 0000:03: resource 0 io:  [0x3000-0x3fff]
[    0.307279] pci_bus 0000:03: resource 1 mem: [0xdc000000-0xdf3fffff]
[    0.307281] pci_bus 0000:03: resource 2 pref mem [0xdfe00000-0xdfefffff]
[    0.307282] pci_bus 0000:04: resource 0 io:  [0x4000-0x4fff]
[    0.307284] pci_bus 0000:04: resource 1 mem: [0xd8000000-0xd9ffffff]
[    0.307286] pci_bus 0000:04: resource 2 pref mem [0xdfb00000-0xdfbfffff]
[    0.307288] pci_bus 0000:05: resource 0 io:  [0x5000-0x5fff]
[    0.307290] pci_bus 0000:05: resource 1 mem: [0xd4000000-0xd5ffffff]
[    0.307292] pci_bus 0000:05: resource 2 pref mem [0xdf800000-0xdf8fffff]
[    0.307293] pci_bus 0000:0d: resource 0 io:  [0x6000-0x6fff]
[    0.307295] pci_bus 0000:0d: resource 1 mem: [0xd0000000-0xd1ffffff]
[    0.307297] pci_bus 0000:0d: resource 2 pref mem [0xdf500000-0xdf5fffff]
[    0.307299] pci_bus 0000:15: resource 0 io:  [0x7000-0xafff]
[    0.307301] pci_bus 0000:15: resource 1 mem: [0xf8300000-0xfbffffff]
[    0.307303] pci_bus 0000:15: resource 2 pref mem [0xf4000000-0xf7ffffff]
[    0.307304] pci_bus 0000:15: resource 3 io:  [0x00-0xffff]
[    0.307306] pci_bus 0000:15: resource 4 mem: [0x000000-0xffffffff]
[    0.307308] pci_bus 0000:16: resource 0 io:  [0x7000-0x70ff]
[    0.307310] pci_bus 0000:16: resource 1 io:  [0x7400-0x74ff]
[    0.307312] pci_bus 0000:16: resource 2 pref mem [0xf4000000-0xf7ffffff]
[    0.307314] pci_bus 0000:16: resource 3 mem: [0x40000000-0x43ffffff]
[    0.307321] NET: Registered protocol family 2
[    0.307411] RANDOM - __random32 called. Change num 7.  Value: 437d97bf	f373de51	f3b0f986
[    0.307413] RANDOM - random32 called.  Value: 437d97bf	f373de51	f3b0f986
[    0.307417] random 0000 0000 0000 5f8db4e5 4cfdf2a8: rand_read_num 3 get_random_bytes(4): sig fffffb64 5f8db4e5 4cfdf2a8
[    0.307420] random 0000 0000 0000 5f8db4e5 4cfdf2a8: extract_entropy(.. 4 ..)
[    0.307422] random 0000 0000 0000 5f8db4e5 4cfdf2a8: going to reseed nonblocking with 64 bits (32 of 0 requested)
[    0.307424] random 0000 0000 0000 5f8db4e5 4cfdf2a8: extract_entropy(.. 8 ..)
[    0.307426] random 0000 0000 0000 5f8db4e5 4cfdf2a8: trying to extract 64 bits from input
[    0.307428] random 0000 0000 0000 5f8db4e5 4cfdf2a8: debiting 0 entropy credits from input
[    0.307430] random 0000 0000 0000 5f8db4e5 4cfdf2a8: extract_entropy account returned: 0 
[    0.307433] random 0000 0000 0000 5f8db4e5 4cfdf2a8: urand_change_num 5 xfer_secondary_pool(4): pool_sig fffffb64, data_sig 00000000, bytes_mixed 0 5f8db4e5 4cfdf2a8
[    0.307436] random 0000 0000 0000 5f8db4e5 4cfdf2a8: trying to extract 32 bits from nonblocking
[    0.307439] random 0000 0000 0000 5f8db4e5 4cfdf2a8: debiting 32 entropy credits from nonblocking (unlimited)
[    0.307441] random 0000 0000 0000 5f8db4e5 4cfdf2a8: extract_entropy account returned: 4 
[    0.307445] random 0000 0000 0000 5f8db4e5 4cfdf2a8: urand_change_num 6 extract_buf: pool_sig fffffb64, data_sig 00000241, bytes_mixed 20 5f8db4e5 4cfdf2a8
[    0.307454] IP route cache hash table entries: 32768 (order: 5, 131072 bytes)
[    0.307596] RANDOM - __random32 called. Change num 8.  Value: d97bfe31	373de51f	f30dc6e6
[    0.307598] RANDOM - random32 called.  Value: d97bfe31	373de51f	f30dc6e6
[    0.307608] RANDOM - __random32 called. Change num 9.  Value: bfe314d7	73de51f5	8dcd6c7e
[    0.307609] RANDOM - random32 called.  Value: bfe314d7	73de51f5	8dcd6c7e
[    0.307611] RANDOM - __random32 called. Change num 10.  Value: 314d7baf	3de51f5e	d8fc74c1
[    0.307613] RANDOM - random32 called.  Value: 314d7baf	3de51f5e	d8fc74c1
[    0.307624] RANDOM - __random32 called. Change num 11.  Value: d7baf3c7	de51f5e5	e983e3fa
[    0.307625] RANDOM - random32 called.  Value: d7baf3c7	de51f5e5	e983e3fa
[    0.307635] TCP established hash table entries: 131072 (order: 8, 1048576 bytes)
[    0.308133] TCP bind hash table entries: 65536 (order: 6, 262144 bytes)
[    0.308321] TCP: Hash tables configured (established 131072 bind 65536)
[    0.308412] TCP reno registered
[    0.308515] NET: Registered protocol family 1
[    0.308631] RPC: Registered udp transport module.
[    0.308719] RPC: Registered tcp transport module.
[    0.308815] RPC: Registered tcp NFSv4.1 backchannel transport module.
[    0.308918] pci 0000:00:02.0: Boot video device
[    0.309129] Simple Boot Flag at 0x35 set to 0x1
[    0.309644] highmem bounce pool size: 64 pages
[    0.311223] VFS: Disk quotas dquot_6.5.2
[    0.311348] Dquot-cache hash table entries: 1024 (order 0, 4096 bytes)
[    0.312025] NTFS driver 2.1.29 [Flags: R/W].
[    0.312184] ROMFS MTD (C) 2007 Red Hat, Inc.
[    0.312393] JFS: nTxBlock = 7695, nTxLock = 61562
[    0.314891] SGI XFS with ACLs, security attributes, large block/inode numbers, no debug enabled
[    0.315373] SGI XFS Quota Management subsystem
[    0.315662] Slow work thread pool: Starting up
[    0.315768] Slow work thread pool: Ready
[    0.315881] GFS2 (built May 24 2013 02:47:17) installed
[    0.315974] msgmni has been set to 1734
[    0.316146] alg: No test for cipher_null (cipher_null-generic)
[    0.316247] alg: No test for ecb(cipher_null) (ecb-cipher_null)
[    0.316347] alg: No test for digest_null (digest_null-generic)
[    0.316445] alg: No test for compress_null (compress_null-generic)
[    0.317006] alg: No test for fcrypt (fcrypt-generic)
[    0.318419] alg: No test for stdrng (krng)
[    0.318511] async_tx: api initialized (async)
[    0.318664] Block layer SCSI generic (bsg) driver version 0.4 loaded (major 254)
[    0.318805] io scheduler noop registered
[    0.318902] io scheduler anticipatory registered
[    0.318995] io scheduler deadline registered
[    0.319135] io scheduler cfq registered (default)
[    0.319380] pcieport 0000:00:1c.0: irq 24 for MSI/MSI-X
[    0.319397] pcieport 0000:00:1c.0: setting latency timer to 64
[    0.319580] pcieport 0000:00:1c.1: irq 25 for MSI/MSI-X
[    0.319591] pcieport 0000:00:1c.1: setting latency timer to 64
[    0.319766] pcieport 0000:00:1c.2: irq 26 for MSI/MSI-X
[    0.319777] pcieport 0000:00:1c.2: setting latency timer to 64
[    0.319972] pcieport 0000:00:1c.3: irq 27 for MSI/MSI-X
[    0.319983] pcieport 0000:00:1c.3: setting latency timer to 64
[    0.320158] pcieport 0000:00:1c.4: irq 28 for MSI/MSI-X
[    0.320170] pcieport 0000:00:1c.4: setting latency timer to 64
[    0.320320] pci_hotplug: PCI Hot Plug PCI Core version: 0.5
[    0.320512] isapnp: Scanning for PnP cards...
[    0.681039] isapnp: No Plug & Play device found
[    0.681130] random 0000 0000 0000 5f8db4e5 4cfdf2a8: initializing
[    0.681132] RANDOM init_std_data for input now value: 1369919905681132158
[    0.681134] RANDOM init_std_data for blocking now value: 1369919905681134138
[    0.681135] RANDOM init_std_data for nonblocking now value: 1369919905681135848
[    0.700744] Serial: 8250/16550 driver, 4 ports, IRQ sharing enabled
[    3.711967] floppy0: no floppy controllers found
[    3.712911] brd: module loaded
[    3.713418] loop: module loaded
[    3.713505] Compaq SMART2 Driver (v 2.6.0)
[    3.713631] HP CISS Driver (v 3.6.20)
[    3.713873] input: Macintosh mouse button emulation as /devices/virtual/input/input0
[    3.714017] Uniform Multi-Platform E-IDE driver
[    3.714248] piix 0000:00:1f.1: IDE controller (0x8086:0x2850 rev 0x03)
[    3.714355] pci 0000:00:1f.1: PCI INT C -> GSI 16 (level, low) -> IRQ 16
[    3.714466] piix 0000:00:1f.1: IDE port disabled
[    3.714567] piix 0000:00:1f.1: not 100% native mode: will probe irqs later
[    3.714666]     ide0: BM-DMA at 0x1c00-0x1c07
[    3.714767] Probing IDE interface ide0...
[    4.386208] hda: HL-DT-ST DVDRAM GSA-U10N, ATAPI CD/DVD-ROM drive
[    4.693027] hda: host max PIO4 wanted PIO255(auto-tune) selected PIO4
[    4.693798] hda: UDMA/33 mode selected
[    4.694265] ide0 at 0x1f0-0x1f7,0x3f6 on irq 14
[    4.698180] ide-gd driver 1.18
[    4.698292] ide-cd driver 5.00
[    4.699681] random 0000 0000 0000 00000000 00000000: add_disk_randomness(0:0) 00000000 00000000
[    4.699685] random 0000 0000 0000 00000000 00000000: add_timer_randomness(.. 256) with jiffies: 5252826285263781499, cycles: 5252826280969109515
[    4.699688] random 0000 0000 0000 00000000 00000000: added 11 entropy credits to input
[    4.699692] ide-cd: hda: ATAPI 24X DVD-ROM DVD-R/RAM CD-R/RW drive, 2048kB Cache
[    4.700148] Uniform CD-ROM driver Revision: 3.20
[    4.702911] random 0011 0000 0000 00000000 00000000: add_disk_randomness(0:0) 00000000 00000000
[    4.702914] random 0011 0000 0000 00000000 00000000: add_timer_randomness(.. 256) with jiffies: 5281883195015134846, cycles: 5281883190720462859
[    4.702917] random 0011 0000 0000 00000000 00000000: added 1 entropy credits to input
[    4.702920] random 0012 0000 0000 00000000 00000000: add_disk_randomness(0:0) 00000000 00000000
[    4.702922] random 0012 0000 0000 00000000 00000000: add_timer_randomness(.. 256) with jiffies: 5281959769987055230, cycles: 5281959765692383243
[    4.704908] random 0012 0000 0000 00000000 00000000: add_disk_randomness(0:0) 00000000 00000000
[    4.704910] random 0012 0000 0000 00000000 00000000: add_timer_randomness(.. 256) with jiffies: 5299844129771716224, cycles: 5299844125477044235
[    4.704913] random 0012 0000 0000 00000000 00000000: added 1 entropy credits to input
[    4.704916] random 0013 0000 0000 00000000 00000000: add_disk_randomness(0:0) 00000000 00000000
[    4.704919] random 0013 0000 0000 00000000 00000000: add_timer_randomness(.. 256) with jiffies: 5299920163577757312, cycles: 5299920159283085323
[    4.706911] random 0013 0000 0000 00000000 00000000: add_disk_randomness(0:0) 00000000 00000000
[    4.706914] random 0013 0000 0000 00000000 00000000: add_timer_randomness(.. 256) with jiffies: 5317867616431996546, cycles: 5317867612137324555
[    4.706916] random 0013 0000 0000 00000000 00000000: added 1 entropy credits to input
[    4.706919] random 0014 0000 0000 00000000 00000000: add_disk_randomness(0:0) 00000000 00000000
[    4.706922] random 0014 0000 0000 00000000 00000000: add_timer_randomness(.. 256) with jiffies: 5317940944408641154, cycles: 5317940940113969163
[    4.707201] Loading iSCSI transport class v2.0-870.
[    4.707487] rdac: device handler registered
[    4.707576] hp_sw: device handler registered
[    4.707664] emc: device handler registered
[    4.707750] alua: device handler registered
[    4.708735] Adaptec aacraid driver 1.1-5[2461]-ms
[    4.709169] scsi: <fdomain> Detection failed (no card)
[    4.709263] sym53c416.c: Version 1.0.0-ac
[    4.709374] qlogicfas: no cards were found, please specify I/O address and IRQ using iobase= and irq= options
[    4.709505] QLogic Fibre Channel HBA Driver: 8.03.01-k6
[    4.709728] iscsi: registered transport (qla4xxx)
[    4.709835] QLogic iSCSI HBA Driver
[    4.709926] Emulex LightPulse Fibre Channel SCSI driver 8.3.4
[    4.710025] Copyright(c) 2004-2009 Emulex.  All rights reserved.
[    4.732016] Failed initialization of WD-7000 SCSI card!
[    4.821445] DC390: clustering now enabled by default. If you get problems load
[    4.821563]        with "disable_clustering=1" and report to maintainers
[    4.821698] megaraid cmm: 2.20.2.7 (Release Date: Sun Jul 16 00:01:03 EST 2006)
[    4.821850] megaraid: 2.20.5.1 (Release Date: Thu Nov 16 15:32:35 EST 2006)
[    4.821960] megasas: 00.00.04.01 Thu July 24 11:41:51 PST 2008
[    4.822098] GDT-HA: Storage RAID Controller Driver. Version: 3.05
[    4.822249] 3ware Storage Controller device driver for Linux v1.26.02.002.
[    4.822360] 3ware 9000 Storage Controller device driver for Linux v2.26.02.012.
[    4.822503] nsp32: loading...
[    4.822610] ipr: IBM Power RAID SCSI Device Driver version: 2.4.3 (June 10, 2009)
[    4.822762] RocketRAID 3xxx/4xxx Controller driver v1.6 (090910)
[    4.822877] stex: Promise SuperTrak EX Driver version: 4.6.0000.3
[    4.823020] st: Version 20081215, fixed bufsize 32768, s/g segs 256
[    4.823210] ahci 0000:00:1f.2: version 3.0
[    4.823228] ahci 0000:00:1f.2: PCI INT B -> GSI 16 (level, low) -> IRQ 16
[    4.823370] ahci 0000:00:1f.2: irq 29 for MSI/MSI-X
[    4.823430] ahci 0000:00:1f.2: AHCI 0001.0100 32 slots 3 ports 1.5 Gbps 0x5 impl SATA mode
[    4.823549] ahci 0000:00:1f.2: flags: 64bit ncq sntf pm led clo pio slum part ccc 
[    4.823681] ahci 0000:00:1f.2: setting latency timer to 64
[    4.823819] scsi2 : ahci
[    4.823982] scsi3 : ahci
[    4.824143] scsi4 : ahci
[    4.824311] ata1: SATA max UDMA/133 abar m2048@0xfe226000 port 0xfe226100 irq 29
[    4.824434] ata2: DUMMY
[    4.824521] ata3: SATA max UDMA/133 abar m2048@0xfe226000 port 0xfe226200 irq 29
[    4.825134] I2O subsystem v1.325
[    4.825227] i2o: max drivers = 8
[    4.825375] I2O Configuration OSM v1.323
[    4.825478] I2O Bus Adapter OSM v1.317
[    4.825580] I2O Block Device OSM v1.325
[    4.825731] I2O SCSI Peripheral OSM v1.316
[    4.825833] I2O ProcFS OSM v1.316
[    4.825939] Fusion MPT base driver 3.04.12
[    4.826043] Copyright (c) 1999-2008 LSI Corporation
[    4.826133] Fusion MPT SPI Host driver 3.04.12
[    4.826279] Fusion MPT FC Host driver 3.04.12
[    4.826389] Fusion MPT SAS Host driver 3.04.12
[    4.826541] ohci1394 0000:15:00.1: PCI INT B -> GSI 17 (level, low) -> IRQ 17
[    4.826642] ohci1394 0000:15:00.1: setting latency timer to 64
[    4.880039] ohci1394: fw-host0: OHCI-1394 1.1 (PCI): IRQ=[17]  MMIO=[f8301000-f83017ff]  Max Packet=[2048]  IR/IT contexts=[4/4]
[    4.883310] ehci_hcd: USB 2.0 'Enhanced' Host Controller (EHCI) Driver
[    4.883597] ehci_hcd 0000:00:1a.7: power state changed by ACPI to D0
[    4.883844] ehci_hcd 0000:00:1a.7: power state changed by ACPI to D0
[    4.883946] ehci_hcd 0000:00:1a.7: PCI INT C -> GSI 22 (level, low) -> IRQ 22
[    4.884052] ehci_hcd 0000:00:1a.7: setting latency timer to 64
[    4.884055] ehci_hcd 0000:00:1a.7: EHCI Host Controller
[    4.884189] ehci_hcd 0000:00:1a.7: new USB bus registered, assigned bus number 1
[    4.888232] ehci_hcd 0000:00:1a.7: cache line size of 32 is not supported
[    4.888239] ehci_hcd 0000:00:1a.7: irq 22, io mem 0xfe226c00
[    4.898003] ehci_hcd 0000:00:1a.7: USB 2.0 started, EHCI 1.00
[    4.898107] usb usb1: New USB device found, idVendor=1d6b, idProduct=0002
[    4.898199] usb usb1: New USB device strings: Mfr=3, Product=2, SerialNumber=1
[    4.898317] usb usb1: Product: EHCI Host Controller
[    4.898409] usb usb1: Manufacturer: Linux 2.6.32.57 ehci_hcd
[    4.898500] usb usb1: SerialNumber: 0000:00:1a.7
[    4.898642] usb usb1: configuration #1 chosen from 1 choice
[    4.898762] hub 1-0:1.0: USB hub found
[    4.898863] hub 1-0:1.0: 4 ports detected
[    4.899171] ehci_hcd 0000:00:1d.7: power state changed by ACPI to D0
[    4.899464] ehci_hcd 0000:00:1d.7: power state changed by ACPI to D0
[    4.899565] ehci_hcd 0000:00:1d.7: PCI INT D -> GSI 19 (level, low) -> IRQ 19
[    4.899663] ehci_hcd 0000:00:1d.7: setting latency timer to 64
[    4.899668] ehci_hcd 0000:00:1d.7: EHCI Host Controller
[    4.899801] ehci_hcd 0000:00:1d.7: new USB bus registered, assigned bus number 2
[    4.899958] ehci_hcd 0000:00:1d.7: debug port 1
[    4.903952] ehci_hcd 0000:00:1d.7: cache line size of 32 is not supported
[    4.903959] ehci_hcd 0000:00:1d.7: irq 19, io mem 0xfe227000
[    4.914003] ehci_hcd 0000:00:1d.7: USB 2.0 started, EHCI 1.00
[    4.914112] usb usb2: New USB device found, idVendor=1d6b, idProduct=0002
[    4.914201] usb usb2: New USB device strings: Mfr=3, Product=2, SerialNumber=1
[    4.914325] usb usb2: Product: EHCI Host Controller
[    4.914420] usb usb2: Manufacturer: Linux 2.6.32.57 ehci_hcd
[    4.914509] usb usb2: SerialNumber: 0000:00:1d.7
[    4.914649] usb usb2: configuration #1 chosen from 1 choice
[    4.914775] hub 2-0:1.0: USB hub found
[    4.914866] hub 2-0:1.0: 6 ports detected
[    4.915049] 116x: driver isp116x-hcd, 03 Nov 2005
[    4.915154] ohci_hcd: USB 1.1 'Open' Host Controller (OHCI) Driver
[    4.915273] uhci_hcd: USB Universal Host Controller Interface driver
[    4.915388] uhci_hcd 0000:00:1a.0: PCI INT A -> GSI 20 (level, low) -> IRQ 20
[    4.915486] uhci_hcd 0000:00:1a.0: setting latency timer to 64
[    4.915490] uhci_hcd 0000:00:1a.0: UHCI Host Controller
[    4.915623] uhci_hcd 0000:00:1a.0: new USB bus registered, assigned bus number 3
[    4.915777] uhci_hcd 0000:00:1a.0: irq 20, io base 0x00001860
[    4.915893] usb usb3: New USB device found, idVendor=1d6b, idProduct=0001
[    4.915984] usb usb3: New USB device strings: Mfr=3, Product=2, SerialNumber=1
[    4.916113] usb usb3: Product: UHCI Host Controller
[    4.916201] usb usb3: Manufacturer: Linux 2.6.32.57 uhci_hcd
[    4.916292] usb usb3: SerialNumber: 0000:00:1a.0
[    4.916434] usb usb3: configuration #1 chosen from 1 choice
[    4.916556] hub 3-0:1.0: USB hub found
[    4.916646] hub 3-0:1.0: 2 ports detected
[    4.916995] uhci_hcd 0000:00:1a.1: power state changed by ACPI to D0
[    4.917258] uhci_hcd 0000:00:1a.1: power state changed by ACPI to D0
[    4.917357] uhci_hcd 0000:00:1a.1: PCI INT B -> GSI 21 (level, low) -> IRQ 21
[    4.917455] uhci_hcd 0000:00:1a.1: setting latency timer to 64
[    4.917460] uhci_hcd 0000:00:1a.1: UHCI Host Controller
[    4.917590] uhci_hcd 0000:00:1a.1: new USB bus registered, assigned bus number 4
[    4.917745] uhci_hcd 0000:00:1a.1: irq 21, io base 0x00001880
[    4.917858] usb usb4: New USB device found, idVendor=1d6b, idProduct=0001
[    4.917951] usb usb4: New USB device strings: Mfr=3, Product=2, SerialNumber=1
[    4.918080] usb usb4: Product: UHCI Host Controller
[    4.918168] usb usb4: Manufacturer: Linux 2.6.32.57 uhci_hcd
[    4.918258] usb usb4: SerialNumber: 0000:00:1a.1
[    4.918400] usb usb4: configuration #1 chosen from 1 choice
[    4.918519] hub 4-0:1.0: USB hub found
[    4.918607] hub 4-0:1.0: 2 ports detected
[    4.918947] uhci_hcd 0000:00:1d.0: power state changed by ACPI to D0
[    4.919221] uhci_hcd 0000:00:1d.0: power state changed by ACPI to D0
[    4.919317] uhci_hcd 0000:00:1d.0: PCI INT A -> GSI 16 (level, low) -> IRQ 16
[    4.919413] uhci_hcd 0000:00:1d.0: setting latency timer to 64
[    4.919415] uhci_hcd 0000:00:1d.0: UHCI Host Controller
[    4.919541] uhci_hcd 0000:00:1d.0: new USB bus registered, assigned bus number 5
[    4.919691] uhci_hcd 0000:00:1d.0: irq 16, io base 0x000018a0
[    4.919806] usb usb5: New USB device found, idVendor=1d6b, idProduct=0001
[    4.919898] usb usb5: New USB device strings: Mfr=3, Product=2, SerialNumber=1
[    4.920046] usb usb5: Product: UHCI Host Controller
[    4.920135] usb usb5: Manufacturer: Linux 2.6.32.57 uhci_hcd
[    4.920222] usb usb5: SerialNumber: 0000:00:1d.0
[    4.920358] usb usb5: configuration #1 chosen from 1 choice
[    4.920482] hub 5-0:1.0: USB hub found
[    4.920573] hub 5-0:1.0: 2 ports detected
[    4.920716] uhci_hcd 0000:00:1d.1: PCI INT B -> GSI 17 (level, low) -> IRQ 17
[    4.920818] uhci_hcd 0000:00:1d.1: setting latency timer to 64
[    4.920823] uhci_hcd 0000:00:1d.1: UHCI Host Controller
[    4.920948] uhci_hcd 0000:00:1d.1: new USB bus registered, assigned bus number 6
[    4.921099] uhci_hcd 0000:00:1d.1: irq 17, io base 0x000018c0
[    4.921214] usb usb6: New USB device found, idVendor=1d6b, idProduct=0001
[    4.921305] usb usb6: New USB device strings: Mfr=3, Product=2, SerialNumber=1
[    4.921425] usb usb6: Product: UHCI Host Controller
[    4.921519] usb usb6: Manufacturer: Linux 2.6.32.57 uhci_hcd
[    4.921617] usb usb6: SerialNumber: 0000:00:1d.1
[    4.921749] usb usb6: configuration #1 chosen from 1 choice
[    4.921868] hub 6-0:1.0: USB hub found
[    4.921958] hub 6-0:1.0: 2 ports detected
[    4.922267] uhci_hcd 0000:00:1d.2: power state changed by ACPI to D0
[    4.922515] uhci_hcd 0000:00:1d.2: power state changed by ACPI to D0
[    4.922618] uhci_hcd 0000:00:1d.2: PCI INT C -> GSI 18 (level, low) -> IRQ 18
[    4.922714] uhci_hcd 0000:00:1d.2: setting latency timer to 64
[    4.922719] uhci_hcd 0000:00:1d.2: UHCI Host Controller
[    4.922846] uhci_hcd 0000:00:1d.2: new USB bus registered, assigned bus number 7
[    4.923008] uhci_hcd 0000:00:1d.2: irq 18, io base 0x000018e0
[    4.923123] usb usb7: New USB device found, idVendor=1d6b, idProduct=0001
[    4.923221] usb usb7: New USB device strings: Mfr=3, Product=2, SerialNumber=1
[    4.923347] usb usb7: Product: UHCI Host Controller
[    4.923436] usb usb7: Manufacturer: Linux 2.6.32.57 uhci_hcd
[    4.923526] usb usb7: SerialNumber: 0000:00:1d.2
[    4.924323] usb usb7: configuration #1 chosen from 1 choice
[    4.924443] hub 7-0:1.0: USB hub found
[    4.924531] hub 7-0:1.0: 2 ports detected
[    4.924698] sl811: driver sl811-hcd, 19 May 2005
[    4.924808] r8a66597_hcd: driver r8a66597_hcd, 2009-05-26
[    4.924975] Initializing USB Mass Storage driver...
[    4.925109] usbcore: registered new interface driver usb-storage
[    4.925203] USB Mass Storage support registered.
[    4.925310] usbcore: registered new interface driver ums-alauda
[    4.925418] usbcore: registered new interface driver ums-cypress
[    4.925531] usbcore: registered new interface driver ums-datafab
[    4.925637] usbcore: registered new interface driver ums-freecom
[    4.925747] usbcore: registered new interface driver ums-isd200
[    4.925856] usbcore: registered new interface driver ums-jumpshot
[    4.925978] usbcore: registered new interface driver ums-karma
[    4.926100] usbcore: registered new interface driver ums-onetouch
[    4.926211] usbcore: registered new interface driver ums-sddr09
[    4.926319] usbcore: registered new interface driver ums-sddr55
[    4.926430] usbcore: registered new interface driver ums-usbat
[    4.926576] PNP: PS/2 Controller [PNP0303:KBD,PNP0f13:MOU] at 0x60,0x64 irq 1,12
[    4.935075] serio: i8042 KBD port at 0x60,0x64 irq 1
[    4.935171] serio: i8042 AUX port at 0x60,0x64 irq 12
[    4.935420] mice: PS/2 mouse device common for all mice
[    4.935541] i2c /dev entries driver
[    4.935679] md: linear personality registered for level -1
[    4.935767] md: raid0 personality registered for level 0
[    4.935856] md: raid1 personality registered for level 1
[    4.935946] md: raid10 personality registered for level 10
[    4.936052] md: raid6 personality registered for level 6
[    4.936144] md: raid5 personality registered for level 5
[    4.936243] md: raid4 personality registered for level 4
[    4.936334] md: multipath personality registered for level -4
[    4.936525] device-mapper: ioctl: 4.15.0-ioctl (2009-04-01) initialised: dm-devel@redhat.com
[    4.936738] cpuidle: using governor ladder
[    4.937345] usbcore: registered new interface driver usbhid
[    4.937436] usbhid: v2.6:USB HID core driver
[    4.937579] random 0014 0000 0000 00000000 00000000: rand_read_num 4 get_random_bytes(136): sig 00000000 00000000 00000000
[    4.937582] random 0014 0000 0000 00000000 00000000: extract_entropy(.. 136 ..)
[    4.937585] random 0014 0000 0000 00000000 00000000: going to reseed nonblocking with 1024 bits (1088 of 0 requested)
[    4.937587] random 0014 0000 0000 00000000 00000000: extract_entropy(.. 128 ..)
[    4.937590] random 0014 0000 0000 00000000 00000000: trying to extract 1024 bits from input
[    4.937592] random 0014 0000 0000 00000000 00000000: debiting 0 entropy credits from input
[    4.937594] random 0014 0000 0000 00000000 00000000: extract_entropy account returned: 0 
[    4.937597] random 0014 0000 0000 00000000 00000000: urand_change_num 7 xfer_secondary_pool(136): pool_sig 00000000, data_sig 00000000, bytes_mixed 0 00000000 00000000
[    4.937600] random 0014 0000 0000 00000000 00000000: trying to extract 1088 bits from nonblocking
[    4.937602] random 0014 0000 0000 00000000 00000000: debiting 1088 entropy credits from nonblocking (unlimited)
[    4.937605] random 0014 0000 0000 00000000 00000000: extract_entropy account returned: 136 
[    4.937609] random 0014 0000 0000 00000000 00000000: urand_change_num 8 extract_buf: pool_sig 00000000, data_sig fffffff9, bytes_mixed 20 00000000 00000000
[    4.937614] random 0014 0000 0000 b7c35b56 be4dc95d: urand_change_num 9 extract_buf: pool_sig fffffd1e, data_sig 000000c5, bytes_mixed 20 b7c35b56 be4dc95d
[    4.937620] random 0014 0000 0000 ed9f5c47 c48487fb: urand_change_num 10 extract_buf: pool_sig fffff8ec, data_sig ffffff68, bytes_mixed 20 ed9f5c47 c48487fb
[    4.937625] random 0014 0000 0000 ed9f5c47 c48487fb: urand_change_num 11 extract_buf: pool_sig fffffaed, data_sig 000001aa, bytes_mixed 20 ed9f5c47 c48487fb
[    4.937630] random 0014 0000 0000 1b4f7c0a 91bd6a48: urand_change_num 12 extract_buf: pool_sig fffffdd8, data_sig 00000064, bytes_mixed 20 1b4f7c0a 91bd6a48
[    4.937636] random 0014 0000 0000 a254b9bc 20e9a24f: urand_change_num 13 extract_buf: pool_sig fffffbe6, data_sig 000001dd, bytes_mixed 20 a254b9bc 20e9a24f
[    4.937641] random 0014 0000 0000 a254b9bc 20e9a24f: urand_change_num 14 extract_buf: pool_sig fffff940, data_sig fffffe20, bytes_mixed 20 a254b9bc 20e9a24f
[    4.937646] random 0014 0000 0000 2831a66b 5fa2a3ad: urand_change_num 15 extract_buf: pool_sig fffffbce, data_sig 0000007e, bytes_mixed 20 2831a66b 5fa2a3ad
[    4.937651] random 0014 0000 0000 2831a66b 5fa2a3ad: urand_change_num 16 extract_buf: pool_sig 000004df, data_sig fffffe8f, bytes_mixed 20 2831a66b 5fa2a3ad
[    4.937656] random 0014 0000 0000 d4512bfd c9a54e0b: urand_change_num 17 extract_buf: pool_sig 00000485, data_sig fffffe68, bytes_mixed 20 d4512bfd c9a54e0b
[    4.937662] random 0014 0000 0000 c7371be6 f9ffea11: urand_change_num 18 extract_buf: pool_sig 00000095, data_sig ffffffed, bytes_mixed 20 c7371be6 f9ffea11
[    4.937667] random 0014 0000 0000 c7371be6 f9ffea11: urand_change_num 19 extract_buf: pool_sig 000003a7, data_sig fffffefa, bytes_mixed 20 c7371be6 f9ffea11
[    4.937672] random 0014 0000 0000 8fb4b62c d1ddba54: urand_change_num 20 extract_buf: pool_sig 00000179, data_sig ffffff78, bytes_mixed 20 8fb4b62c d1ddba54
[    4.937677] random 0014 0000 0000 9ff19f9c c07a1d2a: urand_change_num 21 extract_buf: pool_sig fffffe88, data_sig 00000126, bytes_mixed 20 9ff19f9c c07a1d2a
[    4.937689] TCP cubic registered
[    4.937781] Initializing XFRM netlink socket
[    4.937871] NET: Registered protocol family 17
[    4.937977] Using IPI Shortcut mode
[    4.938082] random 0014 0000 0000 9ff19f9c c07a1d2a: rand_read_num 5 get_random_bytes(8): sig 0000031b 9ff19f9c c07a1d2a
[    4.938084] random 0014 0000 0000 9ff19f9c c07a1d2a: extract_entropy(.. 8 ..)
[    4.938087] random 0014 0000 0000 9ff19f9c c07a1d2a: going to reseed nonblocking with 64 bits (64 of 0 requested)
[    4.938089] random 0014 0000 0000 9ff19f9c c07a1d2a: extract_entropy(.. 8 ..)
[    4.938091] random 0014 0000 0000 9ff19f9c c07a1d2a: trying to extract 64 bits from input
[    4.938093] random 0014 0000 0000 9ff19f9c c07a1d2a: debiting 0 entropy credits from input
[    4.938095] random 0014 0000 0000 9ff19f9c c07a1d2a: extract_entropy account returned: 0 
[    4.938098] random 0014 0000 0000 9ff19f9c c07a1d2a: urand_change_num 22 xfer_secondary_pool(8): pool_sig 0000031b, data_sig 00000000, bytes_mixed 0 9ff19f9c c07a1d2a
[    4.938101] random 0014 0000 0000 9ff19f9c c07a1d2a: trying to extract 64 bits from nonblocking
[    4.938104] random 0014 0000 0000 9ff19f9c c07a1d2a: debiting 64 entropy credits from nonblocking (unlimited)
[    4.938106] random 0014 0000 0000 9ff19f9c c07a1d2a: extract_entropy account returned: 8 
[    4.938110] random 0014 0000 0000 9ff19f9c c07a1d2a: urand_change_num 23 extract_buf: pool_sig 0000031b, data_sig ffffffb3, bytes_mixed 20 9ff19f9c c07a1d2a
[    4.940578] input: AT Translated Set 2 keyboard as /devices/platform/i8042/serio0/input/input1
[    5.129021] ata3: SATA link down (SStatus 0 SControl 300)
[    5.129143] ata1: SATA link up 1.5 Gbps (SStatus 113 SControl 300)
[    5.132066] ata1.00: ACPI cmd ef/02:00:00:00:00:a0 (SET FEATURES) succeeded
[    5.132069] ata1.00: ACPI cmd f5/00:00:00:00:00:a0 (SECURITY FREEZE LOCK) filtered out
[    5.133459] ata1.00: ACPI cmd ef/5f:00:00:00:00:a0 (SET FEATURES) succeeded
[    5.133462] ata1.00: ACPI cmd ef/10:03:00:00:00:a0 (SET FEATURES) filtered out
[    5.135369] ata1.00: ATA-7: ST910021AS, 4.06, max UDMA/100
[    5.135458] ata1.00: 195371568 sectors, multi 16: LBA48 
[    5.137610] ata1.00: ACPI cmd ef/02:00:00:00:00:a0 (SET FEATURES) succeeded
[    5.137612] ata1.00: ACPI cmd f5/00:00:00:00:00:a0 (SECURITY FREEZE LOCK) filtered out
[    5.139007] ata1.00: ACPI cmd ef/5f:00:00:00:00:a0 (SET FEATURES) succeeded
[    5.139010] ata1.00: ACPI cmd ef/10:03:00:00:00:a0 (SET FEATURES) filtered out
[    5.140928] ata1.00: configured for UDMA/100
[    5.152077] scsi 2:0:0:0: Direct-Access     ATA      ST910021AS       4.06 PQ: 0 ANSI: 5
[    5.152364] sd 2:0:0:0: [sda] 195371568 512-byte logical blocks: (100 GB/93.1 GiB)
[    5.152511] sd 2:0:0:0: [sda] Write Protect is off
[    5.152599] sd 2:0:0:0: [sda] Mode Sense: 00 3a 00 00
[    5.152612] sd 2:0:0:0: [sda] Write cache: enabled, read cache: enabled, doesn't support DPO or FUA
[    5.152801]  sda:
[    5.216015] usb 2-1: new high speed USB device using ehci_hcd and address 2
[    5.363637] usb 2-1: New USB device found, idVendor=0e8d, idProduct=1806
[    5.363731] usb 2-1: New USB device strings: Mfr=1, Product=2, SerialNumber=3
[    5.363820] usb 2-1: Product: MT1806 
[    5.363900] usb 2-1: Manufacturer: MediaTek Inc
[    5.363988] usb 2-1: SerialNumber: R8KN6GAC800AEB 
[    5.364130] usb 2-1: configuration #1 chosen from 1 choice
[    5.370430] scsi5 : SCSI emulation for USB Mass Storage devices
[    5.370599] usb-storage: device found at 2
[    5.370600] usb-storage: waiting for device to settle before scanning
[    5.557797] random 0014 0000 0000 277f73c3 42024bb9: add_disk_randomness(8:0) 277f73c3 42024bb9
[    5.557801] random 0014 0000 0000 277f73c3 42024bb9: add_timer_randomness(.. 8388864) with jiffies: 12972496539115815294, cycles: -5474247538888409077
[    5.557804] random 0014 0000 0000 277f73c3 42024bb9: added 11 entropy credits to input
[    5.557809]  sda1 sda2
[    5.558368] random 0025 0000 0000 277f73c3 42024bb9: add_disk_randomness(8:0) 277f73c3 42024bb9
[    5.558371] random 0025 0000 0000 277f73c3 42024bb9: add_timer_randomness(.. 8388864) with jiffies: 12977619799444783487, cycles: -5469124278559440885
[    5.558525] sd 2:0:0:0: [sda] Attached SCSI disk
[    5.558617] random 0025 0000 0000 277f73c3 42024bb9: rand_read_num 6 get_random_bytes(12): sig 000007e9 277f73c3 42024bb9
[    5.558620] random 0025 0000 0000 277f73c3 42024bb9: extract_entropy(.. 12 ..)
[    5.558623] random 0025 0000 0000 277f73c3 42024bb9: going to reseed nonblocking with 96 bits (96 of 0 requested)
[    5.558625] random 0025 0000 0000 277f73c3 42024bb9: extract_entropy(.. 12 ..)
[    5.558627] random 0025 0000 0000 277f73c3 42024bb9: trying to extract 96 bits from input
[    5.558629] random 0025 0000 0000 277f73c3 42024bb9: debiting 0 entropy credits from input
[    5.558631] random 0025 0000 0000 277f73c3 42024bb9: extract_entropy account returned: 0 
[    5.558634] random 0025 0000 0000 277f73c3 42024bb9: urand_change_num 24 xfer_secondary_pool(12): pool_sig 000007e9, data_sig 00000000, bytes_mixed 0 277f73c3 42024bb9
[    5.558637] random 0025 0000 0000 277f73c3 42024bb9: trying to extract 96 bits from nonblocking
[    5.558640] random 0025 0000 0000 277f73c3 42024bb9: debiting 96 entropy credits from nonblocking (unlimited)
[    5.558642] random 0025 0000 0000 277f73c3 42024bb9: extract_entropy account returned: 12 
[    5.558646] random 0025 0000 0000 277f73c3 42024bb9: urand_change_num 25 extract_buf: pool_sig 000007e9, data_sig 00000088, bytes_mixed 20 277f73c3 42024bb9
[    5.558652] random 0025 0000 0000 277f73c3 42024bb9: urand_change_num 26 extract_buf: pool_sig 00000498, data_sig fffffefb, bytes_mixed 20 277f73c3 42024bb9
[    5.558655] RANDOM - __seed init called.
[    5.558656] RANDOM - __seed init called.
[    5.558657] RANDOM - __seed init called.
[    5.558658] RANDOM - __random32 called. Change num 12.  Value: 87f14767	f0d7351	b1e48bd3
[    5.558660] RANDOM - random32_reseed called.  Value: 87f14767	f0d7351	b1e48bd3
[    5.558663] Pid: 1, comm: swapper Not tainted 2.6.32.57 #6
[    5.558752] Call Trace:
[    5.558845]  [<c1923ca4>] ? random32_reseed+0xa0/0xb1
[    5.558939]  [<c1923c04>] ? random32_reseed+0x0/0xb1
[    5.559031]  [<c100111e>] ? do_one_initcall+0x2e/0x180
[    5.559124]  [<c1907265>] ? kernel_init+0xad/0x103
[    5.559211]  [<c19071b8>] ? kernel_init+0x0/0x103
[    5.559304]  [<c1003787>] ? kernel_thread_helper+0x7/0x10
[    5.559836] random 0025 0000 0000 386b4e60 ee4d4880: rand_read_num 7 get_random_bytes(64): sig fffffea5 386b4e60 ee4d4880
[    5.559839] random 0025 0000 0000 386b4e60 ee4d4880: extract_entropy(.. 64 ..)
[    5.559841] random 0025 0000 0000 386b4e60 ee4d4880: going to reseed nonblocking with 512 bits (512 of 0 requested)
[    5.559843] random 0025 0000 0000 386b4e60 ee4d4880: extract_entropy(.. 64 ..)
[    5.559846] random 0025 0000 0000 386b4e60 ee4d4880: trying to extract 512 bits from input
[    5.559848] random 0025 0000 0000 386b4e60 ee4d4880: debiting 0 entropy credits from input
[    5.559850] random 0025 0000 0000 386b4e60 ee4d4880: extract_entropy account returned: 0 
[    5.559853] random 0025 0000 0000 386b4e60 ee4d4880: urand_change_num 27 xfer_secondary_pool(64): pool_sig fffffea5, data_sig 00000000, bytes_mixed 0 386b4e60 ee4d4880
[    5.559856] random 0025 0000 0000 386b4e60 ee4d4880: trying to extract 512 bits from nonblocking
[    5.559858] random 0025 0000 0000 386b4e60 ee4d4880: debiting 512 entropy credits from nonblocking (unlimited)
[    5.559860] random 0025 0000 0000 386b4e60 ee4d4880: extract_entropy account returned: 64 
[    5.559864] random 0025 0000 0000 386b4e60 ee4d4880: urand_change_num 28 extract_buf: pool_sig fffffea5, data_sig 00000173, bytes_mixed 20 386b4e60 ee4d4880
[    5.559870] random 0025 0000 0000 412698f6 0cc8689a: urand_change_num 29 extract_buf: pool_sig 00000122, data_sig ffffff63, bytes_mixed 20 412698f6 0cc8689a
[    5.559875] random 0025 0000 0000 412698f6 0cc8689a: urand_change_num 30 extract_buf: pool_sig 000001f7, data_sig 00000012, bytes_mixed 20 412698f6 0cc8689a
[    5.559881] random 0025 0000 0000 9669941e 06f768b1: urand_change_num 31 extract_buf: pool_sig fffffb5b, data_sig 0000003f, bytes_mixed 20 9669941e 06f768b1
[    5.559886] random 0025 0000 0000 98486520 995551f0: urand_change_num 32 extract_buf: pool_sig fffffb39, data_sig 0000000e, bytes_mixed 20 98486520 995551f0
[    5.559891] random 0025 0000 0000 98486520 995551f0: urand_change_num 33 extract_buf: pool_sig fffffd8d, data_sig 000001a6, bytes_mixed 20 98486520 995551f0
[    5.559896] random 0025 0000 0000 61fc8914 d5882ed2: urand_change_num 34 extract_buf: pool_sig fffffa58, data_sig 0000023e, bytes_mixed 20 61fc8914 d5882ed2
[    5.559926] random 0025 0000 0000 61fc8914 d5882ed2: rand_read_num 8 get_random_bytes(64): sig fffff9ee 61fc8914 d5882ed2
[    5.559928] random 0025 0000 0000 61fc8914 d5882ed2: extract_entropy(.. 64 ..)
[    5.559930] random 0025 0000 0000 61fc8914 d5882ed2: going to reseed nonblocking with 512 bits (512 of 0 requested)
[    5.559933] random 0025 0000 0000 61fc8914 d5882ed2: extract_entropy(.. 64 ..)
[    5.559935] random 0025 0000 0000 61fc8914 d5882ed2: trying to extract 512 bits from input
[    5.559937] random 0025 0000 0000 61fc8914 d5882ed2: debiting 0 entropy credits from input
[    5.559939] random 0025 0000 0000 61fc8914 d5882ed2: extract_entropy account returned: 0 
[    5.559942] random 0025 0000 0000 61fc8914 d5882ed2: urand_change_num 35 xfer_secondary_pool(64): pool_sig fffff9ee, data_sig 00000000, bytes_mixed 0 61fc8914 d5882ed2
[    5.559945] random 0025 0000 0000 61fc8914 d5882ed2: trying to extract 512 bits from nonblocking
[    5.559948] random 0025 0000 0000 61fc8914 d5882ed2: debiting 512 entropy credits from nonblocking (unlimited)
[    5.559950] random 0025 0000 0000 61fc8914 d5882ed2: extract_entropy account returned: 64 
[    5.559954] random 0025 0000 0000 61fc8914 d5882ed2: urand_change_num 36 extract_buf: pool_sig fffff9ee, data_sig ffffff85, bytes_mixed 20 61fc8914 d5882ed2
[    5.559959] random 0025 0000 0000 70cfd302 e5edec11: urand_change_num 37 extract_buf: pool_sig fffffdc1, data_sig ffffffde, bytes_mixed 20 70cfd302 e5edec11
[    5.559964] random 0025 0000 0000 00dab838 eafd2b30: urand_change_num 38 extract_buf: pool_sig 000003da, data_sig ffffff61, bytes_mixed 20 00dab838 eafd2b30
[    5.559970] random 0025 0000 0000 00dab838 eafd2b30: urand_change_num 39 extract_buf: pool_sig 00000314, data_sig 00000121, bytes_mixed 20 00dab838 eafd2b30
[    5.559975] random 0025 0000 0000 5fcdf66a 6442b608: urand_change_num 40 extract_buf: pool_sig 0000028b, data_sig fffffefd, bytes_mixed 20 5fcdf66a 6442b608
[    5.559980] random 0025 0000 0000 61333f6b 8fae0f9b: urand_change_num 41 extract_buf: pool_sig 000000cb, data_sig 000000b3, bytes_mixed 20 61333f6b 8fae0f9b
[    5.559986] random 0025 0000 0000 61333f6b 8fae0f9b: urand_change_num 42 extract_buf: pool_sig fffffef8, data_sig 00000051, bytes_mixed 20 61333f6b 8fae0f9b
[    5.559988] BEGIN NET_SECRET:
[    5.559989] \xffffffe0
[    5.559990] \xffffffb6
[    5.559991] \x36
[    5.559992] \xffffffb5
[    5.559993] \xffffff94
[    5.559994] \xffffffb2
[    5.559994] \xffffffa8
[    5.559995] \xffffffda
[    5.559996] \x5b
[    5.559997] \x19
[    5.559998] \x18
[    5.559998] \x5c
[    5.559999] \x2b
[    5.560000] \x1
[    5.560001] \xffffff90
[    5.560001] \x19
[    5.560002] \x3c
[    5.560003] \xfffffff2
[    5.560004] \xffffff82
[    5.560004] \x2a
[    5.560005] \xffffffb3
[    5.560006] \xffffffa2
[    5.560007] \x3f
[    5.560008] \x5
[    5.560008] \x52
[    5.560009] \x77
[    5.560010] \x57
[    5.560010] \x79
[    5.560011] \x16
[    5.560012] \x43
[    5.560013] \xffffff84
[    5.560013] \xffffffc3
[    5.560014] \xffffffe9
[    5.560015] \x79
[    5.560019] \x50
[    5.560020] \xffffff8e
[    5.560021] \x3f
[    5.560021] \xfffffff3
[    5.560022] \x19
[    5.560023] \x2a
[    5.560024] \xfffffffd
[    5.560024] \xfffffffb
[    5.560025] \x62
[    5.560026] \x3c
[    5.560027] \xffffffac
[    5.560028] \x1c
[    5.560028] \x3b
[    5.560029] \x3b
[    5.560030] \x15
[    5.560030] \x27
[    5.560031] \xffffffa8
[    5.560032] \x22
[    5.560033] \xffffffc5
[    5.560034] \xffffff9a
[    5.560034] \x5
[    5.560035] \x6c
[    5.560036] \xffffffa8
[    5.560037] \x3a
[    5.560037] \x44
[    5.560038] \xffffffaf
[    5.560039] \x13
[    5.560040] \xffffffe0
[    5.560040] \xffffff9d
[    5.560041] \x22
[    5.560042] 
[    5.560042] END NET_SECRET
[    5.560045] random 0025 0000 0000 e7f555d9 e8ce5c3c: rand_read_num 9 get_random_bytes(4): sig 0000068c e7f555d9 e8ce5c3c
[    5.560048] random 0025 0000 0000 e7f555d9 e8ce5c3c: extract_entropy(.. 4 ..)
[    5.560050] random 0025 0000 0000 e7f555d9 e8ce5c3c: going to reseed nonblocking with 64 bits (32 of 0 requested)
[    5.560052] random 0025 0000 0000 e7f555d9 e8ce5c3c: extract_entropy(.. 8 ..)
[    5.560054] random 0025 0000 0000 e7f555d9 e8ce5c3c: trying to extract 64 bits from input
[    5.560056] random 0025 0000 0000 e7f555d9 e8ce5c3c: debiting 0 entropy credits from input
[    5.560059] random 0025 0000 0000 e7f555d9 e8ce5c3c: extract_entropy account returned: 0 
[    5.560062] random 0025 0000 0000 e7f555d9 e8ce5c3c: urand_change_num 43 xfer_secondary_pool(4): pool_sig 0000068c, data_sig 00000000, bytes_mixed 0 e7f555d9 e8ce5c3c
[    5.560065] random 0025 0000 0000 e7f555d9 e8ce5c3c: trying to extract 32 bits from nonblocking
[    5.560067] random 0025 0000 0000 e7f555d9 e8ce5c3c: debiting 32 entropy credits from nonblocking (unlimited)
[    5.560069] random 0025 0000 0000 e7f555d9 e8ce5c3c: extract_entropy account returned: 4 
[    5.560073] random 0025 0000 0000 e7f555d9 e8ce5c3c: urand_change_num 44 extract_buf: pool_sig 0000068c, data_sig fffffdcb, bytes_mixed 20 e7f555d9 e8ce5c3c
[    5.560084] md: Waiting for all devices to be available before autodetect
[    5.560175] md: If you don't use raid, use raid=noautodetect
[    5.560347] md: Autodetecting RAID arrays.
[    5.560436] md: Scanned 0 and added 0 devices.
[    5.560524] md: autorun ...
[    5.560611] md: ... autorun DONE.
[    5.574007] random 0025 0000 0000 e7f555d9 e8ce5c3c: add_disk_randomness(8:0) e7f555d9 e8ce5c3c
[    5.574010] random 0025 0000 0000 e7f555d9 e8ce5c3c: add_timer_randomness(.. 8388864) with jiffies: 13118321394758418830, cycles: -5328422683245805557
[    5.574013] random 0025 0000 0000 e7f555d9 e8ce5c3c: added 3 entropy credits to input
[    5.575133] random 0028 0000 0000 e7f555d9 e8ce5c3c: add_disk_randomness(8:0) e7f555d9 e8ce5c3c
[    5.575136] random 0028 0000 0000 e7f555d9 e8ce5c3c: add_timer_randomness(.. 8388864) with jiffies: 13128437004813173136, cycles: -5318307073191051253
[    5.575139] random 0028 0000 0000 e7f555d9 e8ce5c3c: added 1 entropy credits to input
[    5.575246] random 0029 0000 0000 e7f555d9 e8ce5c3c: add_disk_randomness(8:0) e7f555d9 e8ce5c3c
[    5.575249] random 0029 0000 0000 e7f555d9 e8ce5c3c: add_timer_randomness(.. 8388864) with jiffies: 13129454306471936400, cycles: -5317289771532287989
[    5.575256] EXT3-fs: sda2: couldn't mount because of unsupported optional features (240).
[    5.575478] random 0029 0000 0000 e7f555d9 e8ce5c3c: add_disk_randomness(8:0) e7f555d9 e8ce5c3c
[    5.575481] random 0029 0000 0000 e7f555d9 e8ce5c3c: add_timer_randomness(.. 8388864) with jiffies: 13131546857488220560, cycles: -5315197220516003829
[    5.575486] EXT2-fs: sda2: couldn't mount because of unsupported optional features (240).
[    5.575708] random 0029 0000 0000 e7f555d9 e8ce5c3c: add_disk_randomness(8:0) e7f555d9 e8ce5c3c
[    5.575711] random 0029 0000 0000 e7f555d9 e8ce5c3c: add_timer_randomness(.. 8388864) with jiffies: 13133617628725346704, cycles: -5313126449278877685
[    5.575840] random 0029 0000 0000 e7f555d9 e8ce5c3c: add_disk_randomness(8:0) e7f555d9 e8ce5c3c
[    5.575843] random 0029 0000 0000 e7f555d9 e8ce5c3c: add_timer_randomness(.. 8388864) with jiffies: 13134806570162160016, cycles: -5311937507842064373
[    5.576000] random 0029 0000 0000 e7f555d9 e8ce5c3c: add_disk_randomness(8:0) e7f555d9 e8ce5c3c
[    5.576003] random 0029 0000 0000 e7f555d9 e8ce5c3c: add_timer_randomness(.. 8388864) with jiffies: 13136248644086497680, cycles: -5310495433917726709
[    5.576124] random 0029 0000 0000 e7f555d9 e8ce5c3c: add_disk_randomness(8:0) e7f555d9 e8ce5c3c
[    5.576127] random 0029 0000 0000 e7f555d9 e8ce5c3c: add_timer_randomness(.. 8388864) with jiffies: 13137356453591089553, cycles: -5309387624413134837
[    5.576245] random 0029 0000 0000 e7f555d9 e8ce5c3c: add_disk_randomness(8:0) e7f555d9 e8ce5c3c
[    5.576248] random 0029 0000 0000 e7f555d9 e8ce5c3c: add_timer_randomness(.. 8388864) with jiffies: 13138442530561163665, cycles: -5308301547443060725
[    5.576395] random 0029 0000 0000 e7f555d9 e8ce5c3c: add_disk_randomness(8:0) e7f555d9 e8ce5c3c
[    5.576398] random 0029 0000 0000 e7f555d9 e8ce5c3c: add_timer_randomness(.. 8388864) with jiffies: 13139795037237510545, cycles: -5306949040766713845
[    5.576519] random 0029 0000 0000 e7f555d9 e8ce5c3c: add_disk_randomness(8:0) e7f555d9 e8ce5c3c
[    5.576522] random 0029 0000 0000 e7f555d9 e8ce5c3c: add_timer_randomness(.. 8388864) with jiffies: 13140915568435233169, cycles: -5305828509568991221
[    5.576638] random 0029 0000 0000 e7f555d9 e8ce5c3c: add_disk_randomness(8:0) e7f555d9 e8ce5c3c
[    5.576641] random 0029 0000 0000 e7f555d9 e8ce5c3c: add_timer_randomness(.. 8388864) with jiffies: 13141988880762503569, cycles: -5304755197241720821
[    5.576881] random 0029 0000 0000 e7f555d9 e8ce5c3c: rand_read_num 10 get_random_bytes(4): sig ffffff72 e7f555d9 e8ce5c3c
[    5.576883] random 0029 0000 0000 e7f555d9 e8ce5c3c: extract_entropy(.. 4 ..)
[    5.576886] random 0029 0000 0000 e7f555d9 e8ce5c3c: going to reseed nonblocking with 64 bits (32 of 0 requested)
[    5.576888] random 0029 0000 0000 e7f555d9 e8ce5c3c: extract_entropy(.. 8 ..)
[    5.576890] random 0029 0000 0000 e7f555d9 e8ce5c3c: trying to extract 64 bits from input
[    5.576892] random 0029 0000 0000 e7f555d9 e8ce5c3c: debiting 0 entropy credits from input
[    5.576894] random 0029 0000 0000 e7f555d9 e8ce5c3c: extract_entropy account returned: 0 
[    5.576897] random 0029 0000 0000 e7f555d9 e8ce5c3c: urand_change_num 45 xfer_secondary_pool(4): pool_sig ffffff72, data_sig 00000000, bytes_mixed 0 e7f555d9 e8ce5c3c
[    5.576900] random 0029 0000 0000 e7f555d9 e8ce5c3c: trying to extract 32 bits from nonblocking
[    5.576903] random 0029 0000 0000 e7f555d9 e8ce5c3c: debiting 32 entropy credits from nonblocking (unlimited)
[    5.576905] random 0029 0000 0000 e7f555d9 e8ce5c3c: extract_entropy account returned: 4 
[    5.576909] random 0029 0000 0000 e7f555d9 e8ce5c3c: urand_change_num 46 extract_buf: pool_sig ffffff72, data_sig ffffff72, bytes_mixed 20 e7f555d9 e8ce5c3c
[    5.588463] random 0029 0000 0000 91716c54 eeb6a1e7: add_disk_randomness(8:0) 91716c54 eeb6a1e7
[    5.588466] random 0029 0000 0000 91716c54 eeb6a1e7: add_timer_randomness(.. 8388864) with jiffies: 13248362249883189661, cycles: -5198381828121034741
[    5.588469] random 0029 0000 0000 91716c54 eeb6a1e7: added 3 entropy credits to input
[    5.606740] random 0032 0000 0000 91716c54 eeb6a1e7: add_disk_randomness(8:0) 91716c54 eeb6a1e7
[    5.606743] random 0032 0000 0000 91716c54 eeb6a1e7: add_timer_randomness(.. 8388864) with jiffies: 13412786933847523759, cycles: -5033957144156700661
[    5.606746] random 0032 0000 0000 91716c54 eeb6a1e7: added 2 entropy credits to input
[    5.611480] EXT4-fs (sda2): mounted filesystem with ordered data mode
[    5.611678] VFS: Mounted root (ext4 filesystem) readonly on device 8:2.
[    5.611777] Freeing unused kernel memory: 448k freed
[    5.631935] random 0034 0000 0000 91716c54 eeb6a1e7: add_disk_randomness(8:0) 91716c54 eeb6a1e7
[    5.631938] random 0034 0000 0000 91716c54 eeb6a1e7: add_timer_randomness(.. 8388864) with jiffies: 13639447991738401224, cycles: -4807296086265823221
[    5.632662] random 0034 0000 0000 91716c54 eeb6a1e7: add_disk_randomness(8:0) 91716c54 eeb6a1e7
[    5.632665] random 0034 0000 0000 91716c54 eeb6a1e7: add_timer_randomness(.. 8388864) with jiffies: 13645982977752793545, cycles: -4800761100251430901
[    5.637348] random 0034 0000 0000 91716c54 eeb6a1e7: add_disk_randomness(8:0) 91716c54 eeb6a1e7
[    5.637350] random 0034 0000 0000 91716c54 eeb6a1e7: add_timer_randomness(.. 8388864) with jiffies: 13688126674329895374, cycles: -4758617403674329077
[    5.637353] random 0034 0000 0000 91716c54 eeb6a1e7: added 2 entropy credits to input
[    5.645549] random 0036 0000 0000 91716c54 eeb6a1e7: add_disk_randomness(8:0) 91716c54 eeb6a1e7
[    5.645552] random 0036 0000 0000 91716c54 eeb6a1e7: add_timer_randomness(.. 8388864) with jiffies: 13761913379251519958, cycles: -4684830698752704501
[    5.648971] random 0036 0000 0000 91716c54 eeb6a1e7: add_disk_randomness(8:0) 91716c54 eeb6a1e7
[    5.648974] random 0036 0000 0000 91716c54 eeb6a1e7: add_timer_randomness(.. 8388864) with jiffies: 13792702921759752665, cycles: -4654041156244471797
[    5.648977] random 0036 0000 0000 91716c54 eeb6a1e7: added 1 entropy credits to input
[    5.657868] random 0037 0000 0000 91716c54 eeb6a1e7: add_disk_randomness(8:0) 91716c54 eeb6a1e7
[    5.657871] random 0037 0000 0000 91716c54 eeb6a1e7: add_timer_randomness(.. 8388864) with jiffies: 13872741265113317858, cycles: -4574002812890906613
[    5.657874] random 0037 0000 0000 91716c54 eeb6a1e7: added 2 entropy credits to input
[    5.662826] random 0039 0000 0000 91716c54 eeb6a1e7: add_disk_randomness(8:0) 91716c54 eeb6a1e7
[    5.662829] random 0039 0000 0000 91716c54 eeb6a1e7: add_timer_randomness(.. 8388864) with jiffies: 13917344337273520615, cycles: -4529399740730703861
[    5.662832] random 0039 0000 0000 91716c54 eeb6a1e7: added 2 entropy credits to input
[    5.670906] random 0041 0000 0000 91716c54 eeb6a1e7: add_disk_randomness(8:0) 91716c54 eeb6a1e7
[    5.670909] random 0041 0000 0000 91716c54 eeb6a1e7: add_timer_randomness(.. 8388864) with jiffies: 13990031350178742767, cycles: -4456712727825481717
[    5.670912] random 0041 0000 0000 91716c54 eeb6a1e7: added 1 entropy credits to input
[    5.670935] RANDOM get_random_int call with cycles 50502003814, jiffies 4294672879 and pid 1
[    5.670938] RANDOM get_random_int call with cycles 50502010765, jiffies 4294672879 and pid 1
[    5.670940] ASLR stack rand value: 2727936 after shift for pid: 1
[    5.670942] RANDOM get_random_int call with cycles 50502018619, jiffies 4294672879 and pid 1
[    5.682552] random 0042 0000 0000 91716c54 eeb6a1e7: add_disk_randomness(8:0) 91716c54 eeb6a1e7
[    5.682555] random 0042 0000 0000 91716c54 eeb6a1e7: add_timer_randomness(.. 8388864) with jiffies: 14094794119448330747, cycles: -4351949958555893749
[    5.682566] RANDOM get_random_int call with cycles 50526364203, jiffies 4294672891 and pid 1
[    5.682572] random 0042 0000 0000 91716c54 eeb6a1e7: rand_read_num 11 get_random_bytes(16): sig fffffcad 91716c54 eeb6a1e7
[    5.682574] random 0042 0000 0000 91716c54 eeb6a1e7: extract_entropy(.. 16 ..)
[    5.682577] random 0042 0000 0000 91716c54 eeb6a1e7: going to reseed nonblocking with 128 bits (128 of 0 requested)
[    5.682579] random 0042 0000 0000 91716c54 eeb6a1e7: extract_entropy(.. 16 ..)
[    5.682581] random 0042 0000 0000 91716c54 eeb6a1e7: trying to extract 128 bits from input
[    5.682583] random 0042 0000 0000 91716c54 eeb6a1e7: debiting 0 entropy credits from input
[    5.682585] random 0042 0000 0000 91716c54 eeb6a1e7: extract_entropy account returned: 0 
[    5.682589] random 0042 0000 0000 91716c54 eeb6a1e7: urand_change_num 47 xfer_secondary_pool(16): pool_sig fffffcad, data_sig 00000000, bytes_mixed 0 91716c54 eeb6a1e7
[    5.682591] random 0042 0000 0000 91716c54 eeb6a1e7: trying to extract 128 bits from nonblocking
[    5.682594] random 0042 0000 0000 91716c54 eeb6a1e7: debiting 128 entropy credits from nonblocking (unlimited)
[    5.682596] random 0042 0000 0000 91716c54 eeb6a1e7: extract_entropy account returned: 16 
[    5.682600] random 0042 0000 0000 91716c54 eeb6a1e7: urand_change_num 48 extract_buf: pool_sig fffffcad, data_sig ffffff19, bytes_mixed 20 91716c54 eeb6a1e7
[    5.682606] random 0042 0000 0000 fd637b06 6cf47bc1: urand_change_num 49 extract_buf: pool_sig fffffede, data_sig ffffffc1, bytes_mixed 20 fd637b06 6cf47bc1
[    5.683567] random 0042 0000 0000 fd637b06 6cf47bc1: add_disk_randomness(8:0) fd637b06 6cf47bc1
[    5.683570] random 0042 0000 0000 fd637b06 6cf47bc1: add_timer_randomness(.. 8388864) with jiffies: 14103926834827330044, cycles: -4342817243176894453
[    5.684754] random 0042 0000 0000 fd637b06 6cf47bc1: add_disk_randomness(8:0) fd637b06 6cf47bc1
[    5.684757] random 0042 0000 0000 fd637b06 6cf47bc1: add_timer_randomness(.. 8388864) with jiffies: 14114603045488394749, cycles: -4332141032515829749
[    5.685915] random 0042 0000 0000 fd637b06 6cf47bc1: add_disk_randomness(8:0) fd637b06 6cf47bc1
[    5.685918] random 0042 0000 0000 fd637b06 6cf47bc1: add_timer_randomness(.. 8388864) with jiffies: 14125050342982517246, cycles: -4321693735021707253
[    5.686796] random 0042 0000 0000 fd637b06 6cf47bc1: add_disk_randomness(8:0) fd637b06 6cf47bc1
[    5.686799] random 0042 0000 0000 fd637b06 6cf47bc1: add_timer_randomness(.. 8388864) with jiffies: 14132977340782445055, cycles: -4313766737221779445
[    5.686980] random 0042 0000 0000 fd637b06 6cf47bc1: add_disk_randomness(8:0) fd637b06 6cf47bc1
[    5.686984] random 0042 0000 0000 fd637b06 6cf47bc1: add_timer_randomness(.. 8388864) with jiffies: 14134638269060317695, cycles: -4312105808943906805
[    5.687187] random 0042 0000 0000 fd637b06 6cf47bc1: add_disk_randomness(8:0) fd637b06 6cf47bc1
[    5.687190] random 0042 0000 0000 fd637b06 6cf47bc1: add_timer_randomness(.. 8388864) with jiffies: 14136480350468801024, cycles: -4310263727535423477
[    5.697615] random 0042 0000 0000 fd637b06 6cf47bc1: add_disk_randomness(8:0) fd637b06 6cf47bc1
[    5.697618] random 0042 0000 0000 fd637b06 6cf47bc1: add_timer_randomness(.. 8388864) with jiffies: 14230305933979517450, cycles: -4216438144024707061
[    5.697621] random 0042 0000 0000 fd637b06 6cf47bc1: added 3 entropy credits to input
[    5.698102] random 0045 0000 0000 fd637b06 6cf47bc1: add_disk_randomness(8:0) fd637b06 6cf47bc1
[    5.698105] random 0045 0000 0000 fd637b06 6cf47bc1: add_timer_randomness(.. 8388864) with jiffies: 14234671879905051147, cycles: -4212072198099173365
[    5.707797] random 0045 0000 0000 fd637b06 6cf47bc1: add_disk_randomness(8:0) fd637b06 6cf47bc1
[    5.707800] random 0045 0000 0000 fd637b06 6cf47bc1: add_timer_randomness(.. 8388864) with jiffies: 14321900196080615956, cycles: -4124843881923608565
[    5.707802] random 0045 0000 0000 fd637b06 6cf47bc1: added 3 entropy credits to input
[    5.707855] RANDOM get_random_int call with cycles 50579334792, jiffies 4294672916 and pid 1
[    5.712405] random 0048 0000 0000 fd637b06 6cf47bc1: add_disk_randomness(8:0) fd637b06 6cf47bc1
[    5.712408] random 0048 0000 0000 fd637b06 6cf47bc1: add_timer_randomness(.. 8388864) with jiffies: 14363348722136089113, cycles: -4083395355868135413
[    5.712411] random 0048 0000 0000 fd637b06 6cf47bc1: added 2 entropy credits to input
[    5.725233] random 0050 0000 0000 fd637b06 6cf47bc1: add_disk_randomness(8:0) fd637b06 6cf47bc1
[    5.725236] random 0050 0000 0000 fd637b06 6cf47bc1: add_timer_randomness(.. 8388864) with jiffies: 14478749910649504294, cycles: -3967994167354720245
[    5.725239] random 0050 0000 0000 fd637b06 6cf47bc1: added 3 entropy credits to input
[    5.725370] random 0053 0000 0000 fd637b06 6cf47bc1: add_disk_randomness(8:0) fd637b06 6cf47bc1
[    5.725373] random 0053 0000 0000 fd637b06 6cf47bc1: add_timer_randomness(.. 8388864) with jiffies: 14479982686522540582, cycles: -3966761391481683957
[    5.727534] random 0053 0000 0000 fd637b06 6cf47bc1: add_disk_randomness(8:0) fd637b06 6cf47bc1
[    5.727537] random 0053 0000 0000 fd637b06 6cf47bc1: add_timer_randomness(.. 8388864) with jiffies: 14499457983798018600, cycles: -3947286094206205941
[    5.727540] random 0053 0000 0000 fd637b06 6cf47bc1: added 1 entropy credits to input
[    5.727783] random 0054 0000 0000 fd637b06 6cf47bc1: add_disk_randomness(8:0) fd637b06 6cf47bc1
[    5.727786] random 0054 0000 0000 fd637b06 6cf47bc1: add_timer_randomness(.. 8388864) with jiffies: 14501695300981981736, cycles: -3945048777022242805
[    5.727922] random 0054 0000 0000 fd637b06 6cf47bc1: add_disk_randomness(8:0) fd637b06 6cf47bc1
[    5.727925] random 0054 0000 0000 fd637b06 6cf47bc1: add_timer_randomness(.. 8388864) with jiffies: 14502951209548874280, cycles: -3943792868455350261
[    5.731088] random 0054 0000 0000 fd637b06 6cf47bc1: add_disk_randomness(8:0) fd637b06 6cf47bc1
[    5.731091] random 0054 0000 0000 fd637b06 6cf47bc1: add_timer_randomness(.. 8388864) with jiffies: 14531417526937289260, cycles: -3915326551066935285
[    5.731094] random 0054 0000 0000 fd637b06 6cf47bc1: added 2 entropy credits to input
[    5.733101] random 0056 0000 0000 fd637b06 6cf47bc1: add_disk_randomness(8:0) fd637b06 6cf47bc1
[    5.733104] random 0056 0000 0000 fd637b06 6cf47bc1: add_timer_randomness(.. 8388864) with jiffies: 14549525839201665582, cycles: -3897218238802558965
[    5.733107] random 0056 0000 0000 fd637b06 6cf47bc1: added 1 entropy credits to input
[    5.740930] random 0057 0000 0000 fd637b06 6cf47bc1: add_disk_randomness(8:0) fd637b06 6cf47bc1
[    5.740933] random 0057 0000 0000 fd637b06 6cf47bc1: add_timer_randomness(.. 8388864) with jiffies: 14619974048864240181, cycles: -3826770029139984373
[    5.740936] random 0057 0000 0000 fd637b06 6cf47bc1: added 2 entropy credits to input
[    5.741072] random 0059 0000 0000 fd637b06 6cf47bc1: add_disk_randomness(8:0) fd637b06 6cf47bc1
[    5.741075] random 0059 0000 0000 fd637b06 6cf47bc1: add_timer_randomness(.. 8388864) with jiffies: 14621235820061491766, cycles: -3825508257942732789
[    5.744631] random 0059 0000 0000 fd637b06 6cf47bc1: add_disk_randomness(8:0) fd637b06 6cf47bc1
[    5.744634] random 0059 0000 0000 fd637b06 6cf47bc1: add_timer_randomness(.. 8388864) with jiffies: 14653263958123446841, cycles: -3793480119880777717
[    5.744637] random 0059 0000 0000 fd637b06 6cf47bc1: added 1 entropy credits to input
[    5.749138] random 0060 0000 0000 fd637b06 6cf47bc1: add_disk_randomness(8:0) fd637b06 6cf47bc1
[    5.749141] random 0060 0000 0000 fd637b06 6cf47bc1: add_timer_randomness(.. 8388864) with jiffies: 14693798407764148798, cycles: -3752945670240075765
[    5.754708] random 0060 0000 0000 fd637b06 6cf47bc1: add_disk_randomness(8:0) fd637b06 6cf47bc1
[    5.754711] random 0060 0000 0000 fd637b06 6cf47bc1: add_timer_randomness(.. 8388864) with jiffies: 14743919928784159299, cycles: -3702824149220065269
[    5.760985] random 0060 0000 0000 fd637b06 6cf47bc1: add_disk_randomness(8:0) fd637b06 6cf47bc1
[    5.760988] random 0060 0000 0000 fd637b06 6cf47bc1: add_timer_randomness(.. 8388864) with jiffies: 14800392439419601481, cycles: -3646351638584623093
[    5.760999] random 0060 0000 0000 fd637b06 6cf47bc1: rand_read_num 12 get_random_bytes(16): sig 0000033b fd637b06 6cf47bc1
[    5.761002] random 0060 0000 0000 fd637b06 6cf47bc1: extract_entropy(.. 16 ..)
[    5.761004] random 0060 0000 0000 fd637b06 6cf47bc1: going to reseed nonblocking with 128 bits (128 of 0 requested)
[    5.761007] random 0060 0000 0000 fd637b06 6cf47bc1: extract_entropy(.. 16 ..)
[    5.761009] random 0060 0000 0000 fd637b06 6cf47bc1: trying to extract 128 bits from input
[    5.761011] random 0060 0000 0000 fd637b06 6cf47bc1: debiting 0 entropy credits from input
[    5.761013] random 0060 0000 0000 fd637b06 6cf47bc1: extract_entropy account returned: 0 
[    5.761016] random 0060 0000 0000 fd637b06 6cf47bc1: urand_change_num 50 xfer_secondary_pool(16): pool_sig 0000033b, data_sig 00000000, bytes_mixed 0 fd637b06 6cf47bc1
[    5.761019] random 0060 0000 0000 fd637b06 6cf47bc1: trying to extract 128 bits from nonblocking
[    5.761021] random 0060 0000 0000 fd637b06 6cf47bc1: debiting 128 entropy credits from nonblocking (unlimited)
[    5.761027] random 0060 0000 0000 fd637b06 6cf47bc1: extract_entropy account returned: 16 
[    5.761031] random 0060 0000 0000 fd637b06 6cf47bc1: urand_change_num 51 extract_buf: pool_sig 0000033b, data_sig 000000d8, bytes_mixed 20 fd637b06 6cf47bc1
[    5.761037] random 0060 0000 0000 0ec1f012 d4727ca8: urand_change_num 52 extract_buf: pool_sig fffffcf5, data_sig 00000016, bytes_mixed 20 0ec1f012 d4727ca8
[    5.767733] random 0060 0000 0000 45b1d0b1 845a73f7: add_disk_randomness(8:0) 45b1d0b1 845a73f7
[    5.767736] random 0060 0000 0000 45b1d0b1 845a73f7: add_timer_randomness(.. 8388864) with jiffies: 14861090910111498832, cycles: -3585653167892725749
[    5.774953] random 0060 0000 0000 45b1d0b1 845a73f7: add_disk_randomness(8:0) 45b1d0b1 845a73f7
[    5.774956] random 0060 0000 0000 45b1d0b1 845a73f7: add_timer_randomness(.. 8388864) with jiffies: 14926046737070785111, cycles: -3520697340933439477
[    5.780554] random 0060 0000 0000 45b1d0b1 845a73f7: add_disk_randomness(8:0) 45b1d0b1 845a73f7
[    5.780557] random 0060 0000 0000 45b1d0b1 845a73f7: add_timer_randomness(.. 8388864) with jiffies: 14976426935381099101, cycles: -3470317142623125493
[    5.792377] random 0060 0000 0000 45b1d0b1 845a73f7: add_disk_randomness(8:0) 45b1d0b1 845a73f7
[    5.792380] random 0060 0000 0000 45b1d0b1 845a73f7: add_timer_randomness(.. 8388864) with jiffies: 15082787449664668265, cycles: -3363956628339556341
[    5.792383] random 0060 0000 0000 45b1d0b1 845a73f7: added 2 entropy credits to input
[    5.795521] random 0062 0000 0000 45b1d0b1 845a73f7: add_disk_randomness(8:0) 45b1d0b1 845a73f7
[    5.795524] random 0062 0000 0000 45b1d0b1 845a73f7: add_timer_randomness(.. 8388864) with jiffies: 15111068735567004268, cycles: -3335675342437220341
[    5.795527] random 0062 0000 0000 45b1d0b1 845a73f7: added 1 entropy credits to input
[    5.809795] random 0063 0000 0000 45b1d0b1 845a73f7: add_disk_randomness(8:0) 45b1d0b1 845a73f7
[    5.809798] random 0063 0000 0000 45b1d0b1 845a73f7: add_timer_randomness(.. 8388864) with jiffies: 15239485955614933626, cycles: -3207258122389290997
[    5.809801] random 0063 0000 0000 45b1d0b1 845a73f7: added 3 entropy credits to input
[    5.815196] random 0066 0000 0000 45b1d0b1 845a73f7: add_disk_randomness(8:0) 45b1d0b1 845a73f7
[    5.815199] random 0066 0000 0000 45b1d0b1 845a73f7: add_timer_randomness(.. 8388864) with jiffies: 15288064702907384448, cycles: -3158679375096840181
[    5.815202] random 0066 0000 0000 45b1d0b1 845a73f7: added 2 entropy credits to input
[    5.820363] random 0068 0000 0000 45b1d0b1 845a73f7: add_disk_randomness(8:0) 45b1d0b1 845a73f7
[    5.820366] random 0068 0000 0000 45b1d0b1 845a73f7: add_timer_randomness(.. 8388864) with jiffies: 15334548279253500549, cycles: -3112195798750724085
[    5.828595] random 0068 0000 0000 45b1d0b1 845a73f7: add_disk_randomness(8:0) 45b1d0b1 845a73f7
[    5.828599] random 0068 0000 0000 45b1d0b1 845a73f7: add_timer_randomness(.. 8388864) with jiffies: 15408611429745132173, cycles: -3038132648259092469
[    5.828602] random 0068 0000 0000 45b1d0b1 845a73f7: added 1 entropy credits to input
[    5.838197] random 0069 0000 0000 45b1d0b1 845a73f7: add_disk_randomness(8:0) 45b1d0b1 845a73f7
[    5.838200] random 0069 0000 0000 45b1d0b1 845a73f7: add_timer_randomness(.. 8388864) with jiffies: 15494975778889368215, cycles: -2951768299114856437
[    5.857702] random 0069 0000 0000 45b1d0b1 845a73f7: add_disk_randomness(8:0) 45b1d0b1 845a73f7
[    5.857705] random 0069 0000 0000 45b1d0b1 845a73f7: add_timer_randomness(.. 8388864) with jiffies: 15670453187527803562, cycles: -2776290890476421109
[    5.857707] random 0069 0000 0000 45b1d0b1 845a73f7: added 2 entropy credits to input
[    5.870983] random 0071 0000 0000 45b1d0b1 845a73f7: add_disk_randomness(8:0) 45b1d0b1 845a73f7
[    5.870986] random 0071 0000 0000 45b1d0b1 845a73f7: add_timer_randomness(.. 8388864) with jiffies: 15789942523482047159, cycles: -2656801554522177525
[    5.870989] random 0071 0000 0000 45b1d0b1 845a73f7: added 2 entropy credits to input
[    5.879011] random 0073 0000 0000 45b1d0b1 845a73f7: add_disk_randomness(8:0) 45b1d0b1 845a73f7
[    5.879014] random 0073 0000 0000 45b1d0b1 845a73f7: add_timer_randomness(.. 8388864) with jiffies: 15862155024105439935, cycles: -2584589053898784757
[    5.889035] random 0073 0000 0000 45b1d0b1 845a73f7: add_disk_randomness(8:0) 45b1d0b1 845a73f7
[    5.889038] random 0073 0000 0000 45b1d0b1 845a73f7: add_timer_randomness(.. 8388864) with jiffies: 15952317812261487306, cycles: -2494426265742737397
[    5.889041] random 0073 0000 0000 45b1d0b1 845a73f7: added 1 entropy credits to input
[    5.901909] random 0074 0000 0000 45b1d0b1 845a73f7: add_disk_randomness(8:0) 45b1d0b1 845a73f7
[    5.901912] random 0074 0000 0000 45b1d0b1 845a73f7: add_timer_randomness(.. 8388864) with jiffies: 16068149635670835926, cycles: -2378594442333388789
[    5.909272] random 0074 0000 0000 45b1d0b1 845a73f7: add_disk_randomness(8:0) 45b1d0b1 845a73f7
[    5.909275] random 0074 0000 0000 45b1d0b1 845a73f7: add_timer_randomness(.. 8388864) with jiffies: 16134375531704189662, cycles: -2312368546300035061
[    5.909278] random 0074 0000 0000 45b1d0b1 845a73f7: added 2 entropy credits to input
[    5.914562] random 0076 0000 0000 45b1d0b1 845a73f7: add_disk_randomness(8:0) 45b1d0b1 845a73f7
[    5.914565] random 0076 0000 0000 45b1d0b1 845a73f7: add_timer_randomness(.. 8388864) with jiffies: 16181971654903825123, cycles: -2264772423100399605
[    5.920955] random 0076 0000 0000 45b1d0b1 845a73f7: add_disk_randomness(8:0) 45b1d0b1 845a73f7
[    5.920958] random 0076 0000 0000 45b1d0b1 845a73f7: add_timer_randomness(.. 8388864) with jiffies: 16239487443160236777, cycles: -2207256634843987957
[    5.926014] random 0076 0000 0000 45b1d0b1 845a73f7: add_disk_randomness(8:0) 45b1d0b1 845a73f7
[    5.926016] random 0076 0000 0000 45b1d0b1 845a73f7: add_timer_randomness(.. 8388864) with jiffies: 16284996469952053998, cycles: -2161747608052170741
[    5.931917] random 0076 0000 0000 45b1d0b1 845a73f7: add_disk_randomness(8:0) 45b1d0b1 845a73f7
[    5.931920] random 0076 0000 0000 45b1d0b1 845a73f7: add_timer_randomness(.. 8388864) with jiffies: 16338100042600252148, cycles: -2108644035403972597
[    5.941268] random 0076 0000 0000 45b1d0b1 845a73f7: add_disk_randomness(8:0) 45b1d0b1 845a73f7
[    5.941271] random 0076 0000 0000 45b1d0b1 845a73f7: add_timer_randomness(.. 8388864) with jiffies: 16422219000022008574, cycles: -2024525077982216181
[    5.941274] random 0076 0000 0000 45b1d0b1 845a73f7: added 1 entropy credits to input
[    5.946148] random 0077 0000 0000 45b1d0b1 845a73f7: add_disk_randomness(8:0) 45b1d0b1 845a73f7
[    5.946151] random 0077 0000 0000 45b1d0b1 845a73f7: add_timer_randomness(.. 8388864) with jiffies: 16466109086136238851, cycles: -1980634991867985909
[    5.946153] random 0077 0000 0000 45b1d0b1 845a73f7: added 2 entropy credits to input
[    5.953580] random 0079 0000 0000 45b1d0b1 845a73f7: add_disk_randomness(8:0) 45b1d0b1 845a73f7
[    5.953583] random 0079 0000 0000 45b1d0b1 845a73f7: add_timer_randomness(.. 8388864) with jiffies: 16532983255943316234, cycles: -1913760822060908533
[    5.953586] random 0079 0000 0000 45b1d0b1 845a73f7: added 1 entropy credits to input
[    5.959797] random 0080 0000 0000 45b1d0b1 845a73f7: add_disk_randomness(8:0) 45b1d0b1 845a73f7
[    5.959800] random 0080 0000 0000 45b1d0b1 845a73f7: add_timer_randomness(.. 8388864) with jiffies: 16588907380859437840, cycles: -1857836697144786933
[    5.959950] random 0080 0000 0000 45b1d0b1 845a73f7: add_disk_randomness(8:0) 45b1d0b1 845a73f7
[    5.959954] random 0080 0000 0000 45b1d0b1 845a73f7: add_timer_randomness(.. 8388864) with jiffies: 16590294839979639568, cycles: -1856449238024585205
[    5.974362] random 0080 0000 0000 45b1d0b1 845a73f7: add_disk_randomness(8:0) 45b1d0b1 845a73f7
[    5.974365] random 0080 0000 0000 45b1d0b1 845a73f7: add_timer_randomness(.. 8388864) with jiffies: 16719930542249444127, cycles: -1726813535754780661
[    5.974368] random 0080 0000 0000 45b1d0b1 845a73f7: added 3 entropy credits to input
[    5.981785] random 0083 0000 0000 45b1d0b1 845a73f7: add_disk_randomness(8:0) 45b1d0b1 845a73f7
[    5.981788] random 0083 0000 0000 45b1d0b1 845a73f7: add_timer_randomness(.. 8388864) with jiffies: 16786714650887291686, cycles: -1660029427116933109
[    5.981790] random 0083 0000 0000 45b1d0b1 845a73f7: added 2 entropy credits to input
[    5.991468] random 0085 0000 0000 45b1d0b1 845a73f7: add_disk_randomness(8:0) 45b1d0b1 845a73f7
[    5.991471] random 0085 0000 0000 45b1d0b1 845a73f7: add_timer_randomness(.. 8388864) with jiffies: 16873818365766632240, cycles: -1572925712237592565
[    5.991474] random 0085 0000 0000 45b1d0b1 845a73f7: added 1 entropy credits to input
[    6.002096] random 0086 0000 0000 45b1d0b1 845a73f7: add_disk_randomness(8:0) 45b1d0b1 845a73f7
[    6.002099] random 0086 0000 0000 45b1d0b1 845a73f7: add_timer_randomness(.. 8388864) with jiffies: 16969425239718724411, cycles: -1477318838285500405
[    6.014618] random 0086 0000 0000 45b1d0b1 845a73f7: add_disk_randomness(8:0) 45b1d0b1 845a73f7
[    6.014621] random 0086 0000 0000 45b1d0b1 845a73f7: add_timer_randomness(.. 8388864) with jiffies: 17082080462366278471, cycles: -1364663615637946357
[    6.015820] random 0086 0000 0000 45b1d0b1 845a73f7: add_disk_randomness(8:0) 45b1d0b1 845a73f7
[    6.015823] random 0086 0000 0000 45b1d0b1 845a73f7: add_timer_randomness(.. 8388864) with jiffies: 17092899222991897416, cycles: -1353844855012327413
[    6.019845] random 0086 0000 0000 45b1d0b1 845a73f7: add_disk_randomness(8:0) 45b1d0b1 845a73f7
[    6.019848] random 0086 0000 0000 45b1d0b1 845a73f7: add_timer_randomness(.. 8388864) with jiffies: 17129108271198339916, cycles: -1317635806805884917
[    6.019851] random 0086 0000 0000 45b1d0b1 845a73f7: added 1 entropy credits to input
[    6.029185] random 0087 0000 0000 45b1d0b1 845a73f7: add_disk_randomness(8:0) 45b1d0b1 845a73f7
[    6.029188] random 0087 0000 0000 45b1d0b1 845a73f7: add_timer_randomness(.. 8388864) with jiffies: 17213121254597034838, cycles: -1233622823407190005
[    6.029191] random 0087 0000 0000 45b1d0b1 845a73f7: added 1 entropy credits to input
[    6.029532] random 0088 0000 0000 45b1d0b1 845a73f7: add_disk_randomness(8:0) 45b1d0b1 845a73f7
[    6.029535] random 0088 0000 0000 45b1d0b1 845a73f7: add_timer_randomness(.. 8388864) with jiffies: 17216250546294063958, cycles: -1230493531710160885
[    6.045195] random 0088 0000 0000 45b1d0b1 845a73f7: add_disk_randomness(8:0) 45b1d0b1 845a73f7
[    6.045198] random 0088 0000 0000 45b1d0b1 845a73f7: add_timer_randomness(.. 8388864) with jiffies: 17357143667084329830, cycles: -1089600410919895029
[    6.045200] random 0088 0000 0000 45b1d0b1 845a73f7: added 4 entropy credits to input
[    6.046827] random 0092 0000 0000 45b1d0b1 845a73f7: add_disk_randomness(8:0) 45b1d0b1 845a73f7
[    6.046830] random 0092 0000 0000 45b1d0b1 845a73f7: add_timer_randomness(.. 8388864) with jiffies: 17371837540477928295, cycles: -1074906537526296565
[    6.046973] random 0092 0000 0000 45b1d0b1 845a73f7: add_disk_randomness(8:0) 45b1d0b1 845a73f7
[    6.046976] random 0092 0000 0000 45b1d0b1 845a73f7: add_timer_randomness(.. 8388864) with jiffies: 17373154016673629031, cycles: -1073590061330595829
[    6.057851] random 0092 0000 0000 45b1d0b1 845a73f7: add_disk_randomness(8:0) 45b1d0b1 845a73f7
[    6.057854] random 0092 0000 0000 45b1d0b1 845a73f7: add_timer_randomness(.. 8388864) with jiffies: 17471010920912880498, cycles: -975733157091344373
[    6.057857] random 0092 0000 0000 45b1d0b1 845a73f7: added 3 entropy credits to input
[    6.058416] random 0095 0000 0000 45b1d0b1 845a73f7: add_disk_randomness(8:0) 45b1d0b1 845a73f7
[    6.058418] random 0095 0000 0000 45b1d0b1 845a73f7: add_timer_randomness(.. 8388864) with jiffies: 17476083225749848947, cycles: -970660852254375925
[    6.063643] random 0095 0000 0000 45b1d0b1 845a73f7: add_disk_randomness(8:0) 45b1d0b1 845a73f7
[    6.063647] random 0095 0000 0000 45b1d0b1 845a73f7: add_timer_randomness(.. 8388864) with jiffies: 17523118748343174008, cycles: -923625329661050869
[    6.063649] random 0095 0000 0000 45b1d0b1 845a73f7: added 2 entropy credits to input
[    6.065405] random 0097 0000 0000 45b1d0b1 845a73f7: add_disk_randomness(8:0) 45b1d0b1 845a73f7
[    6.065408] random 0097 0000 0000 45b1d0b1 845a73f7: add_timer_randomness(.. 8388864) with jiffies: 17538958583435854714, cycles: -907785494568370165
[    6.065410] random 0097 0000 0000 45b1d0b1 845a73f7: added 1 entropy credits to input
[    6.075631] random 0098 0000 0000 45b1d0b1 845a73f7: add_disk_randomness(8:0) 45b1d0b1 845a73f7
[    6.075634] random 0098 0000 0000 45b1d0b1 845a73f7: add_timer_randomness(.. 8388864) with jiffies: 17630957367031726980, cycles: -815786710972497909
[    6.075637] random 0098 0000 0000 45b1d0b1 845a73f7: added 3 entropy credits to input
[    6.089567] random 0101 0000 0000 45b1d0b1 845a73f7: add_disk_randomness(8:0) 45b1d0b1 845a73f7
