[    0.000000] random 0000 0000 0000 00000000 00000000: rand_read_num 1 get_random_bytes(8): sig 00000000 00000000 00000000
[    0.000000] random 0000 0000 0000 00000000 00000000: extract_entropy(.. 8 ..)
[    0.000000] random 0000 0000 0000 00000000 00000000: going to reseed nonblocking with 64 bits (64 of 0 requested)
[    0.000000] random 0000 0000 0000 00000000 00000000: extract_entropy(.. 8 ..)
[    0.000000] random 0000 0000 0000 00000000 00000000: trying to extract 64 bits from input
[    0.000000] random 0000 0000 0000 00000000 00000000: debiting 0 entropy credits from input
[    0.000000] random 0000 0000 0000 00000000 00000000: extract_entropy account returned: 0 
[    0.000000] random 0000 0000 0000 00000000 00000000: urand_change_num 1 xfer_secondary_pool(8): pool_sig 00000000, data_sig 00000000, bytes_mixed 0 00000000 00000000
[    0.000000] random 0000 0000 0000 00000000 00000000: trying to extract 64 bits from nonblocking
[    0.000000] random 0000 0000 0000 00000000 00000000: debiting 64 entropy credits from nonblocking (unlimited)
[    0.000000] random 0000 0000 0000 00000000 00000000: extract_entropy account returned: 8 
[    0.000000] random 0000 0000 0000 00000000 00000000: urand_change_num 2 extract_buf: pool_sig 00000000, data_sig fffffff9, bytes_mixed 20 00000000 00000000
[    0.000000] Linux version 2.6.32.57 (dcashman@dcashman-02) (gcc version 4.3.3 (GCC) ) #6 Thu May 30 09:02:12 PDT 2013
[    0.000000] KERNEL supported cpus:
[    0.000000]   Intel GenuineIntel
[    0.000000]   AMD AuthenticAMD
[    0.000000]   NSC Geode by NSC
[    0.000000]   Cyrix CyrixInstead
[    0.000000]   Centaur CentaurHauls
[    0.000000]   Transmeta GenuineTMx86
[    0.000000]   Transmeta TransmetaCPU
[    0.000000]   UMC UMC UMC UMC
[    0.000000] BIOS-provided physical RAM map:
[    0.000000]  BIOS-e820: 0000000000000000 - 000000000009d800 (usable)
[    0.000000]  BIOS-e820: 000000000009d800 - 00000000000a0000 (reserved)
[    0.000000]  BIOS-e820: 00000000000d2000 - 00000000000d4000 (reserved)
[    0.000000]  BIOS-e820: 00000000000e0000 - 0000000000100000 (reserved)
[    0.000000]  BIOS-e820: 0000000000100000 - 000000003d6b0000 (usable)
[    0.000000]  BIOS-e820: 000000003d6b0000 - 000000003d6cc000 (ACPI data)
[    0.000000]  BIOS-e820: 000000003d6cc000 - 000000003d700000 (ACPI NVS)
[    0.000000]  BIOS-e820: 000000003d700000 - 000000003e000000 (reserved)
[    0.000000]  BIOS-e820: 00000000f0000000 - 00000000f4000000 (reserved)
[    0.000000]  BIOS-e820: 00000000fec00000 - 00000000fec10000 (reserved)
[    0.000000]  BIOS-e820: 00000000fed00000 - 00000000fed00400 (reserved)
[    0.000000]  BIOS-e820: 00000000fed14000 - 00000000fed1a000 (reserved)
[    0.000000]  BIOS-e820: 00000000fed1c000 - 00000000fed90000 (reserved)
[    0.000000]  BIOS-e820: 00000000fee00000 - 00000000fee01000 (reserved)
[    0.000000]  BIOS-e820: 00000000ff000000 - 0000000100000000 (reserved)
[    0.000000] DMI present.
[    0.000000] last_pfn = 0x3d6b0 max_arch_pfn = 0x100000
[    0.000000] MTRR default type: uncachable
[    0.000000] MTRR fixed ranges enabled:
[    0.000000]   00000-9FFFF write-back
[    0.000000]   A0000-BFFFF uncachable
[    0.000000]   C0000-CFFFF write-protect
[    0.000000]   D0000-DFFFF uncachable
[    0.000000]   E0000-FFFFF write-protect
[    0.000000] MTRR variable ranges enabled:
[    0.000000]   0 base 03E000000 mask FFE000000 uncachable
[    0.000000]   1 base 000000000 mask FC0000000 write-back
[    0.000000]   2 base 03D700000 mask FFFF00000 uncachable
[    0.000000]   3 base 03D800000 mask FFF800000 uncachable
[    0.000000]   4 disabled
[    0.000000]   5 disabled
[    0.000000]   6 disabled
[    0.000000]   7 disabled
[    0.000000] initial memory mapped : 0 - 02000000
[    0.000000] init_memory_mapping: 0000000000000000-00000000377fe000
[    0.000000]  0000000000 - 0000400000 page 4k
[    0.000000]  0000400000 - 0037400000 page 2M
[    0.000000]  0037400000 - 00377fe000 page 4k
[    0.000000] kernel direct mapping tables up to 377fe000 @ 7000-c000
[    0.000000] ACPI: RSDP 000f68d0 00024 (v02 LENOVO)
[    0.000000] ACPI: XSDT 3d6bb77f 00094 (v01 LENOVO TP-7L    00002170  LTP 00000000)
[    0.000000] ACPI: FACP 3d6bb900 000F4 (v03 LENOVO TP-7L    00002170 LNVO 00000001)
[    0.000000] ACPI Warning: 32/64X length mismatch in Gpe1Block: 0/32 (20090903/tbfadt-526)
[    0.000000] ACPI Warning: Optional field Gpe1Block has zero address or length: 000000000000102C/0 (20090903/tbfadt-557)
[    0.000000] ACPI: DSDT 3d6bbd1d 0FED1 (v01 LENOVO TP-7L    00002170 MSFT 03000000)
[    0.000000] ACPI: FACS 3d6e4000 00040
[    0.000000] ACPI: SSDT 3d6bbab4 00269 (v01 LENOVO TP-7L    00002170 MSFT 03000000)
[    0.000000] ACPI: ECDT 3d6cbbee 00052 (v01 LENOVO TP-7L    00002170 LNVO 00000001)
[    0.000000] ACPI: TCPA 3d6cbc40 00032 (v02 LENOVO TP-7L    00002170 LNVO 00000001)
[    0.000000] ACPI: APIC 3d6cbc72 00068 (v01 LENOVO TP-7L    00002170 LNVO 00000001)
[    0.000000] ACPI: MCFG 3d6cbcda 0003C (v01 LENOVO TP-7L    00002170 LNVO 00000001)
[    0.000000] ACPI: HPET 3d6cbd16 00038 (v01 LENOVO TP-7L    00002170 LNVO 00000001)
[    0.000000] ACPI: SLIC 3d6cbdf0 00176 (v01 LENOVO TP-7L    00002170  LTP 00000000)
[    0.000000] ACPI: BOOT 3d6cbf66 00028 (v01 LENOVO TP-7L    00002170  LTP 00000001)
[    0.000000] ACPI: ASF! 3d6cbf8e 00072 (v16 LENOVO TP-7L    00002170 PTL  00000001)
[    0.000000] ACPI: SSDT 3d6e26d9 0025F (v01 LENOVO TP-7L    00002170 INTL 20050513)
[    0.000000] ACPI: SSDT 3d6e2938 000A6 (v01 LENOVO TP-7L    00002170 INTL 20050513)
[    0.000000] ACPI: SSDT 3d6e29de 004F7 (v01 LENOVO TP-7L    00002170 INTL 20050513)
[    0.000000] ACPI: SSDT 3d6e2ed5 001D8 (v01 LENOVO TP-7L    00002170 INTL 20050513)
[    0.000000] ACPI: DMI detected: Lenovo ThinkPad R61
[    0.000000] ACPI: Added _OSI(Linux)
[    0.000000] ACPI: Local APIC address 0xfee00000
[    0.000000] 94MB HIGHMEM available.
[    0.000000] 887MB LOWMEM available.
[    0.000000]   mapped low ram: 0 - 377fe000
[    0.000000]   low ram: 0 - 377fe000
[    0.000000]   node 0 low ram: 00000000 - 377fe000
[    0.000000]   node 0 bootmap 00008000 - 0000ef00
[    0.000000] (6 early reservations) ==> bootmem [0000000000 - 00377fe000]
[    0.000000]   #0 [0000000000 - 0000001000]   BIOS data page ==> [0000000000 - 0000001000]
[    0.000000]   #1 [0001000000 - 0001bdc180]    TEXT DATA BSS ==> [0001000000 - 0001bdc180]
[    0.000000]   #2 [000009d800 - 0000100000]    BIOS reserved ==> [000009d800 - 0000100000]
[    0.000000]   #3 [0001bdd000 - 0001be516c]              BRK ==> [0001bdd000 - 0001be516c]
[    0.000000]   #4 [0000007000 - 0000008000]          PGTABLE ==> [0000007000 - 0000008000]
[    0.000000]   #5 [0000008000 - 000000f000]          BOOTMAP ==> [0000008000 - 000000f000]
[    0.000000] found SMP MP-table at [c00f6900] f6900
[    0.000000] Zone PFN ranges:
[    0.000000]   DMA      0x00000000 -> 0x00001000
[    0.000000]   Normal   0x00001000 -> 0x000377fe
[    0.000000]   HighMem  0x000377fe -> 0x0003d6b0
[    0.000000] Movable zone start PFN for each node
[    0.000000] early_node_map[2] active PFN ranges
[    0.000000]     0: 0x00000000 -> 0x0000009d
[    0.000000]     0: 0x00000100 -> 0x0003d6b0
[    0.000000] On node 0 totalpages: 251469
[    0.000000] free_area_init_node: node 0, pgdat c1901ea0, node_mem_map c1be7000
[    0.000000]   DMA zone: 32 pages used for memmap
[    0.000000]   DMA zone: 0 pages reserved
[    0.000000]   DMA zone: 3965 pages, LIFO batch:0
[    0.000000]   Normal zone: 1744 pages used for memmap
[    0.000000]   Normal zone: 221486 pages, LIFO batch:31
[    0.000000]   HighMem zone: 190 pages used for memmap
[    0.000000]   HighMem zone: 24052 pages, LIFO batch:3
[    0.000000] Using APIC driver default
[    0.000000] ACPI: PM-Timer IO Port: 0x1008
[    0.000000] ACPI: Local APIC address 0xfee00000
[    0.000000] ACPI: LAPIC (acpi_id[0x00] lapic_id[0x00] enabled)
[    0.000000] ACPI: LAPIC (acpi_id[0x01] lapic_id[0x01] enabled)
[    0.000000] ACPI: NR_CPUS/possible_cpus limit of 1 reached.  Processor 1/0x1 ignored.
[    0.000000] ACPI: LAPIC_NMI (acpi_id[0x00] high edge lint[0x1])
[    0.000000] ACPI: LAPIC_NMI (acpi_id[0x01] high edge lint[0x1])
[    0.000000] ACPI: IOAPIC (id[0x01] address[0xfec00000] gsi_base[0])
[    0.000000] IOAPIC[0]: apic_id 1, version 32, address 0xfec00000, GSI 0-23
[    0.000000] ACPI: INT_SRC_OVR (bus 0 bus_irq 0 global_irq 2 dfl dfl)
[    0.000000] ACPI: INT_SRC_OVR (bus 0 bus_irq 9 global_irq 9 high level)
[    0.000000] ACPI: IRQ0 used by override.
[    0.000000] ACPI: IRQ2 used by override.
[    0.000000] ACPI: IRQ9 used by override.
[    0.000000] Using ACPI (MADT) for SMP configuration information
[    0.000000] ACPI: HPET id: 0x8086a201 base: 0xfed00000
[    0.000000] nr_irqs_gsi: 24
[    0.000000] PM: Registered nosave memory: 000000000009d000 - 000000000009e000
[    0.000000] PM: Registered nosave memory: 000000000009e000 - 00000000000a0000
[    0.000000] PM: Registered nosave memory: 00000000000a0000 - 00000000000d2000
[    0.000000] PM: Registered nosave memory: 00000000000d2000 - 00000000000d4000
[    0.000000] PM: Registered nosave memory: 00000000000d4000 - 00000000000e0000
[    0.000000] PM: Registered nosave memory: 00000000000e0000 - 0000000000100000
[    0.000000] Allocating PCI resources starting at 3e000000 (gap: 3e000000:b2000000)
[    0.000000] Built 1 zonelists in Zone order, mobility grouping on.  Total pages: 249503
[    0.000000] Kernel command line: auto BOOT_IMAGE=Linux ro root=802 vt.default_utf8=0 maxcpus=0
[    0.000000] PID hash table entries: 4096 (order: 2, 16384 bytes)
[    0.000000] Dentry cache hash table entries: 131072 (order: 7, 524288 bytes)
[    0.000000] Inode-cache hash table entries: 65536 (order: 6, 262144 bytes)
[    0.000000] Enabling fast FPU save and restore... done.
[    0.000000] Enabling unmasked SIMD FPU exception support... done.
[    0.000000] Initializing CPU#0
[    0.000000] Initializing HighMem for node 0 (000377fe:0003d6b0)
[    0.000000] Memory: 984800k/1006272k available (6915k kernel code, 20876k reserved, 2327k data, 448k init, 96968k highmem)
[    0.000000] virtual kernel memory layout:
[    0.000000]     fixmap  : 0xfffa3000 - 0xfffff000   ( 368 kB)
[    0.000000]     pkmap   : 0xff800000 - 0xffc00000   (4096 kB)
[    0.000000]     vmalloc : 0xf7ffe000 - 0xff7fe000   ( 120 MB)
[    0.000000]     lowmem  : 0xc0000000 - 0xf77fe000   ( 887 MB)
[    0.000000]       .init : 0xc1907000 - 0xc1977000   ( 448 kB)
[    0.000000]       .data : 0xc16c0d3f - 0xc1906c64   (2327 kB)
[    0.000000]       .text : 0xc1000000 - 0xc16c0d3f   (6915 kB)
[    0.000000] Checking if this processor honours the WP bit even in supervisor mode...Ok.
[    0.000000] SLUB: Genslabs=13, HWalign=64, Order=0-3, MinObjects=0, CPUs=1, Nodes=1
[    0.000000] Hierarchical RCU implementation.
[    0.000000] NR_IRQS:288
[    0.000000] Extended CMOS year: 2000
[    0.000000] Console: colour VGA+ 80x25
[    0.000000] console [tty0] enabled
[    0.000000] hpet clockevent registered
[    0.000000] Fast TSC calibration using PIT
[    0.000000] Detected 2094.775 MHz processor.
[    0.001002] Calibrating delay loop (skipped), value calculated using timer frequency.. 4189.55 BogoMIPS (lpj=2094775)
[    0.001177] Security Framework initialized
[    0.001257] Mount-cache hash table entries: 512
[    0.001402] CPU: L1 I cache: 32K, L1 D cache: 32K
[    0.001532] CPU: L2 cache: 3072K
[    0.002006] mce: CPU supports 6 MCE banks
[    0.002095] CPU0: Thermal monitoring enabled (TM2)
[    0.002178] using mwait in idle threads.
[    0.002264] CPU: Intel(R) Core(TM)2 Duo CPU     T8100  @ 2.10GHz stepping 06
[    0.002447] Checking 'hlt' instruction... OK.
[    0.006938] ACPI: Core revision 20090903
[    0.026013] RANDOM get_random_int first call with cycles 38223185637, jiffies 4294667322 and pid 0
[    0.026020] CANARY value: 2afcab5d for PID: 1
[    0.026027] CANARY value: fc894f67 for PID: 2
[    0.026051] Enabling APIC mode:  Flat.  Using 1 I/O APICs
[    0.026512] ..TIMER: vector=0x30 apic1=0 pin1=2 apic2=-1 pin2=-1
[    0.037997] xor: automatically using best checksumming function: pIII_sse
[    0.041998]    pIII_sse  :  8568.000 MB/sec
[    0.042085] xor: using function: pIII_sse (8568.000 MB/sec)
[    0.042174] RANDOM - __seed init called.
[    0.042175] RANDOM - __seed init called.
[    0.042176] RANDOM - __seed init called.
[    0.042178] RANDOM - __random32 called. Change num 1.  Value: f7943846	49e73df3	af36cd0d
[    0.042179] RANDOM - __random32 called. Change num 2.  Value: 43846e13	9e73df37	9a1ad014
[    0.042181] RANDOM - __random32 called. Change num 3.  Value: 46e139c8	e73df373	a029598a
[    0.042183] RANDOM - __random32 called. Change num 4.  Value: 139c8c3b	73df373d	b3142c72
[    0.042185] RANDOM - __random32 called. Change num 5.  Value: c8c3b043	3df373de	58e576a9
[    0.042186] RANDOM - __random32 called. Change num 6.  Value: 3b0437d9	df373de5	ed53f9d8
[    0.042188] RANDOM - random32 init called.  Value: 3b0437d9	df373de5	ed53f9d8
[    0.042205] NET: Registered protocol family 16
[    0.042467] ACPI FADT declares the system doesn't support PCIe ASPM, so disable it
[    0.042589] ACPI: bus type pci registered
[    0.042760] PCI: MCFG configuration 0: base f0000000 segment 0 buses 0 - 63
[    0.042853] PCI: MCFG area at f0000000 reserved in E820
[    0.042938] PCI: Using MMCONFIG for extended config space
[    0.043002] PCI: Using configuration type 1 for base access
[    0.046140] bio: create slab <bio-0> at 0
[    0.046956] ACPI: EC: EC description table is found, configuring boot EC
[    0.052124] ACPI: BIOS _OSI(Linux) query honored via DMI
[    0.052860] random 0000 0000 0000 00000000 00000000: rand_read_num 2 get_random_bytes(8): sig fffffe1a 00000000 00000000
[    0.052863] random 0000 0000 0000 00000000 00000000: extract_entropy(.. 8 ..)
[    0.052865] random 0000 0000 0000 00000000 00000000: going to reseed nonblocking with 64 bits (64 of 0 requested)
[    0.052868] random 0000 0000 0000 00000000 00000000: extract_entropy(.. 8 ..)
[    0.052870] random 0000 0000 0000 00000000 00000000: trying to extract 64 bits from input
[    0.052872] random 0000 0000 0000 00000000 00000000: debiting 0 entropy credits from input
[    0.052874] random 0000 0000 0000 00000000 00000000: extract_entropy account returned: 0 
[    0.052877] random 0000 0000 0000 00000000 00000000: urand_change_num 3 xfer_secondary_pool(8): pool_sig fffffe1a, data_sig 00000000, bytes_mixed 0 00000000 00000000
[    0.052880] random 0000 0000 0000 00000000 00000000: trying to extract 64 bits from nonblocking
[    0.052883] random 0000 0000 0000 00000000 00000000: debiting 64 entropy credits from nonblocking (unlimited)
[    0.052909] random 0000 0000 0000 00000000 00000000: extract_entropy account returned: 8 
[    0.052913] random 0000 0000 0000 00000000 00000000: urand_change_num 4 extract_buf: pool_sig fffffe1a, data_sig fffffed7, bytes_mixed 20 00000000 00000000
[    0.058586] ACPI: Interpreter enabled
[    0.058679] ACPI: (supports S0 S3 S4 S5)
[    0.058998] ACPI: Using IOAPIC for interrupt routing
[    0.068779] ACPI: EC: GPE = 0x12, I/O: command/status = 0x66, data = 0x62
[    0.069067] ACPI: Power Resource [PUBS] (on)
[    0.071166] ACPI: ACPI Dock Station Driver: 3 docks/bays found
[    0.071575] ACPI: PCI Root Bridge [PCI0] (0000:00)
[    0.071750] pci 0000:00:02.0: reg 10 64bit mmio: [0xf8100000-0xf81fffff]
[    0.071755] pci 0000:00:02.0: reg 18 64bit mmio pref: [0xe0000000-0xefffffff]
[    0.071759] pci 0000:00:02.0: reg 20 io port: [0x1800-0x1807]
[    0.071794] pci 0000:00:02.1: reg 10 64bit mmio: [0xf8200000-0xf82fffff]
[    0.071900] pci 0000:00:19.0: reg 10 32bit mmio: [0xfe000000-0xfe01ffff]
[    0.071909] pci 0000:00:19.0: reg 14 32bit mmio: [0xfe025000-0xfe025fff]
[    0.071918] pci 0000:00:19.0: reg 18 io port: [0x1840-0x185f]
[    0.071984] pci 0000:00:19.0: PME# supported from D0 D3hot D3cold
[    0.072003] pci 0000:00:19.0: PME# disabled
[    0.072164] pci 0000:00:1a.0: reg 20 io port: [0x1860-0x187f]
[    0.072240] pci 0000:00:1a.1: reg 20 io port: [0x1880-0x189f]
[    0.072327] pci 0000:00:1a.7: reg 10 32bit mmio: [0xfe226c00-0xfe226fff]
[    0.072415] pci 0000:00:1a.7: PME# supported from D0 D3hot D3cold
[    0.072523] pci 0000:00:1a.7: PME# disabled
[    0.072665] pci 0000:00:1b.0: reg 10 64bit mmio: [0xfe020000-0xfe023fff]
[    0.072748] pci 0000:00:1b.0: PME# supported from D0 D3hot D3cold
[    0.072849] pci 0000:00:1b.0: PME# disabled
[    0.073111] pci 0000:00:1c.0: PME# supported from D0 D3hot D3cold
[    0.073206] pci 0000:00:1c.0: PME# disabled
[    0.073408] pci 0000:00:1c.1: PME# supported from D0 D3hot D3cold
[    0.073502] pci 0000:00:1c.1: PME# disabled
[    0.073705] pci 0000:00:1c.2: PME# supported from D0 D3hot D3cold
[    0.073802] pci 0000:00:1c.2: PME# disabled
[    0.074045] pci 0000:00:1c.3: PME# supported from D0 D3hot D3cold
[    0.074145] pci 0000:00:1c.3: PME# disabled
[    0.075025] pci 0000:00:1c.4: PME# supported from D0 D3hot D3cold
[    0.075126] pci 0000:00:1c.4: PME# disabled
[    0.075275] pci 0000:00:1d.0: reg 20 io port: [0x18a0-0x18bf]
[    0.075357] pci 0000:00:1d.1: reg 20 io port: [0x18c0-0x18df]
[    0.075435] pci 0000:00:1d.2: reg 20 io port: [0x18e0-0x18ff]
[    0.075526] pci 0000:00:1d.7: reg 10 32bit mmio: [0xfe227000-0xfe2273ff]
[    0.075619] pci 0000:00:1d.7: PME# supported from D0 D3hot D3cold
[    0.075715] pci 0000:00:1d.7: PME# disabled
[    0.075997] pci 0000:00:1f.0: quirk: region 1000-107f claimed by ICH6 ACPI/GPIO/TCO
[    0.076126] pci 0000:00:1f.0: quirk: region 1180-11bf claimed by ICH6 GPIO
[    0.076224] pci 0000:00:1f.0: ICH7 LPC Generic IO decode 1 PIO at 1600 (mask 007f)
[    0.076354] pci 0000:00:1f.0: ICH7 LPC Generic IO decode 2 PIO at 15e0 (mask 000f)
[    0.076491] pci 0000:00:1f.0: ICH7 LPC Generic IO decode 3 PIO at 1680 (mask 001f)
[    0.076697] pci 0000:00:1f.1: reg 10 io port: [0x00-0x07]
[    0.076706] pci 0000:00:1f.1: reg 14 io port: [0x00-0x03]
[    0.076716] pci 0000:00:1f.1: reg 18 io port: [0x00-0x07]
[    0.076723] pci 0000:00:1f.1: reg 1c io port: [0x00-0x03]
[    0.076732] pci 0000:00:1f.1: reg 20 io port: [0x1c00-0x1c0f]
[    0.076809] pci 0000:00:1f.2: reg 10 io port: [0x1c50-0x1c57]
[    0.076818] pci 0000:00:1f.2: reg 14 io port: [0x1c44-0x1c47]
[    0.076827] pci 0000:00:1f.2: reg 18 io port: [0x1c48-0x1c4f]
[    0.076836] pci 0000:00:1f.2: reg 1c io port: [0x1c40-0x1c43]
[    0.076844] pci 0000:00:1f.2: reg 20 io port: [0x1c20-0x1c3f]
[    0.076852] pci 0000:00:1f.2: reg 24 32bit mmio: [0xfe226000-0xfe2267ff]
[    0.076911] pci 0000:00:1f.2: PME# supported from D3hot
[    0.076999] pci 0000:00:1f.2: PME# disabled
[    0.077131] pci 0000:00:1f.3: reg 10 32bit mmio: [0xfe227400-0xfe2274ff]
[    0.077154] pci 0000:00:1f.3: reg 20 io port: [0x1c60-0x1c7f]
[    0.077243] pci 0000:00:1c.0: bridge io port: [0x2000-0x2fff]
[    0.077249] pci 0000:00:1c.0: bridge 32bit mmio: [0xfc000000-0xfdffffff]
[    0.077258] pci 0000:00:1c.0: bridge 64bit mmio pref: [0xf8000000-0xf80fffff]
[    0.077330] pci 0000:03:00.0: reg 10 64bit mmio: [0xdf3f0000-0xdf3fffff]
[    0.077527] pci 0000:00:1c.1: bridge io port: [0x3000-0x3fff]
[    0.077531] pci 0000:00:1c.1: bridge 32bit mmio: [0xdc000000-0xdf3fffff]
[    0.077539] pci 0000:00:1c.1: bridge 64bit mmio pref: [0xdfe00000-0xdfefffff]
[    0.077596] pci 0000:00:1c.2: bridge io port: [0x4000-0x4fff]
[    0.077602] pci 0000:00:1c.2: bridge 32bit mmio: [0xd8000000-0xd9ffffff]
[    0.077611] pci 0000:00:1c.2: bridge 64bit mmio pref: [0xdfb00000-0xdfbfffff]
[    0.077668] pci 0000:00:1c.3: bridge io port: [0x5000-0x5fff]
[    0.077674] pci 0000:00:1c.3: bridge 32bit mmio: [0xd4000000-0xd5ffffff]
[    0.077683] pci 0000:00:1c.3: bridge 64bit mmio pref: [0xdf800000-0xdf8fffff]
[    0.077739] pci 0000:00:1c.4: bridge io port: [0x6000-0x6fff]
[    0.077745] pci 0000:00:1c.4: bridge 32bit mmio: [0xd0000000-0xd1ffffff]
[    0.077754] pci 0000:00:1c.4: bridge 64bit mmio pref: [0xdf500000-0xdf5fffff]
[    0.077819] pci 0000:15:00.0: reg 10 32bit mmio: [0xf8300000-0xf8300fff]
[    0.077876] pci 0000:15:00.0: supports D1 D2
[    0.077878] pci 0000:15:00.0: PME# supported from D0 D1 D2 D3hot D3cold
[    0.077999] pci 0000:15:00.0: PME# disabled
[    0.078139] pci 0000:15:00.1: reg 10 32bit mmio: [0xf8301000-0xf83017ff]
[    0.078237] pci 0000:15:00.1: supports D1 D2
[    0.078238] pci 0000:15:00.1: PME# supported from D0 D1 D2 D3hot D3cold
[    0.078332] pci 0000:15:00.1: PME# disabled
[    0.078511] pci 0000:00:1e.0: transparent bridge
[    0.078605] pci 0000:00:1e.0: bridge io port: [0x7000-0xafff]
[    0.078612] pci 0000:00:1e.0: bridge 32bit mmio: [0xf8300000-0xfbffffff]
[    0.078620] pci 0000:00:1e.0: bridge 64bit mmio pref: [0xf4000000-0xf7ffffff]
[    0.078686] pci_bus 0000:00: on NUMA node 0
[    0.078690] ACPI: PCI Interrupt Routing Table [\_SB_.PCI0._PRT]
[    0.078824] ACPI: PCI Interrupt Routing Table [\_SB_.PCI0.EXP0._PRT]
[    0.078883] ACPI: PCI Interrupt Routing Table [\_SB_.PCI0.EXP1._PRT]
[    0.078941] ACPI: PCI Interrupt Routing Table [\_SB_.PCI0.EXP2._PRT]
[    0.079011] ACPI: PCI Interrupt Routing Table [\_SB_.PCI0.EXP3._PRT]
[    0.079075] ACPI: PCI Interrupt Routing Table [\_SB_.PCI0.EXP4._PRT]
[    0.079138] ACPI: PCI Interrupt Routing Table [\_SB_.PCI0.PCI1._PRT]
[    0.084599] ACPI: PCI Interrupt Link [LNKA] (IRQs 3 4 5 6 7 9 *10 11)
[    0.085367] ACPI: PCI Interrupt Link [LNKB] (IRQs 3 4 5 6 7 9 10 *11)
[    0.086242] ACPI: PCI Interrupt Link [LNKC] (IRQs 3 4 5 6 7 9 10 *11)
[    0.087031] ACPI: PCI Interrupt Link [LNKD] (IRQs 3 4 5 6 7 9 10 *11)
[    0.087852] ACPI: PCI Interrupt Link [LNKE] (IRQs 3 4 5 6 7 9 10 *11)
[    0.088639] ACPI: PCI Interrupt Link [LNKF] (IRQs 3 4 5 6 7 9 10 *11)
[    0.089463] ACPI: PCI Interrupt Link [LNKG] (IRQs 3 4 5 6 7 9 10 *11)
[    0.090256] ACPI: PCI Interrupt Link [LNKH] (IRQs 3 4 5 6 7 9 10 *11)
[    0.091090] vgaarb: device added: PCI:0000:00:02.0,decodes=io+mem,owns=io+mem,locks=none
[    0.091226] vgaarb: loaded
[    0.091411] SCSI subsystem initialized
[    0.091508] libata version 3.00 loaded.
[    0.091555] usbcore: registered new interface driver usbfs
[    0.091684] usbcore: registered new interface driver hub
[    0.091797] usbcore: registered new device driver usb
[    0.108035] raid6: int32x1    941 MB/s
[    0.125058] raid6: int32x2    890 MB/s
[    0.142070] raid6: int32x4    750 MB/s
[    0.159077] raid6: int32x8    660 MB/s
[    0.176003] raid6: mmxx1     2882 MB/s
[    0.192984] raid6: mmxx2     3253 MB/s
[    0.209982] raid6: sse1x1    1937 MB/s
[    0.226978] raid6: sse1x2    2531 MB/s
[    0.243977] raid6: sse2x1    3507 MB/s
[    0.260986] raid6: sse2x2    3828 MB/s
[    0.261081] raid6: using algorithm sse2x2 (3828 MB/s)
[    0.261176] PCI: Using ACPI for IRQ routing
[    0.261477] HPET: 3 timers in total, 0 timers will be used for per-cpu timer
[    0.261995] Switching to clocksource tsc
[    0.262100] pnp: PnP ACPI init
[    0.262193] ACPI: bus type pnp registered
[    0.265828] pnp: PnP ACPI: found 11 devices
[    0.265932] ACPI: ACPI bus type pnp unregistered
[    0.266028] system 00:00: iomem range 0x0-0x9ffff could not be reserved
[    0.266134] system 00:00: iomem range 0xc0000-0xc3fff could not be reserved
[    0.266230] system 00:00: iomem range 0xc4000-0xc7fff could not be reserved
[    0.266329] system 00:00: iomem range 0xc8000-0xcbfff has been reserved
[    0.266422] system 00:00: iomem range 0xcc000-0xcffff has been reserved
[    0.266521] system 00:00: iomem range 0xd0000-0xd3fff could not be reserved
[    0.266615] system 00:00: iomem range 0xe0000-0xe3fff could not be reserved
[    0.266710] system 00:00: iomem range 0xe4000-0xe7fff could not be reserved
[    0.266806] system 00:00: iomem range 0xe8000-0xebfff could not be reserved
[    0.266902] system 00:00: iomem range 0xec000-0xeffff could not be reserved
[    0.267003] system 00:00: iomem range 0xf0000-0xfffff could not be reserved
[    0.267102] system 00:00: iomem range 0x100000-0x3dffffff could not be reserved
[    0.267224] system 00:00: iomem range 0xfec00000-0xfed3ffff could not be reserved
[    0.267353] system 00:00: iomem range 0xfed4c000-0xffffffff could not be reserved
[    0.267475] system 00:02: ioport range 0x164e-0x164f has been reserved
[    0.267564] system 00:02: ioport range 0x1000-0x107f has been reserved
[    0.267656] system 00:02: ioport range 0x1180-0x11bf has been reserved
[    0.267747] system 00:02: ioport range 0x800-0x80f has been reserved
[    0.267846] system 00:02: ioport range 0x15e0-0x15ef has been reserved
[    0.267948] system 00:02: ioport range 0x1600-0x165f could not be reserved
[    0.268041] system 00:02: iomem range 0xf0000000-0xf3ffffff has been reserved
[    0.268138] system 00:02: iomem range 0xfed1c000-0xfed1ffff has been reserved
[    0.268243] system 00:02: iomem range 0xfed14000-0xfed17fff has been reserved
[    0.268333] system 00:02: iomem range 0xfed18000-0xfed18fff has been reserved
[    0.268435] system 00:02: iomem range 0xfed19000-0xfed19fff has been reserved
[    0.268523] system 00:02: iomem range 0xfed45000-0xfed4bfff has been reserved
[    0.303571] pci 0000:00:1c.0: PCI bridge, secondary bus 0000:02
[    0.303663] pci 0000:00:1c.0:   IO window: 0x2000-0x2fff
[    0.303762] pci 0000:00:1c.0:   MEM window: 0xfc000000-0xfdffffff
[    0.303857] pci 0000:00:1c.0:   PREFETCH window: 0x000000f8000000-0x000000f80fffff
[    0.303989] pci 0000:00:1c.1: PCI bridge, secondary bus 0000:03
[    0.304096] pci 0000:00:1c.1:   IO window: 0x3000-0x3fff
[    0.304193] pci 0000:00:1c.1:   MEM window: 0xdc000000-0xdf3fffff
[    0.304289] pci 0000:00:1c.1:   PREFETCH window: 0x000000dfe00000-0x000000dfefffff
[    0.304417] pci 0000:00:1c.2: PCI bridge, secondary bus 0000:04
[    0.304515] pci 0000:00:1c.2:   IO window: 0x4000-0x4fff
[    0.304619] pci 0000:00:1c.2:   MEM window: 0xd8000000-0xd9ffffff
[    0.304715] pci 0000:00:1c.2:   PREFETCH window: 0x000000dfb00000-0x000000dfbfffff
[    0.304851] pci 0000:00:1c.3: PCI bridge, secondary bus 0000:05
[    0.304944] pci 0000:00:1c.3:   IO window: 0x5000-0x5fff
[    0.305045] pci 0000:00:1c.3:   MEM window: 0xd4000000-0xd5ffffff
[    0.305139] pci 0000:00:1c.3:   PREFETCH window: 0x000000df800000-0x000000df8fffff
[    0.305274] pci 0000:00:1c.4: PCI bridge, secondary bus 0000:0d
[    0.305373] pci 0000:00:1c.4:   IO window: 0x6000-0x6fff
[    0.305474] pci 0000:00:1c.4:   MEM window: 0xd0000000-0xd1ffffff
[    0.305570] pci 0000:00:1c.4:   PREFETCH window: 0x000000df500000-0x000000df5fffff
[    0.305699] pci 0000:15:00.0: CardBus bridge, secondary bus 0000:16
[    0.305804] pci 0000:15:00.0:   IO window: 0x007000-0x0070ff
[    0.305902] pci 0000:15:00.0:   IO window: 0x007400-0x0074ff
[    0.306000] pci 0000:15:00.0:   PREFETCH window: 0xf4000000-0xf7ffffff
[    0.306101] pci 0000:15:00.0:   MEM window: 0x40000000-0x43ffffff
[    0.306201] pci 0000:00:1e.0: PCI bridge, secondary bus 0000:15
[    0.306294] pci 0000:00:1e.0:   IO window: 0x7000-0xafff
[    0.306395] pci 0000:00:1e.0:   MEM window: 0xf8300000-0xfbffffff
[    0.306491] pci 0000:00:1e.0:   PREFETCH window: 0x000000f4000000-0x000000f7ffffff
[    0.306629] pci 0000:00:1c.0: PCI INT A -> GSI 20 (level, low) -> IRQ 20
[    0.306725] pci 0000:00:1c.0: setting latency timer to 64
[    0.306739] pci 0000:00:1c.1: PCI INT B -> GSI 21 (level, low) -> IRQ 21
[    0.306835] pci 0000:00:1c.1: setting latency timer to 64
[    0.306854] pci 0000:00:1c.2: PCI INT C -> GSI 22 (level, low) -> IRQ 22
[    0.306952] pci 0000:00:1c.2: setting latency timer to 64
[    0.306961] pci 0000:00:1c.3: PCI INT D -> GSI 23 (level, low) -> IRQ 23
[    0.307065] pci 0000:00:1c.3: setting latency timer to 64
[    0.307079] pci 0000:00:1c.4: PCI INT A -> GSI 20 (level, low) -> IRQ 20
[    0.307188] pci 0000:00:1c.4: setting latency timer to 64
[    0.307197] pci 0000:00:1e.0: enabling device (0005 -> 0007)
[    0.307292] pci 0000:00:1e.0: setting latency timer to 64
[    0.307309] pci 0000:15:00.0: PCI INT A -> GSI 16 (level, low) -> IRQ 16
[    0.307401] pci 0000:15:00.0: setting latency timer to 64
[    0.307408] pci_bus 0000:00: resource 0 io:  [0x00-0xffff]
[    0.307410] pci_bus 0000:00: resource 1 mem: [0x000000-0xffffffff]
[    0.307411] pci_bus 0000:02: resource 0 io:  [0x2000-0x2fff]
[    0.307413] pci_bus 0000:02: resource 1 mem: [0xfc000000-0xfdffffff]
[    0.307415] pci_bus 0000:02: resource 2 pref mem [0xf8000000-0xf80fffff]
[    0.307417] pci_bus 0000:03: resource 0 io:  [0x3000-0x3fff]
[    0.307419] pci_bus 0000:03: resource 1 mem: [0xdc000000-0xdf3fffff]
[    0.307421] pci_bus 0000:03: resource 2 pref mem [0xdfe00000-0xdfefffff]
[    0.307423] pci_bus 0000:04: resource 0 io:  [0x4000-0x4fff]
[    0.307424] pci_bus 0000:04: resource 1 mem: [0xd8000000-0xd9ffffff]
[    0.307426] pci_bus 0000:04: resource 2 pref mem [0xdfb00000-0xdfbfffff]
[    0.307428] pci_bus 0000:05: resource 0 io:  [0x5000-0x5fff]
[    0.307430] pci_bus 0000:05: resource 1 mem: [0xd4000000-0xd5ffffff]
[    0.307432] pci_bus 0000:05: resource 2 pref mem [0xdf800000-0xdf8fffff]
[    0.307434] pci_bus 0000:0d: resource 0 io:  [0x6000-0x6fff]
[    0.307435] pci_bus 0000:0d: resource 1 mem: [0xd0000000-0xd1ffffff]
[    0.307437] pci_bus 0000:0d: resource 2 pref mem [0xdf500000-0xdf5fffff]
[    0.307439] pci_bus 0000:15: resource 0 io:  [0x7000-0xafff]
[    0.307441] pci_bus 0000:15: resource 1 mem: [0xf8300000-0xfbffffff]
[    0.307443] pci_bus 0000:15: resource 2 pref mem [0xf4000000-0xf7ffffff]
[    0.307444] pci_bus 0000:15: resource 3 io:  [0x00-0xffff]
[    0.307446] pci_bus 0000:15: resource 4 mem: [0x000000-0xffffffff]
[    0.307448] pci_bus 0000:16: resource 0 io:  [0x7000-0x70ff]
[    0.307450] pci_bus 0000:16: resource 1 io:  [0x7400-0x74ff]
[    0.307452] pci_bus 0000:16: resource 2 pref mem [0xf4000000-0xf7ffffff]
[    0.307453] pci_bus 0000:16: resource 3 mem: [0x40000000-0x43ffffff]
[    0.307461] NET: Registered protocol family 2
[    0.307554] RANDOM - __random32 called. Change num 7.  Value: 437d97bf	f373de51	f3b0f986
[    0.307556] RANDOM - random32 called.  Value: 437d97bf	f373de51	f3b0f986
[    0.307561] random 0000 0000 0000 5f8db4e5 4cfdf2a8: rand_read_num 3 get_random_bytes(4): sig fffffb64 5f8db4e5 4cfdf2a8
[    0.307563] random 0000 0000 0000 5f8db4e5 4cfdf2a8: extract_entropy(.. 4 ..)
[    0.307566] random 0000 0000 0000 5f8db4e5 4cfdf2a8: going to reseed nonblocking with 64 bits (32 of 0 requested)
[    0.307568] random 0000 0000 0000 5f8db4e5 4cfdf2a8: extract_entropy(.. 8 ..)
[    0.307570] random 0000 0000 0000 5f8db4e5 4cfdf2a8: trying to extract 64 bits from input
[    0.307572] random 0000 0000 0000 5f8db4e5 4cfdf2a8: debiting 0 entropy credits from input
[    0.307574] random 0000 0000 0000 5f8db4e5 4cfdf2a8: extract_entropy account returned: 0 
[    0.307577] random 0000 0000 0000 5f8db4e5 4cfdf2a8: urand_change_num 5 xfer_secondary_pool(4): pool_sig fffffb64, data_sig 00000000, bytes_mixed 0 5f8db4e5 4cfdf2a8
[    0.307580] random 0000 0000 0000 5f8db4e5 4cfdf2a8: trying to extract 32 bits from nonblocking
[    0.307582] random 0000 0000 0000 5f8db4e5 4cfdf2a8: debiting 32 entropy credits from nonblocking (unlimited)
[    0.307584] random 0000 0000 0000 5f8db4e5 4cfdf2a8: extract_entropy account returned: 4 
[    0.307589] random 0000 0000 0000 5f8db4e5 4cfdf2a8: urand_change_num 6 extract_buf: pool_sig fffffb64, data_sig 00000241, bytes_mixed 20 5f8db4e5 4cfdf2a8
[    0.307598] IP route cache hash table entries: 32768 (order: 5, 131072 bytes)
[    0.307730] RANDOM - __random32 called. Change num 8.  Value: d97bfe31	373de51f	f30dc6e6
[    0.307732] RANDOM - random32 called.  Value: d97bfe31	373de51f	f30dc6e6
[    0.307742] RANDOM - __random32 called. Change num 9.  Value: bfe314d7	73de51f5	8dcd6c7e
[    0.307744] RANDOM - random32 called.  Value: bfe314d7	73de51f5	8dcd6c7e
[    0.307746] RANDOM - __random32 called. Change num 10.  Value: 314d7baf	3de51f5e	d8fc74c1
[    0.307748] RANDOM - random32 called.  Value: 314d7baf	3de51f5e	d8fc74c1
[    0.307758] RANDOM - __random32 called. Change num 11.  Value: d7baf3c7	de51f5e5	e983e3fa
[    0.307759] RANDOM - random32 called.  Value: d7baf3c7	de51f5e5	e983e3fa
[    0.307769] TCP established hash table entries: 131072 (order: 8, 1048576 bytes)
[    0.308266] TCP bind hash table entries: 65536 (order: 6, 262144 bytes)
[    0.308463] TCP: Hash tables configured (established 131072 bind 65536)
[    0.308565] TCP reno registered
[    0.308674] NET: Registered protocol family 1
[    0.308789] RPC: Registered udp transport module.
[    0.308900] RPC: Registered tcp transport module.
[    0.308995] RPC: Registered tcp NFSv4.1 backchannel transport module.
[    0.309091] pci 0000:00:02.0: Boot video device
[    0.309310] Simple Boot Flag at 0x35 set to 0x1
[    0.309836] highmem bounce pool size: 64 pages
[    0.311399] VFS: Disk quotas dquot_6.5.2
[    0.311521] Dquot-cache hash table entries: 1024 (order 0, 4096 bytes)
[    0.312210] NTFS driver 2.1.29 [Flags: R/W].
[    0.312377] ROMFS MTD (C) 2007 Red Hat, Inc.
[    0.312586] JFS: nTxBlock = 7695, nTxLock = 61562
[    0.315059] SGI XFS with ACLs, security attributes, large block/inode numbers, no debug enabled
[    0.315542] SGI XFS Quota Management subsystem
[    0.315832] Slow work thread pool: Starting up
[    0.315989] Slow work thread pool: Ready
[    0.316083] GFS2 (built May 24 2013 02:47:17) installed
[    0.316178] msgmni has been set to 1734
[    0.316341] alg: No test for cipher_null (cipher_null-generic)
[    0.316442] alg: No test for ecb(cipher_null) (ecb-cipher_null)
[    0.316541] alg: No test for digest_null (digest_null-generic)
[    0.316640] alg: No test for compress_null (compress_null-generic)
[    0.317195] alg: No test for fcrypt (fcrypt-generic)
[    0.318609] alg: No test for stdrng (krng)
[    0.318699] async_tx: api initialized (async)
[    0.318869] Block layer SCSI generic (bsg) driver version 0.4 loaded (major 254)
[    0.318991] io scheduler noop registered
[    0.319081] io scheduler anticipatory registered
[    0.319176] io scheduler deadline registered
[    0.319316] io scheduler cfq registered (default)
[    0.319551] pcieport 0000:00:1c.0: irq 24 for MSI/MSI-X
[    0.319569] pcieport 0000:00:1c.0: setting latency timer to 64
[    0.319768] pcieport 0000:00:1c.1: irq 25 for MSI/MSI-X
[    0.319779] pcieport 0000:00:1c.1: setting latency timer to 64
[    0.319979] pcieport 0000:00:1c.2: irq 26 for MSI/MSI-X
[    0.319988] pcieport 0000:00:1c.2: setting latency timer to 64
[    0.320169] pcieport 0000:00:1c.3: irq 27 for MSI/MSI-X
[    0.320185] pcieport 0000:00:1c.3: setting latency timer to 64
[    0.320362] pcieport 0000:00:1c.4: irq 28 for MSI/MSI-X
[    0.320374] pcieport 0000:00:1c.4: setting latency timer to 64
[    0.320518] pci_hotplug: PCI Hot Plug PCI Core version: 0.5
[    0.320711] isapnp: Scanning for PnP cards...
[    0.681242] isapnp: No Plug & Play device found
[    0.681332] random 0000 0000 0000 5f8db4e5 4cfdf2a8: initializing
[    0.681335] RANDOM init_std_data for input now value: 1369913788681335138
[    0.681336] RANDOM init_std_data for blocking now value: 1369913788681337138
[    0.681338] RANDOM init_std_data for nonblocking now value: 1369913788681338852
[    0.700924] Serial: 8250/16550 driver, 4 ports, IRQ sharing enabled
[    3.711608] floppy0: no floppy controllers found
[    3.712567] brd: module loaded
[    3.713074] loop: module loaded
[    3.713171] Compaq SMART2 Driver (v 2.6.0)
[    3.713306] HP CISS Driver (v 3.6.20)
[    3.713552] input: Macintosh mouse button emulation as /devices/virtual/input/input0
[    3.713699] Uniform Multi-Platform E-IDE driver
[    3.713926] piix 0000:00:1f.1: IDE controller (0x8086:0x2850 rev 0x03)
[    3.714028] pci 0000:00:1f.1: PCI INT C -> GSI 16 (level, low) -> IRQ 16
[    3.714137] piix 0000:00:1f.1: IDE port disabled
[    3.714247] piix 0000:00:1f.1: not 100% native mode: will probe irqs later
[    3.714344]     ide0: BM-DMA at 0x1c00-0x1c07
[    3.714440] Probing IDE interface ide0...
[    4.385779] hda: HL-DT-ST DVDRAM GSA-U10N, ATAPI CD/DVD-ROM drive
[    4.692567] hda: host max PIO4 wanted PIO255(auto-tune) selected PIO4
[    4.693335] hda: UDMA/33 mode selected
[    4.693802] ide0 at 0x1f0-0x1f7,0x3f6 on irq 14
[    4.697719] ide-gd driver 1.18
[    4.697826] ide-cd driver 5.00
[    4.699219] random 0000 0000 0000 00000000 00000000: add_disk_randomness(0:0) 00000000 00000000
[    4.699223] random 0000 0000 0000 00000000 00000000: add_timer_randomness(.. 256) with jiffies: 4842176134151634555, cycles: 4842176129856962571
[    4.699225] random 0000 0000 0000 00000000 00000000: added 11 entropy credits to input
[    4.699229] ide-cd: hda: ATAPI 24X DVD-ROM DVD-R/RAM CD-R/RW drive, 2048kB Cache
[    4.699713] Uniform CD-ROM driver Revision: 3.20
[    4.702451] random 0011 0000 0000 00000000 00000000: add_disk_randomness(0:0) 00000000 00000000
[    4.702455] random 0011 0000 0000 00000000 00000000: add_timer_randomness(.. 256) with jiffies: 4871263121558961790, cycles: 4871263117264289803
[    4.702457] random 0011 0000 0000 00000000 00000000: added 1 entropy credits to input
[    4.702460] random 0012 0000 0000 00000000 00000000: add_disk_randomness(0:0) 00000000 00000000
[    4.702463] random 0012 0000 0000 00000000 00000000: add_timer_randomness(.. 256) with jiffies: 4871340104552775294, cycles: 4871340100258103307
[    4.704449] random 0012 0000 0000 00000000 00000000: add_disk_randomness(0:0) 00000000 00000000
[    4.704452] random 0012 0000 0000 00000000 00000000: add_timer_randomness(.. 256) with jiffies: 4889231589688180352, cycles: 4889231585393508363
[    4.704454] random 0012 0000 0000 00000000 00000000: added 1 entropy credits to input
[    4.704457] random 0013 0000 0000 00000000 00000000: add_disk_randomness(0:0) 00000000 00000000
[    4.704460] random 0013 0000 0000 00000000 00000000: add_timer_randomness(.. 256) with jiffies: 4889306721551089280, cycles: 4889306717256417291
[    4.706448] random 0013 0000 0000 00000000 00000000: add_disk_randomness(0:0) 00000000 00000000
[    4.706451] random 0013 0000 0000 00000000 00000000: add_timer_randomness(.. 256) with jiffies: 4907222511906422402, cycles: 4907222507611750411
[    4.706454] random 0013 0000 0000 00000000 00000000: added 1 entropy credits to input
[    4.706457] random 0014 0000 0000 00000000 00000000: add_disk_randomness(0:0) 00000000 00000000
[    4.706459] random 0014 0000 0000 00000000 00000000: add_timer_randomness(.. 256) with jiffies: 4907296428293586562, cycles: 4907296423998914571
[    4.706735] Loading iSCSI transport class v2.0-870.
[    4.707020] rdac: device handler registered
[    4.707107] hp_sw: device handler registered
[    4.707203] emc: device handler registered
[    4.707292] alua: device handler registered
[    4.708289] Adaptec aacraid driver 1.1-5[2461]-ms
[    4.708721] scsi: <fdomain> Detection failed (no card)
[    4.708832] sym53c416.c: Version 1.0.0-ac
[    4.708949] qlogicfas: no cards were found, please specify I/O address and IRQ using iobase= and irq= options
[    4.709089] QLogic Fibre Channel HBA Driver: 8.03.01-k6
[    4.709328] iscsi: registered transport (qla4xxx)
[    4.709437] QLogic iSCSI HBA Driver
[    4.709533] Emulex LightPulse Fibre Channel SCSI driver 8.3.4
[    4.709622] Copyright(c) 2004-2009 Emulex.  All rights reserved.
[    4.731552] Failed initialization of WD-7000 SCSI card!
[    4.820501] DC390: clustering now enabled by default. If you get problems load
[    4.820628]        with "disable_clustering=1" and report to maintainers
[    4.820763] megaraid cmm: 2.20.2.7 (Release Date: Sun Jul 16 00:01:03 EST 2006)
[    4.820916] megaraid: 2.20.5.1 (Release Date: Thu Nov 16 15:32:35 EST 2006)
[    4.821029] megasas: 00.00.04.01 Thu July 24 11:41:51 PST 2008
[    4.821169] GDT-HA: Storage RAID Controller Driver. Version: 3.05
[    4.821331] 3ware Storage Controller device driver for Linux v1.26.02.002.
[    4.821442] 3ware 9000 Storage Controller device driver for Linux v2.26.02.012.
[    4.821597] nsp32: loading...
[    4.821715] ipr: IBM Power RAID SCSI Device Driver version: 2.4.3 (June 10, 2009)
[    4.821858] RocketRAID 3xxx/4xxx Controller driver v1.6 (090910)
[    4.821967] stex: Promise SuperTrak EX Driver version: 4.6.0000.3
[    4.822100] st: Version 20081215, fixed bufsize 32768, s/g segs 256
[    4.822291] ahci 0000:00:1f.2: version 3.0
[    4.822307] ahci 0000:00:1f.2: PCI INT B -> GSI 16 (level, low) -> IRQ 16
[    4.822436] ahci 0000:00:1f.2: irq 29 for MSI/MSI-X
[    4.822499] ahci 0000:00:1f.2: AHCI 0001.0100 32 slots 3 ports 1.5 Gbps 0x5 impl SATA mode
[    4.822637] ahci 0000:00:1f.2: flags: 64bit ncq sntf pm led clo pio slum part ccc 
[    4.822761] ahci 0000:00:1f.2: setting latency timer to 64
[    4.822904] scsi2 : ahci
[    4.823064] scsi3 : ahci
[    4.823204] scsi4 : ahci
[    4.823380] ata1: SATA max UDMA/133 abar m2048@0xfe226000 port 0xfe226100 irq 29
[    4.823506] ata2: DUMMY
[    4.823623] ata3: SATA max UDMA/133 abar m2048@0xfe226000 port 0xfe226200 irq 29
[    4.824224] I2O subsystem v1.325
[    4.824322] i2o: max drivers = 8
[    4.824470] I2O Configuration OSM v1.323
[    4.824585] I2O Bus Adapter OSM v1.317
[    4.824686] I2O Block Device OSM v1.325
[    4.824843] I2O SCSI Peripheral OSM v1.316
[    4.824951] I2O ProcFS OSM v1.316
[    4.825059] Fusion MPT base driver 3.04.12
[    4.825156] Copyright (c) 1999-2008 LSI Corporation
[    4.825249] Fusion MPT SPI Host driver 3.04.12
[    4.825361] Fusion MPT FC Host driver 3.04.12
[    4.825474] Fusion MPT SAS Host driver 3.04.12
[    4.825684] ohci1394 0000:15:00.1: PCI INT B -> GSI 17 (level, low) -> IRQ 17
[    4.825781] ohci1394 0000:15:00.1: setting latency timer to 64
[    4.879560] ohci1394: fw-host0: OHCI-1394 1.1 (PCI): IRQ=[17]  MMIO=[f8301000-f83017ff]  Max Packet=[2048]  IR/IT contexts=[4/4]
[    4.882821] ehci_hcd: USB 2.0 'Enhanced' Host Controller (EHCI) Driver
[    4.883090] ehci_hcd 0000:00:1a.7: power state changed by ACPI to D0
[    4.883335] ehci_hcd 0000:00:1a.7: power state changed by ACPI to D0
[    4.883441] ehci_hcd 0000:00:1a.7: PCI INT C -> GSI 22 (level, low) -> IRQ 22
[    4.883548] ehci_hcd 0000:00:1a.7: setting latency timer to 64
[    4.883553] ehci_hcd 0000:00:1a.7: EHCI Host Controller
[    4.883690] ehci_hcd 0000:00:1a.7: new USB bus registered, assigned bus number 1
[    4.887742] ehci_hcd 0000:00:1a.7: cache line size of 32 is not supported
[    4.887751] ehci_hcd 0000:00:1a.7: irq 22, io mem 0xfe226c00
[    4.897522] ehci_hcd 0000:00:1a.7: USB 2.0 started, EHCI 1.00
[    4.897626] usb usb1: New USB device found, idVendor=1d6b, idProduct=0002
[    4.897725] usb usb1: New USB device strings: Mfr=3, Product=2, SerialNumber=1
[    4.897846] usb usb1: Product: EHCI Host Controller
[    4.897934] usb usb1: Manufacturer: Linux 2.6.32.57 ehci_hcd
[    4.898026] usb usb1: SerialNumber: 0000:00:1a.7
[    4.898174] usb usb1: configuration #1 chosen from 1 choice
[    4.898303] hub 1-0:1.0: USB hub found
[    4.898391] hub 1-0:1.0: 4 ports detected
[    4.898694] ehci_hcd 0000:00:1d.7: power state changed by ACPI to D0
[    4.898963] ehci_hcd 0000:00:1d.7: power state changed by ACPI to D0
[    4.899069] ehci_hcd 0000:00:1d.7: PCI INT D -> GSI 19 (level, low) -> IRQ 19
[    4.899176] ehci_hcd 0000:00:1d.7: setting latency timer to 64
[    4.899181] ehci_hcd 0000:00:1d.7: EHCI Host Controller
[    4.899309] ehci_hcd 0000:00:1d.7: new USB bus registered, assigned bus number 2
[    4.899460] ehci_hcd 0000:00:1d.7: debug port 1
[    4.903455] ehci_hcd 0000:00:1d.7: cache line size of 32 is not supported
[    4.903464] ehci_hcd 0000:00:1d.7: irq 19, io mem 0xfe227000
[    4.913520] ehci_hcd 0000:00:1d.7: USB 2.0 started, EHCI 1.00
[    4.913631] usb usb2: New USB device found, idVendor=1d6b, idProduct=0002
[    4.913727] usb usb2: New USB device strings: Mfr=3, Product=2, SerialNumber=1
[    4.913864] usb usb2: Product: EHCI Host Controller
[    4.913962] usb usb2: Manufacturer: Linux 2.6.32.57 ehci_hcd
[    4.914049] usb usb2: SerialNumber: 0000:00:1d.7
[    4.914191] usb usb2: configuration #1 chosen from 1 choice
[    4.914308] hub 2-0:1.0: USB hub found
[    4.914403] hub 2-0:1.0: 6 ports detected
[    4.914583] 116x: driver isp116x-hcd, 03 Nov 2005
[    4.914689] ohci_hcd: USB 1.1 'Open' Host Controller (OHCI) Driver
[    4.914808] uhci_hcd: USB Universal Host Controller Interface driver
[    4.914924] uhci_hcd 0000:00:1a.0: PCI INT A -> GSI 20 (level, low) -> IRQ 20
[    4.915019] uhci_hcd 0000:00:1a.0: setting latency timer to 64
[    4.915023] uhci_hcd 0000:00:1a.0: UHCI Host Controller
[    4.915152] uhci_hcd 0000:00:1a.0: new USB bus registered, assigned bus number 3
[    4.915302] uhci_hcd 0000:00:1a.0: irq 20, io base 0x00001860
[    4.915422] usb usb3: New USB device found, idVendor=1d6b, idProduct=0001
[    4.915513] usb usb3: New USB device strings: Mfr=3, Product=2, SerialNumber=1
[    4.915647] usb usb3: Product: UHCI Host Controller
[    4.915743] usb usb3: Manufacturer: Linux 2.6.32.57 uhci_hcd
[    4.915834] usb usb3: SerialNumber: 0000:00:1a.0
[    4.915968] usb usb3: configuration #1 chosen from 1 choice
[    4.916095] hub 3-0:1.0: USB hub found
[    4.916183] hub 3-0:1.0: 2 ports detected
[    4.916489] uhci_hcd 0000:00:1a.1: power state changed by ACPI to D0
[    4.916753] uhci_hcd 0000:00:1a.1: power state changed by ACPI to D0
[    4.916855] uhci_hcd 0000:00:1a.1: PCI INT B -> GSI 21 (level, low) -> IRQ 21
[    4.916950] uhci_hcd 0000:00:1a.1: setting latency timer to 64
[    4.916955] uhci_hcd 0000:00:1a.1: UHCI Host Controller
[    4.917080] uhci_hcd 0000:00:1a.1: new USB bus registered, assigned bus number 4
[    4.917237] uhci_hcd 0000:00:1a.1: irq 21, io base 0x00001880
[    4.917356] usb usb4: New USB device found, idVendor=1d6b, idProduct=0001
[    4.917445] usb usb4: New USB device strings: Mfr=3, Product=2, SerialNumber=1
[    4.917587] usb usb4: Product: UHCI Host Controller
[    4.917675] usb usb4: Manufacturer: Linux 2.6.32.57 uhci_hcd
[    4.917772] usb usb4: SerialNumber: 0000:00:1a.1
[    4.917918] usb usb4: configuration #1 chosen from 1 choice
[    4.918036] hub 4-0:1.0: USB hub found
[    4.918126] hub 4-0:1.0: 2 ports detected
[    4.918414] uhci_hcd 0000:00:1d.0: power state changed by ACPI to D0
[    4.918667] uhci_hcd 0000:00:1d.0: power state changed by ACPI to D0
[    4.918763] uhci_hcd 0000:00:1d.0: PCI INT A -> GSI 16 (level, low) -> IRQ 16
[    4.918865] uhci_hcd 0000:00:1d.0: setting latency timer to 64
[    4.918870] uhci_hcd 0000:00:1d.0: UHCI Host Controller
[    4.919003] uhci_hcd 0000:00:1d.0: new USB bus registered, assigned bus number 5
[    4.919151] uhci_hcd 0000:00:1d.0: irq 16, io base 0x000018a0
[    4.919273] usb usb5: New USB device found, idVendor=1d6b, idProduct=0001
[    4.919364] usb usb5: New USB device strings: Mfr=3, Product=2, SerialNumber=1
[    4.919485] usb usb5: Product: UHCI Host Controller
[    4.919581] usb usb5: Manufacturer: Linux 2.6.32.57 uhci_hcd
[    4.919685] usb usb5: SerialNumber: 0000:00:1d.0
[    4.919828] usb usb5: configuration #1 chosen from 1 choice
[    4.919944] hub 5-0:1.0: USB hub found
[    4.920038] hub 5-0:1.0: 2 ports detected
[    4.920179] uhci_hcd 0000:00:1d.1: PCI INT B -> GSI 17 (level, low) -> IRQ 17
[    4.920288] uhci_hcd 0000:00:1d.1: setting latency timer to 64
[    4.920293] uhci_hcd 0000:00:1d.1: UHCI Host Controller
[    4.920418] uhci_hcd 0000:00:1d.1: new USB bus registered, assigned bus number 6
[    4.920570] uhci_hcd 0000:00:1d.1: irq 17, io base 0x000018c0
[    4.920686] usb usb6: New USB device found, idVendor=1d6b, idProduct=0001
[    4.920779] usb usb6: New USB device strings: Mfr=3, Product=2, SerialNumber=1
[    4.920912] usb usb6: Product: UHCI Host Controller
[    4.921001] usb usb6: Manufacturer: Linux 2.6.32.57 uhci_hcd
[    4.921096] usb usb6: SerialNumber: 0000:00:1d.1
[    4.921234] usb usb6: configuration #1 chosen from 1 choice
[    4.921352] hub 6-0:1.0: USB hub found
[    4.921457] hub 6-0:1.0: 2 ports detected
[    4.921776] uhci_hcd 0000:00:1d.2: power state changed by ACPI to D0
[    4.922032] uhci_hcd 0000:00:1d.2: power state changed by ACPI to D0
[    4.922131] uhci_hcd 0000:00:1d.2: PCI INT C -> GSI 18 (level, low) -> IRQ 18
[    4.922231] uhci_hcd 0000:00:1d.2: setting latency timer to 64
[    4.922235] uhci_hcd 0000:00:1d.2: UHCI Host Controller
[    4.922367] uhci_hcd 0000:00:1d.2: new USB bus registered, assigned bus number 7
[    4.922539] uhci_hcd 0000:00:1d.2: irq 18, io base 0x000018e0
[    4.922671] usb usb7: New USB device found, idVendor=1d6b, idProduct=0001
[    4.922762] usb usb7: New USB device strings: Mfr=3, Product=2, SerialNumber=1
[    4.922889] usb usb7: Product: UHCI Host Controller
[    4.922978] usb usb7: Manufacturer: Linux 2.6.32.57 uhci_hcd
[    4.923068] usb usb7: SerialNumber: 0000:00:1d.2
[    4.923871] usb usb7: configuration #1 chosen from 1 choice
[    4.923997] hub 7-0:1.0: USB hub found
[    4.924087] hub 7-0:1.0: 2 ports detected
[    4.924262] sl811: driver sl811-hcd, 19 May 2005
[    4.924367] r8a66597_hcd: driver r8a66597_hcd, 2009-05-26
[    4.924544] Initializing USB Mass Storage driver...
[    4.924683] usbcore: registered new interface driver usb-storage
[    4.924770] USB Mass Storage support registered.
[    4.924875] usbcore: registered new interface driver ums-alauda
[    4.924980] usbcore: registered new interface driver ums-cypress
[    4.925098] usbcore: registered new interface driver ums-datafab
[    4.925209] usbcore: registered new interface driver ums-freecom
[    4.925327] usbcore: registered new interface driver ums-isd200
[    4.925437] usbcore: registered new interface driver ums-jumpshot
[    4.925554] usbcore: registered new interface driver ums-karma
[    4.925664] usbcore: registered new interface driver ums-onetouch
[    4.925775] usbcore: registered new interface driver ums-sddr09
[    4.925885] usbcore: registered new interface driver ums-sddr55
[    4.925992] usbcore: registered new interface driver ums-usbat
[    4.926137] PNP: PS/2 Controller [PNP0303:KBD,PNP0f13:MOU] at 0x60,0x64 irq 1,12
[    4.934350] serio: i8042 KBD port at 0x60,0x64 irq 1
[    4.934440] serio: i8042 AUX port at 0x60,0x64 irq 12
[    4.934697] mice: PS/2 mouse device common for all mice
[    4.934808] i2c /dev entries driver
[    4.934949] md: linear personality registered for level -1
[    4.935040] md: raid0 personality registered for level 0
[    4.935144] md: raid1 personality registered for level 1
[    4.935230] md: raid10 personality registered for level 10
[    4.935323] md: raid6 personality registered for level 6
[    4.935412] md: raid5 personality registered for level 5
[    4.935500] md: raid4 personality registered for level 4
[    4.935619] md: multipath personality registered for level -4
[    4.935826] device-mapper: ioctl: 4.15.0-ioctl (2009-04-01) initialised: dm-devel@redhat.com
[    4.936023] cpuidle: using governor ladder
[    4.936648] usbcore: registered new interface driver usbhid
[    4.936738] usbhid: v2.6:USB HID core driver
[    4.936885] random 0014 0000 0000 00000000 00000000: rand_read_num 4 get_random_bytes(136): sig 00000000 00000000 00000000
[    4.936888] random 0014 0000 0000 00000000 00000000: extract_entropy(.. 136 ..)
[    4.936890] random 0014 0000 0000 00000000 00000000: going to reseed nonblocking with 1024 bits (1088 of 0 requested)
[    4.936893] random 0014 0000 0000 00000000 00000000: extract_entropy(.. 128 ..)
[    4.936895] random 0014 0000 0000 00000000 00000000: trying to extract 1024 bits from input
[    4.936897] random 0014 0000 0000 00000000 00000000: debiting 0 entropy credits from input
[    4.936899] random 0014 0000 0000 00000000 00000000: extract_entropy account returned: 0 
[    4.936902] random 0014 0000 0000 00000000 00000000: urand_change_num 7 xfer_secondary_pool(136): pool_sig 00000000, data_sig 00000000, bytes_mixed 0 00000000 00000000
[    4.936905] random 0014 0000 0000 00000000 00000000: trying to extract 1088 bits from nonblocking
[    4.936908] random 0014 0000 0000 00000000 00000000: debiting 1088 entropy credits from nonblocking (unlimited)
[    4.936910] random 0014 0000 0000 00000000 00000000: extract_entropy account returned: 136 
[    4.936914] random 0014 0000 0000 00000000 00000000: urand_change_num 8 extract_buf: pool_sig 00000000, data_sig fffffff9, bytes_mixed 20 00000000 00000000
[    4.936920] random 0014 0000 0000 b7c35b56 be4dc95d: urand_change_num 9 extract_buf: pool_sig fffffd1e, data_sig 000000c5, bytes_mixed 20 b7c35b56 be4dc95d
[    4.936925] random 0014 0000 0000 ed9f5c47 c48487fb: urand_change_num 10 extract_buf: pool_sig fffff8ec, data_sig ffffff68, bytes_mixed 20 ed9f5c47 c48487fb
[    4.936931] random 0014 0000 0000 ed9f5c47 c48487fb: urand_change_num 11 extract_buf: pool_sig fffffaed, data_sig 000001aa, bytes_mixed 20 ed9f5c47 c48487fb
[    4.936936] random 0014 0000 0000 1b4f7c0a 91bd6a48: urand_change_num 12 extract_buf: pool_sig fffffdd8, data_sig 00000064, bytes_mixed 20 1b4f7c0a 91bd6a48
[    4.936941] random 0014 0000 0000 a254b9bc 20e9a24f: urand_change_num 13 extract_buf: pool_sig fffffbe6, data_sig 000001dd, bytes_mixed 20 a254b9bc 20e9a24f
[    4.936946] random 0014 0000 0000 a254b9bc 20e9a24f: urand_change_num 14 extract_buf: pool_sig fffff940, data_sig fffffe20, bytes_mixed 20 a254b9bc 20e9a24f
[    4.936952] random 0014 0000 0000 2831a66b 5fa2a3ad: urand_change_num 15 extract_buf: pool_sig fffffbce, data_sig 0000007e, bytes_mixed 20 2831a66b 5fa2a3ad
[    4.936957] random 0014 0000 0000 2831a66b 5fa2a3ad: urand_change_num 16 extract_buf: pool_sig 000004df, data_sig fffffe8f, bytes_mixed 20 2831a66b 5fa2a3ad
[    4.936962] random 0014 0000 0000 d4512bfd c9a54e0b: urand_change_num 17 extract_buf: pool_sig 00000485, data_sig fffffe68, bytes_mixed 20 d4512bfd c9a54e0b
[    4.936967] random 0014 0000 0000 c7371be6 f9ffea11: urand_change_num 18 extract_buf: pool_sig 00000095, data_sig ffffffed, bytes_mixed 20 c7371be6 f9ffea11
[    4.936973] random 0014 0000 0000 c7371be6 f9ffea11: urand_change_num 19 extract_buf: pool_sig 000003a7, data_sig fffffefa, bytes_mixed 20 c7371be6 f9ffea11
[    4.936978] random 0014 0000 0000 8fb4b62c d1ddba54: urand_change_num 20 extract_buf: pool_sig 00000179, data_sig ffffff78, bytes_mixed 20 8fb4b62c d1ddba54
[    4.936983] random 0014 0000 0000 9ff19f9c c07a1d2a: urand_change_num 21 extract_buf: pool_sig fffffe88, data_sig 00000126, bytes_mixed 20 9ff19f9c c07a1d2a
[    4.936987] TCP cubic registered
[    4.937073] Initializing XFRM netlink socket
[    4.937173] NET: Registered protocol family 17
[    4.937268] Using IPI Shortcut mode
[    4.937361] random 0014 0000 0000 9ff19f9c c07a1d2a: rand_read_num 5 get_random_bytes(8): sig 0000031b 9ff19f9c c07a1d2a
[    4.937363] random 0014 0000 0000 9ff19f9c c07a1d2a: extract_entropy(.. 8 ..)
[    4.937365] random 0014 0000 0000 9ff19f9c c07a1d2a: going to reseed nonblocking with 64 bits (64 of 0 requested)
[    4.937368] random 0014 0000 0000 9ff19f9c c07a1d2a: extract_entropy(.. 8 ..)
[    4.937370] random 0014 0000 0000 9ff19f9c c07a1d2a: trying to extract 64 bits from input
[    4.937372] random 0014 0000 0000 9ff19f9c c07a1d2a: debiting 0 entropy credits from input
[    4.937374] random 0014 0000 0000 9ff19f9c c07a1d2a: extract_entropy account returned: 0 
[    4.937377] random 0014 0000 0000 9ff19f9c c07a1d2a: urand_change_num 22 xfer_secondary_pool(8): pool_sig 0000031b, data_sig 00000000, bytes_mixed 0 9ff19f9c c07a1d2a
[    4.937380] random 0014 0000 0000 9ff19f9c c07a1d2a: trying to extract 64 bits from nonblocking
[    4.937382] random 0014 0000 0000 9ff19f9c c07a1d2a: debiting 64 entropy credits from nonblocking (unlimited)
[    4.937384] random 0014 0000 0000 9ff19f9c c07a1d2a: extract_entropy account returned: 8 
[    4.937388] random 0014 0000 0000 9ff19f9c c07a1d2a: urand_change_num 23 extract_buf: pool_sig 0000031b, data_sig ffffffb3, bytes_mixed 20 9ff19f9c c07a1d2a
[    4.939970] input: AT Translated Set 2 keyboard as /devices/platform/i8042/serio0/input/input1
[    5.129523] ata1: SATA link up 1.5 Gbps (SStatus 113 SControl 300)
[    5.129636] ata3: SATA link down (SStatus 0 SControl 300)
[    5.132179] ata1.00: ACPI cmd ef/02:00:00:00:00:a0 (SET FEATURES) succeeded
[    5.132182] ata1.00: ACPI cmd f5/00:00:00:00:00:a0 (SECURITY FREEZE LOCK) filtered out
[    5.133570] ata1.00: ACPI cmd ef/5f:00:00:00:00:a0 (SET FEATURES) succeeded
[    5.133572] ata1.00: ACPI cmd ef/10:03:00:00:00:a0 (SET FEATURES) filtered out
[    5.135481] ata1.00: ATA-7: ST910021AS, 4.06, max UDMA/100
[    5.135573] ata1.00: 195371568 sectors, multi 16: LBA48 
[    5.137723] ata1.00: ACPI cmd ef/02:00:00:00:00:a0 (SET FEATURES) succeeded
[    5.137725] ata1.00: ACPI cmd f5/00:00:00:00:00:a0 (SECURITY FREEZE LOCK) filtered out
[    5.139115] ata1.00: ACPI cmd ef/5f:00:00:00:00:a0 (SET FEATURES) succeeded
[    5.139117] ata1.00: ACPI cmd ef/10:03:00:00:00:a0 (SET FEATURES) filtered out
[    5.141044] ata1.00: configured for UDMA/100
[    5.151568] scsi 2:0:0:0: Direct-Access     ATA      ST910021AS       4.06 PQ: 0 ANSI: 5
[    5.151853] sd 2:0:0:0: [sda] 195371568 512-byte logical blocks: (100 GB/93.1 GiB)
[    5.151995] sd 2:0:0:0: [sda] Write Protect is off
[    5.152084] sd 2:0:0:0: [sda] Mode Sense: 00 3a 00 00
[    5.152096] sd 2:0:0:0: [sda] Write cache: enabled, read cache: enabled, doesn't support DPO or FUA
[    5.152296]  sda:
[    5.216501] usb 2-1: new high speed USB device using ehci_hcd and address 2
[    5.365727] usb 2-1: New USB device found, idVendor=0e8d, idProduct=1806
[    5.365816] usb 2-1: New USB device strings: Mfr=1, Product=2, SerialNumber=3
[    5.365904] usb 2-1: Product: MT1806 
[    5.365988] usb 2-1: Manufacturer: MediaTek Inc
[    5.366076] usb 2-1: SerialNumber: R8KN6GAC800AEB 
[    5.366210] usb 2-1: configuration #1 chosen from 1 choice
[    5.372523] scsi5 : SCSI emulation for USB Mass Storage devices
[    5.372690] usb-storage: device found at 2
[    5.372691] usb-storage: waiting for device to settle before scanning
[    5.573121] random 0014 0000 0000 277f73c3 42024bb9: add_disk_randomness(8:0) 277f73c3 42024bb9
[    5.573124] random 0014 0000 0000 277f73c3 42024bb9: add_timer_randomness(.. 8388864) with jiffies: 12704661863141179790, cycles: -5742082214863044597
[    5.573127] random 0014 0000 0000 277f73c3 42024bb9: added 11 entropy credits to input
[    5.573132]  sda1 sda2
[    5.573694] random 0025 0000 0000 277f73c3 42024bb9: add_disk_randomness(8:0) 277f73c3 42024bb9
[    5.573697] random 0025 0000 0000 277f73c3 42024bb9: add_timer_randomness(.. 8388864) with jiffies: 12709810201784189327, cycles: -5736933876220035061
[    5.573851] sd 2:0:0:0: [sda] Attached SCSI disk
[    5.573943] random 0025 0000 0000 277f73c3 42024bb9: rand_read_num 6 get_random_bytes(12): sig 000007e9 277f73c3 42024bb9
[    5.573946] random 0025 0000 0000 277f73c3 42024bb9: extract_entropy(.. 12 ..)
[    5.573948] random 0025 0000 0000 277f73c3 42024bb9: going to reseed nonblocking with 96 bits (96 of 0 requested)
[    5.573950] random 0025 0000 0000 277f73c3 42024bb9: extract_entropy(.. 12 ..)
[    5.573952] random 0025 0000 0000 277f73c3 42024bb9: trying to extract 96 bits from input
[    5.573955] random 0025 0000 0000 277f73c3 42024bb9: debiting 0 entropy credits from input
[    5.573957] random 0025 0000 0000 277f73c3 42024bb9: extract_entropy account returned: 0 
[    5.573960] random 0025 0000 0000 277f73c3 42024bb9: urand_change_num 24 xfer_secondary_pool(12): pool_sig 000007e9, data_sig 00000000, bytes_mixed 0 277f73c3 42024bb9
[    5.573963] random 0025 0000 0000 277f73c3 42024bb9: trying to extract 96 bits from nonblocking
[    5.573965] random 0025 0000 0000 277f73c3 42024bb9: debiting 96 entropy credits from nonblocking (unlimited)
[    5.573967] random 0025 0000 0000 277f73c3 42024bb9: extract_entropy account returned: 12 
[    5.573972] random 0025 0000 0000 277f73c3 42024bb9: urand_change_num 25 extract_buf: pool_sig 000007e9, data_sig 00000088, bytes_mixed 20 277f73c3 42024bb9
[    5.573977] random 0025 0000 0000 277f73c3 42024bb9: urand_change_num 26 extract_buf: pool_sig 00000498, data_sig fffffefb, bytes_mixed 20 277f73c3 42024bb9
[    5.573980] RANDOM - __seed init called.
[    5.573981] RANDOM - __seed init called.
[    5.573982] RANDOM - __seed init called.
[    5.573983] RANDOM - __random32 called. Change num 12.  Value: 87f14767	f0d7351	b1e48bd3
[    5.573985] RANDOM - random32_reseed called.  Value: 87f14767	f0d7351	b1e48bd3
[    5.573988] Pid: 1, comm: swapper Not tainted 2.6.32.57 #6
[    5.574076] Call Trace:
[    5.574168]  [<c1923ca4>] ? random32_reseed+0xa0/0xb1
[    5.574258]  [<c1923c04>] ? random32_reseed+0x0/0xb1
[    5.574346]  [<c100111e>] ? do_one_initcall+0x2e/0x180
[    5.574437]  [<c1907265>] ? kernel_init+0xad/0x103
[    5.574533]  [<c19071b8>] ? kernel_init+0x0/0x103
[    5.574624]  [<c1003787>] ? kernel_thread_helper+0x7/0x10
[    5.575146] random 0025 0000 0000 386b4e60 ee4d4880: rand_read_num 7 get_random_bytes(64): sig fffffea5 386b4e60 ee4d4880
[    5.575148] random 0025 0000 0000 386b4e60 ee4d4880: extract_entropy(.. 64 ..)
[    5.575150] random 0025 0000 0000 386b4e60 ee4d4880: going to reseed nonblocking with 512 bits (512 of 0 requested)
[    5.575153] random 0025 0000 0000 386b4e60 ee4d4880: extract_entropy(.. 64 ..)
[    5.575155] random 0025 0000 0000 386b4e60 ee4d4880: trying to extract 512 bits from input
[    5.575157] random 0025 0000 0000 386b4e60 ee4d4880: debiting 0 entropy credits from input
[    5.575159] random 0025 0000 0000 386b4e60 ee4d4880: extract_entropy account returned: 0 
[    5.575162] random 0025 0000 0000 386b4e60 ee4d4880: urand_change_num 27 xfer_secondary_pool(64): pool_sig fffffea5, data_sig 00000000, bytes_mixed 0 386b4e60 ee4d4880
[    5.575165] random 0025 0000 0000 386b4e60 ee4d4880: trying to extract 512 bits from nonblocking
[    5.575167] random 0025 0000 0000 386b4e60 ee4d4880: debiting 512 entropy credits from nonblocking (unlimited)
[    5.575170] random 0025 0000 0000 386b4e60 ee4d4880: extract_entropy account returned: 64 
[    5.575174] random 0025 0000 0000 386b4e60 ee4d4880: urand_change_num 28 extract_buf: pool_sig fffffea5, data_sig 00000173, bytes_mixed 20 386b4e60 ee4d4880
[    5.575179] random 0025 0000 0000 412698f6 0cc8689a: urand_change_num 29 extract_buf: pool_sig 00000122, data_sig ffffff63, bytes_mixed 20 412698f6 0cc8689a
[    5.575185] random 0025 0000 0000 412698f6 0cc8689a: urand_change_num 30 extract_buf: pool_sig 000001f7, data_sig 00000012, bytes_mixed 20 412698f6 0cc8689a
[    5.575190] random 0025 0000 0000 9669941e 06f768b1: urand_change_num 31 extract_buf: pool_sig fffffb5b, data_sig 0000003f, bytes_mixed 20 9669941e 06f768b1
[    5.575195] random 0025 0000 0000 98486520 995551f0: urand_change_num 32 extract_buf: pool_sig fffffb39, data_sig 0000000e, bytes_mixed 20 98486520 995551f0
[    5.575201] random 0025 0000 0000 98486520 995551f0: urand_change_num 33 extract_buf: pool_sig fffffd8d, data_sig 000001a6, bytes_mixed 20 98486520 995551f0
[    5.575206] random 0025 0000 0000 61fc8914 d5882ed2: urand_change_num 34 extract_buf: pool_sig fffffa58, data_sig 0000023e, bytes_mixed 20 61fc8914 d5882ed2
[    5.575235] random 0025 0000 0000 61fc8914 d5882ed2: rand_read_num 8 get_random_bytes(64): sig fffff9ee 61fc8914 d5882ed2
[    5.575237] random 0025 0000 0000 61fc8914 d5882ed2: extract_entropy(.. 64 ..)
[    5.575239] random 0025 0000 0000 61fc8914 d5882ed2: going to reseed nonblocking with 512 bits (512 of 0 requested)
[    5.575242] random 0025 0000 0000 61fc8914 d5882ed2: extract_entropy(.. 64 ..)
[    5.575244] random 0025 0000 0000 61fc8914 d5882ed2: trying to extract 512 bits from input
[    5.575246] random 0025 0000 0000 61fc8914 d5882ed2: debiting 0 entropy credits from input
[    5.575248] random 0025 0000 0000 61fc8914 d5882ed2: extract_entropy account returned: 0 
[    5.575251] random 0025 0000 0000 61fc8914 d5882ed2: urand_change_num 35 xfer_secondary_pool(64): pool_sig fffff9ee, data_sig 00000000, bytes_mixed 0 61fc8914 d5882ed2
[    5.575254] random 0025 0000 0000 61fc8914 d5882ed2: trying to extract 512 bits from nonblocking
[    5.575256] random 0025 0000 0000 61fc8914 d5882ed2: debiting 512 entropy credits from nonblocking (unlimited)
[    5.575259] random 0025 0000 0000 61fc8914 d5882ed2: extract_entropy account returned: 64 
[    5.575263] random 0025 0000 0000 61fc8914 d5882ed2: urand_change_num 36 extract_buf: pool_sig fffff9ee, data_sig ffffff85, bytes_mixed 20 61fc8914 d5882ed2
[    5.575268] random 0025 0000 0000 70cfd302 e5edec11: urand_change_num 37 extract_buf: pool_sig fffffdc1, data_sig ffffffde, bytes_mixed 20 70cfd302 e5edec11
[    5.575273] random 0025 0000 0000 00dab838 eafd2b30: urand_change_num 38 extract_buf: pool_sig 000003da, data_sig ffffff61, bytes_mixed 20 00dab838 eafd2b30
[    5.575278] random 0025 0000 0000 00dab838 eafd2b30: urand_change_num 39 extract_buf: pool_sig 00000314, data_sig 00000121, bytes_mixed 20 00dab838 eafd2b30
[    5.575284] random 0025 0000 0000 5fcdf66a 6442b608: urand_change_num 40 extract_buf: pool_sig 0000028b, data_sig fffffefd, bytes_mixed 20 5fcdf66a 6442b608
[    5.575289] random 0025 0000 0000 61333f6b 8fae0f9b: urand_change_num 41 extract_buf: pool_sig 000000cb, data_sig 000000b3, bytes_mixed 20 61333f6b 8fae0f9b
[    5.575294] random 0025 0000 0000 61333f6b 8fae0f9b: urand_change_num 42 extract_buf: pool_sig fffffef8, data_sig 00000051, bytes_mixed 20 61333f6b 8fae0f9b
[    5.575297] BEGIN NET_SECRET:
[    5.575298] \xffffffe0
[    5.575299] \xffffffb6
[    5.575300] \x36
[    5.575301] \xffffffb5
[    5.575301] \xffffff94
[    5.575302] \xffffffb2
[    5.575303] \xffffffa8
[    5.575304] \xffffffda
[    5.575305] \x5b
[    5.575306] \x19
[    5.575306] \x18
[    5.575307] \x5c
[    5.575308] \x2b
[    5.575309] \x1
[    5.575309] \xffffff90
[    5.575310] \x19
[    5.575311] \x3c
[    5.575312] \xfffffff2
[    5.575312] \xffffff82
[    5.575313] \x2a
[    5.575314] \xffffffb3
[    5.575315] \xffffffa2
[    5.575316] \x3f
[    5.575316] \x5
[    5.575317] \x52
[    5.575318] \x77
[    5.575319] \x57
[    5.575319] \x79
[    5.575320] \x16
[    5.575321] \x43
[    5.575321] \xffffff84
[    5.575322] \xffffffc3
[    5.575323] \xffffffe9
[    5.575324] \x79
[    5.575325] \x50
[    5.575325] \xffffff8e
[    5.575326] \x3f
[    5.575327] \xfffffff3
[    5.575328] \x19
[    5.575328] \x2a
[    5.575329] \xfffffffd
[    5.575330] \xfffffffb
[    5.575331] \x62
[    5.575332] \x3c
[    5.575332] \xffffffac
[    5.575333] \x1c
[    5.575334] \x3b
[    5.575334] \x3b
[    5.575335] \x15
[    5.575336] \x27
[    5.575337] \xffffffa8
[    5.575337] \x22
[    5.575338] \xffffffc5
[    5.575339] \xffffff9a
[    5.575340] \x5
[    5.575341] \x6c
[    5.575341] \xffffffa8
[    5.575342] \x3a
[    5.575343] \x44
[    5.575344] \xffffffaf
[    5.575344] \x13
[    5.575345] \xffffffe0
[    5.575346] \xffffff9d
[    5.575347] \x22
[    5.575348] 
[    5.575348] END NET_SECRET
[    5.575351] random 0025 0000 0000 e7f555d9 e8ce5c3c: rand_read_num 9 get_random_bytes(4): sig 0000068c e7f555d9 e8ce5c3c
[    5.575353] random 0025 0000 0000 e7f555d9 e8ce5c3c: extract_entropy(.. 4 ..)
[    5.575355] random 0025 0000 0000 e7f555d9 e8ce5c3c: going to reseed nonblocking with 64 bits (32 of 0 requested)
[    5.575358] random 0025 0000 0000 e7f555d9 e8ce5c3c: extract_entropy(.. 8 ..)
[    5.575360] random 0025 0000 0000 e7f555d9 e8ce5c3c: trying to extract 64 bits from input
[    5.575362] random 0025 0000 0000 e7f555d9 e8ce5c3c: debiting 0 entropy credits from input
[    5.575364] random 0025 0000 0000 e7f555d9 e8ce5c3c: extract_entropy account returned: 0 
[    5.575367] random 0025 0000 0000 e7f555d9 e8ce5c3c: urand_change_num 43 xfer_secondary_pool(4): pool_sig 0000068c, data_sig 00000000, bytes_mixed 0 e7f555d9 e8ce5c3c
[    5.575370] random 0025 0000 0000 e7f555d9 e8ce5c3c: trying to extract 32 bits from nonblocking
[    5.575372] random 0025 0000 0000 e7f555d9 e8ce5c3c: debiting 32 entropy credits from nonblocking (unlimited)
[    5.575374] random 0025 0000 0000 e7f555d9 e8ce5c3c: extract_entropy account returned: 4 
[    5.575379] random 0025 0000 0000 e7f555d9 e8ce5c3c: urand_change_num 44 extract_buf: pool_sig 0000068c, data_sig fffffdcb, bytes_mixed 20 e7f555d9 e8ce5c3c
[    5.575389] md: Waiting for all devices to be available before autodetect
[    5.575484] md: If you don't use raid, use raid=noautodetect
[    5.575647] md: Autodetecting RAID arrays.
[    5.575743] md: Scanned 0 and added 0 devices.
[    5.575831] md: autorun ...
[    5.575925] md: ... autorun DONE.
[    5.589326] random 0025 0000 0000 e7f555d9 e8ce5c3c: add_disk_randomness(8:0) e7f555d9 e8ce5c3c
[    5.589330] random 0025 0000 0000 e7f555d9 e8ce5c3c: add_timer_randomness(.. 8388864) with jiffies: 12850468095805587870, cycles: -5596275982198636533
[    5.589332] random 0025 0000 0000 e7f555d9 e8ce5c3c: added 3 entropy credits to input
[    5.590452] random 0028 0000 0000 e7f555d9 e8ce5c3c: add_disk_randomness(8:0) e7f555d9 e8ce5c3c
[    5.590455] random 0028 0000 0000 e7f555d9 e8ce5c3c: add_timer_randomness(.. 8388864) with jiffies: 12860595972286939551, cycles: -5586148105717284853
[    5.590572] random 0028 0000 0000 e7f555d9 e8ce5c3c: add_disk_randomness(8:0) e7f555d9 e8ce5c3c
[    5.590575] random 0028 0000 0000 e7f555d9 e8ce5c3c: add_timer_randomness(.. 8388864) with jiffies: 12861663692566790560, cycles: -5585080385437433845
[    5.590580] EXT3-fs: sda2: couldn't mount because of unsupported optional features (240).
[    5.590803] random 0028 0000 0000 e7f555d9 e8ce5c3c: add_disk_randomness(8:0) e7f555d9 e8ce5c3c
[    5.590806] random 0028 0000 0000 e7f555d9 e8ce5c3c: add_timer_randomness(.. 8388864) with jiffies: 12863744518322356640, cycles: -5582999559681867765
[    5.590810] EXT2-fs: sda2: couldn't mount because of unsupported optional features (240).
[    5.591033] random 0028 0000 0000 e7f555d9 e8ce5c3c: add_disk_randomness(8:0) e7f555d9 e8ce5c3c
[    5.591036] random 0028 0000 0000 e7f555d9 e8ce5c3c: add_timer_randomness(.. 8388864) with jiffies: 12865817003251433888, cycles: -5580927074752790517
[    5.591165] random 0028 0000 0000 e7f555d9 e8ce5c3c: add_disk_randomness(8:0) e7f555d9 e8ce5c3c
[    5.591168] random 0028 0000 0000 e7f555d9 e8ce5c3c: add_timer_randomness(.. 8388864) with jiffies: 12867006846631379360, cycles: -5579737231372845045
[    5.591324] random 0028 0000 0000 e7f555d9 e8ce5c3c: add_disk_randomness(8:0) e7f555d9 e8ce5c3c
[    5.591327] random 0028 0000 0000 e7f555d9 e8ce5c3c: add_timer_randomness(.. 8388864) with jiffies: 12868440304851321248, cycles: -5578303773152903157
[    5.591445] random 0028 0000 0000 e7f555d9 e8ce5c3c: add_disk_randomness(8:0) e7f555d9 e8ce5c3c
[    5.591448] random 0028 0000 0000 e7f555d9 e8ce5c3c: add_timer_randomness(.. 8388864) with jiffies: 12869529491377717664, cycles: -5577214586626506741
[    5.591561] random 0028 0000 0000 e7f555d9 e8ce5c3c: add_disk_randomness(8:0) e7f555d9 e8ce5c3c
[    5.591564] random 0028 0000 0000 e7f555d9 e8ce5c3c: add_timer_randomness(.. 8388864) with jiffies: 12870564561316184481, cycles: -5576179516688039925
[    5.591717] random 0028 0000 0000 e7f555d9 e8ce5c3c: add_disk_randomness(8:0) e7f555d9 e8ce5c3c
[    5.591720] random 0028 0000 0000 e7f555d9 e8ce5c3c: add_timer_randomness(.. 8388864) with jiffies: 12871970149493342625, cycles: -5574773928510881781
[    5.591841] random 0028 0000 0000 e7f555d9 e8ce5c3c: add_disk_randomness(8:0) e7f555d9 e8ce5c3c
[    5.591844] random 0028 0000 0000 e7f555d9 e8ce5c3c: add_timer_randomness(.. 8388864) with jiffies: 12873085672759198113, cycles: -5573658405245026293
[    5.591955] random 0028 0000 0000 e7f555d9 e8ce5c3c: add_disk_randomness(8:0) e7f555d9 e8ce5c3c
[    5.591958] random 0028 0000 0000 e7f555d9 e8ce5c3c: add_timer_randomness(.. 8388864) with jiffies: 12874115197894885793, cycles: -5572628880109338613
[    5.592196] random 0028 0000 0000 e7f555d9 e8ce5c3c: rand_read_num 10 get_random_bytes(4): sig ffffff72 e7f555d9 e8ce5c3c
[    5.592198] random 0028 0000 0000 e7f555d9 e8ce5c3c: extract_entropy(.. 4 ..)
[    5.592201] random 0028 0000 0000 e7f555d9 e8ce5c3c: going to reseed nonblocking with 64 bits (32 of 0 requested)
[    5.592203] random 0028 0000 0000 e7f555d9 e8ce5c3c: extract_entropy(.. 8 ..)
[    5.592205] random 0028 0000 0000 e7f555d9 e8ce5c3c: trying to extract 64 bits from input
[    5.592207] random 0028 0000 0000 e7f555d9 e8ce5c3c: debiting 0 entropy credits from input
[    5.592209] random 0028 0000 0000 e7f555d9 e8ce5c3c: extract_entropy account returned: 0 
[    5.592213] random 0028 0000 0000 e7f555d9 e8ce5c3c: urand_change_num 45 xfer_secondary_pool(4): pool_sig ffffff72, data_sig 00000000, bytes_mixed 0 e7f555d9 e8ce5c3c
[    5.592215] random 0028 0000 0000 e7f555d9 e8ce5c3c: trying to extract 32 bits from nonblocking
[    5.592218] random 0028 0000 0000 e7f555d9 e8ce5c3c: debiting 32 entropy credits from nonblocking (unlimited)
[    5.592220] random 0028 0000 0000 e7f555d9 e8ce5c3c: extract_entropy account returned: 4 
[    5.592224] random 0028 0000 0000 e7f555d9 e8ce5c3c: urand_change_num 46 extract_buf: pool_sig ffffff72, data_sig ffffff72, bytes_mixed 20 e7f555d9 e8ce5c3c
[    5.603782] random 0028 0000 0000 91716c54 eeb6a1e7: add_disk_randomness(8:0) 91716c54 eeb6a1e7
[    5.603785] random 0028 0000 0000 91716c54 eeb6a1e7: add_timer_randomness(.. 8388864) with jiffies: 12980518691916186029, cycles: -5466225386088038389
[    5.603788] random 0028 0000 0000 91716c54 eeb6a1e7: added 3 entropy credits to input
[    5.622054] random 0031 0000 0000 91716c54 eeb6a1e7: add_disk_randomness(8:0) 91716c54 eeb6a1e7
[    5.622057] random 0031 0000 0000 91716c54 eeb6a1e7: add_timer_randomness(.. 8388864) with jiffies: 13144917219529687487, cycles: -5301826858474536949
[    5.622060] random 0031 0000 0000 91716c54 eeb6a1e7: added 2 entropy credits to input
[    5.626804] EXT4-fs (sda2): mounted filesystem with ordered data mode
[    5.627016] VFS: Mounted root (ext4 filesystem) readonly on device 8:2.
[    5.627119] Freeing unused kernel memory: 448k freed
[    5.647205] random 0033 0000 0000 91716c54 eeb6a1e7: add_disk_randomness(8:0) 91716c54 eeb6a1e7
[    5.647208] random 0033 0000 0000 91716c54 eeb6a1e7: add_timer_randomness(.. 8388864) with jiffies: 13371199237966758360, cycles: -5075544840037466101
[    5.647935] random 0033 0000 0000 91716c54 eeb6a1e7: add_disk_randomness(8:0) 91716c54 eeb6a1e7
[    5.647938] random 0033 0000 0000 91716c54 eeb6a1e7: add_timer_randomness(.. 8388864) with jiffies: 13377760827008582105, cycles: -5068983250995642357
[    5.652659] random 0033 0000 0000 91716c54 eeb6a1e7: add_disk_randomness(8:0) 91716c54 eeb6a1e7
[    5.652662] random 0033 0000 0000 91716c54 eeb6a1e7: add_timer_randomness(.. 8388864) with jiffies: 13420262010893599198, cycles: -5026482067110625269
[    5.652665] random 0033 0000 0000 91716c54 eeb6a1e7: added 2 entropy credits to input
[    5.660861] random 0035 0000 0000 91716c54 eeb6a1e7: add_disk_randomness(8:0) 91716c54 eeb6a1e7
[    5.660865] random 0035 0000 0000 91716c54 eeb6a1e7: add_timer_randomness(.. 8388864) with jiffies: 13494062111818220006, cycles: -4952681966186004469
[    5.664284] random 0035 0000 0000 91716c54 eeb6a1e7: add_disk_randomness(8:0) 91716c54 eeb6a1e7
[    5.664287] random 0035 0000 0000 91716c54 eeb6a1e7: add_timer_randomness(.. 8388864) with jiffies: 13524861077484700137, cycles: -4921883000519524341
[    5.664290] random 0035 0000 0000 91716c54 eeb6a1e7: added 1 entropy credits to input
[    5.673180] random 0036 0000 0000 91716c54 eeb6a1e7: add_disk_randomness(8:0) 91716c54 eeb6a1e7
[    5.673183] random 0036 0000 0000 91716c54 eeb6a1e7: add_timer_randomness(.. 8388864) with jiffies: 13604894640539664882, cycles: -4841849437464559605
[    5.673185] random 0036 0000 0000 91716c54 eeb6a1e7: added 2 entropy credits to input
[    5.686454] random 0038 0000 0000 91716c54 eeb6a1e7: add_disk_randomness(8:0) 91716c54 eeb6a1e7
[    5.686457] random 0038 0000 0000 91716c54 eeb6a1e7: add_timer_randomness(.. 8388864) with jiffies: 13724330491266171391, cycles: -4722413586738053109
[    5.686463] random 0038 0000 0000 91716c54 eeb6a1e7: added 1 entropy credits to input
[    5.694536] random 0039 0000 0000 91716c54 eeb6a1e7: add_disk_randomness(8:0) 91716c54 eeb6a1e7
[    5.694539] random 0039 0000 0000 91716c54 eeb6a1e7: add_timer_randomness(.. 8388864) with jiffies: 13797023366801752584, cycles: -4649720711202471925
[    5.694541] random 0039 0000 0000 91716c54 eeb6a1e7: added 2 entropy credits to input
[    5.694564] RANDOM get_random_int call with cycles 50457065074, jiffies 4294672904 and pid 1
[    5.694567] RANDOM get_random_int call with cycles 50457071910, jiffies 4294672904 and pid 1
[    5.694569] ASLR stack rand value: 5373952 after shift for pid: 1
[    5.694571] RANDOM get_random_int call with cycles 50457079732, jiffies 4294672904 and pid 1
[    5.706182] random 0041 0000 0000 91716c54 eeb6a1e7: add_disk_randomness(8:0) 91716c54 eeb6a1e7
[    5.706185] random 0041 0000 0000 91716c54 eeb6a1e7: add_timer_randomness(.. 8388864) with jiffies: 13901814817862943251, cycles: -4544929260141281269
[    5.706188] random 0041 0000 0000 91716c54 eeb6a1e7: added 1 entropy credits to input
[    5.706197] RANDOM get_random_int call with cycles 50481436698, jiffies 4294672915 and pid 1
[    5.706201] random 0042 0000 0000 91716c54 eeb6a1e7: rand_read_num 11 get_random_bytes(16): sig fffffcad 91716c54 eeb6a1e7
[    5.706203] random 0042 0000 0000 91716c54 eeb6a1e7: extract_entropy(.. 16 ..)
[    5.706205] random 0042 0000 0000 91716c54 eeb6a1e7: going to reseed nonblocking with 128 bits (128 of 0 requested)
[    5.706208] random 0042 0000 0000 91716c54 eeb6a1e7: extract_entropy(.. 16 ..)
[    5.706210] random 0042 0000 0000 91716c54 eeb6a1e7: trying to extract 128 bits from input
[    5.706212] random 0042 0000 0000 91716c54 eeb6a1e7: debiting 0 entropy credits from input
[    5.706214] random 0042 0000 0000 91716c54 eeb6a1e7: extract_entropy account returned: 0 
[    5.706217] random 0042 0000 0000 91716c54 eeb6a1e7: urand_change_num 47 xfer_secondary_pool(16): pool_sig fffffcad, data_sig 00000000, bytes_mixed 0 91716c54 eeb6a1e7
[    5.706220] random 0042 0000 0000 91716c54 eeb6a1e7: trying to extract 128 bits from nonblocking
[    5.706223] random 0042 0000 0000 91716c54 eeb6a1e7: debiting 128 entropy credits from nonblocking (unlimited)
[    5.706225] random 0042 0000 0000 91716c54 eeb6a1e7: extract_entropy account returned: 16 
[    5.706229] random 0042 0000 0000 91716c54 eeb6a1e7: urand_change_num 48 extract_buf: pool_sig fffffcad, data_sig ffffff19, bytes_mixed 20 91716c54 eeb6a1e7
[    5.706234] random 0042 0000 0000 fd637b06 6cf47bc1: urand_change_num 49 extract_buf: pool_sig fffffede, data_sig ffffffc1, bytes_mixed 20 fd637b06 6cf47bc1
[    5.707194] random 0042 0000 0000 fd637b06 6cf47bc1: add_disk_randomness(8:0) fd637b06 6cf47bc1
[    5.707197] random 0042 0000 0000 fd637b06 6cf47bc1: add_timer_randomness(.. 8388864) with jiffies: 13910920835725230612, cycles: -4535823242278993909
[    5.708326] random 0042 0000 0000 fd637b06 6cf47bc1: add_disk_randomness(8:0) fd637b06 6cf47bc1
[    5.708329] random 0042 0000 0000 fd637b06 6cf47bc1: add_timer_randomness(.. 8388864) with jiffies: 13921105710717567509, cycles: -4525638367286657013
[    5.709459] random 0042 0000 0000 fd637b06 6cf47bc1: add_disk_randomness(8:0) fd637b06 6cf47bc1
[    5.709462] random 0042 0000 0000 fd637b06 6cf47bc1: add_timer_randomness(.. 8388864) with jiffies: 13931290542760231447, cycles: -4515453535243993077
[    5.710322] random 0042 0000 0000 fd637b06 6cf47bc1: add_disk_randomness(8:0) fd637b06 6cf47bc1
[    5.710325] random 0042 0000 0000 fd637b06 6cf47bc1: add_timer_randomness(.. 8388864) with jiffies: 13939067547417281047, cycles: -4507676530586943477
[    5.719176] random 0042 0000 0000 fd637b06 6cf47bc1: add_disk_randomness(8:0) fd637b06 6cf47bc1
[    5.719179] random 0042 0000 0000 fd637b06 6cf47bc1: add_timer_randomness(.. 8388864) with jiffies: 14018717831885718048, cycles: -4428026246118506485
[    5.719181] random 0042 0000 0000 fd637b06 6cf47bc1: added 3 entropy credits to input
[    5.719374] random 0045 0000 0000 fd637b06 6cf47bc1: add_disk_randomness(8:0) fd637b06 6cf47bc1
[    5.719377] random 0045 0000 0000 fd637b06 6cf47bc1: add_timer_randomness(.. 8388864) with jiffies: 14020505796706271776, cycles: -4426238281297952757
[    5.729530] random 0045 0000 0000 fd637b06 6cf47bc1: add_disk_randomness(8:0) fd637b06 6cf47bc1
[    5.729533] random 0045 0000 0000 fd637b06 6cf47bc1: add_timer_randomness(.. 8388864) with jiffies: 14111863887145697835, cycles: -4334880190858526709
[    5.729535] random 0045 0000 0000 fd637b06 6cf47bc1: added 3 entropy credits to input
[    5.730000] random 0048 0000 0000 fd637b06 6cf47bc1: add_disk_randomness(8:0) fd637b06 6cf47bc1
[    5.730004] random 0048 0000 0000 fd637b06 6cf47bc1: add_timer_randomness(.. 8388864) with jiffies: 14116107890359763499, cycles: -4330636187644461045
[    5.739746] random 0048 0000 0000 fd637b06 6cf47bc1: add_disk_randomness(8:0) fd637b06 6cf47bc1
[    5.739749] random 0048 0000 0000 fd637b06 6cf47bc1: add_timer_randomness(.. 8388864) with jiffies: 14203785649093050933, cycles: -4242958428911173621
[    5.739752] random 0048 0000 0000 fd637b06 6cf47bc1: added 3 entropy credits to input
[    5.739804] RANDOM get_random_int call with cycles 50551833811, jiffies 4294672949 and pid 1
[    5.744348] random 0051 0000 0000 fd637b06 6cf47bc1: add_disk_randomness(8:0) fd637b06 6cf47bc1
[    5.744351] random 0051 0000 0000 fd637b06 6cf47bc1: add_timer_randomness(.. 8388864) with jiffies: 14245199269949309497, cycles: -4201544808054915061
[    5.744354] random 0051 0000 0000 fd637b06 6cf47bc1: added 2 entropy credits to input
[    5.757180] random 0053 0000 0000 fd637b06 6cf47bc1: add_disk_randomness(8:0) fd637b06 6cf47bc1
[    5.757183] random 0053 0000 0000 fd637b06 6cf47bc1: add_timer_randomness(.. 8388864) with jiffies: 14360644834064826950, cycles: -4086099243939397621
[    5.757186] random 0053 0000 0000 fd637b06 6cf47bc1: added 3 entropy credits to input
[    5.757321] random 0056 0000 0000 fd637b06 6cf47bc1: add_disk_randomness(8:0) fd637b06 6cf47bc1
[    5.757324] random 0056 0000 0000 fd637b06 6cf47bc1: add_timer_randomness(.. 8388864) with jiffies: 14361911252416692806, cycles: -4084832825587531765
[    5.759482] random 0056 0000 0000 fd637b06 6cf47bc1: add_disk_randomness(8:0) fd637b06 6cf47bc1
[    5.759485] random 0056 0000 0000 fd637b06 6cf47bc1: add_timer_randomness(.. 8388864) with jiffies: 14381346456172462665, cycles: -4065397621831761909
[    5.759488] random 0056 0000 0000 fd637b06 6cf47bc1: added 1 entropy credits to input
[    5.759726] random 0057 0000 0000 fd637b06 6cf47bc1: add_disk_randomness(8:0) fd637b06 6cf47bc1
[    5.759729] random 0057 0000 0000 fd637b06 6cf47bc1: add_timer_randomness(.. 8388864) with jiffies: 14383540840863334985, cycles: -4063203237140889589
[    5.759870] random 0057 0000 0000 fd637b06 6cf47bc1: add_disk_randomness(8:0) fd637b06 6cf47bc1
[    5.759873] random 0057 0000 0000 fd637b06 6cf47bc1: add_timer_randomness(.. 8388864) with jiffies: 14384842838724280905, cycles: -4061901239279943669
[    5.763036] random 0057 0000 0000 fd637b06 6cf47bc1: add_disk_randomness(8:0) fd637b06 6cf47bc1
[    5.763039] random 0057 0000 0000 fd637b06 6cf47bc1: add_timer_randomness(.. 8388864) with jiffies: 14413325481283387980, cycles: -4033418596720836597
[    5.763042] random 0057 0000 0000 fd637b06 6cf47bc1: added 1 entropy credits to input
[    5.765048] random 0058 0000 0000 fd637b06 6cf47bc1: add_disk_randomness(8:0) fd637b06 6cf47bc1
[    5.765051] random 0058 0000 0000 fd637b06 6cf47bc1: add_timer_randomness(.. 8388864) with jiffies: 14431431856517513806, cycles: -4015312221486710773
[    5.772878] random 0058 0000 0000 fd637b06 6cf47bc1: add_disk_randomness(8:0) fd637b06 6cf47bc1
[    5.772881] random 0058 0000 0000 fd637b06 6cf47bc1: add_timer_randomness(.. 8388864) with jiffies: 14501876724695532118, cycles: -3944867353308692469
[    5.772884] random 0058 0000 0000 fd637b06 6cf47bc1: added 2 entropy credits to input
[    5.773012] random 0060 0000 0000 fd637b06 6cf47bc1: add_disk_randomness(8:0) fd637b06 6cf47bc1
[    5.773015] random 0060 0000 0000 fd637b06 6cf47bc1: add_timer_randomness(.. 8388864) with jiffies: 14503085826708832854, cycles: -3943658251295391733
[    5.776577] random 0060 0000 0000 fd637b06 6cf47bc1: add_disk_randomness(8:0) fd637b06 6cf47bc1
[    5.776580] random 0060 0000 0000 fd637b06 6cf47bc1: add_timer_randomness(.. 8388864) with jiffies: 14535147693148963418, cycles: -3911596384855261173
[    5.776582] random 0060 0000 0000 fd637b06 6cf47bc1: added 2 entropy credits to input
[    5.781070] random 0062 0000 0000 fd637b06 6cf47bc1: add_disk_randomness(8:0) fd637b06 6cf47bc1
[    5.781074] random 0062 0000 0000 fd637b06 6cf47bc1: add_timer_randomness(.. 8388864) with jiffies: 14575584870370345566, cycles: -3871159207633879029
[    5.786653] random 0062 0000 0000 fd637b06 6cf47bc1: add_disk_randomness(8:0) fd637b06 6cf47bc1
[    5.786656] random 0062 0000 0000 fd637b06 6cf47bc1: add_timer_randomness(.. 8388864) with jiffies: 14625801456196485732, cycles: -3820942621807738869
[    5.786658] random 0062 0000 0000 fd637b06 6cf47bc1: added 1 entropy credits to input
[    5.792929] random 0063 0000 0000 fd637b06 6cf47bc1: add_disk_randomness(8:0) fd637b06 6cf47bc1
[    5.792932] random 0063 0000 0000 fd637b06 6cf47bc1: add_timer_randomness(.. 8388864) with jiffies: 14682272656866902634, cycles: -3764471421137321973
[    5.792943] random 0063 0000 0000 fd637b06 6cf47bc1: rand_read_num 12 get_random_bytes(16): sig 0000033b fd637b06 6cf47bc1
[    5.792946] random 0063 0000 0000 fd637b06 6cf47bc1: extract_entropy(.. 16 ..)
[    5.792948] random 0063 0000 0000 fd637b06 6cf47bc1: going to reseed nonblocking with 128 bits (128 of 0 requested)
[    5.792950] random 0063 0000 0000 fd637b06 6cf47bc1: extract_entropy(.. 16 ..)
[    5.792952] random 0063 0000 0000 fd637b06 6cf47bc1: trying to extract 128 bits from input
[    5.792955] random 0063 0000 0000 fd637b06 6cf47bc1: debiting 0 entropy credits from input
[    5.792957] random 0063 0000 0000 fd637b06 6cf47bc1: extract_entropy account returned: 0 
[    5.792960] random 0063 0000 0000 fd637b06 6cf47bc1: urand_change_num 50 xfer_secondary_pool(16): pool_sig 0000033b, data_sig 00000000, bytes_mixed 0 fd637b06 6cf47bc1
[    5.792963] random 0063 0000 0000 fd637b06 6cf47bc1: trying to extract 128 bits from nonblocking
[    5.792965] random 0063 0000 0000 fd637b06 6cf47bc1: debiting 128 entropy credits from nonblocking (unlimited)
[    5.792967] random 0063 0000 0000 fd637b06 6cf47bc1: extract_entropy account returned: 16 
[    5.792972] random 0063 0000 0000 fd637b06 6cf47bc1: urand_change_num 51 extract_buf: pool_sig 0000033b, data_sig 000000d8, bytes_mixed 20 fd637b06 6cf47bc1
[    5.792977] random 0063 0000 0000 0ec1f012 d4727ca8: urand_change_num 52 extract_buf: pool_sig fffffcf5, data_sig 00000016, bytes_mixed 20 0ec1f012 d4727ca8
[    5.799676] random 0063 0000 0000 45b1d0b1 845a73f7: add_disk_randomness(8:0) 45b1d0b1 845a73f7
[    5.799679] random 0063 0000 0000 45b1d0b1 845a73f7: add_timer_randomness(.. 8388864) with jiffies: 14742972123991212657, cycles: -3703771954013011957
[    5.806901] random 0063 0000 0000 45b1d0b1 845a73f7: add_disk_randomness(8:0) 45b1d0b1 845a73f7
[    5.806904] random 0063 0000 0000 45b1d0b1 845a73f7: add_timer_randomness(.. 8388864) with jiffies: 14807977961549693560, cycles: -3638766116454531061
[    5.816544] random 0063 0000 0000 45b1d0b1 845a73f7: add_disk_randomness(8:0) 45b1d0b1 845a73f7
[    5.816547] random 0063 0000 0000 45b1d0b1 845a73f7: add_timer_randomness(.. 8388864) with jiffies: 14894728024526914178, cycles: -3552016053477310453
[    5.816549] random 0063 0000 0000 45b1d0b1 845a73f7: added 1 entropy credits to input
[    5.824321] random 0064 0000 0000 45b1d0b1 845a73f7: add_disk_randomness(8:0) 45b1d0b1 845a73f7
[    5.824324] random 0064 0000 0000 45b1d0b1 845a73f7: add_timer_randomness(.. 8388864) with jiffies: 14964711686231786121, cycles: -3482032391772438517
[    5.824327] random 0064 0000 0000 45b1d0b1 845a73f7: added 1 entropy credits to input
[    5.827468] random 0065 0000 0000 45b1d0b1 845a73f7: add_disk_randomness(8:0) 45b1d0b1 845a73f7
[    5.827471] random 0065 0000 0000 45b1d0b1 845a73f7: add_timer_randomness(.. 8388864) with jiffies: 14993012359616496269, cycles: -3453731718387728373
[    5.841731] random 0065 0000 0000 45b1d0b1 845a73f7: add_disk_randomness(8:0) 45b1d0b1 845a73f7
[    5.841734] random 0065 0000 0000 45b1d0b1 845a73f7: add_timer_randomness(.. 8388864) with jiffies: 15121342361763545755, cycles: -3325401716240678901
[    5.841737] random 0065 0000 0000 45b1d0b1 845a73f7: added 3 entropy credits to input
[    5.847127] random 0068 0000 0000 45b1d0b1 845a73f7: add_disk_randomness(8:0) 45b1d0b1 845a73f7
[    5.847130] random 0068 0000 0000 45b1d0b1 845a73f7: add_timer_randomness(.. 8388864) with jiffies: 15169897207562994336, cycles: -3276846870441230325
[    5.847133] random 0068 0000 0000 45b1d0b1 845a73f7: added 2 entropy credits to input
[    5.852304] random 0070 0000 0000 45b1d0b1 845a73f7: add_disk_randomness(8:0) 45b1d0b1 845a73f7
[    5.852307] random 0070 0000 0000 45b1d0b1 845a73f7: add_timer_randomness(.. 8388864) with jiffies: 15216472155043365541, cycles: -3230271922960859125
[    5.860530] random 0070 0000 0000 45b1d0b1 845a73f7: add_disk_randomness(8:0) 45b1d0b1 845a73f7
[    5.860534] random 0070 0000 0000 45b1d0b1 845a73f7: add_timer_randomness(.. 8388864) with jiffies: 15290477040008659630, cycles: -3156267037995565045
[    5.860536] random 0070 0000 0000 45b1d0b1 845a73f7: added 2 entropy credits to input
[    5.870131] random 0072 0000 0000 45b1d0b1 845a73f7: add_disk_randomness(8:0) 45b1d0b1 845a73f7
[    5.870134] random 0072 0000 0000 45b1d0b1 845a73f7: add_timer_randomness(.. 8388864) with jiffies: 15376862400132907703, cycles: -3069881677871316981
[    5.889633] random 0072 0000 0000 45b1d0b1 845a73f7: add_disk_randomness(8:0) 45b1d0b1 845a73f7
[    5.889636] random 0072 0000 0000 45b1d0b1 845a73f7: add_timer_randomness(.. 8388864) with jiffies: 15552311492051960523, cycles: -2894432585952264181
[    5.889638] random 0072 0000 0000 45b1d0b1 845a73f7: added 3 entropy credits to input
[    5.902917] random 0075 0000 0000 45b1d0b1 845a73f7: add_disk_randomness(8:0) 45b1d0b1 845a73f7
[    5.902920] random 0075 0000 0000 45b1d0b1 845a73f7: add_timer_randomness(.. 8388864) with jiffies: 15671839160589320920, cycles: -2774904917414903797
[    5.902923] random 0075 0000 0000 45b1d0b1 845a73f7: added 2 entropy credits to input
[    5.910940] random 0077 0000 0000 45b1d0b1 845a73f7: add_disk_randomness(8:0) 45b1d0b1 845a73f7
[    5.910943] random 0077 0000 0000 45b1d0b1 845a73f7: add_timer_randomness(.. 8388864) with jiffies: 15744017430323364576, cycles: -2702726647680860149
[    5.910946] random 0077 0000 0000 45b1d0b1 845a73f7: added 1 entropy credits to input
[    5.920952] random 0078 0000 0000 45b1d0b1 845a73f7: add_disk_randomness(8:0) 45b1d0b1 845a73f7
[    5.920955] random 0078 0000 0000 45b1d0b1 845a73f7: add_timer_randomness(.. 8388864) with jiffies: 15834096475207074538, cycles: -2612647602797150197
[    5.920958] random 0078 0000 0000 45b1d0b1 845a73f7: added 1 entropy credits to input
[    5.933837] random 0079 0000 0000 45b1d0b1 845a73f7: add_disk_randomness(8:0) 45b1d0b1 845a73f7
[    5.933840] random 0079 0000 0000 45b1d0b1 845a73f7: add_timer_randomness(.. 8388864) with jiffies: 15950019708405383927, cycles: -2496724369598840821
[    5.941195] random 0079 0000 0000 45b1d0b1 845a73f7: add_disk_randomness(8:0) 45b1d0b1 845a73f7
[    5.941198] random 0079 0000 0000 45b1d0b1 845a73f7: add_timer_randomness(.. 8388864) with jiffies: 16016228239885959934, cycles: -2430515838118264821
[    5.941201] random 0079 0000 0000 45b1d0b1 845a73f7: added 2 entropy credits to input
[    5.946444] random 0081 0000 0000 45b1d0b1 845a73f7: add_disk_randomness(8:0) 45b1d0b1 845a73f7
[    5.946447] random 0081 0000 0000 45b1d0b1 845a73f7: add_timer_randomness(.. 8388864) with jiffies: 16063440770966455044, cycles: -2383303307037769717
[    5.952883] random 0081 0000 0000 45b1d0b1 845a73f7: add_disk_randomness(8:0) 45b1d0b1 845a73f7
[    5.952886] random 0081 0000 0000 45b1d0b1 845a73f7: add_timer_randomness(.. 8388864) with jiffies: 16121377539032318730, cycles: -2325366538971906037
[    5.957936] random 0081 0000 0000 45b1d0b1 845a73f7: add_disk_randomness(8:0) 45b1d0b1 845a73f7
[    5.957939] random 0081 0000 0000 45b1d0b1 845a73f7: add_timer_randomness(.. 8388864) with jiffies: 16166841378473214735, cycles: -2279902699531010037
[    5.963835] random 0081 0000 0000 45b1d0b1 845a73f7: add_disk_randomness(8:0) 45b1d0b1 845a73f7
[    5.963838] random 0081 0000 0000 45b1d0b1 845a73f7: add_timer_randomness(.. 8388864) with jiffies: 16219911308642583317, cycles: -2226832769361641461
[    5.973191] random 0081 0000 0000 45b1d0b1 845a73f7: add_disk_randomness(8:0) 45b1d0b1 845a73f7
[    5.973194] random 0081 0000 0000 45b1d0b1 845a73f7: add_timer_randomness(.. 8388864) with jiffies: 16304092319751832350, cycles: -2142651758252392437
[    5.973197] random 0081 0000 0000 45b1d0b1 845a73f7: added 1 entropy credits to input
[    5.978074] random 0082 0000 0000 45b1d0b1 845a73f7: add_disk_randomness(8:0) 45b1d0b1 845a73f7
[    5.978077] random 0082 0000 0000 45b1d0b1 845a73f7: add_timer_randomness(.. 8388864) with jiffies: 16348025248164840227, cycles: -2098718829839384565
[    5.978080] random 0082 0000 0000 45b1d0b1 845a73f7: added 2 entropy credits to input
[    5.985502] random 0084 0000 0000 45b1d0b1 845a73f7: add_disk_randomness(8:0) 45b1d0b1 845a73f7
[    5.985505] random 0084 0000 0000 45b1d0b1 845a73f7: add_timer_randomness(.. 8388864) with jiffies: 16414847328608551723, cycles: -2031896749395673077
[    5.985508] random 0084 0000 0000 45b1d0b1 845a73f7: added 1 entropy credits to input
[    5.991721] random 0085 0000 0000 45b1d0b1 845a73f7: add_disk_randomness(8:0) 45b1d0b1 845a73f7
[    5.991724] random 0085 0000 0000 45b1d0b1 845a73f7: add_timer_randomness(.. 8388864) with jiffies: 16470801041554375473, cycles: -1975943036449849333
[    5.991727] random 0085 0000 0000 45b1d0b1 845a73f7: added 1 entropy credits to input
[    5.991870] random 0086 0000 0000 45b1d0b1 845a73f7: add_disk_randomness(8:0) 45b1d0b1 845a73f7
[    5.991873] random 0086 0000 0000 45b1d0b1 845a73f7: add_timer_randomness(.. 8388864) with jiffies: 16472140787882885937, cycles: -1974603290121338869
[    6.006280] random 0086 0000 0000 45b1d0b1 845a73f7: add_disk_randomness(8:0) 45b1d0b1 845a73f7
[    6.006283] random 0086 0000 0000 45b1d0b1 845a73f7: add_timer_randomness(.. 8388864) with jiffies: 16601798132492895039, cycles: -1844945945511329781
[    6.006286] random 0086 0000 0000 45b1d0b1 845a73f7: added 3 entropy credits to input
[    6.013701] random 0089 0000 0000 45b1d0b1 845a73f7: add_disk_randomness(8:0) 45b1d0b1 845a73f7
[    6.013704] random 0089 0000 0000 45b1d0b1 845a73f7: add_timer_randomness(.. 8388864) with jiffies: 16668553606583780167, cycles: -1778190471420444661
[    6.013707] random 0089 0000 0000 45b1d0b1 845a73f7: added 2 entropy credits to input
[    6.023378] random 0091 0000 0000 45b1d0b1 845a73f7: add_disk_randomness(8:0) 45b1d0b1 845a73f7
[    6.023381] random 0091 0000 0000 45b1d0b1 845a73f7: add_timer_randomness(.. 8388864) with jiffies: 16755626968929239888, cycles: -1691117109074984949
[    6.034011] random 0091 0000 0000 45b1d0b1 845a73f7: add_disk_randomness(8:0) 45b1d0b1 845a73f7
[    6.034014] random 0091 0000 0000 45b1d0b1 845a73f7: add_timer_randomness(.. 8388864) with jiffies: 16851285300884505435, cycles: -1595458777119719413
[    6.046528] random 0091 0000 0000 45b1d0b1 845a73f7: add_disk_randomness(8:0) 45b1d0b1 845a73f7
[    6.046531] random 0091 0000 0000 45b1d0b1 845a73f7: add_timer_randomness(.. 8388864) with jiffies: 16963892359768802152, cycles: -1482851718235422709
[    6.047739] random 0091 0000 0000 45b1d0b1 845a73f7: add_disk_randomness(8:0) 45b1d0b1 845a73f7
[    6.047742] random 0091 0000 0000 45b1d0b1 845a73f7: add_timer_randomness(.. 8388864) with jiffies: 16974797573791122281, cycles: -1471946504213102581
[    6.051755] random 0091 0000 0000 45b1d0b1 845a73f7: add_disk_randomness(8:0) 45b1d0b1 845a73f7
[    6.051758] random 0091 0000 0000 45b1d0b1 845a73f7: add_timer_randomness(.. 8388864) with jiffies: 17010927792167813997, cycles: -1435816285836410869
[    6.051761] random 0091 0000 0000 45b1d0b1 845a73f7: added 1 entropy credits to input
[    6.061093] random 0092 0000 0000 45b1d0b1 845a73f7: add_disk_randomness(8:0) 45b1d0b1 845a73f7
[    6.061096] random 0092 0000 0000 45b1d0b1 845a73f7: add_timer_randomness(.. 8388864) with jiffies: 17094949159342670710, cycles: -1351794918661554165
[    6.061099] random 0092 0000 0000 45b1d0b1 845a73f7: added 1 entropy credits to input
[    6.061443] random 0093 0000 0000 45b1d0b1 845a73f7: add_disk_randomness(8:0) 45b1d0b1 845a73f7
[    6.061446] random 0093 0000 0000 45b1d0b1 845a73f7: add_timer_randomness(.. 8388864) with jiffies: 17098083819748819831, cycles: -1348660258255405045
[    6.077103] random 0093 0000 0000 45b1d0b1 845a73f7: add_disk_randomness(8:0) 45b1d0b1 845a73f7
[    6.077105] random 0093 0000 0000 45b1d0b1 845a73f7: add_timer_randomness(.. 8388864) with jiffies: 17238983120997024646, cycles: -1207760957007200245
[    6.077108] random 0093 0000 0000 45b1d0b1 845a73f7: added 3 entropy credits to input
[    6.078735] random 0096 0000 0000 45b1d0b1 845a73f7: add_disk_randomness(8:0) 45b1d0b1 845a73f7
[    6.078738] random 0096 0000 0000 45b1d0b1 845a73f7: add_timer_randomness(.. 8388864) with jiffies: 17253661794501362568, cycles: -1193082283502862325
[    6.078740] random 0096 0000 0000 45b1d0b1 845a73f7: added 1 entropy credits to input
[    6.078889] random 0097 0000 0000 45b1d0b1 845a73f7: add_disk_randomness(8:0) 45b1d0b1 845a73f7
[    6.078892] random 0097 0000 0000 45b1d0b1 845a73f7: add_timer_randomness(.. 8388864) with jiffies: 17255052994538079112, cycles: -1191691083466145781
[    6.089760] random 0097 0000 0000 45b1d0b1 845a73f7: add_disk_randomness(8:0) 45b1d0b1 845a73f7
[    6.089763] random 0097 0000 0000 45b1d0b1 845a73f7: add_timer_randomness(.. 8388864) with jiffies: 17352856778621813651, cycles: -1093887299382411253
[    6.089766] random 0097 0000 0000 45b1d0b1 845a73f7: added 3 entropy credits to input
[    6.090322] random 0100 0000 0000 45b1d0b1 845a73f7: add_disk_randomness(8:0) 45b1d0b1 845a73f7
[    6.090325] random 0100 0000 0000 45b1d0b1 845a73f7: add_timer_randomness(.. 8388864) with jiffies: 17357923534361035667, cycles: -1088820543643189237
[    6.095554] random 0100 0000 0000 45b1d0b1 845a73f7: add_disk_randomness(8:0) 45b1d0b1 845a73f7
[    6.095557] random 0100 0000 0000 45b1d0b1 845a73f7: add_timer_randomness(.. 8388864) with jiffies: 17404983181785662361, cycles: -1041760896218562549
[    6.095560] random 0100 0000 0000 45b1d0b1 845a73f7: added 2 entropy credits to input
[    6.097306] random 0102 0000 0000 45b1d0b1 845a73f7: add_disk_randomness(8:0) 45b1d0b1 845a73f7
[    6.097309] random 0102 0000 0000 45b1d0b1 845a73f7: add_timer_randomness(.. 8388864) with jiffies: 17420759477132166042, cycles: -1025984600872058869
[    6.107538] random 0102 0000 0000 45b1d0b1 845a73f7: add_disk_randomness(8:0) 45b1d0b1 845a73f7
[    6.107541] random 0102 0000 0000 45b1d0b1 845a73f7: add_timer_randomness(.. 8388864) with jiffies: 17512804938432611237, cycles: -933939139571613685
