[    0.000000] random 0000 0000 0000 00000000 00000000: rand_read_num 1 get_random_bytes(8): sig 00000000 00000000 00000000
[    0.000000] random 0000 0000 0000 00000000 00000000: extract_entropy(.. 8 ..)
[    0.000000] random 0000 0000 0000 00000000 00000000: going to reseed nonblocking with 64 bits (64 of 0 requested)
[    0.000000] random 0000 0000 0000 00000000 00000000: extract_entropy(.. 8 ..)
[    0.000000] random 0000 0000 0000 00000000 00000000: trying to extract 64 bits from input
[    0.000000] random 0000 0000 0000 00000000 00000000: debiting 0 entropy credits from input
[    0.000000] random 0000 0000 0000 00000000 00000000: extract_entropy account returned: 0 
[    0.000000] random 0000 0000 0000 00000000 00000000: urand_change_num 1 xfer_secondary_pool(8): pool_sig 00000000, data_sig 00000000, bytes_mixed 0 00000000 00000000
[    0.000000] random 0000 0000 0000 00000000 00000000: trying to extract 64 bits from nonblocking
[    0.000000] random 0000 0000 0000 00000000 00000000: debiting 64 entropy credits from nonblocking (unlimited)
[    0.000000] random 0000 0000 0000 00000000 00000000: extract_entropy account returned: 8 
[    0.000000] random 0000 0000 0000 00000000 00000000: urand_change_num 2 extract_buf: pool_sig 00000000, data_sig fffffff9, bytes_mixed 20 00000000 00000000
[    0.000000] Linux version 2.6.32.57 (dcashman@dcashman-02) (gcc version 4.3.3 (GCC) ) #6 Thu May 30 09:02:12 PDT 2013
[    0.000000] KERNEL supported cpus:
[    0.000000]   Intel GenuineIntel
[    0.000000]   AMD AuthenticAMD
[    0.000000]   NSC Geode by NSC
[    0.000000]   Cyrix CyrixInstead
[    0.000000]   Centaur CentaurHauls
[    0.000000]   Transmeta GenuineTMx86
[    0.000000]   Transmeta TransmetaCPU
[    0.000000]   UMC UMC UMC UMC
[    0.000000] BIOS-provided physical RAM map:
[    0.000000]  BIOS-e820: 0000000000000000 - 000000000009d800 (usable)
[    0.000000]  BIOS-e820: 000000000009d800 - 00000000000a0000 (reserved)
[    0.000000]  BIOS-e820: 00000000000d2000 - 00000000000d4000 (reserved)
[    0.000000]  BIOS-e820: 00000000000e0000 - 0000000000100000 (reserved)
[    0.000000]  BIOS-e820: 0000000000100000 - 000000003d6b0000 (usable)
[    0.000000]  BIOS-e820: 000000003d6b0000 - 000000003d6cc000 (ACPI data)
[    0.000000]  BIOS-e820: 000000003d6cc000 - 000000003d700000 (ACPI NVS)
[    0.000000]  BIOS-e820: 000000003d700000 - 000000003e000000 (reserved)
[    0.000000]  BIOS-e820: 00000000f0000000 - 00000000f4000000 (reserved)
[    0.000000]  BIOS-e820: 00000000fec00000 - 00000000fec10000 (reserved)
[    0.000000]  BIOS-e820: 00000000fed00000 - 00000000fed00400 (reserved)
[    0.000000]  BIOS-e820: 00000000fed14000 - 00000000fed1a000 (reserved)
[    0.000000]  BIOS-e820: 00000000fed1c000 - 00000000fed90000 (reserved)
[    0.000000]  BIOS-e820: 00000000fee00000 - 00000000fee01000 (reserved)
[    0.000000]  BIOS-e820: 00000000ff000000 - 0000000100000000 (reserved)
[    0.000000] DMI present.
[    0.000000] last_pfn = 0x3d6b0 max_arch_pfn = 0x100000
[    0.000000] MTRR default type: uncachable
[    0.000000] MTRR fixed ranges enabled:
[    0.000000]   00000-9FFFF write-back
[    0.000000]   A0000-BFFFF uncachable
[    0.000000]   C0000-CFFFF write-protect
[    0.000000]   D0000-DFFFF uncachable
[    0.000000]   E0000-FFFFF write-protect
[    0.000000] MTRR variable ranges enabled:
[    0.000000]   0 base 03E000000 mask FFE000000 uncachable
[    0.000000]   1 base 000000000 mask FC0000000 write-back
[    0.000000]   2 base 03D700000 mask FFFF00000 uncachable
[    0.000000]   3 base 03D800000 mask FFF800000 uncachable
[    0.000000]   4 disabled
[    0.000000]   5 disabled
[    0.000000]   6 disabled
[    0.000000]   7 disabled
[    0.000000] initial memory mapped : 0 - 02000000
[    0.000000] init_memory_mapping: 0000000000000000-00000000377fe000
[    0.000000]  0000000000 - 0000400000 page 4k
[    0.000000]  0000400000 - 0037400000 page 2M
[    0.000000]  0037400000 - 00377fe000 page 4k
[    0.000000] kernel direct mapping tables up to 377fe000 @ 7000-c000
[    0.000000] ACPI: RSDP 000f68d0 00024 (v02 LENOVO)
[    0.000000] ACPI: XSDT 3d6bb77f 00094 (v01 LENOVO TP-7L    00002170  LTP 00000000)
[    0.000000] ACPI: FACP 3d6bb900 000F4 (v03 LENOVO TP-7L    00002170 LNVO 00000001)
[    0.000000] ACPI Warning: 32/64X length mismatch in Gpe1Block: 0/32 (20090903/tbfadt-526)
[    0.000000] ACPI Warning: Optional field Gpe1Block has zero address or length: 000000000000102C/0 (20090903/tbfadt-557)
[    0.000000] ACPI: DSDT 3d6bbd1d 0FED1 (v01 LENOVO TP-7L    00002170 MSFT 03000000)
[    0.000000] ACPI: FACS 3d6e4000 00040
[    0.000000] ACPI: SSDT 3d6bbab4 00269 (v01 LENOVO TP-7L    00002170 MSFT 03000000)
[    0.000000] ACPI: ECDT 3d6cbbee 00052 (v01 LENOVO TP-7L    00002170 LNVO 00000001)
[    0.000000] ACPI: TCPA 3d6cbc40 00032 (v02 LENOVO TP-7L    00002170 LNVO 00000001)
[    0.000000] ACPI: APIC 3d6cbc72 00068 (v01 LENOVO TP-7L    00002170 LNVO 00000001)
[    0.000000] ACPI: MCFG 3d6cbcda 0003C (v01 LENOVO TP-7L    00002170 LNVO 00000001)
[    0.000000] ACPI: HPET 3d6cbd16 00038 (v01 LENOVO TP-7L    00002170 LNVO 00000001)
[    0.000000] ACPI: SLIC 3d6cbdf0 00176 (v01 LENOVO TP-7L    00002170  LTP 00000000)
[    0.000000] ACPI: BOOT 3d6cbf66 00028 (v01 LENOVO TP-7L    00002170  LTP 00000001)
[    0.000000] ACPI: ASF! 3d6cbf8e 00072 (v16 LENOVO TP-7L    00002170 PTL  00000001)
[    0.000000] ACPI: SSDT 3d6e26d9 0025F (v01 LENOVO TP-7L    00002170 INTL 20050513)
[    0.000000] ACPI: SSDT 3d6e2938 000A6 (v01 LENOVO TP-7L    00002170 INTL 20050513)
[    0.000000] ACPI: SSDT 3d6e29de 004F7 (v01 LENOVO TP-7L    00002170 INTL 20050513)
[    0.000000] ACPI: SSDT 3d6e2ed5 001D8 (v01 LENOVO TP-7L    00002170 INTL 20050513)
[    0.000000] ACPI: DMI detected: Lenovo ThinkPad R61
[    0.000000] ACPI: Added _OSI(Linux)
[    0.000000] ACPI: Local APIC address 0xfee00000
[    0.000000] 94MB HIGHMEM available.
[    0.000000] 887MB LOWMEM available.
[    0.000000]   mapped low ram: 0 - 377fe000
[    0.000000]   low ram: 0 - 377fe000
[    0.000000]   node 0 low ram: 00000000 - 377fe000
[    0.000000]   node 0 bootmap 00008000 - 0000ef00
[    0.000000] (6 early reservations) ==> bootmem [0000000000 - 00377fe000]
[    0.000000]   #0 [0000000000 - 0000001000]   BIOS data page ==> [0000000000 - 0000001000]
[    0.000000]   #1 [0001000000 - 0001bdc180]    TEXT DATA BSS ==> [0001000000 - 0001bdc180]
[    0.000000]   #2 [000009d800 - 0000100000]    BIOS reserved ==> [000009d800 - 0000100000]
[    0.000000]   #3 [0001bdd000 - 0001be516c]              BRK ==> [0001bdd000 - 0001be516c]
[    0.000000]   #4 [0000007000 - 0000008000]          PGTABLE ==> [0000007000 - 0000008000]
[    0.000000]   #5 [0000008000 - 000000f000]          BOOTMAP ==> [0000008000 - 000000f000]
[    0.000000] found SMP MP-table at [c00f6900] f6900
[    0.000000] Zone PFN ranges:
[    0.000000]   DMA      0x00000000 -> 0x00001000
[    0.000000]   Normal   0x00001000 -> 0x000377fe
[    0.000000]   HighMem  0x000377fe -> 0x0003d6b0
[    0.000000] Movable zone start PFN for each node
[    0.000000] early_node_map[2] active PFN ranges
[    0.000000]     0: 0x00000000 -> 0x0000009d
[    0.000000]     0: 0x00000100 -> 0x0003d6b0
[    0.000000] On node 0 totalpages: 251469
[    0.000000] free_area_init_node: node 0, pgdat c1901ea0, node_mem_map c1be7000
[    0.000000]   DMA zone: 32 pages used for memmap
[    0.000000]   DMA zone: 0 pages reserved
[    0.000000]   DMA zone: 3965 pages, LIFO batch:0
[    0.000000]   Normal zone: 1744 pages used for memmap
[    0.000000]   Normal zone: 221486 pages, LIFO batch:31
[    0.000000]   HighMem zone: 190 pages used for memmap
[    0.000000]   HighMem zone: 24052 pages, LIFO batch:3
[    0.000000] Using APIC driver default
[    0.000000] ACPI: PM-Timer IO Port: 0x1008
[    0.000000] ACPI: Local APIC address 0xfee00000
[    0.000000] ACPI: LAPIC (acpi_id[0x00] lapic_id[0x00] enabled)
[    0.000000] ACPI: LAPIC (acpi_id[0x01] lapic_id[0x01] enabled)
[    0.000000] ACPI: NR_CPUS/possible_cpus limit of 1 reached.  Processor 1/0x1 ignored.
[    0.000000] ACPI: LAPIC_NMI (acpi_id[0x00] high edge lint[0x1])
[    0.000000] ACPI: LAPIC_NMI (acpi_id[0x01] high edge lint[0x1])
[    0.000000] ACPI: IOAPIC (id[0x01] address[0xfec00000] gsi_base[0])
[    0.000000] IOAPIC[0]: apic_id 1, version 32, address 0xfec00000, GSI 0-23
[    0.000000] ACPI: INT_SRC_OVR (bus 0 bus_irq 0 global_irq 2 dfl dfl)
[    0.000000] ACPI: INT_SRC_OVR (bus 0 bus_irq 9 global_irq 9 high level)
[    0.000000] ACPI: IRQ0 used by override.
[    0.000000] ACPI: IRQ2 used by override.
[    0.000000] ACPI: IRQ9 used by override.
[    0.000000] Using ACPI (MADT) for SMP configuration information
[    0.000000] ACPI: HPET id: 0x8086a201 base: 0xfed00000
[    0.000000] nr_irqs_gsi: 24
[    0.000000] PM: Registered nosave memory: 000000000009d000 - 000000000009e000
[    0.000000] PM: Registered nosave memory: 000000000009e000 - 00000000000a0000
[    0.000000] PM: Registered nosave memory: 00000000000a0000 - 00000000000d2000
[    0.000000] PM: Registered nosave memory: 00000000000d2000 - 00000000000d4000
[    0.000000] PM: Registered nosave memory: 00000000000d4000 - 00000000000e0000
[    0.000000] PM: Registered nosave memory: 00000000000e0000 - 0000000000100000
[    0.000000] Allocating PCI resources starting at 3e000000 (gap: 3e000000:b2000000)
[    0.000000] Built 1 zonelists in Zone order, mobility grouping on.  Total pages: 249503
[    0.000000] Kernel command line: auto BOOT_IMAGE=Linux ro root=802 vt.default_utf8=0 maxcpus=0
[    0.000000] PID hash table entries: 4096 (order: 2, 16384 bytes)
[    0.000000] Dentry cache hash table entries: 131072 (order: 7, 524288 bytes)
[    0.000000] Inode-cache hash table entries: 65536 (order: 6, 262144 bytes)
[    0.000000] Enabling fast FPU save and restore... done.
[    0.000000] Enabling unmasked SIMD FPU exception support... done.
[    0.000000] Initializing CPU#0
[    0.000000] Initializing HighMem for node 0 (000377fe:0003d6b0)
[    0.000000] Memory: 984800k/1006272k available (6915k kernel code, 20876k reserved, 2327k data, 448k init, 96968k highmem)
[    0.000000] virtual kernel memory layout:
[    0.000000]     fixmap  : 0xfffa3000 - 0xfffff000   ( 368 kB)
[    0.000000]     pkmap   : 0xff800000 - 0xffc00000   (4096 kB)
[    0.000000]     vmalloc : 0xf7ffe000 - 0xff7fe000   ( 120 MB)
[    0.000000]     lowmem  : 0xc0000000 - 0xf77fe000   ( 887 MB)
[    0.000000]       .init : 0xc1907000 - 0xc1977000   ( 448 kB)
[    0.000000]       .data : 0xc16c0d3f - 0xc1906c64   (2327 kB)
[    0.000000]       .text : 0xc1000000 - 0xc16c0d3f   (6915 kB)
[    0.000000] Checking if this processor honours the WP bit even in supervisor mode...Ok.
[    0.000000] SLUB: Genslabs=13, HWalign=64, Order=0-3, MinObjects=0, CPUs=1, Nodes=1
[    0.000000] Hierarchical RCU implementation.
[    0.000000] NR_IRQS:288
[    0.000000] Extended CMOS year: 2000
[    0.000000] Console: colour VGA+ 80x25
[    0.000000] console [tty0] enabled
[    0.000000] hpet clockevent registered
[    0.000000] Fast TSC calibration using PIT
[    0.000000] Detected 2094.960 MHz processor.
[    0.002001] Calibrating delay loop (skipped), value calculated using timer frequency.. 4189.92 BogoMIPS (lpj=2094960)
[    0.002174] Security Framework initialized
[    0.002257] Mount-cache hash table entries: 512
[    0.002403] CPU: L1 I cache: 32K, L1 D cache: 32K
[    0.002534] CPU: L2 cache: 3072K
[    0.002619] mce: CPU supports 6 MCE banks
[    0.002704] CPU0: Thermal monitoring enabled (TM2)
[    0.002785] using mwait in idle threads.
[    0.002872] CPU: Intel(R) Core(TM)2 Duo CPU     T8100  @ 2.10GHz stepping 06
[    0.003139] Checking 'hlt' instruction... OK.
[    0.007938] ACPI: Core revision 20090903
[    0.027009] RANDOM get_random_int first call with cycles 38476682874, jiffies 4294667323 and pid 0
[    0.027017] CANARY value: 755a283b for PID: 1
[    0.027024] CANARY value: 9702b6f2 for PID: 2
[    0.027048] Enabling APIC mode:  Flat.  Using 1 I/O APICs
[    0.028231] ..TIMER: vector=0x30 apic1=0 pin1=2 apic2=-1 pin2=-1
[    0.038997] xor: automatically using best checksumming function: pIII_sse
[    0.042998]    pIII_sse  :  8568.000 MB/sec
[    0.043086] xor: using function: pIII_sse (8568.000 MB/sec)
[    0.043177] RANDOM - __seed init called.
[    0.043178] RANDOM - __seed init called.
[    0.043179] RANDOM - __seed init called.
[    0.043181] RANDOM - __random32 called. Change num 1.  Value: 870e7b8	f6ea009	16c0ad5a
[    0.043183] RANDOM - __random32 called. Change num 2.  Value: e7b8290	f6ea0099	5ab418b8
[    0.043185] RANDOM - __random32 called. Change num 3.  Value: b8290fc5	6ea00996	3171e29b
[    0.043187] RANDOM - __random32 called. Change num 4.  Value: 90fc533a	ea00996a	c5375fde
[    0.043188] RANDOM - __random32 called. Change num 5.  Value: c533a353	a00996a1	bfbd91b4
[    0.043190] RANDOM - __random32 called. Change num 6.  Value: 3a35362b	996a10	23684a23
[    0.043192] RANDOM - random32 init called.  Value: 3a35362b	996a10	23684a23
[    0.043209] NET: Registered protocol family 16
[    0.043472] ACPI FADT declares the system doesn't support PCIe ASPM, so disable it
[    0.043595] ACPI: bus type pci registered
[    0.043773] PCI: MCFG configuration 0: base f0000000 segment 0 buses 0 - 63
[    0.043863] PCI: MCFG area at f0000000 reserved in E820
[    0.043954] PCI: Using MMCONFIG for extended config space
[    0.044002] PCI: Using configuration type 1 for base access
[    0.047148] bio: create slab <bio-0> at 0
[    0.047965] ACPI: EC: EC description table is found, configuring boot EC
[    0.053151] ACPI: BIOS _OSI(Linux) query honored via DMI
[    0.053870] random 0000 0000 0000 00000000 00000000: rand_read_num 2 get_random_bytes(8): sig fffffe1a 00000000 00000000
[    0.053873] random 0000 0000 0000 00000000 00000000: extract_entropy(.. 8 ..)
[    0.053876] random 0000 0000 0000 00000000 00000000: going to reseed nonblocking with 64 bits (64 of 0 requested)
[    0.053878] random 0000 0000 0000 00000000 00000000: extract_entropy(.. 8 ..)
[    0.053880] random 0000 0000 0000 00000000 00000000: trying to extract 64 bits from input
[    0.053882] random 0000 0000 0000 00000000 00000000: debiting 0 entropy credits from input
[    0.053884] random 0000 0000 0000 00000000 00000000: extract_entropy account returned: 0 
[    0.053887] random 0000 0000 0000 00000000 00000000: urand_change_num 3 xfer_secondary_pool(8): pool_sig fffffe1a, data_sig 00000000, bytes_mixed 0 00000000 00000000
[    0.053917] random 0000 0000 0000 00000000 00000000: trying to extract 64 bits from nonblocking
[    0.053919] random 0000 0000 0000 00000000 00000000: debiting 64 entropy credits from nonblocking (unlimited)
[    0.053921] random 0000 0000 0000 00000000 00000000: extract_entropy account returned: 8 
[    0.053925] random 0000 0000 0000 00000000 00000000: urand_change_num 4 extract_buf: pool_sig fffffe1a, data_sig fffffed7, bytes_mixed 20 00000000 00000000
[    0.058539] ACPI: Interpreter enabled
[    0.058627] ACPI: (supports S0 S3 S4 S5)
[    0.058942] ACPI: Using IOAPIC for interrupt routing
[    0.068736] ACPI: EC: GPE = 0x12, I/O: command/status = 0x66, data = 0x62
[    0.069026] ACPI: Power Resource [PUBS] (on)
[    0.071102] ACPI: ACPI Dock Station Driver: 3 docks/bays found
[    0.071509] ACPI: PCI Root Bridge [PCI0] (0000:00)
[    0.071689] pci 0000:00:02.0: reg 10 64bit mmio: [0xf8100000-0xf81fffff]
[    0.071695] pci 0000:00:02.0: reg 18 64bit mmio pref: [0xe0000000-0xefffffff]
[    0.071699] pci 0000:00:02.0: reg 20 io port: [0x1800-0x1807]
[    0.071734] pci 0000:00:02.1: reg 10 64bit mmio: [0xf8200000-0xf82fffff]
[    0.071834] pci 0000:00:19.0: reg 10 32bit mmio: [0xfe000000-0xfe01ffff]
[    0.071844] pci 0000:00:19.0: reg 14 32bit mmio: [0xfe025000-0xfe025fff]
[    0.071851] pci 0000:00:19.0: reg 18 io port: [0x1840-0x185f]
[    0.071917] pci 0000:00:19.0: PME# supported from D0 D3hot D3cold
[    0.072001] pci 0000:00:19.0: PME# disabled
[    0.072152] pci 0000:00:1a.0: reg 20 io port: [0x1860-0x187f]
[    0.072234] pci 0000:00:1a.1: reg 20 io port: [0x1880-0x189f]
[    0.072322] pci 0000:00:1a.7: reg 10 32bit mmio: [0xfe226c00-0xfe226fff]
[    0.072404] pci 0000:00:1a.7: PME# supported from D0 D3hot D3cold
[    0.072499] pci 0000:00:1a.7: PME# disabled
[    0.072648] pci 0000:00:1b.0: reg 10 64bit mmio: [0xfe020000-0xfe023fff]
[    0.072727] pci 0000:00:1b.0: PME# supported from D0 D3hot D3cold
[    0.072821] pci 0000:00:1b.0: PME# disabled
[    0.073043] pci 0000:00:1c.0: PME# supported from D0 D3hot D3cold
[    0.073136] pci 0000:00:1c.0: PME# disabled
[    0.073341] pci 0000:00:1c.1: PME# supported from D0 D3hot D3cold
[    0.073442] pci 0000:00:1c.1: PME# disabled
[    0.073644] pci 0000:00:1c.2: PME# supported from D0 D3hot D3cold
[    0.073742] pci 0000:00:1c.2: PME# disabled
[    0.073935] pci 0000:00:1c.3: PME# supported from D0 D3hot D3cold
[    0.073999] pci 0000:00:1c.3: PME# disabled
[    0.074861] pci 0000:00:1c.4: PME# supported from D0 D3hot D3cold
[    0.074994] pci 0000:00:1c.4: PME# disabled
[    0.075140] pci 0000:00:1d.0: reg 20 io port: [0x18a0-0x18bf]
[    0.075218] pci 0000:00:1d.1: reg 20 io port: [0x18c0-0x18df]
[    0.075296] pci 0000:00:1d.2: reg 20 io port: [0x18e0-0x18ff]
[    0.075393] pci 0000:00:1d.7: reg 10 32bit mmio: [0xfe227000-0xfe2273ff]
[    0.075490] pci 0000:00:1d.7: PME# supported from D0 D3hot D3cold
[    0.075591] pci 0000:00:1d.7: PME# disabled
[    0.075883] pci 0000:00:1f.0: quirk: region 1000-107f claimed by ICH6 ACPI/GPIO/TCO
[    0.076000] pci 0000:00:1f.0: quirk: region 1180-11bf claimed by ICH6 GPIO
[    0.076110] pci 0000:00:1f.0: ICH7 LPC Generic IO decode 1 PIO at 1600 (mask 007f)
[    0.076232] pci 0000:00:1f.0: ICH7 LPC Generic IO decode 2 PIO at 15e0 (mask 000f)
[    0.076368] pci 0000:00:1f.0: ICH7 LPC Generic IO decode 3 PIO at 1680 (mask 001f)
[    0.076579] pci 0000:00:1f.1: reg 10 io port: [0x00-0x07]
[    0.076589] pci 0000:00:1f.1: reg 14 io port: [0x00-0x03]
[    0.076599] pci 0000:00:1f.1: reg 18 io port: [0x00-0x07]
[    0.076608] pci 0000:00:1f.1: reg 1c io port: [0x00-0x03]
[    0.076618] pci 0000:00:1f.1: reg 20 io port: [0x1c00-0x1c0f]
[    0.076698] pci 0000:00:1f.2: reg 10 io port: [0x1c50-0x1c57]
[    0.076707] pci 0000:00:1f.2: reg 14 io port: [0x1c44-0x1c47]
[    0.076715] pci 0000:00:1f.2: reg 18 io port: [0x1c48-0x1c4f]
[    0.076724] pci 0000:00:1f.2: reg 1c io port: [0x1c40-0x1c43]
[    0.076733] pci 0000:00:1f.2: reg 20 io port: [0x1c20-0x1c3f]
[    0.076740] pci 0000:00:1f.2: reg 24 32bit mmio: [0xfe226000-0xfe2267ff]
[    0.076805] pci 0000:00:1f.2: PME# supported from D3hot
[    0.076899] pci 0000:00:1f.2: PME# disabled
[    0.077026] pci 0000:00:1f.3: reg 10 32bit mmio: [0xfe227400-0xfe2274ff]
[    0.077051] pci 0000:00:1f.3: reg 20 io port: [0x1c60-0x1c7f]
[    0.077144] pci 0000:00:1c.0: bridge io port: [0x2000-0x2fff]
[    0.077150] pci 0000:00:1c.0: bridge 32bit mmio: [0xfc000000-0xfdffffff]
[    0.077159] pci 0000:00:1c.0: bridge 64bit mmio pref: [0xf8000000-0xf80fffff]
[    0.077230] pci 0000:03:00.0: reg 10 64bit mmio: [0xdf3f0000-0xdf3fffff]
[    0.077424] pci 0000:00:1c.1: bridge io port: [0x3000-0x3fff]
[    0.077431] pci 0000:00:1c.1: bridge 32bit mmio: [0xdc000000-0xdf3fffff]
[    0.077438] pci 0000:00:1c.1: bridge 64bit mmio pref: [0xdfe00000-0xdfefffff]
[    0.077494] pci 0000:00:1c.2: bridge io port: [0x4000-0x4fff]
[    0.077499] pci 0000:00:1c.2: bridge 32bit mmio: [0xd8000000-0xd9ffffff]
[    0.077506] pci 0000:00:1c.2: bridge 64bit mmio pref: [0xdfb00000-0xdfbfffff]
[    0.077568] pci 0000:00:1c.3: bridge io port: [0x5000-0x5fff]
[    0.077574] pci 0000:00:1c.3: bridge 32bit mmio: [0xd4000000-0xd5ffffff]
[    0.077582] pci 0000:00:1c.3: bridge 64bit mmio pref: [0xdf800000-0xdf8fffff]
[    0.077639] pci 0000:00:1c.4: bridge io port: [0x6000-0x6fff]
[    0.077645] pci 0000:00:1c.4: bridge 32bit mmio: [0xd0000000-0xd1ffffff]
[    0.077654] pci 0000:00:1c.4: bridge 64bit mmio pref: [0xdf500000-0xdf5fffff]
[    0.077718] pci 0000:15:00.0: reg 10 32bit mmio: [0xf8300000-0xf8300fff]
[    0.077773] pci 0000:15:00.0: supports D1 D2
[    0.077774] pci 0000:15:00.0: PME# supported from D0 D1 D2 D3hot D3cold
[    0.077868] pci 0000:15:00.0: PME# disabled
[    0.078025] pci 0000:15:00.1: reg 10 32bit mmio: [0xf8301000-0xf83017ff]
[    0.078131] pci 0000:15:00.1: supports D1 D2
[    0.078132] pci 0000:15:00.1: PME# supported from D0 D1 D2 D3hot D3cold
[    0.078229] pci 0000:15:00.1: PME# disabled
[    0.078408] pci 0000:00:1e.0: transparent bridge
[    0.078502] pci 0000:00:1e.0: bridge io port: [0x7000-0xafff]
[    0.078508] pci 0000:00:1e.0: bridge 32bit mmio: [0xf8300000-0xfbffffff]
[    0.078517] pci 0000:00:1e.0: bridge 64bit mmio pref: [0xf4000000-0xf7ffffff]
[    0.078586] pci_bus 0000:00: on NUMA node 0
[    0.078590] ACPI: PCI Interrupt Routing Table [\_SB_.PCI0._PRT]
[    0.078724] ACPI: PCI Interrupt Routing Table [\_SB_.PCI0.EXP0._PRT]
[    0.078783] ACPI: PCI Interrupt Routing Table [\_SB_.PCI0.EXP1._PRT]
[    0.078841] ACPI: PCI Interrupt Routing Table [\_SB_.PCI0.EXP2._PRT]
[    0.078899] ACPI: PCI Interrupt Routing Table [\_SB_.PCI0.EXP3._PRT]
[    0.078961] ACPI: PCI Interrupt Routing Table [\_SB_.PCI0.EXP4._PRT]
[    0.079030] ACPI: PCI Interrupt Routing Table [\_SB_.PCI0.PCI1._PRT]
[    0.084485] ACPI: PCI Interrupt Link [LNKA] (IRQs 3 4 5 6 7 9 *10 11)
[    0.085255] ACPI: PCI Interrupt Link [LNKB] (IRQs 3 4 5 6 7 9 10 *11)
[    0.086096] ACPI: PCI Interrupt Link [LNKC] (IRQs 3 4 5 6 7 9 10 *11)
[    0.086904] ACPI: PCI Interrupt Link [LNKD] (IRQs 3 4 5 6 7 9 10 *11)
[    0.087665] ACPI: PCI Interrupt Link [LNKE] (IRQs 3 4 5 6 7 9 10 *11)
[    0.088469] ACPI: PCI Interrupt Link [LNKF] (IRQs 3 4 5 6 7 9 10 *11)
[    0.089291] ACPI: PCI Interrupt Link [LNKG] (IRQs 3 4 5 6 7 9 10 *11)
[    0.090163] ACPI: PCI Interrupt Link [LNKH] (IRQs 3 4 5 6 7 9 10 *11)
[    0.090942] vgaarb: device added: PCI:0000:00:02.0,decodes=io+mem,owns=io+mem,locks=none
[    0.091001] vgaarb: loaded
[    0.091181] SCSI subsystem initialized
[    0.091281] libata version 3.00 loaded.
[    0.091328] usbcore: registered new interface driver usbfs
[    0.091451] usbcore: registered new interface driver hub
[    0.091564] usbcore: registered new device driver usb
[    0.108038] raid6: int32x1    941 MB/s
[    0.124992] raid6: int32x2    886 MB/s
[    0.142065] raid6: int32x4    750 MB/s
[    0.159077] raid6: int32x8    660 MB/s
[    0.175990] raid6: mmxx1     2878 MB/s
[    0.192985] raid6: mmxx2     3253 MB/s
[    0.209989] raid6: sse1x1    1937 MB/s
[    0.226979] raid6: sse1x2    2531 MB/s
[    0.243981] raid6: sse2x1    3507 MB/s
[    0.260985] raid6: sse2x2    3832 MB/s
[    0.261071] raid6: using algorithm sse2x2 (3832 MB/s)
[    0.261166] PCI: Using ACPI for IRQ routing
[    0.261471] HPET: 3 timers in total, 0 timers will be used for per-cpu timer
[    0.261990] Switching to clocksource tsc
[    0.262091] pnp: PnP ACPI init
[    0.262188] ACPI: bus type pnp registered
[    0.265837] pnp: PnP ACPI: found 11 devices
[    0.265940] ACPI: ACPI bus type pnp unregistered
[    0.266043] system 00:00: iomem range 0x0-0x9ffff could not be reserved
[    0.266135] system 00:00: iomem range 0xc0000-0xc3fff could not be reserved
[    0.266224] system 00:00: iomem range 0xc4000-0xc7fff could not be reserved
[    0.266316] system 00:00: iomem range 0xc8000-0xcbfff has been reserved
[    0.266408] system 00:00: iomem range 0xcc000-0xcffff has been reserved
[    0.266501] system 00:00: iomem range 0xd0000-0xd3fff could not be reserved
[    0.266591] system 00:00: iomem range 0xe0000-0xe3fff could not be reserved
[    0.266683] system 00:00: iomem range 0xe4000-0xe7fff could not be reserved
[    0.266773] system 00:00: iomem range 0xe8000-0xebfff could not be reserved
[    0.266867] system 00:00: iomem range 0xec000-0xeffff could not be reserved
[    0.266959] system 00:00: iomem range 0xf0000-0xfffff could not be reserved
[    0.267059] system 00:00: iomem range 0x100000-0x3dffffff could not be reserved
[    0.267179] system 00:00: iomem range 0xfec00000-0xfed3ffff could not be reserved
[    0.267304] system 00:00: iomem range 0xfed4c000-0xffffffff could not be reserved
[    0.267439] system 00:02: ioport range 0x164e-0x164f has been reserved
[    0.267530] system 00:02: ioport range 0x1000-0x107f has been reserved
[    0.267622] system 00:02: ioport range 0x1180-0x11bf has been reserved
[    0.267718] system 00:02: ioport range 0x800-0x80f has been reserved
[    0.267816] system 00:02: ioport range 0x15e0-0x15ef has been reserved
[    0.267908] system 00:02: ioport range 0x1600-0x165f could not be reserved
[    0.268008] system 00:02: iomem range 0xf0000000-0xf3ffffff has been reserved
[    0.268098] system 00:02: iomem range 0xfed1c000-0xfed1ffff has been reserved
[    0.268188] system 00:02: iomem range 0xfed14000-0xfed17fff has been reserved
[    0.268282] system 00:02: iomem range 0xfed18000-0xfed18fff has been reserved
[    0.268375] system 00:02: iomem range 0xfed19000-0xfed19fff has been reserved
[    0.268472] system 00:02: iomem range 0xfed45000-0xfed4bfff has been reserved
[    0.303508] pci 0000:00:1c.0: PCI bridge, secondary bus 0000:02
[    0.303605] pci 0000:00:1c.0:   IO window: 0x2000-0x2fff
[    0.303698] pci 0000:00:1c.0:   MEM window: 0xfc000000-0xfdffffff
[    0.303795] pci 0000:00:1c.0:   PREFETCH window: 0x000000f8000000-0x000000f80fffff
[    0.303924] pci 0000:00:1c.1: PCI bridge, secondary bus 0000:03
[    0.304017] pci 0000:00:1c.1:   IO window: 0x3000-0x3fff
[    0.304112] pci 0000:00:1c.1:   MEM window: 0xdc000000-0xdf3fffff
[    0.304207] pci 0000:00:1c.1:   PREFETCH window: 0x000000dfe00000-0x000000dfefffff
[    0.304336] pci 0000:00:1c.2: PCI bridge, secondary bus 0000:04
[    0.304429] pci 0000:00:1c.2:   IO window: 0x4000-0x4fff
[    0.304522] pci 0000:00:1c.2:   MEM window: 0xd8000000-0xd9ffffff
[    0.304616] pci 0000:00:1c.2:   PREFETCH window: 0x000000dfb00000-0x000000dfbfffff
[    0.304750] pci 0000:00:1c.3: PCI bridge, secondary bus 0000:05
[    0.304846] pci 0000:00:1c.3:   IO window: 0x5000-0x5fff
[    0.304947] pci 0000:00:1c.3:   MEM window: 0xd4000000-0xd5ffffff
[    0.305040] pci 0000:00:1c.3:   PREFETCH window: 0x000000df800000-0x000000df8fffff
[    0.305168] pci 0000:00:1c.4: PCI bridge, secondary bus 0000:0d
[    0.305264] pci 0000:00:1c.4:   IO window: 0x6000-0x6fff
[    0.305363] pci 0000:00:1c.4:   MEM window: 0xd0000000-0xd1ffffff
[    0.305461] pci 0000:00:1c.4:   PREFETCH window: 0x000000df500000-0x000000df5fffff
[    0.305595] pci 0000:15:00.0: CardBus bridge, secondary bus 0000:16
[    0.305688] pci 0000:15:00.0:   IO window: 0x007000-0x0070ff
[    0.305782] pci 0000:15:00.0:   IO window: 0x007400-0x0074ff
[    0.305879] pci 0000:15:00.0:   PREFETCH window: 0xf4000000-0xf7ffffff
[    0.305977] pci 0000:15:00.0:   MEM window: 0x40000000-0x43ffffff
[    0.306075] pci 0000:00:1e.0: PCI bridge, secondary bus 0000:15
[    0.306166] pci 0000:00:1e.0:   IO window: 0x7000-0xafff
[    0.306262] pci 0000:00:1e.0:   MEM window: 0xf8300000-0xfbffffff
[    0.306361] pci 0000:00:1e.0:   PREFETCH window: 0x000000f4000000-0x000000f7ffffff
[    0.306497] pci 0000:00:1c.0: PCI INT A -> GSI 20 (level, low) -> IRQ 20
[    0.306593] pci 0000:00:1c.0: setting latency timer to 64
[    0.306606] pci 0000:00:1c.1: PCI INT B -> GSI 21 (level, low) -> IRQ 21
[    0.306699] pci 0000:00:1c.1: setting latency timer to 64
[    0.306713] pci 0000:00:1c.2: PCI INT C -> GSI 22 (level, low) -> IRQ 22
[    0.306815] pci 0000:00:1c.2: setting latency timer to 64
[    0.306826] pci 0000:00:1c.3: PCI INT D -> GSI 23 (level, low) -> IRQ 23
[    0.306924] pci 0000:00:1c.3: setting latency timer to 64
[    0.306937] pci 0000:00:1c.4: PCI INT A -> GSI 20 (level, low) -> IRQ 20
[    0.307029] pci 0000:00:1c.4: setting latency timer to 64
[    0.307039] pci 0000:00:1e.0: enabling device (0005 -> 0007)
[    0.307130] pci 0000:00:1e.0: setting latency timer to 64
[    0.307147] pci 0000:15:00.0: PCI INT A -> GSI 16 (level, low) -> IRQ 16
[    0.307243] pci 0000:15:00.0: setting latency timer to 64
[    0.307249] pci_bus 0000:00: resource 0 io:  [0x00-0xffff]
[    0.307251] pci_bus 0000:00: resource 1 mem: [0x000000-0xffffffff]
[    0.307253] pci_bus 0000:02: resource 0 io:  [0x2000-0x2fff]
[    0.307255] pci_bus 0000:02: resource 1 mem: [0xfc000000-0xfdffffff]
[    0.307257] pci_bus 0000:02: resource 2 pref mem [0xf8000000-0xf80fffff]
[    0.307259] pci_bus 0000:03: resource 0 io:  [0x3000-0x3fff]
[    0.307261] pci_bus 0000:03: resource 1 mem: [0xdc000000-0xdf3fffff]
[    0.307263] pci_bus 0000:03: resource 2 pref mem [0xdfe00000-0xdfefffff]
[    0.307264] pci_bus 0000:04: resource 0 io:  [0x4000-0x4fff]
[    0.307266] pci_bus 0000:04: resource 1 mem: [0xd8000000-0xd9ffffff]
[    0.307268] pci_bus 0000:04: resource 2 pref mem [0xdfb00000-0xdfbfffff]
[    0.307270] pci_bus 0000:05: resource 0 io:  [0x5000-0x5fff]
[    0.307271] pci_bus 0000:05: resource 1 mem: [0xd4000000-0xd5ffffff]
[    0.307273] pci_bus 0000:05: resource 2 pref mem [0xdf800000-0xdf8fffff]
[    0.307275] pci_bus 0000:0d: resource 0 io:  [0x6000-0x6fff]
[    0.307277] pci_bus 0000:0d: resource 1 mem: [0xd0000000-0xd1ffffff]
[    0.307279] pci_bus 0000:0d: resource 2 pref mem [0xdf500000-0xdf5fffff]
[    0.307281] pci_bus 0000:15: resource 0 io:  [0x7000-0xafff]
[    0.307282] pci_bus 0000:15: resource 1 mem: [0xf8300000-0xfbffffff]
[    0.307284] pci_bus 0000:15: resource 2 pref mem [0xf4000000-0xf7ffffff]
[    0.307286] pci_bus 0000:15: resource 3 io:  [0x00-0xffff]
[    0.307288] pci_bus 0000:15: resource 4 mem: [0x000000-0xffffffff]
[    0.307289] pci_bus 0000:16: resource 0 io:  [0x7000-0x70ff]
[    0.307291] pci_bus 0000:16: resource 1 io:  [0x7400-0x74ff]
[    0.307293] pci_bus 0000:16: resource 2 pref mem [0xf4000000-0xf7ffffff]
[    0.307295] pci_bus 0000:16: resource 3 mem: [0x40000000-0x43ffffff]
[    0.307302] NET: Registered protocol family 2
[    0.307392] RANDOM - __random32 called. Change num 7.  Value: 5362b39e	996a101	94470543
[    0.307393] RANDOM - random32 called.  Value: 5362b39e	996a101	94470543
[    0.307398] random 0000 0000 0000 5f8db4e5 4cfdf2a8: rand_read_num 3 get_random_bytes(4): sig fffffb64 5f8db4e5 4cfdf2a8
[    0.307400] random 0000 0000 0000 5f8db4e5 4cfdf2a8: extract_entropy(.. 4 ..)
[    0.307402] random 0000 0000 0000 5f8db4e5 4cfdf2a8: going to reseed nonblocking with 64 bits (32 of 0 requested)
[    0.307405] random 0000 0000 0000 5f8db4e5 4cfdf2a8: extract_entropy(.. 8 ..)
[    0.307407] random 0000 0000 0000 5f8db4e5 4cfdf2a8: trying to extract 64 bits from input
[    0.307409] random 0000 0000 0000 5f8db4e5 4cfdf2a8: debiting 0 entropy credits from input
[    0.307411] random 0000 0000 0000 5f8db4e5 4cfdf2a8: extract_entropy account returned: 0 
[    0.307414] random 0000 0000 0000 5f8db4e5 4cfdf2a8: urand_change_num 5 xfer_secondary_pool(4): pool_sig fffffb64, data_sig 00000000, bytes_mixed 0 5f8db4e5 4cfdf2a8
[    0.307417] random 0000 0000 0000 5f8db4e5 4cfdf2a8: trying to extract 32 bits from nonblocking
[    0.307419] random 0000 0000 0000 5f8db4e5 4cfdf2a8: debiting 32 entropy credits from nonblocking (unlimited)
[    0.307421] random 0000 0000 0000 5f8db4e5 4cfdf2a8: extract_entropy account returned: 4 
[    0.307426] random 0000 0000 0000 5f8db4e5 4cfdf2a8: urand_change_num 6 extract_buf: pool_sig fffffb64, data_sig 00000241, bytes_mixed 20 5f8db4e5 4cfdf2a8
[    0.307435] IP route cache hash table entries: 32768 (order: 5, 131072 bytes)
[    0.307564] RANDOM - __random32 called. Change num 8.  Value: 2b39e0a2	996a1017	a86cfe5
[    0.307566] RANDOM - random32 called.  Value: 2b39e0a2	996a1017	a86cfe5
[    0.307576] RANDOM - __random32 called. Change num 9.  Value: 9e0a22e5	96a1017e	9fcbd616
[    0.307577] RANDOM - random32 called.  Value: 9e0a22e5	96a1017e	9fcbd616
[    0.307579] RANDOM - __random32 called. Change num 10.  Value: a22e5b4a	6a1017e6	ac2c32ac
[    0.307581] RANDOM - random32 called.  Value: a22e5b4a	6a1017e6	ac2c32ac
[    0.307591] RANDOM - __random32 called. Change num 11.  Value: e5b4ad28	a1017e61	6559a9b4
[    0.307593] RANDOM - random32 called.  Value: e5b4ad28	a1017e61	6559a9b4
[    0.307602] TCP established hash table entries: 131072 (order: 8, 1048576 bytes)
[    0.308101] TCP bind hash table entries: 65536 (order: 6, 262144 bytes)
[    0.308285] TCP: Hash tables configured (established 131072 bind 65536)
[    0.308375] TCP reno registered
[    0.308480] NET: Registered protocol family 1
[    0.308597] RPC: Registered udp transport module.
[    0.308689] RPC: Registered tcp transport module.
[    0.308778] RPC: Registered tcp NFSv4.1 backchannel transport module.
[    0.308883] pci 0000:00:02.0: Boot video device
[    0.309096] Simple Boot Flag at 0x35 set to 0x1
[    0.309621] highmem bounce pool size: 64 pages
[    0.311204] VFS: Disk quotas dquot_6.5.2
[    0.311331] Dquot-cache hash table entries: 1024 (order 0, 4096 bytes)
[    0.312012] NTFS driver 2.1.29 [Flags: R/W].
[    0.312172] ROMFS MTD (C) 2007 Red Hat, Inc.
[    0.312387] JFS: nTxBlock = 7695, nTxLock = 61562
[    0.314833] SGI XFS with ACLs, security attributes, large block/inode numbers, no debug enabled
[    0.315340] SGI XFS Quota Management subsystem
[    0.315627] Slow work thread pool: Starting up
[    0.315737] Slow work thread pool: Ready
[    0.315832] GFS2 (built May 24 2013 02:47:17) installed
[    0.315935] msgmni has been set to 1734
[    0.316109] alg: No test for cipher_null (cipher_null-generic)
[    0.316208] alg: No test for ecb(cipher_null) (ecb-cipher_null)
[    0.316306] alg: No test for digest_null (digest_null-generic)
[    0.316408] alg: No test for compress_null (compress_null-generic)
[    0.316970] alg: No test for fcrypt (fcrypt-generic)
[    0.318383] alg: No test for stdrng (krng)
[    0.318474] async_tx: api initialized (async)
[    0.318627] Block layer SCSI generic (bsg) driver version 0.4 loaded (major 254)
[    0.318752] io scheduler noop registered
[    0.318838] io scheduler anticipatory registered
[    0.318937] io scheduler deadline registered
[    0.319073] io scheduler cfq registered (default)
[    0.319312] pcieport 0000:00:1c.0: irq 24 for MSI/MSI-X
[    0.319329] pcieport 0000:00:1c.0: setting latency timer to 64
[    0.319511] pcieport 0000:00:1c.1: irq 25 for MSI/MSI-X
[    0.319524] pcieport 0000:00:1c.1: setting latency timer to 64
[    0.319705] pcieport 0000:00:1c.2: irq 26 for MSI/MSI-X
[    0.319716] pcieport 0000:00:1c.2: setting latency timer to 64
[    0.319913] pcieport 0000:00:1c.3: irq 27 for MSI/MSI-X
[    0.319925] pcieport 0000:00:1c.3: setting latency timer to 64
[    0.320111] pcieport 0000:00:1c.4: irq 28 for MSI/MSI-X
[    0.320122] pcieport 0000:00:1c.4: setting latency timer to 64
[    0.320267] pci_hotplug: PCI Hot Plug PCI Core version: 0.5
[    0.320460] isapnp: Scanning for PnP cards...
[    0.680992] isapnp: No Plug & Play device found
[    0.681080] random 0000 0000 0000 5f8db4e5 4cfdf2a8: initializing
[    0.681082] RANDOM init_std_data for input now value: 1369918097681081706
[    0.681083] RANDOM init_std_data for blocking now value: 1369918097681083781
[    0.681085] RANDOM init_std_data for nonblocking now value: 1369918097681085520
[    0.700651] Serial: 8250/16550 driver, 4 ports, IRQ sharing enabled
[    3.711314] floppy0: no floppy controllers found
[    3.712261] brd: module loaded
[    3.712770] loop: module loaded
[    3.712856] Compaq SMART2 Driver (v 2.6.0)
[    3.712988] HP CISS Driver (v 3.6.20)
[    3.713230] input: Macintosh mouse button emulation as /devices/virtual/input/input0
[    3.713374] Uniform Multi-Platform E-IDE driver
[    3.713605] piix 0000:00:1f.1: IDE controller (0x8086:0x2850 rev 0x03)
[    3.713705] pci 0000:00:1f.1: PCI INT C -> GSI 16 (level, low) -> IRQ 16
[    3.713813] piix 0000:00:1f.1: IDE port disabled
[    3.713911] piix 0000:00:1f.1: not 100% native mode: will probe irqs later
[    3.714022]     ide0: BM-DMA at 0x1c00-0x1c07
[    3.714118] Probing IDE interface ide0...
[    4.385425] hda: HL-DT-ST DVDRAM GSA-U10N, ATAPI CD/DVD-ROM drive
[    4.692186] hda: host max PIO4 wanted PIO255(auto-tune) selected PIO4
[    4.692953] hda: UDMA/33 mode selected
[    4.693420] ide0 at 0x1f0-0x1f7,0x3f6 on irq 14
[    4.697321] ide-gd driver 1.18
[    4.697424] ide-cd driver 5.00
[    4.698806] random 0000 0000 0000 00000000 00000000: add_disk_randomness(0:0) 00000000 00000000
[    4.698810] random 0000 0000 0000 00000000 00000000: add_timer_randomness(.. 256) with jiffies: 5928727496248491643, cycles: 5928727491953819659
[    4.698813] random 0000 0000 0000 00000000 00000000: added 11 entropy credits to input
[    4.698816] ide-cd: hda: ATAPI 24X DVD-ROM DVD-R/RAM CD-R/RW drive, 2048kB Cache
[    4.699254] Uniform CD-ROM driver Revision: 3.20
[    4.702069] random 0011 0000 0000 00000000 00000000: add_disk_randomness(0:0) 00000000 00000000
[    4.702072] random 0011 0000 0000 00000000 00000000: add_timer_randomness(.. 256) with jiffies: 5958095215603187326, cycles: 5958095211308515339
[    4.702075] random 0011 0000 0000 00000000 00000000: added 1 entropy credits to input
[    4.702078] random 0012 0000 0000 00000000 00000000: add_disk_randomness(0:0) 00000000 00000000
[    4.702081] random 0012 0000 0000 00000000 00000000: add_timer_randomness(.. 256) with jiffies: 5958171249409228414, cycles: 5958171245114556427
[    4.704067] random 0012 0000 0000 00000000 00000000: add_disk_randomness(0:0) 00000000 00000000
[    4.704070] random 0012 0000 0000 00000000 00000000: add_timer_randomness(.. 256) with jiffies: 5976066071734222464, cycles: 5976066067439550475
[    4.704072] random 0012 0000 0000 00000000 00000000: added 1 entropy credits to input
[    4.704075] random 0013 0000 0000 00000000 00000000: add_disk_randomness(0:0) 00000000 00000000
[    4.704078] random 0013 0000 0000 00000000 00000000: add_timer_randomness(.. 256) with jiffies: 5976141882201964160, cycles: 5976141877907292171
[    4.706064] random 0013 0000 0000 00000000 00000000: add_disk_randomness(0:0) 00000000 00000000
[    4.706067] random 0013 0000 0000 00000000 00000000: add_timer_randomness(.. 256) with jiffies: 5994040355249159810, cycles: 5994040350954487819
[    4.706070] random 0013 0000 0000 00000000 00000000: added 1 entropy credits to input
[    4.706073] random 0014 0000 0000 00000000 00000000: add_disk_randomness(0:0) 00000000 00000000
[    4.706075] random 0014 0000 0000 00000000 00000000: add_timer_randomness(.. 256) with jiffies: 5994113730470444674, cycles: 5994113726175772683
[    4.706352] Loading iSCSI transport class v2.0-870.
[    4.706640] rdac: device handler registered
[    4.706735] hp_sw: device handler registered
[    4.706832] emc: device handler registered
[    4.706917] alua: device handler registered
[    4.707914] Adaptec aacraid driver 1.1-5[2461]-ms
[    4.708352] scsi: <fdomain> Detection failed (no card)
[    4.708445] sym53c416.c: Version 1.0.0-ac
[    4.708552] qlogicfas: no cards were found, please specify I/O address and IRQ using iobase= and irq= options
[    4.708680] QLogic Fibre Channel HBA Driver: 8.03.01-k6
[    4.708904] iscsi: registered transport (qla4xxx)
[    4.709014] QLogic iSCSI HBA Driver
[    4.709106] Emulex LightPulse Fibre Channel SCSI driver 8.3.4
[    4.709200] Copyright(c) 2004-2009 Emulex.  All rights reserved.
[    4.731166] Failed initialization of WD-7000 SCSI card!
[    4.820829] DC390: clustering now enabled by default. If you get problems load
[    4.820949]        with "disable_clustering=1" and report to maintainers
[    4.821090] megaraid cmm: 2.20.2.7 (Release Date: Sun Jul 16 00:01:03 EST 2006)
[    4.821244] megaraid: 2.20.5.1 (Release Date: Thu Nov 16 15:32:35 EST 2006)
[    4.821359] megasas: 00.00.04.01 Thu July 24 11:41:51 PST 2008
[    4.821492] GDT-HA: Storage RAID Controller Driver. Version: 3.05
[    4.821642] 3ware Storage Controller device driver for Linux v1.26.02.002.
[    4.821753] 3ware 9000 Storage Controller device driver for Linux v2.26.02.012.
[    4.821897] nsp32: loading...
[    4.822001] ipr: IBM Power RAID SCSI Device Driver version: 2.4.3 (June 10, 2009)
[    4.822158] RocketRAID 3xxx/4xxx Controller driver v1.6 (090910)
[    4.822273] stex: Promise SuperTrak EX Driver version: 4.6.0000.3
[    4.822406] st: Version 20081215, fixed bufsize 32768, s/g segs 256
[    4.822597] ahci 0000:00:1f.2: version 3.0
[    4.822613] ahci 0000:00:1f.2: PCI INT B -> GSI 16 (level, low) -> IRQ 16
[    4.822747] ahci 0000:00:1f.2: irq 29 for MSI/MSI-X
[    4.822802] ahci 0000:00:1f.2: AHCI 0001.0100 32 slots 3 ports 1.5 Gbps 0x5 impl SATA mode
[    4.822925] ahci 0000:00:1f.2: flags: 64bit ncq sntf pm led clo pio slum part ccc 
[    4.823054] ahci 0000:00:1f.2: setting latency timer to 64
[    4.823210] scsi2 : ahci
[    4.823367] scsi3 : ahci
[    4.823508] scsi4 : ahci
[    4.823676] ata1: SATA max UDMA/133 abar m2048@0xfe226000 port 0xfe226100 irq 29
[    4.823795] ata2: DUMMY
[    4.823884] ata3: SATA max UDMA/133 abar m2048@0xfe226000 port 0xfe226200 irq 29
[    4.824498] I2O subsystem v1.325
[    4.824595] i2o: max drivers = 8
[    4.824739] I2O Configuration OSM v1.323
[    4.824845] I2O Bus Adapter OSM v1.317
[    4.824950] I2O Block Device OSM v1.325
[    4.825097] I2O SCSI Peripheral OSM v1.316
[    4.825227] I2O ProcFS OSM v1.316
[    4.825332] Fusion MPT base driver 3.04.12
[    4.825418] Copyright (c) 1999-2008 LSI Corporation
[    4.825505] Fusion MPT SPI Host driver 3.04.12
[    4.825621] Fusion MPT FC Host driver 3.04.12
[    4.825737] Fusion MPT SAS Host driver 3.04.12
[    4.825887] ohci1394 0000:15:00.1: PCI INT B -> GSI 17 (level, low) -> IRQ 17
[    4.825981] ohci1394 0000:15:00.1: setting latency timer to 64
[    4.879167] ohci1394: fw-host0: OHCI-1394 1.1 (PCI): IRQ=[17]  MMIO=[f8301000-f83017ff]  Max Packet=[2048]  IR/IT contexts=[4/4]
[    4.882429] ehci_hcd: USB 2.0 'Enhanced' Host Controller (EHCI) Driver
[    4.882704] ehci_hcd 0000:00:1a.7: power state changed by ACPI to D0
[    4.882955] ehci_hcd 0000:00:1a.7: power state changed by ACPI to D0
[    4.883055] ehci_hcd 0000:00:1a.7: PCI INT C -> GSI 22 (level, low) -> IRQ 22
[    4.883157] ehci_hcd 0000:00:1a.7: setting latency timer to 64
[    4.883162] ehci_hcd 0000:00:1a.7: EHCI Host Controller
[    4.883301] ehci_hcd 0000:00:1a.7: new USB bus registered, assigned bus number 1
[    4.887328] ehci_hcd 0000:00:1a.7: cache line size of 32 is not supported
[    4.887337] ehci_hcd 0000:00:1a.7: irq 22, io mem 0xfe226c00
[    4.897123] ehci_hcd 0000:00:1a.7: USB 2.0 started, EHCI 1.00
[    4.897227] usb usb1: New USB device found, idVendor=1d6b, idProduct=0002
[    4.897320] usb usb1: New USB device strings: Mfr=3, Product=2, SerialNumber=1
[    4.897441] usb usb1: Product: EHCI Host Controller
[    4.897529] usb usb1: Manufacturer: Linux 2.6.32.57 ehci_hcd
[    4.897617] usb usb1: SerialNumber: 0000:00:1a.7
[    4.897759] usb usb1: configuration #1 chosen from 1 choice
[    4.897888] hub 1-0:1.0: USB hub found
[    4.897981] hub 1-0:1.0: 4 ports detected
[    4.898303] ehci_hcd 0000:00:1d.7: power state changed by ACPI to D0
[    4.898593] ehci_hcd 0000:00:1d.7: power state changed by ACPI to D0
[    4.898696] ehci_hcd 0000:00:1d.7: PCI INT D -> GSI 19 (level, low) -> IRQ 19
[    4.898797] ehci_hcd 0000:00:1d.7: setting latency timer to 64
[    4.898802] ehci_hcd 0000:00:1d.7: EHCI Host Controller
[    4.898931] ehci_hcd 0000:00:1d.7: new USB bus registered, assigned bus number 2
[    4.899088] ehci_hcd 0000:00:1d.7: debug port 1
[    4.903069] ehci_hcd 0000:00:1d.7: cache line size of 32 is not supported
[    4.903078] ehci_hcd 0000:00:1d.7: irq 19, io mem 0xfe227000
[    4.913121] ehci_hcd 0000:00:1d.7: USB 2.0 started, EHCI 1.00
[    4.913229] usb usb2: New USB device found, idVendor=1d6b, idProduct=0002
[    4.913318] usb usb2: New USB device strings: Mfr=3, Product=2, SerialNumber=1
[    4.913436] usb usb2: Product: EHCI Host Controller
[    4.913523] usb usb2: Manufacturer: Linux 2.6.32.57 ehci_hcd
[    4.913612] usb usb2: SerialNumber: 0000:00:1d.7
[    4.913757] usb usb2: configuration #1 chosen from 1 choice
[    4.913876] hub 2-0:1.0: USB hub found
[    4.913970] hub 2-0:1.0: 6 ports detected
[    4.914158] 116x: driver isp116x-hcd, 03 Nov 2005
[    4.914263] ohci_hcd: USB 1.1 'Open' Host Controller (OHCI) Driver
[    4.914374] uhci_hcd: USB Universal Host Controller Interface driver
[    4.914483] uhci_hcd 0000:00:1a.0: PCI INT A -> GSI 20 (level, low) -> IRQ 20
[    4.914580] uhci_hcd 0000:00:1a.0: setting latency timer to 64
[    4.914585] uhci_hcd 0000:00:1a.0: UHCI Host Controller
[    4.914713] uhci_hcd 0000:00:1a.0: new USB bus registered, assigned bus number 3
[    4.914862] uhci_hcd 0000:00:1a.0: irq 20, io base 0x00001860
[    4.914990] usb usb3: New USB device found, idVendor=1d6b, idProduct=0001
[    4.915087] usb usb3: New USB device strings: Mfr=3, Product=2, SerialNumber=1
[    4.915216] usb usb3: Product: UHCI Host Controller
[    4.915305] usb usb3: Manufacturer: Linux 2.6.32.57 uhci_hcd
[    4.915394] usb usb3: SerialNumber: 0000:00:1a.0
[    4.915535] usb usb3: configuration #1 chosen from 1 choice
[    4.915653] hub 3-0:1.0: USB hub found
[    4.915745] hub 3-0:1.0: 2 ports detected
[    4.916046] uhci_hcd 0000:00:1a.1: power state changed by ACPI to D0
[    4.916305] uhci_hcd 0000:00:1a.1: power state changed by ACPI to D0
[    4.916405] uhci_hcd 0000:00:1a.1: PCI INT B -> GSI 21 (level, low) -> IRQ 21
[    4.916507] uhci_hcd 0000:00:1a.1: setting latency timer to 64
[    4.916512] uhci_hcd 0000:00:1a.1: UHCI Host Controller
[    4.916643] uhci_hcd 0000:00:1a.1: new USB bus registered, assigned bus number 4
[    4.916797] uhci_hcd 0000:00:1a.1: irq 21, io base 0x00001880
[    4.916912] usb usb4: New USB device found, idVendor=1d6b, idProduct=0001
[    4.917008] usb usb4: New USB device strings: Mfr=3, Product=2, SerialNumber=1
[    4.917142] usb usb4: Product: UHCI Host Controller
[    4.917230] usb usb4: Manufacturer: Linux 2.6.32.57 uhci_hcd
[    4.917318] usb usb4: SerialNumber: 0000:00:1a.1
[    4.917454] usb usb4: configuration #1 chosen from 1 choice
[    4.917570] hub 4-0:1.0: USB hub found
[    4.917663] hub 4-0:1.0: 2 ports detected
[    4.917956] uhci_hcd 0000:00:1d.0: power state changed by ACPI to D0
[    4.918193] uhci_hcd 0000:00:1d.0: power state changed by ACPI to D0
[    4.918288] uhci_hcd 0000:00:1d.0: PCI INT A -> GSI 16 (level, low) -> IRQ 16
[    4.918387] uhci_hcd 0000:00:1d.0: setting latency timer to 64
[    4.918392] uhci_hcd 0000:00:1d.0: UHCI Host Controller
[    4.918522] uhci_hcd 0000:00:1d.0: new USB bus registered, assigned bus number 5
[    4.918678] uhci_hcd 0000:00:1d.0: irq 16, io base 0x000018a0
[    4.918791] usb usb5: New USB device found, idVendor=1d6b, idProduct=0001
[    4.918883] usb usb5: New USB device strings: Mfr=3, Product=2, SerialNumber=1
[    4.919003] usb usb5: Product: UHCI Host Controller
[    4.919095] usb usb5: Manufacturer: Linux 2.6.32.57 uhci_hcd
[    4.919192] usb usb5: SerialNumber: 0000:00:1d.0
[    4.919335] usb usb5: configuration #1 chosen from 1 choice
[    4.919456] hub 5-0:1.0: USB hub found
[    4.919547] hub 5-0:1.0: 2 ports detected
[    4.919690] uhci_hcd 0000:00:1d.1: PCI INT B -> GSI 17 (level, low) -> IRQ 17
[    4.919787] uhci_hcd 0000:00:1d.1: setting latency timer to 64
[    4.919792] uhci_hcd 0000:00:1d.1: UHCI Host Controller
[    4.919926] uhci_hcd 0000:00:1d.1: new USB bus registered, assigned bus number 6
[    4.920081] uhci_hcd 0000:00:1d.1: irq 17, io base 0x000018c0
[    4.920200] usb usb6: New USB device found, idVendor=1d6b, idProduct=0001
[    4.920299] usb usb6: New USB device strings: Mfr=3, Product=2, SerialNumber=1
[    4.920423] usb usb6: Product: UHCI Host Controller
[    4.920514] usb usb6: Manufacturer: Linux 2.6.32.57 uhci_hcd
[    4.920606] usb usb6: SerialNumber: 0000:00:1d.1
[    4.920740] usb usb6: configuration #1 chosen from 1 choice
[    4.920856] hub 6-0:1.0: USB hub found
[    4.920947] hub 6-0:1.0: 2 ports detected
[    4.921247] uhci_hcd 0000:00:1d.2: power state changed by ACPI to D0
[    4.921487] uhci_hcd 0000:00:1d.2: power state changed by ACPI to D0
[    4.921592] uhci_hcd 0000:00:1d.2: PCI INT C -> GSI 18 (level, low) -> IRQ 18
[    4.921689] uhci_hcd 0000:00:1d.2: setting latency timer to 64
[    4.921694] uhci_hcd 0000:00:1d.2: UHCI Host Controller
[    4.921821] uhci_hcd 0000:00:1d.2: new USB bus registered, assigned bus number 7
[    4.921969] uhci_hcd 0000:00:1d.2: irq 18, io base 0x000018e0
[    4.922081] usb usb7: New USB device found, idVendor=1d6b, idProduct=0001
[    4.922182] usb usb7: New USB device strings: Mfr=3, Product=2, SerialNumber=1
[    4.922304] usb usb7: Product: UHCI Host Controller
[    4.922404] usb usb7: Manufacturer: Linux 2.6.32.57 uhci_hcd
[    4.922499] usb usb7: SerialNumber: 0000:00:1d.2
[    4.923299] usb usb7: configuration #1 chosen from 1 choice
[    4.923419] hub 7-0:1.0: USB hub found
[    4.923507] hub 7-0:1.0: 2 ports detected
[    4.923668] sl811: driver sl811-hcd, 19 May 2005
[    4.923772] r8a66597_hcd: driver r8a66597_hcd, 2009-05-26
[    4.923940] Initializing USB Mass Storage driver...
[    4.924067] usbcore: registered new interface driver usb-storage
[    4.924165] USB Mass Storage support registered.
[    4.924277] usbcore: registered new interface driver ums-alauda
[    4.924384] usbcore: registered new interface driver ums-cypress
[    4.924499] usbcore: registered new interface driver ums-datafab
[    4.924608] usbcore: registered new interface driver ums-freecom
[    4.924716] usbcore: registered new interface driver ums-isd200
[    4.924828] usbcore: registered new interface driver ums-jumpshot
[    4.924937] usbcore: registered new interface driver ums-karma
[    4.925045] usbcore: registered new interface driver ums-onetouch
[    4.925170] usbcore: registered new interface driver ums-sddr09
[    4.925286] usbcore: registered new interface driver ums-sddr55
[    4.925401] usbcore: registered new interface driver ums-usbat
[    4.925553] PNP: PS/2 Controller [PNP0303:KBD,PNP0f13:MOU] at 0x60,0x64 irq 1,12
[    4.934270] serio: i8042 KBD port at 0x60,0x64 irq 1
[    4.934362] serio: i8042 AUX port at 0x60,0x64 irq 12
[    4.934607] mice: PS/2 mouse device common for all mice
[    4.934720] i2c /dev entries driver
[    4.934849] md: linear personality registered for level -1
[    4.934938] md: raid0 personality registered for level 0
[    4.935040] md: raid1 personality registered for level 1
[    4.935142] md: raid10 personality registered for level 10
[    4.935236] md: raid6 personality registered for level 6
[    4.935326] md: raid5 personality registered for level 5
[    4.935428] md: raid4 personality registered for level 4
[    4.935527] md: multipath personality registered for level -4
[    4.935718] device-mapper: ioctl: 4.15.0-ioctl (2009-04-01) initialised: dm-devel@redhat.com
[    4.935923] cpuidle: using governor ladder
[    4.936531] usbcore: registered new interface driver usbhid
[    4.936622] usbhid: v2.6:USB HID core driver
[    4.936765] random 0014 0000 0000 00000000 00000000: rand_read_num 4 get_random_bytes(136): sig 00000000 00000000 00000000
[    4.936768] random 0014 0000 0000 00000000 00000000: extract_entropy(.. 136 ..)
[    4.936771] random 0014 0000 0000 00000000 00000000: going to reseed nonblocking with 1024 bits (1088 of 0 requested)
[    4.936773] random 0014 0000 0000 00000000 00000000: extract_entropy(.. 128 ..)
[    4.936775] random 0014 0000 0000 00000000 00000000: trying to extract 1024 bits from input
[    4.936777] random 0014 0000 0000 00000000 00000000: debiting 0 entropy credits from input
[    4.936779] random 0014 0000 0000 00000000 00000000: extract_entropy account returned: 0 
[    4.936782] random 0014 0000 0000 00000000 00000000: urand_change_num 7 xfer_secondary_pool(136): pool_sig 00000000, data_sig 00000000, bytes_mixed 0 00000000 00000000
[    4.936785] random 0014 0000 0000 00000000 00000000: trying to extract 1088 bits from nonblocking
[    4.936788] random 0014 0000 0000 00000000 00000000: debiting 1088 entropy credits from nonblocking (unlimited)
[    4.936790] random 0014 0000 0000 00000000 00000000: extract_entropy account returned: 136 
[    4.936794] random 0014 0000 0000 00000000 00000000: urand_change_num 8 extract_buf: pool_sig 00000000, data_sig fffffff9, bytes_mixed 20 00000000 00000000
[    4.936800] random 0014 0000 0000 b7c35b56 be4dc95d: urand_change_num 9 extract_buf: pool_sig fffffd1e, data_sig 000000c5, bytes_mixed 20 b7c35b56 be4dc95d
[    4.936805] random 0014 0000 0000 ed9f5c47 c48487fb: urand_change_num 10 extract_buf: pool_sig fffff8ec, data_sig ffffff68, bytes_mixed 20 ed9f5c47 c48487fb
[    4.936811] random 0014 0000 0000 ed9f5c47 c48487fb: urand_change_num 11 extract_buf: pool_sig fffffaed, data_sig 000001aa, bytes_mixed 20 ed9f5c47 c48487fb
[    4.936816] random 0014 0000 0000 1b4f7c0a 91bd6a48: urand_change_num 12 extract_buf: pool_sig fffffdd8, data_sig 00000064, bytes_mixed 20 1b4f7c0a 91bd6a48
[    4.936821] random 0014 0000 0000 a254b9bc 20e9a24f: urand_change_num 13 extract_buf: pool_sig fffffbe6, data_sig 000001dd, bytes_mixed 20 a254b9bc 20e9a24f
[    4.936826] random 0014 0000 0000 a254b9bc 20e9a24f: urand_change_num 14 extract_buf: pool_sig fffff940, data_sig fffffe20, bytes_mixed 20 a254b9bc 20e9a24f
[    4.936832] random 0014 0000 0000 2831a66b 5fa2a3ad: urand_change_num 15 extract_buf: pool_sig fffffbce, data_sig 0000007e, bytes_mixed 20 2831a66b 5fa2a3ad
[    4.936837] random 0014 0000 0000 2831a66b 5fa2a3ad: urand_change_num 16 extract_buf: pool_sig 000004df, data_sig fffffe8f, bytes_mixed 20 2831a66b 5fa2a3ad
[    4.936842] random 0014 0000 0000 d4512bfd c9a54e0b: urand_change_num 17 extract_buf: pool_sig 00000485, data_sig fffffe68, bytes_mixed 20 d4512bfd c9a54e0b
[    4.936847] random 0014 0000 0000 c7371be6 f9ffea11: urand_change_num 18 extract_buf: pool_sig 00000095, data_sig ffffffed, bytes_mixed 20 c7371be6 f9ffea11
[    4.936859] random 0014 0000 0000 c7371be6 f9ffea11: urand_change_num 19 extract_buf: pool_sig 000003a7, data_sig fffffefa, bytes_mixed 20 c7371be6 f9ffea11
[    4.936865] random 0014 0000 0000 8fb4b62c d1ddba54: urand_change_num 20 extract_buf: pool_sig 00000179, data_sig ffffff78, bytes_mixed 20 8fb4b62c d1ddba54
[    4.936870] random 0014 0000 0000 9ff19f9c c07a1d2a: urand_change_num 21 extract_buf: pool_sig fffffe88, data_sig 00000126, bytes_mixed 20 9ff19f9c c07a1d2a
[    4.936874] TCP cubic registered
[    4.936960] Initializing XFRM netlink socket
[    4.937053] NET: Registered protocol family 17
[    4.937161] Using IPI Shortcut mode
[    4.937250] random 0014 0000 0000 9ff19f9c c07a1d2a: rand_read_num 5 get_random_bytes(8): sig 0000031b 9ff19f9c c07a1d2a
[    4.937252] random 0014 0000 0000 9ff19f9c c07a1d2a: extract_entropy(.. 8 ..)
[    4.937255] random 0014 0000 0000 9ff19f9c c07a1d2a: going to reseed nonblocking with 64 bits (64 of 0 requested)
[    4.937257] random 0014 0000 0000 9ff19f9c c07a1d2a: extract_entropy(.. 8 ..)
[    4.937259] random 0014 0000 0000 9ff19f9c c07a1d2a: trying to extract 64 bits from input
[    4.937261] random 0014 0000 0000 9ff19f9c c07a1d2a: debiting 0 entropy credits from input
[    4.937263] random 0014 0000 0000 9ff19f9c c07a1d2a: extract_entropy account returned: 0 
[    4.937266] random 0014 0000 0000 9ff19f9c c07a1d2a: urand_change_num 22 xfer_secondary_pool(8): pool_sig 0000031b, data_sig 00000000, bytes_mixed 0 9ff19f9c c07a1d2a
[    4.937269] random 0014 0000 0000 9ff19f9c c07a1d2a: trying to extract 64 bits from nonblocking
[    4.937272] random 0014 0000 0000 9ff19f9c c07a1d2a: debiting 64 entropy credits from nonblocking (unlimited)
[    4.937274] random 0014 0000 0000 9ff19f9c c07a1d2a: extract_entropy account returned: 8 
[    4.937278] random 0014 0000 0000 9ff19f9c c07a1d2a: urand_change_num 23 extract_buf: pool_sig 0000031b, data_sig ffffffb3, bytes_mixed 20 9ff19f9c c07a1d2a
[    4.939240] input: AT Translated Set 2 keyboard as /devices/platform/i8042/serio0/input/input1
[    5.130102] ata1: SATA link up 1.5 Gbps (SStatus 113 SControl 300)
[    5.130210] ata3: SATA link down (SStatus 0 SControl 300)
[    5.131929] ata1.00: ACPI cmd ef/02:00:00:00:00:a0 (SET FEATURES) succeeded
[    5.131932] ata1.00: ACPI cmd f5/00:00:00:00:00:a0 (SECURITY FREEZE LOCK) filtered out
[    5.133325] ata1.00: ACPI cmd ef/5f:00:00:00:00:a0 (SET FEATURES) succeeded
[    5.133327] ata1.00: ACPI cmd ef/10:03:00:00:00:a0 (SET FEATURES) filtered out
[    5.135237] ata1.00: ATA-7: ST910021AS, 4.06, max UDMA/100
[    5.135332] ata1.00: 195371568 sectors, multi 16: LBA48 
[    5.137475] ata1.00: ACPI cmd ef/02:00:00:00:00:a0 (SET FEATURES) succeeded
[    5.137477] ata1.00: ACPI cmd f5/00:00:00:00:00:a0 (SECURITY FREEZE LOCK) filtered out
[    5.138867] ata1.00: ACPI cmd ef/5f:00:00:00:00:a0 (SET FEATURES) succeeded
[    5.138869] ata1.00: ACPI cmd ef/10:03:00:00:00:a0 (SET FEATURES) filtered out
[    5.140793] ata1.00: configured for UDMA/100
[    5.151147] scsi 2:0:0:0: Direct-Access     ATA      ST910021AS       4.06 PQ: 0 ANSI: 5
[    5.151428] sd 2:0:0:0: [sda] 195371568 512-byte logical blocks: (100 GB/93.1 GiB)
[    5.151570] sd 2:0:0:0: [sda] Write Protect is off
[    5.151659] sd 2:0:0:0: [sda] Mode Sense: 00 3a 00 00
[    5.151671] sd 2:0:0:0: [sda] Write cache: enabled, read cache: enabled, doesn't support DPO or FUA
[    5.151860]  sda:
[    5.217074] usb 2-1: new high speed USB device using ehci_hcd and address 2
[    5.366552] usb 2-1: New USB device found, idVendor=0e8d, idProduct=1806
[    5.366644] usb 2-1: New USB device strings: Mfr=1, Product=2, SerialNumber=3
[    5.366731] usb 2-1: Product: MT1806 
[    5.366814] usb 2-1: Manufacturer: MediaTek Inc
[    5.366901] usb 2-1: SerialNumber: R8KN6GAC800AEB 
[    5.367036] usb 2-1: configuration #1 chosen from 1 choice
[    5.373346] scsi5 : SCSI emulation for USB Mass Storage devices
[    5.373518] usb-storage: device found at 2
[    5.373520] usb-storage: waiting for device to settle before scanning
[    5.572830] random 0014 0000 0000 277f73c3 42024bb9: add_disk_randomness(8:0) 277f73c3 42024bb9
[    5.572834] random 0014 0000 0000 277f73c3 42024bb9: add_timer_randomness(.. 8388864) with jiffies: 13793006515818037644, cycles: -4653737562186186741
[    5.572836] random 0014 0000 0000 277f73c3 42024bb9: added 11 entropy credits to input
[    5.572841]  sda1 sda2
[    5.573402] random 0025 0000 0000 277f73c3 42024bb9: add_disk_randomness(8:0) 277f73c3 42024bb9
[    5.573405] random 0025 0000 0000 277f73c3 42024bb9: add_timer_randomness(.. 8388864) with jiffies: 13798149215168987533, cycles: -4648594862835236853
[    5.573561] sd 2:0:0:0: [sda] Attached SCSI disk
[    5.573650] random 0025 0000 0000 277f73c3 42024bb9: rand_read_num 6 get_random_bytes(12): sig 000007e9 277f73c3 42024bb9
[    5.573653] random 0025 0000 0000 277f73c3 42024bb9: extract_entropy(.. 12 ..)
[    5.573655] random 0025 0000 0000 277f73c3 42024bb9: going to reseed nonblocking with 96 bits (96 of 0 requested)
[    5.573658] random 0025 0000 0000 277f73c3 42024bb9: extract_entropy(.. 12 ..)
[    5.573660] random 0025 0000 0000 277f73c3 42024bb9: trying to extract 96 bits from input
[    5.573662] random 0025 0000 0000 277f73c3 42024bb9: debiting 0 entropy credits from input
[    5.573664] random 0025 0000 0000 277f73c3 42024bb9: extract_entropy account returned: 0 
[    5.573667] random 0025 0000 0000 277f73c3 42024bb9: urand_change_num 24 xfer_secondary_pool(12): pool_sig 000007e9, data_sig 00000000, bytes_mixed 0 277f73c3 42024bb9
[    5.573670] random 0025 0000 0000 277f73c3 42024bb9: trying to extract 96 bits from nonblocking
[    5.573672] random 0025 0000 0000 277f73c3 42024bb9: debiting 96 entropy credits from nonblocking (unlimited)
[    5.573674] random 0025 0000 0000 277f73c3 42024bb9: extract_entropy account returned: 12 
[    5.573679] random 0025 0000 0000 277f73c3 42024bb9: urand_change_num 25 extract_buf: pool_sig 000007e9, data_sig 00000088, bytes_mixed 20 277f73c3 42024bb9
[    5.573684] random 0025 0000 0000 277f73c3 42024bb9: urand_change_num 26 extract_buf: pool_sig 00000498, data_sig fffffefb, bytes_mixed 20 277f73c3 42024bb9
[    5.573687] RANDOM - __seed init called.
[    5.573688] RANDOM - __seed init called.
[    5.573689] RANDOM - __seed init called.
[    5.573691] RANDOM - __random32 called. Change num 12.  Value: 87f14767	f0d7351	b1e48bd3
[    5.573693] RANDOM - random32_reseed called.  Value: 87f14767	f0d7351	b1e48bd3
[    5.573695] Pid: 1, comm: swapper Not tainted 2.6.32.57 #6
[    5.573786] Call Trace:
[    5.573876]  [<c1923ca4>] ? random32_reseed+0xa0/0xb1
[    5.573970]  [<c1923c04>] ? random32_reseed+0x0/0xb1
[    5.574064]  [<c100111e>] ? do_one_initcall+0x2e/0x180
[    5.574158]  [<c1907265>] ? kernel_init+0xad/0x103
[    5.574249]  [<c19071b8>] ? kernel_init+0x0/0x103
[    5.574345]  [<c1003787>] ? kernel_thread_helper+0x7/0x10
[    5.574865] random 0025 0000 0000 386b4e60 ee4d4880: rand_read_num 7 get_random_bytes(64): sig fffffea5 386b4e60 ee4d4880
[    5.574868] random 0025 0000 0000 386b4e60 ee4d4880: extract_entropy(.. 64 ..)
[    5.574870] random 0025 0000 0000 386b4e60 ee4d4880: going to reseed nonblocking with 512 bits (512 of 0 requested)
[    5.574873] random 0025 0000 0000 386b4e60 ee4d4880: extract_entropy(.. 64 ..)
[    5.574875] random 0025 0000 0000 386b4e60 ee4d4880: trying to extract 512 bits from input
[    5.574877] random 0025 0000 0000 386b4e60 ee4d4880: debiting 0 entropy credits from input
[    5.574879] random 0025 0000 0000 386b4e60 ee4d4880: extract_entropy account returned: 0 
[    5.574882] random 0025 0000 0000 386b4e60 ee4d4880: urand_change_num 27 xfer_secondary_pool(64): pool_sig fffffea5, data_sig 00000000, bytes_mixed 0 386b4e60 ee4d4880
[    5.574885] random 0025 0000 0000 386b4e60 ee4d4880: trying to extract 512 bits from nonblocking
[    5.574887] random 0025 0000 0000 386b4e60 ee4d4880: debiting 512 entropy credits from nonblocking (unlimited)
[    5.574890] random 0025 0000 0000 386b4e60 ee4d4880: extract_entropy account returned: 64 
[    5.574894] random 0025 0000 0000 386b4e60 ee4d4880: urand_change_num 28 extract_buf: pool_sig fffffea5, data_sig 00000173, bytes_mixed 20 386b4e60 ee4d4880
[    5.574899] random 0025 0000 0000 412698f6 0cc8689a: urand_change_num 29 extract_buf: pool_sig 00000122, data_sig ffffff63, bytes_mixed 20 412698f6 0cc8689a
[    5.574905] random 0025 0000 0000 412698f6 0cc8689a: urand_change_num 30 extract_buf: pool_sig 000001f7, data_sig 00000012, bytes_mixed 20 412698f6 0cc8689a
[    5.574910] random 0025 0000 0000 9669941e 06f768b1: urand_change_num 31 extract_buf: pool_sig fffffb5b, data_sig 0000003f, bytes_mixed 20 9669941e 06f768b1
[    5.574915] random 0025 0000 0000 98486520 995551f0: urand_change_num 32 extract_buf: pool_sig fffffb39, data_sig 0000000e, bytes_mixed 20 98486520 995551f0
[    5.574920] random 0025 0000 0000 98486520 995551f0: urand_change_num 33 extract_buf: pool_sig fffffd8d, data_sig 000001a6, bytes_mixed 20 98486520 995551f0
[    5.574926] random 0025 0000 0000 61fc8914 d5882ed2: urand_change_num 34 extract_buf: pool_sig fffffa58, data_sig 0000023e, bytes_mixed 20 61fc8914 d5882ed2
[    5.574955] random 0025 0000 0000 61fc8914 d5882ed2: rand_read_num 8 get_random_bytes(64): sig fffff9ee 61fc8914 d5882ed2
[    5.574957] random 0025 0000 0000 61fc8914 d5882ed2: extract_entropy(.. 64 ..)
[    5.574960] random 0025 0000 0000 61fc8914 d5882ed2: going to reseed nonblocking with 512 bits (512 of 0 requested)
[    5.574962] random 0025 0000 0000 61fc8914 d5882ed2: extract_entropy(.. 64 ..)
[    5.574964] random 0025 0000 0000 61fc8914 d5882ed2: trying to extract 512 bits from input
[    5.574966] random 0025 0000 0000 61fc8914 d5882ed2: debiting 0 entropy credits from input
[    5.574968] random 0025 0000 0000 61fc8914 d5882ed2: extract_entropy account returned: 0 
[    5.574971] random 0025 0000 0000 61fc8914 d5882ed2: urand_change_num 35 xfer_secondary_pool(64): pool_sig fffff9ee, data_sig 00000000, bytes_mixed 0 61fc8914 d5882ed2
[    5.574974] random 0025 0000 0000 61fc8914 d5882ed2: trying to extract 512 bits from nonblocking
[    5.574977] random 0025 0000 0000 61fc8914 d5882ed2: debiting 512 entropy credits from nonblocking (unlimited)
[    5.574979] random 0025 0000 0000 61fc8914 d5882ed2: extract_entropy account returned: 64 
[    5.574983] random 0025 0000 0000 61fc8914 d5882ed2: urand_change_num 36 extract_buf: pool_sig fffff9ee, data_sig ffffff85, bytes_mixed 20 61fc8914 d5882ed2
[    5.574988] random 0025 0000 0000 70cfd302 e5edec11: urand_change_num 37 extract_buf: pool_sig fffffdc1, data_sig ffffffde, bytes_mixed 20 70cfd302 e5edec11
[    5.574994] random 0025 0000 0000 00dab838 eafd2b30: urand_change_num 38 extract_buf: pool_sig 000003da, data_sig ffffff61, bytes_mixed 20 00dab838 eafd2b30
[    5.574999] random 0025 0000 0000 00dab838 eafd2b30: urand_change_num 39 extract_buf: pool_sig 00000314, data_sig 00000121, bytes_mixed 20 00dab838 eafd2b30
[    5.575004] random 0025 0000 0000 5fcdf66a 6442b608: urand_change_num 40 extract_buf: pool_sig 0000028b, data_sig fffffefd, bytes_mixed 20 5fcdf66a 6442b608
[    5.575012] random 0025 0000 0000 61333f6b 8fae0f9b: urand_change_num 41 extract_buf: pool_sig 000000cb, data_sig 000000b3, bytes_mixed 20 61333f6b 8fae0f9b
[    5.575018] random 0025 0000 0000 61333f6b 8fae0f9b: urand_change_num 42 extract_buf: pool_sig fffffef8, data_sig 00000051, bytes_mixed 20 61333f6b 8fae0f9b
[    5.575021] BEGIN NET_SECRET:
[    5.575022] \xffffffe0
[    5.575022] \xffffffb6
[    5.575023] \x36
[    5.575024] \xffffffb5
[    5.575025] \xffffff94
[    5.575026] \xffffffb2
[    5.575027] \xffffffa8
[    5.575027] \xffffffda
[    5.575028] \x5b
[    5.575029] \x19
[    5.575030] \x18
[    5.575030] \x5c
[    5.575031] \x2b
[    5.575032] \x1
[    5.575033] \xffffff90
[    5.575033] \x19
[    5.575034] \x3c
[    5.575035] \xfffffff2
[    5.575036] \xffffff82
[    5.575037] \x2a
[    5.575037] \xffffffb3
[    5.575038] \xffffffa2
[    5.575039] \x3f
[    5.575040] \x5
[    5.575040] \x52
[    5.575041] \x77
[    5.575042] \x57
[    5.575043] \x79
[    5.575043] \x16
[    5.575044] \x43
[    5.575045] \xffffff84
[    5.575046] \xffffffc3
[    5.575046] \xffffffe9
[    5.575047] \x79
[    5.575048] \x50
[    5.575049] \xffffff8e
[    5.575049] \x3f
[    5.575050] \xfffffff3
[    5.575051] \x19
[    5.575052] \x2a
[    5.575052] \xfffffffd
[    5.575053] \xfffffffb
[    5.575054] \x62
[    5.575055] \x3c
[    5.575056] \xffffffac
[    5.575056] \x1c
[    5.575057] \x3b
[    5.575058] \x3b
[    5.575059] \x15
[    5.575059] \x27
[    5.575060] \xffffffa8
[    5.575061] \x22
[    5.575062] \xffffffc5
[    5.575062] \xffffff9a
[    5.575063] \x5
[    5.575064] \x6c
[    5.575065] \xffffffa8
[    5.575066] \x3a
[    5.575066] \x44
[    5.575067] \xffffffaf
[    5.575068] \x13
[    5.575069] \xffffffe0
[    5.575069] \xffffff9d
[    5.575070] \x22
[    5.575071] 
[    5.575071] END NET_SECRET
[    5.575074] random 0025 0000 0000 e7f555d9 e8ce5c3c: rand_read_num 9 get_random_bytes(4): sig 0000068c e7f555d9 e8ce5c3c
[    5.575077] random 0025 0000 0000 e7f555d9 e8ce5c3c: extract_entropy(.. 4 ..)
[    5.575079] random 0025 0000 0000 e7f555d9 e8ce5c3c: going to reseed nonblocking with 64 bits (32 of 0 requested)
[    5.575081] random 0025 0000 0000 e7f555d9 e8ce5c3c: extract_entropy(.. 8 ..)
[    5.575083] random 0025 0000 0000 e7f555d9 e8ce5c3c: trying to extract 64 bits from input
[    5.575086] random 0025 0000 0000 e7f555d9 e8ce5c3c: debiting 0 entropy credits from input
[    5.575088] random 0025 0000 0000 e7f555d9 e8ce5c3c: extract_entropy account returned: 0 
[    5.575091] random 0025 0000 0000 e7f555d9 e8ce5c3c: urand_change_num 43 xfer_secondary_pool(4): pool_sig 0000068c, data_sig 00000000, bytes_mixed 0 e7f555d9 e8ce5c3c
[    5.575094] random 0025 0000 0000 e7f555d9 e8ce5c3c: trying to extract 32 bits from nonblocking
[    5.575096] random 0025 0000 0000 e7f555d9 e8ce5c3c: debiting 32 entropy credits from nonblocking (unlimited)
[    5.575098] random 0025 0000 0000 e7f555d9 e8ce5c3c: extract_entropy account returned: 4 
[    5.575102] random 0025 0000 0000 e7f555d9 e8ce5c3c: urand_change_num 44 extract_buf: pool_sig 0000068c, data_sig fffffdcb, bytes_mixed 20 e7f555d9 e8ce5c3c
[    5.575113] md: Waiting for all devices to be available before autodetect
[    5.575207] md: If you don't use raid, use raid=noautodetect
[    5.575367] md: Autodetecting RAID arrays.
[    5.575455] md: Scanned 0 and added 0 devices.
[    5.575545] md: autorun ...
[    5.575631] md: ... autorun DONE.
[    5.589037] random 0025 0000 0000 e7f555d9 e8ce5c3c: add_disk_randomness(8:0) e7f555d9 e8ce5c3c
[    5.589040] random 0025 0000 0000 e7f555d9 e8ce5c3c: add_timer_randomness(.. 8388864) with jiffies: 13938822038496706973, cycles: -4507922039507517429
[    5.589043] random 0025 0000 0000 e7f555d9 e8ce5c3c: added 3 entropy credits to input
[    5.590163] random 0028 0000 0000 e7f555d9 e8ce5c3c: add_disk_randomness(8:0) e7f555d9 e8ce5c3c
[    5.590166] random 0028 0000 0000 e7f555d9 e8ce5c3c: add_timer_randomness(.. 8388864) with jiffies: 13948953475505947038, cycles: -4497790602498277365
[    5.590277] random 0028 0000 0000 e7f555d9 e8ce5c3c: add_disk_randomness(8:0) e7f555d9 e8ce5c3c
[    5.590280] random 0028 0000 0000 e7f555d9 e8ce5c3c: add_timer_randomness(.. 8388864) with jiffies: 13949981690676609438, cycles: -4496762387327614965
[    5.590286] EXT3-fs: sda2: couldn't mount because of unsupported optional features (240).
[    5.590507] random 0028 0000 0000 e7f555d9 e8ce5c3c: add_disk_randomness(8:0) e7f555d9 e8ce5c3c
[    5.590510] random 0028 0000 0000 e7f555d9 e8ce5c3c: add_timer_randomness(.. 8388864) with jiffies: 13952055348131758494, cycles: -4494688729872465909
[    5.590514] EXT2-fs: sda2: couldn't mount because of unsupported optional features (240).
[    5.590735] random 0028 0000 0000 e7f555d9 e8ce5c3c: add_disk_randomness(8:0) e7f555d9 e8ce5c3c
[    5.590738] random 0028 0000 0000 e7f555d9 e8ce5c3c: add_timer_randomness(.. 8388864) with jiffies: 13954108308139508126, cycles: -4492635769864716277
[    5.590868] random 0028 0000 0000 e7f555d9 e8ce5c3c: add_disk_randomness(8:0) e7f555d9 e8ce5c3c
[    5.590871] random 0028 0000 0000 e7f555d9 e8ce5c3c: add_timer_randomness(.. 8388864) with jiffies: 13955307982699594142, cycles: -4491436095304630261
[    5.591030] random 0028 0000 0000 e7f555d9 e8ce5c3c: add_disk_randomness(8:0) e7f555d9 e8ce5c3c
[    5.591033] random 0028 0000 0000 e7f555d9 e8ce5c3c: add_timer_randomness(.. 8388864) with jiffies: 13956751903459869087, cycles: -4489992174544355317
[    5.591154] random 0028 0000 0000 e7f555d9 e8ce5c3c: add_disk_randomness(8:0) e7f555d9 e8ce5c3c
[    5.591157] random 0028 0000 0000 e7f555d9 e8ce5c3c: add_timer_randomness(.. 8388864) with jiffies: 13957873332305756575, cycles: -4488870745698467829
[    5.591274] random 0028 0000 0000 e7f555d9 e8ce5c3c: add_disk_randomness(8:0) e7f555d9 e8ce5c3c
[    5.591277] random 0028 0000 0000 e7f555d9 e8ce5c3c: add_timer_randomness(.. 8388864) with jiffies: 13958953185868218783, cycles: -4487790892136005621
[    5.591386] random 0028 0000 0000 e7f555d9 e8ce5c3c: add_disk_randomness(8:0) e7f555d9 e8ce5c3c
[    5.591389] random 0028 0000 0000 e7f555d9 e8ce5c3c: add_timer_randomness(.. 8388864) with jiffies: 13959961330656706975, cycles: -4486782747347517429
[    5.591495] random 0028 0000 0000 e7f555d9 e8ce5c3c: add_disk_randomness(8:0) e7f555d9 e8ce5c3c
[    5.591498] random 0028 0000 0000 e7f555d9 e8ce5c3c: add_timer_randomness(.. 8388864) with jiffies: 13960947695666037151, cycles: -4485796382338187253
[    5.591648] random 0028 0000 0000 e7f555d9 e8ce5c3c: add_disk_randomness(8:0) e7f555d9 e8ce5c3c
[    5.591651] random 0028 0000 0000 e7f555d9 e8ce5c3c: add_timer_randomness(.. 8388864) with jiffies: 13962324108130353567, cycles: -4484419969873870837
[    5.591891] random 0028 0000 0000 e7f555d9 e8ce5c3c: rand_read_num 10 get_random_bytes(4): sig ffffff72 e7f555d9 e8ce5c3c
[    5.591893] random 0028 0000 0000 e7f555d9 e8ce5c3c: extract_entropy(.. 4 ..)
[    5.591896] random 0028 0000 0000 e7f555d9 e8ce5c3c: going to reseed nonblocking with 64 bits (32 of 0 requested)
[    5.591898] random 0028 0000 0000 e7f555d9 e8ce5c3c: extract_entropy(.. 8 ..)
[    5.591900] random 0028 0000 0000 e7f555d9 e8ce5c3c: trying to extract 64 bits from input
[    5.591902] random 0028 0000 0000 e7f555d9 e8ce5c3c: debiting 0 entropy credits from input
[    5.591904] random 0028 0000 0000 e7f555d9 e8ce5c3c: extract_entropy account returned: 0 
[    5.591907] random 0028 0000 0000 e7f555d9 e8ce5c3c: urand_change_num 45 xfer_secondary_pool(4): pool_sig ffffff72, data_sig 00000000, bytes_mixed 0 e7f555d9 e8ce5c3c
[    5.591910] random 0028 0000 0000 e7f555d9 e8ce5c3c: trying to extract 32 bits from nonblocking
[    5.591912] random 0028 0000 0000 e7f555d9 e8ce5c3c: debiting 32 entropy credits from nonblocking (unlimited)
[    5.591915] random 0028 0000 0000 e7f555d9 e8ce5c3c: extract_entropy account returned: 4 
[    5.591919] random 0028 0000 0000 e7f555d9 e8ce5c3c: urand_change_num 46 extract_buf: pool_sig ffffff72, data_sig ffffff72, bytes_mixed 20 e7f555d9 e8ce5c3c
[    5.603488] random 0028 0000 0000 91716c54 eeb6a1e7: add_disk_randomness(8:0) 91716c54 eeb6a1e7
[    5.603491] random 0028 0000 0000 91716c54 eeb6a1e7: add_timer_randomness(.. 8388864) with jiffies: 14068853646556889515, cycles: -4377890431447334901
[    5.603493] random 0028 0000 0000 91716c54 eeb6a1e7: added 3 entropy credits to input
[    5.621755] random 0031 0000 0000 91716c54 eeb6a1e7: add_disk_randomness(8:0) 91716c54 eeb6a1e7
[    5.621758] random 0031 0000 0000 91716c54 eeb6a1e7: add_timer_randomness(.. 8388864) with jiffies: 14233227327784583613, cycles: -4213516750219640821
[    5.621761] random 0031 0000 0000 91716c54 eeb6a1e7: added 2 entropy credits to input
[    5.626493] EXT4-fs (sda2): mounted filesystem with ordered data mode
[    5.626693] VFS: Mounted root (ext4 filesystem) readonly on device 8:2.
[    5.626795] Freeing unused kernel memory: 448k freed
[    5.646906] random 0033 0000 0000 91716c54 eeb6a1e7: add_disk_randomness(8:0) 91716c54 eeb6a1e7
[    5.646909] random 0033 0000 0000 91716c54 eeb6a1e7: add_timer_randomness(.. 8388864) with jiffies: 14459525624147706326, cycles: -3987218453856518133
[    5.647637] random 0033 0000 0000 91716c54 eeb6a1e7: add_disk_randomness(8:0) 91716c54 eeb6a1e7
[    5.647641] random 0033 0000 0000 91716c54 eeb6a1e7: add_timer_randomness(.. 8388864) with jiffies: 14466106471822885335, cycles: -3980637606181339125
[    5.652368] random 0033 0000 0000 91716c54 eeb6a1e7: add_disk_randomness(8:0) 91716c54 eeb6a1e7
[    5.652371] random 0033 0000 0000 91716c54 eeb6a1e7: add_timer_randomness(.. 8388864) with jiffies: 14508670160366961116, cycles: -3938073917637263349
[    5.652374] random 0033 0000 0000 91716c54 eeb6a1e7: added 2 entropy credits to input
[    5.660561] random 0035 0000 0000 91716c54 eeb6a1e7: add_disk_randomness(8:0) 91716c54 eeb6a1e7
[    5.660564] random 0035 0000 0000 91716c54 eeb6a1e7: add_timer_randomness(.. 8388864) with jiffies: 14582388227416228324, cycles: -3864355850587996149
[    5.663981] random 0035 0000 0000 91716c54 eeb6a1e7: add_disk_randomness(8:0) 91716c54 eeb6a1e7
[    5.663984] random 0035 0000 0000 91716c54 eeb6a1e7: add_timer_randomness(.. 8388864) with jiffies: 14613170331041104359, cycles: -3833573746963120117
[    5.663987] random 0035 0000 0000 91716c54 eeb6a1e7: added 1 entropy credits to input
[    5.672880] random 0036 0000 0000 91716c54 eeb6a1e7: add_disk_randomness(8:0) 91716c54 eeb6a1e7
[    5.672883] random 0036 0000 0000 91716c54 eeb6a1e7: add_timer_randomness(.. 8388864) with jiffies: 14693234963889488368, cycles: -3753509114114736117
[    5.672886] random 0036 0000 0000 91716c54 eeb6a1e7: added 2 entropy credits to input
[    5.686160] random 0038 0000 0000 91716c54 eeb6a1e7: add_disk_randomness(8:0) 91716c54 eeb6a1e7
[    5.686163] random 0038 0000 0000 91716c54 eeb6a1e7: add_timer_randomness(.. 8388864) with jiffies: 14812713613965099518, cycles: -3634030464039124981
[    5.694235] random 0038 0000 0000 91716c54 eeb6a1e7: add_disk_randomness(8:0) 91716c54 eeb6a1e7
[    5.694238] random 0038 0000 0000 91716c54 eeb6a1e7: add_timer_randomness(.. 8388864) with jiffies: 14885379203573449222, cycles: -3561364874430775285
[    5.694241] random 0038 0000 0000 91716c54 eeb6a1e7: added 2 entropy credits to input
[    5.694264] RANDOM get_random_int call with cycles 50710467549, jiffies 4294672902 and pid 1
[    5.694267] RANDOM get_random_int call with cycles 50710474563, jiffies 4294672902 and pid 1
[    5.694269] ASLR stack rand value: 2068480 after shift for pid: 1
[    5.694271] RANDOM get_random_int call with cycles 50710482396, jiffies 4294672902 and pid 1
[    5.705881] random 0040 0000 0000 91716c54 eeb6a1e7: add_disk_randomness(8:0) 91716c54 eeb6a1e7
[    5.705884] random 0040 0000 0000 91716c54 eeb6a1e7: add_timer_randomness(.. 8388864) with jiffies: 14990170336807059985, cycles: -3456573741197164533
[    5.705886] random 0040 0000 0000 91716c54 eeb6a1e7: added 1 entropy credits to input
[    5.705897] RANDOM get_random_int call with cycles 50734839960, jiffies 4294672913 and pid 1
[    5.705903] random 0041 0000 0000 91716c54 eeb6a1e7: rand_read_num 11 get_random_bytes(16): sig fffffcad 91716c54 eeb6a1e7
[    5.705905] random 0041 0000 0000 91716c54 eeb6a1e7: extract_entropy(.. 16 ..)
[    5.705908] random 0041 0000 0000 91716c54 eeb6a1e7: going to reseed nonblocking with 128 bits (128 of 0 requested)
[    5.705910] random 0041 0000 0000 91716c54 eeb6a1e7: extract_entropy(.. 16 ..)
[    5.705912] random 0041 0000 0000 91716c54 eeb6a1e7: trying to extract 128 bits from input
[    5.705914] random 0041 0000 0000 91716c54 eeb6a1e7: debiting 0 entropy credits from input
[    5.705916] random 0041 0000 0000 91716c54 eeb6a1e7: extract_entropy account returned: 0 
[    5.705919] random 0041 0000 0000 91716c54 eeb6a1e7: urand_change_num 47 xfer_secondary_pool(16): pool_sig fffffcad, data_sig 00000000, bytes_mixed 0 91716c54 eeb6a1e7
[    5.705922] random 0041 0000 0000 91716c54 eeb6a1e7: trying to extract 128 bits from nonblocking
[    5.705925] random 0041 0000 0000 91716c54 eeb6a1e7: debiting 128 entropy credits from nonblocking (unlimited)
[    5.705927] random 0041 0000 0000 91716c54 eeb6a1e7: extract_entropy account returned: 16 
[    5.705931] random 0041 0000 0000 91716c54 eeb6a1e7: urand_change_num 48 extract_buf: pool_sig fffffcad, data_sig ffffff19, bytes_mixed 20 91716c54 eeb6a1e7
[    5.705937] random 0041 0000 0000 fd637b06 6cf47bc1: urand_change_num 49 extract_buf: pool_sig fffffede, data_sig ffffffc1, bytes_mixed 20 fd637b06 6cf47bc1
[    5.706888] random 0041 0000 0000 fd637b06 6cf47bc1: add_disk_randomness(8:0) fd637b06 6cf47bc1
[    5.706891] random 0041 0000 0000 fd637b06 6cf47bc1: add_timer_randomness(.. 8388864) with jiffies: 14999231167318426130, cycles: -3447512910685798389
[    5.708029] random 0041 0000 0000 fd637b06 6cf47bc1: add_disk_randomness(8:0) fd637b06 6cf47bc1
[    5.708032] random 0041 0000 0000 fd637b06 6cf47bc1: add_timer_randomness(.. 8388864) with jiffies: 15009489103999435284, cycles: -3437254974004789237
[    5.709181] random 0041 0000 0000 fd637b06 6cf47bc1: add_disk_randomness(8:0) fd637b06 6cf47bc1
[    5.709184] random 0041 0000 0000 fd637b06 6cf47bc1: add_timer_randomness(.. 8388864) with jiffies: 15019854908784083477, cycles: -3426889169220141045
[    5.710065] random 0041 0000 0000 fd637b06 6cf47bc1: add_disk_randomness(8:0) fd637b06 6cf47bc1
[    5.710068] random 0041 0000 0000 fd637b06 6cf47bc1: add_timer_randomness(.. 8388864) with jiffies: 15027811627757699606, cycles: -3418932450246524917
[    5.718873] random 0041 0000 0000 fd637b06 6cf47bc1: add_disk_randomness(8:0) fd637b06 6cf47bc1
[    5.718876] random 0041 0000 0000 fd637b06 6cf47bc1: add_timer_randomness(.. 8388864) with jiffies: 15107076013709558302, cycles: -3339668064294666229
[    5.718879] random 0041 0000 0000 fd637b06 6cf47bc1: added 2 entropy credits to input
[    5.719077] random 0043 0000 0000 fd637b06 6cf47bc1: add_disk_randomness(8:0) fd637b06 6cf47bc1
[    5.719080] random 0043 0000 0000 fd637b06 6cf47bc1: add_timer_randomness(.. 8388864) with jiffies: 15108896044755943967, cycles: -3337848033248280565
[    5.729263] random 0043 0000 0000 fd637b06 6cf47bc1: add_disk_randomness(8:0) fd637b06 6cf47bc1
[    5.729266] random 0043 0000 0000 fd637b06 6cf47bc1: add_timer_randomness(.. 8388864) with jiffies: 15200545823604310569, cycles: -3246198254399913973
[    5.729268] random 0043 0000 0000 fd637b06 6cf47bc1: added 3 entropy credits to input
[    5.729700] random 0046 0000 0000 fd637b06 6cf47bc1: add_disk_randomness(8:0) fd637b06 6cf47bc1
[    5.729703] random 0046 0000 0000 fd637b06 6cf47bc1: add_timer_randomness(.. 8388864) with jiffies: 15204489432510726697, cycles: -3242254645493497845
[    5.739445] random 0046 0000 0000 fd637b06 6cf47bc1: add_disk_randomness(8:0) fd637b06 6cf47bc1
[    5.739448] random 0046 0000 0000 fd637b06 6cf47bc1: add_timer_randomness(.. 8388864) with jiffies: 15292168634353025587, cycles: -3154575443651198965
[    5.739451] random 0046 0000 0000 fd637b06 6cf47bc1: added 3 entropy credits to input
[    5.739504] RANDOM get_random_int call with cycles 50805244623, jiffies 4294672947 and pid 1
[    5.744049] random 0049 0000 0000 fd637b06 6cf47bc1: add_disk_randomness(8:0) fd637b06 6cf47bc1
[    5.744052] random 0049 0000 0000 fd637b06 6cf47bc1: add_timer_randomness(.. 8388864) with jiffies: 15333589423509701176, cycles: -3113154654494523381
[    5.744055] random 0049 0000 0000 fd637b06 6cf47bc1: added 2 entropy credits to input
[    5.756873] random 0051 0000 0000 fd637b06 6cf47bc1: add_disk_randomness(8:0) fd637b06 6cf47bc1
[    5.756876] random 0051 0000 0000 fd637b06 6cf47bc1: add_timer_randomness(.. 8388864) with jiffies: 15448991471016575556, cycles: -2997752606987649013
[    5.756879] random 0051 0000 0000 fd637b06 6cf47bc1: added 2 entropy credits to input
[    5.757014] random 0053 0000 0000 fd637b06 6cf47bc1: add_disk_randomness(8:0) fd637b06 6cf47bc1
[    5.757017] random 0053 0000 0000 fd637b06 6cf47bc1: add_timer_randomness(.. 8388864) with jiffies: 15450240615009976901, cycles: -2996503462994247669
[    5.759179] random 0053 0000 0000 fd637b06 6cf47bc1: add_disk_randomness(8:0) fd637b06 6cf47bc1
[    5.759182] random 0053 0000 0000 fd637b06 6cf47bc1: add_timer_randomness(.. 8388864) with jiffies: 15469726782847681095, cycles: -2977017295156543477
[    5.759417] random 0053 0000 0000 fd637b06 6cf47bc1: add_disk_randomness(8:0) fd637b06 6cf47bc1
[    5.759420] random 0053 0000 0000 fd637b06 6cf47bc1: add_timer_randomness(.. 8388864) with jiffies: 15471873136919282247, cycles: -2974870941084942325
[    5.759559] random 0053 0000 0000 fd637b06 6cf47bc1: add_disk_randomness(8:0) fd637b06 6cf47bc1
[    5.759562] random 0053 0000 0000 fd637b06 6cf47bc1: add_timer_randomness(.. 8388864) with jiffies: 15473151684258792007, cycles: -2973592393745432565
[    5.762729] random 0053 0000 0000 fd637b06 6cf47bc1: add_disk_randomness(8:0) fd637b06 6cf47bc1
[    5.762732] random 0053 0000 0000 fd637b06 6cf47bc1: add_timer_randomness(.. 8388864) with jiffies: 15501675184841785930, cycles: -2945068893162438645
[    5.762735] random 0053 0000 0000 fd637b06 6cf47bc1: added 1 entropy credits to input
[    5.764742] random 0054 0000 0000 fd637b06 6cf47bc1: add_disk_randomness(8:0) fd637b06 6cf47bc1
[    5.764745] random 0054 0000 0000 fd637b06 6cf47bc1: add_timer_randomness(.. 8388864) with jiffies: 15519789497175474764, cycles: -2926954580828749813
[    5.772569] random 0054 0000 0000 fd637b06 6cf47bc1: add_disk_randomness(8:0) fd637b06 6cf47bc1
[    5.772572] random 0054 0000 0000 fd637b06 6cf47bc1: add_timer_randomness(.. 8388864) with jiffies: 15590208750168539732, cycles: -2856535327835684853
[    5.772574] random 0054 0000 0000 fd637b06 6cf47bc1: added 2 entropy credits to input
[    5.772703] random 0056 0000 0000 fd637b06 6cf47bc1: add_disk_randomness(8:0) fd637b06 6cf47bc1
[    5.772706] random 0056 0000 0000 fd637b06 6cf47bc1: add_timer_randomness(.. 8388864) with jiffies: 15591420016845357652, cycles: -2855324061158866933
[    5.776269] random 0056 0000 0000 fd637b06 6cf47bc1: add_disk_randomness(8:0) fd637b06 6cf47bc1
[    5.776272] random 0056 0000 0000 fd637b06 6cf47bc1: add_timer_randomness(.. 8388864) with jiffies: 15623501996617335384, cycles: -2823242081386889205
[    5.776275] random 0056 0000 0000 fd637b06 6cf47bc1: added 2 entropy credits to input
[    5.780763] random 0058 0000 0000 fd637b06 6cf47bc1: add_disk_randomness(8:0) fd637b06 6cf47bc1
[    5.780766] random 0058 0000 0000 fd637b06 6cf47bc1: add_timer_randomness(.. 8388864) with jiffies: 15663940664192369244, cycles: -2782803413811855349
[    5.786343] random 0058 0000 0000 fd637b06 6cf47bc1: add_disk_randomness(8:0) fd637b06 6cf47bc1
[    5.786347] random 0058 0000 0000 fd637b06 6cf47bc1: add_timer_randomness(.. 8388864) with jiffies: 15714149806840185442, cycles: -2732594271164039157
[    5.786349] random 0058 0000 0000 fd637b06 6cf47bc1: added 1 entropy credits to input
[    5.792619] random 0059 0000 0000 fd637b06 6cf47bc1: add_disk_randomness(8:0) fd637b06 6cf47bc1
[    5.792622] random 0059 0000 0000 fd637b06 6cf47bc1: add_timer_randomness(.. 8388864) with jiffies: 15770616635233895016, cycles: -2676127442770329589
[    5.792636] random 0059 0000 0000 fd637b06 6cf47bc1: rand_read_num 12 get_random_bytes(16): sig 0000033b fd637b06 6cf47bc1
[    5.792638] random 0059 0000 0000 fd637b06 6cf47bc1: extract_entropy(.. 16 ..)
[    5.792641] random 0059 0000 0000 fd637b06 6cf47bc1: going to reseed nonblocking with 128 bits (128 of 0 requested)
[    5.792643] random 0059 0000 0000 fd637b06 6cf47bc1: extract_entropy(.. 16 ..)
[    5.792645] random 0059 0000 0000 fd637b06 6cf47bc1: trying to extract 128 bits from input
[    5.792647] random 0059 0000 0000 fd637b06 6cf47bc1: debiting 0 entropy credits from input
[    5.792649] random 0059 0000 0000 fd637b06 6cf47bc1: extract_entropy account returned: 0 
[    5.792652] random 0059 0000 0000 fd637b06 6cf47bc1: urand_change_num 50 xfer_secondary_pool(16): pool_sig 0000033b, data_sig 00000000, bytes_mixed 0 fd637b06 6cf47bc1
[    5.792655] random 0059 0000 0000 fd637b06 6cf47bc1: trying to extract 128 bits from nonblocking
[    5.792658] random 0059 0000 0000 fd637b06 6cf47bc1: debiting 128 entropy credits from nonblocking (unlimited)
[    5.792660] random 0059 0000 0000 fd637b06 6cf47bc1: extract_entropy account returned: 16 
[    5.792664] random 0059 0000 0000 fd637b06 6cf47bc1: urand_change_num 51 extract_buf: pool_sig 0000033b, data_sig 000000d8, bytes_mixed 20 fd637b06 6cf47bc1
[    5.792670] random 0059 0000 0000 0ec1f012 d4727ca8: urand_change_num 52 extract_buf: pool_sig fffffcf5, data_sig 00000016, bytes_mixed 20 0ec1f012 d4727ca8
[    5.799366] random 0059 0000 0000 45b1d0b1 845a73f7: add_disk_randomness(8:0) 45b1d0b1 845a73f7
[    5.799369] random 0059 0000 0000 45b1d0b1 845a73f7: add_timer_randomness(.. 8388864) with jiffies: 15831320294246285935, cycles: -2615423783757938677
[    5.806588] random 0059 0000 0000 45b1d0b1 845a73f7: add_disk_randomness(8:0) 45b1d0b1 845a73f7
[    5.806591] random 0059 0000 0000 45b1d0b1 845a73f7: add_timer_randomness(.. 8388864) with jiffies: 15896304888896520822, cycles: -2550439189107703797
[    5.816232] random 0059 0000 0000 45b1d0b1 845a73f7: add_disk_randomness(8:0) 45b1d0b1 845a73f7
[    5.816235] random 0059 0000 0000 45b1d0b1 845a73f7: add_timer_randomness(.. 8388864) with jiffies: 15983077006530806400, cycles: -2463667071473418229
[    5.816238] random 0059 0000 0000 45b1d0b1 845a73f7: added 1 entropy credits to input
[    5.824006] random 0060 0000 0000 45b1d0b1 845a73f7: add_disk_randomness(8:0) 45b1d0b1 845a73f7
[    5.824008] random 0060 0000 0000 45b1d0b1 845a73f7: add_timer_randomness(.. 8388864) with jiffies: 16053019539628851848, cycles: -2393724538375372789
[    5.824011] random 0060 0000 0000 45b1d0b1 845a73f7: added 1 entropy credits to input
[    5.827153] random 0061 0000 0000 45b1d0b1 845a73f7: add_disk_randomness(8:0) 45b1d0b1 845a73f7
[    5.827156] random 0061 0000 0000 45b1d0b1 845a73f7: add_timer_randomness(.. 8388864) with jiffies: 16081340734367302283, cycles: -2365403343636922357
[    5.827159] random 0061 0000 0000 45b1d0b1 845a73f7: added 1 entropy credits to input
[    5.841421] random 0062 0000 0000 45b1d0b1 845a73f7: add_disk_randomness(8:0) 45b1d0b1 845a73f7
[    5.841424] random 0062 0000 0000 45b1d0b1 845a73f7: add_timer_randomness(.. 8388864) with jiffies: 16209724625469014681, cycles: -2237019452535209973
[    5.841427] random 0062 0000 0000 45b1d0b1 845a73f7: added 3 entropy credits to input
[    5.846814] random 0065 0000 0000 45b1d0b1 845a73f7: add_disk_randomness(8:0) 45b1d0b1 845a73f7
[    5.846817] random 0065 0000 0000 45b1d0b1 845a73f7: add_timer_randomness(.. 8388864) with jiffies: 16258253946277823134, cycles: -2188490131726401525
[    5.846819] random 0065 0000 0000 45b1d0b1 845a73f7: added 2 entropy credits to input
[    5.851988] random 0067 0000 0000 45b1d0b1 845a73f7: add_disk_randomness(8:0) 45b1d0b1 845a73f7
[    5.851991] random 0067 0000 0000 45b1d0b1 845a73f7: add_timer_randomness(.. 8388864) with jiffies: 16304802737407361700, cycles: -2141941340596862965
[    5.860213] random 0067 0000 0000 45b1d0b1 845a73f7: add_disk_randomness(8:0) 45b1d0b1 845a73f7
[    5.860216] random 0067 0000 0000 45b1d0b1 845a73f7: add_timer_randomness(.. 8388864) with jiffies: 16378808073344221868, cycles: -2067936004660002805
[    5.869813] random 0067 0000 0000 45b1d0b1 845a73f7: add_disk_randomness(8:0) 45b1d0b1 845a73f7
[    5.869816] random 0067 0000 0000 45b1d0b1 845a73f7: add_timer_randomness(.. 8388864) with jiffies: 16465193119935857333, cycles: -1981550958068367349
[    5.889318] random 0067 0000 0000 45b1d0b1 845a73f7: add_disk_randomness(8:0) 45b1d0b1 845a73f7
[    5.889321] random 0067 0000 0000 45b1d0b1 845a73f7: add_timer_randomness(.. 8388864) with jiffies: 16640688928214188745, cycles: -1806055149790035957
[    5.889324] random 0067 0000 0000 45b1d0b1 845a73f7: added 3 entropy credits to input
[    5.902599] random 0070 0000 0000 45b1d0b1 845a73f7: add_disk_randomness(8:0) 45b1d0b1 845a73f7
[    5.902602] random 0070 0000 0000 45b1d0b1 845a73f7: add_timer_randomness(.. 8388864) with jiffies: 16760191522732475094, cycles: -1686552555271749621
[    5.902604] random 0070 0000 0000 45b1d0b1 845a73f7: added 2 entropy credits to input
[    5.910618] random 0072 0000 0000 45b1d0b1 845a73f7: add_disk_randomness(8:0) 45b1d0b1 845a73f7
[    5.910621] random 0072 0000 0000 45b1d0b1 845a73f7: add_timer_randomness(.. 8388864) with jiffies: 16832344898836071134, cycles: -1614399179168153589
[    5.910623] random 0072 0000 0000 45b1d0b1 845a73f7: added 1 entropy credits to input
[    5.920628] random 0073 0000 0000 45b1d0b1 845a73f7: add_disk_randomness(8:0) 45b1d0b1 845a73f7
[    5.920631] random 0073 0000 0000 45b1d0b1 845a73f7: add_timer_randomness(.. 8388864) with jiffies: 16922420112608953064, cycles: -1524323965395271669
[    5.920634] random 0073 0000 0000 45b1d0b1 845a73f7: added 1 entropy credits to input
[    5.933515] random 0074 0000 0000 45b1d0b1 845a73f7: add_disk_randomness(8:0) 45b1d0b1 845a73f7
[    5.933518] random 0074 0000 0000 45b1d0b1 845a73f7: add_timer_randomness(.. 8388864) with jiffies: 17038370223712600821, cycles: -1408373854291623925
[    5.940873] random 0074 0000 0000 45b1d0b1 845a73f7: add_disk_randomness(8:0) 45b1d0b1 845a73f7
[    5.940876] random 0074 0000 0000 45b1d0b1 845a73f7: add_timer_randomness(.. 8388864) with jiffies: 17104579386553369340, cycles: -1342164691450855413
[    5.940879] random 0074 0000 0000 45b1d0b1 845a73f7: added 2 entropy credits to input
[    5.946163] random 0076 0000 0000 45b1d0b1 845a73f7: add_disk_randomness(8:0) 45b1d0b1 845a73f7
[    5.946166] random 0076 0000 0000 45b1d0b1 845a73f7: add_timer_randomness(.. 8388864) with jiffies: 17152172490390995714, cycles: -1294571587613229045
[    5.952557] random 0076 0000 0000 45b1d0b1 845a73f7: add_disk_randomness(8:0) 45b1d0b1 845a73f7
[    5.952560] random 0076 0000 0000 45b1d0b1 845a73f7: add_timer_randomness(.. 8388864) with jiffies: 17209708391979254536, cycles: -1237035686024970229
[    5.957612] random 0076 0000 0000 45b1d0b1 845a73f7: add_disk_randomness(8:0) 45b1d0b1 845a73f7
[    5.957615] random 0076 0000 0000 45b1d0b1 845a73f7: add_timer_randomness(.. 8388864) with jiffies: 17255190948887626509, cycles: -1191553129116598261
[    5.963509] random 0076 0000 0000 45b1d0b1 845a73f7: add_disk_randomness(8:0) 45b1d0b1 845a73f7
[    5.963512] random 0076 0000 0000 45b1d0b1 845a73f7: add_timer_randomness(.. 8388864) with jiffies: 17308248565385757459, cycles: -1138495512618467317
[    5.972866] random 0076 0000 0000 45b1d0b1 845a73f7: add_disk_randomness(8:0) 45b1d0b1 845a73f7
[    5.972869] random 0076 0000 0000 45b1d0b1 845a73f7: add_timer_randomness(.. 8388864) with jiffies: 17392444187973747484, cycles: -1054299890030477301
[    5.972872] random 0076 0000 0000 45b1d0b1 845a73f7: added 1 entropy credits to input
[    5.977745] random 0077 0000 0000 45b1d0b1 845a73f7: add_disk_randomness(8:0) 45b1d0b1 845a73f7
[    5.977748] random 0077 0000 0000 45b1d0b1 845a73f7: add_timer_randomness(.. 8388864) with jiffies: 17436340815323169569, cycles: -1010403262681055221
[    5.977750] random 0077 0000 0000 45b1d0b1 845a73f7: added 2 entropy credits to input
[    5.985177] random 0079 0000 0000 45b1d0b1 845a73f7: add_disk_randomness(8:0) 45b1d0b1 845a73f7
[    5.985180] random 0079 0000 0000 45b1d0b1 845a73f7: add_timer_randomness(.. 8388864) with jiffies: 17503207722340549417, cycles: -943536355663675381
[    5.985183] random 0079 0000 0000 45b1d0b1 845a73f7: added 1 entropy credits to input
[    5.991391] random 0080 0000 0000 45b1d0b1 845a73f7: add_disk_randomness(8:0) 45b1d0b1 845a73f7
[    5.991394] random 0080 0000 0000 45b1d0b1 845a73f7: add_timer_randomness(.. 8388864) with jiffies: 17559120169240593199, cycles: -887623908763631605
[    5.991396] random 0080 0000 0000 45b1d0b1 845a73f7: added 1 entropy credits to input
[    5.991548] random 0081 0000 0000 45b1d0b1 845a73f7: add_disk_randomness(8:0) 45b1d0b1 845a73f7
[    5.991551] random 0081 0000 0000 45b1d0b1 845a73f7: add_timer_randomness(.. 8388864) with jiffies: 17560537255045202735, cycles: -886206822959022069
[    6.005953] random 0081 0000 0000 45b1d0b1 845a73f7: add_disk_randomness(8:0) 45b1d0b1 845a73f7
[    6.005957] random 0081 0000 0000 45b1d0b1 845a73f7: add_timer_randomness(.. 8388864) with jiffies: 17690148377217172286, cycles: -756595700787052533
[    6.005960] random 0081 0000 0000 45b1d0b1 845a73f7: added 3 entropy credits to input
[    6.013370] random 0084 0000 0000 45b1d0b1 845a73f7: add_disk_randomness(8:0) 45b1d0b1 845a73f7
[    6.013373] random 0084 0000 0000 45b1d0b1 845a73f7: add_timer_randomness(.. 8388864) with jiffies: 17756885181085221701, cycles: -689858896919003125
[    6.013376] random 0084 0000 0000 45b1d0b1 845a73f7: added 2 entropy credits to input
[    6.023053] random 0086 0000 0000 45b1d0b1 845a73f7: add_disk_randomness(8:0) 45b1d0b1 845a73f7
[    6.023056] random 0086 0000 0000 45b1d0b1 845a73f7: add_timer_randomness(.. 8388864) with jiffies: 17844004181753168719, cycles: -602739896251056117
[    6.023059] random 0086 0000 0000 45b1d0b1 845a73f7: added 1 entropy credits to input
[    6.033678] random 0087 0000 0000 45b1d0b1 845a73f7: add_disk_randomness(8:0) 45b1d0b1 845a73f7
[    6.033681] random 0087 0000 0000 45b1d0b1 845a73f7: add_timer_randomness(.. 8388864) with jiffies: 17939615024255042393, cycles: -507129053749182453
[    6.046198] random 0087 0000 0000 45b1d0b1 845a73f7: add_disk_randomness(8:0) 45b1d0b1 845a73f7
[    6.046201] random 0087 0000 0000 45b1d0b1 845a73f7: add_timer_randomness(.. 8388864) with jiffies: 18052263168796492646, cycles: -394480909207732213
[    6.046204] random 0087 0000 0000 45b1d0b1 845a73f7: added 1 entropy credits to input
[    6.047406] random 0088 0000 0000 45b1d0b1 845a73f7: add_disk_randomness(8:0) 45b1d0b1 845a73f7
[    6.047409] random 0088 0000 0000 45b1d0b1 845a73f7: add_timer_randomness(.. 8388864) with jiffies: 18063139293005316967, cycles: -383604784998907893
[    6.051419] random 0088 0000 0000 45b1d0b1 845a73f7: add_disk_randomness(8:0) 45b1d0b1 845a73f7
[    6.051422] random 0088 0000 0000 45b1d0b1 845a73f7: add_timer_randomness(.. 8388864) with jiffies: 18099242770915623787, cycles: -347501307088601077
[    6.051425] random 0088 0000 0000 45b1d0b1 845a73f7: added 1 entropy credits to input
[    6.060763] random 0089 0000 0000 45b1d0b1 845a73f7: add_disk_randomness(8:0) 45b1d0b1 845a73f7
[    6.060766] random 0089 0000 0000 45b1d0b1 845a73f7: add_timer_randomness(.. 8388864) with jiffies: 18183326689994179444, cycles: -263417388010045429
[    6.060769] random 0089 0000 0000 45b1d0b1 845a73f7: added 1 entropy credits to input
[    6.061110] random 0090 0000 0000 45b1d0b1 845a73f7: add_disk_randomness(8:0) 45b1d0b1 845a73f7
[    6.061113] random 0090 0000 0000 45b1d0b1 845a73f7: add_timer_randomness(.. 8388864) with jiffies: 18186439656520516469, cycles: -260304421483708405
[    6.076769] random 0090 0000 0000 45b1d0b1 845a73f7: add_disk_randomness(8:0) 45b1d0b1 845a73f7
[    6.076772] random 0090 0000 0000 45b1d0b1 845a73f7: add_timer_randomness(.. 8388864) with jiffies: 18327340984993284996, cycles: -119403093010939893
[    6.076775] random 0090 0000 0000 45b1d0b1 845a73f7: added 3 entropy credits to input
[    6.078403] random 0093 0000 0000 45b1d0b1 845a73f7: add_disk_randomness(8:0) 45b1d0b1 845a73f7
[    6.078406] random 0093 0000 0000 45b1d0b1 845a73f7: add_timer_randomness(.. 8388864) with jiffies: 18342042207075926918, cycles: -104701870928297973
[    6.078409] random 0093 0000 0000 45b1d0b1 845a73f7: added 1 entropy credits to input
[    6.078554] random 0094 0000 0000 45b1d0b1 845a73f7: add_disk_randomness(8:0) 45b1d0b1 845a73f7
[    6.078557] random 0094 0000 0000 45b1d0b1 845a73f7: add_timer_randomness(.. 8388864) with jiffies: 18343401031649166214, cycles: -103343046355058677
[    6.089422] random 0094 0000 0000 45b1d0b1 845a73f7: add_disk_randomness(8:0) 45b1d0b1 845a73f7
[    6.089425] random 0094 0000 0000 45b1d0b1 845a73f7: add_timer_randomness(.. 8388864) with jiffies: 18441189568598999953, cycles: -5554509405224949
[    6.089428] random 0094 0000 0000 45b1d0b1 845a73f7: added 3 entropy credits to input
[    6.089988] random 0097 0000 0000 45b1d0b1 845a73f7: add_disk_randomness(8:0) 45b1d0b1 845a73f7
[    6.089991] random 0097 0000 0000 45b1d0b1 845a73f7: add_timer_randomness(.. 8388864) with jiffies: 18446274139862565778, cycles: -469938141659125
[    6.095218] random 0097 0000 0000 45b1d0b1 845a73f7: add_disk_randomness(8:0) 45b1d0b1 845a73f7
[    6.095221] random 0097 0000 0000 45b1d0b1 845a73f7: add_timer_randomness(.. 8388864) with jiffies: 46588541051569047, cycles: 46588536756895756
[    6.095223] random 0097 0000 0000 45b1d0b1 845a73f7: added 2 entropy credits to input
[    6.096970] random 0099 0000 0000 45b1d0b1 845a73f7: add_disk_randomness(8:0) 45b1d0b1 845a73f7
[    6.096973] random 0099 0000 0000 45b1d0b1 845a73f7: add_timer_randomness(.. 8388864) with jiffies: 62349997286065049, cycles: 62349992991391756
[    6.096976] random 0099 0000 0000 45b1d0b1 845a73f7: added 1 entropy credits to input
[    6.107196] random 0100 0000 0000 45b1d0b1 845a73f7: add_disk_randomness(8:0) 45b1d0b1 845a73f7
[    6.107199] random 0100 0000 0000 45b1d0b1 845a73f7: add_timer_randomness(.. 8388864) with jiffies: 154367455399740323, cycles: 154367451105067020
