[    0.000000] random 0000 0000 0000 00000000 00000000: rand_read_num 1 get_random_bytes(8): sig 00000000 00000000 00000000
[    0.000000] random 0000 0000 0000 00000000 00000000: extract_entropy(.. 8 ..)
[    0.000000] random 0000 0000 0000 00000000 00000000: going to reseed nonblocking with 64 bits (64 of 0 requested)
[    0.000000] random 0000 0000 0000 00000000 00000000: extract_entropy(.. 8 ..)
[    0.000000] random 0000 0000 0000 00000000 00000000: trying to extract 64 bits from input
[    0.000000] random 0000 0000 0000 00000000 00000000: debiting 0 entropy credits from input
[    0.000000] random 0000 0000 0000 00000000 00000000: extract_entropy account returned: 0 
[    0.000000] random 0000 0000 0000 00000000 00000000: urand_change_num 1 xfer_secondary_pool(8): pool_sig 00000000, data_sig 00000000, bytes_mixed 0 00000000 00000000
[    0.000000] random 0000 0000 0000 00000000 00000000: trying to extract 64 bits from nonblocking
[    0.000000] random 0000 0000 0000 00000000 00000000: debiting 64 entropy credits from nonblocking (unlimited)
[    0.000000] random 0000 0000 0000 00000000 00000000: extract_entropy account returned: 8 
[    0.000000] random 0000 0000 0000 00000000 00000000: urand_change_num 2 extract_buf: pool_sig 00000000, data_sig fffffff9, bytes_mixed 20 00000000 00000000
[    0.000000] Linux version 2.6.32.57 (dcashman@dcashman-02) (gcc version 4.3.3 (GCC) ) #6 Thu May 30 09:02:12 PDT 2013
[    0.000000] KERNEL supported cpus:
[    0.000000]   Intel GenuineIntel
[    0.000000]   AMD AuthenticAMD
[    0.000000]   NSC Geode by NSC
[    0.000000]   Cyrix CyrixInstead
[    0.000000]   Centaur CentaurHauls
[    0.000000]   Transmeta GenuineTMx86
[    0.000000]   Transmeta TransmetaCPU
[    0.000000]   UMC UMC UMC UMC
[    0.000000] BIOS-provided physical RAM map:
[    0.000000]  BIOS-e820: 0000000000000000 - 000000000009d800 (usable)
[    0.000000]  BIOS-e820: 000000000009d800 - 00000000000a0000 (reserved)
[    0.000000]  BIOS-e820: 00000000000d2000 - 00000000000d4000 (reserved)
[    0.000000]  BIOS-e820: 00000000000e0000 - 0000000000100000 (reserved)
[    0.000000]  BIOS-e820: 0000000000100000 - 000000003d6b0000 (usable)
[    0.000000]  BIOS-e820: 000000003d6b0000 - 000000003d6cc000 (ACPI data)
[    0.000000]  BIOS-e820: 000000003d6cc000 - 000000003d700000 (ACPI NVS)
[    0.000000]  BIOS-e820: 000000003d700000 - 000000003e000000 (reserved)
[    0.000000]  BIOS-e820: 00000000f0000000 - 00000000f4000000 (reserved)
[    0.000000]  BIOS-e820: 00000000fec00000 - 00000000fec10000 (reserved)
[    0.000000]  BIOS-e820: 00000000fed00000 - 00000000fed00400 (reserved)
[    0.000000]  BIOS-e820: 00000000fed14000 - 00000000fed1a000 (reserved)
[    0.000000]  BIOS-e820: 00000000fed1c000 - 00000000fed90000 (reserved)
[    0.000000]  BIOS-e820: 00000000fee00000 - 00000000fee01000 (reserved)
[    0.000000]  BIOS-e820: 00000000ff000000 - 0000000100000000 (reserved)
[    0.000000] DMI present.
[    0.000000] last_pfn = 0x3d6b0 max_arch_pfn = 0x100000
[    0.000000] MTRR default type: uncachable
[    0.000000] MTRR fixed ranges enabled:
[    0.000000]   00000-9FFFF write-back
[    0.000000]   A0000-BFFFF uncachable
[    0.000000]   C0000-CFFFF write-protect
[    0.000000]   D0000-DFFFF uncachable
[    0.000000]   E0000-FFFFF write-protect
[    0.000000] MTRR variable ranges enabled:
[    0.000000]   0 base 03E000000 mask FFE000000 uncachable
[    0.000000]   1 base 000000000 mask FC0000000 write-back
[    0.000000]   2 base 03D700000 mask FFFF00000 uncachable
[    0.000000]   3 base 03D800000 mask FFF800000 uncachable
[    0.000000]   4 disabled
[    0.000000]   5 disabled
[    0.000000]   6 disabled
[    0.000000]   7 disabled
[    0.000000] initial memory mapped : 0 - 02000000
[    0.000000] init_memory_mapping: 0000000000000000-00000000377fe000
[    0.000000]  0000000000 - 0000400000 page 4k
[    0.000000]  0000400000 - 0037400000 page 2M
[    0.000000]  0037400000 - 00377fe000 page 4k
[    0.000000] kernel direct mapping tables up to 377fe000 @ 7000-c000
[    0.000000] ACPI: RSDP 000f68d0 00024 (v02 LENOVO)
[    0.000000] ACPI: XSDT 3d6bb77f 00094 (v01 LENOVO TP-7L    00002170  LTP 00000000)
[    0.000000] ACPI: FACP 3d6bb900 000F4 (v03 LENOVO TP-7L    00002170 LNVO 00000001)
[    0.000000] ACPI Warning: 32/64X length mismatch in Gpe1Block: 0/32 (20090903/tbfadt-526)
[    0.000000] ACPI Warning: Optional field Gpe1Block has zero address or length: 000000000000102C/0 (20090903/tbfadt-557)
[    0.000000] ACPI: DSDT 3d6bbd1d 0FED1 (v01 LENOVO TP-7L    00002170 MSFT 03000000)
[    0.000000] ACPI: FACS 3d6e4000 00040
[    0.000000] ACPI: SSDT 3d6bbab4 00269 (v01 LENOVO TP-7L    00002170 MSFT 03000000)
[    0.000000] ACPI: ECDT 3d6cbbee 00052 (v01 LENOVO TP-7L    00002170 LNVO 00000001)
[    0.000000] ACPI: TCPA 3d6cbc40 00032 (v02 LENOVO TP-7L    00002170 LNVO 00000001)
[    0.000000] ACPI: APIC 3d6cbc72 00068 (v01 LENOVO TP-7L    00002170 LNVO 00000001)
[    0.000000] ACPI: MCFG 3d6cbcda 0003C (v01 LENOVO TP-7L    00002170 LNVO 00000001)
[    0.000000] ACPI: HPET 3d6cbd16 00038 (v01 LENOVO TP-7L    00002170 LNVO 00000001)
[    0.000000] ACPI: SLIC 3d6cbdf0 00176 (v01 LENOVO TP-7L    00002170  LTP 00000000)
[    0.000000] ACPI: BOOT 3d6cbf66 00028 (v01 LENOVO TP-7L    00002170  LTP 00000001)
[    0.000000] ACPI: ASF! 3d6cbf8e 00072 (v16 LENOVO TP-7L    00002170 PTL  00000001)
[    0.000000] ACPI: SSDT 3d6e26d9 0025F (v01 LENOVO TP-7L    00002170 INTL 20050513)
[    0.000000] ACPI: SSDT 3d6e2938 000A6 (v01 LENOVO TP-7L    00002170 INTL 20050513)
[    0.000000] ACPI: SSDT 3d6e29de 004F7 (v01 LENOVO TP-7L    00002170 INTL 20050513)
[    0.000000] ACPI: SSDT 3d6e2ed5 001D8 (v01 LENOVO TP-7L    00002170 INTL 20050513)
[    0.000000] ACPI: DMI detected: Lenovo ThinkPad R61
[    0.000000] ACPI: Added _OSI(Linux)
[    0.000000] ACPI: Local APIC address 0xfee00000
[    0.000000] 94MB HIGHMEM available.
[    0.000000] 887MB LOWMEM available.
[    0.000000]   mapped low ram: 0 - 377fe000
[    0.000000]   low ram: 0 - 377fe000
[    0.000000]   node 0 low ram: 00000000 - 377fe000
[    0.000000]   node 0 bootmap 00008000 - 0000ef00
[    0.000000] (6 early reservations) ==> bootmem [0000000000 - 00377fe000]
[    0.000000]   #0 [0000000000 - 0000001000]   BIOS data page ==> [0000000000 - 0000001000]
[    0.000000]   #1 [0001000000 - 0001bdc180]    TEXT DATA BSS ==> [0001000000 - 0001bdc180]
[    0.000000]   #2 [000009d800 - 0000100000]    BIOS reserved ==> [000009d800 - 0000100000]
[    0.000000]   #3 [0001bdd000 - 0001be516c]              BRK ==> [0001bdd000 - 0001be516c]
[    0.000000]   #4 [0000007000 - 0000008000]          PGTABLE ==> [0000007000 - 0000008000]
[    0.000000]   #5 [0000008000 - 000000f000]          BOOTMAP ==> [0000008000 - 000000f000]
[    0.000000] found SMP MP-table at [c00f6900] f6900
[    0.000000] Zone PFN ranges:
[    0.000000]   DMA      0x00000000 -> 0x00001000
[    0.000000]   Normal   0x00001000 -> 0x000377fe
[    0.000000]   HighMem  0x000377fe -> 0x0003d6b0
[    0.000000] Movable zone start PFN for each node
[    0.000000] early_node_map[2] active PFN ranges
[    0.000000]     0: 0x00000000 -> 0x0000009d
[    0.000000]     0: 0x00000100 -> 0x0003d6b0
[    0.000000] On node 0 totalpages: 251469
[    0.000000] free_area_init_node: node 0, pgdat c1901ea0, node_mem_map c1be7000
[    0.000000]   DMA zone: 32 pages used for memmap
[    0.000000]   DMA zone: 0 pages reserved
[    0.000000]   DMA zone: 3965 pages, LIFO batch:0
[    0.000000]   Normal zone: 1744 pages used for memmap
[    0.000000]   Normal zone: 221486 pages, LIFO batch:31
[    0.000000]   HighMem zone: 190 pages used for memmap
[    0.000000]   HighMem zone: 24052 pages, LIFO batch:3
[    0.000000] Using APIC driver default
[    0.000000] ACPI: PM-Timer IO Port: 0x1008
[    0.000000] ACPI: Local APIC address 0xfee00000
[    0.000000] ACPI: LAPIC (acpi_id[0x00] lapic_id[0x00] enabled)
[    0.000000] ACPI: LAPIC (acpi_id[0x01] lapic_id[0x01] enabled)
[    0.000000] ACPI: NR_CPUS/possible_cpus limit of 1 reached.  Processor 1/0x1 ignored.
[    0.000000] ACPI: LAPIC_NMI (acpi_id[0x00] high edge lint[0x1])
[    0.000000] ACPI: LAPIC_NMI (acpi_id[0x01] high edge lint[0x1])
[    0.000000] ACPI: IOAPIC (id[0x01] address[0xfec00000] gsi_base[0])
[    0.000000] IOAPIC[0]: apic_id 1, version 32, address 0xfec00000, GSI 0-23
[    0.000000] ACPI: INT_SRC_OVR (bus 0 bus_irq 0 global_irq 2 dfl dfl)
[    0.000000] ACPI: INT_SRC_OVR (bus 0 bus_irq 9 global_irq 9 high level)
[    0.000000] ACPI: IRQ0 used by override.
[    0.000000] ACPI: IRQ2 used by override.
[    0.000000] ACPI: IRQ9 used by override.
[    0.000000] Using ACPI (MADT) for SMP configuration information
[    0.000000] ACPI: HPET id: 0x8086a201 base: 0xfed00000
[    0.000000] nr_irqs_gsi: 24
[    0.000000] PM: Registered nosave memory: 000000000009d000 - 000000000009e000
[    0.000000] PM: Registered nosave memory: 000000000009e000 - 00000000000a0000
[    0.000000] PM: Registered nosave memory: 00000000000a0000 - 00000000000d2000
[    0.000000] PM: Registered nosave memory: 00000000000d2000 - 00000000000d4000
[    0.000000] PM: Registered nosave memory: 00000000000d4000 - 00000000000e0000
[    0.000000] PM: Registered nosave memory: 00000000000e0000 - 0000000000100000
[    0.000000] Allocating PCI resources starting at 3e000000 (gap: 3e000000:b2000000)
[    0.000000] Built 1 zonelists in Zone order, mobility grouping on.  Total pages: 249503
[    0.000000] Kernel command line: auto BOOT_IMAGE=Linux ro root=802 vt.default_utf8=0 maxcpus=0
[    0.000000] PID hash table entries: 4096 (order: 2, 16384 bytes)
[    0.000000] Dentry cache hash table entries: 131072 (order: 7, 524288 bytes)
[    0.000000] Inode-cache hash table entries: 65536 (order: 6, 262144 bytes)
[    0.000000] Enabling fast FPU save and restore... done.
[    0.000000] Enabling unmasked SIMD FPU exception support... done.
[    0.000000] Initializing CPU#0
[    0.000000] Initializing HighMem for node 0 (000377fe:0003d6b0)
[    0.000000] Memory: 984800k/1006272k available (6915k kernel code, 20876k reserved, 2327k data, 448k init, 96968k highmem)
[    0.000000] virtual kernel memory layout:
[    0.000000]     fixmap  : 0xfffa3000 - 0xfffff000   ( 368 kB)
[    0.000000]     pkmap   : 0xff800000 - 0xffc00000   (4096 kB)
[    0.000000]     vmalloc : 0xf7ffe000 - 0xff7fe000   ( 120 MB)
[    0.000000]     lowmem  : 0xc0000000 - 0xf77fe000   ( 887 MB)
[    0.000000]       .init : 0xc1907000 - 0xc1977000   ( 448 kB)
[    0.000000]       .data : 0xc16c0d3f - 0xc1906c64   (2327 kB)
[    0.000000]       .text : 0xc1000000 - 0xc16c0d3f   (6915 kB)
[    0.000000] Checking if this processor honours the WP bit even in supervisor mode...Ok.
[    0.000000] SLUB: Genslabs=13, HWalign=64, Order=0-3, MinObjects=0, CPUs=1, Nodes=1
[    0.000000] Hierarchical RCU implementation.
[    0.000000] NR_IRQS:288
[    0.000000] Extended CMOS year: 2000
[    0.000000] Console: colour VGA+ 80x25
[    0.000000] console [tty0] enabled
[    0.000000] hpet clockevent registered
[    0.000000] Fast TSC calibration failed
[    0.000000] TSC: PIT calibration matches HPET. 1 loops
[    0.000000] Detected 2094.772 MHz processor.
[    0.002002] Calibrating delay loop (skipped), value calculated using timer frequency.. 4189.54 BogoMIPS (lpj=2094772)
[    0.002173] Security Framework initialized
[    0.002253] Mount-cache hash table entries: 512
[    0.002397] CPU: L1 I cache: 32K, L1 D cache: 32K
[    0.002531] CPU: L2 cache: 3072K
[    0.002610] mce: CPU supports 6 MCE banks
[    0.003006] CPU0: Thermal monitoring enabled (TM2)
[    0.003089] using mwait in idle threads.
[    0.003176] CPU: Intel(R) Core(TM)2 Duo CPU     T8100  @ 2.10GHz stepping 06
[    0.003353] Checking 'hlt' instruction... OK.
[    0.007938] ACPI: Core revision 20090903
[    0.027011] RANDOM get_random_int first call with cycles 32587881123, jiffies 4294667323 and pid 0
[    0.027018] CANARY value: 2f96cbd5 for PID: 1
[    0.027025] CANARY value: c7763080 for PID: 2
[    0.027048] Enabling APIC mode:  Flat.  Using 1 I/O APICs
[    0.027501] ..TIMER: vector=0x30 apic1=0 pin1=2 apic2=-1 pin2=-1
[    0.037997] xor: automatically using best checksumming function: pIII_sse
[    0.041998]    pIII_sse  :  8568.000 MB/sec
[    0.042076] xor: using function: pIII_sse (8568.000 MB/sec)
[    0.042162] RANDOM - __seed init called.
[    0.042163] RANDOM - __seed init called.
[    0.042164] RANDOM - __seed init called.
[    0.042166] RANDOM - __random32 called. Change num 1.  Value: f7943846	49e73df3	af36cd0d
[    0.042168] RANDOM - __random32 called. Change num 2.  Value: 43846e13	9e73df37	9a1ad014
[    0.042169] RANDOM - __random32 called. Change num 3.  Value: 46e139c8	e73df373	a029598a
[    0.042171] RANDOM - __random32 called. Change num 4.  Value: 139c8c3b	73df373d	b3142c72
[    0.042173] RANDOM - __random32 called. Change num 5.  Value: c8c3b043	3df373de	58e576a9
[    0.042175] RANDOM - __random32 called. Change num 6.  Value: 3b0437d9	df373de5	ed53f9d8
[    0.042176] RANDOM - random32 init called.  Value: 3b0437d9	df373de5	ed53f9d8
[    0.042194] NET: Registered protocol family 16
[    0.042448] ACPI FADT declares the system doesn't support PCIe ASPM, so disable it
[    0.042563] ACPI: bus type pci registered
[    0.042724] PCI: MCFG configuration 0: base f0000000 segment 0 buses 0 - 63
[    0.042807] PCI: MCFG area at f0000000 reserved in E820
[    0.042894] PCI: Using MMCONFIG for extended config space
[    0.042981] PCI: Using configuration type 1 for base access
[    0.046079] bio: create slab <bio-0> at 0
[    0.046893] ACPI: EC: EC description table is found, configuring boot EC
[    0.052066] ACPI: BIOS _OSI(Linux) query honored via DMI
[    0.052777] random 0000 0000 0000 00000000 00000000: rand_read_num 2 get_random_bytes(8): sig fffffe1a 00000000 00000000
[    0.052780] random 0000 0000 0000 00000000 00000000: extract_entropy(.. 8 ..)
[    0.052783] random 0000 0000 0000 00000000 00000000: going to reseed nonblocking with 64 bits (64 of 0 requested)
[    0.052785] random 0000 0000 0000 00000000 00000000: extract_entropy(.. 8 ..)
[    0.052787] random 0000 0000 0000 00000000 00000000: trying to extract 64 bits from input
[    0.052789] random 0000 0000 0000 00000000 00000000: debiting 0 entropy credits from input
[    0.052791] random 0000 0000 0000 00000000 00000000: extract_entropy account returned: 0 
[    0.052822] random 0000 0000 0000 00000000 00000000: urand_change_num 3 xfer_secondary_pool(8): pool_sig fffffe1a, data_sig 00000000, bytes_mixed 0 00000000 00000000
[    0.052825] random 0000 0000 0000 00000000 00000000: trying to extract 64 bits from nonblocking
[    0.052828] random 0000 0000 0000 00000000 00000000: debiting 64 entropy credits from nonblocking (unlimited)
[    0.052830] random 0000 0000 0000 00000000 00000000: extract_entropy account returned: 8 
[    0.052834] random 0000 0000 0000 00000000 00000000: urand_change_num 4 extract_buf: pool_sig fffffe1a, data_sig fffffed7, bytes_mixed 20 00000000 00000000
[    0.057570] ACPI: Interpreter enabled
[    0.057650] ACPI: (supports S0 S3 S4 S5)
[    0.057940] ACPI: Using IOAPIC for interrupt routing
[    0.067516] ACPI: EC: GPE = 0x12, I/O: command/status = 0x66, data = 0x62
[    0.067784] ACPI: Power Resource [PUBS] (on)
[    0.069929] ACPI: ACPI Dock Station Driver: 3 docks/bays found
[    0.070323] ACPI: PCI Root Bridge [PCI0] (0000:00)
[    0.070485] pci 0000:00:02.0: reg 10 64bit mmio: [0xf8100000-0xf81fffff]
[    0.070491] pci 0000:00:02.0: reg 18 64bit mmio pref: [0xe0000000-0xefffffff]
[    0.070495] pci 0000:00:02.0: reg 20 io port: [0x1800-0x1807]
[    0.070529] pci 0000:00:02.1: reg 10 64bit mmio: [0xf8200000-0xf82fffff]
[    0.070632] pci 0000:00:19.0: reg 10 32bit mmio: [0xfe000000-0xfe01ffff]
[    0.070641] pci 0000:00:19.0: reg 14 32bit mmio: [0xfe025000-0xfe025fff]
[    0.070648] pci 0000:00:19.0: reg 18 io port: [0x1840-0x185f]
[    0.070714] pci 0000:00:19.0: PME# supported from D0 D3hot D3cold
[    0.070801] pci 0000:00:19.0: PME# disabled
[    0.070953] pci 0000:00:1a.0: reg 20 io port: [0x1860-0x187f]
[    0.071068] pci 0000:00:1a.1: reg 20 io port: [0x1880-0x189f]
[    0.071159] pci 0000:00:1a.7: reg 10 32bit mmio: [0xfe226c00-0xfe226fff]
[    0.071239] pci 0000:00:1a.7: PME# supported from D0 D3hot D3cold
[    0.071324] pci 0000:00:1a.7: PME# disabled
[    0.071462] pci 0000:00:1b.0: reg 10 64bit mmio: [0xfe020000-0xfe023fff]
[    0.071547] pci 0000:00:1b.0: PME# supported from D0 D3hot D3cold
[    0.071634] pci 0000:00:1b.0: PME# disabled
[    0.071832] pci 0000:00:1c.0: PME# supported from D0 D3hot D3cold
[    0.071922] pci 0000:00:1c.0: PME# disabled
[    0.072109] pci 0000:00:1c.1: PME# supported from D0 D3hot D3cold
[    0.072203] pci 0000:00:1c.1: PME# disabled
[    0.072409] pci 0000:00:1c.2: PME# supported from D0 D3hot D3cold
[    0.072500] pci 0000:00:1c.2: PME# disabled
[    0.072691] pci 0000:00:1c.3: PME# supported from D0 D3hot D3cold
[    0.072999] pci 0000:00:1c.3: PME# disabled
[    0.073203] pci 0000:00:1c.4: PME# supported from D0 D3hot D3cold
[    0.073296] pci 0000:00:1c.4: PME# disabled
[    0.073439] pci 0000:00:1d.0: reg 20 io port: [0x18a0-0x18bf]
[    0.073525] pci 0000:00:1d.1: reg 20 io port: [0x18c0-0x18df]
[    0.074050] pci 0000:00:1d.2: reg 20 io port: [0x18e0-0x18ff]
[    0.074147] pci 0000:00:1d.7: reg 10 32bit mmio: [0xfe227000-0xfe2273ff]
[    0.074246] pci 0000:00:1d.7: PME# supported from D0 D3hot D3cold
[    0.074337] pci 0000:00:1d.7: PME# disabled
[    0.074610] pci 0000:00:1f.0: quirk: region 1000-107f claimed by ICH6 ACPI/GPIO/TCO
[    0.074739] pci 0000:00:1f.0: quirk: region 1180-11bf claimed by ICH6 GPIO
[    0.074828] pci 0000:00:1f.0: ICH7 LPC Generic IO decode 1 PIO at 1600 (mask 007f)
[    0.074944] pci 0000:00:1f.0: ICH7 LPC Generic IO decode 2 PIO at 15e0 (mask 000f)
[    0.074998] pci 0000:00:1f.0: ICH7 LPC Generic IO decode 3 PIO at 1680 (mask 001f)
[    0.075186] pci 0000:00:1f.1: reg 10 io port: [0x00-0x07]
[    0.075196] pci 0000:00:1f.1: reg 14 io port: [0x00-0x03]
[    0.075207] pci 0000:00:1f.1: reg 18 io port: [0x00-0x07]
[    0.075215] pci 0000:00:1f.1: reg 1c io port: [0x00-0x03]
[    0.075224] pci 0000:00:1f.1: reg 20 io port: [0x1c00-0x1c0f]
[    0.075301] pci 0000:00:1f.2: reg 10 io port: [0x1c50-0x1c57]
[    0.075310] pci 0000:00:1f.2: reg 14 io port: [0x1c44-0x1c47]
[    0.075319] pci 0000:00:1f.2: reg 18 io port: [0x1c48-0x1c4f]
[    0.075328] pci 0000:00:1f.2: reg 1c io port: [0x1c40-0x1c43]
[    0.075337] pci 0000:00:1f.2: reg 20 io port: [0x1c20-0x1c3f]
[    0.075344] pci 0000:00:1f.2: reg 24 32bit mmio: [0xfe226000-0xfe2267ff]
[    0.075409] pci 0000:00:1f.2: PME# supported from D3hot
[    0.075502] pci 0000:00:1f.2: PME# disabled
[    0.075615] pci 0000:00:1f.3: reg 10 32bit mmio: [0xfe227400-0xfe2274ff]
[    0.075640] pci 0000:00:1f.3: reg 20 io port: [0x1c60-0x1c7f]
[    0.075739] pci 0000:00:1c.0: bridge io port: [0x2000-0x2fff]
[    0.075746] pci 0000:00:1c.0: bridge 32bit mmio: [0xfc000000-0xfdffffff]
[    0.075755] pci 0000:00:1c.0: bridge 64bit mmio pref: [0xf8000000-0xf80fffff]
[    0.075826] pci 0000:03:00.0: reg 10 64bit mmio: [0xdf3f0000-0xdf3fffff]
[    0.076088] pci 0000:00:1c.1: bridge io port: [0x3000-0x3fff]
[    0.076095] pci 0000:00:1c.1: bridge 32bit mmio: [0xdc000000-0xdf3fffff]
[    0.076102] pci 0000:00:1c.1: bridge 64bit mmio pref: [0xdfe00000-0xdfefffff]
[    0.076158] pci 0000:00:1c.2: bridge io port: [0x4000-0x4fff]
[    0.076163] pci 0000:00:1c.2: bridge 32bit mmio: [0xd8000000-0xd9ffffff]
[    0.076169] pci 0000:00:1c.2: bridge 64bit mmio pref: [0xdfb00000-0xdfbfffff]
[    0.076226] pci 0000:00:1c.3: bridge io port: [0x5000-0x5fff]
[    0.076230] pci 0000:00:1c.3: bridge 32bit mmio: [0xd4000000-0xd5ffffff]
[    0.076239] pci 0000:00:1c.3: bridge 64bit mmio pref: [0xdf800000-0xdf8fffff]
[    0.076295] pci 0000:00:1c.4: bridge io port: [0x6000-0x6fff]
[    0.076302] pci 0000:00:1c.4: bridge 32bit mmio: [0xd0000000-0xd1ffffff]
[    0.076311] pci 0000:00:1c.4: bridge 64bit mmio pref: [0xdf500000-0xdf5fffff]
[    0.076369] pci 0000:15:00.0: reg 10 32bit mmio: [0xf8300000-0xf8300fff]
[    0.076421] pci 0000:15:00.0: supports D1 D2
[    0.076423] pci 0000:15:00.0: PME# supported from D0 D1 D2 D3hot D3cold
[    0.076508] pci 0000:15:00.0: PME# disabled
[    0.076644] pci 0000:15:00.1: reg 10 32bit mmio: [0xf8301000-0xf83017ff]
[    0.076741] pci 0000:15:00.1: supports D1 D2
[    0.076742] pci 0000:15:00.1: PME# supported from D0 D1 D2 D3hot D3cold
[    0.076834] pci 0000:15:00.1: PME# disabled
[    0.077007] pci 0000:00:1e.0: transparent bridge
[    0.077098] pci 0000:00:1e.0: bridge io port: [0x7000-0xafff]
[    0.077105] pci 0000:00:1e.0: bridge 32bit mmio: [0xf8300000-0xfbffffff]
[    0.077114] pci 0000:00:1e.0: bridge 64bit mmio pref: [0xf4000000-0xf7ffffff]
[    0.077178] pci_bus 0000:00: on NUMA node 0
[    0.077182] ACPI: PCI Interrupt Routing Table [\_SB_.PCI0._PRT]
[    0.077315] ACPI: PCI Interrupt Routing Table [\_SB_.PCI0.EXP0._PRT]
[    0.077374] ACPI: PCI Interrupt Routing Table [\_SB_.PCI0.EXP1._PRT]
[    0.077432] ACPI: PCI Interrupt Routing Table [\_SB_.PCI0.EXP2._PRT]
[    0.077490] ACPI: PCI Interrupt Routing Table [\_SB_.PCI0.EXP3._PRT]
[    0.077553] ACPI: PCI Interrupt Routing Table [\_SB_.PCI0.EXP4._PRT]
[    0.077615] ACPI: PCI Interrupt Routing Table [\_SB_.PCI0.PCI1._PRT]
[    0.083095] ACPI: PCI Interrupt Link [LNKA] (IRQs 3 4 5 6 7 9 *10 11)
[    0.083828] ACPI: PCI Interrupt Link [LNKB] (IRQs 3 4 5 6 7 9 10 *11)
[    0.084526] ACPI: PCI Interrupt Link [LNKC] (IRQs 3 4 5 6 7 9 10 *11)
[    0.085240] ACPI: PCI Interrupt Link [LNKD] (IRQs 3 4 5 6 7 9 10 *11)
[    0.086048] ACPI: PCI Interrupt Link [LNKE] (IRQs 3 4 5 6 7 9 10 *11)
[    0.086767] ACPI: PCI Interrupt Link [LNKF] (IRQs 3 4 5 6 7 9 10 *11)
[    0.087452] ACPI: PCI Interrupt Link [LNKG] (IRQs 3 4 5 6 7 9 10 *11)
[    0.088179] ACPI: PCI Interrupt Link [LNKH] (IRQs 3 4 5 6 7 9 10 *11)
[    0.088885] vgaarb: device added: PCI:0000:00:02.0,decodes=io+mem,owns=io+mem,locks=none
[    0.089001] vgaarb: loaded
[    0.089172] SCSI subsystem initialized
[    0.089268] libata version 3.00 loaded.
[    0.089317] usbcore: registered new interface driver usbfs
[    0.089440] usbcore: registered new interface driver hub
[    0.089542] usbcore: registered new device driver usb
[    0.106039] raid6: int32x1    941 MB/s
[    0.122989] raid6: int32x2    886 MB/s
[    0.140070] raid6: int32x4    750 MB/s
[    0.156989] raid6: int32x8    656 MB/s
[    0.174001] raid6: mmxx1     2882 MB/s
[    0.190987] raid6: mmxx2     3253 MB/s
[    0.207998] raid6: sse1x1    1937 MB/s
[    0.224991] raid6: sse1x2    2535 MB/s
[    0.241974] raid6: sse2x1    3507 MB/s
[    0.258980] raid6: sse2x2    3828 MB/s
[    0.259059] raid6: using algorithm sse2x2 (3828 MB/s)
[    0.259141] PCI: Using ACPI for IRQ routing
[    0.259446] HPET: 3 timers in total, 0 timers will be used for per-cpu timer
[    0.259990] Switching to clocksource tsc
[    0.260084] pnp: PnP ACPI init
[    0.260172] ACPI: bus type pnp registered
[    0.263810] pnp: PnP ACPI: found 11 devices
[    0.263908] ACPI: ACPI bus type pnp unregistered
[    0.263993] system 00:00: iomem range 0x0-0x9ffff could not be reserved
[    0.264075] system 00:00: iomem range 0xc0000-0xc3fff could not be reserved
[    0.264162] system 00:00: iomem range 0xc4000-0xc7fff could not be reserved
[    0.264253] system 00:00: iomem range 0xc8000-0xcbfff has been reserved
[    0.264335] system 00:00: iomem range 0xcc000-0xcffff has been reserved
[    0.264418] system 00:00: iomem range 0xd0000-0xd3fff could not be reserved
[    0.264510] system 00:00: iomem range 0xe0000-0xe3fff could not be reserved
[    0.264593] system 00:00: iomem range 0xe4000-0xe7fff could not be reserved
[    0.264680] system 00:00: iomem range 0xe8000-0xebfff could not be reserved
[    0.264762] system 00:00: iomem range 0xec000-0xeffff could not be reserved
[    0.264847] system 00:00: iomem range 0xf0000-0xfffff could not be reserved
[    0.264941] system 00:00: iomem range 0x100000-0x3dffffff could not be reserved
[    0.265053] system 00:00: iomem range 0xfec00000-0xfed3ffff could not be reserved
[    0.265175] system 00:00: iomem range 0xfed4c000-0xffffffff could not be reserved
[    0.265289] system 00:02: ioport range 0x164e-0x164f has been reserved
[    0.265378] system 00:02: ioport range 0x1000-0x107f has been reserved
[    0.265461] system 00:02: ioport range 0x1180-0x11bf has been reserved
[    0.265545] system 00:02: ioport range 0x800-0x80f has been reserved
[    0.265627] system 00:02: ioport range 0x15e0-0x15ef has been reserved
[    0.265711] system 00:02: ioport range 0x1600-0x165f could not be reserved
[    0.265799] system 00:02: iomem range 0xf0000000-0xf3ffffff has been reserved
[    0.265902] system 00:02: iomem range 0xfed1c000-0xfed1ffff has been reserved
[    0.265991] system 00:02: iomem range 0xfed14000-0xfed17fff has been reserved
[    0.266072] system 00:02: iomem range 0xfed18000-0xfed18fff has been reserved
[    0.266161] system 00:02: iomem range 0xfed19000-0xfed19fff has been reserved
[    0.266247] system 00:02: iomem range 0xfed45000-0xfed4bfff has been reserved
[    0.301276] pci 0000:00:1c.0: PCI bridge, secondary bus 0000:02
[    0.301369] pci 0000:00:1c.0:   IO window: 0x2000-0x2fff
[    0.301455] pci 0000:00:1c.0:   MEM window: 0xfc000000-0xfdffffff
[    0.301538] pci 0000:00:1c.0:   PREFETCH window: 0x000000f8000000-0x000000f80fffff
[    0.301660] pci 0000:00:1c.1: PCI bridge, secondary bus 0000:03
[    0.301750] pci 0000:00:1c.1:   IO window: 0x3000-0x3fff
[    0.301833] pci 0000:00:1c.1:   MEM window: 0xdc000000-0xdf3fffff
[    0.301921] pci 0000:00:1c.1:   PREFETCH window: 0x000000dfe00000-0x000000dfefffff
[    0.302040] pci 0000:00:1c.2: PCI bridge, secondary bus 0000:04
[    0.302129] pci 0000:00:1c.2:   IO window: 0x4000-0x4fff
[    0.302223] pci 0000:00:1c.2:   MEM window: 0xd8000000-0xd9ffffff
[    0.302311] pci 0000:00:1c.2:   PREFETCH window: 0x000000dfb00000-0x000000dfbfffff
[    0.302428] pci 0000:00:1c.3: PCI bridge, secondary bus 0000:05
[    0.302513] pci 0000:00:1c.3:   IO window: 0x5000-0x5fff
[    0.302604] pci 0000:00:1c.3:   MEM window: 0xd4000000-0xd5ffffff
[    0.302693] pci 0000:00:1c.3:   PREFETCH window: 0x000000df800000-0x000000df8fffff
[    0.302812] pci 0000:00:1c.4: PCI bridge, secondary bus 0000:0d
[    0.302906] pci 0000:00:1c.4:   IO window: 0x6000-0x6fff
[    0.302989] pci 0000:00:1c.4:   MEM window: 0xd0000000-0xd1ffffff
[    0.303075] pci 0000:00:1c.4:   PREFETCH window: 0x000000df500000-0x000000df5fffff
[    0.303195] pci 0000:15:00.0: CardBus bridge, secondary bus 0000:16
[    0.303275] pci 0000:15:00.0:   IO window: 0x007000-0x0070ff
[    0.303366] pci 0000:15:00.0:   IO window: 0x007400-0x0074ff
[    0.303450] pci 0000:15:00.0:   PREFETCH window: 0xf4000000-0xf7ffffff
[    0.303533] pci 0000:15:00.0:   MEM window: 0x40000000-0x43ffffff
[    0.303623] pci 0000:00:1e.0: PCI bridge, secondary bus 0000:15
[    0.303711] pci 0000:00:1e.0:   IO window: 0x7000-0xafff
[    0.303797] pci 0000:00:1e.0:   MEM window: 0xf8300000-0xfbffffff
[    0.303897] pci 0000:00:1e.0:   PREFETCH window: 0x000000f4000000-0x000000f7ffffff
[    0.304037] pci 0000:00:1c.0: PCI INT A -> GSI 20 (level, low) -> IRQ 20
[    0.304131] pci 0000:00:1c.0: setting latency timer to 64
[    0.304145] pci 0000:00:1c.1: PCI INT B -> GSI 21 (level, low) -> IRQ 21
[    0.304243] pci 0000:00:1c.1: setting latency timer to 64
[    0.304257] pci 0000:00:1c.2: PCI INT C -> GSI 22 (level, low) -> IRQ 22
[    0.304342] pci 0000:00:1c.2: setting latency timer to 64
[    0.304355] pci 0000:00:1c.3: PCI INT D -> GSI 23 (level, low) -> IRQ 23
[    0.304440] pci 0000:00:1c.3: setting latency timer to 64
[    0.304458] pci 0000:00:1c.4: PCI INT A -> GSI 20 (level, low) -> IRQ 20
[    0.304543] pci 0000:00:1c.4: setting latency timer to 64
[    0.304552] pci 0000:00:1e.0: enabling device (0005 -> 0007)
[    0.304646] pci 0000:00:1e.0: setting latency timer to 64
[    0.304664] pci 0000:15:00.0: PCI INT A -> GSI 16 (level, low) -> IRQ 16
[    0.304748] pci 0000:15:00.0: setting latency timer to 64
[    0.304754] pci_bus 0000:00: resource 0 io:  [0x00-0xffff]
[    0.304756] pci_bus 0000:00: resource 1 mem: [0x000000-0xffffffff]
[    0.304758] pci_bus 0000:02: resource 0 io:  [0x2000-0x2fff]
[    0.304759] pci_bus 0000:02: resource 1 mem: [0xfc000000-0xfdffffff]
[    0.304761] pci_bus 0000:02: resource 2 pref mem [0xf8000000-0xf80fffff]
[    0.304763] pci_bus 0000:03: resource 0 io:  [0x3000-0x3fff]
[    0.304765] pci_bus 0000:03: resource 1 mem: [0xdc000000-0xdf3fffff]
[    0.304767] pci_bus 0000:03: resource 2 pref mem [0xdfe00000-0xdfefffff]
[    0.304769] pci_bus 0000:04: resource 0 io:  [0x4000-0x4fff]
[    0.304771] pci_bus 0000:04: resource 1 mem: [0xd8000000-0xd9ffffff]
[    0.304772] pci_bus 0000:04: resource 2 pref mem [0xdfb00000-0xdfbfffff]
[    0.304774] pci_bus 0000:05: resource 0 io:  [0x5000-0x5fff]
[    0.304776] pci_bus 0000:05: resource 1 mem: [0xd4000000-0xd5ffffff]
[    0.304778] pci_bus 0000:05: resource 2 pref mem [0xdf800000-0xdf8fffff]
[    0.304780] pci_bus 0000:0d: resource 0 io:  [0x6000-0x6fff]
[    0.304781] pci_bus 0000:0d: resource 1 mem: [0xd0000000-0xd1ffffff]
[    0.304783] pci_bus 0000:0d: resource 2 pref mem [0xdf500000-0xdf5fffff]
[    0.304785] pci_bus 0000:15: resource 0 io:  [0x7000-0xafff]
[    0.304787] pci_bus 0000:15: resource 1 mem: [0xf8300000-0xfbffffff]
[    0.304789] pci_bus 0000:15: resource 2 pref mem [0xf4000000-0xf7ffffff]
[    0.304790] pci_bus 0000:15: resource 3 io:  [0x00-0xffff]
[    0.304792] pci_bus 0000:15: resource 4 mem: [0x000000-0xffffffff]
[    0.304794] pci_bus 0000:16: resource 0 io:  [0x7000-0x70ff]
[    0.304796] pci_bus 0000:16: resource 1 io:  [0x7400-0x74ff]
[    0.304798] pci_bus 0000:16: resource 2 pref mem [0xf4000000-0xf7ffffff]
[    0.304800] pci_bus 0000:16: resource 3 mem: [0x40000000-0x43ffffff]
[    0.304807] NET: Registered protocol family 2
[    0.304898] RANDOM - __random32 called. Change num 7.  Value: 437d97bf	f373de51	f3b0f986
[    0.304900] RANDOM - random32 called.  Value: 437d97bf	f373de51	f3b0f986
[    0.304904] random 0000 0000 0000 5f8db4e5 4cfdf2a8: rand_read_num 3 get_random_bytes(4): sig fffffb64 5f8db4e5 4cfdf2a8
[    0.304907] random 0000 0000 0000 5f8db4e5 4cfdf2a8: extract_entropy(.. 4 ..)
[    0.304909] random 0000 0000 0000 5f8db4e5 4cfdf2a8: going to reseed nonblocking with 64 bits (32 of 0 requested)
[    0.304912] random 0000 0000 0000 5f8db4e5 4cfdf2a8: extract_entropy(.. 8 ..)
[    0.304914] random 0000 0000 0000 5f8db4e5 4cfdf2a8: trying to extract 64 bits from input
[    0.304916] random 0000 0000 0000 5f8db4e5 4cfdf2a8: debiting 0 entropy credits from input
[    0.304918] random 0000 0000 0000 5f8db4e5 4cfdf2a8: extract_entropy account returned: 0 
[    0.304921] random 0000 0000 0000 5f8db4e5 4cfdf2a8: urand_change_num 5 xfer_secondary_pool(4): pool_sig fffffb64, data_sig 00000000, bytes_mixed 0 5f8db4e5 4cfdf2a8
[    0.304924] random 0000 0000 0000 5f8db4e5 4cfdf2a8: trying to extract 32 bits from nonblocking
[    0.304926] random 0000 0000 0000 5f8db4e5 4cfdf2a8: debiting 32 entropy credits from nonblocking (unlimited)
[    0.304928] random 0000 0000 0000 5f8db4e5 4cfdf2a8: extract_entropy account returned: 4 
[    0.304932] random 0000 0000 0000 5f8db4e5 4cfdf2a8: urand_change_num 6 extract_buf: pool_sig fffffb64, data_sig 00000241, bytes_mixed 20 5f8db4e5 4cfdf2a8
[    0.304942] IP route cache hash table entries: 32768 (order: 5, 131072 bytes)
[    0.305077] RANDOM - __random32 called. Change num 8.  Value: d97bfe31	373de51f	f30dc6e6
[    0.305079] RANDOM - random32 called.  Value: d97bfe31	373de51f	f30dc6e6
[    0.305090] RANDOM - __random32 called. Change num 9.  Value: bfe314d7	73de51f5	8dcd6c7e
[    0.305092] RANDOM - random32 called.  Value: bfe314d7	73de51f5	8dcd6c7e
[    0.305093] RANDOM - __random32 called. Change num 10.  Value: 314d7baf	3de51f5e	d8fc74c1
[    0.305095] RANDOM - random32 called.  Value: 314d7baf	3de51f5e	d8fc74c1
[    0.305105] RANDOM - __random32 called. Change num 11.  Value: d7baf3c7	de51f5e5	e983e3fa
[    0.305107] RANDOM - random32 called.  Value: d7baf3c7	de51f5e5	e983e3fa
[    0.305117] TCP established hash table entries: 131072 (order: 8, 1048576 bytes)
[    0.305600] TCP bind hash table entries: 65536 (order: 6, 262144 bytes)
[    0.305777] TCP: Hash tables configured (established 131072 bind 65536)
[    0.305870] TCP reno registered
[    0.305968] NET: Registered protocol family 1
[    0.306079] RPC: Registered udp transport module.
[    0.306166] RPC: Registered tcp transport module.
[    0.306250] RPC: Registered tcp NFSv4.1 backchannel transport module.
[    0.306336] pci 0000:00:02.0: Boot video device
[    0.306547] Simple Boot Flag at 0x35 set to 0x1
[    0.307115] highmem bounce pool size: 64 pages
[    0.308597] VFS: Disk quotas dquot_6.5.2
[    0.308716] Dquot-cache hash table entries: 1024 (order 0, 4096 bytes)
[    0.309455] NTFS driver 2.1.29 [Flags: R/W].
[    0.309607] ROMFS MTD (C) 2007 Red Hat, Inc.
[    0.309814] JFS: nTxBlock = 7695, nTxLock = 61562
[    0.312246] SGI XFS with ACLs, security attributes, large block/inode numbers, no debug enabled
[    0.312716] SGI XFS Quota Management subsystem
[    0.313054] Slow work thread pool: Starting up
[    0.313147] Slow work thread pool: Ready
[    0.313241] GFS2 (built May 24 2013 02:47:17) installed
[    0.313332] msgmni has been set to 1734
[    0.313497] alg: No test for cipher_null (cipher_null-generic)
[    0.313595] alg: No test for ecb(cipher_null) (ecb-cipher_null)
[    0.313695] alg: No test for digest_null (digest_null-generic)
[    0.313789] alg: No test for compress_null (compress_null-generic)
[    0.314337] alg: No test for fcrypt (fcrypt-generic)
[    0.315748] alg: No test for stdrng (krng)
[    0.315837] async_tx: api initialized (async)
[    0.316006] Block layer SCSI generic (bsg) driver version 0.4 loaded (major 254)
[    0.316119] io scheduler noop registered
[    0.316208] io scheduler anticipatory registered
[    0.316294] io scheduler deadline registered
[    0.316425] io scheduler cfq registered (default)
[    0.316667] pcieport 0000:00:1c.0: irq 24 for MSI/MSI-X
[    0.316685] pcieport 0000:00:1c.0: setting latency timer to 64
[    0.316894] pcieport 0000:00:1c.1: irq 25 for MSI/MSI-X
[    0.316906] pcieport 0000:00:1c.1: setting latency timer to 64
[    0.317094] pcieport 0000:00:1c.2: irq 26 for MSI/MSI-X
[    0.317108] pcieport 0000:00:1c.2: setting latency timer to 64
[    0.317283] pcieport 0000:00:1c.3: irq 27 for MSI/MSI-X
[    0.317294] pcieport 0000:00:1c.3: setting latency timer to 64
[    0.317468] pcieport 0000:00:1c.4: irq 28 for MSI/MSI-X
[    0.317479] pcieport 0000:00:1c.4: setting latency timer to 64
[    0.317628] pci_hotplug: PCI Hot Plug PCI Core version: 0.5
[    0.317820] isapnp: Scanning for PnP cards...
[    0.678370] isapnp: No Plug & Play device found
[    0.678455] random 0000 0000 0000 5f8db4e5 4cfdf2a8: initializing
[    0.678457] RANDOM init_std_data for input now value: 1370003207678457758
[    0.678459] RANDOM init_std_data for blocking now value: 1370003207678459732
[    0.678460] RANDOM init_std_data for nonblocking now value: 1370003207678461537
[    0.698025] Serial: 8250/16550 driver, 4 ports, IRQ sharing enabled
[    3.708630] floppy0: no floppy controllers found
[    3.709573] brd: module loaded
[    3.710071] loop: module loaded
[    3.710149] Compaq SMART2 Driver (v 2.6.0)
[    3.710263] HP CISS Driver (v 3.6.20)
[    3.710494] input: Macintosh mouse button emulation as /devices/virtual/input/input0
[    3.710612] Uniform Multi-Platform E-IDE driver
[    3.710843] piix 0000:00:1f.1: IDE controller (0x8086:0x2850 rev 0x03)
[    3.710937] pci 0000:00:1f.1: PCI INT C -> GSI 16 (level, low) -> IRQ 16
[    3.711034] piix 0000:00:1f.1: IDE port disabled
[    3.711119] piix 0000:00:1f.1: not 100% native mode: will probe irqs later
[    3.711206]     ide0: BM-DMA at 0x1c00-0x1c07
[    3.711952] Probing IDE interface ide0...
[    4.383800] hda: HL-DT-ST DVDRAM GSA-U10N, ATAPI CD/DVD-ROM drive
[    4.689590] hda: host max PIO4 wanted PIO255(auto-tune) selected PIO4
[    4.690360] hda: UDMA/33 mode selected
[    4.690815] ide0 at 0x1f0-0x1f7,0x3f6 on irq 14
[    4.694682] ide-gd driver 1.18
[    4.694778] ide-cd driver 5.00
[    4.696159] random 0000 0000 0000 00000000 00000000: add_disk_randomness(0:0) 00000000 00000000
[    4.696164] random 0000 0000 0000 00000000 00000000: add_timer_randomness(.. 256) with jiffies: 17508392529550868088, cycles: -938351548453355511
[    4.696166] random 0000 0000 0000 00000000 00000000: added 11 entropy credits to input
[    4.696170] ide-cd: hda: ATAPI 24X DVD-ROM DVD-R/RAM CD-R/RW drive, 2048kB Cache
[    4.696572] Uniform CD-ROM driver Revision: 3.20
[    4.699473] random 0011 0000 0000 00000000 00000000: add_disk_randomness(0:0) 00000000 00000000
[    4.699476] random 0011 0000 0000 00000000 00000000: add_timer_randomness(.. 256) with jiffies: 17538211628493536891, cycles: -908532449510686711
[    4.699479] random 0011 0000 0000 00000000 00000000: added 1 entropy credits to input
[    4.699482] random 0012 0000 0000 00000000 00000000: add_disk_randomness(0:0) 00000000 00000000
[    4.699485] random 0012 0000 0000 00000000 00000000: add_timer_randomness(.. 256) with jiffies: 17538287705249250939, cycles: -908456372754972663
[    4.701472] random 0012 0000 0000 00000000 00000000: add_disk_randomness(0:0) 00000000 00000000
[    4.701475] random 0012 0000 0000 00000000 00000000: add_timer_randomness(.. 256) with jiffies: 17556197096103313021, cycles: -890546981900910583
[    4.701478] random 0012 0000 0000 00000000 00000000: added 1 entropy credits to input
[    4.701481] random 0013 0000 0000 00000000 00000000: add_disk_randomness(0:0) 00000000 00000000
[    4.701484] random 0013 0000 0000 00000000 00000000: add_timer_randomness(.. 256) with jiffies: 17556273039715040893, cycles: -890471038289182711
[    4.703472] random 0013 0000 0000 00000000 00000000: add_disk_randomness(0:0) 00000000 00000000
[    4.703475] random 0013 0000 0000 00000000 00000000: add_timer_randomness(.. 256) with jiffies: 17574186712651497087, cycles: -872557365352726519
[    4.703477] random 0013 0000 0000 00000000 00000000: added 1 entropy credits to input
[    4.703480] random 0014 0000 0000 00000000 00000000: add_disk_randomness(0:0) 00000000 00000000
[    4.703483] random 0014 0000 0000 00000000 00000000: add_timer_randomness(.. 256) with jiffies: 17574259271828995711, cycles: -872484806175227895
[    4.703755] Loading iSCSI transport class v2.0-870.
[    4.704029] rdac: device handler registered
[    4.704108] hp_sw: device handler registered
[    4.704189] emc: device handler registered
[    4.704268] alua: device handler registered
[    4.705249] Adaptec aacraid driver 1.1-5[2461]-ms
[    4.705673] scsi: <fdomain> Detection failed (no card)
[    4.705762] sym53c416.c: Version 1.0.0-ac
[    4.705867] qlogicfas: no cards were found, please specify I/O address and IRQ using iobase= and irq= options
[    4.705981] QLogic Fibre Channel HBA Driver: 8.03.01-k6
[    4.706188] iscsi: registered transport (qla4xxx)
[    4.706287] QLogic iSCSI HBA Driver
[    4.706365] Emulex LightPulse Fibre Channel SCSI driver 8.3.4
[    4.706457] Copyright(c) 2004-2009 Emulex.  All rights reserved.
[    4.728574] Failed initialization of WD-7000 SCSI card!
[    4.818103] DC390: clustering now enabled by default. If you get problems load
[    4.818222]        with "disable_clustering=1" and report to maintainers
[    4.818346] megaraid cmm: 2.20.2.7 (Release Date: Sun Jul 16 00:01:03 EST 2006)
[    4.818501] megaraid: 2.20.5.1 (Release Date: Thu Nov 16 15:32:35 EST 2006)
[    4.818619] megasas: 00.00.04.01 Thu July 24 11:41:51 PST 2008
[    4.818742] GDT-HA: Storage RAID Controller Driver. Version: 3.05
[    4.818880] 3ware Storage Controller device driver for Linux v1.26.02.002.
[    4.818982] 3ware 9000 Storage Controller device driver for Linux v2.26.02.012.
[    4.819122] nsp32: loading...
[    4.819221] ipr: IBM Power RAID SCSI Device Driver version: 2.4.3 (June 10, 2009)
[    4.819355] RocketRAID 3xxx/4xxx Controller driver v1.6 (090910)
[    4.819456] stex: Promise SuperTrak EX Driver version: 4.6.0000.3
[    4.819598] st: Version 20081215, fixed bufsize 32768, s/g segs 256
[    4.819780] ahci 0000:00:1f.2: version 3.0
[    4.819794] ahci 0000:00:1f.2: PCI INT B -> GSI 16 (level, low) -> IRQ 16
[    4.819920] ahci 0000:00:1f.2: irq 29 for MSI/MSI-X
[    4.819981] ahci 0000:00:1f.2: AHCI 0001.0100 32 slots 3 ports 1.5 Gbps 0x5 impl SATA mode
[    4.820103] ahci 0000:00:1f.2: flags: 64bit ncq sntf pm led clo pio slum part ccc 
[    4.820227] ahci 0000:00:1f.2: setting latency timer to 64
[    4.820368] scsi2 : ahci
[    4.820521] scsi3 : ahci
[    4.820665] scsi4 : ahci
[    4.820824] ata1: SATA max UDMA/133 abar m2048@0xfe226000 port 0xfe226100 irq 29
[    4.820938] ata2: DUMMY
[    4.821017] ata3: SATA max UDMA/133 abar m2048@0xfe226000 port 0xfe226200 irq 29
[    4.821623] I2O subsystem v1.325
[    4.821708] i2o: max drivers = 8
[    4.821844] I2O Configuration OSM v1.323
[    4.821938] I2O Bus Adapter OSM v1.317
[    4.822037] I2O Block Device OSM v1.325
[    4.822182] I2O SCSI Peripheral OSM v1.316
[    4.822280] I2O ProcFS OSM v1.316
[    4.822376] Fusion MPT base driver 3.04.12
[    4.822465] Copyright (c) 1999-2008 LSI Corporation
[    4.822563] Fusion MPT SPI Host driver 3.04.12
[    4.822699] Fusion MPT FC Host driver 3.04.12
[    4.822810] Fusion MPT SAS Host driver 3.04.12
[    4.822965] ohci1394 0000:15:00.1: PCI INT B -> GSI 17 (level, low) -> IRQ 17
[    4.823060] ohci1394 0000:15:00.1: setting latency timer to 64
[    4.876583] ohci1394: fw-host0: OHCI-1394 1.1 (PCI): IRQ=[17]  MMIO=[f8301000-f83017ff]  Max Packet=[2048]  IR/IT contexts=[4/4]
[    4.880846] ehci_hcd: USB 2.0 'Enhanced' Host Controller (EHCI) Driver
[    4.881107] ehci_hcd 0000:00:1a.7: power state changed by ACPI to D0
[    4.881344] ehci_hcd 0000:00:1a.7: power state changed by ACPI to D0
[    4.881442] ehci_hcd 0000:00:1a.7: PCI INT C -> GSI 22 (level, low) -> IRQ 22
[    4.881542] ehci_hcd 0000:00:1a.7: setting latency timer to 64
[    4.881547] ehci_hcd 0000:00:1a.7: EHCI Host Controller
[    4.881677] ehci_hcd 0000:00:1a.7: new USB bus registered, assigned bus number 1
[    4.885721] ehci_hcd 0000:00:1a.7: cache line size of 32 is not supported
[    4.885729] ehci_hcd 0000:00:1a.7: irq 22, io mem 0xfe226c00
[    4.895544] ehci_hcd 0000:00:1a.7: USB 2.0 started, EHCI 1.00
[    4.895639] usb usb1: New USB device found, idVendor=1d6b, idProduct=0002
[    4.895721] usb usb1: New USB device strings: Mfr=3, Product=2, SerialNumber=1
[    4.895833] usb usb1: Product: EHCI Host Controller
[    4.895920] usb usb1: Manufacturer: Linux 2.6.32.57 ehci_hcd
[    4.896002] usb usb1: SerialNumber: 0000:00:1a.7
[    4.896140] usb usb1: configuration #1 chosen from 1 choice
[    4.896249] hub 1-0:1.0: USB hub found
[    4.896332] hub 1-0:1.0: 4 ports detected
[    4.896689] ehci_hcd 0000:00:1d.7: power state changed by ACPI to D0
[    4.896922] ehci_hcd 0000:00:1d.7: power state changed by ACPI to D0
[    4.897011] ehci_hcd 0000:00:1d.7: PCI INT D -> GSI 19 (level, low) -> IRQ 19
[    4.897105] ehci_hcd 0000:00:1d.7: setting latency timer to 64
[    4.897110] ehci_hcd 0000:00:1d.7: EHCI Host Controller
[    4.897232] ehci_hcd 0000:00:1d.7: new USB bus registered, assigned bus number 2
[    4.897379] ehci_hcd 0000:00:1d.7: debug port 1
[    4.901374] ehci_hcd 0000:00:1d.7: cache line size of 32 is not supported
[    4.901383] ehci_hcd 0000:00:1d.7: irq 19, io mem 0xfe227000
[    4.911544] ehci_hcd 0000:00:1d.7: USB 2.0 started, EHCI 1.00
[    4.911633] usb usb2: New USB device found, idVendor=1d6b, idProduct=0002
[    4.911715] usb usb2: New USB device strings: Mfr=3, Product=2, SerialNumber=1
[    4.911827] usb usb2: Product: EHCI Host Controller
[    4.911918] usb usb2: Manufacturer: Linux 2.6.32.57 ehci_hcd
[    4.911998] usb usb2: SerialNumber: 0000:00:1d.7
[    4.912131] usb usb2: configuration #1 chosen from 1 choice
[    4.912245] hub 2-0:1.0: USB hub found
[    4.912326] hub 2-0:1.0: 6 ports detected
[    4.912495] 116x: driver isp116x-hcd, 03 Nov 2005
[    4.912604] ohci_hcd: USB 1.1 'Open' Host Controller (OHCI) Driver
[    4.912718] uhci_hcd: USB Universal Host Controller Interface driver
[    4.912818] uhci_hcd 0000:00:1a.0: PCI INT A -> GSI 20 (level, low) -> IRQ 20
[    4.912909] uhci_hcd 0000:00:1a.0: setting latency timer to 64
[    4.912914] uhci_hcd 0000:00:1a.0: UHCI Host Controller
[    4.913032] uhci_hcd 0000:00:1a.0: new USB bus registered, assigned bus number 3
[    4.913174] uhci_hcd 0000:00:1a.0: irq 20, io base 0x00001860
[    4.913279] usb usb3: New USB device found, idVendor=1d6b, idProduct=0001
[    4.913368] usb usb3: New USB device strings: Mfr=3, Product=2, SerialNumber=1
[    4.913479] usb usb3: Product: UHCI Host Controller
[    4.913574] usb usb3: Manufacturer: Linux 2.6.32.57 uhci_hcd
[    4.913654] usb usb3: SerialNumber: 0000:00:1a.0
[    4.913783] usb usb3: configuration #1 chosen from 1 choice
[    4.913898] hub 3-0:1.0: USB hub found
[    4.913980] hub 3-0:1.0: 2 ports detected
[    4.914267] uhci_hcd 0000:00:1a.1: power state changed by ACPI to D0
[    4.914498] uhci_hcd 0000:00:1a.1: power state changed by ACPI to D0
[    4.914601] uhci_hcd 0000:00:1a.1: PCI INT B -> GSI 21 (level, low) -> IRQ 21
[    4.914704] uhci_hcd 0000:00:1a.1: setting latency timer to 64
[    4.914709] uhci_hcd 0000:00:1a.1: UHCI Host Controller
[    4.914830] uhci_hcd 0000:00:1a.1: new USB bus registered, assigned bus number 4
[    4.914983] uhci_hcd 0000:00:1a.1: irq 21, io base 0x00001880
[    4.915087] usb usb4: New USB device found, idVendor=1d6b, idProduct=0001
[    4.915175] usb usb4: New USB device strings: Mfr=3, Product=2, SerialNumber=1
[    4.915292] usb usb4: Product: UHCI Host Controller
[    4.915375] usb usb4: Manufacturer: Linux 2.6.32.57 uhci_hcd
[    4.915455] usb usb4: SerialNumber: 0000:00:1a.1
[    4.915598] usb usb4: configuration #1 chosen from 1 choice
[    4.915706] hub 4-0:1.0: USB hub found
[    4.915800] hub 4-0:1.0: 2 ports detected
[    4.916091] uhci_hcd 0000:00:1d.0: power state changed by ACPI to D0
[    4.916320] uhci_hcd 0000:00:1d.0: power state changed by ACPI to D0
[    4.916410] uhci_hcd 0000:00:1d.0: PCI INT A -> GSI 16 (level, low) -> IRQ 16
[    4.916511] uhci_hcd 0000:00:1d.0: setting latency timer to 64
[    4.916516] uhci_hcd 0000:00:1d.0: UHCI Host Controller
[    4.916644] uhci_hcd 0000:00:1d.0: new USB bus registered, assigned bus number 5
[    4.916796] uhci_hcd 0000:00:1d.0: irq 16, io base 0x000018a0
[    4.916911] usb usb5: New USB device found, idVendor=1d6b, idProduct=0001
[    4.916997] usb usb5: New USB device strings: Mfr=3, Product=2, SerialNumber=1
[    4.917114] usb usb5: Product: UHCI Host Controller
[    4.917199] usb usb5: Manufacturer: Linux 2.6.32.57 uhci_hcd
[    4.917284] usb usb5: SerialNumber: 0000:00:1d.0
[    4.917410] usb usb5: configuration #1 chosen from 1 choice
[    4.917527] hub 5-0:1.0: USB hub found
[    4.917617] hub 5-0:1.0: 2 ports detected
[    4.917757] uhci_hcd 0000:00:1d.1: PCI INT B -> GSI 17 (level, low) -> IRQ 17
[    4.917864] uhci_hcd 0000:00:1d.1: setting latency timer to 64
[    4.917867] uhci_hcd 0000:00:1d.1: UHCI Host Controller
[    4.917985] uhci_hcd 0000:00:1d.1: new USB bus registered, assigned bus number 6
[    4.918133] uhci_hcd 0000:00:1d.1: irq 17, io base 0x000018c0
[    4.918243] usb usb6: New USB device found, idVendor=1d6b, idProduct=0001
[    4.918335] usb usb6: New USB device strings: Mfr=3, Product=2, SerialNumber=1
[    4.918454] usb usb6: Product: UHCI Host Controller
[    4.918534] usb usb6: Manufacturer: Linux 2.6.32.57 uhci_hcd
[    4.918621] usb usb6: SerialNumber: 0000:00:1d.1
[    4.918750] usb usb6: configuration #1 chosen from 1 choice
[    4.918858] hub 6-0:1.0: USB hub found
[    4.918939] hub 6-0:1.0: 2 ports detected
[    4.919229] uhci_hcd 0000:00:1d.2: power state changed by ACPI to D0
[    4.919458] uhci_hcd 0000:00:1d.2: power state changed by ACPI to D0
[    4.919551] uhci_hcd 0000:00:1d.2: PCI INT C -> GSI 18 (level, low) -> IRQ 18
[    4.919641] uhci_hcd 0000:00:1d.2: setting latency timer to 64
[    4.919644] uhci_hcd 0000:00:1d.2: UHCI Host Controller
[    4.919767] uhci_hcd 0000:00:1d.2: new USB bus registered, assigned bus number 7
[    4.919913] uhci_hcd 0000:00:1d.2: irq 18, io base 0x000018e0
[    4.920018] usb usb7: New USB device found, idVendor=1d6b, idProduct=0001
[    4.920100] usb usb7: New USB device strings: Mfr=3, Product=2, SerialNumber=1
[    4.920216] usb usb7: Product: UHCI Host Controller
[    4.920303] usb usb7: Manufacturer: Linux 2.6.32.57 uhci_hcd
[    4.921046] usb usb7: SerialNumber: 0000:00:1d.2
[    4.921178] usb usb7: configuration #1 chosen from 1 choice
[    4.921286] hub 7-0:1.0: USB hub found
[    4.921371] hub 7-0:1.0: 2 ports detected
[    4.921525] sl811: driver sl811-hcd, 19 May 2005
[    4.921628] r8a66597_hcd: driver r8a66597_hcd, 2009-05-26
[    4.921786] Initializing USB Mass Storage driver...
[    4.921902] usbcore: registered new interface driver usb-storage
[    4.921983] USB Mass Storage support registered.
[    4.922084] usbcore: registered new interface driver ums-alauda
[    4.922194] usbcore: registered new interface driver ums-cypress
[    4.922295] usbcore: registered new interface driver ums-datafab
[    4.922401] usbcore: registered new interface driver ums-freecom
[    4.922507] usbcore: registered new interface driver ums-isd200
[    4.922624] usbcore: registered new interface driver ums-jumpshot
[    4.922731] usbcore: registered new interface driver ums-karma
[    4.922838] usbcore: registered new interface driver ums-onetouch
[    4.922947] usbcore: registered new interface driver ums-sddr09
[    4.923049] usbcore: registered new interface driver ums-sddr55
[    4.923152] usbcore: registered new interface driver ums-usbat
[    4.923290] PNP: PS/2 Controller [PNP0303:KBD,PNP0f13:MOU] at 0x60,0x64 irq 1,12
[    4.931712] serio: i8042 KBD port at 0x60,0x64 irq 1
[    4.931799] serio: i8042 AUX port at 0x60,0x64 irq 12
[    4.932034] mice: PS/2 mouse device common for all mice
[    4.932145] i2c /dev entries driver
[    4.932268] md: linear personality registered for level -1
[    4.932350] md: raid0 personality registered for level 0
[    4.932435] md: raid1 personality registered for level 1
[    4.932514] md: raid10 personality registered for level 10
[    4.932621] md: raid6 personality registered for level 6
[    4.932702] md: raid5 personality registered for level 5
[    4.932783] md: raid4 personality registered for level 4
[    4.932864] md: multipath personality registered for level -4
[    4.933050] device-mapper: ioctl: 4.15.0-ioctl (2009-04-01) initialised: dm-devel@redhat.com
[    4.933259] cpuidle: using governor ladder
[    4.933861] usbcore: registered new interface driver usbhid
[    4.933942] usbhid: v2.6:USB HID core driver
[    4.934080] random 0014 0000 0000 00000000 00000000: rand_read_num 4 get_random_bytes(136): sig 00000000 00000000 00000000
[    4.934083] random 0014 0000 0000 00000000 00000000: extract_entropy(.. 136 ..)
[    4.934086] random 0014 0000 0000 00000000 00000000: going to reseed nonblocking with 1024 bits (1088 of 0 requested)
[    4.934088] random 0014 0000 0000 00000000 00000000: extract_entropy(.. 128 ..)
[    4.934090] random 0014 0000 0000 00000000 00000000: trying to extract 1024 bits from input
[    4.934092] random 0014 0000 0000 00000000 00000000: debiting 0 entropy credits from input
[    4.934094] random 0014 0000 0000 00000000 00000000: extract_entropy account returned: 0 
[    4.934097] random 0014 0000 0000 00000000 00000000: urand_change_num 7 xfer_secondary_pool(136): pool_sig 00000000, data_sig 00000000, bytes_mixed 0 00000000 00000000
[    4.934100] random 0014 0000 0000 00000000 00000000: trying to extract 1088 bits from nonblocking
[    4.934103] random 0014 0000 0000 00000000 00000000: debiting 1088 entropy credits from nonblocking (unlimited)
[    4.934105] random 0014 0000 0000 00000000 00000000: extract_entropy account returned: 136 
[    4.934109] random 0014 0000 0000 00000000 00000000: urand_change_num 8 extract_buf: pool_sig 00000000, data_sig fffffff9, bytes_mixed 20 00000000 00000000
[    4.934115] random 0014 0000 0000 b7c35b56 be4dc95d: urand_change_num 9 extract_buf: pool_sig fffffd1e, data_sig 000000c5, bytes_mixed 20 b7c35b56 be4dc95d
[    4.934120] random 0014 0000 0000 ed9f5c47 c48487fb: urand_change_num 10 extract_buf: pool_sig fffff8ec, data_sig ffffff68, bytes_mixed 20 ed9f5c47 c48487fb
[    4.934126] random 0014 0000 0000 ed9f5c47 c48487fb: urand_change_num 11 extract_buf: pool_sig fffffaed, data_sig 000001aa, bytes_mixed 20 ed9f5c47 c48487fb
[    4.934131] random 0014 0000 0000 1b4f7c0a 91bd6a48: urand_change_num 12 extract_buf: pool_sig fffffdd8, data_sig 00000064, bytes_mixed 20 1b4f7c0a 91bd6a48
[    4.934136] random 0014 0000 0000 a254b9bc 20e9a24f: urand_change_num 13 extract_buf: pool_sig fffffbe6, data_sig 000001dd, bytes_mixed 20 a254b9bc 20e9a24f
[    4.934141] random 0014 0000 0000 a254b9bc 20e9a24f: urand_change_num 14 extract_buf: pool_sig fffff940, data_sig fffffe20, bytes_mixed 20 a254b9bc 20e9a24f
[    4.934147] random 0014 0000 0000 2831a66b 5fa2a3ad: urand_change_num 15 extract_buf: pool_sig fffffbce, data_sig 0000007e, bytes_mixed 20 2831a66b 5fa2a3ad
[    4.934152] random 0014 0000 0000 2831a66b 5fa2a3ad: urand_change_num 16 extract_buf: pool_sig 000004df, data_sig fffffe8f, bytes_mixed 20 2831a66b 5fa2a3ad
[    4.934157] random 0014 0000 0000 d4512bfd c9a54e0b: urand_change_num 17 extract_buf: pool_sig 00000485, data_sig fffffe68, bytes_mixed 20 d4512bfd c9a54e0b
[    4.934162] random 0014 0000 0000 c7371be6 f9ffea11: urand_change_num 18 extract_buf: pool_sig 00000095, data_sig ffffffed, bytes_mixed 20 c7371be6 f9ffea11
[    4.934167] random 0014 0000 0000 c7371be6 f9ffea11: urand_change_num 19 extract_buf: pool_sig 000003a7, data_sig fffffefa, bytes_mixed 20 c7371be6 f9ffea11
[    4.934173] random 0014 0000 0000 8fb4b62c d1ddba54: urand_change_num 20 extract_buf: pool_sig 00000179, data_sig ffffff78, bytes_mixed 20 8fb4b62c d1ddba54
[    4.934178] random 0014 0000 0000 9ff19f9c c07a1d2a: urand_change_num 21 extract_buf: pool_sig fffffe88, data_sig 00000126, bytes_mixed 20 9ff19f9c c07a1d2a
[    4.934182] TCP cubic registered
[    4.934278] Initializing XFRM netlink socket
[    4.934365] NET: Registered protocol family 17
[    4.934468] Using IPI Shortcut mode
[    4.934570] random 0014 0000 0000 9ff19f9c c07a1d2a: rand_read_num 5 get_random_bytes(8): sig 0000031b 9ff19f9c c07a1d2a
[    4.934573] random 0014 0000 0000 9ff19f9c c07a1d2a: extract_entropy(.. 8 ..)
[    4.934575] random 0014 0000 0000 9ff19f9c c07a1d2a: going to reseed nonblocking with 64 bits (64 of 0 requested)
[    4.934577] random 0014 0000 0000 9ff19f9c c07a1d2a: extract_entropy(.. 8 ..)
[    4.934579] random 0014 0000 0000 9ff19f9c c07a1d2a: trying to extract 64 bits from input
[    4.934581] random 0014 0000 0000 9ff19f9c c07a1d2a: debiting 0 entropy credits from input
[    4.934583] random 0014 0000 0000 9ff19f9c c07a1d2a: extract_entropy account returned: 0 
[    4.934587] random 0014 0000 0000 9ff19f9c c07a1d2a: urand_change_num 22 xfer_secondary_pool(8): pool_sig 0000031b, data_sig 00000000, bytes_mixed 0 9ff19f9c c07a1d2a
[    4.934590] random 0014 0000 0000 9ff19f9c c07a1d2a: trying to extract 64 bits from nonblocking
[    4.934592] random 0014 0000 0000 9ff19f9c c07a1d2a: debiting 64 entropy credits from nonblocking (unlimited)
[    4.934594] random 0014 0000 0000 9ff19f9c c07a1d2a: extract_entropy account returned: 8 
[    4.934598] random 0014 0000 0000 9ff19f9c c07a1d2a: urand_change_num 23 extract_buf: pool_sig 0000031b, data_sig ffffffb3, bytes_mixed 20 9ff19f9c c07a1d2a
[    4.937705] input: AT Translated Set 2 keyboard as /devices/platform/i8042/serio0/input/input1
[    5.127539] ata3: SATA link down (SStatus 0 SControl 300)
[    5.127643] ata1: SATA link up 1.5 Gbps (SStatus 113 SControl 300)
[    5.130298] ata1.00: ACPI cmd ef/02:00:00:00:00:a0 (SET FEATURES) succeeded
[    5.130301] ata1.00: ACPI cmd f5/00:00:00:00:00:a0 (SECURITY FREEZE LOCK) filtered out
[    5.131692] ata1.00: ACPI cmd ef/5f:00:00:00:00:a0 (SET FEATURES) succeeded
[    5.131694] ata1.00: ACPI cmd ef/10:03:00:00:00:a0 (SET FEATURES) filtered out
[    5.133604] ata1.00: ATA-7: ST910021AS, 4.06, max UDMA/100
[    5.133699] ata1.00: 195371568 sectors, multi 16: LBA48 
[    5.135842] ata1.00: ACPI cmd ef/02:00:00:00:00:a0 (SET FEATURES) succeeded
[    5.135845] ata1.00: ACPI cmd f5/00:00:00:00:00:a0 (SECURITY FREEZE LOCK) filtered out
[    5.137238] ata1.00: ACPI cmd ef/5f:00:00:00:00:a0 (SET FEATURES) succeeded
[    5.137240] ata1.00: ACPI cmd ef/10:03:00:00:00:a0 (SET FEATURES) filtered out
[    5.139163] ata1.00: configured for UDMA/100
[    5.149591] scsi 2:0:0:0: Direct-Access     ATA      ST910021AS       4.06 PQ: 0 ANSI: 5
[    5.149864] sd 2:0:0:0: [sda] 195371568 512-byte logical blocks: (100 GB/93.1 GiB)
[    5.150011] sd 2:0:0:0: [sda] Write Protect is off
[    5.150089] sd 2:0:0:0: [sda] Mode Sense: 00 3a 00 00
[    5.150101] sd 2:0:0:0: [sda] Write cache: enabled, read cache: enabled, doesn't support DPO or FUA
[    5.150283]  sda:
[    5.564294] random 0014 0000 0000 277f73c3 42024bb9: add_disk_randomness(8:0) 277f73c3 42024bb9
[    5.564381] random 0014 0000 0000 277f73c3 42024bb9: add_timer_randomness(.. 8388864) with jiffies: 6872990629098127747, cycles: 6872990624803454986
[    5.564384] random 0014 0000 0000 277f73c3 42024bb9: added 11 entropy credits to input
[    5.564388]  sda1 sda2
[    5.564909] random 0025 0000 0000 277f73c3 42024bb9: add_disk_randomness(8:0) 277f73c3 42024bb9
[    5.564912] random 0025 0000 0000 277f73c3 42024bb9: add_timer_randomness(.. 8388864) with jiffies: 6877761818072940932, cycles: 6877761813778268170
[    5.565064] sd 2:0:0:0: [sda] Attached SCSI disk
[    5.565148] random 0025 0000 0000 277f73c3 42024bb9: rand_read_num 6 get_random_bytes(12): sig 000007e9 277f73c3 42024bb9
[    5.565151] random 0025 0000 0000 277f73c3 42024bb9: extract_entropy(.. 12 ..)
[    5.565153] random 0025 0000 0000 277f73c3 42024bb9: going to reseed nonblocking with 96 bits (96 of 0 requested)
[    5.565155] random 0025 0000 0000 277f73c3 42024bb9: extract_entropy(.. 12 ..)
[    5.565158] random 0025 0000 0000 277f73c3 42024bb9: trying to extract 96 bits from input
[    5.565160] random 0025 0000 0000 277f73c3 42024bb9: debiting 0 entropy credits from input
[    5.565162] random 0025 0000 0000 277f73c3 42024bb9: extract_entropy account returned: 0 
[    5.565165] random 0025 0000 0000 277f73c3 42024bb9: urand_change_num 24 xfer_secondary_pool(12): pool_sig 000007e9, data_sig 00000000, bytes_mixed 0 277f73c3 42024bb9
[    5.565168] random 0025 0000 0000 277f73c3 42024bb9: trying to extract 96 bits from nonblocking
[    5.565171] random 0025 0000 0000 277f73c3 42024bb9: debiting 96 entropy credits from nonblocking (unlimited)
[    5.565173] random 0025 0000 0000 277f73c3 42024bb9: extract_entropy account returned: 12 
[    5.565177] random 0025 0000 0000 277f73c3 42024bb9: urand_change_num 25 extract_buf: pool_sig 000007e9, data_sig 00000088, bytes_mixed 20 277f73c3 42024bb9
[    5.565182] random 0025 0000 0000 277f73c3 42024bb9: urand_change_num 26 extract_buf: pool_sig 00000498, data_sig fffffefb, bytes_mixed 20 277f73c3 42024bb9
[    5.565185] RANDOM - __seed init called.
[    5.565186] RANDOM - __seed init called.
[    5.565187] RANDOM - __seed init called.
[    5.565189] RANDOM - __random32 called. Change num 12.  Value: 87f14767	f0d7351	b1e48bd3
[    5.565191] RANDOM - random32_reseed called.  Value: 87f14767	f0d7351	b1e48bd3
[    5.565194] Pid: 1, comm: swapper Not tainted 2.6.32.57 #6
[    5.565275] Call Trace:
[    5.565360]  [<c1923ca4>] ? random32_reseed+0xa0/0xb1
[    5.565443]  [<c1923c04>] ? random32_reseed+0x0/0xb1
[    5.565528]  [<c100111e>] ? do_one_initcall+0x2e/0x180
[    5.565617]  [<c1907265>] ? kernel_init+0xad/0x103
[    5.565697]  [<c19071b8>] ? kernel_init+0x0/0x103
[    5.565780]  [<c1003787>] ? kernel_thread_helper+0x7/0x10
[    5.566304] random 0025 0000 0000 386b4e60 ee4d4880: rand_read_num 7 get_random_bytes(64): sig fffffea5 386b4e60 ee4d4880
[    5.566307] random 0025 0000 0000 386b4e60 ee4d4880: extract_entropy(.. 64 ..)
[    5.566309] random 0025 0000 0000 386b4e60 ee4d4880: going to reseed nonblocking with 512 bits (512 of 0 requested)
[    5.566311] random 0025 0000 0000 386b4e60 ee4d4880: extract_entropy(.. 64 ..)
[    5.566313] random 0025 0000 0000 386b4e60 ee4d4880: trying to extract 512 bits from input
[    5.566316] random 0025 0000 0000 386b4e60 ee4d4880: debiting 0 entropy credits from input
[    5.566318] random 0025 0000 0000 386b4e60 ee4d4880: extract_entropy account returned: 0 
[    5.566321] random 0025 0000 0000 386b4e60 ee4d4880: urand_change_num 27 xfer_secondary_pool(64): pool_sig fffffea5, data_sig 00000000, bytes_mixed 0 386b4e60 ee4d4880
[    5.566324] random 0025 0000 0000 386b4e60 ee4d4880: trying to extract 512 bits from nonblocking
[    5.566326] random 0025 0000 0000 386b4e60 ee4d4880: debiting 512 entropy credits from nonblocking (unlimited)
[    5.566328] random 0025 0000 0000 386b4e60 ee4d4880: extract_entropy account returned: 64 
[    5.566332] random 0025 0000 0000 386b4e60 ee4d4880: urand_change_num 28 extract_buf: pool_sig fffffea5, data_sig 00000173, bytes_mixed 20 386b4e60 ee4d4880
[    5.566338] random 0025 0000 0000 412698f6 0cc8689a: urand_change_num 29 extract_buf: pool_sig 00000122, data_sig ffffff63, bytes_mixed 20 412698f6 0cc8689a
[    5.566343] random 0025 0000 0000 412698f6 0cc8689a: urand_change_num 30 extract_buf: pool_sig 000001f7, data_sig 00000012, bytes_mixed 20 412698f6 0cc8689a
[    5.566349] random 0025 0000 0000 9669941e 06f768b1: urand_change_num 31 extract_buf: pool_sig fffffb5b, data_sig 0000003f, bytes_mixed 20 9669941e 06f768b1
[    5.566354] random 0025 0000 0000 98486520 995551f0: urand_change_num 32 extract_buf: pool_sig fffffb39, data_sig 0000000e, bytes_mixed 20 98486520 995551f0
[    5.566359] random 0025 0000 0000 98486520 995551f0: urand_change_num 33 extract_buf: pool_sig fffffd8d, data_sig 000001a6, bytes_mixed 20 98486520 995551f0
[    5.566364] random 0025 0000 0000 61fc8914 d5882ed2: urand_change_num 34 extract_buf: pool_sig fffffa58, data_sig 0000023e, bytes_mixed 20 61fc8914 d5882ed2
[    5.566395] random 0025 0000 0000 61fc8914 d5882ed2: rand_read_num 8 get_random_bytes(64): sig fffff9ee 61fc8914 d5882ed2
[    5.566397] random 0025 0000 0000 61fc8914 d5882ed2: extract_entropy(.. 64 ..)
[    5.566399] random 0025 0000 0000 61fc8914 d5882ed2: going to reseed nonblocking with 512 bits (512 of 0 requested)
[    5.566402] random 0025 0000 0000 61fc8914 d5882ed2: extract_entropy(.. 64 ..)
[    5.566404] random 0025 0000 0000 61fc8914 d5882ed2: trying to extract 512 bits from input
[    5.566406] random 0025 0000 0000 61fc8914 d5882ed2: debiting 0 entropy credits from input
[    5.566408] random 0025 0000 0000 61fc8914 d5882ed2: extract_entropy account returned: 0 
[    5.566411] random 0025 0000 0000 61fc8914 d5882ed2: urand_change_num 35 xfer_secondary_pool(64): pool_sig fffff9ee, data_sig 00000000, bytes_mixed 0 61fc8914 d5882ed2
[    5.566414] random 0025 0000 0000 61fc8914 d5882ed2: trying to extract 512 bits from nonblocking
[    5.566416] random 0025 0000 0000 61fc8914 d5882ed2: debiting 512 entropy credits from nonblocking (unlimited)
[    5.566418] random 0025 0000 0000 61fc8914 d5882ed2: extract_entropy account returned: 64 
[    5.566423] random 0025 0000 0000 61fc8914 d5882ed2: urand_change_num 36 extract_buf: pool_sig fffff9ee, data_sig ffffff85, bytes_mixed 20 61fc8914 d5882ed2
[    5.566428] random 0025 0000 0000 70cfd302 e5edec11: urand_change_num 37 extract_buf: pool_sig fffffdc1, data_sig ffffffde, bytes_mixed 20 70cfd302 e5edec11
[    5.566433] random 0025 0000 0000 00dab838 eafd2b30: urand_change_num 38 extract_buf: pool_sig 000003da, data_sig ffffff61, bytes_mixed 20 00dab838 eafd2b30
[    5.566439] random 0025 0000 0000 00dab838 eafd2b30: urand_change_num 39 extract_buf: pool_sig 00000314, data_sig 00000121, bytes_mixed 20 00dab838 eafd2b30
[    5.566444] random 0025 0000 0000 5fcdf66a 6442b608: urand_change_num 40 extract_buf: pool_sig 0000028b, data_sig fffffefd, bytes_mixed 20 5fcdf66a 6442b608
[    5.566449] random 0025 0000 0000 61333f6b 8fae0f9b: urand_change_num 41 extract_buf: pool_sig 000000cb, data_sig 000000b3, bytes_mixed 20 61333f6b 8fae0f9b
[    5.566454] random 0025 0000 0000 61333f6b 8fae0f9b: urand_change_num 42 extract_buf: pool_sig fffffef8, data_sig 00000051, bytes_mixed 20 61333f6b 8fae0f9b
[    5.566457] BEGIN NET_SECRET:
[    5.566458] \xffffffe0
[    5.566459] \xffffffb6
[    5.566460] \x36
[    5.566461] \xffffffb5
[    5.566462] \xffffff94
[    5.566462] \xffffffb2
[    5.566463] \xffffffa8
[    5.566464] \xffffffda
[    5.566465] \x5b
[    5.566466] \x19
[    5.566466] \x18
[    5.566467] \x5c
[    5.566468] \x2b
[    5.566469] \x1
[    5.566469] \xffffff90
[    5.566470] \x19
[    5.566471] \x3c
[    5.566472] \xfffffff2
[    5.566473] \xffffff82
[    5.566473] \x2a
[    5.566474] \xffffffb3
[    5.566475] \xffffffa2
[    5.566476] \x3f
[    5.566476] \x5
[    5.566477] \x52
[    5.566478] \x77
[    5.566479] \x57
[    5.566479] \x79
[    5.566480] \x16
[    5.566481] \x43
[    5.566481] \xffffff84
[    5.566482] \xffffffc3
[    5.566483] \xffffffe9
[    5.566484] \x79
[    5.566485] \x50
[    5.566485] \xffffff8e
[    5.566486] \x3f
[    5.566487] \xfffffff3
[    5.566488] \x19
[    5.566488] \x2a
[    5.566489] \xfffffffd
[    5.566493] \xfffffffb
[    5.566494] \x62
[    5.566495] \x3c
[    5.566496] \xffffffac
[    5.566496] \x1c
[    5.566497] \x3b
[    5.566498] \x3b
[    5.566498] \x15
[    5.566499] \x27
[    5.566500] \xffffffa8
[    5.566501] \x22
[    5.566501] \xffffffc5
[    5.566502] \xffffff9a
[    5.566503] \x5
[    5.566504] \x6c
[    5.566505] \xffffffa8
[    5.566505] \x3a
[    5.566506] \x44
[    5.566507] \xffffffaf
[    5.566508] \x13
[    5.566508] \xffffffe0
[    5.566509] \xffffff9d
[    5.566510] \x22
[    5.566511] 
[    5.566511] END NET_SECRET
[    5.566514] random 0025 0000 0000 e7f555d9 e8ce5c3c: rand_read_num 9 get_random_bytes(4): sig 0000068c e7f555d9 e8ce5c3c
[    5.566516] random 0025 0000 0000 e7f555d9 e8ce5c3c: extract_entropy(.. 4 ..)
[    5.566519] random 0025 0000 0000 e7f555d9 e8ce5c3c: going to reseed nonblocking with 64 bits (32 of 0 requested)
[    5.566521] random 0025 0000 0000 e7f555d9 e8ce5c3c: extract_entropy(.. 8 ..)
[    5.566523] random 0025 0000 0000 e7f555d9 e8ce5c3c: trying to extract 64 bits from input
[    5.566525] random 0025 0000 0000 e7f555d9 e8ce5c3c: debiting 0 entropy credits from input
[    5.566527] random 0025 0000 0000 e7f555d9 e8ce5c3c: extract_entropy account returned: 0 
[    5.566530] random 0025 0000 0000 e7f555d9 e8ce5c3c: urand_change_num 43 xfer_secondary_pool(4): pool_sig 0000068c, data_sig 00000000, bytes_mixed 0 e7f555d9 e8ce5c3c
[    5.566533] random 0025 0000 0000 e7f555d9 e8ce5c3c: trying to extract 32 bits from nonblocking
[    5.566536] random 0025 0000 0000 e7f555d9 e8ce5c3c: debiting 32 entropy credits from nonblocking (unlimited)
[    5.566538] random 0025 0000 0000 e7f555d9 e8ce5c3c: extract_entropy account returned: 4 
[    5.566542] random 0025 0000 0000 e7f555d9 e8ce5c3c: urand_change_num 44 extract_buf: pool_sig 0000068c, data_sig fffffdcb, bytes_mixed 20 e7f555d9 e8ce5c3c
[    5.566552] md: Waiting for all devices to be available before autodetect
[    5.566640] md: If you don't use raid, use raid=noautodetect
[    5.566794] md: Autodetecting RAID arrays.
[    5.566872] md: Scanned 0 and added 0 devices.
[    5.566960] md: autorun ...
[    5.567042] md: ... autorun DONE.
[    5.588835] random 0025 0000 0000 e7f555d9 e8ce5c3c: add_disk_randomness(8:0) e7f555d9 e8ce5c3c
[    5.588838] random 0025 0000 0000 e7f555d9 e8ce5c3c: add_timer_randomness(.. 8388864) with jiffies: 7093026468006691228, cycles: 7093026463712018442
[    5.588841] random 0025 0000 0000 e7f555d9 e8ce5c3c: added 4 entropy credits to input
[    5.589959] random 0029 0000 0000 e7f555d9 e8ce5c3c: add_disk_randomness(8:0) e7f555d9 e8ce5c3c
[    5.589962] random 0029 0000 0000 e7f555d9 e8ce5c3c: add_timer_randomness(.. 8388864) with jiffies: 7103137473856504221, cycles: 7103137469561831434
[    5.597045] random 0029 0000 0000 e7f555d9 e8ce5c3c: add_disk_randomness(8:0) e7f555d9 e8ce5c3c
[    5.597048] random 0029 0000 0000 e7f555d9 e8ce5c3c: add_timer_randomness(.. 8388864) with jiffies: 7166892947650871716, cycles: 7166892943356198922
[    5.597051] random 0029 0000 0000 e7f555d9 e8ce5c3c: added 2 entropy credits to input
[    5.597055] EXT3-fs: sda2: couldn't mount because of unsupported optional features (240).
[    5.597272] random 0031 0000 0000 e7f555d9 e8ce5c3c: add_disk_randomness(8:0) e7f555d9 e8ce5c3c
[    5.597275] random 0031 0000 0000 e7f555d9 e8ce5c3c: add_timer_randomness(.. 8388864) with jiffies: 7168941578331586980, cycles: 7168941574036914186
[    5.597280] EXT2-fs: sda2: couldn't mount because of unsupported optional features (240).
[    5.597507] random 0031 0000 0000 e7f555d9 e8ce5c3c: add_disk_randomness(8:0) e7f555d9 e8ce5c3c
[    5.597510] random 0031 0000 0000 e7f555d9 e8ce5c3c: add_timer_randomness(.. 8388864) with jiffies: 7171043148779192741, cycles: 7171043144484519946
[    5.597642] random 0031 0000 0000 e7f555d9 e8ce5c3c: add_disk_randomness(8:0) e7f555d9 e8ce5c3c
[    5.597645] random 0031 0000 0000 e7f555d9 e8ce5c3c: add_timer_randomness(.. 8388864) with jiffies: 7172257975983899045, cycles: 7172257971689226250
[    5.597763] random 0031 0000 0000 e7f555d9 e8ce5c3c: add_disk_randomness(8:0) e7f555d9 e8ce5c3c
[    5.597766] random 0031 0000 0000 e7f555d9 e8ce5c3c: add_timer_randomness(.. 8388864) with jiffies: 7173350366555898277, cycles: 7173350362261225482
[    5.597916] random 0031 0000 0000 e7f555d9 e8ce5c3c: add_disk_randomness(8:0) e7f555d9 e8ce5c3c
[    5.597919] random 0031 0000 0000 e7f555d9 e8ce5c3c: add_timer_randomness(.. 8388864) with jiffies: 7174727723913019813, cycles: 7174727719618347018
[    5.598036] random 0031 0000 0000 e7f555d9 e8ce5c3c: add_disk_randomness(8:0) e7f555d9 e8ce5c3c
[    5.598038] random 0031 0000 0000 e7f555d9 e8ce5c3c: add_timer_randomness(.. 8388864) with jiffies: 7175806671237382565, cycles: 7175806666942709770
[    5.598155] random 0031 0000 0000 e7f555d9 e8ce5c3c: add_disk_randomness(8:0) e7f555d9 e8ce5c3c
[    5.598158] random 0031 0000 0000 e7f555d9 e8ce5c3c: add_timer_randomness(.. 8388864) with jiffies: 7176886524799844773, cycles: 7176886520505171978
[    5.598266] random 0031 0000 0000 e7f555d9 e8ce5c3c: add_disk_randomness(8:0) e7f555d9 e8ce5c3c
[    5.598269] random 0031 0000 0000 e7f555d9 e8ce5c3c: add_timer_randomness(.. 8388864) with jiffies: 7177885018796818853, cycles: 7177885014502146058
[    5.598383] random 0031 0000 0000 e7f555d9 e8ce5c3c: add_disk_randomness(8:0) e7f555d9 e8ce5c3c
[    5.598386] random 0031 0000 0000 e7f555d9 e8ce5c3c: add_timer_randomness(.. 8388864) with jiffies: 7178938445425508773, cycles: 7178938441130835978
[    5.598632] random 0031 0000 0000 e7f555d9 e8ce5c3c: rand_read_num 10 get_random_bytes(4): sig ffffff72 e7f555d9 e8ce5c3c
[    5.598635] random 0031 0000 0000 e7f555d9 e8ce5c3c: extract_entropy(.. 4 ..)
[    5.598637] random 0031 0000 0000 e7f555d9 e8ce5c3c: going to reseed nonblocking with 64 bits (32 of 0 requested)
[    5.598639] random 0031 0000 0000 e7f555d9 e8ce5c3c: extract_entropy(.. 8 ..)
[    5.598641] random 0031 0000 0000 e7f555d9 e8ce5c3c: trying to extract 64 bits from input
[    5.598643] random 0031 0000 0000 e7f555d9 e8ce5c3c: debiting 0 entropy credits from input
[    5.598645] random 0031 0000 0000 e7f555d9 e8ce5c3c: extract_entropy account returned: 0 
[    5.598648] random 0031 0000 0000 e7f555d9 e8ce5c3c: urand_change_num 45 xfer_secondary_pool(4): pool_sig ffffff72, data_sig 00000000, bytes_mixed 0 e7f555d9 e8ce5c3c
[    5.598651] random 0031 0000 0000 e7f555d9 e8ce5c3c: trying to extract 32 bits from nonblocking
[    5.598654] random 0031 0000 0000 e7f555d9 e8ce5c3c: debiting 32 entropy credits from nonblocking (unlimited)
[    5.598656] random 0031 0000 0000 e7f555d9 e8ce5c3c: extract_entropy account returned: 4 
[    5.598660] random 0031 0000 0000 e7f555d9 e8ce5c3c: urand_change_num 46 extract_buf: pool_sig ffffff72, data_sig ffffff72, bytes_mixed 20 e7f555d9 e8ce5c3c
[    5.603286] random 0031 0000 0000 91716c54 eeb6a1e7: add_disk_randomness(8:0) 91716c54 eeb6a1e7
[    5.603289] random 0031 0000 0000 91716c54 eeb6a1e7: add_timer_randomness(.. 8388864) with jiffies: 7223051805414621610, cycles: 7223051801119948810
[    5.603292] random 0031 0000 0000 91716c54 eeb6a1e7: added 2 entropy credits to input
[    5.621563] random 0033 0000 0000 91716c54 eeb6a1e7: add_disk_randomness(8:0) 91716c54 eeb6a1e7
[    5.621566] random 0033 0000 0000 91716c54 eeb6a1e7: add_timer_randomness(.. 8388864) with jiffies: 7387475454291837373, cycles: 7387475449997164554
[    5.621569] random 0033 0000 0000 91716c54 eeb6a1e7: added 3 entropy credits to input
[    5.626238] EXT4-fs (sda2): mounted filesystem with ordered data mode
[    5.626429] VFS: Mounted root (ext4 filesystem) readonly on device 8:2.
[    5.626532] Freeing unused kernel memory: 448k freed
[    5.646756] random 0036 0000 0000 91716c54 eeb6a1e7: add_disk_randomness(8:0) 91716c54 eeb6a1e7
[    5.646759] random 0036 0000 0000 91716c54 eeb6a1e7: add_timer_randomness(.. 8388864) with jiffies: 7614138496457605590, cycles: 7614138492162932746
[    5.646762] random 0036 0000 0000 91716c54 eeb6a1e7: added 2 entropy credits to input
[    5.647440] random 0038 0000 0000 91716c54 eeb6a1e7: add_disk_randomness(8:0) 91716c54 eeb6a1e7
[    5.647443] random 0038 0000 0000 91716c54 eeb6a1e7: add_timer_randomness(.. 8388864) with jiffies: 7620306211228582358, cycles: 7620306206933909514
[    5.652171] random 0038 0000 0000 91716c54 eeb6a1e7: add_disk_randomness(8:0) 91716c54 eeb6a1e7
[    5.652174] random 0038 0000 0000 91716c54 eeb6a1e7: add_timer_randomness(.. 8388864) with jiffies: 7662867597670187483, cycles: 7662867593375514634
[    5.652177] random 0038 0000 0000 91716c54 eeb6a1e7: added 2 entropy credits to input
[    5.660365] random 0040 0000 0000 91716c54 eeb6a1e7: add_disk_randomness(8:0) 91716c54 eeb6a1e7
[    5.660368] random 0040 0000 0000 91716c54 eeb6a1e7: add_timer_randomness(.. 8388864) with jiffies: 7736590582457008611, cycles: 7736590578162335754
[    5.660371] random 0040 0000 0000 91716c54 eeb6a1e7: added 1 entropy credits to input
[    5.663790] random 0041 0000 0000 91716c54 eeb6a1e7: add_disk_randomness(8:0) 91716c54 eeb6a1e7
[    5.663793] random 0041 0000 0000 91716c54 eeb6a1e7: add_timer_randomness(.. 8388864) with jiffies: 7767397532467692007, cycles: 7767397528173019146
[    5.663796] random 0041 0000 0000 91716c54 eeb6a1e7: added 2 entropy credits to input
[    5.672687] random 0043 0000 0000 91716c54 eeb6a1e7: add_disk_randomness(8:0) 91716c54 eeb6a1e7
[    5.672690] random 0043 0000 0000 91716c54 eeb6a1e7: add_timer_randomness(.. 8388864) with jiffies: 7847436867958702576, cycles: 7847436863664029706
[    5.672692] random 0043 0000 0000 91716c54 eeb6a1e7: added 2 entropy credits to input
[    5.685966] random 0045 0000 0000 91716c54 eeb6a1e7: add_disk_randomness(8:0) 91716c54 eeb6a1e7
[    5.685969] random 0045 0000 0000 91716c54 eeb6a1e7: add_timer_randomness(.. 8388864) with jiffies: 7966911725578191357, cycles: 7966911721283518474
[    5.694039] random 0045 0000 0000 91716c54 eeb6a1e7: add_disk_randomness(8:0) 91716c54 eeb6a1e7
[    5.694042] random 0045 0000 0000 91716c54 eeb6a1e7: add_timer_randomness(.. 8388864) with jiffies: 8039546696364687877, cycles: 8039546692070014986
[    5.694044] random 0045 0000 0000 91716c54 eeb6a1e7: added 2 entropy credits to input
[    5.694067] RANDOM get_random_int call with cycles 44821580044, jiffies 4294672901 and pid 1
[    5.694070] RANDOM get_random_int call with cycles 44821586985, jiffies 4294672901 and pid 1
[    5.694072] ASLR stack rand value: 5087232 after shift for pid: 1
[    5.694074] RANDOM get_random_int call with cycles 44821594765, jiffies 4294672901 and pid 1
[    5.705690] random 0047 0000 0000 91716c54 eeb6a1e7: add_disk_randomness(8:0) 91716c54 eeb6a1e7
[    5.705693] random 0047 0000 0000 91716c54 eeb6a1e7: add_timer_randomness(.. 8388864) with jiffies: 8144368452715119121, cycles: 8144368448420446218
[    5.705696] random 0047 0000 0000 91716c54 eeb6a1e7: added 2 entropy credits to input
[    5.705706] RANDOM get_random_int call with cycles 44845960309, jiffies 4294672913 and pid 1
[    5.705712] random 0049 0000 0000 91716c54 eeb6a1e7: rand_read_num 11 get_random_bytes(16): sig fffffcad 91716c54 eeb6a1e7
[    5.705715] random 0049 0000 0000 91716c54 eeb6a1e7: extract_entropy(.. 16 ..)
[    5.705717] random 0049 0000 0000 91716c54 eeb6a1e7: going to reseed nonblocking with 128 bits (128 of 0 requested)
[    5.705719] random 0049 0000 0000 91716c54 eeb6a1e7: extract_entropy(.. 16 ..)
[    5.705722] random 0049 0000 0000 91716c54 eeb6a1e7: trying to extract 128 bits from input
[    5.705724] random 0049 0000 0000 91716c54 eeb6a1e7: debiting 0 entropy credits from input
[    5.705726] random 0049 0000 0000 91716c54 eeb6a1e7: extract_entropy account returned: 0 
[    5.705729] random 0049 0000 0000 91716c54 eeb6a1e7: urand_change_num 47 xfer_secondary_pool(16): pool_sig fffffcad, data_sig 00000000, bytes_mixed 0 91716c54 eeb6a1e7
[    5.705732] random 0049 0000 0000 91716c54 eeb6a1e7: trying to extract 128 bits from nonblocking
[    5.705734] random 0049 0000 0000 91716c54 eeb6a1e7: debiting 128 entropy credits from nonblocking (unlimited)
[    5.705737] random 0049 0000 0000 91716c54 eeb6a1e7: extract_entropy account returned: 16 
[    5.705741] random 0049 0000 0000 91716c54 eeb6a1e7: urand_change_num 48 extract_buf: pool_sig fffffcad, data_sig ffffff19, bytes_mixed 20 91716c54 eeb6a1e7
[    5.705746] random 0049 0000 0000 fd637b06 6cf47bc1: urand_change_num 49 extract_buf: pool_sig fffffede, data_sig ffffffc1, bytes_mixed 20 fd637b06 6cf47bc1
[    5.706699] random 0049 0000 0000 fd637b06 6cf47bc1: add_disk_randomness(8:0) fd637b06 6cf47bc1
[    5.706702] random 0049 0000 0000 fd637b06 6cf47bc1: add_timer_randomness(.. 8388864) with jiffies: 8153448266981933586, cycles: 8153448262687260682
[    5.707844] random 0049 0000 0000 fd637b06 6cf47bc1: add_disk_randomness(8:0) fd637b06 6cf47bc1
[    5.707847] random 0049 0000 0000 fd637b06 6cf47bc1: add_timer_randomness(.. 8388864) with jiffies: 8163745390944551443, cycles: 8163745386649878538
[    5.708993] random 0049 0000 0000 fd637b06 6cf47bc1: add_disk_randomness(8:0) fd637b06 6cf47bc1
[    5.708996] random 0049 0000 0000 fd637b06 6cf47bc1: add_timer_randomness(.. 8388864) with jiffies: 8174088784589849108, cycles: 8174088780295176202
[    5.709874] random 0049 0000 0000 fd637b06 6cf47bc1: add_disk_randomness(8:0) fd637b06 6cf47bc1
[    5.709877] random 0049 0000 0000 fd637b06 6cf47bc1: add_timer_randomness(.. 8388864) with jiffies: 8182014025748152853, cycles: 8182014021453479946
[    5.710056] random 0049 0000 0000 fd637b06 6cf47bc1: add_disk_randomness(8:0) fd637b06 6cf47bc1
[    5.710059] random 0049 0000 0000 fd637b06 6cf47bc1: add_timer_randomness(.. 8388864) with jiffies: 8183650511367143957, cycles: 8183650507072471050
[    5.710275] random 0049 0000 0000 fd637b06 6cf47bc1: add_disk_randomness(8:0) fd637b06 6cf47bc1
[    5.710278] random 0049 0000 0000 fd637b06 6cf47bc1: add_timer_randomness(.. 8388864) with jiffies: 8185625766826574357, cycles: 8185625762531901450
[    5.720749] random 0049 0000 0000 fd637b06 6cf47bc1: add_disk_randomness(8:0) fd637b06 6cf47bc1
[    5.720752] random 0049 0000 0000 fd637b06 6cf47bc1: add_timer_randomness(.. 8388864) with jiffies: 8279852800930447904, cycles: 8279852796635774986
[    5.720755] random 0049 0000 0000 fd637b06 6cf47bc1: added 3 entropy credits to input
[    5.721189] random 0052 0000 0000 fd637b06 6cf47bc1: add_disk_randomness(8:0) fd637b06 6cf47bc1
[    5.721192] random 0052 0000 0000 fd637b06 6cf47bc1: add_timer_randomness(.. 8388864) with jiffies: 8283815668470219296, cycles: 8283815664175546378
[    5.730931] random 0052 0000 0000 fd637b06 6cf47bc1: add_disk_randomness(8:0) fd637b06 6cf47bc1
[    5.730934] random 0052 0000 0000 fd637b06 6cf47bc1: add_timer_randomness(.. 8388864) with jiffies: 8371466051081962026, cycles: 8371466046787289098
[    5.730937] random 0052 0000 0000 fd637b06 6cf47bc1: added 3 entropy credits to input
[    5.730989] RANDOM get_random_int call with cycles 44898923160, jiffies 4294672938 and pid 1
[    5.735540] random 0055 0000 0000 fd637b06 6cf47bc1: add_disk_randomness(8:0) fd637b06 6cf47bc1
[    5.735543] random 0055 0000 0000 fd637b06 6cf47bc1: add_timer_randomness(.. 8388864) with jiffies: 8412925490649334319, cycles: 8412925486354661386
[    5.735546] random 0055 0000 0000 fd637b06 6cf47bc1: added 2 entropy credits to input
[    5.748364] random 0057 0000 0000 fd637b06 6cf47bc1: add_disk_randomness(8:0) fd637b06 6cf47bc1
[    5.748367] random 0057 0000 0000 fd637b06 6cf47bc1: add_timer_randomness(.. 8388864) with jiffies: 8528315224484971067, cycles: 8528315220190298122
[    5.748370] random 0057 0000 0000 fd637b06 6cf47bc1: added 2 entropy credits to input
[    5.748505] random 0059 0000 0000 fd637b06 6cf47bc1: add_disk_randomness(8:0) fd637b06 6cf47bc1
[    5.748508] random 0059 0000 0000 fd637b06 6cf47bc1: add_timer_randomness(.. 8388864) with jiffies: 8529571541073756732, cycles: 8529571536779083786
[    5.750668] random 0059 0000 0000 fd637b06 6cf47bc1: add_disk_randomness(8:0) fd637b06 6cf47bc1
[    5.750671] random 0059 0000 0000 fd637b06 6cf47bc1: add_timer_randomness(.. 8388864) with jiffies: 8549029207508484670, cycles: 8549029203213811722
[    5.750910] random 0059 0000 0000 fd637b06 6cf47bc1: add_disk_randomness(8:0) fd637b06 6cf47bc1
[    5.750914] random 0059 0000 0000 fd637b06 6cf47bc1: add_timer_randomness(.. 8388864) with jiffies: 8551217364496777790, cycles: 8551217360202104842
[    5.751056] random 0059 0000 0000 fd637b06 6cf47bc1: add_disk_randomness(8:0) fd637b06 6cf47bc1
[    5.751059] random 0059 0000 0000 fd637b06 6cf47bc1: add_timer_randomness(.. 8388864) with jiffies: 8552530821330469438, cycles: 8552530817035796490
[    5.754221] random 0059 0000 0000 fd637b06 6cf47bc1: add_disk_randomness(8:0) fd637b06 6cf47bc1
[    5.754224] random 0059 0000 0000 fd637b06 6cf47bc1: add_timer_randomness(.. 8388864) with jiffies: 8581006518927458881, cycles: 8581006514632785930
[    5.754227] random 0059 0000 0000 fd637b06 6cf47bc1: added 1 entropy credits to input
[    5.756231] random 0060 0000 0000 fd637b06 6cf47bc1: add_disk_randomness(8:0) fd637b06 6cf47bc1
[    5.756234] random 0060 0000 0000 fd637b06 6cf47bc1: add_timer_randomness(.. 8388864) with jiffies: 8599087321926304323, cycles: 8599087317631631370
[    5.764061] random 0060 0000 0000 fd637b06 6cf47bc1: add_disk_randomness(8:0) fd637b06 6cf47bc1
[    5.764065] random 0060 0000 0000 fd637b06 6cf47bc1: add_timer_randomness(.. 8388864) with jiffies: 8669539723476959819, cycles: 8669539719182286858
[    5.764067] random 0060 0000 0000 fd637b06 6cf47bc1: added 2 entropy credits to input
[    5.764196] random 0062 0000 0000 fd637b06 6cf47bc1: add_disk_randomness(8:0) fd637b06 6cf47bc1
[    5.764199] random 0062 0000 0000 fd637b06 6cf47bc1: add_timer_randomness(.. 8388864) with jiffies: 8670750131160318539, cycles: 8670750126865645578
[    5.767768] random 0062 0000 0000 fd637b06 6cf47bc1: add_disk_randomness(8:0) fd637b06 6cf47bc1
[    5.767771] random 0062 0000 0000 fd637b06 6cf47bc1: add_timer_randomness(.. 8388864) with jiffies: 8702879419997061711, cycles: 8702879415702388746
[    5.767773] random 0062 0000 0000 fd637b06 6cf47bc1: added 2 entropy credits to input
[    5.772258] random 0064 0000 0000 fd637b06 6cf47bc1: add_disk_randomness(8:0) fd637b06 6cf47bc1
[    5.772261] random 0064 0000 0000 fd637b06 6cf47bc1: add_timer_randomness(.. 8388864) with jiffies: 8743285072158491219, cycles: 8743285067863818250
[    5.777838] random 0064 0000 0000 fd637b06 6cf47bc1: add_disk_randomness(8:0) fd637b06 6cf47bc1
[    5.777841] random 0064 0000 0000 fd637b06 6cf47bc1: add_timer_randomness(.. 8388864) with jiffies: 8793481634847097433, cycles: 8793481630552424458
[    5.777844] random 0064 0000 0000 fd637b06 6cf47bc1: added 1 entropy credits to input
[    5.784114] random 0065 0000 0000 fd637b06 6cf47bc1: add_disk_randomness(8:0) fd637b06 6cf47bc1
[    5.784117] random 0065 0000 0000 fd637b06 6cf47bc1: add_timer_randomness(.. 8388864) with jiffies: 8849952023768695391, cycles: 8849952019474022410
[    5.784128] random 0065 0000 0000 fd637b06 6cf47bc1: rand_read_num 12 get_random_bytes(16): sig 0000033b fd637b06 6cf47bc1
[    5.784130] random 0065 0000 0000 fd637b06 6cf47bc1: extract_entropy(.. 16 ..)
[    5.784133] random 0065 0000 0000 fd637b06 6cf47bc1: going to reseed nonblocking with 128 bits (128 of 0 requested)
[    5.784135] random 0065 0000 0000 fd637b06 6cf47bc1: extract_entropy(.. 16 ..)
[    5.784137] random 0065 0000 0000 fd637b06 6cf47bc1: trying to extract 128 bits from input
[    5.784139] random 0065 0000 0000 fd637b06 6cf47bc1: debiting 0 entropy credits from input
[    5.784141] random 0065 0000 0000 fd637b06 6cf47bc1: extract_entropy account returned: 0 
[    5.784144] random 0065 0000 0000 fd637b06 6cf47bc1: urand_change_num 50 xfer_secondary_pool(16): pool_sig 0000033b, data_sig 00000000, bytes_mixed 0 fd637b06 6cf47bc1
[    5.784147] random 0065 0000 0000 fd637b06 6cf47bc1: trying to extract 128 bits from nonblocking
[    5.784150] random 0065 0000 0000 fd637b06 6cf47bc1: debiting 128 entropy credits from nonblocking (unlimited)
[    5.784152] random 0065 0000 0000 fd637b06 6cf47bc1: extract_entropy account returned: 16 
[    5.784156] random 0065 0000 0000 fd637b06 6cf47bc1: urand_change_num 51 extract_buf: pool_sig 0000033b, data_sig 000000d8, bytes_mixed 20 fd637b06 6cf47bc1
[    5.784162] random 0065 0000 0000 0ec1f012 d4727ca8: urand_change_num 52 extract_buf: pool_sig fffffcf5, data_sig 00000016, bytes_mixed 20 0ec1f012 d4727ca8
[    5.790861] random 0065 0000 0000 45b1d0b1 845a73f7: add_disk_randomness(8:0) 45b1d0b1 845a73f7
[    5.790864] random 0065 0000 0000 45b1d0b1 845a73f7: add_timer_randomness(.. 8388864) with jiffies: 8910648016264462950, cycles: 8910648011969789962
[    5.798076] random 0065 0000 0000 45b1d0b1 845a73f7: add_disk_randomness(8:0) 45b1d0b1 845a73f7
[    5.798079] random 0065 0000 0000 45b1d0b1 845a73f7: add_timer_randomness(.. 8388864) with jiffies: 8975563659509727853, cycles: 8975563655215054858
[    5.803681] random 0065 0000 0000 45b1d0b1 845a73f7: add_disk_randomness(8:0) 45b1d0b1 845a73f7
[    5.803684] random 0065 0000 0000 45b1d0b1 845a73f7: add_timer_randomness(.. 8388864) with jiffies: 9025989496142529139, cycles: 9025989491847856138
[    5.815503] random 0065 0000 0000 45b1d0b1 845a73f7: add_disk_randomness(8:0) 45b1d0b1 845a73f7
[    5.815506] random 0065 0000 0000 45b1d0b1 845a73f7: add_timer_randomness(.. 8388864) with jiffies: 9132346540092523135, cycles: 9132346535797850122
[    5.815508] random 0065 0000 0000 45b1d0b1 845a73f7: added 2 entropy credits to input
[    5.826966] random 0067 0000 0000 45b1d0b1 845a73f7: add_disk_randomness(8:0) 45b1d0b1 845a73f7
[    5.826970] random 0067 0000 0000 45b1d0b1 845a73f7: add_timer_randomness(.. 8388864) with jiffies: 9235493525485486730, cycles: -9211250552518737910
[    5.841234] random 0067 0000 0000 45b1d0b1 845a73f7: add_disk_randomness(8:0) 45b1d0b1 845a73f7
[    5.841237] random 0067 0000 0000 45b1d0b1 845a73f7: add_timer_randomness(.. 8388864) with jiffies: 9363861361999446680, cycles: -9082882716004777974
[    5.841240] random 0067 0000 0000 45b1d0b1 845a73f7: added 1 entropy credits to input
[    5.846639] random 0068 0000 0000 45b1d0b1 845a73f7: add_disk_randomness(8:0) 45b1d0b1 845a73f7
[    5.846642] random 0068 0000 0000 45b1d0b1 845a73f7: add_timer_randomness(.. 8388864) with jiffies: 9412481826309243550, cycles: -9034262251694981110
[    5.846645] random 0068 0000 0000 45b1d0b1 845a73f7: added 2 entropy credits to input
[    5.851808] random 0070 0000 0000 45b1d0b1 845a73f7: add_disk_randomness(8:0) 45b1d0b1 845a73f7
[    5.851811] random 0070 0000 0000 45b1d0b1 845a73f7: add_timer_randomness(.. 8388864) with jiffies: 9458988539644183203, cycles: -8987755538360041462
[    5.872499] random 0070 0000 0000 45b1d0b1 845a73f7: add_disk_randomness(8:0) 45b1d0b1 845a73f7
[    5.872503] random 0070 0000 0000 45b1d0b1 845a73f7: add_timer_randomness(.. 8388864) with jiffies: 9645144594190140088, cycles: -8801599483814084598
[    5.872505] random 0070 0000 0000 45b1d0b1 845a73f7: added 4 entropy credits to input
[    5.885784] random 0074 0000 0000 45b1d0b1 845a73f7: add_disk_randomness(8:0) 45b1d0b1 845a73f7
[    5.885787] random 0074 0000 0000 45b1d0b1 845a73f7: add_timer_randomness(.. 8388864) with jiffies: 9764669556898104005, cycles: -8682074521106120694
[    5.885790] random 0074 0000 0000 45b1d0b1 845a73f7: added 3 entropy credits to input
[    5.893316] random 0077 0000 0000 45b1d0b1 845a73f7: add_disk_randomness(8:0) 45b1d0b1 845a73f7
[    5.893319] random 0077 0000 0000 45b1d0b1 845a73f7: add_timer_randomness(.. 8388864) with jiffies: 9832444407116956364, cycles: -8614299670887268342
[    5.893322] random 0077 0000 0000 45b1d0b1 845a73f7: added 1 entropy credits to input
[    5.902918] random 0078 0000 0000 45b1d0b1 845a73f7: add_disk_randomness(8:0) 45b1d0b1 845a73f7
[    5.902921] random 0078 0000 0000 45b1d0b1 845a73f7: add_timer_randomness(.. 8388864) with jiffies: 9918830218212770518, cycles: -8527913859791454198
[    5.902924] random 0078 0000 0000 45b1d0b1 845a73f7: added 1 entropy credits to input
[    5.910446] random 0079 0000 0000 45b1d0b1 845a73f7: add_disk_randomness(8:0) 45b1d0b1 845a73f7
[    5.910448] random 0079 0000 0000 45b1d0b1 845a73f7: add_timer_randomness(.. 8388864) with jiffies: 9986559112281555677, cycles: -8460184965722669046
[    5.910451] random 0079 0000 0000 45b1d0b1 845a73f7: added 1 entropy credits to input
[    5.920455] random 0080 0000 0000 45b1d0b1 845a73f7: add_disk_randomness(8:0) 45b1d0b1 845a73f7
[    5.920458] random 0080 0000 0000 45b1d0b1 845a73f7: add_timer_randomness(.. 8388864) with jiffies: 10076616420335780583, cycles: -8370127657668444150
[    5.920461] random 0080 0000 0000 45b1d0b1 845a73f7: added 1 entropy credits to input
[    5.933343] random 0081 0000 0000 45b1d0b1 845a73f7: add_disk_randomness(8:0) 45b1d0b1 845a73f7
[    5.933346] random 0081 0000 0000 45b1d0b1 845a73f7: add_timer_randomness(.. 8388864) with jiffies: 10192569778434704116, cycles: -8254174299569520630
[    5.940703] random 0081 0000 0000 45b1d0b1 845a73f7: add_disk_randomness(8:0) 45b1d0b1 845a73f7
[    5.940706] random 0081 0000 0000 45b1d0b1 845a73f7: add_timer_randomness(.. 8388864) with jiffies: 10258772043557995260, cycles: -8187972034446229494
[    5.940709] random 0081 0000 0000 45b1d0b1 845a73f7: added 2 entropy credits to input
[    5.945992] random 0083 0000 0000 45b1d0b1 845a73f7: add_disk_randomness(8:0) 45b1d0b1 845a73f7
[    5.945995] random 0083 0000 0000 45b1d0b1 845a73f7: add_timer_randomness(.. 8388864) with jiffies: 10306366006389080833, cycles: -8140378071615143926
[    5.945998] random 0083 0000 0000 45b1d0b1 845a73f7: added 1 entropy credits to input
[    5.952387] random 0084 0000 0000 45b1d0b1 845a73f7: add_disk_randomness(8:0) 45b1d0b1 845a73f7
[    5.952390] random 0084 0000 0000 45b1d0b1 845a73f7: add_timer_randomness(.. 8388864) with jiffies: 10363903754813276935, cycles: -8082840323190947830
[    5.957443] random 0084 0000 0000 45b1d0b1 845a73f7: add_disk_randomness(8:0) 45b1d0b1 845a73f7
[    5.957446] random 0084 0000 0000 45b1d0b1 845a73f7: add_timer_randomness(.. 8388864) with jiffies: 10409390911631622924, cycles: -8037353166372601846
[    5.963339] random 0084 0000 0000 45b1d0b1 845a73f7: add_disk_randomness(8:0) 45b1d0b1 845a73f7
[    5.963342] random 0084 0000 0000 45b1d0b1 845a73f7: add_timer_randomness(.. 8388864) with jiffies: 10462440230252938002, cycles: -7984303847751286774
[    5.972696] random 0084 0000 0000 45b1d0b1 845a73f7: add_disk_randomness(8:0) 45b1d0b1 845a73f7
[    5.972699] random 0084 0000 0000 45b1d0b1 845a73f7: add_timer_randomness(.. 8388864) with jiffies: 10546614025817129756, cycles: -7900130052187095030
[    5.972702] random 0084 0000 0000 45b1d0b1 845a73f7: added 1 entropy credits to input
[    5.977574] random 0085 0000 0000 45b1d0b1 845a73f7: add_disk_randomness(8:0) 45b1d0b1 845a73f7
[    5.977577] random 0085 0000 0000 45b1d0b1 845a73f7: add_timer_randomness(.. 8388864) with jiffies: 10590502265095422753, cycles: -7856241812908802038
[    5.977580] random 0085 0000 0000 45b1d0b1 845a73f7: added 2 entropy credits to input
[    5.985006] random 0087 0000 0000 45b1d0b1 845a73f7: add_disk_randomness(8:0) 45b1d0b1 845a73f7
[    5.985009] random 0087 0000 0000 45b1d0b1 845a73f7: add_timer_randomness(.. 8388864) with jiffies: 10657372011086185256, cycles: -7789372066918039542
[    5.985012] random 0087 0000 0000 45b1d0b1 845a73f7: added 1 entropy credits to input
[    5.991224] random 0088 0000 0000 45b1d0b1 845a73f7: add_disk_randomness(8:0) 45b1d0b1 845a73f7
[    5.991227] random 0088 0000 0000 45b1d0b1 845a73f7: add_timer_randomness(.. 8388864) with jiffies: 10713318869264204590, cycles: -7733425208740020214
[    5.991378] random 0088 0000 0000 45b1d0b1 845a73f7: add_disk_randomness(8:0) 45b1d0b1 845a73f7
[    5.991381] random 0088 0000 0000 45b1d0b1 845a73f7: add_timer_randomness(.. 8388864) with jiffies: 10714706147995779886, cycles: -7732037930008444918
[    6.005789] random 0088 0000 0000 45b1d0b1 845a73f7: add_disk_randomness(8:0) 45b1d0b1 845a73f7
[    6.005792] random 0088 0000 0000 45b1d0b1 845a73f7: add_timer_randomness(.. 8388864) with jiffies: 10844349649926193981, cycles: -7602394428078030838
[    6.005795] random 0088 0000 0000 45b1d0b1 845a73f7: added 3 entropy credits to input
[    6.013206] random 0091 0000 0000 45b1d0b1 845a73f7: add_disk_randomness(8:0) 45b1d0b1 845a73f7
[    6.013209] random 0091 0000 0000 45b1d0b1 845a73f7: add_timer_randomness(.. 8388864) with jiffies: 10911086359304962884, cycles: -7535657718699261942
[    6.013211] random 0091 0000 0000 45b1d0b1 845a73f7: added 2 entropy credits to input
[    6.022890] random 0093 0000 0000 45b1d0b1 845a73f7: add_disk_randomness(8:0) 45b1d0b1 845a73f7
[    6.022893] random 0093 0000 0000 45b1d0b1 845a73f7: add_timer_randomness(.. 8388864) with jiffies: 10998207799514334030, cycles: -7448536278489890806
[    6.022895] random 0093 0000 0000 45b1d0b1 845a73f7: added 1 entropy credits to input
[    6.033519] random 0094 0000 0000 45b1d0b1 845a73f7: add_disk_randomness(8:0) 45b1d0b1 845a73f7
[    6.033522] random 0094 0000 0000 45b1d0b1 845a73f7: add_timer_randomness(.. 8388864) with jiffies: 11093835237769839449, cycles: -7352908840234385398
[    6.046037] random 0094 0000 0000 45b1d0b1 845a73f7: add_disk_randomness(8:0) 45b1d0b1 845a73f7
[    6.046040] random 0094 0000 0000 45b1d0b1 845a73f7: add_timer_randomness(.. 8388864) with jiffies: 11206465248959365989, cycles: -7240278829044858870
[    6.047245] random 0094 0000 0000 45b1d0b1 845a73f7: add_disk_randomness(8:0) 45b1d0b1 845a73f7
[    6.047248] random 0094 0000 0000 45b1d0b1 845a73f7: add_timer_randomness(.. 8388864) with jiffies: 11217339573576893286, cycles: -7229404504427331574
[    6.051259] random 0094 0000 0000 45b1d0b1 845a73f7: add_disk_randomness(8:0) 45b1d0b1 845a73f7
[    6.051262] random 0094 0000 0000 45b1d0b1 845a73f7: add_timer_randomness(.. 8388864) with jiffies: 11253453690121192298, cycles: -7193290387883032566
[    6.051265] random 0094 0000 0000 45b1d0b1 845a73f7: added 1 entropy credits to input
[    6.060600] random 0095 0000 0000 45b1d0b1 845a73f7: add_disk_randomness(8:0) 45b1d0b1 845a73f7
[    6.060604] random 0095 0000 0000 45b1d0b1 845a73f7: add_timer_randomness(.. 8388864) with jiffies: 11337487778989179764, cycles: -7109256299015045110
[    6.060606] random 0095 0000 0000 45b1d0b1 845a73f7: added 1 entropy credits to input
[    6.060954] random 0096 0000 0000 45b1d0b1 845a73f7: add_disk_randomness(8:0) 45b1d0b1 845a73f7
[    6.060957] random 0096 0000 0000 45b1d0b1 845a73f7: add_timer_randomness(.. 8388864) with jiffies: 11340677002659857268, cycles: -7106067075344367606
[    6.076612] random 0096 0000 0000 45b1d0b1 845a73f7: add_disk_randomness(8:0) 45b1d0b1 845a73f7
[    6.076616] random 0096 0000 0000 45b1d0b1 845a73f7: add_timer_randomness(.. 8388864) with jiffies: 11481546677223654276, cycles: -6965197400780570614
[    6.076618] random 0096 0000 0000 45b1d0b1 845a73f7: added 4 entropy credits to input
[    6.078242] random 0100 0000 0000 45b1d0b1 845a73f7: add_disk_randomness(8:0) 45b1d0b1 845a73f7
[    6.078245] random 0100 0000 0000 45b1d0b1 845a73f7: add_timer_randomness(.. 8388864) with jiffies: 11496218899687113605, cycles: -6950525178317111286
[    6.078388] random 0100 0000 0000 45b1d0b1 845a73f7: add_disk_randomness(8:0) 45b1d0b1 845a73f7
[    6.078391] random 0100 0000 0000 45b1d0b1 845a73f7: add_timer_randomness(.. 8388864) with jiffies: 11497534564133995397, cycles: -6949209513870229494
[    6.089265] random 0100 0000 0000 45b1d0b1 845a73f7: add_disk_randomness(8:0) 45b1d0b1 845a73f7
[    6.089268] random 0100 0000 0000 45b1d0b1 845a73f7: add_timer_randomness(.. 8388864) with jiffies: 11595389127616070544, cycles: -6851354950388154358
[    6.089270] random 0100 0000 0000 45b1d0b1 845a73f7: added 3 entropy credits to input
[    6.089834] random 0103 0000 0000 45b1d0b1 845a73f7: add_disk_randomness(8:0) 45b1d0b1 845a73f7
[    6.089837] random 0103 0000 0000 45b1d0b1 845a73f7: add_timer_randomness(.. 8388864) with jiffies: 11600503999873909649, cycles: -6846240078130315254
[    6.095061] random 0103 0000 0000 45b1d0b1 845a73f7: add_disk_randomness(8:0) 45b1d0b1 845a73f7
[    6.095064] random 0103 0000 0000 45b1d0b1 845a73f7: add_timer_randomness(.. 8388864) with jiffies: 11647538036408550294, cycles: -6799206041595674614
[    6.095067] random 0103 0000 0000 45b1d0b1 845a73f7: added 2 entropy credits to input
[    6.096813] random 0105 0000 0000 45b1d0b1 845a73f7: add_disk_randomness(8:0) 45b1d0b1 845a73f7
[    6.096816] random 0105 0000 0000 45b1d0b1 845a73f7: add_timer_randomness(.. 8388864) with jiffies: 11663297551317828504, cycles: -6783446526686396406
[    6.096819] random 0105 0000 0000 45b1d0b1 845a73f7: added 1 entropy credits to input
[    6.107040] random 0106 0000 0000 45b1d0b1 845a73f7: add_disk_randomness(8:0) 45b1d0b1 845a73f7
[    6.107043] random 0106 0000 0000 45b1d0b1 845a73f7: add_timer_randomness(.. 8388864) with jiffies: 11755308828973564834, cycles: -6691435249030660086
[    6.107046] random 0106 0000 0000 45b1d0b1 845a73f7: added 3 entropy credits to input
[    6.120980] random 0109 0000 0000 45b1d0b1 845a73f7: add_disk_randomness(8:0) 45b1d0b1 845a73f7
[    6.120983] random 0109 0000 0000 45b1d0b1 845a73f7: add_timer_randomness(.. 8388864) with jiffies: 11880724833249231792, cycles: -6566019244754993142
[    6.120986] random 0109 0000 0000 45b1d0b1 845a73f7: added 2 entropy credits to input
[    6.133498] random 0111 0000 0000 45b1d0b1 845a73f7: add_disk_randomness(8:0) 45b1d0b1 845a73f7
