[    0.000000] random 0000 0000 0000 00000000 00000000: rand_read_num 1 get_random_bytes(8): sig 00000000 00000000 00000000
[    0.000000] random 0000 0000 0000 00000000 00000000: extract_entropy(.. 8 ..)
[    0.000000] random 0000 0000 0000 00000000 00000000: going to reseed nonblocking with 64 bits (64 of 0 requested)
[    0.000000] random 0000 0000 0000 00000000 00000000: extract_entropy(.. 8 ..)
[    0.000000] random 0000 0000 0000 00000000 00000000: trying to extract 64 bits from input
[    0.000000] random 0000 0000 0000 00000000 00000000: debiting 0 entropy credits from input
[    0.000000] random 0000 0000 0000 00000000 00000000: extract_entropy account returned: 0 
[    0.000000] random 0000 0000 0000 00000000 00000000: urand_change_num 1 xfer_secondary_pool(8): pool_sig 00000000, data_sig 00000000, bytes_mixed 0 00000000 00000000
[    0.000000] random 0000 0000 0000 00000000 00000000: trying to extract 64 bits from nonblocking
[    0.000000] random 0000 0000 0000 00000000 00000000: debiting 64 entropy credits from nonblocking (unlimited)
[    0.000000] random 0000 0000 0000 00000000 00000000: extract_entropy account returned: 8 
[    0.000000] random 0000 0000 0000 00000000 00000000: urand_change_num 2 extract_buf: pool_sig 00000000, data_sig fffffff9, bytes_mixed 20 00000000 00000000
[    0.000000] Linux version 2.6.32.57 (dcashman@dcashman-02) (gcc version 4.3.3 (GCC) ) #6 Thu May 30 09:02:12 PDT 2013
[    0.000000] KERNEL supported cpus:
[    0.000000]   Intel GenuineIntel
[    0.000000]   AMD AuthenticAMD
[    0.000000]   NSC Geode by NSC
[    0.000000]   Cyrix CyrixInstead
[    0.000000]   Centaur CentaurHauls
[    0.000000]   Transmeta GenuineTMx86
[    0.000000]   Transmeta TransmetaCPU
[    0.000000]   UMC UMC UMC UMC
[    0.000000] BIOS-provided physical RAM map:
[    0.000000]  BIOS-e820: 0000000000000000 - 000000000009d800 (usable)
[    0.000000]  BIOS-e820: 000000000009d800 - 00000000000a0000 (reserved)
[    0.000000]  BIOS-e820: 00000000000d2000 - 00000000000d4000 (reserved)
[    0.000000]  BIOS-e820: 00000000000e0000 - 0000000000100000 (reserved)
[    0.000000]  BIOS-e820: 0000000000100000 - 000000003d6b0000 (usable)
[    0.000000]  BIOS-e820: 000000003d6b0000 - 000000003d6cc000 (ACPI data)
[    0.000000]  BIOS-e820: 000000003d6cc000 - 000000003d700000 (ACPI NVS)
[    0.000000]  BIOS-e820: 000000003d700000 - 000000003e000000 (reserved)
[    0.000000]  BIOS-e820: 00000000f0000000 - 00000000f4000000 (reserved)
[    0.000000]  BIOS-e820: 00000000fec00000 - 00000000fec10000 (reserved)
[    0.000000]  BIOS-e820: 00000000fed00000 - 00000000fed00400 (reserved)
[    0.000000]  BIOS-e820: 00000000fed14000 - 00000000fed1a000 (reserved)
[    0.000000]  BIOS-e820: 00000000fed1c000 - 00000000fed90000 (reserved)
[    0.000000]  BIOS-e820: 00000000fee00000 - 00000000fee01000 (reserved)
[    0.000000]  BIOS-e820: 00000000ff000000 - 0000000100000000 (reserved)
[    0.000000] DMI present.
[    0.000000] last_pfn = 0x3d6b0 max_arch_pfn = 0x100000
[    0.000000] MTRR default type: uncachable
[    0.000000] MTRR fixed ranges enabled:
[    0.000000]   00000-9FFFF write-back
[    0.000000]   A0000-BFFFF uncachable
[    0.000000]   C0000-CFFFF write-protect
[    0.000000]   D0000-DFFFF uncachable
[    0.000000]   E0000-FFFFF write-protect
[    0.000000] MTRR variable ranges enabled:
[    0.000000]   0 base 03E000000 mask FFE000000 uncachable
[    0.000000]   1 base 000000000 mask FC0000000 write-back
[    0.000000]   2 base 03D700000 mask FFFF00000 uncachable
[    0.000000]   3 base 03D800000 mask FFF800000 uncachable
[    0.000000]   4 disabled
[    0.000000]   5 disabled
[    0.000000]   6 disabled
[    0.000000]   7 disabled
[    0.000000] initial memory mapped : 0 - 02000000
[    0.000000] init_memory_mapping: 0000000000000000-00000000377fe000
[    0.000000]  0000000000 - 0000400000 page 4k
[    0.000000]  0000400000 - 0037400000 page 2M
[    0.000000]  0037400000 - 00377fe000 page 4k
[    0.000000] kernel direct mapping tables up to 377fe000 @ 7000-c000
[    0.000000] ACPI: RSDP 000f68d0 00024 (v02 LENOVO)
[    0.000000] ACPI: XSDT 3d6bb77f 00094 (v01 LENOVO TP-7L    00002170  LTP 00000000)
[    0.000000] ACPI: FACP 3d6bb900 000F4 (v03 LENOVO TP-7L    00002170 LNVO 00000001)
[    0.000000] ACPI Warning: 32/64X length mismatch in Gpe1Block: 0/32 (20090903/tbfadt-526)
[    0.000000] ACPI Warning: Optional field Gpe1Block has zero address or length: 000000000000102C/0 (20090903/tbfadt-557)
[    0.000000] ACPI: DSDT 3d6bbd1d 0FED1 (v01 LENOVO TP-7L    00002170 MSFT 03000000)
[    0.000000] ACPI: FACS 3d6e4000 00040
[    0.000000] ACPI: SSDT 3d6bbab4 00269 (v01 LENOVO TP-7L    00002170 MSFT 03000000)
[    0.000000] ACPI: ECDT 3d6cbbee 00052 (v01 LENOVO TP-7L    00002170 LNVO 00000001)
[    0.000000] ACPI: TCPA 3d6cbc40 00032 (v02 LENOVO TP-7L    00002170 LNVO 00000001)
[    0.000000] ACPI: APIC 3d6cbc72 00068 (v01 LENOVO TP-7L    00002170 LNVO 00000001)
[    0.000000] ACPI: MCFG 3d6cbcda 0003C (v01 LENOVO TP-7L    00002170 LNVO 00000001)
[    0.000000] ACPI: HPET 3d6cbd16 00038 (v01 LENOVO TP-7L    00002170 LNVO 00000001)
[    0.000000] ACPI: SLIC 3d6cbdf0 00176 (v01 LENOVO TP-7L    00002170  LTP 00000000)
[    0.000000] ACPI: BOOT 3d6cbf66 00028 (v01 LENOVO TP-7L    00002170  LTP 00000001)
[    0.000000] ACPI: ASF! 3d6cbf8e 00072 (v16 LENOVO TP-7L    00002170 PTL  00000001)
[    0.000000] ACPI: SSDT 3d6e26d9 0025F (v01 LENOVO TP-7L    00002170 INTL 20050513)
[    0.000000] ACPI: SSDT 3d6e2938 000A6 (v01 LENOVO TP-7L    00002170 INTL 20050513)
[    0.000000] ACPI: SSDT 3d6e29de 004F7 (v01 LENOVO TP-7L    00002170 INTL 20050513)
[    0.000000] ACPI: SSDT 3d6e2ed5 001D8 (v01 LENOVO TP-7L    00002170 INTL 20050513)
[    0.000000] ACPI: DMI detected: Lenovo ThinkPad R61
[    0.000000] ACPI: Added _OSI(Linux)
[    0.000000] ACPI: Local APIC address 0xfee00000
[    0.000000] 94MB HIGHMEM available.
[    0.000000] 887MB LOWMEM available.
[    0.000000]   mapped low ram: 0 - 377fe000
[    0.000000]   low ram: 0 - 377fe000
[    0.000000]   node 0 low ram: 00000000 - 377fe000
[    0.000000]   node 0 bootmap 00008000 - 0000ef00
[    0.000000] (6 early reservations) ==> bootmem [0000000000 - 00377fe000]
[    0.000000]   #0 [0000000000 - 0000001000]   BIOS data page ==> [0000000000 - 0000001000]
[    0.000000]   #1 [0001000000 - 0001bdc180]    TEXT DATA BSS ==> [0001000000 - 0001bdc180]
[    0.000000]   #2 [000009d800 - 0000100000]    BIOS reserved ==> [000009d800 - 0000100000]
[    0.000000]   #3 [0001bdd000 - 0001be516c]              BRK ==> [0001bdd000 - 0001be516c]
[    0.000000]   #4 [0000007000 - 0000008000]          PGTABLE ==> [0000007000 - 0000008000]
[    0.000000]   #5 [0000008000 - 000000f000]          BOOTMAP ==> [0000008000 - 000000f000]
[    0.000000] found SMP MP-table at [c00f6900] f6900
[    0.000000] Zone PFN ranges:
[    0.000000]   DMA      0x00000000 -> 0x00001000
[    0.000000]   Normal   0x00001000 -> 0x000377fe
[    0.000000]   HighMem  0x000377fe -> 0x0003d6b0
[    0.000000] Movable zone start PFN for each node
[    0.000000] early_node_map[2] active PFN ranges
[    0.000000]     0: 0x00000000 -> 0x0000009d
[    0.000000]     0: 0x00000100 -> 0x0003d6b0
[    0.000000] On node 0 totalpages: 251469
[    0.000000] free_area_init_node: node 0, pgdat c1901ea0, node_mem_map c1be7000
[    0.000000]   DMA zone: 32 pages used for memmap
[    0.000000]   DMA zone: 0 pages reserved
[    0.000000]   DMA zone: 3965 pages, LIFO batch:0
[    0.000000]   Normal zone: 1744 pages used for memmap
[    0.000000]   Normal zone: 221486 pages, LIFO batch:31
[    0.000000]   HighMem zone: 190 pages used for memmap
[    0.000000]   HighMem zone: 24052 pages, LIFO batch:3
[    0.000000] Using APIC driver default
[    0.000000] ACPI: PM-Timer IO Port: 0x1008
[    0.000000] ACPI: Local APIC address 0xfee00000
[    0.000000] ACPI: LAPIC (acpi_id[0x00] lapic_id[0x00] enabled)
[    0.000000] ACPI: LAPIC (acpi_id[0x01] lapic_id[0x01] enabled)
[    0.000000] ACPI: NR_CPUS/possible_cpus limit of 1 reached.  Processor 1/0x1 ignored.
[    0.000000] ACPI: LAPIC_NMI (acpi_id[0x00] high edge lint[0x1])
[    0.000000] ACPI: LAPIC_NMI (acpi_id[0x01] high edge lint[0x1])
[    0.000000] ACPI: IOAPIC (id[0x01] address[0xfec00000] gsi_base[0])
[    0.000000] IOAPIC[0]: apic_id 1, version 32, address 0xfec00000, GSI 0-23
[    0.000000] ACPI: INT_SRC_OVR (bus 0 bus_irq 0 global_irq 2 dfl dfl)
[    0.000000] ACPI: INT_SRC_OVR (bus 0 bus_irq 9 global_irq 9 high level)
[    0.000000] ACPI: IRQ0 used by override.
[    0.000000] ACPI: IRQ2 used by override.
[    0.000000] ACPI: IRQ9 used by override.
[    0.000000] Using ACPI (MADT) for SMP configuration information
[    0.000000] ACPI: HPET id: 0x8086a201 base: 0xfed00000
[    0.000000] nr_irqs_gsi: 24
[    0.000000] PM: Registered nosave memory: 000000000009d000 - 000000000009e000
[    0.000000] PM: Registered nosave memory: 000000000009e000 - 00000000000a0000
[    0.000000] PM: Registered nosave memory: 00000000000a0000 - 00000000000d2000
[    0.000000] PM: Registered nosave memory: 00000000000d2000 - 00000000000d4000
[    0.000000] PM: Registered nosave memory: 00000000000d4000 - 00000000000e0000
[    0.000000] PM: Registered nosave memory: 00000000000e0000 - 0000000000100000
[    0.000000] Allocating PCI resources starting at 3e000000 (gap: 3e000000:b2000000)
[    0.000000] Built 1 zonelists in Zone order, mobility grouping on.  Total pages: 249503
[    0.000000] Kernel command line: auto BOOT_IMAGE=Linux ro root=802 vt.default_utf8=0 maxcpus=0
[    0.000000] PID hash table entries: 4096 (order: 2, 16384 bytes)
[    0.000000] Dentry cache hash table entries: 131072 (order: 7, 524288 bytes)
[    0.000000] Inode-cache hash table entries: 65536 (order: 6, 262144 bytes)
[    0.000000] Enabling fast FPU save and restore... done.
[    0.000000] Enabling unmasked SIMD FPU exception support... done.
[    0.000000] Initializing CPU#0
[    0.000000] Initializing HighMem for node 0 (000377fe:0003d6b0)
[    0.000000] Memory: 984800k/1006272k available (6915k kernel code, 20876k reserved, 2327k data, 448k init, 96968k highmem)
[    0.000000] virtual kernel memory layout:
[    0.000000]     fixmap  : 0xfffa3000 - 0xfffff000   ( 368 kB)
[    0.000000]     pkmap   : 0xff800000 - 0xffc00000   (4096 kB)
[    0.000000]     vmalloc : 0xf7ffe000 - 0xff7fe000   ( 120 MB)
[    0.000000]     lowmem  : 0xc0000000 - 0xf77fe000   ( 887 MB)
[    0.000000]       .init : 0xc1907000 - 0xc1977000   ( 448 kB)
[    0.000000]       .data : 0xc16c0d3f - 0xc1906c64   (2327 kB)
[    0.000000]       .text : 0xc1000000 - 0xc16c0d3f   (6915 kB)
[    0.000000] Checking if this processor honours the WP bit even in supervisor mode...Ok.
[    0.000000] SLUB: Genslabs=13, HWalign=64, Order=0-3, MinObjects=0, CPUs=1, Nodes=1
[    0.000000] Hierarchical RCU implementation.
[    0.000000] NR_IRQS:288
[    0.000000] Extended CMOS year: 2000
[    0.000000] Console: colour VGA+ 80x25
[    0.000000] console [tty0] enabled
[    0.000000] hpet clockevent registered
[    0.000000] Fast TSC calibration using PIT
[    0.000000] Detected 2094.883 MHz processor.
[    0.001002] Calibrating delay loop (skipped), value calculated using timer frequency.. 4189.76 BogoMIPS (lpj=2094883)
[    0.002007] Security Framework initialized
[    0.002093] Mount-cache hash table entries: 512
[    0.002240] CPU: L1 I cache: 32K, L1 D cache: 32K
[    0.002369] CPU: L2 cache: 3072K
[    0.002446] mce: CPU supports 6 MCE banks
[    0.002532] CPU0: Thermal monitoring enabled (TM2)
[    0.002614] using mwait in idle threads.
[    0.002696] CPU: Intel(R) Core(TM)2 Duo CPU     T8100  @ 2.10GHz stepping 06
[    0.002872] Checking 'hlt' instruction... OK.
[    0.006933] ACPI: Core revision 20090903
[    0.026012] RANDOM get_random_int first call with cycles 38320532743, jiffies 4294667322 and pid 0
[    0.026020] CANARY value: f43fad79 for PID: 1
[    0.026027] CANARY value: d604b294 for PID: 2
[    0.026049] Enabling APIC mode:  Flat.  Using 1 I/O APICs
[    0.027366] ..TIMER: vector=0x30 apic1=0 pin1=2 apic2=-1 pin2=-1
[    0.037997] xor: automatically using best checksumming function: pIII_sse
[    0.041998]    pIII_sse  :  8568.000 MB/sec
[    0.042077] xor: using function: pIII_sse (8568.000 MB/sec)
[    0.042159] RANDOM - __seed init called.
[    0.042160] RANDOM - __seed init called.
[    0.042160] RANDOM - __seed init called.
[    0.042162] RANDOM - __random32 called. Change num 1.  Value: f7943846	49e73df3	af36cd0d
[    0.042164] RANDOM - __random32 called. Change num 2.  Value: 43846e13	9e73df37	9a1ad014
[    0.042166] RANDOM - __random32 called. Change num 3.  Value: 46e139c8	e73df373	a029598a
[    0.042168] RANDOM - __random32 called. Change num 4.  Value: 139c8c3b	73df373d	b3142c72
[    0.042169] RANDOM - __random32 called. Change num 5.  Value: c8c3b043	3df373de	58e576a9
[    0.042171] RANDOM - __random32 called. Change num 6.  Value: 3b0437d9	df373de5	ed53f9d8
[    0.042173] RANDOM - random32 init called.  Value: 3b0437d9	df373de5	ed53f9d8
[    0.042190] NET: Registered protocol family 16
[    0.042455] ACPI FADT declares the system doesn't support PCIe ASPM, so disable it
[    0.042579] ACPI: bus type pci registered
[    0.042739] PCI: MCFG configuration 0: base f0000000 segment 0 buses 0 - 63
[    0.042822] PCI: MCFG area at f0000000 reserved in E820
[    0.042908] PCI: Using MMCONFIG for extended config space
[    0.042988] PCI: Using configuration type 1 for base access
[    0.046095] bio: create slab <bio-0> at 0
[    0.046904] ACPI: EC: EC description table is found, configuring boot EC
[    0.052065] ACPI: BIOS _OSI(Linux) query honored via DMI
[    0.052788] random 0000 0000 0000 00000000 00000000: rand_read_num 2 get_random_bytes(8): sig fffffe1a 00000000 00000000
[    0.052791] random 0000 0000 0000 00000000 00000000: extract_entropy(.. 8 ..)
[    0.052794] random 0000 0000 0000 00000000 00000000: going to reseed nonblocking with 64 bits (64 of 0 requested)
[    0.052796] random 0000 0000 0000 00000000 00000000: extract_entropy(.. 8 ..)
[    0.052798] random 0000 0000 0000 00000000 00000000: trying to extract 64 bits from input
[    0.052800] random 0000 0000 0000 00000000 00000000: debiting 0 entropy credits from input
[    0.052802] random 0000 0000 0000 00000000 00000000: extract_entropy account returned: 0 
[    0.052832] random 0000 0000 0000 00000000 00000000: urand_change_num 3 xfer_secondary_pool(8): pool_sig fffffe1a, data_sig 00000000, bytes_mixed 0 00000000 00000000
[    0.052835] random 0000 0000 0000 00000000 00000000: trying to extract 64 bits from nonblocking
[    0.052837] random 0000 0000 0000 00000000 00000000: debiting 64 entropy credits from nonblocking (unlimited)
[    0.052839] random 0000 0000 0000 00000000 00000000: extract_entropy account returned: 8 
[    0.052844] random 0000 0000 0000 00000000 00000000: urand_change_num 4 extract_buf: pool_sig fffffe1a, data_sig fffffed7, bytes_mixed 20 00000000 00000000
[    0.057463] ACPI: Interpreter enabled
[    0.057541] ACPI: (supports S0 S3 S4 S5)
[    0.057825] ACPI: Using IOAPIC for interrupt routing
[    0.067756] ACPI: EC: GPE = 0x12, I/O: command/status = 0x66, data = 0x62
[    0.068045] ACPI: Power Resource [PUBS] (on)
[    0.070155] ACPI: ACPI Dock Station Driver: 3 docks/bays found
[    0.070561] ACPI: PCI Root Bridge [PCI0] (0000:00)
[    0.070736] pci 0000:00:02.0: reg 10 64bit mmio: [0xf8100000-0xf81fffff]
[    0.070742] pci 0000:00:02.0: reg 18 64bit mmio pref: [0xe0000000-0xefffffff]
[    0.070745] pci 0000:00:02.0: reg 20 io port: [0x1800-0x1807]
[    0.070780] pci 0000:00:02.1: reg 10 64bit mmio: [0xf8200000-0xf82fffff]
[    0.070889] pci 0000:00:19.0: reg 10 32bit mmio: [0xfe000000-0xfe01ffff]
[    0.070898] pci 0000:00:19.0: reg 14 32bit mmio: [0xfe025000-0xfe025fff]
[    0.070907] pci 0000:00:19.0: reg 18 io port: [0x1840-0x185f]
[    0.070981] pci 0000:00:19.0: PME# supported from D0 D3hot D3cold
[    0.071006] pci 0000:00:19.0: PME# disabled
[    0.071147] pci 0000:00:1a.0: reg 20 io port: [0x1860-0x187f]
[    0.071241] pci 0000:00:1a.1: reg 20 io port: [0x1880-0x189f]
[    0.071333] pci 0000:00:1a.7: reg 10 32bit mmio: [0xfe226c00-0xfe226fff]
[    0.071419] pci 0000:00:1a.7: PME# supported from D0 D3hot D3cold
[    0.071502] pci 0000:00:1a.7: PME# disabled
[    0.071637] pci 0000:00:1b.0: reg 10 64bit mmio: [0xfe020000-0xfe023fff]
[    0.071726] pci 0000:00:1b.0: PME# supported from D0 D3hot D3cold
[    0.071812] pci 0000:00:1b.0: PME# disabled
[    0.072084] pci 0000:00:1c.0: PME# supported from D0 D3hot D3cold
[    0.072169] pci 0000:00:1c.0: PME# disabled
[    0.072364] pci 0000:00:1c.1: PME# supported from D0 D3hot D3cold
[    0.072456] pci 0000:00:1c.1: PME# disabled
[    0.072646] pci 0000:00:1c.2: PME# supported from D0 D3hot D3cold
[    0.072731] pci 0000:00:1c.2: PME# disabled
[    0.072927] pci 0000:00:1c.3: PME# supported from D0 D3hot D3cold
[    0.073001] pci 0000:00:1c.3: PME# disabled
[    0.073849] pci 0000:00:1c.4: PME# supported from D0 D3hot D3cold
[    0.073939] pci 0000:00:1c.4: PME# disabled
[    0.074062] pci 0000:00:1d.0: reg 20 io port: [0x18a0-0x18bf]
[    0.074147] pci 0000:00:1d.1: reg 20 io port: [0x18c0-0x18df]
[    0.074228] pci 0000:00:1d.2: reg 20 io port: [0x18e0-0x18ff]
[    0.074321] pci 0000:00:1d.7: reg 10 32bit mmio: [0xfe227000-0xfe2273ff]
[    0.074424] pci 0000:00:1d.7: PME# supported from D0 D3hot D3cold
[    0.074518] pci 0000:00:1d.7: PME# disabled
[    0.074807] pci 0000:00:1f.0: quirk: region 1000-107f claimed by ICH6 ACPI/GPIO/TCO
[    0.074925] pci 0000:00:1f.0: quirk: region 1180-11bf claimed by ICH6 GPIO
[    0.074999] pci 0000:00:1f.0: ICH7 LPC Generic IO decode 1 PIO at 1600 (mask 007f)
[    0.075110] pci 0000:00:1f.0: ICH7 LPC Generic IO decode 2 PIO at 15e0 (mask 000f)
[    0.075224] pci 0000:00:1f.0: ICH7 LPC Generic IO decode 3 PIO at 1680 (mask 001f)
[    0.075422] pci 0000:00:1f.1: reg 10 io port: [0x00-0x07]
[    0.075429] pci 0000:00:1f.1: reg 14 io port: [0x00-0x03]
[    0.075441] pci 0000:00:1f.1: reg 18 io port: [0x00-0x07]
[    0.075450] pci 0000:00:1f.1: reg 1c io port: [0x00-0x03]
[    0.075459] pci 0000:00:1f.1: reg 20 io port: [0x1c00-0x1c0f]
[    0.075539] pci 0000:00:1f.2: reg 10 io port: [0x1c50-0x1c57]
[    0.075548] pci 0000:00:1f.2: reg 14 io port: [0x1c44-0x1c47]
[    0.075557] pci 0000:00:1f.2: reg 18 io port: [0x1c48-0x1c4f]
[    0.075564] pci 0000:00:1f.2: reg 1c io port: [0x1c40-0x1c43]
[    0.075572] pci 0000:00:1f.2: reg 20 io port: [0x1c20-0x1c3f]
[    0.075581] pci 0000:00:1f.2: reg 24 32bit mmio: [0xfe226000-0xfe2267ff]
[    0.075641] pci 0000:00:1f.2: PME# supported from D3hot
[    0.075724] pci 0000:00:1f.2: PME# disabled
[    0.075832] pci 0000:00:1f.3: reg 10 32bit mmio: [0xfe227400-0xfe2274ff]
[    0.075857] pci 0000:00:1f.3: reg 20 io port: [0x1c60-0x1c7f]
[    0.076028] pci 0000:00:1c.0: bridge io port: [0x2000-0x2fff]
[    0.076035] pci 0000:00:1c.0: bridge 32bit mmio: [0xfc000000-0xfdffffff]
[    0.076046] pci 0000:00:1c.0: bridge 64bit mmio pref: [0xf8000000-0xf80fffff]
[    0.076117] pci 0000:03:00.0: reg 10 64bit mmio: [0xdf3f0000-0xdf3fffff]
[    0.076311] pci 0000:00:1c.1: bridge io port: [0x3000-0x3fff]
[    0.076318] pci 0000:00:1c.1: bridge 32bit mmio: [0xdc000000-0xdf3fffff]
[    0.076325] pci 0000:00:1c.1: bridge 64bit mmio pref: [0xdfe00000-0xdfefffff]
[    0.076388] pci 0000:00:1c.2: bridge io port: [0x4000-0x4fff]
[    0.076395] pci 0000:00:1c.2: bridge 32bit mmio: [0xd8000000-0xd9ffffff]
[    0.076404] pci 0000:00:1c.2: bridge 64bit mmio pref: [0xdfb00000-0xdfbfffff]
[    0.076460] pci 0000:00:1c.3: bridge io port: [0x5000-0x5fff]
[    0.076466] pci 0000:00:1c.3: bridge 32bit mmio: [0xd4000000-0xd5ffffff]
[    0.076475] pci 0000:00:1c.3: bridge 64bit mmio pref: [0xdf800000-0xdf8fffff]
[    0.076530] pci 0000:00:1c.4: bridge io port: [0x6000-0x6fff]
[    0.076536] pci 0000:00:1c.4: bridge 32bit mmio: [0xd0000000-0xd1ffffff]
[    0.076545] pci 0000:00:1c.4: bridge 64bit mmio pref: [0xdf500000-0xdf5fffff]
[    0.076605] pci 0000:15:00.0: reg 10 32bit mmio: [0xf8300000-0xf8300fff]
[    0.076653] pci 0000:15:00.0: supports D1 D2
[    0.076655] pci 0000:15:00.0: PME# supported from D0 D1 D2 D3hot D3cold
[    0.076739] pci 0000:15:00.0: PME# disabled
[    0.076875] pci 0000:15:00.1: reg 10 32bit mmio: [0xf8301000-0xf83017ff]
[    0.076972] pci 0000:15:00.1: supports D1 D2
[    0.076974] pci 0000:15:00.1: PME# supported from D0 D1 D2 D3hot D3cold
[    0.077000] pci 0000:15:00.1: PME# disabled
[    0.077171] pci 0000:00:1e.0: transparent bridge
[    0.077263] pci 0000:00:1e.0: bridge io port: [0x7000-0xafff]
[    0.077269] pci 0000:00:1e.0: bridge 32bit mmio: [0xf8300000-0xfbffffff]
[    0.077276] pci 0000:00:1e.0: bridge 64bit mmio pref: [0xf4000000-0xf7ffffff]
[    0.077339] pci_bus 0000:00: on NUMA node 0
[    0.077343] ACPI: PCI Interrupt Routing Table [\_SB_.PCI0._PRT]
[    0.077477] ACPI: PCI Interrupt Routing Table [\_SB_.PCI0.EXP0._PRT]
[    0.077536] ACPI: PCI Interrupt Routing Table [\_SB_.PCI0.EXP1._PRT]
[    0.077594] ACPI: PCI Interrupt Routing Table [\_SB_.PCI0.EXP2._PRT]
[    0.077652] ACPI: PCI Interrupt Routing Table [\_SB_.PCI0.EXP3._PRT]
[    0.077715] ACPI: PCI Interrupt Routing Table [\_SB_.PCI0.EXP4._PRT]
[    0.077777] ACPI: PCI Interrupt Routing Table [\_SB_.PCI0.PCI1._PRT]
[    0.083314] ACPI: PCI Interrupt Link [LNKA] (IRQs 3 4 5 6 7 9 *10 11)
[    0.084077] ACPI: PCI Interrupt Link [LNKB] (IRQs 3 4 5 6 7 9 10 *11)
[    0.084810] ACPI: PCI Interrupt Link [LNKC] (IRQs 3 4 5 6 7 9 10 *11)
[    0.085521] ACPI: PCI Interrupt Link [LNKD] (IRQs 3 4 5 6 7 9 10 *11)
[    0.086240] ACPI: PCI Interrupt Link [LNKE] (IRQs 3 4 5 6 7 9 10 *11)
[    0.086950] ACPI: PCI Interrupt Link [LNKF] (IRQs 3 4 5 6 7 9 10 *11)
[    0.087698] ACPI: PCI Interrupt Link [LNKG] (IRQs 3 4 5 6 7 9 10 *11)
[    0.088423] ACPI: PCI Interrupt Link [LNKH] (IRQs 3 4 5 6 7 9 10 *11)
[    0.089132] vgaarb: device added: PCI:0000:00:02.0,decodes=io+mem,owns=io+mem,locks=none
[    0.089250] vgaarb: loaded
[    0.089424] SCSI subsystem initialized
[    0.089515] libata version 3.00 loaded.
[    0.089562] usbcore: registered new interface driver usbfs
[    0.089676] usbcore: registered new interface driver hub
[    0.089795] usbcore: registered new device driver usb
[    0.106038] raid6: int32x1    941 MB/s
[    0.122990] raid6: int32x2    886 MB/s
[    0.140068] raid6: int32x4    750 MB/s
[    0.156995] raid6: int32x8    656 MB/s
[    0.173985] raid6: mmxx1     2878 MB/s
[    0.190988] raid6: mmxx2     3253 MB/s
[    0.208001] raid6: sse1x1    1937 MB/s
[    0.224975] raid6: sse1x2    2531 MB/s
[    0.241981] raid6: sse2x1    3503 MB/s
[    0.258973] raid6: sse2x2    3828 MB/s
[    0.259052] raid6: using algorithm sse2x2 (3828 MB/s)
[    0.259142] PCI: Using ACPI for IRQ routing
[    0.259448] HPET: 3 timers in total, 0 timers will be used for per-cpu timer
[    0.259997] Switching to clocksource tsc
[    0.260093] pnp: PnP ACPI init
[    0.260176] ACPI: bus type pnp registered
[    0.263806] pnp: PnP ACPI: found 11 devices
[    0.263899] ACPI: ACPI bus type pnp unregistered
[    0.263985] system 00:00: iomem range 0x0-0x9ffff could not be reserved
[    0.264068] system 00:00: iomem range 0xc0000-0xc3fff could not be reserved
[    0.264165] system 00:00: iomem range 0xc4000-0xc7fff could not be reserved
[    0.264253] system 00:00: iomem range 0xc8000-0xcbfff has been reserved
[    0.264337] system 00:00: iomem range 0xcc000-0xcffff has been reserved
[    0.264421] system 00:00: iomem range 0xd0000-0xd3fff could not be reserved
[    0.264508] system 00:00: iomem range 0xe0000-0xe3fff could not be reserved
[    0.264592] system 00:00: iomem range 0xe4000-0xe7fff could not be reserved
[    0.264688] system 00:00: iomem range 0xe8000-0xebfff could not be reserved
[    0.264780] system 00:00: iomem range 0xec000-0xeffff could not be reserved
[    0.264869] system 00:00: iomem range 0xf0000-0xfffff could not be reserved
[    0.264951] system 00:00: iomem range 0x100000-0x3dffffff could not be reserved
[    0.265076] system 00:00: iomem range 0xfec00000-0xfed3ffff could not be reserved
[    0.265189] system 00:00: iomem range 0xfed4c000-0xffffffff could not be reserved
[    0.265305] system 00:02: ioport range 0x164e-0x164f has been reserved
[    0.265397] system 00:02: ioport range 0x1000-0x107f has been reserved
[    0.265481] system 00:02: ioport range 0x1180-0x11bf has been reserved
[    0.265567] system 00:02: ioport range 0x800-0x80f has been reserved
[    0.265649] system 00:02: ioport range 0x15e0-0x15ef has been reserved
[    0.265731] system 00:02: ioport range 0x1600-0x165f could not be reserved
[    0.265819] system 00:02: iomem range 0xf0000000-0xf3ffffff has been reserved
[    0.265910] system 00:02: iomem range 0xfed1c000-0xfed1ffff has been reserved
[    0.265999] system 00:02: iomem range 0xfed14000-0xfed17fff has been reserved
[    0.266089] system 00:02: iomem range 0xfed18000-0xfed18fff has been reserved
[    0.266179] system 00:02: iomem range 0xfed19000-0xfed19fff has been reserved
[    0.266265] system 00:02: iomem range 0xfed45000-0xfed4bfff has been reserved
[    0.301299] pci 0000:00:1c.0: PCI bridge, secondary bus 0000:02
[    0.301391] pci 0000:00:1c.0:   IO window: 0x2000-0x2fff
[    0.301473] pci 0000:00:1c.0:   MEM window: 0xfc000000-0xfdffffff
[    0.301557] pci 0000:00:1c.0:   PREFETCH window: 0x000000f8000000-0x000000f80fffff
[    0.301682] pci 0000:00:1c.1: PCI bridge, secondary bus 0000:03
[    0.301768] pci 0000:00:1c.1:   IO window: 0x3000-0x3fff
[    0.301856] pci 0000:00:1c.1:   MEM window: 0xdc000000-0xdf3fffff
[    0.301937] pci 0000:00:1c.1:   PREFETCH window: 0x000000dfe00000-0x000000dfefffff
[    0.302055] pci 0000:00:1c.2: PCI bridge, secondary bus 0000:04
[    0.302142] pci 0000:00:1c.2:   IO window: 0x4000-0x4fff
[    0.302234] pci 0000:00:1c.2:   MEM window: 0xd8000000-0xd9ffffff
[    0.302322] pci 0000:00:1c.2:   PREFETCH window: 0x000000dfb00000-0x000000dfbfffff
[    0.302439] pci 0000:00:1c.3: PCI bridge, secondary bus 0000:05
[    0.302524] pci 0000:00:1c.3:   IO window: 0x5000-0x5fff
[    0.302608] pci 0000:00:1c.3:   MEM window: 0xd4000000-0xd5ffffff
[    0.302690] pci 0000:00:1c.3:   PREFETCH window: 0x000000df800000-0x000000df8fffff
[    0.302807] pci 0000:00:1c.4: PCI bridge, secondary bus 0000:0d
[    0.302894] pci 0000:00:1c.4:   IO window: 0x6000-0x6fff
[    0.302978] pci 0000:00:1c.4:   MEM window: 0xd0000000-0xd1ffffff
[    0.303064] pci 0000:00:1c.4:   PREFETCH window: 0x000000df500000-0x000000df5fffff
[    0.303193] pci 0000:15:00.0: CardBus bridge, secondary bus 0000:16
[    0.303276] pci 0000:15:00.0:   IO window: 0x007000-0x0070ff
[    0.303359] pci 0000:15:00.0:   IO window: 0x007400-0x0074ff
[    0.303451] pci 0000:15:00.0:   PREFETCH window: 0xf4000000-0xf7ffffff
[    0.303546] pci 0000:15:00.0:   MEM window: 0x40000000-0x43ffffff
[    0.303636] pci 0000:00:1e.0: PCI bridge, secondary bus 0000:15
[    0.303723] pci 0000:00:1e.0:   IO window: 0x7000-0xafff
[    0.303807] pci 0000:00:1e.0:   MEM window: 0xf8300000-0xfbffffff
[    0.303893] pci 0000:00:1e.0:   PREFETCH window: 0x000000f4000000-0x000000f7ffffff
[    0.304026] pci 0000:00:1c.0: PCI INT A -> GSI 20 (level, low) -> IRQ 20
[    0.304121] pci 0000:00:1c.0: setting latency timer to 64
[    0.304130] pci 0000:00:1c.1: PCI INT B -> GSI 21 (level, low) -> IRQ 21
[    0.304231] pci 0000:00:1c.1: setting latency timer to 64
[    0.304244] pci 0000:00:1c.2: PCI INT C -> GSI 22 (level, low) -> IRQ 22
[    0.304333] pci 0000:00:1c.2: setting latency timer to 64
[    0.304346] pci 0000:00:1c.3: PCI INT D -> GSI 23 (level, low) -> IRQ 23
[    0.304442] pci 0000:00:1c.3: setting latency timer to 64
[    0.304456] pci 0000:00:1c.4: PCI INT A -> GSI 20 (level, low) -> IRQ 20
[    0.304545] pci 0000:00:1c.4: setting latency timer to 64
[    0.304552] pci 0000:00:1e.0: enabling device (0005 -> 0007)
[    0.304642] pci 0000:00:1e.0: setting latency timer to 64
[    0.304657] pci 0000:15:00.0: PCI INT A -> GSI 16 (level, low) -> IRQ 16
[    0.304747] pci 0000:15:00.0: setting latency timer to 64
[    0.304751] pci_bus 0000:00: resource 0 io:  [0x00-0xffff]
[    0.304753] pci_bus 0000:00: resource 1 mem: [0x000000-0xffffffff]
[    0.304755] pci_bus 0000:02: resource 0 io:  [0x2000-0x2fff]
[    0.304757] pci_bus 0000:02: resource 1 mem: [0xfc000000-0xfdffffff]
[    0.304759] pci_bus 0000:02: resource 2 pref mem [0xf8000000-0xf80fffff]
[    0.304761] pci_bus 0000:03: resource 0 io:  [0x3000-0x3fff]
[    0.304763] pci_bus 0000:03: resource 1 mem: [0xdc000000-0xdf3fffff]
[    0.304765] pci_bus 0000:03: resource 2 pref mem [0xdfe00000-0xdfefffff]
[    0.304766] pci_bus 0000:04: resource 0 io:  [0x4000-0x4fff]
[    0.304768] pci_bus 0000:04: resource 1 mem: [0xd8000000-0xd9ffffff]
[    0.304770] pci_bus 0000:04: resource 2 pref mem [0xdfb00000-0xdfbfffff]
[    0.304772] pci_bus 0000:05: resource 0 io:  [0x5000-0x5fff]
[    0.304774] pci_bus 0000:05: resource 1 mem: [0xd4000000-0xd5ffffff]
[    0.304776] pci_bus 0000:05: resource 2 pref mem [0xdf800000-0xdf8fffff]
[    0.304777] pci_bus 0000:0d: resource 0 io:  [0x6000-0x6fff]
[    0.304779] pci_bus 0000:0d: resource 1 mem: [0xd0000000-0xd1ffffff]
[    0.304781] pci_bus 0000:0d: resource 2 pref mem [0xdf500000-0xdf5fffff]
[    0.304783] pci_bus 0000:15: resource 0 io:  [0x7000-0xafff]
[    0.304785] pci_bus 0000:15: resource 1 mem: [0xf8300000-0xfbffffff]
[    0.304787] pci_bus 0000:15: resource 2 pref mem [0xf4000000-0xf7ffffff]
[    0.304788] pci_bus 0000:15: resource 3 io:  [0x00-0xffff]
[    0.304790] pci_bus 0000:15: resource 4 mem: [0x000000-0xffffffff]
[    0.304792] pci_bus 0000:16: resource 0 io:  [0x7000-0x70ff]
[    0.304794] pci_bus 0000:16: resource 1 io:  [0x7400-0x74ff]
[    0.304796] pci_bus 0000:16: resource 2 pref mem [0xf4000000-0xf7ffffff]
[    0.304798] pci_bus 0000:16: resource 3 mem: [0x40000000-0x43ffffff]
[    0.304805] NET: Registered protocol family 2
[    0.304895] RANDOM - __random32 called. Change num 7.  Value: 437d97bf	f373de51	f3b0f986
[    0.304897] RANDOM - random32 called.  Value: 437d97bf	f373de51	f3b0f986
[    0.304901] random 0000 0000 0000 5f8db4e5 4cfdf2a8: rand_read_num 3 get_random_bytes(4): sig fffffb64 5f8db4e5 4cfdf2a8
[    0.304903] random 0000 0000 0000 5f8db4e5 4cfdf2a8: extract_entropy(.. 4 ..)
[    0.304906] random 0000 0000 0000 5f8db4e5 4cfdf2a8: going to reseed nonblocking with 64 bits (32 of 0 requested)
[    0.304908] random 0000 0000 0000 5f8db4e5 4cfdf2a8: extract_entropy(.. 8 ..)
[    0.304910] random 0000 0000 0000 5f8db4e5 4cfdf2a8: trying to extract 64 bits from input
[    0.304912] random 0000 0000 0000 5f8db4e5 4cfdf2a8: debiting 0 entropy credits from input
[    0.304914] random 0000 0000 0000 5f8db4e5 4cfdf2a8: extract_entropy account returned: 0 
[    0.304917] random 0000 0000 0000 5f8db4e5 4cfdf2a8: urand_change_num 5 xfer_secondary_pool(4): pool_sig fffffb64, data_sig 00000000, bytes_mixed 0 5f8db4e5 4cfdf2a8
[    0.304920] random 0000 0000 0000 5f8db4e5 4cfdf2a8: trying to extract 32 bits from nonblocking
[    0.304923] random 0000 0000 0000 5f8db4e5 4cfdf2a8: debiting 32 entropy credits from nonblocking (unlimited)
[    0.304925] random 0000 0000 0000 5f8db4e5 4cfdf2a8: extract_entropy account returned: 4 
[    0.304929] random 0000 0000 0000 5f8db4e5 4cfdf2a8: urand_change_num 6 extract_buf: pool_sig fffffb64, data_sig 00000241, bytes_mixed 20 5f8db4e5 4cfdf2a8
[    0.304939] IP route cache hash table entries: 32768 (order: 5, 131072 bytes)
[    0.305070] RANDOM - __random32 called. Change num 8.  Value: d97bfe31	373de51f	f30dc6e6
[    0.305072] RANDOM - random32 called.  Value: d97bfe31	373de51f	f30dc6e6
[    0.305082] RANDOM - __random32 called. Change num 9.  Value: bfe314d7	73de51f5	8dcd6c7e
[    0.305084] RANDOM - random32 called.  Value: bfe314d7	73de51f5	8dcd6c7e
[    0.305086] RANDOM - __random32 called. Change num 10.  Value: 314d7baf	3de51f5e	d8fc74c1
[    0.305088] RANDOM - random32 called.  Value: 314d7baf	3de51f5e	d8fc74c1
[    0.305098] RANDOM - __random32 called. Change num 11.  Value: d7baf3c7	de51f5e5	e983e3fa
[    0.305100] RANDOM - random32 called.  Value: d7baf3c7	de51f5e5	e983e3fa
[    0.305109] TCP established hash table entries: 131072 (order: 8, 1048576 bytes)
[    0.305596] TCP bind hash table entries: 65536 (order: 6, 262144 bytes)
[    0.305784] TCP: Hash tables configured (established 131072 bind 65536)
[    0.305870] TCP reno registered
[    0.305972] NET: Registered protocol family 1
[    0.306080] RPC: Registered udp transport module.
[    0.306161] RPC: Registered tcp transport module.
[    0.306238] RPC: Registered tcp NFSv4.1 backchannel transport module.
[    0.306339] pci 0000:00:02.0: Boot video device
[    0.306558] Simple Boot Flag at 0x35 set to 0x1
[    0.307109] highmem bounce pool size: 64 pages
[    0.308594] VFS: Disk quotas dquot_6.5.2
[    0.308709] Dquot-cache hash table entries: 1024 (order 0, 4096 bytes)
[    0.309454] NTFS driver 2.1.29 [Flags: R/W].
[    0.309604] ROMFS MTD (C) 2007 Red Hat, Inc.
[    0.309803] JFS: nTxBlock = 7695, nTxLock = 61562
[    0.312243] SGI XFS with ACLs, security attributes, large block/inode numbers, no debug enabled
[    0.312724] SGI XFS Quota Management subsystem
[    0.313069] Slow work thread pool: Starting up
[    0.313166] Slow work thread pool: Ready
[    0.313258] GFS2 (built May 24 2013 02:47:17) installed
[    0.313350] msgmni has been set to 1734
[    0.313511] alg: No test for cipher_null (cipher_null-generic)
[    0.313602] alg: No test for ecb(cipher_null) (ecb-cipher_null)
[    0.313691] alg: No test for digest_null (digest_null-generic)
[    0.313782] alg: No test for compress_null (compress_null-generic)
[    0.314327] alg: No test for fcrypt (fcrypt-generic)
[    0.315737] alg: No test for stdrng (krng)
[    0.315821] async_tx: api initialized (async)
[    0.315979] Block layer SCSI generic (bsg) driver version 0.4 loaded (major 254)
[    0.316093] io scheduler noop registered
[    0.316177] io scheduler anticipatory registered
[    0.316256] io scheduler deadline registered
[    0.316376] io scheduler cfq registered (default)
[    0.316617] pcieport 0000:00:1c.0: irq 24 for MSI/MSI-X
[    0.316633] pcieport 0000:00:1c.0: setting latency timer to 64
[    0.316821] pcieport 0000:00:1c.1: irq 25 for MSI/MSI-X
[    0.316832] pcieport 0000:00:1c.1: setting latency timer to 64
[    0.317029] pcieport 0000:00:1c.2: irq 26 for MSI/MSI-X
[    0.317040] pcieport 0000:00:1c.2: setting latency timer to 64
[    0.317216] pcieport 0000:00:1c.3: irq 27 for MSI/MSI-X
[    0.317227] pcieport 0000:00:1c.3: setting latency timer to 64
[    0.317406] pcieport 0000:00:1c.4: irq 28 for MSI/MSI-X
[    0.317416] pcieport 0000:00:1c.4: setting latency timer to 64
[    0.317559] pci_hotplug: PCI Hot Plug PCI Core version: 0.5
[    0.317742] isapnp: Scanning for PnP cards...
[    0.678291] isapnp: No Plug & Play device found
[    0.678373] random 0000 0000 0000 5f8db4e5 4cfdf2a8: initializing
[    0.678375] RANDOM init_std_data for input now value: 1369914661678375770
[    0.678377] RANDOM init_std_data for blocking now value: 1369914661678377760
[    0.678379] RANDOM init_std_data for nonblocking now value: 1369914661678379484
[    0.697957] Serial: 8250/16550 driver, 4 ports, IRQ sharing enabled
[    3.708437] floppy0: no floppy controllers found
[    3.709381] brd: module loaded
[    3.709875] loop: module loaded
[    3.709955] Compaq SMART2 Driver (v 2.6.0)
[    3.710069] HP CISS Driver (v 3.6.20)
[    3.710306] input: Macintosh mouse button emulation as /devices/virtual/input/input0
[    3.710423] Uniform Multi-Platform E-IDE driver
[    3.710667] piix 0000:00:1f.1: IDE controller (0x8086:0x2850 rev 0x03)
[    3.710761] pci 0000:00:1f.1: PCI INT C -> GSI 16 (level, low) -> IRQ 16
[    3.710862] piix 0000:00:1f.1: IDE port disabled
[    3.710949] piix 0000:00:1f.1: not 100% native mode: will probe irqs later
[    3.711038]     ide0: BM-DMA at 0x1c00-0x1c07
[    3.711125] Probing IDE interface ide0...
[    4.382573] hda: HL-DT-ST DVDRAM GSA-U10N, ATAPI CD/DVD-ROM drive
[    4.689346] hda: host max PIO4 wanted PIO255(auto-tune) selected PIO4
[    4.690115] hda: UDMA/33 mode selected
[    4.690573] ide0 at 0x1f0-0x1f7,0x3f6 on irq 14
[    4.694452] ide-gd driver 1.18
[    4.694560] ide-cd driver 5.00
[    4.695938] random 0000 0000 0000 00000000 00000000: add_disk_randomness(0:0) 00000000 00000000
[    4.695942] random 0000 0000 0000 00000000 00000000: add_timer_randomness(.. 256) with jiffies: 5238349694265687672, cycles: 5238349689971015691
[    4.695945] random 0000 0000 0000 00000000 00000000: added 11 entropy credits to input
[    4.695949] ide-cd: hda: ATAPI 24X DVD-ROM DVD-R/RAM CD-R/RW drive, 2048kB Cache
[    4.696341] Uniform CD-ROM driver Revision: 3.20
[    4.699232] random 0011 0000 0000 00000000 00000000: add_disk_randomness(0:0) 00000000 00000000
[    4.699235] random 0011 0000 0000 00000000 00000000: add_timer_randomness(.. 256) with jiffies: 5267984929953382011, cycles: 5267984925658710027
[    4.699237] random 0011 0000 0000 00000000 00000000: added 1 entropy credits to input
[    4.699240] random 0012 0000 0000 00000000 00000000: add_disk_randomness(0:0) 00000000 00000000
[    4.699243] random 0012 0000 0000 00000000 00000000: add_timer_randomness(.. 256) with jiffies: 5268060465543216763, cycles: 5268060461248544779
[    4.701226] random 0012 0000 0000 00000000 00000000: add_disk_randomness(0:0) 00000000 00000000
[    4.701229] random 0012 0000 0000 00000000 00000000: add_timer_randomness(.. 256) with jiffies: 5285930531676716669, cycles: 5285930527382044683
[    4.701232] random 0012 0000 0000 00000000 00000000: added 1 entropy credits to input
[    4.701235] random 0013 0000 0000 00000000 00000000: add_disk_randomness(0:0) 00000000 00000000
[    4.701237] random 0013 0000 0000 00000000 00000000: add_timer_randomness(.. 256) with jiffies: 5286005483150999165, cycles: 5286005478856327179
[    4.703227] random 0013 0000 0000 00000000 00000000: add_disk_randomness(0:0) 00000000 00000000
[    4.703230] random 0013 0000 0000 00000000 00000000: add_timer_randomness(.. 256) with jiffies: 5303937375338724991, cycles: 5303937371044053003
[    4.703233] random 0013 0000 0000 00000000 00000000: added 1 entropy credits to input
[    4.703236] random 0014 0000 0000 00000000 00000000: add_disk_randomness(0:0) 00000000 00000000
[    4.703238] random 0014 0000 0000 00000000 00000000: add_timer_randomness(.. 256) with jiffies: 5304010926653668991, cycles: 5304010922358997003
[    4.703520] Loading iSCSI transport class v2.0-870.
[    4.703796] rdac: device handler registered
[    4.703887] hp_sw: device handler registered
[    4.703966] emc: device handler registered
[    4.704044] alua: device handler registered
[    4.705023] Adaptec aacraid driver 1.1-5[2461]-ms
[    4.705432] scsi: <fdomain> Detection failed (no card)
[    4.705522] sym53c416.c: Version 1.0.0-ac
[    4.705620] qlogicfas: no cards were found, please specify I/O address and IRQ using iobase= and irq= options
[    4.705735] QLogic Fibre Channel HBA Driver: 8.03.01-k6
[    4.705944] iscsi: registered transport (qla4xxx)
[    4.706043] QLogic iSCSI HBA Driver
[    4.706125] Emulex LightPulse Fibre Channel SCSI driver 8.3.4
[    4.706206] Copyright(c) 2004-2009 Emulex.  All rights reserved.
[    4.728328] Failed initialization of WD-7000 SCSI card!
[    4.817814] DC390: clustering now enabled by default. If you get problems load
[    4.817934]        with "disable_clustering=1" and report to maintainers
[    4.818070] megaraid cmm: 2.20.2.7 (Release Date: Sun Jul 16 00:01:03 EST 2006)
[    4.818218] megaraid: 2.20.5.1 (Release Date: Thu Nov 16 15:32:35 EST 2006)
[    4.818335] megasas: 00.00.04.01 Thu July 24 11:41:51 PST 2008
[    4.818459] GDT-HA: Storage RAID Controller Driver. Version: 3.05
[    4.818598] 3ware Storage Controller device driver for Linux v1.26.02.002.
[    4.818706] 3ware 9000 Storage Controller device driver for Linux v2.26.02.012.
[    4.818850] nsp32: loading...
[    4.818955] ipr: IBM Power RAID SCSI Device Driver version: 2.4.3 (June 10, 2009)
[    4.819101] RocketRAID 3xxx/4xxx Controller driver v1.6 (090910)
[    4.819208] stex: Promise SuperTrak EX Driver version: 4.6.0000.3
[    4.819339] st: Version 20081215, fixed bufsize 32768, s/g segs 256
[    4.819519] ahci 0000:00:1f.2: version 3.0
[    4.819532] ahci 0000:00:1f.2: PCI INT B -> GSI 16 (level, low) -> IRQ 16
[    4.819657] ahci 0000:00:1f.2: irq 29 for MSI/MSI-X
[    4.819723] ahci 0000:00:1f.2: AHCI 0001.0100 32 slots 3 ports 1.5 Gbps 0x5 impl SATA mode
[    4.819842] ahci 0000:00:1f.2: flags: 64bit ncq sntf pm led clo pio slum part ccc 
[    4.819962] ahci 0000:00:1f.2: setting latency timer to 64
[    4.820103] scsi2 : ahci
[    4.820252] scsi3 : ahci
[    4.820397] scsi4 : ahci
[    4.820562] ata1: SATA max UDMA/133 abar m2048@0xfe226000 port 0xfe226100 irq 29
[    4.820674] ata2: DUMMY
[    4.820756] ata3: SATA max UDMA/133 abar m2048@0xfe226000 port 0xfe226200 irq 29
[    4.821370] I2O subsystem v1.325
[    4.821448] i2o: max drivers = 8
[    4.821584] I2O Configuration OSM v1.323
[    4.821677] I2O Bus Adapter OSM v1.317
[    4.821775] I2O Block Device OSM v1.325
[    4.821914] I2O SCSI Peripheral OSM v1.316
[    4.822008] I2O ProcFS OSM v1.316
[    4.822103] Fusion MPT base driver 3.04.12
[    4.822187] Copyright (c) 1999-2008 LSI Corporation
[    4.822269] Fusion MPT SPI Host driver 3.04.12
[    4.822423] Fusion MPT FC Host driver 3.04.12
[    4.822535] Fusion MPT SAS Host driver 3.04.12
[    4.822677] ohci1394 0000:15:00.1: PCI INT B -> GSI 17 (level, low) -> IRQ 17
[    4.822771] ohci1394 0000:15:00.1: setting latency timer to 64
[    4.876332] ohci1394: fw-host0: OHCI-1394 1.1 (PCI): IRQ=[17]  MMIO=[f8301000-f83017ff]  Max Packet=[2048]  IR/IT contexts=[4/4]
[    4.880596] ehci_hcd: USB 2.0 'Enhanced' Host Controller (EHCI) Driver
[    4.880874] ehci_hcd 0000:00:1a.7: power state changed by ACPI to D0
[    4.881112] ehci_hcd 0000:00:1a.7: power state changed by ACPI to D0
[    4.881198] ehci_hcd 0000:00:1a.7: PCI INT C -> GSI 22 (level, low) -> IRQ 22
[    4.881293] ehci_hcd 0000:00:1a.7: setting latency timer to 64
[    4.881296] ehci_hcd 0000:00:1a.7: EHCI Host Controller
[    4.881433] ehci_hcd 0000:00:1a.7: new USB bus registered, assigned bus number 1
[    4.885466] ehci_hcd 0000:00:1a.7: cache line size of 32 is not supported
[    4.885475] ehci_hcd 0000:00:1a.7: irq 22, io mem 0xfe226c00
[    4.895290] ehci_hcd 0000:00:1a.7: USB 2.0 started, EHCI 1.00
[    4.895391] usb usb1: New USB device found, idVendor=1d6b, idProduct=0002
[    4.895477] usb usb1: New USB device strings: Mfr=3, Product=2, SerialNumber=1
[    4.895595] usb usb1: Product: EHCI Host Controller
[    4.895683] usb usb1: Manufacturer: Linux 2.6.32.57 ehci_hcd
[    4.895763] usb usb1: SerialNumber: 0000:00:1a.7
[    4.895892] usb usb1: configuration #1 chosen from 1 choice
[    4.896006] hub 1-0:1.0: USB hub found
[    4.896088] hub 1-0:1.0: 4 ports detected
[    4.896372] ehci_hcd 0000:00:1d.7: power state changed by ACPI to D0
[    4.896607] ehci_hcd 0000:00:1d.7: power state changed by ACPI to D0
[    4.896706] ehci_hcd 0000:00:1d.7: PCI INT D -> GSI 19 (level, low) -> IRQ 19
[    4.896812] ehci_hcd 0000:00:1d.7: setting latency timer to 64
[    4.896817] ehci_hcd 0000:00:1d.7: EHCI Host Controller
[    4.896944] ehci_hcd 0000:00:1d.7: new USB bus registered, assigned bus number 2
[    4.897085] ehci_hcd 0000:00:1d.7: debug port 1
[    4.901054] ehci_hcd 0000:00:1d.7: cache line size of 32 is not supported
[    4.901063] ehci_hcd 0000:00:1d.7: irq 19, io mem 0xfe227000
[    4.911289] ehci_hcd 0000:00:1d.7: USB 2.0 started, EHCI 1.00
[    4.911389] usb usb2: New USB device found, idVendor=1d6b, idProduct=0002
[    4.911479] usb usb2: New USB device strings: Mfr=3, Product=2, SerialNumber=1
[    4.911598] usb usb2: Product: EHCI Host Controller
[    4.911688] usb usb2: Manufacturer: Linux 2.6.32.57 ehci_hcd
[    4.911767] usb usb2: SerialNumber: 0000:00:1d.7
[    4.911909] usb usb2: configuration #1 chosen from 1 choice
[    4.912019] hub 2-0:1.0: USB hub found
[    4.912105] hub 2-0:1.0: 6 ports detected
[    4.912274] 116x: driver isp116x-hcd, 03 Nov 2005
[    4.912374] ohci_hcd: USB 1.1 'Open' Host Controller (OHCI) Driver
[    4.912481] uhci_hcd: USB Universal Host Controller Interface driver
[    4.912580] uhci_hcd 0000:00:1a.0: PCI INT A -> GSI 20 (level, low) -> IRQ 20
[    4.912668] uhci_hcd 0000:00:1a.0: setting latency timer to 64
[    4.912671] uhci_hcd 0000:00:1a.0: UHCI Host Controller
[    4.912796] uhci_hcd 0000:00:1a.0: new USB bus registered, assigned bus number 3
[    4.912939] uhci_hcd 0000:00:1a.0: irq 20, io base 0x00001860
[    4.913044] usb usb3: New USB device found, idVendor=1d6b, idProduct=0001
[    4.913126] usb usb3: New USB device strings: Mfr=3, Product=2, SerialNumber=1
[    4.913240] usb usb3: Product: UHCI Host Controller
[    4.913327] usb usb3: Manufacturer: Linux 2.6.32.57 uhci_hcd
[    4.913412] usb usb3: SerialNumber: 0000:00:1a.0
[    4.913540] usb usb3: configuration #1 chosen from 1 choice
[    4.913649] hub 3-0:1.0: USB hub found
[    4.913740] hub 3-0:1.0: 2 ports detected
[    4.914025] uhci_hcd 0000:00:1a.1: power state changed by ACPI to D0
[    4.914259] uhci_hcd 0000:00:1a.1: power state changed by ACPI to D0
[    4.914353] uhci_hcd 0000:00:1a.1: PCI INT B -> GSI 21 (level, low) -> IRQ 21
[    4.914444] uhci_hcd 0000:00:1a.1: setting latency timer to 64
[    4.914447] uhci_hcd 0000:00:1a.1: UHCI Host Controller
[    4.914567] uhci_hcd 0000:00:1a.1: new USB bus registered, assigned bus number 4
[    4.914719] uhci_hcd 0000:00:1a.1: irq 21, io base 0x00001880
[    4.914823] usb usb4: New USB device found, idVendor=1d6b, idProduct=0001
[    4.914906] usb usb4: New USB device strings: Mfr=3, Product=2, SerialNumber=1
[    4.915016] usb usb4: Product: UHCI Host Controller
[    4.915095] usb usb4: Manufacturer: Linux 2.6.32.57 uhci_hcd
[    4.915187] usb usb4: SerialNumber: 0000:00:1a.1
[    4.915323] usb usb4: configuration #1 chosen from 1 choice
[    4.915432] hub 4-0:1.0: USB hub found
[    4.915522] hub 4-0:1.0: 2 ports detected
[    4.915816] uhci_hcd 0000:00:1d.0: power state changed by ACPI to D0
[    4.916069] uhci_hcd 0000:00:1d.0: power state changed by ACPI to D0
[    4.916155] uhci_hcd 0000:00:1d.0: PCI INT A -> GSI 16 (level, low) -> IRQ 16
[    4.916249] uhci_hcd 0000:00:1d.0: setting latency timer to 64
[    4.916254] uhci_hcd 0000:00:1d.0: UHCI Host Controller
[    4.916381] uhci_hcd 0000:00:1d.0: new USB bus registered, assigned bus number 5
[    4.916532] uhci_hcd 0000:00:1d.0: irq 16, io base 0x000018a0
[    4.916645] usb usb5: New USB device found, idVendor=1d6b, idProduct=0001
[    4.916729] usb usb5: New USB device strings: Mfr=3, Product=2, SerialNumber=1
[    4.916840] usb usb5: Product: UHCI Host Controller
[    4.916919] usb usb5: Manufacturer: Linux 2.6.32.57 uhci_hcd
[    4.916999] usb usb5: SerialNumber: 0000:00:1d.0
[    4.917127] usb usb5: configuration #1 chosen from 1 choice
[    4.917236] hub 5-0:1.0: USB hub found
[    4.917328] hub 5-0:1.0: 2 ports detected
[    4.917480] uhci_hcd 0000:00:1d.1: PCI INT B -> GSI 17 (level, low) -> IRQ 17
[    4.917573] uhci_hcd 0000:00:1d.1: setting latency timer to 64
[    4.917576] uhci_hcd 0000:00:1d.1: UHCI Host Controller
[    4.917696] uhci_hcd 0000:00:1d.1: new USB bus registered, assigned bus number 6
[    4.917839] uhci_hcd 0000:00:1d.1: irq 17, io base 0x000018c0
[    4.917943] usb usb6: New USB device found, idVendor=1d6b, idProduct=0001
[    4.918038] usb usb6: New USB device strings: Mfr=3, Product=2, SerialNumber=1
[    4.918150] usb usb6: Product: UHCI Host Controller
[    4.918229] usb usb6: Manufacturer: Linux 2.6.32.57 uhci_hcd
[    4.918319] usb usb6: SerialNumber: 0000:00:1d.1
[    4.918453] usb usb6: configuration #1 chosen from 1 choice
[    4.918571] hub 6-0:1.0: USB hub found
[    4.918660] hub 6-0:1.0: 2 ports detected
[    4.918987] uhci_hcd 0000:00:1d.2: power state changed by ACPI to D0
[    4.919220] uhci_hcd 0000:00:1d.2: power state changed by ACPI to D0
[    4.919320] uhci_hcd 0000:00:1d.2: PCI INT C -> GSI 18 (level, low) -> IRQ 18
[    4.919413] uhci_hcd 0000:00:1d.2: setting latency timer to 64
[    4.919416] uhci_hcd 0000:00:1d.2: UHCI Host Controller
[    4.919534] uhci_hcd 0000:00:1d.2: new USB bus registered, assigned bus number 7
[    4.919679] uhci_hcd 0000:00:1d.2: irq 18, io base 0x000018e0
[    4.919797] usb usb7: New USB device found, idVendor=1d6b, idProduct=0001
[    4.919882] usb usb7: New USB device strings: Mfr=3, Product=2, SerialNumber=1
[    4.919993] usb usb7: Product: UHCI Host Controller
[    4.920084] usb usb7: Manufacturer: Linux 2.6.32.57 uhci_hcd
[    4.920164] usb usb7: SerialNumber: 0000:00:1d.2
[    4.920955] usb usb7: configuration #1 chosen from 1 choice
[    4.921070] hub 7-0:1.0: USB hub found
[    4.921156] hub 7-0:1.0: 2 ports detected
[    4.921317] sl811: driver sl811-hcd, 19 May 2005
[    4.921420] r8a66597_hcd: driver r8a66597_hcd, 2009-05-26
[    4.921580] Initializing USB Mass Storage driver...
[    4.921700] usbcore: registered new interface driver usb-storage
[    4.921781] USB Mass Storage support registered.
[    4.921886] usbcore: registered new interface driver ums-alauda
[    4.921988] usbcore: registered new interface driver ums-cypress
[    4.922087] usbcore: registered new interface driver ums-datafab
[    4.922191] usbcore: registered new interface driver ums-freecom
[    4.922301] usbcore: registered new interface driver ums-isd200
[    4.922409] usbcore: registered new interface driver ums-jumpshot
[    4.922514] usbcore: registered new interface driver ums-karma
[    4.922621] usbcore: registered new interface driver ums-onetouch
[    4.922728] usbcore: registered new interface driver ums-sddr09
[    4.922833] usbcore: registered new interface driver ums-sddr55
[    4.922940] usbcore: registered new interface driver ums-usbat
[    4.923075] PNP: PS/2 Controller [PNP0303:KBD,PNP0f13:MOU] at 0x60,0x64 irq 1,12
[    4.932805] serio: i8042 KBD port at 0x60,0x64 irq 1
[    4.932892] serio: i8042 AUX port at 0x60,0x64 irq 12
[    4.933132] mice: PS/2 mouse device common for all mice
[    4.933235] i2c /dev entries driver
[    4.933373] md: linear personality registered for level -1
[    4.933456] md: raid0 personality registered for level 0
[    4.933538] md: raid1 personality registered for level 1
[    4.933618] md: raid10 personality registered for level 10
[    4.933699] md: raid6 personality registered for level 6
[    4.933779] md: raid5 personality registered for level 5
[    4.933870] md: raid4 personality registered for level 4
[    4.933955] md: multipath personality registered for level -4
[    4.934142] device-mapper: ioctl: 4.15.0-ioctl (2009-04-01) initialised: dm-devel@redhat.com
[    4.934344] cpuidle: using governor ladder
[    4.934927] usbcore: registered new interface driver usbhid
[    4.935021] usbhid: v2.6:USB HID core driver
[    4.935168] random 0014 0000 0000 00000000 00000000: rand_read_num 4 get_random_bytes(136): sig 00000000 00000000 00000000
[    4.935170] random 0014 0000 0000 00000000 00000000: extract_entropy(.. 136 ..)
[    4.935173] random 0014 0000 0000 00000000 00000000: going to reseed nonblocking with 1024 bits (1088 of 0 requested)
[    4.935175] random 0014 0000 0000 00000000 00000000: extract_entropy(.. 128 ..)
[    4.935178] random 0014 0000 0000 00000000 00000000: trying to extract 1024 bits from input
[    4.935180] random 0014 0000 0000 00000000 00000000: debiting 0 entropy credits from input
[    4.935182] random 0014 0000 0000 00000000 00000000: extract_entropy account returned: 0 
[    4.935185] random 0014 0000 0000 00000000 00000000: urand_change_num 7 xfer_secondary_pool(136): pool_sig 00000000, data_sig 00000000, bytes_mixed 0 00000000 00000000
[    4.935188] random 0014 0000 0000 00000000 00000000: trying to extract 1088 bits from nonblocking
[    4.935191] random 0014 0000 0000 00000000 00000000: debiting 1088 entropy credits from nonblocking (unlimited)
[    4.935193] random 0014 0000 0000 00000000 00000000: extract_entropy account returned: 136 
[    4.935197] random 0014 0000 0000 00000000 00000000: urand_change_num 8 extract_buf: pool_sig 00000000, data_sig fffffff9, bytes_mixed 20 00000000 00000000
[    4.935203] random 0014 0000 0000 b7c35b56 be4dc95d: urand_change_num 9 extract_buf: pool_sig fffffd1e, data_sig 000000c5, bytes_mixed 20 b7c35b56 be4dc95d
[    4.935208] random 0014 0000 0000 ed9f5c47 c48487fb: urand_change_num 10 extract_buf: pool_sig fffff8ec, data_sig ffffff68, bytes_mixed 20 ed9f5c47 c48487fb
[    4.935213] random 0014 0000 0000 ed9f5c47 c48487fb: urand_change_num 11 extract_buf: pool_sig fffffaed, data_sig 000001aa, bytes_mixed 20 ed9f5c47 c48487fb
[    4.935219] random 0014 0000 0000 1b4f7c0a 91bd6a48: urand_change_num 12 extract_buf: pool_sig fffffdd8, data_sig 00000064, bytes_mixed 20 1b4f7c0a 91bd6a48
[    4.935224] random 0014 0000 0000 a254b9bc 20e9a24f: urand_change_num 13 extract_buf: pool_sig fffffbe6, data_sig 000001dd, bytes_mixed 20 a254b9bc 20e9a24f
[    4.935229] random 0014 0000 0000 a254b9bc 20e9a24f: urand_change_num 14 extract_buf: pool_sig fffff940, data_sig fffffe20, bytes_mixed 20 a254b9bc 20e9a24f
[    4.935234] random 0014 0000 0000 2831a66b 5fa2a3ad: urand_change_num 15 extract_buf: pool_sig fffffbce, data_sig 0000007e, bytes_mixed 20 2831a66b 5fa2a3ad
[    4.935240] random 0014 0000 0000 2831a66b 5fa2a3ad: urand_change_num 16 extract_buf: pool_sig 000004df, data_sig fffffe8f, bytes_mixed 20 2831a66b 5fa2a3ad
[    4.935245] random 0014 0000 0000 d4512bfd c9a54e0b: urand_change_num 17 extract_buf: pool_sig 00000485, data_sig fffffe68, bytes_mixed 20 d4512bfd c9a54e0b
[    4.935250] random 0014 0000 0000 c7371be6 f9ffea11: urand_change_num 18 extract_buf: pool_sig 00000095, data_sig ffffffed, bytes_mixed 20 c7371be6 f9ffea11
[    4.935255] random 0014 0000 0000 c7371be6 f9ffea11: urand_change_num 19 extract_buf: pool_sig 000003a7, data_sig fffffefa, bytes_mixed 20 c7371be6 f9ffea11
[    4.935260] random 0014 0000 0000 8fb4b62c d1ddba54: urand_change_num 20 extract_buf: pool_sig 00000179, data_sig ffffff78, bytes_mixed 20 8fb4b62c d1ddba54
[    4.935266] random 0014 0000 0000 9ff19f9c c07a1d2a: urand_change_num 21 extract_buf: pool_sig fffffe88, data_sig 00000126, bytes_mixed 20 9ff19f9c c07a1d2a
[    4.935270] TCP cubic registered
[    4.935358] Initializing XFRM netlink socket
[    4.935445] NET: Registered protocol family 17
[    4.935534] Using IPI Shortcut mode
[    4.935634] random 0014 0000 0000 9ff19f9c c07a1d2a: rand_read_num 5 get_random_bytes(8): sig 0000031b 9ff19f9c c07a1d2a
[    4.935637] random 0014 0000 0000 9ff19f9c c07a1d2a: extract_entropy(.. 8 ..)
[    4.935639] random 0014 0000 0000 9ff19f9c c07a1d2a: going to reseed nonblocking with 64 bits (64 of 0 requested)
[    4.935641] random 0014 0000 0000 9ff19f9c c07a1d2a: extract_entropy(.. 8 ..)
[    4.935643] random 0014 0000 0000 9ff19f9c c07a1d2a: trying to extract 64 bits from input
[    4.935645] random 0014 0000 0000 9ff19f9c c07a1d2a: debiting 0 entropy credits from input
[    4.935647] random 0014 0000 0000 9ff19f9c c07a1d2a: extract_entropy account returned: 0 
[    4.935651] random 0014 0000 0000 9ff19f9c c07a1d2a: urand_change_num 22 xfer_secondary_pool(8): pool_sig 0000031b, data_sig 00000000, bytes_mixed 0 9ff19f9c c07a1d2a
[    4.935654] random 0014 0000 0000 9ff19f9c c07a1d2a: trying to extract 64 bits from nonblocking
[    4.935656] random 0014 0000 0000 9ff19f9c c07a1d2a: debiting 64 entropy credits from nonblocking (unlimited)
[    4.935658] random 0014 0000 0000 9ff19f9c c07a1d2a: extract_entropy account returned: 8 
[    4.935662] random 0014 0000 0000 9ff19f9c c07a1d2a: urand_change_num 23 extract_buf: pool_sig 0000031b, data_sig ffffffb3, bytes_mixed 20 9ff19f9c c07a1d2a
[    4.938474] input: AT Translated Set 2 keyboard as /devices/platform/i8042/serio0/input/input1
[    5.127277] ata1: SATA link up 1.5 Gbps (SStatus 113 SControl 300)
[    5.127377] ata3: SATA link down (SStatus 0 SControl 300)
[    5.129611] ata1.00: ACPI cmd ef/02:00:00:00:00:a0 (SET FEATURES) succeeded
[    5.129614] ata1.00: ACPI cmd f5/00:00:00:00:00:a0 (SECURITY FREEZE LOCK) filtered out
[    5.131008] ata1.00: ACPI cmd ef/5f:00:00:00:00:a0 (SET FEATURES) succeeded
[    5.131011] ata1.00: ACPI cmd ef/10:03:00:00:00:a0 (SET FEATURES) filtered out
[    5.132918] ata1.00: ATA-7: ST910021AS, 4.06, max UDMA/100
[    5.133015] ata1.00: 195371568 sectors, multi 16: LBA48 
[    5.135156] ata1.00: ACPI cmd ef/02:00:00:00:00:a0 (SET FEATURES) succeeded
[    5.135159] ata1.00: ACPI cmd f5/00:00:00:00:00:a0 (SECURITY FREEZE LOCK) filtered out
[    5.136553] ata1.00: ACPI cmd ef/5f:00:00:00:00:a0 (SET FEATURES) succeeded
[    5.136555] ata1.00: ACPI cmd ef/10:03:00:00:00:a0 (SET FEATURES) filtered out
[    5.138479] ata1.00: configured for UDMA/100
[    5.149323] scsi 2:0:0:0: Direct-Access     ATA      ST910021AS       4.06 PQ: 0 ANSI: 5
[    5.149595] sd 2:0:0:0: [sda] 195371568 512-byte logical blocks: (100 GB/93.1 GiB)
[    5.149732] sd 2:0:0:0: [sda] Write Protect is off
[    5.149812] sd 2:0:0:0: [sda] Mode Sense: 00 3a 00 00
[    5.149824] sd 2:0:0:0: [sda] Write cache: enabled, read cache: enabled, doesn't support DPO or FUA
[    5.150014]  sda:
[    5.215253] usb 2-1: new high speed USB device using ehci_hcd and address 2
[    5.364643] usb 2-1: New USB device found, idVendor=0e8d, idProduct=1806
[    5.364728] usb 2-1: New USB device strings: Mfr=1, Product=2, SerialNumber=3
[    5.364820] usb 2-1: Product: MT1806 
[    5.364910] usb 2-1: Manufacturer: MediaTek Inc
[    5.364997] usb 2-1: SerialNumber: R8KN6GAC800AEB 
[    5.365129] usb 2-1: configuration #1 chosen from 1 choice
[    5.371559] scsi5 : SCSI emulation for USB Mass Storage devices
[    5.371733] usb-storage: device found at 2
[    5.371735] usb-storage: waiting for device to settle before scanning
[    5.580236] random 0014 0000 0000 277f73c3 42024bb9: add_disk_randomness(8:0) 277f73c3 42024bb9
[    5.580240] random 0014 0000 0000 277f73c3 42024bb9: add_timer_randomness(.. 8388864) with jiffies: 13194768110365409684, cycles: -5251975967638814709
[    5.580242] random 0014 0000 0000 277f73c3 42024bb9: added 11 entropy credits to input
[    5.580247]  sda1 sda2
[    5.580805] random 0025 0000 0000 277f73c3 42024bb9: add_disk_randomness(8:0) 277f73c3 42024bb9
[    5.580809] random 0025 0000 0000 277f73c3 42024bb9: add_timer_randomness(.. 8388864) with jiffies: 13199901927723991444, cycles: -5246842150280232949
[    5.580964] sd 2:0:0:0: [sda] Attached SCSI disk
[    5.581053] random 0025 0000 0000 277f73c3 42024bb9: rand_read_num 6 get_random_bytes(12): sig 000007e9 277f73c3 42024bb9
[    5.581056] random 0025 0000 0000 277f73c3 42024bb9: extract_entropy(.. 12 ..)
[    5.581058] random 0025 0000 0000 277f73c3 42024bb9: going to reseed nonblocking with 96 bits (96 of 0 requested)
[    5.581061] random 0025 0000 0000 277f73c3 42024bb9: extract_entropy(.. 12 ..)
[    5.581063] random 0025 0000 0000 277f73c3 42024bb9: trying to extract 96 bits from input
[    5.581065] random 0025 0000 0000 277f73c3 42024bb9: debiting 0 entropy credits from input
[    5.581067] random 0025 0000 0000 277f73c3 42024bb9: extract_entropy account returned: 0 
[    5.581070] random 0025 0000 0000 277f73c3 42024bb9: urand_change_num 24 xfer_secondary_pool(12): pool_sig 000007e9, data_sig 00000000, bytes_mixed 0 277f73c3 42024bb9
[    5.581073] random 0025 0000 0000 277f73c3 42024bb9: trying to extract 96 bits from nonblocking
[    5.581075] random 0025 0000 0000 277f73c3 42024bb9: debiting 96 entropy credits from nonblocking (unlimited)
[    5.581078] random 0025 0000 0000 277f73c3 42024bb9: extract_entropy account returned: 12 
[    5.581082] random 0025 0000 0000 277f73c3 42024bb9: urand_change_num 25 extract_buf: pool_sig 000007e9, data_sig 00000088, bytes_mixed 20 277f73c3 42024bb9
[    5.581087] random 0025 0000 0000 277f73c3 42024bb9: urand_change_num 26 extract_buf: pool_sig 00000498, data_sig fffffefb, bytes_mixed 20 277f73c3 42024bb9
[    5.581090] RANDOM - __seed init called.
[    5.581091] RANDOM - __seed init called.
[    5.581092] RANDOM - __seed init called.
[    5.581094] RANDOM - __random32 called. Change num 12.  Value: 87f14767	f0d7351	b1e48bd3
[    5.581096] RANDOM - random32_reseed called.  Value: 87f14767	f0d7351	b1e48bd3
[    5.581099] Pid: 1, comm: swapper Not tainted 2.6.32.57 #6
[    5.581179] Call Trace:
[    5.581268]  [<c1923ca4>] ? random32_reseed+0xa0/0xb1
[    5.581349]  [<c1923c04>] ? random32_reseed+0x0/0xb1
[    5.581441]  [<c100111e>] ? do_one_initcall+0x2e/0x180
[    5.581535]  [<c1907265>] ? kernel_init+0xad/0x103
[    5.581620]  [<c19071b8>] ? kernel_init+0x0/0x103
[    5.581700]  [<c1003787>] ? kernel_thread_helper+0x7/0x10
[    5.582222] random 0025 0000 0000 386b4e60 ee4d4880: rand_read_num 7 get_random_bytes(64): sig fffffea5 386b4e60 ee4d4880
[    5.582224] random 0025 0000 0000 386b4e60 ee4d4880: extract_entropy(.. 64 ..)
[    5.582226] random 0025 0000 0000 386b4e60 ee4d4880: going to reseed nonblocking with 512 bits (512 of 0 requested)
[    5.582229] random 0025 0000 0000 386b4e60 ee4d4880: extract_entropy(.. 64 ..)
[    5.582231] random 0025 0000 0000 386b4e60 ee4d4880: trying to extract 512 bits from input
[    5.582233] random 0025 0000 0000 386b4e60 ee4d4880: debiting 0 entropy credits from input
[    5.582235] random 0025 0000 0000 386b4e60 ee4d4880: extract_entropy account returned: 0 
[    5.582238] random 0025 0000 0000 386b4e60 ee4d4880: urand_change_num 27 xfer_secondary_pool(64): pool_sig fffffea5, data_sig 00000000, bytes_mixed 0 386b4e60 ee4d4880
[    5.582241] random 0025 0000 0000 386b4e60 ee4d4880: trying to extract 512 bits from nonblocking
[    5.582243] random 0025 0000 0000 386b4e60 ee4d4880: debiting 512 entropy credits from nonblocking (unlimited)
[    5.582246] random 0025 0000 0000 386b4e60 ee4d4880: extract_entropy account returned: 64 
[    5.582250] random 0025 0000 0000 386b4e60 ee4d4880: urand_change_num 28 extract_buf: pool_sig fffffea5, data_sig 00000173, bytes_mixed 20 386b4e60 ee4d4880
[    5.582255] random 0025 0000 0000 412698f6 0cc8689a: urand_change_num 29 extract_buf: pool_sig 00000122, data_sig ffffff63, bytes_mixed 20 412698f6 0cc8689a
[    5.582261] random 0025 0000 0000 412698f6 0cc8689a: urand_change_num 30 extract_buf: pool_sig 000001f7, data_sig 00000012, bytes_mixed 20 412698f6 0cc8689a
[    5.582266] random 0025 0000 0000 9669941e 06f768b1: urand_change_num 31 extract_buf: pool_sig fffffb5b, data_sig 0000003f, bytes_mixed 20 9669941e 06f768b1
[    5.582271] random 0025 0000 0000 98486520 995551f0: urand_change_num 32 extract_buf: pool_sig fffffb39, data_sig 0000000e, bytes_mixed 20 98486520 995551f0
[    5.582276] random 0025 0000 0000 98486520 995551f0: urand_change_num 33 extract_buf: pool_sig fffffd8d, data_sig 000001a6, bytes_mixed 20 98486520 995551f0
[    5.582281] random 0025 0000 0000 61fc8914 d5882ed2: urand_change_num 34 extract_buf: pool_sig fffffa58, data_sig 0000023e, bytes_mixed 20 61fc8914 d5882ed2
[    5.582311] random 0025 0000 0000 61fc8914 d5882ed2: rand_read_num 8 get_random_bytes(64): sig fffff9ee 61fc8914 d5882ed2
[    5.582313] random 0025 0000 0000 61fc8914 d5882ed2: extract_entropy(.. 64 ..)
[    5.582315] random 0025 0000 0000 61fc8914 d5882ed2: going to reseed nonblocking with 512 bits (512 of 0 requested)
[    5.582317] random 0025 0000 0000 61fc8914 d5882ed2: extract_entropy(.. 64 ..)
[    5.582320] random 0025 0000 0000 61fc8914 d5882ed2: trying to extract 512 bits from input
[    5.582322] random 0025 0000 0000 61fc8914 d5882ed2: debiting 0 entropy credits from input
[    5.582324] random 0025 0000 0000 61fc8914 d5882ed2: extract_entropy account returned: 0 
[    5.582327] random 0025 0000 0000 61fc8914 d5882ed2: urand_change_num 35 xfer_secondary_pool(64): pool_sig fffff9ee, data_sig 00000000, bytes_mixed 0 61fc8914 d5882ed2
[    5.582330] random 0025 0000 0000 61fc8914 d5882ed2: trying to extract 512 bits from nonblocking
[    5.582332] random 0025 0000 0000 61fc8914 d5882ed2: debiting 512 entropy credits from nonblocking (unlimited)
[    5.582334] random 0025 0000 0000 61fc8914 d5882ed2: extract_entropy account returned: 64 
[    5.582338] random 0025 0000 0000 61fc8914 d5882ed2: urand_change_num 36 extract_buf: pool_sig fffff9ee, data_sig ffffff85, bytes_mixed 20 61fc8914 d5882ed2
[    5.582344] random 0025 0000 0000 70cfd302 e5edec11: urand_change_num 37 extract_buf: pool_sig fffffdc1, data_sig ffffffde, bytes_mixed 20 70cfd302 e5edec11
[    5.582349] random 0025 0000 0000 00dab838 eafd2b30: urand_change_num 38 extract_buf: pool_sig 000003da, data_sig ffffff61, bytes_mixed 20 00dab838 eafd2b30
[    5.582354] random 0025 0000 0000 00dab838 eafd2b30: urand_change_num 39 extract_buf: pool_sig 00000314, data_sig 00000121, bytes_mixed 20 00dab838 eafd2b30
[    5.582360] random 0025 0000 0000 5fcdf66a 6442b608: urand_change_num 40 extract_buf: pool_sig 0000028b, data_sig fffffefd, bytes_mixed 20 5fcdf66a 6442b608
[    5.582365] random 0025 0000 0000 61333f6b 8fae0f9b: urand_change_num 41 extract_buf: pool_sig 000000cb, data_sig 000000b3, bytes_mixed 20 61333f6b 8fae0f9b
[    5.582370] random 0025 0000 0000 61333f6b 8fae0f9b: urand_change_num 42 extract_buf: pool_sig fffffef8, data_sig 00000051, bytes_mixed 20 61333f6b 8fae0f9b
[    5.582373] BEGIN NET_SECRET:
[    5.582374] \xffffffe0
[    5.582375] \xffffffb6
[    5.582376] \x36
[    5.582376] \xffffffb5
[    5.582377] \xffffff94
[    5.582378] \xffffffb2
[    5.582379] \xffffffa8
[    5.582380] \xffffffda
[    5.582381] \x5b
[    5.582381] \x19
[    5.582382] \x18
[    5.582383] \x5c
[    5.582383] \x2b
[    5.582384] \x1
[    5.582385] \xffffff90
[    5.582386] \x19
[    5.582387] \x3c
[    5.582387] \xfffffff2
[    5.582388] \xffffff82
[    5.582389] \x2a
[    5.582390] \xffffffb3
[    5.582391] \xffffffa2
[    5.582391] \x3f
[    5.582392] \x5
[    5.582393] \x52
[    5.582394] \x77
[    5.582394] \x57
[    5.582395] \x79
[    5.582396] \x16
[    5.582396] \x43
[    5.582397] \xffffff84
[    5.582398] \xffffffc3
[    5.582399] \xffffffe9
[    5.582400] \x79
[    5.582400] \x50
[    5.582401] \xffffff8e
[    5.582402] \x3f
[    5.582403] \xfffffff3
[    5.582404] \x19
[    5.582404] \x2a
[    5.582405] \xfffffffd
[    5.582406] \xfffffffb
[    5.582407] \x62
[    5.582408] \x3c
[    5.582408] \xffffffac
[    5.582409] \x1c
[    5.582410] \x3b
[    5.582411] \x3b
[    5.582411] \x15
[    5.582412] \x27
[    5.582413] \xffffffa8
[    5.582414] \x22
[    5.582414] \xffffffc5
[    5.582415] \xffffff9a
[    5.582416] \x5
[    5.582417] \x6c
[    5.582418] \xffffffa8
[    5.582418] \x3a
[    5.582419] \x44
[    5.582420] \xffffffaf
[    5.582421] \x13
[    5.582421] \xffffffe0
[    5.582422] \xffffff9d
[    5.582423] \x22
[    5.582424] 
[    5.582424] END NET_SECRET
[    5.582427] random 0025 0000 0000 e7f555d9 e8ce5c3c: rand_read_num 9 get_random_bytes(4): sig 0000068c e7f555d9 e8ce5c3c
[    5.582429] random 0025 0000 0000 e7f555d9 e8ce5c3c: extract_entropy(.. 4 ..)
[    5.582432] random 0025 0000 0000 e7f555d9 e8ce5c3c: going to reseed nonblocking with 64 bits (32 of 0 requested)
[    5.582434] random 0025 0000 0000 e7f555d9 e8ce5c3c: extract_entropy(.. 8 ..)
[    5.582436] random 0025 0000 0000 e7f555d9 e8ce5c3c: trying to extract 64 bits from input
[    5.582438] random 0025 0000 0000 e7f555d9 e8ce5c3c: debiting 0 entropy credits from input
[    5.582440] random 0025 0000 0000 e7f555d9 e8ce5c3c: extract_entropy account returned: 0 
[    5.582443] random 0025 0000 0000 e7f555d9 e8ce5c3c: urand_change_num 43 xfer_secondary_pool(4): pool_sig 0000068c, data_sig 00000000, bytes_mixed 0 e7f555d9 e8ce5c3c
[    5.582446] random 0025 0000 0000 e7f555d9 e8ce5c3c: trying to extract 32 bits from nonblocking
[    5.582449] random 0025 0000 0000 e7f555d9 e8ce5c3c: debiting 32 entropy credits from nonblocking (unlimited)
[    5.582451] random 0025 0000 0000 e7f555d9 e8ce5c3c: extract_entropy account returned: 4 
[    5.582455] random 0025 0000 0000 e7f555d9 e8ce5c3c: urand_change_num 44 extract_buf: pool_sig 0000068c, data_sig fffffdcb, bytes_mixed 20 e7f555d9 e8ce5c3c
[    5.582466] md: Waiting for all devices to be available before autodetect
[    5.582551] md: If you don't use raid, use raid=noautodetect
[    5.582706] md: Autodetecting RAID arrays.
[    5.582796] md: Scanned 0 and added 0 devices.
[    5.582873] md: autorun ...
[    5.582955] md: ... autorun DONE.
[    5.596441] random 0025 0000 0000 e7f555d9 e8ce5c3c: add_disk_randomness(8:0) e7f555d9 e8ce5c3c
[    5.596445] random 0025 0000 0000 e7f555d9 e8ce5c3c: add_timer_randomness(.. 8388864) with jiffies: 13340580927214682532, cycles: -5106163150789541877
[    5.596448] random 0025 0000 0000 e7f555d9 e8ce5c3c: added 4 entropy credits to input
[    5.597566] random 0029 0000 0000 e7f555d9 e8ce5c3c: add_disk_randomness(8:0) e7f555d9 e8ce5c3c
[    5.597569] random 0029 0000 0000 e7f555d9 e8ce5c3c: add_timer_randomness(.. 8388864) with jiffies: 13350697391967928741, cycles: -5096046686036295669
[    5.597683] random 0029 0000 0000 e7f555d9 e8ce5c3c: add_disk_randomness(8:0) e7f555d9 e8ce5c3c
[    5.597686] random 0029 0000 0000 e7f555d9 e8ce5c3c: add_timer_randomness(.. 8388864) with jiffies: 13351752893065822629, cycles: -5094991184938401781
[    5.597691] EXT3-fs: sda2: couldn't mount because of unsupported optional features (240).
[    5.597907] random 0029 0000 0000 e7f555d9 e8ce5c3c: add_disk_randomness(8:0) e7f555d9 e8ce5c3c
[    5.597910] random 0029 0000 0000 e7f555d9 e8ce5c3c: add_timer_randomness(.. 8388864) with jiffies: 13353774731740545445, cycles: -5092969346263678965
[    5.597915] EXT2-fs: sda2: couldn't mount because of unsupported optional features (240).
[    5.598128] random 0029 0000 0000 e7f555d9 e8ce5c3c: add_disk_randomness(8:0) e7f555d9 e8ce5c3c
[    5.598132] random 0029 0000 0000 e7f555d9 e8ce5c3c: add_timer_randomness(.. 8388864) with jiffies: 13355770280920449445, cycles: -5090973797083774965
[    5.598265] random 0029 0000 0000 e7f555d9 e8ce5c3c: add_disk_randomness(8:0) e7f555d9 e8ce5c3c
[    5.598268] random 0029 0000 0000 e7f555d9 e8ce5c3c: add_timer_randomness(.. 8388864) with jiffies: 13356986551234167206, cycles: -5089757526770057205
[    5.598393] random 0029 0000 0000 e7f555d9 e8ce5c3c: add_disk_randomness(8:0) e7f555d9 e8ce5c3c
[    5.598396] random 0029 0000 0000 e7f555d9 e8ce5c3c: add_timer_randomness(.. 8388864) with jiffies: 13358134815035720102, cycles: -5088609262968504309
[    5.598546] random 0029 0000 0000 e7f555d9 e8ce5c3c: add_disk_randomness(8:0) e7f555d9 e8ce5c3c
[    5.598549] random 0029 0000 0000 e7f555d9 e8ce5c3c: add_timer_randomness(.. 8388864) with jiffies: 13359521148874490278, cycles: -5087222929129734133
[    5.598672] random 0029 0000 0000 e7f555d9 e8ce5c3c: add_disk_randomness(8:0) e7f555d9 e8ce5c3c
[    5.598675] random 0029 0000 0000 e7f555d9 e8ce5c3c: add_timer_randomness(.. 8388864) with jiffies: 13360654032398156198, cycles: -5086090045606068213
[    5.598787] random 0029 0000 0000 e7f555d9 e8ce5c3c: add_disk_randomness(8:0) e7f555d9 e8ce5c3c
[    5.598790] random 0029 0000 0000 e7f555d9 e8ce5c3c: add_timer_randomness(.. 8388864) with jiffies: 13361693070886404518, cycles: -5085051007117819893
[    5.598900] random 0029 0000 0000 e7f555d9 e8ce5c3c: add_disk_randomness(8:0) e7f555d9 e8ce5c3c
[    5.598903] random 0029 0000 0000 e7f555d9 e8ce5c3c: add_timer_randomness(.. 8388864) with jiffies: 13362709921573601702, cycles: -5084034156430622709
[    5.599015] random 0029 0000 0000 e7f555d9 e8ce5c3c: add_disk_randomness(8:0) e7f555d9 e8ce5c3c
[    5.599018] random 0029 0000 0000 e7f555d9 e8ce5c3c: add_timer_randomness(.. 8388864) with jiffies: 13363744046619263398, cycles: -5083000031384961013
[    5.599257] random 0029 0000 0000 e7f555d9 e8ce5c3c: rand_read_num 10 get_random_bytes(4): sig ffffff72 e7f555d9 e8ce5c3c
[    5.599260] random 0029 0000 0000 e7f555d9 e8ce5c3c: extract_entropy(.. 4 ..)
[    5.599262] random 0029 0000 0000 e7f555d9 e8ce5c3c: going to reseed nonblocking with 64 bits (32 of 0 requested)
[    5.599264] random 0029 0000 0000 e7f555d9 e8ce5c3c: extract_entropy(.. 8 ..)
[    5.599266] random 0029 0000 0000 e7f555d9 e8ce5c3c: trying to extract 64 bits from input
[    5.599269] random 0029 0000 0000 e7f555d9 e8ce5c3c: debiting 0 entropy credits from input
[    5.599271] random 0029 0000 0000 e7f555d9 e8ce5c3c: extract_entropy account returned: 0 
[    5.599274] random 0029 0000 0000 e7f555d9 e8ce5c3c: urand_change_num 45 xfer_secondary_pool(4): pool_sig ffffff72, data_sig 00000000, bytes_mixed 0 e7f555d9 e8ce5c3c
[    5.599277] random 0029 0000 0000 e7f555d9 e8ce5c3c: trying to extract 32 bits from nonblocking
[    5.599279] random 0029 0000 0000 e7f555d9 e8ce5c3c: debiting 32 entropy credits from nonblocking (unlimited)
[    5.599281] random 0029 0000 0000 e7f555d9 e8ce5c3c: extract_entropy account returned: 4 
[    5.599285] random 0029 0000 0000 e7f555d9 e8ce5c3c: urand_change_num 46 extract_buf: pool_sig ffffff72, data_sig ffffff72, bytes_mixed 20 e7f555d9 e8ce5c3c
[    5.610891] random 0029 0000 0000 91716c54 eeb6a1e7: add_disk_randomness(8:0) 91716c54 eeb6a1e7
[    5.610894] random 0029 0000 0000 91716c54 eeb6a1e7: add_timer_randomness(.. 8388864) with jiffies: 13470593594469089714, cycles: -4976150483535134709
[    5.610896] random 0029 0000 0000 91716c54 eeb6a1e7: added 3 entropy credits to input
[    5.629166] random 0032 0000 0000 91716c54 eeb6a1e7: add_disk_randomness(8:0) 91716c54 eeb6a1e7
[    5.629169] random 0032 0000 0000 91716c54 eeb6a1e7: add_timer_randomness(.. 8388864) with jiffies: 13635028921362383300, cycles: -4811715156641841141
[    5.629172] random 0032 0000 0000 91716c54 eeb6a1e7: added 2 entropy credits to input
[    5.633915] EXT4-fs (sda2): mounted filesystem with ordered data mode
[    5.634098] VFS: Mounted root (ext4 filesystem) readonly on device 8:2.
[    5.634202] Freeing unused kernel memory: 448k freed
[    5.654316] random 0034 0000 0000 91716c54 eeb6a1e7: add_disk_randomness(8:0) 91716c54 eeb6a1e7
[    5.654319] random 0034 0000 0000 91716c54 eeb6a1e7: add_timer_randomness(.. 8388864) with jiffies: 13861299214538736094, cycles: -4585444863465488373
[    5.654322] random 0034 0000 0000 91716c54 eeb6a1e7: added 1 entropy credits to input
[    5.655045] random 0035 0000 0000 91716c54 eeb6a1e7: add_disk_randomness(8:0) 91716c54 eeb6a1e7
[    5.655048] random 0035 0000 0000 91716c54 eeb6a1e7: add_timer_randomness(.. 8388864) with jiffies: 13867876003469820382, cycles: -4578868074534404085
[    5.659770] random 0035 0000 0000 91716c54 eeb6a1e7: add_disk_randomness(8:0) 91716c54 eeb6a1e7
[    5.659773] random 0035 0000 0000 91716c54 eeb6a1e7: add_timer_randomness(.. 8388864) with jiffies: 13910376964016538083, cycles: -4536367113987686389
[    5.659775] random 0035 0000 0000 91716c54 eeb6a1e7: added 2 entropy credits to input
[    5.667973] random 0037 0000 0000 91716c54 eeb6a1e7: add_disk_randomness(8:0) 91716c54 eeb6a1e7
[    5.667976] random 0037 0000 0000 91716c54 eeb6a1e7: add_timer_randomness(.. 8388864) with jiffies: 13984191989952512491, cycles: -4462552088051711989
[    5.667979] random 0037 0000 0000 91716c54 eeb6a1e7: added 1 entropy credits to input
[    5.671395] random 0038 0000 0000 91716c54 eeb6a1e7: add_disk_randomness(8:0) 91716c54 eeb6a1e7
[    5.671398] random 0038 0000 0000 91716c54 eeb6a1e7: add_timer_randomness(.. 8388864) with jiffies: 14014972826562036207, cycles: -4431771251442188277
[    5.671401] random 0038 0000 0000 91716c54 eeb6a1e7: added 2 entropy credits to input
[    5.680286] random 0040 0000 0000 91716c54 eeb6a1e7: add_disk_randomness(8:0) 91716c54 eeb6a1e7
[    5.680289] random 0040 0000 0000 91716c54 eeb6a1e7: add_timer_randomness(.. 8388864) with jiffies: 14094966613924872696, cycles: -4351777464079351797
[    5.680292] random 0040 0000 0000 91716c54 eeb6a1e7: added 2 entropy credits to input
[    5.693601] random 0042 0000 0000 91716c54 eeb6a1e7: add_disk_randomness(8:0) 91716c54 eeb6a1e7
[    5.693604] random 0042 0000 0000 91716c54 eeb6a1e7: add_timer_randomness(.. 8388864) with jiffies: 14214773030134710789, cycles: -4231971047869513717
[    5.701645] random 0042 0000 0000 91716c54 eeb6a1e7: add_disk_randomness(8:0) 91716c54 eeb6a1e7
[    5.701648] random 0042 0000 0000 91716c54 eeb6a1e7: add_timer_randomness(.. 8388864) with jiffies: 14287145668613734925, cycles: -4159598409390489589
[    5.701650] random 0042 0000 0000 91716c54 eeb6a1e7: added 2 entropy credits to input
[    5.701673] RANDOM get_random_int call with cycles 50571179946, jiffies 4294672909 and pid 1
[    5.701676] RANDOM get_random_int call with cycles 50571187117, jiffies 4294672909 and pid 1
[    5.701678] ASLR stack rand value: 5963776 after shift for pid: 1
[    5.701680] RANDOM get_random_int call with cycles 50571194971, jiffies 4294672909 and pid 1
[    5.713289] random 0044 0000 0000 91716c54 eeb6a1e7: add_disk_randomness(8:0) 91716c54 eeb6a1e7
[    5.713292] random 0044 0000 0000 91716c54 eeb6a1e7: add_timer_randomness(.. 8388864) with jiffies: 14391909923942007321, cycles: -4054834154062217205
[    5.713295] random 0044 0000 0000 91716c54 eeb6a1e7: added 2 entropy credits to input
[    5.713305] RANDOM get_random_int call with cycles 50595546802, jiffies 4294672921 and pid 1
[    5.713311] random 0046 0000 0000 91716c54 eeb6a1e7: rand_read_num 11 get_random_bytes(16): sig fffffcad 91716c54 eeb6a1e7
[    5.713313] random 0046 0000 0000 91716c54 eeb6a1e7: extract_entropy(.. 16 ..)
[    5.713316] random 0046 0000 0000 91716c54 eeb6a1e7: going to reseed nonblocking with 128 bits (128 of 0 requested)
[    5.713318] random 0046 0000 0000 91716c54 eeb6a1e7: extract_entropy(.. 16 ..)
[    5.713320] random 0046 0000 0000 91716c54 eeb6a1e7: trying to extract 128 bits from input
[    5.713322] random 0046 0000 0000 91716c54 eeb6a1e7: debiting 0 entropy credits from input
[    5.713324] random 0046 0000 0000 91716c54 eeb6a1e7: extract_entropy account returned: 0 
[    5.713328] random 0046 0000 0000 91716c54 eeb6a1e7: urand_change_num 47 xfer_secondary_pool(16): pool_sig fffffcad, data_sig 00000000, bytes_mixed 0 91716c54 eeb6a1e7
[    5.713331] random 0046 0000 0000 91716c54 eeb6a1e7: trying to extract 128 bits from nonblocking
[    5.713333] random 0046 0000 0000 91716c54 eeb6a1e7: debiting 128 entropy credits from nonblocking (unlimited)
[    5.713335] random 0046 0000 0000 91716c54 eeb6a1e7: extract_entropy account returned: 16 
[    5.713340] random 0046 0000 0000 91716c54 eeb6a1e7: urand_change_num 48 extract_buf: pool_sig fffffcad, data_sig ffffff19, bytes_mixed 20 91716c54 eeb6a1e7
[    5.713345] random 0046 0000 0000 fd637b06 6cf47bc1: urand_change_num 49 extract_buf: pool_sig fffffede, data_sig ffffffc1, bytes_mixed 20 fd637b06 6cf47bc1
[    5.714297] random 0046 0000 0000 fd637b06 6cf47bc1: add_disk_randomness(8:0) fd637b06 6cf47bc1
[    5.714300] random 0046 0000 0000 fd637b06 6cf47bc1: add_timer_randomness(.. 8388864) with jiffies: 14400981805404226074, cycles: -4045762272599998453
[    5.715438] random 0046 0000 0000 fd637b06 6cf47bc1: add_disk_randomness(8:0) fd637b06 6cf47bc1
[    5.715441] random 0046 0000 0000 fd637b06 6cf47bc1: add_timer_randomness(.. 8388864) with jiffies: 14411247992717410843, cycles: -4035496085286813685
[    5.716589] random 0046 0000 0000 fd637b06 6cf47bc1: add_disk_randomness(8:0) fd637b06 6cf47bc1
[    5.716592] random 0046 0000 0000 fd637b06 6cf47bc1: add_timer_randomness(.. 8388864) with jiffies: 14421604958459363868, cycles: -4025139119544860661
[    5.717474] random 0046 0000 0000 fd637b06 6cf47bc1: add_disk_randomness(8:0) fd637b06 6cf47bc1
[    5.717477] random 0046 0000 0000 fd637b06 6cf47bc1: add_timer_randomness(.. 8388864) with jiffies: 14429562622325785117, cycles: -4017181455678439413
[    5.717651] random 0046 0000 0000 fd637b06 6cf47bc1: add_disk_randomness(8:0) fd637b06 6cf47bc1
[    5.717654] random 0046 0000 0000 fd637b06 6cf47bc1: add_timer_randomness(.. 8388864) with jiffies: 14431165151933334045, cycles: -4015578926070890485
[    5.717870] random 0046 0000 0000 fd637b06 6cf47bc1: add_disk_randomness(8:0) fd637b06 6cf47bc1
[    5.717873] random 0046 0000 0000 fd637b06 6cf47bc1: add_timer_randomness(.. 8388864) with jiffies: 14433133685768946205, cycles: -4013610392235278325
[    5.728350] random 0046 0000 0000 fd637b06 6cf47bc1: add_disk_randomness(8:0) fd637b06 6cf47bc1
[    5.728353] random 0046 0000 0000 fd637b06 6cf47bc1: add_timer_randomness(.. 8388864) with jiffies: 14527424762130170408, cycles: -3919319315874054133
[    5.728356] random 0046 0000 0000 fd637b06 6cf47bc1: added 3 entropy credits to input
[    5.728788] random 0049 0000 0000 fd637b06 6cf47bc1: add_disk_randomness(8:0) fd637b06 6cf47bc1
[    5.728791] random 0049 0000 0000 fd637b06 6cf47bc1: add_timer_randomness(.. 8388864) with jiffies: 14531369230030045736, cycles: -3915374847974178805
[    5.738527] random 0049 0000 0000 fd637b06 6cf47bc1: add_disk_randomness(8:0) fd637b06 6cf47bc1
[    5.738531] random 0049 0000 0000 fd637b06 6cf47bc1: add_timer_randomness(.. 8388864) with jiffies: 14618995754098459186, cycles: -3827748323905765365
[    5.738533] random 0049 0000 0000 fd637b06 6cf47bc1: added 3 entropy credits to input
[    5.738586] RANDOM get_random_int call with cycles 50648508393, jiffies 4294672946 and pid 1
[    5.743298] random 0052 0000 0000 fd637b06 6cf47bc1: add_disk_randomness(8:0) fd637b06 6cf47bc1
[    5.743302] random 0052 0000 0000 fd637b06 6cf47bc1: add_timer_randomness(.. 8388864) with jiffies: 14661918506203447863, cycles: -3784825571800776693
[    5.743305] random 0052 0000 0000 fd637b06 6cf47bc1: added 2 entropy credits to input
[    5.755960] random 0054 0000 0000 fd637b06 6cf47bc1: add_disk_randomness(8:0) fd637b06 6cf47bc1
[    5.755963] random 0054 0000 0000 fd637b06 6cf47bc1: add_timer_randomness(.. 8388864) with jiffies: 14775849845239022147, cycles: -3670894232765202421
[    5.755966] random 0054 0000 0000 fd637b06 6cf47bc1: added 2 entropy credits to input
[    5.756103] random 0056 0000 0000 fd637b06 6cf47bc1: add_disk_randomness(8:0) fd637b06 6cf47bc1
[    5.756106] random 0056 0000 0000 fd637b06 6cf47bc1: add_timer_randomness(.. 8388864) with jiffies: 14777137321815540291, cycles: -3669606756188684277
[    5.758262] random 0056 0000 0000 fd637b06 6cf47bc1: add_disk_randomness(8:0) fd637b06 6cf47bc1
[    5.758266] random 0056 0000 0000 fd637b06 6cf47bc1: add_timer_randomness(.. 8388864) with jiffies: 14796556518228197958, cycles: -3650187559776026613
[    5.758268] random 0056 0000 0000 fd637b06 6cf47bc1: added 1 entropy credits to input
[    5.758510] random 0057 0000 0000 fd637b06 6cf47bc1: add_disk_randomness(8:0) fd637b06 6cf47bc1
[    5.758513] random 0057 0000 0000 fd637b06 6cf47bc1: add_timer_randomness(.. 8388864) with jiffies: 14798787882587488838, cycles: -3647956195416735733
[    5.758687] random 0057 0000 0000 fd637b06 6cf47bc1: add_disk_randomness(8:0) fd637b06 6cf47bc1
[    5.758691] random 0057 0000 0000 fd637b06 6cf47bc1: add_timer_randomness(.. 8388864) with jiffies: 14800386035623363142, cycles: -3646358042380861429
[    5.761816] random 0057 0000 0000 fd637b06 6cf47bc1: add_disk_randomness(8:0) fd637b06 6cf47bc1
[    5.761819] random 0057 0000 0000 fd637b06 6cf47bc1: add_timer_randomness(.. 8388864) with jiffies: 14828534821784617545, cycles: -3618209256219607029
[    5.761822] random 0057 0000 0000 fd637b06 6cf47bc1: added 1 entropy credits to input
[    5.763830] random 0058 0000 0000 fd637b06 6cf47bc1: add_disk_randomness(8:0) fd637b06 6cf47bc1
[    5.763833] random 0058 0000 0000 fd637b06 6cf47bc1: add_timer_randomness(.. 8388864) with jiffies: 14846656122030096971, cycles: -3600087955974127605
[    5.771660] random 0058 0000 0000 fd637b06 6cf47bc1: add_disk_randomness(8:0) fd637b06 6cf47bc1
[    5.771663] random 0058 0000 0000 fd637b06 6cf47bc1: add_timer_randomness(.. 8388864) with jiffies: 14917106315967562323, cycles: -3529637762036662261
[    5.771666] random 0058 0000 0000 fd637b06 6cf47bc1: added 2 entropy credits to input
[    5.771796] random 0060 0000 0000 fd637b06 6cf47bc1: add_disk_randomness(8:0) fd637b06 6cf47bc1
[    5.771799] random 0060 0000 0000 fd637b06 6cf47bc1: add_timer_randomness(.. 8388864) with jiffies: 14918331378079334995, cycles: -3528412699924889589
[    5.775358] random 0060 0000 0000 fd637b06 6cf47bc1: add_disk_randomness(8:0) fd637b06 6cf47bc1
[    5.775361] random 0060 0000 0000 fd637b06 6cf47bc1: add_timer_randomness(.. 8388864) with jiffies: 14950374849174536791, cycles: -3496369228829687797
[    5.775364] random 0060 0000 0000 fd637b06 6cf47bc1: added 2 entropy credits to input
[    5.779854] random 0062 0000 0000 fd637b06 6cf47bc1: add_disk_randomness(8:0) fd637b06 6cf47bc1
[    5.779857] random 0062 0000 0000 fd637b06 6cf47bc1: add_timer_randomness(.. 8388864) with jiffies: 14990835159089775195, cycles: -3455908918914449397
[    5.785431] random 0062 0000 0000 fd637b06 6cf47bc1: add_disk_randomness(8:0) fd637b06 6cf47bc1
[    5.785434] random 0062 0000 0000 fd637b06 6cf47bc1: add_timer_randomness(.. 8388864) with jiffies: 15041008090868318817, cycles: -3405735987135905781
[    5.785437] random 0062 0000 0000 fd637b06 6cf47bc1: added 1 entropy credits to input
[    5.791707] random 0063 0000 0000 fd637b06 6cf47bc1: add_disk_randomness(8:0) fd637b06 6cf47bc1
[    5.791710] random 0063 0000 0000 fd637b06 6cf47bc1: add_timer_randomness(.. 8388864) with jiffies: 15097480601503760999, cycles: -3349263476500463605
[    5.791721] random 0063 0000 0000 fd637b06 6cf47bc1: rand_read_num 12 get_random_bytes(16): sig 0000033b fd637b06 6cf47bc1
[    5.791723] random 0063 0000 0000 fd637b06 6cf47bc1: extract_entropy(.. 16 ..)
[    5.791726] random 0063 0000 0000 fd637b06 6cf47bc1: going to reseed nonblocking with 128 bits (128 of 0 requested)
[    5.791728] random 0063 0000 0000 fd637b06 6cf47bc1: extract_entropy(.. 16 ..)
[    5.791730] random 0063 0000 0000 fd637b06 6cf47bc1: trying to extract 128 bits from input
[    5.791732] random 0063 0000 0000 fd637b06 6cf47bc1: debiting 0 entropy credits from input
[    5.791734] random 0063 0000 0000 fd637b06 6cf47bc1: extract_entropy account returned: 0 
[    5.791737] random 0063 0000 0000 fd637b06 6cf47bc1: urand_change_num 50 xfer_secondary_pool(16): pool_sig 0000033b, data_sig 00000000, bytes_mixed 0 fd637b06 6cf47bc1
[    5.791740] random 0063 0000 0000 fd637b06 6cf47bc1: trying to extract 128 bits from nonblocking
[    5.791743] random 0063 0000 0000 fd637b06 6cf47bc1: debiting 128 entropy credits from nonblocking (unlimited)
[    5.791745] random 0063 0000 0000 fd637b06 6cf47bc1: extract_entropy account returned: 16 
[    5.791749] random 0063 0000 0000 fd637b06 6cf47bc1: urand_change_num 51 extract_buf: pool_sig 0000033b, data_sig 000000d8, bytes_mixed 20 fd637b06 6cf47bc1
[    5.791755] random 0063 0000 0000 0ec1f012 d4727ca8: urand_change_num 52 extract_buf: pool_sig fffffcf5, data_sig 00000016, bytes_mixed 20 0ec1f012 d4727ca8
[    5.798453] random 0063 0000 0000 45b1d0b1 845a73f7: add_disk_randomness(8:0) 45b1d0b1 845a73f7
[    5.798456] random 0063 0000 0000 45b1d0b1 845a73f7: add_timer_randomness(.. 8388864) with jiffies: 15158172354866807406, cycles: -3288571723137417205
[    5.805682] random 0063 0000 0000 45b1d0b1 845a73f7: add_disk_randomness(8:0) 45b1d0b1 845a73f7
[    5.805685] random 0063 0000 0000 45b1d0b1 845a73f7: add_timer_randomness(.. 8388864) with jiffies: 15223219862197994101, cycles: -3223524215806230517
[    5.813696] random 0063 0000 0000 45b1d0b1 845a73f7: add_disk_randomness(8:0) 45b1d0b1 845a73f7
[    5.813699] random 0063 0000 0000 45b1d0b1 845a73f7: add_timer_randomness(.. 8388864) with jiffies: 15295321376571490941, cycles: -3151422701432733685
[    5.823101] random 0063 0000 0000 45b1d0b1 845a73f7: add_disk_randomness(8:0) 45b1d0b1 845a73f7
[    5.823105] random 0063 0000 0000 45b1d0b1 845a73f7: add_timer_randomness(.. 8388864) with jiffies: 15379955210377724550, cycles: -3066788867626500085
[    5.826239] random 0063 0000 0000 45b1d0b1 845a73f7: add_disk_randomness(8:0) 45b1d0b1 845a73f7
[    5.826243] random 0063 0000 0000 45b1d0b1 845a73f7: add_timer_randomness(.. 8388864) with jiffies: 15408175971600925322, cycles: -3038568106403299317
[    5.826245] random 0063 0000 0000 45b1d0b1 845a73f7: added 2 entropy credits to input
[    5.840510] random 0065 0000 0000 45b1d0b1 845a73f7: add_disk_randomness(8:0) 45b1d0b1 845a73f7
[    5.840513] random 0065 0000 0000 45b1d0b1 845a73f7: add_timer_randomness(.. 8388864) with jiffies: 15536578850753053336, cycles: -2910165227251171317
[    5.840516] random 0065 0000 0000 45b1d0b1 845a73f7: added 3 entropy credits to input
[    5.845906] random 0068 0000 0000 45b1d0b1 845a73f7: add_disk_randomness(8:0) 45b1d0b1 845a73f7
[    5.845909] random 0068 0000 0000 45b1d0b1 845a73f7: add_timer_randomness(.. 8388864) with jiffies: 15585135680827392669, cycles: -2861608397176831989
[    5.845912] random 0068 0000 0000 45b1d0b1 845a73f7: added 2 entropy credits to input
[    5.851075] random 0070 0000 0000 45b1d0b1 845a73f7: add_disk_randomness(8:0) 45b1d0b1 845a73f7
[    5.851078] random 0070 0000 0000 45b1d0b1 845a73f7: add_timer_randomness(.. 8388864) with jiffies: 15631647402094199458, cycles: -2815096675910025205
[    5.859308] random 0070 0000 0000 45b1d0b1 845a73f7: add_disk_randomness(8:0) 45b1d0b1 845a73f7
[    5.859311] random 0070 0000 0000 45b1d0b1 845a73f7: add_timer_randomness(.. 8388864) with jiffies: 15705711587672949419, cycles: -2741032490331275253
[    5.859314] random 0070 0000 0000 45b1d0b1 845a73f7: added 2 entropy credits to input
[    5.868909] random 0072 0000 0000 45b1d0b1 845a73f7: add_disk_randomness(8:0) 45b1d0b1 845a73f7
[    5.868912] random 0072 0000 0000 45b1d0b1 845a73f7: add_timer_randomness(.. 8388864) with jiffies: 15792102724528210612, cycles: -2654641353476014069
[    5.888406] random 0072 0000 0000 45b1d0b1 845a73f7: add_disk_randomness(8:0) 45b1d0b1 845a73f7
[    5.888409] random 0072 0000 0000 45b1d0b1 845a73f7: add_timer_randomness(.. 8388864) with jiffies: 15967519930610057928, cycles: -2479224147394166773
[    5.888412] random 0072 0000 0000 45b1d0b1 845a73f7: added 3 entropy credits to input
[    5.901691] random 0075 0000 0000 45b1d0b1 845a73f7: add_disk_randomness(8:0) 45b1d0b1 845a73f7
[    5.901694] random 0075 0000 0000 45b1d0b1 845a73f7: add_timer_randomness(.. 8388864) with jiffies: 16087055218419401429, cycles: -2359688859584823285
[    5.901697] random 0075 0000 0000 45b1d0b1 845a73f7: added 2 entropy credits to input
[    5.909712] random 0077 0000 0000 45b1d0b1 845a73f7: add_disk_randomness(8:0) 45b1d0b1 845a73f7
[    5.909715] random 0077 0000 0000 45b1d0b1 845a73f7: add_timer_randomness(.. 8388864) with jiffies: 16159225598298522333, cycles: -2287518479705702389
[    5.909718] random 0077 0000 0000 45b1d0b1 845a73f7: added 1 entropy credits to input
[    5.919732] random 0078 0000 0000 45b1d0b1 845a73f7: add_disk_randomness(8:0) 45b1d0b1 845a73f7
[    5.919735] random 0078 0000 0000 45b1d0b1 845a73f7: add_timer_randomness(.. 8388864) with jiffies: 16249376528049865447, cycles: -2197367549954359285
[    5.919737] random 0078 0000 0000 45b1d0b1 845a73f7: added 1 entropy credits to input
[    5.932611] random 0079 0000 0000 45b1d0b1 845a73f7: add_disk_randomness(8:0) 45b1d0b1 845a73f7
[    5.932614] random 0079 0000 0000 45b1d0b1 845a73f7: add_timer_randomness(.. 8388864) with jiffies: 16365255475840385780, cycles: -2081488602163838965
[    5.939965] random 0079 0000 0000 45b1d0b1 845a73f7: add_disk_randomness(8:0) 45b1d0b1 845a73f7
[    5.939968] random 0079 0000 0000 45b1d0b1 845a73f7: add_timer_randomness(.. 8388864) with jiffies: 16431430051309519611, cycles: -2015314026694705141
[    5.939971] random 0079 0000 0000 45b1d0b1 845a73f7: added 2 entropy credits to input
[    5.945216] random 0081 0000 0000 45b1d0b1 845a73f7: add_disk_randomness(8:0) 45b1d0b1 845a73f7
[    5.945219] random 0081 0000 0000 45b1d0b1 845a73f7: add_timer_randomness(.. 8388864) with jiffies: 16478662107311342337, cycles: -1968081970692882421
[    5.951651] random 0081 0000 0000 45b1d0b1 845a73f7: add_disk_randomness(8:0) 45b1d0b1 845a73f7
[    5.951654] random 0081 0000 0000 45b1d0b1 845a73f7: add_timer_randomness(.. 8388864) with jiffies: 16536564511343870727, cycles: -1910179566660354037
[    5.956713] random 0081 0000 0000 45b1d0b1 845a73f7: add_disk_randomness(8:0) 45b1d0b1 845a73f7
[    5.956716] random 0081 0000 0000 45b1d0b1 845a73f7: add_timer_randomness(.. 8388864) with jiffies: 16582110698192732940, cycles: -1864633379811491829
[    5.962607] random 0081 0000 0000 45b1d0b1 845a73f7: add_disk_randomness(8:0) 45b1d0b1 845a73f7
[    5.962610] random 0081 0000 0000 45b1d0b1 845a73f7: add_timer_randomness(.. 8388864) with jiffies: 16635143962226295570, cycles: -1811600115777929205
[    5.971960] random 0081 0000 0000 45b1d0b1 845a73f7: add_disk_randomness(8:0) 45b1d0b1 845a73f7
[    5.971963] random 0081 0000 0000 45b1d0b1 845a73f7: add_timer_randomness(.. 8388864) with jiffies: 16719296837004788507, cycles: -1727447240999436277
[    5.971965] random 0081 0000 0000 45b1d0b1 845a73f7: added 1 entropy credits to input
[    5.976836] random 0082 0000 0000 45b1d0b1 845a73f7: add_disk_randomness(8:0) 45b1d0b1 845a73f7
[    5.976839] random 0082 0000 0000 45b1d0b1 845a73f7: add_timer_randomness(.. 8388864) with jiffies: 16763166809787171616, cycles: -1683577268217053173
[    5.976841] random 0082 0000 0000 45b1d0b1 845a73f7: added 2 entropy credits to input
[    5.984272] random 0084 0000 0000 45b1d0b1 845a73f7: add_disk_randomness(8:0) 45b1d0b1 845a73f7
[    5.984275] random 0084 0000 0000 45b1d0b1 845a73f7: add_timer_randomness(.. 8388864) with jiffies: 16830064696403657512, cycles: -1616679381600567285
[    5.984277] random 0084 0000 0000 45b1d0b1 845a73f7: added 1 entropy credits to input
[    5.990487] random 0085 0000 0000 45b1d0b1 845a73f7: add_disk_randomness(8:0) 45b1d0b1 845a73f7
[    5.990489] random 0085 0000 0000 45b1d0b1 845a73f7: add_timer_randomness(.. 8388864) with jiffies: 16885984045316145966, cycles: -1560760032688078837
[    5.990492] random 0085 0000 0000 45b1d0b1 845a73f7: added 1 entropy credits to input
[    5.990644] random 0086 0000 0000 45b1d0b1 845a73f7: add_disk_randomness(8:0) 45b1d0b1 845a73f7
[    5.990647] random 0086 0000 0000 45b1d0b1 845a73f7: add_timer_randomness(.. 8388864) with jiffies: 16887406903556801326, cycles: -1559337174447423477
[    6.005051] random 0086 0000 0000 45b1d0b1 845a73f7: add_disk_randomness(8:0) 45b1d0b1 845a73f7
[    6.005054] random 0086 0000 0000 45b1d0b1 845a73f7: add_timer_randomness(.. 8388864) with jiffies: 17017034217755476796, cycles: -1429709860248748021
[    6.005057] random 0086 0000 0000 45b1d0b1 845a73f7: added 3 entropy credits to input
[    6.012471] random 0089 0000 0000 45b1d0b1 845a73f7: add_disk_randomness(8:0) 45b1d0b1 845a73f7
[    6.012474] random 0089 0000 0000 45b1d0b1 845a73f7: add_timer_randomness(.. 8388864) with jiffies: 17083785585857626948, cycles: -1362958492146597877
[    6.012476] random 0089 0000 0000 45b1d0b1 845a73f7: added 2 entropy credits to input
[    6.022155] random 0091 0000 0000 45b1d0b1 845a73f7: add_disk_randomness(8:0) 45b1d0b1 845a73f7
[    6.022158] random 0091 0000 0000 45b1d0b1 845a73f7: add_timer_randomness(.. 8388864) with jiffies: 17170912210092524366, cycles: -1275831867911700469
[    6.022160] random 0091 0000 0000 45b1d0b1 845a73f7: added 1 entropy credits to input
[    6.032778] random 0092 0000 0000 45b1d0b1 845a73f7: add_disk_randomness(8:0) 45b1d0b1 845a73f7
[    6.032781] random 0092 0000 0000 45b1d0b1 845a73f7: add_timer_randomness(.. 8388864) with jiffies: 17266506229207499608, cycles: -1180237848796725237
[    6.045298] random 0092 0000 0000 45b1d0b1 845a73f7: add_disk_randomness(8:0) 45b1d0b1 845a73f7
[    6.045301] random 0092 0000 0000 45b1d0b1 845a73f7: add_timer_randomness(.. 8388864) with jiffies: 17379148193291010917, cycles: -1067595884713213941
[    6.045304] random 0092 0000 0000 45b1d0b1 845a73f7: added 1 entropy credits to input
[    6.046509] random 0093 0000 0000 45b1d0b1 845a73f7: add_disk_randomness(8:0) 45b1d0b1 845a73f7
[    6.046512] random 0093 0000 0000 45b1d0b1 845a73f7: add_timer_randomness(.. 8388864) with jiffies: 17390040780109480806, cycles: -1056703297894744053
[    6.050522] random 0093 0000 0000 45b1d0b1 845a73f7: add_disk_randomness(8:0) 45b1d0b1 845a73f7
[    6.050525] random 0093 0000 0000 45b1d0b1 845a73f7: add_timer_randomness(.. 8388864) with jiffies: 17426154041955287914, cycles: -1020590036048936949
[    6.050528] random 0093 0000 0000 45b1d0b1 845a73f7: added 1 entropy credits to input
[    6.059862] random 0094 0000 0000 45b1d0b1 845a73f7: add_disk_randomness(8:0) 45b1d0b1 845a73f7
[    6.059865] random 0094 0000 0000 45b1d0b1 845a73f7: add_timer_randomness(.. 8388864) with jiffies: 17510189664126600051, cycles: -936554413877624821
[    6.059867] random 0094 0000 0000 45b1d0b1 845a73f7: added 1 entropy credits to input
[    6.060209] random 0095 0000 0000 45b1d0b1 845a73f7: add_disk_randomness(8:0) 45b1d0b1 845a73f7
[    6.060212] random 0095 0000 0000 45b1d0b1 845a73f7: add_timer_randomness(.. 8388864) with jiffies: 17513303395157115764, cycles: -933440682847109109
[    6.075870] random 0095 0000 0000 45b1d0b1 845a73f7: add_disk_randomness(8:0) 45b1d0b1 845a73f7
[    6.075874] random 0095 0000 0000 45b1d0b1 845a73f7: add_timer_randomness(.. 8388864) with jiffies: 17654229033144779651, cycles: -792515044859445237
[    6.075876] random 0095 0000 0000 45b1d0b1 845a73f7: added 3 entropy credits to input
[    6.077501] random 0098 0000 0000 45b1d0b1 845a73f7: add_disk_randomness(8:0) 45b1d0b1 845a73f7
[    6.077504] random 0098 0000 0000 45b1d0b1 845a73f7: add_timer_randomness(.. 8388864) with jiffies: 17668897334303097733, cycles: -777846743701127157
[    6.077507] random 0098 0000 0000 45b1d0b1 845a73f7: added 1 entropy credits to input
[    6.077659] random 0099 0000 0000 45b1d0b1 845a73f7: add_disk_randomness(8:0) 45b1d0b1 845a73f7
[    6.077662] random 0099 0000 0000 45b1d0b1 845a73f7: add_timer_randomness(.. 8388864) with jiffies: 17670319024312648581, cycles: -776425053691576309
[    6.088524] random 0099 0000 0000 45b1d0b1 845a73f7: add_disk_randomness(8:0) 45b1d0b1 845a73f7
[    6.088527] random 0099 0000 0000 45b1d0b1 845a73f7: add_timer_randomness(.. 8388864) with jiffies: 17768074056222606224, cycles: -678670021781618677
[    6.088530] random 0099 0000 0000 45b1d0b1 845a73f7: added 3 entropy credits to input
[    6.089087] random 0102 0000 0000 45b1d0b1 845a73f7: add_disk_randomness(8:0) 45b1d0b1 845a73f7
[    6.089090] random 0102 0000 0000 45b1d0b1 845a73f7: add_timer_randomness(.. 8388864) with jiffies: 17773143427596911504, cycles: -673600650407313397
[    6.094318] random 0102 0000 0000 45b1d0b1 845a73f7: add_disk_randomness(8:0) 45b1d0b1 845a73f7
[    6.094321] random 0102 0000 0000 45b1d0b1 845a73f7: add_timer_randomness(.. 8388864) with jiffies: 17820200188803515286, cycles: -626543889200709621
[    6.094324] random 0102 0000 0000 45b1d0b1 845a73f7: added 2 entropy credits to input
[    6.096075] random 0104 0000 0000 45b1d0b1 845a73f7: add_disk_randomness(8:0) 45b1d0b1 845a73f7
[    6.096078] random 0104 0000 0000 45b1d0b1 845a73f7: add_timer_randomness(.. 8388864) with jiffies: 17836019459592782743, cycles: -610724618411442165
[    6.106308] random 0104 0000 0000 45b1d0b1 845a73f7: add_disk_randomness(8:0) 45b1d0b1 845a73f7
