[    0.000000] random 0000 0000 0000 00000000 00000000: rand_read_num 1 get_random_bytes(8): sig 00000000 00000000 00000000
[    0.000000] random 0000 0000 0000 00000000 00000000: extract_entropy(.. 8 ..)
[    0.000000] random 0000 0000 0000 00000000 00000000: going to reseed nonblocking with 64 bits (64 of 0 requested)
[    0.000000] random 0000 0000 0000 00000000 00000000: extract_entropy(.. 8 ..)
[    0.000000] random 0000 0000 0000 00000000 00000000: trying to extract 64 bits from input
[    0.000000] random 0000 0000 0000 00000000 00000000: debiting 0 entropy credits from input
[    0.000000] random 0000 0000 0000 00000000 00000000: extract_entropy account returned: 0 
[    0.000000] random 0000 0000 0000 00000000 00000000: urand_change_num 1 xfer_secondary_pool(8): pool_sig 00000000, data_sig 00000000, bytes_mixed 0 00000000 00000000
[    0.000000] random 0000 0000 0000 00000000 00000000: trying to extract 64 bits from nonblocking
[    0.000000] random 0000 0000 0000 00000000 00000000: debiting 64 entropy credits from nonblocking (unlimited)
[    0.000000] random 0000 0000 0000 00000000 00000000: extract_entropy account returned: 8 
[    0.000000] random 0000 0000 0000 00000000 00000000: urand_change_num 2 extract_buf: pool_sig 00000000, data_sig fffffff9, bytes_mixed 20 00000000 00000000
[    0.000000] Linux version 2.6.32.57 (dcashman@dcashman-02) (gcc version 4.3.3 (GCC) ) #6 Thu May 30 09:02:12 PDT 2013
[    0.000000] KERNEL supported cpus:
[    0.000000]   Intel GenuineIntel
[    0.000000]   AMD AuthenticAMD
[    0.000000]   NSC Geode by NSC
[    0.000000]   Cyrix CyrixInstead
[    0.000000]   Centaur CentaurHauls
[    0.000000]   Transmeta GenuineTMx86
[    0.000000]   Transmeta TransmetaCPU
[    0.000000]   UMC UMC UMC UMC
[    0.000000] BIOS-provided physical RAM map:
[    0.000000]  BIOS-e820: 0000000000000000 - 000000000009d800 (usable)
[    0.000000]  BIOS-e820: 000000000009d800 - 00000000000a0000 (reserved)
[    0.000000]  BIOS-e820: 00000000000d2000 - 00000000000d4000 (reserved)
[    0.000000]  BIOS-e820: 00000000000e0000 - 0000000000100000 (reserved)
[    0.000000]  BIOS-e820: 0000000000100000 - 000000003d6b0000 (usable)
[    0.000000]  BIOS-e820: 000000003d6b0000 - 000000003d6cc000 (ACPI data)
[    0.000000]  BIOS-e820: 000000003d6cc000 - 000000003d700000 (ACPI NVS)
[    0.000000]  BIOS-e820: 000000003d700000 - 000000003e000000 (reserved)
[    0.000000]  BIOS-e820: 00000000f0000000 - 00000000f4000000 (reserved)
[    0.000000]  BIOS-e820: 00000000fec00000 - 00000000fec10000 (reserved)
[    0.000000]  BIOS-e820: 00000000fed00000 - 00000000fed00400 (reserved)
[    0.000000]  BIOS-e820: 00000000fed14000 - 00000000fed1a000 (reserved)
[    0.000000]  BIOS-e820: 00000000fed1c000 - 00000000fed90000 (reserved)
[    0.000000]  BIOS-e820: 00000000fee00000 - 00000000fee01000 (reserved)
[    0.000000]  BIOS-e820: 00000000ff000000 - 0000000100000000 (reserved)
[    0.000000] DMI present.
[    0.000000] last_pfn = 0x3d6b0 max_arch_pfn = 0x100000
[    0.000000] MTRR default type: uncachable
[    0.000000] MTRR fixed ranges enabled:
[    0.000000]   00000-9FFFF write-back
[    0.000000]   A0000-BFFFF uncachable
[    0.000000]   C0000-CFFFF write-protect
[    0.000000]   D0000-DFFFF uncachable
[    0.000000]   E0000-FFFFF write-protect
[    0.000000] MTRR variable ranges enabled:
[    0.000000]   0 base 03E000000 mask FFE000000 uncachable
[    0.000000]   1 base 000000000 mask FC0000000 write-back
[    0.000000]   2 base 03D700000 mask FFFF00000 uncachable
[    0.000000]   3 base 03D800000 mask FFF800000 uncachable
[    0.000000]   4 disabled
[    0.000000]   5 disabled
[    0.000000]   6 disabled
[    0.000000]   7 disabled
[    0.000000] initial memory mapped : 0 - 02000000
[    0.000000] init_memory_mapping: 0000000000000000-00000000377fe000
[    0.000000]  0000000000 - 0000400000 page 4k
[    0.000000]  0000400000 - 0037400000 page 2M
[    0.000000]  0037400000 - 00377fe000 page 4k
[    0.000000] kernel direct mapping tables up to 377fe000 @ 7000-c000
[    0.000000] ACPI: RSDP 000f68d0 00024 (v02 LENOVO)
[    0.000000] ACPI: XSDT 3d6bb77f 00094 (v01 LENOVO TP-7L    00002170  LTP 00000000)
[    0.000000] ACPI: FACP 3d6bb900 000F4 (v03 LENOVO TP-7L    00002170 LNVO 00000001)
[    0.000000] ACPI Warning: 32/64X length mismatch in Gpe1Block: 0/32 (20090903/tbfadt-526)
[    0.000000] ACPI Warning: Optional field Gpe1Block has zero address or length: 000000000000102C/0 (20090903/tbfadt-557)
[    0.000000] ACPI: DSDT 3d6bbd1d 0FED1 (v01 LENOVO TP-7L    00002170 MSFT 03000000)
[    0.000000] ACPI: FACS 3d6e4000 00040
[    0.000000] ACPI: SSDT 3d6bbab4 00269 (v01 LENOVO TP-7L    00002170 MSFT 03000000)
[    0.000000] ACPI: ECDT 3d6cbbee 00052 (v01 LENOVO TP-7L    00002170 LNVO 00000001)
[    0.000000] ACPI: TCPA 3d6cbc40 00032 (v02 LENOVO TP-7L    00002170 LNVO 00000001)
[    0.000000] ACPI: APIC 3d6cbc72 00068 (v01 LENOVO TP-7L    00002170 LNVO 00000001)
[    0.000000] ACPI: MCFG 3d6cbcda 0003C (v01 LENOVO TP-7L    00002170 LNVO 00000001)
[    0.000000] ACPI: HPET 3d6cbd16 00038 (v01 LENOVO TP-7L    00002170 LNVO 00000001)
[    0.000000] ACPI: SLIC 3d6cbdf0 00176 (v01 LENOVO TP-7L    00002170  LTP 00000000)
[    0.000000] ACPI: BOOT 3d6cbf66 00028 (v01 LENOVO TP-7L    00002170  LTP 00000001)
[    0.000000] ACPI: ASF! 3d6cbf8e 00072 (v16 LENOVO TP-7L    00002170 PTL  00000001)
[    0.000000] ACPI: SSDT 3d6e26d9 0025F (v01 LENOVO TP-7L    00002170 INTL 20050513)
[    0.000000] ACPI: SSDT 3d6e2938 000A6 (v01 LENOVO TP-7L    00002170 INTL 20050513)
[    0.000000] ACPI: SSDT 3d6e29de 004F7 (v01 LENOVO TP-7L    00002170 INTL 20050513)
[    0.000000] ACPI: SSDT 3d6e2ed5 001D8 (v01 LENOVO TP-7L    00002170 INTL 20050513)
[    0.000000] ACPI: DMI detected: Lenovo ThinkPad R61
[    0.000000] ACPI: Added _OSI(Linux)
[    0.000000] ACPI: Local APIC address 0xfee00000
[    0.000000] 94MB HIGHMEM available.
[    0.000000] 887MB LOWMEM available.
[    0.000000]   mapped low ram: 0 - 377fe000
[    0.000000]   low ram: 0 - 377fe000
[    0.000000]   node 0 low ram: 00000000 - 377fe000
[    0.000000]   node 0 bootmap 00008000 - 0000ef00
[    0.000000] (6 early reservations) ==> bootmem [0000000000 - 00377fe000]
[    0.000000]   #0 [0000000000 - 0000001000]   BIOS data page ==> [0000000000 - 0000001000]
[    0.000000]   #1 [0001000000 - 0001bdc180]    TEXT DATA BSS ==> [0001000000 - 0001bdc180]
[    0.000000]   #2 [000009d800 - 0000100000]    BIOS reserved ==> [000009d800 - 0000100000]
[    0.000000]   #3 [0001bdd000 - 0001be516c]              BRK ==> [0001bdd000 - 0001be516c]
[    0.000000]   #4 [0000007000 - 0000008000]          PGTABLE ==> [0000007000 - 0000008000]
[    0.000000]   #5 [0000008000 - 000000f000]          BOOTMAP ==> [0000008000 - 000000f000]
[    0.000000] found SMP MP-table at [c00f6900] f6900
[    0.000000] Zone PFN ranges:
[    0.000000]   DMA      0x00000000 -> 0x00001000
[    0.000000]   Normal   0x00001000 -> 0x000377fe
[    0.000000]   HighMem  0x000377fe -> 0x0003d6b0
[    0.000000] Movable zone start PFN for each node
[    0.000000] early_node_map[2] active PFN ranges
[    0.000000]     0: 0x00000000 -> 0x0000009d
[    0.000000]     0: 0x00000100 -> 0x0003d6b0
[    0.000000] On node 0 totalpages: 251469
[    0.000000] free_area_init_node: node 0, pgdat c1901ea0, node_mem_map c1be7000
[    0.000000]   DMA zone: 32 pages used for memmap
[    0.000000]   DMA zone: 0 pages reserved
[    0.000000]   DMA zone: 3965 pages, LIFO batch:0
[    0.000000]   Normal zone: 1744 pages used for memmap
[    0.000000]   Normal zone: 221486 pages, LIFO batch:31
[    0.000000]   HighMem zone: 190 pages used for memmap
[    0.000000]   HighMem zone: 24052 pages, LIFO batch:3
[    0.000000] Using APIC driver default
[    0.000000] ACPI: PM-Timer IO Port: 0x1008
[    0.000000] ACPI: Local APIC address 0xfee00000
[    0.000000] ACPI: LAPIC (acpi_id[0x00] lapic_id[0x00] enabled)
[    0.000000] ACPI: LAPIC (acpi_id[0x01] lapic_id[0x01] enabled)
[    0.000000] ACPI: NR_CPUS/possible_cpus limit of 1 reached.  Processor 1/0x1 ignored.
[    0.000000] ACPI: LAPIC_NMI (acpi_id[0x00] high edge lint[0x1])
[    0.000000] ACPI: LAPIC_NMI (acpi_id[0x01] high edge lint[0x1])
[    0.000000] ACPI: IOAPIC (id[0x01] address[0xfec00000] gsi_base[0])
[    0.000000] IOAPIC[0]: apic_id 1, version 32, address 0xfec00000, GSI 0-23
[    0.000000] ACPI: INT_SRC_OVR (bus 0 bus_irq 0 global_irq 2 dfl dfl)
[    0.000000] ACPI: INT_SRC_OVR (bus 0 bus_irq 9 global_irq 9 high level)
[    0.000000] ACPI: IRQ0 used by override.
[    0.000000] ACPI: IRQ2 used by override.
[    0.000000] ACPI: IRQ9 used by override.
[    0.000000] Using ACPI (MADT) for SMP configuration information
[    0.000000] ACPI: HPET id: 0x8086a201 base: 0xfed00000
[    0.000000] nr_irqs_gsi: 24
[    0.000000] PM: Registered nosave memory: 000000000009d000 - 000000000009e000
[    0.000000] PM: Registered nosave memory: 000000000009e000 - 00000000000a0000
[    0.000000] PM: Registered nosave memory: 00000000000a0000 - 00000000000d2000
[    0.000000] PM: Registered nosave memory: 00000000000d2000 - 00000000000d4000
[    0.000000] PM: Registered nosave memory: 00000000000d4000 - 00000000000e0000
[    0.000000] PM: Registered nosave memory: 00000000000e0000 - 0000000000100000
[    0.000000] Allocating PCI resources starting at 3e000000 (gap: 3e000000:b2000000)
[    0.000000] Built 1 zonelists in Zone order, mobility grouping on.  Total pages: 249503
[    0.000000] Kernel command line: auto BOOT_IMAGE=Linux ro root=802 vt.default_utf8=0 maxcpus=0
[    0.000000] PID hash table entries: 4096 (order: 2, 16384 bytes)
[    0.000000] Dentry cache hash table entries: 131072 (order: 7, 524288 bytes)
[    0.000000] Inode-cache hash table entries: 65536 (order: 6, 262144 bytes)
[    0.000000] Enabling fast FPU save and restore... done.
[    0.000000] Enabling unmasked SIMD FPU exception support... done.
[    0.000000] Initializing CPU#0
[    0.000000] Initializing HighMem for node 0 (000377fe:0003d6b0)
[    0.000000] Memory: 984800k/1006272k available (6915k kernel code, 20876k reserved, 2327k data, 448k init, 96968k highmem)
[    0.000000] virtual kernel memory layout:
[    0.000000]     fixmap  : 0xfffa3000 - 0xfffff000   ( 368 kB)
[    0.000000]     pkmap   : 0xff800000 - 0xffc00000   (4096 kB)
[    0.000000]     vmalloc : 0xf7ffe000 - 0xff7fe000   ( 120 MB)
[    0.000000]     lowmem  : 0xc0000000 - 0xf77fe000   ( 887 MB)
[    0.000000]       .init : 0xc1907000 - 0xc1977000   ( 448 kB)
[    0.000000]       .data : 0xc16c0d3f - 0xc1906c64   (2327 kB)
[    0.000000]       .text : 0xc1000000 - 0xc16c0d3f   (6915 kB)
[    0.000000] Checking if this processor honours the WP bit even in supervisor mode...Ok.
[    0.000000] SLUB: Genslabs=13, HWalign=64, Order=0-3, MinObjects=0, CPUs=1, Nodes=1
[    0.000000] Hierarchical RCU implementation.
[    0.000000] NR_IRQS:288
[    0.000000] Extended CMOS year: 2000
[    0.000000] Console: colour VGA+ 80x25
[    0.000000] console [tty0] enabled
[    0.000000] hpet clockevent registered
[    0.000000] Fast TSC calibration using PIT
[    0.000000] Detected 2094.793 MHz processor.
[    0.001001] Calibrating delay loop (skipped), value calculated using timer frequency.. 4189.58 BogoMIPS (lpj=2094793)
[    0.002007] Security Framework initialized
[    0.002092] Mount-cache hash table entries: 512
[    0.002242] CPU: L1 I cache: 32K, L1 D cache: 32K
[    0.002367] CPU: L2 cache: 3072K
[    0.002449] mce: CPU supports 6 MCE banks
[    0.002532] CPU0: Thermal monitoring enabled (TM2)
[    0.002613] using mwait in idle threads.
[    0.002698] CPU: Intel(R) Core(TM)2 Duo CPU     T8100  @ 2.10GHz stepping 06
[    0.002868] Checking 'hlt' instruction... OK.
[    0.006937] ACPI: Core revision 20090903
[    0.026013] RANDOM get_random_int first call with cycles 38465152194, jiffies 4294667322 and pid 0
[    0.026021] CANARY value: dd9399e6 for PID: 1
[    0.026029] CANARY value: 9f82851b for PID: 2
[    0.026051] Enabling APIC mode:  Flat.  Using 1 I/O APICs
[    0.027367] ..TIMER: vector=0x30 apic1=0 pin1=2 apic2=-1 pin2=-1
[    0.037997] xor: automatically using best checksumming function: pIII_sse
[    0.041998]    pIII_sse  :  8568.000 MB/sec
[    0.042081] xor: using function: pIII_sse (8568.000 MB/sec)
[    0.042169] RANDOM - __seed init called.
[    0.042169] RANDOM - __seed init called.
[    0.042170] RANDOM - __seed init called.
[    0.042172] RANDOM - __random32 called. Change num 1.  Value: f7943846	49e73df3	af36cd0d
[    0.042174] RANDOM - __random32 called. Change num 2.  Value: 43846e13	9e73df37	9a1ad014
[    0.042176] RANDOM - __random32 called. Change num 3.  Value: 46e139c8	e73df373	a029598a
[    0.042177] RANDOM - __random32 called. Change num 4.  Value: 139c8c3b	73df373d	b3142c72
[    0.042179] RANDOM - __random32 called. Change num 5.  Value: c8c3b043	3df373de	58e576a9
[    0.042181] RANDOM - __random32 called. Change num 6.  Value: 3b0437d9	df373de5	ed53f9d8
[    0.042183] RANDOM - random32 init called.  Value: 3b0437d9	df373de5	ed53f9d8
[    0.042200] NET: Registered protocol family 16
[    0.042451] ACPI FADT declares the system doesn't support PCIe ASPM, so disable it
[    0.042577] ACPI: bus type pci registered
[    0.042735] PCI: MCFG configuration 0: base f0000000 segment 0 buses 0 - 63
[    0.042822] PCI: MCFG area at f0000000 reserved in E820
[    0.042903] PCI: Using MMCONFIG for extended config space
[    0.042992] PCI: Using configuration type 1 for base access
[    0.046100] bio: create slab <bio-0> at 0
[    0.046914] ACPI: EC: EC description table is found, configuring boot EC
[    0.052068] ACPI: BIOS _OSI(Linux) query honored via DMI
[    0.052779] random 0000 0000 0000 00000000 00000000: rand_read_num 2 get_random_bytes(8): sig fffffe1a 00000000 00000000
[    0.052782] random 0000 0000 0000 00000000 00000000: extract_entropy(.. 8 ..)
[    0.052785] random 0000 0000 0000 00000000 00000000: going to reseed nonblocking with 64 bits (64 of 0 requested)
[    0.052787] random 0000 0000 0000 00000000 00000000: extract_entropy(.. 8 ..)
[    0.052789] random 0000 0000 0000 00000000 00000000: trying to extract 64 bits from input
[    0.052791] random 0000 0000 0000 00000000 00000000: debiting 0 entropy credits from input
[    0.052793] random 0000 0000 0000 00000000 00000000: extract_entropy account returned: 0 
[    0.052796] random 0000 0000 0000 00000000 00000000: urand_change_num 3 xfer_secondary_pool(8): pool_sig fffffe1a, data_sig 00000000, bytes_mixed 0 00000000 00000000
[    0.052826] random 0000 0000 0000 00000000 00000000: trying to extract 64 bits from nonblocking
[    0.052829] random 0000 0000 0000 00000000 00000000: debiting 64 entropy credits from nonblocking (unlimited)
[    0.052831] random 0000 0000 0000 00000000 00000000: extract_entropy account returned: 8 
[    0.052835] random 0000 0000 0000 00000000 00000000: urand_change_num 4 extract_buf: pool_sig fffffe1a, data_sig fffffed7, bytes_mixed 20 00000000 00000000
[    0.058686] ACPI: Interpreter enabled
[    0.058771] ACPI: (supports S0 S3 S4 S5)
[    0.058998] ACPI: Using IOAPIC for interrupt routing
[    0.068825] ACPI: EC: GPE = 0x12, I/O: command/status = 0x66, data = 0x62
[    0.069085] ACPI: Power Resource [PUBS] (on)
[    0.071234] ACPI: ACPI Dock Station Driver: 3 docks/bays found
[    0.071639] ACPI: PCI Root Bridge [PCI0] (0000:00)
[    0.071814] pci 0000:00:02.0: reg 10 64bit mmio: [0xf8100000-0xf81fffff]
[    0.071820] pci 0000:00:02.0: reg 18 64bit mmio pref: [0xe0000000-0xefffffff]
[    0.071824] pci 0000:00:02.0: reg 20 io port: [0x1800-0x1807]
[    0.071859] pci 0000:00:02.1: reg 10 64bit mmio: [0xf8200000-0xf82fffff]
[    0.071969] pci 0000:00:19.0: reg 10 32bit mmio: [0xfe000000-0xfe01ffff]
[    0.071978] pci 0000:00:19.0: reg 14 32bit mmio: [0xfe025000-0xfe025fff]
[    0.071987] pci 0000:00:19.0: reg 18 io port: [0x1840-0x185f]
[    0.072074] pci 0000:00:19.0: PME# supported from D0 D3hot D3cold
[    0.072161] pci 0000:00:19.0: PME# disabled
[    0.072305] pci 0000:00:1a.0: reg 20 io port: [0x1860-0x187f]
[    0.072388] pci 0000:00:1a.1: reg 20 io port: [0x1880-0x189f]
[    0.072473] pci 0000:00:1a.7: reg 10 32bit mmio: [0xfe226c00-0xfe226fff]
[    0.072557] pci 0000:00:1a.7: PME# supported from D0 D3hot D3cold
[    0.072641] pci 0000:00:1a.7: PME# disabled
[    0.072783] pci 0000:00:1b.0: reg 10 64bit mmio: [0xfe020000-0xfe023fff]
[    0.072866] pci 0000:00:1b.0: PME# supported from D0 D3hot D3cold
[    0.072949] pci 0000:00:1b.0: PME# disabled
[    0.073116] pci 0000:00:1c.0: PME# supported from D0 D3hot D3cold
[    0.073206] pci 0000:00:1c.0: PME# disabled
[    0.073399] pci 0000:00:1c.1: PME# supported from D0 D3hot D3cold
[    0.073490] pci 0000:00:1c.1: PME# disabled
[    0.073704] pci 0000:00:1c.2: PME# supported from D0 D3hot D3cold
[    0.073787] pci 0000:00:1c.2: PME# disabled
[    0.074013] pci 0000:00:1c.3: PME# supported from D0 D3hot D3cold
[    0.074108] pci 0000:00:1c.3: PME# disabled
[    0.074960] pci 0000:00:1c.4: PME# supported from D0 D3hot D3cold
[    0.074999] pci 0000:00:1c.4: PME# disabled
[    0.075140] pci 0000:00:1d.0: reg 20 io port: [0x18a0-0x18bf]
[    0.075228] pci 0000:00:1d.1: reg 20 io port: [0x18c0-0x18df]
[    0.075303] pci 0000:00:1d.2: reg 20 io port: [0x18e0-0x18ff]
[    0.075398] pci 0000:00:1d.7: reg 10 32bit mmio: [0xfe227000-0xfe2273ff]
[    0.075495] pci 0000:00:1d.7: PME# supported from D0 D3hot D3cold
[    0.075585] pci 0000:00:1d.7: PME# disabled
[    0.075870] pci 0000:00:1f.0: quirk: region 1000-107f claimed by ICH6 ACPI/GPIO/TCO
[    0.076000] pci 0000:00:1f.0: quirk: region 1180-11bf claimed by ICH6 GPIO
[    0.076087] pci 0000:00:1f.0: ICH7 LPC Generic IO decode 1 PIO at 1600 (mask 007f)
[    0.076201] pci 0000:00:1f.0: ICH7 LPC Generic IO decode 2 PIO at 15e0 (mask 000f)
[    0.076318] pci 0000:00:1f.0: ICH7 LPC Generic IO decode 3 PIO at 1680 (mask 001f)
[    0.076510] pci 0000:00:1f.1: reg 10 io port: [0x00-0x07]
[    0.076519] pci 0000:00:1f.1: reg 14 io port: [0x00-0x03]
[    0.076530] pci 0000:00:1f.1: reg 18 io port: [0x00-0x07]
[    0.076539] pci 0000:00:1f.1: reg 1c io port: [0x00-0x03]
[    0.076549] pci 0000:00:1f.1: reg 20 io port: [0x1c00-0x1c0f]
[    0.076634] pci 0000:00:1f.2: reg 10 io port: [0x1c50-0x1c57]
[    0.076641] pci 0000:00:1f.2: reg 14 io port: [0x1c44-0x1c47]
[    0.076650] pci 0000:00:1f.2: reg 18 io port: [0x1c48-0x1c4f]
[    0.076658] pci 0000:00:1f.2: reg 1c io port: [0x1c40-0x1c43]
[    0.076667] pci 0000:00:1f.2: reg 20 io port: [0x1c20-0x1c3f]
[    0.076674] pci 0000:00:1f.2: reg 24 32bit mmio: [0xfe226000-0xfe2267ff]
[    0.076737] pci 0000:00:1f.2: PME# supported from D3hot
[    0.076818] pci 0000:00:1f.2: PME# disabled
[    0.076998] pci 0000:00:1f.3: reg 10 32bit mmio: [0xfe227400-0xfe2274ff]
[    0.077024] pci 0000:00:1f.3: reg 20 io port: [0x1c60-0x1c7f]
[    0.077116] pci 0000:00:1c.0: bridge io port: [0x2000-0x2fff]
[    0.077121] pci 0000:00:1c.0: bridge 32bit mmio: [0xfc000000-0xfdffffff]
[    0.077135] pci 0000:00:1c.0: bridge 64bit mmio pref: [0xf8000000-0xf80fffff]
[    0.077207] pci 0000:03:00.0: reg 10 64bit mmio: [0xdf3f0000-0xdf3fffff]
[    0.077405] pci 0000:00:1c.1: bridge io port: [0x3000-0x3fff]
[    0.077412] pci 0000:00:1c.1: bridge 32bit mmio: [0xdc000000-0xdf3fffff]
[    0.077419] pci 0000:00:1c.1: bridge 64bit mmio pref: [0xdfe00000-0xdfefffff]
[    0.077477] pci 0000:00:1c.2: bridge io port: [0x4000-0x4fff]
[    0.077482] pci 0000:00:1c.2: bridge 32bit mmio: [0xd8000000-0xd9ffffff]
[    0.077491] pci 0000:00:1c.2: bridge 64bit mmio pref: [0xdfb00000-0xdfbfffff]
[    0.077547] pci 0000:00:1c.3: bridge io port: [0x5000-0x5fff]
[    0.077552] pci 0000:00:1c.3: bridge 32bit mmio: [0xd4000000-0xd5ffffff]
[    0.077560] pci 0000:00:1c.3: bridge 64bit mmio pref: [0xdf800000-0xdf8fffff]
[    0.077617] pci 0000:00:1c.4: bridge io port: [0x6000-0x6fff]
[    0.077623] pci 0000:00:1c.4: bridge 32bit mmio: [0xd0000000-0xd1ffffff]
[    0.077632] pci 0000:00:1c.4: bridge 64bit mmio pref: [0xdf500000-0xdf5fffff]
[    0.077691] pci 0000:15:00.0: reg 10 32bit mmio: [0xf8300000-0xf8300fff]
[    0.077743] pci 0000:15:00.0: supports D1 D2
[    0.077744] pci 0000:15:00.0: PME# supported from D0 D1 D2 D3hot D3cold
[    0.077837] pci 0000:15:00.0: PME# disabled
[    0.077982] pci 0000:15:00.1: reg 10 32bit mmio: [0xf8301000-0xf83017ff]
[    0.078082] pci 0000:15:00.1: supports D1 D2
[    0.078084] pci 0000:15:00.1: PME# supported from D0 D1 D2 D3hot D3cold
[    0.078182] pci 0000:15:00.1: PME# disabled
[    0.078343] pci 0000:00:1e.0: transparent bridge
[    0.078425] pci 0000:00:1e.0: bridge io port: [0x7000-0xafff]
[    0.078431] pci 0000:00:1e.0: bridge 32bit mmio: [0xf8300000-0xfbffffff]
[    0.078438] pci 0000:00:1e.0: bridge 64bit mmio pref: [0xf4000000-0xf7ffffff]
[    0.078503] pci_bus 0000:00: on NUMA node 0
[    0.078506] ACPI: PCI Interrupt Routing Table [\_SB_.PCI0._PRT]
[    0.078640] ACPI: PCI Interrupt Routing Table [\_SB_.PCI0.EXP0._PRT]
[    0.078699] ACPI: PCI Interrupt Routing Table [\_SB_.PCI0.EXP1._PRT]
[    0.078757] ACPI: PCI Interrupt Routing Table [\_SB_.PCI0.EXP2._PRT]
[    0.078815] ACPI: PCI Interrupt Routing Table [\_SB_.PCI0.EXP3._PRT]
[    0.078878] ACPI: PCI Interrupt Routing Table [\_SB_.PCI0.EXP4._PRT]
[    0.078940] ACPI: PCI Interrupt Routing Table [\_SB_.PCI0.PCI1._PRT]
[    0.084409] ACPI: PCI Interrupt Link [LNKA] (IRQs 3 4 5 6 7 9 *10 11)
[    0.085136] ACPI: PCI Interrupt Link [LNKB] (IRQs 3 4 5 6 7 9 10 *11)
[    0.085849] ACPI: PCI Interrupt Link [LNKC] (IRQs 3 4 5 6 7 9 10 *11)
[    0.086581] ACPI: PCI Interrupt Link [LNKD] (IRQs 3 4 5 6 7 9 10 *11)
[    0.087274] ACPI: PCI Interrupt Link [LNKE] (IRQs 3 4 5 6 7 9 10 *11)
[    0.088027] ACPI: PCI Interrupt Link [LNKF] (IRQs 3 4 5 6 7 9 10 *11)
[    0.088730] ACPI: PCI Interrupt Link [LNKG] (IRQs 3 4 5 6 7 9 10 *11)
[    0.089424] ACPI: PCI Interrupt Link [LNKH] (IRQs 3 4 5 6 7 9 10 *11)
[    0.090136] vgaarb: device added: PCI:0000:00:02.0,decodes=io+mem,owns=io+mem,locks=none
[    0.090261] vgaarb: loaded
[    0.090435] SCSI subsystem initialized
[    0.090525] libata version 3.00 loaded.
[    0.090572] usbcore: registered new interface driver usbfs
[    0.090694] usbcore: registered new interface driver hub
[    0.090803] usbcore: registered new device driver usb
[    0.107037] raid6: int32x1    941 MB/s
[    0.124060] raid6: int32x2    890 MB/s
[    0.141065] raid6: int32x4    750 MB/s
[    0.157989] raid6: int32x8    656 MB/s
[    0.174988] raid6: mmxx1     2878 MB/s
[    0.191986] raid6: mmxx2     3253 MB/s
[    0.208996] raid6: sse1x1    1937 MB/s
[    0.225978] raid6: sse1x2    2531 MB/s
[    0.242981] raid6: sse2x1    3507 MB/s
[    0.259973] raid6: sse2x2    3832 MB/s
[    0.260052] raid6: using algorithm sse2x2 (3832 MB/s)
[    0.260135] PCI: Using ACPI for IRQ routing
[    0.260442] HPET: 3 timers in total, 0 timers will be used for per-cpu timer
[    0.260998] Switching to clocksource tsc
[    0.261093] pnp: PnP ACPI init
[    0.261175] ACPI: bus type pnp registered
[    0.264806] pnp: PnP ACPI: found 11 devices
[    0.264897] ACPI: ACPI bus type pnp unregistered
[    0.264986] system 00:00: iomem range 0x0-0x9ffff could not be reserved
[    0.265072] system 00:00: iomem range 0xc0000-0xc3fff could not be reserved
[    0.265155] system 00:00: iomem range 0xc4000-0xc7fff could not be reserved
[    0.265250] system 00:00: iomem range 0xc8000-0xcbfff has been reserved
[    0.265333] system 00:00: iomem range 0xcc000-0xcffff has been reserved
[    0.265415] system 00:00: iomem range 0xd0000-0xd3fff could not be reserved
[    0.265498] system 00:00: iomem range 0xe0000-0xe3fff could not be reserved
[    0.265593] system 00:00: iomem range 0xe4000-0xe7fff could not be reserved
[    0.265685] system 00:00: iomem range 0xe8000-0xebfff could not be reserved
[    0.265778] system 00:00: iomem range 0xec000-0xeffff could not be reserved
[    0.265864] system 00:00: iomem range 0xf0000-0xfffff could not be reserved
[    0.265946] system 00:00: iomem range 0x100000-0x3dffffff could not be reserved
[    0.266067] system 00:00: iomem range 0xfec00000-0xfed3ffff could not be reserved
[    0.266188] system 00:00: iomem range 0xfed4c000-0xffffffff could not be reserved
[    0.266303] system 00:02: ioport range 0x164e-0x164f has been reserved
[    0.266390] system 00:02: ioport range 0x1000-0x107f has been reserved
[    0.266477] system 00:02: ioport range 0x1180-0x11bf has been reserved
[    0.266562] system 00:02: ioport range 0x800-0x80f has been reserved
[    0.266652] system 00:02: ioport range 0x15e0-0x15ef has been reserved
[    0.266735] system 00:02: ioport range 0x1600-0x165f could not be reserved
[    0.266822] system 00:02: iomem range 0xf0000000-0xf3ffffff has been reserved
[    0.266916] system 00:02: iomem range 0xfed1c000-0xfed1ffff has been reserved
[    0.266999] system 00:02: iomem range 0xfed14000-0xfed17fff has been reserved
[    0.267091] system 00:02: iomem range 0xfed18000-0xfed18fff has been reserved
[    0.267178] system 00:02: iomem range 0xfed19000-0xfed19fff has been reserved
[    0.267262] system 00:02: iomem range 0xfed45000-0xfed4bfff has been reserved
[    0.302295] pci 0000:00:1c.0: PCI bridge, secondary bus 0000:02
[    0.302377] pci 0000:00:1c.0:   IO window: 0x2000-0x2fff
[    0.302467] pci 0000:00:1c.0:   MEM window: 0xfc000000-0xfdffffff
[    0.302550] pci 0000:00:1c.0:   PREFETCH window: 0x000000f8000000-0x000000f80fffff
[    0.302667] pci 0000:00:1c.1: PCI bridge, secondary bus 0000:03
[    0.302752] pci 0000:00:1c.1:   IO window: 0x3000-0x3fff
[    0.302860] pci 0000:00:1c.1:   MEM window: 0xdc000000-0xdf3fffff
[    0.302943] pci 0000:00:1c.1:   PREFETCH window: 0x000000dfe00000-0x000000dfefffff
[    0.303067] pci 0000:00:1c.2: PCI bridge, secondary bus 0000:04
[    0.303150] pci 0000:00:1c.2:   IO window: 0x4000-0x4fff
[    0.303240] pci 0000:00:1c.2:   MEM window: 0xd8000000-0xd9ffffff
[    0.303325] pci 0000:00:1c.2:   PREFETCH window: 0x000000dfb00000-0x000000dfbfffff
[    0.303452] pci 0000:00:1c.3: PCI bridge, secondary bus 0000:05
[    0.303534] pci 0000:00:1c.3:   IO window: 0x5000-0x5fff
[    0.303626] pci 0000:00:1c.3:   MEM window: 0xd4000000-0xd5ffffff
[    0.303715] pci 0000:00:1c.3:   PREFETCH window: 0x000000df800000-0x000000df8fffff
[    0.303838] pci 0000:00:1c.4: PCI bridge, secondary bus 0000:0d
[    0.303925] pci 0000:00:1c.4:   IO window: 0x6000-0x6fff
[    0.304009] pci 0000:00:1c.4:   MEM window: 0xd0000000-0xd1ffffff
[    0.304092] pci 0000:00:1c.4:   PREFETCH window: 0x000000df500000-0x000000df5fffff
[    0.304220] pci 0000:15:00.0: CardBus bridge, secondary bus 0000:16
[    0.304317] pci 0000:15:00.0:   IO window: 0x007000-0x0070ff
[    0.304405] pci 0000:15:00.0:   IO window: 0x007400-0x0074ff
[    0.304490] pci 0000:15:00.0:   PREFETCH window: 0xf4000000-0xf7ffffff
[    0.304575] pci 0000:15:00.0:   MEM window: 0x40000000-0x43ffffff
[    0.304669] pci 0000:00:1e.0: PCI bridge, secondary bus 0000:15
[    0.304750] pci 0000:00:1e.0:   IO window: 0x7000-0xafff
[    0.304840] pci 0000:00:1e.0:   MEM window: 0xf8300000-0xfbffffff
[    0.304936] pci 0000:00:1e.0:   PREFETCH window: 0x000000f4000000-0x000000f7ffffff
[    0.305067] pci 0000:00:1c.0: PCI INT A -> GSI 20 (level, low) -> IRQ 20
[    0.305161] pci 0000:00:1c.0: setting latency timer to 64
[    0.305175] pci 0000:00:1c.1: PCI INT B -> GSI 21 (level, low) -> IRQ 21
[    0.305270] pci 0000:00:1c.1: setting latency timer to 64
[    0.305283] pci 0000:00:1c.2: PCI INT C -> GSI 22 (level, low) -> IRQ 22
[    0.305366] pci 0000:00:1c.2: setting latency timer to 64
[    0.305379] pci 0000:00:1c.3: PCI INT D -> GSI 23 (level, low) -> IRQ 23
[    0.305462] pci 0000:00:1c.3: setting latency timer to 64
[    0.305479] pci 0000:00:1c.4: PCI INT A -> GSI 20 (level, low) -> IRQ 20
[    0.305568] pci 0000:00:1c.4: setting latency timer to 64
[    0.305577] pci 0000:00:1e.0: enabling device (0005 -> 0007)
[    0.305666] pci 0000:00:1e.0: setting latency timer to 64
[    0.305681] pci 0000:15:00.0: PCI INT A -> GSI 16 (level, low) -> IRQ 16
[    0.305770] pci 0000:15:00.0: setting latency timer to 64
[    0.305776] pci_bus 0000:00: resource 0 io:  [0x00-0xffff]
[    0.305778] pci_bus 0000:00: resource 1 mem: [0x000000-0xffffffff]
[    0.305780] pci_bus 0000:02: resource 0 io:  [0x2000-0x2fff]
[    0.305782] pci_bus 0000:02: resource 1 mem: [0xfc000000-0xfdffffff]
[    0.305784] pci_bus 0000:02: resource 2 pref mem [0xf8000000-0xf80fffff]
[    0.305786] pci_bus 0000:03: resource 0 io:  [0x3000-0x3fff]
[    0.305787] pci_bus 0000:03: resource 1 mem: [0xdc000000-0xdf3fffff]
[    0.305789] pci_bus 0000:03: resource 2 pref mem [0xdfe00000-0xdfefffff]
[    0.305791] pci_bus 0000:04: resource 0 io:  [0x4000-0x4fff]
[    0.305793] pci_bus 0000:04: resource 1 mem: [0xd8000000-0xd9ffffff]
[    0.305795] pci_bus 0000:04: resource 2 pref mem [0xdfb00000-0xdfbfffff]
[    0.305797] pci_bus 0000:05: resource 0 io:  [0x5000-0x5fff]
[    0.305798] pci_bus 0000:05: resource 1 mem: [0xd4000000-0xd5ffffff]
[    0.305800] pci_bus 0000:05: resource 2 pref mem [0xdf800000-0xdf8fffff]
[    0.305802] pci_bus 0000:0d: resource 0 io:  [0x6000-0x6fff]
[    0.305804] pci_bus 0000:0d: resource 1 mem: [0xd0000000-0xd1ffffff]
[    0.305805] pci_bus 0000:0d: resource 2 pref mem [0xdf500000-0xdf5fffff]
[    0.305807] pci_bus 0000:15: resource 0 io:  [0x7000-0xafff]
[    0.305809] pci_bus 0000:15: resource 1 mem: [0xf8300000-0xfbffffff]
[    0.305811] pci_bus 0000:15: resource 2 pref mem [0xf4000000-0xf7ffffff]
[    0.305813] pci_bus 0000:15: resource 3 io:  [0x00-0xffff]
[    0.305814] pci_bus 0000:15: resource 4 mem: [0x000000-0xffffffff]
[    0.305816] pci_bus 0000:16: resource 0 io:  [0x7000-0x70ff]
[    0.305818] pci_bus 0000:16: resource 1 io:  [0x7400-0x74ff]
[    0.305820] pci_bus 0000:16: resource 2 pref mem [0xf4000000-0xf7ffffff]
[    0.305822] pci_bus 0000:16: resource 3 mem: [0x40000000-0x43ffffff]
[    0.305829] NET: Registered protocol family 2
[    0.305919] RANDOM - __random32 called. Change num 7.  Value: 437d97bf	f373de51	f3b0f986
[    0.305920] RANDOM - random32 called.  Value: 437d97bf	f373de51	f3b0f986
[    0.305925] random 0000 0000 0000 5f8db4e5 4cfdf2a8: rand_read_num 3 get_random_bytes(4): sig fffffb64 5f8db4e5 4cfdf2a8
[    0.305927] random 0000 0000 0000 5f8db4e5 4cfdf2a8: extract_entropy(.. 4 ..)
[    0.305930] random 0000 0000 0000 5f8db4e5 4cfdf2a8: going to reseed nonblocking with 64 bits (32 of 0 requested)
[    0.305932] random 0000 0000 0000 5f8db4e5 4cfdf2a8: extract_entropy(.. 8 ..)
[    0.305934] random 0000 0000 0000 5f8db4e5 4cfdf2a8: trying to extract 64 bits from input
[    0.305936] random 0000 0000 0000 5f8db4e5 4cfdf2a8: debiting 0 entropy credits from input
[    0.305938] random 0000 0000 0000 5f8db4e5 4cfdf2a8: extract_entropy account returned: 0 
[    0.305941] random 0000 0000 0000 5f8db4e5 4cfdf2a8: urand_change_num 5 xfer_secondary_pool(4): pool_sig fffffb64, data_sig 00000000, bytes_mixed 0 5f8db4e5 4cfdf2a8
[    0.305944] random 0000 0000 0000 5f8db4e5 4cfdf2a8: trying to extract 32 bits from nonblocking
[    0.305946] random 0000 0000 0000 5f8db4e5 4cfdf2a8: debiting 32 entropy credits from nonblocking (unlimited)
[    0.305948] random 0000 0000 0000 5f8db4e5 4cfdf2a8: extract_entropy account returned: 4 
[    0.305953] random 0000 0000 0000 5f8db4e5 4cfdf2a8: urand_change_num 6 extract_buf: pool_sig fffffb64, data_sig 00000241, bytes_mixed 20 5f8db4e5 4cfdf2a8
[    0.305962] IP route cache hash table entries: 32768 (order: 5, 131072 bytes)
[    0.306090] RANDOM - __random32 called. Change num 8.  Value: d97bfe31	373de51f	f30dc6e6
[    0.306091] RANDOM - random32 called.  Value: d97bfe31	373de51f	f30dc6e6
[    0.306102] RANDOM - __random32 called. Change num 9.  Value: bfe314d7	73de51f5	8dcd6c7e
[    0.306104] RANDOM - random32 called.  Value: bfe314d7	73de51f5	8dcd6c7e
[    0.306106] RANDOM - __random32 called. Change num 10.  Value: 314d7baf	3de51f5e	d8fc74c1
[    0.306107] RANDOM - random32 called.  Value: 314d7baf	3de51f5e	d8fc74c1
[    0.306117] RANDOM - __random32 called. Change num 11.  Value: d7baf3c7	de51f5e5	e983e3fa
[    0.306119] RANDOM - random32 called.  Value: d7baf3c7	de51f5e5	e983e3fa
[    0.306129] TCP established hash table entries: 131072 (order: 8, 1048576 bytes)
[    0.306620] TCP bind hash table entries: 65536 (order: 6, 262144 bytes)
[    0.306804] TCP: Hash tables configured (established 131072 bind 65536)
[    0.306890] TCP reno registered
[    0.306987] NET: Registered protocol family 1
[    0.307102] RPC: Registered udp transport module.
[    0.307181] RPC: Registered tcp transport module.
[    0.307264] RPC: Registered tcp NFSv4.1 backchannel transport module.
[    0.307350] pci 0000:00:02.0: Boot video device
[    0.307567] Simple Boot Flag at 0x35 set to 0x1
[    0.308119] highmem bounce pool size: 64 pages
[    0.309610] VFS: Disk quotas dquot_6.5.2
[    0.309726] Dquot-cache hash table entries: 1024 (order 0, 4096 bytes)
[    0.310457] NTFS driver 2.1.29 [Flags: R/W].
[    0.310608] ROMFS MTD (C) 2007 Red Hat, Inc.
[    0.310816] JFS: nTxBlock = 7695, nTxLock = 61562
[    0.313252] SGI XFS with ACLs, security attributes, large block/inode numbers, no debug enabled
[    0.313727] SGI XFS Quota Management subsystem
[    0.314068] Slow work thread pool: Starting up
[    0.314160] Slow work thread pool: Ready
[    0.314244] GFS2 (built May 24 2013 02:47:17) installed
[    0.314335] msgmni has been set to 1734
[    0.314490] alg: No test for cipher_null (cipher_null-generic)
[    0.314584] alg: No test for ecb(cipher_null) (ecb-cipher_null)
[    0.314691] alg: No test for digest_null (digest_null-generic)
[    0.314780] alg: No test for compress_null (compress_null-generic)
[    0.315326] alg: No test for fcrypt (fcrypt-generic)
[    0.316737] alg: No test for stdrng (krng)
[    0.316818] async_tx: api initialized (async)
[    0.316975] Block layer SCSI generic (bsg) driver version 0.4 loaded (major 254)
[    0.317089] io scheduler noop registered
[    0.317167] io scheduler anticipatory registered
[    0.317246] io scheduler deadline registered
[    0.317377] io scheduler cfq registered (default)
[    0.317623] pcieport 0000:00:1c.0: irq 24 for MSI/MSI-X
[    0.317640] pcieport 0000:00:1c.0: setting latency timer to 64
[    0.317825] pcieport 0000:00:1c.1: irq 25 for MSI/MSI-X
[    0.317836] pcieport 0000:00:1c.1: setting latency timer to 64
[    0.318034] pcieport 0000:00:1c.2: irq 26 for MSI/MSI-X
[    0.318046] pcieport 0000:00:1c.2: setting latency timer to 64
[    0.318223] pcieport 0000:00:1c.3: irq 27 for MSI/MSI-X
[    0.318234] pcieport 0000:00:1c.3: setting latency timer to 64
[    0.318409] pcieport 0000:00:1c.4: irq 28 for MSI/MSI-X
[    0.318420] pcieport 0000:00:1c.4: setting latency timer to 64
[    0.318564] pci_hotplug: PCI Hot Plug PCI Core version: 0.5
[    0.318748] isapnp: Scanning for PnP cards...
[    0.679292] isapnp: No Plug & Play device found
[    0.679373] random 0000 0000 0000 5f8db4e5 4cfdf2a8: initializing
[    0.679375] RANDOM init_std_data for input now value: 1369935285679375417
[    0.679377] RANDOM init_std_data for blocking now value: 1369935285679377407
[    0.679378] RANDOM init_std_data for nonblocking now value: 1369935285679379166
[    0.698969] Serial: 8250/16550 driver, 4 ports, IRQ sharing enabled
[    3.709585] floppy0: no floppy controllers found
[    3.710528] brd: module loaded
[    3.711036] loop: module loaded
[    3.711121] Compaq SMART2 Driver (v 2.6.0)
[    3.711246] HP CISS Driver (v 3.6.20)
[    3.711481] input: Macintosh mouse button emulation as /devices/virtual/input/input0
[    3.711621] Uniform Multi-Platform E-IDE driver
[    3.711839] piix 0000:00:1f.1: IDE controller (0x8086:0x2850 rev 0x03)
[    3.711940] pci 0000:00:1f.1: PCI INT C -> GSI 16 (level, low) -> IRQ 16
[    3.712037] piix 0000:00:1f.1: IDE port disabled
[    3.712124] piix 0000:00:1f.1: not 100% native mode: will probe irqs later
[    3.712212]     ide0: BM-DMA at 0x1c00-0x1c07
[    3.712307] Probing IDE interface ide0...
[    4.383749] hda: HL-DT-ST DVDRAM GSA-U10N, ATAPI CD/DVD-ROM drive
[    4.690535] hda: host max PIO4 wanted PIO255(auto-tune) selected PIO4
[    4.691305] hda: UDMA/33 mode selected
[    4.691763] ide0 at 0x1f0-0x1f7,0x3f6 on irq 14
[    4.695635] ide-gd driver 1.18
[    4.695731] ide-cd driver 5.00
[    4.697113] random 0000 0000 0000 00000000 00000000: add_disk_randomness(0:0) 00000000 00000000
[    4.697117] random 0000 0000 0000 00000000 00000000: add_timer_randomness(.. 256) with jiffies: 5859088917985984121, cycles: 5859088913691312139
[    4.697120] random 0000 0000 0000 00000000 00000000: added 11 entropy credits to input
[    4.697123] ide-cd: hda: ATAPI 24X DVD-ROM DVD-R/RAM CD-R/RW drive, 2048kB Cache
[    4.697515] Uniform CD-ROM driver Revision: 3.20
[    4.700420] random 0011 0000 0000 00000000 00000000: add_disk_randomness(0:0) 00000000 00000000
[    4.700423] random 0011 0000 0000 00000000 00000000: add_timer_randomness(.. 256) with jiffies: 5888847857321737852, cycles: 5888847853027065867
[    4.700426] random 0011 0000 0000 00000000 00000000: added 1 entropy credits to input
[    4.700429] random 0012 0000 0000 00000000 00000000: add_disk_randomness(0:0) 00000000 00000000
[    4.700432] random 0012 0000 0000 00000000 00000000: add_timer_randomness(.. 256) with jiffies: 5888924385049017980, cycles: 5888924380754345995
[    4.702418] random 0012 0000 0000 00000000 00000000: add_disk_randomness(0:0) 00000000 00000000
[    4.702421] random 0012 0000 0000 00000000 00000000: add_timer_randomness(.. 256) with jiffies: 5906820379900083838, cycles: 5906820375605411851
[    4.702423] random 0012 0000 0000 00000000 00000000: added 1 entropy credits to input
[    4.702426] random 0013 0000 0000 00000000 00000000: add_disk_randomness(0:0) 00000000 00000000
[    4.702429] random 0013 0000 0000 00000000 00000000: add_timer_randomness(.. 256) with jiffies: 5906895692151619198, cycles: 5906895687856947211
[    4.704415] random 0013 0000 0000 00000000 00000000: add_disk_randomness(0:0) 00000000 00000000
[    4.704418] random 0013 0000 0000 00000000 00000000: add_timer_randomness(.. 256) with jiffies: 5924785691228339840, cycles: 5924785686933667851
[    4.704420] random 0013 0000 0000 00000000 00000000: added 1 entropy credits to input
[    4.704423] random 0014 0000 0000 00000000 00000000: add_disk_randomness(0:0) 00000000 00000000
[    4.704426] random 0014 0000 0000 00000000 00000000: add_timer_randomness(.. 256) with jiffies: 5924860191731056256, cycles: 5924860187436384267
[    4.704701] Loading iSCSI transport class v2.0-870.
[    4.704986] rdac: device handler registered
[    4.705068] hp_sw: device handler registered
[    4.705160] emc: device handler registered
[    4.705237] alua: device handler registered
[    4.706223] Adaptec aacraid driver 1.1-5[2461]-ms
[    4.706645] scsi: <fdomain> Detection failed (no card)
[    4.706742] sym53c416.c: Version 1.0.0-ac
[    4.706839] qlogicfas: no cards were found, please specify I/O address and IRQ using iobase= and irq= options
[    4.706954] QLogic Fibre Channel HBA Driver: 8.03.01-k6
[    4.707175] iscsi: registered transport (qla4xxx)
[    4.707280] QLogic iSCSI HBA Driver
[    4.707375] Emulex LightPulse Fibre Channel SCSI driver 8.3.4
[    4.707457] Copyright(c) 2004-2009 Emulex.  All rights reserved.
[    4.729519] Failed initialization of WD-7000 SCSI card!
[    4.819375] DC390: clustering now enabled by default. If you get problems load
[    4.819487]        with "disable_clustering=1" and report to maintainers
[    4.819613] megaraid cmm: 2.20.2.7 (Release Date: Sun Jul 16 00:01:03 EST 2006)
[    4.819756] megaraid: 2.20.5.1 (Release Date: Thu Nov 16 15:32:35 EST 2006)
[    4.819867] megasas: 00.00.04.01 Thu July 24 11:41:51 PST 2008
[    4.819993] GDT-HA: Storage RAID Controller Driver. Version: 3.05
[    4.820141] 3ware Storage Controller device driver for Linux v1.26.02.002.
[    4.820246] 3ware 9000 Storage Controller device driver for Linux v2.26.02.012.
[    4.820384] nsp32: loading...
[    4.820481] ipr: IBM Power RAID SCSI Device Driver version: 2.4.3 (June 10, 2009)
[    4.820628] RocketRAID 3xxx/4xxx Controller driver v1.6 (090910)
[    4.820738] stex: Promise SuperTrak EX Driver version: 4.6.0000.3
[    4.820862] st: Version 20081215, fixed bufsize 32768, s/g segs 256
[    4.821041] ahci 0000:00:1f.2: version 3.0
[    4.821055] ahci 0000:00:1f.2: PCI INT B -> GSI 16 (level, low) -> IRQ 16
[    4.821180] ahci 0000:00:1f.2: irq 29 for MSI/MSI-X
[    4.821241] ahci 0000:00:1f.2: AHCI 0001.0100 32 slots 3 ports 1.5 Gbps 0x5 impl SATA mode
[    4.821362] ahci 0000:00:1f.2: flags: 64bit ncq sntf pm led clo pio slum part ccc 
[    4.821479] ahci 0000:00:1f.2: setting latency timer to 64
[    4.821637] scsi2 : ahci
[    4.821786] scsi3 : ahci
[    4.821916] scsi4 : ahci
[    4.822077] ata1: SATA max UDMA/133 abar m2048@0xfe226000 port 0xfe226100 irq 29
[    4.822188] ata2: DUMMY
[    4.822266] ata3: SATA max UDMA/133 abar m2048@0xfe226000 port 0xfe226200 irq 29
[    4.822866] I2O subsystem v1.325
[    4.822954] i2o: max drivers = 8
[    4.823101] I2O Configuration OSM v1.323
[    4.823194] I2O Bus Adapter OSM v1.317
[    4.823300] I2O Block Device OSM v1.325
[    4.823446] I2O SCSI Peripheral OSM v1.316
[    4.823574] I2O ProcFS OSM v1.316
[    4.823675] Fusion MPT base driver 3.04.12
[    4.823758] Copyright (c) 1999-2008 LSI Corporation
[    4.823840] Fusion MPT SPI Host driver 3.04.12
[    4.823946] Fusion MPT FC Host driver 3.04.12
[    4.824049] Fusion MPT SAS Host driver 3.04.12
[    4.824191] ohci1394 0000:15:00.1: PCI INT B -> GSI 17 (level, low) -> IRQ 17
[    4.824283] ohci1394 0000:15:00.1: setting latency timer to 64
[    4.877527] ohci1394: fw-host0: OHCI-1394 1.1 (PCI): IRQ=[17]  MMIO=[f8301000-f83017ff]  Max Packet=[2048]  IR/IT contexts=[4/4]
[    4.881788] ehci_hcd: USB 2.0 'Enhanced' Host Controller (EHCI) Driver
[    4.882065] ehci_hcd 0000:00:1a.7: power state changed by ACPI to D0
[    4.882296] ehci_hcd 0000:00:1a.7: power state changed by ACPI to D0
[    4.882389] ehci_hcd 0000:00:1a.7: PCI INT C -> GSI 22 (level, low) -> IRQ 22
[    4.882479] ehci_hcd 0000:00:1a.7: setting latency timer to 64
[    4.882487] ehci_hcd 0000:00:1a.7: EHCI Host Controller
[    4.882622] ehci_hcd 0000:00:1a.7: new USB bus registered, assigned bus number 1
[    4.886660] ehci_hcd 0000:00:1a.7: cache line size of 32 is not supported
[    4.886669] ehci_hcd 0000:00:1a.7: irq 22, io mem 0xfe226c00
[    4.896488] ehci_hcd 0000:00:1a.7: USB 2.0 started, EHCI 1.00
[    4.896586] usb usb1: New USB device found, idVendor=1d6b, idProduct=0002
[    4.896676] usb usb1: New USB device strings: Mfr=3, Product=2, SerialNumber=1
[    4.896788] usb usb1: Product: EHCI Host Controller
[    4.896876] usb usb1: Manufacturer: Linux 2.6.32.57 ehci_hcd
[    4.896957] usb usb1: SerialNumber: 0000:00:1a.7
[    4.897089] usb usb1: configuration #1 chosen from 1 choice
[    4.897207] hub 1-0:1.0: USB hub found
[    4.897292] hub 1-0:1.0: 4 ports detected
[    4.897614] ehci_hcd 0000:00:1d.7: power state changed by ACPI to D0
[    4.897857] ehci_hcd 0000:00:1d.7: power state changed by ACPI to D0
[    4.897946] ehci_hcd 0000:00:1d.7: PCI INT D -> GSI 19 (level, low) -> IRQ 19
[    4.898042] ehci_hcd 0000:00:1d.7: setting latency timer to 64
[    4.898045] ehci_hcd 0000:00:1d.7: EHCI Host Controller
[    4.898173] ehci_hcd 0000:00:1d.7: new USB bus registered, assigned bus number 2
[    4.898332] ehci_hcd 0000:00:1d.7: debug port 1
[    4.902309] ehci_hcd 0000:00:1d.7: cache line size of 32 is not supported
[    4.902318] ehci_hcd 0000:00:1d.7: irq 19, io mem 0xfe227000
[    4.912488] ehci_hcd 0000:00:1d.7: USB 2.0 started, EHCI 1.00
[    4.912597] usb usb2: New USB device found, idVendor=1d6b, idProduct=0002
[    4.912680] usb usb2: New USB device strings: Mfr=3, Product=2, SerialNumber=1
[    4.912804] usb usb2: Product: EHCI Host Controller
[    4.912891] usb usb2: Manufacturer: Linux 2.6.32.57 ehci_hcd
[    4.912989] usb usb2: SerialNumber: 0000:00:1d.7
[    4.913119] usb usb2: configuration #1 chosen from 1 choice
[    4.913227] hub 2-0:1.0: USB hub found
[    4.913316] hub 2-0:1.0: 6 ports detected
[    4.913488] 116x: driver isp116x-hcd, 03 Nov 2005
[    4.913584] ohci_hcd: USB 1.1 'Open' Host Controller (OHCI) Driver
[    4.913696] uhci_hcd: USB Universal Host Controller Interface driver
[    4.913796] uhci_hcd 0000:00:1a.0: PCI INT A -> GSI 20 (level, low) -> IRQ 20
[    4.913891] uhci_hcd 0000:00:1a.0: setting latency timer to 64
[    4.913896] uhci_hcd 0000:00:1a.0: UHCI Host Controller
[    4.914012] uhci_hcd 0000:00:1a.0: new USB bus registered, assigned bus number 3
[    4.914163] uhci_hcd 0000:00:1a.0: irq 20, io base 0x00001860
[    4.914283] usb usb3: New USB device found, idVendor=1d6b, idProduct=0001
[    4.914373] usb usb3: New USB device strings: Mfr=3, Product=2, SerialNumber=1
[    4.914494] usb usb3: Product: UHCI Host Controller
[    4.914573] usb usb3: Manufacturer: Linux 2.6.32.57 uhci_hcd
[    4.914667] usb usb3: SerialNumber: 0000:00:1a.0
[    4.914795] usb usb3: configuration #1 chosen from 1 choice
[    4.914911] hub 3-0:1.0: USB hub found
[    4.914995] hub 3-0:1.0: 2 ports detected
[    4.915292] uhci_hcd 0000:00:1a.1: power state changed by ACPI to D0
[    4.915561] uhci_hcd 0000:00:1a.1: power state changed by ACPI to D0
[    4.915657] uhci_hcd 0000:00:1a.1: PCI INT B -> GSI 21 (level, low) -> IRQ 21
[    4.915748] uhci_hcd 0000:00:1a.1: setting latency timer to 64
[    4.915753] uhci_hcd 0000:00:1a.1: UHCI Host Controller
[    4.915872] uhci_hcd 0000:00:1a.1: new USB bus registered, assigned bus number 4
[    4.916023] uhci_hcd 0000:00:1a.1: irq 21, io base 0x00001880
[    4.916135] usb usb4: New USB device found, idVendor=1d6b, idProduct=0001
[    4.916216] usb usb4: New USB device strings: Mfr=3, Product=2, SerialNumber=1
[    4.916329] usb usb4: Product: UHCI Host Controller
[    4.916407] usb usb4: Manufacturer: Linux 2.6.32.57 uhci_hcd
[    4.916495] usb usb4: SerialNumber: 0000:00:1a.1
[    4.916637] usb usb4: configuration #1 chosen from 1 choice
[    4.916745] hub 4-0:1.0: USB hub found
[    4.916837] hub 4-0:1.0: 2 ports detected
[    4.917135] uhci_hcd 0000:00:1d.0: power state changed by ACPI to D0
[    4.917364] uhci_hcd 0000:00:1d.0: power state changed by ACPI to D0
[    4.917448] uhci_hcd 0000:00:1d.0: PCI INT A -> GSI 16 (level, low) -> IRQ 16
[    4.917550] uhci_hcd 0000:00:1d.0: setting latency timer to 64
[    4.917553] uhci_hcd 0000:00:1d.0: UHCI Host Controller
[    4.917685] uhci_hcd 0000:00:1d.0: new USB bus registered, assigned bus number 5
[    4.917832] uhci_hcd 0000:00:1d.0: irq 16, io base 0x000018a0
[    4.917940] usb usb5: New USB device found, idVendor=1d6b, idProduct=0001
[    4.918028] usb usb5: New USB device strings: Mfr=3, Product=2, SerialNumber=1
[    4.918144] usb usb5: Product: UHCI Host Controller
[    4.918223] usb usb5: Manufacturer: Linux 2.6.32.57 uhci_hcd
[    4.918303] usb usb5: SerialNumber: 0000:00:1d.0
[    4.918429] usb usb5: configuration #1 chosen from 1 choice
[    4.918548] hub 5-0:1.0: USB hub found
[    4.918628] hub 5-0:1.0: 2 ports detected
[    4.918770] uhci_hcd 0000:00:1d.1: PCI INT B -> GSI 17 (level, low) -> IRQ 17
[    4.918858] uhci_hcd 0000:00:1d.1: setting latency timer to 64
[    4.918863] uhci_hcd 0000:00:1d.1: UHCI Host Controller
[    4.918983] uhci_hcd 0000:00:1d.1: new USB bus registered, assigned bus number 6
[    4.919130] uhci_hcd 0000:00:1d.1: irq 17, io base 0x000018c0
[    4.919234] usb usb6: New USB device found, idVendor=1d6b, idProduct=0001
[    4.919316] usb usb6: New USB device strings: Mfr=3, Product=2, SerialNumber=1
[    4.919435] usb usb6: Product: UHCI Host Controller
[    4.919528] usb usb6: Manufacturer: Linux 2.6.32.57 uhci_hcd
[    4.919611] usb usb6: SerialNumber: 0000:00:1d.1
[    4.919737] usb usb6: configuration #1 chosen from 1 choice
[    4.919845] hub 6-0:1.0: USB hub found
[    4.919930] hub 6-0:1.0: 2 ports detected
[    4.920211] uhci_hcd 0000:00:1d.2: power state changed by ACPI to D0
[    4.920458] uhci_hcd 0000:00:1d.2: power state changed by ACPI to D0
[    4.920556] uhci_hcd 0000:00:1d.2: PCI INT C -> GSI 18 (level, low) -> IRQ 18
[    4.920644] uhci_hcd 0000:00:1d.2: setting latency timer to 64
[    4.920649] uhci_hcd 0000:00:1d.2: UHCI Host Controller
[    4.920767] uhci_hcd 0000:00:1d.2: new USB bus registered, assigned bus number 7
[    4.920914] uhci_hcd 0000:00:1d.2: irq 18, io base 0x000018e0
[    4.921019] usb usb7: New USB device found, idVendor=1d6b, idProduct=0001
[    4.921103] usb usb7: New USB device strings: Mfr=3, Product=2, SerialNumber=1
[    4.921221] usb usb7: Product: UHCI Host Controller
[    4.921317] usb usb7: Manufacturer: Linux 2.6.32.57 uhci_hcd
[    4.921398] usb usb7: SerialNumber: 0000:00:1d.2
[    4.922196] usb usb7: configuration #1 chosen from 1 choice
[    4.922319] hub 7-0:1.0: USB hub found
[    4.922407] hub 7-0:1.0: 2 ports detected
[    4.922568] sl811: driver sl811-hcd, 19 May 2005
[    4.922664] r8a66597_hcd: driver r8a66597_hcd, 2009-05-26
[    4.922822] Initializing USB Mass Storage driver...
[    4.922951] usbcore: registered new interface driver usb-storage
[    4.923031] USB Mass Storage support registered.
[    4.923138] usbcore: registered new interface driver ums-alauda
[    4.923247] usbcore: registered new interface driver ums-cypress
[    4.923345] usbcore: registered new interface driver ums-datafab
[    4.923454] usbcore: registered new interface driver ums-freecom
[    4.923571] usbcore: registered new interface driver ums-isd200
[    4.923677] usbcore: registered new interface driver ums-jumpshot
[    4.923776] usbcore: registered new interface driver ums-karma
[    4.923875] usbcore: registered new interface driver ums-onetouch
[    4.923985] usbcore: registered new interface driver ums-sddr09
[    4.924091] usbcore: registered new interface driver ums-sddr55
[    4.924194] usbcore: registered new interface driver ums-usbat
[    4.924336] PNP: PS/2 Controller [PNP0303:KBD,PNP0f13:MOU] at 0x60,0x64 irq 1,12
[    4.932664] serio: i8042 KBD port at 0x60,0x64 irq 1
[    4.932765] serio: i8042 AUX port at 0x60,0x64 irq 12
[    4.933005] mice: PS/2 mouse device common for all mice
[    4.933125] i2c /dev entries driver
[    4.933248] md: linear personality registered for level -1
[    4.933339] md: raid0 personality registered for level 0
[    4.933430] md: raid1 personality registered for level 1
[    4.933520] md: raid10 personality registered for level 10
[    4.933605] md: raid6 personality registered for level 6
[    4.933684] md: raid5 personality registered for level 5
[    4.933775] md: raid4 personality registered for level 4
[    4.933855] md: multipath personality registered for level -4
[    4.934034] device-mapper: ioctl: 4.15.0-ioctl (2009-04-01) initialised: dm-devel@redhat.com
[    4.934217] cpuidle: using governor ladder
[    4.934831] usbcore: registered new interface driver usbhid
[    4.934920] usbhid: v2.6:USB HID core driver
[    4.935058] random 0014 0000 0000 00000000 00000000: rand_read_num 4 get_random_bytes(136): sig 00000000 00000000 00000000
[    4.935060] random 0014 0000 0000 00000000 00000000: extract_entropy(.. 136 ..)
[    4.935063] random 0014 0000 0000 00000000 00000000: going to reseed nonblocking with 1024 bits (1088 of 0 requested)
[    4.935065] random 0014 0000 0000 00000000 00000000: extract_entropy(.. 128 ..)
[    4.935067] random 0014 0000 0000 00000000 00000000: trying to extract 1024 bits from input
[    4.935070] random 0014 0000 0000 00000000 00000000: debiting 0 entropy credits from input
[    4.935072] random 0014 0000 0000 00000000 00000000: extract_entropy account returned: 0 
[    4.935075] random 0014 0000 0000 00000000 00000000: urand_change_num 7 xfer_secondary_pool(136): pool_sig 00000000, data_sig 00000000, bytes_mixed 0 00000000 00000000
[    4.935078] random 0014 0000 0000 00000000 00000000: trying to extract 1088 bits from nonblocking
[    4.935080] random 0014 0000 0000 00000000 00000000: debiting 1088 entropy credits from nonblocking (unlimited)
[    4.935082] random 0014 0000 0000 00000000 00000000: extract_entropy account returned: 136 
[    4.935087] random 0014 0000 0000 00000000 00000000: urand_change_num 8 extract_buf: pool_sig 00000000, data_sig fffffff9, bytes_mixed 20 00000000 00000000
[    4.935092] random 0014 0000 0000 b7c35b56 be4dc95d: urand_change_num 9 extract_buf: pool_sig fffffd1e, data_sig 000000c5, bytes_mixed 20 b7c35b56 be4dc95d
[    4.935098] random 0014 0000 0000 ed9f5c47 c48487fb: urand_change_num 10 extract_buf: pool_sig fffff8ec, data_sig ffffff68, bytes_mixed 20 ed9f5c47 c48487fb
[    4.935103] random 0014 0000 0000 ed9f5c47 c48487fb: urand_change_num 11 extract_buf: pool_sig fffffaed, data_sig 000001aa, bytes_mixed 20 ed9f5c47 c48487fb
[    4.935108] random 0014 0000 0000 1b4f7c0a 91bd6a48: urand_change_num 12 extract_buf: pool_sig fffffdd8, data_sig 00000064, bytes_mixed 20 1b4f7c0a 91bd6a48
[    4.935113] random 0014 0000 0000 a254b9bc 20e9a24f: urand_change_num 13 extract_buf: pool_sig fffffbe6, data_sig 000001dd, bytes_mixed 20 a254b9bc 20e9a24f
[    4.935118] random 0014 0000 0000 a254b9bc 20e9a24f: urand_change_num 14 extract_buf: pool_sig fffff940, data_sig fffffe20, bytes_mixed 20 a254b9bc 20e9a24f
[    4.935124] random 0014 0000 0000 2831a66b 5fa2a3ad: urand_change_num 15 extract_buf: pool_sig fffffbce, data_sig 0000007e, bytes_mixed 20 2831a66b 5fa2a3ad
[    4.935129] random 0014 0000 0000 2831a66b 5fa2a3ad: urand_change_num 16 extract_buf: pool_sig 000004df, data_sig fffffe8f, bytes_mixed 20 2831a66b 5fa2a3ad
[    4.935134] random 0014 0000 0000 d4512bfd c9a54e0b: urand_change_num 17 extract_buf: pool_sig 00000485, data_sig fffffe68, bytes_mixed 20 d4512bfd c9a54e0b
[    4.935139] random 0014 0000 0000 c7371be6 f9ffea11: urand_change_num 18 extract_buf: pool_sig 00000095, data_sig ffffffed, bytes_mixed 20 c7371be6 f9ffea11
[    4.935145] random 0014 0000 0000 c7371be6 f9ffea11: urand_change_num 19 extract_buf: pool_sig 000003a7, data_sig fffffefa, bytes_mixed 20 c7371be6 f9ffea11
[    4.935150] random 0014 0000 0000 8fb4b62c d1ddba54: urand_change_num 20 extract_buf: pool_sig 00000179, data_sig ffffff78, bytes_mixed 20 8fb4b62c d1ddba54
[    4.935155] random 0014 0000 0000 9ff19f9c c07a1d2a: urand_change_num 21 extract_buf: pool_sig fffffe88, data_sig 00000126, bytes_mixed 20 9ff19f9c c07a1d2a
[    4.935159] TCP cubic registered
[    4.935246] Initializing XFRM netlink socket
[    4.935338] NET: Registered protocol family 17
[    4.935431] Using IPI Shortcut mode
[    4.935536] random 0014 0000 0000 9ff19f9c c07a1d2a: rand_read_num 5 get_random_bytes(8): sig 0000031b 9ff19f9c c07a1d2a
[    4.935538] random 0014 0000 0000 9ff19f9c c07a1d2a: extract_entropy(.. 8 ..)
[    4.935541] random 0014 0000 0000 9ff19f9c c07a1d2a: going to reseed nonblocking with 64 bits (64 of 0 requested)
[    4.935543] random 0014 0000 0000 9ff19f9c c07a1d2a: extract_entropy(.. 8 ..)
[    4.935545] random 0014 0000 0000 9ff19f9c c07a1d2a: trying to extract 64 bits from input
[    4.935547] random 0014 0000 0000 9ff19f9c c07a1d2a: debiting 0 entropy credits from input
[    4.935549] random 0014 0000 0000 9ff19f9c c07a1d2a: extract_entropy account returned: 0 
[    4.935552] random 0014 0000 0000 9ff19f9c c07a1d2a: urand_change_num 22 xfer_secondary_pool(8): pool_sig 0000031b, data_sig 00000000, bytes_mixed 0 9ff19f9c c07a1d2a
[    4.935555] random 0014 0000 0000 9ff19f9c c07a1d2a: trying to extract 64 bits from nonblocking
[    4.935558] random 0014 0000 0000 9ff19f9c c07a1d2a: debiting 64 entropy credits from nonblocking (unlimited)
[    4.935560] random 0014 0000 0000 9ff19f9c c07a1d2a: extract_entropy account returned: 8 
[    4.935564] random 0014 0000 0000 9ff19f9c c07a1d2a: urand_change_num 23 extract_buf: pool_sig 0000031b, data_sig ffffffb3, bytes_mixed 20 9ff19f9c c07a1d2a
[    4.938698] input: AT Translated Set 2 keyboard as /devices/platform/i8042/serio0/input/input1
[    5.128481] ata3: SATA link down (SStatus 0 SControl 300)
[    5.128584] ata1: SATA link up 1.5 Gbps (SStatus 113 SControl 300)
[    5.131221] ata1.00: ACPI cmd ef/02:00:00:00:00:a0 (SET FEATURES) succeeded
[    5.131224] ata1.00: ACPI cmd f5/00:00:00:00:00:a0 (SECURITY FREEZE LOCK) filtered out
[    5.132615] ata1.00: ACPI cmd ef/5f:00:00:00:00:a0 (SET FEATURES) succeeded
[    5.132618] ata1.00: ACPI cmd ef/10:03:00:00:00:a0 (SET FEATURES) filtered out
[    5.134525] ata1.00: ATA-7: ST910021AS, 4.06, max UDMA/100
[    5.134607] ata1.00: 195371568 sectors, multi 16: LBA48 
[    5.136764] ata1.00: ACPI cmd ef/02:00:00:00:00:a0 (SET FEATURES) succeeded
[    5.136766] ata1.00: ACPI cmd f5/00:00:00:00:00:a0 (SECURITY FREEZE LOCK) filtered out
[    5.138161] ata1.00: ACPI cmd ef/5f:00:00:00:00:a0 (SET FEATURES) succeeded
[    5.138163] ata1.00: ACPI cmd ef/10:03:00:00:00:a0 (SET FEATURES) filtered out
[    5.140086] ata1.00: configured for UDMA/100
[    5.150535] scsi 2:0:0:0: Direct-Access     ATA      ST910021AS       4.06 PQ: 0 ANSI: 5
[    5.150810] sd 2:0:0:0: [sda] 195371568 512-byte logical blocks: (100 GB/93.1 GiB)
[    5.150949] sd 2:0:0:0: [sda] Write Protect is off
[    5.151037] sd 2:0:0:0: [sda] Mode Sense: 00 3a 00 00
[    5.151050] sd 2:0:0:0: [sda] Write cache: enabled, read cache: enabled, doesn't support DPO or FUA
[    5.151231]  sda:
[    5.216465] usb 2-1: new high speed USB device using ehci_hcd and address 2
[    5.366075] usb 2-1: New USB device found, idVendor=0e8d, idProduct=1806
[    5.366160] usb 2-1: New USB device strings: Mfr=1, Product=2, SerialNumber=3
[    5.366242] usb 2-1: Product: MT1806 
[    5.366327] usb 2-1: Manufacturer: MediaTek Inc
[    5.366406] usb 2-1: SerialNumber: R8KN6GAC800AEB 
[    5.366539] usb 2-1: configuration #1 chosen from 1 choice
[    5.372869] scsi5 : SCSI emulation for USB Mass Storage devices
[    5.373033] usb-storage: device found at 2
[    5.373034] usb-storage: waiting for device to settle before scanning
[    5.573539] random 0014 0000 0000 277f73c3 42024bb9: add_disk_randomness(8:0) 277f73c3 42024bb9
[    5.573543] random 0014 0000 0000 277f73c3 42024bb9: add_timer_randomness(.. 8388864) with jiffies: 13744347272248525197, cycles: -4702396805755699189
[    5.573546] random 0014 0000 0000 277f73c3 42024bb9: added 11 entropy credits to input
[    5.573551]  sda1 sda2
[    5.574111] random 0025 0000 0000 277f73c3 42024bb9: add_disk_randomness(8:0) 277f73c3 42024bb9
[    5.574115] random 0025 0000 0000 277f73c3 42024bb9: add_timer_randomness(.. 8388864) with jiffies: 13749503500746457485, cycles: -4697240577257766901
[    5.574269] sd 2:0:0:0: [sda] Attached SCSI disk
[    5.574355] random 0025 0000 0000 277f73c3 42024bb9: rand_read_num 6 get_random_bytes(12): sig 000007e9 277f73c3 42024bb9
[    5.574357] random 0025 0000 0000 277f73c3 42024bb9: extract_entropy(.. 12 ..)
[    5.574360] random 0025 0000 0000 277f73c3 42024bb9: going to reseed nonblocking with 96 bits (96 of 0 requested)
[    5.574362] random 0025 0000 0000 277f73c3 42024bb9: extract_entropy(.. 12 ..)
[    5.574364] random 0025 0000 0000 277f73c3 42024bb9: trying to extract 96 bits from input
[    5.574366] random 0025 0000 0000 277f73c3 42024bb9: debiting 0 entropy credits from input
[    5.574368] random 0025 0000 0000 277f73c3 42024bb9: extract_entropy account returned: 0 
[    5.574371] random 0025 0000 0000 277f73c3 42024bb9: urand_change_num 24 xfer_secondary_pool(12): pool_sig 000007e9, data_sig 00000000, bytes_mixed 0 277f73c3 42024bb9
[    5.574374] random 0025 0000 0000 277f73c3 42024bb9: trying to extract 96 bits from nonblocking
[    5.574377] random 0025 0000 0000 277f73c3 42024bb9: debiting 96 entropy credits from nonblocking (unlimited)
[    5.574379] random 0025 0000 0000 277f73c3 42024bb9: extract_entropy account returned: 12 
[    5.574383] random 0025 0000 0000 277f73c3 42024bb9: urand_change_num 25 extract_buf: pool_sig 000007e9, data_sig 00000088, bytes_mixed 20 277f73c3 42024bb9
[    5.574389] random 0025 0000 0000 277f73c3 42024bb9: urand_change_num 26 extract_buf: pool_sig 00000498, data_sig fffffefb, bytes_mixed 20 277f73c3 42024bb9
[    5.574392] RANDOM - __seed init called.
[    5.574393] RANDOM - __seed init called.
[    5.574394] RANDOM - __seed init called.
[    5.574395] RANDOM - __random32 called. Change num 12.  Value: 87f14767	f0d7351	b1e48bd3
[    5.574397] RANDOM - random32_reseed called.  Value: 87f14767	f0d7351	b1e48bd3
[    5.574400] Pid: 1, comm: swapper Not tainted 2.6.32.57 #6
[    5.574484] Call Trace:
[    5.574564]  [<c1923ca4>] ? random32_reseed+0xa0/0xb1
[    5.574645]  [<c1923c04>] ? random32_reseed+0x0/0xb1
[    5.574732]  [<c100111e>] ? do_one_initcall+0x2e/0x180
[    5.574815]  [<c1907265>] ? kernel_init+0xad/0x103
[    5.574893]  [<c19071b8>] ? kernel_init+0x0/0x103
[    5.574974]  [<c1003787>] ? kernel_thread_helper+0x7/0x10
[    5.575498] random 0025 0000 0000 386b4e60 ee4d4880: rand_read_num 7 get_random_bytes(64): sig fffffea5 386b4e60 ee4d4880
[    5.575501] random 0025 0000 0000 386b4e60 ee4d4880: extract_entropy(.. 64 ..)
[    5.575503] random 0025 0000 0000 386b4e60 ee4d4880: going to reseed nonblocking with 512 bits (512 of 0 requested)
[    5.575506] random 0025 0000 0000 386b4e60 ee4d4880: extract_entropy(.. 64 ..)
[    5.575508] random 0025 0000 0000 386b4e60 ee4d4880: trying to extract 512 bits from input
[    5.575510] random 0025 0000 0000 386b4e60 ee4d4880: debiting 0 entropy credits from input
[    5.575512] random 0025 0000 0000 386b4e60 ee4d4880: extract_entropy account returned: 0 
[    5.575515] random 0025 0000 0000 386b4e60 ee4d4880: urand_change_num 27 xfer_secondary_pool(64): pool_sig fffffea5, data_sig 00000000, bytes_mixed 0 386b4e60 ee4d4880
[    5.575518] random 0025 0000 0000 386b4e60 ee4d4880: trying to extract 512 bits from nonblocking
[    5.575520] random 0025 0000 0000 386b4e60 ee4d4880: debiting 512 entropy credits from nonblocking (unlimited)
[    5.575523] random 0025 0000 0000 386b4e60 ee4d4880: extract_entropy account returned: 64 
[    5.575527] random 0025 0000 0000 386b4e60 ee4d4880: urand_change_num 28 extract_buf: pool_sig fffffea5, data_sig 00000173, bytes_mixed 20 386b4e60 ee4d4880
[    5.575532] random 0025 0000 0000 412698f6 0cc8689a: urand_change_num 29 extract_buf: pool_sig 00000122, data_sig ffffff63, bytes_mixed 20 412698f6 0cc8689a
[    5.575537] random 0025 0000 0000 412698f6 0cc8689a: urand_change_num 30 extract_buf: pool_sig 000001f7, data_sig 00000012, bytes_mixed 20 412698f6 0cc8689a
[    5.575543] random 0025 0000 0000 9669941e 06f768b1: urand_change_num 31 extract_buf: pool_sig fffffb5b, data_sig 0000003f, bytes_mixed 20 9669941e 06f768b1
[    5.575548] random 0025 0000 0000 98486520 995551f0: urand_change_num 32 extract_buf: pool_sig fffffb39, data_sig 0000000e, bytes_mixed 20 98486520 995551f0
[    5.575553] random 0025 0000 0000 98486520 995551f0: urand_change_num 33 extract_buf: pool_sig fffffd8d, data_sig 000001a6, bytes_mixed 20 98486520 995551f0
[    5.575558] random 0025 0000 0000 61fc8914 d5882ed2: urand_change_num 34 extract_buf: pool_sig fffffa58, data_sig 0000023e, bytes_mixed 20 61fc8914 d5882ed2
[    5.575587] random 0025 0000 0000 61fc8914 d5882ed2: rand_read_num 8 get_random_bytes(64): sig fffff9ee 61fc8914 d5882ed2
[    5.575590] random 0025 0000 0000 61fc8914 d5882ed2: extract_entropy(.. 64 ..)
[    5.575592] random 0025 0000 0000 61fc8914 d5882ed2: going to reseed nonblocking with 512 bits (512 of 0 requested)
[    5.575594] random 0025 0000 0000 61fc8914 d5882ed2: extract_entropy(.. 64 ..)
[    5.575596] random 0025 0000 0000 61fc8914 d5882ed2: trying to extract 512 bits from input
[    5.575599] random 0025 0000 0000 61fc8914 d5882ed2: debiting 0 entropy credits from input
[    5.575601] random 0025 0000 0000 61fc8914 d5882ed2: extract_entropy account returned: 0 
[    5.575604] random 0025 0000 0000 61fc8914 d5882ed2: urand_change_num 35 xfer_secondary_pool(64): pool_sig fffff9ee, data_sig 00000000, bytes_mixed 0 61fc8914 d5882ed2
[    5.575607] random 0025 0000 0000 61fc8914 d5882ed2: trying to extract 512 bits from nonblocking
[    5.575609] random 0025 0000 0000 61fc8914 d5882ed2: debiting 512 entropy credits from nonblocking (unlimited)
[    5.575611] random 0025 0000 0000 61fc8914 d5882ed2: extract_entropy account returned: 64 
[    5.575615] random 0025 0000 0000 61fc8914 d5882ed2: urand_change_num 36 extract_buf: pool_sig fffff9ee, data_sig ffffff85, bytes_mixed 20 61fc8914 d5882ed2
[    5.575621] random 0025 0000 0000 70cfd302 e5edec11: urand_change_num 37 extract_buf: pool_sig fffffdc1, data_sig ffffffde, bytes_mixed 20 70cfd302 e5edec11
[    5.575626] random 0025 0000 0000 00dab838 eafd2b30: urand_change_num 38 extract_buf: pool_sig 000003da, data_sig ffffff61, bytes_mixed 20 00dab838 eafd2b30
[    5.575631] random 0025 0000 0000 00dab838 eafd2b30: urand_change_num 39 extract_buf: pool_sig 00000314, data_sig 00000121, bytes_mixed 20 00dab838 eafd2b30
[    5.575636] random 0025 0000 0000 5fcdf66a 6442b608: urand_change_num 40 extract_buf: pool_sig 0000028b, data_sig fffffefd, bytes_mixed 20 5fcdf66a 6442b608
[    5.575642] random 0025 0000 0000 61333f6b 8fae0f9b: urand_change_num 41 extract_buf: pool_sig 000000cb, data_sig 000000b3, bytes_mixed 20 61333f6b 8fae0f9b
[    5.575647] random 0025 0000 0000 61333f6b 8fae0f9b: urand_change_num 42 extract_buf: pool_sig fffffef8, data_sig 00000051, bytes_mixed 20 61333f6b 8fae0f9b
[    5.575650] BEGIN NET_SECRET:
[    5.575651] \xffffffe0
[    5.575652] \xffffffb6
[    5.575652] \x36
[    5.575653] \xffffffb5
[    5.575654] \xffffff94
[    5.575655] \xffffffb2
[    5.575656] \xffffffa8
[    5.575657] \xffffffda
[    5.575658] \x5b
[    5.575658] \x19
[    5.575659] \x18
[    5.575660] \x5c
[    5.575660] \x2b
[    5.575661] \x1
[    5.575662] \xffffff90
[    5.575663] \x19
[    5.575663] \x3c
[    5.575664] \xfffffff2
[    5.575665] \xffffff82
[    5.575666] \x2a
[    5.575667] \xffffffb3
[    5.575667] \xffffffa2
[    5.575668] \x3f
[    5.575669] \x5
[    5.575670] \x52
[    5.575670] \x77
[    5.575671] \x57
[    5.575672] \x79
[    5.575673] \x16
[    5.575673] \x43
[    5.575674] \xffffff84
[    5.575675] \xffffffc3
[    5.575676] \xffffffe9
[    5.575676] \x79
[    5.575677] \x50
[    5.575678] \xffffff8e
[    5.575679] \x3f
[    5.575679] \xfffffff3
[    5.575680] \x19
[    5.575681] \x2a
[    5.575682] \xfffffffd
[    5.575683] \xfffffffb
[    5.575683] \x62
[    5.575684] \x3c
[    5.575685] \xffffffac
[    5.575686] \x1c
[    5.575686] \x3b
[    5.575687] \x3b
[    5.575688] \x15
[    5.575689] \x27
[    5.575689] \xffffffa8
[    5.575690] \x22
[    5.575691] \xffffffc5
[    5.575692] \xffffff9a
[    5.575692] \x5
[    5.575693] \x6c
[    5.575694] \xffffffa8
[    5.575695] \x3a
[    5.575695] \x44
[    5.575696] \xffffffaf
[    5.575697] \x13
[    5.575698] \xffffffe0
[    5.575699] \xffffff9d
[    5.575699] \x22
[    5.575700] 
[    5.575701] END NET_SECRET
[    5.575704] random 0025 0000 0000 e7f555d9 e8ce5c3c: rand_read_num 9 get_random_bytes(4): sig 0000068c e7f555d9 e8ce5c3c
[    5.575706] random 0025 0000 0000 e7f555d9 e8ce5c3c: extract_entropy(.. 4 ..)
[    5.575708] random 0025 0000 0000 e7f555d9 e8ce5c3c: going to reseed nonblocking with 64 bits (32 of 0 requested)
[    5.575711] random 0025 0000 0000 e7f555d9 e8ce5c3c: extract_entropy(.. 8 ..)
[    5.575713] random 0025 0000 0000 e7f555d9 e8ce5c3c: trying to extract 64 bits from input
[    5.575715] random 0025 0000 0000 e7f555d9 e8ce5c3c: debiting 0 entropy credits from input
[    5.575717] random 0025 0000 0000 e7f555d9 e8ce5c3c: extract_entropy account returned: 0 
[    5.575720] random 0025 0000 0000 e7f555d9 e8ce5c3c: urand_change_num 43 xfer_secondary_pool(4): pool_sig 0000068c, data_sig 00000000, bytes_mixed 0 e7f555d9 e8ce5c3c
[    5.575723] random 0025 0000 0000 e7f555d9 e8ce5c3c: trying to extract 32 bits from nonblocking
[    5.575725] random 0025 0000 0000 e7f555d9 e8ce5c3c: debiting 32 entropy credits from nonblocking (unlimited)
[    5.575727] random 0025 0000 0000 e7f555d9 e8ce5c3c: extract_entropy account returned: 4 
[    5.575731] random 0025 0000 0000 e7f555d9 e8ce5c3c: urand_change_num 44 extract_buf: pool_sig 0000068c, data_sig fffffdcb, bytes_mixed 20 e7f555d9 e8ce5c3c
[    5.575742] md: Waiting for all devices to be available before autodetect
[    5.575824] md: If you don't use raid, use raid=noautodetect
[    5.575984] md: Autodetecting RAID arrays.
[    5.576062] md: Scanned 0 and added 0 devices.
[    5.576143] md: autorun ...
[    5.576231] md: ... autorun DONE.
[    5.589748] random 0025 0000 0000 e7f555d9 e8ce5c3c: add_disk_randomness(8:0) e7f555d9 e8ce5c3c
[    5.589752] random 0025 0000 0000 e7f555d9 e8ce5c3c: add_timer_randomness(.. 8388864) with jiffies: 13890184621950992797, cycles: -4556559456053231605
[    5.589754] random 0025 0000 0000 e7f555d9 e8ce5c3c: added 4 entropy credits to input
[    5.590870] random 0029 0000 0000 e7f555d9 e8ce5c3c: add_disk_randomness(8:0) e7f555d9 e8ce5c3c
[    5.590873] random 0029 0000 0000 e7f555d9 e8ce5c3c: add_timer_randomness(.. 8388864) with jiffies: 13900280612595138974, cycles: -4546463465409085429
[    5.590985] random 0029 0000 0000 e7f555d9 e8ce5c3c: add_disk_randomness(8:0) e7f555d9 e8ce5c3c
[    5.590988] random 0029 0000 0000 e7f555d9 e8ce5c3c: add_timer_randomness(.. 8388864) with jiffies: 13901311305961931166, cycles: -4545432772042293237
[    5.590993] EXT3-fs: sda2: couldn't mount because of unsupported optional features (240).
[    5.591212] random 0029 0000 0000 e7f555d9 e8ce5c3c: add_disk_randomness(8:0) e7f555d9 e8ce5c3c
[    5.591215] random 0029 0000 0000 e7f555d9 e8ce5c3c: add_timer_randomness(.. 8388864) with jiffies: 13903356912985670046, cycles: -4543387165018554357
[    5.591219] EXT2-fs: sda2: couldn't mount because of unsupported optional features (240).
[    5.591447] random 0029 0000 0000 e7f555d9 e8ce5c3c: add_disk_randomness(8:0) e7f555d9 e8ce5c3c
[    5.591451] random 0029 0000 0000 e7f555d9 e8ce5c3c: add_timer_randomness(.. 8388864) with jiffies: 13905467777742504351, cycles: -4541276300261720053
[    5.591583] random 0029 0000 0000 e7f555d9 e8ce5c3c: add_disk_randomness(8:0) e7f555d9 e8ce5c3c
[    5.591586] random 0029 0000 0000 e7f555d9 e8ce5c3c: add_timer_randomness(.. 8388864) with jiffies: 13906690224219193759, cycles: -4540053853785030645
[    5.591745] random 0029 0000 0000 e7f555d9 e8ce5c3c: add_disk_randomness(8:0) e7f555d9 e8ce5c3c
[    5.591748] random 0029 0000 0000 e7f555d9 e8ce5c3c: add_timer_randomness(.. 8388864) with jiffies: 13908148623314223519, cycles: -4538595454690000885
[    5.591860] random 0029 0000 0000 e7f555d9 e8ce5c3c: add_disk_randomness(8:0) e7f555d9 e8ce5c3c
[    5.591863] random 0029 0000 0000 e7f555d9 e8ce5c3c: add_timer_randomness(.. 8388864) with jiffies: 13909182881503871391, cycles: -4537561196500353013
[    5.591980] random 0029 0000 0000 e7f555d9 e8ce5c3c: add_disk_randomness(8:0) e7f555d9 e8ce5c3c
[    5.591983] random 0029 0000 0000 e7f555d9 e8ce5c3c: add_timer_randomness(.. 8388864) with jiffies: 13910267150292713887, cycles: -4536476927711510517
[    5.592097] random 0029 0000 0000 e7f555d9 e8ce5c3c: add_disk_randomness(8:0) e7f555d9 e8ce5c3c
[    5.592100] random 0029 0000 0000 e7f555d9 e8ce5c3c: add_timer_randomness(.. 8388864) with jiffies: 13911324227643605407, cycles: -4535419850360618997
[    5.592246] random 0029 0000 0000 e7f555d9 e8ce5c3c: add_disk_randomness(8:0) e7f555d9 e8ce5c3c
[    5.592249] random 0029 0000 0000 e7f555d9 e8ce5c3c: add_timer_randomness(.. 8388864) with jiffies: 13912664021216756127, cycles: -4534080056787468277
[    5.592371] random 0029 0000 0000 e7f555d9 e8ce5c3c: add_disk_randomness(8:0) e7f555d9 e8ce5c3c
[    5.592374] random 0029 0000 0000 e7f555d9 e8ce5c3c: add_timer_randomness(.. 8388864) with jiffies: 13913788744302559647, cycles: -4532955333701664757
[    5.592618] random 0029 0000 0000 e7f555d9 e8ce5c3c: rand_read_num 10 get_random_bytes(4): sig ffffff72 e7f555d9 e8ce5c3c
[    5.592621] random 0029 0000 0000 e7f555d9 e8ce5c3c: extract_entropy(.. 4 ..)
[    5.592623] random 0029 0000 0000 e7f555d9 e8ce5c3c: going to reseed nonblocking with 64 bits (32 of 0 requested)
[    5.592625] random 0029 0000 0000 e7f555d9 e8ce5c3c: extract_entropy(.. 8 ..)
[    5.592628] random 0029 0000 0000 e7f555d9 e8ce5c3c: trying to extract 64 bits from input
[    5.592630] random 0029 0000 0000 e7f555d9 e8ce5c3c: debiting 0 entropy credits from input
[    5.592632] random 0029 0000 0000 e7f555d9 e8ce5c3c: extract_entropy account returned: 0 
[    5.592635] random 0029 0000 0000 e7f555d9 e8ce5c3c: urand_change_num 45 xfer_secondary_pool(4): pool_sig ffffff72, data_sig 00000000, bytes_mixed 0 e7f555d9 e8ce5c3c
[    5.592637] random 0029 0000 0000 e7f555d9 e8ce5c3c: trying to extract 32 bits from nonblocking
[    5.592640] random 0029 0000 0000 e7f555d9 e8ce5c3c: debiting 32 entropy credits from nonblocking (unlimited)
[    5.592642] random 0029 0000 0000 e7f555d9 e8ce5c3c: extract_entropy account returned: 4 
[    5.592646] random 0029 0000 0000 e7f555d9 e8ce5c3c: urand_change_num 46 extract_buf: pool_sig ffffff72, data_sig ffffff72, bytes_mixed 20 e7f555d9 e8ce5c3c
[    5.604201] random 0029 0000 0000 91716c54 eeb6a1e7: add_disk_randomness(8:0) 91716c54 eeb6a1e7
[    5.604204] random 0029 0000 0000 91716c54 eeb6a1e7: add_timer_randomness(.. 8388864) with jiffies: 14020221822058594731, cycles: -4426522255945629685
[    5.604206] random 0029 0000 0000 91716c54 eeb6a1e7: added 3 entropy credits to input
[    5.622475] random 0032 0000 0000 91716c54 eeb6a1e7: add_disk_randomness(8:0) 91716c54 eeb6a1e7
[    5.622478] random 0032 0000 0000 91716c54 eeb6a1e7: add_timer_randomness(.. 8388864) with jiffies: 14184627565217153470, cycles: -4262116512787070965
[    5.622481] random 0032 0000 0000 91716c54 eeb6a1e7: added 2 entropy credits to input
[    5.627174] EXT4-fs (sda2): mounted filesystem with ordered data mode
[    5.627369] VFS: Mounted root (ext4 filesystem) readonly on device 8:2.
[    5.627471] Freeing unused kernel memory: 448k freed
[    5.647626] random 0034 0000 0000 91716c54 eeb6a1e7: add_disk_randomness(8:0) 91716c54 eeb6a1e7
[    5.647629] random 0034 0000 0000 91716c54 eeb6a1e7: add_timer_randomness(.. 8388864) with jiffies: 14410908320933839319, cycles: -4035835757070385141
[    5.648355] random 0034 0000 0000 91716c54 eeb6a1e7: add_disk_randomness(8:0) 91716c54 eeb6a1e7
[    5.648358] random 0034 0000 0000 91716c54 eeb6a1e7: add_timer_randomness(.. 8388864) with jiffies: 14417486192196682199, cycles: -4029257885807542261
[    5.653080] random 0034 0000 0000 91716c54 eeb6a1e7: add_disk_randomness(8:0) 91716c54 eeb6a1e7
[    5.653083] random 0034 0000 0000 91716c54 eeb6a1e7: add_timer_randomness(.. 8388864) with jiffies: 14459987376081699292, cycles: -3986756701922525173
[    5.653085] random 0034 0000 0000 91716c54 eeb6a1e7: added 2 entropy credits to input
[    5.661283] random 0036 0000 0000 91716c54 eeb6a1e7: add_disk_randomness(8:0) 91716c54 eeb6a1e7
[    5.661286] random 0036 0000 0000 91716c54 eeb6a1e7: add_timer_randomness(.. 8388864) with jiffies: 14533796088415748580, cycles: -3912947989588475893
[    5.661289] random 0036 0000 0000 91716c54 eeb6a1e7: added 1 entropy credits to input
[    5.664704] random 0037 0000 0000 91716c54 eeb6a1e7: add_disk_randomness(8:0) 91716c54 eeb6a1e7
[    5.664707] random 0037 0000 0000 91716c54 eeb6a1e7: add_timer_randomness(.. 8388864) with jiffies: 14564562674323784168, cycles: -3882181403680440309
[    5.664709] random 0037 0000 0000 91716c54 eeb6a1e7: added 2 entropy credits to input
[    5.673600] random 0039 0000 0000 91716c54 eeb6a1e7: add_disk_randomness(8:0) 91716c54 eeb6a1e7
[    5.673603] random 0039 0000 0000 91716c54 eeb6a1e7: add_timer_randomness(.. 8388864) with jiffies: 14644598582430892529, cycles: -3802145495573331957
[    5.673605] random 0039 0000 0000 91716c54 eeb6a1e7: added 2 entropy credits to input
[    5.686877] random 0041 0000 0000 91716c54 eeb6a1e7: add_disk_randomness(8:0) 91716c54 eeb6a1e7
[    5.686880] random 0041 0000 0000 91716c54 eeb6a1e7: add_timer_randomness(.. 8388864) with jiffies: 14764057793484521982, cycles: -3682686284519702517
[    5.694955] random 0041 0000 0000 91716c54 eeb6a1e7: add_disk_randomness(8:0) 91716c54 eeb6a1e7
[    5.694958] random 0041 0000 0000 91716c54 eeb6a1e7: add_timer_randomness(.. 8388864) with jiffies: 14836736100491035142, cycles: -3610007977513189365
[    5.694960] random 0041 0000 0000 91716c54 eeb6a1e7: added 2 entropy credits to input
[    5.694983] RANDOM get_random_int call with cycles 50699141398, jiffies 4294672902 and pid 1
[    5.694986] RANDOM get_random_int call with cycles 50699148811, jiffies 4294672902 and pid 1
[    5.694988] ASLR stack rand value: 2514944 after shift for pid: 1
[    5.694990] RANDOM get_random_int call with cycles 50699156655, jiffies 4294672902 and pid 1
[    5.706603] random 0043 0000 0000 91716c54 eeb6a1e7: add_disk_randomness(8:0) 91716c54 eeb6a1e7
[    5.706606] random 0043 0000 0000 91716c54 eeb6a1e7: add_timer_randomness(.. 8388864) with jiffies: 14941531880879260178, cycles: -3505212197124964341
[    5.706609] random 0043 0000 0000 91716c54 eeb6a1e7: added 2 entropy credits to input
[    5.706619] RANDOM get_random_int call with cycles 50723515017, jiffies 4294672914 and pid 1
[    5.706622] random 0045 0000 0000 91716c54 eeb6a1e7: rand_read_num 11 get_random_bytes(16): sig fffffcad 91716c54 eeb6a1e7
[    5.706624] random 0045 0000 0000 91716c54 eeb6a1e7: extract_entropy(.. 16 ..)
[    5.706627] random 0045 0000 0000 91716c54 eeb6a1e7: going to reseed nonblocking with 128 bits (128 of 0 requested)
[    5.706629] random 0045 0000 0000 91716c54 eeb6a1e7: extract_entropy(.. 16 ..)
[    5.706631] random 0045 0000 0000 91716c54 eeb6a1e7: trying to extract 128 bits from input
[    5.706633] random 0045 0000 0000 91716c54 eeb6a1e7: debiting 0 entropy credits from input
[    5.706635] random 0045 0000 0000 91716c54 eeb6a1e7: extract_entropy account returned: 0 
[    5.706638] random 0045 0000 0000 91716c54 eeb6a1e7: urand_change_num 47 xfer_secondary_pool(16): pool_sig fffffcad, data_sig 00000000, bytes_mixed 0 91716c54 eeb6a1e7
[    5.706641] random 0045 0000 0000 91716c54 eeb6a1e7: trying to extract 128 bits from nonblocking
[    5.706644] random 0045 0000 0000 91716c54 eeb6a1e7: debiting 128 entropy credits from nonblocking (unlimited)
[    5.706646] random 0045 0000 0000 91716c54 eeb6a1e7: extract_entropy account returned: 16 
[    5.706650] random 0045 0000 0000 91716c54 eeb6a1e7: urand_change_num 48 extract_buf: pool_sig fffffcad, data_sig ffffff19, bytes_mixed 20 91716c54 eeb6a1e7
[    5.706656] random 0045 0000 0000 fd637b06 6cf47bc1: urand_change_num 49 extract_buf: pool_sig fffffede, data_sig ffffffc1, bytes_mixed 20 fd637b06 6cf47bc1
[    5.707612] random 0045 0000 0000 fd637b06 6cf47bc1: add_disk_randomness(8:0) fd637b06 6cf47bc1
[    5.707615] random 0045 0000 0000 fd637b06 6cf47bc1: add_timer_randomness(.. 8388864) with jiffies: 14950608585589752339, cycles: -3496135492414472181
[    5.708748] random 0045 0000 0000 fd637b06 6cf47bc1: add_disk_randomness(8:0) fd637b06 6cf47bc1
[    5.708751] random 0045 0000 0000 fd637b06 6cf47bc1: add_timer_randomness(.. 8388864) with jiffies: 14960829675746329108, cycles: -3485914402257895413
[    5.709868] random 0045 0000 0000 fd637b06 6cf47bc1: add_disk_randomness(8:0) fd637b06 6cf47bc1
[    5.709871] random 0045 0000 0000 fd637b06 6cf47bc1: add_timer_randomness(.. 8388864) with jiffies: 14970908576715604501, cycles: -3475835501288620021
[    5.710737] random 0045 0000 0000 fd637b06 6cf47bc1: add_disk_randomness(8:0) fd637b06 6cf47bc1
[    5.710740] random 0045 0000 0000 fd637b06 6cf47bc1: add_timer_randomness(.. 8388864) with jiffies: 14978728964837310998, cycles: -3468015113166913525
[    5.719596] random 0045 0000 0000 fd637b06 6cf47bc1: add_disk_randomness(8:0) fd637b06 6cf47bc1
[    5.719599] random 0045 0000 0000 fd637b06 6cf47bc1: add_timer_randomness(.. 8388864) with jiffies: 15058428040134230559, cycles: -3388316037869993973
[    5.719601] random 0045 0000 0000 fd637b06 6cf47bc1: added 3 entropy credits to input
[    5.719795] random 0048 0000 0000 fd637b06 6cf47bc1: add_disk_randomness(8:0) fd637b06 6cf47bc1
[    5.719798] random 0048 0000 0000 fd637b06 6cf47bc1: add_timer_randomness(.. 8388864) with jiffies: 15060224350076240415, cycles: -3386519727927984117
[    5.729985] random 0048 0000 0000 fd637b06 6cf47bc1: add_disk_randomness(8:0) fd637b06 6cf47bc1
[    5.729988] random 0048 0000 0000 fd637b06 6cf47bc1: add_timer_randomness(.. 8388864) with jiffies: 15151909214512448041, cycles: -3294834863491776501
[    5.729991] random 0048 0000 0000 fd637b06 6cf47bc1: added 3 entropy credits to input
[    5.730421] random 0051 0000 0000 fd637b06 6cf47bc1: add_disk_randomness(8:0) fd637b06 6cf47bc1
[    5.730424] random 0051 0000 0000 fd637b06 6cf47bc1: add_timer_randomness(.. 8388864) with jiffies: 15155824008483275306, cycles: -3290920069520949237
[    5.740166] random 0051 0000 0000 fd637b06 6cf47bc1: add_disk_randomness(8:0) fd637b06 6cf47bc1
[    5.740169] random 0051 0000 0000 fd637b06 6cf47bc1: add_timer_randomness(.. 8388864) with jiffies: 15243507221825028659, cycles: -3203236856179195893
[    5.740171] random 0051 0000 0000 fd637b06 6cf47bc1: added 3 entropy credits to input
[    5.740224] RANDOM get_random_int call with cycles 50793913117, jiffies 4294672947 and pid 1
[    5.744940] random 0054 0000 0000 fd637b06 6cf47bc1: add_disk_randomness(8:0) fd637b06 6cf47bc1
[    5.744943] random 0054 0000 0000 fd637b06 6cf47bc1: add_timer_randomness(.. 8388864) with jiffies: 15286458883354886712, cycles: -3160285194649337845
[    5.744946] random 0054 0000 0000 fd637b06 6cf47bc1: added 2 entropy credits to input
[    5.757600] random 0056 0000 0000 fd637b06 6cf47bc1: add_disk_randomness(8:0) fd637b06 6cf47bc1
[    5.757603] random 0056 0000 0000 fd637b06 6cf47bc1: add_timer_randomness(.. 8388864) with jiffies: 15400357344415810117, cycles: -3046386733588414453
[    5.757606] random 0056 0000 0000 fd637b06 6cf47bc1: added 3 entropy credits to input
[    5.757740] random 0059 0000 0000 fd637b06 6cf47bc1: add_disk_randomness(8:0) fd637b06 6cf47bc1
[    5.757743] random 0059 0000 0000 fd637b06 6cf47bc1: add_timer_randomness(.. 8388864) with jiffies: 15401618664641495621, cycles: -3045125413362728949
[    5.759904] random 0059 0000 0000 fd637b06 6cf47bc1: add_disk_randomness(8:0) fd637b06 6cf47bc1
[    5.759907] random 0059 0000 0000 fd637b06 6cf47bc1: add_timer_randomness(.. 8388864) with jiffies: 15421090671972024903, cycles: -3025653406032199669
[    5.759910] random 0059 0000 0000 fd637b06 6cf47bc1: added 1 entropy credits to input
[    5.760146] random 0060 0000 0000 fd637b06 6cf47bc1: add_disk_randomness(8:0) fd637b06 6cf47bc1
[    5.760149] random 0060 0000 0000 fd637b06 6cf47bc1: add_timer_randomness(.. 8388864) with jiffies: 15423272785941332551, cycles: -3023471292062892021
[    5.760326] random 0060 0000 0000 fd637b06 6cf47bc1: add_disk_randomness(8:0) fd637b06 6cf47bc1
[    5.760329] random 0060 0000 0000 fd637b06 6cf47bc1: add_timer_randomness(.. 8388864) with jiffies: 15424890468193501767, cycles: -3021853609810722805
[    5.763455] random 0060 0000 0000 fd637b06 6cf47bc1: add_disk_randomness(8:0) fd637b06 6cf47bc1
[    5.763459] random 0060 0000 0000 fd637b06 6cf47bc1: add_timer_randomness(.. 8388864) with jiffies: 15453035736776540747, cycles: -2993708341227683829
[    5.763461] random 0060 0000 0000 fd637b06 6cf47bc1: added 2 entropy credits to input
[    5.765468] random 0062 0000 0000 fd637b06 6cf47bc1: add_disk_randomness(8:0) fd637b06 6cf47bc1
[    5.765471] random 0062 0000 0000 fd637b06 6cf47bc1: add_timer_randomness(.. 8388864) with jiffies: 15471144998228689485, cycles: -2975599079775535093
[    5.765474] random 0062 0000 0000 fd637b06 6cf47bc1: added 1 entropy credits to input
[    5.773297] random 0063 0000 0000 fd637b06 6cf47bc1: add_disk_randomness(8:0) fd637b06 6cf47bc1
[    5.773300] random 0063 0000 0000 fd637b06 6cf47bc1: add_timer_randomness(.. 8388864) with jiffies: 15541591670292972116, cycles: -2905152407711252469
[    5.773303] random 0063 0000 0000 fd637b06 6cf47bc1: added 2 entropy credits to input
[    5.773435] random 0065 0000 0000 fd637b06 6cf47bc1: add_disk_randomness(8:0) fd637b06 6cf47bc1
[    5.773438] random 0065 0000 0000 fd637b06 6cf47bc1: add_timer_randomness(.. 8388864) with jiffies: 15542817230620951125, cycles: -2903926847383273461
[    5.776993] random 0065 0000 0000 fd637b06 6cf47bc1: add_disk_randomness(8:0) fd637b06 6cf47bc1
[    5.776996] random 0065 0000 0000 fd637b06 6cf47bc1: add_timer_randomness(.. 8388864) with jiffies: 15574841580521751128, cycles: -2871902497482473461
[    5.776999] random 0065 0000 0000 fd637b06 6cf47bc1: added 1 entropy credits to input
[    5.781498] random 0066 0000 0000 fd637b06 6cf47bc1: add_disk_randomness(8:0) fd637b06 6cf47bc1
[    5.781501] random 0066 0000 0000 fd637b06 6cf47bc1: add_timer_randomness(.. 8388864) with jiffies: 15615368363645829725, cycles: -2831375714358394869
[    5.787070] random 0066 0000 0000 fd637b06 6cf47bc1: add_disk_randomness(8:0) fd637b06 6cf47bc1
[    5.787073] random 0066 0000 0000 fd637b06 6cf47bc1: add_timer_randomness(.. 8388864) with jiffies: 15665507519801557602, cycles: -2781236558202666997
[    5.793346] random 0066 0000 0000 fd637b06 6cf47bc1: add_disk_randomness(8:0) fd637b06 6cf47bc1
[    5.793349] random 0066 0000 0000 fd637b06 6cf47bc1: add_timer_randomness(.. 8388864) with jiffies: 15721976779146756712, cycles: -2724767298857467893
[    5.793360] random 0066 0000 0000 fd637b06 6cf47bc1: rand_read_num 12 get_random_bytes(16): sig 0000033b fd637b06 6cf47bc1
[    5.793362] random 0066 0000 0000 fd637b06 6cf47bc1: extract_entropy(.. 16 ..)
[    5.793365] random 0066 0000 0000 fd637b06 6cf47bc1: going to reseed nonblocking with 128 bits (128 of 0 requested)
[    5.793367] random 0066 0000 0000 fd637b06 6cf47bc1: extract_entropy(.. 16 ..)
[    5.793369] random 0066 0000 0000 fd637b06 6cf47bc1: trying to extract 128 bits from input
[    5.793371] random 0066 0000 0000 fd637b06 6cf47bc1: debiting 0 entropy credits from input
[    5.793373] random 0066 0000 0000 fd637b06 6cf47bc1: extract_entropy account returned: 0 
[    5.793377] random 0066 0000 0000 fd637b06 6cf47bc1: urand_change_num 50 xfer_secondary_pool(16): pool_sig 0000033b, data_sig 00000000, bytes_mixed 0 fd637b06 6cf47bc1
[    5.793380] random 0066 0000 0000 fd637b06 6cf47bc1: trying to extract 128 bits from nonblocking
[    5.793382] random 0066 0000 0000 fd637b06 6cf47bc1: debiting 128 entropy credits from nonblocking (unlimited)
[    5.793384] random 0066 0000 0000 fd637b06 6cf47bc1: extract_entropy account returned: 16 
[    5.793388] random 0066 0000 0000 fd637b06 6cf47bc1: urand_change_num 51 extract_buf: pool_sig 0000033b, data_sig 000000d8, bytes_mixed 20 fd637b06 6cf47bc1
[    5.793394] random 0066 0000 0000 0ec1f012 d4727ca8: urand_change_num 52 extract_buf: pool_sig fffffcf5, data_sig 00000016, bytes_mixed 20 0ec1f012 d4727ca8
[    5.800093] random 0066 0000 0000 45b1d0b1 845a73f7: add_disk_randomness(8:0) 45b1d0b1 845a73f7
[    5.800096] random 0066 0000 0000 45b1d0b1 845a73f7: add_timer_randomness(.. 8388864) with jiffies: 15782677869768704623, cycles: -2664066208235519989
[    5.807309] random 0066 0000 0000 45b1d0b1 845a73f7: add_disk_randomness(8:0) 45b1d0b1 845a73f7
[    5.807312] random 0066 0000 0000 45b1d0b1 845a73f7: add_timer_randomness(.. 8388864) with jiffies: 15847602983416857206, cycles: -2599141094587367413
[    5.815333] random 0066 0000 0000 45b1d0b1 845a73f7: add_disk_randomness(8:0) 45b1d0b1 845a73f7
[    5.815336] random 0066 0000 0000 45b1d0b1 845a73f7: add_timer_randomness(.. 8388864) with jiffies: 15919797307738653310, cycles: -2526946770265571317
[    5.824737] random 0066 0000 0000 45b1d0b1 845a73f7: add_disk_randomness(8:0) 45b1d0b1 845a73f7
[    5.824740] random 0066 0000 0000 45b1d0b1 845a73f7: add_timer_randomness(.. 8388864) with jiffies: 16004398130426249864, cycles: -2442345947577974773
[    5.827881] random 0066 0000 0000 45b1d0b1 845a73f7: add_disk_randomness(8:0) 45b1d0b1 845a73f7
[    5.827884] random 0066 0000 0000 45b1d0b1 845a73f7: add_timer_randomness(.. 8388864) with jiffies: 16032682568834581131, cycles: -2414061509169643509
[    5.827887] random 0066 0000 0000 45b1d0b1 845a73f7: added 1 entropy credits to input
[    5.842146] random 0067 0000 0000 45b1d0b1 845a73f7: add_disk_randomness(8:0) 45b1d0b1 845a73f7
[    5.842149] random 0067 0000 0000 45b1d0b1 845a73f7: add_timer_randomness(.. 8388864) with jiffies: 16161031060815839897, cycles: -2285713017188384757
[    5.842152] random 0067 0000 0000 45b1d0b1 845a73f7: added 3 entropy credits to input
[    5.847547] random 0070 0000 0000 45b1d0b1 845a73f7: add_disk_randomness(8:0) 45b1d0b1 845a73f7
[    5.847550] random 0070 0000 0000 45b1d0b1 845a73f7: add_timer_randomness(.. 8388864) with jiffies: 16209611298461942431, cycles: -2237132779542282229
[    5.847552] random 0070 0000 0000 45b1d0b1 845a73f7: added 2 entropy credits to input
[    5.852719] random 0072 0000 0000 45b1d0b1 845a73f7: add_disk_randomness(8:0) 45b1d0b1 845a73f7
[    5.852722] random 0072 0000 0000 45b1d0b1 845a73f7: add_timer_randomness(.. 8388864) with jiffies: 16256150344310686372, cycles: -2190593733693538293
[    5.860948] random 0072 0000 0000 45b1d0b1 845a73f7: add_disk_randomness(8:0) 45b1d0b1 845a73f7
[    5.860951] random 0072 0000 0000 45b1d0b1 845a73f7: add_timer_randomness(.. 8388864) with jiffies: 16330187428645798572, cycles: -2116556649358426101
[    5.860954] random 0072 0000 0000 45b1d0b1 845a73f7: added 1 entropy credits to input
[    5.870549] random 0073 0000 0000 45b1d0b1 845a73f7: add_disk_randomness(8:0) 45b1d0b1 845a73f7
[    5.870552] random 0073 0000 0000 45b1d0b1 845a73f7: add_timer_randomness(.. 8388864) with jiffies: 16416567334161580726, cycles: -2030176743842643957
[    5.890053] random 0073 0000 0000 45b1d0b1 845a73f7: add_disk_randomness(8:0) 45b1d0b1 845a73f7
[    5.890056] random 0073 0000 0000 45b1d0b1 845a73f7: add_timer_randomness(.. 8388864) with jiffies: 16592047225291113161, cycles: -1854696852713111541
[    5.890058] random 0073 0000 0000 45b1d0b1 845a73f7: added 2 entropy credits to input
[    5.903335] random 0075 0000 0000 45b1d0b1 845a73f7: add_disk_randomness(8:0) 45b1d0b1 845a73f7
[    5.903338] random 0075 0000 0000 45b1d0b1 845a73f7: add_timer_randomness(.. 8388864) with jiffies: 16711551262918410966, cycles: -1735192815085813749
[    5.903340] random 0075 0000 0000 45b1d0b1 845a73f7: added 2 entropy credits to input
[    5.911357] random 0077 0000 0000 45b1d0b1 845a73f7: add_disk_randomness(8:0) 45b1d0b1 845a73f7
[    5.911360] random 0077 0000 0000 45b1d0b1 845a73f7: add_timer_randomness(.. 8388864) with jiffies: 16783727866205143774, cycles: -1663016211799080949
[    5.921368] random 0077 0000 0000 45b1d0b1 845a73f7: add_disk_randomness(8:0) 45b1d0b1 845a73f7
[    5.921371] random 0077 0000 0000 45b1d0b1 845a73f7: add_timer_randomness(.. 8388864) with jiffies: 16873797170103026408, cycles: -1572946907901198325
[    5.921373] random 0077 0000 0000 45b1d0b1 845a73f7: added 1 entropy credits to input
[    5.934253] random 0078 0000 0000 45b1d0b1 845a73f7: add_disk_randomness(8:0) 45b1d0b1 845a73f7
[    5.934256] random 0078 0000 0000 45b1d0b1 845a73f7: add_timer_randomness(.. 8388864) with jiffies: 16989726987486200565, cycles: -1457017090518024181
[    5.941613] random 0078 0000 0000 45b1d0b1 845a73f7: add_disk_randomness(8:0) 45b1d0b1 845a73f7
[    5.941617] random 0078 0000 0000 45b1d0b1 845a73f7: add_timer_randomness(.. 8388864) with jiffies: 17055938542623752957, cycles: -1390805535380471797
[    5.941619] random 0078 0000 0000 45b1d0b1 845a73f7: added 2 entropy credits to input
[    5.946860] random 0080 0000 0000 45b1d0b1 845a73f7: add_disk_randomness(8:0) 45b1d0b1 845a73f7
[    5.946863] random 0080 0000 0000 45b1d0b1 845a73f7: add_timer_randomness(.. 8388864) with jiffies: 17103143720720237314, cycles: -1343600357283987445
[    5.946866] random 0080 0000 0000 45b1d0b1 845a73f7: added 1 entropy credits to input
[    5.953299] random 0081 0000 0000 45b1d0b1 845a73f7: add_disk_randomness(8:0) 45b1d0b1 845a73f7
[    5.953302] random 0081 0000 0000 45b1d0b1 845a73f7: add_timer_randomness(.. 8388864) with jiffies: 17161084457335882504, cycles: -1285659620668342261
[    5.958353] random 0081 0000 0000 45b1d0b1 845a73f7: add_disk_randomness(8:0) 45b1d0b1 845a73f7
[    5.958356] random 0081 0000 0000 45b1d0b1 845a73f7: add_timer_randomness(.. 8388864) with jiffies: 17206553304708645645, cycles: -1240190773295579125
[    5.964253] random 0081 0000 0000 45b1d0b1 845a73f7: add_disk_randomness(8:0) 45b1d0b1 845a73f7
[    5.964256] random 0081 0000 0000 45b1d0b1 845a73f7: add_timer_randomness(.. 8388864) with jiffies: 17259636716780356371, cycles: -1187107361223868405
[    5.973607] random 0081 0000 0000 45b1d0b1 845a73f7: add_disk_randomness(8:0) 45b1d0b1 845a73f7
[    5.973610] random 0081 0000 0000 45b1d0b1 845a73f7: add_timer_randomness(.. 8388864) with jiffies: 17343786116930306845, cycles: -1102957961073917941
[    5.973613] random 0081 0000 0000 45b1d0b1 845a73f7: added 1 entropy credits to input
[    5.978485] random 0082 0000 0000 45b1d0b1 845a73f7: add_disk_randomness(8:0) 45b1d0b1 845a73f7
[    5.978488] random 0082 0000 0000 45b1d0b1 845a73f7: add_timer_randomness(.. 8388864) with jiffies: 17387669618859672354, cycles: -1059074459144552437
[    5.978491] random 0082 0000 0000 45b1d0b1 845a73f7: added 2 entropy credits to input
[    5.985917] random 0084 0000 0000 45b1d0b1 845a73f7: add_disk_randomness(8:0) 45b1d0b1 845a73f7
[    5.985920] random 0084 0000 0000 45b1d0b1 845a73f7: add_timer_randomness(.. 8388864) with jiffies: 17454544505926288169, cycles: -992199572077936629
[    5.985923] random 0084 0000 0000 45b1d0b1 845a73f7: added 1 entropy credits to input
[    5.992135] random 0085 0000 0000 45b1d0b1 845a73f7: add_disk_randomness(8:0) 45b1d0b1 845a73f7
[    5.992137] random 0085 0000 0000 45b1d0b1 845a73f7: add_timer_randomness(.. 8388864) with jiffies: 17510486764194333487, cycles: -936257313809891317
[    5.992285] random 0085 0000 0000 45b1d0b1 845a73f7: add_disk_randomness(8:0) 45b1d0b1 845a73f7
[    5.992288] random 0085 0000 0000 45b1d0b1 845a73f7: add_timer_randomness(.. 8388864) with jiffies: 17511846804243317551, cycles: -934897273760907253
[    6.006698] random 0085 0000 0000 45b1d0b1 845a73f7: add_disk_randomness(8:0) 45b1d0b1 845a73f7
[    6.006701] random 0085 0000 0000 45b1d0b1 845a73f7: add_timer_randomness(.. 8388864) with jiffies: 17641513035140662078, cycles: -805231042863562741
[    6.006704] random 0085 0000 0000 45b1d0b1 845a73f7: added 3 entropy credits to input
[    6.014113] random 0088 0000 0000 45b1d0b1 845a73f7: add_disk_randomness(8:0) 45b1d0b1 845a73f7
[    6.014116] random 0088 0000 0000 45b1d0b1 845a73f7: add_timer_randomness(.. 8388864) with jiffies: 17708227152991454021, cycles: -738516925012770805
[    6.014119] random 0088 0000 0000 45b1d0b1 845a73f7: added 2 entropy credits to input
[    6.023797] random 0090 0000 0000 45b1d0b1 845a73f7: add_disk_randomness(8:0) 45b1d0b1 845a73f7
[    6.023800] random 0090 0000 0000 45b1d0b1 845a73f7: add_timer_randomness(.. 8388864) with jiffies: 17795348545956184911, cycles: -651395532048039925
[    6.023802] random 0090 0000 0000 45b1d0b1 845a73f7: added 1 entropy credits to input
[    6.034428] random 0091 0000 0000 45b1d0b1 845a73f7: add_disk_randomness(8:0) 45b1d0b1 845a73f7
[    6.034431] random 0091 0000 0000 45b1d0b1 845a73f7: add_timer_randomness(.. 8388864) with jiffies: 17890994564240212826, cycles: -555749513764012021
[    6.046946] random 0091 0000 0000 45b1d0b1 845a73f7: add_disk_randomness(8:0) 45b1d0b1 845a73f7
[    6.046949] random 0091 0000 0000 45b1d0b1 845a73f7: add_timer_randomness(.. 8388864) with jiffies: 18003625795200451430, cycles: -443118282803773429
[    6.048160] random 0091 0000 0000 45b1d0b1 845a73f7: add_disk_randomness(8:0) 45b1d0b1 845a73f7
[    6.048163] random 0091 0000 0000 45b1d0b1 845a73f7: add_timer_randomness(.. 8388864) with jiffies: 18014551436087231335, cycles: -432192641916993525
[    6.052169] random 0091 0000 0000 45b1d0b1 845a73f7: add_disk_randomness(8:0) 45b1d0b1 845a73f7
[    6.052172] random 0091 0000 0000 45b1d0b1 845a73f7: add_timer_randomness(.. 8388864) with jiffies: 18050622804822033259, cycles: -396121273182191605
[    6.052175] random 0091 0000 0000 45b1d0b1 845a73f7: added 1 entropy credits to input
[    6.061510] random 0092 0000 0000 45b1d0b1 845a73f7: add_disk_randomness(8:0) 45b1d0b1 845a73f7
[    6.061514] random 0092 0000 0000 45b1d0b1 845a73f7: add_timer_randomness(.. 8388864) with jiffies: 18134658783475630965, cycles: -312085294528593909
[    6.061516] random 0092 0000 0000 45b1d0b1 845a73f7: added 1 entropy credits to input
[    6.061859] random 0093 0000 0000 45b1d0b1 845a73f7: add_disk_randomness(8:0) 45b1d0b1 845a73f7
[    6.061862] random 0093 0000 0000 45b1d0b1 845a73f7: add_timer_randomness(.. 8388864) with jiffies: 18137795879128236917, cycles: -308948198875987957
[    6.077521] random 0093 0000 0000 45b1d0b1 845a73f7: add_disk_randomness(8:0) 45b1d0b1 845a73f7
[    6.077524] random 0093 0000 0000 45b1d0b1 845a73f7: add_timer_randomness(.. 8388864) with jiffies: 18278702619259798405, cycles: -168041458744426485
[    6.077526] random 0093 0000 0000 45b1d0b1 845a73f7: added 4 entropy credits to input
[    6.079154] random 0097 0000 0000 45b1d0b1 845a73f7: add_disk_randomness(8:0) 45b1d0b1 845a73f7
[    6.079157] random 0097 0000 0000 45b1d0b1 845a73f7: add_timer_randomness(.. 8388864) with jiffies: 18293407629503595398, cycles: -153336448500629493
[    6.079307] random 0097 0000 0000 45b1d0b1 845a73f7: add_disk_randomness(8:0) 45b1d0b1 845a73f7
[    6.079311] random 0097 0000 0000 45b1d0b1 845a73f7: add_timer_randomness(.. 8388864) with jiffies: 18294791257512969094, cycles: -151952820491255797
[    6.090173] random 0097 0000 0000 45b1d0b1 845a73f7: add_disk_randomness(8:0) 45b1d0b1 845a73f7
[    6.090176] random 0097 0000 0000 45b1d0b1 845a73f7: add_timer_randomness(.. 8388864) with jiffies: 18392546602955539345, cycles: -54197475048685557
[    6.090179] random 0097 0000 0000 45b1d0b1 845a73f7: added 3 entropy credits to input
[    6.090739] random 0100 0000 0000 45b1d0b1 845a73f7: add_disk_randomness(8:0) 45b1d0b1 845a73f7
[    6.090742] random 0100 0000 0000 45b1d0b1 845a73f7: add_timer_randomness(.. 8388864) with jiffies: 18397634331020067730, cycles: -49109746984157173
[    6.095970] random 0100 0000 0000 45b1d0b1 845a73f7: add_disk_randomness(8:0) 45b1d0b1 845a73f7
[    6.095973] random 0100 0000 0000 45b1d0b1 845a73f7: add_timer_randomness(.. 8388864) with jiffies: 18444696954857030551, cycles: -2047123147194357
[    6.095975] random 0100 0000 0000 45b1d0b1 845a73f7: added 2 entropy credits to input
[    6.097726] random 0102 0000 0000 45b1d0b1 845a73f7: add_disk_randomness(8:0) 45b1d0b1 845a73f7
[    6.097729] random 0102 0000 0000 45b1d0b1 845a73f7: add_timer_randomness(.. 8388864) with jiffies: 13747666328191897, cycles: 13747662033518604
[    6.097731] random 0102 0000 0000 45b1d0b1 845a73f7: added 1 entropy credits to input
[    6.107950] random 0103 0000 0000 45b1d0b1 845a73f7: add_disk_randomness(8:0) 45b1d0b1 845a73f7
[    6.107953] random 0103 0000 0000 45b1d0b1 845a73f7: add_timer_randomness(.. 8388864) with jiffies: 105739775544886179, cycles: 105739771250212876
[    6.107956] random 0103 0000 0000 45b1d0b1 845a73f7: added 3 entropy credits to input
