[    0.000000] random 0000 0000 0000 00000000 00000000: rand_read_num 1 get_random_bytes(8): sig 00000000 00000000 00000000
[    0.000000] random 0000 0000 0000 00000000 00000000: extract_entropy(.. 8 ..)
[    0.000000] random 0000 0000 0000 00000000 00000000: going to reseed nonblocking with 64 bits (64 of 0 requested)
[    0.000000] random 0000 0000 0000 00000000 00000000: extract_entropy(.. 8 ..)
[    0.000000] random 0000 0000 0000 00000000 00000000: trying to extract 64 bits from input
[    0.000000] random 0000 0000 0000 00000000 00000000: debiting 0 entropy credits from input
[    0.000000] random 0000 0000 0000 00000000 00000000: extract_entropy account returned: 0 
[    0.000000] random 0000 0000 0000 00000000 00000000: urand_change_num 1 xfer_secondary_pool(8): pool_sig 00000000, data_sig 00000000, bytes_mixed 0 00000000 00000000
[    0.000000] random 0000 0000 0000 00000000 00000000: trying to extract 64 bits from nonblocking
[    0.000000] random 0000 0000 0000 00000000 00000000: debiting 64 entropy credits from nonblocking (unlimited)
[    0.000000] random 0000 0000 0000 00000000 00000000: extract_entropy account returned: 8 
[    0.000000] random 0000 0000 0000 00000000 00000000: urand_change_num 2 extract_buf: pool_sig 00000000, data_sig fffffff9, bytes_mixed 20 00000000 00000000
[    0.000000] Linux version 2.6.32.57 (dcashman@dcashman-02) (gcc version 4.3.3 (GCC) ) #6 Thu May 30 09:02:12 PDT 2013
[    0.000000] KERNEL supported cpus:
[    0.000000]   Intel GenuineIntel
[    0.000000]   AMD AuthenticAMD
[    0.000000]   NSC Geode by NSC
[    0.000000]   Cyrix CyrixInstead
[    0.000000]   Centaur CentaurHauls
[    0.000000]   Transmeta GenuineTMx86
[    0.000000]   Transmeta TransmetaCPU
[    0.000000]   UMC UMC UMC UMC
[    0.000000] BIOS-provided physical RAM map:
[    0.000000]  BIOS-e820: 0000000000000000 - 000000000009d800 (usable)
[    0.000000]  BIOS-e820: 000000000009d800 - 00000000000a0000 (reserved)
[    0.000000]  BIOS-e820: 00000000000d2000 - 00000000000d4000 (reserved)
[    0.000000]  BIOS-e820: 00000000000e0000 - 0000000000100000 (reserved)
[    0.000000]  BIOS-e820: 0000000000100000 - 000000003d6b0000 (usable)
[    0.000000]  BIOS-e820: 000000003d6b0000 - 000000003d6cc000 (ACPI data)
[    0.000000]  BIOS-e820: 000000003d6cc000 - 000000003d700000 (ACPI NVS)
[    0.000000]  BIOS-e820: 000000003d700000 - 000000003e000000 (reserved)
[    0.000000]  BIOS-e820: 00000000f0000000 - 00000000f4000000 (reserved)
[    0.000000]  BIOS-e820: 00000000fec00000 - 00000000fec10000 (reserved)
[    0.000000]  BIOS-e820: 00000000fed00000 - 00000000fed00400 (reserved)
[    0.000000]  BIOS-e820: 00000000fed14000 - 00000000fed1a000 (reserved)
[    0.000000]  BIOS-e820: 00000000fed1c000 - 00000000fed90000 (reserved)
[    0.000000]  BIOS-e820: 00000000fee00000 - 00000000fee01000 (reserved)
[    0.000000]  BIOS-e820: 00000000ff000000 - 0000000100000000 (reserved)
[    0.000000] DMI present.
[    0.000000] last_pfn = 0x3d6b0 max_arch_pfn = 0x100000
[    0.000000] MTRR default type: uncachable
[    0.000000] MTRR fixed ranges enabled:
[    0.000000]   00000-9FFFF write-back
[    0.000000]   A0000-BFFFF uncachable
[    0.000000]   C0000-CFFFF write-protect
[    0.000000]   D0000-DFFFF uncachable
[    0.000000]   E0000-FFFFF write-protect
[    0.000000] MTRR variable ranges enabled:
[    0.000000]   0 base 03E000000 mask FFE000000 uncachable
[    0.000000]   1 base 000000000 mask FC0000000 write-back
[    0.000000]   2 base 03D700000 mask FFFF00000 uncachable
[    0.000000]   3 base 03D800000 mask FFF800000 uncachable
[    0.000000]   4 disabled
[    0.000000]   5 disabled
[    0.000000]   6 disabled
[    0.000000]   7 disabled
[    0.000000] initial memory mapped : 0 - 02000000
[    0.000000] init_memory_mapping: 0000000000000000-00000000377fe000
[    0.000000]  0000000000 - 0000400000 page 4k
[    0.000000]  0000400000 - 0037400000 page 2M
[    0.000000]  0037400000 - 00377fe000 page 4k
[    0.000000] kernel direct mapping tables up to 377fe000 @ 7000-c000
[    0.000000] ACPI: RSDP 000f68d0 00024 (v02 LENOVO)
[    0.000000] ACPI: XSDT 3d6bb77f 00094 (v01 LENOVO TP-7L    00002170  LTP 00000000)
[    0.000000] ACPI: FACP 3d6bb900 000F4 (v03 LENOVO TP-7L    00002170 LNVO 00000001)
[    0.000000] ACPI Warning: 32/64X length mismatch in Gpe1Block: 0/32 (20090903/tbfadt-526)
[    0.000000] ACPI Warning: Optional field Gpe1Block has zero address or length: 000000000000102C/0 (20090903/tbfadt-557)
[    0.000000] ACPI: DSDT 3d6bbd1d 0FED1 (v01 LENOVO TP-7L    00002170 MSFT 03000000)
[    0.000000] ACPI: FACS 3d6e4000 00040
[    0.000000] ACPI: SSDT 3d6bbab4 00269 (v01 LENOVO TP-7L    00002170 MSFT 03000000)
[    0.000000] ACPI: ECDT 3d6cbbee 00052 (v01 LENOVO TP-7L    00002170 LNVO 00000001)
[    0.000000] ACPI: TCPA 3d6cbc40 00032 (v02 LENOVO TP-7L    00002170 LNVO 00000001)
[    0.000000] ACPI: APIC 3d6cbc72 00068 (v01 LENOVO TP-7L    00002170 LNVO 00000001)
[    0.000000] ACPI: MCFG 3d6cbcda 0003C (v01 LENOVO TP-7L    00002170 LNVO 00000001)
[    0.000000] ACPI: HPET 3d6cbd16 00038 (v01 LENOVO TP-7L    00002170 LNVO 00000001)
[    0.000000] ACPI: SLIC 3d6cbdf0 00176 (v01 LENOVO TP-7L    00002170  LTP 00000000)
[    0.000000] ACPI: BOOT 3d6cbf66 00028 (v01 LENOVO TP-7L    00002170  LTP 00000001)
[    0.000000] ACPI: ASF! 3d6cbf8e 00072 (v16 LENOVO TP-7L    00002170 PTL  00000001)
[    0.000000] ACPI: SSDT 3d6e26d9 0025F (v01 LENOVO TP-7L    00002170 INTL 20050513)
[    0.000000] ACPI: SSDT 3d6e2938 000A6 (v01 LENOVO TP-7L    00002170 INTL 20050513)
[    0.000000] ACPI: SSDT 3d6e29de 004F7 (v01 LENOVO TP-7L    00002170 INTL 20050513)
[    0.000000] ACPI: SSDT 3d6e2ed5 001D8 (v01 LENOVO TP-7L    00002170 INTL 20050513)
[    0.000000] ACPI: DMI detected: Lenovo ThinkPad R61
[    0.000000] ACPI: Added _OSI(Linux)
[    0.000000] ACPI: Local APIC address 0xfee00000
[    0.000000] 94MB HIGHMEM available.
[    0.000000] 887MB LOWMEM available.
[    0.000000]   mapped low ram: 0 - 377fe000
[    0.000000]   low ram: 0 - 377fe000
[    0.000000]   node 0 low ram: 00000000 - 377fe000
[    0.000000]   node 0 bootmap 00008000 - 0000ef00
[    0.000000] (6 early reservations) ==> bootmem [0000000000 - 00377fe000]
[    0.000000]   #0 [0000000000 - 0000001000]   BIOS data page ==> [0000000000 - 0000001000]
[    0.000000]   #1 [0001000000 - 0001bdc180]    TEXT DATA BSS ==> [0001000000 - 0001bdc180]
[    0.000000]   #2 [000009d800 - 0000100000]    BIOS reserved ==> [000009d800 - 0000100000]
[    0.000000]   #3 [0001bdd000 - 0001be516c]              BRK ==> [0001bdd000 - 0001be516c]
[    0.000000]   #4 [0000007000 - 0000008000]          PGTABLE ==> [0000007000 - 0000008000]
[    0.000000]   #5 [0000008000 - 000000f000]          BOOTMAP ==> [0000008000 - 000000f000]
[    0.000000] found SMP MP-table at [c00f6900] f6900
[    0.000000] Zone PFN ranges:
[    0.000000]   DMA      0x00000000 -> 0x00001000
[    0.000000]   Normal   0x00001000 -> 0x000377fe
[    0.000000]   HighMem  0x000377fe -> 0x0003d6b0
[    0.000000] Movable zone start PFN for each node
[    0.000000] early_node_map[2] active PFN ranges
[    0.000000]     0: 0x00000000 -> 0x0000009d
[    0.000000]     0: 0x00000100 -> 0x0003d6b0
[    0.000000] On node 0 totalpages: 251469
[    0.000000] free_area_init_node: node 0, pgdat c1901ea0, node_mem_map c1be7000
[    0.000000]   DMA zone: 32 pages used for memmap
[    0.000000]   DMA zone: 0 pages reserved
[    0.000000]   DMA zone: 3965 pages, LIFO batch:0
[    0.000000]   Normal zone: 1744 pages used for memmap
[    0.000000]   Normal zone: 221486 pages, LIFO batch:31
[    0.000000]   HighMem zone: 190 pages used for memmap
[    0.000000]   HighMem zone: 24052 pages, LIFO batch:3
[    0.000000] Using APIC driver default
[    0.000000] ACPI: PM-Timer IO Port: 0x1008
[    0.000000] ACPI: Local APIC address 0xfee00000
[    0.000000] ACPI: LAPIC (acpi_id[0x00] lapic_id[0x00] enabled)
[    0.000000] ACPI: LAPIC (acpi_id[0x01] lapic_id[0x01] enabled)
[    0.000000] ACPI: NR_CPUS/possible_cpus limit of 1 reached.  Processor 1/0x1 ignored.
[    0.000000] ACPI: LAPIC_NMI (acpi_id[0x00] high edge lint[0x1])
[    0.000000] ACPI: LAPIC_NMI (acpi_id[0x01] high edge lint[0x1])
[    0.000000] ACPI: IOAPIC (id[0x01] address[0xfec00000] gsi_base[0])
[    0.000000] IOAPIC[0]: apic_id 1, version 32, address 0xfec00000, GSI 0-23
[    0.000000] ACPI: INT_SRC_OVR (bus 0 bus_irq 0 global_irq 2 dfl dfl)
[    0.000000] ACPI: INT_SRC_OVR (bus 0 bus_irq 9 global_irq 9 high level)
[    0.000000] ACPI: IRQ0 used by override.
[    0.000000] ACPI: IRQ2 used by override.
[    0.000000] ACPI: IRQ9 used by override.
[    0.000000] Using ACPI (MADT) for SMP configuration information
[    0.000000] ACPI: HPET id: 0x8086a201 base: 0xfed00000
[    0.000000] nr_irqs_gsi: 24
[    0.000000] PM: Registered nosave memory: 000000000009d000 - 000000000009e000
[    0.000000] PM: Registered nosave memory: 000000000009e000 - 00000000000a0000
[    0.000000] PM: Registered nosave memory: 00000000000a0000 - 00000000000d2000
[    0.000000] PM: Registered nosave memory: 00000000000d2000 - 00000000000d4000
[    0.000000] PM: Registered nosave memory: 00000000000d4000 - 00000000000e0000
[    0.000000] PM: Registered nosave memory: 00000000000e0000 - 0000000000100000
[    0.000000] Allocating PCI resources starting at 3e000000 (gap: 3e000000:b2000000)
[    0.000000] Built 1 zonelists in Zone order, mobility grouping on.  Total pages: 249503
[    0.000000] Kernel command line: auto BOOT_IMAGE=Linux ro root=802 vt.default_utf8=0 maxcpus=0
[    0.000000] PID hash table entries: 4096 (order: 2, 16384 bytes)
[    0.000000] Dentry cache hash table entries: 131072 (order: 7, 524288 bytes)
[    0.000000] Inode-cache hash table entries: 65536 (order: 6, 262144 bytes)
[    0.000000] Enabling fast FPU save and restore... done.
[    0.000000] Enabling unmasked SIMD FPU exception support... done.
[    0.000000] Initializing CPU#0
[    0.000000] Initializing HighMem for node 0 (000377fe:0003d6b0)
[    0.000000] Memory: 984800k/1006272k available (6915k kernel code, 20876k reserved, 2327k data, 448k init, 96968k highmem)
[    0.000000] virtual kernel memory layout:
[    0.000000]     fixmap  : 0xfffa3000 - 0xfffff000   ( 368 kB)
[    0.000000]     pkmap   : 0xff800000 - 0xffc00000   (4096 kB)
[    0.000000]     vmalloc : 0xf7ffe000 - 0xff7fe000   ( 120 MB)
[    0.000000]     lowmem  : 0xc0000000 - 0xf77fe000   ( 887 MB)
[    0.000000]       .init : 0xc1907000 - 0xc1977000   ( 448 kB)
[    0.000000]       .data : 0xc16c0d3f - 0xc1906c64   (2327 kB)
[    0.000000]       .text : 0xc1000000 - 0xc16c0d3f   (6915 kB)
[    0.000000] Checking if this processor honours the WP bit even in supervisor mode...Ok.
[    0.000000] SLUB: Genslabs=13, HWalign=64, Order=0-3, MinObjects=0, CPUs=1, Nodes=1
[    0.000000] Hierarchical RCU implementation.
[    0.000000] NR_IRQS:288
[    0.000000] Extended CMOS year: 2000
[    0.000000] Console: colour VGA+ 80x25
[    0.000000] console [tty0] enabled
[    0.000000] hpet clockevent registered
[    0.000000] Fast TSC calibration using PIT
[    0.000000] Detected 2095.083 MHz processor.
[    0.002001] Calibrating delay loop (skipped), value calculated using timer frequency.. 4190.16 BogoMIPS (lpj=2095083)
[    0.002172] Security Framework initialized
[    0.002255] Mount-cache hash table entries: 512
[    0.002406] CPU: L1 I cache: 32K, L1 D cache: 32K
[    0.002534] CPU: L2 cache: 3072K
[    0.002616] mce: CPU supports 6 MCE banks
[    0.002704] CPU0: Thermal monitoring enabled (TM2)
[    0.002790] using mwait in idle threads.
[    0.002875] CPU: Intel(R) Core(TM)2 Duo CPU     T8100  @ 2.10GHz stepping 06
[    0.003133] Checking 'hlt' instruction... OK.
[    0.007936] ACPI: Core revision 20090903
[    0.027013] RANDOM get_random_int first call with cycles 38317088838, jiffies 4294667323 and pid 0
[    0.027020] CANARY value: 197928c1 for PID: 1
[    0.027027] CANARY value: 438d38b8 for PID: 2
[    0.027050] Enabling APIC mode:  Flat.  Using 1 I/O APICs
[    0.027507] ..TIMER: vector=0x30 apic1=0 pin1=2 apic2=-1 pin2=-1
[    0.037997] xor: automatically using best checksumming function: pIII_sse
[    0.041998]    pIII_sse  :  8568.000 MB/sec
[    0.042087] xor: using function: pIII_sse (8568.000 MB/sec)
[    0.042177] RANDOM - __seed init called.
[    0.042178] RANDOM - __seed init called.
[    0.042179] RANDOM - __seed init called.
[    0.042181] RANDOM - __random32 called. Change num 1.  Value: f7943846	49e73df3	af36cd0d
[    0.042183] RANDOM - __random32 called. Change num 2.  Value: 43846e13	9e73df37	9a1ad014
[    0.042184] RANDOM - __random32 called. Change num 3.  Value: 46e139c8	e73df373	a029598a
[    0.042186] RANDOM - __random32 called. Change num 4.  Value: 139c8c3b	73df373d	b3142c72
[    0.042188] RANDOM - __random32 called. Change num 5.  Value: c8c3b043	3df373de	58e576a9
[    0.042190] RANDOM - __random32 called. Change num 6.  Value: 3b0437d9	df373de5	ed53f9d8
[    0.042191] RANDOM - random32 init called.  Value: 3b0437d9	df373de5	ed53f9d8
[    0.042209] NET: Registered protocol family 16
[    0.042469] ACPI FADT declares the system doesn't support PCIe ASPM, so disable it
[    0.042593] ACPI: bus type pci registered
[    0.042763] PCI: MCFG configuration 0: base f0000000 segment 0 buses 0 - 63
[    0.042854] PCI: MCFG area at f0000000 reserved in E820
[    0.042944] PCI: Using MMCONFIG for extended config space
[    0.043002] PCI: Using configuration type 1 for base access
[    0.046138] bio: create slab <bio-0> at 0
[    0.046950] ACPI: EC: EC description table is found, configuring boot EC
[    0.052117] ACPI: BIOS _OSI(Linux) query honored via DMI
[    0.052844] random 0000 0000 0000 00000000 00000000: rand_read_num 2 get_random_bytes(8): sig fffffe1a 00000000 00000000
[    0.052846] random 0000 0000 0000 00000000 00000000: extract_entropy(.. 8 ..)
[    0.052849] random 0000 0000 0000 00000000 00000000: going to reseed nonblocking with 64 bits (64 of 0 requested)
[    0.052851] random 0000 0000 0000 00000000 00000000: extract_entropy(.. 8 ..)
[    0.052853] random 0000 0000 0000 00000000 00000000: trying to extract 64 bits from input
[    0.052855] random 0000 0000 0000 00000000 00000000: debiting 0 entropy credits from input
[    0.052857] random 0000 0000 0000 00000000 00000000: extract_entropy account returned: 0 
[    0.052887] random 0000 0000 0000 00000000 00000000: urand_change_num 3 xfer_secondary_pool(8): pool_sig fffffe1a, data_sig 00000000, bytes_mixed 0 00000000 00000000
[    0.052890] random 0000 0000 0000 00000000 00000000: trying to extract 64 bits from nonblocking
[    0.052892] random 0000 0000 0000 00000000 00000000: debiting 64 entropy credits from nonblocking (unlimited)
[    0.052895] random 0000 0000 0000 00000000 00000000: extract_entropy account returned: 8 
[    0.052899] random 0000 0000 0000 00000000 00000000: urand_change_num 4 extract_buf: pool_sig fffffe1a, data_sig fffffed7, bytes_mixed 20 00000000 00000000
[    0.058426] ACPI: Interpreter enabled
[    0.058518] ACPI: (supports S0 S3 S4 S5)
[    0.058827] ACPI: Using IOAPIC for interrupt routing
[    0.068669] ACPI: EC: GPE = 0x12, I/O: command/status = 0x66, data = 0x62
[    0.068946] ACPI: Power Resource [PUBS] (on)
[    0.071059] ACPI: ACPI Dock Station Driver: 3 docks/bays found
[    0.071469] ACPI: PCI Root Bridge [PCI0] (0000:00)
[    0.071642] pci 0000:00:02.0: reg 10 64bit mmio: [0xf8100000-0xf81fffff]
[    0.071648] pci 0000:00:02.0: reg 18 64bit mmio pref: [0xe0000000-0xefffffff]
[    0.071652] pci 0000:00:02.0: reg 20 io port: [0x1800-0x1807]
[    0.071686] pci 0000:00:02.1: reg 10 64bit mmio: [0xf8200000-0xf82fffff]
[    0.071790] pci 0000:00:19.0: reg 10 32bit mmio: [0xfe000000-0xfe01ffff]
[    0.071799] pci 0000:00:19.0: reg 14 32bit mmio: [0xfe025000-0xfe025fff]
[    0.071806] pci 0000:00:19.0: reg 18 io port: [0x1840-0x185f]
[    0.071872] pci 0000:00:19.0: PME# supported from D0 D3hot D3cold
[    0.071966] pci 0000:00:19.0: PME# disabled
[    0.072074] pci 0000:00:1a.0: reg 20 io port: [0x1860-0x187f]
[    0.072154] pci 0000:00:1a.1: reg 20 io port: [0x1880-0x189f]
[    0.072227] pci 0000:00:1a.7: reg 10 32bit mmio: [0xfe226c00-0xfe226fff]
[    0.072309] pci 0000:00:1a.7: PME# supported from D0 D3hot D3cold
[    0.072403] pci 0000:00:1a.7: PME# disabled
[    0.072550] pci 0000:00:1b.0: reg 10 64bit mmio: [0xfe020000-0xfe023fff]
[    0.072629] pci 0000:00:1b.0: PME# supported from D0 D3hot D3cold
[    0.072724] pci 0000:00:1b.0: PME# disabled
[    0.072928] pci 0000:00:1c.0: PME# supported from D0 D3hot D3cold
[    0.072997] pci 0000:00:1c.0: PME# disabled
[    0.073199] pci 0000:00:1c.1: PME# supported from D0 D3hot D3cold
[    0.073302] pci 0000:00:1c.1: PME# disabled
[    0.073506] pci 0000:00:1c.2: PME# supported from D0 D3hot D3cold
[    0.073601] pci 0000:00:1c.2: PME# disabled
[    0.073802] pci 0000:00:1c.3: PME# supported from D0 D3hot D3cold
[    0.073900] pci 0000:00:1c.3: PME# disabled
[    0.074113] pci 0000:00:1c.4: PME# supported from D0 D3hot D3cold
[    0.074202] pci 0000:00:1c.4: PME# disabled
[    0.075053] pci 0000:00:1d.0: reg 20 io port: [0x18a0-0x18bf]
[    0.075136] pci 0000:00:1d.1: reg 20 io port: [0x18c0-0x18df]
[    0.075218] pci 0000:00:1d.2: reg 20 io port: [0x18e0-0x18ff]
[    0.075306] pci 0000:00:1d.7: reg 10 32bit mmio: [0xfe227000-0xfe2273ff]
[    0.075402] pci 0000:00:1d.7: PME# supported from D0 D3hot D3cold
[    0.075505] pci 0000:00:1d.7: PME# disabled
[    0.075792] pci 0000:00:1f.0: quirk: region 1000-107f claimed by ICH6 ACPI/GPIO/TCO
[    0.075922] pci 0000:00:1f.0: quirk: region 1180-11bf claimed by ICH6 GPIO
[    0.075998] pci 0000:00:1f.0: ICH7 LPC Generic IO decode 1 PIO at 1600 (mask 007f)
[    0.076125] pci 0000:00:1f.0: ICH7 LPC Generic IO decode 2 PIO at 15e0 (mask 000f)
[    0.076249] pci 0000:00:1f.0: ICH7 LPC Generic IO decode 3 PIO at 1680 (mask 001f)
[    0.076452] pci 0000:00:1f.1: reg 10 io port: [0x00-0x07]
[    0.076464] pci 0000:00:1f.1: reg 14 io port: [0x00-0x03]
[    0.076473] pci 0000:00:1f.1: reg 18 io port: [0x00-0x07]
[    0.076483] pci 0000:00:1f.1: reg 1c io port: [0x00-0x03]
[    0.076494] pci 0000:00:1f.1: reg 20 io port: [0x1c00-0x1c0f]
[    0.076582] pci 0000:00:1f.2: reg 10 io port: [0x1c50-0x1c57]
[    0.076591] pci 0000:00:1f.2: reg 14 io port: [0x1c44-0x1c47]
[    0.076599] pci 0000:00:1f.2: reg 18 io port: [0x1c48-0x1c4f]
[    0.076608] pci 0000:00:1f.2: reg 1c io port: [0x1c40-0x1c43]
[    0.076617] pci 0000:00:1f.2: reg 20 io port: [0x1c20-0x1c3f]
[    0.076626] pci 0000:00:1f.2: reg 24 32bit mmio: [0xfe226000-0xfe2267ff]
[    0.076684] pci 0000:00:1f.2: PME# supported from D3hot
[    0.076775] pci 0000:00:1f.2: PME# disabled
[    0.076906] pci 0000:00:1f.3: reg 10 32bit mmio: [0xfe227400-0xfe2274ff]
[    0.076994] pci 0000:00:1f.3: reg 20 io port: [0x1c60-0x1c7f]
[    0.077077] pci 0000:00:1c.0: bridge io port: [0x2000-0x2fff]
[    0.077083] pci 0000:00:1c.0: bridge 32bit mmio: [0xfc000000-0xfdffffff]
[    0.077092] pci 0000:00:1c.0: bridge 64bit mmio pref: [0xf8000000-0xf80fffff]
[    0.077163] pci 0000:03:00.0: reg 10 64bit mmio: [0xdf3f0000-0xdf3fffff]
[    0.077357] pci 0000:00:1c.1: bridge io port: [0x3000-0x3fff]
[    0.077362] pci 0000:00:1c.1: bridge 32bit mmio: [0xdc000000-0xdf3fffff]
[    0.077373] pci 0000:00:1c.1: bridge 64bit mmio pref: [0xdfe00000-0xdfefffff]
[    0.077435] pci 0000:00:1c.2: bridge io port: [0x4000-0x4fff]
[    0.077441] pci 0000:00:1c.2: bridge 32bit mmio: [0xd8000000-0xd9ffffff]
[    0.077450] pci 0000:00:1c.2: bridge 64bit mmio pref: [0xdfb00000-0xdfbfffff]
[    0.077504] pci 0000:00:1c.3: bridge io port: [0x5000-0x5fff]
[    0.077511] pci 0000:00:1c.3: bridge 32bit mmio: [0xd4000000-0xd5ffffff]
[    0.077520] pci 0000:00:1c.3: bridge 64bit mmio pref: [0xdf800000-0xdf8fffff]
[    0.077579] pci 0000:00:1c.4: bridge io port: [0x6000-0x6fff]
[    0.077585] pci 0000:00:1c.4: bridge 32bit mmio: [0xd0000000-0xd1ffffff]
[    0.077593] pci 0000:00:1c.4: bridge 64bit mmio pref: [0xdf500000-0xdf5fffff]
[    0.077655] pci 0000:15:00.0: reg 10 32bit mmio: [0xf8300000-0xf8300fff]
[    0.077705] pci 0000:15:00.0: supports D1 D2
[    0.077707] pci 0000:15:00.0: PME# supported from D0 D1 D2 D3hot D3cold
[    0.077807] pci 0000:15:00.0: PME# disabled
[    0.077953] pci 0000:15:00.1: reg 10 32bit mmio: [0xf8301000-0xf83017ff]
[    0.078052] pci 0000:15:00.1: supports D1 D2
[    0.078053] pci 0000:15:00.1: PME# supported from D0 D1 D2 D3hot D3cold
[    0.078157] pci 0000:15:00.1: PME# disabled
[    0.078345] pci 0000:00:1e.0: transparent bridge
[    0.078434] pci 0000:00:1e.0: bridge io port: [0x7000-0xafff]
[    0.078440] pci 0000:00:1e.0: bridge 32bit mmio: [0xf8300000-0xfbffffff]
[    0.078447] pci 0000:00:1e.0: bridge 64bit mmio pref: [0xf4000000-0xf7ffffff]
[    0.078509] pci_bus 0000:00: on NUMA node 0
[    0.078513] ACPI: PCI Interrupt Routing Table [\_SB_.PCI0._PRT]
[    0.078647] ACPI: PCI Interrupt Routing Table [\_SB_.PCI0.EXP0._PRT]
[    0.078706] ACPI: PCI Interrupt Routing Table [\_SB_.PCI0.EXP1._PRT]
[    0.078764] ACPI: PCI Interrupt Routing Table [\_SB_.PCI0.EXP2._PRT]
[    0.078822] ACPI: PCI Interrupt Routing Table [\_SB_.PCI0.EXP3._PRT]
[    0.078885] ACPI: PCI Interrupt Routing Table [\_SB_.PCI0.EXP4._PRT]
[    0.078947] ACPI: PCI Interrupt Routing Table [\_SB_.PCI0.PCI1._PRT]
[    0.084405] ACPI: PCI Interrupt Link [LNKA] (IRQs 3 4 5 6 7 9 *10 11)
[    0.085169] ACPI: PCI Interrupt Link [LNKB] (IRQs 3 4 5 6 7 9 10 *11)
[    0.086032] ACPI: PCI Interrupt Link [LNKC] (IRQs 3 4 5 6 7 9 10 *11)
[    0.086831] ACPI: PCI Interrupt Link [LNKD] (IRQs 3 4 5 6 7 9 10 *11)
[    0.087615] ACPI: PCI Interrupt Link [LNKE] (IRQs 3 4 5 6 7 9 10 *11)
[    0.088397] ACPI: PCI Interrupt Link [LNKF] (IRQs 3 4 5 6 7 9 10 *11)
[    0.089158] ACPI: PCI Interrupt Link [LNKG] (IRQs 3 4 5 6 7 9 10 *11)
[    0.090014] ACPI: PCI Interrupt Link [LNKH] (IRQs 3 4 5 6 7 9 10 *11)
[    0.090767] vgaarb: device added: PCI:0000:00:02.0,decodes=io+mem,owns=io+mem,locks=none
[    0.090896] vgaarb: loaded
[    0.091087] SCSI subsystem initialized
[    0.091195] libata version 3.00 loaded.
[    0.091242] usbcore: registered new interface driver usbfs
[    0.091367] usbcore: registered new interface driver hub
[    0.091478] usbcore: registered new device driver usb
[    0.108043] raid6: int32x1    941 MB/s
[    0.124989] raid6: int32x2    886 MB/s
[    0.142069] raid6: int32x4    750 MB/s
[    0.158997] raid6: int32x8    656 MB/s
[    0.175986] raid6: mmxx1     2878 MB/s
[    0.192988] raid6: mmxx2     3253 MB/s
[    0.209995] raid6: sse1x1    1937 MB/s
[    0.226977] raid6: sse1x2    2531 MB/s
[    0.243981] raid6: sse2x1    3507 MB/s
[    0.260983] raid6: sse2x2    3832 MB/s
[    0.261073] raid6: using algorithm sse2x2 (3832 MB/s)
[    0.261173] PCI: Using ACPI for IRQ routing
[    0.261479] HPET: 3 timers in total, 0 timers will be used for per-cpu timer
[    0.261989] Switching to clocksource tsc
[    0.262088] pnp: PnP ACPI init
[    0.262179] ACPI: bus type pnp registered
[    0.265834] pnp: PnP ACPI: found 11 devices
[    0.265937] ACPI: ACPI bus type pnp unregistered
[    0.266038] system 00:00: iomem range 0x0-0x9ffff could not be reserved
[    0.266135] system 00:00: iomem range 0xc0000-0xc3fff could not be reserved
[    0.266227] system 00:00: iomem range 0xc4000-0xc7fff could not be reserved
[    0.266318] system 00:00: iomem range 0xc8000-0xcbfff has been reserved
[    0.266418] system 00:00: iomem range 0xcc000-0xcffff has been reserved
[    0.266510] system 00:00: iomem range 0xd0000-0xd3fff could not be reserved
[    0.266612] system 00:00: iomem range 0xe0000-0xe3fff could not be reserved
[    0.266701] system 00:00: iomem range 0xe4000-0xe7fff could not be reserved
[    0.266799] system 00:00: iomem range 0xe8000-0xebfff could not be reserved
[    0.266891] system 00:00: iomem range 0xec000-0xeffff could not be reserved
[    0.266984] system 00:00: iomem range 0xf0000-0xfffff could not be reserved
[    0.267080] system 00:00: iomem range 0x100000-0x3dffffff could not be reserved
[    0.267209] system 00:00: iomem range 0xfec00000-0xfed3ffff could not be reserved
[    0.267330] system 00:00: iomem range 0xfed4c000-0xffffffff could not be reserved
[    0.267454] system 00:02: ioport range 0x164e-0x164f has been reserved
[    0.267544] system 00:02: ioport range 0x1000-0x107f has been reserved
[    0.267642] system 00:02: ioport range 0x1180-0x11bf has been reserved
[    0.267733] system 00:02: ioport range 0x800-0x80f has been reserved
[    0.267833] system 00:02: ioport range 0x15e0-0x15ef has been reserved
[    0.267926] system 00:02: ioport range 0x1600-0x165f could not be reserved
[    0.268021] system 00:02: iomem range 0xf0000000-0xf3ffffff has been reserved
[    0.268114] system 00:02: iomem range 0xfed1c000-0xfed1ffff has been reserved
[    0.268206] system 00:02: iomem range 0xfed14000-0xfed17fff has been reserved
[    0.268299] system 00:02: iomem range 0xfed18000-0xfed18fff has been reserved
[    0.268391] system 00:02: iomem range 0xfed19000-0xfed19fff has been reserved
[    0.268485] system 00:02: iomem range 0xfed45000-0xfed4bfff has been reserved
[    0.303530] pci 0000:00:1c.0: PCI bridge, secondary bus 0000:02
[    0.303630] pci 0000:00:1c.0:   IO window: 0x2000-0x2fff
[    0.303725] pci 0000:00:1c.0:   MEM window: 0xfc000000-0xfdffffff
[    0.303817] pci 0000:00:1c.0:   PREFETCH window: 0x000000f8000000-0x000000f80fffff
[    0.303950] pci 0000:00:1c.1: PCI bridge, secondary bus 0000:03
[    0.304043] pci 0000:00:1c.1:   IO window: 0x3000-0x3fff
[    0.304134] pci 0000:00:1c.1:   MEM window: 0xdc000000-0xdf3fffff
[    0.304228] pci 0000:00:1c.1:   PREFETCH window: 0x000000dfe00000-0x000000dfefffff
[    0.304362] pci 0000:00:1c.2: PCI bridge, secondary bus 0000:04
[    0.304460] pci 0000:00:1c.2:   IO window: 0x4000-0x4fff
[    0.304560] pci 0000:00:1c.2:   MEM window: 0xd8000000-0xd9ffffff
[    0.304652] pci 0000:00:1c.2:   PREFETCH window: 0x000000dfb00000-0x000000dfbfffff
[    0.304783] pci 0000:00:1c.3: PCI bridge, secondary bus 0000:05
[    0.304880] pci 0000:00:1c.3:   IO window: 0x5000-0x5fff
[    0.304975] pci 0000:00:1c.3:   MEM window: 0xd4000000-0xd5ffffff
[    0.305069] pci 0000:00:1c.3:   PREFETCH window: 0x000000df800000-0x000000df8fffff
[    0.305198] pci 0000:00:1c.4: PCI bridge, secondary bus 0000:0d
[    0.305292] pci 0000:00:1c.4:   IO window: 0x6000-0x6fff
[    0.305382] pci 0000:00:1c.4:   MEM window: 0xd0000000-0xd1ffffff
[    0.305478] pci 0000:00:1c.4:   PREFETCH window: 0x000000df500000-0x000000df5fffff
[    0.305619] pci 0000:15:00.0: CardBus bridge, secondary bus 0000:16
[    0.305720] pci 0000:15:00.0:   IO window: 0x007000-0x0070ff
[    0.305821] pci 0000:15:00.0:   IO window: 0x007400-0x0074ff
[    0.305922] pci 0000:15:00.0:   PREFETCH window: 0xf4000000-0xf7ffffff
[    0.306024] pci 0000:15:00.0:   MEM window: 0x40000000-0x43ffffff
[    0.306128] pci 0000:00:1e.0: PCI bridge, secondary bus 0000:15
[    0.306218] pci 0000:00:1e.0:   IO window: 0x7000-0xafff
[    0.306314] pci 0000:00:1e.0:   MEM window: 0xf8300000-0xfbffffff
[    0.306414] pci 0000:00:1e.0:   PREFETCH window: 0x000000f4000000-0x000000f7ffffff
[    0.306553] pci 0000:00:1c.0: PCI INT A -> GSI 20 (level, low) -> IRQ 20
[    0.306645] pci 0000:00:1c.0: setting latency timer to 64
[    0.306659] pci 0000:00:1c.1: PCI INT B -> GSI 21 (level, low) -> IRQ 21
[    0.306751] pci 0000:00:1c.1: setting latency timer to 64
[    0.306765] pci 0000:00:1c.2: PCI INT C -> GSI 22 (level, low) -> IRQ 22
[    0.306861] pci 0000:00:1c.2: setting latency timer to 64
[    0.306874] pci 0000:00:1c.3: PCI INT D -> GSI 23 (level, low) -> IRQ 23
[    0.306975] pci 0000:00:1c.3: setting latency timer to 64
[    0.306986] pci 0000:00:1c.4: PCI INT A -> GSI 20 (level, low) -> IRQ 20
[    0.307081] pci 0000:00:1c.4: setting latency timer to 64
[    0.307090] pci 0000:00:1e.0: enabling device (0005 -> 0007)
[    0.307190] pci 0000:00:1e.0: setting latency timer to 64
[    0.307205] pci 0000:15:00.0: PCI INT A -> GSI 16 (level, low) -> IRQ 16
[    0.307301] pci 0000:15:00.0: setting latency timer to 64
[    0.307305] pci_bus 0000:00: resource 0 io:  [0x00-0xffff]
[    0.307307] pci_bus 0000:00: resource 1 mem: [0x000000-0xffffffff]
[    0.307309] pci_bus 0000:02: resource 0 io:  [0x2000-0x2fff]
[    0.307311] pci_bus 0000:02: resource 1 mem: [0xfc000000-0xfdffffff]
[    0.307313] pci_bus 0000:02: resource 2 pref mem [0xf8000000-0xf80fffff]
[    0.307314] pci_bus 0000:03: resource 0 io:  [0x3000-0x3fff]
[    0.307316] pci_bus 0000:03: resource 1 mem: [0xdc000000-0xdf3fffff]
[    0.307318] pci_bus 0000:03: resource 2 pref mem [0xdfe00000-0xdfefffff]
[    0.307320] pci_bus 0000:04: resource 0 io:  [0x4000-0x4fff]
[    0.307322] pci_bus 0000:04: resource 1 mem: [0xd8000000-0xd9ffffff]
[    0.307324] pci_bus 0000:04: resource 2 pref mem [0xdfb00000-0xdfbfffff]
[    0.307326] pci_bus 0000:05: resource 0 io:  [0x5000-0x5fff]
[    0.307327] pci_bus 0000:05: resource 1 mem: [0xd4000000-0xd5ffffff]
[    0.307329] pci_bus 0000:05: resource 2 pref mem [0xdf800000-0xdf8fffff]
[    0.307331] pci_bus 0000:0d: resource 0 io:  [0x6000-0x6fff]
[    0.307333] pci_bus 0000:0d: resource 1 mem: [0xd0000000-0xd1ffffff]
[    0.307334] pci_bus 0000:0d: resource 2 pref mem [0xdf500000-0xdf5fffff]
[    0.307336] pci_bus 0000:15: resource 0 io:  [0x7000-0xafff]
[    0.307338] pci_bus 0000:15: resource 1 mem: [0xf8300000-0xfbffffff]
[    0.307340] pci_bus 0000:15: resource 2 pref mem [0xf4000000-0xf7ffffff]
[    0.307342] pci_bus 0000:15: resource 3 io:  [0x00-0xffff]
[    0.307344] pci_bus 0000:15: resource 4 mem: [0x000000-0xffffffff]
[    0.307346] pci_bus 0000:16: resource 0 io:  [0x7000-0x70ff]
[    0.307347] pci_bus 0000:16: resource 1 io:  [0x7400-0x74ff]
[    0.307349] pci_bus 0000:16: resource 2 pref mem [0xf4000000-0xf7ffffff]
[    0.307351] pci_bus 0000:16: resource 3 mem: [0x40000000-0x43ffffff]
[    0.307359] NET: Registered protocol family 2
[    0.307453] RANDOM - __random32 called. Change num 7.  Value: 437d97bf	f373de51	f3b0f986
[    0.307455] RANDOM - random32 called.  Value: 437d97bf	f373de51	f3b0f986
[    0.307459] random 0000 0000 0000 5f8db4e5 4cfdf2a8: rand_read_num 3 get_random_bytes(4): sig fffffb64 5f8db4e5 4cfdf2a8
[    0.307462] random 0000 0000 0000 5f8db4e5 4cfdf2a8: extract_entropy(.. 4 ..)
[    0.307464] random 0000 0000 0000 5f8db4e5 4cfdf2a8: going to reseed nonblocking with 64 bits (32 of 0 requested)
[    0.307466] random 0000 0000 0000 5f8db4e5 4cfdf2a8: extract_entropy(.. 8 ..)
[    0.307468] random 0000 0000 0000 5f8db4e5 4cfdf2a8: trying to extract 64 bits from input
[    0.307471] random 0000 0000 0000 5f8db4e5 4cfdf2a8: debiting 0 entropy credits from input
[    0.307473] random 0000 0000 0000 5f8db4e5 4cfdf2a8: extract_entropy account returned: 0 
[    0.307476] random 0000 0000 0000 5f8db4e5 4cfdf2a8: urand_change_num 5 xfer_secondary_pool(4): pool_sig fffffb64, data_sig 00000000, bytes_mixed 0 5f8db4e5 4cfdf2a8
[    0.307478] random 0000 0000 0000 5f8db4e5 4cfdf2a8: trying to extract 32 bits from nonblocking
[    0.307481] random 0000 0000 0000 5f8db4e5 4cfdf2a8: debiting 32 entropy credits from nonblocking (unlimited)
[    0.307483] random 0000 0000 0000 5f8db4e5 4cfdf2a8: extract_entropy account returned: 4 
[    0.307487] random 0000 0000 0000 5f8db4e5 4cfdf2a8: urand_change_num 6 extract_buf: pool_sig fffffb64, data_sig 00000241, bytes_mixed 20 5f8db4e5 4cfdf2a8
[    0.307497] IP route cache hash table entries: 32768 (order: 5, 131072 bytes)
[    0.307627] RANDOM - __random32 called. Change num 8.  Value: d97bfe31	373de51f	f30dc6e6
[    0.307629] RANDOM - random32 called.  Value: d97bfe31	373de51f	f30dc6e6
[    0.307639] RANDOM - __random32 called. Change num 9.  Value: bfe314d7	73de51f5	8dcd6c7e
[    0.307641] RANDOM - random32 called.  Value: bfe314d7	73de51f5	8dcd6c7e
[    0.307643] RANDOM - __random32 called. Change num 10.  Value: 314d7baf	3de51f5e	d8fc74c1
[    0.307645] RANDOM - random32 called.  Value: 314d7baf	3de51f5e	d8fc74c1
[    0.307655] RANDOM - __random32 called. Change num 11.  Value: d7baf3c7	de51f5e5	e983e3fa
[    0.307657] RANDOM - random32 called.  Value: d7baf3c7	de51f5e5	e983e3fa
[    0.307666] TCP established hash table entries: 131072 (order: 8, 1048576 bytes)
[    0.308162] TCP bind hash table entries: 65536 (order: 6, 262144 bytes)
[    0.308349] TCP: Hash tables configured (established 131072 bind 65536)
[    0.308438] TCP reno registered
[    0.308548] NET: Registered protocol family 1
[    0.308670] RPC: Registered udp transport module.
[    0.308765] RPC: Registered tcp transport module.
[    0.308865] RPC: Registered tcp NFSv4.1 backchannel transport module.
[    0.308967] pci 0000:00:02.0: Boot video device
[    0.309180] Simple Boot Flag at 0x35 set to 0x1
[    0.309702] highmem bounce pool size: 64 pages
[    0.311279] VFS: Disk quotas dquot_6.5.2
[    0.311409] Dquot-cache hash table entries: 1024 (order 0, 4096 bytes)
[    0.312087] NTFS driver 2.1.29 [Flags: R/W].
[    0.312253] ROMFS MTD (C) 2007 Red Hat, Inc.
[    0.312461] JFS: nTxBlock = 7695, nTxLock = 61562
[    0.314923] SGI XFS with ACLs, security attributes, large block/inode numbers, no debug enabled
[    0.315407] SGI XFS Quota Management subsystem
[    0.315698] Slow work thread pool: Starting up
[    0.315804] Slow work thread pool: Ready
[    0.315927] GFS2 (built May 24 2013 02:47:17) installed
[    0.316018] msgmni has been set to 1734
[    0.316191] alg: No test for cipher_null (cipher_null-generic)
[    0.316296] alg: No test for ecb(cipher_null) (ecb-cipher_null)
[    0.316400] alg: No test for digest_null (digest_null-generic)
[    0.316500] alg: No test for compress_null (compress_null-generic)
[    0.317076] alg: No test for fcrypt (fcrypt-generic)
[    0.318484] alg: No test for stdrng (krng)
[    0.318583] async_tx: api initialized (async)
[    0.318739] Block layer SCSI generic (bsg) driver version 0.4 loaded (major 254)
[    0.318873] io scheduler noop registered
[    0.318960] io scheduler anticipatory registered
[    0.319049] io scheduler deadline registered
[    0.319182] io scheduler cfq registered (default)
[    0.319416] pcieport 0000:00:1c.0: irq 24 for MSI/MSI-X
[    0.319432] pcieport 0000:00:1c.0: setting latency timer to 64
[    0.319614] pcieport 0000:00:1c.1: irq 25 for MSI/MSI-X
[    0.319625] pcieport 0000:00:1c.1: setting latency timer to 64
[    0.319801] pcieport 0000:00:1c.2: irq 26 for MSI/MSI-X
[    0.319812] pcieport 0000:00:1c.2: setting latency timer to 64
[    0.320001] pcieport 0000:00:1c.3: irq 27 for MSI/MSI-X
[    0.320013] pcieport 0000:00:1c.3: setting latency timer to 64
[    0.320190] pcieport 0000:00:1c.4: irq 28 for MSI/MSI-X
[    0.320200] pcieport 0000:00:1c.4: setting latency timer to 64
[    0.320344] pci_hotplug: PCI Hot Plug PCI Core version: 0.5
[    0.320542] isapnp: Scanning for PnP cards...
[    0.681071] isapnp: No Plug & Play device found
[    0.681158] random 0000 0000 0000 5f8db4e5 4cfdf2a8: initializing
[    0.681160] RANDOM init_std_data for input now value: 1369915506681160658
[    0.681162] RANDOM init_std_data for blocking now value: 1369915506681162663
[    0.681164] RANDOM init_std_data for nonblocking now value: 1369915506681164387
[    0.700729] Serial: 8250/16550 driver, 4 ports, IRQ sharing enabled
[    3.711113] floppy0: no floppy controllers found
[    3.712071] brd: module loaded
[    3.712573] loop: module loaded
[    3.712660] Compaq SMART2 Driver (v 2.6.0)
[    3.712784] HP CISS Driver (v 3.6.20)
[    3.713027] input: Macintosh mouse button emulation as /devices/virtual/input/input0
[    3.713168] Uniform Multi-Platform E-IDE driver
[    3.713396] piix 0000:00:1f.1: IDE controller (0x8086:0x2850 rev 0x03)
[    3.713502] pci 0000:00:1f.1: PCI INT C -> GSI 16 (level, low) -> IRQ 16
[    3.713606] piix 0000:00:1f.1: IDE port disabled
[    3.713710] piix 0000:00:1f.1: not 100% native mode: will probe irqs later
[    3.713806]     ide0: BM-DMA at 0x1c00-0x1c07
[    3.713903] Probing IDE interface ide0...
[    4.385185] hda: HL-DT-ST DVDRAM GSA-U10N, ATAPI CD/DVD-ROM drive
[    4.691928] hda: host max PIO4 wanted PIO255(auto-tune) selected PIO4
[    4.692700] hda: UDMA/33 mode selected
[    4.693162] ide0 at 0x1f0-0x1f7,0x3f6 on irq 14
[    4.697080] ide-gd driver 1.18
[    4.697189] ide-cd driver 5.00
[    4.698590] random 0000 0000 0000 00000000 00000000: add_disk_randomness(0:0) 00000000 00000000
[    4.698594] random 0000 0000 0000 00000000 00000000: add_timer_randomness(.. 256) with jiffies: 5238309600745979515, cycles: 5238309596451307531
[    4.698597] random 0000 0000 0000 00000000 00000000: added 11 entropy credits to input
[    4.698600] ide-cd: hda: ATAPI 24X DVD-ROM DVD-R/RAM CD-R/RW drive, 2048kB Cache
[    4.699037] Uniform CD-ROM driver Revision: 3.20
[    4.701807] random 0011 0000 0000 00000000 00000000: add_disk_randomness(0:0) 00000000 00000000
[    4.701810] random 0011 0000 0000 00000000 00000000: add_timer_randomness(.. 256) with jiffies: 5267261842144329342, cycles: 5267261837849657355
[    4.701813] random 0011 0000 0000 00000000 00000000: added 1 entropy credits to input
[    4.701816] random 0012 0000 0000 00000000 00000000: add_disk_randomness(0:0) 00000000 00000000
[    4.701819] random 0012 0000 0000 00000000 00000000: add_timer_randomness(.. 256) with jiffies: 5267338009094356606, cycles: 5267338004799684619
[    4.703808] random 0012 0000 0000 00000000 00000000: add_disk_randomness(0:0) 00000000 00000000
[    4.703811] random 0012 0000 0000 00000000 00000000: add_timer_randomness(.. 256) with jiffies: 5285269587749469824, cycles: 5285269583454797835
[    4.703814] random 0012 0000 0000 00000000 00000000: added 1 entropy credits to input
[    4.703817] random 0013 0000 0000 00000000 00000000: add_disk_randomness(0:0) 00000000 00000000
[    4.703820] random 0013 0000 0000 00000000 00000000: add_timer_randomness(.. 256) with jiffies: 5285344990195318400, cycles: 5285344985900646411
[    4.705809] random 0013 0000 0000 00000000 00000000: add_disk_randomness(0:0) 00000000 00000000
[    4.705812] random 0013 0000 0000 00000000 00000000: add_timer_randomness(.. 256) with jiffies: 5303270568781119106, cycles: 5303270564486447115
[    4.705814] random 0013 0000 0000 00000000 00000000: added 1 entropy credits to input
[    4.705817] random 0014 0000 0000 00000000 00000000: add_disk_randomness(0:0) 00000000 00000000
[    4.705820] random 0014 0000 0000 00000000 00000000: add_timer_randomness(.. 256) with jiffies: 5303343896757763714, cycles: 5303343892463091723
[    4.706095] Loading iSCSI transport class v2.0-870.
[    4.706379] rdac: device handler registered
[    4.706463] hp_sw: device handler registered
[    4.706557] emc: device handler registered
[    4.706642] alua: device handler registered
[    4.707629] Adaptec aacraid driver 1.1-5[2461]-ms
[    4.708047] scsi: <fdomain> Detection failed (no card)
[    4.708137] sym53c416.c: Version 1.0.0-ac
[    4.708246] qlogicfas: no cards were found, please specify I/O address and IRQ using iobase= and irq= options
[    4.708370] QLogic Fibre Channel HBA Driver: 8.03.01-k6
[    4.708593] iscsi: registered transport (qla4xxx)
[    4.708701] QLogic iSCSI HBA Driver
[    4.708787] Emulex LightPulse Fibre Channel SCSI driver 8.3.4
[    4.708874] Copyright(c) 2004-2009 Emulex.  All rights reserved.
[    4.730905] Failed initialization of WD-7000 SCSI card!
[    4.819885] DC390: clustering now enabled by default. If you get problems load
[    4.820006]        with "disable_clustering=1" and report to maintainers
[    4.820147] megaraid cmm: 2.20.2.7 (Release Date: Sun Jul 16 00:01:03 EST 2006)
[    4.820307] megaraid: 2.20.5.1 (Release Date: Thu Nov 16 15:32:35 EST 2006)
[    4.820425] megasas: 00.00.04.01 Thu July 24 11:41:51 PST 2008
[    4.820562] GDT-HA: Storage RAID Controller Driver. Version: 3.05
[    4.820720] 3ware Storage Controller device driver for Linux v1.26.02.002.
[    4.820828] 3ware 9000 Storage Controller device driver for Linux v2.26.02.012.
[    4.820982] nsp32: loading...
[    4.821085] ipr: IBM Power RAID SCSI Device Driver version: 2.4.3 (June 10, 2009)
[    4.821229] RocketRAID 3xxx/4xxx Controller driver v1.6 (090910)
[    4.821347] stex: Promise SuperTrak EX Driver version: 4.6.0000.3
[    4.821480] st: Version 20081215, fixed bufsize 32768, s/g segs 256
[    4.821677] ahci 0000:00:1f.2: version 3.0
[    4.821691] ahci 0000:00:1f.2: PCI INT B -> GSI 16 (level, low) -> IRQ 16
[    4.821820] ahci 0000:00:1f.2: irq 29 for MSI/MSI-X
[    4.821897] ahci 0000:00:1f.2: AHCI 0001.0100 32 slots 3 ports 1.5 Gbps 0x5 impl SATA mode
[    4.822021] ahci 0000:00:1f.2: flags: 64bit ncq sntf pm led clo pio slum part ccc 
[    4.822147] ahci 0000:00:1f.2: setting latency timer to 64
[    4.822289] scsi2 : ahci
[    4.822452] scsi3 : ahci
[    4.822593] scsi4 : ahci
[    4.822762] ata1: SATA max UDMA/133 abar m2048@0xfe226000 port 0xfe226100 irq 29
[    4.822902] ata2: DUMMY
[    4.822997] ata3: SATA max UDMA/133 abar m2048@0xfe226000 port 0xfe226200 irq 29
[    4.823605] I2O subsystem v1.325
[    4.823693] i2o: max drivers = 8
[    4.823837] I2O Configuration OSM v1.323
[    4.823951] I2O Bus Adapter OSM v1.317
[    4.824062] I2O Block Device OSM v1.325
[    4.824210] I2O SCSI Peripheral OSM v1.316
[    4.824317] I2O ProcFS OSM v1.316
[    4.824425] Fusion MPT base driver 3.04.12
[    4.824517] Copyright (c) 1999-2008 LSI Corporation
[    4.824620] Fusion MPT SPI Host driver 3.04.12
[    4.824732] Fusion MPT FC Host driver 3.04.12
[    4.824847] Fusion MPT SAS Host driver 3.04.12
[    4.825055] ohci1394 0000:15:00.1: PCI INT B -> GSI 17 (level, low) -> IRQ 17
[    4.825151] ohci1394 0000:15:00.1: setting latency timer to 64
[    4.878896] ohci1394: fw-host0: OHCI-1394 1.1 (PCI): IRQ=[17]  MMIO=[f8301000-f83017ff]  Max Packet=[2048]  IR/IT contexts=[4/4]
[    4.883171] ehci_hcd: USB 2.0 'Enhanced' Host Controller (EHCI) Driver
[    4.883448] ehci_hcd 0000:00:1a.7: power state changed by ACPI to D0
[    4.883693] ehci_hcd 0000:00:1a.7: power state changed by ACPI to D0
[    4.883794] ehci_hcd 0000:00:1a.7: PCI INT C -> GSI 22 (level, low) -> IRQ 22
[    4.883902] ehci_hcd 0000:00:1a.7: setting latency timer to 64
[    4.883905] ehci_hcd 0000:00:1a.7: EHCI Host Controller
[    4.884040] ehci_hcd 0000:00:1a.7: new USB bus registered, assigned bus number 1
[    4.888073] ehci_hcd 0000:00:1a.7: cache line size of 32 is not supported
[    4.888082] ehci_hcd 0000:00:1a.7: irq 22, io mem 0xfe226c00
[    4.897853] ehci_hcd 0000:00:1a.7: USB 2.0 started, EHCI 1.00
[    4.897957] usb usb1: New USB device found, idVendor=1d6b, idProduct=0002
[    4.898047] usb usb1: New USB device strings: Mfr=3, Product=2, SerialNumber=1
[    4.898175] usb usb1: Product: EHCI Host Controller
[    4.898266] usb usb1: Manufacturer: Linux 2.6.32.57 ehci_hcd
[    4.898361] usb usb1: SerialNumber: 0000:00:1a.7
[    4.898510] usb usb1: configuration #1 chosen from 1 choice
[    4.898630] hub 1-0:1.0: USB hub found
[    4.898718] hub 1-0:1.0: 4 ports detected
[    4.899035] ehci_hcd 0000:00:1d.7: power state changed by ACPI to D0
[    4.899270] ehci_hcd 0000:00:1d.7: power state changed by ACPI to D0
[    4.899366] ehci_hcd 0000:00:1d.7: PCI INT D -> GSI 19 (level, low) -> IRQ 19
[    4.899469] ehci_hcd 0000:00:1d.7: setting latency timer to 64
[    4.899474] ehci_hcd 0000:00:1d.7: EHCI Host Controller
[    4.899604] ehci_hcd 0000:00:1d.7: new USB bus registered, assigned bus number 2
[    4.899759] ehci_hcd 0000:00:1d.7: debug port 1
[    4.903754] ehci_hcd 0000:00:1d.7: cache line size of 32 is not supported
[    4.903762] ehci_hcd 0000:00:1d.7: irq 19, io mem 0xfe227000
[    4.913849] ehci_hcd 0000:00:1d.7: USB 2.0 started, EHCI 1.00
[    4.913963] usb usb2: New USB device found, idVendor=1d6b, idProduct=0002
[    4.914062] usb usb2: New USB device strings: Mfr=3, Product=2, SerialNumber=1
[    4.914183] usb usb2: Product: EHCI Host Controller
[    4.914269] usb usb2: Manufacturer: Linux 2.6.32.57 ehci_hcd
[    4.914357] usb usb2: SerialNumber: 0000:00:1d.7
[    4.914494] usb usb2: configuration #1 chosen from 1 choice
[    4.914616] hub 2-0:1.0: USB hub found
[    4.914708] hub 2-0:1.0: 6 ports detected
[    4.914895] 116x: driver isp116x-hcd, 03 Nov 2005
[    4.915000] ohci_hcd: USB 1.1 'Open' Host Controller (OHCI) Driver
[    4.915114] uhci_hcd: USB Universal Host Controller Interface driver
[    4.915231] uhci_hcd 0000:00:1a.0: PCI INT A -> GSI 20 (level, low) -> IRQ 20
[    4.915333] uhci_hcd 0000:00:1a.0: setting latency timer to 64
[    4.915338] uhci_hcd 0000:00:1a.0: UHCI Host Controller
[    4.915477] uhci_hcd 0000:00:1a.0: new USB bus registered, assigned bus number 3
[    4.915630] uhci_hcd 0000:00:1a.0: irq 20, io base 0x00001860
[    4.915751] usb usb3: New USB device found, idVendor=1d6b, idProduct=0001
[    4.915853] usb usb3: New USB device strings: Mfr=3, Product=2, SerialNumber=1
[    4.915973] usb usb3: Product: UHCI Host Controller
[    4.916063] usb usb3: Manufacturer: Linux 2.6.32.57 uhci_hcd
[    4.916159] usb usb3: SerialNumber: 0000:00:1a.0
[    4.916293] usb usb3: configuration #1 chosen from 1 choice
[    4.916428] hub 3-0:1.0: USB hub found
[    4.916517] hub 3-0:1.0: 2 ports detected
[    4.916815] uhci_hcd 0000:00:1a.1: power state changed by ACPI to D0
[    4.917105] uhci_hcd 0000:00:1a.1: power state changed by ACPI to D0
[    4.917203] uhci_hcd 0000:00:1a.1: PCI INT B -> GSI 21 (level, low) -> IRQ 21
[    4.917307] uhci_hcd 0000:00:1a.1: setting latency timer to 64
[    4.917312] uhci_hcd 0000:00:1a.1: UHCI Host Controller
[    4.917447] uhci_hcd 0000:00:1a.1: new USB bus registered, assigned bus number 4
[    4.917600] uhci_hcd 0000:00:1a.1: irq 21, io base 0x00001880
[    4.917713] usb usb4: New USB device found, idVendor=1d6b, idProduct=0001
[    4.917805] usb usb4: New USB device strings: Mfr=3, Product=2, SerialNumber=1
[    4.917937] usb usb4: Product: UHCI Host Controller
[    4.918033] usb usb4: Manufacturer: Linux 2.6.32.57 uhci_hcd
[    4.918126] usb usb4: SerialNumber: 0000:00:1a.1
[    4.918263] usb usb4: configuration #1 chosen from 1 choice
[    4.918385] hub 4-0:1.0: USB hub found
[    4.918474] hub 4-0:1.0: 2 ports detected
[    4.918764] uhci_hcd 0000:00:1d.0: power state changed by ACPI to D0
[    4.919020] uhci_hcd 0000:00:1d.0: power state changed by ACPI to D0
[    4.919123] uhci_hcd 0000:00:1d.0: PCI INT A -> GSI 16 (level, low) -> IRQ 16
[    4.919219] uhci_hcd 0000:00:1d.0: setting latency timer to 64
[    4.919222] uhci_hcd 0000:00:1d.0: UHCI Host Controller
[    4.919358] uhci_hcd 0000:00:1d.0: new USB bus registered, assigned bus number 5
[    4.919512] uhci_hcd 0000:00:1d.0: irq 16, io base 0x000018a0
[    4.919627] usb usb5: New USB device found, idVendor=1d6b, idProduct=0001
[    4.919720] usb usb5: New USB device strings: Mfr=3, Product=2, SerialNumber=1
[    4.919849] usb usb5: Product: UHCI Host Controller
[    4.919937] usb usb5: Manufacturer: Linux 2.6.32.57 uhci_hcd
[    4.920028] usb usb5: SerialNumber: 0000:00:1d.0
[    4.920164] usb usb5: configuration #1 chosen from 1 choice
[    4.920283] hub 5-0:1.0: USB hub found
[    4.920373] hub 5-0:1.0: 2 ports detected
[    4.920510] uhci_hcd 0000:00:1d.1: PCI INT B -> GSI 17 (level, low) -> IRQ 17
[    4.920607] uhci_hcd 0000:00:1d.1: setting latency timer to 64
[    4.920612] uhci_hcd 0000:00:1d.1: UHCI Host Controller
[    4.920745] uhci_hcd 0000:00:1d.1: new USB bus registered, assigned bus number 6
[    4.920890] uhci_hcd 0000:00:1d.1: irq 17, io base 0x000018c0
[    4.921005] usb usb6: New USB device found, idVendor=1d6b, idProduct=0001
[    4.921103] usb usb6: New USB device strings: Mfr=3, Product=2, SerialNumber=1
[    4.921231] usb usb6: Product: UHCI Host Controller
[    4.921317] usb usb6: Manufacturer: Linux 2.6.32.57 uhci_hcd
[    4.921410] usb usb6: SerialNumber: 0000:00:1d.1
[    4.921546] usb usb6: configuration #1 chosen from 1 choice
[    4.921661] hub 6-0:1.0: USB hub found
[    4.921760] hub 6-0:1.0: 2 ports detected
[    4.922113] uhci_hcd 0000:00:1d.2: power state changed by ACPI to D0
[    4.922361] uhci_hcd 0000:00:1d.2: power state changed by ACPI to D0
[    4.922464] uhci_hcd 0000:00:1d.2: PCI INT C -> GSI 18 (level, low) -> IRQ 18
[    4.922559] uhci_hcd 0000:00:1d.2: setting latency timer to 64
[    4.922564] uhci_hcd 0000:00:1d.2: UHCI Host Controller
[    4.922699] uhci_hcd 0000:00:1d.2: new USB bus registered, assigned bus number 7
[    4.922858] uhci_hcd 0000:00:1d.2: irq 18, io base 0x000018e0
[    4.922973] usb usb7: New USB device found, idVendor=1d6b, idProduct=0001
[    4.923063] usb usb7: New USB device strings: Mfr=3, Product=2, SerialNumber=1
[    4.923181] usb usb7: Product: UHCI Host Controller
[    4.923269] usb usb7: Manufacturer: Linux 2.6.32.57 uhci_hcd
[    4.923364] usb usb7: SerialNumber: 0000:00:1d.2
[    4.924156] usb usb7: configuration #1 chosen from 1 choice
[    4.924273] hub 7-0:1.0: USB hub found
[    4.924366] hub 7-0:1.0: 2 ports detected
[    4.924528] sl811: driver sl811-hcd, 19 May 2005
[    4.924632] r8a66597_hcd: driver r8a66597_hcd, 2009-05-26
[    4.924800] Initializing USB Mass Storage driver...
[    4.924934] usbcore: registered new interface driver usb-storage
[    4.925028] USB Mass Storage support registered.
[    4.925138] usbcore: registered new interface driver ums-alauda
[    4.925255] usbcore: registered new interface driver ums-cypress
[    4.925366] usbcore: registered new interface driver ums-datafab
[    4.925483] usbcore: registered new interface driver ums-freecom
[    4.925600] usbcore: registered new interface driver ums-isd200
[    4.925710] usbcore: registered new interface driver ums-jumpshot
[    4.925819] usbcore: registered new interface driver ums-karma
[    4.925939] usbcore: registered new interface driver ums-onetouch
[    4.926050] usbcore: registered new interface driver ums-sddr09
[    4.926166] usbcore: registered new interface driver ums-sddr55
[    4.926274] usbcore: registered new interface driver ums-usbat
[    4.926418] PNP: PS/2 Controller [PNP0303:KBD,PNP0f13:MOU] at 0x60,0x64 irq 1,12
[    4.934897] serio: i8042 KBD port at 0x60,0x64 irq 1
[    4.934986] serio: i8042 AUX port at 0x60,0x64 irq 12
[    4.935232] mice: PS/2 mouse device common for all mice
[    4.935348] i2c /dev entries driver
[    4.935479] md: linear personality registered for level -1
[    4.935568] md: raid0 personality registered for level 0
[    4.935655] md: raid1 personality registered for level 1
[    4.935748] md: raid10 personality registered for level 10
[    4.935850] md: raid6 personality registered for level 6
[    4.935943] md: raid5 personality registered for level 5
[    4.936030] md: raid4 personality registered for level 4
[    4.936116] md: multipath personality registered for level -4
[    4.936319] device-mapper: ioctl: 4.15.0-ioctl (2009-04-01) initialised: dm-devel@redhat.com
[    4.936515] cpuidle: using governor ladder
[    4.937130] usbcore: registered new interface driver usbhid
[    4.937221] usbhid: v2.6:USB HID core driver
[    4.937377] random 0014 0000 0000 00000000 00000000: rand_read_num 4 get_random_bytes(136): sig 00000000 00000000 00000000
[    4.937379] random 0014 0000 0000 00000000 00000000: extract_entropy(.. 136 ..)
[    4.937382] random 0014 0000 0000 00000000 00000000: going to reseed nonblocking with 1024 bits (1088 of 0 requested)
[    4.937384] random 0014 0000 0000 00000000 00000000: extract_entropy(.. 128 ..)
[    4.937387] random 0014 0000 0000 00000000 00000000: trying to extract 1024 bits from input
[    4.937389] random 0014 0000 0000 00000000 00000000: debiting 0 entropy credits from input
[    4.937391] random 0014 0000 0000 00000000 00000000: extract_entropy account returned: 0 
[    4.937394] random 0014 0000 0000 00000000 00000000: urand_change_num 7 xfer_secondary_pool(136): pool_sig 00000000, data_sig 00000000, bytes_mixed 0 00000000 00000000
[    4.937397] random 0014 0000 0000 00000000 00000000: trying to extract 1088 bits from nonblocking
[    4.937399] random 0014 0000 0000 00000000 00000000: debiting 1088 entropy credits from nonblocking (unlimited)
[    4.937401] random 0014 0000 0000 00000000 00000000: extract_entropy account returned: 136 
[    4.937406] random 0014 0000 0000 00000000 00000000: urand_change_num 8 extract_buf: pool_sig 00000000, data_sig fffffff9, bytes_mixed 20 00000000 00000000
[    4.937411] random 0014 0000 0000 b7c35b56 be4dc95d: urand_change_num 9 extract_buf: pool_sig fffffd1e, data_sig 000000c5, bytes_mixed 20 b7c35b56 be4dc95d
[    4.937416] random 0014 0000 0000 ed9f5c47 c48487fb: urand_change_num 10 extract_buf: pool_sig fffff8ec, data_sig ffffff68, bytes_mixed 20 ed9f5c47 c48487fb
[    4.937422] random 0014 0000 0000 ed9f5c47 c48487fb: urand_change_num 11 extract_buf: pool_sig fffffaed, data_sig 000001aa, bytes_mixed 20 ed9f5c47 c48487fb
[    4.937427] random 0014 0000 0000 1b4f7c0a 91bd6a48: urand_change_num 12 extract_buf: pool_sig fffffdd8, data_sig 00000064, bytes_mixed 20 1b4f7c0a 91bd6a48
[    4.937432] random 0014 0000 0000 a254b9bc 20e9a24f: urand_change_num 13 extract_buf: pool_sig fffffbe6, data_sig 000001dd, bytes_mixed 20 a254b9bc 20e9a24f
[    4.937438] random 0014 0000 0000 a254b9bc 20e9a24f: urand_change_num 14 extract_buf: pool_sig fffff940, data_sig fffffe20, bytes_mixed 20 a254b9bc 20e9a24f
[    4.937443] random 0014 0000 0000 2831a66b 5fa2a3ad: urand_change_num 15 extract_buf: pool_sig fffffbce, data_sig 0000007e, bytes_mixed 20 2831a66b 5fa2a3ad
[    4.937448] random 0014 0000 0000 2831a66b 5fa2a3ad: urand_change_num 16 extract_buf: pool_sig 000004df, data_sig fffffe8f, bytes_mixed 20 2831a66b 5fa2a3ad
[    4.937453] random 0014 0000 0000 d4512bfd c9a54e0b: urand_change_num 17 extract_buf: pool_sig 00000485, data_sig fffffe68, bytes_mixed 20 d4512bfd c9a54e0b
[    4.937458] random 0014 0000 0000 c7371be6 f9ffea11: urand_change_num 18 extract_buf: pool_sig 00000095, data_sig ffffffed, bytes_mixed 20 c7371be6 f9ffea11
[    4.937464] random 0014 0000 0000 c7371be6 f9ffea11: urand_change_num 19 extract_buf: pool_sig 000003a7, data_sig fffffefa, bytes_mixed 20 c7371be6 f9ffea11
[    4.937469] random 0014 0000 0000 8fb4b62c d1ddba54: urand_change_num 20 extract_buf: pool_sig 00000179, data_sig ffffff78, bytes_mixed 20 8fb4b62c d1ddba54
[    4.937474] random 0014 0000 0000 9ff19f9c c07a1d2a: urand_change_num 21 extract_buf: pool_sig fffffe88, data_sig 00000126, bytes_mixed 20 9ff19f9c c07a1d2a
[    4.937478] TCP cubic registered
[    4.937566] Initializing XFRM netlink socket
[    4.937659] NET: Registered protocol family 17
[    4.937754] Using IPI Shortcut mode
[    4.937861] random 0014 0000 0000 9ff19f9c c07a1d2a: rand_read_num 5 get_random_bytes(8): sig 0000031b 9ff19f9c c07a1d2a
[    4.937863] random 0014 0000 0000 9ff19f9c c07a1d2a: extract_entropy(.. 8 ..)
[    4.937866] random 0014 0000 0000 9ff19f9c c07a1d2a: going to reseed nonblocking with 64 bits (64 of 0 requested)
[    4.937868] random 0014 0000 0000 9ff19f9c c07a1d2a: extract_entropy(.. 8 ..)
[    4.937870] random 0014 0000 0000 9ff19f9c c07a1d2a: trying to extract 64 bits from input
[    4.937872] random 0014 0000 0000 9ff19f9c c07a1d2a: debiting 0 entropy credits from input
[    4.937874] random 0014 0000 0000 9ff19f9c c07a1d2a: extract_entropy account returned: 0 
[    4.937878] random 0014 0000 0000 9ff19f9c c07a1d2a: urand_change_num 22 xfer_secondary_pool(8): pool_sig 0000031b, data_sig 00000000, bytes_mixed 0 9ff19f9c c07a1d2a
[    4.937880] random 0014 0000 0000 9ff19f9c c07a1d2a: trying to extract 64 bits from nonblocking
[    4.937883] random 0014 0000 0000 9ff19f9c c07a1d2a: debiting 64 entropy credits from nonblocking (unlimited)
[    4.937885] random 0014 0000 0000 9ff19f9c c07a1d2a: extract_entropy account returned: 8 
[    4.937889] random 0014 0000 0000 9ff19f9c c07a1d2a: urand_change_num 23 extract_buf: pool_sig 0000031b, data_sig ffffffb3, bytes_mixed 20 9ff19f9c c07a1d2a
[    4.940266] input: AT Translated Set 2 keyboard as /devices/platform/i8042/serio0/input/input1
[    5.127821] ata1: SATA link up 1.5 Gbps (SStatus 113 SControl 300)
[    5.127931] ata3: SATA link down (SStatus 0 SControl 300)
[    5.129420] ata1.00: ACPI cmd ef/02:00:00:00:00:a0 (SET FEATURES) succeeded
[    5.129423] ata1.00: ACPI cmd f5/00:00:00:00:00:a0 (SECURITY FREEZE LOCK) filtered out
[    5.130810] ata1.00: ACPI cmd ef/5f:00:00:00:00:a0 (SET FEATURES) succeeded
[    5.130813] ata1.00: ACPI cmd ef/10:03:00:00:00:a0 (SET FEATURES) filtered out
[    5.132719] ata1.00: ATA-7: ST910021AS, 4.06, max UDMA/100
[    5.132813] ata1.00: 195371568 sectors, multi 16: LBA48 
[    5.134964] ata1.00: ACPI cmd ef/02:00:00:00:00:a0 (SET FEATURES) succeeded
[    5.134966] ata1.00: ACPI cmd f5/00:00:00:00:00:a0 (SECURITY FREEZE LOCK) filtered out
[    5.136356] ata1.00: ACPI cmd ef/5f:00:00:00:00:a0 (SET FEATURES) succeeded
[    5.136358] ata1.00: ACPI cmd ef/10:03:00:00:00:a0 (SET FEATURES) filtered out
[    5.138284] ata1.00: configured for UDMA/100
[    5.148860] scsi 2:0:0:0: Direct-Access     ATA      ST910021AS       4.06 PQ: 0 ANSI: 5
[    5.149144] sd 2:0:0:0: [sda] 195371568 512-byte logical blocks: (100 GB/93.1 GiB)
[    5.149289] sd 2:0:0:0: [sda] Write Protect is off
[    5.149377] sd 2:0:0:0: [sda] Mode Sense: 00 3a 00 00
[    5.149389] sd 2:0:0:0: [sda] Write cache: enabled, read cache: enabled, doesn't support DPO or FUA
[    5.149579]  sda:
[    5.215785] usb 2-1: new high speed USB device using ehci_hcd and address 2
[    5.353831] usb 2-1: New USB device found, idVendor=0e8d, idProduct=1806
[    5.353919] usb 2-1: New USB device strings: Mfr=1, Product=2, SerialNumber=3
[    5.354006] usb 2-1: Product: MT1806 
[    5.354087] usb 2-1: Manufacturer: MediaTek Inc
[    5.354168] usb 2-1: SerialNumber: R8KN6GAC800AEB 
[    5.354309] usb 2-1: configuration #1 chosen from 1 choice
[    5.357872] scsi5 : SCSI emulation for USB Mass Storage devices
[    5.358036] usb-storage: device found at 2
[    5.358037] usb-storage: waiting for device to settle before scanning
[    5.573061] random 0014 0000 0000 277f73c3 42024bb9: add_disk_randomness(8:0) 277f73c3 42024bb9
[    5.573064] random 0014 0000 0000 277f73c3 42024bb9: add_timer_randomness(.. 8388864) with jiffies: 13107066905405653391, cycles: -5339677172598570997
[    5.573067] random 0014 0000 0000 277f73c3 42024bb9: added 11 entropy credits to input
[    5.573072]  sda1 sda2
[    5.573632] random 0025 0000 0000 277f73c3 42024bb9: add_disk_randomness(8:0) 277f73c3 42024bb9
[    5.573635] random 0025 0000 0000 277f73c3 42024bb9: add_timer_randomness(.. 8388864) with jiffies: 13112213255478804879, cycles: -5334530822525419509
[    5.573793] sd 2:0:0:0: [sda] Attached SCSI disk
[    5.573892] random 0025 0000 0000 277f73c3 42024bb9: rand_read_num 6 get_random_bytes(12): sig 000007e9 277f73c3 42024bb9
[    5.573894] random 0025 0000 0000 277f73c3 42024bb9: extract_entropy(.. 12 ..)
[    5.573897] random 0025 0000 0000 277f73c3 42024bb9: going to reseed nonblocking with 96 bits (96 of 0 requested)
[    5.573899] random 0025 0000 0000 277f73c3 42024bb9: extract_entropy(.. 12 ..)
[    5.573901] random 0025 0000 0000 277f73c3 42024bb9: trying to extract 96 bits from input
[    5.573903] random 0025 0000 0000 277f73c3 42024bb9: debiting 0 entropy credits from input
[    5.573905] random 0025 0000 0000 277f73c3 42024bb9: extract_entropy account returned: 0 
[    5.573909] random 0025 0000 0000 277f73c3 42024bb9: urand_change_num 24 xfer_secondary_pool(12): pool_sig 000007e9, data_sig 00000000, bytes_mixed 0 277f73c3 42024bb9
[    5.573911] random 0025 0000 0000 277f73c3 42024bb9: trying to extract 96 bits from nonblocking
[    5.573914] random 0025 0000 0000 277f73c3 42024bb9: debiting 96 entropy credits from nonblocking (unlimited)
[    5.573916] random 0025 0000 0000 277f73c3 42024bb9: extract_entropy account returned: 12 
[    5.573920] random 0025 0000 0000 277f73c3 42024bb9: urand_change_num 25 extract_buf: pool_sig 000007e9, data_sig 00000088, bytes_mixed 20 277f73c3 42024bb9
[    5.573926] random 0025 0000 0000 277f73c3 42024bb9: urand_change_num 26 extract_buf: pool_sig 00000498, data_sig fffffefb, bytes_mixed 20 277f73c3 42024bb9
[    5.573929] RANDOM - __seed init called.
[    5.573930] RANDOM - __seed init called.
[    5.573931] RANDOM - __seed init called.
[    5.573932] RANDOM - __random32 called. Change num 12.  Value: 87f14767	f0d7351	b1e48bd3
[    5.573934] RANDOM - random32_reseed called.  Value: 87f14767	f0d7351	b1e48bd3
[    5.573937] Pid: 1, comm: swapper Not tainted 2.6.32.57 #6
[    5.574027] Call Trace:
[    5.574117]  [<c1923ca4>] ? random32_reseed+0xa0/0xb1
[    5.574208]  [<c1923c04>] ? random32_reseed+0x0/0xb1
[    5.574298]  [<c100111e>] ? do_one_initcall+0x2e/0x180
[    5.574393]  [<c1907265>] ? kernel_init+0xad/0x103
[    5.574484]  [<c19071b8>] ? kernel_init+0x0/0x103
[    5.574578]  [<c1003787>] ? kernel_thread_helper+0x7/0x10
[    5.575117] random 0025 0000 0000 386b4e60 ee4d4880: rand_read_num 7 get_random_bytes(64): sig fffffea5 386b4e60 ee4d4880
[    5.575119] random 0025 0000 0000 386b4e60 ee4d4880: extract_entropy(.. 64 ..)
[    5.575122] random 0025 0000 0000 386b4e60 ee4d4880: going to reseed nonblocking with 512 bits (512 of 0 requested)
[    5.575124] random 0025 0000 0000 386b4e60 ee4d4880: extract_entropy(.. 64 ..)
[    5.575126] random 0025 0000 0000 386b4e60 ee4d4880: trying to extract 512 bits from input
[    5.575128] random 0025 0000 0000 386b4e60 ee4d4880: debiting 0 entropy credits from input
[    5.575130] random 0025 0000 0000 386b4e60 ee4d4880: extract_entropy account returned: 0 
[    5.575134] random 0025 0000 0000 386b4e60 ee4d4880: urand_change_num 27 xfer_secondary_pool(64): pool_sig fffffea5, data_sig 00000000, bytes_mixed 0 386b4e60 ee4d4880
[    5.575136] random 0025 0000 0000 386b4e60 ee4d4880: trying to extract 512 bits from nonblocking
[    5.575139] random 0025 0000 0000 386b4e60 ee4d4880: debiting 512 entropy credits from nonblocking (unlimited)
[    5.575141] random 0025 0000 0000 386b4e60 ee4d4880: extract_entropy account returned: 64 
[    5.575145] random 0025 0000 0000 386b4e60 ee4d4880: urand_change_num 28 extract_buf: pool_sig fffffea5, data_sig 00000173, bytes_mixed 20 386b4e60 ee4d4880
[    5.575150] random 0025 0000 0000 412698f6 0cc8689a: urand_change_num 29 extract_buf: pool_sig 00000122, data_sig ffffff63, bytes_mixed 20 412698f6 0cc8689a
[    5.575156] random 0025 0000 0000 412698f6 0cc8689a: urand_change_num 30 extract_buf: pool_sig 000001f7, data_sig 00000012, bytes_mixed 20 412698f6 0cc8689a
[    5.575161] random 0025 0000 0000 9669941e 06f768b1: urand_change_num 31 extract_buf: pool_sig fffffb5b, data_sig 0000003f, bytes_mixed 20 9669941e 06f768b1
[    5.575167] random 0025 0000 0000 98486520 995551f0: urand_change_num 32 extract_buf: pool_sig fffffb39, data_sig 0000000e, bytes_mixed 20 98486520 995551f0
[    5.575172] random 0025 0000 0000 98486520 995551f0: urand_change_num 33 extract_buf: pool_sig fffffd8d, data_sig 000001a6, bytes_mixed 20 98486520 995551f0
[    5.575177] random 0025 0000 0000 61fc8914 d5882ed2: urand_change_num 34 extract_buf: pool_sig fffffa58, data_sig 0000023e, bytes_mixed 20 61fc8914 d5882ed2
[    5.575206] random 0025 0000 0000 61fc8914 d5882ed2: rand_read_num 8 get_random_bytes(64): sig fffff9ee 61fc8914 d5882ed2
[    5.575209] random 0025 0000 0000 61fc8914 d5882ed2: extract_entropy(.. 64 ..)
[    5.575211] random 0025 0000 0000 61fc8914 d5882ed2: going to reseed nonblocking with 512 bits (512 of 0 requested)
[    5.575213] random 0025 0000 0000 61fc8914 d5882ed2: extract_entropy(.. 64 ..)
[    5.575216] random 0025 0000 0000 61fc8914 d5882ed2: trying to extract 512 bits from input
[    5.575218] random 0025 0000 0000 61fc8914 d5882ed2: debiting 0 entropy credits from input
[    5.575220] random 0025 0000 0000 61fc8914 d5882ed2: extract_entropy account returned: 0 
[    5.575223] random 0025 0000 0000 61fc8914 d5882ed2: urand_change_num 35 xfer_secondary_pool(64): pool_sig fffff9ee, data_sig 00000000, bytes_mixed 0 61fc8914 d5882ed2
[    5.575226] random 0025 0000 0000 61fc8914 d5882ed2: trying to extract 512 bits from nonblocking
[    5.575228] random 0025 0000 0000 61fc8914 d5882ed2: debiting 512 entropy credits from nonblocking (unlimited)
[    5.575230] random 0025 0000 0000 61fc8914 d5882ed2: extract_entropy account returned: 64 
[    5.575234] random 0025 0000 0000 61fc8914 d5882ed2: urand_change_num 36 extract_buf: pool_sig fffff9ee, data_sig ffffff85, bytes_mixed 20 61fc8914 d5882ed2
[    5.575240] random 0025 0000 0000 70cfd302 e5edec11: urand_change_num 37 extract_buf: pool_sig fffffdc1, data_sig ffffffde, bytes_mixed 20 70cfd302 e5edec11
[    5.575245] random 0025 0000 0000 00dab838 eafd2b30: urand_change_num 38 extract_buf: pool_sig 000003da, data_sig ffffff61, bytes_mixed 20 00dab838 eafd2b30
[    5.575250] random 0025 0000 0000 00dab838 eafd2b30: urand_change_num 39 extract_buf: pool_sig 00000314, data_sig 00000121, bytes_mixed 20 00dab838 eafd2b30
[    5.575256] random 0025 0000 0000 5fcdf66a 6442b608: urand_change_num 40 extract_buf: pool_sig 0000028b, data_sig fffffefd, bytes_mixed 20 5fcdf66a 6442b608
[    5.575261] random 0025 0000 0000 61333f6b 8fae0f9b: urand_change_num 41 extract_buf: pool_sig 000000cb, data_sig 000000b3, bytes_mixed 20 61333f6b 8fae0f9b
[    5.575266] random 0025 0000 0000 61333f6b 8fae0f9b: urand_change_num 42 extract_buf: pool_sig fffffef8, data_sig 00000051, bytes_mixed 20 61333f6b 8fae0f9b
[    5.575269] BEGIN NET_SECRET:
[    5.575270] \xffffffe0
[    5.575271] \xffffffb6
[    5.575272] \x36
[    5.575272] \xffffffb5
[    5.575273] \xffffff94
[    5.575274] \xffffffb2
[    5.575275] \xffffffa8
[    5.575276] \xffffffda
[    5.575277] \x5b
[    5.575277] \x19
[    5.575278] \x18
[    5.575279] \x5c
[    5.575280] \x2b
[    5.575280] \x1
[    5.575281] \xffffff90
[    5.575282] \x19
[    5.575283] \x3c
[    5.575283] \xfffffff2
[    5.575284] \xffffff82
[    5.575285] \x2a
[    5.575286] \xffffffb3
[    5.575287] \xffffffa2
[    5.575287] \x3f
[    5.575288] \x5
[    5.575289] \x52
[    5.575289] \x77
[    5.575290] \x57
[    5.575291] \x79
[    5.575292] \x16
[    5.575292] \x43
[    5.575293] \xffffff84
[    5.575294] \xffffffc3
[    5.575295] \xffffffe9
[    5.575295] \x79
[    5.575296] \x50
[    5.575297] \xffffff8e
[    5.575298] \x3f
[    5.575299] \xfffffff3
[    5.575299] \x19
[    5.575300] \x2a
[    5.575301] \xfffffffd
[    5.575302] \xfffffffb
[    5.575302] \x62
[    5.575303] \x3c
[    5.575304] \xffffffac
[    5.575305] \x1c
[    5.575305] \x3b
[    5.575306] \x3b
[    5.575307] \x15
[    5.575308] \x27
[    5.575308] \xffffffa8
[    5.575309] \x22
[    5.575310] \xffffffc5
[    5.575311] \xffffff9a
[    5.575312] \x5
[    5.575312] \x6c
[    5.575313] \xffffffa8
[    5.575314] \x3a
[    5.575315] \x44
[    5.575315] \xffffffaf
[    5.575316] \x13
[    5.575317] \xffffffe0
[    5.575318] \xffffff9d
[    5.575318] \x22
[    5.575319] 
[    5.575320] END NET_SECRET
[    5.575323] random 0025 0000 0000 e7f555d9 e8ce5c3c: rand_read_num 9 get_random_bytes(4): sig 0000068c e7f555d9 e8ce5c3c
[    5.575325] random 0025 0000 0000 e7f555d9 e8ce5c3c: extract_entropy(.. 4 ..)
[    5.575327] random 0025 0000 0000 e7f555d9 e8ce5c3c: going to reseed nonblocking with 64 bits (32 of 0 requested)
[    5.575330] random 0025 0000 0000 e7f555d9 e8ce5c3c: extract_entropy(.. 8 ..)
[    5.575332] random 0025 0000 0000 e7f555d9 e8ce5c3c: trying to extract 64 bits from input
[    5.575334] random 0025 0000 0000 e7f555d9 e8ce5c3c: debiting 0 entropy credits from input
[    5.575336] random 0025 0000 0000 e7f555d9 e8ce5c3c: extract_entropy account returned: 0 
[    5.575339] random 0025 0000 0000 e7f555d9 e8ce5c3c: urand_change_num 43 xfer_secondary_pool(4): pool_sig 0000068c, data_sig 00000000, bytes_mixed 0 e7f555d9 e8ce5c3c
[    5.575342] random 0025 0000 0000 e7f555d9 e8ce5c3c: trying to extract 32 bits from nonblocking
[    5.575344] random 0025 0000 0000 e7f555d9 e8ce5c3c: debiting 32 entropy credits from nonblocking (unlimited)
[    5.575347] random 0025 0000 0000 e7f555d9 e8ce5c3c: extract_entropy account returned: 4 
[    5.575351] random 0025 0000 0000 e7f555d9 e8ce5c3c: urand_change_num 44 extract_buf: pool_sig 0000068c, data_sig fffffdcb, bytes_mixed 20 e7f555d9 e8ce5c3c
[    5.575362] md: Waiting for all devices to be available before autodetect
[    5.575454] md: If you don't use raid, use raid=noautodetect
[    5.575619] md: Autodetecting RAID arrays.
[    5.575720] md: Scanned 0 and added 0 devices.
[    5.575807] md: autorun ...
[    5.575895] md: ... autorun DONE.
[    5.589264] random 0025 0000 0000 e7f555d9 e8ce5c3c: add_disk_randomness(8:0) e7f555d9 e8ce5c3c
[    5.589267] random 0025 0000 0000 e7f555d9 e8ce5c3c: add_timer_randomness(.. 8388864) with jiffies: 13252871647716409759, cycles: -5193872430287814645
[    5.589270] random 0025 0000 0000 e7f555d9 e8ce5c3c: added 4 entropy credits to input
[    5.590390] random 0029 0000 0000 e7f555d9 e8ce5c3c: add_disk_randomness(8:0) e7f555d9 e8ce5c3c
[    5.590393] random 0029 0000 0000 e7f555d9 e8ce5c3c: add_timer_randomness(.. 8388864) with jiffies: 13263002771193037216, cycles: -5183741306811187189
[    5.590503] random 0029 0000 0000 e7f555d9 e8ce5c3c: add_disk_randomness(8:0) e7f555d9 e8ce5c3c
[    5.590506] random 0029 0000 0000 e7f555d9 e8ce5c3c: add_timer_randomness(.. 8388864) with jiffies: 13264021739299111328, cycles: -5182722338705113077
[    5.590511] EXT3-fs: sda2: couldn't mount because of unsupported optional features (240).
[    5.590739] random 0029 0000 0000 e7f555d9 e8ce5c3c: add_disk_randomness(8:0) e7f555d9 e8ce5c3c
[    5.590742] random 0029 0000 0000 e7f555d9 e8ce5c3c: add_timer_randomness(.. 8388864) with jiffies: 13266138196103365025, cycles: -5180605881900859381
[    5.590747] EXT2-fs: sda2: couldn't mount because of unsupported optional features (240).
[    5.591007] random 0029 0000 0000 e7f555d9 e8ce5c3c: add_disk_randomness(8:0) e7f555d9 e8ce5c3c
[    5.591010] random 0029 0000 0000 e7f555d9 e8ce5c3c: add_timer_randomness(.. 8388864) with jiffies: 13268555627035853217, cycles: -5178188450968371189
[    5.591150] random 0029 0000 0000 e7f555d9 e8ce5c3c: add_disk_randomness(8:0) e7f555d9 e8ce5c3c
[    5.591153] random 0029 0000 0000 e7f555d9 e8ce5c3c: add_timer_randomness(.. 8388864) with jiffies: 13269839680523436449, cycles: -5176904397480787957
[    5.591273] random 0029 0000 0000 e7f555d9 e8ce5c3c: add_disk_randomness(8:0) e7f555d9 e8ce5c3c
[    5.591276] random 0029 0000 0000 e7f555d9 e8ce5c3c: add_timer_randomness(.. 8388864) with jiffies: 13270947490028028321, cycles: -5175796587976196085
[    5.591428] random 0029 0000 0000 e7f555d9 e8ce5c3c: add_disk_randomness(8:0) e7f555d9 e8ce5c3c
[    5.591431] random 0029 0000 0000 e7f555d9 e8ce5c3c: add_timer_randomness(.. 8388864) with jiffies: 13272344376601444769, cycles: -5174399701402779637
[    5.591551] random 0029 0000 0000 e7f555d9 e8ce5c3c: add_disk_randomness(8:0) e7f555d9 e8ce5c3c
[    5.591554] random 0029 0000 0000 e7f555d9 e8ce5c3c: add_timer_randomness(.. 8388864) with jiffies: 13273454217625567649, cycles: -5173289860378656757
[    5.591671] random 0029 0000 0000 e7f555d9 e8ce5c3c: add_disk_randomness(8:0) e7f555d9 e8ce5c3c
[    5.591674] random 0029 0000 0000 e7f555d9 e8ce5c3c: add_timer_randomness(.. 8388864) with jiffies: 13274536639578472865, cycles: -5172207438425751541
[    5.591824] random 0029 0000 0000 e7f555d9 e8ce5c3c: add_disk_randomness(8:0) e7f555d9 e8ce5c3c
[    5.591827] random 0029 0000 0000 e7f555d9 e8ce5c3c: add_timer_randomness(.. 8388864) with jiffies: 13275898483513721250, cycles: -5170845594490503157
[    5.591947] random 0029 0000 0000 e7f555d9 e8ce5c3c: add_disk_randomness(8:0) e7f555d9 e8ce5c3c
[    5.591950] random 0029 0000 0000 e7f555d9 e8ce5c3c: add_timer_randomness(.. 8388864) with jiffies: 13277010441956721058, cycles: -5169733636047503349
[    5.592189] random 0029 0000 0000 e7f555d9 e8ce5c3c: rand_read_num 10 get_random_bytes(4): sig ffffff72 e7f555d9 e8ce5c3c
[    5.592191] random 0029 0000 0000 e7f555d9 e8ce5c3c: extract_entropy(.. 4 ..)
[    5.592194] random 0029 0000 0000 e7f555d9 e8ce5c3c: going to reseed nonblocking with 64 bits (32 of 0 requested)
[    5.592196] random 0029 0000 0000 e7f555d9 e8ce5c3c: extract_entropy(.. 8 ..)
[    5.592198] random 0029 0000 0000 e7f555d9 e8ce5c3c: trying to extract 64 bits from input
[    5.592200] random 0029 0000 0000 e7f555d9 e8ce5c3c: debiting 0 entropy credits from input
[    5.592202] random 0029 0000 0000 e7f555d9 e8ce5c3c: extract_entropy account returned: 0 
[    5.592205] random 0029 0000 0000 e7f555d9 e8ce5c3c: urand_change_num 45 xfer_secondary_pool(4): pool_sig ffffff72, data_sig 00000000, bytes_mixed 0 e7f555d9 e8ce5c3c
[    5.592208] random 0029 0000 0000 e7f555d9 e8ce5c3c: trying to extract 32 bits from nonblocking
[    5.592210] random 0029 0000 0000 e7f555d9 e8ce5c3c: debiting 32 entropy credits from nonblocking (unlimited)
[    5.592213] random 0029 0000 0000 e7f555d9 e8ce5c3c: extract_entropy account returned: 4 
[    5.592217] random 0029 0000 0000 e7f555d9 e8ce5c3c: urand_change_num 46 extract_buf: pool_sig ffffff72, data_sig ffffff72, bytes_mixed 20 e7f555d9 e8ce5c3c
[    5.603718] random 0029 0000 0000 91716c54 eeb6a1e7: add_disk_randomness(8:0) 91716c54 eeb6a1e7
[    5.603721] random 0029 0000 0000 91716c54 eeb6a1e7: add_timer_randomness(.. 8388864) with jiffies: 13382923369108439470, cycles: -5063820708895784949
[    5.603723] random 0029 0000 0000 91716c54 eeb6a1e7: added 3 entropy credits to input
[    5.621987] random 0032 0000 0000 91716c54 eeb6a1e7: add_disk_randomness(8:0) 91716c54 eeb6a1e7
[    5.621990] random 0032 0000 0000 91716c54 eeb6a1e7: add_timer_randomness(.. 8388864) with jiffies: 13547319551669797312, cycles: -4899424526334427125
[    5.621993] random 0032 0000 0000 91716c54 eeb6a1e7: added 2 entropy credits to input
[    5.626728] EXT4-fs (sda2): mounted filesystem with ordered data mode
[    5.626944] VFS: Mounted root (ext4 filesystem) readonly on device 8:2.
[    5.627055] Freeing unused kernel memory: 448k freed
[    5.647180] random 0034 0000 0000 91716c54 eeb6a1e7: add_disk_randomness(8:0) 91716c54 eeb6a1e7
[    5.647183] random 0034 0000 0000 91716c54 eeb6a1e7: add_timer_randomness(.. 8388864) with jiffies: 13774016060220735961, cycles: -4672728017783488501
[    5.647863] random 0034 0000 0000 91716c54 eeb6a1e7: add_disk_randomness(8:0) 91716c54 eeb6a1e7
[    5.647866] random 0034 0000 0000 91716c54 eeb6a1e7: add_timer_randomness(.. 8388864) with jiffies: 13780154324400964058, cycles: -4666589753603260405
[    5.652592] random 0034 0000 0000 91716c54 eeb6a1e7: add_disk_randomness(8:0) 91716c54 eeb6a1e7
[    5.652595] random 0034 0000 0000 91716c54 eeb6a1e7: add_timer_randomness(.. 8388864) with jiffies: 13822718777449218526, cycles: -4624025300555005941
[    5.652597] random 0034 0000 0000 91716c54 eeb6a1e7: added 1 entropy credits to input
[    5.660788] random 0035 0000 0000 91716c54 eeb6a1e7: add_disk_randomness(8:0) 91716c54 eeb6a1e7
[    5.660791] random 0035 0000 0000 91716c54 eeb6a1e7: add_timer_randomness(.. 8388864) with jiffies: 13896456867636019687, cycles: -4550287210368204789
[    5.660793] random 0035 0000 0000 91716c54 eeb6a1e7: added 1 entropy credits to input
[    5.664211] random 0036 0000 0000 91716c54 eeb6a1e7: add_disk_randomness(8:0) 91716c54 eeb6a1e7
[    5.664214] random 0036 0000 0000 91716c54 eeb6a1e7: add_timer_randomness(.. 8388864) with jiffies: 13927270088298955242, cycles: -4519473989705269237
[    5.664217] random 0036 0000 0000 91716c54 eeb6a1e7: added 1 entropy credits to input
[    5.673106] random 0037 0000 0000 91716c54 eeb6a1e7: add_disk_randomness(8:0) 91716c54 eeb6a1e7
[    5.673109] random 0037 0000 0000 91716c54 eeb6a1e7: add_timer_randomness(.. 8388864) with jiffies: 14007306266989003251, cycles: -4439437811015221237
[    5.673112] random 0037 0000 0000 91716c54 eeb6a1e7: added 2 entropy credits to input
[    5.678062] random 0039 0000 0000 91716c54 eeb6a1e7: add_disk_randomness(8:0) 91716c54 eeb6a1e7
[    5.678065] random 0039 0000 0000 91716c54 eeb6a1e7: add_timer_randomness(.. 8388864) with jiffies: 14051903927490413048, cycles: -4394840150513811445
[    5.678068] random 0039 0000 0000 91716c54 eeb6a1e7: added 2 entropy credits to input
[    5.686137] random 0041 0000 0000 91716c54 eeb6a1e7: add_disk_randomness(8:0) 91716c54 eeb6a1e7
[    5.686140] random 0041 0000 0000 91716c54 eeb6a1e7: add_timer_randomness(.. 8388864) with jiffies: 14124562121165079040, cycles: -4322181956839145461
[    5.686143] random 0041 0000 0000 91716c54 eeb6a1e7: added 1 entropy credits to input
[    5.686166] RANDOM get_random_int call with cycles 50533327026, jiffies 4294672896 and pid 1
[    5.686169] RANDOM get_random_int call with cycles 50533334145, jiffies 4294672896 and pid 1
[    5.686171] ASLR stack rand value: 3235840 after shift for pid: 1
[    5.686173] RANDOM get_random_int call with cycles 50533341894, jiffies 4294672896 and pid 1
[    5.697781] random 0042 0000 0000 91716c54 eeb6a1e7: add_disk_randomness(8:0) 91716c54 eeb6a1e7
[    5.697784] random 0042 0000 0000 91716c54 eeb6a1e7: add_timer_randomness(.. 8388864) with jiffies: 14229333592038408716, cycles: -4217410485965815797
[    5.697794] RANDOM get_random_int call with cycles 50557688065, jiffies 4294672908 and pid 1
[    5.697800] random 0042 0000 0000 91716c54 eeb6a1e7: rand_read_num 11 get_random_bytes(16): sig fffffcad 91716c54 eeb6a1e7
[    5.697802] random 0042 0000 0000 91716c54 eeb6a1e7: extract_entropy(.. 16 ..)
[    5.697805] random 0042 0000 0000 91716c54 eeb6a1e7: going to reseed nonblocking with 128 bits (128 of 0 requested)
[    5.697807] random 0042 0000 0000 91716c54 eeb6a1e7: extract_entropy(.. 16 ..)
[    5.697809] random 0042 0000 0000 91716c54 eeb6a1e7: trying to extract 128 bits from input
[    5.697812] random 0042 0000 0000 91716c54 eeb6a1e7: debiting 0 entropy credits from input
[    5.697814] random 0042 0000 0000 91716c54 eeb6a1e7: extract_entropy account returned: 0 
[    5.697817] random 0042 0000 0000 91716c54 eeb6a1e7: urand_change_num 47 xfer_secondary_pool(16): pool_sig fffffcad, data_sig 00000000, bytes_mixed 0 91716c54 eeb6a1e7
[    5.697820] random 0042 0000 0000 91716c54 eeb6a1e7: trying to extract 128 bits from nonblocking
[    5.697822] random 0042 0000 0000 91716c54 eeb6a1e7: debiting 128 entropy credits from nonblocking (unlimited)
[    5.697825] random 0042 0000 0000 91716c54 eeb6a1e7: extract_entropy account returned: 16 
[    5.697829] random 0042 0000 0000 91716c54 eeb6a1e7: urand_change_num 48 extract_buf: pool_sig fffffcad, data_sig ffffff19, bytes_mixed 20 91716c54 eeb6a1e7
[    5.697834] random 0042 0000 0000 fd637b06 6cf47bc1: urand_change_num 49 extract_buf: pool_sig fffffede, data_sig ffffffc1, bytes_mixed 20 fd637b06 6cf47bc1
[    5.698796] random 0042 0000 0000 fd637b06 6cf47bc1: add_disk_randomness(8:0) fd637b06 6cf47bc1
[    5.698800] random 0042 0000 0000 fd637b06 6cf47bc1: add_timer_randomness(.. 8388864) with jiffies: 14238472079853453837, cycles: -4208271998150770677
[    5.699987] random 0042 0000 0000 fd637b06 6cf47bc1: add_disk_randomness(8:0) fd637b06 6cf47bc1
[    5.699990] random 0042 0000 0000 fd637b06 6cf47bc1: add_timer_randomness(.. 8388864) with jiffies: 14249188474228539918, cycles: -4197555603775684597
[    5.701145] random 0042 0000 0000 fd637b06 6cf47bc1: add_disk_randomness(8:0) fd637b06 6cf47bc1
[    5.701148] random 0042 0000 0000 fd637b06 6cf47bc1: add_timer_randomness(.. 8388864) with jiffies: 14259614034893177359, cycles: -4187130043111047157
[    5.702021] random 0042 0000 0000 fd637b06 6cf47bc1: add_disk_randomness(8:0) fd637b06 6cf47bc1
[    5.702024] random 0042 0000 0000 fd637b06 6cf47bc1: add_timer_randomness(.. 8388864) with jiffies: 14267493182462460432, cycles: -4179250895541764085
[    5.702207] random 0042 0000 0000 fd637b06 6cf47bc1: add_disk_randomness(8:0) fd637b06 6cf47bc1
[    5.702210] random 0042 0000 0000 fd637b06 6cf47bc1: add_timer_randomness(.. 8388864) with jiffies: 14269166196778304016, cycles: -4177577881225920501
[    5.702416] random 0042 0000 0000 fd637b06 6cf47bc1: add_disk_randomness(8:0) fd637b06 6cf47bc1
[    5.702419] random 0042 0000 0000 fd637b06 6cf47bc1: add_timer_randomness(.. 8388864) with jiffies: 14271053061810782736, cycles: -4175691016193441781
[    5.712841] random 0042 0000 0000 fd637b06 6cf47bc1: add_disk_randomness(8:0) fd637b06 6cf47bc1
[    5.712844] random 0042 0000 0000 fd637b06 6cf47bc1: add_timer_randomness(.. 8388864) with jiffies: 14364849645702316571, cycles: -4081894432301907957
[    5.712847] random 0042 0000 0000 fd637b06 6cf47bc1: added 3 entropy credits to input
[    5.713280] random 0045 0000 0000 fd637b06 6cf47bc1: add_disk_randomness(8:0) fd637b06 6cf47bc1
[    5.713283] random 0045 0000 0000 fd637b06 6cf47bc1: add_timer_randomness(.. 8388864) with jiffies: 14368810395823211035, cycles: -4077933682181013493
[    5.723022] random 0045 0000 0000 fd637b06 6cf47bc1: add_disk_randomness(8:0) fd637b06 6cf47bc1
[    5.723025] random 0045 0000 0000 fd637b06 6cf47bc1: add_timer_randomness(.. 8388864) with jiffies: 14456462444882264613, cycles: -3990281633121959925
[    5.723028] random 0045 0000 0000 fd637b06 6cf47bc1: added 3 entropy credits to input
[    5.723080] RANDOM get_random_int call with cycles 50610665259, jiffies 4294672933 and pid 1
[    5.727622] random 0048 0000 0000 fd637b06 6cf47bc1: add_disk_randomness(8:0) fd637b06 6cf47bc1
[    5.727625] random 0048 0000 0000 fd637b06 6cf47bc1: add_timer_randomness(.. 8388864) with jiffies: 14497868309027586601, cycles: -3948875768976637941
[    5.727628] random 0048 0000 0000 fd637b06 6cf47bc1: added 2 entropy credits to input
[    5.740452] random 0050 0000 0000 fd637b06 6cf47bc1: add_disk_randomness(8:0) fd637b06 6cf47bc1
[    5.740455] random 0050 0000 0000 fd637b06 6cf47bc1: add_timer_randomness(.. 8388864) with jiffies: 14613312159451152950, cycles: -3833431918553071605
[    5.740458] random 0050 0000 0000 fd637b06 6cf47bc1: added 3 entropy credits to input
[    5.740593] random 0053 0000 0000 fd637b06 6cf47bc1: add_disk_randomness(8:0) fd637b06 6cf47bc1
[    5.740596] random 0053 0000 0000 fd637b06 6cf47bc1: add_timer_randomness(.. 8388864) with jiffies: 14614584711016317494, cycles: -3832159366987907061
[    5.742759] random 0053 0000 0000 fd637b06 6cf47bc1: add_disk_randomness(8:0) fd637b06 6cf47bc1
[    5.742762] random 0053 0000 0000 fd637b06 6cf47bc1: add_timer_randomness(.. 8388864) with jiffies: 14634060235925062201, cycles: -3812683842079162357
[    5.742765] random 0053 0000 0000 fd637b06 6cf47bc1: added 1 entropy credits to input
[    5.742998] random 0054 0000 0000 fd637b06 6cf47bc1: add_disk_randomness(8:0) fd637b06 6cf47bc1
[    5.743001] random 0054 0000 0000 fd637b06 6cf47bc1: add_timer_randomness(.. 8388864) with jiffies: 14636215248650732089, cycles: -3810528829353492469
[    5.743142] random 0054 0000 0000 fd637b06 6cf47bc1: add_disk_randomness(8:0) fd637b06 6cf47bc1
[    5.743145] random 0054 0000 0000 fd637b06 6cf47bc1: add_timer_randomness(.. 8388864) with jiffies: 14637509988016947769, cycles: -3809234089987276789
[    5.746308] random 0054 0000 0000 fd637b06 6cf47bc1: add_disk_randomness(8:0) fd637b06 6cf47bc1
[    5.746311] random 0054 0000 0000 fd637b06 6cf47bc1: add_timer_randomness(.. 8388864) with jiffies: 14666003995059520060, cycles: -3780740082944704501
[    5.746314] random 0054 0000 0000 fd637b06 6cf47bc1: added 1 entropy credits to input
[    5.748320] random 0055 0000 0000 fd637b06 6cf47bc1: add_disk_randomness(8:0) fd637b06 6cf47bc1
[    5.748323] random 0055 0000 0000 fd637b06 6cf47bc1: add_timer_randomness(.. 8388864) with jiffies: 14684105946477331006, cycles: -3762638131526893557
[    5.756149] random 0055 0000 0000 fd637b06 6cf47bc1: add_disk_randomness(8:0) fd637b06 6cf47bc1
[    5.756152] random 0055 0000 0000 fd637b06 6cf47bc1: add_timer_randomness(.. 8388864) with jiffies: 14754554830449771078, cycles: -3692189247554453493
[    5.756155] random 0055 0000 0000 fd637b06 6cf47bc1: added 2 entropy credits to input
[    5.756281] random 0057 0000 0000 fd637b06 6cf47bc1: add_disk_randomness(8:0) fd637b06 6cf47bc1
[    5.756284] random 0057 0000 0000 fd637b06 6cf47bc1: add_timer_randomness(.. 8388864) with jiffies: 14755746297327354438, cycles: -3690997780676870133
[    5.759843] random 0057 0000 0000 fd637b06 6cf47bc1: add_disk_randomness(8:0) fd637b06 6cf47bc1
[    5.759846] random 0057 0000 0000 fd637b06 6cf47bc1: add_timer_randomness(.. 8388864) with jiffies: 14787790850754314826, cycles: -3658953227249909749
[    5.759849] random 0057 0000 0000 fd637b06 6cf47bc1: added 2 entropy credits to input
[    5.764341] random 0059 0000 0000 fd637b06 6cf47bc1: add_disk_randomness(8:0) fd637b06 6cf47bc1
[    5.764344] random 0059 0000 0000 fd637b06 6cf47bc1: add_timer_randomness(.. 8388864) with jiffies: 14828273576103871054, cycles: -3618470501900353525
[    5.769922] random 0059 0000 0000 fd637b06 6cf47bc1: add_disk_randomness(8:0) fd637b06 6cf47bc1
[    5.769925] random 0059 0000 0000 fd637b06 6cf47bc1: add_timer_randomness(.. 8388864) with jiffies: 14878482087391494740, cycles: -3568261990612729845
[    5.769928] random 0059 0000 0000 fd637b06 6cf47bc1: added 1 entropy credits to input
[    5.776196] random 0060 0000 0000 fd637b06 6cf47bc1: add_disk_randomness(8:0) fd637b06 6cf47bc1
[    5.776199] random 0060 0000 0000 fd637b06 6cf47bc1: add_timer_randomness(.. 8388864) with jiffies: 14934946343099794010, cycles: -3511797734904430581
[    5.776213] random 0060 0000 0000 fd637b06 6cf47bc1: rand_read_num 12 get_random_bytes(16): sig 0000033b fd637b06 6cf47bc1
[    5.776215] random 0060 0000 0000 fd637b06 6cf47bc1: extract_entropy(.. 16 ..)
[    5.776218] random 0060 0000 0000 fd637b06 6cf47bc1: going to reseed nonblocking with 128 bits (128 of 0 requested)
[    5.776220] random 0060 0000 0000 fd637b06 6cf47bc1: extract_entropy(.. 16 ..)
[    5.776222] random 0060 0000 0000 fd637b06 6cf47bc1: trying to extract 128 bits from input
[    5.776224] random 0060 0000 0000 fd637b06 6cf47bc1: debiting 0 entropy credits from input
[    5.776226] random 0060 0000 0000 fd637b06 6cf47bc1: extract_entropy account returned: 0 
[    5.776230] random 0060 0000 0000 fd637b06 6cf47bc1: urand_change_num 50 xfer_secondary_pool(16): pool_sig 0000033b, data_sig 00000000, bytes_mixed 0 fd637b06 6cf47bc1
[    5.776233] random 0060 0000 0000 fd637b06 6cf47bc1: trying to extract 128 bits from nonblocking
[    5.776235] random 0060 0000 0000 fd637b06 6cf47bc1: debiting 128 entropy credits from nonblocking (unlimited)
[    5.776237] random 0060 0000 0000 fd637b06 6cf47bc1: extract_entropy account returned: 16 
[    5.776241] random 0060 0000 0000 fd637b06 6cf47bc1: urand_change_num 51 extract_buf: pool_sig 0000033b, data_sig 000000d8, bytes_mixed 20 fd637b06 6cf47bc1
[    5.776247] random 0060 0000 0000 0ec1f012 d4727ca8: urand_change_num 52 extract_buf: pool_sig fffffcf5, data_sig 00000016, bytes_mixed 20 0ec1f012 d4727ca8
[    5.782942] random 0060 0000 0000 45b1d0b1 845a73f7: add_disk_randomness(8:0) 45b1d0b1 845a73f7
[    5.782945] random 0060 0000 0000 45b1d0b1 845a73f7: add_timer_randomness(.. 8388864) with jiffies: 14995646712167236193, cycles: -3451097365836988405
[    5.790168] random 0060 0000 0000 45b1d0b1 845a73f7: add_disk_randomness(8:0) 45b1d0b1 845a73f7
[    5.790171] random 0060 0000 0000 45b1d0b1 845a73f7: add_timer_randomness(.. 8388864) with jiffies: 15060670541343720040, cycles: -3386073536660504565
[    5.795761] random 0060 0000 0000 45b1d0b1 845a73f7: add_disk_randomness(8:0) 45b1d0b1 845a73f7
[    5.795764] random 0060 0000 0000 45b1d0b1 845a73f7: add_timer_randomness(.. 8388864) with jiffies: 15110985396021592686, cycles: -3335758681982631925
[    5.807580] random 0060 0000 0000 45b1d0b1 845a73f7: add_disk_randomness(8:0) 45b1d0b1 845a73f7
[    5.807584] random 0060 0000 0000 45b1d0b1 845a73f7: add_timer_randomness(.. 8388864) with jiffies: 15217356780867388025, cycles: -3229387297136836597
[    5.807586] random 0060 0000 0000 45b1d0b1 845a73f7: added 2 entropy credits to input
[    5.810727] random 0062 0000 0000 45b1d0b1 845a73f7: add_disk_randomness(8:0) 45b1d0b1 845a73f7
[    5.810731] random 0062 0000 0000 45b1d0b1 845a73f7: add_timer_randomness(.. 8388864) with jiffies: 15245662775716577917, cycles: -3201081302287646709
[    5.810733] random 0062 0000 0000 45b1d0b1 845a73f7: added 2 entropy credits to input
[    5.824996] random 0064 0000 0000 45b1d0b1 845a73f7: add_disk_randomness(8:0) 45b1d0b1 845a73f7
[    5.824999] random 0064 0000 0000 45b1d0b1 845a73f7: add_timer_randomness(.. 8388864) with jiffies: 15374062094340817547, cycles: -3072681983663407093
[    5.825002] random 0064 0000 0000 45b1d0b1 845a73f7: added 3 entropy credits to input
[    5.830389] random 0067 0000 0000 45b1d0b1 845a73f7: add_disk_randomness(8:0) 45b1d0b1 845a73f7
[    5.830392] random 0067 0000 0000 45b1d0b1 845a73f7: add_timer_randomness(.. 8388864) with jiffies: 15422594932727841424, cycles: -3024149145276383221
[    5.830395] random 0067 0000 0000 45b1d0b1 845a73f7: added 2 entropy credits to input
[    5.835561] random 0069 0000 0000 45b1d0b1 845a73f7: add_disk_randomness(8:0) 45b1d0b1 845a73f7
[    5.835564] random 0069 0000 0000 45b1d0b1 845a73f7: add_timer_randomness(.. 8388864) with jiffies: 15469130327854383765, cycles: -2977613750149840885
[    5.843787] random 0069 0000 0000 45b1d0b1 845a73f7: add_disk_randomness(8:0) 45b1d0b1 845a73f7
[    5.843791] random 0069 0000 0000 45b1d0b1 845a73f7: add_timer_randomness(.. 8388864) with jiffies: 15543147973167514270, cycles: -2903596104836710389
[    5.843794] random 0069 0000 0000 45b1d0b1 845a73f7: added 2 entropy credits to input
[    5.853389] random 0071 0000 0000 45b1d0b1 845a73f7: add_disk_randomness(8:0) 45b1d0b1 845a73f7
[    5.853392] random 0071 0000 0000 45b1d0b1 845a73f7: add_timer_randomness(.. 8388864) with jiffies: 15629553090141323943, cycles: -2817190987862900725
[    5.872891] random 0071 0000 0000 45b1d0b1 845a73f7: add_disk_randomness(8:0) 45b1d0b1 845a73f7
[    5.872894] random 0071 0000 0000 45b1d0b1 845a73f7: add_timer_randomness(.. 8388864) with jiffies: 15805033114414842555, cycles: -2641710963589382133
[    5.872897] random 0071 0000 0000 45b1d0b1 845a73f7: added 3 entropy credits to input
[    5.886172] random 0074 0000 0000 45b1d0b1 845a73f7: add_disk_randomness(8:0) 45b1d0b1 845a73f7
[    5.886175] random 0074 0000 0000 45b1d0b1 845a73f7: add_timer_randomness(.. 8388864) with jiffies: 15924542430556947144, cycles: -2522201647447277557
[    5.886178] random 0074 0000 0000 45b1d0b1 845a73f7: added 2 entropy credits to input
[    5.894193] random 0076 0000 0000 45b1d0b1 845a73f7: add_disk_randomness(8:0) 45b1d0b1 845a73f7
[    5.894196] random 0076 0000 0000 45b1d0b1 845a73f7: add_timer_randomness(.. 8388864) with jiffies: 15996716280769643216, cycles: -2450027797234581493
[    5.894199] random 0076 0000 0000 45b1d0b1 845a73f7: added 1 entropy credits to input
[    5.904201] random 0077 0000 0000 45b1d0b1 845a73f7: add_disk_randomness(8:0) 45b1d0b1 845a73f7
[    5.904204] random 0077 0000 0000 45b1d0b1 845a73f7: add_timer_randomness(.. 8388864) with jiffies: 16086772416297796314, cycles: -2359971661706428405
[    5.904207] random 0077 0000 0000 45b1d0b1 845a73f7: added 1 entropy credits to input
[    5.917087] random 0078 0000 0000 45b1d0b1 845a73f7: add_disk_randomness(8:0) 45b1d0b1 845a73f7
[    5.917091] random 0078 0000 0000 45b1d0b1 845a73f7: add_timer_randomness(.. 8388864) with jiffies: 16202727982009909991, cycles: -2244016095994314741
[    5.924445] random 0078 0000 0000 45b1d0b1 845a73f7: add_disk_randomness(8:0) 45b1d0b1 845a73f7
[    5.924448] random 0078 0000 0000 45b1d0b1 845a73f7: add_timer_randomness(.. 8388864) with jiffies: 16268938094038450926, cycles: -2177805983965773813
[    5.924451] random 0078 0000 0000 45b1d0b1 845a73f7: added 2 entropy credits to input
[    5.929690] random 0080 0000 0000 45b1d0b1 845a73f7: add_disk_randomness(8:0) 45b1d0b1 845a73f7
[    5.929693] random 0080 0000 0000 45b1d0b1 845a73f7: add_timer_randomness(.. 8388864) with jiffies: 16316120229635392244, cycles: -2130623848368832501
[    5.936129] random 0080 0000 0000 45b1d0b1 845a73f7: add_disk_randomness(8:0) 45b1d0b1 845a73f7
[    5.936132] random 0080 0000 0000 45b1d0b1 845a73f7: add_timer_randomness(.. 8388864) with jiffies: 16374070299214971642, cycles: -2072673778789253109
[    5.941184] random 0080 0000 0000 45b1d0b1 845a73f7: add_disk_randomness(8:0) 45b1d0b1 845a73f7
[    5.941187] random 0080 0000 0000 45b1d0b1 845a73f7: add_timer_randomness(.. 8388864) with jiffies: 16419553397289222911, cycles: -2027190680715001845
[    5.947081] random 0080 0000 0000 45b1d0b1 845a73f7: add_disk_randomness(8:0) 45b1d0b1 845a73f7
[    5.947084] random 0080 0000 0000 45b1d0b1 845a73f7: add_timer_randomness(.. 8388864) with jiffies: 16472616335251833605, cycles: -1974127742752391157
[    5.956433] random 0080 0000 0000 45b1d0b1 845a73f7: add_disk_randomness(8:0) 45b1d0b1 845a73f7
[    5.956436] random 0080 0000 0000 45b1d0b1 845a73f7: add_timer_randomness(.. 8388864) with jiffies: 16556780303930852110, cycles: -1889963774073372661
[    5.956439] random 0080 0000 0000 45b1d0b1 845a73f7: added 1 entropy credits to input
[    5.961311] random 0081 0000 0000 45b1d0b1 845a73f7: add_disk_randomness(8:0) 45b1d0b1 845a73f7
[    5.961314] random 0081 0000 0000 45b1d0b1 845a73f7: add_timer_randomness(.. 8388864) with jiffies: 16600669440857309971, cycles: -1846074637146914805
[    5.961317] random 0081 0000 0000 45b1d0b1 845a73f7: added 2 entropy credits to input
[    5.968747] random 0083 0000 0000 45b1d0b1 845a73f7: add_disk_randomness(8:0) 45b1d0b1 845a73f7
[    5.968750] random 0083 0000 0000 45b1d0b1 845a73f7: add_timer_randomness(.. 8388864) with jiffies: 16667570621713711899, cycles: -1779173456290512885
[    5.968753] random 0083 0000 0000 45b1d0b1 845a73f7: added 1 entropy credits to input
[    5.974961] random 0084 0000 0000 45b1d0b1 845a73f7: add_disk_randomness(8:0) 45b1d0b1 845a73f7
[    5.974964] random 0084 0000 0000 45b1d0b1 845a73f7: add_timer_randomness(.. 8388864) with jiffies: 16723487174602490657, cycles: -1723256903401734133
[    5.974966] random 0084 0000 0000 45b1d0b1 845a73f7: added 1 entropy credits to input
[    5.975118] random 0085 0000 0000 45b1d0b1 845a73f7: add_disk_randomness(8:0) 45b1d0b1 845a73f7
[    5.975121] random 0085 0000 0000 45b1d0b1 845a73f7: add_timer_randomness(.. 8388864) with jiffies: 16724901825160643361, cycles: -1721842252843581429
[    5.989522] random 0085 0000 0000 45b1d0b1 845a73f7: add_disk_randomness(8:0) 45b1d0b1 845a73f7
[    5.989525] random 0085 0000 0000 45b1d0b1 845a73f7: add_timer_randomness(.. 8388864) with jiffies: 16854521563037008687, cycles: -1592222514967216117
[    5.989528] random 0085 0000 0000 45b1d0b1 845a73f7: added 3 entropy credits to input
[    5.996939] random 0088 0000 0000 45b1d0b1 845a73f7: add_disk_randomness(8:0) 45b1d0b1 845a73f7
[    5.996942] random 0088 0000 0000 45b1d0b1 845a73f7: add_timer_randomness(.. 8388864) with jiffies: 16921257460666958647, cycles: -1525486617337266165
[    5.996945] random 0088 0000 0000 45b1d0b1 845a73f7: added 2 entropy credits to input
[    6.006621] random 0090 0000 0000 45b1d0b1 845a73f7: add_disk_randomness(8:0) 45b1d0b1 845a73f7
[    6.006624] random 0090 0000 0000 45b1d0b1 845a73f7: add_timer_randomness(.. 8388864) with jiffies: 17008375787025040193, cycles: -1438368290979184629
[    6.006627] random 0090 0000 0000 45b1d0b1 845a73f7: added 1 entropy credits to input
[    6.017249] random 0091 0000 0000 45b1d0b1 845a73f7: add_disk_randomness(8:0) 45b1d0b1 845a73f7
[    6.017253] random 0091 0000 0000 45b1d0b1 845a73f7: add_timer_randomness(.. 8388864) with jiffies: 17104020181811430219, cycles: -1342723896192794613
[    6.029766] random 0091 0000 0000 45b1d0b1 845a73f7: add_disk_randomness(8:0) 45b1d0b1 845a73f7
[    6.029769] random 0091 0000 0000 45b1d0b1 845a73f7: add_timer_randomness(.. 8388864) with jiffies: 17216641671785841496, cycles: -1230102406218383349
[    6.029772] random 0091 0000 0000 45b1d0b1 845a73f7: added 1 entropy credits to input
[    6.030972] random 0092 0000 0000 45b1d0b1 845a73f7: add_disk_randomness(8:0) 45b1d0b1 845a73f7
[    6.030975] random 0092 0000 0000 45b1d0b1 845a73f7: add_timer_randomness(.. 8388864) with jiffies: 17227499984765289305, cycles: -1219244093238935541
[    6.034987] random 0092 0000 0000 45b1d0b1 845a73f7: add_disk_randomness(8:0) 45b1d0b1 845a73f7
[    6.034990] random 0092 0000 0000 45b1d0b1 845a73f7: add_timer_randomness(.. 8388864) with jiffies: 17263622085653791581, cycles: -1183121992350433269
[    6.034992] random 0092 0000 0000 45b1d0b1 845a73f7: added 1 entropy credits to input
[    6.044326] random 0093 0000 0000 45b1d0b1 845a73f7: add_disk_randomness(8:0) 45b1d0b1 845a73f7
[    6.044329] random 0093 0000 0000 45b1d0b1 845a73f7: add_timer_randomness(.. 8388864) with jiffies: 17347663072239256422, cycles: -1099081005764968437
[    6.044332] random 0093 0000 0000 45b1d0b1 845a73f7: added 1 entropy credits to input
[    6.044677] random 0094 0000 0000 45b1d0b1 845a73f7: add_disk_randomness(8:0) 45b1d0b1 845a73f7
[    6.044680] random 0094 0000 0000 45b1d0b1 845a73f7: add_timer_randomness(.. 8388864) with jiffies: 17350812795095712615, cycles: -1095931282908512245
[    6.060334] random 0094 0000 0000 45b1d0b1 845a73f7: add_disk_randomness(8:0) 45b1d0b1 845a73f7
[    6.060337] random 0094 0000 0000 45b1d0b1 845a73f7: add_timer_randomness(.. 8388864) with jiffies: 17491710245213012854, cycles: -955033832791212021
[    6.060340] random 0094 0000 0000 45b1d0b1 845a73f7: added 3 entropy credits to input
[    6.061968] random 0097 0000 0000 45b1d0b1 845a73f7: add_disk_randomness(8:0) 45b1d0b1 845a73f7
[    6.061970] random 0097 0000 0000 45b1d0b1 845a73f7: add_timer_randomness(.. 8388864) with jiffies: 17506402628252959608, cycles: -940341449751265269
[    6.061973] random 0097 0000 0000 45b1d0b1 845a73f7: added 1 entropy credits to input
[    6.062111] random 0098 0000 0000 45b1d0b1 845a73f7: add_disk_randomness(8:0) 45b1d0b1 845a73f7
[    6.062114] random 0098 0000 0000 45b1d0b1 845a73f7: add_timer_randomness(.. 8388864) with jiffies: 17507698497195574136, cycles: -939045580808650741
[    6.072989] random 0098 0000 0000 45b1d0b1 845a73f7: add_disk_randomness(8:0) 45b1d0b1 845a73f7
[    6.072992] random 0098 0000 0000 45b1d0b1 845a73f7: add_timer_randomness(.. 8388864) with jiffies: 17605575424572359555, cycles: -841168653431865333
[    6.072994] random 0098 0000 0000 45b1d0b1 845a73f7: added 3 entropy credits to input
[    6.073554] random 0101 0000 0000 45b1d0b1 845a73f7: add_disk_randomness(8:0) 45b1d0b1 845a73f7
[    6.073557] random 0101 0000 0000 45b1d0b1 845a73f7: add_timer_randomness(.. 8388864) with jiffies: 17610672936572388227, cycles: -836071141431836661
[    6.078785] random 0101 0000 0000 45b1d0b1 845a73f7: add_disk_randomness(8:0) 45b1d0b1 845a73f7
[    6.078788] random 0101 0000 0000 45b1d0b1 845a73f7: add_timer_randomness(.. 8388864) with jiffies: 17657728662691873673, cycles: -789015415312351221
[    6.078791] random 0101 0000 0000 45b1d0b1 845a73f7: added 2 entropy credits to input
[    6.080539] random 0103 0000 0000 45b1d0b1 845a73f7: add_disk_randomness(8:0) 45b1d0b1 845a73f7
[    6.080542] random 0103 0000 0000 45b1d0b1 845a73f7: add_timer_randomness(.. 8388864) with jiffies: 17673524169427092362, cycles: -773219908577132533
[    6.090762] random 0103 0000 0000 45b1d0b1 845a73f7: add_disk_randomness(8:0) 45b1d0b1 845a73f7
