[    0.000000] random 0000 0000 0000 00000000 00000000: rand_read_num 1 get_random_bytes(8): sig 00000000 00000000 00000000
[    0.000000] random 0000 0000 0000 00000000 00000000: extract_entropy(.. 8 ..)
[    0.000000] random 0000 0000 0000 00000000 00000000: going to reseed nonblocking with 64 bits (64 of 0 requested)
[    0.000000] random 0000 0000 0000 00000000 00000000: extract_entropy(.. 8 ..)
[    0.000000] random 0000 0000 0000 00000000 00000000: trying to extract 64 bits from input
[    0.000000] random 0000 0000 0000 00000000 00000000: debiting 0 entropy credits from input
[    0.000000] random 0000 0000 0000 00000000 00000000: extract_entropy account returned: 0 
[    0.000000] random 0000 0000 0000 00000000 00000000: urand_change_num 1 xfer_secondary_pool(8): pool_sig 00000000, data_sig 00000000, bytes_mixed 0 00000000 00000000
[    0.000000] random 0000 0000 0000 00000000 00000000: trying to extract 64 bits from nonblocking
[    0.000000] random 0000 0000 0000 00000000 00000000: debiting 64 entropy credits from nonblocking (unlimited)
[    0.000000] random 0000 0000 0000 00000000 00000000: extract_entropy account returned: 8 
[    0.000000] random 0000 0000 0000 00000000 00000000: urand_change_num 2 extract_buf: pool_sig 00000000, data_sig fffffff9, bytes_mixed 20 00000000 00000000
[    0.000000] Linux version 2.6.32.57 (dcashman@dcashman-02) (gcc version 4.3.3 (GCC) ) #6 Thu May 30 09:02:12 PDT 2013
[    0.000000] KERNEL supported cpus:
[    0.000000]   Intel GenuineIntel
[    0.000000]   AMD AuthenticAMD
[    0.000000]   NSC Geode by NSC
[    0.000000]   Cyrix CyrixInstead
[    0.000000]   Centaur CentaurHauls
[    0.000000]   Transmeta GenuineTMx86
[    0.000000]   Transmeta TransmetaCPU
[    0.000000]   UMC UMC UMC UMC
[    0.000000] BIOS-provided physical RAM map:
[    0.000000]  BIOS-e820: 0000000000000000 - 000000000009d800 (usable)
[    0.000000]  BIOS-e820: 000000000009d800 - 00000000000a0000 (reserved)
[    0.000000]  BIOS-e820: 00000000000d2000 - 00000000000d4000 (reserved)
[    0.000000]  BIOS-e820: 00000000000e0000 - 0000000000100000 (reserved)
[    0.000000]  BIOS-e820: 0000000000100000 - 000000003d6b0000 (usable)
[    0.000000]  BIOS-e820: 000000003d6b0000 - 000000003d6cc000 (ACPI data)
[    0.000000]  BIOS-e820: 000000003d6cc000 - 000000003d700000 (ACPI NVS)
[    0.000000]  BIOS-e820: 000000003d700000 - 000000003e000000 (reserved)
[    0.000000]  BIOS-e820: 00000000f0000000 - 00000000f4000000 (reserved)
[    0.000000]  BIOS-e820: 00000000fec00000 - 00000000fec10000 (reserved)
[    0.000000]  BIOS-e820: 00000000fed00000 - 00000000fed00400 (reserved)
[    0.000000]  BIOS-e820: 00000000fed14000 - 00000000fed1a000 (reserved)
[    0.000000]  BIOS-e820: 00000000fed1c000 - 00000000fed90000 (reserved)
[    0.000000]  BIOS-e820: 00000000fee00000 - 00000000fee01000 (reserved)
[    0.000000]  BIOS-e820: 00000000ff000000 - 0000000100000000 (reserved)
[    0.000000] DMI present.
[    0.000000] last_pfn = 0x3d6b0 max_arch_pfn = 0x100000
[    0.000000] MTRR default type: uncachable
[    0.000000] MTRR fixed ranges enabled:
[    0.000000]   00000-9FFFF write-back
[    0.000000]   A0000-BFFFF uncachable
[    0.000000]   C0000-CFFFF write-protect
[    0.000000]   D0000-DFFFF uncachable
[    0.000000]   E0000-FFFFF write-protect
[    0.000000] MTRR variable ranges enabled:
[    0.000000]   0 base 03E000000 mask FFE000000 uncachable
[    0.000000]   1 base 000000000 mask FC0000000 write-back
[    0.000000]   2 base 03D700000 mask FFFF00000 uncachable
[    0.000000]   3 base 03D800000 mask FFF800000 uncachable
[    0.000000]   4 disabled
[    0.000000]   5 disabled
[    0.000000]   6 disabled
[    0.000000]   7 disabled
[    0.000000] initial memory mapped : 0 - 02000000
[    0.000000] init_memory_mapping: 0000000000000000-00000000377fe000
[    0.000000]  0000000000 - 0000400000 page 4k
[    0.000000]  0000400000 - 0037400000 page 2M
[    0.000000]  0037400000 - 00377fe000 page 4k
[    0.000000] kernel direct mapping tables up to 377fe000 @ 7000-c000
[    0.000000] ACPI: RSDP 000f68d0 00024 (v02 LENOVO)
[    0.000000] ACPI: XSDT 3d6bb77f 00094 (v01 LENOVO TP-7L    00002170  LTP 00000000)
[    0.000000] ACPI: FACP 3d6bb900 000F4 (v03 LENOVO TP-7L    00002170 LNVO 00000001)
[    0.000000] ACPI Warning: 32/64X length mismatch in Gpe1Block: 0/32 (20090903/tbfadt-526)
[    0.000000] ACPI Warning: Optional field Gpe1Block has zero address or length: 000000000000102C/0 (20090903/tbfadt-557)
[    0.000000] ACPI: DSDT 3d6bbd1d 0FED1 (v01 LENOVO TP-7L    00002170 MSFT 03000000)
[    0.000000] ACPI: FACS 3d6e4000 00040
[    0.000000] ACPI: SSDT 3d6bbab4 00269 (v01 LENOVO TP-7L    00002170 MSFT 03000000)
[    0.000000] ACPI: ECDT 3d6cbbee 00052 (v01 LENOVO TP-7L    00002170 LNVO 00000001)
[    0.000000] ACPI: TCPA 3d6cbc40 00032 (v02 LENOVO TP-7L    00002170 LNVO 00000001)
[    0.000000] ACPI: APIC 3d6cbc72 00068 (v01 LENOVO TP-7L    00002170 LNVO 00000001)
[    0.000000] ACPI: MCFG 3d6cbcda 0003C (v01 LENOVO TP-7L    00002170 LNVO 00000001)
[    0.000000] ACPI: HPET 3d6cbd16 00038 (v01 LENOVO TP-7L    00002170 LNVO 00000001)
[    0.000000] ACPI: SLIC 3d6cbdf0 00176 (v01 LENOVO TP-7L    00002170  LTP 00000000)
[    0.000000] ACPI: BOOT 3d6cbf66 00028 (v01 LENOVO TP-7L    00002170  LTP 00000001)
[    0.000000] ACPI: ASF! 3d6cbf8e 00072 (v16 LENOVO TP-7L    00002170 PTL  00000001)
[    0.000000] ACPI: SSDT 3d6e26d9 0025F (v01 LENOVO TP-7L    00002170 INTL 20050513)
[    0.000000] ACPI: SSDT 3d6e2938 000A6 (v01 LENOVO TP-7L    00002170 INTL 20050513)
[    0.000000] ACPI: SSDT 3d6e29de 004F7 (v01 LENOVO TP-7L    00002170 INTL 20050513)
[    0.000000] ACPI: SSDT 3d6e2ed5 001D8 (v01 LENOVO TP-7L    00002170 INTL 20050513)
[    0.000000] ACPI: DMI detected: Lenovo ThinkPad R61
[    0.000000] ACPI: Added _OSI(Linux)
[    0.000000] ACPI: Local APIC address 0xfee00000
[    0.000000] 94MB HIGHMEM available.
[    0.000000] 887MB LOWMEM available.
[    0.000000]   mapped low ram: 0 - 377fe000
[    0.000000]   low ram: 0 - 377fe000
[    0.000000]   node 0 low ram: 00000000 - 377fe000
[    0.000000]   node 0 bootmap 00008000 - 0000ef00
[    0.000000] (6 early reservations) ==> bootmem [0000000000 - 00377fe000]
[    0.000000]   #0 [0000000000 - 0000001000]   BIOS data page ==> [0000000000 - 0000001000]
[    0.000000]   #1 [0001000000 - 0001bdc180]    TEXT DATA BSS ==> [0001000000 - 0001bdc180]
[    0.000000]   #2 [000009d800 - 0000100000]    BIOS reserved ==> [000009d800 - 0000100000]
[    0.000000]   #3 [0001bdd000 - 0001be516c]              BRK ==> [0001bdd000 - 0001be516c]
[    0.000000]   #4 [0000007000 - 0000008000]          PGTABLE ==> [0000007000 - 0000008000]
[    0.000000]   #5 [0000008000 - 000000f000]          BOOTMAP ==> [0000008000 - 000000f000]
[    0.000000] found SMP MP-table at [c00f6900] f6900
[    0.000000] Zone PFN ranges:
[    0.000000]   DMA      0x00000000 -> 0x00001000
[    0.000000]   Normal   0x00001000 -> 0x000377fe
[    0.000000]   HighMem  0x000377fe -> 0x0003d6b0
[    0.000000] Movable zone start PFN for each node
[    0.000000] early_node_map[2] active PFN ranges
[    0.000000]     0: 0x00000000 -> 0x0000009d
[    0.000000]     0: 0x00000100 -> 0x0003d6b0
[    0.000000] On node 0 totalpages: 251469
[    0.000000] free_area_init_node: node 0, pgdat c1901ea0, node_mem_map c1be7000
[    0.000000]   DMA zone: 32 pages used for memmap
[    0.000000]   DMA zone: 0 pages reserved
[    0.000000]   DMA zone: 3965 pages, LIFO batch:0
[    0.000000]   Normal zone: 1744 pages used for memmap
[    0.000000]   Normal zone: 221486 pages, LIFO batch:31
[    0.000000]   HighMem zone: 190 pages used for memmap
[    0.000000]   HighMem zone: 24052 pages, LIFO batch:3
[    0.000000] Using APIC driver default
[    0.000000] ACPI: PM-Timer IO Port: 0x1008
[    0.000000] ACPI: Local APIC address 0xfee00000
[    0.000000] ACPI: LAPIC (acpi_id[0x00] lapic_id[0x00] enabled)
[    0.000000] ACPI: LAPIC (acpi_id[0x01] lapic_id[0x01] enabled)
[    0.000000] ACPI: NR_CPUS/possible_cpus limit of 1 reached.  Processor 1/0x1 ignored.
[    0.000000] ACPI: LAPIC_NMI (acpi_id[0x00] high edge lint[0x1])
[    0.000000] ACPI: LAPIC_NMI (acpi_id[0x01] high edge lint[0x1])
[    0.000000] ACPI: IOAPIC (id[0x01] address[0xfec00000] gsi_base[0])
[    0.000000] IOAPIC[0]: apic_id 1, version 32, address 0xfec00000, GSI 0-23
[    0.000000] ACPI: INT_SRC_OVR (bus 0 bus_irq 0 global_irq 2 dfl dfl)
[    0.000000] ACPI: INT_SRC_OVR (bus 0 bus_irq 9 global_irq 9 high level)
[    0.000000] ACPI: IRQ0 used by override.
[    0.000000] ACPI: IRQ2 used by override.
[    0.000000] ACPI: IRQ9 used by override.
[    0.000000] Using ACPI (MADT) for SMP configuration information
[    0.000000] ACPI: HPET id: 0x8086a201 base: 0xfed00000
[    0.000000] nr_irqs_gsi: 24
[    0.000000] PM: Registered nosave memory: 000000000009d000 - 000000000009e000
[    0.000000] PM: Registered nosave memory: 000000000009e000 - 00000000000a0000
[    0.000000] PM: Registered nosave memory: 00000000000a0000 - 00000000000d2000
[    0.000000] PM: Registered nosave memory: 00000000000d2000 - 00000000000d4000
[    0.000000] PM: Registered nosave memory: 00000000000d4000 - 00000000000e0000
[    0.000000] PM: Registered nosave memory: 00000000000e0000 - 0000000000100000
[    0.000000] Allocating PCI resources starting at 3e000000 (gap: 3e000000:b2000000)
[    0.000000] Built 1 zonelists in Zone order, mobility grouping on.  Total pages: 249503
[    0.000000] Kernel command line: auto BOOT_IMAGE=Linux ro root=802 vt.default_utf8=0 maxcpus=0
[    0.000000] PID hash table entries: 4096 (order: 2, 16384 bytes)
[    0.000000] Dentry cache hash table entries: 131072 (order: 7, 524288 bytes)
[    0.000000] Inode-cache hash table entries: 65536 (order: 6, 262144 bytes)
[    0.000000] Enabling fast FPU save and restore... done.
[    0.000000] Enabling unmasked SIMD FPU exception support... done.
[    0.000000] Initializing CPU#0
[    0.000000] Initializing HighMem for node 0 (000377fe:0003d6b0)
[    0.000000] Memory: 984800k/1006272k available (6915k kernel code, 20876k reserved, 2327k data, 448k init, 96968k highmem)
[    0.000000] virtual kernel memory layout:
[    0.000000]     fixmap  : 0xfffa3000 - 0xfffff000   ( 368 kB)
[    0.000000]     pkmap   : 0xff800000 - 0xffc00000   (4096 kB)
[    0.000000]     vmalloc : 0xf7ffe000 - 0xff7fe000   ( 120 MB)
[    0.000000]     lowmem  : 0xc0000000 - 0xf77fe000   ( 887 MB)
[    0.000000]       .init : 0xc1907000 - 0xc1977000   ( 448 kB)
[    0.000000]       .data : 0xc16c0d3f - 0xc1906c64   (2327 kB)
[    0.000000]       .text : 0xc1000000 - 0xc16c0d3f   (6915 kB)
[    0.000000] Checking if this processor honours the WP bit even in supervisor mode...Ok.
[    0.000000] SLUB: Genslabs=13, HWalign=64, Order=0-3, MinObjects=0, CPUs=1, Nodes=1
[    0.000000] Hierarchical RCU implementation.
[    0.000000] NR_IRQS:288
[    0.000000] Extended CMOS year: 2000
[    0.000000] Console: colour VGA+ 80x25
[    0.000000] console [tty0] enabled
[    0.000000] hpet clockevent registered
[    0.000000] Fast TSC calibration using PIT
[    0.000000] Detected 2094.895 MHz processor.
[    0.001002] Calibrating delay loop (skipped), value calculated using timer frequency.. 4189.79 BogoMIPS (lpj=2094895)
[    0.001172] Security Framework initialized
[    0.001258] Mount-cache hash table entries: 512
[    0.002046] CPU: L1 I cache: 32K, L1 D cache: 32K
[    0.002170] CPU: L2 cache: 3072K
[    0.002252] mce: CPU supports 6 MCE banks
[    0.002332] CPU0: Thermal monitoring enabled (TM2)
[    0.002418] using mwait in idle threads.
[    0.002498] CPU: Intel(R) Core(TM)2 Duo CPU     T8100  @ 2.10GHz stepping 06
[    0.002671] Checking 'hlt' instruction... OK.
[    0.006942] ACPI: Core revision 20090903
[    0.026013] RANDOM get_random_int first call with cycles 38469626821, jiffies 4294667322 and pid 0
[    0.026021] CANARY value: e6a52b7b for PID: 1
[    0.026027] CANARY value: fb923337 for PID: 2
[    0.026050] Enabling APIC mode:  Flat.  Using 1 I/O APICs
[    0.027203] ..TIMER: vector=0x30 apic1=0 pin1=2 apic2=-1 pin2=-1
[    0.037997] xor: automatically using best checksumming function: pIII_sse
[    0.041998]    pIII_sse  :  8568.000 MB/sec
[    0.042078] xor: using function: pIII_sse (8568.000 MB/sec)
[    0.042164] RANDOM - __seed init called.
[    0.042165] RANDOM - __seed init called.
[    0.042166] RANDOM - __seed init called.
[    0.042167] RANDOM - __random32 called. Change num 1.  Value: f7943846	49e73df3	af36cd0d
[    0.042169] RANDOM - __random32 called. Change num 2.  Value: 43846e13	9e73df37	9a1ad014
[    0.042171] RANDOM - __random32 called. Change num 3.  Value: 46e139c8	e73df373	a029598a
[    0.042173] RANDOM - __random32 called. Change num 4.  Value: 139c8c3b	73df373d	b3142c72
[    0.042174] RANDOM - __random32 called. Change num 5.  Value: c8c3b043	3df373de	58e576a9
[    0.042176] RANDOM - __random32 called. Change num 6.  Value: 3b0437d9	df373de5	ed53f9d8
[    0.042178] RANDOM - random32 init called.  Value: 3b0437d9	df373de5	ed53f9d8
[    0.042195] NET: Registered protocol family 16
[    0.042459] ACPI FADT declares the system doesn't support PCIe ASPM, so disable it
[    0.042576] ACPI: bus type pci registered
[    0.042734] PCI: MCFG configuration 0: base f0000000 segment 0 buses 0 - 63
[    0.042817] PCI: MCFG area at f0000000 reserved in E820
[    0.042901] PCI: Using MMCONFIG for extended config space
[    0.042993] PCI: Using configuration type 1 for base access
[    0.046094] bio: create slab <bio-0> at 0
[    0.046911] ACPI: EC: EC description table is found, configuring boot EC
[    0.052068] ACPI: BIOS _OSI(Linux) query honored via DMI
[    0.052780] random 0000 0000 0000 00000000 00000000: rand_read_num 2 get_random_bytes(8): sig fffffe1a 00000000 00000000
[    0.052783] random 0000 0000 0000 00000000 00000000: extract_entropy(.. 8 ..)
[    0.052785] random 0000 0000 0000 00000000 00000000: going to reseed nonblocking with 64 bits (64 of 0 requested)
[    0.052787] random 0000 0000 0000 00000000 00000000: extract_entropy(.. 8 ..)
[    0.052790] random 0000 0000 0000 00000000 00000000: trying to extract 64 bits from input
[    0.052792] random 0000 0000 0000 00000000 00000000: debiting 0 entropy credits from input
[    0.052794] random 0000 0000 0000 00000000 00000000: extract_entropy account returned: 0 
[    0.052823] random 0000 0000 0000 00000000 00000000: urand_change_num 3 xfer_secondary_pool(8): pool_sig fffffe1a, data_sig 00000000, bytes_mixed 0 00000000 00000000
[    0.052826] random 0000 0000 0000 00000000 00000000: trying to extract 64 bits from nonblocking
[    0.052829] random 0000 0000 0000 00000000 00000000: debiting 64 entropy credits from nonblocking (unlimited)
[    0.052831] random 0000 0000 0000 00000000 00000000: extract_entropy account returned: 8 
[    0.052835] random 0000 0000 0000 00000000 00000000: urand_change_num 4 extract_buf: pool_sig fffffe1a, data_sig fffffed7, bytes_mixed 20 00000000 00000000
[    0.057584] ACPI: Interpreter enabled
[    0.057661] ACPI: (supports S0 S3 S4 S5)
[    0.057937] ACPI: Using IOAPIC for interrupt routing
[    0.067692] ACPI: EC: GPE = 0x12, I/O: command/status = 0x66, data = 0x62
[    0.067962] ACPI: Power Resource [PUBS] (on)
[    0.070109] ACPI: ACPI Dock Station Driver: 3 docks/bays found
[    0.070513] ACPI: PCI Root Bridge [PCI0] (0000:00)
[    0.070681] pci 0000:00:02.0: reg 10 64bit mmio: [0xf8100000-0xf81fffff]
[    0.070687] pci 0000:00:02.0: reg 18 64bit mmio pref: [0xe0000000-0xefffffff]
[    0.070691] pci 0000:00:02.0: reg 20 io port: [0x1800-0x1807]
[    0.070726] pci 0000:00:02.1: reg 10 64bit mmio: [0xf8200000-0xf82fffff]
[    0.070828] pci 0000:00:19.0: reg 10 32bit mmio: [0xfe000000-0xfe01ffff]
[    0.070838] pci 0000:00:19.0: reg 14 32bit mmio: [0xfe025000-0xfe025fff]
[    0.070847] pci 0000:00:19.0: reg 18 io port: [0x1840-0x185f]
[    0.070918] pci 0000:00:19.0: PME# supported from D0 D3hot D3cold
[    0.071001] pci 0000:00:19.0: PME# disabled
[    0.071141] pci 0000:00:1a.0: reg 20 io port: [0x1860-0x187f]
[    0.071220] pci 0000:00:1a.1: reg 20 io port: [0x1880-0x189f]
[    0.071302] pci 0000:00:1a.7: reg 10 32bit mmio: [0xfe226c00-0xfe226fff]
[    0.071382] pci 0000:00:1a.7: PME# supported from D0 D3hot D3cold
[    0.071466] pci 0000:00:1a.7: PME# disabled
[    0.071610] pci 0000:00:1b.0: reg 10 64bit mmio: [0xfe020000-0xfe023fff]
[    0.071690] pci 0000:00:1b.0: PME# supported from D0 D3hot D3cold
[    0.071783] pci 0000:00:1b.0: PME# disabled
[    0.072009] pci 0000:00:1c.0: PME# supported from D0 D3hot D3cold
[    0.072104] pci 0000:00:1c.0: PME# disabled
[    0.072301] pci 0000:00:1c.1: PME# supported from D0 D3hot D3cold
[    0.072388] pci 0000:00:1c.1: PME# disabled
[    0.072579] pci 0000:00:1c.2: PME# supported from D0 D3hot D3cold
[    0.072670] pci 0000:00:1c.2: PME# disabled
[    0.072861] pci 0000:00:1c.3: PME# supported from D0 D3hot D3cold
[    0.072953] pci 0000:00:1c.3: PME# disabled
[    0.073109] pci 0000:00:1c.4: PME# supported from D0 D3hot D3cold
[    0.073199] pci 0000:00:1c.4: PME# disabled
[    0.074049] pci 0000:00:1d.0: reg 20 io port: [0x18a0-0x18bf]
[    0.074128] pci 0000:00:1d.1: reg 20 io port: [0x18c0-0x18df]
[    0.074219] pci 0000:00:1d.2: reg 20 io port: [0x18e0-0x18ff]
[    0.074320] pci 0000:00:1d.7: reg 10 32bit mmio: [0xfe227000-0xfe2273ff]
[    0.074420] pci 0000:00:1d.7: PME# supported from D0 D3hot D3cold
[    0.074505] pci 0000:00:1d.7: PME# disabled
[    0.074784] pci 0000:00:1f.0: quirk: region 1000-107f claimed by ICH6 ACPI/GPIO/TCO
[    0.074903] pci 0000:00:1f.0: quirk: region 1180-11bf claimed by ICH6 GPIO
[    0.074998] pci 0000:00:1f.0: ICH7 LPC Generic IO decode 1 PIO at 1600 (mask 007f)
[    0.075119] pci 0000:00:1f.0: ICH7 LPC Generic IO decode 2 PIO at 15e0 (mask 000f)
[    0.075233] pci 0000:00:1f.0: ICH7 LPC Generic IO decode 3 PIO at 1680 (mask 001f)
[    0.075423] pci 0000:00:1f.1: reg 10 io port: [0x00-0x07]
[    0.075435] pci 0000:00:1f.1: reg 14 io port: [0x00-0x03]
[    0.075442] pci 0000:00:1f.1: reg 18 io port: [0x00-0x07]
[    0.075451] pci 0000:00:1f.1: reg 1c io port: [0x00-0x03]
[    0.075460] pci 0000:00:1f.1: reg 20 io port: [0x1c00-0x1c0f]
[    0.075541] pci 0000:00:1f.2: reg 10 io port: [0x1c50-0x1c57]
[    0.075549] pci 0000:00:1f.2: reg 14 io port: [0x1c44-0x1c47]
[    0.075558] pci 0000:00:1f.2: reg 18 io port: [0x1c48-0x1c4f]
[    0.075567] pci 0000:00:1f.2: reg 1c io port: [0x1c40-0x1c43]
[    0.075574] pci 0000:00:1f.2: reg 20 io port: [0x1c20-0x1c3f]
[    0.075583] pci 0000:00:1f.2: reg 24 32bit mmio: [0xfe226000-0xfe2267ff]
[    0.075643] pci 0000:00:1f.2: PME# supported from D3hot
[    0.075728] pci 0000:00:1f.2: PME# disabled
[    0.075846] pci 0000:00:1f.3: reg 10 32bit mmio: [0xfe227400-0xfe2274ff]
[    0.075871] pci 0000:00:1f.3: reg 20 io port: [0x1c60-0x1c7f]
[    0.075967] pci 0000:00:1c.0: bridge io port: [0x2000-0x2fff]
[    0.075973] pci 0000:00:1c.0: bridge 32bit mmio: [0xfc000000-0xfdffffff]
[    0.075985] pci 0000:00:1c.0: bridge 64bit mmio pref: [0xf8000000-0xf80fffff]
[    0.076062] pci 0000:03:00.0: reg 10 64bit mmio: [0xdf3f0000-0xdf3fffff]
[    0.076256] pci 0000:00:1c.1: bridge io port: [0x3000-0x3fff]
[    0.076263] pci 0000:00:1c.1: bridge 32bit mmio: [0xdc000000-0xdf3fffff]
[    0.076270] pci 0000:00:1c.1: bridge 64bit mmio pref: [0xdfe00000-0xdfefffff]
[    0.076333] pci 0000:00:1c.2: bridge io port: [0x4000-0x4fff]
[    0.076339] pci 0000:00:1c.2: bridge 32bit mmio: [0xd8000000-0xd9ffffff]
[    0.076348] pci 0000:00:1c.2: bridge 64bit mmio pref: [0xdfb00000-0xdfbfffff]
[    0.076410] pci 0000:00:1c.3: bridge io port: [0x5000-0x5fff]
[    0.076416] pci 0000:00:1c.3: bridge 32bit mmio: [0xd4000000-0xd5ffffff]
[    0.076425] pci 0000:00:1c.3: bridge 64bit mmio pref: [0xdf800000-0xdf8fffff]
[    0.076479] pci 0000:00:1c.4: bridge io port: [0x6000-0x6fff]
[    0.076486] pci 0000:00:1c.4: bridge 32bit mmio: [0xd0000000-0xd1ffffff]
[    0.076495] pci 0000:00:1c.4: bridge 64bit mmio pref: [0xdf500000-0xdf5fffff]
[    0.076553] pci 0000:15:00.0: reg 10 32bit mmio: [0xf8300000-0xf8300fff]
[    0.076603] pci 0000:15:00.0: supports D1 D2
[    0.076605] pci 0000:15:00.0: PME# supported from D0 D1 D2 D3hot D3cold
[    0.076690] pci 0000:15:00.0: PME# disabled
[    0.076828] pci 0000:15:00.1: reg 10 32bit mmio: [0xf8301000-0xf83017ff]
[    0.076925] pci 0000:15:00.1: supports D1 D2
[    0.076927] pci 0000:15:00.1: PME# supported from D0 D1 D2 D3hot D3cold
[    0.077000] pci 0000:15:00.1: PME# disabled
[    0.077169] pci 0000:00:1e.0: transparent bridge
[    0.077251] pci 0000:00:1e.0: bridge io port: [0x7000-0xafff]
[    0.077257] pci 0000:00:1e.0: bridge 32bit mmio: [0xf8300000-0xfbffffff]
[    0.077266] pci 0000:00:1e.0: bridge 64bit mmio pref: [0xf4000000-0xf7ffffff]
[    0.077331] pci_bus 0000:00: on NUMA node 0
[    0.077335] ACPI: PCI Interrupt Routing Table [\_SB_.PCI0._PRT]
[    0.077468] ACPI: PCI Interrupt Routing Table [\_SB_.PCI0.EXP0._PRT]
[    0.077527] ACPI: PCI Interrupt Routing Table [\_SB_.PCI0.EXP1._PRT]
[    0.077585] ACPI: PCI Interrupt Routing Table [\_SB_.PCI0.EXP2._PRT]
[    0.077643] ACPI: PCI Interrupt Routing Table [\_SB_.PCI0.EXP3._PRT]
[    0.077706] ACPI: PCI Interrupt Routing Table [\_SB_.PCI0.EXP4._PRT]
[    0.077768] ACPI: PCI Interrupt Routing Table [\_SB_.PCI0.PCI1._PRT]
[    0.083257] ACPI: PCI Interrupt Link [LNKA] (IRQs 3 4 5 6 7 9 *10 11)
[    0.084039] ACPI: PCI Interrupt Link [LNKB] (IRQs 3 4 5 6 7 9 10 *11)
[    0.084755] ACPI: PCI Interrupt Link [LNKC] (IRQs 3 4 5 6 7 9 10 *11)
[    0.085490] ACPI: PCI Interrupt Link [LNKD] (IRQs 3 4 5 6 7 9 10 *11)
[    0.086158] ACPI: PCI Interrupt Link [LNKE] (IRQs 3 4 5 6 7 9 10 *11)
[    0.086875] ACPI: PCI Interrupt Link [LNKF] (IRQs 3 4 5 6 7 9 10 *11)
[    0.087622] ACPI: PCI Interrupt Link [LNKG] (IRQs 3 4 5 6 7 9 10 *11)
[    0.088367] ACPI: PCI Interrupt Link [LNKH] (IRQs 3 4 5 6 7 9 10 *11)
[    0.089067] vgaarb: device added: PCI:0000:00:02.0,decodes=io+mem,owns=io+mem,locks=none
[    0.089184] vgaarb: loaded
[    0.089359] SCSI subsystem initialized
[    0.089448] libata version 3.00 loaded.
[    0.089495] usbcore: registered new interface driver usbfs
[    0.089610] usbcore: registered new interface driver hub
[    0.089714] usbcore: registered new device driver usb
[    0.106037] raid6: int32x1    941 MB/s
[    0.123057] raid6: int32x2    890 MB/s
[    0.140070] raid6: int32x4    750 MB/s
[    0.156990] raid6: int32x8    656 MB/s
[    0.174002] raid6: mmxx1     2882 MB/s
[    0.190985] raid6: mmxx2     3253 MB/s
[    0.208000] raid6: sse1x1    1937 MB/s
[    0.224978] raid6: sse1x2    2531 MB/s
[    0.241985] raid6: sse2x1    3515 MB/s
[    0.258980] raid6: sse2x2    3828 MB/s
[    0.259073] raid6: using algorithm sse2x2 (3828 MB/s)
[    0.259157] PCI: Using ACPI for IRQ routing
[    0.259457] HPET: 3 timers in total, 0 timers will be used for per-cpu timer
[    0.259997] Switching to clocksource tsc
[    0.260095] pnp: PnP ACPI init
[    0.260180] ACPI: bus type pnp registered
[    0.263800] pnp: PnP ACPI: found 11 devices
[    0.263895] ACPI: ACPI bus type pnp unregistered
[    0.263980] system 00:00: iomem range 0x0-0x9ffff could not be reserved
[    0.264062] system 00:00: iomem range 0xc0000-0xc3fff could not be reserved
[    0.264149] system 00:00: iomem range 0xc4000-0xc7fff could not be reserved
[    0.264242] system 00:00: iomem range 0xc8000-0xcbfff has been reserved
[    0.264324] system 00:00: iomem range 0xcc000-0xcffff has been reserved
[    0.264414] system 00:00: iomem range 0xd0000-0xd3fff could not be reserved
[    0.264496] system 00:00: iomem range 0xe0000-0xe3fff could not be reserved
[    0.264577] system 00:00: iomem range 0xe4000-0xe7fff could not be reserved
[    0.264660] system 00:00: iomem range 0xe8000-0xebfff could not be reserved
[    0.264745] system 00:00: iomem range 0xec000-0xeffff could not be reserved
[    0.264831] system 00:00: iomem range 0xf0000-0xfffff could not be reserved
[    0.264927] system 00:00: iomem range 0x100000-0x3dffffff could not be reserved
[    0.265048] system 00:00: iomem range 0xfec00000-0xfed3ffff could not be reserved
[    0.265166] system 00:00: iomem range 0xfed4c000-0xffffffff could not be reserved
[    0.265280] system 00:02: ioport range 0x164e-0x164f has been reserved
[    0.265363] system 00:02: ioport range 0x1000-0x107f has been reserved
[    0.265454] system 00:02: ioport range 0x1180-0x11bf has been reserved
[    0.265547] system 00:02: ioport range 0x800-0x80f has been reserved
[    0.265633] system 00:02: ioport range 0x15e0-0x15ef has been reserved
[    0.265725] system 00:02: ioport range 0x1600-0x165f could not be reserved
[    0.265818] system 00:02: iomem range 0xf0000000-0xf3ffffff has been reserved
[    0.265902] system 00:02: iomem range 0xfed1c000-0xfed1ffff has been reserved
[    0.265995] system 00:02: iomem range 0xfed14000-0xfed17fff has been reserved
[    0.266087] system 00:02: iomem range 0xfed18000-0xfed18fff has been reserved
[    0.266169] system 00:02: iomem range 0xfed19000-0xfed19fff has been reserved
[    0.266273] system 00:02: iomem range 0xfed45000-0xfed4bfff has been reserved
[    0.301298] pci 0000:00:1c.0: PCI bridge, secondary bus 0000:02
[    0.301378] pci 0000:00:1c.0:   IO window: 0x2000-0x2fff
[    0.301462] pci 0000:00:1c.0:   MEM window: 0xfc000000-0xfdffffff
[    0.301548] pci 0000:00:1c.0:   PREFETCH window: 0x000000f8000000-0x000000f80fffff
[    0.301668] pci 0000:00:1c.1: PCI bridge, secondary bus 0000:03
[    0.301752] pci 0000:00:1c.1:   IO window: 0x3000-0x3fff
[    0.301836] pci 0000:00:1c.1:   MEM window: 0xdc000000-0xdf3fffff
[    0.301924] pci 0000:00:1c.1:   PREFETCH window: 0x000000dfe00000-0x000000dfefffff
[    0.302039] pci 0000:00:1c.2: PCI bridge, secondary bus 0000:04
[    0.302124] pci 0000:00:1c.2:   IO window: 0x4000-0x4fff
[    0.302208] pci 0000:00:1c.2:   MEM window: 0xd8000000-0xd9ffffff
[    0.302303] pci 0000:00:1c.2:   PREFETCH window: 0x000000dfb00000-0x000000dfbfffff
[    0.302420] pci 0000:00:1c.3: PCI bridge, secondary bus 0000:05
[    0.302503] pci 0000:00:1c.3:   IO window: 0x5000-0x5fff
[    0.302597] pci 0000:00:1c.3:   MEM window: 0xd4000000-0xd5ffffff
[    0.302684] pci 0000:00:1c.3:   PREFETCH window: 0x000000df800000-0x000000df8fffff
[    0.302804] pci 0000:00:1c.4: PCI bridge, secondary bus 0000:0d
[    0.302895] pci 0000:00:1c.4:   IO window: 0x6000-0x6fff
[    0.302992] pci 0000:00:1c.4:   MEM window: 0xd0000000-0xd1ffffff
[    0.303089] pci 0000:00:1c.4:   PREFETCH window: 0x000000df500000-0x000000df5fffff
[    0.303208] pci 0000:15:00.0: CardBus bridge, secondary bus 0000:16
[    0.303309] pci 0000:15:00.0:   IO window: 0x007000-0x0070ff
[    0.303401] pci 0000:15:00.0:   IO window: 0x007400-0x0074ff
[    0.303490] pci 0000:15:00.0:   PREFETCH window: 0xf4000000-0xf7ffffff
[    0.303577] pci 0000:15:00.0:   MEM window: 0x40000000-0x43ffffff
[    0.303661] pci 0000:00:1e.0: PCI bridge, secondary bus 0000:15
[    0.303749] pci 0000:00:1e.0:   IO window: 0x7000-0xafff
[    0.303833] pci 0000:00:1e.0:   MEM window: 0xf8300000-0xfbffffff
[    0.303927] pci 0000:00:1e.0:   PREFETCH window: 0x000000f4000000-0x000000f7ffffff
[    0.304063] pci 0000:00:1c.0: PCI INT A -> GSI 20 (level, low) -> IRQ 20
[    0.304151] pci 0000:00:1c.0: setting latency timer to 64
[    0.304165] pci 0000:00:1c.1: PCI INT B -> GSI 21 (level, low) -> IRQ 21
[    0.304248] pci 0000:00:1c.1: setting latency timer to 64
[    0.304262] pci 0000:00:1c.2: PCI INT C -> GSI 22 (level, low) -> IRQ 22
[    0.304352] pci 0000:00:1c.2: setting latency timer to 64
[    0.304363] pci 0000:00:1c.3: PCI INT D -> GSI 23 (level, low) -> IRQ 23
[    0.304447] pci 0000:00:1c.3: setting latency timer to 64
[    0.304460] pci 0000:00:1c.4: PCI INT A -> GSI 20 (level, low) -> IRQ 20
[    0.304547] pci 0000:00:1c.4: setting latency timer to 64
[    0.304554] pci 0000:00:1e.0: enabling device (0005 -> 0007)
[    0.304648] pci 0000:00:1e.0: setting latency timer to 64
[    0.304663] pci 0000:15:00.0: PCI INT A -> GSI 16 (level, low) -> IRQ 16
[    0.304748] pci 0000:15:00.0: setting latency timer to 64
[    0.304752] pci_bus 0000:00: resource 0 io:  [0x00-0xffff]
[    0.304754] pci_bus 0000:00: resource 1 mem: [0x000000-0xffffffff]
[    0.304756] pci_bus 0000:02: resource 0 io:  [0x2000-0x2fff]
[    0.304758] pci_bus 0000:02: resource 1 mem: [0xfc000000-0xfdffffff]
[    0.304760] pci_bus 0000:02: resource 2 pref mem [0xf8000000-0xf80fffff]
[    0.304762] pci_bus 0000:03: resource 0 io:  [0x3000-0x3fff]
[    0.304764] pci_bus 0000:03: resource 1 mem: [0xdc000000-0xdf3fffff]
[    0.304766] pci_bus 0000:03: resource 2 pref mem [0xdfe00000-0xdfefffff]
[    0.304767] pci_bus 0000:04: resource 0 io:  [0x4000-0x4fff]
[    0.304769] pci_bus 0000:04: resource 1 mem: [0xd8000000-0xd9ffffff]
[    0.304771] pci_bus 0000:04: resource 2 pref mem [0xdfb00000-0xdfbfffff]
[    0.304773] pci_bus 0000:05: resource 0 io:  [0x5000-0x5fff]
[    0.304775] pci_bus 0000:05: resource 1 mem: [0xd4000000-0xd5ffffff]
[    0.304776] pci_bus 0000:05: resource 2 pref mem [0xdf800000-0xdf8fffff]
[    0.304778] pci_bus 0000:0d: resource 0 io:  [0x6000-0x6fff]
[    0.304780] pci_bus 0000:0d: resource 1 mem: [0xd0000000-0xd1ffffff]
[    0.304782] pci_bus 0000:0d: resource 2 pref mem [0xdf500000-0xdf5fffff]
[    0.304784] pci_bus 0000:15: resource 0 io:  [0x7000-0xafff]
[    0.304786] pci_bus 0000:15: resource 1 mem: [0xf8300000-0xfbffffff]
[    0.304788] pci_bus 0000:15: resource 2 pref mem [0xf4000000-0xf7ffffff]
[    0.304789] pci_bus 0000:15: resource 3 io:  [0x00-0xffff]
[    0.304791] pci_bus 0000:15: resource 4 mem: [0x000000-0xffffffff]
[    0.304793] pci_bus 0000:16: resource 0 io:  [0x7000-0x70ff]
[    0.304795] pci_bus 0000:16: resource 1 io:  [0x7400-0x74ff]
[    0.304797] pci_bus 0000:16: resource 2 pref mem [0xf4000000-0xf7ffffff]
[    0.304799] pci_bus 0000:16: resource 3 mem: [0x40000000-0x43ffffff]
[    0.304806] NET: Registered protocol family 2
[    0.304891] RANDOM - __random32 called. Change num 7.  Value: 437d97bf	f373de51	f3b0f986
[    0.304893] RANDOM - random32 called.  Value: 437d97bf	f373de51	f3b0f986
[    0.304898] random 0000 0000 0000 5f8db4e5 4cfdf2a8: rand_read_num 3 get_random_bytes(4): sig fffffb64 5f8db4e5 4cfdf2a8
[    0.304900] random 0000 0000 0000 5f8db4e5 4cfdf2a8: extract_entropy(.. 4 ..)
[    0.304902] random 0000 0000 0000 5f8db4e5 4cfdf2a8: going to reseed nonblocking with 64 bits (32 of 0 requested)
[    0.304905] random 0000 0000 0000 5f8db4e5 4cfdf2a8: extract_entropy(.. 8 ..)
[    0.304907] random 0000 0000 0000 5f8db4e5 4cfdf2a8: trying to extract 64 bits from input
[    0.304909] random 0000 0000 0000 5f8db4e5 4cfdf2a8: debiting 0 entropy credits from input
[    0.304911] random 0000 0000 0000 5f8db4e5 4cfdf2a8: extract_entropy account returned: 0 
[    0.304914] random 0000 0000 0000 5f8db4e5 4cfdf2a8: urand_change_num 5 xfer_secondary_pool(4): pool_sig fffffb64, data_sig 00000000, bytes_mixed 0 5f8db4e5 4cfdf2a8
[    0.304917] random 0000 0000 0000 5f8db4e5 4cfdf2a8: trying to extract 32 bits from nonblocking
[    0.304919] random 0000 0000 0000 5f8db4e5 4cfdf2a8: debiting 32 entropy credits from nonblocking (unlimited)
[    0.304922] random 0000 0000 0000 5f8db4e5 4cfdf2a8: extract_entropy account returned: 4 
[    0.304926] random 0000 0000 0000 5f8db4e5 4cfdf2a8: urand_change_num 6 extract_buf: pool_sig fffffb64, data_sig 00000241, bytes_mixed 20 5f8db4e5 4cfdf2a8
[    0.304935] IP route cache hash table entries: 32768 (order: 5, 131072 bytes)
[    0.305071] RANDOM - __random32 called. Change num 8.  Value: d97bfe31	373de51f	f30dc6e6
[    0.305073] RANDOM - random32 called.  Value: d97bfe31	373de51f	f30dc6e6
[    0.305084] RANDOM - __random32 called. Change num 9.  Value: bfe314d7	73de51f5	8dcd6c7e
[    0.305085] RANDOM - random32 called.  Value: bfe314d7	73de51f5	8dcd6c7e
[    0.305087] RANDOM - __random32 called. Change num 10.  Value: 314d7baf	3de51f5e	d8fc74c1
[    0.305089] RANDOM - random32 called.  Value: 314d7baf	3de51f5e	d8fc74c1
[    0.305100] RANDOM - __random32 called. Change num 11.  Value: d7baf3c7	de51f5e5	e983e3fa
[    0.305101] RANDOM - random32 called.  Value: d7baf3c7	de51f5e5	e983e3fa
[    0.305111] TCP established hash table entries: 131072 (order: 8, 1048576 bytes)
[    0.305601] TCP bind hash table entries: 65536 (order: 6, 262144 bytes)
[    0.305781] TCP: Hash tables configured (established 131072 bind 65536)
[    0.305867] TCP reno registered
[    0.305974] NET: Registered protocol family 1
[    0.306078] RPC: Registered udp transport module.
[    0.306157] RPC: Registered tcp transport module.
[    0.306244] RPC: Registered tcp NFSv4.1 backchannel transport module.
[    0.306340] pci 0000:00:02.0: Boot video device
[    0.306549] Simple Boot Flag at 0x35 set to 0x1
[    0.307107] highmem bounce pool size: 64 pages
[    0.308594] VFS: Disk quotas dquot_6.5.2
[    0.308708] Dquot-cache hash table entries: 1024 (order 0, 4096 bytes)
[    0.309454] NTFS driver 2.1.29 [Flags: R/W].
[    0.309615] ROMFS MTD (C) 2007 Red Hat, Inc.
[    0.309824] JFS: nTxBlock = 7695, nTxLock = 61562
[    0.312266] SGI XFS with ACLs, security attributes, large block/inode numbers, no debug enabled
[    0.312737] SGI XFS Quota Management subsystem
[    0.313076] Slow work thread pool: Starting up
[    0.313172] Slow work thread pool: Ready
[    0.313263] GFS2 (built May 24 2013 02:47:17) installed
[    0.313357] msgmni has been set to 1734
[    0.313521] alg: No test for cipher_null (cipher_null-generic)
[    0.313613] alg: No test for ecb(cipher_null) (ecb-cipher_null)
[    0.313703] alg: No test for digest_null (digest_null-generic)
[    0.313798] alg: No test for compress_null (compress_null-generic)
[    0.314343] alg: No test for fcrypt (fcrypt-generic)
[    0.315760] alg: No test for stdrng (krng)
[    0.315866] async_tx: api initialized (async)
[    0.316016] Block layer SCSI generic (bsg) driver version 0.4 loaded (major 254)
[    0.316130] io scheduler noop registered
[    0.316211] io scheduler anticipatory registered
[    0.316290] io scheduler deadline registered
[    0.316412] io scheduler cfq registered (default)
[    0.316644] pcieport 0000:00:1c.0: irq 24 for MSI/MSI-X
[    0.316657] pcieport 0000:00:1c.0: setting latency timer to 64
[    0.316844] pcieport 0000:00:1c.1: irq 25 for MSI/MSI-X
[    0.316879] pcieport 0000:00:1c.1: setting latency timer to 64
[    0.317058] pcieport 0000:00:1c.2: irq 26 for MSI/MSI-X
[    0.317069] pcieport 0000:00:1c.2: setting latency timer to 64
[    0.317244] pcieport 0000:00:1c.3: irq 27 for MSI/MSI-X
[    0.317260] pcieport 0000:00:1c.3: setting latency timer to 64
[    0.317444] pcieport 0000:00:1c.4: irq 28 for MSI/MSI-X
[    0.317454] pcieport 0000:00:1c.4: setting latency timer to 64
[    0.317597] pci_hotplug: PCI Hot Plug PCI Core version: 0.5
[    0.317780] isapnp: Scanning for PnP cards...
[    0.678321] isapnp: No Plug & Play device found
[    0.678413] random 0000 0000 0000 5f8db4e5 4cfdf2a8: initializing
[    0.678415] RANDOM init_std_data for input now value: 1369917479678415649
[    0.678417] RANDOM init_std_data for blocking now value: 1369917479678417638
[    0.678418] RANDOM init_std_data for nonblocking now value: 1369917479678419368
[    0.698008] Serial: 8250/16550 driver, 4 ports, IRQ sharing enabled
[    3.708416] floppy0: no floppy controllers found
[    3.709366] brd: module loaded
[    3.709870] loop: module loaded
[    3.709948] Compaq SMART2 Driver (v 2.6.0)
[    3.710073] HP CISS Driver (v 3.6.20)
[    3.710307] input: Macintosh mouse button emulation as /devices/virtual/input/input0
[    3.710442] Uniform Multi-Platform E-IDE driver
[    3.710656] piix 0000:00:1f.1: IDE controller (0x8086:0x2850 rev 0x03)
[    3.710754] pci 0000:00:1f.1: PCI INT C -> GSI 16 (level, low) -> IRQ 16
[    3.710850] piix 0000:00:1f.1: IDE port disabled
[    3.710946] piix 0000:00:1f.1: not 100% native mode: will probe irqs later
[    3.711040]     ide0: BM-DMA at 0x1c00-0x1c07
[    3.711126] Probing IDE interface ide0...
[    4.382546] hda: HL-DT-ST DVDRAM GSA-U10N, ATAPI CD/DVD-ROM drive
[    4.689319] hda: host max PIO4 wanted PIO255(auto-tune) selected PIO4
[    4.690092] hda: UDMA/33 mode selected
[    4.690547] ide0 at 0x1f0-0x1f7,0x3f6 on irq 14
[    4.694419] ide-gd driver 1.18
[    4.694527] ide-cd driver 5.00
[    4.695916] random 0000 0000 0000 00000000 00000000: add_disk_randomness(0:0) 00000000 00000000
[    4.695920] random 0000 0000 0000 00000000 00000000: add_timer_randomness(.. 256) with jiffies: 5880460056775589496, cycles: 5880460052480917515
[    4.695923] random 0000 0000 0000 00000000 00000000: added 11 entropy credits to input
[    4.695926] ide-cd: hda: ATAPI 24X DVD-ROM DVD-R/RAM CD-R/RW drive, 2048kB Cache
[    4.696324] Uniform CD-ROM driver Revision: 3.20
[    4.699203] random 0011 0000 0000 00000000 00000000: add_disk_randomness(0:0) 00000000 00000000
[    4.699206] random 0011 0000 0000 00000000 00000000: add_timer_randomness(.. 256) with jiffies: 5910043924654423675, cycles: 5910043920359751691
[    4.699209] random 0011 0000 0000 00000000 00000000: added 1 entropy credits to input
[    4.699212] random 0012 0000 0000 00000000 00000000: add_disk_randomness(0:0) 00000000 00000000
[    4.699215] random 0012 0000 0000 00000000 00000000: add_timer_randomness(.. 256) with jiffies: 5910120546870984315, cycles: 5910120542576312331
[    4.701202] random 0012 0000 0000 00000000 00000000: add_disk_randomness(0:0) 00000000 00000000
[    4.701204] random 0012 0000 0000 00000000 00000000: add_timer_randomness(.. 256) with jiffies: 5928021725747576445, cycles: 5928021721452904459
[    4.701207] random 0012 0000 0000 00000000 00000000: added 1 entropy credits to input
[    4.701210] random 0013 0000 0000 00000000 00000000: add_disk_randomness(0:0) 00000000 00000000
[    4.701213] random 0013 0000 0000 00000000 00000000: add_timer_randomness(.. 256) with jiffies: 5928096363689246333, cycles: 5928096359394574347
[    4.703200] random 0013 0000 0000 00000000 00000000: add_disk_randomness(0:0) 00000000 00000000
[    4.703203] random 0013 0000 0000 00000000 00000000: add_timer_randomness(.. 256) with jiffies: 5946006519047487103, cycles: 5946006514752815115
[    4.703206] random 0013 0000 0000 00000000 00000000: added 1 entropy credits to input
[    4.703209] random 0014 0000 0000 00000000 00000000: add_disk_randomness(0:0) 00000000 00000000
[    4.703212] random 0014 0000 0000 00000000 00000000: add_timer_randomness(.. 256) with jiffies: 5946081019550203519, cycles: 5946081015255531531
[    4.703487] Loading iSCSI transport class v2.0-870.
[    4.703764] rdac: device handler registered
[    4.703847] hp_sw: device handler registered
[    4.703932] emc: device handler registered
[    4.704014] alua: device handler registered
[    4.704999] Adaptec aacraid driver 1.1-5[2461]-ms
[    4.705413] scsi: <fdomain> Detection failed (no card)
[    4.705511] sym53c416.c: Version 1.0.0-ac
[    4.705613] qlogicfas: no cards were found, please specify I/O address and IRQ using iobase= and irq= options
[    4.705732] QLogic Fibre Channel HBA Driver: 8.03.01-k6
[    4.705946] iscsi: registered transport (qla4xxx)
[    4.706064] QLogic iSCSI HBA Driver
[    4.706155] Emulex LightPulse Fibre Channel SCSI driver 8.3.4
[    4.706241] Copyright(c) 2004-2009 Emulex.  All rights reserved.
[    4.728300] Failed initialization of WD-7000 SCSI card!
[    4.817952] DC390: clustering now enabled by default. If you get problems load
[    4.818068]        with "disable_clustering=1" and report to maintainers
[    4.818195] megaraid cmm: 2.20.2.7 (Release Date: Sun Jul 16 00:01:03 EST 2006)
[    4.818349] megaraid: 2.20.5.1 (Release Date: Thu Nov 16 15:32:35 EST 2006)
[    4.818460] megasas: 00.00.04.01 Thu July 24 11:41:51 PST 2008
[    4.818595] GDT-HA: Storage RAID Controller Driver. Version: 3.05
[    4.818733] 3ware Storage Controller device driver for Linux v1.26.02.002.
[    4.818834] 3ware 9000 Storage Controller device driver for Linux v2.26.02.012.
[    4.818966] nsp32: loading...
[    4.819063] ipr: IBM Power RAID SCSI Device Driver version: 2.4.3 (June 10, 2009)
[    4.819197] RocketRAID 3xxx/4xxx Controller driver v1.6 (090910)
[    4.819304] stex: Promise SuperTrak EX Driver version: 4.6.0000.3
[    4.819439] st: Version 20081215, fixed bufsize 32768, s/g segs 256
[    4.819635] ahci 0000:00:1f.2: version 3.0
[    4.819649] ahci 0000:00:1f.2: PCI INT B -> GSI 16 (level, low) -> IRQ 16
[    4.819777] ahci 0000:00:1f.2: irq 29 for MSI/MSI-X
[    4.819845] ahci 0000:00:1f.2: AHCI 0001.0100 32 slots 3 ports 1.5 Gbps 0x5 impl SATA mode
[    4.819959] ahci 0000:00:1f.2: flags: 64bit ncq sntf pm led clo pio slum part ccc 
[    4.820081] ahci 0000:00:1f.2: setting latency timer to 64
[    4.820223] scsi2 : ahci
[    4.820396] scsi3 : ahci
[    4.820532] scsi4 : ahci
[    4.820693] ata1: SATA max UDMA/133 abar m2048@0xfe226000 port 0xfe226100 irq 29
[    4.820806] ata2: DUMMY
[    4.820883] ata3: SATA max UDMA/133 abar m2048@0xfe226000 port 0xfe226200 irq 29
[    4.821493] I2O subsystem v1.325
[    4.821571] i2o: max drivers = 8
[    4.821715] I2O Configuration OSM v1.323
[    4.821808] I2O Bus Adapter OSM v1.317
[    4.821906] I2O Block Device OSM v1.325
[    4.822049] I2O SCSI Peripheral OSM v1.316
[    4.822145] I2O ProcFS OSM v1.316
[    4.822240] Fusion MPT base driver 3.04.12
[    4.822334] Copyright (c) 1999-2008 LSI Corporation
[    4.822416] Fusion MPT SPI Host driver 3.04.12
[    4.822566] Fusion MPT FC Host driver 3.04.12
[    4.822682] Fusion MPT SAS Host driver 3.04.12
[    4.822824] ohci1394 0000:15:00.1: PCI INT B -> GSI 17 (level, low) -> IRQ 17
[    4.822918] ohci1394 0000:15:00.1: setting latency timer to 64
[    4.876304] ohci1394: fw-host0: OHCI-1394 1.1 (PCI): IRQ=[17]  MMIO=[f8301000-f83017ff]  Max Packet=[2048]  IR/IT contexts=[4/4]
[    4.880563] ehci_hcd: USB 2.0 'Enhanced' Host Controller (EHCI) Driver
[    4.880834] ehci_hcd 0000:00:1a.7: power state changed by ACPI to D0
[    4.881115] ehci_hcd 0000:00:1a.7: power state changed by ACPI to D0
[    4.881208] ehci_hcd 0000:00:1a.7: PCI INT C -> GSI 22 (level, low) -> IRQ 22
[    4.881308] ehci_hcd 0000:00:1a.7: setting latency timer to 64
[    4.881312] ehci_hcd 0000:00:1a.7: EHCI Host Controller
[    4.881438] ehci_hcd 0000:00:1a.7: new USB bus registered, assigned bus number 1
[    4.885475] ehci_hcd 0000:00:1a.7: cache line size of 32 is not supported
[    4.885484] ehci_hcd 0000:00:1a.7: irq 22, io mem 0xfe226c00
[    4.895262] ehci_hcd 0000:00:1a.7: USB 2.0 started, EHCI 1.00
[    4.895357] usb usb1: New USB device found, idVendor=1d6b, idProduct=0002
[    4.895439] usb usb1: New USB device strings: Mfr=3, Product=2, SerialNumber=1
[    4.895557] usb usb1: Product: EHCI Host Controller
[    4.895636] usb usb1: Manufacturer: Linux 2.6.32.57 ehci_hcd
[    4.895717] usb usb1: SerialNumber: 0000:00:1a.7
[    4.895849] usb usb1: configuration #1 chosen from 1 choice
[    4.895964] hub 1-0:1.0: USB hub found
[    4.896048] hub 1-0:1.0: 4 ports detected
[    4.896359] ehci_hcd 0000:00:1d.7: power state changed by ACPI to D0
[    4.896649] ehci_hcd 0000:00:1d.7: power state changed by ACPI to D0
[    4.896747] ehci_hcd 0000:00:1d.7: PCI INT D -> GSI 19 (level, low) -> IRQ 19
[    4.896834] ehci_hcd 0000:00:1d.7: setting latency timer to 64
[    4.896839] ehci_hcd 0000:00:1d.7: EHCI Host Controller
[    4.896957] ehci_hcd 0000:00:1d.7: new USB bus registered, assigned bus number 2
[    4.897116] ehci_hcd 0000:00:1d.7: debug port 1
[    4.901102] ehci_hcd 0000:00:1d.7: cache line size of 32 is not supported
[    4.901111] ehci_hcd 0000:00:1d.7: irq 19, io mem 0xfe227000
[    4.911261] ehci_hcd 0000:00:1d.7: USB 2.0 started, EHCI 1.00
[    4.911360] usb usb2: New USB device found, idVendor=1d6b, idProduct=0002
[    4.911443] usb usb2: New USB device strings: Mfr=3, Product=2, SerialNumber=1
[    4.911554] usb usb2: Product: EHCI Host Controller
[    4.911641] usb usb2: Manufacturer: Linux 2.6.32.57 ehci_hcd
[    4.911738] usb usb2: SerialNumber: 0000:00:1d.7
[    4.911867] usb usb2: configuration #1 chosen from 1 choice
[    4.911976] hub 2-0:1.0: USB hub found
[    4.912061] hub 2-0:1.0: 6 ports detected
[    4.912229] 116x: driver isp116x-hcd, 03 Nov 2005
[    4.912336] ohci_hcd: USB 1.1 'Open' Host Controller (OHCI) Driver
[    4.912439] uhci_hcd: USB Universal Host Controller Interface driver
[    4.912551] uhci_hcd 0000:00:1a.0: PCI INT A -> GSI 20 (level, low) -> IRQ 20
[    4.912643] uhci_hcd 0000:00:1a.0: setting latency timer to 64
[    4.912648] uhci_hcd 0000:00:1a.0: UHCI Host Controller
[    4.912772] uhci_hcd 0000:00:1a.0: new USB bus registered, assigned bus number 3
[    4.912917] uhci_hcd 0000:00:1a.0: irq 20, io base 0x00001860
[    4.913024] usb usb3: New USB device found, idVendor=1d6b, idProduct=0001
[    4.913112] usb usb3: New USB device strings: Mfr=3, Product=2, SerialNumber=1
[    4.913229] usb usb3: Product: UHCI Host Controller
[    4.913321] usb usb3: Manufacturer: Linux 2.6.32.57 uhci_hcd
[    4.913401] usb usb3: SerialNumber: 0000:00:1a.0
[    4.913534] usb usb3: configuration #1 chosen from 1 choice
[    4.913644] hub 3-0:1.0: USB hub found
[    4.913732] hub 3-0:1.0: 2 ports detected
[    4.914037] uhci_hcd 0000:00:1a.1: power state changed by ACPI to D0
[    4.914280] uhci_hcd 0000:00:1a.1: power state changed by ACPI to D0
[    4.914372] uhci_hcd 0000:00:1a.1: PCI INT B -> GSI 21 (level, low) -> IRQ 21
[    4.914460] uhci_hcd 0000:00:1a.1: setting latency timer to 64
[    4.914462] uhci_hcd 0000:00:1a.1: UHCI Host Controller
[    4.914580] uhci_hcd 0000:00:1a.1: new USB bus registered, assigned bus number 4
[    4.914734] uhci_hcd 0000:00:1a.1: irq 21, io base 0x00001880
[    4.914839] usb usb4: New USB device found, idVendor=1d6b, idProduct=0001
[    4.914928] usb usb4: New USB device strings: Mfr=3, Product=2, SerialNumber=1
[    4.915059] usb usb4: Product: UHCI Host Controller
[    4.915140] usb usb4: Manufacturer: Linux 2.6.32.57 uhci_hcd
[    4.915230] usb usb4: SerialNumber: 0000:00:1a.1
[    4.915375] usb usb4: configuration #1 chosen from 1 choice
[    4.915483] hub 4-0:1.0: USB hub found
[    4.915564] hub 4-0:1.0: 2 ports detected
[    4.915867] uhci_hcd 0000:00:1d.0: power state changed by ACPI to D0
[    4.916152] uhci_hcd 0000:00:1d.0: power state changed by ACPI to D0
[    4.916239] uhci_hcd 0000:00:1d.0: PCI INT A -> GSI 16 (level, low) -> IRQ 16
[    4.916333] uhci_hcd 0000:00:1d.0: setting latency timer to 64
[    4.916336] uhci_hcd 0000:00:1d.0: UHCI Host Controller
[    4.916458] uhci_hcd 0000:00:1d.0: new USB bus registered, assigned bus number 5
[    4.916610] uhci_hcd 0000:00:1d.0: irq 16, io base 0x000018a0
[    4.916716] usb usb5: New USB device found, idVendor=1d6b, idProduct=0001
[    4.916807] usb usb5: New USB device strings: Mfr=3, Product=2, SerialNumber=1
[    4.916927] usb usb5: Product: UHCI Host Controller
[    4.917014] usb usb5: Manufacturer: Linux 2.6.32.57 uhci_hcd
[    4.917098] usb usb5: SerialNumber: 0000:00:1d.0
[    4.917237] usb usb5: configuration #1 chosen from 1 choice
[    4.917354] hub 5-0:1.0: USB hub found
[    4.917435] hub 5-0:1.0: 2 ports detected
[    4.917568] uhci_hcd 0000:00:1d.1: PCI INT B -> GSI 17 (level, low) -> IRQ 17
[    4.917657] uhci_hcd 0000:00:1d.1: setting latency timer to 64
[    4.917662] uhci_hcd 0000:00:1d.1: UHCI Host Controller
[    4.917779] uhci_hcd 0000:00:1d.1: new USB bus registered, assigned bus number 6
[    4.917921] uhci_hcd 0000:00:1d.1: irq 17, io base 0x000018c0
[    4.918031] usb usb6: New USB device found, idVendor=1d6b, idProduct=0001
[    4.918126] usb usb6: New USB device strings: Mfr=3, Product=2, SerialNumber=1
[    4.918238] usb usb6: Product: UHCI Host Controller
[    4.918325] usb usb6: Manufacturer: Linux 2.6.32.57 uhci_hcd
[    4.918406] usb usb6: SerialNumber: 0000:00:1d.1
[    4.918542] usb usb6: configuration #1 chosen from 1 choice
[    4.918657] hub 6-0:1.0: USB hub found
[    4.918747] hub 6-0:1.0: 2 ports detected
[    4.919033] uhci_hcd 0000:00:1d.2: power state changed by ACPI to D0
[    4.919269] uhci_hcd 0000:00:1d.2: power state changed by ACPI to D0
[    4.919356] uhci_hcd 0000:00:1d.2: PCI INT C -> GSI 18 (level, low) -> IRQ 18
[    4.919449] uhci_hcd 0000:00:1d.2: setting latency timer to 64
[    4.919454] uhci_hcd 0000:00:1d.2: UHCI Host Controller
[    4.919590] uhci_hcd 0000:00:1d.2: new USB bus registered, assigned bus number 7
[    4.919734] uhci_hcd 0000:00:1d.2: irq 18, io base 0x000018e0
[    4.919846] usb usb7: New USB device found, idVendor=1d6b, idProduct=0001
[    4.919936] usb usb7: New USB device strings: Mfr=3, Product=2, SerialNumber=1
[    4.920052] usb usb7: Product: UHCI Host Controller
[    4.920135] usb usb7: Manufacturer: Linux 2.6.32.57 uhci_hcd
[    4.920221] usb usb7: SerialNumber: 0000:00:1d.2
[    4.921013] usb usb7: configuration #1 chosen from 1 choice
[    4.921121] hub 7-0:1.0: USB hub found
[    4.921217] hub 7-0:1.0: 2 ports detected
[    4.921371] sl811: driver sl811-hcd, 19 May 2005
[    4.921472] r8a66597_hcd: driver r8a66597_hcd, 2009-05-26
[    4.921641] Initializing USB Mass Storage driver...
[    4.921762] usbcore: registered new interface driver usb-storage
[    4.921850] USB Mass Storage support registered.
[    4.921947] usbcore: registered new interface driver ums-alauda
[    4.922050] usbcore: registered new interface driver ums-cypress
[    4.922159] usbcore: registered new interface driver ums-datafab
[    4.922264] usbcore: registered new interface driver ums-freecom
[    4.922373] usbcore: registered new interface driver ums-isd200
[    4.922488] usbcore: registered new interface driver ums-jumpshot
[    4.922587] usbcore: registered new interface driver ums-karma
[    4.922691] usbcore: registered new interface driver ums-onetouch
[    4.922793] usbcore: registered new interface driver ums-sddr09
[    4.922893] usbcore: registered new interface driver ums-sddr55
[    4.922992] usbcore: registered new interface driver ums-usbat
[    4.923128] PNP: PS/2 Controller [PNP0303:KBD,PNP0f13:MOU] at 0x60,0x64 irq 1,12
[    4.932158] serio: i8042 KBD port at 0x60,0x64 irq 1
[    4.932245] serio: i8042 AUX port at 0x60,0x64 irq 12
[    4.932483] mice: PS/2 mouse device common for all mice
[    4.932587] i2c /dev entries driver
[    4.932709] md: linear personality registered for level -1
[    4.932790] md: raid0 personality registered for level 0
[    4.932870] md: raid1 personality registered for level 1
[    4.932954] md: raid10 personality registered for level 10
[    4.933036] md: raid6 personality registered for level 6
[    4.933118] md: raid5 personality registered for level 5
[    4.933198] md: raid4 personality registered for level 4
[    4.933309] md: multipath personality registered for level -4
[    4.933487] device-mapper: ioctl: 4.15.0-ioctl (2009-04-01) initialised: dm-devel@redhat.com
[    4.933683] cpuidle: using governor ladder
[    4.934292] usbcore: registered new interface driver usbhid
[    4.934373] usbhid: v2.6:USB HID core driver
[    4.934507] random 0014 0000 0000 00000000 00000000: rand_read_num 4 get_random_bytes(136): sig 00000000 00000000 00000000
[    4.934510] random 0014 0000 0000 00000000 00000000: extract_entropy(.. 136 ..)
[    4.934513] random 0014 0000 0000 00000000 00000000: going to reseed nonblocking with 1024 bits (1088 of 0 requested)
[    4.934515] random 0014 0000 0000 00000000 00000000: extract_entropy(.. 128 ..)
[    4.934517] random 0014 0000 0000 00000000 00000000: trying to extract 1024 bits from input
[    4.934519] random 0014 0000 0000 00000000 00000000: debiting 0 entropy credits from input
[    4.934521] random 0014 0000 0000 00000000 00000000: extract_entropy account returned: 0 
[    4.934524] random 0014 0000 0000 00000000 00000000: urand_change_num 7 xfer_secondary_pool(136): pool_sig 00000000, data_sig 00000000, bytes_mixed 0 00000000 00000000
[    4.934527] random 0014 0000 0000 00000000 00000000: trying to extract 1088 bits from nonblocking
[    4.934530] random 0014 0000 0000 00000000 00000000: debiting 1088 entropy credits from nonblocking (unlimited)
[    4.934532] random 0014 0000 0000 00000000 00000000: extract_entropy account returned: 136 
[    4.934536] random 0014 0000 0000 00000000 00000000: urand_change_num 8 extract_buf: pool_sig 00000000, data_sig fffffff9, bytes_mixed 20 00000000 00000000
[    4.934542] random 0014 0000 0000 b7c35b56 be4dc95d: urand_change_num 9 extract_buf: pool_sig fffffd1e, data_sig 000000c5, bytes_mixed 20 b7c35b56 be4dc95d
[    4.934547] random 0014 0000 0000 ed9f5c47 c48487fb: urand_change_num 10 extract_buf: pool_sig fffff8ec, data_sig ffffff68, bytes_mixed 20 ed9f5c47 c48487fb
[    4.934552] random 0014 0000 0000 ed9f5c47 c48487fb: urand_change_num 11 extract_buf: pool_sig fffffaed, data_sig 000001aa, bytes_mixed 20 ed9f5c47 c48487fb
[    4.934558] random 0014 0000 0000 1b4f7c0a 91bd6a48: urand_change_num 12 extract_buf: pool_sig fffffdd8, data_sig 00000064, bytes_mixed 20 1b4f7c0a 91bd6a48
[    4.934563] random 0014 0000 0000 a254b9bc 20e9a24f: urand_change_num 13 extract_buf: pool_sig fffffbe6, data_sig 000001dd, bytes_mixed 20 a254b9bc 20e9a24f
[    4.934568] random 0014 0000 0000 a254b9bc 20e9a24f: urand_change_num 14 extract_buf: pool_sig fffff940, data_sig fffffe20, bytes_mixed 20 a254b9bc 20e9a24f
[    4.934581] random 0014 0000 0000 2831a66b 5fa2a3ad: urand_change_num 15 extract_buf: pool_sig fffffbce, data_sig 0000007e, bytes_mixed 20 2831a66b 5fa2a3ad
[    4.934586] random 0014 0000 0000 2831a66b 5fa2a3ad: urand_change_num 16 extract_buf: pool_sig 000004df, data_sig fffffe8f, bytes_mixed 20 2831a66b 5fa2a3ad
[    4.934591] random 0014 0000 0000 d4512bfd c9a54e0b: urand_change_num 17 extract_buf: pool_sig 00000485, data_sig fffffe68, bytes_mixed 20 d4512bfd c9a54e0b
[    4.934596] random 0014 0000 0000 c7371be6 f9ffea11: urand_change_num 18 extract_buf: pool_sig 00000095, data_sig ffffffed, bytes_mixed 20 c7371be6 f9ffea11
[    4.934601] random 0014 0000 0000 c7371be6 f9ffea11: urand_change_num 19 extract_buf: pool_sig 000003a7, data_sig fffffefa, bytes_mixed 20 c7371be6 f9ffea11
[    4.934607] random 0014 0000 0000 8fb4b62c d1ddba54: urand_change_num 20 extract_buf: pool_sig 00000179, data_sig ffffff78, bytes_mixed 20 8fb4b62c d1ddba54
[    4.934612] random 0014 0000 0000 9ff19f9c c07a1d2a: urand_change_num 21 extract_buf: pool_sig fffffe88, data_sig 00000126, bytes_mixed 20 9ff19f9c c07a1d2a
[    4.934616] TCP cubic registered
[    4.934694] Initializing XFRM netlink socket
[    4.934780] NET: Registered protocol family 17
[    4.934874] Using IPI Shortcut mode
[    4.934954] random 0014 0000 0000 9ff19f9c c07a1d2a: rand_read_num 5 get_random_bytes(8): sig 0000031b 9ff19f9c c07a1d2a
[    4.934956] random 0014 0000 0000 9ff19f9c c07a1d2a: extract_entropy(.. 8 ..)
[    4.934958] random 0014 0000 0000 9ff19f9c c07a1d2a: going to reseed nonblocking with 64 bits (64 of 0 requested)
[    4.934961] random 0014 0000 0000 9ff19f9c c07a1d2a: extract_entropy(.. 8 ..)
[    4.934963] random 0014 0000 0000 9ff19f9c c07a1d2a: trying to extract 64 bits from input
[    4.934965] random 0014 0000 0000 9ff19f9c c07a1d2a: debiting 0 entropy credits from input
[    4.934967] random 0014 0000 0000 9ff19f9c c07a1d2a: extract_entropy account returned: 0 
[    4.934970] random 0014 0000 0000 9ff19f9c c07a1d2a: urand_change_num 22 xfer_secondary_pool(8): pool_sig 0000031b, data_sig 00000000, bytes_mixed 0 9ff19f9c c07a1d2a
[    4.934973] random 0014 0000 0000 9ff19f9c c07a1d2a: trying to extract 64 bits from nonblocking
[    4.934975] random 0014 0000 0000 9ff19f9c c07a1d2a: debiting 64 entropy credits from nonblocking (unlimited)
[    4.934977] random 0014 0000 0000 9ff19f9c c07a1d2a: extract_entropy account returned: 8 
[    4.934981] random 0014 0000 0000 9ff19f9c c07a1d2a: urand_change_num 23 extract_buf: pool_sig 0000031b, data_sig ffffffb3, bytes_mixed 20 9ff19f9c c07a1d2a
[    4.937348] input: AT Translated Set 2 keyboard as /devices/platform/i8042/serio0/input/input1
[    5.128246] ata1: SATA link up 1.5 Gbps (SStatus 113 SControl 300)
[    5.128358] ata3: SATA link down (SStatus 0 SControl 300)
[    5.130953] ata1.00: ACPI cmd ef/02:00:00:00:00:a0 (SET FEATURES) succeeded
[    5.130956] ata1.00: ACPI cmd f5/00:00:00:00:00:a0 (SECURITY FREEZE LOCK) filtered out
[    5.132345] ata1.00: ACPI cmd ef/5f:00:00:00:00:a0 (SET FEATURES) succeeded
[    5.132347] ata1.00: ACPI cmd ef/10:03:00:00:00:a0 (SET FEATURES) filtered out
[    5.134257] ata1.00: ATA-7: ST910021AS, 4.06, max UDMA/100
[    5.134337] ata1.00: 195371568 sectors, multi 16: LBA48 
[    5.136495] ata1.00: ACPI cmd ef/02:00:00:00:00:a0 (SET FEATURES) succeeded
[    5.136498] ata1.00: ACPI cmd f5/00:00:00:00:00:a0 (SECURITY FREEZE LOCK) filtered out
[    5.137890] ata1.00: ACPI cmd ef/5f:00:00:00:00:a0 (SET FEATURES) succeeded
[    5.137892] ata1.00: ACPI cmd ef/10:03:00:00:00:a0 (SET FEATURES) filtered out
[    5.139818] ata1.00: configured for UDMA/100
[    5.150293] scsi 2:0:0:0: Direct-Access     ATA      ST910021AS       4.06 PQ: 0 ANSI: 5
[    5.150578] sd 2:0:0:0: [sda] 195371568 512-byte logical blocks: (100 GB/93.1 GiB)
[    5.150714] sd 2:0:0:0: [sda] Write Protect is off
[    5.150803] sd 2:0:0:0: [sda] Mode Sense: 00 3a 00 00
[    5.150815] sd 2:0:0:0: [sda] Write cache: enabled, read cache: enabled, doesn't support DPO or FUA
[    5.150994]  sda:
[    5.216223] usb 2-1: new high speed USB device using ehci_hcd and address 2
[    5.365809] usb 2-1: New USB device found, idVendor=0e8d, idProduct=1806
[    5.365889] usb 2-1: New USB device strings: Mfr=1, Product=2, SerialNumber=3
[    5.365982] usb 2-1: Product: MT1806 
[    5.366062] usb 2-1: Manufacturer: MediaTek Inc
[    5.366153] usb 2-1: SerialNumber: R8KN6GAC800AEB 
[    5.366287] usb 2-1: configuration #1 chosen from 1 choice
[    5.372602] scsi5 : SCSI emulation for USB Mass Storage devices
[    5.372764] usb-storage: device found at 2
[    5.372766] usb-storage: waiting for device to settle before scanning
[    5.563544] random 0014 0000 0000 277f73c3 42024bb9: add_disk_randomness(8:0) 277f73c3 42024bb9
[    5.563548] random 0014 0000 0000 277f73c3 42024bb9: add_timer_randomness(.. 8388864) with jiffies: 13686943505329127810, cycles: -4759800572675096565
[    5.563550] random 0014 0000 0000 277f73c3 42024bb9: added 11 entropy credits to input
[    5.563555]  sda1 sda2
[    5.564116] random 0025 0000 0000 277f73c3 42024bb9: add_disk_randomness(8:0) 277f73c3 42024bb9
[    5.564119] random 0025 0000 0000 277f73c3 42024bb9: add_timer_randomness(.. 8388864) with jiffies: 13692098741689614722, cycles: -4754645336314609653
[    5.564278] sd 2:0:0:0: [sda] Attached SCSI disk
[    5.564373] random 0025 0000 0000 277f73c3 42024bb9: rand_read_num 6 get_random_bytes(12): sig 000007e9 277f73c3 42024bb9
[    5.564375] random 0025 0000 0000 277f73c3 42024bb9: extract_entropy(.. 12 ..)
[    5.564378] random 0025 0000 0000 277f73c3 42024bb9: going to reseed nonblocking with 96 bits (96 of 0 requested)
[    5.564380] random 0025 0000 0000 277f73c3 42024bb9: extract_entropy(.. 12 ..)
[    5.564382] random 0025 0000 0000 277f73c3 42024bb9: trying to extract 96 bits from input
[    5.564384] random 0025 0000 0000 277f73c3 42024bb9: debiting 0 entropy credits from input
[    5.564386] random 0025 0000 0000 277f73c3 42024bb9: extract_entropy account returned: 0 
[    5.564389] random 0025 0000 0000 277f73c3 42024bb9: urand_change_num 24 xfer_secondary_pool(12): pool_sig 000007e9, data_sig 00000000, bytes_mixed 0 277f73c3 42024bb9
[    5.564392] random 0025 0000 0000 277f73c3 42024bb9: trying to extract 96 bits from nonblocking
[    5.564395] random 0025 0000 0000 277f73c3 42024bb9: debiting 96 entropy credits from nonblocking (unlimited)
[    5.564397] random 0025 0000 0000 277f73c3 42024bb9: extract_entropy account returned: 12 
[    5.564401] random 0025 0000 0000 277f73c3 42024bb9: urand_change_num 25 extract_buf: pool_sig 000007e9, data_sig 00000088, bytes_mixed 20 277f73c3 42024bb9
[    5.564407] random 0025 0000 0000 277f73c3 42024bb9: urand_change_num 26 extract_buf: pool_sig 00000498, data_sig fffffefb, bytes_mixed 20 277f73c3 42024bb9
[    5.564410] RANDOM - __seed init called.
[    5.564411] RANDOM - __seed init called.
[    5.564412] RANDOM - __seed init called.
[    5.564413] RANDOM - __random32 called. Change num 12.  Value: 87f14767	f0d7351	b1e48bd3
[    5.564415] RANDOM - random32_reseed called.  Value: 87f14767	f0d7351	b1e48bd3
[    5.564418] Pid: 1, comm: swapper Not tainted 2.6.32.57 #6
[    5.564502] Call Trace:
[    5.564585]  [<c1923ca4>] ? random32_reseed+0xa0/0xb1
[    5.564675]  [<c1923c04>] ? random32_reseed+0x0/0xb1
[    5.564759]  [<c100111e>] ? do_one_initcall+0x2e/0x180
[    5.564845]  [<c1907265>] ? kernel_init+0xad/0x103
[    5.564925]  [<c19071b8>] ? kernel_init+0x0/0x103
[    5.565012]  [<c1003787>] ? kernel_thread_helper+0x7/0x10
[    5.565555] random 0025 0000 0000 386b4e60 ee4d4880: rand_read_num 7 get_random_bytes(64): sig fffffea5 386b4e60 ee4d4880
[    5.565557] random 0025 0000 0000 386b4e60 ee4d4880: extract_entropy(.. 64 ..)
[    5.565559] random 0025 0000 0000 386b4e60 ee4d4880: going to reseed nonblocking with 512 bits (512 of 0 requested)
[    5.565562] random 0025 0000 0000 386b4e60 ee4d4880: extract_entropy(.. 64 ..)
[    5.565564] random 0025 0000 0000 386b4e60 ee4d4880: trying to extract 512 bits from input
[    5.565566] random 0025 0000 0000 386b4e60 ee4d4880: debiting 0 entropy credits from input
[    5.565568] random 0025 0000 0000 386b4e60 ee4d4880: extract_entropy account returned: 0 
[    5.565571] random 0025 0000 0000 386b4e60 ee4d4880: urand_change_num 27 xfer_secondary_pool(64): pool_sig fffffea5, data_sig 00000000, bytes_mixed 0 386b4e60 ee4d4880
[    5.565574] random 0025 0000 0000 386b4e60 ee4d4880: trying to extract 512 bits from nonblocking
[    5.565576] random 0025 0000 0000 386b4e60 ee4d4880: debiting 512 entropy credits from nonblocking (unlimited)
[    5.565579] random 0025 0000 0000 386b4e60 ee4d4880: extract_entropy account returned: 64 
[    5.565583] random 0025 0000 0000 386b4e60 ee4d4880: urand_change_num 28 extract_buf: pool_sig fffffea5, data_sig 00000173, bytes_mixed 20 386b4e60 ee4d4880
[    5.565588] random 0025 0000 0000 412698f6 0cc8689a: urand_change_num 29 extract_buf: pool_sig 00000122, data_sig ffffff63, bytes_mixed 20 412698f6 0cc8689a
[    5.565594] random 0025 0000 0000 412698f6 0cc8689a: urand_change_num 30 extract_buf: pool_sig 000001f7, data_sig 00000012, bytes_mixed 20 412698f6 0cc8689a
[    5.565599] random 0025 0000 0000 9669941e 06f768b1: urand_change_num 31 extract_buf: pool_sig fffffb5b, data_sig 0000003f, bytes_mixed 20 9669941e 06f768b1
[    5.565604] random 0025 0000 0000 98486520 995551f0: urand_change_num 32 extract_buf: pool_sig fffffb39, data_sig 0000000e, bytes_mixed 20 98486520 995551f0
[    5.565610] random 0025 0000 0000 98486520 995551f0: urand_change_num 33 extract_buf: pool_sig fffffd8d, data_sig 000001a6, bytes_mixed 20 98486520 995551f0
[    5.565615] random 0025 0000 0000 61fc8914 d5882ed2: urand_change_num 34 extract_buf: pool_sig fffffa58, data_sig 0000023e, bytes_mixed 20 61fc8914 d5882ed2
[    5.565644] random 0025 0000 0000 61fc8914 d5882ed2: rand_read_num 8 get_random_bytes(64): sig fffff9ee 61fc8914 d5882ed2
[    5.565646] random 0025 0000 0000 61fc8914 d5882ed2: extract_entropy(.. 64 ..)
[    5.565649] random 0025 0000 0000 61fc8914 d5882ed2: going to reseed nonblocking with 512 bits (512 of 0 requested)
[    5.565651] random 0025 0000 0000 61fc8914 d5882ed2: extract_entropy(.. 64 ..)
[    5.565653] random 0025 0000 0000 61fc8914 d5882ed2: trying to extract 512 bits from input
[    5.565655] random 0025 0000 0000 61fc8914 d5882ed2: debiting 0 entropy credits from input
[    5.565657] random 0025 0000 0000 61fc8914 d5882ed2: extract_entropy account returned: 0 
[    5.565661] random 0025 0000 0000 61fc8914 d5882ed2: urand_change_num 35 xfer_secondary_pool(64): pool_sig fffff9ee, data_sig 00000000, bytes_mixed 0 61fc8914 d5882ed2
[    5.565663] random 0025 0000 0000 61fc8914 d5882ed2: trying to extract 512 bits from nonblocking
[    5.565666] random 0025 0000 0000 61fc8914 d5882ed2: debiting 512 entropy credits from nonblocking (unlimited)
[    5.565668] random 0025 0000 0000 61fc8914 d5882ed2: extract_entropy account returned: 64 
[    5.565672] random 0025 0000 0000 61fc8914 d5882ed2: urand_change_num 36 extract_buf: pool_sig fffff9ee, data_sig ffffff85, bytes_mixed 20 61fc8914 d5882ed2
[    5.565677] random 0025 0000 0000 70cfd302 e5edec11: urand_change_num 37 extract_buf: pool_sig fffffdc1, data_sig ffffffde, bytes_mixed 20 70cfd302 e5edec11
[    5.565683] random 0025 0000 0000 00dab838 eafd2b30: urand_change_num 38 extract_buf: pool_sig 000003da, data_sig ffffff61, bytes_mixed 20 00dab838 eafd2b30
[    5.565688] random 0025 0000 0000 00dab838 eafd2b30: urand_change_num 39 extract_buf: pool_sig 00000314, data_sig 00000121, bytes_mixed 20 00dab838 eafd2b30
[    5.565693] random 0025 0000 0000 5fcdf66a 6442b608: urand_change_num 40 extract_buf: pool_sig 0000028b, data_sig fffffefd, bytes_mixed 20 5fcdf66a 6442b608
[    5.565699] random 0025 0000 0000 61333f6b 8fae0f9b: urand_change_num 41 extract_buf: pool_sig 000000cb, data_sig 000000b3, bytes_mixed 20 61333f6b 8fae0f9b
[    5.565704] random 0025 0000 0000 61333f6b 8fae0f9b: urand_change_num 42 extract_buf: pool_sig fffffef8, data_sig 00000051, bytes_mixed 20 61333f6b 8fae0f9b
[    5.565707] BEGIN NET_SECRET:
[    5.565708] \xffffffe0
[    5.565708] \xffffffb6
[    5.565709] \x36
[    5.565710] \xffffffb5
[    5.565711] \xffffff94
[    5.565712] \xffffffb2
[    5.565713] \xffffffa8
[    5.565713] \xffffffda
[    5.565714] \x5b
[    5.565715] \x19
[    5.565716] \x18
[    5.565716] \x5c
[    5.565717] \x2b
[    5.565718] \x1
[    5.565719] \xffffff90
[    5.565719] \x19
[    5.565720] \x3c
[    5.565721] \xfffffff2
[    5.565722] \xffffff82
[    5.565723] \x2a
[    5.565723] \xffffffb3
[    5.565724] \xffffffa2
[    5.565725] \x3f
[    5.565726] \x5
[    5.565727] \x52
[    5.565727] \x77
[    5.565728] \x57
[    5.565729] \x79
[    5.565729] \x16
[    5.565730] \x43
[    5.565731] \xffffff84
[    5.565732] \xffffffc3
[    5.565733] \xffffffe9
[    5.565733] \x79
[    5.565734] \x50
[    5.565735] \xffffff8e
[    5.565736] \x3f
[    5.565737] \xfffffff3
[    5.565737] \x19
[    5.565738] \x2a
[    5.565739] \xfffffffd
[    5.565740] \xfffffffb
[    5.565741] \x62
[    5.565741] \x3c
[    5.565742] \xffffffac
[    5.565743] \x1c
[    5.565744] \x3b
[    5.565744] \x3b
[    5.565745] \x15
[    5.565746] \x27
[    5.565747] \xffffffa8
[    5.565747] \x22
[    5.565748] \xffffffc5
[    5.565749] \xffffff9a
[    5.565750] \x5
[    5.565750] \x6c
[    5.565751] \xffffffa8
[    5.565752] \x3a
[    5.565753] \x44
[    5.565754] \xffffffaf
[    5.565754] \x13
[    5.565755] \xffffffe0
[    5.565756] \xffffff9d
[    5.565757] \x22
[    5.565757] 
[    5.565758] END NET_SECRET
[    5.565761] random 0025 0000 0000 e7f555d9 e8ce5c3c: rand_read_num 9 get_random_bytes(4): sig 0000068c e7f555d9 e8ce5c3c
[    5.565763] random 0025 0000 0000 e7f555d9 e8ce5c3c: extract_entropy(.. 4 ..)
[    5.565766] random 0025 0000 0000 e7f555d9 e8ce5c3c: going to reseed nonblocking with 64 bits (32 of 0 requested)
[    5.565768] random 0025 0000 0000 e7f555d9 e8ce5c3c: extract_entropy(.. 8 ..)
[    5.565770] random 0025 0000 0000 e7f555d9 e8ce5c3c: trying to extract 64 bits from input
[    5.565772] random 0025 0000 0000 e7f555d9 e8ce5c3c: debiting 0 entropy credits from input
[    5.565774] random 0025 0000 0000 e7f555d9 e8ce5c3c: extract_entropy account returned: 0 
[    5.565777] random 0025 0000 0000 e7f555d9 e8ce5c3c: urand_change_num 43 xfer_secondary_pool(4): pool_sig 0000068c, data_sig 00000000, bytes_mixed 0 e7f555d9 e8ce5c3c
[    5.565780] random 0025 0000 0000 e7f555d9 e8ce5c3c: trying to extract 32 bits from nonblocking
[    5.565783] random 0025 0000 0000 e7f555d9 e8ce5c3c: debiting 32 entropy credits from nonblocking (unlimited)
[    5.565785] random 0025 0000 0000 e7f555d9 e8ce5c3c: extract_entropy account returned: 4 
[    5.565789] random 0025 0000 0000 e7f555d9 e8ce5c3c: urand_change_num 44 extract_buf: pool_sig 0000068c, data_sig fffffdcb, bytes_mixed 20 e7f555d9 e8ce5c3c
[    5.565799] md: Waiting for all devices to be available before autodetect
[    5.565889] md: If you don't use raid, use raid=noautodetect
[    5.566048] md: Autodetecting RAID arrays.
[    5.566132] md: Scanned 0 and added 0 devices.
[    5.566228] md: autorun ...
[    5.566313] md: ... autorun DONE.
[    5.579752] random 0025 0000 0000 e7f555d9 e8ce5c3c: add_disk_randomness(8:0) e7f555d9 e8ce5c3c
[    5.579756] random 0025 0000 0000 e7f555d9 e8ce5c3c: add_timer_randomness(.. 8388864) with jiffies: 13832782074802307474, cycles: -4613962003201916917
[    5.579758] random 0025 0000 0000 e7f555d9 e8ce5c3c: added 4 entropy credits to input
[    5.580875] random 0029 0000 0000 e7f555d9 e8ce5c3c: add_disk_randomness(8:0) e7f555d9 e8ce5c3c
[    5.580878] random 0029 0000 0000 e7f555d9 e8ce5c3c: add_timer_randomness(.. 8388864) with jiffies: 13842880994614149523, cycles: -4603863083390074869
[    5.580995] random 0029 0000 0000 e7f555d9 e8ce5c3c: add_disk_randomness(8:0) e7f555d9 e8ce5c3c
[    5.580998] random 0029 0000 0000 e7f555d9 e8ce5c3c: add_timer_randomness(.. 8388864) with jiffies: 13843966350029717907, cycles: -4602777727974506485
[    5.581003] EXT3-fs: sda2: couldn't mount because of unsupported optional features (240).
[    5.581232] random 0029 0000 0000 e7f555d9 e8ce5c3c: add_disk_randomness(8:0) e7f555d9 e8ce5c3c
[    5.581235] random 0029 0000 0000 e7f555d9 e8ce5c3c: add_timer_randomness(.. 8388864) with jiffies: 13846088665169363348, cycles: -4600655412834861045
[    5.581240] EXT2-fs: sda2: couldn't mount because of unsupported optional features (240).
[    5.581496] random 0029 0000 0000 e7f555d9 e8ce5c3c: add_disk_randomness(8:0) e7f555d9 e8ce5c3c
[    5.581500] random 0029 0000 0000 e7f555d9 e8ce5c3c: add_timer_randomness(.. 8388864) with jiffies: 13848470473643098516, cycles: -4598273604361125877
[    5.581636] random 0029 0000 0000 e7f555d9 e8ce5c3c: add_disk_randomness(8:0) e7f555d9 e8ce5c3c
[    5.581639] random 0029 0000 0000 e7f555d9 e8ce5c3c: add_timer_randomness(.. 8388864) with jiffies: 13849726700037570964, cycles: -4597017377966653429
[    5.581759] random 0029 0000 0000 e7f555d9 e8ce5c3c: add_disk_randomness(8:0) e7f555d9 e8ce5c3c
[    5.581762] random 0029 0000 0000 e7f555d9 e8ce5c3c: add_timer_randomness(.. 8388864) with jiffies: 13850836541061693844, cycles: -4595907536942530549
[    5.581877] random 0029 0000 0000 e7f555d9 e8ce5c3c: add_disk_randomness(8:0) e7f555d9 e8ce5c3c
[    5.581880] random 0029 0000 0000 e7f555d9 e8ce5c3c: add_timer_randomness(.. 8388864) with jiffies: 13851898759488438676, cycles: -4594845318515785717
[    5.581985] random 0029 0000 0000 e7f555d9 e8ce5c3c: add_disk_randomness(8:0) e7f555d9 e8ce5c3c
[    5.581988] random 0029 0000 0000 e7f555d9 e8ce5c3c: add_timer_randomness(.. 8388864) with jiffies: 13852873893158289812, cycles: -4593870184845934581
[    5.582101] random 0029 0000 0000 e7f555d9 e8ce5c3c: add_disk_randomness(8:0) e7f555d9 e8ce5c3c
[    5.582104] random 0029 0000 0000 e7f555d9 e8ce5c3c: add_timer_randomness(.. 8388864) with jiffies: 13853920284630548884, cycles: -4592823793373675509
[    5.582258] random 0029 0000 0000 e7f555d9 e8ce5c3c: add_disk_randomness(8:0) e7f555d9 e8ce5c3c
[    5.582261] random 0029 0000 0000 e7f555d9 e8ce5c3c: add_timer_randomness(.. 8388864) with jiffies: 13855320280760287637, cycles: -4591423797243936757
[    5.582377] random 0029 0000 0000 e7f555d9 e8ce5c3c: add_disk_randomness(8:0) e7f555d9 e8ce5c3c
[    5.582380] random 0029 0000 0000 e7f555d9 e8ce5c3c: add_timer_randomness(.. 8388864) with jiffies: 13856389126321570197, cycles: -4590354951682654197
[    5.582615] random 0029 0000 0000 e7f555d9 e8ce5c3c: rand_read_num 10 get_random_bytes(4): sig ffffff72 e7f555d9 e8ce5c3c
[    5.582618] random 0029 0000 0000 e7f555d9 e8ce5c3c: extract_entropy(.. 4 ..)
[    5.582620] random 0029 0000 0000 e7f555d9 e8ce5c3c: going to reseed nonblocking with 64 bits (32 of 0 requested)
[    5.582623] random 0029 0000 0000 e7f555d9 e8ce5c3c: extract_entropy(.. 8 ..)
[    5.582625] random 0029 0000 0000 e7f555d9 e8ce5c3c: trying to extract 64 bits from input
[    5.582627] random 0029 0000 0000 e7f555d9 e8ce5c3c: debiting 0 entropy credits from input
[    5.582629] random 0029 0000 0000 e7f555d9 e8ce5c3c: extract_entropy account returned: 0 
[    5.582632] random 0029 0000 0000 e7f555d9 e8ce5c3c: urand_change_num 45 xfer_secondary_pool(4): pool_sig ffffff72, data_sig 00000000, bytes_mixed 0 e7f555d9 e8ce5c3c
[    5.582635] random 0029 0000 0000 e7f555d9 e8ce5c3c: trying to extract 32 bits from nonblocking
[    5.582637] random 0029 0000 0000 e7f555d9 e8ce5c3c: debiting 32 entropy credits from nonblocking (unlimited)
[    5.582639] random 0029 0000 0000 e7f555d9 e8ce5c3c: extract_entropy account returned: 4 
[    5.582644] random 0029 0000 0000 e7f555d9 e8ce5c3c: urand_change_num 46 extract_buf: pool_sig ffffff72, data_sig ffffff72, bytes_mixed 20 e7f555d9 e8ce5c3c
[    5.594206] random 0029 0000 0000 91716c54 eeb6a1e7: add_disk_randomness(8:0) 91716c54 eeb6a1e7
[    5.594209] random 0029 0000 0000 91716c54 eeb6a1e7: add_timer_randomness(.. 8388864) with jiffies: 13962819859025461665, cycles: -4483924218978762741
[    5.594212] random 0029 0000 0000 91716c54 eeb6a1e7: added 3 entropy credits to input
[    5.612477] random 0032 0000 0000 91716c54 eeb6a1e7: add_disk_randomness(8:0) 91716c54 eeb6a1e7
[    5.612480] random 0032 0000 0000 91716c54 eeb6a1e7: add_timer_randomness(.. 8388864) with jiffies: 14127221229907313075, cycles: -4319522848096911349
[    5.612483] random 0032 0000 0000 91716c54 eeb6a1e7: added 2 entropy credits to input
[    5.617222] EXT4-fs (sda2): mounted filesystem with ordered data mode
[    5.617404] VFS: Mounted root (ext4 filesystem) readonly on device 8:2.
[    5.617501] Freeing unused kernel memory: 448k freed
[    5.637627] random 0034 0000 0000 91716c54 eeb6a1e7: add_disk_randomness(8:0) 91716c54 eeb6a1e7
[    5.637630] random 0034 0000 0000 91716c54 eeb6a1e7: add_timer_randomness(.. 8388864) with jiffies: 14353506628483645900, cycles: -4093237449520578549
[    5.638359] random 0034 0000 0000 91716c54 eeb6a1e7: add_disk_randomness(8:0) 91716c54 eeb6a1e7
[    5.638362] random 0034 0000 0000 91716c54 eeb6a1e7: add_timer_randomness(.. 8388864) with jiffies: 14360087836936077773, cycles: -4086656241068146677
[    5.643084] random 0034 0000 0000 91716c54 eeb6a1e7: add_disk_randomness(8:0) 91716c54 eeb6a1e7
[    5.643087] random 0034 0000 0000 91716c54 eeb6a1e7: add_timer_randomness(.. 8388864) with jiffies: 14402614004645855697, cycles: -4044130073358368757
[    5.643090] random 0034 0000 0000 91716c54 eeb6a1e7: added 1 entropy credits to input
[    5.651283] random 0035 0000 0000 91716c54 eeb6a1e7: add_disk_randomness(8:0) 91716c54 eeb6a1e7
[    5.651286] random 0035 0000 0000 91716c54 eeb6a1e7: add_timer_randomness(.. 8388864) with jiffies: 14476372298358817242, cycles: -3970371779645407221
[    5.651289] random 0035 0000 0000 91716c54 eeb6a1e7: added 1 entropy credits to input
[    5.654703] random 0036 0000 0000 91716c54 eeb6a1e7: add_disk_randomness(8:0) 91716c54 eeb6a1e7
[    5.654706] random 0036 0000 0000 91716c54 eeb6a1e7: add_timer_randomness(.. 8388864) with jiffies: 14507148809936273885, cycles: -3939595268067950581
[    5.654709] random 0036 0000 0000 91716c54 eeb6a1e7: added 1 entropy credits to input
[    5.663600] random 0037 0000 0000 91716c54 eeb6a1e7: add_disk_randomness(8:0) 91716c54 eeb6a1e7
[    5.663603] random 0037 0000 0000 91716c54 eeb6a1e7: add_timer_randomness(.. 8388864) with jiffies: 14587202035351519718, cycles: -3859542042652704757
[    5.663606] random 0037 0000 0000 91716c54 eeb6a1e7: added 2 entropy credits to input
[    5.668555] random 0039 0000 0000 91716c54 eeb6a1e7: add_disk_randomness(8:0) 91716c54 eeb6a1e7
[    5.668558] random 0039 0000 0000 91716c54 eeb6a1e7: add_timer_randomness(.. 8388864) with jiffies: 14631783100099297771, cycles: -3814960977904926709
[    5.668561] random 0039 0000 0000 91716c54 eeb6a1e7: added 2 entropy credits to input
[    5.676636] random 0041 0000 0000 91716c54 eeb6a1e7: add_disk_randomness(8:0) 91716c54 eeb6a1e7
[    5.676639] random 0041 0000 0000 91716c54 eeb6a1e7: add_timer_randomness(.. 8388864) with jiffies: 14704489277148594675, cycles: -3742254800855629813
[    5.676641] random 0041 0000 0000 91716c54 eeb6a1e7: added 1 entropy credits to input
[    5.676664] RANDOM get_random_int call with cycles 50668349770, jiffies 4294672883 and pid 1
[    5.676667] RANDOM get_random_int call with cycles 50668356637, jiffies 4294672883 and pid 1
[    5.676669] ASLR stack rand value: 3022848 after shift for pid: 1
[    5.676670] RANDOM get_random_int call with cycles 50668364428, jiffies 4294672883 and pid 1
[    5.688283] random 0042 0000 0000 91716c54 eeb6a1e7: add_disk_randomness(8:0) 91716c54 eeb6a1e7
[    5.688286] random 0042 0000 0000 91716c54 eeb6a1e7: add_timer_randomness(.. 8388864) with jiffies: 14809282712484676095, cycles: -3637461365519548405
[    5.688297] RANDOM get_random_int call with cycles 50692719829, jiffies 4294672895 and pid 1
[    5.688300] random 0042 0000 0000 91716c54 eeb6a1e7: rand_read_num 11 get_random_bytes(16): sig fffffcad 91716c54 eeb6a1e7
[    5.688303] random 0042 0000 0000 91716c54 eeb6a1e7: extract_entropy(.. 16 ..)
[    5.688305] random 0042 0000 0000 91716c54 eeb6a1e7: going to reseed nonblocking with 128 bits (128 of 0 requested)
[    5.688308] random 0042 0000 0000 91716c54 eeb6a1e7: extract_entropy(.. 16 ..)
[    5.688310] random 0042 0000 0000 91716c54 eeb6a1e7: trying to extract 128 bits from input
[    5.688312] random 0042 0000 0000 91716c54 eeb6a1e7: debiting 0 entropy credits from input
[    5.688314] random 0042 0000 0000 91716c54 eeb6a1e7: extract_entropy account returned: 0 
[    5.688317] random 0042 0000 0000 91716c54 eeb6a1e7: urand_change_num 47 xfer_secondary_pool(16): pool_sig fffffcad, data_sig 00000000, bytes_mixed 0 91716c54 eeb6a1e7
[    5.688320] random 0042 0000 0000 91716c54 eeb6a1e7: trying to extract 128 bits from nonblocking
[    5.688322] random 0042 0000 0000 91716c54 eeb6a1e7: debiting 128 entropy credits from nonblocking (unlimited)
[    5.688325] random 0042 0000 0000 91716c54 eeb6a1e7: extract_entropy account returned: 16 
[    5.688329] random 0042 0000 0000 91716c54 eeb6a1e7: urand_change_num 48 extract_buf: pool_sig fffffcad, data_sig ffffff19, bytes_mixed 20 91716c54 eeb6a1e7
[    5.688334] random 0042 0000 0000 fd637b06 6cf47bc1: urand_change_num 49 extract_buf: pool_sig fffffede, data_sig ffffffc1, bytes_mixed 20 fd637b06 6cf47bc1
[    5.689297] random 0042 0000 0000 fd637b06 6cf47bc1: add_disk_randomness(8:0) fd637b06 6cf47bc1
[    5.689300] random 0042 0000 0000 fd637b06 6cf47bc1: add_timer_randomness(.. 8388864) with jiffies: 14818402031860679168, cycles: -3628342046143545333
[    5.690447] random 0042 0000 0000 fd637b06 6cf47bc1: add_disk_randomness(8:0) fd637b06 6cf47bc1
[    5.690450] random 0042 0000 0000 fd637b06 6cf47bc1: add_timer_randomness(.. 8388864) with jiffies: 14828749260911772161, cycles: -3617994817092452341
[    5.691585] random 0042 0000 0000 fd637b06 6cf47bc1: add_disk_randomness(8:0) fd637b06 6cf47bc1
[    5.691588] random 0042 0000 0000 fd637b06 6cf47bc1: add_timer_randomness(.. 8388864) with jiffies: 14838992268286460418, cycles: -3607751809717764085
[    5.692459] random 0042 0000 0000 fd637b06 6cf47bc1: add_disk_randomness(8:0) fd637b06 6cf47bc1
[    5.692462] random 0042 0000 0000 fd637b06 6cf47bc1: add_timer_randomness(.. 8388864) with jiffies: 14846858745702220291, cycles: -3599885332302004213
[    5.692646] random 0042 0000 0000 fd637b06 6cf47bc1: add_disk_randomness(8:0) fd637b06 6cf47bc1
[    5.692649] random 0042 0000 0000 fd637b06 6cf47bc1: add_timer_randomness(.. 8388864) with jiffies: 14848542132364083715, cycles: -3598201945640140789
[    5.692857] random 0042 0000 0000 fd637b06 6cf47bc1: add_disk_randomness(8:0) fd637b06 6cf47bc1
[    5.692860] random 0042 0000 0000 fd637b06 6cf47bc1: add_timer_randomness(.. 8388864) with jiffies: 14850440945995579907, cycles: -3596303132008644597
[    5.703342] random 0042 0000 0000 fd637b06 6cf47bc1: add_disk_randomness(8:0) fd637b06 6cf47bc1
[    5.703345] random 0042 0000 0000 fd637b06 6cf47bc1: add_timer_randomness(.. 8388864) with jiffies: 14944771347077366286, cycles: -3501972730926858229
[    5.703347] random 0042 0000 0000 fd637b06 6cf47bc1: added 3 entropy credits to input
[    5.703775] random 0045 0000 0000 fd637b06 6cf47bc1: add_disk_randomness(8:0) fd637b06 6cf47bc1
[    5.703779] random 0045 0000 0000 fd637b06 6cf47bc1: add_timer_randomness(.. 8388864) with jiffies: 14948681901915472398, cycles: -3498062176088752117
[    5.713521] random 0045 0000 0000 fd637b06 6cf47bc1: add_disk_randomness(8:0) fd637b06 6cf47bc1
[    5.713524] random 0045 0000 0000 fd637b06 6cf47bc1: add_timer_randomness(.. 8388864) with jiffies: 15036366511121596952, cycles: -3410377566882627573
[    5.713527] random 0045 0000 0000 fd637b06 6cf47bc1: added 3 entropy credits to input
[    5.713580] RANDOM get_random_int call with cycles 50745685357, jiffies 4294672920 and pid 1
[    5.718411] random 0048 0000 0000 fd637b06 6cf47bc1: add_disk_randomness(8:0) fd637b06 6cf47bc1
[    5.718414] random 0048 0000 0000 fd637b06 6cf47bc1: add_timer_randomness(.. 8388864) with jiffies: 15080359826774786589, cycles: -3366384251229437941
[    5.718417] random 0048 0000 0000 fd637b06 6cf47bc1: added 2 entropy credits to input
[    5.730953] random 0050 0000 0000 fd637b06 6cf47bc1: add_disk_randomness(8:0) fd637b06 6cf47bc1
[    5.730956] random 0050 0000 0000 fd637b06 6cf47bc1: add_timer_randomness(.. 8388864) with jiffies: 15193215370991993385, cycles: -3253528707012231157
[    5.730959] random 0050 0000 0000 fd637b06 6cf47bc1: added 2 entropy credits to input
[    5.731095] random 0052 0000 0000 fd637b06 6cf47bc1: add_disk_randomness(8:0) fd637b06 6cf47bc1
[    5.731098] random 0052 0000 0000 fd637b06 6cf47bc1: add_timer_randomness(.. 8388864) with jiffies: 15194492204639552041, cycles: -3252251873364672501
[    5.733262] random 0052 0000 0000 fd637b06 6cf47bc1: add_disk_randomness(8:0) fd637b06 6cf47bc1
[    5.733265] random 0052 0000 0000 fd637b06 6cf47bc1: add_timer_randomness(.. 8388864) with jiffies: 15213977650922750508, cycles: -3232766427081474037
[    5.733268] random 0052 0000 0000 fd637b06 6cf47bc1: added 1 entropy credits to input
[    5.733502] random 0053 0000 0000 fd637b06 6cf47bc1: add_disk_randomness(8:0) fd637b06 6cf47bc1
[    5.733505] random 0053 0000 0000 fd637b06 6cf47bc1: add_timer_randomness(.. 8388864) with jiffies: 15216137667285320236, cycles: -3230606410718904309
[    5.733680] random 0053 0000 0000 fd637b06 6cf47bc1: add_disk_randomness(8:0) fd637b06 6cf47bc1
[    5.733683] random 0053 0000 0000 fd637b06 6cf47bc1: add_timer_randomness(.. 8388864) with jiffies: 15217749980828369452, cycles: -3228994097175855093
[    5.736814] random 0053 0000 0000 fd637b06 6cf47bc1: add_disk_randomness(8:0) fd637b06 6cf47bc1
[    5.736817] random 0053 0000 0000 fd637b06 6cf47bc1: add_timer_randomness(.. 8388864) with jiffies: 15245942378087547439, cycles: -3200801699916677109
[    5.736819] random 0053 0000 0000 fd637b06 6cf47bc1: added 1 entropy credits to input
[    5.738822] random 0054 0000 0000 fd637b06 6cf47bc1: add_disk_randomness(8:0) fd637b06 6cf47bc1
[    5.738825] random 0054 0000 0000 fd637b06 6cf47bc1: add_timer_randomness(.. 8388864) with jiffies: 15264010781515809329, cycles: -3182733296488415221
[    5.746652] random 0054 0000 0000 fd637b06 6cf47bc1: add_disk_randomness(8:0) fd637b06 6cf47bc1
[    5.746655] random 0054 0000 0000 fd637b06 6cf47bc1: add_timer_randomness(.. 8388864) with jiffies: 15334461512324186681, cycles: -3112282565680037877
[    5.746658] random 0054 0000 0000 fd637b06 6cf47bc1: added 2 entropy credits to input
[    5.746786] random 0056 0000 0000 fd637b06 6cf47bc1: add_disk_randomness(8:0) fd637b06 6cf47bc1
[    5.746789] random 0056 0000 0000 fd637b06 6cf47bc1: add_timer_randomness(.. 8388864) with jiffies: 15335672821950677561, cycles: -3111071256053546997
[    5.750348] random 0056 0000 0000 fd637b06 6cf47bc1: add_disk_randomness(8:0) fd637b06 6cf47bc1
[    5.750351] random 0056 0000 0000 fd637b06 6cf47bc1: add_timer_randomness(.. 8388864) with jiffies: 15367714983080854077, cycles: -3079029094923370485
[    5.750354] random 0056 0000 0000 fd637b06 6cf47bc1: added 2 entropy credits to input
[    5.754852] random 0058 0000 0000 fd637b06 6cf47bc1: add_disk_randomness(8:0) fd637b06 6cf47bc1
[    5.754855] random 0058 0000 0000 fd637b06 6cf47bc1: add_timer_randomness(.. 8388864) with jiffies: 15408244970250535489, cycles: -3038499107753689077
[    5.760426] random 0058 0000 0000 fd637b06 6cf47bc1: add_disk_randomness(8:0) fd637b06 6cf47bc1
[    5.760429] random 0058 0000 0000 fd637b06 6cf47bc1: add_timer_randomness(.. 8388864) with jiffies: 15458387463595852359, cycles: -2988356614408372213
[    5.760432] random 0058 0000 0000 fd637b06 6cf47bc1: added 1 entropy credits to input
[    5.766702] random 0059 0000 0000 fd637b06 6cf47bc1: add_disk_randomness(8:0) fd637b06 6cf47bc1
[    5.766705] random 0059 0000 0000 fd637b06 6cf47bc1: add_timer_randomness(.. 8388864) with jiffies: 15514859385820774989, cycles: -2931884692183449589
[    5.766718] random 0059 0000 0000 fd637b06 6cf47bc1: rand_read_num 12 get_random_bytes(16): sig 0000033b fd637b06 6cf47bc1
[    5.766721] random 0059 0000 0000 fd637b06 6cf47bc1: extract_entropy(.. 16 ..)
[    5.766723] random 0059 0000 0000 fd637b06 6cf47bc1: going to reseed nonblocking with 128 bits (128 of 0 requested)
[    5.766726] random 0059 0000 0000 fd637b06 6cf47bc1: extract_entropy(.. 16 ..)
[    5.766728] random 0059 0000 0000 fd637b06 6cf47bc1: trying to extract 128 bits from input
[    5.766730] random 0059 0000 0000 fd637b06 6cf47bc1: debiting 0 entropy credits from input
[    5.766732] random 0059 0000 0000 fd637b06 6cf47bc1: extract_entropy account returned: 0 
[    5.766735] random 0059 0000 0000 fd637b06 6cf47bc1: urand_change_num 50 xfer_secondary_pool(16): pool_sig 0000033b, data_sig 00000000, bytes_mixed 0 fd637b06 6cf47bc1
[    5.766738] random 0059 0000 0000 fd637b06 6cf47bc1: trying to extract 128 bits from nonblocking
[    5.766740] random 0059 0000 0000 fd637b06 6cf47bc1: debiting 128 entropy credits from nonblocking (unlimited)
[    5.766743] random 0059 0000 0000 fd637b06 6cf47bc1: extract_entropy account returned: 16 
[    5.766747] random 0059 0000 0000 fd637b06 6cf47bc1: urand_change_num 51 extract_buf: pool_sig 0000033b, data_sig 000000d8, bytes_mixed 20 fd637b06 6cf47bc1
[    5.766752] random 0059 0000 0000 0ec1f012 d4727ca8: urand_change_num 52 extract_buf: pool_sig fffffcf5, data_sig 00000016, bytes_mixed 20 0ec1f012 d4727ca8
[    5.773449] random 0059 0000 0000 45b1d0b1 845a73f7: add_disk_randomness(8:0) 45b1d0b1 845a73f7
[    5.773452] random 0059 0000 0000 45b1d0b1 845a73f7: add_timer_randomness(.. 8388864) with jiffies: 15575560472147755604, cycles: -2871183605856468981
[    5.780664] random 0059 0000 0000 45b1d0b1 845a73f7: add_disk_randomness(8:0) 45b1d0b1 845a73f7
[    5.780667] random 0059 0000 0000 45b1d0b1 845a73f7: add_timer_randomness(.. 8388864) with jiffies: 15640487887898378843, cycles: -2806256190105845749
[    5.790316] random 0059 0000 0000 45b1d0b1 845a73f7: add_disk_randomness(8:0) 45b1d0b1 845a73f7
[    5.790319] random 0059 0000 0000 45b1d0b1 845a73f7: add_timer_randomness(.. 8388864) with jiffies: 15727321561003950693, cycles: -2719422517000273909
[    5.790322] random 0059 0000 0000 45b1d0b1 845a73f7: added 1 entropy credits to input
[    5.798094] random 0060 0000 0000 45b1d0b1 845a73f7: add_disk_randomness(8:0) 45b1d0b1 845a73f7
[    5.798097] random 0060 0000 0000 45b1d0b1 845a73f7: add_timer_randomness(.. 8388864) with jiffies: 15797316767580914284, cycles: -2649427310423310325
[    5.798100] random 0060 0000 0000 45b1d0b1 845a73f7: added 1 entropy credits to input
[    5.801233] random 0061 0000 0000 45b1d0b1 845a73f7: add_disk_randomness(8:0) 45b1d0b1 845a73f7
[    5.801236] random 0061 0000 0000 45b1d0b1 845a73f7: add_timer_randomness(.. 8388864) with jiffies: 15825551148145410672, cycles: -2621192929858813941
[    5.815506] random 0061 0000 0000 45b1d0b1 845a73f7: add_disk_randomness(8:0) 45b1d0b1 845a73f7
[    5.815509] random 0061 0000 0000 45b1d0b1 845a73f7: add_timer_randomness(.. 8388864) with jiffies: 15953970399712871038, cycles: -2492773678291353589
[    5.815511] random 0061 0000 0000 45b1d0b1 845a73f7: added 3 entropy credits to input
[    5.820899] random 0064 0000 0000 45b1d0b1 845a73f7: add_disk_randomness(8:0) 45b1d0b1 845a73f7
[    5.820902] random 0064 0000 0000 45b1d0b1 845a73f7: add_timer_randomness(.. 8388864) with jiffies: 16002502920272315011, cycles: -2444241157731909621
[    5.820905] random 0064 0000 0000 45b1d0b1 845a73f7: added 2 entropy credits to input
[    5.826071] random 0066 0000 0000 45b1d0b1 845a73f7: add_disk_randomness(8:0) 45b1d0b1 845a73f7
[    5.826074] random 0066 0000 0000 45b1d0b1 845a73f7: add_timer_randomness(.. 8388864) with jiffies: 16049039758507868808, cycles: -2397704319496355829
[    5.834302] random 0066 0000 0000 45b1d0b1 845a73f7: add_disk_randomness(8:0) 45b1d0b1 845a73f7
[    5.834305] random 0066 0000 0000 45b1d0b1 845a73f7: add_timer_randomness(.. 8388864) with jiffies: 16123088434959712913, cycles: -2323655643044511733
[    5.834308] random 0066 0000 0000 45b1d0b1 845a73f7: added 2 entropy credits to input
[    5.843902] random 0068 0000 0000 45b1d0b1 845a73f7: add_disk_randomness(8:0) 45b1d0b1 845a73f7
[    5.843905] random 0068 0000 0000 45b1d0b1 845a73f7: add_timer_randomness(.. 8388864) with jiffies: 16209471677665084058, cycles: -2237272400339140597
[    5.863406] random 0068 0000 0000 45b1d0b1 845a73f7: add_disk_randomness(8:0) 45b1d0b1 845a73f7
[    5.863409] random 0068 0000 0000 45b1d0b1 845a73f7: add_timer_randomness(.. 8388864) with jiffies: 16384948231605027502, cycles: -2061795846399197173
[    5.863411] random 0068 0000 0000 45b1d0b1 845a73f7: added 3 entropy credits to input
[    5.876687] random 0071 0000 0000 45b1d0b1 845a73f7: add_disk_randomness(8:0) 45b1d0b1 845a73f7
[    5.876690] random 0071 0000 0000 45b1d0b1 845a73f7: add_timer_randomness(.. 8388864) with jiffies: 16504452853347877563, cycles: -1942291224656347125
[    5.876693] random 0071 0000 0000 45b1d0b1 845a73f7: added 2 entropy credits to input
[    5.885271] random 0073 0000 0000 45b1d0b1 845a73f7: add_disk_randomness(8:0) 45b1d0b1 845a73f7
[    5.885274] random 0073 0000 0000 45b1d0b1 845a73f7: add_timer_randomness(.. 8388864) with jiffies: 16581677404712043204, cycles: -1865066673292181493
[    5.885277] random 0073 0000 0000 45b1d0b1 845a73f7: added 1 entropy credits to input
[    5.894720] random 0074 0000 0000 45b1d0b1 845a73f7: add_disk_randomness(8:0) 45b1d0b1 845a73f7
[    5.894723] random 0074 0000 0000 45b1d0b1 845a73f7: add_timer_randomness(.. 8388864) with jiffies: 16666701238728622797, cycles: -1780042839275601909
[    5.907606] random 0074 0000 0000 45b1d0b1 845a73f7: add_disk_randomness(8:0) 45b1d0b1 845a73f7
[    5.907609] random 0074 0000 0000 45b1d0b1 845a73f7: add_timer_randomness(.. 8388864) with jiffies: 16782646526583997146, cycles: -1664097551420227573
[    5.907612] random 0074 0000 0000 45b1d0b1 845a73f7: added 2 entropy credits to input
[    5.914959] random 0076 0000 0000 45b1d0b1 845a73f7: add_disk_randomness(8:0) 45b1d0b1 845a73f7
[    5.914962] random 0076 0000 0000 45b1d0b1 845a73f7: add_timer_randomness(.. 8388864) with jiffies: 16848810639512797921, cycles: -1597933438491426805
[    5.914965] random 0076 0000 0000 45b1d0b1 845a73f7: added 2 entropy credits to input
[    5.920208] random 0078 0000 0000 45b1d0b1 845a73f7: add_disk_randomness(8:0) 45b1d0b1 845a73f7
[    5.920211] random 0078 0000 0000 45b1d0b1 845a73f7: add_timer_randomness(.. 8388864) with jiffies: 16896030068310770407, cycles: -1550714009693454325
[    5.926647] random 0078 0000 0000 45b1d0b1 845a73f7: add_disk_randomness(8:0) 45b1d0b1 845a73f7
[    5.926650] random 0078 0000 0000 45b1d0b1 845a73f7: add_timer_randomness(.. 8388864) with jiffies: 16953963451942404845, cycles: -1492780626061819893
[    5.931703] random 0078 0000 0000 45b1d0b1 845a73f7: add_disk_randomness(8:0) 45b1d0b1 845a73f7
[    5.931706] random 0078 0000 0000 45b1d0b1 845a73f7: add_timer_randomness(.. 8388864) with jiffies: 16999462153632842482, cycles: -1447281924371382261
[    5.937606] random 0078 0000 0000 45b1d0b1 845a73f7: add_disk_randomness(8:0) 45b1d0b1 845a73f7
[    5.937609] random 0078 0000 0000 45b1d0b1 845a73f7: add_timer_randomness(.. 8388864) with jiffies: 17052570098557747960, cycles: -1394173979446476789
[    5.946952] random 0078 0000 0000 45b1d0b1 845a73f7: add_disk_randomness(8:0) 45b1d0b1 845a73f7
[    5.946955] random 0078 0000 0000 45b1d0b1 845a73f7: add_timer_randomness(.. 8388864) with jiffies: 17136664119399383809, cycles: -1310079958604840949
[    5.946958] random 0078 0000 0000 45b1d0b1 845a73f7: added 1 entropy credits to input
[    5.947312] random 0079 0000 0000 45b1d0b1 845a73f7: add_disk_randomness(8:0) 45b1d0b1 845a73f7
[    5.947315] random 0079 0000 0000 45b1d0b1 845a73f7: add_timer_randomness(.. 8388864) with jiffies: 17139892083675071234, cycles: -1306851994329153525
[    5.947475] random 0079 0000 0000 45b1d0b1 845a73f7: add_disk_randomness(8:0) 45b1d0b1 845a73f7
[    5.947478] random 0079 0000 0000 45b1d0b1 845a73f7: add_timer_randomness(.. 8388864) with jiffies: 17141360356899914498, cycles: -1305383721104310261
[    5.957164] random 0079 0000 0000 45b1d0b1 845a73f7: add_disk_randomness(8:0) 45b1d0b1 845a73f7
[    5.957167] random 0079 0000 0000 45b1d0b1 845a73f7: add_timer_randomness(.. 8388864) with jiffies: 17228540195779609356, cycles: -1218203882224615413
[    5.957170] random 0079 0000 0000 45b1d0b1 845a73f7: added 3 entropy credits to input
[    5.957322] random 0082 0000 0000 45b1d0b1 845a73f7: add_disk_randomness(8:0) 45b1d0b1 845a73f7
[    5.957325] random 0082 0000 0000 45b1d0b1 845a73f7: add_timer_randomness(.. 8388864) with jiffies: 17229962650293338892, cycles: -1216781427710885877
[    5.971727] random 0082 0000 0000 45b1d0b1 845a73f7: add_disk_randomness(8:0) 45b1d0b1 845a73f7
[    5.971731] random 0082 0000 0000 45b1d0b1 845a73f7: add_timer_randomness(.. 8388864) with jiffies: 17359580897816052506, cycles: -1087163180188172277
[    5.971734] random 0082 0000 0000 45b1d0b1 845a73f7: added 3 entropy credits to input
[    5.972355] random 0085 0000 0000 45b1d0b1 845a73f7: add_disk_randomness(8:0) 45b1d0b1 845a73f7
[    5.972358] random 0085 0000 0000 45b1d0b1 845a73f7: add_timer_randomness(.. 8388864) with jiffies: 17365218583557931803, cycles: -1081525494446292981
[    5.980509] random 0085 0000 0000 45b1d0b1 845a73f7: add_disk_randomness(8:0) 45b1d0b1 845a73f7
[    5.980512] random 0085 0000 0000 45b1d0b1 845a73f7: add_timer_randomness(.. 8388864) with jiffies: 17438589131918377763, cycles: -1008154946085847029
[    5.980515] random 0085 0000 0000 45b1d0b1 845a73f7: added 2 entropy credits to input
[    5.991138] random 0087 0000 0000 45b1d0b1 845a73f7: add_disk_randomness(8:0) 45b1d0b1 845a73f7
[    5.991141] random 0087 0000 0000 45b1d0b1 845a73f7: add_timer_randomness(.. 8388864) with jiffies: 17534213099840308014, cycles: -912530978163916789
[    5.991143] random 0087 0000 0000 45b1d0b1 845a73f7: added 1 entropy credits to input
[    6.003651] random 0088 0000 0000 45b1d0b1 845a73f7: add_disk_randomness(8:0) 45b1d0b1 845a73f7
[    6.003654] random 0088 0000 0000 45b1d0b1 845a73f7: add_timer_randomness(.. 8388864) with jiffies: 17646812895934907194, cycles: -799931182069317621
[    6.004858] random 0088 0000 0000 45b1d0b1 845a73f7: add_disk_randomness(8:0) 45b1d0b1 845a73f7
[    6.004861] random 0088 0000 0000 45b1d0b1 845a73f7: add_timer_randomness(.. 8388864) with jiffies: 17657670354215863099, cycles: -789073723788361717
[    6.008880] random 0088 0000 0000 45b1d0b1 845a73f7: add_disk_randomness(8:0) 45b1d0b1 845a73f7
[    6.008883] random 0088 0000 0000 45b1d0b1 845a73f7: add_timer_randomness(.. 8388864) with jiffies: 17693859963400323903, cycles: -752884114603900917
[    6.008885] random 0088 0000 0000 45b1d0b1 845a73f7: added 1 entropy credits to input
[    6.018218] random 0089 0000 0000 45b1d0b1 845a73f7: add_disk_randomness(8:0) 45b1d0b1 845a73f7
[    6.018221] random 0089 0000 0000 45b1d0b1 845a73f7: add_timer_randomness(.. 8388864) with jiffies: 17777872809360065353, cycles: -668871268644159477
[    6.018224] random 0089 0000 0000 45b1d0b1 845a73f7: added 1 entropy credits to input
[    6.018608] random 0090 0000 0000 45b1d0b1 845a73f7: add_disk_randomness(8:0) 45b1d0b1 845a73f7
[    6.018611] random 0090 0000 0000 45b1d0b1 845a73f7: add_timer_randomness(.. 8388864) with jiffies: 17781385113355649865, cycles: -665358964648574965
[    6.034230] random 0090 0000 0000 45b1d0b1 845a73f7: add_disk_randomness(8:0) 45b1d0b1 845a73f7
[    6.034233] random 0090 0000 0000 45b1d0b1 845a73f7: add_timer_randomness(.. 8388864) with jiffies: 17921937029059019609, cycles: -524807048945205237
[    6.034235] random 0090 0000 0000 45b1d0b1 845a73f7: added 4 entropy credits to input
[    6.035859] random 0094 0000 0000 45b1d0b1 845a73f7: add_disk_randomness(8:0) 45b1d0b1 845a73f7
[    6.035862] random 0094 0000 0000 45b1d0b1 845a73f7: add_timer_randomness(.. 8388864) with jiffies: 17936604565713159002, cycles: -510139512291065845
[    6.036005] random 0094 0000 0000 45b1d0b1 845a73f7: add_disk_randomness(8:0) 45b1d0b1 845a73f7
[    6.036008] random 0094 0000 0000 45b1d0b1 845a73f7: add_timer_randomness(.. 8388864) with jiffies: 17937922167190291290, cycles: -508821910813933557
[    6.046882] random 0094 0000 0000 45b1d0b1 845a73f7: add_disk_randomness(8:0) 45b1d0b1 845a73f7
[    6.046885] random 0094 0000 0000 45b1d0b1 845a73f7: add_timer_randomness(.. 8388864) with jiffies: 18035783448001217381, cycles: -410960630003007477
[    6.046888] random 0094 0000 0000 45b1d0b1 845a73f7: added 3 entropy credits to input
[    6.047448] random 0097 0000 0000 45b1d0b1 845a73f7: add_disk_randomness(8:0) 45b1d0b1 845a73f7
[    6.047451] random 0097 0000 0000 45b1d0b1 845a73f7: add_timer_randomness(.. 8388864) with jiffies: 18040875007176573798, cycles: -405869070827651061
[    6.052676] random 0097 0000 0000 45b1d0b1 845a73f7: add_disk_randomness(8:0) 45b1d0b1 845a73f7
[    6.052679] random 0097 0000 0000 45b1d0b1 845a73f7: add_timer_randomness(.. 8388864) with jiffies: 18087911569151984491, cycles: -358832508852240373
[    6.052681] random 0097 0000 0000 45b1d0b1 845a73f7: added 2 entropy credits to input
[    6.054434] random 0099 0000 0000 45b1d0b1 845a73f7: add_disk_randomness(8:0) 45b1d0b1 845a73f7
[    6.054437] random 0099 0000 0000 45b1d0b1 845a73f7: add_timer_randomness(.. 8388864) with jiffies: 18103731381107131245, cycles: -343012696897093621
[    6.054440] random 0099 0000 0000 45b1d0b1 845a73f7: added 1 entropy credits to input
[    6.064656] random 0100 0000 0000 45b1d0b1 845a73f7: add_disk_randomness(8:0) 45b1d0b1 845a73f7
[    6.064660] random 0100 0000 0000 45b1d0b1 845a73f7: add_timer_randomness(.. 8388864) with jiffies: 18195707886707639159, cycles: -251036191296585717
[    6.064662] random 0100 0000 0000 45b1d0b1 845a73f7: added 3 entropy credits to input
[    6.078596] random 0103 0000 0000 45b1d0b1 845a73f7: add_disk_randomness(8:0) 45b1d0b1 845a73f7
