[    0.000000] random 0000 0000 0000 00000000 00000000: rand_read_num 1 get_random_bytes(8): sig 00000000 00000000 00000000
[    0.000000] random 0000 0000 0000 00000000 00000000: extract_entropy(.. 8 ..)
[    0.000000] random 0000 0000 0000 00000000 00000000: going to reseed nonblocking with 64 bits (64 of 0 requested)
[    0.000000] random 0000 0000 0000 00000000 00000000: extract_entropy(.. 8 ..)
[    0.000000] random 0000 0000 0000 00000000 00000000: trying to extract 64 bits from input
[    0.000000] random 0000 0000 0000 00000000 00000000: debiting 0 entropy credits from input
[    0.000000] random 0000 0000 0000 00000000 00000000: extract_entropy account returned: 0 
[    0.000000] random 0000 0000 0000 00000000 00000000: urand_change_num 1 xfer_secondary_pool(8): pool_sig 00000000, data_sig 00000000, bytes_mixed 0 00000000 00000000
[    0.000000] random 0000 0000 0000 00000000 00000000: trying to extract 64 bits from nonblocking
[    0.000000] random 0000 0000 0000 00000000 00000000: debiting 64 entropy credits from nonblocking (unlimited)
[    0.000000] random 0000 0000 0000 00000000 00000000: extract_entropy account returned: 8 
[    0.000000] random 0000 0000 0000 00000000 00000000: urand_change_num 2 extract_buf: pool_sig 00000000, data_sig fffffff9, bytes_mixed 20 00000000 00000000
[    0.000000] Linux version 2.6.32.57 (dcashman@dcashman-02) (gcc version 4.3.3 (GCC) ) #6 Thu May 30 09:02:12 PDT 2013
[    0.000000] KERNEL supported cpus:
[    0.000000]   Intel GenuineIntel
[    0.000000]   AMD AuthenticAMD
[    0.000000]   NSC Geode by NSC
[    0.000000]   Cyrix CyrixInstead
[    0.000000]   Centaur CentaurHauls
[    0.000000]   Transmeta GenuineTMx86
[    0.000000]   Transmeta TransmetaCPU
[    0.000000]   UMC UMC UMC UMC
[    0.000000] BIOS-provided physical RAM map:
[    0.000000]  BIOS-e820: 0000000000000000 - 000000000009d800 (usable)
[    0.000000]  BIOS-e820: 000000000009d800 - 00000000000a0000 (reserved)
[    0.000000]  BIOS-e820: 00000000000d2000 - 00000000000d4000 (reserved)
[    0.000000]  BIOS-e820: 00000000000e0000 - 0000000000100000 (reserved)
[    0.000000]  BIOS-e820: 0000000000100000 - 000000003d6b0000 (usable)
[    0.000000]  BIOS-e820: 000000003d6b0000 - 000000003d6cc000 (ACPI data)
[    0.000000]  BIOS-e820: 000000003d6cc000 - 000000003d700000 (ACPI NVS)
[    0.000000]  BIOS-e820: 000000003d700000 - 000000003e000000 (reserved)
[    0.000000]  BIOS-e820: 00000000f0000000 - 00000000f4000000 (reserved)
[    0.000000]  BIOS-e820: 00000000fec00000 - 00000000fec10000 (reserved)
[    0.000000]  BIOS-e820: 00000000fed00000 - 00000000fed00400 (reserved)
[    0.000000]  BIOS-e820: 00000000fed14000 - 00000000fed1a000 (reserved)
[    0.000000]  BIOS-e820: 00000000fed1c000 - 00000000fed90000 (reserved)
[    0.000000]  BIOS-e820: 00000000fee00000 - 00000000fee01000 (reserved)
[    0.000000]  BIOS-e820: 00000000ff000000 - 0000000100000000 (reserved)
[    0.000000] DMI present.
[    0.000000] last_pfn = 0x3d6b0 max_arch_pfn = 0x100000
[    0.000000] MTRR default type: uncachable
[    0.000000] MTRR fixed ranges enabled:
[    0.000000]   00000-9FFFF write-back
[    0.000000]   A0000-BFFFF uncachable
[    0.000000]   C0000-CFFFF write-protect
[    0.000000]   D0000-DFFFF uncachable
[    0.000000]   E0000-FFFFF write-protect
[    0.000000] MTRR variable ranges enabled:
[    0.000000]   0 base 03E000000 mask FFE000000 uncachable
[    0.000000]   1 base 000000000 mask FC0000000 write-back
[    0.000000]   2 base 03D700000 mask FFFF00000 uncachable
[    0.000000]   3 base 03D800000 mask FFF800000 uncachable
[    0.000000]   4 disabled
[    0.000000]   5 disabled
[    0.000000]   6 disabled
[    0.000000]   7 disabled
[    0.000000] initial memory mapped : 0 - 02000000
[    0.000000] init_memory_mapping: 0000000000000000-00000000377fe000
[    0.000000]  0000000000 - 0000400000 page 4k
[    0.000000]  0000400000 - 0037400000 page 2M
[    0.000000]  0037400000 - 00377fe000 page 4k
[    0.000000] kernel direct mapping tables up to 377fe000 @ 7000-c000
[    0.000000] ACPI: RSDP 000f68d0 00024 (v02 LENOVO)
[    0.000000] ACPI: XSDT 3d6bb77f 00094 (v01 LENOVO TP-7L    00002170  LTP 00000000)
[    0.000000] ACPI: FACP 3d6bb900 000F4 (v03 LENOVO TP-7L    00002170 LNVO 00000001)
[    0.000000] ACPI Warning: 32/64X length mismatch in Gpe1Block: 0/32 (20090903/tbfadt-526)
[    0.000000] ACPI Warning: Optional field Gpe1Block has zero address or length: 000000000000102C/0 (20090903/tbfadt-557)
[    0.000000] ACPI: DSDT 3d6bbd1d 0FED1 (v01 LENOVO TP-7L    00002170 MSFT 03000000)
[    0.000000] ACPI: FACS 3d6e4000 00040
[    0.000000] ACPI: SSDT 3d6bbab4 00269 (v01 LENOVO TP-7L    00002170 MSFT 03000000)
[    0.000000] ACPI: ECDT 3d6cbbee 00052 (v01 LENOVO TP-7L    00002170 LNVO 00000001)
[    0.000000] ACPI: TCPA 3d6cbc40 00032 (v02 LENOVO TP-7L    00002170 LNVO 00000001)
[    0.000000] ACPI: APIC 3d6cbc72 00068 (v01 LENOVO TP-7L    00002170 LNVO 00000001)
[    0.000000] ACPI: MCFG 3d6cbcda 0003C (v01 LENOVO TP-7L    00002170 LNVO 00000001)
[    0.000000] ACPI: HPET 3d6cbd16 00038 (v01 LENOVO TP-7L    00002170 LNVO 00000001)
[    0.000000] ACPI: SLIC 3d6cbdf0 00176 (v01 LENOVO TP-7L    00002170  LTP 00000000)
[    0.000000] ACPI: BOOT 3d6cbf66 00028 (v01 LENOVO TP-7L    00002170  LTP 00000001)
[    0.000000] ACPI: ASF! 3d6cbf8e 00072 (v16 LENOVO TP-7L    00002170 PTL  00000001)
[    0.000000] ACPI: SSDT 3d6e26d9 0025F (v01 LENOVO TP-7L    00002170 INTL 20050513)
[    0.000000] ACPI: SSDT 3d6e2938 000A6 (v01 LENOVO TP-7L    00002170 INTL 20050513)
[    0.000000] ACPI: SSDT 3d6e29de 004F7 (v01 LENOVO TP-7L    00002170 INTL 20050513)
[    0.000000] ACPI: SSDT 3d6e2ed5 001D8 (v01 LENOVO TP-7L    00002170 INTL 20050513)
[    0.000000] ACPI: DMI detected: Lenovo ThinkPad R61
[    0.000000] ACPI: Added _OSI(Linux)
[    0.000000] ACPI: Local APIC address 0xfee00000
[    0.000000] 94MB HIGHMEM available.
[    0.000000] 887MB LOWMEM available.
[    0.000000]   mapped low ram: 0 - 377fe000
[    0.000000]   low ram: 0 - 377fe000
[    0.000000]   node 0 low ram: 00000000 - 377fe000
[    0.000000]   node 0 bootmap 00008000 - 0000ef00
[    0.000000] (6 early reservations) ==> bootmem [0000000000 - 00377fe000]
[    0.000000]   #0 [0000000000 - 0000001000]   BIOS data page ==> [0000000000 - 0000001000]
[    0.000000]   #1 [0001000000 - 0001bdc180]    TEXT DATA BSS ==> [0001000000 - 0001bdc180]
[    0.000000]   #2 [000009d800 - 0000100000]    BIOS reserved ==> [000009d800 - 0000100000]
[    0.000000]   #3 [0001bdd000 - 0001be516c]              BRK ==> [0001bdd000 - 0001be516c]
[    0.000000]   #4 [0000007000 - 0000008000]          PGTABLE ==> [0000007000 - 0000008000]
[    0.000000]   #5 [0000008000 - 000000f000]          BOOTMAP ==> [0000008000 - 000000f000]
[    0.000000] found SMP MP-table at [c00f6900] f6900
[    0.000000] Zone PFN ranges:
[    0.000000]   DMA      0x00000000 -> 0x00001000
[    0.000000]   Normal   0x00001000 -> 0x000377fe
[    0.000000]   HighMem  0x000377fe -> 0x0003d6b0
[    0.000000] Movable zone start PFN for each node
[    0.000000] early_node_map[2] active PFN ranges
[    0.000000]     0: 0x00000000 -> 0x0000009d
[    0.000000]     0: 0x00000100 -> 0x0003d6b0
[    0.000000] On node 0 totalpages: 251469
[    0.000000] free_area_init_node: node 0, pgdat c1901ea0, node_mem_map c1be7000
[    0.000000]   DMA zone: 32 pages used for memmap
[    0.000000]   DMA zone: 0 pages reserved
[    0.000000]   DMA zone: 3965 pages, LIFO batch:0
[    0.000000]   Normal zone: 1744 pages used for memmap
[    0.000000]   Normal zone: 221486 pages, LIFO batch:31
[    0.000000]   HighMem zone: 190 pages used for memmap
[    0.000000]   HighMem zone: 24052 pages, LIFO batch:3
[    0.000000] Using APIC driver default
[    0.000000] ACPI: PM-Timer IO Port: 0x1008
[    0.000000] ACPI: Local APIC address 0xfee00000
[    0.000000] ACPI: LAPIC (acpi_id[0x00] lapic_id[0x00] enabled)
[    0.000000] ACPI: LAPIC (acpi_id[0x01] lapic_id[0x01] enabled)
[    0.000000] ACPI: NR_CPUS/possible_cpus limit of 1 reached.  Processor 1/0x1 ignored.
[    0.000000] ACPI: LAPIC_NMI (acpi_id[0x00] high edge lint[0x1])
[    0.000000] ACPI: LAPIC_NMI (acpi_id[0x01] high edge lint[0x1])
[    0.000000] ACPI: IOAPIC (id[0x01] address[0xfec00000] gsi_base[0])
[    0.000000] IOAPIC[0]: apic_id 1, version 32, address 0xfec00000, GSI 0-23
[    0.000000] ACPI: INT_SRC_OVR (bus 0 bus_irq 0 global_irq 2 dfl dfl)
[    0.000000] ACPI: INT_SRC_OVR (bus 0 bus_irq 9 global_irq 9 high level)
[    0.000000] ACPI: IRQ0 used by override.
[    0.000000] ACPI: IRQ2 used by override.
[    0.000000] ACPI: IRQ9 used by override.
[    0.000000] Using ACPI (MADT) for SMP configuration information
[    0.000000] ACPI: HPET id: 0x8086a201 base: 0xfed00000
[    0.000000] nr_irqs_gsi: 24
[    0.000000] PM: Registered nosave memory: 000000000009d000 - 000000000009e000
[    0.000000] PM: Registered nosave memory: 000000000009e000 - 00000000000a0000
[    0.000000] PM: Registered nosave memory: 00000000000a0000 - 00000000000d2000
[    0.000000] PM: Registered nosave memory: 00000000000d2000 - 00000000000d4000
[    0.000000] PM: Registered nosave memory: 00000000000d4000 - 00000000000e0000
[    0.000000] PM: Registered nosave memory: 00000000000e0000 - 0000000000100000
[    0.000000] Allocating PCI resources starting at 3e000000 (gap: 3e000000:b2000000)
[    0.000000] Built 1 zonelists in Zone order, mobility grouping on.  Total pages: 249503
[    0.000000] Kernel command line: auto BOOT_IMAGE=Linux ro root=802 vt.default_utf8=0 maxcpus=0
[    0.000000] PID hash table entries: 4096 (order: 2, 16384 bytes)
[    0.000000] Dentry cache hash table entries: 131072 (order: 7, 524288 bytes)
[    0.000000] Inode-cache hash table entries: 65536 (order: 6, 262144 bytes)
[    0.000000] Enabling fast FPU save and restore... done.
[    0.000000] Enabling unmasked SIMD FPU exception support... done.
[    0.000000] Initializing CPU#0
[    0.000000] Initializing HighMem for node 0 (000377fe:0003d6b0)
[    0.000000] Memory: 984800k/1006272k available (6915k kernel code, 20876k reserved, 2327k data, 448k init, 96968k highmem)
[    0.000000] virtual kernel memory layout:
[    0.000000]     fixmap  : 0xfffa3000 - 0xfffff000   ( 368 kB)
[    0.000000]     pkmap   : 0xff800000 - 0xffc00000   (4096 kB)
[    0.000000]     vmalloc : 0xf7ffe000 - 0xff7fe000   ( 120 MB)
[    0.000000]     lowmem  : 0xc0000000 - 0xf77fe000   ( 887 MB)
[    0.000000]       .init : 0xc1907000 - 0xc1977000   ( 448 kB)
[    0.000000]       .data : 0xc16c0d3f - 0xc1906c64   (2327 kB)
[    0.000000]       .text : 0xc1000000 - 0xc16c0d3f   (6915 kB)
[    0.000000] Checking if this processor honours the WP bit even in supervisor mode...Ok.
[    0.000000] SLUB: Genslabs=13, HWalign=64, Order=0-3, MinObjects=0, CPUs=1, Nodes=1
[    0.000000] Hierarchical RCU implementation.
[    0.000000] NR_IRQS:288
[    0.000000] Extended CMOS year: 2000
[    0.000000] Console: colour VGA+ 80x25
[    0.000000] console [tty0] enabled
[    0.000000] hpet clockevent registered
[    0.000000] Fast TSC calibration using PIT
[    0.000000] Detected 2094.734 MHz processor.
[    0.001002] Calibrating delay loop (skipped), value calculated using timer frequency.. 4189.46 BogoMIPS (lpj=2094734)
[    0.001177] Security Framework initialized
[    0.001260] Mount-cache hash table entries: 512
[    0.002061] CPU: L1 I cache: 32K, L1 D cache: 32K
[    0.002190] CPU: L2 cache: 3072K
[    0.002273] mce: CPU supports 6 MCE banks
[    0.002361] CPU0: Thermal monitoring enabled (TM2)
[    0.002445] using mwait in idle threads.
[    0.002531] CPU: Intel(R) Core(TM)2 Duo CPU     T8100  @ 2.10GHz stepping 06
[    0.002712] Checking 'hlt' instruction... OK.
[    0.006936] ACPI: Core revision 20090903
[    0.026009] RANDOM get_random_int first call with cycles 32692039307, jiffies 4294667322 and pid 0
[    0.027008] CANARY value: f1d77d02 for PID: 1
[    0.027015] CANARY value: b59eed9d for PID: 2
[    0.027039] Enabling APIC mode:  Flat.  Using 1 I/O APICs
[    0.027494] ..TIMER: vector=0x30 apic1=0 pin1=2 apic2=-1 pin2=-1
[    0.037997] xor: automatically using best checksumming function: pIII_sse
[    0.041998]    pIII_sse  :  8568.000 MB/sec
[    0.042087] xor: using function: pIII_sse (8568.000 MB/sec)
[    0.042176] RANDOM - __seed init called.
[    0.042177] RANDOM - __seed init called.
[    0.042178] RANDOM - __seed init called.
[    0.042180] RANDOM - __random32 called. Change num 1.  Value: f7943846	49e73df3	af36cd0d
[    0.042182] RANDOM - __random32 called. Change num 2.  Value: 43846e13	9e73df37	9a1ad014
[    0.042184] RANDOM - __random32 called. Change num 3.  Value: 46e139c8	e73df373	a029598a
[    0.042185] RANDOM - __random32 called. Change num 4.  Value: 139c8c3b	73df373d	b3142c72
[    0.042187] RANDOM - __random32 called. Change num 5.  Value: c8c3b043	3df373de	58e576a9
[    0.042189] RANDOM - __random32 called. Change num 6.  Value: 3b0437d9	df373de5	ed53f9d8
[    0.042191] RANDOM - random32 init called.  Value: 3b0437d9	df373de5	ed53f9d8
[    0.042208] NET: Registered protocol family 16
[    0.042469] ACPI FADT declares the system doesn't support PCIe ASPM, so disable it
[    0.042592] ACPI: bus type pci registered
[    0.042764] PCI: MCFG configuration 0: base f0000000 segment 0 buses 0 - 63
[    0.042857] PCI: MCFG area at f0000000 reserved in E820
[    0.042947] PCI: Using MMCONFIG for extended config space
[    0.043002] PCI: Using configuration type 1 for base access
[    0.046136] bio: create slab <bio-0> at 0
[    0.046944] ACPI: EC: EC description table is found, configuring boot EC
[    0.052120] ACPI: BIOS _OSI(Linux) query honored via DMI
[    0.052846] random 0000 0000 0000 00000000 00000000: rand_read_num 2 get_random_bytes(8): sig fffffe1a 00000000 00000000
[    0.052849] random 0000 0000 0000 00000000 00000000: extract_entropy(.. 8 ..)
[    0.052852] random 0000 0000 0000 00000000 00000000: going to reseed nonblocking with 64 bits (64 of 0 requested)
[    0.052854] random 0000 0000 0000 00000000 00000000: extract_entropy(.. 8 ..)
[    0.052856] random 0000 0000 0000 00000000 00000000: trying to extract 64 bits from input
[    0.052858] random 0000 0000 0000 00000000 00000000: debiting 0 entropy credits from input
[    0.052860] random 0000 0000 0000 00000000 00000000: extract_entropy account returned: 0 
[    0.052889] random 0000 0000 0000 00000000 00000000: urand_change_num 3 xfer_secondary_pool(8): pool_sig fffffe1a, data_sig 00000000, bytes_mixed 0 00000000 00000000
[    0.052892] random 0000 0000 0000 00000000 00000000: trying to extract 64 bits from nonblocking
[    0.052894] random 0000 0000 0000 00000000 00000000: debiting 64 entropy credits from nonblocking (unlimited)
[    0.052897] random 0000 0000 0000 00000000 00000000: extract_entropy account returned: 8 
[    0.052901] random 0000 0000 0000 00000000 00000000: urand_change_num 4 extract_buf: pool_sig fffffe1a, data_sig fffffed7, bytes_mixed 20 00000000 00000000
[    0.057649] ACPI: Interpreter enabled
[    0.057738] ACPI: (supports S0 S3 S4 S5)
[    0.057998] ACPI: Using IOAPIC for interrupt routing
[    0.067594] ACPI: EC: GPE = 0x12, I/O: command/status = 0x66, data = 0x62
[    0.067898] ACPI: Power Resource [PUBS] (on)
[    0.070011] ACPI: ACPI Dock Station Driver: 3 docks/bays found
[    0.070424] ACPI: PCI Root Bridge [PCI0] (0000:00)
[    0.070605] pci 0000:00:02.0: reg 10 64bit mmio: [0xf8100000-0xf81fffff]
[    0.070611] pci 0000:00:02.0: reg 18 64bit mmio pref: [0xe0000000-0xefffffff]
[    0.070615] pci 0000:00:02.0: reg 20 io port: [0x1800-0x1807]
[    0.070650] pci 0000:00:02.1: reg 10 64bit mmio: [0xf8200000-0xf82fffff]
[    0.070752] pci 0000:00:19.0: reg 10 32bit mmio: [0xfe000000-0xfe01ffff]
[    0.070759] pci 0000:00:19.0: reg 14 32bit mmio: [0xfe025000-0xfe025fff]
[    0.070768] pci 0000:00:19.0: reg 18 io port: [0x1840-0x185f]
[    0.070838] pci 0000:00:19.0: PME# supported from D0 D3hot D3cold
[    0.070937] pci 0000:00:19.0: PME# disabled
[    0.071065] pci 0000:00:1a.0: reg 20 io port: [0x1860-0x187f]
[    0.071151] pci 0000:00:1a.1: reg 20 io port: [0x1880-0x189f]
[    0.071227] pci 0000:00:1a.7: reg 10 32bit mmio: [0xfe226c00-0xfe226fff]
[    0.071307] pci 0000:00:1a.7: PME# supported from D0 D3hot D3cold
[    0.071400] pci 0000:00:1a.7: PME# disabled
[    0.071542] pci 0000:00:1b.0: reg 10 64bit mmio: [0xfe020000-0xfe023fff]
[    0.071621] pci 0000:00:1b.0: PME# supported from D0 D3hot D3cold
[    0.071716] pci 0000:00:1b.0: PME# disabled
[    0.071916] pci 0000:00:1c.0: PME# supported from D0 D3hot D3cold
[    0.071999] pci 0000:00:1c.0: PME# disabled
[    0.072216] pci 0000:00:1c.1: PME# supported from D0 D3hot D3cold
[    0.072312] pci 0000:00:1c.1: PME# disabled
[    0.072518] pci 0000:00:1c.2: PME# supported from D0 D3hot D3cold
[    0.072610] pci 0000:00:1c.2: PME# disabled
[    0.072817] pci 0000:00:1c.3: PME# supported from D0 D3hot D3cold
[    0.072914] pci 0000:00:1c.3: PME# disabled
[    0.073108] pci 0000:00:1c.4: PME# supported from D0 D3hot D3cold
[    0.073203] pci 0000:00:1c.4: PME# disabled
[    0.074064] pci 0000:00:1d.0: reg 20 io port: [0x18a0-0x18bf]
[    0.074160] pci 0000:00:1d.1: reg 20 io port: [0x18c0-0x18df]
[    0.074248] pci 0000:00:1d.2: reg 20 io port: [0x18e0-0x18ff]
[    0.074334] pci 0000:00:1d.7: reg 10 32bit mmio: [0xfe227000-0xfe2273ff]
[    0.074426] pci 0000:00:1d.7: PME# supported from D0 D3hot D3cold
[    0.074521] pci 0000:00:1d.7: PME# disabled
[    0.074832] pci 0000:00:1f.0: quirk: region 1000-107f claimed by ICH6 ACPI/GPIO/TCO
[    0.074957] pci 0000:00:1f.0: quirk: region 1180-11bf claimed by ICH6 GPIO
[    0.074998] pci 0000:00:1f.0: ICH7 LPC Generic IO decode 1 PIO at 1600 (mask 007f)
[    0.075121] pci 0000:00:1f.0: ICH7 LPC Generic IO decode 2 PIO at 15e0 (mask 000f)
[    0.075248] pci 0000:00:1f.0: ICH7 LPC Generic IO decode 3 PIO at 1680 (mask 001f)
[    0.075450] pci 0000:00:1f.1: reg 10 io port: [0x00-0x07]
[    0.075460] pci 0000:00:1f.1: reg 14 io port: [0x00-0x03]
[    0.075469] pci 0000:00:1f.1: reg 18 io port: [0x00-0x07]
[    0.075478] pci 0000:00:1f.1: reg 1c io port: [0x00-0x03]
[    0.075486] pci 0000:00:1f.1: reg 20 io port: [0x1c00-0x1c0f]
[    0.075566] pci 0000:00:1f.2: reg 10 io port: [0x1c50-0x1c57]
[    0.075574] pci 0000:00:1f.2: reg 14 io port: [0x1c44-0x1c47]
[    0.075581] pci 0000:00:1f.2: reg 18 io port: [0x1c48-0x1c4f]
[    0.075590] pci 0000:00:1f.2: reg 1c io port: [0x1c40-0x1c43]
[    0.075599] pci 0000:00:1f.2: reg 20 io port: [0x1c20-0x1c3f]
[    0.075608] pci 0000:00:1f.2: reg 24 32bit mmio: [0xfe226000-0xfe2267ff]
[    0.075670] pci 0000:00:1f.2: PME# supported from D3hot
[    0.075763] pci 0000:00:1f.2: PME# disabled
[    0.075892] pci 0000:00:1f.3: reg 10 32bit mmio: [0xfe227400-0xfe2274ff]
[    0.075917] pci 0000:00:1f.3: reg 20 io port: [0x1c60-0x1c7f]
[    0.076085] pci 0000:00:1c.0: bridge io port: [0x2000-0x2fff]
[    0.076091] pci 0000:00:1c.0: bridge 32bit mmio: [0xfc000000-0xfdffffff]
[    0.076103] pci 0000:00:1c.0: bridge 64bit mmio pref: [0xf8000000-0xf80fffff]
[    0.076174] pci 0000:03:00.0: reg 10 64bit mmio: [0xdf3f0000-0xdf3fffff]
[    0.076368] pci 0000:00:1c.1: bridge io port: [0x3000-0x3fff]
[    0.076374] pci 0000:00:1c.1: bridge 32bit mmio: [0xdc000000-0xdf3fffff]
[    0.076382] pci 0000:00:1c.1: bridge 64bit mmio pref: [0xdfe00000-0xdfefffff]
[    0.076438] pci 0000:00:1c.2: bridge io port: [0x4000-0x4fff]
[    0.076442] pci 0000:00:1c.2: bridge 32bit mmio: [0xd8000000-0xd9ffffff]
[    0.076450] pci 0000:00:1c.2: bridge 64bit mmio pref: [0xdfb00000-0xdfbfffff]
[    0.076505] pci 0000:00:1c.3: bridge io port: [0x5000-0x5fff]
[    0.076510] pci 0000:00:1c.3: bridge 32bit mmio: [0xd4000000-0xd5ffffff]
[    0.076519] pci 0000:00:1c.3: bridge 64bit mmio pref: [0xdf800000-0xdf8fffff]
[    0.076578] pci 0000:00:1c.4: bridge io port: [0x6000-0x6fff]
[    0.076585] pci 0000:00:1c.4: bridge 32bit mmio: [0xd0000000-0xd1ffffff]
[    0.076594] pci 0000:00:1c.4: bridge 64bit mmio pref: [0xdf500000-0xdf5fffff]
[    0.076646] pci 0000:15:00.0: reg 10 32bit mmio: [0xf8300000-0xf8300fff]
[    0.076696] pci 0000:15:00.0: supports D1 D2
[    0.076698] pci 0000:15:00.0: PME# supported from D0 D1 D2 D3hot D3cold
[    0.076791] pci 0000:15:00.0: PME# disabled
[    0.076937] pci 0000:15:00.1: reg 10 32bit mmio: [0xf8301000-0xf83017ff]
[    0.077037] pci 0000:15:00.1: supports D1 D2
[    0.077038] pci 0000:15:00.1: PME# supported from D0 D1 D2 D3hot D3cold
[    0.077133] pci 0000:15:00.1: PME# disabled
[    0.077313] pci 0000:00:1e.0: transparent bridge
[    0.077403] pci 0000:00:1e.0: bridge io port: [0x7000-0xafff]
[    0.077409] pci 0000:00:1e.0: bridge 32bit mmio: [0xf8300000-0xfbffffff]
[    0.077418] pci 0000:00:1e.0: bridge 64bit mmio pref: [0xf4000000-0xf7ffffff]
[    0.077487] pci_bus 0000:00: on NUMA node 0
[    0.077491] ACPI: PCI Interrupt Routing Table [\_SB_.PCI0._PRT]
[    0.077624] ACPI: PCI Interrupt Routing Table [\_SB_.PCI0.EXP0._PRT]
[    0.077683] ACPI: PCI Interrupt Routing Table [\_SB_.PCI0.EXP1._PRT]
[    0.077741] ACPI: PCI Interrupt Routing Table [\_SB_.PCI0.EXP2._PRT]
[    0.077799] ACPI: PCI Interrupt Routing Table [\_SB_.PCI0.EXP3._PRT]
[    0.077862] ACPI: PCI Interrupt Routing Table [\_SB_.PCI0.EXP4._PRT]
[    0.077924] ACPI: PCI Interrupt Routing Table [\_SB_.PCI0.PCI1._PRT]
[    0.083391] ACPI: PCI Interrupt Link [LNKA] (IRQs 3 4 5 6 7 9 *10 11)
[    0.084170] ACPI: PCI Interrupt Link [LNKB] (IRQs 3 4 5 6 7 9 10 *11)
[    0.084949] ACPI: PCI Interrupt Link [LNKC] (IRQs 3 4 5 6 7 9 10 *11)
[    0.085720] ACPI: PCI Interrupt Link [LNKD] (IRQs 3 4 5 6 7 9 10 *11)
[    0.086508] ACPI: PCI Interrupt Link [LNKE] (IRQs 3 4 5 6 7 9 10 *11)
[    0.087296] ACPI: PCI Interrupt Link [LNKF] (IRQs 3 4 5 6 7 9 10 *11)
[    0.088122] ACPI: PCI Interrupt Link [LNKG] (IRQs 3 4 5 6 7 9 10 *11)
[    0.088904] ACPI: PCI Interrupt Link [LNKH] (IRQs 3 4 5 6 7 9 10 *11)
[    0.089638] vgaarb: device added: PCI:0000:00:02.0,decodes=io+mem,owns=io+mem,locks=none
[    0.089765] vgaarb: loaded
[    0.089945] SCSI subsystem initialized
[    0.090007] libata version 3.00 loaded.
[    0.090054] usbcore: registered new interface driver usbfs
[    0.090182] usbcore: registered new interface driver hub
[    0.090295] usbcore: registered new device driver usb
[    0.107045] raid6: int32x1    941 MB/s
[    0.123990] raid6: int32x2    886 MB/s
[    0.141068] raid6: int32x4    750 MB/s
[    0.157985] raid6: int32x8    656 MB/s
[    0.174988] raid6: mmxx1     2878 MB/s
[    0.191984] raid6: mmxx2     3253 MB/s
[    0.209003] raid6: sse1x1    1937 MB/s
[    0.225999] raid6: sse1x2    2535 MB/s
[    0.242986] raid6: sse2x1    3511 MB/s
[    0.259978] raid6: sse2x2    3824 MB/s
[    0.260066] raid6: using algorithm sse2x2 (3824 MB/s)
[    0.260158] PCI: Using ACPI for IRQ routing
[    0.260473] HPET: 3 timers in total, 0 timers will be used for per-cpu timer
[    0.260987] Switching to clocksource tsc
[    0.261087] pnp: PnP ACPI init
[    0.261179] ACPI: bus type pnp registered
[    0.264836] pnp: PnP ACPI: found 11 devices
[    0.264939] ACPI: ACPI bus type pnp unregistered
[    0.265035] system 00:00: iomem range 0x0-0x9ffff could not be reserved
[    0.265127] system 00:00: iomem range 0xc0000-0xc3fff could not be reserved
[    0.265219] system 00:00: iomem range 0xc4000-0xc7fff could not be reserved
[    0.265315] system 00:00: iomem range 0xc8000-0xcbfff has been reserved
[    0.265407] system 00:00: iomem range 0xcc000-0xcffff has been reserved
[    0.265500] system 00:00: iomem range 0xd0000-0xd3fff could not be reserved
[    0.265594] system 00:00: iomem range 0xe0000-0xe3fff could not be reserved
[    0.265688] system 00:00: iomem range 0xe4000-0xe7fff could not be reserved
[    0.265779] system 00:00: iomem range 0xe8000-0xebfff could not be reserved
[    0.265874] system 00:00: iomem range 0xec000-0xeffff could not be reserved
[    0.265966] system 00:00: iomem range 0xf0000-0xfffff could not be reserved
[    0.266060] system 00:00: iomem range 0x100000-0x3dffffff could not be reserved
[    0.266178] system 00:00: iomem range 0xfec00000-0xfed3ffff could not be reserved
[    0.266301] system 00:00: iomem range 0xfed4c000-0xffffffff could not be reserved
[    0.266426] system 00:02: ioport range 0x164e-0x164f has been reserved
[    0.266518] system 00:02: ioport range 0x1000-0x107f has been reserved
[    0.266609] system 00:02: ioport range 0x1180-0x11bf has been reserved
[    0.266704] system 00:02: ioport range 0x800-0x80f has been reserved
[    0.266796] system 00:02: ioport range 0x15e0-0x15ef has been reserved
[    0.266893] system 00:02: ioport range 0x1600-0x165f could not be reserved
[    0.266986] system 00:02: iomem range 0xf0000000-0xf3ffffff has been reserved
[    0.267085] system 00:02: iomem range 0xfed1c000-0xfed1ffff has been reserved
[    0.267180] system 00:02: iomem range 0xfed14000-0xfed17fff has been reserved
[    0.267272] system 00:02: iomem range 0xfed18000-0xfed18fff has been reserved
[    0.267369] system 00:02: iomem range 0xfed19000-0xfed19fff has been reserved
[    0.267463] system 00:02: iomem range 0xfed45000-0xfed4bfff has been reserved
[    0.302507] pci 0000:00:1c.0: PCI bridge, secondary bus 0000:02
[    0.302598] pci 0000:00:1c.0:   IO window: 0x2000-0x2fff
[    0.302696] pci 0000:00:1c.0:   MEM window: 0xfc000000-0xfdffffff
[    0.302790] pci 0000:00:1c.0:   PREFETCH window: 0x000000f8000000-0x000000f80fffff
[    0.302921] pci 0000:00:1c.1: PCI bridge, secondary bus 0000:03
[    0.303014] pci 0000:00:1c.1:   IO window: 0x3000-0x3fff
[    0.303109] pci 0000:00:1c.1:   MEM window: 0xdc000000-0xdf3fffff
[    0.303203] pci 0000:00:1c.1:   PREFETCH window: 0x000000dfe00000-0x000000dfefffff
[    0.303334] pci 0000:00:1c.2: PCI bridge, secondary bus 0000:04
[    0.303424] pci 0000:00:1c.2:   IO window: 0x4000-0x4fff
[    0.303518] pci 0000:00:1c.2:   MEM window: 0xd8000000-0xd9ffffff
[    0.303613] pci 0000:00:1c.2:   PREFETCH window: 0x000000dfb00000-0x000000dfbfffff
[    0.303744] pci 0000:00:1c.3: PCI bridge, secondary bus 0000:05
[    0.303838] pci 0000:00:1c.3:   IO window: 0x5000-0x5fff
[    0.303936] pci 0000:00:1c.3:   MEM window: 0xd4000000-0xd5ffffff
[    0.304028] pci 0000:00:1c.3:   PREFETCH window: 0x000000df800000-0x000000df8fffff
[    0.304157] pci 0000:00:1c.4: PCI bridge, secondary bus 0000:0d
[    0.304252] pci 0000:00:1c.4:   IO window: 0x6000-0x6fff
[    0.304342] pci 0000:00:1c.4:   MEM window: 0xd0000000-0xd1ffffff
[    0.304435] pci 0000:00:1c.4:   PREFETCH window: 0x000000df500000-0x000000df5fffff
[    0.304564] pci 0000:15:00.0: CardBus bridge, secondary bus 0000:16
[    0.304659] pci 0000:15:00.0:   IO window: 0x007000-0x0070ff
[    0.304755] pci 0000:15:00.0:   IO window: 0x007400-0x0074ff
[    0.304849] pci 0000:15:00.0:   PREFETCH window: 0xf4000000-0xf7ffffff
[    0.304950] pci 0000:15:00.0:   MEM window: 0x40000000-0x43ffffff
[    0.305044] pci 0000:00:1e.0: PCI bridge, secondary bus 0000:15
[    0.305136] pci 0000:00:1e.0:   IO window: 0x7000-0xafff
[    0.305230] pci 0000:00:1e.0:   MEM window: 0xf8300000-0xfbffffff
[    0.305324] pci 0000:00:1e.0:   PREFETCH window: 0x000000f4000000-0x000000f7ffffff
[    0.305465] pci 0000:00:1c.0: PCI INT A -> GSI 20 (level, low) -> IRQ 20
[    0.305562] pci 0000:00:1c.0: setting latency timer to 64
[    0.305574] pci 0000:00:1c.1: PCI INT B -> GSI 21 (level, low) -> IRQ 21
[    0.305668] pci 0000:00:1c.1: setting latency timer to 64
[    0.305677] pci 0000:00:1c.2: PCI INT C -> GSI 22 (level, low) -> IRQ 22
[    0.305772] pci 0000:00:1c.2: setting latency timer to 64
[    0.305785] pci 0000:00:1c.3: PCI INT D -> GSI 23 (level, low) -> IRQ 23
[    0.305887] pci 0000:00:1c.3: setting latency timer to 64
[    0.305900] pci 0000:00:1c.4: PCI INT A -> GSI 20 (level, low) -> IRQ 20
[    0.305997] pci 0000:00:1c.4: setting latency timer to 64
[    0.306002] pci 0000:00:1e.0: enabling device (0005 -> 0007)
[    0.306100] pci 0000:00:1e.0: setting latency timer to 64
[    0.306117] pci 0000:15:00.0: PCI INT A -> GSI 16 (level, low) -> IRQ 16
[    0.306213] pci 0000:15:00.0: setting latency timer to 64
[    0.306219] pci_bus 0000:00: resource 0 io:  [0x00-0xffff]
[    0.306221] pci_bus 0000:00: resource 1 mem: [0x000000-0xffffffff]
[    0.306223] pci_bus 0000:02: resource 0 io:  [0x2000-0x2fff]
[    0.306225] pci_bus 0000:02: resource 1 mem: [0xfc000000-0xfdffffff]
[    0.306227] pci_bus 0000:02: resource 2 pref mem [0xf8000000-0xf80fffff]
[    0.306228] pci_bus 0000:03: resource 0 io:  [0x3000-0x3fff]
[    0.306230] pci_bus 0000:03: resource 1 mem: [0xdc000000-0xdf3fffff]
[    0.306232] pci_bus 0000:03: resource 2 pref mem [0xdfe00000-0xdfefffff]
[    0.306234] pci_bus 0000:04: resource 0 io:  [0x4000-0x4fff]
[    0.306236] pci_bus 0000:04: resource 1 mem: [0xd8000000-0xd9ffffff]
[    0.306238] pci_bus 0000:04: resource 2 pref mem [0xdfb00000-0xdfbfffff]
[    0.306240] pci_bus 0000:05: resource 0 io:  [0x5000-0x5fff]
[    0.306241] pci_bus 0000:05: resource 1 mem: [0xd4000000-0xd5ffffff]
[    0.306243] pci_bus 0000:05: resource 2 pref mem [0xdf800000-0xdf8fffff]
[    0.306245] pci_bus 0000:0d: resource 0 io:  [0x6000-0x6fff]
[    0.306247] pci_bus 0000:0d: resource 1 mem: [0xd0000000-0xd1ffffff]
[    0.306249] pci_bus 0000:0d: resource 2 pref mem [0xdf500000-0xdf5fffff]
[    0.306251] pci_bus 0000:15: resource 0 io:  [0x7000-0xafff]
[    0.306252] pci_bus 0000:15: resource 1 mem: [0xf8300000-0xfbffffff]
[    0.306254] pci_bus 0000:15: resource 2 pref mem [0xf4000000-0xf7ffffff]
[    0.306256] pci_bus 0000:15: resource 3 io:  [0x00-0xffff]
[    0.306258] pci_bus 0000:15: resource 4 mem: [0x000000-0xffffffff]
[    0.306260] pci_bus 0000:16: resource 0 io:  [0x7000-0x70ff]
[    0.306261] pci_bus 0000:16: resource 1 io:  [0x7400-0x74ff]
[    0.306263] pci_bus 0000:16: resource 2 pref mem [0xf4000000-0xf7ffffff]
[    0.306265] pci_bus 0000:16: resource 3 mem: [0x40000000-0x43ffffff]
[    0.306272] NET: Registered protocol family 2
[    0.306365] RANDOM - __random32 called. Change num 7.  Value: 437d97bf	f373de51	f3b0f986
[    0.306367] RANDOM - random32 called.  Value: 437d97bf	f373de51	f3b0f986
[    0.306372] random 0000 0000 0000 5f8db4e5 4cfdf2a8: rand_read_num 3 get_random_bytes(4): sig fffffb64 5f8db4e5 4cfdf2a8
[    0.306374] random 0000 0000 0000 5f8db4e5 4cfdf2a8: extract_entropy(.. 4 ..)
[    0.306376] random 0000 0000 0000 5f8db4e5 4cfdf2a8: going to reseed nonblocking with 64 bits (32 of 0 requested)
[    0.306379] random 0000 0000 0000 5f8db4e5 4cfdf2a8: extract_entropy(.. 8 ..)
[    0.306381] random 0000 0000 0000 5f8db4e5 4cfdf2a8: trying to extract 64 bits from input
[    0.306383] random 0000 0000 0000 5f8db4e5 4cfdf2a8: debiting 0 entropy credits from input
[    0.306385] random 0000 0000 0000 5f8db4e5 4cfdf2a8: extract_entropy account returned: 0 
[    0.306388] random 0000 0000 0000 5f8db4e5 4cfdf2a8: urand_change_num 5 xfer_secondary_pool(4): pool_sig fffffb64, data_sig 00000000, bytes_mixed 0 5f8db4e5 4cfdf2a8
[    0.306391] random 0000 0000 0000 5f8db4e5 4cfdf2a8: trying to extract 32 bits from nonblocking
[    0.306393] random 0000 0000 0000 5f8db4e5 4cfdf2a8: debiting 32 entropy credits from nonblocking (unlimited)
[    0.306395] random 0000 0000 0000 5f8db4e5 4cfdf2a8: extract_entropy account returned: 4 
[    0.306399] random 0000 0000 0000 5f8db4e5 4cfdf2a8: urand_change_num 6 extract_buf: pool_sig fffffb64, data_sig 00000241, bytes_mixed 20 5f8db4e5 4cfdf2a8
[    0.306409] IP route cache hash table entries: 32768 (order: 5, 131072 bytes)
[    0.306541] RANDOM - __random32 called. Change num 8.  Value: d97bfe31	373de51f	f30dc6e6
[    0.306543] RANDOM - random32 called.  Value: d97bfe31	373de51f	f30dc6e6
[    0.306553] RANDOM - __random32 called. Change num 9.  Value: bfe314d7	73de51f5	8dcd6c7e
[    0.306554] RANDOM - random32 called.  Value: bfe314d7	73de51f5	8dcd6c7e
[    0.306556] RANDOM - __random32 called. Change num 10.  Value: 314d7baf	3de51f5e	d8fc74c1
[    0.306558] RANDOM - random32 called.  Value: 314d7baf	3de51f5e	d8fc74c1
[    0.306569] RANDOM - __random32 called. Change num 11.  Value: d7baf3c7	de51f5e5	e983e3fa
[    0.306570] RANDOM - random32 called.  Value: d7baf3c7	de51f5e5	e983e3fa
[    0.306579] TCP established hash table entries: 131072 (order: 8, 1048576 bytes)
[    0.307075] TCP bind hash table entries: 65536 (order: 6, 262144 bytes)
[    0.307260] TCP: Hash tables configured (established 131072 bind 65536)
[    0.307351] TCP reno registered
[    0.307456] NET: Registered protocol family 1
[    0.307578] RPC: Registered udp transport module.
[    0.307667] RPC: Registered tcp transport module.
[    0.307754] RPC: Registered tcp NFSv4.1 backchannel transport module.
[    0.307851] pci 0000:00:02.0: Boot video device
[    0.308073] Simple Boot Flag at 0x35 set to 0x1
[    0.308591] highmem bounce pool size: 64 pages
[    0.310174] VFS: Disk quotas dquot_6.5.2
[    0.310298] Dquot-cache hash table entries: 1024 (order 0, 4096 bytes)
[    0.310971] NTFS driver 2.1.29 [Flags: R/W].
[    0.311132] ROMFS MTD (C) 2007 Red Hat, Inc.
[    0.311343] JFS: nTxBlock = 7695, nTxLock = 61562
[    0.313804] SGI XFS with ACLs, security attributes, large block/inode numbers, no debug enabled
[    0.314310] SGI XFS Quota Management subsystem
[    0.314595] Slow work thread pool: Starting up
[    0.314696] Slow work thread pool: Ready
[    0.314788] GFS2 (built May 24 2013 02:47:17) installed
[    0.314894] msgmni has been set to 1734
[    0.315059] alg: No test for cipher_null (cipher_null-generic)
[    0.315159] alg: No test for ecb(cipher_null) (ecb-cipher_null)
[    0.315260] alg: No test for digest_null (digest_null-generic)
[    0.315361] alg: No test for compress_null (compress_null-generic)
[    0.315919] alg: No test for fcrypt (fcrypt-generic)
[    0.317337] alg: No test for stdrng (krng)
[    0.317431] async_tx: api initialized (async)
[    0.317586] Block layer SCSI generic (bsg) driver version 0.4 loaded (major 254)
[    0.317709] io scheduler noop registered
[    0.317795] io scheduler anticipatory registered
[    0.317896] io scheduler deadline registered
[    0.318033] io scheduler cfq registered (default)
[    0.318278] pcieport 0000:00:1c.0: irq 24 for MSI/MSI-X
[    0.318295] pcieport 0000:00:1c.0: setting latency timer to 64
[    0.318477] pcieport 0000:00:1c.1: irq 25 for MSI/MSI-X
[    0.318488] pcieport 0000:00:1c.1: setting latency timer to 64
[    0.318670] pcieport 0000:00:1c.2: irq 26 for MSI/MSI-X
[    0.318682] pcieport 0000:00:1c.2: setting latency timer to 64
[    0.318855] pcieport 0000:00:1c.3: irq 27 for MSI/MSI-X
[    0.318879] pcieport 0000:00:1c.3: setting latency timer to 64
[    0.319059] pcieport 0000:00:1c.4: irq 28 for MSI/MSI-X
[    0.319070] pcieport 0000:00:1c.4: setting latency timer to 64
[    0.319215] pci_hotplug: PCI Hot Plug PCI Core version: 0.5
[    0.319405] isapnp: Scanning for PnP cards...
[    0.679926] isapnp: No Plug & Play device found
[    0.680014] random 0000 0000 0000 5f8db4e5 4cfdf2a8: initializing
[    0.680016] RANDOM init_std_data for input now value: 1370015061680016429
[    0.680018] RANDOM init_std_data for blocking now value: 1370015061680018449
[    0.680020] RANDOM init_std_data for nonblocking now value: 1370015061680020179
[    0.699614] Serial: 8250/16550 driver, 4 ports, IRQ sharing enabled
[    3.710689] floppy0: no floppy controllers found
[    3.711635] brd: module loaded
[    3.712144] loop: module loaded
[    3.712233] Compaq SMART2 Driver (v 2.6.0)
[    3.712355] HP CISS Driver (v 3.6.20)
[    3.712598] input: Macintosh mouse button emulation as /devices/virtual/input/input0
[    3.712740] Uniform Multi-Platform E-IDE driver
[    3.712965] piix 0000:00:1f.1: IDE controller (0x8086:0x2850 rev 0x03)
[    3.713069] pci 0000:00:1f.1: PCI INT C -> GSI 16 (level, low) -> IRQ 16
[    3.713178] piix 0000:00:1f.1: IDE port disabled
[    3.713275] piix 0000:00:1f.1: not 100% native mode: will probe irqs later
[    3.713375]     ide0: BM-DMA at 0x1c00-0x1c07
[    3.713470] Probing IDE interface ide0...
[    4.384872] hda: HL-DT-ST DVDRAM GSA-U10N, ATAPI CD/DVD-ROM drive
[    4.691668] hda: host max PIO4 wanted PIO255(auto-tune) selected PIO4
[    4.692435] hda: UDMA/33 mode selected
[    4.692903] ide0 at 0x1f0-0x1f7,0x3f6 on irq 14
[    4.696810] ide-gd driver 1.18
[    4.696915] ide-cd driver 5.00
[    4.698314] random 0000 0000 0000 00000000 00000000: add_disk_randomness(0:0) 00000000 00000000
[    4.698318] random 0000 0000 0000 00000000 00000000: add_timer_randomness(.. 256) with jiffies: 17975197213394697850, cycles: -471546864609525751
[    4.698321] random 0000 0000 0000 00000000 00000000: added 11 entropy credits to input
[    4.698324] ide-cd: hda: ATAPI 24X DVD-ROM DVD-R/RAM CD-R/RW drive, 2048kB Cache
[    4.698774] Uniform CD-ROM driver Revision: 3.20
[    4.701552] random 0011 0000 0000 00000000 00000000: add_disk_randomness(0:0) 00000000 00000000
[    4.701555] random 0011 0000 0000 00000000 00000000: add_timer_randomness(.. 256) with jiffies: 18004331015945551485, cycles: -442413062058672119
[    4.701558] random 0011 0000 0000 00000000 00000000: added 1 entropy credits to input
[    4.701561] random 0012 0000 0000 00000000 00000000: add_disk_randomness(0:0) 00000000 00000000
[    4.701563] random 0012 0000 0000 00000000 00000000: add_timer_randomness(.. 256) with jiffies: 18004408175033024125, cycles: -442335902971199479
[    4.703551] random 0012 0000 0000 00000000 00000000: add_disk_randomness(0:0) 00000000 00000000
[    4.703554] random 0012 0000 0000 00000000 00000000: add_timer_randomness(.. 256) with jiffies: 18022312557955219071, cycles: -424431520049004535
[    4.703556] random 0012 0000 0000 00000000 00000000: added 1 entropy credits to input
[    4.703559] random 0013 0000 0000 00000000 00000000: add_disk_randomness(0:0) 00000000 00000000
[    4.703562] random 0013 0000 0000 00000000 00000000: add_timer_randomness(.. 256) with jiffies: 18022388368422960767, cycles: -424355709581262839
[    4.705549] random 0013 0000 0000 00000000 00000000: add_disk_randomness(0:0) 00000000 00000000
[    4.705552] random 0013 0000 0000 00000000 00000000: add_timer_randomness(.. 256) with jiffies: 18040287610269302401, cycles: -406456467734921207
[    4.705554] random 0013 0000 0000 00000000 00000000: added 1 entropy credits to input
[    4.705557] random 0014 0000 0000 00000000 00000000: add_disk_randomness(0:0) 00000000 00000000
[    4.705560] random 0014 0000 0000 00000000 00000000: add_timer_randomness(.. 256) with jiffies: 18040362514498944641, cycles: -406381563505278967
[    4.705835] Loading iSCSI transport class v2.0-870.
[    4.706120] rdac: device handler registered
[    4.706207] hp_sw: device handler registered
[    4.706297] emc: device handler registered
[    4.706385] alua: device handler registered
[    4.707375] Adaptec aacraid driver 1.1-5[2461]-ms
[    4.707799] scsi: <fdomain> Detection failed (no card)
[    4.707896] sym53c416.c: Version 1.0.0-ac
[    4.708001] qlogicfas: no cards were found, please specify I/O address and IRQ using iobase= and irq= options
[    4.708124] QLogic Fibre Channel HBA Driver: 8.03.01-k6
[    4.708348] iscsi: registered transport (qla4xxx)
[    4.708457] QLogic iSCSI HBA Driver
[    4.708547] Emulex LightPulse Fibre Channel SCSI driver 8.3.4
[    4.708639] Copyright(c) 2004-2009 Emulex.  All rights reserved.
[    4.730653] Failed initialization of WD-7000 SCSI card!
[    4.819874] DC390: clustering now enabled by default. If you get problems load
[    4.819997]        with "disable_clustering=1" and report to maintainers
[    4.820130] megaraid cmm: 2.20.2.7 (Release Date: Sun Jul 16 00:01:03 EST 2006)
[    4.820282] megaraid: 2.20.5.1 (Release Date: Thu Nov 16 15:32:35 EST 2006)
[    4.820395] megasas: 00.00.04.01 Thu July 24 11:41:51 PST 2008
[    4.820529] GDT-HA: Storage RAID Controller Driver. Version: 3.05
[    4.820682] 3ware Storage Controller device driver for Linux v1.26.02.002.
[    4.820794] 3ware 9000 Storage Controller device driver for Linux v2.26.02.012.
[    4.820937] nsp32: loading...
[    4.821042] ipr: IBM Power RAID SCSI Device Driver version: 2.4.3 (June 10, 2009)
[    4.821192] RocketRAID 3xxx/4xxx Controller driver v1.6 (090910)
[    4.821305] stex: Promise SuperTrak EX Driver version: 4.6.0000.3
[    4.821438] st: Version 20081215, fixed bufsize 32768, s/g segs 256
[    4.821639] ahci 0000:00:1f.2: version 3.0
[    4.821653] ahci 0000:00:1f.2: PCI INT B -> GSI 16 (level, low) -> IRQ 16
[    4.821785] ahci 0000:00:1f.2: irq 29 for MSI/MSI-X
[    4.821843] ahci 0000:00:1f.2: AHCI 0001.0100 32 slots 3 ports 1.5 Gbps 0x5 impl SATA mode
[    4.821967] ahci 0000:00:1f.2: flags: 64bit ncq sntf pm led clo pio slum part ccc 
[    4.822093] ahci 0000:00:1f.2: setting latency timer to 64
[    4.822236] scsi2 : ahci
[    4.822399] scsi3 : ahci
[    4.822540] scsi4 : ahci
[    4.822732] ata1: SATA max UDMA/133 abar m2048@0xfe226000 port 0xfe226100 irq 29
[    4.822858] ata2: DUMMY
[    4.822947] ata3: SATA max UDMA/133 abar m2048@0xfe226000 port 0xfe226200 irq 29
[    4.823546] I2O subsystem v1.325
[    4.823641] i2o: max drivers = 8
[    4.823787] I2O Configuration OSM v1.323
[    4.823892] I2O Bus Adapter OSM v1.317
[    4.823993] I2O Block Device OSM v1.325
[    4.824144] I2O SCSI Peripheral OSM v1.316
[    4.824249] I2O ProcFS OSM v1.316
[    4.824353] Fusion MPT base driver 3.04.12
[    4.824440] Copyright (c) 1999-2008 LSI Corporation
[    4.824530] Fusion MPT SPI Host driver 3.04.12
[    4.824685] Fusion MPT FC Host driver 3.04.12
[    4.824798] Fusion MPT SAS Host driver 3.04.12
[    4.824952] ohci1394 0000:15:00.1: PCI INT B -> GSI 17 (level, low) -> IRQ 17
[    4.825048] ohci1394 0000:15:00.1: setting latency timer to 64
[    4.878665] ohci1394: fw-host0: OHCI-1394 1.1 (PCI): IRQ=[17]  MMIO=[f8301000-f83017ff]  Max Packet=[2048]  IR/IT contexts=[4/4]
[    4.881930] ehci_hcd: USB 2.0 'Enhanced' Host Controller (EHCI) Driver
[    4.882208] ehci_hcd 0000:00:1a.7: power state changed by ACPI to D0
[    4.882447] ehci_hcd 0000:00:1a.7: power state changed by ACPI to D0
[    4.882543] ehci_hcd 0000:00:1a.7: PCI INT C -> GSI 22 (level, low) -> IRQ 22
[    4.882646] ehci_hcd 0000:00:1a.7: setting latency timer to 64
[    4.882652] ehci_hcd 0000:00:1a.7: EHCI Host Controller
[    4.882790] ehci_hcd 0000:00:1a.7: new USB bus registered, assigned bus number 1
[    4.886820] ehci_hcd 0000:00:1a.7: cache line size of 32 is not supported
[    4.886827] ehci_hcd 0000:00:1a.7: irq 22, io mem 0xfe226c00
[    4.896627] ehci_hcd 0000:00:1a.7: USB 2.0 started, EHCI 1.00
[    4.896732] usb usb1: New USB device found, idVendor=1d6b, idProduct=0002
[    4.896823] usb usb1: New USB device strings: Mfr=3, Product=2, SerialNumber=1
[    4.896945] usb usb1: Product: EHCI Host Controller
[    4.897031] usb usb1: Manufacturer: Linux 2.6.32.57 ehci_hcd
[    4.897122] usb usb1: SerialNumber: 0000:00:1a.7
[    4.897262] usb usb1: configuration #1 chosen from 1 choice
[    4.897381] hub 1-0:1.0: USB hub found
[    4.897473] hub 1-0:1.0: 4 ports detected
[    4.897787] ehci_hcd 0000:00:1d.7: power state changed by ACPI to D0
[    4.898032] ehci_hcd 0000:00:1d.7: power state changed by ACPI to D0
[    4.898130] ehci_hcd 0000:00:1d.7: PCI INT D -> GSI 19 (level, low) -> IRQ 19
[    4.898225] ehci_hcd 0000:00:1d.7: setting latency timer to 64
[    4.898230] ehci_hcd 0000:00:1d.7: EHCI Host Controller
[    4.898356] ehci_hcd 0000:00:1d.7: new USB bus registered, assigned bus number 2
[    4.898507] ehci_hcd 0000:00:1d.7: debug port 1
[    4.902478] ehci_hcd 0000:00:1d.7: cache line size of 32 is not supported
[    4.902487] ehci_hcd 0000:00:1d.7: irq 19, io mem 0xfe227000
[    4.912626] ehci_hcd 0000:00:1d.7: USB 2.0 started, EHCI 1.00
[    4.912723] usb usb2: New USB device found, idVendor=1d6b, idProduct=0002
[    4.912818] usb usb2: New USB device strings: Mfr=3, Product=2, SerialNumber=1
[    4.912939] usb usb2: Product: EHCI Host Controller
[    4.913028] usb usb2: Manufacturer: Linux 2.6.32.57 ehci_hcd
[    4.913117] usb usb2: SerialNumber: 0000:00:1d.7
[    4.913255] usb usb2: configuration #1 chosen from 1 choice
[    4.913374] hub 2-0:1.0: USB hub found
[    4.913465] hub 2-0:1.0: 6 ports detected
[    4.913648] 116x: driver isp116x-hcd, 03 Nov 2005
[    4.913758] ohci_hcd: USB 1.1 'Open' Host Controller (OHCI) Driver
[    4.913871] uhci_hcd: USB Universal Host Controller Interface driver
[    4.913981] uhci_hcd 0000:00:1a.0: PCI INT A -> GSI 20 (level, low) -> IRQ 20
[    4.914082] uhci_hcd 0000:00:1a.0: setting latency timer to 64
[    4.914085] uhci_hcd 0000:00:1a.0: UHCI Host Controller
[    4.914214] uhci_hcd 0000:00:1a.0: new USB bus registered, assigned bus number 3
[    4.914363] uhci_hcd 0000:00:1a.0: irq 20, io base 0x00001860
[    4.914480] usb usb3: New USB device found, idVendor=1d6b, idProduct=0001
[    4.914569] usb usb3: New USB device strings: Mfr=3, Product=2, SerialNumber=1
[    4.914696] usb usb3: Product: UHCI Host Controller
[    4.914786] usb usb3: Manufacturer: Linux 2.6.32.57 uhci_hcd
[    4.914876] usb usb3: SerialNumber: 0000:00:1a.0
[    4.915015] usb usb3: configuration #1 chosen from 1 choice
[    4.915132] hub 3-0:1.0: USB hub found
[    4.915225] hub 3-0:1.0: 2 ports detected
[    4.915527] uhci_hcd 0000:00:1a.1: power state changed by ACPI to D0
[    4.915771] uhci_hcd 0000:00:1a.1: power state changed by ACPI to D0
[    4.915865] uhci_hcd 0000:00:1a.1: PCI INT B -> GSI 21 (level, low) -> IRQ 21
[    4.915961] uhci_hcd 0000:00:1a.1: setting latency timer to 64
[    4.915963] uhci_hcd 0000:00:1a.1: UHCI Host Controller
[    4.916091] uhci_hcd 0000:00:1a.1: new USB bus registered, assigned bus number 4
[    4.916242] uhci_hcd 0000:00:1a.1: irq 21, io base 0x00001880
[    4.916360] usb usb4: New USB device found, idVendor=1d6b, idProduct=0001
[    4.916452] usb usb4: New USB device strings: Mfr=3, Product=2, SerialNumber=1
[    4.916576] usb usb4: Product: UHCI Host Controller
[    4.916668] usb usb4: Manufacturer: Linux 2.6.32.57 uhci_hcd
[    4.916758] usb usb4: SerialNumber: 0000:00:1a.1
[    4.916894] usb usb4: configuration #1 chosen from 1 choice
[    4.917016] hub 4-0:1.0: USB hub found
[    4.917105] hub 4-0:1.0: 2 ports detected
[    4.917393] uhci_hcd 0000:00:1d.0: power state changed by ACPI to D0
[    4.917645] uhci_hcd 0000:00:1d.0: power state changed by ACPI to D0
[    4.917738] uhci_hcd 0000:00:1d.0: PCI INT A -> GSI 16 (level, low) -> IRQ 16
[    4.917834] uhci_hcd 0000:00:1d.0: setting latency timer to 64
[    4.917837] uhci_hcd 0000:00:1d.0: UHCI Host Controller
[    4.917968] uhci_hcd 0000:00:1d.0: new USB bus registered, assigned bus number 5
[    4.918116] uhci_hcd 0000:00:1d.0: irq 16, io base 0x000018a0
[    4.918237] usb usb5: New USB device found, idVendor=1d6b, idProduct=0001
[    4.918328] usb usb5: New USB device strings: Mfr=3, Product=2, SerialNumber=1
[    4.918449] usb usb5: Product: UHCI Host Controller
[    4.918539] usb usb5: Manufacturer: Linux 2.6.32.57 uhci_hcd
[    4.918635] usb usb5: SerialNumber: 0000:00:1d.0
[    4.918772] usb usb5: configuration #1 chosen from 1 choice
[    4.918891] hub 5-0:1.0: USB hub found
[    4.918983] hub 5-0:1.0: 2 ports detected
[    4.919127] uhci_hcd 0000:00:1d.1: PCI INT B -> GSI 17 (level, low) -> IRQ 17
[    4.919222] uhci_hcd 0000:00:1d.1: setting latency timer to 64
[    4.919227] uhci_hcd 0000:00:1d.1: UHCI Host Controller
[    4.919352] uhci_hcd 0000:00:1d.1: new USB bus registered, assigned bus number 6
[    4.919494] uhci_hcd 0000:00:1d.1: irq 17, io base 0x000018c0
[    4.919610] usb usb6: New USB device found, idVendor=1d6b, idProduct=0001
[    4.919710] usb usb6: New USB device strings: Mfr=3, Product=2, SerialNumber=1
[    4.919827] usb usb6: Product: UHCI Host Controller
[    4.919919] usb usb6: Manufacturer: Linux 2.6.32.57 uhci_hcd
[    4.920010] usb usb6: SerialNumber: 0000:00:1d.1
[    4.920145] usb usb6: configuration #1 chosen from 1 choice
[    4.920264] hub 6-0:1.0: USB hub found
[    4.920355] hub 6-0:1.0: 2 ports detected
[    4.920689] uhci_hcd 0000:00:1d.2: power state changed by ACPI to D0
[    4.920946] uhci_hcd 0000:00:1d.2: power state changed by ACPI to D0
[    4.921042] uhci_hcd 0000:00:1d.2: PCI INT C -> GSI 18 (level, low) -> IRQ 18
[    4.921142] uhci_hcd 0000:00:1d.2: setting latency timer to 64
[    4.921146] uhci_hcd 0000:00:1d.2: UHCI Host Controller
[    4.921277] uhci_hcd 0000:00:1d.2: new USB bus registered, assigned bus number 7
[    4.921431] uhci_hcd 0000:00:1d.2: irq 18, io base 0x000018e0
[    4.921544] usb usb7: New USB device found, idVendor=1d6b, idProduct=0001
[    4.921644] usb usb7: New USB device strings: Mfr=3, Product=2, SerialNumber=1
[    4.921764] usb usb7: Product: UHCI Host Controller
[    4.921852] usb usb7: Manufacturer: Linux 2.6.32.57 uhci_hcd
[    4.921942] usb usb7: SerialNumber: 0000:00:1d.2
[    4.922733] usb usb7: configuration #1 chosen from 1 choice
[    4.922851] hub 7-0:1.0: USB hub found
[    4.922944] hub 7-0:1.0: 2 ports detected
[    4.923109] sl811: driver sl811-hcd, 19 May 2005
[    4.923213] r8a66597_hcd: driver r8a66597_hcd, 2009-05-26
[    4.923384] Initializing USB Mass Storage driver...
[    4.923510] usbcore: registered new interface driver usb-storage
[    4.923604] USB Mass Storage support registered.
[    4.923717] usbcore: registered new interface driver ums-alauda
[    4.923826] usbcore: registered new interface driver ums-cypress
[    4.923939] usbcore: registered new interface driver ums-datafab
[    4.924048] usbcore: registered new interface driver ums-freecom
[    4.924158] usbcore: registered new interface driver ums-isd200
[    4.924267] usbcore: registered new interface driver ums-jumpshot
[    4.924379] usbcore: registered new interface driver ums-karma
[    4.924488] usbcore: registered new interface driver ums-onetouch
[    4.924598] usbcore: registered new interface driver ums-sddr09
[    4.924721] usbcore: registered new interface driver ums-sddr55
[    4.924828] usbcore: registered new interface driver ums-usbat
[    4.924975] PNP: PS/2 Controller [PNP0303:KBD,PNP0f13:MOU] at 0x60,0x64 irq 1,12
[    4.933461] serio: i8042 KBD port at 0x60,0x64 irq 1
[    4.933552] serio: i8042 AUX port at 0x60,0x64 irq 12
[    4.933796] mice: PS/2 mouse device common for all mice
[    4.933909] i2c /dev entries driver
[    4.934042] md: linear personality registered for level -1
[    4.934133] md: raid0 personality registered for level 0
[    4.934225] md: raid1 personality registered for level 1
[    4.934316] md: raid10 personality registered for level 10
[    4.934406] md: raid6 personality registered for level 6
[    4.934497] md: raid5 personality registered for level 5
[    4.934589] md: raid4 personality registered for level 4
[    4.934690] md: multipath personality registered for level -4
[    4.934888] device-mapper: ioctl: 4.15.0-ioctl (2009-04-01) initialised: dm-devel@redhat.com
[    4.935090] cpuidle: using governor ladder
[    4.935710] usbcore: registered new interface driver usbhid
[    4.935802] usbhid: v2.6:USB HID core driver
[    4.935945] random 0014 0000 0000 00000000 00000000: rand_read_num 4 get_random_bytes(136): sig 00000000 00000000 00000000
[    4.935948] random 0014 0000 0000 00000000 00000000: extract_entropy(.. 136 ..)
[    4.935950] random 0014 0000 0000 00000000 00000000: going to reseed nonblocking with 1024 bits (1088 of 0 requested)
[    4.935952] random 0014 0000 0000 00000000 00000000: extract_entropy(.. 128 ..)
[    4.935955] random 0014 0000 0000 00000000 00000000: trying to extract 1024 bits from input
[    4.935957] random 0014 0000 0000 00000000 00000000: debiting 0 entropy credits from input
[    4.935959] random 0014 0000 0000 00000000 00000000: extract_entropy account returned: 0 
[    4.935962] random 0014 0000 0000 00000000 00000000: urand_change_num 7 xfer_secondary_pool(136): pool_sig 00000000, data_sig 00000000, bytes_mixed 0 00000000 00000000
[    4.935965] random 0014 0000 0000 00000000 00000000: trying to extract 1088 bits from nonblocking
[    4.935967] random 0014 0000 0000 00000000 00000000: debiting 1088 entropy credits from nonblocking (unlimited)
[    4.935969] random 0014 0000 0000 00000000 00000000: extract_entropy account returned: 136 
[    4.935974] random 0014 0000 0000 00000000 00000000: urand_change_num 8 extract_buf: pool_sig 00000000, data_sig fffffff9, bytes_mixed 20 00000000 00000000
[    4.935979] random 0014 0000 0000 b7c35b56 be4dc95d: urand_change_num 9 extract_buf: pool_sig fffffd1e, data_sig 000000c5, bytes_mixed 20 b7c35b56 be4dc95d
[    4.935985] random 0014 0000 0000 ed9f5c47 c48487fb: urand_change_num 10 extract_buf: pool_sig fffff8ec, data_sig ffffff68, bytes_mixed 20 ed9f5c47 c48487fb
[    4.935990] random 0014 0000 0000 ed9f5c47 c48487fb: urand_change_num 11 extract_buf: pool_sig fffffaed, data_sig 000001aa, bytes_mixed 20 ed9f5c47 c48487fb
[    4.935995] random 0014 0000 0000 1b4f7c0a 91bd6a48: urand_change_num 12 extract_buf: pool_sig fffffdd8, data_sig 00000064, bytes_mixed 20 1b4f7c0a 91bd6a48
[    4.936000] random 0014 0000 0000 a254b9bc 20e9a24f: urand_change_num 13 extract_buf: pool_sig fffffbe6, data_sig 000001dd, bytes_mixed 20 a254b9bc 20e9a24f
[    4.936006] random 0014 0000 0000 a254b9bc 20e9a24f: urand_change_num 14 extract_buf: pool_sig fffff940, data_sig fffffe20, bytes_mixed 20 a254b9bc 20e9a24f
[    4.936011] random 0014 0000 0000 2831a66b 5fa2a3ad: urand_change_num 15 extract_buf: pool_sig fffffbce, data_sig 0000007e, bytes_mixed 20 2831a66b 5fa2a3ad
[    4.936016] random 0014 0000 0000 2831a66b 5fa2a3ad: urand_change_num 16 extract_buf: pool_sig 000004df, data_sig fffffe8f, bytes_mixed 20 2831a66b 5fa2a3ad
[    4.936021] random 0014 0000 0000 d4512bfd c9a54e0b: urand_change_num 17 extract_buf: pool_sig 00000485, data_sig fffffe68, bytes_mixed 20 d4512bfd c9a54e0b
[    4.936027] random 0014 0000 0000 c7371be6 f9ffea11: urand_change_num 18 extract_buf: pool_sig 00000095, data_sig ffffffed, bytes_mixed 20 c7371be6 f9ffea11
[    4.936032] random 0014 0000 0000 c7371be6 f9ffea11: urand_change_num 19 extract_buf: pool_sig 000003a7, data_sig fffffefa, bytes_mixed 20 c7371be6 f9ffea11
[    4.936037] random 0014 0000 0000 8fb4b62c d1ddba54: urand_change_num 20 extract_buf: pool_sig 00000179, data_sig ffffff78, bytes_mixed 20 8fb4b62c d1ddba54
[    4.936042] random 0014 0000 0000 9ff19f9c c07a1d2a: urand_change_num 21 extract_buf: pool_sig fffffe88, data_sig 00000126, bytes_mixed 20 9ff19f9c c07a1d2a
[    4.936046] TCP cubic registered
[    4.936135] Initializing XFRM netlink socket
[    4.936234] NET: Registered protocol family 17
[    4.936334] Using IPI Shortcut mode
[    4.936427] random 0014 0000 0000 9ff19f9c c07a1d2a: rand_read_num 5 get_random_bytes(8): sig 0000031b 9ff19f9c c07a1d2a
[    4.936429] random 0014 0000 0000 9ff19f9c c07a1d2a: extract_entropy(.. 8 ..)
[    4.936431] random 0014 0000 0000 9ff19f9c c07a1d2a: going to reseed nonblocking with 64 bits (64 of 0 requested)
[    4.936433] random 0014 0000 0000 9ff19f9c c07a1d2a: extract_entropy(.. 8 ..)
[    4.936436] random 0014 0000 0000 9ff19f9c c07a1d2a: trying to extract 64 bits from input
[    4.936438] random 0014 0000 0000 9ff19f9c c07a1d2a: debiting 0 entropy credits from input
[    4.936440] random 0014 0000 0000 9ff19f9c c07a1d2a: extract_entropy account returned: 0 
[    4.936443] random 0014 0000 0000 9ff19f9c c07a1d2a: urand_change_num 22 xfer_secondary_pool(8): pool_sig 0000031b, data_sig 00000000, bytes_mixed 0 9ff19f9c c07a1d2a
[    4.936446] random 0014 0000 0000 9ff19f9c c07a1d2a: trying to extract 64 bits from nonblocking
[    4.936448] random 0014 0000 0000 9ff19f9c c07a1d2a: debiting 64 entropy credits from nonblocking (unlimited)
[    4.936450] random 0014 0000 0000 9ff19f9c c07a1d2a: extract_entropy account returned: 8 
[    4.936454] random 0014 0000 0000 9ff19f9c c07a1d2a: urand_change_num 23 extract_buf: pool_sig 0000031b, data_sig ffffffb3, bytes_mixed 20 9ff19f9c c07a1d2a
[    4.938528] input: AT Translated Set 2 keyboard as /devices/platform/i8042/serio0/input/input1
[    5.128626] ata3: SATA link down (SStatus 0 SControl 300)
[    5.128738] ata1: SATA link up 1.5 Gbps (SStatus 113 SControl 300)
[    5.131481] ata1.00: ACPI cmd ef/02:00:00:00:00:a0 (SET FEATURES) succeeded
[    5.131484] ata1.00: ACPI cmd f5/00:00:00:00:00:a0 (SECURITY FREEZE LOCK) filtered out
[    5.132874] ata1.00: ACPI cmd ef/5f:00:00:00:00:a0 (SET FEATURES) succeeded
[    5.132877] ata1.00: ACPI cmd ef/10:03:00:00:00:a0 (SET FEATURES) filtered out
[    5.134784] ata1.00: ATA-7: ST910021AS, 4.06, max UDMA/100
[    5.134875] ata1.00: 195371568 sectors, multi 16: LBA48 
[    5.137023] ata1.00: ACPI cmd ef/02:00:00:00:00:a0 (SET FEATURES) succeeded
[    5.137026] ata1.00: ACPI cmd f5/00:00:00:00:00:a0 (SECURITY FREEZE LOCK) filtered out
[    5.138418] ata1.00: ACPI cmd ef/5f:00:00:00:00:a0 (SET FEATURES) succeeded
[    5.138420] ata1.00: ACPI cmd ef/10:03:00:00:00:a0 (SET FEATURES) filtered out
[    5.140346] ata1.00: configured for UDMA/100
[    5.150675] scsi 2:0:0:0: Direct-Access     ATA      ST910021AS       4.06 PQ: 0 ANSI: 5
[    5.150957] sd 2:0:0:0: [sda] 195371568 512-byte logical blocks: (100 GB/93.1 GiB)
[    5.151100] sd 2:0:0:0: [sda] Write Protect is off
[    5.151192] sd 2:0:0:0: [sda] Mode Sense: 00 3a 00 00
[    5.151204] sd 2:0:0:0: [sda] Write cache: enabled, read cache: enabled, doesn't support DPO or FUA
[    5.151392]  sda:
[    5.576274] random 0014 0000 0000 277f73c3 42024bb9: add_disk_randomness(8:0) 277f73c3 42024bb9
[    5.576358] random 0014 0000 0000 277f73c3 42024bb9: add_timer_randomness(.. 8388864) with jiffies: 7428022758769656208, cycles: 7428022754474983434
[    5.576361] random 0014 0000 0000 277f73c3 42024bb9: added 11 entropy credits to input
[    5.576366]  sda1 sda2
[    5.576699] random 0025 0000 0000 277f73c3 42024bb9: add_disk_randomness(8:0) 277f73c3 42024bb9
[    5.576702] random 0025 0000 0000 277f73c3 42024bb9: add_timer_randomness(.. 8388864) with jiffies: 7431107271137657233, cycles: 7431107266842984458
[    5.576855] sd 2:0:0:0: [sda] Attached SCSI disk
[    5.576948] random 0025 0000 0000 277f73c3 42024bb9: rand_read_num 6 get_random_bytes(12): sig 000007e9 277f73c3 42024bb9
[    5.576951] random 0025 0000 0000 277f73c3 42024bb9: extract_entropy(.. 12 ..)
[    5.576953] random 0025 0000 0000 277f73c3 42024bb9: going to reseed nonblocking with 96 bits (96 of 0 requested)
[    5.576956] random 0025 0000 0000 277f73c3 42024bb9: extract_entropy(.. 12 ..)
[    5.576958] random 0025 0000 0000 277f73c3 42024bb9: trying to extract 96 bits from input
[    5.576960] random 0025 0000 0000 277f73c3 42024bb9: debiting 0 entropy credits from input
[    5.576962] random 0025 0000 0000 277f73c3 42024bb9: extract_entropy account returned: 0 
[    5.576965] random 0025 0000 0000 277f73c3 42024bb9: urand_change_num 24 xfer_secondary_pool(12): pool_sig 000007e9, data_sig 00000000, bytes_mixed 0 277f73c3 42024bb9
[    5.576968] random 0025 0000 0000 277f73c3 42024bb9: trying to extract 96 bits from nonblocking
[    5.576971] random 0025 0000 0000 277f73c3 42024bb9: debiting 96 entropy credits from nonblocking (unlimited)
[    5.576973] random 0025 0000 0000 277f73c3 42024bb9: extract_entropy account returned: 12 
[    5.576977] random 0025 0000 0000 277f73c3 42024bb9: urand_change_num 25 extract_buf: pool_sig 000007e9, data_sig 00000088, bytes_mixed 20 277f73c3 42024bb9
[    5.576982] random 0025 0000 0000 277f73c3 42024bb9: urand_change_num 26 extract_buf: pool_sig 00000498, data_sig fffffefb, bytes_mixed 20 277f73c3 42024bb9
[    5.576985] RANDOM - __seed init called.
[    5.576986] RANDOM - __seed init called.
[    5.576987] RANDOM - __seed init called.
[    5.576989] RANDOM - __random32 called. Change num 12.  Value: 87f14767	f0d7351	b1e48bd3
[    5.576991] RANDOM - random32_reseed called.  Value: 87f14767	f0d7351	b1e48bd3
[    5.576994] Pid: 1, comm: swapper Not tainted 2.6.32.57 #6
[    5.577085] Call Trace:
[    5.577177]  [<c1923ca4>] ? random32_reseed+0xa0/0xb1
[    5.577261]  [<c1923c04>] ? random32_reseed+0x0/0xb1
[    5.577354]  [<c100111e>] ? do_one_initcall+0x2e/0x180
[    5.577440]  [<c1907265>] ? kernel_init+0xad/0x103
[    5.577533]  [<c19071b8>] ? kernel_init+0x0/0x103
[    5.577627]  [<c1003787>] ? kernel_thread_helper+0x7/0x10
[    5.578151] random 0025 0000 0000 386b4e60 ee4d4880: rand_read_num 7 get_random_bytes(64): sig fffffea5 386b4e60 ee4d4880
[    5.578153] random 0025 0000 0000 386b4e60 ee4d4880: extract_entropy(.. 64 ..)
[    5.578156] random 0025 0000 0000 386b4e60 ee4d4880: going to reseed nonblocking with 512 bits (512 of 0 requested)
[    5.578158] random 0025 0000 0000 386b4e60 ee4d4880: extract_entropy(.. 64 ..)
[    5.578160] random 0025 0000 0000 386b4e60 ee4d4880: trying to extract 512 bits from input
[    5.578162] random 0025 0000 0000 386b4e60 ee4d4880: debiting 0 entropy credits from input
[    5.578164] random 0025 0000 0000 386b4e60 ee4d4880: extract_entropy account returned: 0 
[    5.578168] random 0025 0000 0000 386b4e60 ee4d4880: urand_change_num 27 xfer_secondary_pool(64): pool_sig fffffea5, data_sig 00000000, bytes_mixed 0 386b4e60 ee4d4880
[    5.578171] random 0025 0000 0000 386b4e60 ee4d4880: trying to extract 512 bits from nonblocking
[    5.578173] random 0025 0000 0000 386b4e60 ee4d4880: debiting 512 entropy credits from nonblocking (unlimited)
[    5.578175] random 0025 0000 0000 386b4e60 ee4d4880: extract_entropy account returned: 64 
[    5.578179] random 0025 0000 0000 386b4e60 ee4d4880: urand_change_num 28 extract_buf: pool_sig fffffea5, data_sig 00000173, bytes_mixed 20 386b4e60 ee4d4880
[    5.578184] random 0025 0000 0000 412698f6 0cc8689a: urand_change_num 29 extract_buf: pool_sig 00000122, data_sig ffffff63, bytes_mixed 20 412698f6 0cc8689a
[    5.578190] random 0025 0000 0000 412698f6 0cc8689a: urand_change_num 30 extract_buf: pool_sig 000001f7, data_sig 00000012, bytes_mixed 20 412698f6 0cc8689a
[    5.578195] random 0025 0000 0000 9669941e 06f768b1: urand_change_num 31 extract_buf: pool_sig fffffb5b, data_sig 0000003f, bytes_mixed 20 9669941e 06f768b1
[    5.578200] random 0025 0000 0000 98486520 995551f0: urand_change_num 32 extract_buf: pool_sig fffffb39, data_sig 0000000e, bytes_mixed 20 98486520 995551f0
[    5.578206] random 0025 0000 0000 98486520 995551f0: urand_change_num 33 extract_buf: pool_sig fffffd8d, data_sig 000001a6, bytes_mixed 20 98486520 995551f0
[    5.578211] random 0025 0000 0000 61fc8914 d5882ed2: urand_change_num 34 extract_buf: pool_sig fffffa58, data_sig 0000023e, bytes_mixed 20 61fc8914 d5882ed2
[    5.578241] random 0025 0000 0000 61fc8914 d5882ed2: rand_read_num 8 get_random_bytes(64): sig fffff9ee 61fc8914 d5882ed2
[    5.578244] random 0025 0000 0000 61fc8914 d5882ed2: extract_entropy(.. 64 ..)
[    5.578246] random 0025 0000 0000 61fc8914 d5882ed2: going to reseed nonblocking with 512 bits (512 of 0 requested)
[    5.578248] random 0025 0000 0000 61fc8914 d5882ed2: extract_entropy(.. 64 ..)
[    5.578250] random 0025 0000 0000 61fc8914 d5882ed2: trying to extract 512 bits from input
[    5.578253] random 0025 0000 0000 61fc8914 d5882ed2: debiting 0 entropy credits from input
[    5.578255] random 0025 0000 0000 61fc8914 d5882ed2: extract_entropy account returned: 0 
[    5.578258] random 0025 0000 0000 61fc8914 d5882ed2: urand_change_num 35 xfer_secondary_pool(64): pool_sig fffff9ee, data_sig 00000000, bytes_mixed 0 61fc8914 d5882ed2
[    5.578261] random 0025 0000 0000 61fc8914 d5882ed2: trying to extract 512 bits from nonblocking
[    5.578263] random 0025 0000 0000 61fc8914 d5882ed2: debiting 512 entropy credits from nonblocking (unlimited)
[    5.578265] random 0025 0000 0000 61fc8914 d5882ed2: extract_entropy account returned: 64 
[    5.578269] random 0025 0000 0000 61fc8914 d5882ed2: urand_change_num 36 extract_buf: pool_sig fffff9ee, data_sig ffffff85, bytes_mixed 20 61fc8914 d5882ed2
[    5.578275] random 0025 0000 0000 70cfd302 e5edec11: urand_change_num 37 extract_buf: pool_sig fffffdc1, data_sig ffffffde, bytes_mixed 20 70cfd302 e5edec11
[    5.578280] random 0025 0000 0000 00dab838 eafd2b30: urand_change_num 38 extract_buf: pool_sig 000003da, data_sig ffffff61, bytes_mixed 20 00dab838 eafd2b30
[    5.578285] random 0025 0000 0000 00dab838 eafd2b30: urand_change_num 39 extract_buf: pool_sig 00000314, data_sig 00000121, bytes_mixed 20 00dab838 eafd2b30
[    5.578291] random 0025 0000 0000 5fcdf66a 6442b608: urand_change_num 40 extract_buf: pool_sig 0000028b, data_sig fffffefd, bytes_mixed 20 5fcdf66a 6442b608
[    5.578296] random 0025 0000 0000 61333f6b 8fae0f9b: urand_change_num 41 extract_buf: pool_sig 000000cb, data_sig 000000b3, bytes_mixed 20 61333f6b 8fae0f9b
[    5.578301] random 0025 0000 0000 61333f6b 8fae0f9b: urand_change_num 42 extract_buf: pool_sig fffffef8, data_sig 00000051, bytes_mixed 20 61333f6b 8fae0f9b
[    5.578304] BEGIN NET_SECRET:
[    5.578305] \xffffffe0
[    5.578306] \xffffffb6
[    5.578307] \x36
[    5.578307] \xffffffb5
[    5.578308] \xffffff94
[    5.578309] \xffffffb2
[    5.578310] \xffffffa8
[    5.578311] \xffffffda
[    5.578312] \x5b
[    5.578312] \x19
[    5.578313] \x18
[    5.578314] \x5c
[    5.578314] \x2b
[    5.578315] \x1
[    5.578316] \xffffff90
[    5.578317] \x19
[    5.578318] \x3c
[    5.578318] \xfffffff2
[    5.578319] \xffffff82
[    5.578320] \x2a
[    5.578321] \xffffffb3
[    5.578321] \xffffffa2
[    5.578322] \x3f
[    5.578323] \x5
[    5.578324] \x52
[    5.578325] \x77
[    5.578325] \x57
[    5.578326] \x79
[    5.578327] \x16
[    5.578327] \x43
[    5.578328] \xffffff84
[    5.578329] \xffffffc3
[    5.578330] \xffffffe9
[    5.578330] \x79
[    5.578331] \x50
[    5.578332] \xffffff8e
[    5.578333] \x3f
[    5.578334] \xfffffff3
[    5.578334] \x19
[    5.578335] \x2a
[    5.578336] \xfffffffd
[    5.578337] \xfffffffb
[    5.578337] \x62
[    5.578338] \x3c
[    5.578339] \xffffffac
[    5.578340] \x1c
[    5.578340] \x3b
[    5.578341] \x3b
[    5.578342] \x15
[    5.578343] \x27
[    5.578343] \xffffffa8
[    5.578344] \x22
[    5.578345] \xffffffc5
[    5.578346] \xffffff9a
[    5.578347] \x5
[    5.578347] \x6c
[    5.578348] \xffffffa8
[    5.578349] \x3a
[    5.578350] \x44
[    5.578350] \xffffffaf
[    5.578351] \x13
[    5.578352] \xffffffe0
[    5.578353] \xffffff9d
[    5.578353] \x22
[    5.578354] 
[    5.578355] END NET_SECRET
[    5.578358] random 0025 0000 0000 e7f555d9 e8ce5c3c: rand_read_num 9 get_random_bytes(4): sig 0000068c e7f555d9 e8ce5c3c
[    5.578360] random 0025 0000 0000 e7f555d9 e8ce5c3c: extract_entropy(.. 4 ..)
[    5.578362] random 0025 0000 0000 e7f555d9 e8ce5c3c: going to reseed nonblocking with 64 bits (32 of 0 requested)
[    5.578364] random 0025 0000 0000 e7f555d9 e8ce5c3c: extract_entropy(.. 8 ..)
[    5.578366] random 0025 0000 0000 e7f555d9 e8ce5c3c: trying to extract 64 bits from input
[    5.578369] random 0025 0000 0000 e7f555d9 e8ce5c3c: debiting 0 entropy credits from input
[    5.578371] random 0025 0000 0000 e7f555d9 e8ce5c3c: extract_entropy account returned: 0 
[    5.578374] random 0025 0000 0000 e7f555d9 e8ce5c3c: urand_change_num 43 xfer_secondary_pool(4): pool_sig 0000068c, data_sig 00000000, bytes_mixed 0 e7f555d9 e8ce5c3c
[    5.578377] random 0025 0000 0000 e7f555d9 e8ce5c3c: trying to extract 32 bits from nonblocking
[    5.578379] random 0025 0000 0000 e7f555d9 e8ce5c3c: debiting 32 entropy credits from nonblocking (unlimited)
[    5.578381] random 0025 0000 0000 e7f555d9 e8ce5c3c: extract_entropy account returned: 4 
[    5.578385] random 0025 0000 0000 e7f555d9 e8ce5c3c: urand_change_num 44 extract_buf: pool_sig 0000068c, data_sig fffffdcb, bytes_mixed 20 e7f555d9 e8ce5c3c
[    5.578396] md: Waiting for all devices to be available before autodetect
[    5.578489] md: If you don't use raid, use raid=noautodetect
[    5.578655] md: Autodetecting RAID arrays.
[    5.578742] md: Scanned 0 and added 0 devices.
[    5.578831] md: autorun ...
[    5.578914] md: ... autorun DONE.
[    5.596988] random 0025 0000 0000 e7f555d9 e8ce5c3c: add_disk_randomness(8:0) e7f555d9 e8ce5c3c
[    5.596991] random 0025 0000 0000 e7f555d9 e8ce5c3c: add_timer_randomness(.. 8388864) with jiffies: 7613648337609916837, cycles: 7613648333315244042
[    5.596994] random 0025 0000 0000 e7f555d9 e8ce5c3c: added 4 entropy credits to input
[    5.598108] random 0029 0000 0000 e7f555d9 e8ce5c3c: add_disk_randomness(8:0) e7f555d9 e8ce5c3c
[    5.598111] random 0029 0000 0000 e7f555d9 e8ce5c3c: add_timer_randomness(.. 8388864) with jiffies: 7623725164109988262, cycles: 7623725159815315466
[    5.605193] random 0029 0000 0000 e7f555d9 e8ce5c3c: add_disk_randomness(8:0) e7f555d9 e8ce5c3c
[    5.605196] random 0029 0000 0000 e7f555d9 e8ce5c3c: add_timer_randomness(.. 8388864) with jiffies: 7687466700735480237, cycles: 7687466696440807434
[    5.605198] random 0029 0000 0000 e7f555d9 e8ce5c3c: added 2 entropy credits to input
[    5.605203] EXT3-fs: sda2: couldn't mount because of unsupported optional features (240).
[    5.605430] random 0031 0000 0000 e7f555d9 e8ce5c3c: add_disk_randomness(8:0) e7f555d9 e8ce5c3c
[    5.605433] random 0031 0000 0000 e7f555d9 e8ce5c3c: add_timer_randomness(.. 8388864) with jiffies: 7689606109844963757, cycles: 7689606105550290954
[    5.605438] EXT2-fs: sda2: couldn't mount because of unsupported optional features (240).
[    5.605704] random 0031 0000 0000 e7f555d9 e8ce5c3c: add_disk_randomness(8:0) e7f555d9 e8ce5c3c
[    5.605708] random 0031 0000 0000 e7f555d9 e8ce5c3c: add_timer_randomness(.. 8388864) with jiffies: 7692064987211858350, cycles: 7692064982917185546
[    5.605840] random 0031 0000 0000 e7f555d9 e8ce5c3c: add_disk_randomness(8:0) e7f555d9 e8ce5c3c
[    5.605843] random 0031 0000 0000 e7f555d9 e8ce5c3c: add_timer_randomness(.. 8388864) with jiffies: 7693282116519035310, cycles: 7693282112224362506
[    5.605961] random 0031 0000 0000 e7f555d9 e8ce5c3c: add_disk_randomness(8:0) e7f555d9 e8ce5c3c
[    5.605964] random 0031 0000 0000 e7f555d9 e8ce5c3c: add_timer_randomness(.. 8388864) with jiffies: 7694372836348756398, cycles: 7694372832054083594
[    5.606076] random 0031 0000 0000 e7f555d9 e8ce5c3c: add_disk_randomness(8:0) e7f555d9 e8ce5c3c
[    5.606079] random 0031 0000 0000 e7f555d9 e8ce5c3c: add_timer_randomness(.. 8388864) with jiffies: 7695411874837004718, cycles: 7695411870542331914
[    5.606194] random 0031 0000 0000 e7f555d9 e8ce5c3c: add_disk_randomness(8:0) e7f555d9 e8ce5c3c
[    5.606197] random 0031 0000 0000 e7f555d9 e8ce5c3c: add_timer_randomness(.. 8388864) with jiffies: 7696475308739494318, cycles: 7696475304444821514
[    5.606301] random 0031 0000 0000 e7f555d9 e8ce5c3c: add_disk_randomness(8:0) e7f555d9 e8ce5c3c
[    5.606304] random 0031 0000 0000 e7f555d9 e8ce5c3c: add_timer_randomness(.. 8388864) with jiffies: 7697436870312690094, cycles: 7697436866018017290
[    5.606456] random 0031 0000 0000 e7f555d9 e8ce5c3c: add_disk_randomness(8:0) e7f555d9 e8ce5c3c
[    5.606459] random 0031 0000 0000 e7f555d9 e8ce5c3c: add_timer_randomness(.. 8388864) with jiffies: 7698835242944790958, cycles: 7698835238650118154
[    5.606579] random 0031 0000 0000 e7f555d9 e8ce5c3c: add_disk_randomness(8:0) e7f555d9 e8ce5c3c
[    5.606582] random 0031 0000 0000 e7f555d9 e8ce5c3c: add_timer_randomness(.. 8388864) with jiffies: 7699943821248528814, cycles: 7699943816953856010
[    5.606823] random 0031 0000 0000 e7f555d9 e8ce5c3c: rand_read_num 10 get_random_bytes(4): sig ffffff72 e7f555d9 e8ce5c3c
[    5.606825] random 0031 0000 0000 e7f555d9 e8ce5c3c: extract_entropy(.. 4 ..)
[    5.606828] random 0031 0000 0000 e7f555d9 e8ce5c3c: going to reseed nonblocking with 64 bits (32 of 0 requested)
[    5.606830] random 0031 0000 0000 e7f555d9 e8ce5c3c: extract_entropy(.. 8 ..)
[    5.606832] random 0031 0000 0000 e7f555d9 e8ce5c3c: trying to extract 64 bits from input
[    5.606834] random 0031 0000 0000 e7f555d9 e8ce5c3c: debiting 0 entropy credits from input
[    5.606836] random 0031 0000 0000 e7f555d9 e8ce5c3c: extract_entropy account returned: 0 
[    5.606839] random 0031 0000 0000 e7f555d9 e8ce5c3c: urand_change_num 45 xfer_secondary_pool(4): pool_sig ffffff72, data_sig 00000000, bytes_mixed 0 e7f555d9 e8ce5c3c
[    5.606842] random 0031 0000 0000 e7f555d9 e8ce5c3c: trying to extract 32 bits from nonblocking
[    5.606845] random 0031 0000 0000 e7f555d9 e8ce5c3c: debiting 32 entropy credits from nonblocking (unlimited)
[    5.606847] random 0031 0000 0000 e7f555d9 e8ce5c3c: extract_entropy account returned: 4 
[    5.606851] random 0031 0000 0000 e7f555d9 e8ce5c3c: urand_change_num 46 extract_buf: pool_sig ffffff72, data_sig ffffff72, bytes_mixed 20 e7f555d9 e8ce5c3c
[    5.611434] random 0031 0000 0000 91716c54 eeb6a1e7: add_disk_randomness(8:0) 91716c54 eeb6a1e7
[    5.611437] random 0031 0000 0000 91716c54 eeb6a1e7: add_timer_randomness(.. 8388864) with jiffies: 7743627272191181235, cycles: 7743627267896508426
[    5.611440] random 0031 0000 0000 91716c54 eeb6a1e7: added 2 entropy credits to input
[    5.629710] random 0033 0000 0000 91716c54 eeb6a1e7: add_disk_randomness(8:0) 91716c54 eeb6a1e7
[    5.629713] random 0033 0000 0000 91716c54 eeb6a1e7: add_timer_randomness(.. 8388864) with jiffies: 7908041313226555846, cycles: 7908041308931883018
[    5.629716] random 0033 0000 0000 91716c54 eeb6a1e7: added 3 entropy credits to input
[    5.634360] EXT4-fs (sda2): mounted filesystem with ordered data mode
[    5.634563] VFS: Mounted root (ext4 filesystem) readonly on device 8:2.
[    5.634671] Freeing unused kernel memory: 448k freed
[    5.654856] random 0036 0000 0000 91716c54 eeb6a1e7: add_disk_randomness(8:0) 91716c54 eeb6a1e7
[    5.654859] random 0036 0000 0000 91716c54 eeb6a1e7: add_timer_randomness(.. 8388864) with jiffies: 8134275666116575711, cycles: 8134275661821902858
[    5.654862] random 0036 0000 0000 91716c54 eeb6a1e7: added 2 entropy credits to input
[    5.655590] random 0038 0000 0000 91716c54 eeb6a1e7: add_disk_randomness(8:0) 91716c54 eeb6a1e7
[    5.655593] random 0038 0000 0000 91716c54 eeb6a1e7: add_timer_randomness(.. 8388864) with jiffies: 8140877481822093792, cycles: 8140877477527420938
[    5.660310] random 0038 0000 0000 91716c54 eeb6a1e7: add_disk_randomness(8:0) 91716c54 eeb6a1e7
[    5.660313] random 0038 0000 0000 91716c54 eeb6a1e7: add_timer_randomness(.. 8388864) with jiffies: 8183353952465289700, cycles: 8183353948170616842
[    5.660316] random 0038 0000 0000 91716c54 eeb6a1e7: added 1 entropy credits to input
[    5.668516] random 0039 0000 0000 91716c54 eeb6a1e7: add_disk_randomness(8:0) 91716c54 eeb6a1e7
[    5.668519] random 0039 0000 0000 91716c54 eeb6a1e7: add_timer_randomness(.. 8388864) with jiffies: 8257183770268631532, cycles: 8257183765973958666
[    5.671936] random 0039 0000 0000 91716c54 eeb6a1e7: add_disk_randomness(8:0) 91716c54 eeb6a1e7
[    5.671940] random 0039 0000 0000 91716c54 eeb6a1e7: add_timer_randomness(.. 8388864) with jiffies: 8287945623122706928, cycles: 8287945618828034058
[    5.671942] random 0039 0000 0000 91716c54 eeb6a1e7: added 2 entropy credits to input
[    5.680831] random 0041 0000 0000 91716c54 eeb6a1e7: add_disk_randomness(8:0) 91716c54 eeb6a1e7
[    5.680834] random 0041 0000 0000 91716c54 eeb6a1e7: add_timer_randomness(.. 8388864) with jiffies: 8367964441554944505, cycles: 8367964437260271626
[    5.680836] random 0041 0000 0000 91716c54 eeb6a1e7: added 2 entropy credits to input
[    5.685789] random 0043 0000 0000 91716c54 eeb6a1e7: add_disk_randomness(8:0) 91716c54 eeb6a1e7
[    5.685792] random 0043 0000 0000 91716c54 eeb6a1e7: add_timer_randomness(.. 8388864) with jiffies: 8412573509489492478, cycles: 8412573505194819594
[    5.685795] random 0043 0000 0000 91716c54 eeb6a1e7: added 2 entropy credits to input
[    5.693865] random 0045 0000 0000 91716c54 eeb6a1e7: add_disk_randomness(8:0) 91716c54 eeb6a1e7
[    5.693868] random 0045 0000 0000 91716c54 eeb6a1e7: add_timer_randomness(.. 8388864) with jiffies: 8485231342386905606, cycles: 8485231338092232714
[    5.693871] random 0045 0000 0000 91716c54 eeb6a1e7: added 1 entropy credits to input
[    5.693893] RANDOM get_random_int call with cycles 44925349203, jiffies 4294672902 and pid 1
[    5.693896] RANDOM get_random_int call with cycles 44925356154, jiffies 4294672902 and pid 1
[    5.693898] ASLR stack rand value: 7454720 after shift for pid: 1
[    5.693900] RANDOM get_random_int call with cycles 44925364397, jiffies 4294672902 and pid 1
[    5.705511] random 0046 0000 0000 91716c54 eeb6a1e7: add_disk_randomness(8:0) 91716c54 eeb6a1e7
[    5.705514] random 0046 0000 0000 91716c54 eeb6a1e7: add_timer_randomness(.. 8388864) with jiffies: 8590020766223532561, cycles: 8590020761928859658
[    5.705525] RANDOM get_random_int call with cycles 44949717152, jiffies 4294672913 and pid 1
[    5.705528] random 0046 0000 0000 91716c54 eeb6a1e7: rand_read_num 11 get_random_bytes(16): sig fffffcad 91716c54 eeb6a1e7
[    5.705530] random 0046 0000 0000 91716c54 eeb6a1e7: extract_entropy(.. 16 ..)
[    5.705533] random 0046 0000 0000 91716c54 eeb6a1e7: going to reseed nonblocking with 128 bits (128 of 0 requested)
[    5.705535] random 0046 0000 0000 91716c54 eeb6a1e7: extract_entropy(.. 16 ..)
[    5.705537] random 0046 0000 0000 91716c54 eeb6a1e7: trying to extract 128 bits from input
[    5.705539] random 0046 0000 0000 91716c54 eeb6a1e7: debiting 0 entropy credits from input
[    5.705541] random 0046 0000 0000 91716c54 eeb6a1e7: extract_entropy account returned: 0 
[    5.705545] random 0046 0000 0000 91716c54 eeb6a1e7: urand_change_num 47 xfer_secondary_pool(16): pool_sig fffffcad, data_sig 00000000, bytes_mixed 0 91716c54 eeb6a1e7
[    5.705548] random 0046 0000 0000 91716c54 eeb6a1e7: trying to extract 128 bits from nonblocking
[    5.705550] random 0046 0000 0000 91716c54 eeb6a1e7: debiting 128 entropy credits from nonblocking (unlimited)
[    5.705552] random 0046 0000 0000 91716c54 eeb6a1e7: extract_entropy account returned: 16 
[    5.705557] random 0046 0000 0000 91716c54 eeb6a1e7: urand_change_num 48 extract_buf: pool_sig fffffcad, data_sig ffffff19, bytes_mixed 20 91716c54 eeb6a1e7
[    5.705562] random 0046 0000 0000 fd637b06 6cf47bc1: urand_change_num 49 extract_buf: pool_sig fffffede, data_sig ffffffc1, bytes_mixed 20 fd637b06 6cf47bc1
[    5.706523] random 0046 0000 0000 fd637b06 6cf47bc1: add_disk_randomness(8:0) fd637b06 6cf47bc1
[    5.706526] random 0046 0000 0000 fd637b06 6cf47bc1: add_timer_randomness(.. 8388864) with jiffies: 8599124662371975698, cycles: 8599124658077302794
[    5.707718] random 0046 0000 0000 fd637b06 6cf47bc1: add_disk_randomness(8:0) fd637b06 6cf47bc1
[    5.707721] random 0046 0000 0000 fd637b06 6cf47bc1: add_timer_randomness(.. 8388864) with jiffies: 8609860671862702612, cycles: 8609860667568029706
[    5.708875] random 0046 0000 0000 fd637b06 6cf47bc1: add_disk_randomness(8:0) fd637b06 6cf47bc1
[    5.708878] random 0046 0000 0000 fd637b06 6cf47bc1: add_timer_randomness(.. 8388864) with jiffies: 8620274507266621973, cycles: 8620274502971949066
[    5.709756] random 0046 0000 0000 fd637b06 6cf47bc1: add_disk_randomness(8:0) fd637b06 6cf47bc1
[    5.709759] random 0046 0000 0000 fd637b06 6cf47bc1: add_timer_randomness(.. 8388864) with jiffies: 8628197403372782102, cycles: 8628197399078109194
[    5.709937] random 0046 0000 0000 fd637b06 6cf47bc1: add_disk_randomness(8:0) fd637b06 6cf47bc1
[    5.709940] random 0046 0000 0000 fd637b06 6cf47bc1: add_timer_randomness(.. 8388864) with jiffies: 8629832308443808278, cycles: 8629832304149135370
[    5.710157] random 0046 0000 0000 fd637b06 6cf47bc1: add_disk_randomness(8:0) fd637b06 6cf47bc1
[    5.710160] random 0046 0000 0000 fd637b06 6cf47bc1: add_timer_randomness(.. 8388864) with jiffies: 8631813516727910934, cycles: 8631813512433238026
[    5.720573] random 0046 0000 0000 fd637b06 6cf47bc1: add_disk_randomness(8:0) fd637b06 6cf47bc1
[    5.720576] random 0046 0000 0000 fd637b06 6cf47bc1: add_timer_randomness(.. 8388864) with jiffies: 8725525184821035552, cycles: 8725525180526362634
[    5.720581] random 0046 0000 0000 fd637b06 6cf47bc1: added 3 entropy credits to input
[    5.721012] random 0049 0000 0000 fd637b06 6cf47bc1: add_disk_randomness(8:0) fd637b06 6cf47bc1
[    5.721016] random 0049 0000 0000 fd637b06 6cf47bc1: add_timer_randomness(.. 8388864) with jiffies: 8729474342825198113, cycles: 8729474338530525194
[    5.730758] random 0049 0000 0000 fd637b06 6cf47bc1: add_disk_randomness(8:0) fd637b06 6cf47bc1
[    5.730761] random 0049 0000 0000 fd637b06 6cf47bc1: add_timer_randomness(.. 8388864) with jiffies: 8817152458040771115, cycles: 8817152453746098186
[    5.730764] random 0049 0000 0000 fd637b06 6cf47bc1: added 3 entropy credits to input
[    5.730816] RANDOM get_random_int call with cycles 45002692875, jiffies 4294672939 and pid 1
[    5.743400] random 0052 0000 0000 fd637b06 6cf47bc1: add_disk_randomness(8:0) fd637b06 6cf47bc1
[    5.743403] random 0052 0000 0000 fd637b06 6cf47bc1: add_timer_randomness(.. 8388864) with jiffies: 8930896102710542903, cycles: 8930896098415869962
[    5.743406] random 0052 0000 0000 fd637b06 6cf47bc1: added 1 entropy credits to input
[    5.756508] random 0053 0000 0000 fd637b06 6cf47bc1: add_disk_randomness(8:0) fd637b06 6cf47bc1
[    5.756511] random 0053 0000 0000 fd637b06 6cf47bc1: add_timer_randomness(.. 8388864) with jiffies: 9048832064957940292, cycles: 9048832060663267338
[    5.756647] random 0053 0000 0000 fd637b06 6cf47bc1: add_disk_randomness(8:0) fd637b06 6cf47bc1
[    5.756650] random 0053 0000 0000 fd637b06 6cf47bc1: add_timer_randomness(.. 8388864) with jiffies: 9050068448603505221, cycles: 9050068444308832266
[    5.758815] random 0053 0000 0000 fd637b06 6cf47bc1: add_disk_randomness(8:0) fd637b06 6cf47bc1
[    5.758818] random 0053 0000 0000 fd637b06 6cf47bc1: add_timer_randomness(.. 8388864) with jiffies: 9069569949474456135, cycles: 9069569945179783178
[    5.759058] random 0053 0000 0000 fd637b06 6cf47bc1: add_disk_randomness(8:0) fd637b06 6cf47bc1
[    5.759061] random 0053 0000 0000 fd637b06 6cf47bc1: add_timer_randomness(.. 8388864) with jiffies: 9071763835949122119, cycles: 9071763831654449162
[    5.759201] random 0053 0000 0000 fd637b06 6cf47bc1: add_disk_randomness(8:0) fd637b06 6cf47bc1
[    5.759204] random 0053 0000 0000 fd637b06 6cf47bc1: add_timer_randomness(.. 8388864) with jiffies: 9073051312525640263, cycles: 9073051308230967306
[    5.762365] random 0053 0000 0000 fd637b06 6cf47bc1: add_disk_randomness(8:0) fd637b06 6cf47bc1
[    5.762368] random 0053 0000 0000 fd637b06 6cf47bc1: add_timer_randomness(.. 8388864) with jiffies: 9101518261274247754, cycles: 9101518256979574794
[    5.762371] random 0053 0000 0000 fd637b06 6cf47bc1: added 1 entropy credits to input
[    5.764380] random 0054 0000 0000 fd637b06 6cf47bc1: add_disk_randomness(8:0) fd637b06 6cf47bc1
[    5.764383] random 0054 0000 0000 fd637b06 6cf47bc1: add_timer_randomness(.. 8388864) with jiffies: 9119651376974758476, cycles: 9119651372680085514
[    5.772205] random 0054 0000 0000 fd637b06 6cf47bc1: add_disk_randomness(8:0) fd637b06 6cf47bc1
[    5.772208] random 0054 0000 0000 fd637b06 6cf47bc1: add_timer_randomness(.. 8388864) with jiffies: 9190046595330835028, cycles: 9190046591036162058
[    5.772211] random 0054 0000 0000 fd637b06 6cf47bc1: added 2 entropy credits to input
[    5.772345] random 0056 0000 0000 fd637b06 6cf47bc1: add_disk_randomness(8:0) fd637b06 6cf47bc1
[    5.772348] random 0056 0000 0000 fd637b06 6cf47bc1: add_timer_randomness(.. 8388864) with jiffies: 9191306657131102804, cycles: 9191306652836429834
[    5.775906] random 0056 0000 0000 fd637b06 6cf47bc1: add_disk_randomness(8:0) fd637b06 6cf47bc1
[    5.775909] random 0056 0000 0000 fd637b06 6cf47bc1: add_timer_randomness(.. 8388864) with jiffies: 9223342547609027160, cycles: 9223342543314354186
[    5.775912] random 0056 0000 0000 fd637b06 6cf47bc1: added 2 entropy credits to input
[    5.780402] random 0058 0000 0000 fd637b06 6cf47bc1: add_disk_randomness(8:0) fd637b06 6cf47bc1
[    5.780405] random 0058 0000 0000 fd637b06 6cf47bc1: add_timer_randomness(.. 8388864) with jiffies: 9263797222527173212, cycles: -9182946855477051382
[    5.785981] random 0058 0000 0000 fd637b06 6cf47bc1: add_disk_randomness(8:0) fd637b06 6cf47bc1
[    5.785985] random 0058 0000 0000 fd637b06 6cf47bc1: add_timer_randomness(.. 8388864) with jiffies: 9313988553945612898, cycles: -9132755524058611702
[    5.785987] random 0058 0000 0000 fd637b06 6cf47bc1: added 1 entropy credits to input
[    5.792258] random 0059 0000 0000 fd637b06 6cf47bc1: add_disk_randomness(8:0) fd637b06 6cf47bc1
[    5.792261] random 0059 0000 0000 fd637b06 6cf47bc1: add_timer_randomness(.. 8388864) with jiffies: 9370462597884379752, cycles: -9076281480119844854
[    5.792273] random 0059 0000 0000 fd637b06 6cf47bc1: rand_read_num 12 get_random_bytes(16): sig 0000033b fd637b06 6cf47bc1
[    5.792275] random 0059 0000 0000 fd637b06 6cf47bc1: extract_entropy(.. 16 ..)
[    5.792278] random 0059 0000 0000 fd637b06 6cf47bc1: going to reseed nonblocking with 128 bits (128 of 0 requested)
[    5.792280] random 0059 0000 0000 fd637b06 6cf47bc1: extract_entropy(.. 16 ..)
[    5.792282] random 0059 0000 0000 fd637b06 6cf47bc1: trying to extract 128 bits from input
[    5.792284] random 0059 0000 0000 fd637b06 6cf47bc1: debiting 0 entropy credits from input
[    5.792286] random 0059 0000 0000 fd637b06 6cf47bc1: extract_entropy account returned: 0 
[    5.792289] random 0059 0000 0000 fd637b06 6cf47bc1: urand_change_num 50 xfer_secondary_pool(16): pool_sig 0000033b, data_sig 00000000, bytes_mixed 0 fd637b06 6cf47bc1
[    5.792292] random 0059 0000 0000 fd637b06 6cf47bc1: trying to extract 128 bits from nonblocking
[    5.792295] random 0059 0000 0000 fd637b06 6cf47bc1: debiting 128 entropy credits from nonblocking (unlimited)
[    5.792297] random 0059 0000 0000 fd637b06 6cf47bc1: extract_entropy account returned: 16 
[    5.792301] random 0059 0000 0000 fd637b06 6cf47bc1: urand_change_num 51 extract_buf: pool_sig 0000033b, data_sig 000000d8, bytes_mixed 20 fd637b06 6cf47bc1
[    5.792307] random 0059 0000 0000 0ec1f012 d4727ca8: urand_change_num 52 extract_buf: pool_sig fffffcf5, data_sig 00000016, bytes_mixed 20 0ec1f012 d4727ca8
[    5.799004] random 0059 0000 0000 45b1d0b1 845a73f7: add_disk_randomness(8:0) 45b1d0b1 845a73f7
[    5.799008] random 0059 0000 0000 45b1d0b1 845a73f7: add_timer_randomness(.. 8388864) with jiffies: 9431153853031219823, cycles: -9015590224973004790
[    5.806220] random 0059 0000 0000 45b1d0b1 845a73f7: add_disk_randomness(8:0) 45b1d0b1 845a73f7
[    5.806223] random 0059 0000 0000 45b1d0b1 845a73f7: add_timer_randomness(.. 8388864) with jiffies: 9496077072598794870, cycles: -8950667005405429750
[    5.815872] random 0059 0000 0000 45b1d0b1 845a73f7: add_disk_randomness(8:0) 45b1d0b1 845a73f7
[    5.815875] random 0059 0000 0000 45b1d0b1 845a73f7: add_timer_randomness(.. 8388864) with jiffies: 9582908898868429440, cycles: -8863835179135795190
[    5.815878] random 0059 0000 0000 45b1d0b1 845a73f7: added 1 entropy credits to input
[    5.831966] random 0060 0000 0000 45b1d0b1 845a73f7: add_disk_randomness(8:0) 45b1d0b1 845a73f7
[    5.831969] random 0060 0000 0000 45b1d0b1 845a73f7: add_timer_randomness(.. 8388864) with jiffies: 9727700578653143696, cycles: -8719043499351080950
[    5.831972] random 0060 0000 0000 45b1d0b1 845a73f7: added 1 entropy credits to input
[    5.835116] random 0061 0000 0000 45b1d0b1 845a73f7: add_disk_randomness(8:0) 45b1d0b1 845a73f7
[    5.835119] random 0061 0000 0000 45b1d0b1 845a73f7: add_timer_randomness(.. 8388864) with jiffies: 9756043780804018835, cycles: -8690700297200205814
[    5.835122] random 0061 0000 0000 45b1d0b1 845a73f7: added 1 entropy credits to input
[    5.849380] random 0062 0000 0000 45b1d0b1 845a73f7: add_disk_randomness(8:0) 45b1d0b1 845a73f7
[    5.849383] random 0062 0000 0000 45b1d0b1 845a73f7: add_timer_randomness(.. 8388864) with jiffies: 9884379374998487713, cycles: -8562364703005736950
[    5.849386] random 0062 0000 0000 45b1d0b1 845a73f7: added 3 entropy credits to input
[    5.854782] random 0065 0000 0000 45b1d0b1 845a73f7: add_disk_randomness(8:0) 45b1d0b1 845a73f7
[    5.854785] random 0065 0000 0000 45b1d0b1 845a73f7: add_timer_randomness(.. 8388864) with jiffies: 9932969667163030183, cycles: -8513774410841194486
[    5.854788] random 0065 0000 0000 45b1d0b1 845a73f7: added 2 entropy credits to input
[    5.859950] random 0067 0000 0000 45b1d0b1 845a73f7: add_disk_randomness(8:0) 45b1d0b1 845a73f7
[    5.859953] random 0067 0000 0000 45b1d0b1 845a73f7: add_timer_randomness(.. 8388864) with jiffies: 9979469933752058540, cycles: -8467274144252166134
[    5.872321] random 0067 0000 0000 45b1d0b1 845a73f7: add_disk_randomness(8:0) 45b1d0b1 845a73f7
[    5.872324] random 0067 0000 0000 45b1d0b1 845a73f7: add_timer_randomness(.. 8388864) with jiffies: 10090776704172393144, cycles: -8355967373831831542
[    5.872327] random 0067 0000 0000 45b1d0b1 845a73f7: added 2 entropy credits to input
[    5.885607] random 0069 0000 0000 45b1d0b1 845a73f7: add_disk_randomness(8:0) 45b1d0b1 845a73f7
[    5.885610] random 0069 0000 0000 45b1d0b1 845a73f7: add_timer_randomness(.. 8388864) with jiffies: 10210293819975107270, cycles: -8236450258029117430
[    5.885613] random 0069 0000 0000 45b1d0b1 845a73f7: added 1 entropy credits to input
[    5.901461] random 0070 0000 0000 45b1d0b1 845a73f7: add_disk_randomness(8:0) 45b1d0b1 845a73f7
[    5.901464] random 0070 0000 0000 45b1d0b1 845a73f7: add_timer_randomness(.. 8388864) with jiffies: 10352940142120633045, cycles: -8093803935883591670
[    5.911061] random 0070 0000 0000 45b1d0b1 845a73f7: add_disk_randomness(8:0) 45b1d0b1 845a73f7
[    5.911064] random 0070 0000 0000 45b1d0b1 845a73f7: add_timer_randomness(.. 8388864) with jiffies: 10439307600821191391, cycles: -8007436477183033334
[    5.911067] random 0070 0000 0000 45b1d0b1 845a73f7: added 2 entropy credits to input
[    5.918591] random 0072 0000 0000 45b1d0b1 845a73f7: add_disk_randomness(8:0) 45b1d0b1 845a73f7
[    5.918594] random 0072 0000 0000 45b1d0b1 845a73f7: add_timer_randomness(.. 8388864) with jiffies: 10507040914411324135, cycles: -7939703163592900598
[    5.918596] random 0072 0000 0000 45b1d0b1 845a73f7: added 1 entropy credits to input
[    5.928610] random 0073 0000 0000 45b1d0b1 845a73f7: add_disk_randomness(8:0) 45b1d0b1 845a73f7
[    5.928613] random 0073 0000 0000 45b1d0b1 845a73f7: add_timer_randomness(.. 8388864) with jiffies: 10597182957875331825, cycles: -7849561120128892918
[    5.928616] random 0073 0000 0000 45b1d0b1 845a73f7: added 1 entropy credits to input
[    5.933166] random 0074 0000 0000 45b1d0b1 845a73f7: add_disk_randomness(8:0) 45b1d0b1 845a73f7
[    5.933169] random 0074 0000 0000 45b1d0b1 845a73f7: add_timer_randomness(.. 8388864) with jiffies: 10638184979130712821, cycles: -7808559098873511926
[    5.933172] random 0074 0000 0000 45b1d0b1 845a73f7: added 2 entropy credits to input
[    5.940523] random 0076 0000 0000 45b1d0b1 845a73f7: add_disk_randomness(8:0) 45b1d0b1 845a73f7
[    5.940526] random 0076 0000 0000 45b1d0b1 845a73f7: add_timer_randomness(.. 8388864) with jiffies: 10704379667931693820, cycles: -7742364410072530934
[    5.940529] random 0076 0000 0000 45b1d0b1 845a73f7: added 1 entropy credits to input
[    5.945773] random 0077 0000 0000 45b1d0b1 845a73f7: add_disk_randomness(8:0) 45b1d0b1 845a73f7
[    5.945776] random 0077 0000 0000 45b1d0b1 845a73f7: add_timer_randomness(.. 8388864) with jiffies: 10751597425987388162, cycles: -7695146652016836598
[    5.952209] random 0077 0000 0000 45b1d0b1 845a73f7: add_disk_randomness(8:0) 45b1d0b1 845a73f7
[    5.952212] random 0077 0000 0000 45b1d0b1 845a73f7: add_timer_randomness(.. 8388864) with jiffies: 10809512006252200712, cycles: -7637232071752024054
[    5.957273] random 0077 0000 0000 45b1d0b1 845a73f7: add_disk_randomness(8:0) 45b1d0b1 845a73f7
[    5.957276] random 0077 0000 0000 45b1d0b1 845a73f7: add_timer_randomness(.. 8388864) with jiffies: 10855067891137217293, cycles: -7591676186867007478
[    5.963163] random 0077 0000 0000 45b1d0b1 845a73f7: add_disk_randomness(8:0) 45b1d0b1 845a73f7
[    5.963166] random 0077 0000 0000 45b1d0b1 845a73f7: add_timer_randomness(.. 8388864) with jiffies: 10908060524780159763, cycles: -7538683553224065014
[    5.972518] random 0077 0000 0000 45b1d0b1 845a73f7: add_disk_randomness(8:0) 45b1d0b1 845a73f7
[    5.972521] random 0077 0000 0000 45b1d0b1 845a73f7: add_timer_randomness(.. 8388864) with jiffies: 10992226881460994844, cycles: -7454517196543229942
[    5.972523] random 0077 0000 0000 45b1d0b1 845a73f7: added 1 entropy credits to input
[    5.977395] random 0078 0000 0000 45b1d0b1 845a73f7: add_disk_randomness(8:0) 45b1d0b1 845a73f7
[    5.977399] random 0078 0000 0000 45b1d0b1 845a73f7: add_timer_randomness(.. 8388864) with jiffies: 11036110563778986785, cycles: -7410633514225238006
[    5.977401] random 0078 0000 0000 45b1d0b1 845a73f7: added 2 entropy credits to input
[    5.984832] random 0080 0000 0000 45b1d0b1 845a73f7: add_disk_randomness(8:0) 45b1d0b1 845a73f7
[    5.984835] random 0080 0000 0000 45b1d0b1 845a73f7: add_timer_randomness(.. 8388864) with jiffies: 11103009219194618665, cycles: -7343734858809606134
[    5.984838] random 0080 0000 0000 45b1d0b1 845a73f7: added 1 entropy credits to input
[    5.991048] random 0081 0000 0000 45b1d0b1 845a73f7: add_disk_randomness(8:0) 45b1d0b1 845a73f7
[    5.991051] random 0081 0000 0000 45b1d0b1 845a73f7: add_timer_randomness(.. 8388864) with jiffies: 11158929873777165103, cycles: -7287814204227059702
[    5.991053] random 0081 0000 0000 45b1d0b1 845a73f7: added 1 entropy credits to input
[    5.996518] random 0082 0000 0000 45b1d0b1 845a73f7: add_disk_randomness(8:0) 45b1d0b1 845a73f7
[    5.996521] random 0082 0000 0000 45b1d0b1 845a73f7: add_timer_randomness(.. 8388864) with jiffies: 11208154996467794740, cycles: -7238589081536430070
[    6.005612] random 0082 0000 0000 45b1d0b1 845a73f7: add_disk_randomness(8:0) 45b1d0b1 845a73f7
[    6.005615] random 0082 0000 0000 45b1d0b1 845a73f7: add_timer_randomness(.. 8388864) with jiffies: 11289957901365117758, cycles: -7156786176639107062
[    6.005618] random 0082 0000 0000 45b1d0b1 845a73f7: added 2 entropy credits to input
[    6.013029] random 0084 0000 0000 45b1d0b1 845a73f7: add_disk_randomness(8:0) 45b1d0b1 845a73f7
[    6.013032] random 0084 0000 0000 45b1d0b1 845a73f7: add_timer_randomness(.. 8388864) with jiffies: 11356689022991434565, cycles: -7090055055012790262
[    6.013034] random 0084 0000 0000 45b1d0b1 845a73f7: added 1 entropy credits to input
[    6.022712] random 0085 0000 0000 45b1d0b1 845a73f7: add_disk_randomness(8:0) 45b1d0b1 845a73f7
[    6.022715] random 0085 0000 0000 45b1d0b1 845a73f7: add_timer_randomness(.. 8388864) with jiffies: 11443806039384490831, cycles: -7002938038619734006
[    6.022718] random 0085 0000 0000 45b1d0b1 845a73f7: added 1 entropy credits to input
[    6.033341] random 0086 0000 0000 45b1d0b1 845a73f7: add_disk_randomness(8:0) 45b1d0b1 845a73f7
[    6.033344] random 0086 0000 0000 45b1d0b1 845a73f7: add_timer_randomness(.. 8388864) with jiffies: 11539436995218211673, cycles: -6907307082786013174
[    6.045860] random 0086 0000 0000 45b1d0b1 845a73f7: add_disk_randomness(8:0) 45b1d0b1 845a73f7
[    6.045863] random 0086 0000 0000 45b1d0b1 845a73f7: add_timer_randomness(.. 8388864) with jiffies: 11652060559661826918, cycles: -6794683518342397942
[    6.045865] random 0086 0000 0000 45b1d0b1 845a73f7: added 1 entropy credits to input
[    6.047069] random 0087 0000 0000 45b1d0b1 845a73f7: add_disk_randomness(8:0) 45b1d0b1 845a73f7
[    6.047072] random 0087 0000 0000 45b1d0b1 845a73f7: add_timer_randomness(.. 8388864) with jiffies: 11662941872191144807, cycles: -6783802205813080054
[    6.051081] random 0087 0000 0000 45b1d0b1 845a73f7: add_disk_randomness(8:0) 45b1d0b1 845a73f7
[    6.051084] random 0087 0000 0000 45b1d0b1 845a73f7: add_timer_randomness(.. 8388864) with jiffies: 11699039758054032235, cycles: -6747704319950192630
[    6.051087] random 0087 0000 0000 45b1d0b1 845a73f7: added 1 entropy credits to input
[    6.060421] random 0088 0000 0000 45b1d0b1 845a73f7: add_disk_randomness(8:0) 45b1d0b1 845a73f7
[    6.060424] random 0088 0000 0000 45b1d0b1 845a73f7: add_timer_randomness(.. 8388864) with jiffies: 11783075466124690292, cycles: -6663668611879534582
[    6.060427] random 0088 0000 0000 45b1d0b1 845a73f7: added 1 entropy credits to input
[    6.060773] random 0089 0000 0000 45b1d0b1 845a73f7: add_disk_randomness(8:0) 45b1d0b1 845a73f7
[    6.060776] random 0089 0000 0000 45b1d0b1 845a73f7: add_timer_randomness(.. 8388864) with jiffies: 11786231365144118133, cycles: -6660512712860106742
[    6.076433] random 0089 0000 0000 45b1d0b1 845a73f7: add_disk_randomness(8:0) 45b1d0b1 845a73f7
[    6.076436] random 0089 0000 0000 45b1d0b1 845a73f7: add_timer_randomness(.. 8388864) with jiffies: 11927134725136417668, cycles: -6519609352867807222
[    6.076439] random 0089 0000 0000 45b1d0b1 845a73f7: added 3 entropy credits to input
[    6.078064] random 0092 0000 0000 45b1d0b1 845a73f7: add_disk_randomness(8:0) 45b1d0b1 845a73f7
[    6.078067] random 0092 0000 0000 45b1d0b1 845a73f7: add_timer_randomness(.. 8388864) with jiffies: 11941803434316628870, cycles: -6504940643687596022
[    6.078070] random 0092 0000 0000 45b1d0b1 845a73f7: added 1 entropy credits to input
[    6.078218] random 0093 0000 0000 45b1d0b1 845a73f7: add_disk_randomness(8:0) 45b1d0b1 845a73f7
[    6.078221] random 0093 0000 0000 45b1d0b1 845a73f7: add_timer_randomness(.. 8388864) with jiffies: 11943187599196914566, cycles: -6503556478807310326
[    6.089052] random 0093 0000 0000 45b1d0b1 845a73f7: add_disk_randomness(8:0) 45b1d0b1 845a73f7
[    6.089054] random 0093 0000 0000 45b1d0b1 845a73f7: add_timer_randomness(.. 8388864) with jiffies: 12040652793828836241, cycles: -6406091284175388662
[    6.089057] random 0093 0000 0000 45b1d0b1 845a73f7: added 3 entropy credits to input
[    6.089654] random 0096 0000 0000 45b1d0b1 845a73f7: add_disk_randomness(8:0) 45b1d0b1 845a73f7
[    6.089657] random 0096 0000 0000 45b1d0b1 845a73f7: add_timer_randomness(.. 8388864) with jiffies: 12046068421171577746, cycles: -6400675656832647158
[    6.094886] random 0096 0000 0000 45b1d0b1 845a73f7: add_disk_randomness(8:0) 45b1d0b1 845a73f7
[    6.094889] random 0096 0000 0000 45b1d0b1 845a73f7: add_timer_randomness(.. 8388864) with jiffies: 12093138939158430615, cycles: -6353605138845794294
[    6.094891] random 0096 0000 0000 45b1d0b1 845a73f7: added 2 entropy credits to input
[    6.096638] random 0098 0000 0000 45b1d0b1 845a73f7: add_disk_randomness(8:0) 45b1d0b1 845a73f7
[    6.096641] random 0098 0000 0000 45b1d0b1 845a73f7: add_timer_randomness(.. 8388864) with jiffies: 12108903461999575961, cycles: -6337840616004648950
[    6.096644] random 0098 0000 0000 45b1d0b1 845a73f7: added 1 entropy credits to input
[    6.106869] random 0099 0000 0000 45b1d0b1 845a73f7: add_disk_randomness(8:0) 45b1d0b1 845a73f7
[    6.106872] random 0099 0000 0000 45b1d0b1 845a73f7: add_timer_randomness(.. 8388864) with jiffies: 12200952621266863011, cycles: -6245791456737361910
[    6.106875] random 0099 0000 0000 45b1d0b1 845a73f7: added 3 entropy credits to input
[    6.120807] random 0102 0000 0000 45b1d0b1 845a73f7: add_disk_randomness(8:0) 45b1d0b1 845a73f7
[    6.120810] random 0102 0000 0000 45b1d0b1 845a73f7: add_timer_randomness(.. 8388864) with jiffies: 12326344363272274865, cycles: -6120399714731950070
[    6.120812] random 0102 0000 0000 45b1d0b1 845a73f7: added 2 entropy credits to input
