[    0.000000] random 0000 0000 0000 00000000 00000000: rand_read_num 1 get_random_bytes(8): sig 00000000 00000000 00000000
[    0.000000] random 0000 0000 0000 00000000 00000000: extract_entropy(.. 8 ..)
[    0.000000] random 0000 0000 0000 00000000 00000000: going to reseed nonblocking with 64 bits (64 of 0 requested)
[    0.000000] random 0000 0000 0000 00000000 00000000: extract_entropy(.. 8 ..)
[    0.000000] random 0000 0000 0000 00000000 00000000: trying to extract 64 bits from input
[    0.000000] random 0000 0000 0000 00000000 00000000: debiting 0 entropy credits from input
[    0.000000] random 0000 0000 0000 00000000 00000000: extract_entropy account returned: 0 
[    0.000000] random 0000 0000 0000 00000000 00000000: urand_change_num 1 xfer_secondary_pool(8): pool_sig 00000000, data_sig 00000000, bytes_mixed 0 00000000 00000000
[    0.000000] random 0000 0000 0000 00000000 00000000: trying to extract 64 bits from nonblocking
[    0.000000] random 0000 0000 0000 00000000 00000000: debiting 64 entropy credits from nonblocking (unlimited)
[    0.000000] random 0000 0000 0000 00000000 00000000: extract_entropy account returned: 8 
[    0.000000] random 0000 0000 0000 00000000 00000000: urand_change_num 2 extract_buf: pool_sig 00000000, data_sig fffffff9, bytes_mixed 20 00000000 00000000
[    0.000000] Linux version 2.6.32.57 (dcashman@dcashman-02) (gcc version 4.3.3 (GCC) ) #6 Thu May 30 09:02:12 PDT 2013
[    0.000000] KERNEL supported cpus:
[    0.000000]   Intel GenuineIntel
[    0.000000]   AMD AuthenticAMD
[    0.000000]   NSC Geode by NSC
[    0.000000]   Cyrix CyrixInstead
[    0.000000]   Centaur CentaurHauls
[    0.000000]   Transmeta GenuineTMx86
[    0.000000]   Transmeta TransmetaCPU
[    0.000000]   UMC UMC UMC UMC
[    0.000000] BIOS-provided physical RAM map:
[    0.000000]  BIOS-e820: 0000000000000000 - 000000000009d800 (usable)
[    0.000000]  BIOS-e820: 000000000009d800 - 00000000000a0000 (reserved)
[    0.000000]  BIOS-e820: 00000000000d2000 - 00000000000d4000 (reserved)
[    0.000000]  BIOS-e820: 00000000000e0000 - 0000000000100000 (reserved)
[    0.000000]  BIOS-e820: 0000000000100000 - 000000003d6b0000 (usable)
[    0.000000]  BIOS-e820: 000000003d6b0000 - 000000003d6cc000 (ACPI data)
[    0.000000]  BIOS-e820: 000000003d6cc000 - 000000003d700000 (ACPI NVS)
[    0.000000]  BIOS-e820: 000000003d700000 - 000000003e000000 (reserved)
[    0.000000]  BIOS-e820: 00000000f0000000 - 00000000f4000000 (reserved)
[    0.000000]  BIOS-e820: 00000000fec00000 - 00000000fec10000 (reserved)
[    0.000000]  BIOS-e820: 00000000fed00000 - 00000000fed00400 (reserved)
[    0.000000]  BIOS-e820: 00000000fed14000 - 00000000fed1a000 (reserved)
[    0.000000]  BIOS-e820: 00000000fed1c000 - 00000000fed90000 (reserved)
[    0.000000]  BIOS-e820: 00000000fee00000 - 00000000fee01000 (reserved)
[    0.000000]  BIOS-e820: 00000000ff000000 - 0000000100000000 (reserved)
[    0.000000] DMI present.
[    0.000000] last_pfn = 0x3d6b0 max_arch_pfn = 0x100000
[    0.000000] MTRR default type: uncachable
[    0.000000] MTRR fixed ranges enabled:
[    0.000000]   00000-9FFFF write-back
[    0.000000]   A0000-BFFFF uncachable
[    0.000000]   C0000-CFFFF write-protect
[    0.000000]   D0000-DFFFF uncachable
[    0.000000]   E0000-FFFFF write-protect
[    0.000000] MTRR variable ranges enabled:
[    0.000000]   0 base 03E000000 mask FFE000000 uncachable
[    0.000000]   1 base 000000000 mask FC0000000 write-back
[    0.000000]   2 base 03D700000 mask FFFF00000 uncachable
[    0.000000]   3 base 03D800000 mask FFF800000 uncachable
[    0.000000]   4 disabled
[    0.000000]   5 disabled
[    0.000000]   6 disabled
[    0.000000]   7 disabled
[    0.000000] initial memory mapped : 0 - 02000000
[    0.000000] init_memory_mapping: 0000000000000000-00000000377fe000
[    0.000000]  0000000000 - 0000400000 page 4k
[    0.000000]  0000400000 - 0037400000 page 2M
[    0.000000]  0037400000 - 00377fe000 page 4k
[    0.000000] kernel direct mapping tables up to 377fe000 @ 7000-c000
[    0.000000] ACPI: RSDP 000f68d0 00024 (v02 LENOVO)
[    0.000000] ACPI: XSDT 3d6bb77f 00094 (v01 LENOVO TP-7L    00002170  LTP 00000000)
[    0.000000] ACPI: FACP 3d6bb900 000F4 (v03 LENOVO TP-7L    00002170 LNVO 00000001)
[    0.000000] ACPI Warning: 32/64X length mismatch in Gpe1Block: 0/32 (20090903/tbfadt-526)
[    0.000000] ACPI Warning: Optional field Gpe1Block has zero address or length: 000000000000102C/0 (20090903/tbfadt-557)
[    0.000000] ACPI: DSDT 3d6bbd1d 0FED1 (v01 LENOVO TP-7L    00002170 MSFT 03000000)
[    0.000000] ACPI: FACS 3d6e4000 00040
[    0.000000] ACPI: SSDT 3d6bbab4 00269 (v01 LENOVO TP-7L    00002170 MSFT 03000000)
[    0.000000] ACPI: ECDT 3d6cbbee 00052 (v01 LENOVO TP-7L    00002170 LNVO 00000001)
[    0.000000] ACPI: TCPA 3d6cbc40 00032 (v02 LENOVO TP-7L    00002170 LNVO 00000001)
[    0.000000] ACPI: APIC 3d6cbc72 00068 (v01 LENOVO TP-7L    00002170 LNVO 00000001)
[    0.000000] ACPI: MCFG 3d6cbcda 0003C (v01 LENOVO TP-7L    00002170 LNVO 00000001)
[    0.000000] ACPI: HPET 3d6cbd16 00038 (v01 LENOVO TP-7L    00002170 LNVO 00000001)
[    0.000000] ACPI: SLIC 3d6cbdf0 00176 (v01 LENOVO TP-7L    00002170  LTP 00000000)
[    0.000000] ACPI: BOOT 3d6cbf66 00028 (v01 LENOVO TP-7L    00002170  LTP 00000001)
[    0.000000] ACPI: ASF! 3d6cbf8e 00072 (v16 LENOVO TP-7L    00002170 PTL  00000001)
[    0.000000] ACPI: SSDT 3d6e26d9 0025F (v01 LENOVO TP-7L    00002170 INTL 20050513)
[    0.000000] ACPI: SSDT 3d6e2938 000A6 (v01 LENOVO TP-7L    00002170 INTL 20050513)
[    0.000000] ACPI: SSDT 3d6e29de 004F7 (v01 LENOVO TP-7L    00002170 INTL 20050513)
[    0.000000] ACPI: SSDT 3d6e2ed5 001D8 (v01 LENOVO TP-7L    00002170 INTL 20050513)
[    0.000000] ACPI: DMI detected: Lenovo ThinkPad R61
[    0.000000] ACPI: Added _OSI(Linux)
[    0.000000] ACPI: Local APIC address 0xfee00000
[    0.000000] 94MB HIGHMEM available.
[    0.000000] 887MB LOWMEM available.
[    0.000000]   mapped low ram: 0 - 377fe000
[    0.000000]   low ram: 0 - 377fe000
[    0.000000]   node 0 low ram: 00000000 - 377fe000
[    0.000000]   node 0 bootmap 00008000 - 0000ef00
[    0.000000] (6 early reservations) ==> bootmem [0000000000 - 00377fe000]
[    0.000000]   #0 [0000000000 - 0000001000]   BIOS data page ==> [0000000000 - 0000001000]
[    0.000000]   #1 [0001000000 - 0001bdc180]    TEXT DATA BSS ==> [0001000000 - 0001bdc180]
[    0.000000]   #2 [000009d800 - 0000100000]    BIOS reserved ==> [000009d800 - 0000100000]
[    0.000000]   #3 [0001bdd000 - 0001be516c]              BRK ==> [0001bdd000 - 0001be516c]
[    0.000000]   #4 [0000007000 - 0000008000]          PGTABLE ==> [0000007000 - 0000008000]
[    0.000000]   #5 [0000008000 - 000000f000]          BOOTMAP ==> [0000008000 - 000000f000]
[    0.000000] found SMP MP-table at [c00f6900] f6900
[    0.000000] Zone PFN ranges:
[    0.000000]   DMA      0x00000000 -> 0x00001000
[    0.000000]   Normal   0x00001000 -> 0x000377fe
[    0.000000]   HighMem  0x000377fe -> 0x0003d6b0
[    0.000000] Movable zone start PFN for each node
[    0.000000] early_node_map[2] active PFN ranges
[    0.000000]     0: 0x00000000 -> 0x0000009d
[    0.000000]     0: 0x00000100 -> 0x0003d6b0
[    0.000000] On node 0 totalpages: 251469
[    0.000000] free_area_init_node: node 0, pgdat c1901ea0, node_mem_map c1be7000
[    0.000000]   DMA zone: 32 pages used for memmap
[    0.000000]   DMA zone: 0 pages reserved
[    0.000000]   DMA zone: 3965 pages, LIFO batch:0
[    0.000000]   Normal zone: 1744 pages used for memmap
[    0.000000]   Normal zone: 221486 pages, LIFO batch:31
[    0.000000]   HighMem zone: 190 pages used for memmap
[    0.000000]   HighMem zone: 24052 pages, LIFO batch:3
[    0.000000] Using APIC driver default
[    0.000000] ACPI: PM-Timer IO Port: 0x1008
[    0.000000] ACPI: Local APIC address 0xfee00000
[    0.000000] ACPI: LAPIC (acpi_id[0x00] lapic_id[0x00] enabled)
[    0.000000] ACPI: LAPIC (acpi_id[0x01] lapic_id[0x01] enabled)
[    0.000000] ACPI: NR_CPUS/possible_cpus limit of 1 reached.  Processor 1/0x1 ignored.
[    0.000000] ACPI: LAPIC_NMI (acpi_id[0x00] high edge lint[0x1])
[    0.000000] ACPI: LAPIC_NMI (acpi_id[0x01] high edge lint[0x1])
[    0.000000] ACPI: IOAPIC (id[0x01] address[0xfec00000] gsi_base[0])
[    0.000000] IOAPIC[0]: apic_id 1, version 32, address 0xfec00000, GSI 0-23
[    0.000000] ACPI: INT_SRC_OVR (bus 0 bus_irq 0 global_irq 2 dfl dfl)
[    0.000000] ACPI: INT_SRC_OVR (bus 0 bus_irq 9 global_irq 9 high level)
[    0.000000] ACPI: IRQ0 used by override.
[    0.000000] ACPI: IRQ2 used by override.
[    0.000000] ACPI: IRQ9 used by override.
[    0.000000] Using ACPI (MADT) for SMP configuration information
[    0.000000] ACPI: HPET id: 0x8086a201 base: 0xfed00000
[    0.000000] nr_irqs_gsi: 24
[    0.000000] PM: Registered nosave memory: 000000000009d000 - 000000000009e000
[    0.000000] PM: Registered nosave memory: 000000000009e000 - 00000000000a0000
[    0.000000] PM: Registered nosave memory: 00000000000a0000 - 00000000000d2000
[    0.000000] PM: Registered nosave memory: 00000000000d2000 - 00000000000d4000
[    0.000000] PM: Registered nosave memory: 00000000000d4000 - 00000000000e0000
[    0.000000] PM: Registered nosave memory: 00000000000e0000 - 0000000000100000
[    0.000000] Allocating PCI resources starting at 3e000000 (gap: 3e000000:b2000000)
[    0.000000] Built 1 zonelists in Zone order, mobility grouping on.  Total pages: 249503
[    0.000000] Kernel command line: auto BOOT_IMAGE=Linux ro root=802 vt.default_utf8=0 maxcpus=0
[    0.000000] PID hash table entries: 4096 (order: 2, 16384 bytes)
[    0.000000] Dentry cache hash table entries: 131072 (order: 7, 524288 bytes)
[    0.000000] Inode-cache hash table entries: 65536 (order: 6, 262144 bytes)
[    0.000000] Enabling fast FPU save and restore... done.
[    0.000000] Enabling unmasked SIMD FPU exception support... done.
[    0.000000] Initializing CPU#0
[    0.000000] Initializing HighMem for node 0 (000377fe:0003d6b0)
[    0.000000] Memory: 984800k/1006272k available (6915k kernel code, 20876k reserved, 2327k data, 448k init, 96968k highmem)
[    0.000000] virtual kernel memory layout:
[    0.000000]     fixmap  : 0xfffa3000 - 0xfffff000   ( 368 kB)
[    0.000000]     pkmap   : 0xff800000 - 0xffc00000   (4096 kB)
[    0.000000]     vmalloc : 0xf7ffe000 - 0xff7fe000   ( 120 MB)
[    0.000000]     lowmem  : 0xc0000000 - 0xf77fe000   ( 887 MB)
[    0.000000]       .init : 0xc1907000 - 0xc1977000   ( 448 kB)
[    0.000000]       .data : 0xc16c0d3f - 0xc1906c64   (2327 kB)
[    0.000000]       .text : 0xc1000000 - 0xc16c0d3f   (6915 kB)
[    0.000000] Checking if this processor honours the WP bit even in supervisor mode...Ok.
[    0.000000] SLUB: Genslabs=13, HWalign=64, Order=0-3, MinObjects=0, CPUs=1, Nodes=1
[    0.000000] Hierarchical RCU implementation.
[    0.000000] NR_IRQS:288
[    0.000000] Extended CMOS year: 2000
[    0.000000] Console: colour VGA+ 80x25
[    0.000000] console [tty0] enabled
[    0.000000] hpet clockevent registered
[    0.000000] Fast TSC calibration failed
[    0.000000] TSC: PIT calibration matches HPET. 1 loops
[    0.000000] Detected 2094.827 MHz processor.
[    0.002002] Calibrating delay loop (skipped), value calculated using timer frequency.. 4189.65 BogoMIPS (lpj=2094827)
[    0.002172] Security Framework initialized
[    0.002257] Mount-cache hash table entries: 512
[    0.003070] CPU: L1 I cache: 32K, L1 D cache: 32K
[    0.003199] CPU: L2 cache: 3072K
[    0.003280] mce: CPU supports 6 MCE banks
[    0.003365] CPU0: Thermal monitoring enabled (TM2)
[    0.003448] using mwait in idle threads.
[    0.003531] CPU: Intel(R) Core(TM)2 Duo CPU     T8100  @ 2.10GHz stepping 06
[    0.003711] Checking 'hlt' instruction... OK.
[    0.007939] ACPI: Core revision 20090903
[    0.027013] RANDOM get_random_int first call with cycles 32581849702, jiffies 4294667323 and pid 0
[    0.027021] CANARY value: ef8bb2a5 for PID: 1
[    0.027028] CANARY value: ea8c6ec for PID: 2
[    0.027051] Enabling APIC mode:  Flat.  Using 1 I/O APICs
[    0.028205] ..TIMER: vector=0x30 apic1=0 pin1=2 apic2=-1 pin2=-1
[    0.038997] xor: automatically using best checksumming function: pIII_sse
[    0.042998]    pIII_sse  :  8568.000 MB/sec
[    0.043085] xor: using function: pIII_sse (8568.000 MB/sec)
[    0.043176] RANDOM - __seed init called.
[    0.043177] RANDOM - __seed init called.
[    0.043178] RANDOM - __seed init called.
[    0.043180] RANDOM - __random32 called. Change num 1.  Value: 870e7b8	f6ea009	16c0ad5a
[    0.043181] RANDOM - __random32 called. Change num 2.  Value: e7b8290	f6ea0099	5ab418b8
[    0.043183] RANDOM - __random32 called. Change num 3.  Value: b8290fc5	6ea00996	3171e29b
[    0.043185] RANDOM - __random32 called. Change num 4.  Value: 90fc533a	ea00996a	c5375fde
[    0.043187] RANDOM - __random32 called. Change num 5.  Value: c533a353	a00996a1	bfbd91b4
[    0.043188] RANDOM - __random32 called. Change num 6.  Value: 3a35362b	996a10	23684a23
[    0.043190] RANDOM - random32 init called.  Value: 3a35362b	996a10	23684a23
[    0.043207] NET: Registered protocol family 16
[    0.043472] ACPI FADT declares the system doesn't support PCIe ASPM, so disable it
[    0.043603] ACPI: bus type pci registered
[    0.043771] PCI: MCFG configuration 0: base f0000000 segment 0 buses 0 - 63
[    0.043863] PCI: MCFG area at f0000000 reserved in E820
[    0.043958] PCI: Using MMCONFIG for extended config space
[    0.044002] PCI: Using configuration type 1 for base access
[    0.047158] bio: create slab <bio-0> at 0
[    0.047963] ACPI: EC: EC description table is found, configuring boot EC
[    0.053141] ACPI: BIOS _OSI(Linux) query honored via DMI
[    0.053869] random 0000 0000 0000 00000000 00000000: rand_read_num 2 get_random_bytes(8): sig fffffe1a 00000000 00000000
[    0.053871] random 0000 0000 0000 00000000 00000000: extract_entropy(.. 8 ..)
[    0.053874] random 0000 0000 0000 00000000 00000000: going to reseed nonblocking with 64 bits (64 of 0 requested)
[    0.053876] random 0000 0000 0000 00000000 00000000: extract_entropy(.. 8 ..)
[    0.053878] random 0000 0000 0000 00000000 00000000: trying to extract 64 bits from input
[    0.053881] random 0000 0000 0000 00000000 00000000: debiting 0 entropy credits from input
[    0.053883] random 0000 0000 0000 00000000 00000000: extract_entropy account returned: 0 
[    0.053912] random 0000 0000 0000 00000000 00000000: urand_change_num 3 xfer_secondary_pool(8): pool_sig fffffe1a, data_sig 00000000, bytes_mixed 0 00000000 00000000
[    0.053915] random 0000 0000 0000 00000000 00000000: trying to extract 64 bits from nonblocking
[    0.053918] random 0000 0000 0000 00000000 00000000: debiting 64 entropy credits from nonblocking (unlimited)
[    0.053920] random 0000 0000 0000 00000000 00000000: extract_entropy account returned: 8 
[    0.053924] random 0000 0000 0000 00000000 00000000: urand_change_num 4 extract_buf: pool_sig fffffe1a, data_sig fffffed7, bytes_mixed 20 00000000 00000000
[    0.059713] ACPI: Interpreter enabled
[    0.059800] ACPI: (supports S0 S3 S4 S5)
[    0.060194] ACPI: Using IOAPIC for interrupt routing
[    0.069642] ACPI: EC: GPE = 0x12, I/O: command/status = 0x66, data = 0x62
[    0.069944] ACPI: Power Resource [PUBS] (on)
[    0.072097] ACPI: ACPI Dock Station Driver: 3 docks/bays found
[    0.072512] ACPI: PCI Root Bridge [PCI0] (0000:00)
[    0.072684] pci 0000:00:02.0: reg 10 64bit mmio: [0xf8100000-0xf81fffff]
[    0.072690] pci 0000:00:02.0: reg 18 64bit mmio pref: [0xe0000000-0xefffffff]
[    0.072694] pci 0000:00:02.0: reg 20 io port: [0x1800-0x1807]
[    0.072728] pci 0000:00:02.1: reg 10 64bit mmio: [0xf8200000-0xf82fffff]
[    0.072839] pci 0000:00:19.0: reg 10 32bit mmio: [0xfe000000-0xfe01ffff]
[    0.072849] pci 0000:00:19.0: reg 14 32bit mmio: [0xfe025000-0xfe025fff]
[    0.072858] pci 0000:00:19.0: reg 18 io port: [0x1840-0x185f]
[    0.072931] pci 0000:00:19.0: PME# supported from D0 D3hot D3cold
[    0.073002] pci 0000:00:19.0: PME# disabled
[    0.073153] pci 0000:00:1a.0: reg 20 io port: [0x1860-0x187f]
[    0.073242] pci 0000:00:1a.1: reg 20 io port: [0x1880-0x189f]
[    0.073323] pci 0000:00:1a.7: reg 10 32bit mmio: [0xfe226c00-0xfe226fff]
[    0.073403] pci 0000:00:1a.7: PME# supported from D0 D3hot D3cold
[    0.073496] pci 0000:00:1a.7: PME# disabled
[    0.073640] pci 0000:00:1b.0: reg 10 64bit mmio: [0xfe020000-0xfe023fff]
[    0.073720] pci 0000:00:1b.0: PME# supported from D0 D3hot D3cold
[    0.073815] pci 0000:00:1b.0: PME# disabled
[    0.074043] pci 0000:00:1c.0: PME# supported from D0 D3hot D3cold
[    0.074142] pci 0000:00:1c.0: PME# disabled
[    0.074348] pci 0000:00:1c.1: PME# supported from D0 D3hot D3cold
[    0.074449] pci 0000:00:1c.1: PME# disabled
[    0.074657] pci 0000:00:1c.2: PME# supported from D0 D3hot D3cold
[    0.074751] pci 0000:00:1c.2: PME# disabled
[    0.074956] pci 0000:00:1c.3: PME# supported from D0 D3hot D3cold
[    0.074999] pci 0000:00:1c.3: PME# disabled
[    0.075199] pci 0000:00:1c.4: PME# supported from D0 D3hot D3cold
[    0.075998] pci 0000:00:1c.4: PME# disabled
[    0.076167] pci 0000:00:1d.0: reg 20 io port: [0x18a0-0x18bf]
[    0.076249] pci 0000:00:1d.1: reg 20 io port: [0x18c0-0x18df]
[    0.076328] pci 0000:00:1d.2: reg 20 io port: [0x18e0-0x18ff]
[    0.076410] pci 0000:00:1d.7: reg 10 32bit mmio: [0xfe227000-0xfe2273ff]
[    0.076505] pci 0000:00:1d.7: PME# supported from D0 D3hot D3cold
[    0.076600] pci 0000:00:1d.7: PME# disabled
[    0.076877] pci 0000:00:1f.0: quirk: region 1000-107f claimed by ICH6 ACPI/GPIO/TCO
[    0.077000] pci 0000:00:1f.0: quirk: region 1180-11bf claimed by ICH6 GPIO
[    0.077099] pci 0000:00:1f.0: ICH7 LPC Generic IO decode 1 PIO at 1600 (mask 007f)
[    0.077222] pci 0000:00:1f.0: ICH7 LPC Generic IO decode 2 PIO at 15e0 (mask 000f)
[    0.077347] pci 0000:00:1f.0: ICH7 LPC Generic IO decode 3 PIO at 1680 (mask 001f)
[    0.077560] pci 0000:00:1f.1: reg 10 io port: [0x00-0x07]
[    0.077572] pci 0000:00:1f.1: reg 14 io port: [0x00-0x03]
[    0.077579] pci 0000:00:1f.1: reg 18 io port: [0x00-0x07]
[    0.077591] pci 0000:00:1f.1: reg 1c io port: [0x00-0x03]
[    0.077602] pci 0000:00:1f.1: reg 20 io port: [0x1c00-0x1c0f]
[    0.077688] pci 0000:00:1f.2: reg 10 io port: [0x1c50-0x1c57]
[    0.077697] pci 0000:00:1f.2: reg 14 io port: [0x1c44-0x1c47]
[    0.077706] pci 0000:00:1f.2: reg 18 io port: [0x1c48-0x1c4f]
[    0.077713] pci 0000:00:1f.2: reg 1c io port: [0x1c40-0x1c43]
[    0.077721] pci 0000:00:1f.2: reg 20 io port: [0x1c20-0x1c3f]
[    0.077730] pci 0000:00:1f.2: reg 24 32bit mmio: [0xfe226000-0xfe2267ff]
[    0.077788] pci 0000:00:1f.2: PME# supported from D3hot
[    0.077886] pci 0000:00:1f.2: PME# disabled
[    0.078032] pci 0000:00:1f.3: reg 10 32bit mmio: [0xfe227400-0xfe2274ff]
[    0.078056] pci 0000:00:1f.3: reg 20 io port: [0x1c60-0x1c7f]
[    0.078147] pci 0000:00:1c.0: bridge io port: [0x2000-0x2fff]
[    0.078154] pci 0000:00:1c.0: bridge 32bit mmio: [0xfc000000-0xfdffffff]
[    0.078161] pci 0000:00:1c.0: bridge 64bit mmio pref: [0xf8000000-0xf80fffff]
[    0.078234] pci 0000:03:00.0: reg 10 64bit mmio: [0xdf3f0000-0xdf3fffff]
[    0.078431] pci 0000:00:1c.1: bridge io port: [0x3000-0x3fff]
[    0.078437] pci 0000:00:1c.1: bridge 32bit mmio: [0xdc000000-0xdf3fffff]
[    0.078446] pci 0000:00:1c.1: bridge 64bit mmio pref: [0xdfe00000-0xdfefffff]
[    0.078500] pci 0000:00:1c.2: bridge io port: [0x4000-0x4fff]
[    0.078506] pci 0000:00:1c.2: bridge 32bit mmio: [0xd8000000-0xd9ffffff]
[    0.078516] pci 0000:00:1c.2: bridge 64bit mmio pref: [0xdfb00000-0xdfbfffff]
[    0.078572] pci 0000:00:1c.3: bridge io port: [0x5000-0x5fff]
[    0.078578] pci 0000:00:1c.3: bridge 32bit mmio: [0xd4000000-0xd5ffffff]
[    0.078585] pci 0000:00:1c.3: bridge 64bit mmio pref: [0xdf800000-0xdf8fffff]
[    0.078641] pci 0000:00:1c.4: bridge io port: [0x6000-0x6fff]
[    0.078645] pci 0000:00:1c.4: bridge 32bit mmio: [0xd0000000-0xd1ffffff]
[    0.078652] pci 0000:00:1c.4: bridge 64bit mmio pref: [0xdf500000-0xdf5fffff]
[    0.078711] pci 0000:15:00.0: reg 10 32bit mmio: [0xf8300000-0xf8300fff]
[    0.078764] pci 0000:15:00.0: supports D1 D2
[    0.078766] pci 0000:15:00.0: PME# supported from D0 D1 D2 D3hot D3cold
[    0.078862] pci 0000:15:00.0: PME# disabled
[    0.079027] pci 0000:15:00.1: reg 10 32bit mmio: [0xf8301000-0xf83017ff]
[    0.079139] pci 0000:15:00.1: supports D1 D2
[    0.079140] pci 0000:15:00.1: PME# supported from D0 D1 D2 D3hot D3cold
[    0.079235] pci 0000:15:00.1: PME# disabled
[    0.079425] pci 0000:00:1e.0: transparent bridge
[    0.079516] pci 0000:00:1e.0: bridge io port: [0x7000-0xafff]
[    0.079522] pci 0000:00:1e.0: bridge 32bit mmio: [0xf8300000-0xfbffffff]
[    0.079531] pci 0000:00:1e.0: bridge 64bit mmio pref: [0xf4000000-0xf7ffffff]
[    0.079599] pci_bus 0000:00: on NUMA node 0
[    0.079603] ACPI: PCI Interrupt Routing Table [\_SB_.PCI0._PRT]
[    0.079736] ACPI: PCI Interrupt Routing Table [\_SB_.PCI0.EXP0._PRT]
[    0.079795] ACPI: PCI Interrupt Routing Table [\_SB_.PCI0.EXP1._PRT]
[    0.079853] ACPI: PCI Interrupt Routing Table [\_SB_.PCI0.EXP2._PRT]
[    0.079911] ACPI: PCI Interrupt Routing Table [\_SB_.PCI0.EXP3._PRT]
[    0.079974] ACPI: PCI Interrupt Routing Table [\_SB_.PCI0.EXP4._PRT]
[    0.080045] ACPI: PCI Interrupt Routing Table [\_SB_.PCI0.PCI1._PRT]
[    0.085507] ACPI: PCI Interrupt Link [LNKA] (IRQs 3 4 5 6 7 9 *10 11)
[    0.086304] ACPI: PCI Interrupt Link [LNKB] (IRQs 3 4 5 6 7 9 10 *11)
[    0.087088] ACPI: PCI Interrupt Link [LNKC] (IRQs 3 4 5 6 7 9 10 *11)
[    0.087882] ACPI: PCI Interrupt Link [LNKD] (IRQs 3 4 5 6 7 9 10 *11)
[    0.088680] ACPI: PCI Interrupt Link [LNKE] (IRQs 3 4 5 6 7 9 10 *11)
[    0.089463] ACPI: PCI Interrupt Link [LNKF] (IRQs 3 4 5 6 7 9 10 *11)
[    0.090240] ACPI: PCI Interrupt Link [LNKG] (IRQs 3 4 5 6 7 9 10 *11)
[    0.091105] ACPI: PCI Interrupt Link [LNKH] (IRQs 3 4 5 6 7 9 10 *11)
[    0.091861] vgaarb: device added: PCI:0000:00:02.0,decodes=io+mem,owns=io+mem,locks=none
[    0.092001] vgaarb: loaded
[    0.092183] SCSI subsystem initialized
[    0.092283] libata version 3.00 loaded.
[    0.092330] usbcore: registered new interface driver usbfs
[    0.092460] usbcore: registered new interface driver hub
[    0.092583] usbcore: registered new device driver usb
[    0.109043] raid6: int32x1    941 MB/s
[    0.126058] raid6: int32x2    890 MB/s
[    0.143065] raid6: int32x4    750 MB/s
[    0.160078] raid6: int32x8    660 MB/s
[    0.176986] raid6: mmxx1     2878 MB/s
[    0.193986] raid6: mmxx2     3253 MB/s
[    0.210985] raid6: sse1x1    1937 MB/s
[    0.227996] raid6: sse1x2    2535 MB/s
[    0.244973] raid6: sse2x1    3507 MB/s
[    0.261976] raid6: sse2x2    3832 MB/s
[    0.262061] raid6: using algorithm sse2x2 (3832 MB/s)
[    0.262153] PCI: Using ACPI for IRQ routing
[    0.262457] HPET: 3 timers in total, 0 timers will be used for per-cpu timer
[    0.262990] Switching to clocksource tsc
[    0.263097] pnp: PnP ACPI init
[    0.263190] ACPI: bus type pnp registered
[    0.266877] pnp: PnP ACPI: found 11 devices
[    0.266964] ACPI: ACPI bus type pnp unregistered
[    0.267058] system 00:00: iomem range 0x0-0x9ffff could not be reserved
[    0.267150] system 00:00: iomem range 0xc0000-0xc3fff could not be reserved
[    0.267240] system 00:00: iomem range 0xc4000-0xc7fff could not be reserved
[    0.267335] system 00:00: iomem range 0xc8000-0xcbfff has been reserved
[    0.267427] system 00:00: iomem range 0xcc000-0xcffff has been reserved
[    0.267523] system 00:00: iomem range 0xd0000-0xd3fff could not be reserved
[    0.267616] system 00:00: iomem range 0xe0000-0xe3fff could not be reserved
[    0.267705] system 00:00: iomem range 0xe4000-0xe7fff could not be reserved
[    0.267795] system 00:00: iomem range 0xe8000-0xebfff could not be reserved
[    0.267887] system 00:00: iomem range 0xec000-0xeffff could not be reserved
[    0.267981] system 00:00: iomem range 0xf0000-0xfffff could not be reserved
[    0.268077] system 00:00: iomem range 0x100000-0x3dffffff could not be reserved
[    0.268199] system 00:00: iomem range 0xfec00000-0xfed3ffff could not be reserved
[    0.268322] system 00:00: iomem range 0xfed4c000-0xffffffff could not be reserved
[    0.268452] system 00:02: ioport range 0x164e-0x164f has been reserved
[    0.268543] system 00:02: ioport range 0x1000-0x107f has been reserved
[    0.268638] system 00:02: ioport range 0x1180-0x11bf has been reserved
[    0.268730] system 00:02: ioport range 0x800-0x80f has been reserved
[    0.268820] system 00:02: ioport range 0x15e0-0x15ef has been reserved
[    0.268912] system 00:02: ioport range 0x1600-0x165f could not be reserved
[    0.269004] system 00:02: iomem range 0xf0000000-0xf3ffffff has been reserved
[    0.269097] system 00:02: iomem range 0xfed1c000-0xfed1ffff has been reserved
[    0.269197] system 00:02: iomem range 0xfed14000-0xfed17fff has been reserved
[    0.269289] system 00:02: iomem range 0xfed18000-0xfed18fff has been reserved
[    0.269391] system 00:02: iomem range 0xfed19000-0xfed19fff has been reserved
[    0.269479] system 00:02: iomem range 0xfed45000-0xfed4bfff has been reserved
[    0.304518] pci 0000:00:1c.0: PCI bridge, secondary bus 0000:02
[    0.304618] pci 0000:00:1c.0:   IO window: 0x2000-0x2fff
[    0.304722] pci 0000:00:1c.0:   MEM window: 0xfc000000-0xfdffffff
[    0.304823] pci 0000:00:1c.0:   PREFETCH window: 0x000000f8000000-0x000000f80fffff
[    0.304952] pci 0000:00:1c.1: PCI bridge, secondary bus 0000:03
[    0.305048] pci 0000:00:1c.1:   IO window: 0x3000-0x3fff
[    0.305145] pci 0000:00:1c.1:   MEM window: 0xdc000000-0xdf3fffff
[    0.305252] pci 0000:00:1c.1:   PREFETCH window: 0x000000dfe00000-0x000000dfefffff
[    0.305379] pci 0000:00:1c.2: PCI bridge, secondary bus 0000:04
[    0.305471] pci 0000:00:1c.2:   IO window: 0x4000-0x4fff
[    0.305581] pci 0000:00:1c.2:   MEM window: 0xd8000000-0xd9ffffff
[    0.305673] pci 0000:00:1c.2:   PREFETCH window: 0x000000dfb00000-0x000000dfbfffff
[    0.305802] pci 0000:00:1c.3: PCI bridge, secondary bus 0000:05
[    0.305904] pci 0000:00:1c.3:   IO window: 0x5000-0x5fff
[    0.306004] pci 0000:00:1c.3:   MEM window: 0xd4000000-0xd5ffffff
[    0.306098] pci 0000:00:1c.3:   PREFETCH window: 0x000000df800000-0x000000df8fffff
[    0.306223] pci 0000:00:1c.4: PCI bridge, secondary bus 0000:0d
[    0.306326] pci 0000:00:1c.4:   IO window: 0x6000-0x6fff
[    0.306427] pci 0000:00:1c.4:   MEM window: 0xd0000000-0xd1ffffff
[    0.306525] pci 0000:00:1c.4:   PREFETCH window: 0x000000df500000-0x000000df5fffff
[    0.306656] pci 0000:15:00.0: CardBus bridge, secondary bus 0000:16
[    0.306748] pci 0000:15:00.0:   IO window: 0x007000-0x0070ff
[    0.306842] pci 0000:15:00.0:   IO window: 0x007400-0x0074ff
[    0.306944] pci 0000:15:00.0:   PREFETCH window: 0xf4000000-0xf7ffffff
[    0.307036] pci 0000:15:00.0:   MEM window: 0x40000000-0x43ffffff
[    0.307133] pci 0000:00:1e.0: PCI bridge, secondary bus 0000:15
[    0.307223] pci 0000:00:1e.0:   IO window: 0x7000-0xafff
[    0.307317] pci 0000:00:1e.0:   MEM window: 0xf8300000-0xfbffffff
[    0.307411] pci 0000:00:1e.0:   PREFETCH window: 0x000000f4000000-0x000000f7ffffff
[    0.307556] pci 0000:00:1c.0: PCI INT A -> GSI 20 (level, low) -> IRQ 20
[    0.307654] pci 0000:00:1c.0: setting latency timer to 64
[    0.307675] pci 0000:00:1c.1: PCI INT B -> GSI 21 (level, low) -> IRQ 21
[    0.307768] pci 0000:00:1c.1: setting latency timer to 64
[    0.307782] pci 0000:00:1c.2: PCI INT C -> GSI 22 (level, low) -> IRQ 22
[    0.307886] pci 0000:00:1c.2: setting latency timer to 64
[    0.307902] pci 0000:00:1c.3: PCI INT D -> GSI 23 (level, low) -> IRQ 23
[    0.308003] pci 0000:00:1c.3: setting latency timer to 64
[    0.308012] pci 0000:00:1c.4: PCI INT A -> GSI 20 (level, low) -> IRQ 20
[    0.308106] pci 0000:00:1c.4: setting latency timer to 64
[    0.308115] pci 0000:00:1e.0: enabling device (0005 -> 0007)
[    0.308213] pci 0000:00:1e.0: setting latency timer to 64
[    0.308230] pci 0000:15:00.0: PCI INT A -> GSI 16 (level, low) -> IRQ 16
[    0.308326] pci 0000:15:00.0: setting latency timer to 64
[    0.308332] pci_bus 0000:00: resource 0 io:  [0x00-0xffff]
[    0.308334] pci_bus 0000:00: resource 1 mem: [0x000000-0xffffffff]
[    0.308336] pci_bus 0000:02: resource 0 io:  [0x2000-0x2fff]
[    0.308338] pci_bus 0000:02: resource 1 mem: [0xfc000000-0xfdffffff]
[    0.308340] pci_bus 0000:02: resource 2 pref mem [0xf8000000-0xf80fffff]
[    0.308342] pci_bus 0000:03: resource 0 io:  [0x3000-0x3fff]
[    0.308344] pci_bus 0000:03: resource 1 mem: [0xdc000000-0xdf3fffff]
[    0.308346] pci_bus 0000:03: resource 2 pref mem [0xdfe00000-0xdfefffff]
[    0.308347] pci_bus 0000:04: resource 0 io:  [0x4000-0x4fff]
[    0.308349] pci_bus 0000:04: resource 1 mem: [0xd8000000-0xd9ffffff]
[    0.308351] pci_bus 0000:04: resource 2 pref mem [0xdfb00000-0xdfbfffff]
[    0.308353] pci_bus 0000:05: resource 0 io:  [0x5000-0x5fff]
[    0.308355] pci_bus 0000:05: resource 1 mem: [0xd4000000-0xd5ffffff]
[    0.308356] pci_bus 0000:05: resource 2 pref mem [0xdf800000-0xdf8fffff]
[    0.308358] pci_bus 0000:0d: resource 0 io:  [0x6000-0x6fff]
[    0.308360] pci_bus 0000:0d: resource 1 mem: [0xd0000000-0xd1ffffff]
[    0.308362] pci_bus 0000:0d: resource 2 pref mem [0xdf500000-0xdf5fffff]
[    0.308363] pci_bus 0000:15: resource 0 io:  [0x7000-0xafff]
[    0.308365] pci_bus 0000:15: resource 1 mem: [0xf8300000-0xfbffffff]
[    0.308367] pci_bus 0000:15: resource 2 pref mem [0xf4000000-0xf7ffffff]
[    0.308369] pci_bus 0000:15: resource 3 io:  [0x00-0xffff]
[    0.308370] pci_bus 0000:15: resource 4 mem: [0x000000-0xffffffff]
[    0.308372] pci_bus 0000:16: resource 0 io:  [0x7000-0x70ff]
[    0.308374] pci_bus 0000:16: resource 1 io:  [0x7400-0x74ff]
[    0.308376] pci_bus 0000:16: resource 2 pref mem [0xf4000000-0xf7ffffff]
[    0.308378] pci_bus 0000:16: resource 3 mem: [0x40000000-0x43ffffff]
[    0.308385] NET: Registered protocol family 2
[    0.308482] RANDOM - __random32 called. Change num 7.  Value: 5362b39e	996a101	94470543
[    0.308484] RANDOM - random32 called.  Value: 5362b39e	996a101	94470543
[    0.308488] random 0000 0000 0000 5f8db4e5 4cfdf2a8: rand_read_num 3 get_random_bytes(4): sig fffffb64 5f8db4e5 4cfdf2a8
[    0.308490] random 0000 0000 0000 5f8db4e5 4cfdf2a8: extract_entropy(.. 4 ..)
[    0.308493] random 0000 0000 0000 5f8db4e5 4cfdf2a8: going to reseed nonblocking with 64 bits (32 of 0 requested)
[    0.308495] random 0000 0000 0000 5f8db4e5 4cfdf2a8: extract_entropy(.. 8 ..)
[    0.308497] random 0000 0000 0000 5f8db4e5 4cfdf2a8: trying to extract 64 bits from input
[    0.308499] random 0000 0000 0000 5f8db4e5 4cfdf2a8: debiting 0 entropy credits from input
[    0.308501] random 0000 0000 0000 5f8db4e5 4cfdf2a8: extract_entropy account returned: 0 
[    0.308504] random 0000 0000 0000 5f8db4e5 4cfdf2a8: urand_change_num 5 xfer_secondary_pool(4): pool_sig fffffb64, data_sig 00000000, bytes_mixed 0 5f8db4e5 4cfdf2a8
[    0.308507] random 0000 0000 0000 5f8db4e5 4cfdf2a8: trying to extract 32 bits from nonblocking
[    0.308510] random 0000 0000 0000 5f8db4e5 4cfdf2a8: debiting 32 entropy credits from nonblocking (unlimited)
[    0.308512] random 0000 0000 0000 5f8db4e5 4cfdf2a8: extract_entropy account returned: 4 
[    0.308516] random 0000 0000 0000 5f8db4e5 4cfdf2a8: urand_change_num 6 extract_buf: pool_sig fffffb64, data_sig 00000241, bytes_mixed 20 5f8db4e5 4cfdf2a8
[    0.308525] IP route cache hash table entries: 32768 (order: 5, 131072 bytes)
[    0.308664] RANDOM - __random32 called. Change num 8.  Value: 2b39e0a2	996a1017	a86cfe5
[    0.308665] RANDOM - random32 called.  Value: 2b39e0a2	996a1017	a86cfe5
[    0.308676] RANDOM - __random32 called. Change num 9.  Value: 9e0a22e5	96a1017e	9fcbd616
[    0.308678] RANDOM - random32 called.  Value: 9e0a22e5	96a1017e	9fcbd616
[    0.308679] RANDOM - __random32 called. Change num 10.  Value: a22e5b4a	6a1017e6	ac2c32ac
[    0.308681] RANDOM - random32 called.  Value: a22e5b4a	6a1017e6	ac2c32ac
[    0.308692] RANDOM - __random32 called. Change num 11.  Value: e5b4ad28	a1017e61	6559a9b4
[    0.308693] RANDOM - random32 called.  Value: e5b4ad28	a1017e61	6559a9b4
[    0.308703] TCP established hash table entries: 131072 (order: 8, 1048576 bytes)
[    0.309200] TCP bind hash table entries: 65536 (order: 6, 262144 bytes)
[    0.309383] TCP: Hash tables configured (established 131072 bind 65536)
[    0.309474] TCP reno registered
[    0.309582] NET: Registered protocol family 1
[    0.309706] RPC: Registered udp transport module.
[    0.309793] RPC: Registered tcp transport module.
[    0.309888] RPC: Registered tcp NFSv4.1 backchannel transport module.
[    0.309983] pci 0000:00:02.0: Boot video device
[    0.310192] Simple Boot Flag at 0x35 set to 0x1
[    0.310716] highmem bounce pool size: 64 pages
[    0.312288] VFS: Disk quotas dquot_6.5.2
[    0.312408] Dquot-cache hash table entries: 1024 (order 0, 4096 bytes)
[    0.313097] NTFS driver 2.1.29 [Flags: R/W].
[    0.313267] ROMFS MTD (C) 2007 Red Hat, Inc.
[    0.313476] JFS: nTxBlock = 7695, nTxLock = 61562
[    0.315951] SGI XFS with ACLs, security attributes, large block/inode numbers, no debug enabled
[    0.316433] SGI XFS Quota Management subsystem
[    0.316717] Slow work thread pool: Starting up
[    0.316826] Slow work thread pool: Ready
[    0.316952] GFS2 (built May 24 2013 02:47:17) installed
[    0.317044] msgmni has been set to 1734
[    0.317210] alg: No test for cipher_null (cipher_null-generic)
[    0.317314] alg: No test for ecb(cipher_null) (ecb-cipher_null)
[    0.317419] alg: No test for digest_null (digest_null-generic)
[    0.317518] alg: No test for compress_null (compress_null-generic)
[    0.318093] alg: No test for fcrypt (fcrypt-generic)
[    0.319509] alg: No test for stdrng (krng)
[    0.319599] async_tx: api initialized (async)
[    0.319754] Block layer SCSI generic (bsg) driver version 0.4 loaded (major 254)
[    0.319888] io scheduler noop registered
[    0.319975] io scheduler anticipatory registered
[    0.320060] io scheduler deadline registered
[    0.320193] io scheduler cfq registered (default)
[    0.320441] pcieport 0000:00:1c.0: irq 24 for MSI/MSI-X
[    0.320458] pcieport 0000:00:1c.0: setting latency timer to 64
[    0.320640] pcieport 0000:00:1c.1: irq 25 for MSI/MSI-X
[    0.320651] pcieport 0000:00:1c.1: setting latency timer to 64
[    0.320831] pcieport 0000:00:1c.2: irq 26 for MSI/MSI-X
[    0.320840] pcieport 0000:00:1c.2: setting latency timer to 64
[    0.321029] pcieport 0000:00:1c.3: irq 27 for MSI/MSI-X
[    0.321038] pcieport 0000:00:1c.3: setting latency timer to 64
[    0.321218] pcieport 0000:00:1c.4: irq 28 for MSI/MSI-X
[    0.321230] pcieport 0000:00:1c.4: setting latency timer to 64
[    0.321374] pci_hotplug: PCI Hot Plug PCI Core version: 0.5
[    0.321567] isapnp: Scanning for PnP cards...
[    0.682114] isapnp: No Plug & Play device found
[    0.682201] random 0000 0000 0000 5f8db4e5 4cfdf2a8: initializing
[    0.682203] RANDOM init_std_data for input now value: 1369998157682203340
[    0.682205] RANDOM init_std_data for blocking now value: 1369998157682205315
[    0.682206] RANDOM init_std_data for nonblocking now value: 1369998157682207034
[    0.701758] Serial: 8250/16550 driver, 4 ports, IRQ sharing enabled
[    3.712525] floppy0: no floppy controllers found
[    3.713476] brd: module loaded
[    3.713983] loop: module loaded
[    3.714070] Compaq SMART2 Driver (v 2.6.0)
[    3.714194] HP CISS Driver (v 3.6.20)
[    3.714437] input: Macintosh mouse button emulation as /devices/virtual/input/input0
[    3.714575] Uniform Multi-Platform E-IDE driver
[    3.714803] piix 0000:00:1f.1: IDE controller (0x8086:0x2850 rev 0x03)
[    3.714913] pci 0000:00:1f.1: PCI INT C -> GSI 16 (level, low) -> IRQ 16
[    3.715018] piix 0000:00:1f.1: IDE port disabled
[    3.715111] piix 0000:00:1f.1: not 100% native mode: will probe irqs later
[    3.715208]     ide0: BM-DMA at 0x1c00-0x1c07
[    3.715962] Probing IDE interface ide0...
[    4.387679] hda: HL-DT-ST DVDRAM GSA-U10N, ATAPI CD/DVD-ROM drive
[    4.693460] hda: host max PIO4 wanted PIO255(auto-tune) selected PIO4
[    4.694233] hda: UDMA/33 mode selected
[    4.694701] ide0 at 0x1f0-0x1f7,0x3f6 on irq 14
[    4.698618] ide-gd driver 1.18
[    4.698726] ide-cd driver 5.00
[    4.700124] random 0000 0000 0000 00000000 00000000: add_disk_randomness(0:0) 00000000 00000000
[    4.700128] random 0000 0000 0000 00000000 00000000: add_timer_randomness(.. 256) with jiffies: 17504720358282591868, cycles: -942023719721631735
[    4.700131] random 0000 0000 0000 00000000 00000000: added 11 entropy credits to input
[    4.700134] ide-cd: hda: ATAPI 24X DVD-ROM DVD-R/RAM CD-R/RW drive, 2048kB Cache
[    4.700593] Uniform CD-ROM driver Revision: 3.20
[    4.703341] random 0011 0000 0000 00000000 00000000: add_disk_randomness(0:0) 00000000 00000000
[    4.703344] random 0011 0000 0000 00000000 00000000: add_timer_randomness(.. 256) with jiffies: 17533671697737809535, cycles: -913072380266414071
[    4.703347] random 0011 0000 0000 00000000 00000000: added 1 entropy credits to input
[    4.703350] random 0012 0000 0000 00000000 00000000: add_disk_randomness(0:0) 00000000 00000000
[    4.703353] random 0012 0000 0000 00000000 00000000: add_timer_randomness(.. 256) with jiffies: 17533747954882150015, cycles: -912996123122073591
[    4.705342] random 0012 0000 0000 00000000 00000000: add_disk_randomness(0:0) 00000000 00000000
[    4.705345] random 0012 0000 0000 00000000 00000000: add_timer_randomness(.. 256) with jiffies: 17551675384598855297, cycles: -895068693405368311
[    4.705348] random 0012 0000 0000 00000000 00000000: added 1 entropy credits to input
[    4.705351] random 0013 0000 0000 00000000 00000000: add_disk_randomness(0:0) 00000000 00000000
[    4.705354] random 0013 0000 0000 00000000 00000000: add_timer_randomness(.. 256) with jiffies: 17551750877239017089, cycles: -894993200765206519
[    4.707341] random 0013 0000 0000 00000000 00000000: add_disk_randomness(0:0) 00000000 00000000
[    4.707344] random 0013 0000 0000 00000000 00000000: add_timer_randomness(.. 256) with jiffies: 17569656836414209667, cycles: -877087241590013943
[    4.707346] random 0013 0000 0000 00000000 00000000: added 1 entropy credits to input
[    4.707349] random 0014 0000 0000 00000000 00000000: add_disk_randomness(0:0) 00000000 00000000
[    4.707352] random 0014 0000 0000 00000000 00000000: add_timer_randomness(.. 256) with jiffies: 17569729803613601411, cycles: -877014274390622199
[    4.707625] Loading iSCSI transport class v2.0-870.
[    4.707910] rdac: device handler registered
[    4.708002] hp_sw: device handler registered
[    4.708097] emc: device handler registered
[    4.708187] alua: device handler registered
[    4.709178] Adaptec aacraid driver 1.1-5[2461]-ms
[    4.709596] scsi: <fdomain> Detection failed (no card)
[    4.709694] sym53c416.c: Version 1.0.0-ac
[    4.709800] qlogicfas: no cards were found, please specify I/O address and IRQ using iobase= and irq= options
[    4.709928] QLogic Fibre Channel HBA Driver: 8.03.01-k6
[    4.710159] iscsi: registered transport (qla4xxx)
[    4.710268] QLogic iSCSI HBA Driver
[    4.710357] Emulex LightPulse Fibre Channel SCSI driver 8.3.4
[    4.710452] Copyright(c) 2004-2009 Emulex.  All rights reserved.
[    4.732442] Failed initialization of WD-7000 SCSI card!
[    4.821611] DC390: clustering now enabled by default. If you get problems load
[    4.821735]        with "disable_clustering=1" and report to maintainers
[    4.821870] megaraid cmm: 2.20.2.7 (Release Date: Sun Jul 16 00:01:03 EST 2006)
[    4.822021] megaraid: 2.20.5.1 (Release Date: Thu Nov 16 15:32:35 EST 2006)
[    4.822140] megasas: 00.00.04.01 Thu July 24 11:41:51 PST 2008
[    4.822275] GDT-HA: Storage RAID Controller Driver. Version: 3.05
[    4.822430] 3ware Storage Controller device driver for Linux v1.26.02.002.
[    4.822540] 3ware 9000 Storage Controller device driver for Linux v2.26.02.012.
[    4.822686] nsp32: loading...
[    4.822792] ipr: IBM Power RAID SCSI Device Driver version: 2.4.3 (June 10, 2009)
[    4.822934] RocketRAID 3xxx/4xxx Controller driver v1.6 (090910)
[    4.823043] stex: Promise SuperTrak EX Driver version: 4.6.0000.3
[    4.823186] st: Version 20081215, fixed bufsize 32768, s/g segs 256
[    4.823374] ahci 0000:00:1f.2: version 3.0
[    4.823389] ahci 0000:00:1f.2: PCI INT B -> GSI 16 (level, low) -> IRQ 16
[    4.823532] ahci 0000:00:1f.2: irq 29 for MSI/MSI-X
[    4.823592] ahci 0000:00:1f.2: AHCI 0001.0100 32 slots 3 ports 1.5 Gbps 0x5 impl SATA mode
[    4.823719] ahci 0000:00:1f.2: flags: 64bit ncq sntf pm led clo pio slum part ccc 
[    4.823852] ahci 0000:00:1f.2: setting latency timer to 64
[    4.823996] scsi2 : ahci
[    4.824156] scsi3 : ahci
[    4.824300] scsi4 : ahci
[    4.824484] ata1: SATA max UDMA/133 abar m2048@0xfe226000 port 0xfe226100 irq 29
[    4.824603] ata2: DUMMY
[    4.824692] ata3: SATA max UDMA/133 abar m2048@0xfe226000 port 0xfe226200 irq 29
[    4.825293] I2O subsystem v1.325
[    4.825380] i2o: max drivers = 8
[    4.825538] I2O Configuration OSM v1.323
[    4.825640] I2O Bus Adapter OSM v1.317
[    4.825742] I2O Block Device OSM v1.325
[    4.825901] I2O SCSI Peripheral OSM v1.316
[    4.826014] I2O ProcFS OSM v1.316
[    4.826116] Fusion MPT base driver 3.04.12
[    4.826209] Copyright (c) 1999-2008 LSI Corporation
[    4.826301] Fusion MPT SPI Host driver 3.04.12
[    4.826427] Fusion MPT FC Host driver 3.04.12
[    4.826575] Fusion MPT SAS Host driver 3.04.12
[    4.826724] ohci1394 0000:15:00.1: PCI INT B -> GSI 17 (level, low) -> IRQ 17
[    4.826828] ohci1394 0000:15:00.1: setting latency timer to 64
[    4.880450] ohci1394: fw-host0: OHCI-1394 1.1 (PCI): IRQ=[17]  MMIO=[f8301000-f83017ff]  Max Packet=[2048]  IR/IT contexts=[4/4]
[    4.884716] ehci_hcd: USB 2.0 'Enhanced' Host Controller (EHCI) Driver
[    4.885010] ehci_hcd 0000:00:1a.7: power state changed by ACPI to D0
[    4.885255] ehci_hcd 0000:00:1a.7: power state changed by ACPI to D0
[    4.885355] ehci_hcd 0000:00:1a.7: PCI INT C -> GSI 22 (level, low) -> IRQ 22
[    4.885465] ehci_hcd 0000:00:1a.7: setting latency timer to 64
[    4.885468] ehci_hcd 0000:00:1a.7: EHCI Host Controller
[    4.885605] ehci_hcd 0000:00:1a.7: new USB bus registered, assigned bus number 1
[    4.889638] ehci_hcd 0000:00:1a.7: cache line size of 32 is not supported
[    4.889647] ehci_hcd 0000:00:1a.7: irq 22, io mem 0xfe226c00
[    4.899410] ehci_hcd 0000:00:1a.7: USB 2.0 started, EHCI 1.00
[    4.899521] usb usb1: New USB device found, idVendor=1d6b, idProduct=0002
[    4.899613] usb usb1: New USB device strings: Mfr=3, Product=2, SerialNumber=1
[    4.899739] usb usb1: Product: EHCI Host Controller
[    4.899836] usb usb1: Manufacturer: Linux 2.6.32.57 ehci_hcd
[    4.899934] usb usb1: SerialNumber: 0000:00:1a.7
[    4.900080] usb usb1: configuration #1 chosen from 1 choice
[    4.900199] hub 1-0:1.0: USB hub found
[    4.900292] hub 1-0:1.0: 4 ports detected
[    4.900597] ehci_hcd 0000:00:1d.7: power state changed by ACPI to D0
[    4.900846] ehci_hcd 0000:00:1d.7: power state changed by ACPI to D0
[    4.900947] ehci_hcd 0000:00:1d.7: PCI INT D -> GSI 19 (level, low) -> IRQ 19
[    4.901052] ehci_hcd 0000:00:1d.7: setting latency timer to 64
[    4.901055] ehci_hcd 0000:00:1d.7: EHCI Host Controller
[    4.901179] ehci_hcd 0000:00:1d.7: new USB bus registered, assigned bus number 2
[    4.901329] ehci_hcd 0000:00:1d.7: debug port 1
[    4.905325] ehci_hcd 0000:00:1d.7: cache line size of 32 is not supported
[    4.905334] ehci_hcd 0000:00:1d.7: irq 19, io mem 0xfe227000
[    4.915409] ehci_hcd 0000:00:1d.7: USB 2.0 started, EHCI 1.00
[    4.915506] usb usb2: New USB device found, idVendor=1d6b, idProduct=0002
[    4.915597] usb usb2: New USB device strings: Mfr=3, Product=2, SerialNumber=1
[    4.915721] usb usb2: Product: EHCI Host Controller
[    4.915816] usb usb2: Manufacturer: Linux 2.6.32.57 ehci_hcd
[    4.915916] usb usb2: SerialNumber: 0000:00:1d.7
[    4.916052] usb usb2: configuration #1 chosen from 1 choice
[    4.916180] hub 2-0:1.0: USB hub found
[    4.916279] hub 2-0:1.0: 6 ports detected
[    4.916458] 116x: driver isp116x-hcd, 03 Nov 2005
[    4.916563] ohci_hcd: USB 1.1 'Open' Host Controller (OHCI) Driver
[    4.916677] uhci_hcd: USB Universal Host Controller Interface driver
[    4.916792] uhci_hcd 0000:00:1a.0: PCI INT A -> GSI 20 (level, low) -> IRQ 20
[    4.916891] uhci_hcd 0000:00:1a.0: setting latency timer to 64
[    4.916896] uhci_hcd 0000:00:1a.0: UHCI Host Controller
[    4.917025] uhci_hcd 0000:00:1a.0: new USB bus registered, assigned bus number 3
[    4.917176] uhci_hcd 0000:00:1a.0: irq 20, io base 0x00001860
[    4.917290] usb usb3: New USB device found, idVendor=1d6b, idProduct=0001
[    4.917381] usb usb3: New USB device strings: Mfr=3, Product=2, SerialNumber=1
[    4.917518] usb usb3: Product: UHCI Host Controller
[    4.917606] usb usb3: Manufacturer: Linux 2.6.32.57 uhci_hcd
[    4.917695] usb usb3: SerialNumber: 0000:00:1a.0
[    4.917828] usb usb3: configuration #1 chosen from 1 choice
[    4.917946] hub 3-0:1.0: USB hub found
[    4.918039] hub 3-0:1.0: 2 ports detected
[    4.918356] uhci_hcd 0000:00:1a.1: power state changed by ACPI to D0
[    4.918605] uhci_hcd 0000:00:1a.1: power state changed by ACPI to D0
[    4.918699] uhci_hcd 0000:00:1a.1: PCI INT B -> GSI 21 (level, low) -> IRQ 21
[    4.918799] uhci_hcd 0000:00:1a.1: setting latency timer to 64
[    4.918804] uhci_hcd 0000:00:1a.1: UHCI Host Controller
[    4.918937] uhci_hcd 0000:00:1a.1: new USB bus registered, assigned bus number 4
[    4.919088] uhci_hcd 0000:00:1a.1: irq 21, io base 0x00001880
[    4.919202] usb usb4: New USB device found, idVendor=1d6b, idProduct=0001
[    4.919295] usb usb4: New USB device strings: Mfr=3, Product=2, SerialNumber=1
[    4.919426] usb usb4: Product: UHCI Host Controller
[    4.919519] usb usb4: Manufacturer: Linux 2.6.32.57 uhci_hcd
[    4.919609] usb usb4: SerialNumber: 0000:00:1a.1
[    4.919745] usb usb4: configuration #1 chosen from 1 choice
[    4.919864] hub 4-0:1.0: USB hub found
[    4.919954] hub 4-0:1.0: 2 ports detected
[    4.920256] uhci_hcd 0000:00:1d.0: power state changed by ACPI to D0
[    4.920511] uhci_hcd 0000:00:1d.0: power state changed by ACPI to D0
[    4.920611] uhci_hcd 0000:00:1d.0: PCI INT A -> GSI 16 (level, low) -> IRQ 16
[    4.920714] uhci_hcd 0000:00:1d.0: setting latency timer to 64
[    4.920719] uhci_hcd 0000:00:1d.0: UHCI Host Controller
[    4.920856] uhci_hcd 0000:00:1d.0: new USB bus registered, assigned bus number 5
[    4.921008] uhci_hcd 0000:00:1d.0: irq 16, io base 0x000018a0
[    4.921123] usb usb5: New USB device found, idVendor=1d6b, idProduct=0001
[    4.921216] usb usb5: New USB device strings: Mfr=3, Product=2, SerialNumber=1
[    4.921336] usb usb5: Product: UHCI Host Controller
[    4.921433] usb usb5: Manufacturer: Linux 2.6.32.57 uhci_hcd
[    4.921529] usb usb5: SerialNumber: 0000:00:1d.0
[    4.921667] usb usb5: configuration #1 chosen from 1 choice
[    4.921784] hub 5-0:1.0: USB hub found
[    4.921875] hub 5-0:1.0: 2 ports detected
[    4.922024] uhci_hcd 0000:00:1d.1: PCI INT B -> GSI 17 (level, low) -> IRQ 17
[    4.922126] uhci_hcd 0000:00:1d.1: setting latency timer to 64
[    4.922131] uhci_hcd 0000:00:1d.1: UHCI Host Controller
[    4.922262] uhci_hcd 0000:00:1d.1: new USB bus registered, assigned bus number 6
[    4.922420] uhci_hcd 0000:00:1d.1: irq 17, io base 0x000018c0
[    4.922542] usb usb6: New USB device found, idVendor=1d6b, idProduct=0001
[    4.922633] usb usb6: New USB device strings: Mfr=3, Product=2, SerialNumber=1
[    4.922755] usb usb6: Product: UHCI Host Controller
[    4.922844] usb usb6: Manufacturer: Linux 2.6.32.57 uhci_hcd
[    4.922933] usb usb6: SerialNumber: 0000:00:1d.1
[    4.923066] usb usb6: configuration #1 chosen from 1 choice
[    4.923187] hub 6-0:1.0: USB hub found
[    4.923276] hub 6-0:1.0: 2 ports detected
[    4.923570] uhci_hcd 0000:00:1d.2: power state changed by ACPI to D0
[    4.923819] uhci_hcd 0000:00:1d.2: power state changed by ACPI to D0
[    4.923915] uhci_hcd 0000:00:1d.2: PCI INT C -> GSI 18 (level, low) -> IRQ 18
[    4.924012] uhci_hcd 0000:00:1d.2: setting latency timer to 64
[    4.924015] uhci_hcd 0000:00:1d.2: UHCI Host Controller
[    4.924146] uhci_hcd 0000:00:1d.2: new USB bus registered, assigned bus number 7
[    4.924296] uhci_hcd 0000:00:1d.2: irq 18, io base 0x000018e0
[    4.924426] usb usb7: New USB device found, idVendor=1d6b, idProduct=0001
[    4.924518] usb usb7: New USB device strings: Mfr=3, Product=2, SerialNumber=1
[    4.924639] usb usb7: Product: UHCI Host Controller
[    4.924728] usb usb7: Manufacturer: Linux 2.6.32.57 uhci_hcd
[    4.925475] usb usb7: SerialNumber: 0000:00:1d.2
[    4.925608] usb usb7: configuration #1 chosen from 1 choice
[    4.925727] hub 7-0:1.0: USB hub found
[    4.925819] hub 7-0:1.0: 2 ports detected
[    4.925976] sl811: driver sl811-hcd, 19 May 2005
[    4.926081] r8a66597_hcd: driver r8a66597_hcd, 2009-05-26
[    4.926251] Initializing USB Mass Storage driver...
[    4.926377] usbcore: registered new interface driver usb-storage
[    4.926473] USB Mass Storage support registered.
[    4.926583] usbcore: registered new interface driver ums-alauda
[    4.926694] usbcore: registered new interface driver ums-cypress
[    4.926805] usbcore: registered new interface driver ums-datafab
[    4.926911] usbcore: registered new interface driver ums-freecom
[    4.927019] usbcore: registered new interface driver ums-isd200
[    4.927129] usbcore: registered new interface driver ums-jumpshot
[    4.927244] usbcore: registered new interface driver ums-karma
[    4.927351] usbcore: registered new interface driver ums-onetouch
[    4.927477] usbcore: registered new interface driver ums-sddr09
[    4.927586] usbcore: registered new interface driver ums-sddr55
[    4.927694] usbcore: registered new interface driver ums-usbat
[    4.927838] PNP: PS/2 Controller [PNP0303:KBD,PNP0f13:MOU] at 0x60,0x64 irq 1,12
[    4.936965] serio: i8042 KBD port at 0x60,0x64 irq 1
[    4.937060] serio: i8042 AUX port at 0x60,0x64 irq 12
[    4.937304] mice: PS/2 mouse device common for all mice
[    4.937428] i2c /dev entries driver
[    4.937567] md: linear personality registered for level -1
[    4.937657] md: raid0 personality registered for level 0
[    4.937741] md: raid1 personality registered for level 1
[    4.937830] md: raid10 personality registered for level 10
[    4.937921] md: raid6 personality registered for level 6
[    4.938008] md: raid5 personality registered for level 5
[    4.938101] md: raid4 personality registered for level 4
[    4.938194] md: multipath personality registered for level -4
[    4.938393] device-mapper: ioctl: 4.15.0-ioctl (2009-04-01) initialised: dm-devel@redhat.com
[    4.938603] cpuidle: using governor ladder
[    4.939203] usbcore: registered new interface driver usbhid
[    4.939295] usbhid: v2.6:USB HID core driver
[    4.939458] random 0014 0000 0000 00000000 00000000: rand_read_num 4 get_random_bytes(136): sig 00000000 00000000 00000000
[    4.939460] random 0014 0000 0000 00000000 00000000: extract_entropy(.. 136 ..)
[    4.939463] random 0014 0000 0000 00000000 00000000: going to reseed nonblocking with 1024 bits (1088 of 0 requested)
[    4.939465] random 0014 0000 0000 00000000 00000000: extract_entropy(.. 128 ..)
[    4.939468] random 0014 0000 0000 00000000 00000000: trying to extract 1024 bits from input
[    4.939470] random 0014 0000 0000 00000000 00000000: debiting 0 entropy credits from input
[    4.939472] random 0014 0000 0000 00000000 00000000: extract_entropy account returned: 0 
[    4.939475] random 0014 0000 0000 00000000 00000000: urand_change_num 7 xfer_secondary_pool(136): pool_sig 00000000, data_sig 00000000, bytes_mixed 0 00000000 00000000
[    4.939478] random 0014 0000 0000 00000000 00000000: trying to extract 1088 bits from nonblocking
[    4.939480] random 0014 0000 0000 00000000 00000000: debiting 1088 entropy credits from nonblocking (unlimited)
[    4.939482] random 0014 0000 0000 00000000 00000000: extract_entropy account returned: 136 
[    4.939487] random 0014 0000 0000 00000000 00000000: urand_change_num 8 extract_buf: pool_sig 00000000, data_sig fffffff9, bytes_mixed 20 00000000 00000000
[    4.939492] random 0014 0000 0000 b7c35b56 be4dc95d: urand_change_num 9 extract_buf: pool_sig fffffd1e, data_sig 000000c5, bytes_mixed 20 b7c35b56 be4dc95d
[    4.939497] random 0014 0000 0000 ed9f5c47 c48487fb: urand_change_num 10 extract_buf: pool_sig fffff8ec, data_sig ffffff68, bytes_mixed 20 ed9f5c47 c48487fb
[    4.939503] random 0014 0000 0000 ed9f5c47 c48487fb: urand_change_num 11 extract_buf: pool_sig fffffaed, data_sig 000001aa, bytes_mixed 20 ed9f5c47 c48487fb
[    4.939508] random 0014 0000 0000 1b4f7c0a 91bd6a48: urand_change_num 12 extract_buf: pool_sig fffffdd8, data_sig 00000064, bytes_mixed 20 1b4f7c0a 91bd6a48
[    4.939513] random 0014 0000 0000 a254b9bc 20e9a24f: urand_change_num 13 extract_buf: pool_sig fffffbe6, data_sig 000001dd, bytes_mixed 20 a254b9bc 20e9a24f
[    4.939519] random 0014 0000 0000 a254b9bc 20e9a24f: urand_change_num 14 extract_buf: pool_sig fffff940, data_sig fffffe20, bytes_mixed 20 a254b9bc 20e9a24f
[    4.939524] random 0014 0000 0000 2831a66b 5fa2a3ad: urand_change_num 15 extract_buf: pool_sig fffffbce, data_sig 0000007e, bytes_mixed 20 2831a66b 5fa2a3ad
[    4.939529] random 0014 0000 0000 2831a66b 5fa2a3ad: urand_change_num 16 extract_buf: pool_sig 000004df, data_sig fffffe8f, bytes_mixed 20 2831a66b 5fa2a3ad
[    4.939534] random 0014 0000 0000 d4512bfd c9a54e0b: urand_change_num 17 extract_buf: pool_sig 00000485, data_sig fffffe68, bytes_mixed 20 d4512bfd c9a54e0b
[    4.939539] random 0014 0000 0000 c7371be6 f9ffea11: urand_change_num 18 extract_buf: pool_sig 00000095, data_sig ffffffed, bytes_mixed 20 c7371be6 f9ffea11
[    4.939545] random 0014 0000 0000 c7371be6 f9ffea11: urand_change_num 19 extract_buf: pool_sig 000003a7, data_sig fffffefa, bytes_mixed 20 c7371be6 f9ffea11
[    4.939550] random 0014 0000 0000 8fb4b62c d1ddba54: urand_change_num 20 extract_buf: pool_sig 00000179, data_sig ffffff78, bytes_mixed 20 8fb4b62c d1ddba54
[    4.939555] random 0014 0000 0000 9ff19f9c c07a1d2a: urand_change_num 21 extract_buf: pool_sig fffffe88, data_sig 00000126, bytes_mixed 20 9ff19f9c c07a1d2a
[    4.939559] TCP cubic registered
[    4.939649] Initializing XFRM netlink socket
[    4.939741] NET: Registered protocol family 17
[    4.939836] Using IPI Shortcut mode
[    4.939925] random 0014 0000 0000 9ff19f9c c07a1d2a: rand_read_num 5 get_random_bytes(8): sig 0000031b 9ff19f9c c07a1d2a
[    4.939927] random 0014 0000 0000 9ff19f9c c07a1d2a: extract_entropy(.. 8 ..)
[    4.939930] random 0014 0000 0000 9ff19f9c c07a1d2a: going to reseed nonblocking with 64 bits (64 of 0 requested)
[    4.939932] random 0014 0000 0000 9ff19f9c c07a1d2a: extract_entropy(.. 8 ..)
[    4.939934] random 0014 0000 0000 9ff19f9c c07a1d2a: trying to extract 64 bits from input
[    4.939936] random 0014 0000 0000 9ff19f9c c07a1d2a: debiting 0 entropy credits from input
[    4.939938] random 0014 0000 0000 9ff19f9c c07a1d2a: extract_entropy account returned: 0 
[    4.939941] random 0014 0000 0000 9ff19f9c c07a1d2a: urand_change_num 22 xfer_secondary_pool(8): pool_sig 0000031b, data_sig 00000000, bytes_mixed 0 9ff19f9c c07a1d2a
[    4.939944] random 0014 0000 0000 9ff19f9c c07a1d2a: trying to extract 64 bits from nonblocking
[    4.939947] random 0014 0000 0000 9ff19f9c c07a1d2a: debiting 64 entropy credits from nonblocking (unlimited)
[    4.939949] random 0014 0000 0000 9ff19f9c c07a1d2a: extract_entropy account returned: 8 
[    4.939953] random 0014 0000 0000 9ff19f9c c07a1d2a: urand_change_num 23 extract_buf: pool_sig 0000031b, data_sig ffffffb3, bytes_mixed 20 9ff19f9c c07a1d2a
[    4.942314] input: AT Translated Set 2 keyboard as /devices/platform/i8042/serio0/input/input1
[    5.131406] ata1: SATA link up 1.5 Gbps (SStatus 113 SControl 300)
[    5.131512] ata3: SATA link down (SStatus 0 SControl 300)
[    5.133283] ata1.00: ACPI cmd ef/02:00:00:00:00:a0 (SET FEATURES) succeeded
[    5.133286] ata1.00: ACPI cmd f5/00:00:00:00:00:a0 (SECURITY FREEZE LOCK) filtered out
[    5.134680] ata1.00: ACPI cmd ef/5f:00:00:00:00:a0 (SET FEATURES) succeeded
[    5.134683] ata1.00: ACPI cmd ef/10:03:00:00:00:a0 (SET FEATURES) filtered out
[    5.136594] ata1.00: ATA-7: ST910021AS, 4.06, max UDMA/100
[    5.136682] ata1.00: 195371568 sectors, multi 16: LBA48 
[    5.138832] ata1.00: ACPI cmd ef/02:00:00:00:00:a0 (SET FEATURES) succeeded
[    5.138834] ata1.00: ACPI cmd f5/00:00:00:00:00:a0 (SECURITY FREEZE LOCK) filtered out
[    5.140224] ata1.00: ACPI cmd ef/5f:00:00:00:00:a0 (SET FEATURES) succeeded
[    5.140226] ata1.00: ACPI cmd ef/10:03:00:00:00:a0 (SET FEATURES) filtered out
[    5.142150] ata1.00: configured for UDMA/100
[    5.152449] scsi 2:0:0:0: Direct-Access     ATA      ST910021AS       4.06 PQ: 0 ANSI: 5
[    5.152731] sd 2:0:0:0: [sda] 195371568 512-byte logical blocks: (100 GB/93.1 GiB)
[    5.152877] sd 2:0:0:0: [sda] Write Protect is off
[    5.152967] sd 2:0:0:0: [sda] Mode Sense: 00 3a 00 00
[    5.152979] sd 2:0:0:0: [sda] Write cache: enabled, read cache: enabled, doesn't support DPO or FUA
[    5.153165]  sda:
[    5.582532] random 0014 0000 0000 277f73c3 42024bb9: add_disk_randomness(8:0) 277f73c3 42024bb9
[    5.582624] random 0014 0000 0000 277f73c3 42024bb9: add_timer_randomness(.. 8388864) with jiffies: 6997980916215415190, cycles: 6997980911920742410
[    5.582627] random 0014 0000 0000 277f73c3 42024bb9: added 11 entropy credits to input
[    5.582632]  sda1 sda2
[    5.583098] random 0025 0000 0000 277f73c3 42024bb9: add_disk_randomness(8:0) 277f73c3 42024bb9
[    5.583101] random 0025 0000 0000 277f73c3 42024bb9: add_timer_randomness(.. 8388864) with jiffies: 7002286569390047638, cycles: 7002286565095374858
[    5.583254] sd 2:0:0:0: [sda] Attached SCSI disk
[    5.583351] random 0025 0000 0000 277f73c3 42024bb9: rand_read_num 6 get_random_bytes(12): sig 000007e9 277f73c3 42024bb9
[    5.583354] random 0025 0000 0000 277f73c3 42024bb9: extract_entropy(.. 12 ..)
[    5.583356] random 0025 0000 0000 277f73c3 42024bb9: going to reseed nonblocking with 96 bits (96 of 0 requested)
[    5.583358] random 0025 0000 0000 277f73c3 42024bb9: extract_entropy(.. 12 ..)
[    5.583361] random 0025 0000 0000 277f73c3 42024bb9: trying to extract 96 bits from input
[    5.583363] random 0025 0000 0000 277f73c3 42024bb9: debiting 0 entropy credits from input
[    5.583365] random 0025 0000 0000 277f73c3 42024bb9: extract_entropy account returned: 0 
[    5.583368] random 0025 0000 0000 277f73c3 42024bb9: urand_change_num 24 xfer_secondary_pool(12): pool_sig 000007e9, data_sig 00000000, bytes_mixed 0 277f73c3 42024bb9
[    5.583371] random 0025 0000 0000 277f73c3 42024bb9: trying to extract 96 bits from nonblocking
[    5.583373] random 0025 0000 0000 277f73c3 42024bb9: debiting 96 entropy credits from nonblocking (unlimited)
[    5.583376] random 0025 0000 0000 277f73c3 42024bb9: extract_entropy account returned: 12 
[    5.583380] random 0025 0000 0000 277f73c3 42024bb9: urand_change_num 25 extract_buf: pool_sig 000007e9, data_sig 00000088, bytes_mixed 20 277f73c3 42024bb9
[    5.583385] random 0025 0000 0000 277f73c3 42024bb9: urand_change_num 26 extract_buf: pool_sig 00000498, data_sig fffffefb, bytes_mixed 20 277f73c3 42024bb9
[    5.583388] RANDOM - __seed init called.
[    5.583389] RANDOM - __seed init called.
[    5.583390] RANDOM - __seed init called.
[    5.583392] RANDOM - __random32 called. Change num 12.  Value: 87f14767	f0d7351	b1e48bd3
[    5.583394] RANDOM - random32_reseed called.  Value: 87f14767	f0d7351	b1e48bd3
[    5.583396] Pid: 1, comm: swapper Not tainted 2.6.32.57 #6
[    5.583481] Call Trace:
[    5.583572]  [<c1923ca4>] ? random32_reseed+0xa0/0xb1
[    5.583662]  [<c1923c04>] ? random32_reseed+0x0/0xb1
[    5.583756]  [<c100111e>] ? do_one_initcall+0x2e/0x180
[    5.583850]  [<c1907265>] ? kernel_init+0xad/0x103
[    5.583944]  [<c19071b8>] ? kernel_init+0x0/0x103
[    5.584037]  [<c1003787>] ? kernel_thread_helper+0x7/0x10
[    5.584564] random 0025 0000 0000 386b4e60 ee4d4880: rand_read_num 7 get_random_bytes(64): sig fffffea5 386b4e60 ee4d4880
[    5.584567] random 0025 0000 0000 386b4e60 ee4d4880: extract_entropy(.. 64 ..)
[    5.584569] random 0025 0000 0000 386b4e60 ee4d4880: going to reseed nonblocking with 512 bits (512 of 0 requested)
[    5.584571] random 0025 0000 0000 386b4e60 ee4d4880: extract_entropy(.. 64 ..)
[    5.584573] random 0025 0000 0000 386b4e60 ee4d4880: trying to extract 512 bits from input
[    5.584576] random 0025 0000 0000 386b4e60 ee4d4880: debiting 0 entropy credits from input
[    5.584578] random 0025 0000 0000 386b4e60 ee4d4880: extract_entropy account returned: 0 
[    5.584581] random 0025 0000 0000 386b4e60 ee4d4880: urand_change_num 27 xfer_secondary_pool(64): pool_sig fffffea5, data_sig 00000000, bytes_mixed 0 386b4e60 ee4d4880
[    5.584584] random 0025 0000 0000 386b4e60 ee4d4880: trying to extract 512 bits from nonblocking
[    5.584586] random 0025 0000 0000 386b4e60 ee4d4880: debiting 512 entropy credits from nonblocking (unlimited)
[    5.584588] random 0025 0000 0000 386b4e60 ee4d4880: extract_entropy account returned: 64 
[    5.584592] random 0025 0000 0000 386b4e60 ee4d4880: urand_change_num 28 extract_buf: pool_sig fffffea5, data_sig 00000173, bytes_mixed 20 386b4e60 ee4d4880
[    5.584598] random 0025 0000 0000 412698f6 0cc8689a: urand_change_num 29 extract_buf: pool_sig 00000122, data_sig ffffff63, bytes_mixed 20 412698f6 0cc8689a
[    5.584603] random 0025 0000 0000 412698f6 0cc8689a: urand_change_num 30 extract_buf: pool_sig 000001f7, data_sig 00000012, bytes_mixed 20 412698f6 0cc8689a
[    5.584609] random 0025 0000 0000 9669941e 06f768b1: urand_change_num 31 extract_buf: pool_sig fffffb5b, data_sig 0000003f, bytes_mixed 20 9669941e 06f768b1
[    5.584614] random 0025 0000 0000 98486520 995551f0: urand_change_num 32 extract_buf: pool_sig fffffb39, data_sig 0000000e, bytes_mixed 20 98486520 995551f0
[    5.584619] random 0025 0000 0000 98486520 995551f0: urand_change_num 33 extract_buf: pool_sig fffffd8d, data_sig 000001a6, bytes_mixed 20 98486520 995551f0
[    5.584624] random 0025 0000 0000 61fc8914 d5882ed2: urand_change_num 34 extract_buf: pool_sig fffffa58, data_sig 0000023e, bytes_mixed 20 61fc8914 d5882ed2
[    5.584655] random 0025 0000 0000 61fc8914 d5882ed2: rand_read_num 8 get_random_bytes(64): sig fffff9ee 61fc8914 d5882ed2
[    5.584657] random 0025 0000 0000 61fc8914 d5882ed2: extract_entropy(.. 64 ..)
[    5.584660] random 0025 0000 0000 61fc8914 d5882ed2: going to reseed nonblocking with 512 bits (512 of 0 requested)
[    5.584662] random 0025 0000 0000 61fc8914 d5882ed2: extract_entropy(.. 64 ..)
[    5.584664] random 0025 0000 0000 61fc8914 d5882ed2: trying to extract 512 bits from input
[    5.584666] random 0025 0000 0000 61fc8914 d5882ed2: debiting 0 entropy credits from input
[    5.584668] random 0025 0000 0000 61fc8914 d5882ed2: extract_entropy account returned: 0 
[    5.584672] random 0025 0000 0000 61fc8914 d5882ed2: urand_change_num 35 xfer_secondary_pool(64): pool_sig fffff9ee, data_sig 00000000, bytes_mixed 0 61fc8914 d5882ed2
[    5.584675] random 0025 0000 0000 61fc8914 d5882ed2: trying to extract 512 bits from nonblocking
[    5.584677] random 0025 0000 0000 61fc8914 d5882ed2: debiting 512 entropy credits from nonblocking (unlimited)
[    5.584679] random 0025 0000 0000 61fc8914 d5882ed2: extract_entropy account returned: 64 
[    5.584683] random 0025 0000 0000 61fc8914 d5882ed2: urand_change_num 36 extract_buf: pool_sig fffff9ee, data_sig ffffff85, bytes_mixed 20 61fc8914 d5882ed2
[    5.584688] random 0025 0000 0000 70cfd302 e5edec11: urand_change_num 37 extract_buf: pool_sig fffffdc1, data_sig ffffffde, bytes_mixed 20 70cfd302 e5edec11
[    5.584694] random 0025 0000 0000 00dab838 eafd2b30: urand_change_num 38 extract_buf: pool_sig 000003da, data_sig ffffff61, bytes_mixed 20 00dab838 eafd2b30
[    5.584699] random 0025 0000 0000 00dab838 eafd2b30: urand_change_num 39 extract_buf: pool_sig 00000314, data_sig 00000121, bytes_mixed 20 00dab838 eafd2b30
[    5.584704] random 0025 0000 0000 5fcdf66a 6442b608: urand_change_num 40 extract_buf: pool_sig 0000028b, data_sig fffffefd, bytes_mixed 20 5fcdf66a 6442b608
[    5.584710] random 0025 0000 0000 61333f6b 8fae0f9b: urand_change_num 41 extract_buf: pool_sig 000000cb, data_sig 000000b3, bytes_mixed 20 61333f6b 8fae0f9b
[    5.584715] random 0025 0000 0000 61333f6b 8fae0f9b: urand_change_num 42 extract_buf: pool_sig fffffef8, data_sig 00000051, bytes_mixed 20 61333f6b 8fae0f9b
[    5.584718] BEGIN NET_SECRET:
[    5.584719] \xffffffe0
[    5.584720] \xffffffb6
[    5.584720] \x36
[    5.584721] \xffffffb5
[    5.584722] \xffffff94
[    5.584723] \xffffffb2
[    5.584724] \xffffffa8
[    5.584725] \xffffffda
[    5.584725] \x5b
[    5.584726] \x19
[    5.584727] \x18
[    5.584728] \x5c
[    5.584728] \x2b
[    5.584729] \x1
[    5.584730] \xffffff90
[    5.584731] \x19
[    5.584732] \x3c
[    5.584732] \xfffffff2
[    5.584733] \xffffff82
[    5.584734] \x2a
[    5.584735] \xffffffb3
[    5.584736] \xffffffa2
[    5.584736] \x3f
[    5.584737] \x5
[    5.584738] \x52
[    5.584739] \x77
[    5.584739] \x57
[    5.584740] \x79
[    5.584741] \x16
[    5.584741] \x43
[    5.584742] \xffffff84
[    5.584743] \xffffffc3
[    5.584744] \xffffffe9
[    5.584745] \x79
[    5.584745] \x50
[    5.584746] \xffffff8e
[    5.584747] \x3f
[    5.584748] \xfffffff3
[    5.584748] \x19
[    5.584749] \x2a
[    5.584750] \xfffffffd
[    5.584751] \xfffffffb
[    5.584752] \x62
[    5.584752] \x3c
[    5.584753] \xffffffac
[    5.584754] \x1c
[    5.584755] \x3b
[    5.584755] \x3b
[    5.584756] \x15
[    5.584757] \x27
[    5.584758] \xffffffa8
[    5.584758] \x22
[    5.584759] \xffffffc5
[    5.584760] \xffffff9a
[    5.584761] \x5
[    5.584761] \x6c
[    5.584762] \xffffffa8
[    5.584763] \x3a
[    5.584764] \x44
[    5.584764] \xffffffaf
[    5.584765] \x13
[    5.584766] \xffffffe0
[    5.584767] \xffffff9d
[    5.584768] \x22
[    5.584768] 
[    5.584769] END NET_SECRET
[    5.584772] random 0025 0000 0000 e7f555d9 e8ce5c3c: rand_read_num 9 get_random_bytes(4): sig 0000068c e7f555d9 e8ce5c3c
[    5.584774] random 0025 0000 0000 e7f555d9 e8ce5c3c: extract_entropy(.. 4 ..)
[    5.584776] random 0025 0000 0000 e7f555d9 e8ce5c3c: going to reseed nonblocking with 64 bits (32 of 0 requested)
[    5.584779] random 0025 0000 0000 e7f555d9 e8ce5c3c: extract_entropy(.. 8 ..)
[    5.584781] random 0025 0000 0000 e7f555d9 e8ce5c3c: trying to extract 64 bits from input
[    5.584783] random 0025 0000 0000 e7f555d9 e8ce5c3c: debiting 0 entropy credits from input
[    5.584785] random 0025 0000 0000 e7f555d9 e8ce5c3c: extract_entropy account returned: 0 
[    5.584788] random 0025 0000 0000 e7f555d9 e8ce5c3c: urand_change_num 43 xfer_secondary_pool(4): pool_sig 0000068c, data_sig 00000000, bytes_mixed 0 e7f555d9 e8ce5c3c
[    5.584791] random 0025 0000 0000 e7f555d9 e8ce5c3c: trying to extract 32 bits from nonblocking
[    5.584793] random 0025 0000 0000 e7f555d9 e8ce5c3c: debiting 32 entropy credits from nonblocking (unlimited)
[    5.584795] random 0025 0000 0000 e7f555d9 e8ce5c3c: extract_entropy account returned: 4 
[    5.584799] random 0025 0000 0000 e7f555d9 e8ce5c3c: urand_change_num 44 extract_buf: pool_sig 0000068c, data_sig fffffdcb, bytes_mixed 20 e7f555d9 e8ce5c3c
[    5.584810] md: Waiting for all devices to be available before autodetect
[    5.584909] md: If you don't use raid, use raid=noautodetect
[    5.585077] md: Autodetecting RAID arrays.
[    5.585163] md: Scanned 0 and added 0 devices.
[    5.585259] md: autorun ...
[    5.585347] md: ... autorun DONE.
[    5.598745] random 0025 0000 0000 e7f555d9 e8ce5c3c: add_disk_randomness(8:0) e7f555d9 e8ce5c3c
[    5.598748] random 0025 0000 0000 e7f555d9 e8ce5c3c: add_timer_randomness(.. 8388864) with jiffies: 7143059280772170150, cycles: 7143059276477497354
[    5.598751] random 0025 0000 0000 e7f555d9 e8ce5c3c: added 4 entropy credits to input
[    5.599863] random 0029 0000 0000 e7f555d9 e8ce5c3c: add_disk_randomness(8:0) e7f555d9 e8ce5c3c
[    5.599866] random 0029 0000 0000 e7f555d9 e8ce5c3c: add_timer_randomness(.. 8388864) with jiffies: 7153115993940394407, cycles: 7153115989645721610
[    5.606949] random 0029 0000 0000 e7f555d9 e8ce5c3c: add_disk_randomness(8:0) e7f555d9 e8ce5c3c
[    5.606952] random 0029 0000 0000 e7f555d9 e8ce5c3c: add_timer_randomness(.. 8388864) with jiffies: 7216871600878748078, cycles: 7216871596584075274
[    5.606955] random 0029 0000 0000 e7f555d9 e8ce5c3c: added 2 entropy credits to input
[    5.606959] EXT3-fs: sda2: couldn't mount because of unsupported optional features (240).
[    5.607188] random 0031 0000 0000 e7f555d9 e8ce5c3c: add_disk_randomness(8:0) e7f555d9 e8ce5c3c
[    5.607191] random 0031 0000 0000 e7f555d9 e8ce5c3c: add_timer_randomness(.. 8388864) with jiffies: 7219026974381670830, cycles: 7219026970086998026
[    5.607196] EXT2-fs: sda2: couldn't mount because of unsupported optional features (240).
[    5.607417] random 0031 0000 0000 e7f555d9 e8ce5c3c: add_disk_randomness(8:0) e7f555d9 e8ce5c3c
[    5.607420] random 0031 0000 0000 e7f555d9 e8ce5c3c: add_timer_randomness(.. 8388864) with jiffies: 7221076459760877999, cycles: 7221076455466205194
[    5.607548] random 0031 0000 0000 e7f555d9 e8ce5c3c: add_disk_randomness(8:0) e7f555d9 e8ce5c3c
[    5.607551] random 0031 0000 0000 e7f555d9 e8ce5c3c: add_timer_randomness(.. 8388864) with jiffies: 7222260668143731119, cycles: 7222260663849058314
[    5.607668] random 0031 0000 0000 e7f555d9 e8ce5c3c: add_disk_randomness(8:0) e7f555d9 e8ce5c3c
[    5.607671] random 0031 0000 0000 e7f555d9 e8ce5c3c: add_timer_randomness(.. 8388864) with jiffies: 7223339211741168047, cycles: 7223339207446495242
[    5.607777] random 0031 0000 0000 e7f555d9 e8ce5c3c: add_disk_randomness(8:0) e7f555d9 e8ce5c3c
[    5.607780] random 0031 0000 0000 e7f555d9 e8ce5c3c: add_timer_randomness(.. 8388864) with jiffies: 7224322600338162095, cycles: 7224322596043489290
[    5.607928] random 0031 0000 0000 e7f555d9 e8ce5c3c: add_disk_randomness(8:0) e7f555d9 e8ce5c3c
[    5.607931] random 0031 0000 0000 e7f555d9 e8ce5c3c: add_timer_randomness(.. 8388864) with jiffies: 7225681467861074351, cycles: 7225681463566401546
[    5.608055] random 0031 0000 0000 e7f555d9 e8ce5c3c: add_disk_randomness(8:0) e7f555d9 e8ce5c3c
[    5.608058] random 0031 0000 0000 e7f555d9 e8ce5c3c: add_timer_randomness(.. 8388864) with jiffies: 7226824904119386543, cycles: 7226824899824713738
[    5.608171] random 0031 0000 0000 e7f555d9 e8ce5c3c: add_disk_randomness(8:0) e7f555d9 e8ce5c3c
[    5.608174] random 0031 0000 0000 e7f555d9 e8ce5c3c: add_timer_randomness(.. 8388864) with jiffies: 7227868091546042799, cycles: 7227868087251369994
[    5.608324] random 0031 0000 0000 e7f555d9 e8ce5c3c: add_disk_randomness(8:0) e7f555d9 e8ce5c3c
[    5.608327] random 0031 0000 0000 e7f555d9 e8ce5c3c: add_timer_randomness(.. 8388864) with jiffies: 7229250770367644079, cycles: 7229250766072971274
[    5.608565] random 0031 0000 0000 e7f555d9 e8ce5c3c: rand_read_num 10 get_random_bytes(4): sig ffffff72 e7f555d9 e8ce5c3c
[    5.608567] random 0031 0000 0000 e7f555d9 e8ce5c3c: extract_entropy(.. 4 ..)
[    5.608570] random 0031 0000 0000 e7f555d9 e8ce5c3c: going to reseed nonblocking with 64 bits (32 of 0 requested)
[    5.608572] random 0031 0000 0000 e7f555d9 e8ce5c3c: extract_entropy(.. 8 ..)
[    5.608574] random 0031 0000 0000 e7f555d9 e8ce5c3c: trying to extract 64 bits from input
[    5.608576] random 0031 0000 0000 e7f555d9 e8ce5c3c: debiting 0 entropy credits from input
[    5.608578] random 0031 0000 0000 e7f555d9 e8ce5c3c: extract_entropy account returned: 0 
[    5.608581] random 0031 0000 0000 e7f555d9 e8ce5c3c: urand_change_num 45 xfer_secondary_pool(4): pool_sig ffffff72, data_sig 00000000, bytes_mixed 0 e7f555d9 e8ce5c3c
[    5.608584] random 0031 0000 0000 e7f555d9 e8ce5c3c: trying to extract 32 bits from nonblocking
[    5.608587] random 0031 0000 0000 e7f555d9 e8ce5c3c: debiting 32 entropy credits from nonblocking (unlimited)
[    5.608589] random 0031 0000 0000 e7f555d9 e8ce5c3c: extract_entropy account returned: 4 
[    5.608593] random 0031 0000 0000 e7f555d9 e8ce5c3c: urand_change_num 46 extract_buf: pool_sig ffffff72, data_sig ffffff72, bytes_mixed 20 e7f555d9 e8ce5c3c
[    5.613191] random 0031 0000 0000 91716c54 eeb6a1e7: add_disk_randomness(8:0) 91716c54 eeb6a1e7
[    5.613194] random 0031 0000 0000 91716c54 eeb6a1e7: add_timer_randomness(.. 8388864) with jiffies: 7273034607580905908, cycles: 7273034603286233098
[    5.613196] random 0031 0000 0000 91716c54 eeb6a1e7: added 2 entropy credits to input
[    5.631467] random 0033 0000 0000 91716c54 eeb6a1e7: add_disk_randomness(8:0) 91716c54 eeb6a1e7
[    5.631470] random 0033 0000 0000 91716c54 eeb6a1e7: add_timer_randomness(.. 8388864) with jiffies: 7437456813349110215, cycles: 7437456809054437386
[    5.631472] random 0033 0000 0000 91716c54 eeb6a1e7: added 3 entropy credits to input
[    5.636133] EXT4-fs (sda2): mounted filesystem with ordered data mode
[    5.636339] VFS: Mounted root (ext4 filesystem) readonly on device 8:2.
[    5.636438] Freeing unused kernel memory: 448k freed
[    5.656660] random 0036 0000 0000 91716c54 eeb6a1e7: add_disk_randomness(8:0) 91716c54 eeb6a1e7
[    5.656663] random 0036 0000 0000 91716c54 eeb6a1e7: add_timer_randomness(.. 8388864) with jiffies: 7664132933690294752, cycles: 7664132929395621898
[    5.656666] random 0036 0000 0000 91716c54 eeb6a1e7: added 2 entropy credits to input
[    5.657345] random 0038 0000 0000 91716c54 eeb6a1e7: add_disk_randomness(8:0) 91716c54 eeb6a1e7
[    5.657348] random 0038 0000 0000 91716c54 eeb6a1e7: add_timer_randomness(.. 8388864) with jiffies: 7670286260320829921, cycles: 7670286256026157066
[    5.662070] random 0038 0000 0000 91716c54 eeb6a1e7: add_disk_randomness(8:0) 91716c54 eeb6a1e7
[    5.662073] random 0038 0000 0000 91716c54 eeb6a1e7: add_timer_randomness(.. 8388864) with jiffies: 7712806702839202277, cycles: 7712806698544529418
[    5.662075] random 0038 0000 0000 91716c54 eeb6a1e7: added 1 entropy credits to input
[    5.670266] random 0039 0000 0000 91716c54 eeb6a1e7: add_disk_randomness(8:0) 91716c54 eeb6a1e7
[    5.670269] random 0039 0000 0000 91716c54 eeb6a1e7: add_timer_randomness(.. 8388864) with jiffies: 7786558773144551917, cycles: 7786558768849879050
[    5.673691] random 0039 0000 0000 91716c54 eeb6a1e7: add_disk_randomness(8:0) 91716c54 eeb6a1e7
[    5.673694] random 0039 0000 0000 91716c54 eeb6a1e7: add_timer_randomness(.. 8388864) with jiffies: 7817360805417681393, cycles: 7817360801123008522
[    5.673697] random 0039 0000 0000 91716c54 eeb6a1e7: added 2 entropy credits to input
[    5.682589] random 0041 0000 0000 91716c54 eeb6a1e7: add_disk_randomness(8:0) 91716c54 eeb6a1e7
[    5.682592] random 0041 0000 0000 91716c54 eeb6a1e7: add_timer_randomness(.. 8388864) with jiffies: 7897420524823478778, cycles: 7897420520528805898
[    5.682595] random 0041 0000 0000 91716c54 eeb6a1e7: added 2 entropy credits to input
[    5.695868] random 0043 0000 0000 91716c54 eeb6a1e7: add_disk_randomness(8:0) 91716c54 eeb6a1e7
[    5.695871] random 0043 0000 0000 91716c54 eeb6a1e7: add_timer_randomness(.. 8388864) with jiffies: 8016899535676342791, cycles: 8016899531381669898
[    5.703948] random 0043 0000 0000 91716c54 eeb6a1e7: add_disk_randomness(8:0) 91716c54 eeb6a1e7
[    5.703951] random 0043 0000 0000 91716c54 eeb6a1e7: add_timer_randomness(.. 8388864) with jiffies: 8089595563717919247, cycles: 8089595559423246346
[    5.703954] random 0043 0000 0000 91716c54 eeb6a1e7: added 2 entropy credits to input
[    5.703977] RANDOM get_random_int call with cycles 44833233112, jiffies 4294672911 and pid 1
[    5.703979] RANDOM get_random_int call with cycles 44833240074, jiffies 4294672911 and pid 1
[    5.703981] ASLR stack rand value: 6463488 after shift for pid: 1
[    5.703983] RANDOM get_random_int call with cycles 44833247875, jiffies 4294672911 and pid 1
[    5.715590] random 0045 0000 0000 91716c54 eeb6a1e7: add_disk_randomness(8:0) 91716c54 eeb6a1e7
[    5.715593] random 0045 0000 0000 91716c54 eeb6a1e7: add_timer_randomness(.. 8388864) with jiffies: 8194330690577990171, cycles: 8194330686283317258
[    5.715595] random 0045 0000 0000 91716c54 eeb6a1e7: added 2 entropy credits to input
[    5.715605] RANDOM get_random_int call with cycles 44857592556, jiffies 4294672923 and pid 1
[    5.715612] random 0047 0000 0000 91716c54 eeb6a1e7: rand_read_num 11 get_random_bytes(16): sig fffffcad 91716c54 eeb6a1e7
[    5.715614] random 0047 0000 0000 91716c54 eeb6a1e7: extract_entropy(.. 16 ..)
[    5.715616] random 0047 0000 0000 91716c54 eeb6a1e7: going to reseed nonblocking with 128 bits (128 of 0 requested)
[    5.715619] random 0047 0000 0000 91716c54 eeb6a1e7: extract_entropy(.. 16 ..)
[    5.715621] random 0047 0000 0000 91716c54 eeb6a1e7: trying to extract 128 bits from input
[    5.715623] random 0047 0000 0000 91716c54 eeb6a1e7: debiting 0 entropy credits from input
[    5.715625] random 0047 0000 0000 91716c54 eeb6a1e7: extract_entropy account returned: 0 
[    5.715628] random 0047 0000 0000 91716c54 eeb6a1e7: urand_change_num 47 xfer_secondary_pool(16): pool_sig fffffcad, data_sig 00000000, bytes_mixed 0 91716c54 eeb6a1e7
[    5.715631] random 0047 0000 0000 91716c54 eeb6a1e7: trying to extract 128 bits from nonblocking
[    5.715634] random 0047 0000 0000 91716c54 eeb6a1e7: debiting 128 entropy credits from nonblocking (unlimited)
[    5.715636] random 0047 0000 0000 91716c54 eeb6a1e7: extract_entropy account returned: 16 
[    5.715640] random 0047 0000 0000 91716c54 eeb6a1e7: urand_change_num 48 extract_buf: pool_sig fffffcad, data_sig ffffff19, bytes_mixed 20 91716c54 eeb6a1e7
[    5.715646] random 0047 0000 0000 fd637b06 6cf47bc1: urand_change_num 49 extract_buf: pool_sig fffffede, data_sig ffffffc1, bytes_mixed 20 fd637b06 6cf47bc1
[    5.716606] random 0047 0000 0000 fd637b06 6cf47bc1: add_disk_randomness(8:0) fd637b06 6cf47bc1
[    5.716609] random 0047 0000 0000 fd637b06 6cf47bc1: add_timer_randomness(.. 8388864) with jiffies: 8203477519219524124, cycles: 8203477514924851210
[    5.717745] random 0047 0000 0000 fd637b06 6cf47bc1: add_disk_randomness(8:0) fd637b06 6cf47bc1
[    5.717748] random 0047 0000 0000 fd637b06 6cf47bc1: add_timer_randomness(.. 8388864) with jiffies: 8213726977635090973, cycles: 8213726973340418058
[    5.718898] random 0047 0000 0000 fd637b06 6cf47bc1: add_disk_randomness(8:0) fd637b06 6cf47bc1
[    5.718901] random 0047 0000 0000 fd637b06 6cf47bc1: add_timer_randomness(.. 8388864) with jiffies: 8224105637256856094, cycles: 8224105632962183178
[    5.719764] random 0047 0000 0000 fd637b06 6cf47bc1: add_disk_randomness(8:0) fd637b06 6cf47bc1
[    5.719767] random 0047 0000 0000 fd637b06 6cf47bc1: add_timer_randomness(.. 8388864) with jiffies: 8231893916203057695, cycles: 8231893911908384778
[    5.719947] random 0047 0000 0000 fd637b06 6cf47bc1: add_disk_randomness(8:0) fd637b06 6cf47bc1
[    5.719950] random 0047 0000 0000 fd637b06 6cf47bc1: add_timer_randomness(.. 8388864) with jiffies: 8233542397665706527, cycles: 8233542393371033610
[    5.720171] random 0047 0000 0000 fd637b06 6cf47bc1: add_disk_randomness(8:0) fd637b06 6cf47bc1
[    5.720174] random 0047 0000 0000 fd637b06 6cf47bc1: add_timer_randomness(.. 8388864) with jiffies: 8235555216909107743, cycles: 8235555212614434826
[    5.730651] random 0047 0000 0000 fd637b06 6cf47bc1: add_disk_randomness(8:0) fd637b06 6cf47bc1
[    5.730654] random 0047 0000 0000 fd637b06 6cf47bc1: add_timer_randomness(.. 8388864) with jiffies: 8329843767829561898, cycles: 8329843763534888970
[    5.730657] random 0047 0000 0000 fd637b06 6cf47bc1: added 3 entropy credits to input
[    5.731091] random 0050 0000 0000 fd637b06 6cf47bc1: add_disk_randomness(8:0) fd637b06 6cf47bc1
[    5.731094] random 0050 0000 0000 fd637b06 6cf47bc1: add_timer_randomness(.. 8388864) with jiffies: 8333805956764500522, cycles: 8333805952469827594
[    5.740834] random 0050 0000 0000 fd637b06 6cf47bc1: add_disk_randomness(8:0) fd637b06 6cf47bc1
[    5.740837] random 0050 0000 0000 fd637b06 6cf47bc1: add_timer_randomness(.. 8388864) with jiffies: 8421462790417121844, cycles: 8421462786122448906
[    5.740840] random 0050 0000 0000 fd637b06 6cf47bc1: added 3 entropy credits to input
[    5.740892] RANDOM get_random_int call with cycles 44910565003, jiffies 4294672948 and pid 1
[    5.753478] random 0053 0000 0000 fd637b06 6cf47bc1: add_disk_randomness(8:0) fd637b06 6cf47bc1
[    5.753481] random 0053 0000 0000 fd637b06 6cf47bc1: add_timer_randomness(.. 8388864) with jiffies: 8535217434498138689, cycles: 8535217430203465738
[    5.753484] random 0053 0000 0000 fd637b06 6cf47bc1: added 1 entropy credits to input
[    5.766585] random 0054 0000 0000 fd637b06 6cf47bc1: add_disk_randomness(8:0) fd637b06 6cf47bc1
[    5.766588] random 0054 0000 0000 fd637b06 6cf47bc1: add_timer_randomness(.. 8388864) with jiffies: 8653147851942756942, cycles: 8653147847648083978
[    5.766728] random 0054 0000 0000 fd637b06 6cf47bc1: add_disk_randomness(8:0) fd637b06 6cf47bc1
[    5.766731] random 0054 0000 0000 fd637b06 6cf47bc1: add_timer_randomness(.. 8388864) with jiffies: 8654430913292894798, cycles: 8654430908998221834
[    5.768893] random 0054 0000 0000 fd637b06 6cf47bc1: add_disk_randomness(8:0) fd637b06 6cf47bc1
[    5.768896] random 0054 0000 0000 fd637b06 6cf47bc1: add_timer_randomness(.. 8388864) with jiffies: 8673917076835631696, cycles: 8673917072540958730
[    5.768899] random 0054 0000 0000 fd637b06 6cf47bc1: added 1 entropy credits to input
[    5.769130] random 0055 0000 0000 fd637b06 6cf47bc1: add_disk_randomness(8:0) fd637b06 6cf47bc1
[    5.769133] random 0055 0000 0000 fd637b06 6cf47bc1: add_timer_randomness(.. 8388864) with jiffies: 8676056262606815824, cycles: 8676056258312142858
[    5.769270] random 0055 0000 0000 fd637b06 6cf47bc1: add_disk_randomness(8:0) fd637b06 6cf47bc1
[    5.769273] random 0055 0000 0000 fd637b06 6cf47bc1: add_timer_randomness(.. 8388864) with jiffies: 8677317312249561680, cycles: 8677317307954888714
[    5.772445] random 0055 0000 0000 fd637b06 6cf47bc1: add_disk_randomness(8:0) fd637b06 6cf47bc1
[    5.772448] random 0055 0000 0000 fd637b06 6cf47bc1: add_timer_randomness(.. 8388864) with jiffies: 8705865075102810708, cycles: 8705865070808137738
[    5.772450] random 0055 0000 0000 fd637b06 6cf47bc1: added 2 entropy credits to input
[    5.774457] random 0057 0000 0000 fd637b06 6cf47bc1: add_disk_randomness(8:0) fd637b06 6cf47bc1
[    5.774460] random 0057 0000 0000 fd637b06 6cf47bc1: add_timer_randomness(.. 8388864) with jiffies: 8723971540531249750, cycles: 8723971536236576778
[    5.774463] random 0057 0000 0000 fd637b06 6cf47bc1: added 1 entropy credits to input
[    5.782283] random 0058 0000 0000 fd637b06 6cf47bc1: add_disk_randomness(8:0) fd637b06 6cf47bc1
[    5.782286] random 0058 0000 0000 fd637b06 6cf47bc1: add_timer_randomness(.. 8388864) with jiffies: 8794398911012504157, cycles: 8794398906717831178
[    5.782289] random 0058 0000 0000 fd637b06 6cf47bc1: added 2 entropy credits to input
[    5.782420] random 0060 0000 0000 fd637b06 6cf47bc1: add_disk_randomness(8:0) fd637b06 6cf47bc1
[    5.782423] random 0060 0000 0000 fd637b06 6cf47bc1: add_timer_randomness(.. 8388864) with jiffies: 8795615228570862174, cycles: 8795615224276189194
[    5.785985] random 0060 0000 0000 fd637b06 6cf47bc1: add_disk_randomness(8:0) fd637b06 6cf47bc1
[    5.785988] random 0060 0000 0000 fd637b06 6cf47bc1: add_timer_randomness(.. 8388864) with jiffies: 8827695361506902625, cycles: 8827695357212229642
[    5.785990] random 0060 0000 0000 fd637b06 6cf47bc1: added 1 entropy credits to input
[    5.790479] random 0061 0000 0000 fd637b06 6cf47bc1: add_disk_randomness(8:0) fd637b06 6cf47bc1
[    5.790482] random 0061 0000 0000 fd637b06 6cf47bc1: add_timer_randomness(.. 8388864) with jiffies: 8868125907298779750, cycles: 8868125903004106762
[    5.796059] random 0061 0000 0000 fd637b06 6cf47bc1: add_disk_randomness(8:0) fd637b06 6cf47bc1
[    5.796062] random 0061 0000 0000 fd637b06 6cf47bc1: add_timer_randomness(.. 8388864) with jiffies: 8918337850265272939, cycles: 8918337845970599946
[    5.802337] random 0061 0000 0000 fd637b06 6cf47bc1: add_disk_randomness(8:0) fd637b06 6cf47bc1
[    5.802340] random 0061 0000 0000 fd637b06 6cf47bc1: add_timer_randomness(.. 8388864) with jiffies: 8974813062435144306, cycles: 8974813058140471306
[    5.802343] random 0061 0000 0000 fd637b06 6cf47bc1: added 1 entropy credits to input
[    5.802356] random 0062 0000 0000 fd637b06 6cf47bc1: rand_read_num 12 get_random_bytes(16): sig 0000033b fd637b06 6cf47bc1
[    5.802359] random 0062 0000 0000 fd637b06 6cf47bc1: extract_entropy(.. 16 ..)
[    5.802361] random 0062 0000 0000 fd637b06 6cf47bc1: going to reseed nonblocking with 128 bits (128 of 0 requested)
[    5.802364] random 0062 0000 0000 fd637b06 6cf47bc1: extract_entropy(.. 16 ..)
[    5.802366] random 0062 0000 0000 fd637b06 6cf47bc1: trying to extract 128 bits from input
[    5.802368] random 0062 0000 0000 fd637b06 6cf47bc1: debiting 0 entropy credits from input
[    5.802370] random 0062 0000 0000 fd637b06 6cf47bc1: extract_entropy account returned: 0 
[    5.802373] random 0062 0000 0000 fd637b06 6cf47bc1: urand_change_num 50 xfer_secondary_pool(16): pool_sig 0000033b, data_sig 00000000, bytes_mixed 0 fd637b06 6cf47bc1
[    5.802376] random 0062 0000 0000 fd637b06 6cf47bc1: trying to extract 128 bits from nonblocking
[    5.802379] random 0062 0000 0000 fd637b06 6cf47bc1: debiting 128 entropy credits from nonblocking (unlimited)
[    5.802381] random 0062 0000 0000 fd637b06 6cf47bc1: extract_entropy account returned: 16 
[    5.802385] random 0062 0000 0000 fd637b06 6cf47bc1: urand_change_num 51 extract_buf: pool_sig 0000033b, data_sig 000000d8, bytes_mixed 20 fd637b06 6cf47bc1
[    5.802391] random 0062 0000 0000 0ec1f012 d4727ca8: urand_change_num 52 extract_buf: pool_sig fffffcf5, data_sig 00000016, bytes_mixed 20 0ec1f012 d4727ca8
[    5.809083] random 0062 0000 0000 45b1d0b1 845a73f7: add_disk_randomness(8:0) 45b1d0b1 845a73f7
[    5.809086] random 0062 0000 0000 45b1d0b1 845a73f7: add_timer_randomness(.. 8388864) with jiffies: 9035515686360416888, cycles: 9035515682065743882
[    5.816305] random 0062 0000 0000 45b1d0b1 845a73f7: add_disk_randomness(8:0) 45b1d0b1 845a73f7
[    5.816308] random 0062 0000 0000 45b1d0b1 845a73f7: add_timer_randomness(.. 8388864) with jiffies: 9100499967478039167, cycles: 9100499963183366154
[    5.825950] random 0062 0000 0000 45b1d0b1 845a73f7: add_disk_randomness(8:0) 45b1d0b1 845a73f7
[    5.825953] random 0062 0000 0000 45b1d0b1 845a73f7: add_timer_randomness(.. 8388864) with jiffies: 9187272308450624137, cycles: 9187272304155951114
[    5.825956] random 0062 0000 0000 45b1d0b1 845a73f7: added 1 entropy credits to input
[    5.833728] random 0063 0000 0000 45b1d0b1 845a73f7: add_disk_randomness(8:0) 45b1d0b1 845a73f7
[    5.833731] random 0063 0000 0000 45b1d0b1 845a73f7: add_timer_randomness(.. 8388864) with jiffies: 9257246272119341713, cycles: -9189497805884882934
[    5.833734] random 0063 0000 0000 45b1d0b1 845a73f7: added 1 entropy credits to input
[    5.845191] random 0064 0000 0000 45b1d0b1 845a73f7: add_disk_randomness(8:0) 45b1d0b1 845a73f7
[    5.845194] random 0064 0000 0000 45b1d0b1 845a73f7: add_timer_randomness(.. 8388864) with jiffies: 9360387124299006620, cycles: -9086356953705218038
[    5.845196] random 0064 0000 0000 45b1d0b1 845a73f7: added 1 entropy credits to input
[    5.859459] random 0065 0000 0000 45b1d0b1 845a73f7: add_disk_randomness(8:0) 45b1d0b1 845a73f7
[    5.859462] random 0065 0000 0000 45b1d0b1 845a73f7: add_timer_randomness(.. 8388864) with jiffies: 9488753337315328683, cycles: -8957990740688895990
[    5.864859] random 0065 0000 0000 45b1d0b1 845a73f7: add_disk_randomness(8:0) 45b1d0b1 845a73f7
[    5.864862] random 0065 0000 0000 45b1d0b1 845a73f7: add_timer_randomness(.. 8388864) with jiffies: 9537345751193715376, cycles: -8909398326810509302
[    5.864865] random 0065 0000 0000 45b1d0b1 845a73f7: added 2 entropy credits to input
[    5.870028] random 0067 0000 0000 45b1d0b1 845a73f7: add_disk_randomness(8:0) 45b1d0b1 845a73f7
[    5.870031] random 0067 0000 0000 45b1d0b1 845a73f7: add_timer_randomness(.. 8388864) with jiffies: 9583851382196896437, cycles: -8862892695807328246
[    5.882403] random 0067 0000 0000 45b1d0b1 845a73f7: add_disk_randomness(8:0) 45b1d0b1 845a73f7
[    5.882407] random 0067 0000 0000 45b1d0b1 845a73f7: add_timer_randomness(.. 8388864) with jiffies: 9695187062042100418, cycles: -8751557015962124278
[    5.882409] random 0067 0000 0000 45b1d0b1 845a73f7: added 3 entropy credits to input
[    5.895684] random 0070 0000 0000 45b1d0b1 845a73f7: add_disk_randomness(8:0) 45b1d0b1 845a73f7
[    5.895687] random 0070 0000 0000 45b1d0b1 845a73f7: add_timer_randomness(.. 8388864) with jiffies: 9814676711528956623, cycles: -8632067366475268086
[    5.903216] random 0070 0000 0000 45b1d0b1 845a73f7: add_disk_randomness(8:0) 45b1d0b1 845a73f7
[    5.903219] random 0070 0000 0000 45b1d0b1 845a73f7: add_timer_randomness(.. 8388864) with jiffies: 9882450883142976214, cycles: -8564293194861248502
[    5.903221] random 0070 0000 0000 45b1d0b1 845a73f7: added 2 entropy credits to input
[    5.912818] random 0072 0000 0000 45b1d0b1 845a73f7: add_disk_randomness(8:0) 45b1d0b1 845a73f7
[    5.912821] random 0072 0000 0000 45b1d0b1 845a73f7: add_timer_randomness(.. 8388864) with jiffies: 9968844184661754592, cycles: -8477899893342470134
[    5.912824] random 0072 0000 0000 45b1d0b1 845a73f7: added 1 entropy credits to input
[    5.920344] random 0073 0000 0000 45b1d0b1 845a73f7: add_disk_randomness(8:0) 45b1d0b1 845a73f7
[    5.920347] random 0073 0000 0000 45b1d0b1 845a73f7: add_timer_randomness(.. 8388864) with jiffies: 10036545840047948520, cycles: -8410198237956276214
[    5.920350] random 0073 0000 0000 45b1d0b1 845a73f7: added 1 entropy credits to input
[    5.930356] random 0074 0000 0000 45b1d0b1 845a73f7: add_disk_randomness(8:0) 45b1d0b1 845a73f7
[    5.930359] random 0074 0000 0000 45b1d0b1 845a73f7: add_timer_randomness(.. 8388864) with jiffies: 10126623982988526322, cycles: -8320120095015698422
[    5.930361] random 0074 0000 0000 45b1d0b1 845a73f7: added 1 entropy credits to input
[    5.934922] random 0075 0000 0000 45b1d0b1 845a73f7: add_disk_randomness(8:0) 45b1d0b1 845a73f7
[    5.934925] random 0075 0000 0000 45b1d0b1 845a73f7: add_timer_randomness(.. 8388864) with jiffies: 10167718900091552502, cycles: -8279025177912672246
[    5.934928] random 0075 0000 0000 45b1d0b1 845a73f7: added 2 entropy credits to input
[    5.942278] random 0077 0000 0000 45b1d0b1 845a73f7: add_disk_randomness(8:0) 45b1d0b1 845a73f7
[    5.942281] random 0077 0000 0000 45b1d0b1 845a73f7: add_timer_randomness(.. 8388864) with jiffies: 10233901593048875773, cycles: -8212842484955348982
[    5.942283] random 0077 0000 0000 45b1d0b1 845a73f7: added 1 entropy credits to input
[    5.947533] random 0078 0000 0000 45b1d0b1 845a73f7: add_disk_randomness(8:0) 45b1d0b1 845a73f7
[    5.947536] random 0078 0000 0000 45b1d0b1 845a73f7: add_timer_randomness(.. 8388864) with jiffies: 10281177260148622083, cycles: -8165566817855602678
[    5.953965] random 0078 0000 0000 45b1d0b1 845a73f7: add_disk_randomness(8:0) 45b1d0b1 845a73f7
[    5.953968] random 0078 0000 0000 45b1d0b1 845a73f7: add_timer_randomness(.. 8388864) with jiffies: 10339054903694689033, cycles: -8107689174309535734
[    5.959021] random 0078 0000 0000 45b1d0b1 845a73f7: add_disk_randomness(8:0) 45b1d0b1 845a73f7
[    5.959024] random 0078 0000 0000 45b1d0b1 845a73f7: add_timer_randomness(.. 8388864) with jiffies: 10384542378340614926, cycles: -8062201699663609846
[    5.964919] random 0078 0000 0000 45b1d0b1 845a73f7: add_disk_randomness(8:0) 45b1d0b1 845a73f7
[    5.964922] random 0078 0000 0000 45b1d0b1 845a73f7: add_timer_randomness(.. 8388864) with jiffies: 10437607931938308884, cycles: -8009136146065915894
[    5.974272] random 0078 0000 0000 45b1d0b1 845a73f7: add_disk_randomness(8:0) 45b1d0b1 845a73f7
[    5.974275] random 0078 0000 0000 45b1d0b1 845a73f7: add_timer_randomness(.. 8388864) with jiffies: 10521763237668291357, cycles: -7924980840335933430
[    5.974278] random 0078 0000 0000 45b1d0b1 845a73f7: added 1 entropy credits to input
[    5.979151] random 0079 0000 0000 45b1d0b1 845a73f7: add_disk_randomness(8:0) 45b1d0b1 845a73f7
[    5.979154] random 0079 0000 0000 45b1d0b1 845a73f7: add_timer_randomness(.. 8388864) with jiffies: 10565661578709664546, cycles: -7881082499294560246
[    5.979157] random 0079 0000 0000 45b1d0b1 845a73f7: added 2 entropy credits to input
[    5.986582] random 0081 0000 0000 45b1d0b1 845a73f7: add_disk_randomness(8:0) 45b1d0b1 845a73f7
[    5.986585] random 0081 0000 0000 45b1d0b1 845a73f7: add_timer_randomness(.. 8388864) with jiffies: 10632506701652919082, cycles: -7814237376351305718
[    5.986588] random 0081 0000 0000 45b1d0b1 845a73f7: added 1 entropy credits to input
[    5.992802] random 0082 0000 0000 45b1d0b1 845a73f7: add_disk_randomness(8:0) 45b1d0b1 845a73f7
[    5.992805] random 0082 0000 0000 45b1d0b1 845a73f7: add_timer_randomness(.. 8388864) with jiffies: 10688476151358915376, cycles: -7758267926645309430
[    5.992808] random 0082 0000 0000 45b1d0b1 845a73f7: added 1 entropy credits to input
[    5.998275] random 0083 0000 0000 45b1d0b1 845a73f7: add_disk_randomness(8:0) 45b1d0b1 845a73f7
[    5.998278] random 0083 0000 0000 45b1d0b1 845a73f7: add_timer_randomness(.. 8388864) with jiffies: 10737724952204247861, cycles: -7709019125799976950
[    6.007367] random 0083 0000 0000 45b1d0b1 845a73f7: add_disk_randomness(8:0) 45b1d0b1 845a73f7
[    6.007370] random 0083 0000 0000 45b1d0b1 845a73f7: add_timer_randomness(.. 8388864) with jiffies: 10819507430237111103, cycles: -7627236647767113718
[    6.007373] random 0083 0000 0000 45b1d0b1 845a73f7: added 2 entropy credits to input
[    6.014783] random 0085 0000 0000 45b1d0b1 845a73f7: add_disk_randomness(8:0) 45b1d0b1 845a73f7
[    6.014787] random 0085 0000 0000 45b1d0b1 845a73f7: add_timer_randomness(.. 8388864) with jiffies: 10886244998609339206, cycles: -7560499079394885622
[    6.014789] random 0085 0000 0000 45b1d0b1 845a73f7: added 1 entropy credits to input
[    6.024466] random 0086 0000 0000 45b1d0b1 845a73f7: add_disk_randomness(8:0) 45b1d0b1 845a73f7
[    6.024469] random 0086 0000 0000 45b1d0b1 845a73f7: add_timer_randomness(.. 8388864) with jiffies: 10973359627000578896, cycles: -7473384451003645942
[    6.024472] random 0086 0000 0000 45b1d0b1 845a73f7: added 1 entropy credits to input
[    6.035095] random 0087 0000 0000 45b1d0b1 845a73f7: add_disk_randomness(8:0) 45b1d0b1 845a73f7
[    6.035097] random 0087 0000 0000 45b1d0b1 845a73f7: add_timer_randomness(.. 8388864) with jiffies: 11068991708115731290, cycles: -7377752369888493558
[    6.047614] random 0087 0000 0000 45b1d0b1 845a73f7: add_disk_randomness(8:0) 45b1d0b1 845a73f7
[    6.047617] random 0087 0000 0000 45b1d0b1 845a73f7: add_timer_randomness(.. 8388864) with jiffies: 11181624970595500903, cycles: -7265119107408723958
[    6.047620] random 0087 0000 0000 45b1d0b1 845a73f7: added 1 entropy credits to input
[    6.048822] random 0088 0000 0000 45b1d0b1 845a73f7: add_disk_randomness(8:0) 45b1d0b1 845a73f7
[    6.048825] random 0088 0000 0000 45b1d0b1 845a73f7: add_timer_randomness(.. 8388864) with jiffies: 11192500283055506280, cycles: -7254243794948718582
[    6.052834] random 0088 0000 0000 45b1d0b1 845a73f7: add_disk_randomness(8:0) 45b1d0b1 845a73f7
[    6.052837] random 0088 0000 0000 45b1d0b1 845a73f7: add_timer_randomness(.. 8388864) with jiffies: 11228595823866250092, cycles: -7218148254137974774
[    6.052840] random 0088 0000 0000 45b1d0b1 845a73f7: added 1 entropy credits to input
[    6.062174] random 0089 0000 0000 45b1d0b1 845a73f7: add_disk_randomness(8:0) 45b1d0b1 845a73f7
[    6.062177] random 0089 0000 0000 45b1d0b1 845a73f7: add_timer_randomness(.. 8388864) with jiffies: 11312634778932183925, cycles: -7134109299072040950
[    6.062180] random 0089 0000 0000 45b1d0b1 845a73f7: added 1 entropy credits to input
[    6.062527] random 0090 0000 0000 45b1d0b1 845a73f7: add_disk_randomness(8:0) 45b1d0b1 845a73f7
[    6.062530] random 0090 0000 0000 45b1d0b1 845a73f7: add_timer_randomness(.. 8388864) with jiffies: 11315797489769743222, cycles: -7130946588234481654
[    6.078187] random 0090 0000 0000 45b1d0b1 845a73f7: add_disk_randomness(8:0) 45b1d0b1 845a73f7
[    6.078190] random 0090 0000 0000 45b1d0b1 845a73f7: add_timer_randomness(.. 8388864) with jiffies: 11456703778929738629, cycles: -6990040299074486262
[    6.078193] random 0090 0000 0000 45b1d0b1 845a73f7: added 3 entropy credits to input
[    6.079817] random 0093 0000 0000 45b1d0b1 845a73f7: add_disk_randomness(8:0) 45b1d0b1 845a73f7
[    6.079821] random 0093 0000 0000 45b1d0b1 845a73f7: add_timer_randomness(.. 8388864) with jiffies: 11471370005618852743, cycles: -6975374072385372150
[    6.079823] random 0093 0000 0000 45b1d0b1 845a73f7: added 1 entropy credits to input
[    6.079973] random 0094 0000 0000 45b1d0b1 845a73f7: add_disk_randomness(8:0) 45b1d0b1 845a73f7
[    6.079976] random 0094 0000 0000 45b1d0b1 845a73f7: add_timer_randomness(.. 8388864) with jiffies: 11472773519326806919, cycles: -6973970558677417974
[    6.090840] random 0094 0000 0000 45b1d0b1 845a73f7: add_disk_randomness(8:0) 45b1d0b1 845a73f7
[    6.090842] random 0094 0000 0000 45b1d0b1 845a73f7: add_timer_randomness(.. 8388864) with jiffies: 11570537841251025810, cycles: -6876206236753199094
[    6.090845] random 0094 0000 0000 45b1d0b1 845a73f7: added 3 entropy credits to input
[    6.091407] random 0097 0000 0000 45b1d0b1 845a73f7: add_disk_randomness(8:0) 45b1d0b1 845a73f7
[    6.091410] random 0097 0000 0000 45b1d0b1 845a73f7: add_timer_randomness(.. 8388864) with jiffies: 11575635310301381523, cycles: -6871108767702843382
[    6.096637] random 0097 0000 0000 45b1d0b1 845a73f7: add_disk_randomness(8:0) 45b1d0b1 845a73f7
[    6.096640] random 0097 0000 0000 45b1d0b1 845a73f7: add_timer_randomness(.. 8388864) with jiffies: 11622698745887163288, cycles: -6824045332117061622
[    6.096643] random 0097 0000 0000 45b1d0b1 845a73f7: added 2 entropy credits to input
[    6.098391] random 0099 0000 0000 45b1d0b1 845a73f7: add_disk_randomness(8:0) 45b1d0b1 845a73f7
[    6.098394] random 0099 0000 0000 45b1d0b1 845a73f7: add_timer_randomness(.. 8388864) with jiffies: 11638475354766279578, cycles: -6808268723237945334
[    6.098397] random 0099 0000 0000 45b1d0b1 845a73f7: added 1 entropy credits to input
[    6.108616] random 0100 0000 0000 45b1d0b1 845a73f7: add_disk_randomness(8:0) 45b1d0b1 845a73f7
[    6.108619] random 0100 0000 0000 45b1d0b1 845a73f7: add_timer_randomness(.. 8388864) with jiffies: 11730475044600251300, cycles: -6716269033403973622
[    6.108622] random 0100 0000 0000 45b1d0b1 845a73f7: added 3 entropy credits to input
[    6.122555] random 0103 0000 0000 45b1d0b1 845a73f7: add_disk_randomness(8:0) 45b1d0b1 845a73f7
[    6.122558] random 0103 0000 0000 45b1d0b1 845a73f7: add_timer_randomness(.. 8388864) with jiffies: 11855887441103389618, cycles: -6590856636900835318
