[    0.000000] random 0000 0000 0000 00000000 00000000: rand_read_num 1 get_random_bytes(8): sig 00000000 00000000 00000000
[    0.000000] random 0000 0000 0000 00000000 00000000: extract_entropy(.. 8 ..)
[    0.000000] random 0000 0000 0000 00000000 00000000: going to reseed nonblocking with 64 bits (64 of 0 requested)
[    0.000000] random 0000 0000 0000 00000000 00000000: extract_entropy(.. 8 ..)
[    0.000000] random 0000 0000 0000 00000000 00000000: trying to extract 64 bits from input
[    0.000000] random 0000 0000 0000 00000000 00000000: debiting 0 entropy credits from input
[    0.000000] random 0000 0000 0000 00000000 00000000: extract_entropy account returned: 0 
[    0.000000] random 0000 0000 0000 00000000 00000000: urand_change_num 1 xfer_secondary_pool(8): pool_sig 00000000, data_sig 00000000, bytes_mixed 0 00000000 00000000
[    0.000000] random 0000 0000 0000 00000000 00000000: trying to extract 64 bits from nonblocking
[    0.000000] random 0000 0000 0000 00000000 00000000: debiting 64 entropy credits from nonblocking (unlimited)
[    0.000000] random 0000 0000 0000 00000000 00000000: extract_entropy account returned: 8 
[    0.000000] random 0000 0000 0000 00000000 00000000: urand_change_num 2 extract_buf: pool_sig 00000000, data_sig fffffff9, bytes_mixed 20 00000000 00000000
[    0.000000] Linux version 2.6.32.57 (dcashman@dcashman-02) (gcc version 4.3.3 (GCC) ) #6 Thu May 30 09:02:12 PDT 2013
[    0.000000] KERNEL supported cpus:
[    0.000000]   Intel GenuineIntel
[    0.000000]   AMD AuthenticAMD
[    0.000000]   NSC Geode by NSC
[    0.000000]   Cyrix CyrixInstead
[    0.000000]   Centaur CentaurHauls
[    0.000000]   Transmeta GenuineTMx86
[    0.000000]   Transmeta TransmetaCPU
[    0.000000]   UMC UMC UMC UMC
[    0.000000] BIOS-provided physical RAM map:
[    0.000000]  BIOS-e820: 0000000000000000 - 000000000009d800 (usable)
[    0.000000]  BIOS-e820: 000000000009d800 - 00000000000a0000 (reserved)
[    0.000000]  BIOS-e820: 00000000000d2000 - 00000000000d4000 (reserved)
[    0.000000]  BIOS-e820: 00000000000e0000 - 0000000000100000 (reserved)
[    0.000000]  BIOS-e820: 0000000000100000 - 000000003d6b0000 (usable)
[    0.000000]  BIOS-e820: 000000003d6b0000 - 000000003d6cc000 (ACPI data)
[    0.000000]  BIOS-e820: 000000003d6cc000 - 000000003d700000 (ACPI NVS)
[    0.000000]  BIOS-e820: 000000003d700000 - 000000003e000000 (reserved)
[    0.000000]  BIOS-e820: 00000000f0000000 - 00000000f4000000 (reserved)
[    0.000000]  BIOS-e820: 00000000fec00000 - 00000000fec10000 (reserved)
[    0.000000]  BIOS-e820: 00000000fed00000 - 00000000fed00400 (reserved)
[    0.000000]  BIOS-e820: 00000000fed14000 - 00000000fed1a000 (reserved)
[    0.000000]  BIOS-e820: 00000000fed1c000 - 00000000fed90000 (reserved)
[    0.000000]  BIOS-e820: 00000000fee00000 - 00000000fee01000 (reserved)
[    0.000000]  BIOS-e820: 00000000ff000000 - 0000000100000000 (reserved)
[    0.000000] DMI present.
[    0.000000] last_pfn = 0x3d6b0 max_arch_pfn = 0x100000
[    0.000000] MTRR default type: uncachable
[    0.000000] MTRR fixed ranges enabled:
[    0.000000]   00000-9FFFF write-back
[    0.000000]   A0000-BFFFF uncachable
[    0.000000]   C0000-CFFFF write-protect
[    0.000000]   D0000-DFFFF uncachable
[    0.000000]   E0000-FFFFF write-protect
[    0.000000] MTRR variable ranges enabled:
[    0.000000]   0 base 03E000000 mask FFE000000 uncachable
[    0.000000]   1 base 000000000 mask FC0000000 write-back
[    0.000000]   2 base 03D700000 mask FFFF00000 uncachable
[    0.000000]   3 base 03D800000 mask FFF800000 uncachable
[    0.000000]   4 disabled
[    0.000000]   5 disabled
[    0.000000]   6 disabled
[    0.000000]   7 disabled
[    0.000000] initial memory mapped : 0 - 02000000
[    0.000000] init_memory_mapping: 0000000000000000-00000000377fe000
[    0.000000]  0000000000 - 0000400000 page 4k
[    0.000000]  0000400000 - 0037400000 page 2M
[    0.000000]  0037400000 - 00377fe000 page 4k
[    0.000000] kernel direct mapping tables up to 377fe000 @ 7000-c000
[    0.000000] ACPI: RSDP 000f68d0 00024 (v02 LENOVO)
[    0.000000] ACPI: XSDT 3d6bb77f 00094 (v01 LENOVO TP-7L    00002170  LTP 00000000)
[    0.000000] ACPI: FACP 3d6bb900 000F4 (v03 LENOVO TP-7L    00002170 LNVO 00000001)
[    0.000000] ACPI Warning: 32/64X length mismatch in Gpe1Block: 0/32 (20090903/tbfadt-526)
[    0.000000] ACPI Warning: Optional field Gpe1Block has zero address or length: 000000000000102C/0 (20090903/tbfadt-557)
[    0.000000] ACPI: DSDT 3d6bbd1d 0FED1 (v01 LENOVO TP-7L    00002170 MSFT 03000000)
[    0.000000] ACPI: FACS 3d6e4000 00040
[    0.000000] ACPI: SSDT 3d6bbab4 00269 (v01 LENOVO TP-7L    00002170 MSFT 03000000)
[    0.000000] ACPI: ECDT 3d6cbbee 00052 (v01 LENOVO TP-7L    00002170 LNVO 00000001)
[    0.000000] ACPI: TCPA 3d6cbc40 00032 (v02 LENOVO TP-7L    00002170 LNVO 00000001)
[    0.000000] ACPI: APIC 3d6cbc72 00068 (v01 LENOVO TP-7L    00002170 LNVO 00000001)
[    0.000000] ACPI: MCFG 3d6cbcda 0003C (v01 LENOVO TP-7L    00002170 LNVO 00000001)
[    0.000000] ACPI: HPET 3d6cbd16 00038 (v01 LENOVO TP-7L    00002170 LNVO 00000001)
[    0.000000] ACPI: SLIC 3d6cbdf0 00176 (v01 LENOVO TP-7L    00002170  LTP 00000000)
[    0.000000] ACPI: BOOT 3d6cbf66 00028 (v01 LENOVO TP-7L    00002170  LTP 00000001)
[    0.000000] ACPI: ASF! 3d6cbf8e 00072 (v16 LENOVO TP-7L    00002170 PTL  00000001)
[    0.000000] ACPI: SSDT 3d6e26d9 0025F (v01 LENOVO TP-7L    00002170 INTL 20050513)
[    0.000000] ACPI: SSDT 3d6e2938 000A6 (v01 LENOVO TP-7L    00002170 INTL 20050513)
[    0.000000] ACPI: SSDT 3d6e29de 004F7 (v01 LENOVO TP-7L    00002170 INTL 20050513)
[    0.000000] ACPI: SSDT 3d6e2ed5 001D8 (v01 LENOVO TP-7L    00002170 INTL 20050513)
[    0.000000] ACPI: DMI detected: Lenovo ThinkPad R61
[    0.000000] ACPI: Added _OSI(Linux)
[    0.000000] ACPI: Local APIC address 0xfee00000
[    0.000000] 94MB HIGHMEM available.
[    0.000000] 887MB LOWMEM available.
[    0.000000]   mapped low ram: 0 - 377fe000
[    0.000000]   low ram: 0 - 377fe000
[    0.000000]   node 0 low ram: 00000000 - 377fe000
[    0.000000]   node 0 bootmap 00008000 - 0000ef00
[    0.000000] (6 early reservations) ==> bootmem [0000000000 - 00377fe000]
[    0.000000]   #0 [0000000000 - 0000001000]   BIOS data page ==> [0000000000 - 0000001000]
[    0.000000]   #1 [0001000000 - 0001bdc180]    TEXT DATA BSS ==> [0001000000 - 0001bdc180]
[    0.000000]   #2 [000009d800 - 0000100000]    BIOS reserved ==> [000009d800 - 0000100000]
[    0.000000]   #3 [0001bdd000 - 0001be516c]              BRK ==> [0001bdd000 - 0001be516c]
[    0.000000]   #4 [0000007000 - 0000008000]          PGTABLE ==> [0000007000 - 0000008000]
[    0.000000]   #5 [0000008000 - 000000f000]          BOOTMAP ==> [0000008000 - 000000f000]
[    0.000000] found SMP MP-table at [c00f6900] f6900
[    0.000000] Zone PFN ranges:
[    0.000000]   DMA      0x00000000 -> 0x00001000
[    0.000000]   Normal   0x00001000 -> 0x000377fe
[    0.000000]   HighMem  0x000377fe -> 0x0003d6b0
[    0.000000] Movable zone start PFN for each node
[    0.000000] early_node_map[2] active PFN ranges
[    0.000000]     0: 0x00000000 -> 0x0000009d
[    0.000000]     0: 0x00000100 -> 0x0003d6b0
[    0.000000] On node 0 totalpages: 251469
[    0.000000] free_area_init_node: node 0, pgdat c1901ea0, node_mem_map c1be7000
[    0.000000]   DMA zone: 32 pages used for memmap
[    0.000000]   DMA zone: 0 pages reserved
[    0.000000]   DMA zone: 3965 pages, LIFO batch:0
[    0.000000]   Normal zone: 1744 pages used for memmap
[    0.000000]   Normal zone: 221486 pages, LIFO batch:31
[    0.000000]   HighMem zone: 190 pages used for memmap
[    0.000000]   HighMem zone: 24052 pages, LIFO batch:3
[    0.000000] Using APIC driver default
[    0.000000] ACPI: PM-Timer IO Port: 0x1008
[    0.000000] ACPI: Local APIC address 0xfee00000
[    0.000000] ACPI: LAPIC (acpi_id[0x00] lapic_id[0x00] enabled)
[    0.000000] ACPI: LAPIC (acpi_id[0x01] lapic_id[0x01] enabled)
[    0.000000] ACPI: NR_CPUS/possible_cpus limit of 1 reached.  Processor 1/0x1 ignored.
[    0.000000] ACPI: LAPIC_NMI (acpi_id[0x00] high edge lint[0x1])
[    0.000000] ACPI: LAPIC_NMI (acpi_id[0x01] high edge lint[0x1])
[    0.000000] ACPI: IOAPIC (id[0x01] address[0xfec00000] gsi_base[0])
[    0.000000] IOAPIC[0]: apic_id 1, version 32, address 0xfec00000, GSI 0-23
[    0.000000] ACPI: INT_SRC_OVR (bus 0 bus_irq 0 global_irq 2 dfl dfl)
[    0.000000] ACPI: INT_SRC_OVR (bus 0 bus_irq 9 global_irq 9 high level)
[    0.000000] ACPI: IRQ0 used by override.
[    0.000000] ACPI: IRQ2 used by override.
[    0.000000] ACPI: IRQ9 used by override.
[    0.000000] Using ACPI (MADT) for SMP configuration information
[    0.000000] ACPI: HPET id: 0x8086a201 base: 0xfed00000
[    0.000000] nr_irqs_gsi: 24
[    0.000000] PM: Registered nosave memory: 000000000009d000 - 000000000009e000
[    0.000000] PM: Registered nosave memory: 000000000009e000 - 00000000000a0000
[    0.000000] PM: Registered nosave memory: 00000000000a0000 - 00000000000d2000
[    0.000000] PM: Registered nosave memory: 00000000000d2000 - 00000000000d4000
[    0.000000] PM: Registered nosave memory: 00000000000d4000 - 00000000000e0000
[    0.000000] PM: Registered nosave memory: 00000000000e0000 - 0000000000100000
[    0.000000] Allocating PCI resources starting at 3e000000 (gap: 3e000000:b2000000)
[    0.000000] Built 1 zonelists in Zone order, mobility grouping on.  Total pages: 249503
[    0.000000] Kernel command line: auto BOOT_IMAGE=Linux ro root=802 vt.default_utf8=0 maxcpus=0
[    0.000000] PID hash table entries: 4096 (order: 2, 16384 bytes)
[    0.000000] Dentry cache hash table entries: 131072 (order: 7, 524288 bytes)
[    0.000000] Inode-cache hash table entries: 65536 (order: 6, 262144 bytes)
[    0.000000] Enabling fast FPU save and restore... done.
[    0.000000] Enabling unmasked SIMD FPU exception support... done.
[    0.000000] Initializing CPU#0
[    0.000000] Initializing HighMem for node 0 (000377fe:0003d6b0)
[    0.000000] Memory: 984800k/1006272k available (6915k kernel code, 20876k reserved, 2327k data, 448k init, 96968k highmem)
[    0.000000] virtual kernel memory layout:
[    0.000000]     fixmap  : 0xfffa3000 - 0xfffff000   ( 368 kB)
[    0.000000]     pkmap   : 0xff800000 - 0xffc00000   (4096 kB)
[    0.000000]     vmalloc : 0xf7ffe000 - 0xff7fe000   ( 120 MB)
[    0.000000]     lowmem  : 0xc0000000 - 0xf77fe000   ( 887 MB)
[    0.000000]       .init : 0xc1907000 - 0xc1977000   ( 448 kB)
[    0.000000]       .data : 0xc16c0d3f - 0xc1906c64   (2327 kB)
[    0.000000]       .text : 0xc1000000 - 0xc16c0d3f   (6915 kB)
[    0.000000] Checking if this processor honours the WP bit even in supervisor mode...Ok.
[    0.000000] SLUB: Genslabs=13, HWalign=64, Order=0-3, MinObjects=0, CPUs=1, Nodes=1
[    0.000000] Hierarchical RCU implementation.
[    0.000000] NR_IRQS:288
[    0.000000] Extended CMOS year: 2000
[    0.000000] Console: colour VGA+ 80x25
[    0.000000] console [tty0] enabled
[    0.000000] hpet clockevent registered
[    0.000000] Fast TSC calibration using PIT
[    0.000000] Detected 2094.585 MHz processor.
[    0.001002] Calibrating delay loop (skipped), value calculated using timer frequency.. 4189.17 BogoMIPS (lpj=2094585)
[    0.001173] Security Framework initialized
[    0.001257] Mount-cache hash table entries: 512
[    0.002068] CPU: L1 I cache: 32K, L1 D cache: 32K
[    0.002198] CPU: L2 cache: 3072K
[    0.002280] mce: CPU supports 6 MCE banks
[    0.002365] CPU0: Thermal monitoring enabled (TM2)
[    0.002449] using mwait in idle threads.
[    0.002528] CPU: Intel(R) Core(TM)2 Duo CPU     T8100  @ 2.10GHz stepping 06
[    0.002706] Checking 'hlt' instruction... OK.
[    0.006941] ACPI: Core revision 20090903
[    0.026011] RANDOM get_random_int first call with cycles 38332902720, jiffies 4294667322 and pid 0
[    0.026018] CANARY value: 3794f968 for PID: 1
[    0.026025] CANARY value: 2f5c0847 for PID: 2
[    0.026049] Enabling APIC mode:  Flat.  Using 1 I/O APICs
[    0.026508] ..TIMER: vector=0x30 apic1=0 pin1=2 apic2=-1 pin2=-1
[    0.036997] xor: automatically using best checksumming function: pIII_sse
[    0.040998]    pIII_sse  :  8568.000 MB/sec
[    0.041086] xor: using function: pIII_sse (8568.000 MB/sec)
[    0.041177] RANDOM - __seed init called.
[    0.041178] RANDOM - __seed init called.
[    0.041179] RANDOM - __seed init called.
[    0.041180] RANDOM - __random32 called. Change num 1.  Value: e6b75c0e	845fdb3c	4764ecc7
[    0.041182] RANDOM - __random32 called. Change num 2.  Value: 75c0e1a6	45fdb3ca	d98f8871
[    0.041184] RANDOM - __random32 called. Change num 3.  Value: e1a6d3e	5fdb3ca9	10e2be79
[    0.041186] RANDOM - __random32 called. Change num 4.  Value: a6d3e877	fdb3ca90	7cf2fee9
[    0.041188] RANDOM - __random32 called. Change num 5.  Value: 3e877b7b	db3ca905	fdd36ca1
[    0.041189] RANDOM - __random32 called. Change num 6.  Value: 77b7ba3d	b3ca905b	d9426901
[    0.041191] RANDOM - random32 init called.  Value: 77b7ba3d	b3ca905b	d9426901
[    0.041208] NET: Registered protocol family 16
[    0.041472] ACPI FADT declares the system doesn't support PCIe ASPM, so disable it
[    0.041597] ACPI: bus type pci registered
[    0.041762] PCI: MCFG configuration 0: base f0000000 segment 0 buses 0 - 63
[    0.041851] PCI: MCFG area at f0000000 reserved in E820
[    0.041940] PCI: Using MMCONFIG for extended config space
[    0.042002] PCI: Using configuration type 1 for base access
[    0.045133] bio: create slab <bio-0> at 0
[    0.045941] ACPI: EC: EC description table is found, configuring boot EC
[    0.051105] ACPI: BIOS _OSI(Linux) query honored via DMI
[    0.051827] random 0000 0000 0000 00000000 00000000: rand_read_num 2 get_random_bytes(8): sig fffffe1a 00000000 00000000
[    0.051830] random 0000 0000 0000 00000000 00000000: extract_entropy(.. 8 ..)
[    0.051833] random 0000 0000 0000 00000000 00000000: going to reseed nonblocking with 64 bits (64 of 0 requested)
[    0.051835] random 0000 0000 0000 00000000 00000000: extract_entropy(.. 8 ..)
[    0.051837] random 0000 0000 0000 00000000 00000000: trying to extract 64 bits from input
[    0.051839] random 0000 0000 0000 00000000 00000000: debiting 0 entropy credits from input
[    0.051841] random 0000 0000 0000 00000000 00000000: extract_entropy account returned: 0 
[    0.051844] random 0000 0000 0000 00000000 00000000: urand_change_num 3 xfer_secondary_pool(8): pool_sig fffffe1a, data_sig 00000000, bytes_mixed 0 00000000 00000000
[    0.051847] random 0000 0000 0000 00000000 00000000: trying to extract 64 bits from nonblocking
[    0.051850] random 0000 0000 0000 00000000 00000000: debiting 64 entropy credits from nonblocking (unlimited)
[    0.051852] random 0000 0000 0000 00000000 00000000: extract_entropy account returned: 8 
[    0.051884] random 0000 0000 0000 00000000 00000000: urand_change_num 4 extract_buf: pool_sig fffffe1a, data_sig fffffed7, bytes_mixed 20 00000000 00000000
[    0.056468] ACPI: Interpreter enabled
[    0.056555] ACPI: (supports S0 S3 S4 S5)
[    0.056871] ACPI: Using IOAPIC for interrupt routing
[    0.066640] ACPI: EC: GPE = 0x12, I/O: command/status = 0x66, data = 0x62
[    0.066909] ACPI: Power Resource [PUBS] (on)
[    0.069021] ACPI: ACPI Dock Station Driver: 3 docks/bays found
[    0.069435] ACPI: PCI Root Bridge [PCI0] (0000:00)
[    0.069607] pci 0000:00:02.0: reg 10 64bit mmio: [0xf8100000-0xf81fffff]
[    0.069613] pci 0000:00:02.0: reg 18 64bit mmio pref: [0xe0000000-0xefffffff]
[    0.069617] pci 0000:00:02.0: reg 20 io port: [0x1800-0x1807]
[    0.069652] pci 0000:00:02.1: reg 10 64bit mmio: [0xf8200000-0xf82fffff]
[    0.069753] pci 0000:00:19.0: reg 10 32bit mmio: [0xfe000000-0xfe01ffff]
[    0.069762] pci 0000:00:19.0: reg 14 32bit mmio: [0xfe025000-0xfe025fff]
[    0.069771] pci 0000:00:19.0: reg 18 io port: [0x1840-0x185f]
[    0.069841] pci 0000:00:19.0: PME# supported from D0 D3hot D3cold
[    0.069936] pci 0000:00:19.0: PME# disabled
[    0.070054] pci 0000:00:1a.0: reg 20 io port: [0x1860-0x187f]
[    0.070140] pci 0000:00:1a.1: reg 20 io port: [0x1880-0x189f]
[    0.070235] pci 0000:00:1a.7: reg 10 32bit mmio: [0xfe226c00-0xfe226fff]
[    0.070319] pci 0000:00:1a.7: PME# supported from D0 D3hot D3cold
[    0.070412] pci 0000:00:1a.7: PME# disabled
[    0.070569] pci 0000:00:1b.0: reg 10 64bit mmio: [0xfe020000-0xfe023fff]
[    0.070648] pci 0000:00:1b.0: PME# supported from D0 D3hot D3cold
[    0.070740] pci 0000:00:1b.0: PME# disabled
[    0.070948] pci 0000:00:1c.0: PME# supported from D0 D3hot D3cold
[    0.070999] pci 0000:00:1c.0: PME# disabled
[    0.071198] pci 0000:00:1c.1: PME# supported from D0 D3hot D3cold
[    0.071292] pci 0000:00:1c.1: PME# disabled
[    0.071493] pci 0000:00:1c.2: PME# supported from D0 D3hot D3cold
[    0.071589] pci 0000:00:1c.2: PME# disabled
[    0.071786] pci 0000:00:1c.3: PME# supported from D0 D3hot D3cold
[    0.071881] pci 0000:00:1c.3: PME# disabled
[    0.072109] pci 0000:00:1c.4: PME# supported from D0 D3hot D3cold
[    0.072203] pci 0000:00:1c.4: PME# disabled
[    0.073054] pci 0000:00:1d.0: reg 20 io port: [0x18a0-0x18bf]
[    0.073124] pci 0000:00:1d.1: reg 20 io port: [0x18c0-0x18df]
[    0.073196] pci 0000:00:1d.2: reg 20 io port: [0x18e0-0x18ff]
[    0.073287] pci 0000:00:1d.7: reg 10 32bit mmio: [0xfe227000-0xfe2273ff]
[    0.073390] pci 0000:00:1d.7: PME# supported from D0 D3hot D3cold
[    0.073488] pci 0000:00:1d.7: PME# disabled
[    0.073777] pci 0000:00:1f.0: quirk: region 1000-107f claimed by ICH6 ACPI/GPIO/TCO
[    0.073902] pci 0000:00:1f.0: quirk: region 1180-11bf claimed by ICH6 GPIO
[    0.073998] pci 0000:00:1f.0: ICH7 LPC Generic IO decode 1 PIO at 1600 (mask 007f)
[    0.074125] pci 0000:00:1f.0: ICH7 LPC Generic IO decode 2 PIO at 15e0 (mask 000f)
[    0.074248] pci 0000:00:1f.0: ICH7 LPC Generic IO decode 3 PIO at 1680 (mask 001f)
[    0.074450] pci 0000:00:1f.1: reg 10 io port: [0x00-0x07]
[    0.074464] pci 0000:00:1f.1: reg 14 io port: [0x00-0x03]
[    0.074471] pci 0000:00:1f.1: reg 18 io port: [0x00-0x07]
[    0.074482] pci 0000:00:1f.1: reg 1c io port: [0x00-0x03]
[    0.074496] pci 0000:00:1f.1: reg 20 io port: [0x1c00-0x1c0f]
[    0.074576] pci 0000:00:1f.2: reg 10 io port: [0x1c50-0x1c57]
[    0.074585] pci 0000:00:1f.2: reg 14 io port: [0x1c44-0x1c47]
[    0.074594] pci 0000:00:1f.2: reg 18 io port: [0x1c48-0x1c4f]
[    0.074603] pci 0000:00:1f.2: reg 1c io port: [0x1c40-0x1c43]
[    0.074612] pci 0000:00:1f.2: reg 20 io port: [0x1c20-0x1c3f]
[    0.074621] pci 0000:00:1f.2: reg 24 32bit mmio: [0xfe226000-0xfe2267ff]
[    0.074678] pci 0000:00:1f.2: PME# supported from D3hot
[    0.074772] pci 0000:00:1f.2: PME# disabled
[    0.074895] pci 0000:00:1f.3: reg 10 32bit mmio: [0xfe227400-0xfe2274ff]
[    0.074917] pci 0000:00:1f.3: reg 20 io port: [0x1c60-0x1c7f]
[    0.075025] pci 0000:00:1c.0: bridge io port: [0x2000-0x2fff]
[    0.075032] pci 0000:00:1c.0: bridge 32bit mmio: [0xfc000000-0xfdffffff]
[    0.075043] pci 0000:00:1c.0: bridge 64bit mmio pref: [0xf8000000-0xf80fffff]
[    0.075114] pci 0000:03:00.0: reg 10 64bit mmio: [0xdf3f0000-0xdf3fffff]
[    0.075307] pci 0000:00:1c.1: bridge io port: [0x3000-0x3fff]
[    0.075312] pci 0000:00:1c.1: bridge 32bit mmio: [0xdc000000-0xdf3fffff]
[    0.075320] pci 0000:00:1c.1: bridge 64bit mmio pref: [0xdfe00000-0xdfefffff]
[    0.075377] pci 0000:00:1c.2: bridge io port: [0x4000-0x4fff]
[    0.075383] pci 0000:00:1c.2: bridge 32bit mmio: [0xd8000000-0xd9ffffff]
[    0.075392] pci 0000:00:1c.2: bridge 64bit mmio pref: [0xdfb00000-0xdfbfffff]
[    0.075451] pci 0000:00:1c.3: bridge io port: [0x5000-0x5fff]
[    0.075457] pci 0000:00:1c.3: bridge 32bit mmio: [0xd4000000-0xd5ffffff]
[    0.075466] pci 0000:00:1c.3: bridge 64bit mmio pref: [0xdf800000-0xdf8fffff]
[    0.075523] pci 0000:00:1c.4: bridge io port: [0x6000-0x6fff]
[    0.075529] pci 0000:00:1c.4: bridge 32bit mmio: [0xd0000000-0xd1ffffff]
[    0.075538] pci 0000:00:1c.4: bridge 64bit mmio pref: [0xdf500000-0xdf5fffff]
[    0.075604] pci 0000:15:00.0: reg 10 32bit mmio: [0xf8300000-0xf8300fff]
[    0.075657] pci 0000:15:00.0: supports D1 D2
[    0.075659] pci 0000:15:00.0: PME# supported from D0 D1 D2 D3hot D3cold
[    0.075753] pci 0000:15:00.0: PME# disabled
[    0.075896] pci 0000:15:00.1: reg 10 32bit mmio: [0xf8301000-0xf83017ff]
[    0.075996] pci 0000:15:00.1: supports D1 D2
[    0.075998] pci 0000:15:00.1: PME# supported from D0 D1 D2 D3hot D3cold
[    0.076091] pci 0000:15:00.1: PME# disabled
[    0.076264] pci 0000:00:1e.0: transparent bridge
[    0.076361] pci 0000:00:1e.0: bridge io port: [0x7000-0xafff]
[    0.076367] pci 0000:00:1e.0: bridge 32bit mmio: [0xf8300000-0xfbffffff]
[    0.076376] pci 0000:00:1e.0: bridge 64bit mmio pref: [0xf4000000-0xf7ffffff]
[    0.076441] pci_bus 0000:00: on NUMA node 0
[    0.076445] ACPI: PCI Interrupt Routing Table [\_SB_.PCI0._PRT]
[    0.076580] ACPI: PCI Interrupt Routing Table [\_SB_.PCI0.EXP0._PRT]
[    0.076639] ACPI: PCI Interrupt Routing Table [\_SB_.PCI0.EXP1._PRT]
[    0.076697] ACPI: PCI Interrupt Routing Table [\_SB_.PCI0.EXP2._PRT]
[    0.076755] ACPI: PCI Interrupt Routing Table [\_SB_.PCI0.EXP3._PRT]
[    0.076817] ACPI: PCI Interrupt Routing Table [\_SB_.PCI0.EXP4._PRT]
[    0.076880] ACPI: PCI Interrupt Routing Table [\_SB_.PCI0.PCI1._PRT]
[    0.082348] ACPI: PCI Interrupt Link [LNKA] (IRQs 3 4 5 6 7 9 *10 11)
[    0.083154] ACPI: PCI Interrupt Link [LNKB] (IRQs 3 4 5 6 7 9 10 *11)
[    0.083935] ACPI: PCI Interrupt Link [LNKC] (IRQs 3 4 5 6 7 9 10 *11)
[    0.084724] ACPI: PCI Interrupt Link [LNKD] (IRQs 3 4 5 6 7 9 10 *11)
[    0.085513] ACPI: PCI Interrupt Link [LNKE] (IRQs 3 4 5 6 7 9 10 *11)
[    0.086292] ACPI: PCI Interrupt Link [LNKF] (IRQs 3 4 5 6 7 9 10 *11)
[    0.087107] ACPI: PCI Interrupt Link [LNKG] (IRQs 3 4 5 6 7 9 10 *11)
[    0.087898] ACPI: PCI Interrupt Link [LNKH] (IRQs 3 4 5 6 7 9 10 *11)
[    0.088644] vgaarb: device added: PCI:0000:00:02.0,decodes=io+mem,owns=io+mem,locks=none
[    0.088769] vgaarb: loaded
[    0.088955] SCSI subsystem initialized
[    0.089009] libata version 3.00 loaded.
[    0.089056] usbcore: registered new interface driver usbfs
[    0.089181] usbcore: registered new interface driver hub
[    0.089298] usbcore: registered new device driver usb
[    0.106040] raid6: int32x1    941 MB/s
[    0.122990] raid6: int32x2    886 MB/s
[    0.140065] raid6: int32x4    750 MB/s
[    0.156992] raid6: int32x8    656 MB/s
[    0.173987] raid6: mmxx1     2878 MB/s
[    0.190986] raid6: mmxx2     3253 MB/s
[    0.207990] raid6: sse1x1    1937 MB/s
[    0.224998] raid6: sse1x2    2535 MB/s
[    0.241983] raid6: sse2x1    3503 MB/s
[    0.258972] raid6: sse2x2    3824 MB/s
[    0.259060] raid6: using algorithm sse2x2 (3824 MB/s)
[    0.259151] PCI: Using ACPI for IRQ routing
[    0.259452] HPET: 3 timers in total, 0 timers will be used for per-cpu timer
[    0.259987] Switching to clocksource tsc
[    0.260091] pnp: PnP ACPI init
[    0.260180] ACPI: bus type pnp registered
[    0.263898] pnp: PnP ACPI: found 11 devices
[    0.263987] ACPI: ACPI bus type pnp unregistered
[    0.264080] system 00:00: iomem range 0x0-0x9ffff could not be reserved
[    0.264170] system 00:00: iomem range 0xc0000-0xc3fff could not be reserved
[    0.264263] system 00:00: iomem range 0xc4000-0xc7fff could not be reserved
[    0.264353] system 00:00: iomem range 0xc8000-0xcbfff has been reserved
[    0.264444] system 00:00: iomem range 0xcc000-0xcffff has been reserved
[    0.264535] system 00:00: iomem range 0xd0000-0xd3fff could not be reserved
[    0.264633] system 00:00: iomem range 0xe0000-0xe3fff could not be reserved
[    0.264725] system 00:00: iomem range 0xe4000-0xe7fff could not be reserved
[    0.264817] system 00:00: iomem range 0xe8000-0xebfff could not be reserved
[    0.264912] system 00:00: iomem range 0xec000-0xeffff could not be reserved
[    0.265007] system 00:00: iomem range 0xf0000-0xfffff could not be reserved
[    0.265105] system 00:00: iomem range 0x100000-0x3dffffff could not be reserved
[    0.265226] system 00:00: iomem range 0xfec00000-0xfed3ffff could not be reserved
[    0.265352] system 00:00: iomem range 0xfed4c000-0xffffffff could not be reserved
[    0.265474] system 00:02: ioport range 0x164e-0x164f has been reserved
[    0.265563] system 00:02: ioport range 0x1000-0x107f has been reserved
[    0.265655] system 00:02: ioport range 0x1180-0x11bf has been reserved
[    0.265750] system 00:02: ioport range 0x800-0x80f has been reserved
[    0.265838] system 00:02: ioport range 0x15e0-0x15ef has been reserved
[    0.265931] system 00:02: ioport range 0x1600-0x165f could not be reserved
[    0.266023] system 00:02: iomem range 0xf0000000-0xf3ffffff has been reserved
[    0.266116] system 00:02: iomem range 0xfed1c000-0xfed1ffff has been reserved
[    0.266210] system 00:02: iomem range 0xfed14000-0xfed17fff has been reserved
[    0.266302] system 00:02: iomem range 0xfed18000-0xfed18fff has been reserved
[    0.266397] system 00:02: iomem range 0xfed19000-0xfed19fff has been reserved
[    0.266491] system 00:02: iomem range 0xfed45000-0xfed4bfff has been reserved
[    0.301539] pci 0000:00:1c.0: PCI bridge, secondary bus 0000:02
[    0.301634] pci 0000:00:1c.0:   IO window: 0x2000-0x2fff
[    0.301728] pci 0000:00:1c.0:   MEM window: 0xfc000000-0xfdffffff
[    0.301825] pci 0000:00:1c.0:   PREFETCH window: 0x000000f8000000-0x000000f80fffff
[    0.301955] pci 0000:00:1c.1: PCI bridge, secondary bus 0000:03
[    0.302046] pci 0000:00:1c.1:   IO window: 0x3000-0x3fff
[    0.302140] pci 0000:00:1c.1:   MEM window: 0xdc000000-0xdf3fffff
[    0.302238] pci 0000:00:1c.1:   PREFETCH window: 0x000000dfe00000-0x000000dfefffff
[    0.302364] pci 0000:00:1c.2: PCI bridge, secondary bus 0000:04
[    0.302456] pci 0000:00:1c.2:   IO window: 0x4000-0x4fff
[    0.302547] pci 0000:00:1c.2:   MEM window: 0xd8000000-0xd9ffffff
[    0.302643] pci 0000:00:1c.2:   PREFETCH window: 0x000000dfb00000-0x000000dfbfffff
[    0.302770] pci 0000:00:1c.3: PCI bridge, secondary bus 0000:05
[    0.302868] pci 0000:00:1c.3:   IO window: 0x5000-0x5fff
[    0.302962] pci 0000:00:1c.3:   MEM window: 0xd4000000-0xd5ffffff
[    0.303054] pci 0000:00:1c.3:   PREFETCH window: 0x000000df800000-0x000000df8fffff
[    0.303183] pci 0000:00:1c.4: PCI bridge, secondary bus 0000:0d
[    0.303278] pci 0000:00:1c.4:   IO window: 0x6000-0x6fff
[    0.303369] pci 0000:00:1c.4:   MEM window: 0xd0000000-0xd1ffffff
[    0.303462] pci 0000:00:1c.4:   PREFETCH window: 0x000000df500000-0x000000df5fffff
[    0.303591] pci 0000:15:00.0: CardBus bridge, secondary bus 0000:16
[    0.303687] pci 0000:15:00.0:   IO window: 0x007000-0x0070ff
[    0.303784] pci 0000:15:00.0:   IO window: 0x007400-0x0074ff
[    0.303879] pci 0000:15:00.0:   PREFETCH window: 0xf4000000-0xf7ffffff
[    0.303974] pci 0000:15:00.0:   MEM window: 0x40000000-0x43ffffff
[    0.304071] pci 0000:00:1e.0: PCI bridge, secondary bus 0000:15
[    0.304164] pci 0000:00:1e.0:   IO window: 0x7000-0xafff
[    0.304263] pci 0000:00:1e.0:   MEM window: 0xf8300000-0xfbffffff
[    0.304354] pci 0000:00:1e.0:   PREFETCH window: 0x000000f4000000-0x000000f7ffffff
[    0.304496] pci 0000:00:1c.0: PCI INT A -> GSI 20 (level, low) -> IRQ 20
[    0.304596] pci 0000:00:1c.0: setting latency timer to 64
[    0.304610] pci 0000:00:1c.1: PCI INT B -> GSI 21 (level, low) -> IRQ 21
[    0.304706] pci 0000:00:1c.1: setting latency timer to 64
[    0.304719] pci 0000:00:1c.2: PCI INT C -> GSI 22 (level, low) -> IRQ 22
[    0.304812] pci 0000:00:1c.2: setting latency timer to 64
[    0.304826] pci 0000:00:1c.3: PCI INT D -> GSI 23 (level, low) -> IRQ 23
[    0.304924] pci 0000:00:1c.3: setting latency timer to 64
[    0.304933] pci 0000:00:1c.4: PCI INT A -> GSI 20 (level, low) -> IRQ 20
[    0.305028] pci 0000:00:1c.4: setting latency timer to 64
[    0.305037] pci 0000:00:1e.0: enabling device (0005 -> 0007)
[    0.305130] pci 0000:00:1e.0: setting latency timer to 64
[    0.305147] pci 0000:15:00.0: PCI INT A -> GSI 16 (level, low) -> IRQ 16
[    0.305252] pci 0000:15:00.0: setting latency timer to 64
[    0.305256] pci_bus 0000:00: resource 0 io:  [0x00-0xffff]
[    0.305258] pci_bus 0000:00: resource 1 mem: [0x000000-0xffffffff]
[    0.305260] pci_bus 0000:02: resource 0 io:  [0x2000-0x2fff]
[    0.305261] pci_bus 0000:02: resource 1 mem: [0xfc000000-0xfdffffff]
[    0.305263] pci_bus 0000:02: resource 2 pref mem [0xf8000000-0xf80fffff]
[    0.305265] pci_bus 0000:03: resource 0 io:  [0x3000-0x3fff]
[    0.305267] pci_bus 0000:03: resource 1 mem: [0xdc000000-0xdf3fffff]
[    0.305269] pci_bus 0000:03: resource 2 pref mem [0xdfe00000-0xdfefffff]
[    0.305271] pci_bus 0000:04: resource 0 io:  [0x4000-0x4fff]
[    0.305272] pci_bus 0000:04: resource 1 mem: [0xd8000000-0xd9ffffff]
[    0.305274] pci_bus 0000:04: resource 2 pref mem [0xdfb00000-0xdfbfffff]
[    0.305276] pci_bus 0000:05: resource 0 io:  [0x5000-0x5fff]
[    0.305278] pci_bus 0000:05: resource 1 mem: [0xd4000000-0xd5ffffff]
[    0.305280] pci_bus 0000:05: resource 2 pref mem [0xdf800000-0xdf8fffff]
[    0.305281] pci_bus 0000:0d: resource 0 io:  [0x6000-0x6fff]
[    0.305283] pci_bus 0000:0d: resource 1 mem: [0xd0000000-0xd1ffffff]
[    0.305285] pci_bus 0000:0d: resource 2 pref mem [0xdf500000-0xdf5fffff]
[    0.305287] pci_bus 0000:15: resource 0 io:  [0x7000-0xafff]
[    0.305289] pci_bus 0000:15: resource 1 mem: [0xf8300000-0xfbffffff]
[    0.305291] pci_bus 0000:15: resource 2 pref mem [0xf4000000-0xf7ffffff]
[    0.305292] pci_bus 0000:15: resource 3 io:  [0x00-0xffff]
[    0.305294] pci_bus 0000:15: resource 4 mem: [0x000000-0xffffffff]
[    0.305296] pci_bus 0000:16: resource 0 io:  [0x7000-0x70ff]
[    0.305298] pci_bus 0000:16: resource 1 io:  [0x7400-0x74ff]
[    0.305300] pci_bus 0000:16: resource 2 pref mem [0xf4000000-0xf7ffffff]
[    0.305302] pci_bus 0000:16: resource 3 mem: [0x40000000-0x43ffffff]
[    0.305309] NET: Registered protocol family 2
[    0.305401] RANDOM - __random32 called. Change num 7.  Value: 7ba3d01e	3ca905be	d2026a24
[    0.305403] RANDOM - random32 called.  Value: 7ba3d01e	3ca905be	d2026a24
[    0.305407] random 0000 0000 0000 5f8db4e5 4cfdf2a8: rand_read_num 3 get_random_bytes(4): sig fffffb64 5f8db4e5 4cfdf2a8
[    0.305410] random 0000 0000 0000 5f8db4e5 4cfdf2a8: extract_entropy(.. 4 ..)
[    0.305412] random 0000 0000 0000 5f8db4e5 4cfdf2a8: going to reseed nonblocking with 64 bits (32 of 0 requested)
[    0.305414] random 0000 0000 0000 5f8db4e5 4cfdf2a8: extract_entropy(.. 8 ..)
[    0.305416] random 0000 0000 0000 5f8db4e5 4cfdf2a8: trying to extract 64 bits from input
[    0.305418] random 0000 0000 0000 5f8db4e5 4cfdf2a8: debiting 0 entropy credits from input
[    0.305420] random 0000 0000 0000 5f8db4e5 4cfdf2a8: extract_entropy account returned: 0 
[    0.305424] random 0000 0000 0000 5f8db4e5 4cfdf2a8: urand_change_num 5 xfer_secondary_pool(4): pool_sig fffffb64, data_sig 00000000, bytes_mixed 0 5f8db4e5 4cfdf2a8
[    0.305426] random 0000 0000 0000 5f8db4e5 4cfdf2a8: trying to extract 32 bits from nonblocking
[    0.305429] random 0000 0000 0000 5f8db4e5 4cfdf2a8: debiting 32 entropy credits from nonblocking (unlimited)
[    0.305431] random 0000 0000 0000 5f8db4e5 4cfdf2a8: extract_entropy account returned: 4 
[    0.305435] random 0000 0000 0000 5f8db4e5 4cfdf2a8: urand_change_num 6 extract_buf: pool_sig fffffb64, data_sig 00000241, bytes_mixed 20 5f8db4e5 4cfdf2a8
[    0.305445] IP route cache hash table entries: 32768 (order: 5, 131072 bytes)
[    0.305573] RANDOM - __random32 called. Change num 8.  Value: 3d01e034	ca905be7	d4484227
[    0.305574] RANDOM - random32 called.  Value: 3d01e034	ca905be7	d4484227
[    0.305585] RANDOM - __random32 called. Change num 9.  Value: 1e034020	a905be70	844ec14a
[    0.305587] RANDOM - random32 called.  Value: 1e034020	a905be70	844ec14a
[    0.305588] RANDOM - __random32 called. Change num 10.  Value: 34020ec0	905be706	8294c719
[    0.305590] RANDOM - random32 called.  Value: 34020ec0	905be706	8294c719
[    0.305601] RANDOM - __random32 called. Change num 11.  Value: 20ec0ebb	5be7068	8e32c65f
[    0.305602] RANDOM - random32 called.  Value: 20ec0ebb	5be7068	8e32c65f
[    0.305612] TCP established hash table entries: 131072 (order: 8, 1048576 bytes)
[    0.306108] TCP bind hash table entries: 65536 (order: 6, 262144 bytes)
[    0.306301] TCP: Hash tables configured (established 131072 bind 65536)
[    0.306393] TCP reno registered
[    0.306497] NET: Registered protocol family 1
[    0.306607] RPC: Registered udp transport module.
[    0.306696] RPC: Registered tcp transport module.
[    0.306782] RPC: Registered tcp NFSv4.1 backchannel transport module.
[    0.306890] pci 0000:00:02.0: Boot video device
[    0.307103] Simple Boot Flag at 0x35 set to 0x1
[    0.307619] highmem bounce pool size: 64 pages
[    0.309198] VFS: Disk quotas dquot_6.5.2
[    0.309318] Dquot-cache hash table entries: 1024 (order 0, 4096 bytes)
[    0.309993] NTFS driver 2.1.29 [Flags: R/W].
[    0.310154] ROMFS MTD (C) 2007 Red Hat, Inc.
[    0.310366] JFS: nTxBlock = 7695, nTxLock = 61562
[    0.312815] SGI XFS with ACLs, security attributes, large block/inode numbers, no debug enabled
[    0.313325] SGI XFS Quota Management subsystem
[    0.313613] Slow work thread pool: Starting up
[    0.313717] Slow work thread pool: Ready
[    0.313811] GFS2 (built May 24 2013 02:47:17) installed
[    0.313922] msgmni has been set to 1734
[    0.314088] alg: No test for cipher_null (cipher_null-generic)
[    0.314189] alg: No test for ecb(cipher_null) (ecb-cipher_null)
[    0.314290] alg: No test for digest_null (digest_null-generic)
[    0.314387] alg: No test for compress_null (compress_null-generic)
[    0.314951] alg: No test for fcrypt (fcrypt-generic)
[    0.316369] alg: No test for stdrng (krng)
[    0.316463] async_tx: api initialized (async)
[    0.316620] Block layer SCSI generic (bsg) driver version 0.4 loaded (major 254)
[    0.316749] io scheduler noop registered
[    0.316835] io scheduler anticipatory registered
[    0.316945] io scheduler deadline registered
[    0.317081] io scheduler cfq registered (default)
[    0.317317] pcieport 0000:00:1c.0: irq 24 for MSI/MSI-X
[    0.317333] pcieport 0000:00:1c.0: setting latency timer to 64
[    0.317523] pcieport 0000:00:1c.1: irq 25 for MSI/MSI-X
[    0.317535] pcieport 0000:00:1c.1: setting latency timer to 64
[    0.317721] pcieport 0000:00:1c.2: irq 26 for MSI/MSI-X
[    0.317733] pcieport 0000:00:1c.2: setting latency timer to 64
[    0.317921] pcieport 0000:00:1c.3: irq 27 for MSI/MSI-X
[    0.317933] pcieport 0000:00:1c.3: setting latency timer to 64
[    0.318116] pcieport 0000:00:1c.4: irq 28 for MSI/MSI-X
[    0.318126] pcieport 0000:00:1c.4: setting latency timer to 64
[    0.318271] pci_hotplug: PCI Hot Plug PCI Core version: 0.5
[    0.318464] isapnp: Scanning for PnP cards...
[    0.678990] isapnp: No Plug & Play device found
[    0.679079] random 0000 0000 0000 5f8db4e5 4cfdf2a8: initializing
[    0.679081] RANDOM init_std_data for input now value: 1369928567679080591
[    0.679082] RANDOM init_std_data for blocking now value: 1369928567679082601
[    0.679084] RANDOM init_std_data for nonblocking now value: 1369928567679084316
[    0.698708] Serial: 8250/16550 driver, 4 ports, IRQ sharing enabled
[    3.709930] floppy0: no floppy controllers found
[    3.710884] brd: module loaded
[    3.711388] loop: module loaded
[    3.711474] Compaq SMART2 Driver (v 2.6.0)
[    3.711600] HP CISS Driver (v 3.6.20)
[    3.711842] input: Macintosh mouse button emulation as /devices/virtual/input/input0
[    3.711985] Uniform Multi-Platform E-IDE driver
[    3.712212] piix 0000:00:1f.1: IDE controller (0x8086:0x2850 rev 0x03)
[    3.712315] pci 0000:00:1f.1: PCI INT C -> GSI 16 (level, low) -> IRQ 16
[    3.712419] piix 0000:00:1f.1: IDE port disabled
[    3.712516] piix 0000:00:1f.1: not 100% native mode: will probe irqs later
[    3.712614]     ide0: BM-DMA at 0x1c00-0x1c07
[    3.712706] Probing IDE interface ide0...
[    4.384162] hda: HL-DT-ST DVDRAM GSA-U10N, ATAPI CD/DVD-ROM drive
[    4.690978] hda: host max PIO4 wanted PIO255(auto-tune) selected PIO4
[    4.691746] hda: UDMA/33 mode selected
[    4.692217] ide0 at 0x1f0-0x1f7,0x3f6 on irq 14
[    4.696119] ide-gd driver 1.18
[    4.696226] ide-cd driver 5.00
[    4.697621] random 0000 0000 0000 00000000 00000000: add_disk_randomness(0:0) 00000000 00000000
[    4.697625] random 0000 0000 0000 00000000 00000000: add_timer_randomness(.. 256) with jiffies: 5306660251460402809, cycles: 5306660247165730827
[    4.697628] random 0000 0000 0000 00000000 00000000: added 11 entropy credits to input
[    4.697631] ide-cd: hda: ATAPI 24X DVD-ROM DVD-R/RAM CD-R/RW drive, 2048kB Cache
[    4.698086] Uniform CD-ROM driver Revision: 3.20
[    4.700863] random 0011 0000 0000 00000000 00000000: add_disk_randomness(0:0) 00000000 00000000
[    4.700866] random 0011 0000 0000 00000000 00000000: add_timer_randomness(.. 256) with jiffies: 5335829496081383036, cycles: 5335829491786711051
[    4.700869] random 0011 0000 0000 00000000 00000000: added 1 entropy credits to input
[    4.700872] random 0012 0000 0000 00000000 00000000: add_disk_randomness(0:0) 00000000 00000000
[    4.700875] random 0012 0000 0000 00000000 00000000: add_timer_randomness(.. 256) with jiffies: 5335907020241075836, cycles: 5335907015946403851
[    4.702858] random 0012 0000 0000 00000000 00000000: add_disk_randomness(0:0) 00000000 00000000
[    4.702861] random 0012 0000 0000 00000000 00000000: add_timer_randomness(.. 256) with jiffies: 5353779474376392318, cycles: 5353779470081720331
[    4.702864] random 0012 0000 0000 00000000 00000000: added 1 entropy credits to input
[    4.702867] random 0013 0000 0000 00000000 00000000: add_disk_randomness(0:0) 00000000 00000000
[    4.702870] random 0013 0000 0000 00000000 00000000: add_timer_randomness(.. 256) with jiffies: 5353855370743479934, cycles: 5353855366448807947
[    4.704862] random 0013 0000 0000 00000000 00000000: add_disk_randomness(0:0) 00000000 00000000
[    4.704865] random 0013 0000 0000 00000000 00000000: add_timer_randomness(.. 256) with jiffies: 5371804988261236352, cycles: 5371804983966564363
[    4.704868] random 0013 0000 0000 00000000 00000000: added 1 entropy credits to input
[    4.704870] random 0014 0000 0000 00000000 00000000: add_disk_randomness(0:0) 00000000 00000000
[    4.704873] random 0014 0000 0000 00000000 00000000: add_timer_randomness(.. 256) with jiffies: 5371879712102252160, cycles: 5371879707807580171
[    4.705151] Loading iSCSI transport class v2.0-870.
[    4.705438] rdac: device handler registered
[    4.705525] hp_sw: device handler registered
[    4.705609] emc: device handler registered
[    4.705696] alua: device handler registered
[    4.706684] Adaptec aacraid driver 1.1-5[2461]-ms
[    4.707121] scsi: <fdomain> Detection failed (no card)
[    4.707220] sym53c416.c: Version 1.0.0-ac
[    4.707328] qlogicfas: no cards were found, please specify I/O address and IRQ using iobase= and irq= options
[    4.707453] QLogic Fibre Channel HBA Driver: 8.03.01-k6
[    4.707677] iscsi: registered transport (qla4xxx)
[    4.707787] QLogic iSCSI HBA Driver
[    4.707876] Emulex LightPulse Fibre Channel SCSI driver 8.3.4
[    4.707970] Copyright(c) 2004-2009 Emulex.  All rights reserved.
[    4.729965] Failed initialization of WD-7000 SCSI card!
[    4.819971] DC390: clustering now enabled by default. If you get problems load
[    4.820092]        with "disable_clustering=1" and report to maintainers
[    4.820227] megaraid cmm: 2.20.2.7 (Release Date: Sun Jul 16 00:01:03 EST 2006)
[    4.820380] megaraid: 2.20.5.1 (Release Date: Thu Nov 16 15:32:35 EST 2006)
[    4.820488] megasas: 00.00.04.01 Thu July 24 11:41:51 PST 2008
[    4.820623] GDT-HA: Storage RAID Controller Driver. Version: 3.05
[    4.820771] 3ware Storage Controller device driver for Linux v1.26.02.002.
[    4.820882] 3ware 9000 Storage Controller device driver for Linux v2.26.02.012.
[    4.821029] nsp32: loading...
[    4.821139] ipr: IBM Power RAID SCSI Device Driver version: 2.4.3 (June 10, 2009)
[    4.821285] RocketRAID 3xxx/4xxx Controller driver v1.6 (090910)
[    4.821397] stex: Promise SuperTrak EX Driver version: 4.6.0000.3
[    4.821531] st: Version 20081215, fixed bufsize 32768, s/g segs 256
[    4.821723] ahci 0000:00:1f.2: version 3.0
[    4.821737] ahci 0000:00:1f.2: PCI INT B -> GSI 16 (level, low) -> IRQ 16
[    4.821867] ahci 0000:00:1f.2: irq 29 for MSI/MSI-X
[    4.821923] ahci 0000:00:1f.2: AHCI 0001.0100 32 slots 3 ports 1.5 Gbps 0x5 impl SATA mode
[    4.822061] ahci 0000:00:1f.2: flags: 64bit ncq sntf pm led clo pio slum part ccc 
[    4.822190] ahci 0000:00:1f.2: setting latency timer to 64
[    4.822333] scsi2 : ahci
[    4.822493] scsi3 : ahci
[    4.822635] scsi4 : ahci
[    4.822801] ata1: SATA max UDMA/133 abar m2048@0xfe226000 port 0xfe226100 irq 29
[    4.822925] ata2: DUMMY
[    4.823028] ata3: SATA max UDMA/133 abar m2048@0xfe226000 port 0xfe226200 irq 29
[    4.823629] I2O subsystem v1.325
[    4.823721] i2o: max drivers = 8
[    4.823870] I2O Configuration OSM v1.323
[    4.823987] I2O Bus Adapter OSM v1.317
[    4.824091] I2O Block Device OSM v1.325
[    4.824241] I2O SCSI Peripheral OSM v1.316
[    4.824344] I2O ProcFS OSM v1.316
[    4.824450] Fusion MPT base driver 3.04.12
[    4.824537] Copyright (c) 1999-2008 LSI Corporation
[    4.824629] Fusion MPT SPI Host driver 3.04.12
[    4.824743] Fusion MPT FC Host driver 3.04.12
[    4.824854] Fusion MPT SAS Host driver 3.04.12
[    4.825059] ohci1394 0000:15:00.1: PCI INT B -> GSI 17 (level, low) -> IRQ 17
[    4.825160] ohci1394 0000:15:00.1: setting latency timer to 64
[    4.878990] ohci1394: fw-host0: OHCI-1394 1.1 (PCI): IRQ=[17]  MMIO=[f8301000-f83017ff]  Max Packet=[2048]  IR/IT contexts=[4/4]
[    4.882260] ehci_hcd: USB 2.0 'Enhanced' Host Controller (EHCI) Driver
[    4.882555] ehci_hcd 0000:00:1a.7: power state changed by ACPI to D0
[    4.882808] ehci_hcd 0000:00:1a.7: power state changed by ACPI to D0
[    4.882905] ehci_hcd 0000:00:1a.7: PCI INT C -> GSI 22 (level, low) -> IRQ 22
[    4.883008] ehci_hcd 0000:00:1a.7: setting latency timer to 64
[    4.883013] ehci_hcd 0000:00:1a.7: EHCI Host Controller
[    4.883146] ehci_hcd 0000:00:1a.7: new USB bus registered, assigned bus number 1
[    4.887180] ehci_hcd 0000:00:1a.7: cache line size of 32 is not supported
[    4.887189] ehci_hcd 0000:00:1a.7: irq 22, io mem 0xfe226c00
[    4.896951] ehci_hcd 0000:00:1a.7: USB 2.0 started, EHCI 1.00
[    4.897057] usb usb1: New USB device found, idVendor=1d6b, idProduct=0002
[    4.897150] usb usb1: New USB device strings: Mfr=3, Product=2, SerialNumber=1
[    4.897270] usb usb1: Product: EHCI Host Controller
[    4.897358] usb usb1: Manufacturer: Linux 2.6.32.57 ehci_hcd
[    4.897451] usb usb1: SerialNumber: 0000:00:1a.7
[    4.897587] usb usb1: configuration #1 chosen from 1 choice
[    4.897707] hub 1-0:1.0: USB hub found
[    4.897799] hub 1-0:1.0: 4 ports detected
[    4.898125] ehci_hcd 0000:00:1d.7: power state changed by ACPI to D0
[    4.898373] ehci_hcd 0000:00:1d.7: power state changed by ACPI to D0
[    4.898474] ehci_hcd 0000:00:1d.7: PCI INT D -> GSI 19 (level, low) -> IRQ 19
[    4.898575] ehci_hcd 0000:00:1d.7: setting latency timer to 64
[    4.898580] ehci_hcd 0000:00:1d.7: EHCI Host Controller
[    4.898708] ehci_hcd 0000:00:1d.7: new USB bus registered, assigned bus number 2
[    4.898861] ehci_hcd 0000:00:1d.7: debug port 1
[    4.902837] ehci_hcd 0000:00:1d.7: cache line size of 32 is not supported
[    4.902846] ehci_hcd 0000:00:1d.7: irq 19, io mem 0xfe227000
[    4.912952] ehci_hcd 0000:00:1d.7: USB 2.0 started, EHCI 1.00
[    4.913063] usb usb2: New USB device found, idVendor=1d6b, idProduct=0002
[    4.913156] usb usb2: New USB device strings: Mfr=3, Product=2, SerialNumber=1
[    4.913275] usb usb2: Product: EHCI Host Controller
[    4.913364] usb usb2: Manufacturer: Linux 2.6.32.57 ehci_hcd
[    4.913452] usb usb2: SerialNumber: 0000:00:1d.7
[    4.913593] usb usb2: configuration #1 chosen from 1 choice
[    4.913710] hub 2-0:1.0: USB hub found
[    4.913801] hub 2-0:1.0: 6 ports detected
[    4.913984] 116x: driver isp116x-hcd, 03 Nov 2005
[    4.914092] ohci_hcd: USB 1.1 'Open' Host Controller (OHCI) Driver
[    4.914203] uhci_hcd: USB Universal Host Controller Interface driver
[    4.914313] uhci_hcd 0000:00:1a.0: PCI INT A -> GSI 20 (level, low) -> IRQ 20
[    4.914413] uhci_hcd 0000:00:1a.0: setting latency timer to 64
[    4.914417] uhci_hcd 0000:00:1a.0: UHCI Host Controller
[    4.914544] uhci_hcd 0000:00:1a.0: new USB bus registered, assigned bus number 3
[    4.914698] uhci_hcd 0000:00:1a.0: irq 20, io base 0x00001860
[    4.914814] usb usb3: New USB device found, idVendor=1d6b, idProduct=0001
[    4.914913] usb usb3: New USB device strings: Mfr=3, Product=2, SerialNumber=1
[    4.915040] usb usb3: Product: UHCI Host Controller
[    4.915128] usb usb3: Manufacturer: Linux 2.6.32.57 uhci_hcd
[    4.915217] usb usb3: SerialNumber: 0000:00:1a.0
[    4.915355] usb usb3: configuration #1 chosen from 1 choice
[    4.915472] hub 3-0:1.0: USB hub found
[    4.915561] hub 3-0:1.0: 2 ports detected
[    4.915872] uhci_hcd 0000:00:1a.1: power state changed by ACPI to D0
[    4.916175] uhci_hcd 0000:00:1a.1: power state changed by ACPI to D0
[    4.916270] uhci_hcd 0000:00:1a.1: PCI INT B -> GSI 21 (level, low) -> IRQ 21
[    4.916366] uhci_hcd 0000:00:1a.1: setting latency timer to 64
[    4.916369] uhci_hcd 0000:00:1a.1: UHCI Host Controller
[    4.916501] uhci_hcd 0000:00:1a.1: new USB bus registered, assigned bus number 4
[    4.916652] uhci_hcd 0000:00:1a.1: irq 21, io base 0x00001880
[    4.916765] usb usb4: New USB device found, idVendor=1d6b, idProduct=0001
[    4.916857] usb usb4: New USB device strings: Mfr=3, Product=2, SerialNumber=1
[    4.916985] usb usb4: Product: UHCI Host Controller
[    4.917075] usb usb4: Manufacturer: Linux 2.6.32.57 uhci_hcd
[    4.917168] usb usb4: SerialNumber: 0000:00:1a.1
[    4.917310] usb usb4: configuration #1 chosen from 1 choice
[    4.917428] hub 4-0:1.0: USB hub found
[    4.917518] hub 4-0:1.0: 2 ports detected
[    4.917822] uhci_hcd 0000:00:1d.0: power state changed by ACPI to D0
[    4.918075] uhci_hcd 0000:00:1d.0: power state changed by ACPI to D0
[    4.918170] uhci_hcd 0000:00:1d.0: PCI INT A -> GSI 16 (level, low) -> IRQ 16
[    4.918268] uhci_hcd 0000:00:1d.0: setting latency timer to 64
[    4.918273] uhci_hcd 0000:00:1d.0: UHCI Host Controller
[    4.918402] uhci_hcd 0000:00:1d.0: new USB bus registered, assigned bus number 5
[    4.918550] uhci_hcd 0000:00:1d.0: irq 16, io base 0x000018a0
[    4.918665] usb usb5: New USB device found, idVendor=1d6b, idProduct=0001
[    4.918760] usb usb5: New USB device strings: Mfr=3, Product=2, SerialNumber=1
[    4.918880] usb usb5: Product: UHCI Host Controller
[    4.918976] usb usb5: Manufacturer: Linux 2.6.32.57 uhci_hcd
[    4.919065] usb usb5: SerialNumber: 0000:00:1d.0
[    4.919201] usb usb5: configuration #1 chosen from 1 choice
[    4.919323] hub 5-0:1.0: USB hub found
[    4.919413] hub 5-0:1.0: 2 ports detected
[    4.919555] uhci_hcd 0000:00:1d.1: PCI INT B -> GSI 17 (level, low) -> IRQ 17
[    4.919650] uhci_hcd 0000:00:1d.1: setting latency timer to 64
[    4.919655] uhci_hcd 0000:00:1d.1: UHCI Host Controller
[    4.919781] uhci_hcd 0000:00:1d.1: new USB bus registered, assigned bus number 6
[    4.919926] uhci_hcd 0000:00:1d.1: irq 17, io base 0x000018c0
[    4.920044] usb usb6: New USB device found, idVendor=1d6b, idProduct=0001
[    4.920133] usb usb6: New USB device strings: Mfr=3, Product=2, SerialNumber=1
[    4.920253] usb usb6: Product: UHCI Host Controller
[    4.920342] usb usb6: Manufacturer: Linux 2.6.32.57 uhci_hcd
[    4.920429] usb usb6: SerialNumber: 0000:00:1d.1
[    4.920560] usb usb6: configuration #1 chosen from 1 choice
[    4.920676] hub 6-0:1.0: USB hub found
[    4.920764] hub 6-0:1.0: 2 ports detected
[    4.921058] uhci_hcd 0000:00:1d.2: power state changed by ACPI to D0
[    4.921296] uhci_hcd 0000:00:1d.2: power state changed by ACPI to D0
[    4.921395] uhci_hcd 0000:00:1d.2: PCI INT C -> GSI 18 (level, low) -> IRQ 18
[    4.921492] uhci_hcd 0000:00:1d.2: setting latency timer to 64
[    4.921497] uhci_hcd 0000:00:1d.2: UHCI Host Controller
[    4.921629] uhci_hcd 0000:00:1d.2: new USB bus registered, assigned bus number 7
[    4.921785] uhci_hcd 0000:00:1d.2: irq 18, io base 0x000018e0
[    4.921900] usb usb7: New USB device found, idVendor=1d6b, idProduct=0001
[    4.921998] usb usb7: New USB device strings: Mfr=3, Product=2, SerialNumber=1
[    4.922119] usb usb7: Product: UHCI Host Controller
[    4.922204] usb usb7: Manufacturer: Linux 2.6.32.57 uhci_hcd
[    4.922296] usb usb7: SerialNumber: 0000:00:1d.2
[    4.923085] usb usb7: configuration #1 chosen from 1 choice
[    4.923205] hub 7-0:1.0: USB hub found
[    4.923298] hub 7-0:1.0: 2 ports detected
[    4.923455] sl811: driver sl811-hcd, 19 May 2005
[    4.923560] r8a66597_hcd: driver r8a66597_hcd, 2009-05-26
[    4.923729] Initializing USB Mass Storage driver...
[    4.923856] usbcore: registered new interface driver usb-storage
[    4.923951] USB Mass Storage support registered.
[    4.924057] usbcore: registered new interface driver ums-alauda
[    4.924165] usbcore: registered new interface driver ums-cypress
[    4.924280] usbcore: registered new interface driver ums-datafab
[    4.924385] usbcore: registered new interface driver ums-freecom
[    4.924494] usbcore: registered new interface driver ums-isd200
[    4.924604] usbcore: registered new interface driver ums-jumpshot
[    4.924717] usbcore: registered new interface driver ums-karma
[    4.924827] usbcore: registered new interface driver ums-onetouch
[    4.924937] usbcore: registered new interface driver ums-sddr09
[    4.925060] usbcore: registered new interface driver ums-sddr55
[    4.925172] usbcore: registered new interface driver ums-usbat
[    4.925316] PNP: PS/2 Controller [PNP0303:KBD,PNP0f13:MOU] at 0x60,0x64 irq 1,12
[    4.934009] serio: i8042 KBD port at 0x60,0x64 irq 1
[    4.934099] serio: i8042 AUX port at 0x60,0x64 irq 12
[    4.934345] mice: PS/2 mouse device common for all mice
[    4.934458] i2c /dev entries driver
[    4.934592] md: linear personality registered for level -1
[    4.934681] md: raid0 personality registered for level 0
[    4.934772] md: raid1 personality registered for level 1
[    4.934862] md: raid10 personality registered for level 10
[    4.934962] md: raid6 personality registered for level 6
[    4.935051] md: raid5 personality registered for level 5
[    4.935150] md: raid4 personality registered for level 4
[    4.935243] md: multipath personality registered for level -4
[    4.935432] device-mapper: ioctl: 4.15.0-ioctl (2009-04-01) initialised: dm-devel@redhat.com
[    4.935640] cpuidle: using governor ladder
[    4.936257] usbcore: registered new interface driver usbhid
[    4.936344] usbhid: v2.6:USB HID core driver
[    4.936489] random 0014 0000 0000 00000000 00000000: rand_read_num 4 get_random_bytes(136): sig 00000000 00000000 00000000
[    4.936492] random 0014 0000 0000 00000000 00000000: extract_entropy(.. 136 ..)
[    4.936495] random 0014 0000 0000 00000000 00000000: going to reseed nonblocking with 1024 bits (1088 of 0 requested)
[    4.936497] random 0014 0000 0000 00000000 00000000: extract_entropy(.. 128 ..)
[    4.936499] random 0014 0000 0000 00000000 00000000: trying to extract 1024 bits from input
[    4.936501] random 0014 0000 0000 00000000 00000000: debiting 0 entropy credits from input
[    4.936503] random 0014 0000 0000 00000000 00000000: extract_entropy account returned: 0 
[    4.936506] random 0014 0000 0000 00000000 00000000: urand_change_num 7 xfer_secondary_pool(136): pool_sig 00000000, data_sig 00000000, bytes_mixed 0 00000000 00000000
[    4.936509] random 0014 0000 0000 00000000 00000000: trying to extract 1088 bits from nonblocking
[    4.936512] random 0014 0000 0000 00000000 00000000: debiting 1088 entropy credits from nonblocking (unlimited)
[    4.936514] random 0014 0000 0000 00000000 00000000: extract_entropy account returned: 136 
[    4.936518] random 0014 0000 0000 00000000 00000000: urand_change_num 8 extract_buf: pool_sig 00000000, data_sig fffffff9, bytes_mixed 20 00000000 00000000
[    4.936524] random 0014 0000 0000 b7c35b56 be4dc95d: urand_change_num 9 extract_buf: pool_sig fffffd1e, data_sig 000000c5, bytes_mixed 20 b7c35b56 be4dc95d
[    4.936529] random 0014 0000 0000 ed9f5c47 c48487fb: urand_change_num 10 extract_buf: pool_sig fffff8ec, data_sig ffffff68, bytes_mixed 20 ed9f5c47 c48487fb
[    4.936534] random 0014 0000 0000 ed9f5c47 c48487fb: urand_change_num 11 extract_buf: pool_sig fffffaed, data_sig 000001aa, bytes_mixed 20 ed9f5c47 c48487fb
[    4.936540] random 0014 0000 0000 1b4f7c0a 91bd6a48: urand_change_num 12 extract_buf: pool_sig fffffdd8, data_sig 00000064, bytes_mixed 20 1b4f7c0a 91bd6a48
[    4.936545] random 0014 0000 0000 a254b9bc 20e9a24f: urand_change_num 13 extract_buf: pool_sig fffffbe6, data_sig 000001dd, bytes_mixed 20 a254b9bc 20e9a24f
[    4.936550] random 0014 0000 0000 a254b9bc 20e9a24f: urand_change_num 14 extract_buf: pool_sig fffff940, data_sig fffffe20, bytes_mixed 20 a254b9bc 20e9a24f
[    4.936556] random 0014 0000 0000 2831a66b 5fa2a3ad: urand_change_num 15 extract_buf: pool_sig fffffbce, data_sig 0000007e, bytes_mixed 20 2831a66b 5fa2a3ad
[    4.936561] random 0014 0000 0000 2831a66b 5fa2a3ad: urand_change_num 16 extract_buf: pool_sig 000004df, data_sig fffffe8f, bytes_mixed 20 2831a66b 5fa2a3ad
[    4.936566] random 0014 0000 0000 d4512bfd c9a54e0b: urand_change_num 17 extract_buf: pool_sig 00000485, data_sig fffffe68, bytes_mixed 20 d4512bfd c9a54e0b
[    4.936571] random 0014 0000 0000 c7371be6 f9ffea11: urand_change_num 18 extract_buf: pool_sig 00000095, data_sig ffffffed, bytes_mixed 20 c7371be6 f9ffea11
[    4.936576] random 0014 0000 0000 c7371be6 f9ffea11: urand_change_num 19 extract_buf: pool_sig 000003a7, data_sig fffffefa, bytes_mixed 20 c7371be6 f9ffea11
[    4.936582] random 0014 0000 0000 8fb4b62c d1ddba54: urand_change_num 20 extract_buf: pool_sig 00000179, data_sig ffffff78, bytes_mixed 20 8fb4b62c d1ddba54
[    4.936587] random 0014 0000 0000 9ff19f9c c07a1d2a: urand_change_num 21 extract_buf: pool_sig fffffe88, data_sig 00000126, bytes_mixed 20 9ff19f9c c07a1d2a
[    4.936591] TCP cubic registered
[    4.936679] Initializing XFRM netlink socket
[    4.936778] NET: Registered protocol family 17
[    4.936878] Using IPI Shortcut mode
[    4.936983] random 0014 0000 0000 9ff19f9c c07a1d2a: rand_read_num 5 get_random_bytes(8): sig 0000031b 9ff19f9c c07a1d2a
[    4.936985] random 0014 0000 0000 9ff19f9c c07a1d2a: extract_entropy(.. 8 ..)
[    4.936988] random 0014 0000 0000 9ff19f9c c07a1d2a: going to reseed nonblocking with 64 bits (64 of 0 requested)
[    4.936990] random 0014 0000 0000 9ff19f9c c07a1d2a: extract_entropy(.. 8 ..)
[    4.936992] random 0014 0000 0000 9ff19f9c c07a1d2a: trying to extract 64 bits from input
[    4.936994] random 0014 0000 0000 9ff19f9c c07a1d2a: debiting 0 entropy credits from input
[    4.936996] random 0014 0000 0000 9ff19f9c c07a1d2a: extract_entropy account returned: 0 
[    4.936999] random 0014 0000 0000 9ff19f9c c07a1d2a: urand_change_num 22 xfer_secondary_pool(8): pool_sig 0000031b, data_sig 00000000, bytes_mixed 0 9ff19f9c c07a1d2a
[    4.937002] random 0014 0000 0000 9ff19f9c c07a1d2a: trying to extract 64 bits from nonblocking
[    4.937005] random 0014 0000 0000 9ff19f9c c07a1d2a: debiting 64 entropy credits from nonblocking (unlimited)
[    4.937007] random 0014 0000 0000 9ff19f9c c07a1d2a: extract_entropy account returned: 8 
[    4.937011] random 0014 0000 0000 9ff19f9c c07a1d2a: urand_change_num 23 extract_buf: pool_sig 0000031b, data_sig ffffffb3, bytes_mixed 20 9ff19f9c c07a1d2a
[    4.939384] input: AT Translated Set 2 keyboard as /devices/platform/i8042/serio0/input/input1
[    5.128971] ata1: SATA link up 1.5 Gbps (SStatus 113 SControl 300)
[    5.129083] ata3: SATA link down (SStatus 0 SControl 300)
[    5.131151] ata1.00: ACPI cmd ef/02:00:00:00:00:a0 (SET FEATURES) succeeded
[    5.131154] ata1.00: ACPI cmd f5/00:00:00:00:00:a0 (SECURITY FREEZE LOCK) filtered out
[    5.132543] ata1.00: ACPI cmd ef/5f:00:00:00:00:a0 (SET FEATURES) succeeded
[    5.132545] ata1.00: ACPI cmd ef/10:03:00:00:00:a0 (SET FEATURES) filtered out
[    5.134458] ata1.00: ATA-7: ST910021AS, 4.06, max UDMA/100
[    5.134547] ata1.00: 195371568 sectors, multi 16: LBA48 
[    5.136692] ata1.00: ACPI cmd ef/02:00:00:00:00:a0 (SET FEATURES) succeeded
[    5.136694] ata1.00: ACPI cmd f5/00:00:00:00:00:a0 (SECURITY FREEZE LOCK) filtered out
[    5.138090] ata1.00: ACPI cmd ef/5f:00:00:00:00:a0 (SET FEATURES) succeeded
[    5.138092] ata1.00: ACPI cmd ef/10:03:00:00:00:a0 (SET FEATURES) filtered out
[    5.140020] ata1.00: configured for UDMA/100
[    5.151021] scsi 2:0:0:0: Direct-Access     ATA      ST910021AS       4.06 PQ: 0 ANSI: 5
[    5.151314] sd 2:0:0:0: [sda] 195371568 512-byte logical blocks: (100 GB/93.1 GiB)
[    5.151463] sd 2:0:0:0: [sda] Write Protect is off
[    5.151553] sd 2:0:0:0: [sda] Mode Sense: 00 3a 00 00
[    5.151565] sd 2:0:0:0: [sda] Write cache: enabled, read cache: enabled, doesn't support DPO or FUA
[    5.151754]  sda:
[    5.215960] usb 2-1: new high speed USB device using ehci_hcd and address 2
[    5.352396] usb 2-1: New USB device found, idVendor=0e8d, idProduct=1806
[    5.352490] usb 2-1: New USB device strings: Mfr=1, Product=2, SerialNumber=3
[    5.352580] usb 2-1: Product: MT1806 
[    5.352661] usb 2-1: Manufacturer: MediaTek Inc
[    5.352750] usb 2-1: SerialNumber: R8KN6GAC800AEB 
[    5.352884] usb 2-1: configuration #1 chosen from 1 choice
[    5.356437] scsi5 : SCSI emulation for USB Mass Storage devices
[    5.356609] usb-storage: device found at 2
[    5.356610] usb-storage: waiting for device to settle before scanning
[    5.563813] random 0014 0000 0000 277f73c3 42024bb9: add_disk_randomness(8:0) 277f73c3 42024bb9
[    5.563816] random 0014 0000 0000 277f73c3 42024bb9: add_timer_randomness(.. 8388864) with jiffies: 13099074877505896834, cycles: -5347669200498327541
[    5.563819] random 0014 0000 0000 277f73c3 42024bb9: added 11 entropy credits to input
[    5.563824]  sda1 sda2
[    5.564384] random 0025 0000 0000 277f73c3 42024bb9: add_disk_randomness(8:0) 277f73c3 42024bb9
[    5.564387] random 0025 0000 0000 277f73c3 42024bb9: add_timer_randomness(.. 8388864) with jiffies: 13104204631825416579, cycles: -5342539446178807797
[    5.564543] sd 2:0:0:0: [sda] Attached SCSI disk
[    5.564635] random 0025 0000 0000 277f73c3 42024bb9: rand_read_num 6 get_random_bytes(12): sig 000007e9 277f73c3 42024bb9
[    5.564637] random 0025 0000 0000 277f73c3 42024bb9: extract_entropy(.. 12 ..)
[    5.564640] random 0025 0000 0000 277f73c3 42024bb9: going to reseed nonblocking with 96 bits (96 of 0 requested)
[    5.564642] random 0025 0000 0000 277f73c3 42024bb9: extract_entropy(.. 12 ..)
[    5.564644] random 0025 0000 0000 277f73c3 42024bb9: trying to extract 96 bits from input
[    5.564646] random 0025 0000 0000 277f73c3 42024bb9: debiting 0 entropy credits from input
[    5.564648] random 0025 0000 0000 277f73c3 42024bb9: extract_entropy account returned: 0 
[    5.564652] random 0025 0000 0000 277f73c3 42024bb9: urand_change_num 24 xfer_secondary_pool(12): pool_sig 000007e9, data_sig 00000000, bytes_mixed 0 277f73c3 42024bb9
[    5.564655] random 0025 0000 0000 277f73c3 42024bb9: trying to extract 96 bits from nonblocking
[    5.564657] random 0025 0000 0000 277f73c3 42024bb9: debiting 96 entropy credits from nonblocking (unlimited)
[    5.564659] random 0025 0000 0000 277f73c3 42024bb9: extract_entropy account returned: 12 
[    5.564663] random 0025 0000 0000 277f73c3 42024bb9: urand_change_num 25 extract_buf: pool_sig 000007e9, data_sig 00000088, bytes_mixed 20 277f73c3 42024bb9
[    5.564669] random 0025 0000 0000 277f73c3 42024bb9: urand_change_num 26 extract_buf: pool_sig 00000498, data_sig fffffefb, bytes_mixed 20 277f73c3 42024bb9
[    5.564672] RANDOM - __seed init called.
[    5.564673] RANDOM - __seed init called.
[    5.564674] RANDOM - __seed init called.
[    5.564675] RANDOM - __random32 called. Change num 12.  Value: 87f14767	f0d7351	b1e48bd3
[    5.564677] RANDOM - random32_reseed called.  Value: 87f14767	f0d7351	b1e48bd3
[    5.564680] Pid: 1, comm: swapper Not tainted 2.6.32.57 #6
[    5.564768] Call Trace:
[    5.564861]  [<c1923ca4>] ? random32_reseed+0xa0/0xb1
[    5.564950]  [<c1923c04>] ? random32_reseed+0x0/0xb1
[    5.565046]  [<c100111e>] ? do_one_initcall+0x2e/0x180
[    5.565138]  [<c1907265>] ? kernel_init+0xad/0x103
[    5.565228]  [<c19071b8>] ? kernel_init+0x0/0x103
[    5.565320]  [<c1003787>] ? kernel_thread_helper+0x7/0x10
[    5.565874] random 0025 0000 0000 386b4e60 ee4d4880: rand_read_num 7 get_random_bytes(64): sig fffffea5 386b4e60 ee4d4880
[    5.565877] random 0025 0000 0000 386b4e60 ee4d4880: extract_entropy(.. 64 ..)
[    5.565879] random 0025 0000 0000 386b4e60 ee4d4880: going to reseed nonblocking with 512 bits (512 of 0 requested)
[    5.565882] random 0025 0000 0000 386b4e60 ee4d4880: extract_entropy(.. 64 ..)
[    5.565884] random 0025 0000 0000 386b4e60 ee4d4880: trying to extract 512 bits from input
[    5.565886] random 0025 0000 0000 386b4e60 ee4d4880: debiting 0 entropy credits from input
[    5.565888] random 0025 0000 0000 386b4e60 ee4d4880: extract_entropy account returned: 0 
[    5.565891] random 0025 0000 0000 386b4e60 ee4d4880: urand_change_num 27 xfer_secondary_pool(64): pool_sig fffffea5, data_sig 00000000, bytes_mixed 0 386b4e60 ee4d4880
[    5.565894] random 0025 0000 0000 386b4e60 ee4d4880: trying to extract 512 bits from nonblocking
[    5.565896] random 0025 0000 0000 386b4e60 ee4d4880: debiting 512 entropy credits from nonblocking (unlimited)
[    5.565898] random 0025 0000 0000 386b4e60 ee4d4880: extract_entropy account returned: 64 
[    5.565903] random 0025 0000 0000 386b4e60 ee4d4880: urand_change_num 28 extract_buf: pool_sig fffffea5, data_sig 00000173, bytes_mixed 20 386b4e60 ee4d4880
[    5.565908] random 0025 0000 0000 412698f6 0cc8689a: urand_change_num 29 extract_buf: pool_sig 00000122, data_sig ffffff63, bytes_mixed 20 412698f6 0cc8689a
[    5.565913] random 0025 0000 0000 412698f6 0cc8689a: urand_change_num 30 extract_buf: pool_sig 000001f7, data_sig 00000012, bytes_mixed 20 412698f6 0cc8689a
[    5.565919] random 0025 0000 0000 9669941e 06f768b1: urand_change_num 31 extract_buf: pool_sig fffffb5b, data_sig 0000003f, bytes_mixed 20 9669941e 06f768b1
[    5.565924] random 0025 0000 0000 98486520 995551f0: urand_change_num 32 extract_buf: pool_sig fffffb39, data_sig 0000000e, bytes_mixed 20 98486520 995551f0
[    5.565929] random 0025 0000 0000 98486520 995551f0: urand_change_num 33 extract_buf: pool_sig fffffd8d, data_sig 000001a6, bytes_mixed 20 98486520 995551f0
[    5.565934] random 0025 0000 0000 61fc8914 d5882ed2: urand_change_num 34 extract_buf: pool_sig fffffa58, data_sig 0000023e, bytes_mixed 20 61fc8914 d5882ed2
[    5.565967] random 0025 0000 0000 61fc8914 d5882ed2: rand_read_num 8 get_random_bytes(64): sig fffff9ee 61fc8914 d5882ed2
[    5.565969] random 0025 0000 0000 61fc8914 d5882ed2: extract_entropy(.. 64 ..)
[    5.565971] random 0025 0000 0000 61fc8914 d5882ed2: going to reseed nonblocking with 512 bits (512 of 0 requested)
[    5.565974] random 0025 0000 0000 61fc8914 d5882ed2: extract_entropy(.. 64 ..)
[    5.565976] random 0025 0000 0000 61fc8914 d5882ed2: trying to extract 512 bits from input
[    5.565978] random 0025 0000 0000 61fc8914 d5882ed2: debiting 0 entropy credits from input
[    5.565980] random 0025 0000 0000 61fc8914 d5882ed2: extract_entropy account returned: 0 
[    5.565983] random 0025 0000 0000 61fc8914 d5882ed2: urand_change_num 35 xfer_secondary_pool(64): pool_sig fffff9ee, data_sig 00000000, bytes_mixed 0 61fc8914 d5882ed2
[    5.565986] random 0025 0000 0000 61fc8914 d5882ed2: trying to extract 512 bits from nonblocking
[    5.565989] random 0025 0000 0000 61fc8914 d5882ed2: debiting 512 entropy credits from nonblocking (unlimited)
[    5.565991] random 0025 0000 0000 61fc8914 d5882ed2: extract_entropy account returned: 64 
[    5.565995] random 0025 0000 0000 61fc8914 d5882ed2: urand_change_num 36 extract_buf: pool_sig fffff9ee, data_sig ffffff85, bytes_mixed 20 61fc8914 d5882ed2
[    5.566000] random 0025 0000 0000 70cfd302 e5edec11: urand_change_num 37 extract_buf: pool_sig fffffdc1, data_sig ffffffde, bytes_mixed 20 70cfd302 e5edec11
[    5.566005] random 0025 0000 0000 00dab838 eafd2b30: urand_change_num 38 extract_buf: pool_sig 000003da, data_sig ffffff61, bytes_mixed 20 00dab838 eafd2b30
[    5.566011] random 0025 0000 0000 00dab838 eafd2b30: urand_change_num 39 extract_buf: pool_sig 00000314, data_sig 00000121, bytes_mixed 20 00dab838 eafd2b30
[    5.566016] random 0025 0000 0000 5fcdf66a 6442b608: urand_change_num 40 extract_buf: pool_sig 0000028b, data_sig fffffefd, bytes_mixed 20 5fcdf66a 6442b608
[    5.566021] random 0025 0000 0000 61333f6b 8fae0f9b: urand_change_num 41 extract_buf: pool_sig 000000cb, data_sig 000000b3, bytes_mixed 20 61333f6b 8fae0f9b
[    5.566027] random 0025 0000 0000 61333f6b 8fae0f9b: urand_change_num 42 extract_buf: pool_sig fffffef8, data_sig 00000051, bytes_mixed 20 61333f6b 8fae0f9b
[    5.566029] BEGIN NET_SECRET:
[    5.566030] \xffffffe0
[    5.566031] \xffffffb6
[    5.566032] \x36
[    5.566033] \xffffffb5
[    5.566034] \xffffff94
[    5.566035] \xffffffb2
[    5.566035] \xffffffa8
[    5.566036] \xffffffda
[    5.566037] \x5b
[    5.566038] \x19
[    5.566039] \x18
[    5.566039] \x5c
[    5.566040] \x2b
[    5.566041] \x1
[    5.566042] \xffffff90
[    5.566042] \x19
[    5.566043] \x3c
[    5.566044] \xfffffff2
[    5.566045] \xffffff82
[    5.566045] \x2a
[    5.566046] \xffffffb3
[    5.566047] \xffffffa2
[    5.566048] \x3f
[    5.566048] \x5
[    5.566049] \x52
[    5.566050] \x77
[    5.566051] \x57
[    5.566051] \x79
[    5.566052] \x16
[    5.566053] \x43
[    5.566054] \xffffff84
[    5.566054] \xffffffc3
[    5.566055] \xffffffe9
[    5.566056] \x79
[    5.566057] \x50
[    5.566057] \xffffff8e
[    5.566058] \x3f
[    5.566059] \xfffffff3
[    5.566060] \x19
[    5.566060] \x2a
[    5.566061] \xfffffffd
[    5.566062] \xfffffffb
[    5.566063] \x62
[    5.566064] \x3c
[    5.566064] \xffffffac
[    5.566065] \x1c
[    5.566066] \x3b
[    5.566067] \x3b
[    5.566067] \x15
[    5.566068] \x27
[    5.566069] \xffffffa8
[    5.566070] \x22
[    5.566070] \xffffffc5
[    5.566071] \xffffff9a
[    5.566072] \x5
[    5.566073] \x6c
[    5.566073] \xffffffa8
[    5.566074] \x3a
[    5.566075] \x44
[    5.566076] \xffffffaf
[    5.566077] \x13
[    5.566077] \xffffffe0
[    5.566078] \xffffff9d
[    5.566079] \x22
[    5.566080] 
[    5.566080] END NET_SECRET
[    5.566083] random 0025 0000 0000 e7f555d9 e8ce5c3c: rand_read_num 9 get_random_bytes(4): sig 0000068c e7f555d9 e8ce5c3c
[    5.566085] random 0025 0000 0000 e7f555d9 e8ce5c3c: extract_entropy(.. 4 ..)
[    5.566088] random 0025 0000 0000 e7f555d9 e8ce5c3c: going to reseed nonblocking with 64 bits (32 of 0 requested)
[    5.566090] random 0025 0000 0000 e7f555d9 e8ce5c3c: extract_entropy(.. 8 ..)
[    5.566092] random 0025 0000 0000 e7f555d9 e8ce5c3c: trying to extract 64 bits from input
[    5.566094] random 0025 0000 0000 e7f555d9 e8ce5c3c: debiting 0 entropy credits from input
[    5.566096] random 0025 0000 0000 e7f555d9 e8ce5c3c: extract_entropy account returned: 0 
[    5.566099] random 0025 0000 0000 e7f555d9 e8ce5c3c: urand_change_num 43 xfer_secondary_pool(4): pool_sig 0000068c, data_sig 00000000, bytes_mixed 0 e7f555d9 e8ce5c3c
[    5.566102] random 0025 0000 0000 e7f555d9 e8ce5c3c: trying to extract 32 bits from nonblocking
[    5.566104] random 0025 0000 0000 e7f555d9 e8ce5c3c: debiting 32 entropy credits from nonblocking (unlimited)
[    5.566107] random 0025 0000 0000 e7f555d9 e8ce5c3c: extract_entropy account returned: 4 
[    5.566111] random 0025 0000 0000 e7f555d9 e8ce5c3c: urand_change_num 44 extract_buf: pool_sig 0000068c, data_sig fffffdcb, bytes_mixed 20 e7f555d9 e8ce5c3c
[    5.566122] md: Waiting for all devices to be available before autodetect
[    5.566212] md: If you don't use raid, use raid=noautodetect
[    5.566376] md: Autodetecting RAID arrays.
[    5.566463] md: Scanned 0 and added 0 devices.
[    5.566554] md: autorun ...
[    5.566638] md: ... autorun DONE.
[    5.580029] random 0025 0000 0000 e7f555d9 e8ce5c3c: add_disk_randomness(8:0) e7f555d9 e8ce5c3c
[    5.580032] random 0025 0000 0000 e7f555d9 e8ce5c3c: add_timer_randomness(.. 8388864) with jiffies: 13244946140270133651, cycles: -5201797937734090741
[    5.580035] random 0025 0000 0000 e7f555d9 e8ce5c3c: added 3 entropy credits to input
[    5.589471] random 0028 0000 0000 e7f555d9 e8ce5c3c: add_disk_randomness(8:0) e7f555d9 e8ce5c3c
[    5.589474] random 0028 0000 0000 e7f555d9 e8ce5c3c: add_timer_randomness(.. 8388864) with jiffies: 13329892858148913564, cycles: -5116851219855310837
[    5.589476] random 0028 0000 0000 e7f555d9 e8ce5c3c: added 2 entropy credits to input
[    5.596557] random 0030 0000 0000 e7f555d9 e8ce5c3c: add_disk_randomness(8:0) e7f555d9 e8ce5c3c
[    5.596560] random 0030 0000 0000 e7f555d9 e8ce5c3c: add_timer_randomness(.. 8388864) with jiffies: 13393643594594353571, cycles: -5053100483409870837
[    5.596563] random 0030 0000 0000 e7f555d9 e8ce5c3c: added 1 entropy credits to input
[    5.596567] EXT3-fs: sda2: couldn't mount because of unsupported optional features (240).
[    5.596791] random 0031 0000 0000 e7f555d9 e8ce5c3c: add_disk_randomness(8:0) e7f555d9 e8ce5c3c
[    5.596794] random 0031 0000 0000 e7f555d9 e8ce5c3c: add_timer_randomness(.. 8388864) with jiffies: 13395749902390886819, cycles: -5050994175613337589
[    5.596798] EXT2-fs: sda2: couldn't mount because of unsupported optional features (240).
[    5.597020] random 0031 0000 0000 e7f555d9 e8ce5c3c: add_disk_randomness(8:0) e7f555d9 e8ce5c3c
[    5.597023] random 0031 0000 0000 e7f555d9 e8ce5c3c: add_timer_randomness(.. 8388864) with jiffies: 13397800379907539364, cycles: -5048943698096685045
[    5.597153] random 0031 0000 0000 e7f555d9 e8ce5c3c: add_disk_randomness(8:0) e7f555d9 e8ce5c3c
[    5.597156] random 0031 0000 0000 e7f555d9 e8ce5c3c: add_timer_randomness(.. 8388864) with jiffies: 13398997576271495588, cycles: -5047746501732728821
[    5.597276] random 0031 0000 0000 e7f555d9 e8ce5c3c: add_disk_randomness(8:0) e7f555d9 e8ce5c3c
[    5.597279] random 0031 0000 0000 e7f555d9 e8ce5c3c: add_timer_randomness(.. 8388864) with jiffies: 13400103448745836964, cycles: -5046640629258387445
[    5.597427] random 0031 0000 0000 e7f555d9 e8ce5c3c: add_disk_randomness(8:0) e7f555d9 e8ce5c3c
[    5.597430] random 0031 0000 0000 e7f555d9 e8ce5c3c: add_timer_randomness(.. 8388864) with jiffies: 13401468629870674340, cycles: -5045275448133550069
[    5.597548] random 0031 0000 0000 e7f555d9 e8ce5c3c: add_disk_randomness(8:0) e7f555d9 e8ce5c3c
[    5.597551] random 0031 0000 0000 e7f555d9 e8ce5c3c: add_timer_randomness(.. 8388864) with jiffies: 13402557678958117284, cycles: -5044186399046107125
[    5.597668] random 0031 0000 0000 e7f555d9 e8ce5c3c: add_disk_randomness(8:0) e7f555d9 e8ce5c3c
[    5.597671] random 0031 0000 0000 e7f555d9 e8ce5c3c: add_timer_randomness(.. 8388864) with jiffies: 13403640191105335716, cycles: -5043103886898888693
[    5.597778] random 0031 0000 0000 e7f555d9 e8ce5c3c: add_disk_randomness(8:0) e7f555d9 e8ce5c3c
[    5.597781] random 0031 0000 0000 e7f555d9 e8ce5c3c: add_timer_randomness(.. 8388864) with jiffies: 13404634673602855332, cycles: -5042109404401369077
[    5.597897] random 0031 0000 0000 e7f555d9 e8ce5c3c: add_disk_randomness(8:0) e7f555d9 e8ce5c3c
[    5.597900] random 0031 0000 0000 e7f555d9 e8ce5c3c: add_timer_randomness(.. 8388864) with jiffies: 13405704738934849956, cycles: -5041039339069374453
[    5.598142] random 0031 0000 0000 e7f555d9 e8ce5c3c: rand_read_num 10 get_random_bytes(4): sig ffffff72 e7f555d9 e8ce5c3c
[    5.598145] random 0031 0000 0000 e7f555d9 e8ce5c3c: extract_entropy(.. 4 ..)
[    5.598147] random 0031 0000 0000 e7f555d9 e8ce5c3c: going to reseed nonblocking with 64 bits (32 of 0 requested)
[    5.598149] random 0031 0000 0000 e7f555d9 e8ce5c3c: extract_entropy(.. 8 ..)
[    5.598152] random 0031 0000 0000 e7f555d9 e8ce5c3c: trying to extract 64 bits from input
[    5.598154] random 0031 0000 0000 e7f555d9 e8ce5c3c: debiting 0 entropy credits from input
[    5.598156] random 0031 0000 0000 e7f555d9 e8ce5c3c: extract_entropy account returned: 0 
[    5.598159] random 0031 0000 0000 e7f555d9 e8ce5c3c: urand_change_num 45 xfer_secondary_pool(4): pool_sig ffffff72, data_sig 00000000, bytes_mixed 0 e7f555d9 e8ce5c3c
[    5.598162] random 0031 0000 0000 e7f555d9 e8ce5c3c: trying to extract 32 bits from nonblocking
[    5.598164] random 0031 0000 0000 e7f555d9 e8ce5c3c: debiting 32 entropy credits from nonblocking (unlimited)
[    5.598166] random 0031 0000 0000 e7f555d9 e8ce5c3c: extract_entropy account returned: 4 
[    5.598170] random 0031 0000 0000 e7f555d9 e8ce5c3c: urand_change_num 46 extract_buf: pool_sig ffffff72, data_sig ffffff72, bytes_mixed 20 e7f555d9 e8ce5c3c
[    5.602800] random 0031 0000 0000 91716c54 eeb6a1e7: add_disk_randomness(8:0) 91716c54 eeb6a1e7
[    5.602803] random 0031 0000 0000 91716c54 eeb6a1e7: add_timer_randomness(.. 8388864) with jiffies: 13449812330782884265, cycles: -4996931747221340149
[    5.602806] random 0031 0000 0000 91716c54 eeb6a1e7: added 2 entropy credits to input
[    5.621078] random 0033 0000 0000 91716c54 eeb6a1e7: add_disk_randomness(8:0) 91716c54 eeb6a1e7
[    5.621081] random 0033 0000 0000 91716c54 eeb6a1e7: add_timer_randomness(.. 8388864) with jiffies: 13614227587294003644, cycles: -4832516490710220789
[    5.621083] random 0033 0000 0000 91716c54 eeb6a1e7: added 3 entropy credits to input
[    5.625788] EXT4-fs (sda2): mounted filesystem with ordered data mode
[    5.625997] VFS: Mounted root (ext4 filesystem) readonly on device 8:2.
[    5.626098] Freeing unused kernel memory: 448k freed
[    5.646271] random 0036 0000 0000 91716c54 eeb6a1e7: add_disk_randomness(8:0) 91716c54 eeb6a1e7
[    5.646274] random 0036 0000 0000 91716c54 eeb6a1e7: add_timer_randomness(.. 8388864) with jiffies: 13840871555510010325, cycles: -4605872522494214133
[    5.646276] random 0036 0000 0000 91716c54 eeb6a1e7: added 2 entropy credits to input
[    5.647002] random 0038 0000 0000 91716c54 eeb6a1e7: add_disk_randomness(8:0) 91716c54 eeb6a1e7
[    5.647005] random 0038 0000 0000 91716c54 eeb6a1e7: add_timer_randomness(.. 8388864) with jiffies: 13847441807500870102, cycles: -4599302270503354357
[    5.651686] random 0038 0000 0000 91716c54 eeb6a1e7: add_disk_randomness(8:0) 91716c54 eeb6a1e7
[    5.651689] random 0038 0000 0000 91716c54 eeb6a1e7: add_timer_randomness(.. 8388864) with jiffies: 13889599394002207194, cycles: -4557144684002017269
[    5.651692] random 0038 0000 0000 91716c54 eeb6a1e7: added 1 entropy credits to input
[    5.659881] random 0039 0000 0000 91716c54 eeb6a1e7: add_disk_randomness(8:0) 91716c54 eeb6a1e7
[    5.659884] random 0039 0000 0000 91716c54 eeb6a1e7: add_timer_randomness(.. 8388864) with jiffies: 13963318813966172642, cycles: -4483425264038051829
[    5.663309] random 0039 0000 0000 91716c54 eeb6a1e7: add_disk_randomness(8:0) 91716c54 eeb6a1e7
[    5.663312] random 0039 0000 0000 91716c54 eeb6a1e7: add_timer_randomness(.. 8388864) with jiffies: 13994149081354306022, cycles: -4452594996649918453
[    5.663314] random 0039 0000 0000 91716c54 eeb6a1e7: added 2 entropy credits to input
[    5.672203] random 0041 0000 0000 91716c54 eeb6a1e7: add_disk_randomness(8:0) 91716c54 eeb6a1e7
[    5.672206] random 0041 0000 0000 91716c54 eeb6a1e7: add_timer_randomness(.. 8388864) with jiffies: 14074158605477315055, cycles: -4372585472526909429
[    5.672208] random 0041 0000 0000 91716c54 eeb6a1e7: added 2 entropy credits to input
[    5.685485] random 0043 0000 0000 91716c54 eeb6a1e7: add_disk_randomness(8:0) 91716c54 eeb6a1e7
[    5.685488] random 0043 0000 0000 91716c54 eeb6a1e7: add_timer_randomness(.. 8388864) with jiffies: 14193657188496146940, cycles: -4253086889508077557
[    5.693560] random 0043 0000 0000 91716c54 eeb6a1e7: add_disk_randomness(8:0) 91716c54 eeb6a1e7
[    5.693562] random 0043 0000 0000 91716c54 eeb6a1e7: add_timer_randomness(.. 8388864) with jiffies: 14266294680428446212, cycles: -4180449397575778293
[    5.693565] random 0043 0000 0000 91716c54 eeb6a1e7: added 2 entropy credits to input
[    5.693588] RANDOM get_random_int call with cycles 50566325680, jiffies 4294672900 and pid 1
[    5.693591] RANDOM get_random_int call with cycles 50566332505, jiffies 4294672900 and pid 1
[    5.693593] ASLR stack rand value: 6983680 after shift for pid: 1
[    5.693595] RANDOM get_random_int call with cycles 50566340370, jiffies 4294672900 and pid 1
[    5.705209] random 0045 0000 0000 91716c54 eeb6a1e7: add_disk_randomness(8:0) 91716c54 eeb6a1e7
[    5.705212] random 0045 0000 0000 91716c54 eeb6a1e7: add_timer_randomness(.. 8388864) with jiffies: 14371087935375901200, cycles: -4075656142628323317
[    5.705215] random 0045 0000 0000 91716c54 eeb6a1e7: added 2 entropy credits to input
[    5.705224] RANDOM get_random_int call with cycles 50590697787, jiffies 4294672912 and pid 1
[    5.705230] random 0047 0000 0000 91716c54 eeb6a1e7: rand_read_num 11 get_random_bytes(16): sig fffffcad 91716c54 eeb6a1e7
[    5.705232] random 0047 0000 0000 91716c54 eeb6a1e7: extract_entropy(.. 16 ..)
[    5.705235] random 0047 0000 0000 91716c54 eeb6a1e7: going to reseed nonblocking with 128 bits (128 of 0 requested)
[    5.705237] random 0047 0000 0000 91716c54 eeb6a1e7: extract_entropy(.. 16 ..)
[    5.705239] random 0047 0000 0000 91716c54 eeb6a1e7: trying to extract 128 bits from input
[    5.705241] random 0047 0000 0000 91716c54 eeb6a1e7: debiting 0 entropy credits from input
[    5.705243] random 0047 0000 0000 91716c54 eeb6a1e7: extract_entropy account returned: 0 
[    5.705247] random 0047 0000 0000 91716c54 eeb6a1e7: urand_change_num 47 xfer_secondary_pool(16): pool_sig fffffcad, data_sig 00000000, bytes_mixed 0 91716c54 eeb6a1e7
[    5.705250] random 0047 0000 0000 91716c54 eeb6a1e7: trying to extract 128 bits from nonblocking
[    5.705252] random 0047 0000 0000 91716c54 eeb6a1e7: debiting 128 entropy credits from nonblocking (unlimited)
[    5.705254] random 0047 0000 0000 91716c54 eeb6a1e7: extract_entropy account returned: 16 
[    5.705259] random 0047 0000 0000 91716c54 eeb6a1e7: urand_change_num 48 extract_buf: pool_sig fffffcad, data_sig ffffff19, bytes_mixed 20 91716c54 eeb6a1e7
[    5.705264] random 0047 0000 0000 fd637b06 6cf47bc1: urand_change_num 49 extract_buf: pool_sig fffffede, data_sig ffffffc1, bytes_mixed 20 fd637b06 6cf47bc1
[    5.706225] random 0047 0000 0000 fd637b06 6cf47bc1: add_disk_randomness(8:0) fd637b06 6cf47bc1
[    5.706228] random 0047 0000 0000 fd637b06 6cf47bc1: add_timer_randomness(.. 8388864) with jiffies: 14380229038826029585, cycles: -4066515039178194933
[    5.707364] random 0047 0000 0000 fd637b06 6cf47bc1: add_disk_randomness(8:0) fd637b06 6cf47bc1
[    5.707367] random 0047 0000 0000 fd637b06 6cf47bc1: add_timer_randomness(.. 8388864) with jiffies: 14390477457859510802, cycles: -4056266620144713717
[    5.708512] random 0047 0000 0000 fd637b06 6cf47bc1: add_disk_randomness(8:0) fd637b06 6cf47bc1
[    5.708515] random 0047 0000 0000 fd637b06 6cf47bc1: add_timer_randomness(.. 8388864) with jiffies: 14400807189213839891, cycles: -4045936888790384629
[    5.709384] random 0047 0000 0000 fd637b06 6cf47bc1: add_disk_randomness(8:0) fd637b06 6cf47bc1
[    5.709387] random 0047 0000 0000 fd637b06 6cf47bc1: add_timer_randomness(.. 8388864) with jiffies: 14408649988474896916, cycles: -4038094089529327605
[    5.718207] random 0047 0000 0000 fd637b06 6cf47bc1: add_disk_randomness(8:0) fd637b06 6cf47bc1
[    5.718210] random 0047 0000 0000 fd637b06 6cf47bc1: add_timer_randomness(.. 8388864) with jiffies: 14488025493820637725, cycles: -3958718584183586805
[    5.718213] random 0047 0000 0000 fd637b06 6cf47bc1: added 3 entropy credits to input
[    5.718408] random 0050 0000 0000 fd637b06 6cf47bc1: add_disk_randomness(8:0) fd637b06 6cf47bc1
[    5.718412] random 0050 0000 0000 fd637b06 6cf47bc1: add_timer_randomness(.. 8388864) with jiffies: 14489837768156086813, cycles: -3956906309848137717
[    5.728594] random 0050 0000 0000 fd637b06 6cf47bc1: add_disk_randomness(8:0) fd637b06 6cf47bc1
[    5.728597] random 0050 0000 0000 fd637b06 6cf47bc1: add_timer_randomness(.. 8388864) with jiffies: 14581469508141810215, cycles: -3865274569862414325
[    5.728599] random 0050 0000 0000 fd637b06 6cf47bc1: added 3 entropy credits to input
[    5.729036] random 0053 0000 0000 fd637b06 6cf47bc1: add_disk_randomness(8:0) fd637b06 6cf47bc1
[    5.729039] random 0053 0000 0000 fd637b06 6cf47bc1: add_timer_randomness(.. 8388864) with jiffies: 14585435893259797032, cycles: -3861308184744427509
[    5.738777] random 0053 0000 0000 fd637b06 6cf47bc1: add_disk_randomness(8:0) fd637b06 6cf47bc1
[    5.738780] random 0053 0000 0000 fd637b06 6cf47bc1: add_timer_randomness(.. 8388864) with jiffies: 14673080099708568113, cycles: -3773663978295656437
[    5.738782] random 0053 0000 0000 fd637b06 6cf47bc1: added 3 entropy credits to input
[    5.738835] RANDOM get_random_int call with cycles 50661099867, jiffies 4294672945 and pid 1
[    5.743547] random 0056 0000 0000 fd637b06 6cf47bc1: add_disk_randomness(8:0) fd637b06 6cf47bc1
[    5.743551] random 0056 0000 0000 fd637b06 6cf47bc1: add_timer_randomness(.. 8388864) with jiffies: 14715994283353801270, cycles: -3730749794650423285
[    5.743553] random 0056 0000 0000 fd637b06 6cf47bc1: added 2 entropy credits to input
[    5.756212] random 0058 0000 0000 fd637b06 6cf47bc1: add_disk_randomness(8:0) fd637b06 6cf47bc1
[    5.756216] random 0058 0000 0000 fd637b06 6cf47bc1: add_timer_randomness(.. 8388864) with jiffies: 14829926520037540419, cycles: -3616817557966684149
[    5.756218] random 0058 0000 0000 fd637b06 6cf47bc1: added 3 entropy credits to input
[    5.756352] random 0061 0000 0000 fd637b06 6cf47bc1: add_disk_randomness(8:0) fd637b06 6cf47bc1
[    5.756355] random 0061 0000 0000 fd637b06 6cf47bc1: add_timer_randomness(.. 8388864) with jiffies: 14831181891733520963, cycles: -3615562186270703605
[    5.758514] random 0061 0000 0000 fd637b06 6cf47bc1: add_disk_randomness(8:0) fd637b06 6cf47bc1
[    5.758518] random 0061 0000 0000 fd637b06 6cf47bc1: add_timer_randomness(.. 8388864) with jiffies: 14850640365622100549, cycles: -3596103712382124021
[    5.758520] random 0061 0000 0000 fd637b06 6cf47bc1: added 1 entropy credits to input
[    5.758758] random 0062 0000 0000 fd637b06 6cf47bc1: add_disk_randomness(8:0) fd637b06 6cf47bc1
[    5.758761] random 0062 0000 0000 fd637b06 6cf47bc1: add_timer_randomness(.. 8388864) with jiffies: 14852831907044622917, cycles: -3593912170959601653
[    5.758900] random 0062 0000 0000 fd637b06 6cf47bc1: add_disk_randomness(8:0) fd637b06 6cf47bc1
[    5.758903] random 0062 0000 0000 fd637b06 6cf47bc1: add_timer_randomness(.. 8388864) with jiffies: 14854117987756769861, cycles: -3592626090247454709
[    5.762070] random 0062 0000 0000 fd637b06 6cf47bc1: add_disk_randomness(8:0) fd637b06 6cf47bc1
[    5.762073] random 0062 0000 0000 fd637b06 6cf47bc1: add_timer_randomness(.. 8388864) with jiffies: 14882615559622197833, cycles: -3564128518382026741
[    5.762075] random 0062 0000 0000 fd637b06 6cf47bc1: added 2 entropy credits to input
[    5.764082] random 0064 0000 0000 fd637b06 6cf47bc1: add_disk_randomness(8:0) fd637b06 6cf47bc1
[    5.764085] random 0064 0000 0000 fd637b06 6cf47bc1: add_timer_randomness(.. 8388864) with jiffies: 14900719946286465611, cycles: -3546024131717758965
[    5.764088] random 0064 0000 0000 fd637b06 6cf47bc1: added 1 entropy credits to input
[    5.771948] random 0065 0000 0000 fd637b06 6cf47bc1: add_disk_randomness(8:0) fd637b06 6cf47bc1
[    5.771951] random 0065 0000 0000 fd637b06 6cf47bc1: add_timer_randomness(.. 8388864) with jiffies: 14971496192666206802, cycles: -3475247885338017781
[    5.771954] random 0065 0000 0000 fd637b06 6cf47bc1: added 2 entropy credits to input
[    5.772096] random 0067 0000 0000 fd637b06 6cf47bc1: add_disk_randomness(8:0) fd637b06 6cf47bc1
[    5.772099] random 0067 0000 0000 fd637b06 6cf47bc1: add_timer_randomness(.. 8388864) with jiffies: 14972815555079930451, cycles: -3473928522924294133
[    5.775610] random 0067 0000 0000 fd637b06 6cf47bc1: add_disk_randomness(8:0) fd637b06 6cf47bc1
[    5.775613] random 0067 0000 0000 fd637b06 6cf47bc1: add_timer_randomness(.. 8388864) with jiffies: 15004439167352144470, cycles: -3442304910652080117
[    5.775616] random 0067 0000 0000 fd637b06 6cf47bc1: added 1 entropy credits to input
[    5.780106] random 0068 0000 0000 fd637b06 6cf47bc1: add_disk_randomness(8:0) fd637b06 6cf47bc1
[    5.780109] random 0068 0000 0000 fd637b06 6cf47bc1: add_timer_randomness(.. 8388864) with jiffies: 15044872333074072155, cycles: -3401871744930152437
[    5.785687] random 0068 0000 0000 fd637b06 6cf47bc1: add_disk_randomness(8:0) fd637b06 6cf47bc1
[    5.785690] random 0068 0000 0000 fd637b06 6cf47bc1: add_timer_randomness(.. 8388864) with jiffies: 15095089503015764576, cycles: -3351654574988460021
[    5.791965] random 0068 0000 0000 fd637b06 6cf47bc1: add_disk_randomness(8:0) fd637b06 6cf47bc1
[    5.791968] random 0068 0000 0000 fd637b06 6cf47bc1: add_timer_randomness(.. 8388864) with jiffies: 15151561425240687207, cycles: -3295182652763537397
[    5.791971] random 0068 0000 0000 fd637b06 6cf47bc1: added 1 entropy credits to input
[    5.791982] random 0069 0000 0000 fd637b06 6cf47bc1: rand_read_num 12 get_random_bytes(16): sig 0000033b fd637b06 6cf47bc1
[    5.791984] random 0069 0000 0000 fd637b06 6cf47bc1: extract_entropy(.. 16 ..)
[    5.791987] random 0069 0000 0000 fd637b06 6cf47bc1: going to reseed nonblocking with 128 bits (128 of 0 requested)
[    5.791989] random 0069 0000 0000 fd637b06 6cf47bc1: extract_entropy(.. 16 ..)
[    5.791991] random 0069 0000 0000 fd637b06 6cf47bc1: trying to extract 128 bits from input
[    5.791993] random 0069 0000 0000 fd637b06 6cf47bc1: debiting 0 entropy credits from input
[    5.791995] random 0069 0000 0000 fd637b06 6cf47bc1: extract_entropy account returned: 0 
[    5.791999] random 0069 0000 0000 fd637b06 6cf47bc1: urand_change_num 50 xfer_secondary_pool(16): pool_sig 0000033b, data_sig 00000000, bytes_mixed 0 fd637b06 6cf47bc1
[    5.792002] random 0069 0000 0000 fd637b06 6cf47bc1: trying to extract 128 bits from nonblocking
[    5.792004] random 0069 0000 0000 fd637b06 6cf47bc1: debiting 128 entropy credits from nonblocking (unlimited)
[    5.792006] random 0069 0000 0000 fd637b06 6cf47bc1: extract_entropy account returned: 16 
[    5.792010] random 0069 0000 0000 fd637b06 6cf47bc1: urand_change_num 51 extract_buf: pool_sig 0000033b, data_sig 000000d8, bytes_mixed 20 fd637b06 6cf47bc1
[    5.792016] random 0069 0000 0000 0ec1f012 d4727ca8: urand_change_num 52 extract_buf: pool_sig fffffcf5, data_sig 00000016, bytes_mixed 20 0ec1f012 d4727ca8
[    5.798711] random 0069 0000 0000 45b1d0b1 845a73f7: add_disk_randomness(8:0) 45b1d0b1 845a73f7
[    5.798714] random 0069 0000 0000 45b1d0b1 845a73f7: add_timer_randomness(.. 8388864) with jiffies: 15212257237347828333, cycles: -3234486840656396277
[    5.805927] random 0069 0000 0000 45b1d0b1 845a73f7: add_disk_randomness(8:0) 45b1d0b1 845a73f7
[    5.805930] random 0069 0000 0000 45b1d0b1 845a73f7: add_timer_randomness(.. 8388864) with jiffies: 15277181225714549364, cycles: -3169562852289675253
[    5.813950] random 0069 0000 0000 45b1d0b1 845a73f7: add_disk_randomness(8:0) 45b1d0b1 845a73f7
[    5.813953] random 0069 0000 0000 45b1d0b1 845a73f7: add_timer_randomness(.. 8388864) with jiffies: 15349355526898811516, cycles: -3097388551105413109
[    5.823355] random 0069 0000 0000 45b1d0b1 845a73f7: add_disk_randomness(8:0) 45b1d0b1 845a73f7
[    5.823358] random 0069 0000 0000 45b1d0b1 845a73f7: add_timer_randomness(.. 8388864) with jiffies: 15433950890682974854, cycles: -3012793187321249781
[    5.826505] random 0069 0000 0000 45b1d0b1 845a73f7: add_disk_randomness(8:0) 45b1d0b1 845a73f7
[    5.826508] random 0069 0000 0000 45b1d0b1 845a73f7: add_timer_randomness(.. 8388864) with jiffies: 15462297430023438985, cycles: -2984446647980785653
[    5.826511] random 0069 0000 0000 45b1d0b1 845a73f7: added 1 entropy credits to input
[    5.840773] random 0070 0000 0000 45b1d0b1 845a73f7: add_disk_randomness(8:0) 45b1d0b1 845a73f7
[    5.840776] random 0070 0000 0000 45b1d0b1 845a73f7: add_timer_randomness(.. 8388864) with jiffies: 15590656972955550359, cycles: -2856087105048674293
[    5.840779] random 0070 0000 0000 45b1d0b1 845a73f7: added 3 entropy credits to input
[    5.846172] random 0073 0000 0000 45b1d0b1 845a73f7: add_disk_randomness(8:0) 45b1d0b1 845a73f7
[    5.846175] random 0073 0000 0000 45b1d0b1 845a73f7: add_timer_randomness(.. 8388864) with jiffies: 15639218175306597021, cycles: -2807525902697627637
[    5.846178] random 0073 0000 0000 45b1d0b1 845a73f7: added 2 entropy credits to input
[    5.851342] random 0075 0000 0000 45b1d0b1 845a73f7: add_disk_randomness(8:0) 45b1d0b1 845a73f7
[    5.851345] random 0075 0000 0000 45b1d0b1 845a73f7: add_timer_randomness(.. 8388864) with jiffies: 15685726602333487778, cycles: -2761017475670736885
[    5.859571] random 0075 0000 0000 45b1d0b1 845a73f7: add_disk_randomness(8:0) 45b1d0b1 845a73f7
[    5.859574] random 0075 0000 0000 45b1d0b1 845a73f7: add_timer_randomness(.. 8388864) with jiffies: 15759764275079119530, cycles: -2686979802925105141
[    5.859577] random 0075 0000 0000 45b1d0b1 845a73f7: added 1 entropy credits to input
[    5.869174] random 0076 0000 0000 45b1d0b1 845a73f7: add_disk_randomness(8:0) 45b1d0b1 845a73f7
[    5.869177] random 0076 0000 0000 45b1d0b1 845a73f7: add_timer_randomness(.. 8388864) with jiffies: 15846147517784490676, cycles: -2600596560219734005
[    5.888679] random 0076 0000 0000 45b1d0b1 845a73f7: add_disk_randomness(8:0) 45b1d0b1 845a73f7
[    5.888682] random 0076 0000 0000 45b1d0b1 845a73f7: add_timer_randomness(.. 8388864) with jiffies: 16021626055999324871, cycles: -2425118022004899829
[    5.888685] random 0076 0000 0000 45b1d0b1 845a73f7: added 2 entropy credits to input
[    5.901962] random 0078 0000 0000 45b1d0b1 845a73f7: add_disk_randomness(8:0) 45b1d0b1 845a73f7
[    5.901967] random 0078 0000 0000 45b1d0b1 845a73f7: add_timer_randomness(.. 8388864) with jiffies: 16141131085764068053, cycles: -2305612992240156661
[    5.901970] random 0078 0000 0000 45b1d0b1 845a73f7: added 2 entropy credits to input
[    5.909982] random 0080 0000 0000 45b1d0b1 845a73f7: add_disk_randomness(8:0) 45b1d0b1 845a73f7
[    5.909985] random 0080 0000 0000 45b1d0b1 845a73f7: add_timer_randomness(.. 8388864) with jiffies: 16213263669930984157, cycles: -2233480408073240565
[    5.919997] random 0080 0000 0000 45b1d0b1 845a73f7: add_disk_randomness(8:0) 45b1d0b1 845a73f7
[    5.920000] random 0080 0000 0000 45b1d0b1 845a73f7: add_timer_randomness(.. 8388864) with jiffies: 16303354079298159335, cycles: -2143389998706065397
[    5.920002] random 0080 0000 0000 45b1d0b1 845a73f7: added 1 entropy credits to input
[    5.924563] random 0081 0000 0000 45b1d0b1 845a73f7: add_disk_randomness(8:0) 45b1d0b1 845a73f7
[    5.924566] random 0081 0000 0000 45b1d0b1 845a73f7: add_timer_randomness(.. 8388864) with jiffies: 16344445302729310955, cycles: -2102298775274913781
[    5.924569] random 0081 0000 0000 45b1d0b1 845a73f7: added 2 entropy credits to input
[    5.931920] random 0083 0000 0000 45b1d0b1 845a73f7: add_disk_randomness(8:0) 45b1d0b1 845a73f7
[    5.931923] random 0083 0000 0000 45b1d0b1 845a73f7: add_timer_randomness(.. 8388864) with jiffies: 16410629799572898546, cycles: -2036114278431326197
[    5.931925] random 0083 0000 0000 45b1d0b1 845a73f7: added 1 entropy credits to input
[    5.937169] random 0084 0000 0000 45b1d0b1 845a73f7: add_disk_randomness(8:0) 45b1d0b1 845a73f7
[    5.937172] random 0084 0000 0000 45b1d0b1 845a73f7: add_timer_randomness(.. 8388864) with jiffies: 16457840071500595960, cycles: -1988904006503628789
[    5.943611] random 0084 0000 0000 45b1d0b1 845a73f7: add_disk_randomness(8:0) 45b1d0b1 845a73f7
[    5.943614] random 0084 0000 0000 45b1d0b1 845a73f7: add_timer_randomness(.. 8388864) with jiffies: 16515799345195090686, cycles: -1930944732809134069
[    5.948663] random 0084 0000 0000 45b1d0b1 845a73f7: add_disk_randomness(8:0) 45b1d0b1 845a73f7
[    5.948666] random 0084 0000 0000 45b1d0b1 845a73f7: add_timer_randomness(.. 8388864) with jiffies: 16561248482962932483, cycles: -1885495595041292277
[    5.954562] random 0084 0000 0000 45b1d0b1 845a73f7: add_disk_randomness(8:0) 45b1d0b1 845a73f7
[    5.954565] random 0084 0000 0000 45b1d0b1 845a73f7: add_timer_randomness(.. 8388864) with jiffies: 16614320259968238345, cycles: -1832423818035986421
[    5.963917] random 0084 0000 0000 45b1d0b1 845a73f7: add_disk_randomness(8:0) 45b1d0b1 845a73f7
[    5.963920] random 0084 0000 0000 45b1d0b1 845a73f7: add_timer_randomness(.. 8388864) with jiffies: 16698485263734375186, cycles: -1748258814269849589
[    5.963923] random 0084 0000 0000 45b1d0b1 845a73f7: added 1 entropy credits to input
[    5.968797] random 0085 0000 0000 45b1d0b1 845a73f7: add_disk_randomness(8:0) 45b1d0b1 845a73f7
[    5.968800] random 0085 0000 0000 45b1d0b1 845a73f7: add_timer_randomness(.. 8388864) with jiffies: 16742386443749131031, cycles: -1704357634255093749
[    5.968803] random 0085 0000 0000 45b1d0b1 845a73f7: added 2 entropy credits to input
[    5.976231] random 0087 0000 0000 45b1d0b1 845a73f7: add_disk_randomness(8:0) 45b1d0b1 845a73f7
[    5.976234] random 0087 0000 0000 45b1d0b1 845a73f7: add_timer_randomness(.. 8388864) with jiffies: 16809252809600631583, cycles: -1637491268403593205
[    5.976237] random 0087 0000 0000 45b1d0b1 845a73f7: added 1 entropy credits to input
[    5.982453] random 0088 0000 0000 45b1d0b1 845a73f7: add_disk_randomness(8:0) 45b1d0b1 845a73f7
[    5.982456] random 0088 0000 0000 45b1d0b1 845a73f7: add_timer_randomness(.. 8388864) with jiffies: 16865227718210061093, cycles: -1581516359794163701
[    5.982458] random 0088 0000 0000 45b1d0b1 845a73f7: added 1 entropy credits to input
[    5.987916] random 0089 0000 0000 45b1d0b1 845a73f7: add_disk_randomness(8:0) 45b1d0b1 845a73f7
[    5.987919] random 0089 0000 0000 45b1d0b1 845a73f7: add_timer_randomness(.. 8388864) with jiffies: 16914382716969648938, cycles: -1532361361034575861
[    5.997013] random 0089 0000 0000 45b1d0b1 845a73f7: add_disk_randomness(8:0) 45b1d0b1 845a73f7
[    5.997016] random 0089 0000 0000 45b1d0b1 845a73f7: add_timer_randomness(.. 8388864) with jiffies: 16996204201895494452, cycles: -1450539876108730357
[    5.997019] random 0089 0000 0000 45b1d0b1 845a73f7: added 2 entropy credits to input
[    6.004432] random 0091 0000 0000 45b1d0b1 845a73f7: add_disk_randomness(8:0) 45b1d0b1 845a73f7
[    6.004436] random 0091 0000 0000 45b1d0b1 845a73f7: add_timer_randomness(.. 8388864) with jiffies: 17062960260101931835, cycles: -1383783817902292981
[    6.004438] random 0091 0000 0000 45b1d0b1 845a73f7: added 1 entropy credits to input
[    6.014117] random 0092 0000 0000 45b1d0b1 845a73f7: add_disk_randomness(8:0) 45b1d0b1 845a73f7
[    6.014120] random 0092 0000 0000 45b1d0b1 845a73f7: add_timer_randomness(.. 8388864) with jiffies: 17150081966599275333, cycles: -1296662111404949493
[    6.014123] random 0092 0000 0000 45b1d0b1 845a73f7: added 1 entropy credits to input
[    6.024746] random 0093 0000 0000 45b1d0b1 845a73f7: add_disk_randomness(8:0) 45b1d0b1 845a73f7
[    6.024749] random 0093 0000 0000 45b1d0b1 845a73f7: add_timer_randomness(.. 8388864) with jiffies: 17245708683300275023, cycles: -1201035394703949813
[    6.037267] random 0093 0000 0000 45b1d0b1 845a73f7: add_disk_randomness(8:0) 45b1d0b1 845a73f7
[    6.037270] random 0093 0000 0000 45b1d0b1 845a73f7: add_timer_randomness(.. 8388864) with jiffies: 17358343612227355484, cycles: -1088400465776869365
[    6.037273] random 0093 0000 0000 45b1d0b1 845a73f7: added 1 entropy credits to input
[    6.038475] random 0094 0000 0000 45b1d0b1 845a73f7: add_disk_randomness(8:0) 45b1d0b1 845a73f7
[    6.038478] random 0094 0000 0000 45b1d0b1 845a73f7: add_timer_randomness(.. 8388864) with jiffies: 17369216626879857501, cycles: -1077527451124367349
[    6.042488] random 0094 0000 0000 45b1d0b1 845a73f7: add_disk_randomness(8:0) 45b1d0b1 845a73f7
[    6.042491] random 0094 0000 0000 45b1d0b1 845a73f7: add_timer_randomness(.. 8388864) with jiffies: 17405319022458405729, cycles: -1041425055545819125
[    6.042494] random 0094 0000 0000 45b1d0b1 845a73f7: added 1 entropy credits to input
[    6.051829] random 0095 0000 0000 45b1d0b1 845a73f7: add_disk_randomness(8:0) 45b1d0b1 845a73f7
[    6.051832] random 0095 0000 0000 45b1d0b1 845a73f7: add_timer_randomness(.. 8388864) with jiffies: 17489357797135713130, cycles: -957386280868511733
[    6.051835] random 0095 0000 0000 45b1d0b1 845a73f7: added 1 entropy credits to input
[    6.052186] random 0096 0000 0000 45b1d0b1 845a73f7: add_disk_randomness(8:0) 45b1d0b1 845a73f7
[    6.052189] random 0096 0000 0000 45b1d0b1 845a73f7: add_timer_randomness(.. 8388864) with jiffies: 17492552028738257771, cycles: -954192049265967093
[    6.067844] random 0096 0000 0000 45b1d0b1 845a73f7: add_disk_randomness(8:0) 45b1d0b1 845a73f7
[    6.067847] random 0096 0000 0000 45b1d0b1 845a73f7: add_timer_randomness(.. 8388864) with jiffies: 17633424679714390906, cycles: -813319398289833973
[    6.067849] random 0096 0000 0000 45b1d0b1 845a73f7: added 3 entropy credits to input
[    6.069475] random 0099 0000 0000 45b1d0b1 845a73f7: add_disk_randomness(8:0) 45b1d0b1 845a73f7
[    6.069478] random 0099 0000 0000 45b1d0b1 845a73f7: add_timer_randomness(.. 8388864) with jiffies: 17648095098291585916, cycles: -798648979712638965
[    6.069481] random 0099 0000 0000 45b1d0b1 845a73f7: added 1 entropy credits to input
[    6.069628] random 0100 0000 0000 45b1d0b1 845a73f7: add_disk_randomness(8:0) 45b1d0b1 845a73f7
[    6.069631] random 0100 0000 0000 45b1d0b1 845a73f7: add_timer_randomness(.. 8388864) with jiffies: 17649474487168238460, cycles: -797269590835986421
[    6.080499] random 0100 0000 0000 45b1d0b1 845a73f7: add_disk_randomness(8:0) 45b1d0b1 845a73f7
[    6.080502] random 0100 0000 0000 45b1d0b1 845a73f7: add_timer_randomness(.. 8388864) with jiffies: 17747268212438565767, cycles: -699475865565659125
[    6.080505] random 0100 0000 0000 45b1d0b1 845a73f7: added 3 entropy credits to input
[    6.081065] random 0103 0000 0000 45b1d0b1 845a73f7: add_disk_randomness(8:0) 45b1d0b1 845a73f7
[    6.081068] random 0103 0000 0000 45b1d0b1 845a73f7: add_timer_randomness(.. 8388864) with jiffies: 17752352916846117768, cycles: -694391161158107125
[    6.086296] random 0103 0000 0000 45b1d0b1 845a73f7: add_disk_randomness(8:0) 45b1d0b1 845a73f7
[    6.086299] random 0103 0000 0000 45b1d0b1 845a73f7: add_timer_randomness(.. 8388864) with jiffies: 17799417073986405261, cycles: -647327004017819637
[    6.086302] random 0103 0000 0000 45b1d0b1 845a73f7: added 2 entropy credits to input
[    6.088090] random 0105 0000 0000 45b1d0b1 845a73f7: add_disk_randomness(8:0) 45b1d0b1 845a73f7
