[    0.000000] random 0000 0000 0000 00000000 00000000: rand_read_num 1 get_random_bytes(8): sig 00000000 00000000 00000000
[    0.000000] random 0000 0000 0000 00000000 00000000: extract_entropy(.. 8 ..)
[    0.000000] random 0000 0000 0000 00000000 00000000: going to reseed nonblocking with 64 bits (64 of 0 requested)
[    0.000000] random 0000 0000 0000 00000000 00000000: extract_entropy(.. 8 ..)
[    0.000000] random 0000 0000 0000 00000000 00000000: trying to extract 64 bits from input
[    0.000000] random 0000 0000 0000 00000000 00000000: debiting 0 entropy credits from input
[    0.000000] random 0000 0000 0000 00000000 00000000: extract_entropy account returned: 0 
[    0.000000] random 0000 0000 0000 00000000 00000000: urand_change_num 1 xfer_secondary_pool(8): pool_sig 00000000, data_sig 00000000, bytes_mixed 0 00000000 00000000
[    0.000000] random 0000 0000 0000 00000000 00000000: trying to extract 64 bits from nonblocking
[    0.000000] random 0000 0000 0000 00000000 00000000: debiting 64 entropy credits from nonblocking (unlimited)
[    0.000000] random 0000 0000 0000 00000000 00000000: extract_entropy account returned: 8 
[    0.000000] random 0000 0000 0000 00000000 00000000: urand_change_num 2 extract_buf: pool_sig 00000000, data_sig fffffff9, bytes_mixed 20 00000000 00000000
[    0.000000] Linux version 2.6.32.57 (dcashman@dcashman-02) (gcc version 4.3.3 (GCC) ) #6 Thu May 30 09:02:12 PDT 2013
[    0.000000] KERNEL supported cpus:
[    0.000000]   Intel GenuineIntel
[    0.000000]   AMD AuthenticAMD
[    0.000000]   NSC Geode by NSC
[    0.000000]   Cyrix CyrixInstead
[    0.000000]   Centaur CentaurHauls
[    0.000000]   Transmeta GenuineTMx86
[    0.000000]   Transmeta TransmetaCPU
[    0.000000]   UMC UMC UMC UMC
[    0.000000] BIOS-provided physical RAM map:
[    0.000000]  BIOS-e820: 0000000000000000 - 000000000009d800 (usable)
[    0.000000]  BIOS-e820: 000000000009d800 - 00000000000a0000 (reserved)
[    0.000000]  BIOS-e820: 00000000000d2000 - 00000000000d4000 (reserved)
[    0.000000]  BIOS-e820: 00000000000e0000 - 0000000000100000 (reserved)
[    0.000000]  BIOS-e820: 0000000000100000 - 000000003d6b0000 (usable)
[    0.000000]  BIOS-e820: 000000003d6b0000 - 000000003d6cc000 (ACPI data)
[    0.000000]  BIOS-e820: 000000003d6cc000 - 000000003d700000 (ACPI NVS)
[    0.000000]  BIOS-e820: 000000003d700000 - 000000003e000000 (reserved)
[    0.000000]  BIOS-e820: 00000000f0000000 - 00000000f4000000 (reserved)
[    0.000000]  BIOS-e820: 00000000fec00000 - 00000000fec10000 (reserved)
[    0.000000]  BIOS-e820: 00000000fed00000 - 00000000fed00400 (reserved)
[    0.000000]  BIOS-e820: 00000000fed14000 - 00000000fed1a000 (reserved)
[    0.000000]  BIOS-e820: 00000000fed1c000 - 00000000fed90000 (reserved)
[    0.000000]  BIOS-e820: 00000000fee00000 - 00000000fee01000 (reserved)
[    0.000000]  BIOS-e820: 00000000ff000000 - 0000000100000000 (reserved)
[    0.000000] DMI present.
[    0.000000] last_pfn = 0x3d6b0 max_arch_pfn = 0x100000
[    0.000000] MTRR default type: uncachable
[    0.000000] MTRR fixed ranges enabled:
[    0.000000]   00000-9FFFF write-back
[    0.000000]   A0000-BFFFF uncachable
[    0.000000]   C0000-CFFFF write-protect
[    0.000000]   D0000-DFFFF uncachable
[    0.000000]   E0000-FFFFF write-protect
[    0.000000] MTRR variable ranges enabled:
[    0.000000]   0 base 03E000000 mask FFE000000 uncachable
[    0.000000]   1 base 000000000 mask FC0000000 write-back
[    0.000000]   2 base 03D700000 mask FFFF00000 uncachable
[    0.000000]   3 base 03D800000 mask FFF800000 uncachable
[    0.000000]   4 disabled
[    0.000000]   5 disabled
[    0.000000]   6 disabled
[    0.000000]   7 disabled
[    0.000000] initial memory mapped : 0 - 02000000
[    0.000000] init_memory_mapping: 0000000000000000-00000000377fe000
[    0.000000]  0000000000 - 0000400000 page 4k
[    0.000000]  0000400000 - 0037400000 page 2M
[    0.000000]  0037400000 - 00377fe000 page 4k
[    0.000000] kernel direct mapping tables up to 377fe000 @ 7000-c000
[    0.000000] ACPI: RSDP 000f68d0 00024 (v02 LENOVO)
[    0.000000] ACPI: XSDT 3d6bb77f 00094 (v01 LENOVO TP-7L    00002170  LTP 00000000)
[    0.000000] ACPI: FACP 3d6bb900 000F4 (v03 LENOVO TP-7L    00002170 LNVO 00000001)
[    0.000000] ACPI Warning: 32/64X length mismatch in Gpe1Block: 0/32 (20090903/tbfadt-526)
[    0.000000] ACPI Warning: Optional field Gpe1Block has zero address or length: 000000000000102C/0 (20090903/tbfadt-557)
[    0.000000] ACPI: DSDT 3d6bbd1d 0FED1 (v01 LENOVO TP-7L    00002170 MSFT 03000000)
[    0.000000] ACPI: FACS 3d6e4000 00040
[    0.000000] ACPI: SSDT 3d6bbab4 00269 (v01 LENOVO TP-7L    00002170 MSFT 03000000)
[    0.000000] ACPI: ECDT 3d6cbbee 00052 (v01 LENOVO TP-7L    00002170 LNVO 00000001)
[    0.000000] ACPI: TCPA 3d6cbc40 00032 (v02 LENOVO TP-7L    00002170 LNVO 00000001)
[    0.000000] ACPI: APIC 3d6cbc72 00068 (v01 LENOVO TP-7L    00002170 LNVO 00000001)
[    0.000000] ACPI: MCFG 3d6cbcda 0003C (v01 LENOVO TP-7L    00002170 LNVO 00000001)
[    0.000000] ACPI: HPET 3d6cbd16 00038 (v01 LENOVO TP-7L    00002170 LNVO 00000001)
[    0.000000] ACPI: SLIC 3d6cbdf0 00176 (v01 LENOVO TP-7L    00002170  LTP 00000000)
[    0.000000] ACPI: BOOT 3d6cbf66 00028 (v01 LENOVO TP-7L    00002170  LTP 00000001)
[    0.000000] ACPI: ASF! 3d6cbf8e 00072 (v16 LENOVO TP-7L    00002170 PTL  00000001)
[    0.000000] ACPI: SSDT 3d6e26d9 0025F (v01 LENOVO TP-7L    00002170 INTL 20050513)
[    0.000000] ACPI: SSDT 3d6e2938 000A6 (v01 LENOVO TP-7L    00002170 INTL 20050513)
[    0.000000] ACPI: SSDT 3d6e29de 004F7 (v01 LENOVO TP-7L    00002170 INTL 20050513)
[    0.000000] ACPI: SSDT 3d6e2ed5 001D8 (v01 LENOVO TP-7L    00002170 INTL 20050513)
[    0.000000] ACPI: DMI detected: Lenovo ThinkPad R61
[    0.000000] ACPI: Added _OSI(Linux)
[    0.000000] ACPI: Local APIC address 0xfee00000
[    0.000000] 94MB HIGHMEM available.
[    0.000000] 887MB LOWMEM available.
[    0.000000]   mapped low ram: 0 - 377fe000
[    0.000000]   low ram: 0 - 377fe000
[    0.000000]   node 0 low ram: 00000000 - 377fe000
[    0.000000]   node 0 bootmap 00008000 - 0000ef00
[    0.000000] (6 early reservations) ==> bootmem [0000000000 - 00377fe000]
[    0.000000]   #0 [0000000000 - 0000001000]   BIOS data page ==> [0000000000 - 0000001000]
[    0.000000]   #1 [0001000000 - 0001bdc180]    TEXT DATA BSS ==> [0001000000 - 0001bdc180]
[    0.000000]   #2 [000009d800 - 0000100000]    BIOS reserved ==> [000009d800 - 0000100000]
[    0.000000]   #3 [0001bdd000 - 0001be516c]              BRK ==> [0001bdd000 - 0001be516c]
[    0.000000]   #4 [0000007000 - 0000008000]          PGTABLE ==> [0000007000 - 0000008000]
[    0.000000]   #5 [0000008000 - 000000f000]          BOOTMAP ==> [0000008000 - 000000f000]
[    0.000000] found SMP MP-table at [c00f6900] f6900
[    0.000000] Zone PFN ranges:
[    0.000000]   DMA      0x00000000 -> 0x00001000
[    0.000000]   Normal   0x00001000 -> 0x000377fe
[    0.000000]   HighMem  0x000377fe -> 0x0003d6b0
[    0.000000] Movable zone start PFN for each node
[    0.000000] early_node_map[2] active PFN ranges
[    0.000000]     0: 0x00000000 -> 0x0000009d
[    0.000000]     0: 0x00000100 -> 0x0003d6b0
[    0.000000] On node 0 totalpages: 251469
[    0.000000] free_area_init_node: node 0, pgdat c1901ea0, node_mem_map c1be7000
[    0.000000]   DMA zone: 32 pages used for memmap
[    0.000000]   DMA zone: 0 pages reserved
[    0.000000]   DMA zone: 3965 pages, LIFO batch:0
[    0.000000]   Normal zone: 1744 pages used for memmap
[    0.000000]   Normal zone: 221486 pages, LIFO batch:31
[    0.000000]   HighMem zone: 190 pages used for memmap
[    0.000000]   HighMem zone: 24052 pages, LIFO batch:3
[    0.000000] Using APIC driver default
[    0.000000] ACPI: PM-Timer IO Port: 0x1008
[    0.000000] ACPI: Local APIC address 0xfee00000
[    0.000000] ACPI: LAPIC (acpi_id[0x00] lapic_id[0x00] enabled)
[    0.000000] ACPI: LAPIC (acpi_id[0x01] lapic_id[0x01] enabled)
[    0.000000] ACPI: NR_CPUS/possible_cpus limit of 1 reached.  Processor 1/0x1 ignored.
[    0.000000] ACPI: LAPIC_NMI (acpi_id[0x00] high edge lint[0x1])
[    0.000000] ACPI: LAPIC_NMI (acpi_id[0x01] high edge lint[0x1])
[    0.000000] ACPI: IOAPIC (id[0x01] address[0xfec00000] gsi_base[0])
[    0.000000] IOAPIC[0]: apic_id 1, version 32, address 0xfec00000, GSI 0-23
[    0.000000] ACPI: INT_SRC_OVR (bus 0 bus_irq 0 global_irq 2 dfl dfl)
[    0.000000] ACPI: INT_SRC_OVR (bus 0 bus_irq 9 global_irq 9 high level)
[    0.000000] ACPI: IRQ0 used by override.
[    0.000000] ACPI: IRQ2 used by override.
[    0.000000] ACPI: IRQ9 used by override.
[    0.000000] Using ACPI (MADT) for SMP configuration information
[    0.000000] ACPI: HPET id: 0x8086a201 base: 0xfed00000
[    0.000000] nr_irqs_gsi: 24
[    0.000000] PM: Registered nosave memory: 000000000009d000 - 000000000009e000
[    0.000000] PM: Registered nosave memory: 000000000009e000 - 00000000000a0000
[    0.000000] PM: Registered nosave memory: 00000000000a0000 - 00000000000d2000
[    0.000000] PM: Registered nosave memory: 00000000000d2000 - 00000000000d4000
[    0.000000] PM: Registered nosave memory: 00000000000d4000 - 00000000000e0000
[    0.000000] PM: Registered nosave memory: 00000000000e0000 - 0000000000100000
[    0.000000] Allocating PCI resources starting at 3e000000 (gap: 3e000000:b2000000)
[    0.000000] Built 1 zonelists in Zone order, mobility grouping on.  Total pages: 249503
[    0.000000] Kernel command line: auto BOOT_IMAGE=Linux ro root=802 vt.default_utf8=0 maxcpus=0
[    0.000000] PID hash table entries: 4096 (order: 2, 16384 bytes)
[    0.000000] Dentry cache hash table entries: 131072 (order: 7, 524288 bytes)
[    0.000000] Inode-cache hash table entries: 65536 (order: 6, 262144 bytes)
[    0.000000] Enabling fast FPU save and restore... done.
[    0.000000] Enabling unmasked SIMD FPU exception support... done.
[    0.000000] Initializing CPU#0
[    0.000000] Initializing HighMem for node 0 (000377fe:0003d6b0)
[    0.000000] Memory: 984800k/1006272k available (6915k kernel code, 20876k reserved, 2327k data, 448k init, 96968k highmem)
[    0.000000] virtual kernel memory layout:
[    0.000000]     fixmap  : 0xfffa3000 - 0xfffff000   ( 368 kB)
[    0.000000]     pkmap   : 0xff800000 - 0xffc00000   (4096 kB)
[    0.000000]     vmalloc : 0xf7ffe000 - 0xff7fe000   ( 120 MB)
[    0.000000]     lowmem  : 0xc0000000 - 0xf77fe000   ( 887 MB)
[    0.000000]       .init : 0xc1907000 - 0xc1977000   ( 448 kB)
[    0.000000]       .data : 0xc16c0d3f - 0xc1906c64   (2327 kB)
[    0.000000]       .text : 0xc1000000 - 0xc16c0d3f   (6915 kB)
[    0.000000] Checking if this processor honours the WP bit even in supervisor mode...Ok.
[    0.000000] SLUB: Genslabs=13, HWalign=64, Order=0-3, MinObjects=0, CPUs=1, Nodes=1
[    0.000000] Hierarchical RCU implementation.
[    0.000000] NR_IRQS:288
[    0.000000] Extended CMOS year: 2000
[    0.000000] Console: colour VGA+ 80x25
[    0.000000] console [tty0] enabled
[    0.000000] hpet clockevent registered
[    0.000000] Fast TSC calibration using PIT
[    0.000000] Detected 2094.525 MHz processor.
[    0.002002] Calibrating delay loop (skipped), value calculated using timer frequency.. 4189.05 BogoMIPS (lpj=2094525)
[    0.002168] Security Framework initialized
[    0.002251] Mount-cache hash table entries: 512
[    0.002396] CPU: L1 I cache: 32K, L1 D cache: 32K
[    0.002515] CPU: L2 cache: 3072K
[    0.002595] mce: CPU supports 6 MCE banks
[    0.002677] CPU0: Thermal monitoring enabled (TM2)
[    0.002761] using mwait in idle threads.
[    0.002843] CPU: Intel(R) Core(TM)2 Duo CPU     T8100  @ 2.10GHz stepping 06
[    0.003076] Checking 'hlt' instruction... OK.
[    0.007937] ACPI: Core revision 20090903
[    0.027009] RANDOM get_random_int first call with cycles 32600691322, jiffies 4294667323 and pid 0
[    0.027016] CANARY value: 119b9015 for PID: 1
[    0.027023] CANARY value: b9830bce for PID: 2
[    0.027047] Enabling APIC mode:  Flat.  Using 1 I/O APICs
[    0.027507] ..TIMER: vector=0x30 apic1=0 pin1=2 apic2=-1 pin2=-1
[    0.037997] xor: automatically using best checksumming function: pIII_sse
[    0.041998]    pIII_sse  :  8568.000 MB/sec
[    0.042087] xor: using function: pIII_sse (8568.000 MB/sec)
[    0.042168] RANDOM - __seed init called.
[    0.042169] RANDOM - __seed init called.
[    0.042170] RANDOM - __seed init called.
[    0.042172] RANDOM - __random32 called. Change num 1.  Value: f7943846	49e73df3	af36cd0d
[    0.042173] RANDOM - __random32 called. Change num 2.  Value: 43846e13	9e73df37	9a1ad014
[    0.042175] RANDOM - __random32 called. Change num 3.  Value: 46e139c8	e73df373	a029598a
[    0.042177] RANDOM - __random32 called. Change num 4.  Value: 139c8c3b	73df373d	b3142c72
[    0.042179] RANDOM - __random32 called. Change num 5.  Value: c8c3b043	3df373de	58e576a9
[    0.042180] RANDOM - __random32 called. Change num 6.  Value: 3b0437d9	df373de5	ed53f9d8
[    0.042182] RANDOM - random32 init called.  Value: 3b0437d9	df373de5	ed53f9d8
[    0.042199] NET: Registered protocol family 16
[    0.042455] ACPI FADT declares the system doesn't support PCIe ASPM, so disable it
[    0.042573] ACPI: bus type pci registered
[    0.042733] PCI: MCFG configuration 0: base f0000000 segment 0 buses 0 - 63
[    0.042826] PCI: MCFG area at f0000000 reserved in E820
[    0.042906] PCI: Using MMCONFIG for extended config space
[    0.042986] PCI: Using configuration type 1 for base access
[    0.046086] bio: create slab <bio-0> at 0
[    0.046897] ACPI: EC: EC description table is found, configuring boot EC
[    0.052058] ACPI: BIOS _OSI(Linux) query honored via DMI
[    0.052768] random 0000 0000 0000 00000000 00000000: rand_read_num 2 get_random_bytes(8): sig fffffe1a 00000000 00000000
[    0.052771] random 0000 0000 0000 00000000 00000000: extract_entropy(.. 8 ..)
[    0.052773] random 0000 0000 0000 00000000 00000000: going to reseed nonblocking with 64 bits (64 of 0 requested)
[    0.052776] random 0000 0000 0000 00000000 00000000: extract_entropy(.. 8 ..)
[    0.052778] random 0000 0000 0000 00000000 00000000: trying to extract 64 bits from input
[    0.052780] random 0000 0000 0000 00000000 00000000: debiting 0 entropy credits from input
[    0.052782] random 0000 0000 0000 00000000 00000000: extract_entropy account returned: 0 
[    0.052812] random 0000 0000 0000 00000000 00000000: urand_change_num 3 xfer_secondary_pool(8): pool_sig fffffe1a, data_sig 00000000, bytes_mixed 0 00000000 00000000
[    0.052815] random 0000 0000 0000 00000000 00000000: trying to extract 64 bits from nonblocking
[    0.052818] random 0000 0000 0000 00000000 00000000: debiting 64 entropy credits from nonblocking (unlimited)
[    0.052820] random 0000 0000 0000 00000000 00000000: extract_entropy account returned: 8 
[    0.052824] random 0000 0000 0000 00000000 00000000: urand_change_num 4 extract_buf: pool_sig fffffe1a, data_sig fffffed7, bytes_mixed 20 00000000 00000000
[    0.057647] ACPI: Interpreter enabled
[    0.057726] ACPI: (supports S0 S3 S4 S5)
[    0.057998] ACPI: Using IOAPIC for interrupt routing
[    0.067584] ACPI: EC: GPE = 0x12, I/O: command/status = 0x66, data = 0x62
[    0.067852] ACPI: Power Resource [PUBS] (on)
[    0.069968] ACPI: ACPI Dock Station Driver: 3 docks/bays found
[    0.070318] ACPI: PCI Root Bridge [PCI0] (0000:00)
[    0.070495] pci 0000:00:02.0: reg 10 64bit mmio: [0xf8100000-0xf81fffff]
[    0.070501] pci 0000:00:02.0: reg 18 64bit mmio pref: [0xe0000000-0xefffffff]
[    0.070505] pci 0000:00:02.0: reg 20 io port: [0x1800-0x1807]
[    0.070540] pci 0000:00:02.1: reg 10 64bit mmio: [0xf8200000-0xf82fffff]
[    0.070641] pci 0000:00:19.0: reg 10 32bit mmio: [0xfe000000-0xfe01ffff]
[    0.070650] pci 0000:00:19.0: reg 14 32bit mmio: [0xfe025000-0xfe025fff]
[    0.070660] pci 0000:00:19.0: reg 18 io port: [0x1840-0x185f]
[    0.070726] pci 0000:00:19.0: PME# supported from D0 D3hot D3cold
[    0.070822] pci 0000:00:19.0: PME# disabled
[    0.071032] pci 0000:00:1a.0: reg 20 io port: [0x1860-0x187f]
[    0.071111] pci 0000:00:1a.1: reg 20 io port: [0x1880-0x189f]
[    0.071197] pci 0000:00:1a.7: reg 10 32bit mmio: [0xfe226c00-0xfe226fff]
[    0.071284] pci 0000:00:1a.7: PME# supported from D0 D3hot D3cold
[    0.071372] pci 0000:00:1a.7: PME# disabled
[    0.071516] pci 0000:00:1b.0: reg 10 64bit mmio: [0xfe020000-0xfe023fff]
[    0.071594] pci 0000:00:1b.0: PME# supported from D0 D3hot D3cold
[    0.071678] pci 0000:00:1b.0: PME# disabled
[    0.071867] pci 0000:00:1c.0: PME# supported from D0 D3hot D3cold
[    0.071955] pci 0000:00:1c.0: PME# disabled
[    0.072109] pci 0000:00:1c.1: PME# supported from D0 D3hot D3cold
[    0.072195] pci 0000:00:1c.1: PME# disabled
[    0.072392] pci 0000:00:1c.2: PME# supported from D0 D3hot D3cold
[    0.072475] pci 0000:00:1c.2: PME# disabled
[    0.072669] pci 0000:00:1c.3: PME# supported from D0 D3hot D3cold
[    0.072753] pci 0000:00:1c.3: PME# disabled
[    0.073113] pci 0000:00:1c.4: PME# supported from D0 D3hot D3cold
[    0.073200] pci 0000:00:1c.4: PME# disabled
[    0.073334] pci 0000:00:1d.0: reg 20 io port: [0x18a0-0x18bf]
[    0.073426] pci 0000:00:1d.1: reg 20 io port: [0x18c0-0x18df]
[    0.074050] pci 0000:00:1d.2: reg 20 io port: [0x18e0-0x18ff]
[    0.074143] pci 0000:00:1d.7: reg 10 32bit mmio: [0xfe227000-0xfe2273ff]
[    0.074241] pci 0000:00:1d.7: PME# supported from D0 D3hot D3cold
[    0.074327] pci 0000:00:1d.7: PME# disabled
[    0.074602] pci 0000:00:1f.0: quirk: region 1000-107f claimed by ICH6 ACPI/GPIO/TCO
[    0.074719] pci 0000:00:1f.0: quirk: region 1180-11bf claimed by ICH6 GPIO
[    0.074805] pci 0000:00:1f.0: ICH7 LPC Generic IO decode 1 PIO at 1600 (mask 007f)
[    0.074924] pci 0000:00:1f.0: ICH7 LPC Generic IO decode 2 PIO at 15e0 (mask 000f)
[    0.074998] pci 0000:00:1f.0: ICH7 LPC Generic IO decode 3 PIO at 1680 (mask 001f)
[    0.075187] pci 0000:00:1f.1: reg 10 io port: [0x00-0x07]
[    0.075196] pci 0000:00:1f.1: reg 14 io port: [0x00-0x03]
[    0.075206] pci 0000:00:1f.1: reg 18 io port: [0x00-0x07]
[    0.075215] pci 0000:00:1f.1: reg 1c io port: [0x00-0x03]
[    0.075225] pci 0000:00:1f.1: reg 20 io port: [0x1c00-0x1c0f]
[    0.075306] pci 0000:00:1f.2: reg 10 io port: [0x1c50-0x1c57]
[    0.075315] pci 0000:00:1f.2: reg 14 io port: [0x1c44-0x1c47]
[    0.075324] pci 0000:00:1f.2: reg 18 io port: [0x1c48-0x1c4f]
[    0.075333] pci 0000:00:1f.2: reg 1c io port: [0x1c40-0x1c43]
[    0.075342] pci 0000:00:1f.2: reg 20 io port: [0x1c20-0x1c3f]
[    0.075349] pci 0000:00:1f.2: reg 24 32bit mmio: [0xfe226000-0xfe2267ff]
[    0.075415] pci 0000:00:1f.2: PME# supported from D3hot
[    0.075498] pci 0000:00:1f.2: PME# disabled
[    0.075613] pci 0000:00:1f.3: reg 10 32bit mmio: [0xfe227400-0xfe2274ff]
[    0.075637] pci 0000:00:1f.3: reg 20 io port: [0x1c60-0x1c7f]
[    0.075728] pci 0000:00:1c.0: bridge io port: [0x2000-0x2fff]
[    0.075734] pci 0000:00:1c.0: bridge 32bit mmio: [0xfc000000-0xfdffffff]
[    0.075744] pci 0000:00:1c.0: bridge 64bit mmio pref: [0xf8000000-0xf80fffff]
[    0.075816] pci 0000:03:00.0: reg 10 64bit mmio: [0xdf3f0000-0xdf3fffff]
[    0.076062] pci 0000:00:1c.1: bridge io port: [0x3000-0x3fff]
[    0.076068] pci 0000:00:1c.1: bridge 32bit mmio: [0xdc000000-0xdf3fffff]
[    0.076077] pci 0000:00:1c.1: bridge 64bit mmio pref: [0xdfe00000-0xdfefffff]
[    0.076136] pci 0000:00:1c.2: bridge io port: [0x4000-0x4fff]
[    0.076143] pci 0000:00:1c.2: bridge 32bit mmio: [0xd8000000-0xd9ffffff]
[    0.076152] pci 0000:00:1c.2: bridge 64bit mmio pref: [0xdfb00000-0xdfbfffff]
[    0.076206] pci 0000:00:1c.3: bridge io port: [0x5000-0x5fff]
[    0.076213] pci 0000:00:1c.3: bridge 32bit mmio: [0xd4000000-0xd5ffffff]
[    0.076220] pci 0000:00:1c.3: bridge 64bit mmio pref: [0xdf800000-0xdf8fffff]
[    0.076276] pci 0000:00:1c.4: bridge io port: [0x6000-0x6fff]
[    0.076282] pci 0000:00:1c.4: bridge 32bit mmio: [0xd0000000-0xd1ffffff]
[    0.076289] pci 0000:00:1c.4: bridge 64bit mmio pref: [0xdf500000-0xdf5fffff]
[    0.076348] pci 0000:15:00.0: reg 10 32bit mmio: [0xf8300000-0xf8300fff]
[    0.076396] pci 0000:15:00.0: supports D1 D2
[    0.076398] pci 0000:15:00.0: PME# supported from D0 D1 D2 D3hot D3cold
[    0.076494] pci 0000:15:00.0: PME# disabled
[    0.076633] pci 0000:15:00.1: reg 10 32bit mmio: [0xf8301000-0xf83017ff]
[    0.076732] pci 0000:15:00.1: supports D1 D2
[    0.076733] pci 0000:15:00.1: PME# supported from D0 D1 D2 D3hot D3cold
[    0.076823] pci 0000:15:00.1: PME# disabled
[    0.077003] pci 0000:00:1e.0: transparent bridge
[    0.077091] pci 0000:00:1e.0: bridge io port: [0x7000-0xafff]
[    0.077097] pci 0000:00:1e.0: bridge 32bit mmio: [0xf8300000-0xfbffffff]
[    0.077107] pci 0000:00:1e.0: bridge 64bit mmio pref: [0xf4000000-0xf7ffffff]
[    0.077170] pci_bus 0000:00: on NUMA node 0
[    0.077174] ACPI: PCI Interrupt Routing Table [\_SB_.PCI0._PRT]
[    0.077308] ACPI: PCI Interrupt Routing Table [\_SB_.PCI0.EXP0._PRT]
[    0.077367] ACPI: PCI Interrupt Routing Table [\_SB_.PCI0.EXP1._PRT]
[    0.077425] ACPI: PCI Interrupt Routing Table [\_SB_.PCI0.EXP2._PRT]
[    0.077483] ACPI: PCI Interrupt Routing Table [\_SB_.PCI0.EXP3._PRT]
[    0.077546] ACPI: PCI Interrupt Routing Table [\_SB_.PCI0.EXP4._PRT]
[    0.077608] ACPI: PCI Interrupt Routing Table [\_SB_.PCI0.PCI1._PRT]
[    0.083088] ACPI: PCI Interrupt Link [LNKA] (IRQs 3 4 5 6 7 9 *10 11)
[    0.083824] ACPI: PCI Interrupt Link [LNKB] (IRQs 3 4 5 6 7 9 10 *11)
[    0.084520] ACPI: PCI Interrupt Link [LNKC] (IRQs 3 4 5 6 7 9 10 *11)
[    0.085234] ACPI: PCI Interrupt Link [LNKD] (IRQs 3 4 5 6 7 9 10 *11)
[    0.085957] ACPI: PCI Interrupt Link [LNKE] (IRQs 3 4 5 6 7 9 10 *11)
[    0.086664] ACPI: PCI Interrupt Link [LNKF] (IRQs 3 4 5 6 7 9 10 *11)
[    0.087413] ACPI: PCI Interrupt Link [LNKG] (IRQs 3 4 5 6 7 9 10 *11)
[    0.088173] ACPI: PCI Interrupt Link [LNKH] (IRQs 3 4 5 6 7 9 10 *11)
[    0.088861] vgaarb: device added: PCI:0000:00:02.0,decodes=io+mem,owns=io+mem,locks=none
[    0.088982] vgaarb: loaded
[    0.089091] SCSI subsystem initialized
[    0.089182] libata version 3.00 loaded.
[    0.089231] usbcore: registered new interface driver usbfs
[    0.089346] usbcore: registered new interface driver hub
[    0.089447] usbcore: registered new device driver usb
[    0.106042] raid6: int32x1    941 MB/s
[    0.122990] raid6: int32x2    886 MB/s
[    0.140068] raid6: int32x4    750 MB/s
[    0.156996] raid6: int32x8    656 MB/s
[    0.173984] raid6: mmxx1     2878 MB/s
[    0.190988] raid6: mmxx2     3253 MB/s
[    0.207998] raid6: sse1x1    1937 MB/s
[    0.224999] raid6: sse1x2    2535 MB/s
[    0.241986] raid6: sse2x1    3511 MB/s
[    0.258985] raid6: sse2x2    3828 MB/s
[    0.259069] raid6: using algorithm sse2x2 (3828 MB/s)
[    0.259158] PCI: Using ACPI for IRQ routing
[    0.259459] HPET: 3 timers in total, 0 timers will be used for per-cpu timer
[    0.259990] Switching to clocksource tsc
[    0.260082] pnp: PnP ACPI init
[    0.260169] ACPI: bus type pnp registered
[    0.263831] pnp: PnP ACPI: found 11 devices
[    0.263932] ACPI: ACPI bus type pnp unregistered
[    0.264027] system 00:00: iomem range 0x0-0x9ffff could not be reserved
[    0.264116] system 00:00: iomem range 0xc0000-0xc3fff could not be reserved
[    0.264213] system 00:00: iomem range 0xc4000-0xc7fff could not be reserved
[    0.264299] system 00:00: iomem range 0xc8000-0xcbfff has been reserved
[    0.264386] system 00:00: iomem range 0xcc000-0xcffff has been reserved
[    0.264478] system 00:00: iomem range 0xd0000-0xd3fff could not be reserved
[    0.264573] system 00:00: iomem range 0xe0000-0xe3fff could not be reserved
[    0.264656] system 00:00: iomem range 0xe4000-0xe7fff could not be reserved
[    0.264751] system 00:00: iomem range 0xe8000-0xebfff could not be reserved
[    0.264845] system 00:00: iomem range 0xec000-0xeffff could not be reserved
[    0.264932] system 00:00: iomem range 0xf0000-0xfffff could not be reserved
[    0.265014] system 00:00: iomem range 0x100000-0x3dffffff could not be reserved
[    0.265141] system 00:00: iomem range 0xfec00000-0xfed3ffff could not be reserved
[    0.265256] system 00:00: iomem range 0xfed4c000-0xffffffff could not be reserved
[    0.265369] system 00:02: ioport range 0x164e-0x164f has been reserved
[    0.265461] system 00:02: ioport range 0x1000-0x107f has been reserved
[    0.265542] system 00:02: ioport range 0x1180-0x11bf has been reserved
[    0.265627] system 00:02: ioport range 0x800-0x80f has been reserved
[    0.265722] system 00:02: ioport range 0x15e0-0x15ef has been reserved
[    0.265805] system 00:02: ioport range 0x1600-0x165f could not be reserved
[    0.265902] system 00:02: iomem range 0xf0000000-0xf3ffffff has been reserved
[    0.265990] system 00:02: iomem range 0xfed1c000-0xfed1ffff has been reserved
[    0.266072] system 00:02: iomem range 0xfed14000-0xfed17fff has been reserved
[    0.266160] system 00:02: iomem range 0xfed18000-0xfed18fff has been reserved
[    0.266243] system 00:02: iomem range 0xfed19000-0xfed19fff has been reserved
[    0.266324] system 00:02: iomem range 0xfed45000-0xfed4bfff has been reserved
[    0.301354] pci 0000:00:1c.0: PCI bridge, secondary bus 0000:02
[    0.301437] pci 0000:00:1c.0:   IO window: 0x2000-0x2fff
[    0.301523] pci 0000:00:1c.0:   MEM window: 0xfc000000-0xfdffffff
[    0.301609] pci 0000:00:1c.0:   PREFETCH window: 0x000000f8000000-0x000000f80fffff
[    0.301727] pci 0000:00:1c.1: PCI bridge, secondary bus 0000:03
[    0.301815] pci 0000:00:1c.1:   IO window: 0x3000-0x3fff
[    0.301904] pci 0000:00:1c.1:   MEM window: 0xdc000000-0xdf3fffff
[    0.301994] pci 0000:00:1c.1:   PREFETCH window: 0x000000dfe00000-0x000000dfefffff
[    0.302111] pci 0000:00:1c.2: PCI bridge, secondary bus 0000:04
[    0.302200] pci 0000:00:1c.2:   IO window: 0x4000-0x4fff
[    0.302296] pci 0000:00:1c.2:   MEM window: 0xd8000000-0xd9ffffff
[    0.302377] pci 0000:00:1c.2:   PREFETCH window: 0x000000dfb00000-0x000000dfbfffff
[    0.302495] pci 0000:00:1c.3: PCI bridge, secondary bus 0000:05
[    0.302583] pci 0000:00:1c.3:   IO window: 0x5000-0x5fff
[    0.302676] pci 0000:00:1c.3:   MEM window: 0xd4000000-0xd5ffffff
[    0.302760] pci 0000:00:1c.3:   PREFETCH window: 0x000000df800000-0x000000df8fffff
[    0.302892] pci 0000:00:1c.4: PCI bridge, secondary bus 0000:0d
[    0.302979] pci 0000:00:1c.4:   IO window: 0x6000-0x6fff
[    0.303076] pci 0000:00:1c.4:   MEM window: 0xd0000000-0xd1ffffff
[    0.303164] pci 0000:00:1c.4:   PREFETCH window: 0x000000df500000-0x000000df5fffff
[    0.303284] pci 0000:15:00.0: CardBus bridge, secondary bus 0000:16
[    0.303364] pci 0000:15:00.0:   IO window: 0x007000-0x0070ff
[    0.303455] pci 0000:15:00.0:   IO window: 0x007400-0x0074ff
[    0.303539] pci 0000:15:00.0:   PREFETCH window: 0xf4000000-0xf7ffffff
[    0.303628] pci 0000:15:00.0:   MEM window: 0x40000000-0x43ffffff
[    0.303724] pci 0000:00:1e.0: PCI bridge, secondary bus 0000:15
[    0.303821] pci 0000:00:1e.0:   IO window: 0x7000-0xafff
[    0.303923] pci 0000:00:1e.0:   MEM window: 0xf8300000-0xfbffffff
[    0.304008] pci 0000:00:1e.0:   PREFETCH window: 0x000000f4000000-0x000000f7ffffff
[    0.304143] pci 0000:00:1c.0: PCI INT A -> GSI 20 (level, low) -> IRQ 20
[    0.304239] pci 0000:00:1c.0: setting latency timer to 64
[    0.304252] pci 0000:00:1c.1: PCI INT B -> GSI 21 (level, low) -> IRQ 21
[    0.304342] pci 0000:00:1c.1: setting latency timer to 64
[    0.304355] pci 0000:00:1c.2: PCI INT C -> GSI 22 (level, low) -> IRQ 22
[    0.304447] pci 0000:00:1c.2: setting latency timer to 64
[    0.304460] pci 0000:00:1c.3: PCI INT D -> GSI 23 (level, low) -> IRQ 23
[    0.304549] pci 0000:00:1c.3: setting latency timer to 64
[    0.304564] pci 0000:00:1c.4: PCI INT A -> GSI 20 (level, low) -> IRQ 20
[    0.304655] pci 0000:00:1c.4: setting latency timer to 64
[    0.304662] pci 0000:00:1e.0: enabling device (0005 -> 0007)
[    0.304761] pci 0000:00:1e.0: setting latency timer to 64
[    0.304773] pci 0000:15:00.0: PCI INT A -> GSI 16 (level, low) -> IRQ 16
[    0.304858] pci 0000:15:00.0: setting latency timer to 64
[    0.304862] pci_bus 0000:00: resource 0 io:  [0x00-0xffff]
[    0.304864] pci_bus 0000:00: resource 1 mem: [0x000000-0xffffffff]
[    0.304866] pci_bus 0000:02: resource 0 io:  [0x2000-0x2fff]
[    0.304868] pci_bus 0000:02: resource 1 mem: [0xfc000000-0xfdffffff]
[    0.304873] pci_bus 0000:02: resource 2 pref mem [0xf8000000-0xf80fffff]
[    0.304875] pci_bus 0000:03: resource 0 io:  [0x3000-0x3fff]
[    0.304876] pci_bus 0000:03: resource 1 mem: [0xdc000000-0xdf3fffff]
[    0.304878] pci_bus 0000:03: resource 2 pref mem [0xdfe00000-0xdfefffff]
[    0.304880] pci_bus 0000:04: resource 0 io:  [0x4000-0x4fff]
[    0.304882] pci_bus 0000:04: resource 1 mem: [0xd8000000-0xd9ffffff]
[    0.304884] pci_bus 0000:04: resource 2 pref mem [0xdfb00000-0xdfbfffff]
[    0.304886] pci_bus 0000:05: resource 0 io:  [0x5000-0x5fff]
[    0.304887] pci_bus 0000:05: resource 1 mem: [0xd4000000-0xd5ffffff]
[    0.304889] pci_bus 0000:05: resource 2 pref mem [0xdf800000-0xdf8fffff]
[    0.304891] pci_bus 0000:0d: resource 0 io:  [0x6000-0x6fff]
[    0.304893] pci_bus 0000:0d: resource 1 mem: [0xd0000000-0xd1ffffff]
[    0.304895] pci_bus 0000:0d: resource 2 pref mem [0xdf500000-0xdf5fffff]
[    0.304897] pci_bus 0000:15: resource 0 io:  [0x7000-0xafff]
[    0.304898] pci_bus 0000:15: resource 1 mem: [0xf8300000-0xfbffffff]
[    0.304900] pci_bus 0000:15: resource 2 pref mem [0xf4000000-0xf7ffffff]
[    0.304902] pci_bus 0000:15: resource 3 io:  [0x00-0xffff]
[    0.304904] pci_bus 0000:15: resource 4 mem: [0x000000-0xffffffff]
[    0.304906] pci_bus 0000:16: resource 0 io:  [0x7000-0x70ff]
[    0.304907] pci_bus 0000:16: resource 1 io:  [0x7400-0x74ff]
[    0.304909] pci_bus 0000:16: resource 2 pref mem [0xf4000000-0xf7ffffff]
[    0.304911] pci_bus 0000:16: resource 3 mem: [0x40000000-0x43ffffff]
[    0.304919] NET: Registered protocol family 2
[    0.305012] RANDOM - __random32 called. Change num 7.  Value: 437d97bf	f373de51	f3b0f986
[    0.305014] RANDOM - random32 called.  Value: 437d97bf	f373de51	f3b0f986
[    0.305019] random 0000 0000 0000 5f8db4e5 4cfdf2a8: rand_read_num 3 get_random_bytes(4): sig fffffb64 5f8db4e5 4cfdf2a8
[    0.305021] random 0000 0000 0000 5f8db4e5 4cfdf2a8: extract_entropy(.. 4 ..)
[    0.305024] random 0000 0000 0000 5f8db4e5 4cfdf2a8: going to reseed nonblocking with 64 bits (32 of 0 requested)
[    0.305026] random 0000 0000 0000 5f8db4e5 4cfdf2a8: extract_entropy(.. 8 ..)
[    0.305028] random 0000 0000 0000 5f8db4e5 4cfdf2a8: trying to extract 64 bits from input
[    0.305030] random 0000 0000 0000 5f8db4e5 4cfdf2a8: debiting 0 entropy credits from input
[    0.305032] random 0000 0000 0000 5f8db4e5 4cfdf2a8: extract_entropy account returned: 0 
[    0.305035] random 0000 0000 0000 5f8db4e5 4cfdf2a8: urand_change_num 5 xfer_secondary_pool(4): pool_sig fffffb64, data_sig 00000000, bytes_mixed 0 5f8db4e5 4cfdf2a8
[    0.305038] random 0000 0000 0000 5f8db4e5 4cfdf2a8: trying to extract 32 bits from nonblocking
[    0.305040] random 0000 0000 0000 5f8db4e5 4cfdf2a8: debiting 32 entropy credits from nonblocking (unlimited)
[    0.305043] random 0000 0000 0000 5f8db4e5 4cfdf2a8: extract_entropy account returned: 4 
[    0.305047] random 0000 0000 0000 5f8db4e5 4cfdf2a8: urand_change_num 6 extract_buf: pool_sig fffffb64, data_sig 00000241, bytes_mixed 20 5f8db4e5 4cfdf2a8
[    0.305057] IP route cache hash table entries: 32768 (order: 5, 131072 bytes)
[    0.305181] RANDOM - __random32 called. Change num 8.  Value: d97bfe31	373de51f	f30dc6e6
[    0.305183] RANDOM - random32 called.  Value: d97bfe31	373de51f	f30dc6e6
[    0.305193] RANDOM - __random32 called. Change num 9.  Value: bfe314d7	73de51f5	8dcd6c7e
[    0.305195] RANDOM - random32 called.  Value: bfe314d7	73de51f5	8dcd6c7e
[    0.305197] RANDOM - __random32 called. Change num 10.  Value: 314d7baf	3de51f5e	d8fc74c1
[    0.305199] RANDOM - random32 called.  Value: 314d7baf	3de51f5e	d8fc74c1
[    0.305209] RANDOM - __random32 called. Change num 11.  Value: d7baf3c7	de51f5e5	e983e3fa
[    0.305211] RANDOM - random32 called.  Value: d7baf3c7	de51f5e5	e983e3fa
[    0.305221] TCP established hash table entries: 131072 (order: 8, 1048576 bytes)
[    0.305717] TCP bind hash table entries: 65536 (order: 6, 262144 bytes)
[    0.305909] TCP: Hash tables configured (established 131072 bind 65536)
[    0.305998] TCP reno registered
[    0.306099] NET: Registered protocol family 1
[    0.306209] RPC: Registered udp transport module.
[    0.306292] RPC: Registered tcp transport module.
[    0.306371] RPC: Registered tcp NFSv4.1 backchannel transport module.
[    0.306458] pci 0000:00:02.0: Boot video device
[    0.306671] Simple Boot Flag at 0x35 set to 0x1
[    0.307220] highmem bounce pool size: 64 pages
[    0.308705] VFS: Disk quotas dquot_6.5.2
[    0.308824] Dquot-cache hash table entries: 1024 (order 0, 4096 bytes)
[    0.309572] NTFS driver 2.1.29 [Flags: R/W].
[    0.309729] ROMFS MTD (C) 2007 Red Hat, Inc.
[    0.309939] JFS: nTxBlock = 7695, nTxLock = 61562
[    0.312402] SGI XFS with ACLs, security attributes, large block/inode numbers, no debug enabled
[    0.312887] SGI XFS Quota Management subsystem
[    0.313177] Slow work thread pool: Starting up
[    0.313276] Slow work thread pool: Ready
[    0.313370] GFS2 (built May 24 2013 02:47:17) installed
[    0.313466] msgmni has been set to 1734
[    0.313626] alg: No test for cipher_null (cipher_null-generic)
[    0.313720] alg: No test for ecb(cipher_null) (ecb-cipher_null)
[    0.313810] alg: No test for digest_null (digest_null-generic)
[    0.313916] alg: No test for compress_null (compress_null-generic)
[    0.314451] alg: No test for fcrypt (fcrypt-generic)
[    0.315863] alg: No test for stdrng (krng)
[    0.315965] async_tx: api initialized (async)
[    0.316112] Block layer SCSI generic (bsg) driver version 0.4 loaded (major 254)
[    0.316224] io scheduler noop registered
[    0.316302] io scheduler anticipatory registered
[    0.316385] io scheduler deadline registered
[    0.316517] io scheduler cfq registered (default)
[    0.316751] pcieport 0000:00:1c.0: irq 24 for MSI/MSI-X
[    0.316766] pcieport 0000:00:1c.0: setting latency timer to 64
[    0.316968] pcieport 0000:00:1c.1: irq 25 for MSI/MSI-X
[    0.316977] pcieport 0000:00:1c.1: setting latency timer to 64
[    0.317163] pcieport 0000:00:1c.2: irq 26 for MSI/MSI-X
[    0.317173] pcieport 0000:00:1c.2: setting latency timer to 64
[    0.317348] pcieport 0000:00:1c.3: irq 27 for MSI/MSI-X
[    0.317359] pcieport 0000:00:1c.3: setting latency timer to 64
[    0.317551] pcieport 0000:00:1c.4: irq 28 for MSI/MSI-X
[    0.317565] pcieport 0000:00:1c.4: setting latency timer to 64
[    0.317709] pci_hotplug: PCI Hot Plug PCI Core version: 0.5
[    0.317909] isapnp: Scanning for PnP cards...
[    0.678439] isapnp: No Plug & Play device found
[    0.678527] random 0000 0000 0000 5f8db4e5 4cfdf2a8: initializing
[    0.678529] RANDOM init_std_data for input now value: 1370025755678529591
[    0.678530] RANDOM init_std_data for blocking now value: 1370025755678531581
[    0.678532] RANDOM init_std_data for nonblocking now value: 1370025755678533310
[    0.698104] Serial: 8250/16550 driver, 4 ports, IRQ sharing enabled
[    3.709038] floppy0: no floppy controllers found
[    3.709973] brd: module loaded
[    3.710476] loop: module loaded
[    3.710556] Compaq SMART2 Driver (v 2.6.0)
[    3.710675] HP CISS Driver (v 3.6.20)
[    3.710913] input: Macintosh mouse button emulation as /devices/virtual/input/input0
[    3.711055] Uniform Multi-Platform E-IDE driver
[    3.711280] piix 0000:00:1f.1: IDE controller (0x8086:0x2850 rev 0x03)
[    3.711373] pci 0000:00:1f.1: PCI INT C -> GSI 16 (level, low) -> IRQ 16
[    3.711470] piix 0000:00:1f.1: IDE port disabled
[    3.711561] piix 0000:00:1f.1: not 100% native mode: will probe irqs later
[    3.711650]     ide0: BM-DMA at 0x1c00-0x1c07
[    3.711744] Probing IDE interface ide0...
[    4.383289] hda: HL-DT-ST DVDRAM GSA-U10N, ATAPI CD/DVD-ROM drive
[    4.690114] hda: host max PIO4 wanted PIO255(auto-tune) selected PIO4
[    4.690884] hda: UDMA/33 mode selected
[    4.691344] ide0 at 0x1f0-0x1f7,0x3f6 on irq 14
[    4.695230] ide-gd driver 1.18
[    4.695325] ide-cd driver 5.00
[    4.696714] random 0000 0000 0000 00000000 00000000: add_disk_randomness(0:0) 00000000 00000000
[    4.696718] random 0000 0000 0000 00000000 00000000: add_timer_randomness(.. 256) with jiffies: 17560856263741111928, cycles: -885887814263111671
[    4.696721] random 0000 0000 0000 00000000 00000000: added 11 entropy credits to input
[    4.696724] ide-cd: hda: ATAPI 24X DVD-ROM DVD-R/RAM CD-R/RW drive, 2048kB Cache
[    4.697133] Uniform CD-ROM driver Revision: 3.20
[    4.700001] random 0011 0000 0000 00000000 00000000: add_disk_randomness(0:0) 00000000 00000000
[    4.700004] random 0011 0000 0000 00000000 00000000: add_timer_randomness(.. 256) with jiffies: 17590429445741313659, cycles: -856314632262909943
[    4.700007] random 0011 0000 0000 00000000 00000000: added 1 entropy credits to input
[    4.700010] random 0012 0000 0000 00000000 00000000: add_disk_randomness(0:0) 00000000 00000000
[    4.700012] random 0012 0000 0000 00000000 00000000: add_timer_randomness(.. 256) with jiffies: 17590507145994665595, cycles: -856236932009558007
[    4.702000] random 0012 0000 0000 00000000 00000000: add_disk_randomness(0:0) 00000000 00000000
[    4.702003] random 0012 0000 0000 00000000 00000000: add_timer_randomness(.. 256) with jiffies: 17608410133052489341, cycles: -838333944951734263
[    4.702005] random 0012 0000 0000 00000000 00000000: added 1 entropy credits to input
[    4.702008] random 0013 0000 0000 00000000 00000000: add_disk_randomness(0:0) 00000000 00000000
[    4.702011] random 0013 0000 0000 00000000 00000000: add_timer_randomness(.. 256) with jiffies: 17608484994332458621, cycles: -838259083671764983
[    4.703995] random 0013 0000 0000 00000000 00000000: add_disk_randomness(0:0) 00000000 00000000
[    4.703997] random 0013 0000 0000 00000000 00000000: add_timer_randomness(.. 256) with jiffies: 17626355777725496959, cycles: -820388300278726647
[    4.704000] random 0013 0000 0000 00000000 00000000: added 1 entropy credits to input
[    4.704003] random 0014 0000 0000 00000000 00000000: add_disk_randomness(0:0) 00000000 00000000
[    4.704006] random 0014 0000 0000 00000000 00000000: add_timer_randomness(.. 256) with jiffies: 17626429333335408255, cycles: -820314744668815351
[    4.704281] Loading iSCSI transport class v2.0-870.
[    4.704555] rdac: device handler registered
[    4.704645] hp_sw: device handler registered
[    4.704730] emc: device handler registered
[    4.704808] alua: device handler registered
[    4.705790] Adaptec aacraid driver 1.1-5[2461]-ms
[    4.706220] scsi: <fdomain> Detection failed (no card)
[    4.706308] sym53c416.c: Version 1.0.0-ac
[    4.706408] qlogicfas: no cards were found, please specify I/O address and IRQ using iobase= and irq= options
[    4.706526] QLogic Fibre Channel HBA Driver: 8.03.01-k6
[    4.706727] iscsi: registered transport (qla4xxx)
[    4.706833] QLogic iSCSI HBA Driver
[    4.706912] Emulex LightPulse Fibre Channel SCSI driver 8.3.4
[    4.707002] Copyright(c) 2004-2009 Emulex.  All rights reserved.
[    4.729104] Failed initialization of WD-7000 SCSI card!
[    4.818091] DC390: clustering now enabled by default. If you get problems load
[    4.818212]        with "disable_clustering=1" and report to maintainers
[    4.818335] megaraid cmm: 2.20.2.7 (Release Date: Sun Jul 16 00:01:03 EST 2006)
[    4.818480] megaraid: 2.20.5.1 (Release Date: Thu Nov 16 15:32:35 EST 2006)
[    4.818596] megasas: 00.00.04.01 Thu July 24 11:41:51 PST 2008
[    4.818730] GDT-HA: Storage RAID Controller Driver. Version: 3.05
[    4.818869] 3ware Storage Controller device driver for Linux v1.26.02.002.
[    4.818974] 3ware 9000 Storage Controller device driver for Linux v2.26.02.012.
[    4.819112] nsp32: loading...
[    4.819217] ipr: IBM Power RAID SCSI Device Driver version: 2.4.3 (June 10, 2009)
[    4.819350] RocketRAID 3xxx/4xxx Controller driver v1.6 (090910)
[    4.819452] stex: Promise SuperTrak EX Driver version: 4.6.0000.3
[    4.819577] st: Version 20081215, fixed bufsize 32768, s/g segs 256
[    4.819759] ahci 0000:00:1f.2: version 3.0
[    4.819779] ahci 0000:00:1f.2: PCI INT B -> GSI 16 (level, low) -> IRQ 16
[    4.819903] ahci 0000:00:1f.2: irq 29 for MSI/MSI-X
[    4.819965] ahci 0000:00:1f.2: AHCI 0001.0100 32 slots 3 ports 1.5 Gbps 0x5 impl SATA mode
[    4.820079] ahci 0000:00:1f.2: flags: 64bit ncq sntf pm led clo pio slum part ccc 
[    4.820213] ahci 0000:00:1f.2: setting latency timer to 64
[    4.820357] scsi2 : ahci
[    4.820517] scsi3 : ahci
[    4.820646] scsi4 : ahci
[    4.820805] ata1: SATA max UDMA/133 abar m2048@0xfe226000 port 0xfe226100 irq 29
[    4.820929] ata2: DUMMY
[    4.821009] ata3: SATA max UDMA/133 abar m2048@0xfe226000 port 0xfe226200 irq 29
[    4.821615] I2O subsystem v1.325
[    4.821693] i2o: max drivers = 8
[    4.821832] I2O Configuration OSM v1.323
[    4.821926] I2O Bus Adapter OSM v1.317
[    4.822024] I2O Block Device OSM v1.325
[    4.822186] I2O SCSI Peripheral OSM v1.316
[    4.822284] I2O ProcFS OSM v1.316
[    4.822391] Fusion MPT base driver 3.04.12
[    4.822470] Copyright (c) 1999-2008 LSI Corporation
[    4.822552] Fusion MPT SPI Host driver 3.04.12
[    4.822660] Fusion MPT FC Host driver 3.04.12
[    4.822771] Fusion MPT SAS Host driver 3.04.12
[    4.822932] ohci1394 0000:15:00.1: PCI INT B -> GSI 17 (level, low) -> IRQ 17
[    4.823020] ohci1394 0000:15:00.1: setting latency timer to 64
[    4.877129] ohci1394: fw-host0: OHCI-1394 1.1 (PCI): IRQ=[17]  MMIO=[f8301000-f83017ff]  Max Packet=[2048]  IR/IT contexts=[4/4]
[    4.881397] ehci_hcd: USB 2.0 'Enhanced' Host Controller (EHCI) Driver
[    4.881653] ehci_hcd 0000:00:1a.7: power state changed by ACPI to D0
[    4.881900] ehci_hcd 0000:00:1a.7: power state changed by ACPI to D0
[    4.881989] ehci_hcd 0000:00:1a.7: PCI INT C -> GSI 22 (level, low) -> IRQ 22
[    4.882094] ehci_hcd 0000:00:1a.7: setting latency timer to 64
[    4.882097] ehci_hcd 0000:00:1a.7: EHCI Host Controller
[    4.882224] ehci_hcd 0000:00:1a.7: new USB bus registered, assigned bus number 1
[    4.886259] ehci_hcd 0000:00:1a.7: cache line size of 32 is not supported
[    4.886268] ehci_hcd 0000:00:1a.7: irq 22, io mem 0xfe226c00
[    4.896093] ehci_hcd 0000:00:1a.7: USB 2.0 started, EHCI 1.00
[    4.896193] usb usb1: New USB device found, idVendor=1d6b, idProduct=0002
[    4.896295] usb usb1: New USB device strings: Mfr=3, Product=2, SerialNumber=1
[    4.896410] usb usb1: Product: EHCI Host Controller
[    4.896488] usb usb1: Manufacturer: Linux 2.6.32.57 ehci_hcd
[    4.896570] usb usb1: SerialNumber: 0000:00:1a.7
[    4.896701] usb usb1: configuration #1 chosen from 1 choice
[    4.896817] hub 1-0:1.0: USB hub found
[    4.896899] hub 1-0:1.0: 4 ports detected
[    4.897186] ehci_hcd 0000:00:1d.7: power state changed by ACPI to D0
[    4.897438] ehci_hcd 0000:00:1d.7: power state changed by ACPI to D0
[    4.897537] ehci_hcd 0000:00:1d.7: PCI INT D -> GSI 19 (level, low) -> IRQ 19
[    4.897628] ehci_hcd 0000:00:1d.7: setting latency timer to 64
[    4.897633] ehci_hcd 0000:00:1d.7: EHCI Host Controller
[    4.897762] ehci_hcd 0000:00:1d.7: new USB bus registered, assigned bus number 2
[    4.897923] ehci_hcd 0000:00:1d.7: debug port 1
[    4.901885] ehci_hcd 0000:00:1d.7: cache line size of 32 is not supported
[    4.901894] ehci_hcd 0000:00:1d.7: irq 19, io mem 0xfe227000
[    4.912094] ehci_hcd 0000:00:1d.7: USB 2.0 started, EHCI 1.00
[    4.912183] usb usb2: New USB device found, idVendor=1d6b, idProduct=0002
[    4.912277] usb usb2: New USB device strings: Mfr=3, Product=2, SerialNumber=1
[    4.912396] usb usb2: Product: EHCI Host Controller
[    4.912481] usb usb2: Manufacturer: Linux 2.6.32.57 ehci_hcd
[    4.912564] usb usb2: SerialNumber: 0000:00:1d.7
[    4.912693] usb usb2: configuration #1 chosen from 1 choice
[    4.912808] hub 2-0:1.0: USB hub found
[    4.912892] hub 2-0:1.0: 6 ports detected
[    4.913059] 116x: driver isp116x-hcd, 03 Nov 2005
[    4.913177] ohci_hcd: USB 1.1 'Open' Host Controller (OHCI) Driver
[    4.913279] uhci_hcd: USB Universal Host Controller Interface driver
[    4.913384] uhci_hcd 0000:00:1a.0: PCI INT A -> GSI 20 (level, low) -> IRQ 20
[    4.913473] uhci_hcd 0000:00:1a.0: setting latency timer to 64
[    4.913476] uhci_hcd 0000:00:1a.0: UHCI Host Controller
[    4.913594] uhci_hcd 0000:00:1a.0: new USB bus registered, assigned bus number 3
[    4.913741] uhci_hcd 0000:00:1a.0: irq 20, io base 0x00001860
[    4.913854] usb usb3: New USB device found, idVendor=1d6b, idProduct=0001
[    4.913941] usb usb3: New USB device strings: Mfr=3, Product=2, SerialNumber=1
[    4.914069] usb usb3: Product: UHCI Host Controller
[    4.914157] usb usb3: Manufacturer: Linux 2.6.32.57 uhci_hcd
[    4.914242] usb usb3: SerialNumber: 0000:00:1a.0
[    4.914380] usb usb3: configuration #1 chosen from 1 choice
[    4.914489] hub 3-0:1.0: USB hub found
[    4.914579] hub 3-0:1.0: 2 ports detected
[    4.914870] uhci_hcd 0000:00:1a.1: power state changed by ACPI to D0
[    4.915128] uhci_hcd 0000:00:1a.1: power state changed by ACPI to D0
[    4.915214] uhci_hcd 0000:00:1a.1: PCI INT B -> GSI 21 (level, low) -> IRQ 21
[    4.915310] uhci_hcd 0000:00:1a.1: setting latency timer to 64
[    4.915315] uhci_hcd 0000:00:1a.1: UHCI Host Controller
[    4.915441] uhci_hcd 0000:00:1a.1: new USB bus registered, assigned bus number 4
[    4.915598] uhci_hcd 0000:00:1a.1: irq 21, io base 0x00001880
[    4.915707] usb usb4: New USB device found, idVendor=1d6b, idProduct=0001
[    4.915792] usb usb4: New USB device strings: Mfr=3, Product=2, SerialNumber=1
[    4.915908] usb usb4: Product: UHCI Host Controller
[    4.915987] usb usb4: Manufacturer: Linux 2.6.32.57 uhci_hcd
[    4.916074] usb usb4: SerialNumber: 0000:00:1a.1
[    4.916216] usb usb4: configuration #1 chosen from 1 choice
[    4.916336] hub 4-0:1.0: USB hub found
[    4.916429] hub 4-0:1.0: 2 ports detected
[    4.916718] uhci_hcd 0000:00:1d.0: power state changed by ACPI to D0
[    4.916951] uhci_hcd 0000:00:1d.0: power state changed by ACPI to D0
[    4.917046] uhci_hcd 0000:00:1d.0: PCI INT A -> GSI 16 (level, low) -> IRQ 16
[    4.917146] uhci_hcd 0000:00:1d.0: setting latency timer to 64
[    4.917151] uhci_hcd 0000:00:1d.0: UHCI Host Controller
[    4.917285] uhci_hcd 0000:00:1d.0: new USB bus registered, assigned bus number 5
[    4.917433] uhci_hcd 0000:00:1d.0: irq 16, io base 0x000018a0
[    4.917539] usb usb5: New USB device found, idVendor=1d6b, idProduct=0001
[    4.917625] usb usb5: New USB device strings: Mfr=3, Product=2, SerialNumber=1
[    4.917740] usb usb5: Product: UHCI Host Controller
[    4.917822] usb usb5: Manufacturer: Linux 2.6.32.57 uhci_hcd
[    4.917902] usb usb5: SerialNumber: 0000:00:1d.0
[    4.918035] usb usb5: configuration #1 chosen from 1 choice
[    4.918157] hub 5-0:1.0: USB hub found
[    4.918250] hub 5-0:1.0: 2 ports detected
[    4.918383] uhci_hcd 0000:00:1d.1: PCI INT B -> GSI 17 (level, low) -> IRQ 17
[    4.918471] uhci_hcd 0000:00:1d.1: setting latency timer to 64
[    4.918474] uhci_hcd 0000:00:1d.1: UHCI Host Controller
[    4.918591] uhci_hcd 0000:00:1d.1: new USB bus registered, assigned bus number 6
[    4.918740] uhci_hcd 0000:00:1d.1: irq 17, io base 0x000018c0
[    4.918851] usb usb6: New USB device found, idVendor=1d6b, idProduct=0001
[    4.918945] usb usb6: New USB device strings: Mfr=3, Product=2, SerialNumber=1
[    4.919057] usb usb6: Product: UHCI Host Controller
[    4.919143] usb usb6: Manufacturer: Linux 2.6.32.57 uhci_hcd
[    4.919223] usb usb6: SerialNumber: 0000:00:1d.1
[    4.919358] usb usb6: configuration #1 chosen from 1 choice
[    4.919475] hub 6-0:1.0: USB hub found
[    4.919558] hub 6-0:1.0: 2 ports detected
[    4.919848] uhci_hcd 0000:00:1d.2: power state changed by ACPI to D0
[    4.920126] uhci_hcd 0000:00:1d.2: power state changed by ACPI to D0
[    4.920215] uhci_hcd 0000:00:1d.2: PCI INT C -> GSI 18 (level, low) -> IRQ 18
[    4.920309] uhci_hcd 0000:00:1d.2: setting latency timer to 64
[    4.920314] uhci_hcd 0000:00:1d.2: UHCI Host Controller
[    4.920443] uhci_hcd 0000:00:1d.2: new USB bus registered, assigned bus number 7
[    4.920591] uhci_hcd 0000:00:1d.2: irq 18, io base 0x000018e0
[    4.920697] usb usb7: New USB device found, idVendor=1d6b, idProduct=0001
[    4.920787] usb usb7: New USB device strings: Mfr=3, Product=2, SerialNumber=1
[    4.920909] usb usb7: Product: UHCI Host Controller
[    4.920988] usb usb7: Manufacturer: Linux 2.6.32.57 uhci_hcd
[    4.921077] usb usb7: SerialNumber: 0000:00:1d.2
[    4.921875] usb usb7: configuration #1 chosen from 1 choice
[    4.921990] hub 7-0:1.0: USB hub found
[    4.922079] hub 7-0:1.0: 2 ports detected
[    4.922236] sl811: driver sl811-hcd, 19 May 2005
[    4.922338] r8a66597_hcd: driver r8a66597_hcd, 2009-05-26
[    4.922497] Initializing USB Mass Storage driver...
[    4.922623] usbcore: registered new interface driver usb-storage
[    4.922706] USB Mass Storage support registered.
[    4.922811] usbcore: registered new interface driver ums-alauda
[    4.922927] usbcore: registered new interface driver ums-cypress
[    4.923033] usbcore: registered new interface driver ums-datafab
[    4.923142] usbcore: registered new interface driver ums-freecom
[    4.923249] usbcore: registered new interface driver ums-isd200
[    4.923370] usbcore: registered new interface driver ums-jumpshot
[    4.923470] usbcore: registered new interface driver ums-karma
[    4.923573] usbcore: registered new interface driver ums-onetouch
[    4.923675] usbcore: registered new interface driver ums-sddr09
[    4.923779] usbcore: registered new interface driver ums-sddr55
[    4.923878] usbcore: registered new interface driver ums-usbat
[    4.924015] PNP: PS/2 Controller [PNP0303:KBD,PNP0f13:MOU] at 0x60,0x64 irq 1,12
[    4.932511] serio: i8042 KBD port at 0x60,0x64 irq 1
[    4.932594] serio: i8042 AUX port at 0x60,0x64 irq 12
[    4.932826] mice: PS/2 mouse device common for all mice
[    4.932930] i2c /dev entries driver
[    4.933051] md: linear personality registered for level -1
[    4.933139] md: raid0 personality registered for level 0
[    4.933223] md: raid1 personality registered for level 1
[    4.933310] md: raid10 personality registered for level 10
[    4.933397] md: raid6 personality registered for level 6
[    4.933485] md: raid5 personality registered for level 5
[    4.933565] md: raid4 personality registered for level 4
[    4.933649] md: multipath personality registered for level -4
[    4.933853] device-mapper: ioctl: 4.15.0-ioctl (2009-04-01) initialised: dm-devel@redhat.com
[    4.934045] cpuidle: using governor ladder
[    4.934645] usbcore: registered new interface driver usbhid
[    4.934735] usbhid: v2.6:USB HID core driver
[    4.934868] random 0014 0000 0000 00000000 00000000: rand_read_num 4 get_random_bytes(136): sig 00000000 00000000 00000000
[    4.934871] random 0014 0000 0000 00000000 00000000: extract_entropy(.. 136 ..)
[    4.934874] random 0014 0000 0000 00000000 00000000: going to reseed nonblocking with 1024 bits (1088 of 0 requested)
[    4.934876] random 0014 0000 0000 00000000 00000000: extract_entropy(.. 128 ..)
[    4.934878] random 0014 0000 0000 00000000 00000000: trying to extract 1024 bits from input
[    4.934880] random 0014 0000 0000 00000000 00000000: debiting 0 entropy credits from input
[    4.934882] random 0014 0000 0000 00000000 00000000: extract_entropy account returned: 0 
[    4.934885] random 0014 0000 0000 00000000 00000000: urand_change_num 7 xfer_secondary_pool(136): pool_sig 00000000, data_sig 00000000, bytes_mixed 0 00000000 00000000
[    4.934888] random 0014 0000 0000 00000000 00000000: trying to extract 1088 bits from nonblocking
[    4.934891] random 0014 0000 0000 00000000 00000000: debiting 1088 entropy credits from nonblocking (unlimited)
[    4.934893] random 0014 0000 0000 00000000 00000000: extract_entropy account returned: 136 
[    4.934897] random 0014 0000 0000 00000000 00000000: urand_change_num 8 extract_buf: pool_sig 00000000, data_sig fffffff9, bytes_mixed 20 00000000 00000000
[    4.934903] random 0014 0000 0000 b7c35b56 be4dc95d: urand_change_num 9 extract_buf: pool_sig fffffd1e, data_sig 000000c5, bytes_mixed 20 b7c35b56 be4dc95d
[    4.934908] random 0014 0000 0000 ed9f5c47 c48487fb: urand_change_num 10 extract_buf: pool_sig fffff8ec, data_sig ffffff68, bytes_mixed 20 ed9f5c47 c48487fb
[    4.934913] random 0014 0000 0000 ed9f5c47 c48487fb: urand_change_num 11 extract_buf: pool_sig fffffaed, data_sig 000001aa, bytes_mixed 20 ed9f5c47 c48487fb
[    4.934919] random 0014 0000 0000 1b4f7c0a 91bd6a48: urand_change_num 12 extract_buf: pool_sig fffffdd8, data_sig 00000064, bytes_mixed 20 1b4f7c0a 91bd6a48
[    4.934924] random 0014 0000 0000 a254b9bc 20e9a24f: urand_change_num 13 extract_buf: pool_sig fffffbe6, data_sig 000001dd, bytes_mixed 20 a254b9bc 20e9a24f
[    4.934929] random 0014 0000 0000 a254b9bc 20e9a24f: urand_change_num 14 extract_buf: pool_sig fffff940, data_sig fffffe20, bytes_mixed 20 a254b9bc 20e9a24f
[    4.934934] random 0014 0000 0000 2831a66b 5fa2a3ad: urand_change_num 15 extract_buf: pool_sig fffffbce, data_sig 0000007e, bytes_mixed 20 2831a66b 5fa2a3ad
[    4.934940] random 0014 0000 0000 2831a66b 5fa2a3ad: urand_change_num 16 extract_buf: pool_sig 000004df, data_sig fffffe8f, bytes_mixed 20 2831a66b 5fa2a3ad
[    4.934945] random 0014 0000 0000 d4512bfd c9a54e0b: urand_change_num 17 extract_buf: pool_sig 00000485, data_sig fffffe68, bytes_mixed 20 d4512bfd c9a54e0b
[    4.934950] random 0014 0000 0000 c7371be6 f9ffea11: urand_change_num 18 extract_buf: pool_sig 00000095, data_sig ffffffed, bytes_mixed 20 c7371be6 f9ffea11
[    4.934955] random 0014 0000 0000 c7371be6 f9ffea11: urand_change_num 19 extract_buf: pool_sig 000003a7, data_sig fffffefa, bytes_mixed 20 c7371be6 f9ffea11
[    4.934960] random 0014 0000 0000 8fb4b62c d1ddba54: urand_change_num 20 extract_buf: pool_sig 00000179, data_sig ffffff78, bytes_mixed 20 8fb4b62c d1ddba54
[    4.934966] random 0014 0000 0000 9ff19f9c c07a1d2a: urand_change_num 21 extract_buf: pool_sig fffffe88, data_sig 00000126, bytes_mixed 20 9ff19f9c c07a1d2a
[    4.934970] TCP cubic registered
[    4.935051] Initializing XFRM netlink socket
[    4.935149] NET: Registered protocol family 17
[    4.935247] Using IPI Shortcut mode
[    4.935344] random 0014 0000 0000 9ff19f9c c07a1d2a: rand_read_num 5 get_random_bytes(8): sig 0000031b 9ff19f9c c07a1d2a
[    4.935347] random 0014 0000 0000 9ff19f9c c07a1d2a: extract_entropy(.. 8 ..)
[    4.935349] random 0014 0000 0000 9ff19f9c c07a1d2a: going to reseed nonblocking with 64 bits (64 of 0 requested)
[    4.935351] random 0014 0000 0000 9ff19f9c c07a1d2a: extract_entropy(.. 8 ..)
[    4.935353] random 0014 0000 0000 9ff19f9c c07a1d2a: trying to extract 64 bits from input
[    4.935356] random 0014 0000 0000 9ff19f9c c07a1d2a: debiting 0 entropy credits from input
[    4.935357] random 0014 0000 0000 9ff19f9c c07a1d2a: extract_entropy account returned: 0 
[    4.935361] random 0014 0000 0000 9ff19f9c c07a1d2a: urand_change_num 22 xfer_secondary_pool(8): pool_sig 0000031b, data_sig 00000000, bytes_mixed 0 9ff19f9c c07a1d2a
[    4.935364] random 0014 0000 0000 9ff19f9c c07a1d2a: trying to extract 64 bits from nonblocking
[    4.935366] random 0014 0000 0000 9ff19f9c c07a1d2a: debiting 64 entropy credits from nonblocking (unlimited)
[    4.935368] random 0014 0000 0000 9ff19f9c c07a1d2a: extract_entropy account returned: 8 
[    4.935372] random 0014 0000 0000 9ff19f9c c07a1d2a: urand_change_num 23 extract_buf: pool_sig 0000031b, data_sig ffffffb3, bytes_mixed 20 9ff19f9c c07a1d2a
[    4.938710] input: AT Translated Set 2 keyboard as /devices/platform/i8042/serio0/input/input1
[    5.129122] ata1: SATA link up 1.5 Gbps (SStatus 113 SControl 300)
[    5.129227] ata3: SATA link down (SStatus 0 SControl 300)
[    5.131268] ata1.00: ACPI cmd ef/02:00:00:00:00:a0 (SET FEATURES) succeeded
[    5.131271] ata1.00: ACPI cmd f5/00:00:00:00:00:a0 (SECURITY FREEZE LOCK) filtered out
[    5.132665] ata1.00: ACPI cmd ef/5f:00:00:00:00:a0 (SET FEATURES) succeeded
[    5.132667] ata1.00: ACPI cmd ef/10:03:00:00:00:a0 (SET FEATURES) filtered out
[    5.134574] ata1.00: ATA-7: ST910021AS, 4.06, max UDMA/100
[    5.134659] ata1.00: 195371568 sectors, multi 16: LBA48 
[    5.136813] ata1.00: ACPI cmd ef/02:00:00:00:00:a0 (SET FEATURES) succeeded
[    5.136815] ata1.00: ACPI cmd f5/00:00:00:00:00:a0 (SECURITY FREEZE LOCK) filtered out
[    5.138207] ata1.00: ACPI cmd ef/5f:00:00:00:00:a0 (SET FEATURES) succeeded
[    5.138210] ata1.00: ACPI cmd ef/10:03:00:00:00:a0 (SET FEATURES) filtered out
[    5.140134] ata1.00: configured for UDMA/100
[    5.151169] scsi 2:0:0:0: Direct-Access     ATA      ST910021AS       4.06 PQ: 0 ANSI: 5
[    5.151442] sd 2:0:0:0: [sda] 195371568 512-byte logical blocks: (100 GB/93.1 GiB)
[    5.151584] sd 2:0:0:0: [sda] Write Protect is off
[    5.151666] sd 2:0:0:0: [sda] Mode Sense: 00 3a 00 00
[    5.151678] sd 2:0:0:0: [sda] Write cache: enabled, read cache: enabled, doesn't support DPO or FUA
[    5.151866]  sda:
[    5.581975] random 0014 0000 0000 277f73c3 42024bb9: add_disk_randomness(8:0) 277f73c3 42024bb9
[    5.582051] random 0014 0000 0000 277f73c3 42024bb9: add_timer_randomness(.. 8388864) with jiffies: 7078507438436745621, cycles: 7078507434142072842
[    5.582054] random 0014 0000 0000 277f73c3 42024bb9: added 11 entropy credits to input
[    5.582059]  sda1 sda2
[    5.582547] random 0025 0000 0000 277f73c3 42024bb9: add_disk_randomness(8:0) 277f73c3 42024bb9
[    5.582551] random 0025 0000 0000 277f73c3 42024bb9: add_timer_randomness(.. 8388864) with jiffies: 7082994154547675542, cycles: 7082994150253002762
[    5.582704] sd 2:0:0:0: [sda] Attached SCSI disk
[    5.582787] random 0025 0000 0000 277f73c3 42024bb9: rand_read_num 6 get_random_bytes(12): sig 000007e9 277f73c3 42024bb9
[    5.582790] random 0025 0000 0000 277f73c3 42024bb9: extract_entropy(.. 12 ..)
[    5.582792] random 0025 0000 0000 277f73c3 42024bb9: going to reseed nonblocking with 96 bits (96 of 0 requested)
[    5.582794] random 0025 0000 0000 277f73c3 42024bb9: extract_entropy(.. 12 ..)
[    5.582797] random 0025 0000 0000 277f73c3 42024bb9: trying to extract 96 bits from input
[    5.582799] random 0025 0000 0000 277f73c3 42024bb9: debiting 0 entropy credits from input
[    5.582801] random 0025 0000 0000 277f73c3 42024bb9: extract_entropy account returned: 0 
[    5.582804] random 0025 0000 0000 277f73c3 42024bb9: urand_change_num 24 xfer_secondary_pool(12): pool_sig 000007e9, data_sig 00000000, bytes_mixed 0 277f73c3 42024bb9
[    5.582807] random 0025 0000 0000 277f73c3 42024bb9: trying to extract 96 bits from nonblocking
[    5.582809] random 0025 0000 0000 277f73c3 42024bb9: debiting 96 entropy credits from nonblocking (unlimited)
[    5.582812] random 0025 0000 0000 277f73c3 42024bb9: extract_entropy account returned: 12 
[    5.582816] random 0025 0000 0000 277f73c3 42024bb9: urand_change_num 25 extract_buf: pool_sig 000007e9, data_sig 00000088, bytes_mixed 20 277f73c3 42024bb9
[    5.582821] random 0025 0000 0000 277f73c3 42024bb9: urand_change_num 26 extract_buf: pool_sig 00000498, data_sig fffffefb, bytes_mixed 20 277f73c3 42024bb9
[    5.582824] RANDOM - __seed init called.
[    5.582825] RANDOM - __seed init called.
[    5.582826] RANDOM - __seed init called.
[    5.582828] RANDOM - __random32 called. Change num 12.  Value: 87f14767	f0d7351	b1e48bd3
[    5.582830] RANDOM - random32_reseed called.  Value: 87f14767	f0d7351	b1e48bd3
[    5.582832] Pid: 1, comm: swapper Not tainted 2.6.32.57 #6
[    5.582912] Call Trace:
[    5.582994]  [<c1923ca4>] ? random32_reseed+0xa0/0xb1
[    5.583074]  [<c1923c04>] ? random32_reseed+0x0/0xb1
[    5.583166]  [<c100111e>] ? do_one_initcall+0x2e/0x180
[    5.583248]  [<c1907265>] ? kernel_init+0xad/0x103
[    5.583333]  [<c19071b8>] ? kernel_init+0x0/0x103
[    5.583413]  [<c1003787>] ? kernel_thread_helper+0x7/0x10
[    5.583947] random 0025 0000 0000 386b4e60 ee4d4880: rand_read_num 7 get_random_bytes(64): sig fffffea5 386b4e60 ee4d4880
[    5.583950] random 0025 0000 0000 386b4e60 ee4d4880: extract_entropy(.. 64 ..)
[    5.583952] random 0025 0000 0000 386b4e60 ee4d4880: going to reseed nonblocking with 512 bits (512 of 0 requested)
[    5.583954] random 0025 0000 0000 386b4e60 ee4d4880: extract_entropy(.. 64 ..)
[    5.583957] random 0025 0000 0000 386b4e60 ee4d4880: trying to extract 512 bits from input
[    5.583959] random 0025 0000 0000 386b4e60 ee4d4880: debiting 0 entropy credits from input
[    5.583961] random 0025 0000 0000 386b4e60 ee4d4880: extract_entropy account returned: 0 
[    5.583964] random 0025 0000 0000 386b4e60 ee4d4880: urand_change_num 27 xfer_secondary_pool(64): pool_sig fffffea5, data_sig 00000000, bytes_mixed 0 386b4e60 ee4d4880
[    5.583967] random 0025 0000 0000 386b4e60 ee4d4880: trying to extract 512 bits from nonblocking
[    5.583970] random 0025 0000 0000 386b4e60 ee4d4880: debiting 512 entropy credits from nonblocking (unlimited)
[    5.583972] random 0025 0000 0000 386b4e60 ee4d4880: extract_entropy account returned: 64 
[    5.583976] random 0025 0000 0000 386b4e60 ee4d4880: urand_change_num 28 extract_buf: pool_sig fffffea5, data_sig 00000173, bytes_mixed 20 386b4e60 ee4d4880
[    5.583981] random 0025 0000 0000 412698f6 0cc8689a: urand_change_num 29 extract_buf: pool_sig 00000122, data_sig ffffff63, bytes_mixed 20 412698f6 0cc8689a
[    5.583987] random 0025 0000 0000 412698f6 0cc8689a: urand_change_num 30 extract_buf: pool_sig 000001f7, data_sig 00000012, bytes_mixed 20 412698f6 0cc8689a
[    5.583992] random 0025 0000 0000 9669941e 06f768b1: urand_change_num 31 extract_buf: pool_sig fffffb5b, data_sig 0000003f, bytes_mixed 20 9669941e 06f768b1
[    5.583997] random 0025 0000 0000 98486520 995551f0: urand_change_num 32 extract_buf: pool_sig fffffb39, data_sig 0000000e, bytes_mixed 20 98486520 995551f0
[    5.584002] random 0025 0000 0000 98486520 995551f0: urand_change_num 33 extract_buf: pool_sig fffffd8d, data_sig 000001a6, bytes_mixed 20 98486520 995551f0
[    5.584008] random 0025 0000 0000 61fc8914 d5882ed2: urand_change_num 34 extract_buf: pool_sig fffffa58, data_sig 0000023e, bytes_mixed 20 61fc8914 d5882ed2
[    5.584038] random 0025 0000 0000 61fc8914 d5882ed2: rand_read_num 8 get_random_bytes(64): sig fffff9ee 61fc8914 d5882ed2
[    5.584041] random 0025 0000 0000 61fc8914 d5882ed2: extract_entropy(.. 64 ..)
[    5.584043] random 0025 0000 0000 61fc8914 d5882ed2: going to reseed nonblocking with 512 bits (512 of 0 requested)
[    5.584045] random 0025 0000 0000 61fc8914 d5882ed2: extract_entropy(.. 64 ..)
[    5.584048] random 0025 0000 0000 61fc8914 d5882ed2: trying to extract 512 bits from input
[    5.584050] random 0025 0000 0000 61fc8914 d5882ed2: debiting 0 entropy credits from input
[    5.584052] random 0025 0000 0000 61fc8914 d5882ed2: extract_entropy account returned: 0 
[    5.584055] random 0025 0000 0000 61fc8914 d5882ed2: urand_change_num 35 xfer_secondary_pool(64): pool_sig fffff9ee, data_sig 00000000, bytes_mixed 0 61fc8914 d5882ed2
[    5.584058] random 0025 0000 0000 61fc8914 d5882ed2: trying to extract 512 bits from nonblocking
[    5.584060] random 0025 0000 0000 61fc8914 d5882ed2: debiting 512 entropy credits from nonblocking (unlimited)
[    5.584062] random 0025 0000 0000 61fc8914 d5882ed2: extract_entropy account returned: 64 
[    5.584067] random 0025 0000 0000 61fc8914 d5882ed2: urand_change_num 36 extract_buf: pool_sig fffff9ee, data_sig ffffff85, bytes_mixed 20 61fc8914 d5882ed2
[    5.584072] random 0025 0000 0000 70cfd302 e5edec11: urand_change_num 37 extract_buf: pool_sig fffffdc1, data_sig ffffffde, bytes_mixed 20 70cfd302 e5edec11
[    5.584077] random 0025 0000 0000 00dab838 eafd2b30: urand_change_num 38 extract_buf: pool_sig 000003da, data_sig ffffff61, bytes_mixed 20 00dab838 eafd2b30
[    5.584082] random 0025 0000 0000 00dab838 eafd2b30: urand_change_num 39 extract_buf: pool_sig 00000314, data_sig 00000121, bytes_mixed 20 00dab838 eafd2b30
[    5.584088] random 0025 0000 0000 5fcdf66a 6442b608: urand_change_num 40 extract_buf: pool_sig 0000028b, data_sig fffffefd, bytes_mixed 20 5fcdf66a 6442b608
[    5.584093] random 0025 0000 0000 61333f6b 8fae0f9b: urand_change_num 41 extract_buf: pool_sig 000000cb, data_sig 000000b3, bytes_mixed 20 61333f6b 8fae0f9b
[    5.584098] random 0025 0000 0000 61333f6b 8fae0f9b: urand_change_num 42 extract_buf: pool_sig fffffef8, data_sig 00000051, bytes_mixed 20 61333f6b 8fae0f9b
[    5.584101] BEGIN NET_SECRET:
[    5.584102] \xffffffe0
[    5.584103] \xffffffb6
[    5.584104] \x36
[    5.584105] \xffffffb5
[    5.584105] \xffffff94
[    5.584106] \xffffffb2
[    5.584107] \xffffffa8
[    5.584108] \xffffffda
[    5.584109] \x5b
[    5.584110] \x19
[    5.584110] \x18
[    5.584111] \x5c
[    5.584112] \x2b
[    5.584112] \x1
[    5.584113] \xffffff90
[    5.584114] \x19
[    5.584115] \x3c
[    5.584115] \xfffffff2
[    5.584116] \xffffff82
[    5.584117] \x2a
[    5.584121] \xffffffb3
[    5.584122] \xffffffa2
[    5.584123] \x3f
[    5.584124] \x5
[    5.584124] \x52
[    5.584125] \x77
[    5.584126] \x57
[    5.584126] \x79
[    5.584127] \x16
[    5.584128] \x43
[    5.584129] \xffffff84
[    5.584129] \xffffffc3
[    5.584130] \xffffffe9
[    5.584131] \x79
[    5.584132] \x50
[    5.584132] \xffffff8e
[    5.584133] \x3f
[    5.584134] \xfffffff3
[    5.584135] \x19
[    5.584136] \x2a
[    5.584136] \xfffffffd
[    5.584137] \xfffffffb
[    5.584138] \x62
[    5.584139] \x3c
[    5.584139] \xffffffac
[    5.584140] \x1c
[    5.584141] \x3b
[    5.584142] \x3b
[    5.584142] \x15
[    5.584143] \x27
[    5.584144] \xffffffa8
[    5.584145] \x22
[    5.584145] \xffffffc5
[    5.584146] \xffffff9a
[    5.584147] \x5
[    5.584148] \x6c
[    5.584149] \xffffffa8
[    5.584149] \x3a
[    5.584150] \x44
[    5.584151] \xffffffaf
[    5.584152] \x13
[    5.584152] \xffffffe0
[    5.584153] \xffffff9d
[    5.584154] \x22
[    5.584155] 
[    5.584155] END NET_SECRET
[    5.584158] random 0025 0000 0000 e7f555d9 e8ce5c3c: rand_read_num 9 get_random_bytes(4): sig 0000068c e7f555d9 e8ce5c3c
[    5.584160] random 0025 0000 0000 e7f555d9 e8ce5c3c: extract_entropy(.. 4 ..)
[    5.584163] random 0025 0000 0000 e7f555d9 e8ce5c3c: going to reseed nonblocking with 64 bits (32 of 0 requested)
[    5.584165] random 0025 0000 0000 e7f555d9 e8ce5c3c: extract_entropy(.. 8 ..)
[    5.584167] random 0025 0000 0000 e7f555d9 e8ce5c3c: trying to extract 64 bits from input
[    5.584169] random 0025 0000 0000 e7f555d9 e8ce5c3c: debiting 0 entropy credits from input
[    5.584171] random 0025 0000 0000 e7f555d9 e8ce5c3c: extract_entropy account returned: 0 
[    5.584174] random 0025 0000 0000 e7f555d9 e8ce5c3c: urand_change_num 43 xfer_secondary_pool(4): pool_sig 0000068c, data_sig 00000000, bytes_mixed 0 e7f555d9 e8ce5c3c
[    5.584177] random 0025 0000 0000 e7f555d9 e8ce5c3c: trying to extract 32 bits from nonblocking
[    5.584179] random 0025 0000 0000 e7f555d9 e8ce5c3c: debiting 32 entropy credits from nonblocking (unlimited)
[    5.584182] random 0025 0000 0000 e7f555d9 e8ce5c3c: extract_entropy account returned: 4 
[    5.584186] random 0025 0000 0000 e7f555d9 e8ce5c3c: urand_change_num 44 extract_buf: pool_sig 0000068c, data_sig fffffdcb, bytes_mixed 20 e7f555d9 e8ce5c3c
[    5.584197] md: Waiting for all devices to be available before autodetect
[    5.584292] md: If you don't use raid, use raid=noautodetect
[    5.584449] md: Autodetecting RAID arrays.
[    5.584527] md: Scanned 0 and added 0 devices.
[    5.584614] md: autorun ...
[    5.584690] md: ... autorun DONE.
[    5.598185] random 0025 0000 0000 e7f555d9 e8ce5c3c: add_disk_randomness(8:0) e7f555d9 e8ce5c3c
[    5.598189] random 0025 0000 0000 e7f555d9 e8ce5c3c: add_timer_randomness(.. 8388864) with jiffies: 7223666075932262822, cycles: 7223666071637590026
[    5.598191] random 0025 0000 0000 e7f555d9 e8ce5c3c: added 3 entropy credits to input
[    5.599309] random 0028 0000 0000 e7f555d9 e8ce5c3c: add_disk_randomness(8:0) e7f555d9 e8ce5c3c
[    5.599312] random 0028 0000 0000 e7f555d9 e8ce5c3c: add_timer_randomness(.. 8388864) with jiffies: 7233777622947955111, cycles: 7233777618653282314
[    5.599424] random 0028 0000 0000 e7f555d9 e8ce5c3c: add_disk_randomness(8:0) e7f555d9 e8ce5c3c
[    5.599427] random 0028 0000 0000 e7f555d9 e8ce5c3c: add_timer_randomness(.. 8388864) with jiffies: 7234811206827737511, cycles: 7234811202533064714
[    5.599432] EXT3-fs: sda2: couldn't mount because of unsupported optional features (240).
[    5.599652] random 0028 0000 0000 e7f555d9 e8ce5c3c: add_disk_randomness(8:0) e7f555d9 e8ce5c3c
[    5.599655] random 0028 0000 0000 e7f555d9 e8ce5c3c: add_timer_randomness(.. 8388864) with jiffies: 7236868942839120295, cycles: 7236868938544447498
[    5.599660] EXT2-fs: sda2: couldn't mount because of unsupported optional features (240).
[    5.599883] random 0028 0000 0000 e7f555d9 e8ce5c3c: add_disk_randomness(8:0) e7f555d9 e8ce5c3c
[    5.599886] random 0028 0000 0000 e7f555d9 e8ce5c3c: add_timer_randomness(.. 8388864) with jiffies: 7238953380662182311, cycles: 7238953376367509514
[    5.600020] random 0028 0000 0000 e7f555d9 e8ce5c3c: add_disk_randomness(8:0) e7f555d9 e8ce5c3c
[    5.600023] random 0028 0000 0000 e7f555d9 e8ce5c3c: add_timer_randomness(.. 8388864) with jiffies: 7240183721288761767, cycles: 7240183716994088970
[    5.600184] random 0028 0000 0000 e7f555d9 e8ce5c3c: add_disk_randomness(8:0) e7f555d9 e8ce5c3c
[    5.600187] random 0028 0000 0000 e7f555d9 e8ce5c3c: add_timer_randomness(.. 8388864) with jiffies: 7241643877025415592, cycles: 7241643872730742794
[    5.600299] random 0028 0000 0000 e7f555d9 e8ce5c3c: add_disk_randomness(8:0) e7f555d9 e8ce5c3c
[    5.600302] random 0028 0000 0000 e7f555d9 e8ce5c3c: add_timer_randomness(.. 8388864) with jiffies: 7242680342828253608, cycles: 7242680338533580810
[    5.600417] random 0028 0000 0000 e7f555d9 e8ce5c3c: add_disk_randomness(8:0) e7f555d9 e8ce5c3c
[    5.600420] random 0028 0000 0000 e7f555d9 e8ce5c3c: add_timer_randomness(.. 8388864) with jiffies: 7243744592774529448, cycles: 7243744588479856650
[    5.600530] random 0028 0000 0000 e7f555d9 e8ce5c3c: add_disk_randomness(8:0) e7f555d9 e8ce5c3c
[    5.600533] random 0028 0000 0000 e7f555d9 e8ce5c3c: add_timer_randomness(.. 8388864) with jiffies: 7244760992490160552, cycles: 7244760988195487754
[    5.600644] random 0028 0000 0000 e7f555d9 e8ce5c3c: add_disk_randomness(8:0) e7f555d9 e8ce5c3c
[    5.600647] random 0028 0000 0000 e7f555d9 e8ce5c3c: add_timer_randomness(.. 8388864) with jiffies: 7245794078153736616, cycles: 7245794073859063818
[    5.600759] random 0028 0000 0000 e7f555d9 e8ce5c3c: add_disk_randomness(8:0) e7f555d9 e8ce5c3c
[    5.600761] random 0028 0000 0000 e7f555d9 e8ce5c3c: add_timer_randomness(.. 8388864) with jiffies: 7246823014878904744, cycles: 7246823010584231946
[    5.601001] random 0028 0000 0000 e7f555d9 e8ce5c3c: rand_read_num 10 get_random_bytes(4): sig ffffff72 e7f555d9 e8ce5c3c
[    5.601003] random 0028 0000 0000 e7f555d9 e8ce5c3c: extract_entropy(.. 4 ..)
[    5.601006] random 0028 0000 0000 e7f555d9 e8ce5c3c: going to reseed nonblocking with 64 bits (32 of 0 requested)
[    5.601008] random 0028 0000 0000 e7f555d9 e8ce5c3c: extract_entropy(.. 8 ..)
[    5.601010] random 0028 0000 0000 e7f555d9 e8ce5c3c: trying to extract 64 bits from input
[    5.601012] random 0028 0000 0000 e7f555d9 e8ce5c3c: debiting 0 entropy credits from input
[    5.601014] random 0028 0000 0000 e7f555d9 e8ce5c3c: extract_entropy account returned: 0 
[    5.601017] random 0028 0000 0000 e7f555d9 e8ce5c3c: urand_change_num 45 xfer_secondary_pool(4): pool_sig ffffff72, data_sig 00000000, bytes_mixed 0 e7f555d9 e8ce5c3c
[    5.601020] random 0028 0000 0000 e7f555d9 e8ce5c3c: trying to extract 32 bits from nonblocking
[    5.601023] random 0028 0000 0000 e7f555d9 e8ce5c3c: debiting 32 entropy credits from nonblocking (unlimited)
[    5.601025] random 0028 0000 0000 e7f555d9 e8ce5c3c: extract_entropy account returned: 4 
[    5.601029] random 0028 0000 0000 e7f555d9 e8ce5c3c: urand_change_num 46 extract_buf: pool_sig ffffff72, data_sig ffffff72, bytes_mixed 20 e7f555d9 e8ce5c3c
[    5.612637] random 0028 0000 0000 91716c54 eeb6a1e7: add_disk_randomness(8:0) 91716c54 eeb6a1e7
[    5.612640] random 0028 0000 0000 91716c54 eeb6a1e7: add_timer_randomness(.. 8388864) with jiffies: 7353679868468101556, cycles: 7353679864173428746
[    5.612643] random 0028 0000 0000 91716c54 eeb6a1e7: added 3 entropy credits to input
[    5.630916] random 0031 0000 0000 91716c54 eeb6a1e7: add_disk_randomness(8:0) 91716c54 eeb6a1e7
[    5.630919] random 0031 0000 0000 91716c54 eeb6a1e7: add_timer_randomness(.. 8388864) with jiffies: 7518122909122658758, cycles: 7518122904827985930
[    5.630922] random 0031 0000 0000 91716c54 eeb6a1e7: added 2 entropy credits to input
[    5.635555] EXT4-fs (sda2): mounted filesystem with ordered data mode
[    5.635748] VFS: Mounted root (ext4 filesystem) readonly on device 8:2.
[    5.635856] Freeing unused kernel memory: 448k freed
[    5.656067] random 0033 0000 0000 91716c54 eeb6a1e7: add_disk_randomness(8:0) 91716c54 eeb6a1e7
[    5.656070] random 0033 0000 0000 91716c54 eeb6a1e7: add_timer_randomness(.. 8388864) with jiffies: 7744375524213621215, cycles: 7744375519918948362
[    5.656799] random 0033 0000 0000 91716c54 eeb6a1e7: add_disk_randomness(8:0) 91716c54 eeb6a1e7
[    5.656802] random 0033 0000 0000 91716c54 eeb6a1e7: add_timer_randomness(.. 8388864) with jiffies: 7750956642471739872, cycles: 7750956638177067018
[    5.661525] random 0033 0000 0000 91716c54 eeb6a1e7: add_disk_randomness(8:0) 91716c54 eeb6a1e7
[    5.661528] random 0033 0000 0000 91716c54 eeb6a1e7: add_timer_randomness(.. 8388864) with jiffies: 7793465265240113637, cycles: 7793465260945440778
[    5.661530] random 0033 0000 0000 91716c54 eeb6a1e7: added 2 entropy credits to input
[    5.669728] random 0035 0000 0000 91716c54 eeb6a1e7: add_disk_randomness(8:0) 91716c54 eeb6a1e7
[    5.669731] random 0035 0000 0000 91716c54 eeb6a1e7: add_timer_randomness(.. 8388864) with jiffies: 7867268024749490669, cycles: 7867268020454817802
[    5.673153] random 0035 0000 0000 91716c54 eeb6a1e7: add_disk_randomness(8:0) 91716c54 eeb6a1e7
[    5.673156] random 0035 0000 0000 91716c54 eeb6a1e7: add_timer_randomness(.. 8388864) with jiffies: 7898069520151708145, cycles: 7898069515857035274
[    5.673159] random 0035 0000 0000 91716c54 eeb6a1e7: added 2 entropy credits to input
[    5.682043] random 0037 0000 0000 91716c54 eeb6a1e7: add_disk_randomness(8:0) 91716c54 eeb6a1e7
[    5.682046] random 0037 0000 0000 91716c54 eeb6a1e7: add_timer_randomness(.. 8388864) with jiffies: 7978052256563692025, cycles: 7978052252269019146
[    5.682048] random 0037 0000 0000 91716c54 eeb6a1e7: added 2 entropy credits to input
[    5.695327] random 0039 0000 0000 91716c54 eeb6a1e7: add_disk_randomness(8:0) 91716c54 eeb6a1e7
[    5.695330] random 0039 0000 0000 91716c54 eeb6a1e7: add_timer_randomness(.. 8388864) with jiffies: 8097543714231779847, cycles: 8097543709937106954
[    5.695332] random 0039 0000 0000 91716c54 eeb6a1e7: added 1 entropy credits to input
[    5.703403] random 0040 0000 0000 91716c54 eeb6a1e7: add_disk_randomness(8:0) 91716c54 eeb6a1e7
[    5.703406] random 0040 0000 0000 91716c54 eeb6a1e7: add_timer_randomness(.. 8388864) with jiffies: 8170200237164167695, cycles: 8170200232869494794
[    5.703409] random 0040 0000 0000 91716c54 eeb6a1e7: added 2 entropy credits to input
[    5.703432] RANDOM get_random_int call with cycles 44852001778, jiffies 4294672911 and pid 1
[    5.703435] RANDOM get_random_int call with cycles 44852009023, jiffies 4294672911 and pid 1
[    5.703437] ASLR stack rand value: 1941504 after shift for pid: 1
[    5.703439] RANDOM get_random_int call with cycles 44852016814, jiffies 4294672911 and pid 1
[    5.715050] random 0042 0000 0000 91716c54 eeb6a1e7: add_disk_randomness(8:0) 91716c54 eeb6a1e7
[    5.715053] random 0042 0000 0000 91716c54 eeb6a1e7: add_timer_randomness(.. 8388864) with jiffies: 8274987586531590682, cycles: 8274987582236917770
[    5.715056] random 0042 0000 0000 91716c54 eeb6a1e7: added 1 entropy credits to input
[    5.715066] RANDOM get_random_int call with cycles 44876371428, jiffies 4294672922 and pid 1
[    5.715069] random 0043 0000 0000 91716c54 eeb6a1e7: rand_read_num 11 get_random_bytes(16): sig fffffcad 91716c54 eeb6a1e7
[    5.715071] random 0043 0000 0000 91716c54 eeb6a1e7: extract_entropy(.. 16 ..)
[    5.715074] random 0043 0000 0000 91716c54 eeb6a1e7: going to reseed nonblocking with 128 bits (128 of 0 requested)
[    5.715076] random 0043 0000 0000 91716c54 eeb6a1e7: extract_entropy(.. 16 ..)
[    5.715078] random 0043 0000 0000 91716c54 eeb6a1e7: trying to extract 128 bits from input
[    5.715080] random 0043 0000 0000 91716c54 eeb6a1e7: debiting 0 entropy credits from input
[    5.715082] random 0043 0000 0000 91716c54 eeb6a1e7: extract_entropy account returned: 0 
[    5.715085] random 0043 0000 0000 91716c54 eeb6a1e7: urand_change_num 47 xfer_secondary_pool(16): pool_sig fffffcad, data_sig 00000000, bytes_mixed 0 91716c54 eeb6a1e7
[    5.715088] random 0043 0000 0000 91716c54 eeb6a1e7: trying to extract 128 bits from nonblocking
[    5.715091] random 0043 0000 0000 91716c54 eeb6a1e7: debiting 128 entropy credits from nonblocking (unlimited)
[    5.715093] random 0043 0000 0000 91716c54 eeb6a1e7: extract_entropy account returned: 16 
[    5.715097] random 0043 0000 0000 91716c54 eeb6a1e7: urand_change_num 48 extract_buf: pool_sig fffffcad, data_sig ffffff19, bytes_mixed 20 91716c54 eeb6a1e7
[    5.715103] random 0043 0000 0000 fd637b06 6cf47bc1: urand_change_num 49 extract_buf: pool_sig fffffede, data_sig ffffffc1, bytes_mixed 20 fd637b06 6cf47bc1
[    5.716064] random 0043 0000 0000 fd637b06 6cf47bc1: add_disk_randomness(8:0) fd637b06 6cf47bc1
[    5.716068] random 0043 0000 0000 fd637b06 6cf47bc1: add_timer_randomness(.. 8388864) with jiffies: 8284111282479268379, cycles: 8284111278184595466
[    5.717203] random 0043 0000 0000 fd637b06 6cf47bc1: add_disk_randomness(8:0) fd637b06 6cf47bc1
[    5.717206] random 0043 0000 0000 fd637b06 6cf47bc1: add_timer_randomness(.. 8388864) with jiffies: 8294339721324888605, cycles: 8294339717030215690
[    5.718356] random 0043 0000 0000 fd637b06 6cf47bc1: add_disk_randomness(8:0) fd637b06 6cf47bc1
[    5.718359] random 0043 0000 0000 fd637b06 6cf47bc1: add_timer_randomness(.. 8388864) with jiffies: 8304710400897417758, cycles: 8304710396602744842
[    5.719240] random 0043 0000 0000 fd637b06 6cf47bc1: add_disk_randomness(8:0) fd637b06 6cf47bc1
[    5.719243] random 0043 0000 0000 fd637b06 6cf47bc1: add_timer_randomness(.. 8388864) with jiffies: 8312666892237767199, cycles: 8312666887943094282
[    5.728049] random 0043 0000 0000 fd637b06 6cf47bc1: add_disk_randomness(8:0) fd637b06 6cf47bc1
[    5.728052] random 0043 0000 0000 fd637b06 6cf47bc1: add_timer_randomness(.. 8388864) with jiffies: 8391920274483413543, cycles: 8391920270188740618
[    5.728054] random 0043 0000 0000 fd637b06 6cf47bc1: added 2 entropy credits to input
[    5.728255] random 0045 0000 0000 fd637b06 6cf47bc1: add_disk_randomness(8:0) fd637b06 6cf47bc1
[    5.728258] random 0045 0000 0000 fd637b06 6cf47bc1: add_timer_randomness(.. 8388864) with jiffies: 8393762446086210088, cycles: 8393762441791537162
[    5.738439] random 0045 0000 0000 fd637b06 6cf47bc1: add_disk_randomness(8:0) fd637b06 6cf47bc1
[    5.738442] random 0045 0000 0000 fd637b06 6cf47bc1: add_timer_randomness(.. 8388864) with jiffies: 8485376194453930546, cycles: 8485376190159257610
[    5.738444] random 0045 0000 0000 fd637b06 6cf47bc1: added 3 entropy credits to input
[    5.738877] random 0048 0000 0000 fd637b06 6cf47bc1: add_disk_randomness(8:0) fd637b06 6cf47bc1
[    5.738880] random 0048 0000 0000 fd637b06 6cf47bc1: add_timer_randomness(.. 8388864) with jiffies: 8489324854241886770, cycles: 8489324849947213834
[    5.748617] random 0048 0000 0000 fd637b06 6cf47bc1: add_disk_randomness(8:0) fd637b06 6cf47bc1
[    5.748620] random 0048 0000 0000 fd637b06 6cf47bc1: add_timer_randomness(.. 8388864) with jiffies: 8576947186422219324, cycles: 8576947182127546378
[    5.748623] random 0048 0000 0000 fd637b06 6cf47bc1: added 3 entropy credits to input
[    5.748677] RANDOM get_random_int call with cycles 44946768436, jiffies 4294672956 and pid 1
[    5.761268] random 0051 0000 0000 fd637b06 6cf47bc1: add_disk_randomness(8:0) fd637b06 6cf47bc1
[    5.761271] random 0051 0000 0000 fd637b06 6cf47bc1: add_timer_randomness(.. 8388864) with jiffies: 8690746751566185033, cycles: 8690746747271512074
[    5.761274] random 0051 0000 0000 fd637b06 6cf47bc1: added 1 entropy credits to input
[    5.774376] random 0052 0000 0000 fd637b06 6cf47bc1: add_disk_randomness(8:0) fd637b06 6cf47bc1
[    5.774379] random 0052 0000 0000 fd637b06 6cf47bc1: add_timer_randomness(.. 8388864) with jiffies: 8808666526081843798, cycles: 8808666521787170826
[    5.774519] random 0052 0000 0000 fd637b06 6cf47bc1: add_disk_randomness(8:0) fd637b06 6cf47bc1
[    5.774522] random 0052 0000 0000 fd637b06 6cf47bc1: add_timer_randomness(.. 8388864) with jiffies: 8809951116440339030, cycles: 8809951112145666058
[    5.776685] random 0052 0000 0000 fd637b06 6cf47bc1: add_disk_randomness(8:0) fd637b06 6cf47bc1
[    5.776688] random 0052 0000 0000 fd637b06 6cf47bc1: add_timer_randomness(.. 8388864) with jiffies: 8829445131183293016, cycles: 8829445126888620042
[    5.776691] random 0052 0000 0000 fd637b06 6cf47bc1: added 1 entropy credits to input
[    5.776932] random 0053 0000 0000 fd637b06 6cf47bc1: add_disk_randomness(8:0) fd637b06 6cf47bc1
[    5.776935] random 0053 0000 0000 fd637b06 6cf47bc1: add_timer_randomness(.. 8388864) with jiffies: 8831670538422944344, cycles: 8831670534128271370
[    5.777108] random 0053 0000 0000 fd637b06 6cf47bc1: add_disk_randomness(8:0) fd637b06 6cf47bc1
[    5.777112] random 0053 0000 0000 fd637b06 6cf47bc1: add_timer_randomness(.. 8388864) with jiffies: 8833258589695738456, cycles: 8833258585401065482
[    5.780235] random 0053 0000 0000 fd637b06 6cf47bc1: add_disk_randomness(8:0) fd637b06 6cf47bc1
[    5.780238] random 0053 0000 0000 fd637b06 6cf47bc1: add_timer_randomness(.. 8388864) with jiffies: 8861373149262611036, cycles: 8861373144967938058
[    5.780241] random 0053 0000 0000 fd637b06 6cf47bc1: added 2 entropy credits to input
[    5.782248] random 0055 0000 0000 fd637b06 6cf47bc1: add_disk_randomness(8:0) fd637b06 6cf47bc1
[    5.782251] random 0055 0000 0000 fd637b06 6cf47bc1: add_timer_randomness(.. 8388864) with jiffies: 8879475195169702494, cycles: 8879475190875029514
[    5.782253] random 0055 0000 0000 fd637b06 6cf47bc1: added 1 entropy credits to input
[    5.790076] random 0056 0000 0000 fd637b06 6cf47bc1: add_disk_randomness(8:0) fd637b06 6cf47bc1
[    5.790080] random 0056 0000 0000 fd637b06 6cf47bc1: add_timer_randomness(.. 8388864) with jiffies: 8949917447712637541, cycles: 8949917443417964554
[    5.790082] random 0056 0000 0000 fd637b06 6cf47bc1: added 2 entropy credits to input
[    5.790214] random 0058 0000 0000 fd637b06 6cf47bc1: add_disk_randomness(8:0) fd637b06 6cf47bc1
[    5.790217] random 0058 0000 0000 fd637b06 6cf47bc1: add_timer_randomness(.. 8388864) with jiffies: 8951143549206495846, cycles: 8951143544911822858
[    5.793776] random 0058 0000 0000 fd637b06 6cf47bc1: add_disk_randomness(8:0) fd637b06 6cf47bc1
[    5.793779] random 0058 0000 0000 fd637b06 6cf47bc1: add_timer_randomness(.. 8388864) with jiffies: 8983191753355657833, cycles: 8983191749060984842
[    5.793782] random 0058 0000 0000 fd637b06 6cf47bc1: added 1 entropy credits to input
[    5.798273] random 0059 0000 0000 fd637b06 6cf47bc1: add_disk_randomness(8:0) fd637b06 6cf47bc1
[    5.798276] random 0059 0000 0000 fd637b06 6cf47bc1: add_timer_randomness(.. 8388864) with jiffies: 9023639302923059822, cycles: 9023639298628386826
[    5.803852] random 0059 0000 0000 fd637b06 6cf47bc1: add_disk_randomness(8:0) fd637b06 6cf47bc1
[    5.803855] random 0059 0000 0000 fd637b06 6cf47bc1: add_timer_randomness(.. 8388864) with jiffies: 9073837085382378099, cycles: 9073837081087705098
[    5.810126] random 0059 0000 0000 fd637b06 6cf47bc1: add_disk_randomness(8:0) fd637b06 6cf47bc1
[    5.810129] random 0059 0000 0000 fd637b06 6cf47bc1: add_timer_randomness(.. 8388864) with jiffies: 9130284564948419193, cycles: 9130284560653746186
[    5.810145] random 0059 0000 0000 fd637b06 6cf47bc1: rand_read_num 12 get_random_bytes(16): sig 0000033b fd637b06 6cf47bc1
[    5.810148] random 0059 0000 0000 fd637b06 6cf47bc1: extract_entropy(.. 16 ..)
[    5.810150] random 0059 0000 0000 fd637b06 6cf47bc1: going to reseed nonblocking with 128 bits (128 of 0 requested)
[    5.810153] random 0059 0000 0000 fd637b06 6cf47bc1: extract_entropy(.. 16 ..)
[    5.810155] random 0059 0000 0000 fd637b06 6cf47bc1: trying to extract 128 bits from input
[    5.810157] random 0059 0000 0000 fd637b06 6cf47bc1: debiting 0 entropy credits from input
[    5.810159] random 0059 0000 0000 fd637b06 6cf47bc1: extract_entropy account returned: 0 
[    5.810162] random 0059 0000 0000 fd637b06 6cf47bc1: urand_change_num 50 xfer_secondary_pool(16): pool_sig 0000033b, data_sig 00000000, bytes_mixed 0 fd637b06 6cf47bc1
[    5.810165] random 0059 0000 0000 fd637b06 6cf47bc1: trying to extract 128 bits from nonblocking
[    5.810168] random 0059 0000 0000 fd637b06 6cf47bc1: debiting 128 entropy credits from nonblocking (unlimited)
[    5.810170] random 0059 0000 0000 fd637b06 6cf47bc1: extract_entropy account returned: 16 
[    5.810174] random 0059 0000 0000 fd637b06 6cf47bc1: urand_change_num 51 extract_buf: pool_sig 0000033b, data_sig 000000d8, bytes_mixed 20 fd637b06 6cf47bc1
[    5.810180] random 0059 0000 0000 0ec1f012 d4727ca8: urand_change_num 52 extract_buf: pool_sig fffffcf5, data_sig 00000016, bytes_mixed 20 0ec1f012 d4727ca8
[    5.816874] random 0059 0000 0000 45b1d0b1 845a73f7: add_disk_randomness(8:0) 45b1d0b1 845a73f7
[    5.816877] random 0059 0000 0000 45b1d0b1 845a73f7: add_timer_randomness(.. 8388864) with jiffies: 9190981910358884992, cycles: 9190981906064211978
[    5.824103] random 0059 0000 0000 45b1d0b1 845a73f7: add_disk_randomness(8:0) 45b1d0b1 845a73f7
[    5.824106] random 0059 0000 0000 45b1d0b1 845a73f7: add_timer_randomness(.. 8388864) with jiffies: 9256019947287184007, cycles: -9190724130717040630
[    5.833744] random 0059 0000 0000 45b1d0b1 845a73f7: add_disk_randomness(8:0) 45b1d0b1 845a73f7
[    5.833747] random 0059 0000 0000 45b1d0b1 845a73f7: add_timer_randomness(.. 8388864) with jiffies: 9342736638368514705, cycles: -9104007439635709942
[    5.833749] random 0059 0000 0000 45b1d0b1 845a73f7: added 1 entropy credits to input
[    5.841531] random 0060 0000 0000 45b1d0b1 845a73f7: add_disk_randomness(8:0) 45b1d0b1 845a73f7
[    5.841534] random 0060 0000 0000 45b1d0b1 845a73f7: add_timer_randomness(.. 8388864) with jiffies: 9412788126196925081, cycles: -9033955951807299574
[    5.841537] random 0060 0000 0000 45b1d0b1 845a73f7: added 1 entropy credits to input
[    5.844666] random 0061 0000 0000 45b1d0b1 845a73f7: add_disk_randomness(8:0) 45b1d0b1 845a73f7
[    5.844669] random 0061 0000 0000 45b1d0b1 845a73f7: add_timer_randomness(.. 8388864) with jiffies: 9440989676031410844, cycles: -9005754401972813814
[    5.844672] random 0061 0000 0000 45b1d0b1 845a73f7: added 1 entropy credits to input
[    5.858936] random 0062 0000 0000 45b1d0b1 845a73f7: add_disk_randomness(8:0) 45b1d0b1 845a73f7
[    5.858939] random 0062 0000 0000 45b1d0b1 845a73f7: add_timer_randomness(.. 8388864) with jiffies: 9569367571358778026, cycles: -8877376506645446646
[    5.858942] random 0062 0000 0000 45b1d0b1 845a73f7: added 3 entropy credits to input
[    5.864336] random 0065 0000 0000 45b1d0b1 845a73f7: add_disk_randomness(8:0) 45b1d0b1 845a73f7
[    5.864339] random 0065 0000 0000 45b1d0b1 845a73f7: add_timer_randomness(.. 8388864) with jiffies: 9617939511128064688, cycles: -8828804566876159990
[    5.864342] random 0065 0000 0000 45b1d0b1 845a73f7: added 2 entropy credits to input
[    5.869505] random 0067 0000 0000 45b1d0b1 845a73f7: add_disk_randomness(8:0) 45b1d0b1 845a73f7
[    5.869508] random 0067 0000 0000 45b1d0b1 845a73f7: add_timer_randomness(.. 8388864) with jiffies: 9664443248050668213, cycles: -8782300829953556470
[    5.877737] random 0067 0000 0000 45b1d0b1 845a73f7: add_disk_randomness(8:0) 45b1d0b1 845a73f7
[    5.877740] random 0067 0000 0000 45b1d0b1 845a73f7: add_timer_randomness(.. 8388864) with jiffies: 9738500084940374717, cycles: -8708243993063849974
[    5.877743] random 0067 0000 0000 45b1d0b1 845a73f7: added 1 entropy credits to input
[    5.887341] random 0068 0000 0000 45b1d0b1 845a73f7: add_disk_randomness(8:0) 45b1d0b1 845a73f7
[    5.887344] random 0068 0000 0000 45b1d0b1 845a73f7: add_timer_randomness(.. 8388864) with jiffies: 9824890182413550279, cycles: -8621853895590674422
[    5.906845] random 0068 0000 0000 45b1d0b1 845a73f7: add_disk_randomness(8:0) 45b1d0b1 845a73f7
[    5.906848] random 0068 0000 0000 45b1d0b1 845a73f7: add_timer_randomness(.. 8388864) with jiffies: 10000355552258654938, cycles: -8446388525745569782
[    5.906851] random 0068 0000 0000 45b1d0b1 845a73f7: added 2 entropy credits to input
[    5.920127] random 0070 0000 0000 45b1d0b1 845a73f7: add_disk_randomness(8:0) 45b1d0b1 845a73f7
[    5.920130] random 0070 0000 0000 45b1d0b1 845a73f7: add_timer_randomness(.. 8388864) with jiffies: 10119845339184464615, cycles: -8326898738819760118
[    5.920133] random 0070 0000 0000 45b1d0b1 845a73f7: added 2 entropy credits to input
[    5.928152] random 0072 0000 0000 45b1d0b1 845a73f7: add_disk_randomness(8:0) 45b1d0b1 845a73f7
[    5.928155] random 0072 0000 0000 45b1d0b1 845a73f7: add_timer_randomness(.. 8388864) with jiffies: 10192018828619907824, cycles: -8254725249384316918
[    5.928158] random 0072 0000 0000 45b1d0b1 845a73f7: added 1 entropy credits to input
[    5.938175] random 0073 0000 0000 45b1d0b1 845a73f7: add_disk_randomness(8:0) 45b1d0b1 845a73f7
[    5.938178] random 0073 0000 0000 45b1d0b1 845a73f7: add_timer_randomness(.. 8388864) with jiffies: 10282183648295486202, cycles: -8164560429708738550
[    5.951051] random 0073 0000 0000 45b1d0b1 845a73f7: add_disk_randomness(8:0) 45b1d0b1 845a73f7
[    5.951054] random 0073 0000 0000 45b1d0b1 845a73f7: add_timer_randomness(.. 8388864) with jiffies: 10398034455460283142, cycles: -8048709622543941622
[    5.958411] random 0073 0000 0000 45b1d0b1 845a73f7: add_disk_randomness(8:0) 45b1d0b1 845a73f7
[    5.958414] random 0073 0000 0000 45b1d0b1 845a73f7: add_timer_randomness(.. 8388864) with jiffies: 10464230046204396302, cycles: -7982514031799828470
[    5.958417] random 0073 0000 0000 45b1d0b1 845a73f7: added 2 entropy credits to input
[    5.963659] random 0075 0000 0000 45b1d0b1 845a73f7: add_disk_randomness(8:0) 45b1d0b1 845a73f7
[    5.963662] random 0075 0000 0000 45b1d0b1 845a73f7: add_timer_randomness(.. 8388864) with jiffies: 10511448435620283155, cycles: -7935295642383941622
[    5.970095] random 0075 0000 0000 45b1d0b1 845a73f7: add_disk_randomness(8:0) 45b1d0b1 845a73f7
[    5.970098] random 0075 0000 0000 45b1d0b1 845a73f7: add_timer_randomness(.. 8388864) with jiffies: 10569346780908716825, cycles: -7877397297095507958
[    5.975154] random 0075 0000 0000 45b1d0b1 845a73f7: add_disk_randomness(8:0) 45b1d0b1 845a73f7
[    5.975157] random 0075 0000 0000 45b1d0b1 845a73f7: add_timer_randomness(.. 8388864) with jiffies: 10614840569156567839, cycles: -7831903508847656950
[    5.981057] random 0075 0000 0000 45b1d0b1 845a73f7: add_disk_randomness(8:0) 45b1d0b1 845a73f7
[    5.981060] random 0075 0000 0000 45b1d0b1 845a73f7: add_timer_randomness(.. 8388864) with jiffies: 10667962446955381540, cycles: -7778781631048843254
[    5.990408] random 0075 0000 0000 45b1d0b1 845a73f7: add_disk_randomness(8:0) 45b1d0b1 845a73f7
[    5.990411] random 0075 0000 0000 45b1d0b1 845a73f7: add_timer_randomness(.. 8388864) with jiffies: 10752071440053011246, cycles: -7694672637951213558
[    5.990414] random 0075 0000 0000 45b1d0b1 845a73f7: added 2 entropy credits to input
[    5.995286] random 0077 0000 0000 45b1d0b1 845a73f7: add_disk_randomness(8:0) 45b1d0b1 845a73f7
[    5.995289] random 0077 0000 0000 45b1d0b1 845a73f7: add_timer_randomness(.. 8388864) with jiffies: 10795948675625091891, cycles: -7650795402379132918
[    5.995291] random 0077 0000 0000 45b1d0b1 845a73f7: added 2 entropy credits to input
[    6.002721] random 0079 0000 0000 45b1d0b1 845a73f7: add_disk_randomness(8:0) 45b1d0b1 845a73f7
[    6.002724] random 0079 0000 0000 45b1d0b1 845a73f7: add_timer_randomness(.. 8388864) with jiffies: 10862846789874844474, cycles: -7583897288129380342
[    6.002727] random 0079 0000 0000 45b1d0b1 845a73f7: added 1 entropy credits to input
[    6.008937] random 0080 0000 0000 45b1d0b1 845a73f7: add_disk_randomness(8:0) 45b1d0b1 845a73f7
[    6.008940] random 0080 0000 0000 45b1d0b1 845a73f7: add_timer_randomness(.. 8388864) with jiffies: 10918763566101922624, cycles: -7527980511902302198
[    6.009091] random 0080 0000 0000 45b1d0b1 845a73f7: add_disk_randomness(8:0) 45b1d0b1 845a73f7
[    6.009094] random 0080 0000 0000 45b1d0b1 845a73f7: add_timer_randomness(.. 8388864) with jiffies: 10920150166228665152, cycles: -7526593911775559670
[    6.023505] random 0080 0000 0000 45b1d0b1 845a73f7: add_disk_randomness(8:0) 45b1d0b1 845a73f7
[    6.023508] random 0080 0000 0000 45b1d0b1 845a73f7: add_timer_randomness(.. 8388864) with jiffies: 11049812746403808079, cycles: -7396931331600416758
[    6.023511] random 0080 0000 0000 45b1d0b1 845a73f7: added 3 entropy credits to input
[    6.030925] random 0083 0000 0000 45b1d0b1 845a73f7: add_disk_randomness(8:0) 45b1d0b1 845a73f7
[    6.030928] random 0083 0000 0000 45b1d0b1 845a73f7: add_timer_randomness(.. 8388864) with jiffies: 11116567224062280534, cycles: -7330176853941944310
[    6.030931] random 0083 0000 0000 45b1d0b1 845a73f7: added 2 entropy credits to input
[    6.040607] random 0085 0000 0000 45b1d0b1 845a73f7: add_disk_randomness(8:0) 45b1d0b1 845a73f7
[    6.040610] random 0085 0000 0000 45b1d0b1 845a73f7: add_timer_randomness(.. 8388864) with jiffies: 11203660884423181152, cycles: -7243083193581043702
[    6.040613] random 0085 0000 0000 45b1d0b1 845a73f7: added 1 entropy credits to input
[    6.051237] random 0086 0000 0000 45b1d0b1 845a73f7: add_disk_randomness(8:0) 45b1d0b1 845a73f7
[    6.051240] random 0086 0000 0000 45b1d0b1 845a73f7: add_timer_randomness(.. 8388864) with jiffies: 11299278311109919595, cycles: -7147465766894305270
[    6.063757] random 0086 0000 0000 45b1d0b1 845a73f7: add_disk_randomness(8:0) 45b1d0b1 845a73f7
[    6.063760] random 0086 0000 0000 45b1d0b1 845a73f7: add_timer_randomness(.. 8388864) with jiffies: 11411920047560164215, cycles: -7034824030444060662
[    6.064960] random 0086 0000 0000 45b1d0b1 845a73f7: add_disk_randomness(8:0) 45b1d0b1 845a73f7
[    6.064963] random 0086 0000 0000 45b1d0b1 845a73f7: add_timer_randomness(.. 8388864) with jiffies: 11422743816117650296, cycles: -7024000261886574582
[    6.068985] random 0086 0000 0000 45b1d0b1 845a73f7: add_disk_randomness(8:0) 45b1d0b1 845a73f7
[    6.068988] random 0086 0000 0000 45b1d0b1 845a73f7: add_timer_randomness(.. 8388864) with jiffies: 11458951288071095164, cycles: -6987792789933129718
[    6.068990] random 0086 0000 0000 45b1d0b1 845a73f7: added 1 entropy credits to input
[    6.078327] random 0087 0000 0000 45b1d0b1 845a73f7: add_disk_randomness(8:0) 45b1d0b1 845a73f7
[    6.078330] random 0087 0000 0000 45b1d0b1 845a73f7: add_timer_randomness(.. 8388864) with jiffies: 11542985823615681414, cycles: -6903758254388543478
[    6.078333] random 0087 0000 0000 45b1d0b1 845a73f7: added 1 entropy credits to input
[    6.078674] random 0088 0000 0000 45b1d0b1 845a73f7: add_disk_randomness(8:0) 45b1d0b1 845a73f7
[    6.078677] random 0088 0000 0000 45b1d0b1 845a73f7: add_timer_randomness(.. 8388864) with jiffies: 11546111103813256070, cycles: -6900632974190968822
[    6.094334] random 0088 0000 0000 45b1d0b1 845a73f7: add_disk_randomness(8:0) 45b1d0b1 845a73f7
[    6.094337] random 0088 0000 0000 45b1d0b1 845a73f7: add_timer_randomness(.. 8388864) with jiffies: 11686979829189280662, cycles: -6759764248814944246
[    6.094340] random 0088 0000 0000 45b1d0b1 845a73f7: added 4 entropy credits to input
[    6.095965] random 0092 0000 0000 45b1d0b1 845a73f7: add_disk_randomness(8:0) 45b1d0b1 845a73f7
[    6.095968] random 0092 0000 0000 45b1d0b1 845a73f7: add_timer_randomness(.. 8388864) with jiffies: 11701666392548541335, cycles: -6745077685455683574
[    6.096109] random 0092 0000 0000 45b1d0b1 845a73f7: add_disk_randomness(8:0) 45b1d0b1 845a73f7
[    6.096112] random 0092 0000 0000 45b1d0b1 845a73f7: add_timer_randomness(.. 8388864) with jiffies: 11702958202747061143, cycles: -6743785875257163766
[    6.106990] random 0092 0000 0000 45b1d0b1 845a73f7: add_disk_randomness(8:0) 45b1d0b1 845a73f7
[    6.106993] random 0092 0000 0000 45b1d0b1 845a73f7: add_timer_randomness(.. 8388864) with jiffies: 11800846855384564642, cycles: -6645897222619660278
[    6.106996] random 0092 0000 0000 45b1d0b1 845a73f7: added 3 entropy credits to input
[    6.107557] random 0095 0000 0000 45b1d0b1 845a73f7: add_disk_randomness(8:0) 45b1d0b1 845a73f7
[    6.107560] random 0095 0000 0000 45b1d0b1 845a73f7: add_timer_randomness(.. 8388864) with jiffies: 11805939002970440611, cycles: -6640805075033784310
[    6.112785] random 0095 0000 0000 45b1d0b1 845a73f7: add_disk_randomness(8:0) 45b1d0b1 845a73f7
[    6.112788] random 0095 0000 0000 45b1d0b1 845a73f7: add_timer_randomness(.. 8388864) with jiffies: 11852971639345742760, cycles: -6593772438658482166
[    6.112791] random 0095 0000 0000 45b1d0b1 845a73f7: added 2 entropy credits to input
[    6.114544] random 0097 0000 0000 45b1d0b1 845a73f7: add_disk_randomness(8:0) 45b1d0b1 845a73f7
[    6.114547] random 0097 0000 0000 45b1d0b1 845a73f7: add_timer_randomness(.. 8388864) with jiffies: 11868786941585228714, cycles: -6577957136418996214
[    6.114549] random 0097 0000 0000 45b1d0b1 845a73f7: added 1 entropy credits to input
[    6.124777] random 0098 0000 0000 45b1d0b1 845a73f7: add_disk_randomness(8:0) 45b1d0b1 845a73f7
[    6.124780] random 0098 0000 0000 45b1d0b1 845a73f7: add_timer_randomness(.. 8388864) with jiffies: 11960851657224061876, cycles: -6485892420780163062
[    6.124783] random 0098 0000 0000 45b1d0b1 845a73f7: added 3 entropy credits to input
[    6.138710] random 0101 0000 0000 45b1d0b1 845a73f7: add_disk_randomness(8:0) 45b1d0b1 845a73f7
[    6.138713] random 0101 0000 0000 45b1d0b1 845a73f7: add_timer_randomness(.. 8388864) with jiffies: 12086190906139182018, cycles: -6360553171865042934
[    6.138716] random 0101 0000 0000 45b1d0b1 845a73f7: added 2 entropy credits to input
[    6.151232] random 0103 0000 0000 45b1d0b1 845a73f7: add_disk_randomness(8:0) 45b1d0b1 845a73f7
[    6.151235] random 0103 0000 0000 45b1d0b1 845a73f7: add_timer_randomness(.. 8388864) with jiffies: 12198825611727963087, cycles: -6247918466276261878
[    6.156423] random 0103 0000 0000 45b1d0b1 845a73f7: add_disk_randomness(8:0) 45b1d0b1 845a73f7
