[    0.000000] random 0000 0000 0000 00000000 00000000: rand_read_num 1 get_random_bytes(8): sig 00000000 00000000 00000000
[    0.000000] random 0000 0000 0000 00000000 00000000: extract_entropy(.. 8 ..)
[    0.000000] random 0000 0000 0000 00000000 00000000: going to reseed nonblocking with 64 bits (64 of 0 requested)
[    0.000000] random 0000 0000 0000 00000000 00000000: extract_entropy(.. 8 ..)
[    0.000000] random 0000 0000 0000 00000000 00000000: trying to extract 64 bits from input
[    0.000000] random 0000 0000 0000 00000000 00000000: debiting 0 entropy credits from input
[    0.000000] random 0000 0000 0000 00000000 00000000: extract_entropy account returned: 0 
[    0.000000] random 0000 0000 0000 00000000 00000000: urand_change_num 1 xfer_secondary_pool(8): pool_sig 00000000, data_sig 00000000, bytes_mixed 0 00000000 00000000
[    0.000000] random 0000 0000 0000 00000000 00000000: trying to extract 64 bits from nonblocking
[    0.000000] random 0000 0000 0000 00000000 00000000: debiting 64 entropy credits from nonblocking (unlimited)
[    0.000000] random 0000 0000 0000 00000000 00000000: extract_entropy account returned: 8 
[    0.000000] random 0000 0000 0000 00000000 00000000: urand_change_num 2 extract_buf: pool_sig 00000000, data_sig fffffff9, bytes_mixed 20 00000000 00000000
[    0.000000] Linux version 2.6.32.57 (dcashman@dcashman-02) (gcc version 4.3.3 (GCC) ) #6 Thu May 30 09:02:12 PDT 2013
[    0.000000] KERNEL supported cpus:
[    0.000000]   Intel GenuineIntel
[    0.000000]   AMD AuthenticAMD
[    0.000000]   NSC Geode by NSC
[    0.000000]   Cyrix CyrixInstead
[    0.000000]   Centaur CentaurHauls
[    0.000000]   Transmeta GenuineTMx86
[    0.000000]   Transmeta TransmetaCPU
[    0.000000]   UMC UMC UMC UMC
[    0.000000] BIOS-provided physical RAM map:
[    0.000000]  BIOS-e820: 0000000000000000 - 000000000009d800 (usable)
[    0.000000]  BIOS-e820: 000000000009d800 - 00000000000a0000 (reserved)
[    0.000000]  BIOS-e820: 00000000000d2000 - 00000000000d4000 (reserved)
[    0.000000]  BIOS-e820: 00000000000e0000 - 0000000000100000 (reserved)
[    0.000000]  BIOS-e820: 0000000000100000 - 000000003d6b0000 (usable)
[    0.000000]  BIOS-e820: 000000003d6b0000 - 000000003d6cc000 (ACPI data)
[    0.000000]  BIOS-e820: 000000003d6cc000 - 000000003d700000 (ACPI NVS)
[    0.000000]  BIOS-e820: 000000003d700000 - 000000003e000000 (reserved)
[    0.000000]  BIOS-e820: 00000000f0000000 - 00000000f4000000 (reserved)
[    0.000000]  BIOS-e820: 00000000fec00000 - 00000000fec10000 (reserved)
[    0.000000]  BIOS-e820: 00000000fed00000 - 00000000fed00400 (reserved)
[    0.000000]  BIOS-e820: 00000000fed14000 - 00000000fed1a000 (reserved)
[    0.000000]  BIOS-e820: 00000000fed1c000 - 00000000fed90000 (reserved)
[    0.000000]  BIOS-e820: 00000000fee00000 - 00000000fee01000 (reserved)
[    0.000000]  BIOS-e820: 00000000ff000000 - 0000000100000000 (reserved)
[    0.000000] DMI present.
[    0.000000] last_pfn = 0x3d6b0 max_arch_pfn = 0x100000
[    0.000000] MTRR default type: uncachable
[    0.000000] MTRR fixed ranges enabled:
[    0.000000]   00000-9FFFF write-back
[    0.000000]   A0000-BFFFF uncachable
[    0.000000]   C0000-CFFFF write-protect
[    0.000000]   D0000-DFFFF uncachable
[    0.000000]   E0000-FFFFF write-protect
[    0.000000] MTRR variable ranges enabled:
[    0.000000]   0 base 03E000000 mask FFE000000 uncachable
[    0.000000]   1 base 000000000 mask FC0000000 write-back
[    0.000000]   2 base 03D700000 mask FFFF00000 uncachable
[    0.000000]   3 base 03D800000 mask FFF800000 uncachable
[    0.000000]   4 disabled
[    0.000000]   5 disabled
[    0.000000]   6 disabled
[    0.000000]   7 disabled
[    0.000000] initial memory mapped : 0 - 02000000
[    0.000000] init_memory_mapping: 0000000000000000-00000000377fe000
[    0.000000]  0000000000 - 0000400000 page 4k
[    0.000000]  0000400000 - 0037400000 page 2M
[    0.000000]  0037400000 - 00377fe000 page 4k
[    0.000000] kernel direct mapping tables up to 377fe000 @ 7000-c000
[    0.000000] ACPI: RSDP 000f68d0 00024 (v02 LENOVO)
[    0.000000] ACPI: XSDT 3d6bb77f 00094 (v01 LENOVO TP-7L    00002170  LTP 00000000)
[    0.000000] ACPI: FACP 3d6bb900 000F4 (v03 LENOVO TP-7L    00002170 LNVO 00000001)
[    0.000000] ACPI Warning: 32/64X length mismatch in Gpe1Block: 0/32 (20090903/tbfadt-526)
[    0.000000] ACPI Warning: Optional field Gpe1Block has zero address or length: 000000000000102C/0 (20090903/tbfadt-557)
[    0.000000] ACPI: DSDT 3d6bbd1d 0FED1 (v01 LENOVO TP-7L    00002170 MSFT 03000000)
[    0.000000] ACPI: FACS 3d6e4000 00040
[    0.000000] ACPI: SSDT 3d6bbab4 00269 (v01 LENOVO TP-7L    00002170 MSFT 03000000)
[    0.000000] ACPI: ECDT 3d6cbbee 00052 (v01 LENOVO TP-7L    00002170 LNVO 00000001)
[    0.000000] ACPI: TCPA 3d6cbc40 00032 (v02 LENOVO TP-7L    00002170 LNVO 00000001)
[    0.000000] ACPI: APIC 3d6cbc72 00068 (v01 LENOVO TP-7L    00002170 LNVO 00000001)
[    0.000000] ACPI: MCFG 3d6cbcda 0003C (v01 LENOVO TP-7L    00002170 LNVO 00000001)
[    0.000000] ACPI: HPET 3d6cbd16 00038 (v01 LENOVO TP-7L    00002170 LNVO 00000001)
[    0.000000] ACPI: SLIC 3d6cbdf0 00176 (v01 LENOVO TP-7L    00002170  LTP 00000000)
[    0.000000] ACPI: BOOT 3d6cbf66 00028 (v01 LENOVO TP-7L    00002170  LTP 00000001)
[    0.000000] ACPI: ASF! 3d6cbf8e 00072 (v16 LENOVO TP-7L    00002170 PTL  00000001)
[    0.000000] ACPI: SSDT 3d6e26d9 0025F (v01 LENOVO TP-7L    00002170 INTL 20050513)
[    0.000000] ACPI: SSDT 3d6e2938 000A6 (v01 LENOVO TP-7L    00002170 INTL 20050513)
[    0.000000] ACPI: SSDT 3d6e29de 004F7 (v01 LENOVO TP-7L    00002170 INTL 20050513)
[    0.000000] ACPI: SSDT 3d6e2ed5 001D8 (v01 LENOVO TP-7L    00002170 INTL 20050513)
[    0.000000] ACPI: DMI detected: Lenovo ThinkPad R61
[    0.000000] ACPI: Added _OSI(Linux)
[    0.000000] ACPI: Local APIC address 0xfee00000
[    0.000000] 94MB HIGHMEM available.
[    0.000000] 887MB LOWMEM available.
[    0.000000]   mapped low ram: 0 - 377fe000
[    0.000000]   low ram: 0 - 377fe000
[    0.000000]   node 0 low ram: 00000000 - 377fe000
[    0.000000]   node 0 bootmap 00008000 - 0000ef00
[    0.000000] (6 early reservations) ==> bootmem [0000000000 - 00377fe000]
[    0.000000]   #0 [0000000000 - 0000001000]   BIOS data page ==> [0000000000 - 0000001000]
[    0.000000]   #1 [0001000000 - 0001bdc180]    TEXT DATA BSS ==> [0001000000 - 0001bdc180]
[    0.000000]   #2 [000009d800 - 0000100000]    BIOS reserved ==> [000009d800 - 0000100000]
[    0.000000]   #3 [0001bdd000 - 0001be516c]              BRK ==> [0001bdd000 - 0001be516c]
[    0.000000]   #4 [0000007000 - 0000008000]          PGTABLE ==> [0000007000 - 0000008000]
[    0.000000]   #5 [0000008000 - 000000f000]          BOOTMAP ==> [0000008000 - 000000f000]
[    0.000000] found SMP MP-table at [c00f6900] f6900
[    0.000000] Zone PFN ranges:
[    0.000000]   DMA      0x00000000 -> 0x00001000
[    0.000000]   Normal   0x00001000 -> 0x000377fe
[    0.000000]   HighMem  0x000377fe -> 0x0003d6b0
[    0.000000] Movable zone start PFN for each node
[    0.000000] early_node_map[2] active PFN ranges
[    0.000000]     0: 0x00000000 -> 0x0000009d
[    0.000000]     0: 0x00000100 -> 0x0003d6b0
[    0.000000] On node 0 totalpages: 251469
[    0.000000] free_area_init_node: node 0, pgdat c1901ea0, node_mem_map c1be7000
[    0.000000]   DMA zone: 32 pages used for memmap
[    0.000000]   DMA zone: 0 pages reserved
[    0.000000]   DMA zone: 3965 pages, LIFO batch:0
[    0.000000]   Normal zone: 1744 pages used for memmap
[    0.000000]   Normal zone: 221486 pages, LIFO batch:31
[    0.000000]   HighMem zone: 190 pages used for memmap
[    0.000000]   HighMem zone: 24052 pages, LIFO batch:3
[    0.000000] Using APIC driver default
[    0.000000] ACPI: PM-Timer IO Port: 0x1008
[    0.000000] ACPI: Local APIC address 0xfee00000
[    0.000000] ACPI: LAPIC (acpi_id[0x00] lapic_id[0x00] enabled)
[    0.000000] ACPI: LAPIC (acpi_id[0x01] lapic_id[0x01] enabled)
[    0.000000] ACPI: NR_CPUS/possible_cpus limit of 1 reached.  Processor 1/0x1 ignored.
[    0.000000] ACPI: LAPIC_NMI (acpi_id[0x00] high edge lint[0x1])
[    0.000000] ACPI: LAPIC_NMI (acpi_id[0x01] high edge lint[0x1])
[    0.000000] ACPI: IOAPIC (id[0x01] address[0xfec00000] gsi_base[0])
[    0.000000] IOAPIC[0]: apic_id 1, version 32, address 0xfec00000, GSI 0-23
[    0.000000] ACPI: INT_SRC_OVR (bus 0 bus_irq 0 global_irq 2 dfl dfl)
[    0.000000] ACPI: INT_SRC_OVR (bus 0 bus_irq 9 global_irq 9 high level)
[    0.000000] ACPI: IRQ0 used by override.
[    0.000000] ACPI: IRQ2 used by override.
[    0.000000] ACPI: IRQ9 used by override.
[    0.000000] Using ACPI (MADT) for SMP configuration information
[    0.000000] ACPI: HPET id: 0x8086a201 base: 0xfed00000
[    0.000000] nr_irqs_gsi: 24
[    0.000000] PM: Registered nosave memory: 000000000009d000 - 000000000009e000
[    0.000000] PM: Registered nosave memory: 000000000009e000 - 00000000000a0000
[    0.000000] PM: Registered nosave memory: 00000000000a0000 - 00000000000d2000
[    0.000000] PM: Registered nosave memory: 00000000000d2000 - 00000000000d4000
[    0.000000] PM: Registered nosave memory: 00000000000d4000 - 00000000000e0000
[    0.000000] PM: Registered nosave memory: 00000000000e0000 - 0000000000100000
[    0.000000] Allocating PCI resources starting at 3e000000 (gap: 3e000000:b2000000)
[    0.000000] Built 1 zonelists in Zone order, mobility grouping on.  Total pages: 249503
[    0.000000] Kernel command line: auto BOOT_IMAGE=Linux ro root=802 vt.default_utf8=0 maxcpus=0
[    0.000000] PID hash table entries: 4096 (order: 2, 16384 bytes)
[    0.000000] Dentry cache hash table entries: 131072 (order: 7, 524288 bytes)
[    0.000000] Inode-cache hash table entries: 65536 (order: 6, 262144 bytes)
[    0.000000] Enabling fast FPU save and restore... done.
[    0.000000] Enabling unmasked SIMD FPU exception support... done.
[    0.000000] Initializing CPU#0
[    0.000000] Initializing HighMem for node 0 (000377fe:0003d6b0)
[    0.000000] Memory: 984800k/1006272k available (6915k kernel code, 20876k reserved, 2327k data, 448k init, 96968k highmem)
[    0.000000] virtual kernel memory layout:
[    0.000000]     fixmap  : 0xfffa3000 - 0xfffff000   ( 368 kB)
[    0.000000]     pkmap   : 0xff800000 - 0xffc00000   (4096 kB)
[    0.000000]     vmalloc : 0xf7ffe000 - 0xff7fe000   ( 120 MB)
[    0.000000]     lowmem  : 0xc0000000 - 0xf77fe000   ( 887 MB)
[    0.000000]       .init : 0xc1907000 - 0xc1977000   ( 448 kB)
[    0.000000]       .data : 0xc16c0d3f - 0xc1906c64   (2327 kB)
[    0.000000]       .text : 0xc1000000 - 0xc16c0d3f   (6915 kB)
[    0.000000] Checking if this processor honours the WP bit even in supervisor mode...Ok.
[    0.000000] SLUB: Genslabs=13, HWalign=64, Order=0-3, MinObjects=0, CPUs=1, Nodes=1
[    0.000000] Hierarchical RCU implementation.
[    0.000000] NR_IRQS:288
[    0.000000] Extended CMOS year: 2000
[    0.000000] Console: colour VGA+ 80x25
[    0.000000] console [tty0] enabled
[    0.000000] hpet clockevent registered
[    0.000000] Fast TSC calibration using PIT
[    0.000000] Detected 2094.946 MHz processor.
[    0.001002] Calibrating delay loop (skipped), value calculated using timer frequency.. 4189.89 BogoMIPS (lpj=2094946)
[    0.001171] Security Framework initialized
[    0.002006] Mount-cache hash table entries: 512
[    0.002153] CPU: L1 I cache: 32K, L1 D cache: 32K
[    0.002281] CPU: L2 cache: 3072K
[    0.002364] mce: CPU supports 6 MCE banks
[    0.002449] CPU0: Thermal monitoring enabled (TM2)
[    0.002537] using mwait in idle threads.
[    0.002622] CPU: Intel(R) Core(TM)2 Duo CPU     T8100  @ 2.10GHz stepping 06
[    0.002793] Checking 'hlt' instruction... OK.
[    0.006937] ACPI: Core revision 20090903
[    0.026013] RANDOM get_random_int first call with cycles 38462538901, jiffies 4294667322 and pid 0
[    0.026020] CANARY value: 519a6f51 for PID: 1
[    0.026027] CANARY value: 26a5925b for PID: 2
[    0.026049] Enabling APIC mode:  Flat.  Using 1 I/O APICs
[    0.026508] ..TIMER: vector=0x30 apic1=0 pin1=2 apic2=-1 pin2=-1
[    0.036997] xor: automatically using best checksumming function: pIII_sse
[    0.040998]    pIII_sse  :  8568.000 MB/sec
[    0.041089] xor: using function: pIII_sse (8568.000 MB/sec)
[    0.041185] RANDOM - __seed init called.
[    0.041186] RANDOM - __seed init called.
[    0.041186] RANDOM - __seed init called.
[    0.041188] RANDOM - __random32 called. Change num 1.  Value: e6b75c0e	845fdb3c	4764ecc7
[    0.041190] RANDOM - __random32 called. Change num 2.  Value: 75c0e1a6	45fdb3ca	d98f8871
[    0.041192] RANDOM - __random32 called. Change num 3.  Value: e1a6d3e	5fdb3ca9	10e2be79
[    0.041194] RANDOM - __random32 called. Change num 4.  Value: a6d3e877	fdb3ca90	7cf2fee9
[    0.041195] RANDOM - __random32 called. Change num 5.  Value: 3e877b7b	db3ca905	fdd36ca1
[    0.041197] RANDOM - __random32 called. Change num 6.  Value: 77b7ba3d	b3ca905b	d9426901
[    0.041199] RANDOM - random32 init called.  Value: 77b7ba3d	b3ca905b	d9426901
[    0.041216] NET: Registered protocol family 16
[    0.041479] ACPI FADT declares the system doesn't support PCIe ASPM, so disable it
[    0.041598] ACPI: bus type pci registered
[    0.041763] PCI: MCFG configuration 0: base f0000000 segment 0 buses 0 - 63
[    0.041853] PCI: MCFG area at f0000000 reserved in E820
[    0.041942] PCI: Using MMCONFIG for extended config space
[    0.042002] PCI: Using configuration type 1 for base access
[    0.045133] bio: create slab <bio-0> at 0
[    0.045945] ACPI: EC: EC description table is found, configuring boot EC
[    0.051121] ACPI: BIOS _OSI(Linux) query honored via DMI
[    0.051844] random 0000 0000 0000 00000000 00000000: rand_read_num 2 get_random_bytes(8): sig fffffe1a 00000000 00000000
[    0.051847] random 0000 0000 0000 00000000 00000000: extract_entropy(.. 8 ..)
[    0.051850] random 0000 0000 0000 00000000 00000000: going to reseed nonblocking with 64 bits (64 of 0 requested)
[    0.051852] random 0000 0000 0000 00000000 00000000: extract_entropy(.. 8 ..)
[    0.051854] random 0000 0000 0000 00000000 00000000: trying to extract 64 bits from input
[    0.051856] random 0000 0000 0000 00000000 00000000: debiting 0 entropy credits from input
[    0.051858] random 0000 0000 0000 00000000 00000000: extract_entropy account returned: 0 
[    0.051889] random 0000 0000 0000 00000000 00000000: urand_change_num 3 xfer_secondary_pool(8): pool_sig fffffe1a, data_sig 00000000, bytes_mixed 0 00000000 00000000
[    0.051892] random 0000 0000 0000 00000000 00000000: trying to extract 64 bits from nonblocking
[    0.051895] random 0000 0000 0000 00000000 00000000: debiting 64 entropy credits from nonblocking (unlimited)
[    0.051897] random 0000 0000 0000 00000000 00000000: extract_entropy account returned: 8 
[    0.051901] random 0000 0000 0000 00000000 00000000: urand_change_num 4 extract_buf: pool_sig fffffe1a, data_sig fffffed7, bytes_mixed 20 00000000 00000000
[    0.057419] ACPI: Interpreter enabled
[    0.057506] ACPI: (supports S0 S3 S4 S5)
[    0.057817] ACPI: Using IOAPIC for interrupt routing
[    0.067627] ACPI: EC: GPE = 0x12, I/O: command/status = 0x66, data = 0x62
[    0.067905] ACPI: Power Resource [PUBS] (on)
[    0.070020] ACPI: ACPI Dock Station Driver: 3 docks/bays found
[    0.070433] ACPI: PCI Root Bridge [PCI0] (0000:00)
[    0.070605] pci 0000:00:02.0: reg 10 64bit mmio: [0xf8100000-0xf81fffff]
[    0.070611] pci 0000:00:02.0: reg 18 64bit mmio pref: [0xe0000000-0xefffffff]
[    0.070615] pci 0000:00:02.0: reg 20 io port: [0x1800-0x1807]
[    0.070650] pci 0000:00:02.1: reg 10 64bit mmio: [0xf8200000-0xf82fffff]
[    0.070751] pci 0000:00:19.0: reg 10 32bit mmio: [0xfe000000-0xfe01ffff]
[    0.070758] pci 0000:00:19.0: reg 14 32bit mmio: [0xfe025000-0xfe025fff]
[    0.070768] pci 0000:00:19.0: reg 18 io port: [0x1840-0x185f]
[    0.070833] pci 0000:00:19.0: PME# supported from D0 D3hot D3cold
[    0.070928] pci 0000:00:19.0: PME# disabled
[    0.071062] pci 0000:00:1a.0: reg 20 io port: [0x1860-0x187f]
[    0.071144] pci 0000:00:1a.1: reg 20 io port: [0x1880-0x189f]
[    0.071222] pci 0000:00:1a.7: reg 10 32bit mmio: [0xfe226c00-0xfe226fff]
[    0.071302] pci 0000:00:1a.7: PME# supported from D0 D3hot D3cold
[    0.071401] pci 0000:00:1a.7: PME# disabled
[    0.071553] pci 0000:00:1b.0: reg 10 64bit mmio: [0xfe020000-0xfe023fff]
[    0.071640] pci 0000:00:1b.0: PME# supported from D0 D3hot D3cold
[    0.071730] pci 0000:00:1b.0: PME# disabled
[    0.071929] pci 0000:00:1c.0: PME# supported from D0 D3hot D3cold
[    0.071999] pci 0000:00:1c.0: PME# disabled
[    0.072196] pci 0000:00:1c.1: PME# supported from D0 D3hot D3cold
[    0.072289] pci 0000:00:1c.1: PME# disabled
[    0.072493] pci 0000:00:1c.2: PME# supported from D0 D3hot D3cold
[    0.072588] pci 0000:00:1c.2: PME# disabled
[    0.072786] pci 0000:00:1c.3: PME# supported from D0 D3hot D3cold
[    0.072883] pci 0000:00:1c.3: PME# disabled
[    0.073111] pci 0000:00:1c.4: PME# supported from D0 D3hot D3cold
[    0.073207] pci 0000:00:1c.4: PME# disabled
[    0.074039] pci 0000:00:1d.0: reg 20 io port: [0x18a0-0x18bf]
[    0.074133] pci 0000:00:1d.1: reg 20 io port: [0x18c0-0x18df]
[    0.074209] pci 0000:00:1d.2: reg 20 io port: [0x18e0-0x18ff]
[    0.074304] pci 0000:00:1d.7: reg 10 32bit mmio: [0xfe227000-0xfe2273ff]
[    0.074404] pci 0000:00:1d.7: PME# supported from D0 D3hot D3cold
[    0.074501] pci 0000:00:1d.7: PME# disabled
[    0.074799] pci 0000:00:1f.0: quirk: region 1000-107f claimed by ICH6 ACPI/GPIO/TCO
[    0.074928] pci 0000:00:1f.0: quirk: region 1180-11bf claimed by ICH6 GPIO
[    0.074998] pci 0000:00:1f.0: ICH7 LPC Generic IO decode 1 PIO at 1600 (mask 007f)
[    0.075124] pci 0000:00:1f.0: ICH7 LPC Generic IO decode 2 PIO at 15e0 (mask 000f)
[    0.075249] pci 0000:00:1f.0: ICH7 LPC Generic IO decode 3 PIO at 1680 (mask 001f)
[    0.075446] pci 0000:00:1f.1: reg 10 io port: [0x00-0x07]
[    0.075456] pci 0000:00:1f.1: reg 14 io port: [0x00-0x03]
[    0.075463] pci 0000:00:1f.1: reg 18 io port: [0x00-0x07]
[    0.075472] pci 0000:00:1f.1: reg 1c io port: [0x00-0x03]
[    0.075484] pci 0000:00:1f.1: reg 20 io port: [0x1c00-0x1c0f]
[    0.075571] pci 0000:00:1f.2: reg 10 io port: [0x1c50-0x1c57]
[    0.075579] pci 0000:00:1f.2: reg 14 io port: [0x1c44-0x1c47]
[    0.075588] pci 0000:00:1f.2: reg 18 io port: [0x1c48-0x1c4f]
[    0.075595] pci 0000:00:1f.2: reg 1c io port: [0x1c40-0x1c43]
[    0.075604] pci 0000:00:1f.2: reg 20 io port: [0x1c20-0x1c3f]
[    0.075613] pci 0000:00:1f.2: reg 24 32bit mmio: [0xfe226000-0xfe2267ff]
[    0.075670] pci 0000:00:1f.2: PME# supported from D3hot
[    0.075766] pci 0000:00:1f.2: PME# disabled
[    0.075885] pci 0000:00:1f.3: reg 10 32bit mmio: [0xfe227400-0xfe2274ff]
[    0.075908] pci 0000:00:1f.3: reg 20 io port: [0x1c60-0x1c7f]
[    0.076028] pci 0000:00:1c.0: bridge io port: [0x2000-0x2fff]
[    0.076034] pci 0000:00:1c.0: bridge 32bit mmio: [0xfc000000-0xfdffffff]
[    0.076046] pci 0000:00:1c.0: bridge 64bit mmio pref: [0xf8000000-0xf80fffff]
[    0.076116] pci 0000:03:00.0: reg 10 64bit mmio: [0xdf3f0000-0xdf3fffff]
[    0.076310] pci 0000:00:1c.1: bridge io port: [0x3000-0x3fff]
[    0.076314] pci 0000:00:1c.1: bridge 32bit mmio: [0xdc000000-0xdf3fffff]
[    0.076323] pci 0000:00:1c.1: bridge 64bit mmio pref: [0xdfe00000-0xdfefffff]
[    0.076387] pci 0000:00:1c.2: bridge io port: [0x4000-0x4fff]
[    0.076393] pci 0000:00:1c.2: bridge 32bit mmio: [0xd8000000-0xd9ffffff]
[    0.076402] pci 0000:00:1c.2: bridge 64bit mmio pref: [0xdfb00000-0xdfbfffff]
[    0.076458] pci 0000:00:1c.3: bridge io port: [0x5000-0x5fff]
[    0.076464] pci 0000:00:1c.3: bridge 32bit mmio: [0xd4000000-0xd5ffffff]
[    0.076474] pci 0000:00:1c.3: bridge 64bit mmio pref: [0xdf800000-0xdf8fffff]
[    0.076527] pci 0000:00:1c.4: bridge io port: [0x6000-0x6fff]
[    0.076533] pci 0000:00:1c.4: bridge 32bit mmio: [0xd0000000-0xd1ffffff]
[    0.076543] pci 0000:00:1c.4: bridge 64bit mmio pref: [0xdf500000-0xdf5fffff]
[    0.076598] pci 0000:15:00.0: reg 10 32bit mmio: [0xf8300000-0xf8300fff]
[    0.076646] pci 0000:15:00.0: supports D1 D2
[    0.076647] pci 0000:15:00.0: PME# supported from D0 D1 D2 D3hot D3cold
[    0.076746] pci 0000:15:00.0: PME# disabled
[    0.076900] pci 0000:15:00.1: reg 10 32bit mmio: [0xf8301000-0xf83017ff]
[    0.077001] pci 0000:15:00.1: supports D1 D2
[    0.077003] pci 0000:15:00.1: PME# supported from D0 D1 D2 D3hot D3cold
[    0.077097] pci 0000:15:00.1: PME# disabled
[    0.077271] pci 0000:00:1e.0: transparent bridge
[    0.077362] pci 0000:00:1e.0: bridge io port: [0x7000-0xafff]
[    0.077368] pci 0000:00:1e.0: bridge 32bit mmio: [0xf8300000-0xfbffffff]
[    0.077377] pci 0000:00:1e.0: bridge 64bit mmio pref: [0xf4000000-0xf7ffffff]
[    0.077449] pci_bus 0000:00: on NUMA node 0
[    0.077453] ACPI: PCI Interrupt Routing Table [\_SB_.PCI0._PRT]
[    0.077587] ACPI: PCI Interrupt Routing Table [\_SB_.PCI0.EXP0._PRT]
[    0.077646] ACPI: PCI Interrupt Routing Table [\_SB_.PCI0.EXP1._PRT]
[    0.077704] ACPI: PCI Interrupt Routing Table [\_SB_.PCI0.EXP2._PRT]
[    0.077762] ACPI: PCI Interrupt Routing Table [\_SB_.PCI0.EXP3._PRT]
[    0.077825] ACPI: PCI Interrupt Routing Table [\_SB_.PCI0.EXP4._PRT]
[    0.077887] ACPI: PCI Interrupt Routing Table [\_SB_.PCI0.PCI1._PRT]
[    0.083354] ACPI: PCI Interrupt Link [LNKA] (IRQs 3 4 5 6 7 9 *10 11)
[    0.084148] ACPI: PCI Interrupt Link [LNKB] (IRQs 3 4 5 6 7 9 10 *11)
[    0.084939] ACPI: PCI Interrupt Link [LNKC] (IRQs 3 4 5 6 7 9 10 *11)
[    0.085715] ACPI: PCI Interrupt Link [LNKD] (IRQs 3 4 5 6 7 9 10 *11)
[    0.086510] ACPI: PCI Interrupt Link [LNKE] (IRQs 3 4 5 6 7 9 10 *11)
[    0.087292] ACPI: PCI Interrupt Link [LNKF] (IRQs 3 4 5 6 7 9 10 *11)
[    0.088112] ACPI: PCI Interrupt Link [LNKG] (IRQs 3 4 5 6 7 9 10 *11)
[    0.088903] ACPI: PCI Interrupt Link [LNKH] (IRQs 3 4 5 6 7 9 10 *11)
[    0.089641] vgaarb: device added: PCI:0000:00:02.0,decodes=io+mem,owns=io+mem,locks=none
[    0.089767] vgaarb: loaded
[    0.089946] SCSI subsystem initialized
[    0.090008] libata version 3.00 loaded.
[    0.090055] usbcore: registered new interface driver usbfs
[    0.090181] usbcore: registered new interface driver hub
[    0.090297] usbcore: registered new device driver usb
[    0.107047] raid6: int32x1    941 MB/s
[    0.123990] raid6: int32x2    886 MB/s
[    0.141068] raid6: int32x4    750 MB/s
[    0.157990] raid6: int32x8    656 MB/s
[    0.174987] raid6: mmxx1     2878 MB/s
[    0.191986] raid6: mmxx2     3253 MB/s
[    0.209002] raid6: sse1x1    1937 MB/s
[    0.225998] raid6: sse1x2    2535 MB/s
[    0.242990] raid6: sse2x1    3515 MB/s
[    0.259976] raid6: sse2x2    3828 MB/s
[    0.260062] raid6: using algorithm sse2x2 (3828 MB/s)
[    0.260153] PCI: Using ACPI for IRQ routing
[    0.260456] HPET: 3 timers in total, 0 timers will be used for per-cpu timer
[    0.260987] Switching to clocksource tsc
[    0.261088] pnp: PnP ACPI init
[    0.261180] ACPI: bus type pnp registered
[    0.264822] pnp: PnP ACPI: found 11 devices
[    0.264924] ACPI: ACPI bus type pnp unregistered
[    0.265021] system 00:00: iomem range 0x0-0x9ffff could not be reserved
[    0.265111] system 00:00: iomem range 0xc0000-0xc3fff could not be reserved
[    0.265200] system 00:00: iomem range 0xc4000-0xc7fff could not be reserved
[    0.265292] system 00:00: iomem range 0xc8000-0xcbfff has been reserved
[    0.265384] system 00:00: iomem range 0xcc000-0xcffff has been reserved
[    0.265474] system 00:00: iomem range 0xd0000-0xd3fff could not be reserved
[    0.265568] system 00:00: iomem range 0xe0000-0xe3fff could not be reserved
[    0.265659] system 00:00: iomem range 0xe4000-0xe7fff could not be reserved
[    0.265754] system 00:00: iomem range 0xe8000-0xebfff could not be reserved
[    0.265845] system 00:00: iomem range 0xec000-0xeffff could not be reserved
[    0.265948] system 00:00: iomem range 0xf0000-0xfffff could not be reserved
[    0.266039] system 00:00: iomem range 0x100000-0x3dffffff could not be reserved
[    0.266161] system 00:00: iomem range 0xfec00000-0xfed3ffff could not be reserved
[    0.266281] system 00:00: iomem range 0xfed4c000-0xffffffff could not be reserved
[    0.266409] system 00:02: ioport range 0x164e-0x164f has been reserved
[    0.266503] system 00:02: ioport range 0x1000-0x107f has been reserved
[    0.266594] system 00:02: ioport range 0x1180-0x11bf has been reserved
[    0.266685] system 00:02: ioport range 0x800-0x80f has been reserved
[    0.266773] system 00:02: ioport range 0x15e0-0x15ef has been reserved
[    0.266864] system 00:02: ioport range 0x1600-0x165f could not be reserved
[    0.266955] system 00:02: iomem range 0xf0000000-0xf3ffffff has been reserved
[    0.267052] system 00:02: iomem range 0xfed1c000-0xfed1ffff has been reserved
[    0.267146] system 00:02: iomem range 0xfed14000-0xfed17fff has been reserved
[    0.267238] system 00:02: iomem range 0xfed18000-0xfed18fff has been reserved
[    0.267330] system 00:02: iomem range 0xfed19000-0xfed19fff has been reserved
[    0.267422] system 00:02: iomem range 0xfed45000-0xfed4bfff has been reserved
[    0.302462] pci 0000:00:1c.0: PCI bridge, secondary bus 0000:02
[    0.302555] pci 0000:00:1c.0:   IO window: 0x2000-0x2fff
[    0.302649] pci 0000:00:1c.0:   MEM window: 0xfc000000-0xfdffffff
[    0.302743] pci 0000:00:1c.0:   PREFETCH window: 0x000000f8000000-0x000000f80fffff
[    0.302872] pci 0000:00:1c.1: PCI bridge, secondary bus 0000:03
[    0.302966] pci 0000:00:1c.1:   IO window: 0x3000-0x3fff
[    0.303063] pci 0000:00:1c.1:   MEM window: 0xdc000000-0xdf3fffff
[    0.303156] pci 0000:00:1c.1:   PREFETCH window: 0x000000dfe00000-0x000000dfefffff
[    0.303283] pci 0000:00:1c.2: PCI bridge, secondary bus 0000:04
[    0.303375] pci 0000:00:1c.2:   IO window: 0x4000-0x4fff
[    0.303470] pci 0000:00:1c.2:   MEM window: 0xd8000000-0xd9ffffff
[    0.303564] pci 0000:00:1c.2:   PREFETCH window: 0x000000dfb00000-0x000000dfbfffff
[    0.303693] pci 0000:00:1c.3: PCI bridge, secondary bus 0000:05
[    0.303784] pci 0000:00:1c.3:   IO window: 0x5000-0x5fff
[    0.303883] pci 0000:00:1c.3:   MEM window: 0xd4000000-0xd5ffffff
[    0.303976] pci 0000:00:1c.3:   PREFETCH window: 0x000000df800000-0x000000df8fffff
[    0.304102] pci 0000:00:1c.4: PCI bridge, secondary bus 0000:0d
[    0.304193] pci 0000:00:1c.4:   IO window: 0x6000-0x6fff
[    0.304284] pci 0000:00:1c.4:   MEM window: 0xd0000000-0xd1ffffff
[    0.304378] pci 0000:00:1c.4:   PREFETCH window: 0x000000df500000-0x000000df5fffff
[    0.304507] pci 0000:15:00.0: CardBus bridge, secondary bus 0000:16
[    0.304600] pci 0000:15:00.0:   IO window: 0x007000-0x0070ff
[    0.304695] pci 0000:15:00.0:   IO window: 0x007400-0x0074ff
[    0.304792] pci 0000:15:00.0:   PREFETCH window: 0xf4000000-0xf7ffffff
[    0.304893] pci 0000:15:00.0:   MEM window: 0x40000000-0x43ffffff
[    0.304987] pci 0000:00:1e.0: PCI bridge, secondary bus 0000:15
[    0.305081] pci 0000:00:1e.0:   IO window: 0x7000-0xafff
[    0.305172] pci 0000:00:1e.0:   MEM window: 0xf8300000-0xfbffffff
[    0.305266] pci 0000:00:1e.0:   PREFETCH window: 0x000000f4000000-0x000000f7ffffff
[    0.305401] pci 0000:00:1c.0: PCI INT A -> GSI 20 (level, low) -> IRQ 20
[    0.305499] pci 0000:00:1c.0: setting latency timer to 64
[    0.305512] pci 0000:00:1c.1: PCI INT B -> GSI 21 (level, low) -> IRQ 21
[    0.305606] pci 0000:00:1c.1: setting latency timer to 64
[    0.305620] pci 0000:00:1c.2: PCI INT C -> GSI 22 (level, low) -> IRQ 22
[    0.305714] pci 0000:00:1c.2: setting latency timer to 64
[    0.305728] pci 0000:00:1c.3: PCI INT D -> GSI 23 (level, low) -> IRQ 23
[    0.305825] pci 0000:00:1c.3: setting latency timer to 64
[    0.305835] pci 0000:00:1c.4: PCI INT A -> GSI 20 (level, low) -> IRQ 20
[    0.305934] pci 0000:00:1c.4: setting latency timer to 64
[    0.305942] pci 0000:00:1e.0: enabling device (0005 -> 0007)
[    0.306035] pci 0000:00:1e.0: setting latency timer to 64
[    0.306050] pci 0000:15:00.0: PCI INT A -> GSI 16 (level, low) -> IRQ 16
[    0.306142] pci 0000:15:00.0: setting latency timer to 64
[    0.306148] pci_bus 0000:00: resource 0 io:  [0x00-0xffff]
[    0.306150] pci_bus 0000:00: resource 1 mem: [0x000000-0xffffffff]
[    0.306152] pci_bus 0000:02: resource 0 io:  [0x2000-0x2fff]
[    0.306154] pci_bus 0000:02: resource 1 mem: [0xfc000000-0xfdffffff]
[    0.306155] pci_bus 0000:02: resource 2 pref mem [0xf8000000-0xf80fffff]
[    0.306157] pci_bus 0000:03: resource 0 io:  [0x3000-0x3fff]
[    0.306159] pci_bus 0000:03: resource 1 mem: [0xdc000000-0xdf3fffff]
[    0.306161] pci_bus 0000:03: resource 2 pref mem [0xdfe00000-0xdfefffff]
[    0.306163] pci_bus 0000:04: resource 0 io:  [0x4000-0x4fff]
[    0.306165] pci_bus 0000:04: resource 1 mem: [0xd8000000-0xd9ffffff]
[    0.306167] pci_bus 0000:04: resource 2 pref mem [0xdfb00000-0xdfbfffff]
[    0.306169] pci_bus 0000:05: resource 0 io:  [0x5000-0x5fff]
[    0.306171] pci_bus 0000:05: resource 1 mem: [0xd4000000-0xd5ffffff]
[    0.306172] pci_bus 0000:05: resource 2 pref mem [0xdf800000-0xdf8fffff]
[    0.306174] pci_bus 0000:0d: resource 0 io:  [0x6000-0x6fff]
[    0.306176] pci_bus 0000:0d: resource 1 mem: [0xd0000000-0xd1ffffff]
[    0.306178] pci_bus 0000:0d: resource 2 pref mem [0xdf500000-0xdf5fffff]
[    0.306180] pci_bus 0000:15: resource 0 io:  [0x7000-0xafff]
[    0.306182] pci_bus 0000:15: resource 1 mem: [0xf8300000-0xfbffffff]
[    0.306184] pci_bus 0000:15: resource 2 pref mem [0xf4000000-0xf7ffffff]
[    0.306185] pci_bus 0000:15: resource 3 io:  [0x00-0xffff]
[    0.306187] pci_bus 0000:15: resource 4 mem: [0x000000-0xffffffff]
[    0.306189] pci_bus 0000:16: resource 0 io:  [0x7000-0x70ff]
[    0.306191] pci_bus 0000:16: resource 1 io:  [0x7400-0x74ff]
[    0.306193] pci_bus 0000:16: resource 2 pref mem [0xf4000000-0xf7ffffff]
[    0.306195] pci_bus 0000:16: resource 3 mem: [0x40000000-0x43ffffff]
[    0.306202] NET: Registered protocol family 2
[    0.306290] RANDOM - __random32 called. Change num 7.  Value: 7ba3d01e	3ca905be	d2026a24
[    0.306292] RANDOM - random32 called.  Value: 7ba3d01e	3ca905be	d2026a24
[    0.306297] random 0000 0000 0000 5f8db4e5 4cfdf2a8: rand_read_num 3 get_random_bytes(4): sig fffffb64 5f8db4e5 4cfdf2a8
[    0.306299] random 0000 0000 0000 5f8db4e5 4cfdf2a8: extract_entropy(.. 4 ..)
[    0.306302] random 0000 0000 0000 5f8db4e5 4cfdf2a8: going to reseed nonblocking with 64 bits (32 of 0 requested)
[    0.306304] random 0000 0000 0000 5f8db4e5 4cfdf2a8: extract_entropy(.. 8 ..)
[    0.306306] random 0000 0000 0000 5f8db4e5 4cfdf2a8: trying to extract 64 bits from input
[    0.306308] random 0000 0000 0000 5f8db4e5 4cfdf2a8: debiting 0 entropy credits from input
[    0.306310] random 0000 0000 0000 5f8db4e5 4cfdf2a8: extract_entropy account returned: 0 
[    0.306313] random 0000 0000 0000 5f8db4e5 4cfdf2a8: urand_change_num 5 xfer_secondary_pool(4): pool_sig fffffb64, data_sig 00000000, bytes_mixed 0 5f8db4e5 4cfdf2a8
[    0.306316] random 0000 0000 0000 5f8db4e5 4cfdf2a8: trying to extract 32 bits from nonblocking
[    0.306318] random 0000 0000 0000 5f8db4e5 4cfdf2a8: debiting 32 entropy credits from nonblocking (unlimited)
[    0.306321] random 0000 0000 0000 5f8db4e5 4cfdf2a8: extract_entropy account returned: 4 
[    0.306325] random 0000 0000 0000 5f8db4e5 4cfdf2a8: urand_change_num 6 extract_buf: pool_sig fffffb64, data_sig 00000241, bytes_mixed 20 5f8db4e5 4cfdf2a8
[    0.306334] IP route cache hash table entries: 32768 (order: 5, 131072 bytes)
[    0.306468] RANDOM - __random32 called. Change num 8.  Value: 3d01e034	ca905be7	d4484227
[    0.306470] RANDOM - random32 called.  Value: 3d01e034	ca905be7	d4484227
[    0.306480] RANDOM - __random32 called. Change num 9.  Value: 1e034020	a905be70	844ec14a
[    0.306482] RANDOM - random32 called.  Value: 1e034020	a905be70	844ec14a
[    0.306484] RANDOM - __random32 called. Change num 10.  Value: 34020ec0	905be706	8294c719
[    0.306486] RANDOM - random32 called.  Value: 34020ec0	905be706	8294c719
[    0.306496] RANDOM - __random32 called. Change num 11.  Value: 20ec0ebb	5be7068	8e32c65f
[    0.306498] RANDOM - random32 called.  Value: 20ec0ebb	5be7068	8e32c65f
[    0.306508] TCP established hash table entries: 131072 (order: 8, 1048576 bytes)
[    0.307000] TCP bind hash table entries: 65536 (order: 6, 262144 bytes)
[    0.307184] TCP: Hash tables configured (established 131072 bind 65536)
[    0.307275] TCP reno registered
[    0.307387] NET: Registered protocol family 1
[    0.307500] RPC: Registered udp transport module.
[    0.307590] RPC: Registered tcp transport module.
[    0.307680] RPC: Registered tcp NFSv4.1 backchannel transport module.
[    0.307779] pci 0000:00:02.0: Boot video device
[    0.308012] Simple Boot Flag at 0x35 set to 0x1
[    0.308525] highmem bounce pool size: 64 pages
[    0.310110] VFS: Disk quotas dquot_6.5.2
[    0.310237] Dquot-cache hash table entries: 1024 (order 0, 4096 bytes)
[    0.310911] NTFS driver 2.1.29 [Flags: R/W].
[    0.311071] ROMFS MTD (C) 2007 Red Hat, Inc.
[    0.311280] JFS: nTxBlock = 7695, nTxLock = 61562
[    0.313742] SGI XFS with ACLs, security attributes, large block/inode numbers, no debug enabled
[    0.314241] SGI XFS Quota Management subsystem
[    0.314530] Slow work thread pool: Starting up
[    0.314633] Slow work thread pool: Ready
[    0.314726] GFS2 (built May 24 2013 02:47:17) installed
[    0.314820] msgmni has been set to 1734
[    0.314996] alg: No test for cipher_null (cipher_null-generic)
[    0.315096] alg: No test for ecb(cipher_null) (ecb-cipher_null)
[    0.315197] alg: No test for digest_null (digest_null-generic)
[    0.315294] alg: No test for compress_null (compress_null-generic)
[    0.315843] alg: No test for fcrypt (fcrypt-generic)
[    0.317267] alg: No test for stdrng (krng)
[    0.317357] async_tx: api initialized (async)
[    0.317515] Block layer SCSI generic (bsg) driver version 0.4 loaded (major 254)
[    0.317641] io scheduler noop registered
[    0.317729] io scheduler anticipatory registered
[    0.317818] io scheduler deadline registered
[    0.317966] io scheduler cfq registered (default)
[    0.318206] pcieport 0000:00:1c.0: irq 24 for MSI/MSI-X
[    0.318221] pcieport 0000:00:1c.0: setting latency timer to 64
[    0.318406] pcieport 0000:00:1c.1: irq 25 for MSI/MSI-X
[    0.318417] pcieport 0000:00:1c.1: setting latency timer to 64
[    0.318600] pcieport 0000:00:1c.2: irq 26 for MSI/MSI-X
[    0.318612] pcieport 0000:00:1c.2: setting latency timer to 64
[    0.318788] pcieport 0000:00:1c.3: irq 27 for MSI/MSI-X
[    0.318799] pcieport 0000:00:1c.3: setting latency timer to 64
[    0.318988] pcieport 0000:00:1c.4: irq 28 for MSI/MSI-X
[    0.318999] pcieport 0000:00:1c.4: setting latency timer to 64
[    0.319144] pci_hotplug: PCI Hot Plug PCI Core version: 0.5
[    0.319335] isapnp: Scanning for PnP cards...
[    0.679866] isapnp: No Plug & Play device found
[    0.679959] random 0000 0000 0000 5f8db4e5 4cfdf2a8: initializing
[    0.679961] RANDOM init_std_data for input now value: 1369918013679960484
[    0.679962] RANDOM init_std_data for blocking now value: 1369918013679962489
[    0.679964] RANDOM init_std_data for nonblocking now value: 1369918013679964198
[    0.699536] Serial: 8250/16550 driver, 4 ports, IRQ sharing enabled
[    3.710339] floppy0: no floppy controllers found
[    3.711287] brd: module loaded
[    3.711790] loop: module loaded
[    3.711876] Compaq SMART2 Driver (v 2.6.0)
[    3.711997] HP CISS Driver (v 3.6.20)
[    3.712239] input: Macintosh mouse button emulation as /devices/virtual/input/input0
[    3.712377] Uniform Multi-Platform E-IDE driver
[    3.712606] piix 0000:00:1f.1: IDE controller (0x8086:0x2850 rev 0x03)
[    3.712708] pci 0000:00:1f.1: PCI INT C -> GSI 16 (level, low) -> IRQ 16
[    3.712818] piix 0000:00:1f.1: IDE port disabled
[    3.712920] piix 0000:00:1f.1: not 100% native mode: will probe irqs later
[    3.713019]     ide0: BM-DMA at 0x1c00-0x1c07
[    3.713112] Probing IDE interface ide0...
[    4.384454] hda: HL-DT-ST DVDRAM GSA-U10N, ATAPI CD/DVD-ROM drive
[    4.691218] hda: host max PIO4 wanted PIO255(auto-tune) selected PIO4
[    4.691988] hda: UDMA/33 mode selected
[    4.692449] ide0 at 0x1f0-0x1f7,0x3f6 on irq 14
[    4.696350] ide-gd driver 1.18
[    4.696455] ide-cd driver 5.00
[    4.697840] random 0000 0000 0000 00000000 00000000: add_disk_randomness(0:0) 00000000 00000000
[    4.697844] random 0000 0000 0000 00000000 00000000: add_timer_randomness(.. 256) with jiffies: 5863602512002252410, cycles: 5863602507707580427
[    4.697846] random 0000 0000 0000 00000000 00000000: added 11 entropy credits to input
[    4.697850] ide-cd: hda: ATAPI 24X DVD-ROM DVD-R/RAM CD-R/RW drive, 2048kB Cache
[    4.698297] Uniform CD-ROM driver Revision: 3.20
[    4.701102] random 0011 0000 0000 00000000 00000000: add_disk_randomness(0:0) 00000000 00000000
[    4.701105] random 0011 0000 0000 00000000 00000000: add_timer_randomness(.. 256) with jiffies: 5892962341502025341, cycles: 5892962337207353355
[    4.701108] random 0011 0000 0000 00000000 00000000: added 1 entropy credits to input
[    4.701111] random 0012 0000 0000 00000000 00000000: add_disk_randomness(0:0) 00000000 00000000
[    4.701114] random 0012 0000 0000 00000000 00000000: add_timer_randomness(.. 256) with jiffies: 5893038959423618685, cycles: 5893038955128946699
[    4.703099] random 0012 0000 0000 00000000 00000000: add_disk_randomness(0:0) 00000000 00000000
[    4.703102] random 0012 0000 0000 00000000 00000000: add_timer_randomness(.. 256) with jiffies: 5910925754454736511, cycles: 5910925750160064523
[    4.703104] random 0012 0000 0000 00000000 00000000: added 1 entropy credits to input
[    4.703107] random 0013 0000 0000 00000000 00000000: add_disk_randomness(0:0) 00000000 00000000
[    4.703110] random 0013 0000 0000 00000000 00000000: add_timer_randomness(.. 256) with jiffies: 5911001204145225343, cycles: 5911001199850553355
[    4.705096] random 0013 0000 0000 00000000 00000000: add_disk_randomness(0:0) 00000000 00000000
[    4.705099] random 0013 0000 0000 00000000 00000000: add_timer_randomness(.. 256) with jiffies: 5928894085145001601, cycles: 5928894080850329611
[    4.705101] random 0013 0000 0000 00000000 00000000: added 1 entropy credits to input
[    4.705104] random 0014 0000 0000 00000000 00000000: add_disk_randomness(0:0) 00000000 00000000
[    4.705107] random 0014 0000 0000 00000000 00000000: add_timer_randomness(.. 256) with jiffies: 5928967413121646209, cycles: 5928967408826974219
[    4.705387] Loading iSCSI transport class v2.0-870.
[    4.705671] rdac: device handler registered
[    4.705760] hp_sw: device handler registered
[    4.705845] emc: device handler registered
[    4.705935] alua: device handler registered
[    4.706923] Adaptec aacraid driver 1.1-5[2461]-ms
[    4.707347] scsi: <fdomain> Detection failed (no card)
[    4.707444] sym53c416.c: Version 1.0.0-ac
[    4.707554] qlogicfas: no cards were found, please specify I/O address and IRQ using iobase= and irq= options
[    4.707680] QLogic Fibre Channel HBA Driver: 8.03.01-k6
[    4.707899] iscsi: registered transport (qla4xxx)
[    4.708010] QLogic iSCSI HBA Driver
[    4.708097] Emulex LightPulse Fibre Channel SCSI driver 8.3.4
[    4.708187] Copyright(c) 2004-2009 Emulex.  All rights reserved.
[    4.730199] Failed initialization of WD-7000 SCSI card!
[    4.819493] DC390: clustering now enabled by default. If you get problems load
[    4.819614]        with "disable_clustering=1" and report to maintainers
[    4.819745] megaraid cmm: 2.20.2.7 (Release Date: Sun Jul 16 00:01:03 EST 2006)
[    4.819901] megaraid: 2.20.5.1 (Release Date: Thu Nov 16 15:32:35 EST 2006)
[    4.820012] megasas: 00.00.04.01 Thu July 24 11:41:51 PST 2008
[    4.820148] GDT-HA: Storage RAID Controller Driver. Version: 3.05
[    4.820301] 3ware Storage Controller device driver for Linux v1.26.02.002.
[    4.820411] 3ware 9000 Storage Controller device driver for Linux v2.26.02.012.
[    4.820560] nsp32: loading...
[    4.820666] ipr: IBM Power RAID SCSI Device Driver version: 2.4.3 (June 10, 2009)
[    4.820808] RocketRAID 3xxx/4xxx Controller driver v1.6 (090910)
[    4.820918] stex: Promise SuperTrak EX Driver version: 4.6.0000.3
[    4.821050] st: Version 20081215, fixed bufsize 32768, s/g segs 256
[    4.821248] ahci 0000:00:1f.2: version 3.0
[    4.821266] ahci 0000:00:1f.2: PCI INT B -> GSI 16 (level, low) -> IRQ 16
[    4.821399] ahci 0000:00:1f.2: irq 29 for MSI/MSI-X
[    4.821460] ahci 0000:00:1f.2: AHCI 0001.0100 32 slots 3 ports 1.5 Gbps 0x5 impl SATA mode
[    4.821579] ahci 0000:00:1f.2: flags: 64bit ncq sntf pm led clo pio slum part ccc 
[    4.821705] ahci 0000:00:1f.2: setting latency timer to 64
[    4.821848] scsi2 : ahci
[    4.822004] scsi3 : ahci
[    4.822140] scsi4 : ahci
[    4.822324] ata1: SATA max UDMA/133 abar m2048@0xfe226000 port 0xfe226100 irq 29
[    4.822446] ata2: DUMMY
[    4.822531] ata3: SATA max UDMA/133 abar m2048@0xfe226000 port 0xfe226200 irq 29
[    4.823133] I2O subsystem v1.325
[    4.823234] i2o: max drivers = 8
[    4.823381] I2O Configuration OSM v1.323
[    4.823483] I2O Bus Adapter OSM v1.317
[    4.823587] I2O Block Device OSM v1.325
[    4.823737] I2O SCSI Peripheral OSM v1.316
[    4.823842] I2O ProcFS OSM v1.316
[    4.823947] Fusion MPT base driver 3.04.12
[    4.824032] Copyright (c) 1999-2008 LSI Corporation
[    4.824123] Fusion MPT SPI Host driver 3.04.12
[    4.824279] Fusion MPT FC Host driver 3.04.12
[    4.824392] Fusion MPT SAS Host driver 3.04.12
[    4.824544] ohci1394 0000:15:00.1: PCI INT B -> GSI 17 (level, low) -> IRQ 17
[    4.824638] ohci1394 0000:15:00.1: setting latency timer to 64
[    4.878197] ohci1394: fw-host0: OHCI-1394 1.1 (PCI): IRQ=[17]  MMIO=[f8301000-f83017ff]  Max Packet=[2048]  IR/IT contexts=[4/4]
[    4.881460] ehci_hcd: USB 2.0 'Enhanced' Host Controller (EHCI) Driver
[    4.881733] ehci_hcd 0000:00:1a.7: power state changed by ACPI to D0
[    4.882002] ehci_hcd 0000:00:1a.7: power state changed by ACPI to D0
[    4.882104] ehci_hcd 0000:00:1a.7: PCI INT C -> GSI 22 (level, low) -> IRQ 22
[    4.882211] ehci_hcd 0000:00:1a.7: setting latency timer to 64
[    4.882216] ehci_hcd 0000:00:1a.7: EHCI Host Controller
[    4.882354] ehci_hcd 0000:00:1a.7: new USB bus registered, assigned bus number 1
[    4.886401] ehci_hcd 0000:00:1a.7: cache line size of 32 is not supported
[    4.886410] ehci_hcd 0000:00:1a.7: irq 22, io mem 0xfe226c00
[    4.896155] ehci_hcd 0000:00:1a.7: USB 2.0 started, EHCI 1.00
[    4.896260] usb usb1: New USB device found, idVendor=1d6b, idProduct=0002
[    4.896353] usb usb1: New USB device strings: Mfr=3, Product=2, SerialNumber=1
[    4.896474] usb usb1: Product: EHCI Host Controller
[    4.896559] usb usb1: Manufacturer: Linux 2.6.32.57 ehci_hcd
[    4.896651] usb usb1: SerialNumber: 0000:00:1a.7
[    4.896794] usb usb1: configuration #1 chosen from 1 choice
[    4.896914] hub 1-0:1.0: USB hub found
[    4.897007] hub 1-0:1.0: 4 ports detected
[    4.897303] ehci_hcd 0000:00:1d.7: power state changed by ACPI to D0
[    4.897544] ehci_hcd 0000:00:1d.7: power state changed by ACPI to D0
[    4.897643] ehci_hcd 0000:00:1d.7: PCI INT D -> GSI 19 (level, low) -> IRQ 19
[    4.897738] ehci_hcd 0000:00:1d.7: setting latency timer to 64
[    4.897743] ehci_hcd 0000:00:1d.7: EHCI Host Controller
[    4.897870] ehci_hcd 0000:00:1d.7: new USB bus registered, assigned bus number 2
[    4.898021] ehci_hcd 0000:00:1d.7: debug port 1
[    4.901994] ehci_hcd 0000:00:1d.7: cache line size of 32 is not supported
[    4.902003] ehci_hcd 0000:00:1d.7: irq 19, io mem 0xfe227000
[    4.912154] ehci_hcd 0000:00:1d.7: USB 2.0 started, EHCI 1.00
[    4.912263] usb usb2: New USB device found, idVendor=1d6b, idProduct=0002
[    4.912355] usb usb2: New USB device strings: Mfr=3, Product=2, SerialNumber=1
[    4.912479] usb usb2: Product: EHCI Host Controller
[    4.912570] usb usb2: Manufacturer: Linux 2.6.32.57 ehci_hcd
[    4.912659] usb usb2: SerialNumber: 0000:00:1d.7
[    4.912799] usb usb2: configuration #1 chosen from 1 choice
[    4.912918] hub 2-0:1.0: USB hub found
[    4.913009] hub 2-0:1.0: 6 ports detected
[    4.913189] 116x: driver isp116x-hcd, 03 Nov 2005
[    4.913294] ohci_hcd: USB 1.1 'Open' Host Controller (OHCI) Driver
[    4.913406] uhci_hcd: USB Universal Host Controller Interface driver
[    4.913515] uhci_hcd 0000:00:1a.0: PCI INT A -> GSI 20 (level, low) -> IRQ 20
[    4.913612] uhci_hcd 0000:00:1a.0: setting latency timer to 64
[    4.913615] uhci_hcd 0000:00:1a.0: UHCI Host Controller
[    4.913745] uhci_hcd 0000:00:1a.0: new USB bus registered, assigned bus number 3
[    4.913898] uhci_hcd 0000:00:1a.0: irq 20, io base 0x00001860
[    4.914014] usb usb3: New USB device found, idVendor=1d6b, idProduct=0001
[    4.914106] usb usb3: New USB device strings: Mfr=3, Product=2, SerialNumber=1
[    4.914236] usb usb3: Product: UHCI Host Controller
[    4.914324] usb usb3: Manufacturer: Linux 2.6.32.57 uhci_hcd
[    4.914415] usb usb3: SerialNumber: 0000:00:1a.0
[    4.914551] usb usb3: configuration #1 chosen from 1 choice
[    4.914671] hub 3-0:1.0: USB hub found
[    4.914761] hub 3-0:1.0: 2 ports detected
[    4.915069] uhci_hcd 0000:00:1a.1: power state changed by ACPI to D0
[    4.915321] uhci_hcd 0000:00:1a.1: power state changed by ACPI to D0
[    4.915419] uhci_hcd 0000:00:1a.1: PCI INT B -> GSI 21 (level, low) -> IRQ 21
[    4.915515] uhci_hcd 0000:00:1a.1: setting latency timer to 64
[    4.915518] uhci_hcd 0000:00:1a.1: UHCI Host Controller
[    4.915646] uhci_hcd 0000:00:1a.1: new USB bus registered, assigned bus number 4
[    4.915794] uhci_hcd 0000:00:1a.1: irq 21, io base 0x00001880
[    4.915908] usb usb4: New USB device found, idVendor=1d6b, idProduct=0001
[    4.916001] usb usb4: New USB device strings: Mfr=3, Product=2, SerialNumber=1
[    4.916122] usb usb4: Product: UHCI Host Controller
[    4.916216] usb usb4: Manufacturer: Linux 2.6.32.57 uhci_hcd
[    4.916308] usb usb4: SerialNumber: 0000:00:1a.1
[    4.916443] usb usb4: configuration #1 chosen from 1 choice
[    4.916560] hub 4-0:1.0: USB hub found
[    4.916652] hub 4-0:1.0: 2 ports detected
[    4.916944] uhci_hcd 0000:00:1d.0: power state changed by ACPI to D0
[    4.917199] uhci_hcd 0000:00:1d.0: power state changed by ACPI to D0
[    4.917294] uhci_hcd 0000:00:1d.0: PCI INT A -> GSI 16 (level, low) -> IRQ 16
[    4.917390] uhci_hcd 0000:00:1d.0: setting latency timer to 64
[    4.917393] uhci_hcd 0000:00:1d.0: UHCI Host Controller
[    4.917524] uhci_hcd 0000:00:1d.0: new USB bus registered, assigned bus number 5
[    4.917678] uhci_hcd 0000:00:1d.0: irq 16, io base 0x000018a0
[    4.917794] usb usb5: New USB device found, idVendor=1d6b, idProduct=0001
[    4.917885] usb usb5: New USB device strings: Mfr=3, Product=2, SerialNumber=1
[    4.918006] usb usb5: Product: UHCI Host Controller
[    4.918096] usb usb5: Manufacturer: Linux 2.6.32.57 uhci_hcd
[    4.918194] usb usb5: SerialNumber: 0000:00:1d.0
[    4.918331] usb usb5: configuration #1 chosen from 1 choice
[    4.918449] hub 5-0:1.0: USB hub found
[    4.918543] hub 5-0:1.0: 2 ports detected
[    4.918684] uhci_hcd 0000:00:1d.1: PCI INT B -> GSI 17 (level, low) -> IRQ 17
[    4.918787] uhci_hcd 0000:00:1d.1: setting latency timer to 64
[    4.918789] uhci_hcd 0000:00:1d.1: UHCI Host Controller
[    4.918919] uhci_hcd 0000:00:1d.1: new USB bus registered, assigned bus number 6
[    4.919070] uhci_hcd 0000:00:1d.1: irq 17, io base 0x000018c0
[    4.919192] usb usb6: New USB device found, idVendor=1d6b, idProduct=0001
[    4.919280] usb usb6: New USB device strings: Mfr=3, Product=2, SerialNumber=1
[    4.919402] usb usb6: Product: UHCI Host Controller
[    4.919492] usb usb6: Manufacturer: Linux 2.6.32.57 uhci_hcd
[    4.919583] usb usb6: SerialNumber: 0000:00:1d.1
[    4.919720] usb usb6: configuration #1 chosen from 1 choice
[    4.919835] hub 6-0:1.0: USB hub found
[    4.919926] hub 6-0:1.0: 2 ports detected
[    4.920227] uhci_hcd 0000:00:1d.2: power state changed by ACPI to D0
[    4.920464] uhci_hcd 0000:00:1d.2: power state changed by ACPI to D0
[    4.920568] uhci_hcd 0000:00:1d.2: PCI INT C -> GSI 18 (level, low) -> IRQ 18
[    4.920666] uhci_hcd 0000:00:1d.2: setting latency timer to 64
[    4.920671] uhci_hcd 0000:00:1d.2: UHCI Host Controller
[    4.920800] uhci_hcd 0000:00:1d.2: new USB bus registered, assigned bus number 7
[    4.920954] uhci_hcd 0000:00:1d.2: irq 18, io base 0x000018e0
[    4.921068] usb usb7: New USB device found, idVendor=1d6b, idProduct=0001
[    4.921167] usb usb7: New USB device strings: Mfr=3, Product=2, SerialNumber=1
[    4.921291] usb usb7: Product: UHCI Host Controller
[    4.921384] usb usb7: Manufacturer: Linux 2.6.32.57 uhci_hcd
[    4.921475] usb usb7: SerialNumber: 0000:00:1d.2
[    4.922266] usb usb7: configuration #1 chosen from 1 choice
[    4.922385] hub 7-0:1.0: USB hub found
[    4.922475] hub 7-0:1.0: 2 ports detected
[    4.922637] sl811: driver sl811-hcd, 19 May 2005
[    4.922744] r8a66597_hcd: driver r8a66597_hcd, 2009-05-26
[    4.922916] Initializing USB Mass Storage driver...
[    4.923041] usbcore: registered new interface driver usb-storage
[    4.923133] USB Mass Storage support registered.
[    4.923245] usbcore: registered new interface driver ums-alauda
[    4.923351] usbcore: registered new interface driver ums-cypress
[    4.923461] usbcore: registered new interface driver ums-datafab
[    4.923574] usbcore: registered new interface driver ums-freecom
[    4.923679] usbcore: registered new interface driver ums-isd200
[    4.923789] usbcore: registered new interface driver ums-jumpshot
[    4.923903] usbcore: registered new interface driver ums-karma
[    4.924007] usbcore: registered new interface driver ums-onetouch
[    4.924116] usbcore: registered new interface driver ums-sddr09
[    4.924238] usbcore: registered new interface driver ums-sddr55
[    4.924347] usbcore: registered new interface driver ums-usbat
[    4.924492] PNP: PS/2 Controller [PNP0303:KBD,PNP0f13:MOU] at 0x60,0x64 irq 1,12
[    4.933195] serio: i8042 KBD port at 0x60,0x64 irq 1
[    4.933286] serio: i8042 AUX port at 0x60,0x64 irq 12
[    4.933529] mice: PS/2 mouse device common for all mice
[    4.933643] i2c /dev entries driver
[    4.933776] md: linear personality registered for level -1
[    4.933865] md: raid0 personality registered for level 0
[    4.933955] md: raid1 personality registered for level 1
[    4.934045] md: raid10 personality registered for level 10
[    4.934136] md: raid6 personality registered for level 6
[    4.934242] md: raid5 personality registered for level 5
[    4.934333] md: raid4 personality registered for level 4
[    4.934429] md: multipath personality registered for level -4
[    4.934626] device-mapper: ioctl: 4.15.0-ioctl (2009-04-01) initialised: dm-devel@redhat.com
[    4.934821] cpuidle: using governor ladder
[    4.935426] usbcore: registered new interface driver usbhid
[    4.935519] usbhid: v2.6:USB HID core driver
[    4.935672] random 0014 0000 0000 00000000 00000000: rand_read_num 4 get_random_bytes(136): sig 00000000 00000000 00000000
[    4.935675] random 0014 0000 0000 00000000 00000000: extract_entropy(.. 136 ..)
[    4.935678] random 0014 0000 0000 00000000 00000000: going to reseed nonblocking with 1024 bits (1088 of 0 requested)
[    4.935680] random 0014 0000 0000 00000000 00000000: extract_entropy(.. 128 ..)
[    4.935682] random 0014 0000 0000 00000000 00000000: trying to extract 1024 bits from input
[    4.935684] random 0014 0000 0000 00000000 00000000: debiting 0 entropy credits from input
[    4.935686] random 0014 0000 0000 00000000 00000000: extract_entropy account returned: 0 
[    4.935689] random 0014 0000 0000 00000000 00000000: urand_change_num 7 xfer_secondary_pool(136): pool_sig 00000000, data_sig 00000000, bytes_mixed 0 00000000 00000000
[    4.935692] random 0014 0000 0000 00000000 00000000: trying to extract 1088 bits from nonblocking
[    4.935695] random 0014 0000 0000 00000000 00000000: debiting 1088 entropy credits from nonblocking (unlimited)
[    4.935697] random 0014 0000 0000 00000000 00000000: extract_entropy account returned: 136 
[    4.935701] random 0014 0000 0000 00000000 00000000: urand_change_num 8 extract_buf: pool_sig 00000000, data_sig fffffff9, bytes_mixed 20 00000000 00000000
[    4.935707] random 0014 0000 0000 b7c35b56 be4dc95d: urand_change_num 9 extract_buf: pool_sig fffffd1e, data_sig 000000c5, bytes_mixed 20 b7c35b56 be4dc95d
[    4.935712] random 0014 0000 0000 ed9f5c47 c48487fb: urand_change_num 10 extract_buf: pool_sig fffff8ec, data_sig ffffff68, bytes_mixed 20 ed9f5c47 c48487fb
[    4.935717] random 0014 0000 0000 ed9f5c47 c48487fb: urand_change_num 11 extract_buf: pool_sig fffffaed, data_sig 000001aa, bytes_mixed 20 ed9f5c47 c48487fb
[    4.935723] random 0014 0000 0000 1b4f7c0a 91bd6a48: urand_change_num 12 extract_buf: pool_sig fffffdd8, data_sig 00000064, bytes_mixed 20 1b4f7c0a 91bd6a48
[    4.935728] random 0014 0000 0000 a254b9bc 20e9a24f: urand_change_num 13 extract_buf: pool_sig fffffbe6, data_sig 000001dd, bytes_mixed 20 a254b9bc 20e9a24f
[    4.935733] random 0014 0000 0000 a254b9bc 20e9a24f: urand_change_num 14 extract_buf: pool_sig fffff940, data_sig fffffe20, bytes_mixed 20 a254b9bc 20e9a24f
[    4.935738] random 0014 0000 0000 2831a66b 5fa2a3ad: urand_change_num 15 extract_buf: pool_sig fffffbce, data_sig 0000007e, bytes_mixed 20 2831a66b 5fa2a3ad
[    4.935743] random 0014 0000 0000 2831a66b 5fa2a3ad: urand_change_num 16 extract_buf: pool_sig 000004df, data_sig fffffe8f, bytes_mixed 20 2831a66b 5fa2a3ad
[    4.935749] random 0014 0000 0000 d4512bfd c9a54e0b: urand_change_num 17 extract_buf: pool_sig 00000485, data_sig fffffe68, bytes_mixed 20 d4512bfd c9a54e0b
[    4.935754] random 0014 0000 0000 c7371be6 f9ffea11: urand_change_num 18 extract_buf: pool_sig 00000095, data_sig ffffffed, bytes_mixed 20 c7371be6 f9ffea11
[    4.935759] random 0014 0000 0000 c7371be6 f9ffea11: urand_change_num 19 extract_buf: pool_sig 000003a7, data_sig fffffefa, bytes_mixed 20 c7371be6 f9ffea11
[    4.935764] random 0014 0000 0000 8fb4b62c d1ddba54: urand_change_num 20 extract_buf: pool_sig 00000179, data_sig ffffff78, bytes_mixed 20 8fb4b62c d1ddba54
[    4.935769] random 0014 0000 0000 9ff19f9c c07a1d2a: urand_change_num 21 extract_buf: pool_sig fffffe88, data_sig 00000126, bytes_mixed 20 9ff19f9c c07a1d2a
[    4.935773] TCP cubic registered
[    4.935861] Initializing XFRM netlink socket
[    4.935956] NET: Registered protocol family 17
[    4.936055] Using IPI Shortcut mode
[    4.936142] random 0014 0000 0000 9ff19f9c c07a1d2a: rand_read_num 5 get_random_bytes(8): sig 0000031b 9ff19f9c c07a1d2a
[    4.936160] random 0014 0000 0000 9ff19f9c c07a1d2a: extract_entropy(.. 8 ..)
[    4.936162] random 0014 0000 0000 9ff19f9c c07a1d2a: going to reseed nonblocking with 64 bits (64 of 0 requested)
[    4.936164] random 0014 0000 0000 9ff19f9c c07a1d2a: extract_entropy(.. 8 ..)
[    4.936166] random 0014 0000 0000 9ff19f9c c07a1d2a: trying to extract 64 bits from input
[    4.936169] random 0014 0000 0000 9ff19f9c c07a1d2a: debiting 0 entropy credits from input
[    4.936171] random 0014 0000 0000 9ff19f9c c07a1d2a: extract_entropy account returned: 0 
[    4.936174] random 0014 0000 0000 9ff19f9c c07a1d2a: urand_change_num 22 xfer_secondary_pool(8): pool_sig 0000031b, data_sig 00000000, bytes_mixed 0 9ff19f9c c07a1d2a
[    4.936177] random 0014 0000 0000 9ff19f9c c07a1d2a: trying to extract 64 bits from nonblocking
[    4.936179] random 0014 0000 0000 9ff19f9c c07a1d2a: debiting 64 entropy credits from nonblocking (unlimited)
[    4.936181] random 0014 0000 0000 9ff19f9c c07a1d2a: extract_entropy account returned: 8 
[    4.936185] random 0014 0000 0000 9ff19f9c c07a1d2a: urand_change_num 23 extract_buf: pool_sig 0000031b, data_sig ffffffb3, bytes_mixed 20 9ff19f9c c07a1d2a
[    4.939235] input: AT Translated Set 2 keyboard as /devices/platform/i8042/serio0/input/input1
[    5.129132] ata3: SATA link down (SStatus 0 SControl 300)
[    5.129248] ata1: SATA link up 1.5 Gbps (SStatus 113 SControl 300)
[    5.131397] ata1.00: ACPI cmd ef/02:00:00:00:00:a0 (SET FEATURES) succeeded
[    5.131400] ata1.00: ACPI cmd f5/00:00:00:00:00:a0 (SECURITY FREEZE LOCK) filtered out
[    5.132791] ata1.00: ACPI cmd ef/5f:00:00:00:00:a0 (SET FEATURES) succeeded
[    5.132793] ata1.00: ACPI cmd ef/10:03:00:00:00:a0 (SET FEATURES) filtered out
[    5.134703] ata1.00: ATA-7: ST910021AS, 4.06, max UDMA/100
[    5.134792] ata1.00: 195371568 sectors, multi 16: LBA48 
[    5.136939] ata1.00: ACPI cmd ef/02:00:00:00:00:a0 (SET FEATURES) succeeded
[    5.136941] ata1.00: ACPI cmd f5/00:00:00:00:00:a0 (SECURITY FREEZE LOCK) filtered out
[    5.138333] ata1.00: ACPI cmd ef/5f:00:00:00:00:a0 (SET FEATURES) succeeded
[    5.138335] ata1.00: ACPI cmd ef/10:03:00:00:00:a0 (SET FEATURES) filtered out
[    5.140264] ata1.00: configured for UDMA/100
[    5.151180] scsi 2:0:0:0: Direct-Access     ATA      ST910021AS       4.06 PQ: 0 ANSI: 5
[    5.151463] sd 2:0:0:0: [sda] 195371568 512-byte logical blocks: (100 GB/93.1 GiB)
[    5.151605] sd 2:0:0:0: [sda] Write Protect is off
[    5.151696] sd 2:0:0:0: [sda] Mode Sense: 00 3a 00 00
[    5.151708] sd 2:0:0:0: [sda] Write cache: enabled, read cache: enabled, doesn't support DPO or FUA
[    5.151897]  sda:
[    5.216109] usb 2-1: new high speed USB device using ehci_hcd and address 2
[    5.365224] usb 2-1: New USB device found, idVendor=0e8d, idProduct=1806
[    5.365312] usb 2-1: New USB device strings: Mfr=1, Product=2, SerialNumber=3
[    5.365400] usb 2-1: Product: MT1806 
[    5.365484] usb 2-1: Manufacturer: MediaTek Inc
[    5.365571] usb 2-1: SerialNumber: R8KN6GAC800AEB 
[    5.365707] usb 2-1: configuration #1 chosen from 1 choice
[    5.372267] scsi5 : SCSI emulation for USB Mass Storage devices
[    5.372439] usb-storage: device found at 2
[    5.372440] usb-storage: waiting for device to settle before scanning
[    5.563617] random 0014 0000 0000 277f73c3 42024bb9: add_disk_randomness(8:0) 277f73c3 42024bb9
[    5.563621] random 0014 0000 0000 277f73c3 42024bb9: add_timer_randomness(.. 8388864) with jiffies: 13653631408268870019, cycles: -4793112669735354357
[    5.563624] random 0014 0000 0000 277f73c3 42024bb9: added 11 entropy credits to input
[    5.563629]  sda1 sda2
[    5.563981] random 0025 0000 0000 277f73c3 42024bb9: add_disk_randomness(8:0) 277f73c3 42024bb9
[    5.563984] random 0025 0000 0000 277f73c3 42024bb9: add_timer_randomness(.. 8388864) with jiffies: 13656902983642481027, cycles: -4789841094361743349
[    5.564142] sd 2:0:0:0: [sda] Attached SCSI disk
[    5.564234] random 0025 0000 0000 277f73c3 42024bb9: rand_read_num 6 get_random_bytes(12): sig 000007e9 277f73c3 42024bb9
[    5.564236] random 0025 0000 0000 277f73c3 42024bb9: extract_entropy(.. 12 ..)
[    5.564239] random 0025 0000 0000 277f73c3 42024bb9: going to reseed nonblocking with 96 bits (96 of 0 requested)
[    5.564241] random 0025 0000 0000 277f73c3 42024bb9: extract_entropy(.. 12 ..)
[    5.564243] random 0025 0000 0000 277f73c3 42024bb9: trying to extract 96 bits from input
[    5.564245] random 0025 0000 0000 277f73c3 42024bb9: debiting 0 entropy credits from input
[    5.564247] random 0025 0000 0000 277f73c3 42024bb9: extract_entropy account returned: 0 
[    5.564250] random 0025 0000 0000 277f73c3 42024bb9: urand_change_num 24 xfer_secondary_pool(12): pool_sig 000007e9, data_sig 00000000, bytes_mixed 0 277f73c3 42024bb9
[    5.564253] random 0025 0000 0000 277f73c3 42024bb9: trying to extract 96 bits from nonblocking
[    5.564256] random 0025 0000 0000 277f73c3 42024bb9: debiting 96 entropy credits from nonblocking (unlimited)
[    5.564258] random 0025 0000 0000 277f73c3 42024bb9: extract_entropy account returned: 12 
[    5.564262] random 0025 0000 0000 277f73c3 42024bb9: urand_change_num 25 extract_buf: pool_sig 000007e9, data_sig 00000088, bytes_mixed 20 277f73c3 42024bb9
[    5.564268] random 0025 0000 0000 277f73c3 42024bb9: urand_change_num 26 extract_buf: pool_sig 00000498, data_sig fffffefb, bytes_mixed 20 277f73c3 42024bb9
[    5.564271] RANDOM - __seed init called.
[    5.564272] RANDOM - __seed init called.
[    5.564272] RANDOM - __seed init called.
[    5.564274] RANDOM - __random32 called. Change num 12.  Value: 87f14767	f0d7351	b1e48bd3
[    5.564276] RANDOM - random32_reseed called.  Value: 87f14767	f0d7351	b1e48bd3
[    5.564279] Pid: 1, comm: swapper Not tainted 2.6.32.57 #6
[    5.564366] Call Trace:
[    5.564456]  [<c1923ca4>] ? random32_reseed+0xa0/0xb1
[    5.564546]  [<c1923c04>] ? random32_reseed+0x0/0xb1
[    5.564633]  [<c100111e>] ? do_one_initcall+0x2e/0x180
[    5.564725]  [<c1907265>] ? kernel_init+0xad/0x103
[    5.564812]  [<c19071b8>] ? kernel_init+0x0/0x103
[    5.564902]  [<c1003787>] ? kernel_thread_helper+0x7/0x10
[    5.565439] random 0025 0000 0000 386b4e60 ee4d4880: rand_read_num 7 get_random_bytes(64): sig fffffea5 386b4e60 ee4d4880
[    5.565442] random 0025 0000 0000 386b4e60 ee4d4880: extract_entropy(.. 64 ..)
[    5.565444] random 0025 0000 0000 386b4e60 ee4d4880: going to reseed nonblocking with 512 bits (512 of 0 requested)
[    5.565447] random 0025 0000 0000 386b4e60 ee4d4880: extract_entropy(.. 64 ..)
[    5.565449] random 0025 0000 0000 386b4e60 ee4d4880: trying to extract 512 bits from input
[    5.565451] random 0025 0000 0000 386b4e60 ee4d4880: debiting 0 entropy credits from input
[    5.565453] random 0025 0000 0000 386b4e60 ee4d4880: extract_entropy account returned: 0 
[    5.565456] random 0025 0000 0000 386b4e60 ee4d4880: urand_change_num 27 xfer_secondary_pool(64): pool_sig fffffea5, data_sig 00000000, bytes_mixed 0 386b4e60 ee4d4880
[    5.565459] random 0025 0000 0000 386b4e60 ee4d4880: trying to extract 512 bits from nonblocking
[    5.565462] random 0025 0000 0000 386b4e60 ee4d4880: debiting 512 entropy credits from nonblocking (unlimited)
[    5.565464] random 0025 0000 0000 386b4e60 ee4d4880: extract_entropy account returned: 64 
[    5.565468] random 0025 0000 0000 386b4e60 ee4d4880: urand_change_num 28 extract_buf: pool_sig fffffea5, data_sig 00000173, bytes_mixed 20 386b4e60 ee4d4880
[    5.565473] random 0025 0000 0000 412698f6 0cc8689a: urand_change_num 29 extract_buf: pool_sig 00000122, data_sig ffffff63, bytes_mixed 20 412698f6 0cc8689a
[    5.565479] random 0025 0000 0000 412698f6 0cc8689a: urand_change_num 30 extract_buf: pool_sig 000001f7, data_sig 00000012, bytes_mixed 20 412698f6 0cc8689a
[    5.565484] random 0025 0000 0000 9669941e 06f768b1: urand_change_num 31 extract_buf: pool_sig fffffb5b, data_sig 0000003f, bytes_mixed 20 9669941e 06f768b1
[    5.565489] random 0025 0000 0000 98486520 995551f0: urand_change_num 32 extract_buf: pool_sig fffffb39, data_sig 0000000e, bytes_mixed 20 98486520 995551f0
[    5.565495] random 0025 0000 0000 98486520 995551f0: urand_change_num 33 extract_buf: pool_sig fffffd8d, data_sig 000001a6, bytes_mixed 20 98486520 995551f0
[    5.565500] random 0025 0000 0000 61fc8914 d5882ed2: urand_change_num 34 extract_buf: pool_sig fffffa58, data_sig 0000023e, bytes_mixed 20 61fc8914 d5882ed2
[    5.565529] random 0025 0000 0000 61fc8914 d5882ed2: rand_read_num 8 get_random_bytes(64): sig fffff9ee 61fc8914 d5882ed2
[    5.565531] random 0025 0000 0000 61fc8914 d5882ed2: extract_entropy(.. 64 ..)
[    5.565534] random 0025 0000 0000 61fc8914 d5882ed2: going to reseed nonblocking with 512 bits (512 of 0 requested)
[    5.565536] random 0025 0000 0000 61fc8914 d5882ed2: extract_entropy(.. 64 ..)
[    5.565538] random 0025 0000 0000 61fc8914 d5882ed2: trying to extract 512 bits from input
[    5.565540] random 0025 0000 0000 61fc8914 d5882ed2: debiting 0 entropy credits from input
[    5.565542] random 0025 0000 0000 61fc8914 d5882ed2: extract_entropy account returned: 0 
[    5.565546] random 0025 0000 0000 61fc8914 d5882ed2: urand_change_num 35 xfer_secondary_pool(64): pool_sig fffff9ee, data_sig 00000000, bytes_mixed 0 61fc8914 d5882ed2
[    5.565548] random 0025 0000 0000 61fc8914 d5882ed2: trying to extract 512 bits from nonblocking
[    5.565551] random 0025 0000 0000 61fc8914 d5882ed2: debiting 512 entropy credits from nonblocking (unlimited)
[    5.565553] random 0025 0000 0000 61fc8914 d5882ed2: extract_entropy account returned: 64 
[    5.565557] random 0025 0000 0000 61fc8914 d5882ed2: urand_change_num 36 extract_buf: pool_sig fffff9ee, data_sig ffffff85, bytes_mixed 20 61fc8914 d5882ed2
[    5.565562] random 0025 0000 0000 70cfd302 e5edec11: urand_change_num 37 extract_buf: pool_sig fffffdc1, data_sig ffffffde, bytes_mixed 20 70cfd302 e5edec11
[    5.565568] random 0025 0000 0000 00dab838 eafd2b30: urand_change_num 38 extract_buf: pool_sig 000003da, data_sig ffffff61, bytes_mixed 20 00dab838 eafd2b30
[    5.565573] random 0025 0000 0000 00dab838 eafd2b30: urand_change_num 39 extract_buf: pool_sig 00000314, data_sig 00000121, bytes_mixed 20 00dab838 eafd2b30
[    5.565578] random 0025 0000 0000 5fcdf66a 6442b608: urand_change_num 40 extract_buf: pool_sig 0000028b, data_sig fffffefd, bytes_mixed 20 5fcdf66a 6442b608
[    5.565584] random 0025 0000 0000 61333f6b 8fae0f9b: urand_change_num 41 extract_buf: pool_sig 000000cb, data_sig 000000b3, bytes_mixed 20 61333f6b 8fae0f9b
[    5.565589] random 0025 0000 0000 61333f6b 8fae0f9b: urand_change_num 42 extract_buf: pool_sig fffffef8, data_sig 00000051, bytes_mixed 20 61333f6b 8fae0f9b
[    5.565592] BEGIN NET_SECRET:
[    5.565593] \xffffffe0
[    5.565594] \xffffffb6
[    5.565594] \x36
[    5.565595] \xffffffb5
[    5.565596] \xffffff94
[    5.565597] \xffffffb2
[    5.565598] \xffffffa8
[    5.565599] \xffffffda
[    5.565600] \x5b
[    5.565600] \x19
[    5.565601] \x18
[    5.565602] \x5c
[    5.565602] \x2b
[    5.565603] \x1
[    5.565604] \xffffff90
[    5.565605] \x19
[    5.565605] \x3c
[    5.565606] \xfffffff2
[    5.565607] \xffffff82
[    5.565608] \x2a
[    5.565609] \xffffffb3
[    5.565609] \xffffffa2
[    5.565610] \x3f
[    5.565611] \x5
[    5.565612] \x52
[    5.565612] \x77
[    5.565613] \x57
[    5.565614] \x79
[    5.565615] \x16
[    5.565615] \x43
[    5.565616] \xffffff84
[    5.565617] \xffffffc3
[    5.565618] \xffffffe9
[    5.565618] \x79
[    5.565619] \x50
[    5.565620] \xffffff8e
[    5.565621] \x3f
[    5.565621] \xfffffff3
[    5.565622] \x19
[    5.565623] \x2a
[    5.565624] \xfffffffd
[    5.565625] \xfffffffb
[    5.565625] \x62
[    5.565626] \x3c
[    5.565627] \xffffffac
[    5.565628] \x1c
[    5.565628] \x3b
[    5.565629] \x3b
[    5.565630] \x15
[    5.565630] \x27
[    5.565631] \xffffffa8
[    5.565632] \x22
[    5.565633] \xffffffc5
[    5.565634] \xffffff9a
[    5.565634] \x5
[    5.565635] \x6c
[    5.565636] \xffffffa8
[    5.565637] \x3a
[    5.565637] \x44
[    5.565638] \xffffffaf
[    5.565639] \x13
[    5.565640] \xffffffe0
[    5.565641] \xffffff9d
[    5.565641] \x22
[    5.565642] 
[    5.565643] END NET_SECRET
[    5.565646] random 0025 0000 0000 e7f555d9 e8ce5c3c: rand_read_num 9 get_random_bytes(4): sig 0000068c e7f555d9 e8ce5c3c
[    5.565648] random 0025 0000 0000 e7f555d9 e8ce5c3c: extract_entropy(.. 4 ..)
[    5.565650] random 0025 0000 0000 e7f555d9 e8ce5c3c: going to reseed nonblocking with 64 bits (32 of 0 requested)
[    5.565653] random 0025 0000 0000 e7f555d9 e8ce5c3c: extract_entropy(.. 8 ..)
[    5.565655] random 0025 0000 0000 e7f555d9 e8ce5c3c: trying to extract 64 bits from input
[    5.565657] random 0025 0000 0000 e7f555d9 e8ce5c3c: debiting 0 entropy credits from input
[    5.565659] random 0025 0000 0000 e7f555d9 e8ce5c3c: extract_entropy account returned: 0 
[    5.565662] random 0025 0000 0000 e7f555d9 e8ce5c3c: urand_change_num 43 xfer_secondary_pool(4): pool_sig 0000068c, data_sig 00000000, bytes_mixed 0 e7f555d9 e8ce5c3c
[    5.565665] random 0025 0000 0000 e7f555d9 e8ce5c3c: trying to extract 32 bits from nonblocking
[    5.565667] random 0025 0000 0000 e7f555d9 e8ce5c3c: debiting 32 entropy credits from nonblocking (unlimited)
[    5.565670] random 0025 0000 0000 e7f555d9 e8ce5c3c: extract_entropy account returned: 4 
[    5.565674] random 0025 0000 0000 e7f555d9 e8ce5c3c: urand_change_num 44 extract_buf: pool_sig 0000068c, data_sig fffffdcb, bytes_mixed 20 e7f555d9 e8ce5c3c
[    5.565685] md: Waiting for all devices to be available before autodetect
[    5.565780] md: If you don't use raid, use raid=noautodetect
[    5.565949] md: Autodetecting RAID arrays.
[    5.566038] md: Scanned 0 and added 0 devices.
[    5.566133] md: autorun ...
[    5.566219] md: ... autorun DONE.
[    5.580213] random 0025 0000 0000 e7f555d9 e8ce5c3c: add_disk_randomness(8:0) e7f555d9 e8ce5c3c
[    5.580216] random 0025 0000 0000 e7f555d9 e8ce5c3c: add_timer_randomness(.. 8388864) with jiffies: 13802944533270069652, cycles: -4643799544734154741
[    5.580219] random 0025 0000 0000 e7f555d9 e8ce5c3c: added 4 entropy credits to input
[    5.581337] random 0029 0000 0000 e7f555d9 e8ce5c3c: add_disk_randomness(8:0) e7f555d9 e8ce5c3c
[    5.581340] random 0029 0000 0000 e7f555d9 e8ce5c3c: add_timer_randomness(.. 8388864) with jiffies: 13813063746802385301, cycles: -4633680331201839093
[    5.581451] random 0029 0000 0000 e7f555d9 e8ce5c3c: add_disk_randomness(8:0) e7f555d9 e8ce5c3c
[    5.581454] random 0029 0000 0000 e7f555d9 e8ce5c3c: add_timer_randomness(.. 8388864) with jiffies: 13814091330612855189, cycles: -4632652747391369205
[    5.581459] EXT3-fs: sda2: couldn't mount because of unsupported optional features (240).
[    5.581684] random 0029 0000 0000 e7f555d9 e8ce5c3c: add_disk_randomness(8:0) e7f555d9 e8ce5c3c
[    5.581687] random 0029 0000 0000 e7f555d9 e8ce5c3c: add_timer_randomness(.. 8388864) with jiffies: 13816191823023669653, cycles: -4630552254980554741
[    5.581692] EXT2-fs: sda2: couldn't mount because of unsupported optional features (240).
[    5.581918] random 0029 0000 0000 e7f555d9 e8ce5c3c: add_disk_randomness(8:0) e7f555d9 e8ce5c3c
[    5.581921] random 0029 0000 0000 e7f555d9 e8ce5c3c: add_timer_randomness(.. 8388864) with jiffies: 13818294926774600085, cycles: -4628449151229624309
[    5.582054] random 0029 0000 0000 e7f555d9 e8ce5c3c: add_disk_randomness(8:0) e7f555d9 e8ce5c3c
[    5.582057] random 0029 0000 0000 e7f555d9 e8ce5c3c: add_timer_randomness(.. 8388864) with jiffies: 13819509663784993174, cycles: -4627234414219231221
[    5.582211] random 0029 0000 0000 e7f555d9 e8ce5c3c: add_disk_randomness(8:0) e7f555d9 e8ce5c3c
[    5.582213] random 0029 0000 0000 e7f555d9 e8ce5c3c: add_timer_randomness(.. 8388864) with jiffies: 13820919761677812118, cycles: -4625824316326412277
[    5.582331] random 0029 0000 0000 e7f555d9 e8ce5c3c: add_disk_randomness(8:0) e7f555d9 e8ce5c3c
[    5.582334] random 0029 0000 0000 e7f555d9 e8ce5c3c: add_timer_randomness(.. 8388864) with jiffies: 13822001552270524822, cycles: -4624742525733699573
[    5.582447] random 0029 0000 0000 e7f555d9 e8ce5c3c: add_disk_randomness(8:0) e7f555d9 e8ce5c3c
[    5.582450] random 0029 0000 0000 e7f555d9 e8ce5c3c: add_timer_randomness(.. 8388864) with jiffies: 13823052724041384342, cycles: -4623691353962840053
[    5.582602] random 0029 0000 0000 e7f555d9 e8ce5c3c: add_disk_randomness(8:0) e7f555d9 e8ce5c3c
[    5.582605] random 0029 0000 0000 e7f555d9 e8ce5c3c: add_timer_randomness(.. 8388864) with jiffies: 13824444783071560086, cycles: -4622299294932664309
[    5.582725] random 0029 0000 0000 e7f555d9 e8ce5c3c: add_disk_randomness(8:0) e7f555d9 e8ce5c3c
[    5.582728] random 0029 0000 0000 e7f555d9 e8ce5c3c: add_timer_randomness(.. 8388864) with jiffies: 13825558996372390294, cycles: -4621185081631834101
[    5.582881] random 0029 0000 0000 e7f555d9 e8ce5c3c: add_disk_randomness(8:0) e7f555d9 e8ce5c3c
[    5.582884] random 0029 0000 0000 e7f555d9 e8ce5c3c: add_timer_randomness(.. 8388864) with jiffies: 13826967067040645526, cycles: -4619777010963578869
[    5.583128] random 0029 0000 0000 e7f555d9 e8ce5c3c: rand_read_num 10 get_random_bytes(4): sig ffffff72 e7f555d9 e8ce5c3c
[    5.583130] random 0029 0000 0000 e7f555d9 e8ce5c3c: extract_entropy(.. 4 ..)
[    5.583133] random 0029 0000 0000 e7f555d9 e8ce5c3c: going to reseed nonblocking with 64 bits (32 of 0 requested)
[    5.583135] random 0029 0000 0000 e7f555d9 e8ce5c3c: extract_entropy(.. 8 ..)
[    5.583137] random 0029 0000 0000 e7f555d9 e8ce5c3c: trying to extract 64 bits from input
[    5.583139] random 0029 0000 0000 e7f555d9 e8ce5c3c: debiting 0 entropy credits from input
[    5.583141] random 0029 0000 0000 e7f555d9 e8ce5c3c: extract_entropy account returned: 0 
[    5.583144] random 0029 0000 0000 e7f555d9 e8ce5c3c: urand_change_num 45 xfer_secondary_pool(4): pool_sig ffffff72, data_sig 00000000, bytes_mixed 0 e7f555d9 e8ce5c3c
[    5.583147] random 0029 0000 0000 e7f555d9 e8ce5c3c: trying to extract 32 bits from nonblocking
[    5.583150] random 0029 0000 0000 e7f555d9 e8ce5c3c: debiting 32 entropy credits from nonblocking (unlimited)
[    5.583152] random 0029 0000 0000 e7f555d9 e8ce5c3c: extract_entropy account returned: 4 
[    5.583156] random 0029 0000 0000 e7f555d9 e8ce5c3c: urand_change_num 46 extract_buf: pool_sig ffffff72, data_sig ffffff72, bytes_mixed 20 e7f555d9 e8ce5c3c
[    5.594666] random 0029 0000 0000 91716c54 eeb6a1e7: add_disk_randomness(8:0) 91716c54 eeb6a1e7
[    5.594670] random 0029 0000 0000 91716c54 eeb6a1e7: add_timer_randomness(.. 8388864) with jiffies: 13933002340630757794, cycles: -4513741737373466613
[    5.594672] random 0029 0000 0000 91716c54 eeb6a1e7: added 3 entropy credits to input
[    5.612937] random 0032 0000 0000 91716c54 eeb6a1e7: add_disk_randomness(8:0) 91716c54 eeb6a1e7
[    5.612940] random 0032 0000 0000 91716c54 eeb6a1e7: add_timer_randomness(.. 8388864) with jiffies: 14097398660631069108, cycles: -4349345417373155317
[    5.612943] random 0032 0000 0000 91716c54 eeb6a1e7: added 2 entropy credits to input
[    5.617678] EXT4-fs (sda2): mounted filesystem with ordered data mode
[    5.617881] VFS: Mounted root (ext4 filesystem) readonly on device 8:2.
[    5.617985] Freeing unused kernel memory: 448k freed
[    5.638083] random 0034 0000 0000 91716c54 eeb6a1e7: add_disk_randomness(8:0) 91716c54 eeb6a1e7
[    5.638086] random 0034 0000 0000 91716c54 eeb6a1e7: add_timer_randomness(.. 8388864) with jiffies: 14323643291377828302, cycles: -4123100786626396149
[    5.638089] random 0034 0000 0000 91716c54 eeb6a1e7: added 1 entropy credits to input
[    5.638812] random 0035 0000 0000 91716c54 eeb6a1e7: add_disk_randomness(8:0) 91716c54 eeb6a1e7
[    5.638815] random 0035 0000 0000 91716c54 eeb6a1e7: add_timer_randomness(.. 8388864) with jiffies: 14330213633563001294, cycles: -4116530444441223157
[    5.643542] random 0035 0000 0000 91716c54 eeb6a1e7: add_disk_randomness(8:0) 91716c54 eeb6a1e7
[    5.643545] random 0035 0000 0000 91716c54 eeb6a1e7: add_timer_randomness(.. 8388864) with jiffies: 14372768573258695123, cycles: -4073975504745529333
[    5.643548] random 0035 0000 0000 91716c54 eeb6a1e7: added 2 entropy credits to input
[    5.651734] random 0037 0000 0000 91716c54 eeb6a1e7: add_disk_randomness(8:0) 91716c54 eeb6a1e7
[    5.651737] random 0037 0000 0000 91716c54 eeb6a1e7: add_timer_randomness(.. 8388864) with jiffies: 14446485016810324443, cycles: -4000259061193900021
[    5.651740] random 0037 0000 0000 91716c54 eeb6a1e7: added 1 entropy credits to input
[    5.655157] random 0038 0000 0000 91716c54 eeb6a1e7: add_disk_randomness(8:0) 91716c54 eeb6a1e7
[    5.655160] random 0038 0000 0000 91716c54 eeb6a1e7: add_timer_randomness(.. 8388864) with jiffies: 14477275010290123231, cycles: -3969469067714101237
[    5.655163] random 0038 0000 0000 91716c54 eeb6a1e7: added 2 entropy credits to input
[    5.664055] random 0040 0000 0000 91716c54 eeb6a1e7: add_disk_randomness(8:0) 91716c54 eeb6a1e7
[    5.664058] random 0040 0000 0000 91716c54 eeb6a1e7: add_timer_randomness(.. 8388864) with jiffies: 14557330262929932776, cycles: -3889413815074291701
[    5.664061] random 0040 0000 0000 91716c54 eeb6a1e7: added 2 entropy credits to input
[    5.669047] random 0042 0000 0000 91716c54 eeb6a1e7: add_disk_randomness(8:0) 91716c54 eeb6a1e7
[    5.669050] random 0042 0000 0000 91716c54 eeb6a1e7: add_timer_randomness(.. 8388864) with jiffies: 14602248834797765101, cycles: -3844495243206459381
[    5.669053] random 0042 0000 0000 91716c54 eeb6a1e7: added 2 entropy credits to input
[    5.677086] random 0044 0000 0000 91716c54 eeb6a1e7: add_disk_randomness(8:0) 91716c54 eeb6a1e7
[    5.677089] random 0044 0000 0000 91716c54 eeb6a1e7: add_timer_randomness(.. 8388864) with jiffies: 14674580615252902389, cycles: -3772163462751322101
[    5.677092] random 0044 0000 0000 91716c54 eeb6a1e7: added 1 entropy credits to input
[    5.677115] RANDOM get_random_int call with cycles 50661387483, jiffies 4294672885 and pid 1
[    5.677118] RANDOM get_random_int call with cycles 50661394570, jiffies 4294672885 and pid 1
[    5.677120] ASLR stack rand value: 2457600 after shift for pid: 1
[    5.677121] RANDOM get_random_int call with cycles 50661402372, jiffies 4294672885 and pid 1
[    5.688735] random 0045 0000 0000 91716c54 eeb6a1e7: add_disk_randomness(8:0) 91716c54 eeb6a1e7
[    5.688738] random 0045 0000 0000 91716c54 eeb6a1e7: add_timer_randomness(.. 8388864) with jiffies: 14779402732380586496, cycles: -3667341345623638005
[    5.688748] RANDOM get_random_int call with cycles 50685761395, jiffies 4294672896 and pid 1
[    5.688754] random 0045 0000 0000 91716c54 eeb6a1e7: rand_read_num 11 get_random_bytes(16): sig fffffcad 91716c54 eeb6a1e7
[    5.688756] random 0045 0000 0000 91716c54 eeb6a1e7: extract_entropy(.. 16 ..)
[    5.688759] random 0045 0000 0000 91716c54 eeb6a1e7: going to reseed nonblocking with 128 bits (128 of 0 requested)
[    5.688761] random 0045 0000 0000 91716c54 eeb6a1e7: extract_entropy(.. 16 ..)
[    5.688763] random 0045 0000 0000 91716c54 eeb6a1e7: trying to extract 128 bits from input
[    5.688765] random 0045 0000 0000 91716c54 eeb6a1e7: debiting 0 entropy credits from input
[    5.688767] random 0045 0000 0000 91716c54 eeb6a1e7: extract_entropy account returned: 0 
[    5.688770] random 0045 0000 0000 91716c54 eeb6a1e7: urand_change_num 47 xfer_secondary_pool(16): pool_sig fffffcad, data_sig 00000000, bytes_mixed 0 91716c54 eeb6a1e7
[    5.688773] random 0045 0000 0000 91716c54 eeb6a1e7: trying to extract 128 bits from nonblocking
[    5.688776] random 0045 0000 0000 91716c54 eeb6a1e7: debiting 128 entropy credits from nonblocking (unlimited)
[    5.688778] random 0045 0000 0000 91716c54 eeb6a1e7: extract_entropy account returned: 16 
[    5.688782] random 0045 0000 0000 91716c54 eeb6a1e7: urand_change_num 48 extract_buf: pool_sig fffffcad, data_sig ffffff19, bytes_mixed 20 91716c54 eeb6a1e7
[    5.688788] random 0045 0000 0000 fd637b06 6cf47bc1: urand_change_num 49 extract_buf: pool_sig fffffede, data_sig ffffffc1, bytes_mixed 20 fd637b06 6cf47bc1
[    5.689740] random 0045 0000 0000 fd637b06 6cf47bc1: add_disk_randomness(8:0) fd637b06 6cf47bc1
[    5.689744] random 0045 0000 0000 fd637b06 6cf47bc1: add_timer_randomness(.. 8388864) with jiffies: 14788452606430380545, cycles: -3658291471573843957
[    5.690934] random 0045 0000 0000 fd637b06 6cf47bc1: add_disk_randomness(8:0) fd637b06 6cf47bc1
[    5.690937] random 0045 0000 0000 fd637b06 6cf47bc1: add_timer_randomness(.. 8388864) with jiffies: 14799192043305009666, cycles: -3647552034699214837
[    5.692090] random 0045 0000 0000 fd637b06 6cf47bc1: add_disk_randomness(8:0) fd637b06 6cf47bc1
[    5.692093] random 0045 0000 0000 fd637b06 6cf47bc1: add_timer_randomness(.. 8388864) with jiffies: 14809584141879443972, cycles: -3637159936124780533
[    5.692971] random 0045 0000 0000 fd637b06 6cf47bc1: add_disk_randomness(8:0) fd637b06 6cf47bc1
[    5.692974] random 0045 0000 0000 fd637b06 6cf47bc1: add_timer_randomness(.. 8388864) with jiffies: 14817527284461437444, cycles: -3629216793542787061
[    5.693158] random 0045 0000 0000 fd637b06 6cf47bc1: add_disk_randomness(8:0) fd637b06 6cf47bc1
[    5.693161] random 0045 0000 0000 fd637b06 6cf47bc1: add_timer_randomness(.. 8388864) with jiffies: 14819194977312801285, cycles: -3627549100691423221
[    5.693368] random 0045 0000 0000 fd637b06 6cf47bc1: add_disk_randomness(8:0) fd637b06 6cf47bc1
[    5.693371] random 0045 0000 0000 fd637b06 6cf47bc1: add_timer_randomness(.. 8388864) with jiffies: 14821088426530144773, cycles: -3625655651474079733
[    5.703794] random 0045 0000 0000 fd637b06 6cf47bc1: add_disk_randomness(8:0) fd637b06 6cf47bc1
[    5.703797] random 0045 0000 0000 fd637b06 6cf47bc1: add_timer_randomness(.. 8388864) with jiffies: 14914906519617896975, cycles: -3531837558386327541
[    5.703800] random 0045 0000 0000 fd637b06 6cf47bc1: added 3 entropy credits to input
[    5.704225] random 0048 0000 0000 fd637b06 6cf47bc1: add_disk_randomness(8:0) fd637b06 6cf47bc1
[    5.704228] random 0048 0000 0000 fd637b06 6cf47bc1: add_timer_randomness(.. 8388864) with jiffies: 14918776487015055888, cycles: -3527967590989168629
[    5.713967] random 0048 0000 0000 fd637b06 6cf47bc1: add_disk_randomness(8:0) fd637b06 6cf47bc1
[    5.713970] random 0048 0000 0000 fd637b06 6cf47bc1: add_timer_randomness(.. 8388864) with jiffies: 15006443422430757401, cycles: -3440300655573467125
[    5.713973] random 0048 0000 0000 fd637b06 6cf47bc1: added 3 entropy credits to input
[    5.714029] RANDOM get_random_int call with cycles 50738721180, jiffies 4294672922 and pid 1
[    5.718860] random 0051 0000 0000 fd637b06 6cf47bc1: add_disk_randomness(8:0) fd637b06 6cf47bc1
[    5.718863] random 0051 0000 0000 fd637b06 6cf47bc1: add_timer_randomness(.. 8388864) with jiffies: 15050465325386269214, cycles: -3396278752617955317
[    5.718866] random 0051 0000 0000 fd637b06 6cf47bc1: added 2 entropy credits to input
[    5.731403] random 0053 0000 0000 fd637b06 6cf47bc1: add_disk_randomness(8:0) fd637b06 6cf47bc1
[    5.731406] random 0053 0000 0000 fd637b06 6cf47bc1: add_timer_randomness(.. 8388864) with jiffies: 15163315144412070443, cycles: -3283428933592154101
[    5.731409] random 0053 0000 0000 fd637b06 6cf47bc1: added 3 entropy credits to input
[    5.731544] random 0056 0000 0000 fd637b06 6cf47bc1: add_disk_randomness(8:0) fd637b06 6cf47bc1
[    5.731547] random 0056 0000 0000 fd637b06 6cf47bc1: add_timer_randomness(.. 8388864) with jiffies: 15164582735290008107, cycles: -3282161342714216437
[    5.733704] random 0056 0000 0000 fd637b06 6cf47bc1: add_disk_randomness(8:0) fd637b06 6cf47bc1
[    5.733707] random 0056 0000 0000 fd637b06 6cf47bc1: add_timer_randomness(.. 8388864) with jiffies: 15184025652807041581, cycles: -3262718425197182965
[    5.733710] random 0056 0000 0000 fd637b06 6cf47bc1: added 1 entropy credits to input
[    5.733949] random 0057 0000 0000 fd637b06 6cf47bc1: add_disk_randomness(8:0) fd637b06 6cf47bc1
[    5.733953] random 0057 0000 0000 fd637b06 6cf47bc1: add_timer_randomness(.. 8388864) with jiffies: 15186237758532977197, cycles: -3260506319471247349
[    5.734132] random 0057 0000 0000 fd637b06 6cf47bc1: add_disk_randomness(8:0) fd637b06 6cf47bc1
[    5.734135] random 0057 0000 0000 fd637b06 6cf47bc1: add_timer_randomness(.. 8388864) with jiffies: 15187867750161416750, cycles: -3258876327842807797
[    5.737259] random 0057 0000 0000 fd637b06 6cf47bc1: add_disk_randomness(8:0) fd637b06 6cf47bc1
[    5.737262] random 0057 0000 0000 fd637b06 6cf47bc1: add_timer_randomness(.. 8388864) with jiffies: 15216005219083846193, cycles: -3230738858920378357
[    5.739270] random 0057 0000 0000 fd637b06 6cf47bc1: add_disk_randomness(8:0) fd637b06 6cf47bc1
[    5.739273] random 0057 0000 0000 fd637b06 6cf47bc1: add_timer_randomness(.. 8388864) with jiffies: 15234099413790720563, cycles: -3212644664213503989
[    5.747101] random 0057 0000 0000 fd637b06 6cf47bc1: add_disk_randomness(8:0) fd637b06 6cf47bc1
[    5.747104] random 0057 0000 0000 fd637b06 6cf47bc1: add_timer_randomness(.. 8388864) with jiffies: 15304555650747171387, cycles: -3142188427257053173
[    5.747107] random 0057 0000 0000 fd637b06 6cf47bc1: added 2 entropy credits to input
[    5.747236] random 0059 0000 0000 fd637b06 6cf47bc1: add_disk_randomness(8:0) fd637b06 6cf47bc1
[    5.747239] random 0059 0000 0000 fd637b06 6cf47bc1: add_timer_randomness(.. 8388864) with jiffies: 15305776293337596475, cycles: -3140967784666628085
[    5.750794] random 0059 0000 0000 fd637b06 6cf47bc1: add_disk_randomness(8:0) fd637b06 6cf47bc1
[    5.750797] random 0059 0000 0000 fd637b06 6cf47bc1: add_timer_randomness(.. 8388864) with jiffies: 15337797348998480446, cycles: -3108946729005744117
[    5.750800] random 0059 0000 0000 fd637b06 6cf47bc1: added 1 entropy credits to input
[    5.755293] random 0060 0000 0000 fd637b06 6cf47bc1: add_disk_randomness(8:0) fd637b06 6cf47bc1
[    5.755296] random 0060 0000 0000 fd637b06 6cf47bc1: add_timer_randomness(.. 8388864) with jiffies: 15378268486526272067, cycles: -3068475591477952501
[    5.760872] random 0060 0000 0000 fd637b06 6cf47bc1: add_disk_randomness(8:0) fd637b06 6cf47bc1
[    5.760875] random 0060 0000 0000 fd637b06 6cf47bc1: add_timer_randomness(.. 8388864) with jiffies: 15428479390110679624, cycles: -3018264687893544949
[    5.767149] random 0060 0000 0000 fd637b06 6cf47bc1: add_disk_randomness(8:0) fd637b06 6cf47bc1
[    5.767152] random 0060 0000 0000 fd637b06 6cf47bc1: add_timer_randomness(.. 8388864) with jiffies: 15484941661544088143, cycles: -2961802416460136437
[    5.767154] random 0060 0000 0000 fd637b06 6cf47bc1: added 1 entropy credits to input
[    5.767164] random 0061 0000 0000 fd637b06 6cf47bc1: rand_read_num 12 get_random_bytes(16): sig 0000033b fd637b06 6cf47bc1
[    5.767167] random 0061 0000 0000 fd637b06 6cf47bc1: extract_entropy(.. 16 ..)
[    5.767169] random 0061 0000 0000 fd637b06 6cf47bc1: going to reseed nonblocking with 128 bits (128 of 0 requested)
[    5.767172] random 0061 0000 0000 fd637b06 6cf47bc1: extract_entropy(.. 16 ..)
[    5.767174] random 0061 0000 0000 fd637b06 6cf47bc1: trying to extract 128 bits from input
[    5.767176] random 0061 0000 0000 fd637b06 6cf47bc1: debiting 0 entropy credits from input
[    5.767178] random 0061 0000 0000 fd637b06 6cf47bc1: extract_entropy account returned: 0 
[    5.767181] random 0061 0000 0000 fd637b06 6cf47bc1: urand_change_num 50 xfer_secondary_pool(16): pool_sig 0000033b, data_sig 00000000, bytes_mixed 0 fd637b06 6cf47bc1
[    5.767184] random 0061 0000 0000 fd637b06 6cf47bc1: trying to extract 128 bits from nonblocking
[    5.767186] random 0061 0000 0000 fd637b06 6cf47bc1: debiting 128 entropy credits from nonblocking (unlimited)
[    5.767189] random 0061 0000 0000 fd637b06 6cf47bc1: extract_entropy account returned: 16 
[    5.767193] random 0061 0000 0000 fd637b06 6cf47bc1: urand_change_num 51 extract_buf: pool_sig 0000033b, data_sig 000000d8, bytes_mixed 20 fd637b06 6cf47bc1
[    5.767198] random 0061 0000 0000 0ec1f012 d4727ca8: urand_change_num 52 extract_buf: pool_sig fffffcf5, data_sig 00000016, bytes_mixed 20 0ec1f012 d4727ca8
[    5.773894] random 0061 0000 0000 45b1d0b1 845a73f7: add_disk_randomness(8:0) 45b1d0b1 845a73f7
[    5.773897] random 0061 0000 0000 45b1d0b1 845a73f7: add_timer_randomness(.. 8388864) with jiffies: 15545641712783950421, cycles: -2901102365220274165
[    5.781116] random 0061 0000 0000 45b1d0b1 845a73f7: add_disk_randomness(8:0) 45b1d0b1 845a73f7
[    5.781119] random 0061 0000 0000 45b1d0b1 845a73f7: add_timer_randomness(.. 8388864) with jiffies: 15610613276503409245, cycles: -2836130801500815349
[    5.781122] random 0061 0000 0000 45b1d0b1 845a73f7: added 1 entropy credits to input
[    5.786710] random 0062 0000 0000 45b1d0b1 845a73f7: add_disk_randomness(8:0) 45b1d0b1 845a73f7
[    5.786713] random 0062 0000 0000 45b1d0b1 845a73f7: add_timer_randomness(.. 8388864) with jiffies: 15660954283237147234, cycles: -2785789794767077365
[    5.786715] random 0062 0000 0000 45b1d0b1 845a73f7: added 1 entropy credits to input
[    5.798533] random 0063 0000 0000 45b1d0b1 845a73f7: add_disk_randomness(8:0) 45b1d0b1 845a73f7
[    5.798536] random 0063 0000 0000 45b1d0b1 845a73f7: add_timer_randomness(.. 8388864) with jiffies: 15767333742621459054, cycles: -2679410335382765557
[    5.798539] random 0063 0000 0000 45b1d0b1 845a73f7: added 2 entropy credits to input
[    5.801679] random 0065 0000 0000 45b1d0b1 845a73f7: add_disk_randomness(8:0) 45b1d0b1 845a73f7
[    5.801682] random 0065 0000 0000 45b1d0b1 845a73f7: add_timer_randomness(.. 8388864) with jiffies: 15795645196374082161, cycles: -2651098881630142453
[    5.801685] random 0065 0000 0000 45b1d0b1 845a73f7: added 1 entropy credits to input
[    5.815946] random 0066 0000 0000 45b1d0b1 845a73f7: add_disk_randomness(8:0) 45b1d0b1 845a73f7
[    5.815949] random 0066 0000 0000 45b1d0b1 845a73f7: add_timer_randomness(.. 8388864) with jiffies: 15924020746649305727, cycles: -2522723331354918901
[    5.815952] random 0066 0000 0000 45b1d0b1 845a73f7: added 3 entropy credits to input
[    5.821343] random 0069 0000 0000 45b1d0b1 845a73f7: add_disk_randomness(8:0) 45b1d0b1 845a73f7
[    5.821346] random 0069 0000 0000 45b1d0b1 845a73f7: add_timer_randomness(.. 8388864) with jiffies: 15972567878687490693, cycles: -2474176199316733941
[    5.821348] random 0069 0000 0000 45b1d0b1 845a73f7: added 2 entropy credits to input
[    5.826514] random 0071 0000 0000 45b1d0b1 845a73f7: add_disk_randomness(8:0) 45b1d0b1 845a73f7
[    5.826517] random 0071 0000 0000 45b1d0b1 845a73f7: add_timer_randomness(.. 8388864) with jiffies: 16019103952418865802, cycles: -2427640125585358837
[    5.834743] random 0071 0000 0000 45b1d0b1 845a73f7: add_disk_randomness(8:0) 45b1d0b1 845a73f7
[    5.834746] random 0071 0000 0000 45b1d0b1 845a73f7: add_timer_randomness(.. 8388864) with jiffies: 16093145679613624978, cycles: -2353598398390599669
[    5.834749] random 0071 0000 0000 45b1d0b1 845a73f7: added 1 entropy credits to input
[    5.844344] random 0072 0000 0000 45b1d0b1 845a73f7: add_disk_randomness(8:0) 45b1d0b1 845a73f7
[    5.844347] random 0072 0000 0000 45b1d0b1 845a73f7: add_timer_randomness(.. 8388864) with jiffies: 16179525632374047388, cycles: -2267218445630177269
[    5.863845] random 0072 0000 0000 45b1d0b1 845a73f7: add_disk_randomness(8:0) 45b1d0b1 845a73f7
[    5.863848] random 0072 0000 0000 45b1d0b1 845a73f7: add_timer_randomness(.. 8388864) with jiffies: 16355001146931905199, cycles: -2091742931072319477
[    5.863851] random 0072 0000 0000 45b1d0b1 845a73f7: added 2 entropy credits to input
[    5.877127] random 0074 0000 0000 45b1d0b1 845a73f7: add_disk_randomness(8:0) 45b1d0b1 845a73f7
[    5.877130] random 0074 0000 0000 45b1d0b1 845a73f7: add_timer_randomness(.. 8388864) with jiffies: 16474501082865435325, cycles: -1972242995138789365
[    5.877133] random 0074 0000 0000 45b1d0b1 845a73f7: added 2 entropy credits to input
[    5.885149] random 0076 0000 0000 45b1d0b1 845a73f7: add_disk_randomness(8:0) 45b1d0b1 845a73f7
[    5.885152] random 0076 0000 0000 45b1d0b1 845a73f7: add_timer_randomness(.. 8388864) with jiffies: 16546675203661071045, cycles: -1900068874343153653
[    5.895159] random 0076 0000 0000 45b1d0b1 845a73f7: add_disk_randomness(8:0) 45b1d0b1 845a73f7
[    5.895163] random 0076 0000 0000 45b1d0b1 845a73f7: add_timer_randomness(.. 8388864) with jiffies: 16636748428864094927, cycles: -1809995649140129781
[    5.895165] random 0076 0000 0000 45b1d0b1 845a73f7: added 1 entropy credits to input
[    5.908048] random 0077 0000 0000 45b1d0b1 845a73f7: add_disk_randomness(8:0) 45b1d0b1 845a73f7
[    5.908051] random 0077 0000 0000 45b1d0b1 845a73f7: add_timer_randomness(.. 8388864) with jiffies: 16752713559468376796, cycles: -1694030518535847925
[    5.915402] random 0077 0000 0000 45b1d0b1 845a73f7: add_disk_randomness(8:0) 45b1d0b1 845a73f7
[    5.915405] random 0077 0000 0000 45b1d0b1 845a73f7: add_timer_randomness(.. 8388864) with jiffies: 16818885338913800931, cycles: -1627858739090423797
[    5.915407] random 0077 0000 0000 45b1d0b1 845a73f7: added 2 entropy credits to input
[    5.920644] random 0079 0000 0000 45b1d0b1 845a73f7: add_disk_randomness(8:0) 45b1d0b1 845a73f7
[    5.920647] random 0079 0000 0000 45b1d0b1 845a73f7: add_timer_randomness(.. 8388864) with jiffies: 16866060392109671144, cycles: -1580683685894553589
[    5.920650] random 0079 0000 0000 45b1d0b1 845a73f7: added 1 entropy credits to input
[    5.927088] random 0080 0000 0000 45b1d0b1 845a73f7: add_disk_randomness(8:0) 45b1d0b1 845a73f7
[    5.927091] random 0080 0000 0000 45b1d0b1 845a73f7: add_timer_randomness(.. 8388864) with jiffies: 16924028590746206959, cycles: -1522715487258017781
[    5.927093] random 0080 0000 0000 45b1d0b1 845a73f7: added 1 entropy credits to input
[    5.932138] random 0081 0000 0000 45b1d0b1 845a73f7: add_disk_randomness(8:0) 45b1d0b1 845a73f7
[    5.932141] random 0081 0000 0000 45b1d0b1 845a73f7: add_timer_randomness(.. 8388864) with jiffies: 16969475069929292532, cycles: -1477269008074932213
[    5.932144] random 0081 0000 0000 45b1d0b1 845a73f7: added 1 entropy credits to input
[    5.938040] random 0082 0000 0000 45b1d0b1 845a73f7: add_disk_randomness(8:0) 45b1d0b1 845a73f7
[    5.938043] random 0082 0000 0000 45b1d0b1 845a73f7: add_timer_randomness(.. 8388864) with jiffies: 17022572509364191994, cycles: -1424171568640032757
[    5.947388] random 0082 0000 0000 45b1d0b1 845a73f7: add_disk_randomness(8:0) 45b1d0b1 845a73f7
[    5.947391] random 0082 0000 0000 45b1d0b1 845a73f7: add_timer_randomness(.. 8388864) with jiffies: 17106693541255152387, cycles: -1340050536749072373
[    5.947394] random 0082 0000 0000 45b1d0b1 845a73f7: added 1 entropy credits to input
[    5.952269] random 0083 0000 0000 45b1d0b1 845a73f7: add_disk_randomness(8:0) 45b1d0b1 845a73f7
[    5.952272] random 0083 0000 0000 45b1d0b1 845a73f7: add_timer_randomness(.. 8388864) with jiffies: 17150607215329772296, cycles: -1296136862674452469
[    5.952275] random 0083 0000 0000 45b1d0b1 845a73f7: added 2 entropy credits to input
[    5.959699] random 0085 0000 0000 45b1d0b1 845a73f7: add_disk_randomness(8:0) 45b1d0b1 845a73f7
[    5.959702] random 0085 0000 0000 45b1d0b1 845a73f7: add_timer_randomness(.. 8388864) with jiffies: 17217468122277839631, cycles: -1229275955726385141
[    5.959705] random 0085 0000 0000 45b1d0b1 845a73f7: added 1 entropy credits to input
[    5.965917] random 0086 0000 0000 45b1d0b1 845a73f7: add_disk_randomness(8:0) 45b1d0b1 845a73f7
[    5.965920] random 0086 0000 0000 45b1d0b1 845a73f7: add_timer_randomness(.. 8388864) with jiffies: 17273413988318413589, cycles: -1173330089685811189
[    5.966070] random 0086 0000 0000 45b1d0b1 845a73f7: add_disk_randomness(8:0) 45b1d0b1 845a73f7
[    5.966073] random 0086 0000 0000 45b1d0b1 845a73f7: add_timer_randomness(.. 8388864) with jiffies: 17274782416438526742, cycles: -1171961661565698037
[    5.980479] random 0086 0000 0000 45b1d0b1 845a73f7: add_disk_randomness(8:0) 45b1d0b1 845a73f7
[    5.980482] random 0086 0000 0000 45b1d0b1 845a73f7: add_timer_randomness(.. 8388864) with jiffies: 17404433945662817060, cycles: -1042310132341407733
[    5.980485] random 0086 0000 0000 45b1d0b1 845a73f7: added 3 entropy credits to input
[    5.987899] random 0089 0000 0000 45b1d0b1 845a73f7: add_disk_randomness(8:0) 45b1d0b1 845a73f7
[    5.987902] random 0089 0000 0000 45b1d0b1 845a73f7: add_timer_randomness(.. 8388864) with jiffies: 17471202493634151211, cycles: -975541584370073589
[    5.987904] random 0089 0000 0000 45b1d0b1 845a73f7: added 2 entropy credits to input
[    5.997578] random 0091 0000 0000 45b1d0b1 845a73f7: add_disk_randomness(8:0) 45b1d0b1 845a73f7
[    5.997581] random 0091 0000 0000 45b1d0b1 845a73f7: add_timer_randomness(.. 8388864) with jiffies: 17558287989262222133, cycles: -888456088742002677
[    5.997584] random 0091 0000 0000 45b1d0b1 845a73f7: added 1 entropy credits to input
[    6.008209] random 0092 0000 0000 45b1d0b1 845a73f7: add_disk_randomness(8:0) 45b1d0b1 845a73f7
[    6.008212] random 0092 0000 0000 45b1d0b1 845a73f7: add_timer_randomness(.. 8388864) with jiffies: 17653935360460948288, cycles: -792808717543276533
[    6.020725] random 0092 0000 0000 45b1d0b1 845a73f7: add_disk_randomness(8:0) 45b1d0b1 845a73f7
[    6.020729] random 0092 0000 0000 45b1d0b1 845a73f7: add_timer_randomness(.. 8388864) with jiffies: 17766565105362502476, cycles: -680178972641722357
[    6.021935] random 0092 0000 0000 45b1d0b1 845a73f7: add_disk_randomness(8:0) 45b1d0b1 845a73f7
[    6.021938] random 0092 0000 0000 45b1d0b1 845a73f7: add_timer_randomness(.. 8388864) with jiffies: 17777450699974214477, cycles: -669293378030010357
[    6.025945] random 0092 0000 0000 45b1d0b1 845a73f7: add_disk_randomness(8:0) 45b1d0b1 845a73f7
[    6.025948] random 0092 0000 0000 45b1d0b1 845a73f7: add_timer_randomness(.. 8388864) with jiffies: 17813535821194298193, cycles: -633208256809926645
[    6.025951] random 0092 0000 0000 45b1d0b1 845a73f7: added 1 entropy credits to input
[    6.035292] random 0093 0000 0000 45b1d0b1 845a73f7: add_disk_randomness(8:0) 45b1d0b1 845a73f7
[    6.035295] random 0093 0000 0000 45b1d0b1 845a73f7: add_timer_randomness(.. 8388864) with jiffies: 17897627677372416859, cycles: -549116400631807989
[    6.035298] random 0093 0000 0000 45b1d0b1 845a73f7: added 1 entropy credits to input
[    6.035637] random 0094 0000 0000 45b1d0b1 845a73f7: add_disk_randomness(8:0) 45b1d0b1 845a73f7
[    6.035640] random 0094 0000 0000 45b1d0b1 845a73f7: add_timer_randomness(.. 8388864) with jiffies: 17900737624536744795, cycles: -546006453467480053
[    6.051298] random 0094 0000 0000 45b1d0b1 845a73f7: add_disk_randomness(8:0) 45b1d0b1 845a73f7
[    6.051301] random 0094 0000 0000 45b1d0b1 845a73f7: add_timer_randomness(.. 8388864) with jiffies: 18041638188505334635, cycles: -405105889498890229
[    6.051303] random 0094 0000 0000 45b1d0b1 845a73f7: added 4 entropy credits to input
[    6.052925] random 0098 0000 0000 45b1d0b1 845a73f7: add_disk_randomness(8:0) 45b1d0b1 845a73f7
[    6.052928] random 0098 0000 0000 45b1d0b1 845a73f7: add_timer_randomness(.. 8388864) with jiffies: 18056293815215162220, cycles: -390450262789062645
[    6.053076] random 0098 0000 0000 45b1d0b1 845a73f7: add_disk_randomness(8:0) 45b1d0b1 845a73f7
[    6.053079] random 0098 0000 0000 45b1d0b1 845a73f7: add_timer_randomness(.. 8388864) with jiffies: 18057640192973177709, cycles: -389103885031047157
[    6.063949] random 0098 0000 0000 45b1d0b1 845a73f7: add_disk_randomness(8:0) 45b1d0b1 845a73f7
[    6.063952] random 0098 0000 0000 45b1d0b1 845a73f7: add_timer_randomness(.. 8388864) with jiffies: 18155483297482507127, cycles: -291260780521717749
[    6.063955] random 0098 0000 0000 45b1d0b1 845a73f7: added 3 entropy credits to input
[    6.064516] random 0101 0000 0000 45b1d0b1 845a73f7: add_disk_randomness(8:0) 45b1d0b1 845a73f7
[    6.064519] random 0101 0000 0000 45b1d0b1 845a73f7: add_timer_randomness(.. 8388864) with jiffies: 18160575668406682488, cycles: -286168409597542389
[    6.069746] random 0101 0000 0000 45b1d0b1 845a73f7: add_disk_randomness(8:0) 45b1d0b1 845a73f7
[    6.069749] random 0101 0000 0000 45b1d0b1 845a73f7: add_timer_randomness(.. 8388864) with jiffies: 18207635410320589693, cycles: -239108667683635189
[    6.069751] random 0101 0000 0000 45b1d0b1 845a73f7: added 2 entropy credits to input
[    6.071538] random 0103 0000 0000 45b1d0b1 845a73f7: add_disk_randomness(8:0) 45b1d0b1 845a73f7
[    6.071541] random 0103 0000 0000 45b1d0b1 845a73f7: add_timer_randomness(.. 8388864) with jiffies: 18223757102642070399, cycles: -222986975362154485
[    6.071543] random 0103 0000 0000 45b1d0b1 845a73f7: added 1 entropy credits to input
