[    0.000000] random 0000 0000 0000 00000000 00000000: rand_read_num 1 get_random_bytes(8): sig 00000000 00000000 00000000
[    0.000000] random 0000 0000 0000 00000000 00000000: extract_entropy(.. 8 ..)
[    0.000000] random 0000 0000 0000 00000000 00000000: going to reseed nonblocking with 64 bits (64 of 0 requested)
[    0.000000] random 0000 0000 0000 00000000 00000000: extract_entropy(.. 8 ..)
[    0.000000] random 0000 0000 0000 00000000 00000000: trying to extract 64 bits from input
[    0.000000] random 0000 0000 0000 00000000 00000000: debiting 0 entropy credits from input
[    0.000000] random 0000 0000 0000 00000000 00000000: extract_entropy account returned: 0 
[    0.000000] random 0000 0000 0000 00000000 00000000: urand_change_num 1 xfer_secondary_pool(8): pool_sig 00000000, data_sig 00000000, bytes_mixed 0 00000000 00000000
[    0.000000] random 0000 0000 0000 00000000 00000000: trying to extract 64 bits from nonblocking
[    0.000000] random 0000 0000 0000 00000000 00000000: debiting 64 entropy credits from nonblocking (unlimited)
[    0.000000] random 0000 0000 0000 00000000 00000000: extract_entropy account returned: 8 
[    0.000000] random 0000 0000 0000 00000000 00000000: urand_change_num 2 extract_buf: pool_sig 00000000, data_sig fffffff9, bytes_mixed 20 00000000 00000000
[    0.000000] Linux version 2.6.32.57 (dcashman@dcashman-02) (gcc version 4.3.3 (GCC) ) #6 Thu May 30 09:02:12 PDT 2013
[    0.000000] KERNEL supported cpus:
[    0.000000]   Intel GenuineIntel
[    0.000000]   AMD AuthenticAMD
[    0.000000]   NSC Geode by NSC
[    0.000000]   Cyrix CyrixInstead
[    0.000000]   Centaur CentaurHauls
[    0.000000]   Transmeta GenuineTMx86
[    0.000000]   Transmeta TransmetaCPU
[    0.000000]   UMC UMC UMC UMC
[    0.000000] BIOS-provided physical RAM map:
[    0.000000]  BIOS-e820: 0000000000000000 - 000000000009d800 (usable)
[    0.000000]  BIOS-e820: 000000000009d800 - 00000000000a0000 (reserved)
[    0.000000]  BIOS-e820: 00000000000d2000 - 00000000000d4000 (reserved)
[    0.000000]  BIOS-e820: 00000000000e0000 - 0000000000100000 (reserved)
[    0.000000]  BIOS-e820: 0000000000100000 - 000000003d6b0000 (usable)
[    0.000000]  BIOS-e820: 000000003d6b0000 - 000000003d6cc000 (ACPI data)
[    0.000000]  BIOS-e820: 000000003d6cc000 - 000000003d700000 (ACPI NVS)
[    0.000000]  BIOS-e820: 000000003d700000 - 000000003e000000 (reserved)
[    0.000000]  BIOS-e820: 00000000f0000000 - 00000000f4000000 (reserved)
[    0.000000]  BIOS-e820: 00000000fec00000 - 00000000fec10000 (reserved)
[    0.000000]  BIOS-e820: 00000000fed00000 - 00000000fed00400 (reserved)
[    0.000000]  BIOS-e820: 00000000fed14000 - 00000000fed1a000 (reserved)
[    0.000000]  BIOS-e820: 00000000fed1c000 - 00000000fed90000 (reserved)
[    0.000000]  BIOS-e820: 00000000fee00000 - 00000000fee01000 (reserved)
[    0.000000]  BIOS-e820: 00000000ff000000 - 0000000100000000 (reserved)
[    0.000000] DMI present.
[    0.000000] last_pfn = 0x3d6b0 max_arch_pfn = 0x100000
[    0.000000] MTRR default type: uncachable
[    0.000000] MTRR fixed ranges enabled:
[    0.000000]   00000-9FFFF write-back
[    0.000000]   A0000-BFFFF uncachable
[    0.000000]   C0000-CFFFF write-protect
[    0.000000]   D0000-DFFFF uncachable
[    0.000000]   E0000-FFFFF write-protect
[    0.000000] MTRR variable ranges enabled:
[    0.000000]   0 base 03E000000 mask FFE000000 uncachable
[    0.000000]   1 base 000000000 mask FC0000000 write-back
[    0.000000]   2 base 03D700000 mask FFFF00000 uncachable
[    0.000000]   3 base 03D800000 mask FFF800000 uncachable
[    0.000000]   4 disabled
[    0.000000]   5 disabled
[    0.000000]   6 disabled
[    0.000000]   7 disabled
[    0.000000] initial memory mapped : 0 - 02000000
[    0.000000] init_memory_mapping: 0000000000000000-00000000377fe000
[    0.000000]  0000000000 - 0000400000 page 4k
[    0.000000]  0000400000 - 0037400000 page 2M
[    0.000000]  0037400000 - 00377fe000 page 4k
[    0.000000] kernel direct mapping tables up to 377fe000 @ 7000-c000
[    0.000000] ACPI: RSDP 000f68d0 00024 (v02 LENOVO)
[    0.000000] ACPI: XSDT 3d6bb77f 00094 (v01 LENOVO TP-7L    00002170  LTP 00000000)
[    0.000000] ACPI: FACP 3d6bb900 000F4 (v03 LENOVO TP-7L    00002170 LNVO 00000001)
[    0.000000] ACPI Warning: 32/64X length mismatch in Gpe1Block: 0/32 (20090903/tbfadt-526)
[    0.000000] ACPI Warning: Optional field Gpe1Block has zero address or length: 000000000000102C/0 (20090903/tbfadt-557)
[    0.000000] ACPI: DSDT 3d6bbd1d 0FED1 (v01 LENOVO TP-7L    00002170 MSFT 03000000)
[    0.000000] ACPI: FACS 3d6e4000 00040
[    0.000000] ACPI: SSDT 3d6bbab4 00269 (v01 LENOVO TP-7L    00002170 MSFT 03000000)
[    0.000000] ACPI: ECDT 3d6cbbee 00052 (v01 LENOVO TP-7L    00002170 LNVO 00000001)
[    0.000000] ACPI: TCPA 3d6cbc40 00032 (v02 LENOVO TP-7L    00002170 LNVO 00000001)
[    0.000000] ACPI: APIC 3d6cbc72 00068 (v01 LENOVO TP-7L    00002170 LNVO 00000001)
[    0.000000] ACPI: MCFG 3d6cbcda 0003C (v01 LENOVO TP-7L    00002170 LNVO 00000001)
[    0.000000] ACPI: HPET 3d6cbd16 00038 (v01 LENOVO TP-7L    00002170 LNVO 00000001)
[    0.000000] ACPI: SLIC 3d6cbdf0 00176 (v01 LENOVO TP-7L    00002170  LTP 00000000)
[    0.000000] ACPI: BOOT 3d6cbf66 00028 (v01 LENOVO TP-7L    00002170  LTP 00000001)
[    0.000000] ACPI: ASF! 3d6cbf8e 00072 (v16 LENOVO TP-7L    00002170 PTL  00000001)
[    0.000000] ACPI: SSDT 3d6e26d9 0025F (v01 LENOVO TP-7L    00002170 INTL 20050513)
[    0.000000] ACPI: SSDT 3d6e2938 000A6 (v01 LENOVO TP-7L    00002170 INTL 20050513)
[    0.000000] ACPI: SSDT 3d6e29de 004F7 (v01 LENOVO TP-7L    00002170 INTL 20050513)
[    0.000000] ACPI: SSDT 3d6e2ed5 001D8 (v01 LENOVO TP-7L    00002170 INTL 20050513)
[    0.000000] ACPI: DMI detected: Lenovo ThinkPad R61
[    0.000000] ACPI: Added _OSI(Linux)
[    0.000000] ACPI: Local APIC address 0xfee00000
[    0.000000] 94MB HIGHMEM available.
[    0.000000] 887MB LOWMEM available.
[    0.000000]   mapped low ram: 0 - 377fe000
[    0.000000]   low ram: 0 - 377fe000
[    0.000000]   node 0 low ram: 00000000 - 377fe000
[    0.000000]   node 0 bootmap 00008000 - 0000ef00
[    0.000000] (6 early reservations) ==> bootmem [0000000000 - 00377fe000]
[    0.000000]   #0 [0000000000 - 0000001000]   BIOS data page ==> [0000000000 - 0000001000]
[    0.000000]   #1 [0001000000 - 0001bdc180]    TEXT DATA BSS ==> [0001000000 - 0001bdc180]
[    0.000000]   #2 [000009d800 - 0000100000]    BIOS reserved ==> [000009d800 - 0000100000]
[    0.000000]   #3 [0001bdd000 - 0001be516c]              BRK ==> [0001bdd000 - 0001be516c]
[    0.000000]   #4 [0000007000 - 0000008000]          PGTABLE ==> [0000007000 - 0000008000]
[    0.000000]   #5 [0000008000 - 000000f000]          BOOTMAP ==> [0000008000 - 000000f000]
[    0.000000] found SMP MP-table at [c00f6900] f6900
[    0.000000] Zone PFN ranges:
[    0.000000]   DMA      0x00000000 -> 0x00001000
[    0.000000]   Normal   0x00001000 -> 0x000377fe
[    0.000000]   HighMem  0x000377fe -> 0x0003d6b0
[    0.000000] Movable zone start PFN for each node
[    0.000000] early_node_map[2] active PFN ranges
[    0.000000]     0: 0x00000000 -> 0x0000009d
[    0.000000]     0: 0x00000100 -> 0x0003d6b0
[    0.000000] On node 0 totalpages: 251469
[    0.000000] free_area_init_node: node 0, pgdat c1901ea0, node_mem_map c1be7000
[    0.000000]   DMA zone: 32 pages used for memmap
[    0.000000]   DMA zone: 0 pages reserved
[    0.000000]   DMA zone: 3965 pages, LIFO batch:0
[    0.000000]   Normal zone: 1744 pages used for memmap
[    0.000000]   Normal zone: 221486 pages, LIFO batch:31
[    0.000000]   HighMem zone: 190 pages used for memmap
[    0.000000]   HighMem zone: 24052 pages, LIFO batch:3
[    0.000000] Using APIC driver default
[    0.000000] ACPI: PM-Timer IO Port: 0x1008
[    0.000000] ACPI: Local APIC address 0xfee00000
[    0.000000] ACPI: LAPIC (acpi_id[0x00] lapic_id[0x00] enabled)
[    0.000000] ACPI: LAPIC (acpi_id[0x01] lapic_id[0x01] enabled)
[    0.000000] ACPI: NR_CPUS/possible_cpus limit of 1 reached.  Processor 1/0x1 ignored.
[    0.000000] ACPI: LAPIC_NMI (acpi_id[0x00] high edge lint[0x1])
[    0.000000] ACPI: LAPIC_NMI (acpi_id[0x01] high edge lint[0x1])
[    0.000000] ACPI: IOAPIC (id[0x01] address[0xfec00000] gsi_base[0])
[    0.000000] IOAPIC[0]: apic_id 1, version 32, address 0xfec00000, GSI 0-23
[    0.000000] ACPI: INT_SRC_OVR (bus 0 bus_irq 0 global_irq 2 dfl dfl)
[    0.000000] ACPI: INT_SRC_OVR (bus 0 bus_irq 9 global_irq 9 high level)
[    0.000000] ACPI: IRQ0 used by override.
[    0.000000] ACPI: IRQ2 used by override.
[    0.000000] ACPI: IRQ9 used by override.
[    0.000000] Using ACPI (MADT) for SMP configuration information
[    0.000000] ACPI: HPET id: 0x8086a201 base: 0xfed00000
[    0.000000] nr_irqs_gsi: 24
[    0.000000] PM: Registered nosave memory: 000000000009d000 - 000000000009e000
[    0.000000] PM: Registered nosave memory: 000000000009e000 - 00000000000a0000
[    0.000000] PM: Registered nosave memory: 00000000000a0000 - 00000000000d2000
[    0.000000] PM: Registered nosave memory: 00000000000d2000 - 00000000000d4000
[    0.000000] PM: Registered nosave memory: 00000000000d4000 - 00000000000e0000
[    0.000000] PM: Registered nosave memory: 00000000000e0000 - 0000000000100000
[    0.000000] Allocating PCI resources starting at 3e000000 (gap: 3e000000:b2000000)
[    0.000000] Built 1 zonelists in Zone order, mobility grouping on.  Total pages: 249503
[    0.000000] Kernel command line: auto BOOT_IMAGE=Linux ro root=802 vt.default_utf8=0 maxcpus=0
[    0.000000] PID hash table entries: 4096 (order: 2, 16384 bytes)
[    0.000000] Dentry cache hash table entries: 131072 (order: 7, 524288 bytes)
[    0.000000] Inode-cache hash table entries: 65536 (order: 6, 262144 bytes)
[    0.000000] Enabling fast FPU save and restore... done.
[    0.000000] Enabling unmasked SIMD FPU exception support... done.
[    0.000000] Initializing CPU#0
[    0.000000] Initializing HighMem for node 0 (000377fe:0003d6b0)
[    0.000000] Memory: 984800k/1006272k available (6915k kernel code, 20876k reserved, 2327k data, 448k init, 96968k highmem)
[    0.000000] virtual kernel memory layout:
[    0.000000]     fixmap  : 0xfffa3000 - 0xfffff000   ( 368 kB)
[    0.000000]     pkmap   : 0xff800000 - 0xffc00000   (4096 kB)
[    0.000000]     vmalloc : 0xf7ffe000 - 0xff7fe000   ( 120 MB)
[    0.000000]     lowmem  : 0xc0000000 - 0xf77fe000   ( 887 MB)
[    0.000000]       .init : 0xc1907000 - 0xc1977000   ( 448 kB)
[    0.000000]       .data : 0xc16c0d3f - 0xc1906c64   (2327 kB)
[    0.000000]       .text : 0xc1000000 - 0xc16c0d3f   (6915 kB)
[    0.000000] Checking if this processor honours the WP bit even in supervisor mode...Ok.
[    0.000000] SLUB: Genslabs=13, HWalign=64, Order=0-3, MinObjects=0, CPUs=1, Nodes=1
[    0.000000] Hierarchical RCU implementation.
[    0.000000] NR_IRQS:288
[    0.000000] Extended CMOS year: 2000
[    0.000000] Console: colour VGA+ 80x25
[    0.000000] console [tty0] enabled
[    0.000000] hpet clockevent registered
[    0.000000] Fast TSC calibration failed
[    0.000000] TSC: PIT calibration matches HPET. 1 loops
[    0.000000] Detected 2094.737 MHz processor.
[    0.002002] Calibrating delay loop (skipped), value calculated using timer frequency.. 4189.47 BogoMIPS (lpj=2094737)
[    0.002171] Security Framework initialized
[    0.002256] Mount-cache hash table entries: 512
[    0.002401] CPU: L1 I cache: 32K, L1 D cache: 32K
[    0.002538] CPU: L2 cache: 3072K
[    0.002621] mce: CPU supports 6 MCE banks
[    0.002708] CPU0: Thermal monitoring enabled (TM2)
[    0.002792] using mwait in idle threads.
[    0.003007] CPU: Intel(R) Core(TM)2 Duo CPU     T8100  @ 2.10GHz stepping 06
[    0.003189] Checking 'hlt' instruction... OK.
[    0.007936] ACPI: Core revision 20090903
[    0.027011] RANDOM get_random_int first call with cycles 38202057778, jiffies 4294667323 and pid 0
[    0.027019] CANARY value: d544c27d for PID: 1
[    0.027026] CANARY value: 96d0da04 for PID: 2
[    0.027050] Enabling APIC mode:  Flat.  Using 1 I/O APICs
[    0.027509] ..TIMER: vector=0x30 apic1=0 pin1=2 apic2=-1 pin2=-1
[    0.037997] xor: automatically using best checksumming function: pIII_sse
[    0.041998]    pIII_sse  :  8568.000 MB/sec
[    0.042086] xor: using function: pIII_sse (8568.000 MB/sec)
[    0.042180] RANDOM - __seed init called.
[    0.042181] RANDOM - __seed init called.
[    0.042182] RANDOM - __seed init called.
[    0.042183] RANDOM - __random32 called. Change num 1.  Value: f7943846	49e73df3	af36cd0d
[    0.042185] RANDOM - __random32 called. Change num 2.  Value: 43846e13	9e73df37	9a1ad014
[    0.042187] RANDOM - __random32 called. Change num 3.  Value: 46e139c8	e73df373	a029598a
[    0.042189] RANDOM - __random32 called. Change num 4.  Value: 139c8c3b	73df373d	b3142c72
[    0.042191] RANDOM - __random32 called. Change num 5.  Value: c8c3b043	3df373de	58e576a9
[    0.042192] RANDOM - __random32 called. Change num 6.  Value: 3b0437d9	df373de5	ed53f9d8
[    0.042194] RANDOM - random32 init called.  Value: 3b0437d9	df373de5	ed53f9d8
[    0.042211] NET: Registered protocol family 16
[    0.042471] ACPI FADT declares the system doesn't support PCIe ASPM, so disable it
[    0.042593] ACPI: bus type pci registered
[    0.042762] PCI: MCFG configuration 0: base f0000000 segment 0 buses 0 - 63
[    0.042858] PCI: MCFG area at f0000000 reserved in E820
[    0.042943] PCI: Using MMCONFIG for extended config space
[    0.043002] PCI: Using configuration type 1 for base access
[    0.046140] bio: create slab <bio-0> at 0
[    0.046948] ACPI: EC: EC description table is found, configuring boot EC
[    0.052119] ACPI: BIOS _OSI(Linux) query honored via DMI
[    0.052837] random 0000 0000 0000 00000000 00000000: rand_read_num 2 get_random_bytes(8): sig fffffe1a 00000000 00000000
[    0.052840] random 0000 0000 0000 00000000 00000000: extract_entropy(.. 8 ..)
[    0.052842] random 0000 0000 0000 00000000 00000000: going to reseed nonblocking with 64 bits (64 of 0 requested)
[    0.052845] random 0000 0000 0000 00000000 00000000: extract_entropy(.. 8 ..)
[    0.052847] random 0000 0000 0000 00000000 00000000: trying to extract 64 bits from input
[    0.052849] random 0000 0000 0000 00000000 00000000: debiting 0 entropy credits from input
[    0.052851] random 0000 0000 0000 00000000 00000000: extract_entropy account returned: 0 
[    0.052880] random 0000 0000 0000 00000000 00000000: urand_change_num 3 xfer_secondary_pool(8): pool_sig fffffe1a, data_sig 00000000, bytes_mixed 0 00000000 00000000
[    0.052883] random 0000 0000 0000 00000000 00000000: trying to extract 64 bits from nonblocking
[    0.052885] random 0000 0000 0000 00000000 00000000: debiting 64 entropy credits from nonblocking (unlimited)
[    0.052888] random 0000 0000 0000 00000000 00000000: extract_entropy account returned: 8 
[    0.052892] random 0000 0000 0000 00000000 00000000: urand_change_num 4 extract_buf: pool_sig fffffe1a, data_sig fffffed7, bytes_mixed 20 00000000 00000000
[    0.058741] ACPI: Interpreter enabled
[    0.058831] ACPI: (supports S0 S3 S4 S5)
[    0.059136] ACPI: Using IOAPIC for interrupt routing
[    0.068852] ACPI: EC: GPE = 0x12, I/O: command/status = 0x66, data = 0x62
[    0.069128] ACPI: Power Resource [PUBS] (on)
[    0.071270] ACPI: ACPI Dock Station Driver: 3 docks/bays found
[    0.071680] ACPI: PCI Root Bridge [PCI0] (0000:00)
[    0.071856] pci 0000:00:02.0: reg 10 64bit mmio: [0xf8100000-0xf81fffff]
[    0.071862] pci 0000:00:02.0: reg 18 64bit mmio pref: [0xe0000000-0xefffffff]
[    0.071866] pci 0000:00:02.0: reg 20 io port: [0x1800-0x1807]
[    0.071901] pci 0000:00:02.1: reg 10 64bit mmio: [0xf8200000-0xf82fffff]
[    0.072017] pci 0000:00:19.0: reg 10 32bit mmio: [0xfe000000-0xfe01ffff]
[    0.072027] pci 0000:00:19.0: reg 14 32bit mmio: [0xfe025000-0xfe025fff]
[    0.072034] pci 0000:00:19.0: reg 18 io port: [0x1840-0x185f]
[    0.072104] pci 0000:00:19.0: PME# supported from D0 D3hot D3cold
[    0.072201] pci 0000:00:19.0: PME# disabled
[    0.072352] pci 0000:00:1a.0: reg 20 io port: [0x1860-0x187f]
[    0.072421] pci 0000:00:1a.1: reg 20 io port: [0x1880-0x189f]
[    0.072502] pci 0000:00:1a.7: reg 10 32bit mmio: [0xfe226c00-0xfe226fff]
[    0.072580] pci 0000:00:1a.7: PME# supported from D0 D3hot D3cold
[    0.072676] pci 0000:00:1a.7: PME# disabled
[    0.072822] pci 0000:00:1b.0: reg 10 64bit mmio: [0xfe020000-0xfe023fff]
[    0.072906] pci 0000:00:1b.0: PME# supported from D0 D3hot D3cold
[    0.072999] pci 0000:00:1b.0: PME# disabled
[    0.073199] pci 0000:00:1c.0: PME# supported from D0 D3hot D3cold
[    0.073292] pci 0000:00:1c.0: PME# disabled
[    0.073493] pci 0000:00:1c.1: PME# supported from D0 D3hot D3cold
[    0.073588] pci 0000:00:1c.1: PME# disabled
[    0.073801] pci 0000:00:1c.2: PME# supported from D0 D3hot D3cold
[    0.073893] pci 0000:00:1c.2: PME# disabled
[    0.074109] pci 0000:00:1c.3: PME# supported from D0 D3hot D3cold
[    0.074848] pci 0000:00:1c.3: PME# disabled
[    0.075047] pci 0000:00:1c.4: PME# supported from D0 D3hot D3cold
[    0.075137] pci 0000:00:1c.4: PME# disabled
[    0.075310] pci 0000:00:1d.0: reg 20 io port: [0x18a0-0x18bf]
[    0.075397] pci 0000:00:1d.1: reg 20 io port: [0x18c0-0x18df]
[    0.075473] pci 0000:00:1d.2: reg 20 io port: [0x18e0-0x18ff]
[    0.075572] pci 0000:00:1d.7: reg 10 32bit mmio: [0xfe227000-0xfe2273ff]
[    0.075673] pci 0000:00:1d.7: PME# supported from D0 D3hot D3cold
[    0.075768] pci 0000:00:1d.7: PME# disabled
[    0.076058] pci 0000:00:1f.0: quirk: region 1000-107f claimed by ICH6 ACPI/GPIO/TCO
[    0.076186] pci 0000:00:1f.0: quirk: region 1180-11bf claimed by ICH6 GPIO
[    0.076282] pci 0000:00:1f.0: ICH7 LPC Generic IO decode 1 PIO at 1600 (mask 007f)
[    0.076409] pci 0000:00:1f.0: ICH7 LPC Generic IO decode 2 PIO at 15e0 (mask 000f)
[    0.076532] pci 0000:00:1f.0: ICH7 LPC Generic IO decode 3 PIO at 1680 (mask 001f)
[    0.076741] pci 0000:00:1f.1: reg 10 io port: [0x00-0x07]
[    0.076750] pci 0000:00:1f.1: reg 14 io port: [0x00-0x03]
[    0.076762] pci 0000:00:1f.1: reg 18 io port: [0x00-0x07]
[    0.076771] pci 0000:00:1f.1: reg 1c io port: [0x00-0x03]
[    0.076785] pci 0000:00:1f.1: reg 20 io port: [0x1c00-0x1c0f]
[    0.076872] pci 0000:00:1f.2: reg 10 io port: [0x1c50-0x1c57]
[    0.076881] pci 0000:00:1f.2: reg 14 io port: [0x1c44-0x1c47]
[    0.076890] pci 0000:00:1f.2: reg 18 io port: [0x1c48-0x1c4f]
[    0.076897] pci 0000:00:1f.2: reg 1c io port: [0x1c40-0x1c43]
[    0.076905] pci 0000:00:1f.2: reg 20 io port: [0x1c20-0x1c3f]
[    0.076914] pci 0000:00:1f.2: reg 24 32bit mmio: [0xfe226000-0xfe2267ff]
[    0.076972] pci 0000:00:1f.2: PME# supported from D3hot
[    0.076998] pci 0000:00:1f.2: PME# disabled
[    0.077122] pci 0000:00:1f.3: reg 10 32bit mmio: [0xfe227400-0xfe2274ff]
[    0.077147] pci 0000:00:1f.3: reg 20 io port: [0x1c60-0x1c7f]
[    0.077231] pci 0000:00:1c.0: bridge io port: [0x2000-0x2fff]
[    0.077238] pci 0000:00:1c.0: bridge 32bit mmio: [0xfc000000-0xfdffffff]
[    0.077247] pci 0000:00:1c.0: bridge 64bit mmio pref: [0xf8000000-0xf80fffff]
[    0.077321] pci 0000:03:00.0: reg 10 64bit mmio: [0xdf3f0000-0xdf3fffff]
[    0.077516] pci 0000:00:1c.1: bridge io port: [0x3000-0x3fff]
[    0.077522] pci 0000:00:1c.1: bridge 32bit mmio: [0xdc000000-0xdf3fffff]
[    0.077531] pci 0000:00:1c.1: bridge 64bit mmio pref: [0xdfe00000-0xdfefffff]
[    0.077588] pci 0000:00:1c.2: bridge io port: [0x4000-0x4fff]
[    0.077594] pci 0000:00:1c.2: bridge 32bit mmio: [0xd8000000-0xd9ffffff]
[    0.077603] pci 0000:00:1c.2: bridge 64bit mmio pref: [0xdfb00000-0xdfbfffff]
[    0.077657] pci 0000:00:1c.3: bridge io port: [0x5000-0x5fff]
[    0.077663] pci 0000:00:1c.3: bridge 32bit mmio: [0xd4000000-0xd5ffffff]
[    0.077672] pci 0000:00:1c.3: bridge 64bit mmio pref: [0xdf800000-0xdf8fffff]
[    0.077728] pci 0000:00:1c.4: bridge io port: [0x6000-0x6fff]
[    0.077735] pci 0000:00:1c.4: bridge 32bit mmio: [0xd0000000-0xd1ffffff]
[    0.077744] pci 0000:00:1c.4: bridge 64bit mmio pref: [0xdf500000-0xdf5fffff]
[    0.077802] pci 0000:15:00.0: reg 10 32bit mmio: [0xf8300000-0xf8300fff]
[    0.077852] pci 0000:15:00.0: supports D1 D2
[    0.077854] pci 0000:15:00.0: PME# supported from D0 D1 D2 D3hot D3cold
[    0.077999] pci 0000:15:00.0: PME# disabled
[    0.078148] pci 0000:15:00.1: reg 10 32bit mmio: [0xf8301000-0xf83017ff]
[    0.078250] pci 0000:15:00.1: supports D1 D2
[    0.078252] pci 0000:15:00.1: PME# supported from D0 D1 D2 D3hot D3cold
[    0.078347] pci 0000:15:00.1: PME# disabled
[    0.078527] pci 0000:00:1e.0: transparent bridge
[    0.078619] pci 0000:00:1e.0: bridge io port: [0x7000-0xafff]
[    0.078628] pci 0000:00:1e.0: bridge 32bit mmio: [0xf8300000-0xfbffffff]
[    0.078637] pci 0000:00:1e.0: bridge 64bit mmio pref: [0xf4000000-0xf7ffffff]
[    0.078705] pci_bus 0000:00: on NUMA node 0
[    0.078709] ACPI: PCI Interrupt Routing Table [\_SB_.PCI0._PRT]
[    0.078843] ACPI: PCI Interrupt Routing Table [\_SB_.PCI0.EXP0._PRT]
[    0.078902] ACPI: PCI Interrupt Routing Table [\_SB_.PCI0.EXP1._PRT]
[    0.078960] ACPI: PCI Interrupt Routing Table [\_SB_.PCI0.EXP2._PRT]
[    0.079047] ACPI: PCI Interrupt Routing Table [\_SB_.PCI0.EXP3._PRT]
[    0.079110] ACPI: PCI Interrupt Routing Table [\_SB_.PCI0.EXP4._PRT]
[    0.079173] ACPI: PCI Interrupt Routing Table [\_SB_.PCI0.PCI1._PRT]
[    0.084626] ACPI: PCI Interrupt Link [LNKA] (IRQs 3 4 5 6 7 9 *10 11)
[    0.085403] ACPI: PCI Interrupt Link [LNKB] (IRQs 3 4 5 6 7 9 10 *11)
[    0.086159] ACPI: PCI Interrupt Link [LNKC] (IRQs 3 4 5 6 7 9 10 *11)
[    0.087002] ACPI: PCI Interrupt Link [LNKD] (IRQs 3 4 5 6 7 9 10 *11)
[    0.087787] ACPI: PCI Interrupt Link [LNKE] (IRQs 3 4 5 6 7 9 10 *11)
[    0.088570] ACPI: PCI Interrupt Link [LNKF] (IRQs 3 4 5 6 7 9 10 *11)
[    0.089348] ACPI: PCI Interrupt Link [LNKG] (IRQs 3 4 5 6 7 9 10 *11)
[    0.090176] ACPI: PCI Interrupt Link [LNKH] (IRQs 3 4 5 6 7 9 10 *11)
[    0.090936] vgaarb: device added: PCI:0000:00:02.0,decodes=io+mem,owns=io+mem,locks=none
[    0.091001] vgaarb: loaded
[    0.091182] SCSI subsystem initialized
[    0.091280] libata version 3.00 loaded.
[    0.091327] usbcore: registered new interface driver usbfs
[    0.091450] usbcore: registered new interface driver hub
[    0.091568] usbcore: registered new device driver usb
[    0.108040] raid6: int32x1    941 MB/s
[    0.124991] raid6: int32x2    886 MB/s
[    0.141988] raid6: int32x4    746 MB/s
[    0.158994] raid6: int32x8    656 MB/s
[    0.175984] raid6: mmxx1     2878 MB/s
[    0.192987] raid6: mmxx2     3253 MB/s
[    0.209993] raid6: sse1x1    1937 MB/s
[    0.226977] raid6: sse1x2    2531 MB/s
[    0.243985] raid6: sse2x1    3507 MB/s
[    0.260975] raid6: sse2x2    3820 MB/s
[    0.261064] raid6: using algorithm sse2x2 (3820 MB/s)
[    0.261151] PCI: Using ACPI for IRQ routing
[    0.261450] HPET: 3 timers in total, 0 timers will be used for per-cpu timer
[    0.261990] Switching to clocksource tsc
[    0.262095] pnp: PnP ACPI init
[    0.262185] ACPI: bus type pnp registered
[    0.265831] pnp: PnP ACPI: found 11 devices
[    0.265933] ACPI: ACPI bus type pnp unregistered
[    0.266025] system 00:00: iomem range 0x0-0x9ffff could not be reserved
[    0.266119] system 00:00: iomem range 0xc0000-0xc3fff could not be reserved
[    0.266214] system 00:00: iomem range 0xc4000-0xc7fff could not be reserved
[    0.266304] system 00:00: iomem range 0xc8000-0xcbfff has been reserved
[    0.266396] system 00:00: iomem range 0xcc000-0xcffff has been reserved
[    0.266491] system 00:00: iomem range 0xd0000-0xd3fff could not be reserved
[    0.266583] system 00:00: iomem range 0xe0000-0xe3fff could not be reserved
[    0.266675] system 00:00: iomem range 0xe4000-0xe7fff could not be reserved
[    0.266768] system 00:00: iomem range 0xe8000-0xebfff could not be reserved
[    0.266861] system 00:00: iomem range 0xec000-0xeffff could not be reserved
[    0.266953] system 00:00: iomem range 0xf0000-0xfffff could not be reserved
[    0.267045] system 00:00: iomem range 0x100000-0x3dffffff could not be reserved
[    0.267167] system 00:00: iomem range 0xfec00000-0xfed3ffff could not be reserved
[    0.267290] system 00:00: iomem range 0xfed4c000-0xffffffff could not be reserved
[    0.267418] system 00:02: ioport range 0x164e-0x164f has been reserved
[    0.267510] system 00:02: ioport range 0x1000-0x107f has been reserved
[    0.267601] system 00:02: ioport range 0x1180-0x11bf has been reserved
[    0.267693] system 00:02: ioport range 0x800-0x80f has been reserved
[    0.267781] system 00:02: ioport range 0x15e0-0x15ef has been reserved
[    0.267876] system 00:02: ioport range 0x1600-0x165f could not be reserved
[    0.267970] system 00:02: iomem range 0xf0000000-0xf3ffffff has been reserved
[    0.268061] system 00:02: iomem range 0xfed1c000-0xfed1ffff has been reserved
[    0.268153] system 00:02: iomem range 0xfed14000-0xfed17fff has been reserved
[    0.268252] system 00:02: iomem range 0xfed18000-0xfed18fff has been reserved
[    0.268342] system 00:02: iomem range 0xfed19000-0xfed19fff has been reserved
[    0.268432] system 00:02: iomem range 0xfed45000-0xfed4bfff has been reserved
[    0.303476] pci 0000:00:1c.0: PCI bridge, secondary bus 0000:02
[    0.303568] pci 0000:00:1c.0:   IO window: 0x2000-0x2fff
[    0.303663] pci 0000:00:1c.0:   MEM window: 0xfc000000-0xfdffffff
[    0.303757] pci 0000:00:1c.0:   PREFETCH window: 0x000000f8000000-0x000000f80fffff
[    0.303891] pci 0000:00:1c.1: PCI bridge, secondary bus 0000:03
[    0.303985] pci 0000:00:1c.1:   IO window: 0x3000-0x3fff
[    0.304076] pci 0000:00:1c.1:   MEM window: 0xdc000000-0xdf3fffff
[    0.304170] pci 0000:00:1c.1:   PREFETCH window: 0x000000dfe00000-0x000000dfefffff
[    0.304299] pci 0000:00:1c.2: PCI bridge, secondary bus 0000:04
[    0.304391] pci 0000:00:1c.2:   IO window: 0x4000-0x4fff
[    0.304482] pci 0000:00:1c.2:   MEM window: 0xd8000000-0xd9ffffff
[    0.304581] pci 0000:00:1c.2:   PREFETCH window: 0x000000dfb00000-0x000000dfbfffff
[    0.304711] pci 0000:00:1c.3: PCI bridge, secondary bus 0000:05
[    0.304802] pci 0000:00:1c.3:   IO window: 0x5000-0x5fff
[    0.304898] pci 0000:00:1c.3:   MEM window: 0xd4000000-0xd5ffffff
[    0.304993] pci 0000:00:1c.3:   PREFETCH window: 0x000000df800000-0x000000df8fffff
[    0.305121] pci 0000:00:1c.4: PCI bridge, secondary bus 0000:0d
[    0.305213] pci 0000:00:1c.4:   IO window: 0x6000-0x6fff
[    0.305306] pci 0000:00:1c.4:   MEM window: 0xd0000000-0xd1ffffff
[    0.305401] pci 0000:00:1c.4:   PREFETCH window: 0x000000df500000-0x000000df5fffff
[    0.305535] pci 0000:15:00.0: CardBus bridge, secondary bus 0000:16
[    0.305627] pci 0000:15:00.0:   IO window: 0x007000-0x0070ff
[    0.305720] pci 0000:15:00.0:   IO window: 0x007400-0x0074ff
[    0.305814] pci 0000:15:00.0:   PREFETCH window: 0xf4000000-0xf7ffffff
[    0.305916] pci 0000:15:00.0:   MEM window: 0x40000000-0x43ffffff
[    0.306012] pci 0000:00:1e.0: PCI bridge, secondary bus 0000:15
[    0.306105] pci 0000:00:1e.0:   IO window: 0x7000-0xafff
[    0.306204] pci 0000:00:1e.0:   MEM window: 0xf8300000-0xfbffffff
[    0.306301] pci 0000:00:1e.0:   PREFETCH window: 0x000000f4000000-0x000000f7ffffff
[    0.306441] pci 0000:00:1c.0: PCI INT A -> GSI 20 (level, low) -> IRQ 20
[    0.306538] pci 0000:00:1c.0: setting latency timer to 64
[    0.306553] pci 0000:00:1c.1: PCI INT B -> GSI 21 (level, low) -> IRQ 21
[    0.306650] pci 0000:00:1c.1: setting latency timer to 64
[    0.306663] pci 0000:00:1c.2: PCI INT C -> GSI 22 (level, low) -> IRQ 22
[    0.306755] pci 0000:00:1c.2: setting latency timer to 64
[    0.306769] pci 0000:00:1c.3: PCI INT D -> GSI 23 (level, low) -> IRQ 23
[    0.306870] pci 0000:00:1c.3: setting latency timer to 64
[    0.306883] pci 0000:00:1c.4: PCI INT A -> GSI 20 (level, low) -> IRQ 20
[    0.306980] pci 0000:00:1c.4: setting latency timer to 64
[    0.306989] pci 0000:00:1e.0: enabling device (0005 -> 0007)
[    0.307084] pci 0000:00:1e.0: setting latency timer to 64
[    0.307100] pci 0000:15:00.0: PCI INT A -> GSI 16 (level, low) -> IRQ 16
[    0.307195] pci 0000:15:00.0: setting latency timer to 64
[    0.307199] pci_bus 0000:00: resource 0 io:  [0x00-0xffff]
[    0.307201] pci_bus 0000:00: resource 1 mem: [0x000000-0xffffffff]
[    0.307203] pci_bus 0000:02: resource 0 io:  [0x2000-0x2fff]
[    0.307205] pci_bus 0000:02: resource 1 mem: [0xfc000000-0xfdffffff]
[    0.307207] pci_bus 0000:02: resource 2 pref mem [0xf8000000-0xf80fffff]
[    0.307209] pci_bus 0000:03: resource 0 io:  [0x3000-0x3fff]
[    0.307210] pci_bus 0000:03: resource 1 mem: [0xdc000000-0xdf3fffff]
[    0.307212] pci_bus 0000:03: resource 2 pref mem [0xdfe00000-0xdfefffff]
[    0.307214] pci_bus 0000:04: resource 0 io:  [0x4000-0x4fff]
[    0.307216] pci_bus 0000:04: resource 1 mem: [0xd8000000-0xd9ffffff]
[    0.307218] pci_bus 0000:04: resource 2 pref mem [0xdfb00000-0xdfbfffff]
[    0.307220] pci_bus 0000:05: resource 0 io:  [0x5000-0x5fff]
[    0.307221] pci_bus 0000:05: resource 1 mem: [0xd4000000-0xd5ffffff]
[    0.307223] pci_bus 0000:05: resource 2 pref mem [0xdf800000-0xdf8fffff]
[    0.307225] pci_bus 0000:0d: resource 0 io:  [0x6000-0x6fff]
[    0.307227] pci_bus 0000:0d: resource 1 mem: [0xd0000000-0xd1ffffff]
[    0.307229] pci_bus 0000:0d: resource 2 pref mem [0xdf500000-0xdf5fffff]
[    0.307231] pci_bus 0000:15: resource 0 io:  [0x7000-0xafff]
[    0.307232] pci_bus 0000:15: resource 1 mem: [0xf8300000-0xfbffffff]
[    0.307234] pci_bus 0000:15: resource 2 pref mem [0xf4000000-0xf7ffffff]
[    0.307236] pci_bus 0000:15: resource 3 io:  [0x00-0xffff]
[    0.307238] pci_bus 0000:15: resource 4 mem: [0x000000-0xffffffff]
[    0.307240] pci_bus 0000:16: resource 0 io:  [0x7000-0x70ff]
[    0.307241] pci_bus 0000:16: resource 1 io:  [0x7400-0x74ff]
[    0.307243] pci_bus 0000:16: resource 2 pref mem [0xf4000000-0xf7ffffff]
[    0.307245] pci_bus 0000:16: resource 3 mem: [0x40000000-0x43ffffff]
[    0.307253] NET: Registered protocol family 2
[    0.307340] RANDOM - __random32 called. Change num 7.  Value: 437d97bf	f373de51	f3b0f986
[    0.307342] RANDOM - random32 called.  Value: 437d97bf	f373de51	f3b0f986
[    0.307347] random 0000 0000 0000 5f8db4e5 4cfdf2a8: rand_read_num 3 get_random_bytes(4): sig fffffb64 5f8db4e5 4cfdf2a8
[    0.307349] random 0000 0000 0000 5f8db4e5 4cfdf2a8: extract_entropy(.. 4 ..)
[    0.307352] random 0000 0000 0000 5f8db4e5 4cfdf2a8: going to reseed nonblocking with 64 bits (32 of 0 requested)
[    0.307354] random 0000 0000 0000 5f8db4e5 4cfdf2a8: extract_entropy(.. 8 ..)
[    0.307356] random 0000 0000 0000 5f8db4e5 4cfdf2a8: trying to extract 64 bits from input
[    0.307358] random 0000 0000 0000 5f8db4e5 4cfdf2a8: debiting 0 entropy credits from input
[    0.307360] random 0000 0000 0000 5f8db4e5 4cfdf2a8: extract_entropy account returned: 0 
[    0.307363] random 0000 0000 0000 5f8db4e5 4cfdf2a8: urand_change_num 5 xfer_secondary_pool(4): pool_sig fffffb64, data_sig 00000000, bytes_mixed 0 5f8db4e5 4cfdf2a8
[    0.307366] random 0000 0000 0000 5f8db4e5 4cfdf2a8: trying to extract 32 bits from nonblocking
[    0.307368] random 0000 0000 0000 5f8db4e5 4cfdf2a8: debiting 32 entropy credits from nonblocking (unlimited)
[    0.307371] random 0000 0000 0000 5f8db4e5 4cfdf2a8: extract_entropy account returned: 4 
[    0.307375] random 0000 0000 0000 5f8db4e5 4cfdf2a8: urand_change_num 6 extract_buf: pool_sig fffffb64, data_sig 00000241, bytes_mixed 20 5f8db4e5 4cfdf2a8
[    0.307384] IP route cache hash table entries: 32768 (order: 5, 131072 bytes)
[    0.307513] RANDOM - __random32 called. Change num 8.  Value: d97bfe31	373de51f	f30dc6e6
[    0.307514] RANDOM - random32 called.  Value: d97bfe31	373de51f	f30dc6e6
[    0.307525] RANDOM - __random32 called. Change num 9.  Value: bfe314d7	73de51f5	8dcd6c7e
[    0.307527] RANDOM - random32 called.  Value: bfe314d7	73de51f5	8dcd6c7e
[    0.307529] RANDOM - __random32 called. Change num 10.  Value: 314d7baf	3de51f5e	d8fc74c1
[    0.307530] RANDOM - random32 called.  Value: 314d7baf	3de51f5e	d8fc74c1
[    0.307541] RANDOM - __random32 called. Change num 11.  Value: d7baf3c7	de51f5e5	e983e3fa
[    0.307542] RANDOM - random32 called.  Value: d7baf3c7	de51f5e5	e983e3fa
[    0.307553] TCP established hash table entries: 131072 (order: 8, 1048576 bytes)
[    0.308046] TCP bind hash table entries: 65536 (order: 6, 262144 bytes)
[    0.308232] TCP: Hash tables configured (established 131072 bind 65536)
[    0.308328] TCP reno registered
[    0.308432] NET: Registered protocol family 1
[    0.308545] RPC: Registered udp transport module.
[    0.308636] RPC: Registered tcp transport module.
[    0.308726] RPC: Registered tcp NFSv4.1 backchannel transport module.
[    0.308824] pci 0000:00:02.0: Boot video device
[    0.309067] Simple Boot Flag at 0x35 set to 0x1
[    0.309586] highmem bounce pool size: 64 pages
[    0.311164] VFS: Disk quotas dquot_6.5.2
[    0.311287] Dquot-cache hash table entries: 1024 (order 0, 4096 bytes)
[    0.311964] NTFS driver 2.1.29 [Flags: R/W].
[    0.312126] ROMFS MTD (C) 2007 Red Hat, Inc.
[    0.312333] JFS: nTxBlock = 7695, nTxLock = 61562
[    0.314798] SGI XFS with ACLs, security attributes, large block/inode numbers, no debug enabled
[    0.315308] SGI XFS Quota Management subsystem
[    0.315594] Slow work thread pool: Starting up
[    0.315696] Slow work thread pool: Ready
[    0.315790] GFS2 (built May 24 2013 02:47:17) installed
[    0.315896] msgmni has been set to 1734
[    0.316059] alg: No test for cipher_null (cipher_null-generic)
[    0.316162] alg: No test for ecb(cipher_null) (ecb-cipher_null)
[    0.316262] alg: No test for digest_null (digest_null-generic)
[    0.316359] alg: No test for compress_null (compress_null-generic)
[    0.316921] alg: No test for fcrypt (fcrypt-generic)
[    0.318335] alg: No test for stdrng (krng)
[    0.318427] async_tx: api initialized (async)
[    0.318577] Block layer SCSI generic (bsg) driver version 0.4 loaded (major 254)
[    0.318700] io scheduler noop registered
[    0.318786] io scheduler anticipatory registered
[    0.318886] io scheduler deadline registered
[    0.319019] io scheduler cfq registered (default)
[    0.319266] pcieport 0000:00:1c.0: irq 24 for MSI/MSI-X
[    0.319282] pcieport 0000:00:1c.0: setting latency timer to 64
[    0.319468] pcieport 0000:00:1c.1: irq 25 for MSI/MSI-X
[    0.319479] pcieport 0000:00:1c.1: setting latency timer to 64
[    0.319660] pcieport 0000:00:1c.2: irq 26 for MSI/MSI-X
[    0.319669] pcieport 0000:00:1c.2: setting latency timer to 64
[    0.319845] pcieport 0000:00:1c.3: irq 27 for MSI/MSI-X
[    0.319871] pcieport 0000:00:1c.3: setting latency timer to 64
[    0.320049] pcieport 0000:00:1c.4: irq 28 for MSI/MSI-X
[    0.320061] pcieport 0000:00:1c.4: setting latency timer to 64
[    0.320205] pci_hotplug: PCI Hot Plug PCI Core version: 0.5
[    0.320401] isapnp: Scanning for PnP cards...
[    0.680942] isapnp: No Plug & Play device found
[    0.681031] random 0000 0000 0000 5f8db4e5 4cfdf2a8: initializing
[    0.681033] RANDOM init_std_data for input now value: 1369935883681033085
[    0.681035] RANDOM init_std_data for blocking now value: 1369935883681035064
[    0.681036] RANDOM init_std_data for nonblocking now value: 1369935883681036794
[    0.700631] Serial: 8250/16550 driver, 4 ports, IRQ sharing enabled
[    3.711675] floppy0: no floppy controllers found
[    3.712625] brd: module loaded
[    3.713130] loop: module loaded
[    3.713217] Compaq SMART2 Driver (v 2.6.0)
[    3.713341] HP CISS Driver (v 3.6.20)
[    3.713583] input: Macintosh mouse button emulation as /devices/virtual/input/input0
[    3.713723] Uniform Multi-Platform E-IDE driver
[    3.713946] piix 0000:00:1f.1: IDE controller (0x8086:0x2850 rev 0x03)
[    3.714049] pci 0000:00:1f.1: PCI INT C -> GSI 16 (level, low) -> IRQ 16
[    3.714150] piix 0000:00:1f.1: IDE port disabled
[    3.714241] piix 0000:00:1f.1: not 100% native mode: will probe irqs later
[    3.714340]     ide0: BM-DMA at 0x1c00-0x1c07
[    3.715085] Probing IDE interface ide0...
[    4.386858] hda: HL-DT-ST DVDRAM GSA-U10N, ATAPI CD/DVD-ROM drive
[    4.692653] hda: host max PIO4 wanted PIO255(auto-tune) selected PIO4
[    4.693424] hda: UDMA/33 mode selected
[    4.693887] ide0 at 0x1f0-0x1f7,0x3f6 on irq 14
[    4.697800] ide-gd driver 1.18
[    4.697904] ide-cd driver 5.00
[    4.699286] random 0000 0000 0000 00000000 00000000: add_disk_randomness(0:0) 00000000 00000000
[    4.699291] random 0000 0000 0000 00000000 00000000: add_timer_randomness(.. 256) with jiffies: 4744517249379565179, cycles: 4744517245084893195
[    4.699293] random 0000 0000 0000 00000000 00000000: added 11 entropy credits to input
[    4.699297] ide-cd: hda: ATAPI 24X DVD-ROM DVD-R/RAM CD-R/RW drive, 2048kB Cache
[    4.699742] Uniform CD-ROM driver Revision: 3.20
[    4.702537] random 0011 0000 0000 00000000 00000000: add_disk_randomness(0:0) 00000000 00000000
[    4.702541] random 0011 0000 0000 00000000 00000000: add_timer_randomness(.. 256) with jiffies: 4773767716127080062, cycles: 4773767711832408075
[    4.702543] random 0011 0000 0000 00000000 00000000: added 1 entropy credits to input
[    4.702546] random 0012 0000 0000 00000000 00000000: add_disk_randomness(0:0) 00000000 00000000
[    4.702549] random 0012 0000 0000 00000000 00000000: add_timer_randomness(.. 256) with jiffies: 4773843973271420542, cycles: 4773843968976748555
[    4.704534] random 0012 0000 0000 00000000 00000000: add_disk_randomness(0:0) 00000000 00000000
[    4.704537] random 0012 0000 0000 00000000 00000000: add_timer_randomness(.. 256) with jiffies: 4791731940828610176, cycles: 4791731936533938187
[    4.704540] random 0012 0000 0000 00000000 00000000: added 1 entropy credits to input
[    4.704543] random 0013 0000 0000 00000000 00000000: add_disk_randomness(0:0) 00000000 00000000
[    4.704546] random 0013 0000 0000 00000000 00000000: add_timer_randomness(.. 256) with jiffies: 4791808382656544384, cycles: 4791808378361872395
[    4.706534] random 0013 0000 0000 00000000 00000000: add_disk_randomness(0:0) 00000000 00000000
[    4.706537] random 0013 0000 0000 00000000 00000000: add_timer_randomness(.. 256) with jiffies: 4809720161512423042, cycles: 4809720157217751051
[    4.706539] random 0013 0000 0000 00000000 00000000: added 1 entropy credits to input
[    4.706542] random 0014 0000 0000 00000000 00000000: add_disk_randomness(0:0) 00000000 00000000
[    4.706545] random 0014 0000 0000 00000000 00000000: add_timer_randomness(.. 256) with jiffies: 4809794571820826242, cycles: 4809794567526154251
[    4.706825] Loading iSCSI transport class v2.0-870.
[    4.707109] rdac: device handler registered
[    4.707199] hp_sw: device handler registered
[    4.707292] emc: device handler registered
[    4.707381] alua: device handler registered
[    4.708369] Adaptec aacraid driver 1.1-5[2461]-ms
[    4.708791] scsi: <fdomain> Detection failed (no card)
[    4.708887] sym53c416.c: Version 1.0.0-ac
[    4.708993] qlogicfas: no cards were found, please specify I/O address and IRQ using iobase= and irq= options
[    4.709116] QLogic Fibre Channel HBA Driver: 8.03.01-k6
[    4.709338] iscsi: registered transport (qla4xxx)
[    4.709448] QLogic iSCSI HBA Driver
[    4.709537] Emulex LightPulse Fibre Channel SCSI driver 8.3.4
[    4.709631] Copyright(c) 2004-2009 Emulex.  All rights reserved.
[    4.731637] Failed initialization of WD-7000 SCSI card!
[    4.821192] DC390: clustering now enabled by default. If you get problems load
[    4.821312]        with "disable_clustering=1" and report to maintainers
[    4.821446] megaraid cmm: 2.20.2.7 (Release Date: Sun Jul 16 00:01:03 EST 2006)
[    4.821605] megaraid: 2.20.5.1 (Release Date: Thu Nov 16 15:32:35 EST 2006)
[    4.821723] megasas: 00.00.04.01 Thu July 24 11:41:51 PST 2008
[    4.821857] GDT-HA: Storage RAID Controller Driver. Version: 3.05
[    4.822009] 3ware Storage Controller device driver for Linux v1.26.02.002.
[    4.822118] 3ware 9000 Storage Controller device driver for Linux v2.26.02.012.
[    4.822263] nsp32: loading...
[    4.822371] ipr: IBM Power RAID SCSI Device Driver version: 2.4.3 (June 10, 2009)
[    4.822517] RocketRAID 3xxx/4xxx Controller driver v1.6 (090910)
[    4.822638] stex: Promise SuperTrak EX Driver version: 4.6.0000.3
[    4.822772] st: Version 20081215, fixed bufsize 32768, s/g segs 256
[    4.822965] ahci 0000:00:1f.2: version 3.0
[    4.822983] ahci 0000:00:1f.2: PCI INT B -> GSI 16 (level, low) -> IRQ 16
[    4.823116] ahci 0000:00:1f.2: irq 29 for MSI/MSI-X
[    4.823172] ahci 0000:00:1f.2: AHCI 0001.0100 32 slots 3 ports 1.5 Gbps 0x5 impl SATA mode
[    4.823294] ahci 0000:00:1f.2: flags: 64bit ncq sntf pm led clo pio slum part ccc 
[    4.823429] ahci 0000:00:1f.2: setting latency timer to 64
[    4.823573] scsi2 : ahci
[    4.823748] scsi3 : ahci
[    4.823887] scsi4 : ahci
[    4.824054] ata1: SATA max UDMA/133 abar m2048@0xfe226000 port 0xfe226100 irq 29
[    4.824178] ata2: DUMMY
[    4.824263] ata3: SATA max UDMA/133 abar m2048@0xfe226000 port 0xfe226200 irq 29
[    4.824881] I2O subsystem v1.325
[    4.824967] i2o: max drivers = 8
[    4.825113] I2O Configuration OSM v1.323
[    4.825218] I2O Bus Adapter OSM v1.317
[    4.825320] I2O Block Device OSM v1.325
[    4.825472] I2O SCSI Peripheral OSM v1.316
[    4.825572] I2O ProcFS OSM v1.316
[    4.825732] Fusion MPT base driver 3.04.12
[    4.825822] Copyright (c) 1999-2008 LSI Corporation
[    4.825911] Fusion MPT SPI Host driver 3.04.12
[    4.826017] Fusion MPT FC Host driver 3.04.12
[    4.826128] Fusion MPT SAS Host driver 3.04.12
[    4.826279] ohci1394 0000:15:00.1: PCI INT B -> GSI 17 (level, low) -> IRQ 17
[    4.826374] ohci1394 0000:15:00.1: setting latency timer to 64
[    4.879649] ohci1394: fw-host0: OHCI-1394 1.1 (PCI): IRQ=[17]  MMIO=[f8301000-f83017ff]  Max Packet=[2048]  IR/IT contexts=[4/4]
[    4.883923] ehci_hcd: USB 2.0 'Enhanced' Host Controller (EHCI) Driver
[    4.884205] ehci_hcd 0000:00:1a.7: power state changed by ACPI to D0
[    4.884443] ehci_hcd 0000:00:1a.7: power state changed by ACPI to D0
[    4.884541] ehci_hcd 0000:00:1a.7: PCI INT C -> GSI 22 (level, low) -> IRQ 22
[    4.884649] ehci_hcd 0000:00:1a.7: setting latency timer to 64
[    4.884654] ehci_hcd 0000:00:1a.7: EHCI Host Controller
[    4.884787] ehci_hcd 0000:00:1a.7: new USB bus registered, assigned bus number 1
[    4.888825] ehci_hcd 0000:00:1a.7: cache line size of 32 is not supported
[    4.888834] ehci_hcd 0000:00:1a.7: irq 22, io mem 0xfe226c00
[    4.898611] ehci_hcd 0000:00:1a.7: USB 2.0 started, EHCI 1.00
[    4.898717] usb usb1: New USB device found, idVendor=1d6b, idProduct=0002
[    4.898813] usb usb1: New USB device strings: Mfr=3, Product=2, SerialNumber=1
[    4.898934] usb usb1: Product: EHCI Host Controller
[    4.899023] usb usb1: Manufacturer: Linux 2.6.32.57 ehci_hcd
[    4.899113] usb usb1: SerialNumber: 0000:00:1a.7
[    4.899253] usb usb1: configuration #1 chosen from 1 choice
[    4.899376] hub 1-0:1.0: USB hub found
[    4.899466] hub 1-0:1.0: 4 ports detected
[    4.899779] ehci_hcd 0000:00:1d.7: power state changed by ACPI to D0
[    4.900019] ehci_hcd 0000:00:1d.7: power state changed by ACPI to D0
[    4.900119] ehci_hcd 0000:00:1d.7: PCI INT D -> GSI 19 (level, low) -> IRQ 19
[    4.900216] ehci_hcd 0000:00:1d.7: setting latency timer to 64
[    4.900221] ehci_hcd 0000:00:1d.7: EHCI Host Controller
[    4.900349] ehci_hcd 0000:00:1d.7: new USB bus registered, assigned bus number 2
[    4.900502] ehci_hcd 0000:00:1d.7: debug port 1
[    4.904473] ehci_hcd 0000:00:1d.7: cache line size of 32 is not supported
[    4.904482] ehci_hcd 0000:00:1d.7: irq 19, io mem 0xfe227000
[    4.914611] ehci_hcd 0000:00:1d.7: USB 2.0 started, EHCI 1.00
[    4.914723] usb usb2: New USB device found, idVendor=1d6b, idProduct=0002
[    4.914815] usb usb2: New USB device strings: Mfr=3, Product=2, SerialNumber=1
[    4.914931] usb usb2: Product: EHCI Host Controller
[    4.915022] usb usb2: Manufacturer: Linux 2.6.32.57 ehci_hcd
[    4.915112] usb usb2: SerialNumber: 0000:00:1d.7
[    4.915249] usb usb2: configuration #1 chosen from 1 choice
[    4.915367] hub 2-0:1.0: USB hub found
[    4.915453] hub 2-0:1.0: 6 ports detected
[    4.915637] 116x: driver isp116x-hcd, 03 Nov 2005
[    4.915741] ohci_hcd: USB 1.1 'Open' Host Controller (OHCI) Driver
[    4.915859] uhci_hcd: USB Universal Host Controller Interface driver
[    4.915971] uhci_hcd 0000:00:1a.0: PCI INT A -> GSI 20 (level, low) -> IRQ 20
[    4.916067] uhci_hcd 0000:00:1a.0: setting latency timer to 64
[    4.916071] uhci_hcd 0000:00:1a.0: UHCI Host Controller
[    4.916199] uhci_hcd 0000:00:1a.0: new USB bus registered, assigned bus number 3
[    4.916352] uhci_hcd 0000:00:1a.0: irq 20, io base 0x00001860
[    4.916465] usb usb3: New USB device found, idVendor=1d6b, idProduct=0001
[    4.916558] usb usb3: New USB device strings: Mfr=3, Product=2, SerialNumber=1
[    4.916680] usb usb3: Product: UHCI Host Controller
[    4.916771] usb usb3: Manufacturer: Linux 2.6.32.57 uhci_hcd
[    4.916865] usb usb3: SerialNumber: 0000:00:1a.0
[    4.917000] usb usb3: configuration #1 chosen from 1 choice
[    4.917118] hub 3-0:1.0: USB hub found
[    4.917208] hub 3-0:1.0: 2 ports detected
[    4.917498] uhci_hcd 0000:00:1a.1: power state changed by ACPI to D0
[    4.917794] uhci_hcd 0000:00:1a.1: power state changed by ACPI to D0
[    4.917897] uhci_hcd 0000:00:1a.1: PCI INT B -> GSI 21 (level, low) -> IRQ 21
[    4.917997] uhci_hcd 0000:00:1a.1: setting latency timer to 64
[    4.918002] uhci_hcd 0000:00:1a.1: UHCI Host Controller
[    4.918129] uhci_hcd 0000:00:1a.1: new USB bus registered, assigned bus number 4
[    4.918282] uhci_hcd 0000:00:1a.1: irq 21, io base 0x00001880
[    4.918396] usb usb4: New USB device found, idVendor=1d6b, idProduct=0001
[    4.918486] usb usb4: New USB device strings: Mfr=3, Product=2, SerialNumber=1
[    4.918616] usb usb4: Product: UHCI Host Controller
[    4.918706] usb usb4: Manufacturer: Linux 2.6.32.57 uhci_hcd
[    4.918796] usb usb4: SerialNumber: 0000:00:1a.1
[    4.918931] usb usb4: configuration #1 chosen from 1 choice
[    4.919051] hub 4-0:1.0: USB hub found
[    4.919143] hub 4-0:1.0: 2 ports detected
[    4.919441] uhci_hcd 0000:00:1d.0: power state changed by ACPI to D0
[    4.919682] uhci_hcd 0000:00:1d.0: power state changed by ACPI to D0
[    4.919779] uhci_hcd 0000:00:1d.0: PCI INT A -> GSI 16 (level, low) -> IRQ 16
[    4.919875] uhci_hcd 0000:00:1d.0: setting latency timer to 64
[    4.919880] uhci_hcd 0000:00:1d.0: UHCI Host Controller
[    4.920006] uhci_hcd 0000:00:1d.0: new USB bus registered, assigned bus number 5
[    4.920157] uhci_hcd 0000:00:1d.0: irq 16, io base 0x000018a0
[    4.920276] usb usb5: New USB device found, idVendor=1d6b, idProduct=0001
[    4.920371] usb usb5: New USB device strings: Mfr=3, Product=2, SerialNumber=1
[    4.920493] usb usb5: Product: UHCI Host Controller
[    4.920583] usb usb5: Manufacturer: Linux 2.6.32.57 uhci_hcd
[    4.920681] usb usb5: SerialNumber: 0000:00:1d.0
[    4.920818] usb usb5: configuration #1 chosen from 1 choice
[    4.920940] hub 5-0:1.0: USB hub found
[    4.921034] hub 5-0:1.0: 2 ports detected
[    4.921177] uhci_hcd 0000:00:1d.1: PCI INT B -> GSI 17 (level, low) -> IRQ 17
[    4.921278] uhci_hcd 0000:00:1d.1: setting latency timer to 64
[    4.921282] uhci_hcd 0000:00:1d.1: UHCI Host Controller
[    4.921410] uhci_hcd 0000:00:1d.1: new USB bus registered, assigned bus number 6
[    4.921555] uhci_hcd 0000:00:1d.1: irq 17, io base 0x000018c0
[    4.921672] usb usb6: New USB device found, idVendor=1d6b, idProduct=0001
[    4.921764] usb usb6: New USB device strings: Mfr=3, Product=2, SerialNumber=1
[    4.921888] usb usb6: Product: UHCI Host Controller
[    4.921974] usb usb6: Manufacturer: Linux 2.6.32.57 uhci_hcd
[    4.922062] usb usb6: SerialNumber: 0000:00:1d.1
[    4.922198] usb usb6: configuration #1 chosen from 1 choice
[    4.922315] hub 6-0:1.0: USB hub found
[    4.922406] hub 6-0:1.0: 2 ports detected
[    4.922692] uhci_hcd 0000:00:1d.2: power state changed by ACPI to D0
[    4.922954] uhci_hcd 0000:00:1d.2: power state changed by ACPI to D0
[    4.923050] uhci_hcd 0000:00:1d.2: PCI INT C -> GSI 18 (level, low) -> IRQ 18
[    4.923151] uhci_hcd 0000:00:1d.2: setting latency timer to 64
[    4.923156] uhci_hcd 0000:00:1d.2: UHCI Host Controller
[    4.923287] uhci_hcd 0000:00:1d.2: new USB bus registered, assigned bus number 7
[    4.923439] uhci_hcd 0000:00:1d.2: irq 18, io base 0x000018e0
[    4.923557] usb usb7: New USB device found, idVendor=1d6b, idProduct=0001
[    4.923656] usb usb7: New USB device strings: Mfr=3, Product=2, SerialNumber=1
[    4.923774] usb usb7: Product: UHCI Host Controller
[    4.923862] usb usb7: Manufacturer: Linux 2.6.32.57 uhci_hcd
[    4.924601] usb usb7: SerialNumber: 0000:00:1d.2
[    4.924736] usb usb7: configuration #1 chosen from 1 choice
[    4.924854] hub 7-0:1.0: USB hub found
[    4.924947] hub 7-0:1.0: 2 ports detected
[    4.925104] sl811: driver sl811-hcd, 19 May 2005
[    4.925210] r8a66597_hcd: driver r8a66597_hcd, 2009-05-26
[    4.925376] Initializing USB Mass Storage driver...
[    4.925505] usbcore: registered new interface driver usb-storage
[    4.925598] USB Mass Storage support registered.
[    4.925707] usbcore: registered new interface driver ums-alauda
[    4.925816] usbcore: registered new interface driver ums-cypress
[    4.925921] usbcore: registered new interface driver ums-datafab
[    4.926029] usbcore: registered new interface driver ums-freecom
[    4.926141] usbcore: registered new interface driver ums-isd200
[    4.926249] usbcore: registered new interface driver ums-jumpshot
[    4.926357] usbcore: registered new interface driver ums-karma
[    4.926469] usbcore: registered new interface driver ums-onetouch
[    4.926579] usbcore: registered new interface driver ums-sddr09
[    4.926702] usbcore: registered new interface driver ums-sddr55
[    4.926810] usbcore: registered new interface driver ums-usbat
[    4.926959] PNP: PS/2 Controller [PNP0303:KBD,PNP0f13:MOU] at 0x60,0x64 irq 1,12
[    4.935333] serio: i8042 KBD port at 0x60,0x64 irq 1
[    4.935423] serio: i8042 AUX port at 0x60,0x64 irq 12
[    4.935680] mice: PS/2 mouse device common for all mice
[    4.935793] i2c /dev entries driver
[    4.935923] md: linear personality registered for level -1
[    4.936015] md: raid0 personality registered for level 0
[    4.936105] md: raid1 personality registered for level 1
[    4.936194] md: raid10 personality registered for level 10
[    4.936285] md: raid6 personality registered for level 6
[    4.936376] md: raid5 personality registered for level 5
[    4.936477] md: raid4 personality registered for level 4
[    4.936565] md: multipath personality registered for level -4
[    4.936768] device-mapper: ioctl: 4.15.0-ioctl (2009-04-01) initialised: dm-devel@redhat.com
[    4.936971] cpuidle: using governor ladder
[    4.937570] usbcore: registered new interface driver usbhid
[    4.937671] usbhid: v2.6:USB HID core driver
[    4.937813] random 0014 0000 0000 00000000 00000000: rand_read_num 4 get_random_bytes(136): sig 00000000 00000000 00000000
[    4.937816] random 0014 0000 0000 00000000 00000000: extract_entropy(.. 136 ..)
[    4.937818] random 0014 0000 0000 00000000 00000000: going to reseed nonblocking with 1024 bits (1088 of 0 requested)
[    4.937821] random 0014 0000 0000 00000000 00000000: extract_entropy(.. 128 ..)
[    4.937823] random 0014 0000 0000 00000000 00000000: trying to extract 1024 bits from input
[    4.937825] random 0014 0000 0000 00000000 00000000: debiting 0 entropy credits from input
[    4.937827] random 0014 0000 0000 00000000 00000000: extract_entropy account returned: 0 
[    4.937830] random 0014 0000 0000 00000000 00000000: urand_change_num 7 xfer_secondary_pool(136): pool_sig 00000000, data_sig 00000000, bytes_mixed 0 00000000 00000000
[    4.937833] random 0014 0000 0000 00000000 00000000: trying to extract 1088 bits from nonblocking
[    4.937836] random 0014 0000 0000 00000000 00000000: debiting 1088 entropy credits from nonblocking (unlimited)
[    4.937838] random 0014 0000 0000 00000000 00000000: extract_entropy account returned: 136 
[    4.937842] random 0014 0000 0000 00000000 00000000: urand_change_num 8 extract_buf: pool_sig 00000000, data_sig fffffff9, bytes_mixed 20 00000000 00000000
[    4.937848] random 0014 0000 0000 b7c35b56 be4dc95d: urand_change_num 9 extract_buf: pool_sig fffffd1e, data_sig 000000c5, bytes_mixed 20 b7c35b56 be4dc95d
[    4.937853] random 0014 0000 0000 ed9f5c47 c48487fb: urand_change_num 10 extract_buf: pool_sig fffff8ec, data_sig ffffff68, bytes_mixed 20 ed9f5c47 c48487fb
[    4.937858] random 0014 0000 0000 ed9f5c47 c48487fb: urand_change_num 11 extract_buf: pool_sig fffffaed, data_sig 000001aa, bytes_mixed 20 ed9f5c47 c48487fb
[    4.937864] random 0014 0000 0000 1b4f7c0a 91bd6a48: urand_change_num 12 extract_buf: pool_sig fffffdd8, data_sig 00000064, bytes_mixed 20 1b4f7c0a 91bd6a48
[    4.937869] random 0014 0000 0000 a254b9bc 20e9a24f: urand_change_num 13 extract_buf: pool_sig fffffbe6, data_sig 000001dd, bytes_mixed 20 a254b9bc 20e9a24f
[    4.937874] random 0014 0000 0000 a254b9bc 20e9a24f: urand_change_num 14 extract_buf: pool_sig fffff940, data_sig fffffe20, bytes_mixed 20 a254b9bc 20e9a24f
[    4.937879] random 0014 0000 0000 2831a66b 5fa2a3ad: urand_change_num 15 extract_buf: pool_sig fffffbce, data_sig 0000007e, bytes_mixed 20 2831a66b 5fa2a3ad
[    4.937885] random 0014 0000 0000 2831a66b 5fa2a3ad: urand_change_num 16 extract_buf: pool_sig 000004df, data_sig fffffe8f, bytes_mixed 20 2831a66b 5fa2a3ad
[    4.937890] random 0014 0000 0000 d4512bfd c9a54e0b: urand_change_num 17 extract_buf: pool_sig 00000485, data_sig fffffe68, bytes_mixed 20 d4512bfd c9a54e0b
[    4.937895] random 0014 0000 0000 c7371be6 f9ffea11: urand_change_num 18 extract_buf: pool_sig 00000095, data_sig ffffffed, bytes_mixed 20 c7371be6 f9ffea11
[    4.937900] random 0014 0000 0000 c7371be6 f9ffea11: urand_change_num 19 extract_buf: pool_sig 000003a7, data_sig fffffefa, bytes_mixed 20 c7371be6 f9ffea11
[    4.937905] random 0014 0000 0000 8fb4b62c d1ddba54: urand_change_num 20 extract_buf: pool_sig 00000179, data_sig ffffff78, bytes_mixed 20 8fb4b62c d1ddba54
[    4.937911] random 0014 0000 0000 9ff19f9c c07a1d2a: urand_change_num 21 extract_buf: pool_sig fffffe88, data_sig 00000126, bytes_mixed 20 9ff19f9c c07a1d2a
[    4.937915] TCP cubic registered
[    4.938007] Initializing XFRM netlink socket
[    4.938104] NET: Registered protocol family 17
[    4.938199] Using IPI Shortcut mode
[    4.938287] random 0014 0000 0000 9ff19f9c c07a1d2a: rand_read_num 5 get_random_bytes(8): sig 0000031b 9ff19f9c c07a1d2a
[    4.938289] random 0014 0000 0000 9ff19f9c c07a1d2a: extract_entropy(.. 8 ..)
[    4.938292] random 0014 0000 0000 9ff19f9c c07a1d2a: going to reseed nonblocking with 64 bits (64 of 0 requested)
[    4.938294] random 0014 0000 0000 9ff19f9c c07a1d2a: extract_entropy(.. 8 ..)
[    4.938296] random 0014 0000 0000 9ff19f9c c07a1d2a: trying to extract 64 bits from input
[    4.938298] random 0014 0000 0000 9ff19f9c c07a1d2a: debiting 0 entropy credits from input
[    4.938300] random 0014 0000 0000 9ff19f9c c07a1d2a: extract_entropy account returned: 0 
[    4.938303] random 0014 0000 0000 9ff19f9c c07a1d2a: urand_change_num 22 xfer_secondary_pool(8): pool_sig 0000031b, data_sig 00000000, bytes_mixed 0 9ff19f9c c07a1d2a
[    4.938306] random 0014 0000 0000 9ff19f9c c07a1d2a: trying to extract 64 bits from nonblocking
[    4.938309] random 0014 0000 0000 9ff19f9c c07a1d2a: debiting 64 entropy credits from nonblocking (unlimited)
[    4.938311] random 0014 0000 0000 9ff19f9c c07a1d2a: extract_entropy account returned: 8 
[    4.938315] random 0014 0000 0000 9ff19f9c c07a1d2a: urand_change_num 23 extract_buf: pool_sig 0000031b, data_sig ffffffb3, bytes_mixed 20 9ff19f9c c07a1d2a
[    4.940752] input: AT Translated Set 2 keyboard as /devices/platform/i8042/serio0/input/input1
[    5.129612] ata3: SATA link down (SStatus 0 SControl 300)
[    5.129728] ata1: SATA link up 1.5 Gbps (SStatus 113 SControl 300)
[    5.131529] ata1.00: ACPI cmd ef/02:00:00:00:00:a0 (SET FEATURES) succeeded
[    5.131532] ata1.00: ACPI cmd f5/00:00:00:00:00:a0 (SECURITY FREEZE LOCK) filtered out
[    5.132926] ata1.00: ACPI cmd ef/5f:00:00:00:00:a0 (SET FEATURES) succeeded
[    5.132928] ata1.00: ACPI cmd ef/10:03:00:00:00:a0 (SET FEATURES) filtered out
[    5.134835] ata1.00: ATA-7: ST910021AS, 4.06, max UDMA/100
[    5.134928] ata1.00: 195371568 sectors, multi 16: LBA48 
[    5.137076] ata1.00: ACPI cmd ef/02:00:00:00:00:a0 (SET FEATURES) succeeded
[    5.137079] ata1.00: ACPI cmd f5/00:00:00:00:00:a0 (SECURITY FREEZE LOCK) filtered out
[    5.138467] ata1.00: ACPI cmd ef/5f:00:00:00:00:a0 (SET FEATURES) succeeded
[    5.138470] ata1.00: ACPI cmd ef/10:03:00:00:00:a0 (SET FEATURES) filtered out
[    5.140397] ata1.00: configured for UDMA/100
[    5.150661] scsi 2:0:0:0: Direct-Access     ATA      ST910021AS       4.06 PQ: 0 ANSI: 5
[    5.150945] sd 2:0:0:0: [sda] 195371568 512-byte logical blocks: (100 GB/93.1 GiB)
[    5.151088] sd 2:0:0:0: [sda] Write Protect is off
[    5.151178] sd 2:0:0:0: [sda] Mode Sense: 00 3a 00 00
[    5.151191] sd 2:0:0:0: [sda] Write cache: enabled, read cache: enabled, doesn't support DPO or FUA
[    5.151377]  sda:
[    5.217596] usb 2-1: new high speed USB device using ehci_hcd and address 2
[    5.367252] usb 2-1: New USB device found, idVendor=0e8d, idProduct=1806
[    5.367343] usb 2-1: New USB device strings: Mfr=1, Product=2, SerialNumber=3
[    5.367439] usb 2-1: Product: MT1806 
[    5.367527] usb 2-1: Manufacturer: MediaTek Inc
[    5.367614] usb 2-1: SerialNumber: R8KN6GAC800AEB 
[    5.367752] usb 2-1: configuration #1 chosen from 1 choice
[    5.374045] scsi5 : SCSI emulation for USB Mass Storage devices
[    5.374213] usb-storage: device found at 2
[    5.374214] usb-storage: waiting for device to settle before scanning
[    5.582182] random 0014 0000 0000 277f73c3 42024bb9: add_disk_randomness(8:0) 277f73c3 42024bb9
[    5.582185] random 0014 0000 0000 277f73c3 42024bb9: add_timer_randomness(.. 8388864) with jiffies: 12687768786103402902, cycles: -5758975291900821493
[    5.582188] random 0014 0000 0000 277f73c3 42024bb9: added 11 entropy credits to input
[    5.582193]  sda1 sda2
[    5.582755] random 0025 0000 0000 277f73c3 42024bb9: add_disk_randomness(8:0) 277f73c3 42024bb9
[    5.582758] random 0025 0000 0000 277f73c3 42024bb9: add_timer_randomness(.. 8388864) with jiffies: 12692917167696085399, cycles: -5753826910308138997
[    5.582913] sd 2:0:0:0: [sda] Attached SCSI disk
[    5.583006] random 0025 0000 0000 277f73c3 42024bb9: rand_read_num 6 get_random_bytes(12): sig 000007e9 277f73c3 42024bb9
[    5.583009] random 0025 0000 0000 277f73c3 42024bb9: extract_entropy(.. 12 ..)
[    5.583012] random 0025 0000 0000 277f73c3 42024bb9: going to reseed nonblocking with 96 bits (96 of 0 requested)
[    5.583014] random 0025 0000 0000 277f73c3 42024bb9: extract_entropy(.. 12 ..)
[    5.583016] random 0025 0000 0000 277f73c3 42024bb9: trying to extract 96 bits from input
[    5.583018] random 0025 0000 0000 277f73c3 42024bb9: debiting 0 entropy credits from input
[    5.583020] random 0025 0000 0000 277f73c3 42024bb9: extract_entropy account returned: 0 
[    5.583023] random 0025 0000 0000 277f73c3 42024bb9: urand_change_num 24 xfer_secondary_pool(12): pool_sig 000007e9, data_sig 00000000, bytes_mixed 0 277f73c3 42024bb9
[    5.583026] random 0025 0000 0000 277f73c3 42024bb9: trying to extract 96 bits from nonblocking
[    5.583029] random 0025 0000 0000 277f73c3 42024bb9: debiting 96 entropy credits from nonblocking (unlimited)
[    5.583031] random 0025 0000 0000 277f73c3 42024bb9: extract_entropy account returned: 12 
[    5.583035] random 0025 0000 0000 277f73c3 42024bb9: urand_change_num 25 extract_buf: pool_sig 000007e9, data_sig 00000088, bytes_mixed 20 277f73c3 42024bb9
[    5.583041] random 0025 0000 0000 277f73c3 42024bb9: urand_change_num 26 extract_buf: pool_sig 00000498, data_sig fffffefb, bytes_mixed 20 277f73c3 42024bb9
[    5.583044] RANDOM - __seed init called.
[    5.583044] RANDOM - __seed init called.
[    5.583045] RANDOM - __seed init called.
[    5.583047] RANDOM - __random32 called. Change num 12.  Value: 87f14767	f0d7351	b1e48bd3
[    5.583049] RANDOM - random32_reseed called.  Value: 87f14767	f0d7351	b1e48bd3
[    5.583052] Pid: 1, comm: swapper Not tainted 2.6.32.57 #6
[    5.583140] Call Trace:
[    5.583233]  [<c1923ca4>] ? random32_reseed+0xa0/0xb1
[    5.583326]  [<c1923c04>] ? random32_reseed+0x0/0xb1
[    5.583416]  [<c100111e>] ? do_one_initcall+0x2e/0x180
[    5.583508]  [<c1907265>] ? kernel_init+0xad/0x103
[    5.583598]  [<c19071b8>] ? kernel_init+0x0/0x103
[    5.583687]  [<c1003787>] ? kernel_thread_helper+0x7/0x10
[    5.584229] random 0025 0000 0000 386b4e60 ee4d4880: rand_read_num 7 get_random_bytes(64): sig fffffea5 386b4e60 ee4d4880
[    5.584231] random 0025 0000 0000 386b4e60 ee4d4880: extract_entropy(.. 64 ..)
[    5.584233] random 0025 0000 0000 386b4e60 ee4d4880: going to reseed nonblocking with 512 bits (512 of 0 requested)
[    5.584236] random 0025 0000 0000 386b4e60 ee4d4880: extract_entropy(.. 64 ..)
[    5.584238] random 0025 0000 0000 386b4e60 ee4d4880: trying to extract 512 bits from input
[    5.584240] random 0025 0000 0000 386b4e60 ee4d4880: debiting 0 entropy credits from input
[    5.584242] random 0025 0000 0000 386b4e60 ee4d4880: extract_entropy account returned: 0 
[    5.584245] random 0025 0000 0000 386b4e60 ee4d4880: urand_change_num 27 xfer_secondary_pool(64): pool_sig fffffea5, data_sig 00000000, bytes_mixed 0 386b4e60 ee4d4880
[    5.584248] random 0025 0000 0000 386b4e60 ee4d4880: trying to extract 512 bits from nonblocking
[    5.584251] random 0025 0000 0000 386b4e60 ee4d4880: debiting 512 entropy credits from nonblocking (unlimited)
[    5.584253] random 0025 0000 0000 386b4e60 ee4d4880: extract_entropy account returned: 64 
[    5.584257] random 0025 0000 0000 386b4e60 ee4d4880: urand_change_num 28 extract_buf: pool_sig fffffea5, data_sig 00000173, bytes_mixed 20 386b4e60 ee4d4880
[    5.584262] random 0025 0000 0000 412698f6 0cc8689a: urand_change_num 29 extract_buf: pool_sig 00000122, data_sig ffffff63, bytes_mixed 20 412698f6 0cc8689a
[    5.584268] random 0025 0000 0000 412698f6 0cc8689a: urand_change_num 30 extract_buf: pool_sig 000001f7, data_sig 00000012, bytes_mixed 20 412698f6 0cc8689a
[    5.584273] random 0025 0000 0000 9669941e 06f768b1: urand_change_num 31 extract_buf: pool_sig fffffb5b, data_sig 0000003f, bytes_mixed 20 9669941e 06f768b1
[    5.584278] random 0025 0000 0000 98486520 995551f0: urand_change_num 32 extract_buf: pool_sig fffffb39, data_sig 0000000e, bytes_mixed 20 98486520 995551f0
[    5.584283] random 0025 0000 0000 98486520 995551f0: urand_change_num 33 extract_buf: pool_sig fffffd8d, data_sig 000001a6, bytes_mixed 20 98486520 995551f0
[    5.584289] random 0025 0000 0000 61fc8914 d5882ed2: urand_change_num 34 extract_buf: pool_sig fffffa58, data_sig 0000023e, bytes_mixed 20 61fc8914 d5882ed2
[    5.584318] random 0025 0000 0000 61fc8914 d5882ed2: rand_read_num 8 get_random_bytes(64): sig fffff9ee 61fc8914 d5882ed2
[    5.584320] random 0025 0000 0000 61fc8914 d5882ed2: extract_entropy(.. 64 ..)
[    5.584323] random 0025 0000 0000 61fc8914 d5882ed2: going to reseed nonblocking with 512 bits (512 of 0 requested)
[    5.584325] random 0025 0000 0000 61fc8914 d5882ed2: extract_entropy(.. 64 ..)
[    5.584327] random 0025 0000 0000 61fc8914 d5882ed2: trying to extract 512 bits from input
[    5.584329] random 0025 0000 0000 61fc8914 d5882ed2: debiting 0 entropy credits from input
[    5.584331] random 0025 0000 0000 61fc8914 d5882ed2: extract_entropy account returned: 0 
[    5.584334] random 0025 0000 0000 61fc8914 d5882ed2: urand_change_num 35 xfer_secondary_pool(64): pool_sig fffff9ee, data_sig 00000000, bytes_mixed 0 61fc8914 d5882ed2
[    5.584337] random 0025 0000 0000 61fc8914 d5882ed2: trying to extract 512 bits from nonblocking
[    5.584339] random 0025 0000 0000 61fc8914 d5882ed2: debiting 512 entropy credits from nonblocking (unlimited)
[    5.584342] random 0025 0000 0000 61fc8914 d5882ed2: extract_entropy account returned: 64 
[    5.584346] random 0025 0000 0000 61fc8914 d5882ed2: urand_change_num 36 extract_buf: pool_sig fffff9ee, data_sig ffffff85, bytes_mixed 20 61fc8914 d5882ed2
[    5.584351] random 0025 0000 0000 70cfd302 e5edec11: urand_change_num 37 extract_buf: pool_sig fffffdc1, data_sig ffffffde, bytes_mixed 20 70cfd302 e5edec11
[    5.584356] random 0025 0000 0000 00dab838 eafd2b30: urand_change_num 38 extract_buf: pool_sig 000003da, data_sig ffffff61, bytes_mixed 20 00dab838 eafd2b30
[    5.584362] random 0025 0000 0000 00dab838 eafd2b30: urand_change_num 39 extract_buf: pool_sig 00000314, data_sig 00000121, bytes_mixed 20 00dab838 eafd2b30
[    5.584367] random 0025 0000 0000 5fcdf66a 6442b608: urand_change_num 40 extract_buf: pool_sig 0000028b, data_sig fffffefd, bytes_mixed 20 5fcdf66a 6442b608
[    5.584372] random 0025 0000 0000 61333f6b 8fae0f9b: urand_change_num 41 extract_buf: pool_sig 000000cb, data_sig 000000b3, bytes_mixed 20 61333f6b 8fae0f9b
[    5.584378] random 0025 0000 0000 61333f6b 8fae0f9b: urand_change_num 42 extract_buf: pool_sig fffffef8, data_sig 00000051, bytes_mixed 20 61333f6b 8fae0f9b
[    5.584380] BEGIN NET_SECRET:
[    5.584381] \xffffffe0
[    5.584382] \xffffffb6
[    5.584383] \x36
[    5.584384] \xffffffb5
[    5.584385] \xffffff94
[    5.584386] \xffffffb2
[    5.584386] \xffffffa8
[    5.584387] \xffffffda
[    5.584388] \x5b
[    5.584389] \x19
[    5.584389] \x18
[    5.584390] \x5c
[    5.584391] \x2b
[    5.584392] \x1
[    5.584392] \xffffff90
[    5.584393] \x19
[    5.584394] \x3c
[    5.584395] \xfffffff2
[    5.584396] \xffffff82
[    5.584396] \x2a
[    5.584397] \xffffffb3
[    5.584398] \xffffffa2
[    5.584399] \x3f
[    5.584399] \x5
[    5.584400] \x52
[    5.584401] \x77
[    5.584402] \x57
[    5.584402] \x79
[    5.584403] \x16
[    5.584404] \x43
[    5.584404] \xffffff84
[    5.584405] \xffffffc3
[    5.584406] \xffffffe9
[    5.584407] \x79
[    5.584408] \x50
[    5.584408] \xffffff8e
[    5.584409] \x3f
[    5.584410] \xfffffff3
[    5.584411] \x19
[    5.584411] \x2a
[    5.584412] \xfffffffd
[    5.584413] \xfffffffb
[    5.584414] \x62
[    5.584415] \x3c
[    5.584415] \xffffffac
[    5.584416] \x1c
[    5.584417] \x3b
[    5.584418] \x3b
[    5.584418] \x15
[    5.584419] \x27
[    5.584420] \xffffffa8
[    5.584421] \x22
[    5.584421] \xffffffc5
[    5.584422] \xffffff9a
[    5.584423] \x5
[    5.584424] \x6c
[    5.584424] \xffffffa8
[    5.584425] \x3a
[    5.584426] \x44
[    5.584427] \xffffffaf
[    5.584428] \x13
[    5.584428] \xffffffe0
[    5.584429] \xffffff9d
[    5.584430] \x22
[    5.584431] 
[    5.584431] END NET_SECRET
[    5.584434] random 0025 0000 0000 e7f555d9 e8ce5c3c: rand_read_num 9 get_random_bytes(4): sig 0000068c e7f555d9 e8ce5c3c
[    5.584436] random 0025 0000 0000 e7f555d9 e8ce5c3c: extract_entropy(.. 4 ..)
[    5.584439] random 0025 0000 0000 e7f555d9 e8ce5c3c: going to reseed nonblocking with 64 bits (32 of 0 requested)
[    5.584441] random 0025 0000 0000 e7f555d9 e8ce5c3c: extract_entropy(.. 8 ..)
[    5.584443] random 0025 0000 0000 e7f555d9 e8ce5c3c: trying to extract 64 bits from input
[    5.584445] random 0025 0000 0000 e7f555d9 e8ce5c3c: debiting 0 entropy credits from input
[    5.584447] random 0025 0000 0000 e7f555d9 e8ce5c3c: extract_entropy account returned: 0 
[    5.584450] random 0025 0000 0000 e7f555d9 e8ce5c3c: urand_change_num 43 xfer_secondary_pool(4): pool_sig 0000068c, data_sig 00000000, bytes_mixed 0 e7f555d9 e8ce5c3c
[    5.584453] random 0025 0000 0000 e7f555d9 e8ce5c3c: trying to extract 32 bits from nonblocking
[    5.584456] random 0025 0000 0000 e7f555d9 e8ce5c3c: debiting 32 entropy credits from nonblocking (unlimited)
[    5.584458] random 0025 0000 0000 e7f555d9 e8ce5c3c: extract_entropy account returned: 4 
[    5.584462] random 0025 0000 0000 e7f555d9 e8ce5c3c: urand_change_num 44 extract_buf: pool_sig 0000068c, data_sig fffffdcb, bytes_mixed 20 e7f555d9 e8ce5c3c
[    5.584473] md: Waiting for all devices to be available before autodetect
[    5.584565] md: If you don't use raid, use raid=noautodetect
[    5.584739] md: Autodetecting RAID arrays.
[    5.584827] md: Scanned 0 and added 0 devices.
[    5.584913] md: autorun ...
[    5.585000] md: ... autorun DONE.
[    5.598389] random 0025 0000 0000 e7f555d9 e8ce5c3c: add_disk_randomness(8:0) e7f555d9 e8ce5c3c
[    5.598393] random 0025 0000 0000 e7f555d9 e8ce5c3c: add_timer_randomness(.. 8388864) with jiffies: 12833591343938503078, cycles: -5613152734065721333
[    5.598396] random 0025 0000 0000 e7f555d9 e8ce5c3c: added 3 entropy credits to input
[    5.599514] random 0028 0000 0000 e7f555d9 e8ce5c3c: add_disk_randomness(8:0) e7f555d9 e8ce5c3c
[    5.599517] random 0028 0000 0000 e7f555d9 e8ce5c3c: add_timer_randomness(.. 8388864) with jiffies: 12843707177331556775, cycles: -5603036900672667637
[    5.599628] random 0028 0000 0000 e7f555d9 e8ce5c3c: add_disk_randomness(8:0) e7f555d9 e8ce5c3c
[    5.599631] random 0028 0000 0000 e7f555d9 e8ce5c3c: add_timer_randomness(.. 8388864) with jiffies: 12844718388726694312, cycles: -5602025689277530101
[    5.599637] EXT3-fs: sda2: couldn't mount because of unsupported optional features (240).
[    5.599862] random 0028 0000 0000 e7f555d9 e8ce5c3c: add_disk_randomness(8:0) e7f555d9 e8ce5c3c
[    5.599865] random 0028 0000 0000 e7f555d9 e8ce5c3c: add_timer_randomness(.. 8388864) with jiffies: 12846826320020865448, cycles: -5599917757983358965
[    5.599869] EXT2-fs: sda2: couldn't mount because of unsupported optional features (240).
[    5.600093] random 0028 0000 0000 e7f555d9 e8ce5c3c: add_disk_randomness(8:0) e7f555d9 e8ce5c3c
[    5.600096] random 0028 0000 0000 e7f555d9 e8ce5c3c: add_timer_randomness(.. 8388864) with jiffies: 12848908545935770024, cycles: -5597835532068454389
[    5.600224] random 0028 0000 0000 e7f555d9 e8ce5c3c: add_disk_randomness(8:0) e7f555d9 e8ce5c3c
[    5.600227] random 0028 0000 0000 e7f555d9 e8ce5c3c: add_timer_randomness(.. 8388864) with jiffies: 12850091130820985256, cycles: -5596652947183239157
[    5.600385] random 0028 0000 0000 e7f555d9 e8ce5c3c: add_disk_randomness(8:0) e7f555d9 e8ce5c3c
[    5.600388] random 0028 0000 0000 e7f555d9 e8ce5c3c: add_timer_randomness(.. 8388864) with jiffies: 12851543843379315112, cycles: -5595200234624909301
[    5.600506] random 0028 0000 0000 e7f555d9 e8ce5c3c: add_disk_randomness(8:0) e7f555d9 e8ce5c3c
[    5.600509] random 0028 0000 0000 e7f555d9 e8ce5c3c: add_timer_randomness(.. 8388864) with jiffies: 12852634159482110376, cycles: -5594109918522114037
[    5.600622] random 0028 0000 0000 e7f555d9 e8ce5c3c: add_disk_randomness(8:0) e7f555d9 e8ce5c3c
[    5.600625] random 0028 0000 0000 e7f555d9 e8ce5c3c: add_timer_randomness(.. 8388864) with jiffies: 12853661425465000361, cycles: -5593082652539224053
[    5.600740] random 0028 0000 0000 e7f555d9 e8ce5c3c: add_disk_randomness(8:0) e7f555d9 e8ce5c3c
[    5.600743] random 0028 0000 0000 e7f555d9 e8ce5c3c: add_timer_randomness(.. 8388864) with jiffies: 12854729416327791017, cycles: -5592014661676433397
[    5.600848] random 0028 0000 0000 e7f555d9 e8ce5c3c: add_disk_randomness(8:0) e7f555d9 e8ce5c3c
[    5.600851] random 0028 0000 0000 e7f555d9 e8ce5c3c: add_timer_randomness(.. 8388864) with jiffies: 12855703922932416937, cycles: -5591040155071807477
[    5.600961] random 0028 0000 0000 e7f555d9 e8ce5c3c: add_disk_randomness(8:0) e7f555d9 e8ce5c3c
[    5.600964] random 0028 0000 0000 e7f555d9 e8ce5c3c: add_timer_randomness(.. 8388864) with jiffies: 12856719553848902057, cycles: -5590024524155322357
[    5.601199] random 0028 0000 0000 e7f555d9 e8ce5c3c: rand_read_num 10 get_random_bytes(4): sig ffffff72 e7f555d9 e8ce5c3c
[    5.601202] random 0028 0000 0000 e7f555d9 e8ce5c3c: extract_entropy(.. 4 ..)
[    5.601205] random 0028 0000 0000 e7f555d9 e8ce5c3c: going to reseed nonblocking with 64 bits (32 of 0 requested)
[    5.601207] random 0028 0000 0000 e7f555d9 e8ce5c3c: extract_entropy(.. 8 ..)
[    5.601209] random 0028 0000 0000 e7f555d9 e8ce5c3c: trying to extract 64 bits from input
[    5.601211] random 0028 0000 0000 e7f555d9 e8ce5c3c: debiting 0 entropy credits from input
[    5.601213] random 0028 0000 0000 e7f555d9 e8ce5c3c: extract_entropy account returned: 0 
[    5.601216] random 0028 0000 0000 e7f555d9 e8ce5c3c: urand_change_num 45 xfer_secondary_pool(4): pool_sig ffffff72, data_sig 00000000, bytes_mixed 0 e7f555d9 e8ce5c3c
[    5.601219] random 0028 0000 0000 e7f555d9 e8ce5c3c: trying to extract 32 bits from nonblocking
[    5.601221] random 0028 0000 0000 e7f555d9 e8ce5c3c: debiting 32 entropy credits from nonblocking (unlimited)
[    5.601223] random 0028 0000 0000 e7f555d9 e8ce5c3c: extract_entropy account returned: 4 
[    5.601228] random 0028 0000 0000 e7f555d9 e8ce5c3c: urand_change_num 46 extract_buf: pool_sig ffffff72, data_sig ffffff72, bytes_mixed 20 e7f555d9 e8ce5c3c
[    5.612844] random 0028 0000 0000 91716c54 eeb6a1e7: add_disk_randomness(8:0) 91716c54 eeb6a1e7
[    5.612847] random 0028 0000 0000 91716c54 eeb6a1e7: add_timer_randomness(.. 8388864) with jiffies: 12963624936273576373, cycles: -5483119141730648053
[    5.612850] random 0028 0000 0000 91716c54 eeb6a1e7: added 3 entropy credits to input
[    5.631119] random 0031 0000 0000 91716c54 eeb6a1e7: add_disk_randomness(8:0) 91716c54 eeb6a1e7
[    5.631122] random 0031 0000 0000 91716c54 eeb6a1e7: add_timer_randomness(.. 8388864) with jiffies: 13128051243735548359, cycles: -5318692834268676085
[    5.631125] random 0031 0000 0000 91716c54 eeb6a1e7: added 2 entropy credits to input
[    5.635818] EXT4-fs (sda2): mounted filesystem with ordered data mode
[    5.636016] VFS: Mounted root (ext4 filesystem) readonly on device 8:2.
[    5.636116] Freeing unused kernel memory: 448k freed
[    5.656312] random 0033 0000 0000 91716c54 eeb6a1e7: add_disk_randomness(8:0) 91716c54 eeb6a1e7
[    5.656316] random 0033 0000 0000 91716c54 eeb6a1e7: add_timer_randomness(.. 8388864) with jiffies: 13354712619454005728, cycles: -5092031458550218741
[    5.657000] random 0033 0000 0000 91716c54 eeb6a1e7: add_disk_randomness(8:0) 91716c54 eeb6a1e7
[    5.657003] random 0033 0000 0000 91716c54 eeb6a1e7: add_timer_randomness(.. 8388864) with jiffies: 13360892643601252833, cycles: -5085851434402971637
[    5.661725] random 0033 0000 0000 91716c54 eeb6a1e7: add_disk_randomness(8:0) 91716c54 eeb6a1e7
[    5.661728] random 0033 0000 0000 91716c54 eeb6a1e7: add_timer_randomness(.. 8388864) with jiffies: 13403395764516520422, cycles: -5043348313487704053
[    5.661730] random 0033 0000 0000 91716c54 eeb6a1e7: added 2 entropy credits to input
[    5.669923] random 0035 0000 0000 91716c54 eeb6a1e7: add_disk_randomness(8:0) 91716c54 eeb6a1e7
[    5.669926] random 0035 0000 0000 91716c54 eeb6a1e7: add_timer_randomness(.. 8388864) with jiffies: 13477156313087312366, cycles: -4969587764916912117
[    5.673347] random 0035 0000 0000 91716c54 eeb6a1e7: add_disk_randomness(8:0) 91716c54 eeb6a1e7
[    5.673350] random 0035 0000 0000 91716c54 eeb6a1e7: add_timer_randomness(.. 8388864) with jiffies: 13507969533750247921, cycles: -4938774544253976565
[    5.673353] random 0035 0000 0000 91716c54 eeb6a1e7: added 1 entropy credits to input
[    5.682241] random 0036 0000 0000 91716c54 eeb6a1e7: add_disk_randomness(8:0) 91716c54 eeb6a1e7
[    5.682244] random 0036 0000 0000 91716c54 eeb6a1e7: add_timer_randomness(.. 8388864) with jiffies: 13587983026423038458, cycles: -4858761051581186037
[    5.682246] random 0036 0000 0000 91716c54 eeb6a1e7: added 2 entropy credits to input
[    5.695523] random 0038 0000 0000 91716c54 eeb6a1e7: add_disk_randomness(8:0) 91716c54 eeb6a1e7
[    5.695526] random 0038 0000 0000 91716c54 eeb6a1e7: add_timer_randomness(.. 8388864) with jiffies: 13707483095500554759, cycles: -4739260982503669749
[    5.695528] random 0038 0000 0000 91716c54 eeb6a1e7: added 1 entropy credits to input
[    5.703598] random 0039 0000 0000 91716c54 eeb6a1e7: add_disk_randomness(8:0) 91716c54 eeb6a1e7
[    5.703601] random 0039 0000 0000 91716c54 eeb6a1e7: add_timer_randomness(.. 8388864) with jiffies: 13780120411339194896, cycles: -4666623666665029621
[    5.703604] random 0039 0000 0000 91716c54 eeb6a1e7: added 2 entropy credits to input
[    5.703626] RANDOM get_random_int call with cycles 50453129191, jiffies 4294672912 and pid 1
[    5.703629] RANDOM get_random_int call with cycles 50453136216, jiffies 4294672912 and pid 1
[    5.703631] ASLR stack rand value: 4481024 after shift for pid: 1
[    5.703633] RANDOM get_random_int call with cycles 50453144185, jiffies 4294672912 and pid 1
[    5.715244] random 0041 0000 0000 91716c54 eeb6a1e7: add_disk_randomness(8:0) 91716c54 eeb6a1e7
[    5.715247] random 0041 0000 0000 91716c54 eeb6a1e7: add_timer_randomness(.. 8388864) with jiffies: 13884908838743409179, cycles: -4561835239260815349
[    5.715250] random 0041 0000 0000 91716c54 eeb6a1e7: added 1 entropy credits to input
[    5.715260] RANDOM get_random_int call with cycles 50477500993, jiffies 4294672923 and pid 1
[    5.715263] random 0042 0000 0000 91716c54 eeb6a1e7: rand_read_num 11 get_random_bytes(16): sig fffffcad 91716c54 eeb6a1e7
[    5.715265] random 0042 0000 0000 91716c54 eeb6a1e7: extract_entropy(.. 16 ..)
[    5.715268] random 0042 0000 0000 91716c54 eeb6a1e7: going to reseed nonblocking with 128 bits (128 of 0 requested)
[    5.715270] random 0042 0000 0000 91716c54 eeb6a1e7: extract_entropy(.. 16 ..)
[    5.715272] random 0042 0000 0000 91716c54 eeb6a1e7: trying to extract 128 bits from input
[    5.715274] random 0042 0000 0000 91716c54 eeb6a1e7: debiting 0 entropy credits from input
[    5.715276] random 0042 0000 0000 91716c54 eeb6a1e7: extract_entropy account returned: 0 
[    5.715279] random 0042 0000 0000 91716c54 eeb6a1e7: urand_change_num 47 xfer_secondary_pool(16): pool_sig fffffcad, data_sig 00000000, bytes_mixed 0 91716c54 eeb6a1e7
[    5.715282] random 0042 0000 0000 91716c54 eeb6a1e7: trying to extract 128 bits from nonblocking
[    5.715285] random 0042 0000 0000 91716c54 eeb6a1e7: debiting 128 entropy credits from nonblocking (unlimited)
[    5.715287] random 0042 0000 0000 91716c54 eeb6a1e7: extract_entropy account returned: 16 
[    5.715291] random 0042 0000 0000 91716c54 eeb6a1e7: urand_change_num 48 extract_buf: pool_sig fffffcad, data_sig ffffff19, bytes_mixed 20 91716c54 eeb6a1e7
[    5.715297] random 0042 0000 0000 fd637b06 6cf47bc1: urand_change_num 49 extract_buf: pool_sig fffffede, data_sig ffffffc1, bytes_mixed 20 fd637b06 6cf47bc1
[    5.716256] random 0042 0000 0000 fd637b06 6cf47bc1: add_disk_randomness(8:0) fd637b06 6cf47bc1
[    5.716259] random 0042 0000 0000 fd637b06 6cf47bc1: add_timer_randomness(.. 8388864) with jiffies: 13894009895918469660, cycles: -4552734182085754869
[    5.717395] random 0042 0000 0000 fd637b06 6cf47bc1: add_disk_randomness(8:0) fd637b06 6cf47bc1
[    5.717398] random 0042 0000 0000 fd637b06 6cf47bc1: add_timer_randomness(.. 8388864) with jiffies: 13904267291433599517, cycles: -4542476786570625013
[    5.718547] random 0042 0000 0000 fd637b06 6cf47bc1: add_disk_randomness(8:0) fd637b06 6cf47bc1
[    5.718549] random 0042 0000 0000 fd637b06 6cf47bc1: add_timer_randomness(.. 8388864) with jiffies: 13914625116169011742, cycles: -4532118961835212789
[    5.719426] random 0042 0000 0000 fd637b06 6cf47bc1: add_disk_randomness(8:0) fd637b06 6cf47bc1
[    5.719428] random 0042 0000 0000 fd637b06 6cf47bc1: add_timer_randomness(.. 8388864) with jiffies: 13922531369276899871, cycles: -4524212708727324661
[    5.719603] random 0042 0000 0000 fd637b06 6cf47bc1: add_disk_randomness(8:0) fd637b06 6cf47bc1
[    5.719607] random 0042 0000 0000 fd637b06 6cf47bc1: add_timer_randomness(.. 8388864) with jiffies: 13924119240161067552, cycles: -4522624837843156981
[    5.719829] random 0042 0000 0000 fd637b06 6cf47bc1: add_disk_randomness(8:0) fd637b06 6cf47bc1
[    5.719832] random 0042 0000 0000 fd637b06 6cf47bc1: add_timer_randomness(.. 8388864) with jiffies: 13926153663089967648, cycles: -4520590414914256885
[    5.730306] random 0042 0000 0000 fd637b06 6cf47bc1: add_disk_randomness(8:0) fd637b06 6cf47bc1
[    5.730309] random 0042 0000 0000 fd637b06 6cf47bc1: add_timer_randomness(.. 8388864) with jiffies: 14020420292497343018, cycles: -4426323785506881525
[    5.730312] random 0042 0000 0000 fd637b06 6cf47bc1: added 3 entropy credits to input
[    5.730747] random 0045 0000 0000 fd637b06 6cf47bc1: add_disk_randomness(8:0) fd637b06 6cf47bc1
[    5.730751] random 0045 0000 0000 fd637b06 6cf47bc1: add_timer_randomness(.. 8388864) with jiffies: 14024382709065548331, cycles: -4422361368938676213
[    5.740488] random 0045 0000 0000 fd637b06 6cf47bc1: add_disk_randomness(8:0) fd637b06 6cf47bc1
[    5.740491] random 0045 0000 0000 fd637b06 6cf47bc1: add_timer_randomness(.. 8388864) with jiffies: 14112032279928472116, cycles: -4334711798075752437
[    5.740494] random 0045 0000 0000 fd637b06 6cf47bc1: added 3 entropy credits to input
[    5.740548] RANDOM get_random_int call with cycles 50530472863, jiffies 4294672948 and pid 1
[    5.745096] random 0048 0000 0000 fd637b06 6cf47bc1: add_disk_randomness(8:0) fd637b06 6cf47bc1
[    5.745099] random 0048 0000 0000 fd637b06 6cf47bc1: add_timer_randomness(.. 8388864) with jiffies: 14153479319925260857, cycles: -4293264758078963701
[    5.745102] random 0048 0000 0000 fd637b06 6cf47bc1: added 2 entropy credits to input
[    5.757923] random 0050 0000 0000 fd637b06 6cf47bc1: add_disk_randomness(8:0) fd637b06 6cf47bc1
[    5.757926] random 0050 0000 0000 fd637b06 6cf47bc1: add_timer_randomness(.. 8388864) with jiffies: 14268879288667963974, cycles: -4177864789336260597
[    5.757929] random 0050 0000 0000 fd637b06 6cf47bc1: added 3 entropy credits to input
[    5.758062] random 0053 0000 0000 fd637b06 6cf47bc1: add_disk_randomness(8:0) fd637b06 6cf47bc1
[    5.758065] random 0053 0000 0000 fd637b06 6cf47bc1: add_timer_randomness(.. 8388864) with jiffies: 14270133668226499142, cycles: -4176610409777725429
[    5.760229] random 0053 0000 0000 fd637b06 6cf47bc1: add_disk_randomness(8:0) fd637b06 6cf47bc1
[    5.760232] random 0053 0000 0000 fd637b06 6cf47bc1: add_timer_randomness(.. 8388864) with jiffies: 14289628310034678344, cycles: -4157115767969546229
[    5.760235] random 0053 0000 0000 fd637b06 6cf47bc1: added 1 entropy credits to input
[    5.760466] random 0054 0000 0000 fd637b06 6cf47bc1: add_disk_randomness(8:0) fd637b06 6cf47bc1
[    5.760469] random 0054 0000 0000 fd637b06 6cf47bc1: add_timer_randomness(.. 8388864) with jiffies: 14291763389817127496, cycles: -4154980688187097077
[    5.760610] random 0054 0000 0000 fd637b06 6cf47bc1: add_disk_randomness(8:0) fd637b06 6cf47bc1
[    5.760613] random 0054 0000 0000 fd637b06 6cf47bc1: add_timer_randomness(.. 8388864) with jiffies: 14293049831306527305, cycles: -4153694246697697269
[    5.763779] random 0054 0000 0000 fd637b06 6cf47bc1: add_disk_randomness(8:0) fd637b06 6cf47bc1
[    5.763782] random 0054 0000 0000 fd637b06 6cf47bc1: add_timer_randomness(.. 8388864) with jiffies: 14321562869349188172, cycles: -4125181208655036405
[    5.765793] random 0054 0000 0000 fd637b06 6cf47bc1: add_disk_randomness(8:0) fd637b06 6cf47bc1
[    5.765796] random 0054 0000 0000 fd637b06 6cf47bc1: add_timer_randomness(.. 8388864) with jiffies: 14339679569684693582, cycles: -4107064508319530997
[    5.773620] random 0054 0000 0000 fd637b06 6cf47bc1: add_disk_randomness(8:0) fd637b06 6cf47bc1
[    5.773623] random 0054 0000 0000 fd637b06 6cf47bc1: add_timer_randomness(.. 8388864) with jiffies: 14410101575751795286, cycles: -4036642502252429301
[    5.773626] random 0054 0000 0000 fd637b06 6cf47bc1: added 2 entropy credits to input
[    5.773754] random 0056 0000 0000 fd637b06 6cf47bc1: add_disk_randomness(8:0) fd637b06 6cf47bc1
[    5.773757] random 0056 0000 0000 fd637b06 6cf47bc1: add_timer_randomness(.. 8388864) with jiffies: 14411305940416168534, cycles: -4035438137588056053
[    5.777319] random 0056 0000 0000 fd637b06 6cf47bc1: add_disk_randomness(8:0) fd637b06 6cf47bc1
[    5.777322] random 0056 0000 0000 fd637b06 6cf47bc1: add_timer_randomness(.. 8388864) with jiffies: 14443385712574956121, cycles: -4003358365429268469
[    5.777324] random 0056 0000 0000 fd637b06 6cf47bc1: added 1 entropy credits to input
[    5.781814] random 0057 0000 0000 fd637b06 6cf47bc1: add_disk_randomness(8:0) fd637b06 6cf47bc1
[    5.781817] random 0057 0000 0000 fd637b06 6cf47bc1: add_timer_randomness(.. 8388864) with jiffies: 14483824740927242846, cycles: -3962919337076981749
[    5.787395] random 0057 0000 0000 fd637b06 6cf47bc1: add_disk_randomness(8:0) fd637b06 6cf47bc1
[    5.787398] random 0057 0000 0000 fd637b06 6cf47bc1: add_timer_randomness(.. 8388864) with jiffies: 14534043942388466275, cycles: -3912700135615758325
[    5.793673] random 0057 0000 0000 fd637b06 6cf47bc1: add_disk_randomness(8:0) fd637b06 6cf47bc1
[    5.793676] random 0057 0000 0000 fd637b06 6cf47bc1: add_timer_randomness(.. 8388864) with jiffies: 14590512707812426346, cycles: -3856231370191798261
[    5.793679] random 0057 0000 0000 fd637b06 6cf47bc1: added 1 entropy credits to input
[    5.793689] random 0058 0000 0000 fd637b06 6cf47bc1: rand_read_num 12 get_random_bytes(16): sig 0000033b fd637b06 6cf47bc1
[    5.793692] random 0058 0000 0000 fd637b06 6cf47bc1: extract_entropy(.. 16 ..)
[    5.793694] random 0058 0000 0000 fd637b06 6cf47bc1: going to reseed nonblocking with 128 bits (128 of 0 requested)
[    5.793696] random 0058 0000 0000 fd637b06 6cf47bc1: extract_entropy(.. 16 ..)
[    5.793699] random 0058 0000 0000 fd637b06 6cf47bc1: trying to extract 128 bits from input
[    5.793701] random 0058 0000 0000 fd637b06 6cf47bc1: debiting 0 entropy credits from input
[    5.793703] random 0058 0000 0000 fd637b06 6cf47bc1: extract_entropy account returned: 0 
[    5.793706] random 0058 0000 0000 fd637b06 6cf47bc1: urand_change_num 50 xfer_secondary_pool(16): pool_sig 0000033b, data_sig 00000000, bytes_mixed 0 fd637b06 6cf47bc1
[    5.793709] random 0058 0000 0000 fd637b06 6cf47bc1: trying to extract 128 bits from nonblocking
[    5.793711] random 0058 0000 0000 fd637b06 6cf47bc1: debiting 128 entropy credits from nonblocking (unlimited)
[    5.793714] random 0058 0000 0000 fd637b06 6cf47bc1: extract_entropy account returned: 16 
[    5.793718] random 0058 0000 0000 fd637b06 6cf47bc1: urand_change_num 51 extract_buf: pool_sig 0000033b, data_sig 000000d8, bytes_mixed 20 fd637b06 6cf47bc1
[    5.793723] random 0058 0000 0000 0ec1f012 d4727ca8: urand_change_num 52 extract_buf: pool_sig fffffcf5, data_sig 00000016, bytes_mixed 20 0ec1f012 d4727ca8
[    5.800418] random 0058 0000 0000 45b1d0b1 845a73f7: add_disk_randomness(8:0) 45b1d0b1 845a73f7
[    5.800422] random 0058 0000 0000 45b1d0b1 845a73f7: add_timer_randomness(.. 8388864) with jiffies: 14651211449087263344, cycles: -3795532628916961269
[    5.807642] random 0058 0000 0000 45b1d0b1 845a73f7: add_disk_randomness(8:0) 45b1d0b1 845a73f7
[    5.807645] random 0058 0000 0000 45b1d0b1 845a73f7: add_timer_randomness(.. 8388864) with jiffies: 14716186577629577848, cycles: -3730557500374646773
[    5.807648] random 0058 0000 0000 45b1d0b1 845a73f7: added 1 entropy credits to input
[    5.813242] random 0059 0000 0000 45b1d0b1 845a73f7: add_disk_randomness(8:0) 45b1d0b1 845a73f7
[    5.813245] random 0059 0000 0000 45b1d0b1 845a73f7: add_timer_randomness(.. 8388864) with jiffies: 14766578363761656445, cycles: -3680165714242568181
[    5.813248] random 0059 0000 0000 45b1d0b1 845a73f7: added 1 entropy credits to input
[    5.825061] random 0060 0000 0000 45b1d0b1 845a73f7: add_disk_randomness(8:0) 45b1d0b1 845a73f7
[    5.825064] random 0060 0000 0000 45b1d0b1 845a73f7: add_timer_randomness(.. 8388864) with jiffies: 14872909431749444233, cycles: -3573834646254780405
[    5.825067] random 0060 0000 0000 45b1d0b1 845a73f7: added 2 entropy credits to input
[    5.828211] random 0062 0000 0000 45b1d0b1 845a73f7: add_disk_randomness(8:0) 45b1d0b1 845a73f7
[    5.828214] random 0062 0000 0000 45b1d0b1 845a73f7: add_timer_randomness(.. 8388864) with jiffies: 14901256151478534796, cycles: -3545487926525689845
[    5.828217] random 0062 0000 0000 45b1d0b1 845a73f7: added 1 entropy credits to input
[    5.842471] random 0063 0000 0000 45b1d0b1 845a73f7: add_disk_randomness(8:0) 45b1d0b1 845a73f7
[    5.842475] random 0063 0000 0000 45b1d0b1 845a73f7: add_timer_randomness(.. 8388864) with jiffies: 15029555715192357530, cycles: -3417188362811867125
[    5.842477] random 0063 0000 0000 45b1d0b1 845a73f7: added 3 entropy credits to input
[    5.847874] random 0066 0000 0000 45b1d0b1 845a73f7: add_disk_randomness(8:0) 45b1d0b1 845a73f7
[    5.847877] random 0066 0000 0000 45b1d0b1 845a73f7: add_timer_randomness(.. 8388864) with jiffies: 15078148846330282656, cycles: -3368595231673942005
[    5.847879] random 0066 0000 0000 45b1d0b1 845a73f7: added 2 entropy credits to input
[    5.853049] random 0068 0000 0000 45b1d0b1 845a73f7: add_disk_randomness(8:0) 45b1d0b1 845a73f7
[    5.853052] random 0068 0000 0000 45b1d0b1 845a73f7: add_timer_randomness(.. 8388864) with jiffies: 15124711166606803621, cycles: -3322032911397421045
[    5.861272] random 0068 0000 0000 45b1d0b1 845a73f7: add_disk_randomness(8:0) 45b1d0b1 845a73f7
[    5.861276] random 0068 0000 0000 45b1d0b1 845a73f7: add_timer_randomness(.. 8388864) with jiffies: 15198702432230802093, cycles: -3248041645773422581
[    5.861279] random 0068 0000 0000 45b1d0b1 845a73f7: added 1 entropy credits to input
[    5.870877] random 0069 0000 0000 45b1d0b1 845a73f7: add_disk_randomness(8:0) 45b1d0b1 845a73f7
[    5.870880] random 0069 0000 0000 45b1d0b1 845a73f7: add_timer_randomness(.. 8388864) with jiffies: 15285101862667911863, cycles: -3161642215336312821
[    5.890380] random 0069 0000 0000 45b1d0b1 845a73f7: add_disk_randomness(8:0) 45b1d0b1 845a73f7
[    5.890383] random 0069 0000 0000 45b1d0b1 845a73f7: add_timer_randomness(.. 8388864) with jiffies: 15460579455989940938, cycles: -2986164622014283765
[    5.890386] random 0069 0000 0000 45b1d0b1 845a73f7: added 2 entropy credits to input
[    5.903665] random 0071 0000 0000 45b1d0b1 845a73f7: add_disk_randomness(8:0) 45b1d0b1 845a73f7
[    5.903668] random 0071 0000 0000 45b1d0b1 845a73f7: add_timer_randomness(.. 8388864) with jiffies: 15580089175858971352, cycles: -2866654902145253365
[    5.903671] random 0071 0000 0000 45b1d0b1 845a73f7: added 2 entropy credits to input
[    5.911682] random 0073 0000 0000 45b1d0b1 845a73f7: add_disk_randomness(8:0) 45b1d0b1 845a73f7
[    5.911685] random 0073 0000 0000 45b1d0b1 845a73f7: add_timer_randomness(.. 8388864) with jiffies: 15652222077853467360, cycles: -2794522000150757365
[    5.921697] random 0073 0000 0000 45b1d0b1 845a73f7: add_disk_randomness(8:0) 45b1d0b1 845a73f7
[    5.921700] random 0073 0000 0000 45b1d0b1 845a73f7: add_timer_randomness(.. 8388864) with jiffies: 15742317177324929770, cycles: -2704426900679294965
[    5.921702] random 0073 0000 0000 45b1d0b1 845a73f7: added 1 entropy credits to input
[    5.934584] random 0074 0000 0000 45b1d0b1 845a73f7: add_disk_randomness(8:0) 45b1d0b1 845a73f7
[    5.934587] random 0074 0000 0000 45b1d0b1 845a73f7: add_timer_randomness(.. 8388864) with jiffies: 15858263723605721847, cycles: -2588480354398502901
[    5.941941] random 0074 0000 0000 45b1d0b1 845a73f7: add_disk_randomness(8:0) 45b1d0b1 845a73f7
[    5.941944] random 0074 0000 0000 45b1d0b1 845a73f7: add_timer_randomness(.. 8388864) with jiffies: 15924453679352742654, cycles: -2522290398651482101
[    5.941946] random 0074 0000 0000 45b1d0b1 845a73f7: added 2 entropy credits to input
[    5.947233] random 0076 0000 0000 45b1d0b1 845a73f7: add_disk_randomness(8:0) 45b1d0b1 845a73f7
[    5.947236] random 0076 0000 0000 45b1d0b1 845a73f7: add_timer_randomness(.. 8388864) with jiffies: 15972073072685187843, cycles: -2474671005319036917
[    5.947239] random 0076 0000 0000 45b1d0b1 845a73f7: added 1 entropy credits to input
[    5.953631] random 0077 0000 0000 45b1d0b1 845a73f7: add_disk_randomness(8:0) 45b1d0b1 845a73f7
[    5.953634] random 0077 0000 0000 45b1d0b1 845a73f7: add_timer_randomness(.. 8388864) with jiffies: 16029621872060236554, cycles: -2417122205943988213
[    5.953636] random 0077 0000 0000 45b1d0b1 845a73f7: added 1 entropy credits to input
[    5.958680] random 0078 0000 0000 45b1d0b1 845a73f7: add_disk_randomness(8:0) 45b1d0b1 845a73f7
[    5.958683] random 0078 0000 0000 45b1d0b1 845a73f7: add_timer_randomness(.. 8388864) with jiffies: 16075054323880133391, cycles: -2371689754124091381
[    5.958686] random 0078 0000 0000 45b1d0b1 845a73f7: added 1 entropy credits to input
[    5.964584] random 0079 0000 0000 45b1d0b1 845a73f7: add_disk_randomness(8:0) 45b1d0b1 845a73f7
[    5.964587] random 0079 0000 0000 45b1d0b1 845a73f7: add_timer_randomness(.. 8388864) with jiffies: 16128166464988087061, cycles: -2318577613016137717
[    5.973936] random 0079 0000 0000 45b1d0b1 845a73f7: add_disk_randomness(8:0) 45b1d0b1 845a73f7
[    5.973939] random 0079 0000 0000 45b1d0b1 845a73f7: add_timer_randomness(.. 8388864) with jiffies: 16212310453479244574, cycles: -2234433624524980213
[    5.973942] random 0079 0000 0000 45b1d0b1 845a73f7: added 1 entropy credits to input
[    5.978813] random 0080 0000 0000 45b1d0b1 845a73f7: add_disk_randomness(8:0) 45b1d0b1 845a73f7
[    5.978816] random 0080 0000 0000 45b1d0b1 845a73f7: add_timer_randomness(.. 8388864) with jiffies: 16256184575200035619, cycles: -2190559502804189173
[    5.978819] random 0080 0000 0000 45b1d0b1 845a73f7: added 2 entropy credits to input
[    5.986248] random 0082 0000 0000 45b1d0b1 845a73f7: add_disk_randomness(8:0) 45b1d0b1 845a73f7
[    5.986251] random 0082 0000 0000 45b1d0b1 845a73f7: add_timer_randomness(.. 8388864) with jiffies: 16323080164009018154, cycles: -2123663913995206645
[    5.986253] random 0082 0000 0000 45b1d0b1 845a73f7: added 1 entropy credits to input
[    5.992465] random 0083 0000 0000 45b1d0b1 845a73f7: add_disk_randomness(8:0) 45b1d0b1 845a73f7
[    5.992468] random 0083 0000 0000 45b1d0b1 845a73f7: add_timer_randomness(.. 8388864) with jiffies: 16379024221868360496, cycles: -2067719856135864309
[    5.992620] random 0083 0000 0000 45b1d0b1 845a73f7: add_disk_randomness(8:0) 45b1d0b1 845a73f7
[    5.992623] random 0083 0000 0000 45b1d0b1 845a73f7: add_timer_randomness(.. 8388864) with jiffies: 16380405234242650929, cycles: -2066338843761573877
[    6.007030] random 0083 0000 0000 45b1d0b1 845a73f7: add_disk_randomness(8:0) 45b1d0b1 845a73f7
[    6.007033] random 0083 0000 0000 45b1d0b1 845a73f7: add_timer_randomness(.. 8388864) with jiffies: 16510052253751280447, cycles: -1936691824252944373
[    6.007036] random 0083 0000 0000 45b1d0b1 845a73f7: added 3 entropy credits to input
[    6.014447] random 0086 0000 0000 45b1d0b1 845a73f7: add_disk_randomness(8:0) 45b1d0b1 845a73f7
[    6.014450] random 0086 0000 0000 45b1d0b1 845a73f7: add_timer_randomness(.. 8388864) with jiffies: 16576787520021037894, cycles: -1869956557983186933
[    6.014453] random 0086 0000 0000 45b1d0b1 845a73f7: added 2 entropy credits to input
[    6.024131] random 0088 0000 0000 45b1d0b1 845a73f7: add_disk_randomness(8:0) 45b1d0b1 845a73f7
[    6.024134] random 0088 0000 0000 45b1d0b1 845a73f7: add_timer_randomness(.. 8388864) with jiffies: 16663905803429446480, cycles: -1782838274574778357
[    6.024136] random 0088 0000 0000 45b1d0b1 845a73f7: added 1 entropy credits to input
[    6.034762] random 0089 0000 0000 45b1d0b1 845a73f7: add_disk_randomness(8:0) 45b1d0b1 845a73f7
[    6.034765] random 0089 0000 0000 45b1d0b1 845a73f7: add_timer_randomness(.. 8388864) with jiffies: 16759546951220560731, cycles: -1687197126783664117
[    6.047279] random 0089 0000 0000 45b1d0b1 845a73f7: add_disk_randomness(8:0) 45b1d0b1 845a73f7
[    6.047282] random 0089 0000 0000 45b1d0b1 845a73f7: add_timer_randomness(.. 8388864) with jiffies: 16872169433332417383, cycles: -1574574644671807477
[    6.048488] random 0089 0000 0000 45b1d0b1 845a73f7: add_disk_randomness(8:0) 45b1d0b1 845a73f7
[    6.048491] random 0089 0000 0000 45b1d0b1 845a73f7: add_timer_randomness(.. 8388864) with jiffies: 16883055027944129384, cycles: -1563689050060095477
[    6.052501] random 0089 0000 0000 45b1d0b1 845a73f7: add_disk_randomness(8:0) 45b1d0b1 845a73f7
[    6.052504] random 0089 0000 0000 45b1d0b1 845a73f7: add_timer_randomness(.. 8388864) with jiffies: 16919151784230617964, cycles: -1527592293773606901
[    6.052506] random 0089 0000 0000 45b1d0b1 845a73f7: added 1 entropy credits to input
[    6.061843] random 0090 0000 0000 45b1d0b1 845a73f7: add_disk_randomness(8:0) 45b1d0b1 845a73f7
[    6.061846] random 0090 0000 0000 45b1d0b1 845a73f7: add_timer_randomness(.. 8388864) with jiffies: 17003190696346878838, cycles: -1443553381657346037
[    6.061848] random 0090 0000 0000 45b1d0b1 845a73f7: added 1 entropy credits to input
[    6.062192] random 0091 0000 0000 45b1d0b1 845a73f7: add_disk_randomness(8:0) 45b1d0b1 845a73f7
[    6.062195] random 0091 0000 0000 45b1d0b1 845a73f7: add_timer_randomness(.. 8388864) with jiffies: 17006341321146467190, cycles: -1440402756857757685
[    6.077854] random 0091 0000 0000 45b1d0b1 845a73f7: add_disk_randomness(8:0) 45b1d0b1 845a73f7
[    6.077857] random 0091 0000 0000 45b1d0b1 845a73f7: add_timer_randomness(.. 8388864) with jiffies: 17147243551562367878, cycles: -1299500526441857013
[    6.077860] random 0091 0000 0000 45b1d0b1 845a73f7: added 4 entropy credits to input
[    6.079485] random 0095 0000 0000 45b1d0b1 845a73f7: add_disk_randomness(8:0) 45b1d0b1 845a73f7
[    6.079488] random 0095 0000 0000 45b1d0b1 845a73f7: add_timer_randomness(.. 8388864) with jiffies: 17161923397592777607, cycles: -1284820680411447285
[    6.079633] random 0095 0000 0000 45b1d0b1 845a73f7: add_disk_randomness(8:0) 45b1d0b1 845a73f7
[    6.079636] random 0095 0000 0000 45b1d0b1 845a73f7: add_timer_randomness(.. 8388864) with jiffies: 17163242626862515080, cycles: -1283501451141709813
[    6.090508] random 0095 0000 0000 45b1d0b1 845a73f7: add_disk_randomness(8:0) 45b1d0b1 845a73f7
[    6.090511] random 0095 0000 0000 45b1d0b1 845a73f7: add_timer_randomness(.. 8388864) with jiffies: 17261094256881927058, cycles: -1185649821122297845
[    6.090513] random 0095 0000 0000 45b1d0b1 845a73f7: added 3 entropy credits to input
[    6.091074] random 0098 0000 0000 45b1d0b1 845a73f7: add_disk_randomness(8:0) 45b1d0b1 845a73f7
[    6.091077] random 0098 0000 0000 45b1d0b1 845a73f7: add_timer_randomness(.. 8388864) with jiffies: 17266181619874235283, cycles: -1180562458129989621
[    6.096304] random 0098 0000 0000 45b1d0b1 845a73f7: add_disk_randomness(8:0) 45b1d0b1 845a73f7
[    6.096307] random 0098 0000 0000 45b1d0b1 845a73f7: add_timer_randomness(.. 8388864) with jiffies: 17313243028235453336, cycles: -1133501049768771573
[    6.096310] random 0098 0000 0000 45b1d0b1 845a73f7: added 2 entropy credits to input
[    6.098061] random 0100 0000 0000 45b1d0b1 845a73f7: add_disk_randomness(8:0) 45b1d0b1 845a73f7
[    6.098064] random 0100 0000 0000 45b1d0b1 845a73f7: add_timer_randomness(.. 8388864) with jiffies: 17329041421188694938, cycles: -1117702656815529973
[    6.098066] random 0100 0000 0000 45b1d0b1 845a73f7: added 1 entropy credits to input
