[    0.000000] random 0000 0000 0000 00000000 00000000: rand_read_num 1 get_random_bytes(8): sig 00000000 00000000 00000000
[    0.000000] random 0000 0000 0000 00000000 00000000: extract_entropy(.. 8 ..)
[    0.000000] random 0000 0000 0000 00000000 00000000: going to reseed nonblocking with 64 bits (64 of 0 requested)
[    0.000000] random 0000 0000 0000 00000000 00000000: extract_entropy(.. 8 ..)
[    0.000000] random 0000 0000 0000 00000000 00000000: trying to extract 64 bits from input
[    0.000000] random 0000 0000 0000 00000000 00000000: debiting 0 entropy credits from input
[    0.000000] random 0000 0000 0000 00000000 00000000: extract_entropy account returned: 0 
[    0.000000] random 0000 0000 0000 00000000 00000000: urand_change_num 1 xfer_secondary_pool(8): pool_sig 00000000, data_sig 00000000, bytes_mixed 0 00000000 00000000
[    0.000000] random 0000 0000 0000 00000000 00000000: trying to extract 64 bits from nonblocking
[    0.000000] random 0000 0000 0000 00000000 00000000: debiting 64 entropy credits from nonblocking (unlimited)
[    0.000000] random 0000 0000 0000 00000000 00000000: extract_entropy account returned: 8 
[    0.000000] random 0000 0000 0000 00000000 00000000: urand_change_num 2 extract_buf: pool_sig 00000000, data_sig fffffff9, bytes_mixed 20 00000000 00000000
[    0.000000] Linux version 2.6.32.57 (dcashman@dcashman-02) (gcc version 4.3.3 (GCC) ) #6 Thu May 30 09:02:12 PDT 2013
[    0.000000] KERNEL supported cpus:
[    0.000000]   Intel GenuineIntel
[    0.000000]   AMD AuthenticAMD
[    0.000000]   NSC Geode by NSC
[    0.000000]   Cyrix CyrixInstead
[    0.000000]   Centaur CentaurHauls
[    0.000000]   Transmeta GenuineTMx86
[    0.000000]   Transmeta TransmetaCPU
[    0.000000]   UMC UMC UMC UMC
[    0.000000] BIOS-provided physical RAM map:
[    0.000000]  BIOS-e820: 0000000000000000 - 000000000009d800 (usable)
[    0.000000]  BIOS-e820: 000000000009d800 - 00000000000a0000 (reserved)
[    0.000000]  BIOS-e820: 00000000000d2000 - 00000000000d4000 (reserved)
[    0.000000]  BIOS-e820: 00000000000e0000 - 0000000000100000 (reserved)
[    0.000000]  BIOS-e820: 0000000000100000 - 000000003d6b0000 (usable)
[    0.000000]  BIOS-e820: 000000003d6b0000 - 000000003d6cc000 (ACPI data)
[    0.000000]  BIOS-e820: 000000003d6cc000 - 000000003d700000 (ACPI NVS)
[    0.000000]  BIOS-e820: 000000003d700000 - 000000003e000000 (reserved)
[    0.000000]  BIOS-e820: 00000000f0000000 - 00000000f4000000 (reserved)
[    0.000000]  BIOS-e820: 00000000fec00000 - 00000000fec10000 (reserved)
[    0.000000]  BIOS-e820: 00000000fed00000 - 00000000fed00400 (reserved)
[    0.000000]  BIOS-e820: 00000000fed14000 - 00000000fed1a000 (reserved)
[    0.000000]  BIOS-e820: 00000000fed1c000 - 00000000fed90000 (reserved)
[    0.000000]  BIOS-e820: 00000000fee00000 - 00000000fee01000 (reserved)
[    0.000000]  BIOS-e820: 00000000ff000000 - 0000000100000000 (reserved)
[    0.000000] DMI present.
[    0.000000] last_pfn = 0x3d6b0 max_arch_pfn = 0x100000
[    0.000000] MTRR default type: uncachable
[    0.000000] MTRR fixed ranges enabled:
[    0.000000]   00000-9FFFF write-back
[    0.000000]   A0000-BFFFF uncachable
[    0.000000]   C0000-CFFFF write-protect
[    0.000000]   D0000-DFFFF uncachable
[    0.000000]   E0000-FFFFF write-protect
[    0.000000] MTRR variable ranges enabled:
[    0.000000]   0 base 03E000000 mask FFE000000 uncachable
[    0.000000]   1 base 000000000 mask FC0000000 write-back
[    0.000000]   2 base 03D700000 mask FFFF00000 uncachable
[    0.000000]   3 base 03D800000 mask FFF800000 uncachable
[    0.000000]   4 disabled
[    0.000000]   5 disabled
[    0.000000]   6 disabled
[    0.000000]   7 disabled
[    0.000000] initial memory mapped : 0 - 02000000
[    0.000000] init_memory_mapping: 0000000000000000-00000000377fe000
[    0.000000]  0000000000 - 0000400000 page 4k
[    0.000000]  0000400000 - 0037400000 page 2M
[    0.000000]  0037400000 - 00377fe000 page 4k
[    0.000000] kernel direct mapping tables up to 377fe000 @ 7000-c000
[    0.000000] ACPI: RSDP 000f68d0 00024 (v02 LENOVO)
[    0.000000] ACPI: XSDT 3d6bb77f 00094 (v01 LENOVO TP-7L    00002170  LTP 00000000)
[    0.000000] ACPI: FACP 3d6bb900 000F4 (v03 LENOVO TP-7L    00002170 LNVO 00000001)
[    0.000000] ACPI Warning: 32/64X length mismatch in Gpe1Block: 0/32 (20090903/tbfadt-526)
[    0.000000] ACPI Warning: Optional field Gpe1Block has zero address or length: 000000000000102C/0 (20090903/tbfadt-557)
[    0.000000] ACPI: DSDT 3d6bbd1d 0FED1 (v01 LENOVO TP-7L    00002170 MSFT 03000000)
[    0.000000] ACPI: FACS 3d6e4000 00040
[    0.000000] ACPI: SSDT 3d6bbab4 00269 (v01 LENOVO TP-7L    00002170 MSFT 03000000)
[    0.000000] ACPI: ECDT 3d6cbbee 00052 (v01 LENOVO TP-7L    00002170 LNVO 00000001)
[    0.000000] ACPI: TCPA 3d6cbc40 00032 (v02 LENOVO TP-7L    00002170 LNVO 00000001)
[    0.000000] ACPI: APIC 3d6cbc72 00068 (v01 LENOVO TP-7L    00002170 LNVO 00000001)
[    0.000000] ACPI: MCFG 3d6cbcda 0003C (v01 LENOVO TP-7L    00002170 LNVO 00000001)
[    0.000000] ACPI: HPET 3d6cbd16 00038 (v01 LENOVO TP-7L    00002170 LNVO 00000001)
[    0.000000] ACPI: SLIC 3d6cbdf0 00176 (v01 LENOVO TP-7L    00002170  LTP 00000000)
[    0.000000] ACPI: BOOT 3d6cbf66 00028 (v01 LENOVO TP-7L    00002170  LTP 00000001)
[    0.000000] ACPI: ASF! 3d6cbf8e 00072 (v16 LENOVO TP-7L    00002170 PTL  00000001)
[    0.000000] ACPI: SSDT 3d6e26d9 0025F (v01 LENOVO TP-7L    00002170 INTL 20050513)
[    0.000000] ACPI: SSDT 3d6e2938 000A6 (v01 LENOVO TP-7L    00002170 INTL 20050513)
[    0.000000] ACPI: SSDT 3d6e29de 004F7 (v01 LENOVO TP-7L    00002170 INTL 20050513)
[    0.000000] ACPI: SSDT 3d6e2ed5 001D8 (v01 LENOVO TP-7L    00002170 INTL 20050513)
[    0.000000] ACPI: DMI detected: Lenovo ThinkPad R61
[    0.000000] ACPI: Added _OSI(Linux)
[    0.000000] ACPI: Local APIC address 0xfee00000
[    0.000000] 94MB HIGHMEM available.
[    0.000000] 887MB LOWMEM available.
[    0.000000]   mapped low ram: 0 - 377fe000
[    0.000000]   low ram: 0 - 377fe000
[    0.000000]   node 0 low ram: 00000000 - 377fe000
[    0.000000]   node 0 bootmap 00008000 - 0000ef00
[    0.000000] (6 early reservations) ==> bootmem [0000000000 - 00377fe000]
[    0.000000]   #0 [0000000000 - 0000001000]   BIOS data page ==> [0000000000 - 0000001000]
[    0.000000]   #1 [0001000000 - 0001bdc180]    TEXT DATA BSS ==> [0001000000 - 0001bdc180]
[    0.000000]   #2 [000009d800 - 0000100000]    BIOS reserved ==> [000009d800 - 0000100000]
[    0.000000]   #3 [0001bdd000 - 0001be516c]              BRK ==> [0001bdd000 - 0001be516c]
[    0.000000]   #4 [0000007000 - 0000008000]          PGTABLE ==> [0000007000 - 0000008000]
[    0.000000]   #5 [0000008000 - 000000f000]          BOOTMAP ==> [0000008000 - 000000f000]
[    0.000000] found SMP MP-table at [c00f6900] f6900
[    0.000000] Zone PFN ranges:
[    0.000000]   DMA      0x00000000 -> 0x00001000
[    0.000000]   Normal   0x00001000 -> 0x000377fe
[    0.000000]   HighMem  0x000377fe -> 0x0003d6b0
[    0.000000] Movable zone start PFN for each node
[    0.000000] early_node_map[2] active PFN ranges
[    0.000000]     0: 0x00000000 -> 0x0000009d
[    0.000000]     0: 0x00000100 -> 0x0003d6b0
[    0.000000] On node 0 totalpages: 251469
[    0.000000] free_area_init_node: node 0, pgdat c1901ea0, node_mem_map c1be7000
[    0.000000]   DMA zone: 32 pages used for memmap
[    0.000000]   DMA zone: 0 pages reserved
[    0.000000]   DMA zone: 3965 pages, LIFO batch:0
[    0.000000]   Normal zone: 1744 pages used for memmap
[    0.000000]   Normal zone: 221486 pages, LIFO batch:31
[    0.000000]   HighMem zone: 190 pages used for memmap
[    0.000000]   HighMem zone: 24052 pages, LIFO batch:3
[    0.000000] Using APIC driver default
[    0.000000] ACPI: PM-Timer IO Port: 0x1008
[    0.000000] ACPI: Local APIC address 0xfee00000
[    0.000000] ACPI: LAPIC (acpi_id[0x00] lapic_id[0x00] enabled)
[    0.000000] ACPI: LAPIC (acpi_id[0x01] lapic_id[0x01] enabled)
[    0.000000] ACPI: NR_CPUS/possible_cpus limit of 1 reached.  Processor 1/0x1 ignored.
[    0.000000] ACPI: LAPIC_NMI (acpi_id[0x00] high edge lint[0x1])
[    0.000000] ACPI: LAPIC_NMI (acpi_id[0x01] high edge lint[0x1])
[    0.000000] ACPI: IOAPIC (id[0x01] address[0xfec00000] gsi_base[0])
[    0.000000] IOAPIC[0]: apic_id 1, version 32, address 0xfec00000, GSI 0-23
[    0.000000] ACPI: INT_SRC_OVR (bus 0 bus_irq 0 global_irq 2 dfl dfl)
[    0.000000] ACPI: INT_SRC_OVR (bus 0 bus_irq 9 global_irq 9 high level)
[    0.000000] ACPI: IRQ0 used by override.
[    0.000000] ACPI: IRQ2 used by override.
[    0.000000] ACPI: IRQ9 used by override.
[    0.000000] Using ACPI (MADT) for SMP configuration information
[    0.000000] ACPI: HPET id: 0x8086a201 base: 0xfed00000
[    0.000000] nr_irqs_gsi: 24
[    0.000000] PM: Registered nosave memory: 000000000009d000 - 000000000009e000
[    0.000000] PM: Registered nosave memory: 000000000009e000 - 00000000000a0000
[    0.000000] PM: Registered nosave memory: 00000000000a0000 - 00000000000d2000
[    0.000000] PM: Registered nosave memory: 00000000000d2000 - 00000000000d4000
[    0.000000] PM: Registered nosave memory: 00000000000d4000 - 00000000000e0000
[    0.000000] PM: Registered nosave memory: 00000000000e0000 - 0000000000100000
[    0.000000] Allocating PCI resources starting at 3e000000 (gap: 3e000000:b2000000)
[    0.000000] Built 1 zonelists in Zone order, mobility grouping on.  Total pages: 249503
[    0.000000] Kernel command line: auto BOOT_IMAGE=Linux ro root=802 vt.default_utf8=0 maxcpus=0
[    0.000000] PID hash table entries: 4096 (order: 2, 16384 bytes)
[    0.000000] Dentry cache hash table entries: 131072 (order: 7, 524288 bytes)
[    0.000000] Inode-cache hash table entries: 65536 (order: 6, 262144 bytes)
[    0.000000] Enabling fast FPU save and restore... done.
[    0.000000] Enabling unmasked SIMD FPU exception support... done.
[    0.000000] Initializing CPU#0
[    0.000000] Initializing HighMem for node 0 (000377fe:0003d6b0)
[    0.000000] Memory: 984800k/1006272k available (6915k kernel code, 20876k reserved, 2327k data, 448k init, 96968k highmem)
[    0.000000] virtual kernel memory layout:
[    0.000000]     fixmap  : 0xfffa3000 - 0xfffff000   ( 368 kB)
[    0.000000]     pkmap   : 0xff800000 - 0xffc00000   (4096 kB)
[    0.000000]     vmalloc : 0xf7ffe000 - 0xff7fe000   ( 120 MB)
[    0.000000]     lowmem  : 0xc0000000 - 0xf77fe000   ( 887 MB)
[    0.000000]       .init : 0xc1907000 - 0xc1977000   ( 448 kB)
[    0.000000]       .data : 0xc16c0d3f - 0xc1906c64   (2327 kB)
[    0.000000]       .text : 0xc1000000 - 0xc16c0d3f   (6915 kB)
[    0.000000] Checking if this processor honours the WP bit even in supervisor mode...Ok.
[    0.000000] SLUB: Genslabs=13, HWalign=64, Order=0-3, MinObjects=0, CPUs=1, Nodes=1
[    0.000000] Hierarchical RCU implementation.
[    0.000000] NR_IRQS:288
[    0.000000] Extended CMOS year: 2000
[    0.000000] Console: colour VGA+ 80x25
[    0.000000] console [tty0] enabled
[    0.000000] hpet clockevent registered
[    0.000000] Fast TSC calibration using PIT
[    0.000000] Detected 2094.667 MHz processor.
[    0.001001] Calibrating delay loop (skipped), value calculated using timer frequency.. 4189.33 BogoMIPS (lpj=2094667)
[    0.001171] Security Framework initialized
[    0.001258] Mount-cache hash table entries: 512
[    0.001402] CPU: L1 I cache: 32K, L1 D cache: 32K
[    0.001533] CPU: L2 cache: 3072K
[    0.001614] mce: CPU supports 6 MCE banks
[    0.001699] CPU0: Thermal monitoring enabled (TM2)
[    0.002003] using mwait in idle threads.
[    0.002089] CPU: Intel(R) Core(TM)2 Duo CPU     T8100  @ 2.10GHz stepping 06
[    0.002270] Checking 'hlt' instruction... OK.
[    0.006939] ACPI: Core revision 20090903
[    0.026011] RANDOM get_random_int first call with cycles 38321447000, jiffies 4294667322 and pid 0
[    0.026019] CANARY value: b9f16e8f for PID: 1
[    0.026025] CANARY value: 4802b597 for PID: 2
[    0.026049] Enabling APIC mode:  Flat.  Using 1 I/O APICs
[    0.026512] ..TIMER: vector=0x30 apic1=0 pin1=2 apic2=-1 pin2=-1
[    0.036997] xor: automatically using best checksumming function: pIII_sse
[    0.040998]    pIII_sse  :  8568.000 MB/sec
[    0.041084] xor: using function: pIII_sse (8568.000 MB/sec)
[    0.041178] RANDOM - __seed init called.
[    0.041179] RANDOM - __seed init called.
[    0.041180] RANDOM - __seed init called.
[    0.041182] RANDOM - __random32 called. Change num 1.  Value: e6b75c0e	845fdb3c	4764ecc7
[    0.041184] RANDOM - __random32 called. Change num 2.  Value: 75c0e1a6	45fdb3ca	d98f8871
[    0.041186] RANDOM - __random32 called. Change num 3.  Value: e1a6d3e	5fdb3ca9	10e2be79
[    0.041187] RANDOM - __random32 called. Change num 4.  Value: a6d3e877	fdb3ca90	7cf2fee9
[    0.041189] RANDOM - __random32 called. Change num 5.  Value: 3e877b7b	db3ca905	fdd36ca1
[    0.041191] RANDOM - __random32 called. Change num 6.  Value: 77b7ba3d	b3ca905b	d9426901
[    0.041192] RANDOM - random32 init called.  Value: 77b7ba3d	b3ca905b	d9426901
[    0.041210] NET: Registered protocol family 16
[    0.041475] ACPI FADT declares the system doesn't support PCIe ASPM, so disable it
[    0.041596] ACPI: bus type pci registered
[    0.041771] PCI: MCFG configuration 0: base f0000000 segment 0 buses 0 - 63
[    0.041866] PCI: MCFG area at f0000000 reserved in E820
[    0.041961] PCI: Using MMCONFIG for extended config space
[    0.042002] PCI: Using configuration type 1 for base access
[    0.045157] bio: create slab <bio-0> at 0
[    0.045964] ACPI: EC: EC description table is found, configuring boot EC
[    0.051146] ACPI: BIOS _OSI(Linux) query honored via DMI
[    0.051869] random 0000 0000 0000 00000000 00000000: rand_read_num 2 get_random_bytes(8): sig fffffe1a 00000000 00000000
[    0.051871] random 0000 0000 0000 00000000 00000000: extract_entropy(.. 8 ..)
[    0.051874] random 0000 0000 0000 00000000 00000000: going to reseed nonblocking with 64 bits (64 of 0 requested)
[    0.051876] random 0000 0000 0000 00000000 00000000: extract_entropy(.. 8 ..)
[    0.051878] random 0000 0000 0000 00000000 00000000: trying to extract 64 bits from input
[    0.051881] random 0000 0000 0000 00000000 00000000: debiting 0 entropy credits from input
[    0.051882] random 0000 0000 0000 00000000 00000000: extract_entropy account returned: 0 
[    0.051910] random 0000 0000 0000 00000000 00000000: urand_change_num 3 xfer_secondary_pool(8): pool_sig fffffe1a, data_sig 00000000, bytes_mixed 0 00000000 00000000
[    0.051913] random 0000 0000 0000 00000000 00000000: trying to extract 64 bits from nonblocking
[    0.051915] random 0000 0000 0000 00000000 00000000: debiting 64 entropy credits from nonblocking (unlimited)
[    0.051917] random 0000 0000 0000 00000000 00000000: extract_entropy account returned: 8 
[    0.051921] random 0000 0000 0000 00000000 00000000: urand_change_num 4 extract_buf: pool_sig fffffe1a, data_sig fffffed7, bytes_mixed 20 00000000 00000000
[    0.057738] ACPI: Interpreter enabled
[    0.057825] ACPI: (supports S0 S3 S4 S5)
[    0.058137] ACPI: Using IOAPIC for interrupt routing
[    0.067926] ACPI: EC: GPE = 0x12, I/O: command/status = 0x66, data = 0x62
[    0.068182] ACPI: Power Resource [PUBS] (on)
[    0.070282] ACPI: ACPI Dock Station Driver: 3 docks/bays found
[    0.070693] ACPI: PCI Root Bridge [PCI0] (0000:00)
[    0.070870] pci 0000:00:02.0: reg 10 64bit mmio: [0xf8100000-0xf81fffff]
[    0.070875] pci 0000:00:02.0: reg 18 64bit mmio pref: [0xe0000000-0xefffffff]
[    0.070879] pci 0000:00:02.0: reg 20 io port: [0x1800-0x1807]
[    0.070914] pci 0000:00:02.1: reg 10 64bit mmio: [0xf8200000-0xf82fffff]
[    0.071033] pci 0000:00:19.0: reg 10 32bit mmio: [0xfe000000-0xfe01ffff]
[    0.071042] pci 0000:00:19.0: reg 14 32bit mmio: [0xfe025000-0xfe025fff]
[    0.071051] pci 0000:00:19.0: reg 18 io port: [0x1840-0x185f]
[    0.071121] pci 0000:00:19.0: PME# supported from D0 D3hot D3cold
[    0.071217] pci 0000:00:19.0: PME# disabled
[    0.071364] pci 0000:00:1a.0: reg 20 io port: [0x1860-0x187f]
[    0.071440] pci 0000:00:1a.1: reg 20 io port: [0x1880-0x189f]
[    0.071518] pci 0000:00:1a.7: reg 10 32bit mmio: [0xfe226c00-0xfe226fff]
[    0.071611] pci 0000:00:1a.7: PME# supported from D0 D3hot D3cold
[    0.071702] pci 0000:00:1a.7: PME# disabled
[    0.071854] pci 0000:00:1b.0: reg 10 64bit mmio: [0xfe020000-0xfe023fff]
[    0.071935] pci 0000:00:1b.0: PME# supported from D0 D3hot D3cold
[    0.071999] pci 0000:00:1b.0: PME# disabled
[    0.072198] pci 0000:00:1c.0: PME# supported from D0 D3hot D3cold
[    0.072289] pci 0000:00:1c.0: PME# disabled
[    0.072491] pci 0000:00:1c.1: PME# supported from D0 D3hot D3cold
[    0.072588] pci 0000:00:1c.1: PME# disabled
[    0.072792] pci 0000:00:1c.2: PME# supported from D0 D3hot D3cold
[    0.072884] pci 0000:00:1c.2: PME# disabled
[    0.073109] pci 0000:00:1c.3: PME# supported from D0 D3hot D3cold
[    0.073199] pci 0000:00:1c.3: PME# disabled
[    0.074067] pci 0000:00:1c.4: PME# supported from D0 D3hot D3cold
[    0.074162] pci 0000:00:1c.4: PME# disabled
[    0.074309] pci 0000:00:1d.0: reg 20 io port: [0x18a0-0x18bf]
[    0.074402] pci 0000:00:1d.1: reg 20 io port: [0x18c0-0x18df]
[    0.074475] pci 0000:00:1d.2: reg 20 io port: [0x18e0-0x18ff]
[    0.074557] pci 0000:00:1d.7: reg 10 32bit mmio: [0xfe227000-0xfe2273ff]
[    0.074655] pci 0000:00:1d.7: PME# supported from D0 D3hot D3cold
[    0.074755] pci 0000:00:1d.7: PME# disabled
[    0.075064] pci 0000:00:1f.0: quirk: region 1000-107f claimed by ICH6 ACPI/GPIO/TCO
[    0.075193] pci 0000:00:1f.0: quirk: region 1180-11bf claimed by ICH6 GPIO
[    0.075286] pci 0000:00:1f.0: ICH7 LPC Generic IO decode 1 PIO at 1600 (mask 007f)
[    0.075415] pci 0000:00:1f.0: ICH7 LPC Generic IO decode 2 PIO at 15e0 (mask 000f)
[    0.075541] pci 0000:00:1f.0: ICH7 LPC Generic IO decode 3 PIO at 1680 (mask 001f)
[    0.075746] pci 0000:00:1f.1: reg 10 io port: [0x00-0x07]
[    0.075755] pci 0000:00:1f.1: reg 14 io port: [0x00-0x03]
[    0.075763] pci 0000:00:1f.1: reg 18 io port: [0x00-0x07]
[    0.075774] pci 0000:00:1f.1: reg 1c io port: [0x00-0x03]
[    0.075788] pci 0000:00:1f.1: reg 20 io port: [0x1c00-0x1c0f]
[    0.075867] pci 0000:00:1f.2: reg 10 io port: [0x1c50-0x1c57]
[    0.075875] pci 0000:00:1f.2: reg 14 io port: [0x1c44-0x1c47]
[    0.075884] pci 0000:00:1f.2: reg 18 io port: [0x1c48-0x1c4f]
[    0.075893] pci 0000:00:1f.2: reg 1c io port: [0x1c40-0x1c43]
[    0.075902] pci 0000:00:1f.2: reg 20 io port: [0x1c20-0x1c3f]
[    0.075911] pci 0000:00:1f.2: reg 24 32bit mmio: [0xfe226000-0xfe2267ff]
[    0.075973] pci 0000:00:1f.2: PME# supported from D3hot
[    0.075999] pci 0000:00:1f.2: PME# disabled
[    0.076121] pci 0000:00:1f.3: reg 10 32bit mmio: [0xfe227400-0xfe2274ff]
[    0.076145] pci 0000:00:1f.3: reg 20 io port: [0x1c60-0x1c7f]
[    0.076233] pci 0000:00:1c.0: bridge io port: [0x2000-0x2fff]
[    0.076239] pci 0000:00:1c.0: bridge 32bit mmio: [0xfc000000-0xfdffffff]
[    0.076248] pci 0000:00:1c.0: bridge 64bit mmio pref: [0xf8000000-0xf80fffff]
[    0.076323] pci 0000:03:00.0: reg 10 64bit mmio: [0xdf3f0000-0xdf3fffff]
[    0.076517] pci 0000:00:1c.1: bridge io port: [0x3000-0x3fff]
[    0.076523] pci 0000:00:1c.1: bridge 32bit mmio: [0xdc000000-0xdf3fffff]
[    0.076532] pci 0000:00:1c.1: bridge 64bit mmio pref: [0xdfe00000-0xdfefffff]
[    0.076586] pci 0000:00:1c.2: bridge io port: [0x4000-0x4fff]
[    0.076593] pci 0000:00:1c.2: bridge 32bit mmio: [0xd8000000-0xd9ffffff]
[    0.076602] pci 0000:00:1c.2: bridge 64bit mmio pref: [0xdfb00000-0xdfbfffff]
[    0.076658] pci 0000:00:1c.3: bridge io port: [0x5000-0x5fff]
[    0.076664] pci 0000:00:1c.3: bridge 32bit mmio: [0xd4000000-0xd5ffffff]
[    0.076673] pci 0000:00:1c.3: bridge 64bit mmio pref: [0xdf800000-0xdf8fffff]
[    0.076728] pci 0000:00:1c.4: bridge io port: [0x6000-0x6fff]
[    0.076734] pci 0000:00:1c.4: bridge 32bit mmio: [0xd0000000-0xd1ffffff]
[    0.076743] pci 0000:00:1c.4: bridge 64bit mmio pref: [0xdf500000-0xdf5fffff]
[    0.076803] pci 0000:15:00.0: reg 10 32bit mmio: [0xf8300000-0xf8300fff]
[    0.076856] pci 0000:15:00.0: supports D1 D2
[    0.076857] pci 0000:15:00.0: PME# supported from D0 D1 D2 D3hot D3cold
[    0.076999] pci 0000:15:00.0: PME# disabled
[    0.077147] pci 0000:15:00.1: reg 10 32bit mmio: [0xf8301000-0xf83017ff]
[    0.077247] pci 0000:15:00.1: supports D1 D2
[    0.077248] pci 0000:15:00.1: PME# supported from D0 D1 D2 D3hot D3cold
[    0.077343] pci 0000:15:00.1: PME# disabled
[    0.077518] pci 0000:00:1e.0: transparent bridge
[    0.077612] pci 0000:00:1e.0: bridge io port: [0x7000-0xafff]
[    0.077618] pci 0000:00:1e.0: bridge 32bit mmio: [0xf8300000-0xfbffffff]
[    0.077626] pci 0000:00:1e.0: bridge 64bit mmio pref: [0xf4000000-0xf7ffffff]
[    0.077699] pci_bus 0000:00: on NUMA node 0
[    0.077703] ACPI: PCI Interrupt Routing Table [\_SB_.PCI0._PRT]
[    0.077836] ACPI: PCI Interrupt Routing Table [\_SB_.PCI0.EXP0._PRT]
[    0.077895] ACPI: PCI Interrupt Routing Table [\_SB_.PCI0.EXP1._PRT]
[    0.077953] ACPI: PCI Interrupt Routing Table [\_SB_.PCI0.EXP2._PRT]
[    0.078046] ACPI: PCI Interrupt Routing Table [\_SB_.PCI0.EXP3._PRT]
[    0.078109] ACPI: PCI Interrupt Routing Table [\_SB_.PCI0.EXP4._PRT]
[    0.078171] ACPI: PCI Interrupt Routing Table [\_SB_.PCI0.PCI1._PRT]
[    0.083624] ACPI: PCI Interrupt Link [LNKA] (IRQs 3 4 5 6 7 9 *10 11)
[    0.084408] ACPI: PCI Interrupt Link [LNKB] (IRQs 3 4 5 6 7 9 10 *11)
[    0.085159] ACPI: PCI Interrupt Link [LNKC] (IRQs 3 4 5 6 7 9 10 *11)
[    0.085940] ACPI: PCI Interrupt Link [LNKD] (IRQs 3 4 5 6 7 9 10 *11)
[    0.086712] ACPI: PCI Interrupt Link [LNKE] (IRQs 3 4 5 6 7 9 10 *11)
[    0.087510] ACPI: PCI Interrupt Link [LNKF] (IRQs 3 4 5 6 7 9 10 *11)
[    0.088351] ACPI: PCI Interrupt Link [LNKG] (IRQs 3 4 5 6 7 9 10 *11)
[    0.089165] ACPI: PCI Interrupt Link [LNKH] (IRQs 3 4 5 6 7 9 10 *11)
[    0.089912] vgaarb: device added: PCI:0000:00:02.0,decodes=io+mem,owns=io+mem,locks=none
[    0.090001] vgaarb: loaded
[    0.090179] SCSI subsystem initialized
[    0.090280] libata version 3.00 loaded.
[    0.090327] usbcore: registered new interface driver usbfs
[    0.090449] usbcore: registered new interface driver hub
[    0.090563] usbcore: registered new device driver usb
[    0.107041] raid6: int32x1    941 MB/s
[    0.124058] raid6: int32x2    890 MB/s
[    0.141066] raid6: int32x4    750 MB/s
[    0.157991] raid6: int32x8    656 MB/s
[    0.174988] raid6: mmxx1     2878 MB/s
[    0.191986] raid6: mmxx2     3253 MB/s
[    0.208998] raid6: sse1x1    1937 MB/s
[    0.225998] raid6: sse1x2    2535 MB/s
[    0.242979] raid6: sse2x1    3503 MB/s
[    0.259974] raid6: sse2x2    3824 MB/s
[    0.260059] raid6: using algorithm sse2x2 (3824 MB/s)
[    0.260150] PCI: Using ACPI for IRQ routing
[    0.260460] HPET: 3 timers in total, 0 timers will be used for per-cpu timer
[    0.260990] Switching to clocksource tsc
[    0.261092] pnp: PnP ACPI init
[    0.261184] ACPI: bus type pnp registered
[    0.264909] pnp: PnP ACPI: found 11 devices
[    0.264999] ACPI: ACPI bus type pnp unregistered
[    0.265092] system 00:00: iomem range 0x0-0x9ffff could not be reserved
[    0.265183] system 00:00: iomem range 0xc0000-0xc3fff could not be reserved
[    0.265279] system 00:00: iomem range 0xc4000-0xc7fff could not be reserved
[    0.265371] system 00:00: iomem range 0xc8000-0xcbfff has been reserved
[    0.265463] system 00:00: iomem range 0xcc000-0xcffff has been reserved
[    0.265555] system 00:00: iomem range 0xd0000-0xd3fff could not be reserved
[    0.265647] system 00:00: iomem range 0xe0000-0xe3fff could not be reserved
[    0.265740] system 00:00: iomem range 0xe4000-0xe7fff could not be reserved
[    0.265833] system 00:00: iomem range 0xe8000-0xebfff could not be reserved
[    0.265927] system 00:00: iomem range 0xec000-0xeffff could not be reserved
[    0.266019] system 00:00: iomem range 0xf0000-0xfffff could not be reserved
[    0.266118] system 00:00: iomem range 0x100000-0x3dffffff could not be reserved
[    0.266239] system 00:00: iomem range 0xfec00000-0xfed3ffff could not be reserved
[    0.266364] system 00:00: iomem range 0xfed4c000-0xffffffff could not be reserved
[    0.266486] system 00:02: ioport range 0x164e-0x164f has been reserved
[    0.266578] system 00:02: ioport range 0x1000-0x107f has been reserved
[    0.266674] system 00:02: ioport range 0x1180-0x11bf has been reserved
[    0.266766] system 00:02: ioport range 0x800-0x80f has been reserved
[    0.266860] system 00:02: ioport range 0x15e0-0x15ef has been reserved
[    0.266949] system 00:02: ioport range 0x1600-0x165f could not be reserved
[    0.267039] system 00:02: iomem range 0xf0000000-0xf3ffffff has been reserved
[    0.267136] system 00:02: iomem range 0xfed1c000-0xfed1ffff has been reserved
[    0.267230] system 00:02: iomem range 0xfed14000-0xfed17fff has been reserved
[    0.267322] system 00:02: iomem range 0xfed18000-0xfed18fff has been reserved
[    0.267413] system 00:02: iomem range 0xfed19000-0xfed19fff has been reserved
[    0.267511] system 00:02: iomem range 0xfed45000-0xfed4bfff has been reserved
[    0.302553] pci 0000:00:1c.0: PCI bridge, secondary bus 0000:02
[    0.302645] pci 0000:00:1c.0:   IO window: 0x2000-0x2fff
[    0.302740] pci 0000:00:1c.0:   MEM window: 0xfc000000-0xfdffffff
[    0.302830] pci 0000:00:1c.0:   PREFETCH window: 0x000000f8000000-0x000000f80fffff
[    0.302962] pci 0000:00:1c.1: PCI bridge, secondary bus 0000:03
[    0.303058] pci 0000:00:1c.1:   IO window: 0x3000-0x3fff
[    0.303156] pci 0000:00:1c.1:   MEM window: 0xdc000000-0xdf3fffff
[    0.303251] pci 0000:00:1c.1:   PREFETCH window: 0x000000dfe00000-0x000000dfefffff
[    0.303377] pci 0000:00:1c.2: PCI bridge, secondary bus 0000:04
[    0.303468] pci 0000:00:1c.2:   IO window: 0x4000-0x4fff
[    0.303561] pci 0000:00:1c.2:   MEM window: 0xd8000000-0xd9ffffff
[    0.303657] pci 0000:00:1c.2:   PREFETCH window: 0x000000dfb00000-0x000000dfbfffff
[    0.303784] pci 0000:00:1c.3: PCI bridge, secondary bus 0000:05
[    0.303881] pci 0000:00:1c.3:   IO window: 0x5000-0x5fff
[    0.303974] pci 0000:00:1c.3:   MEM window: 0xd4000000-0xd5ffffff
[    0.304069] pci 0000:00:1c.3:   PREFETCH window: 0x000000df800000-0x000000df8fffff
[    0.304198] pci 0000:00:1c.4: PCI bridge, secondary bus 0000:0d
[    0.304289] pci 0000:00:1c.4:   IO window: 0x6000-0x6fff
[    0.304383] pci 0000:00:1c.4:   MEM window: 0xd0000000-0xd1ffffff
[    0.304477] pci 0000:00:1c.4:   PREFETCH window: 0x000000df500000-0x000000df5fffff
[    0.304610] pci 0000:15:00.0: CardBus bridge, secondary bus 0000:16
[    0.304701] pci 0000:15:00.0:   IO window: 0x007000-0x0070ff
[    0.304792] pci 0000:15:00.0:   IO window: 0x007400-0x0074ff
[    0.304888] pci 0000:15:00.0:   PREFETCH window: 0xf4000000-0xf7ffffff
[    0.304984] pci 0000:15:00.0:   MEM window: 0x40000000-0x43ffffff
[    0.305081] pci 0000:00:1e.0: PCI bridge, secondary bus 0000:15
[    0.305172] pci 0000:00:1e.0:   IO window: 0x7000-0xafff
[    0.305271] pci 0000:00:1e.0:   MEM window: 0xf8300000-0xfbffffff
[    0.305366] pci 0000:00:1e.0:   PREFETCH window: 0x000000f4000000-0x000000f7ffffff
[    0.305507] pci 0000:00:1c.0: PCI INT A -> GSI 20 (level, low) -> IRQ 20
[    0.305604] pci 0000:00:1c.0: setting latency timer to 64
[    0.305614] pci 0000:00:1c.1: PCI INT B -> GSI 21 (level, low) -> IRQ 21
[    0.305708] pci 0000:00:1c.1: setting latency timer to 64
[    0.305721] pci 0000:00:1c.2: PCI INT C -> GSI 22 (level, low) -> IRQ 22
[    0.305818] pci 0000:00:1c.2: setting latency timer to 64
[    0.305831] pci 0000:00:1c.3: PCI INT D -> GSI 23 (level, low) -> IRQ 23
[    0.305929] pci 0000:00:1c.3: setting latency timer to 64
[    0.305940] pci 0000:00:1c.4: PCI INT A -> GSI 20 (level, low) -> IRQ 20
[    0.306038] pci 0000:00:1c.4: setting latency timer to 64
[    0.306047] pci 0000:00:1e.0: enabling device (0005 -> 0007)
[    0.306144] pci 0000:00:1e.0: setting latency timer to 64
[    0.306161] pci 0000:15:00.0: PCI INT A -> GSI 16 (level, low) -> IRQ 16
[    0.306256] pci 0000:15:00.0: setting latency timer to 64
[    0.306262] pci_bus 0000:00: resource 0 io:  [0x00-0xffff]
[    0.306264] pci_bus 0000:00: resource 1 mem: [0x000000-0xffffffff]
[    0.306266] pci_bus 0000:02: resource 0 io:  [0x2000-0x2fff]
[    0.306268] pci_bus 0000:02: resource 1 mem: [0xfc000000-0xfdffffff]
[    0.306269] pci_bus 0000:02: resource 2 pref mem [0xf8000000-0xf80fffff]
[    0.306271] pci_bus 0000:03: resource 0 io:  [0x3000-0x3fff]
[    0.306273] pci_bus 0000:03: resource 1 mem: [0xdc000000-0xdf3fffff]
[    0.306275] pci_bus 0000:03: resource 2 pref mem [0xdfe00000-0xdfefffff]
[    0.306277] pci_bus 0000:04: resource 0 io:  [0x4000-0x4fff]
[    0.306279] pci_bus 0000:04: resource 1 mem: [0xd8000000-0xd9ffffff]
[    0.306281] pci_bus 0000:04: resource 2 pref mem [0xdfb00000-0xdfbfffff]
[    0.306282] pci_bus 0000:05: resource 0 io:  [0x5000-0x5fff]
[    0.306284] pci_bus 0000:05: resource 1 mem: [0xd4000000-0xd5ffffff]
[    0.306286] pci_bus 0000:05: resource 2 pref mem [0xdf800000-0xdf8fffff]
[    0.306288] pci_bus 0000:0d: resource 0 io:  [0x6000-0x6fff]
[    0.306290] pci_bus 0000:0d: resource 1 mem: [0xd0000000-0xd1ffffff]
[    0.306291] pci_bus 0000:0d: resource 2 pref mem [0xdf500000-0xdf5fffff]
[    0.306293] pci_bus 0000:15: resource 0 io:  [0x7000-0xafff]
[    0.306295] pci_bus 0000:15: resource 1 mem: [0xf8300000-0xfbffffff]
[    0.306297] pci_bus 0000:15: resource 2 pref mem [0xf4000000-0xf7ffffff]
[    0.306299] pci_bus 0000:15: resource 3 io:  [0x00-0xffff]
[    0.306301] pci_bus 0000:15: resource 4 mem: [0x000000-0xffffffff]
[    0.306302] pci_bus 0000:16: resource 0 io:  [0x7000-0x70ff]
[    0.306304] pci_bus 0000:16: resource 1 io:  [0x7400-0x74ff]
[    0.306306] pci_bus 0000:16: resource 2 pref mem [0xf4000000-0xf7ffffff]
[    0.306308] pci_bus 0000:16: resource 3 mem: [0x40000000-0x43ffffff]
[    0.306316] NET: Registered protocol family 2
[    0.306406] RANDOM - __random32 called. Change num 7.  Value: 7ba3d01e	3ca905be	d2026a24
[    0.306408] RANDOM - random32 called.  Value: 7ba3d01e	3ca905be	d2026a24
[    0.306412] random 0000 0000 0000 5f8db4e5 4cfdf2a8: rand_read_num 3 get_random_bytes(4): sig fffffb64 5f8db4e5 4cfdf2a8
[    0.306414] random 0000 0000 0000 5f8db4e5 4cfdf2a8: extract_entropy(.. 4 ..)
[    0.306417] random 0000 0000 0000 5f8db4e5 4cfdf2a8: going to reseed nonblocking with 64 bits (32 of 0 requested)
[    0.306419] random 0000 0000 0000 5f8db4e5 4cfdf2a8: extract_entropy(.. 8 ..)
[    0.306421] random 0000 0000 0000 5f8db4e5 4cfdf2a8: trying to extract 64 bits from input
[    0.306423] random 0000 0000 0000 5f8db4e5 4cfdf2a8: debiting 0 entropy credits from input
[    0.306425] random 0000 0000 0000 5f8db4e5 4cfdf2a8: extract_entropy account returned: 0 
[    0.306428] random 0000 0000 0000 5f8db4e5 4cfdf2a8: urand_change_num 5 xfer_secondary_pool(4): pool_sig fffffb64, data_sig 00000000, bytes_mixed 0 5f8db4e5 4cfdf2a8
[    0.306431] random 0000 0000 0000 5f8db4e5 4cfdf2a8: trying to extract 32 bits from nonblocking
[    0.306434] random 0000 0000 0000 5f8db4e5 4cfdf2a8: debiting 32 entropy credits from nonblocking (unlimited)
[    0.306436] random 0000 0000 0000 5f8db4e5 4cfdf2a8: extract_entropy account returned: 4 
[    0.306440] random 0000 0000 0000 5f8db4e5 4cfdf2a8: urand_change_num 6 extract_buf: pool_sig fffffb64, data_sig 00000241, bytes_mixed 20 5f8db4e5 4cfdf2a8
[    0.306449] IP route cache hash table entries: 32768 (order: 5, 131072 bytes)
[    0.306582] RANDOM - __random32 called. Change num 8.  Value: 3d01e034	ca905be7	d4484227
[    0.306584] RANDOM - random32 called.  Value: 3d01e034	ca905be7	d4484227
[    0.306594] RANDOM - __random32 called. Change num 9.  Value: 1e034020	a905be70	844ec14a
[    0.306595] RANDOM - random32 called.  Value: 1e034020	a905be70	844ec14a
[    0.306597] RANDOM - __random32 called. Change num 10.  Value: 34020ec0	905be706	8294c719
[    0.306599] RANDOM - random32 called.  Value: 34020ec0	905be706	8294c719
[    0.306609] RANDOM - __random32 called. Change num 11.  Value: 20ec0ebb	5be7068	8e32c65f
[    0.306611] RANDOM - random32 called.  Value: 20ec0ebb	5be7068	8e32c65f
[    0.306621] TCP established hash table entries: 131072 (order: 8, 1048576 bytes)
[    0.307118] TCP bind hash table entries: 65536 (order: 6, 262144 bytes)
[    0.307306] TCP: Hash tables configured (established 131072 bind 65536)
[    0.307396] TCP reno registered
[    0.307500] NET: Registered protocol family 1
[    0.307613] RPC: Registered udp transport module.
[    0.307702] RPC: Registered tcp transport module.
[    0.307789] RPC: Registered tcp NFSv4.1 backchannel transport module.
[    0.307893] pci 0000:00:02.0: Boot video device
[    0.308108] Simple Boot Flag at 0x35 set to 0x1
[    0.308627] highmem bounce pool size: 64 pages
[    0.310205] VFS: Disk quotas dquot_6.5.2
[    0.310330] Dquot-cache hash table entries: 1024 (order 0, 4096 bytes)
[    0.311010] NTFS driver 2.1.29 [Flags: R/W].
[    0.311177] ROMFS MTD (C) 2007 Red Hat, Inc.
[    0.311387] JFS: nTxBlock = 7695, nTxLock = 61562
[    0.313843] SGI XFS with ACLs, security attributes, large block/inode numbers, no debug enabled
[    0.314355] SGI XFS Quota Management subsystem
[    0.314645] Slow work thread pool: Starting up
[    0.314747] Slow work thread pool: Ready
[    0.314841] GFS2 (built May 24 2013 02:47:17) installed
[    0.314946] msgmni has been set to 1734
[    0.315120] alg: No test for cipher_null (cipher_null-generic)
[    0.315220] alg: No test for ecb(cipher_null) (ecb-cipher_null)
[    0.315319] alg: No test for digest_null (digest_null-generic)
[    0.315416] alg: No test for compress_null (compress_null-generic)
[    0.315977] alg: No test for fcrypt (fcrypt-generic)
[    0.317391] alg: No test for stdrng (krng)
[    0.317481] async_tx: api initialized (async)
[    0.317638] Block layer SCSI generic (bsg) driver version 0.4 loaded (major 254)
[    0.317759] io scheduler noop registered
[    0.317851] io scheduler anticipatory registered
[    0.317951] io scheduler deadline registered
[    0.318086] io scheduler cfq registered (default)
[    0.318325] pcieport 0000:00:1c.0: irq 24 for MSI/MSI-X
[    0.318339] pcieport 0000:00:1c.0: setting latency timer to 64
[    0.318521] pcieport 0000:00:1c.1: irq 25 for MSI/MSI-X
[    0.318533] pcieport 0000:00:1c.1: setting latency timer to 64
[    0.318708] pcieport 0000:00:1c.2: irq 26 for MSI/MSI-X
[    0.318720] pcieport 0000:00:1c.2: setting latency timer to 64
[    0.318907] pcieport 0000:00:1c.3: irq 27 for MSI/MSI-X
[    0.318918] pcieport 0000:00:1c.3: setting latency timer to 64
[    0.319096] pcieport 0000:00:1c.4: irq 28 for MSI/MSI-X
[    0.319107] pcieport 0000:00:1c.4: setting latency timer to 64
[    0.319257] pci_hotplug: PCI Hot Plug PCI Core version: 0.5
[    0.319449] isapnp: Scanning for PnP cards...
[    0.679978] isapnp: No Plug & Play device found
[    0.680069] random 0000 0000 0000 5f8db4e5 4cfdf2a8: initializing
[    0.680071] RANDOM init_std_data for input now value: 1369937179680071041
[    0.680073] RANDOM init_std_data for blocking now value: 1369937179680073047
[    0.680074] RANDOM init_std_data for nonblocking now value: 1369937179680074771
[    0.699647] Serial: 8250/16550 driver, 4 ports, IRQ sharing enabled
[    3.710795] floppy0: no floppy controllers found
[    3.711746] brd: module loaded
[    3.712250] loop: module loaded
[    3.712338] Compaq SMART2 Driver (v 2.6.0)
[    3.712459] HP CISS Driver (v 3.6.20)
[    3.712701] input: Macintosh mouse button emulation as /devices/virtual/input/input0
[    3.712844] Uniform Multi-Platform E-IDE driver
[    3.713069] piix 0000:00:1f.1: IDE controller (0x8086:0x2850 rev 0x03)
[    3.713171] pci 0000:00:1f.1: PCI INT C -> GSI 16 (level, low) -> IRQ 16
[    3.713272] piix 0000:00:1f.1: IDE port disabled
[    3.713367] piix 0000:00:1f.1: not 100% native mode: will probe irqs later
[    3.713466]     ide0: BM-DMA at 0x1c00-0x1c07
[    3.713560] Probing IDE interface ide0...
[    4.384999] hda: HL-DT-ST DVDRAM GSA-U10N, ATAPI CD/DVD-ROM drive
[    4.691804] hda: host max PIO4 wanted PIO255(auto-tune) selected PIO4
[    4.692575] hda: UDMA/33 mode selected
[    4.693043] ide0 at 0x1f0-0x1f7,0x3f6 on irq 14
[    4.696951] ide-gd driver 1.18
[    4.697056] ide-cd driver 5.00
[    4.698452] random 0000 0000 0000 00000000 00000000: add_disk_randomness(0:0) 00000000 00000000
[    4.698456] random 0000 0000 0000 00000000 00000000: add_timer_randomness(.. 256) with jiffies: 5259510409722560122, cycles: 5259510405427888139
[    4.698459] random 0000 0000 0000 00000000 00000000: added 11 entropy credits to input
[    4.698463] ide-cd: hda: ATAPI 24X DVD-ROM DVD-R/RAM CD-R/RW drive, 2048kB Cache
[    4.698902] Uniform CD-ROM driver Revision: 3.20
[    4.701689] random 0011 0000 0000 00000000 00000000: add_disk_randomness(0:0) 00000000 00000000
[    4.701692] random 0011 0000 0000 00000000 00000000: add_timer_randomness(.. 256) with jiffies: 5288632620156681853, cycles: 5288632615862009867
[    4.701695] random 0011 0000 0000 00000000 00000000: added 1 entropy credits to input
[    4.701698] random 0012 0000 0000 00000000 00000000: add_disk_randomness(0:0) 00000000 00000000
[    4.701700] random 0012 0000 0000 00000000 00000000: add_timer_randomness(.. 256) with jiffies: 5288709508661214845, cycles: 5288709504366542859
[    4.703684] random 0012 0000 0000 00000000 00000000: add_disk_randomness(0:0) 00000000 00000000
[    4.703687] random 0012 0000 0000 00000000 00000000: add_timer_randomness(.. 256) with jiffies: 5306584535481941631, cycles: 5306584531187269643
[    4.703690] random 0012 0000 0000 00000000 00000000: added 1 entropy credits to input
[    4.703693] random 0013 0000 0000 00000000 00000000: add_disk_randomness(0:0) 00000000 00000000
[    4.703696] random 0013 0000 0000 00000000 00000000: add_timer_randomness(.. 256) with jiffies: 5306658765401718399, cycles: 5306658761107046411
[    4.705685] random 0013 0000 0000 00000000 00000000: add_disk_randomness(0:0) 00000000 00000000
[    4.705687] random 0013 0000 0000 00000000 00000000: add_timer_randomness(.. 256) with jiffies: 5324577622363700865, cycles: 5324577618069028875
[    4.705690] random 0013 0000 0000 00000000 00000000: added 1 entropy credits to input
[    4.705693] random 0014 0000 0000 00000000 00000000: add_disk_randomness(0:0) 00000000 00000000
[    4.705696] random 0014 0000 0000 00000000 00000000: add_timer_randomness(.. 256) with jiffies: 5324652260305370753, cycles: 5324652256010698763
[    4.705976] Loading iSCSI transport class v2.0-870.
[    4.706260] rdac: device handler registered
[    4.706345] hp_sw: device handler registered
[    4.706431] emc: device handler registered
[    4.706519] alua: device handler registered
[    4.707504] Adaptec aacraid driver 1.1-5[2461]-ms
[    4.707930] scsi: <fdomain> Detection failed (no card)
[    4.708026] sym53c416.c: Version 1.0.0-ac
[    4.708133] qlogicfas: no cards were found, please specify I/O address and IRQ using iobase= and irq= options
[    4.708259] QLogic Fibre Channel HBA Driver: 8.03.01-k6
[    4.708484] iscsi: registered transport (qla4xxx)
[    4.708592] QLogic iSCSI HBA Driver
[    4.708683] Emulex LightPulse Fibre Channel SCSI driver 8.3.4
[    4.708778] Copyright(c) 2004-2009 Emulex.  All rights reserved.
[    4.730789] Failed initialization of WD-7000 SCSI card!
[    4.820533] DC390: clustering now enabled by default. If you get problems load
[    4.820653]        with "disable_clustering=1" and report to maintainers
[    4.820789] megaraid cmm: 2.20.2.7 (Release Date: Sun Jul 16 00:01:03 EST 2006)
[    4.820938] megaraid: 2.20.5.1 (Release Date: Thu Nov 16 15:32:35 EST 2006)
[    4.821050] megasas: 00.00.04.01 Thu July 24 11:41:51 PST 2008
[    4.821185] GDT-HA: Storage RAID Controller Driver. Version: 3.05
[    4.821339] 3ware Storage Controller device driver for Linux v1.26.02.002.
[    4.821452] 3ware 9000 Storage Controller device driver for Linux v2.26.02.012.
[    4.821594] nsp32: loading...
[    4.821702] ipr: IBM Power RAID SCSI Device Driver version: 2.4.3 (June 10, 2009)
[    4.821847] RocketRAID 3xxx/4xxx Controller driver v1.6 (090910)
[    4.821958] stex: Promise SuperTrak EX Driver version: 4.6.0000.3
[    4.822096] st: Version 20081215, fixed bufsize 32768, s/g segs 256
[    4.822287] ahci 0000:00:1f.2: version 3.0
[    4.822300] ahci 0000:00:1f.2: PCI INT B -> GSI 16 (level, low) -> IRQ 16
[    4.822432] ahci 0000:00:1f.2: irq 29 for MSI/MSI-X
[    4.822488] ahci 0000:00:1f.2: AHCI 0001.0100 32 slots 3 ports 1.5 Gbps 0x5 impl SATA mode
[    4.822610] ahci 0000:00:1f.2: flags: 64bit ncq sntf pm led clo pio slum part ccc 
[    4.822732] ahci 0000:00:1f.2: setting latency timer to 64
[    4.822886] scsi2 : ahci
[    4.823047] scsi3 : ahci
[    4.823186] scsi4 : ahci
[    4.823353] ata1: SATA max UDMA/133 abar m2048@0xfe226000 port 0xfe226100 irq 29
[    4.823472] ata2: DUMMY
[    4.823559] ata3: SATA max UDMA/133 abar m2048@0xfe226000 port 0xfe226200 irq 29
[    4.824179] I2O subsystem v1.325
[    4.824269] i2o: max drivers = 8
[    4.824418] I2O Configuration OSM v1.323
[    4.824524] I2O Bus Adapter OSM v1.317
[    4.824625] I2O Block Device OSM v1.325
[    4.824790] I2O SCSI Peripheral OSM v1.316
[    4.824898] I2O ProcFS OSM v1.316
[    4.825004] Fusion MPT base driver 3.04.12
[    4.825092] Copyright (c) 1999-2008 LSI Corporation
[    4.825182] Fusion MPT SPI Host driver 3.04.12
[    4.825294] Fusion MPT FC Host driver 3.04.12
[    4.825412] Fusion MPT SAS Host driver 3.04.12
[    4.825563] ohci1394 0000:15:00.1: PCI INT B -> GSI 17 (level, low) -> IRQ 17
[    4.825662] ohci1394 0000:15:00.1: setting latency timer to 64
[    4.879809] ohci1394: fw-host0: OHCI-1394 1.1 (PCI): IRQ=[17]  MMIO=[f8301000-f83017ff]  Max Packet=[2048]  IR/IT contexts=[4/4]
[    4.883078] ehci_hcd: USB 2.0 'Enhanced' Host Controller (EHCI) Driver
[    4.883346] ehci_hcd 0000:00:1a.7: power state changed by ACPI to D0
[    4.883594] ehci_hcd 0000:00:1a.7: power state changed by ACPI to D0
[    4.883692] ehci_hcd 0000:00:1a.7: PCI INT C -> GSI 22 (level, low) -> IRQ 22
[    4.883794] ehci_hcd 0000:00:1a.7: setting latency timer to 64
[    4.883800] ehci_hcd 0000:00:1a.7: EHCI Host Controller
[    4.883937] ehci_hcd 0000:00:1a.7: new USB bus registered, assigned bus number 1
[    4.887975] ehci_hcd 0000:00:1a.7: cache line size of 32 is not supported
[    4.887984] ehci_hcd 0000:00:1a.7: irq 22, io mem 0xfe226c00
[    4.897770] ehci_hcd 0000:00:1a.7: USB 2.0 started, EHCI 1.00
[    4.897874] usb usb1: New USB device found, idVendor=1d6b, idProduct=0002
[    4.897969] usb usb1: New USB device strings: Mfr=3, Product=2, SerialNumber=1
[    4.898094] usb usb1: Product: EHCI Host Controller
[    4.898180] usb usb1: Manufacturer: Linux 2.6.32.57 ehci_hcd
[    4.898272] usb usb1: SerialNumber: 0000:00:1a.7
[    4.898414] usb usb1: configuration #1 chosen from 1 choice
[    4.898538] hub 1-0:1.0: USB hub found
[    4.898634] hub 1-0:1.0: 4 ports detected
[    4.898934] ehci_hcd 0000:00:1d.7: power state changed by ACPI to D0
[    4.899186] ehci_hcd 0000:00:1d.7: power state changed by ACPI to D0
[    4.899285] ehci_hcd 0000:00:1d.7: PCI INT D -> GSI 19 (level, low) -> IRQ 19
[    4.899381] ehci_hcd 0000:00:1d.7: setting latency timer to 64
[    4.899385] ehci_hcd 0000:00:1d.7: EHCI Host Controller
[    4.899513] ehci_hcd 0000:00:1d.7: new USB bus registered, assigned bus number 2
[    4.899665] ehci_hcd 0000:00:1d.7: debug port 1
[    4.903631] ehci_hcd 0000:00:1d.7: cache line size of 32 is not supported
[    4.903640] ehci_hcd 0000:00:1d.7: irq 19, io mem 0xfe227000
[    4.913770] ehci_hcd 0000:00:1d.7: USB 2.0 started, EHCI 1.00
[    4.913876] usb usb2: New USB device found, idVendor=1d6b, idProduct=0002
[    4.913967] usb usb2: New USB device strings: Mfr=3, Product=2, SerialNumber=1
[    4.914090] usb usb2: Product: EHCI Host Controller
[    4.914175] usb usb2: Manufacturer: Linux 2.6.32.57 ehci_hcd
[    4.914266] usb usb2: SerialNumber: 0000:00:1d.7
[    4.914403] usb usb2: configuration #1 chosen from 1 choice
[    4.914524] hub 2-0:1.0: USB hub found
[    4.914615] hub 2-0:1.0: 6 ports detected
[    4.914800] 116x: driver isp116x-hcd, 03 Nov 2005
[    4.914906] ohci_hcd: USB 1.1 'Open' Host Controller (OHCI) Driver
[    4.915019] uhci_hcd: USB Universal Host Controller Interface driver
[    4.915126] uhci_hcd 0000:00:1a.0: PCI INT A -> GSI 20 (level, low) -> IRQ 20
[    4.915222] uhci_hcd 0000:00:1a.0: setting latency timer to 64
[    4.915225] uhci_hcd 0000:00:1a.0: UHCI Host Controller
[    4.915353] uhci_hcd 0000:00:1a.0: new USB bus registered, assigned bus number 3
[    4.915506] uhci_hcd 0000:00:1a.0: irq 20, io base 0x00001860
[    4.915621] usb usb3: New USB device found, idVendor=1d6b, idProduct=0001
[    4.915713] usb usb3: New USB device strings: Mfr=3, Product=2, SerialNumber=1
[    4.915839] usb usb3: Product: UHCI Host Controller
[    4.915928] usb usb3: Manufacturer: Linux 2.6.32.57 uhci_hcd
[    4.916020] usb usb3: SerialNumber: 0000:00:1a.0
[    4.916159] usb usb3: configuration #1 chosen from 1 choice
[    4.916277] hub 3-0:1.0: USB hub found
[    4.916368] hub 3-0:1.0: 2 ports detected
[    4.916672] uhci_hcd 0000:00:1a.1: power state changed by ACPI to D0
[    4.916923] uhci_hcd 0000:00:1a.1: power state changed by ACPI to D0
[    4.917019] uhci_hcd 0000:00:1a.1: PCI INT B -> GSI 21 (level, low) -> IRQ 21
[    4.917118] uhci_hcd 0000:00:1a.1: setting latency timer to 64
[    4.917123] uhci_hcd 0000:00:1a.1: UHCI Host Controller
[    4.917253] uhci_hcd 0000:00:1a.1: new USB bus registered, assigned bus number 4
[    4.917406] uhci_hcd 0000:00:1a.1: irq 21, io base 0x00001880
[    4.917519] usb usb4: New USB device found, idVendor=1d6b, idProduct=0001
[    4.917618] usb usb4: New USB device strings: Mfr=3, Product=2, SerialNumber=1
[    4.917741] usb usb4: Product: UHCI Host Controller
[    4.917840] usb usb4: Manufacturer: Linux 2.6.32.57 uhci_hcd
[    4.917928] usb usb4: SerialNumber: 0000:00:1a.1
[    4.918064] usb usb4: configuration #1 chosen from 1 choice
[    4.918185] hub 4-0:1.0: USB hub found
[    4.918278] hub 4-0:1.0: 2 ports detected
[    4.918579] uhci_hcd 0000:00:1d.0: power state changed by ACPI to D0
[    4.918830] uhci_hcd 0000:00:1d.0: power state changed by ACPI to D0
[    4.918927] uhci_hcd 0000:00:1d.0: PCI INT A -> GSI 16 (level, low) -> IRQ 16
[    4.919026] uhci_hcd 0000:00:1d.0: setting latency timer to 64
[    4.919030] uhci_hcd 0000:00:1d.0: UHCI Host Controller
[    4.919163] uhci_hcd 0000:00:1d.0: new USB bus registered, assigned bus number 5
[    4.919314] uhci_hcd 0000:00:1d.0: irq 16, io base 0x000018a0
[    4.919425] usb usb5: New USB device found, idVendor=1d6b, idProduct=0001
[    4.919516] usb usb5: New USB device strings: Mfr=3, Product=2, SerialNumber=1
[    4.919638] usb usb5: Product: UHCI Host Controller
[    4.919728] usb usb5: Manufacturer: Linux 2.6.32.57 uhci_hcd
[    4.919826] usb usb5: SerialNumber: 0000:00:1d.0
[    4.919966] usb usb5: configuration #1 chosen from 1 choice
[    4.920088] hub 5-0:1.0: USB hub found
[    4.920176] hub 5-0:1.0: 2 ports detected
[    4.920319] uhci_hcd 0000:00:1d.1: PCI INT B -> GSI 17 (level, low) -> IRQ 17
[    4.920420] uhci_hcd 0000:00:1d.1: setting latency timer to 64
[    4.920423] uhci_hcd 0000:00:1d.1: UHCI Host Controller
[    4.920550] uhci_hcd 0000:00:1d.1: new USB bus registered, assigned bus number 6
[    4.920701] uhci_hcd 0000:00:1d.1: irq 17, io base 0x000018c0
[    4.920820] usb usb6: New USB device found, idVendor=1d6b, idProduct=0001
[    4.920915] usb usb6: New USB device strings: Mfr=3, Product=2, SerialNumber=1
[    4.921039] usb usb6: Product: UHCI Host Controller
[    4.921134] usb usb6: Manufacturer: Linux 2.6.32.57 uhci_hcd
[    4.921223] usb usb6: SerialNumber: 0000:00:1d.1
[    4.921357] usb usb6: configuration #1 chosen from 1 choice
[    4.921469] hub 6-0:1.0: USB hub found
[    4.921563] hub 6-0:1.0: 2 ports detected
[    4.921848] uhci_hcd 0000:00:1d.2: power state changed by ACPI to D0
[    4.922088] uhci_hcd 0000:00:1d.2: power state changed by ACPI to D0
[    4.922183] uhci_hcd 0000:00:1d.2: PCI INT C -> GSI 18 (level, low) -> IRQ 18
[    4.922280] uhci_hcd 0000:00:1d.2: setting latency timer to 64
[    4.922285] uhci_hcd 0000:00:1d.2: UHCI Host Controller
[    4.922413] uhci_hcd 0000:00:1d.2: new USB bus registered, assigned bus number 7
[    4.922564] uhci_hcd 0000:00:1d.2: irq 18, io base 0x000018e0
[    4.922686] usb usb7: New USB device found, idVendor=1d6b, idProduct=0001
[    4.922784] usb usb7: New USB device strings: Mfr=3, Product=2, SerialNumber=1
[    4.922904] usb usb7: Product: UHCI Host Controller
[    4.922998] usb usb7: Manufacturer: Linux 2.6.32.57 uhci_hcd
[    4.923087] usb usb7: SerialNumber: 0000:00:1d.2
[    4.923877] usb usb7: configuration #1 chosen from 1 choice
[    4.923996] hub 7-0:1.0: USB hub found
[    4.924085] hub 7-0:1.0: 2 ports detected
[    4.924247] sl811: driver sl811-hcd, 19 May 2005
[    4.924352] r8a66597_hcd: driver r8a66597_hcd, 2009-05-26
[    4.924518] Initializing USB Mass Storage driver...
[    4.924645] usbcore: registered new interface driver usb-storage
[    4.924733] USB Mass Storage support registered.
[    4.924848] usbcore: registered new interface driver ums-alauda
[    4.924962] usbcore: registered new interface driver ums-cypress
[    4.925071] usbcore: registered new interface driver ums-datafab
[    4.925178] usbcore: registered new interface driver ums-freecom
[    4.925287] usbcore: registered new interface driver ums-isd200
[    4.925400] usbcore: registered new interface driver ums-jumpshot
[    4.925508] usbcore: registered new interface driver ums-karma
[    4.925618] usbcore: registered new interface driver ums-onetouch
[    4.925727] usbcore: registered new interface driver ums-sddr09
[    4.925848] usbcore: registered new interface driver ums-sddr55
[    4.925957] usbcore: registered new interface driver ums-usbat
[    4.926101] PNP: PS/2 Controller [PNP0303:KBD,PNP0f13:MOU] at 0x60,0x64 irq 1,12
[    4.934790] serio: i8042 KBD port at 0x60,0x64 irq 1
[    4.934878] serio: i8042 AUX port at 0x60,0x64 irq 12
[    4.935123] mice: PS/2 mouse device common for all mice
[    4.935238] i2c /dev entries driver
[    4.935370] md: linear personality registered for level -1
[    4.935462] md: raid0 personality registered for level 0
[    4.935553] md: raid1 personality registered for level 1
[    4.935642] md: raid10 personality registered for level 10
[    4.935733] md: raid6 personality registered for level 6
[    4.935836] md: raid5 personality registered for level 5
[    4.935936] md: raid4 personality registered for level 4
[    4.936025] md: multipath personality registered for level -4
[    4.936218] device-mapper: ioctl: 4.15.0-ioctl (2009-04-01) initialised: dm-devel@redhat.com
[    4.936425] cpuidle: using governor ladder
[    4.937029] usbcore: registered new interface driver usbhid
[    4.937122] usbhid: v2.6:USB HID core driver
[    4.937264] random 0014 0000 0000 00000000 00000000: rand_read_num 4 get_random_bytes(136): sig 00000000 00000000 00000000
[    4.937266] random 0014 0000 0000 00000000 00000000: extract_entropy(.. 136 ..)
[    4.937269] random 0014 0000 0000 00000000 00000000: going to reseed nonblocking with 1024 bits (1088 of 0 requested)
[    4.937271] random 0014 0000 0000 00000000 00000000: extract_entropy(.. 128 ..)
[    4.937274] random 0014 0000 0000 00000000 00000000: trying to extract 1024 bits from input
[    4.937276] random 0014 0000 0000 00000000 00000000: debiting 0 entropy credits from input
[    4.937278] random 0014 0000 0000 00000000 00000000: extract_entropy account returned: 0 
[    4.937281] random 0014 0000 0000 00000000 00000000: urand_change_num 7 xfer_secondary_pool(136): pool_sig 00000000, data_sig 00000000, bytes_mixed 0 00000000 00000000
[    4.937284] random 0014 0000 0000 00000000 00000000: trying to extract 1088 bits from nonblocking
[    4.937286] random 0014 0000 0000 00000000 00000000: debiting 1088 entropy credits from nonblocking (unlimited)
[    4.937289] random 0014 0000 0000 00000000 00000000: extract_entropy account returned: 136 
[    4.937293] random 0014 0000 0000 00000000 00000000: urand_change_num 8 extract_buf: pool_sig 00000000, data_sig fffffff9, bytes_mixed 20 00000000 00000000
[    4.937298] random 0014 0000 0000 b7c35b56 be4dc95d: urand_change_num 9 extract_buf: pool_sig fffffd1e, data_sig 000000c5, bytes_mixed 20 b7c35b56 be4dc95d
[    4.937304] random 0014 0000 0000 ed9f5c47 c48487fb: urand_change_num 10 extract_buf: pool_sig fffff8ec, data_sig ffffff68, bytes_mixed 20 ed9f5c47 c48487fb
[    4.937309] random 0014 0000 0000 ed9f5c47 c48487fb: urand_change_num 11 extract_buf: pool_sig fffffaed, data_sig 000001aa, bytes_mixed 20 ed9f5c47 c48487fb
[    4.937314] random 0014 0000 0000 1b4f7c0a 91bd6a48: urand_change_num 12 extract_buf: pool_sig fffffdd8, data_sig 00000064, bytes_mixed 20 1b4f7c0a 91bd6a48
[    4.937320] random 0014 0000 0000 a254b9bc 20e9a24f: urand_change_num 13 extract_buf: pool_sig fffffbe6, data_sig 000001dd, bytes_mixed 20 a254b9bc 20e9a24f
[    4.937325] random 0014 0000 0000 a254b9bc 20e9a24f: urand_change_num 14 extract_buf: pool_sig fffff940, data_sig fffffe20, bytes_mixed 20 a254b9bc 20e9a24f
[    4.937330] random 0014 0000 0000 2831a66b 5fa2a3ad: urand_change_num 15 extract_buf: pool_sig fffffbce, data_sig 0000007e, bytes_mixed 20 2831a66b 5fa2a3ad
[    4.937335] random 0014 0000 0000 2831a66b 5fa2a3ad: urand_change_num 16 extract_buf: pool_sig 000004df, data_sig fffffe8f, bytes_mixed 20 2831a66b 5fa2a3ad
[    4.937341] random 0014 0000 0000 d4512bfd c9a54e0b: urand_change_num 17 extract_buf: pool_sig 00000485, data_sig fffffe68, bytes_mixed 20 d4512bfd c9a54e0b
[    4.937346] random 0014 0000 0000 c7371be6 f9ffea11: urand_change_num 18 extract_buf: pool_sig 00000095, data_sig ffffffed, bytes_mixed 20 c7371be6 f9ffea11
[    4.937351] random 0014 0000 0000 c7371be6 f9ffea11: urand_change_num 19 extract_buf: pool_sig 000003a7, data_sig fffffefa, bytes_mixed 20 c7371be6 f9ffea11
[    4.937356] random 0014 0000 0000 8fb4b62c d1ddba54: urand_change_num 20 extract_buf: pool_sig 00000179, data_sig ffffff78, bytes_mixed 20 8fb4b62c d1ddba54
[    4.937362] random 0014 0000 0000 9ff19f9c c07a1d2a: urand_change_num 21 extract_buf: pool_sig fffffe88, data_sig 00000126, bytes_mixed 20 9ff19f9c c07a1d2a
[    4.937366] TCP cubic registered
[    4.937453] Initializing XFRM netlink socket
[    4.937540] NET: Registered protocol family 17
[    4.937648] Using IPI Shortcut mode
[    4.937738] random 0014 0000 0000 9ff19f9c c07a1d2a: rand_read_num 5 get_random_bytes(8): sig 0000031b 9ff19f9c c07a1d2a
[    4.937740] random 0014 0000 0000 9ff19f9c c07a1d2a: extract_entropy(.. 8 ..)
[    4.937743] random 0014 0000 0000 9ff19f9c c07a1d2a: going to reseed nonblocking with 64 bits (64 of 0 requested)
[    4.937745] random 0014 0000 0000 9ff19f9c c07a1d2a: extract_entropy(.. 8 ..)
[    4.937747] random 0014 0000 0000 9ff19f9c c07a1d2a: trying to extract 64 bits from input
[    4.937749] random 0014 0000 0000 9ff19f9c c07a1d2a: debiting 0 entropy credits from input
[    4.937751] random 0014 0000 0000 9ff19f9c c07a1d2a: extract_entropy account returned: 0 
[    4.937754] random 0014 0000 0000 9ff19f9c c07a1d2a: urand_change_num 22 xfer_secondary_pool(8): pool_sig 0000031b, data_sig 00000000, bytes_mixed 0 9ff19f9c c07a1d2a
[    4.937757] random 0014 0000 0000 9ff19f9c c07a1d2a: trying to extract 64 bits from nonblocking
[    4.937759] random 0014 0000 0000 9ff19f9c c07a1d2a: debiting 64 entropy credits from nonblocking (unlimited)
[    4.937762] random 0014 0000 0000 9ff19f9c c07a1d2a: extract_entropy account returned: 8 
[    4.937781] random 0014 0000 0000 9ff19f9c c07a1d2a: urand_change_num 23 extract_buf: pool_sig 0000031b, data_sig ffffffb3, bytes_mixed 20 9ff19f9c c07a1d2a
[    4.940543] input: AT Translated Set 2 keyboard as /devices/platform/i8042/serio0/input/input1
[    5.129781] ata1: SATA link up 1.5 Gbps (SStatus 113 SControl 300)
[    5.131781] ata3: SATA link down (SStatus 0 SControl 300)
[    5.131879] ata1.00: ACPI cmd ef/02:00:00:00:00:a0 (SET FEATURES) succeeded
[    5.131882] ata1.00: ACPI cmd f5/00:00:00:00:00:a0 (SECURITY FREEZE LOCK) filtered out
[    5.133172] ata1.00: ACPI cmd ef/5f:00:00:00:00:a0 (SET FEATURES) succeeded
[    5.133175] ata1.00: ACPI cmd ef/10:03:00:00:00:a0 (SET FEATURES) filtered out
[    5.135088] ata1.00: ATA-7: ST910021AS, 4.06, max UDMA/100
[    5.135180] ata1.00: 195371568 sectors, multi 16: LBA48 
[    5.137326] ata1.00: ACPI cmd ef/02:00:00:00:00:a0 (SET FEATURES) succeeded
[    5.137328] ata1.00: ACPI cmd f5/00:00:00:00:00:a0 (SECURITY FREEZE LOCK) filtered out
[    5.138716] ata1.00: ACPI cmd ef/5f:00:00:00:00:a0 (SET FEATURES) succeeded
[    5.138718] ata1.00: ACPI cmd ef/10:03:00:00:00:a0 (SET FEATURES) filtered out
[    5.140645] ata1.00: configured for UDMA/100
[    5.150829] scsi 2:0:0:0: Direct-Access     ATA      ST910021AS       4.06 PQ: 0 ANSI: 5
[    5.151112] sd 2:0:0:0: [sda] 195371568 512-byte logical blocks: (100 GB/93.1 GiB)
[    5.151255] sd 2:0:0:0: [sda] Write Protect is off
[    5.151345] sd 2:0:0:0: [sda] Mode Sense: 00 3a 00 00
[    5.151357] sd 2:0:0:0: [sda] Write cache: enabled, read cache: enabled, doesn't support DPO or FUA
[    5.151546]  sda:
[    5.217766] usb 2-1: new high speed USB device using ehci_hcd and address 2
[    5.366922] usb 2-1: New USB device found, idVendor=0e8d, idProduct=1806
[    5.367010] usb 2-1: New USB device strings: Mfr=1, Product=2, SerialNumber=3
[    5.367095] usb 2-1: Product: MT1806 
[    5.367177] usb 2-1: Manufacturer: MediaTek Inc
[    5.367261] usb 2-1: SerialNumber: R8KN6GAC800AEB 
[    5.367401] usb 2-1: configuration #1 chosen from 1 choice
[    5.373840] scsi5 : SCSI emulation for USB Mass Storage devices
[    5.374010] usb-storage: device found at 2
[    5.374011] usb-storage: waiting for device to settle before scanning
[    5.589379] random 0014 0000 0000 277f73c3 42024bb9: add_disk_randomness(8:0) 277f73c3 42024bb9
[    5.589383] random 0014 0000 0000 277f73c3 42024bb9: add_timer_randomness(.. 8388864) with jiffies: 13274757705840165276, cycles: -5171986372164059125
[    5.589386] random 0014 0000 0000 277f73c3 42024bb9: added 11 entropy credits to input
[    5.589391]  sda1 sda2
[    5.589952] random 0025 0000 0000 277f73c3 42024bb9: add_disk_randomness(8:0) 277f73c3 42024bb9
[    5.589955] random 0025 0000 0000 277f73c3 42024bb9: add_timer_randomness(.. 8388864) with jiffies: 13279900452435755421, cycles: -5166843625568468981
[    5.590110] sd 2:0:0:0: [sda] Attached SCSI disk
[    5.590202] random 0025 0000 0000 277f73c3 42024bb9: rand_read_num 6 get_random_bytes(12): sig 000007e9 277f73c3 42024bb9
[    5.590204] random 0025 0000 0000 277f73c3 42024bb9: extract_entropy(.. 12 ..)
[    5.590207] random 0025 0000 0000 277f73c3 42024bb9: going to reseed nonblocking with 96 bits (96 of 0 requested)
[    5.590209] random 0025 0000 0000 277f73c3 42024bb9: extract_entropy(.. 12 ..)
[    5.590211] random 0025 0000 0000 277f73c3 42024bb9: trying to extract 96 bits from input
[    5.590214] random 0025 0000 0000 277f73c3 42024bb9: debiting 0 entropy credits from input
[    5.590216] random 0025 0000 0000 277f73c3 42024bb9: extract_entropy account returned: 0 
[    5.590219] random 0025 0000 0000 277f73c3 42024bb9: urand_change_num 24 xfer_secondary_pool(12): pool_sig 000007e9, data_sig 00000000, bytes_mixed 0 277f73c3 42024bb9
[    5.590222] random 0025 0000 0000 277f73c3 42024bb9: trying to extract 96 bits from nonblocking
[    5.590224] random 0025 0000 0000 277f73c3 42024bb9: debiting 96 entropy credits from nonblocking (unlimited)
[    5.590226] random 0025 0000 0000 277f73c3 42024bb9: extract_entropy account returned: 12 
[    5.590231] random 0025 0000 0000 277f73c3 42024bb9: urand_change_num 25 extract_buf: pool_sig 000007e9, data_sig 00000088, bytes_mixed 20 277f73c3 42024bb9
[    5.590236] random 0025 0000 0000 277f73c3 42024bb9: urand_change_num 26 extract_buf: pool_sig 00000498, data_sig fffffefb, bytes_mixed 20 277f73c3 42024bb9
[    5.590239] RANDOM - __seed init called.
[    5.590240] RANDOM - __seed init called.
[    5.590241] RANDOM - __seed init called.
[    5.590242] RANDOM - __random32 called. Change num 12.  Value: 87f14767	f0d7351	b1e48bd3
[    5.590244] RANDOM - random32_reseed called.  Value: 87f14767	f0d7351	b1e48bd3
[    5.590247] Pid: 1, comm: swapper Not tainted 2.6.32.57 #6
[    5.590339] Call Trace:
[    5.590433]  [<c1923ca4>] ? random32_reseed+0xa0/0xb1
[    5.590524]  [<c1923c04>] ? random32_reseed+0x0/0xb1
[    5.590617]  [<c100111e>] ? do_one_initcall+0x2e/0x180
[    5.590706]  [<c1907265>] ? kernel_init+0xad/0x103
[    5.590799]  [<c19071b8>] ? kernel_init+0x0/0x103
[    5.590890]  [<c1003787>] ? kernel_thread_helper+0x7/0x10
[    5.591415] random 0025 0000 0000 386b4e60 ee4d4880: rand_read_num 7 get_random_bytes(64): sig fffffea5 386b4e60 ee4d4880
[    5.591417] random 0025 0000 0000 386b4e60 ee4d4880: extract_entropy(.. 64 ..)
[    5.591420] random 0025 0000 0000 386b4e60 ee4d4880: going to reseed nonblocking with 512 bits (512 of 0 requested)
[    5.591422] random 0025 0000 0000 386b4e60 ee4d4880: extract_entropy(.. 64 ..)
[    5.591424] random 0025 0000 0000 386b4e60 ee4d4880: trying to extract 512 bits from input
[    5.591426] random 0025 0000 0000 386b4e60 ee4d4880: debiting 0 entropy credits from input
[    5.591428] random 0025 0000 0000 386b4e60 ee4d4880: extract_entropy account returned: 0 
[    5.591432] random 0025 0000 0000 386b4e60 ee4d4880: urand_change_num 27 xfer_secondary_pool(64): pool_sig fffffea5, data_sig 00000000, bytes_mixed 0 386b4e60 ee4d4880
[    5.591434] random 0025 0000 0000 386b4e60 ee4d4880: trying to extract 512 bits from nonblocking
[    5.591437] random 0025 0000 0000 386b4e60 ee4d4880: debiting 512 entropy credits from nonblocking (unlimited)
[    5.591439] random 0025 0000 0000 386b4e60 ee4d4880: extract_entropy account returned: 64 
[    5.591443] random 0025 0000 0000 386b4e60 ee4d4880: urand_change_num 28 extract_buf: pool_sig fffffea5, data_sig 00000173, bytes_mixed 20 386b4e60 ee4d4880
[    5.591448] random 0025 0000 0000 412698f6 0cc8689a: urand_change_num 29 extract_buf: pool_sig 00000122, data_sig ffffff63, bytes_mixed 20 412698f6 0cc8689a
[    5.591454] random 0025 0000 0000 412698f6 0cc8689a: urand_change_num 30 extract_buf: pool_sig 000001f7, data_sig 00000012, bytes_mixed 20 412698f6 0cc8689a
[    5.591459] random 0025 0000 0000 9669941e 06f768b1: urand_change_num 31 extract_buf: pool_sig fffffb5b, data_sig 0000003f, bytes_mixed 20 9669941e 06f768b1
[    5.591464] random 0025 0000 0000 98486520 995551f0: urand_change_num 32 extract_buf: pool_sig fffffb39, data_sig 0000000e, bytes_mixed 20 98486520 995551f0
[    5.591470] random 0025 0000 0000 98486520 995551f0: urand_change_num 33 extract_buf: pool_sig fffffd8d, data_sig 000001a6, bytes_mixed 20 98486520 995551f0
[    5.591475] random 0025 0000 0000 61fc8914 d5882ed2: urand_change_num 34 extract_buf: pool_sig fffffa58, data_sig 0000023e, bytes_mixed 20 61fc8914 d5882ed2
[    5.591504] random 0025 0000 0000 61fc8914 d5882ed2: rand_read_num 8 get_random_bytes(64): sig fffff9ee 61fc8914 d5882ed2
[    5.591506] random 0025 0000 0000 61fc8914 d5882ed2: extract_entropy(.. 64 ..)
[    5.591508] random 0025 0000 0000 61fc8914 d5882ed2: going to reseed nonblocking with 512 bits (512 of 0 requested)
[    5.591511] random 0025 0000 0000 61fc8914 d5882ed2: extract_entropy(.. 64 ..)
[    5.591513] random 0025 0000 0000 61fc8914 d5882ed2: trying to extract 512 bits from input
[    5.591515] random 0025 0000 0000 61fc8914 d5882ed2: debiting 0 entropy credits from input
[    5.591517] random 0025 0000 0000 61fc8914 d5882ed2: extract_entropy account returned: 0 
[    5.591520] random 0025 0000 0000 61fc8914 d5882ed2: urand_change_num 35 xfer_secondary_pool(64): pool_sig fffff9ee, data_sig 00000000, bytes_mixed 0 61fc8914 d5882ed2
[    5.591523] random 0025 0000 0000 61fc8914 d5882ed2: trying to extract 512 bits from nonblocking
[    5.591525] random 0025 0000 0000 61fc8914 d5882ed2: debiting 512 entropy credits from nonblocking (unlimited)
[    5.591528] random 0025 0000 0000 61fc8914 d5882ed2: extract_entropy account returned: 64 
[    5.591532] random 0025 0000 0000 61fc8914 d5882ed2: urand_change_num 36 extract_buf: pool_sig fffff9ee, data_sig ffffff85, bytes_mixed 20 61fc8914 d5882ed2
[    5.591537] random 0025 0000 0000 70cfd302 e5edec11: urand_change_num 37 extract_buf: pool_sig fffffdc1, data_sig ffffffde, bytes_mixed 20 70cfd302 e5edec11
[    5.591542] random 0025 0000 0000 00dab838 eafd2b30: urand_change_num 38 extract_buf: pool_sig 000003da, data_sig ffffff61, bytes_mixed 20 00dab838 eafd2b30
[    5.591548] random 0025 0000 0000 00dab838 eafd2b30: urand_change_num 39 extract_buf: pool_sig 00000314, data_sig 00000121, bytes_mixed 20 00dab838 eafd2b30
[    5.591553] random 0025 0000 0000 5fcdf66a 6442b608: urand_change_num 40 extract_buf: pool_sig 0000028b, data_sig fffffefd, bytes_mixed 20 5fcdf66a 6442b608
[    5.591558] random 0025 0000 0000 61333f6b 8fae0f9b: urand_change_num 41 extract_buf: pool_sig 000000cb, data_sig 000000b3, bytes_mixed 20 61333f6b 8fae0f9b
[    5.591564] random 0025 0000 0000 61333f6b 8fae0f9b: urand_change_num 42 extract_buf: pool_sig fffffef8, data_sig 00000051, bytes_mixed 20 61333f6b 8fae0f9b
[    5.591566] BEGIN NET_SECRET:
[    5.591567] \xffffffe0
[    5.591568] \xffffffb6
[    5.591569] \x36
[    5.591570] \xffffffb5
[    5.591571] \xffffff94
[    5.591572] \xffffffb2
[    5.591572] \xffffffa8
[    5.591573] \xffffffda
[    5.591574] \x5b
[    5.591575] \x19
[    5.591575] \x18
[    5.591576] \x5c
[    5.591577] \x2b
[    5.591578] \x1
[    5.591578] \xffffff90
[    5.591579] \x19
[    5.591580] \x3c
[    5.591581] \xfffffff2
[    5.591582] \xffffff82
[    5.591582] \x2a
[    5.591583] \xffffffb3
[    5.591584] \xffffffa2
[    5.591585] \x3f
[    5.591585] \x5
[    5.591586] \x52
[    5.591587] \x77
[    5.591588] \x57
[    5.591588] \x79
[    5.591589] \x16
[    5.591590] \x43
[    5.591590] \xffffff84
[    5.591591] \xffffffc3
[    5.591592] \xffffffe9
[    5.591593] \x79
[    5.591594] \x50
[    5.591594] \xffffff8e
[    5.591595] \x3f
[    5.591596] \xfffffff3
[    5.591597] \x19
[    5.591597] \x2a
[    5.591598] \xfffffffd
[    5.591599] \xfffffffb
[    5.591600] \x62
[    5.591601] \x3c
[    5.591601] \xffffffac
[    5.591602] \x1c
[    5.591603] \x3b
[    5.591604] \x3b
[    5.591604] \x15
[    5.591605] \x27
[    5.591606] \xffffffa8
[    5.591607] \x22
[    5.591607] \xffffffc5
[    5.591608] \xffffff9a
[    5.591609] \x5
[    5.591610] \x6c
[    5.591610] \xffffffa8
[    5.591611] \x3a
[    5.591612] \x44
[    5.591613] \xffffffaf
[    5.591614] \x13
[    5.591614] \xffffffe0
[    5.591615] \xffffff9d
[    5.591616] \x22
[    5.591617] 
[    5.591617] END NET_SECRET
[    5.591620] random 0025 0000 0000 e7f555d9 e8ce5c3c: rand_read_num 9 get_random_bytes(4): sig 0000068c e7f555d9 e8ce5c3c
[    5.591622] random 0025 0000 0000 e7f555d9 e8ce5c3c: extract_entropy(.. 4 ..)
[    5.591625] random 0025 0000 0000 e7f555d9 e8ce5c3c: going to reseed nonblocking with 64 bits (32 of 0 requested)
[    5.591627] random 0025 0000 0000 e7f555d9 e8ce5c3c: extract_entropy(.. 8 ..)
[    5.591629] random 0025 0000 0000 e7f555d9 e8ce5c3c: trying to extract 64 bits from input
[    5.591631] random 0025 0000 0000 e7f555d9 e8ce5c3c: debiting 0 entropy credits from input
[    5.591633] random 0025 0000 0000 e7f555d9 e8ce5c3c: extract_entropy account returned: 0 
[    5.591636] random 0025 0000 0000 e7f555d9 e8ce5c3c: urand_change_num 43 xfer_secondary_pool(4): pool_sig 0000068c, data_sig 00000000, bytes_mixed 0 e7f555d9 e8ce5c3c
[    5.591639] random 0025 0000 0000 e7f555d9 e8ce5c3c: trying to extract 32 bits from nonblocking
[    5.591642] random 0025 0000 0000 e7f555d9 e8ce5c3c: debiting 32 entropy credits from nonblocking (unlimited)
[    5.591644] random 0025 0000 0000 e7f555d9 e8ce5c3c: extract_entropy account returned: 4 
[    5.591648] random 0025 0000 0000 e7f555d9 e8ce5c3c: urand_change_num 44 extract_buf: pool_sig 0000068c, data_sig fffffdcb, bytes_mixed 20 e7f555d9 e8ce5c3c
[    5.591659] md: Waiting for all devices to be available before autodetect
[    5.591755] md: If you don't use raid, use raid=noautodetect
[    5.591923] md: Autodetecting RAID arrays.
[    5.592013] md: Scanned 0 and added 0 devices.
[    5.592098] md: autorun ...
[    5.592182] md: ... autorun DONE.
[    5.605588] random 0025 0000 0000 e7f555d9 e8ce5c3c: add_disk_randomness(8:0) e7f555d9 e8ce5c3c
[    5.605592] random 0025 0000 0000 e7f555d9 e8ce5c3c: add_timer_randomness(.. 8388864) with jiffies: 13420585271607132588, cycles: -5026158806397091829
[    5.605594] random 0025 0000 0000 e7f555d9 e8ce5c3c: added 3 entropy credits to input
[    5.606708] random 0028 0000 0000 e7f555d9 e8ce5c3c: add_disk_randomness(8:0) e7f555d9 e8ce5c3c
[    5.606711] random 0028 0000 0000 e7f555d9 e8ce5c3c: add_timer_randomness(.. 8388864) with jiffies: 13430660968530805165, cycles: -5016083109473419253
[    5.606830] random 0028 0000 0000 e7f555d9 e8ce5c3c: add_disk_randomness(8:0) e7f555d9 e8ce5c3c
[    5.606833] random 0028 0000 0000 e7f555d9 e8ce5c3c: add_timer_randomness(.. 8388864) with jiffies: 13431746500040032686, cycles: -5014997577964191733
[    5.606839] EXT3-fs: sda2: couldn't mount because of unsupported optional features (240).
[    5.607061] random 0028 0000 0000 e7f555d9 e8ce5c3c: add_disk_randomness(8:0) e7f555d9 e8ce5c3c
[    5.607064] random 0028 0000 0000 e7f555d9 e8ce5c3c: add_timer_randomness(.. 8388864) with jiffies: 13433827600673505710, cycles: -5012916477330718709
[    5.607069] EXT2-fs: sda2: couldn't mount because of unsupported optional features (240).
[    5.607293] random 0028 0000 0000 e7f555d9 e8ce5c3c: add_disk_randomness(8:0) e7f555d9 e8ce5c3c
[    5.607296] random 0028 0000 0000 e7f555d9 e8ce5c3c: add_timer_randomness(.. 8388864) with jiffies: 13435915057858576814, cycles: -5010829020145647605
[    5.607424] random 0028 0000 0000 e7f555d9 e8ce5c3c: add_disk_randomness(8:0) e7f555d9 e8ce5c3c
[    5.607427] random 0028 0000 0000 e7f555d9 e8ce5c3c: add_timer_randomness(.. 8388864) with jiffies: 13437097415110525358, cycles: -5009646662893699061
[    5.607588] random 0028 0000 0000 e7f555d9 e8ce5c3c: add_disk_randomness(8:0) e7f555d9 e8ce5c3c
[    5.607591] random 0028 0000 0000 e7f555d9 e8ce5c3c: add_timer_randomness(.. 8388864) with jiffies: 13438570107856716206, cycles: -5008173970147508213
[    5.607705] random 0028 0000 0000 e7f555d9 e8ce5c3c: add_disk_randomness(8:0) e7f555d9 e8ce5c3c
[    5.607708] random 0028 0000 0000 e7f555d9 e8ce5c3c: add_timer_randomness(.. 8388864) with jiffies: 13439629483015111086, cycles: -5007114594989113333
[    5.607822] random 0028 0000 0000 e7f555d9 e8ce5c3c: add_disk_randomness(8:0) e7f555d9 e8ce5c3c
[    5.607825] random 0028 0000 0000 e7f555d9 e8ce5c3c: add_timer_randomness(.. 8388864) with jiffies: 13440666266645529007, cycles: -5006077811358695413
[    5.607939] random 0028 0000 0000 e7f555d9 e8ce5c3c: add_disk_randomness(8:0) e7f555d9 e8ce5c3c
[    5.607942] random 0028 0000 0000 e7f555d9 e8ce5c3c: add_timer_randomness(.. 8388864) with jiffies: 13441724606716805551, cycles: -5005019471287418869
[    5.608087] random 0028 0000 0000 e7f555d9 e8ce5c3c: add_disk_randomness(8:0) e7f555d9 e8ce5c3c
[    5.608090] random 0028 0000 0000 e7f555d9 e8ce5c3c: add_timer_randomness(.. 8388864) with jiffies: 13443059259214102959, cycles: -5003684818790121461
[    5.608211] random 0028 0000 0000 e7f555d9 e8ce5c3c: add_disk_randomness(8:0) e7f555d9 e8ce5c3c
[    5.608214] random 0028 0000 0000 e7f555d9 e8ce5c3c: add_timer_randomness(.. 8388864) with jiffies: 13444174331508392367, cycles: -5002569746495832053
[    5.608453] random 0028 0000 0000 e7f555d9 e8ce5c3c: rand_read_num 10 get_random_bytes(4): sig ffffff72 e7f555d9 e8ce5c3c
[    5.608456] random 0028 0000 0000 e7f555d9 e8ce5c3c: extract_entropy(.. 4 ..)
[    5.608458] random 0028 0000 0000 e7f555d9 e8ce5c3c: going to reseed nonblocking with 64 bits (32 of 0 requested)
[    5.608461] random 0028 0000 0000 e7f555d9 e8ce5c3c: extract_entropy(.. 8 ..)
[    5.608463] random 0028 0000 0000 e7f555d9 e8ce5c3c: trying to extract 64 bits from input
[    5.608465] random 0028 0000 0000 e7f555d9 e8ce5c3c: debiting 0 entropy credits from input
[    5.608467] random 0028 0000 0000 e7f555d9 e8ce5c3c: extract_entropy account returned: 0 
[    5.608470] random 0028 0000 0000 e7f555d9 e8ce5c3c: urand_change_num 45 xfer_secondary_pool(4): pool_sig ffffff72, data_sig 00000000, bytes_mixed 0 e7f555d9 e8ce5c3c
[    5.608473] random 0028 0000 0000 e7f555d9 e8ce5c3c: trying to extract 32 bits from nonblocking
[    5.608475] random 0028 0000 0000 e7f555d9 e8ce5c3c: debiting 32 entropy credits from nonblocking (unlimited)
[    5.608477] random 0028 0000 0000 e7f555d9 e8ce5c3c: extract_entropy account returned: 4 
[    5.608481] random 0028 0000 0000 e7f555d9 e8ce5c3c: urand_change_num 46 extract_buf: pool_sig ffffff72, data_sig ffffff72, bytes_mixed 20 e7f555d9 e8ce5c3c
[    5.620041] random 0028 0000 0000 91716c54 eeb6a1e7: add_disk_randomness(8:0) 91716c54 eeb6a1e7
[    5.620044] random 0028 0000 0000 91716c54 eeb6a1e7: add_timer_randomness(.. 8388864) with jiffies: 13550600103525056955, cycles: -4896143974479167477
[    5.620047] random 0028 0000 0000 91716c54 eeb6a1e7: added 3 entropy credits to input
[    5.638315] random 0031 0000 0000 91716c54 eeb6a1e7: add_disk_randomness(8:0) 91716c54 eeb6a1e7
[    5.638318] random 0031 0000 0000 91716c54 eeb6a1e7: add_timer_randomness(.. 8388864) with jiffies: 13715008505268371917, cycles: -4731735572735852533
[    5.638321] random 0031 0000 0000 91716c54 eeb6a1e7: added 2 entropy credits to input
[    5.643011] EXT4-fs (sda2): mounted filesystem with ordered data mode
[    5.643210] VFS: Mounted root (ext4 filesystem) readonly on device 8:2.
[    5.643311] Freeing unused kernel memory: 448k freed
[    5.663468] random 0033 0000 0000 91716c54 eeb6a1e7: add_disk_randomness(8:0) 91716c54 eeb6a1e7
[    5.663471] random 0033 0000 0000 91716c54 eeb6a1e7: add_timer_randomness(.. 8388864) with jiffies: 13941296253191815654, cycles: -4505447824812408821
[    5.664197] random 0033 0000 0000 91716c54 eeb6a1e7: add_disk_randomness(8:0) 91716c54 eeb6a1e7
[    5.664200] random 0033 0000 0000 91716c54 eeb6a1e7: add_timer_randomness(.. 8388864) with jiffies: 13947855183648883175, cycles: -4498888894355341301
[    5.668931] random 0033 0000 0000 91716c54 eeb6a1e7: add_disk_randomness(8:0) 91716c54 eeb6a1e7
[    5.668934] random 0033 0000 0000 91716c54 eeb6a1e7: add_timer_randomness(.. 8388864) with jiffies: 13990436954005275116, cycles: -4456307123998949365
[    5.668937] random 0033 0000 0000 91716c54 eeb6a1e7: added 2 entropy credits to input
[    5.677128] random 0035 0000 0000 91716c54 eeb6a1e7: add_disk_randomness(8:0) 91716c54 eeb6a1e7
[    5.677131] random 0035 0000 0000 91716c54 eeb6a1e7: add_timer_randomness(.. 8388864) with jiffies: 14064189294893564404, cycles: -4382554783110660085
[    5.680547] random 0035 0000 0000 91716c54 eeb6a1e7: add_disk_randomness(8:0) 91716c54 eeb6a1e7
[    5.680550] random 0035 0000 0000 91716c54 eeb6a1e7: add_timer_randomness(.. 8388864) with jiffies: 14094951328136266231, cycles: -4351792749867958261
[    5.680553] random 0035 0000 0000 91716c54 eeb6a1e7: added 1 entropy credits to input
[    5.689444] random 0036 0000 0000 91716c54 eeb6a1e7: add_disk_randomness(8:0) 91716c54 eeb6a1e7
[    5.689447] random 0036 0000 0000 91716c54 eeb6a1e7: add_timer_randomness(.. 8388864) with jiffies: 14174988408769446400, cycles: -4271755669234778101
[    5.689449] random 0036 0000 0000 91716c54 eeb6a1e7: added 2 entropy credits to input
[    5.702719] random 0038 0000 0000 91716c54 eeb6a1e7: add_disk_randomness(8:0) 91716c54 eeb6a1e7
[    5.702722] random 0038 0000 0000 91716c54 eeb6a1e7: add_timer_randomness(.. 8388864) with jiffies: 14294422953825894925, cycles: -4152321124178329589
[    5.702725] random 0038 0000 0000 91716c54 eeb6a1e7: added 1 entropy credits to input
[    5.710801] random 0039 0000 0000 91716c54 eeb6a1e7: add_disk_randomness(8:0) 91716c54 eeb6a1e7
[    5.710804] random 0039 0000 0000 91716c54 eeb6a1e7: add_timer_randomness(.. 8388864) with jiffies: 14367120021249557014, cycles: -4079624056754667509
[    5.710807] random 0039 0000 0000 91716c54 eeb6a1e7: added 2 entropy credits to input
[    5.710830] RANDOM get_random_int call with cycles 50589801213, jiffies 4294672918 and pid 1
[    5.710833] RANDOM get_random_int call with cycles 50589808049, jiffies 4294672918 and pid 1
[    5.710835] ASLR stack rand value: 5341184 after shift for pid: 1
[    5.710836] RANDOM get_random_int call with cycles 50589816260, jiffies 4294672918 and pid 1
[    5.722451] random 0041 0000 0000 91716c54 eeb6a1e7: add_disk_randomness(8:0) 91716c54 eeb6a1e7
[    5.722454] random 0041 0000 0000 91716c54 eeb6a1e7: add_timer_randomness(.. 8388864) with jiffies: 14471941056045482529, cycles: -3974803021958742005
[    5.722457] random 0041 0000 0000 91716c54 eeb6a1e7: added 1 entropy credits to input
[    5.722467] RANDOM get_random_int call with cycles 50614179819, jiffies 4294672929 and pid 1
[    5.722473] random 0042 0000 0000 91716c54 eeb6a1e7: rand_read_num 11 get_random_bytes(16): sig fffffcad 91716c54 eeb6a1e7
[    5.722475] random 0042 0000 0000 91716c54 eeb6a1e7: extract_entropy(.. 16 ..)
[    5.722478] random 0042 0000 0000 91716c54 eeb6a1e7: going to reseed nonblocking with 128 bits (128 of 0 requested)
[    5.722480] random 0042 0000 0000 91716c54 eeb6a1e7: extract_entropy(.. 16 ..)
[    5.722482] random 0042 0000 0000 91716c54 eeb6a1e7: trying to extract 128 bits from input
[    5.722484] random 0042 0000 0000 91716c54 eeb6a1e7: debiting 0 entropy credits from input
[    5.722486] random 0042 0000 0000 91716c54 eeb6a1e7: extract_entropy account returned: 0 
[    5.722489] random 0042 0000 0000 91716c54 eeb6a1e7: urand_change_num 47 xfer_secondary_pool(16): pool_sig fffffcad, data_sig 00000000, bytes_mixed 0 91716c54 eeb6a1e7
[    5.722492] random 0042 0000 0000 91716c54 eeb6a1e7: trying to extract 128 bits from nonblocking
[    5.722495] random 0042 0000 0000 91716c54 eeb6a1e7: debiting 128 entropy credits from nonblocking (unlimited)
[    5.722497] random 0042 0000 0000 91716c54 eeb6a1e7: extract_entropy account returned: 16 
[    5.722501] random 0042 0000 0000 91716c54 eeb6a1e7: urand_change_num 48 extract_buf: pool_sig fffffcad, data_sig ffffff19, bytes_mixed 20 91716c54 eeb6a1e7
[    5.722507] random 0042 0000 0000 fd637b06 6cf47bc1: urand_change_num 49 extract_buf: pool_sig fffffede, data_sig ffffffc1, bytes_mixed 20 fd637b06 6cf47bc1
[    5.723460] random 0042 0000 0000 fd637b06 6cf47bc1: add_disk_randomness(8:0) fd637b06 6cf47bc1
[    5.723463] random 0042 0000 0000 fd637b06 6cf47bc1: add_timer_randomness(.. 8388864) with jiffies: 14481013882400506402, cycles: -3965730195603718133
[    5.724608] random 0042 0000 0000 fd637b06 6cf47bc1: add_disk_randomness(8:0) fd637b06 6cf47bc1
[    5.724611] random 0042 0000 0000 fd637b06 6cf47bc1: add_timer_randomness(.. 8388864) with jiffies: 14491344150625747491, cycles: -3955399927378477045
[    5.725756] random 0042 0000 0000 fd637b06 6cf47bc1: add_disk_randomness(8:0) fd637b06 6cf47bc1
[    5.725759] random 0042 0000 0000 fd637b06 6cf47bc1: add_timer_randomness(.. 8388864) with jiffies: 14501665042937381413, cycles: -3945079035066843125
[    5.726629] random 0042 0000 0000 fd637b06 6cf47bc1: add_disk_randomness(8:0) fd637b06 6cf47bc1
[    5.726632] random 0042 0000 0000 fd637b06 6cf47bc1: add_timer_randomness(.. 8388864) with jiffies: 14509526873198527013, cycles: -3937217204805697525
[    5.726805] random 0042 0000 0000 fd637b06 6cf47bc1: add_disk_randomness(8:0) fd637b06 6cf47bc1
[    5.726808] random 0042 0000 0000 fd637b06 6cf47bc1: add_timer_randomness(.. 8388864) with jiffies: 14511103650182169126, cycles: -3935640427822055413
[    5.727026] random 0042 0000 0000 fd637b06 6cf47bc1: add_disk_randomness(8:0) fd637b06 6cf47bc1
[    5.727030] random 0042 0000 0000 fd637b06 6cf47bc1: add_timer_randomness(.. 8388864) with jiffies: 14513095368251245094, cycles: -3933648709752979445
[    5.737510] random 0042 0000 0000 fd637b06 6cf47bc1: add_disk_randomness(8:0) fd637b06 6cf47bc1
[    5.737513] random 0042 0000 0000 fd637b06 6cf47bc1: add_timer_randomness(.. 8388864) with jiffies: 14607420761401164336, cycles: -3839323316603060213
[    5.737516] random 0042 0000 0000 fd637b06 6cf47bc1: added 3 entropy credits to input
[    5.737945] random 0045 0000 0000 fd637b06 6cf47bc1: add_disk_randomness(8:0) fd637b06 6cf47bc1
[    5.737948] random 0045 0000 0000 fd637b06 6cf47bc1: add_timer_randomness(.. 8388864) with jiffies: 14611326355552043569, cycles: -3835417722452180981
[    5.747691] random 0045 0000 0000 fd637b06 6cf47bc1: add_disk_randomness(8:0) fd637b06 6cf47bc1
[    5.747694] random 0045 0000 0000 fd637b06 6cf47bc1: add_timer_randomness(.. 8388864) with jiffies: 14699018407936492090, cycles: -3747725670067732469
[    5.747697] random 0045 0000 0000 fd637b06 6cf47bc1: added 3 entropy credits to input
[    5.747753] RANDOM get_random_int call with cycles 50667142932, jiffies 4294672955 and pid 1
[    5.752298] random 0048 0000 0000 fd637b06 6cf47bc1: add_disk_randomness(8:0) fd637b06 6cf47bc1
[    5.752302] random 0048 0000 0000 fd637b06 6cf47bc1: add_timer_randomness(.. 8388864) with jiffies: 14740459941785207359, cycles: -3706284136219017205
[    5.752304] random 0048 0000 0000 fd637b06 6cf47bc1: added 2 entropy credits to input
[    5.765126] random 0050 0000 0000 fd637b06 6cf47bc1: add_disk_randomness(8:0) fd637b06 6cf47bc1
[    5.765129] random 0050 0000 0000 fd637b06 6cf47bc1: add_timer_randomness(.. 8388864) with jiffies: 14855860949909996108, cycles: -3590883128094228469
[    5.765132] random 0050 0000 0000 fd637b06 6cf47bc1: added 3 entropy credits to input
[    5.765267] random 0053 0000 0000 fd637b06 6cf47bc1: add_disk_randomness(8:0) fd637b06 6cf47bc1
[    5.765270] random 0053 0000 0000 fd637b06 6cf47bc1: add_timer_randomness(.. 8388864) with jiffies: 14857131744833536588, cycles: -3589612333170687989
[    5.767428] random 0053 0000 0000 fd637b06 6cf47bc1: add_disk_randomness(8:0) fd637b06 6cf47bc1
[    5.767431] random 0053 0000 0000 fd637b06 6cf47bc1: add_timer_randomness(.. 8388864) with jiffies: 14876574481961943630, cycles: -3570169596042280949
[    5.767434] random 0053 0000 0000 fd637b06 6cf47bc1: added 1 entropy credits to input
[    5.767673] random 0054 0000 0000 fd637b06 6cf47bc1: add_disk_randomness(8:0) fd637b06 6cf47bc1
[    5.767676] random 0054 0000 0000 fd637b06 6cf47bc1: add_timer_randomness(.. 8388864) with jiffies: 14878781309173072462, cycles: -3567962768831152117
[    5.767853] random 0054 0000 0000 fd637b06 6cf47bc1: add_disk_randomness(8:0) fd637b06 6cf47bc1
[    5.767856] random 0054 0000 0000 fd637b06 6cf47bc1: add_timer_randomness(.. 8388864) with jiffies: 14880390964131365455, cycles: -3566353113872859125
[    5.770983] random 0054 0000 0000 fd637b06 6cf47bc1: add_disk_randomness(8:0) fd637b06 6cf47bc1
[    5.770986] random 0054 0000 0000 fd637b06 6cf47bc1: add_timer_randomness(.. 8388864) with jiffies: 14908549358134461010, cycles: -3538194719869763573
[    5.772995] random 0054 0000 0000 fd637b06 6cf47bc1: add_disk_randomness(8:0) fd637b06 6cf47bc1
[    5.772998] random 0054 0000 0000 fd637b06 6cf47bc1: add_timer_randomness(.. 8388864) with jiffies: 14926649144888754772, cycles: -3520094933115469813
[    5.780826] random 0054 0000 0000 fd637b06 6cf47bc1: add_disk_randomness(8:0) fd637b06 6cf47bc1
[    5.780829] random 0054 0000 0000 fd637b06 6cf47bc1: add_timer_randomness(.. 8388864) with jiffies: 14997103036793061980, cycles: -3449641041211162613
[    5.780832] random 0054 0000 0000 fd637b06 6cf47bc1: added 2 entropy credits to input
[    5.780963] random 0056 0000 0000 fd637b06 6cf47bc1: add_disk_randomness(8:0) fd637b06 6cf47bc1
[    5.780966] random 0056 0000 0000 fd637b06 6cf47bc1: add_timer_randomness(.. 8388864) with jiffies: 14998332608620495452, cycles: -3448411469383729141
[    5.784521] random 0056 0000 0000 fd637b06 6cf47bc1: add_disk_randomness(8:0) fd637b06 6cf47bc1
[    5.784524] random 0056 0000 0000 fd637b06 6cf47bc1: add_timer_randomness(.. 8388864) with jiffies: 15030352040783741535, cycles: -3416392037220483061
[    5.784526] random 0056 0000 0000 fd637b06 6cf47bc1: added 1 entropy credits to input
[    5.789020] random 0057 0000 0000 fd637b06 6cf47bc1: add_disk_randomness(8:0) fd637b06 6cf47bc1
[    5.789024] random 0057 0000 0000 fd637b06 6cf47bc1: add_timer_randomness(.. 8388864) with jiffies: 15070826695889748580, cycles: -3375917382114476021
[    5.794598] random 0057 0000 0000 fd637b06 6cf47bc1: add_disk_randomness(8:0) fd637b06 6cf47bc1
[    5.794601] random 0057 0000 0000 fd637b06 6cf47bc1: add_timer_randomness(.. 8388864) with jiffies: 15121017709480608361, cycles: -3325726368523616245
[    5.800877] random 0057 0000 0000 fd637b06 6cf47bc1: add_disk_randomness(8:0) fd637b06 6cf47bc1
[    5.800879] random 0057 0000 0000 fd637b06 6cf47bc1: add_timer_randomness(.. 8388864) with jiffies: 15177487196459074160, cycles: -3269256881545150453
[    5.800882] random 0057 0000 0000 fd637b06 6cf47bc1: added 1 entropy credits to input
[    5.800892] random 0058 0000 0000 fd637b06 6cf47bc1: rand_read_num 12 get_random_bytes(16): sig 0000033b fd637b06 6cf47bc1
[    5.800895] random 0058 0000 0000 fd637b06 6cf47bc1: extract_entropy(.. 16 ..)
[    5.800897] random 0058 0000 0000 fd637b06 6cf47bc1: going to reseed nonblocking with 128 bits (128 of 0 requested)
[    5.800900] random 0058 0000 0000 fd637b06 6cf47bc1: extract_entropy(.. 16 ..)
[    5.800902] random 0058 0000 0000 fd637b06 6cf47bc1: trying to extract 128 bits from input
[    5.800904] random 0058 0000 0000 fd637b06 6cf47bc1: debiting 0 entropy credits from input
[    5.800906] random 0058 0000 0000 fd637b06 6cf47bc1: extract_entropy account returned: 0 
[    5.800909] random 0058 0000 0000 fd637b06 6cf47bc1: urand_change_num 50 xfer_secondary_pool(16): pool_sig 0000033b, data_sig 00000000, bytes_mixed 0 fd637b06 6cf47bc1
[    5.800912] random 0058 0000 0000 fd637b06 6cf47bc1: trying to extract 128 bits from nonblocking
[    5.800915] random 0058 0000 0000 fd637b06 6cf47bc1: debiting 128 entropy credits from nonblocking (unlimited)
[    5.800917] random 0058 0000 0000 fd637b06 6cf47bc1: extract_entropy account returned: 16 
[    5.800921] random 0058 0000 0000 fd637b06 6cf47bc1: urand_change_num 51 extract_buf: pool_sig 0000033b, data_sig 000000d8, bytes_mixed 20 fd637b06 6cf47bc1
[    5.800927] random 0058 0000 0000 0ec1f012 d4727ca8: urand_change_num 52 extract_buf: pool_sig fffffcf5, data_sig 00000016, bytes_mixed 20 0ec1f012 d4727ca8
[    5.807623] random 0058 0000 0000 45b1d0b1 845a73f7: add_disk_randomness(8:0) 45b1d0b1 845a73f7
[    5.807626] random 0058 0000 0000 45b1d0b1 845a73f7: add_timer_randomness(.. 8388864) with jiffies: 15238191486831657590, cycles: -3208552591172567029
[    5.814844] random 0058 0000 0000 45b1d0b1 845a73f7: add_disk_randomness(8:0) 45b1d0b1 845a73f7
[    5.814847] random 0058 0000 0000 45b1d0b1 845a73f7: add_timer_randomness(.. 8388864) with jiffies: 15303148937288581758, cycles: -3143595140715642869
[    5.814850] random 0058 0000 0000 45b1d0b1 845a73f7: added 1 entropy credits to input
[    5.824495] random 0059 0000 0000 45b1d0b1 845a73f7: add_disk_randomness(8:0) 45b1d0b1 845a73f7
[    5.824498] random 0059 0000 0000 45b1d0b1 845a73f7: add_timer_randomness(.. 8388864) with jiffies: 15389981661206381191, cycles: -3056762416797843445
[    5.832268] random 0059 0000 0000 45b1d0b1 845a73f7: add_disk_randomness(8:0) 45b1d0b1 845a73f7
[    5.832271] random 0059 0000 0000 45b1d0b1 845a73f7: add_timer_randomness(.. 8388864) with jiffies: 15459909222048432783, cycles: -2986834855955791861
[    5.835416] random 0059 0000 0000 45b1d0b1 845a73f7: add_disk_randomness(8:0) 45b1d0b1 845a73f7
[    5.835420] random 0059 0000 0000 45b1d0b1 845a73f7: add_timer_randomness(.. 8388864) with jiffies: 15488236777633448594, cycles: -2958507300370776053
[    5.835423] random 0059 0000 0000 45b1d0b1 845a73f7: added 1 entropy credits to input
[    5.849678] random 0060 0000 0000 45b1d0b1 845a73f7: add_disk_randomness(8:0) 45b1d0b1 845a73f7
[    5.849681] random 0060 0000 0000 45b1d0b1 845a73f7: add_timer_randomness(.. 8388864) with jiffies: 15616544634929119904, cycles: -2830199443075104757
[    5.849684] random 0060 0000 0000 45b1d0b1 845a73f7: added 3 entropy credits to input
[    5.855079] random 0063 0000 0000 45b1d0b1 845a73f7: add_disk_randomness(8:0) 45b1d0b1 845a73f7
[    5.855082] random 0063 0000 0000 45b1d0b1 845a73f7: add_timer_randomness(.. 8388864) with jiffies: 15665123339271897766, cycles: -2781620738732326901
[    5.855085] random 0063 0000 0000 45b1d0b1 845a73f7: added 2 entropy credits to input
[    5.860251] random 0065 0000 0000 45b1d0b1 845a73f7: add_disk_randomness(8:0) 45b1d0b1 845a73f7
[    5.860254] random 0065 0000 0000 45b1d0b1 845a73f7: add_timer_randomness(.. 8388864) with jiffies: 15711656930512175787, cycles: -2735087147492048885
[    5.868481] random 0065 0000 0000 45b1d0b1 845a73f7: add_disk_randomness(8:0) 45b1d0b1 845a73f7
[    5.868485] random 0065 0000 0000 45b1d0b1 845a73f7: add_timer_randomness(.. 8388864) with jiffies: 15785706685000811187, cycles: -2661037393003413493
[    5.868487] random 0065 0000 0000 45b1d0b1 845a73f7: added 1 entropy credits to input
[    5.878083] random 0066 0000 0000 45b1d0b1 845a73f7: add_disk_randomness(8:0) 45b1d0b1 845a73f7
[    5.878086] random 0066 0000 0000 45b1d0b1 845a73f7: add_timer_randomness(.. 8388864) with jiffies: 15872083072938377917, cycles: -2574661005065846773
[    5.897587] random 0066 0000 0000 45b1d0b1 845a73f7: add_disk_randomness(8:0) 45b1d0b1 845a73f7
[    5.897590] random 0066 0000 0000 45b1d0b1 845a73f7: add_timer_randomness(.. 8388864) with jiffies: 16047559536684008144, cycles: -2399184541320216565
[    5.897593] random 0066 0000 0000 45b1d0b1 845a73f7: added 2 entropy credits to input
[    5.910872] random 0068 0000 0000 45b1d0b1 845a73f7: add_disk_randomness(8:0) 45b1d0b1 845a73f7
[    5.910875] random 0068 0000 0000 45b1d0b1 845a73f7: add_timer_randomness(.. 8388864) with jiffies: 16167064566448751326, cycles: -2279679511555473397
[    5.910878] random 0068 0000 0000 45b1d0b1 845a73f7: added 2 entropy credits to input
[    5.918895] random 0070 0000 0000 45b1d0b1 845a73f7: add_disk_randomness(8:0) 45b1d0b1 845a73f7
[    5.918898] random 0070 0000 0000 45b1d0b1 845a73f7: add_timer_randomness(.. 8388864) with jiffies: 16239240671519277798, cycles: -2207503406484946933
[    5.928907] random 0070 0000 0000 45b1d0b1 845a73f7: add_disk_randomness(8:0) 45b1d0b1 845a73f7
[    5.928910] random 0070 0000 0000 45b1d0b1 845a73f7: add_timer_randomness(.. 8388864) with jiffies: 16329315928241832688, cycles: -2117428149762392053
[    5.928912] random 0070 0000 0000 45b1d0b1 845a73f7: added 1 entropy credits to input
[    5.941791] random 0071 0000 0000 45b1d0b1 845a73f7: add_disk_randomness(8:0) 45b1d0b1 845a73f7
[    5.941794] random 0071 0000 0000 45b1d0b1 845a73f7: add_timer_randomness(.. 8388864) with jiffies: 16445231001002279677, cycles: -2001513077001945077
[    5.949152] random 0071 0000 0000 45b1d0b1 845a73f7: add_disk_randomness(8:0) 45b1d0b1 845a73f7
[    5.949155] random 0071 0000 0000 45b1d0b1 845a73f7: add_timer_randomness(.. 8388864) with jiffies: 16511454414544536324, cycles: -1935289663459688437
[    5.949158] random 0071 0000 0000 45b1d0b1 845a73f7: added 2 entropy credits to input
[    5.954398] random 0073 0000 0000 45b1d0b1 845a73f7: add_disk_randomness(8:0) 45b1d0b1 845a73f7
[    5.954401] random 0073 0000 0000 45b1d0b1 845a73f7: add_timer_randomness(.. 8388864) with jiffies: 16558656706422997769, cycles: -1888087371581226997
[    5.954404] random 0073 0000 0000 45b1d0b1 845a73f7: added 1 entropy credits to input
[    5.960840] random 0074 0000 0000 45b1d0b1 845a73f7: add_disk_randomness(8:0) 45b1d0b1 845a73f7
[    5.960843] random 0074 0000 0000 45b1d0b1 845a73f7: add_timer_randomness(.. 8388864) with jiffies: 16616601411588424464, cycles: -1830142666415800309
[    5.960845] random 0074 0000 0000 45b1d0b1 845a73f7: added 1 entropy credits to input
[    5.965894] random 0075 0000 0000 45b1d0b1 845a73f7: add_disk_randomness(8:0) 45b1d0b1 845a73f7
[    5.965897] random 0075 0000 0000 45b1d0b1 845a73f7: add_timer_randomness(.. 8388864) with jiffies: 16662067823714730773, cycles: -1784676254289494005
[    5.965899] random 0075 0000 0000 45b1d0b1 845a73f7: added 1 entropy credits to input
[    5.971793] random 0076 0000 0000 45b1d0b1 845a73f7: add_disk_randomness(8:0) 45b1d0b1 845a73f7
[    5.971796] random 0076 0000 0000 45b1d0b1 845a73f7: add_timer_randomness(.. 8388864) with jiffies: 16715143839852757787, cycles: -1731600238151466997
[    5.981143] random 0076 0000 0000 45b1d0b1 845a73f7: add_disk_randomness(8:0) 45b1d0b1 845a73f7
[    5.981146] random 0076 0000 0000 45b1d0b1 845a73f7: add_timer_randomness(.. 8388864) with jiffies: 16799265777981817636, cycles: -1647478300022407157
[    5.981149] random 0076 0000 0000 45b1d0b1 845a73f7: added 1 entropy credits to input
[    5.986024] random 0077 0000 0000 45b1d0b1 845a73f7: add_disk_randomness(8:0) 45b1d0b1 845a73f7
[    5.986027] random 0077 0000 0000 45b1d0b1 845a73f7: add_timer_randomness(.. 8388864) with jiffies: 16843175118434435881, cycles: -1603568959569788917
[    5.986030] random 0077 0000 0000 45b1d0b1 845a73f7: added 2 entropy credits to input
[    5.993457] random 0079 0000 0000 45b1d0b1 845a73f7: add_disk_randomness(8:0) 45b1d0b1 845a73f7
[    5.993460] random 0079 0000 0000 45b1d0b1 845a73f7: add_timer_randomness(.. 8388864) with jiffies: 16910054429317366576, cycles: -1536689648686858229
[    5.993463] random 0079 0000 0000 45b1d0b1 845a73f7: added 1 entropy credits to input
[    5.999675] random 0080 0000 0000 45b1d0b1 845a73f7: add_disk_randomness(8:0) 45b1d0b1 845a73f7
[    5.999678] random 0080 0000 0000 45b1d0b1 845a73f7: add_timer_randomness(.. 8388864) with jiffies: 16965996773484757814, cycles: -1480747304519466997
[    5.999826] random 0080 0000 0000 45b1d0b1 845a73f7: add_disk_randomness(8:0) 45b1d0b1 845a73f7
[    5.999830] random 0080 0000 0000 45b1d0b1 845a73f7: add_timer_randomness(.. 8388864) with jiffies: 16967346037460796215, cycles: -1479398040543428597
[    6.014240] random 0080 0000 0000 45b1d0b1 845a73f7: add_disk_randomness(8:0) 45b1d0b1 845a73f7
[    6.014244] random 0080 0000 0000 45b1d0b1 845a73f7: add_timer_randomness(.. 8388864) with jiffies: 17097028005118313285, cycles: -1349716072885911541
[    6.014246] random 0080 0000 0000 45b1d0b1 845a73f7: added 3 entropy credits to input
[    6.021660] random 0083 0000 0000 45b1d0b1 845a73f7: add_disk_randomness(8:0) 45b1d0b1 845a73f7
[    6.021663] random 0083 0000 0000 45b1d0b1 845a73f7: add_timer_randomness(.. 8388864) with jiffies: 17163780953768428364, cycles: -1282963124235796469
[    6.021665] random 0083 0000 0000 45b1d0b1 845a73f7: added 2 entropy credits to input
[    6.031340] random 0085 0000 0000 45b1d0b1 845a73f7: add_disk_randomness(8:0) 45b1d0b1 845a73f7
[    6.031343] random 0085 0000 0000 45b1d0b1 845a73f7: add_timer_randomness(.. 8388864) with jiffies: 17250861802241885014, cycles: -1195882275762339829
[    6.031345] random 0085 0000 0000 45b1d0b1 845a73f7: added 1 entropy credits to input
[    6.041972] random 0086 0000 0000 45b1d0b1 845a73f7: add_disk_randomness(8:0) 45b1d0b1 845a73f7
[    6.041975] random 0086 0000 0000 45b1d0b1 845a73f7: add_timer_randomness(.. 8388864) with jiffies: 17346509040296624993, cycles: -1100235037707599861
[    6.054488] random 0086 0000 0000 45b1d0b1 845a73f7: add_disk_randomness(8:0) 45b1d0b1 845a73f7
[    6.054491] random 0086 0000 0000 45b1d0b1 845a73f7: add_timer_randomness(.. 8388864) with jiffies: 17459123538064278381, cycles: -987620539939946485
[    6.055702] random 0086 0000 0000 45b1d0b1 845a73f7: add_disk_randomness(8:0) 45b1d0b1 845a73f7
[    6.055705] random 0086 0000 0000 45b1d0b1 845a73f7: add_timer_randomness(.. 8388864) with jiffies: 17470046610560615278, cycles: -976697467443609589
[    6.059714] random 0086 0000 0000 45b1d0b1 845a73f7: add_disk_randomness(8:0) 45b1d0b1 845a73f7
[    6.059717] random 0086 0000 0000 45b1d0b1 845a73f7: add_timer_randomness(.. 8388864) with jiffies: 17506141159233913714, cycles: -940602918770311157
[    6.059720] random 0086 0000 0000 45b1d0b1 845a73f7: added 1 entropy credits to input
[    6.069060] random 0087 0000 0000 45b1d0b1 845a73f7: add_disk_randomness(8:0) 45b1d0b1 845a73f7
[    6.069063] random 0087 0000 0000 45b1d0b1 845a73f7: add_timer_randomness(.. 8388864) with jiffies: 17590213576390050684, cycles: -856530501614174197
[    6.069066] random 0087 0000 0000 45b1d0b1 845a73f7: added 1 entropy credits to input
[    6.069409] random 0088 0000 0000 45b1d0b1 845a73f7: add_disk_randomness(8:0) 45b1d0b1 845a73f7
[    6.069412] random 0088 0000 0000 45b1d0b1 845a73f7: add_timer_randomness(.. 8388864) with jiffies: 17593354370009498492, cycles: -853389707994726389
[    6.085067] random 0088 0000 0000 45b1d0b1 845a73f7: add_disk_randomness(8:0) 45b1d0b1 845a73f7
[    6.085070] random 0088 0000 0000 45b1d0b1 845a73f7: add_timer_randomness(.. 8388864) with jiffies: 17734221291499258764, cycles: -712522786504966133
[    6.085073] random 0088 0000 0000 45b1d0b1 845a73f7: added 4 entropy credits to input
[    6.086698] random 0092 0000 0000 45b1d0b1 845a73f7: add_disk_randomness(8:0) 45b1d0b1 845a73f7
[    6.086701] random 0092 0000 0000 45b1d0b1 845a73f7: add_timer_randomness(.. 8388864) with jiffies: 17748897619951453069, cycles: -697846458052771829
[    6.086846] random 0092 0000 0000 45b1d0b1 845a73f7: add_disk_randomness(8:0) 45b1d0b1 845a73f7
[    6.086849] random 0092 0000 0000 45b1d0b1 845a73f7: add_timer_randomness(.. 8388864) with jiffies: 17750217205703476110, cycles: -696526872300748789
[    6.097724] random 0092 0000 0000 45b1d0b1 845a73f7: add_disk_randomness(8:0) 45b1d0b1 845a73f7
[    6.097727] random 0092 0000 0000 45b1d0b1 845a73f7: add_timer_randomness(.. 8388864) with jiffies: 17848096886154298264, cycles: -598647191849926645
[    6.097730] random 0092 0000 0000 45b1d0b1 845a73f7: added 3 entropy credits to input
[    6.098287] random 0095 0000 0000 45b1d0b1 845a73f7: add_disk_randomness(8:0) 45b1d0b1 845a73f7
[    6.098290] random 0095 0000 0000 45b1d0b1 845a73f7: add_timer_randomness(.. 8388864) with jiffies: 17853159089228186521, cycles: -593584988776038389
[    6.103518] random 0095 0000 0000 45b1d0b1 845a73f7: add_disk_randomness(8:0) 45b1d0b1 845a73f7
[    6.103521] random 0095 0000 0000 45b1d0b1 845a73f7: add_timer_randomness(.. 8388864) with jiffies: 17900220768172344222, cycles: -546523309831880693
[    6.103524] random 0095 0000 0000 45b1d0b1 845a73f7: added 2 entropy credits to input
[    6.105272] random 0097 0000 0000 45b1d0b1 845a73f7: add_disk_randomness(8:0) 45b1d0b1 845a73f7
[    6.105275] random 0097 0000 0000 45b1d0b1 845a73f7: add_timer_randomness(.. 8388864) with jiffies: 17915996024136762272, cycles: -530748053867462645
[    6.105278] random 0097 0000 0000 45b1d0b1 845a73f7: added 1 entropy credits to input
[    6.115500] random 0098 0000 0000 45b1d0b1 845a73f7: add_disk_randomness(8:0) 45b1d0b1 845a73f7
[    6.115503] random 0098 0000 0000 45b1d0b1 845a73f7: add_timer_randomness(.. 8388864) with jiffies: 18008015058503435178, cycles: -438729019500789749
