[    0.000000] random 0000 0000 0000 00000000 00000000: rand_read_num 1 get_random_bytes(8): sig 00000000 00000000 00000000
[    0.000000] random 0000 0000 0000 00000000 00000000: extract_entropy(.. 8 ..)
[    0.000000] random 0000 0000 0000 00000000 00000000: going to reseed nonblocking with 64 bits (64 of 0 requested)
[    0.000000] random 0000 0000 0000 00000000 00000000: extract_entropy(.. 8 ..)
[    0.000000] random 0000 0000 0000 00000000 00000000: trying to extract 64 bits from input
[    0.000000] random 0000 0000 0000 00000000 00000000: debiting 0 entropy credits from input
[    0.000000] random 0000 0000 0000 00000000 00000000: extract_entropy account returned: 0 
[    0.000000] random 0000 0000 0000 00000000 00000000: urand_change_num 1 xfer_secondary_pool(8): pool_sig 00000000, data_sig 00000000, bytes_mixed 0 00000000 00000000
[    0.000000] random 0000 0000 0000 00000000 00000000: trying to extract 64 bits from nonblocking
[    0.000000] random 0000 0000 0000 00000000 00000000: debiting 64 entropy credits from nonblocking (unlimited)
[    0.000000] random 0000 0000 0000 00000000 00000000: extract_entropy account returned: 8 
[    0.000000] random 0000 0000 0000 00000000 00000000: urand_change_num 2 extract_buf: pool_sig 00000000, data_sig fffffff9, bytes_mixed 20 00000000 00000000
[    0.000000] Linux version 2.6.32.57 (dcashman@dcashman-02) (gcc version 4.3.3 (GCC) ) #6 Thu May 30 09:02:12 PDT 2013
[    0.000000] KERNEL supported cpus:
[    0.000000]   Intel GenuineIntel
[    0.000000]   AMD AuthenticAMD
[    0.000000]   NSC Geode by NSC
[    0.000000]   Cyrix CyrixInstead
[    0.000000]   Centaur CentaurHauls
[    0.000000]   Transmeta GenuineTMx86
[    0.000000]   Transmeta TransmetaCPU
[    0.000000]   UMC UMC UMC UMC
[    0.000000] BIOS-provided physical RAM map:
[    0.000000]  BIOS-e820: 0000000000000000 - 000000000009d800 (usable)
[    0.000000]  BIOS-e820: 000000000009d800 - 00000000000a0000 (reserved)
[    0.000000]  BIOS-e820: 00000000000d2000 - 00000000000d4000 (reserved)
[    0.000000]  BIOS-e820: 00000000000e0000 - 0000000000100000 (reserved)
[    0.000000]  BIOS-e820: 0000000000100000 - 000000003d6b0000 (usable)
[    0.000000]  BIOS-e820: 000000003d6b0000 - 000000003d6cc000 (ACPI data)
[    0.000000]  BIOS-e820: 000000003d6cc000 - 000000003d700000 (ACPI NVS)
[    0.000000]  BIOS-e820: 000000003d700000 - 000000003e000000 (reserved)
[    0.000000]  BIOS-e820: 00000000f0000000 - 00000000f4000000 (reserved)
[    0.000000]  BIOS-e820: 00000000fec00000 - 00000000fec10000 (reserved)
[    0.000000]  BIOS-e820: 00000000fed00000 - 00000000fed00400 (reserved)
[    0.000000]  BIOS-e820: 00000000fed14000 - 00000000fed1a000 (reserved)
[    0.000000]  BIOS-e820: 00000000fed1c000 - 00000000fed90000 (reserved)
[    0.000000]  BIOS-e820: 00000000fee00000 - 00000000fee01000 (reserved)
[    0.000000]  BIOS-e820: 00000000ff000000 - 0000000100000000 (reserved)
[    0.000000] DMI present.
[    0.000000] last_pfn = 0x3d6b0 max_arch_pfn = 0x100000
[    0.000000] MTRR default type: uncachable
[    0.000000] MTRR fixed ranges enabled:
[    0.000000]   00000-9FFFF write-back
[    0.000000]   A0000-BFFFF uncachable
[    0.000000]   C0000-CFFFF write-protect
[    0.000000]   D0000-DFFFF uncachable
[    0.000000]   E0000-FFFFF write-protect
[    0.000000] MTRR variable ranges enabled:
[    0.000000]   0 base 03E000000 mask FFE000000 uncachable
[    0.000000]   1 base 000000000 mask FC0000000 write-back
[    0.000000]   2 base 03D700000 mask FFFF00000 uncachable
[    0.000000]   3 base 03D800000 mask FFF800000 uncachable
[    0.000000]   4 disabled
[    0.000000]   5 disabled
[    0.000000]   6 disabled
[    0.000000]   7 disabled
[    0.000000] initial memory mapped : 0 - 02000000
[    0.000000] init_memory_mapping: 0000000000000000-00000000377fe000
[    0.000000]  0000000000 - 0000400000 page 4k
[    0.000000]  0000400000 - 0037400000 page 2M
[    0.000000]  0037400000 - 00377fe000 page 4k
[    0.000000] kernel direct mapping tables up to 377fe000 @ 7000-c000
[    0.000000] ACPI: RSDP 000f68d0 00024 (v02 LENOVO)
[    0.000000] ACPI: XSDT 3d6bb77f 00094 (v01 LENOVO TP-7L    00002170  LTP 00000000)
[    0.000000] ACPI: FACP 3d6bb900 000F4 (v03 LENOVO TP-7L    00002170 LNVO 00000001)
[    0.000000] ACPI Warning: 32/64X length mismatch in Gpe1Block: 0/32 (20090903/tbfadt-526)
[    0.000000] ACPI Warning: Optional field Gpe1Block has zero address or length: 000000000000102C/0 (20090903/tbfadt-557)
[    0.000000] ACPI: DSDT 3d6bbd1d 0FED1 (v01 LENOVO TP-7L    00002170 MSFT 03000000)
[    0.000000] ACPI: FACS 3d6e4000 00040
[    0.000000] ACPI: SSDT 3d6bbab4 00269 (v01 LENOVO TP-7L    00002170 MSFT 03000000)
[    0.000000] ACPI: ECDT 3d6cbbee 00052 (v01 LENOVO TP-7L    00002170 LNVO 00000001)
[    0.000000] ACPI: TCPA 3d6cbc40 00032 (v02 LENOVO TP-7L    00002170 LNVO 00000001)
[    0.000000] ACPI: APIC 3d6cbc72 00068 (v01 LENOVO TP-7L    00002170 LNVO 00000001)
[    0.000000] ACPI: MCFG 3d6cbcda 0003C (v01 LENOVO TP-7L    00002170 LNVO 00000001)
[    0.000000] ACPI: HPET 3d6cbd16 00038 (v01 LENOVO TP-7L    00002170 LNVO 00000001)
[    0.000000] ACPI: SLIC 3d6cbdf0 00176 (v01 LENOVO TP-7L    00002170  LTP 00000000)
[    0.000000] ACPI: BOOT 3d6cbf66 00028 (v01 LENOVO TP-7L    00002170  LTP 00000001)
[    0.000000] ACPI: ASF! 3d6cbf8e 00072 (v16 LENOVO TP-7L    00002170 PTL  00000001)
[    0.000000] ACPI: SSDT 3d6e26d9 0025F (v01 LENOVO TP-7L    00002170 INTL 20050513)
[    0.000000] ACPI: SSDT 3d6e2938 000A6 (v01 LENOVO TP-7L    00002170 INTL 20050513)
[    0.000000] ACPI: SSDT 3d6e29de 004F7 (v01 LENOVO TP-7L    00002170 INTL 20050513)
[    0.000000] ACPI: SSDT 3d6e2ed5 001D8 (v01 LENOVO TP-7L    00002170 INTL 20050513)
[    0.000000] ACPI: DMI detected: Lenovo ThinkPad R61
[    0.000000] ACPI: Added _OSI(Linux)
[    0.000000] ACPI: Local APIC address 0xfee00000
[    0.000000] 94MB HIGHMEM available.
[    0.000000] 887MB LOWMEM available.
[    0.000000]   mapped low ram: 0 - 377fe000
[    0.000000]   low ram: 0 - 377fe000
[    0.000000]   node 0 low ram: 00000000 - 377fe000
[    0.000000]   node 0 bootmap 00008000 - 0000ef00
[    0.000000] (6 early reservations) ==> bootmem [0000000000 - 00377fe000]
[    0.000000]   #0 [0000000000 - 0000001000]   BIOS data page ==> [0000000000 - 0000001000]
[    0.000000]   #1 [0001000000 - 0001bdc180]    TEXT DATA BSS ==> [0001000000 - 0001bdc180]
[    0.000000]   #2 [000009d800 - 0000100000]    BIOS reserved ==> [000009d800 - 0000100000]
[    0.000000]   #3 [0001bdd000 - 0001be516c]              BRK ==> [0001bdd000 - 0001be516c]
[    0.000000]   #4 [0000007000 - 0000008000]          PGTABLE ==> [0000007000 - 0000008000]
[    0.000000]   #5 [0000008000 - 000000f000]          BOOTMAP ==> [0000008000 - 000000f000]
[    0.000000] found SMP MP-table at [c00f6900] f6900
[    0.000000] Zone PFN ranges:
[    0.000000]   DMA      0x00000000 -> 0x00001000
[    0.000000]   Normal   0x00001000 -> 0x000377fe
[    0.000000]   HighMem  0x000377fe -> 0x0003d6b0
[    0.000000] Movable zone start PFN for each node
[    0.000000] early_node_map[2] active PFN ranges
[    0.000000]     0: 0x00000000 -> 0x0000009d
[    0.000000]     0: 0x00000100 -> 0x0003d6b0
[    0.000000] On node 0 totalpages: 251469
[    0.000000] free_area_init_node: node 0, pgdat c1901ea0, node_mem_map c1be7000
[    0.000000]   DMA zone: 32 pages used for memmap
[    0.000000]   DMA zone: 0 pages reserved
[    0.000000]   DMA zone: 3965 pages, LIFO batch:0
[    0.000000]   Normal zone: 1744 pages used for memmap
[    0.000000]   Normal zone: 221486 pages, LIFO batch:31
[    0.000000]   HighMem zone: 190 pages used for memmap
[    0.000000]   HighMem zone: 24052 pages, LIFO batch:3
[    0.000000] Using APIC driver default
[    0.000000] ACPI: PM-Timer IO Port: 0x1008
[    0.000000] ACPI: Local APIC address 0xfee00000
[    0.000000] ACPI: LAPIC (acpi_id[0x00] lapic_id[0x00] enabled)
[    0.000000] ACPI: LAPIC (acpi_id[0x01] lapic_id[0x01] enabled)
[    0.000000] ACPI: NR_CPUS/possible_cpus limit of 1 reached.  Processor 1/0x1 ignored.
[    0.000000] ACPI: LAPIC_NMI (acpi_id[0x00] high edge lint[0x1])
[    0.000000] ACPI: LAPIC_NMI (acpi_id[0x01] high edge lint[0x1])
[    0.000000] ACPI: IOAPIC (id[0x01] address[0xfec00000] gsi_base[0])
[    0.000000] IOAPIC[0]: apic_id 1, version 32, address 0xfec00000, GSI 0-23
[    0.000000] ACPI: INT_SRC_OVR (bus 0 bus_irq 0 global_irq 2 dfl dfl)
[    0.000000] ACPI: INT_SRC_OVR (bus 0 bus_irq 9 global_irq 9 high level)
[    0.000000] ACPI: IRQ0 used by override.
[    0.000000] ACPI: IRQ2 used by override.
[    0.000000] ACPI: IRQ9 used by override.
[    0.000000] Using ACPI (MADT) for SMP configuration information
[    0.000000] ACPI: HPET id: 0x8086a201 base: 0xfed00000
[    0.000000] nr_irqs_gsi: 24
[    0.000000] PM: Registered nosave memory: 000000000009d000 - 000000000009e000
[    0.000000] PM: Registered nosave memory: 000000000009e000 - 00000000000a0000
[    0.000000] PM: Registered nosave memory: 00000000000a0000 - 00000000000d2000
[    0.000000] PM: Registered nosave memory: 00000000000d2000 - 00000000000d4000
[    0.000000] PM: Registered nosave memory: 00000000000d4000 - 00000000000e0000
[    0.000000] PM: Registered nosave memory: 00000000000e0000 - 0000000000100000
[    0.000000] Allocating PCI resources starting at 3e000000 (gap: 3e000000:b2000000)
[    0.000000] Built 1 zonelists in Zone order, mobility grouping on.  Total pages: 249503
[    0.000000] Kernel command line: auto BOOT_IMAGE=Linux ro root=802 vt.default_utf8=0 maxcpus=0
[    0.000000] PID hash table entries: 4096 (order: 2, 16384 bytes)
[    0.000000] Dentry cache hash table entries: 131072 (order: 7, 524288 bytes)
[    0.000000] Inode-cache hash table entries: 65536 (order: 6, 262144 bytes)
[    0.000000] Enabling fast FPU save and restore... done.
[    0.000000] Enabling unmasked SIMD FPU exception support... done.
[    0.000000] Initializing CPU#0
[    0.000000] Initializing HighMem for node 0 (000377fe:0003d6b0)
[    0.000000] Memory: 984800k/1006272k available (6915k kernel code, 20876k reserved, 2327k data, 448k init, 96968k highmem)
[    0.000000] virtual kernel memory layout:
[    0.000000]     fixmap  : 0xfffa3000 - 0xfffff000   ( 368 kB)
[    0.000000]     pkmap   : 0xff800000 - 0xffc00000   (4096 kB)
[    0.000000]     vmalloc : 0xf7ffe000 - 0xff7fe000   ( 120 MB)
[    0.000000]     lowmem  : 0xc0000000 - 0xf77fe000   ( 887 MB)
[    0.000000]       .init : 0xc1907000 - 0xc1977000   ( 448 kB)
[    0.000000]       .data : 0xc16c0d3f - 0xc1906c64   (2327 kB)
[    0.000000]       .text : 0xc1000000 - 0xc16c0d3f   (6915 kB)
[    0.000000] Checking if this processor honours the WP bit even in supervisor mode...Ok.
[    0.000000] SLUB: Genslabs=13, HWalign=64, Order=0-3, MinObjects=0, CPUs=1, Nodes=1
[    0.000000] Hierarchical RCU implementation.
[    0.000000] NR_IRQS:288
[    0.000000] Extended CMOS year: 2000
[    0.000000] Console: colour VGA+ 80x25
[    0.000000] console [tty0] enabled
[    0.000000] hpet clockevent registered
[    0.000000] Fast TSC calibration using PIT
[    0.000000] Detected 2094.452 MHz processor.
[    0.001002] Calibrating delay loop (skipped), value calculated using timer frequency.. 4188.90 BogoMIPS (lpj=2094452)
[    0.001176] Security Framework initialized
[    0.001262] Mount-cache hash table entries: 512
[    0.001410] CPU: L1 I cache: 32K, L1 D cache: 32K
[    0.001538] CPU: L2 cache: 3072K
[    0.001620] mce: CPU supports 6 MCE banks
[    0.001705] CPU0: Thermal monitoring enabled (TM2)
[    0.002003] using mwait in idle threads.
[    0.002089] CPU: Intel(R) Core(TM)2 Duo CPU     T8100  @ 2.10GHz stepping 06
[    0.002270] Checking 'hlt' instruction... OK.
[    0.006936] ACPI: Core revision 20090903
[    0.026013] RANDOM get_random_int first call with cycles 38328799236, jiffies 4294667322 and pid 0
[    0.026020] CANARY value: ca84a505 for PID: 1
[    0.026027] CANARY value: c94a8a69 for PID: 2
[    0.026050] Enabling APIC mode:  Flat.  Using 1 I/O APICs
[    0.026514] ..TIMER: vector=0x30 apic1=0 pin1=2 apic2=-1 pin2=-1
[    0.036997] xor: automatically using best checksumming function: pIII_sse
[    0.040998]    pIII_sse  :  8568.000 MB/sec
[    0.041092] xor: using function: pIII_sse (8568.000 MB/sec)
[    0.041183] RANDOM - __seed init called.
[    0.041184] RANDOM - __seed init called.
[    0.041185] RANDOM - __seed init called.
[    0.041187] RANDOM - __random32 called. Change num 1.  Value: e6b75c0e	845fdb3c	4764ecc7
[    0.041189] RANDOM - __random32 called. Change num 2.  Value: 75c0e1a6	45fdb3ca	d98f8871
[    0.041191] RANDOM - __random32 called. Change num 3.  Value: e1a6d3e	5fdb3ca9	10e2be79
[    0.041192] RANDOM - __random32 called. Change num 4.  Value: a6d3e877	fdb3ca90	7cf2fee9
[    0.041194] RANDOM - __random32 called. Change num 5.  Value: 3e877b7b	db3ca905	fdd36ca1
[    0.041196] RANDOM - __random32 called. Change num 6.  Value: 77b7ba3d	b3ca905b	d9426901
[    0.041198] RANDOM - random32 init called.  Value: 77b7ba3d	b3ca905b	d9426901
[    0.041215] NET: Registered protocol family 16
[    0.041481] ACPI FADT declares the system doesn't support PCIe ASPM, so disable it
[    0.041603] ACPI: bus type pci registered
[    0.041774] PCI: MCFG configuration 0: base f0000000 segment 0 buses 0 - 63
[    0.041868] PCI: MCFG area at f0000000 reserved in E820
[    0.041962] PCI: Using MMCONFIG for extended config space
[    0.042002] PCI: Using configuration type 1 for base access
[    0.045153] bio: create slab <bio-0> at 0
[    0.045962] ACPI: EC: EC description table is found, configuring boot EC
[    0.051153] ACPI: BIOS _OSI(Linux) query honored via DMI
[    0.051877] random 0000 0000 0000 00000000 00000000: rand_read_num 2 get_random_bytes(8): sig fffffe1a 00000000 00000000
[    0.051880] random 0000 0000 0000 00000000 00000000: extract_entropy(.. 8 ..)
[    0.051883] random 0000 0000 0000 00000000 00000000: going to reseed nonblocking with 64 bits (64 of 0 requested)
[    0.051885] random 0000 0000 0000 00000000 00000000: extract_entropy(.. 8 ..)
[    0.051887] random 0000 0000 0000 00000000 00000000: trying to extract 64 bits from input
[    0.051889] random 0000 0000 0000 00000000 00000000: debiting 0 entropy credits from input
[    0.051891] random 0000 0000 0000 00000000 00000000: extract_entropy account returned: 0 
[    0.051894] random 0000 0000 0000 00000000 00000000: urand_change_num 3 xfer_secondary_pool(8): pool_sig fffffe1a, data_sig 00000000, bytes_mixed 0 00000000 00000000
[    0.051897] random 0000 0000 0000 00000000 00000000: trying to extract 64 bits from nonblocking
[    0.051899] random 0000 0000 0000 00000000 00000000: debiting 64 entropy credits from nonblocking (unlimited)
[    0.051902] random 0000 0000 0000 00000000 00000000: extract_entropy account returned: 8 
[    0.051906] random 0000 0000 0000 00000000 00000000: urand_change_num 4 extract_buf: pool_sig fffffe1a, data_sig fffffed7, bytes_mixed 20 00000000 00000000
[    0.057668] ACPI: Interpreter enabled
[    0.057755] ACPI: (supports S0 S3 S4 S5)
[    0.057998] ACPI: Using IOAPIC for interrupt routing
[    0.067713] ACPI: EC: GPE = 0x12, I/O: command/status = 0x66, data = 0x62
[    0.068010] ACPI: Power Resource [PUBS] (on)
[    0.070128] ACPI: ACPI Dock Station Driver: 3 docks/bays found
[    0.070538] ACPI: PCI Root Bridge [PCI0] (0000:00)
[    0.070711] pci 0000:00:02.0: reg 10 64bit mmio: [0xf8100000-0xf81fffff]
[    0.070717] pci 0000:00:02.0: reg 18 64bit mmio pref: [0xe0000000-0xefffffff]
[    0.070721] pci 0000:00:02.0: reg 20 io port: [0x1800-0x1807]
[    0.070756] pci 0000:00:02.1: reg 10 64bit mmio: [0xf8200000-0xf82fffff]
[    0.070861] pci 0000:00:19.0: reg 10 32bit mmio: [0xfe000000-0xfe01ffff]
[    0.070871] pci 0000:00:19.0: reg 14 32bit mmio: [0xfe025000-0xfe025fff]
[    0.070880] pci 0000:00:19.0: reg 18 io port: [0x1840-0x185f]
[    0.070946] pci 0000:00:19.0: PME# supported from D0 D3hot D3cold
[    0.071000] pci 0000:00:19.0: PME# disabled
[    0.071153] pci 0000:00:1a.0: reg 20 io port: [0x1860-0x187f]
[    0.071223] pci 0000:00:1a.1: reg 20 io port: [0x1880-0x189f]
[    0.071299] pci 0000:00:1a.7: reg 10 32bit mmio: [0xfe226c00-0xfe226fff]
[    0.071380] pci 0000:00:1a.7: PME# supported from D0 D3hot D3cold
[    0.071474] pci 0000:00:1a.7: PME# disabled
[    0.071630] pci 0000:00:1b.0: reg 10 64bit mmio: [0xfe020000-0xfe023fff]
[    0.071718] pci 0000:00:1b.0: PME# supported from D0 D3hot D3cold
[    0.071807] pci 0000:00:1b.0: PME# disabled
[    0.072063] pci 0000:00:1c.0: PME# supported from D0 D3hot D3cold
[    0.072155] pci 0000:00:1c.0: PME# disabled
[    0.072359] pci 0000:00:1c.1: PME# supported from D0 D3hot D3cold
[    0.072452] pci 0000:00:1c.1: PME# disabled
[    0.072662] pci 0000:00:1c.2: PME# supported from D0 D3hot D3cold
[    0.072757] pci 0000:00:1c.2: PME# disabled
[    0.072958] pci 0000:00:1c.3: PME# supported from D0 D3hot D3cold
[    0.072997] pci 0000:00:1c.3: PME# disabled
[    0.073847] pci 0000:00:1c.4: PME# supported from D0 D3hot D3cold
[    0.073999] pci 0000:00:1c.4: PME# disabled
[    0.074146] pci 0000:00:1d.0: reg 20 io port: [0x18a0-0x18bf]
[    0.074228] pci 0000:00:1d.1: reg 20 io port: [0x18c0-0x18df]
[    0.074305] pci 0000:00:1d.2: reg 20 io port: [0x18e0-0x18ff]
[    0.074403] pci 0000:00:1d.7: reg 10 32bit mmio: [0xfe227000-0xfe2273ff]
[    0.074504] pci 0000:00:1d.7: PME# supported from D0 D3hot D3cold
[    0.074598] pci 0000:00:1d.7: PME# disabled
[    0.074896] pci 0000:00:1f.0: quirk: region 1000-107f claimed by ICH6 ACPI/GPIO/TCO
[    0.075000] pci 0000:00:1f.0: quirk: region 1180-11bf claimed by ICH6 GPIO
[    0.075094] pci 0000:00:1f.0: ICH7 LPC Generic IO decode 1 PIO at 1600 (mask 007f)
[    0.075218] pci 0000:00:1f.0: ICH7 LPC Generic IO decode 2 PIO at 15e0 (mask 000f)
[    0.075343] pci 0000:00:1f.0: ICH7 LPC Generic IO decode 3 PIO at 1680 (mask 001f)
[    0.075561] pci 0000:00:1f.1: reg 10 io port: [0x00-0x07]
[    0.075570] pci 0000:00:1f.1: reg 14 io port: [0x00-0x03]
[    0.075579] pci 0000:00:1f.1: reg 18 io port: [0x00-0x07]
[    0.075588] pci 0000:00:1f.1: reg 1c io port: [0x00-0x03]
[    0.075596] pci 0000:00:1f.1: reg 20 io port: [0x1c00-0x1c0f]
[    0.075680] pci 0000:00:1f.2: reg 10 io port: [0x1c50-0x1c57]
[    0.075689] pci 0000:00:1f.2: reg 14 io port: [0x1c44-0x1c47]
[    0.075696] pci 0000:00:1f.2: reg 18 io port: [0x1c48-0x1c4f]
[    0.075705] pci 0000:00:1f.2: reg 1c io port: [0x1c40-0x1c43]
[    0.075714] pci 0000:00:1f.2: reg 20 io port: [0x1c20-0x1c3f]
[    0.075723] pci 0000:00:1f.2: reg 24 32bit mmio: [0xfe226000-0xfe2267ff]
[    0.075780] pci 0000:00:1f.2: PME# supported from D3hot
[    0.075871] pci 0000:00:1f.2: PME# disabled
[    0.076025] pci 0000:00:1f.3: reg 10 32bit mmio: [0xfe227400-0xfe2274ff]
[    0.076050] pci 0000:00:1f.3: reg 20 io port: [0x1c60-0x1c7f]
[    0.076140] pci 0000:00:1c.0: bridge io port: [0x2000-0x2fff]
[    0.076147] pci 0000:00:1c.0: bridge 32bit mmio: [0xfc000000-0xfdffffff]
[    0.076154] pci 0000:00:1c.0: bridge 64bit mmio pref: [0xf8000000-0xf80fffff]
[    0.076226] pci 0000:03:00.0: reg 10 64bit mmio: [0xdf3f0000-0xdf3fffff]
[    0.076421] pci 0000:00:1c.1: bridge io port: [0x3000-0x3fff]
[    0.076427] pci 0000:00:1c.1: bridge 32bit mmio: [0xdc000000-0xdf3fffff]
[    0.076436] pci 0000:00:1c.1: bridge 64bit mmio pref: [0xdfe00000-0xdfefffff]
[    0.076492] pci 0000:00:1c.2: bridge io port: [0x4000-0x4fff]
[    0.076498] pci 0000:00:1c.2: bridge 32bit mmio: [0xd8000000-0xd9ffffff]
[    0.076508] pci 0000:00:1c.2: bridge 64bit mmio pref: [0xdfb00000-0xdfbfffff]
[    0.076566] pci 0000:00:1c.3: bridge io port: [0x5000-0x5fff]
[    0.076573] pci 0000:00:1c.3: bridge 32bit mmio: [0xd4000000-0xd5ffffff]
[    0.076579] pci 0000:00:1c.3: bridge 64bit mmio pref: [0xdf800000-0xdf8fffff]
[    0.076635] pci 0000:00:1c.4: bridge io port: [0x6000-0x6fff]
[    0.076640] pci 0000:00:1c.4: bridge 32bit mmio: [0xd0000000-0xd1ffffff]
[    0.076646] pci 0000:00:1c.4: bridge 64bit mmio pref: [0xdf500000-0xdf5fffff]
[    0.076715] pci 0000:15:00.0: reg 10 32bit mmio: [0xf8300000-0xf8300fff]
[    0.076767] pci 0000:15:00.0: supports D1 D2
[    0.076768] pci 0000:15:00.0: PME# supported from D0 D1 D2 D3hot D3cold
[    0.076864] pci 0000:15:00.0: PME# disabled
[    0.077018] pci 0000:15:00.1: reg 10 32bit mmio: [0xf8301000-0xf83017ff]
[    0.077115] pci 0000:15:00.1: supports D1 D2
[    0.077117] pci 0000:15:00.1: PME# supported from D0 D1 D2 D3hot D3cold
[    0.077215] pci 0000:15:00.1: PME# disabled
[    0.077400] pci 0000:00:1e.0: transparent bridge
[    0.077493] pci 0000:00:1e.0: bridge io port: [0x7000-0xafff]
[    0.077497] pci 0000:00:1e.0: bridge 32bit mmio: [0xf8300000-0xfbffffff]
[    0.077506] pci 0000:00:1e.0: bridge 64bit mmio pref: [0xf4000000-0xf7ffffff]
[    0.077575] pci_bus 0000:00: on NUMA node 0
[    0.077579] ACPI: PCI Interrupt Routing Table [\_SB_.PCI0._PRT]
[    0.077713] ACPI: PCI Interrupt Routing Table [\_SB_.PCI0.EXP0._PRT]
[    0.077772] ACPI: PCI Interrupt Routing Table [\_SB_.PCI0.EXP1._PRT]
[    0.077830] ACPI: PCI Interrupt Routing Table [\_SB_.PCI0.EXP2._PRT]
[    0.077888] ACPI: PCI Interrupt Routing Table [\_SB_.PCI0.EXP3._PRT]
[    0.077951] ACPI: PCI Interrupt Routing Table [\_SB_.PCI0.EXP4._PRT]
[    0.078022] ACPI: PCI Interrupt Routing Table [\_SB_.PCI0.PCI1._PRT]
[    0.083486] ACPI: PCI Interrupt Link [LNKA] (IRQs 3 4 5 6 7 9 *10 11)
[    0.084249] ACPI: PCI Interrupt Link [LNKB] (IRQs 3 4 5 6 7 9 10 *11)
[    0.085064] ACPI: PCI Interrupt Link [LNKC] (IRQs 3 4 5 6 7 9 10 *11)
[    0.085845] ACPI: PCI Interrupt Link [LNKD] (IRQs 3 4 5 6 7 9 10 *11)
[    0.086612] ACPI: PCI Interrupt Link [LNKE] (IRQs 3 4 5 6 7 9 10 *11)
[    0.087399] ACPI: PCI Interrupt Link [LNKF] (IRQs 3 4 5 6 7 9 10 *11)
[    0.088159] ACPI: PCI Interrupt Link [LNKG] (IRQs 3 4 5 6 7 9 10 *11)
[    0.089013] ACPI: PCI Interrupt Link [LNKH] (IRQs 3 4 5 6 7 9 10 *11)
[    0.089774] vgaarb: device added: PCI:0000:00:02.0,decodes=io+mem,owns=io+mem,locks=none
[    0.089901] vgaarb: loaded
[    0.090089] SCSI subsystem initialized
[    0.090188] libata version 3.00 loaded.
[    0.090235] usbcore: registered new interface driver usbfs
[    0.090357] usbcore: registered new interface driver hub
[    0.090473] usbcore: registered new device driver usb
[    0.107041] raid6: int32x1    941 MB/s
[    0.124060] raid6: int32x2    890 MB/s
[    0.141066] raid6: int32x4    750 MB/s
[    0.158079] raid6: int32x8    660 MB/s
[    0.174983] raid6: mmxx1     2878 MB/s
[    0.191985] raid6: mmxx2     3253 MB/s
[    0.209005] raid6: sse1x1    1937 MB/s
[    0.225980] raid6: sse1x2    2531 MB/s
[    0.242982] raid6: sse2x1    3511 MB/s
[    0.259980] raid6: sse2x2    3835 MB/s
[    0.260071] raid6: using algorithm sse2x2 (3835 MB/s)
[    0.260161] PCI: Using ACPI for IRQ routing
[    0.260469] HPET: 3 timers in total, 0 timers will be used for per-cpu timer
[    0.260990] Switching to clocksource tsc
[    0.261091] pnp: PnP ACPI init
[    0.261180] ACPI: bus type pnp registered
[    0.264836] pnp: PnP ACPI: found 11 devices
[    0.264939] ACPI: ACPI bus type pnp unregistered
[    0.265034] system 00:00: iomem range 0x0-0x9ffff could not be reserved
[    0.265124] system 00:00: iomem range 0xc0000-0xc3fff could not be reserved
[    0.265218] system 00:00: iomem range 0xc4000-0xc7fff could not be reserved
[    0.265312] system 00:00: iomem range 0xc8000-0xcbfff has been reserved
[    0.265405] system 00:00: iomem range 0xcc000-0xcffff has been reserved
[    0.265493] system 00:00: iomem range 0xd0000-0xd3fff could not be reserved
[    0.265588] system 00:00: iomem range 0xe0000-0xe3fff could not be reserved
[    0.265683] system 00:00: iomem range 0xe4000-0xe7fff could not be reserved
[    0.265779] system 00:00: iomem range 0xe8000-0xebfff could not be reserved
[    0.265874] system 00:00: iomem range 0xec000-0xeffff could not be reserved
[    0.265966] system 00:00: iomem range 0xf0000-0xfffff could not be reserved
[    0.266058] system 00:00: iomem range 0x100000-0x3dffffff could not be reserved
[    0.266183] system 00:00: iomem range 0xfec00000-0xfed3ffff could not be reserved
[    0.266306] system 00:00: iomem range 0xfed4c000-0xffffffff could not be reserved
[    0.266431] system 00:02: ioport range 0x164e-0x164f has been reserved
[    0.266524] system 00:02: ioport range 0x1000-0x107f has been reserved
[    0.266612] system 00:02: ioport range 0x1180-0x11bf has been reserved
[    0.266706] system 00:02: ioport range 0x800-0x80f has been reserved
[    0.266801] system 00:02: ioport range 0x15e0-0x15ef has been reserved
[    0.266894] system 00:02: ioport range 0x1600-0x165f could not be reserved
[    0.266986] system 00:02: iomem range 0xf0000000-0xf3ffffff has been reserved
[    0.267080] system 00:02: iomem range 0xfed1c000-0xfed1ffff has been reserved
[    0.267177] system 00:02: iomem range 0xfed14000-0xfed17fff has been reserved
[    0.267269] system 00:02: iomem range 0xfed18000-0xfed18fff has been reserved
[    0.267362] system 00:02: iomem range 0xfed19000-0xfed19fff has been reserved
[    0.267454] system 00:02: iomem range 0xfed45000-0xfed4bfff has been reserved
[    0.302496] pci 0000:00:1c.0: PCI bridge, secondary bus 0000:02
[    0.302591] pci 0000:00:1c.0:   IO window: 0x2000-0x2fff
[    0.302689] pci 0000:00:1c.0:   MEM window: 0xfc000000-0xfdffffff
[    0.302783] pci 0000:00:1c.0:   PREFETCH window: 0x000000f8000000-0x000000f80fffff
[    0.302913] pci 0000:00:1c.1: PCI bridge, secondary bus 0000:03
[    0.303013] pci 0000:00:1c.1:   IO window: 0x3000-0x3fff
[    0.303107] pci 0000:00:1c.1:   MEM window: 0xdc000000-0xdf3fffff
[    0.303202] pci 0000:00:1c.1:   PREFETCH window: 0x000000dfe00000-0x000000dfefffff
[    0.303329] pci 0000:00:1c.2: PCI bridge, secondary bus 0000:04
[    0.303422] pci 0000:00:1c.2:   IO window: 0x4000-0x4fff
[    0.303519] pci 0000:00:1c.2:   MEM window: 0xd8000000-0xd9ffffff
[    0.303614] pci 0000:00:1c.2:   PREFETCH window: 0x000000dfb00000-0x000000dfbfffff
[    0.303746] pci 0000:00:1c.3: PCI bridge, secondary bus 0000:05
[    0.303840] pci 0000:00:1c.3:   IO window: 0x5000-0x5fff
[    0.303938] pci 0000:00:1c.3:   MEM window: 0xd4000000-0xd5ffffff
[    0.304035] pci 0000:00:1c.3:   PREFETCH window: 0x000000df800000-0x000000df8fffff
[    0.304161] pci 0000:00:1c.4: PCI bridge, secondary bus 0000:0d
[    0.304253] pci 0000:00:1c.4:   IO window: 0x6000-0x6fff
[    0.304344] pci 0000:00:1c.4:   MEM window: 0xd0000000-0xd1ffffff
[    0.304437] pci 0000:00:1c.4:   PREFETCH window: 0x000000df500000-0x000000df5fffff
[    0.304566] pci 0000:15:00.0: CardBus bridge, secondary bus 0000:16
[    0.304658] pci 0000:15:00.0:   IO window: 0x007000-0x0070ff
[    0.304752] pci 0000:15:00.0:   IO window: 0x007400-0x0074ff
[    0.304846] pci 0000:15:00.0:   PREFETCH window: 0xf4000000-0xf7ffffff
[    0.304943] pci 0000:15:00.0:   MEM window: 0x40000000-0x43ffffff
[    0.305037] pci 0000:00:1e.0: PCI bridge, secondary bus 0000:15
[    0.305126] pci 0000:00:1e.0:   IO window: 0x7000-0xafff
[    0.305223] pci 0000:00:1e.0:   MEM window: 0xf8300000-0xfbffffff
[    0.305320] pci 0000:00:1e.0:   PREFETCH window: 0x000000f4000000-0x000000f7ffffff
[    0.305464] pci 0000:00:1c.0: PCI INT A -> GSI 20 (level, low) -> IRQ 20
[    0.305560] pci 0000:00:1c.0: setting latency timer to 64
[    0.305574] pci 0000:00:1c.1: PCI INT B -> GSI 21 (level, low) -> IRQ 21
[    0.305668] pci 0000:00:1c.1: setting latency timer to 64
[    0.305677] pci 0000:00:1c.2: PCI INT C -> GSI 22 (level, low) -> IRQ 22
[    0.305772] pci 0000:00:1c.2: setting latency timer to 64
[    0.305785] pci 0000:00:1c.3: PCI INT D -> GSI 23 (level, low) -> IRQ 23
[    0.305887] pci 0000:00:1c.3: setting latency timer to 64
[    0.305900] pci 0000:00:1c.4: PCI INT A -> GSI 20 (level, low) -> IRQ 20
[    0.305995] pci 0000:00:1c.4: setting latency timer to 64
[    0.305999] pci 0000:00:1e.0: enabling device (0005 -> 0007)
[    0.306098] pci 0000:00:1e.0: setting latency timer to 64
[    0.306111] pci 0000:15:00.0: PCI INT A -> GSI 16 (level, low) -> IRQ 16
[    0.306208] pci 0000:15:00.0: setting latency timer to 64
[    0.306214] pci_bus 0000:00: resource 0 io:  [0x00-0xffff]
[    0.306216] pci_bus 0000:00: resource 1 mem: [0x000000-0xffffffff]
[    0.306218] pci_bus 0000:02: resource 0 io:  [0x2000-0x2fff]
[    0.306220] pci_bus 0000:02: resource 1 mem: [0xfc000000-0xfdffffff]
[    0.306222] pci_bus 0000:02: resource 2 pref mem [0xf8000000-0xf80fffff]
[    0.306224] pci_bus 0000:03: resource 0 io:  [0x3000-0x3fff]
[    0.306226] pci_bus 0000:03: resource 1 mem: [0xdc000000-0xdf3fffff]
[    0.306227] pci_bus 0000:03: resource 2 pref mem [0xdfe00000-0xdfefffff]
[    0.306229] pci_bus 0000:04: resource 0 io:  [0x4000-0x4fff]
[    0.306231] pci_bus 0000:04: resource 1 mem: [0xd8000000-0xd9ffffff]
[    0.306233] pci_bus 0000:04: resource 2 pref mem [0xdfb00000-0xdfbfffff]
[    0.306235] pci_bus 0000:05: resource 0 io:  [0x5000-0x5fff]
[    0.306236] pci_bus 0000:05: resource 1 mem: [0xd4000000-0xd5ffffff]
[    0.306238] pci_bus 0000:05: resource 2 pref mem [0xdf800000-0xdf8fffff]
[    0.306240] pci_bus 0000:0d: resource 0 io:  [0x6000-0x6fff]
[    0.306242] pci_bus 0000:0d: resource 1 mem: [0xd0000000-0xd1ffffff]
[    0.306244] pci_bus 0000:0d: resource 2 pref mem [0xdf500000-0xdf5fffff]
[    0.306246] pci_bus 0000:15: resource 0 io:  [0x7000-0xafff]
[    0.306247] pci_bus 0000:15: resource 1 mem: [0xf8300000-0xfbffffff]
[    0.306249] pci_bus 0000:15: resource 2 pref mem [0xf4000000-0xf7ffffff]
[    0.306251] pci_bus 0000:15: resource 3 io:  [0x00-0xffff]
[    0.306253] pci_bus 0000:15: resource 4 mem: [0x000000-0xffffffff]
[    0.306255] pci_bus 0000:16: resource 0 io:  [0x7000-0x70ff]
[    0.306256] pci_bus 0000:16: resource 1 io:  [0x7400-0x74ff]
[    0.306258] pci_bus 0000:16: resource 2 pref mem [0xf4000000-0xf7ffffff]
[    0.306260] pci_bus 0000:16: resource 3 mem: [0x40000000-0x43ffffff]
[    0.306267] NET: Registered protocol family 2
[    0.306360] RANDOM - __random32 called. Change num 7.  Value: 7ba3d01e	3ca905be	d2026a24
[    0.306362] RANDOM - random32 called.  Value: 7ba3d01e	3ca905be	d2026a24
[    0.306366] random 0000 0000 0000 5f8db4e5 4cfdf2a8: rand_read_num 3 get_random_bytes(4): sig fffffb64 5f8db4e5 4cfdf2a8
[    0.306368] random 0000 0000 0000 5f8db4e5 4cfdf2a8: extract_entropy(.. 4 ..)
[    0.306371] random 0000 0000 0000 5f8db4e5 4cfdf2a8: going to reseed nonblocking with 64 bits (32 of 0 requested)
[    0.306373] random 0000 0000 0000 5f8db4e5 4cfdf2a8: extract_entropy(.. 8 ..)
[    0.306375] random 0000 0000 0000 5f8db4e5 4cfdf2a8: trying to extract 64 bits from input
[    0.306377] random 0000 0000 0000 5f8db4e5 4cfdf2a8: debiting 0 entropy credits from input
[    0.306379] random 0000 0000 0000 5f8db4e5 4cfdf2a8: extract_entropy account returned: 0 
[    0.306383] random 0000 0000 0000 5f8db4e5 4cfdf2a8: urand_change_num 5 xfer_secondary_pool(4): pool_sig fffffb64, data_sig 00000000, bytes_mixed 0 5f8db4e5 4cfdf2a8
[    0.306385] random 0000 0000 0000 5f8db4e5 4cfdf2a8: trying to extract 32 bits from nonblocking
[    0.306388] random 0000 0000 0000 5f8db4e5 4cfdf2a8: debiting 32 entropy credits from nonblocking (unlimited)
[    0.306390] random 0000 0000 0000 5f8db4e5 4cfdf2a8: extract_entropy account returned: 4 
[    0.306394] random 0000 0000 0000 5f8db4e5 4cfdf2a8: urand_change_num 6 extract_buf: pool_sig fffffb64, data_sig 00000241, bytes_mixed 20 5f8db4e5 4cfdf2a8
[    0.306404] IP route cache hash table entries: 32768 (order: 5, 131072 bytes)
[    0.306534] RANDOM - __random32 called. Change num 8.  Value: 3d01e034	ca905be7	d4484227
[    0.306536] RANDOM - random32 called.  Value: 3d01e034	ca905be7	d4484227
[    0.306546] RANDOM - __random32 called. Change num 9.  Value: 1e034020	a905be70	844ec14a
[    0.306548] RANDOM - random32 called.  Value: 1e034020	a905be70	844ec14a
[    0.306549] RANDOM - __random32 called. Change num 10.  Value: 34020ec0	905be706	8294c719
[    0.306551] RANDOM - random32 called.  Value: 34020ec0	905be706	8294c719
[    0.306562] RANDOM - __random32 called. Change num 11.  Value: 20ec0ebb	5be7068	8e32c65f
[    0.306563] RANDOM - random32 called.  Value: 20ec0ebb	5be7068	8e32c65f
[    0.306573] TCP established hash table entries: 131072 (order: 8, 1048576 bytes)
[    0.307071] TCP bind hash table entries: 65536 (order: 6, 262144 bytes)
[    0.307259] TCP: Hash tables configured (established 131072 bind 65536)
[    0.307352] TCP reno registered
[    0.307457] NET: Registered protocol family 1
[    0.307572] RPC: Registered udp transport module.
[    0.307662] RPC: Registered tcp transport module.
[    0.307750] RPC: Registered tcp NFSv4.1 backchannel transport module.
[    0.307843] pci 0000:00:02.0: Boot video device
[    0.308088] Simple Boot Flag at 0x35 set to 0x1
[    0.308608] highmem bounce pool size: 64 pages
[    0.310188] VFS: Disk quotas dquot_6.5.2
[    0.310310] Dquot-cache hash table entries: 1024 (order 0, 4096 bytes)
[    0.310988] NTFS driver 2.1.29 [Flags: R/W].
[    0.311149] ROMFS MTD (C) 2007 Red Hat, Inc.
[    0.311357] JFS: nTxBlock = 7695, nTxLock = 61562
[    0.313816] SGI XFS with ACLs, security attributes, large block/inode numbers, no debug enabled
[    0.314326] SGI XFS Quota Management subsystem
[    0.314617] Slow work thread pool: Starting up
[    0.314722] Slow work thread pool: Ready
[    0.314819] GFS2 (built May 24 2013 02:47:17) installed
[    0.314930] msgmni has been set to 1734
[    0.315099] alg: No test for cipher_null (cipher_null-generic)
[    0.315197] alg: No test for ecb(cipher_null) (ecb-cipher_null)
[    0.315299] alg: No test for digest_null (digest_null-generic)
[    0.315398] alg: No test for compress_null (compress_null-generic)
[    0.315962] alg: No test for fcrypt (fcrypt-generic)
[    0.317377] alg: No test for stdrng (krng)
[    0.317472] async_tx: api initialized (async)
[    0.317627] Block layer SCSI generic (bsg) driver version 0.4 loaded (major 254)
[    0.317750] io scheduler noop registered
[    0.317837] io scheduler anticipatory registered
[    0.317936] io scheduler deadline registered
[    0.318069] io scheduler cfq registered (default)
[    0.318306] pcieport 0000:00:1c.0: irq 24 for MSI/MSI-X
[    0.318324] pcieport 0000:00:1c.0: setting latency timer to 64
[    0.318517] pcieport 0000:00:1c.1: irq 25 for MSI/MSI-X
[    0.318528] pcieport 0000:00:1c.1: setting latency timer to 64
[    0.318710] pcieport 0000:00:1c.2: irq 26 for MSI/MSI-X
[    0.318722] pcieport 0000:00:1c.2: setting latency timer to 64
[    0.318913] pcieport 0000:00:1c.3: irq 27 for MSI/MSI-X
[    0.318924] pcieport 0000:00:1c.3: setting latency timer to 64
[    0.319100] pcieport 0000:00:1c.4: irq 28 for MSI/MSI-X
[    0.319111] pcieport 0000:00:1c.4: setting latency timer to 64
[    0.319255] pci_hotplug: PCI Hot Plug PCI Core version: 0.5
[    0.319449] isapnp: Scanning for PnP cards...
[    0.679987] isapnp: No Plug & Play device found
[    0.680075] random 0000 0000 0000 5f8db4e5 4cfdf2a8: initializing
[    0.680077] RANDOM init_std_data for input now value: 1369921013680077534
[    0.680079] RANDOM init_std_data for blocking now value: 1369921013680079529
[    0.680081] RANDOM init_std_data for nonblocking now value: 1369921013680081238
[    0.699685] Serial: 8250/16550 driver, 4 ports, IRQ sharing enabled
[    3.711149] floppy0: no floppy controllers found
[    3.712097] brd: module loaded
[    3.712602] loop: module loaded
[    3.712689] Compaq SMART2 Driver (v 2.6.0)
[    3.712813] HP CISS Driver (v 3.6.20)
[    3.713056] input: Macintosh mouse button emulation as /devices/virtual/input/input0
[    3.713198] Uniform Multi-Platform E-IDE driver
[    3.713423] piix 0000:00:1f.1: IDE controller (0x8086:0x2850 rev 0x03)
[    3.713526] pci 0000:00:1f.1: PCI INT C -> GSI 16 (level, low) -> IRQ 16
[    3.713630] piix 0000:00:1f.1: IDE port disabled
[    3.713725] piix 0000:00:1f.1: not 100% native mode: will probe irqs later
[    3.713824]     ide0: BM-DMA at 0x1c00-0x1c07
[    3.713918] Probing IDE interface ide0...
[    4.385423] hda: HL-DT-ST DVDRAM GSA-U10N, ATAPI CD/DVD-ROM drive
[    4.692260] hda: host max PIO4 wanted PIO255(auto-tune) selected PIO4
[    4.693030] hda: UDMA/33 mode selected
[    4.693497] ide0 at 0x1f0-0x1f7,0x3f6 on irq 14
[    4.697397] ide-gd driver 1.18
[    4.697503] ide-cd driver 5.00
[    4.698895] random 0000 0000 0000 00000000 00000000: add_disk_randomness(0:0) 00000000 00000000
[    4.698899] random 0000 0000 0000 00000000 00000000: add_timer_randomness(.. 256) with jiffies: 5290237262888140410, cycles: 5290237258593468427
[    4.698902] random 0000 0000 0000 00000000 00000000: added 11 entropy credits to input
[    4.698906] ide-cd: hda: ATAPI 24X DVD-ROM DVD-R/RAM CD-R/RW drive, 2048kB Cache
[    4.699342] Uniform CD-ROM driver Revision: 3.20
[    4.702145] random 0011 0000 0000 00000000 00000000: add_disk_randomness(0:0) 00000000 00000000
[    4.702148] random 0011 0000 0000 00000000 00000000: add_timer_randomness(.. 256) with jiffies: 5319470910543724157, cycles: 5319470906249052171
[    4.702150] random 0011 0000 0000 00000000 00000000: added 1 entropy credits to input
[    4.702153] random 0012 0000 0000 00000000 00000000: add_disk_randomness(0:0) 00000000 00000000
[    4.702156] random 0012 0000 0000 00000000 00000000: add_timer_randomness(.. 256) with jiffies: 5319546583572512381, cycles: 5319546579277840395
[    4.704144] random 0012 0000 0000 00000000 00000000: add_disk_randomness(0:0) 00000000 00000000
[    4.704147] random 0012 0000 0000 00000000 00000000: add_timer_randomness(.. 256) with jiffies: 5337457323046305407, cycles: 5337457318751633419
[    4.704150] random 0012 0000 0000 00000000 00000000: added 1 entropy credits to input
[    4.704153] random 0013 0000 0000 00000000 00000000: add_disk_randomness(0:0) 00000000 00000000
[    4.704155] random 0013 0000 0000 00000000 00000000: add_timer_randomness(.. 256) with jiffies: 5337532725492153983, cycles: 5337532721197481995
[    4.706140] random 0013 0000 0000 00000000 00000000: add_disk_randomness(0:0) 00000000 00000000
[    4.706143] random 0013 0000 0000 00000000 00000000: add_timer_randomness(.. 256) with jiffies: 5355410458142277249, cycles: 5355410453847605259
[    4.706145] random 0013 0000 0000 00000000 00000000: added 1 entropy credits to input
[    4.706148] random 0014 0000 0000 00000000 00000000: add_disk_randomness(0:0) 00000000 00000000
[    4.706151] random 0014 0000 0000 00000000 00000000: add_timer_randomness(.. 256) with jiffies: 5355484056701861505, cycles: 5355484052407189515
[    4.706433] Loading iSCSI transport class v2.0-870.
[    4.706718] rdac: device handler registered
[    4.706808] hp_sw: device handler registered
[    4.706897] emc: device handler registered
[    4.706984] alua: device handler registered
[    4.707977] Adaptec aacraid driver 1.1-5[2461]-ms
[    4.708410] scsi: <fdomain> Detection failed (no card)
[    4.708509] sym53c416.c: Version 1.0.0-ac
[    4.708617] qlogicfas: no cards were found, please specify I/O address and IRQ using iobase= and irq= options
[    4.708743] QLogic Fibre Channel HBA Driver: 8.03.01-k6
[    4.708968] iscsi: registered transport (qla4xxx)
[    4.709079] QLogic iSCSI HBA Driver
[    4.709168] Emulex LightPulse Fibre Channel SCSI driver 8.3.4
[    4.709262] Copyright(c) 2004-2009 Emulex.  All rights reserved.
[    4.731250] Failed initialization of WD-7000 SCSI card!
[    4.821128] DC390: clustering now enabled by default. If you get problems load
[    4.821250]        with "disable_clustering=1" and report to maintainers
[    4.821382] megaraid cmm: 2.20.2.7 (Release Date: Sun Jul 16 00:01:03 EST 2006)
[    4.821537] megaraid: 2.20.5.1 (Release Date: Thu Nov 16 15:32:35 EST 2006)
[    4.821649] megasas: 00.00.04.01 Thu July 24 11:41:51 PST 2008
[    4.821782] GDT-HA: Storage RAID Controller Driver. Version: 3.05
[    4.821935] 3ware Storage Controller device driver for Linux v1.26.02.002.
[    4.822046] 3ware 9000 Storage Controller device driver for Linux v2.26.02.012.
[    4.822188] nsp32: loading...
[    4.822299] ipr: IBM Power RAID SCSI Device Driver version: 2.4.3 (June 10, 2009)
[    4.822441] RocketRAID 3xxx/4xxx Controller driver v1.6 (090910)
[    4.822554] stex: Promise SuperTrak EX Driver version: 4.6.0000.3
[    4.822686] st: Version 20081215, fixed bufsize 32768, s/g segs 256
[    4.822876] ahci 0000:00:1f.2: version 3.0
[    4.822894] ahci 0000:00:1f.2: PCI INT B -> GSI 16 (level, low) -> IRQ 16
[    4.823022] ahci 0000:00:1f.2: irq 29 for MSI/MSI-X
[    4.823081] ahci 0000:00:1f.2: AHCI 0001.0100 32 slots 3 ports 1.5 Gbps 0x5 impl SATA mode
[    4.823207] ahci 0000:00:1f.2: flags: 64bit ncq sntf pm led clo pio slum part ccc 
[    4.823349] ahci 0000:00:1f.2: setting latency timer to 64
[    4.823491] scsi2 : ahci
[    4.823651] scsi3 : ahci
[    4.823788] scsi4 : ahci
[    4.823957] ata1: SATA max UDMA/133 abar m2048@0xfe226000 port 0xfe226100 irq 29
[    4.824079] ata2: DUMMY
[    4.824163] ata3: SATA max UDMA/133 abar m2048@0xfe226000 port 0xfe226200 irq 29
[    4.824776] I2O subsystem v1.325
[    4.824867] i2o: max drivers = 8
[    4.825013] I2O Configuration OSM v1.323
[    4.825115] I2O Bus Adapter OSM v1.317
[    4.825215] I2O Block Device OSM v1.325
[    4.825377] I2O SCSI Peripheral OSM v1.316
[    4.825479] I2O ProcFS OSM v1.316
[    4.825583] Fusion MPT base driver 3.04.12
[    4.825670] Copyright (c) 1999-2008 LSI Corporation
[    4.825761] Fusion MPT SPI Host driver 3.04.12
[    4.825871] Fusion MPT FC Host driver 3.04.12
[    4.825982] Fusion MPT SAS Host driver 3.04.12
[    4.826134] ohci1394 0000:15:00.1: PCI INT B -> GSI 17 (level, low) -> IRQ 17
[    4.826253] ohci1394 0000:15:00.1: setting latency timer to 64
[    4.880281] ohci1394: fw-host0: OHCI-1394 1.1 (PCI): IRQ=[17]  MMIO=[f8301000-f83017ff]  Max Packet=[2048]  IR/IT contexts=[4/4]
[    4.883546] ehci_hcd: USB 2.0 'Enhanced' Host Controller (EHCI) Driver
[    4.883826] ehci_hcd 0000:00:1a.7: power state changed by ACPI to D0
[    4.884065] ehci_hcd 0000:00:1a.7: power state changed by ACPI to D0
[    4.884165] ehci_hcd 0000:00:1a.7: PCI INT C -> GSI 22 (level, low) -> IRQ 22
[    4.884271] ehci_hcd 0000:00:1a.7: setting latency timer to 64
[    4.884277] ehci_hcd 0000:00:1a.7: EHCI Host Controller
[    4.884409] ehci_hcd 0000:00:1a.7: new USB bus registered, assigned bus number 1
[    4.888456] ehci_hcd 0000:00:1a.7: cache line size of 32 is not supported
[    4.888463] ehci_hcd 0000:00:1a.7: irq 22, io mem 0xfe226c00
[    4.898246] ehci_hcd 0000:00:1a.7: USB 2.0 started, EHCI 1.00
[    4.898351] usb usb1: New USB device found, idVendor=1d6b, idProduct=0002
[    4.898444] usb usb1: New USB device strings: Mfr=3, Product=2, SerialNumber=1
[    4.898569] usb usb1: Product: EHCI Host Controller
[    4.898657] usb usb1: Manufacturer: Linux 2.6.32.57 ehci_hcd
[    4.898748] usb usb1: SerialNumber: 0000:00:1a.7
[    4.898888] usb usb1: configuration #1 chosen from 1 choice
[    4.899007] hub 1-0:1.0: USB hub found
[    4.899101] hub 1-0:1.0: 4 ports detected
[    4.899410] ehci_hcd 0000:00:1d.7: power state changed by ACPI to D0
[    4.899654] ehci_hcd 0000:00:1d.7: power state changed by ACPI to D0
[    4.899753] ehci_hcd 0000:00:1d.7: PCI INT D -> GSI 19 (level, low) -> IRQ 19
[    4.899856] ehci_hcd 0000:00:1d.7: setting latency timer to 64
[    4.899861] ehci_hcd 0000:00:1d.7: EHCI Host Controller
[    4.899990] ehci_hcd 0000:00:1d.7: new USB bus registered, assigned bus number 2
[    4.900148] ehci_hcd 0000:00:1d.7: debug port 1
[    4.904144] ehci_hcd 0000:00:1d.7: cache line size of 32 is not supported
[    4.904151] ehci_hcd 0000:00:1d.7: irq 19, io mem 0xfe227000
[    4.914248] ehci_hcd 0000:00:1d.7: USB 2.0 started, EHCI 1.00
[    4.914357] usb usb2: New USB device found, idVendor=1d6b, idProduct=0002
[    4.914445] usb usb2: New USB device strings: Mfr=3, Product=2, SerialNumber=1
[    4.914566] usb usb2: Product: EHCI Host Controller
[    4.914655] usb usb2: Manufacturer: Linux 2.6.32.57 ehci_hcd
[    4.914743] usb usb2: SerialNumber: 0000:00:1d.7
[    4.914882] usb usb2: configuration #1 chosen from 1 choice
[    4.915004] hub 2-0:1.0: USB hub found
[    4.915096] hub 2-0:1.0: 6 ports detected
[    4.915278] 116x: driver isp116x-hcd, 03 Nov 2005
[    4.915389] ohci_hcd: USB 1.1 'Open' Host Controller (OHCI) Driver
[    4.915503] uhci_hcd: USB Universal Host Controller Interface driver
[    4.915612] uhci_hcd 0000:00:1a.0: PCI INT A -> GSI 20 (level, low) -> IRQ 20
[    4.915710] uhci_hcd 0000:00:1a.0: setting latency timer to 64
[    4.915715] uhci_hcd 0000:00:1a.0: UHCI Host Controller
[    4.915846] uhci_hcd 0000:00:1a.0: new USB bus registered, assigned bus number 3
[    4.915999] uhci_hcd 0000:00:1a.0: irq 20, io base 0x00001860
[    4.916116] usb usb3: New USB device found, idVendor=1d6b, idProduct=0001
[    4.916206] usb usb3: New USB device strings: Mfr=3, Product=2, SerialNumber=1
[    4.916335] usb usb3: Product: UHCI Host Controller
[    4.916426] usb usb3: Manufacturer: Linux 2.6.32.57 uhci_hcd
[    4.916517] usb usb3: SerialNumber: 0000:00:1a.0
[    4.916651] usb usb3: configuration #1 chosen from 1 choice
[    4.916773] hub 3-0:1.0: USB hub found
[    4.916866] hub 3-0:1.0: 2 ports detected
[    4.917160] uhci_hcd 0000:00:1a.1: power state changed by ACPI to D0
[    4.917404] uhci_hcd 0000:00:1a.1: power state changed by ACPI to D0
[    4.917500] uhci_hcd 0000:00:1a.1: PCI INT B -> GSI 21 (level, low) -> IRQ 21
[    4.917599] uhci_hcd 0000:00:1a.1: setting latency timer to 64
[    4.917602] uhci_hcd 0000:00:1a.1: UHCI Host Controller
[    4.917729] uhci_hcd 0000:00:1a.1: new USB bus registered, assigned bus number 4
[    4.917880] uhci_hcd 0000:00:1a.1: irq 21, io base 0x00001880
[    4.917997] usb usb4: New USB device found, idVendor=1d6b, idProduct=0001
[    4.918089] usb usb4: New USB device strings: Mfr=3, Product=2, SerialNumber=1
[    4.918210] usb usb4: Product: UHCI Host Controller
[    4.918306] usb usb4: Manufacturer: Linux 2.6.32.57 uhci_hcd
[    4.918395] usb usb4: SerialNumber: 0000:00:1a.1
[    4.918532] usb usb4: configuration #1 chosen from 1 choice
[    4.918652] hub 4-0:1.0: USB hub found
[    4.918742] hub 4-0:1.0: 2 ports detected
[    4.919051] uhci_hcd 0000:00:1d.0: power state changed by ACPI to D0
[    4.919315] uhci_hcd 0000:00:1d.0: power state changed by ACPI to D0
[    4.919409] uhci_hcd 0000:00:1d.0: PCI INT A -> GSI 16 (level, low) -> IRQ 16
[    4.919509] uhci_hcd 0000:00:1d.0: setting latency timer to 64
[    4.919512] uhci_hcd 0000:00:1d.0: UHCI Host Controller
[    4.919644] uhci_hcd 0000:00:1d.0: new USB bus registered, assigned bus number 5
[    4.919796] uhci_hcd 0000:00:1d.0: irq 16, io base 0x000018a0
[    4.919909] usb usb5: New USB device found, idVendor=1d6b, idProduct=0001
[    4.920001] usb usb5: New USB device strings: Mfr=3, Product=2, SerialNumber=1
[    4.920116] usb usb5: Product: UHCI Host Controller
[    4.920206] usb usb5: Manufacturer: Linux 2.6.32.57 uhci_hcd
[    4.920303] usb usb5: SerialNumber: 0000:00:1d.0
[    4.920440] usb usb5: configuration #1 chosen from 1 choice
[    4.920557] hub 5-0:1.0: USB hub found
[    4.920648] hub 5-0:1.0: 2 ports detected
[    4.920794] uhci_hcd 0000:00:1d.1: PCI INT B -> GSI 17 (level, low) -> IRQ 17
[    4.920892] uhci_hcd 0000:00:1d.1: setting latency timer to 64
[    4.920897] uhci_hcd 0000:00:1d.1: UHCI Host Controller
[    4.921026] uhci_hcd 0000:00:1d.1: new USB bus registered, assigned bus number 6
[    4.921172] uhci_hcd 0000:00:1d.1: irq 17, io base 0x000018c0
[    4.921292] usb usb6: New USB device found, idVendor=1d6b, idProduct=0001
[    4.921388] usb usb6: New USB device strings: Mfr=3, Product=2, SerialNumber=1
[    4.921510] usb usb6: Product: UHCI Host Controller
[    4.921601] usb usb6: Manufacturer: Linux 2.6.32.57 uhci_hcd
[    4.921694] usb usb6: SerialNumber: 0000:00:1d.1
[    4.921828] usb usb6: configuration #1 chosen from 1 choice
[    4.921945] hub 6-0:1.0: USB hub found
[    4.922037] hub 6-0:1.0: 2 ports detected
[    4.922326] uhci_hcd 0000:00:1d.2: power state changed by ACPI to D0
[    4.922570] uhci_hcd 0000:00:1d.2: power state changed by ACPI to D0
[    4.922666] uhci_hcd 0000:00:1d.2: PCI INT C -> GSI 18 (level, low) -> IRQ 18
[    4.922763] uhci_hcd 0000:00:1d.2: setting latency timer to 64
[    4.922766] uhci_hcd 0000:00:1d.2: UHCI Host Controller
[    4.922899] uhci_hcd 0000:00:1d.2: new USB bus registered, assigned bus number 7
[    4.923048] uhci_hcd 0000:00:1d.2: irq 18, io base 0x000018e0
[    4.923160] usb usb7: New USB device found, idVendor=1d6b, idProduct=0001
[    4.923257] usb usb7: New USB device strings: Mfr=3, Product=2, SerialNumber=1
[    4.923378] usb usb7: Product: UHCI Host Controller
[    4.923468] usb usb7: Manufacturer: Linux 2.6.32.57 uhci_hcd
[    4.923558] usb usb7: SerialNumber: 0000:00:1d.2
[    4.924348] usb usb7: configuration #1 chosen from 1 choice
[    4.924470] hub 7-0:1.0: USB hub found
[    4.924558] hub 7-0:1.0: 2 ports detected
[    4.924715] sl811: driver sl811-hcd, 19 May 2005
[    4.924820] r8a66597_hcd: driver r8a66597_hcd, 2009-05-26
[    4.924992] Initializing USB Mass Storage driver...
[    4.925120] usbcore: registered new interface driver usb-storage
[    4.925209] USB Mass Storage support registered.
[    4.925324] usbcore: registered new interface driver ums-alauda
[    4.925433] usbcore: registered new interface driver ums-cypress
[    4.925542] usbcore: registered new interface driver ums-datafab
[    4.925649] usbcore: registered new interface driver ums-freecom
[    4.925760] usbcore: registered new interface driver ums-isd200
[    4.925869] usbcore: registered new interface driver ums-jumpshot
[    4.925983] usbcore: registered new interface driver ums-karma
[    4.926092] usbcore: registered new interface driver ums-onetouch
[    4.926200] usbcore: registered new interface driver ums-sddr09
[    4.926323] usbcore: registered new interface driver ums-sddr55
[    4.926432] usbcore: registered new interface driver ums-usbat
[    4.926575] PNP: PS/2 Controller [PNP0303:KBD,PNP0f13:MOU] at 0x60,0x64 irq 1,12
[    4.935002] serio: i8042 KBD port at 0x60,0x64 irq 1
[    4.935090] serio: i8042 AUX port at 0x60,0x64 irq 12
[    4.935342] mice: PS/2 mouse device common for all mice
[    4.935453] i2c /dev entries driver
[    4.935584] md: linear personality registered for level -1
[    4.935674] md: raid0 personality registered for level 0
[    4.935763] md: raid1 personality registered for level 1
[    4.935851] md: raid10 personality registered for level 10
[    4.935946] md: raid6 personality registered for level 6
[    4.936035] md: raid5 personality registered for level 5
[    4.936123] md: raid4 personality registered for level 4
[    4.936213] md: multipath personality registered for level -4
[    4.936414] device-mapper: ioctl: 4.15.0-ioctl (2009-04-01) initialised: dm-devel@redhat.com
[    4.936616] cpuidle: using governor ladder
[    4.937215] usbcore: registered new interface driver usbhid
[    4.937321] usbhid: v2.6:USB HID core driver
[    4.937470] random 0014 0000 0000 00000000 00000000: rand_read_num 4 get_random_bytes(136): sig 00000000 00000000 00000000
[    4.937473] random 0014 0000 0000 00000000 00000000: extract_entropy(.. 136 ..)
[    4.937476] random 0014 0000 0000 00000000 00000000: going to reseed nonblocking with 1024 bits (1088 of 0 requested)
[    4.937478] random 0014 0000 0000 00000000 00000000: extract_entropy(.. 128 ..)
[    4.937480] random 0014 0000 0000 00000000 00000000: trying to extract 1024 bits from input
[    4.937483] random 0014 0000 0000 00000000 00000000: debiting 0 entropy credits from input
[    4.937484] random 0014 0000 0000 00000000 00000000: extract_entropy account returned: 0 
[    4.937487] random 0014 0000 0000 00000000 00000000: urand_change_num 7 xfer_secondary_pool(136): pool_sig 00000000, data_sig 00000000, bytes_mixed 0 00000000 00000000
[    4.937491] random 0014 0000 0000 00000000 00000000: trying to extract 1088 bits from nonblocking
[    4.937493] random 0014 0000 0000 00000000 00000000: debiting 1088 entropy credits from nonblocking (unlimited)
[    4.937495] random 0014 0000 0000 00000000 00000000: extract_entropy account returned: 136 
[    4.937500] random 0014 0000 0000 00000000 00000000: urand_change_num 8 extract_buf: pool_sig 00000000, data_sig fffffff9, bytes_mixed 20 00000000 00000000
[    4.937505] random 0014 0000 0000 b7c35b56 be4dc95d: urand_change_num 9 extract_buf: pool_sig fffffd1e, data_sig 000000c5, bytes_mixed 20 b7c35b56 be4dc95d
[    4.937510] random 0014 0000 0000 ed9f5c47 c48487fb: urand_change_num 10 extract_buf: pool_sig fffff8ec, data_sig ffffff68, bytes_mixed 20 ed9f5c47 c48487fb
[    4.937516] random 0014 0000 0000 ed9f5c47 c48487fb: urand_change_num 11 extract_buf: pool_sig fffffaed, data_sig 000001aa, bytes_mixed 20 ed9f5c47 c48487fb
[    4.937521] random 0014 0000 0000 1b4f7c0a 91bd6a48: urand_change_num 12 extract_buf: pool_sig fffffdd8, data_sig 00000064, bytes_mixed 20 1b4f7c0a 91bd6a48
[    4.937526] random 0014 0000 0000 a254b9bc 20e9a24f: urand_change_num 13 extract_buf: pool_sig fffffbe6, data_sig 000001dd, bytes_mixed 20 a254b9bc 20e9a24f
[    4.937532] random 0014 0000 0000 a254b9bc 20e9a24f: urand_change_num 14 extract_buf: pool_sig fffff940, data_sig fffffe20, bytes_mixed 20 a254b9bc 20e9a24f
[    4.937537] random 0014 0000 0000 2831a66b 5fa2a3ad: urand_change_num 15 extract_buf: pool_sig fffffbce, data_sig 0000007e, bytes_mixed 20 2831a66b 5fa2a3ad
[    4.937542] random 0014 0000 0000 2831a66b 5fa2a3ad: urand_change_num 16 extract_buf: pool_sig 000004df, data_sig fffffe8f, bytes_mixed 20 2831a66b 5fa2a3ad
[    4.937547] random 0014 0000 0000 d4512bfd c9a54e0b: urand_change_num 17 extract_buf: pool_sig 00000485, data_sig fffffe68, bytes_mixed 20 d4512bfd c9a54e0b
[    4.937553] random 0014 0000 0000 c7371be6 f9ffea11: urand_change_num 18 extract_buf: pool_sig 00000095, data_sig ffffffed, bytes_mixed 20 c7371be6 f9ffea11
[    4.937558] random 0014 0000 0000 c7371be6 f9ffea11: urand_change_num 19 extract_buf: pool_sig 000003a7, data_sig fffffefa, bytes_mixed 20 c7371be6 f9ffea11
[    4.937563] random 0014 0000 0000 8fb4b62c d1ddba54: urand_change_num 20 extract_buf: pool_sig 00000179, data_sig ffffff78, bytes_mixed 20 8fb4b62c d1ddba54
[    4.937568] random 0014 0000 0000 9ff19f9c c07a1d2a: urand_change_num 21 extract_buf: pool_sig fffffe88, data_sig 00000126, bytes_mixed 20 9ff19f9c c07a1d2a
[    4.937572] TCP cubic registered
[    4.937671] Initializing XFRM netlink socket
[    4.937767] NET: Registered protocol family 17
[    4.937865] Using IPI Shortcut mode
[    4.937954] random 0014 0000 0000 9ff19f9c c07a1d2a: rand_read_num 5 get_random_bytes(8): sig 0000031b 9ff19f9c c07a1d2a
[    4.937956] random 0014 0000 0000 9ff19f9c c07a1d2a: extract_entropy(.. 8 ..)
[    4.937959] random 0014 0000 0000 9ff19f9c c07a1d2a: going to reseed nonblocking with 64 bits (64 of 0 requested)
[    4.937961] random 0014 0000 0000 9ff19f9c c07a1d2a: extract_entropy(.. 8 ..)
[    4.937963] random 0014 0000 0000 9ff19f9c c07a1d2a: trying to extract 64 bits from input
[    4.937965] random 0014 0000 0000 9ff19f9c c07a1d2a: debiting 0 entropy credits from input
[    4.937967] random 0014 0000 0000 9ff19f9c c07a1d2a: extract_entropy account returned: 0 
[    4.937970] random 0014 0000 0000 9ff19f9c c07a1d2a: urand_change_num 22 xfer_secondary_pool(8): pool_sig 0000031b, data_sig 00000000, bytes_mixed 0 9ff19f9c c07a1d2a
[    4.937973] random 0014 0000 0000 9ff19f9c c07a1d2a: trying to extract 64 bits from nonblocking
[    4.937976] random 0014 0000 0000 9ff19f9c c07a1d2a: debiting 64 entropy credits from nonblocking (unlimited)
[    4.937978] random 0014 0000 0000 9ff19f9c c07a1d2a: extract_entropy account returned: 8 
[    4.937982] random 0014 0000 0000 9ff19f9c c07a1d2a: urand_change_num 23 extract_buf: pool_sig 0000031b, data_sig ffffffb3, bytes_mixed 20 9ff19f9c c07a1d2a
[    4.940687] input: AT Translated Set 2 keyboard as /devices/platform/i8042/serio0/input/input1
[    5.130278] ata1: SATA link up 1.5 Gbps (SStatus 113 SControl 300)
[    5.130388] ata3: SATA link down (SStatus 0 SControl 300)
[    5.132552] ata1.00: ACPI cmd ef/02:00:00:00:00:a0 (SET FEATURES) succeeded
[    5.132555] ata1.00: ACPI cmd f5/00:00:00:00:00:a0 (SECURITY FREEZE LOCK) filtered out
[    5.133941] ata1.00: ACPI cmd ef/5f:00:00:00:00:a0 (SET FEATURES) succeeded
[    5.133944] ata1.00: ACPI cmd ef/10:03:00:00:00:a0 (SET FEATURES) filtered out
[    5.135859] ata1.00: ATA-7: ST910021AS, 4.06, max UDMA/100
[    5.135950] ata1.00: 195371568 sectors, multi 16: LBA48 
[    5.138095] ata1.00: ACPI cmd ef/02:00:00:00:00:a0 (SET FEATURES) succeeded
[    5.138098] ata1.00: ACPI cmd f5/00:00:00:00:00:a0 (SECURITY FREEZE LOCK) filtered out
[    5.139492] ata1.00: ACPI cmd ef/5f:00:00:00:00:a0 (SET FEATURES) succeeded
[    5.139494] ata1.00: ACPI cmd ef/10:03:00:00:00:a0 (SET FEATURES) filtered out
[    5.141419] ata1.00: configured for UDMA/100
[    5.152331] scsi 2:0:0:0: Direct-Access     ATA      ST910021AS       4.06 PQ: 0 ANSI: 5
[    5.152616] sd 2:0:0:0: [sda] 195371568 512-byte logical blocks: (100 GB/93.1 GiB)
[    5.152763] sd 2:0:0:0: [sda] Write Protect is off
[    5.152851] sd 2:0:0:0: [sda] Mode Sense: 00 3a 00 00
[    5.152863] sd 2:0:0:0: [sda] Write cache: enabled, read cache: enabled, doesn't support DPO or FUA
[    5.153054]  sda:
[    5.217274] usb 2-1: new high speed USB device using ehci_hcd and address 2
[    5.366487] usb 2-1: New USB device found, idVendor=0e8d, idProduct=1806
[    5.366574] usb 2-1: New USB device strings: Mfr=1, Product=2, SerialNumber=3
[    5.366663] usb 2-1: Product: MT1806 
[    5.366749] usb 2-1: Manufacturer: MediaTek Inc
[    5.366838] usb 2-1: SerialNumber: R8KN6GAC800AEB 
[    5.366971] usb 2-1: configuration #1 chosen from 1 choice
[    5.373277] scsi5 : SCSI emulation for USB Mass Storage devices
[    5.373447] usb-storage: device found at 2
[    5.373448] usb-storage: waiting for device to settle before scanning
[    5.573560] random 0014 0000 0000 277f73c3 42024bb9: add_disk_randomness(8:0) 277f73c3 42024bb9
[    5.573564] random 0014 0000 0000 277f73c3 42024bb9: add_timer_randomness(.. 8388864) with jiffies: 13158365732796072333, cycles: -5288378345208152053
[    5.573566] random 0014 0000 0000 277f73c3 42024bb9: added 11 entropy credits to input
[    5.573571]  sda1 sda2
[    5.574131] random 0025 0000 0000 277f73c3 42024bb9: add_disk_randomness(8:0) 277f73c3 42024bb9
[    5.574135] random 0025 0000 0000 277f73c3 42024bb9: add_timer_randomness(.. 8388864) with jiffies: 13163516369246585229, cycles: -5283227708757639157
[    5.574291] sd 2:0:0:0: [sda] Attached SCSI disk
[    5.574389] random 0025 0000 0000 277f73c3 42024bb9: rand_read_num 6 get_random_bytes(12): sig 000007e9 277f73c3 42024bb9
[    5.574392] random 0025 0000 0000 277f73c3 42024bb9: extract_entropy(.. 12 ..)
[    5.574394] random 0025 0000 0000 277f73c3 42024bb9: going to reseed nonblocking with 96 bits (96 of 0 requested)
[    5.574396] random 0025 0000 0000 277f73c3 42024bb9: extract_entropy(.. 12 ..)
[    5.574399] random 0025 0000 0000 277f73c3 42024bb9: trying to extract 96 bits from input
[    5.574401] random 0025 0000 0000 277f73c3 42024bb9: debiting 0 entropy credits from input
[    5.574403] random 0025 0000 0000 277f73c3 42024bb9: extract_entropy account returned: 0 
[    5.574406] random 0025 0000 0000 277f73c3 42024bb9: urand_change_num 24 xfer_secondary_pool(12): pool_sig 000007e9, data_sig 00000000, bytes_mixed 0 277f73c3 42024bb9
[    5.574409] random 0025 0000 0000 277f73c3 42024bb9: trying to extract 96 bits from nonblocking
[    5.574411] random 0025 0000 0000 277f73c3 42024bb9: debiting 96 entropy credits from nonblocking (unlimited)
[    5.574413] random 0025 0000 0000 277f73c3 42024bb9: extract_entropy account returned: 12 
[    5.574418] random 0025 0000 0000 277f73c3 42024bb9: urand_change_num 25 extract_buf: pool_sig 000007e9, data_sig 00000088, bytes_mixed 20 277f73c3 42024bb9
[    5.574423] random 0025 0000 0000 277f73c3 42024bb9: urand_change_num 26 extract_buf: pool_sig 00000498, data_sig fffffefb, bytes_mixed 20 277f73c3 42024bb9
[    5.574426] RANDOM - __seed init called.
[    5.574427] RANDOM - __seed init called.
[    5.574428] RANDOM - __seed init called.
[    5.574430] RANDOM - __random32 called. Change num 12.  Value: 87f14767	f0d7351	b1e48bd3
[    5.574432] RANDOM - random32_reseed called.  Value: 87f14767	f0d7351	b1e48bd3
[    5.574434] Pid: 1, comm: swapper Not tainted 2.6.32.57 #6
[    5.574523] Call Trace:
[    5.574614]  [<c1923ca4>] ? random32_reseed+0xa0/0xb1
[    5.574706]  [<c1923c04>] ? random32_reseed+0x0/0xb1
[    5.574794]  [<c100111e>] ? do_one_initcall+0x2e/0x180
[    5.574885]  [<c1907265>] ? kernel_init+0xad/0x103
[    5.574976]  [<c19071b8>] ? kernel_init+0x0/0x103
[    5.575066]  [<c1003787>] ? kernel_thread_helper+0x7/0x10
[    5.575606] random 0025 0000 0000 386b4e60 ee4d4880: rand_read_num 7 get_random_bytes(64): sig fffffea5 386b4e60 ee4d4880
[    5.575608] random 0025 0000 0000 386b4e60 ee4d4880: extract_entropy(.. 64 ..)
[    5.575610] random 0025 0000 0000 386b4e60 ee4d4880: going to reseed nonblocking with 512 bits (512 of 0 requested)
[    5.575613] random 0025 0000 0000 386b4e60 ee4d4880: extract_entropy(.. 64 ..)
[    5.575615] random 0025 0000 0000 386b4e60 ee4d4880: trying to extract 512 bits from input
[    5.575617] random 0025 0000 0000 386b4e60 ee4d4880: debiting 0 entropy credits from input
[    5.575619] random 0025 0000 0000 386b4e60 ee4d4880: extract_entropy account returned: 0 
[    5.575622] random 0025 0000 0000 386b4e60 ee4d4880: urand_change_num 27 xfer_secondary_pool(64): pool_sig fffffea5, data_sig 00000000, bytes_mixed 0 386b4e60 ee4d4880
[    5.575625] random 0025 0000 0000 386b4e60 ee4d4880: trying to extract 512 bits from nonblocking
[    5.575627] random 0025 0000 0000 386b4e60 ee4d4880: debiting 512 entropy credits from nonblocking (unlimited)
[    5.575630] random 0025 0000 0000 386b4e60 ee4d4880: extract_entropy account returned: 64 
[    5.575634] random 0025 0000 0000 386b4e60 ee4d4880: urand_change_num 28 extract_buf: pool_sig fffffea5, data_sig 00000173, bytes_mixed 20 386b4e60 ee4d4880
[    5.575639] random 0025 0000 0000 412698f6 0cc8689a: urand_change_num 29 extract_buf: pool_sig 00000122, data_sig ffffff63, bytes_mixed 20 412698f6 0cc8689a
[    5.575645] random 0025 0000 0000 412698f6 0cc8689a: urand_change_num 30 extract_buf: pool_sig 000001f7, data_sig 00000012, bytes_mixed 20 412698f6 0cc8689a
[    5.575650] random 0025 0000 0000 9669941e 06f768b1: urand_change_num 31 extract_buf: pool_sig fffffb5b, data_sig 0000003f, bytes_mixed 20 9669941e 06f768b1
[    5.575655] random 0025 0000 0000 98486520 995551f0: urand_change_num 32 extract_buf: pool_sig fffffb39, data_sig 0000000e, bytes_mixed 20 98486520 995551f0
[    5.575661] random 0025 0000 0000 98486520 995551f0: urand_change_num 33 extract_buf: pool_sig fffffd8d, data_sig 000001a6, bytes_mixed 20 98486520 995551f0
[    5.575666] random 0025 0000 0000 61fc8914 d5882ed2: urand_change_num 34 extract_buf: pool_sig fffffa58, data_sig 0000023e, bytes_mixed 20 61fc8914 d5882ed2
[    5.575695] random 0025 0000 0000 61fc8914 d5882ed2: rand_read_num 8 get_random_bytes(64): sig fffff9ee 61fc8914 d5882ed2
[    5.575697] random 0025 0000 0000 61fc8914 d5882ed2: extract_entropy(.. 64 ..)
[    5.575700] random 0025 0000 0000 61fc8914 d5882ed2: going to reseed nonblocking with 512 bits (512 of 0 requested)
[    5.575702] random 0025 0000 0000 61fc8914 d5882ed2: extract_entropy(.. 64 ..)
[    5.575704] random 0025 0000 0000 61fc8914 d5882ed2: trying to extract 512 bits from input
[    5.575706] random 0025 0000 0000 61fc8914 d5882ed2: debiting 0 entropy credits from input
[    5.575708] random 0025 0000 0000 61fc8914 d5882ed2: extract_entropy account returned: 0 
[    5.575712] random 0025 0000 0000 61fc8914 d5882ed2: urand_change_num 35 xfer_secondary_pool(64): pool_sig fffff9ee, data_sig 00000000, bytes_mixed 0 61fc8914 d5882ed2
[    5.575714] random 0025 0000 0000 61fc8914 d5882ed2: trying to extract 512 bits from nonblocking
[    5.575717] random 0025 0000 0000 61fc8914 d5882ed2: debiting 512 entropy credits from nonblocking (unlimited)
[    5.575719] random 0025 0000 0000 61fc8914 d5882ed2: extract_entropy account returned: 64 
[    5.575723] random 0025 0000 0000 61fc8914 d5882ed2: urand_change_num 36 extract_buf: pool_sig fffff9ee, data_sig ffffff85, bytes_mixed 20 61fc8914 d5882ed2
[    5.575728] random 0025 0000 0000 70cfd302 e5edec11: urand_change_num 37 extract_buf: pool_sig fffffdc1, data_sig ffffffde, bytes_mixed 20 70cfd302 e5edec11
[    5.575734] random 0025 0000 0000 00dab838 eafd2b30: urand_change_num 38 extract_buf: pool_sig 000003da, data_sig ffffff61, bytes_mixed 20 00dab838 eafd2b30
[    5.575739] random 0025 0000 0000 00dab838 eafd2b30: urand_change_num 39 extract_buf: pool_sig 00000314, data_sig 00000121, bytes_mixed 20 00dab838 eafd2b30
[    5.575744] random 0025 0000 0000 5fcdf66a 6442b608: urand_change_num 40 extract_buf: pool_sig 0000028b, data_sig fffffefd, bytes_mixed 20 5fcdf66a 6442b608
[    5.575750] random 0025 0000 0000 61333f6b 8fae0f9b: urand_change_num 41 extract_buf: pool_sig 000000cb, data_sig 000000b3, bytes_mixed 20 61333f6b 8fae0f9b
[    5.575755] random 0025 0000 0000 61333f6b 8fae0f9b: urand_change_num 42 extract_buf: pool_sig fffffef8, data_sig 00000051, bytes_mixed 20 61333f6b 8fae0f9b
[    5.575758] BEGIN NET_SECRET:
[    5.575759] \xffffffe0
[    5.575759] \xffffffb6
[    5.575760] \x36
[    5.575761] \xffffffb5
[    5.575762] \xffffff94
[    5.575763] \xffffffb2
[    5.575764] \xffffffa8
[    5.575765] \xffffffda
[    5.575765] \x5b
[    5.575766] \x19
[    5.575767] \x18
[    5.575767] \x5c
[    5.575768] \x2b
[    5.575769] \x1
[    5.575770] \xffffff90
[    5.575771] \x19
[    5.575771] \x3c
[    5.575772] \xfffffff2
[    5.575773] \xffffff82
[    5.575774] \x2a
[    5.575774] \xffffffb3
[    5.575775] \xffffffa2
[    5.575776] \x3f
[    5.575777] \x5
[    5.575778] \x52
[    5.575778] \x77
[    5.575779] \x57
[    5.575780] \x79
[    5.575780] \x16
[    5.575781] \x43
[    5.575782] \xffffff84
[    5.575783] \xffffffc3
[    5.575783] \xffffffe9
[    5.575784] \x79
[    5.575785] \x50
[    5.575786] \xffffff8e
[    5.575787] \x3f
[    5.575787] \xfffffff3
[    5.575788] \x19
[    5.575789] \x2a
[    5.575790] \xfffffffd
[    5.575790] \xfffffffb
[    5.575791] \x62
[    5.575792] \x3c
[    5.575793] \xffffffac
[    5.575793] \x1c
[    5.575794] \x3b
[    5.575795] \x3b
[    5.575796] \x15
[    5.575796] \x27
[    5.575797] \xffffffa8
[    5.575798] \x22
[    5.575799] \xffffffc5
[    5.575799] \xffffff9a
[    5.575800] \x5
[    5.575801] \x6c
[    5.575802] \xffffffa8
[    5.575803] \x3a
[    5.575803] \x44
[    5.575804] \xffffffaf
[    5.575805] \x13
[    5.575806] \xffffffe0
[    5.575806] \xffffff9d
[    5.575807] \x22
[    5.575808] 
[    5.575808] END NET_SECRET
[    5.575811] random 0025 0000 0000 e7f555d9 e8ce5c3c: rand_read_num 9 get_random_bytes(4): sig 0000068c e7f555d9 e8ce5c3c
[    5.575813] random 0025 0000 0000 e7f555d9 e8ce5c3c: extract_entropy(.. 4 ..)
[    5.575816] random 0025 0000 0000 e7f555d9 e8ce5c3c: going to reseed nonblocking with 64 bits (32 of 0 requested)
[    5.575818] random 0025 0000 0000 e7f555d9 e8ce5c3c: extract_entropy(.. 8 ..)
[    5.575820] random 0025 0000 0000 e7f555d9 e8ce5c3c: trying to extract 64 bits from input
[    5.575822] random 0025 0000 0000 e7f555d9 e8ce5c3c: debiting 0 entropy credits from input
[    5.575824] random 0025 0000 0000 e7f555d9 e8ce5c3c: extract_entropy account returned: 0 
[    5.575827] random 0025 0000 0000 e7f555d9 e8ce5c3c: urand_change_num 43 xfer_secondary_pool(4): pool_sig 0000068c, data_sig 00000000, bytes_mixed 0 e7f555d9 e8ce5c3c
[    5.575830] random 0025 0000 0000 e7f555d9 e8ce5c3c: trying to extract 32 bits from nonblocking
[    5.575833] random 0025 0000 0000 e7f555d9 e8ce5c3c: debiting 32 entropy credits from nonblocking (unlimited)
[    5.575835] random 0025 0000 0000 e7f555d9 e8ce5c3c: extract_entropy account returned: 4 
[    5.575839] random 0025 0000 0000 e7f555d9 e8ce5c3c: urand_change_num 44 extract_buf: pool_sig 0000068c, data_sig fffffdcb, bytes_mixed 20 e7f555d9 e8ce5c3c
[    5.575850] md: Waiting for all devices to be available before autodetect
[    5.575942] md: If you don't use raid, use raid=noautodetect
[    5.576107] md: Autodetecting RAID arrays.
[    5.576196] md: Scanned 0 and added 0 devices.
[    5.576288] md: autorun ...
[    5.576376] md: ... autorun DONE.
[    5.589769] random 0025 0000 0000 e7f555d9 e8ce5c3c: add_disk_randomness(8:0) e7f555d9 e8ce5c3c
[    5.589773] random 0025 0000 0000 e7f555d9 e8ce5c3c: add_timer_randomness(.. 8388864) with jiffies: 13304183600526885277, cycles: -5142560477477339125
[    5.589775] random 0025 0000 0000 e7f555d9 e8ce5c3c: added 4 entropy credits to input
[    5.590895] random 0029 0000 0000 e7f555d9 e8ce5c3c: add_disk_randomness(8:0) e7f555d9 e8ce5c3c
[    5.590898] random 0029 0000 0000 e7f555d9 e8ce5c3c: add_timer_randomness(.. 8388864) with jiffies: 13314307864940741022, cycles: -5132436213063483381
[    5.597979] random 0029 0000 0000 e7f555d9 e8ce5c3c: add_disk_randomness(8:0) e7f555d9 e8ce5c3c
[    5.597982] random 0029 0000 0000 e7f555d9 e8ce5c3c: add_timer_randomness(.. 8388864) with jiffies: 13378038445104660901, cycles: -5068705632899563509
[    5.597985] random 0029 0000 0000 e7f555d9 e8ce5c3c: added 2 entropy credits to input
[    5.597990] EXT3-fs: sda2: couldn't mount because of unsupported optional features (240).
[    5.598213] random 0031 0000 0000 e7f555d9 e8ce5c3c: add_disk_randomness(8:0) e7f555d9 e8ce5c3c
[    5.598216] random 0031 0000 0000 e7f555d9 e8ce5c3c: add_timer_randomness(.. 8388864) with jiffies: 13380147639119217061, cycles: -5066596438885007349
[    5.598221] EXT2-fs: sda2: couldn't mount because of unsupported optional features (240).
[    5.598450] random 0031 0000 0000 e7f555d9 e8ce5c3c: add_disk_randomness(8:0) e7f555d9 e8ce5c3c
[    5.598453] random 0031 0000 0000 e7f555d9 e8ce5c3c: add_timer_randomness(.. 8388864) with jiffies: 13382267252724433318, cycles: -5064476825279791093
[    5.598584] random 0031 0000 0000 e7f555d9 e8ce5c3c: add_disk_randomness(8:0) e7f555d9 e8ce5c3c
[    5.598587] random 0031 0000 0000 e7f555d9 e8ce5c3c: add_timer_randomness(.. 8388864) with jiffies: 13383476440637079974, cycles: -5063267637367144437
[    5.598738] random 0031 0000 0000 e7f555d9 e8ce5c3c: add_disk_randomness(8:0) e7f555d9 e8ce5c3c
[    5.598741] random 0031 0000 0000 e7f555d9 e8ce5c3c: add_timer_randomness(.. 8388864) with jiffies: 13384861421561151910, cycles: -5061882656443072501
[    5.598858] random 0031 0000 0000 e7f555d9 e8ce5c3c: add_disk_randomness(8:0) e7f555d9 e8ce5c3c
[    5.598861] random 0031 0000 0000 e7f555d9 e8ce5c3c: add_timer_randomness(.. 8388864) with jiffies: 13385937620106445222, cycles: -5060806457897779189
[    5.598977] random 0031 0000 0000 e7f555d9 e8ce5c3c: add_disk_randomness(8:0) e7f555d9 e8ce5c3c
[    5.598980] random 0031 0000 0000 e7f555d9 e8ce5c3c: add_timer_randomness(.. 8388864) with jiffies: 13387018057784459686, cycles: -5059726020219764725
[    5.599091] random 0031 0000 0000 e7f555d9 e8ce5c3c: add_disk_randomness(8:0) e7f555d9 e8ce5c3c
[    5.599094] random 0031 0000 0000 e7f555d9 e8ce5c3c: add_timer_randomness(.. 8388864) with jiffies: 13388043610075398566, cycles: -5058700467928825845
[    5.599207] random 0031 0000 0000 e7f555d9 e8ce5c3c: add_disk_randomness(8:0) e7f555d9 e8ce5c3c
[    5.599210] random 0031 0000 0000 e7f555d9 e8ce5c3c: add_timer_randomness(.. 8388864) with jiffies: 13389088601388319142, cycles: -5057655476615905269
[    5.599355] random 0031 0000 0000 e7f555d9 e8ce5c3c: add_disk_randomness(8:0) e7f555d9 e8ce5c3c
[    5.599358] random 0031 0000 0000 e7f555d9 e8ce5c3c: add_timer_randomness(.. 8388864) with jiffies: 13390400928645611943, cycles: -5056343149358612469
[    5.599594] random 0031 0000 0000 e7f555d9 e8ce5c3c: rand_read_num 10 get_random_bytes(4): sig ffffff72 e7f555d9 e8ce5c3c
[    5.599597] random 0031 0000 0000 e7f555d9 e8ce5c3c: extract_entropy(.. 4 ..)
[    5.599599] random 0031 0000 0000 e7f555d9 e8ce5c3c: going to reseed nonblocking with 64 bits (32 of 0 requested)
[    5.599601] random 0031 0000 0000 e7f555d9 e8ce5c3c: extract_entropy(.. 8 ..)
[    5.599603] random 0031 0000 0000 e7f555d9 e8ce5c3c: trying to extract 64 bits from input
[    5.599606] random 0031 0000 0000 e7f555d9 e8ce5c3c: debiting 0 entropy credits from input
[    5.599608] random 0031 0000 0000 e7f555d9 e8ce5c3c: extract_entropy account returned: 0 
[    5.599611] random 0031 0000 0000 e7f555d9 e8ce5c3c: urand_change_num 45 xfer_secondary_pool(4): pool_sig ffffff72, data_sig 00000000, bytes_mixed 0 e7f555d9 e8ce5c3c
[    5.599614] random 0031 0000 0000 e7f555d9 e8ce5c3c: trying to extract 32 bits from nonblocking
[    5.599616] random 0031 0000 0000 e7f555d9 e8ce5c3c: debiting 32 entropy credits from nonblocking (unlimited)
[    5.599618] random 0031 0000 0000 e7f555d9 e8ce5c3c: extract_entropy account returned: 4 
[    5.599622] random 0031 0000 0000 e7f555d9 e8ce5c3c: urand_change_num 46 extract_buf: pool_sig ffffff72, data_sig ffffff72, bytes_mixed 20 e7f555d9 e8ce5c3c
[    5.604220] random 0031 0000 0000 91716c54 eeb6a1e7: add_disk_randomness(8:0) 91716c54 eeb6a1e7
[    5.604223] random 0031 0000 0000 91716c54 eeb6a1e7: add_timer_randomness(.. 8388864) with jiffies: 13434180165948899755, cycles: -5012563912055324661
[    5.604225] random 0031 0000 0000 91716c54 eeb6a1e7: added 1 entropy credits to input
[    5.622504] random 0032 0000 0000 91716c54 eeb6a1e7: add_disk_randomness(8:0) 91716c54 eeb6a1e7
[    5.622507] random 0032 0000 0000 91716c54 eeb6a1e7: add_timer_randomness(.. 8388864) with jiffies: 13598644312072749502, cycles: -4848099765931474933
[    5.622509] random 0032 0000 0000 91716c54 eeb6a1e7: added 3 entropy credits to input
[    5.627228] EXT4-fs (sda2): mounted filesystem with ordered data mode
[    5.627435] VFS: Mounted root (ext4 filesystem) readonly on device 8:2.
[    5.627537] Freeing unused kernel memory: 448k freed
[    5.647701] random 0035 0000 0000 91716c54 eeb6a1e7: add_disk_randomness(8:0) 91716c54 eeb6a1e7
[    5.647704] random 0035 0000 0000 91716c54 eeb6a1e7: add_timer_randomness(.. 8388864) with jiffies: 13825311773759865303, cycles: -4621432304244359157
[    5.647707] random 0035 0000 0000 91716c54 eeb6a1e7: added 2 entropy credits to input
[    5.648388] random 0037 0000 0000 91716c54 eeb6a1e7: add_disk_randomness(8:0) 91716c54 eeb6a1e7
[    5.648391] random 0037 0000 0000 91716c54 eeb6a1e7: add_timer_randomness(.. 8388864) with jiffies: 13831489182272029144, cycles: -4615254895732195317
[    5.653112] random 0037 0000 0000 91716c54 eeb6a1e7: add_disk_randomness(8:0) 91716c54 eeb6a1e7
[    5.653115] random 0037 0000 0000 91716c54 eeb6a1e7: add_timer_randomness(.. 8388864) with jiffies: 13873991676122071516, cycles: -4572752401882152949
[    5.653117] random 0037 0000 0000 91716c54 eeb6a1e7: added 1 entropy credits to input
[    5.661315] random 0038 0000 0000 91716c54 eeb6a1e7: add_disk_randomness(8:0) 91716c54 eeb6a1e7
[    5.661318] random 0038 0000 0000 91716c54 eeb6a1e7: add_timer_randomness(.. 8388864) with jiffies: 13947767961453036005, cycles: -4498976116551188469
[    5.661320] random 0038 0000 0000 91716c54 eeb6a1e7: added 1 entropy credits to input
[    5.664741] random 0039 0000 0000 91716c54 eeb6a1e7: add_disk_randomness(8:0) 91716c54 eeb6a1e7
[    5.664744] random 0039 0000 0000 91716c54 eeb6a1e7: add_timer_randomness(.. 8388864) with jiffies: 13978595432817459688, cycles: -4468148645186764789
[    5.664746] random 0039 0000 0000 91716c54 eeb6a1e7: added 1 entropy credits to input
[    5.673635] random 0040 0000 0000 91716c54 eeb6a1e7: add_disk_randomness(8:0) 91716c54 eeb6a1e7
[    5.673638] random 0040 0000 0000 91716c54 eeb6a1e7: add_timer_randomness(.. 8388864) with jiffies: 14058605364962361841, cycles: -4388138713041862645
[    5.673641] random 0040 0000 0000 91716c54 eeb6a1e7: added 2 entropy credits to input
[    5.678594] random 0042 0000 0000 91716c54 eeb6a1e7: add_disk_randomness(8:0) 91716c54 eeb6a1e7
[    5.678597] random 0042 0000 0000 91716c54 eeb6a1e7: add_timer_randomness(.. 8388864) with jiffies: 14103208029100671478, cycles: -4343536048903553013
[    5.678599] random 0042 0000 0000 91716c54 eeb6a1e7: added 2 entropy credits to input
[    5.686670] random 0044 0000 0000 91716c54 eeb6a1e7: add_disk_randomness(8:0) 91716c54 eeb6a1e7
[    5.686673] random 0044 0000 0000 91716c54 eeb6a1e7: add_timer_randomness(.. 8388864) with jiffies: 14175861579915690494, cycles: -4270882498088534005
[    5.686676] random 0044 0000 0000 91716c54 eeb6a1e7: added 1 entropy credits to input
[    5.686699] RANDOM get_random_int call with cycles 50545269684, jiffies 4294672894 and pid 1
[    5.686701] RANDOM get_random_int call with cycles 50545276855, jiffies 4294672894 and pid 1
[    5.686703] ASLR stack rand value: 1581056 after shift for pid: 1
[    5.686705] RANDOM get_random_int call with cycles 50545284363, jiffies 4294672894 and pid 1
[    5.698320] random 0045 0000 0000 91716c54 eeb6a1e7: add_disk_randomness(8:0) 91716c54 eeb6a1e7
[    5.698323] random 0045 0000 0000 91716c54 eeb6a1e7: add_timer_randomness(.. 8388864) with jiffies: 14280654654474519050, cycles: -4166089423529705461
[    5.698334] RANDOM get_random_int call with cycles 50569638084, jiffies 4294672906 and pid 1
[    5.698339] random 0045 0000 0000 91716c54 eeb6a1e7: rand_read_num 11 get_random_bytes(16): sig fffffcad 91716c54 eeb6a1e7
[    5.698342] random 0045 0000 0000 91716c54 eeb6a1e7: extract_entropy(.. 16 ..)
[    5.698344] random 0045 0000 0000 91716c54 eeb6a1e7: going to reseed nonblocking with 128 bits (128 of 0 requested)
[    5.698347] random 0045 0000 0000 91716c54 eeb6a1e7: extract_entropy(.. 16 ..)
[    5.698349] random 0045 0000 0000 91716c54 eeb6a1e7: trying to extract 128 bits from input
[    5.698351] random 0045 0000 0000 91716c54 eeb6a1e7: debiting 0 entropy credits from input
[    5.698353] random 0045 0000 0000 91716c54 eeb6a1e7: extract_entropy account returned: 0 
[    5.698356] random 0045 0000 0000 91716c54 eeb6a1e7: urand_change_num 47 xfer_secondary_pool(16): pool_sig fffffcad, data_sig 00000000, bytes_mixed 0 91716c54 eeb6a1e7
[    5.698359] random 0045 0000 0000 91716c54 eeb6a1e7: trying to extract 128 bits from nonblocking
[    5.698362] random 0045 0000 0000 91716c54 eeb6a1e7: debiting 128 entropy credits from nonblocking (unlimited)
[    5.698364] random 0045 0000 0000 91716c54 eeb6a1e7: extract_entropy account returned: 16 
[    5.698368] random 0045 0000 0000 91716c54 eeb6a1e7: urand_change_num 48 extract_buf: pool_sig fffffcad, data_sig ffffff19, bytes_mixed 20 91716c54 eeb6a1e7
[    5.698374] random 0045 0000 0000 fd637b06 6cf47bc1: urand_change_num 49 extract_buf: pool_sig fffffede, data_sig ffffffc1, bytes_mixed 20 fd637b06 6cf47bc1
[    5.699325] random 0045 0000 0000 fd637b06 6cf47bc1: add_disk_randomness(8:0) fd637b06 6cf47bc1
[    5.699328] random 0045 0000 0000 fd637b06 6cf47bc1: add_timer_randomness(.. 8388864) with jiffies: 14289693971494699531, cycles: -4157050106509524981
[    5.700529] random 0045 0000 0000 fd637b06 6cf47bc1: add_disk_randomness(8:0) fd637b06 6cf47bc1
[    5.700532] random 0045 0000 0000 fd637b06 6cf47bc1: add_timer_randomness(.. 8388864) with jiffies: 14300527210455073292, cycles: -4146216867549151221
[    5.701684] random 0045 0000 0000 fd637b06 6cf47bc1: add_disk_randomness(8:0) fd637b06 6cf47bc1
[    5.701687] random 0045 0000 0000 fd637b06 6cf47bc1: add_timer_randomness(.. 8388864) with jiffies: 14310921881714917901, cycles: -4135822196289306613
[    5.702565] random 0045 0000 0000 fd637b06 6cf47bc1: add_disk_randomness(8:0) fd637b06 6cf47bc1
[    5.702567] random 0045 0000 0000 fd637b06 6cf47bc1: add_timer_randomness(.. 8388864) with jiffies: 14318839812838883854, cycles: -4127904265165340661
[    5.702742] random 0045 0000 0000 fd637b06 6cf47bc1: add_disk_randomness(8:0) fd637b06 6cf47bc1
[    5.702745] random 0045 0000 0000 fd637b06 6cf47bc1: add_timer_randomness(.. 8388864) with jiffies: 14320438193508024846, cycles: -4126305884496199669
[    5.702958] random 0045 0000 0000 fd637b06 6cf47bc1: add_disk_randomness(8:0) fd637b06 6cf47bc1
[    5.702962] random 0045 0000 0000 fd637b06 6cf47bc1: add_timer_randomness(.. 8388864) with jiffies: 14322390762950197774, cycles: -4124353315054026741
[    5.713384] random 0045 0000 0000 fd637b06 6cf47bc1: add_disk_randomness(8:0) fd637b06 6cf47bc1
[    5.713387] random 0045 0000 0000 fd637b06 6cf47bc1: add_timer_randomness(.. 8388864) with jiffies: 14416164347291861529, cycles: -4030579730712362997
[    5.713390] random 0045 0000 0000 fd637b06 6cf47bc1: added 3 entropy credits to input
[    5.713822] random 0048 0000 0000 fd637b06 6cf47bc1: add_disk_randomness(8:0) fd637b06 6cf47bc1
[    5.713826] random 0048 0000 0000 fd637b06 6cf47bc1: add_timer_randomness(.. 8388864) with jiffies: 14420116799535940121, cycles: -4026627278468284405
[    5.723564] random 0048 0000 0000 fd637b06 6cf47bc1: add_disk_randomness(8:0) fd637b06 6cf47bc1
[    5.723567] random 0048 0000 0000 fd637b06 6cf47bc1: add_timer_randomness(.. 8388864) with jiffies: 14507742602049847843, cycles: -3939001475954376693
[    5.723570] random 0048 0000 0000 fd637b06 6cf47bc1: added 3 entropy credits to input
[    5.723622] RANDOM get_random_int call with cycles 50622603874, jiffies 4294672931 and pid 1
[    5.728170] random 0051 0000 0000 fd637b06 6cf47bc1: add_disk_randomness(8:0) fd637b06 6cf47bc1
[    5.728173] random 0051 0000 0000 fd637b06 6cf47bc1: add_timer_randomness(.. 8388864) with jiffies: 14549184320582156839, cycles: -3897559757422067701
[    5.728176] random 0051 0000 0000 fd637b06 6cf47bc1: added 2 entropy credits to input
[    5.740999] random 0053 0000 0000 fd637b06 6cf47bc1: add_disk_randomness(8:0) fd637b06 6cf47bc1
[    5.741002] random 0053 0000 0000 fd637b06 6cf47bc1: add_timer_randomness(.. 8388864) with jiffies: 14664589610789339700, cycles: -3782154467214884853
[    5.741005] random 0053 0000 0000 fd637b06 6cf47bc1: added 3 entropy credits to input
[    5.741143] random 0056 0000 0000 fd637b06 6cf47bc1: add_disk_randomness(8:0) fd637b06 6cf47bc1
[    5.741146] random 0056 0000 0000 fd637b06 6cf47bc1: add_timer_randomness(.. 8388864) with jiffies: 14665883856234316340, cycles: -3780860221769908213
[    5.743307] random 0056 0000 0000 fd637b06 6cf47bc1: add_disk_randomness(8:0) fd637b06 6cf47bc1
[    5.743313] random 0056 0000 0000 fd637b06 6cf47bc1: add_timer_randomness(.. 8388864) with jiffies: 14685362443454743095, cycles: -3761381634549481461
[    5.743315] random 0056 0000 0000 fd637b06 6cf47bc1: added 1 entropy credits to input
[    5.743550] random 0057 0000 0000 fd637b06 6cf47bc1: add_disk_randomness(8:0) fd637b06 6cf47bc1
[    5.743553] random 0057 0000 0000 fd637b06 6cf47bc1: add_timer_randomness(.. 8388864) with jiffies: 14687526703245001271, cycles: -3759217374759223285
[    5.743692] random 0057 0000 0000 fd637b06 6cf47bc1: add_disk_randomness(8:0) fd637b06 6cf47bc1
[    5.743695] random 0057 0000 0000 fd637b06 6cf47bc1: add_timer_randomness(.. 8388864) with jiffies: 14688805250584511031, cycles: -3757938827419713525
[    5.746860] random 0057 0000 0000 fd637b06 6cf47bc1: add_disk_randomness(8:0) fd637b06 6cf47bc1
[    5.746863] random 0057 0000 0000 fd637b06 6cf47bc1: add_timer_randomness(.. 8388864) with jiffies: 14717306610611094074, cycles: -3729437467393130485
[    5.746866] random 0057 0000 0000 fd637b06 6cf47bc1: added 1 entropy credits to input
[    5.748869] random 0058 0000 0000 fd637b06 6cf47bc1: add_disk_randomness(8:0) fd637b06 6cf47bc1
[    5.748873] random 0058 0000 0000 fd637b06 6cf47bc1: add_timer_randomness(.. 8388864) with jiffies: 14735385652673348156, cycles: -3711358425330876405
[    5.756704] random 0058 0000 0000 fd637b06 6cf47bc1: add_disk_randomness(8:0) fd637b06 6cf47bc1
[    5.756707] random 0058 0000 0000 fd637b06 6cf47bc1: add_timer_randomness(.. 8388864) with jiffies: 14805859567715189316, cycles: -3640884510289035253
[    5.756710] random 0058 0000 0000 fd637b06 6cf47bc1: added 2 entropy credits to input
[    5.756840] random 0060 0000 0000 fd637b06 6cf47bc1: add_disk_randomness(8:0) fd637b06 6cf47bc1
[    5.756843] random 0060 0000 0000 fd637b06 6cf47bc1: add_timer_randomness(.. 8388864) with jiffies: 14807081881047892548, cycles: -3639662196956332021
[    5.760402] random 0060 0000 0000 fd637b06 6cf47bc1: add_disk_randomness(8:0) fd637b06 6cf47bc1
[    5.760405] random 0060 0000 0000 fd637b06 6cf47bc1: add_timer_randomness(.. 8388864) with jiffies: 14839123363573236296, cycles: -3607620714430988277
[    5.760408] random 0060 0000 0000 fd637b06 6cf47bc1: added 2 entropy credits to input
[    5.764899] random 0062 0000 0000 fd637b06 6cf47bc1: add_disk_randomness(8:0) fd637b06 6cf47bc1
[    5.764902] random 0062 0000 0000 fd637b06 6cf47bc1: add_timer_randomness(.. 8388864) with jiffies: 14879581105098031692, cycles: -3567162972906192885
[    5.770480] random 0062 0000 0000 fd637b06 6cf47bc1: add_disk_randomness(8:0) fd637b06 6cf47bc1
[    5.770483] random 0062 0000 0000 fd637b06 6cf47bc1: add_timer_randomness(.. 8388864) with jiffies: 14929781816725045842, cycles: -3516962261279178741
[    5.770486] random 0062 0000 0000 fd637b06 6cf47bc1: added 1 entropy credits to input
[    5.776755] random 0063 0000 0000 fd637b06 6cf47bc1: add_disk_randomness(8:0) fd637b06 6cf47bc1
[    5.776758] random 0063 0000 0000 fd637b06 6cf47bc1: add_timer_randomness(.. 8388864) with jiffies: 14986231821731856984, cycles: -3460512256272367605
[    5.776772] random 0063 0000 0000 fd637b06 6cf47bc1: rand_read_num 12 get_random_bytes(16): sig 0000033b fd637b06 6cf47bc1
[    5.776774] random 0063 0000 0000 fd637b06 6cf47bc1: extract_entropy(.. 16 ..)
[    5.776777] random 0063 0000 0000 fd637b06 6cf47bc1: going to reseed nonblocking with 128 bits (128 of 0 requested)
[    5.776779] random 0063 0000 0000 fd637b06 6cf47bc1: extract_entropy(.. 16 ..)
[    5.776781] random 0063 0000 0000 fd637b06 6cf47bc1: trying to extract 128 bits from input
[    5.776783] random 0063 0000 0000 fd637b06 6cf47bc1: debiting 0 entropy credits from input
[    5.776785] random 0063 0000 0000 fd637b06 6cf47bc1: extract_entropy account returned: 0 
[    5.776788] random 0063 0000 0000 fd637b06 6cf47bc1: urand_change_num 50 xfer_secondary_pool(16): pool_sig 0000033b, data_sig 00000000, bytes_mixed 0 fd637b06 6cf47bc1
[    5.776791] random 0063 0000 0000 fd637b06 6cf47bc1: trying to extract 128 bits from nonblocking
[    5.776794] random 0063 0000 0000 fd637b06 6cf47bc1: debiting 128 entropy credits from nonblocking (unlimited)
[    5.776796] random 0063 0000 0000 fd637b06 6cf47bc1: extract_entropy account returned: 16 
[    5.776800] random 0063 0000 0000 fd637b06 6cf47bc1: urand_change_num 51 extract_buf: pool_sig 0000033b, data_sig 000000d8, bytes_mixed 20 fd637b06 6cf47bc1
[    5.776806] random 0063 0000 0000 0ec1f012 d4727ca8: urand_change_num 52 extract_buf: pool_sig fffffcf5, data_sig 00000016, bytes_mixed 20 0ec1f012 d4727ca8
[    5.783509] random 0063 0000 0000 45b1d0b1 845a73f7: add_disk_randomness(8:0) 45b1d0b1 845a73f7
[    5.783512] random 0063 0000 0000 45b1d0b1 845a73f7: add_timer_randomness(.. 8388864) with jiffies: 15046984275867697759, cycles: -3399759802136526837
[    5.790725] random 0063 0000 0000 45b1d0b1 845a73f7: add_disk_randomness(8:0) 45b1d0b1 845a73f7
[    5.790728] random 0063 0000 0000 45b1d0b1 845a73f7: add_timer_randomness(.. 8388864) with jiffies: 15111899966357602918, cycles: -3334844111646621685
[    5.796326] random 0063 0000 0000 45b1d0b1 845a73f7: add_disk_randomness(8:0) 45b1d0b1 845a73f7
[    5.796329] random 0063 0000 0000 45b1d0b1 845a73f7: add_timer_randomness(.. 8388864) with jiffies: 15162279352919097964, cycles: -3284464725085126645
[    5.808152] random 0063 0000 0000 45b1d0b1 845a73f7: add_disk_randomness(8:0) 45b1d0b1 845a73f7
[    5.808156] random 0063 0000 0000 45b1d0b1 845a73f7: add_timer_randomness(.. 8388864) with jiffies: 15268677478231278199, cycles: -3178066599772946421
[    5.808158] random 0063 0000 0000 45b1d0b1 845a73f7: added 2 entropy credits to input
[    5.811290] random 0065 0000 0000 45b1d0b1 845a73f7: add_disk_randomness(8:0) 45b1d0b1 845a73f7
[    5.811293] random 0065 0000 0000 45b1d0b1 845a73f7: add_timer_randomness(.. 8388864) with jiffies: 15296902074860274298, cycles: -3149842003143950325
[    5.811296] random 0065 0000 0000 45b1d0b1 845a73f7: added 1 entropy credits to input
[    5.825570] random 0066 0000 0000 45b1d0b1 845a73f7: add_disk_randomness(8:0) 45b1d0b1 845a73f7
[    5.825573] random 0066 0000 0000 45b1d0b1 845a73f7: add_timer_randomness(.. 8388864) with jiffies: 15425349196470518409, cycles: -3021394881533706229
[    5.825576] random 0066 0000 0000 45b1d0b1 845a73f7: added 3 entropy credits to input
[    5.830964] random 0069 0000 0000 45b1d0b1 845a73f7: add_disk_randomness(8:0) 45b1d0b1 845a73f7
[    5.830967] random 0069 0000 0000 45b1d0b1 845a73f7: add_timer_randomness(.. 8388864) with jiffies: 15473878878056579726, cycles: -2972865199947644917
[    5.830970] random 0069 0000 0000 45b1d0b1 845a73f7: added 2 entropy credits to input
[    5.836143] random 0071 0000 0000 45b1d0b1 845a73f7: add_disk_randomness(8:0) 45b1d0b1 845a73f7
[    5.836146] random 0071 0000 0000 45b1d0b1 845a73f7: add_timer_randomness(.. 8388864) with jiffies: 15520469064080917139, cycles: -2926275013923307509
[    5.844372] random 0071 0000 0000 45b1d0b1 845a73f7: add_disk_randomness(8:0) 45b1d0b1 845a73f7
[    5.844375] random 0071 0000 0000 45b1d0b1 845a73f7: add_timer_randomness(.. 8388864) with jiffies: 15594478007790305948, cycles: -2852266070213918709
[    5.844378] random 0071 0000 0000 45b1d0b1 845a73f7: added 2 entropy credits to input
[    5.853974] random 0073 0000 0000 45b1d0b1 845a73f7: add_disk_randomness(8:0) 45b1d0b1 845a73f7
[    5.853977] random 0073 0000 0000 45b1d0b1 845a73f7: add_timer_randomness(.. 8388864) with jiffies: 15680862560460702373, cycles: -2765881517543522293
[    5.873483] random 0073 0000 0000 45b1d0b1 845a73f7: add_disk_randomness(8:0) 45b1d0b1 845a73f7
[    5.873486] random 0073 0000 0000 45b1d0b1 845a73f7: add_timer_randomness(.. 8388864) with jiffies: 15856349529696338617, cycles: -2590394548307886069
[    5.873488] random 0073 0000 0000 45b1d0b1 845a73f7: added 3 entropy credits to input
[    5.886764] random 0076 0000 0000 45b1d0b1 845a73f7: add_disk_randomness(8:0) 45b1d0b1 845a73f7
[    5.886767] random 0076 0000 0000 45b1d0b1 845a73f7: add_timer_randomness(.. 8388864) with jiffies: 15975829124664754886, cycles: -2470914953339469813
[    5.886770] random 0076 0000 0000 45b1d0b1 845a73f7: added 2 entropy credits to input
[    5.894788] random 0078 0000 0000 45b1d0b1 845a73f7: add_disk_randomness(8:0) 45b1d0b1 845a73f7
[    5.894791] random 0078 0000 0000 45b1d0b1 845a73f7: add_timer_randomness(.. 8388864) with jiffies: 16048005861095473870, cycles: -2398738216908750837
[    5.894793] random 0078 0000 0000 45b1d0b1 845a73f7: added 1 entropy credits to input
[    5.904803] random 0079 0000 0000 45b1d0b1 845a73f7: add_disk_randomness(8:0) 45b1d0b1 845a73f7
[    5.904806] random 0079 0000 0000 45b1d0b1 845a73f7: add_timer_randomness(.. 8388864) with jiffies: 16138102584064574168, cycles: -2308641493939650549
[    5.904809] random 0079 0000 0000 45b1d0b1 845a73f7: added 1 entropy credits to input
[    5.909370] random 0080 0000 0000 45b1d0b1 845a73f7: add_disk_randomness(8:0) 45b1d0b1 845a73f7
[    5.909373] random 0080 0000 0000 45b1d0b1 845a73f7: add_timer_randomness(.. 8388864) with jiffies: 16179177211742094045, cycles: -2267566866262130677
[    5.909376] random 0080 0000 0000 45b1d0b1 845a73f7: added 2 entropy credits to input
[    5.916725] random 0082 0000 0000 45b1d0b1 845a73f7: add_disk_randomness(8:0) 45b1d0b1 845a73f7
[    5.916728] random 0082 0000 0000 45b1d0b1 845a73f7: add_timer_randomness(.. 8388864) with jiffies: 16245346328307794660, cycles: -2201397749696430069
[    5.916731] random 0082 0000 0000 45b1d0b1 845a73f7: added 1 entropy credits to input
[    5.921977] random 0083 0000 0000 45b1d0b1 845a73f7: add_disk_randomness(8:0) 45b1d0b1 845a73f7
[    5.921980] random 0083 0000 0000 45b1d0b1 845a73f7: add_timer_randomness(.. 8388864) with jiffies: 16292596062395007721, cycles: -2154148015609217013
[    5.921983] random 0083 0000 0000 45b1d0b1 845a73f7: added 1 entropy credits to input
[    5.928420] random 0084 0000 0000 45b1d0b1 845a73f7: add_disk_randomness(8:0) 45b1d0b1 845a73f7
[    5.928423] random 0084 0000 0000 45b1d0b1 845a73f7: add_timer_randomness(.. 8388864) with jiffies: 16350543112612578032, cycles: -2096200965391646709
[    5.928426] random 0084 0000 0000 45b1d0b1 845a73f7: added 1 entropy credits to input
[    5.933471] random 0085 0000 0000 45b1d0b1 845a73f7: add_disk_randomness(8:0) 45b1d0b1 845a73f7
[    5.933474] random 0085 0000 0000 45b1d0b1 845a73f7: add_timer_randomness(.. 8388864) with jiffies: 16395983054855439093, cycles: -2050761023148785653
[    5.933477] random 0085 0000 0000 45b1d0b1 845a73f7: added 1 entropy credits to input
[    5.939374] random 0086 0000 0000 45b1d0b1 845a73f7: add_disk_randomness(8:0) 45b1d0b1 845a73f7
[    5.939377] random 0086 0000 0000 45b1d0b1 845a73f7: add_timer_randomness(.. 8388864) with jiffies: 16449084325401166587, cycles: -1997659752603058165
[    5.948726] random 0086 0000 0000 45b1d0b1 845a73f7: add_disk_randomness(8:0) 45b1d0b1 845a73f7
[    5.948729] random 0086 0000 0000 45b1d0b1 845a73f7: add_timer_randomness(.. 8388864) with jiffies: 16533210588562293508, cycles: -1913533489441931253
[    5.948731] random 0086 0000 0000 45b1d0b1 845a73f7: added 1 entropy credits to input
[    5.953612] random 0087 0000 0000 45b1d0b1 845a73f7: add_disk_randomness(8:0) 45b1d0b1 845a73f7
[    5.953615] random 0087 0000 0000 45b1d0b1 845a73f7: add_timer_randomness(.. 8388864) with jiffies: 16577166202992558857, cycles: -1869577875011665909
[    5.953618] random 0087 0000 0000 45b1d0b1 845a73f7: added 2 entropy credits to input
[    5.961044] random 0089 0000 0000 45b1d0b1 845a73f7: add_disk_randomness(8:0) 45b1d0b1 845a73f7
[    5.961047] random 0089 0000 0000 45b1d0b1 845a73f7: add_timer_randomness(.. 8388864) with jiffies: 16644026478580433680, cycles: -1802717599423791093
[    5.961050] random 0089 0000 0000 45b1d0b1 845a73f7: added 1 entropy credits to input
[    5.967260] random 0090 0000 0000 45b1d0b1 845a73f7: add_disk_randomness(8:0) 45b1d0b1 845a73f7
[    5.967263] random 0090 0000 0000 45b1d0b1 845a73f7: add_timer_randomness(.. 8388864) with jiffies: 16699943211857838870, cycles: -1746800866146385909
[    5.972730] random 0090 0000 0000 45b1d0b1 845a73f7: add_disk_randomness(8:0) 45b1d0b1 845a73f7
[    5.972733] random 0090 0000 0000 45b1d0b1 845a73f7: add_timer_randomness(.. 8388864) with jiffies: 16749141143110517532, cycles: -1697602934893707253
[    5.981824] random 0090 0000 0000 45b1d0b1 845a73f7: add_disk_randomness(8:0) 45b1d0b1 845a73f7
[    5.981828] random 0090 0000 0000 45b1d0b1 845a73f7: add_timer_randomness(.. 8388864) with jiffies: 16830956134045811493, cycles: -1615787943958413301
[    5.981830] random 0090 0000 0000 45b1d0b1 845a73f7: added 1 entropy credits to input
[    5.989247] random 0091 0000 0000 45b1d0b1 845a73f7: add_disk_randomness(8:0) 45b1d0b1 845a73f7
[    5.989250] random 0091 0000 0000 45b1d0b1 845a73f7: add_timer_randomness(.. 8388864) with jiffies: 16897730411503518508, cycles: -1549013666500706293
[    5.989252] random 0091 0000 0000 45b1d0b1 845a73f7: added 1 entropy credits to input
[    5.998928] random 0092 0000 0000 45b1d0b1 845a73f7: add_disk_randomness(8:0) 45b1d0b1 845a73f7
[    5.998931] random 0092 0000 0000 45b1d0b1 845a73f7: add_timer_randomness(.. 8388864) with jiffies: 16984814957943817014, cycles: -1461929120060407797
[    5.998934] random 0092 0000 0000 45b1d0b1 845a73f7: added 1 entropy credits to input
[    6.009562] random 0093 0000 0000 45b1d0b1 845a73f7: add_disk_randomness(8:0) 45b1d0b1 845a73f7
[    6.009565] random 0093 0000 0000 45b1d0b1 845a73f7: add_timer_randomness(.. 8388864) with jiffies: 17080469905464853313, cycles: -1366274172539371509
[    6.022082] random 0093 0000 0000 45b1d0b1 845a73f7: add_disk_randomness(8:0) 45b1d0b1 845a73f7
[    6.022085] random 0093 0000 0000 45b1d0b1 845a73f7: add_timer_randomness(.. 8388864) with jiffies: 17193098026868769613, cycles: -1253646051135455221
[    6.023289] random 0093 0000 0000 45b1d0b1 845a73f7: add_disk_randomness(8:0) 45b1d0b1 845a73f7
[    6.023291] random 0093 0000 0000 45b1d0b1 845a73f7: add_timer_randomness(.. 8388864) with jiffies: 17203957825906901838, cycles: -1242786252097322997
[    6.027306] random 0093 0000 0000 45b1d0b1 845a73f7: add_disk_randomness(8:0) 45b1d0b1 845a73f7
[    6.027309] random 0093 0000 0000 45b1d0b1 845a73f7: add_timer_randomness(.. 8388864) with jiffies: 17240093365748073298, cycles: -1206650712256151541
[    6.027311] random 0093 0000 0000 45b1d0b1 845a73f7: added 1 entropy credits to input
[    6.036649] random 0094 0000 0000 45b1d0b1 845a73f7: add_disk_randomness(8:0) 45b1d0b1 845a73f7
[    6.036652] random 0094 0000 0000 45b1d0b1 845a73f7: add_timer_randomness(.. 8388864) with jiffies: 17324135073888043868, cycles: -1122609004116180981
[    6.036655] random 0094 0000 0000 45b1d0b1 845a73f7: added 1 entropy credits to input
[    6.037037] random 0095 0000 0000 45b1d0b1 845a73f7: add_disk_randomness(8:0) 45b1d0b1 845a73f7
[    6.037040] random 0095 0000 0000 45b1d0b1 845a73f7: add_timer_randomness(.. 8388864) with jiffies: 17327632946793513820, cycles: -1119111131210711029
[    6.052663] random 0095 0000 0000 45b1d0b1 845a73f7: add_disk_randomness(8:0) 45b1d0b1 845a73f7
[    6.052666] random 0095 0000 0000 45b1d0b1 845a73f7: add_timer_randomness(.. 8388864) with jiffies: 17468184819547210604, cycles: -978559258457014261
[    6.052668] random 0095 0000 0000 45b1d0b1 845a73f7: added 4 entropy credits to input
[    6.054293] random 0099 0000 0000 45b1d0b1 845a73f7: add_disk_randomness(8:0) 45b1d0b1 845a73f7
[    6.054296] random 0099 0000 0000 45b1d0b1 845a73f7: add_timer_randomness(.. 8388864) with jiffies: 17482865430081799021, cycles: -963878647922425845
[    6.054441] random 0099 0000 0000 45b1d0b1 845a73f7: add_disk_randomness(8:0) 45b1d0b1 845a73f7
[    6.054444] random 0099 0000 0000 45b1d0b1 845a73f7: add_timer_randomness(.. 8388864) with jiffies: 17484181545500246894, cycles: -962562532503977973
[    6.065318] random 0099 0000 0000 45b1d0b1 845a73f7: add_disk_randomness(8:0) 45b1d0b1 845a73f7
[    6.065320] random 0099 0000 0000 45b1d0b1 845a73f7: add_timer_randomness(.. 8388864) with jiffies: 17582033944318804856, cycles: -864710133685420021
[    6.065323] random 0099 0000 0000 45b1d0b1 845a73f7: added 3 entropy credits to input
[    6.065886] random 0102 0000 0000 45b1d0b1 845a73f7: add_disk_randomness(8:0) 45b1d0b1 845a73f7
[    6.065889] random 0102 0000 0000 45b1d0b1 845a73f7: add_timer_randomness(.. 8388864) with jiffies: 17587144487249609593, cycles: -859599590754615285
[    6.071113] random 0102 0000 0000 45b1d0b1 845a73f7: add_disk_randomness(8:0) 45b1d0b1 845a73f7
[    6.071116] random 0102 0000 0000 45b1d0b1 845a73f7: add_timer_randomness(.. 8388864) with jiffies: 17634162872923423614, cycles: -812581205080801269
[    6.071119] random 0102 0000 0000 45b1d0b1 845a73f7: added 2 entropy credits to input
[    6.072907] random 0104 0000 0000 45b1d0b1 845a73f7: add_disk_randomness(8:0) 45b1d0b1 845a73f7
