[    0.000000] random 0000 0000 0000 00000000 00000000: rand_read_num 1 get_random_bytes(8): sig 00000000 00000000 00000000
[    0.000000] random 0000 0000 0000 00000000 00000000: extract_entropy(.. 8 ..)
[    0.000000] random 0000 0000 0000 00000000 00000000: going to reseed nonblocking with 64 bits (64 of 0 requested)
[    0.000000] random 0000 0000 0000 00000000 00000000: extract_entropy(.. 8 ..)
[    0.000000] random 0000 0000 0000 00000000 00000000: trying to extract 64 bits from input
[    0.000000] random 0000 0000 0000 00000000 00000000: debiting 0 entropy credits from input
[    0.000000] random 0000 0000 0000 00000000 00000000: extract_entropy account returned: 0 
[    0.000000] random 0000 0000 0000 00000000 00000000: urand_change_num 1 xfer_secondary_pool(8): pool_sig 00000000, data_sig 00000000, bytes_mixed 0 00000000 00000000
[    0.000000] random 0000 0000 0000 00000000 00000000: trying to extract 64 bits from nonblocking
[    0.000000] random 0000 0000 0000 00000000 00000000: debiting 64 entropy credits from nonblocking (unlimited)
[    0.000000] random 0000 0000 0000 00000000 00000000: extract_entropy account returned: 8 
[    0.000000] random 0000 0000 0000 00000000 00000000: urand_change_num 2 extract_buf: pool_sig 00000000, data_sig fffffff9, bytes_mixed 20 00000000 00000000
[    0.000000] Linux version 2.6.32.57 (dcashman@dcashman-02) (gcc version 4.3.3 (GCC) ) #6 Thu May 30 09:02:12 PDT 2013
[    0.000000] KERNEL supported cpus:
[    0.000000]   Intel GenuineIntel
[    0.000000]   AMD AuthenticAMD
[    0.000000]   NSC Geode by NSC
[    0.000000]   Cyrix CyrixInstead
[    0.000000]   Centaur CentaurHauls
[    0.000000]   Transmeta GenuineTMx86
[    0.000000]   Transmeta TransmetaCPU
[    0.000000]   UMC UMC UMC UMC
[    0.000000] BIOS-provided physical RAM map:
[    0.000000]  BIOS-e820: 0000000000000000 - 000000000009d800 (usable)
[    0.000000]  BIOS-e820: 000000000009d800 - 00000000000a0000 (reserved)
[    0.000000]  BIOS-e820: 00000000000d2000 - 00000000000d4000 (reserved)
[    0.000000]  BIOS-e820: 00000000000e0000 - 0000000000100000 (reserved)
[    0.000000]  BIOS-e820: 0000000000100000 - 000000003d6b0000 (usable)
[    0.000000]  BIOS-e820: 000000003d6b0000 - 000000003d6cc000 (ACPI data)
[    0.000000]  BIOS-e820: 000000003d6cc000 - 000000003d700000 (ACPI NVS)
[    0.000000]  BIOS-e820: 000000003d700000 - 000000003e000000 (reserved)
[    0.000000]  BIOS-e820: 00000000f0000000 - 00000000f4000000 (reserved)
[    0.000000]  BIOS-e820: 00000000fec00000 - 00000000fec10000 (reserved)
[    0.000000]  BIOS-e820: 00000000fed00000 - 00000000fed00400 (reserved)
[    0.000000]  BIOS-e820: 00000000fed14000 - 00000000fed1a000 (reserved)
[    0.000000]  BIOS-e820: 00000000fed1c000 - 00000000fed90000 (reserved)
[    0.000000]  BIOS-e820: 00000000fee00000 - 00000000fee01000 (reserved)
[    0.000000]  BIOS-e820: 00000000ff000000 - 0000000100000000 (reserved)
[    0.000000] DMI present.
[    0.000000] last_pfn = 0x3d6b0 max_arch_pfn = 0x100000
[    0.000000] MTRR default type: uncachable
[    0.000000] MTRR fixed ranges enabled:
[    0.000000]   00000-9FFFF write-back
[    0.000000]   A0000-BFFFF uncachable
[    0.000000]   C0000-CFFFF write-protect
[    0.000000]   D0000-DFFFF uncachable
[    0.000000]   E0000-FFFFF write-protect
[    0.000000] MTRR variable ranges enabled:
[    0.000000]   0 base 03E000000 mask FFE000000 uncachable
[    0.000000]   1 base 000000000 mask FC0000000 write-back
[    0.000000]   2 base 03D700000 mask FFFF00000 uncachable
[    0.000000]   3 base 03D800000 mask FFF800000 uncachable
[    0.000000]   4 disabled
[    0.000000]   5 disabled
[    0.000000]   6 disabled
[    0.000000]   7 disabled
[    0.000000] initial memory mapped : 0 - 02000000
[    0.000000] init_memory_mapping: 0000000000000000-00000000377fe000
[    0.000000]  0000000000 - 0000400000 page 4k
[    0.000000]  0000400000 - 0037400000 page 2M
[    0.000000]  0037400000 - 00377fe000 page 4k
[    0.000000] kernel direct mapping tables up to 377fe000 @ 7000-c000
[    0.000000] ACPI: RSDP 000f68d0 00024 (v02 LENOVO)
[    0.000000] ACPI: XSDT 3d6bb77f 00094 (v01 LENOVO TP-7L    00002170  LTP 00000000)
[    0.000000] ACPI: FACP 3d6bb900 000F4 (v03 LENOVO TP-7L    00002170 LNVO 00000001)
[    0.000000] ACPI Warning: 32/64X length mismatch in Gpe1Block: 0/32 (20090903/tbfadt-526)
[    0.000000] ACPI Warning: Optional field Gpe1Block has zero address or length: 000000000000102C/0 (20090903/tbfadt-557)
[    0.000000] ACPI: DSDT 3d6bbd1d 0FED1 (v01 LENOVO TP-7L    00002170 MSFT 03000000)
[    0.000000] ACPI: FACS 3d6e4000 00040
[    0.000000] ACPI: SSDT 3d6bbab4 00269 (v01 LENOVO TP-7L    00002170 MSFT 03000000)
[    0.000000] ACPI: ECDT 3d6cbbee 00052 (v01 LENOVO TP-7L    00002170 LNVO 00000001)
[    0.000000] ACPI: TCPA 3d6cbc40 00032 (v02 LENOVO TP-7L    00002170 LNVO 00000001)
[    0.000000] ACPI: APIC 3d6cbc72 00068 (v01 LENOVO TP-7L    00002170 LNVO 00000001)
[    0.000000] ACPI: MCFG 3d6cbcda 0003C (v01 LENOVO TP-7L    00002170 LNVO 00000001)
[    0.000000] ACPI: HPET 3d6cbd16 00038 (v01 LENOVO TP-7L    00002170 LNVO 00000001)
[    0.000000] ACPI: SLIC 3d6cbdf0 00176 (v01 LENOVO TP-7L    00002170  LTP 00000000)
[    0.000000] ACPI: BOOT 3d6cbf66 00028 (v01 LENOVO TP-7L    00002170  LTP 00000001)
[    0.000000] ACPI: ASF! 3d6cbf8e 00072 (v16 LENOVO TP-7L    00002170 PTL  00000001)
[    0.000000] ACPI: SSDT 3d6e26d9 0025F (v01 LENOVO TP-7L    00002170 INTL 20050513)
[    0.000000] ACPI: SSDT 3d6e2938 000A6 (v01 LENOVO TP-7L    00002170 INTL 20050513)
[    0.000000] ACPI: SSDT 3d6e29de 004F7 (v01 LENOVO TP-7L    00002170 INTL 20050513)
[    0.000000] ACPI: SSDT 3d6e2ed5 001D8 (v01 LENOVO TP-7L    00002170 INTL 20050513)
[    0.000000] ACPI: DMI detected: Lenovo ThinkPad R61
[    0.000000] ACPI: Added _OSI(Linux)
[    0.000000] ACPI: Local APIC address 0xfee00000
[    0.000000] 94MB HIGHMEM available.
[    0.000000] 887MB LOWMEM available.
[    0.000000]   mapped low ram: 0 - 377fe000
[    0.000000]   low ram: 0 - 377fe000
[    0.000000]   node 0 low ram: 00000000 - 377fe000
[    0.000000]   node 0 bootmap 00008000 - 0000ef00
[    0.000000] (6 early reservations) ==> bootmem [0000000000 - 00377fe000]
[    0.000000]   #0 [0000000000 - 0000001000]   BIOS data page ==> [0000000000 - 0000001000]
[    0.000000]   #1 [0001000000 - 0001bdc180]    TEXT DATA BSS ==> [0001000000 - 0001bdc180]
[    0.000000]   #2 [000009d800 - 0000100000]    BIOS reserved ==> [000009d800 - 0000100000]
[    0.000000]   #3 [0001bdd000 - 0001be516c]              BRK ==> [0001bdd000 - 0001be516c]
[    0.000000]   #4 [0000007000 - 0000008000]          PGTABLE ==> [0000007000 - 0000008000]
[    0.000000]   #5 [0000008000 - 000000f000]          BOOTMAP ==> [0000008000 - 000000f000]
[    0.000000] found SMP MP-table at [c00f6900] f6900
[    0.000000] Zone PFN ranges:
[    0.000000]   DMA      0x00000000 -> 0x00001000
[    0.000000]   Normal   0x00001000 -> 0x000377fe
[    0.000000]   HighMem  0x000377fe -> 0x0003d6b0
[    0.000000] Movable zone start PFN for each node
[    0.000000] early_node_map[2] active PFN ranges
[    0.000000]     0: 0x00000000 -> 0x0000009d
[    0.000000]     0: 0x00000100 -> 0x0003d6b0
[    0.000000] On node 0 totalpages: 251469
[    0.000000] free_area_init_node: node 0, pgdat c1901ea0, node_mem_map c1be7000
[    0.000000]   DMA zone: 32 pages used for memmap
[    0.000000]   DMA zone: 0 pages reserved
[    0.000000]   DMA zone: 3965 pages, LIFO batch:0
[    0.000000]   Normal zone: 1744 pages used for memmap
[    0.000000]   Normal zone: 221486 pages, LIFO batch:31
[    0.000000]   HighMem zone: 190 pages used for memmap
[    0.000000]   HighMem zone: 24052 pages, LIFO batch:3
[    0.000000] Using APIC driver default
[    0.000000] ACPI: PM-Timer IO Port: 0x1008
[    0.000000] ACPI: Local APIC address 0xfee00000
[    0.000000] ACPI: LAPIC (acpi_id[0x00] lapic_id[0x00] enabled)
[    0.000000] ACPI: LAPIC (acpi_id[0x01] lapic_id[0x01] enabled)
[    0.000000] ACPI: NR_CPUS/possible_cpus limit of 1 reached.  Processor 1/0x1 ignored.
[    0.000000] ACPI: LAPIC_NMI (acpi_id[0x00] high edge lint[0x1])
[    0.000000] ACPI: LAPIC_NMI (acpi_id[0x01] high edge lint[0x1])
[    0.000000] ACPI: IOAPIC (id[0x01] address[0xfec00000] gsi_base[0])
[    0.000000] IOAPIC[0]: apic_id 1, version 32, address 0xfec00000, GSI 0-23
[    0.000000] ACPI: INT_SRC_OVR (bus 0 bus_irq 0 global_irq 2 dfl dfl)
[    0.000000] ACPI: INT_SRC_OVR (bus 0 bus_irq 9 global_irq 9 high level)
[    0.000000] ACPI: IRQ0 used by override.
[    0.000000] ACPI: IRQ2 used by override.
[    0.000000] ACPI: IRQ9 used by override.
[    0.000000] Using ACPI (MADT) for SMP configuration information
[    0.000000] ACPI: HPET id: 0x8086a201 base: 0xfed00000
[    0.000000] nr_irqs_gsi: 24
[    0.000000] PM: Registered nosave memory: 000000000009d000 - 000000000009e000
[    0.000000] PM: Registered nosave memory: 000000000009e000 - 00000000000a0000
[    0.000000] PM: Registered nosave memory: 00000000000a0000 - 00000000000d2000
[    0.000000] PM: Registered nosave memory: 00000000000d2000 - 00000000000d4000
[    0.000000] PM: Registered nosave memory: 00000000000d4000 - 00000000000e0000
[    0.000000] PM: Registered nosave memory: 00000000000e0000 - 0000000000100000
[    0.000000] Allocating PCI resources starting at 3e000000 (gap: 3e000000:b2000000)
[    0.000000] Built 1 zonelists in Zone order, mobility grouping on.  Total pages: 249503
[    0.000000] Kernel command line: auto BOOT_IMAGE=Linux ro root=802 vt.default_utf8=0 maxcpus=0
[    0.000000] PID hash table entries: 4096 (order: 2, 16384 bytes)
[    0.000000] Dentry cache hash table entries: 131072 (order: 7, 524288 bytes)
[    0.000000] Inode-cache hash table entries: 65536 (order: 6, 262144 bytes)
[    0.000000] Enabling fast FPU save and restore... done.
[    0.000000] Enabling unmasked SIMD FPU exception support... done.
[    0.000000] Initializing CPU#0
[    0.000000] Initializing HighMem for node 0 (000377fe:0003d6b0)
[    0.000000] Memory: 984800k/1006272k available (6915k kernel code, 20876k reserved, 2327k data, 448k init, 96968k highmem)
[    0.000000] virtual kernel memory layout:
[    0.000000]     fixmap  : 0xfffa3000 - 0xfffff000   ( 368 kB)
[    0.000000]     pkmap   : 0xff800000 - 0xffc00000   (4096 kB)
[    0.000000]     vmalloc : 0xf7ffe000 - 0xff7fe000   ( 120 MB)
[    0.000000]     lowmem  : 0xc0000000 - 0xf77fe000   ( 887 MB)
[    0.000000]       .init : 0xc1907000 - 0xc1977000   ( 448 kB)
[    0.000000]       .data : 0xc16c0d3f - 0xc1906c64   (2327 kB)
[    0.000000]       .text : 0xc1000000 - 0xc16c0d3f   (6915 kB)
[    0.000000] Checking if this processor honours the WP bit even in supervisor mode...Ok.
[    0.000000] SLUB: Genslabs=13, HWalign=64, Order=0-3, MinObjects=0, CPUs=1, Nodes=1
[    0.000000] Hierarchical RCU implementation.
[    0.000000] NR_IRQS:288
[    0.000000] Extended CMOS year: 2000
[    0.000000] Console: colour VGA+ 80x25
[    0.000000] console [tty0] enabled
[    0.000000] hpet clockevent registered
[    0.000000] Fast TSC calibration using PIT
[    0.000000] Detected 2095.146 MHz processor.
[    0.001002] Calibrating delay loop (skipped), value calculated using timer frequency.. 4190.29 BogoMIPS (lpj=2095146)
[    0.001173] Security Framework initialized
[    0.001260] Mount-cache hash table entries: 512
[    0.001409] CPU: L1 I cache: 32K, L1 D cache: 32K
[    0.001531] CPU: L2 cache: 3072K
[    0.001613] mce: CPU supports 6 MCE banks
[    0.001700] CPU0: Thermal monitoring enabled (TM2)
[    0.002003] using mwait in idle threads.
[    0.002088] CPU: Intel(R) Core(TM)2 Duo CPU     T8100  @ 2.10GHz stepping 06
[    0.002272] Checking 'hlt' instruction... OK.
[    0.006936] ACPI: Core revision 20090903
[    0.026013] RANDOM get_random_int first call with cycles 32580116919, jiffies 4294667322 and pid 0
[    0.026020] CANARY value: 76a2ad39 for PID: 1
[    0.026027] CANARY value: 9ee3056a for PID: 2
[    0.026052] Enabling APIC mode:  Flat.  Using 1 I/O APICs
[    0.026508] ..TIMER: vector=0x30 apic1=0 pin1=2 apic2=-1 pin2=-1
[    0.036997] xor: automatically using best checksumming function: pIII_sse
[    0.040998]    pIII_sse  :  8568.000 MB/sec
[    0.041086] xor: using function: pIII_sse (8568.000 MB/sec)
[    0.041174] RANDOM - __seed init called.
[    0.041175] RANDOM - __seed init called.
[    0.041175] RANDOM - __seed init called.
[    0.041177] RANDOM - __random32 called. Change num 1.  Value: e6b75c0e	845fdb3c	4764ecc7
[    0.041179] RANDOM - __random32 called. Change num 2.  Value: 75c0e1a6	45fdb3ca	d98f8871
[    0.041181] RANDOM - __random32 called. Change num 3.  Value: e1a6d3e	5fdb3ca9	10e2be79
[    0.041182] RANDOM - __random32 called. Change num 4.  Value: a6d3e877	fdb3ca90	7cf2fee9
[    0.041184] RANDOM - __random32 called. Change num 5.  Value: 3e877b7b	db3ca905	fdd36ca1
[    0.041186] RANDOM - __random32 called. Change num 6.  Value: 77b7ba3d	b3ca905b	d9426901
[    0.041187] RANDOM - random32 init called.  Value: 77b7ba3d	b3ca905b	d9426901
[    0.041205] NET: Registered protocol family 16
[    0.041471] ACPI FADT declares the system doesn't support PCIe ASPM, so disable it
[    0.041593] ACPI: bus type pci registered
[    0.041761] PCI: MCFG configuration 0: base f0000000 segment 0 buses 0 - 63
[    0.041853] PCI: MCFG area at f0000000 reserved in E820
[    0.041944] PCI: Using MMCONFIG for extended config space
[    0.042002] PCI: Using configuration type 1 for base access
[    0.045140] bio: create slab <bio-0> at 0
[    0.045950] ACPI: EC: EC description table is found, configuring boot EC
[    0.051113] ACPI: BIOS _OSI(Linux) query honored via DMI
[    0.051835] random 0000 0000 0000 00000000 00000000: rand_read_num 2 get_random_bytes(8): sig fffffe1a 00000000 00000000
[    0.051838] random 0000 0000 0000 00000000 00000000: extract_entropy(.. 8 ..)
[    0.051841] random 0000 0000 0000 00000000 00000000: going to reseed nonblocking with 64 bits (64 of 0 requested)
[    0.051843] random 0000 0000 0000 00000000 00000000: extract_entropy(.. 8 ..)
[    0.051845] random 0000 0000 0000 00000000 00000000: trying to extract 64 bits from input
[    0.051847] random 0000 0000 0000 00000000 00000000: debiting 0 entropy credits from input
[    0.051849] random 0000 0000 0000 00000000 00000000: extract_entropy account returned: 0 
[    0.051852] random 0000 0000 0000 00000000 00000000: urand_change_num 3 xfer_secondary_pool(8): pool_sig fffffe1a, data_sig 00000000, bytes_mixed 0 00000000 00000000
[    0.051855] random 0000 0000 0000 00000000 00000000: trying to extract 64 bits from nonblocking
[    0.051858] random 0000 0000 0000 00000000 00000000: debiting 64 entropy credits from nonblocking (unlimited)
[    0.051860] random 0000 0000 0000 00000000 00000000: extract_entropy account returned: 8 
[    0.051864] random 0000 0000 0000 00000000 00000000: urand_change_num 4 extract_buf: pool_sig fffffe1a, data_sig fffffed7, bytes_mixed 20 00000000 00000000
[    0.057674] ACPI: Interpreter enabled
[    0.057767] ACPI: (supports S0 S3 S4 S5)
[    0.057998] ACPI: Using IOAPIC for interrupt routing
[    0.067572] ACPI: EC: GPE = 0x12, I/O: command/status = 0x66, data = 0x62
[    0.067851] ACPI: Power Resource [PUBS] (on)
[    0.069969] ACPI: ACPI Dock Station Driver: 3 docks/bays found
[    0.070317] ACPI: PCI Root Bridge [PCI0] (0000:00)
[    0.070488] pci 0000:00:02.0: reg 10 64bit mmio: [0xf8100000-0xf81fffff]
[    0.070494] pci 0000:00:02.0: reg 18 64bit mmio pref: [0xe0000000-0xefffffff]
[    0.070498] pci 0000:00:02.0: reg 20 io port: [0x1800-0x1807]
[    0.070532] pci 0000:00:02.1: reg 10 64bit mmio: [0xf8200000-0xf82fffff]
[    0.070633] pci 0000:00:19.0: reg 10 32bit mmio: [0xfe000000-0xfe01ffff]
[    0.070642] pci 0000:00:19.0: reg 14 32bit mmio: [0xfe025000-0xfe025fff]
[    0.070649] pci 0000:00:19.0: reg 18 io port: [0x1840-0x185f]
[    0.070724] pci 0000:00:19.0: PME# supported from D0 D3hot D3cold
[    0.070824] pci 0000:00:19.0: PME# disabled
[    0.071057] pci 0000:00:1a.0: reg 20 io port: [0x1860-0x187f]
[    0.071131] pci 0000:00:1a.1: reg 20 io port: [0x1880-0x189f]
[    0.071219] pci 0000:00:1a.7: reg 10 32bit mmio: [0xfe226c00-0xfe226fff]
[    0.071301] pci 0000:00:1a.7: PME# supported from D0 D3hot D3cold
[    0.071396] pci 0000:00:1a.7: PME# disabled
[    0.071544] pci 0000:00:1b.0: reg 10 64bit mmio: [0xfe020000-0xfe023fff]
[    0.071623] pci 0000:00:1b.0: PME# supported from D0 D3hot D3cold
[    0.071716] pci 0000:00:1b.0: PME# disabled
[    0.071911] pci 0000:00:1c.0: PME# supported from D0 D3hot D3cold
[    0.071999] pci 0000:00:1c.0: PME# disabled
[    0.072207] pci 0000:00:1c.1: PME# supported from D0 D3hot D3cold
[    0.072302] pci 0000:00:1c.1: PME# disabled
[    0.072506] pci 0000:00:1c.2: PME# supported from D0 D3hot D3cold
[    0.072602] pci 0000:00:1c.2: PME# disabled
[    0.072805] pci 0000:00:1c.3: PME# supported from D0 D3hot D3cold
[    0.072905] pci 0000:00:1c.3: PME# disabled
[    0.073113] pci 0000:00:1c.4: PME# supported from D0 D3hot D3cold
[    0.073206] pci 0000:00:1c.4: PME# disabled
[    0.074035] pci 0000:00:1d.0: reg 20 io port: [0x18a0-0x18bf]
[    0.074112] pci 0000:00:1d.1: reg 20 io port: [0x18c0-0x18df]
[    0.074187] pci 0000:00:1d.2: reg 20 io port: [0x18e0-0x18ff]
[    0.074286] pci 0000:00:1d.7: reg 10 32bit mmio: [0xfe227000-0xfe2273ff]
[    0.074386] pci 0000:00:1d.7: PME# supported from D0 D3hot D3cold
[    0.074482] pci 0000:00:1d.7: PME# disabled
[    0.074773] pci 0000:00:1f.0: quirk: region 1000-107f claimed by ICH6 ACPI/GPIO/TCO
[    0.074901] pci 0000:00:1f.0: quirk: region 1180-11bf claimed by ICH6 GPIO
[    0.074998] pci 0000:00:1f.0: ICH7 LPC Generic IO decode 1 PIO at 1600 (mask 007f)
[    0.075123] pci 0000:00:1f.0: ICH7 LPC Generic IO decode 2 PIO at 15e0 (mask 000f)
[    0.075251] pci 0000:00:1f.0: ICH7 LPC Generic IO decode 3 PIO at 1680 (mask 001f)
[    0.075466] pci 0000:00:1f.1: reg 10 io port: [0x00-0x07]
[    0.075475] pci 0000:00:1f.1: reg 14 io port: [0x00-0x03]
[    0.075481] pci 0000:00:1f.1: reg 18 io port: [0x00-0x07]
[    0.075493] pci 0000:00:1f.1: reg 1c io port: [0x00-0x03]
[    0.075505] pci 0000:00:1f.1: reg 20 io port: [0x1c00-0x1c0f]
[    0.075597] pci 0000:00:1f.2: reg 10 io port: [0x1c50-0x1c57]
[    0.075606] pci 0000:00:1f.2: reg 14 io port: [0x1c44-0x1c47]
[    0.075612] pci 0000:00:1f.2: reg 18 io port: [0x1c48-0x1c4f]
[    0.075621] pci 0000:00:1f.2: reg 1c io port: [0x1c40-0x1c43]
[    0.075630] pci 0000:00:1f.2: reg 20 io port: [0x1c20-0x1c3f]
[    0.075639] pci 0000:00:1f.2: reg 24 32bit mmio: [0xfe226000-0xfe2267ff]
[    0.075699] pci 0000:00:1f.2: PME# supported from D3hot
[    0.075792] pci 0000:00:1f.2: PME# disabled
[    0.075916] pci 0000:00:1f.3: reg 10 32bit mmio: [0xfe227400-0xfe2274ff]
[    0.075941] pci 0000:00:1f.3: reg 20 io port: [0x1c60-0x1c7f]
[    0.076040] pci 0000:00:1c.0: bridge io port: [0x2000-0x2fff]
[    0.076046] pci 0000:00:1c.0: bridge 32bit mmio: [0xfc000000-0xfdffffff]
[    0.076058] pci 0000:00:1c.0: bridge 64bit mmio pref: [0xf8000000-0xf80fffff]
[    0.076128] pci 0000:03:00.0: reg 10 64bit mmio: [0xdf3f0000-0xdf3fffff]
[    0.076323] pci 0000:00:1c.1: bridge io port: [0x3000-0x3fff]
[    0.076329] pci 0000:00:1c.1: bridge 32bit mmio: [0xdc000000-0xdf3fffff]
[    0.076336] pci 0000:00:1c.1: bridge 64bit mmio pref: [0xdfe00000-0xdfefffff]
[    0.076392] pci 0000:00:1c.2: bridge io port: [0x4000-0x4fff]
[    0.076398] pci 0000:00:1c.2: bridge 32bit mmio: [0xd8000000-0xd9ffffff]
[    0.076405] pci 0000:00:1c.2: bridge 64bit mmio pref: [0xdfb00000-0xdfbfffff]
[    0.076462] pci 0000:00:1c.3: bridge io port: [0x5000-0x5fff]
[    0.076466] pci 0000:00:1c.3: bridge 32bit mmio: [0xd4000000-0xd5ffffff]
[    0.076475] pci 0000:00:1c.3: bridge 64bit mmio pref: [0xdf800000-0xdf8fffff]
[    0.076534] pci 0000:00:1c.4: bridge io port: [0x6000-0x6fff]
[    0.076541] pci 0000:00:1c.4: bridge 32bit mmio: [0xd0000000-0xd1ffffff]
[    0.076550] pci 0000:00:1c.4: bridge 64bit mmio pref: [0xdf500000-0xdf5fffff]
[    0.076602] pci 0000:15:00.0: reg 10 32bit mmio: [0xf8300000-0xf8300fff]
[    0.076652] pci 0000:15:00.0: supports D1 D2
[    0.076653] pci 0000:15:00.0: PME# supported from D0 D1 D2 D3hot D3cold
[    0.076751] pci 0000:15:00.0: PME# disabled
[    0.076894] pci 0000:15:00.1: reg 10 32bit mmio: [0xf8301000-0xf83017ff]
[    0.077005] pci 0000:15:00.1: supports D1 D2
[    0.077007] pci 0000:15:00.1: PME# supported from D0 D1 D2 D3hot D3cold
[    0.077104] pci 0000:15:00.1: PME# disabled
[    0.077295] pci 0000:00:1e.0: transparent bridge
[    0.077387] pci 0000:00:1e.0: bridge io port: [0x7000-0xafff]
[    0.077392] pci 0000:00:1e.0: bridge 32bit mmio: [0xf8300000-0xfbffffff]
[    0.077400] pci 0000:00:1e.0: bridge 64bit mmio pref: [0xf4000000-0xf7ffffff]
[    0.077470] pci_bus 0000:00: on NUMA node 0
[    0.077474] ACPI: PCI Interrupt Routing Table [\_SB_.PCI0._PRT]
[    0.077608] ACPI: PCI Interrupt Routing Table [\_SB_.PCI0.EXP0._PRT]
[    0.077667] ACPI: PCI Interrupt Routing Table [\_SB_.PCI0.EXP1._PRT]
[    0.077725] ACPI: PCI Interrupt Routing Table [\_SB_.PCI0.EXP2._PRT]
[    0.077783] ACPI: PCI Interrupt Routing Table [\_SB_.PCI0.EXP3._PRT]
[    0.077845] ACPI: PCI Interrupt Routing Table [\_SB_.PCI0.EXP4._PRT]
[    0.077908] ACPI: PCI Interrupt Routing Table [\_SB_.PCI0.PCI1._PRT]
[    0.083373] ACPI: PCI Interrupt Link [LNKA] (IRQs 3 4 5 6 7 9 *10 11)
[    0.084170] ACPI: PCI Interrupt Link [LNKB] (IRQs 3 4 5 6 7 9 10 *11)
[    0.084967] ACPI: PCI Interrupt Link [LNKC] (IRQs 3 4 5 6 7 9 10 *11)
[    0.085724] ACPI: PCI Interrupt Link [LNKD] (IRQs 3 4 5 6 7 9 10 *11)
[    0.086565] ACPI: PCI Interrupt Link [LNKE] (IRQs 3 4 5 6 7 9 10 *11)
[    0.087351] ACPI: PCI Interrupt Link [LNKF] (IRQs 3 4 5 6 7 9 10 *11)
[    0.088159] ACPI: PCI Interrupt Link [LNKG] (IRQs 3 4 5 6 7 9 10 *11)
[    0.088945] ACPI: PCI Interrupt Link [LNKH] (IRQs 3 4 5 6 7 9 10 *11)
[    0.089697] vgaarb: device added: PCI:0000:00:02.0,decodes=io+mem,owns=io+mem,locks=none
[    0.089822] vgaarb: loaded
[    0.090025] SCSI subsystem initialized
[    0.090124] libata version 3.00 loaded.
[    0.090171] usbcore: registered new interface driver usbfs
[    0.090298] usbcore: registered new interface driver hub
[    0.090415] usbcore: registered new device driver usb
[    0.107043] raid6: int32x1    941 MB/s
[    0.124058] raid6: int32x2    890 MB/s
[    0.141068] raid6: int32x4    750 MB/s
[    0.157991] raid6: int32x8    656 MB/s
[    0.174988] raid6: mmxx1     2878 MB/s
[    0.191987] raid6: mmxx2     3253 MB/s
[    0.208989] raid6: sse1x1    1937 MB/s
[    0.225998] raid6: sse1x2    2535 MB/s
[    0.242991] raid6: sse2x1    3507 MB/s
[    0.259970] raid6: sse2x2    3828 MB/s
[    0.260065] raid6: using algorithm sse2x2 (3828 MB/s)
[    0.260158] PCI: Using ACPI for IRQ routing
[    0.260464] HPET: 3 timers in total, 0 timers will be used for per-cpu timer
[    0.260988] Switching to clocksource tsc
[    0.261087] pnp: PnP ACPI init
[    0.261186] ACPI: bus type pnp registered
[    0.264829] pnp: PnP ACPI: found 11 devices
[    0.264932] ACPI: ACPI bus type pnp unregistered
[    0.265026] system 00:00: iomem range 0x0-0x9ffff could not be reserved
[    0.265119] system 00:00: iomem range 0xc0000-0xc3fff could not be reserved
[    0.265213] system 00:00: iomem range 0xc4000-0xc7fff could not be reserved
[    0.265305] system 00:00: iomem range 0xc8000-0xcbfff has been reserved
[    0.265400] system 00:00: iomem range 0xcc000-0xcffff has been reserved
[    0.265492] system 00:00: iomem range 0xd0000-0xd3fff could not be reserved
[    0.265585] system 00:00: iomem range 0xe0000-0xe3fff could not be reserved
[    0.265673] system 00:00: iomem range 0xe4000-0xe7fff could not be reserved
[    0.265765] system 00:00: iomem range 0xe8000-0xebfff could not be reserved
[    0.265863] system 00:00: iomem range 0xec000-0xeffff could not be reserved
[    0.265956] system 00:00: iomem range 0xf0000-0xfffff could not be reserved
[    0.266049] system 00:00: iomem range 0x100000-0x3dffffff could not be reserved
[    0.266171] system 00:00: iomem range 0xfec00000-0xfed3ffff could not be reserved
[    0.266295] system 00:00: iomem range 0xfed4c000-0xffffffff could not be reserved
[    0.266422] system 00:02: ioport range 0x164e-0x164f has been reserved
[    0.266515] system 00:02: ioport range 0x1000-0x107f has been reserved
[    0.266601] system 00:02: ioport range 0x1180-0x11bf has been reserved
[    0.266693] system 00:02: ioport range 0x800-0x80f has been reserved
[    0.266789] system 00:02: ioport range 0x15e0-0x15ef has been reserved
[    0.266885] system 00:02: ioport range 0x1600-0x165f could not be reserved
[    0.266978] system 00:02: iomem range 0xf0000000-0xf3ffffff has been reserved
[    0.267068] system 00:02: iomem range 0xfed1c000-0xfed1ffff has been reserved
[    0.267161] system 00:02: iomem range 0xfed14000-0xfed17fff has been reserved
[    0.267255] system 00:02: iomem range 0xfed18000-0xfed18fff has been reserved
[    0.267349] system 00:02: iomem range 0xfed19000-0xfed19fff has been reserved
[    0.267440] system 00:02: iomem range 0xfed45000-0xfed4bfff has been reserved
[    0.302473] pci 0000:00:1c.0: PCI bridge, secondary bus 0000:02
[    0.302570] pci 0000:00:1c.0:   IO window: 0x2000-0x2fff
[    0.302667] pci 0000:00:1c.0:   MEM window: 0xfc000000-0xfdffffff
[    0.302759] pci 0000:00:1c.0:   PREFETCH window: 0x000000f8000000-0x000000f80fffff
[    0.302891] pci 0000:00:1c.1: PCI bridge, secondary bus 0000:03
[    0.302986] pci 0000:00:1c.1:   IO window: 0x3000-0x3fff
[    0.303079] pci 0000:00:1c.1:   MEM window: 0xdc000000-0xdf3fffff
[    0.303172] pci 0000:00:1c.1:   PREFETCH window: 0x000000dfe00000-0x000000dfefffff
[    0.303303] pci 0000:00:1c.2: PCI bridge, secondary bus 0000:04
[    0.303399] pci 0000:00:1c.2:   IO window: 0x4000-0x4fff
[    0.303507] pci 0000:00:1c.2:   MEM window: 0xd8000000-0xd9ffffff
[    0.303608] pci 0000:00:1c.2:   PREFETCH window: 0x000000dfb00000-0x000000dfbfffff
[    0.303734] pci 0000:00:1c.3: PCI bridge, secondary bus 0000:05
[    0.303828] pci 0000:00:1c.3:   IO window: 0x5000-0x5fff
[    0.303926] pci 0000:00:1c.3:   MEM window: 0xd4000000-0xd5ffffff
[    0.304021] pci 0000:00:1c.3:   PREFETCH window: 0x000000df800000-0x000000df8fffff
[    0.304151] pci 0000:00:1c.4: PCI bridge, secondary bus 0000:0d
[    0.304244] pci 0000:00:1c.4:   IO window: 0x6000-0x6fff
[    0.304338] pci 0000:00:1c.4:   MEM window: 0xd0000000-0xd1ffffff
[    0.304431] pci 0000:00:1c.4:   PREFETCH window: 0x000000df500000-0x000000df5fffff
[    0.304559] pci 0000:15:00.0: CardBus bridge, secondary bus 0000:16
[    0.304656] pci 0000:15:00.0:   IO window: 0x007000-0x0070ff
[    0.304750] pci 0000:15:00.0:   IO window: 0x007400-0x0074ff
[    0.304844] pci 0000:15:00.0:   PREFETCH window: 0xf4000000-0xf7ffffff
[    0.304956] pci 0000:15:00.0:   MEM window: 0x40000000-0x43ffffff
[    0.305051] pci 0000:00:1e.0: PCI bridge, secondary bus 0000:15
[    0.305139] pci 0000:00:1e.0:   IO window: 0x7000-0xafff
[    0.305235] pci 0000:00:1e.0:   MEM window: 0xf8300000-0xfbffffff
[    0.305330] pci 0000:00:1e.0:   PREFETCH window: 0x000000f4000000-0x000000f7ffffff
[    0.305470] pci 0000:00:1c.0: PCI INT A -> GSI 20 (level, low) -> IRQ 20
[    0.305571] pci 0000:00:1c.0: setting latency timer to 64
[    0.305585] pci 0000:00:1c.1: PCI INT B -> GSI 21 (level, low) -> IRQ 21
[    0.305682] pci 0000:00:1c.1: setting latency timer to 64
[    0.305693] pci 0000:00:1c.2: PCI INT C -> GSI 22 (level, low) -> IRQ 22
[    0.305789] pci 0000:00:1c.2: setting latency timer to 64
[    0.305805] pci 0000:00:1c.3: PCI INT D -> GSI 23 (level, low) -> IRQ 23
[    0.305904] pci 0000:00:1c.3: setting latency timer to 64
[    0.305915] pci 0000:00:1c.4: PCI INT A -> GSI 20 (level, low) -> IRQ 20
[    0.306012] pci 0000:00:1c.4: setting latency timer to 64
[    0.306019] pci 0000:00:1e.0: enabling device (0005 -> 0007)
[    0.306113] pci 0000:00:1e.0: setting latency timer to 64
[    0.306132] pci 0000:15:00.0: PCI INT A -> GSI 16 (level, low) -> IRQ 16
[    0.306231] pci 0000:15:00.0: setting latency timer to 64
[    0.306237] pci_bus 0000:00: resource 0 io:  [0x00-0xffff]
[    0.306239] pci_bus 0000:00: resource 1 mem: [0x000000-0xffffffff]
[    0.306241] pci_bus 0000:02: resource 0 io:  [0x2000-0x2fff]
[    0.306243] pci_bus 0000:02: resource 1 mem: [0xfc000000-0xfdffffff]
[    0.306245] pci_bus 0000:02: resource 2 pref mem [0xf8000000-0xf80fffff]
[    0.306246] pci_bus 0000:03: resource 0 io:  [0x3000-0x3fff]
[    0.306248] pci_bus 0000:03: resource 1 mem: [0xdc000000-0xdf3fffff]
[    0.306250] pci_bus 0000:03: resource 2 pref mem [0xdfe00000-0xdfefffff]
[    0.306252] pci_bus 0000:04: resource 0 io:  [0x4000-0x4fff]
[    0.306254] pci_bus 0000:04: resource 1 mem: [0xd8000000-0xd9ffffff]
[    0.306256] pci_bus 0000:04: resource 2 pref mem [0xdfb00000-0xdfbfffff]
[    0.306258] pci_bus 0000:05: resource 0 io:  [0x5000-0x5fff]
[    0.306259] pci_bus 0000:05: resource 1 mem: [0xd4000000-0xd5ffffff]
[    0.306261] pci_bus 0000:05: resource 2 pref mem [0xdf800000-0xdf8fffff]
[    0.306263] pci_bus 0000:0d: resource 0 io:  [0x6000-0x6fff]
[    0.306265] pci_bus 0000:0d: resource 1 mem: [0xd0000000-0xd1ffffff]
[    0.306266] pci_bus 0000:0d: resource 2 pref mem [0xdf500000-0xdf5fffff]
[    0.306268] pci_bus 0000:15: resource 0 io:  [0x7000-0xafff]
[    0.306270] pci_bus 0000:15: resource 1 mem: [0xf8300000-0xfbffffff]
[    0.306272] pci_bus 0000:15: resource 2 pref mem [0xf4000000-0xf7ffffff]
[    0.306274] pci_bus 0000:15: resource 3 io:  [0x00-0xffff]
[    0.306275] pci_bus 0000:15: resource 4 mem: [0x000000-0xffffffff]
[    0.306277] pci_bus 0000:16: resource 0 io:  [0x7000-0x70ff]
[    0.306279] pci_bus 0000:16: resource 1 io:  [0x7400-0x74ff]
[    0.306281] pci_bus 0000:16: resource 2 pref mem [0xf4000000-0xf7ffffff]
[    0.306283] pci_bus 0000:16: resource 3 mem: [0x40000000-0x43ffffff]
[    0.306291] NET: Registered protocol family 2
[    0.306380] RANDOM - __random32 called. Change num 7.  Value: 7ba3d01e	3ca905be	d2026a24
[    0.306382] RANDOM - random32 called.  Value: 7ba3d01e	3ca905be	d2026a24
[    0.306387] random 0000 0000 0000 5f8db4e5 4cfdf2a8: rand_read_num 3 get_random_bytes(4): sig fffffb64 5f8db4e5 4cfdf2a8
[    0.306389] random 0000 0000 0000 5f8db4e5 4cfdf2a8: extract_entropy(.. 4 ..)
[    0.306391] random 0000 0000 0000 5f8db4e5 4cfdf2a8: going to reseed nonblocking with 64 bits (32 of 0 requested)
[    0.306394] random 0000 0000 0000 5f8db4e5 4cfdf2a8: extract_entropy(.. 8 ..)
[    0.306396] random 0000 0000 0000 5f8db4e5 4cfdf2a8: trying to extract 64 bits from input
[    0.306398] random 0000 0000 0000 5f8db4e5 4cfdf2a8: debiting 0 entropy credits from input
[    0.306400] random 0000 0000 0000 5f8db4e5 4cfdf2a8: extract_entropy account returned: 0 
[    0.306403] random 0000 0000 0000 5f8db4e5 4cfdf2a8: urand_change_num 5 xfer_secondary_pool(4): pool_sig fffffb64, data_sig 00000000, bytes_mixed 0 5f8db4e5 4cfdf2a8
[    0.306406] random 0000 0000 0000 5f8db4e5 4cfdf2a8: trying to extract 32 bits from nonblocking
[    0.306408] random 0000 0000 0000 5f8db4e5 4cfdf2a8: debiting 32 entropy credits from nonblocking (unlimited)
[    0.306410] random 0000 0000 0000 5f8db4e5 4cfdf2a8: extract_entropy account returned: 4 
[    0.306415] random 0000 0000 0000 5f8db4e5 4cfdf2a8: urand_change_num 6 extract_buf: pool_sig fffffb64, data_sig 00000241, bytes_mixed 20 5f8db4e5 4cfdf2a8
[    0.306424] IP route cache hash table entries: 32768 (order: 5, 131072 bytes)
[    0.306559] RANDOM - __random32 called. Change num 8.  Value: 3d01e034	ca905be7	d4484227
[    0.306561] RANDOM - random32 called.  Value: 3d01e034	ca905be7	d4484227
[    0.306572] RANDOM - __random32 called. Change num 9.  Value: 1e034020	a905be70	844ec14a
[    0.306573] RANDOM - random32 called.  Value: 1e034020	a905be70	844ec14a
[    0.306575] RANDOM - __random32 called. Change num 10.  Value: 34020ec0	905be706	8294c719
[    0.306577] RANDOM - random32 called.  Value: 34020ec0	905be706	8294c719
[    0.306587] RANDOM - __random32 called. Change num 11.  Value: 20ec0ebb	5be7068	8e32c65f
[    0.306589] RANDOM - random32 called.  Value: 20ec0ebb	5be7068	8e32c65f
[    0.306598] TCP established hash table entries: 131072 (order: 8, 1048576 bytes)
[    0.307094] TCP bind hash table entries: 65536 (order: 6, 262144 bytes)
[    0.307284] TCP: Hash tables configured (established 131072 bind 65536)
[    0.307375] TCP reno registered
[    0.307480] NET: Registered protocol family 1
[    0.307598] RPC: Registered udp transport module.
[    0.307687] RPC: Registered tcp transport module.
[    0.307774] RPC: Registered tcp NFSv4.1 backchannel transport module.
[    0.307884] pci 0000:00:02.0: Boot video device
[    0.308110] Simple Boot Flag at 0x35 set to 0x1
[    0.308626] highmem bounce pool size: 64 pages
[    0.310200] VFS: Disk quotas dquot_6.5.2
[    0.310322] Dquot-cache hash table entries: 1024 (order 0, 4096 bytes)
[    0.310999] NTFS driver 2.1.29 [Flags: R/W].
[    0.311159] ROMFS MTD (C) 2007 Red Hat, Inc.
[    0.311369] JFS: nTxBlock = 7695, nTxLock = 61562
[    0.313836] SGI XFS with ACLs, security attributes, large block/inode numbers, no debug enabled
[    0.314346] SGI XFS Quota Management subsystem
[    0.314636] Slow work thread pool: Starting up
[    0.314737] Slow work thread pool: Ready
[    0.314833] GFS2 (built May 24 2013 02:47:17) installed
[    0.314937] msgmni has been set to 1734
[    0.315106] alg: No test for cipher_null (cipher_null-generic)
[    0.315211] alg: No test for ecb(cipher_null) (ecb-cipher_null)
[    0.315312] alg: No test for digest_null (digest_null-generic)
[    0.315408] alg: No test for compress_null (compress_null-generic)
[    0.315977] alg: No test for fcrypt (fcrypt-generic)
[    0.317396] alg: No test for stdrng (krng)
[    0.317488] async_tx: api initialized (async)
[    0.317650] Block layer SCSI generic (bsg) driver version 0.4 loaded (major 254)
[    0.317774] io scheduler noop registered
[    0.317871] io scheduler anticipatory registered
[    0.317961] io scheduler deadline registered
[    0.318095] io scheduler cfq registered (default)
[    0.318340] pcieport 0000:00:1c.0: irq 24 for MSI/MSI-X
[    0.318356] pcieport 0000:00:1c.0: setting latency timer to 64
[    0.318540] pcieport 0000:00:1c.1: irq 25 for MSI/MSI-X
[    0.318549] pcieport 0000:00:1c.1: setting latency timer to 64
[    0.318726] pcieport 0000:00:1c.2: irq 26 for MSI/MSI-X
[    0.318738] pcieport 0000:00:1c.2: setting latency timer to 64
[    0.318932] pcieport 0000:00:1c.3: irq 27 for MSI/MSI-X
[    0.318942] pcieport 0000:00:1c.3: setting latency timer to 64
[    0.319120] pcieport 0000:00:1c.4: irq 28 for MSI/MSI-X
[    0.319131] pcieport 0000:00:1c.4: setting latency timer to 64
[    0.319275] pci_hotplug: PCI Hot Plug PCI Core version: 0.5
[    0.319466] isapnp: Scanning for PnP cards...
[    0.679985] isapnp: No Plug & Play device found
[    0.680076] random 0000 0000 0000 5f8db4e5 4cfdf2a8: initializing
[    0.680078] RANDOM init_std_data for input now value: 1369994679680078193
[    0.680080] RANDOM init_std_data for blocking now value: 1369994679680080202
[    0.680081] RANDOM init_std_data for nonblocking now value: 1369994679680081921
[    0.699682] Serial: 8250/16550 driver, 4 ports, IRQ sharing enabled
[    3.710010] floppy0: no floppy controllers found
[    3.710963] brd: module loaded
[    3.711473] loop: module loaded
[    3.711568] Compaq SMART2 Driver (v 2.6.0)
[    3.711693] HP CISS Driver (v 3.6.20)
[    3.711942] input: Macintosh mouse button emulation as /devices/virtual/input/input0
[    3.712084] Uniform Multi-Platform E-IDE driver
[    3.712308] piix 0000:00:1f.1: IDE controller (0x8086:0x2850 rev 0x03)
[    3.712411] pci 0000:00:1f.1: PCI INT C -> GSI 16 (level, low) -> IRQ 16
[    3.712518] piix 0000:00:1f.1: IDE port disabled
[    3.712611] piix 0000:00:1f.1: not 100% native mode: will probe irqs later
[    3.712716]     ide0: BM-DMA at 0x1c00-0x1c07
[    3.712813] Probing IDE interface ide0...
[    4.384059] hda: HL-DT-ST DVDRAM GSA-U10N, ATAPI CD/DVD-ROM drive
[    4.690795] hda: host max PIO4 wanted PIO255(auto-tune) selected PIO4
[    4.691563] hda: UDMA/33 mode selected
[    4.692032] ide0 at 0x1f0-0x1f7,0x3f6 on irq 14
[    4.695956] ide-gd driver 1.18
[    4.696066] ide-cd driver 5.00
[    4.697455] random 0000 0000 0000 00000000 00000000: add_disk_randomness(0:0) 00000000 00000000
[    4.697459] random 0000 0000 0000 00000000 00000000: add_timer_randomness(.. 256) with jiffies: 17492858904151555706, cycles: -953885173852667895
[    4.697462] random 0000 0000 0000 00000000 00000000: added 11 entropy credits to input
[    4.697465] ide-cd: hda: ATAPI 24X DVD-ROM DVD-R/RAM CD-R/RW drive, 2048kB Cache
[    4.697917] Uniform CD-ROM driver Revision: 3.20
[    4.700679] random 0011 0000 0000 00000000 00000000: add_disk_randomness(0:0) 00000000 00000000
[    4.700682] random 0011 0000 0000 00000000 00000000: add_timer_randomness(.. 256) with jiffies: 17521873018848771709, cycles: -924871059155451895
[    4.700685] random 0011 0000 0000 00000000 00000000: added 1 entropy credits to input
[    4.700687] random 0012 0000 0000 00000000 00000000: add_disk_randomness(0:0) 00000000 00000000
[    4.700690] random 0012 0000 0000 00000000 00000000: add_timer_randomness(.. 256) with jiffies: 17521949095604485757, cycles: -924794982399737847
[    4.702677] random 0012 0000 0000 00000000 00000000: add_disk_randomness(0:0) 00000000 00000000
[    4.702680] random 0012 0000 0000 00000000 00000000: add_timer_randomness(.. 256) with jiffies: 17539850231531404927, cycles: -906893846472818679
[    4.702682] random 0012 0000 0000 00000000 00000000: added 1 entropy credits to input
[    4.702685] random 0013 0000 0000 00000000 00000000: add_disk_randomness(0:0) 00000000 00000000
[    4.702688] random 0013 0000 0000 00000000 00000000: add_timer_randomness(.. 256) with jiffies: 17539925320444640895, cycles: -906818757559582711
[    4.704672] random 0013 0000 0000 00000000 00000000: add_disk_randomness(0:0) 00000000 00000000
[    4.704675] random 0013 0000 0000 00000000 00000000: add_timer_randomness(.. 256) with jiffies: 17557808280069963393, cycles: -888935797934260215
[    4.704678] random 0013 0000 0000 00000000 00000000: added 1 entropy credits to input
[    4.704681] random 0014 0000 0000 00000000 00000000: add_disk_randomness(0:0) 00000000 00000000
[    4.704683] random 0014 0000 0000 00000000 00000000: add_timer_randomness(.. 256) with jiffies: 17557881608046608001, cycles: -888862469957615607
[    4.704957] Loading iSCSI transport class v2.0-870.
[    4.705244] rdac: device handler registered
[    4.705332] hp_sw: device handler registered
[    4.705417] emc: device handler registered
[    4.705504] alua: device handler registered
[    4.706493] Adaptec aacraid driver 1.1-5[2461]-ms
[    4.706914] scsi: <fdomain> Detection failed (no card)
[    4.707013] sym53c416.c: Version 1.0.0-ac
[    4.707123] qlogicfas: no cards were found, please specify I/O address and IRQ using iobase= and irq= options
[    4.707253] QLogic Fibre Channel HBA Driver: 8.03.01-k6
[    4.707476] iscsi: registered transport (qla4xxx)
[    4.707585] QLogic iSCSI HBA Driver
[    4.707670] Emulex LightPulse Fibre Channel SCSI driver 8.3.4
[    4.707765] Copyright(c) 2004-2009 Emulex.  All rights reserved.
[    4.729771] Failed initialization of WD-7000 SCSI card!
[    4.819544] DC390: clustering now enabled by default. If you get problems load
[    4.819666]        with "disable_clustering=1" and report to maintainers
[    4.819804] megaraid cmm: 2.20.2.7 (Release Date: Sun Jul 16 00:01:03 EST 2006)
[    4.819959] megaraid: 2.20.5.1 (Release Date: Thu Nov 16 15:32:35 EST 2006)
[    4.820078] megasas: 00.00.04.01 Thu July 24 11:41:51 PST 2008
[    4.820209] GDT-HA: Storage RAID Controller Driver. Version: 3.05
[    4.820357] 3ware Storage Controller device driver for Linux v1.26.02.002.
[    4.820473] 3ware 9000 Storage Controller device driver for Linux v2.26.02.012.
[    4.820614] nsp32: loading...
[    4.820721] ipr: IBM Power RAID SCSI Device Driver version: 2.4.3 (June 10, 2009)
[    4.820868] RocketRAID 3xxx/4xxx Controller driver v1.6 (090910)
[    4.820977] stex: Promise SuperTrak EX Driver version: 4.6.0000.3
[    4.821112] st: Version 20081215, fixed bufsize 32768, s/g segs 256
[    4.821308] ahci 0000:00:1f.2: version 3.0
[    4.821323] ahci 0000:00:1f.2: PCI INT B -> GSI 16 (level, low) -> IRQ 16
[    4.821451] ahci 0000:00:1f.2: irq 29 for MSI/MSI-X
[    4.821511] ahci 0000:00:1f.2: AHCI 0001.0100 32 slots 3 ports 1.5 Gbps 0x5 impl SATA mode
[    4.821636] ahci 0000:00:1f.2: flags: 64bit ncq sntf pm led clo pio slum part ccc 
[    4.821776] ahci 0000:00:1f.2: setting latency timer to 64
[    4.821918] scsi2 : ahci
[    4.822080] scsi3 : ahci
[    4.822220] scsi4 : ahci
[    4.822391] ata1: SATA max UDMA/133 abar m2048@0xfe226000 port 0xfe226100 irq 29
[    4.822514] ata2: DUMMY
[    4.822600] ata3: SATA max UDMA/133 abar m2048@0xfe226000 port 0xfe226200 irq 29
[    4.823211] I2O subsystem v1.325
[    4.823300] i2o: max drivers = 8
[    4.823450] I2O Configuration OSM v1.323
[    4.823552] I2O Bus Adapter OSM v1.317
[    4.823656] I2O Block Device OSM v1.325
[    4.823821] I2O SCSI Peripheral OSM v1.316
[    4.823924] I2O ProcFS OSM v1.316
[    4.824029] Fusion MPT base driver 3.04.12
[    4.824120] Copyright (c) 1999-2008 LSI Corporation
[    4.824212] Fusion MPT SPI Host driver 3.04.12
[    4.824325] Fusion MPT FC Host driver 3.04.12
[    4.824436] Fusion MPT SAS Host driver 3.04.12
[    4.824588] ohci1394 0000:15:00.1: PCI INT B -> GSI 17 (level, low) -> IRQ 17
[    4.824685] ohci1394 0000:15:00.1: setting latency timer to 64
[    4.878757] ohci1394: fw-host0: OHCI-1394 1.1 (PCI): IRQ=[17]  MMIO=[f8301000-f83017ff]  Max Packet=[2048]  IR/IT contexts=[4/4]
[    4.882031] ehci_hcd: USB 2.0 'Enhanced' Host Controller (EHCI) Driver
[    4.882313] ehci_hcd 0000:00:1a.7: power state changed by ACPI to D0
[    4.882557] ehci_hcd 0000:00:1a.7: power state changed by ACPI to D0
[    4.882659] ehci_hcd 0000:00:1a.7: PCI INT C -> GSI 22 (level, low) -> IRQ 22
[    4.882764] ehci_hcd 0000:00:1a.7: setting latency timer to 64
[    4.882769] ehci_hcd 0000:00:1a.7: EHCI Host Controller
[    4.882913] ehci_hcd 0000:00:1a.7: new USB bus registered, assigned bus number 1
[    4.886944] ehci_hcd 0000:00:1a.7: cache line size of 32 is not supported
[    4.886953] ehci_hcd 0000:00:1a.7: irq 22, io mem 0xfe226c00
[    4.896713] ehci_hcd 0000:00:1a.7: USB 2.0 started, EHCI 1.00
[    4.896814] usb usb1: New USB device found, idVendor=1d6b, idProduct=0002
[    4.896905] usb usb1: New USB device strings: Mfr=3, Product=2, SerialNumber=1
[    4.897029] usb usb1: Product: EHCI Host Controller
[    4.897120] usb usb1: Manufacturer: Linux 2.6.32.57 ehci_hcd
[    4.897211] usb usb1: SerialNumber: 0000:00:1a.7
[    4.897348] usb usb1: configuration #1 chosen from 1 choice
[    4.897473] hub 1-0:1.0: USB hub found
[    4.897570] hub 1-0:1.0: 4 ports detected
[    4.897916] ehci_hcd 0000:00:1d.7: power state changed by ACPI to D0
[    4.898164] ehci_hcd 0000:00:1d.7: power state changed by ACPI to D0
[    4.898264] ehci_hcd 0000:00:1d.7: PCI INT D -> GSI 19 (level, low) -> IRQ 19
[    4.898360] ehci_hcd 0000:00:1d.7: setting latency timer to 64
[    4.898363] ehci_hcd 0000:00:1d.7: EHCI Host Controller
[    4.898492] ehci_hcd 0000:00:1d.7: new USB bus registered, assigned bus number 2
[    4.898652] ehci_hcd 0000:00:1d.7: debug port 1
[    4.902626] ehci_hcd 0000:00:1d.7: cache line size of 32 is not supported
[    4.902635] ehci_hcd 0000:00:1d.7: irq 19, io mem 0xfe227000
[    4.912710] ehci_hcd 0000:00:1d.7: USB 2.0 started, EHCI 1.00
[    4.912807] usb usb2: New USB device found, idVendor=1d6b, idProduct=0002
[    4.912898] usb usb2: New USB device strings: Mfr=3, Product=2, SerialNumber=1
[    4.913021] usb usb2: Product: EHCI Host Controller
[    4.913115] usb usb2: Manufacturer: Linux 2.6.32.57 ehci_hcd
[    4.913204] usb usb2: SerialNumber: 0000:00:1d.7
[    4.913342] usb usb2: configuration #1 chosen from 1 choice
[    4.913460] hub 2-0:1.0: USB hub found
[    4.913553] hub 2-0:1.0: 6 ports detected
[    4.913731] 116x: driver isp116x-hcd, 03 Nov 2005
[    4.913837] ohci_hcd: USB 1.1 'Open' Host Controller (OHCI) Driver
[    4.913949] uhci_hcd: USB Universal Host Controller Interface driver
[    4.914059] uhci_hcd 0000:00:1a.0: PCI INT A -> GSI 20 (level, low) -> IRQ 20
[    4.914158] uhci_hcd 0000:00:1a.0: setting latency timer to 64
[    4.914163] uhci_hcd 0000:00:1a.0: UHCI Host Controller
[    4.914290] uhci_hcd 0000:00:1a.0: new USB bus registered, assigned bus number 3
[    4.914446] uhci_hcd 0000:00:1a.0: irq 20, io base 0x00001860
[    4.914562] usb usb3: New USB device found, idVendor=1d6b, idProduct=0001
[    4.914654] usb usb3: New USB device strings: Mfr=3, Product=2, SerialNumber=1
[    4.914784] usb usb3: Product: UHCI Host Controller
[    4.914874] usb usb3: Manufacturer: Linux 2.6.32.57 uhci_hcd
[    4.914964] usb usb3: SerialNumber: 0000:00:1a.0
[    4.915101] usb usb3: configuration #1 chosen from 1 choice
[    4.915217] hub 3-0:1.0: USB hub found
[    4.915315] hub 3-0:1.0: 2 ports detected
[    4.915616] uhci_hcd 0000:00:1a.1: power state changed by ACPI to D0
[    4.915902] uhci_hcd 0000:00:1a.1: power state changed by ACPI to D0
[    4.915997] uhci_hcd 0000:00:1a.1: PCI INT B -> GSI 21 (level, low) -> IRQ 21
[    4.916092] uhci_hcd 0000:00:1a.1: setting latency timer to 64
[    4.916097] uhci_hcd 0000:00:1a.1: UHCI Host Controller
[    4.916224] uhci_hcd 0000:00:1a.1: new USB bus registered, assigned bus number 4
[    4.916371] uhci_hcd 0000:00:1a.1: irq 21, io base 0x00001880
[    4.916487] usb usb4: New USB device found, idVendor=1d6b, idProduct=0001
[    4.916577] usb usb4: New USB device strings: Mfr=3, Product=2, SerialNumber=1
[    4.916709] usb usb4: Product: UHCI Host Controller
[    4.916798] usb usb4: Manufacturer: Linux 2.6.32.57 uhci_hcd
[    4.916886] usb usb4: SerialNumber: 0000:00:1a.1
[    4.917023] usb usb4: configuration #1 chosen from 1 choice
[    4.917142] hub 4-0:1.0: USB hub found
[    4.917234] hub 4-0:1.0: 2 ports detected
[    4.917525] uhci_hcd 0000:00:1d.0: power state changed by ACPI to D0
[    4.917769] uhci_hcd 0000:00:1d.0: power state changed by ACPI to D0
[    4.917864] uhci_hcd 0000:00:1d.0: PCI INT A -> GSI 16 (level, low) -> IRQ 16
[    4.917963] uhci_hcd 0000:00:1d.0: setting latency timer to 64
[    4.917966] uhci_hcd 0000:00:1d.0: UHCI Host Controller
[    4.918096] uhci_hcd 0000:00:1d.0: new USB bus registered, assigned bus number 5
[    4.918248] uhci_hcd 0000:00:1d.0: irq 16, io base 0x000018a0
[    4.918367] usb usb5: New USB device found, idVendor=1d6b, idProduct=0001
[    4.918458] usb usb5: New USB device strings: Mfr=3, Product=2, SerialNumber=1
[    4.918578] usb usb5: Product: UHCI Host Controller
[    4.918665] usb usb5: Manufacturer: Linux 2.6.32.57 uhci_hcd
[    4.918765] usb usb5: SerialNumber: 0000:00:1d.0
[    4.918901] usb usb5: configuration #1 chosen from 1 choice
[    4.919021] hub 5-0:1.0: USB hub found
[    4.919114] hub 5-0:1.0: 2 ports detected
[    4.919260] uhci_hcd 0000:00:1d.1: PCI INT B -> GSI 17 (level, low) -> IRQ 17
[    4.919358] uhci_hcd 0000:00:1d.1: setting latency timer to 64
[    4.919361] uhci_hcd 0000:00:1d.1: UHCI Host Controller
[    4.919489] uhci_hcd 0000:00:1d.1: new USB bus registered, assigned bus number 6
[    4.919638] uhci_hcd 0000:00:1d.1: irq 17, io base 0x000018c0
[    4.919759] usb usb6: New USB device found, idVendor=1d6b, idProduct=0001
[    4.919852] usb usb6: New USB device strings: Mfr=3, Product=2, SerialNumber=1
[    4.919983] usb usb6: Product: UHCI Host Controller
[    4.920071] usb usb6: Manufacturer: Linux 2.6.32.57 uhci_hcd
[    4.920161] usb usb6: SerialNumber: 0000:00:1d.1
[    4.920298] usb usb6: configuration #1 chosen from 1 choice
[    4.920423] hub 6-0:1.0: USB hub found
[    4.920510] hub 6-0:1.0: 2 ports detected
[    4.920790] uhci_hcd 0000:00:1d.2: power state changed by ACPI to D0
[    4.921035] uhci_hcd 0000:00:1d.2: power state changed by ACPI to D0
[    4.921137] uhci_hcd 0000:00:1d.2: PCI INT C -> GSI 18 (level, low) -> IRQ 18
[    4.921233] uhci_hcd 0000:00:1d.2: setting latency timer to 64
[    4.921237] uhci_hcd 0000:00:1d.2: UHCI Host Controller
[    4.921367] uhci_hcd 0000:00:1d.2: new USB bus registered, assigned bus number 7
[    4.921516] uhci_hcd 0000:00:1d.2: irq 18, io base 0x000018e0
[    4.921631] usb usb7: New USB device found, idVendor=1d6b, idProduct=0001
[    4.921731] usb usb7: New USB device strings: Mfr=3, Product=2, SerialNumber=1
[    4.921852] usb usb7: Product: UHCI Host Controller
[    4.921945] usb usb7: Manufacturer: Linux 2.6.32.57 uhci_hcd
[    4.922035] usb usb7: SerialNumber: 0000:00:1d.2
[    4.922827] usb usb7: configuration #1 chosen from 1 choice
[    4.922944] hub 7-0:1.0: USB hub found
[    4.923036] hub 7-0:1.0: 2 ports detected
[    4.923196] sl811: driver sl811-hcd, 19 May 2005
[    4.923301] r8a66597_hcd: driver r8a66597_hcd, 2009-05-26
[    4.923469] Initializing USB Mass Storage driver...
[    4.923602] usbcore: registered new interface driver usb-storage
[    4.923692] USB Mass Storage support registered.
[    4.923806] usbcore: registered new interface driver ums-alauda
[    4.923914] usbcore: registered new interface driver ums-cypress
[    4.924023] usbcore: registered new interface driver ums-datafab
[    4.924133] usbcore: registered new interface driver ums-freecom
[    4.924243] usbcore: registered new interface driver ums-isd200
[    4.924353] usbcore: registered new interface driver ums-jumpshot
[    4.924462] usbcore: registered new interface driver ums-karma
[    4.924569] usbcore: registered new interface driver ums-onetouch
[    4.924683] usbcore: registered new interface driver ums-sddr09
[    4.924803] usbcore: registered new interface driver ums-sddr55
[    4.924915] usbcore: registered new interface driver ums-usbat
[    4.925064] PNP: PS/2 Controller [PNP0303:KBD,PNP0f13:MOU] at 0x60,0x64 irq 1,12
[    4.933661] serio: i8042 KBD port at 0x60,0x64 irq 1
[    4.933755] serio: i8042 AUX port at 0x60,0x64 irq 12
[    4.934001] mice: PS/2 mouse device common for all mice
[    4.934113] i2c /dev entries driver
[    4.934244] md: linear personality registered for level -1
[    4.934341] md: raid0 personality registered for level 0
[    4.934433] md: raid1 personality registered for level 1
[    4.934522] md: raid10 personality registered for level 10
[    4.934614] md: raid6 personality registered for level 6
[    4.934716] md: raid5 personality registered for level 5
[    4.934812] md: raid4 personality registered for level 4
[    4.934901] md: multipath personality registered for level -4
[    4.935104] device-mapper: ioctl: 4.15.0-ioctl (2009-04-01) initialised: dm-devel@redhat.com
[    4.935302] cpuidle: using governor ladder
[    4.935905] usbcore: registered new interface driver usbhid
[    4.935996] usbhid: v2.6:USB HID core driver
[    4.936156] random 0014 0000 0000 00000000 00000000: rand_read_num 4 get_random_bytes(136): sig 00000000 00000000 00000000
[    4.936158] random 0014 0000 0000 00000000 00000000: extract_entropy(.. 136 ..)
[    4.936161] random 0014 0000 0000 00000000 00000000: going to reseed nonblocking with 1024 bits (1088 of 0 requested)
[    4.936163] random 0014 0000 0000 00000000 00000000: extract_entropy(.. 128 ..)
[    4.936165] random 0014 0000 0000 00000000 00000000: trying to extract 1024 bits from input
[    4.936167] random 0014 0000 0000 00000000 00000000: debiting 0 entropy credits from input
[    4.936169] random 0014 0000 0000 00000000 00000000: extract_entropy account returned: 0 
[    4.936172] random 0014 0000 0000 00000000 00000000: urand_change_num 7 xfer_secondary_pool(136): pool_sig 00000000, data_sig 00000000, bytes_mixed 0 00000000 00000000
[    4.936176] random 0014 0000 0000 00000000 00000000: trying to extract 1088 bits from nonblocking
[    4.936178] random 0014 0000 0000 00000000 00000000: debiting 1088 entropy credits from nonblocking (unlimited)
[    4.936180] random 0014 0000 0000 00000000 00000000: extract_entropy account returned: 136 
[    4.936184] random 0014 0000 0000 00000000 00000000: urand_change_num 8 extract_buf: pool_sig 00000000, data_sig fffffff9, bytes_mixed 20 00000000 00000000
[    4.936190] random 0014 0000 0000 b7c35b56 be4dc95d: urand_change_num 9 extract_buf: pool_sig fffffd1e, data_sig 000000c5, bytes_mixed 20 b7c35b56 be4dc95d
[    4.936195] random 0014 0000 0000 ed9f5c47 c48487fb: urand_change_num 10 extract_buf: pool_sig fffff8ec, data_sig ffffff68, bytes_mixed 20 ed9f5c47 c48487fb
[    4.936201] random 0014 0000 0000 ed9f5c47 c48487fb: urand_change_num 11 extract_buf: pool_sig fffffaed, data_sig 000001aa, bytes_mixed 20 ed9f5c47 c48487fb
[    4.936206] random 0014 0000 0000 1b4f7c0a 91bd6a48: urand_change_num 12 extract_buf: pool_sig fffffdd8, data_sig 00000064, bytes_mixed 20 1b4f7c0a 91bd6a48
[    4.936211] random 0014 0000 0000 a254b9bc 20e9a24f: urand_change_num 13 extract_buf: pool_sig fffffbe6, data_sig 000001dd, bytes_mixed 20 a254b9bc 20e9a24f
[    4.936216] random 0014 0000 0000 a254b9bc 20e9a24f: urand_change_num 14 extract_buf: pool_sig fffff940, data_sig fffffe20, bytes_mixed 20 a254b9bc 20e9a24f
[    4.936222] random 0014 0000 0000 2831a66b 5fa2a3ad: urand_change_num 15 extract_buf: pool_sig fffffbce, data_sig 0000007e, bytes_mixed 20 2831a66b 5fa2a3ad
[    4.936227] random 0014 0000 0000 2831a66b 5fa2a3ad: urand_change_num 16 extract_buf: pool_sig 000004df, data_sig fffffe8f, bytes_mixed 20 2831a66b 5fa2a3ad
[    4.936232] random 0014 0000 0000 d4512bfd c9a54e0b: urand_change_num 17 extract_buf: pool_sig 00000485, data_sig fffffe68, bytes_mixed 20 d4512bfd c9a54e0b
[    4.936237] random 0014 0000 0000 c7371be6 f9ffea11: urand_change_num 18 extract_buf: pool_sig 00000095, data_sig ffffffed, bytes_mixed 20 c7371be6 f9ffea11
[    4.936242] random 0014 0000 0000 c7371be6 f9ffea11: urand_change_num 19 extract_buf: pool_sig 000003a7, data_sig fffffefa, bytes_mixed 20 c7371be6 f9ffea11
[    4.936248] random 0014 0000 0000 8fb4b62c d1ddba54: urand_change_num 20 extract_buf: pool_sig 00000179, data_sig ffffff78, bytes_mixed 20 8fb4b62c d1ddba54
[    4.936253] random 0014 0000 0000 9ff19f9c c07a1d2a: urand_change_num 21 extract_buf: pool_sig fffffe88, data_sig 00000126, bytes_mixed 20 9ff19f9c c07a1d2a
[    4.936257] TCP cubic registered
[    4.936344] Initializing XFRM netlink socket
[    4.936441] NET: Registered protocol family 17
[    4.936536] Using IPI Shortcut mode
[    4.936624] random 0014 0000 0000 9ff19f9c c07a1d2a: rand_read_num 5 get_random_bytes(8): sig 0000031b 9ff19f9c c07a1d2a
[    4.936627] random 0014 0000 0000 9ff19f9c c07a1d2a: extract_entropy(.. 8 ..)
[    4.936629] random 0014 0000 0000 9ff19f9c c07a1d2a: going to reseed nonblocking with 64 bits (64 of 0 requested)
[    4.936631] random 0014 0000 0000 9ff19f9c c07a1d2a: extract_entropy(.. 8 ..)
[    4.936633] random 0014 0000 0000 9ff19f9c c07a1d2a: trying to extract 64 bits from input
[    4.936635] random 0014 0000 0000 9ff19f9c c07a1d2a: debiting 0 entropy credits from input
[    4.936637] random 0014 0000 0000 9ff19f9c c07a1d2a: extract_entropy account returned: 0 
[    4.936641] random 0014 0000 0000 9ff19f9c c07a1d2a: urand_change_num 22 xfer_secondary_pool(8): pool_sig 0000031b, data_sig 00000000, bytes_mixed 0 9ff19f9c c07a1d2a
[    4.936643] random 0014 0000 0000 9ff19f9c c07a1d2a: trying to extract 64 bits from nonblocking
[    4.936646] random 0014 0000 0000 9ff19f9c c07a1d2a: debiting 64 entropy credits from nonblocking (unlimited)
[    4.936648] random 0014 0000 0000 9ff19f9c c07a1d2a: extract_entropy account returned: 8 
[    4.936652] random 0014 0000 0000 9ff19f9c c07a1d2a: urand_change_num 23 extract_buf: pool_sig 0000031b, data_sig ffffffb3, bytes_mixed 20 9ff19f9c c07a1d2a
[    4.939542] input: AT Translated Set 2 keyboard as /devices/platform/i8042/serio0/input/input1
[    5.128674] ata1: SATA link up 1.5 Gbps (SStatus 113 SControl 300)
[    5.128789] ata3: SATA link down (SStatus 0 SControl 300)
[    5.130824] ata1.00: ACPI cmd ef/02:00:00:00:00:a0 (SET FEATURES) succeeded
[    5.130827] ata1.00: ACPI cmd f5/00:00:00:00:00:a0 (SECURITY FREEZE LOCK) filtered out
[    5.132217] ata1.00: ACPI cmd ef/5f:00:00:00:00:a0 (SET FEATURES) succeeded
[    5.132220] ata1.00: ACPI cmd ef/10:03:00:00:00:a0 (SET FEATURES) filtered out
[    5.134130] ata1.00: ATA-7: ST910021AS, 4.06, max UDMA/100
[    5.134224] ata1.00: 195371568 sectors, multi 16: LBA48 
[    5.136367] ata1.00: ACPI cmd ef/02:00:00:00:00:a0 (SET FEATURES) succeeded
[    5.136370] ata1.00: ACPI cmd f5/00:00:00:00:00:a0 (SECURITY FREEZE LOCK) filtered out
[    5.137759] ata1.00: ACPI cmd ef/5f:00:00:00:00:a0 (SET FEATURES) succeeded
[    5.137762] ata1.00: ACPI cmd ef/10:03:00:00:00:a0 (SET FEATURES) filtered out
[    5.139688] ata1.00: configured for UDMA/100
[    5.150714] scsi 2:0:0:0: Direct-Access     ATA      ST910021AS       4.06 PQ: 0 ANSI: 5
[    5.150995] sd 2:0:0:0: [sda] 195371568 512-byte logical blocks: (100 GB/93.1 GiB)
[    5.151144] sd 2:0:0:0: [sda] Write Protect is off
[    5.151237] sd 2:0:0:0: [sda] Mode Sense: 00 3a 00 00
[    5.151249] sd 2:0:0:0: [sda] Write cache: enabled, read cache: enabled, doesn't support DPO or FUA
[    5.151447]  sda:
[    5.563364] random 0014 0000 0000 277f73c3 42024bb9: add_disk_randomness(8:0) 277f73c3 42024bb9
[    5.563449] random 0014 0000 0000 277f73c3 42024bb9: add_timer_randomness(.. 8388864) with jiffies: 6838806941439590788, cycles: 6838806937144918026
[    5.563452] random 0014 0000 0000 277f73c3 42024bb9: added 11 entropy credits to input
[    5.563457]  sda1 sda2
[    5.563936] random 0025 0000 0000 277f73c3 42024bb9: add_disk_randomness(8:0) 277f73c3 42024bb9
[    5.563940] random 0025 0000 0000 277f73c3 42024bb9: add_timer_randomness(.. 8388864) with jiffies: 6843216631607034245, cycles: 6843216627312361482
[    5.564092] sd 2:0:0:0: [sda] Attached SCSI disk
[    5.564185] random 0025 0000 0000 277f73c3 42024bb9: rand_read_num 6 get_random_bytes(12): sig 000007e9 277f73c3 42024bb9
[    5.564187] random 0025 0000 0000 277f73c3 42024bb9: extract_entropy(.. 12 ..)
[    5.564190] random 0025 0000 0000 277f73c3 42024bb9: going to reseed nonblocking with 96 bits (96 of 0 requested)
[    5.564192] random 0025 0000 0000 277f73c3 42024bb9: extract_entropy(.. 12 ..)
[    5.564194] random 0025 0000 0000 277f73c3 42024bb9: trying to extract 96 bits from input
[    5.564197] random 0025 0000 0000 277f73c3 42024bb9: debiting 0 entropy credits from input
[    5.564199] random 0025 0000 0000 277f73c3 42024bb9: extract_entropy account returned: 0 
[    5.564202] random 0025 0000 0000 277f73c3 42024bb9: urand_change_num 24 xfer_secondary_pool(12): pool_sig 000007e9, data_sig 00000000, bytes_mixed 0 277f73c3 42024bb9
[    5.564205] random 0025 0000 0000 277f73c3 42024bb9: trying to extract 96 bits from nonblocking
[    5.564207] random 0025 0000 0000 277f73c3 42024bb9: debiting 96 entropy credits from nonblocking (unlimited)
[    5.564209] random 0025 0000 0000 277f73c3 42024bb9: extract_entropy account returned: 12 
[    5.564214] random 0025 0000 0000 277f73c3 42024bb9: urand_change_num 25 extract_buf: pool_sig 000007e9, data_sig 00000088, bytes_mixed 20 277f73c3 42024bb9
[    5.564219] random 0025 0000 0000 277f73c3 42024bb9: urand_change_num 26 extract_buf: pool_sig 00000498, data_sig fffffefb, bytes_mixed 20 277f73c3 42024bb9
[    5.564222] RANDOM - __seed init called.
[    5.564223] RANDOM - __seed init called.
[    5.564224] RANDOM - __seed init called.
[    5.564226] RANDOM - __random32 called. Change num 12.  Value: 87f14767	f0d7351	b1e48bd3
[    5.564228] RANDOM - random32_reseed called.  Value: 87f14767	f0d7351	b1e48bd3
[    5.564230] Pid: 1, comm: swapper Not tainted 2.6.32.57 #6
[    5.564318] Call Trace:
[    5.564413]  [<c1923ca4>] ? random32_reseed+0xa0/0xb1
[    5.564504]  [<c1923c04>] ? random32_reseed+0x0/0xb1
[    5.564599]  [<c100111e>] ? do_one_initcall+0x2e/0x180
[    5.564691]  [<c1907265>] ? kernel_init+0xad/0x103
[    5.564778]  [<c19071b8>] ? kernel_init+0x0/0x103
[    5.564871]  [<c1003787>] ? kernel_thread_helper+0x7/0x10
[    5.565396] random 0025 0000 0000 386b4e60 ee4d4880: rand_read_num 7 get_random_bytes(64): sig fffffea5 386b4e60 ee4d4880
[    5.565399] random 0025 0000 0000 386b4e60 ee4d4880: extract_entropy(.. 64 ..)
[    5.565401] random 0025 0000 0000 386b4e60 ee4d4880: going to reseed nonblocking with 512 bits (512 of 0 requested)
[    5.565403] random 0025 0000 0000 386b4e60 ee4d4880: extract_entropy(.. 64 ..)
[    5.565406] random 0025 0000 0000 386b4e60 ee4d4880: trying to extract 512 bits from input
[    5.565408] random 0025 0000 0000 386b4e60 ee4d4880: debiting 0 entropy credits from input
[    5.565410] random 0025 0000 0000 386b4e60 ee4d4880: extract_entropy account returned: 0 
[    5.565413] random 0025 0000 0000 386b4e60 ee4d4880: urand_change_num 27 xfer_secondary_pool(64): pool_sig fffffea5, data_sig 00000000, bytes_mixed 0 386b4e60 ee4d4880
[    5.565416] random 0025 0000 0000 386b4e60 ee4d4880: trying to extract 512 bits from nonblocking
[    5.565418] random 0025 0000 0000 386b4e60 ee4d4880: debiting 512 entropy credits from nonblocking (unlimited)
[    5.565421] random 0025 0000 0000 386b4e60 ee4d4880: extract_entropy account returned: 64 
[    5.565425] random 0025 0000 0000 386b4e60 ee4d4880: urand_change_num 28 extract_buf: pool_sig fffffea5, data_sig 00000173, bytes_mixed 20 386b4e60 ee4d4880
[    5.565430] random 0025 0000 0000 412698f6 0cc8689a: urand_change_num 29 extract_buf: pool_sig 00000122, data_sig ffffff63, bytes_mixed 20 412698f6 0cc8689a
[    5.565435] random 0025 0000 0000 412698f6 0cc8689a: urand_change_num 30 extract_buf: pool_sig 000001f7, data_sig 00000012, bytes_mixed 20 412698f6 0cc8689a
[    5.565441] random 0025 0000 0000 9669941e 06f768b1: urand_change_num 31 extract_buf: pool_sig fffffb5b, data_sig 0000003f, bytes_mixed 20 9669941e 06f768b1
[    5.565446] random 0025 0000 0000 98486520 995551f0: urand_change_num 32 extract_buf: pool_sig fffffb39, data_sig 0000000e, bytes_mixed 20 98486520 995551f0
[    5.565451] random 0025 0000 0000 98486520 995551f0: urand_change_num 33 extract_buf: pool_sig fffffd8d, data_sig 000001a6, bytes_mixed 20 98486520 995551f0
[    5.565456] random 0025 0000 0000 61fc8914 d5882ed2: urand_change_num 34 extract_buf: pool_sig fffffa58, data_sig 0000023e, bytes_mixed 20 61fc8914 d5882ed2
[    5.565487] random 0025 0000 0000 61fc8914 d5882ed2: rand_read_num 8 get_random_bytes(64): sig fffff9ee 61fc8914 d5882ed2
[    5.565490] random 0025 0000 0000 61fc8914 d5882ed2: extract_entropy(.. 64 ..)
[    5.565492] random 0025 0000 0000 61fc8914 d5882ed2: going to reseed nonblocking with 512 bits (512 of 0 requested)
[    5.565494] random 0025 0000 0000 61fc8914 d5882ed2: extract_entropy(.. 64 ..)
[    5.565496] random 0025 0000 0000 61fc8914 d5882ed2: trying to extract 512 bits from input
[    5.565499] random 0025 0000 0000 61fc8914 d5882ed2: debiting 0 entropy credits from input
[    5.565501] random 0025 0000 0000 61fc8914 d5882ed2: extract_entropy account returned: 0 
[    5.565504] random 0025 0000 0000 61fc8914 d5882ed2: urand_change_num 35 xfer_secondary_pool(64): pool_sig fffff9ee, data_sig 00000000, bytes_mixed 0 61fc8914 d5882ed2
[    5.565507] random 0025 0000 0000 61fc8914 d5882ed2: trying to extract 512 bits from nonblocking
[    5.565509] random 0025 0000 0000 61fc8914 d5882ed2: debiting 512 entropy credits from nonblocking (unlimited)
[    5.565511] random 0025 0000 0000 61fc8914 d5882ed2: extract_entropy account returned: 64 
[    5.565515] random 0025 0000 0000 61fc8914 d5882ed2: urand_change_num 36 extract_buf: pool_sig fffff9ee, data_sig ffffff85, bytes_mixed 20 61fc8914 d5882ed2
[    5.565521] random 0025 0000 0000 70cfd302 e5edec11: urand_change_num 37 extract_buf: pool_sig fffffdc1, data_sig ffffffde, bytes_mixed 20 70cfd302 e5edec11
[    5.565526] random 0025 0000 0000 00dab838 eafd2b30: urand_change_num 38 extract_buf: pool_sig 000003da, data_sig ffffff61, bytes_mixed 20 00dab838 eafd2b30
[    5.565531] random 0025 0000 0000 00dab838 eafd2b30: urand_change_num 39 extract_buf: pool_sig 00000314, data_sig 00000121, bytes_mixed 20 00dab838 eafd2b30
[    5.565537] random 0025 0000 0000 5fcdf66a 6442b608: urand_change_num 40 extract_buf: pool_sig 0000028b, data_sig fffffefd, bytes_mixed 20 5fcdf66a 6442b608
[    5.565545] random 0025 0000 0000 61333f6b 8fae0f9b: urand_change_num 41 extract_buf: pool_sig 000000cb, data_sig 000000b3, bytes_mixed 20 61333f6b 8fae0f9b
[    5.565550] random 0025 0000 0000 61333f6b 8fae0f9b: urand_change_num 42 extract_buf: pool_sig fffffef8, data_sig 00000051, bytes_mixed 20 61333f6b 8fae0f9b
[    5.565553] BEGIN NET_SECRET:
[    5.565554] \xffffffe0
[    5.565555] \xffffffb6
[    5.565556] \x36
[    5.565556] \xffffffb5
[    5.565557] \xffffff94
[    5.565558] \xffffffb2
[    5.565559] \xffffffa8
[    5.565560] \xffffffda
[    5.565561] \x5b
[    5.565561] \x19
[    5.565562] \x18
[    5.565563] \x5c
[    5.565564] \x2b
[    5.565564] \x1
[    5.565565] \xffffff90
[    5.565566] \x19
[    5.565567] \x3c
[    5.565567] \xfffffff2
[    5.565568] \xffffff82
[    5.565569] \x2a
[    5.565570] \xffffffb3
[    5.565571] \xffffffa2
[    5.565571] \x3f
[    5.565572] \x5
[    5.565573] \x52
[    5.565574] \x77
[    5.565574] \x57
[    5.565575] \x79
[    5.565576] \x16
[    5.565576] \x43
[    5.565577] \xffffff84
[    5.565578] \xffffffc3
[    5.565579] \xffffffe9
[    5.565579] \x79
[    5.565580] \x50
[    5.565581] \xffffff8e
[    5.565582] \x3f
[    5.565583] \xfffffff3
[    5.565583] \x19
[    5.565584] \x2a
[    5.565585] \xfffffffd
[    5.565586] \xfffffffb
[    5.565586] \x62
[    5.565587] \x3c
[    5.565588] \xffffffac
[    5.565589] \x1c
[    5.565589] \x3b
[    5.565590] \x3b
[    5.565591] \x15
[    5.565592] \x27
[    5.565592] \xffffffa8
[    5.565593] \x22
[    5.565594] \xffffffc5
[    5.565595] \xffffff9a
[    5.565595] \x5
[    5.565596] \x6c
[    5.565597] \xffffffa8
[    5.565598] \x3a
[    5.565599] \x44
[    5.565599] \xffffffaf
[    5.565600] \x13
[    5.565601] \xffffffe0
[    5.565602] \xffffff9d
[    5.565602] \x22
[    5.565603] 
[    5.565604] END NET_SECRET
[    5.565606] random 0025 0000 0000 e7f555d9 e8ce5c3c: rand_read_num 9 get_random_bytes(4): sig 0000068c e7f555d9 e8ce5c3c
[    5.565609] random 0025 0000 0000 e7f555d9 e8ce5c3c: extract_entropy(.. 4 ..)
[    5.565611] random 0025 0000 0000 e7f555d9 e8ce5c3c: going to reseed nonblocking with 64 bits (32 of 0 requested)
[    5.565613] random 0025 0000 0000 e7f555d9 e8ce5c3c: extract_entropy(.. 8 ..)
[    5.565616] random 0025 0000 0000 e7f555d9 e8ce5c3c: trying to extract 64 bits from input
[    5.565618] random 0025 0000 0000 e7f555d9 e8ce5c3c: debiting 0 entropy credits from input
[    5.565620] random 0025 0000 0000 e7f555d9 e8ce5c3c: extract_entropy account returned: 0 
[    5.565623] random 0025 0000 0000 e7f555d9 e8ce5c3c: urand_change_num 43 xfer_secondary_pool(4): pool_sig 0000068c, data_sig 00000000, bytes_mixed 0 e7f555d9 e8ce5c3c
[    5.565626] random 0025 0000 0000 e7f555d9 e8ce5c3c: trying to extract 32 bits from nonblocking
[    5.565628] random 0025 0000 0000 e7f555d9 e8ce5c3c: debiting 32 entropy credits from nonblocking (unlimited)
[    5.565630] random 0025 0000 0000 e7f555d9 e8ce5c3c: extract_entropy account returned: 4 
[    5.565634] random 0025 0000 0000 e7f555d9 e8ce5c3c: urand_change_num 44 extract_buf: pool_sig 0000068c, data_sig fffffdcb, bytes_mixed 20 e7f555d9 e8ce5c3c
[    5.565645] md: Waiting for all devices to be available before autodetect
[    5.565739] md: If you don't use raid, use raid=noautodetect
[    5.565899] md: Autodetecting RAID arrays.
[    5.565987] md: Scanned 0 and added 0 devices.
[    5.566074] md: autorun ...
[    5.566165] md: ... autorun DONE.
[    5.579576] random 0025 0000 0000 e7f555d9 e8ce5c3c: add_disk_randomness(8:0) e7f555d9 e8ce5c3c
[    5.579579] random 0025 0000 0000 e7f555d9 e8ce5c3c: add_timer_randomness(.. 8388864) with jiffies: 6983947089100898709, cycles: 6983947084806225930
[    5.579582] random 0025 0000 0000 e7f555d9 e8ce5c3c: added 3 entropy credits to input
[    5.580692] random 0028 0000 0000 e7f555d9 e8ce5c3c: add_disk_randomness(8:0) e7f555d9 e8ce5c3c
[    5.580695] random 0028 0000 0000 e7f555d9 e8ce5c3c: add_timer_randomness(.. 8388864) with jiffies: 6993986119888765334, cycles: 6993986115594092554
[    5.587779] random 0028 0000 0000 e7f555d9 e8ce5c3c: add_disk_randomness(8:0) e7f555d9 e8ce5c3c
[    5.587783] random 0028 0000 0000 e7f555d9 e8ce5c3c: add_timer_randomness(.. 8388864) with jiffies: 7057768609027424669, cycles: 7057768604732751882
[    5.587785] random 0028 0000 0000 e7f555d9 e8ce5c3c: added 2 entropy credits to input
[    5.587790] EXT3-fs: sda2: couldn't mount because of unsupported optional features (240).
[    5.588016] random 0030 0000 0000 e7f555d9 e8ce5c3c: add_disk_randomness(8:0) e7f555d9 e8ce5c3c
[    5.588020] random 0030 0000 0000 e7f555d9 e8ce5c3c: add_timer_randomness(.. 8388864) with jiffies: 7059904049587126685, cycles: 7059904045292453898
[    5.588024] EXT2-fs: sda2: couldn't mount because of unsupported optional features (240).
[    5.588251] random 0030 0000 0000 e7f555d9 e8ce5c3c: add_disk_randomness(8:0) e7f555d9 e8ce5c3c
[    5.588255] random 0030 0000 0000 e7f555d9 e8ce5c3c: add_timer_randomness(.. 8388864) with jiffies: 7062022125594050973, cycles: 7062022121299378186
[    5.588384] random 0030 0000 0000 e7f555d9 e8ce5c3c: add_disk_randomness(8:0) e7f555d9 e8ce5c3c
[    5.588387] random 0030 0000 0000 e7f555d9 e8ce5c3c: add_timer_randomness(.. 8388864) with jiffies: 7063219094324740509, cycles: 7063219090030067722
[    5.588500] random 0030 0000 0000 e7f555d9 e8ce5c3c: add_disk_randomness(8:0) e7f555d9 e8ce5c3c
[    5.588503] random 0030 0000 0000 e7f555d9 e8ce5c3c: add_timer_randomness(.. 8388864) with jiffies: 7064258944561807773, cycles: 7064258940267134986
[    5.588651] random 0030 0000 0000 e7f555d9 e8ce5c3c: add_disk_randomness(8:0) e7f555d9 e8ce5c3c
[    5.588654] random 0030 0000 0000 e7f555d9 e8ce5c3c: add_timer_randomness(.. 8388864) with jiffies: 7065605051736883614, cycles: 7065605047442210826
[    5.588774] random 0030 0000 0000 e7f555d9 e8ce5c3c: add_disk_randomness(8:0) e7f555d9 e8ce5c3c
[    5.588777] random 0030 0000 0000 e7f555d9 e8ce5c3c: add_timer_randomness(.. 8388864) with jiffies: 7066713402407354782, cycles: 7066713398112681994
[    5.588892] random 0030 0000 0000 e7f555d9 e8ce5c3c: add_disk_randomness(8:0) e7f555d9 e8ce5c3c
[    5.588895] random 0030 0000 0000 e7f555d9 e8ce5c3c: add_timer_randomness(.. 8388864) with jiffies: 7067784687510061470, cycles: 7067784683215388682
[    5.589008] random 0030 0000 0000 e7f555d9 e8ce5c3c: add_disk_randomness(8:0) e7f555d9 e8ce5c3c
[    5.589011] random 0030 0000 0000 e7f555d9 e8ce5c3c: add_timer_randomness(.. 8388864) with jiffies: 7068822824055177630, cycles: 7068822819760504842
[    5.589118] random 0030 0000 0000 e7f555d9 e8ce5c3c: add_disk_randomness(8:0) e7f555d9 e8ce5c3c
[    5.589121] random 0030 0000 0000 e7f555d9 e8ce5c3c: add_timer_randomness(.. 8388864) with jiffies: 7069816224220938654, cycles: 7069816219926265866
[    5.589358] random 0030 0000 0000 e7f555d9 e8ce5c3c: rand_read_num 10 get_random_bytes(4): sig ffffff72 e7f555d9 e8ce5c3c
[    5.589360] random 0030 0000 0000 e7f555d9 e8ce5c3c: extract_entropy(.. 4 ..)
[    5.589363] random 0030 0000 0000 e7f555d9 e8ce5c3c: going to reseed nonblocking with 64 bits (32 of 0 requested)
[    5.589365] random 0030 0000 0000 e7f555d9 e8ce5c3c: extract_entropy(.. 8 ..)
[    5.589367] random 0030 0000 0000 e7f555d9 e8ce5c3c: trying to extract 64 bits from input
[    5.589369] random 0030 0000 0000 e7f555d9 e8ce5c3c: debiting 0 entropy credits from input
[    5.589371] random 0030 0000 0000 e7f555d9 e8ce5c3c: extract_entropy account returned: 0 
[    5.589374] random 0030 0000 0000 e7f555d9 e8ce5c3c: urand_change_num 45 xfer_secondary_pool(4): pool_sig ffffff72, data_sig 00000000, bytes_mixed 0 e7f555d9 e8ce5c3c
[    5.589377] random 0030 0000 0000 e7f555d9 e8ce5c3c: trying to extract 32 bits from nonblocking
[    5.589379] random 0030 0000 0000 e7f555d9 e8ce5c3c: debiting 32 entropy credits from nonblocking (unlimited)
[    5.589381] random 0030 0000 0000 e7f555d9 e8ce5c3c: extract_entropy account returned: 4 
[    5.589385] random 0030 0000 0000 e7f555d9 e8ce5c3c: urand_change_num 46 extract_buf: pool_sig ffffff72, data_sig ffffff72, bytes_mixed 20 e7f555d9 e8ce5c3c
[    5.594022] random 0030 0000 0000 91716c54 eeb6a1e7: add_disk_randomness(8:0) 91716c54 eeb6a1e7
[    5.594025] random 0030 0000 0000 91716c54 eeb6a1e7: add_timer_randomness(.. 8388864) with jiffies: 7113948074044260771, cycles: 7113948069749587978
[    5.594028] random 0030 0000 0000 91716c54 eeb6a1e7: added 2 entropy credits to input
[    5.612293] random 0032 0000 0000 91716c54 eeb6a1e7: add_disk_randomness(8:0) 91716c54 eeb6a1e7
[    5.612296] random 0032 0000 0000 91716c54 eeb6a1e7: add_timer_randomness(.. 8388864) with jiffies: 7278363828771586485, cycles: 7278363824476913674
[    5.612299] random 0032 0000 0000 91716c54 eeb6a1e7: added 3 entropy credits to input
[    5.616966] EXT4-fs (sda2): mounted filesystem with ordered data mode
[    5.617175] VFS: Mounted root (ext4 filesystem) readonly on device 8:2.
[    5.617277] Freeing unused kernel memory: 448k freed
[    5.637434] random 0035 0000 0000 91716c54 eeb6a1e7: add_disk_randomness(8:0) 91716c54 eeb6a1e7
[    5.637438] random 0035 0000 0000 91716c54 eeb6a1e7: add_timer_randomness(.. 8388864) with jiffies: 7504602193161060814, cycles: 7504602188866387978
[    5.637440] random 0035 0000 0000 91716c54 eeb6a1e7: added 2 entropy credits to input
[    5.638169] random 0037 0000 0000 91716c54 eeb6a1e7: add_disk_randomness(8:0) 91716c54 eeb6a1e7
[    5.638172] random 0037 0000 0000 91716c54 eeb6a1e7: add_timer_randomness(.. 8388864) with jiffies: 7511211409095229903, cycles: 7511211404800557066
[    5.642891] random 0037 0000 0000 91716c54 eeb6a1e7: add_disk_randomness(8:0) 91716c54 eeb6a1e7
[    5.642894] random 0037 0000 0000 91716c54 eeb6a1e7: add_timer_randomness(.. 8388864) with jiffies: 7553695726643675604, cycles: 7553695722349002762
[    5.642897] random 0037 0000 0000 91716c54 eeb6a1e7: added 2 entropy credits to input
[    5.651095] random 0039 0000 0000 91716c54 eeb6a1e7: add_disk_randomness(8:0) 91716c54 eeb6a1e7
[    5.651098] random 0039 0000 0000 91716c54 eeb6a1e7: add_timer_randomness(.. 8388864) with jiffies: 7627527571671581148, cycles: 7627527567376908298
[    5.654513] random 0039 0000 0000 91716c54 eeb6a1e7: add_disk_randomness(8:0) 91716c54 eeb6a1e7
[    5.654516] random 0039 0000 0000 91716c54 eeb6a1e7: add_timer_randomness(.. 8388864) with jiffies: 7658285816753127903, cycles: 7658285812458455050
[    5.654521] random 0039 0000 0000 91716c54 eeb6a1e7: added 1 entropy credits to input
[    5.663408] random 0040 0000 0000 91716c54 eeb6a1e7: add_disk_randomness(8:0) 91716c54 eeb6a1e7
[    5.663411] random 0040 0000 0000 91716c54 eeb6a1e7: add_timer_randomness(.. 8388864) with jiffies: 7738326462209163752, cycles: 7738326457914490890
[    5.663414] random 0040 0000 0000 91716c54 eeb6a1e7: added 2 entropy credits to input
[    5.668399] random 0042 0000 0000 91716c54 eeb6a1e7: add_disk_randomness(8:0) 91716c54 eeb6a1e7
[    5.668402] random 0042 0000 0000 91716c54 eeb6a1e7: add_timer_randomness(.. 8388864) with jiffies: 7783243049802105325, cycles: 7783243045507432458
[    5.668405] random 0042 0000 0000 91716c54 eeb6a1e7: added 2 entropy credits to input
[    5.676436] random 0044 0000 0000 91716c54 eeb6a1e7: add_disk_randomness(8:0) 91716c54 eeb6a1e7
[    5.676439] random 0044 0000 0000 91716c54 eeb6a1e7: add_timer_randomness(.. 8388864) with jiffies: 7855556473567019509, cycles: 7855556469272346634
[    5.676441] random 0044 0000 0000 91716c54 eeb6a1e7: added 1 entropy credits to input
[    5.676464] RANDOM get_random_int call with cycles 44778741777, jiffies 4294672885 and pid 1
[    5.676467] RANDOM get_random_int call with cycles 44778748759, jiffies 4294672885 and pid 1
[    5.676469] ASLR stack rand value: 5296128 after shift for pid: 1
[    5.676471] RANDOM get_random_int call with cycles 44778756466, jiffies 4294672885 and pid 1
[    5.688084] random 0045 0000 0000 91716c54 eeb6a1e7: add_disk_randomness(8:0) 91716c54 eeb6a1e7
[    5.688087] random 0045 0000 0000 91716c54 eeb6a1e7: add_timer_randomness(.. 8388864) with jiffies: 7960370700839780865, cycles: 7960370696545107978
[    5.688097] RANDOM get_random_int call with cycles 44803114534, jiffies 4294672897 and pid 1
[    5.688100] random 0045 0000 0000 91716c54 eeb6a1e7: rand_read_num 11 get_random_bytes(16): sig fffffcad 91716c54 eeb6a1e7
[    5.688103] random 0045 0000 0000 91716c54 eeb6a1e7: extract_entropy(.. 16 ..)
[    5.688105] random 0045 0000 0000 91716c54 eeb6a1e7: going to reseed nonblocking with 128 bits (128 of 0 requested)
[    5.688107] random 0045 0000 0000 91716c54 eeb6a1e7: extract_entropy(.. 16 ..)
[    5.688110] random 0045 0000 0000 91716c54 eeb6a1e7: trying to extract 128 bits from input
[    5.688112] random 0045 0000 0000 91716c54 eeb6a1e7: debiting 0 entropy credits from input
[    5.688114] random 0045 0000 0000 91716c54 eeb6a1e7: extract_entropy account returned: 0 
[    5.688117] random 0045 0000 0000 91716c54 eeb6a1e7: urand_change_num 47 xfer_secondary_pool(16): pool_sig fffffcad, data_sig 00000000, bytes_mixed 0 91716c54 eeb6a1e7
[    5.688120] random 0045 0000 0000 91716c54 eeb6a1e7: trying to extract 128 bits from nonblocking
[    5.688122] random 0045 0000 0000 91716c54 eeb6a1e7: debiting 128 entropy credits from nonblocking (unlimited)
[    5.688125] random 0045 0000 0000 91716c54 eeb6a1e7: extract_entropy account returned: 16 
[    5.688129] random 0045 0000 0000 91716c54 eeb6a1e7: urand_change_num 48 extract_buf: pool_sig fffffcad, data_sig ffffff19, bytes_mixed 20 91716c54 eeb6a1e7
[    5.688134] random 0045 0000 0000 fd637b06 6cf47bc1: urand_change_num 49 extract_buf: pool_sig fffffede, data_sig ffffffc1, bytes_mixed 20 fd637b06 6cf47bc1
[    5.689095] random 0045 0000 0000 fd637b06 6cf47bc1: add_disk_randomness(8:0) fd637b06 6cf47bc1
[    5.689098] random 0045 0000 0000 fd637b06 6cf47bc1: add_timer_randomness(.. 8388864) with jiffies: 7969469232574071298, cycles: 7969469228279398410
[    5.690292] random 0045 0000 0000 fd637b06 6cf47bc1: add_disk_randomness(8:0) fd637b06 6cf47bc1
[    5.690295] random 0045 0000 0000 fd637b06 6cf47bc1: add_timer_randomness(.. 8388864) with jiffies: 7980243123676348931, cycles: 7980243119381676042
[    5.691455] random 0045 0000 0000 fd637b06 6cf47bc1: add_disk_randomness(8:0) fd637b06 6cf47bc1
[    5.691458] random 0045 0000 0000 fd637b06 6cf47bc1: add_timer_randomness(.. 8388864) with jiffies: 7990709181587620356, cycles: 7990709177292947466
[    5.692318] random 0045 0000 0000 fd637b06 6cf47bc1: add_disk_randomness(8:0) fd637b06 6cf47bc1
[    5.692321] random 0045 0000 0000 fd637b06 6cf47bc1: add_timer_randomness(.. 8388864) with jiffies: 7998472386514747909, cycles: 7998472382220075018
[    5.692506] random 0045 0000 0000 fd637b06 6cf47bc1: add_disk_randomness(8:0) fd637b06 6cf47bc1
[    5.692512] random 0045 0000 0000 fd637b06 6cf47bc1: add_timer_randomness(.. 8388864) with jiffies: 8000183913802334726, cycles: 8000183909507661834
[    5.692716] random 0045 0000 0000 fd637b06 6cf47bc1: add_disk_randomness(8:0) fd637b06 6cf47bc1
[    5.692719] random 0045 0000 0000 fd637b06 6cf47bc1: add_timer_randomness(.. 8388864) with jiffies: 8002050167286759942, cycles: 8002050162992087050
[    5.703143] random 0045 0000 0000 fd637b06 6cf47bc1: add_disk_randomness(8:0) fd637b06 6cf47bc1
[    5.703146] random 0045 0000 0000 fd637b06 6cf47bc1: add_timer_randomness(.. 8388864) with jiffies: 8095882468126327312, cycles: 8095882463831654410
[    5.703149] random 0045 0000 0000 fd637b06 6cf47bc1: added 3 entropy credits to input
[    5.703580] random 0048 0000 0000 fd637b06 6cf47bc1: add_disk_randomness(8:0) fd637b06 6cf47bc1
[    5.703583] random 0048 0000 0000 fd637b06 6cf47bc1: add_timer_randomness(.. 8388864) with jiffies: 8099808175609053713, cycles: 8099808171314380810
[    5.713321] random 0048 0000 0000 fd637b06 6cf47bc1: add_disk_randomness(8:0) fd637b06 6cf47bc1
[    5.713324] random 0048 0000 0000 fd637b06 6cf47bc1: add_timer_randomness(.. 8388864) with jiffies: 8187475875528933914, cycles: 8187475871234261002
[    5.713327] random 0048 0000 0000 fd637b06 6cf47bc1: added 3 entropy credits to input
[    5.713380] RANDOM get_random_int call with cycles 44856085081, jiffies 4294672922 and pid 1
[    5.718213] random 0051 0000 0000 fd637b06 6cf47bc1: add_disk_randomness(8:0) fd637b06 6cf47bc1
[    5.718216] random 0051 0000 0000 fd637b06 6cf47bc1: add_timer_randomness(.. 8388864) with jiffies: 8231492414070293023, cycles: 8231492409775620106
[    5.718219] random 0051 0000 0000 fd637b06 6cf47bc1: added 2 entropy credits to input
[    5.730753] random 0053 0000 0000 fd637b06 6cf47bc1: add_disk_randomness(8:0) fd637b06 6cf47bc1
[    5.730756] random 0053 0000 0000 fd637b06 6cf47bc1: add_timer_randomness(.. 8388864) with jiffies: 8344323786211557932, cycles: 8344323781916885002
[    5.730758] random 0053 0000 0000 fd637b06 6cf47bc1: added 3 entropy credits to input
[    5.730890] random 0056 0000 0000 fd637b06 6cf47bc1: add_disk_randomness(8:0) fd637b06 6cf47bc1
[    5.730893] random 0056 0000 0000 fd637b06 6cf47bc1: add_timer_randomness(.. 8388864) with jiffies: 8345562201376653868, cycles: 8345562197081980938
[    5.733053] random 0056 0000 0000 fd637b06 6cf47bc1: add_disk_randomness(8:0) fd637b06 6cf47bc1
[    5.733056] random 0056 0000 0000 fd637b06 6cf47bc1: add_timer_randomness(.. 8388864) with jiffies: 8365031137805566510, cycles: 8365031133510893578
[    5.733059] random 0056 0000 0000 fd637b06 6cf47bc1: added 1 entropy credits to input
[    5.733297] random 0057 0000 0000 fd637b06 6cf47bc1: add_disk_randomness(8:0) fd637b06 6cf47bc1
[    5.733300] random 0057 0000 0000 fd637b06 6cf47bc1: add_timer_randomness(.. 8388864) with jiffies: 8367225114474545710, cycles: 8367225110179872778
[    5.733438] random 0057 0000 0000 fd637b06 6cf47bc1: add_disk_randomness(8:0) fd637b06 6cf47bc1
[    5.733441] random 0057 0000 0000 fd637b06 6cf47bc1: add_timer_randomness(.. 8388864) with jiffies: 8368495278037893678, cycles: 8368495273743220746
[    5.736604] random 0057 0000 0000 fd637b06 6cf47bc1: add_disk_randomness(8:0) fd637b06 6cf47bc1
[    5.736607] random 0057 0000 0000 fd637b06 6cf47bc1: add_timer_randomness(.. 8388864) with jiffies: 8396979634288951858, cycles: 8396979629994278922
[    5.736610] random 0057 0000 0000 fd637b06 6cf47bc1: added 2 entropy credits to input
[    5.738618] random 0059 0000 0000 fd637b06 6cf47bc1: add_disk_randomness(8:0) fd637b06 6cf47bc1
[    5.738621] random 0059 0000 0000 fd637b06 6cf47bc1: add_timer_randomness(.. 8388864) with jiffies: 8415100393368551988, cycles: 8415100389073879050
[    5.738624] random 0059 0000 0000 fd637b06 6cf47bc1: added 1 entropy credits to input
[    5.746445] random 0060 0000 0000 fd637b06 6cf47bc1: add_disk_randomness(8:0) fd637b06 6cf47bc1
[    5.746448] random 0060 0000 0000 fd637b06 6cf47bc1: add_timer_randomness(.. 8388864) with jiffies: 8485546120540029499, cycles: 8485546116245356554
[    5.746451] random 0060 0000 0000 fd637b06 6cf47bc1: added 2 entropy credits to input
[    5.746588] random 0062 0000 0000 fd637b06 6cf47bc1: add_disk_randomness(8:0) fd637b06 6cf47bc1
[    5.746590] random 0062 0000 0000 fd637b06 6cf47bc1: add_timer_randomness(.. 8388864) with jiffies: 8486813080057774652, cycles: 8486813075763101706
[    5.750150] random 0062 0000 0000 fd637b06 6cf47bc1: add_disk_randomness(8:0) fd637b06 6cf47bc1
[    5.750153] random 0062 0000 0000 fd637b06 6cf47bc1: add_timer_randomness(.. 8388864) with jiffies: 8518881938704663103, cycles: 8518881934409990154
[    5.750156] random 0062 0000 0000 fd637b06 6cf47bc1: added 1 entropy credits to input
[    5.754650] random 0063 0000 0000 fd637b06 6cf47bc1: add_disk_randomness(8:0) fd637b06 6cf47bc1
[    5.754653] random 0063 0000 0000 fd637b06 6cf47bc1: add_timer_randomness(.. 8388864) with jiffies: 8559363534477820484, cycles: 8559363530183147530
[    5.760220] random 0063 0000 0000 fd637b06 6cf47bc1: add_disk_randomness(8:0) fd637b06 6cf47bc1
[    5.760223] random 0063 0000 0000 fd637b06 6cf47bc1: add_timer_randomness(.. 8388864) with jiffies: 8609492722014454345, cycles: 8609492717719781386
[    5.766497] random 0063 0000 0000 fd637b06 6cf47bc1: add_disk_randomness(8:0) fd637b06 6cf47bc1
[    5.766500] random 0063 0000 0000 fd637b06 6cf47bc1: add_timer_randomness(.. 8388864) with jiffies: 8665967667896353360, cycles: 8665967663601680394
[    5.766503] random 0063 0000 0000 fd637b06 6cf47bc1: added 1 entropy credits to input
[    5.766513] random 0064 0000 0000 fd637b06 6cf47bc1: rand_read_num 12 get_random_bytes(16): sig 0000033b fd637b06 6cf47bc1
[    5.766516] random 0064 0000 0000 fd637b06 6cf47bc1: extract_entropy(.. 16 ..)
[    5.766518] random 0064 0000 0000 fd637b06 6cf47bc1: going to reseed nonblocking with 128 bits (128 of 0 requested)
[    5.766521] random 0064 0000 0000 fd637b06 6cf47bc1: extract_entropy(.. 16 ..)
[    5.766523] random 0064 0000 0000 fd637b06 6cf47bc1: trying to extract 128 bits from input
[    5.766525] random 0064 0000 0000 fd637b06 6cf47bc1: debiting 0 entropy credits from input
[    5.766527] random 0064 0000 0000 fd637b06 6cf47bc1: extract_entropy account returned: 0 
[    5.766530] random 0064 0000 0000 fd637b06 6cf47bc1: urand_change_num 50 xfer_secondary_pool(16): pool_sig 0000033b, data_sig 00000000, bytes_mixed 0 fd637b06 6cf47bc1
[    5.766533] random 0064 0000 0000 fd637b06 6cf47bc1: trying to extract 128 bits from nonblocking
[    5.766535] random 0064 0000 0000 fd637b06 6cf47bc1: debiting 128 entropy credits from nonblocking (unlimited)
[    5.766538] random 0064 0000 0000 fd637b06 6cf47bc1: extract_entropy account returned: 16 
[    5.766542] random 0064 0000 0000 fd637b06 6cf47bc1: urand_change_num 51 extract_buf: pool_sig 0000033b, data_sig 000000d8, bytes_mixed 20 fd637b06 6cf47bc1
[    5.766548] random 0064 0000 0000 0ec1f012 d4727ca8: urand_change_num 52 extract_buf: pool_sig fffffcf5, data_sig 00000016, bytes_mixed 20 0ec1f012 d4727ca8
[    5.773240] random 0064 0000 0000 45b1d0b1 845a73f7: add_disk_randomness(8:0) 45b1d0b1 845a73f7
[    5.773243] random 0064 0000 0000 45b1d0b1 845a73f7: add_timer_randomness(.. 8388864) with jiffies: 8726661044757037654, cycles: 8726661040462364682
[    5.780458] random 0064 0000 0000 45b1d0b1 845a73f7: add_disk_randomness(8:0) 45b1d0b1 845a73f7
[    5.780461] random 0064 0000 0000 45b1d0b1 845a73f7: add_timer_randomness(.. 8388864) with jiffies: 8791609428537999965, cycles: 8791609424243326986
[    5.786058] random 0064 0000 0000 45b1d0b1 845a73f7: add_disk_randomness(8:0) 45b1d0b1 845a73f7
[    5.786061] random 0064 0000 0000 45b1d0b1 845a73f7: add_timer_randomness(.. 8388864) with jiffies: 8841999050006561379, cycles: 8841999045711888394
[    5.797878] random 0064 0000 0000 45b1d0b1 845a73f7: add_disk_randomness(8:0) 45b1d0b1 845a73f7
[    5.797881] random 0064 0000 0000 45b1d0b1 845a73f7: add_timer_randomness(.. 8388864) with jiffies: 8948362678141420143, cycles: 8948362673846747146
[    5.797884] random 0064 0000 0000 45b1d0b1 845a73f7: added 2 entropy credits to input
[    5.801028] random 0066 0000 0000 45b1d0b1 845a73f7: add_disk_randomness(8:0) 45b1d0b1 845a73f7
[    5.801032] random 0066 0000 0000 45b1d0b1 845a73f7: add_timer_randomness(.. 8388864) with jiffies: 8976711249001415282, cycles: 8976711244706742282
[    5.801034] random 0066 0000 0000 45b1d0b1 845a73f7: added 1 entropy credits to input
[    5.815289] random 0067 0000 0000 45b1d0b1 845a73f7: add_disk_randomness(8:0) 45b1d0b1 845a73f7
[    5.815292] random 0067 0000 0000 45b1d0b1 845a73f7: add_timer_randomness(.. 8388864) with jiffies: 9105039627650826880, cycles: 9105039623356153866
[    5.815295] random 0067 0000 0000 45b1d0b1 845a73f7: added 3 entropy credits to input
[    5.820686] random 0070 0000 0000 45b1d0b1 845a73f7: add_disk_randomness(8:0) 45b1d0b1 845a73f7
[    5.820689] random 0070 0000 0000 45b1d0b1 845a73f7: add_timer_randomness(.. 8388864) with jiffies: 9153600516469260934, cycles: 9153600512174587914
[    5.820692] random 0070 0000 0000 45b1d0b1 845a73f7: added 2 entropy credits to input
[    5.825860] random 0072 0000 0000 45b1d0b1 845a73f7: add_disk_randomness(8:0) 45b1d0b1 845a73f7
[    5.825863] random 0072 0000 0000 45b1d0b1 845a73f7: add_timer_randomness(.. 8388864) with jiffies: 9200153679875506827, cycles: 9200153675580833802
[    5.834083] random 0072 0000 0000 45b1d0b1 845a73f7: add_disk_randomness(8:0) 45b1d0b1 845a73f7
[    5.834086] random 0072 0000 0000 45b1d0b1 845a73f7: add_timer_randomness(.. 8388864) with jiffies: 9274155859011404435, cycles: -9172588218992820214
[    5.834089] random 0072 0000 0000 45b1d0b1 845a73f7: added 1 entropy credits to input
[    5.843684] random 0073 0000 0000 45b1d0b1 845a73f7: add_disk_randomness(8:0) 45b1d0b1 845a73f7
[    5.843687] random 0073 0000 0000 45b1d0b1 845a73f7: add_timer_randomness(.. 8388864) with jiffies: 9360547219204965021, cycles: -9086196858799259638
[    5.863185] random 0073 0000 0000 45b1d0b1 845a73f7: add_disk_randomness(8:0) 45b1d0b1 845a73f7
[    5.863188] random 0073 0000 0000 45b1d0b1 845a73f7: add_timer_randomness(.. 8388864) with jiffies: 9536036623687058096, cycles: -8910707454317166582
[    5.863191] random 0073 0000 0000 45b1d0b1 845a73f7: added 2 entropy credits to input
[    5.876467] random 0075 0000 0000 45b1d0b1 845a73f7: add_disk_randomness(8:0) 45b1d0b1 845a73f7
[    5.876470] random 0075 0000 0000 45b1d0b1 845a73f7: add_timer_randomness(.. 8388864) with jiffies: 9655541700696441534, cycles: -8791202377307783158
[    5.876472] random 0075 0000 0000 45b1d0b1 845a73f7: added 2 entropy credits to input
[    5.884602] random 0077 0000 0000 45b1d0b1 845a73f7: add_disk_randomness(8:0) 45b1d0b1 845a73f7
[    5.884605] random 0077 0000 0000 45b1d0b1 845a73f7: add_timer_randomness(.. 8388864) with jiffies: 9728747146219061958, cycles: -8717996931785162742
[    5.894495] random 0077 0000 0000 45b1d0b1 845a73f7: add_disk_randomness(8:0) 45b1d0b1 845a73f7
[    5.894498] random 0077 0000 0000 45b1d0b1 845a73f7: add_timer_randomness(.. 8388864) with jiffies: 9817768980607894224, cycles: -8628975097396330486
[    5.894501] random 0077 0000 0000 45b1d0b1 845a73f7: added 1 entropy credits to input
[    5.907376] random 0078 0000 0000 45b1d0b1 845a73f7: add_disk_randomness(8:0) 45b1d0b1 845a73f7
[    5.907379] random 0078 0000 0000 45b1d0b1 845a73f7: add_timer_randomness(.. 8388864) with jiffies: 9933696272550298332, cycles: -8513047805453926390
[    5.914740] random 0078 0000 0000 45b1d0b1 845a73f7: add_disk_randomness(8:0) 45b1d0b1 845a73f7
[    5.914743] random 0078 0000 0000 45b1d0b1 845a73f7: add_timer_randomness(.. 8388864) with jiffies: 9999947152408412900, cycles: -8446796925595811830
[    5.914745] random 0078 0000 0000 45b1d0b1 845a73f7: added 2 entropy credits to input
[    5.919983] random 0080 0000 0000 45b1d0b1 845a73f7: add_disk_randomness(8:0) 45b1d0b1 845a73f7
[    5.919986] random 0080 0000 0000 45b1d0b1 845a73f7: add_timer_randomness(.. 8388864) with jiffies: 10047128832738820841, cycles: -8399615245265403894
[    5.926421] random 0080 0000 0000 45b1d0b1 845a73f7: add_disk_randomness(8:0) 45b1d0b1 845a73f7
[    5.926424] random 0080 0000 0000 45b1d0b1 845a73f7: add_timer_randomness(.. 8388864) with jiffies: 10105069839937405679, cycles: -8341674238066819062
[    5.931478] random 0080 0000 0000 45b1d0b1 845a73f7: add_disk_randomness(8:0) 45b1d0b1 845a73f7
[    5.931481] random 0080 0000 0000 45b1d0b1 845a73f7: add_timer_randomness(.. 8388864) with jiffies: 10150564349739762421, cycles: -8296179728264462326
[    5.937371] random 0080 0000 0000 45b1d0b1 845a73f7: add_disk_randomness(8:0) 45b1d0b1 845a73f7
[    5.937374] random 0080 0000 0000 45b1d0b1 845a73f7: add_timer_randomness(.. 8388864) with jiffies: 10203607174370525946, cycles: -8243136903633698806
[    5.946726] random 0080 0000 0000 45b1d0b1 845a73f7: add_disk_randomness(8:0) 45b1d0b1 845a73f7
[    5.946730] random 0080 0000 0000 45b1d0b1 845a73f7: add_timer_randomness(.. 8388864) with jiffies: 10287783542620128004, cycles: -8158960535384096758
[    5.946732] random 0080 0000 0000 45b1d0b1 845a73f7: added 2 entropy credits to input
[    5.951604] random 0082 0000 0000 45b1d0b1 845a73f7: add_disk_randomness(8:0) 45b1d0b1 845a73f7
[    5.951607] random 0082 0000 0000 45b1d0b1 845a73f7: add_timer_randomness(.. 8388864) with jiffies: 10331674303044223753, cycles: -8115069774960001014
[    5.951610] random 0082 0000 0000 45b1d0b1 845a73f7: added 2 entropy credits to input
[    5.959036] random 0084 0000 0000 45b1d0b1 845a73f7: add_disk_randomness(8:0) 45b1d0b1 845a73f7
[    5.959039] random 0084 0000 0000 45b1d0b1 845a73f7: add_timer_randomness(.. 8388864) with jiffies: 10398559115780260624, cycles: -8048184962223964150
[    5.959042] random 0084 0000 0000 45b1d0b1 845a73f7: added 1 entropy credits to input
[    5.965251] random 0085 0000 0000 45b1d0b1 845a73f7: add_disk_randomness(8:0) 45b1d0b1 845a73f7
[    5.965254] random 0085 0000 0000 45b1d0b1 845a73f7: add_timer_randomness(.. 8388864) with jiffies: 10454487707462370070, cycles: -7992256370541854710
[    5.965403] random 0085 0000 0000 45b1d0b1 845a73f7: add_disk_randomness(8:0) 45b1d0b1 845a73f7
[    5.965406] random 0085 0000 0000 45b1d0b1 845a73f7: add_timer_randomness(.. 8388864) with jiffies: 10455851535672509206, cycles: -7990892542331715574
[    5.979814] random 0085 0000 0000 45b1d0b1 845a73f7: add_disk_randomness(8:0) 45b1d0b1 845a73f7
[    5.979817] random 0085 0000 0000 45b1d0b1 845a73f7: add_timer_randomness(.. 8388864) with jiffies: 10585527868332933925, cycles: -7861216209671290870
[    5.979820] random 0085 0000 0000 45b1d0b1 845a73f7: added 3 entropy credits to input
[    5.987233] random 0088 0000 0000 45b1d0b1 845a73f7: add_disk_randomness(8:0) 45b1d0b1 845a73f7
[    5.987236] random 0088 0000 0000 45b1d0b1 845a73f7: add_timer_randomness(.. 8388864) with jiffies: 10652293530086245164, cycles: -7794450547917979638
[    5.987239] random 0088 0000 0000 45b1d0b1 845a73f7: added 2 entropy credits to input
[    5.996913] random 0090 0000 0000 45b1d0b1 845a73f7: add_disk_randomness(8:0) 45b1d0b1 845a73f7
[    5.996916] random 0090 0000 0000 45b1d0b1 845a73f7: add_timer_randomness(.. 8388864) with jiffies: 10739393096027177782, cycles: -7707350981977047030
[    5.996919] random 0090 0000 0000 45b1d0b1 845a73f7: added 1 entropy credits to input
[    6.007540] random 0091 0000 0000 45b1d0b1 845a73f7: add_disk_randomness(8:0) 45b1d0b1 845a73f7
[    6.007543] random 0091 0000 0000 45b1d0b1 845a73f7: add_timer_randomness(.. 8388864) with jiffies: 10835016612977541953, cycles: -7611727465026682870
[    6.020056] random 0091 0000 0000 45b1d0b1 845a73f7: add_disk_randomness(8:0) 45b1d0b1 845a73f7
[    6.020059] random 0091 0000 0000 45b1d0b1 845a73f7: add_timer_randomness(.. 8388864) with jiffies: 10947648698636272461, cycles: -7499095379367952374
[    6.021264] random 0091 0000 0000 45b1d0b1 845a73f7: add_disk_randomness(8:0) 45b1d0b1 845a73f7
[    6.021267] random 0091 0000 0000 45b1d0b1 845a73f7: add_timer_randomness(.. 8388864) with jiffies: 10958525007528690510, cycles: -7488219070475534326
[    6.025276] random 0091 0000 0000 45b1d0b1 845a73f7: add_disk_randomness(8:0) 45b1d0b1 845a73f7
[    6.025279] random 0091 0000 0000 45b1d0b1 845a73f7: add_timer_randomness(.. 8388864) with jiffies: 10994628120366777170, cycles: -7452115957637447670
[    6.025282] random 0091 0000 0000 45b1d0b1 845a73f7: added 1 entropy credits to input
[    6.034622] random 0092 0000 0000 45b1d0b1 845a73f7: add_disk_randomness(8:0) 45b1d0b1 845a73f7
[    6.034625] random 0092 0000 0000 45b1d0b1 845a73f7: add_timer_randomness(.. 8388864) with jiffies: 11078720247127835484, cycles: -7368023830876389366
[    6.034628] random 0092 0000 0000 45b1d0b1 845a73f7: added 1 entropy credits to input
[    6.034970] random 0093 0000 0000 45b1d0b1 845a73f7: add_disk_randomness(8:0) 45b1d0b1 845a73f7
[    6.034972] random 0093 0000 0000 45b1d0b1 845a73f7: add_timer_randomness(.. 8388864) with jiffies: 11081848593932059484, cycles: -7364895484072165366
[    6.050624] random 0093 0000 0000 45b1d0b1 845a73f7: add_disk_randomness(8:0) 45b1d0b1 845a73f7
[    6.050627] random 0093 0000 0000 45b1d0b1 845a73f7: add_timer_randomness(.. 8388864) with jiffies: 11222713303513662316, cycles: -7224030774490562550
[    6.050630] random 0093 0000 0000 45b1d0b1 845a73f7: added 4 entropy credits to input
[    6.052255] random 0097 0000 0000 45b1d0b1 845a73f7: add_disk_randomness(8:0) 45b1d0b1 845a73f7
[    6.052258] random 0097 0000 0000 45b1d0b1 845a73f7: add_timer_randomness(.. 8388864) with jiffies: 11237401675054154605, cycles: -7209342402950070262
[    6.052398] random 0097 0000 0000 45b1d0b1 845a73f7: add_disk_randomness(8:0) 45b1d0b1 845a73f7
[    6.052401] random 0097 0000 0000 45b1d0b1 845a73f7: add_timer_randomness(.. 8388864) with jiffies: 11238689740041192301, cycles: -7208054337963032566
[    6.063277] random 0097 0000 0000 45b1d0b1 845a73f7: add_disk_randomness(8:0) 45b1d0b1 845a73f7
[    6.063280] random 0097 0000 0000 45b1d0b1 845a73f7: add_timer_randomness(.. 8388864) with jiffies: 11336576408403805048, cycles: -7110167669600419830
[    6.063282] random 0097 0000 0000 45b1d0b1 845a73f7: added 3 entropy credits to input
[    6.063844] random 0100 0000 0000 45b1d0b1 845a73f7: add_disk_randomness(8:0) 45b1d0b1 845a73f7
[    6.063847] random 0100 0000 0000 45b1d0b1 845a73f7: add_timer_randomness(.. 8388864) with jiffies: 11341680100861772665, cycles: -7105063977142452214
[    6.069071] random 0100 0000 0000 45b1d0b1 845a73f7: add_disk_randomness(8:0) 45b1d0b1 845a73f7
[    6.069074] random 0100 0000 0000 45b1d0b1 845a73f7: add_timer_randomness(.. 8388864) with jiffies: 11388713007820014462, cycles: -7058031070184210422
[    6.069077] random 0100 0000 0000 45b1d0b1 845a73f7: added 2 entropy credits to input
[    6.070828] random 0102 0000 0000 45b1d0b1 845a73f7: add_disk_randomness(8:0) 45b1d0b1 845a73f7
[    6.070831] random 0102 0000 0000 45b1d0b1 845a73f7: add_timer_randomness(.. 8388864) with jiffies: 11404526866950488960, cycles: -7042217211053735926
[    6.070834] random 0102 0000 0000 45b1d0b1 845a73f7: added 1 entropy credits to input
[    6.081052] random 0103 0000 0000 45b1d0b1 845a73f7: add_disk_randomness(8:0) 45b1d0b1 845a73f7
[    6.081055] random 0103 0000 0000 45b1d0b1 845a73f7: add_timer_randomness(.. 8388864) with jiffies: 11496530027118035850, cycles: -6950214050886189046
[    6.081058] random 0103 0000 0000 45b1d0b1 845a73f7: added 3 entropy credits to input
[    6.094994] random 0106 0000 0000 45b1d0b1 845a73f7: add_disk_randomness(8:0) 45b1d0b1 845a73f7
[    6.094997] random 0106 0000 0000 45b1d0b1 845a73f7: add_timer_randomness(.. 8388864) with jiffies: 11621986661784322968, cycles: -6824757416219901942
[    6.095000] random 0106 0000 0000 45b1d0b1 845a73f7: added 2 entropy credits to input
[    6.107504] random 0108 0000 0000 45b1d0b1 845a73f7: add_disk_randomness(8:0) 45b1d0b1 845a73f7
[    6.107507] random 0108 0000 0000 45b1d0b1 845a73f7: add_timer_randomness(.. 8388864) with jiffies: 11734547498230580133, cycles: -6712196579773644790
[    6.113320] random 0108 0000 0000 45b1d0b1 845a73f7: add_disk_randomness(8:0) 45b1d0b1 845a73f7
