[    0.000000] random 0000 0000 0000 00000000 00000000: rand_read_num 1 get_random_bytes(8): sig 00000000 00000000 00000000
[    0.000000] random 0000 0000 0000 00000000 00000000: extract_entropy(.. 8 ..)
[    0.000000] random 0000 0000 0000 00000000 00000000: going to reseed nonblocking with 64 bits (64 of 0 requested)
[    0.000000] random 0000 0000 0000 00000000 00000000: extract_entropy(.. 8 ..)
[    0.000000] random 0000 0000 0000 00000000 00000000: trying to extract 64 bits from input
[    0.000000] random 0000 0000 0000 00000000 00000000: debiting 0 entropy credits from input
[    0.000000] random 0000 0000 0000 00000000 00000000: extract_entropy account returned: 0 
[    0.000000] random 0000 0000 0000 00000000 00000000: urand_change_num 1 xfer_secondary_pool(8): pool_sig 00000000, data_sig 00000000, bytes_mixed 0 00000000 00000000
[    0.000000] random 0000 0000 0000 00000000 00000000: trying to extract 64 bits from nonblocking
[    0.000000] random 0000 0000 0000 00000000 00000000: debiting 64 entropy credits from nonblocking (unlimited)
[    0.000000] random 0000 0000 0000 00000000 00000000: extract_entropy account returned: 8 
[    0.000000] random 0000 0000 0000 00000000 00000000: urand_change_num 2 extract_buf: pool_sig 00000000, data_sig fffffff9, bytes_mixed 20 00000000 00000000
[    0.000000] Linux version 2.6.32.57 (dcashman@dcashman-02) (gcc version 4.3.3 (GCC) ) #6 Thu May 30 09:02:12 PDT 2013
[    0.000000] KERNEL supported cpus:
[    0.000000]   Intel GenuineIntel
[    0.000000]   AMD AuthenticAMD
[    0.000000]   NSC Geode by NSC
[    0.000000]   Cyrix CyrixInstead
[    0.000000]   Centaur CentaurHauls
[    0.000000]   Transmeta GenuineTMx86
[    0.000000]   Transmeta TransmetaCPU
[    0.000000]   UMC UMC UMC UMC
[    0.000000] BIOS-provided physical RAM map:
[    0.000000]  BIOS-e820: 0000000000000000 - 000000000009d800 (usable)
[    0.000000]  BIOS-e820: 000000000009d800 - 00000000000a0000 (reserved)
[    0.000000]  BIOS-e820: 00000000000d2000 - 00000000000d4000 (reserved)
[    0.000000]  BIOS-e820: 00000000000e0000 - 0000000000100000 (reserved)
[    0.000000]  BIOS-e820: 0000000000100000 - 000000003d6b0000 (usable)
[    0.000000]  BIOS-e820: 000000003d6b0000 - 000000003d6cc000 (ACPI data)
[    0.000000]  BIOS-e820: 000000003d6cc000 - 000000003d700000 (ACPI NVS)
[    0.000000]  BIOS-e820: 000000003d700000 - 000000003e000000 (reserved)
[    0.000000]  BIOS-e820: 00000000f0000000 - 00000000f4000000 (reserved)
[    0.000000]  BIOS-e820: 00000000fec00000 - 00000000fec10000 (reserved)
[    0.000000]  BIOS-e820: 00000000fed00000 - 00000000fed00400 (reserved)
[    0.000000]  BIOS-e820: 00000000fed14000 - 00000000fed1a000 (reserved)
[    0.000000]  BIOS-e820: 00000000fed1c000 - 00000000fed90000 (reserved)
[    0.000000]  BIOS-e820: 00000000fee00000 - 00000000fee01000 (reserved)
[    0.000000]  BIOS-e820: 00000000ff000000 - 0000000100000000 (reserved)
[    0.000000] DMI present.
[    0.000000] last_pfn = 0x3d6b0 max_arch_pfn = 0x100000
[    0.000000] MTRR default type: uncachable
[    0.000000] MTRR fixed ranges enabled:
[    0.000000]   00000-9FFFF write-back
[    0.000000]   A0000-BFFFF uncachable
[    0.000000]   C0000-CFFFF write-protect
[    0.000000]   D0000-DFFFF uncachable
[    0.000000]   E0000-FFFFF write-protect
[    0.000000] MTRR variable ranges enabled:
[    0.000000]   0 base 03E000000 mask FFE000000 uncachable
[    0.000000]   1 base 000000000 mask FC0000000 write-back
[    0.000000]   2 base 03D700000 mask FFFF00000 uncachable
[    0.000000]   3 base 03D800000 mask FFF800000 uncachable
[    0.000000]   4 disabled
[    0.000000]   5 disabled
[    0.000000]   6 disabled
[    0.000000]   7 disabled
[    0.000000] initial memory mapped : 0 - 02000000
[    0.000000] init_memory_mapping: 0000000000000000-00000000377fe000
[    0.000000]  0000000000 - 0000400000 page 4k
[    0.000000]  0000400000 - 0037400000 page 2M
[    0.000000]  0037400000 - 00377fe000 page 4k
[    0.000000] kernel direct mapping tables up to 377fe000 @ 7000-c000
[    0.000000] ACPI: RSDP 000f68d0 00024 (v02 LENOVO)
[    0.000000] ACPI: XSDT 3d6bb77f 00094 (v01 LENOVO TP-7L    00002170  LTP 00000000)
[    0.000000] ACPI: FACP 3d6bb900 000F4 (v03 LENOVO TP-7L    00002170 LNVO 00000001)
[    0.000000] ACPI Warning: 32/64X length mismatch in Gpe1Block: 0/32 (20090903/tbfadt-526)
[    0.000000] ACPI Warning: Optional field Gpe1Block has zero address or length: 000000000000102C/0 (20090903/tbfadt-557)
[    0.000000] ACPI: DSDT 3d6bbd1d 0FED1 (v01 LENOVO TP-7L    00002170 MSFT 03000000)
[    0.000000] ACPI: FACS 3d6e4000 00040
[    0.000000] ACPI: SSDT 3d6bbab4 00269 (v01 LENOVO TP-7L    00002170 MSFT 03000000)
[    0.000000] ACPI: ECDT 3d6cbbee 00052 (v01 LENOVO TP-7L    00002170 LNVO 00000001)
[    0.000000] ACPI: TCPA 3d6cbc40 00032 (v02 LENOVO TP-7L    00002170 LNVO 00000001)
[    0.000000] ACPI: APIC 3d6cbc72 00068 (v01 LENOVO TP-7L    00002170 LNVO 00000001)
[    0.000000] ACPI: MCFG 3d6cbcda 0003C (v01 LENOVO TP-7L    00002170 LNVO 00000001)
[    0.000000] ACPI: HPET 3d6cbd16 00038 (v01 LENOVO TP-7L    00002170 LNVO 00000001)
[    0.000000] ACPI: SLIC 3d6cbdf0 00176 (v01 LENOVO TP-7L    00002170  LTP 00000000)
[    0.000000] ACPI: BOOT 3d6cbf66 00028 (v01 LENOVO TP-7L    00002170  LTP 00000001)
[    0.000000] ACPI: ASF! 3d6cbf8e 00072 (v16 LENOVO TP-7L    00002170 PTL  00000001)
[    0.000000] ACPI: SSDT 3d6e26d9 0025F (v01 LENOVO TP-7L    00002170 INTL 20050513)
[    0.000000] ACPI: SSDT 3d6e2938 000A6 (v01 LENOVO TP-7L    00002170 INTL 20050513)
[    0.000000] ACPI: SSDT 3d6e29de 004F7 (v01 LENOVO TP-7L    00002170 INTL 20050513)
[    0.000000] ACPI: SSDT 3d6e2ed5 001D8 (v01 LENOVO TP-7L    00002170 INTL 20050513)
[    0.000000] ACPI: DMI detected: Lenovo ThinkPad R61
[    0.000000] ACPI: Added _OSI(Linux)
[    0.000000] ACPI: Local APIC address 0xfee00000
[    0.000000] 94MB HIGHMEM available.
[    0.000000] 887MB LOWMEM available.
[    0.000000]   mapped low ram: 0 - 377fe000
[    0.000000]   low ram: 0 - 377fe000
[    0.000000]   node 0 low ram: 00000000 - 377fe000
[    0.000000]   node 0 bootmap 00008000 - 0000ef00
[    0.000000] (6 early reservations) ==> bootmem [0000000000 - 00377fe000]
[    0.000000]   #0 [0000000000 - 0000001000]   BIOS data page ==> [0000000000 - 0000001000]
[    0.000000]   #1 [0001000000 - 0001bdc180]    TEXT DATA BSS ==> [0001000000 - 0001bdc180]
[    0.000000]   #2 [000009d800 - 0000100000]    BIOS reserved ==> [000009d800 - 0000100000]
[    0.000000]   #3 [0001bdd000 - 0001be516c]              BRK ==> [0001bdd000 - 0001be516c]
[    0.000000]   #4 [0000007000 - 0000008000]          PGTABLE ==> [0000007000 - 0000008000]
[    0.000000]   #5 [0000008000 - 000000f000]          BOOTMAP ==> [0000008000 - 000000f000]
[    0.000000] found SMP MP-table at [c00f6900] f6900
[    0.000000] Zone PFN ranges:
[    0.000000]   DMA      0x00000000 -> 0x00001000
[    0.000000]   Normal   0x00001000 -> 0x000377fe
[    0.000000]   HighMem  0x000377fe -> 0x0003d6b0
[    0.000000] Movable zone start PFN for each node
[    0.000000] early_node_map[2] active PFN ranges
[    0.000000]     0: 0x00000000 -> 0x0000009d
[    0.000000]     0: 0x00000100 -> 0x0003d6b0
[    0.000000] On node 0 totalpages: 251469
[    0.000000] free_area_init_node: node 0, pgdat c1901ea0, node_mem_map c1be7000
[    0.000000]   DMA zone: 32 pages used for memmap
[    0.000000]   DMA zone: 0 pages reserved
[    0.000000]   DMA zone: 3965 pages, LIFO batch:0
[    0.000000]   Normal zone: 1744 pages used for memmap
[    0.000000]   Normal zone: 221486 pages, LIFO batch:31
[    0.000000]   HighMem zone: 190 pages used for memmap
[    0.000000]   HighMem zone: 24052 pages, LIFO batch:3
[    0.000000] Using APIC driver default
[    0.000000] ACPI: PM-Timer IO Port: 0x1008
[    0.000000] ACPI: Local APIC address 0xfee00000
[    0.000000] ACPI: LAPIC (acpi_id[0x00] lapic_id[0x00] enabled)
[    0.000000] ACPI: LAPIC (acpi_id[0x01] lapic_id[0x01] enabled)
[    0.000000] ACPI: NR_CPUS/possible_cpus limit of 1 reached.  Processor 1/0x1 ignored.
[    0.000000] ACPI: LAPIC_NMI (acpi_id[0x00] high edge lint[0x1])
[    0.000000] ACPI: LAPIC_NMI (acpi_id[0x01] high edge lint[0x1])
[    0.000000] ACPI: IOAPIC (id[0x01] address[0xfec00000] gsi_base[0])
[    0.000000] IOAPIC[0]: apic_id 1, version 32, address 0xfec00000, GSI 0-23
[    0.000000] ACPI: INT_SRC_OVR (bus 0 bus_irq 0 global_irq 2 dfl dfl)
[    0.000000] ACPI: INT_SRC_OVR (bus 0 bus_irq 9 global_irq 9 high level)
[    0.000000] ACPI: IRQ0 used by override.
[    0.000000] ACPI: IRQ2 used by override.
[    0.000000] ACPI: IRQ9 used by override.
[    0.000000] Using ACPI (MADT) for SMP configuration information
[    0.000000] ACPI: HPET id: 0x8086a201 base: 0xfed00000
[    0.000000] nr_irqs_gsi: 24
[    0.000000] PM: Registered nosave memory: 000000000009d000 - 000000000009e000
[    0.000000] PM: Registered nosave memory: 000000000009e000 - 00000000000a0000
[    0.000000] PM: Registered nosave memory: 00000000000a0000 - 00000000000d2000
[    0.000000] PM: Registered nosave memory: 00000000000d2000 - 00000000000d4000
[    0.000000] PM: Registered nosave memory: 00000000000d4000 - 00000000000e0000
[    0.000000] PM: Registered nosave memory: 00000000000e0000 - 0000000000100000
[    0.000000] Allocating PCI resources starting at 3e000000 (gap: 3e000000:b2000000)
[    0.000000] Built 1 zonelists in Zone order, mobility grouping on.  Total pages: 249503
[    0.000000] Kernel command line: auto BOOT_IMAGE=Linux ro root=802 vt.default_utf8=0 maxcpus=0
[    0.000000] PID hash table entries: 4096 (order: 2, 16384 bytes)
[    0.000000] Dentry cache hash table entries: 131072 (order: 7, 524288 bytes)
[    0.000000] Inode-cache hash table entries: 65536 (order: 6, 262144 bytes)
[    0.000000] Enabling fast FPU save and restore... done.
[    0.000000] Enabling unmasked SIMD FPU exception support... done.
[    0.000000] Initializing CPU#0
[    0.000000] Initializing HighMem for node 0 (000377fe:0003d6b0)
[    0.000000] Memory: 984800k/1006272k available (6915k kernel code, 20876k reserved, 2327k data, 448k init, 96968k highmem)
[    0.000000] virtual kernel memory layout:
[    0.000000]     fixmap  : 0xfffa3000 - 0xfffff000   ( 368 kB)
[    0.000000]     pkmap   : 0xff800000 - 0xffc00000   (4096 kB)
[    0.000000]     vmalloc : 0xf7ffe000 - 0xff7fe000   ( 120 MB)
[    0.000000]     lowmem  : 0xc0000000 - 0xf77fe000   ( 887 MB)
[    0.000000]       .init : 0xc1907000 - 0xc1977000   ( 448 kB)
[    0.000000]       .data : 0xc16c0d3f - 0xc1906c64   (2327 kB)
[    0.000000]       .text : 0xc1000000 - 0xc16c0d3f   (6915 kB)
[    0.000000] Checking if this processor honours the WP bit even in supervisor mode...Ok.
[    0.000000] SLUB: Genslabs=13, HWalign=64, Order=0-3, MinObjects=0, CPUs=1, Nodes=1
[    0.000000] Hierarchical RCU implementation.
[    0.000000] NR_IRQS:288
[    0.000000] Extended CMOS year: 2000
[    0.000000] Console: colour VGA+ 80x25
[    0.000000] console [tty0] enabled
[    0.000000] hpet clockevent registered
[    0.000000] Fast TSC calibration using PIT
[    0.000000] Detected 2095.014 MHz processor.
[    0.002001] Calibrating delay loop (skipped), value calculated using timer frequency.. 4190.02 BogoMIPS (lpj=2095014)
[    0.002168] Security Framework initialized
[    0.002255] Mount-cache hash table entries: 512
[    0.002401] CPU: L1 I cache: 32K, L1 D cache: 32K
[    0.002530] CPU: L2 cache: 3072K
[    0.002611] mce: CPU supports 6 MCE banks
[    0.002691] CPU0: Thermal monitoring enabled (TM2)
[    0.002771] using mwait in idle threads.
[    0.002852] CPU: Intel(R) Core(TM)2 Duo CPU     T8100  @ 2.10GHz stepping 06
[    0.003079] Checking 'hlt' instruction... OK.
[    0.007936] ACPI: Core revision 20090903
[    0.027011] RANDOM get_random_int first call with cycles 32593748491, jiffies 4294667323 and pid 0
[    0.027018] CANARY value: 1b166497 for PID: 1
[    0.027025] CANARY value: 61d95ccc for PID: 2
[    0.027048] Enabling APIC mode:  Flat.  Using 1 I/O APICs
[    0.028307] ..TIMER: vector=0x30 apic1=0 pin1=2 apic2=-1 pin2=-1
[    0.038997] xor: automatically using best checksumming function: pIII_sse
[    0.042998]    pIII_sse  :  8568.000 MB/sec
[    0.043082] xor: using function: pIII_sse (8568.000 MB/sec)
[    0.043163] RANDOM - __seed init called.
[    0.043164] RANDOM - __seed init called.
[    0.043165] RANDOM - __seed init called.
[    0.043167] RANDOM - __random32 called. Change num 1.  Value: 870e7b8	f6ea009	16c0ad5a
[    0.043169] RANDOM - __random32 called. Change num 2.  Value: e7b8290	f6ea0099	5ab418b8
[    0.043170] RANDOM - __random32 called. Change num 3.  Value: b8290fc5	6ea00996	3171e29b
[    0.043172] RANDOM - __random32 called. Change num 4.  Value: 90fc533a	ea00996a	c5375fde
[    0.043174] RANDOM - __random32 called. Change num 5.  Value: c533a353	a00996a1	bfbd91b4
[    0.043176] RANDOM - __random32 called. Change num 6.  Value: 3a35362b	996a10	23684a23
[    0.043177] RANDOM - random32 init called.  Value: 3a35362b	996a10	23684a23
[    0.043194] NET: Registered protocol family 16
[    0.043448] ACPI FADT declares the system doesn't support PCIe ASPM, so disable it
[    0.043563] ACPI: bus type pci registered
[    0.043733] PCI: MCFG configuration 0: base f0000000 segment 0 buses 0 - 63
[    0.043816] PCI: MCFG area at f0000000 reserved in E820
[    0.043906] PCI: Using MMCONFIG for extended config space
[    0.043988] PCI: Using configuration type 1 for base access
[    0.047087] bio: create slab <bio-0> at 0
[    0.047899] ACPI: EC: EC description table is found, configuring boot EC
[    0.053052] ACPI: BIOS _OSI(Linux) query honored via DMI
[    0.053765] random 0000 0000 0000 00000000 00000000: rand_read_num 2 get_random_bytes(8): sig fffffe1a 00000000 00000000
[    0.053767] random 0000 0000 0000 00000000 00000000: extract_entropy(.. 8 ..)
[    0.053770] random 0000 0000 0000 00000000 00000000: going to reseed nonblocking with 64 bits (64 of 0 requested)
[    0.053772] random 0000 0000 0000 00000000 00000000: extract_entropy(.. 8 ..)
[    0.053774] random 0000 0000 0000 00000000 00000000: trying to extract 64 bits from input
[    0.053776] random 0000 0000 0000 00000000 00000000: debiting 0 entropy credits from input
[    0.053778] random 0000 0000 0000 00000000 00000000: extract_entropy account returned: 0 
[    0.053781] random 0000 0000 0000 00000000 00000000: urand_change_num 3 xfer_secondary_pool(8): pool_sig fffffe1a, data_sig 00000000, bytes_mixed 0 00000000 00000000
[    0.053809] random 0000 0000 0000 00000000 00000000: trying to extract 64 bits from nonblocking
[    0.053811] random 0000 0000 0000 00000000 00000000: debiting 64 entropy credits from nonblocking (unlimited)
[    0.053814] random 0000 0000 0000 00000000 00000000: extract_entropy account returned: 8 
[    0.053818] random 0000 0000 0000 00000000 00000000: urand_change_num 4 extract_buf: pool_sig fffffe1a, data_sig fffffed7, bytes_mixed 20 00000000 00000000
[    0.058613] ACPI: Interpreter enabled
[    0.058693] ACPI: (supports S0 S3 S4 S5)
[    0.058985] ACPI: Using IOAPIC for interrupt routing
[    0.068480] ACPI: EC: GPE = 0x12, I/O: command/status = 0x66, data = 0x62
[    0.068759] ACPI: Power Resource [PUBS] (on)
[    0.070897] ACPI: ACPI Dock Station Driver: 3 docks/bays found
[    0.071311] ACPI: PCI Root Bridge [PCI0] (0000:00)
[    0.071474] pci 0000:00:02.0: reg 10 64bit mmio: [0xf8100000-0xf81fffff]
[    0.071480] pci 0000:00:02.0: reg 18 64bit mmio pref: [0xe0000000-0xefffffff]
[    0.071484] pci 0000:00:02.0: reg 20 io port: [0x1800-0x1807]
[    0.071519] pci 0000:00:02.1: reg 10 64bit mmio: [0xf8200000-0xf82fffff]
[    0.071622] pci 0000:00:19.0: reg 10 32bit mmio: [0xfe000000-0xfe01ffff]
[    0.071631] pci 0000:00:19.0: reg 14 32bit mmio: [0xfe025000-0xfe025fff]
[    0.071640] pci 0000:00:19.0: reg 18 io port: [0x1840-0x185f]
[    0.071711] pci 0000:00:19.0: PME# supported from D0 D3hot D3cold
[    0.071801] pci 0000:00:19.0: PME# disabled
[    0.071935] pci 0000:00:1a.0: reg 20 io port: [0x1860-0x187f]
[    0.072013] pci 0000:00:1a.1: reg 20 io port: [0x1880-0x189f]
[    0.072085] pci 0000:00:1a.7: reg 10 32bit mmio: [0xfe226c00-0xfe226fff]
[    0.072173] pci 0000:00:1a.7: PME# supported from D0 D3hot D3cold
[    0.072262] pci 0000:00:1a.7: PME# disabled
[    0.072420] pci 0000:00:1b.0: reg 10 64bit mmio: [0xfe020000-0xfe023fff]
[    0.072505] pci 0000:00:1b.0: PME# supported from D0 D3hot D3cold
[    0.072598] pci 0000:00:1b.0: PME# disabled
[    0.072801] pci 0000:00:1c.0: PME# supported from D0 D3hot D3cold
[    0.072893] pci 0000:00:1c.0: PME# disabled
[    0.073089] pci 0000:00:1c.1: PME# supported from D0 D3hot D3cold
[    0.073180] pci 0000:00:1c.1: PME# disabled
[    0.073373] pci 0000:00:1c.2: PME# supported from D0 D3hot D3cold
[    0.073456] pci 0000:00:1c.2: PME# disabled
[    0.073662] pci 0000:00:1c.3: PME# supported from D0 D3hot D3cold
[    0.073744] pci 0000:00:1c.3: PME# disabled
[    0.074109] pci 0000:00:1c.4: PME# supported from D0 D3hot D3cold
[    0.074197] pci 0000:00:1c.4: PME# disabled
[    0.074341] pci 0000:00:1d.0: reg 20 io port: [0x18a0-0x18bf]
[    0.074427] pci 0000:00:1d.1: reg 20 io port: [0x18c0-0x18df]
[    0.074502] pci 0000:00:1d.2: reg 20 io port: [0x18e0-0x18ff]
[    0.075093] pci 0000:00:1d.7: reg 10 32bit mmio: [0xfe227000-0xfe2273ff]
[    0.075198] pci 0000:00:1d.7: PME# supported from D0 D3hot D3cold
[    0.075289] pci 0000:00:1d.7: PME# disabled
[    0.075568] pci 0000:00:1f.0: quirk: region 1000-107f claimed by ICH6 ACPI/GPIO/TCO
[    0.075684] pci 0000:00:1f.0: quirk: region 1180-11bf claimed by ICH6 GPIO
[    0.075778] pci 0000:00:1f.0: ICH7 LPC Generic IO decode 1 PIO at 1600 (mask 007f)
[    0.075893] pci 0000:00:1f.0: ICH7 LPC Generic IO decode 2 PIO at 15e0 (mask 000f)
[    0.075998] pci 0000:00:1f.0: ICH7 LPC Generic IO decode 3 PIO at 1680 (mask 001f)
[    0.076194] pci 0000:00:1f.1: reg 10 io port: [0x00-0x07]
[    0.076205] pci 0000:00:1f.1: reg 14 io port: [0x00-0x03]
[    0.076212] pci 0000:00:1f.1: reg 18 io port: [0x00-0x07]
[    0.076221] pci 0000:00:1f.1: reg 1c io port: [0x00-0x03]
[    0.076232] pci 0000:00:1f.1: reg 20 io port: [0x1c00-0x1c0f]
[    0.076317] pci 0000:00:1f.2: reg 10 io port: [0x1c50-0x1c57]
[    0.076326] pci 0000:00:1f.2: reg 14 io port: [0x1c44-0x1c47]
[    0.076335] pci 0000:00:1f.2: reg 18 io port: [0x1c48-0x1c4f]
[    0.076342] pci 0000:00:1f.2: reg 1c io port: [0x1c40-0x1c43]
[    0.076351] pci 0000:00:1f.2: reg 20 io port: [0x1c20-0x1c3f]
[    0.076360] pci 0000:00:1f.2: reg 24 32bit mmio: [0xfe226000-0xfe2267ff]
[    0.076417] pci 0000:00:1f.2: PME# supported from D3hot
[    0.076500] pci 0000:00:1f.2: PME# disabled
[    0.076613] pci 0000:00:1f.3: reg 10 32bit mmio: [0xfe227400-0xfe2274ff]
[    0.076638] pci 0000:00:1f.3: reg 20 io port: [0x1c60-0x1c7f]
[    0.076729] pci 0000:00:1c.0: bridge io port: [0x2000-0x2fff]
[    0.076734] pci 0000:00:1c.0: bridge 32bit mmio: [0xfc000000-0xfdffffff]
[    0.076743] pci 0000:00:1c.0: bridge 64bit mmio pref: [0xf8000000-0xf80fffff]
[    0.076817] pci 0000:03:00.0: reg 10 64bit mmio: [0xdf3f0000-0xdf3fffff]
[    0.077033] pci 0000:00:1c.1: bridge io port: [0x3000-0x3fff]
[    0.077040] pci 0000:00:1c.1: bridge 32bit mmio: [0xdc000000-0xdf3fffff]
[    0.077049] pci 0000:00:1c.1: bridge 64bit mmio pref: [0xdfe00000-0xdfefffff]
[    0.077105] pci 0000:00:1c.2: bridge io port: [0x4000-0x4fff]
[    0.077111] pci 0000:00:1c.2: bridge 32bit mmio: [0xd8000000-0xd9ffffff]
[    0.077118] pci 0000:00:1c.2: bridge 64bit mmio pref: [0xdfb00000-0xdfbfffff]
[    0.077184] pci 0000:00:1c.3: bridge io port: [0x5000-0x5fff]
[    0.077191] pci 0000:00:1c.3: bridge 32bit mmio: [0xd4000000-0xd5ffffff]
[    0.077199] pci 0000:00:1c.3: bridge 64bit mmio pref: [0xdf800000-0xdf8fffff]
[    0.077253] pci 0000:00:1c.4: bridge io port: [0x6000-0x6fff]
[    0.077260] pci 0000:00:1c.4: bridge 32bit mmio: [0xd0000000-0xd1ffffff]
[    0.077269] pci 0000:00:1c.4: bridge 64bit mmio pref: [0xdf500000-0xdf5fffff]
[    0.077327] pci 0000:15:00.0: reg 10 32bit mmio: [0xf8300000-0xf8300fff]
[    0.077375] pci 0000:15:00.0: supports D1 D2
[    0.077377] pci 0000:15:00.0: PME# supported from D0 D1 D2 D3hot D3cold
[    0.077472] pci 0000:15:00.0: PME# disabled
[    0.077611] pci 0000:15:00.1: reg 10 32bit mmio: [0xf8301000-0xf83017ff]
[    0.077708] pci 0000:15:00.1: supports D1 D2
[    0.077710] pci 0000:15:00.1: PME# supported from D0 D1 D2 D3hot D3cold
[    0.077794] pci 0000:15:00.1: PME# disabled
[    0.077965] pci 0000:00:1e.0: transparent bridge
[    0.077999] pci 0000:00:1e.0: bridge io port: [0x7000-0xafff]
[    0.078005] pci 0000:00:1e.0: bridge 32bit mmio: [0xf8300000-0xfbffffff]
[    0.078012] pci 0000:00:1e.0: bridge 64bit mmio pref: [0xf4000000-0xf7ffffff]
[    0.078079] pci_bus 0000:00: on NUMA node 0
[    0.078082] ACPI: PCI Interrupt Routing Table [\_SB_.PCI0._PRT]
[    0.078216] ACPI: PCI Interrupt Routing Table [\_SB_.PCI0.EXP0._PRT]
[    0.078275] ACPI: PCI Interrupt Routing Table [\_SB_.PCI0.EXP1._PRT]
[    0.078333] ACPI: PCI Interrupt Routing Table [\_SB_.PCI0.EXP2._PRT]
[    0.078391] ACPI: PCI Interrupt Routing Table [\_SB_.PCI0.EXP3._PRT]
[    0.078454] ACPI: PCI Interrupt Routing Table [\_SB_.PCI0.EXP4._PRT]
[    0.078516] ACPI: PCI Interrupt Routing Table [\_SB_.PCI0.PCI1._PRT]
[    0.084057] ACPI: PCI Interrupt Link [LNKA] (IRQs 3 4 5 6 7 9 *10 11)
[    0.084784] ACPI: PCI Interrupt Link [LNKB] (IRQs 3 4 5 6 7 9 10 *11)
[    0.085476] ACPI: PCI Interrupt Link [LNKC] (IRQs 3 4 5 6 7 9 10 *11)
[    0.086229] ACPI: PCI Interrupt Link [LNKD] (IRQs 3 4 5 6 7 9 10 *11)
[    0.086951] ACPI: PCI Interrupt Link [LNKE] (IRQs 3 4 5 6 7 9 10 *11)
[    0.087643] ACPI: PCI Interrupt Link [LNKF] (IRQs 3 4 5 6 7 9 10 *11)
[    0.088373] ACPI: PCI Interrupt Link [LNKG] (IRQs 3 4 5 6 7 9 10 *11)
[    0.089178] ACPI: PCI Interrupt Link [LNKH] (IRQs 3 4 5 6 7 9 10 *11)
[    0.089876] vgaarb: device added: PCI:0000:00:02.0,decodes=io+mem,owns=io+mem,locks=none
[    0.090001] vgaarb: loaded
[    0.090173] SCSI subsystem initialized
[    0.090272] libata version 3.00 loaded.
[    0.090321] usbcore: registered new interface driver usbfs
[    0.090440] usbcore: registered new interface driver hub
[    0.090551] usbcore: registered new device driver usb
[    0.107041] raid6: int32x1    941 MB/s
[    0.124059] raid6: int32x2    890 MB/s
[    0.141069] raid6: int32x4    750 MB/s
[    0.157988] raid6: int32x8    656 MB/s
[    0.174988] raid6: mmxx1     2878 MB/s
[    0.191986] raid6: mmxx2     3253 MB/s
[    0.209002] raid6: sse1x1    1937 MB/s
[    0.225976] raid6: sse1x2    2531 MB/s
[    0.242986] raid6: sse2x1    3511 MB/s
[    0.259985] raid6: sse2x2    3828 MB/s
[    0.260082] raid6: using algorithm sse2x2 (3828 MB/s)
[    0.260164] PCI: Using ACPI for IRQ routing
[    0.260468] HPET: 3 timers in total, 0 timers will be used for per-cpu timer
[    0.260990] Switching to clocksource tsc
[    0.261081] pnp: PnP ACPI init
[    0.261170] ACPI: bus type pnp registered
[    0.264820] pnp: PnP ACPI: found 11 devices
[    0.264915] ACPI: ACPI bus type pnp unregistered
[    0.265010] system 00:00: iomem range 0x0-0x9ffff could not be reserved
[    0.265092] system 00:00: iomem range 0xc0000-0xc3fff could not be reserved
[    0.265181] system 00:00: iomem range 0xc4000-0xc7fff could not be reserved
[    0.265265] system 00:00: iomem range 0xc8000-0xcbfff has been reserved
[    0.265349] system 00:00: iomem range 0xcc000-0xcffff has been reserved
[    0.265437] system 00:00: iomem range 0xd0000-0xd3fff could not be reserved
[    0.265519] system 00:00: iomem range 0xe0000-0xe3fff could not be reserved
[    0.265608] system 00:00: iomem range 0xe4000-0xe7fff could not be reserved
[    0.265691] system 00:00: iomem range 0xe8000-0xebfff could not be reserved
[    0.265780] system 00:00: iomem range 0xec000-0xeffff could not be reserved
[    0.265872] system 00:00: iomem range 0xf0000-0xfffff could not be reserved
[    0.265967] system 00:00: iomem range 0x100000-0x3dffffff could not be reserved
[    0.266079] system 00:00: iomem range 0xfec00000-0xfed3ffff could not be reserved
[    0.266198] system 00:00: iomem range 0xfed4c000-0xffffffff could not be reserved
[    0.266325] system 00:02: ioport range 0x164e-0x164f has been reserved
[    0.266418] system 00:02: ioport range 0x1000-0x107f has been reserved
[    0.266504] system 00:02: ioport range 0x1180-0x11bf has been reserved
[    0.266590] system 00:02: ioport range 0x800-0x80f has been reserved
[    0.266672] system 00:02: ioport range 0x15e0-0x15ef has been reserved
[    0.266754] system 00:02: ioport range 0x1600-0x165f could not be reserved
[    0.266849] system 00:02: iomem range 0xf0000000-0xf3ffffff has been reserved
[    0.266935] system 00:02: iomem range 0xfed1c000-0xfed1ffff has been reserved
[    0.267033] system 00:02: iomem range 0xfed14000-0xfed17fff has been reserved
[    0.267127] system 00:02: iomem range 0xfed18000-0xfed18fff has been reserved
[    0.267212] system 00:02: iomem range 0xfed19000-0xfed19fff has been reserved
[    0.267295] system 00:02: iomem range 0xfed45000-0xfed4bfff has been reserved
[    0.302322] pci 0000:00:1c.0: PCI bridge, secondary bus 0000:02
[    0.302417] pci 0000:00:1c.0:   IO window: 0x2000-0x2fff
[    0.302522] pci 0000:00:1c.0:   MEM window: 0xfc000000-0xfdffffff
[    0.302604] pci 0000:00:1c.0:   PREFETCH window: 0x000000f8000000-0x000000f80fffff
[    0.302721] pci 0000:00:1c.1: PCI bridge, secondary bus 0000:03
[    0.302805] pci 0000:00:1c.1:   IO window: 0x3000-0x3fff
[    0.302903] pci 0000:00:1c.1:   MEM window: 0xdc000000-0xdf3fffff
[    0.302999] pci 0000:00:1c.1:   PREFETCH window: 0x000000dfe00000-0x000000dfefffff
[    0.303118] pci 0000:00:1c.2: PCI bridge, secondary bus 0000:04
[    0.303199] pci 0000:00:1c.2:   IO window: 0x4000-0x4fff
[    0.303284] pci 0000:00:1c.2:   MEM window: 0xd8000000-0xd9ffffff
[    0.303375] pci 0000:00:1c.2:   PREFETCH window: 0x000000dfb00000-0x000000dfbfffff
[    0.303497] pci 0000:00:1c.3: PCI bridge, secondary bus 0000:05
[    0.303582] pci 0000:00:1c.3:   IO window: 0x5000-0x5fff
[    0.303665] pci 0000:00:1c.3:   MEM window: 0xd4000000-0xd5ffffff
[    0.303753] pci 0000:00:1c.3:   PREFETCH window: 0x000000df800000-0x000000df8fffff
[    0.303876] pci 0000:00:1c.4: PCI bridge, secondary bus 0000:0d
[    0.303963] pci 0000:00:1c.4:   IO window: 0x6000-0x6fff
[    0.304059] pci 0000:00:1c.4:   MEM window: 0xd0000000-0xd1ffffff
[    0.304151] pci 0000:00:1c.4:   PREFETCH window: 0x000000df500000-0x000000df5fffff
[    0.304270] pci 0000:15:00.0: CardBus bridge, secondary bus 0000:16
[    0.304355] pci 0000:15:00.0:   IO window: 0x007000-0x0070ff
[    0.304450] pci 0000:15:00.0:   IO window: 0x007400-0x0074ff
[    0.304547] pci 0000:15:00.0:   PREFETCH window: 0xf4000000-0xf7ffffff
[    0.304633] pci 0000:15:00.0:   MEM window: 0x40000000-0x43ffffff
[    0.304717] pci 0000:00:1e.0: PCI bridge, secondary bus 0000:15
[    0.304800] pci 0000:00:1e.0:   IO window: 0x7000-0xafff
[    0.304893] pci 0000:00:1e.0:   MEM window: 0xf8300000-0xfbffffff
[    0.304991] pci 0000:00:1e.0:   PREFETCH window: 0x000000f4000000-0x000000f7ffffff
[    0.305126] pci 0000:00:1c.0: PCI INT A -> GSI 20 (level, low) -> IRQ 20
[    0.305214] pci 0000:00:1c.0: setting latency timer to 64
[    0.305226] pci 0000:00:1c.1: PCI INT B -> GSI 21 (level, low) -> IRQ 21
[    0.305321] pci 0000:00:1c.1: setting latency timer to 64
[    0.305334] pci 0000:00:1c.2: PCI INT C -> GSI 22 (level, low) -> IRQ 22
[    0.305421] pci 0000:00:1c.2: setting latency timer to 64
[    0.305435] pci 0000:00:1c.3: PCI INT D -> GSI 23 (level, low) -> IRQ 23
[    0.305525] pci 0000:00:1c.3: setting latency timer to 64
[    0.305542] pci 0000:00:1c.4: PCI INT A -> GSI 20 (level, low) -> IRQ 20
[    0.305629] pci 0000:00:1c.4: setting latency timer to 64
[    0.305638] pci 0000:00:1e.0: enabling device (0005 -> 0007)
[    0.305731] pci 0000:00:1e.0: setting latency timer to 64
[    0.305747] pci 0000:15:00.0: PCI INT A -> GSI 16 (level, low) -> IRQ 16
[    0.305840] pci 0000:15:00.0: setting latency timer to 64
[    0.305845] pci_bus 0000:00: resource 0 io:  [0x00-0xffff]
[    0.305847] pci_bus 0000:00: resource 1 mem: [0x000000-0xffffffff]
[    0.305849] pci_bus 0000:02: resource 0 io:  [0x2000-0x2fff]
[    0.305850] pci_bus 0000:02: resource 1 mem: [0xfc000000-0xfdffffff]
[    0.305852] pci_bus 0000:02: resource 2 pref mem [0xf8000000-0xf80fffff]
[    0.305854] pci_bus 0000:03: resource 0 io:  [0x3000-0x3fff]
[    0.305856] pci_bus 0000:03: resource 1 mem: [0xdc000000-0xdf3fffff]
[    0.305858] pci_bus 0000:03: resource 2 pref mem [0xdfe00000-0xdfefffff]
[    0.305863] pci_bus 0000:04: resource 0 io:  [0x4000-0x4fff]
[    0.305864] pci_bus 0000:04: resource 1 mem: [0xd8000000-0xd9ffffff]
[    0.305866] pci_bus 0000:04: resource 2 pref mem [0xdfb00000-0xdfbfffff]
[    0.305868] pci_bus 0000:05: resource 0 io:  [0x5000-0x5fff]
[    0.305870] pci_bus 0000:05: resource 1 mem: [0xd4000000-0xd5ffffff]
[    0.305872] pci_bus 0000:05: resource 2 pref mem [0xdf800000-0xdf8fffff]
[    0.305874] pci_bus 0000:0d: resource 0 io:  [0x6000-0x6fff]
[    0.305875] pci_bus 0000:0d: resource 1 mem: [0xd0000000-0xd1ffffff]
[    0.305877] pci_bus 0000:0d: resource 2 pref mem [0xdf500000-0xdf5fffff]
[    0.305879] pci_bus 0000:15: resource 0 io:  [0x7000-0xafff]
[    0.305881] pci_bus 0000:15: resource 1 mem: [0xf8300000-0xfbffffff]
[    0.305883] pci_bus 0000:15: resource 2 pref mem [0xf4000000-0xf7ffffff]
[    0.305884] pci_bus 0000:15: resource 3 io:  [0x00-0xffff]
[    0.305886] pci_bus 0000:15: resource 4 mem: [0x000000-0xffffffff]
[    0.305888] pci_bus 0000:16: resource 0 io:  [0x7000-0x70ff]
[    0.305890] pci_bus 0000:16: resource 1 io:  [0x7400-0x74ff]
[    0.305892] pci_bus 0000:16: resource 2 pref mem [0xf4000000-0xf7ffffff]
[    0.305894] pci_bus 0000:16: resource 3 mem: [0x40000000-0x43ffffff]
[    0.305901] NET: Registered protocol family 2
[    0.305990] RANDOM - __random32 called. Change num 7.  Value: 5362b39e	996a101	94470543
[    0.305992] RANDOM - random32 called.  Value: 5362b39e	996a101	94470543
[    0.305996] random 0000 0000 0000 5f8db4e5 4cfdf2a8: rand_read_num 3 get_random_bytes(4): sig fffffb64 5f8db4e5 4cfdf2a8
[    0.305998] random 0000 0000 0000 5f8db4e5 4cfdf2a8: extract_entropy(.. 4 ..)
[    0.306001] random 0000 0000 0000 5f8db4e5 4cfdf2a8: going to reseed nonblocking with 64 bits (32 of 0 requested)
[    0.306003] random 0000 0000 0000 5f8db4e5 4cfdf2a8: extract_entropy(.. 8 ..)
[    0.306005] random 0000 0000 0000 5f8db4e5 4cfdf2a8: trying to extract 64 bits from input
[    0.306007] random 0000 0000 0000 5f8db4e5 4cfdf2a8: debiting 0 entropy credits from input
[    0.306009] random 0000 0000 0000 5f8db4e5 4cfdf2a8: extract_entropy account returned: 0 
[    0.306012] random 0000 0000 0000 5f8db4e5 4cfdf2a8: urand_change_num 5 xfer_secondary_pool(4): pool_sig fffffb64, data_sig 00000000, bytes_mixed 0 5f8db4e5 4cfdf2a8
[    0.306015] random 0000 0000 0000 5f8db4e5 4cfdf2a8: trying to extract 32 bits from nonblocking
[    0.306017] random 0000 0000 0000 5f8db4e5 4cfdf2a8: debiting 32 entropy credits from nonblocking (unlimited)
[    0.306020] random 0000 0000 0000 5f8db4e5 4cfdf2a8: extract_entropy account returned: 4 
[    0.306024] random 0000 0000 0000 5f8db4e5 4cfdf2a8: urand_change_num 6 extract_buf: pool_sig fffffb64, data_sig 00000241, bytes_mixed 20 5f8db4e5 4cfdf2a8
[    0.306033] IP route cache hash table entries: 32768 (order: 5, 131072 bytes)
[    0.306162] RANDOM - __random32 called. Change num 8.  Value: 2b39e0a2	996a1017	a86cfe5
[    0.306164] RANDOM - random32 called.  Value: 2b39e0a2	996a1017	a86cfe5
[    0.306175] RANDOM - __random32 called. Change num 9.  Value: 9e0a22e5	96a1017e	9fcbd616
[    0.306177] RANDOM - random32 called.  Value: 9e0a22e5	96a1017e	9fcbd616
[    0.306178] RANDOM - __random32 called. Change num 10.  Value: a22e5b4a	6a1017e6	ac2c32ac
[    0.306180] RANDOM - random32 called.  Value: a22e5b4a	6a1017e6	ac2c32ac
[    0.306191] RANDOM - __random32 called. Change num 11.  Value: e5b4ad28	a1017e61	6559a9b4
[    0.306192] RANDOM - random32 called.  Value: e5b4ad28	a1017e61	6559a9b4
[    0.306202] TCP established hash table entries: 131072 (order: 8, 1048576 bytes)
[    0.306684] TCP bind hash table entries: 65536 (order: 6, 262144 bytes)
[    0.306873] TCP: Hash tables configured (established 131072 bind 65536)
[    0.306955] TCP reno registered
[    0.307065] NET: Registered protocol family 1
[    0.307175] RPC: Registered udp transport module.
[    0.307256] RPC: Registered tcp transport module.
[    0.307342] RPC: Registered tcp NFSv4.1 backchannel transport module.
[    0.307436] pci 0000:00:02.0: Boot video device
[    0.307643] Simple Boot Flag at 0x35 set to 0x1
[    0.308195] highmem bounce pool size: 64 pages
[    0.309681] VFS: Disk quotas dquot_6.5.2
[    0.309807] Dquot-cache hash table entries: 1024 (order 0, 4096 bytes)
[    0.310554] NTFS driver 2.1.29 [Flags: R/W].
[    0.310711] ROMFS MTD (C) 2007 Red Hat, Inc.
[    0.310923] JFS: nTxBlock = 7695, nTxLock = 61562
[    0.313378] SGI XFS with ACLs, security attributes, large block/inode numbers, no debug enabled
[    0.313873] SGI XFS Quota Management subsystem
[    0.314166] Slow work thread pool: Starting up
[    0.314266] Slow work thread pool: Ready
[    0.314353] GFS2 (built May 24 2013 02:47:17) installed
[    0.314438] msgmni has been set to 1734
[    0.314607] alg: No test for cipher_null (cipher_null-generic)
[    0.314698] alg: No test for ecb(cipher_null) (ecb-cipher_null)
[    0.314795] alg: No test for digest_null (digest_null-generic)
[    0.314899] alg: No test for compress_null (compress_null-generic)
[    0.315453] alg: No test for fcrypt (fcrypt-generic)
[    0.316872] alg: No test for stdrng (krng)
[    0.316956] async_tx: api initialized (async)
[    0.317102] Block layer SCSI generic (bsg) driver version 0.4 loaded (major 254)
[    0.317215] io scheduler noop registered
[    0.317298] io scheduler anticipatory registered
[    0.317393] io scheduler deadline registered
[    0.317514] io scheduler cfq registered (default)
[    0.317756] pcieport 0000:00:1c.0: irq 24 for MSI/MSI-X
[    0.317773] pcieport 0000:00:1c.0: setting latency timer to 64
[    0.317983] pcieport 0000:00:1c.1: irq 25 for MSI/MSI-X
[    0.317994] pcieport 0000:00:1c.1: setting latency timer to 64
[    0.318178] pcieport 0000:00:1c.2: irq 26 for MSI/MSI-X
[    0.318187] pcieport 0000:00:1c.2: setting latency timer to 64
[    0.318369] pcieport 0000:00:1c.3: irq 27 for MSI/MSI-X
[    0.318385] pcieport 0000:00:1c.3: setting latency timer to 64
[    0.318564] pcieport 0000:00:1c.4: irq 28 for MSI/MSI-X
[    0.318576] pcieport 0000:00:1c.4: setting latency timer to 64
[    0.318720] pci_hotplug: PCI Hot Plug PCI Core version: 0.5
[    0.318924] isapnp: Scanning for PnP cards...
[    0.679468] isapnp: No Plug & Play device found
[    0.679560] random 0000 0000 0000 5f8db4e5 4cfdf2a8: initializing
[    0.679562] RANDOM init_std_data for input now value: 1369998828679562679
[    0.679564] RANDOM init_std_data for blocking now value: 1369998828679564768
[    0.679565] RANDOM init_std_data for nonblocking now value: 1369998828679566472
[    0.699124] Serial: 8250/16550 driver, 4 ports, IRQ sharing enabled
[    3.709234] floppy0: no floppy controllers found
[    3.710178] brd: module loaded
[    3.710676] loop: module loaded
[    3.710753] Compaq SMART2 Driver (v 2.6.0)
[    3.710869] HP CISS Driver (v 3.6.20)
[    3.711107] input: Macintosh mouse button emulation as /devices/virtual/input/input0
[    3.711223] Uniform Multi-Platform E-IDE driver
[    3.711456] piix 0000:00:1f.1: IDE controller (0x8086:0x2850 rev 0x03)
[    3.711560] pci 0000:00:1f.1: PCI INT C -> GSI 16 (level, low) -> IRQ 16
[    3.711654] piix 0000:00:1f.1: IDE port disabled
[    3.711746] piix 0000:00:1f.1: not 100% native mode: will probe irqs later
[    3.711839]     ide0: BM-DMA at 0x1c00-0x1c07
[    3.711923] Probing IDE interface ide0...
[    4.383327] hda: HL-DT-ST DVDRAM GSA-U10N, ATAPI CD/DVD-ROM drive
[    4.690081] hda: host max PIO4 wanted PIO255(auto-tune) selected PIO4
[    4.690849] hda: UDMA/33 mode selected
[    4.691308] ide0 at 0x1f0-0x1f7,0x3f6 on irq 14
[    4.695172] ide-gd driver 1.18
[    4.695284] ide-cd driver 5.00
[    4.696677] random 0000 0000 0000 00000000 00000000: add_disk_randomness(0:0) 00000000 00000000
[    4.696681] random 0000 0000 0000 00000000 00000000: add_timer_randomness(.. 256) with jiffies: 17536360433164451449, cycles: -910383644839772151
[    4.696684] random 0000 0000 0000 00000000 00000000: added 11 entropy credits to input
[    4.696688] ide-cd: hda: ATAPI 24X DVD-ROM DVD-R/RAM CD-R/RW drive, 2048kB Cache
[    4.697091] Uniform CD-ROM driver Revision: 3.20
[    4.699967] random 0011 0000 0000 00000000 00000000: add_disk_randomness(0:0) 00000000 00000000
[    4.699970] random 0011 0000 0000 00000000 00000000: add_timer_randomness(.. 256) with jiffies: 17565963289093701244, cycles: -880780788910522359
[    4.699972] random 0011 0000 0000 00000000 00000000: added 1 entropy credits to input
[    4.699975] random 0012 0000 0000 00000000 00000000: add_disk_randomness(0:0) 00000000 00000000
[    4.699978] random 0012 0000 0000 00000000 00000000: add_timer_randomness(.. 256) with jiffies: 17566040452476141180, cycles: -880703625528082423
[    4.701964] random 0012 0000 0000 00000000 00000000: add_disk_randomness(0:0) 00000000 00000000
[    4.701966] random 0012 0000 0000 00000000 00000000: add_timer_randomness(.. 256) with jiffies: 17583931619783966334, cycles: -862812458220257271
[    4.701969] random 0012 0000 0000 00000000 00000000: added 1 entropy credits to input
[    4.701972] random 0013 0000 0000 00000000 00000000: add_disk_randomness(0:0) 00000000 00000000
[    4.701975] random 0013 0000 0000 00000000 00000000: add_timer_randomness(.. 256) with jiffies: 17584006751646875262, cycles: -862737326357348343
[    4.703960] random 0013 0000 0000 00000000 00000000: add_disk_randomness(0:0) 00000000 00000000
[    4.703963] random 0013 0000 0000 00000000 00000000: add_timer_randomness(.. 256) with jiffies: 17601899138725412480, cycles: -844844939278811127
[    4.703966] random 0013 0000 0000 00000000 00000000: added 1 entropy credits to input
[    4.703969] random 0014 0000 0000 00000000 00000000: add_disk_randomness(0:0) 00000000 00000000
[    4.703971] random 0014 0000 0000 00000000 00000000: add_timer_randomness(.. 256) with jiffies: 17601972466702057088, cycles: -844771611302166519
[    4.704244] Loading iSCSI transport class v2.0-870.
[    4.704522] rdac: device handler registered
[    4.704601] hp_sw: device handler registered
[    4.704680] emc: device handler registered
[    4.704770] alua: device handler registered
[    4.705752] Adaptec aacraid driver 1.1-5[2461]-ms
[    4.706163] scsi: <fdomain> Detection failed (no card)
[    4.706255] sym53c416.c: Version 1.0.0-ac
[    4.706357] qlogicfas: no cards were found, please specify I/O address and IRQ using iobase= and irq= options
[    4.706478] QLogic Fibre Channel HBA Driver: 8.03.01-k6
[    4.706690] iscsi: registered transport (qla4xxx)
[    4.706792] QLogic iSCSI HBA Driver
[    4.706870] Emulex LightPulse Fibre Channel SCSI driver 8.3.4
[    4.706956] Copyright(c) 2004-2009 Emulex.  All rights reserved.
[    4.729059] Failed initialization of WD-7000 SCSI card!
[    4.818072] DC390: clustering now enabled by default. If you get problems load
[    4.818186]        with "disable_clustering=1" and report to maintainers
[    4.818313] megaraid cmm: 2.20.2.7 (Release Date: Sun Jul 16 00:01:03 EST 2006)
[    4.818458] megaraid: 2.20.5.1 (Release Date: Thu Nov 16 15:32:35 EST 2006)
[    4.818570] megasas: 00.00.04.01 Thu July 24 11:41:51 PST 2008
[    4.818692] GDT-HA: Storage RAID Controller Driver. Version: 3.05
[    4.818832] 3ware Storage Controller device driver for Linux v1.26.02.002.
[    4.818936] 3ware 9000 Storage Controller device driver for Linux v2.26.02.012.
[    4.819078] nsp32: loading...
[    4.819180] ipr: IBM Power RAID SCSI Device Driver version: 2.4.3 (June 10, 2009)
[    4.819316] RocketRAID 3xxx/4xxx Controller driver v1.6 (090910)
[    4.819419] stex: Promise SuperTrak EX Driver version: 4.6.0000.3
[    4.819546] st: Version 20081215, fixed bufsize 32768, s/g segs 256
[    4.819733] ahci 0000:00:1f.2: version 3.0
[    4.819746] ahci 0000:00:1f.2: PCI INT B -> GSI 16 (level, low) -> IRQ 16
[    4.819871] ahci 0000:00:1f.2: irq 29 for MSI/MSI-X
[    4.819927] ahci 0000:00:1f.2: AHCI 0001.0100 32 slots 3 ports 1.5 Gbps 0x5 impl SATA mode
[    4.820054] ahci 0000:00:1f.2: flags: 64bit ncq sntf pm led clo pio slum part ccc 
[    4.820172] ahci 0000:00:1f.2: setting latency timer to 64
[    4.820317] scsi2 : ahci
[    4.820465] scsi3 : ahci
[    4.820597] scsi4 : ahci
[    4.820766] ata1: SATA max UDMA/133 abar m2048@0xfe226000 port 0xfe226100 irq 29
[    4.820895] ata2: DUMMY
[    4.820979] ata3: SATA max UDMA/133 abar m2048@0xfe226000 port 0xfe226200 irq 29
[    4.821581] I2O subsystem v1.325
[    4.821669] i2o: max drivers = 8
[    4.821808] I2O Configuration OSM v1.323
[    4.821911] I2O Bus Adapter OSM v1.317
[    4.822004] I2O Block Device OSM v1.325
[    4.822156] I2O SCSI Peripheral OSM v1.316
[    4.822253] I2O ProcFS OSM v1.316
[    4.822356] Fusion MPT base driver 3.04.12
[    4.822439] Copyright (c) 1999-2008 LSI Corporation
[    4.822523] Fusion MPT SPI Host driver 3.04.12
[    4.822632] Fusion MPT FC Host driver 3.04.12
[    4.822739] Fusion MPT SAS Host driver 3.04.12
[    4.822884] ohci1394 0000:15:00.1: PCI INT B -> GSI 17 (level, low) -> IRQ 17
[    4.822975] ohci1394 0000:15:00.1: setting latency timer to 64
[    4.877053] ohci1394: fw-host0: OHCI-1394 1.1 (PCI): IRQ=[17]  MMIO=[f8301000-f83017ff]  Max Packet=[2048]  IR/IT contexts=[4/4]
[    4.879307] ehci_hcd: USB 2.0 'Enhanced' Host Controller (EHCI) Driver
[    4.879570] ehci_hcd 0000:00:1a.7: power state changed by ACPI to D0
[    4.879808] ehci_hcd 0000:00:1a.7: power state changed by ACPI to D0
[    4.879902] ehci_hcd 0000:00:1a.7: PCI INT C -> GSI 22 (level, low) -> IRQ 22
[    4.880003] ehci_hcd 0000:00:1a.7: setting latency timer to 64
[    4.880006] ehci_hcd 0000:00:1a.7: EHCI Host Controller
[    4.880137] ehci_hcd 0000:00:1a.7: new USB bus registered, assigned bus number 1
[    4.884184] ehci_hcd 0000:00:1a.7: cache line size of 32 is not supported
[    4.884193] ehci_hcd 0000:00:1a.7: irq 22, io mem 0xfe226c00
[    4.894013] ehci_hcd 0000:00:1a.7: USB 2.0 started, EHCI 1.00
[    4.894111] usb usb1: New USB device found, idVendor=1d6b, idProduct=0002
[    4.894203] usb usb1: New USB device strings: Mfr=3, Product=2, SerialNumber=1
[    4.894318] usb usb1: Product: EHCI Host Controller
[    4.894397] usb usb1: Manufacturer: Linux 2.6.32.57 ehci_hcd
[    4.894479] usb usb1: SerialNumber: 0000:00:1a.7
[    4.894621] usb usb1: configuration #1 chosen from 1 choice
[    4.894743] hub 1-0:1.0: USB hub found
[    4.894838] hub 1-0:1.0: 4 ports detected
[    4.895182] ehci_hcd 0000:00:1d.7: power state changed by ACPI to D0
[    4.895419] ehci_hcd 0000:00:1d.7: power state changed by ACPI to D0
[    4.895525] ehci_hcd 0000:00:1d.7: PCI INT D -> GSI 19 (level, low) -> IRQ 19
[    4.895621] ehci_hcd 0000:00:1d.7: setting latency timer to 64
[    4.895624] ehci_hcd 0000:00:1d.7: EHCI Host Controller
[    4.895743] ehci_hcd 0000:00:1d.7: new USB bus registered, assigned bus number 2
[    4.895892] ehci_hcd 0000:00:1d.7: debug port 1
[    4.899868] ehci_hcd 0000:00:1d.7: cache line size of 32 is not supported
[    4.899877] ehci_hcd 0000:00:1d.7: irq 19, io mem 0xfe227000
[    4.910010] ehci_hcd 0000:00:1d.7: USB 2.0 started, EHCI 1.00
[    4.910104] usb usb2: New USB device found, idVendor=1d6b, idProduct=0002
[    4.910186] usb usb2: New USB device strings: Mfr=3, Product=2, SerialNumber=1
[    4.910312] usb usb2: Product: EHCI Host Controller
[    4.910392] usb usb2: Manufacturer: Linux 2.6.32.57 ehci_hcd
[    4.910478] usb usb2: SerialNumber: 0000:00:1d.7
[    4.910607] usb usb2: configuration #1 chosen from 1 choice
[    4.910717] hub 2-0:1.0: USB hub found
[    4.910804] hub 2-0:1.0: 6 ports detected
[    4.910978] 116x: driver isp116x-hcd, 03 Nov 2005
[    4.911081] ohci_hcd: USB 1.1 'Open' Host Controller (OHCI) Driver
[    4.911189] uhci_hcd: USB Universal Host Controller Interface driver
[    4.911290] uhci_hcd 0000:00:1a.0: PCI INT A -> GSI 20 (level, low) -> IRQ 20
[    4.911377] uhci_hcd 0000:00:1a.0: setting latency timer to 64
[    4.911380] uhci_hcd 0000:00:1a.0: UHCI Host Controller
[    4.911499] uhci_hcd 0000:00:1a.0: new USB bus registered, assigned bus number 3
[    4.911651] uhci_hcd 0000:00:1a.0: irq 20, io base 0x00001860
[    4.911763] usb usb3: New USB device found, idVendor=1d6b, idProduct=0001
[    4.911860] usb usb3: New USB device strings: Mfr=3, Product=2, SerialNumber=1
[    4.911974] usb usb3: Product: UHCI Host Controller
[    4.912071] usb usb3: Manufacturer: Linux 2.6.32.57 uhci_hcd
[    4.912158] usb usb3: SerialNumber: 0000:00:1a.0
[    4.912295] usb usb3: configuration #1 chosen from 1 choice
[    4.912408] hub 3-0:1.0: USB hub found
[    4.912490] hub 3-0:1.0: 2 ports detected
[    4.912788] uhci_hcd 0000:00:1a.1: power state changed by ACPI to D0
[    4.913032] uhci_hcd 0000:00:1a.1: power state changed by ACPI to D0
[    4.913119] uhci_hcd 0000:00:1a.1: PCI INT B -> GSI 21 (level, low) -> IRQ 21
[    4.913210] uhci_hcd 0000:00:1a.1: setting latency timer to 64
[    4.913214] uhci_hcd 0000:00:1a.1: UHCI Host Controller
[    4.913337] uhci_hcd 0000:00:1a.1: new USB bus registered, assigned bus number 4
[    4.913491] uhci_hcd 0000:00:1a.1: irq 21, io base 0x00001880
[    4.913596] usb usb4: New USB device found, idVendor=1d6b, idProduct=0001
[    4.913679] usb usb4: New USB device strings: Mfr=3, Product=2, SerialNumber=1
[    4.913795] usb usb4: Product: UHCI Host Controller
[    4.913875] usb usb4: Manufacturer: Linux 2.6.32.57 uhci_hcd
[    4.913966] usb usb4: SerialNumber: 0000:00:1a.1
[    4.914100] usb usb4: configuration #1 chosen from 1 choice
[    4.914215] hub 4-0:1.0: USB hub found
[    4.914302] hub 4-0:1.0: 2 ports detected
[    4.914594] uhci_hcd 0000:00:1d.0: power state changed by ACPI to D0
[    4.914829] uhci_hcd 0000:00:1d.0: power state changed by ACPI to D0
[    4.914922] uhci_hcd 0000:00:1d.0: PCI INT A -> GSI 16 (level, low) -> IRQ 16
[    4.915022] uhci_hcd 0000:00:1d.0: setting latency timer to 64
[    4.915027] uhci_hcd 0000:00:1d.0: UHCI Host Controller
[    4.915154] uhci_hcd 0000:00:1d.0: new USB bus registered, assigned bus number 5
[    4.915306] uhci_hcd 0000:00:1d.0: irq 16, io base 0x000018a0
[    4.915425] usb usb5: New USB device found, idVendor=1d6b, idProduct=0001
[    4.915516] usb usb5: New USB device strings: Mfr=3, Product=2, SerialNumber=1
[    4.915630] usb usb5: Product: UHCI Host Controller
[    4.915709] usb usb5: Manufacturer: Linux 2.6.32.57 uhci_hcd
[    4.915792] usb usb5: SerialNumber: 0000:00:1d.0
[    4.915917] usb usb5: configuration #1 chosen from 1 choice
[    4.916039] hub 5-0:1.0: USB hub found
[    4.916122] hub 5-0:1.0: 2 ports detected
[    4.916255] uhci_hcd 0000:00:1d.1: PCI INT B -> GSI 17 (level, low) -> IRQ 17
[    4.916342] uhci_hcd 0000:00:1d.1: setting latency timer to 64
[    4.916345] uhci_hcd 0000:00:1d.1: UHCI Host Controller
[    4.916472] uhci_hcd 0000:00:1d.1: new USB bus registered, assigned bus number 6
[    4.916611] uhci_hcd 0000:00:1d.1: irq 17, io base 0x000018c0
[    4.916713] usb usb6: New USB device found, idVendor=1d6b, idProduct=0001
[    4.916795] usb usb6: New USB device strings: Mfr=3, Product=2, SerialNumber=1
[    4.916909] usb usb6: Product: UHCI Host Controller
[    4.916988] usb usb6: Manufacturer: Linux 2.6.32.57 uhci_hcd
[    4.917087] usb usb6: SerialNumber: 0000:00:1d.1
[    4.917217] usb usb6: configuration #1 chosen from 1 choice
[    4.917336] hub 6-0:1.0: USB hub found
[    4.917431] hub 6-0:1.0: 2 ports detected
[    4.917725] uhci_hcd 0000:00:1d.2: power state changed by ACPI to D0
[    4.917954] uhci_hcd 0000:00:1d.2: power state changed by ACPI to D0
[    4.918050] uhci_hcd 0000:00:1d.2: PCI INT C -> GSI 18 (level, low) -> IRQ 18
[    4.918138] uhci_hcd 0000:00:1d.2: setting latency timer to 64
[    4.918143] uhci_hcd 0000:00:1d.2: UHCI Host Controller
[    4.918262] uhci_hcd 0000:00:1d.2: new USB bus registered, assigned bus number 7
[    4.918407] uhci_hcd 0000:00:1d.2: irq 18, io base 0x000018e0
[    4.918515] usb usb7: New USB device found, idVendor=1d6b, idProduct=0001
[    4.918600] usb usb7: New USB device strings: Mfr=3, Product=2, SerialNumber=1
[    4.918713] usb usb7: Product: UHCI Host Controller
[    4.918795] usb usb7: Manufacturer: Linux 2.6.32.57 uhci_hcd
[    4.918877] usb usb7: SerialNumber: 0000:00:1d.2
[    4.919661] usb usb7: configuration #1 chosen from 1 choice
[    4.919772] hub 7-0:1.0: USB hub found
[    4.919864] hub 7-0:1.0: 2 ports detected
[    4.920018] sl811: driver sl811-hcd, 19 May 2005
[    4.920118] r8a66597_hcd: driver r8a66597_hcd, 2009-05-26
[    4.920281] Initializing USB Mass Storage driver...
[    4.920409] usbcore: registered new interface driver usb-storage
[    4.920492] USB Mass Storage support registered.
[    4.920589] usbcore: registered new interface driver ums-alauda
[    4.920689] usbcore: registered new interface driver ums-cypress
[    4.920794] usbcore: registered new interface driver ums-datafab
[    4.920893] usbcore: registered new interface driver ums-freecom
[    4.921000] usbcore: registered new interface driver ums-isd200
[    4.921118] usbcore: registered new interface driver ums-jumpshot
[    4.921216] usbcore: registered new interface driver ums-karma
[    4.921314] usbcore: registered new interface driver ums-onetouch
[    4.921414] usbcore: registered new interface driver ums-sddr09
[    4.921513] usbcore: registered new interface driver ums-sddr55
[    4.921619] usbcore: registered new interface driver ums-usbat
[    4.921756] PNP: PS/2 Controller [PNP0303:KBD,PNP0f13:MOU] at 0x60,0x64 irq 1,12
[    4.929646] serio: i8042 KBD port at 0x60,0x64 irq 1
[    4.929727] serio: i8042 AUX port at 0x60,0x64 irq 12
[    4.929964] mice: PS/2 mouse device common for all mice
[    4.930084] i2c /dev entries driver
[    4.930211] md: linear personality registered for level -1
[    4.930293] md: raid0 personality registered for level 0
[    4.930372] md: raid1 personality registered for level 1
[    4.930453] md: raid10 personality registered for level 10
[    4.930543] md: raid6 personality registered for level 6
[    4.930626] md: raid5 personality registered for level 5
[    4.930706] md: raid4 personality registered for level 4
[    4.930805] md: multipath personality registered for level -4
[    4.930986] device-mapper: ioctl: 4.15.0-ioctl (2009-04-01) initialised: dm-devel@redhat.com
[    4.931190] cpuidle: using governor ladder
[    4.931783] usbcore: registered new interface driver usbhid
[    4.931865] usbhid: v2.6:USB HID core driver
[    4.932013] random 0014 0000 0000 00000000 00000000: rand_read_num 4 get_random_bytes(136): sig 00000000 00000000 00000000
[    4.932016] random 0014 0000 0000 00000000 00000000: extract_entropy(.. 136 ..)
[    4.932019] random 0014 0000 0000 00000000 00000000: going to reseed nonblocking with 1024 bits (1088 of 0 requested)
[    4.932021] random 0014 0000 0000 00000000 00000000: extract_entropy(.. 128 ..)
[    4.932023] random 0014 0000 0000 00000000 00000000: trying to extract 1024 bits from input
[    4.932025] random 0014 0000 0000 00000000 00000000: debiting 0 entropy credits from input
[    4.932027] random 0014 0000 0000 00000000 00000000: extract_entropy account returned: 0 
[    4.932030] random 0014 0000 0000 00000000 00000000: urand_change_num 7 xfer_secondary_pool(136): pool_sig 00000000, data_sig 00000000, bytes_mixed 0 00000000 00000000
[    4.932033] random 0014 0000 0000 00000000 00000000: trying to extract 1088 bits from nonblocking
[    4.932036] random 0014 0000 0000 00000000 00000000: debiting 1088 entropy credits from nonblocking (unlimited)
[    4.932038] random 0014 0000 0000 00000000 00000000: extract_entropy account returned: 136 
[    4.932042] random 0014 0000 0000 00000000 00000000: urand_change_num 8 extract_buf: pool_sig 00000000, data_sig fffffff9, bytes_mixed 20 00000000 00000000
[    4.932048] random 0014 0000 0000 b7c35b56 be4dc95d: urand_change_num 9 extract_buf: pool_sig fffffd1e, data_sig 000000c5, bytes_mixed 20 b7c35b56 be4dc95d
[    4.932053] random 0014 0000 0000 ed9f5c47 c48487fb: urand_change_num 10 extract_buf: pool_sig fffff8ec, data_sig ffffff68, bytes_mixed 20 ed9f5c47 c48487fb
[    4.932058] random 0014 0000 0000 ed9f5c47 c48487fb: urand_change_num 11 extract_buf: pool_sig fffffaed, data_sig 000001aa, bytes_mixed 20 ed9f5c47 c48487fb
[    4.932064] random 0014 0000 0000 1b4f7c0a 91bd6a48: urand_change_num 12 extract_buf: pool_sig fffffdd8, data_sig 00000064, bytes_mixed 20 1b4f7c0a 91bd6a48
[    4.932069] random 0014 0000 0000 a254b9bc 20e9a24f: urand_change_num 13 extract_buf: pool_sig fffffbe6, data_sig 000001dd, bytes_mixed 20 a254b9bc 20e9a24f
[    4.932074] random 0014 0000 0000 a254b9bc 20e9a24f: urand_change_num 14 extract_buf: pool_sig fffff940, data_sig fffffe20, bytes_mixed 20 a254b9bc 20e9a24f
[    4.932079] random 0014 0000 0000 2831a66b 5fa2a3ad: urand_change_num 15 extract_buf: pool_sig fffffbce, data_sig 0000007e, bytes_mixed 20 2831a66b 5fa2a3ad
[    4.932085] random 0014 0000 0000 2831a66b 5fa2a3ad: urand_change_num 16 extract_buf: pool_sig 000004df, data_sig fffffe8f, bytes_mixed 20 2831a66b 5fa2a3ad
[    4.932090] random 0014 0000 0000 d4512bfd c9a54e0b: urand_change_num 17 extract_buf: pool_sig 00000485, data_sig fffffe68, bytes_mixed 20 d4512bfd c9a54e0b
[    4.932095] random 0014 0000 0000 c7371be6 f9ffea11: urand_change_num 18 extract_buf: pool_sig 00000095, data_sig ffffffed, bytes_mixed 20 c7371be6 f9ffea11
[    4.932100] random 0014 0000 0000 c7371be6 f9ffea11: urand_change_num 19 extract_buf: pool_sig 000003a7, data_sig fffffefa, bytes_mixed 20 c7371be6 f9ffea11
[    4.932106] random 0014 0000 0000 8fb4b62c d1ddba54: urand_change_num 20 extract_buf: pool_sig 00000179, data_sig ffffff78, bytes_mixed 20 8fb4b62c d1ddba54
[    4.932111] random 0014 0000 0000 9ff19f9c c07a1d2a: urand_change_num 21 extract_buf: pool_sig fffffe88, data_sig 00000126, bytes_mixed 20 9ff19f9c c07a1d2a
[    4.932115] TCP cubic registered
[    4.932197] Initializing XFRM netlink socket
[    4.932287] NET: Registered protocol family 17
[    4.932381] Using IPI Shortcut mode
[    4.932466] random 0014 0000 0000 9ff19f9c c07a1d2a: rand_read_num 5 get_random_bytes(8): sig 0000031b 9ff19f9c c07a1d2a
[    4.932469] random 0014 0000 0000 9ff19f9c c07a1d2a: extract_entropy(.. 8 ..)
[    4.932471] random 0014 0000 0000 9ff19f9c c07a1d2a: going to reseed nonblocking with 64 bits (64 of 0 requested)
[    4.932473] random 0014 0000 0000 9ff19f9c c07a1d2a: extract_entropy(.. 8 ..)
[    4.932475] random 0014 0000 0000 9ff19f9c c07a1d2a: trying to extract 64 bits from input
[    4.932477] random 0014 0000 0000 9ff19f9c c07a1d2a: debiting 0 entropy credits from input
[    4.932479] random 0014 0000 0000 9ff19f9c c07a1d2a: extract_entropy account returned: 0 
[    4.932483] random 0014 0000 0000 9ff19f9c c07a1d2a: urand_change_num 22 xfer_secondary_pool(8): pool_sig 0000031b, data_sig 00000000, bytes_mixed 0 9ff19f9c c07a1d2a
[    4.932486] random 0014 0000 0000 9ff19f9c c07a1d2a: trying to extract 64 bits from nonblocking
[    4.932488] random 0014 0000 0000 9ff19f9c c07a1d2a: debiting 64 entropy credits from nonblocking (unlimited)
[    4.932490] random 0014 0000 0000 9ff19f9c c07a1d2a: extract_entropy account returned: 8 
[    4.932494] random 0014 0000 0000 9ff19f9c c07a1d2a: urand_change_num 23 extract_buf: pool_sig 0000031b, data_sig ffffffb3, bytes_mixed 20 9ff19f9c c07a1d2a
[    4.934851] input: AT Translated Set 2 keyboard as /devices/platform/i8042/serio0/input/input1
[    5.126986] ata1: SATA link up 1.5 Gbps (SStatus 113 SControl 300)
[    5.127095] ata3: SATA link down (SStatus 0 SControl 300)
[    5.129123] ata1.00: ACPI cmd ef/02:00:00:00:00:a0 (SET FEATURES) succeeded
[    5.129126] ata1.00: ACPI cmd f5/00:00:00:00:00:a0 (SECURITY FREEZE LOCK) filtered out
[    5.130517] ata1.00: ACPI cmd ef/5f:00:00:00:00:a0 (SET FEATURES) succeeded
[    5.130520] ata1.00: ACPI cmd ef/10:03:00:00:00:a0 (SET FEATURES) filtered out
[    5.132429] ata1.00: ATA-7: ST910021AS, 4.06, max UDMA/100
[    5.132519] ata1.00: 195371568 sectors, multi 16: LBA48 
[    5.134667] ata1.00: ACPI cmd ef/02:00:00:00:00:a0 (SET FEATURES) succeeded
[    5.134670] ata1.00: ACPI cmd f5/00:00:00:00:00:a0 (SECURITY FREEZE LOCK) filtered out
[    5.136059] ata1.00: ACPI cmd ef/5f:00:00:00:00:a0 (SET FEATURES) succeeded
[    5.136061] ata1.00: ACPI cmd ef/10:03:00:00:00:a0 (SET FEATURES) filtered out
[    5.137989] ata1.00: configured for UDMA/100
[    5.149030] scsi 2:0:0:0: Direct-Access     ATA      ST910021AS       4.06 PQ: 0 ANSI: 5
[    5.149305] sd 2:0:0:0: [sda] 195371568 512-byte logical blocks: (100 GB/93.1 GiB)
[    5.149444] sd 2:0:0:0: [sda] Write Protect is off
[    5.149524] sd 2:0:0:0: [sda] Mode Sense: 00 3a 00 00
[    5.149536] sd 2:0:0:0: [sda] Write cache: enabled, read cache: enabled, doesn't support DPO or FUA
[    5.149719]  sda:
[    5.580844] random 0014 0000 0000 277f73c3 42024bb9: add_disk_randomness(8:0) 277f73c3 42024bb9
[    5.580929] random 0014 0000 0000 277f73c3 42024bb9: add_timer_randomness(.. 8388864) with jiffies: 7046087045306614166, cycles: 7046087041011941386
[    5.580932] random 0014 0000 0000 277f73c3 42024bb9: added 11 entropy credits to input
[    5.580937]  sda1 sda2
[    5.581273] random 0025 0000 0000 277f73c3 42024bb9: add_disk_randomness(8:0) 277f73c3 42024bb9
[    5.581276] random 0025 0000 0000 277f73c3 42024bb9: add_timer_randomness(.. 8388864) with jiffies: 7049220172409438614, cycles: 7049220168114765834
[    5.581428] sd 2:0:0:0: [sda] Attached SCSI disk
[    5.581512] random 0025 0000 0000 277f73c3 42024bb9: rand_read_num 6 get_random_bytes(12): sig 000007e9 277f73c3 42024bb9
[    5.581514] random 0025 0000 0000 277f73c3 42024bb9: extract_entropy(.. 12 ..)
[    5.581517] random 0025 0000 0000 277f73c3 42024bb9: going to reseed nonblocking with 96 bits (96 of 0 requested)
[    5.581519] random 0025 0000 0000 277f73c3 42024bb9: extract_entropy(.. 12 ..)
[    5.581521] random 0025 0000 0000 277f73c3 42024bb9: trying to extract 96 bits from input
[    5.581524] random 0025 0000 0000 277f73c3 42024bb9: debiting 0 entropy credits from input
[    5.581526] random 0025 0000 0000 277f73c3 42024bb9: extract_entropy account returned: 0 
[    5.581529] random 0025 0000 0000 277f73c3 42024bb9: urand_change_num 24 xfer_secondary_pool(12): pool_sig 000007e9, data_sig 00000000, bytes_mixed 0 277f73c3 42024bb9
[    5.581532] random 0025 0000 0000 277f73c3 42024bb9: trying to extract 96 bits from nonblocking
[    5.581534] random 0025 0000 0000 277f73c3 42024bb9: debiting 96 entropy credits from nonblocking (unlimited)
[    5.581536] random 0025 0000 0000 277f73c3 42024bb9: extract_entropy account returned: 12 
[    5.581541] random 0025 0000 0000 277f73c3 42024bb9: urand_change_num 25 extract_buf: pool_sig 000007e9, data_sig 00000088, bytes_mixed 20 277f73c3 42024bb9
[    5.581546] random 0025 0000 0000 277f73c3 42024bb9: urand_change_num 26 extract_buf: pool_sig 00000498, data_sig fffffefb, bytes_mixed 20 277f73c3 42024bb9
[    5.581549] RANDOM - __seed init called.
[    5.581550] RANDOM - __seed init called.
[    5.581551] RANDOM - __seed init called.
[    5.581553] RANDOM - __random32 called. Change num 12.  Value: 87f14767	f0d7351	b1e48bd3
[    5.581554] RANDOM - random32_reseed called.  Value: 87f14767	f0d7351	b1e48bd3
[    5.581557] Pid: 1, comm: swapper Not tainted 2.6.32.57 #6
[    5.581645] Call Trace:
[    5.581729]  [<c1923ca4>] ? random32_reseed+0xa0/0xb1
[    5.581811]  [<c1923c04>] ? random32_reseed+0x0/0xb1
[    5.581901]  [<c100111e>] ? do_one_initcall+0x2e/0x180
[    5.581983]  [<c1907265>] ? kernel_init+0xad/0x103
[    5.582069]  [<c19071b8>] ? kernel_init+0x0/0x103
[    5.582157]  [<c1003787>] ? kernel_thread_helper+0x7/0x10
[    5.582681] random 0025 0000 0000 386b4e60 ee4d4880: rand_read_num 7 get_random_bytes(64): sig fffffea5 386b4e60 ee4d4880
[    5.582684] random 0025 0000 0000 386b4e60 ee4d4880: extract_entropy(.. 64 ..)
[    5.582686] random 0025 0000 0000 386b4e60 ee4d4880: going to reseed nonblocking with 512 bits (512 of 0 requested)
[    5.582688] random 0025 0000 0000 386b4e60 ee4d4880: extract_entropy(.. 64 ..)
[    5.582690] random 0025 0000 0000 386b4e60 ee4d4880: trying to extract 512 bits from input
[    5.582693] random 0025 0000 0000 386b4e60 ee4d4880: debiting 0 entropy credits from input
[    5.582695] random 0025 0000 0000 386b4e60 ee4d4880: extract_entropy account returned: 0 
[    5.582698] random 0025 0000 0000 386b4e60 ee4d4880: urand_change_num 27 xfer_secondary_pool(64): pool_sig fffffea5, data_sig 00000000, bytes_mixed 0 386b4e60 ee4d4880
[    5.582701] random 0025 0000 0000 386b4e60 ee4d4880: trying to extract 512 bits from nonblocking
[    5.582703] random 0025 0000 0000 386b4e60 ee4d4880: debiting 512 entropy credits from nonblocking (unlimited)
[    5.582705] random 0025 0000 0000 386b4e60 ee4d4880: extract_entropy account returned: 64 
[    5.582709] random 0025 0000 0000 386b4e60 ee4d4880: urand_change_num 28 extract_buf: pool_sig fffffea5, data_sig 00000173, bytes_mixed 20 386b4e60 ee4d4880
[    5.582715] random 0025 0000 0000 412698f6 0cc8689a: urand_change_num 29 extract_buf: pool_sig 00000122, data_sig ffffff63, bytes_mixed 20 412698f6 0cc8689a
[    5.582720] random 0025 0000 0000 412698f6 0cc8689a: urand_change_num 30 extract_buf: pool_sig 000001f7, data_sig 00000012, bytes_mixed 20 412698f6 0cc8689a
[    5.582725] random 0025 0000 0000 9669941e 06f768b1: urand_change_num 31 extract_buf: pool_sig fffffb5b, data_sig 0000003f, bytes_mixed 20 9669941e 06f768b1
[    5.582731] random 0025 0000 0000 98486520 995551f0: urand_change_num 32 extract_buf: pool_sig fffffb39, data_sig 0000000e, bytes_mixed 20 98486520 995551f0
[    5.582736] random 0025 0000 0000 98486520 995551f0: urand_change_num 33 extract_buf: pool_sig fffffd8d, data_sig 000001a6, bytes_mixed 20 98486520 995551f0
[    5.582741] random 0025 0000 0000 61fc8914 d5882ed2: urand_change_num 34 extract_buf: pool_sig fffffa58, data_sig 0000023e, bytes_mixed 20 61fc8914 d5882ed2
[    5.582772] random 0025 0000 0000 61fc8914 d5882ed2: rand_read_num 8 get_random_bytes(64): sig fffff9ee 61fc8914 d5882ed2
[    5.582774] random 0025 0000 0000 61fc8914 d5882ed2: extract_entropy(.. 64 ..)
[    5.582777] random 0025 0000 0000 61fc8914 d5882ed2: going to reseed nonblocking with 512 bits (512 of 0 requested)
[    5.582779] random 0025 0000 0000 61fc8914 d5882ed2: extract_entropy(.. 64 ..)
[    5.582781] random 0025 0000 0000 61fc8914 d5882ed2: trying to extract 512 bits from input
[    5.582783] random 0025 0000 0000 61fc8914 d5882ed2: debiting 0 entropy credits from input
[    5.582785] random 0025 0000 0000 61fc8914 d5882ed2: extract_entropy account returned: 0 
[    5.582789] random 0025 0000 0000 61fc8914 d5882ed2: urand_change_num 35 xfer_secondary_pool(64): pool_sig fffff9ee, data_sig 00000000, bytes_mixed 0 61fc8914 d5882ed2
[    5.582791] random 0025 0000 0000 61fc8914 d5882ed2: trying to extract 512 bits from nonblocking
[    5.582794] random 0025 0000 0000 61fc8914 d5882ed2: debiting 512 entropy credits from nonblocking (unlimited)
[    5.582796] random 0025 0000 0000 61fc8914 d5882ed2: extract_entropy account returned: 64 
[    5.582800] random 0025 0000 0000 61fc8914 d5882ed2: urand_change_num 36 extract_buf: pool_sig fffff9ee, data_sig ffffff85, bytes_mixed 20 61fc8914 d5882ed2
[    5.582805] random 0025 0000 0000 70cfd302 e5edec11: urand_change_num 37 extract_buf: pool_sig fffffdc1, data_sig ffffffde, bytes_mixed 20 70cfd302 e5edec11
[    5.582811] random 0025 0000 0000 00dab838 eafd2b30: urand_change_num 38 extract_buf: pool_sig 000003da, data_sig ffffff61, bytes_mixed 20 00dab838 eafd2b30
[    5.582816] random 0025 0000 0000 00dab838 eafd2b30: urand_change_num 39 extract_buf: pool_sig 00000314, data_sig 00000121, bytes_mixed 20 00dab838 eafd2b30
[    5.582821] random 0025 0000 0000 5fcdf66a 6442b608: urand_change_num 40 extract_buf: pool_sig 0000028b, data_sig fffffefd, bytes_mixed 20 5fcdf66a 6442b608
[    5.582827] random 0025 0000 0000 61333f6b 8fae0f9b: urand_change_num 41 extract_buf: pool_sig 000000cb, data_sig 000000b3, bytes_mixed 20 61333f6b 8fae0f9b
[    5.582832] random 0025 0000 0000 61333f6b 8fae0f9b: urand_change_num 42 extract_buf: pool_sig fffffef8, data_sig 00000051, bytes_mixed 20 61333f6b 8fae0f9b
[    5.582835] BEGIN NET_SECRET:
[    5.582836] \xffffffe0
[    5.582836] \xffffffb6
[    5.582837] \x36
[    5.582838] \xffffffb5
[    5.582839] \xffffff94
[    5.582840] \xffffffb2
[    5.582841] \xffffffa8
[    5.582841] \xffffffda
[    5.582842] \x5b
[    5.582843] \x19
[    5.582844] \x18
[    5.582845] \x5c
[    5.582845] \x2b
[    5.582846] \x1
[    5.582847] \xffffff90
[    5.582848] \x19
[    5.582848] \x3c
[    5.582849] \xfffffff2
[    5.582850] \xffffff82
[    5.582851] \x2a
[    5.582851] \xffffffb3
[    5.582852] \xffffffa2
[    5.582853] \x3f
[    5.582854] \x5
[    5.582854] \x52
[    5.582855] \x77
[    5.582856] \x57
[    5.582857] \x79
[    5.582857] \x16
[    5.582858] \x43
[    5.582859] \xffffff84
[    5.582860] \xffffffc3
[    5.582860] \xffffffe9
[    5.582861] \x79
[    5.582862] \x50
[    5.582863] \xffffff8e
[    5.582863] \x3f
[    5.582864] \xfffffff3
[    5.582865] \x19
[    5.582866] \x2a
[    5.582867] \xfffffffd
[    5.582867] \xfffffffb
[    5.582868] \x62
[    5.582869] \x3c
[    5.582870] \xffffffac
[    5.582870] \x1c
[    5.582871] \x3b
[    5.582872] \x3b
[    5.582873] \x15
[    5.582873] \x27
[    5.582874] \xffffffa8
[    5.582875] \x22
[    5.582876] \xffffffc5
[    5.582876] \xffffff9a
[    5.582877] \x5
[    5.582881] \x6c
[    5.582882] \xffffffa8
[    5.582883] \x3a
[    5.582883] \x44
[    5.582884] \xffffffaf
[    5.582885] \x13
[    5.582886] \xffffffe0
[    5.582886] \xffffff9d
[    5.582887] \x22
[    5.582888] 
[    5.582888] END NET_SECRET
[    5.582891] random 0025 0000 0000 e7f555d9 e8ce5c3c: rand_read_num 9 get_random_bytes(4): sig 0000068c e7f555d9 e8ce5c3c
[    5.582893] random 0025 0000 0000 e7f555d9 e8ce5c3c: extract_entropy(.. 4 ..)
[    5.582896] random 0025 0000 0000 e7f555d9 e8ce5c3c: going to reseed nonblocking with 64 bits (32 of 0 requested)
[    5.582898] random 0025 0000 0000 e7f555d9 e8ce5c3c: extract_entropy(.. 8 ..)
[    5.582900] random 0025 0000 0000 e7f555d9 e8ce5c3c: trying to extract 64 bits from input
[    5.582902] random 0025 0000 0000 e7f555d9 e8ce5c3c: debiting 0 entropy credits from input
[    5.582904] random 0025 0000 0000 e7f555d9 e8ce5c3c: extract_entropy account returned: 0 
[    5.582907] random 0025 0000 0000 e7f555d9 e8ce5c3c: urand_change_num 43 xfer_secondary_pool(4): pool_sig 0000068c, data_sig 00000000, bytes_mixed 0 e7f555d9 e8ce5c3c
[    5.582910] random 0025 0000 0000 e7f555d9 e8ce5c3c: trying to extract 32 bits from nonblocking
[    5.582913] random 0025 0000 0000 e7f555d9 e8ce5c3c: debiting 32 entropy credits from nonblocking (unlimited)
[    5.582915] random 0025 0000 0000 e7f555d9 e8ce5c3c: extract_entropy account returned: 4 
[    5.582919] random 0025 0000 0000 e7f555d9 e8ce5c3c: urand_change_num 44 extract_buf: pool_sig 0000068c, data_sig fffffdcb, bytes_mixed 20 e7f555d9 e8ce5c3c
[    5.582930] md: Waiting for all devices to be available before autodetect
[    5.583021] md: If you don't use raid, use raid=noautodetect
[    5.583175] md: Autodetecting RAID arrays.
[    5.583270] md: Scanned 0 and added 0 devices.
[    5.583350] md: autorun ...
[    5.583428] md: ... autorun DONE.
[    5.597334] random 0025 0000 0000 e7f555d9 e8ce5c3c: add_disk_randomness(8:0) e7f555d9 e8ce5c3c
[    5.597338] random 0025 0000 0000 e7f555d9 e8ce5c3c: add_timer_randomness(.. 8388864) with jiffies: 7193743661551288742, cycles: 7193743657256615946
[    5.597340] random 0025 0000 0000 e7f555d9 e8ce5c3c: added 4 entropy credits to input
[    5.598458] random 0029 0000 0000 e7f555d9 e8ce5c3c: add_disk_randomness(8:0) e7f555d9 e8ce5c3c
[    5.598461] random 0029 0000 0000 e7f555d9 e8ce5c3c: add_timer_randomness(.. 8388864) with jiffies: 7203857012453245351, cycles: 7203857008158572554
[    5.598577] random 0029 0000 0000 e7f555d9 e8ce5c3c: add_disk_randomness(8:0) e7f555d9 e8ce5c3c
[    5.598580] random 0029 0000 0000 e7f555d9 e8ce5c3c: add_timer_randomness(.. 8388864) with jiffies: 7204930234586202535, cycles: 7204930230291529738
[    5.598585] EXT3-fs: sda2: couldn't mount because of unsupported optional features (240).
[    5.598813] random 0029 0000 0000 e7f555d9 e8ce5c3c: add_disk_randomness(8:0) e7f555d9 e8ce5c3c
[    5.598816] random 0029 0000 0000 e7f555d9 e8ce5c3c: add_timer_randomness(.. 8388864) with jiffies: 7207053228330680743, cycles: 7207053224036007946
[    5.598821] EXT2-fs: sda2: couldn't mount because of unsupported optional features (240).
[    5.599081] random 0029 0000 0000 e7f555d9 e8ce5c3c: add_disk_randomness(8:0) e7f555d9 e8ce5c3c
[    5.599084] random 0029 0000 0000 e7f555d9 e8ce5c3c: add_timer_randomness(.. 8388864) with jiffies: 7209452173723926952, cycles: 7209452169429254154
[    5.599220] random 0029 0000 0000 e7f555d9 e8ce5c3c: add_disk_randomness(8:0) e7f555d9 e8ce5c3c
[    5.599223] random 0029 0000 0000 e7f555d9 e8ce5c3c: add_timer_randomness(.. 8388864) with jiffies: 7210706999959060904, cycles: 7210706995664388106
[    5.599338] random 0029 0000 0000 e7f555d9 e8ce5c3c: add_disk_randomness(8:0) e7f555d9 e8ce5c3c
[    5.599340] random 0029 0000 0000 e7f555d9 e8ce5c3c: add_timer_randomness(.. 8388864) with jiffies: 7211767191161242024, cycles: 7211767186866569226
[    5.599453] random 0029 0000 0000 e7f555d9 e8ce5c3c: add_disk_randomness(8:0) e7f555d9 e8ce5c3c
[    5.599456] random 0029 0000 0000 e7f555d9 e8ce5c3c: add_timer_randomness(.. 8388864) with jiffies: 7212806723570729384, cycles: 7212806719276056586
[    5.599570] random 0029 0000 0000 e7f555d9 e8ce5c3c: add_disk_randomness(8:0) e7f555d9 e8ce5c3c
[    5.599573] random 0029 0000 0000 e7f555d9 e8ce5c3c: add_timer_randomness(.. 8388864) with jiffies: 7213861773697057192, cycles: 7213861769402384394
[    5.599681] random 0029 0000 0000 e7f555d9 e8ce5c3c: add_disk_randomness(8:0) e7f555d9 e8ce5c3c
[    5.599684] random 0029 0000 0000 e7f555d9 e8ce5c3c: add_timer_randomness(.. 8388864) with jiffies: 7214863652128260520, cycles: 7214863647833587722
[    5.599834] random 0029 0000 0000 e7f555d9 e8ce5c3c: add_disk_randomness(8:0) e7f555d9 e8ce5c3c
[    5.599837] random 0029 0000 0000 e7f555d9 e8ce5c3c: add_timer_randomness(.. 8388864) with jiffies: 7216237895634092456, cycles: 7216237891339419658
[    5.599955] random 0029 0000 0000 e7f555d9 e8ce5c3c: add_disk_randomness(8:0) e7f555d9 e8ce5c3c
[    5.599958] random 0029 0000 0000 e7f555d9 e8ce5c3c: add_timer_randomness(.. 8388864) with jiffies: 7217322301861888425, cycles: 7217322297567215626
[    5.600195] random 0029 0000 0000 e7f555d9 e8ce5c3c: rand_read_num 10 get_random_bytes(4): sig ffffff72 e7f555d9 e8ce5c3c
[    5.600197] random 0029 0000 0000 e7f555d9 e8ce5c3c: extract_entropy(.. 4 ..)
[    5.600200] random 0029 0000 0000 e7f555d9 e8ce5c3c: going to reseed nonblocking with 64 bits (32 of 0 requested)
[    5.600202] random 0029 0000 0000 e7f555d9 e8ce5c3c: extract_entropy(.. 8 ..)
[    5.600204] random 0029 0000 0000 e7f555d9 e8ce5c3c: trying to extract 64 bits from input
[    5.600206] random 0029 0000 0000 e7f555d9 e8ce5c3c: debiting 0 entropy credits from input
[    5.600208] random 0029 0000 0000 e7f555d9 e8ce5c3c: extract_entropy account returned: 0 
[    5.600211] random 0029 0000 0000 e7f555d9 e8ce5c3c: urand_change_num 45 xfer_secondary_pool(4): pool_sig ffffff72, data_sig 00000000, bytes_mixed 0 e7f555d9 e8ce5c3c
[    5.600214] random 0029 0000 0000 e7f555d9 e8ce5c3c: trying to extract 32 bits from nonblocking
[    5.600216] random 0029 0000 0000 e7f555d9 e8ce5c3c: debiting 32 entropy credits from nonblocking (unlimited)
[    5.600218] random 0029 0000 0000 e7f555d9 e8ce5c3c: extract_entropy account returned: 4 
[    5.600223] random 0029 0000 0000 e7f555d9 e8ce5c3c: urand_change_num 46 extract_buf: pool_sig ffffff72, data_sig ffffff72, bytes_mixed 20 e7f555d9 e8ce5c3c
[    5.611785] random 0029 0000 0000 91716c54 eeb6a1e7: add_disk_randomness(8:0) 91716c54 eeb6a1e7
[    5.611788] random 0029 0000 0000 91716c54 eeb6a1e7: add_timer_randomness(.. 8388864) with jiffies: 7323778288973480372, cycles: 7323778284678807562
[    5.611791] random 0029 0000 0000 91716c54 eeb6a1e7: added 3 entropy credits to input
[    5.630057] random 0032 0000 0000 91716c54 eeb6a1e7: add_disk_randomness(8:0) 91716c54 eeb6a1e7
[    5.630061] random 0032 0000 0000 91716c54 eeb6a1e7: add_timer_randomness(.. 8388864) with jiffies: 7488183400771846599, cycles: 7488183396477173770
[    5.630063] random 0032 0000 0000 91716c54 eeb6a1e7: added 1 entropy credits to input
[    5.634724] EXT4-fs (sda2): mounted filesystem with ordered data mode
[    5.634920] VFS: Mounted root (ext4 filesystem) readonly on device 8:2.
[    5.635019] Freeing unused kernel memory: 448k freed
[    5.655201] random 0033 0000 0000 91716c54 eeb6a1e7: add_disk_randomness(8:0) 91716c54 eeb6a1e7
[    5.655204] random 0033 0000 0000 91716c54 eeb6a1e7: add_timer_randomness(.. 8388864) with jiffies: 7714424788818297312, cycles: 7714424784523624458
[    5.655207] random 0033 0000 0000 91716c54 eeb6a1e7: added 1 entropy credits to input
[    5.655935] random 0034 0000 0000 91716c54 eeb6a1e7: add_disk_randomness(8:0) 91716c54 eeb6a1e7
[    5.655938] random 0034 0000 0000 91716c54 eeb6a1e7: add_timer_randomness(.. 8388864) with jiffies: 7721024800637551073, cycles: 7721024796342878218
[    5.660655] random 0034 0000 0000 91716c54 eeb6a1e7: add_disk_randomness(8:0) 91716c54 eeb6a1e7
[    5.660658] random 0034 0000 0000 91716c54 eeb6a1e7: add_timer_randomness(.. 8388864) with jiffies: 7763507314299732453, cycles: 7763507310005059594
[    5.660661] random 0034 0000 0000 91716c54 eeb6a1e7: added 1 entropy credits to input
[    5.668862] random 0035 0000 0000 91716c54 eeb6a1e7: add_disk_randomness(8:0) 91716c54 eeb6a1e7
[    5.668867] random 0035 0000 0000 91716c54 eeb6a1e7: add_timer_randomness(.. 8388864) with jiffies: 7837365590556377582, cycles: 7837365586261704714
[    5.668870] random 0035 0000 0000 91716c54 eeb6a1e7: added 1 entropy credits to input
[    5.672279] random 0036 0000 0000 91716c54 eeb6a1e7: add_disk_randomness(8:0) 91716c54 eeb6a1e7
[    5.672282] random 0036 0000 0000 91716c54 eeb6a1e7: add_timer_randomness(.. 8388864) with jiffies: 7868095647767560689, cycles: 7868095643472887818
[    5.672285] random 0036 0000 0000 91716c54 eeb6a1e7: added 1 entropy credits to input
[    5.681174] random 0037 0000 0000 91716c54 eeb6a1e7: add_disk_randomness(8:0) 91716c54 eeb6a1e7
[    5.681177] random 0037 0000 0000 91716c54 eeb6a1e7: add_timer_randomness(.. 8388864) with jiffies: 7948132054090875386, cycles: 7948132049796202506
[    5.681180] random 0037 0000 0000 91716c54 eeb6a1e7: added 2 entropy credits to input
[    5.694493] random 0039 0000 0000 91716c54 eeb6a1e7: add_disk_randomness(8:0) 91716c54 eeb6a1e7
[    5.694496] random 0039 0000 0000 91716c54 eeb6a1e7: add_timer_randomness(.. 8388864) with jiffies: 8067983159435428359, cycles: 8067983155140755466
[    5.694499] random 0039 0000 0000 91716c54 eeb6a1e7: added 1 entropy credits to input
[    5.702523] random 0040 0000 0000 91716c54 eeb6a1e7: add_disk_randomness(8:0) 91716c54 eeb6a1e7
[    5.702526] random 0040 0000 0000 91716c54 eeb6a1e7: add_timer_randomness(.. 8388864) with jiffies: 8140232906015212047, cycles: 8140232901720539146
[    5.702528] random 0040 0000 0000 91716c54 eeb6a1e7: added 2 entropy credits to input
[    5.702551] RANDOM get_random_int call with cycles 44845023436, jiffies 4294672911 and pid 1
[    5.702554] RANDOM get_random_int call with cycles 44845030240, jiffies 4294672911 and pid 1
[    5.702556] ASLR stack rand value: 102400 after shift for pid: 1
[    5.702558] RANDOM get_random_int call with cycles 44845038031, jiffies 4294672911 and pid 1
[    5.714171] random 0042 0000 0000 91716c54 eeb6a1e7: add_disk_randomness(8:0) 91716c54 eeb6a1e7
[    5.714174] random 0042 0000 0000 91716c54 eeb6a1e7: add_timer_randomness(.. 8388864) with jiffies: 8245042576327672347, cycles: 8245042572032999434
[    5.714177] random 0042 0000 0000 91716c54 eeb6a1e7: added 2 entropy credits to input
[    5.714187] RANDOM get_random_int call with cycles 44869399711, jiffies 4294672923 and pid 1
[    5.714193] random 0044 0000 0000 91716c54 eeb6a1e7: rand_read_num 11 get_random_bytes(16): sig fffffcad 91716c54 eeb6a1e7
[    5.714195] random 0044 0000 0000 91716c54 eeb6a1e7: extract_entropy(.. 16 ..)
[    5.714198] random 0044 0000 0000 91716c54 eeb6a1e7: going to reseed nonblocking with 128 bits (128 of 0 requested)
[    5.714200] random 0044 0000 0000 91716c54 eeb6a1e7: extract_entropy(.. 16 ..)
[    5.714202] random 0044 0000 0000 91716c54 eeb6a1e7: trying to extract 128 bits from input
[    5.714205] random 0044 0000 0000 91716c54 eeb6a1e7: debiting 0 entropy credits from input
[    5.714207] random 0044 0000 0000 91716c54 eeb6a1e7: extract_entropy account returned: 0 
[    5.714210] random 0044 0000 0000 91716c54 eeb6a1e7: urand_change_num 47 xfer_secondary_pool(16): pool_sig fffffcad, data_sig 00000000, bytes_mixed 0 91716c54 eeb6a1e7
[    5.714213] random 0044 0000 0000 91716c54 eeb6a1e7: trying to extract 128 bits from nonblocking
[    5.714215] random 0044 0000 0000 91716c54 eeb6a1e7: debiting 128 entropy credits from nonblocking (unlimited)
[    5.714217] random 0044 0000 0000 91716c54 eeb6a1e7: extract_entropy account returned: 16 
[    5.714222] random 0044 0000 0000 91716c54 eeb6a1e7: urand_change_num 48 extract_buf: pool_sig fffffcad, data_sig ffffff19, bytes_mixed 20 91716c54 eeb6a1e7
[    5.714227] random 0044 0000 0000 fd637b06 6cf47bc1: urand_change_num 49 extract_buf: pool_sig fffffede, data_sig ffffffc1, bytes_mixed 20 fd637b06 6cf47bc1
[    5.715182] random 0044 0000 0000 fd637b06 6cf47bc1: add_disk_randomness(8:0) fd637b06 6cf47bc1
[    5.715185] random 0044 0000 0000 fd637b06 6cf47bc1: add_timer_randomness(.. 8388864) with jiffies: 8254133398595666460, cycles: 8254133394300993546
[    5.716322] random 0044 0000 0000 fd637b06 6cf47bc1: add_disk_randomness(8:0) fd637b06 6cf47bc1
[    5.716325] random 0044 0000 0000 fd637b06 6cf47bc1: add_timer_randomness(.. 8388864) with jiffies: 8264391739003601437, cycles: 8264391734708928522
[    5.717471] random 0044 0000 0000 fd637b06 6cf47bc1: add_disk_randomness(8:0) fd637b06 6cf47bc1
[    5.717474] random 0044 0000 0000 fd637b06 6cf47bc1: add_timer_randomness(.. 8388864) with jiffies: 8274739324536979998, cycles: 8274739320242307082
[    5.718343] random 0044 0000 0000 fd637b06 6cf47bc1: add_disk_randomness(8:0) fd637b06 6cf47bc1
[    5.718346] random 0044 0000 0000 fd637b06 6cf47bc1: add_timer_randomness(.. 8388864) with jiffies: 8282578833853088287, cycles: 8282578829558415370
[    5.727164] random 0044 0000 0000 fd637b06 6cf47bc1: add_disk_randomness(8:0) fd637b06 6cf47bc1
[    5.727167] random 0044 0000 0000 fd637b06 6cf47bc1: add_timer_randomness(.. 8388864) with jiffies: 8361953664888963624, cycles: 8361953660594290698
[    5.727170] random 0044 0000 0000 fd637b06 6cf47bc1: added 3 entropy credits to input
[    5.727366] random 0047 0000 0000 fd637b06 6cf47bc1: add_disk_randomness(8:0) fd637b06 6cf47bc1
[    5.727369] random 0047 0000 0000 fd637b06 6cf47bc1: add_timer_randomness(.. 8388864) with jiffies: 8363767244894470696, cycles: 8363767240599797770
[    5.737557] random 0047 0000 0000 fd637b06 6cf47bc1: add_disk_randomness(8:0) fd637b06 6cf47bc1
[    5.737560] random 0047 0000 0000 fd637b06 6cf47bc1: add_timer_randomness(.. 8388864) with jiffies: 8455471097381093938, cycles: 8455471093086421002
[    5.737562] random 0047 0000 0000 fd637b06 6cf47bc1: added 3 entropy credits to input
[    5.737990] random 0050 0000 0000 fd637b06 6cf47bc1: add_disk_randomness(8:0) fd637b06 6cf47bc1
[    5.737993] random 0050 0000 0000 fd637b06 6cf47bc1: add_timer_randomness(.. 8388864) with jiffies: 8459361491642712627, cycles: 8459361487348039690
[    5.747729] random 0050 0000 0000 fd637b06 6cf47bc1: add_disk_randomness(8:0) fd637b06 6cf47bc1
[    5.747733] random 0050 0000 0000 fd637b06 6cf47bc1: add_timer_randomness(.. 8388864) with jiffies: 8547007141200495164, cycles: 8547007136905822218
[    5.747735] random 0050 0000 0000 fd637b06 6cf47bc1: added 3 entropy credits to input
[    5.747788] RANDOM get_random_int call with cycles 44939795113, jiffies 4294672956 and pid 1
[    5.752336] random 0053 0000 0000 fd637b06 6cf47bc1: add_disk_randomness(8:0) fd637b06 6cf47bc1
[    5.752339] random 0053 0000 0000 fd637b06 6cf47bc1: add_timer_randomness(.. 8388864) with jiffies: 8588450345791488577, cycles: 8588450341496815626
[    5.752342] random 0053 0000 0000 fd637b06 6cf47bc1: added 2 entropy credits to input
[    5.765160] random 0055 0000 0000 fd637b06 6cf47bc1: add_disk_randomness(8:0) fd637b06 6cf47bc1
[    5.765164] random 0055 0000 0000 fd637b06 6cf47bc1: add_timer_randomness(.. 8388864) with jiffies: 8703843416816714318, cycles: 8703843412522041354
[    5.765166] random 0055 0000 0000 fd637b06 6cf47bc1: added 3 entropy credits to input
[    5.765298] random 0058 0000 0000 fd637b06 6cf47bc1: add_disk_randomness(8:0) fd637b06 6cf47bc1
[    5.765301] random 0058 0000 0000 fd637b06 6cf47bc1: add_timer_randomness(.. 8388864) with jiffies: 8705080925743710798, cycles: 8705080921449037834
[    5.767462] random 0058 0000 0000 fd637b06 6cf47bc1: add_disk_randomness(8:0) fd637b06 6cf47bc1
[    5.767465] random 0058 0000 0000 fd637b06 6cf47bc1: add_timer_randomness(.. 8388864) with jiffies: 8724558795704599120, cycles: 8724558791409926154
[    5.767468] random 0058 0000 0000 fd637b06 6cf47bc1: added 1 entropy credits to input
[    5.767703] random 0059 0000 0000 fd637b06 6cf47bc1: add_disk_randomness(8:0) fd637b06 6cf47bc1
[    5.767706] random 0059 0000 0000 fd637b06 6cf47bc1: add_timer_randomness(.. 8388864) with jiffies: 8726727741304177232, cycles: 8726727737009504266
[    5.767851] random 0059 0000 0000 fd637b06 6cf47bc1: add_disk_randomness(8:0) fd637b06 6cf47bc1
[    5.767854] random 0059 0000 0000 fd637b06 6cf47bc1: add_timer_randomness(.. 8388864) with jiffies: 8728046742940648017, cycles: 8728046738645975050
[    5.771016] random 0059 0000 0000 fd637b06 6cf47bc1: add_disk_randomness(8:0) fd637b06 6cf47bc1
[    5.771019] random 0059 0000 0000 fd637b06 6cf47bc1: add_timer_randomness(.. 8388864) with jiffies: 8756531326824972884, cycles: 8756531322530299914
[    5.773026] random 0059 0000 0000 fd637b06 6cf47bc1: add_disk_randomness(8:0) fd637b06 6cf47bc1
[    5.773029] random 0059 0000 0000 fd637b06 6cf47bc1: add_timer_randomness(.. 8388864) with jiffies: 8774618666764042838, cycles: 8774618662469369866
[    5.780856] random 0059 0000 0000 fd637b06 6cf47bc1: add_disk_randomness(8:0) fd637b06 6cf47bc1
[    5.780859] random 0059 0000 0000 fd637b06 6cf47bc1: add_timer_randomness(.. 8388864) with jiffies: 8845064441180160606, cycles: 8845064436885487626
[    5.780861] random 0059 0000 0000 fd637b06 6cf47bc1: added 2 entropy credits to input
[    5.780990] random 0061 0000 0000 fd637b06 6cf47bc1: add_disk_randomness(8:0) fd637b06 6cf47bc1
[    5.780993] random 0061 0000 0000 fd637b06 6cf47bc1: add_timer_randomness(.. 8388864) with jiffies: 8846278319197094494, cycles: 8846278314902421514
[    5.784553] random 0061 0000 0000 fd637b06 6cf47bc1: add_disk_randomness(8:0) fd637b06 6cf47bc1
[    5.784556] random 0061 0000 0000 fd637b06 6cf47bc1: add_timer_randomness(.. 8388864) with jiffies: 8878346954505683553, cycles: 8878346950211010570
[    5.784559] random 0061 0000 0000 fd637b06 6cf47bc1: added 1 entropy credits to input
[    5.789050] random 0062 0000 0000 fd637b06 6cf47bc1: add_disk_randomness(8:0) fd637b06 6cf47bc1
[    5.789053] random 0062 0000 0000 fd637b06 6cf47bc1: add_timer_randomness(.. 8388864) with jiffies: 8918804107619959398, cycles: 8918804103325286410
[    5.794629] random 0062 0000 0000 fd637b06 6cf47bc1: add_disk_randomness(8:0) fd637b06 6cf47bc1
[    5.794632] random 0062 0000 0000 fd637b06 6cf47bc1: add_timer_randomness(.. 8388864) with jiffies: 8969004956685927019, cycles: 8969004952391254026
[    5.800904] random 0062 0000 0000 fd637b06 6cf47bc1: add_disk_randomness(8:0) fd637b06 6cf47bc1
[    5.800907] random 0062 0000 0000 fd637b06 6cf47bc1: add_timer_randomness(.. 8388864) with jiffies: 9025465243844444786, cycles: 9025465239549771786
[    5.800910] random 0062 0000 0000 fd637b06 6cf47bc1: added 1 entropy credits to input
[    5.800923] random 0063 0000 0000 fd637b06 6cf47bc1: rand_read_num 12 get_random_bytes(16): sig 0000033b fd637b06 6cf47bc1
[    5.800926] random 0063 0000 0000 fd637b06 6cf47bc1: extract_entropy(.. 16 ..)
[    5.800928] random 0063 0000 0000 fd637b06 6cf47bc1: going to reseed nonblocking with 128 bits (128 of 0 requested)
[    5.800930] random 0063 0000 0000 fd637b06 6cf47bc1: extract_entropy(.. 16 ..)
[    5.800933] random 0063 0000 0000 fd637b06 6cf47bc1: trying to extract 128 bits from input
[    5.800935] random 0063 0000 0000 fd637b06 6cf47bc1: debiting 0 entropy credits from input
[    5.800937] random 0063 0000 0000 fd637b06 6cf47bc1: extract_entropy account returned: 0 
[    5.800940] random 0063 0000 0000 fd637b06 6cf47bc1: urand_change_num 50 xfer_secondary_pool(16): pool_sig 0000033b, data_sig 00000000, bytes_mixed 0 fd637b06 6cf47bc1
[    5.800943] random 0063 0000 0000 fd637b06 6cf47bc1: trying to extract 128 bits from nonblocking
[    5.800945] random 0063 0000 0000 fd637b06 6cf47bc1: debiting 128 entropy credits from nonblocking (unlimited)
[    5.800948] random 0063 0000 0000 fd637b06 6cf47bc1: extract_entropy account returned: 16 
[    5.800952] random 0063 0000 0000 fd637b06 6cf47bc1: urand_change_num 51 extract_buf: pool_sig 0000033b, data_sig 000000d8, bytes_mixed 20 fd637b06 6cf47bc1
[    5.800957] random 0063 0000 0000 0ec1f012 d4727ca8: urand_change_num 52 extract_buf: pool_sig fffffcf5, data_sig 00000016, bytes_mixed 20 0ec1f012 d4727ca8
[    5.807649] random 0063 0000 0000 45b1d0b1 845a73f7: add_disk_randomness(8:0) 45b1d0b1 845a73f7
[    5.807652] random 0063 0000 0000 45b1d0b1 845a73f7: add_timer_randomness(.. 8388864) with jiffies: 9086160063814140536, cycles: 9086160059519467530
[    5.814871] random 0063 0000 0000 45b1d0b1 845a73f7: add_disk_randomness(8:0) 45b1d0b1 845a73f7
[    5.814874] random 0063 0000 0000 45b1d0b1 845a73f7: add_timer_randomness(.. 8388864) with jiffies: 9151134333362995840, cycles: 9151134329068322826
[    5.814877] random 0063 0000 0000 45b1d0b1 845a73f7: added 1 entropy credits to input
[    5.822886] random 0064 0000 0000 45b1d0b1 845a73f7: add_disk_randomness(8:0) 45b1d0b1 845a73f7
[    5.822889] random 0064 0000 0000 45b1d0b1 845a73f7: add_timer_randomness(.. 8388864) with jiffies: 9223258215926170248, cycles: 9223258211631497226
[    5.832287] random 0064 0000 0000 45b1d0b1 845a73f7: add_disk_randomness(8:0) 45b1d0b1 845a73f7
[    5.832290] random 0064 0000 0000 45b1d0b1 845a73f7: add_timer_randomness(.. 8388864) with jiffies: 9307852948350141073, cycles: -9138891129654083574
[    5.835430] random 0064 0000 0000 45b1d0b1 845a73f7: add_disk_randomness(8:0) 45b1d0b1 845a73f7
[    5.835433] random 0064 0000 0000 45b1d0b1 845a73f7: add_timer_randomness(.. 8388864) with jiffies: 9336131528423080596, cycles: -9110612549581144054
[    5.835436] random 0064 0000 0000 45b1d0b1 845a73f7: added 1 entropy credits to input
[    5.849702] random 0065 0000 0000 45b1d0b1 845a73f7: add_disk_randomness(8:0) 45b1d0b1 845a73f7
[    5.849705] random 0065 0000 0000 45b1d0b1 845a73f7: add_timer_randomness(.. 8388864) with jiffies: 9464555916771426978, cycles: -8982188161232797686
[    5.849708] random 0065 0000 0000 45b1d0b1 845a73f7: added 3 entropy credits to input
[    5.855093] random 0068 0000 0000 45b1d0b1 845a73f7: add_disk_randomness(8:0) 45b1d0b1 845a73f7
[    5.855096] random 0068 0000 0000 45b1d0b1 845a73f7: add_timer_randomness(.. 8388864) with jiffies: 9513061696864486056, cycles: -8933682381139738614
[    5.855099] random 0068 0000 0000 45b1d0b1 845a73f7: added 2 entropy credits to input
[    5.860268] random 0070 0000 0000 45b1d0b1 845a73f7: add_disk_randomness(8:0) 45b1d0b1 845a73f7
[    5.860271] random 0070 0000 0000 45b1d0b1 845a73f7: add_timer_randomness(.. 8388864) with jiffies: 9559622303449055917, cycles: -8887121774555168758
[    5.868493] random 0070 0000 0000 45b1d0b1 845a73f7: add_disk_randomness(8:0) 45b1d0b1 845a73f7
[    5.868497] random 0070 0000 0000 45b1d0b1 845a73f7: add_timer_randomness(.. 8388864) with jiffies: 9633641301676884661, cycles: -8813102776327340022
[    5.868500] random 0070 0000 0000 45b1d0b1 845a73f7: added 1 entropy credits to input
[    5.878096] random 0071 0000 0000 45b1d0b1 845a73f7: add_disk_randomness(8:0) 45b1d0b1 845a73f7
[    5.878099] random 0071 0000 0000 45b1d0b1 845a73f7: add_timer_randomness(.. 8388864) with jiffies: 9720039065666683583, cycles: -8726705012337541110
[    5.897593] random 0071 0000 0000 45b1d0b1 845a73f7: add_disk_randomness(8:0) 45b1d0b1 845a73f7
[    5.897596] random 0071 0000 0000 45b1d0b1 845a73f7: add_timer_randomness(.. 8388864) with jiffies: 9895477604851090130, cycles: -8551266473153134582
[    5.897598] random 0071 0000 0000 45b1d0b1 845a73f7: added 2 entropy credits to input
[    5.910879] random 0073 0000 0000 45b1d0b1 845a73f7: add_disk_randomness(8:0) 45b1d0b1 845a73f7
[    5.910882] random 0073 0000 0000 45b1d0b1 845a73f7: add_timer_randomness(.. 8388864) with jiffies: 10015014924179964640, cycles: -8431729153824260086
[    5.910884] random 0073 0000 0000 45b1d0b1 845a73f7: added 2 entropy credits to input
[    5.918896] random 0075 0000 0000 45b1d0b1 845a73f7: add_disk_randomness(8:0) 45b1d0b1 845a73f7
[    5.918899] random 0075 0000 0000 45b1d0b1 845a73f7: add_timer_randomness(.. 8388864) with jiffies: 10087155673079710440, cycles: -8359588404924514294
[    5.928908] random 0075 0000 0000 45b1d0b1 845a73f7: add_disk_randomness(8:0) 45b1d0b1 845a73f7
[    5.928911] random 0075 0000 0000 45b1d0b1 845a73f7: add_timer_randomness(.. 8388864) with jiffies: 10177245223453426418, cycles: -8269498854550798326
[    5.928914] random 0075 0000 0000 45b1d0b1 845a73f7: added 1 entropy credits to input
[    5.941792] random 0076 0000 0000 45b1d0b1 845a73f7: add_disk_randomness(8:0) 45b1d0b1 845a73f7
[    5.941795] random 0076 0000 0000 45b1d0b1 845a73f7: add_timer_randomness(.. 8388864) with jiffies: 10293188707422536446, cycles: -8153555370581688310
[    5.949150] random 0076 0000 0000 45b1d0b1 845a73f7: add_disk_randomness(8:0) 45b1d0b1 845a73f7
[    5.949153] random 0076 0000 0000 45b1d0b1 845a73f7: add_timer_randomness(.. 8388864) with jiffies: 10359386145002586886, cycles: -8087357933001637878
[    5.949156] random 0076 0000 0000 45b1d0b1 845a73f7: added 2 entropy credits to input
[    5.954398] random 0078 0000 0000 45b1d0b1 845a73f7: add_disk_randomness(8:0) 45b1d0b1 845a73f7
[    5.954401] random 0078 0000 0000 45b1d0b1 845a73f7: add_timer_randomness(.. 8388864) with jiffies: 10406613558144762635, cycles: -8040130519859462134
[    5.960836] random 0078 0000 0000 45b1d0b1 845a73f7: add_disk_randomness(8:0) 45b1d0b1 845a73f7
[    5.960839] random 0078 0000 0000 45b1d0b1 845a73f7: add_timer_randomness(.. 8388864) with jiffies: 10464528632330814226, cycles: -7982215445673410550
[    5.960841] random 0078 0000 0000 45b1d0b1 845a73f7: added 1 entropy credits to input
[    5.965889] random 0079 0000 0000 45b1d0b1 845a73f7: add_disk_randomness(8:0) 45b1d0b1 845a73f7
[    5.965892] random 0079 0000 0000 45b1d0b1 845a73f7: add_timer_randomness(.. 8388864) with jiffies: 10509997887725470487, cycles: -7936746190278754294
[    5.965895] random 0079 0000 0000 45b1d0b1 845a73f7: added 1 entropy credits to input
[    5.971786] random 0080 0000 0000 45b1d0b1 845a73f7: add_disk_randomness(8:0) 45b1d0b1 845a73f7
[    5.971789] random 0080 0000 0000 45b1d0b1 845a73f7: add_timer_randomness(.. 8388864) with jiffies: 10563070566673908508, cycles: -7883673511330316278
[    5.981138] random 0080 0000 0000 45b1d0b1 845a73f7: add_disk_randomness(8:0) 45b1d0b1 845a73f7
[    5.981141] random 0080 0000 0000 45b1d0b1 845a73f7: add_timer_randomness(.. 8388864) with jiffies: 10647213696171606822, cycles: -7799530381832617974
[    5.981144] random 0080 0000 0000 45b1d0b1 845a73f7: added 2 entropy credits to input
[    5.986016] random 0082 0000 0000 45b1d0b1 845a73f7: add_disk_randomness(8:0) 45b1d0b1 845a73f7
[    5.986019] random 0082 0000 0000 45b1d0b1 845a73f7: add_timer_randomness(.. 8388864) with jiffies: 10691106445165560619, cycles: -7755637632838664182
[    5.986022] random 0082 0000 0000 45b1d0b1 845a73f7: added 2 entropy credits to input
[    5.993450] random 0084 0000 0000 45b1d0b1 845a73f7: add_disk_randomness(8:0) 45b1d0b1 845a73f7
[    5.993453] random 0084 0000 0000 45b1d0b1 845a73f7: add_timer_randomness(.. 8388864) with jiffies: 10758002437701468978, cycles: -7688741640302755830
[    5.993456] random 0084 0000 0000 45b1d0b1 845a73f7: added 1 entropy credits to input
[    5.999668] random 0085 0000 0000 45b1d0b1 845a73f7: add_disk_randomness(8:0) 45b1d0b1 845a73f7
[    5.999671] random 0085 0000 0000 45b1d0b1 845a73f7: add_timer_randomness(.. 8388864) with jiffies: 10813952091903198008, cycles: -7632791986101026806
[    5.999822] random 0085 0000 0000 45b1d0b1 845a73f7: add_disk_randomness(8:0) 45b1d0b1 845a73f7
[    5.999825] random 0085 0000 0000 45b1d0b1 845a73f7: add_timer_randomness(.. 8388864) with jiffies: 10815325613854524217, cycles: -7631418464149700598
[    6.014227] random 0085 0000 0000 45b1d0b1 845a73f7: add_disk_randomness(8:0) 45b1d0b1 845a73f7
[    6.014230] random 0085 0000 0000 45b1d0b1 845a73f7: add_timer_randomness(.. 8388864) with jiffies: 10944946975228527431, cycles: -7501797102775697398
[    6.014233] random 0085 0000 0000 45b1d0b1 845a73f7: added 3 entropy credits to input
[    6.021643] random 0088 0000 0000 45b1d0b1 845a73f7: add_disk_randomness(8:0) 45b1d0b1 845a73f7
[    6.021646] random 0088 0000 0000 45b1d0b1 845a73f7: add_timer_randomness(.. 8388864) with jiffies: 11011686210048066382, cycles: -7435057867956158454
[    6.021649] random 0088 0000 0000 45b1d0b1 845a73f7: added 2 entropy credits to input
[    6.031325] random 0090 0000 0000 45b1d0b1 845a73f7: add_disk_randomness(8:0) 45b1d0b1 845a73f7
[    6.031328] random 0090 0000 0000 45b1d0b1 845a73f7: add_timer_randomness(.. 8388864) with jiffies: 11098795564219466584, cycles: -7347948513784758262
[    6.031330] random 0090 0000 0000 45b1d0b1 845a73f7: added 1 entropy credits to input
[    6.041953] random 0091 0000 0000 45b1d0b1 845a73f7: add_disk_randomness(8:0) 45b1d0b1 845a73f7
[    6.041956] random 0091 0000 0000 45b1d0b1 845a73f7: add_timer_randomness(.. 8388864) with jiffies: 11194425751254041443, cycles: -7252318326750183414
[    6.054467] random 0091 0000 0000 45b1d0b1 845a73f7: add_disk_randomness(8:0) 45b1d0b1 845a73f7
[    6.054470] random 0091 0000 0000 45b1d0b1 845a73f7: add_timer_randomness(.. 8388864) with jiffies: 11307032629749711727, cycles: -7139711448254513142
[    6.055671] random 0091 0000 0000 45b1d0b1 845a73f7: add_disk_randomness(8:0) 45b1d0b1 845a73f7
[    6.055674] random 0091 0000 0000 45b1d0b1 845a73f7: add_timer_randomness(.. 8388864) with jiffies: 11317866229487338352, cycles: -7128877848516886518
[    6.059692] random 0091 0000 0000 45b1d0b1 845a73f7: add_disk_randomness(8:0) 45b1d0b1 845a73f7
[    6.059695] random 0091 0000 0000 45b1d0b1 845a73f7: add_timer_randomness(.. 8388864) with jiffies: 11354046913729758068, cycles: -7092697164274466806
[    6.059697] random 0091 0000 0000 45b1d0b1 845a73f7: added 1 entropy credits to input
[    6.069033] random 0092 0000 0000 45b1d0b1 845a73f7: add_disk_randomness(8:0) 45b1d0b1 845a73f7
[    6.069036] random 0092 0000 0000 45b1d0b1 845a73f7: add_timer_randomness(.. 8388864) with jiffies: 11438089433618547582, cycles: -7008654644385677302
[    6.069038] random 0092 0000 0000 45b1d0b1 845a73f7: added 1 entropy credits to input
[    6.069385] random 0093 0000 0000 45b1d0b1 845a73f7: add_disk_randomness(8:0) 45b1d0b1 845a73f7
[    6.069388] random 0093 0000 0000 45b1d0b1 845a73f7: add_timer_randomness(.. 8388864) with jiffies: 11441260798815208318, cycles: -7005483279189016566
[    6.085040] random 0093 0000 0000 45b1d0b1 845a73f7: add_disk_randomness(8:0) 45b1d0b1 845a73f7
[    6.085043] random 0093 0000 0000 45b1d0b1 845a73f7: add_timer_randomness(.. 8388864) with jiffies: 11582124791137272718, cycles: -6864619286866952182
[    6.085046] random 0093 0000 0000 45b1d0b1 845a73f7: added 4 entropy credits to input
[    6.086673] random 0097 0000 0000 45b1d0b1 845a73f7: add_disk_randomness(8:0) 45b1d0b1 845a73f7
[    6.086676] random 0097 0000 0000 45b1d0b1 845a73f7: add_timer_randomness(.. 8388864) with jiffies: 11596828448466371471, cycles: -6849915629537853430
[    6.086815] random 0097 0000 0000 45b1d0b1 845a73f7: add_disk_randomness(8:0) 45b1d0b1 845a73f7
[    6.086818] random 0097 0000 0000 45b1d0b1 845a73f7: add_timer_randomness(.. 8388864) with jiffies: 11598090490246562704, cycles: -6848653587757662198
[    6.097694] random 0097 0000 0000 45b1d0b1 845a73f7: add_disk_randomness(8:0) 45b1d0b1 845a73f7
[    6.097697] random 0097 0000 0000 45b1d0b1 845a73f7: add_timer_randomness(.. 8388864) with jiffies: 11695993531024507802, cycles: -6750750546979717110
[    6.097700] random 0097 0000 0000 45b1d0b1 845a73f7: added 3 entropy credits to input
[    6.098261] random 0100 0000 0000 45b1d0b1 845a73f7: add_disk_randomness(8:0) 45b1d0b1 845a73f7
[    6.098264] random 0100 0000 0000 45b1d0b1 845a73f7: add_timer_randomness(.. 8388864) with jiffies: 11701085588416070555, cycles: -6745658489588154358
[    6.103487] random 0100 0000 0000 45b1d0b1 845a73f7: add_disk_randomness(8:0) 45b1d0b1 845a73f7
[    6.103490] random 0100 0000 0000 45b1d0b1 845a73f7: add_timer_randomness(.. 8388864) with jiffies: 11748118538323985312, cycles: -6698625539680239606
[    6.103493] random 0100 0000 0000 45b1d0b1 845a73f7: added 2 entropy credits to input
[    6.105241] random 0102 0000 0000 45b1d0b1 845a73f7: add_disk_randomness(8:0) 45b1d0b1 845a73f7
[    6.105244] random 0102 0000 0000 45b1d0b1 845a73f7: add_timer_randomness(.. 8388864) with jiffies: 11763892849395598242, cycles: -6682851228608626678
[    6.105246] random 0102 0000 0000 45b1d0b1 845a73f7: added 1 entropy credits to input
[    6.115466] random 0103 0000 0000 45b1d0b1 845a73f7: add_disk_randomness(8:0) 45b1d0b1 845a73f7
[    6.115470] random 0103 0000 0000 45b1d0b1 845a73f7: add_timer_randomness(.. 8388864) with jiffies: 11855909087738561452, cycles: -6590834990265663478
[    6.115473] random 0103 0000 0000 45b1d0b1 845a73f7: added 3 entropy credits to input
[    6.129401] random 0106 0000 0000 45b1d0b1 845a73f7: add_disk_randomness(8:0) 45b1d0b1 845a73f7
[    6.129404] random 0106 0000 0000 45b1d0b1 845a73f7: add_timer_randomness(.. 8388864) with jiffies: 11981290457397953466, cycles: -6465453620606271478
[    6.129407] random 0106 0000 0000 45b1d0b1 845a73f7: added 2 entropy credits to input
[    6.141922] random 0108 0000 0000 45b1d0b1 845a73f7: add_disk_randomness(8:0) 45b1d0b1 845a73f7
