[    0.000000] random 0000 0000 0000 00000000 00000000: rand_read_num 1 get_random_bytes(8): sig 00000000 00000000 00000000
[    0.000000] random 0000 0000 0000 00000000 00000000: extract_entropy(.. 8 ..)
[    0.000000] random 0000 0000 0000 00000000 00000000: going to reseed nonblocking with 64 bits (64 of 0 requested)
[    0.000000] random 0000 0000 0000 00000000 00000000: extract_entropy(.. 8 ..)
[    0.000000] random 0000 0000 0000 00000000 00000000: trying to extract 64 bits from input
[    0.000000] random 0000 0000 0000 00000000 00000000: debiting 0 entropy credits from input
[    0.000000] random 0000 0000 0000 00000000 00000000: extract_entropy account returned: 0 
[    0.000000] random 0000 0000 0000 00000000 00000000: urand_change_num 1 xfer_secondary_pool(8): pool_sig 00000000, data_sig 00000000, bytes_mixed 0 00000000 00000000
[    0.000000] random 0000 0000 0000 00000000 00000000: trying to extract 64 bits from nonblocking
[    0.000000] random 0000 0000 0000 00000000 00000000: debiting 64 entropy credits from nonblocking (unlimited)
[    0.000000] random 0000 0000 0000 00000000 00000000: extract_entropy account returned: 8 
[    0.000000] random 0000 0000 0000 00000000 00000000: urand_change_num 2 extract_buf: pool_sig 00000000, data_sig fffffff9, bytes_mixed 20 00000000 00000000
[    0.000000] Linux version 2.6.32.57 (dcashman@dcashman-02) (gcc version 4.3.3 (GCC) ) #6 Thu May 30 09:02:12 PDT 2013
[    0.000000] KERNEL supported cpus:
[    0.000000]   Intel GenuineIntel
[    0.000000]   AMD AuthenticAMD
[    0.000000]   NSC Geode by NSC
[    0.000000]   Cyrix CyrixInstead
[    0.000000]   Centaur CentaurHauls
[    0.000000]   Transmeta GenuineTMx86
[    0.000000]   Transmeta TransmetaCPU
[    0.000000]   UMC UMC UMC UMC
[    0.000000] BIOS-provided physical RAM map:
[    0.000000]  BIOS-e820: 0000000000000000 - 000000000009d800 (usable)
[    0.000000]  BIOS-e820: 000000000009d800 - 00000000000a0000 (reserved)
[    0.000000]  BIOS-e820: 00000000000d2000 - 00000000000d4000 (reserved)
[    0.000000]  BIOS-e820: 00000000000e0000 - 0000000000100000 (reserved)
[    0.000000]  BIOS-e820: 0000000000100000 - 000000003d6b0000 (usable)
[    0.000000]  BIOS-e820: 000000003d6b0000 - 000000003d6cc000 (ACPI data)
[    0.000000]  BIOS-e820: 000000003d6cc000 - 000000003d700000 (ACPI NVS)
[    0.000000]  BIOS-e820: 000000003d700000 - 000000003e000000 (reserved)
[    0.000000]  BIOS-e820: 00000000f0000000 - 00000000f4000000 (reserved)
[    0.000000]  BIOS-e820: 00000000fec00000 - 00000000fec10000 (reserved)
[    0.000000]  BIOS-e820: 00000000fed00000 - 00000000fed00400 (reserved)
[    0.000000]  BIOS-e820: 00000000fed14000 - 00000000fed1a000 (reserved)
[    0.000000]  BIOS-e820: 00000000fed1c000 - 00000000fed90000 (reserved)
[    0.000000]  BIOS-e820: 00000000fee00000 - 00000000fee01000 (reserved)
[    0.000000]  BIOS-e820: 00000000ff000000 - 0000000100000000 (reserved)
[    0.000000] DMI present.
[    0.000000] last_pfn = 0x3d6b0 max_arch_pfn = 0x100000
[    0.000000] MTRR default type: uncachable
[    0.000000] MTRR fixed ranges enabled:
[    0.000000]   00000-9FFFF write-back
[    0.000000]   A0000-BFFFF uncachable
[    0.000000]   C0000-CFFFF write-protect
[    0.000000]   D0000-DFFFF uncachable
[    0.000000]   E0000-FFFFF write-protect
[    0.000000] MTRR variable ranges enabled:
[    0.000000]   0 base 03E000000 mask FFE000000 uncachable
[    0.000000]   1 base 000000000 mask FC0000000 write-back
[    0.000000]   2 base 03D700000 mask FFFF00000 uncachable
[    0.000000]   3 base 03D800000 mask FFF800000 uncachable
[    0.000000]   4 disabled
[    0.000000]   5 disabled
[    0.000000]   6 disabled
[    0.000000]   7 disabled
[    0.000000] initial memory mapped : 0 - 02000000
[    0.000000] init_memory_mapping: 0000000000000000-00000000377fe000
[    0.000000]  0000000000 - 0000400000 page 4k
[    0.000000]  0000400000 - 0037400000 page 2M
[    0.000000]  0037400000 - 00377fe000 page 4k
[    0.000000] kernel direct mapping tables up to 377fe000 @ 7000-c000
[    0.000000] ACPI: RSDP 000f68d0 00024 (v02 LENOVO)
[    0.000000] ACPI: XSDT 3d6bb77f 00094 (v01 LENOVO TP-7L    00002170  LTP 00000000)
[    0.000000] ACPI: FACP 3d6bb900 000F4 (v03 LENOVO TP-7L    00002170 LNVO 00000001)
[    0.000000] ACPI Warning: 32/64X length mismatch in Gpe1Block: 0/32 (20090903/tbfadt-526)
[    0.000000] ACPI Warning: Optional field Gpe1Block has zero address or length: 000000000000102C/0 (20090903/tbfadt-557)
[    0.000000] ACPI: DSDT 3d6bbd1d 0FED1 (v01 LENOVO TP-7L    00002170 MSFT 03000000)
[    0.000000] ACPI: FACS 3d6e4000 00040
[    0.000000] ACPI: SSDT 3d6bbab4 00269 (v01 LENOVO TP-7L    00002170 MSFT 03000000)
[    0.000000] ACPI: ECDT 3d6cbbee 00052 (v01 LENOVO TP-7L    00002170 LNVO 00000001)
[    0.000000] ACPI: TCPA 3d6cbc40 00032 (v02 LENOVO TP-7L    00002170 LNVO 00000001)
[    0.000000] ACPI: APIC 3d6cbc72 00068 (v01 LENOVO TP-7L    00002170 LNVO 00000001)
[    0.000000] ACPI: MCFG 3d6cbcda 0003C (v01 LENOVO TP-7L    00002170 LNVO 00000001)
[    0.000000] ACPI: HPET 3d6cbd16 00038 (v01 LENOVO TP-7L    00002170 LNVO 00000001)
[    0.000000] ACPI: SLIC 3d6cbdf0 00176 (v01 LENOVO TP-7L    00002170  LTP 00000000)
[    0.000000] ACPI: BOOT 3d6cbf66 00028 (v01 LENOVO TP-7L    00002170  LTP 00000001)
[    0.000000] ACPI: ASF! 3d6cbf8e 00072 (v16 LENOVO TP-7L    00002170 PTL  00000001)
[    0.000000] ACPI: SSDT 3d6e26d9 0025F (v01 LENOVO TP-7L    00002170 INTL 20050513)
[    0.000000] ACPI: SSDT 3d6e2938 000A6 (v01 LENOVO TP-7L    00002170 INTL 20050513)
[    0.000000] ACPI: SSDT 3d6e29de 004F7 (v01 LENOVO TP-7L    00002170 INTL 20050513)
[    0.000000] ACPI: SSDT 3d6e2ed5 001D8 (v01 LENOVO TP-7L    00002170 INTL 20050513)
[    0.000000] ACPI: DMI detected: Lenovo ThinkPad R61
[    0.000000] ACPI: Added _OSI(Linux)
[    0.000000] ACPI: Local APIC address 0xfee00000
[    0.000000] 94MB HIGHMEM available.
[    0.000000] 887MB LOWMEM available.
[    0.000000]   mapped low ram: 0 - 377fe000
[    0.000000]   low ram: 0 - 377fe000
[    0.000000]   node 0 low ram: 00000000 - 377fe000
[    0.000000]   node 0 bootmap 00008000 - 0000ef00
[    0.000000] (6 early reservations) ==> bootmem [0000000000 - 00377fe000]
[    0.000000]   #0 [0000000000 - 0000001000]   BIOS data page ==> [0000000000 - 0000001000]
[    0.000000]   #1 [0001000000 - 0001bdc180]    TEXT DATA BSS ==> [0001000000 - 0001bdc180]
[    0.000000]   #2 [000009d800 - 0000100000]    BIOS reserved ==> [000009d800 - 0000100000]
[    0.000000]   #3 [0001bdd000 - 0001be516c]              BRK ==> [0001bdd000 - 0001be516c]
[    0.000000]   #4 [0000007000 - 0000008000]          PGTABLE ==> [0000007000 - 0000008000]
[    0.000000]   #5 [0000008000 - 000000f000]          BOOTMAP ==> [0000008000 - 000000f000]
[    0.000000] found SMP MP-table at [c00f6900] f6900
[    0.000000] Zone PFN ranges:
[    0.000000]   DMA      0x00000000 -> 0x00001000
[    0.000000]   Normal   0x00001000 -> 0x000377fe
[    0.000000]   HighMem  0x000377fe -> 0x0003d6b0
[    0.000000] Movable zone start PFN for each node
[    0.000000] early_node_map[2] active PFN ranges
[    0.000000]     0: 0x00000000 -> 0x0000009d
[    0.000000]     0: 0x00000100 -> 0x0003d6b0
[    0.000000] On node 0 totalpages: 251469
[    0.000000] free_area_init_node: node 0, pgdat c1901ea0, node_mem_map c1be7000
[    0.000000]   DMA zone: 32 pages used for memmap
[    0.000000]   DMA zone: 0 pages reserved
[    0.000000]   DMA zone: 3965 pages, LIFO batch:0
[    0.000000]   Normal zone: 1744 pages used for memmap
[    0.000000]   Normal zone: 221486 pages, LIFO batch:31
[    0.000000]   HighMem zone: 190 pages used for memmap
[    0.000000]   HighMem zone: 24052 pages, LIFO batch:3
[    0.000000] Using APIC driver default
[    0.000000] ACPI: PM-Timer IO Port: 0x1008
[    0.000000] ACPI: Local APIC address 0xfee00000
[    0.000000] ACPI: LAPIC (acpi_id[0x00] lapic_id[0x00] enabled)
[    0.000000] ACPI: LAPIC (acpi_id[0x01] lapic_id[0x01] enabled)
[    0.000000] ACPI: NR_CPUS/possible_cpus limit of 1 reached.  Processor 1/0x1 ignored.
[    0.000000] ACPI: LAPIC_NMI (acpi_id[0x00] high edge lint[0x1])
[    0.000000] ACPI: LAPIC_NMI (acpi_id[0x01] high edge lint[0x1])
[    0.000000] ACPI: IOAPIC (id[0x01] address[0xfec00000] gsi_base[0])
[    0.000000] IOAPIC[0]: apic_id 1, version 32, address 0xfec00000, GSI 0-23
[    0.000000] ACPI: INT_SRC_OVR (bus 0 bus_irq 0 global_irq 2 dfl dfl)
[    0.000000] ACPI: INT_SRC_OVR (bus 0 bus_irq 9 global_irq 9 high level)
[    0.000000] ACPI: IRQ0 used by override.
[    0.000000] ACPI: IRQ2 used by override.
[    0.000000] ACPI: IRQ9 used by override.
[    0.000000] Using ACPI (MADT) for SMP configuration information
[    0.000000] ACPI: HPET id: 0x8086a201 base: 0xfed00000
[    0.000000] nr_irqs_gsi: 24
[    0.000000] PM: Registered nosave memory: 000000000009d000 - 000000000009e000
[    0.000000] PM: Registered nosave memory: 000000000009e000 - 00000000000a0000
[    0.000000] PM: Registered nosave memory: 00000000000a0000 - 00000000000d2000
[    0.000000] PM: Registered nosave memory: 00000000000d2000 - 00000000000d4000
[    0.000000] PM: Registered nosave memory: 00000000000d4000 - 00000000000e0000
[    0.000000] PM: Registered nosave memory: 00000000000e0000 - 0000000000100000
[    0.000000] Allocating PCI resources starting at 3e000000 (gap: 3e000000:b2000000)
[    0.000000] Built 1 zonelists in Zone order, mobility grouping on.  Total pages: 249503
[    0.000000] Kernel command line: auto BOOT_IMAGE=Linux ro root=802 vt.default_utf8=0 maxcpus=0
[    0.000000] PID hash table entries: 4096 (order: 2, 16384 bytes)
[    0.000000] Dentry cache hash table entries: 131072 (order: 7, 524288 bytes)
[    0.000000] Inode-cache hash table entries: 65536 (order: 6, 262144 bytes)
[    0.000000] Enabling fast FPU save and restore... done.
[    0.000000] Enabling unmasked SIMD FPU exception support... done.
[    0.000000] Initializing CPU#0
[    0.000000] Initializing HighMem for node 0 (000377fe:0003d6b0)
[    0.000000] Memory: 984800k/1006272k available (6915k kernel code, 20876k reserved, 2327k data, 448k init, 96968k highmem)
[    0.000000] virtual kernel memory layout:
[    0.000000]     fixmap  : 0xfffa3000 - 0xfffff000   ( 368 kB)
[    0.000000]     pkmap   : 0xff800000 - 0xffc00000   (4096 kB)
[    0.000000]     vmalloc : 0xf7ffe000 - 0xff7fe000   ( 120 MB)
[    0.000000]     lowmem  : 0xc0000000 - 0xf77fe000   ( 887 MB)
[    0.000000]       .init : 0xc1907000 - 0xc1977000   ( 448 kB)
[    0.000000]       .data : 0xc16c0d3f - 0xc1906c64   (2327 kB)
[    0.000000]       .text : 0xc1000000 - 0xc16c0d3f   (6915 kB)
[    0.000000] Checking if this processor honours the WP bit even in supervisor mode...Ok.
[    0.000000] SLUB: Genslabs=13, HWalign=64, Order=0-3, MinObjects=0, CPUs=1, Nodes=1
[    0.000000] Hierarchical RCU implementation.
[    0.000000] NR_IRQS:288
[    0.000000] Extended CMOS year: 2000
[    0.000000] Console: colour VGA+ 80x25
[    0.000000] console [tty0] enabled
[    0.000000] hpet clockevent registered
[    0.000000] Fast TSC calibration using PIT
[    0.000000] Detected 2094.905 MHz processor.
[    0.001001] Calibrating delay loop (skipped), value calculated using timer frequency.. 4189.81 BogoMIPS (lpj=2094905)
[    0.001168] Security Framework initialized
[    0.001255] Mount-cache hash table entries: 512
[    0.001404] CPU: L1 I cache: 32K, L1 D cache: 32K
[    0.001530] CPU: L2 cache: 3072K
[    0.002006] mce: CPU supports 6 MCE banks
[    0.002096] CPU0: Thermal monitoring enabled (TM2)
[    0.002180] using mwait in idle threads.
[    0.002265] CPU: Intel(R) Core(TM)2 Duo CPU     T8100  @ 2.10GHz stepping 06
[    0.002446] Checking 'hlt' instruction... OK.
[    0.006940] ACPI: Core revision 20090903
[    0.026013] RANDOM get_random_int first call with cycles 38433915450, jiffies 4294667322 and pid 0
[    0.026021] CANARY value: bc5ece92 for PID: 1
[    0.026028] CANARY value: ba05eaff for PID: 2
[    0.026053] Enabling APIC mode:  Flat.  Using 1 I/O APICs
[    0.027364] ..TIMER: vector=0x30 apic1=0 pin1=2 apic2=-1 pin2=-1
[    0.037997] xor: automatically using best checksumming function: pIII_sse
[    0.041998]    pIII_sse  :  8568.000 MB/sec
[    0.042085] xor: using function: pIII_sse (8568.000 MB/sec)
[    0.042178] RANDOM - __seed init called.
[    0.042179] RANDOM - __seed init called.
[    0.042180] RANDOM - __seed init called.
[    0.042181] RANDOM - __random32 called. Change num 1.  Value: f7943846	49e73df3	af36cd0d
[    0.042183] RANDOM - __random32 called. Change num 2.  Value: 43846e13	9e73df37	9a1ad014
[    0.042185] RANDOM - __random32 called. Change num 3.  Value: 46e139c8	e73df373	a029598a
[    0.042187] RANDOM - __random32 called. Change num 4.  Value: 139c8c3b	73df373d	b3142c72
[    0.042188] RANDOM - __random32 called. Change num 5.  Value: c8c3b043	3df373de	58e576a9
[    0.042190] RANDOM - __random32 called. Change num 6.  Value: 3b0437d9	df373de5	ed53f9d8
[    0.042192] RANDOM - random32 init called.  Value: 3b0437d9	df373de5	ed53f9d8
[    0.042209] NET: Registered protocol family 16
[    0.042469] ACPI FADT declares the system doesn't support PCIe ASPM, so disable it
[    0.042590] ACPI: bus type pci registered
[    0.042768] PCI: MCFG configuration 0: base f0000000 segment 0 buses 0 - 63
[    0.042864] PCI: MCFG area at f0000000 reserved in E820
[    0.042954] PCI: Using MMCONFIG for extended config space
[    0.043002] PCI: Using configuration type 1 for base access
[    0.046161] bio: create slab <bio-0> at 0
[    0.046974] ACPI: EC: EC description table is found, configuring boot EC
[    0.052157] ACPI: BIOS _OSI(Linux) query honored via DMI
[    0.052888] random 0000 0000 0000 00000000 00000000: rand_read_num 2 get_random_bytes(8): sig fffffe1a 00000000 00000000
[    0.052890] random 0000 0000 0000 00000000 00000000: extract_entropy(.. 8 ..)
[    0.052893] random 0000 0000 0000 00000000 00000000: going to reseed nonblocking with 64 bits (64 of 0 requested)
[    0.052895] random 0000 0000 0000 00000000 00000000: extract_entropy(.. 8 ..)
[    0.052898] random 0000 0000 0000 00000000 00000000: trying to extract 64 bits from input
[    0.052900] random 0000 0000 0000 00000000 00000000: debiting 0 entropy credits from input
[    0.052902] random 0000 0000 0000 00000000 00000000: extract_entropy account returned: 0 
[    0.052931] random 0000 0000 0000 00000000 00000000: urand_change_num 3 xfer_secondary_pool(8): pool_sig fffffe1a, data_sig 00000000, bytes_mixed 0 00000000 00000000
[    0.052934] random 0000 0000 0000 00000000 00000000: trying to extract 64 bits from nonblocking
[    0.052937] random 0000 0000 0000 00000000 00000000: debiting 64 entropy credits from nonblocking (unlimited)
[    0.052939] random 0000 0000 0000 00000000 00000000: extract_entropy account returned: 8 
[    0.052943] random 0000 0000 0000 00000000 00000000: urand_change_num 4 extract_buf: pool_sig fffffe1a, data_sig fffffed7, bytes_mixed 20 00000000 00000000
[    0.058483] ACPI: Interpreter enabled
[    0.058568] ACPI: (supports S0 S3 S4 S5)
[    0.058886] ACPI: Using IOAPIC for interrupt routing
[    0.068682] ACPI: EC: GPE = 0x12, I/O: command/status = 0x66, data = 0x62
[    0.068976] ACPI: Power Resource [PUBS] (on)
[    0.071119] ACPI: ACPI Dock Station Driver: 3 docks/bays found
[    0.071533] ACPI: PCI Root Bridge [PCI0] (0000:00)
[    0.071704] pci 0000:00:02.0: reg 10 64bit mmio: [0xf8100000-0xf81fffff]
[    0.071710] pci 0000:00:02.0: reg 18 64bit mmio pref: [0xe0000000-0xefffffff]
[    0.071714] pci 0000:00:02.0: reg 20 io port: [0x1800-0x1807]
[    0.071748] pci 0000:00:02.1: reg 10 64bit mmio: [0xf8200000-0xf82fffff]
[    0.071851] pci 0000:00:19.0: reg 10 32bit mmio: [0xfe000000-0xfe01ffff]
[    0.071861] pci 0000:00:19.0: reg 14 32bit mmio: [0xfe025000-0xfe025fff]
[    0.071870] pci 0000:00:19.0: reg 18 io port: [0x1840-0x185f]
[    0.071945] pci 0000:00:19.0: PME# supported from D0 D3hot D3cold
[    0.072004] pci 0000:00:19.0: PME# disabled
[    0.072154] pci 0000:00:1a.0: reg 20 io port: [0x1860-0x187f]
[    0.072230] pci 0000:00:1a.1: reg 20 io port: [0x1880-0x189f]
[    0.072310] pci 0000:00:1a.7: reg 10 32bit mmio: [0xfe226c00-0xfe226fff]
[    0.072394] pci 0000:00:1a.7: PME# supported from D0 D3hot D3cold
[    0.072490] pci 0000:00:1a.7: PME# disabled
[    0.072629] pci 0000:00:1b.0: reg 10 64bit mmio: [0xfe020000-0xfe023fff]
[    0.072714] pci 0000:00:1b.0: PME# supported from D0 D3hot D3cold
[    0.072806] pci 0000:00:1b.0: PME# disabled
[    0.073081] pci 0000:00:1c.0: PME# supported from D0 D3hot D3cold
[    0.073182] pci 0000:00:1c.0: PME# disabled
[    0.073380] pci 0000:00:1c.1: PME# supported from D0 D3hot D3cold
[    0.073474] pci 0000:00:1c.1: PME# disabled
[    0.073673] pci 0000:00:1c.2: PME# supported from D0 D3hot D3cold
[    0.073768] pci 0000:00:1c.2: PME# disabled
[    0.073969] pci 0000:00:1c.3: PME# supported from D0 D3hot D3cold
[    0.073999] pci 0000:00:1c.3: PME# disabled
[    0.074871] pci 0000:00:1c.4: PME# supported from D0 D3hot D3cold
[    0.074997] pci 0000:00:1c.4: PME# disabled
[    0.075153] pci 0000:00:1d.0: reg 20 io port: [0x18a0-0x18bf]
[    0.075235] pci 0000:00:1d.1: reg 20 io port: [0x18c0-0x18df]
[    0.075312] pci 0000:00:1d.2: reg 20 io port: [0x18e0-0x18ff]
[    0.075405] pci 0000:00:1d.7: reg 10 32bit mmio: [0xfe227000-0xfe2273ff]
[    0.075500] pci 0000:00:1d.7: PME# supported from D0 D3hot D3cold
[    0.075592] pci 0000:00:1d.7: PME# disabled
[    0.075886] pci 0000:00:1f.0: quirk: region 1000-107f claimed by ICH6 ACPI/GPIO/TCO
[    0.076000] pci 0000:00:1f.0: quirk: region 1180-11bf claimed by ICH6 GPIO
[    0.076100] pci 0000:00:1f.0: ICH7 LPC Generic IO decode 1 PIO at 1600 (mask 007f)
[    0.076233] pci 0000:00:1f.0: ICH7 LPC Generic IO decode 2 PIO at 15e0 (mask 000f)
[    0.076361] pci 0000:00:1f.0: ICH7 LPC Generic IO decode 3 PIO at 1680 (mask 001f)
[    0.076569] pci 0000:00:1f.1: reg 10 io port: [0x00-0x07]
[    0.076578] pci 0000:00:1f.1: reg 14 io port: [0x00-0x03]
[    0.076588] pci 0000:00:1f.1: reg 18 io port: [0x00-0x07]
[    0.076595] pci 0000:00:1f.1: reg 1c io port: [0x00-0x03]
[    0.076604] pci 0000:00:1f.1: reg 20 io port: [0x1c00-0x1c0f]
[    0.076686] pci 0000:00:1f.2: reg 10 io port: [0x1c50-0x1c57]
[    0.076693] pci 0000:00:1f.2: reg 14 io port: [0x1c44-0x1c47]
[    0.076702] pci 0000:00:1f.2: reg 18 io port: [0x1c48-0x1c4f]
[    0.076710] pci 0000:00:1f.2: reg 1c io port: [0x1c40-0x1c43]
[    0.076719] pci 0000:00:1f.2: reg 20 io port: [0x1c20-0x1c3f]
[    0.076726] pci 0000:00:1f.2: reg 24 32bit mmio: [0xfe226000-0xfe2267ff]
[    0.076788] pci 0000:00:1f.2: PME# supported from D3hot
[    0.076885] pci 0000:00:1f.2: PME# disabled
[    0.077031] pci 0000:00:1f.3: reg 10 32bit mmio: [0xfe227400-0xfe2274ff]
[    0.077055] pci 0000:00:1f.3: reg 20 io port: [0x1c60-0x1c7f]
[    0.077148] pci 0000:00:1c.0: bridge io port: [0x2000-0x2fff]
[    0.077154] pci 0000:00:1c.0: bridge 32bit mmio: [0xfc000000-0xfdffffff]
[    0.077162] pci 0000:00:1c.0: bridge 64bit mmio pref: [0xf8000000-0xf80fffff]
[    0.077234] pci 0000:03:00.0: reg 10 64bit mmio: [0xdf3f0000-0xdf3fffff]
[    0.077427] pci 0000:00:1c.1: bridge io port: [0x3000-0x3fff]
[    0.077433] pci 0000:00:1c.1: bridge 32bit mmio: [0xdc000000-0xdf3fffff]
[    0.077442] pci 0000:00:1c.1: bridge 64bit mmio pref: [0xdfe00000-0xdfefffff]
[    0.077498] pci 0000:00:1c.2: bridge io port: [0x4000-0x4fff]
[    0.077504] pci 0000:00:1c.2: bridge 32bit mmio: [0xd8000000-0xd9ffffff]
[    0.077513] pci 0000:00:1c.2: bridge 64bit mmio pref: [0xdfb00000-0xdfbfffff]
[    0.077571] pci 0000:00:1c.3: bridge io port: [0x5000-0x5fff]
[    0.077578] pci 0000:00:1c.3: bridge 32bit mmio: [0xd4000000-0xd5ffffff]
[    0.077585] pci 0000:00:1c.3: bridge 64bit mmio pref: [0xdf800000-0xdf8fffff]
[    0.077640] pci 0000:00:1c.4: bridge io port: [0x6000-0x6fff]
[    0.077647] pci 0000:00:1c.4: bridge 32bit mmio: [0xd0000000-0xd1ffffff]
[    0.077653] pci 0000:00:1c.4: bridge 64bit mmio pref: [0xdf500000-0xdf5fffff]
[    0.077711] pci 0000:15:00.0: reg 10 32bit mmio: [0xf8300000-0xf8300fff]
[    0.077760] pci 0000:15:00.0: supports D1 D2
[    0.077762] pci 0000:15:00.0: PME# supported from D0 D1 D2 D3hot D3cold
[    0.077870] pci 0000:15:00.0: PME# disabled
[    0.078055] pci 0000:15:00.1: reg 10 32bit mmio: [0xf8301000-0xf83017ff]
[    0.078161] pci 0000:15:00.1: supports D1 D2
[    0.078162] pci 0000:15:00.1: PME# supported from D0 D1 D2 D3hot D3cold
[    0.078273] pci 0000:15:00.1: PME# disabled
[    0.078456] pci 0000:00:1e.0: transparent bridge
[    0.078546] pci 0000:00:1e.0: bridge io port: [0x7000-0xafff]
[    0.078552] pci 0000:00:1e.0: bridge 32bit mmio: [0xf8300000-0xfbffffff]
[    0.078561] pci 0000:00:1e.0: bridge 64bit mmio pref: [0xf4000000-0xf7ffffff]
[    0.078625] pci_bus 0000:00: on NUMA node 0
[    0.078629] ACPI: PCI Interrupt Routing Table [\_SB_.PCI0._PRT]
[    0.078763] ACPI: PCI Interrupt Routing Table [\_SB_.PCI0.EXP0._PRT]
[    0.078822] ACPI: PCI Interrupt Routing Table [\_SB_.PCI0.EXP1._PRT]
[    0.078880] ACPI: PCI Interrupt Routing Table [\_SB_.PCI0.EXP2._PRT]
[    0.078938] ACPI: PCI Interrupt Routing Table [\_SB_.PCI0.EXP3._PRT]
[    0.079037] ACPI: PCI Interrupt Routing Table [\_SB_.PCI0.EXP4._PRT]
[    0.079100] ACPI: PCI Interrupt Routing Table [\_SB_.PCI0.PCI1._PRT]
[    0.084554] ACPI: PCI Interrupt Link [LNKA] (IRQs 3 4 5 6 7 9 *10 11)
[    0.085365] ACPI: PCI Interrupt Link [LNKB] (IRQs 3 4 5 6 7 9 10 *11)
[    0.086159] ACPI: PCI Interrupt Link [LNKC] (IRQs 3 4 5 6 7 9 10 *11)
[    0.087060] ACPI: PCI Interrupt Link [LNKD] (IRQs 3 4 5 6 7 9 10 *11)
[    0.087893] ACPI: PCI Interrupt Link [LNKE] (IRQs 3 4 5 6 7 9 10 *11)
[    0.088690] ACPI: PCI Interrupt Link [LNKF] (IRQs 3 4 5 6 7 9 10 *11)
[    0.089535] ACPI: PCI Interrupt Link [LNKG] (IRQs 3 4 5 6 7 9 10 *11)
[    0.090367] ACPI: PCI Interrupt Link [LNKH] (IRQs 3 4 5 6 7 9 10 *11)
[    0.091127] vgaarb: device added: PCI:0000:00:02.0,decodes=io+mem,owns=io+mem,locks=none
[    0.091260] vgaarb: loaded
[    0.091449] SCSI subsystem initialized
[    0.091547] libata version 3.00 loaded.
[    0.091594] usbcore: registered new interface driver usbfs
[    0.091730] usbcore: registered new interface driver hub
[    0.091843] usbcore: registered new device driver usb
[    0.109047] raid6: int32x1    941 MB/s
[    0.126056] raid6: int32x2    890 MB/s
[    0.142991] raid6: int32x4    746 MB/s
[    0.159995] raid6: int32x8    656 MB/s
[    0.176984] raid6: mmxx1     2878 MB/s
[    0.193984] raid6: mmxx2     3253 MB/s
[    0.211003] raid6: sse1x1    1937 MB/s
[    0.227978] raid6: sse1x2    2531 MB/s
[    0.244986] raid6: sse2x1    3511 MB/s
[    0.261970] raid6: sse2x2    3820 MB/s
[    0.262076] raid6: using algorithm sse2x2 (3820 MB/s)
[    0.262167] PCI: Using ACPI for IRQ routing
[    0.262490] HPET: 3 timers in total, 0 timers will be used for per-cpu timer
[    0.262982] Switching to clocksource tsc
[    0.263082] pnp: PnP ACPI init
[    0.263176] ACPI: bus type pnp registered
[    0.266903] pnp: PnP ACPI: found 11 devices
[    0.266995] ACPI: ACPI bus type pnp unregistered
[    0.267094] system 00:00: iomem range 0x0-0x9ffff could not be reserved
[    0.267188] system 00:00: iomem range 0xc0000-0xc3fff could not be reserved
[    0.267290] system 00:00: iomem range 0xc4000-0xc7fff could not be reserved
[    0.267384] system 00:00: iomem range 0xc8000-0xcbfff has been reserved
[    0.267479] system 00:00: iomem range 0xcc000-0xcffff has been reserved
[    0.267570] system 00:00: iomem range 0xd0000-0xd3fff could not be reserved
[    0.267665] system 00:00: iomem range 0xe0000-0xe3fff could not be reserved
[    0.267764] system 00:00: iomem range 0xe4000-0xe7fff could not be reserved
[    0.267856] system 00:00: iomem range 0xe8000-0xebfff could not be reserved
[    0.267948] system 00:00: iomem range 0xec000-0xeffff could not be reserved
[    0.268052] system 00:00: iomem range 0xf0000-0xfffff could not be reserved
[    0.268144] system 00:00: iomem range 0x100000-0x3dffffff could not be reserved
[    0.268271] system 00:00: iomem range 0xfec00000-0xfed3ffff could not be reserved
[    0.268394] system 00:00: iomem range 0xfed4c000-0xffffffff could not be reserved
[    0.268518] system 00:02: ioport range 0x164e-0x164f has been reserved
[    0.268606] system 00:02: ioport range 0x1000-0x107f has been reserved
[    0.268700] system 00:02: ioport range 0x1180-0x11bf has been reserved
[    0.268794] system 00:02: ioport range 0x800-0x80f has been reserved
[    0.268894] system 00:02: ioport range 0x15e0-0x15ef has been reserved
[    0.268984] system 00:02: ioport range 0x1600-0x165f could not be reserved
[    0.269076] system 00:02: iomem range 0xf0000000-0xf3ffffff has been reserved
[    0.269169] system 00:02: iomem range 0xfed1c000-0xfed1ffff has been reserved
[    0.269271] system 00:02: iomem range 0xfed14000-0xfed17fff has been reserved
[    0.269360] system 00:02: iomem range 0xfed18000-0xfed18fff has been reserved
[    0.269460] system 00:02: iomem range 0xfed19000-0xfed19fff has been reserved
[    0.269551] system 00:02: iomem range 0xfed45000-0xfed4bfff has been reserved
[    0.304601] pci 0000:00:1c.0: PCI bridge, secondary bus 0000:02
[    0.304694] pci 0000:00:1c.0:   IO window: 0x2000-0x2fff
[    0.304793] pci 0000:00:1c.0:   MEM window: 0xfc000000-0xfdffffff
[    0.304888] pci 0000:00:1c.0:   PREFETCH window: 0x000000f8000000-0x000000f80fffff
[    0.305020] pci 0000:00:1c.1: PCI bridge, secondary bus 0000:03
[    0.305112] pci 0000:00:1c.1:   IO window: 0x3000-0x3fff
[    0.305210] pci 0000:00:1c.1:   MEM window: 0xdc000000-0xdf3fffff
[    0.305310] pci 0000:00:1c.1:   PREFETCH window: 0x000000dfe00000-0x000000dfefffff
[    0.305452] pci 0000:00:1c.2: PCI bridge, secondary bus 0000:04
[    0.305560] pci 0000:00:1c.2:   IO window: 0x4000-0x4fff
[    0.305657] pci 0000:00:1c.2:   MEM window: 0xd8000000-0xd9ffffff
[    0.305750] pci 0000:00:1c.2:   PREFETCH window: 0x000000dfb00000-0x000000dfbfffff
[    0.305882] pci 0000:00:1c.3: PCI bridge, secondary bus 0000:05
[    0.305974] pci 0000:00:1c.3:   IO window: 0x5000-0x5fff
[    0.306064] pci 0000:00:1c.3:   MEM window: 0xd4000000-0xd5ffffff
[    0.306165] pci 0000:00:1c.3:   PREFETCH window: 0x000000df800000-0x000000df8fffff
[    0.306301] pci 0000:00:1c.4: PCI bridge, secondary bus 0000:0d
[    0.306391] pci 0000:00:1c.4:   IO window: 0x6000-0x6fff
[    0.306484] pci 0000:00:1c.4:   MEM window: 0xd0000000-0xd1ffffff
[    0.306580] pci 0000:00:1c.4:   PREFETCH window: 0x000000df500000-0x000000df5fffff
[    0.306708] pci 0000:15:00.0: CardBus bridge, secondary bus 0000:16
[    0.306799] pci 0000:15:00.0:   IO window: 0x007000-0x0070ff
[    0.306894] pci 0000:15:00.0:   IO window: 0x007400-0x0074ff
[    0.306996] pci 0000:15:00.0:   PREFETCH window: 0xf4000000-0xf7ffffff
[    0.307096] pci 0000:15:00.0:   MEM window: 0x40000000-0x43ffffff
[    0.307200] pci 0000:00:1e.0: PCI bridge, secondary bus 0000:15
[    0.307291] pci 0000:00:1e.0:   IO window: 0x7000-0xafff
[    0.307392] pci 0000:00:1e.0:   MEM window: 0xf8300000-0xfbffffff
[    0.307489] pci 0000:00:1e.0:   PREFETCH window: 0x000000f4000000-0x000000f7ffffff
[    0.307624] pci 0000:00:1c.0: PCI INT A -> GSI 20 (level, low) -> IRQ 20
[    0.307722] pci 0000:00:1c.0: setting latency timer to 64
[    0.307736] pci 0000:00:1c.1: PCI INT B -> GSI 21 (level, low) -> IRQ 21
[    0.307828] pci 0000:00:1c.1: setting latency timer to 64
[    0.307842] pci 0000:00:1c.2: PCI INT C -> GSI 22 (level, low) -> IRQ 22
[    0.307939] pci 0000:00:1c.2: setting latency timer to 64
[    0.307952] pci 0000:00:1c.3: PCI INT D -> GSI 23 (level, low) -> IRQ 23
[    0.308049] pci 0000:00:1c.3: setting latency timer to 64
[    0.308060] pci 0000:00:1c.4: PCI INT A -> GSI 20 (level, low) -> IRQ 20
[    0.308152] pci 0000:00:1c.4: setting latency timer to 64
[    0.308161] pci 0000:00:1e.0: enabling device (0005 -> 0007)
[    0.308259] pci 0000:00:1e.0: setting latency timer to 64
[    0.308276] pci 0000:15:00.0: PCI INT A -> GSI 16 (level, low) -> IRQ 16
[    0.308377] pci 0000:15:00.0: setting latency timer to 64
[    0.308381] pci_bus 0000:00: resource 0 io:  [0x00-0xffff]
[    0.308382] pci_bus 0000:00: resource 1 mem: [0x000000-0xffffffff]
[    0.308384] pci_bus 0000:02: resource 0 io:  [0x2000-0x2fff]
[    0.308386] pci_bus 0000:02: resource 1 mem: [0xfc000000-0xfdffffff]
[    0.308388] pci_bus 0000:02: resource 2 pref mem [0xf8000000-0xf80fffff]
[    0.308390] pci_bus 0000:03: resource 0 io:  [0x3000-0x3fff]
[    0.308392] pci_bus 0000:03: resource 1 mem: [0xdc000000-0xdf3fffff]
[    0.308394] pci_bus 0000:03: resource 2 pref mem [0xdfe00000-0xdfefffff]
[    0.308396] pci_bus 0000:04: resource 0 io:  [0x4000-0x4fff]
[    0.308398] pci_bus 0000:04: resource 1 mem: [0xd8000000-0xd9ffffff]
[    0.308399] pci_bus 0000:04: resource 2 pref mem [0xdfb00000-0xdfbfffff]
[    0.308401] pci_bus 0000:05: resource 0 io:  [0x5000-0x5fff]
[    0.308403] pci_bus 0000:05: resource 1 mem: [0xd4000000-0xd5ffffff]
[    0.308405] pci_bus 0000:05: resource 2 pref mem [0xdf800000-0xdf8fffff]
[    0.308407] pci_bus 0000:0d: resource 0 io:  [0x6000-0x6fff]
[    0.308408] pci_bus 0000:0d: resource 1 mem: [0xd0000000-0xd1ffffff]
[    0.308410] pci_bus 0000:0d: resource 2 pref mem [0xdf500000-0xdf5fffff]
[    0.308412] pci_bus 0000:15: resource 0 io:  [0x7000-0xafff]
[    0.308414] pci_bus 0000:15: resource 1 mem: [0xf8300000-0xfbffffff]
[    0.308416] pci_bus 0000:15: resource 2 pref mem [0xf4000000-0xf7ffffff]
[    0.308418] pci_bus 0000:15: resource 3 io:  [0x00-0xffff]
[    0.308419] pci_bus 0000:15: resource 4 mem: [0x000000-0xffffffff]
[    0.308421] pci_bus 0000:16: resource 0 io:  [0x7000-0x70ff]
[    0.308423] pci_bus 0000:16: resource 1 io:  [0x7400-0x74ff]
[    0.308425] pci_bus 0000:16: resource 2 pref mem [0xf4000000-0xf7ffffff]
[    0.308427] pci_bus 0000:16: resource 3 mem: [0x40000000-0x43ffffff]
[    0.308434] NET: Registered protocol family 2
[    0.308532] RANDOM - __random32 called. Change num 7.  Value: 437d97bf	f373de51	f3b0f986
[    0.308534] RANDOM - random32 called.  Value: 437d97bf	f373de51	f3b0f986
[    0.308539] random 0000 0000 0000 5f8db4e5 4cfdf2a8: rand_read_num 3 get_random_bytes(4): sig fffffb64 5f8db4e5 4cfdf2a8
[    0.308541] random 0000 0000 0000 5f8db4e5 4cfdf2a8: extract_entropy(.. 4 ..)
[    0.308543] random 0000 0000 0000 5f8db4e5 4cfdf2a8: going to reseed nonblocking with 64 bits (32 of 0 requested)
[    0.308546] random 0000 0000 0000 5f8db4e5 4cfdf2a8: extract_entropy(.. 8 ..)
[    0.308548] random 0000 0000 0000 5f8db4e5 4cfdf2a8: trying to extract 64 bits from input
[    0.308550] random 0000 0000 0000 5f8db4e5 4cfdf2a8: debiting 0 entropy credits from input
[    0.308552] random 0000 0000 0000 5f8db4e5 4cfdf2a8: extract_entropy account returned: 0 
[    0.308555] random 0000 0000 0000 5f8db4e5 4cfdf2a8: urand_change_num 5 xfer_secondary_pool(4): pool_sig fffffb64, data_sig 00000000, bytes_mixed 0 5f8db4e5 4cfdf2a8
[    0.308558] random 0000 0000 0000 5f8db4e5 4cfdf2a8: trying to extract 32 bits from nonblocking
[    0.308560] random 0000 0000 0000 5f8db4e5 4cfdf2a8: debiting 32 entropy credits from nonblocking (unlimited)
[    0.308562] random 0000 0000 0000 5f8db4e5 4cfdf2a8: extract_entropy account returned: 4 
[    0.308567] random 0000 0000 0000 5f8db4e5 4cfdf2a8: urand_change_num 6 extract_buf: pool_sig fffffb64, data_sig 00000241, bytes_mixed 20 5f8db4e5 4cfdf2a8
[    0.308576] IP route cache hash table entries: 32768 (order: 5, 131072 bytes)
[    0.308706] RANDOM - __random32 called. Change num 8.  Value: d97bfe31	373de51f	f30dc6e6
[    0.308708] RANDOM - random32 called.  Value: d97bfe31	373de51f	f30dc6e6
[    0.308718] RANDOM - __random32 called. Change num 9.  Value: bfe314d7	73de51f5	8dcd6c7e
[    0.308720] RANDOM - random32 called.  Value: bfe314d7	73de51f5	8dcd6c7e
[    0.308722] RANDOM - __random32 called. Change num 10.  Value: 314d7baf	3de51f5e	d8fc74c1
[    0.308723] RANDOM - random32 called.  Value: 314d7baf	3de51f5e	d8fc74c1
[    0.308734] RANDOM - __random32 called. Change num 11.  Value: d7baf3c7	de51f5e5	e983e3fa
[    0.308735] RANDOM - random32 called.  Value: d7baf3c7	de51f5e5	e983e3fa
[    0.308745] TCP established hash table entries: 131072 (order: 8, 1048576 bytes)
[    0.309236] TCP bind hash table entries: 65536 (order: 6, 262144 bytes)
[    0.309423] TCP: Hash tables configured (established 131072 bind 65536)
[    0.309531] TCP reno registered
[    0.309643] NET: Registered protocol family 1
[    0.309757] RPC: Registered udp transport module.
[    0.309850] RPC: Registered tcp transport module.
[    0.309954] RPC: Registered tcp NFSv4.1 backchannel transport module.
[    0.310049] pci 0000:00:02.0: Boot video device
[    0.310258] Simple Boot Flag at 0x35 set to 0x1
[    0.310775] highmem bounce pool size: 64 pages
[    0.312356] VFS: Disk quotas dquot_6.5.2
[    0.312478] Dquot-cache hash table entries: 1024 (order 0, 4096 bytes)
[    0.313156] NTFS driver 2.1.29 [Flags: R/W].
[    0.313316] ROMFS MTD (C) 2007 Red Hat, Inc.
[    0.313527] JFS: nTxBlock = 7695, nTxLock = 61562
[    0.315986] SGI XFS with ACLs, security attributes, large block/inode numbers, no debug enabled
[    0.316467] SGI XFS Quota Management subsystem
[    0.316754] Slow work thread pool: Starting up
[    0.316918] Slow work thread pool: Ready
[    0.317016] GFS2 (built May 24 2013 02:47:17) installed
[    0.317119] msgmni has been set to 1734
[    0.317288] alg: No test for cipher_null (cipher_null-generic)
[    0.317398] alg: No test for ecb(cipher_null) (ecb-cipher_null)
[    0.317497] alg: No test for digest_null (digest_null-generic)
[    0.317594] alg: No test for compress_null (compress_null-generic)
[    0.318156] alg: No test for fcrypt (fcrypt-generic)
[    0.319577] alg: No test for stdrng (krng)
[    0.319669] async_tx: api initialized (async)
[    0.319827] Block layer SCSI generic (bsg) driver version 0.4 loaded (major 254)
[    0.319957] io scheduler noop registered
[    0.320052] io scheduler anticipatory registered
[    0.320136] io scheduler deadline registered
[    0.320279] io scheduler cfq registered (default)
[    0.320517] pcieport 0000:00:1c.0: irq 24 for MSI/MSI-X
[    0.320534] pcieport 0000:00:1c.0: setting latency timer to 64
[    0.320728] pcieport 0000:00:1c.1: irq 25 for MSI/MSI-X
[    0.320739] pcieport 0000:00:1c.1: setting latency timer to 64
[    0.320935] pcieport 0000:00:1c.2: irq 26 for MSI/MSI-X
[    0.320951] pcieport 0000:00:1c.2: setting latency timer to 64
[    0.321131] pcieport 0000:00:1c.3: irq 27 for MSI/MSI-X
[    0.321142] pcieport 0000:00:1c.3: setting latency timer to 64
[    0.321319] pcieport 0000:00:1c.4: irq 28 for MSI/MSI-X
[    0.321330] pcieport 0000:00:1c.4: setting latency timer to 64
[    0.321472] pci_hotplug: PCI Hot Plug PCI Core version: 0.5
[    0.321663] isapnp: Scanning for PnP cards...
[    0.682199] isapnp: No Plug & Play device found
[    0.682293] random 0000 0000 0000 5f8db4e5 4cfdf2a8: initializing
[    0.682295] RANDOM init_std_data for input now value: 1369913026682295382
[    0.682297] RANDOM init_std_data for blocking now value: 1369913026682297367
[    0.682298] RANDOM init_std_data for nonblocking now value: 1369913026682299071
[    0.701885] Serial: 8250/16550 driver, 4 ports, IRQ sharing enabled
[    3.712412] floppy0: no floppy controllers found
[    3.713362] brd: module loaded
[    3.713870] loop: module loaded
[    3.713962] Compaq SMART2 Driver (v 2.6.0)
[    3.714086] HP CISS Driver (v 3.6.20)
[    3.714330] input: Macintosh mouse button emulation as /devices/virtual/input/input0
[    3.714469] Uniform Multi-Platform E-IDE driver
[    3.714705] piix 0000:00:1f.1: IDE controller (0x8086:0x2850 rev 0x03)
[    3.714814] pci 0000:00:1f.1: PCI INT C -> GSI 16 (level, low) -> IRQ 16
[    3.714923] piix 0000:00:1f.1: IDE port disabled
[    3.715022] piix 0000:00:1f.1: not 100% native mode: will probe irqs later
[    3.715126]     ide0: BM-DMA at 0x1c00-0x1c07
[    3.715222] Probing IDE interface ide0...
[    4.386537] hda: HL-DT-ST DVDRAM GSA-U10N, ATAPI CD/DVD-ROM drive
[    4.693309] hda: host max PIO4 wanted PIO255(auto-tune) selected PIO4
[    4.694081] hda: UDMA/33 mode selected
[    4.694551] ide0 at 0x1f0-0x1f7,0x3f6 on irq 14
[    4.698475] ide-gd driver 1.18
[    4.698587] ide-cd driver 5.00
[    4.699979] random 0000 0000 0000 00000000 00000000: add_disk_randomness(0:0) 00000000 00000000
[    4.699983] random 0000 0000 0000 00000000 00000000: add_timer_randomness(.. 256) with jiffies: 5753229252723703420, cycles: 5753229248429031435
[    4.699986] random 0000 0000 0000 00000000 00000000: added 11 entropy credits to input
[    4.699989] ide-cd: hda: ATAPI 24X DVD-ROM DVD-R/RAM CD-R/RW drive, 2048kB Cache
[    4.700460] Uniform CD-ROM driver Revision: 3.20
[    4.703192] random 0011 0000 0000 00000000 00000000: add_disk_randomness(0:0) 00000000 00000000
[    4.703195] random 0011 0000 0000 00000000 00000000: add_timer_randomness(.. 256) with jiffies: 5782135761310285439, cycles: 5782135757015613451
[    4.703197] random 0011 0000 0000 00000000 00000000: added 1 entropy credits to input
[    4.703200] random 0012 0000 0000 00000000 00000000: add_disk_randomness(0:0) 00000000 00000000
[    4.703203] random 0012 0000 0000 00000000 00000000: add_timer_randomness(.. 256) with jiffies: 5782211932555279999, cycles: 5782211928260608011
[    4.705191] random 0012 0000 0000 00000000 00000000: add_disk_randomness(0:0) 00000000 00000000
[    4.705194] random 0012 0000 0000 00000000 00000000: add_timer_randomness(.. 256) with jiffies: 5800126056463302273, cycles: 5800126052168630283
[    4.705197] random 0012 0000 0000 00000000 00000000: added 1 entropy credits to input
[    4.705200] random 0013 0000 0000 00000000 00000000: add_disk_randomness(0:0) 00000000 00000000
[    4.705202] random 0013 0000 0000 00000000 00000000: add_timer_randomness(.. 256) with jiffies: 5800201368714837633, cycles: 5800201364420165643
[    4.707192] random 0013 0000 0000 00000000 00000000: add_disk_randomness(0:0) 00000000 00000000
[    4.707195] random 0013 0000 0000 00000000 00000000: add_timer_randomness(.. 256) with jiffies: 5818127080444624515, cycles: 5818127076149952523
[    4.707197] random 0013 0000 0000 00000000 00000000: added 1 entropy credits to input
[    4.707200] random 0014 0000 0000 00000000 00000000: add_disk_randomness(0:0) 00000000 00000000
[    4.707203] random 0014 0000 0000 00000000 00000000: add_timer_randomness(.. 256) with jiffies: 5818201941724593795, cycles: 5818201937429921803
[    4.707480] Loading iSCSI transport class v2.0-870.
[    4.707774] rdac: device handler registered
[    4.707867] hp_sw: device handler registered
[    4.707971] emc: device handler registered
[    4.708061] alua: device handler registered
[    4.709060] Adaptec aacraid driver 1.1-5[2461]-ms
[    4.709484] scsi: <fdomain> Detection failed (no card)
[    4.709585] sym53c416.c: Version 1.0.0-ac
[    4.709698] qlogicfas: no cards were found, please specify I/O address and IRQ using iobase= and irq= options
[    4.709825] QLogic Fibre Channel HBA Driver: 8.03.01-k6
[    4.710052] iscsi: registered transport (qla4xxx)
[    4.710160] QLogic iSCSI HBA Driver
[    4.710246] Emulex LightPulse Fibre Channel SCSI driver 8.3.4
[    4.710341] Copyright(c) 2004-2009 Emulex.  All rights reserved.
[    4.732287] Failed initialization of WD-7000 SCSI card!
[    4.821493] DC390: clustering now enabled by default. If you get problems load
[    4.821624]        with "disable_clustering=1" and report to maintainers
[    4.821761] megaraid cmm: 2.20.2.7 (Release Date: Sun Jul 16 00:01:03 EST 2006)
[    4.821923] megaraid: 2.20.5.1 (Release Date: Thu Nov 16 15:32:35 EST 2006)
[    4.822033] megasas: 00.00.04.01 Thu July 24 11:41:51 PST 2008
[    4.822174] GDT-HA: Storage RAID Controller Driver. Version: 3.05
[    4.822329] 3ware Storage Controller device driver for Linux v1.26.02.002.
[    4.822441] 3ware 9000 Storage Controller device driver for Linux v2.26.02.012.
[    4.822582] nsp32: loading...
[    4.822696] ipr: IBM Power RAID SCSI Device Driver version: 2.4.3 (June 10, 2009)
[    4.822839] RocketRAID 3xxx/4xxx Controller driver v1.6 (090910)
[    4.822951] stex: Promise SuperTrak EX Driver version: 4.6.0000.3
[    4.823085] st: Version 20081215, fixed bufsize 32768, s/g segs 256
[    4.823293] ahci 0000:00:1f.2: version 3.0
[    4.823311] ahci 0000:00:1f.2: PCI INT B -> GSI 16 (level, low) -> IRQ 16
[    4.823437] ahci 0000:00:1f.2: irq 29 for MSI/MSI-X
[    4.823500] ahci 0000:00:1f.2: AHCI 0001.0100 32 slots 3 ports 1.5 Gbps 0x5 impl SATA mode
[    4.823627] ahci 0000:00:1f.2: flags: 64bit ncq sntf pm led clo pio slum part ccc 
[    4.823764] ahci 0000:00:1f.2: setting latency timer to 64
[    4.823908] scsi2 : ahci
[    4.824067] scsi3 : ahci
[    4.824214] scsi4 : ahci
[    4.824405] ata1: SATA max UDMA/133 abar m2048@0xfe226000 port 0xfe226100 irq 29
[    4.824533] ata2: DUMMY
[    4.824630] ata3: SATA max UDMA/133 abar m2048@0xfe226000 port 0xfe226200 irq 29
[    4.825239] I2O subsystem v1.325
[    4.825345] i2o: max drivers = 8
[    4.825495] I2O Configuration OSM v1.323
[    4.825604] I2O Bus Adapter OSM v1.317
[    4.825717] I2O Block Device OSM v1.325
[    4.825867] I2O SCSI Peripheral OSM v1.316
[    4.825980] I2O ProcFS OSM v1.316
[    4.826085] Fusion MPT base driver 3.04.12
[    4.826175] Copyright (c) 1999-2008 LSI Corporation
[    4.826283] Fusion MPT SPI Host driver 3.04.12
[    4.826431] Fusion MPT FC Host driver 3.04.12
[    4.826551] Fusion MPT SAS Host driver 3.04.12
[    4.826701] ohci1394 0000:15:00.1: PCI INT B -> GSI 17 (level, low) -> IRQ 17
[    4.826799] ohci1394 0000:15:00.1: setting latency timer to 64
[    4.880293] ohci1394: fw-host0: OHCI-1394 1.1 (PCI): IRQ=[17]  MMIO=[f8301000-f83017ff]  Max Packet=[2048]  IR/IT contexts=[4/4]
[    4.884560] ehci_hcd: USB 2.0 'Enhanced' Host Controller (EHCI) Driver
[    4.884836] ehci_hcd 0000:00:1a.7: power state changed by ACPI to D0
[    4.885096] ehci_hcd 0000:00:1a.7: power state changed by ACPI to D0
[    4.885203] ehci_hcd 0000:00:1a.7: PCI INT C -> GSI 22 (level, low) -> IRQ 22
[    4.885302] ehci_hcd 0000:00:1a.7: setting latency timer to 64
[    4.885305] ehci_hcd 0000:00:1a.7: EHCI Host Controller
[    4.885445] ehci_hcd 0000:00:1a.7: new USB bus registered, assigned bus number 1
[    4.889489] ehci_hcd 0000:00:1a.7: cache line size of 32 is not supported
[    4.889498] ehci_hcd 0000:00:1a.7: irq 22, io mem 0xfe226c00
[    4.899251] ehci_hcd 0000:00:1a.7: USB 2.0 started, EHCI 1.00
[    4.899370] usb usb1: New USB device found, idVendor=1d6b, idProduct=0002
[    4.899475] usb usb1: New USB device strings: Mfr=3, Product=2, SerialNumber=1
[    4.899605] usb usb1: Product: EHCI Host Controller
[    4.899703] usb usb1: Manufacturer: Linux 2.6.32.57 ehci_hcd
[    4.899797] usb usb1: SerialNumber: 0000:00:1a.7
[    4.899949] usb usb1: configuration #1 chosen from 1 choice
[    4.900068] hub 1-0:1.0: USB hub found
[    4.900163] hub 1-0:1.0: 4 ports detected
[    4.900473] ehci_hcd 0000:00:1d.7: power state changed by ACPI to D0
[    4.900715] ehci_hcd 0000:00:1d.7: power state changed by ACPI to D0
[    4.900822] ehci_hcd 0000:00:1d.7: PCI INT D -> GSI 19 (level, low) -> IRQ 19
[    4.900927] ehci_hcd 0000:00:1d.7: setting latency timer to 64
[    4.900930] ehci_hcd 0000:00:1d.7: EHCI Host Controller
[    4.901060] ehci_hcd 0000:00:1d.7: new USB bus registered, assigned bus number 2
[    4.901221] ehci_hcd 0000:00:1d.7: debug port 1
[    4.905205] ehci_hcd 0000:00:1d.7: cache line size of 32 is not supported
[    4.905214] ehci_hcd 0000:00:1d.7: irq 19, io mem 0xfe227000
[    4.915249] ehci_hcd 0000:00:1d.7: USB 2.0 started, EHCI 1.00
[    4.915361] usb usb2: New USB device found, idVendor=1d6b, idProduct=0002
[    4.915464] usb usb2: New USB device strings: Mfr=3, Product=2, SerialNumber=1
[    4.915589] usb usb2: Product: EHCI Host Controller
[    4.915683] usb usb2: Manufacturer: Linux 2.6.32.57 ehci_hcd
[    4.915776] usb usb2: SerialNumber: 0000:00:1d.7
[    4.915922] usb usb2: configuration #1 chosen from 1 choice
[    4.916044] hub 2-0:1.0: USB hub found
[    4.916137] hub 2-0:1.0: 6 ports detected
[    4.916324] 116x: driver isp116x-hcd, 03 Nov 2005
[    4.916429] ohci_hcd: USB 1.1 'Open' Host Controller (OHCI) Driver
[    4.916542] uhci_hcd: USB Universal Host Controller Interface driver
[    4.916667] uhci_hcd 0000:00:1a.0: PCI INT A -> GSI 20 (level, low) -> IRQ 20
[    4.916769] uhci_hcd 0000:00:1a.0: setting latency timer to 64
[    4.916774] uhci_hcd 0000:00:1a.0: UHCI Host Controller
[    4.916905] uhci_hcd 0000:00:1a.0: new USB bus registered, assigned bus number 3
[    4.917061] uhci_hcd 0000:00:1a.0: irq 20, io base 0x00001860
[    4.917183] usb usb3: New USB device found, idVendor=1d6b, idProduct=0001
[    4.917279] usb usb3: New USB device strings: Mfr=3, Product=2, SerialNumber=1
[    4.917402] usb usb3: Product: UHCI Host Controller
[    4.917486] usb usb3: Manufacturer: Linux 2.6.32.57 uhci_hcd
[    4.917575] usb usb3: SerialNumber: 0000:00:1a.0
[    4.917712] usb usb3: configuration #1 chosen from 1 choice
[    4.917830] hub 3-0:1.0: USB hub found
[    4.917931] hub 3-0:1.0: 2 ports detected
[    4.918234] uhci_hcd 0000:00:1a.1: power state changed by ACPI to D0
[    4.918495] uhci_hcd 0000:00:1a.1: power state changed by ACPI to D0
[    4.918588] uhci_hcd 0000:00:1a.1: PCI INT B -> GSI 21 (level, low) -> IRQ 21
[    4.918691] uhci_hcd 0000:00:1a.1: setting latency timer to 64
[    4.918696] uhci_hcd 0000:00:1a.1: UHCI Host Controller
[    4.918824] uhci_hcd 0000:00:1a.1: new USB bus registered, assigned bus number 4
[    4.918972] uhci_hcd 0000:00:1a.1: irq 21, io base 0x00001880
[    4.919086] usb usb4: New USB device found, idVendor=1d6b, idProduct=0001
[    4.919178] usb usb4: New USB device strings: Mfr=3, Product=2, SerialNumber=1
[    4.919311] usb usb4: Product: UHCI Host Controller
[    4.919400] usb usb4: Manufacturer: Linux 2.6.32.57 uhci_hcd
[    4.919502] usb usb4: SerialNumber: 0000:00:1a.1
[    4.919636] usb usb4: configuration #1 chosen from 1 choice
[    4.919751] hub 4-0:1.0: USB hub found
[    4.919842] hub 4-0:1.0: 2 ports detected
[    4.920142] uhci_hcd 0000:00:1d.0: power state changed by ACPI to D0
[    4.920442] uhci_hcd 0000:00:1d.0: power state changed by ACPI to D0
[    4.920533] uhci_hcd 0000:00:1d.0: PCI INT A -> GSI 16 (level, low) -> IRQ 16
[    4.920630] uhci_hcd 0000:00:1d.0: setting latency timer to 64
[    4.920635] uhci_hcd 0000:00:1d.0: UHCI Host Controller
[    4.920764] uhci_hcd 0000:00:1d.0: new USB bus registered, assigned bus number 5
[    4.920924] uhci_hcd 0000:00:1d.0: irq 16, io base 0x000018a0
[    4.921046] usb usb5: New USB device found, idVendor=1d6b, idProduct=0001
[    4.921144] usb usb5: New USB device strings: Mfr=3, Product=2, SerialNumber=1
[    4.921275] usb usb5: Product: UHCI Host Controller
[    4.921362] usb usb5: Manufacturer: Linux 2.6.32.57 uhci_hcd
[    4.921456] usb usb5: SerialNumber: 0000:00:1d.0
[    4.921591] usb usb5: configuration #1 chosen from 1 choice
[    4.921710] hub 5-0:1.0: USB hub found
[    4.921808] hub 5-0:1.0: 2 ports detected
[    4.921954] uhci_hcd 0000:00:1d.1: PCI INT B -> GSI 17 (level, low) -> IRQ 17
[    4.922063] uhci_hcd 0000:00:1d.1: setting latency timer to 64
[    4.922068] uhci_hcd 0000:00:1d.1: UHCI Host Controller
[    4.922199] uhci_hcd 0000:00:1d.1: new USB bus registered, assigned bus number 6
[    4.922369] uhci_hcd 0000:00:1d.1: irq 17, io base 0x000018c0
[    4.922497] usb usb6: New USB device found, idVendor=1d6b, idProduct=0001
[    4.922603] usb usb6: New USB device strings: Mfr=3, Product=2, SerialNumber=1
[    4.922729] usb usb6: Product: UHCI Host Controller
[    4.922824] usb usb6: Manufacturer: Linux 2.6.32.57 uhci_hcd
[    4.922929] usb usb6: SerialNumber: 0000:00:1d.1
[    4.923064] usb usb6: configuration #1 chosen from 1 choice
[    4.923181] hub 6-0:1.0: USB hub found
[    4.923290] hub 6-0:1.0: 2 ports detected
[    4.923579] uhci_hcd 0000:00:1d.2: power state changed by ACPI to D0
[    4.923821] uhci_hcd 0000:00:1d.2: power state changed by ACPI to D0
[    4.923917] uhci_hcd 0000:00:1d.2: PCI INT C -> GSI 18 (level, low) -> IRQ 18
[    4.924013] uhci_hcd 0000:00:1d.2: setting latency timer to 64
[    4.924016] uhci_hcd 0000:00:1d.2: UHCI Host Controller
[    4.924146] uhci_hcd 0000:00:1d.2: new USB bus registered, assigned bus number 7
[    4.924308] uhci_hcd 0000:00:1d.2: irq 18, io base 0x000018e0
[    4.924421] usb usb7: New USB device found, idVendor=1d6b, idProduct=0001
[    4.924512] usb usb7: New USB device strings: Mfr=3, Product=2, SerialNumber=1
[    4.924635] usb usb7: Product: UHCI Host Controller
[    4.924731] usb usb7: Manufacturer: Linux 2.6.32.57 uhci_hcd
[    4.924825] usb usb7: SerialNumber: 0000:00:1d.2
[    4.925618] usb usb7: configuration #1 chosen from 1 choice
[    4.925745] hub 7-0:1.0: USB hub found
[    4.925840] hub 7-0:1.0: 2 ports detected
[    4.926001] sl811: driver sl811-hcd, 19 May 2005
[    4.926116] r8a66597_hcd: driver r8a66597_hcd, 2009-05-26
[    4.926302] Initializing USB Mass Storage driver...
[    4.926437] usbcore: registered new interface driver usb-storage
[    4.926527] USB Mass Storage support registered.
[    4.926632] usbcore: registered new interface driver ums-alauda
[    4.926737] usbcore: registered new interface driver ums-cypress
[    4.926846] usbcore: registered new interface driver ums-datafab
[    4.926966] usbcore: registered new interface driver ums-freecom
[    4.927072] usbcore: registered new interface driver ums-isd200
[    4.927189] usbcore: registered new interface driver ums-jumpshot
[    4.927311] usbcore: registered new interface driver ums-karma
[    4.927418] usbcore: registered new interface driver ums-onetouch
[    4.927526] usbcore: registered new interface driver ums-sddr09
[    4.927636] usbcore: registered new interface driver ums-sddr55
[    4.927744] usbcore: registered new interface driver ums-usbat
[    4.927896] PNP: PS/2 Controller [PNP0303:KBD,PNP0f13:MOU] at 0x60,0x64 irq 1,12
[    4.936604] serio: i8042 KBD port at 0x60,0x64 irq 1
[    4.936700] serio: i8042 AUX port at 0x60,0x64 irq 12
[    4.936947] mice: PS/2 mouse device common for all mice
[    4.937059] i2c /dev entries driver
[    4.937190] md: linear personality registered for level -1
[    4.937296] md: raid0 personality registered for level 0
[    4.937383] md: raid1 personality registered for level 1
[    4.937473] md: raid10 personality registered for level 10
[    4.937562] md: raid6 personality registered for level 6
[    4.937647] md: raid5 personality registered for level 5
[    4.937748] md: raid4 personality registered for level 4
[    4.937842] md: multipath personality registered for level -4
[    4.938037] device-mapper: ioctl: 4.15.0-ioctl (2009-04-01) initialised: dm-devel@redhat.com
[    4.938231] cpuidle: using governor ladder
[    4.938836] usbcore: registered new interface driver usbhid
[    4.938936] usbhid: v2.6:USB HID core driver
[    4.939094] random 0014 0000 0000 00000000 00000000: rand_read_num 4 get_random_bytes(136): sig 00000000 00000000 00000000
[    4.939096] random 0014 0000 0000 00000000 00000000: extract_entropy(.. 136 ..)
[    4.939099] random 0014 0000 0000 00000000 00000000: going to reseed nonblocking with 1024 bits (1088 of 0 requested)
[    4.939101] random 0014 0000 0000 00000000 00000000: extract_entropy(.. 128 ..)
[    4.939104] random 0014 0000 0000 00000000 00000000: trying to extract 1024 bits from input
[    4.939106] random 0014 0000 0000 00000000 00000000: debiting 0 entropy credits from input
[    4.939108] random 0014 0000 0000 00000000 00000000: extract_entropy account returned: 0 
[    4.939111] random 0014 0000 0000 00000000 00000000: urand_change_num 7 xfer_secondary_pool(136): pool_sig 00000000, data_sig 00000000, bytes_mixed 0 00000000 00000000
[    4.939114] random 0014 0000 0000 00000000 00000000: trying to extract 1088 bits from nonblocking
[    4.939116] random 0014 0000 0000 00000000 00000000: debiting 1088 entropy credits from nonblocking (unlimited)
[    4.939118] random 0014 0000 0000 00000000 00000000: extract_entropy account returned: 136 
[    4.939123] random 0014 0000 0000 00000000 00000000: urand_change_num 8 extract_buf: pool_sig 00000000, data_sig fffffff9, bytes_mixed 20 00000000 00000000
[    4.939128] random 0014 0000 0000 b7c35b56 be4dc95d: urand_change_num 9 extract_buf: pool_sig fffffd1e, data_sig 000000c5, bytes_mixed 20 b7c35b56 be4dc95d
[    4.939134] random 0014 0000 0000 ed9f5c47 c48487fb: urand_change_num 10 extract_buf: pool_sig fffff8ec, data_sig ffffff68, bytes_mixed 20 ed9f5c47 c48487fb
[    4.939139] random 0014 0000 0000 ed9f5c47 c48487fb: urand_change_num 11 extract_buf: pool_sig fffffaed, data_sig 000001aa, bytes_mixed 20 ed9f5c47 c48487fb
[    4.939144] random 0014 0000 0000 1b4f7c0a 91bd6a48: urand_change_num 12 extract_buf: pool_sig fffffdd8, data_sig 00000064, bytes_mixed 20 1b4f7c0a 91bd6a48
[    4.939149] random 0014 0000 0000 a254b9bc 20e9a24f: urand_change_num 13 extract_buf: pool_sig fffffbe6, data_sig 000001dd, bytes_mixed 20 a254b9bc 20e9a24f
[    4.939155] random 0014 0000 0000 a254b9bc 20e9a24f: urand_change_num 14 extract_buf: pool_sig fffff940, data_sig fffffe20, bytes_mixed 20 a254b9bc 20e9a24f
[    4.939160] random 0014 0000 0000 2831a66b 5fa2a3ad: urand_change_num 15 extract_buf: pool_sig fffffbce, data_sig 0000007e, bytes_mixed 20 2831a66b 5fa2a3ad
[    4.939165] random 0014 0000 0000 2831a66b 5fa2a3ad: urand_change_num 16 extract_buf: pool_sig 000004df, data_sig fffffe8f, bytes_mixed 20 2831a66b 5fa2a3ad
[    4.939171] random 0014 0000 0000 d4512bfd c9a54e0b: urand_change_num 17 extract_buf: pool_sig 00000485, data_sig fffffe68, bytes_mixed 20 d4512bfd c9a54e0b
[    4.939176] random 0014 0000 0000 c7371be6 f9ffea11: urand_change_num 18 extract_buf: pool_sig 00000095, data_sig ffffffed, bytes_mixed 20 c7371be6 f9ffea11
[    4.939181] random 0014 0000 0000 c7371be6 f9ffea11: urand_change_num 19 extract_buf: pool_sig 000003a7, data_sig fffffefa, bytes_mixed 20 c7371be6 f9ffea11
[    4.939186] random 0014 0000 0000 8fb4b62c d1ddba54: urand_change_num 20 extract_buf: pool_sig 00000179, data_sig ffffff78, bytes_mixed 20 8fb4b62c d1ddba54
[    4.939191] random 0014 0000 0000 9ff19f9c c07a1d2a: urand_change_num 21 extract_buf: pool_sig fffffe88, data_sig 00000126, bytes_mixed 20 9ff19f9c c07a1d2a
[    4.939196] TCP cubic registered
[    4.939293] Initializing XFRM netlink socket
[    4.939394] NET: Registered protocol family 17
[    4.939497] Using IPI Shortcut mode
[    4.939585] random 0014 0000 0000 9ff19f9c c07a1d2a: rand_read_num 5 get_random_bytes(8): sig 0000031b 9ff19f9c c07a1d2a
[    4.939587] random 0014 0000 0000 9ff19f9c c07a1d2a: extract_entropy(.. 8 ..)
[    4.939590] random 0014 0000 0000 9ff19f9c c07a1d2a: going to reseed nonblocking with 64 bits (64 of 0 requested)
[    4.939592] random 0014 0000 0000 9ff19f9c c07a1d2a: extract_entropy(.. 8 ..)
[    4.939594] random 0014 0000 0000 9ff19f9c c07a1d2a: trying to extract 64 bits from input
[    4.939596] random 0014 0000 0000 9ff19f9c c07a1d2a: debiting 0 entropy credits from input
[    4.939598] random 0014 0000 0000 9ff19f9c c07a1d2a: extract_entropy account returned: 0 
[    4.939601] random 0014 0000 0000 9ff19f9c c07a1d2a: urand_change_num 22 xfer_secondary_pool(8): pool_sig 0000031b, data_sig 00000000, bytes_mixed 0 9ff19f9c c07a1d2a
[    4.939604] random 0014 0000 0000 9ff19f9c c07a1d2a: trying to extract 64 bits from nonblocking
[    4.939606] random 0014 0000 0000 9ff19f9c c07a1d2a: debiting 64 entropy credits from nonblocking (unlimited)
[    4.939609] random 0014 0000 0000 9ff19f9c c07a1d2a: extract_entropy account returned: 8 
[    4.939613] random 0014 0000 0000 9ff19f9c c07a1d2a: urand_change_num 23 extract_buf: pool_sig 0000031b, data_sig ffffffb3, bytes_mixed 20 9ff19f9c c07a1d2a
[    4.942173] input: AT Translated Set 2 keyboard as /devices/platform/i8042/serio0/input/input1
[    5.131231] ata3: SATA link down (SStatus 0 SControl 300)
[    5.131349] ata1: SATA link up 1.5 Gbps (SStatus 113 SControl 300)
[    5.133653] ata1.00: ACPI cmd ef/02:00:00:00:00:a0 (SET FEATURES) succeeded
[    5.133656] ata1.00: ACPI cmd f5/00:00:00:00:00:a0 (SECURITY FREEZE LOCK) filtered out
[    5.135048] ata1.00: ACPI cmd ef/5f:00:00:00:00:a0 (SET FEATURES) succeeded
[    5.135050] ata1.00: ACPI cmd ef/10:03:00:00:00:a0 (SET FEATURES) filtered out
[    5.136957] ata1.00: ATA-7: ST910021AS, 4.06, max UDMA/100
[    5.137044] ata1.00: 195371568 sectors, multi 16: LBA48 
[    5.139196] ata1.00: ACPI cmd ef/02:00:00:00:00:a0 (SET FEATURES) succeeded
[    5.139198] ata1.00: ACPI cmd f5/00:00:00:00:00:a0 (SECURITY FREEZE LOCK) filtered out
[    5.140593] ata1.00: ACPI cmd ef/5f:00:00:00:00:a0 (SET FEATURES) succeeded
[    5.140595] ata1.00: ACPI cmd ef/10:03:00:00:00:a0 (SET FEATURES) filtered out
[    5.142518] ata1.00: configured for UDMA/100
[    5.153283] scsi 2:0:0:0: Direct-Access     ATA      ST910021AS       4.06 PQ: 0 ANSI: 5
[    5.153565] sd 2:0:0:0: [sda] 195371568 512-byte logical blocks: (100 GB/93.1 GiB)
[    5.153714] sd 2:0:0:0: [sda] Write Protect is off
[    5.153803] sd 2:0:0:0: [sda] Mode Sense: 00 3a 00 00
[    5.153815] sd 2:0:0:0: [sda] Write cache: enabled, read cache: enabled, doesn't support DPO or FUA
[    5.154007]  sda:
[    5.220210] usb 2-1: new high speed USB device using ehci_hcd and address 2
[    5.356322] usb 2-1: New USB device found, idVendor=0e8d, idProduct=1806
[    5.356411] usb 2-1: New USB device strings: Mfr=1, Product=2, SerialNumber=3
[    5.356500] usb 2-1: Product: MT1806 
[    5.356583] usb 2-1: Manufacturer: MediaTek Inc
[    5.356666] usb 2-1: SerialNumber: R8KN6GAC800AEB 
[    5.356801] usb 2-1: configuration #1 chosen from 1 choice
[    5.360362] scsi5 : SCSI emulation for USB Mass Storage devices
[    5.360530] usb-storage: device found at 2
[    5.360531] usb-storage: waiting for device to settle before scanning
[    5.573173] random 0014 0000 0000 277f73c3 42024bb9: add_disk_randomness(8:0) 277f73c3 42024bb9
[    5.573177] random 0014 0000 0000 277f73c3 42024bb9: add_timer_randomness(.. 8388864) with jiffies: 13609823038202413453, cycles: -4836921039801810933
[    5.573180] random 0014 0000 0000 277f73c3 42024bb9: added 11 entropy credits to input
[    5.573184]  sda1 sda2
[    5.573744] random 0025 0000 0000 277f73c3 42024bb9: add_disk_randomness(8:0) 277f73c3 42024bb9
[    5.573748] random 0025 0000 0000 277f73c3 42024bb9: add_timer_randomness(.. 8388864) with jiffies: 13614973133487047053, cycles: -4831770944517177333
[    5.573902] sd 2:0:0:0: [sda] Attached SCSI disk
[    5.574005] random 0025 0000 0000 277f73c3 42024bb9: rand_read_num 6 get_random_bytes(12): sig 000007e9 277f73c3 42024bb9
[    5.574007] random 0025 0000 0000 277f73c3 42024bb9: extract_entropy(.. 12 ..)
[    5.574010] random 0025 0000 0000 277f73c3 42024bb9: going to reseed nonblocking with 96 bits (96 of 0 requested)
[    5.574012] random 0025 0000 0000 277f73c3 42024bb9: extract_entropy(.. 12 ..)
[    5.574014] random 0025 0000 0000 277f73c3 42024bb9: trying to extract 96 bits from input
[    5.574017] random 0025 0000 0000 277f73c3 42024bb9: debiting 0 entropy credits from input
[    5.574019] random 0025 0000 0000 277f73c3 42024bb9: extract_entropy account returned: 0 
[    5.574022] random 0025 0000 0000 277f73c3 42024bb9: urand_change_num 24 xfer_secondary_pool(12): pool_sig 000007e9, data_sig 00000000, bytes_mixed 0 277f73c3 42024bb9
[    5.574025] random 0025 0000 0000 277f73c3 42024bb9: trying to extract 96 bits from nonblocking
[    5.574027] random 0025 0000 0000 277f73c3 42024bb9: debiting 96 entropy credits from nonblocking (unlimited)
[    5.574029] random 0025 0000 0000 277f73c3 42024bb9: extract_entropy account returned: 12 
[    5.574033] random 0025 0000 0000 277f73c3 42024bb9: urand_change_num 25 extract_buf: pool_sig 000007e9, data_sig 00000088, bytes_mixed 20 277f73c3 42024bb9
[    5.574039] random 0025 0000 0000 277f73c3 42024bb9: urand_change_num 26 extract_buf: pool_sig 00000498, data_sig fffffefb, bytes_mixed 20 277f73c3 42024bb9
[    5.574042] RANDOM - __seed init called.
[    5.574043] RANDOM - __seed init called.
[    5.574044] RANDOM - __seed init called.
[    5.574046] RANDOM - __random32 called. Change num 12.  Value: 87f14767	f0d7351	b1e48bd3
[    5.574048] RANDOM - random32_reseed called.  Value: 87f14767	f0d7351	b1e48bd3
[    5.574050] Pid: 1, comm: swapper Not tainted 2.6.32.57 #6
[    5.574142] Call Trace:
[    5.574236]  [<c1923ca4>] ? random32_reseed+0xa0/0xb1
[    5.574332]  [<c1923c04>] ? random32_reseed+0x0/0xb1
[    5.574429]  [<c100111e>] ? do_one_initcall+0x2e/0x180
[    5.574518]  [<c1907265>] ? kernel_init+0xad/0x103
[    5.574610]  [<c19071b8>] ? kernel_init+0x0/0x103
[    5.574703]  [<c1003787>] ? kernel_thread_helper+0x7/0x10
[    5.575226] random 0025 0000 0000 386b4e60 ee4d4880: rand_read_num 7 get_random_bytes(64): sig fffffea5 386b4e60 ee4d4880
[    5.575229] random 0025 0000 0000 386b4e60 ee4d4880: extract_entropy(.. 64 ..)
[    5.575231] random 0025 0000 0000 386b4e60 ee4d4880: going to reseed nonblocking with 512 bits (512 of 0 requested)
[    5.575233] random 0025 0000 0000 386b4e60 ee4d4880: extract_entropy(.. 64 ..)
[    5.575235] random 0025 0000 0000 386b4e60 ee4d4880: trying to extract 512 bits from input
[    5.575238] random 0025 0000 0000 386b4e60 ee4d4880: debiting 0 entropy credits from input
[    5.575240] random 0025 0000 0000 386b4e60 ee4d4880: extract_entropy account returned: 0 
[    5.575243] random 0025 0000 0000 386b4e60 ee4d4880: urand_change_num 27 xfer_secondary_pool(64): pool_sig fffffea5, data_sig 00000000, bytes_mixed 0 386b4e60 ee4d4880
[    5.575246] random 0025 0000 0000 386b4e60 ee4d4880: trying to extract 512 bits from nonblocking
[    5.575248] random 0025 0000 0000 386b4e60 ee4d4880: debiting 512 entropy credits from nonblocking (unlimited)
[    5.575250] random 0025 0000 0000 386b4e60 ee4d4880: extract_entropy account returned: 64 
[    5.575254] random 0025 0000 0000 386b4e60 ee4d4880: urand_change_num 28 extract_buf: pool_sig fffffea5, data_sig 00000173, bytes_mixed 20 386b4e60 ee4d4880
[    5.575260] random 0025 0000 0000 412698f6 0cc8689a: urand_change_num 29 extract_buf: pool_sig 00000122, data_sig ffffff63, bytes_mixed 20 412698f6 0cc8689a
[    5.575265] random 0025 0000 0000 412698f6 0cc8689a: urand_change_num 30 extract_buf: pool_sig 000001f7, data_sig 00000012, bytes_mixed 20 412698f6 0cc8689a
[    5.575271] random 0025 0000 0000 9669941e 06f768b1: urand_change_num 31 extract_buf: pool_sig fffffb5b, data_sig 0000003f, bytes_mixed 20 9669941e 06f768b1
[    5.575276] random 0025 0000 0000 98486520 995551f0: urand_change_num 32 extract_buf: pool_sig fffffb39, data_sig 0000000e, bytes_mixed 20 98486520 995551f0
[    5.575281] random 0025 0000 0000 98486520 995551f0: urand_change_num 33 extract_buf: pool_sig fffffd8d, data_sig 000001a6, bytes_mixed 20 98486520 995551f0
[    5.575286] random 0025 0000 0000 61fc8914 d5882ed2: urand_change_num 34 extract_buf: pool_sig fffffa58, data_sig 0000023e, bytes_mixed 20 61fc8914 d5882ed2
[    5.575316] random 0025 0000 0000 61fc8914 d5882ed2: rand_read_num 8 get_random_bytes(64): sig fffff9ee 61fc8914 d5882ed2
[    5.575318] random 0025 0000 0000 61fc8914 d5882ed2: extract_entropy(.. 64 ..)
[    5.575320] random 0025 0000 0000 61fc8914 d5882ed2: going to reseed nonblocking with 512 bits (512 of 0 requested)
[    5.575323] random 0025 0000 0000 61fc8914 d5882ed2: extract_entropy(.. 64 ..)
[    5.575325] random 0025 0000 0000 61fc8914 d5882ed2: trying to extract 512 bits from input
[    5.575327] random 0025 0000 0000 61fc8914 d5882ed2: debiting 0 entropy credits from input
[    5.575329] random 0025 0000 0000 61fc8914 d5882ed2: extract_entropy account returned: 0 
[    5.575332] random 0025 0000 0000 61fc8914 d5882ed2: urand_change_num 35 xfer_secondary_pool(64): pool_sig fffff9ee, data_sig 00000000, bytes_mixed 0 61fc8914 d5882ed2
[    5.575335] random 0025 0000 0000 61fc8914 d5882ed2: trying to extract 512 bits from nonblocking
[    5.575337] random 0025 0000 0000 61fc8914 d5882ed2: debiting 512 entropy credits from nonblocking (unlimited)
[    5.575340] random 0025 0000 0000 61fc8914 d5882ed2: extract_entropy account returned: 64 
[    5.575344] random 0025 0000 0000 61fc8914 d5882ed2: urand_change_num 36 extract_buf: pool_sig fffff9ee, data_sig ffffff85, bytes_mixed 20 61fc8914 d5882ed2
[    5.575349] random 0025 0000 0000 70cfd302 e5edec11: urand_change_num 37 extract_buf: pool_sig fffffdc1, data_sig ffffffde, bytes_mixed 20 70cfd302 e5edec11
[    5.575354] random 0025 0000 0000 00dab838 eafd2b30: urand_change_num 38 extract_buf: pool_sig 000003da, data_sig ffffff61, bytes_mixed 20 00dab838 eafd2b30
[    5.575360] random 0025 0000 0000 00dab838 eafd2b30: urand_change_num 39 extract_buf: pool_sig 00000314, data_sig 00000121, bytes_mixed 20 00dab838 eafd2b30
[    5.575365] random 0025 0000 0000 5fcdf66a 6442b608: urand_change_num 40 extract_buf: pool_sig 0000028b, data_sig fffffefd, bytes_mixed 20 5fcdf66a 6442b608
[    5.575370] random 0025 0000 0000 61333f6b 8fae0f9b: urand_change_num 41 extract_buf: pool_sig 000000cb, data_sig 000000b3, bytes_mixed 20 61333f6b 8fae0f9b
[    5.575375] random 0025 0000 0000 61333f6b 8fae0f9b: urand_change_num 42 extract_buf: pool_sig fffffef8, data_sig 00000051, bytes_mixed 20 61333f6b 8fae0f9b
[    5.575378] BEGIN NET_SECRET:
[    5.575379] \xffffffe0
[    5.575380] \xffffffb6
[    5.575381] \x36
[    5.575382] \xffffffb5
[    5.575383] \xffffff94
[    5.575383] \xffffffb2
[    5.575384] \xffffffa8
[    5.575385] \xffffffda
[    5.575386] \x5b
[    5.575387] \x19
[    5.575387] \x18
[    5.575388] \x5c
[    5.575389] \x2b
[    5.575390] \x1
[    5.575390] \xffffff90
[    5.575391] \x19
[    5.575392] \x3c
[    5.575393] \xfffffff2
[    5.575393] \xffffff82
[    5.575394] \x2a
[    5.575395] \xffffffb3
[    5.575396] \xffffffa2
[    5.575397] \x3f
[    5.575397] \x5
[    5.575398] \x52
[    5.575399] \x77
[    5.575400] \x57
[    5.575400] \x79
[    5.575401] \x16
[    5.575402] \x43
[    5.575402] \xffffff84
[    5.575403] \xffffffc3
[    5.575404] \xffffffe9
[    5.575405] \x79
[    5.575406] \x50
[    5.575406] \xffffff8e
[    5.575407] \x3f
[    5.575408] \xfffffff3
[    5.575409] \x19
[    5.575410] \x2a
[    5.575411] \xfffffffd
[    5.575411] \xfffffffb
[    5.575412] \x62
[    5.575413] \x3c
[    5.575414] \xffffffac
[    5.575415] \x1c
[    5.575415] \x3b
[    5.575416] \x3b
[    5.575417] \x15
[    5.575417] \x27
[    5.575418] \xffffffa8
[    5.575419] \x22
[    5.575420] \xffffffc5
[    5.575421] \xffffff9a
[    5.575421] \x5
[    5.575422] \x6c
[    5.575423] \xffffffa8
[    5.575424] \x3a
[    5.575424] \x44
[    5.575425] \xffffffaf
[    5.575426] \x13
[    5.575427] \xffffffe0
[    5.575427] \xffffff9d
[    5.575428] \x22
[    5.575429] 
[    5.575429] END NET_SECRET
[    5.575432] random 0025 0000 0000 e7f555d9 e8ce5c3c: rand_read_num 9 get_random_bytes(4): sig 0000068c e7f555d9 e8ce5c3c
[    5.575434] random 0025 0000 0000 e7f555d9 e8ce5c3c: extract_entropy(.. 4 ..)
[    5.575437] random 0025 0000 0000 e7f555d9 e8ce5c3c: going to reseed nonblocking with 64 bits (32 of 0 requested)
[    5.575439] random 0025 0000 0000 e7f555d9 e8ce5c3c: extract_entropy(.. 8 ..)
[    5.575441] random 0025 0000 0000 e7f555d9 e8ce5c3c: trying to extract 64 bits from input
[    5.575443] random 0025 0000 0000 e7f555d9 e8ce5c3c: debiting 0 entropy credits from input
[    5.575445] random 0025 0000 0000 e7f555d9 e8ce5c3c: extract_entropy account returned: 0 
[    5.575448] random 0025 0000 0000 e7f555d9 e8ce5c3c: urand_change_num 43 xfer_secondary_pool(4): pool_sig 0000068c, data_sig 00000000, bytes_mixed 0 e7f555d9 e8ce5c3c
[    5.575451] random 0025 0000 0000 e7f555d9 e8ce5c3c: trying to extract 32 bits from nonblocking
[    5.575454] random 0025 0000 0000 e7f555d9 e8ce5c3c: debiting 32 entropy credits from nonblocking (unlimited)
[    5.575456] random 0025 0000 0000 e7f555d9 e8ce5c3c: extract_entropy account returned: 4 
[    5.575460] random 0025 0000 0000 e7f555d9 e8ce5c3c: urand_change_num 44 extract_buf: pool_sig 0000068c, data_sig fffffdcb, bytes_mixed 20 e7f555d9 e8ce5c3c
[    5.575471] md: Waiting for all devices to be available before autodetect
[    5.575566] md: If you don't use raid, use raid=noautodetect
[    5.575741] md: Autodetecting RAID arrays.
[    5.575827] md: Scanned 0 and added 0 devices.
[    5.575915] md: autorun ...
[    5.576007] md: ... autorun DONE.
[    5.597703] random 0025 0000 0000 e7f555d9 e8ce5c3c: add_disk_randomness(8:0) e7f555d9 e8ce5c3c
[    5.597706] random 0025 0000 0000 e7f555d9 e8ce5c3c: add_timer_randomness(.. 8388864) with jiffies: 13830541918644961701, cycles: -4616202159359262709
[    5.597709] random 0025 0000 0000 e7f555d9 e8ce5c3c: added 4 entropy credits to input
[    5.598827] random 0029 0000 0000 e7f555d9 e8ce5c3c: add_disk_randomness(8:0) e7f555d9 e8ce5c3c
[    5.598830] random 0029 0000 0000 e7f555d9 e8ce5c3c: add_timer_randomness(.. 8388864) with jiffies: 13840652383328895398, cycles: -4606091694675329013
[    5.605910] random 0029 0000 0000 e7f555d9 e8ce5c3c: add_disk_randomness(8:0) e7f555d9 e8ce5c3c
[    5.605913] random 0029 0000 0000 e7f555d9 e8ce5c3c: add_timer_randomness(.. 8388864) with jiffies: 13904387833985728941, cycles: -4542356244018495477
[    5.605916] random 0029 0000 0000 e7f555d9 e8ce5c3c: added 2 entropy credits to input
[    5.605920] EXT3-fs: sda2: couldn't mount because of unsupported optional features (240).
[    5.606146] random 0031 0000 0000 e7f555d9 e8ce5c3c: add_disk_randomness(8:0) e7f555d9 e8ce5c3c
[    5.606149] random 0031 0000 0000 e7f555d9 e8ce5c3c: add_timer_randomness(.. 8388864) with jiffies: 13906510604391907757, cycles: -4540233473612316661
[    5.606157] EXT2-fs: sda2: couldn't mount because of unsupported optional features (240).
[    5.606382] random 0031 0000 0000 e7f555d9 e8ce5c3c: add_disk_randomness(8:0) e7f555d9 e8ce5c3c
[    5.606385] random 0031 0000 0000 e7f555d9 e8ce5c3c: add_timer_randomness(.. 8388864) with jiffies: 13908625433403556270, cycles: -4538118644600668149
[    5.606516] random 0031 0000 0000 e7f555d9 e8ce5c3c: add_disk_randomness(8:0) e7f555d9 e8ce5c3c
[    5.606519] random 0031 0000 0000 e7f555d9 e8ce5c3c: add_timer_randomness(.. 8388864) with jiffies: 13909834805999796654, cycles: -4536909272004427765
[    5.606669] random 0031 0000 0000 e7f555d9 e8ce5c3c: add_disk_randomness(8:0) e7f555d9 e8ce5c3c
[    5.606672] random 0031 0000 0000 e7f555d9 e8ce5c3c: add_timer_randomness(.. 8388864) with jiffies: 13911210990830846382, cycles: -4535533087173378037
[    5.606794] random 0031 0000 0000 e7f555d9 e8ce5c3c: add_disk_randomness(8:0) e7f555d9 e8ce5c3c
[    5.606797] random 0031 0000 0000 e7f555d9 e8ce5c3c: add_timer_randomness(.. 8388864) with jiffies: 13912339003861598638, cycles: -4534405074142625781
[    5.606914] random 0031 0000 0000 e7f555d9 e8ce5c3c: add_disk_randomness(8:0) e7f555d9 e8ce5c3c
[    5.606917] random 0031 0000 0000 e7f555d9 e8ce5c3c: add_timer_randomness(.. 8388864) with jiffies: 13913419759367193006, cycles: -4533324318637031413
[    5.607026] random 0031 0000 0000 e7f555d9 e8ce5c3c: add_disk_randomness(8:0) e7f555d9 e8ce5c3c
[    5.607029] random 0031 0000 0000 e7f555d9 e8ce5c3c: add_timer_randomness(.. 8388864) with jiffies: 13914428896293126574, cycles: -4532315181711097845
[    5.607133] random 0031 0000 0000 e7f555d9 e8ce5c3c: add_disk_randomness(8:0) e7f555d9 e8ce5c3c
[    5.607136] random 0031 0000 0000 e7f555d9 e8ce5c3c: add_timer_randomness(.. 8388864) with jiffies: 13915397630461706670, cycles: -4531346447542517749
[    5.607253] random 0031 0000 0000 e7f555d9 e8ce5c3c: add_disk_randomness(8:0) e7f555d9 e8ce5c3c
[    5.607256] random 0031 0000 0000 e7f555d9 e8ce5c3c: add_timer_randomness(.. 8388864) with jiffies: 13916456915425788335, cycles: -4530287162578436085
[    5.607496] random 0031 0000 0000 e7f555d9 e8ce5c3c: rand_read_num 10 get_random_bytes(4): sig ffffff72 e7f555d9 e8ce5c3c
[    5.607498] random 0031 0000 0000 e7f555d9 e8ce5c3c: extract_entropy(.. 4 ..)
[    5.607501] random 0031 0000 0000 e7f555d9 e8ce5c3c: going to reseed nonblocking with 64 bits (32 of 0 requested)
[    5.607503] random 0031 0000 0000 e7f555d9 e8ce5c3c: extract_entropy(.. 8 ..)
[    5.607505] random 0031 0000 0000 e7f555d9 e8ce5c3c: trying to extract 64 bits from input
[    5.607507] random 0031 0000 0000 e7f555d9 e8ce5c3c: debiting 0 entropy credits from input
[    5.607509] random 0031 0000 0000 e7f555d9 e8ce5c3c: extract_entropy account returned: 0 
[    5.607512] random 0031 0000 0000 e7f555d9 e8ce5c3c: urand_change_num 45 xfer_secondary_pool(4): pool_sig ffffff72, data_sig 00000000, bytes_mixed 0 e7f555d9 e8ce5c3c
[    5.607515] random 0031 0000 0000 e7f555d9 e8ce5c3c: trying to extract 32 bits from nonblocking
[    5.607518] random 0031 0000 0000 e7f555d9 e8ce5c3c: debiting 32 entropy credits from nonblocking (unlimited)
[    5.607520] random 0031 0000 0000 e7f555d9 e8ce5c3c: extract_entropy account returned: 4 
[    5.607524] random 0031 0000 0000 e7f555d9 e8ce5c3c: urand_change_num 46 extract_buf: pool_sig ffffff72, data_sig ffffff72, bytes_mixed 20 e7f555d9 e8ce5c3c
[    5.612157] random 0031 0000 0000 91716c54 eeb6a1e7: add_disk_randomness(8:0) 91716c54 eeb6a1e7
[    5.612160] random 0031 0000 0000 91716c54 eeb6a1e7: add_timer_randomness(.. 8388864) with jiffies: 13960585385109848500, cycles: -4486158692894375925
[    5.612163] random 0031 0000 0000 91716c54 eeb6a1e7: added 1 entropy credits to input
[    5.630430] random 0032 0000 0000 91716c54 eeb6a1e7: add_disk_randomness(8:0) 91716c54 eeb6a1e7
[    5.630433] random 0032 0000 0000 91716c54 eeb6a1e7: add_timer_randomness(.. 8388864) with jiffies: 14125000194944369094, cycles: -4321743883059855349
[    5.630436] random 0032 0000 0000 91716c54 eeb6a1e7: added 3 entropy credits to input
[    5.635186] EXT4-fs (sda2): mounted filesystem with ordered data mode
[    5.635389] VFS: Mounted root (ext4 filesystem) readonly on device 8:2.
[    5.635497] Freeing unused kernel memory: 448k freed
[    5.655574] random 0035 0000 0000 91716c54 eeb6a1e7: add_disk_randomness(8:0) 91716c54 eeb6a1e7
[    5.655577] random 0035 0000 0000 91716c54 eeb6a1e7: add_timer_randomness(.. 8388864) with jiffies: 14351237790534697439, cycles: -4095506287469527029
[    5.655580] random 0035 0000 0000 91716c54 eeb6a1e7: added 2 entropy credits to input
[    5.656346] random 0037 0000 0000 91716c54 eeb6a1e7: add_disk_randomness(8:0) 91716c54 eeb6a1e7
[    5.656349] random 0037 0000 0000 91716c54 eeb6a1e7: add_timer_randomness(.. 8388864) with jiffies: 14358182031097823712, cycles: -4088562046906400757
[    5.661031] random 0037 0000 0000 91716c54 eeb6a1e7: add_disk_randomness(8:0) 91716c54 eeb6a1e7
[    5.661034] random 0037 0000 0000 91716c54 eeb6a1e7: add_timer_randomness(.. 8388864) with jiffies: 14400338178785116644, cycles: -4046405899219107829
[    5.661036] random 0037 0000 0000 91716c54 eeb6a1e7: added 1 entropy credits to input
[    5.669236] random 0038 0000 0000 91716c54 eeb6a1e7: add_disk_randomness(8:0) 91716c54 eeb6a1e7
[    5.669239] random 0038 0000 0000 91716c54 eeb6a1e7: add_timer_randomness(.. 8388864) with jiffies: 14474157173270872557, cycles: -3972586904733351925
[    5.669242] random 0038 0000 0000 91716c54 eeb6a1e7: added 1 entropy credits to input
[    5.672654] random 0039 0000 0000 91716c54 eeb6a1e7: add_disk_randomness(8:0) 91716c54 eeb6a1e7
[    5.672657] random 0039 0000 0000 91716c54 eeb6a1e7: add_timer_randomness(.. 8388864) with jiffies: 14504912124112503280, cycles: -3941831953891721205
[    5.672659] random 0039 0000 0000 91716c54 eeb6a1e7: added 1 entropy credits to input
[    5.681549] random 0040 0000 0000 91716c54 eeb6a1e7: add_disk_randomness(8:0) 91716c54 eeb6a1e7
[    5.681552] random 0040 0000 0000 91716c54 eeb6a1e7: add_timer_randomness(.. 8388864) with jiffies: 14584948663579804153, cycles: -3861795414424420341
[    5.681555] random 0040 0000 0000 91716c54 eeb6a1e7: added 2 entropy credits to input
[    5.694828] random 0042 0000 0000 91716c54 eeb6a1e7: add_disk_randomness(8:0) 91716c54 eeb6a1e7
[    5.694831] random 0042 0000 0000 91716c54 eeb6a1e7: add_timer_randomness(.. 8388864) with jiffies: 14704427403849728518, cycles: -3742316674154495989
[    5.694833] random 0042 0000 0000 91716c54 eeb6a1e7: added 1 entropy credits to input
[    5.702903] random 0043 0000 0000 91716c54 eeb6a1e7: add_disk_randomness(8:0) 91716c54 eeb6a1e7
[    5.702906] random 0043 0000 0000 91716c54 eeb6a1e7: add_timer_randomness(.. 8388864) with jiffies: 14777087624748958222, cycles: -3669656453255266293
[    5.702909] random 0043 0000 0000 91716c54 eeb6a1e7: added 2 entropy credits to input
[    5.702933] RANDOM get_random_int call with cycles 50685255810, jiffies 4294672910 and pid 1
[    5.702936] RANDOM get_random_int call with cycles 50685263160, jiffies 4294672910 and pid 1
[    5.702938] ASLR stack rand value: 5332992 after shift for pid: 1
[    5.702939] RANDOM get_random_int call with cycles 50685270856, jiffies 4294672910 and pid 1
[    5.714550] random 0045 0000 0000 91716c54 eeb6a1e7: add_disk_randomness(8:0) 91716c54 eeb6a1e7
[    5.714553] random 0045 0000 0000 91716c54 eeb6a1e7: add_timer_randomness(.. 8388864) with jiffies: 14881877722895450650, cycles: -3564866355108773877
[    5.714556] random 0045 0000 0000 91716c54 eeb6a1e7: added 2 entropy credits to input
[    5.714566] RANDOM get_random_int call with cycles 50709625071, jiffies 4294672922 and pid 1
[    5.714571] random 0047 0000 0000 91716c54 eeb6a1e7: rand_read_num 11 get_random_bytes(16): sig fffffcad 91716c54 eeb6a1e7
[    5.714574] random 0047 0000 0000 91716c54 eeb6a1e7: extract_entropy(.. 16 ..)
[    5.714576] random 0047 0000 0000 91716c54 eeb6a1e7: going to reseed nonblocking with 128 bits (128 of 0 requested)
[    5.714579] random 0047 0000 0000 91716c54 eeb6a1e7: extract_entropy(.. 16 ..)
[    5.714581] random 0047 0000 0000 91716c54 eeb6a1e7: trying to extract 128 bits from input
[    5.714583] random 0047 0000 0000 91716c54 eeb6a1e7: debiting 0 entropy credits from input
[    5.714585] random 0047 0000 0000 91716c54 eeb6a1e7: extract_entropy account returned: 0 
[    5.714588] random 0047 0000 0000 91716c54 eeb6a1e7: urand_change_num 47 xfer_secondary_pool(16): pool_sig fffffcad, data_sig 00000000, bytes_mixed 0 91716c54 eeb6a1e7
[    5.714591] random 0047 0000 0000 91716c54 eeb6a1e7: trying to extract 128 bits from nonblocking
[    5.714594] random 0047 0000 0000 91716c54 eeb6a1e7: debiting 128 entropy credits from nonblocking (unlimited)
[    5.714596] random 0047 0000 0000 91716c54 eeb6a1e7: extract_entropy account returned: 16 
[    5.714600] random 0047 0000 0000 91716c54 eeb6a1e7: urand_change_num 48 extract_buf: pool_sig fffffcad, data_sig ffffff19, bytes_mixed 20 91716c54 eeb6a1e7
[    5.714606] random 0047 0000 0000 fd637b06 6cf47bc1: urand_change_num 49 extract_buf: pool_sig fffffede, data_sig ffffffc1, bytes_mixed 20 fd637b06 6cf47bc1
[    5.715559] random 0047 0000 0000 fd637b06 6cf47bc1: add_disk_randomness(8:0) fd637b06 6cf47bc1
[    5.715563] random 0047 0000 0000 fd637b06 6cf47bc1: add_timer_randomness(.. 8388864) with jiffies: 14890958396155724315, cycles: -3555785681848500213
[    5.716702] random 0047 0000 0000 fd637b06 6cf47bc1: add_disk_randomness(8:0) fd637b06 6cf47bc1
[    5.716705] random 0047 0000 0000 fd637b06 6cf47bc1: add_timer_randomness(.. 8388864) with jiffies: 14901243614468997660, cycles: -3545500463535226869
[    5.717855] random 0047 0000 0000 fd637b06 6cf47bc1: add_disk_randomness(8:0) fd637b06 6cf47bc1
[    5.717858] random 0047 0000 0000 fd637b06 6cf47bc1: add_timer_randomness(.. 8388864) with jiffies: 14911614517379826205, cycles: -3535129560624398325
[    5.718733] random 0047 0000 0000 fd637b06 6cf47bc1: add_disk_randomness(8:0) fd637b06 6cf47bc1
[    5.718736] random 0047 0000 0000 fd637b06 6cf47bc1: add_timer_randomness(.. 8388864) with jiffies: 14919516982326559262, cycles: -3527227095677665269
[    5.727545] random 0047 0000 0000 fd637b06 6cf47bc1: add_disk_randomness(8:0) fd637b06 6cf47bc1
[    5.727548] random 0047 0000 0000 fd637b06 6cf47bc1: add_timer_randomness(.. 8388864) with jiffies: 14998795889562845735, cycles: -3447948188441378805
[    5.727550] random 0047 0000 0000 fd637b06 6cf47bc1: added 3 entropy credits to input
[    5.727746] random 0050 0000 0000 fd637b06 6cf47bc1: add_disk_randomness(8:0) fd637b06 6cf47bc1
[    5.727749] random 0050 0000 0000 fd637b06 6cf47bc1: add_timer_randomness(.. 8388864) with jiffies: 15000611140310630951, cycles: -3446132937693593589
[    5.737932] random 0050 0000 0000 fd637b06 6cf47bc1: add_disk_randomness(8:0) fd637b06 6cf47bc1
[    5.737935] random 0050 0000 0000 fd637b06 6cf47bc1: add_timer_randomness(.. 8388864) with jiffies: 15092257268436795953, cycles: -3354486809567428597
[    5.737937] random 0050 0000 0000 fd637b06 6cf47bc1: added 3 entropy credits to input
[    5.738371] random 0053 0000 0000 fd637b06 6cf47bc1: add_disk_randomness(8:0) fd637b06 6cf47bc1
[    5.738374] random 0053 0000 0000 fd637b06 6cf47bc1: add_timer_randomness(.. 8388864) with jiffies: 15096207779355656754, cycles: -3350536298648567797
[    5.748111] random 0053 0000 0000 fd637b06 6cf47bc1: add_disk_randomness(8:0) fd637b06 6cf47bc1
[    5.748114] random 0053 0000 0000 fd637b06 6cf47bc1: add_timer_randomness(.. 8388864) with jiffies: 15183849593507643963, cycles: -3262894484496580597
[    5.748117] random 0053 0000 0000 fd637b06 6cf47bc1: added 3 entropy credits to input
[    5.748173] RANDOM get_random_int call with cycles 50780027256, jiffies 4294672956 and pid 1
[    5.752719] random 0056 0000 0000 fd637b06 6cf47bc1: add_disk_randomness(8:0) fd637b06 6cf47bc1
[    5.752722] random 0056 0000 0000 fd637b06 6cf47bc1: add_timer_randomness(.. 8388864) with jiffies: 15225302762422764096, cycles: -3221441315581460469
[    5.752725] random 0056 0000 0000 fd637b06 6cf47bc1: added 2 entropy credits to input
[    5.765545] random 0058 0000 0000 fd637b06 6cf47bc1: add_disk_randomness(8:0) fd637b06 6cf47bc1
[    5.765548] random 0058 0000 0000 fd637b06 6cf47bc1: add_timer_randomness(.. 8388864) with jiffies: 15340703409770299981, cycles: -3106040668233924597
[    5.765551] random 0058 0000 0000 fd637b06 6cf47bc1: added 3 entropy credits to input
[    5.765681] random 0061 0000 0000 fd637b06 6cf47bc1: add_disk_randomness(8:0) fd637b06 6cf47bc1
[    5.765684] random 0061 0000 0000 fd637b06 6cf47bc1: add_timer_randomness(.. 8388864) with jiffies: 15341932758259434061, cycles: -3104811319744790517
[    5.767846] random 0061 0000 0000 fd637b06 6cf47bc1: add_disk_randomness(8:0) fd637b06 6cf47bc1
[    5.767849] random 0061 0000 0000 fd637b06 6cf47bc1: add_timer_randomness(.. 8388864) with jiffies: 15361409275305624143, cycles: -3085334802698600437
[    5.767851] random 0061 0000 0000 fd637b06 6cf47bc1: added 1 entropy credits to input
[    5.768093] random 0062 0000 0000 fd637b06 6cf47bc1: add_disk_randomness(8:0) fd637b06 6cf47bc1
[    5.768096] random 0062 0000 0000 fd637b06 6cf47bc1: add_timer_randomness(.. 8388864) with jiffies: 15363639913815441999, cycles: -3083104164188782581
[    5.768272] random 0062 0000 0000 fd637b06 6cf47bc1: add_disk_randomness(8:0) fd637b06 6cf47bc1
[    5.768275] random 0062 0000 0000 fd637b06 6cf47bc1: add_timer_randomness(.. 8388864) with jiffies: 15365238384678896208, cycles: -3081505693325328373
[    5.771400] random 0062 0000 0000 fd637b06 6cf47bc1: add_disk_randomness(8:0) fd637b06 6cf47bc1
[    5.771403] random 0062 0000 0000 fd637b06 6cf47bc1: add_timer_randomness(.. 8388864) with jiffies: 15393382210152923731, cycles: -3053361867851300853
[    5.773410] random 0062 0000 0000 fd637b06 6cf47bc1: add_disk_randomness(8:0) fd637b06 6cf47bc1
[    5.773413] random 0062 0000 0000 fd637b06 6cf47bc1: add_timer_randomness(.. 8388864) with jiffies: 15411468244421935701, cycles: -3035275833582288885
[    5.781240] random 0062 0000 0000 fd637b06 6cf47bc1: add_disk_randomness(8:0) fd637b06 6cf47bc1
[    5.781243] random 0062 0000 0000 fd637b06 6cf47bc1: add_timer_randomness(.. 8388864) with jiffies: 15481913748255113821, cycles: -2964830329749110773
[    5.781245] random 0062 0000 0000 fd637b06 6cf47bc1: added 2 entropy credits to input
[    5.781376] random 0064 0000 0000 fd637b06 6cf47bc1: add_disk_randomness(8:0) fd637b06 6cf47bc1
[    5.781379] random 0064 0000 0000 fd637b06 6cf47bc1: add_timer_randomness(.. 8388864) with jiffies: 15483141967167849053, cycles: -2963602110836375541
[    5.784939] random 0064 0000 0000 fd637b06 6cf47bc1: add_disk_randomness(8:0) fd637b06 6cf47bc1
[    5.784942] random 0064 0000 0000 fd637b06 6cf47bc1: add_timer_randomness(.. 8388864) with jiffies: 15515207986841354848, cycles: -2931536091162869749
[    5.784944] random 0064 0000 0000 fd637b06 6cf47bc1: added 1 entropy credits to input
[    5.789433] random 0065 0000 0000 fd637b06 6cf47bc1: add_disk_randomness(8:0) fd637b06 6cf47bc1
[    5.789436] random 0065 0000 0000 fd637b06 6cf47bc1: add_timer_randomness(.. 8388864) with jiffies: 15555638442438918757, cycles: -2891105635565305845
[    5.795013] random 0065 0000 0000 fd637b06 6cf47bc1: add_disk_randomness(8:0) fd637b06 6cf47bc1
[    5.795016] random 0065 0000 0000 fd637b06 6cf47bc1: add_timer_randomness(.. 8388864) with jiffies: 15605854847876432490, cycles: -2840889230127792117
[    5.801294] random 0065 0000 0000 fd637b06 6cf47bc1: add_disk_randomness(8:0) fd637b06 6cf47bc1
[    5.801297] random 0065 0000 0000 fd637b06 6cf47bc1: add_timer_randomness(.. 8388864) with jiffies: 15662359557881692785, cycles: -2784384520122531829
[    5.801300] random 0065 0000 0000 fd637b06 6cf47bc1: added 1 entropy credits to input
[    5.801314] random 0066 0000 0000 fd637b06 6cf47bc1: rand_read_num 12 get_random_bytes(16): sig 0000033b fd637b06 6cf47bc1
[    5.801316] random 0066 0000 0000 fd637b06 6cf47bc1: extract_entropy(.. 16 ..)
[    5.801319] random 0066 0000 0000 fd637b06 6cf47bc1: going to reseed nonblocking with 128 bits (128 of 0 requested)
[    5.801321] random 0066 0000 0000 fd637b06 6cf47bc1: extract_entropy(.. 16 ..)
[    5.801323] random 0066 0000 0000 fd637b06 6cf47bc1: trying to extract 128 bits from input
[    5.801325] random 0066 0000 0000 fd637b06 6cf47bc1: debiting 0 entropy credits from input
[    5.801327] random 0066 0000 0000 fd637b06 6cf47bc1: extract_entropy account returned: 0 
[    5.801331] random 0066 0000 0000 fd637b06 6cf47bc1: urand_change_num 50 xfer_secondary_pool(16): pool_sig 0000033b, data_sig 00000000, bytes_mixed 0 fd637b06 6cf47bc1
[    5.801333] random 0066 0000 0000 fd637b06 6cf47bc1: trying to extract 128 bits from nonblocking
[    5.801336] random 0066 0000 0000 fd637b06 6cf47bc1: debiting 128 entropy credits from nonblocking (unlimited)
[    5.801338] random 0066 0000 0000 fd637b06 6cf47bc1: extract_entropy account returned: 16 
[    5.801342] random 0066 0000 0000 fd637b06 6cf47bc1: urand_change_num 51 extract_buf: pool_sig 0000033b, data_sig 000000d8, bytes_mixed 20 fd637b06 6cf47bc1
[    5.801348] random 0066 0000 0000 0ec1f012 d4727ca8: urand_change_num 52 extract_buf: pool_sig fffffcf5, data_sig 00000016, bytes_mixed 20 0ec1f012 d4727ca8
[    5.808035] random 0066 0000 0000 45b1d0b1 845a73f7: add_disk_randomness(8:0) 45b1d0b1 845a73f7
[    5.808039] random 0066 0000 0000 45b1d0b1 845a73f7: add_timer_randomness(.. 8388864) with jiffies: 15723022449064510071, cycles: -2723721628939714549
[    5.815263] random 0066 0000 0000 45b1d0b1 845a73f7: add_disk_randomness(8:0) 45b1d0b1 845a73f7
[    5.815267] random 0066 0000 0000 45b1d0b1 845a73f7: add_timer_randomness(.. 8388864) with jiffies: 15788045784319754879, cycles: -2658698293684469749
[    5.815269] random 0066 0000 0000 45b1d0b1 845a73f7: added 1 entropy credits to input
[    5.823277] random 0067 0000 0000 45b1d0b1 845a73f7: add_disk_randomness(8:0) 45b1d0b1 845a73f7
[    5.823280] random 0067 0000 0000 45b1d0b1 845a73f7: add_timer_randomness(.. 8388864) with jiffies: 15860150635882840711, cycles: -2586593442121383925
[    5.832676] random 0067 0000 0000 45b1d0b1 845a73f7: add_disk_randomness(8:0) 45b1d0b1 845a73f7
[    5.832679] random 0067 0000 0000 45b1d0b1 845a73f7: add_timer_randomness(.. 8388864) with jiffies: 15944726156918096528, cycles: -2502017921086128117
[    5.835826] random 0067 0000 0000 45b1d0b1 845a73f7: add_disk_randomness(8:0) 45b1d0b1 845a73f7
[    5.835829] random 0067 0000 0000 45b1d0b1 845a73f7: add_timer_randomness(.. 8388864) with jiffies: 15973064896597951123, cycles: -2473679181406273525
[    5.835832] random 0067 0000 0000 45b1d0b1 845a73f7: added 1 entropy credits to input
[    5.850087] random 0068 0000 0000 45b1d0b1 845a73f7: add_disk_randomness(8:0) 45b1d0b1 845a73f7
[    5.850090] random 0068 0000 0000 45b1d0b1 845a73f7: add_timer_randomness(.. 8388864) with jiffies: 16101385381097472673, cycles: -2345358696906751989
[    5.850093] random 0068 0000 0000 45b1d0b1 845a73f7: added 3 entropy credits to input
[    5.855488] random 0071 0000 0000 45b1d0b1 845a73f7: add_disk_randomness(8:0) 45b1d0b1 845a73f7
[    5.855491] random 0071 0000 0000 45b1d0b1 845a73f7: add_timer_randomness(.. 8388864) with jiffies: 16149967422629839527, cycles: -2296776655374385141
[    5.855493] random 0071 0000 0000 45b1d0b1 845a73f7: added 2 entropy credits to input
[    5.860659] random 0073 0000 0000 45b1d0b1 845a73f7: add_disk_randomness(8:0) 45b1d0b1 845a73f7
[    5.860662] random 0073 0000 0000 45b1d0b1 845a73f7: add_timer_randomness(.. 8388864) with jiffies: 16196502319540175532, cycles: -2250241758464049141
[    5.868887] random 0073 0000 0000 45b1d0b1 845a73f7: add_disk_randomness(8:0) 45b1d0b1 845a73f7
[    5.868890] random 0073 0000 0000 45b1d0b1 845a73f7: add_timer_randomness(.. 8388864) with jiffies: 16270531964991931060, cycles: -2176212113012293621
[    5.868893] random 0073 0000 0000 45b1d0b1 845a73f7: added 1 entropy credits to input
[    5.878487] random 0074 0000 0000 45b1d0b1 845a73f7: add_disk_randomness(8:0) 45b1d0b1 845a73f7
[    5.878490] random 0074 0000 0000 45b1d0b1 845a73f7: add_timer_randomness(.. 8388864) with jiffies: 16356908262735184574, cycles: -2089835815269040117
[    5.897989] random 0074 0000 0000 45b1d0b1 845a73f7: add_disk_randomness(8:0) 45b1d0b1 845a73f7
[    5.897992] random 0074 0000 0000 45b1d0b1 845a73f7: add_timer_randomness(.. 8388864) with jiffies: 16532380848125346513, cycles: -1914363229878878197
[    5.897995] random 0074 0000 0000 45b1d0b1 845a73f7: added 2 entropy credits to input
[    5.911274] random 0076 0000 0000 45b1d0b1 845a73f7: add_disk_randomness(8:0) 45b1d0b1 845a73f7
[    5.911277] random 0076 0000 0000 45b1d0b1 845a73f7: add_timer_randomness(.. 8388864) with jiffies: 16651903959702405855, cycles: -1794840118301818869
[    5.911279] random 0076 0000 0000 45b1d0b1 845a73f7: added 2 entropy credits to input
[    5.919296] random 0078 0000 0000 45b1d0b1 845a73f7: add_disk_randomness(8:0) 45b1d0b1 845a73f7
[    5.919299] random 0078 0000 0000 45b1d0b1 845a73f7: add_timer_randomness(.. 8388864) with jiffies: 16724082908041282279, cycles: -1722661169962942453
[    5.929307] random 0078 0000 0000 45b1d0b1 845a73f7: add_disk_randomness(8:0) 45b1d0b1 845a73f7
[    5.929310] random 0078 0000 0000 45b1d0b1 845a73f7: add_timer_randomness(.. 8388864) with jiffies: 16814156541266199281, cycles: -1632587536738025461
[    5.929312] random 0078 0000 0000 45b1d0b1 845a73f7: added 1 entropy credits to input
[    5.942190] random 0079 0000 0000 45b1d0b1 845a73f7: add_disk_randomness(8:0) 45b1d0b1 845a73f7
[    5.942193] random 0079 0000 0000 45b1d0b1 845a73f7: add_timer_randomness(.. 8388864) with jiffies: 16930071927559258878, cycles: -1516672150444965877
[    5.949550] random 0079 0000 0000 45b1d0b1 845a73f7: add_disk_randomness(8:0) 45b1d0b1 845a73f7
[    5.949553] random 0079 0000 0000 45b1d0b1 845a73f7: add_timer_randomness(.. 8388864) with jiffies: 16996295972461708037, cycles: -1450448105542516725
[    5.949555] random 0079 0000 0000 45b1d0b1 845a73f7: added 2 entropy credits to input
[    5.954800] random 0081 0000 0000 45b1d0b1 845a73f7: add_disk_randomness(8:0) 45b1d0b1 845a73f7
[    5.954803] random 0081 0000 0000 45b1d0b1 845a73f7: add_timer_randomness(.. 8388864) with jiffies: 17043536687117599498, cycles: -1403207390886625269
[    5.954805] random 0081 0000 0000 45b1d0b1 845a73f7: added 1 entropy credits to input
[    5.961234] random 0082 0000 0000 45b1d0b1 845a73f7: add_disk_randomness(8:0) 45b1d0b1 845a73f7
[    5.961237] random 0082 0000 0000 45b1d0b1 845a73f7: add_timer_randomness(.. 8388864) with jiffies: 17101419115257234193, cycles: -1345324962746990581
[    5.961239] random 0082 0000 0000 45b1d0b1 845a73f7: added 1 entropy credits to input
[    5.966289] random 0083 0000 0000 45b1d0b1 845a73f7: add_disk_randomness(8:0) 45b1d0b1 845a73f7
[    5.966292] random 0083 0000 0000 45b1d0b1 845a73f7: add_timer_randomness(.. 8388864) with jiffies: 17146906585608192790, cycles: -1299837492396031989
[    5.966295] random 0083 0000 0000 45b1d0b1 845a73f7: added 1 entropy credits to input
[    5.972186] random 0084 0000 0000 45b1d0b1 845a73f7: add_disk_randomness(8:0) 45b1d0b1 845a73f7
[    5.972189] random 0084 0000 0000 45b1d0b1 845a73f7: add_timer_randomness(.. 8388864) with jiffies: 17199963390357504796, cycles: -1246780687646719989
[    5.981537] random 0084 0000 0000 45b1d0b1 845a73f7: add_disk_randomness(8:0) 45b1d0b1 845a73f7
[    5.981540] random 0084 0000 0000 45b1d0b1 845a73f7: add_timer_randomness(.. 8388864) with jiffies: 17284101924240196389, cycles: -1162642153764028405
[    5.981542] random 0084 0000 0000 45b1d0b1 845a73f7: added 1 entropy credits to input
[    5.986416] random 0085 0000 0000 45b1d0b1 845a73f7: add_disk_randomness(8:0) 45b1d0b1 845a73f7
[    5.986419] random 0085 0000 0000 45b1d0b1 845a73f7: add_timer_randomness(.. 8388864) with jiffies: 17327999406288110378, cycles: -1118744671716114421
[    5.986421] random 0085 0000 0000 45b1d0b1 845a73f7: added 2 entropy credits to input
[    5.993849] random 0087 0000 0000 45b1d0b1 845a73f7: add_disk_randomness(8:0) 45b1d0b1 845a73f7
[    5.993852] random 0087 0000 0000 45b1d0b1 845a73f7: add_timer_randomness(.. 8388864) with jiffies: 17394886877608903473, cycles: -1051857200395321333
[    5.993855] random 0087 0000 0000 45b1d0b1 845a73f7: added 1 entropy credits to input
[    6.000067] random 0088 0000 0000 45b1d0b1 845a73f7: add_disk_randomness(8:0) 45b1d0b1 845a73f7
[    6.000070] random 0088 0000 0000 45b1d0b1 845a73f7: add_timer_randomness(.. 8388864) with jiffies: 17450832876793463607, cycles: -995911201210761205
[    6.000226] random 0088 0000 0000 45b1d0b1 845a73f7: add_disk_randomness(8:0) 45b1d0b1 845a73f7
[    6.000229] random 0088 0000 0000 45b1d0b1 845a73f7: add_timer_randomness(.. 8388864) with jiffies: 17452256636977251128, cycles: -994487441026973685
[    6.014630] random 0088 0000 0000 45b1d0b1 845a73f7: add_disk_randomness(8:0) 45b1d0b1 845a73f7
[    6.014634] random 0088 0000 0000 45b1d0b1 845a73f7: add_timer_randomness(.. 8388864) with jiffies: 17581867398371967814, cycles: -864876679632257013
[    6.014636] random 0088 0000 0000 45b1d0b1 845a73f7: added 3 entropy credits to input
[    6.022046] random 0091 0000 0000 45b1d0b1 845a73f7: add_disk_randomness(8:0) 45b1d0b1 845a73f7
[    6.022049] random 0091 0000 0000 45b1d0b1 845a73f7: add_timer_randomness(.. 8388864) with jiffies: 17648597257277899597, cycles: -798146820726325237
[    6.022052] random 0091 0000 0000 45b1d0b1 845a73f7: added 2 entropy credits to input
[    6.031731] random 0093 0000 0000 45b1d0b1 845a73f7: add_disk_randomness(8:0) 45b1d0b1 845a73f7
[    6.031735] random 0093 0000 0000 45b1d0b1 845a73f7: add_timer_randomness(.. 8388864) with jiffies: 17735734795024696151, cycles: -711009282979528693
[    6.031737] random 0093 0000 0000 45b1d0b1 845a73f7: added 1 entropy credits to input
[    6.042360] random 0094 0000 0000 45b1d0b1 845a73f7: add_disk_randomness(8:0) 45b1d0b1 845a73f7
[    6.042363] random 0094 0000 0000 45b1d0b1 845a73f7: add_timer_randomness(.. 8388864) with jiffies: 17831359119428911970, cycles: -615384958575312885
[    6.054876] random 0094 0000 0000 45b1d0b1 845a73f7: add_disk_randomness(8:0) 45b1d0b1 845a73f7
[    6.054879] random 0094 0000 0000 45b1d0b1 845a73f7: add_timer_randomness(.. 8388864) with jiffies: 17943981421152142190, cycles: -502762656852082677
[    6.056082] random 0094 0000 0000 45b1d0b1 845a73f7: add_disk_randomness(8:0) 45b1d0b1 845a73f7
[    6.056085] random 0094 0000 0000 45b1d0b1 845a73f7: add_timer_randomness(.. 8388864) with jiffies: 17954834820689003375, cycles: -491909257315221493
[    6.060098] random 0094 0000 0000 45b1d0b1 845a73f7: add_disk_randomness(8:0) 45b1d0b1 845a73f7
[    6.060101] random 0094 0000 0000 45b1d0b1 845a73f7: add_timer_randomness(.. 8388864) with jiffies: 17990956964527178612, cycles: -455787113477046261
[    6.060104] random 0094 0000 0000 45b1d0b1 845a73f7: added 2 entropy credits to input
[    6.069441] random 0096 0000 0000 45b1d0b1 845a73f7: add_disk_randomness(8:0) 45b1d0b1 845a73f7
[    6.069444] random 0096 0000 0000 45b1d0b1 845a73f7: add_timer_randomness(.. 8388864) with jiffies: 18075023433153610621, cycles: -371720644850614261
[    6.069789] random 0096 0000 0000 45b1d0b1 845a73f7: add_disk_randomness(8:0) 45b1d0b1 845a73f7
[    6.069792] random 0096 0000 0000 45b1d0b1 845a73f7: add_timer_randomness(.. 8388864) with jiffies: 18078159712762430333, cycles: -368584365241794549
[    6.085448] random 0096 0000 0000 45b1d0b1 845a73f7: add_disk_randomness(8:0) 45b1d0b1 845a73f7
[    6.085451] random 0096 0000 0000 45b1d0b1 845a73f7: add_timer_randomness(.. 8388864) with jiffies: 18219043500588761997, cycles: -227700577415462901
[    6.085453] random 0096 0000 0000 45b1d0b1 845a73f7: added 4 entropy credits to input
[    6.087079] random 0100 0000 0000 45b1d0b1 845a73f7: add_disk_randomness(8:0) 45b1d0b1 845a73f7
[    6.087082] random 0100 0000 0000 45b1d0b1 845a73f7: add_timer_randomness(.. 8388864) with jiffies: 18233735973823021966, cycles: -213008104181202933
[    6.087226] random 0100 0000 0000 45b1d0b1 845a73f7: add_disk_randomness(8:0) 45b1d0b1 845a73f7
[    6.087230] random 0100 0000 0000 45b1d0b1 845a73f7: add_timer_randomness(.. 8388864) with jiffies: 18235047536576136079, cycles: -211696541428088821
[    6.098102] random 0100 0000 0000 45b1d0b1 845a73f7: add_disk_randomness(8:0) 45b1d0b1 845a73f7
[    6.098105] random 0100 0000 0000 45b1d0b1 845a73f7: add_timer_randomness(.. 8388864) with jiffies: 18332898445041042330, cycles: -113845632963182581
[    6.098108] random 0100 0000 0000 45b1d0b1 845a73f7: added 3 entropy credits to input
[    6.098669] random 0103 0000 0000 45b1d0b1 845a73f7: add_disk_randomness(8:0) 45b1d0b1 845a73f7
[    6.098672] random 0103 0000 0000 45b1d0b1 845a73f7: add_timer_randomness(.. 8388864) with jiffies: 18338005380199318426, cycles: -108738697804906485
[    6.103895] random 0103 0000 0000 45b1d0b1 845a73f7: add_disk_randomness(8:0) 45b1d0b1 845a73f7
[    6.103898] random 0103 0000 0000 45b1d0b1 845a73f7: add_timer_randomness(.. 8388864) with jiffies: 18385029134582252447, cycles: -61714943421972469
[    6.103900] random 0103 0000 0000 45b1d0b1 845a73f7: added 2 entropy credits to input
[    6.105654] random 0105 0000 0000 45b1d0b1 845a73f7: add_disk_randomness(8:0) 45b1d0b1 845a73f7
[    6.105657] random 0105 0000 0000 45b1d0b1 845a73f7: add_timer_randomness(.. 8388864) with jiffies: 18400855393283310497, cycles: -45888684720914421
[    6.105660] random 0105 0000 0000 45b1d0b1 845a73f7: added 1 entropy credits to input
