[    0.000000] random 0000 0000 0000 00000000 00000000: rand_read_num 1 get_random_bytes(8): sig 00000000 00000000 00000000
[    0.000000] random 0000 0000 0000 00000000 00000000: extract_entropy(.. 8 ..)
[    0.000000] random 0000 0000 0000 00000000 00000000: going to reseed nonblocking with 64 bits (64 of 0 requested)
[    0.000000] random 0000 0000 0000 00000000 00000000: extract_entropy(.. 8 ..)
[    0.000000] random 0000 0000 0000 00000000 00000000: trying to extract 64 bits from input
[    0.000000] random 0000 0000 0000 00000000 00000000: debiting 0 entropy credits from input
[    0.000000] random 0000 0000 0000 00000000 00000000: extract_entropy account returned: 0 
[    0.000000] random 0000 0000 0000 00000000 00000000: urand_change_num 1 xfer_secondary_pool(8): pool_sig 00000000, data_sig 00000000, bytes_mixed 0 00000000 00000000
[    0.000000] random 0000 0000 0000 00000000 00000000: trying to extract 64 bits from nonblocking
[    0.000000] random 0000 0000 0000 00000000 00000000: debiting 64 entropy credits from nonblocking (unlimited)
[    0.000000] random 0000 0000 0000 00000000 00000000: extract_entropy account returned: 8 
[    0.000000] random 0000 0000 0000 00000000 00000000: urand_change_num 2 extract_buf: pool_sig 00000000, data_sig fffffff9, bytes_mixed 20 00000000 00000000
[    0.000000] Linux version 2.6.32.57 (dcashman@dcashman-02) (gcc version 4.3.3 (GCC) ) #6 Thu May 30 09:02:12 PDT 2013
[    0.000000] KERNEL supported cpus:
[    0.000000]   Intel GenuineIntel
[    0.000000]   AMD AuthenticAMD
[    0.000000]   NSC Geode by NSC
[    0.000000]   Cyrix CyrixInstead
[    0.000000]   Centaur CentaurHauls
[    0.000000]   Transmeta GenuineTMx86
[    0.000000]   Transmeta TransmetaCPU
[    0.000000]   UMC UMC UMC UMC
[    0.000000] BIOS-provided physical RAM map:
[    0.000000]  BIOS-e820: 0000000000000000 - 000000000009d800 (usable)
[    0.000000]  BIOS-e820: 000000000009d800 - 00000000000a0000 (reserved)
[    0.000000]  BIOS-e820: 00000000000d2000 - 00000000000d4000 (reserved)
[    0.000000]  BIOS-e820: 00000000000e0000 - 0000000000100000 (reserved)
[    0.000000]  BIOS-e820: 0000000000100000 - 000000003d6b0000 (usable)
[    0.000000]  BIOS-e820: 000000003d6b0000 - 000000003d6cc000 (ACPI data)
[    0.000000]  BIOS-e820: 000000003d6cc000 - 000000003d700000 (ACPI NVS)
[    0.000000]  BIOS-e820: 000000003d700000 - 000000003e000000 (reserved)
[    0.000000]  BIOS-e820: 00000000f0000000 - 00000000f4000000 (reserved)
[    0.000000]  BIOS-e820: 00000000fec00000 - 00000000fec10000 (reserved)
[    0.000000]  BIOS-e820: 00000000fed00000 - 00000000fed00400 (reserved)
[    0.000000]  BIOS-e820: 00000000fed14000 - 00000000fed1a000 (reserved)
[    0.000000]  BIOS-e820: 00000000fed1c000 - 00000000fed90000 (reserved)
[    0.000000]  BIOS-e820: 00000000fee00000 - 00000000fee01000 (reserved)
[    0.000000]  BIOS-e820: 00000000ff000000 - 0000000100000000 (reserved)
[    0.000000] DMI present.
[    0.000000] last_pfn = 0x3d6b0 max_arch_pfn = 0x100000
[    0.000000] MTRR default type: uncachable
[    0.000000] MTRR fixed ranges enabled:
[    0.000000]   00000-9FFFF write-back
[    0.000000]   A0000-BFFFF uncachable
[    0.000000]   C0000-CFFFF write-protect
[    0.000000]   D0000-DFFFF uncachable
[    0.000000]   E0000-FFFFF write-protect
[    0.000000] MTRR variable ranges enabled:
[    0.000000]   0 base 03E000000 mask FFE000000 uncachable
[    0.000000]   1 base 000000000 mask FC0000000 write-back
[    0.000000]   2 base 03D700000 mask FFFF00000 uncachable
[    0.000000]   3 base 03D800000 mask FFF800000 uncachable
[    0.000000]   4 disabled
[    0.000000]   5 disabled
[    0.000000]   6 disabled
[    0.000000]   7 disabled
[    0.000000] initial memory mapped : 0 - 02000000
[    0.000000] init_memory_mapping: 0000000000000000-00000000377fe000
[    0.000000]  0000000000 - 0000400000 page 4k
[    0.000000]  0000400000 - 0037400000 page 2M
[    0.000000]  0037400000 - 00377fe000 page 4k
[    0.000000] kernel direct mapping tables up to 377fe000 @ 7000-c000
[    0.000000] ACPI: RSDP 000f68d0 00024 (v02 LENOVO)
[    0.000000] ACPI: XSDT 3d6bb77f 00094 (v01 LENOVO TP-7L    00002170  LTP 00000000)
[    0.000000] ACPI: FACP 3d6bb900 000F4 (v03 LENOVO TP-7L    00002170 LNVO 00000001)
[    0.000000] ACPI Warning: 32/64X length mismatch in Gpe1Block: 0/32 (20090903/tbfadt-526)
[    0.000000] ACPI Warning: Optional field Gpe1Block has zero address or length: 000000000000102C/0 (20090903/tbfadt-557)
[    0.000000] ACPI: DSDT 3d6bbd1d 0FED1 (v01 LENOVO TP-7L    00002170 MSFT 03000000)
[    0.000000] ACPI: FACS 3d6e4000 00040
[    0.000000] ACPI: SSDT 3d6bbab4 00269 (v01 LENOVO TP-7L    00002170 MSFT 03000000)
[    0.000000] ACPI: ECDT 3d6cbbee 00052 (v01 LENOVO TP-7L    00002170 LNVO 00000001)
[    0.000000] ACPI: TCPA 3d6cbc40 00032 (v02 LENOVO TP-7L    00002170 LNVO 00000001)
[    0.000000] ACPI: APIC 3d6cbc72 00068 (v01 LENOVO TP-7L    00002170 LNVO 00000001)
[    0.000000] ACPI: MCFG 3d6cbcda 0003C (v01 LENOVO TP-7L    00002170 LNVO 00000001)
[    0.000000] ACPI: HPET 3d6cbd16 00038 (v01 LENOVO TP-7L    00002170 LNVO 00000001)
[    0.000000] ACPI: SLIC 3d6cbdf0 00176 (v01 LENOVO TP-7L    00002170  LTP 00000000)
[    0.000000] ACPI: BOOT 3d6cbf66 00028 (v01 LENOVO TP-7L    00002170  LTP 00000001)
[    0.000000] ACPI: ASF! 3d6cbf8e 00072 (v16 LENOVO TP-7L    00002170 PTL  00000001)
[    0.000000] ACPI: SSDT 3d6e26d9 0025F (v01 LENOVO TP-7L    00002170 INTL 20050513)
[    0.000000] ACPI: SSDT 3d6e2938 000A6 (v01 LENOVO TP-7L    00002170 INTL 20050513)
[    0.000000] ACPI: SSDT 3d6e29de 004F7 (v01 LENOVO TP-7L    00002170 INTL 20050513)
[    0.000000] ACPI: SSDT 3d6e2ed5 001D8 (v01 LENOVO TP-7L    00002170 INTL 20050513)
[    0.000000] ACPI: DMI detected: Lenovo ThinkPad R61
[    0.000000] ACPI: Added _OSI(Linux)
[    0.000000] ACPI: Local APIC address 0xfee00000
[    0.000000] 94MB HIGHMEM available.
[    0.000000] 887MB LOWMEM available.
[    0.000000]   mapped low ram: 0 - 377fe000
[    0.000000]   low ram: 0 - 377fe000
[    0.000000]   node 0 low ram: 00000000 - 377fe000
[    0.000000]   node 0 bootmap 00008000 - 0000ef00
[    0.000000] (6 early reservations) ==> bootmem [0000000000 - 00377fe000]
[    0.000000]   #0 [0000000000 - 0000001000]   BIOS data page ==> [0000000000 - 0000001000]
[    0.000000]   #1 [0001000000 - 0001bdc180]    TEXT DATA BSS ==> [0001000000 - 0001bdc180]
[    0.000000]   #2 [000009d800 - 0000100000]    BIOS reserved ==> [000009d800 - 0000100000]
[    0.000000]   #3 [0001bdd000 - 0001be516c]              BRK ==> [0001bdd000 - 0001be516c]
[    0.000000]   #4 [0000007000 - 0000008000]          PGTABLE ==> [0000007000 - 0000008000]
[    0.000000]   #5 [0000008000 - 000000f000]          BOOTMAP ==> [0000008000 - 000000f000]
[    0.000000] found SMP MP-table at [c00f6900] f6900
[    0.000000] Zone PFN ranges:
[    0.000000]   DMA      0x00000000 -> 0x00001000
[    0.000000]   Normal   0x00001000 -> 0x000377fe
[    0.000000]   HighMem  0x000377fe -> 0x0003d6b0
[    0.000000] Movable zone start PFN for each node
[    0.000000] early_node_map[2] active PFN ranges
[    0.000000]     0: 0x00000000 -> 0x0000009d
[    0.000000]     0: 0x00000100 -> 0x0003d6b0
[    0.000000] On node 0 totalpages: 251469
[    0.000000] free_area_init_node: node 0, pgdat c1901ea0, node_mem_map c1be7000
[    0.000000]   DMA zone: 32 pages used for memmap
[    0.000000]   DMA zone: 0 pages reserved
[    0.000000]   DMA zone: 3965 pages, LIFO batch:0
[    0.000000]   Normal zone: 1744 pages used for memmap
[    0.000000]   Normal zone: 221486 pages, LIFO batch:31
[    0.000000]   HighMem zone: 190 pages used for memmap
[    0.000000]   HighMem zone: 24052 pages, LIFO batch:3
[    0.000000] Using APIC driver default
[    0.000000] ACPI: PM-Timer IO Port: 0x1008
[    0.000000] ACPI: Local APIC address 0xfee00000
[    0.000000] ACPI: LAPIC (acpi_id[0x00] lapic_id[0x00] enabled)
[    0.000000] ACPI: LAPIC (acpi_id[0x01] lapic_id[0x01] enabled)
[    0.000000] ACPI: NR_CPUS/possible_cpus limit of 1 reached.  Processor 1/0x1 ignored.
[    0.000000] ACPI: LAPIC_NMI (acpi_id[0x00] high edge lint[0x1])
[    0.000000] ACPI: LAPIC_NMI (acpi_id[0x01] high edge lint[0x1])
[    0.000000] ACPI: IOAPIC (id[0x01] address[0xfec00000] gsi_base[0])
[    0.000000] IOAPIC[0]: apic_id 1, version 32, address 0xfec00000, GSI 0-23
[    0.000000] ACPI: INT_SRC_OVR (bus 0 bus_irq 0 global_irq 2 dfl dfl)
[    0.000000] ACPI: INT_SRC_OVR (bus 0 bus_irq 9 global_irq 9 high level)
[    0.000000] ACPI: IRQ0 used by override.
[    0.000000] ACPI: IRQ2 used by override.
[    0.000000] ACPI: IRQ9 used by override.
[    0.000000] Using ACPI (MADT) for SMP configuration information
[    0.000000] ACPI: HPET id: 0x8086a201 base: 0xfed00000
[    0.000000] nr_irqs_gsi: 24
[    0.000000] PM: Registered nosave memory: 000000000009d000 - 000000000009e000
[    0.000000] PM: Registered nosave memory: 000000000009e000 - 00000000000a0000
[    0.000000] PM: Registered nosave memory: 00000000000a0000 - 00000000000d2000
[    0.000000] PM: Registered nosave memory: 00000000000d2000 - 00000000000d4000
[    0.000000] PM: Registered nosave memory: 00000000000d4000 - 00000000000e0000
[    0.000000] PM: Registered nosave memory: 00000000000e0000 - 0000000000100000
[    0.000000] Allocating PCI resources starting at 3e000000 (gap: 3e000000:b2000000)
[    0.000000] Built 1 zonelists in Zone order, mobility grouping on.  Total pages: 249503
[    0.000000] Kernel command line: auto BOOT_IMAGE=Linux ro root=802 vt.default_utf8=0 maxcpus=0
[    0.000000] PID hash table entries: 4096 (order: 2, 16384 bytes)
[    0.000000] Dentry cache hash table entries: 131072 (order: 7, 524288 bytes)
[    0.000000] Inode-cache hash table entries: 65536 (order: 6, 262144 bytes)
[    0.000000] Enabling fast FPU save and restore... done.
[    0.000000] Enabling unmasked SIMD FPU exception support... done.
[    0.000000] Initializing CPU#0
[    0.000000] Initializing HighMem for node 0 (000377fe:0003d6b0)
[    0.000000] Memory: 984800k/1006272k available (6915k kernel code, 20876k reserved, 2327k data, 448k init, 96968k highmem)
[    0.000000] virtual kernel memory layout:
[    0.000000]     fixmap  : 0xfffa3000 - 0xfffff000   ( 368 kB)
[    0.000000]     pkmap   : 0xff800000 - 0xffc00000   (4096 kB)
[    0.000000]     vmalloc : 0xf7ffe000 - 0xff7fe000   ( 120 MB)
[    0.000000]     lowmem  : 0xc0000000 - 0xf77fe000   ( 887 MB)
[    0.000000]       .init : 0xc1907000 - 0xc1977000   ( 448 kB)
[    0.000000]       .data : 0xc16c0d3f - 0xc1906c64   (2327 kB)
[    0.000000]       .text : 0xc1000000 - 0xc16c0d3f   (6915 kB)
[    0.000000] Checking if this processor honours the WP bit even in supervisor mode...Ok.
[    0.000000] SLUB: Genslabs=13, HWalign=64, Order=0-3, MinObjects=0, CPUs=1, Nodes=1
[    0.000000] Hierarchical RCU implementation.
[    0.000000] NR_IRQS:288
[    0.000000] Extended CMOS year: 2000
[    0.000000] Console: colour VGA+ 80x25
[    0.000000] console [tty0] enabled
[    0.000000] hpet clockevent registered
[    0.000000] Fast TSC calibration using PIT
[    0.000000] Detected 2094.361 MHz processor.
[    0.001002] Calibrating delay loop (skipped), value calculated using timer frequency.. 4188.72 BogoMIPS (lpj=2094361)
[    0.002086] Security Framework initialized
[    0.002175] Mount-cache hash table entries: 512
[    0.002323] CPU: L1 I cache: 32K, L1 D cache: 32K
[    0.002456] CPU: L2 cache: 3072K
[    0.002535] mce: CPU supports 6 MCE banks
[    0.002618] CPU0: Thermal monitoring enabled (TM2)
[    0.002702] using mwait in idle threads.
[    0.002788] CPU: Intel(R) Core(TM)2 Duo CPU     T8100  @ 2.10GHz stepping 06
[    0.003006] Checking 'hlt' instruction... OK.
[    0.007939] ACPI: Core revision 20090903
[    0.027009] RANDOM get_random_int first call with cycles 38318072341, jiffies 4294667323 and pid 0
[    0.027017] CANARY value: c3faf887 for PID: 1
[    0.027024] CANARY value: 9a254315 for PID: 2
[    0.027046] Enabling APIC mode:  Flat.  Using 1 I/O APICs
[    0.027505] ..TIMER: vector=0x30 apic1=0 pin1=2 apic2=-1 pin2=-1
[    0.037997] xor: automatically using best checksumming function: pIII_sse
[    0.041998]    pIII_sse  :  8568.000 MB/sec
[    0.042084] xor: using function: pIII_sse (8568.000 MB/sec)
[    0.042181] RANDOM - __seed init called.
[    0.042182] RANDOM - __seed init called.
[    0.042183] RANDOM - __seed init called.
[    0.042185] RANDOM - __random32 called. Change num 1.  Value: f7943846	49e73df3	af36cd0d
[    0.042186] RANDOM - __random32 called. Change num 2.  Value: 43846e13	9e73df37	9a1ad014
[    0.042188] RANDOM - __random32 called. Change num 3.  Value: 46e139c8	e73df373	a029598a
[    0.042190] RANDOM - __random32 called. Change num 4.  Value: 139c8c3b	73df373d	b3142c72
[    0.042192] RANDOM - __random32 called. Change num 5.  Value: c8c3b043	3df373de	58e576a9
[    0.042193] RANDOM - __random32 called. Change num 6.  Value: 3b0437d9	df373de5	ed53f9d8
[    0.042195] RANDOM - random32 init called.  Value: 3b0437d9	df373de5	ed53f9d8
[    0.042212] NET: Registered protocol family 16
[    0.042469] ACPI FADT declares the system doesn't support PCIe ASPM, so disable it
[    0.042586] ACPI: bus type pci registered
[    0.042753] PCI: MCFG configuration 0: base f0000000 segment 0 buses 0 - 63
[    0.042845] PCI: MCFG area at f0000000 reserved in E820
[    0.042932] PCI: Using MMCONFIG for extended config space
[    0.043002] PCI: Using configuration type 1 for base access
[    0.046117] bio: create slab <bio-0> at 0
[    0.046930] ACPI: EC: EC description table is found, configuring boot EC
[    0.052087] ACPI: BIOS _OSI(Linux) query honored via DMI
[    0.052798] random 0000 0000 0000 00000000 00000000: rand_read_num 2 get_random_bytes(8): sig fffffe1a 00000000 00000000
[    0.052800] random 0000 0000 0000 00000000 00000000: extract_entropy(.. 8 ..)
[    0.052803] random 0000 0000 0000 00000000 00000000: going to reseed nonblocking with 64 bits (64 of 0 requested)
[    0.052805] random 0000 0000 0000 00000000 00000000: extract_entropy(.. 8 ..)
[    0.052808] random 0000 0000 0000 00000000 00000000: trying to extract 64 bits from input
[    0.052810] random 0000 0000 0000 00000000 00000000: debiting 0 entropy credits from input
[    0.052812] random 0000 0000 0000 00000000 00000000: extract_entropy account returned: 0 
[    0.052841] random 0000 0000 0000 00000000 00000000: urand_change_num 3 xfer_secondary_pool(8): pool_sig fffffe1a, data_sig 00000000, bytes_mixed 0 00000000 00000000
[    0.052844] random 0000 0000 0000 00000000 00000000: trying to extract 64 bits from nonblocking
[    0.052846] random 0000 0000 0000 00000000 00000000: debiting 64 entropy credits from nonblocking (unlimited)
[    0.052848] random 0000 0000 0000 00000000 00000000: extract_entropy account returned: 8 
[    0.052852] random 0000 0000 0000 00000000 00000000: urand_change_num 4 extract_buf: pool_sig fffffe1a, data_sig fffffed7, bytes_mixed 20 00000000 00000000
[    0.057471] ACPI: Interpreter enabled
[    0.057554] ACPI: (supports S0 S3 S4 S5)
[    0.057855] ACPI: Using IOAPIC for interrupt routing
[    0.067662] ACPI: EC: GPE = 0x12, I/O: command/status = 0x66, data = 0x62
[    0.067937] ACPI: Power Resource [PUBS] (on)
[    0.070060] ACPI: ACPI Dock Station Driver: 3 docks/bays found
[    0.070469] ACPI: PCI Root Bridge [PCI0] (0000:00)
[    0.070634] pci 0000:00:02.0: reg 10 64bit mmio: [0xf8100000-0xf81fffff]
[    0.070640] pci 0000:00:02.0: reg 18 64bit mmio pref: [0xe0000000-0xefffffff]
[    0.070644] pci 0000:00:02.0: reg 20 io port: [0x1800-0x1807]
[    0.070679] pci 0000:00:02.1: reg 10 64bit mmio: [0xf8200000-0xf82fffff]
[    0.070788] pci 0000:00:19.0: reg 10 32bit mmio: [0xfe000000-0xfe01ffff]
[    0.070795] pci 0000:00:19.0: reg 14 32bit mmio: [0xfe025000-0xfe025fff]
[    0.070804] pci 0000:00:19.0: reg 18 io port: [0x1840-0x185f]
[    0.070875] pci 0000:00:19.0: PME# supported from D0 D3hot D3cold
[    0.070971] pci 0000:00:19.0: PME# disabled
[    0.071053] pci 0000:00:1a.0: reg 20 io port: [0x1860-0x187f]
[    0.071145] pci 0000:00:1a.1: reg 20 io port: [0x1880-0x189f]
[    0.071232] pci 0000:00:1a.7: reg 10 32bit mmio: [0xfe226c00-0xfe226fff]
[    0.071316] pci 0000:00:1a.7: PME# supported from D0 D3hot D3cold
[    0.071416] pci 0000:00:1a.7: PME# disabled
[    0.071560] pci 0000:00:1b.0: reg 10 64bit mmio: [0xfe020000-0xfe023fff]
[    0.071643] pci 0000:00:1b.0: PME# supported from D0 D3hot D3cold
[    0.071732] pci 0000:00:1b.0: PME# disabled
[    0.072009] pci 0000:00:1c.0: PME# supported from D0 D3hot D3cold
[    0.072106] pci 0000:00:1c.0: PME# disabled
[    0.072303] pci 0000:00:1c.1: PME# supported from D0 D3hot D3cold
[    0.072399] pci 0000:00:1c.1: PME# disabled
[    0.072593] pci 0000:00:1c.2: PME# supported from D0 D3hot D3cold
[    0.072685] pci 0000:00:1c.2: PME# disabled
[    0.072876] pci 0000:00:1c.3: PME# supported from D0 D3hot D3cold
[    0.072969] pci 0000:00:1c.3: PME# disabled
[    0.073111] pci 0000:00:1c.4: PME# supported from D0 D3hot D3cold
[    0.073204] pci 0000:00:1c.4: PME# disabled
[    0.074061] pci 0000:00:1d.0: reg 20 io port: [0x18a0-0x18bf]
[    0.074132] pci 0000:00:1d.1: reg 20 io port: [0x18c0-0x18df]
[    0.074210] pci 0000:00:1d.2: reg 20 io port: [0x18e0-0x18ff]
[    0.074299] pci 0000:00:1d.7: reg 10 32bit mmio: [0xfe227000-0xfe2273ff]
[    0.074396] pci 0000:00:1d.7: PME# supported from D0 D3hot D3cold
[    0.074489] pci 0000:00:1d.7: PME# disabled
[    0.074790] pci 0000:00:1f.0: quirk: region 1000-107f claimed by ICH6 ACPI/GPIO/TCO
[    0.074916] pci 0000:00:1f.0: quirk: region 1180-11bf claimed by ICH6 GPIO
[    0.074998] pci 0000:00:1f.0: ICH7 LPC Generic IO decode 1 PIO at 1600 (mask 007f)
[    0.075121] pci 0000:00:1f.0: ICH7 LPC Generic IO decode 2 PIO at 15e0 (mask 000f)
[    0.075242] pci 0000:00:1f.0: ICH7 LPC Generic IO decode 3 PIO at 1680 (mask 001f)
[    0.075442] pci 0000:00:1f.1: reg 10 io port: [0x00-0x07]
[    0.075451] pci 0000:00:1f.1: reg 14 io port: [0x00-0x03]
[    0.075463] pci 0000:00:1f.1: reg 18 io port: [0x00-0x07]
[    0.075472] pci 0000:00:1f.1: reg 1c io port: [0x00-0x03]
[    0.075479] pci 0000:00:1f.1: reg 20 io port: [0x1c00-0x1c0f]
[    0.075560] pci 0000:00:1f.2: reg 10 io port: [0x1c50-0x1c57]
[    0.075571] pci 0000:00:1f.2: reg 14 io port: [0x1c44-0x1c47]
[    0.075578] pci 0000:00:1f.2: reg 18 io port: [0x1c48-0x1c4f]
[    0.075587] pci 0000:00:1f.2: reg 1c io port: [0x1c40-0x1c43]
[    0.075595] pci 0000:00:1f.2: reg 20 io port: [0x1c20-0x1c3f]
[    0.075604] pci 0000:00:1f.2: reg 24 32bit mmio: [0xfe226000-0xfe2267ff]
[    0.075667] pci 0000:00:1f.2: PME# supported from D3hot
[    0.075758] pci 0000:00:1f.2: PME# disabled
[    0.075875] pci 0000:00:1f.3: reg 10 32bit mmio: [0xfe227400-0xfe2274ff]
[    0.075900] pci 0000:00:1f.3: reg 20 io port: [0x1c60-0x1c7f]
[    0.076013] pci 0000:00:1c.0: bridge io port: [0x2000-0x2fff]
[    0.076020] pci 0000:00:1c.0: bridge 32bit mmio: [0xfc000000-0xfdffffff]
[    0.076027] pci 0000:00:1c.0: bridge 64bit mmio pref: [0xf8000000-0xf80fffff]
[    0.076099] pci 0000:03:00.0: reg 10 64bit mmio: [0xdf3f0000-0xdf3fffff]
[    0.076294] pci 0000:00:1c.1: bridge io port: [0x3000-0x3fff]
[    0.076300] pci 0000:00:1c.1: bridge 32bit mmio: [0xdc000000-0xdf3fffff]
[    0.076309] pci 0000:00:1c.1: bridge 64bit mmio pref: [0xdfe00000-0xdfefffff]
[    0.076367] pci 0000:00:1c.2: bridge io port: [0x4000-0x4fff]
[    0.076374] pci 0000:00:1c.2: bridge 32bit mmio: [0xd8000000-0xd9ffffff]
[    0.076383] pci 0000:00:1c.2: bridge 64bit mmio pref: [0xdfb00000-0xdfbfffff]
[    0.076439] pci 0000:00:1c.3: bridge io port: [0x5000-0x5fff]
[    0.076445] pci 0000:00:1c.3: bridge 32bit mmio: [0xd4000000-0xd5ffffff]
[    0.076452] pci 0000:00:1c.3: bridge 64bit mmio pref: [0xdf800000-0xdf8fffff]
[    0.076508] pci 0000:00:1c.4: bridge io port: [0x6000-0x6fff]
[    0.076512] pci 0000:00:1c.4: bridge 32bit mmio: [0xd0000000-0xd1ffffff]
[    0.076519] pci 0000:00:1c.4: bridge 64bit mmio pref: [0xdf500000-0xdf5fffff]
[    0.076575] pci 0000:15:00.0: reg 10 32bit mmio: [0xf8300000-0xf8300fff]
[    0.076624] pci 0000:15:00.0: supports D1 D2
[    0.076626] pci 0000:15:00.0: PME# supported from D0 D1 D2 D3hot D3cold
[    0.076728] pci 0000:15:00.0: PME# disabled
[    0.076865] pci 0000:15:00.1: reg 10 32bit mmio: [0xf8301000-0xf83017ff]
[    0.076962] pci 0000:15:00.1: supports D1 D2
[    0.076963] pci 0000:15:00.1: PME# supported from D0 D1 D2 D3hot D3cold
[    0.077000] pci 0000:15:00.1: PME# disabled
[    0.077178] pci 0000:00:1e.0: transparent bridge
[    0.077264] pci 0000:00:1e.0: bridge io port: [0x7000-0xafff]
[    0.077268] pci 0000:00:1e.0: bridge 32bit mmio: [0xf8300000-0xfbffffff]
[    0.077277] pci 0000:00:1e.0: bridge 64bit mmio pref: [0xf4000000-0xf7ffffff]
[    0.077343] pci_bus 0000:00: on NUMA node 0
[    0.077347] ACPI: PCI Interrupt Routing Table [\_SB_.PCI0._PRT]
[    0.077480] ACPI: PCI Interrupt Routing Table [\_SB_.PCI0.EXP0._PRT]
[    0.077540] ACPI: PCI Interrupt Routing Table [\_SB_.PCI0.EXP1._PRT]
[    0.077598] ACPI: PCI Interrupt Routing Table [\_SB_.PCI0.EXP2._PRT]
[    0.077656] ACPI: PCI Interrupt Routing Table [\_SB_.PCI0.EXP3._PRT]
[    0.077719] ACPI: PCI Interrupt Routing Table [\_SB_.PCI0.EXP4._PRT]
[    0.077781] ACPI: PCI Interrupt Routing Table [\_SB_.PCI0.PCI1._PRT]
[    0.083317] ACPI: PCI Interrupt Link [LNKA] (IRQs 3 4 5 6 7 9 *10 11)
[    0.084101] ACPI: PCI Interrupt Link [LNKB] (IRQs 3 4 5 6 7 9 10 *11)
[    0.084841] ACPI: PCI Interrupt Link [LNKC] (IRQs 3 4 5 6 7 9 10 *11)
[    0.085596] ACPI: PCI Interrupt Link [LNKD] (IRQs 3 4 5 6 7 9 10 *11)
[    0.086341] ACPI: PCI Interrupt Link [LNKE] (IRQs 3 4 5 6 7 9 10 *11)
[    0.087113] ACPI: PCI Interrupt Link [LNKF] (IRQs 3 4 5 6 7 9 10 *11)
[    0.087866] ACPI: PCI Interrupt Link [LNKG] (IRQs 3 4 5 6 7 9 10 *11)
[    0.088588] ACPI: PCI Interrupt Link [LNKH] (IRQs 3 4 5 6 7 9 10 *11)
[    0.089307] vgaarb: device added: PCI:0000:00:02.0,decodes=io+mem,owns=io+mem,locks=none
[    0.089424] vgaarb: loaded
[    0.089603] SCSI subsystem initialized
[    0.089698] libata version 3.00 loaded.
[    0.089745] usbcore: registered new interface driver usbfs
[    0.089866] usbcore: registered new interface driver hub
[    0.090014] usbcore: registered new device driver usb
[    0.107044] raid6: int32x1    941 MB/s
[    0.123989] raid6: int32x2    886 MB/s
[    0.141064] raid6: int32x4    750 MB/s
[    0.157994] raid6: int32x8    656 MB/s
[    0.175004] raid6: mmxx1     2882 MB/s
[    0.191986] raid6: mmxx2     3253 MB/s
[    0.208996] raid6: sse1x1    1937 MB/s
[    0.225978] raid6: sse1x2    2531 MB/s
[    0.242976] raid6: sse2x1    3503 MB/s
[    0.259977] raid6: sse2x2    3832 MB/s
[    0.260060] raid6: using algorithm sse2x2 (3832 MB/s)
[    0.260153] PCI: Using ACPI for IRQ routing
[    0.260455] HPET: 3 timers in total, 0 timers will be used for per-cpu timer
[    0.260984] Switching to clocksource tsc
[    0.261080] pnp: PnP ACPI init
[    0.261169] ACPI: bus type pnp registered
[    0.264824] pnp: PnP ACPI: found 11 devices
[    0.264922] ACPI: ACPI bus type pnp unregistered
[    0.265012] system 00:00: iomem range 0x0-0x9ffff could not be reserved
[    0.265099] system 00:00: iomem range 0xc0000-0xc3fff could not be reserved
[    0.265190] system 00:00: iomem range 0xc4000-0xc7fff could not be reserved
[    0.265278] system 00:00: iomem range 0xc8000-0xcbfff has been reserved
[    0.265370] system 00:00: iomem range 0xcc000-0xcffff has been reserved
[    0.265457] system 00:00: iomem range 0xd0000-0xd3fff could not be reserved
[    0.265543] system 00:00: iomem range 0xe0000-0xe3fff could not be reserved
[    0.265629] system 00:00: iomem range 0xe4000-0xe7fff could not be reserved
[    0.265712] system 00:00: iomem range 0xe8000-0xebfff could not be reserved
[    0.265801] system 00:00: iomem range 0xec000-0xeffff could not be reserved
[    0.265899] system 00:00: iomem range 0xf0000-0xfffff could not be reserved
[    0.265989] system 00:00: iomem range 0x100000-0x3dffffff could not be reserved
[    0.266101] system 00:00: iomem range 0xfec00000-0xfed3ffff could not be reserved
[    0.266214] system 00:00: iomem range 0xfed4c000-0xffffffff could not be reserved
[    0.266339] system 00:02: ioport range 0x164e-0x164f has been reserved
[    0.266436] system 00:02: ioport range 0x1000-0x107f has been reserved
[    0.266524] system 00:02: ioport range 0x1180-0x11bf has been reserved
[    0.266614] system 00:02: ioport range 0x800-0x80f has been reserved
[    0.266707] system 00:02: ioport range 0x15e0-0x15ef has been reserved
[    0.266793] system 00:02: ioport range 0x1600-0x165f could not be reserved
[    0.266886] system 00:02: iomem range 0xf0000000-0xf3ffffff has been reserved
[    0.266976] system 00:02: iomem range 0xfed1c000-0xfed1ffff has been reserved
[    0.267062] system 00:02: iomem range 0xfed14000-0xfed17fff has been reserved
[    0.267151] system 00:02: iomem range 0xfed18000-0xfed18fff has been reserved
[    0.267244] system 00:02: iomem range 0xfed19000-0xfed19fff has been reserved
[    0.267332] system 00:02: iomem range 0xfed45000-0xfed4bfff has been reserved
[    0.302371] pci 0000:00:1c.0: PCI bridge, secondary bus 0000:02
[    0.302463] pci 0000:00:1c.0:   IO window: 0x2000-0x2fff
[    0.302556] pci 0000:00:1c.0:   MEM window: 0xfc000000-0xfdffffff
[    0.302646] pci 0000:00:1c.0:   PREFETCH window: 0x000000f8000000-0x000000f80fffff
[    0.302772] pci 0000:00:1c.1: PCI bridge, secondary bus 0000:03
[    0.302859] pci 0000:00:1c.1:   IO window: 0x3000-0x3fff
[    0.302952] pci 0000:00:1c.1:   MEM window: 0xdc000000-0xdf3fffff
[    0.303043] pci 0000:00:1c.1:   PREFETCH window: 0x000000dfe00000-0x000000dfefffff
[    0.303166] pci 0000:00:1c.2: PCI bridge, secondary bus 0000:04
[    0.303259] pci 0000:00:1c.2:   IO window: 0x4000-0x4fff
[    0.303355] pci 0000:00:1c.2:   MEM window: 0xd8000000-0xd9ffffff
[    0.303447] pci 0000:00:1c.2:   PREFETCH window: 0x000000dfb00000-0x000000dfbfffff
[    0.303569] pci 0000:00:1c.3: PCI bridge, secondary bus 0000:05
[    0.303655] pci 0000:00:1c.3:   IO window: 0x5000-0x5fff
[    0.303746] pci 0000:00:1c.3:   MEM window: 0xd4000000-0xd5ffffff
[    0.303841] pci 0000:00:1c.3:   PREFETCH window: 0x000000df800000-0x000000df8fffff
[    0.303969] pci 0000:00:1c.4: PCI bridge, secondary bus 0000:0d
[    0.304065] pci 0000:00:1c.4:   IO window: 0x6000-0x6fff
[    0.304156] pci 0000:00:1c.4:   MEM window: 0xd0000000-0xd1ffffff
[    0.304248] pci 0000:00:1c.4:   PREFETCH window: 0x000000df500000-0x000000df5fffff
[    0.304377] pci 0000:15:00.0: CardBus bridge, secondary bus 0000:16
[    0.304465] pci 0000:15:00.0:   IO window: 0x007000-0x0070ff
[    0.304556] pci 0000:15:00.0:   IO window: 0x007400-0x0074ff
[    0.304644] pci 0000:15:00.0:   PREFETCH window: 0xf4000000-0xf7ffffff
[    0.304736] pci 0000:15:00.0:   MEM window: 0x40000000-0x43ffffff
[    0.304827] pci 0000:00:1e.0: PCI bridge, secondary bus 0000:15
[    0.304921] pci 0000:00:1e.0:   IO window: 0x7000-0xafff
[    0.305012] pci 0000:00:1e.0:   MEM window: 0xf8300000-0xfbffffff
[    0.305102] pci 0000:00:1e.0:   PREFETCH window: 0x000000f4000000-0x000000f7ffffff
[    0.305232] pci 0000:00:1c.0: PCI INT A -> GSI 20 (level, low) -> IRQ 20
[    0.305328] pci 0000:00:1c.0: setting latency timer to 64
[    0.305341] pci 0000:00:1c.1: PCI INT B -> GSI 21 (level, low) -> IRQ 21
[    0.305440] pci 0000:00:1c.1: setting latency timer to 64
[    0.305454] pci 0000:00:1c.2: PCI INT C -> GSI 22 (level, low) -> IRQ 22
[    0.305540] pci 0000:00:1c.2: setting latency timer to 64
[    0.305553] pci 0000:00:1c.3: PCI INT D -> GSI 23 (level, low) -> IRQ 23
[    0.305642] pci 0000:00:1c.3: setting latency timer to 64
[    0.305655] pci 0000:00:1c.4: PCI INT A -> GSI 20 (level, low) -> IRQ 20
[    0.305744] pci 0000:00:1c.4: setting latency timer to 64
[    0.305751] pci 0000:00:1e.0: enabling device (0005 -> 0007)
[    0.305837] pci 0000:00:1e.0: setting latency timer to 64
[    0.305852] pci 0000:15:00.0: PCI INT A -> GSI 16 (level, low) -> IRQ 16
[    0.305947] pci 0000:15:00.0: setting latency timer to 64
[    0.305952] pci_bus 0000:00: resource 0 io:  [0x00-0xffff]
[    0.305953] pci_bus 0000:00: resource 1 mem: [0x000000-0xffffffff]
[    0.305955] pci_bus 0000:02: resource 0 io:  [0x2000-0x2fff]
[    0.305957] pci_bus 0000:02: resource 1 mem: [0xfc000000-0xfdffffff]
[    0.305959] pci_bus 0000:02: resource 2 pref mem [0xf8000000-0xf80fffff]
[    0.305961] pci_bus 0000:03: resource 0 io:  [0x3000-0x3fff]
[    0.305963] pci_bus 0000:03: resource 1 mem: [0xdc000000-0xdf3fffff]
[    0.305965] pci_bus 0000:03: resource 2 pref mem [0xdfe00000-0xdfefffff]
[    0.305967] pci_bus 0000:04: resource 0 io:  [0x4000-0x4fff]
[    0.305968] pci_bus 0000:04: resource 1 mem: [0xd8000000-0xd9ffffff]
[    0.305970] pci_bus 0000:04: resource 2 pref mem [0xdfb00000-0xdfbfffff]
[    0.305972] pci_bus 0000:05: resource 0 io:  [0x5000-0x5fff]
[    0.305974] pci_bus 0000:05: resource 1 mem: [0xd4000000-0xd5ffffff]
[    0.305976] pci_bus 0000:05: resource 2 pref mem [0xdf800000-0xdf8fffff]
[    0.305978] pci_bus 0000:0d: resource 0 io:  [0x6000-0x6fff]
[    0.305979] pci_bus 0000:0d: resource 1 mem: [0xd0000000-0xd1ffffff]
[    0.305981] pci_bus 0000:0d: resource 2 pref mem [0xdf500000-0xdf5fffff]
[    0.305983] pci_bus 0000:15: resource 0 io:  [0x7000-0xafff]
[    0.305985] pci_bus 0000:15: resource 1 mem: [0xf8300000-0xfbffffff]
[    0.305987] pci_bus 0000:15: resource 2 pref mem [0xf4000000-0xf7ffffff]
[    0.305988] pci_bus 0000:15: resource 3 io:  [0x00-0xffff]
[    0.305990] pci_bus 0000:15: resource 4 mem: [0x000000-0xffffffff]
[    0.305992] pci_bus 0000:16: resource 0 io:  [0x7000-0x70ff]
[    0.305994] pci_bus 0000:16: resource 1 io:  [0x7400-0x74ff]
[    0.305996] pci_bus 0000:16: resource 2 pref mem [0xf4000000-0xf7ffffff]
[    0.305998] pci_bus 0000:16: resource 3 mem: [0x40000000-0x43ffffff]
[    0.306005] NET: Registered protocol family 2
[    0.306098] RANDOM - __random32 called. Change num 7.  Value: 437d97bf	f373de51	f3b0f986
[    0.306100] RANDOM - random32 called.  Value: 437d97bf	f373de51	f3b0f986
[    0.306104] random 0000 0000 0000 5f8db4e5 4cfdf2a8: rand_read_num 3 get_random_bytes(4): sig fffffb64 5f8db4e5 4cfdf2a8
[    0.306107] random 0000 0000 0000 5f8db4e5 4cfdf2a8: extract_entropy(.. 4 ..)
[    0.306109] random 0000 0000 0000 5f8db4e5 4cfdf2a8: going to reseed nonblocking with 64 bits (32 of 0 requested)
[    0.306111] random 0000 0000 0000 5f8db4e5 4cfdf2a8: extract_entropy(.. 8 ..)
[    0.306113] random 0000 0000 0000 5f8db4e5 4cfdf2a8: trying to extract 64 bits from input
[    0.306116] random 0000 0000 0000 5f8db4e5 4cfdf2a8: debiting 0 entropy credits from input
[    0.306118] random 0000 0000 0000 5f8db4e5 4cfdf2a8: extract_entropy account returned: 0 
[    0.306121] random 0000 0000 0000 5f8db4e5 4cfdf2a8: urand_change_num 5 xfer_secondary_pool(4): pool_sig fffffb64, data_sig 00000000, bytes_mixed 0 5f8db4e5 4cfdf2a8
[    0.306123] random 0000 0000 0000 5f8db4e5 4cfdf2a8: trying to extract 32 bits from nonblocking
[    0.306126] random 0000 0000 0000 5f8db4e5 4cfdf2a8: debiting 32 entropy credits from nonblocking (unlimited)
[    0.306128] random 0000 0000 0000 5f8db4e5 4cfdf2a8: extract_entropy account returned: 4 
[    0.306132] random 0000 0000 0000 5f8db4e5 4cfdf2a8: urand_change_num 6 extract_buf: pool_sig fffffb64, data_sig 00000241, bytes_mixed 20 5f8db4e5 4cfdf2a8
[    0.306142] IP route cache hash table entries: 32768 (order: 5, 131072 bytes)
[    0.306278] RANDOM - __random32 called. Change num 8.  Value: d97bfe31	373de51f	f30dc6e6
[    0.306280] RANDOM - random32 called.  Value: d97bfe31	373de51f	f30dc6e6
[    0.306291] RANDOM - __random32 called. Change num 9.  Value: bfe314d7	73de51f5	8dcd6c7e
[    0.306293] RANDOM - random32 called.  Value: bfe314d7	73de51f5	8dcd6c7e
[    0.306294] RANDOM - __random32 called. Change num 10.  Value: 314d7baf	3de51f5e	d8fc74c1
[    0.306296] RANDOM - random32 called.  Value: 314d7baf	3de51f5e	d8fc74c1
[    0.306307] RANDOM - __random32 called. Change num 11.  Value: d7baf3c7	de51f5e5	e983e3fa
[    0.306308] RANDOM - random32 called.  Value: d7baf3c7	de51f5e5	e983e3fa
[    0.306318] TCP established hash table entries: 131072 (order: 8, 1048576 bytes)
[    0.306798] TCP bind hash table entries: 65536 (order: 6, 262144 bytes)
[    0.306990] TCP: Hash tables configured (established 131072 bind 65536)
[    0.307076] TCP reno registered
[    0.307176] NET: Registered protocol family 1
[    0.307281] RPC: Registered udp transport module.
[    0.307365] RPC: Registered tcp transport module.
[    0.307459] RPC: Registered tcp NFSv4.1 backchannel transport module.
[    0.307547] pci 0000:00:02.0: Boot video device
[    0.307760] Simple Boot Flag at 0x35 set to 0x1
[    0.308301] highmem bounce pool size: 64 pages
[    0.309800] VFS: Disk quotas dquot_6.5.2
[    0.310001] Dquot-cache hash table entries: 1024 (order 0, 4096 bytes)
[    0.310673] NTFS driver 2.1.29 [Flags: R/W].
[    0.310831] ROMFS MTD (C) 2007 Red Hat, Inc.
[    0.311041] JFS: nTxBlock = 7695, nTxLock = 61562
[    0.313510] SGI XFS with ACLs, security attributes, large block/inode numbers, no debug enabled
[    0.314009] SGI XFS Quota Management subsystem
[    0.314292] Slow work thread pool: Starting up
[    0.314399] Slow work thread pool: Ready
[    0.314490] GFS2 (built May 24 2013 02:47:17) installed
[    0.314584] msgmni has been set to 1734
[    0.314743] alg: No test for cipher_null (cipher_null-generic)
[    0.314838] alg: No test for ecb(cipher_null) (ecb-cipher_null)
[    0.314951] alg: No test for digest_null (digest_null-generic)
[    0.315048] alg: No test for compress_null (compress_null-generic)
[    0.315593] alg: No test for fcrypt (fcrypt-generic)
[    0.317025] alg: No test for stdrng (krng)
[    0.317119] async_tx: api initialized (async)
[    0.317270] Block layer SCSI generic (bsg) driver version 0.4 loaded (major 254)
[    0.317393] io scheduler noop registered
[    0.317479] io scheduler anticipatory registered
[    0.317566] io scheduler deadline registered
[    0.317694] io scheduler cfq registered (default)
[    0.317948] pcieport 0000:00:1c.0: irq 24 for MSI/MSI-X
[    0.317961] pcieport 0000:00:1c.0: setting latency timer to 64
[    0.318155] pcieport 0000:00:1c.1: irq 25 for MSI/MSI-X
[    0.318164] pcieport 0000:00:1c.1: setting latency timer to 64
[    0.318344] pcieport 0000:00:1c.2: irq 26 for MSI/MSI-X
[    0.318356] pcieport 0000:00:1c.2: setting latency timer to 64
[    0.318535] pcieport 0000:00:1c.3: irq 27 for MSI/MSI-X
[    0.318546] pcieport 0000:00:1c.3: setting latency timer to 64
[    0.318731] pcieport 0000:00:1c.4: irq 28 for MSI/MSI-X
[    0.318743] pcieport 0000:00:1c.4: setting latency timer to 64
[    0.318898] pci_hotplug: PCI Hot Plug PCI Core version: 0.5
[    0.319094] isapnp: Scanning for PnP cards...
[    0.679620] isapnp: No Plug & Play device found
[    0.679712] random 0000 0000 0000 5f8db4e5 4cfdf2a8: initializing
[    0.679714] RANDOM init_std_data for input now value: 1369907258679714866
[    0.679715] RANDOM init_std_data for blocking now value: 1369907258679716847
[    0.679717] RANDOM init_std_data for nonblocking now value: 1369907258679718586
[    0.699313] Serial: 8250/16550 driver, 4 ports, IRQ sharing enabled
[    3.711310] floppy0: no floppy controllers found
[    3.712254] brd: module loaded
[    3.712757] loop: module loaded
[    3.712842] Compaq SMART2 Driver (v 2.6.0)
[    3.712961] HP CISS Driver (v 3.6.20)
[    3.713205] input: Macintosh mouse button emulation as /devices/virtual/input/input0
[    3.713350] Uniform Multi-Platform E-IDE driver
[    3.713579] piix 0000:00:1f.1: IDE controller (0x8086:0x2850 rev 0x03)
[    3.713682] pci 0000:00:1f.1: PCI INT C -> GSI 16 (level, low) -> IRQ 16
[    3.713782] piix 0000:00:1f.1: IDE port disabled
[    3.713873] piix 0000:00:1f.1: not 100% native mode: will probe irqs later
[    3.713968]     ide0: BM-DMA at 0x1c00-0x1c07
[    3.714063] Probing IDE interface ide0...
[    4.385614] hda: HL-DT-ST DVDRAM GSA-U10N, ATAPI CD/DVD-ROM drive
[    4.692463] hda: host max PIO4 wanted PIO255(auto-tune) selected PIO4
[    4.693230] hda: UDMA/33 mode selected
[    4.693700] ide0 at 0x1f0-0x1f7,0x3f6 on irq 14
[    4.697592] ide-gd driver 1.18
[    4.697695] ide-cd driver 5.00
[    4.699081] random 0000 0000 0000 00000000 00000000: add_disk_randomness(0:0) 00000000 00000000
[    4.699085] random 0000 0000 0000 00000000 00000000: add_timer_randomness(.. 256) with jiffies: 5243606940394421882, cycles: 5243606936099749899
[    4.699088] random 0000 0000 0000 00000000 00000000: added 11 entropy credits to input
[    4.699091] ide-cd: hda: ATAPI 24X DVD-ROM DVD-R/RAM CD-R/RW drive, 2048kB Cache
[    4.699527] Uniform CD-ROM driver Revision: 3.20
[    4.702346] random 0011 0000 0000 00000000 00000000: add_disk_randomness(0:0) 00000000 00000000
[    4.702349] random 0011 0000 0000 00000000 00000000: add_timer_randomness(.. 256) with jiffies: 5272980024163270269, cycles: 5272980019868598283
[    4.702352] random 0011 0000 0000 00000000 00000000: added 1 entropy credits to input
[    4.702355] random 0012 0000 0000 00000000 00000000: add_disk_randomness(0:0) 00000000 00000000
[    4.702357] random 0012 0000 0000 00000000 00000000: add_timer_randomness(.. 256) with jiffies: 5273055473853759101, cycles: 5273055469559087115
[    4.704347] random 0012 0000 0000 00000000 00000000: add_disk_randomness(0:0) 00000000 00000000
[    4.704350] random 0012 0000 0000 00000000 00000000: add_timer_randomness(.. 256) with jiffies: 5290979381697281663, cycles: 5290979377402609675
[    4.704353] random 0012 0000 0000 00000000 00000000: added 1 entropy credits to input
[    4.704356] random 0013 0000 0000 00000000 00000000: add_disk_randomness(0:0) 00000000 00000000
[    4.704358] random 0013 0000 0000 00000000 00000000: add_timer_randomness(.. 256) with jiffies: 5291054380416204415, cycles: 5291054376121532427
[    4.706346] random 0013 0000 0000 00000000 00000000: add_disk_randomness(0:0) 00000000 00000000
[    4.706349] random 0013 0000 0000 00000000 00000000: add_timer_randomness(.. 256) with jiffies: 5308961241534529153, cycles: 5308961237239857163
[    4.706352] random 0013 0000 0000 00000000 00000000: added 1 entropy credits to input
[    4.706354] random 0014 0000 0000 00000000 00000000: add_disk_randomness(0:0) 00000000 00000000
[    4.706357] random 0014 0000 0000 00000000 00000000: add_timer_randomness(.. 256) with jiffies: 5309034389122547329, cycles: 5309034384827875339
[    4.706634] Loading iSCSI transport class v2.0-870.
[    4.706913] rdac: device handler registered
[    4.707003] hp_sw: device handler registered
[    4.707084] emc: device handler registered
[    4.707165] alua: device handler registered
[    4.708151] Adaptec aacraid driver 1.1-5[2461]-ms
[    4.708570] scsi: <fdomain> Detection failed (no card)
[    4.708660] sym53c416.c: Version 1.0.0-ac
[    4.708760] qlogicfas: no cards were found, please specify I/O address and IRQ using iobase= and irq= options
[    4.708877] QLogic Fibre Channel HBA Driver: 8.03.01-k6
[    4.709092] iscsi: registered transport (qla4xxx)
[    4.709194] QLogic iSCSI HBA Driver
[    4.709279] Emulex LightPulse Fibre Channel SCSI driver 8.3.4
[    4.709372] Copyright(c) 2004-2009 Emulex.  All rights reserved.
[    4.731455] Failed initialization of WD-7000 SCSI card!
[    4.820709] DC390: clustering now enabled by default. If you get problems load
[    4.820828]        with "disable_clustering=1" and report to maintainers
[    4.820966] megaraid cmm: 2.20.2.7 (Release Date: Sun Jul 16 00:01:03 EST 2006)
[    4.821113] megaraid: 2.20.5.1 (Release Date: Thu Nov 16 15:32:35 EST 2006)
[    4.821225] megasas: 00.00.04.01 Thu July 24 11:41:51 PST 2008
[    4.821361] GDT-HA: Storage RAID Controller Driver. Version: 3.05
[    4.821510] 3ware Storage Controller device driver for Linux v1.26.02.002.
[    4.821617] 3ware 9000 Storage Controller device driver for Linux v2.26.02.012.
[    4.821756] nsp32: loading...
[    4.821868] ipr: IBM Power RAID SCSI Device Driver version: 2.4.3 (June 10, 2009)
[    4.822002] RocketRAID 3xxx/4xxx Controller driver v1.6 (090910)
[    4.822110] stex: Promise SuperTrak EX Driver version: 4.6.0000.3
[    4.822247] st: Version 20081215, fixed bufsize 32768, s/g segs 256
[    4.822432] ahci 0000:00:1f.2: version 3.0
[    4.822459] ahci 0000:00:1f.2: PCI INT B -> GSI 16 (level, low) -> IRQ 16
[    4.822586] ahci 0000:00:1f.2: irq 29 for MSI/MSI-X
[    4.822645] ahci 0000:00:1f.2: AHCI 0001.0100 32 slots 3 ports 1.5 Gbps 0x5 impl SATA mode
[    4.822767] ahci 0000:00:1f.2: flags: 64bit ncq sntf pm led clo pio slum part ccc 
[    4.822889] ahci 0000:00:1f.2: setting latency timer to 64
[    4.823032] scsi2 : ahci
[    4.823189] scsi3 : ahci
[    4.823326] scsi4 : ahci
[    4.823514] ata1: SATA max UDMA/133 abar m2048@0xfe226000 port 0xfe226100 irq 29
[    4.823628] ata2: DUMMY
[    4.823715] ata3: SATA max UDMA/133 abar m2048@0xfe226000 port 0xfe226200 irq 29
[    4.824308] I2O subsystem v1.325
[    4.824395] i2o: max drivers = 8
[    4.824544] I2O Configuration OSM v1.323
[    4.824641] I2O Bus Adapter OSM v1.317
[    4.824748] I2O Block Device OSM v1.325
[    4.824896] I2O SCSI Peripheral OSM v1.316
[    4.825003] I2O ProcFS OSM v1.316
[    4.825108] Fusion MPT base driver 3.04.12
[    4.825196] Copyright (c) 1999-2008 LSI Corporation
[    4.825286] Fusion MPT SPI Host driver 3.04.12
[    4.825389] Fusion MPT FC Host driver 3.04.12
[    4.825548] Fusion MPT SAS Host driver 3.04.12
[    4.825694] ohci1394 0000:15:00.1: PCI INT B -> GSI 17 (level, low) -> IRQ 17
[    4.825785] ohci1394 0000:15:00.1: setting latency timer to 64
[    4.879495] ohci1394: fw-host0: OHCI-1394 1.1 (PCI): IRQ=[17]  MMIO=[f8301000-f83017ff]  Max Packet=[2048]  IR/IT contexts=[4/4]
[    4.882758] ehci_hcd: USB 2.0 'Enhanced' Host Controller (EHCI) Driver
[    4.883034] ehci_hcd 0000:00:1a.7: power state changed by ACPI to D0
[    4.883277] ehci_hcd 0000:00:1a.7: power state changed by ACPI to D0
[    4.883374] ehci_hcd 0000:00:1a.7: PCI INT C -> GSI 22 (level, low) -> IRQ 22
[    4.883474] ehci_hcd 0000:00:1a.7: setting latency timer to 64
[    4.883477] ehci_hcd 0000:00:1a.7: EHCI Host Controller
[    4.883604] ehci_hcd 0000:00:1a.7: new USB bus registered, assigned bus number 1
[    4.887651] ehci_hcd 0000:00:1a.7: cache line size of 32 is not supported
[    4.887658] ehci_hcd 0000:00:1a.7: irq 22, io mem 0xfe226c00
[    4.897458] ehci_hcd 0000:00:1a.7: USB 2.0 started, EHCI 1.00
[    4.897559] usb usb1: New USB device found, idVendor=1d6b, idProduct=0002
[    4.897651] usb usb1: New USB device strings: Mfr=3, Product=2, SerialNumber=1
[    4.897769] usb usb1: Product: EHCI Host Controller
[    4.897855] usb usb1: Manufacturer: Linux 2.6.32.57 ehci_hcd
[    4.897945] usb usb1: SerialNumber: 0000:00:1a.7
[    4.898087] usb usb1: configuration #1 chosen from 1 choice
[    4.898202] hub 1-0:1.0: USB hub found
[    4.898289] hub 1-0:1.0: 4 ports detected
[    4.898585] ehci_hcd 0000:00:1d.7: power state changed by ACPI to D0
[    4.898831] ehci_hcd 0000:00:1d.7: power state changed by ACPI to D0
[    4.898930] ehci_hcd 0000:00:1d.7: PCI INT D -> GSI 19 (level, low) -> IRQ 19
[    4.899023] ehci_hcd 0000:00:1d.7: setting latency timer to 64
[    4.899028] ehci_hcd 0000:00:1d.7: EHCI Host Controller
[    4.899159] ehci_hcd 0000:00:1d.7: new USB bus registered, assigned bus number 2
[    4.899303] ehci_hcd 0000:00:1d.7: debug port 1
[    4.903274] ehci_hcd 0000:00:1d.7: cache line size of 32 is not supported
[    4.903281] ehci_hcd 0000:00:1d.7: irq 19, io mem 0xfe227000
[    4.913460] ehci_hcd 0000:00:1d.7: USB 2.0 started, EHCI 1.00
[    4.913573] usb usb2: New USB device found, idVendor=1d6b, idProduct=0002
[    4.913668] usb usb2: New USB device strings: Mfr=3, Product=2, SerialNumber=1
[    4.913788] usb usb2: Product: EHCI Host Controller
[    4.913871] usb usb2: Manufacturer: Linux 2.6.32.57 ehci_hcd
[    4.913958] usb usb2: SerialNumber: 0000:00:1d.7
[    4.914092] usb usb2: configuration #1 chosen from 1 choice
[    4.914212] hub 2-0:1.0: USB hub found
[    4.914298] hub 2-0:1.0: 6 ports detected
[    4.914483] 116x: driver isp116x-hcd, 03 Nov 2005
[    4.914581] ohci_hcd: USB 1.1 'Open' Host Controller (OHCI) Driver
[    4.914689] uhci_hcd: USB Universal Host Controller Interface driver
[    4.914803] uhci_hcd 0000:00:1a.0: PCI INT A -> GSI 20 (level, low) -> IRQ 20
[    4.914897] uhci_hcd 0000:00:1a.0: setting latency timer to 64
[    4.914902] uhci_hcd 0000:00:1a.0: UHCI Host Controller
[    4.915033] uhci_hcd 0000:00:1a.0: new USB bus registered, assigned bus number 3
[    4.915177] uhci_hcd 0000:00:1a.0: irq 20, io base 0x00001860
[    4.915296] usb usb3: New USB device found, idVendor=1d6b, idProduct=0001
[    4.915386] usb usb3: New USB device strings: Mfr=3, Product=2, SerialNumber=1
[    4.915504] usb usb3: Product: UHCI Host Controller
[    4.915589] usb usb3: Manufacturer: Linux 2.6.32.57 uhci_hcd
[    4.915681] usb usb3: SerialNumber: 0000:00:1a.0
[    4.915811] usb usb3: configuration #1 chosen from 1 choice
[    4.915928] hub 3-0:1.0: USB hub found
[    4.916024] hub 3-0:1.0: 2 ports detected
[    4.916319] uhci_hcd 0000:00:1a.1: power state changed by ACPI to D0
[    4.916571] uhci_hcd 0000:00:1a.1: power state changed by ACPI to D0
[    4.916662] uhci_hcd 0000:00:1a.1: PCI INT B -> GSI 21 (level, low) -> IRQ 21
[    4.916765] uhci_hcd 0000:00:1a.1: setting latency timer to 64
[    4.916768] uhci_hcd 0000:00:1a.1: UHCI Host Controller
[    4.916891] uhci_hcd 0000:00:1a.1: new USB bus registered, assigned bus number 4
[    4.917042] uhci_hcd 0000:00:1a.1: irq 21, io base 0x00001880
[    4.917154] usb usb4: New USB device found, idVendor=1d6b, idProduct=0001
[    4.917244] usb usb4: New USB device strings: Mfr=3, Product=2, SerialNumber=1
[    4.917357] usb usb4: Product: UHCI Host Controller
[    4.917449] usb usb4: Manufacturer: Linux 2.6.32.57 uhci_hcd
[    4.917550] usb usb4: SerialNumber: 0000:00:1a.1
[    4.917680] usb usb4: configuration #1 chosen from 1 choice
[    4.917802] hub 4-0:1.0: USB hub found
[    4.917889] hub 4-0:1.0: 2 ports detected
[    4.918230] uhci_hcd 0000:00:1d.0: power state changed by ACPI to D0
[    4.918484] uhci_hcd 0000:00:1d.0: power state changed by ACPI to D0
[    4.918574] uhci_hcd 0000:00:1d.0: PCI INT A -> GSI 16 (level, low) -> IRQ 16
[    4.918668] uhci_hcd 0000:00:1d.0: setting latency timer to 64
[    4.918673] uhci_hcd 0000:00:1d.0: UHCI Host Controller
[    4.918803] uhci_hcd 0000:00:1d.0: new USB bus registered, assigned bus number 5
[    4.918955] uhci_hcd 0000:00:1d.0: irq 16, io base 0x000018a0
[    4.919070] usb usb5: New USB device found, idVendor=1d6b, idProduct=0001
[    4.919162] usb usb5: New USB device strings: Mfr=3, Product=2, SerialNumber=1
[    4.919281] usb usb5: Product: UHCI Host Controller
[    4.919371] usb usb5: Manufacturer: Linux 2.6.32.57 uhci_hcd
[    4.919468] usb usb5: SerialNumber: 0000:00:1d.0
[    4.919601] usb usb5: configuration #1 chosen from 1 choice
[    4.919719] hub 5-0:1.0: USB hub found
[    4.919803] hub 5-0:1.0: 2 ports detected
[    4.919945] uhci_hcd 0000:00:1d.1: PCI INT B -> GSI 17 (level, low) -> IRQ 17
[    4.920041] uhci_hcd 0000:00:1d.1: setting latency timer to 64
[    4.920046] uhci_hcd 0000:00:1d.1: UHCI Host Controller
[    4.920174] uhci_hcd 0000:00:1d.1: new USB bus registered, assigned bus number 6
[    4.920322] uhci_hcd 0000:00:1d.1: irq 17, io base 0x000018c0
[    4.920431] usb usb6: New USB device found, idVendor=1d6b, idProduct=0001
[    4.920525] usb usb6: New USB device strings: Mfr=3, Product=2, SerialNumber=1
[    4.920647] usb usb6: Product: UHCI Host Controller
[    4.920737] usb usb6: Manufacturer: Linux 2.6.32.57 uhci_hcd
[    4.920824] usb usb6: SerialNumber: 0000:00:1d.1
[    4.920954] usb usb6: configuration #1 chosen from 1 choice
[    4.921062] hub 6-0:1.0: USB hub found
[    4.921152] hub 6-0:1.0: 2 ports detected
[    4.921443] uhci_hcd 0000:00:1d.2: power state changed by ACPI to D0
[    4.921698] uhci_hcd 0000:00:1d.2: power state changed by ACPI to D0
[    4.921788] uhci_hcd 0000:00:1d.2: PCI INT C -> GSI 18 (level, low) -> IRQ 18
[    4.921882] uhci_hcd 0000:00:1d.2: setting latency timer to 64
[    4.921887] uhci_hcd 0000:00:1d.2: UHCI Host Controller
[    4.922020] uhci_hcd 0000:00:1d.2: new USB bus registered, assigned bus number 7
[    4.922166] uhci_hcd 0000:00:1d.2: irq 18, io base 0x000018e0
[    4.922276] usb usb7: New USB device found, idVendor=1d6b, idProduct=0001
[    4.922363] usb usb7: New USB device strings: Mfr=3, Product=2, SerialNumber=1
[    4.922488] usb usb7: Product: UHCI Host Controller
[    4.922577] usb usb7: Manufacturer: Linux 2.6.32.57 uhci_hcd
[    4.922668] usb usb7: SerialNumber: 0000:00:1d.2
[    4.923466] usb usb7: configuration #1 chosen from 1 choice
[    4.923589] hub 7-0:1.0: USB hub found
[    4.923675] hub 7-0:1.0: 2 ports detected
[    4.923828] sl811: driver sl811-hcd, 19 May 2005
[    4.923928] r8a66597_hcd: driver r8a66597_hcd, 2009-05-26
[    4.924095] Initializing USB Mass Storage driver...
[    4.924217] usbcore: registered new interface driver usb-storage
[    4.924310] USB Mass Storage support registered.
[    4.924406] usbcore: registered new interface driver ums-alauda
[    4.924519] usbcore: registered new interface driver ums-cypress
[    4.924631] usbcore: registered new interface driver ums-datafab
[    4.924733] usbcore: registered new interface driver ums-freecom
[    4.924836] usbcore: registered new interface driver ums-isd200
[    4.924935] usbcore: registered new interface driver ums-jumpshot
[    4.925042] usbcore: registered new interface driver ums-karma
[    4.925147] usbcore: registered new interface driver ums-onetouch
[    4.925253] usbcore: registered new interface driver ums-sddr09
[    4.925357] usbcore: registered new interface driver ums-sddr55
[    4.925475] usbcore: registered new interface driver ums-usbat
[    4.925618] PNP: PS/2 Controller [PNP0303:KBD,PNP0f13:MOU] at 0x60,0x64 irq 1,12
[    4.934212] serio: i8042 KBD port at 0x60,0x64 irq 1
[    4.934294] serio: i8042 AUX port at 0x60,0x64 irq 12
[    4.934544] mice: PS/2 mouse device common for all mice
[    4.934654] i2c /dev entries driver
[    4.934783] md: linear personality registered for level -1
[    4.934870] md: raid0 personality registered for level 0
[    4.934955] md: raid1 personality registered for level 1
[    4.935043] md: raid10 personality registered for level 10
[    4.935133] md: raid6 personality registered for level 6
[    4.935216] md: raid5 personality registered for level 5
[    4.935318] md: raid4 personality registered for level 4
[    4.935411] md: multipath personality registered for level -4
[    4.935607] device-mapper: ioctl: 4.15.0-ioctl (2009-04-01) initialised: dm-devel@redhat.com
[    4.935809] cpuidle: using governor ladder
[    4.936412] usbcore: registered new interface driver usbhid
[    4.936508] usbhid: v2.6:USB HID core driver
[    4.936646] random 0014 0000 0000 00000000 00000000: rand_read_num 4 get_random_bytes(136): sig 00000000 00000000 00000000
[    4.936649] random 0014 0000 0000 00000000 00000000: extract_entropy(.. 136 ..)
[    4.936652] random 0014 0000 0000 00000000 00000000: going to reseed nonblocking with 1024 bits (1088 of 0 requested)
[    4.936660] random 0014 0000 0000 00000000 00000000: extract_entropy(.. 128 ..)
[    4.936662] random 0014 0000 0000 00000000 00000000: trying to extract 1024 bits from input
[    4.936665] random 0014 0000 0000 00000000 00000000: debiting 0 entropy credits from input
[    4.936667] random 0014 0000 0000 00000000 00000000: extract_entropy account returned: 0 
[    4.936669] random 0014 0000 0000 00000000 00000000: urand_change_num 7 xfer_secondary_pool(136): pool_sig 00000000, data_sig 00000000, bytes_mixed 0 00000000 00000000
[    4.936673] random 0014 0000 0000 00000000 00000000: trying to extract 1088 bits from nonblocking
[    4.936675] random 0014 0000 0000 00000000 00000000: debiting 1088 entropy credits from nonblocking (unlimited)
[    4.936677] random 0014 0000 0000 00000000 00000000: extract_entropy account returned: 136 
[    4.936682] random 0014 0000 0000 00000000 00000000: urand_change_num 8 extract_buf: pool_sig 00000000, data_sig fffffff9, bytes_mixed 20 00000000 00000000
[    4.936687] random 0014 0000 0000 b7c35b56 be4dc95d: urand_change_num 9 extract_buf: pool_sig fffffd1e, data_sig 000000c5, bytes_mixed 20 b7c35b56 be4dc95d
[    4.936692] random 0014 0000 0000 ed9f5c47 c48487fb: urand_change_num 10 extract_buf: pool_sig fffff8ec, data_sig ffffff68, bytes_mixed 20 ed9f5c47 c48487fb
[    4.936698] random 0014 0000 0000 ed9f5c47 c48487fb: urand_change_num 11 extract_buf: pool_sig fffffaed, data_sig 000001aa, bytes_mixed 20 ed9f5c47 c48487fb
[    4.936703] random 0014 0000 0000 1b4f7c0a 91bd6a48: urand_change_num 12 extract_buf: pool_sig fffffdd8, data_sig 00000064, bytes_mixed 20 1b4f7c0a 91bd6a48
[    4.936708] random 0014 0000 0000 a254b9bc 20e9a24f: urand_change_num 13 extract_buf: pool_sig fffffbe6, data_sig 000001dd, bytes_mixed 20 a254b9bc 20e9a24f
[    4.936713] random 0014 0000 0000 a254b9bc 20e9a24f: urand_change_num 14 extract_buf: pool_sig fffff940, data_sig fffffe20, bytes_mixed 20 a254b9bc 20e9a24f
[    4.936719] random 0014 0000 0000 2831a66b 5fa2a3ad: urand_change_num 15 extract_buf: pool_sig fffffbce, data_sig 0000007e, bytes_mixed 20 2831a66b 5fa2a3ad
[    4.936724] random 0014 0000 0000 2831a66b 5fa2a3ad: urand_change_num 16 extract_buf: pool_sig 000004df, data_sig fffffe8f, bytes_mixed 20 2831a66b 5fa2a3ad
[    4.936729] random 0014 0000 0000 d4512bfd c9a54e0b: urand_change_num 17 extract_buf: pool_sig 00000485, data_sig fffffe68, bytes_mixed 20 d4512bfd c9a54e0b
[    4.936734] random 0014 0000 0000 c7371be6 f9ffea11: urand_change_num 18 extract_buf: pool_sig 00000095, data_sig ffffffed, bytes_mixed 20 c7371be6 f9ffea11
[    4.936739] random 0014 0000 0000 c7371be6 f9ffea11: urand_change_num 19 extract_buf: pool_sig 000003a7, data_sig fffffefa, bytes_mixed 20 c7371be6 f9ffea11
[    4.936744] random 0014 0000 0000 8fb4b62c d1ddba54: urand_change_num 20 extract_buf: pool_sig 00000179, data_sig ffffff78, bytes_mixed 20 8fb4b62c d1ddba54
[    4.936750] random 0014 0000 0000 9ff19f9c c07a1d2a: urand_change_num 21 extract_buf: pool_sig fffffe88, data_sig 00000126, bytes_mixed 20 9ff19f9c c07a1d2a
[    4.936754] TCP cubic registered
[    4.936836] Initializing XFRM netlink socket
[    4.936921] NET: Registered protocol family 17
[    4.937015] Using IPI Shortcut mode
[    4.937100] random 0014 0000 0000 9ff19f9c c07a1d2a: rand_read_num 5 get_random_bytes(8): sig 0000031b 9ff19f9c c07a1d2a
[    4.937102] random 0014 0000 0000 9ff19f9c c07a1d2a: extract_entropy(.. 8 ..)
[    4.937105] random 0014 0000 0000 9ff19f9c c07a1d2a: going to reseed nonblocking with 64 bits (64 of 0 requested)
[    4.937107] random 0014 0000 0000 9ff19f9c c07a1d2a: extract_entropy(.. 8 ..)
[    4.937109] random 0014 0000 0000 9ff19f9c c07a1d2a: trying to extract 64 bits from input
[    4.937111] random 0014 0000 0000 9ff19f9c c07a1d2a: debiting 0 entropy credits from input
[    4.937113] random 0014 0000 0000 9ff19f9c c07a1d2a: extract_entropy account returned: 0 
[    4.937116] random 0014 0000 0000 9ff19f9c c07a1d2a: urand_change_num 22 xfer_secondary_pool(8): pool_sig 0000031b, data_sig 00000000, bytes_mixed 0 9ff19f9c c07a1d2a
[    4.937119] random 0014 0000 0000 9ff19f9c c07a1d2a: trying to extract 64 bits from nonblocking
[    4.937122] random 0014 0000 0000 9ff19f9c c07a1d2a: debiting 64 entropy credits from nonblocking (unlimited)
[    4.937124] random 0014 0000 0000 9ff19f9c c07a1d2a: extract_entropy account returned: 8 
[    4.937128] random 0014 0000 0000 9ff19f9c c07a1d2a: urand_change_num 23 extract_buf: pool_sig 0000031b, data_sig ffffffb3, bytes_mixed 20 9ff19f9c c07a1d2a
[    4.939424] input: AT Translated Set 2 keyboard as /devices/platform/i8042/serio0/input/input1
[    5.129501] ata3: SATA link down (SStatus 0 SControl 300)
[    5.129612] ata1: SATA link up 1.5 Gbps (SStatus 113 SControl 300)
[    5.131429] ata1.00: ACPI cmd ef/02:00:00:00:00:a0 (SET FEATURES) succeeded
[    5.131432] ata1.00: ACPI cmd f5/00:00:00:00:00:a0 (SECURITY FREEZE LOCK) filtered out
[    5.132825] ata1.00: ACPI cmd ef/5f:00:00:00:00:a0 (SET FEATURES) succeeded
[    5.132828] ata1.00: ACPI cmd ef/10:03:00:00:00:a0 (SET FEATURES) filtered out
[    5.134735] ata1.00: ATA-7: ST910021AS, 4.06, max UDMA/100
[    5.134819] ata1.00: 195371568 sectors, multi 16: LBA48 
[    5.136974] ata1.00: ACPI cmd ef/02:00:00:00:00:a0 (SET FEATURES) succeeded
[    5.136977] ata1.00: ACPI cmd f5/00:00:00:00:00:a0 (SECURITY FREEZE LOCK) filtered out
[    5.138369] ata1.00: ACPI cmd ef/5f:00:00:00:00:a0 (SET FEATURES) succeeded
[    5.138372] ata1.00: ACPI cmd ef/10:03:00:00:00:a0 (SET FEATURES) filtered out
[    5.140296] ata1.00: configured for UDMA/100
[    5.150552] scsi 2:0:0:0: Direct-Access     ATA      ST910021AS       4.06 PQ: 0 ANSI: 5
[    5.150827] sd 2:0:0:0: [sda] 195371568 512-byte logical blocks: (100 GB/93.1 GiB)
[    5.150970] sd 2:0:0:0: [sda] Write Protect is off
[    5.151055] sd 2:0:0:0: [sda] Mode Sense: 00 3a 00 00
[    5.151067] sd 2:0:0:0: [sda] Write cache: enabled, read cache: enabled, doesn't support DPO or FUA
[    5.151252]  sda:
[    5.216501] usb 2-1: new high speed USB device using ehci_hcd and address 2
[    5.366136] usb 2-1: New USB device found, idVendor=0e8d, idProduct=1806
[    5.366220] usb 2-1: New USB device strings: Mfr=1, Product=2, SerialNumber=3
[    5.366309] usb 2-1: Product: MT1806 
[    5.366392] usb 2-1: Manufacturer: MediaTek Inc
[    5.366476] usb 2-1: SerialNumber: R8KN6GAC800AEB 
[    5.366616] usb 2-1: configuration #1 chosen from 1 choice
[    5.373053] scsi5 : SCSI emulation for USB Mass Storage devices
[    5.373218] usb-storage: device found at 2
[    5.373219] usb-storage: waiting for device to settle before scanning
[    5.530518] random 0014 0000 0000 277f73c3 42024bb9: add_disk_randomness(8:0) 277f73c3 42024bb9
[    5.530522] random 0014 0000 0000 277f73c3 42024bb9: add_timer_randomness(.. 8388864) with jiffies: 12722565524508868961, cycles: -5724178553495355381
[    5.530525] random 0014 0000 0000 277f73c3 42024bb9: added 11 entropy credits to input
[    5.530530]  sda1 sda2
[    5.530843] random 0025 0000 0000 277f73c3 42024bb9: add_disk_randomness(8:0) 277f73c3 42024bb9
[    5.530846] random 0025 0000 0000 277f73c3 42024bb9: add_timer_randomness(.. 8388864) with jiffies: 12725473165828653410, cycles: -5721270912175570933
[    5.531001] sd 2:0:0:0: [sda] Attached SCSI disk
[    5.531088] random 0025 0000 0000 277f73c3 42024bb9: rand_read_num 6 get_random_bytes(12): sig 000007e9 277f73c3 42024bb9
[    5.531091] random 0025 0000 0000 277f73c3 42024bb9: extract_entropy(.. 12 ..)
[    5.531094] random 0025 0000 0000 277f73c3 42024bb9: going to reseed nonblocking with 96 bits (96 of 0 requested)
[    5.531096] random 0025 0000 0000 277f73c3 42024bb9: extract_entropy(.. 12 ..)
[    5.531098] random 0025 0000 0000 277f73c3 42024bb9: trying to extract 96 bits from input
[    5.531100] random 0025 0000 0000 277f73c3 42024bb9: debiting 0 entropy credits from input
[    5.531102] random 0025 0000 0000 277f73c3 42024bb9: extract_entropy account returned: 0 
[    5.531105] random 0025 0000 0000 277f73c3 42024bb9: urand_change_num 24 xfer_secondary_pool(12): pool_sig 000007e9, data_sig 00000000, bytes_mixed 0 277f73c3 42024bb9
[    5.531108] random 0025 0000 0000 277f73c3 42024bb9: trying to extract 96 bits from nonblocking
[    5.531111] random 0025 0000 0000 277f73c3 42024bb9: debiting 96 entropy credits from nonblocking (unlimited)
[    5.531113] random 0025 0000 0000 277f73c3 42024bb9: extract_entropy account returned: 12 
[    5.531117] random 0025 0000 0000 277f73c3 42024bb9: urand_change_num 25 extract_buf: pool_sig 000007e9, data_sig 00000088, bytes_mixed 20 277f73c3 42024bb9
[    5.531122] random 0025 0000 0000 277f73c3 42024bb9: urand_change_num 26 extract_buf: pool_sig 00000498, data_sig fffffefb, bytes_mixed 20 277f73c3 42024bb9
[    5.531125] RANDOM - __seed init called.
[    5.531126] RANDOM - __seed init called.
[    5.531127] RANDOM - __seed init called.
[    5.531129] RANDOM - __random32 called. Change num 12.  Value: 87f14767	f0d7351	b1e48bd3
[    5.531131] RANDOM - random32_reseed called.  Value: 87f14767	f0d7351	b1e48bd3
[    5.531133] Pid: 1, comm: swapper Not tainted 2.6.32.57 #6
[    5.531227] Call Trace:
[    5.531317]  [<c1923ca4>] ? random32_reseed+0xa0/0xb1
[    5.531406]  [<c1923c04>] ? random32_reseed+0x0/0xb1
[    5.531493]  [<c100111e>] ? do_one_initcall+0x2e/0x180
[    5.531586]  [<c1907265>] ? kernel_init+0xad/0x103
[    5.531678]  [<c19071b8>] ? kernel_init+0x0/0x103
[    5.531763]  [<c1003787>] ? kernel_thread_helper+0x7/0x10
[    5.532290] random 0025 0000 0000 386b4e60 ee4d4880: rand_read_num 7 get_random_bytes(64): sig fffffea5 386b4e60 ee4d4880
[    5.532293] random 0025 0000 0000 386b4e60 ee4d4880: extract_entropy(.. 64 ..)
[    5.532295] random 0025 0000 0000 386b4e60 ee4d4880: going to reseed nonblocking with 512 bits (512 of 0 requested)
[    5.532297] random 0025 0000 0000 386b4e60 ee4d4880: extract_entropy(.. 64 ..)
[    5.532299] random 0025 0000 0000 386b4e60 ee4d4880: trying to extract 512 bits from input
[    5.532302] random 0025 0000 0000 386b4e60 ee4d4880: debiting 0 entropy credits from input
[    5.532304] random 0025 0000 0000 386b4e60 ee4d4880: extract_entropy account returned: 0 
[    5.532307] random 0025 0000 0000 386b4e60 ee4d4880: urand_change_num 27 xfer_secondary_pool(64): pool_sig fffffea5, data_sig 00000000, bytes_mixed 0 386b4e60 ee4d4880
[    5.532310] random 0025 0000 0000 386b4e60 ee4d4880: trying to extract 512 bits from nonblocking
[    5.532312] random 0025 0000 0000 386b4e60 ee4d4880: debiting 512 entropy credits from nonblocking (unlimited)
[    5.532314] random 0025 0000 0000 386b4e60 ee4d4880: extract_entropy account returned: 64 
[    5.532318] random 0025 0000 0000 386b4e60 ee4d4880: urand_change_num 28 extract_buf: pool_sig fffffea5, data_sig 00000173, bytes_mixed 20 386b4e60 ee4d4880
[    5.532324] random 0025 0000 0000 412698f6 0cc8689a: urand_change_num 29 extract_buf: pool_sig 00000122, data_sig ffffff63, bytes_mixed 20 412698f6 0cc8689a
[    5.532329] random 0025 0000 0000 412698f6 0cc8689a: urand_change_num 30 extract_buf: pool_sig 000001f7, data_sig 00000012, bytes_mixed 20 412698f6 0cc8689a
[    5.532335] random 0025 0000 0000 9669941e 06f768b1: urand_change_num 31 extract_buf: pool_sig fffffb5b, data_sig 0000003f, bytes_mixed 20 9669941e 06f768b1
[    5.532340] random 0025 0000 0000 98486520 995551f0: urand_change_num 32 extract_buf: pool_sig fffffb39, data_sig 0000000e, bytes_mixed 20 98486520 995551f0
[    5.532345] random 0025 0000 0000 98486520 995551f0: urand_change_num 33 extract_buf: pool_sig fffffd8d, data_sig 000001a6, bytes_mixed 20 98486520 995551f0
[    5.532350] random 0025 0000 0000 61fc8914 d5882ed2: urand_change_num 34 extract_buf: pool_sig fffffa58, data_sig 0000023e, bytes_mixed 20 61fc8914 d5882ed2
[    5.532380] random 0025 0000 0000 61fc8914 d5882ed2: rand_read_num 8 get_random_bytes(64): sig fffff9ee 61fc8914 d5882ed2
[    5.532382] random 0025 0000 0000 61fc8914 d5882ed2: extract_entropy(.. 64 ..)
[    5.532384] random 0025 0000 0000 61fc8914 d5882ed2: going to reseed nonblocking with 512 bits (512 of 0 requested)
[    5.532386] random 0025 0000 0000 61fc8914 d5882ed2: extract_entropy(.. 64 ..)
[    5.532389] random 0025 0000 0000 61fc8914 d5882ed2: trying to extract 512 bits from input
[    5.532391] random 0025 0000 0000 61fc8914 d5882ed2: debiting 0 entropy credits from input
[    5.532393] random 0025 0000 0000 61fc8914 d5882ed2: extract_entropy account returned: 0 
[    5.532396] random 0025 0000 0000 61fc8914 d5882ed2: urand_change_num 35 xfer_secondary_pool(64): pool_sig fffff9ee, data_sig 00000000, bytes_mixed 0 61fc8914 d5882ed2
[    5.532399] random 0025 0000 0000 61fc8914 d5882ed2: trying to extract 512 bits from nonblocking
[    5.532401] random 0025 0000 0000 61fc8914 d5882ed2: debiting 512 entropy credits from nonblocking (unlimited)
[    5.532403] random 0025 0000 0000 61fc8914 d5882ed2: extract_entropy account returned: 64 
[    5.532407] random 0025 0000 0000 61fc8914 d5882ed2: urand_change_num 36 extract_buf: pool_sig fffff9ee, data_sig ffffff85, bytes_mixed 20 61fc8914 d5882ed2
[    5.532413] random 0025 0000 0000 70cfd302 e5edec11: urand_change_num 37 extract_buf: pool_sig fffffdc1, data_sig ffffffde, bytes_mixed 20 70cfd302 e5edec11
[    5.532418] random 0025 0000 0000 00dab838 eafd2b30: urand_change_num 38 extract_buf: pool_sig 000003da, data_sig ffffff61, bytes_mixed 20 00dab838 eafd2b30
[    5.532423] random 0025 0000 0000 00dab838 eafd2b30: urand_change_num 39 extract_buf: pool_sig 00000314, data_sig 00000121, bytes_mixed 20 00dab838 eafd2b30
[    5.532429] random 0025 0000 0000 5fcdf66a 6442b608: urand_change_num 40 extract_buf: pool_sig 0000028b, data_sig fffffefd, bytes_mixed 20 5fcdf66a 6442b608
[    5.532434] random 0025 0000 0000 61333f6b 8fae0f9b: urand_change_num 41 extract_buf: pool_sig 000000cb, data_sig 000000b3, bytes_mixed 20 61333f6b 8fae0f9b
[    5.532439] random 0025 0000 0000 61333f6b 8fae0f9b: urand_change_num 42 extract_buf: pool_sig fffffef8, data_sig 00000051, bytes_mixed 20 61333f6b 8fae0f9b
[    5.532442] BEGIN NET_SECRET:
[    5.532443] \xffffffe0
[    5.532444] \xffffffb6
[    5.532445] \x36
[    5.532445] \xffffffb5
[    5.532446] \xffffff94
[    5.532447] \xffffffb2
[    5.532448] \xffffffa8
[    5.532449] \xffffffda
[    5.532450] \x5b
[    5.532450] \x19
[    5.532451] \x18
[    5.532452] \x5c
[    5.532453] \x2b
[    5.532453] \x1
[    5.532454] \xffffff90
[    5.532455] \x19
[    5.532456] \x3c
[    5.532456] \xfffffff2
[    5.532457] \xffffff82
[    5.532458] \x2a
[    5.532459] \xffffffb3
[    5.532460] \xffffffa2
[    5.532460] \x3f
[    5.532461] \x5
[    5.532462] \x52
[    5.532463] \x77
[    5.532463] \x57
[    5.532464] \x79
[    5.532465] \x16
[    5.532465] \x43
[    5.532466] \xffffff84
[    5.532467] \xffffffc3
[    5.532468] \xffffffe9
[    5.532469] \x79
[    5.532469] \x50
[    5.532470] \xffffff8e
[    5.532471] \x3f
[    5.532472] \xfffffff3
[    5.532472] \x19
[    5.532473] \x2a
[    5.532474] \xfffffffd
[    5.532475] \xfffffffb
[    5.532476] \x62
[    5.532476] \x3c
[    5.532477] \xffffffac
[    5.532478] \x1c
[    5.532479] \x3b
[    5.532479] \x3b
[    5.532480] \x15
[    5.532481] \x27
[    5.532481] \xffffffa8
[    5.532482] \x22
[    5.532483] \xffffffc5
[    5.532484] \xffffff9a
[    5.532485] \x5
[    5.532485] \x6c
[    5.532486] \xffffffa8
[    5.532487] \x3a
[    5.532488] \x44
[    5.532488] \xffffffaf
[    5.532489] \x13
[    5.532490] \xffffffe0
[    5.532491] \xffffff9d
[    5.532492] \x22
[    5.532492] 
[    5.532493] END NET_SECRET
[    5.532496] random 0025 0000 0000 e7f555d9 e8ce5c3c: rand_read_num 9 get_random_bytes(4): sig 0000068c e7f555d9 e8ce5c3c
[    5.532498] random 0025 0000 0000 e7f555d9 e8ce5c3c: extract_entropy(.. 4 ..)
[    5.532501] random 0025 0000 0000 e7f555d9 e8ce5c3c: going to reseed nonblocking with 64 bits (32 of 0 requested)
[    5.532503] random 0025 0000 0000 e7f555d9 e8ce5c3c: extract_entropy(.. 8 ..)
[    5.532505] random 0025 0000 0000 e7f555d9 e8ce5c3c: trying to extract 64 bits from input
[    5.532507] random 0025 0000 0000 e7f555d9 e8ce5c3c: debiting 0 entropy credits from input
[    5.532509] random 0025 0000 0000 e7f555d9 e8ce5c3c: extract_entropy account returned: 0 
[    5.532512] random 0025 0000 0000 e7f555d9 e8ce5c3c: urand_change_num 43 xfer_secondary_pool(4): pool_sig 0000068c, data_sig 00000000, bytes_mixed 0 e7f555d9 e8ce5c3c
[    5.532515] random 0025 0000 0000 e7f555d9 e8ce5c3c: trying to extract 32 bits from nonblocking
[    5.532517] random 0025 0000 0000 e7f555d9 e8ce5c3c: debiting 32 entropy credits from nonblocking (unlimited)
[    5.532520] random 0025 0000 0000 e7f555d9 e8ce5c3c: extract_entropy account returned: 4 
[    5.532524] random 0025 0000 0000 e7f555d9 e8ce5c3c: urand_change_num 44 extract_buf: pool_sig 0000068c, data_sig fffffdcb, bytes_mixed 20 e7f555d9 e8ce5c3c
[    5.532538] md: Waiting for all devices to be available before autodetect
[    5.532625] md: If you don't use raid, use raid=noautodetect
[    5.532791] md: Autodetecting RAID arrays.
[    5.532877] md: Scanned 0 and added 0 devices.
[    5.532963] md: autorun ...
[    5.533045] md: ... autorun DONE.
[    5.548479] random 0025 0000 0000 e7f555d9 e8ce5c3c: add_disk_randomness(8:0) e7f555d9 e8ce5c3c
[    5.548483] random 0025 0000 0000 e7f555d9 e8ce5c3c: add_timer_randomness(.. 8388864) with jiffies: 12884129515440931187, cycles: -5562614562563293173
[    5.548485] random 0025 0000 0000 e7f555d9 e8ce5c3c: added 4 entropy credits to input
[    5.549604] random 0029 0000 0000 e7f555d9 e8ce5c3c: add_disk_randomness(8:0) e7f555d9 e8ce5c3c
[    5.549607] random 0029 0000 0000 e7f555d9 e8ce5c3c: add_timer_randomness(.. 8388864) with jiffies: 12894232541241508213, cycles: -5552511536762716149
[    5.549610] random 0029 0000 0000 e7f555d9 e8ce5c3c: added 1 entropy credits to input
[    5.556691] random 0030 0000 0000 e7f555d9 e8ce5c3c: add_disk_randomness(8:0) e7f555d9 e8ce5c3c
[    5.556694] random 0030 0000 0000 e7f555d9 e8ce5c3c: add_timer_randomness(.. 8388864) with jiffies: 12957983011398975868, cycles: -5488761066605248501
[    5.556697] random 0030 0000 0000 e7f555d9 e8ce5c3c: added 2 entropy credits to input
[    5.556702] EXT3-fs: sda2: couldn't mount because of unsupported optional features (240).
[    5.556924] random 0032 0000 0000 e7f555d9 e8ce5c3c: add_disk_randomness(8:0) e7f555d9 e8ce5c3c
[    5.556927] random 0032 0000 0000 e7f555d9 e8ce5c3c: add_timer_randomness(.. 8388864) with jiffies: 12960078268244656508, cycles: -5486665809759567861
[    5.556931] EXT2-fs: sda2: couldn't mount because of unsupported optional features (240).
[    5.557154] random 0032 0000 0000 e7f555d9 e8ce5c3c: add_disk_randomness(8:0) e7f555d9 e8ce5c3c
[    5.557157] random 0032 0000 0000 e7f555d9 e8ce5c3c: add_timer_randomness(.. 8388864) with jiffies: 12962153776830710140, cycles: -5484590301173514229
[    5.557289] random 0032 0000 0000 e7f555d9 e8ce5c3c: add_disk_randomness(8:0) e7f555d9 e8ce5c3c
[    5.557292] random 0032 0000 0000 e7f555d9 e8ce5c3c: add_timer_randomness(.. 8388864) with jiffies: 12963368196013523324, cycles: -5483375881990701045
[    5.557411] random 0032 0000 0000 e7f555d9 e8ce5c3c: add_disk_randomness(8:0) e7f555d9 e8ce5c3c
[    5.557414] random 0032 0000 0000 e7f555d9 e8ce5c3c: add_timer_randomness(.. 8388864) with jiffies: 12964467754885939580, cycles: -5482276323118284789
[    5.557557] random 0032 0000 0000 e7f555d9 e8ce5c3c: add_disk_randomness(8:0) e7f555d9 e8ce5c3c
[    5.557560] random 0032 0000 0000 e7f555d9 e8ce5c3c: add_timer_randomness(.. 8388864) with jiffies: 12965766192218997117, cycles: -5480977885785227253
[    5.557685] random 0032 0000 0000 e7f555d9 e8ce5c3c: add_disk_randomness(8:0) e7f555d9 e8ce5c3c
[    5.557688] random 0032 0000 0000 e7f555d9 e8ce5c3c: add_timer_randomness(.. 8388864) with jiffies: 12966925820504015229, cycles: -5479818257500209141
[    5.557804] random 0032 0000 0000 e7f555d9 e8ce5c3c: add_disk_randomness(8:0) e7f555d9 e8ce5c3c
[    5.557807] random 0032 0000 0000 e7f555d9 e8ce5c3c: add_timer_randomness(.. 8388864) with jiffies: 12967998501471093117, cycles: -5478745576533131253
[    5.557917] random 0032 0000 0000 e7f555d9 e8ce5c3c: add_disk_randomness(8:0) e7f555d9 e8ce5c3c
[    5.557920] random 0032 0000 0000 e7f555d9 e8ce5c3c: add_timer_randomness(.. 8388864) with jiffies: 12969012465940267389, cycles: -5477731612063956981
[    5.558031] random 0032 0000 0000 e7f555d9 e8ce5c3c: add_disk_randomness(8:0) e7f555d9 e8ce5c3c
[    5.558034] random 0032 0000 0000 e7f555d9 e8ce5c3c: add_timer_randomness(.. 8388864) with jiffies: 12970039508584857981, cycles: -5476704569419366389
[    5.558271] random 0032 0000 0000 e7f555d9 e8ce5c3c: rand_read_num 10 get_random_bytes(4): sig ffffff72 e7f555d9 e8ce5c3c
[    5.558274] random 0032 0000 0000 e7f555d9 e8ce5c3c: extract_entropy(.. 4 ..)
[    5.558276] random 0032 0000 0000 e7f555d9 e8ce5c3c: going to reseed nonblocking with 64 bits (32 of 0 requested)
[    5.558279] random 0032 0000 0000 e7f555d9 e8ce5c3c: extract_entropy(.. 8 ..)
[    5.558281] random 0032 0000 0000 e7f555d9 e8ce5c3c: trying to extract 64 bits from input
[    5.558283] random 0032 0000 0000 e7f555d9 e8ce5c3c: debiting 0 entropy credits from input
[    5.558285] random 0032 0000 0000 e7f555d9 e8ce5c3c: extract_entropy account returned: 0 
[    5.558288] random 0032 0000 0000 e7f555d9 e8ce5c3c: urand_change_num 45 xfer_secondary_pool(4): pool_sig ffffff72, data_sig 00000000, bytes_mixed 0 e7f555d9 e8ce5c3c
[    5.558291] random 0032 0000 0000 e7f555d9 e8ce5c3c: trying to extract 32 bits from nonblocking
[    5.558293] random 0032 0000 0000 e7f555d9 e8ce5c3c: debiting 32 entropy credits from nonblocking (unlimited)
[    5.558295] random 0032 0000 0000 e7f555d9 e8ce5c3c: extract_entropy account returned: 4 
[    5.558299] random 0032 0000 0000 e7f555d9 e8ce5c3c: urand_change_num 46 extract_buf: pool_sig ffffff72, data_sig ffffff72, bytes_mixed 20 e7f555d9 e8ce5c3c
[    5.562934] random 0032 0000 0000 91716c54 eeb6a1e7: add_disk_randomness(8:0) 91716c54 eeb6a1e7
[    5.562937] random 0032 0000 0000 91716c54 eeb6a1e7: add_timer_randomness(.. 8388864) with jiffies: 13014138441778823554, cycles: -5432605636225400821
[    5.562939] random 0032 0000 0000 91716c54 eeb6a1e7: added 2 entropy credits to input
[    5.581210] random 0034 0000 0000 91716c54 eeb6a1e7: add_disk_randomness(8:0) 91716c54 eeb6a1e7
[    5.581214] random 0034 0000 0000 91716c54 eeb6a1e7: add_timer_randomness(.. 8388864) with jiffies: 13178546890766778772, cycles: -5268197187237445621
[    5.581216] random 0034 0000 0000 91716c54 eeb6a1e7: added 3 entropy credits to input
[    5.585955] EXT4-fs (sda2): mounted filesystem with ordered data mode
[    5.586156] VFS: Mounted root (ext4 filesystem) readonly on device 8:2.
[    5.586263] Freeing unused kernel memory: 448k freed
[    5.606364] random 0037 0000 0000 91716c54 eeb6a1e7: add_disk_randomness(8:0) 91716c54 eeb6a1e7
[    5.606367] random 0037 0000 0000 91716c54 eeb6a1e7: add_timer_randomness(.. 8388864) with jiffies: 13404814027142169005, cycles: -5041930050862055413
[    5.606370] random 0037 0000 0000 91716c54 eeb6a1e7: added 2 entropy credits to input
[    5.607096] random 0039 0000 0000 91716c54 eeb6a1e7: add_disk_randomness(8:0) 91716c54 eeb6a1e7
[    5.607099] random 0039 0000 0000 91716c54 eeb6a1e7: add_timer_randomness(.. 8388864) with jiffies: 13411394466795454894, cycles: -5035349611208769525
[    5.611828] random 0039 0000 0000 91716c54 eeb6a1e7: add_disk_randomness(8:0) 91716c54 eeb6a1e7
[    5.611831] random 0039 0000 0000 91716c54 eeb6a1e7: add_timer_randomness(.. 8388864) with jiffies: 13453955720093073843, cycles: -4992788357911150581
[    5.611834] random 0039 0000 0000 91716c54 eeb6a1e7: added 2 entropy credits to input
[    5.620026] random 0041 0000 0000 91716c54 eeb6a1e7: add_disk_randomness(8:0) 91716c54 eeb6a1e7
[    5.620029] random 0041 0000 0000 91716c54 eeb6a1e7: add_timer_randomness(.. 8388864) with jiffies: 13527702559128256955, cycles: -4919041518875967477
[    5.623446] random 0041 0000 0000 91716c54 eeb6a1e7: add_disk_randomness(8:0) 91716c54 eeb6a1e7
[    5.623449] random 0041 0000 0000 91716c54 eeb6a1e7: add_timer_randomness(.. 8388864) with jiffies: 13558465270975791550, cycles: -4888278807028432885
[    5.623451] random 0041 0000 0000 91716c54 eeb6a1e7: added 1 entropy credits to input
[    5.632343] random 0042 0000 0000 91716c54 eeb6a1e7: add_disk_randomness(8:0) 91716c54 eeb6a1e7
[    5.632346] random 0042 0000 0000 91716c54 eeb6a1e7: add_timer_randomness(.. 8388864) with jiffies: 13638494818236334535, cycles: -4808249259767889909
[    5.632348] random 0042 0000 0000 91716c54 eeb6a1e7: added 2 entropy credits to input
[    5.645624] random 0044 0000 0000 91716c54 eeb6a1e7: add_disk_randomness(8:0) 91716c54 eeb6a1e7
[    5.645627] random 0044 0000 0000 91716c54 eeb6a1e7: add_timer_randomness(.. 8388864) with jiffies: 13757950919733641685, cycles: -4688793158270582773
[    5.653702] random 0044 0000 0000 91716c54 eeb6a1e7: add_disk_randomness(8:0) 91716c54 eeb6a1e7
[    5.653705] random 0044 0000 0000 91716c54 eeb6a1e7: add_timer_randomness(.. 8388864) with jiffies: 13830618987538121181, cycles: -4616125090466103285
[    5.653708] random 0044 0000 0000 91716c54 eeb6a1e7: added 2 entropy credits to input
[    5.653732] RANDOM get_random_int call with cycles 50464888624, jiffies 4294672861 and pid 1
[    5.653735] RANDOM get_random_int call with cycles 50464895533, jiffies 4294672861 and pid 1
[    5.653737] ASLR stack rand value: 3018752 after shift for pid: 1
[    5.653738] RANDOM get_random_int call with cycles 50464903503, jiffies 4294672861 and pid 1
[    5.665351] random 0046 0000 0000 91716c54 eeb6a1e7: add_disk_randomness(8:0) 91716c54 eeb6a1e7
[    5.665354] random 0046 0000 0000 91716c54 eeb6a1e7: add_timer_randomness(.. 8388864) with jiffies: 13935412560313156072, cycles: -4511331517691068405
[    5.665357] random 0046 0000 0000 91716c54 eeb6a1e7: added 1 entropy credits to input
[    5.665366] RANDOM get_random_int call with cycles 50489258704, jiffies 4294672872 and pid 1
[    5.665372] random 0047 0000 0000 91716c54 eeb6a1e7: rand_read_num 11 get_random_bytes(16): sig fffffcad 91716c54 eeb6a1e7
[    5.665375] random 0047 0000 0000 91716c54 eeb6a1e7: extract_entropy(.. 16 ..)
[    5.665377] random 0047 0000 0000 91716c54 eeb6a1e7: going to reseed nonblocking with 128 bits (128 of 0 requested)
[    5.665379] random 0047 0000 0000 91716c54 eeb6a1e7: extract_entropy(.. 16 ..)
[    5.665381] random 0047 0000 0000 91716c54 eeb6a1e7: trying to extract 128 bits from input
[    5.665384] random 0047 0000 0000 91716c54 eeb6a1e7: debiting 0 entropy credits from input
[    5.665386] random 0047 0000 0000 91716c54 eeb6a1e7: extract_entropy account returned: 0 
[    5.665389] random 0047 0000 0000 91716c54 eeb6a1e7: urand_change_num 47 xfer_secondary_pool(16): pool_sig fffffcad, data_sig 00000000, bytes_mixed 0 91716c54 eeb6a1e7
[    5.665392] random 0047 0000 0000 91716c54 eeb6a1e7: trying to extract 128 bits from nonblocking
[    5.665394] random 0047 0000 0000 91716c54 eeb6a1e7: debiting 128 entropy credits from nonblocking (unlimited)
[    5.665397] random 0047 0000 0000 91716c54 eeb6a1e7: extract_entropy account returned: 16 
[    5.665401] random 0047 0000 0000 91716c54 eeb6a1e7: urand_change_num 48 extract_buf: pool_sig fffffcad, data_sig ffffff19, bytes_mixed 20 91716c54 eeb6a1e7
[    5.665406] random 0047 0000 0000 fd637b06 6cf47bc1: urand_change_num 49 extract_buf: pool_sig fffffede, data_sig ffffffc1, bytes_mixed 20 fd637b06 6cf47bc1
[    5.666367] random 0047 0000 0000 fd637b06 6cf47bc1: add_disk_randomness(8:0) fd637b06 6cf47bc1
[    5.666371] random 0047 0000 0000 fd637b06 6cf47bc1: add_timer_randomness(.. 8388864) with jiffies: 13944555738232488425, cycles: -4502188339771736053
[    5.667507] random 0047 0000 0000 fd637b06 6cf47bc1: add_disk_randomness(8:0) fd637b06 6cf47bc1
[    5.667510] random 0047 0000 0000 fd637b06 6cf47bc1: add_timer_randomness(.. 8388864) with jiffies: 13954808349154050538, cycles: -4491935728850173941
[    5.668648] random 0047 0000 0000 fd637b06 6cf47bc1: add_disk_randomness(8:0) fd637b06 6cf47bc1
[    5.668651] random 0047 0000 0000 fd637b06 6cf47bc1: add_timer_randomness(.. 8388864) with jiffies: 13965059431067255276, cycles: -4481684646936969205
[    5.669533] random 0047 0000 0000 fd637b06 6cf47bc1: add_disk_randomness(8:0) fd637b06 6cf47bc1
[    5.669536] random 0047 0000 0000 fd637b06 6cf47bc1: add_timer_randomness(.. 8388864) with jiffies: 13973034815968739820, cycles: -4473709262035484661
[    5.669704] random 0047 0000 0000 fd637b06 6cf47bc1: add_disk_randomness(8:0) fd637b06 6cf47bc1
[    5.669708] random 0047 0000 0000 fd637b06 6cf47bc1: add_timer_randomness(.. 8388864) with jiffies: 13974560633165414893, cycles: -4472183444838809589
[    5.669930] random 0047 0000 0000 fd637b06 6cf47bc1: add_disk_randomness(8:0) fd637b06 6cf47bc1
[    5.669933] random 0047 0000 0000 fd637b06 6cf47bc1: add_timer_randomness(.. 8388864) with jiffies: 13976591718904725997, cycles: -4470152359099498485
[    5.680414] random 0047 0000 0000 fd637b06 6cf47bc1: add_disk_randomness(8:0) fd637b06 6cf47bc1
[    5.680418] random 0047 0000 0000 fd637b06 6cf47bc1: add_timer_randomness(.. 8388864) with jiffies: 14070912512144671223, cycles: -4375831565859553269
[    5.680420] random 0047 0000 0000 fd637b06 6cf47bc1: added 3 entropy credits to input
[    5.680853] random 0050 0000 0000 fd637b06 6cf47bc1: add_disk_randomness(8:0) fd637b06 6cf47bc1
[    5.680856] random 0050 0000 0000 fd637b06 6cf47bc1: add_timer_randomness(.. 8388864) with jiffies: 14074845254783828472, cycles: -4371898823220396021
[    5.690598] random 0050 0000 0000 fd637b06 6cf47bc1: add_disk_randomness(8:0) fd637b06 6cf47bc1
[    5.690601] random 0050 0000 0000 fd637b06 6cf47bc1: add_timer_randomness(.. 8388864) with jiffies: 14162502672552002050, cycles: -4284241405452222453
[    5.690604] random 0050 0000 0000 fd637b06 6cf47bc1: added 3 entropy credits to input
[    5.690656] RANDOM get_random_int call with cycles 50542221933, jiffies 4294672898 and pid 1
[    5.695203] random 0053 0000 0000 fd637b06 6cf47bc1: add_disk_randomness(8:0) fd637b06 6cf47bc1
[    5.695207] random 0053 0000 0000 fd637b06 6cf47bc1: add_timer_randomness(.. 8388864) with jiffies: 14203937128294613510, cycles: -4242806949709610997
[    5.695209] random 0053 0000 0000 fd637b06 6cf47bc1: added 2 entropy credits to input
[    5.708030] random 0055 0000 0000 fd637b06 6cf47bc1: add_disk_randomness(8:0) fd637b06 6cf47bc1
[    5.708034] random 0055 0000 0000 fd637b06 6cf47bc1: add_timer_randomness(.. 8388864) with jiffies: 14319317662310302227, cycles: -4127426415693922293
[    5.708036] random 0055 0000 0000 fd637b06 6cf47bc1: added 3 entropy credits to input
[    5.708175] random 0058 0000 0000 fd637b06 6cf47bc1: add_disk_randomness(8:0) fd637b06 6cf47bc1
[    5.708178] random 0058 0000 0000 fd637b06 6cf47bc1: add_timer_randomness(.. 8388864) with jiffies: 14320617229219758611, cycles: -4126126848784465909
[    5.710335] random 0058 0000 0000 fd637b06 6cf47bc1: add_disk_randomness(8:0) fd637b06 6cf47bc1
[    5.710338] random 0058 0000 0000 fd637b06 6cf47bc1: add_timer_randomness(.. 8388864) with jiffies: 14340055095855251989, cycles: -4106688982148972533
[    5.710341] random 0058 0000 0000 fd637b06 6cf47bc1: added 1 entropy credits to input
[    5.710579] random 0059 0000 0000 fd637b06 6cf47bc1: add_disk_randomness(8:0) fd637b06 6cf47bc1
[    5.710582] random 0059 0000 0000 fd637b06 6cf47bc1: add_timer_randomness(.. 8388864) with jiffies: 14342235182599995926, cycles: -4104508895404228597
[    5.710720] random 0059 0000 0000 fd637b06 6cf47bc1: add_disk_randomness(8:0) fd637b06 6cf47bc1
[    5.710724] random 0059 0000 0000 fd637b06 6cf47bc1: add_timer_randomness(.. 8388864) with jiffies: 14343508859446592022, cycles: -4103235218557632501
[    5.713890] random 0059 0000 0000 fd637b06 6cf47bc1: add_disk_randomness(8:0) fd637b06 6cf47bc1
[    5.713893] random 0059 0000 0000 fd637b06 6cf47bc1: add_timer_randomness(.. 8388864) with jiffies: 14372024470174663193, cycles: -4074719607829561333
[    5.713896] random 0059 0000 0000 fd637b06 6cf47bc1: added 1 entropy credits to input
[    5.715904] random 0060 0000 0000 fd637b06 6cf47bc1: add_disk_randomness(8:0) fd637b06 6cf47bc1
[    5.715907] random 0060 0000 0000 fd637b06 6cf47bc1: add_timer_randomness(.. 8388864) with jiffies: 14390134539080663579, cycles: -4056609538923560949
[    5.723735] random 0060 0000 0000 fd637b06 6cf47bc1: add_disk_randomness(8:0) fd637b06 6cf47bc1
[    5.723738] random 0060 0000 0000 fd637b06 6cf47bc1: add_timer_randomness(.. 8388864) with jiffies: 14460578148833264163, cycles: -3986165929170960373
[    5.723741] random 0060 0000 0000 fd637b06 6cf47bc1: added 2 entropy credits to input
[    5.723872] random 0062 0000 0000 fd637b06 6cf47bc1: add_disk_randomness(8:0) fd637b06 6cf47bc1
[    5.723875] random 0062 0000 0000 fd637b06 6cf47bc1: add_timer_randomness(.. 8388864) with jiffies: 14461809752180228643, cycles: -3984934325823995893
[    5.727428] random 0062 0000 0000 fd637b06 6cf47bc1: add_disk_randomness(8:0) fd637b06 6cf47bc1
[    5.727431] random 0062 0000 0000 fd637b06 6cf47bc1: add_timer_randomness(.. 8388864) with jiffies: 14493809925710119462, cycles: -3952934152294105077
[    5.727434] random 0062 0000 0000 fd637b06 6cf47bc1: added 1 entropy credits to input
[    5.731931] random 0063 0000 0000 fd637b06 6cf47bc1: add_disk_randomness(8:0) fd637b06 6cf47bc1
[    5.731934] random 0063 0000 0000 fd637b06 6cf47bc1: add_timer_randomness(.. 8388864) with jiffies: 14534308074287235627, cycles: -3912436003716988917
[    5.737510] random 0063 0000 0000 fd637b06 6cf47bc1: add_disk_randomness(8:0) fd637b06 6cf47bc1
[    5.737513] random 0063 0000 0000 fd637b06 6cf47bc1: add_timer_randomness(.. 8388864) with jiffies: 14584502562506637872, cycles: -3862241515497586677
[    5.743787] random 0063 0000 0000 fd637b06 6cf47bc1: add_disk_randomness(8:0) fd637b06 6cf47bc1
[    5.743790] random 0063 0000 0000 fd637b06 6cf47bc1: add_timer_randomness(.. 8388864) with jiffies: 14640954281205400119, cycles: -3805789796798824437
[    5.743793] random 0063 0000 0000 fd637b06 6cf47bc1: added 1 entropy credits to input
[    5.743803] random 0064 0000 0000 fd637b06 6cf47bc1: rand_read_num 12 get_random_bytes(16): sig 0000033b fd637b06 6cf47bc1
[    5.743806] random 0064 0000 0000 fd637b06 6cf47bc1: extract_entropy(.. 16 ..)
[    5.743808] random 0064 0000 0000 fd637b06 6cf47bc1: going to reseed nonblocking with 128 bits (128 of 0 requested)
[    5.743811] random 0064 0000 0000 fd637b06 6cf47bc1: extract_entropy(.. 16 ..)
[    5.743813] random 0064 0000 0000 fd637b06 6cf47bc1: trying to extract 128 bits from input
[    5.743815] random 0064 0000 0000 fd637b06 6cf47bc1: debiting 0 entropy credits from input
[    5.743817] random 0064 0000 0000 fd637b06 6cf47bc1: extract_entropy account returned: 0 
[    5.743820] random 0064 0000 0000 fd637b06 6cf47bc1: urand_change_num 50 xfer_secondary_pool(16): pool_sig 0000033b, data_sig 00000000, bytes_mixed 0 fd637b06 6cf47bc1
[    5.743823] random 0064 0000 0000 fd637b06 6cf47bc1: trying to extract 128 bits from nonblocking
[    5.743825] random 0064 0000 0000 fd637b06 6cf47bc1: debiting 128 entropy credits from nonblocking (unlimited)
[    5.743828] random 0064 0000 0000 fd637b06 6cf47bc1: extract_entropy account returned: 16 
[    5.743832] random 0064 0000 0000 fd637b06 6cf47bc1: urand_change_num 51 extract_buf: pool_sig 0000033b, data_sig 000000d8, bytes_mixed 20 fd637b06 6cf47bc1
[    5.743838] random 0064 0000 0000 0ec1f012 d4727ca8: urand_change_num 52 extract_buf: pool_sig fffffcf5, data_sig 00000016, bytes_mixed 20 0ec1f012 d4727ca8
[    5.750535] random 0064 0000 0000 45b1d0b1 845a73f7: add_disk_randomness(8:0) 45b1d0b1 845a73f7
[    5.750538] random 0064 0000 0000 45b1d0b1 845a73f7: add_timer_randomness(.. 8388864) with jiffies: 14701658889405563453, cycles: -3745085188598661109
[    5.757756] random 0064 0000 0000 45b1d0b1 845a73f7: add_disk_randomness(8:0) 45b1d0b1 845a73f7
[    5.757759] random 0064 0000 0000 45b1d0b1 845a73f7: add_timer_randomness(.. 8388864) with jiffies: 14766607316136198725, cycles: -3680136761868025845
[    5.757762] random 0064 0000 0000 45b1d0b1 845a73f7: added 1 entropy credits to input
[    5.763354] random 0065 0000 0000 45b1d0b1 845a73f7: add_disk_randomness(8:0) 45b1d0b1 845a73f7
[    5.763357] random 0065 0000 0000 45b1d0b1 845a73f7: add_timer_randomness(.. 8388864) with jiffies: 14816971008887194186, cycles: -3629773069117030389
[    5.763360] random 0065 0000 0000 45b1d0b1 845a73f7: added 1 entropy credits to input
[    5.775187] random 0066 0000 0000 45b1d0b1 845a73f7: add_disk_randomness(8:0) 45b1d0b1 845a73f7
[    5.775190] random 0066 0000 0000 45b1d0b1 845a73f7: add_timer_randomness(.. 8388864) with jiffies: 14923407333638505046, cycles: -3523336744365719541
[    5.775193] random 0066 0000 0000 45b1d0b1 845a73f7: added 2 entropy credits to input
[    5.778332] random 0068 0000 0000 45b1d0b1 845a73f7: add_disk_randomness(8:0) 45b1d0b1 845a73f7
[    5.778335] random 0068 0000 0000 45b1d0b1 845a73f7: add_timer_randomness(.. 8388864) with jiffies: 14951695384114332249, cycles: -3495048693889892341
[    5.778337] random 0068 0000 0000 45b1d0b1 845a73f7: added 1 entropy credits to input
[    5.792617] random 0069 0000 0000 45b1d0b1 845a73f7: add_disk_randomness(8:0) 45b1d0b1 845a73f7
[    5.792620] random 0069 0000 0000 45b1d0b1 845a73f7: add_timer_randomness(.. 8388864) with jiffies: 15080187328003277416, cycles: -3366556750000947189
[    5.792623] random 0069 0000 0000 45b1d0b1 845a73f7: added 3 entropy credits to input
[    5.797994] random 0072 0000 0000 45b1d0b1 845a73f7: add_disk_randomness(8:0) 45b1d0b1 845a73f7
[    5.797997] random 0072 0000 0000 45b1d0b1 845a73f7: add_timer_randomness(.. 8388864) with jiffies: 15128559397174477421, cycles: -3318184680829747189
[    5.798000] random 0072 0000 0000 45b1d0b1 845a73f7: added 2 entropy credits to input
[    5.803170] random 0074 0000 0000 45b1d0b1 845a73f7: add_disk_randomness(8:0) 45b1d0b1 845a73f7
[    5.803173] random 0074 0000 0000 45b1d0b1 845a73f7: add_timer_randomness(.. 8388864) with jiffies: 15175120630824272498, cycles: -3271623447179952117
[    5.811401] random 0074 0000 0000 45b1d0b1 845a73f7: add_disk_randomness(8:0) 45b1d0b1 845a73f7
[    5.811404] random 0074 0000 0000 45b1d0b1 845a73f7: add_timer_randomness(.. 8388864) with jiffies: 15249162993674191482, cycles: -3197581084330033141
[    5.811407] random 0074 0000 0000 45b1d0b1 845a73f7: added 1 entropy credits to input
[    5.821004] random 0075 0000 0000 45b1d0b1 845a73f7: add_disk_randomness(8:0) 45b1d0b1 845a73f7
[    5.821007] random 0075 0000 0000 45b1d0b1 845a73f7: add_timer_randomness(.. 8388864) with jiffies: 15335538612812612228, cycles: -3111205465191612405
[    5.840511] random 0075 0000 0000 45b1d0b1 845a73f7: add_disk_randomness(8:0) 45b1d0b1 845a73f7
[    5.840514] random 0075 0000 0000 45b1d0b1 845a73f7: add_timer_randomness(.. 8388864) with jiffies: 15511013049333678743, cycles: -2935731028670545909
[    5.840516] random 0075 0000 0000 45b1d0b1 845a73f7: added 2 entropy credits to input
[    5.853797] random 0077 0000 0000 45b1d0b1 845a73f7: add_disk_randomness(8:0) 45b1d0b1 845a73f7
[    5.853800] random 0077 0000 0000 45b1d0b1 845a73f7: add_timer_randomness(.. 8388864) with jiffies: 15630515235830071973, cycles: -2816228842174152693
[    5.853803] random 0077 0000 0000 45b1d0b1 845a73f7: added 2 entropy credits to input
[    5.861818] random 0079 0000 0000 45b1d0b1 845a73f7: add_disk_randomness(8:0) 45b1d0b1 845a73f7
[    5.861821] random 0079 0000 0000 45b1d0b1 845a73f7: add_timer_randomness(.. 8388864) with jiffies: 15702667529601909421, cycles: -2744076548402315253
[    5.871834] random 0079 0000 0000 45b1d0b1 845a73f7: add_disk_randomness(8:0) 45b1d0b1 845a73f7
[    5.871837] random 0079 0000 0000 45b1d0b1 845a73f7: add_timer_randomness(.. 8388864) with jiffies: 15792762809461998263, cycles: -2653981268542226421
[    5.871840] random 0079 0000 0000 45b1d0b1 845a73f7: added 1 entropy credits to input
[    5.885714] random 0080 0000 0000 45b1d0b1 845a73f7: add_disk_randomness(8:0) 45b1d0b1 845a73f7
[    5.885717] random 0080 0000 0000 45b1d0b1 845a73f7: add_timer_randomness(.. 8388864) with jiffies: 15917612170112369349, cycles: -2529131907891855349
[    5.885720] random 0080 0000 0000 45b1d0b1 845a73f7: added 1 entropy credits to input
[    5.892079] random 0081 0000 0000 45b1d0b1 845a73f7: add_disk_randomness(8:0) 45b1d0b1 845a73f7
[    5.892082] random 0081 0000 0000 45b1d0b1 845a73f7: add_timer_randomness(.. 8388864) with jiffies: 15974870947525788363, cycles: -2471873130478436341
[    5.892085] random 0081 0000 0000 45b1d0b1 845a73f7: added 2 entropy credits to input
[    5.897372] random 0083 0000 0000 45b1d0b1 845a73f7: add_disk_randomness(8:0) 45b1d0b1 845a73f7
[    5.897375] random 0083 0000 0000 45b1d0b1 845a73f7: add_timer_randomness(.. 8388864) with jiffies: 16022486462502765264, cycles: -2424257615501459445
[    5.903772] random 0083 0000 0000 45b1d0b1 845a73f7: add_disk_randomness(8:0) 45b1d0b1 845a73f7
[    5.903775] random 0083 0000 0000 45b1d0b1 845a73f7: add_timer_randomness(.. 8388864) with jiffies: 16080047120282518231, cycles: -2366696957721706485
[    5.903777] random 0083 0000 0000 45b1d0b1 845a73f7: added 1 entropy credits to input
[    5.908822] random 0084 0000 0000 45b1d0b1 845a73f7: add_disk_randomness(8:0) 45b1d0b1 845a73f7
[    5.908825] random 0084 0000 0000 45b1d0b1 845a73f7: add_timer_randomness(.. 8388864) with jiffies: 16125477772511118044, cycles: -2321266305493106677
[    5.908828] random 0084 0000 0000 45b1d0b1 845a73f7: added 1 entropy credits to input
[    5.914730] random 0085 0000 0000 45b1d0b1 845a73f7: add_disk_randomness(8:0) 45b1d0b1 845a73f7
[    5.914733] random 0085 0000 0000 45b1d0b1 845a73f7: add_timer_randomness(.. 8388864) with jiffies: 16178614442177299170, cycles: -2268129635826925557
[    5.924084] random 0085 0000 0000 45b1d0b1 845a73f7: add_disk_randomness(8:0) 45b1d0b1 845a73f7
[    5.924087] random 0085 0000 0000 45b1d0b1 845a73f7: add_timer_randomness(.. 8388864) with jiffies: 16262761046303539947, cycles: -2183983031700684789
[    5.924089] random 0085 0000 0000 45b1d0b1 845a73f7: added 1 entropy credits to input
[    5.928958] random 0086 0000 0000 45b1d0b1 845a73f7: add_disk_randomness(8:0) 45b1d0b1 845a73f7
[    5.928961] random 0086 0000 0000 45b1d0b1 845a73f7: add_timer_randomness(.. 8388864) with jiffies: 16306604411763524336, cycles: -2140139666240700405
[    5.928964] random 0086 0000 0000 45b1d0b1 845a73f7: added 2 entropy credits to input
[    5.936391] random 0088 0000 0000 45b1d0b1 845a73f7: add_disk_randomness(8:0) 45b1d0b1 845a73f7
[    5.936394] random 0088 0000 0000 45b1d0b1 845a73f7: add_timer_randomness(.. 8388864) with jiffies: 16373474565776179959, cycles: -2073269512228044789
[    5.936397] random 0088 0000 0000 45b1d0b1 845a73f7: added 1 entropy credits to input
[    5.942612] random 0089 0000 0000 45b1d0b1 845a73f7: add_disk_randomness(8:0) 45b1d0b1 845a73f7
[    5.942615] random 0089 0000 0000 45b1d0b1 845a73f7: add_timer_randomness(.. 8388864) with jiffies: 16429417094627164926, cycles: -2017326983377059829
[    5.942764] random 0089 0000 0000 45b1d0b1 845a73f7: add_disk_randomness(8:0) 45b1d0b1 845a73f7
[    5.942767] random 0089 0000 0000 45b1d0b1 845a73f7: add_timer_randomness(.. 8388864) with jiffies: 16430790663823131390, cycles: -2015953414181093365
[    5.957179] random 0089 0000 0000 45b1d0b1 845a73f7: add_disk_randomness(8:0) 45b1d0b1 845a73f7
[    5.957182] random 0089 0000 0000 45b1d0b1 845a73f7: add_timer_randomness(.. 8388864) with jiffies: 16560462396573582092, cycles: -1886281681430642677
[    5.957185] random 0089 0000 0000 45b1d0b1 845a73f7: added 3 entropy credits to input
[    5.964601] random 0092 0000 0000 45b1d0b1 845a73f7: add_disk_randomness(8:0) 45b1d0b1 845a73f7
[    5.964604] random 0092 0000 0000 45b1d0b1 845a73f7: add_timer_randomness(.. 8388864) with jiffies: 16627216062483235604, cycles: -1819528015520989173
[    5.964607] random 0092 0000 0000 45b1d0b1 845a73f7: added 2 entropy credits to input
[    5.974282] random 0094 0000 0000 45b1d0b1 845a73f7: add_disk_randomness(8:0) 45b1d0b1 845a73f7
[    5.974285] random 0094 0000 0000 45b1d0b1 845a73f7: add_timer_randomness(.. 8388864) with jiffies: 16714310444398641949, cycles: -1732433633605582837
[    5.984912] random 0094 0000 0000 45b1d0b1 845a73f7: add_disk_randomness(8:0) 45b1d0b1 845a73f7
[    5.984915] random 0094 0000 0000 45b1d0b1 845a73f7: add_timer_randomness(.. 8388864) with jiffies: 16809923812341285672, cycles: -1636820265662939125
[    5.997434] random 0094 0000 0000 45b1d0b1 845a73f7: add_disk_randomness(8:0) 45b1d0b1 845a73f7
[    5.997437] random 0094 0000 0000 45b1d0b1 845a73f7: add_timer_randomness(.. 8388864) with jiffies: 16922572132976395060, cycles: -1524171945027829749
[    5.998646] random 0094 0000 0000 45b1d0b1 845a73f7: add_disk_randomness(8:0) 45b1d0b1 845a73f7
[    5.998649] random 0094 0000 0000 45b1d0b1 845a73f7: add_timer_randomness(.. 8388864) with jiffies: 16933459127747445558, cycles: -1513284950256779253
[    5.998652] random 0094 0000 0000 45b1d0b1 845a73f7: added 1 entropy credits to input
[    6.002661] random 0095 0000 0000 45b1d0b1 845a73f7: add_disk_randomness(8:0) 45b1d0b1 845a73f7
[    6.002664] random 0095 0000 0000 45b1d0b1 845a73f7: add_timer_randomness(.. 8388864) with jiffies: 16969573338781025082, cycles: -1477170739223199733
[    6.002667] random 0095 0000 0000 45b1d0b1 845a73f7: added 1 entropy credits to input
[    6.012002] random 0096 0000 0000 45b1d0b1 845a73f7: add_disk_randomness(8:0) 45b1d0b1 845a73f7
[    6.012006] random 0096 0000 0000 45b1d0b1 845a73f7: add_timer_randomness(.. 8388864) with jiffies: 17053609364679263043, cycles: -1393134713324961781
[    6.012008] random 0096 0000 0000 45b1d0b1 845a73f7: added 1 entropy credits to input
[    6.012348] random 0097 0000 0000 45b1d0b1 845a73f7: add_disk_randomness(8:0) 45b1d0b1 845a73f7
[    6.012351] random 0097 0000 0000 45b1d0b1 845a73f7: add_timer_randomness(.. 8388864) with jiffies: 17056724676257743683, cycles: -1390019401746481141
[    6.028015] random 0097 0000 0000 45b1d0b1 845a73f7: add_disk_randomness(8:0) 45b1d0b1 845a73f7
[    6.028019] random 0097 0000 0000 45b1d0b1 845a73f7: add_timer_randomness(.. 8388864) with jiffies: 17197649635640574803, cycles: -1249094442363650037
[    6.028021] random 0097 0000 0000 45b1d0b1 845a73f7: added 4 entropy credits to input
[    6.029650] random 0101 0000 0000 45b1d0b1 845a73f7: add_disk_randomness(8:0) 45b1d0b1 845a73f7
[    6.029653] random 0101 0000 0000 45b1d0b1 845a73f7: add_timer_randomness(.. 8388864) with jiffies: 17212349414614205269, cycles: -1234394663390019573
[    6.029656] random 0101 0000 0000 45b1d0b1 845a73f7: added 1 entropy credits to input
[    6.029805] random 0102 0000 0000 45b1d0b1 845a73f7: add_disk_randomness(8:0) 45b1d0b1 845a73f7
[    6.029808] random 0102 0000 0000 45b1d0b1 845a73f7: add_timer_randomness(.. 8388864) with jiffies: 17213740752089875285, cycles: -1233003325914349557
[    6.040671] random 0102 0000 0000 45b1d0b1 845a73f7: add_disk_randomness(8:0) 45b1d0b1 845a73f7
[    6.040674] random 0102 0000 0000 45b1d0b1 845a73f7: add_timer_randomness(.. 8388864) with jiffies: 17311485411653813088, cycles: -1135258666350411765
[    6.040677] random 0102 0000 0000 45b1d0b1 845a73f7: added 3 entropy credits to input
[    6.041234] random 0105 0000 0000 45b1d0b1 845a73f7: add_disk_randomness(8:0) 45b1d0b1 845a73f7
[    6.041237] random 0105 0000 0000 45b1d0b1 845a73f7: add_timer_randomness(.. 8388864) with jiffies: 17316559022160839520, cycles: -1130185055843385333
[    6.046468] random 0105 0000 0000 45b1d0b1 845a73f7: add_disk_randomness(8:0) 45b1d0b1 845a73f7
[    6.046471] random 0105 0000 0000 45b1d0b1 845a73f7: add_timer_randomness(.. 8388864) with jiffies: 17363643116539315045, cycles: -1083100961464909813
[    6.046474] random 0105 0000 0000 45b1d0b1 845a73f7: added 2 entropy credits to input
[    6.048224] random 0107 0000 0000 45b1d0b1 845a73f7: add_disk_randomness(8:0) 45b1d0b1 845a73f7
