[    0.000000] random 0000 0000 0000 00000000 00000000: rand_read_num 1 get_random_bytes(8): sig 00000000 00000000 00000000
[    0.000000] random 0000 0000 0000 00000000 00000000: extract_entropy(.. 8 ..)
[    0.000000] random 0000 0000 0000 00000000 00000000: going to reseed nonblocking with 64 bits (64 of 0 requested)
[    0.000000] random 0000 0000 0000 00000000 00000000: extract_entropy(.. 8 ..)
[    0.000000] random 0000 0000 0000 00000000 00000000: trying to extract 64 bits from input
[    0.000000] random 0000 0000 0000 00000000 00000000: debiting 0 entropy credits from input
[    0.000000] random 0000 0000 0000 00000000 00000000: extract_entropy account returned: 0 
[    0.000000] random 0000 0000 0000 00000000 00000000: urand_change_num 1 xfer_secondary_pool(8): pool_sig 00000000, data_sig 00000000, bytes_mixed 0 00000000 00000000
[    0.000000] random 0000 0000 0000 00000000 00000000: trying to extract 64 bits from nonblocking
[    0.000000] random 0000 0000 0000 00000000 00000000: debiting 64 entropy credits from nonblocking (unlimited)
[    0.000000] random 0000 0000 0000 00000000 00000000: extract_entropy account returned: 8 
[    0.000000] random 0000 0000 0000 00000000 00000000: urand_change_num 2 extract_buf: pool_sig 00000000, data_sig fffffff9, bytes_mixed 20 00000000 00000000
[    0.000000] Linux version 2.6.32.57 (dcashman@dcashman-02) (gcc version 4.3.3 (GCC) ) #6 Thu May 30 09:02:12 PDT 2013
[    0.000000] KERNEL supported cpus:
[    0.000000]   Intel GenuineIntel
[    0.000000]   AMD AuthenticAMD
[    0.000000]   NSC Geode by NSC
[    0.000000]   Cyrix CyrixInstead
[    0.000000]   Centaur CentaurHauls
[    0.000000]   Transmeta GenuineTMx86
[    0.000000]   Transmeta TransmetaCPU
[    0.000000]   UMC UMC UMC UMC
[    0.000000] BIOS-provided physical RAM map:
[    0.000000]  BIOS-e820: 0000000000000000 - 000000000009d800 (usable)
[    0.000000]  BIOS-e820: 000000000009d800 - 00000000000a0000 (reserved)
[    0.000000]  BIOS-e820: 00000000000d2000 - 00000000000d4000 (reserved)
[    0.000000]  BIOS-e820: 00000000000e0000 - 0000000000100000 (reserved)
[    0.000000]  BIOS-e820: 0000000000100000 - 000000003d6b0000 (usable)
[    0.000000]  BIOS-e820: 000000003d6b0000 - 000000003d6cc000 (ACPI data)
[    0.000000]  BIOS-e820: 000000003d6cc000 - 000000003d700000 (ACPI NVS)
[    0.000000]  BIOS-e820: 000000003d700000 - 000000003e000000 (reserved)
[    0.000000]  BIOS-e820: 00000000f0000000 - 00000000f4000000 (reserved)
[    0.000000]  BIOS-e820: 00000000fec00000 - 00000000fec10000 (reserved)
[    0.000000]  BIOS-e820: 00000000fed00000 - 00000000fed00400 (reserved)
[    0.000000]  BIOS-e820: 00000000fed14000 - 00000000fed1a000 (reserved)
[    0.000000]  BIOS-e820: 00000000fed1c000 - 00000000fed90000 (reserved)
[    0.000000]  BIOS-e820: 00000000fee00000 - 00000000fee01000 (reserved)
[    0.000000]  BIOS-e820: 00000000ff000000 - 0000000100000000 (reserved)
[    0.000000] DMI present.
[    0.000000] last_pfn = 0x3d6b0 max_arch_pfn = 0x100000
[    0.000000] MTRR default type: uncachable
[    0.000000] MTRR fixed ranges enabled:
[    0.000000]   00000-9FFFF write-back
[    0.000000]   A0000-BFFFF uncachable
[    0.000000]   C0000-CFFFF write-protect
[    0.000000]   D0000-DFFFF uncachable
[    0.000000]   E0000-FFFFF write-protect
[    0.000000] MTRR variable ranges enabled:
[    0.000000]   0 base 03E000000 mask FFE000000 uncachable
[    0.000000]   1 base 000000000 mask FC0000000 write-back
[    0.000000]   2 base 03D700000 mask FFFF00000 uncachable
[    0.000000]   3 base 03D800000 mask FFF800000 uncachable
[    0.000000]   4 disabled
[    0.000000]   5 disabled
[    0.000000]   6 disabled
[    0.000000]   7 disabled
[    0.000000] initial memory mapped : 0 - 02000000
[    0.000000] init_memory_mapping: 0000000000000000-00000000377fe000
[    0.000000]  0000000000 - 0000400000 page 4k
[    0.000000]  0000400000 - 0037400000 page 2M
[    0.000000]  0037400000 - 00377fe000 page 4k
[    0.000000] kernel direct mapping tables up to 377fe000 @ 7000-c000
[    0.000000] ACPI: RSDP 000f68d0 00024 (v02 LENOVO)
[    0.000000] ACPI: XSDT 3d6bb77f 00094 (v01 LENOVO TP-7L    00002170  LTP 00000000)
[    0.000000] ACPI: FACP 3d6bb900 000F4 (v03 LENOVO TP-7L    00002170 LNVO 00000001)
[    0.000000] ACPI Warning: 32/64X length mismatch in Gpe1Block: 0/32 (20090903/tbfadt-526)
[    0.000000] ACPI Warning: Optional field Gpe1Block has zero address or length: 000000000000102C/0 (20090903/tbfadt-557)
[    0.000000] ACPI: DSDT 3d6bbd1d 0FED1 (v01 LENOVO TP-7L    00002170 MSFT 03000000)
[    0.000000] ACPI: FACS 3d6e4000 00040
[    0.000000] ACPI: SSDT 3d6bbab4 00269 (v01 LENOVO TP-7L    00002170 MSFT 03000000)
[    0.000000] ACPI: ECDT 3d6cbbee 00052 (v01 LENOVO TP-7L    00002170 LNVO 00000001)
[    0.000000] ACPI: TCPA 3d6cbc40 00032 (v02 LENOVO TP-7L    00002170 LNVO 00000001)
[    0.000000] ACPI: APIC 3d6cbc72 00068 (v01 LENOVO TP-7L    00002170 LNVO 00000001)
[    0.000000] ACPI: MCFG 3d6cbcda 0003C (v01 LENOVO TP-7L    00002170 LNVO 00000001)
[    0.000000] ACPI: HPET 3d6cbd16 00038 (v01 LENOVO TP-7L    00002170 LNVO 00000001)
[    0.000000] ACPI: SLIC 3d6cbdf0 00176 (v01 LENOVO TP-7L    00002170  LTP 00000000)
[    0.000000] ACPI: BOOT 3d6cbf66 00028 (v01 LENOVO TP-7L    00002170  LTP 00000001)
[    0.000000] ACPI: ASF! 3d6cbf8e 00072 (v16 LENOVO TP-7L    00002170 PTL  00000001)
[    0.000000] ACPI: SSDT 3d6e26d9 0025F (v01 LENOVO TP-7L    00002170 INTL 20050513)
[    0.000000] ACPI: SSDT 3d6e2938 000A6 (v01 LENOVO TP-7L    00002170 INTL 20050513)
[    0.000000] ACPI: SSDT 3d6e29de 004F7 (v01 LENOVO TP-7L    00002170 INTL 20050513)
[    0.000000] ACPI: SSDT 3d6e2ed5 001D8 (v01 LENOVO TP-7L    00002170 INTL 20050513)
[    0.000000] ACPI: DMI detected: Lenovo ThinkPad R61
[    0.000000] ACPI: Added _OSI(Linux)
[    0.000000] ACPI: Local APIC address 0xfee00000
[    0.000000] 94MB HIGHMEM available.
[    0.000000] 887MB LOWMEM available.
[    0.000000]   mapped low ram: 0 - 377fe000
[    0.000000]   low ram: 0 - 377fe000
[    0.000000]   node 0 low ram: 00000000 - 377fe000
[    0.000000]   node 0 bootmap 00008000 - 0000ef00
[    0.000000] (6 early reservations) ==> bootmem [0000000000 - 00377fe000]
[    0.000000]   #0 [0000000000 - 0000001000]   BIOS data page ==> [0000000000 - 0000001000]
[    0.000000]   #1 [0001000000 - 0001bdc180]    TEXT DATA BSS ==> [0001000000 - 0001bdc180]
[    0.000000]   #2 [000009d800 - 0000100000]    BIOS reserved ==> [000009d800 - 0000100000]
[    0.000000]   #3 [0001bdd000 - 0001be516c]              BRK ==> [0001bdd000 - 0001be516c]
[    0.000000]   #4 [0000007000 - 0000008000]          PGTABLE ==> [0000007000 - 0000008000]
[    0.000000]   #5 [0000008000 - 000000f000]          BOOTMAP ==> [0000008000 - 000000f000]
[    0.000000] found SMP MP-table at [c00f6900] f6900
[    0.000000] Zone PFN ranges:
[    0.000000]   DMA      0x00000000 -> 0x00001000
[    0.000000]   Normal   0x00001000 -> 0x000377fe
[    0.000000]   HighMem  0x000377fe -> 0x0003d6b0
[    0.000000] Movable zone start PFN for each node
[    0.000000] early_node_map[2] active PFN ranges
[    0.000000]     0: 0x00000000 -> 0x0000009d
[    0.000000]     0: 0x00000100 -> 0x0003d6b0
[    0.000000] On node 0 totalpages: 251469
[    0.000000] free_area_init_node: node 0, pgdat c1901ea0, node_mem_map c1be7000
[    0.000000]   DMA zone: 32 pages used for memmap
[    0.000000]   DMA zone: 0 pages reserved
[    0.000000]   DMA zone: 3965 pages, LIFO batch:0
[    0.000000]   Normal zone: 1744 pages used for memmap
[    0.000000]   Normal zone: 221486 pages, LIFO batch:31
[    0.000000]   HighMem zone: 190 pages used for memmap
[    0.000000]   HighMem zone: 24052 pages, LIFO batch:3
[    0.000000] Using APIC driver default
[    0.000000] ACPI: PM-Timer IO Port: 0x1008
[    0.000000] ACPI: Local APIC address 0xfee00000
[    0.000000] ACPI: LAPIC (acpi_id[0x00] lapic_id[0x00] enabled)
[    0.000000] ACPI: LAPIC (acpi_id[0x01] lapic_id[0x01] enabled)
[    0.000000] ACPI: NR_CPUS/possible_cpus limit of 1 reached.  Processor 1/0x1 ignored.
[    0.000000] ACPI: LAPIC_NMI (acpi_id[0x00] high edge lint[0x1])
[    0.000000] ACPI: LAPIC_NMI (acpi_id[0x01] high edge lint[0x1])
[    0.000000] ACPI: IOAPIC (id[0x01] address[0xfec00000] gsi_base[0])
[    0.000000] IOAPIC[0]: apic_id 1, version 32, address 0xfec00000, GSI 0-23
[    0.000000] ACPI: INT_SRC_OVR (bus 0 bus_irq 0 global_irq 2 dfl dfl)
[    0.000000] ACPI: INT_SRC_OVR (bus 0 bus_irq 9 global_irq 9 high level)
[    0.000000] ACPI: IRQ0 used by override.
[    0.000000] ACPI: IRQ2 used by override.
[    0.000000] ACPI: IRQ9 used by override.
[    0.000000] Using ACPI (MADT) for SMP configuration information
[    0.000000] ACPI: HPET id: 0x8086a201 base: 0xfed00000
[    0.000000] nr_irqs_gsi: 24
[    0.000000] PM: Registered nosave memory: 000000000009d000 - 000000000009e000
[    0.000000] PM: Registered nosave memory: 000000000009e000 - 00000000000a0000
[    0.000000] PM: Registered nosave memory: 00000000000a0000 - 00000000000d2000
[    0.000000] PM: Registered nosave memory: 00000000000d2000 - 00000000000d4000
[    0.000000] PM: Registered nosave memory: 00000000000d4000 - 00000000000e0000
[    0.000000] PM: Registered nosave memory: 00000000000e0000 - 0000000000100000
[    0.000000] Allocating PCI resources starting at 3e000000 (gap: 3e000000:b2000000)
[    0.000000] Built 1 zonelists in Zone order, mobility grouping on.  Total pages: 249503
[    0.000000] Kernel command line: auto BOOT_IMAGE=Linux ro root=802 vt.default_utf8=0 maxcpus=0
[    0.000000] PID hash table entries: 4096 (order: 2, 16384 bytes)
[    0.000000] Dentry cache hash table entries: 131072 (order: 7, 524288 bytes)
[    0.000000] Inode-cache hash table entries: 65536 (order: 6, 262144 bytes)
[    0.000000] Enabling fast FPU save and restore... done.
[    0.000000] Enabling unmasked SIMD FPU exception support... done.
[    0.000000] Initializing CPU#0
[    0.000000] Initializing HighMem for node 0 (000377fe:0003d6b0)
[    0.000000] Memory: 984800k/1006272k available (6915k kernel code, 20876k reserved, 2327k data, 448k init, 96968k highmem)
[    0.000000] virtual kernel memory layout:
[    0.000000]     fixmap  : 0xfffa3000 - 0xfffff000   ( 368 kB)
[    0.000000]     pkmap   : 0xff800000 - 0xffc00000   (4096 kB)
[    0.000000]     vmalloc : 0xf7ffe000 - 0xff7fe000   ( 120 MB)
[    0.000000]     lowmem  : 0xc0000000 - 0xf77fe000   ( 887 MB)
[    0.000000]       .init : 0xc1907000 - 0xc1977000   ( 448 kB)
[    0.000000]       .data : 0xc16c0d3f - 0xc1906c64   (2327 kB)
[    0.000000]       .text : 0xc1000000 - 0xc16c0d3f   (6915 kB)
[    0.000000] Checking if this processor honours the WP bit even in supervisor mode...Ok.
[    0.000000] SLUB: Genslabs=13, HWalign=64, Order=0-3, MinObjects=0, CPUs=1, Nodes=1
[    0.000000] Hierarchical RCU implementation.
[    0.000000] NR_IRQS:288
[    0.000000] Extended CMOS year: 2000
[    0.000000] Console: colour VGA+ 80x25
[    0.000000] console [tty0] enabled
[    0.000000] hpet clockevent registered
[    0.000000] Fast TSC calibration using PIT
[    0.000000] Detected 2094.532 MHz processor.
[    0.001002] Calibrating delay loop (skipped), value calculated using timer frequency.. 4189.06 BogoMIPS (lpj=2094532)
[    0.002007] Security Framework initialized
[    0.002092] Mount-cache hash table entries: 512
[    0.002236] CPU: L1 I cache: 32K, L1 D cache: 32K
[    0.002365] CPU: L2 cache: 3072K
[    0.002444] mce: CPU supports 6 MCE banks
[    0.002527] CPU0: Thermal monitoring enabled (TM2)
[    0.002613] using mwait in idle threads.
[    0.002694] CPU: Intel(R) Core(TM)2 Duo CPU     T8100  @ 2.10GHz stepping 06
[    0.002875] Checking 'hlt' instruction... OK.
[    0.006936] ACPI: Core revision 20090903
[    0.026011] RANDOM get_random_int first call with cycles 32571562611, jiffies 4294667322 and pid 0
[    0.026018] CANARY value: 3a09033e for PID: 1
[    0.026025] CANARY value: ab35f193 for PID: 2
[    0.026048] Enabling APIC mode:  Flat.  Using 1 I/O APICs
[    0.027178] ..TIMER: vector=0x30 apic1=0 pin1=2 apic2=-1 pin2=-1
[    0.037997] xor: automatically using best checksumming function: pIII_sse
[    0.041998]    pIII_sse  :  8568.000 MB/sec
[    0.042091] xor: using function: pIII_sse (8568.000 MB/sec)
[    0.042182] RANDOM - __seed init called.
[    0.042183] RANDOM - __seed init called.
[    0.042184] RANDOM - __seed init called.
[    0.042185] RANDOM - __random32 called. Change num 1.  Value: f7943846	49e73df3	af36cd0d
[    0.042187] RANDOM - __random32 called. Change num 2.  Value: 43846e13	9e73df37	9a1ad014
[    0.042189] RANDOM - __random32 called. Change num 3.  Value: 46e139c8	e73df373	a029598a
[    0.042191] RANDOM - __random32 called. Change num 4.  Value: 139c8c3b	73df373d	b3142c72
[    0.042192] RANDOM - __random32 called. Change num 5.  Value: c8c3b043	3df373de	58e576a9
[    0.042194] RANDOM - __random32 called. Change num 6.  Value: 3b0437d9	df373de5	ed53f9d8
[    0.042196] RANDOM - random32 init called.  Value: 3b0437d9	df373de5	ed53f9d8
[    0.042213] NET: Registered protocol family 16
[    0.042482] ACPI FADT declares the system doesn't support PCIe ASPM, so disable it
[    0.042604] ACPI: bus type pci registered
[    0.042770] PCI: MCFG configuration 0: base f0000000 segment 0 buses 0 - 63
[    0.042873] PCI: MCFG area at f0000000 reserved in E820
[    0.042961] PCI: Using MMCONFIG for extended config space
[    0.043002] PCI: Using configuration type 1 for base access
[    0.046157] bio: create slab <bio-0> at 0
[    0.046965] ACPI: EC: EC description table is found, configuring boot EC
[    0.052158] ACPI: BIOS _OSI(Linux) query honored via DMI
[    0.052881] random 0000 0000 0000 00000000 00000000: rand_read_num 2 get_random_bytes(8): sig fffffe1a 00000000 00000000
[    0.052884] random 0000 0000 0000 00000000 00000000: extract_entropy(.. 8 ..)
[    0.052887] random 0000 0000 0000 00000000 00000000: going to reseed nonblocking with 64 bits (64 of 0 requested)
[    0.052889] random 0000 0000 0000 00000000 00000000: extract_entropy(.. 8 ..)
[    0.052891] random 0000 0000 0000 00000000 00000000: trying to extract 64 bits from input
[    0.052893] random 0000 0000 0000 00000000 00000000: debiting 0 entropy credits from input
[    0.052895] random 0000 0000 0000 00000000 00000000: extract_entropy account returned: 0 
[    0.052924] random 0000 0000 0000 00000000 00000000: urand_change_num 3 xfer_secondary_pool(8): pool_sig fffffe1a, data_sig 00000000, bytes_mixed 0 00000000 00000000
[    0.052927] random 0000 0000 0000 00000000 00000000: trying to extract 64 bits from nonblocking
[    0.052930] random 0000 0000 0000 00000000 00000000: debiting 64 entropy credits from nonblocking (unlimited)
[    0.052932] random 0000 0000 0000 00000000 00000000: extract_entropy account returned: 8 
[    0.052936] random 0000 0000 0000 00000000 00000000: urand_change_num 4 extract_buf: pool_sig fffffe1a, data_sig fffffed7, bytes_mixed 20 00000000 00000000
[    0.057586] ACPI: Interpreter enabled
[    0.057679] ACPI: (supports S0 S3 S4 S5)
[    0.057998] ACPI: Using IOAPIC for interrupt routing
[    0.067506] ACPI: EC: GPE = 0x12, I/O: command/status = 0x66, data = 0x62
[    0.067788] ACPI: Power Resource [PUBS] (on)
[    0.069901] ACPI: ACPI Dock Station Driver: 3 docks/bays found
[    0.070323] ACPI: PCI Root Bridge [PCI0] (0000:00)
[    0.070498] pci 0000:00:02.0: reg 10 64bit mmio: [0xf8100000-0xf81fffff]
[    0.070503] pci 0000:00:02.0: reg 18 64bit mmio pref: [0xe0000000-0xefffffff]
[    0.070507] pci 0000:00:02.0: reg 20 io port: [0x1800-0x1807]
[    0.070542] pci 0000:00:02.1: reg 10 64bit mmio: [0xf8200000-0xf82fffff]
[    0.070646] pci 0000:00:19.0: reg 10 32bit mmio: [0xfe000000-0xfe01ffff]
[    0.070655] pci 0000:00:19.0: reg 14 32bit mmio: [0xfe025000-0xfe025fff]
[    0.070664] pci 0000:00:19.0: reg 18 io port: [0x1840-0x185f]
[    0.070730] pci 0000:00:19.0: PME# supported from D0 D3hot D3cold
[    0.070824] pci 0000:00:19.0: PME# disabled
[    0.070970] pci 0000:00:1a.0: reg 20 io port: [0x1860-0x187f]
[    0.071059] pci 0000:00:1a.1: reg 20 io port: [0x1880-0x189f]
[    0.071143] pci 0000:00:1a.7: reg 10 32bit mmio: [0xfe226c00-0xfe226fff]
[    0.071222] pci 0000:00:1a.7: PME# supported from D0 D3hot D3cold
[    0.071319] pci 0000:00:1a.7: PME# disabled
[    0.071460] pci 0000:00:1b.0: reg 10 64bit mmio: [0xfe020000-0xfe023fff]
[    0.071541] pci 0000:00:1b.0: PME# supported from D0 D3hot D3cold
[    0.071638] pci 0000:00:1b.0: PME# disabled
[    0.071837] pci 0000:00:1c.0: PME# supported from D0 D3hot D3cold
[    0.071938] pci 0000:00:1c.0: PME# disabled
[    0.072112] pci 0000:00:1c.1: PME# supported from D0 D3hot D3cold
[    0.072207] pci 0000:00:1c.1: PME# disabled
[    0.072415] pci 0000:00:1c.2: PME# supported from D0 D3hot D3cold
[    0.072517] pci 0000:00:1c.2: PME# disabled
[    0.072719] pci 0000:00:1c.3: PME# supported from D0 D3hot D3cold
[    0.072816] pci 0000:00:1c.3: PME# disabled
[    0.073108] pci 0000:00:1c.4: PME# supported from D0 D3hot D3cold
[    0.073204] pci 0000:00:1c.4: PME# disabled
[    0.073357] pci 0000:00:1d.0: reg 20 io port: [0x18a0-0x18bf]
[    0.074040] pci 0000:00:1d.1: reg 20 io port: [0x18c0-0x18df]
[    0.074119] pci 0000:00:1d.2: reg 20 io port: [0x18e0-0x18ff]
[    0.074218] pci 0000:00:1d.7: reg 10 32bit mmio: [0xfe227000-0xfe2273ff]
[    0.074311] pci 0000:00:1d.7: PME# supported from D0 D3hot D3cold
[    0.074404] pci 0000:00:1d.7: PME# disabled
[    0.074710] pci 0000:00:1f.0: quirk: region 1000-107f claimed by ICH6 ACPI/GPIO/TCO
[    0.074836] pci 0000:00:1f.0: quirk: region 1180-11bf claimed by ICH6 GPIO
[    0.074929] pci 0000:00:1f.0: ICH7 LPC Generic IO decode 1 PIO at 1600 (mask 007f)
[    0.074998] pci 0000:00:1f.0: ICH7 LPC Generic IO decode 2 PIO at 15e0 (mask 000f)
[    0.075130] pci 0000:00:1f.0: ICH7 LPC Generic IO decode 3 PIO at 1680 (mask 001f)
[    0.075336] pci 0000:00:1f.1: reg 10 io port: [0x00-0x07]
[    0.075346] pci 0000:00:1f.1: reg 14 io port: [0x00-0x03]
[    0.075355] pci 0000:00:1f.1: reg 18 io port: [0x00-0x07]
[    0.075364] pci 0000:00:1f.1: reg 1c io port: [0x00-0x03]
[    0.075371] pci 0000:00:1f.1: reg 20 io port: [0x1c00-0x1c0f]
[    0.075451] pci 0000:00:1f.2: reg 10 io port: [0x1c50-0x1c57]
[    0.075460] pci 0000:00:1f.2: reg 14 io port: [0x1c44-0x1c47]
[    0.075467] pci 0000:00:1f.2: reg 18 io port: [0x1c48-0x1c4f]
[    0.075476] pci 0000:00:1f.2: reg 1c io port: [0x1c40-0x1c43]
[    0.075484] pci 0000:00:1f.2: reg 20 io port: [0x1c20-0x1c3f]
[    0.075493] pci 0000:00:1f.2: reg 24 32bit mmio: [0xfe226000-0xfe2267ff]
[    0.075551] pci 0000:00:1f.2: PME# supported from D3hot
[    0.075655] pci 0000:00:1f.2: PME# disabled
[    0.075783] pci 0000:00:1f.3: reg 10 32bit mmio: [0xfe227400-0xfe2274ff]
[    0.075808] pci 0000:00:1f.3: reg 20 io port: [0x1c60-0x1c7f]
[    0.075895] pci 0000:00:1c.0: bridge io port: [0x2000-0x2fff]
[    0.075901] pci 0000:00:1c.0: bridge 32bit mmio: [0xfc000000-0xfdffffff]
[    0.075910] pci 0000:00:1c.0: bridge 64bit mmio pref: [0xf8000000-0xf80fffff]
[    0.076050] pci 0000:03:00.0: reg 10 64bit mmio: [0xdf3f0000-0xdf3fffff]
[    0.076244] pci 0000:00:1c.1: bridge io port: [0x3000-0x3fff]
[    0.076250] pci 0000:00:1c.1: bridge 32bit mmio: [0xdc000000-0xdf3fffff]
[    0.076257] pci 0000:00:1c.1: bridge 64bit mmio pref: [0xdfe00000-0xdfefffff]
[    0.076313] pci 0000:00:1c.2: bridge io port: [0x4000-0x4fff]
[    0.076320] pci 0000:00:1c.2: bridge 32bit mmio: [0xd8000000-0xd9ffffff]
[    0.076327] pci 0000:00:1c.2: bridge 64bit mmio pref: [0xdfb00000-0xdfbfffff]
[    0.076383] pci 0000:00:1c.3: bridge io port: [0x5000-0x5fff]
[    0.076387] pci 0000:00:1c.3: bridge 32bit mmio: [0xd4000000-0xd5ffffff]
[    0.076396] pci 0000:00:1c.3: bridge 64bit mmio pref: [0xdf800000-0xdf8fffff]
[    0.076453] pci 0000:00:1c.4: bridge io port: [0x6000-0x6fff]
[    0.076459] pci 0000:00:1c.4: bridge 32bit mmio: [0xd0000000-0xd1ffffff]
[    0.076467] pci 0000:00:1c.4: bridge 64bit mmio pref: [0xdf500000-0xdf5fffff]
[    0.076531] pci 0000:15:00.0: reg 10 32bit mmio: [0xf8300000-0xf8300fff]
[    0.076583] pci 0000:15:00.0: supports D1 D2
[    0.076585] pci 0000:15:00.0: PME# supported from D0 D1 D2 D3hot D3cold
[    0.076688] pci 0000:15:00.0: PME# disabled
[    0.076844] pci 0000:15:00.1: reg 10 32bit mmio: [0xf8301000-0xf83017ff]
[    0.076941] pci 0000:15:00.1: supports D1 D2
[    0.076942] pci 0000:15:00.1: PME# supported from D0 D1 D2 D3hot D3cold
[    0.076998] pci 0000:15:00.1: PME# disabled
[    0.077180] pci 0000:00:1e.0: transparent bridge
[    0.077280] pci 0000:00:1e.0: bridge io port: [0x7000-0xafff]
[    0.077286] pci 0000:00:1e.0: bridge 32bit mmio: [0xf8300000-0xfbffffff]
[    0.077293] pci 0000:00:1e.0: bridge 64bit mmio pref: [0xf4000000-0xf7ffffff]
[    0.077362] pci_bus 0000:00: on NUMA node 0
[    0.077366] ACPI: PCI Interrupt Routing Table [\_SB_.PCI0._PRT]
[    0.077500] ACPI: PCI Interrupt Routing Table [\_SB_.PCI0.EXP0._PRT]
[    0.077559] ACPI: PCI Interrupt Routing Table [\_SB_.PCI0.EXP1._PRT]
[    0.077617] ACPI: PCI Interrupt Routing Table [\_SB_.PCI0.EXP2._PRT]
[    0.077675] ACPI: PCI Interrupt Routing Table [\_SB_.PCI0.EXP3._PRT]
[    0.077738] ACPI: PCI Interrupt Routing Table [\_SB_.PCI0.EXP4._PRT]
[    0.077800] ACPI: PCI Interrupt Routing Table [\_SB_.PCI0.PCI1._PRT]
[    0.083324] ACPI: PCI Interrupt Link [LNKA] (IRQs 3 4 5 6 7 9 *10 11)
[    0.084145] ACPI: PCI Interrupt Link [LNKB] (IRQs 3 4 5 6 7 9 10 *11)
[    0.084967] ACPI: PCI Interrupt Link [LNKC] (IRQs 3 4 5 6 7 9 10 *11)
[    0.085764] ACPI: PCI Interrupt Link [LNKD] (IRQs 3 4 5 6 7 9 10 *11)
[    0.086580] ACPI: PCI Interrupt Link [LNKE] (IRQs 3 4 5 6 7 9 10 *11)
[    0.087408] ACPI: PCI Interrupt Link [LNKF] (IRQs 3 4 5 6 7 9 10 *11)
[    0.088159] ACPI: PCI Interrupt Link [LNKG] (IRQs 3 4 5 6 7 9 10 *11)
[    0.089036] ACPI: PCI Interrupt Link [LNKH] (IRQs 3 4 5 6 7 9 10 *11)
[    0.089818] vgaarb: device added: PCI:0000:00:02.0,decodes=io+mem,owns=io+mem,locks=none
[    0.089947] vgaarb: loaded
[    0.090091] SCSI subsystem initialized
[    0.090192] libata version 3.00 loaded.
[    0.090238] usbcore: registered new interface driver usbfs
[    0.090366] usbcore: registered new interface driver hub
[    0.090480] usbcore: registered new device driver usb
[    0.107040] raid6: int32x1    941 MB/s
[    0.124059] raid6: int32x2    890 MB/s
[    0.141070] raid6: int32x4    750 MB/s
[    0.157994] raid6: int32x8    656 MB/s
[    0.175002] raid6: mmxx1     2882 MB/s
[    0.191985] raid6: mmxx2     3253 MB/s
[    0.208999] raid6: sse1x1    1937 MB/s
[    0.225989] raid6: sse1x2    2535 MB/s
[    0.242980] raid6: sse2x1    3507 MB/s
[    0.259974] raid6: sse2x2    3828 MB/s
[    0.260063] raid6: using algorithm sse2x2 (3828 MB/s)
[    0.260163] PCI: Using ACPI for IRQ routing
[    0.260481] HPET: 3 timers in total, 0 timers will be used for per-cpu timer
[    0.260989] Switching to clocksource tsc
[    0.261099] pnp: PnP ACPI init
[    0.261199] ACPI: bus type pnp registered
[    0.264901] pnp: PnP ACPI: found 11 devices
[    0.264988] ACPI: ACPI bus type pnp unregistered
[    0.265083] system 00:00: iomem range 0x0-0x9ffff could not be reserved
[    0.265175] system 00:00: iomem range 0xc0000-0xc3fff could not be reserved
[    0.265269] system 00:00: iomem range 0xc4000-0xc7fff could not be reserved
[    0.265358] system 00:00: iomem range 0xc8000-0xcbfff has been reserved
[    0.265448] system 00:00: iomem range 0xcc000-0xcffff has been reserved
[    0.265538] system 00:00: iomem range 0xd0000-0xd3fff could not be reserved
[    0.265627] system 00:00: iomem range 0xe0000-0xe3fff could not be reserved
[    0.265716] system 00:00: iomem range 0xe4000-0xe7fff could not be reserved
[    0.265809] system 00:00: iomem range 0xe8000-0xebfff could not be reserved
[    0.265904] system 00:00: iomem range 0xec000-0xeffff could not be reserved
[    0.265998] system 00:00: iomem range 0xf0000-0xfffff could not be reserved
[    0.266086] system 00:00: iomem range 0x100000-0x3dffffff could not be reserved
[    0.266207] system 00:00: iomem range 0xfec00000-0xfed3ffff could not be reserved
[    0.266333] system 00:00: iomem range 0xfed4c000-0xffffffff could not be reserved
[    0.266464] system 00:02: ioport range 0x164e-0x164f has been reserved
[    0.266559] system 00:02: ioport range 0x1000-0x107f has been reserved
[    0.266658] system 00:02: ioport range 0x1180-0x11bf has been reserved
[    0.266746] system 00:02: ioport range 0x800-0x80f has been reserved
[    0.266833] system 00:02: ioport range 0x15e0-0x15ef has been reserved
[    0.266927] system 00:02: ioport range 0x1600-0x165f could not be reserved
[    0.267020] system 00:02: iomem range 0xf0000000-0xf3ffffff has been reserved
[    0.267119] system 00:02: iomem range 0xfed1c000-0xfed1ffff has been reserved
[    0.267210] system 00:02: iomem range 0xfed14000-0xfed17fff has been reserved
[    0.267299] system 00:02: iomem range 0xfed18000-0xfed18fff has been reserved
[    0.267397] system 00:02: iomem range 0xfed19000-0xfed19fff has been reserved
[    0.267491] system 00:02: iomem range 0xfed45000-0xfed4bfff has been reserved
[    0.302544] pci 0000:00:1c.0: PCI bridge, secondary bus 0000:02
[    0.302645] pci 0000:00:1c.0:   IO window: 0x2000-0x2fff
[    0.302741] pci 0000:00:1c.0:   MEM window: 0xfc000000-0xfdffffff
[    0.302833] pci 0000:00:1c.0:   PREFETCH window: 0x000000f8000000-0x000000f80fffff
[    0.302967] pci 0000:00:1c.1: PCI bridge, secondary bus 0000:03
[    0.303068] pci 0000:00:1c.1:   IO window: 0x3000-0x3fff
[    0.303165] pci 0000:00:1c.1:   MEM window: 0xdc000000-0xdf3fffff
[    0.303266] pci 0000:00:1c.1:   PREFETCH window: 0x000000dfe00000-0x000000dfefffff
[    0.303406] pci 0000:00:1c.2: PCI bridge, secondary bus 0000:04
[    0.303497] pci 0000:00:1c.2:   IO window: 0x4000-0x4fff
[    0.303597] pci 0000:00:1c.2:   MEM window: 0xd8000000-0xd9ffffff
[    0.303697] pci 0000:00:1c.2:   PREFETCH window: 0x000000dfb00000-0x000000dfbfffff
[    0.303832] pci 0000:00:1c.3: PCI bridge, secondary bus 0000:05
[    0.303926] pci 0000:00:1c.3:   IO window: 0x5000-0x5fff
[    0.304027] pci 0000:00:1c.3:   MEM window: 0xd4000000-0xd5ffffff
[    0.304123] pci 0000:00:1c.3:   PREFETCH window: 0x000000df800000-0x000000df8fffff
[    0.304254] pci 0000:00:1c.4: PCI bridge, secondary bus 0000:0d
[    0.304350] pci 0000:00:1c.4:   IO window: 0x6000-0x6fff
[    0.304447] pci 0000:00:1c.4:   MEM window: 0xd0000000-0xd1ffffff
[    0.304546] pci 0000:00:1c.4:   PREFETCH window: 0x000000df500000-0x000000df5fffff
[    0.304680] pci 0000:15:00.0: CardBus bridge, secondary bus 0000:16
[    0.304772] pci 0000:15:00.0:   IO window: 0x007000-0x0070ff
[    0.304869] pci 0000:15:00.0:   IO window: 0x007400-0x0074ff
[    0.304968] pci 0000:15:00.0:   PREFETCH window: 0xf4000000-0xf7ffffff
[    0.305077] pci 0000:15:00.0:   MEM window: 0x40000000-0x43ffffff
[    0.305176] pci 0000:00:1e.0: PCI bridge, secondary bus 0000:15
[    0.305272] pci 0000:00:1e.0:   IO window: 0x7000-0xafff
[    0.305362] pci 0000:00:1e.0:   MEM window: 0xf8300000-0xfbffffff
[    0.305470] pci 0000:00:1e.0:   PREFETCH window: 0x000000f4000000-0x000000f7ffffff
[    0.305618] pci 0000:00:1c.0: PCI INT A -> GSI 20 (level, low) -> IRQ 20
[    0.305719] pci 0000:00:1c.0: setting latency timer to 64
[    0.305733] pci 0000:00:1c.1: PCI INT B -> GSI 21 (level, low) -> IRQ 21
[    0.305831] pci 0000:00:1c.1: setting latency timer to 64
[    0.305840] pci 0000:00:1c.2: PCI INT C -> GSI 22 (level, low) -> IRQ 22
[    0.305937] pci 0000:00:1c.2: setting latency timer to 64
[    0.305951] pci 0000:00:1c.3: PCI INT D -> GSI 23 (level, low) -> IRQ 23
[    0.306057] pci 0000:00:1c.3: setting latency timer to 64
[    0.306068] pci 0000:00:1c.4: PCI INT A -> GSI 20 (level, low) -> IRQ 20
[    0.306166] pci 0000:00:1c.4: setting latency timer to 64
[    0.306175] pci 0000:00:1e.0: enabling device (0005 -> 0007)
[    0.306282] pci 0000:00:1e.0: setting latency timer to 64
[    0.306297] pci 0000:15:00.0: PCI INT A -> GSI 16 (level, low) -> IRQ 16
[    0.306393] pci 0000:15:00.0: setting latency timer to 64
[    0.306397] pci_bus 0000:00: resource 0 io:  [0x00-0xffff]
[    0.306399] pci_bus 0000:00: resource 1 mem: [0x000000-0xffffffff]
[    0.306401] pci_bus 0000:02: resource 0 io:  [0x2000-0x2fff]
[    0.306403] pci_bus 0000:02: resource 1 mem: [0xfc000000-0xfdffffff]
[    0.306405] pci_bus 0000:02: resource 2 pref mem [0xf8000000-0xf80fffff]
[    0.306407] pci_bus 0000:03: resource 0 io:  [0x3000-0x3fff]
[    0.306409] pci_bus 0000:03: resource 1 mem: [0xdc000000-0xdf3fffff]
[    0.306410] pci_bus 0000:03: resource 2 pref mem [0xdfe00000-0xdfefffff]
[    0.306412] pci_bus 0000:04: resource 0 io:  [0x4000-0x4fff]
[    0.306414] pci_bus 0000:04: resource 1 mem: [0xd8000000-0xd9ffffff]
[    0.306416] pci_bus 0000:04: resource 2 pref mem [0xdfb00000-0xdfbfffff]
[    0.306418] pci_bus 0000:05: resource 0 io:  [0x5000-0x5fff]
[    0.306419] pci_bus 0000:05: resource 1 mem: [0xd4000000-0xd5ffffff]
[    0.306421] pci_bus 0000:05: resource 2 pref mem [0xdf800000-0xdf8fffff]
[    0.306423] pci_bus 0000:0d: resource 0 io:  [0x6000-0x6fff]
[    0.306425] pci_bus 0000:0d: resource 1 mem: [0xd0000000-0xd1ffffff]
[    0.306426] pci_bus 0000:0d: resource 2 pref mem [0xdf500000-0xdf5fffff]
[    0.306428] pci_bus 0000:15: resource 0 io:  [0x7000-0xafff]
[    0.306430] pci_bus 0000:15: resource 1 mem: [0xf8300000-0xfbffffff]
[    0.306432] pci_bus 0000:15: resource 2 pref mem [0xf4000000-0xf7ffffff]
[    0.306434] pci_bus 0000:15: resource 3 io:  [0x00-0xffff]
[    0.306435] pci_bus 0000:15: resource 4 mem: [0x000000-0xffffffff]
[    0.306437] pci_bus 0000:16: resource 0 io:  [0x7000-0x70ff]
[    0.306439] pci_bus 0000:16: resource 1 io:  [0x7400-0x74ff]
[    0.306441] pci_bus 0000:16: resource 2 pref mem [0xf4000000-0xf7ffffff]
[    0.306443] pci_bus 0000:16: resource 3 mem: [0x40000000-0x43ffffff]
[    0.306450] NET: Registered protocol family 2
[    0.306547] RANDOM - __random32 called. Change num 7.  Value: 437d97bf	f373de51	f3b0f986
[    0.306549] RANDOM - random32 called.  Value: 437d97bf	f373de51	f3b0f986
[    0.306553] random 0000 0000 0000 5f8db4e5 4cfdf2a8: rand_read_num 3 get_random_bytes(4): sig fffffb64 5f8db4e5 4cfdf2a8
[    0.306556] random 0000 0000 0000 5f8db4e5 4cfdf2a8: extract_entropy(.. 4 ..)
[    0.306558] random 0000 0000 0000 5f8db4e5 4cfdf2a8: going to reseed nonblocking with 64 bits (32 of 0 requested)
[    0.306560] random 0000 0000 0000 5f8db4e5 4cfdf2a8: extract_entropy(.. 8 ..)
[    0.306563] random 0000 0000 0000 5f8db4e5 4cfdf2a8: trying to extract 64 bits from input
[    0.306565] random 0000 0000 0000 5f8db4e5 4cfdf2a8: debiting 0 entropy credits from input
[    0.306567] random 0000 0000 0000 5f8db4e5 4cfdf2a8: extract_entropy account returned: 0 
[    0.306570] random 0000 0000 0000 5f8db4e5 4cfdf2a8: urand_change_num 5 xfer_secondary_pool(4): pool_sig fffffb64, data_sig 00000000, bytes_mixed 0 5f8db4e5 4cfdf2a8
[    0.306573] random 0000 0000 0000 5f8db4e5 4cfdf2a8: trying to extract 32 bits from nonblocking
[    0.306575] random 0000 0000 0000 5f8db4e5 4cfdf2a8: debiting 32 entropy credits from nonblocking (unlimited)
[    0.306577] random 0000 0000 0000 5f8db4e5 4cfdf2a8: extract_entropy account returned: 4 
[    0.306581] random 0000 0000 0000 5f8db4e5 4cfdf2a8: urand_change_num 6 extract_buf: pool_sig fffffb64, data_sig 00000241, bytes_mixed 20 5f8db4e5 4cfdf2a8
[    0.306591] IP route cache hash table entries: 32768 (order: 5, 131072 bytes)
[    0.306721] RANDOM - __random32 called. Change num 8.  Value: d97bfe31	373de51f	f30dc6e6
[    0.306723] RANDOM - random32 called.  Value: d97bfe31	373de51f	f30dc6e6
[    0.306733] RANDOM - __random32 called. Change num 9.  Value: bfe314d7	73de51f5	8dcd6c7e
[    0.306735] RANDOM - random32 called.  Value: bfe314d7	73de51f5	8dcd6c7e
[    0.306737] RANDOM - __random32 called. Change num 10.  Value: 314d7baf	3de51f5e	d8fc74c1
[    0.306738] RANDOM - random32 called.  Value: 314d7baf	3de51f5e	d8fc74c1
[    0.306749] RANDOM - __random32 called. Change num 11.  Value: d7baf3c7	de51f5e5	e983e3fa
[    0.306750] RANDOM - random32 called.  Value: d7baf3c7	de51f5e5	e983e3fa
[    0.306760] TCP established hash table entries: 131072 (order: 8, 1048576 bytes)
[    0.307250] TCP bind hash table entries: 65536 (order: 6, 262144 bytes)
[    0.307437] TCP: Hash tables configured (established 131072 bind 65536)
[    0.307533] TCP reno registered
[    0.307648] NET: Registered protocol family 1
[    0.307762] RPC: Registered udp transport module.
[    0.307864] RPC: Registered tcp transport module.
[    0.307956] RPC: Registered tcp NFSv4.1 backchannel transport module.
[    0.308052] pci 0000:00:02.0: Boot video device
[    0.308261] Simple Boot Flag at 0x35 set to 0x1
[    0.308797] highmem bounce pool size: 64 pages
[    0.310367] VFS: Disk quotas dquot_6.5.2
[    0.310495] Dquot-cache hash table entries: 1024 (order 0, 4096 bytes)
[    0.311172] NTFS driver 2.1.29 [Flags: R/W].
[    0.311333] ROMFS MTD (C) 2007 Red Hat, Inc.
[    0.311541] JFS: nTxBlock = 7695, nTxLock = 61562
[    0.314015] SGI XFS with ACLs, security attributes, large block/inode numbers, no debug enabled
[    0.314507] SGI XFS Quota Management subsystem
[    0.314792] Slow work thread pool: Starting up
[    0.314946] Slow work thread pool: Ready
[    0.315038] GFS2 (built May 24 2013 02:47:17) installed
[    0.315142] msgmni has been set to 1734
[    0.315318] alg: No test for cipher_null (cipher_null-generic)
[    0.315425] alg: No test for ecb(cipher_null) (ecb-cipher_null)
[    0.315523] alg: No test for digest_null (digest_null-generic)
[    0.315623] alg: No test for compress_null (compress_null-generic)
[    0.316181] alg: No test for fcrypt (fcrypt-generic)
[    0.317594] alg: No test for stdrng (krng)
[    0.317688] async_tx: api initialized (async)
[    0.317843] Block layer SCSI generic (bsg) driver version 0.4 loaded (major 254)
[    0.317974] io scheduler noop registered
[    0.318068] io scheduler anticipatory registered
[    0.318173] io scheduler deadline registered
[    0.318306] io scheduler cfq registered (default)
[    0.318547] pcieport 0000:00:1c.0: irq 24 for MSI/MSI-X
[    0.318562] pcieport 0000:00:1c.0: setting latency timer to 64
[    0.318750] pcieport 0000:00:1c.1: irq 25 for MSI/MSI-X
[    0.318762] pcieport 0000:00:1c.1: setting latency timer to 64
[    0.318962] pcieport 0000:00:1c.2: irq 26 for MSI/MSI-X
[    0.318973] pcieport 0000:00:1c.2: setting latency timer to 64
[    0.319155] pcieport 0000:00:1c.3: irq 27 for MSI/MSI-X
[    0.319164] pcieport 0000:00:1c.3: setting latency timer to 64
[    0.319342] pcieport 0000:00:1c.4: irq 28 for MSI/MSI-X
[    0.319353] pcieport 0000:00:1c.4: setting latency timer to 64
[    0.319496] pci_hotplug: PCI Hot Plug PCI Core version: 0.5
[    0.319701] isapnp: Scanning for PnP cards...
[    0.680224] isapnp: No Plug & Play device found
[    0.680317] random 0000 0000 0000 5f8db4e5 4cfdf2a8: initializing
[    0.680319] RANDOM init_std_data for input now value: 1370011592680319657
[    0.680321] RANDOM init_std_data for blocking now value: 1370011592680321657
[    0.680323] RANDOM init_std_data for nonblocking now value: 1370011592680323381
[    0.699908] Serial: 8250/16550 driver, 4 ports, IRQ sharing enabled
[    3.711011] floppy0: no floppy controllers found
[    3.711964] brd: module loaded
[    3.712475] loop: module loaded
[    3.712566] Compaq SMART2 Driver (v 2.6.0)
[    3.712692] HP CISS Driver (v 3.6.20)
[    3.712932] input: Macintosh mouse button emulation as /devices/virtual/input/input0
[    3.713074] Uniform Multi-Platform E-IDE driver
[    3.713300] piix 0000:00:1f.1: IDE controller (0x8086:0x2850 rev 0x03)
[    3.713410] pci 0000:00:1f.1: PCI INT C -> GSI 16 (level, low) -> IRQ 16
[    3.713520] piix 0000:00:1f.1: IDE port disabled
[    3.713616] piix 0000:00:1f.1: not 100% native mode: will probe irqs later
[    3.713719]     ide0: BM-DMA at 0x1c00-0x1c07
[    3.713815] Probing IDE interface ide0...
[    4.385260] hda: HL-DT-ST DVDRAM GSA-U10N, ATAPI CD/DVD-ROM drive
[    4.692083] hda: host max PIO4 wanted PIO255(auto-tune) selected PIO4
[    4.692856] hda: UDMA/33 mode selected
[    4.693323] ide0 at 0x1f0-0x1f7,0x3f6 on irq 14
[    4.697231] ide-gd driver 1.18
[    4.697341] ide-cd driver 5.00
[    4.698733] random 0000 0000 0000 00000000 00000000: add_disk_randomness(0:0) 00000000 00000000
[    4.698737] random 0000 0000 0000 00000000 00000000: add_timer_randomness(.. 256) with jiffies: 17460639511195909754, cycles: -986104566808313847
[    4.698740] random 0000 0000 0000 00000000 00000000: added 11 entropy credits to input
[    4.698744] ide-cd: hda: ATAPI 24X DVD-ROM DVD-R/RAM CD-R/RW drive, 2048kB Cache
[    4.699227] Uniform CD-ROM driver Revision: 3.20
[    4.701968] random 0011 0000 0000 00000000 00000000: add_disk_randomness(0:0) 00000000 00000000
[    4.701972] random 0011 0000 0000 00000000 00000000: add_timer_randomness(.. 256) with jiffies: 17489746749374037629, cycles: -956997328630185975
[    4.701974] random 0011 0000 0000 00000000 00000000: added 1 entropy credits to input
[    4.701977] random 0012 0000 0000 00000000 00000000: add_disk_randomness(0:0) 00000000 00000000
[    4.701980] random 0012 0000 0000 00000000 00000000: add_timer_randomness(.. 256) with jiffies: 17489824226289090173, cycles: -956919851715133431
[    4.703965] random 0012 0000 0000 00000000 00000000: add_disk_randomness(0:0) 00000000 00000000
[    4.703967] random 0012 0000 0000 00000000 00000000: add_timer_randomness(.. 256) with jiffies: 17507702319716466303, cycles: -939041758287757303
[    4.703970] random 0012 0000 0000 00000000 00000000: added 1 entropy credits to input
[    4.703973] random 0013 0000 0000 00000000 00000000: add_disk_randomness(0:0) 00000000 00000000
[    4.703976] random 0013 0000 0000 00000000 00000000: add_timer_randomness(.. 256) with jiffies: 17507778035694927487, cycles: -938966042309296119
[    4.705969] random 0013 0000 0000 00000000 00000000: add_disk_randomness(0:0) 00000000 00000000
[    4.705972] random 0013 0000 0000 00000000 00000000: add_timer_randomness(.. 256) with jiffies: 17525734550930161281, cycles: -921009527074062327
[    4.705974] random 0013 0000 0000 00000000 00000000: added 1 entropy credits to input
[    4.705977] random 0014 0000 0000 00000000 00000000: add_disk_randomness(0:0) 00000000 00000000
[    4.705980] random 0014 0000 0000 00000000 00000000: add_timer_randomness(.. 256) with jiffies: 17525809188871831169, cycles: -920934889132392439
[    4.706261] Loading iSCSI transport class v2.0-870.
[    4.706543] rdac: device handler registered
[    4.706631] hp_sw: device handler registered
[    4.706718] emc: device handler registered
[    4.706805] alua: device handler registered
[    4.707800] Adaptec aacraid driver 1.1-5[2461]-ms
[    4.708223] scsi: <fdomain> Detection failed (no card)
[    4.708320] sym53c416.c: Version 1.0.0-ac
[    4.708426] qlogicfas: no cards were found, please specify I/O address and IRQ using iobase= and irq= options
[    4.708549] QLogic Fibre Channel HBA Driver: 8.03.01-k6
[    4.708790] iscsi: registered transport (qla4xxx)
[    4.708899] QLogic iSCSI HBA Driver
[    4.708988] Emulex LightPulse Fibre Channel SCSI driver 8.3.4
[    4.709093] Copyright(c) 2004-2009 Emulex.  All rights reserved.
[    4.731074] Failed initialization of WD-7000 SCSI card!
[    4.820317] DC390: clustering now enabled by default. If you get problems load
[    4.820443]        with "disable_clustering=1" and report to maintainers
[    4.820590] megaraid cmm: 2.20.2.7 (Release Date: Sun Jul 16 00:01:03 EST 2006)
[    4.820743] megaraid: 2.20.5.1 (Release Date: Thu Nov 16 15:32:35 EST 2006)
[    4.820853] megasas: 00.00.04.01 Thu July 24 11:41:51 PST 2008
[    4.820986] GDT-HA: Storage RAID Controller Driver. Version: 3.05
[    4.821140] 3ware Storage Controller device driver for Linux v1.26.02.002.
[    4.821257] 3ware 9000 Storage Controller device driver for Linux v2.26.02.012.
[    4.821399] nsp32: loading...
[    4.821507] ipr: IBM Power RAID SCSI Device Driver version: 2.4.3 (June 10, 2009)
[    4.821649] RocketRAID 3xxx/4xxx Controller driver v1.6 (090910)
[    4.821758] stex: Promise SuperTrak EX Driver version: 4.6.0000.3
[    4.821896] st: Version 20081215, fixed bufsize 32768, s/g segs 256
[    4.822094] ahci 0000:00:1f.2: version 3.0
[    4.822110] ahci 0000:00:1f.2: PCI INT B -> GSI 16 (level, low) -> IRQ 16
[    4.822248] ahci 0000:00:1f.2: irq 29 for MSI/MSI-X
[    4.822311] ahci 0000:00:1f.2: AHCI 0001.0100 32 slots 3 ports 1.5 Gbps 0x5 impl SATA mode
[    4.822438] ahci 0000:00:1f.2: flags: 64bit ncq sntf pm led clo pio slum part ccc 
[    4.822562] ahci 0000:00:1f.2: setting latency timer to 64
[    4.822705] scsi2 : ahci
[    4.822870] scsi3 : ahci
[    4.823011] scsi4 : ahci
[    4.823194] ata1: SATA max UDMA/133 abar m2048@0xfe226000 port 0xfe226100 irq 29
[    4.823316] ata2: DUMMY
[    4.823399] ata3: SATA max UDMA/133 abar m2048@0xfe226000 port 0xfe226200 irq 29
[    4.824011] I2O subsystem v1.325
[    4.824109] i2o: max drivers = 8
[    4.824265] I2O Configuration OSM v1.323
[    4.824373] I2O Bus Adapter OSM v1.317
[    4.824477] I2O Block Device OSM v1.325
[    4.824629] I2O SCSI Peripheral OSM v1.316
[    4.824736] I2O ProcFS OSM v1.316
[    4.824842] Fusion MPT base driver 3.04.12
[    4.824928] Copyright (c) 1999-2008 LSI Corporation
[    4.825018] Fusion MPT SPI Host driver 3.04.12
[    4.825185] Fusion MPT FC Host driver 3.04.12
[    4.825302] Fusion MPT SAS Host driver 3.04.12
[    4.825455] ohci1394 0000:15:00.1: PCI INT B -> GSI 17 (level, low) -> IRQ 17
[    4.825552] ohci1394 0000:15:00.1: setting latency timer to 64
[    4.879098] ohci1394: fw-host0: OHCI-1394 1.1 (PCI): IRQ=[17]  MMIO=[f8301000-f83017ff]  Max Packet=[2048]  IR/IT contexts=[4/4]
[    4.883380] ehci_hcd: USB 2.0 'Enhanced' Host Controller (EHCI) Driver
[    4.883657] ehci_hcd 0000:00:1a.7: power state changed by ACPI to D0
[    4.883906] ehci_hcd 0000:00:1a.7: power state changed by ACPI to D0
[    4.884004] ehci_hcd 0000:00:1a.7: PCI INT C -> GSI 22 (level, low) -> IRQ 22
[    4.884118] ehci_hcd 0000:00:1a.7: setting latency timer to 64
[    4.884123] ehci_hcd 0000:00:1a.7: EHCI Host Controller
[    4.884267] ehci_hcd 0000:00:1a.7: new USB bus registered, assigned bus number 1
[    4.888295] ehci_hcd 0000:00:1a.7: cache line size of 32 is not supported
[    4.888304] ehci_hcd 0000:00:1a.7: irq 22, io mem 0xfe226c00
[    4.898062] ehci_hcd 0000:00:1a.7: USB 2.0 started, EHCI 1.00
[    4.898168] usb usb1: New USB device found, idVendor=1d6b, idProduct=0002
[    4.898262] usb usb1: New USB device strings: Mfr=3, Product=2, SerialNumber=1
[    4.898382] usb usb1: Product: EHCI Host Controller
[    4.898472] usb usb1: Manufacturer: Linux 2.6.32.57 ehci_hcd
[    4.898572] usb usb1: SerialNumber: 0000:00:1a.7
[    4.898711] usb usb1: configuration #1 chosen from 1 choice
[    4.898830] hub 1-0:1.0: USB hub found
[    4.898919] hub 1-0:1.0: 4 ports detected
[    4.899215] ehci_hcd 0000:00:1d.7: power state changed by ACPI to D0
[    4.899461] ehci_hcd 0000:00:1d.7: power state changed by ACPI to D0
[    4.899562] ehci_hcd 0000:00:1d.7: PCI INT D -> GSI 19 (level, low) -> IRQ 19
[    4.899676] ehci_hcd 0000:00:1d.7: setting latency timer to 64
[    4.899681] ehci_hcd 0000:00:1d.7: EHCI Host Controller
[    4.899816] ehci_hcd 0000:00:1d.7: new USB bus registered, assigned bus number 2
[    4.899966] ehci_hcd 0000:00:1d.7: debug port 1
[    4.903953] ehci_hcd 0000:00:1d.7: cache line size of 32 is not supported
[    4.903962] ehci_hcd 0000:00:1d.7: irq 19, io mem 0xfe227000
[    4.914063] ehci_hcd 0000:00:1d.7: USB 2.0 started, EHCI 1.00
[    4.914166] usb usb2: New USB device found, idVendor=1d6b, idProduct=0002
[    4.914267] usb usb2: New USB device strings: Mfr=3, Product=2, SerialNumber=1
[    4.914389] usb usb2: Product: EHCI Host Controller
[    4.914482] usb usb2: Manufacturer: Linux 2.6.32.57 ehci_hcd
[    4.914574] usb usb2: SerialNumber: 0000:00:1d.7
[    4.914712] usb usb2: configuration #1 chosen from 1 choice
[    4.914833] hub 2-0:1.0: USB hub found
[    4.914930] hub 2-0:1.0: 6 ports detected
[    4.915114] 116x: driver isp116x-hcd, 03 Nov 2005
[    4.915217] ohci_hcd: USB 1.1 'Open' Host Controller (OHCI) Driver
[    4.915328] uhci_hcd: USB Universal Host Controller Interface driver
[    4.915438] uhci_hcd 0000:00:1a.0: PCI INT A -> GSI 20 (level, low) -> IRQ 20
[    4.915534] uhci_hcd 0000:00:1a.0: setting latency timer to 64
[    4.915539] uhci_hcd 0000:00:1a.0: UHCI Host Controller
[    4.915671] uhci_hcd 0000:00:1a.0: new USB bus registered, assigned bus number 3
[    4.915819] uhci_hcd 0000:00:1a.0: irq 20, io base 0x00001860
[    4.915934] usb usb3: New USB device found, idVendor=1d6b, idProduct=0001
[    4.916023] usb usb3: New USB device strings: Mfr=3, Product=2, SerialNumber=1
[    4.916151] usb usb3: Product: UHCI Host Controller
[    4.916252] usb usb3: Manufacturer: Linux 2.6.32.57 uhci_hcd
[    4.916340] usb usb3: SerialNumber: 0000:00:1a.0
[    4.916485] usb usb3: configuration #1 chosen from 1 choice
[    4.916606] hub 3-0:1.0: USB hub found
[    4.916706] hub 3-0:1.0: 2 ports detected
[    4.917026] uhci_hcd 0000:00:1a.1: power state changed by ACPI to D0
[    4.917285] uhci_hcd 0000:00:1a.1: power state changed by ACPI to D0
[    4.917379] uhci_hcd 0000:00:1a.1: PCI INT B -> GSI 21 (level, low) -> IRQ 21
[    4.917477] uhci_hcd 0000:00:1a.1: setting latency timer to 64
[    4.917482] uhci_hcd 0000:00:1a.1: UHCI Host Controller
[    4.917617] uhci_hcd 0000:00:1a.1: new USB bus registered, assigned bus number 4
[    4.917767] uhci_hcd 0000:00:1a.1: irq 21, io base 0x00001880
[    4.917879] usb usb4: New USB device found, idVendor=1d6b, idProduct=0001
[    4.917978] usb usb4: New USB device strings: Mfr=3, Product=2, SerialNumber=1
[    4.918112] usb usb4: Product: UHCI Host Controller
[    4.918200] usb usb4: Manufacturer: Linux 2.6.32.57 uhci_hcd
[    4.918293] usb usb4: SerialNumber: 0000:00:1a.1
[    4.918426] usb usb4: configuration #1 chosen from 1 choice
[    4.918546] hub 4-0:1.0: USB hub found
[    4.918642] hub 4-0:1.0: 2 ports detected
[    4.918931] uhci_hcd 0000:00:1d.0: power state changed by ACPI to D0
[    4.919170] uhci_hcd 0000:00:1d.0: power state changed by ACPI to D0
[    4.919266] uhci_hcd 0000:00:1d.0: PCI INT A -> GSI 16 (level, low) -> IRQ 16
[    4.919360] uhci_hcd 0000:00:1d.0: setting latency timer to 64
[    4.919365] uhci_hcd 0000:00:1d.0: UHCI Host Controller
[    4.919493] uhci_hcd 0000:00:1d.0: new USB bus registered, assigned bus number 5
[    4.919651] uhci_hcd 0000:00:1d.0: irq 16, io base 0x000018a0
[    4.919775] usb usb5: New USB device found, idVendor=1d6b, idProduct=0001
[    4.919869] usb usb5: New USB device strings: Mfr=3, Product=2, SerialNumber=1
[    4.919988] usb usb5: Product: UHCI Host Controller
[    4.920092] usb usb5: Manufacturer: Linux 2.6.32.57 uhci_hcd
[    4.920183] usb usb5: SerialNumber: 0000:00:1d.0
[    4.920328] usb usb5: configuration #1 chosen from 1 choice
[    4.920446] hub 5-0:1.0: USB hub found
[    4.920543] hub 5-0:1.0: 2 ports detected
[    4.920683] uhci_hcd 0000:00:1d.1: PCI INT B -> GSI 17 (level, low) -> IRQ 17
[    4.920781] uhci_hcd 0000:00:1d.1: setting latency timer to 64
[    4.920786] uhci_hcd 0000:00:1d.1: UHCI Host Controller
[    4.920913] uhci_hcd 0000:00:1d.1: new USB bus registered, assigned bus number 6
[    4.921068] uhci_hcd 0000:00:1d.1: irq 17, io base 0x000018c0
[    4.921183] usb usb6: New USB device found, idVendor=1d6b, idProduct=0001
[    4.921275] usb usb6: New USB device strings: Mfr=3, Product=2, SerialNumber=1
[    4.921394] usb usb6: Product: UHCI Host Controller
[    4.921487] usb usb6: Manufacturer: Linux 2.6.32.57 uhci_hcd
[    4.921578] usb usb6: SerialNumber: 0000:00:1d.1
[    4.921712] usb usb6: configuration #1 chosen from 1 choice
[    4.921831] hub 6-0:1.0: USB hub found
[    4.921921] hub 6-0:1.0: 2 ports detected
[    4.922228] uhci_hcd 0000:00:1d.2: power state changed by ACPI to D0
[    4.922469] uhci_hcd 0000:00:1d.2: power state changed by ACPI to D0
[    4.922571] uhci_hcd 0000:00:1d.2: PCI INT C -> GSI 18 (level, low) -> IRQ 18
[    4.922668] uhci_hcd 0000:00:1d.2: setting latency timer to 64
[    4.922673] uhci_hcd 0000:00:1d.2: UHCI Host Controller
[    4.922805] uhci_hcd 0000:00:1d.2: new USB bus registered, assigned bus number 7
[    4.922953] uhci_hcd 0000:00:1d.2: irq 18, io base 0x000018e0
[    4.923077] usb usb7: New USB device found, idVendor=1d6b, idProduct=0001
[    4.923169] usb usb7: New USB device strings: Mfr=3, Product=2, SerialNumber=1
[    4.923297] usb usb7: Product: UHCI Host Controller
[    4.923392] usb usb7: Manufacturer: Linux 2.6.32.57 uhci_hcd
[    4.923482] usb usb7: SerialNumber: 0000:00:1d.2
[    4.924281] usb usb7: configuration #1 chosen from 1 choice
[    4.924412] hub 7-0:1.0: USB hub found
[    4.924501] hub 7-0:1.0: 2 ports detected
[    4.924660] sl811: driver sl811-hcd, 19 May 2005
[    4.924766] r8a66597_hcd: driver r8a66597_hcd, 2009-05-26
[    4.924934] Initializing USB Mass Storage driver...
[    4.925071] usbcore: registered new interface driver usb-storage
[    4.925159] USB Mass Storage support registered.
[    4.925264] usbcore: registered new interface driver ums-alauda
[    4.925371] usbcore: registered new interface driver ums-cypress
[    4.925483] usbcore: registered new interface driver ums-datafab
[    4.925590] usbcore: registered new interface driver ums-freecom
[    4.925699] usbcore: registered new interface driver ums-isd200
[    4.925811] usbcore: registered new interface driver ums-jumpshot
[    4.925919] usbcore: registered new interface driver ums-karma
[    4.926031] usbcore: registered new interface driver ums-onetouch
[    4.926160] usbcore: registered new interface driver ums-sddr09
[    4.926267] usbcore: registered new interface driver ums-sddr55
[    4.926374] usbcore: registered new interface driver ums-usbat
[    4.926521] PNP: PS/2 Controller [PNP0303:KBD,PNP0f13:MOU] at 0x60,0x64 irq 1,12
[    4.935610] serio: i8042 KBD port at 0x60,0x64 irq 1
[    4.935716] serio: i8042 AUX port at 0x60,0x64 irq 12
[    4.935954] mice: PS/2 mouse device common for all mice
[    4.936077] i2c /dev entries driver
[    4.936214] md: linear personality registered for level -1
[    4.936305] md: raid0 personality registered for level 0
[    4.936408] md: raid1 personality registered for level 1
[    4.936498] md: raid10 personality registered for level 10
[    4.936585] md: raid6 personality registered for level 6
[    4.936676] md: raid5 personality registered for level 5
[    4.936767] md: raid4 personality registered for level 4
[    4.936865] md: multipath personality registered for level -4
[    4.937078] device-mapper: ioctl: 4.15.0-ioctl (2009-04-01) initialised: dm-devel@redhat.com
[    4.937282] cpuidle: using governor ladder
[    4.937883] usbcore: registered new interface driver usbhid
[    4.937989] usbhid: v2.6:USB HID core driver
[    4.938145] random 0014 0000 0000 00000000 00000000: rand_read_num 4 get_random_bytes(136): sig 00000000 00000000 00000000
[    4.938148] random 0014 0000 0000 00000000 00000000: extract_entropy(.. 136 ..)
[    4.938150] random 0014 0000 0000 00000000 00000000: going to reseed nonblocking with 1024 bits (1088 of 0 requested)
[    4.938152] random 0014 0000 0000 00000000 00000000: extract_entropy(.. 128 ..)
[    4.938155] random 0014 0000 0000 00000000 00000000: trying to extract 1024 bits from input
[    4.938157] random 0014 0000 0000 00000000 00000000: debiting 0 entropy credits from input
[    4.938159] random 0014 0000 0000 00000000 00000000: extract_entropy account returned: 0 
[    4.938162] random 0014 0000 0000 00000000 00000000: urand_change_num 7 xfer_secondary_pool(136): pool_sig 00000000, data_sig 00000000, bytes_mixed 0 00000000 00000000
[    4.938165] random 0014 0000 0000 00000000 00000000: trying to extract 1088 bits from nonblocking
[    4.938168] random 0014 0000 0000 00000000 00000000: debiting 1088 entropy credits from nonblocking (unlimited)
[    4.938170] random 0014 0000 0000 00000000 00000000: extract_entropy account returned: 136 
[    4.938174] random 0014 0000 0000 00000000 00000000: urand_change_num 8 extract_buf: pool_sig 00000000, data_sig fffffff9, bytes_mixed 20 00000000 00000000
[    4.938180] random 0014 0000 0000 b7c35b56 be4dc95d: urand_change_num 9 extract_buf: pool_sig fffffd1e, data_sig 000000c5, bytes_mixed 20 b7c35b56 be4dc95d
[    4.938185] random 0014 0000 0000 ed9f5c47 c48487fb: urand_change_num 10 extract_buf: pool_sig fffff8ec, data_sig ffffff68, bytes_mixed 20 ed9f5c47 c48487fb
[    4.938190] random 0014 0000 0000 ed9f5c47 c48487fb: urand_change_num 11 extract_buf: pool_sig fffffaed, data_sig 000001aa, bytes_mixed 20 ed9f5c47 c48487fb
[    4.938195] random 0014 0000 0000 1b4f7c0a 91bd6a48: urand_change_num 12 extract_buf: pool_sig fffffdd8, data_sig 00000064, bytes_mixed 20 1b4f7c0a 91bd6a48
[    4.938201] random 0014 0000 0000 a254b9bc 20e9a24f: urand_change_num 13 extract_buf: pool_sig fffffbe6, data_sig 000001dd, bytes_mixed 20 a254b9bc 20e9a24f
[    4.938206] random 0014 0000 0000 a254b9bc 20e9a24f: urand_change_num 14 extract_buf: pool_sig fffff940, data_sig fffffe20, bytes_mixed 20 a254b9bc 20e9a24f
[    4.938211] random 0014 0000 0000 2831a66b 5fa2a3ad: urand_change_num 15 extract_buf: pool_sig fffffbce, data_sig 0000007e, bytes_mixed 20 2831a66b 5fa2a3ad
[    4.938216] random 0014 0000 0000 2831a66b 5fa2a3ad: urand_change_num 16 extract_buf: pool_sig 000004df, data_sig fffffe8f, bytes_mixed 20 2831a66b 5fa2a3ad
[    4.938221] random 0014 0000 0000 d4512bfd c9a54e0b: urand_change_num 17 extract_buf: pool_sig 00000485, data_sig fffffe68, bytes_mixed 20 d4512bfd c9a54e0b
[    4.938227] random 0014 0000 0000 c7371be6 f9ffea11: urand_change_num 18 extract_buf: pool_sig 00000095, data_sig ffffffed, bytes_mixed 20 c7371be6 f9ffea11
[    4.938232] random 0014 0000 0000 c7371be6 f9ffea11: urand_change_num 19 extract_buf: pool_sig 000003a7, data_sig fffffefa, bytes_mixed 20 c7371be6 f9ffea11
[    4.938237] random 0014 0000 0000 8fb4b62c d1ddba54: urand_change_num 20 extract_buf: pool_sig 00000179, data_sig ffffff78, bytes_mixed 20 8fb4b62c d1ddba54
[    4.938242] random 0014 0000 0000 9ff19f9c c07a1d2a: urand_change_num 21 extract_buf: pool_sig fffffe88, data_sig 00000126, bytes_mixed 20 9ff19f9c c07a1d2a
[    4.938246] TCP cubic registered
[    4.938333] Initializing XFRM netlink socket
[    4.938425] NET: Registered protocol family 17
[    4.938526] Using IPI Shortcut mode
[    4.938617] random 0014 0000 0000 9ff19f9c c07a1d2a: rand_read_num 5 get_random_bytes(8): sig 0000031b 9ff19f9c c07a1d2a
[    4.938619] random 0014 0000 0000 9ff19f9c c07a1d2a: extract_entropy(.. 8 ..)
[    4.938622] random 0014 0000 0000 9ff19f9c c07a1d2a: going to reseed nonblocking with 64 bits (64 of 0 requested)
[    4.938624] random 0014 0000 0000 9ff19f9c c07a1d2a: extract_entropy(.. 8 ..)
[    4.938626] random 0014 0000 0000 9ff19f9c c07a1d2a: trying to extract 64 bits from input
[    4.938628] random 0014 0000 0000 9ff19f9c c07a1d2a: debiting 0 entropy credits from input
[    4.938630] random 0014 0000 0000 9ff19f9c c07a1d2a: extract_entropy account returned: 0 
[    4.938633] random 0014 0000 0000 9ff19f9c c07a1d2a: urand_change_num 22 xfer_secondary_pool(8): pool_sig 0000031b, data_sig 00000000, bytes_mixed 0 9ff19f9c c07a1d2a
[    4.938636] random 0014 0000 0000 9ff19f9c c07a1d2a: trying to extract 64 bits from nonblocking
[    4.938639] random 0014 0000 0000 9ff19f9c c07a1d2a: debiting 64 entropy credits from nonblocking (unlimited)
[    4.938641] random 0014 0000 0000 9ff19f9c c07a1d2a: extract_entropy account returned: 8 
[    4.938645] random 0014 0000 0000 9ff19f9c c07a1d2a: urand_change_num 23 extract_buf: pool_sig 0000031b, data_sig ffffffb3, bytes_mixed 20 9ff19f9c c07a1d2a
[    4.941332] input: AT Translated Set 2 keyboard as /devices/platform/i8042/serio0/input/input1
[    5.129084] ata3: SATA link down (SStatus 0 SControl 300)
[    5.129206] ata1: SATA link up 1.5 Gbps (SStatus 113 SControl 300)
[    5.131902] ata1.00: ACPI cmd ef/02:00:00:00:00:a0 (SET FEATURES) succeeded
[    5.131905] ata1.00: ACPI cmd f5/00:00:00:00:00:a0 (SECURITY FREEZE LOCK) filtered out
[    5.133298] ata1.00: ACPI cmd ef/5f:00:00:00:00:a0 (SET FEATURES) succeeded
[    5.133300] ata1.00: ACPI cmd ef/10:03:00:00:00:a0 (SET FEATURES) filtered out
[    5.135206] ata1.00: ATA-7: ST910021AS, 4.06, max UDMA/100
[    5.135293] ata1.00: 195371568 sectors, multi 16: LBA48 
[    5.137449] ata1.00: ACPI cmd ef/02:00:00:00:00:a0 (SET FEATURES) succeeded
[    5.137452] ata1.00: ACPI cmd f5/00:00:00:00:00:a0 (SECURITY FREEZE LOCK) filtered out
[    5.138842] ata1.00: ACPI cmd ef/5f:00:00:00:00:a0 (SET FEATURES) succeeded
[    5.138844] ata1.00: ACPI cmd ef/10:03:00:00:00:a0 (SET FEATURES) filtered out
[    5.140770] ata1.00: configured for UDMA/100
[    5.151137] scsi 2:0:0:0: Direct-Access     ATA      ST910021AS       4.06 PQ: 0 ANSI: 5
[    5.151419] sd 2:0:0:0: [sda] 195371568 512-byte logical blocks: (100 GB/93.1 GiB)
[    5.151564] sd 2:0:0:0: [sda] Write Protect is off
[    5.151653] sd 2:0:0:0: [sda] Mode Sense: 00 3a 00 00
[    5.151665] sd 2:0:0:0: [sda] Write cache: enabled, read cache: enabled, doesn't support DPO or FUA
[    5.151856]  sda:
[    5.564571] random 0014 0000 0000 277f73c3 42024bb9: add_disk_randomness(8:0) 277f73c3 42024bb9
[    5.564662] random 0014 0000 0000 277f73c3 42024bb9: add_timer_randomness(.. 8388864) with jiffies: 6803708679150076292, cycles: 6803708674855403530
[    5.564665] random 0014 0000 0000 277f73c3 42024bb9: added 11 entropy credits to input
[    5.564669]  sda1 sda2
[    5.565140] random 0025 0000 0000 277f73c3 42024bb9: add_disk_randomness(8:0) 277f73c3 42024bb9
[    5.565143] random 0025 0000 0000 277f73c3 42024bb9: add_timer_randomness(.. 8388864) with jiffies: 6808033453519110533, cycles: 6808033449224437770
[    5.565296] sd 2:0:0:0: [sda] Attached SCSI disk
[    5.565388] random 0025 0000 0000 277f73c3 42024bb9: rand_read_num 6 get_random_bytes(12): sig 000007e9 277f73c3 42024bb9
[    5.565390] random 0025 0000 0000 277f73c3 42024bb9: extract_entropy(.. 12 ..)
[    5.565393] random 0025 0000 0000 277f73c3 42024bb9: going to reseed nonblocking with 96 bits (96 of 0 requested)
[    5.565395] random 0025 0000 0000 277f73c3 42024bb9: extract_entropy(.. 12 ..)
[    5.565397] random 0025 0000 0000 277f73c3 42024bb9: trying to extract 96 bits from input
[    5.565399] random 0025 0000 0000 277f73c3 42024bb9: debiting 0 entropy credits from input
[    5.565401] random 0025 0000 0000 277f73c3 42024bb9: extract_entropy account returned: 0 
[    5.565405] random 0025 0000 0000 277f73c3 42024bb9: urand_change_num 24 xfer_secondary_pool(12): pool_sig 000007e9, data_sig 00000000, bytes_mixed 0 277f73c3 42024bb9
[    5.565408] random 0025 0000 0000 277f73c3 42024bb9: trying to extract 96 bits from nonblocking
[    5.565410] random 0025 0000 0000 277f73c3 42024bb9: debiting 96 entropy credits from nonblocking (unlimited)
[    5.565412] random 0025 0000 0000 277f73c3 42024bb9: extract_entropy account returned: 12 
[    5.565416] random 0025 0000 0000 277f73c3 42024bb9: urand_change_num 25 extract_buf: pool_sig 000007e9, data_sig 00000088, bytes_mixed 20 277f73c3 42024bb9
[    5.565422] random 0025 0000 0000 277f73c3 42024bb9: urand_change_num 26 extract_buf: pool_sig 00000498, data_sig fffffefb, bytes_mixed 20 277f73c3 42024bb9
[    5.565425] RANDOM - __seed init called.
[    5.565426] RANDOM - __seed init called.
[    5.565427] RANDOM - __seed init called.
[    5.565428] RANDOM - __random32 called. Change num 12.  Value: 87f14767	f0d7351	b1e48bd3
[    5.565430] RANDOM - random32_reseed called.  Value: 87f14767	f0d7351	b1e48bd3
[    5.565433] Pid: 1, comm: swapper Not tainted 2.6.32.57 #6
[    5.565523] Call Trace:
[    5.565621]  [<c1923ca4>] ? random32_reseed+0xa0/0xb1
[    5.565720]  [<c1923c04>] ? random32_reseed+0x0/0xb1
[    5.565820]  [<c100111e>] ? do_one_initcall+0x2e/0x180
[    5.565914]  [<c1907265>] ? kernel_init+0xad/0x103
[    5.566006]  [<c19071b8>] ? kernel_init+0x0/0x103
[    5.566104]  [<c1003787>] ? kernel_thread_helper+0x7/0x10
[    5.566625] random 0025 0000 0000 386b4e60 ee4d4880: rand_read_num 7 get_random_bytes(64): sig fffffea5 386b4e60 ee4d4880
[    5.566627] random 0025 0000 0000 386b4e60 ee4d4880: extract_entropy(.. 64 ..)
[    5.566629] random 0025 0000 0000 386b4e60 ee4d4880: going to reseed nonblocking with 512 bits (512 of 0 requested)
[    5.566632] random 0025 0000 0000 386b4e60 ee4d4880: extract_entropy(.. 64 ..)
[    5.566634] random 0025 0000 0000 386b4e60 ee4d4880: trying to extract 512 bits from input
[    5.566636] random 0025 0000 0000 386b4e60 ee4d4880: debiting 0 entropy credits from input
[    5.566638] random 0025 0000 0000 386b4e60 ee4d4880: extract_entropy account returned: 0 
[    5.566641] random 0025 0000 0000 386b4e60 ee4d4880: urand_change_num 27 xfer_secondary_pool(64): pool_sig fffffea5, data_sig 00000000, bytes_mixed 0 386b4e60 ee4d4880
[    5.566644] random 0025 0000 0000 386b4e60 ee4d4880: trying to extract 512 bits from nonblocking
[    5.566647] random 0025 0000 0000 386b4e60 ee4d4880: debiting 512 entropy credits from nonblocking (unlimited)
[    5.566649] random 0025 0000 0000 386b4e60 ee4d4880: extract_entropy account returned: 64 
[    5.566653] random 0025 0000 0000 386b4e60 ee4d4880: urand_change_num 28 extract_buf: pool_sig fffffea5, data_sig 00000173, bytes_mixed 20 386b4e60 ee4d4880
[    5.566658] random 0025 0000 0000 412698f6 0cc8689a: urand_change_num 29 extract_buf: pool_sig 00000122, data_sig ffffff63, bytes_mixed 20 412698f6 0cc8689a
[    5.566664] random 0025 0000 0000 412698f6 0cc8689a: urand_change_num 30 extract_buf: pool_sig 000001f7, data_sig 00000012, bytes_mixed 20 412698f6 0cc8689a
[    5.566669] random 0025 0000 0000 9669941e 06f768b1: urand_change_num 31 extract_buf: pool_sig fffffb5b, data_sig 0000003f, bytes_mixed 20 9669941e 06f768b1
[    5.566674] random 0025 0000 0000 98486520 995551f0: urand_change_num 32 extract_buf: pool_sig fffffb39, data_sig 0000000e, bytes_mixed 20 98486520 995551f0
[    5.566680] random 0025 0000 0000 98486520 995551f0: urand_change_num 33 extract_buf: pool_sig fffffd8d, data_sig 000001a6, bytes_mixed 20 98486520 995551f0
[    5.566685] random 0025 0000 0000 61fc8914 d5882ed2: urand_change_num 34 extract_buf: pool_sig fffffa58, data_sig 0000023e, bytes_mixed 20 61fc8914 d5882ed2
[    5.566715] random 0025 0000 0000 61fc8914 d5882ed2: rand_read_num 8 get_random_bytes(64): sig fffff9ee 61fc8914 d5882ed2
[    5.566718] random 0025 0000 0000 61fc8914 d5882ed2: extract_entropy(.. 64 ..)
[    5.566720] random 0025 0000 0000 61fc8914 d5882ed2: going to reseed nonblocking with 512 bits (512 of 0 requested)
[    5.566722] random 0025 0000 0000 61fc8914 d5882ed2: extract_entropy(.. 64 ..)
[    5.566724] random 0025 0000 0000 61fc8914 d5882ed2: trying to extract 512 bits from input
[    5.566727] random 0025 0000 0000 61fc8914 d5882ed2: debiting 0 entropy credits from input
[    5.566729] random 0025 0000 0000 61fc8914 d5882ed2: extract_entropy account returned: 0 
[    5.566732] random 0025 0000 0000 61fc8914 d5882ed2: urand_change_num 35 xfer_secondary_pool(64): pool_sig fffff9ee, data_sig 00000000, bytes_mixed 0 61fc8914 d5882ed2
[    5.566735] random 0025 0000 0000 61fc8914 d5882ed2: trying to extract 512 bits from nonblocking
[    5.566737] random 0025 0000 0000 61fc8914 d5882ed2: debiting 512 entropy credits from nonblocking (unlimited)
[    5.566739] random 0025 0000 0000 61fc8914 d5882ed2: extract_entropy account returned: 64 
[    5.566743] random 0025 0000 0000 61fc8914 d5882ed2: urand_change_num 36 extract_buf: pool_sig fffff9ee, data_sig ffffff85, bytes_mixed 20 61fc8914 d5882ed2
[    5.566748] random 0025 0000 0000 70cfd302 e5edec11: urand_change_num 37 extract_buf: pool_sig fffffdc1, data_sig ffffffde, bytes_mixed 20 70cfd302 e5edec11
[    5.566754] random 0025 0000 0000 00dab838 eafd2b30: urand_change_num 38 extract_buf: pool_sig 000003da, data_sig ffffff61, bytes_mixed 20 00dab838 eafd2b30
[    5.566759] random 0025 0000 0000 00dab838 eafd2b30: urand_change_num 39 extract_buf: pool_sig 00000314, data_sig 00000121, bytes_mixed 20 00dab838 eafd2b30
[    5.566764] random 0025 0000 0000 5fcdf66a 6442b608: urand_change_num 40 extract_buf: pool_sig 0000028b, data_sig fffffefd, bytes_mixed 20 5fcdf66a 6442b608
[    5.566770] random 0025 0000 0000 61333f6b 8fae0f9b: urand_change_num 41 extract_buf: pool_sig 000000cb, data_sig 000000b3, bytes_mixed 20 61333f6b 8fae0f9b
[    5.566775] random 0025 0000 0000 61333f6b 8fae0f9b: urand_change_num 42 extract_buf: pool_sig fffffef8, data_sig 00000051, bytes_mixed 20 61333f6b 8fae0f9b
[    5.566778] BEGIN NET_SECRET:
[    5.566779] \xffffffe0
[    5.566780] \xffffffb6
[    5.566780] \x36
[    5.566781] \xffffffb5
[    5.566782] \xffffff94
[    5.566783] \xffffffb2
[    5.566784] \xffffffa8
[    5.566785] \xffffffda
[    5.566785] \x5b
[    5.566786] \x19
[    5.566787] \x18
[    5.566788] \x5c
[    5.566788] \x2b
[    5.566789] \x1
[    5.566790] \xffffff90
[    5.566791] \x19
[    5.566791] \x3c
[    5.566792] \xfffffff2
[    5.566793] \xffffff82
[    5.566794] \x2a
[    5.566794] \xffffffb3
[    5.566795] \xffffffa2
[    5.566796] \x3f
[    5.566797] \x5
[    5.566798] \x52
[    5.566798] \x77
[    5.566799] \x57
[    5.566800] \x79
[    5.566800] \x16
[    5.566801] \x43
[    5.566802] \xffffff84
[    5.566803] \xffffffc3
[    5.566803] \xffffffe9
[    5.566804] \x79
[    5.566805] \x50
[    5.566806] \xffffff8e
[    5.566807] \x3f
[    5.566807] \xfffffff3
[    5.566808] \x19
[    5.566809] \x2a
[    5.566810] \xfffffffd
[    5.566810] \xfffffffb
[    5.566811] \x62
[    5.566812] \x3c
[    5.566813] \xffffffac
[    5.566813] \x1c
[    5.566814] \x3b
[    5.566815] \x3b
[    5.566816] \x15
[    5.566816] \x27
[    5.566817] \xffffffa8
[    5.566818] \x22
[    5.566819] \xffffffc5
[    5.566819] \xffffff9a
[    5.566820] \x5
[    5.566821] \x6c
[    5.566822] \xffffffa8
[    5.566823] \x3a
[    5.566823] \x44
[    5.566824] \xffffffaf
[    5.566825] \x13
[    5.566826] \xffffffe0
[    5.566826] \xffffff9d
[    5.566827] \x22
[    5.566828] 
[    5.566828] END NET_SECRET
[    5.566831] random 0025 0000 0000 e7f555d9 e8ce5c3c: rand_read_num 9 get_random_bytes(4): sig 0000068c e7f555d9 e8ce5c3c
[    5.566834] random 0025 0000 0000 e7f555d9 e8ce5c3c: extract_entropy(.. 4 ..)
[    5.566836] random 0025 0000 0000 e7f555d9 e8ce5c3c: going to reseed nonblocking with 64 bits (32 of 0 requested)
[    5.566838] random 0025 0000 0000 e7f555d9 e8ce5c3c: extract_entropy(.. 8 ..)
[    5.566840] random 0025 0000 0000 e7f555d9 e8ce5c3c: trying to extract 64 bits from input
[    5.566842] random 0025 0000 0000 e7f555d9 e8ce5c3c: debiting 0 entropy credits from input
[    5.566844] random 0025 0000 0000 e7f555d9 e8ce5c3c: extract_entropy account returned: 0 
[    5.566848] random 0025 0000 0000 e7f555d9 e8ce5c3c: urand_change_num 43 xfer_secondary_pool(4): pool_sig 0000068c, data_sig 00000000, bytes_mixed 0 e7f555d9 e8ce5c3c
[    5.566850] random 0025 0000 0000 e7f555d9 e8ce5c3c: trying to extract 32 bits from nonblocking
[    5.566853] random 0025 0000 0000 e7f555d9 e8ce5c3c: debiting 32 entropy credits from nonblocking (unlimited)
[    5.566855] random 0025 0000 0000 e7f555d9 e8ce5c3c: extract_entropy account returned: 4 
[    5.566859] random 0025 0000 0000 e7f555d9 e8ce5c3c: urand_change_num 44 extract_buf: pool_sig 0000068c, data_sig fffffdcb, bytes_mixed 20 e7f555d9 e8ce5c3c
[    5.566871] md: Waiting for all devices to be available before autodetect
[    5.566973] md: If you don't use raid, use raid=noautodetect
[    5.567139] md: Autodetecting RAID arrays.
[    5.567234] md: Scanned 0 and added 0 devices.
[    5.567319] md: autorun ...
[    5.567407] md: ... autorun DONE.
[    5.580780] random 0025 0000 0000 e7f555d9 e8ce5c3c: add_disk_randomness(8:0) e7f555d9 e8ce5c3c
[    5.580783] random 0025 0000 0000 e7f555d9 e8ce5c3c: add_timer_randomness(.. 8388864) with jiffies: 6948738386022334868, cycles: 6948738381727662090
[    5.580786] random 0025 0000 0000 e7f555d9 e8ce5c3c: added 3 entropy credits to input
[    5.581904] random 0028 0000 0000 e7f555d9 e8ce5c3c: add_disk_randomness(8:0) e7f555d9 e8ce5c3c
[    5.581907] random 0028 0000 0000 e7f555d9 e8ce5c3c: add_timer_randomness(.. 8388864) with jiffies: 6958849890088354197, cycles: 6958849885793681418
[    5.582019] random 0028 0000 0000 e7f555d9 e8ce5c3c: add_disk_randomness(8:0) e7f555d9 e8ce5c3c
[    5.582022] random 0028 0000 0000 e7f555d9 e8ce5c3c: add_timer_randomness(.. 8388864) with jiffies: 6959887979388830101, cycles: 6959887975094157322
[    5.582027] EXT3-fs: sda2: couldn't mount because of unsupported optional features (240).
[    5.582262] random 0028 0000 0000 e7f555d9 e8ce5c3c: add_disk_randomness(8:0) e7f555d9 e8ce5c3c
[    5.582265] random 0028 0000 0000 e7f555d9 e8ce5c3c: add_timer_randomness(.. 8388864) with jiffies: 6962060670199890326, cycles: 6962060665905217546
[    5.582270] EXT2-fs: sda2: couldn't mount because of unsupported optional features (240).
[    5.582526] random 0028 0000 0000 e7f555d9 e8ce5c3c: add_disk_randomness(8:0) e7f555d9 e8ce5c3c
[    5.582529] random 0028 0000 0000 e7f555d9 e8ce5c3c: add_timer_randomness(.. 8388864) with jiffies: 6964444145120936342, cycles: 6964444140826263562
[    5.582663] random 0028 0000 0000 e7f555d9 e8ce5c3c: add_disk_randomness(8:0) e7f555d9 e8ce5c3c
[    5.582666] random 0028 0000 0000 e7f555d9 e8ce5c3c: add_timer_randomness(.. 8388864) with jiffies: 6965672501472625046, cycles: 6965672497177952266
[    5.582789] random 0028 0000 0000 e7f555d9 e8ce5c3c: add_disk_randomness(8:0) e7f555d9 e8ce5c3c
[    5.582792] random 0028 0000 0000 e7f555d9 e8ce5c3c: add_timer_randomness(.. 8388864) with jiffies: 6966810440172798358, cycles: 6966810435878125578
[    5.582943] random 0028 0000 0000 e7f555d9 e8ce5c3c: add_disk_randomness(8:0) e7f555d9 e8ce5c3c
[    5.582946] random 0028 0000 0000 e7f555d9 e8ce5c3c: add_timer_randomness(.. 8388864) with jiffies: 6968197852048359830, cycles: 6968197847753687050
[    5.583063] random 0028 0000 0000 e7f555d9 e8ce5c3c: add_disk_randomness(8:0) e7f555d9 e8ce5c3c
[    5.583066] random 0028 0000 0000 e7f555d9 e8ce5c3c: add_timer_randomness(.. 8388864) with jiffies: 6969283568241181078, cycles: 6969283563946508298
[    5.583184] random 0028 0000 0000 e7f555d9 e8ce5c3c: add_disk_randomness(8:0) e7f555d9 e8ce5c3c
[    5.583188] random 0028 0000 0000 e7f555d9 e8ce5c3c: add_timer_randomness(.. 8388864) with jiffies: 6970361343039472023, cycles: 6970361338744799242
[    5.583339] random 0028 0000 0000 e7f555d9 e8ce5c3c: add_disk_randomness(8:0) e7f555d9 e8ce5c3c
[    5.583342] random 0028 0000 0000 e7f555d9 e8ce5c3c: add_timer_randomness(.. 8388864) with jiffies: 6971749884491432343, cycles: 6971749880196759562
[    5.583459] random 0028 0000 0000 e7f555d9 e8ce5c3c: add_disk_randomness(8:0) e7f555d9 e8ce5c3c
[    5.583462] random 0028 0000 0000 e7f555d9 e8ce5c3c: add_timer_randomness(.. 8388864) with jiffies: 6972838757485216151, cycles: 6972838753190543370
[    5.583698] random 0028 0000 0000 e7f555d9 e8ce5c3c: rand_read_num 10 get_random_bytes(4): sig ffffff72 e7f555d9 e8ce5c3c
[    5.583700] random 0028 0000 0000 e7f555d9 e8ce5c3c: extract_entropy(.. 4 ..)
[    5.583703] random 0028 0000 0000 e7f555d9 e8ce5c3c: going to reseed nonblocking with 64 bits (32 of 0 requested)
[    5.583705] random 0028 0000 0000 e7f555d9 e8ce5c3c: extract_entropy(.. 8 ..)
[    5.583707] random 0028 0000 0000 e7f555d9 e8ce5c3c: trying to extract 64 bits from input
[    5.583710] random 0028 0000 0000 e7f555d9 e8ce5c3c: debiting 0 entropy credits from input
[    5.583712] random 0028 0000 0000 e7f555d9 e8ce5c3c: extract_entropy account returned: 0 
[    5.583715] random 0028 0000 0000 e7f555d9 e8ce5c3c: urand_change_num 45 xfer_secondary_pool(4): pool_sig ffffff72, data_sig 00000000, bytes_mixed 0 e7f555d9 e8ce5c3c
[    5.583718] random 0028 0000 0000 e7f555d9 e8ce5c3c: trying to extract 32 bits from nonblocking
[    5.583720] random 0028 0000 0000 e7f555d9 e8ce5c3c: debiting 32 entropy credits from nonblocking (unlimited)
[    5.583722] random 0028 0000 0000 e7f555d9 e8ce5c3c: extract_entropy account returned: 4 
[    5.583726] random 0028 0000 0000 e7f555d9 e8ce5c3c: urand_change_num 46 extract_buf: pool_sig ffffff72, data_sig ffffff72, bytes_mixed 20 e7f555d9 e8ce5c3c
[    5.595236] random 0028 0000 0000 91716c54 eeb6a1e7: add_disk_randomness(8:0) 91716c54 eeb6a1e7
[    5.595239] random 0028 0000 0000 91716c54 eeb6a1e7: add_timer_randomness(.. 8388864) with jiffies: 7078777162382934435, cycles: 7078777158088261642
[    5.595242] random 0028 0000 0000 91716c54 eeb6a1e7: added 3 entropy credits to input
[    5.613513] random 0031 0000 0000 91716c54 eeb6a1e7: add_disk_randomness(8:0) 91716c54 eeb6a1e7
[    5.613516] random 0031 0000 0000 91716c54 eeb6a1e7: add_timer_randomness(.. 8388864) with jiffies: 7243196030961549749, cycles: 7243196026666876938
[    5.613518] random 0031 0000 0000 91716c54 eeb6a1e7: added 2 entropy credits to input
[    5.618169] EXT4-fs (sda2): mounted filesystem with ordered data mode
[    5.618382] VFS: Mounted root (ext4 filesystem) readonly on device 8:2.
[    5.618482] Freeing unused kernel memory: 448k freed
[    5.638662] random 0033 0000 0000 91716c54 eeb6a1e7: add_disk_randomness(8:0) 91716c54 eeb6a1e7
[    5.638665] random 0033 0000 0000 91716c54 eeb6a1e7: add_timer_randomness(.. 8388864) with jiffies: 7469444046142538190, cycles: 7469444041847865354
[    5.639396] random 0033 0000 0000 91716c54 eeb6a1e7: add_disk_randomness(8:0) 91716c54 eeb6a1e7
[    5.639399] random 0033 0000 0000 91716c54 eeb6a1e7: add_timer_randomness(.. 8388864) with jiffies: 7476043022874673615, cycles: 7476043018580000778
[    5.644129] random 0033 0000 0000 91716c54 eeb6a1e7: add_disk_randomness(8:0) 91716c54 eeb6a1e7
[    5.644131] random 0033 0000 0000 91716c54 eeb6a1e7: add_timer_randomness(.. 8388864) with jiffies: 7518608244722074068, cycles: 7518608240427401226
[    5.644134] random 0033 0000 0000 91716c54 eeb6a1e7: added 2 entropy credits to input
[    5.652323] random 0035 0000 0000 91716c54 eeb6a1e7: add_disk_randomness(8:0) 91716c54 eeb6a1e7
[    5.652326] random 0035 0000 0000 91716c54 eeb6a1e7: add_timer_randomness(.. 8388864) with jiffies: 7592328656823484892, cycles: 7592328652528812042
[    5.655745] random 0035 0000 0000 91716c54 eeb6a1e7: add_disk_randomness(8:0) 91716c54 eeb6a1e7
[    5.655748] random 0035 0000 0000 91716c54 eeb6a1e7: add_timer_randomness(.. 8388864) with jiffies: 7623121218693726687, cycles: 7623121214399053834
[    5.655751] random 0035 0000 0000 91716c54 eeb6a1e7: added 1 entropy credits to input
[    5.664640] random 0036 0000 0000 91716c54 eeb6a1e7: add_disk_randomness(8:0) 91716c54 eeb6a1e7
[    5.664644] random 0036 0000 0000 91716c54 eeb6a1e7: add_timer_randomness(.. 8388864) with jiffies: 7703141660623602152, cycles: 7703141656328929290
[    5.664646] random 0036 0000 0000 91716c54 eeb6a1e7: added 2 entropy credits to input
[    5.677923] random 0038 0000 0000 91716c54 eeb6a1e7: add_disk_randomness(8:0) 91716c54 eeb6a1e7
[    5.677926] random 0038 0000 0000 91716c54 eeb6a1e7: add_timer_randomness(.. 8388864) with jiffies: 7822633564968288757, cycles: 7822633560673615882
[    5.677929] random 0038 0000 0000 91716c54 eeb6a1e7: added 1 entropy credits to input
[    5.686000] random 0039 0000 0000 91716c54 eeb6a1e7: add_disk_randomness(8:0) 91716c54 eeb6a1e7
[    5.686003] random 0039 0000 0000 91716c54 eeb6a1e7: add_timer_randomness(.. 8388864) with jiffies: 7895295954826002941, cycles: 7895295950531330058
[    5.686006] random 0039 0000 0000 91716c54 eeb6a1e7: added 2 entropy credits to input
[    5.686029] RANDOM get_random_int call with cycles 44787995017, jiffies 4294672893 and pid 1
[    5.686032] RANDOM get_random_int call with cycles 44788002220, jiffies 4294672893 and pid 1
[    5.686034] ASLR stack rand value: 2842624 after shift for pid: 1
[    5.686035] RANDOM get_random_int call with cycles 44788009980, jiffies 4294672893 and pid 1
[    5.697649] random 0041 0000 0000 91716c54 eeb6a1e7: add_disk_randomness(8:0) 91716c54 eeb6a1e7
[    5.697652] random 0041 0000 0000 91716c54 eeb6a1e7: add_timer_randomness(.. 8388864) with jiffies: 8000085241223676425, cycles: 8000085236929003530
[    5.697655] random 0041 0000 0000 91716c54 eeb6a1e7: added 2 entropy credits to input
[    5.697665] RANDOM get_random_int call with cycles 44812366756, jiffies 4294672905 and pid 1
[    5.697668] random 0043 0000 0000 91716c54 eeb6a1e7: rand_read_num 11 get_random_bytes(16): sig fffffcad 91716c54 eeb6a1e7
[    5.697670] random 0043 0000 0000 91716c54 eeb6a1e7: extract_entropy(.. 16 ..)
[    5.697673] random 0043 0000 0000 91716c54 eeb6a1e7: going to reseed nonblocking with 128 bits (128 of 0 requested)
[    5.697675] random 0043 0000 0000 91716c54 eeb6a1e7: extract_entropy(.. 16 ..)
[    5.697677] random 0043 0000 0000 91716c54 eeb6a1e7: trying to extract 128 bits from input
[    5.697680] random 0043 0000 0000 91716c54 eeb6a1e7: debiting 0 entropy credits from input
[    5.697682] random 0043 0000 0000 91716c54 eeb6a1e7: extract_entropy account returned: 0 
[    5.697685] random 0043 0000 0000 91716c54 eeb6a1e7: urand_change_num 47 xfer_secondary_pool(16): pool_sig fffffcad, data_sig 00000000, bytes_mixed 0 91716c54 eeb6a1e7
[    5.697688] random 0043 0000 0000 91716c54 eeb6a1e7: trying to extract 128 bits from nonblocking
[    5.697690] random 0043 0000 0000 91716c54 eeb6a1e7: debiting 128 entropy credits from nonblocking (unlimited)
[    5.697692] random 0043 0000 0000 91716c54 eeb6a1e7: extract_entropy account returned: 16 
[    5.697697] random 0043 0000 0000 91716c54 eeb6a1e7: urand_change_num 48 extract_buf: pool_sig fffffcad, data_sig ffffff19, bytes_mixed 20 91716c54 eeb6a1e7
[    5.697702] random 0043 0000 0000 fd637b06 6cf47bc1: urand_change_num 49 extract_buf: pool_sig fffffede, data_sig ffffffc1, bytes_mixed 20 fd637b06 6cf47bc1
[    5.698654] random 0043 0000 0000 fd637b06 6cf47bc1: add_disk_randomness(8:0) fd637b06 6cf47bc1
[    5.698657] random 0043 0000 0000 fd637b06 6cf47bc1: add_timer_randomness(.. 8388864) with jiffies: 8009125460186989066, cycles: 8009125455892316170
[    5.699804] random 0043 0000 0000 fd637b06 6cf47bc1: add_disk_randomness(8:0) fd637b06 6cf47bc1
[    5.699807] random 0043 0000 0000 fd637b06 6cf47bc1: add_timer_randomness(.. 8388864) with jiffies: 8019469352048493067, cycles: 8019469347753820170
[    5.700952] random 0043 0000 0000 fd637b06 6cf47bc1: add_disk_randomness(8:0) fd637b06 6cf47bc1
[    5.700955] random 0043 0000 0000 fd637b06 6cf47bc1: add_timer_randomness(.. 8388864) with jiffies: 8029799306741121548, cycles: 8029799302446448650
[    5.701834] random 0043 0000 0000 fd637b06 6cf47bc1: add_disk_randomness(8:0) fd637b06 6cf47bc1
[    5.701836] random 0043 0000 0000 fd637b06 6cf47bc1: add_timer_randomness(.. 8388864) with jiffies: 8037730676817756685, cycles: 8037730672523083786
[    5.702016] random 0043 0000 0000 fd637b06 6cf47bc1: add_disk_randomness(8:0) fd637b06 6cf47bc1
[    5.702019] random 0043 0000 0000 fd637b06 6cf47bc1: add_timer_randomness(.. 8388864) with jiffies: 8039375370119250445, cycles: 8039375365824577546
[    5.702237] random 0043 0000 0000 fd637b06 6cf47bc1: add_disk_randomness(8:0) fd637b06 6cf47bc1
[    5.702240] random 0043 0000 0000 fd637b06 6cf47bc1: add_timer_randomness(.. 8388864) with jiffies: 8041346974856479246, cycles: 8041346970561806346
[    5.712713] random 0043 0000 0000 fd637b06 6cf47bc1: add_disk_randomness(8:0) fd637b06 6cf47bc1
[    5.712716] random 0043 0000 0000 fd637b06 6cf47bc1: add_timer_randomness(.. 8388864) with jiffies: 8135599671389946392, cycles: 8135599667095273482
[    5.712719] random 0043 0000 0000 fd637b06 6cf47bc1: added 3 entropy credits to input
[    5.713153] random 0046 0000 0000 fd637b06 6cf47bc1: add_disk_randomness(8:0) fd637b06 6cf47bc1
[    5.713156] random 0046 0000 0000 fd637b06 6cf47bc1: add_timer_randomness(.. 8388864) with jiffies: 8139548468616856089, cycles: 8139548464322183178
[    5.722892] random 0046 0000 0000 fd637b06 6cf47bc1: add_disk_randomness(8:0) fd637b06 6cf47bc1
[    5.722895] random 0046 0000 0000 fd637b06 6cf47bc1: add_timer_randomness(.. 8388864) with jiffies: 8227176753621860898, cycles: 8227176749327187978
[    5.722898] random 0046 0000 0000 fd637b06 6cf47bc1: added 3 entropy credits to input
[    5.722951] RANDOM get_random_int call with cycles 44865330510, jiffies 4294672930 and pid 1
[    5.735543] random 0049 0000 0000 fd637b06 6cf47bc1: add_disk_randomness(8:0) fd637b06 6cf47bc1
[    5.735546] random 0049 0000 0000 fd637b06 6cf47bc1: add_timer_randomness(.. 8388864) with jiffies: 8340975051750474287, cycles: 8340975047455801354
[    5.735549] random 0049 0000 0000 fd637b06 6cf47bc1: added 2 entropy credits to input
[    5.748652] random 0051 0000 0000 fd637b06 6cf47bc1: add_disk_randomness(8:0) fd637b06 6cf47bc1
[    5.748655] random 0051 0000 0000 fd637b06 6cf47bc1: add_timer_randomness(.. 8388864) with jiffies: 8458901320256684604, cycles: 8458901315962011658
[    5.748794] random 0051 0000 0000 fd637b06 6cf47bc1: add_disk_randomness(8:0) fd637b06 6cf47bc1
[    5.748797] random 0051 0000 0000 fd637b06 6cf47bc1: add_timer_randomness(.. 8388864) with jiffies: 8460186907047592508, cycles: 8460186902752919562
[    5.750953] random 0051 0000 0000 fd637b06 6cf47bc1: add_disk_randomness(8:0) fd637b06 6cf47bc1
[    5.750956] random 0051 0000 0000 fd637b06 6cf47bc1: add_timer_randomness(.. 8388864) with jiffies: 8479606554431816254, cycles: 8479606550137143306
[    5.750958] random 0051 0000 0000 fd637b06 6cf47bc1: added 1 entropy credits to input
[    5.751201] random 0052 0000 0000 fd637b06 6cf47bc1: add_disk_randomness(8:0) fd637b06 6cf47bc1
[    5.751204] random 0052 0000 0000 fd637b06 6cf47bc1: add_timer_randomness(.. 8388864) with jiffies: 8481826507063001663, cycles: 8481826502768328714
[    5.751342] random 0052 0000 0000 fd637b06 6cf47bc1: add_disk_randomness(8:0) fd637b06 6cf47bc1
[    5.751345] random 0052 0000 0000 fd637b06 6cf47bc1: add_timer_randomness(.. 8388864) with jiffies: 8483096984158962239, cycles: 8483096979864289290
[    5.754514] random 0052 0000 0000 fd637b06 6cf47bc1: add_disk_randomness(8:0) fd637b06 6cf47bc1
[    5.754517] random 0052 0000 0000 fd637b06 6cf47bc1: add_timer_randomness(.. 8388864) with jiffies: 8511639786324984386, cycles: 8511639782030311434
[    5.754520] random 0052 0000 0000 fd637b06 6cf47bc1: added 1 entropy credits to input
[    5.756523] random 0053 0000 0000 fd637b06 6cf47bc1: add_disk_randomness(8:0) fd637b06 6cf47bc1
[    5.756526] random 0053 0000 0000 fd637b06 6cf47bc1: add_timer_randomness(.. 8388864) with jiffies: 8529705930600448580, cycles: 8529705926305775626
[    5.764354] random 0053 0000 0000 fd637b06 6cf47bc1: add_disk_randomness(8:0) fd637b06 6cf47bc1
[    5.764357] random 0053 0000 0000 fd637b06 6cf47bc1: add_timer_randomness(.. 8388864) with jiffies: 8600156347876213324, cycles: 8600156343581540362
[    5.764360] random 0053 0000 0000 fd637b06 6cf47bc1: added 2 entropy credits to input
[    5.764491] random 0055 0000 0000 fd637b06 6cf47bc1: add_disk_randomness(8:0) fd637b06 6cf47bc1
[    5.764494] random 0055 0000 0000 fd637b06 6cf47bc1: add_timer_randomness(.. 8388864) with jiffies: 8601386417919853132, cycles: 8601386413625180170
[    5.768058] random 0055 0000 0000 fd637b06 6cf47bc1: add_disk_randomness(8:0) fd637b06 6cf47bc1
[    5.768060] random 0055 0000 0000 fd637b06 6cf47bc1: add_timer_randomness(.. 8388864) with jiffies: 8633481840939467343, cycles: 8633481836644794378
[    5.768063] random 0055 0000 0000 fd637b06 6cf47bc1: added 1 entropy credits to input
[    5.772593] random 0056 0000 0000 fd637b06 6cf47bc1: add_disk_randomness(8:0) fd637b06 6cf47bc1
[    5.772596] random 0056 0000 0000 fd637b06 6cf47bc1: add_timer_randomness(.. 8388864) with jiffies: 8674274203366294100, cycles: 8674274199071621130
[    5.778128] random 0056 0000 0000 fd637b06 6cf47bc1: add_disk_randomness(8:0) fd637b06 6cf47bc1
[    5.778131] random 0056 0000 0000 fd637b06 6cf47bc1: add_timer_randomness(.. 8388864) with jiffies: 8724058711187489370, cycles: 8724058706892816394
[    5.784405] random 0056 0000 0000 fd637b06 6cf47bc1: add_disk_randomness(8:0) fd637b06 6cf47bc1
[    5.784408] random 0056 0000 0000 fd637b06 6cf47bc1: add_timer_randomness(.. 8388864) with jiffies: 8780532394349003360, cycles: 8780532390054330378
[    5.784421] random 0056 0000 0000 fd637b06 6cf47bc1: rand_read_num 12 get_random_bytes(16): sig 0000033b fd637b06 6cf47bc1
[    5.784424] random 0056 0000 0000 fd637b06 6cf47bc1: extract_entropy(.. 16 ..)
[    5.784427] random 0056 0000 0000 fd637b06 6cf47bc1: going to reseed nonblocking with 128 bits (128 of 0 requested)
[    5.784429] random 0056 0000 0000 fd637b06 6cf47bc1: extract_entropy(.. 16 ..)
[    5.784431] random 0056 0000 0000 fd637b06 6cf47bc1: trying to extract 128 bits from input
[    5.784433] random 0056 0000 0000 fd637b06 6cf47bc1: debiting 0 entropy credits from input
[    5.784435] random 0056 0000 0000 fd637b06 6cf47bc1: extract_entropy account returned: 0 
[    5.784438] random 0056 0000 0000 fd637b06 6cf47bc1: urand_change_num 50 xfer_secondary_pool(16): pool_sig 0000033b, data_sig 00000000, bytes_mixed 0 fd637b06 6cf47bc1
[    5.784441] random 0056 0000 0000 fd637b06 6cf47bc1: trying to extract 128 bits from nonblocking
[    5.784444] random 0056 0000 0000 fd637b06 6cf47bc1: debiting 128 entropy credits from nonblocking (unlimited)
[    5.784446] random 0056 0000 0000 fd637b06 6cf47bc1: extract_entropy account returned: 16 
[    5.784450] random 0056 0000 0000 fd637b06 6cf47bc1: urand_change_num 51 extract_buf: pool_sig 0000033b, data_sig 000000d8, bytes_mixed 20 fd637b06 6cf47bc1
[    5.784456] random 0056 0000 0000 0ec1f012 d4727ca8: urand_change_num 52 extract_buf: pool_sig fffffcf5, data_sig 00000016, bytes_mixed 20 0ec1f012 d4727ca8
[    5.791158] random 0056 0000 0000 45b1d0b1 845a73f7: add_disk_randomness(8:0) 45b1d0b1 845a73f7
[    5.791161] random 0056 0000 0000 45b1d0b1 845a73f7: add_timer_randomness(.. 8388864) with jiffies: 8841281060323689063, cycles: 8841281056029016074
[    5.798374] random 0056 0000 0000 45b1d0b1 845a73f7: add_disk_randomness(8:0) 45b1d0b1 845a73f7
[    5.798377] random 0056 0000 0000 45b1d0b1 845a73f7: add_timer_randomness(.. 8388864) with jiffies: 8906199632736649838, cycles: 8906199628441976842
[    5.808024] random 0056 0000 0000 45b1d0b1 845a73f7: add_disk_randomness(8:0) 45b1d0b1 845a73f7
[    5.808027] random 0056 0000 0000 45b1d0b1 845a73f7: add_timer_randomness(.. 8388864) with jiffies: 8993020004328505975, cycles: 8993020000033832970
[    5.808030] random 0056 0000 0000 45b1d0b1 845a73f7: added 1 entropy credits to input
[    5.815800] random 0057 0000 0000 45b1d0b1 845a73f7: add_disk_randomness(8:0) 45b1d0b1 845a73f7
[    5.815803] random 0057 0000 0000 45b1d0b1 845a73f7: add_timer_randomness(.. 8388864) with jiffies: 9062969031417102975, cycles: 9062969027122429962
[    5.818945] random 0057 0000 0000 45b1d0b1 845a73f7: add_disk_randomness(8:0) 45b1d0b1 845a73f7
[    5.818948] random 0057 0000 0000 45b1d0b1 845a73f7: add_timer_randomness(.. 8388864) with jiffies: 9091265061942166146, cycles: 9091265057647493130
[    5.818951] random 0057 0000 0000 45b1d0b1 845a73f7: added 1 entropy credits to input
[    5.833219] random 0058 0000 0000 45b1d0b1 845a73f7: add_disk_randomness(8:0) 45b1d0b1 845a73f7
[    5.833222] random 0058 0000 0000 45b1d0b1 845a73f7: add_timer_randomness(.. 8388864) with jiffies: 9219654364702671505, cycles: 9219654360407998474
[    5.833225] random 0058 0000 0000 45b1d0b1 845a73f7: added 3 entropy credits to input
[    5.838614] random 0061 0000 0000 45b1d0b1 845a73f7: add_disk_randomness(8:0) 45b1d0b1 845a73f7
[    5.838617] random 0061 0000 0000 45b1d0b1 845a73f7: add_timer_randomness(.. 8388864) with jiffies: 9268195728599777942, cycles: -9178548349404446710
[    5.838620] random 0061 0000 0000 45b1d0b1 845a73f7: added 2 entropy credits to input
[    5.843784] random 0063 0000 0000 45b1d0b1 845a73f7: add_disk_randomness(8:0) 45b1d0b1 845a73f7
[    5.843787] random 0063 0000 0000 45b1d0b1 845a73f7: add_timer_randomness(.. 8388864) with jiffies: 9314704967375487643, cycles: -9132039110628737014
[    5.852015] random 0063 0000 0000 45b1d0b1 845a73f7: add_disk_randomness(8:0) 45b1d0b1 845a73f7
[    5.852019] random 0063 0000 0000 45b1d0b1 845a73f7: add_timer_randomness(.. 8388864) with jiffies: 9388762165042447011, cycles: -9057981912961777654
[    5.852021] random 0063 0000 0000 45b1d0b1 845a73f7: added 1 entropy credits to input
[    5.861619] random 0064 0000 0000 45b1d0b1 845a73f7: add_disk_randomness(8:0) 45b1d0b1 845a73f7
[    5.861622] random 0064 0000 0000 45b1d0b1 845a73f7: add_timer_randomness(.. 8388864) with jiffies: 9475147572411335341, cycles: -8971596505592889334
[    5.881126] random 0064 0000 0000 45b1d0b1 845a73f7: add_disk_randomness(8:0) 45b1d0b1 845a73f7
[    5.881129] random 0064 0000 0000 45b1d0b1 845a73f7: add_timer_randomness(.. 8388864) with jiffies: 9650628318239359681, cycles: -8796115759764865014
[    5.881132] random 0064 0000 0000 45b1d0b1 845a73f7: added 3 entropy credits to input
[    5.894410] random 0067 0000 0000 45b1d0b1 845a73f7: add_disk_randomness(8:0) 45b1d0b1 845a73f7
[    5.894413] random 0067 0000 0000 45b1d0b1 845a73f7: add_timer_randomness(.. 8388864) with jiffies: 9770129740231574222, cycles: -8676614337772650486
[    5.894416] random 0067 0000 0000 45b1d0b1 845a73f7: added 2 entropy credits to input
[    5.902431] random 0069 0000 0000 45b1d0b1 845a73f7: add_disk_randomness(8:0) 45b1d0b1 845a73f7
[    5.902434] random 0069 0000 0000 45b1d0b1 845a73f7: add_timer_randomness(.. 8388864) with jiffies: 9842284245911569110, cycles: -8604459832092655606
[    5.902436] random 0069 0000 0000 45b1d0b1 845a73f7: added 1 entropy credits to input
[    5.912446] random 0070 0000 0000 45b1d0b1 845a73f7: add_disk_randomness(8:0) 45b1d0b1 845a73f7
[    5.912449] random 0070 0000 0000 45b1d0b1 845a73f7: add_timer_randomness(.. 8388864) with jiffies: 9932385611740316384, cycles: -8514358466263908342
[    5.912452] random 0070 0000 0000 45b1d0b1 845a73f7: added 1 entropy credits to input
[    5.925333] random 0071 0000 0000 45b1d0b1 845a73f7: add_disk_randomness(8:0) 45b1d0b1 845a73f7
[    5.925336] random 0071 0000 0000 45b1d0b1 845a73f7: add_timer_randomness(.. 8388864) with jiffies: 10048314076208792301, cycles: -8398430001795432438
[    5.932690] random 0071 0000 0000 45b1d0b1 845a73f7: add_disk_randomness(8:0) 45b1d0b1 845a73f7
[    5.932693] random 0071 0000 0000 45b1d0b1 845a73f7: add_timer_randomness(.. 8388864) with jiffies: 10114499522240152308, cycles: -8332244555764072438
[    5.932696] random 0071 0000 0000 45b1d0b1 845a73f7: added 2 entropy credits to input
[    5.937939] random 0073 0000 0000 45b1d0b1 845a73f7: add_disk_randomness(8:0) 45b1d0b1 845a73f7
[    5.937942] random 0073 0000 0000 45b1d0b1 845a73f7: add_timer_randomness(.. 8388864) with jiffies: 10161722288227713785, cycles: -8285021789776510966
[    5.937944] random 0073 0000 0000 45b1d0b1 845a73f7: added 1 entropy credits to input
[    5.944381] random 0074 0000 0000 45b1d0b1 845a73f7: add_disk_randomness(8:0) 45b1d0b1 845a73f7
[    5.944384] random 0074 0000 0000 45b1d0b1 845a73f7: add_timer_randomness(.. 8388864) with jiffies: 10219664420707730176, cycles: -8227079657296494582
[    5.944386] random 0074 0000 0000 45b1d0b1 845a73f7: added 1 entropy credits to input
[    5.949433] random 0075 0000 0000 45b1d0b1 845a73f7: add_disk_randomness(8:0) 45b1d0b1 845a73f7
[    5.949436] random 0075 0000 0000 45b1d0b1 845a73f7: add_timer_randomness(.. 8388864) with jiffies: 10265113876303151877, cycles: -8181630201701072886
[    5.949438] random 0075 0000 0000 45b1d0b1 845a73f7: added 1 entropy credits to input
[    5.955335] random 0076 0000 0000 45b1d0b1 845a73f7: add_disk_randomness(8:0) 45b1d0b1 845a73f7
[    5.955338] random 0076 0000 0000 45b1d0b1 845a73f7: add_timer_randomness(.. 8388864) with jiffies: 10318208382275388171, cycles: -8128535695728836598
[    5.964689] random 0076 0000 0000 45b1d0b1 845a73f7: add_disk_randomness(8:0) 45b1d0b1 845a73f7
[    5.964692] random 0076 0000 0000 45b1d0b1 845a73f7: add_timer_randomness(.. 8388864) with jiffies: 10402358143202591508, cycles: -8044385934801633270
[    5.964694] random 0076 0000 0000 45b1d0b1 845a73f7: added 1 entropy credits to input
[    5.969565] random 0077 0000 0000 45b1d0b1 845a73f7: add_disk_randomness(8:0) 45b1d0b1 845a73f7
[    5.969568] random 0077 0000 0000 45b1d0b1 845a73f7: add_timer_randomness(.. 8388864) with jiffies: 10446226312098710297, cycles: -8000517765905514486
[    5.969571] random 0077 0000 0000 45b1d0b1 845a73f7: added 2 entropy credits to input
[    5.977001] random 0079 0000 0000 45b1d0b1 845a73f7: add_disk_randomness(8:0) 45b1d0b1 845a73f7
[    5.977004] random 0079 0000 0000 45b1d0b1 845a73f7: add_timer_randomness(.. 8388864) with jiffies: 10513127763538051872, cycles: -7933616314466172918
[    5.977007] random 0079 0000 0000 45b1d0b1 845a73f7: added 1 entropy credits to input
[    5.983219] random 0080 0000 0000 45b1d0b1 845a73f7: add_disk_randomness(8:0) 45b1d0b1 845a73f7
[    5.983222] random 0080 0000 0000 45b1d0b1 845a73f7: add_timer_randomness(.. 8388864) with jiffies: 10569046884817273639, cycles: -7877697193186951158
[    5.988690] random 0080 0000 0000 45b1d0b1 845a73f7: add_disk_randomness(8:0) 45b1d0b1 845a73f7
[    5.988693] random 0080 0000 0000 45b1d0b1 845a73f7: add_timer_randomness(.. 8388864) with jiffies: 10618275980352652076, cycles: -7828468097651572726
[    5.988696] random 0080 0000 0000 45b1d0b1 845a73f7: added 1 entropy credits to input
[    5.997786] random 0081 0000 0000 45b1d0b1 845a73f7: add_disk_randomness(8:0) 45b1d0b1 845a73f7
[    5.997789] random 0081 0000 0000 45b1d0b1 845a73f7: add_timer_randomness(.. 8388864) with jiffies: 10700101163245339445, cycles: -7746642914758885366
[    5.997792] random 0081 0000 0000 45b1d0b1 845a73f7: added 2 entropy credits to input
[    6.005207] random 0083 0000 0000 45b1d0b1 845a73f7: add_disk_randomness(8:0) 45b1d0b1 845a73f7
[    6.005210] random 0083 0000 0000 45b1d0b1 845a73f7: add_timer_randomness(.. 8388864) with jiffies: 10766851178432791357, cycles: -7679892899571433462
[    6.014889] random 0083 0000 0000 45b1d0b1 845a73f7: add_disk_randomness(8:0) 45b1d0b1 845a73f7
[    6.014892] random 0083 0000 0000 45b1d0b1 845a73f7: add_timer_randomness(.. 8388864) with jiffies: 10853960798892163910, cycles: -7592783279112060918
[    6.025517] random 0083 0000 0000 45b1d0b1 845a73f7: add_disk_randomness(8:0) 45b1d0b1 845a73f7
[    6.025520] random 0083 0000 0000 45b1d0b1 845a73f7: add_timer_randomness(.. 8388864) with jiffies: 10949566818145764177, cycles: -7497177259858460662
[    6.038038] random 0083 0000 0000 45b1d0b1 845a73f7: add_disk_randomness(8:0) 45b1d0b1 845a73f7
[    6.038041] random 0083 0000 0000 45b1d0b1 845a73f7: add_timer_randomness(.. 8388864) with jiffies: 11062211848835924829, cycles: -7384532229168300022
[    6.039251] random 0083 0000 0000 45b1d0b1 845a73f7: add_disk_randomness(8:0) 45b1d0b1 845a73f7
[    6.039254] random 0083 0000 0000 45b1d0b1 845a73f7: add_timer_randomness(.. 8388864) with jiffies: 11073110208090440543, cycles: -7373633869913784310
[    6.039257] random 0083 0000 0000 45b1d0b1 845a73f7: added 1 entropy credits to input
[    6.043264] random 0084 0000 0000 45b1d0b1 845a73f7: add_disk_randomness(8:0) 45b1d0b1 845a73f7
[    6.043267] random 0084 0000 0000 45b1d0b1 845a73f7: add_timer_randomness(.. 8388864) with jiffies: 11109214540699239267, cycles: -7337529537304985590
[    6.043270] random 0084 0000 0000 45b1d0b1 845a73f7: added 1 entropy credits to input
[    6.052605] random 0085 0000 0000 45b1d0b1 845a73f7: add_disk_randomness(8:0) 45b1d0b1 845a73f7
[    6.052609] random 0085 0000 0000 45b1d0b1 845a73f7: add_timer_randomness(.. 8388864) with jiffies: 11193253543009813356, cycles: -7253490534994411510
[    6.052611] random 0085 0000 0000 45b1d0b1 845a73f7: added 1 entropy credits to input
[    6.052952] random 0086 0000 0000 45b1d0b1 845a73f7: add_disk_randomness(8:0) 45b1d0b1 845a73f7
[    6.052955] random 0086 0000 0000 45b1d0b1 845a73f7: add_timer_randomness(.. 8388864) with jiffies: 11196371921194943340, cycles: -7250372156809281526
[    6.068617] random 0086 0000 0000 45b1d0b1 845a73f7: add_disk_randomness(8:0) 45b1d0b1 845a73f7
[    6.068620] random 0086 0000 0000 45b1d0b1 845a73f7: add_timer_randomness(.. 8388864) with jiffies: 11337295394519090044, cycles: -7109448683485134838
[    6.068623] random 0086 0000 0000 45b1d0b1 845a73f7: added 4 entropy credits to input
[    6.070249] random 0090 0000 0000 45b1d0b1 845a73f7: add_disk_randomness(8:0) 45b1d0b1 845a73f7
[    6.070252] random 0090 0000 0000 45b1d0b1 845a73f7: add_timer_randomness(.. 8388864) with jiffies: 11351963738627081086, cycles: -7094780339377143798
[    6.070254] random 0090 0000 0000 45b1d0b1 845a73f7: added 1 entropy credits to input
[    6.070406] random 0091 0000 0000 45b1d0b1 845a73f7: add_disk_randomness(8:0) 45b1d0b1 845a73f7
[    6.070410] random 0091 0000 0000 45b1d0b1 845a73f7: add_timer_randomness(.. 8388864) with jiffies: 11353386102946497406, cycles: -7093357975057727478
[    6.081272] random 0091 0000 0000 45b1d0b1 845a73f7: add_disk_randomness(8:0) 45b1d0b1 845a73f7
[    6.081275] random 0091 0000 0000 45b1d0b1 845a73f7: add_timer_randomness(.. 8388864) with jiffies: 11451124676541776777, cycles: -6995619401462448118
[    6.081277] random 0091 0000 0000 45b1d0b1 845a73f7: added 3 entropy credits to input
[    6.081841] random 0094 0000 0000 45b1d0b1 845a73f7: add_disk_randomness(8:0) 45b1d0b1 845a73f7
[    6.081844] random 0094 0000 0000 45b1d0b1 845a73f7: add_timer_randomness(.. 8388864) with jiffies: 11456259168210224009, cycles: -6990484909794000886
[    6.087069] random 0094 0000 0000 45b1d0b1 845a73f7: add_disk_randomness(8:0) 45b1d0b1 845a73f7
[    6.087072] random 0094 0000 0000 45b1d0b1 845a73f7: add_timer_randomness(.. 8388864) with jiffies: 11503290675009127310, cycles: -6943453402995097590
[    6.087075] random 0094 0000 0000 45b1d0b1 845a73f7: added 2 entropy credits to input
[    6.088826] random 0096 0000 0000 45b1d0b1 845a73f7: add_disk_randomness(8:0) 45b1d0b1 845a73f7
[    6.088829] random 0096 0000 0000 45b1d0b1 845a73f7: add_timer_randomness(.. 8388864) with jiffies: 11519089248350995344, cycles: -6927654829653229558
[    6.088831] random 0096 0000 0000 45b1d0b1 845a73f7: added 1 entropy credits to input
[    6.099051] random 0097 0000 0000 45b1d0b1 845a73f7: add_disk_randomness(8:0) 45b1d0b1 845a73f7
[    6.099055] random 0097 0000 0000 45b1d0b1 845a73f7: add_timer_randomness(.. 8388864) with jiffies: 11611085734139364250, cycles: -6835658343864860662
[    6.099057] random 0097 0000 0000 45b1d0b1 845a73f7: added 3 entropy credits to input
[    6.112994] random 0100 0000 0000 45b1d0b1 845a73f7: add_disk_randomness(8:0) 45b1d0b1 845a73f7
[    6.112998] random 0100 0000 0000 45b1d0b1 845a73f7: add_timer_randomness(.. 8388864) with jiffies: 11736514004841628584, cycles: -6710230073162596342
[    6.113000] random 0100 0000 0000 45b1d0b1 845a73f7: added 2 entropy credits to input
[    6.125512] random 0102 0000 0000 45b1d0b1 845a73f7: add_disk_randomness(8:0) 45b1d0b1 845a73f7
[    6.125515] random 0102 0000 0000 45b1d0b1 845a73f7: add_timer_randomness(.. 8388864) with jiffies: 11849110283358012341, cycles: -6597633794646212598
