[    0.000000] random 0000 0000 0000 00000000 00000000: rand_read_num 1 get_random_bytes(8): sig 00000000 00000000 00000000
[    0.000000] random 0000 0000 0000 00000000 00000000: extract_entropy(.. 8 ..)
[    0.000000] random 0000 0000 0000 00000000 00000000: going to reseed nonblocking with 64 bits (64 of 0 requested)
[    0.000000] random 0000 0000 0000 00000000 00000000: extract_entropy(.. 8 ..)
[    0.000000] random 0000 0000 0000 00000000 00000000: trying to extract 64 bits from input
[    0.000000] random 0000 0000 0000 00000000 00000000: debiting 0 entropy credits from input
[    0.000000] random 0000 0000 0000 00000000 00000000: extract_entropy account returned: 0 
[    0.000000] random 0000 0000 0000 00000000 00000000: urand_change_num 1 xfer_secondary_pool(8): pool_sig 00000000, data_sig 00000000, bytes_mixed 0 00000000 00000000
[    0.000000] random 0000 0000 0000 00000000 00000000: trying to extract 64 bits from nonblocking
[    0.000000] random 0000 0000 0000 00000000 00000000: debiting 64 entropy credits from nonblocking (unlimited)
[    0.000000] random 0000 0000 0000 00000000 00000000: extract_entropy account returned: 8 
[    0.000000] random 0000 0000 0000 00000000 00000000: urand_change_num 2 extract_buf: pool_sig 00000000, data_sig fffffff9, bytes_mixed 20 00000000 00000000
[    0.000000] Linux version 2.6.32.57 (dcashman@dcashman-02) (gcc version 4.3.3 (GCC) ) #6 Thu May 30 09:02:12 PDT 2013
[    0.000000] KERNEL supported cpus:
[    0.000000]   Intel GenuineIntel
[    0.000000]   AMD AuthenticAMD
[    0.000000]   NSC Geode by NSC
[    0.000000]   Cyrix CyrixInstead
[    0.000000]   Centaur CentaurHauls
[    0.000000]   Transmeta GenuineTMx86
[    0.000000]   Transmeta TransmetaCPU
[    0.000000]   UMC UMC UMC UMC
[    0.000000] BIOS-provided physical RAM map:
[    0.000000]  BIOS-e820: 0000000000000000 - 000000000009d800 (usable)
[    0.000000]  BIOS-e820: 000000000009d800 - 00000000000a0000 (reserved)
[    0.000000]  BIOS-e820: 00000000000d2000 - 00000000000d4000 (reserved)
[    0.000000]  BIOS-e820: 00000000000e0000 - 0000000000100000 (reserved)
[    0.000000]  BIOS-e820: 0000000000100000 - 000000003d6b0000 (usable)
[    0.000000]  BIOS-e820: 000000003d6b0000 - 000000003d6cc000 (ACPI data)
[    0.000000]  BIOS-e820: 000000003d6cc000 - 000000003d700000 (ACPI NVS)
[    0.000000]  BIOS-e820: 000000003d700000 - 000000003e000000 (reserved)
[    0.000000]  BIOS-e820: 00000000f0000000 - 00000000f4000000 (reserved)
[    0.000000]  BIOS-e820: 00000000fec00000 - 00000000fec10000 (reserved)
[    0.000000]  BIOS-e820: 00000000fed00000 - 00000000fed00400 (reserved)
[    0.000000]  BIOS-e820: 00000000fed14000 - 00000000fed1a000 (reserved)
[    0.000000]  BIOS-e820: 00000000fed1c000 - 00000000fed90000 (reserved)
[    0.000000]  BIOS-e820: 00000000fee00000 - 00000000fee01000 (reserved)
[    0.000000]  BIOS-e820: 00000000ff000000 - 0000000100000000 (reserved)
[    0.000000] DMI present.
[    0.000000] last_pfn = 0x3d6b0 max_arch_pfn = 0x100000
[    0.000000] MTRR default type: uncachable
[    0.000000] MTRR fixed ranges enabled:
[    0.000000]   00000-9FFFF write-back
[    0.000000]   A0000-BFFFF uncachable
[    0.000000]   C0000-CFFFF write-protect
[    0.000000]   D0000-DFFFF uncachable
[    0.000000]   E0000-FFFFF write-protect
[    0.000000] MTRR variable ranges enabled:
[    0.000000]   0 base 03E000000 mask FFE000000 uncachable
[    0.000000]   1 base 000000000 mask FC0000000 write-back
[    0.000000]   2 base 03D700000 mask FFFF00000 uncachable
[    0.000000]   3 base 03D800000 mask FFF800000 uncachable
[    0.000000]   4 disabled
[    0.000000]   5 disabled
[    0.000000]   6 disabled
[    0.000000]   7 disabled
[    0.000000] initial memory mapped : 0 - 02000000
[    0.000000] init_memory_mapping: 0000000000000000-00000000377fe000
[    0.000000]  0000000000 - 0000400000 page 4k
[    0.000000]  0000400000 - 0037400000 page 2M
[    0.000000]  0037400000 - 00377fe000 page 4k
[    0.000000] kernel direct mapping tables up to 377fe000 @ 7000-c000
[    0.000000] ACPI: RSDP 000f68d0 00024 (v02 LENOVO)
[    0.000000] ACPI: XSDT 3d6bb77f 00094 (v01 LENOVO TP-7L    00002170  LTP 00000000)
[    0.000000] ACPI: FACP 3d6bb900 000F4 (v03 LENOVO TP-7L    00002170 LNVO 00000001)
[    0.000000] ACPI Warning: 32/64X length mismatch in Gpe1Block: 0/32 (20090903/tbfadt-526)
[    0.000000] ACPI Warning: Optional field Gpe1Block has zero address or length: 000000000000102C/0 (20090903/tbfadt-557)
[    0.000000] ACPI: DSDT 3d6bbd1d 0FED1 (v01 LENOVO TP-7L    00002170 MSFT 03000000)
[    0.000000] ACPI: FACS 3d6e4000 00040
[    0.000000] ACPI: SSDT 3d6bbab4 00269 (v01 LENOVO TP-7L    00002170 MSFT 03000000)
[    0.000000] ACPI: ECDT 3d6cbbee 00052 (v01 LENOVO TP-7L    00002170 LNVO 00000001)
[    0.000000] ACPI: TCPA 3d6cbc40 00032 (v02 LENOVO TP-7L    00002170 LNVO 00000001)
[    0.000000] ACPI: APIC 3d6cbc72 00068 (v01 LENOVO TP-7L    00002170 LNVO 00000001)
[    0.000000] ACPI: MCFG 3d6cbcda 0003C (v01 LENOVO TP-7L    00002170 LNVO 00000001)
[    0.000000] ACPI: HPET 3d6cbd16 00038 (v01 LENOVO TP-7L    00002170 LNVO 00000001)
[    0.000000] ACPI: SLIC 3d6cbdf0 00176 (v01 LENOVO TP-7L    00002170  LTP 00000000)
[    0.000000] ACPI: BOOT 3d6cbf66 00028 (v01 LENOVO TP-7L    00002170  LTP 00000001)
[    0.000000] ACPI: ASF! 3d6cbf8e 00072 (v16 LENOVO TP-7L    00002170 PTL  00000001)
[    0.000000] ACPI: SSDT 3d6e26d9 0025F (v01 LENOVO TP-7L    00002170 INTL 20050513)
[    0.000000] ACPI: SSDT 3d6e2938 000A6 (v01 LENOVO TP-7L    00002170 INTL 20050513)
[    0.000000] ACPI: SSDT 3d6e29de 004F7 (v01 LENOVO TP-7L    00002170 INTL 20050513)
[    0.000000] ACPI: SSDT 3d6e2ed5 001D8 (v01 LENOVO TP-7L    00002170 INTL 20050513)
[    0.000000] ACPI: DMI detected: Lenovo ThinkPad R61
[    0.000000] ACPI: Added _OSI(Linux)
[    0.000000] ACPI: Local APIC address 0xfee00000
[    0.000000] 94MB HIGHMEM available.
[    0.000000] 887MB LOWMEM available.
[    0.000000]   mapped low ram: 0 - 377fe000
[    0.000000]   low ram: 0 - 377fe000
[    0.000000]   node 0 low ram: 00000000 - 377fe000
[    0.000000]   node 0 bootmap 00008000 - 0000ef00
[    0.000000] (6 early reservations) ==> bootmem [0000000000 - 00377fe000]
[    0.000000]   #0 [0000000000 - 0000001000]   BIOS data page ==> [0000000000 - 0000001000]
[    0.000000]   #1 [0001000000 - 0001bdc180]    TEXT DATA BSS ==> [0001000000 - 0001bdc180]
[    0.000000]   #2 [000009d800 - 0000100000]    BIOS reserved ==> [000009d800 - 0000100000]
[    0.000000]   #3 [0001bdd000 - 0001be516c]              BRK ==> [0001bdd000 - 0001be516c]
[    0.000000]   #4 [0000007000 - 0000008000]          PGTABLE ==> [0000007000 - 0000008000]
[    0.000000]   #5 [0000008000 - 000000f000]          BOOTMAP ==> [0000008000 - 000000f000]
[    0.000000] found SMP MP-table at [c00f6900] f6900
[    0.000000] Zone PFN ranges:
[    0.000000]   DMA      0x00000000 -> 0x00001000
[    0.000000]   Normal   0x00001000 -> 0x000377fe
[    0.000000]   HighMem  0x000377fe -> 0x0003d6b0
[    0.000000] Movable zone start PFN for each node
[    0.000000] early_node_map[2] active PFN ranges
[    0.000000]     0: 0x00000000 -> 0x0000009d
[    0.000000]     0: 0x00000100 -> 0x0003d6b0
[    0.000000] On node 0 totalpages: 251469
[    0.000000] free_area_init_node: node 0, pgdat c1901ea0, node_mem_map c1be7000
[    0.000000]   DMA zone: 32 pages used for memmap
[    0.000000]   DMA zone: 0 pages reserved
[    0.000000]   DMA zone: 3965 pages, LIFO batch:0
[    0.000000]   Normal zone: 1744 pages used for memmap
[    0.000000]   Normal zone: 221486 pages, LIFO batch:31
[    0.000000]   HighMem zone: 190 pages used for memmap
[    0.000000]   HighMem zone: 24052 pages, LIFO batch:3
[    0.000000] Using APIC driver default
[    0.000000] ACPI: PM-Timer IO Port: 0x1008
[    0.000000] ACPI: Local APIC address 0xfee00000
[    0.000000] ACPI: LAPIC (acpi_id[0x00] lapic_id[0x00] enabled)
[    0.000000] ACPI: LAPIC (acpi_id[0x01] lapic_id[0x01] enabled)
[    0.000000] ACPI: NR_CPUS/possible_cpus limit of 1 reached.  Processor 1/0x1 ignored.
[    0.000000] ACPI: LAPIC_NMI (acpi_id[0x00] high edge lint[0x1])
[    0.000000] ACPI: LAPIC_NMI (acpi_id[0x01] high edge lint[0x1])
[    0.000000] ACPI: IOAPIC (id[0x01] address[0xfec00000] gsi_base[0])
[    0.000000] IOAPIC[0]: apic_id 1, version 32, address 0xfec00000, GSI 0-23
[    0.000000] ACPI: INT_SRC_OVR (bus 0 bus_irq 0 global_irq 2 dfl dfl)
[    0.000000] ACPI: INT_SRC_OVR (bus 0 bus_irq 9 global_irq 9 high level)
[    0.000000] ACPI: IRQ0 used by override.
[    0.000000] ACPI: IRQ2 used by override.
[    0.000000] ACPI: IRQ9 used by override.
[    0.000000] Using ACPI (MADT) for SMP configuration information
[    0.000000] ACPI: HPET id: 0x8086a201 base: 0xfed00000
[    0.000000] nr_irqs_gsi: 24
[    0.000000] PM: Registered nosave memory: 000000000009d000 - 000000000009e000
[    0.000000] PM: Registered nosave memory: 000000000009e000 - 00000000000a0000
[    0.000000] PM: Registered nosave memory: 00000000000a0000 - 00000000000d2000
[    0.000000] PM: Registered nosave memory: 00000000000d2000 - 00000000000d4000
[    0.000000] PM: Registered nosave memory: 00000000000d4000 - 00000000000e0000
[    0.000000] PM: Registered nosave memory: 00000000000e0000 - 0000000000100000
[    0.000000] Allocating PCI resources starting at 3e000000 (gap: 3e000000:b2000000)
[    0.000000] Built 1 zonelists in Zone order, mobility grouping on.  Total pages: 249503
[    0.000000] Kernel command line: auto BOOT_IMAGE=Linux ro root=802 vt.default_utf8=0 maxcpus=0
[    0.000000] PID hash table entries: 4096 (order: 2, 16384 bytes)
[    0.000000] Dentry cache hash table entries: 131072 (order: 7, 524288 bytes)
[    0.000000] Inode-cache hash table entries: 65536 (order: 6, 262144 bytes)
[    0.000000] Enabling fast FPU save and restore... done.
[    0.000000] Enabling unmasked SIMD FPU exception support... done.
[    0.000000] Initializing CPU#0
[    0.000000] Initializing HighMem for node 0 (000377fe:0003d6b0)
[    0.000000] Memory: 984800k/1006272k available (6915k kernel code, 20876k reserved, 2327k data, 448k init, 96968k highmem)
[    0.000000] virtual kernel memory layout:
[    0.000000]     fixmap  : 0xfffa3000 - 0xfffff000   ( 368 kB)
[    0.000000]     pkmap   : 0xff800000 - 0xffc00000   (4096 kB)
[    0.000000]     vmalloc : 0xf7ffe000 - 0xff7fe000   ( 120 MB)
[    0.000000]     lowmem  : 0xc0000000 - 0xf77fe000   ( 887 MB)
[    0.000000]       .init : 0xc1907000 - 0xc1977000   ( 448 kB)
[    0.000000]       .data : 0xc16c0d3f - 0xc1906c64   (2327 kB)
[    0.000000]       .text : 0xc1000000 - 0xc16c0d3f   (6915 kB)
[    0.000000] Checking if this processor honours the WP bit even in supervisor mode...Ok.
[    0.000000] SLUB: Genslabs=13, HWalign=64, Order=0-3, MinObjects=0, CPUs=1, Nodes=1
[    0.000000] Hierarchical RCU implementation.
[    0.000000] NR_IRQS:288
[    0.000000] Extended CMOS year: 2000
[    0.000000] Console: colour VGA+ 80x25
[    0.000000] console [tty0] enabled
[    0.000000] hpet clockevent registered
[    0.000000] Fast TSC calibration using PIT
[    0.000000] Detected 2094.611 MHz processor.
[    0.001002] Calibrating delay loop (skipped), value calculated using timer frequency.. 4189.22 BogoMIPS (lpj=2094611)
[    0.001173] Security Framework initialized
[    0.001252] Mount-cache hash table entries: 512
[    0.002047] CPU: L1 I cache: 32K, L1 D cache: 32K
[    0.002174] CPU: L2 cache: 3072K
[    0.002258] mce: CPU supports 6 MCE banks
[    0.002344] CPU0: Thermal monitoring enabled (TM2)
[    0.002428] using mwait in idle threads.
[    0.002511] CPU: Intel(R) Core(TM)2 Duo CPU     T8100  @ 2.10GHz stepping 06
[    0.002682] Checking 'hlt' instruction... OK.
[    0.006944] ACPI: Core revision 20090903
[    0.026013] RANDOM get_random_int first call with cycles 38471381004, jiffies 4294667322 and pid 0
[    0.026021] CANARY value: 89dffe67 for PID: 1
[    0.026027] CANARY value: 5dea470e for PID: 2
[    0.026050] Enabling APIC mode:  Flat.  Using 1 I/O APICs
[    0.026513] ..TIMER: vector=0x30 apic1=0 pin1=2 apic2=-1 pin2=-1
[    0.037997] xor: automatically using best checksumming function: pIII_sse
[    0.041998]    pIII_sse  :  8568.000 MB/sec
[    0.042078] xor: using function: pIII_sse (8568.000 MB/sec)
[    0.042161] RANDOM - __seed init called.
[    0.042162] RANDOM - __seed init called.
[    0.042163] RANDOM - __seed init called.
[    0.042165] RANDOM - __random32 called. Change num 1.  Value: f7943846	49e73df3	af36cd0d
[    0.042167] RANDOM - __random32 called. Change num 2.  Value: 43846e13	9e73df37	9a1ad014
[    0.042168] RANDOM - __random32 called. Change num 3.  Value: 46e139c8	e73df373	a029598a
[    0.042170] RANDOM - __random32 called. Change num 4.  Value: 139c8c3b	73df373d	b3142c72
[    0.042172] RANDOM - __random32 called. Change num 5.  Value: c8c3b043	3df373de	58e576a9
[    0.042174] RANDOM - __random32 called. Change num 6.  Value: 3b0437d9	df373de5	ed53f9d8
[    0.042175] RANDOM - random32 init called.  Value: 3b0437d9	df373de5	ed53f9d8
[    0.042192] NET: Registered protocol family 16
[    0.042444] ACPI FADT declares the system doesn't support PCIe ASPM, so disable it
[    0.042559] ACPI: bus type pci registered
[    0.042718] PCI: MCFG configuration 0: base f0000000 segment 0 buses 0 - 63
[    0.042804] PCI: MCFG area at f0000000 reserved in E820
[    0.042890] PCI: Using MMCONFIG for extended config space
[    0.042972] PCI: Using configuration type 1 for base access
[    0.046081] bio: create slab <bio-0> at 0
[    0.046908] ACPI: EC: EC description table is found, configuring boot EC
[    0.052067] ACPI: BIOS _OSI(Linux) query honored via DMI
[    0.052789] random 0000 0000 0000 00000000 00000000: rand_read_num 2 get_random_bytes(8): sig fffffe1a 00000000 00000000
[    0.052791] random 0000 0000 0000 00000000 00000000: extract_entropy(.. 8 ..)
[    0.052794] random 0000 0000 0000 00000000 00000000: going to reseed nonblocking with 64 bits (64 of 0 requested)
[    0.052796] random 0000 0000 0000 00000000 00000000: extract_entropy(.. 8 ..)
[    0.052798] random 0000 0000 0000 00000000 00000000: trying to extract 64 bits from input
[    0.052801] random 0000 0000 0000 00000000 00000000: debiting 0 entropy credits from input
[    0.052802] random 0000 0000 0000 00000000 00000000: extract_entropy account returned: 0 
[    0.052832] random 0000 0000 0000 00000000 00000000: urand_change_num 3 xfer_secondary_pool(8): pool_sig fffffe1a, data_sig 00000000, bytes_mixed 0 00000000 00000000
[    0.052835] random 0000 0000 0000 00000000 00000000: trying to extract 64 bits from nonblocking
[    0.052838] random 0000 0000 0000 00000000 00000000: debiting 64 entropy credits from nonblocking (unlimited)
[    0.052840] random 0000 0000 0000 00000000 00000000: extract_entropy account returned: 8 
[    0.052844] random 0000 0000 0000 00000000 00000000: urand_change_num 4 extract_buf: pool_sig fffffe1a, data_sig fffffed7, bytes_mixed 20 00000000 00000000
[    0.057561] ACPI: Interpreter enabled
[    0.057645] ACPI: (supports S0 S3 S4 S5)
[    0.057935] ACPI: Using IOAPIC for interrupt routing
[    0.067762] ACPI: EC: GPE = 0x12, I/O: command/status = 0x66, data = 0x62
[    0.068048] ACPI: Power Resource [PUBS] (on)
[    0.070169] ACPI: ACPI Dock Station Driver: 3 docks/bays found
[    0.070566] ACPI: PCI Root Bridge [PCI0] (0000:00)
[    0.070728] pci 0000:00:02.0: reg 10 64bit mmio: [0xf8100000-0xf81fffff]
[    0.070734] pci 0000:00:02.0: reg 18 64bit mmio pref: [0xe0000000-0xefffffff]
[    0.070738] pci 0000:00:02.0: reg 20 io port: [0x1800-0x1807]
[    0.070773] pci 0000:00:02.1: reg 10 64bit mmio: [0xf8200000-0xf82fffff]
[    0.070879] pci 0000:00:19.0: reg 10 32bit mmio: [0xfe000000-0xfe01ffff]
[    0.070886] pci 0000:00:19.0: reg 14 32bit mmio: [0xfe025000-0xfe025fff]
[    0.070895] pci 0000:00:19.0: reg 18 io port: [0x1840-0x185f]
[    0.070969] pci 0000:00:19.0: PME# supported from D0 D3hot D3cold
[    0.071004] pci 0000:00:19.0: PME# disabled
[    0.071137] pci 0000:00:1a.0: reg 20 io port: [0x1860-0x187f]
[    0.071216] pci 0000:00:1a.1: reg 20 io port: [0x1880-0x189f]
[    0.071301] pci 0000:00:1a.7: reg 10 32bit mmio: [0xfe226c00-0xfe226fff]
[    0.071392] pci 0000:00:1a.7: PME# supported from D0 D3hot D3cold
[    0.071480] pci 0000:00:1a.7: PME# disabled
[    0.071620] pci 0000:00:1b.0: reg 10 64bit mmio: [0xfe020000-0xfe023fff]
[    0.071711] pci 0000:00:1b.0: PME# supported from D0 D3hot D3cold
[    0.071793] pci 0000:00:1b.0: PME# disabled
[    0.072060] pci 0000:00:1c.0: PME# supported from D0 D3hot D3cold
[    0.072145] pci 0000:00:1c.0: PME# disabled
[    0.072341] pci 0000:00:1c.1: PME# supported from D0 D3hot D3cold
[    0.072426] pci 0000:00:1c.1: PME# disabled
[    0.072620] pci 0000:00:1c.2: PME# supported from D0 D3hot D3cold
[    0.072705] pci 0000:00:1c.2: PME# disabled
[    0.072901] pci 0000:00:1c.3: PME# supported from D0 D3hot D3cold
[    0.072989] pci 0000:00:1c.3: PME# disabled
[    0.073116] pci 0000:00:1c.4: PME# supported from D0 D3hot D3cold
[    0.073214] pci 0000:00:1c.4: PME# disabled
[    0.074055] pci 0000:00:1d.0: reg 20 io port: [0x18a0-0x18bf]
[    0.074141] pci 0000:00:1d.1: reg 20 io port: [0x18c0-0x18df]
[    0.074217] pci 0000:00:1d.2: reg 20 io port: [0x18e0-0x18ff]
[    0.074300] pci 0000:00:1d.7: reg 10 32bit mmio: [0xfe227000-0xfe2273ff]
[    0.074398] pci 0000:00:1d.7: PME# supported from D0 D3hot D3cold
[    0.074500] pci 0000:00:1d.7: PME# disabled
[    0.074773] pci 0000:00:1f.0: quirk: region 1000-107f claimed by ICH6 ACPI/GPIO/TCO
[    0.074897] pci 0000:00:1f.0: quirk: region 1180-11bf claimed by ICH6 GPIO
[    0.074998] pci 0000:00:1f.0: ICH7 LPC Generic IO decode 1 PIO at 1600 (mask 007f)
[    0.075120] pci 0000:00:1f.0: ICH7 LPC Generic IO decode 2 PIO at 15e0 (mask 000f)
[    0.075236] pci 0000:00:1f.0: ICH7 LPC Generic IO decode 3 PIO at 1680 (mask 001f)
[    0.075428] pci 0000:00:1f.1: reg 10 io port: [0x00-0x07]
[    0.075437] pci 0000:00:1f.1: reg 14 io port: [0x00-0x03]
[    0.075447] pci 0000:00:1f.1: reg 18 io port: [0x00-0x07]
[    0.075453] pci 0000:00:1f.1: reg 1c io port: [0x00-0x03]
[    0.075462] pci 0000:00:1f.1: reg 20 io port: [0x1c00-0x1c0f]
[    0.075541] pci 0000:00:1f.2: reg 10 io port: [0x1c50-0x1c57]
[    0.075550] pci 0000:00:1f.2: reg 14 io port: [0x1c44-0x1c47]
[    0.075559] pci 0000:00:1f.2: reg 18 io port: [0x1c48-0x1c4f]
[    0.075568] pci 0000:00:1f.2: reg 1c io port: [0x1c40-0x1c43]
[    0.075577] pci 0000:00:1f.2: reg 20 io port: [0x1c20-0x1c3f]
[    0.075584] pci 0000:00:1f.2: reg 24 32bit mmio: [0xfe226000-0xfe2267ff]
[    0.075651] pci 0000:00:1f.2: PME# supported from D3hot
[    0.075739] pci 0000:00:1f.2: PME# disabled
[    0.075850] pci 0000:00:1f.3: reg 10 32bit mmio: [0xfe227400-0xfe2274ff]
[    0.075875] pci 0000:00:1f.3: reg 20 io port: [0x1c60-0x1c7f]
[    0.076002] pci 0000:00:1c.0: bridge io port: [0x2000-0x2fff]
[    0.076008] pci 0000:00:1c.0: bridge 32bit mmio: [0xfc000000-0xfdffffff]
[    0.076016] pci 0000:00:1c.0: bridge 64bit mmio pref: [0xf8000000-0xf80fffff]
[    0.076090] pci 0000:03:00.0: reg 10 64bit mmio: [0xdf3f0000-0xdf3fffff]
[    0.076287] pci 0000:00:1c.1: bridge io port: [0x3000-0x3fff]
[    0.076293] pci 0000:00:1c.1: bridge 32bit mmio: [0xdc000000-0xdf3fffff]
[    0.076302] pci 0000:00:1c.1: bridge 64bit mmio pref: [0xdfe00000-0xdfefffff]
[    0.076357] pci 0000:00:1c.2: bridge io port: [0x4000-0x4fff]
[    0.076363] pci 0000:00:1c.2: bridge 32bit mmio: [0xd8000000-0xd9ffffff]
[    0.076372] pci 0000:00:1c.2: bridge 64bit mmio pref: [0xdfb00000-0xdfbfffff]
[    0.076428] pci 0000:00:1c.3: bridge io port: [0x5000-0x5fff]
[    0.076435] pci 0000:00:1c.3: bridge 32bit mmio: [0xd4000000-0xd5ffffff]
[    0.076442] pci 0000:00:1c.3: bridge 64bit mmio pref: [0xdf800000-0xdf8fffff]
[    0.076501] pci 0000:00:1c.4: bridge io port: [0x6000-0x6fff]
[    0.076505] pci 0000:00:1c.4: bridge 32bit mmio: [0xd0000000-0xd1ffffff]
[    0.076514] pci 0000:00:1c.4: bridge 64bit mmio pref: [0xdf500000-0xdf5fffff]
[    0.076572] pci 0000:15:00.0: reg 10 32bit mmio: [0xf8300000-0xf8300fff]
[    0.076625] pci 0000:15:00.0: supports D1 D2
[    0.076627] pci 0000:15:00.0: PME# supported from D0 D1 D2 D3hot D3cold
[    0.076716] pci 0000:15:00.0: PME# disabled
[    0.076855] pci 0000:15:00.1: reg 10 32bit mmio: [0xf8301000-0xf83017ff]
[    0.076950] pci 0000:15:00.1: supports D1 D2
[    0.076952] pci 0000:15:00.1: PME# supported from D0 D1 D2 D3hot D3cold
[    0.077000] pci 0000:15:00.1: PME# disabled
[    0.077179] pci 0000:00:1e.0: transparent bridge
[    0.077261] pci 0000:00:1e.0: bridge io port: [0x7000-0xafff]
[    0.077267] pci 0000:00:1e.0: bridge 32bit mmio: [0xf8300000-0xfbffffff]
[    0.077274] pci 0000:00:1e.0: bridge 64bit mmio pref: [0xf4000000-0xf7ffffff]
[    0.077338] pci_bus 0000:00: on NUMA node 0
[    0.077342] ACPI: PCI Interrupt Routing Table [\_SB_.PCI0._PRT]
[    0.077475] ACPI: PCI Interrupt Routing Table [\_SB_.PCI0.EXP0._PRT]
[    0.077534] ACPI: PCI Interrupt Routing Table [\_SB_.PCI0.EXP1._PRT]
[    0.077592] ACPI: PCI Interrupt Routing Table [\_SB_.PCI0.EXP2._PRT]
[    0.077650] ACPI: PCI Interrupt Routing Table [\_SB_.PCI0.EXP3._PRT]
[    0.077713] ACPI: PCI Interrupt Routing Table [\_SB_.PCI0.EXP4._PRT]
[    0.077776] ACPI: PCI Interrupt Routing Table [\_SB_.PCI0.PCI1._PRT]
[    0.083297] ACPI: PCI Interrupt Link [LNKA] (IRQs 3 4 5 6 7 9 *10 11)
[    0.084037] ACPI: PCI Interrupt Link [LNKB] (IRQs 3 4 5 6 7 9 10 *11)
[    0.084755] ACPI: PCI Interrupt Link [LNKC] (IRQs 3 4 5 6 7 9 10 *11)
[    0.085450] ACPI: PCI Interrupt Link [LNKD] (IRQs 3 4 5 6 7 9 10 *11)
[    0.086158] ACPI: PCI Interrupt Link [LNKE] (IRQs 3 4 5 6 7 9 10 *11)
[    0.086884] ACPI: PCI Interrupt Link [LNKF] (IRQs 3 4 5 6 7 9 10 *11)
[    0.087647] ACPI: PCI Interrupt Link [LNKG] (IRQs 3 4 5 6 7 9 10 *11)
[    0.088377] ACPI: PCI Interrupt Link [LNKH] (IRQs 3 4 5 6 7 9 10 *11)
[    0.089084] vgaarb: device added: PCI:0000:00:02.0,decodes=io+mem,owns=io+mem,locks=none
[    0.089217] vgaarb: loaded
[    0.089396] SCSI subsystem initialized
[    0.089493] libata version 3.00 loaded.
[    0.089540] usbcore: registered new interface driver usbfs
[    0.089667] usbcore: registered new interface driver hub
[    0.089774] usbcore: registered new device driver usb
[    0.106036] raid6: int32x1    941 MB/s
[    0.122990] raid6: int32x2    886 MB/s
[    0.139988] raid6: int32x4    746 MB/s
[    0.157001] raid6: int32x8    656 MB/s
[    0.174001] raid6: mmxx1     2882 MB/s
[    0.190986] raid6: mmxx2     3253 MB/s
[    0.208006] raid6: sse1x1    1937 MB/s
[    0.224976] raid6: sse1x2    2531 MB/s
[    0.241984] raid6: sse2x1    3507 MB/s
[    0.258975] raid6: sse2x2    3828 MB/s
[    0.259066] raid6: using algorithm sse2x2 (3828 MB/s)
[    0.259157] PCI: Using ACPI for IRQ routing
[    0.259464] HPET: 3 timers in total, 0 timers will be used for per-cpu timer
[    0.259997] Switching to clocksource tsc
[    0.260088] pnp: PnP ACPI init
[    0.260180] ACPI: bus type pnp registered
[    0.263888] pnp: PnP ACPI: found 11 devices
[    0.263971] ACPI: ACPI bus type pnp unregistered
[    0.264055] system 00:00: iomem range 0x0-0x9ffff could not be reserved
[    0.264141] system 00:00: iomem range 0xc0000-0xc3fff could not be reserved
[    0.264231] system 00:00: iomem range 0xc4000-0xc7fff could not be reserved
[    0.264314] system 00:00: iomem range 0xc8000-0xcbfff has been reserved
[    0.264398] system 00:00: iomem range 0xcc000-0xcffff has been reserved
[    0.264487] system 00:00: iomem range 0xd0000-0xd3fff could not be reserved
[    0.264576] system 00:00: iomem range 0xe0000-0xe3fff could not be reserved
[    0.264665] system 00:00: iomem range 0xe4000-0xe7fff could not be reserved
[    0.264750] system 00:00: iomem range 0xe8000-0xebfff could not be reserved
[    0.264834] system 00:00: iomem range 0xec000-0xeffff could not be reserved
[    0.264925] system 00:00: iomem range 0xf0000-0xfffff could not be reserved
[    0.265008] system 00:00: iomem range 0x100000-0x3dffffff could not be reserved
[    0.265123] system 00:00: iomem range 0xfec00000-0xfed3ffff could not be reserved
[    0.265238] system 00:00: iomem range 0xfed4c000-0xffffffff could not be reserved
[    0.265355] system 00:02: ioport range 0x164e-0x164f has been reserved
[    0.265444] system 00:02: ioport range 0x1000-0x107f has been reserved
[    0.265532] system 00:02: ioport range 0x1180-0x11bf has been reserved
[    0.265616] system 00:02: ioport range 0x800-0x80f has been reserved
[    0.265701] system 00:02: ioport range 0x15e0-0x15ef has been reserved
[    0.265783] system 00:02: ioport range 0x1600-0x165f could not be reserved
[    0.265873] system 00:02: iomem range 0xf0000000-0xf3ffffff has been reserved
[    0.265955] system 00:02: iomem range 0xfed1c000-0xfed1ffff has been reserved
[    0.266039] system 00:02: iomem range 0xfed14000-0xfed17fff has been reserved
[    0.266122] system 00:02: iomem range 0xfed18000-0xfed18fff has been reserved
[    0.266212] system 00:02: iomem range 0xfed19000-0xfed19fff has been reserved
[    0.266296] system 00:02: iomem range 0xfed45000-0xfed4bfff has been reserved
[    0.301327] pci 0000:00:1c.0: PCI bridge, secondary bus 0000:02
[    0.301419] pci 0000:00:1c.0:   IO window: 0x2000-0x2fff
[    0.301504] pci 0000:00:1c.0:   MEM window: 0xfc000000-0xfdffffff
[    0.301593] pci 0000:00:1c.0:   PREFETCH window: 0x000000f8000000-0x000000f80fffff
[    0.301709] pci 0000:00:1c.1: PCI bridge, secondary bus 0000:03
[    0.301800] pci 0000:00:1c.1:   IO window: 0x3000-0x3fff
[    0.301894] pci 0000:00:1c.1:   MEM window: 0xdc000000-0xdf3fffff
[    0.301977] pci 0000:00:1c.1:   PREFETCH window: 0x000000dfe00000-0x000000dfefffff
[    0.302106] pci 0000:00:1c.2: PCI bridge, secondary bus 0000:04
[    0.302194] pci 0000:00:1c.2:   IO window: 0x4000-0x4fff
[    0.302279] pci 0000:00:1c.2:   MEM window: 0xd8000000-0xd9ffffff
[    0.302368] pci 0000:00:1c.2:   PREFETCH window: 0x000000dfb00000-0x000000dfbfffff
[    0.302489] pci 0000:00:1c.3: PCI bridge, secondary bus 0000:05
[    0.302574] pci 0000:00:1c.3:   IO window: 0x5000-0x5fff
[    0.302658] pci 0000:00:1c.3:   MEM window: 0xd4000000-0xd5ffffff
[    0.302746] pci 0000:00:1c.3:   PREFETCH window: 0x000000df800000-0x000000df8fffff
[    0.302868] pci 0000:00:1c.4: PCI bridge, secondary bus 0000:0d
[    0.302948] pci 0000:00:1c.4:   IO window: 0x6000-0x6fff
[    0.303032] pci 0000:00:1c.4:   MEM window: 0xd0000000-0xd1ffffff
[    0.303125] pci 0000:00:1c.4:   PREFETCH window: 0x000000df500000-0x000000df5fffff
[    0.303257] pci 0000:15:00.0: CardBus bridge, secondary bus 0000:16
[    0.303339] pci 0000:15:00.0:   IO window: 0x007000-0x0070ff
[    0.303422] pci 0000:15:00.0:   IO window: 0x007400-0x0074ff
[    0.303510] pci 0000:15:00.0:   PREFETCH window: 0xf4000000-0xf7ffffff
[    0.303605] pci 0000:15:00.0:   MEM window: 0x40000000-0x43ffffff
[    0.303689] pci 0000:00:1e.0: PCI bridge, secondary bus 0000:15
[    0.303773] pci 0000:00:1e.0:   IO window: 0x7000-0xafff
[    0.303868] pci 0000:00:1e.0:   MEM window: 0xf8300000-0xfbffffff
[    0.303963] pci 0000:00:1e.0:   PREFETCH window: 0x000000f4000000-0x000000f7ffffff
[    0.304091] pci 0000:00:1c.0: PCI INT A -> GSI 20 (level, low) -> IRQ 20
[    0.304183] pci 0000:00:1c.0: setting latency timer to 64
[    0.304193] pci 0000:00:1c.1: PCI INT B -> GSI 21 (level, low) -> IRQ 21
[    0.304281] pci 0000:00:1c.1: setting latency timer to 64
[    0.304291] pci 0000:00:1c.2: PCI INT C -> GSI 22 (level, low) -> IRQ 22
[    0.304381] pci 0000:00:1c.2: setting latency timer to 64
[    0.304390] pci 0000:00:1c.3: PCI INT D -> GSI 23 (level, low) -> IRQ 23
[    0.304483] pci 0000:00:1c.3: setting latency timer to 64
[    0.304496] pci 0000:00:1c.4: PCI INT A -> GSI 20 (level, low) -> IRQ 20
[    0.304581] pci 0000:00:1c.4: setting latency timer to 64
[    0.304590] pci 0000:00:1e.0: enabling device (0005 -> 0007)
[    0.304674] pci 0000:00:1e.0: setting latency timer to 64
[    0.304688] pci 0000:15:00.0: PCI INT A -> GSI 16 (level, low) -> IRQ 16
[    0.304793] pci 0000:15:00.0: setting latency timer to 64
[    0.304799] pci_bus 0000:00: resource 0 io:  [0x00-0xffff]
[    0.304801] pci_bus 0000:00: resource 1 mem: [0x000000-0xffffffff]
[    0.304803] pci_bus 0000:02: resource 0 io:  [0x2000-0x2fff]
[    0.304805] pci_bus 0000:02: resource 1 mem: [0xfc000000-0xfdffffff]
[    0.304807] pci_bus 0000:02: resource 2 pref mem [0xf8000000-0xf80fffff]
[    0.304808] pci_bus 0000:03: resource 0 io:  [0x3000-0x3fff]
[    0.304810] pci_bus 0000:03: resource 1 mem: [0xdc000000-0xdf3fffff]
[    0.304812] pci_bus 0000:03: resource 2 pref mem [0xdfe00000-0xdfefffff]
[    0.304814] pci_bus 0000:04: resource 0 io:  [0x4000-0x4fff]
[    0.304816] pci_bus 0000:04: resource 1 mem: [0xd8000000-0xd9ffffff]
[    0.304818] pci_bus 0000:04: resource 2 pref mem [0xdfb00000-0xdfbfffff]
[    0.304820] pci_bus 0000:05: resource 0 io:  [0x5000-0x5fff]
[    0.304821] pci_bus 0000:05: resource 1 mem: [0xd4000000-0xd5ffffff]
[    0.304823] pci_bus 0000:05: resource 2 pref mem [0xdf800000-0xdf8fffff]
[    0.304825] pci_bus 0000:0d: resource 0 io:  [0x6000-0x6fff]
[    0.304827] pci_bus 0000:0d: resource 1 mem: [0xd0000000-0xd1ffffff]
[    0.304829] pci_bus 0000:0d: resource 2 pref mem [0xdf500000-0xdf5fffff]
[    0.304831] pci_bus 0000:15: resource 0 io:  [0x7000-0xafff]
[    0.304833] pci_bus 0000:15: resource 1 mem: [0xf8300000-0xfbffffff]
[    0.304834] pci_bus 0000:15: resource 2 pref mem [0xf4000000-0xf7ffffff]
[    0.304836] pci_bus 0000:15: resource 3 io:  [0x00-0xffff]
[    0.304838] pci_bus 0000:15: resource 4 mem: [0x000000-0xffffffff]
[    0.304840] pci_bus 0000:16: resource 0 io:  [0x7000-0x70ff]
[    0.304842] pci_bus 0000:16: resource 1 io:  [0x7400-0x74ff]
[    0.304843] pci_bus 0000:16: resource 2 pref mem [0xf4000000-0xf7ffffff]
[    0.304845] pci_bus 0000:16: resource 3 mem: [0x40000000-0x43ffffff]
[    0.304853] NET: Registered protocol family 2
[    0.304938] RANDOM - __random32 called. Change num 7.  Value: 437d97bf	f373de51	f3b0f986
[    0.304940] RANDOM - random32 called.  Value: 437d97bf	f373de51	f3b0f986
[    0.304944] random 0000 0000 0000 5f8db4e5 4cfdf2a8: rand_read_num 3 get_random_bytes(4): sig fffffb64 5f8db4e5 4cfdf2a8
[    0.304947] random 0000 0000 0000 5f8db4e5 4cfdf2a8: extract_entropy(.. 4 ..)
[    0.304949] random 0000 0000 0000 5f8db4e5 4cfdf2a8: going to reseed nonblocking with 64 bits (32 of 0 requested)
[    0.304952] random 0000 0000 0000 5f8db4e5 4cfdf2a8: extract_entropy(.. 8 ..)
[    0.304954] random 0000 0000 0000 5f8db4e5 4cfdf2a8: trying to extract 64 bits from input
[    0.304956] random 0000 0000 0000 5f8db4e5 4cfdf2a8: debiting 0 entropy credits from input
[    0.304958] random 0000 0000 0000 5f8db4e5 4cfdf2a8: extract_entropy account returned: 0 
[    0.304961] random 0000 0000 0000 5f8db4e5 4cfdf2a8: urand_change_num 5 xfer_secondary_pool(4): pool_sig fffffb64, data_sig 00000000, bytes_mixed 0 5f8db4e5 4cfdf2a8
[    0.304964] random 0000 0000 0000 5f8db4e5 4cfdf2a8: trying to extract 32 bits from nonblocking
[    0.304966] random 0000 0000 0000 5f8db4e5 4cfdf2a8: debiting 32 entropy credits from nonblocking (unlimited)
[    0.304968] random 0000 0000 0000 5f8db4e5 4cfdf2a8: extract_entropy account returned: 4 
[    0.304973] random 0000 0000 0000 5f8db4e5 4cfdf2a8: urand_change_num 6 extract_buf: pool_sig fffffb64, data_sig 00000241, bytes_mixed 20 5f8db4e5 4cfdf2a8
[    0.304982] IP route cache hash table entries: 32768 (order: 5, 131072 bytes)
[    0.305108] RANDOM - __random32 called. Change num 8.  Value: d97bfe31	373de51f	f30dc6e6
[    0.305110] RANDOM - random32 called.  Value: d97bfe31	373de51f	f30dc6e6
[    0.305120] RANDOM - __random32 called. Change num 9.  Value: bfe314d7	73de51f5	8dcd6c7e
[    0.305122] RANDOM - random32 called.  Value: bfe314d7	73de51f5	8dcd6c7e
[    0.305124] RANDOM - __random32 called. Change num 10.  Value: 314d7baf	3de51f5e	d8fc74c1
[    0.305125] RANDOM - random32 called.  Value: 314d7baf	3de51f5e	d8fc74c1
[    0.305136] RANDOM - __random32 called. Change num 11.  Value: d7baf3c7	de51f5e5	e983e3fa
[    0.305137] RANDOM - random32 called.  Value: d7baf3c7	de51f5e5	e983e3fa
[    0.305146] TCP established hash table entries: 131072 (order: 8, 1048576 bytes)
[    0.305628] TCP bind hash table entries: 65536 (order: 6, 262144 bytes)
[    0.305806] TCP: Hash tables configured (established 131072 bind 65536)
[    0.305899] TCP reno registered
[    0.305998] NET: Registered protocol family 1
[    0.306119] RPC: Registered udp transport module.
[    0.306203] RPC: Registered tcp transport module.
[    0.306282] RPC: Registered tcp NFSv4.1 backchannel transport module.
[    0.306381] pci 0000:00:02.0: Boot video device
[    0.306592] Simple Boot Flag at 0x35 set to 0x1
[    0.307144] highmem bounce pool size: 64 pages
[    0.308624] VFS: Disk quotas dquot_6.5.2
[    0.308743] Dquot-cache hash table entries: 1024 (order 0, 4096 bytes)
[    0.309483] NTFS driver 2.1.29 [Flags: R/W].
[    0.309639] ROMFS MTD (C) 2007 Red Hat, Inc.
[    0.309839] JFS: nTxBlock = 7695, nTxLock = 61562
[    0.312272] SGI XFS with ACLs, security attributes, large block/inode numbers, no debug enabled
[    0.312748] SGI XFS Quota Management subsystem
[    0.313086] Slow work thread pool: Starting up
[    0.313179] Slow work thread pool: Ready
[    0.313272] GFS2 (built May 24 2013 02:47:17) installed
[    0.313369] msgmni has been set to 1734
[    0.313529] alg: No test for cipher_null (cipher_null-generic)
[    0.313629] alg: No test for ecb(cipher_null) (ecb-cipher_null)
[    0.313718] alg: No test for digest_null (digest_null-generic)
[    0.313818] alg: No test for compress_null (compress_null-generic)
[    0.314367] alg: No test for fcrypt (fcrypt-generic)
[    0.315778] alg: No test for stdrng (krng)
[    0.315877] async_tx: api initialized (async)
[    0.316030] Block layer SCSI generic (bsg) driver version 0.4 loaded (major 254)
[    0.316142] io scheduler noop registered
[    0.316234] io scheduler anticipatory registered
[    0.316319] io scheduler deadline registered
[    0.316450] io scheduler cfq registered (default)
[    0.316688] pcieport 0000:00:1c.0: irq 24 for MSI/MSI-X
[    0.316706] pcieport 0000:00:1c.0: setting latency timer to 64
[    0.316915] pcieport 0000:00:1c.1: irq 25 for MSI/MSI-X
[    0.316925] pcieport 0000:00:1c.1: setting latency timer to 64
[    0.317110] pcieport 0000:00:1c.2: irq 26 for MSI/MSI-X
[    0.317119] pcieport 0000:00:1c.2: setting latency timer to 64
[    0.317301] pcieport 0000:00:1c.3: irq 27 for MSI/MSI-X
[    0.317313] pcieport 0000:00:1c.3: setting latency timer to 64
[    0.317490] pcieport 0000:00:1c.4: irq 28 for MSI/MSI-X
[    0.317501] pcieport 0000:00:1c.4: setting latency timer to 64
[    0.317643] pci_hotplug: PCI Hot Plug PCI Core version: 0.5
[    0.317833] isapnp: Scanning for PnP cards...
[    0.678391] isapnp: No Plug & Play device found
[    0.678472] random 0000 0000 0000 5f8db4e5 4cfdf2a8: initializing
[    0.678474] RANDOM init_std_data for input now value: 1369946713678474345
[    0.678475] RANDOM init_std_data for blocking now value: 1369946713678476340
[    0.678477] RANDOM init_std_data for nonblocking now value: 1369946713678478080
[    0.698047] Serial: 8250/16550 driver, 4 ports, IRQ sharing enabled
[    3.708890] floppy0: no floppy controllers found
[    3.709824] brd: module loaded
[    3.710325] loop: module loaded
[    3.710406] Compaq SMART2 Driver (v 2.6.0)
[    3.710521] HP CISS Driver (v 3.6.20)
[    3.710755] input: Macintosh mouse button emulation as /devices/virtual/input/input0
[    3.710900] Uniform Multi-Platform E-IDE driver
[    3.711115] piix 0000:00:1f.1: IDE controller (0x8086:0x2850 rev 0x03)
[    3.711210] pci 0000:00:1f.1: PCI INT C -> GSI 16 (level, low) -> IRQ 16
[    3.711309] piix 0000:00:1f.1: IDE port disabled
[    3.711402] piix 0000:00:1f.1: not 100% native mode: will probe irqs later
[    3.711491]     ide0: BM-DMA at 0x1c00-0x1c07
[    3.711576] Probing IDE interface ide0...
[    4.383111] hda: HL-DT-ST DVDRAM GSA-U10N, ATAPI CD/DVD-ROM drive
[    4.689926] hda: host max PIO4 wanted PIO255(auto-tune) selected PIO4
[    4.690698] hda: UDMA/33 mode selected
[    4.691159] ide0 at 0x1f0-0x1f7,0x3f6 on irq 14
[    4.695033] ide-gd driver 1.18
[    4.695128] ide-cd driver 5.00
[    4.696505] random 0000 0000 0000 00000000 00000000: add_disk_randomness(0:0) 00000000 00000000
[    4.696509] random 0000 0000 0000 00000000 00000000: add_timer_randomness(.. 256) with jiffies: 5889889378301083256, cycles: 5889889374006411275
[    4.696512] random 0000 0000 0000 00000000 00000000: added 11 entropy credits to input
[    4.696515] ide-cd: hda: ATAPI 24X DVD-ROM DVD-R/RAM CD-R/RW drive, 2048kB Cache
[    4.696917] Uniform CD-ROM driver Revision: 3.20
[    4.699809] random 0011 0000 0000 00000000 00000000: add_disk_randomness(0:0) 00000000 00000000
[    4.699812] random 0011 0000 0000 00000000 00000000: add_timer_randomness(.. 256) with jiffies: 5919620761126665851, cycles: 5919620756831993867
[    4.699815] random 0011 0000 0000 00000000 00000000: added 1 entropy credits to input
[    4.699818] random 0012 0000 0000 00000000 00000000: add_disk_randomness(0:0) 00000000 00000000
[    4.699821] random 0012 0000 0000 00000000 00000000: add_timer_randomness(.. 256) with jiffies: 5919697018271006331, cycles: 5919697013976334347
[    4.701809] random 0012 0000 0000 00000000 00000000: add_disk_randomness(0:0) 00000000 00000000
[    4.701812] random 0012 0000 0000 00000000 00000000: add_timer_randomness(.. 256) with jiffies: 5937615248167763581, cycles: 5937615243873091595
[    4.701815] random 0012 0000 0000 00000000 00000000: added 1 entropy credits to input
[    4.701818] random 0013 0000 0000 00000000 00000000: add_disk_randomness(0:0) 00000000 00000000
[    4.701821] random 0013 0000 0000 00000000 00000000: add_timer_randomness(.. 256) with jiffies: 5937690470224985725, cycles: 5937690465930313739
[    4.703808] random 0013 0000 0000 00000000 00000000: add_disk_randomness(0:0) 00000000 00000000
[    4.703810] random 0013 0000 0000 00000000 00000000: add_timer_randomness(.. 256) with jiffies: 5955590433625833087, cycles: 5955590429331161099
[    4.703813] random 0013 0000 0000 00000000 00000000: added 1 entropy credits to input
[    4.703816] random 0014 0000 0000 00000000 00000000: add_disk_randomness(0:0) 00000000 00000000
[    4.703819] random 0014 0000 0000 00000000 00000000: add_timer_randomness(.. 256) with jiffies: 5955664212574043775, cycles: 5955664208279371787
[    4.704093] Loading iSCSI transport class v2.0-870.
[    4.704372] rdac: device handler registered
[    4.704454] hp_sw: device handler registered
[    4.704544] emc: device handler registered
[    4.704623] alua: device handler registered
[    4.705611] Adaptec aacraid driver 1.1-5[2461]-ms
[    4.706032] scsi: <fdomain> Detection failed (no card)
[    4.706119] sym53c416.c: Version 1.0.0-ac
[    4.706222] qlogicfas: no cards were found, please specify I/O address and IRQ using iobase= and irq= options
[    4.706342] QLogic Fibre Channel HBA Driver: 8.03.01-k6
[    4.706548] iscsi: registered transport (qla4xxx)
[    4.706648] QLogic iSCSI HBA Driver
[    4.706726] Emulex LightPulse Fibre Channel SCSI driver 8.3.4
[    4.706810] Copyright(c) 2004-2009 Emulex.  All rights reserved.
[    4.728913] Failed initialization of WD-7000 SCSI card!
[    4.818134] DC390: clustering now enabled by default. If you get problems load
[    4.818256]        with "disable_clustering=1" and report to maintainers
[    4.818381] megaraid cmm: 2.20.2.7 (Release Date: Sun Jul 16 00:01:03 EST 2006)
[    4.818524] megaraid: 2.20.5.1 (Release Date: Thu Nov 16 15:32:35 EST 2006)
[    4.818628] megasas: 00.00.04.01 Thu July 24 11:41:51 PST 2008
[    4.818757] GDT-HA: Storage RAID Controller Driver. Version: 3.05
[    4.818903] 3ware Storage Controller device driver for Linux v1.26.02.002.
[    4.819004] 3ware 9000 Storage Controller device driver for Linux v2.26.02.012.
[    4.819137] nsp32: loading...
[    4.819233] ipr: IBM Power RAID SCSI Device Driver version: 2.4.3 (June 10, 2009)
[    4.819370] RocketRAID 3xxx/4xxx Controller driver v1.6 (090910)
[    4.819480] stex: Promise SuperTrak EX Driver version: 4.6.0000.3
[    4.819609] st: Version 20081215, fixed bufsize 32768, s/g segs 256
[    4.819791] ahci 0000:00:1f.2: version 3.0
[    4.819809] ahci 0000:00:1f.2: PCI INT B -> GSI 16 (level, low) -> IRQ 16
[    4.819950] ahci 0000:00:1f.2: irq 29 for MSI/MSI-X
[    4.820010] ahci 0000:00:1f.2: AHCI 0001.0100 32 slots 3 ports 1.5 Gbps 0x5 impl SATA mode
[    4.820130] ahci 0000:00:1f.2: flags: 64bit ncq sntf pm led clo pio slum part ccc 
[    4.820247] ahci 0000:00:1f.2: setting latency timer to 64
[    4.820391] scsi2 : ahci
[    4.820540] scsi3 : ahci
[    4.820672] scsi4 : ahci
[    4.820847] ata1: SATA max UDMA/133 abar m2048@0xfe226000 port 0xfe226100 irq 29
[    4.820975] ata2: DUMMY
[    4.821058] ata3: SATA max UDMA/133 abar m2048@0xfe226000 port 0xfe226200 irq 29
[    4.821647] I2O subsystem v1.325
[    4.821727] i2o: max drivers = 8
[    4.821869] I2O Configuration OSM v1.323
[    4.821975] I2O Bus Adapter OSM v1.317
[    4.822073] I2O Block Device OSM v1.325
[    4.822218] I2O SCSI Peripheral OSM v1.316
[    4.822313] I2O ProcFS OSM v1.316
[    4.822412] Fusion MPT base driver 3.04.12
[    4.822499] Copyright (c) 1999-2008 LSI Corporation
[    4.822586] Fusion MPT SPI Host driver 3.04.12
[    4.822691] Fusion MPT FC Host driver 3.04.12
[    4.822799] Fusion MPT SAS Host driver 3.04.12
[    4.822999] ohci1394 0000:15:00.1: PCI INT B -> GSI 17 (level, low) -> IRQ 17
[    4.823092] ohci1394 0000:15:00.1: setting latency timer to 64
[    4.876934] ohci1394: fw-host0: OHCI-1394 1.1 (PCI): IRQ=[17]  MMIO=[f8301000-f83017ff]  Max Packet=[2048]  IR/IT contexts=[4/4]
[    4.881199] ehci_hcd: USB 2.0 'Enhanced' Host Controller (EHCI) Driver
[    4.881465] ehci_hcd 0000:00:1a.7: power state changed by ACPI to D0
[    4.881718] ehci_hcd 0000:00:1a.7: power state changed by ACPI to D0
[    4.881813] ehci_hcd 0000:00:1a.7: PCI INT C -> GSI 22 (level, low) -> IRQ 22
[    4.881920] ehci_hcd 0000:00:1a.7: setting latency timer to 64
[    4.881924] ehci_hcd 0000:00:1a.7: EHCI Host Controller
[    4.882056] ehci_hcd 0000:00:1a.7: new USB bus registered, assigned bus number 1
[    4.886094] ehci_hcd 0000:00:1a.7: cache line size of 32 is not supported
[    4.886101] ehci_hcd 0000:00:1a.7: irq 22, io mem 0xfe226c00
[    4.895897] ehci_hcd 0000:00:1a.7: USB 2.0 started, EHCI 1.00
[    4.895990] usb usb1: New USB device found, idVendor=1d6b, idProduct=0002
[    4.896073] usb usb1: New USB device strings: Mfr=3, Product=2, SerialNumber=1
[    4.896184] usb usb1: Product: EHCI Host Controller
[    4.896272] usb usb1: Manufacturer: Linux 2.6.32.57 ehci_hcd
[    4.896353] usb usb1: SerialNumber: 0000:00:1a.7
[    4.896488] usb usb1: configuration #1 chosen from 1 choice
[    4.896607] hub 1-0:1.0: USB hub found
[    4.896703] hub 1-0:1.0: 4 ports detected
[    4.896997] ehci_hcd 0000:00:1d.7: power state changed by ACPI to D0
[    4.897243] ehci_hcd 0000:00:1d.7: power state changed by ACPI to D0
[    4.897337] ehci_hcd 0000:00:1d.7: PCI INT D -> GSI 19 (level, low) -> IRQ 19
[    4.897437] ehci_hcd 0000:00:1d.7: setting latency timer to 64
[    4.897442] ehci_hcd 0000:00:1d.7: EHCI Host Controller
[    4.897567] ehci_hcd 0000:00:1d.7: new USB bus registered, assigned bus number 2
[    4.897727] ehci_hcd 0000:00:1d.7: debug port 1
[    4.901685] ehci_hcd 0000:00:1d.7: cache line size of 32 is not supported
[    4.901692] ehci_hcd 0000:00:1d.7: irq 19, io mem 0xfe227000
[    4.911897] ehci_hcd 0000:00:1d.7: USB 2.0 started, EHCI 1.00
[    4.912002] usb usb2: New USB device found, idVendor=1d6b, idProduct=0002
[    4.912089] usb usb2: New USB device strings: Mfr=3, Product=2, SerialNumber=1
[    4.912201] usb usb2: Product: EHCI Host Controller
[    4.912288] usb usb2: Manufacturer: Linux 2.6.32.57 ehci_hcd
[    4.912378] usb usb2: SerialNumber: 0000:00:1d.7
[    4.912512] usb usb2: configuration #1 chosen from 1 choice
[    4.912620] hub 2-0:1.0: USB hub found
[    4.912701] hub 2-0:1.0: 6 ports detected
[    4.912881] 116x: driver isp116x-hcd, 03 Nov 2005
[    4.912981] ohci_hcd: USB 1.1 'Open' Host Controller (OHCI) Driver
[    4.913085] uhci_hcd: USB Universal Host Controller Interface driver
[    4.913185] uhci_hcd 0000:00:1a.0: PCI INT A -> GSI 20 (level, low) -> IRQ 20
[    4.913275] uhci_hcd 0000:00:1a.0: setting latency timer to 64
[    4.913280] uhci_hcd 0000:00:1a.0: UHCI Host Controller
[    4.913398] uhci_hcd 0000:00:1a.0: new USB bus registered, assigned bus number 3
[    4.913548] uhci_hcd 0000:00:1a.0: irq 20, io base 0x00001860
[    4.913664] usb usb3: New USB device found, idVendor=1d6b, idProduct=0001
[    4.913765] usb usb3: New USB device strings: Mfr=3, Product=2, SerialNumber=1
[    4.913883] usb usb3: Product: UHCI Host Controller
[    4.913977] usb usb3: Manufacturer: Linux 2.6.32.57 uhci_hcd
[    4.914064] usb usb3: SerialNumber: 0000:00:1a.0
[    4.914197] usb usb3: configuration #1 chosen from 1 choice
[    4.914305] hub 3-0:1.0: USB hub found
[    4.914391] hub 3-0:1.0: 2 ports detected
[    4.914699] uhci_hcd 0000:00:1a.1: power state changed by ACPI to D0
[    4.914947] uhci_hcd 0000:00:1a.1: power state changed by ACPI to D0
[    4.915033] uhci_hcd 0000:00:1a.1: PCI INT B -> GSI 21 (level, low) -> IRQ 21
[    4.915128] uhci_hcd 0000:00:1a.1: setting latency timer to 64
[    4.915133] uhci_hcd 0000:00:1a.1: UHCI Host Controller
[    4.915260] uhci_hcd 0000:00:1a.1: new USB bus registered, assigned bus number 4
[    4.915405] uhci_hcd 0000:00:1a.1: irq 21, io base 0x00001880
[    4.915515] usb usb4: New USB device found, idVendor=1d6b, idProduct=0001
[    4.915597] usb usb4: New USB device strings: Mfr=3, Product=2, SerialNumber=1
[    4.915715] usb usb4: Product: UHCI Host Controller
[    4.915795] usb usb4: Manufacturer: Linux 2.6.32.57 uhci_hcd
[    4.915877] usb usb4: SerialNumber: 0000:00:1a.1
[    4.916012] usb usb4: configuration #1 chosen from 1 choice
[    4.916121] hub 4-0:1.0: USB hub found
[    4.916211] hub 4-0:1.0: 2 ports detected
[    4.916516] uhci_hcd 0000:00:1d.0: power state changed by ACPI to D0
[    4.916757] uhci_hcd 0000:00:1d.0: power state changed by ACPI to D0
[    4.916843] uhci_hcd 0000:00:1d.0: PCI INT A -> GSI 16 (level, low) -> IRQ 16
[    4.916943] uhci_hcd 0000:00:1d.0: setting latency timer to 64
[    4.916948] uhci_hcd 0000:00:1d.0: UHCI Host Controller
[    4.917073] uhci_hcd 0000:00:1d.0: new USB bus registered, assigned bus number 5
[    4.917222] uhci_hcd 0000:00:1d.0: irq 16, io base 0x000018a0
[    4.917334] usb usb5: New USB device found, idVendor=1d6b, idProduct=0001
[    4.917424] usb usb5: New USB device strings: Mfr=3, Product=2, SerialNumber=1
[    4.917535] usb usb5: Product: UHCI Host Controller
[    4.917623] usb usb5: Manufacturer: Linux 2.6.32.57 uhci_hcd
[    4.917704] usb usb5: SerialNumber: 0000:00:1d.0
[    4.917833] usb usb5: configuration #1 chosen from 1 choice
[    4.917954] hub 5-0:1.0: USB hub found
[    4.918035] hub 5-0:1.0: 2 ports detected
[    4.918167] uhci_hcd 0000:00:1d.1: PCI INT B -> GSI 17 (level, low) -> IRQ 17
[    4.918255] uhci_hcd 0000:00:1d.1: setting latency timer to 64
[    4.918260] uhci_hcd 0000:00:1d.1: UHCI Host Controller
[    4.918379] uhci_hcd 0000:00:1d.1: new USB bus registered, assigned bus number 6
[    4.918516] uhci_hcd 0000:00:1d.1: irq 17, io base 0x000018c0
[    4.918634] usb usb6: New USB device found, idVendor=1d6b, idProduct=0001
[    4.918716] usb usb6: New USB device strings: Mfr=3, Product=2, SerialNumber=1
[    4.918830] usb usb6: Product: UHCI Host Controller
[    4.918917] usb usb6: Manufacturer: Linux 2.6.32.57 uhci_hcd
[    4.919001] usb usb6: SerialNumber: 0000:00:1d.1
[    4.919125] usb usb6: configuration #1 chosen from 1 choice
[    4.919240] hub 6-0:1.0: USB hub found
[    4.919323] hub 6-0:1.0: 2 ports detected
[    4.919674] uhci_hcd 0000:00:1d.2: power state changed by ACPI to D0
[    4.919930] uhci_hcd 0000:00:1d.2: power state changed by ACPI to D0
[    4.920029] uhci_hcd 0000:00:1d.2: PCI INT C -> GSI 18 (level, low) -> IRQ 18
[    4.920129] uhci_hcd 0000:00:1d.2: setting latency timer to 64
[    4.920134] uhci_hcd 0000:00:1d.2: UHCI Host Controller
[    4.920276] uhci_hcd 0000:00:1d.2: new USB bus registered, assigned bus number 7
[    4.920420] uhci_hcd 0000:00:1d.2: irq 18, io base 0x000018e0
[    4.920536] usb usb7: New USB device found, idVendor=1d6b, idProduct=0001
[    4.920629] usb usb7: New USB device strings: Mfr=3, Product=2, SerialNumber=1
[    4.920747] usb usb7: Product: UHCI Host Controller
[    4.920829] usb usb7: Manufacturer: Linux 2.6.32.57 uhci_hcd
[    4.920919] usb usb7: SerialNumber: 0000:00:1d.2
[    4.921707] usb usb7: configuration #1 chosen from 1 choice
[    4.921821] hub 7-0:1.0: USB hub found
[    4.921907] hub 7-0:1.0: 2 ports detected
[    4.922059] sl811: driver sl811-hcd, 19 May 2005
[    4.922155] r8a66597_hcd: driver r8a66597_hcd, 2009-05-26
[    4.922313] Initializing USB Mass Storage driver...
[    4.922429] usbcore: registered new interface driver usb-storage
[    4.922515] USB Mass Storage support registered.
[    4.922614] usbcore: registered new interface driver ums-alauda
[    4.922717] usbcore: registered new interface driver ums-cypress
[    4.922816] usbcore: registered new interface driver ums-datafab
[    4.922922] usbcore: registered new interface driver ums-freecom
[    4.923021] usbcore: registered new interface driver ums-isd200
[    4.923128] usbcore: registered new interface driver ums-jumpshot
[    4.923228] usbcore: registered new interface driver ums-karma
[    4.923338] usbcore: registered new interface driver ums-onetouch
[    4.923442] usbcore: registered new interface driver ums-sddr09
[    4.923541] usbcore: registered new interface driver ums-sddr55
[    4.923640] usbcore: registered new interface driver ums-usbat
[    4.923786] PNP: PS/2 Controller [PNP0303:KBD,PNP0f13:MOU] at 0x60,0x64 irq 1,12
[    4.932168] serio: i8042 KBD port at 0x60,0x64 irq 1
[    4.932258] serio: i8042 AUX port at 0x60,0x64 irq 12
[    4.932498] mice: PS/2 mouse device common for all mice
[    4.932604] i2c /dev entries driver
[    4.932733] md: linear personality registered for level -1
[    4.932817] md: raid0 personality registered for level 0
[    4.932905] md: raid1 personality registered for level 1
[    4.932997] md: raid10 personality registered for level 10
[    4.933090] md: raid6 personality registered for level 6
[    4.933177] md: raid5 personality registered for level 5
[    4.933257] md: raid4 personality registered for level 4
[    4.933342] md: multipath personality registered for level -4
[    4.933540] device-mapper: ioctl: 4.15.0-ioctl (2009-04-01) initialised: dm-devel@redhat.com
[    4.933729] cpuidle: using governor ladder
[    4.934338] usbcore: registered new interface driver usbhid
[    4.934435] usbhid: v2.6:USB HID core driver
[    4.934576] random 0014 0000 0000 00000000 00000000: rand_read_num 4 get_random_bytes(136): sig 00000000 00000000 00000000
[    4.934579] random 0014 0000 0000 00000000 00000000: extract_entropy(.. 136 ..)
[    4.934582] random 0014 0000 0000 00000000 00000000: going to reseed nonblocking with 1024 bits (1088 of 0 requested)
[    4.934584] random 0014 0000 0000 00000000 00000000: extract_entropy(.. 128 ..)
[    4.934586] random 0014 0000 0000 00000000 00000000: trying to extract 1024 bits from input
[    4.934588] random 0014 0000 0000 00000000 00000000: debiting 0 entropy credits from input
[    4.934590] random 0014 0000 0000 00000000 00000000: extract_entropy account returned: 0 
[    4.934593] random 0014 0000 0000 00000000 00000000: urand_change_num 7 xfer_secondary_pool(136): pool_sig 00000000, data_sig 00000000, bytes_mixed 0 00000000 00000000
[    4.934597] random 0014 0000 0000 00000000 00000000: trying to extract 1088 bits from nonblocking
[    4.934599] random 0014 0000 0000 00000000 00000000: debiting 1088 entropy credits from nonblocking (unlimited)
[    4.934601] random 0014 0000 0000 00000000 00000000: extract_entropy account returned: 136 
[    4.934606] random 0014 0000 0000 00000000 00000000: urand_change_num 8 extract_buf: pool_sig 00000000, data_sig fffffff9, bytes_mixed 20 00000000 00000000
[    4.934611] random 0014 0000 0000 b7c35b56 be4dc95d: urand_change_num 9 extract_buf: pool_sig fffffd1e, data_sig 000000c5, bytes_mixed 20 b7c35b56 be4dc95d
[    4.934616] random 0014 0000 0000 ed9f5c47 c48487fb: urand_change_num 10 extract_buf: pool_sig fffff8ec, data_sig ffffff68, bytes_mixed 20 ed9f5c47 c48487fb
[    4.934622] random 0014 0000 0000 ed9f5c47 c48487fb: urand_change_num 11 extract_buf: pool_sig fffffaed, data_sig 000001aa, bytes_mixed 20 ed9f5c47 c48487fb
[    4.934627] random 0014 0000 0000 1b4f7c0a 91bd6a48: urand_change_num 12 extract_buf: pool_sig fffffdd8, data_sig 00000064, bytes_mixed 20 1b4f7c0a 91bd6a48
[    4.934632] random 0014 0000 0000 a254b9bc 20e9a24f: urand_change_num 13 extract_buf: pool_sig fffffbe6, data_sig 000001dd, bytes_mixed 20 a254b9bc 20e9a24f
[    4.934637] random 0014 0000 0000 a254b9bc 20e9a24f: urand_change_num 14 extract_buf: pool_sig fffff940, data_sig fffffe20, bytes_mixed 20 a254b9bc 20e9a24f
[    4.934643] random 0014 0000 0000 2831a66b 5fa2a3ad: urand_change_num 15 extract_buf: pool_sig fffffbce, data_sig 0000007e, bytes_mixed 20 2831a66b 5fa2a3ad
[    4.934648] random 0014 0000 0000 2831a66b 5fa2a3ad: urand_change_num 16 extract_buf: pool_sig 000004df, data_sig fffffe8f, bytes_mixed 20 2831a66b 5fa2a3ad
[    4.934653] random 0014 0000 0000 d4512bfd c9a54e0b: urand_change_num 17 extract_buf: pool_sig 00000485, data_sig fffffe68, bytes_mixed 20 d4512bfd c9a54e0b
[    4.934658] random 0014 0000 0000 c7371be6 f9ffea11: urand_change_num 18 extract_buf: pool_sig 00000095, data_sig ffffffed, bytes_mixed 20 c7371be6 f9ffea11
[    4.934663] random 0014 0000 0000 c7371be6 f9ffea11: urand_change_num 19 extract_buf: pool_sig 000003a7, data_sig fffffefa, bytes_mixed 20 c7371be6 f9ffea11
[    4.934669] random 0014 0000 0000 8fb4b62c d1ddba54: urand_change_num 20 extract_buf: pool_sig 00000179, data_sig ffffff78, bytes_mixed 20 8fb4b62c d1ddba54
[    4.934674] random 0014 0000 0000 9ff19f9c c07a1d2a: urand_change_num 21 extract_buf: pool_sig fffffe88, data_sig 00000126, bytes_mixed 20 9ff19f9c c07a1d2a
[    4.934678] TCP cubic registered
[    4.934759] Initializing XFRM netlink socket
[    4.934850] NET: Registered protocol family 17
[    4.934959] Using IPI Shortcut mode
[    4.935039] random 0014 0000 0000 9ff19f9c c07a1d2a: rand_read_num 5 get_random_bytes(8): sig 0000031b 9ff19f9c c07a1d2a
[    4.935041] random 0014 0000 0000 9ff19f9c c07a1d2a: extract_entropy(.. 8 ..)
[    4.935043] random 0014 0000 0000 9ff19f9c c07a1d2a: going to reseed nonblocking with 64 bits (64 of 0 requested)
[    4.935046] random 0014 0000 0000 9ff19f9c c07a1d2a: extract_entropy(.. 8 ..)
[    4.935048] random 0014 0000 0000 9ff19f9c c07a1d2a: trying to extract 64 bits from input
[    4.935050] random 0014 0000 0000 9ff19f9c c07a1d2a: debiting 0 entropy credits from input
[    4.935052] random 0014 0000 0000 9ff19f9c c07a1d2a: extract_entropy account returned: 0 
[    4.935055] random 0014 0000 0000 9ff19f9c c07a1d2a: urand_change_num 22 xfer_secondary_pool(8): pool_sig 0000031b, data_sig 00000000, bytes_mixed 0 9ff19f9c c07a1d2a
[    4.935058] random 0014 0000 0000 9ff19f9c c07a1d2a: trying to extract 64 bits from nonblocking
[    4.935060] random 0014 0000 0000 9ff19f9c c07a1d2a: debiting 64 entropy credits from nonblocking (unlimited)
[    4.935062] random 0014 0000 0000 9ff19f9c c07a1d2a: extract_entropy account returned: 8 
[    4.935066] random 0014 0000 0000 9ff19f9c c07a1d2a: urand_change_num 23 extract_buf: pool_sig 0000031b, data_sig ffffffb3, bytes_mixed 20 9ff19f9c c07a1d2a
[    4.937158] input: AT Translated Set 2 keyboard as /devices/platform/i8042/serio0/input/input1
[    5.126912] ata1: SATA link up 1.5 Gbps (SStatus 113 SControl 300)
[    5.127012] ata3: SATA link down (SStatus 0 SControl 300)
[    5.128609] ata1.00: ACPI cmd ef/02:00:00:00:00:a0 (SET FEATURES) succeeded
[    5.128612] ata1.00: ACPI cmd f5/00:00:00:00:00:a0 (SECURITY FREEZE LOCK) filtered out
[    5.130001] ata1.00: ACPI cmd ef/5f:00:00:00:00:a0 (SET FEATURES) succeeded
[    5.130003] ata1.00: ACPI cmd ef/10:03:00:00:00:a0 (SET FEATURES) filtered out
[    5.131916] ata1.00: ATA-7: ST910021AS, 4.06, max UDMA/100
[    5.132004] ata1.00: 195371568 sectors, multi 16: LBA48 
[    5.134154] ata1.00: ACPI cmd ef/02:00:00:00:00:a0 (SET FEATURES) succeeded
[    5.134157] ata1.00: ACPI cmd f5/00:00:00:00:00:a0 (SECURITY FREEZE LOCK) filtered out
[    5.135547] ata1.00: ACPI cmd ef/5f:00:00:00:00:a0 (SET FEATURES) succeeded
[    5.135549] ata1.00: ACPI cmd ef/10:03:00:00:00:a0 (SET FEATURES) filtered out
[    5.137476] ata1.00: configured for UDMA/100
[    5.147962] scsi 2:0:0:0: Direct-Access     ATA      ST910021AS       4.06 PQ: 0 ANSI: 5
[    5.148243] sd 2:0:0:0: [sda] 195371568 512-byte logical blocks: (100 GB/93.1 GiB)
[    5.148378] sd 2:0:0:0: [sda] Write Protect is off
[    5.148462] sd 2:0:0:0: [sda] Mode Sense: 00 3a 00 00
[    5.148474] sd 2:0:0:0: [sda] Write cache: enabled, read cache: enabled, doesn't support DPO or FUA
[    5.148654]  sda:
[    5.214901] usb 2-1: new high speed USB device using ehci_hcd and address 2
[    5.364213] usb 2-1: New USB device found, idVendor=0e8d, idProduct=1806
[    5.364305] usb 2-1: New USB device strings: Mfr=1, Product=2, SerialNumber=3
[    5.364393] usb 2-1: Product: MT1806 
[    5.364475] usb 2-1: Manufacturer: MediaTek Inc
[    5.364561] usb 2-1: SerialNumber: R8KN6GAC800AEB 
[    5.364694] usb 2-1: configuration #1 chosen from 1 choice
[    5.371132] scsi5 : SCSI emulation for USB Mass Storage devices
[    5.371305] usb-storage: device found at 2
[    5.371306] usb-storage: waiting for device to settle before scanning
[    5.572348] random 0014 0000 0000 277f73c3 42024bb9: add_disk_randomness(8:0) 277f73c3 42024bb9
[    5.572352] random 0014 0000 0000 277f73c3 42024bb9: add_timer_randomness(.. 8388864) with jiffies: 13769227734326411660, cycles: -4677516343677812725
[    5.572355] random 0014 0000 0000 277f73c3 42024bb9: added 11 entropy credits to input
[    5.572360]  sda1 sda2
[    5.572920] random 0025 0000 0000 277f73c3 42024bb9: add_disk_randomness(8:0) 277f73c3 42024bb9
[    5.572923] random 0025 0000 0000 277f73c3 42024bb9: add_timer_randomness(.. 8388864) with jiffies: 13774359971137028493, cycles: -4672384106867195893
[    5.573078] sd 2:0:0:0: [sda] Attached SCSI disk
[    5.573165] random 0025 0000 0000 277f73c3 42024bb9: rand_read_num 6 get_random_bytes(12): sig 000007e9 277f73c3 42024bb9
[    5.573168] random 0025 0000 0000 277f73c3 42024bb9: extract_entropy(.. 12 ..)
[    5.573170] random 0025 0000 0000 277f73c3 42024bb9: going to reseed nonblocking with 96 bits (96 of 0 requested)
[    5.573173] random 0025 0000 0000 277f73c3 42024bb9: extract_entropy(.. 12 ..)
[    5.573175] random 0025 0000 0000 277f73c3 42024bb9: trying to extract 96 bits from input
[    5.573177] random 0025 0000 0000 277f73c3 42024bb9: debiting 0 entropy credits from input
[    5.573179] random 0025 0000 0000 277f73c3 42024bb9: extract_entropy account returned: 0 
[    5.573182] random 0025 0000 0000 277f73c3 42024bb9: urand_change_num 24 xfer_secondary_pool(12): pool_sig 000007e9, data_sig 00000000, bytes_mixed 0 277f73c3 42024bb9
[    5.573185] random 0025 0000 0000 277f73c3 42024bb9: trying to extract 96 bits from nonblocking
[    5.573188] random 0025 0000 0000 277f73c3 42024bb9: debiting 96 entropy credits from nonblocking (unlimited)
[    5.573190] random 0025 0000 0000 277f73c3 42024bb9: extract_entropy account returned: 12 
[    5.573194] random 0025 0000 0000 277f73c3 42024bb9: urand_change_num 25 extract_buf: pool_sig 000007e9, data_sig 00000088, bytes_mixed 20 277f73c3 42024bb9
[    5.573199] random 0025 0000 0000 277f73c3 42024bb9: urand_change_num 26 extract_buf: pool_sig 00000498, data_sig fffffefb, bytes_mixed 20 277f73c3 42024bb9
[    5.573202] RANDOM - __seed init called.
[    5.573203] RANDOM - __seed init called.
[    5.573204] RANDOM - __seed init called.
[    5.573206] RANDOM - __random32 called. Change num 12.  Value: 87f14767	f0d7351	b1e48bd3
[    5.573208] RANDOM - random32_reseed called.  Value: 87f14767	f0d7351	b1e48bd3
[    5.573210] Pid: 1, comm: swapper Not tainted 2.6.32.57 #6
[    5.573291] Call Trace:
[    5.573382]  [<c1923ca4>] ? random32_reseed+0xa0/0xb1
[    5.573474]  [<c1923c04>] ? random32_reseed+0x0/0xb1
[    5.573559]  [<c100111e>] ? do_one_initcall+0x2e/0x180
[    5.573647]  [<c1907265>] ? kernel_init+0xad/0x103
[    5.573730]  [<c19071b8>] ? kernel_init+0x0/0x103
[    5.573815]  [<c1003787>] ? kernel_thread_helper+0x7/0x10
[    5.574344] random 0025 0000 0000 386b4e60 ee4d4880: rand_read_num 7 get_random_bytes(64): sig fffffea5 386b4e60 ee4d4880
[    5.574347] random 0025 0000 0000 386b4e60 ee4d4880: extract_entropy(.. 64 ..)
[    5.574349] random 0025 0000 0000 386b4e60 ee4d4880: going to reseed nonblocking with 512 bits (512 of 0 requested)
[    5.574351] random 0025 0000 0000 386b4e60 ee4d4880: extract_entropy(.. 64 ..)
[    5.574354] random 0025 0000 0000 386b4e60 ee4d4880: trying to extract 512 bits from input
[    5.574356] random 0025 0000 0000 386b4e60 ee4d4880: debiting 0 entropy credits from input
[    5.574358] random 0025 0000 0000 386b4e60 ee4d4880: extract_entropy account returned: 0 
[    5.574361] random 0025 0000 0000 386b4e60 ee4d4880: urand_change_num 27 xfer_secondary_pool(64): pool_sig fffffea5, data_sig 00000000, bytes_mixed 0 386b4e60 ee4d4880
[    5.574364] random 0025 0000 0000 386b4e60 ee4d4880: trying to extract 512 bits from nonblocking
[    5.574366] random 0025 0000 0000 386b4e60 ee4d4880: debiting 512 entropy credits from nonblocking (unlimited)
[    5.574369] random 0025 0000 0000 386b4e60 ee4d4880: extract_entropy account returned: 64 
[    5.574373] random 0025 0000 0000 386b4e60 ee4d4880: urand_change_num 28 extract_buf: pool_sig fffffea5, data_sig 00000173, bytes_mixed 20 386b4e60 ee4d4880
[    5.574378] random 0025 0000 0000 412698f6 0cc8689a: urand_change_num 29 extract_buf: pool_sig 00000122, data_sig ffffff63, bytes_mixed 20 412698f6 0cc8689a
[    5.574384] random 0025 0000 0000 412698f6 0cc8689a: urand_change_num 30 extract_buf: pool_sig 000001f7, data_sig 00000012, bytes_mixed 20 412698f6 0cc8689a
[    5.574389] random 0025 0000 0000 9669941e 06f768b1: urand_change_num 31 extract_buf: pool_sig fffffb5b, data_sig 0000003f, bytes_mixed 20 9669941e 06f768b1
[    5.574394] random 0025 0000 0000 98486520 995551f0: urand_change_num 32 extract_buf: pool_sig fffffb39, data_sig 0000000e, bytes_mixed 20 98486520 995551f0
[    5.574399] random 0025 0000 0000 98486520 995551f0: urand_change_num 33 extract_buf: pool_sig fffffd8d, data_sig 000001a6, bytes_mixed 20 98486520 995551f0
[    5.574405] random 0025 0000 0000 61fc8914 d5882ed2: urand_change_num 34 extract_buf: pool_sig fffffa58, data_sig 0000023e, bytes_mixed 20 61fc8914 d5882ed2
[    5.574434] random 0025 0000 0000 61fc8914 d5882ed2: rand_read_num 8 get_random_bytes(64): sig fffff9ee 61fc8914 d5882ed2
[    5.574436] random 0025 0000 0000 61fc8914 d5882ed2: extract_entropy(.. 64 ..)
[    5.574438] random 0025 0000 0000 61fc8914 d5882ed2: going to reseed nonblocking with 512 bits (512 of 0 requested)
[    5.574441] random 0025 0000 0000 61fc8914 d5882ed2: extract_entropy(.. 64 ..)
[    5.574443] random 0025 0000 0000 61fc8914 d5882ed2: trying to extract 512 bits from input
[    5.574445] random 0025 0000 0000 61fc8914 d5882ed2: debiting 0 entropy credits from input
[    5.574447] random 0025 0000 0000 61fc8914 d5882ed2: extract_entropy account returned: 0 
[    5.574450] random 0025 0000 0000 61fc8914 d5882ed2: urand_change_num 35 xfer_secondary_pool(64): pool_sig fffff9ee, data_sig 00000000, bytes_mixed 0 61fc8914 d5882ed2
[    5.574453] random 0025 0000 0000 61fc8914 d5882ed2: trying to extract 512 bits from nonblocking
[    5.574455] random 0025 0000 0000 61fc8914 d5882ed2: debiting 512 entropy credits from nonblocking (unlimited)
[    5.574457] random 0025 0000 0000 61fc8914 d5882ed2: extract_entropy account returned: 64 
[    5.574462] random 0025 0000 0000 61fc8914 d5882ed2: urand_change_num 36 extract_buf: pool_sig fffff9ee, data_sig ffffff85, bytes_mixed 20 61fc8914 d5882ed2
[    5.574467] random 0025 0000 0000 70cfd302 e5edec11: urand_change_num 37 extract_buf: pool_sig fffffdc1, data_sig ffffffde, bytes_mixed 20 70cfd302 e5edec11
[    5.574472] random 0025 0000 0000 00dab838 eafd2b30: urand_change_num 38 extract_buf: pool_sig 000003da, data_sig ffffff61, bytes_mixed 20 00dab838 eafd2b30
[    5.574477] random 0025 0000 0000 00dab838 eafd2b30: urand_change_num 39 extract_buf: pool_sig 00000314, data_sig 00000121, bytes_mixed 20 00dab838 eafd2b30
[    5.574483] random 0025 0000 0000 5fcdf66a 6442b608: urand_change_num 40 extract_buf: pool_sig 0000028b, data_sig fffffefd, bytes_mixed 20 5fcdf66a 6442b608
[    5.574488] random 0025 0000 0000 61333f6b 8fae0f9b: urand_change_num 41 extract_buf: pool_sig 000000cb, data_sig 000000b3, bytes_mixed 20 61333f6b 8fae0f9b
[    5.574493] random 0025 0000 0000 61333f6b 8fae0f9b: urand_change_num 42 extract_buf: pool_sig fffffef8, data_sig 00000051, bytes_mixed 20 61333f6b 8fae0f9b
[    5.574496] BEGIN NET_SECRET:
[    5.574497] \xffffffe0
[    5.574498] \xffffffb6
[    5.574499] \x36
[    5.574499] \xffffffb5
[    5.574500] \xffffff94
[    5.574501] \xffffffb2
[    5.574502] \xffffffa8
[    5.574503] \xffffffda
[    5.574504] \x5b
[    5.574504] \x19
[    5.574505] \x18
[    5.574506] \x5c
[    5.574507] \x2b
[    5.574507] \x1
[    5.574508] \xffffff90
[    5.574509] \x19
[    5.574510] \x3c
[    5.574510] \xfffffff2
[    5.574511] \xffffff82
[    5.574512] \x2a
[    5.574513] \xffffffb3
[    5.574514] \xffffffa2
[    5.574514] \x3f
[    5.574515] \x5
[    5.574516] \x52
[    5.574517] \x77
[    5.574517] \x57
[    5.574518] \x79
[    5.574519] \x16
[    5.574519] \x43
[    5.574520] \xffffff84
[    5.574521] \xffffffc3
[    5.574522] \xffffffe9
[    5.574523] \x79
[    5.574523] \x50
[    5.574524] \xffffff8e
[    5.574525] \x3f
[    5.574526] \xfffffff3
[    5.574527] \x19
[    5.574527] \x2a
[    5.574528] \xfffffffd
[    5.574529] \xfffffffb
[    5.574530] \x62
[    5.574531] \x3c
[    5.574532] \xffffffac
[    5.574532] \x1c
[    5.574533] \x3b
[    5.574534] \x3b
[    5.574534] \x15
[    5.574535] \x27
[    5.574536] \xffffffa8
[    5.574537] \x22
[    5.574537] \xffffffc5
[    5.574538] \xffffff9a
[    5.574539] \x5
[    5.574540] \x6c
[    5.574541] \xffffffa8
[    5.574541] \x3a
[    5.574542] \x44
[    5.574543] \xffffffaf
[    5.574544] \x13
[    5.574544] \xffffffe0
[    5.574545] \xffffff9d
[    5.574546] \x22
[    5.574547] 
[    5.574547] END NET_SECRET
[    5.574550] random 0025 0000 0000 e7f555d9 e8ce5c3c: rand_read_num 9 get_random_bytes(4): sig 0000068c e7f555d9 e8ce5c3c
[    5.574552] random 0025 0000 0000 e7f555d9 e8ce5c3c: extract_entropy(.. 4 ..)
[    5.574555] random 0025 0000 0000 e7f555d9 e8ce5c3c: going to reseed nonblocking with 64 bits (32 of 0 requested)
[    5.574557] random 0025 0000 0000 e7f555d9 e8ce5c3c: extract_entropy(.. 8 ..)
[    5.574559] random 0025 0000 0000 e7f555d9 e8ce5c3c: trying to extract 64 bits from input
[    5.574561] random 0025 0000 0000 e7f555d9 e8ce5c3c: debiting 0 entropy credits from input
[    5.574563] random 0025 0000 0000 e7f555d9 e8ce5c3c: extract_entropy account returned: 0 
[    5.574566] random 0025 0000 0000 e7f555d9 e8ce5c3c: urand_change_num 43 xfer_secondary_pool(4): pool_sig 0000068c, data_sig 00000000, bytes_mixed 0 e7f555d9 e8ce5c3c
[    5.574569] random 0025 0000 0000 e7f555d9 e8ce5c3c: trying to extract 32 bits from nonblocking
[    5.574572] random 0025 0000 0000 e7f555d9 e8ce5c3c: debiting 32 entropy credits from nonblocking (unlimited)
[    5.574574] random 0025 0000 0000 e7f555d9 e8ce5c3c: extract_entropy account returned: 4 
[    5.574578] random 0025 0000 0000 e7f555d9 e8ce5c3c: urand_change_num 44 extract_buf: pool_sig 0000068c, data_sig fffffdcb, bytes_mixed 20 e7f555d9 e8ce5c3c
[    5.574589] md: Waiting for all devices to be available before autodetect
[    5.574682] md: If you don't use raid, use raid=noautodetect
[    5.574840] md: Autodetecting RAID arrays.
[    5.574930] md: Scanned 0 and added 0 devices.
[    5.575012] md: autorun ...
[    5.575093] md: ... autorun DONE.
[    5.588554] random 0025 0000 0000 e7f555d9 e8ce5c3c: add_disk_randomness(8:0) e7f555d9 e8ce5c3c
[    5.588558] random 0025 0000 0000 e7f555d9 e8ce5c3c: add_timer_randomness(.. 8388864) with jiffies: 13915023414256173468, cycles: -4531720663748050933
[    5.588560] random 0025 0000 0000 e7f555d9 e8ce5c3c: added 3 entropy credits to input
[    5.589678] random 0028 0000 0000 e7f555d9 e8ce5c3c: add_disk_randomness(8:0) e7f555d9 e8ce5c3c
[    5.589681] random 0028 0000 0000 e7f555d9 e8ce5c3c: add_timer_randomness(.. 8388864) with jiffies: 13925133114435928477, cycles: -4521610963568295925
[    5.589798] random 0028 0000 0000 e7f555d9 e8ce5c3c: add_disk_randomness(8:0) e7f555d9 e8ce5c3c
[    5.589801] random 0028 0000 0000 e7f555d9 e8ce5c3c: add_timer_randomness(.. 8388864) with jiffies: 13926213238581330333, cycles: -4520530839422894069
[    5.589806] EXT3-fs: sda2: couldn't mount because of unsupported optional features (240).
[    5.590033] random 0028 0000 0000 e7f555d9 e8ce5c3c: add_disk_randomness(8:0) e7f555d9 e8ce5c3c
[    5.590036] random 0028 0000 0000 e7f555d9 e8ce5c3c: add_timer_randomness(.. 8388864) with jiffies: 13928312962192998814, cycles: -4518431115811225589
[    5.590040] EXT2-fs: sda2: couldn't mount because of unsupported optional features (240).
[    5.590256] random 0028 0000 0000 e7f555d9 e8ce5c3c: add_disk_randomness(8:0) e7f555d9 e8ce5c3c
[    5.590259] random 0028 0000 0000 e7f555d9 e8ce5c3c: add_timer_randomness(.. 8388864) with jiffies: 13930321632497992094, cycles: -4516422445506232309
[    5.590389] random 0028 0000 0000 e7f555d9 e8ce5c3c: add_disk_randomness(8:0) e7f555d9 e8ce5c3c
[    5.590392] random 0028 0000 0000 e7f555d9 e8ce5c3c: add_timer_randomness(.. 8388864) with jiffies: 13931526405184258462, cycles: -4515217672819965941
[    5.590551] random 0028 0000 0000 e7f555d9 e8ce5c3c: add_disk_randomness(8:0) e7f555d9 e8ce5c3c
[    5.590554] random 0028 0000 0000 e7f555d9 e8ce5c3c: add_timer_randomness(.. 8388864) with jiffies: 13932985521538826654, cycles: -4513758556465397749
[    5.590673] random 0028 0000 0000 e7f555d9 e8ce5c3c: add_disk_randomness(8:0) e7f555d9 e8ce5c3c
[    5.590676] random 0028 0000 0000 e7f555d9 e8ce5c3c: add_timer_randomness(.. 8388864) with jiffies: 13934084088273797534, cycles: -4512659989730426869
[    5.590789] random 0028 0000 0000 e7f555d9 e8ce5c3c: add_disk_randomness(8:0) e7f555d9 e8ce5c3c
[    5.590792] random 0028 0000 0000 e7f555d9 e8ce5c3c: add_timer_randomness(.. 8388864) with jiffies: 13935128675859792286, cycles: -4511615402144432117
[    5.590908] random 0028 0000 0000 e7f555d9 e8ce5c3c: add_disk_randomness(8:0) e7f555d9 e8ce5c3c
[    5.590911] random 0028 0000 0000 e7f555d9 e8ce5c3c: add_timer_randomness(.. 8388864) with jiffies: 13936186427520549279, cycles: -4510557650483675125
[    5.591016] random 0028 0000 0000 e7f555d9 e8ce5c3c: add_disk_randomness(8:0) e7f555d9 e8ce5c3c
[    5.591019] random 0028 0000 0000 e7f555d9 e8ce5c3c: add_timer_randomness(.. 8388864) with jiffies: 13937159263382897055, cycles: -4509584814621327349
[    5.591170] random 0028 0000 0000 e7f555d9 e8ce5c3c: add_disk_randomness(8:0) e7f555d9 e8ce5c3c
[    5.591172] random 0028 0000 0000 e7f555d9 e8ce5c3c: add_timer_randomness(.. 8388864) with jiffies: 13938543385313509791, cycles: -4508200692690714613
[    5.591415] random 0028 0000 0000 e7f555d9 e8ce5c3c: rand_read_num 10 get_random_bytes(4): sig ffffff72 e7f555d9 e8ce5c3c
[    5.591417] random 0028 0000 0000 e7f555d9 e8ce5c3c: extract_entropy(.. 4 ..)
[    5.591420] random 0028 0000 0000 e7f555d9 e8ce5c3c: going to reseed nonblocking with 64 bits (32 of 0 requested)
[    5.591422] random 0028 0000 0000 e7f555d9 e8ce5c3c: extract_entropy(.. 8 ..)
[    5.591424] random 0028 0000 0000 e7f555d9 e8ce5c3c: trying to extract 64 bits from input
[    5.591426] random 0028 0000 0000 e7f555d9 e8ce5c3c: debiting 0 entropy credits from input
[    5.591428] random 0028 0000 0000 e7f555d9 e8ce5c3c: extract_entropy account returned: 0 
[    5.591431] random 0028 0000 0000 e7f555d9 e8ce5c3c: urand_change_num 45 xfer_secondary_pool(4): pool_sig ffffff72, data_sig 00000000, bytes_mixed 0 e7f555d9 e8ce5c3c
[    5.591434] random 0028 0000 0000 e7f555d9 e8ce5c3c: trying to extract 32 bits from nonblocking
[    5.591436] random 0028 0000 0000 e7f555d9 e8ce5c3c: debiting 32 entropy credits from nonblocking (unlimited)
[    5.591439] random 0028 0000 0000 e7f555d9 e8ce5c3c: extract_entropy account returned: 4 
[    5.591443] random 0028 0000 0000 e7f555d9 e8ce5c3c: urand_change_num 46 extract_buf: pool_sig ffffff72, data_sig ffffff72, bytes_mixed 20 e7f555d9 e8ce5c3c
[    5.603012] random 0028 0000 0000 91716c54 eeb6a1e7: add_disk_randomness(8:0) 91716c54 eeb6a1e7
[    5.603015] random 0028 0000 0000 91716c54 eeb6a1e7: add_timer_randomness(.. 8388864) with jiffies: 14045078339693805995, cycles: -4401665738310418421
[    5.603018] random 0028 0000 0000 91716c54 eeb6a1e7: added 3 entropy credits to input
[    5.621285] random 0031 0000 0000 91716c54 eeb6a1e7: add_disk_randomness(8:0) 91716c54 eeb6a1e7
[    5.621288] random 0031 0000 0000 91716c54 eeb6a1e7: add_timer_randomness(.. 8388864) with jiffies: 14209476188702474685, cycles: -4237267889301749749
[    5.621291] random 0031 0000 0000 91716c54 eeb6a1e7: added 2 entropy credits to input
[    5.625971] EXT4-fs (sda2): mounted filesystem with ordered data mode
[    5.626170] VFS: Mounted root (ext4 filesystem) readonly on device 8:2.
[    5.626267] Freeing unused kernel memory: 448k freed
[    5.646438] random 0033 0000 0000 91716c54 eeb6a1e7: add_disk_randomness(8:0) 91716c54 eeb6a1e7
[    5.646441] random 0033 0000 0000 91716c54 eeb6a1e7: add_timer_randomness(.. 8388864) with jiffies: 14435761681768088022, cycles: -4010982396236136437
[    5.647211] random 0033 0000 0000 91716c54 eeb6a1e7: add_disk_randomness(8:0) 91716c54 eeb6a1e7
[    5.647214] random 0033 0000 0000 91716c54 eeb6a1e7: add_timer_randomness(.. 8388864) with jiffies: 14442710925968114135, cycles: -4004033152036110325
[    5.651902] random 0033 0000 0000 91716c54 eeb6a1e7: add_disk_randomness(8:0) 91716c54 eeb6a1e7
[    5.651905] random 0033 0000 0000 91716c54 eeb6a1e7: add_timer_randomness(.. 8388864) with jiffies: 14484904727633691100, cycles: -3961839350370533365
[    5.651908] random 0033 0000 0000 91716c54 eeb6a1e7: added 2 entropy credits to input
[    5.660098] random 0035 0000 0000 91716c54 eeb6a1e7: add_disk_randomness(8:0) 91716c54 eeb6a1e7
[    5.660101] random 0035 0000 0000 91716c54 eeb6a1e7: add_timer_randomness(.. 8388864) with jiffies: 14558639437681230308, cycles: -3888104640322994165
[    5.663520] random 0035 0000 0000 91716c54 eeb6a1e7: add_disk_randomness(8:0) 91716c54 eeb6a1e7
[    5.663523] random 0035 0000 0000 91716c54 eeb6a1e7: add_timer_randomness(.. 8388864) with jiffies: 14589430242909848039, cycles: -3857313835094376437
[    5.663525] random 0035 0000 0000 91716c54 eeb6a1e7: added 1 entropy credits to input
[    5.672416] random 0036 0000 0000 91716c54 eeb6a1e7: add_disk_randomness(8:0) 91716c54 eeb6a1e7
[    5.672419] random 0036 0000 0000 91716c54 eeb6a1e7: add_timer_randomness(.. 8388864) with jiffies: 14669462182467174896, cycles: -3777281895537049589
[    5.672421] random 0036 0000 0000 91716c54 eeb6a1e7: added 2 entropy credits to input
[    5.685732] random 0038 0000 0000 91716c54 eeb6a1e7: add_disk_randomness(8:0) 91716c54 eeb6a1e7
[    5.685735] random 0038 0000 0000 91716c54 eeb6a1e7: add_timer_randomness(.. 8388864) with jiffies: 14789267829877867005, cycles: -3657476248126357493
[    5.685738] random 0038 0000 0000 91716c54 eeb6a1e7: added 1 entropy credits to input
[    5.693770] random 0039 0000 0000 91716c54 eeb6a1e7: add_disk_randomness(8:0) 91716c54 eeb6a1e7
[    5.693773] random 0039 0000 0000 91716c54 eeb6a1e7: add_timer_randomness(.. 8388864) with jiffies: 14861578457619071493, cycles: -3585165620385153013
[    5.693776] random 0039 0000 0000 91716c54 eeb6a1e7: added 2 entropy credits to input
[    5.693798] RANDOM get_random_int call with cycles 50704925072, jiffies 4294672901 and pid 1
[    5.693801] RANDOM get_random_int call with cycles 50704931981, jiffies 4294672901 and pid 1
[    5.693803] ASLR stack rand value: 3231744 after shift for pid: 1
[    5.693805] RANDOM get_random_int call with cycles 50704939782, jiffies 4294672901 and pid 1
[    5.705420] random 0041 0000 0000 91716c54 eeb6a1e7: add_disk_randomness(8:0) 91716c54 eeb6a1e7
[    5.705423] random 0041 0000 0000 91716c54 eeb6a1e7: add_timer_randomness(.. 8388864) with jiffies: 14966375998943887889, cycles: -3480368079060336629
[    5.705426] random 0041 0000 0000 91716c54 eeb6a1e7: added 2 entropy credits to input
[    5.705435] RANDOM get_random_int call with cycles 50729299457, jiffies 4294672913 and pid 1
[    5.705441] random 0043 0000 0000 91716c54 eeb6a1e7: rand_read_num 11 get_random_bytes(16): sig fffffcad 91716c54 eeb6a1e7
[    5.705444] random 0043 0000 0000 91716c54 eeb6a1e7: extract_entropy(.. 16 ..)
[    5.705446] random 0043 0000 0000 91716c54 eeb6a1e7: going to reseed nonblocking with 128 bits (128 of 0 requested)
[    5.705449] random 0043 0000 0000 91716c54 eeb6a1e7: extract_entropy(.. 16 ..)
[    5.705451] random 0043 0000 0000 91716c54 eeb6a1e7: trying to extract 128 bits from input
[    5.705453] random 0043 0000 0000 91716c54 eeb6a1e7: debiting 0 entropy credits from input
[    5.705455] random 0043 0000 0000 91716c54 eeb6a1e7: extract_entropy account returned: 0 
[    5.705458] random 0043 0000 0000 91716c54 eeb6a1e7: urand_change_num 47 xfer_secondary_pool(16): pool_sig fffffcad, data_sig 00000000, bytes_mixed 0 91716c54 eeb6a1e7
[    5.705461] random 0043 0000 0000 91716c54 eeb6a1e7: trying to extract 128 bits from nonblocking
[    5.705464] random 0043 0000 0000 91716c54 eeb6a1e7: debiting 128 entropy credits from nonblocking (unlimited)
[    5.705466] random 0043 0000 0000 91716c54 eeb6a1e7: extract_entropy account returned: 16 
[    5.705470] random 0043 0000 0000 91716c54 eeb6a1e7: urand_change_num 48 extract_buf: pool_sig fffffcad, data_sig ffffff19, bytes_mixed 20 91716c54 eeb6a1e7
[    5.705476] random 0043 0000 0000 fd637b06 6cf47bc1: urand_change_num 49 extract_buf: pool_sig fffffede, data_sig ffffffc1, bytes_mixed 20 fd637b06 6cf47bc1
[    5.706429] random 0043 0000 0000 fd637b06 6cf47bc1: add_disk_randomness(8:0) fd637b06 6cf47bc1
[    5.706432] random 0043 0000 0000 fd637b06 6cf47bc1: add_timer_randomness(.. 8388864) with jiffies: 14975455680066716178, cycles: -3471288397937508341
[    5.707570] random 0043 0000 0000 fd637b06 6cf47bc1: add_disk_randomness(8:0) fd637b06 6cf47bc1
[    5.707573] random 0043 0000 0000 fd637b06 6cf47bc1: add_timer_randomness(.. 8388864) with jiffies: 14985721145825395219, cycles: -3461022932178829301
[    5.708719] random 0043 0000 0000 fd637b06 6cf47bc1: add_disk_randomness(8:0) fd637b06 6cf47bc1
[    5.708722] random 0043 0000 0000 fd637b06 6cf47bc1: add_timer_randomness(.. 8388864) with jiffies: 14996061606008029716, cycles: -3450682471996194805
[    5.709607] random 0043 0000 0000 fd637b06 6cf47bc1: add_disk_randomness(8:0) fd637b06 6cf47bc1
[    5.709610] random 0043 0000 0000 fd637b06 6cf47bc1: add_timer_randomness(.. 8388864) with jiffies: 15004046645995995669, cycles: -3442697432008228853
[    5.709779] random 0043 0000 0000 fd637b06 6cf47bc1: add_disk_randomness(8:0) fd637b06 6cf47bc1
[    5.709782] random 0043 0000 0000 fd637b06 6cf47bc1: add_timer_randomness(.. 8388864) with jiffies: 15005595415497900565, cycles: -3441148662506323957
[    5.710005] random 0043 0000 0000 fd637b06 6cf47bc1: add_disk_randomness(8:0) fd637b06 6cf47bc1
[    5.710008] random 0043 0000 0000 fd637b06 6cf47bc1: add_timer_randomness(.. 8388864) with jiffies: 15007618430993662486, cycles: -3439125647010562037
[    5.720483] random 0043 0000 0000 fd637b06 6cf47bc1: add_disk_randomness(8:0) fd637b06 6cf47bc1
[    5.720486] random 0043 0000 0000 fd637b06 6cf47bc1: add_timer_randomness(.. 8388864) with jiffies: 15101885511372603936, cycles: -3344858566631620597
[    5.720488] random 0043 0000 0000 fd637b06 6cf47bc1: added 3 entropy credits to input
[    5.720922] random 0046 0000 0000 fd637b06 6cf47bc1: add_disk_randomness(8:0) fd637b06 6cf47bc1
[    5.720925] random 0046 0000 0000 fd637b06 6cf47bc1: add_timer_randomness(.. 8388864) with jiffies: 15105828806746407457, cycles: -3340915271257817077
[    5.730666] random 0046 0000 0000 fd637b06 6cf47bc1: add_disk_randomness(8:0) fd637b06 6cf47bc1
[    5.730669] random 0046 0000 0000 fd637b06 6cf47bc1: add_timer_randomness(.. 8388864) with jiffies: 15193499212495684138, cycles: -3253244865508540405
[    5.730671] random 0046 0000 0000 fd637b06 6cf47bc1: added 3 entropy credits to input
[    5.730724] RANDOM get_random_int call with cycles 50782270592, jiffies 4294672938 and pid 1
[    5.735274] random 0049 0000 0000 fd637b06 6cf47bc1: add_disk_randomness(8:0) fd637b06 6cf47bc1
[    5.735277] random 0049 0000 0000 fd637b06 6cf47bc1: add_timer_randomness(.. 8388864) with jiffies: 15234950895352119855, cycles: -3211793182652104693
[    5.735280] random 0049 0000 0000 fd637b06 6cf47bc1: added 2 entropy credits to input
[    5.748101] random 0051 0000 0000 fd637b06 6cf47bc1: add_disk_randomness(8:0) fd637b06 6cf47bc1
[    5.748104] random 0051 0000 0000 fd637b06 6cf47bc1: add_timer_randomness(.. 8388864) with jiffies: 15350345366536684092, cycles: -3096398711467540469
[    5.748107] random 0051 0000 0000 fd637b06 6cf47bc1: added 3 entropy credits to input
[    5.748240] random 0054 0000 0000 fd637b06 6cf47bc1: add_disk_randomness(8:0) fd637b06 6cf47bc1
[    5.748243] random 0054 0000 0000 fd637b06 6cf47bc1: add_timer_randomness(.. 8388864) with jiffies: 15351593608586953276, cycles: -3095150469417271285
[    5.750406] random 0054 0000 0000 fd637b06 6cf47bc1: add_disk_randomness(8:0) fd637b06 6cf47bc1
[    5.750409] random 0054 0000 0000 fd637b06 6cf47bc1: add_timer_randomness(.. 8388864) with jiffies: 15371087576085267006, cycles: -3075656501918957557
[    5.750412] random 0054 0000 0000 fd637b06 6cf47bc1: added 1 entropy credits to input
[    5.750655] random 0055 0000 0000 fd637b06 6cf47bc1: add_disk_randomness(8:0) fd637b06 6cf47bc1
[    5.750658] random 0055 0000 0000 fd637b06 6cf47bc1: add_timer_randomness(.. 8388864) with jiffies: 15373329763762143806, cycles: -3073414314242080757
[    5.750829] random 0055 0000 0000 fd637b06 6cf47bc1: add_disk_randomness(8:0) fd637b06 6cf47bc1
[    5.750832] random 0055 0000 0000 fd637b06 6cf47bc1: add_timer_randomness(.. 8388864) with jiffies: 15374893325131416126, cycles: -3071850752872808437
[    5.753958] random 0055 0000 0000 fd637b06 6cf47bc1: add_disk_randomness(8:0) fd637b06 6cf47bc1
[    5.753961] random 0055 0000 0000 fd637b06 6cf47bc1: add_timer_randomness(.. 8388864) with jiffies: 15403034131243434562, cycles: -3043709946760790005
[    5.753964] random 0055 0000 0000 fd637b06 6cf47bc1: added 2 entropy credits to input
[    5.755971] random 0057 0000 0000 fd637b06 6cf47bc1: add_disk_randomness(8:0) fd637b06 6cf47bc1
[    5.755974] random 0057 0000 0000 fd637b06 6cf47bc1: add_timer_randomness(.. 8388864) with jiffies: 15421141902341931588, cycles: -3025602175662292981
[    5.755977] random 0057 0000 0000 fd637b06 6cf47bc1: added 1 entropy credits to input
[    5.763798] random 0058 0000 0000 fd637b06 6cf47bc1: add_disk_randomness(8:0) fd637b06 6cf47bc1
[    5.763801] random 0058 0000 0000 fd637b06 6cf47bc1: add_timer_randomness(.. 8388864) with jiffies: 15491568645757960779, cycles: -2955175432246263797
[    5.763804] random 0058 0000 0000 fd637b06 6cf47bc1: added 2 entropy credits to input
[    5.763935] random 0060 0000 0000 fd637b06 6cf47bc1: add_disk_randomness(8:0) fd637b06 6cf47bc1
[    5.763938] random 0060 0000 0000 fd637b06 6cf47bc1: add_timer_randomness(.. 8388864) with jiffies: 15492790057147531852, cycles: -2953954020856692725
[    5.767499] random 0060 0000 0000 fd637b06 6cf47bc1: add_disk_randomness(8:0) fd637b06 6cf47bc1
[    5.767502] random 0060 0000 0000 fd637b06 6cf47bc1: add_timer_randomness(.. 8388864) with jiffies: 15524863245121454671, cycles: -2921880832882769909
[    5.767505] random 0060 0000 0000 fd637b06 6cf47bc1: added 1 entropy credits to input
[    5.771997] random 0061 0000 0000 fd637b06 6cf47bc1: add_disk_randomness(8:0) fd637b06 6cf47bc1
[    5.772000] random 0061 0000 0000 fd637b06 6cf47bc1: add_timer_randomness(.. 8388864) with jiffies: 15565317288679408212, cycles: -2881426789324816373
[    5.777572] random 0061 0000 0000 fd637b06 6cf47bc1: add_disk_randomness(8:0) fd637b06 6cf47bc1
[    5.777575] random 0061 0000 0000 fd637b06 6cf47bc1: add_timer_randomness(.. 8388864) with jiffies: 15615484130194326105, cycles: -2831259947809898485
[    5.783853] random 0061 0000 0000 fd637b06 6cf47bc1: add_disk_randomness(8:0) fd637b06 6cf47bc1
[    5.783855] random 0061 0000 0000 fd637b06 6cf47bc1: add_timer_randomness(.. 8388864) with jiffies: 15671985816542610015, cycles: -2774758261461614581
[    5.783866] random 0061 0000 0000 fd637b06 6cf47bc1: rand_read_num 12 get_random_bytes(16): sig 0000033b fd637b06 6cf47bc1
[    5.783869] random 0061 0000 0000 fd637b06 6cf47bc1: extract_entropy(.. 16 ..)
[    5.783871] random 0061 0000 0000 fd637b06 6cf47bc1: going to reseed nonblocking with 128 bits (128 of 0 requested)
[    5.783874] random 0061 0000 0000 fd637b06 6cf47bc1: extract_entropy(.. 16 ..)
[    5.783876] random 0061 0000 0000 fd637b06 6cf47bc1: trying to extract 128 bits from input
[    5.783878] random 0061 0000 0000 fd637b06 6cf47bc1: debiting 0 entropy credits from input
[    5.783880] random 0061 0000 0000 fd637b06 6cf47bc1: extract_entropy account returned: 0 
[    5.783883] random 0061 0000 0000 fd637b06 6cf47bc1: urand_change_num 50 xfer_secondary_pool(16): pool_sig 0000033b, data_sig 00000000, bytes_mixed 0 fd637b06 6cf47bc1
[    5.783886] random 0061 0000 0000 fd637b06 6cf47bc1: trying to extract 128 bits from nonblocking
[    5.783888] random 0061 0000 0000 fd637b06 6cf47bc1: debiting 128 entropy credits from nonblocking (unlimited)
[    5.783891] random 0061 0000 0000 fd637b06 6cf47bc1: extract_entropy account returned: 16 
[    5.783895] random 0061 0000 0000 fd637b06 6cf47bc1: urand_change_num 51 extract_buf: pool_sig 0000033b, data_sig 000000d8, bytes_mixed 20 fd637b06 6cf47bc1
[    5.783904] random 0061 0000 0000 0ec1f012 d4727ca8: urand_change_num 52 extract_buf: pool_sig fffffcf5, data_sig 00000016, bytes_mixed 20 0ec1f012 d4727ca8
[    5.790596] random 0061 0000 0000 45b1d0b1 845a73f7: add_disk_randomness(8:0) 45b1d0b1 845a73f7
[    5.790599] random 0061 0000 0000 45b1d0b1 845a73f7: add_timer_randomness(.. 8388864) with jiffies: 15732643974671467110, cycles: -2714100103332757493
[    5.797815] random 0061 0000 0000 45b1d0b1 845a73f7: add_disk_randomness(8:0) 45b1d0b1 845a73f7
[    5.797818] random 0061 0000 0000 45b1d0b1 845a73f7: add_timer_randomness(.. 8388864) with jiffies: 15797594115094053485, cycles: -2649149962910171125
[    5.803421] random 0061 0000 0000 45b1d0b1 845a73f7: add_disk_randomness(8:0) 45b1d0b1 845a73f7
[    5.803424] random 0061 0000 0000 45b1d0b1 845a73f7: add_timer_randomness(.. 8388864) with jiffies: 15848021124252926579, cycles: -2598722953751298037
[    5.815244] random 0061 0000 0000 45b1d0b1 845a73f7: add_disk_randomness(8:0) 45b1d0b1 845a73f7
[    5.815247] random 0061 0000 0000 45b1d0b1 845a73f7: add_timer_randomness(.. 8388864) with jiffies: 15954383266329100927, cycles: -2492360811675123701
[    5.815250] random 0061 0000 0000 45b1d0b1 845a73f7: added 2 entropy credits to input
[    5.818393] random 0063 0000 0000 45b1d0b1 845a73f7: add_disk_randomness(8:0) 45b1d0b1 845a73f7
[    5.818396] random 0063 0000 0000 45b1d0b1 845a73f7: add_timer_randomness(.. 8388864) with jiffies: 15982713162671293058, cycles: -2464030915332931573
[    5.818399] random 0063 0000 0000 45b1d0b1 845a73f7: added 1 entropy credits to input
[    5.832659] random 0064 0000 0000 45b1d0b1 845a73f7: add_disk_randomness(8:0) 45b1d0b1 845a73f7
[    5.832662] random 0064 0000 0000 45b1d0b1 845a73f7: add_timer_randomness(.. 8388864) with jiffies: 16111063235200516752, cycles: -2335680842803707893
[    5.832665] random 0064 0000 0000 45b1d0b1 845a73f7: added 3 entropy credits to input
[    5.838059] random 0067 0000 0000 45b1d0b1 845a73f7: add_disk_randomness(8:0) 45b1d0b1 845a73f7
[    5.838062] random 0067 0000 0000 45b1d0b1 845a73f7: add_timer_randomness(.. 8388864) with jiffies: 16159629308044477078, cycles: -2287114769959747573
[    5.838065] random 0067 0000 0000 45b1d0b1 845a73f7: added 2 entropy credits to input
[    5.843231] random 0069 0000 0000 45b1d0b1 845a73f7: add_disk_randomness(8:0) 45b1d0b1 845a73f7
[    5.843234] random 0069 0000 0000 45b1d0b1 845a73f7: add_timer_randomness(.. 8388864) with jiffies: 16206165514919838363, cycles: -2240578563084386293
[    5.851459] random 0069 0000 0000 45b1d0b1 845a73f7: add_disk_randomness(8:0) 45b1d0b1 845a73f7
[    5.851462] random 0069 0000 0000 45b1d0b1 845a73f7: add_timer_randomness(.. 8388864) with jiffies: 16280186454472884899, cycles: -2166557623531339765
[    5.851465] random 0069 0000 0000 45b1d0b1 845a73f7: added 1 entropy credits to input
[    5.861062] random 0070 0000 0000 45b1d0b1 845a73f7: add_disk_randomness(8:0) 45b1d0b1 845a73f7
[    5.861065] random 0070 0000 0000 45b1d0b1 845a73f7: add_timer_randomness(.. 8388864) with jiffies: 16366567038593499821, cycles: -2080177039410724853
[    5.880566] random 0070 0000 0000 45b1d0b1 845a73f7: add_disk_randomness(8:0) 45b1d0b1 845a73f7
[    5.880569] random 0070 0000 0000 45b1d0b1 845a73f7: add_timer_randomness(.. 8388864) with jiffies: 16542039666933334720, cycles: -1904704411070889973
[    5.880571] random 0070 0000 0000 45b1d0b1 845a73f7: added 2 entropy credits to input
[    5.893852] random 0072 0000 0000 45b1d0b1 845a73f7: add_disk_randomness(8:0) 45b1d0b1 845a73f7
[    5.893855] random 0072 0000 0000 45b1d0b1 845a73f7: add_timer_randomness(.. 8388864) with jiffies: 16661572025574982349, cycles: -1785172052429242357
[    5.893858] random 0072 0000 0000 45b1d0b1 845a73f7: added 2 entropy credits to input
[    5.901875] random 0074 0000 0000 45b1d0b1 845a73f7: add_disk_randomness(8:0) 45b1d0b1 845a73f7
[    5.901878] random 0074 0000 0000 45b1d0b1 845a73f7: add_timer_randomness(.. 8388864) with jiffies: 16733752189389603541, cycles: -1712991888614621173
[    5.911885] random 0074 0000 0000 45b1d0b1 845a73f7: add_disk_randomness(8:0) 45b1d0b1 845a73f7
[    5.911888] random 0074 0000 0000 45b1d0b1 845a73f7: add_timer_randomness(.. 8388864) with jiffies: 16823804944778494687, cycles: -1622939133225730037
[    5.911891] random 0074 0000 0000 45b1d0b1 845a73f7: added 1 entropy credits to input
[    5.916452] random 0075 0000 0000 45b1d0b1 845a73f7: add_disk_randomness(8:0) 45b1d0b1 845a73f7
[    5.916455] random 0075 0000 0000 45b1d0b1 845a73f7: add_timer_randomness(.. 8388864) with jiffies: 16864879026995167972, cycles: -1581865051009056757
[    5.916457] random 0075 0000 0000 45b1d0b1 845a73f7: added 2 entropy credits to input
[    5.923810] random 0077 0000 0000 45b1d0b1 845a73f7: add_disk_randomness(8:0) 45b1d0b1 845a73f7
[    5.923813] random 0077 0000 0000 45b1d0b1 845a73f7: add_timer_randomness(.. 8388864) with jiffies: 16931083637170602731, cycles: -1515660440833622005
[    5.923816] random 0077 0000 0000 45b1d0b1 845a73f7: added 1 entropy credits to input
[    5.929105] random 0078 0000 0000 45b1d0b1 845a73f7: add_disk_randomness(8:0) 45b1d0b1 845a73f7
[    5.929108] random 0078 0000 0000 45b1d0b1 845a73f7: add_timer_randomness(.. 8388864) with jiffies: 16978705109267219185, cycles: -1468038968737005557
[    5.935499] random 0078 0000 0000 45b1d0b1 845a73f7: add_disk_randomness(8:0) 45b1d0b1 845a73f7
[    5.935502] random 0078 0000 0000 45b1d0b1 845a73f7: add_timer_randomness(.. 8388864) with jiffies: 17036238841896993527, cycles: -1410505236107231221
[    5.940555] random 0078 0000 0000 45b1d0b1 845a73f7: add_disk_randomness(8:0) 45b1d0b1 845a73f7
[    5.940558] random 0078 0000 0000 45b1d0b1 845a73f7: add_timer_randomness(.. 8388864) with jiffies: 17081724061685089020, cycles: -1365020016319135733
[    5.946454] random 0078 0000 0000 45b1d0b1 845a73f7: add_disk_randomness(8:0) 45b1d0b1 845a73f7
[    5.946457] random 0078 0000 0000 45b1d0b1 845a73f7: add_timer_randomness(.. 8388864) with jiffies: 17134785195761435394, cycles: -1311958882242789365
[    5.955809] random 0078 0000 0000 45b1d0b1 845a73f7: add_disk_randomness(8:0) 45b1d0b1 845a73f7
[    5.955812] random 0078 0000 0000 45b1d0b1 845a73f7: add_timer_randomness(.. 8388864) with jiffies: 17218950921082077963, cycles: -1227793156922146805
[    5.955814] random 0078 0000 0000 45b1d0b1 845a73f7: added 1 entropy credits to input
[    5.960687] random 0079 0000 0000 45b1d0b1 845a73f7: add_disk_randomness(8:0) 45b1d0b1 845a73f7
[    5.960690] random 0079 0000 0000 45b1d0b1 845a73f7: add_timer_randomness(.. 8388864) with jiffies: 17262838073733645072, cycles: -1183906004270579701
[    5.960693] random 0079 0000 0000 45b1d0b1 845a73f7: added 2 entropy credits to input
[    5.968122] random 0081 0000 0000 45b1d0b1 845a73f7: add_disk_randomness(8:0) 45b1d0b1 845a73f7
[    5.968125] random 0081 0000 0000 45b1d0b1 845a73f7: add_timer_randomness(.. 8388864) with jiffies: 17329711023770010392, cycles: -1117033054234214389
[    5.968127] random 0081 0000 0000 45b1d0b1 845a73f7: added 1 entropy credits to input
[    5.974340] random 0082 0000 0000 45b1d0b1 845a73f7: add_disk_randomness(8:0) 45b1d0b1 845a73f7
[    5.974343] random 0082 0000 0000 45b1d0b1 845a73f7: add_timer_randomness(.. 8388864) with jiffies: 17385656211205751582, cycles: -1061087866798473205
[    5.974346] random 0082 0000 0000 45b1d0b1 845a73f7: added 1 entropy credits to input
[    5.979808] random 0083 0000 0000 45b1d0b1 845a73f7: add_disk_randomness(8:0) 45b1d0b1 845a73f7
[    5.979811] random 0083 0000 0000 45b1d0b1 845a73f7: add_timer_randomness(.. 8388864) with jiffies: 17434854322847056675, cycles: -1011889755157168117
[    5.988907] random 0083 0000 0000 45b1d0b1 845a73f7: add_disk_randomness(8:0) 45b1d0b1 845a73f7
[    5.988910] random 0083 0000 0000 45b1d0b1 845a73f7: add_timer_randomness(.. 8388864) with jiffies: 17516699979848844077, cycles: -930044098155380725
[    5.988913] random 0083 0000 0000 45b1d0b1 845a73f7: added 2 entropy credits to input
[    5.996325] random 0085 0000 0000 45b1d0b1 845a73f7: add_disk_randomness(8:0) 45b1d0b1 845a73f7
[    5.996328] random 0085 0000 0000 45b1d0b1 845a73f7: add_timer_randomness(.. 8388864) with jiffies: 17583444312794563380, cycles: -863299765209661429
[    5.996331] random 0085 0000 0000 45b1d0b1 845a73f7: added 1 entropy credits to input
[    6.006008] random 0086 0000 0000 45b1d0b1 845a73f7: add_disk_randomness(8:0) 45b1d0b1 845a73f7
[    6.006012] random 0086 0000 0000 45b1d0b1 845a73f7: add_timer_randomness(.. 8388864) with jiffies: 17670550913891926846, cycles: -776193164112297973
[    6.006014] random 0086 0000 0000 45b1d0b1 845a73f7: added 1 entropy credits to input
[    6.016637] random 0087 0000 0000 45b1d0b1 845a73f7: add_disk_randomness(8:0) 45b1d0b1 845a73f7
[    6.016640] random 0087 0000 0000 45b1d0b1 845a73f7: add_timer_randomness(.. 8388864) with jiffies: 17766181689337021256, cycles: -680562388667203573
[    6.029157] random 0087 0000 0000 45b1d0b1 845a73f7: add_disk_randomness(8:0) 45b1d0b1 845a73f7
[    6.029160] random 0087 0000 0000 45b1d0b1 845a73f7: add_timer_randomness(.. 8388864) with jiffies: 17878807508638466901, cycles: -567936569365757941
[    6.029163] random 0087 0000 0000 45b1d0b1 845a73f7: added 1 entropy credits to input
[    6.030363] random 0088 0000 0000 45b1d0b1 845a73f7: add_disk_randomness(8:0) 45b1d0b1 845a73f7
[    6.030366] random 0088 0000 0000 45b1d0b1 845a73f7: add_timer_randomness(.. 8388864) with jiffies: 17889653782824584022, cycles: -557090295179640821
[    6.034382] random 0088 0000 0000 45b1d0b1 845a73f7: add_disk_randomness(8:0) 45b1d0b1 845a73f7
[    6.034384] random 0088 0000 0000 45b1d0b1 845a73f7: add_timer_randomness(.. 8388864) with jiffies: 17925808216226890586, cycles: -520935861777334261
[    6.034387] random 0088 0000 0000 45b1d0b1 845a73f7: added 1 entropy credits to input
[    6.043722] random 0089 0000 0000 45b1d0b1 845a73f7: add_disk_randomness(8:0) 45b1d0b1 845a73f7
[    6.043726] random 0089 0000 0000 45b1d0b1 845a73f7: add_timer_randomness(.. 8388864) with jiffies: 18009849834172547939, cycles: -436894243831676917
[    6.043728] random 0089 0000 0000 45b1d0b1 845a73f7: added 1 entropy credits to input
[    6.044071] random 0090 0000 0000 45b1d0b1 845a73f7: add_disk_randomness(8:0) 45b1d0b1 845a73f7
[    6.044074] random 0090 0000 0000 45b1d0b1 845a73f7: add_timer_randomness(.. 8388864) with jiffies: 18012976106507567972, cycles: -433767971496656885
[    6.059731] random 0090 0000 0000 45b1d0b1 845a73f7: add_disk_randomness(8:0) 45b1d0b1 845a73f7
[    6.059734] random 0090 0000 0000 45b1d0b1 845a73f7: add_timer_randomness(.. 8388864) with jiffies: 18153868011822089075, cycles: -292876066182135797
[    6.059737] random 0090 0000 0000 45b1d0b1 845a73f7: added 3 entropy credits to input
[    6.061369] random 0093 0000 0000 45b1d0b1 845a73f7: add_disk_randomness(8:0) 45b1d0b1 845a73f7
[    6.061372] random 0093 0000 0000 45b1d0b1 845a73f7: add_timer_randomness(.. 8388864) with jiffies: 18168592413843227509, cycles: -278151664160997365
[    6.061374] random 0093 0000 0000 45b1d0b1 845a73f7: added 1 entropy credits to input
[    6.061522] random 0094 0000 0000 45b1d0b1 845a73f7: add_disk_randomness(8:0) 45b1d0b1 845a73f7
[    6.061525] random 0094 0000 0000 45b1d0b1 845a73f7: add_timer_randomness(.. 8388864) with jiffies: 18169972928001311605, cycles: -276771150002913269
[    6.072390] random 0094 0000 0000 45b1d0b1 845a73f7: add_disk_randomness(8:0) 45b1d0b1 845a73f7
[    6.072392] random 0094 0000 0000 45b1d0b1 845a73f7: add_timer_randomness(.. 8388864) with jiffies: 18267738963617481600, cycles: -179005114386743285
[    6.072395] random 0094 0000 0000 45b1d0b1 845a73f7: added 3 entropy credits to input
[    6.072956] random 0097 0000 0000 45b1d0b1 845a73f7: add_disk_randomness(8:0) 45b1d0b1 845a73f7
[    6.072959] random 0097 0000 0000 45b1d0b1 845a73f7: add_timer_randomness(.. 8388864) with jiffies: 18272828177740694401, cycles: -173915900263530485
[    6.078184] random 0097 0000 0000 45b1d0b1 845a73f7: add_disk_randomness(8:0) 45b1d0b1 845a73f7
[    6.078187] random 0097 0000 0000 45b1d0b1 845a73f7: add_timer_randomness(.. 8388864) with jiffies: 18319869292381438854, cycles: -126874785622786037
[    6.078190] random 0097 0000 0000 45b1d0b1 845a73f7: added 2 entropy credits to input
[    6.079943] random 0099 0000 0000 45b1d0b1 845a73f7: add_disk_randomness(8:0) 45b1d0b1 845a73f7
[    6.079946] random 0099 0000 0000 45b1d0b1 845a73f7: add_timer_randomness(.. 8388864) with jiffies: 18335689868840764296, cycles: -111054209163460597
[    6.079949] random 0099 0000 0000 45b1d0b1 845a73f7: added 1 entropy credits to input
[    6.090169] random 0100 0000 0000 45b1d0b1 845a73f7: add_disk_randomness(8:0) 45b1d0b1 845a73f7
