[    0.000000] random 0000 0000 0000 00000000 00000000: rand_read_num 1 get_random_bytes(8): sig 00000000 00000000 00000000
[    0.000000] random 0000 0000 0000 00000000 00000000: extract_entropy(.. 8 ..)
[    0.000000] random 0000 0000 0000 00000000 00000000: going to reseed nonblocking with 64 bits (64 of 0 requested)
[    0.000000] random 0000 0000 0000 00000000 00000000: extract_entropy(.. 8 ..)
[    0.000000] random 0000 0000 0000 00000000 00000000: trying to extract 64 bits from input
[    0.000000] random 0000 0000 0000 00000000 00000000: debiting 0 entropy credits from input
[    0.000000] random 0000 0000 0000 00000000 00000000: extract_entropy account returned: 0 
[    0.000000] random 0000 0000 0000 00000000 00000000: urand_change_num 1 xfer_secondary_pool(8): pool_sig 00000000, data_sig 00000000, bytes_mixed 0 00000000 00000000
[    0.000000] random 0000 0000 0000 00000000 00000000: trying to extract 64 bits from nonblocking
[    0.000000] random 0000 0000 0000 00000000 00000000: debiting 64 entropy credits from nonblocking (unlimited)
[    0.000000] random 0000 0000 0000 00000000 00000000: extract_entropy account returned: 8 
[    0.000000] random 0000 0000 0000 00000000 00000000: urand_change_num 2 extract_buf: pool_sig 00000000, data_sig fffffff9, bytes_mixed 20 00000000 00000000
[    0.000000] Linux version 2.6.32.57 (dcashman@dcashman-02) (gcc version 4.3.3 (GCC) ) #6 Thu May 30 09:02:12 PDT 2013
[    0.000000] KERNEL supported cpus:
[    0.000000]   Intel GenuineIntel
[    0.000000]   AMD AuthenticAMD
[    0.000000]   NSC Geode by NSC
[    0.000000]   Cyrix CyrixInstead
[    0.000000]   Centaur CentaurHauls
[    0.000000]   Transmeta GenuineTMx86
[    0.000000]   Transmeta TransmetaCPU
[    0.000000]   UMC UMC UMC UMC
[    0.000000] BIOS-provided physical RAM map:
[    0.000000]  BIOS-e820: 0000000000000000 - 000000000009d800 (usable)
[    0.000000]  BIOS-e820: 000000000009d800 - 00000000000a0000 (reserved)
[    0.000000]  BIOS-e820: 00000000000d2000 - 00000000000d4000 (reserved)
[    0.000000]  BIOS-e820: 00000000000e0000 - 0000000000100000 (reserved)
[    0.000000]  BIOS-e820: 0000000000100000 - 000000003d6b0000 (usable)
[    0.000000]  BIOS-e820: 000000003d6b0000 - 000000003d6cc000 (ACPI data)
[    0.000000]  BIOS-e820: 000000003d6cc000 - 000000003d700000 (ACPI NVS)
[    0.000000]  BIOS-e820: 000000003d700000 - 000000003e000000 (reserved)
[    0.000000]  BIOS-e820: 00000000f0000000 - 00000000f4000000 (reserved)
[    0.000000]  BIOS-e820: 00000000fec00000 - 00000000fec10000 (reserved)
[    0.000000]  BIOS-e820: 00000000fed00000 - 00000000fed00400 (reserved)
[    0.000000]  BIOS-e820: 00000000fed14000 - 00000000fed1a000 (reserved)
[    0.000000]  BIOS-e820: 00000000fed1c000 - 00000000fed90000 (reserved)
[    0.000000]  BIOS-e820: 00000000fee00000 - 00000000fee01000 (reserved)
[    0.000000]  BIOS-e820: 00000000ff000000 - 0000000100000000 (reserved)
[    0.000000] DMI present.
[    0.000000] last_pfn = 0x3d6b0 max_arch_pfn = 0x100000
[    0.000000] MTRR default type: uncachable
[    0.000000] MTRR fixed ranges enabled:
[    0.000000]   00000-9FFFF write-back
[    0.000000]   A0000-BFFFF uncachable
[    0.000000]   C0000-CFFFF write-protect
[    0.000000]   D0000-DFFFF uncachable
[    0.000000]   E0000-FFFFF write-protect
[    0.000000] MTRR variable ranges enabled:
[    0.000000]   0 base 03E000000 mask FFE000000 uncachable
[    0.000000]   1 base 000000000 mask FC0000000 write-back
[    0.000000]   2 base 03D700000 mask FFFF00000 uncachable
[    0.000000]   3 base 03D800000 mask FFF800000 uncachable
[    0.000000]   4 disabled
[    0.000000]   5 disabled
[    0.000000]   6 disabled
[    0.000000]   7 disabled
[    0.000000] initial memory mapped : 0 - 02000000
[    0.000000] init_memory_mapping: 0000000000000000-00000000377fe000
[    0.000000]  0000000000 - 0000400000 page 4k
[    0.000000]  0000400000 - 0037400000 page 2M
[    0.000000]  0037400000 - 00377fe000 page 4k
[    0.000000] kernel direct mapping tables up to 377fe000 @ 7000-c000
[    0.000000] ACPI: RSDP 000f68d0 00024 (v02 LENOVO)
[    0.000000] ACPI: XSDT 3d6bb77f 00094 (v01 LENOVO TP-7L    00002170  LTP 00000000)
[    0.000000] ACPI: FACP 3d6bb900 000F4 (v03 LENOVO TP-7L    00002170 LNVO 00000001)
[    0.000000] ACPI Warning: 32/64X length mismatch in Gpe1Block: 0/32 (20090903/tbfadt-526)
[    0.000000] ACPI Warning: Optional field Gpe1Block has zero address or length: 000000000000102C/0 (20090903/tbfadt-557)
[    0.000000] ACPI: DSDT 3d6bbd1d 0FED1 (v01 LENOVO TP-7L    00002170 MSFT 03000000)
[    0.000000] ACPI: FACS 3d6e4000 00040
[    0.000000] ACPI: SSDT 3d6bbab4 00269 (v01 LENOVO TP-7L    00002170 MSFT 03000000)
[    0.000000] ACPI: ECDT 3d6cbbee 00052 (v01 LENOVO TP-7L    00002170 LNVO 00000001)
[    0.000000] ACPI: TCPA 3d6cbc40 00032 (v02 LENOVO TP-7L    00002170 LNVO 00000001)
[    0.000000] ACPI: APIC 3d6cbc72 00068 (v01 LENOVO TP-7L    00002170 LNVO 00000001)
[    0.000000] ACPI: MCFG 3d6cbcda 0003C (v01 LENOVO TP-7L    00002170 LNVO 00000001)
[    0.000000] ACPI: HPET 3d6cbd16 00038 (v01 LENOVO TP-7L    00002170 LNVO 00000001)
[    0.000000] ACPI: SLIC 3d6cbdf0 00176 (v01 LENOVO TP-7L    00002170  LTP 00000000)
[    0.000000] ACPI: BOOT 3d6cbf66 00028 (v01 LENOVO TP-7L    00002170  LTP 00000001)
[    0.000000] ACPI: ASF! 3d6cbf8e 00072 (v16 LENOVO TP-7L    00002170 PTL  00000001)
[    0.000000] ACPI: SSDT 3d6e26d9 0025F (v01 LENOVO TP-7L    00002170 INTL 20050513)
[    0.000000] ACPI: SSDT 3d6e2938 000A6 (v01 LENOVO TP-7L    00002170 INTL 20050513)
[    0.000000] ACPI: SSDT 3d6e29de 004F7 (v01 LENOVO TP-7L    00002170 INTL 20050513)
[    0.000000] ACPI: SSDT 3d6e2ed5 001D8 (v01 LENOVO TP-7L    00002170 INTL 20050513)
[    0.000000] ACPI: DMI detected: Lenovo ThinkPad R61
[    0.000000] ACPI: Added _OSI(Linux)
[    0.000000] ACPI: Local APIC address 0xfee00000
[    0.000000] 94MB HIGHMEM available.
[    0.000000] 887MB LOWMEM available.
[    0.000000]   mapped low ram: 0 - 377fe000
[    0.000000]   low ram: 0 - 377fe000
[    0.000000]   node 0 low ram: 00000000 - 377fe000
[    0.000000]   node 0 bootmap 00008000 - 0000ef00
[    0.000000] (6 early reservations) ==> bootmem [0000000000 - 00377fe000]
[    0.000000]   #0 [0000000000 - 0000001000]   BIOS data page ==> [0000000000 - 0000001000]
[    0.000000]   #1 [0001000000 - 0001bdc180]    TEXT DATA BSS ==> [0001000000 - 0001bdc180]
[    0.000000]   #2 [000009d800 - 0000100000]    BIOS reserved ==> [000009d800 - 0000100000]
[    0.000000]   #3 [0001bdd000 - 0001be516c]              BRK ==> [0001bdd000 - 0001be516c]
[    0.000000]   #4 [0000007000 - 0000008000]          PGTABLE ==> [0000007000 - 0000008000]
[    0.000000]   #5 [0000008000 - 000000f000]          BOOTMAP ==> [0000008000 - 000000f000]
[    0.000000] found SMP MP-table at [c00f6900] f6900
[    0.000000] Zone PFN ranges:
[    0.000000]   DMA      0x00000000 -> 0x00001000
[    0.000000]   Normal   0x00001000 -> 0x000377fe
[    0.000000]   HighMem  0x000377fe -> 0x0003d6b0
[    0.000000] Movable zone start PFN for each node
[    0.000000] early_node_map[2] active PFN ranges
[    0.000000]     0: 0x00000000 -> 0x0000009d
[    0.000000]     0: 0x00000100 -> 0x0003d6b0
[    0.000000] On node 0 totalpages: 251469
[    0.000000] free_area_init_node: node 0, pgdat c1901ea0, node_mem_map c1be7000
[    0.000000]   DMA zone: 32 pages used for memmap
[    0.000000]   DMA zone: 0 pages reserved
[    0.000000]   DMA zone: 3965 pages, LIFO batch:0
[    0.000000]   Normal zone: 1744 pages used for memmap
[    0.000000]   Normal zone: 221486 pages, LIFO batch:31
[    0.000000]   HighMem zone: 190 pages used for memmap
[    0.000000]   HighMem zone: 24052 pages, LIFO batch:3
[    0.000000] Using APIC driver default
[    0.000000] ACPI: PM-Timer IO Port: 0x1008
[    0.000000] ACPI: Local APIC address 0xfee00000
[    0.000000] ACPI: LAPIC (acpi_id[0x00] lapic_id[0x00] enabled)
[    0.000000] ACPI: LAPIC (acpi_id[0x01] lapic_id[0x01] enabled)
[    0.000000] ACPI: NR_CPUS/possible_cpus limit of 1 reached.  Processor 1/0x1 ignored.
[    0.000000] ACPI: LAPIC_NMI (acpi_id[0x00] high edge lint[0x1])
[    0.000000] ACPI: LAPIC_NMI (acpi_id[0x01] high edge lint[0x1])
[    0.000000] ACPI: IOAPIC (id[0x01] address[0xfec00000] gsi_base[0])
[    0.000000] IOAPIC[0]: apic_id 1, version 32, address 0xfec00000, GSI 0-23
[    0.000000] ACPI: INT_SRC_OVR (bus 0 bus_irq 0 global_irq 2 dfl dfl)
[    0.000000] ACPI: INT_SRC_OVR (bus 0 bus_irq 9 global_irq 9 high level)
[    0.000000] ACPI: IRQ0 used by override.
[    0.000000] ACPI: IRQ2 used by override.
[    0.000000] ACPI: IRQ9 used by override.
[    0.000000] Using ACPI (MADT) for SMP configuration information
[    0.000000] ACPI: HPET id: 0x8086a201 base: 0xfed00000
[    0.000000] nr_irqs_gsi: 24
[    0.000000] PM: Registered nosave memory: 000000000009d000 - 000000000009e000
[    0.000000] PM: Registered nosave memory: 000000000009e000 - 00000000000a0000
[    0.000000] PM: Registered nosave memory: 00000000000a0000 - 00000000000d2000
[    0.000000] PM: Registered nosave memory: 00000000000d2000 - 00000000000d4000
[    0.000000] PM: Registered nosave memory: 00000000000d4000 - 00000000000e0000
[    0.000000] PM: Registered nosave memory: 00000000000e0000 - 0000000000100000
[    0.000000] Allocating PCI resources starting at 3e000000 (gap: 3e000000:b2000000)
[    0.000000] Built 1 zonelists in Zone order, mobility grouping on.  Total pages: 249503
[    0.000000] Kernel command line: auto BOOT_IMAGE=Linux ro root=802 vt.default_utf8=0 maxcpus=0
[    0.000000] PID hash table entries: 4096 (order: 2, 16384 bytes)
[    0.000000] Dentry cache hash table entries: 131072 (order: 7, 524288 bytes)
[    0.000000] Inode-cache hash table entries: 65536 (order: 6, 262144 bytes)
[    0.000000] Enabling fast FPU save and restore... done.
[    0.000000] Enabling unmasked SIMD FPU exception support... done.
[    0.000000] Initializing CPU#0
[    0.000000] Initializing HighMem for node 0 (000377fe:0003d6b0)
[    0.000000] Memory: 984800k/1006272k available (6915k kernel code, 20876k reserved, 2327k data, 448k init, 96968k highmem)
[    0.000000] virtual kernel memory layout:
[    0.000000]     fixmap  : 0xfffa3000 - 0xfffff000   ( 368 kB)
[    0.000000]     pkmap   : 0xff800000 - 0xffc00000   (4096 kB)
[    0.000000]     vmalloc : 0xf7ffe000 - 0xff7fe000   ( 120 MB)
[    0.000000]     lowmem  : 0xc0000000 - 0xf77fe000   ( 887 MB)
[    0.000000]       .init : 0xc1907000 - 0xc1977000   ( 448 kB)
[    0.000000]       .data : 0xc16c0d3f - 0xc1906c64   (2327 kB)
[    0.000000]       .text : 0xc1000000 - 0xc16c0d3f   (6915 kB)
[    0.000000] Checking if this processor honours the WP bit even in supervisor mode...Ok.
[    0.000000] SLUB: Genslabs=13, HWalign=64, Order=0-3, MinObjects=0, CPUs=1, Nodes=1
[    0.000000] Hierarchical RCU implementation.
[    0.000000] NR_IRQS:288
[    0.000000] Extended CMOS year: 2000
[    0.000000] Console: colour VGA+ 80x25
[    0.000000] console [tty0] enabled
[    0.000000] hpet clockevent registered
[    0.000000] Fast TSC calibration using PIT
[    0.000000] Detected 2094.980 MHz processor.
[    0.002002] Calibrating delay loop (skipped), value calculated using timer frequency.. 4189.96 BogoMIPS (lpj=2094980)
[    0.002172] Security Framework initialized
[    0.002262] Mount-cache hash table entries: 512
[    0.002412] CPU: L1 I cache: 32K, L1 D cache: 32K
[    0.002544] CPU: L2 cache: 3072K
[    0.002625] mce: CPU supports 6 MCE banks
[    0.002707] CPU0: Thermal monitoring enabled (TM2)
[    0.002788] using mwait in idle threads.
[    0.002870] CPU: Intel(R) Core(TM)2 Duo CPU     T8100  @ 2.10GHz stepping 06
[    0.003134] Checking 'hlt' instruction... OK.
[    0.007932] ACPI: Core revision 20090903
[    0.027011] RANDOM get_random_int first call with cycles 32578034958, jiffies 4294667323 and pid 0
[    0.027019] CANARY value: 112daf83 for PID: 1
[    0.027025] CANARY value: 6fa1dffe for PID: 2
[    0.027050] Enabling APIC mode:  Flat.  Using 1 I/O APICs
[    0.027508] ..TIMER: vector=0x30 apic1=0 pin1=2 apic2=-1 pin2=-1
[    0.037997] xor: automatically using best checksumming function: pIII_sse
[    0.041998]    pIII_sse  :  8568.000 MB/sec
[    0.042092] xor: using function: pIII_sse (8568.000 MB/sec)
[    0.042185] RANDOM - __seed init called.
[    0.042186] RANDOM - __seed init called.
[    0.042187] RANDOM - __seed init called.
[    0.042189] RANDOM - __random32 called. Change num 1.  Value: f7943846	49e73df3	af36cd0d
[    0.042191] RANDOM - __random32 called. Change num 2.  Value: 43846e13	9e73df37	9a1ad014
[    0.042192] RANDOM - __random32 called. Change num 3.  Value: 46e139c8	e73df373	a029598a
[    0.042194] RANDOM - __random32 called. Change num 4.  Value: 139c8c3b	73df373d	b3142c72
[    0.042196] RANDOM - __random32 called. Change num 5.  Value: c8c3b043	3df373de	58e576a9
[    0.042198] RANDOM - __random32 called. Change num 6.  Value: 3b0437d9	df373de5	ed53f9d8
[    0.042199] RANDOM - random32 init called.  Value: 3b0437d9	df373de5	ed53f9d8
[    0.042216] NET: Registered protocol family 16
[    0.042481] ACPI FADT declares the system doesn't support PCIe ASPM, so disable it
[    0.042607] ACPI: bus type pci registered
[    0.042775] PCI: MCFG configuration 0: base f0000000 segment 0 buses 0 - 63
[    0.042872] PCI: MCFG area at f0000000 reserved in E820
[    0.042963] PCI: Using MMCONFIG for extended config space
[    0.043002] PCI: Using configuration type 1 for base access
[    0.046162] bio: create slab <bio-0> at 0
[    0.046973] ACPI: EC: EC description table is found, configuring boot EC
[    0.052159] ACPI: BIOS _OSI(Linux) query honored via DMI
[    0.052888] random 0000 0000 0000 00000000 00000000: rand_read_num 2 get_random_bytes(8): sig fffffe1a 00000000 00000000
[    0.052891] random 0000 0000 0000 00000000 00000000: extract_entropy(.. 8 ..)
[    0.052894] random 0000 0000 0000 00000000 00000000: going to reseed nonblocking with 64 bits (64 of 0 requested)
[    0.052896] random 0000 0000 0000 00000000 00000000: extract_entropy(.. 8 ..)
[    0.052898] random 0000 0000 0000 00000000 00000000: trying to extract 64 bits from input
[    0.052900] random 0000 0000 0000 00000000 00000000: debiting 0 entropy credits from input
[    0.052902] random 0000 0000 0000 00000000 00000000: extract_entropy account returned: 0 
[    0.052934] random 0000 0000 0000 00000000 00000000: urand_change_num 3 xfer_secondary_pool(8): pool_sig fffffe1a, data_sig 00000000, bytes_mixed 0 00000000 00000000
[    0.052937] random 0000 0000 0000 00000000 00000000: trying to extract 64 bits from nonblocking
[    0.052939] random 0000 0000 0000 00000000 00000000: debiting 64 entropy credits from nonblocking (unlimited)
[    0.052941] random 0000 0000 0000 00000000 00000000: extract_entropy account returned: 8 
[    0.052945] random 0000 0000 0000 00000000 00000000: urand_change_num 4 extract_buf: pool_sig fffffe1a, data_sig fffffed7, bytes_mixed 20 00000000 00000000
[    0.057523] ACPI: Interpreter enabled
[    0.057609] ACPI: (supports S0 S3 S4 S5)
[    0.057918] ACPI: Using IOAPIC for interrupt routing
[    0.067431] ACPI: EC: GPE = 0x12, I/O: command/status = 0x66, data = 0x62
[    0.067724] ACPI: Power Resource [PUBS] (on)
[    0.069821] ACPI: ACPI Dock Station Driver: 3 docks/bays found
[    0.070243] ACPI: PCI Root Bridge [PCI0] (0000:00)
[    0.070414] pci 0000:00:02.0: reg 10 64bit mmio: [0xf8100000-0xf81fffff]
[    0.070420] pci 0000:00:02.0: reg 18 64bit mmio pref: [0xe0000000-0xefffffff]
[    0.070424] pci 0000:00:02.0: reg 20 io port: [0x1800-0x1807]
[    0.070459] pci 0000:00:02.1: reg 10 64bit mmio: [0xf8200000-0xf82fffff]
[    0.070559] pci 0000:00:19.0: reg 10 32bit mmio: [0xfe000000-0xfe01ffff]
[    0.070566] pci 0000:00:19.0: reg 14 32bit mmio: [0xfe025000-0xfe025fff]
[    0.070575] pci 0000:00:19.0: reg 18 io port: [0x1840-0x185f]
[    0.070645] pci 0000:00:19.0: PME# supported from D0 D3hot D3cold
[    0.070744] pci 0000:00:19.0: PME# disabled
[    0.070891] pci 0000:00:1a.0: reg 20 io port: [0x1860-0x187f]
[    0.070990] pci 0000:00:1a.1: reg 20 io port: [0x1880-0x189f]
[    0.071081] pci 0000:00:1a.7: reg 10 32bit mmio: [0xfe226c00-0xfe226fff]
[    0.071165] pci 0000:00:1a.7: PME# supported from D0 D3hot D3cold
[    0.071266] pci 0000:00:1a.7: PME# disabled
[    0.071408] pci 0000:00:1b.0: reg 10 64bit mmio: [0xfe020000-0xfe023fff]
[    0.071489] pci 0000:00:1b.0: PME# supported from D0 D3hot D3cold
[    0.071582] pci 0000:00:1b.0: PME# disabled
[    0.071790] pci 0000:00:1c.0: PME# supported from D0 D3hot D3cold
[    0.071885] pci 0000:00:1c.0: PME# disabled
[    0.072094] pci 0000:00:1c.1: PME# supported from D0 D3hot D3cold
[    0.072186] pci 0000:00:1c.1: PME# disabled
[    0.072387] pci 0000:00:1c.2: PME# supported from D0 D3hot D3cold
[    0.072484] pci 0000:00:1c.2: PME# disabled
[    0.072683] pci 0000:00:1c.3: PME# supported from D0 D3hot D3cold
[    0.072776] pci 0000:00:1c.3: PME# disabled
[    0.073111] pci 0000:00:1c.4: PME# supported from D0 D3hot D3cold
[    0.073203] pci 0000:00:1c.4: PME# disabled
[    0.073359] pci 0000:00:1d.0: reg 20 io port: [0x18a0-0x18bf]
[    0.073444] pci 0000:00:1d.1: reg 20 io port: [0x18c0-0x18df]
[    0.074045] pci 0000:00:1d.2: reg 20 io port: [0x18e0-0x18ff]
[    0.074140] pci 0000:00:1d.7: reg 10 32bit mmio: [0xfe227000-0xfe2273ff]
[    0.074238] pci 0000:00:1d.7: PME# supported from D0 D3hot D3cold
[    0.074341] pci 0000:00:1d.7: PME# disabled
[    0.074634] pci 0000:00:1f.0: quirk: region 1000-107f claimed by ICH6 ACPI/GPIO/TCO
[    0.074769] pci 0000:00:1f.0: quirk: region 1180-11bf claimed by ICH6 GPIO
[    0.074871] pci 0000:00:1f.0: ICH7 LPC Generic IO decode 1 PIO at 1600 (mask 007f)
[    0.074996] pci 0000:00:1f.0: ICH7 LPC Generic IO decode 2 PIO at 15e0 (mask 000f)
[    0.075119] pci 0000:00:1f.0: ICH7 LPC Generic IO decode 3 PIO at 1680 (mask 001f)
[    0.075323] pci 0000:00:1f.1: reg 10 io port: [0x00-0x07]
[    0.075335] pci 0000:00:1f.1: reg 14 io port: [0x00-0x03]
[    0.075345] pci 0000:00:1f.1: reg 18 io port: [0x00-0x07]
[    0.075354] pci 0000:00:1f.1: reg 1c io port: [0x00-0x03]
[    0.075363] pci 0000:00:1f.1: reg 20 io port: [0x1c00-0x1c0f]
[    0.075443] pci 0000:00:1f.2: reg 10 io port: [0x1c50-0x1c57]
[    0.075452] pci 0000:00:1f.2: reg 14 io port: [0x1c44-0x1c47]
[    0.075459] pci 0000:00:1f.2: reg 18 io port: [0x1c48-0x1c4f]
[    0.075468] pci 0000:00:1f.2: reg 1c io port: [0x1c40-0x1c43]
[    0.075476] pci 0000:00:1f.2: reg 20 io port: [0x1c20-0x1c3f]
[    0.075486] pci 0000:00:1f.2: reg 24 32bit mmio: [0xfe226000-0xfe2267ff]
[    0.075545] pci 0000:00:1f.2: PME# supported from D3hot
[    0.075646] pci 0000:00:1f.2: PME# disabled
[    0.075780] pci 0000:00:1f.3: reg 10 32bit mmio: [0xfe227400-0xfe2274ff]
[    0.075802] pci 0000:00:1f.3: reg 20 io port: [0x1c60-0x1c7f]
[    0.075890] pci 0000:00:1c.0: bridge io port: [0x2000-0x2fff]
[    0.075897] pci 0000:00:1c.0: bridge 32bit mmio: [0xfc000000-0xfdffffff]
[    0.075906] pci 0000:00:1c.0: bridge 64bit mmio pref: [0xf8000000-0xf80fffff]
[    0.075980] pci 0000:03:00.0: reg 10 64bit mmio: [0xdf3f0000-0xdf3fffff]
[    0.076187] pci 0000:00:1c.1: bridge io port: [0x3000-0x3fff]
[    0.076191] pci 0000:00:1c.1: bridge 32bit mmio: [0xdc000000-0xdf3fffff]
[    0.076200] pci 0000:00:1c.1: bridge 64bit mmio pref: [0xdfe00000-0xdfefffff]
[    0.076257] pci 0000:00:1c.2: bridge io port: [0x4000-0x4fff]
[    0.076263] pci 0000:00:1c.2: bridge 32bit mmio: [0xd8000000-0xd9ffffff]
[    0.076272] pci 0000:00:1c.2: bridge 64bit mmio pref: [0xdfb00000-0xdfbfffff]
[    0.076326] pci 0000:00:1c.3: bridge io port: [0x5000-0x5fff]
[    0.076332] pci 0000:00:1c.3: bridge 32bit mmio: [0xd4000000-0xd5ffffff]
[    0.076341] pci 0000:00:1c.3: bridge 64bit mmio pref: [0xdf800000-0xdf8fffff]
[    0.076395] pci 0000:00:1c.4: bridge io port: [0x6000-0x6fff]
[    0.076401] pci 0000:00:1c.4: bridge 32bit mmio: [0xd0000000-0xd1ffffff]
[    0.076410] pci 0000:00:1c.4: bridge 64bit mmio pref: [0xdf500000-0xdf5fffff]
[    0.076479] pci 0000:15:00.0: reg 10 32bit mmio: [0xf8300000-0xf8300fff]
[    0.076528] pci 0000:15:00.0: supports D1 D2
[    0.076530] pci 0000:15:00.0: PME# supported from D0 D1 D2 D3hot D3cold
[    0.076625] pci 0000:15:00.0: PME# disabled
[    0.076775] pci 0000:15:00.1: reg 10 32bit mmio: [0xf8301000-0xf83017ff]
[    0.076872] pci 0000:15:00.1: supports D1 D2
[    0.076874] pci 0000:15:00.1: PME# supported from D0 D1 D2 D3hot D3cold
[    0.076967] pci 0000:15:00.1: PME# disabled
[    0.077092] pci 0000:00:1e.0: transparent bridge
[    0.077188] pci 0000:00:1e.0: bridge io port: [0x7000-0xafff]
[    0.077194] pci 0000:00:1e.0: bridge 32bit mmio: [0xf8300000-0xfbffffff]
[    0.077203] pci 0000:00:1e.0: bridge 64bit mmio pref: [0xf4000000-0xf7ffffff]
[    0.077269] pci_bus 0000:00: on NUMA node 0
[    0.077273] ACPI: PCI Interrupt Routing Table [\_SB_.PCI0._PRT]
[    0.077407] ACPI: PCI Interrupt Routing Table [\_SB_.PCI0.EXP0._PRT]
[    0.077466] ACPI: PCI Interrupt Routing Table [\_SB_.PCI0.EXP1._PRT]
[    0.077525] ACPI: PCI Interrupt Routing Table [\_SB_.PCI0.EXP2._PRT]
[    0.077582] ACPI: PCI Interrupt Routing Table [\_SB_.PCI0.EXP3._PRT]
[    0.077645] ACPI: PCI Interrupt Routing Table [\_SB_.PCI0.EXP4._PRT]
[    0.077708] ACPI: PCI Interrupt Routing Table [\_SB_.PCI0.PCI1._PRT]
[    0.083246] ACPI: PCI Interrupt Link [LNKA] (IRQs 3 4 5 6 7 9 *10 11)
[    0.084063] ACPI: PCI Interrupt Link [LNKB] (IRQs 3 4 5 6 7 9 10 *11)
[    0.084869] ACPI: PCI Interrupt Link [LNKC] (IRQs 3 4 5 6 7 9 10 *11)
[    0.085630] ACPI: PCI Interrupt Link [LNKD] (IRQs 3 4 5 6 7 9 10 *11)
[    0.086460] ACPI: PCI Interrupt Link [LNKE] (IRQs 3 4 5 6 7 9 10 *11)
[    0.087301] ACPI: PCI Interrupt Link [LNKF] (IRQs 3 4 5 6 7 9 10 *11)
[    0.088117] ACPI: PCI Interrupt Link [LNKG] (IRQs 3 4 5 6 7 9 10 *11)
[    0.088930] ACPI: PCI Interrupt Link [LNKH] (IRQs 3 4 5 6 7 9 10 *11)
[    0.089722] vgaarb: device added: PCI:0000:00:02.0,decodes=io+mem,owns=io+mem,locks=none
[    0.089854] vgaarb: loaded
[    0.090046] SCSI subsystem initialized
[    0.090146] libata version 3.00 loaded.
[    0.090193] usbcore: registered new interface driver usbfs
[    0.090316] usbcore: registered new interface driver hub
[    0.090431] usbcore: registered new device driver usb
[    0.107045] raid6: int32x1    941 MB/s
[    0.124057] raid6: int32x2    890 MB/s
[    0.140990] raid6: int32x4    746 MB/s
[    0.158000] raid6: int32x8    656 MB/s
[    0.175001] raid6: mmxx1     2882 MB/s
[    0.191987] raid6: mmxx2     3253 MB/s
[    0.209005] raid6: sse1x1    1937 MB/s
[    0.225992] raid6: sse1x2    2535 MB/s
[    0.242990] raid6: sse2x1    3511 MB/s
[    0.259984] raid6: sse2x2    3832 MB/s
[    0.260068] raid6: using algorithm sse2x2 (3832 MB/s)
[    0.260161] PCI: Using ACPI for IRQ routing
[    0.260457] HPET: 3 timers in total, 0 timers will be used for per-cpu timer
[    0.260989] Switching to clocksource tsc
[    0.261090] pnp: PnP ACPI init
[    0.261178] ACPI: bus type pnp registered
[    0.264835] pnp: PnP ACPI: found 11 devices
[    0.264943] ACPI: ACPI bus type pnp unregistered
[    0.265037] system 00:00: iomem range 0x0-0x9ffff could not be reserved
[    0.265129] system 00:00: iomem range 0xc0000-0xc3fff could not be reserved
[    0.265221] system 00:00: iomem range 0xc4000-0xc7fff could not be reserved
[    0.265314] system 00:00: iomem range 0xc8000-0xcbfff has been reserved
[    0.265412] system 00:00: iomem range 0xcc000-0xcffff has been reserved
[    0.265511] system 00:00: iomem range 0xd0000-0xd3fff could not be reserved
[    0.265601] system 00:00: iomem range 0xe0000-0xe3fff could not be reserved
[    0.265692] system 00:00: iomem range 0xe4000-0xe7fff could not be reserved
[    0.265783] system 00:00: iomem range 0xe8000-0xebfff could not be reserved
[    0.265878] system 00:00: iomem range 0xec000-0xeffff could not be reserved
[    0.265974] system 00:00: iomem range 0xf0000-0xfffff could not be reserved
[    0.266073] system 00:00: iomem range 0x100000-0x3dffffff could not be reserved
[    0.266194] system 00:00: iomem range 0xfec00000-0xfed3ffff could not be reserved
[    0.266316] system 00:00: iomem range 0xfed4c000-0xffffffff could not be reserved
[    0.266444] system 00:02: ioport range 0x164e-0x164f has been reserved
[    0.266535] system 00:02: ioport range 0x1000-0x107f has been reserved
[    0.266631] system 00:02: ioport range 0x1180-0x11bf has been reserved
[    0.266719] system 00:02: ioport range 0x800-0x80f has been reserved
[    0.266811] system 00:02: ioport range 0x15e0-0x15ef has been reserved
[    0.266912] system 00:02: ioport range 0x1600-0x165f could not be reserved
[    0.267010] system 00:02: iomem range 0xf0000000-0xf3ffffff has been reserved
[    0.267105] system 00:02: iomem range 0xfed1c000-0xfed1ffff has been reserved
[    0.267197] system 00:02: iomem range 0xfed14000-0xfed17fff has been reserved
[    0.267289] system 00:02: iomem range 0xfed18000-0xfed18fff has been reserved
[    0.267383] system 00:02: iomem range 0xfed19000-0xfed19fff has been reserved
[    0.267471] system 00:02: iomem range 0xfed45000-0xfed4bfff has been reserved
[    0.302522] pci 0000:00:1c.0: PCI bridge, secondary bus 0000:02
[    0.302619] pci 0000:00:1c.0:   IO window: 0x2000-0x2fff
[    0.302712] pci 0000:00:1c.0:   MEM window: 0xfc000000-0xfdffffff
[    0.302805] pci 0000:00:1c.0:   PREFETCH window: 0x000000f8000000-0x000000f80fffff
[    0.302936] pci 0000:00:1c.1: PCI bridge, secondary bus 0000:03
[    0.303033] pci 0000:00:1c.1:   IO window: 0x3000-0x3fff
[    0.303133] pci 0000:00:1c.1:   MEM window: 0xdc000000-0xdf3fffff
[    0.303227] pci 0000:00:1c.1:   PREFETCH window: 0x000000dfe00000-0x000000dfefffff
[    0.303353] pci 0000:00:1c.2: PCI bridge, secondary bus 0000:04
[    0.303450] pci 0000:00:1c.2:   IO window: 0x4000-0x4fff
[    0.303548] pci 0000:00:1c.2:   MEM window: 0xd8000000-0xd9ffffff
[    0.303642] pci 0000:00:1c.2:   PREFETCH window: 0x000000dfb00000-0x000000dfbfffff
[    0.303771] pci 0000:00:1c.3: PCI bridge, secondary bus 0000:05
[    0.303866] pci 0000:00:1c.3:   IO window: 0x5000-0x5fff
[    0.303963] pci 0000:00:1c.3:   MEM window: 0xd4000000-0xd5ffffff
[    0.304062] pci 0000:00:1c.3:   PREFETCH window: 0x000000df800000-0x000000df8fffff
[    0.304188] pci 0000:00:1c.4: PCI bridge, secondary bus 0000:0d
[    0.304280] pci 0000:00:1c.4:   IO window: 0x6000-0x6fff
[    0.304372] pci 0000:00:1c.4:   MEM window: 0xd0000000-0xd1ffffff
[    0.304471] pci 0000:00:1c.4:   PREFETCH window: 0x000000df500000-0x000000df5fffff
[    0.304609] pci 0000:15:00.0: CardBus bridge, secondary bus 0000:16
[    0.304696] pci 0000:15:00.0:   IO window: 0x007000-0x0070ff
[    0.304793] pci 0000:15:00.0:   IO window: 0x007400-0x0074ff
[    0.304899] pci 0000:15:00.0:   PREFETCH window: 0xf4000000-0xf7ffffff
[    0.304997] pci 0000:15:00.0:   MEM window: 0x40000000-0x43ffffff
[    0.305097] pci 0000:00:1e.0: PCI bridge, secondary bus 0000:15
[    0.305193] pci 0000:00:1e.0:   IO window: 0x7000-0xafff
[    0.305287] pci 0000:00:1e.0:   MEM window: 0xf8300000-0xfbffffff
[    0.305380] pci 0000:00:1e.0:   PREFETCH window: 0x000000f4000000-0x000000f7ffffff
[    0.305520] pci 0000:00:1c.0: PCI INT A -> GSI 20 (level, low) -> IRQ 20
[    0.305615] pci 0000:00:1c.0: setting latency timer to 64
[    0.305629] pci 0000:00:1c.1: PCI INT B -> GSI 21 (level, low) -> IRQ 21
[    0.305734] pci 0000:00:1c.1: setting latency timer to 64
[    0.305745] pci 0000:00:1c.2: PCI INT C -> GSI 22 (level, low) -> IRQ 22
[    0.305840] pci 0000:00:1c.2: setting latency timer to 64
[    0.305863] pci 0000:00:1c.3: PCI INT D -> GSI 23 (level, low) -> IRQ 23
[    0.305966] pci 0000:00:1c.3: setting latency timer to 64
[    0.305979] pci 0000:00:1c.4: PCI INT A -> GSI 20 (level, low) -> IRQ 20
[    0.306073] pci 0000:00:1c.4: setting latency timer to 64
[    0.306082] pci 0000:00:1e.0: enabling device (0005 -> 0007)
[    0.306186] pci 0000:00:1e.0: setting latency timer to 64
[    0.306200] pci 0000:15:00.0: PCI INT A -> GSI 16 (level, low) -> IRQ 16
[    0.306295] pci 0000:15:00.0: setting latency timer to 64
[    0.306301] pci_bus 0000:00: resource 0 io:  [0x00-0xffff]
[    0.306303] pci_bus 0000:00: resource 1 mem: [0x000000-0xffffffff]
[    0.306305] pci_bus 0000:02: resource 0 io:  [0x2000-0x2fff]
[    0.306307] pci_bus 0000:02: resource 1 mem: [0xfc000000-0xfdffffff]
[    0.306308] pci_bus 0000:02: resource 2 pref mem [0xf8000000-0xf80fffff]
[    0.306310] pci_bus 0000:03: resource 0 io:  [0x3000-0x3fff]
[    0.306312] pci_bus 0000:03: resource 1 mem: [0xdc000000-0xdf3fffff]
[    0.306314] pci_bus 0000:03: resource 2 pref mem [0xdfe00000-0xdfefffff]
[    0.306316] pci_bus 0000:04: resource 0 io:  [0x4000-0x4fff]
[    0.306318] pci_bus 0000:04: resource 1 mem: [0xd8000000-0xd9ffffff]
[    0.306319] pci_bus 0000:04: resource 2 pref mem [0xdfb00000-0xdfbfffff]
[    0.306321] pci_bus 0000:05: resource 0 io:  [0x5000-0x5fff]
[    0.306323] pci_bus 0000:05: resource 1 mem: [0xd4000000-0xd5ffffff]
[    0.306325] pci_bus 0000:05: resource 2 pref mem [0xdf800000-0xdf8fffff]
[    0.306327] pci_bus 0000:0d: resource 0 io:  [0x6000-0x6fff]
[    0.306328] pci_bus 0000:0d: resource 1 mem: [0xd0000000-0xd1ffffff]
[    0.306330] pci_bus 0000:0d: resource 2 pref mem [0xdf500000-0xdf5fffff]
[    0.306332] pci_bus 0000:15: resource 0 io:  [0x7000-0xafff]
[    0.306334] pci_bus 0000:15: resource 1 mem: [0xf8300000-0xfbffffff]
[    0.306336] pci_bus 0000:15: resource 2 pref mem [0xf4000000-0xf7ffffff]
[    0.306338] pci_bus 0000:15: resource 3 io:  [0x00-0xffff]
[    0.306339] pci_bus 0000:15: resource 4 mem: [0x000000-0xffffffff]
[    0.306341] pci_bus 0000:16: resource 0 io:  [0x7000-0x70ff]
[    0.306343] pci_bus 0000:16: resource 1 io:  [0x7400-0x74ff]
[    0.306345] pci_bus 0000:16: resource 2 pref mem [0xf4000000-0xf7ffffff]
[    0.306347] pci_bus 0000:16: resource 3 mem: [0x40000000-0x43ffffff]
[    0.306354] NET: Registered protocol family 2
[    0.306454] RANDOM - __random32 called. Change num 7.  Value: 437d97bf	f373de51	f3b0f986
[    0.306455] RANDOM - random32 called.  Value: 437d97bf	f373de51	f3b0f986
[    0.306460] random 0000 0000 0000 5f8db4e5 4cfdf2a8: rand_read_num 3 get_random_bytes(4): sig fffffb64 5f8db4e5 4cfdf2a8
[    0.306462] random 0000 0000 0000 5f8db4e5 4cfdf2a8: extract_entropy(.. 4 ..)
[    0.306465] random 0000 0000 0000 5f8db4e5 4cfdf2a8: going to reseed nonblocking with 64 bits (32 of 0 requested)
[    0.306467] random 0000 0000 0000 5f8db4e5 4cfdf2a8: extract_entropy(.. 8 ..)
[    0.306469] random 0000 0000 0000 5f8db4e5 4cfdf2a8: trying to extract 64 bits from input
[    0.306471] random 0000 0000 0000 5f8db4e5 4cfdf2a8: debiting 0 entropy credits from input
[    0.306473] random 0000 0000 0000 5f8db4e5 4cfdf2a8: extract_entropy account returned: 0 
[    0.306476] random 0000 0000 0000 5f8db4e5 4cfdf2a8: urand_change_num 5 xfer_secondary_pool(4): pool_sig fffffb64, data_sig 00000000, bytes_mixed 0 5f8db4e5 4cfdf2a8
[    0.306479] random 0000 0000 0000 5f8db4e5 4cfdf2a8: trying to extract 32 bits from nonblocking
[    0.306481] random 0000 0000 0000 5f8db4e5 4cfdf2a8: debiting 32 entropy credits from nonblocking (unlimited)
[    0.306484] random 0000 0000 0000 5f8db4e5 4cfdf2a8: extract_entropy account returned: 4 
[    0.306488] random 0000 0000 0000 5f8db4e5 4cfdf2a8: urand_change_num 6 extract_buf: pool_sig fffffb64, data_sig 00000241, bytes_mixed 20 5f8db4e5 4cfdf2a8
[    0.306497] IP route cache hash table entries: 32768 (order: 5, 131072 bytes)
[    0.306627] RANDOM - __random32 called. Change num 8.  Value: d97bfe31	373de51f	f30dc6e6
[    0.306628] RANDOM - random32 called.  Value: d97bfe31	373de51f	f30dc6e6
[    0.306639] RANDOM - __random32 called. Change num 9.  Value: bfe314d7	73de51f5	8dcd6c7e
[    0.306641] RANDOM - random32 called.  Value: bfe314d7	73de51f5	8dcd6c7e
[    0.306642] RANDOM - __random32 called. Change num 10.  Value: 314d7baf	3de51f5e	d8fc74c1
[    0.306644] RANDOM - random32 called.  Value: 314d7baf	3de51f5e	d8fc74c1
[    0.306654] RANDOM - __random32 called. Change num 11.  Value: d7baf3c7	de51f5e5	e983e3fa
[    0.306656] RANDOM - random32 called.  Value: d7baf3c7	de51f5e5	e983e3fa
[    0.306665] TCP established hash table entries: 131072 (order: 8, 1048576 bytes)
[    0.307164] TCP bind hash table entries: 65536 (order: 6, 262144 bytes)
[    0.307351] TCP: Hash tables configured (established 131072 bind 65536)
[    0.307444] TCP reno registered
[    0.307555] NET: Registered protocol family 1
[    0.307672] RPC: Registered udp transport module.
[    0.307768] RPC: Registered tcp transport module.
[    0.307863] RPC: Registered tcp NFSv4.1 backchannel transport module.
[    0.307957] pci 0000:00:02.0: Boot video device
[    0.308169] Simple Boot Flag at 0x35 set to 0x1
[    0.308692] highmem bounce pool size: 64 pages
[    0.310265] VFS: Disk quotas dquot_6.5.2
[    0.310388] Dquot-cache hash table entries: 1024 (order 0, 4096 bytes)
[    0.311063] NTFS driver 2.1.29 [Flags: R/W].
[    0.311224] ROMFS MTD (C) 2007 Red Hat, Inc.
[    0.311445] JFS: nTxBlock = 7695, nTxLock = 61562
[    0.313929] SGI XFS with ACLs, security attributes, large block/inode numbers, no debug enabled
[    0.314401] SGI XFS Quota Management subsystem
[    0.314692] Slow work thread pool: Starting up
[    0.314795] Slow work thread pool: Ready
[    0.314906] GFS2 (built May 24 2013 02:47:17) installed
[    0.314998] msgmni has been set to 1734
[    0.315163] alg: No test for cipher_null (cipher_null-generic)
[    0.315268] alg: No test for ecb(cipher_null) (ecb-cipher_null)
[    0.315368] alg: No test for digest_null (digest_null-generic)
[    0.315466] alg: No test for compress_null (compress_null-generic)
[    0.316028] alg: No test for fcrypt (fcrypt-generic)
[    0.317444] alg: No test for stdrng (krng)
[    0.317535] async_tx: api initialized (async)
[    0.317696] Block layer SCSI generic (bsg) driver version 0.4 loaded (major 254)
[    0.317830] io scheduler noop registered
[    0.317928] io scheduler anticipatory registered
[    0.318018] io scheduler deadline registered
[    0.318150] io scheduler cfq registered (default)
[    0.318397] pcieport 0000:00:1c.0: irq 24 for MSI/MSI-X
[    0.318415] pcieport 0000:00:1c.0: setting latency timer to 64
[    0.318607] pcieport 0000:00:1c.1: irq 25 for MSI/MSI-X
[    0.318619] pcieport 0000:00:1c.1: setting latency timer to 64
[    0.318795] pcieport 0000:00:1c.2: irq 26 for MSI/MSI-X
[    0.318806] pcieport 0000:00:1c.2: setting latency timer to 64
[    0.318999] pcieport 0000:00:1c.3: irq 27 for MSI/MSI-X
[    0.319010] pcieport 0000:00:1c.3: setting latency timer to 64
[    0.319185] pcieport 0000:00:1c.4: irq 28 for MSI/MSI-X
[    0.319197] pcieport 0000:00:1c.4: setting latency timer to 64
[    0.319342] pci_hotplug: PCI Hot Plug PCI Core version: 0.5
[    0.319540] isapnp: Scanning for PnP cards...
[    0.680074] isapnp: No Plug & Play device found
[    0.680162] random 0000 0000 0000 5f8db4e5 4cfdf2a8: initializing
[    0.680164] RANDOM init_std_data for input now value: 1370025264680164181
[    0.680166] RANDOM init_std_data for blocking now value: 1370025264680166161
[    0.680167] RANDOM init_std_data for nonblocking now value: 1370025264680167885
[    0.699763] Serial: 8250/16550 driver, 4 ports, IRQ sharing enabled
[    3.710282] floppy0: no floppy controllers found
[    3.711237] brd: module loaded
[    3.711746] loop: module loaded
[    3.711838] Compaq SMART2 Driver (v 2.6.0)
[    3.711962] HP CISS Driver (v 3.6.20)
[    3.712213] input: Macintosh mouse button emulation as /devices/virtual/input/input0
[    3.712358] Uniform Multi-Platform E-IDE driver
[    3.712595] piix 0000:00:1f.1: IDE controller (0x8086:0x2850 rev 0x03)
[    3.712706] pci 0000:00:1f.1: PCI INT C -> GSI 16 (level, low) -> IRQ 16
[    3.712814] piix 0000:00:1f.1: IDE port disabled
[    3.712906] piix 0000:00:1f.1: not 100% native mode: will probe irqs later
[    3.713007]     ide0: BM-DMA at 0x1c00-0x1c07
[    3.713099] Probing IDE interface ide0...
[    4.384387] hda: HL-DT-ST DVDRAM GSA-U10N, ATAPI CD/DVD-ROM drive
[    4.691145] hda: host max PIO4 wanted PIO255(auto-tune) selected PIO4
[    4.691916] hda: UDMA/33 mode selected
[    4.692383] ide0 at 0x1f0-0x1f7,0x3f6 on irq 14
[    4.696294] ide-gd driver 1.18
[    4.696405] ide-cd driver 5.00
[    4.697796] random 0000 0000 0000 00000000 00000000: add_disk_randomness(0:0) 00000000 00000000
[    4.697801] random 0000 0000 0000 00000000 00000000: add_timer_randomness(.. 256) with jiffies: 17482267162612301434, cycles: -964476915391922167
[    4.697803] random 0000 0000 0000 00000000 00000000: added 11 entropy credits to input
[    4.697807] ide-cd: hda: ATAPI 24X DVD-ROM DVD-R/RAM CD-R/RW drive, 2048kB Cache
[    4.698267] Uniform CD-ROM driver Revision: 3.20
[    4.701028] random 0011 0000 0000 00000000 00000000: add_disk_randomness(0:0) 00000000 00000000
[    4.701031] random 0011 0000 0000 00000000 00000000: add_timer_randomness(.. 256) with jiffies: 17511348605216849533, cycles: -935395472787374071
[    4.701034] random 0011 0000 0000 00000000 00000000: added 1 entropy credits to input
[    4.701037] random 0012 0000 0000 00000000 00000000: add_disk_randomness(0:0) 00000000 00000000
[    4.701040] random 0012 0000 0000 00000000 00000000: add_timer_randomness(.. 256) with jiffies: 17511426215275888253, cycles: -935317862728335351
[    4.703025] random 0012 0000 0000 00000000 00000000: add_disk_randomness(0:0) 00000000 00000000
[    4.703028] random 0012 0000 0000 00000000 00000000: add_timer_randomness(.. 256) with jiffies: 17529317657461620351, cycles: -917426420542603255
[    4.703031] random 0012 0000 0000 00000000 00000000: added 1 entropy credits to input
[    4.703034] random 0013 0000 0000 00000000 00000000: add_disk_randomness(0:0) 00000000 00000000
[    4.703037] random 0013 0000 0000 00000000 00000000: add_timer_randomness(.. 256) with jiffies: 17529392789324529279, cycles: -917351288679694327
[    4.705025] random 0013 0000 0000 00000000 00000000: add_disk_randomness(0:0) 00000000 00000000
[    4.705028] random 0013 0000 0000 00000000 00000000: add_timer_randomness(.. 256) with jiffies: 17547307316959477377, cycles: -899436761044746231
[    4.705030] random 0013 0000 0000 00000000 00000000: added 1 entropy credits to input
[    4.705033] random 0014 0000 0000 00000000 00000000: add_disk_randomness(0:0) 00000000 00000000
[    4.705036] random 0014 0000 0000 00000000 00000000: add_timer_randomness(.. 256) with jiffies: 17547379833187303041, cycles: -899364244816920567
[    4.705306] Loading iSCSI transport class v2.0-870.
[    4.705593] rdac: device handler registered
[    4.705680] hp_sw: device handler registered
[    4.705768] emc: device handler registered
[    4.705856] alua: device handler registered
[    4.706847] Adaptec aacraid driver 1.1-5[2461]-ms
[    4.707282] scsi: <fdomain> Detection failed (no card)
[    4.707377] sym53c416.c: Version 1.0.0-ac
[    4.707484] qlogicfas: no cards were found, please specify I/O address and IRQ using iobase= and irq= options
[    4.707609] QLogic Fibre Channel HBA Driver: 8.03.01-k6
[    4.707833] iscsi: registered transport (qla4xxx)
[    4.707952] QLogic iSCSI HBA Driver
[    4.708042] Emulex LightPulse Fibre Channel SCSI driver 8.3.4
[    4.708137] Copyright(c) 2004-2009 Emulex.  All rights reserved.
[    4.730124] Failed initialization of WD-7000 SCSI card!
[    4.819176] DC390: clustering now enabled by default. If you get problems load
[    4.819298]        with "disable_clustering=1" and report to maintainers
[    4.819432] megaraid cmm: 2.20.2.7 (Release Date: Sun Jul 16 00:01:03 EST 2006)
[    4.819584] megaraid: 2.20.5.1 (Release Date: Thu Nov 16 15:32:35 EST 2006)
[    4.819697] megasas: 00.00.04.01 Thu July 24 11:41:51 PST 2008
[    4.819828] GDT-HA: Storage RAID Controller Driver. Version: 3.05
[    4.819975] 3ware Storage Controller device driver for Linux v1.26.02.002.
[    4.820095] 3ware 9000 Storage Controller device driver for Linux v2.26.02.012.
[    4.820236] nsp32: loading...
[    4.820347] ipr: IBM Power RAID SCSI Device Driver version: 2.4.3 (June 10, 2009)
[    4.820490] RocketRAID 3xxx/4xxx Controller driver v1.6 (090910)
[    4.820606] stex: Promise SuperTrak EX Driver version: 4.6.0000.3
[    4.820741] st: Version 20081215, fixed bufsize 32768, s/g segs 256
[    4.820930] ahci 0000:00:1f.2: version 3.0
[    4.820943] ahci 0000:00:1f.2: PCI INT B -> GSI 16 (level, low) -> IRQ 16
[    4.821070] ahci 0000:00:1f.2: irq 29 for MSI/MSI-X
[    4.821142] ahci 0000:00:1f.2: AHCI 0001.0100 32 slots 3 ports 1.5 Gbps 0x5 impl SATA mode
[    4.821265] ahci 0000:00:1f.2: flags: 64bit ncq sntf pm led clo pio slum part ccc 
[    4.821395] ahci 0000:00:1f.2: setting latency timer to 64
[    4.821537] scsi2 : ahci
[    4.821697] scsi3 : ahci
[    4.821836] scsi4 : ahci
[    4.822005] ata1: SATA max UDMA/133 abar m2048@0xfe226000 port 0xfe226100 irq 29
[    4.822139] ata2: DUMMY
[    4.822231] ata3: SATA max UDMA/133 abar m2048@0xfe226000 port 0xfe226200 irq 29
[    4.822835] I2O subsystem v1.325
[    4.822937] i2o: max drivers = 8
[    4.823083] I2O Configuration OSM v1.323
[    4.823199] I2O Bus Adapter OSM v1.317
[    4.823305] I2O Block Device OSM v1.325
[    4.823456] I2O SCSI Peripheral OSM v1.316
[    4.823564] I2O ProcFS OSM v1.316
[    4.823680] Fusion MPT base driver 3.04.12
[    4.823766] Copyright (c) 1999-2008 LSI Corporation
[    4.823857] Fusion MPT SPI Host driver 3.04.12
[    4.823975] Fusion MPT FC Host driver 3.04.12
[    4.824142] Fusion MPT SAS Host driver 3.04.12
[    4.824294] ohci1394 0000:15:00.1: PCI INT B -> GSI 17 (level, low) -> IRQ 17
[    4.824389] ohci1394 0000:15:00.1: setting latency timer to 64
[    4.878121] ohci1394: fw-host0: OHCI-1394 1.1 (PCI): IRQ=[17]  MMIO=[f8301000-f83017ff]  Max Packet=[2048]  IR/IT contexts=[4/4]
[    4.881392] ehci_hcd: USB 2.0 'Enhanced' Host Controller (EHCI) Driver
[    4.881670] ehci_hcd 0000:00:1a.7: power state changed by ACPI to D0
[    4.881910] ehci_hcd 0000:00:1a.7: power state changed by ACPI to D0
[    4.882006] ehci_hcd 0000:00:1a.7: PCI INT C -> GSI 22 (level, low) -> IRQ 22
[    4.882109] ehci_hcd 0000:00:1a.7: setting latency timer to 64
[    4.882114] ehci_hcd 0000:00:1a.7: EHCI Host Controller
[    4.882250] ehci_hcd 0000:00:1a.7: new USB bus registered, assigned bus number 1
[    4.886301] ehci_hcd 0000:00:1a.7: cache line size of 32 is not supported
[    4.886310] ehci_hcd 0000:00:1a.7: irq 22, io mem 0xfe226c00
[    4.896080] ehci_hcd 0000:00:1a.7: USB 2.0 started, EHCI 1.00
[    4.896185] usb usb1: New USB device found, idVendor=1d6b, idProduct=0002
[    4.896277] usb usb1: New USB device strings: Mfr=3, Product=2, SerialNumber=1
[    4.896396] usb usb1: Product: EHCI Host Controller
[    4.896485] usb usb1: Manufacturer: Linux 2.6.32.57 ehci_hcd
[    4.896580] usb usb1: SerialNumber: 0000:00:1a.7
[    4.896721] usb usb1: configuration #1 chosen from 1 choice
[    4.896841] hub 1-0:1.0: USB hub found
[    4.896939] hub 1-0:1.0: 4 ports detected
[    4.897271] ehci_hcd 0000:00:1d.7: power state changed by ACPI to D0
[    4.897524] ehci_hcd 0000:00:1d.7: power state changed by ACPI to D0
[    4.897628] ehci_hcd 0000:00:1d.7: PCI INT D -> GSI 19 (level, low) -> IRQ 19
[    4.897725] ehci_hcd 0000:00:1d.7: setting latency timer to 64
[    4.897728] ehci_hcd 0000:00:1d.7: EHCI Host Controller
[    4.897863] ehci_hcd 0000:00:1d.7: new USB bus registered, assigned bus number 2
[    4.898010] ehci_hcd 0000:00:1d.7: debug port 1
[    4.901987] ehci_hcd 0000:00:1d.7: cache line size of 32 is not supported
[    4.901996] ehci_hcd 0000:00:1d.7: irq 19, io mem 0xfe227000
[    4.912078] ehci_hcd 0000:00:1d.7: USB 2.0 started, EHCI 1.00
[    4.912177] usb usb2: New USB device found, idVendor=1d6b, idProduct=0002
[    4.912271] usb usb2: New USB device strings: Mfr=3, Product=2, SerialNumber=1
[    4.912392] usb usb2: Product: EHCI Host Controller
[    4.912488] usb usb2: Manufacturer: Linux 2.6.32.57 ehci_hcd
[    4.912586] usb usb2: SerialNumber: 0000:00:1d.7
[    4.912732] usb usb2: configuration #1 chosen from 1 choice
[    4.912850] hub 2-0:1.0: USB hub found
[    4.912940] hub 2-0:1.0: 6 ports detected
[    4.913122] 116x: driver isp116x-hcd, 03 Nov 2005
[    4.913229] ohci_hcd: USB 1.1 'Open' Host Controller (OHCI) Driver
[    4.913344] uhci_hcd: USB Universal Host Controller Interface driver
[    4.913458] uhci_hcd 0000:00:1a.0: PCI INT A -> GSI 20 (level, low) -> IRQ 20
[    4.913556] uhci_hcd 0000:00:1a.0: setting latency timer to 64
[    4.913561] uhci_hcd 0000:00:1a.0: UHCI Host Controller
[    4.913694] uhci_hcd 0000:00:1a.0: new USB bus registered, assigned bus number 3
[    4.913845] uhci_hcd 0000:00:1a.0: irq 20, io base 0x00001860
[    4.913958] usb usb3: New USB device found, idVendor=1d6b, idProduct=0001
[    4.914055] usb usb3: New USB device strings: Mfr=3, Product=2, SerialNumber=1
[    4.914184] usb usb3: Product: UHCI Host Controller
[    4.914279] usb usb3: Manufacturer: Linux 2.6.32.57 uhci_hcd
[    4.914369] usb usb3: SerialNumber: 0000:00:1a.0
[    4.914506] usb usb3: configuration #1 chosen from 1 choice
[    4.914625] hub 3-0:1.0: USB hub found
[    4.914725] hub 3-0:1.0: 2 ports detected
[    4.915023] uhci_hcd 0000:00:1a.1: power state changed by ACPI to D0
[    4.915284] uhci_hcd 0000:00:1a.1: power state changed by ACPI to D0
[    4.915379] uhci_hcd 0000:00:1a.1: PCI INT B -> GSI 21 (level, low) -> IRQ 21
[    4.915483] uhci_hcd 0000:00:1a.1: setting latency timer to 64
[    4.915486] uhci_hcd 0000:00:1a.1: UHCI Host Controller
[    4.915614] uhci_hcd 0000:00:1a.1: new USB bus registered, assigned bus number 4
[    4.915764] uhci_hcd 0000:00:1a.1: irq 21, io base 0x00001880
[    4.915884] usb usb4: New USB device found, idVendor=1d6b, idProduct=0001
[    4.915974] usb usb4: New USB device strings: Mfr=3, Product=2, SerialNumber=1
[    4.916099] usb usb4: Product: UHCI Host Controller
[    4.916197] usb usb4: Manufacturer: Linux 2.6.32.57 uhci_hcd
[    4.916287] usb usb4: SerialNumber: 0000:00:1a.1
[    4.916422] usb usb4: configuration #1 chosen from 1 choice
[    4.916541] hub 4-0:1.0: USB hub found
[    4.916632] hub 4-0:1.0: 2 ports detected
[    4.916930] uhci_hcd 0000:00:1d.0: power state changed by ACPI to D0
[    4.917160] uhci_hcd 0000:00:1d.0: power state changed by ACPI to D0
[    4.917255] uhci_hcd 0000:00:1d.0: PCI INT A -> GSI 16 (level, low) -> IRQ 16
[    4.917353] uhci_hcd 0000:00:1d.0: setting latency timer to 64
[    4.917356] uhci_hcd 0000:00:1d.0: UHCI Host Controller
[    4.917490] uhci_hcd 0000:00:1d.0: new USB bus registered, assigned bus number 5
[    4.917643] uhci_hcd 0000:00:1d.0: irq 16, io base 0x000018a0
[    4.917759] usb usb5: New USB device found, idVendor=1d6b, idProduct=0001
[    4.917851] usb usb5: New USB device strings: Mfr=3, Product=2, SerialNumber=1
[    4.917970] usb usb5: Product: UHCI Host Controller
[    4.918065] usb usb5: Manufacturer: Linux 2.6.32.57 uhci_hcd
[    4.918165] usb usb5: SerialNumber: 0000:00:1d.0
[    4.918301] usb usb5: configuration #1 chosen from 1 choice
[    4.918422] hub 5-0:1.0: USB hub found
[    4.918512] hub 5-0:1.0: 2 ports detected
[    4.918658] uhci_hcd 0000:00:1d.1: PCI INT B -> GSI 17 (level, low) -> IRQ 17
[    4.918762] uhci_hcd 0000:00:1d.1: setting latency timer to 64
[    4.918767] uhci_hcd 0000:00:1d.1: UHCI Host Controller
[    4.918896] uhci_hcd 0000:00:1d.1: new USB bus registered, assigned bus number 6
[    4.919047] uhci_hcd 0000:00:1d.1: irq 17, io base 0x000018c0
[    4.919164] usb usb6: New USB device found, idVendor=1d6b, idProduct=0001
[    4.919267] usb usb6: New USB device strings: Mfr=3, Product=2, SerialNumber=1
[    4.919395] usb usb6: Product: UHCI Host Controller
[    4.919479] usb usb6: Manufacturer: Linux 2.6.32.57 uhci_hcd
[    4.919568] usb usb6: SerialNumber: 0000:00:1d.1
[    4.919703] usb usb6: configuration #1 chosen from 1 choice
[    4.919819] hub 6-0:1.0: USB hub found
[    4.919911] hub 6-0:1.0: 2 ports detected
[    4.920218] uhci_hcd 0000:00:1d.2: power state changed by ACPI to D0
[    4.920465] uhci_hcd 0000:00:1d.2: power state changed by ACPI to D0
[    4.920564] uhci_hcd 0000:00:1d.2: PCI INT C -> GSI 18 (level, low) -> IRQ 18
[    4.920661] uhci_hcd 0000:00:1d.2: setting latency timer to 64
[    4.920665] uhci_hcd 0000:00:1d.2: UHCI Host Controller
[    4.920792] uhci_hcd 0000:00:1d.2: new USB bus registered, assigned bus number 7
[    4.920947] uhci_hcd 0000:00:1d.2: irq 18, io base 0x000018e0
[    4.921061] usb usb7: New USB device found, idVendor=1d6b, idProduct=0001
[    4.921165] usb usb7: New USB device strings: Mfr=3, Product=2, SerialNumber=1
[    4.921297] usb usb7: Product: UHCI Host Controller
[    4.921397] usb usb7: Manufacturer: Linux 2.6.32.57 uhci_hcd
[    4.921488] usb usb7: SerialNumber: 0000:00:1d.2
[    4.922278] usb usb7: configuration #1 chosen from 1 choice
[    4.922393] hub 7-0:1.0: USB hub found
[    4.922484] hub 7-0:1.0: 2 ports detected
[    4.922652] sl811: driver sl811-hcd, 19 May 2005
[    4.922756] r8a66597_hcd: driver r8a66597_hcd, 2009-05-26
[    4.922926] Initializing USB Mass Storage driver...
[    4.923058] usbcore: registered new interface driver usb-storage
[    4.923155] USB Mass Storage support registered.
[    4.923259] usbcore: registered new interface driver ums-alauda
[    4.923372] usbcore: registered new interface driver ums-cypress
[    4.923491] usbcore: registered new interface driver ums-datafab
[    4.923601] usbcore: registered new interface driver ums-freecom
[    4.923709] usbcore: registered new interface driver ums-isd200
[    4.923819] usbcore: registered new interface driver ums-jumpshot
[    4.923928] usbcore: registered new interface driver ums-karma
[    4.924037] usbcore: registered new interface driver ums-onetouch
[    4.924162] usbcore: registered new interface driver ums-sddr09
[    4.924276] usbcore: registered new interface driver ums-sddr55
[    4.924384] usbcore: registered new interface driver ums-usbat
[    4.924529] PNP: PS/2 Controller [PNP0303:KBD,PNP0f13:MOU] at 0x60,0x64 irq 1,12
[    4.932699] serio: i8042 KBD port at 0x60,0x64 irq 1
[    4.932791] serio: i8042 AUX port at 0x60,0x64 irq 12
[    4.933037] mice: PS/2 mouse device common for all mice
[    4.933171] i2c /dev entries driver
[    4.933311] md: linear personality registered for level -1
[    4.933403] md: raid0 personality registered for level 0
[    4.933489] md: raid1 personality registered for level 1
[    4.933578] md: raid10 personality registered for level 10
[    4.933668] md: raid6 personality registered for level 6
[    4.933760] md: raid5 personality registered for level 5
[    4.933848] md: raid4 personality registered for level 4
[    4.933935] md: multipath personality registered for level -4
[    4.934134] device-mapper: ioctl: 4.15.0-ioctl (2009-04-01) initialised: dm-devel@redhat.com
[    4.934338] cpuidle: using governor ladder
[    4.934928] usbcore: registered new interface driver usbhid
[    4.935018] usbhid: v2.6:USB HID core driver
[    4.935183] random 0014 0000 0000 00000000 00000000: rand_read_num 4 get_random_bytes(136): sig 00000000 00000000 00000000
[    4.935185] random 0014 0000 0000 00000000 00000000: extract_entropy(.. 136 ..)
[    4.935188] random 0014 0000 0000 00000000 00000000: going to reseed nonblocking with 1024 bits (1088 of 0 requested)
[    4.935190] random 0014 0000 0000 00000000 00000000: extract_entropy(.. 128 ..)
[    4.935193] random 0014 0000 0000 00000000 00000000: trying to extract 1024 bits from input
[    4.935195] random 0014 0000 0000 00000000 00000000: debiting 0 entropy credits from input
[    4.935197] random 0014 0000 0000 00000000 00000000: extract_entropy account returned: 0 
[    4.935200] random 0014 0000 0000 00000000 00000000: urand_change_num 7 xfer_secondary_pool(136): pool_sig 00000000, data_sig 00000000, bytes_mixed 0 00000000 00000000
[    4.935203] random 0014 0000 0000 00000000 00000000: trying to extract 1088 bits from nonblocking
[    4.935206] random 0014 0000 0000 00000000 00000000: debiting 1088 entropy credits from nonblocking (unlimited)
[    4.935208] random 0014 0000 0000 00000000 00000000: extract_entropy account returned: 136 
[    4.935212] random 0014 0000 0000 00000000 00000000: urand_change_num 8 extract_buf: pool_sig 00000000, data_sig fffffff9, bytes_mixed 20 00000000 00000000
[    4.935218] random 0014 0000 0000 b7c35b56 be4dc95d: urand_change_num 9 extract_buf: pool_sig fffffd1e, data_sig 000000c5, bytes_mixed 20 b7c35b56 be4dc95d
[    4.935223] random 0014 0000 0000 ed9f5c47 c48487fb: urand_change_num 10 extract_buf: pool_sig fffff8ec, data_sig ffffff68, bytes_mixed 20 ed9f5c47 c48487fb
[    4.935228] random 0014 0000 0000 ed9f5c47 c48487fb: urand_change_num 11 extract_buf: pool_sig fffffaed, data_sig 000001aa, bytes_mixed 20 ed9f5c47 c48487fb
[    4.935233] random 0014 0000 0000 1b4f7c0a 91bd6a48: urand_change_num 12 extract_buf: pool_sig fffffdd8, data_sig 00000064, bytes_mixed 20 1b4f7c0a 91bd6a48
[    4.935239] random 0014 0000 0000 a254b9bc 20e9a24f: urand_change_num 13 extract_buf: pool_sig fffffbe6, data_sig 000001dd, bytes_mixed 20 a254b9bc 20e9a24f
[    4.935244] random 0014 0000 0000 a254b9bc 20e9a24f: urand_change_num 14 extract_buf: pool_sig fffff940, data_sig fffffe20, bytes_mixed 20 a254b9bc 20e9a24f
[    4.935249] random 0014 0000 0000 2831a66b 5fa2a3ad: urand_change_num 15 extract_buf: pool_sig fffffbce, data_sig 0000007e, bytes_mixed 20 2831a66b 5fa2a3ad
[    4.935254] random 0014 0000 0000 2831a66b 5fa2a3ad: urand_change_num 16 extract_buf: pool_sig 000004df, data_sig fffffe8f, bytes_mixed 20 2831a66b 5fa2a3ad
[    4.935259] random 0014 0000 0000 d4512bfd c9a54e0b: urand_change_num 17 extract_buf: pool_sig 00000485, data_sig fffffe68, bytes_mixed 20 d4512bfd c9a54e0b
[    4.935265] random 0014 0000 0000 c7371be6 f9ffea11: urand_change_num 18 extract_buf: pool_sig 00000095, data_sig ffffffed, bytes_mixed 20 c7371be6 f9ffea11
[    4.935270] random 0014 0000 0000 c7371be6 f9ffea11: urand_change_num 19 extract_buf: pool_sig 000003a7, data_sig fffffefa, bytes_mixed 20 c7371be6 f9ffea11
[    4.935275] random 0014 0000 0000 8fb4b62c d1ddba54: urand_change_num 20 extract_buf: pool_sig 00000179, data_sig ffffff78, bytes_mixed 20 8fb4b62c d1ddba54
[    4.935280] random 0014 0000 0000 9ff19f9c c07a1d2a: urand_change_num 21 extract_buf: pool_sig fffffe88, data_sig 00000126, bytes_mixed 20 9ff19f9c c07a1d2a
[    4.935284] TCP cubic registered
[    4.935379] Initializing XFRM netlink socket
[    4.935475] NET: Registered protocol family 17
[    4.935571] Using IPI Shortcut mode
[    4.935671] random 0014 0000 0000 9ff19f9c c07a1d2a: rand_read_num 5 get_random_bytes(8): sig 0000031b 9ff19f9c c07a1d2a
[    4.935673] random 0014 0000 0000 9ff19f9c c07a1d2a: extract_entropy(.. 8 ..)
[    4.935676] random 0014 0000 0000 9ff19f9c c07a1d2a: going to reseed nonblocking with 64 bits (64 of 0 requested)
[    4.935678] random 0014 0000 0000 9ff19f9c c07a1d2a: extract_entropy(.. 8 ..)
[    4.935680] random 0014 0000 0000 9ff19f9c c07a1d2a: trying to extract 64 bits from input
[    4.935682] random 0014 0000 0000 9ff19f9c c07a1d2a: debiting 0 entropy credits from input
[    4.935684] random 0014 0000 0000 9ff19f9c c07a1d2a: extract_entropy account returned: 0 
[    4.935687] random 0014 0000 0000 9ff19f9c c07a1d2a: urand_change_num 22 xfer_secondary_pool(8): pool_sig 0000031b, data_sig 00000000, bytes_mixed 0 9ff19f9c c07a1d2a
[    4.935690] random 0014 0000 0000 9ff19f9c c07a1d2a: trying to extract 64 bits from nonblocking
[    4.935693] random 0014 0000 0000 9ff19f9c c07a1d2a: debiting 64 entropy credits from nonblocking (unlimited)
[    4.935695] random 0014 0000 0000 9ff19f9c c07a1d2a: extract_entropy account returned: 8 
[    4.935699] random 0014 0000 0000 9ff19f9c c07a1d2a: urand_change_num 23 extract_buf: pool_sig 0000031b, data_sig ffffffb3, bytes_mixed 20 9ff19f9c c07a1d2a
[    4.938177] input: AT Translated Set 2 keyboard as /devices/platform/i8042/serio0/input/input1
[    5.128057] ata1: SATA link up 1.5 Gbps (SStatus 113 SControl 300)
[    5.128173] ata3: SATA link down (SStatus 0 SControl 300)
[    5.129982] ata1.00: ACPI cmd ef/02:00:00:00:00:a0 (SET FEATURES) succeeded
[    5.129985] ata1.00: ACPI cmd f5/00:00:00:00:00:a0 (SECURITY FREEZE LOCK) filtered out
[    5.131375] ata1.00: ACPI cmd ef/5f:00:00:00:00:a0 (SET FEATURES) succeeded
[    5.131378] ata1.00: ACPI cmd ef/10:03:00:00:00:a0 (SET FEATURES) filtered out
[    5.133287] ata1.00: ATA-7: ST910021AS, 4.06, max UDMA/100
[    5.133386] ata1.00: 195371568 sectors, multi 16: LBA48 
[    5.135525] ata1.00: ACPI cmd ef/02:00:00:00:00:a0 (SET FEATURES) succeeded
[    5.135528] ata1.00: ACPI cmd f5/00:00:00:00:00:a0 (SECURITY FREEZE LOCK) filtered out
[    5.136921] ata1.00: ACPI cmd ef/5f:00:00:00:00:a0 (SET FEATURES) succeeded
[    5.136923] ata1.00: ACPI cmd ef/10:03:00:00:00:a0 (SET FEATURES) filtered out
[    5.138846] ata1.00: configured for UDMA/100
[    5.149101] scsi 2:0:0:0: Direct-Access     ATA      ST910021AS       4.06 PQ: 0 ANSI: 5
[    5.149383] sd 2:0:0:0: [sda] 195371568 512-byte logical blocks: (100 GB/93.1 GiB)
[    5.149526] sd 2:0:0:0: [sda] Write Protect is off
[    5.149622] sd 2:0:0:0: [sda] Mode Sense: 00 3a 00 00
[    5.149635] sd 2:0:0:0: [sda] Write cache: enabled, read cache: enabled, doesn't support DPO or FUA
[    5.149822]  sda:
[    5.580585] random 0014 0000 0000 277f73c3 42024bb9: add_disk_randomness(8:0) 277f73c3 42024bb9
[    5.580671] random 0014 0000 0000 277f73c3 42024bb9: add_timer_randomness(.. 8388864) with jiffies: 6979476517772034453, cycles: 6979476513477361674
[    5.580674] random 0014 0000 0000 277f73c3 42024bb9: added 11 entropy credits to input
[    5.580678]  sda1 sda2
[    5.581159] random 0025 0000 0000 277f73c3 42024bb9: add_disk_randomness(8:0) 277f73c3 42024bb9
[    5.581162] random 0025 0000 0000 277f73c3 42024bb9: add_timer_randomness(.. 8388864) with jiffies: 6983894415621980566, cycles: 6983894411327307786
[    5.581314] sd 2:0:0:0: [sda] Attached SCSI disk
[    5.581406] random 0025 0000 0000 277f73c3 42024bb9: rand_read_num 6 get_random_bytes(12): sig 000007e9 277f73c3 42024bb9
[    5.581409] random 0025 0000 0000 277f73c3 42024bb9: extract_entropy(.. 12 ..)
[    5.581411] random 0025 0000 0000 277f73c3 42024bb9: going to reseed nonblocking with 96 bits (96 of 0 requested)
[    5.581414] random 0025 0000 0000 277f73c3 42024bb9: extract_entropy(.. 12 ..)
[    5.581416] random 0025 0000 0000 277f73c3 42024bb9: trying to extract 96 bits from input
[    5.581418] random 0025 0000 0000 277f73c3 42024bb9: debiting 0 entropy credits from input
[    5.581420] random 0025 0000 0000 277f73c3 42024bb9: extract_entropy account returned: 0 
[    5.581423] random 0025 0000 0000 277f73c3 42024bb9: urand_change_num 24 xfer_secondary_pool(12): pool_sig 000007e9, data_sig 00000000, bytes_mixed 0 277f73c3 42024bb9
[    5.581426] random 0025 0000 0000 277f73c3 42024bb9: trying to extract 96 bits from nonblocking
[    5.581429] random 0025 0000 0000 277f73c3 42024bb9: debiting 96 entropy credits from nonblocking (unlimited)
[    5.581431] random 0025 0000 0000 277f73c3 42024bb9: extract_entropy account returned: 12 
[    5.581435] random 0025 0000 0000 277f73c3 42024bb9: urand_change_num 25 extract_buf: pool_sig 000007e9, data_sig 00000088, bytes_mixed 20 277f73c3 42024bb9
[    5.581441] random 0025 0000 0000 277f73c3 42024bb9: urand_change_num 26 extract_buf: pool_sig 00000498, data_sig fffffefb, bytes_mixed 20 277f73c3 42024bb9
[    5.581443] RANDOM - __seed init called.
[    5.581444] RANDOM - __seed init called.
[    5.581445] RANDOM - __seed init called.
[    5.581447] RANDOM - __random32 called. Change num 12.  Value: 87f14767	f0d7351	b1e48bd3
[    5.581449] RANDOM - random32_reseed called.  Value: 87f14767	f0d7351	b1e48bd3
[    5.581452] Pid: 1, comm: swapper Not tainted 2.6.32.57 #6
[    5.581544] Call Trace:
[    5.581639]  [<c1923ca4>] ? random32_reseed+0xa0/0xb1
[    5.581736]  [<c1923c04>] ? random32_reseed+0x0/0xb1
[    5.581828]  [<c100111e>] ? do_one_initcall+0x2e/0x180
[    5.581915]  [<c1907265>] ? kernel_init+0xad/0x103
[    5.582009]  [<c19071b8>] ? kernel_init+0x0/0x103
[    5.582100]  [<c1003787>] ? kernel_thread_helper+0x7/0x10
[    5.582657] random 0025 0000 0000 386b4e60 ee4d4880: rand_read_num 7 get_random_bytes(64): sig fffffea5 386b4e60 ee4d4880
[    5.582659] random 0025 0000 0000 386b4e60 ee4d4880: extract_entropy(.. 64 ..)
[    5.582662] random 0025 0000 0000 386b4e60 ee4d4880: going to reseed nonblocking with 512 bits (512 of 0 requested)
[    5.582664] random 0025 0000 0000 386b4e60 ee4d4880: extract_entropy(.. 64 ..)
[    5.582666] random 0025 0000 0000 386b4e60 ee4d4880: trying to extract 512 bits from input
[    5.582668] random 0025 0000 0000 386b4e60 ee4d4880: debiting 0 entropy credits from input
[    5.582670] random 0025 0000 0000 386b4e60 ee4d4880: extract_entropy account returned: 0 
[    5.582674] random 0025 0000 0000 386b4e60 ee4d4880: urand_change_num 27 xfer_secondary_pool(64): pool_sig fffffea5, data_sig 00000000, bytes_mixed 0 386b4e60 ee4d4880
[    5.582677] random 0025 0000 0000 386b4e60 ee4d4880: trying to extract 512 bits from nonblocking
[    5.582679] random 0025 0000 0000 386b4e60 ee4d4880: debiting 512 entropy credits from nonblocking (unlimited)
[    5.582681] random 0025 0000 0000 386b4e60 ee4d4880: extract_entropy account returned: 64 
[    5.582685] random 0025 0000 0000 386b4e60 ee4d4880: urand_change_num 28 extract_buf: pool_sig fffffea5, data_sig 00000173, bytes_mixed 20 386b4e60 ee4d4880
[    5.582691] random 0025 0000 0000 412698f6 0cc8689a: urand_change_num 29 extract_buf: pool_sig 00000122, data_sig ffffff63, bytes_mixed 20 412698f6 0cc8689a
[    5.582696] random 0025 0000 0000 412698f6 0cc8689a: urand_change_num 30 extract_buf: pool_sig 000001f7, data_sig 00000012, bytes_mixed 20 412698f6 0cc8689a
[    5.582701] random 0025 0000 0000 9669941e 06f768b1: urand_change_num 31 extract_buf: pool_sig fffffb5b, data_sig 0000003f, bytes_mixed 20 9669941e 06f768b1
[    5.582707] random 0025 0000 0000 98486520 995551f0: urand_change_num 32 extract_buf: pool_sig fffffb39, data_sig 0000000e, bytes_mixed 20 98486520 995551f0
[    5.582712] random 0025 0000 0000 98486520 995551f0: urand_change_num 33 extract_buf: pool_sig fffffd8d, data_sig 000001a6, bytes_mixed 20 98486520 995551f0
[    5.582717] random 0025 0000 0000 61fc8914 d5882ed2: urand_change_num 34 extract_buf: pool_sig fffffa58, data_sig 0000023e, bytes_mixed 20 61fc8914 d5882ed2
[    5.582748] random 0025 0000 0000 61fc8914 d5882ed2: rand_read_num 8 get_random_bytes(64): sig fffff9ee 61fc8914 d5882ed2
[    5.582750] random 0025 0000 0000 61fc8914 d5882ed2: extract_entropy(.. 64 ..)
[    5.582752] random 0025 0000 0000 61fc8914 d5882ed2: going to reseed nonblocking with 512 bits (512 of 0 requested)
[    5.582755] random 0025 0000 0000 61fc8914 d5882ed2: extract_entropy(.. 64 ..)
[    5.582757] random 0025 0000 0000 61fc8914 d5882ed2: trying to extract 512 bits from input
[    5.582759] random 0025 0000 0000 61fc8914 d5882ed2: debiting 0 entropy credits from input
[    5.582761] random 0025 0000 0000 61fc8914 d5882ed2: extract_entropy account returned: 0 
[    5.582764] random 0025 0000 0000 61fc8914 d5882ed2: urand_change_num 35 xfer_secondary_pool(64): pool_sig fffff9ee, data_sig 00000000, bytes_mixed 0 61fc8914 d5882ed2
[    5.582767] random 0025 0000 0000 61fc8914 d5882ed2: trying to extract 512 bits from nonblocking
[    5.582769] random 0025 0000 0000 61fc8914 d5882ed2: debiting 512 entropy credits from nonblocking (unlimited)
[    5.582772] random 0025 0000 0000 61fc8914 d5882ed2: extract_entropy account returned: 64 
[    5.582776] random 0025 0000 0000 61fc8914 d5882ed2: urand_change_num 36 extract_buf: pool_sig fffff9ee, data_sig ffffff85, bytes_mixed 20 61fc8914 d5882ed2
[    5.582781] random 0025 0000 0000 70cfd302 e5edec11: urand_change_num 37 extract_buf: pool_sig fffffdc1, data_sig ffffffde, bytes_mixed 20 70cfd302 e5edec11
[    5.582786] random 0025 0000 0000 00dab838 eafd2b30: urand_change_num 38 extract_buf: pool_sig 000003da, data_sig ffffff61, bytes_mixed 20 00dab838 eafd2b30
[    5.582792] random 0025 0000 0000 00dab838 eafd2b30: urand_change_num 39 extract_buf: pool_sig 00000314, data_sig 00000121, bytes_mixed 20 00dab838 eafd2b30
[    5.582797] random 0025 0000 0000 5fcdf66a 6442b608: urand_change_num 40 extract_buf: pool_sig 0000028b, data_sig fffffefd, bytes_mixed 20 5fcdf66a 6442b608
[    5.582802] random 0025 0000 0000 61333f6b 8fae0f9b: urand_change_num 41 extract_buf: pool_sig 000000cb, data_sig 000000b3, bytes_mixed 20 61333f6b 8fae0f9b
[    5.582807] random 0025 0000 0000 61333f6b 8fae0f9b: urand_change_num 42 extract_buf: pool_sig fffffef8, data_sig 00000051, bytes_mixed 20 61333f6b 8fae0f9b
[    5.582810] BEGIN NET_SECRET:
[    5.582811] \xffffffe0
[    5.582812] \xffffffb6
[    5.582813] \x36
[    5.582814] \xffffffb5
[    5.582815] \xffffff94
[    5.582816] \xffffffb2
[    5.582817] \xffffffa8
[    5.582817] \xffffffda
[    5.582818] \x5b
[    5.582819] \x19
[    5.582820] \x18
[    5.582820] \x5c
[    5.582821] \x2b
[    5.582822] \x1
[    5.582823] \xffffff90
[    5.582823] \x19
[    5.582824] \x3c
[    5.582825] \xfffffff2
[    5.582826] \xffffff82
[    5.582826] \x2a
[    5.582827] \xffffffb3
[    5.582828] \xffffffa2
[    5.582829] \x3f
[    5.582830] \x5
[    5.582830] \x52
[    5.582831] \x77
[    5.582832] \x57
[    5.582832] \x79
[    5.582833] \x16
[    5.582834] \x43
[    5.582835] \xffffff84
[    5.582835] \xffffffc3
[    5.582836] \xffffffe9
[    5.582837] \x79
[    5.582838] \x50
[    5.582839] \xffffff8e
[    5.582839] \x3f
[    5.582840] \xfffffff3
[    5.582841] \x19
[    5.582842] \x2a
[    5.582842] \xfffffffd
[    5.582843] \xfffffffb
[    5.582844] \x62
[    5.582845] \x3c
[    5.582845] \xffffffac
[    5.582846] \x1c
[    5.582847] \x3b
[    5.582848] \x3b
[    5.582848] \x15
[    5.582849] \x27
[    5.582850] \xffffffa8
[    5.582851] \x22
[    5.582851] \xffffffc5
[    5.582852] \xffffff9a
[    5.582853] \x5
[    5.582854] \x6c
[    5.582855] \xffffffa8
[    5.582855] \x3a
[    5.582856] \x44
[    5.582857] \xffffffaf
[    5.582858] \x13
[    5.582858] \xffffffe0
[    5.582859] \xffffff9d
[    5.582860] \x22
[    5.582861] 
[    5.582861] END NET_SECRET
[    5.582864] random 0025 0000 0000 e7f555d9 e8ce5c3c: rand_read_num 9 get_random_bytes(4): sig 0000068c e7f555d9 e8ce5c3c
[    5.582866] random 0025 0000 0000 e7f555d9 e8ce5c3c: extract_entropy(.. 4 ..)
[    5.582869] random 0025 0000 0000 e7f555d9 e8ce5c3c: going to reseed nonblocking with 64 bits (32 of 0 requested)
[    5.582871] random 0025 0000 0000 e7f555d9 e8ce5c3c: extract_entropy(.. 8 ..)
[    5.582873] random 0025 0000 0000 e7f555d9 e8ce5c3c: trying to extract 64 bits from input
[    5.582875] random 0025 0000 0000 e7f555d9 e8ce5c3c: debiting 0 entropy credits from input
[    5.582877] random 0025 0000 0000 e7f555d9 e8ce5c3c: extract_entropy account returned: 0 
[    5.582880] random 0025 0000 0000 e7f555d9 e8ce5c3c: urand_change_num 43 xfer_secondary_pool(4): pool_sig 0000068c, data_sig 00000000, bytes_mixed 0 e7f555d9 e8ce5c3c
[    5.582883] random 0025 0000 0000 e7f555d9 e8ce5c3c: trying to extract 32 bits from nonblocking
[    5.582886] random 0025 0000 0000 e7f555d9 e8ce5c3c: debiting 32 entropy credits from nonblocking (unlimited)
[    5.582888] random 0025 0000 0000 e7f555d9 e8ce5c3c: extract_entropy account returned: 4 
[    5.582892] random 0025 0000 0000 e7f555d9 e8ce5c3c: urand_change_num 44 extract_buf: pool_sig 0000068c, data_sig fffffdcb, bytes_mixed 20 e7f555d9 e8ce5c3c
[    5.582903] md: Waiting for all devices to be available before autodetect
[    5.582999] md: If you don't use raid, use raid=noautodetect
[    5.583165] md: Autodetecting RAID arrays.
[    5.583254] md: Scanned 0 and added 0 devices.
[    5.583342] md: autorun ...
[    5.583433] md: ... autorun DONE.
[    5.596792] random 0025 0000 0000 e7f555d9 e8ce5c3c: add_disk_randomness(8:0) e7f555d9 e8ce5c3c
[    5.596796] random 0025 0000 0000 e7f555d9 e8ce5c3c: add_timer_randomness(.. 8388864) with jiffies: 7124569944779096485, cycles: 7124569940484423690
[    5.596798] random 0025 0000 0000 e7f555d9 e8ce5c3c: added 3 entropy credits to input
[    5.597914] random 0028 0000 0000 e7f555d9 e8ce5c3c: add_disk_randomness(8:0) e7f555d9 e8ce5c3c
[    5.597917] random 0028 0000 0000 e7f555d9 e8ce5c3c: add_timer_randomness(.. 8388864) with jiffies: 7134665617595662758, cycles: 7134665613300989962
[    5.597998] random 0028 0000 0000 e7f555d9 e8ce5c3c: add_disk_randomness(8:0) e7f555d9 e8ce5c3c
[    5.598001] random 0028 0000 0000 e7f555d9 e8ce5c3c: add_timer_randomness(.. 8388864) with jiffies: 7135404987625734567, cycles: 7135404983331061770
[    5.598007] EXT3-fs: sda2: couldn't mount because of unsupported optional features (240).
[    5.598218] random 0028 0000 0000 e7f555d9 e8ce5c3c: add_disk_randomness(8:0) e7f555d9 e8ce5c3c
[    5.598221] random 0028 0000 0000 e7f555d9 e8ce5c3c: add_timer_randomness(.. 8388864) with jiffies: 7137392148734509479, cycles: 7137392144439836682
[    5.598226] EXT2-fs: sda2: couldn't mount because of unsupported optional features (240).
[    5.598442] random 0028 0000 0000 e7f555d9 e8ce5c3c: add_disk_randomness(8:0) e7f555d9 e8ce5c3c
[    5.598445] random 0028 0000 0000 e7f555d9 e8ce5c3c: add_timer_randomness(.. 8388864) with jiffies: 7139408622995079591, cycles: 7139408618700406794
[    5.598574] random 0028 0000 0000 e7f555d9 e8ce5c3c: add_disk_randomness(8:0) e7f555d9 e8ce5c3c
[    5.598577] random 0028 0000 0000 e7f555d9 e8ce5c3c: add_timer_randomness(.. 8388864) with jiffies: 7140595850739941799, cycles: 7140595846445269002
[    5.598693] random 0028 0000 0000 e7f555d9 e8ce5c3c: add_disk_randomness(8:0) e7f555d9 e8ce5c3c
[    5.598696] random 0028 0000 0000 e7f555d9 e8ce5c3c: add_timer_randomness(.. 8388864) with jiffies: 7141674347092738471, cycles: 7141674342798065674
[    5.598803] random 0028 0000 0000 e7f555d9 e8ce5c3c: add_disk_randomness(8:0) e7f555d9 e8ce5c3c
[    5.598806] random 0028 0000 0000 e7f555d9 e8ce5c3c: add_timer_randomness(.. 8388864) with jiffies: 7142659045654757799, cycles: 7142659041360085002
[    5.598958] random 0028 0000 0000 e7f555d9 e8ce5c3c: add_disk_randomness(8:0) e7f555d9 e8ce5c3c
[    5.598961] random 0028 0000 0000 e7f555d9 e8ce5c3c: add_timer_randomness(.. 8388864) with jiffies: 7144044653644054952, cycles: 7144044649349382154
[    5.599073] random 0028 0000 0000 e7f555d9 e8ce5c3c: add_disk_randomness(8:0) e7f555d9 e8ce5c3c
[    5.599076] random 0028 0000 0000 e7f555d9 e8ce5c3c: add_timer_randomness(.. 8388864) with jiffies: 7145085904040460712, cycles: 7145085899745787914
[    5.599194] random 0028 0000 0000 e7f555d9 e8ce5c3c: add_disk_randomness(8:0) e7f555d9 e8ce5c3c
[    5.599197] random 0028 0000 0000 e7f555d9 e8ce5c3c: add_timer_randomness(.. 8388864) with jiffies: 7146170533606556072, cycles: 7146170529311883274
[    5.599349] random 0028 0000 0000 e7f555d9 e8ce5c3c: add_disk_randomness(8:0) e7f555d9 e8ce5c3c
[    5.599352] random 0028 0000 0000 e7f555d9 e8ce5c3c: add_timer_randomness(.. 8388864) with jiffies: 7147568455267090856, cycles: 7147568450972418058
[    5.599586] random 0028 0000 0000 e7f555d9 e8ce5c3c: rand_read_num 10 get_random_bytes(4): sig ffffff72 e7f555d9 e8ce5c3c
[    5.599589] random 0028 0000 0000 e7f555d9 e8ce5c3c: extract_entropy(.. 4 ..)
[    5.599591] random 0028 0000 0000 e7f555d9 e8ce5c3c: going to reseed nonblocking with 64 bits (32 of 0 requested)
[    5.599593] random 0028 0000 0000 e7f555d9 e8ce5c3c: extract_entropy(.. 8 ..)
[    5.599596] random 0028 0000 0000 e7f555d9 e8ce5c3c: trying to extract 64 bits from input
[    5.599598] random 0028 0000 0000 e7f555d9 e8ce5c3c: debiting 0 entropy credits from input
[    5.599600] random 0028 0000 0000 e7f555d9 e8ce5c3c: extract_entropy account returned: 0 
[    5.599603] random 0028 0000 0000 e7f555d9 e8ce5c3c: urand_change_num 45 xfer_secondary_pool(4): pool_sig ffffff72, data_sig 00000000, bytes_mixed 0 e7f555d9 e8ce5c3c
[    5.599606] random 0028 0000 0000 e7f555d9 e8ce5c3c: trying to extract 32 bits from nonblocking
[    5.599608] random 0028 0000 0000 e7f555d9 e8ce5c3c: debiting 32 entropy credits from nonblocking (unlimited)
[    5.599610] random 0028 0000 0000 e7f555d9 e8ce5c3c: extract_entropy account returned: 4 
[    5.599614] random 0028 0000 0000 e7f555d9 e8ce5c3c: urand_change_num 46 extract_buf: pool_sig ffffff72, data_sig ffffff72, bytes_mixed 20 e7f555d9 e8ce5c3c
[    5.611243] random 0028 0000 0000 91716c54 eeb6a1e7: add_disk_randomness(8:0) 91716c54 eeb6a1e7
[    5.611246] random 0028 0000 0000 91716c54 eeb6a1e7: add_timer_randomness(.. 8388864) with jiffies: 7254586623532958132, cycles: 7254586619238285322
[    5.611249] random 0028 0000 0000 91716c54 eeb6a1e7: added 3 entropy credits to input
[    5.629518] random 0031 0000 0000 91716c54 eeb6a1e7: add_disk_randomness(8:0) 91716c54 eeb6a1e7
[    5.629521] random 0031 0000 0000 91716c54 eeb6a1e7: add_timer_randomness(.. 8388864) with jiffies: 7419028040689877446, cycles: 7419028036395204618
[    5.629524] random 0031 0000 0000 91716c54 eeb6a1e7: added 2 entropy credits to input
[    5.634156] EXT4-fs (sda2): mounted filesystem with ordered data mode
[    5.634367] VFS: Mounted root (ext4 filesystem) readonly on device 8:2.
[    5.634473] Freeing unused kernel memory: 448k freed
[    5.654664] random 0033 0000 0000 91716c54 eeb6a1e7: add_disk_randomness(8:0) 91716c54 eeb6a1e7
[    5.654667] random 0033 0000 0000 91716c54 eeb6a1e7: add_timer_randomness(.. 8388864) with jiffies: 7645286788994138591, cycles: 7645286784699465738
[    5.655395] random 0033 0000 0000 91716c54 eeb6a1e7: add_disk_randomness(8:0) 91716c54 eeb6a1e7
[    5.655398] random 0033 0000 0000 91716c54 eeb6a1e7: add_timer_randomness(.. 8388864) with jiffies: 7651867860007616992, cycles: 7651867855712944138
[    5.660122] random 0033 0000 0000 91716c54 eeb6a1e7: add_disk_randomness(8:0) 91716c54 eeb6a1e7
[    5.660125] random 0033 0000 0000 91716c54 eeb6a1e7: add_timer_randomness(.. 8388864) with jiffies: 7694390510139179493, cycles: 7694390505844506634
[    5.660127] random 0033 0000 0000 91716c54 eeb6a1e7: added 2 entropy credits to input
[    5.668319] random 0035 0000 0000 91716c54 eeb6a1e7: add_disk_randomness(8:0) 91716c54 eeb6a1e7
[    5.668322] random 0035 0000 0000 91716c54 eeb6a1e7: add_timer_randomness(.. 8388864) with jiffies: 7768154443144200685, cycles: 7768154438849527818
[    5.671740] random 0035 0000 0000 91716c54 eeb6a1e7: add_disk_randomness(8:0) 91716c54 eeb6a1e7
[    5.671743] random 0035 0000 0000 91716c54 eeb6a1e7: add_timer_randomness(.. 8388864) with jiffies: 7798940150246638064, cycles: 7798940145951965194
[    5.671746] random 0035 0000 0000 91716c54 eeb6a1e7: added 1 entropy credits to input
[    5.680636] random 0036 0000 0000 91716c54 eeb6a1e7: add_disk_randomness(8:0) 91716c54 eeb6a1e7
[    5.680639] random 0036 0000 0000 91716c54 eeb6a1e7: add_timer_randomness(.. 8388864) with jiffies: 7878979442787975673, cycles: 7878979438493302794
[    5.680641] random 0036 0000 0000 91716c54 eeb6a1e7: added 2 entropy credits to input
[    5.693949] random 0038 0000 0000 91716c54 eeb6a1e7: add_disk_randomness(8:0) 91716c54 eeb6a1e7
[    5.693952] random 0038 0000 0000 91716c54 eeb6a1e7: add_timer_randomness(.. 8388864) with jiffies: 7998759157186134535, cycles: 7998759152891461642
[    5.701990] random 0038 0000 0000 91716c54 eeb6a1e7: add_disk_randomness(8:0) 91716c54 eeb6a1e7
[    5.701992] random 0038 0000 0000 91716c54 eeb6a1e7: add_timer_randomness(.. 8388864) with jiffies: 8071109607864107535, cycles: 8071109603569434634
[    5.701995] random 0038 0000 0000 91716c54 eeb6a1e7: added 2 entropy credits to input
[    5.702018] RANDOM get_random_int call with cycles 44828929708, jiffies 4294672911 and pid 1
[    5.702021] RANDOM get_random_int call with cycles 44828937142, jiffies 4294672911 and pid 1
[    5.702023] ASLR stack rand value: 909312 after shift for pid: 1
[    5.702025] RANDOM get_random_int call with cycles 44828945059, jiffies 4294672911 and pid 1
[    5.713635] random 0040 0000 0000 91716c54 eeb6a1e7: add_disk_randomness(8:0) 91716c54 eeb6a1e7
[    5.713638] random 0040 0000 0000 91716c54 eeb6a1e7: add_timer_randomness(.. 8388864) with jiffies: 8175902953005875738, cycles: 8175902948711202826
[    5.713641] random 0040 0000 0000 91716c54 eeb6a1e7: added 1 entropy credits to input
[    5.713651] RANDOM get_random_int call with cycles 44853302161, jiffies 4294672922 and pid 1
[    5.713657] random 0041 0000 0000 91716c54 eeb6a1e7: rand_read_num 11 get_random_bytes(16): sig fffffcad 91716c54 eeb6a1e7
[    5.713659] random 0041 0000 0000 91716c54 eeb6a1e7: extract_entropy(.. 16 ..)
[    5.713662] random 0041 0000 0000 91716c54 eeb6a1e7: going to reseed nonblocking with 128 bits (128 of 0 requested)
[    5.713664] random 0041 0000 0000 91716c54 eeb6a1e7: extract_entropy(.. 16 ..)
[    5.713666] random 0041 0000 0000 91716c54 eeb6a1e7: trying to extract 128 bits from input
[    5.713668] random 0041 0000 0000 91716c54 eeb6a1e7: debiting 0 entropy credits from input
[    5.713670] random 0041 0000 0000 91716c54 eeb6a1e7: extract_entropy account returned: 0 
[    5.713673] random 0041 0000 0000 91716c54 eeb6a1e7: urand_change_num 47 xfer_secondary_pool(16): pool_sig fffffcad, data_sig 00000000, bytes_mixed 0 91716c54 eeb6a1e7
[    5.713676] random 0041 0000 0000 91716c54 eeb6a1e7: trying to extract 128 bits from nonblocking
[    5.713679] random 0041 0000 0000 91716c54 eeb6a1e7: debiting 128 entropy credits from nonblocking (unlimited)
[    5.713681] random 0041 0000 0000 91716c54 eeb6a1e7: extract_entropy account returned: 16 
[    5.713685] random 0041 0000 0000 91716c54 eeb6a1e7: urand_change_num 48 extract_buf: pool_sig fffffcad, data_sig ffffff19, bytes_mixed 20 91716c54 eeb6a1e7
[    5.713691] random 0041 0000 0000 fd637b06 6cf47bc1: urand_change_num 49 extract_buf: pool_sig fffffede, data_sig ffffffc1, bytes_mixed 20 fd637b06 6cf47bc1
[    5.714648] random 0041 0000 0000 fd637b06 6cf47bc1: add_disk_randomness(8:0) fd637b06 6cf47bc1
[    5.714651] random 0041 0000 0000 fd637b06 6cf47bc1: add_timer_randomness(.. 8388864) with jiffies: 8185014833498522139, cycles: 8185014829203849226
[    5.715786] random 0041 0000 0000 fd637b06 6cf47bc1: add_disk_randomness(8:0) fd637b06 6cf47bc1
[    5.715789] random 0041 0000 0000 fd637b06 6cf47bc1: add_timer_randomness(.. 8388864) with jiffies: 8195257840873210396, cycles: 8195257836578537482
[    5.716940] random 0041 0000 0000 fd637b06 6cf47bc1: add_disk_randomness(8:0) fd637b06 6cf47bc1
[    5.716943] random 0041 0000 0000 fd637b06 6cf47bc1: add_timer_randomness(.. 8388864) with jiffies: 8205631136080822814, cycles: 8205631131786149898
[    5.717816] random 0041 0000 0000 fd637b06 6cf47bc1: add_disk_randomness(8:0) fd637b06 6cf47bc1
[    5.717819] random 0041 0000 0000 fd637b06 6cf47bc1: add_timer_randomness(.. 8388864) with jiffies: 8213525436294726174, cycles: 8213525432000053258
[    5.726629] random 0041 0000 0000 fd637b06 6cf47bc1: add_disk_randomness(8:0) fd637b06 6cf47bc1
[    5.726633] random 0041 0000 0000 fd637b06 6cf47bc1: add_timer_randomness(.. 8388864) with jiffies: 8292826037410824743, cycles: 8292826033116151818
[    5.726635] random 0041 0000 0000 fd637b06 6cf47bc1: added 3 entropy credits to input
[    5.726830] random 0044 0000 0000 fd637b06 6cf47bc1: add_disk_randomness(8:0) fd637b06 6cf47bc1
[    5.726833] random 0044 0000 0000 fd637b06 6cf47bc1: add_timer_randomness(.. 8388864) with jiffies: 8294635017506357799, cycles: 8294635013211684874
[    5.737017] random 0044 0000 0000 fd637b06 6cf47bc1: add_disk_randomness(8:0) fd637b06 6cf47bc1
[    5.737020] random 0044 0000 0000 fd637b06 6cf47bc1: add_timer_randomness(.. 8388864) with jiffies: 8386285066937664050, cycles: 8386285062642991114
[    5.737023] random 0044 0000 0000 fd637b06 6cf47bc1: added 3 entropy credits to input
[    5.737454] random 0047 0000 0000 fd637b06 6cf47bc1: add_disk_randomness(8:0) fd637b06 6cf47bc1
[    5.737457] random 0047 0000 0000 fd637b06 6cf47bc1: add_timer_randomness(.. 8388864) with jiffies: 8390219660707725874, cycles: 8390219656413052938
[    5.747197] random 0047 0000 0000 fd637b06 6cf47bc1: add_disk_randomness(8:0) fd637b06 6cf47bc1
[    5.747200] random 0047 0000 0000 fd637b06 6cf47bc1: add_timer_randomness(.. 8388864) with jiffies: 8477880819392414268, cycles: 8477880815097741322
[    5.747202] random 0047 0000 0000 fd637b06 6cf47bc1: added 3 entropy credits to input
[    5.747255] RANDOM get_random_int call with cycles 44923700535, jiffies 4294672956 and pid 1
[    5.759840] random 0050 0000 0000 fd637b06 6cf47bc1: add_disk_randomness(8:0) fd637b06 6cf47bc1
[    5.759843] random 0050 0000 0000 fd637b06 6cf47bc1: add_timer_randomness(.. 8388864) with jiffies: 8591654228185547336, cycles: 8591654223890874378
[    5.759846] random 0050 0000 0000 fd637b06 6cf47bc1: added 1 entropy credits to input
[    5.772952] random 0051 0000 0000 fd637b06 6cf47bc1: add_disk_randomness(8:0) fd637b06 6cf47bc1
[    5.772955] random 0051 0000 0000 fd637b06 6cf47bc1: add_timer_randomness(.. 8388864) with jiffies: 8709621758442570326, cycles: 8709621754147897354
[    5.773090] random 0051 0000 0000 fd637b06 6cf47bc1: add_disk_randomness(8:0) fd637b06 6cf47bc1
[    5.773093] random 0051 0000 0000 fd637b06 6cf47bc1: add_timer_randomness(.. 8388864) with jiffies: 8710865628216132182, cycles: 8710865623921459210
[    5.775250] random 0051 0000 0000 fd637b06 6cf47bc1: add_disk_randomness(8:0) fd637b06 6cf47bc1
[    5.775253] random 0051 0000 0000 fd637b06 6cf47bc1: add_timer_randomness(.. 8388864) with jiffies: 8730305208543576664, cycles: 8730305204248903690
[    5.775256] random 0051 0000 0000 fd637b06 6cf47bc1: added 1 entropy credits to input
[    5.775501] random 0052 0000 0000 fd637b06 6cf47bc1: add_disk_randomness(8:0) fd637b06 6cf47bc1
[    5.775504] random 0052 0000 0000 fd637b06 6cf47bc1: add_timer_randomness(.. 8388864) with jiffies: 8732562772203373144, cycles: 8732562767908700170
[    5.775681] random 0052 0000 0000 fd637b06 6cf47bc1: add_disk_randomness(8:0) fd637b06 6cf47bc1
[    5.775684] random 0052 0000 0000 fd637b06 6cf47bc1: add_timer_randomness(.. 8388864) with jiffies: 8734181760125600344, cycles: 8734181755830927370
[    5.778807] random 0052 0000 0000 fd637b06 6cf47bc1: add_disk_randomness(8:0) fd637b06 6cf47bc1
[    5.778810] random 0052 0000 0000 fd637b06 6cf47bc1: add_timer_randomness(.. 8388864) with jiffies: 8762315080109621851, cycles: 8762315075814948874
[    5.778813] random 0052 0000 0000 fd637b06 6cf47bc1: added 1 entropy credits to input
[    5.780815] random 0053 0000 0000 fd637b06 6cf47bc1: add_disk_randomness(8:0) fd637b06 6cf47bc1
[    5.780818] random 0053 0000 0000 fd637b06 6cf47bc1: add_timer_randomness(.. 8388864) with jiffies: 8780385738395714141, cycles: 8780385734101041162
[    5.788645] random 0053 0000 0000 fd637b06 6cf47bc1: add_disk_randomness(8:0) fd637b06 6cf47bc1
[    5.788648] random 0053 0000 0000 fd637b06 6cf47bc1: add_timer_randomness(.. 8388864) with jiffies: 8850830335990792805, cycles: 8850830331696119818
[    5.788650] random 0053 0000 0000 fd637b06 6cf47bc1: added 2 entropy credits to input
[    5.788782] random 0055 0000 0000 fd637b06 6cf47bc1: add_disk_randomness(8:0) fd637b06 6cf47bc1
[    5.788785] random 0055 0000 0000 fd637b06 6cf47bc1: add_timer_randomness(.. 8388864) with jiffies: 8852064194195587685, cycles: 8852064189900914698
[    5.792343] random 0055 0000 0000 fd637b06 6cf47bc1: add_disk_randomness(8:0) fd637b06 6cf47bc1
[    5.792346] random 0055 0000 0000 fd637b06 6cf47bc1: add_timer_randomness(.. 8388864) with jiffies: 8884100900717298281, cycles: 8884100896422625290
[    5.792348] random 0055 0000 0000 fd637b06 6cf47bc1: added 2 entropy credits to input
[    5.796838] random 0057 0000 0000 fd637b06 6cf47bc1: add_disk_randomness(8:0) fd637b06 6cf47bc1
[    5.796841] random 0057 0000 0000 fd637b06 6cf47bc1: add_timer_randomness(.. 8388864) with jiffies: 8924555979362370157, cycles: 8924555975067697162
[    5.802417] random 0057 0000 0000 fd637b06 6cf47bc1: add_disk_randomness(8:0) fd637b06 6cf47bc1
[    5.802420] random 0057 0000 0000 fd637b06 6cf47bc1: add_timer_randomness(.. 8388864) with jiffies: 8974753310850122355, cycles: 8974753306555449354
[    5.802423] random 0057 0000 0000 fd637b06 6cf47bc1: added 1 entropy credits to input
[    5.808695] random 0058 0000 0000 fd637b06 6cf47bc1: add_disk_randomness(8:0) fd637b06 6cf47bc1
[    5.808698] random 0058 0000 0000 fd637b06 6cf47bc1: add_timer_randomness(.. 8388864) with jiffies: 9031245479550878329, cycles: 9031245475256205322
[    5.808709] random 0058 0000 0000 fd637b06 6cf47bc1: rand_read_num 12 get_random_bytes(16): sig 0000033b fd637b06 6cf47bc1
[    5.808711] random 0058 0000 0000 fd637b06 6cf47bc1: extract_entropy(.. 16 ..)
[    5.808714] random 0058 0000 0000 fd637b06 6cf47bc1: going to reseed nonblocking with 128 bits (128 of 0 requested)
[    5.808716] random 0058 0000 0000 fd637b06 6cf47bc1: extract_entropy(.. 16 ..)
[    5.808718] random 0058 0000 0000 fd637b06 6cf47bc1: trying to extract 128 bits from input
[    5.808721] random 0058 0000 0000 fd637b06 6cf47bc1: debiting 0 entropy credits from input
[    5.808723] random 0058 0000 0000 fd637b06 6cf47bc1: extract_entropy account returned: 0 
[    5.808726] random 0058 0000 0000 fd637b06 6cf47bc1: urand_change_num 50 xfer_secondary_pool(16): pool_sig 0000033b, data_sig 00000000, bytes_mixed 0 fd637b06 6cf47bc1
[    5.808729] random 0058 0000 0000 fd637b06 6cf47bc1: trying to extract 128 bits from nonblocking
[    5.808731] random 0058 0000 0000 fd637b06 6cf47bc1: debiting 128 entropy credits from nonblocking (unlimited)
[    5.808733] random 0058 0000 0000 fd637b06 6cf47bc1: extract_entropy account returned: 16 
[    5.808738] random 0058 0000 0000 fd637b06 6cf47bc1: urand_change_num 51 extract_buf: pool_sig 0000033b, data_sig 000000d8, bytes_mixed 20 fd637b06 6cf47bc1
[    5.808743] random 0058 0000 0000 0ec1f012 d4727ca8: urand_change_num 52 extract_buf: pool_sig fffffcf5, data_sig 00000016, bytes_mixed 20 0ec1f012 d4727ca8
[    5.815438] random 0058 0000 0000 45b1d0b1 845a73f7: add_disk_randomness(8:0) 45b1d0b1 845a73f7
[    5.815441] random 0058 0000 0000 45b1d0b1 845a73f7: add_timer_randomness(.. 8388864) with jiffies: 9091914774529933952, cycles: 9091914770235260938
[    5.822657] random 0058 0000 0000 45b1d0b1 845a73f7: add_disk_randomness(8:0) 45b1d0b1 845a73f7
[    5.822661] random 0058 0000 0000 45b1d0b1 845a73f7: add_timer_randomness(.. 8388864) with jiffies: 9156874162017108615, cycles: 9156874157722435594
[    5.828255] random 0058 0000 0000 45b1d0b1 845a73f7: add_disk_randomness(8:0) 45b1d0b1 845a73f7
[    5.828258] random 0058 0000 0000 45b1d0b1 845a73f7: add_timer_randomness(.. 8388864) with jiffies: 9207230055107494541, cycles: 9207230050812821514
[    5.840084] random 0058 0000 0000 45b1d0b1 845a73f7: add_disk_randomness(8:0) 45b1d0b1 845a73f7
[    5.840087] random 0058 0000 0000 45b1d0b1 845a73f7: add_timer_randomness(.. 8388864) with jiffies: 9313664167950647961, cycles: -9133079910053576694
[    5.840089] random 0058 0000 0000 45b1d0b1 845a73f7: added 2 entropy credits to input
[    5.843223] random 0060 0000 0000 45b1d0b1 845a73f7: add_disk_randomness(8:0) 45b1d0b1 845a73f7
[    5.843226] random 0060 0000 0000 45b1d0b1 845a73f7: add_timer_randomness(.. 8388864) with jiffies: 9341916230895501980, cycles: -9104827847108722678
[    5.843229] random 0060 0000 0000 45b1d0b1 845a73f7: added 1 entropy credits to input
[    5.857489] random 0061 0000 0000 45b1d0b1 845a73f7: add_disk_randomness(8:0) 45b1d0b1 845a73f7
[    5.857492] random 0061 0000 0000 45b1d0b1 845a73f7: add_timer_randomness(.. 8388864) with jiffies: 9470277710857863850, cycles: -8976466367146360822
[    5.857494] random 0061 0000 0000 45b1d0b1 845a73f7: added 3 entropy credits to input
[    5.862883] random 0064 0000 0000 45b1d0b1 845a73f7: add_disk_randomness(8:0) 45b1d0b1 845a73f7
[    5.862886] random 0064 0000 0000 45b1d0b1 845a73f7: add_timer_randomness(.. 8388864) with jiffies: 9518817897933931183, cycles: -8927926180070293494
[    5.862888] random 0064 0000 0000 45b1d0b1 845a73f7: added 2 entropy credits to input
[    5.868058] random 0066 0000 0000 45b1d0b1 845a73f7: add_disk_randomness(8:0) 45b1d0b1 845a73f7
[    5.868061] random 0066 0000 0000 45b1d0b1 845a73f7: add_timer_randomness(.. 8388864) with jiffies: 9565377014164849333, cycles: -8881367063839375350
[    5.876289] random 0066 0000 0000 45b1d0b1 845a73f7: add_disk_randomness(8:0) 45b1d0b1 845a73f7
[    5.876293] random 0066 0000 0000 45b1d0b1 845a73f7: add_timer_randomness(.. 8388864) with jiffies: 9639442419514311357, cycles: -8807301658489913334
[    5.885886] random 0066 0000 0000 45b1d0b1 845a73f7: add_disk_randomness(8:0) 45b1d0b1 845a73f7
[    5.885889] random 0066 0000 0000 45b1d0b1 845a73f7: add_timer_randomness(.. 8388864) with jiffies: 9725797659032912582, cycles: -8720946418971312118
[    5.905388] random 0066 0000 0000 45b1d0b1 845a73f7: add_disk_randomness(8:0) 45b1d0b1 845a73f7
[    5.905391] random 0066 0000 0000 45b1d0b1 845a73f7: add_timer_randomness(.. 8388864) with jiffies: 9901268981702689498, cycles: -8545475096301535222
[    5.905394] random 0066 0000 0000 45b1d0b1 845a73f7: added 3 entropy credits to input
[    5.918668] random 0069 0000 0000 45b1d0b1 845a73f7: add_disk_randomness(8:0) 45b1d0b1 845a73f7
[    5.918671] random 0069 0000 0000 45b1d0b1 845a73f7: add_timer_randomness(.. 8388864) with jiffies: 10020767156699628263, cycles: -8425976921304596470
[    5.918674] random 0069 0000 0000 45b1d0b1 845a73f7: added 2 entropy credits to input
[    5.926688] random 0071 0000 0000 45b1d0b1 845a73f7: add_disk_randomness(8:0) 45b1d0b1 845a73f7
[    5.926690] random 0071 0000 0000 45b1d0b1 845a73f7: add_timer_randomness(.. 8388864) with jiffies: 10092922920805040879, cycles: -8353821157199183862
[    5.926693] random 0071 0000 0000 45b1d0b1 845a73f7: added 1 entropy credits to input
[    5.936700] random 0072 0000 0000 45b1d0b1 845a73f7: add_disk_randomness(8:0) 45b1d0b1 845a73f7
[    5.936703] random 0072 0000 0000 45b1d0b1 845a73f7: add_timer_randomness(.. 8388864) with jiffies: 10183018110470816505, cycles: -8263725967533408246
[    5.936706] random 0072 0000 0000 45b1d0b1 845a73f7: added 1 entropy credits to input
[    5.949585] random 0073 0000 0000 45b1d0b1 845a73f7: add_disk_randomness(8:0) 45b1d0b1 845a73f7
[    5.949588] random 0073 0000 0000 45b1d0b1 845a73f7: add_timer_randomness(.. 8388864) with jiffies: 10298948559214183174, cycles: -8147795518790041590
[    5.956941] random 0073 0000 0000 45b1d0b1 845a73f7: add_disk_randomness(8:0) 45b1d0b1 845a73f7
[    5.956944] random 0073 0000 0000 45b1d0b1 845a73f7: add_timer_randomness(.. 8388864) with jiffies: 10365132652330844942, cycles: -8081611425673379830
[    5.956947] random 0073 0000 0000 45b1d0b1 845a73f7: added 2 entropy credits to input
[    5.962232] random 0075 0000 0000 45b1d0b1 845a73f7: add_disk_randomness(8:0) 45b1d0b1 845a73f7
[    5.962235] random 0075 0000 0000 45b1d0b1 845a73f7: add_timer_randomness(.. 8388864) with jiffies: 10412744877362873107, cycles: -8033999200641351670
[    5.962238] random 0075 0000 0000 45b1d0b1 845a73f7: added 1 entropy credits to input
[    5.968628] random 0076 0000 0000 45b1d0b1 845a73f7: add_disk_randomness(8:0) 45b1d0b1 845a73f7
[    5.968631] random 0076 0000 0000 45b1d0b1 845a73f7: add_timer_randomness(.. 8388864) with jiffies: 10470294754774713113, cycles: -7976449323229511670
[    5.973680] random 0076 0000 0000 45b1d0b1 845a73f7: add_disk_randomness(8:0) 45b1d0b1 845a73f7
[    5.973683] random 0076 0000 0000 45b1d0b1 845a73f7: add_timer_randomness(.. 8388864) with jiffies: 10515751924131398430, cycles: -7930992153872826358
[    5.979583] random 0076 0000 0000 45b1d0b1 845a73f7: add_disk_randomness(8:0) 45b1d0b1 845a73f7
[    5.979586] random 0076 0000 0000 45b1d0b1 845a73f7: add_timer_randomness(.. 8388864) with jiffies: 10568871053151142692, cycles: -7877873024853082102
[    5.988933] random 0076 0000 0000 45b1d0b1 845a73f7: add_disk_randomness(8:0) 45b1d0b1 845a73f7
[    5.988936] random 0076 0000 0000 45b1d0b1 845a73f7: add_timer_randomness(.. 8388864) with jiffies: 10652988163736961838, cycles: -7793755914267262966
[    5.988939] random 0076 0000 0000 45b1d0b1 845a73f7: added 1 entropy credits to input
[    5.993817] random 0077 0000 0000 45b1d0b1 845a73f7: add_disk_randomness(8:0) 45b1d0b1 845a73f7
[    5.993820] random 0077 0000 0000 45b1d0b1 845a73f7: add_timer_randomness(.. 8388864) with jiffies: 10696946166169043762, cycles: -7749797911835181046
[    5.993823] random 0077 0000 0000 45b1d0b1 845a73f7: added 2 entropy credits to input
[    6.001243] random 0079 0000 0000 45b1d0b1 845a73f7: add_disk_randomness(8:0) 45b1d0b1 845a73f7
[    6.001246] random 0079 0000 0000 45b1d0b1 845a73f7: add_timer_randomness(.. 8388864) with jiffies: 10763756882129290042, cycles: -7682987195874934774
[    6.001249] random 0079 0000 0000 45b1d0b1 845a73f7: added 2 entropy credits to input
[    6.007457] random 0081 0000 0000 45b1d0b1 845a73f7: add_disk_randomness(8:0) 45b1d0b1 845a73f7
[    6.007460] random 0081 0000 0000 45b1d0b1 845a73f7: add_timer_randomness(.. 8388864) with jiffies: 10819671764275790656, cycles: -7627072313728434166
[    6.007462] random 0081 0000 0000 45b1d0b1 845a73f7: added 1 entropy credits to input
[    6.007612] random 0082 0000 0000 45b1d0b1 845a73f7: add_disk_randomness(8:0) 45b1d0b1 845a73f7
[    6.007615] random 0082 0000 0000 45b1d0b1 845a73f7: add_timer_randomness(.. 8388864) with jiffies: 10821069368108745536, cycles: -7625674709895479286
[    6.022022] random 0082 0000 0000 45b1d0b1 845a73f7: add_disk_randomness(8:0) 45b1d0b1 845a73f7
[    6.022025] random 0082 0000 0000 45b1d0b1 845a73f7: add_timer_randomness(.. 8388864) with jiffies: 10950722748463940431, cycles: -7496021329540284406
[    6.022028] random 0082 0000 0000 45b1d0b1 845a73f7: added 3 entropy credits to input
[    6.029440] random 0085 0000 0000 45b1d0b1 845a73f7: add_disk_randomness(8:0) 45b1d0b1 845a73f7
[    6.029443] random 0085 0000 0000 45b1d0b1 845a73f7: add_timer_randomness(.. 8388864) with jiffies: 11017474790875956054, cycles: -7429269287128268790
[    6.029446] random 0085 0000 0000 45b1d0b1 845a73f7: added 2 entropy credits to input
[    6.039121] random 0087 0000 0000 45b1d0b1 845a73f7: add_disk_randomness(8:0) 45b1d0b1 845a73f7
[    6.039124] random 0087 0000 0000 45b1d0b1 845a73f7: add_timer_randomness(.. 8388864) with jiffies: 11104574945227408224, cycles: -7342169132776816630
[    6.039127] random 0087 0000 0000 45b1d0b1 845a73f7: added 1 entropy credits to input
[    6.049746] random 0088 0000 0000 45b1d0b1 845a73f7: add_disk_randomness(8:0) 45b1d0b1 845a73f7
[    6.049749] random 0088 0000 0000 45b1d0b1 845a73f7: add_timer_randomness(.. 8388864) with jiffies: 11200185650290328426, cycles: -7246558427713896438
[    6.062266] random 0088 0000 0000 45b1d0b1 845a73f7: add_disk_randomness(8:0) 45b1d0b1 845a73f7
[    6.062269] random 0088 0000 0000 45b1d0b1 845a73f7: add_timer_randomness(.. 8388864) with jiffies: 11312836500661175159, cycles: -7133907577343049718
[    6.062272] random 0088 0000 0000 45b1d0b1 845a73f7: added 1 entropy credits to input
[    6.063477] random 0089 0000 0000 45b1d0b1 845a73f7: add_disk_randomness(8:0) 45b1d0b1 845a73f7
[    6.063480] random 0089 0000 0000 45b1d0b1 845a73f7: add_timer_randomness(.. 8388864) with jiffies: 11323730934315582328, cycles: -7123013143688642550
[    6.067492] random 0089 0000 0000 45b1d0b1 845a73f7: add_disk_randomness(8:0) 45b1d0b1 845a73f7
[    6.067495] random 0089 0000 0000 45b1d0b1 845a73f7: add_timer_randomness(.. 8388864) with jiffies: 11359859529194636156, cycles: -7086884548809588726
[    6.067498] random 0089 0000 0000 45b1d0b1 845a73f7: added 1 entropy credits to input
[    6.076828] random 0090 0000 0000 45b1d0b1 845a73f7: add_disk_randomness(8:0) 45b1d0b1 845a73f7
[    6.076831] random 0090 0000 0000 45b1d0b1 845a73f7: add_timer_randomness(.. 8388864) with jiffies: 11443870841851052933, cycles: -7002873236153171958
[    6.076834] random 0090 0000 0000 45b1d0b1 845a73f7: added 1 entropy credits to input
[    6.077175] random 0091 0000 0000 45b1d0b1 845a73f7: add_disk_randomness(8:0) 45b1d0b1 845a73f7
[    6.077178] random 0091 0000 0000 45b1d0b1 845a73f7: add_timer_randomness(.. 8388864) with jiffies: 11446984620126208902, cycles: -6999759457878015990
[    6.092836] random 0091 0000 0000 45b1d0b1 845a73f7: add_disk_randomness(8:0) 45b1d0b1 845a73f7
[    6.092839] random 0091 0000 0000 45b1d0b1 845a73f7: add_timer_randomness(.. 8388864) with jiffies: 11587909403415380885, cycles: -6858834674588844022
[    6.092842] random 0091 0000 0000 45b1d0b1 845a73f7: added 3 entropy credits to input
[    6.094471] random 0094 0000 0000 45b1d0b1 845a73f7: add_disk_randomness(8:0) 45b1d0b1 845a73f7
[    6.094474] random 0094 0000 0000 45b1d0b1 845a73f7: add_timer_randomness(.. 8388864) with jiffies: 11602612291945333655, cycles: -6844131786058891254
[    6.094476] random 0094 0000 0000 45b1d0b1 845a73f7: added 1 entropy credits to input
[    6.094626] random 0095 0000 0000 45b1d0b1 845a73f7: add_disk_randomness(8:0) 45b1d0b1 845a73f7
[    6.094629] random 0095 0000 0000 45b1d0b1 845a73f7: add_timer_randomness(.. 8388864) with jiffies: 11604008547158557591, cycles: -6842735530845667318
[    6.105487] random 0095 0000 0000 45b1d0b1 845a73f7: add_disk_randomness(8:0) 45b1d0b1 845a73f7
[    6.105490] random 0095 0000 0000 45b1d0b1 845a73f7: add_timer_randomness(.. 8388864) with jiffies: 11701736112752657314, cycles: -6745007965251567606
[    6.105493] random 0095 0000 0000 45b1d0b1 845a73f7: added 3 entropy credits to input
[    6.106053] random 0098 0000 0000 45b1d0b1 845a73f7: add_disk_randomness(8:0) 45b1d0b1 845a73f7
[    6.106056] random 0098 0000 0000 45b1d0b1 845a73f7: add_timer_randomness(.. 8388864) with jiffies: 11706818111330812835, cycles: -6739925966673412086
[    6.111280] random 0098 0000 0000 45b1d0b1 845a73f7: add_disk_randomness(8:0) 45b1d0b1 845a73f7
[    6.111283] random 0098 0000 0000 45b1d0b1 845a73f7: add_timer_randomness(.. 8388864) with jiffies: 11753857963251172264, cycles: -6692886114753052662
[    6.111286] random 0098 0000 0000 45b1d0b1 845a73f7: added 2 entropy credits to input
[    6.113041] random 0100 0000 0000 45b1d0b1 845a73f7: add_disk_randomness(8:0) 45b1d0b1 845a73f7
[    6.113044] random 0100 0000 0000 45b1d0b1 845a73f7: add_timer_randomness(.. 8388864) with jiffies: 11769695771119289258, cycles: -6677048306884935670
[    6.113046] random 0100 0000 0000 45b1d0b1 845a73f7: added 1 entropy credits to input
[    6.123269] random 0101 0000 0000 45b1d0b1 845a73f7: add_disk_randomness(8:0) 45b1d0b1 845a73f7
[    6.123273] random 0101 0000 0000 45b1d0b1 845a73f7: add_timer_randomness(.. 8388864) with jiffies: 11861736765653746612, cycles: -6585007312350478326
[    6.123275] random 0101 0000 0000 45b1d0b1 845a73f7: added 3 entropy credits to input
[    6.137200] random 0104 0000 0000 45b1d0b1 845a73f7: add_disk_randomness(8:0) 45b1d0b1 845a73f7
[    6.137203] random 0104 0000 0000 45b1d0b1 845a73f7: add_timer_randomness(.. 8388864) with jiffies: 11987079081175516098, cycles: -6459664996828708854
[    6.137206] random 0104 0000 0000 45b1d0b1 845a73f7: added 2 entropy credits to input
[    6.149719] random 0106 0000 0000 45b1d0b1 845a73f7: add_disk_randomness(8:0) 45b1d0b1 845a73f7
[    6.149722] random 0106 0000 0000 45b1d0b1 845a73f7: add_timer_randomness(.. 8388864) with jiffies: 12099730472712242126, cycles: -6347013605291982838
