[    0.000000] random 0000 0000 0000 00000000 00000000: rand_read_num 1 get_random_bytes(8): sig 00000000 00000000 00000000
[    0.000000] random 0000 0000 0000 00000000 00000000: extract_entropy(.. 8 ..)
[    0.000000] random 0000 0000 0000 00000000 00000000: going to reseed nonblocking with 64 bits (64 of 0 requested)
[    0.000000] random 0000 0000 0000 00000000 00000000: extract_entropy(.. 8 ..)
[    0.000000] random 0000 0000 0000 00000000 00000000: trying to extract 64 bits from input
[    0.000000] random 0000 0000 0000 00000000 00000000: debiting 0 entropy credits from input
[    0.000000] random 0000 0000 0000 00000000 00000000: extract_entropy account returned: 0 
[    0.000000] random 0000 0000 0000 00000000 00000000: urand_change_num 1 xfer_secondary_pool(8): pool_sig 00000000, data_sig 00000000, bytes_mixed 0 00000000 00000000
[    0.000000] random 0000 0000 0000 00000000 00000000: trying to extract 64 bits from nonblocking
[    0.000000] random 0000 0000 0000 00000000 00000000: debiting 64 entropy credits from nonblocking (unlimited)
[    0.000000] random 0000 0000 0000 00000000 00000000: extract_entropy account returned: 8 
[    0.000000] random 0000 0000 0000 00000000 00000000: urand_change_num 2 extract_buf: pool_sig 00000000, data_sig fffffff9, bytes_mixed 20 00000000 00000000
[    0.000000] Linux version 2.6.32.57 (dcashman@dcashman-02) (gcc version 4.3.3 (GCC) ) #6 Thu May 30 09:02:12 PDT 2013
[    0.000000] KERNEL supported cpus:
[    0.000000]   Intel GenuineIntel
[    0.000000]   AMD AuthenticAMD
[    0.000000]   NSC Geode by NSC
[    0.000000]   Cyrix CyrixInstead
[    0.000000]   Centaur CentaurHauls
[    0.000000]   Transmeta GenuineTMx86
[    0.000000]   Transmeta TransmetaCPU
[    0.000000]   UMC UMC UMC UMC
[    0.000000] BIOS-provided physical RAM map:
[    0.000000]  BIOS-e820: 0000000000000000 - 000000000009d800 (usable)
[    0.000000]  BIOS-e820: 000000000009d800 - 00000000000a0000 (reserved)
[    0.000000]  BIOS-e820: 00000000000d2000 - 00000000000d4000 (reserved)
[    0.000000]  BIOS-e820: 00000000000e0000 - 0000000000100000 (reserved)
[    0.000000]  BIOS-e820: 0000000000100000 - 000000003d6b0000 (usable)
[    0.000000]  BIOS-e820: 000000003d6b0000 - 000000003d6cc000 (ACPI data)
[    0.000000]  BIOS-e820: 000000003d6cc000 - 000000003d700000 (ACPI NVS)
[    0.000000]  BIOS-e820: 000000003d700000 - 000000003e000000 (reserved)
[    0.000000]  BIOS-e820: 00000000f0000000 - 00000000f4000000 (reserved)
[    0.000000]  BIOS-e820: 00000000fec00000 - 00000000fec10000 (reserved)
[    0.000000]  BIOS-e820: 00000000fed00000 - 00000000fed00400 (reserved)
[    0.000000]  BIOS-e820: 00000000fed14000 - 00000000fed1a000 (reserved)
[    0.000000]  BIOS-e820: 00000000fed1c000 - 00000000fed90000 (reserved)
[    0.000000]  BIOS-e820: 00000000fee00000 - 00000000fee01000 (reserved)
[    0.000000]  BIOS-e820: 00000000ff000000 - 0000000100000000 (reserved)
[    0.000000] DMI present.
[    0.000000] last_pfn = 0x3d6b0 max_arch_pfn = 0x100000
[    0.000000] MTRR default type: uncachable
[    0.000000] MTRR fixed ranges enabled:
[    0.000000]   00000-9FFFF write-back
[    0.000000]   A0000-BFFFF uncachable
[    0.000000]   C0000-CFFFF write-protect
[    0.000000]   D0000-DFFFF uncachable
[    0.000000]   E0000-FFFFF write-protect
[    0.000000] MTRR variable ranges enabled:
[    0.000000]   0 base 03E000000 mask FFE000000 uncachable
[    0.000000]   1 base 000000000 mask FC0000000 write-back
[    0.000000]   2 base 03D700000 mask FFFF00000 uncachable
[    0.000000]   3 base 03D800000 mask FFF800000 uncachable
[    0.000000]   4 disabled
[    0.000000]   5 disabled
[    0.000000]   6 disabled
[    0.000000]   7 disabled
[    0.000000] initial memory mapped : 0 - 02000000
[    0.000000] init_memory_mapping: 0000000000000000-00000000377fe000
[    0.000000]  0000000000 - 0000400000 page 4k
[    0.000000]  0000400000 - 0037400000 page 2M
[    0.000000]  0037400000 - 00377fe000 page 4k
[    0.000000] kernel direct mapping tables up to 377fe000 @ 7000-c000
[    0.000000] ACPI: RSDP 000f68d0 00024 (v02 LENOVO)
[    0.000000] ACPI: XSDT 3d6bb77f 00094 (v01 LENOVO TP-7L    00002170  LTP 00000000)
[    0.000000] ACPI: FACP 3d6bb900 000F4 (v03 LENOVO TP-7L    00002170 LNVO 00000001)
[    0.000000] ACPI Warning: 32/64X length mismatch in Gpe1Block: 0/32 (20090903/tbfadt-526)
[    0.000000] ACPI Warning: Optional field Gpe1Block has zero address or length: 000000000000102C/0 (20090903/tbfadt-557)
[    0.000000] ACPI: DSDT 3d6bbd1d 0FED1 (v01 LENOVO TP-7L    00002170 MSFT 03000000)
[    0.000000] ACPI: FACS 3d6e4000 00040
[    0.000000] ACPI: SSDT 3d6bbab4 00269 (v01 LENOVO TP-7L    00002170 MSFT 03000000)
[    0.000000] ACPI: ECDT 3d6cbbee 00052 (v01 LENOVO TP-7L    00002170 LNVO 00000001)
[    0.000000] ACPI: TCPA 3d6cbc40 00032 (v02 LENOVO TP-7L    00002170 LNVO 00000001)
[    0.000000] ACPI: APIC 3d6cbc72 00068 (v01 LENOVO TP-7L    00002170 LNVO 00000001)
[    0.000000] ACPI: MCFG 3d6cbcda 0003C (v01 LENOVO TP-7L    00002170 LNVO 00000001)
[    0.000000] ACPI: HPET 3d6cbd16 00038 (v01 LENOVO TP-7L    00002170 LNVO 00000001)
[    0.000000] ACPI: SLIC 3d6cbdf0 00176 (v01 LENOVO TP-7L    00002170  LTP 00000000)
[    0.000000] ACPI: BOOT 3d6cbf66 00028 (v01 LENOVO TP-7L    00002170  LTP 00000001)
[    0.000000] ACPI: ASF! 3d6cbf8e 00072 (v16 LENOVO TP-7L    00002170 PTL  00000001)
[    0.000000] ACPI: SSDT 3d6e26d9 0025F (v01 LENOVO TP-7L    00002170 INTL 20050513)
[    0.000000] ACPI: SSDT 3d6e2938 000A6 (v01 LENOVO TP-7L    00002170 INTL 20050513)
[    0.000000] ACPI: SSDT 3d6e29de 004F7 (v01 LENOVO TP-7L    00002170 INTL 20050513)
[    0.000000] ACPI: SSDT 3d6e2ed5 001D8 (v01 LENOVO TP-7L    00002170 INTL 20050513)
[    0.000000] ACPI: DMI detected: Lenovo ThinkPad R61
[    0.000000] ACPI: Added _OSI(Linux)
[    0.000000] ACPI: Local APIC address 0xfee00000
[    0.000000] 94MB HIGHMEM available.
[    0.000000] 887MB LOWMEM available.
[    0.000000]   mapped low ram: 0 - 377fe000
[    0.000000]   low ram: 0 - 377fe000
[    0.000000]   node 0 low ram: 00000000 - 377fe000
[    0.000000]   node 0 bootmap 00008000 - 0000ef00
[    0.000000] (6 early reservations) ==> bootmem [0000000000 - 00377fe000]
[    0.000000]   #0 [0000000000 - 0000001000]   BIOS data page ==> [0000000000 - 0000001000]
[    0.000000]   #1 [0001000000 - 0001bdc180]    TEXT DATA BSS ==> [0001000000 - 0001bdc180]
[    0.000000]   #2 [000009d800 - 0000100000]    BIOS reserved ==> [000009d800 - 0000100000]
[    0.000000]   #3 [0001bdd000 - 0001be516c]              BRK ==> [0001bdd000 - 0001be516c]
[    0.000000]   #4 [0000007000 - 0000008000]          PGTABLE ==> [0000007000 - 0000008000]
[    0.000000]   #5 [0000008000 - 000000f000]          BOOTMAP ==> [0000008000 - 000000f000]
[    0.000000] found SMP MP-table at [c00f6900] f6900
[    0.000000] Zone PFN ranges:
[    0.000000]   DMA      0x00000000 -> 0x00001000
[    0.000000]   Normal   0x00001000 -> 0x000377fe
[    0.000000]   HighMem  0x000377fe -> 0x0003d6b0
[    0.000000] Movable zone start PFN for each node
[    0.000000] early_node_map[2] active PFN ranges
[    0.000000]     0: 0x00000000 -> 0x0000009d
[    0.000000]     0: 0x00000100 -> 0x0003d6b0
[    0.000000] On node 0 totalpages: 251469
[    0.000000] free_area_init_node: node 0, pgdat c1901ea0, node_mem_map c1be7000
[    0.000000]   DMA zone: 32 pages used for memmap
[    0.000000]   DMA zone: 0 pages reserved
[    0.000000]   DMA zone: 3965 pages, LIFO batch:0
[    0.000000]   Normal zone: 1744 pages used for memmap
[    0.000000]   Normal zone: 221486 pages, LIFO batch:31
[    0.000000]   HighMem zone: 190 pages used for memmap
[    0.000000]   HighMem zone: 24052 pages, LIFO batch:3
[    0.000000] Using APIC driver default
[    0.000000] ACPI: PM-Timer IO Port: 0x1008
[    0.000000] ACPI: Local APIC address 0xfee00000
[    0.000000] ACPI: LAPIC (acpi_id[0x00] lapic_id[0x00] enabled)
[    0.000000] ACPI: LAPIC (acpi_id[0x01] lapic_id[0x01] enabled)
[    0.000000] ACPI: NR_CPUS/possible_cpus limit of 1 reached.  Processor 1/0x1 ignored.
[    0.000000] ACPI: LAPIC_NMI (acpi_id[0x00] high edge lint[0x1])
[    0.000000] ACPI: LAPIC_NMI (acpi_id[0x01] high edge lint[0x1])
[    0.000000] ACPI: IOAPIC (id[0x01] address[0xfec00000] gsi_base[0])
[    0.000000] IOAPIC[0]: apic_id 1, version 32, address 0xfec00000, GSI 0-23
[    0.000000] ACPI: INT_SRC_OVR (bus 0 bus_irq 0 global_irq 2 dfl dfl)
[    0.000000] ACPI: INT_SRC_OVR (bus 0 bus_irq 9 global_irq 9 high level)
[    0.000000] ACPI: IRQ0 used by override.
[    0.000000] ACPI: IRQ2 used by override.
[    0.000000] ACPI: IRQ9 used by override.
[    0.000000] Using ACPI (MADT) for SMP configuration information
[    0.000000] ACPI: HPET id: 0x8086a201 base: 0xfed00000
[    0.000000] nr_irqs_gsi: 24
[    0.000000] PM: Registered nosave memory: 000000000009d000 - 000000000009e000
[    0.000000] PM: Registered nosave memory: 000000000009e000 - 00000000000a0000
[    0.000000] PM: Registered nosave memory: 00000000000a0000 - 00000000000d2000
[    0.000000] PM: Registered nosave memory: 00000000000d2000 - 00000000000d4000
[    0.000000] PM: Registered nosave memory: 00000000000d4000 - 00000000000e0000
[    0.000000] PM: Registered nosave memory: 00000000000e0000 - 0000000000100000
[    0.000000] Allocating PCI resources starting at 3e000000 (gap: 3e000000:b2000000)
[    0.000000] Built 1 zonelists in Zone order, mobility grouping on.  Total pages: 249503
[    0.000000] Kernel command line: auto BOOT_IMAGE=Linux ro root=802 vt.default_utf8=0 maxcpus=0
[    0.000000] PID hash table entries: 4096 (order: 2, 16384 bytes)
[    0.000000] Dentry cache hash table entries: 131072 (order: 7, 524288 bytes)
[    0.000000] Inode-cache hash table entries: 65536 (order: 6, 262144 bytes)
[    0.000000] Enabling fast FPU save and restore... done.
[    0.000000] Enabling unmasked SIMD FPU exception support... done.
[    0.000000] Initializing CPU#0
[    0.000000] Initializing HighMem for node 0 (000377fe:0003d6b0)
[    0.000000] Memory: 984800k/1006272k available (6915k kernel code, 20876k reserved, 2327k data, 448k init, 96968k highmem)
[    0.000000] virtual kernel memory layout:
[    0.000000]     fixmap  : 0xfffa3000 - 0xfffff000   ( 368 kB)
[    0.000000]     pkmap   : 0xff800000 - 0xffc00000   (4096 kB)
[    0.000000]     vmalloc : 0xf7ffe000 - 0xff7fe000   ( 120 MB)
[    0.000000]     lowmem  : 0xc0000000 - 0xf77fe000   ( 887 MB)
[    0.000000]       .init : 0xc1907000 - 0xc1977000   ( 448 kB)
[    0.000000]       .data : 0xc16c0d3f - 0xc1906c64   (2327 kB)
[    0.000000]       .text : 0xc1000000 - 0xc16c0d3f   (6915 kB)
[    0.000000] Checking if this processor honours the WP bit even in supervisor mode...Ok.
[    0.000000] SLUB: Genslabs=13, HWalign=64, Order=0-3, MinObjects=0, CPUs=1, Nodes=1
[    0.000000] Hierarchical RCU implementation.
[    0.000000] NR_IRQS:288
[    0.000000] Extended CMOS year: 2000
[    0.000000] Console: colour VGA+ 80x25
[    0.000000] console [tty0] enabled
[    0.000000] hpet clockevent registered
[    0.000000] Fast TSC calibration using PIT
[    0.000000] Detected 2094.693 MHz processor.
[    0.001001] Calibrating delay loop (skipped), value calculated using timer frequency.. 4189.38 BogoMIPS (lpj=2094693)
[    0.002007] Security Framework initialized
[    0.002095] Mount-cache hash table entries: 512
[    0.002242] CPU: L1 I cache: 32K, L1 D cache: 32K
[    0.002369] CPU: L2 cache: 3072K
[    0.002451] mce: CPU supports 6 MCE banks
[    0.002538] CPU0: Thermal monitoring enabled (TM2)
[    0.002619] using mwait in idle threads.
[    0.002702] CPU: Intel(R) Core(TM)2 Duo CPU     T8100  @ 2.10GHz stepping 06
[    0.002883] Checking 'hlt' instruction... OK.
[    0.006938] ACPI: Core revision 20090903
[    0.026013] RANDOM get_random_int first call with cycles 32585396655, jiffies 4294667322 and pid 0
[    0.026021] CANARY value: 42899611 for PID: 1
[    0.026027] CANARY value: 8d45be1b for PID: 2
[    0.026052] Enabling APIC mode:  Flat.  Using 1 I/O APICs
[    0.026511] ..TIMER: vector=0x30 apic1=0 pin1=2 apic2=-1 pin2=-1
[    0.037997] xor: automatically using best checksumming function: pIII_sse
[    0.041998]    pIII_sse  :  8568.000 MB/sec
[    0.042095] xor: using function: pIII_sse (8568.000 MB/sec)
[    0.042193] RANDOM - __seed init called.
[    0.042194] RANDOM - __seed init called.
[    0.042195] RANDOM - __seed init called.
[    0.042197] RANDOM - __random32 called. Change num 1.  Value: f7943846	49e73df3	af36cd0d
[    0.042198] RANDOM - __random32 called. Change num 2.  Value: 43846e13	9e73df37	9a1ad014
[    0.042200] RANDOM - __random32 called. Change num 3.  Value: 46e139c8	e73df373	a029598a
[    0.042202] RANDOM - __random32 called. Change num 4.  Value: 139c8c3b	73df373d	b3142c72
[    0.042204] RANDOM - __random32 called. Change num 5.  Value: c8c3b043	3df373de	58e576a9
[    0.042205] RANDOM - __random32 called. Change num 6.  Value: 3b0437d9	df373de5	ed53f9d8
[    0.042207] RANDOM - random32 init called.  Value: 3b0437d9	df373de5	ed53f9d8
[    0.042224] NET: Registered protocol family 16
[    0.042502] ACPI FADT declares the system doesn't support PCIe ASPM, so disable it
[    0.042623] ACPI: bus type pci registered
[    0.042794] PCI: MCFG configuration 0: base f0000000 segment 0 buses 0 - 63
[    0.042885] PCI: MCFG area at f0000000 reserved in E820
[    0.042981] PCI: Using MMCONFIG for extended config space
[    0.043002] PCI: Using configuration type 1 for base access
[    0.046180] bio: create slab <bio-0> at 0
[    0.047011] ACPI: EC: EC description table is found, configuring boot EC
[    0.052166] ACPI: BIOS _OSI(Linux) query honored via DMI
[    0.052896] random 0000 0000 0000 00000000 00000000: rand_read_num 2 get_random_bytes(8): sig fffffe1a 00000000 00000000
[    0.052899] random 0000 0000 0000 00000000 00000000: extract_entropy(.. 8 ..)
[    0.052902] random 0000 0000 0000 00000000 00000000: going to reseed nonblocking with 64 bits (64 of 0 requested)
[    0.052904] random 0000 0000 0000 00000000 00000000: extract_entropy(.. 8 ..)
[    0.052906] random 0000 0000 0000 00000000 00000000: trying to extract 64 bits from input
[    0.052908] random 0000 0000 0000 00000000 00000000: debiting 0 entropy credits from input
[    0.052910] random 0000 0000 0000 00000000 00000000: extract_entropy account returned: 0 
[    0.052939] random 0000 0000 0000 00000000 00000000: urand_change_num 3 xfer_secondary_pool(8): pool_sig fffffe1a, data_sig 00000000, bytes_mixed 0 00000000 00000000
[    0.052942] random 0000 0000 0000 00000000 00000000: trying to extract 64 bits from nonblocking
[    0.052944] random 0000 0000 0000 00000000 00000000: debiting 64 entropy credits from nonblocking (unlimited)
[    0.052947] random 0000 0000 0000 00000000 00000000: extract_entropy account returned: 8 
[    0.052951] random 0000 0000 0000 00000000 00000000: urand_change_num 4 extract_buf: pool_sig fffffe1a, data_sig fffffed7, bytes_mixed 20 00000000 00000000
[    0.058681] ACPI: Interpreter enabled
[    0.058771] ACPI: (supports S0 S3 S4 S5)
[    0.059086] ACPI: Using IOAPIC for interrupt routing
[    0.068659] ACPI: EC: GPE = 0x12, I/O: command/status = 0x66, data = 0x62
[    0.068969] ACPI: Power Resource [PUBS] (on)
[    0.071076] ACPI: ACPI Dock Station Driver: 3 docks/bays found
[    0.071484] ACPI: PCI Root Bridge [PCI0] (0000:00)
[    0.071671] pci 0000:00:02.0: reg 10 64bit mmio: [0xf8100000-0xf81fffff]
[    0.071677] pci 0000:00:02.0: reg 18 64bit mmio pref: [0xe0000000-0xefffffff]
[    0.071681] pci 0000:00:02.0: reg 20 io port: [0x1800-0x1807]
[    0.071715] pci 0000:00:02.1: reg 10 64bit mmio: [0xf8200000-0xf82fffff]
[    0.071818] pci 0000:00:19.0: reg 10 32bit mmio: [0xfe000000-0xfe01ffff]
[    0.071825] pci 0000:00:19.0: reg 14 32bit mmio: [0xfe025000-0xfe025fff]
[    0.071834] pci 0000:00:19.0: reg 18 io port: [0x1840-0x185f]
[    0.071908] pci 0000:00:19.0: PME# supported from D0 D3hot D3cold
[    0.072002] pci 0000:00:19.0: PME# disabled
[    0.072155] pci 0000:00:1a.0: reg 20 io port: [0x1860-0x187f]
[    0.072231] pci 0000:00:1a.1: reg 20 io port: [0x1880-0x189f]
[    0.072310] pci 0000:00:1a.7: reg 10 32bit mmio: [0xfe226c00-0xfe226fff]
[    0.072399] pci 0000:00:1a.7: PME# supported from D0 D3hot D3cold
[    0.072493] pci 0000:00:1a.7: PME# disabled
[    0.072639] pci 0000:00:1b.0: reg 10 64bit mmio: [0xfe020000-0xfe023fff]
[    0.072724] pci 0000:00:1b.0: PME# supported from D0 D3hot D3cold
[    0.072815] pci 0000:00:1b.0: PME# disabled
[    0.073042] pci 0000:00:1c.0: PME# supported from D0 D3hot D3cold
[    0.073135] pci 0000:00:1c.0: PME# disabled
[    0.073347] pci 0000:00:1c.1: PME# supported from D0 D3hot D3cold
[    0.073443] pci 0000:00:1c.1: PME# disabled
[    0.073643] pci 0000:00:1c.2: PME# supported from D0 D3hot D3cold
[    0.073738] pci 0000:00:1c.2: PME# disabled
[    0.073943] pci 0000:00:1c.3: PME# supported from D0 D3hot D3cold
[    0.073999] pci 0000:00:1c.3: PME# disabled
[    0.074850] pci 0000:00:1c.4: PME# supported from D0 D3hot D3cold
[    0.074940] pci 0000:00:1c.4: PME# disabled
[    0.075066] pci 0000:00:1d.0: reg 20 io port: [0x18a0-0x18bf]
[    0.075141] pci 0000:00:1d.1: reg 20 io port: [0x18c0-0x18df]
[    0.075219] pci 0000:00:1d.2: reg 20 io port: [0x18e0-0x18ff]
[    0.075317] pci 0000:00:1d.7: reg 10 32bit mmio: [0xfe227000-0xfe2273ff]
[    0.075411] pci 0000:00:1d.7: PME# supported from D0 D3hot D3cold
[    0.075506] pci 0000:00:1d.7: PME# disabled
[    0.075813] pci 0000:00:1f.0: quirk: region 1000-107f claimed by ICH6 ACPI/GPIO/TCO
[    0.076000] pci 0000:00:1f.0: quirk: region 1180-11bf claimed by ICH6 GPIO
[    0.076094] pci 0000:00:1f.0: ICH7 LPC Generic IO decode 1 PIO at 1600 (mask 007f)
[    0.076219] pci 0000:00:1f.0: ICH7 LPC Generic IO decode 2 PIO at 15e0 (mask 000f)
[    0.076344] pci 0000:00:1f.0: ICH7 LPC Generic IO decode 3 PIO at 1680 (mask 001f)
[    0.076543] pci 0000:00:1f.1: reg 10 io port: [0x00-0x07]
[    0.076552] pci 0000:00:1f.1: reg 14 io port: [0x00-0x03]
[    0.076559] pci 0000:00:1f.1: reg 18 io port: [0x00-0x07]
[    0.076571] pci 0000:00:1f.1: reg 1c io port: [0x00-0x03]
[    0.076582] pci 0000:00:1f.1: reg 20 io port: [0x1c00-0x1c0f]
[    0.076674] pci 0000:00:1f.2: reg 10 io port: [0x1c50-0x1c57]
[    0.076683] pci 0000:00:1f.2: reg 14 io port: [0x1c44-0x1c47]
[    0.076690] pci 0000:00:1f.2: reg 18 io port: [0x1c48-0x1c4f]
[    0.076699] pci 0000:00:1f.2: reg 1c io port: [0x1c40-0x1c43]
[    0.076707] pci 0000:00:1f.2: reg 20 io port: [0x1c20-0x1c3f]
[    0.076716] pci 0000:00:1f.2: reg 24 32bit mmio: [0xfe226000-0xfe2267ff]
[    0.076778] pci 0000:00:1f.2: PME# supported from D3hot
[    0.076867] pci 0000:00:1f.2: PME# disabled
[    0.077033] pci 0000:00:1f.3: reg 10 32bit mmio: [0xfe227400-0xfe2274ff]
[    0.077058] pci 0000:00:1f.3: reg 20 io port: [0x1c60-0x1c7f]
[    0.077156] pci 0000:00:1c.0: bridge io port: [0x2000-0x2fff]
[    0.077163] pci 0000:00:1c.0: bridge 32bit mmio: [0xfc000000-0xfdffffff]
[    0.077172] pci 0000:00:1c.0: bridge 64bit mmio pref: [0xf8000000-0xf80fffff]
[    0.077243] pci 0000:03:00.0: reg 10 64bit mmio: [0xdf3f0000-0xdf3fffff]
[    0.077437] pci 0000:00:1c.1: bridge io port: [0x3000-0x3fff]
[    0.077442] pci 0000:00:1c.1: bridge 32bit mmio: [0xdc000000-0xdf3fffff]
[    0.077451] pci 0000:00:1c.1: bridge 64bit mmio pref: [0xdfe00000-0xdfefffff]
[    0.077507] pci 0000:00:1c.2: bridge io port: [0x4000-0x4fff]
[    0.077512] pci 0000:00:1c.2: bridge 32bit mmio: [0xd8000000-0xd9ffffff]
[    0.077521] pci 0000:00:1c.2: bridge 64bit mmio pref: [0xdfb00000-0xdfbfffff]
[    0.077578] pci 0000:00:1c.3: bridge io port: [0x5000-0x5fff]
[    0.077585] pci 0000:00:1c.3: bridge 32bit mmio: [0xd4000000-0xd5ffffff]
[    0.077593] pci 0000:00:1c.3: bridge 64bit mmio pref: [0xdf800000-0xdf8fffff]
[    0.077647] pci 0000:00:1c.4: bridge io port: [0x6000-0x6fff]
[    0.077653] pci 0000:00:1c.4: bridge 32bit mmio: [0xd0000000-0xd1ffffff]
[    0.077662] pci 0000:00:1c.4: bridge 64bit mmio pref: [0xdf500000-0xdf5fffff]
[    0.077715] pci 0000:15:00.0: reg 10 32bit mmio: [0xf8300000-0xf8300fff]
[    0.077768] pci 0000:15:00.0: supports D1 D2
[    0.077770] pci 0000:15:00.0: PME# supported from D0 D1 D2 D3hot D3cold
[    0.077869] pci 0000:15:00.0: PME# disabled
[    0.078029] pci 0000:15:00.1: reg 10 32bit mmio: [0xf8301000-0xf83017ff]
[    0.078132] pci 0000:15:00.1: supports D1 D2
[    0.078133] pci 0000:15:00.1: PME# supported from D0 D1 D2 D3hot D3cold
[    0.078226] pci 0000:15:00.1: PME# disabled
[    0.078403] pci 0000:00:1e.0: transparent bridge
[    0.078513] pci 0000:00:1e.0: bridge io port: [0x7000-0xafff]
[    0.078519] pci 0000:00:1e.0: bridge 32bit mmio: [0xf8300000-0xfbffffff]
[    0.078528] pci 0000:00:1e.0: bridge 64bit mmio pref: [0xf4000000-0xf7ffffff]
[    0.078594] pci_bus 0000:00: on NUMA node 0
[    0.078598] ACPI: PCI Interrupt Routing Table [\_SB_.PCI0._PRT]
[    0.078731] ACPI: PCI Interrupt Routing Table [\_SB_.PCI0.EXP0._PRT]
[    0.078790] ACPI: PCI Interrupt Routing Table [\_SB_.PCI0.EXP1._PRT]
[    0.078849] ACPI: PCI Interrupt Routing Table [\_SB_.PCI0.EXP2._PRT]
[    0.078907] ACPI: PCI Interrupt Routing Table [\_SB_.PCI0.EXP3._PRT]
[    0.078969] ACPI: PCI Interrupt Routing Table [\_SB_.PCI0.EXP4._PRT]
[    0.079038] ACPI: PCI Interrupt Routing Table [\_SB_.PCI0.PCI1._PRT]
[    0.084496] ACPI: PCI Interrupt Link [LNKA] (IRQs 3 4 5 6 7 9 *10 11)
[    0.085304] ACPI: PCI Interrupt Link [LNKB] (IRQs 3 4 5 6 7 9 10 *11)
[    0.086142] ACPI: PCI Interrupt Link [LNKC] (IRQs 3 4 5 6 7 9 10 *11)
[    0.086974] ACPI: PCI Interrupt Link [LNKD] (IRQs 3 4 5 6 7 9 10 *11)
[    0.087764] ACPI: PCI Interrupt Link [LNKE] (IRQs 3 4 5 6 7 9 10 *11)
[    0.088578] ACPI: PCI Interrupt Link [LNKF] (IRQs 3 4 5 6 7 9 10 *11)
[    0.089476] ACPI: PCI Interrupt Link [LNKG] (IRQs 3 4 5 6 7 9 10 *11)
[    0.090326] ACPI: PCI Interrupt Link [LNKH] (IRQs 3 4 5 6 7 9 10 *11)
[    0.091128] vgaarb: device added: PCI:0000:00:02.0,decodes=io+mem,owns=io+mem,locks=none
[    0.091255] vgaarb: loaded
[    0.091434] SCSI subsystem initialized
[    0.091548] libata version 3.00 loaded.
[    0.091597] usbcore: registered new interface driver usbfs
[    0.091721] usbcore: registered new interface driver hub
[    0.091832] usbcore: registered new device driver usb
[    0.108034] raid6: int32x1    941 MB/s
[    0.125058] raid6: int32x2    890 MB/s
[    0.142066] raid6: int32x4    750 MB/s
[    0.159058] raid6: int32x8    660 MB/s
[    0.176002] raid6: mmxx1     2882 MB/s
[    0.192986] raid6: mmxx2     3253 MB/s
[    0.209987] raid6: sse1x1    1937 MB/s
[    0.226997] raid6: sse1x2    2535 MB/s
[    0.243985] raid6: sse2x1    3503 MB/s
[    0.260985] raid6: sse2x2    3828 MB/s
[    0.261080] raid6: using algorithm sse2x2 (3828 MB/s)
[    0.261181] PCI: Using ACPI for IRQ routing
[    0.261491] HPET: 3 timers in total, 0 timers will be used for per-cpu timer
[    0.261996] Switching to clocksource tsc
[    0.262102] pnp: PnP ACPI init
[    0.262189] ACPI: bus type pnp registered
[    0.265820] pnp: PnP ACPI: found 11 devices
[    0.265923] ACPI: ACPI bus type pnp unregistered
[    0.266028] system 00:00: iomem range 0x0-0x9ffff could not be reserved
[    0.266117] system 00:00: iomem range 0xc0000-0xc3fff could not be reserved
[    0.266213] system 00:00: iomem range 0xc4000-0xc7fff could not be reserved
[    0.266304] system 00:00: iomem range 0xc8000-0xcbfff has been reserved
[    0.266395] system 00:00: iomem range 0xcc000-0xcffff has been reserved
[    0.266499] system 00:00: iomem range 0xd0000-0xd3fff could not be reserved
[    0.266596] system 00:00: iomem range 0xe0000-0xe3fff could not be reserved
[    0.266689] system 00:00: iomem range 0xe4000-0xe7fff could not be reserved
[    0.266779] system 00:00: iomem range 0xe8000-0xebfff could not be reserved
[    0.266877] system 00:00: iomem range 0xec000-0xeffff could not be reserved
[    0.266972] system 00:00: iomem range 0xf0000-0xfffff could not be reserved
[    0.267064] system 00:00: iomem range 0x100000-0x3dffffff could not be reserved
[    0.267187] system 00:00: iomem range 0xfec00000-0xfed3ffff could not be reserved
[    0.267308] system 00:00: iomem range 0xfed4c000-0xffffffff could not be reserved
[    0.267446] system 00:02: ioport range 0x164e-0x164f has been reserved
[    0.267546] system 00:02: ioport range 0x1000-0x107f has been reserved
[    0.267643] system 00:02: ioport range 0x1180-0x11bf has been reserved
[    0.267730] system 00:02: ioport range 0x800-0x80f has been reserved
[    0.267826] system 00:02: ioport range 0x15e0-0x15ef has been reserved
[    0.267924] system 00:02: ioport range 0x1600-0x165f could not be reserved
[    0.268022] system 00:02: iomem range 0xf0000000-0xf3ffffff has been reserved
[    0.268117] system 00:02: iomem range 0xfed1c000-0xfed1ffff has been reserved
[    0.268213] system 00:02: iomem range 0xfed14000-0xfed17fff has been reserved
[    0.268311] system 00:02: iomem range 0xfed18000-0xfed18fff has been reserved
[    0.268409] system 00:02: iomem range 0xfed19000-0xfed19fff has been reserved
[    0.268501] system 00:02: iomem range 0xfed45000-0xfed4bfff has been reserved
[    0.303552] pci 0000:00:1c.0: PCI bridge, secondary bus 0000:02
[    0.303649] pci 0000:00:1c.0:   IO window: 0x2000-0x2fff
[    0.303751] pci 0000:00:1c.0:   MEM window: 0xfc000000-0xfdffffff
[    0.303855] pci 0000:00:1c.0:   PREFETCH window: 0x000000f8000000-0x000000f80fffff
[    0.303978] pci 0000:00:1c.1: PCI bridge, secondary bus 0000:03
[    0.304070] pci 0000:00:1c.1:   IO window: 0x3000-0x3fff
[    0.304165] pci 0000:00:1c.1:   MEM window: 0xdc000000-0xdf3fffff
[    0.304257] pci 0000:00:1c.1:   PREFETCH window: 0x000000dfe00000-0x000000dfefffff
[    0.304386] pci 0000:00:1c.2: PCI bridge, secondary bus 0000:04
[    0.304479] pci 0000:00:1c.2:   IO window: 0x4000-0x4fff
[    0.304576] pci 0000:00:1c.2:   MEM window: 0xd8000000-0xd9ffffff
[    0.304679] pci 0000:00:1c.2:   PREFETCH window: 0x000000dfb00000-0x000000dfbfffff
[    0.304802] pci 0000:00:1c.3: PCI bridge, secondary bus 0000:05
[    0.304897] pci 0000:00:1c.3:   IO window: 0x5000-0x5fff
[    0.305003] pci 0000:00:1c.3:   MEM window: 0xd4000000-0xd5ffffff
[    0.305098] pci 0000:00:1c.3:   PREFETCH window: 0x000000df800000-0x000000df8fffff
[    0.305227] pci 0000:00:1c.4: PCI bridge, secondary bus 0000:0d
[    0.305319] pci 0000:00:1c.4:   IO window: 0x6000-0x6fff
[    0.305414] pci 0000:00:1c.4:   MEM window: 0xd0000000-0xd1ffffff
[    0.305506] pci 0000:00:1c.4:   PREFETCH window: 0x000000df500000-0x000000df5fffff
[    0.305638] pci 0000:15:00.0: CardBus bridge, secondary bus 0000:16
[    0.305729] pci 0000:15:00.0:   IO window: 0x007000-0x0070ff
[    0.305831] pci 0000:15:00.0:   IO window: 0x007400-0x0074ff
[    0.305933] pci 0000:15:00.0:   PREFETCH window: 0xf4000000-0xf7ffffff
[    0.306030] pci 0000:15:00.0:   MEM window: 0x40000000-0x43ffffff
[    0.306131] pci 0000:00:1e.0: PCI bridge, secondary bus 0000:15
[    0.306225] pci 0000:00:1e.0:   IO window: 0x7000-0xafff
[    0.306324] pci 0000:00:1e.0:   MEM window: 0xf8300000-0xfbffffff
[    0.306416] pci 0000:00:1e.0:   PREFETCH window: 0x000000f4000000-0x000000f7ffffff
[    0.306558] pci 0000:00:1c.0: PCI INT A -> GSI 20 (level, low) -> IRQ 20
[    0.306658] pci 0000:00:1c.0: setting latency timer to 64
[    0.306669] pci 0000:00:1c.1: PCI INT B -> GSI 21 (level, low) -> IRQ 21
[    0.306779] pci 0000:00:1c.1: setting latency timer to 64
[    0.306793] pci 0000:00:1c.2: PCI INT C -> GSI 22 (level, low) -> IRQ 22
[    0.306896] pci 0000:00:1c.2: setting latency timer to 64
[    0.306909] pci 0000:00:1c.3: PCI INT D -> GSI 23 (level, low) -> IRQ 23
[    0.307020] pci 0000:00:1c.3: setting latency timer to 64
[    0.307032] pci 0000:00:1c.4: PCI INT A -> GSI 20 (level, low) -> IRQ 20
[    0.307130] pci 0000:00:1c.4: setting latency timer to 64
[    0.307139] pci 0000:00:1e.0: enabling device (0005 -> 0007)
[    0.307232] pci 0000:00:1e.0: setting latency timer to 64
[    0.307248] pci 0000:15:00.0: PCI INT A -> GSI 16 (level, low) -> IRQ 16
[    0.307349] pci 0000:15:00.0: setting latency timer to 64
[    0.307355] pci_bus 0000:00: resource 0 io:  [0x00-0xffff]
[    0.307357] pci_bus 0000:00: resource 1 mem: [0x000000-0xffffffff]
[    0.307359] pci_bus 0000:02: resource 0 io:  [0x2000-0x2fff]
[    0.307361] pci_bus 0000:02: resource 1 mem: [0xfc000000-0xfdffffff]
[    0.307363] pci_bus 0000:02: resource 2 pref mem [0xf8000000-0xf80fffff]
[    0.307365] pci_bus 0000:03: resource 0 io:  [0x3000-0x3fff]
[    0.307367] pci_bus 0000:03: resource 1 mem: [0xdc000000-0xdf3fffff]
[    0.307368] pci_bus 0000:03: resource 2 pref mem [0xdfe00000-0xdfefffff]
[    0.307370] pci_bus 0000:04: resource 0 io:  [0x4000-0x4fff]
[    0.307372] pci_bus 0000:04: resource 1 mem: [0xd8000000-0xd9ffffff]
[    0.307374] pci_bus 0000:04: resource 2 pref mem [0xdfb00000-0xdfbfffff]
[    0.307376] pci_bus 0000:05: resource 0 io:  [0x5000-0x5fff]
[    0.307377] pci_bus 0000:05: resource 1 mem: [0xd4000000-0xd5ffffff]
[    0.307379] pci_bus 0000:05: resource 2 pref mem [0xdf800000-0xdf8fffff]
[    0.307381] pci_bus 0000:0d: resource 0 io:  [0x6000-0x6fff]
[    0.307383] pci_bus 0000:0d: resource 1 mem: [0xd0000000-0xd1ffffff]
[    0.307384] pci_bus 0000:0d: resource 2 pref mem [0xdf500000-0xdf5fffff]
[    0.307386] pci_bus 0000:15: resource 0 io:  [0x7000-0xafff]
[    0.307388] pci_bus 0000:15: resource 1 mem: [0xf8300000-0xfbffffff]
[    0.307390] pci_bus 0000:15: resource 2 pref mem [0xf4000000-0xf7ffffff]
[    0.307392] pci_bus 0000:15: resource 3 io:  [0x00-0xffff]
[    0.307393] pci_bus 0000:15: resource 4 mem: [0x000000-0xffffffff]
[    0.307395] pci_bus 0000:16: resource 0 io:  [0x7000-0x70ff]
[    0.307397] pci_bus 0000:16: resource 1 io:  [0x7400-0x74ff]
[    0.307399] pci_bus 0000:16: resource 2 pref mem [0xf4000000-0xf7ffffff]
[    0.307401] pci_bus 0000:16: resource 3 mem: [0x40000000-0x43ffffff]
[    0.307408] NET: Registered protocol family 2
[    0.307497] RANDOM - __random32 called. Change num 7.  Value: 437d97bf	f373de51	f3b0f986
[    0.307499] RANDOM - random32 called.  Value: 437d97bf	f373de51	f3b0f986
[    0.307503] random 0000 0000 0000 5f8db4e5 4cfdf2a8: rand_read_num 3 get_random_bytes(4): sig fffffb64 5f8db4e5 4cfdf2a8
[    0.307506] random 0000 0000 0000 5f8db4e5 4cfdf2a8: extract_entropy(.. 4 ..)
[    0.307508] random 0000 0000 0000 5f8db4e5 4cfdf2a8: going to reseed nonblocking with 64 bits (32 of 0 requested)
[    0.307510] random 0000 0000 0000 5f8db4e5 4cfdf2a8: extract_entropy(.. 8 ..)
[    0.307512] random 0000 0000 0000 5f8db4e5 4cfdf2a8: trying to extract 64 bits from input
[    0.307515] random 0000 0000 0000 5f8db4e5 4cfdf2a8: debiting 0 entropy credits from input
[    0.307516] random 0000 0000 0000 5f8db4e5 4cfdf2a8: extract_entropy account returned: 0 
[    0.307520] random 0000 0000 0000 5f8db4e5 4cfdf2a8: urand_change_num 5 xfer_secondary_pool(4): pool_sig fffffb64, data_sig 00000000, bytes_mixed 0 5f8db4e5 4cfdf2a8
[    0.307522] random 0000 0000 0000 5f8db4e5 4cfdf2a8: trying to extract 32 bits from nonblocking
[    0.307525] random 0000 0000 0000 5f8db4e5 4cfdf2a8: debiting 32 entropy credits from nonblocking (unlimited)
[    0.307527] random 0000 0000 0000 5f8db4e5 4cfdf2a8: extract_entropy account returned: 4 
[    0.307531] random 0000 0000 0000 5f8db4e5 4cfdf2a8: urand_change_num 6 extract_buf: pool_sig fffffb64, data_sig 00000241, bytes_mixed 20 5f8db4e5 4cfdf2a8
[    0.307541] IP route cache hash table entries: 32768 (order: 5, 131072 bytes)
[    0.307679] RANDOM - __random32 called. Change num 8.  Value: d97bfe31	373de51f	f30dc6e6
[    0.307681] RANDOM - random32 called.  Value: d97bfe31	373de51f	f30dc6e6
[    0.307691] RANDOM - __random32 called. Change num 9.  Value: bfe314d7	73de51f5	8dcd6c7e
[    0.307693] RANDOM - random32 called.  Value: bfe314d7	73de51f5	8dcd6c7e
[    0.307695] RANDOM - __random32 called. Change num 10.  Value: 314d7baf	3de51f5e	d8fc74c1
[    0.307696] RANDOM - random32 called.  Value: 314d7baf	3de51f5e	d8fc74c1
[    0.307707] RANDOM - __random32 called. Change num 11.  Value: d7baf3c7	de51f5e5	e983e3fa
[    0.307708] RANDOM - random32 called.  Value: d7baf3c7	de51f5e5	e983e3fa
[    0.307718] TCP established hash table entries: 131072 (order: 8, 1048576 bytes)
[    0.308218] TCP bind hash table entries: 65536 (order: 6, 262144 bytes)
[    0.308404] TCP: Hash tables configured (established 131072 bind 65536)
[    0.308499] TCP reno registered
[    0.308616] NET: Registered protocol family 1
[    0.308740] RPC: Registered udp transport module.
[    0.308831] RPC: Registered tcp transport module.
[    0.308934] RPC: Registered tcp NFSv4.1 backchannel transport module.
[    0.309029] pci 0000:00:02.0: Boot video device
[    0.309241] Simple Boot Flag at 0x35 set to 0x1
[    0.309769] highmem bounce pool size: 64 pages
[    0.311337] VFS: Disk quotas dquot_6.5.2
[    0.311459] Dquot-cache hash table entries: 1024 (order 0, 4096 bytes)
[    0.312141] NTFS driver 2.1.29 [Flags: R/W].
[    0.312310] ROMFS MTD (C) 2007 Red Hat, Inc.
[    0.312524] JFS: nTxBlock = 7695, nTxLock = 61562
[    0.314996] SGI XFS with ACLs, security attributes, large block/inode numbers, no debug enabled
[    0.315475] SGI XFS Quota Management subsystem
[    0.315764] Slow work thread pool: Starting up
[    0.315915] Slow work thread pool: Ready
[    0.316008] GFS2 (built May 24 2013 02:47:17) installed
[    0.316101] msgmni has been set to 1734
[    0.316264] alg: No test for cipher_null (cipher_null-generic)
[    0.316365] alg: No test for ecb(cipher_null) (ecb-cipher_null)
[    0.316464] alg: No test for digest_null (digest_null-generic)
[    0.316562] alg: No test for compress_null (compress_null-generic)
[    0.317113] alg: No test for fcrypt (fcrypt-generic)
[    0.318529] alg: No test for stdrng (krng)
[    0.318631] async_tx: api initialized (async)
[    0.318793] Block layer SCSI generic (bsg) driver version 0.4 loaded (major 254)
[    0.318927] io scheduler noop registered
[    0.319015] io scheduler anticipatory registered
[    0.319109] io scheduler deadline registered
[    0.319251] io scheduler cfq registered (default)
[    0.319498] pcieport 0000:00:1c.0: irq 24 for MSI/MSI-X
[    0.319513] pcieport 0000:00:1c.0: setting latency timer to 64
[    0.319696] pcieport 0000:00:1c.1: irq 25 for MSI/MSI-X
[    0.319707] pcieport 0000:00:1c.1: setting latency timer to 64
[    0.319902] pcieport 0000:00:1c.2: irq 26 for MSI/MSI-X
[    0.319917] pcieport 0000:00:1c.2: setting latency timer to 64
[    0.320098] pcieport 0000:00:1c.3: irq 27 for MSI/MSI-X
[    0.320110] pcieport 0000:00:1c.3: setting latency timer to 64
[    0.320288] pcieport 0000:00:1c.4: irq 28 for MSI/MSI-X
[    0.320300] pcieport 0000:00:1c.4: setting latency timer to 64
[    0.320443] pci_hotplug: PCI Hot Plug PCI Core version: 0.5
[    0.320635] isapnp: Scanning for PnP cards...
[    0.681167] isapnp: No Plug & Play device found
[    0.681255] random 0000 0000 0000 5f8db4e5 4cfdf2a8: initializing
[    0.681258] RANDOM init_std_data for input now value: 1370008676681258005
[    0.681259] RANDOM init_std_data for blocking now value: 1370008676681260000
[    0.681261] RANDOM init_std_data for nonblocking now value: 1370008676681261719
[    0.700858] Serial: 8250/16550 driver, 4 ports, IRQ sharing enabled
[    3.711741] floppy0: no floppy controllers found
[    3.712695] brd: module loaded
[    3.713201] loop: module loaded
[    3.713287] Compaq SMART2 Driver (v 2.6.0)
[    3.713411] HP CISS Driver (v 3.6.20)
[    3.713655] input: Macintosh mouse button emulation as /devices/virtual/input/input0
[    3.713807] Uniform Multi-Platform E-IDE driver
[    3.714037] piix 0000:00:1f.1: IDE controller (0x8086:0x2850 rev 0x03)
[    3.714142] pci 0000:00:1f.1: PCI INT C -> GSI 16 (level, low) -> IRQ 16
[    3.714255] piix 0000:00:1f.1: IDE port disabled
[    3.714355] piix 0000:00:1f.1: not 100% native mode: will probe irqs later
[    3.714452]     ide0: BM-DMA at 0x1c00-0x1c07
[    3.714549] Probing IDE interface ide0...
[    4.385939] hda: HL-DT-ST DVDRAM GSA-U10N, ATAPI CD/DVD-ROM drive
[    4.692739] hda: host max PIO4 wanted PIO255(auto-tune) selected PIO4
[    4.693506] hda: UDMA/33 mode selected
[    4.693974] ide0 at 0x1f0-0x1f7,0x3f6 on irq 14
[    4.697889] ide-gd driver 1.18
[    4.697994] ide-cd driver 5.00
[    4.699385] random 0000 0000 0000 00000000 00000000: add_disk_randomness(0:0) 00000000 00000000
[    4.699389] random 0000 0000 0000 00000000 00000000: add_timer_randomness(.. 256) with jiffies: 17521375507017072251, cycles: -925368570987151351
[    4.699392] random 0000 0000 0000 00000000 00000000: added 11 entropy credits to input
[    4.699396] ide-cd: hda: ATAPI 24X DVD-ROM DVD-R/RAM CD-R/RW drive, 2048kB Cache
[    4.699881] Uniform CD-ROM driver Revision: 3.20
[    4.702624] random 0011 0000 0000 00000000 00000000: add_disk_randomness(0:0) 00000000 00000000
[    4.702627] random 0011 0000 0000 00000000 00000000: add_timer_randomness(.. 256) with jiffies: 17550515305342271102, cycles: -896228772661952503
[    4.702630] random 0011 0000 0000 00000000 00000000: added 1 entropy credits to input
[    4.702633] random 0012 0000 0000 00000000 00000000: add_disk_randomness(0:0) 00000000 00000000
[    4.702636] random 0012 0000 0000 00000000 00000000: add_timer_randomness(.. 256) with jiffies: 17550592331285757566, cycles: -896151746718466039
[    4.704620] random 0012 0000 0000 00000000 00000000: add_disk_randomness(0:0) 00000000 00000000
[    4.704623] random 0012 0000 0000 00000000 00000000: add_timer_randomness(.. 256) with jiffies: 17568475518544346752, cycles: -878268559459876855
[    4.704626] random 0012 0000 0000 00000000 00000000: added 1 entropy credits to input
[    4.704629] random 0013 0000 0000 00000000 00000000: add_disk_randomness(0:0) 00000000 00000000
[    4.704632] random 0013 0000 0000 00000000 00000000: add_timer_randomness(.. 256) with jiffies: 17568551642544701056, cycles: -878192435459522551
[    4.706619] random 0013 0000 0000 00000000 00000000: add_disk_randomness(0:0) 00000000 00000000
[    4.706622] random 0013 0000 0000 00000000 00000000: add_timer_randomness(.. 256) with jiffies: 17586457468575907458, cycles: -860286609428316151
[    4.706625] random 0013 0000 0000 00000000 00000000: added 1 entropy credits to input
[    4.706627] random 0014 0000 0000 00000000 00000000: add_disk_randomness(0:0) 00000000 00000000
[    4.706630] random 0014 0000 0000 00000000 00000000: add_timer_randomness(.. 256) with jiffies: 17586531247524118146, cycles: -860212830480105463
[    4.706906] Loading iSCSI transport class v2.0-870.
[    4.707198] rdac: device handler registered
[    4.707296] hp_sw: device handler registered
[    4.707384] emc: device handler registered
[    4.707474] alua: device handler registered
[    4.708479] Adaptec aacraid driver 1.1-5[2461]-ms
[    4.708902] scsi: <fdomain> Detection failed (no card)
[    4.709001] sym53c416.c: Version 1.0.0-ac
[    4.709113] qlogicfas: no cards were found, please specify I/O address and IRQ using iobase= and irq= options
[    4.709243] QLogic Fibre Channel HBA Driver: 8.03.01-k6
[    4.709463] iscsi: registered transport (qla4xxx)
[    4.709572] QLogic iSCSI HBA Driver
[    4.709662] Emulex LightPulse Fibre Channel SCSI driver 8.3.4
[    4.709757] Copyright(c) 2004-2009 Emulex.  All rights reserved.
[    4.731726] Failed initialization of WD-7000 SCSI card!
[    4.820849] DC390: clustering now enabled by default. If you get problems load
[    4.820974]        with "disable_clustering=1" and report to maintainers
[    4.821106] megaraid cmm: 2.20.2.7 (Release Date: Sun Jul 16 00:01:03 EST 2006)
[    4.821258] megaraid: 2.20.5.1 (Release Date: Thu Nov 16 15:32:35 EST 2006)
[    4.821379] megasas: 00.00.04.01 Thu July 24 11:41:51 PST 2008
[    4.821513] GDT-HA: Storage RAID Controller Driver. Version: 3.05
[    4.821658] 3ware Storage Controller device driver for Linux v1.26.02.002.
[    4.821780] 3ware 9000 Storage Controller device driver for Linux v2.26.02.012.
[    4.821919] nsp32: loading...
[    4.822032] ipr: IBM Power RAID SCSI Device Driver version: 2.4.3 (June 10, 2009)
[    4.822179] RocketRAID 3xxx/4xxx Controller driver v1.6 (090910)
[    4.822299] stex: Promise SuperTrak EX Driver version: 4.6.0000.3
[    4.822448] st: Version 20081215, fixed bufsize 32768, s/g segs 256
[    4.822639] ahci 0000:00:1f.2: version 3.0
[    4.822652] ahci 0000:00:1f.2: PCI INT B -> GSI 16 (level, low) -> IRQ 16
[    4.822797] ahci 0000:00:1f.2: irq 29 for MSI/MSI-X
[    4.822858] ahci 0000:00:1f.2: AHCI 0001.0100 32 slots 3 ports 1.5 Gbps 0x5 impl SATA mode
[    4.822985] ahci 0000:00:1f.2: flags: 64bit ncq sntf pm led clo pio slum part ccc 
[    4.823112] ahci 0000:00:1f.2: setting latency timer to 64
[    4.823254] scsi2 : ahci
[    4.823420] scsi3 : ahci
[    4.823564] scsi4 : ahci
[    4.823745] ata1: SATA max UDMA/133 abar m2048@0xfe226000 port 0xfe226100 irq 29
[    4.823866] ata2: DUMMY
[    4.823953] ata3: SATA max UDMA/133 abar m2048@0xfe226000 port 0xfe226200 irq 29
[    4.824558] I2O subsystem v1.325
[    4.824645] i2o: max drivers = 8
[    4.824802] I2O Configuration OSM v1.323
[    4.824910] I2O Bus Adapter OSM v1.317
[    4.825022] I2O Block Device OSM v1.325
[    4.825185] I2O SCSI Peripheral OSM v1.316
[    4.825287] I2O ProcFS OSM v1.316
[    4.825394] Fusion MPT base driver 3.04.12
[    4.825480] Copyright (c) 1999-2008 LSI Corporation
[    4.825570] Fusion MPT SPI Host driver 3.04.12
[    4.825680] Fusion MPT FC Host driver 3.04.12
[    4.825841] Fusion MPT SAS Host driver 3.04.12
[    4.825996] ohci1394 0000:15:00.1: PCI INT B -> GSI 17 (level, low) -> IRQ 17
[    4.826098] ohci1394 0000:15:00.1: setting latency timer to 64
[    4.879741] ohci1394: fw-host0: OHCI-1394 1.1 (PCI): IRQ=[17]  MMIO=[f8301000-f83017ff]  Max Packet=[2048]  IR/IT contexts=[4/4]
[    4.884013] ehci_hcd: USB 2.0 'Enhanced' Host Controller (EHCI) Driver
[    4.884320] ehci_hcd 0000:00:1a.7: power state changed by ACPI to D0
[    4.884573] ehci_hcd 0000:00:1a.7: power state changed by ACPI to D0
[    4.884682] ehci_hcd 0000:00:1a.7: PCI INT C -> GSI 22 (level, low) -> IRQ 22
[    4.884786] ehci_hcd 0000:00:1a.7: setting latency timer to 64
[    4.884792] ehci_hcd 0000:00:1a.7: EHCI Host Controller
[    4.884934] ehci_hcd 0000:00:1a.7: new USB bus registered, assigned bus number 1
[    4.889000] ehci_hcd 0000:00:1a.7: cache line size of 32 is not supported
[    4.889009] ehci_hcd 0000:00:1a.7: irq 22, io mem 0xfe226c00
[    4.898702] ehci_hcd 0000:00:1a.7: USB 2.0 started, EHCI 1.00
[    4.898804] usb usb1: New USB device found, idVendor=1d6b, idProduct=0002
[    4.898900] usb usb1: New USB device strings: Mfr=3, Product=2, SerialNumber=1
[    4.899034] usb usb1: Product: EHCI Host Controller
[    4.899127] usb usb1: Manufacturer: Linux 2.6.32.57 ehci_hcd
[    4.899217] usb usb1: SerialNumber: 0000:00:1a.7
[    4.899361] usb usb1: configuration #1 chosen from 1 choice
[    4.899493] hub 1-0:1.0: USB hub found
[    4.899596] hub 1-0:1.0: 4 ports detected
[    4.899912] ehci_hcd 0000:00:1d.7: power state changed by ACPI to D0
[    4.900158] ehci_hcd 0000:00:1d.7: power state changed by ACPI to D0
[    4.900257] ehci_hcd 0000:00:1d.7: PCI INT D -> GSI 19 (level, low) -> IRQ 19
[    4.900363] ehci_hcd 0000:00:1d.7: setting latency timer to 64
[    4.900367] ehci_hcd 0000:00:1d.7: EHCI Host Controller
[    4.900497] ehci_hcd 0000:00:1d.7: new USB bus registered, assigned bus number 2
[    4.900648] ehci_hcd 0000:00:1d.7: debug port 1
[    4.904620] ehci_hcd 0000:00:1d.7: cache line size of 32 is not supported
[    4.904628] ehci_hcd 0000:00:1d.7: irq 19, io mem 0xfe227000
[    4.914702] ehci_hcd 0000:00:1d.7: USB 2.0 started, EHCI 1.00
[    4.914799] usb usb2: New USB device found, idVendor=1d6b, idProduct=0002
[    4.914891] usb usb2: New USB device strings: Mfr=3, Product=2, SerialNumber=1
[    4.915022] usb usb2: Product: EHCI Host Controller
[    4.915112] usb usb2: Manufacturer: Linux 2.6.32.57 ehci_hcd
[    4.915201] usb usb2: SerialNumber: 0000:00:1d.7
[    4.915337] usb usb2: configuration #1 chosen from 1 choice
[    4.915455] hub 2-0:1.0: USB hub found
[    4.915546] hub 2-0:1.0: 6 ports detected
[    4.915736] 116x: driver isp116x-hcd, 03 Nov 2005
[    4.915841] ohci_hcd: USB 1.1 'Open' Host Controller (OHCI) Driver
[    4.915956] uhci_hcd: USB Universal Host Controller Interface driver
[    4.916066] uhci_hcd 0000:00:1a.0: PCI INT A -> GSI 20 (level, low) -> IRQ 20
[    4.916169] uhci_hcd 0000:00:1a.0: setting latency timer to 64
[    4.916173] uhci_hcd 0000:00:1a.0: UHCI Host Controller
[    4.916310] uhci_hcd 0000:00:1a.0: new USB bus registered, assigned bus number 3
[    4.916463] uhci_hcd 0000:00:1a.0: irq 20, io base 0x00001860
[    4.916578] usb usb3: New USB device found, idVendor=1d6b, idProduct=0001
[    4.916670] usb usb3: New USB device strings: Mfr=3, Product=2, SerialNumber=1
[    4.916795] usb usb3: Product: UHCI Host Controller
[    4.916888] usb usb3: Manufacturer: Linux 2.6.32.57 uhci_hcd
[    4.916983] usb usb3: SerialNumber: 0000:00:1a.0
[    4.917119] usb usb3: configuration #1 chosen from 1 choice
[    4.917245] hub 3-0:1.0: USB hub found
[    4.917335] hub 3-0:1.0: 2 ports detected
[    4.917630] uhci_hcd 0000:00:1a.1: power state changed by ACPI to D0
[    4.917892] uhci_hcd 0000:00:1a.1: power state changed by ACPI to D0
[    4.917988] uhci_hcd 0000:00:1a.1: PCI INT B -> GSI 21 (level, low) -> IRQ 21
[    4.918082] uhci_hcd 0000:00:1a.1: setting latency timer to 64
[    4.918087] uhci_hcd 0000:00:1a.1: UHCI Host Controller
[    4.918223] uhci_hcd 0000:00:1a.1: new USB bus registered, assigned bus number 4
[    4.918374] uhci_hcd 0000:00:1a.1: irq 21, io base 0x00001880
[    4.918490] usb usb4: New USB device found, idVendor=1d6b, idProduct=0001
[    4.918581] usb usb4: New USB device strings: Mfr=3, Product=2, SerialNumber=1
[    4.918708] usb usb4: Product: UHCI Host Controller
[    4.918809] usb usb4: Manufacturer: Linux 2.6.32.57 uhci_hcd
[    4.918906] usb usb4: SerialNumber: 0000:00:1a.1
[    4.919046] usb usb4: configuration #1 chosen from 1 choice
[    4.919170] hub 4-0:1.0: USB hub found
[    4.919270] hub 4-0:1.0: 2 ports detected
[    4.919565] uhci_hcd 0000:00:1d.0: power state changed by ACPI to D0
[    4.919805] uhci_hcd 0000:00:1d.0: power state changed by ACPI to D0
[    4.919899] uhci_hcd 0000:00:1d.0: PCI INT A -> GSI 16 (level, low) -> IRQ 16
[    4.919996] uhci_hcd 0000:00:1d.0: setting latency timer to 64
[    4.919999] uhci_hcd 0000:00:1d.0: UHCI Host Controller
[    4.920130] uhci_hcd 0000:00:1d.0: new USB bus registered, assigned bus number 5
[    4.920279] uhci_hcd 0000:00:1d.0: irq 16, io base 0x000018a0
[    4.920396] usb usb5: New USB device found, idVendor=1d6b, idProduct=0001
[    4.920487] usb usb5: New USB device strings: Mfr=3, Product=2, SerialNumber=1
[    4.920610] usb usb5: Product: UHCI Host Controller
[    4.920716] usb usb5: Manufacturer: Linux 2.6.32.57 uhci_hcd
[    4.920806] usb usb5: SerialNumber: 0000:00:1d.0
[    4.920941] usb usb5: configuration #1 chosen from 1 choice
[    4.921062] hub 5-0:1.0: USB hub found
[    4.921153] hub 5-0:1.0: 2 ports detected
[    4.921300] uhci_hcd 0000:00:1d.1: PCI INT B -> GSI 17 (level, low) -> IRQ 17
[    4.921400] uhci_hcd 0000:00:1d.1: setting latency timer to 64
[    4.921405] uhci_hcd 0000:00:1d.1: UHCI Host Controller
[    4.921534] uhci_hcd 0000:00:1d.1: new USB bus registered, assigned bus number 6
[    4.921678] uhci_hcd 0000:00:1d.1: irq 17, io base 0x000018c0
[    4.921801] usb usb6: New USB device found, idVendor=1d6b, idProduct=0001
[    4.921892] usb usb6: New USB device strings: Mfr=3, Product=2, SerialNumber=1
[    4.922020] usb usb6: Product: UHCI Host Controller
[    4.922109] usb usb6: Manufacturer: Linux 2.6.32.57 uhci_hcd
[    4.922203] usb usb6: SerialNumber: 0000:00:1d.1
[    4.922337] usb usb6: configuration #1 chosen from 1 choice
[    4.922455] hub 6-0:1.0: USB hub found
[    4.922544] hub 6-0:1.0: 2 ports detected
[    4.922846] uhci_hcd 0000:00:1d.2: power state changed by ACPI to D0
[    4.923104] uhci_hcd 0000:00:1d.2: power state changed by ACPI to D0
[    4.923206] uhci_hcd 0000:00:1d.2: PCI INT C -> GSI 18 (level, low) -> IRQ 18
[    4.923310] uhci_hcd 0000:00:1d.2: setting latency timer to 64
[    4.923315] uhci_hcd 0000:00:1d.2: UHCI Host Controller
[    4.923437] uhci_hcd 0000:00:1d.2: new USB bus registered, assigned bus number 7
[    4.923598] uhci_hcd 0000:00:1d.2: irq 18, io base 0x000018e0
[    4.923722] usb usb7: New USB device found, idVendor=1d6b, idProduct=0001
[    4.923821] usb usb7: New USB device strings: Mfr=3, Product=2, SerialNumber=1
[    4.923941] usb usb7: Product: UHCI Host Controller
[    4.924038] usb usb7: Manufacturer: Linux 2.6.32.57 uhci_hcd
[    4.924124] usb usb7: SerialNumber: 0000:00:1d.2
[    4.924916] usb usb7: configuration #1 chosen from 1 choice
[    4.925038] hub 7-0:1.0: USB hub found
[    4.925129] hub 7-0:1.0: 2 ports detected
[    4.925295] sl811: driver sl811-hcd, 19 May 2005
[    4.925400] r8a66597_hcd: driver r8a66597_hcd, 2009-05-26
[    4.925568] Initializing USB Mass Storage driver...
[    4.925704] usbcore: registered new interface driver usb-storage
[    4.925799] USB Mass Storage support registered.
[    4.925904] usbcore: registered new interface driver ums-alauda
[    4.926010] usbcore: registered new interface driver ums-cypress
[    4.926125] usbcore: registered new interface driver ums-datafab
[    4.926240] usbcore: registered new interface driver ums-freecom
[    4.926354] usbcore: registered new interface driver ums-isd200
[    4.926465] usbcore: registered new interface driver ums-jumpshot
[    4.926584] usbcore: registered new interface driver ums-karma
[    4.926709] usbcore: registered new interface driver ums-onetouch
[    4.926823] usbcore: registered new interface driver ums-sddr09
[    4.926939] usbcore: registered new interface driver ums-sddr55
[    4.927051] usbcore: registered new interface driver ums-usbat
[    4.927201] PNP: PS/2 Controller [PNP0303:KBD,PNP0f13:MOU] at 0x60,0x64 irq 1,12
[    4.935477] serio: i8042 KBD port at 0x60,0x64 irq 1
[    4.935566] serio: i8042 AUX port at 0x60,0x64 irq 12
[    4.935820] mice: PS/2 mouse device common for all mice
[    4.935933] i2c /dev entries driver
[    4.936068] md: linear personality registered for level -1
[    4.936161] md: raid0 personality registered for level 0
[    4.936249] md: raid1 personality registered for level 1
[    4.936345] md: raid10 personality registered for level 10
[    4.936435] md: raid6 personality registered for level 6
[    4.936534] md: raid5 personality registered for level 5
[    4.936633] md: raid4 personality registered for level 4
[    4.936737] md: multipath personality registered for level -4
[    4.936934] device-mapper: ioctl: 4.15.0-ioctl (2009-04-01) initialised: dm-devel@redhat.com
[    4.937143] cpuidle: using governor ladder
[    4.937749] usbcore: registered new interface driver usbhid
[    4.937838] usbhid: v2.6:USB HID core driver
[    4.937997] random 0014 0000 0000 00000000 00000000: rand_read_num 4 get_random_bytes(136): sig 00000000 00000000 00000000
[    4.938000] random 0014 0000 0000 00000000 00000000: extract_entropy(.. 136 ..)
[    4.938002] random 0014 0000 0000 00000000 00000000: going to reseed nonblocking with 1024 bits (1088 of 0 requested)
[    4.938004] random 0014 0000 0000 00000000 00000000: extract_entropy(.. 128 ..)
[    4.938007] random 0014 0000 0000 00000000 00000000: trying to extract 1024 bits from input
[    4.938009] random 0014 0000 0000 00000000 00000000: debiting 0 entropy credits from input
[    4.938011] random 0014 0000 0000 00000000 00000000: extract_entropy account returned: 0 
[    4.938014] random 0014 0000 0000 00000000 00000000: urand_change_num 7 xfer_secondary_pool(136): pool_sig 00000000, data_sig 00000000, bytes_mixed 0 00000000 00000000
[    4.938017] random 0014 0000 0000 00000000 00000000: trying to extract 1088 bits from nonblocking
[    4.938019] random 0014 0000 0000 00000000 00000000: debiting 1088 entropy credits from nonblocking (unlimited)
[    4.938022] random 0014 0000 0000 00000000 00000000: extract_entropy account returned: 136 
[    4.938026] random 0014 0000 0000 00000000 00000000: urand_change_num 8 extract_buf: pool_sig 00000000, data_sig fffffff9, bytes_mixed 20 00000000 00000000
[    4.938032] random 0014 0000 0000 b7c35b56 be4dc95d: urand_change_num 9 extract_buf: pool_sig fffffd1e, data_sig 000000c5, bytes_mixed 20 b7c35b56 be4dc95d
[    4.938037] random 0014 0000 0000 ed9f5c47 c48487fb: urand_change_num 10 extract_buf: pool_sig fffff8ec, data_sig ffffff68, bytes_mixed 20 ed9f5c47 c48487fb
[    4.938042] random 0014 0000 0000 ed9f5c47 c48487fb: urand_change_num 11 extract_buf: pool_sig fffffaed, data_sig 000001aa, bytes_mixed 20 ed9f5c47 c48487fb
[    4.938047] random 0014 0000 0000 1b4f7c0a 91bd6a48: urand_change_num 12 extract_buf: pool_sig fffffdd8, data_sig 00000064, bytes_mixed 20 1b4f7c0a 91bd6a48
[    4.938053] random 0014 0000 0000 a254b9bc 20e9a24f: urand_change_num 13 extract_buf: pool_sig fffffbe6, data_sig 000001dd, bytes_mixed 20 a254b9bc 20e9a24f
[    4.938058] random 0014 0000 0000 a254b9bc 20e9a24f: urand_change_num 14 extract_buf: pool_sig fffff940, data_sig fffffe20, bytes_mixed 20 a254b9bc 20e9a24f
[    4.938063] random 0014 0000 0000 2831a66b 5fa2a3ad: urand_change_num 15 extract_buf: pool_sig fffffbce, data_sig 0000007e, bytes_mixed 20 2831a66b 5fa2a3ad
[    4.938068] random 0014 0000 0000 2831a66b 5fa2a3ad: urand_change_num 16 extract_buf: pool_sig 000004df, data_sig fffffe8f, bytes_mixed 20 2831a66b 5fa2a3ad
[    4.938074] random 0014 0000 0000 d4512bfd c9a54e0b: urand_change_num 17 extract_buf: pool_sig 00000485, data_sig fffffe68, bytes_mixed 20 d4512bfd c9a54e0b
[    4.938079] random 0014 0000 0000 c7371be6 f9ffea11: urand_change_num 18 extract_buf: pool_sig 00000095, data_sig ffffffed, bytes_mixed 20 c7371be6 f9ffea11
[    4.938084] random 0014 0000 0000 c7371be6 f9ffea11: urand_change_num 19 extract_buf: pool_sig 000003a7, data_sig fffffefa, bytes_mixed 20 c7371be6 f9ffea11
[    4.938089] random 0014 0000 0000 8fb4b62c d1ddba54: urand_change_num 20 extract_buf: pool_sig 00000179, data_sig ffffff78, bytes_mixed 20 8fb4b62c d1ddba54
[    4.938095] random 0014 0000 0000 9ff19f9c c07a1d2a: urand_change_num 21 extract_buf: pool_sig fffffe88, data_sig 00000126, bytes_mixed 20 9ff19f9c c07a1d2a
[    4.938099] TCP cubic registered
[    4.938185] Initializing XFRM netlink socket
[    4.938285] NET: Registered protocol family 17
[    4.938388] Using IPI Shortcut mode
[    4.938487] random 0014 0000 0000 9ff19f9c c07a1d2a: rand_read_num 5 get_random_bytes(8): sig 0000031b 9ff19f9c c07a1d2a
[    4.938490] random 0014 0000 0000 9ff19f9c c07a1d2a: extract_entropy(.. 8 ..)
[    4.938492] random 0014 0000 0000 9ff19f9c c07a1d2a: going to reseed nonblocking with 64 bits (64 of 0 requested)
[    4.938494] random 0014 0000 0000 9ff19f9c c07a1d2a: extract_entropy(.. 8 ..)
[    4.938496] random 0014 0000 0000 9ff19f9c c07a1d2a: trying to extract 64 bits from input
[    4.938499] random 0014 0000 0000 9ff19f9c c07a1d2a: debiting 0 entropy credits from input
[    4.938501] random 0014 0000 0000 9ff19f9c c07a1d2a: extract_entropy account returned: 0 
[    4.938504] random 0014 0000 0000 9ff19f9c c07a1d2a: urand_change_num 22 xfer_secondary_pool(8): pool_sig 0000031b, data_sig 00000000, bytes_mixed 0 9ff19f9c c07a1d2a
[    4.938507] random 0014 0000 0000 9ff19f9c c07a1d2a: trying to extract 64 bits from nonblocking
[    4.938509] random 0014 0000 0000 9ff19f9c c07a1d2a: debiting 64 entropy credits from nonblocking (unlimited)
[    4.938511] random 0014 0000 0000 9ff19f9c c07a1d2a: extract_entropy account returned: 8 
[    4.938515] random 0014 0000 0000 9ff19f9c c07a1d2a: urand_change_num 23 extract_buf: pool_sig 0000031b, data_sig ffffffb3, bytes_mixed 20 9ff19f9c c07a1d2a
[    4.940561] input: AT Translated Set 2 keyboard as /devices/platform/i8042/serio0/input/input1
[    5.128708] ata3: SATA link down (SStatus 0 SControl 300)
[    5.128828] ata1: SATA link up 1.5 Gbps (SStatus 113 SControl 300)
[    5.131022] ata1.00: ACPI cmd ef/02:00:00:00:00:a0 (SET FEATURES) succeeded
[    5.131025] ata1.00: ACPI cmd f5/00:00:00:00:00:a0 (SECURITY FREEZE LOCK) filtered out
[    5.132416] ata1.00: ACPI cmd ef/5f:00:00:00:00:a0 (SET FEATURES) succeeded
[    5.132419] ata1.00: ACPI cmd ef/10:03:00:00:00:a0 (SET FEATURES) filtered out
[    5.134326] ata1.00: ATA-7: ST910021AS, 4.06, max UDMA/100
[    5.134417] ata1.00: 195371568 sectors, multi 16: LBA48 
[    5.136565] ata1.00: ACPI cmd ef/02:00:00:00:00:a0 (SET FEATURES) succeeded
[    5.136567] ata1.00: ACPI cmd f5/00:00:00:00:00:a0 (SECURITY FREEZE LOCK) filtered out
[    5.137962] ata1.00: ACPI cmd ef/5f:00:00:00:00:a0 (SET FEATURES) succeeded
[    5.137964] ata1.00: ACPI cmd ef/10:03:00:00:00:a0 (SET FEATURES) filtered out
[    5.139888] ata1.00: configured for UDMA/100
[    5.150758] scsi 2:0:0:0: Direct-Access     ATA      ST910021AS       4.06 PQ: 0 ANSI: 5
[    5.151052] sd 2:0:0:0: [sda] 195371568 512-byte logical blocks: (100 GB/93.1 GiB)
[    5.151205] sd 2:0:0:0: [sda] Write Protect is off
[    5.151297] sd 2:0:0:0: [sda] Mode Sense: 00 3a 00 00
[    5.151309] sd 2:0:0:0: [sda] Write cache: enabled, read cache: enabled, doesn't support DPO or FUA
[    5.151500]  sda:
[    5.573363] random 0014 0000 0000 277f73c3 42024bb9: add_disk_randomness(8:0) 277f73c3 42024bb9
[    5.573449] random 0014 0000 0000 277f73c3 42024bb9: add_timer_randomness(.. 8388864) with jiffies: 6938236022752510350, cycles: 6938236018457837578
[    5.573452] random 0014 0000 0000 277f73c3 42024bb9: added 11 entropy credits to input
[    5.573457]  sda1 sda2
[    5.573935] random 0025 0000 0000 277f73c3 42024bb9: add_disk_randomness(8:0) 277f73c3 42024bb9
[    5.573938] random 0025 0000 0000 277f73c3 42024bb9: add_timer_randomness(.. 8388864) with jiffies: 6942632591794864527, cycles: 6942632587500191754
[    5.574091] sd 2:0:0:0: [sda] Attached SCSI disk
[    5.574184] random 0025 0000 0000 277f73c3 42024bb9: rand_read_num 6 get_random_bytes(12): sig 000007e9 277f73c3 42024bb9
[    5.574187] random 0025 0000 0000 277f73c3 42024bb9: extract_entropy(.. 12 ..)
[    5.574189] random 0025 0000 0000 277f73c3 42024bb9: going to reseed nonblocking with 96 bits (96 of 0 requested)
[    5.574191] random 0025 0000 0000 277f73c3 42024bb9: extract_entropy(.. 12 ..)
[    5.574193] random 0025 0000 0000 277f73c3 42024bb9: trying to extract 96 bits from input
[    5.574196] random 0025 0000 0000 277f73c3 42024bb9: debiting 0 entropy credits from input
[    5.574198] random 0025 0000 0000 277f73c3 42024bb9: extract_entropy account returned: 0 
[    5.574201] random 0025 0000 0000 277f73c3 42024bb9: urand_change_num 24 xfer_secondary_pool(12): pool_sig 000007e9, data_sig 00000000, bytes_mixed 0 277f73c3 42024bb9
[    5.574204] random 0025 0000 0000 277f73c3 42024bb9: trying to extract 96 bits from nonblocking
[    5.574206] random 0025 0000 0000 277f73c3 42024bb9: debiting 96 entropy credits from nonblocking (unlimited)
[    5.574208] random 0025 0000 0000 277f73c3 42024bb9: extract_entropy account returned: 12 
[    5.574213] random 0025 0000 0000 277f73c3 42024bb9: urand_change_num 25 extract_buf: pool_sig 000007e9, data_sig 00000088, bytes_mixed 20 277f73c3 42024bb9
[    5.574218] random 0025 0000 0000 277f73c3 42024bb9: urand_change_num 26 extract_buf: pool_sig 00000498, data_sig fffffefb, bytes_mixed 20 277f73c3 42024bb9
[    5.574221] RANDOM - __seed init called.
[    5.574222] RANDOM - __seed init called.
[    5.574223] RANDOM - __seed init called.
[    5.574224] RANDOM - __random32 called. Change num 12.  Value: 87f14767	f0d7351	b1e48bd3
[    5.574226] RANDOM - random32_reseed called.  Value: 87f14767	f0d7351	b1e48bd3
[    5.574229] Pid: 1, comm: swapper Not tainted 2.6.32.57 #6
[    5.574325] Call Trace:
[    5.574416]  [<c1923ca4>] ? random32_reseed+0xa0/0xb1
[    5.574507]  [<c1923c04>] ? random32_reseed+0x0/0xb1
[    5.574597]  [<c100111e>] ? do_one_initcall+0x2e/0x180
[    5.574692]  [<c1907265>] ? kernel_init+0xad/0x103
[    5.574796]  [<c19071b8>] ? kernel_init+0x0/0x103
[    5.574892]  [<c1003787>] ? kernel_thread_helper+0x7/0x10
[    5.575420] random 0025 0000 0000 386b4e60 ee4d4880: rand_read_num 7 get_random_bytes(64): sig fffffea5 386b4e60 ee4d4880
[    5.575423] random 0025 0000 0000 386b4e60 ee4d4880: extract_entropy(.. 64 ..)
[    5.575425] random 0025 0000 0000 386b4e60 ee4d4880: going to reseed nonblocking with 512 bits (512 of 0 requested)
[    5.575427] random 0025 0000 0000 386b4e60 ee4d4880: extract_entropy(.. 64 ..)
[    5.575430] random 0025 0000 0000 386b4e60 ee4d4880: trying to extract 512 bits from input
[    5.575432] random 0025 0000 0000 386b4e60 ee4d4880: debiting 0 entropy credits from input
[    5.575434] random 0025 0000 0000 386b4e60 ee4d4880: extract_entropy account returned: 0 
[    5.575437] random 0025 0000 0000 386b4e60 ee4d4880: urand_change_num 27 xfer_secondary_pool(64): pool_sig fffffea5, data_sig 00000000, bytes_mixed 0 386b4e60 ee4d4880
[    5.575440] random 0025 0000 0000 386b4e60 ee4d4880: trying to extract 512 bits from nonblocking
[    5.575443] random 0025 0000 0000 386b4e60 ee4d4880: debiting 512 entropy credits from nonblocking (unlimited)
[    5.575445] random 0025 0000 0000 386b4e60 ee4d4880: extract_entropy account returned: 64 
[    5.575449] random 0025 0000 0000 386b4e60 ee4d4880: urand_change_num 28 extract_buf: pool_sig fffffea5, data_sig 00000173, bytes_mixed 20 386b4e60 ee4d4880
[    5.575454] random 0025 0000 0000 412698f6 0cc8689a: urand_change_num 29 extract_buf: pool_sig 00000122, data_sig ffffff63, bytes_mixed 20 412698f6 0cc8689a
[    5.575460] random 0025 0000 0000 412698f6 0cc8689a: urand_change_num 30 extract_buf: pool_sig 000001f7, data_sig 00000012, bytes_mixed 20 412698f6 0cc8689a
[    5.575465] random 0025 0000 0000 9669941e 06f768b1: urand_change_num 31 extract_buf: pool_sig fffffb5b, data_sig 0000003f, bytes_mixed 20 9669941e 06f768b1
[    5.575470] random 0025 0000 0000 98486520 995551f0: urand_change_num 32 extract_buf: pool_sig fffffb39, data_sig 0000000e, bytes_mixed 20 98486520 995551f0
[    5.575475] random 0025 0000 0000 98486520 995551f0: urand_change_num 33 extract_buf: pool_sig fffffd8d, data_sig 000001a6, bytes_mixed 20 98486520 995551f0
[    5.575480] random 0025 0000 0000 61fc8914 d5882ed2: urand_change_num 34 extract_buf: pool_sig fffffa58, data_sig 0000023e, bytes_mixed 20 61fc8914 d5882ed2
[    5.575511] random 0025 0000 0000 61fc8914 d5882ed2: rand_read_num 8 get_random_bytes(64): sig fffff9ee 61fc8914 d5882ed2
[    5.575513] random 0025 0000 0000 61fc8914 d5882ed2: extract_entropy(.. 64 ..)
[    5.575516] random 0025 0000 0000 61fc8914 d5882ed2: going to reseed nonblocking with 512 bits (512 of 0 requested)
[    5.575518] random 0025 0000 0000 61fc8914 d5882ed2: extract_entropy(.. 64 ..)
[    5.575520] random 0025 0000 0000 61fc8914 d5882ed2: trying to extract 512 bits from input
[    5.575522] random 0025 0000 0000 61fc8914 d5882ed2: debiting 0 entropy credits from input
[    5.575524] random 0025 0000 0000 61fc8914 d5882ed2: extract_entropy account returned: 0 
[    5.575527] random 0025 0000 0000 61fc8914 d5882ed2: urand_change_num 35 xfer_secondary_pool(64): pool_sig fffff9ee, data_sig 00000000, bytes_mixed 0 61fc8914 d5882ed2
[    5.575530] random 0025 0000 0000 61fc8914 d5882ed2: trying to extract 512 bits from nonblocking
[    5.575533] random 0025 0000 0000 61fc8914 d5882ed2: debiting 512 entropy credits from nonblocking (unlimited)
[    5.575535] random 0025 0000 0000 61fc8914 d5882ed2: extract_entropy account returned: 64 
[    5.575539] random 0025 0000 0000 61fc8914 d5882ed2: urand_change_num 36 extract_buf: pool_sig fffff9ee, data_sig ffffff85, bytes_mixed 20 61fc8914 d5882ed2
[    5.575544] random 0025 0000 0000 70cfd302 e5edec11: urand_change_num 37 extract_buf: pool_sig fffffdc1, data_sig ffffffde, bytes_mixed 20 70cfd302 e5edec11
[    5.575550] random 0025 0000 0000 00dab838 eafd2b30: urand_change_num 38 extract_buf: pool_sig 000003da, data_sig ffffff61, bytes_mixed 20 00dab838 eafd2b30
[    5.575555] random 0025 0000 0000 00dab838 eafd2b30: urand_change_num 39 extract_buf: pool_sig 00000314, data_sig 00000121, bytes_mixed 20 00dab838 eafd2b30
[    5.575560] random 0025 0000 0000 5fcdf66a 6442b608: urand_change_num 40 extract_buf: pool_sig 0000028b, data_sig fffffefd, bytes_mixed 20 5fcdf66a 6442b608
[    5.575565] random 0025 0000 0000 61333f6b 8fae0f9b: urand_change_num 41 extract_buf: pool_sig 000000cb, data_sig 000000b3, bytes_mixed 20 61333f6b 8fae0f9b
[    5.575571] random 0025 0000 0000 61333f6b 8fae0f9b: urand_change_num 42 extract_buf: pool_sig fffffef8, data_sig 00000051, bytes_mixed 20 61333f6b 8fae0f9b
[    5.575573] BEGIN NET_SECRET:
[    5.575574] \xffffffe0
[    5.575575] \xffffffb6
[    5.575576] \x36
[    5.575577] \xffffffb5
[    5.575578] \xffffff94
[    5.575579] \xffffffb2
[    5.575580] \xffffffa8
[    5.575580] \xffffffda
[    5.575581] \x5b
[    5.575582] \x19
[    5.575583] \x18
[    5.575583] \x5c
[    5.575584] \x2b
[    5.575585] \x1
[    5.575586] \xffffff90
[    5.575586] \x19
[    5.575587] \x3c
[    5.575588] \xfffffff2
[    5.575589] \xffffff82
[    5.575590] \x2a
[    5.575590] \xffffffb3
[    5.575591] \xffffffa2
[    5.575592] \x3f
[    5.575593] \x5
[    5.575593] \x52
[    5.575594] \x77
[    5.575595] \x57
[    5.575595] \x79
[    5.575596] \x16
[    5.575597] \x43
[    5.575598] \xffffff84
[    5.575598] \xffffffc3
[    5.575599] \xffffffe9
[    5.575600] \x79
[    5.575601] \x50
[    5.575602] \xffffff8e
[    5.575602] \x3f
[    5.575603] \xfffffff3
[    5.575604] \x19
[    5.575605] \x2a
[    5.575605] \xfffffffd
[    5.575606] \xfffffffb
[    5.575607] \x62
[    5.575608] \x3c
[    5.575609] \xffffffac
[    5.575609] \x1c
[    5.575610] \x3b
[    5.575611] \x3b
[    5.575611] \x15
[    5.575612] \x27
[    5.575613] \xffffffa8
[    5.575614] \x22
[    5.575614] \xffffffc5
[    5.575615] \xffffff9a
[    5.575616] \x5
[    5.575617] \x6c
[    5.575618] \xffffffa8
[    5.575618] \x3a
[    5.575619] \x44
[    5.575620] \xffffffaf
[    5.575621] \x13
[    5.575621] \xffffffe0
[    5.575622] \xffffff9d
[    5.575623] \x22
[    5.575624] 
[    5.575624] END NET_SECRET
[    5.575627] random 0025 0000 0000 e7f555d9 e8ce5c3c: rand_read_num 9 get_random_bytes(4): sig 0000068c e7f555d9 e8ce5c3c
[    5.575629] random 0025 0000 0000 e7f555d9 e8ce5c3c: extract_entropy(.. 4 ..)
[    5.575632] random 0025 0000 0000 e7f555d9 e8ce5c3c: going to reseed nonblocking with 64 bits (32 of 0 requested)
[    5.575634] random 0025 0000 0000 e7f555d9 e8ce5c3c: extract_entropy(.. 8 ..)
[    5.575636] random 0025 0000 0000 e7f555d9 e8ce5c3c: trying to extract 64 bits from input
[    5.575638] random 0025 0000 0000 e7f555d9 e8ce5c3c: debiting 0 entropy credits from input
[    5.575640] random 0025 0000 0000 e7f555d9 e8ce5c3c: extract_entropy account returned: 0 
[    5.575643] random 0025 0000 0000 e7f555d9 e8ce5c3c: urand_change_num 43 xfer_secondary_pool(4): pool_sig 0000068c, data_sig 00000000, bytes_mixed 0 e7f555d9 e8ce5c3c
[    5.575646] random 0025 0000 0000 e7f555d9 e8ce5c3c: trying to extract 32 bits from nonblocking
[    5.575648] random 0025 0000 0000 e7f555d9 e8ce5c3c: debiting 32 entropy credits from nonblocking (unlimited)
[    5.575651] random 0025 0000 0000 e7f555d9 e8ce5c3c: extract_entropy account returned: 4 
[    5.575655] random 0025 0000 0000 e7f555d9 e8ce5c3c: urand_change_num 44 extract_buf: pool_sig 0000068c, data_sig fffffdcb, bytes_mixed 20 e7f555d9 e8ce5c3c
[    5.575666] md: Waiting for all devices to be available before autodetect
[    5.575771] md: If you don't use raid, use raid=noautodetect
[    5.575934] md: Autodetecting RAID arrays.
[    5.576020] md: Scanned 0 and added 0 devices.
[    5.576110] md: autorun ...
[    5.576203] md: ... autorun DONE.
[    5.589571] random 0025 0000 0000 e7f555d9 e8ce5c3c: add_disk_randomness(8:0) e7f555d9 e8ce5c3c
[    5.589574] random 0025 0000 0000 e7f555d9 e8ce5c3c: add_timer_randomness(.. 8388864) with jiffies: 7083311771674182046, cycles: 7083311767379509258
[    5.589577] random 0025 0000 0000 e7f555d9 e8ce5c3c: added 3 entropy credits to input
[    5.590697] random 0028 0000 0000 e7f555d9 e8ce5c3c: add_disk_randomness(8:0) e7f555d9 e8ce5c3c
[    5.590700] random 0028 0000 0000 e7f555d9 e8ce5c3c: add_timer_randomness(.. 8388864) with jiffies: 7093424495510913440, cycles: 7093424491216240650
[    5.590702] random 0028 0000 0000 e7f555d9 e8ce5c3c: added 1 entropy credits to input
[    5.590812] random 0029 0000 0000 e7f555d9 e8ce5c3c: add_disk_randomness(8:0) e7f555d9 e8ce5c3c
[    5.590815] random 0029 0000 0000 e7f555d9 e8ce5c3c: add_timer_randomness(.. 8388864) with jiffies: 7094465157496799648, cycles: 7094465153202126858
[    5.590820] EXT3-fs: sda2: couldn't mount because of unsupported optional features (240).
[    5.591045] random 0029 0000 0000 e7f555d9 e8ce5c3c: add_disk_randomness(8:0) e7f555d9 e8ce5c3c
[    5.591048] random 0029 0000 0000 e7f555d9 e8ce5c3c: add_timer_randomness(.. 8388864) with jiffies: 7096565422274347424, cycles: 7096565417979674634
[    5.591053] EXT2-fs: sda2: couldn't mount because of unsupported optional features (240).
[    5.591275] random 0029 0000 0000 e7f555d9 e8ce5c3c: add_disk_randomness(8:0) e7f555d9 e8ce5c3c
[    5.591278] random 0029 0000 0000 e7f555d9 e8ce5c3c: add_timer_randomness(.. 8388864) with jiffies: 7098632448299991456, cycles: 7098632444005318666
[    5.591406] random 0029 0000 0000 e7f555d9 e8ce5c3c: add_disk_randomness(8:0) e7f555d9 e8ce5c3c
[    5.591409] random 0029 0000 0000 e7f555d9 e8ce5c3c: add_timer_randomness(.. 8388864) with jiffies: 7099818731152048544, cycles: 7099818726857375754
[    5.591568] random 0029 0000 0000 e7f555d9 e8ce5c3c: add_disk_randomness(8:0) e7f555d9 e8ce5c3c
[    5.591571] random 0029 0000 0000 e7f555d9 e8ce5c3c: add_timer_randomness(.. 8388864) with jiffies: 7101273608373895584, cycles: 7101273604079222794
[    5.591690] random 0029 0000 0000 e7f555d9 e8ce5c3c: add_disk_randomness(8:0) e7f555d9 e8ce5c3c
[    5.591693] random 0029 0000 0000 e7f555d9 e8ce5c3c: add_timer_randomness(.. 8388864) with jiffies: 7102361712568533409, cycles: 7102361708273860618
[    5.591805] random 0029 0000 0000 e7f555d9 e8ce5c3c: add_disk_randomness(8:0) e7f555d9 e8ce5c3c
[    5.591808] random 0029 0000 0000 e7f555d9 e8ce5c3c: add_timer_randomness(.. 8388864) with jiffies: 7103394076677603745, cycles: 7103394072382930954
[    5.591921] random 0029 0000 0000 e7f555d9 e8ce5c3c: add_disk_randomness(8:0) e7f555d9 e8ce5c3c
[    5.591923] random 0029 0000 0000 e7f555d9 e8ce5c3c: add_timer_randomness(.. 8388864) with jiffies: 7104438707213271457, cycles: 7104438702918598666
[    5.592030] random 0029 0000 0000 e7f555d9 e8ce5c3c: add_disk_randomness(8:0) e7f555d9 e8ce5c3c
[    5.592033] random 0029 0000 0000 e7f555d9 e8ce5c3c: add_timer_randomness(.. 8388864) with jiffies: 7105426244748673441, cycles: 7105426240454000650
[    5.592145] random 0029 0000 0000 e7f555d9 e8ce5c3c: add_disk_randomness(8:0) e7f555d9 e8ce5c3c
[    5.592148] random 0029 0000 0000 e7f555d9 e8ce5c3c: add_timer_randomness(.. 8388864) with jiffies: 7106458205130817953, cycles: 7106458200836145162
[    5.592382] random 0029 0000 0000 e7f555d9 e8ce5c3c: rand_read_num 10 get_random_bytes(4): sig ffffff72 e7f555d9 e8ce5c3c
[    5.592385] random 0029 0000 0000 e7f555d9 e8ce5c3c: extract_entropy(.. 4 ..)
[    5.592387] random 0029 0000 0000 e7f555d9 e8ce5c3c: going to reseed nonblocking with 64 bits (32 of 0 requested)
[    5.592390] random 0029 0000 0000 e7f555d9 e8ce5c3c: extract_entropy(.. 8 ..)
[    5.592392] random 0029 0000 0000 e7f555d9 e8ce5c3c: trying to extract 64 bits from input
[    5.592394] random 0029 0000 0000 e7f555d9 e8ce5c3c: debiting 0 entropy credits from input
[    5.592396] random 0029 0000 0000 e7f555d9 e8ce5c3c: extract_entropy account returned: 0 
[    5.592399] random 0029 0000 0000 e7f555d9 e8ce5c3c: urand_change_num 45 xfer_secondary_pool(4): pool_sig ffffff72, data_sig 00000000, bytes_mixed 0 e7f555d9 e8ce5c3c
[    5.592402] random 0029 0000 0000 e7f555d9 e8ce5c3c: trying to extract 32 bits from nonblocking
[    5.592404] random 0029 0000 0000 e7f555d9 e8ce5c3c: debiting 32 entropy credits from nonblocking (unlimited)
[    5.592406] random 0029 0000 0000 e7f555d9 e8ce5c3c: extract_entropy account returned: 4 
[    5.592410] random 0029 0000 0000 e7f555d9 e8ce5c3c: urand_change_num 46 extract_buf: pool_sig ffffff72, data_sig ffffff72, bytes_mixed 20 e7f555d9 e8ce5c3c
[    5.604026] random 0029 0000 0000 91716c54 eeb6a1e7: add_disk_randomness(8:0) 91716c54 eeb6a1e7
[    5.604029] random 0029 0000 0000 91716c54 eeb6a1e7: add_timer_randomness(.. 8388864) with jiffies: 7213349783530602925, cycles: 7213349779235930122
[    5.604032] random 0029 0000 0000 91716c54 eeb6a1e7: added 3 entropy credits to input
[    5.622301] random 0032 0000 0000 91716c54 eeb6a1e7: add_disk_randomness(8:0) 91716c54 eeb6a1e7
[    5.622304] random 0032 0000 0000 91716c54 eeb6a1e7: add_timer_randomness(.. 8388864) with jiffies: 7377767883310072255, cycles: 7377767879015399434
[    5.622307] random 0032 0000 0000 91716c54 eeb6a1e7: added 2 entropy credits to input
[    5.626958] EXT4-fs (sda2): mounted filesystem with ordered data mode
[    5.627167] VFS: Mounted root (ext4 filesystem) readonly on device 8:2.
[    5.627273] Freeing unused kernel memory: 448k freed
[    5.647495] random 0034 0000 0000 91716c54 eeb6a1e7: add_disk_randomness(8:0) 91716c54 eeb6a1e7
[    5.647498] random 0034 0000 0000 91716c54 eeb6a1e7: add_timer_randomness(.. 8388864) with jiffies: 7604433498161250776, cycles: 7604433493866577930
[    5.648183] random 0034 0000 0000 91716c54 eeb6a1e7: add_disk_randomness(8:0) 91716c54 eeb6a1e7
[    5.648186] random 0034 0000 0000 91716c54 eeb6a1e7: add_timer_randomness(.. 8388864) with jiffies: 7610610996867727833, cycles: 7610610992573054986
[    5.652909] random 0034 0000 0000 91716c54 eeb6a1e7: add_disk_randomness(8:0) 91716c54 eeb6a1e7
[    5.652912] random 0034 0000 0000 91716c54 eeb6a1e7: add_timer_randomness(.. 8388864) with jiffies: 7653131843113026014, cycles: 7653131838818353162
[    5.652915] random 0034 0000 0000 91716c54 eeb6a1e7: added 2 entropy credits to input
[    5.661112] random 0036 0000 0000 91716c54 eeb6a1e7: add_disk_randomness(8:0) 91716c54 eeb6a1e7
[    5.661115] random 0036 0000 0000 91716c54 eeb6a1e7: add_timer_randomness(.. 8388864) with jiffies: 7726927885293552102, cycles: 7726927880998879242
[    5.664530] random 0036 0000 0000 91716c54 eeb6a1e7: add_disk_randomness(8:0) 91716c54 eeb6a1e7
[    5.664533] random 0036 0000 0000 91716c54 eeb6a1e7: add_timer_randomness(.. 8388864) with jiffies: 7757686671540978153, cycles: 7757686667246305290
[    5.664535] random 0036 0000 0000 91716c54 eeb6a1e7: added 1 entropy credits to input
[    5.673426] random 0037 0000 0000 91716c54 eeb6a1e7: add_disk_randomness(8:0) 91716c54 eeb6a1e7
[    5.673429] random 0037 0000 0000 91716c54 eeb6a1e7: add_timer_randomness(.. 8388864) with jiffies: 7837724293340037618, cycles: 7837724289045364746
[    5.673432] random 0037 0000 0000 91716c54 eeb6a1e7: added 2 entropy credits to input
[    5.678417] random 0039 0000 0000 91716c54 eeb6a1e7: add_disk_randomness(8:0) 91716c54 eeb6a1e7
[    5.678420] random 0039 0000 0000 91716c54 eeb6a1e7: add_timer_randomness(.. 8388864) with jiffies: 7882624555762287095, cycles: 7882624551467614218
[    5.678423] random 0039 0000 0000 91716c54 eeb6a1e7: added 2 entropy credits to input
[    5.686460] random 0041 0000 0000 91716c54 eeb6a1e7: add_disk_randomness(8:0) 91716c54 eeb6a1e7
[    5.686463] random 0041 0000 0000 91716c54 eeb6a1e7: add_timer_randomness(.. 8388864) with jiffies: 7954984386648834559, cycles: 7954984382354161674
[    5.686466] random 0041 0000 0000 91716c54 eeb6a1e7: added 1 entropy credits to input
[    5.686488] RANDOM get_random_int call with cycles 44801890045, jiffies 4294672895 and pid 1
[    5.686491] RANDOM get_random_int call with cycles 44801897143, jiffies 4294672895 and pid 1
[    5.686493] ASLR stack rand value: 6062080 after shift for pid: 1
[    5.686494] RANDOM get_random_int call with cycles 44801904903, jiffies 4294672895 and pid 1
[    5.698114] random 0042 0000 0000 91716c54 eeb6a1e7: add_disk_randomness(8:0) 91716c54 eeb6a1e7
[    5.698117] random 0042 0000 0000 91716c54 eeb6a1e7: add_timer_randomness(.. 8388864) with jiffies: 8059822871896883723, cycles: 8059822867602210826
[    5.698127] RANDOM get_random_int call with cycles 44826270321, jiffies 4294672907 and pid 1
[    5.698130] random 0042 0000 0000 91716c54 eeb6a1e7: rand_read_num 11 get_random_bytes(16): sig fffffcad 91716c54 eeb6a1e7
[    5.698133] random 0042 0000 0000 91716c54 eeb6a1e7: extract_entropy(.. 16 ..)
[    5.698135] random 0042 0000 0000 91716c54 eeb6a1e7: going to reseed nonblocking with 128 bits (128 of 0 requested)
[    5.698137] random 0042 0000 0000 91716c54 eeb6a1e7: extract_entropy(.. 16 ..)
[    5.698139] random 0042 0000 0000 91716c54 eeb6a1e7: trying to extract 128 bits from input
[    5.698142] random 0042 0000 0000 91716c54 eeb6a1e7: debiting 0 entropy credits from input
[    5.698144] random 0042 0000 0000 91716c54 eeb6a1e7: extract_entropy account returned: 0 
[    5.698147] random 0042 0000 0000 91716c54 eeb6a1e7: urand_change_num 47 xfer_secondary_pool(16): pool_sig fffffcad, data_sig 00000000, bytes_mixed 0 91716c54 eeb6a1e7
[    5.698150] random 0042 0000 0000 91716c54 eeb6a1e7: trying to extract 128 bits from nonblocking
[    5.698152] random 0042 0000 0000 91716c54 eeb6a1e7: debiting 128 entropy credits from nonblocking (unlimited)
[    5.698155] random 0042 0000 0000 91716c54 eeb6a1e7: extract_entropy account returned: 16 
[    5.698159] random 0042 0000 0000 91716c54 eeb6a1e7: urand_change_num 48 extract_buf: pool_sig fffffcad, data_sig ffffff19, bytes_mixed 20 91716c54 eeb6a1e7
[    5.698164] random 0042 0000 0000 fd637b06 6cf47bc1: urand_change_num 49 extract_buf: pool_sig fffffede, data_sig ffffffc1, bytes_mixed 20 fd637b06 6cf47bc1
[    5.699123] random 0042 0000 0000 fd637b06 6cf47bc1: add_disk_randomness(8:0) fd637b06 6cf47bc1
[    5.699126] random 0042 0000 0000 fd637b06 6cf47bc1: add_timer_randomness(.. 8388864) with jiffies: 8068905800014987788, cycles: 8068905795720314890
[    5.700306] random 0042 0000 0000 fd637b06 6cf47bc1: add_disk_randomness(8:0) fd637b06 6cf47bc1
[    5.700309] random 0042 0000 0000 fd637b06 6cf47bc1: add_timer_randomness(.. 8388864) with jiffies: 8079551752631452173, cycles: 8079551748336779274
[    5.701425] random 0042 0000 0000 fd637b06 6cf47bc1: add_disk_randomness(8:0) fd637b06 6cf47bc1
[    5.701428] random 0042 0000 0000 fd637b06 6cf47bc1: add_timer_randomness(.. 8388864) with jiffies: 8089615002739900942, cycles: 8089614998445228042
[    5.702285] random 0042 0000 0000 fd637b06 6cf47bc1: add_disk_randomness(8:0) fd637b06 6cf47bc1
[    5.702288] random 0042 0000 0000 fd637b06 6cf47bc1: add_timer_randomness(.. 8388864) with jiffies: 8097352412093448719, cycles: 8097352407798775818
[    5.702464] random 0042 0000 0000 fd637b06 6cf47bc1: add_disk_randomness(8:0) fd637b06 6cf47bc1
[    5.702467] random 0042 0000 0000 fd637b06 6cf47bc1: add_timer_randomness(.. 8388864) with jiffies: 8098967474415567375, cycles: 8098967470120894474
[    5.702691] random 0042 0000 0000 fd637b06 6cf47bc1: add_disk_randomness(8:0) fd637b06 6cf47bc1
[    5.702694] random 0042 0000 0000 fd637b06 6cf47bc1: add_timer_randomness(.. 8388864) with jiffies: 8101000454235456016, cycles: 8101000449940783114
[    5.713169] random 0042 0000 0000 fd637b06 6cf47bc1: add_disk_randomness(8:0) fd637b06 6cf47bc1
[    5.713172] random 0042 0000 0000 fd637b06 6cf47bc1: add_timer_randomness(.. 8388864) with jiffies: 8195270515321700890, cycles: 8195270511027027978
[    5.713175] random 0042 0000 0000 fd637b06 6cf47bc1: added 3 entropy credits to input
[    5.713609] random 0045 0000 0000 fd637b06 6cf47bc1: add_disk_randomness(8:0) fd637b06 6cf47bc1
[    5.713612] random 0045 0000 0000 fd637b06 6cf47bc1: add_timer_randomness(.. 8388864) with jiffies: 8199233876782711322, cycles: 8199233872488038410
[    5.723351] random 0045 0000 0000 fd637b06 6cf47bc1: add_disk_randomness(8:0) fd637b06 6cf47bc1
[    5.723354] random 0045 0000 0000 fd637b06 6cf47bc1: add_timer_randomness(.. 8388864) with jiffies: 8286880518477939236, cycles: 8286880514183266314
[    5.723357] random 0045 0000 0000 fd637b06 6cf47bc1: added 3 entropy credits to input
[    5.723409] RANDOM get_random_int call with cycles 44879228562, jiffies 4294672932 and pid 1
[    5.727960] random 0048 0000 0000 fd637b06 6cf47bc1: add_disk_randomness(8:0) fd637b06 6cf47bc1
[    5.727963] random 0048 0000 0000 fd637b06 6cf47bc1: add_timer_randomness(.. 8388864) with jiffies: 8328334456192205353, cycles: 8328334451897532426
[    5.727966] random 0048 0000 0000 fd637b06 6cf47bc1: added 2 entropy credits to input
[    5.740787] random 0050 0000 0000 fd637b06 6cf47bc1: add_disk_randomness(8:0) fd637b06 6cf47bc1
[    5.740790] random 0050 0000 0000 fd637b06 6cf47bc1: add_timer_randomness(.. 8388864) with jiffies: 8443734832956801590, cycles: 8443734828662128650
[    5.740793] random 0050 0000 0000 fd637b06 6cf47bc1: added 3 entropy credits to input
[    5.740926] random 0053 0000 0000 fd637b06 6cf47bc1: add_disk_randomness(8:0) fd637b06 6cf47bc1
[    5.740929] random 0053 0000 0000 fd637b06 6cf47bc1: add_timer_randomness(.. 8388864) with jiffies: 8444988216082924086, cycles: 8444988211788251146
[    5.743093] random 0053 0000 0000 fd637b06 6cf47bc1: add_disk_randomness(8:0) fd637b06 6cf47bc1
[    5.743096] random 0053 0000 0000 fd637b06 6cf47bc1: add_timer_randomness(.. 8388864) with jiffies: 8464486332519645752, cycles: 8464486328224972810
[    5.743099] random 0053 0000 0000 fd637b06 6cf47bc1: added 1 entropy credits to input
[    5.743331] random 0054 0000 0000 fd637b06 6cf47bc1: add_disk_randomness(8:0) fd637b06 6cf47bc1
[    5.743334] random 0054 0000 0000 fd637b06 6cf47bc1: add_timer_randomness(.. 8388864) with jiffies: 8466631333676548664, cycles: 8466631329381875722
[    5.743473] random 0054 0000 0000 fd637b06 6cf47bc1: add_disk_randomness(8:0) fd637b06 6cf47bc1
[    5.743476] random 0054 0000 0000 fd637b06 6cf47bc1: add_timer_randomness(.. 8388864) with jiffies: 8467908171619074616, cycles: 8467908167324401674
[    5.746643] random 0054 0000 0000 fd637b06 6cf47bc1: add_disk_randomness(8:0) fd637b06 6cf47bc1
[    5.746646] random 0054 0000 0000 fd637b06 6cf47bc1: add_timer_randomness(.. 8388864) with jiffies: 8496428064429539899, cycles: 8496428060134866954
[    5.746648] random 0054 0000 0000 fd637b06 6cf47bc1: added 1 entropy credits to input
[    5.748654] random 0055 0000 0000 fd637b06 6cf47bc1: add_disk_randomness(8:0) fd637b06 6cf47bc1
[    5.748657] random 0055 0000 0000 fd637b06 6cf47bc1: add_timer_randomness(.. 8388864) with jiffies: 8514527176873968189, cycles: 8514527172579295242
[    5.756483] random 0055 0000 0000 fd637b06 6cf47bc1: add_disk_randomness(8:0) fd637b06 6cf47bc1
[    5.756486] random 0055 0000 0000 fd637b06 6cf47bc1: add_timer_randomness(.. 8388864) with jiffies: 8584956441435800133, cycles: 8584956437141127178
[    5.756489] random 0055 0000 0000 fd637b06 6cf47bc1: added 2 entropy credits to input
[    5.756618] random 0057 0000 0000 fd637b06 6cf47bc1: add_disk_randomness(8:0) fd637b06 6cf47bc1
[    5.756621] random 0057 0000 0000 fd637b06 6cf47bc1: add_timer_randomness(.. 8388864) with jiffies: 8586172621555204677, cycles: 8586172617260531722
[    5.760184] random 0057 0000 0000 fd637b06 6cf47bc1: add_disk_randomness(8:0) fd637b06 6cf47bc1
[    5.760187] random 0057 0000 0000 fd637b06 6cf47bc1: add_timer_randomness(.. 8388864) with jiffies: 8618248201825911369, cycles: 8618248197531238410
[    5.760190] random 0057 0000 0000 fd637b06 6cf47bc1: added 2 entropy credits to input
[    5.764690] random 0059 0000 0000 fd637b06 6cf47bc1: add_disk_randomness(8:0) fd637b06 6cf47bc1
[    5.764693] random 0059 0000 0000 fd637b06 6cf47bc1: add_timer_randomness(.. 8388864) with jiffies: 8658779181133038158, cycles: 8658779176838365194
[    5.770261] random 0059 0000 0000 fd637b06 6cf47bc1: add_disk_randomness(8:0) fd637b06 6cf47bc1
[    5.770264] random 0059 0000 0000 fd637b06 6cf47bc1: add_timer_randomness(.. 8388864) with jiffies: 8708903858954011219, cycles: 8708903854659338250
[    5.776537] random 0059 0000 0000 fd637b06 6cf47bc1: add_disk_randomness(8:0) fd637b06 6cf47bc1
[    5.776540] random 0059 0000 0000 fd637b06 6cf47bc1: add_timer_randomness(.. 8388864) with jiffies: 8765374831991161433, cycles: 8765374827696488458
[    5.776553] random 0059 0000 0000 fd637b06 6cf47bc1: rand_read_num 12 get_random_bytes(16): sig 0000033b fd637b06 6cf47bc1
[    5.776556] random 0059 0000 0000 fd637b06 6cf47bc1: extract_entropy(.. 16 ..)
[    5.776558] random 0059 0000 0000 fd637b06 6cf47bc1: going to reseed nonblocking with 128 bits (128 of 0 requested)
[    5.776561] random 0059 0000 0000 fd637b06 6cf47bc1: extract_entropy(.. 16 ..)
[    5.776563] random 0059 0000 0000 fd637b06 6cf47bc1: trying to extract 128 bits from input
[    5.776565] random 0059 0000 0000 fd637b06 6cf47bc1: debiting 0 entropy credits from input
[    5.776567] random 0059 0000 0000 fd637b06 6cf47bc1: extract_entropy account returned: 0 
[    5.776570] random 0059 0000 0000 fd637b06 6cf47bc1: urand_change_num 50 xfer_secondary_pool(16): pool_sig 0000033b, data_sig 00000000, bytes_mixed 0 fd637b06 6cf47bc1
[    5.776573] random 0059 0000 0000 fd637b06 6cf47bc1: trying to extract 128 bits from nonblocking
[    5.776575] random 0059 0000 0000 fd637b06 6cf47bc1: debiting 128 entropy credits from nonblocking (unlimited)
[    5.776578] random 0059 0000 0000 fd637b06 6cf47bc1: extract_entropy account returned: 16 
[    5.776582] random 0059 0000 0000 fd637b06 6cf47bc1: urand_change_num 51 extract_buf: pool_sig 0000033b, data_sig 000000d8, bytes_mixed 20 fd637b06 6cf47bc1
[    5.776588] random 0059 0000 0000 0ec1f012 d4727ca8: urand_change_num 52 extract_buf: pool_sig fffffcf5, data_sig 00000016, bytes_mixed 20 0ec1f012 d4727ca8
[    5.783284] random 0059 0000 0000 45b1d0b1 845a73f7: add_disk_randomness(8:0) 45b1d0b1 845a73f7
[    5.783288] random 0059 0000 0000 45b1d0b1 845a73f7: add_timer_randomness(.. 8388864) with jiffies: 8826076596922974816, cycles: 8826076592628301834
[    5.790503] random 0059 0000 0000 45b1d0b1 845a73f7: add_disk_randomness(8:0) 45b1d0b1 845a73f7
[    5.790506] random 0059 0000 0000 45b1d0b1 845a73f7: add_timer_randomness(.. 8388864) with jiffies: 8891024619926684263, cycles: 8891024615632011274
[    5.796105] random 0059 0000 0000 45b1d0b1 845a73f7: add_disk_randomness(8:0) 45b1d0b1 845a73f7
[    5.796108] random 0059 0000 0000 45b1d0b1 845a73f7: add_timer_randomness(.. 8388864) with jiffies: 8941418798355546733, cycles: 8941418794060873738
[    5.807932] random 0059 0000 0000 45b1d0b1 845a73f7: add_disk_randomness(8:0) 45b1d0b1 845a73f7
[    5.807935] random 0059 0000 0000 45b1d0b1 845a73f7: add_timer_randomness(.. 8388864) with jiffies: 9047812147664093817, cycles: 9047812143369420810
[    5.807937] random 0059 0000 0000 45b1d0b1 845a73f7: added 2 entropy credits to input
[    5.811079] random 0061 0000 0000 45b1d0b1 845a73f7: add_disk_randomness(8:0) 45b1d0b1 845a73f7
[    5.811082] random 0061 0000 0000 45b1d0b1 845a73f7: add_timer_randomness(.. 8388864) with jiffies: 9076128291521004156, cycles: 9076128287226331146
[    5.811085] random 0061 0000 0000 45b1d0b1 845a73f7: added 1 entropy credits to input
[    5.825346] random 0062 0000 0000 45b1d0b1 845a73f7: add_disk_randomness(8:0) 45b1d0b1 845a73f7
[    5.825349] random 0062 0000 0000 45b1d0b1 845a73f7: add_timer_randomness(.. 8388864) with jiffies: 9204489634044412554, cycles: 9204489629749739530
[    5.825352] random 0062 0000 0000 45b1d0b1 845a73f7: added 3 entropy credits to input
[    5.830745] random 0065 0000 0000 45b1d0b1 845a73f7: add_disk_randomness(8:0) 45b1d0b1 845a73f7
[    5.830748] random 0065 0000 0000 45b1d0b1 845a73f7: add_timer_randomness(.. 8388864) with jiffies: 9253050840690426512, cycles: -9193693237313798134
[    5.830751] random 0065 0000 0000 45b1d0b1 845a73f7: added 2 entropy credits to input
[    5.835917] random 0067 0000 0000 45b1d0b1 845a73f7: add_disk_randomness(8:0) 45b1d0b1 845a73f7
[    5.835920] random 0067 0000 0000 45b1d0b1 845a73f7: add_timer_randomness(.. 8388864) with jiffies: 9299589573006557845, cycles: -9147154504997666806
[    5.844141] random 0067 0000 0000 45b1d0b1 845a73f7: add_disk_randomness(8:0) 45b1d0b1 845a73f7
[    5.844144] random 0067 0000 0000 45b1d0b1 845a73f7: add_timer_randomness(.. 8388864) with jiffies: 9373579528665531037, cycles: -9073164549338693622
[    5.844147] random 0067 0000 0000 45b1d0b1 845a73f7: added 1 entropy credits to input
[    5.853744] random 0068 0000 0000 45b1d0b1 845a73f7: add_disk_randomness(8:0) 45b1d0b1 845a73f7
[    5.853747] random 0068 0000 0000 45b1d0b1 845a73f7: add_timer_randomness(.. 8388864) with jiffies: 9459965885222191783, cycles: -8986778192782032886
[    5.873250] random 0068 0000 0000 45b1d0b1 845a73f7: add_disk_randomness(8:0) 45b1d0b1 845a73f7
[    5.873253] random 0068 0000 0000 45b1d0b1 845a73f7: add_timer_randomness(.. 8388864) with jiffies: 9635459666275959482, cycles: -8811284411728265206
[    5.873255] random 0068 0000 0000 45b1d0b1 845a73f7: added 2 entropy credits to input
[    5.886533] random 0070 0000 0000 45b1d0b1 845a73f7: add_disk_randomness(8:0) 45b1d0b1 845a73f7
[    5.886536] random 0070 0000 0000 45b1d0b1 845a73f7: add_timer_randomness(.. 8388864) with jiffies: 9754967084042519239, cycles: -8691776993961705462
[    5.886539] random 0070 0000 0000 45b1d0b1 845a73f7: added 2 entropy credits to input
[    5.894552] random 0072 0000 0000 45b1d0b1 845a73f7: add_disk_randomness(8:0) 45b1d0b1 845a73f7
[    5.894555] random 0072 0000 0000 45b1d0b1 845a73f7: add_timer_randomness(.. 8388864) with jiffies: 9827113742817264335, cycles: -8619630335186960374
[    5.904565] random 0072 0000 0000 45b1d0b1 845a73f7: add_disk_randomness(8:0) 45b1d0b1 845a73f7
[    5.904568] random 0072 0000 0000 45b1d0b1 845a73f7: add_timer_randomness(.. 8388864) with jiffies: 9917201669693342425, cycles: -8529542408310882294
[    5.904571] random 0072 0000 0000 45b1d0b1 845a73f7: added 1 entropy credits to input
[    5.917456] random 0073 0000 0000 45b1d0b1 845a73f7: add_disk_randomness(8:0) 45b1d0b1 845a73f7
[    5.917459] random 0073 0000 0000 45b1d0b1 845a73f7: add_timer_randomness(.. 8388864) with jiffies: 10033170901991391974, cycles: -8413573176012832758
[    5.924814] random 0073 0000 0000 45b1d0b1 845a73f7: add_disk_randomness(8:0) 45b1d0b1 845a73f7
[    5.924817] random 0073 0000 0000 45b1d0b1 845a73f7: add_timer_randomness(.. 8388864) with jiffies: 10099358194858689262, cycles: -8347385883145535478
[    5.924820] random 0073 0000 0000 45b1d0b1 845a73f7: added 2 entropy credits to input
[    5.930061] random 0075 0000 0000 45b1d0b1 845a73f7: add_disk_randomness(8:0) 45b1d0b1 845a73f7
[    5.930064] random 0075 0000 0000 45b1d0b1 845a73f7: add_timer_randomness(.. 8388864) with jiffies: 10146564545481245427, cycles: -8300179532522979318
[    5.930066] random 0075 0000 0000 45b1d0b1 845a73f7: added 1 entropy credits to input
[    5.936498] random 0076 0000 0000 45b1d0b1 845a73f7: add_disk_randomness(8:0) 45b1d0b1 845a73f7
[    5.936501] random 0076 0000 0000 45b1d0b1 845a73f7: add_timer_randomness(.. 8388864) with jiffies: 10204486208147129081, cycles: -8242257869857095670
[    5.941561] random 0076 0000 0000 45b1d0b1 845a73f7: add_disk_randomness(8:0) 45b1d0b1 845a73f7
[    5.941564] random 0076 0000 0000 45b1d0b1 845a73f7: add_timer_randomness(.. 8388864) with jiffies: 10250034516709835518, cycles: -8196709561294389238
[    5.947455] random 0076 0000 0000 45b1d0b1 845a73f7: add_disk_randomness(8:0) 45b1d0b1 845a73f7
[    5.947458] random 0076 0000 0000 45b1d0b1 845a73f7: add_timer_randomness(.. 8388864) with jiffies: 10303063043394470660, cycles: -8143681034609754102
[    5.956812] random 0076 0000 0000 45b1d0b1 845a73f7: add_disk_randomness(8:0) 45b1d0b1 845a73f7
[    5.956815] random 0076 0000 0000 45b1d0b1 845a73f7: add_timer_randomness(.. 8388864) with jiffies: 10387232466681955086, cycles: -8059511611322269686
[    5.956818] random 0076 0000 0000 45b1d0b1 845a73f7: added 1 entropy credits to input
[    5.961687] random 0077 0000 0000 45b1d0b1 845a73f7: add_disk_randomness(8:0) 45b1d0b1 845a73f7
[    5.961690] random 0077 0000 0000 45b1d0b1 845a73f7: add_timer_randomness(.. 8388864) with jiffies: 10431089228144935699, cycles: -8015654849859289078
[    5.961693] random 0077 0000 0000 45b1d0b1 845a73f7: added 2 entropy credits to input
[    5.969123] random 0079 0000 0000 45b1d0b1 845a73f7: add_disk_randomness(8:0) 45b1d0b1 845a73f7
[    5.969126] random 0079 0000 0000 45b1d0b1 845a73f7: add_timer_randomness(.. 8388864) with jiffies: 10497997895129334554, cycles: -7948746182874890230
[    5.969129] random 0079 0000 0000 45b1d0b1 845a73f7: added 1 entropy credits to input
[    5.975341] random 0080 0000 0000 45b1d0b1 845a73f7: add_disk_randomness(8:0) 45b1d0b1 845a73f7
[    5.975344] random 0080 0000 0000 45b1d0b1 845a73f7: add_timer_randomness(.. 8388864) with jiffies: 10553940286541366048, cycles: -7892803791462858742
[    5.975493] random 0080 0000 0000 45b1d0b1 845a73f7: add_disk_randomness(8:0) 45b1d0b1 845a73f7
[    5.975496] random 0080 0000 0000 45b1d0b1 845a73f7: add_timer_randomness(.. 8388864) with jiffies: 10555313043988513568, cycles: -7891431034015711222
[    5.989903] random 0080 0000 0000 45b1d0b1 845a73f7: add_disk_randomness(8:0) 45b1d0b1 845a73f7
[    5.989906] random 0080 0000 0000 45b1d0b1 845a73f7: add_timer_randomness(.. 8388864) with jiffies: 10684941934440186671, cycles: -7761802143564038134
[    5.989909] random 0080 0000 0000 45b1d0b1 845a73f7: added 3 entropy credits to input
[    5.997322] random 0083 0000 0000 45b1d0b1 845a73f7: add_disk_randomness(8:0) 45b1d0b1 845a73f7
[    5.997325] random 0083 0000 0000 45b1d0b1 845a73f7: add_timer_randomness(.. 8388864) with jiffies: 10751695059183960886, cycles: -7695049018820263926
[    5.997328] random 0083 0000 0000 45b1d0b1 845a73f7: added 2 entropy credits to input
[    6.007004] random 0085 0000 0000 45b1d0b1 845a73f7: add_disk_randomness(8:0) 45b1d0b1 845a73f7
[    6.007007] random 0085 0000 0000 45b1d0b1 845a73f7: add_timer_randomness(.. 8388864) with jiffies: 10838795436873712448, cycles: -7607948641130512374
[    6.007010] random 0085 0000 0000 45b1d0b1 845a73f7: added 1 entropy credits to input
[    6.017633] random 0086 0000 0000 45b1d0b1 845a73f7: add_disk_randomness(8:0) 45b1d0b1 845a73f7
[    6.017636] random 0086 0000 0000 45b1d0b1 845a73f7: add_timer_randomness(.. 8388864) with jiffies: 10934430228113228618, cycles: -7512313849890996214
[    6.030153] random 0086 0000 0000 45b1d0b1 845a73f7: add_disk_randomness(8:0) 45b1d0b1 845a73f7
[    6.030156] random 0086 0000 0000 45b1d0b1 845a73f7: add_timer_randomness(.. 8388864) with jiffies: 11047061188490527575, cycles: -7399682889513697270
[    6.030159] random 0086 0000 0000 45b1d0b1 845a73f7: added 1 entropy credits to input
[    6.031360] random 0087 0000 0000 45b1d0b1 845a73f7: add_disk_randomness(8:0) 45b1d0b1 845a73f7
[    6.031363] random 0087 0000 0000 45b1d0b1 845a73f7: add_timer_randomness(.. 8388864) with jiffies: 11057919544419648344, cycles: -7388824533584576502
[    6.035374] random 0087 0000 0000 45b1d0b1 845a73f7: add_disk_randomness(8:0) 45b1d0b1 845a73f7
[    6.035377] random 0087 0000 0000 45b1d0b1 845a73f7: add_timer_randomness(.. 8388864) with jiffies: 11094035378950865756, cycles: -7352708699053359094
[    6.035380] random 0087 0000 0000 45b1d0b1 845a73f7: added 1 entropy credits to input
[    6.044720] random 0088 0000 0000 45b1d0b1 845a73f7: add_disk_randomness(8:0) 45b1d0b1 845a73f7
[    6.044723] random 0088 0000 0000 45b1d0b1 845a73f7: add_timer_randomness(.. 8388864) with jiffies: 11178105859076752230, cycles: -7268638218927472630
[    6.044726] random 0088 0000 0000 45b1d0b1 845a73f7: added 1 entropy credits to input
[    6.045067] random 0089 0000 0000 45b1d0b1 845a73f7: add_disk_randomness(8:0) 45b1d0b1 845a73f7
[    6.045070] random 0089 0000 0000 45b1d0b1 845a73f7: add_timer_randomness(.. 8388864) with jiffies: 11181238891690296166, cycles: -7265505186313928694
[    6.060728] random 0089 0000 0000 45b1d0b1 845a73f7: add_disk_randomness(8:0) 45b1d0b1 845a73f7
[    6.060731] random 0089 0000 0000 45b1d0b1 845a73f7: add_timer_randomness(.. 8388864) with jiffies: 11322127777642808182, cycles: -7124616300361416694
[    6.060734] random 0089 0000 0000 45b1d0b1 845a73f7: added 4 entropy credits to input
[    6.062364] random 0093 0000 0000 45b1d0b1 845a73f7: add_disk_randomness(8:0) 45b1d0b1 845a73f7
[    6.062367] random 0093 0000 0000 45b1d0b1 845a73f7: add_timer_randomness(.. 8388864) with jiffies: 11336850375777682295, cycles: -7109893702226542582
[    6.062517] random 0093 0000 0000 45b1d0b1 845a73f7: add_disk_randomness(8:0) 45b1d0b1 845a73f7
[    6.062520] random 0093 0000 0000 45b1d0b1 845a73f7: add_timer_randomness(.. 8388864) with jiffies: 11338232333044777847, cycles: -7108511744959447030
[    6.073386] random 0093 0000 0000 45b1d0b1 845a73f7: add_disk_randomness(8:0) 45b1d0b1 845a73f7
[    6.073389] random 0093 0000 0000 45b1d0b1 845a73f7: add_timer_randomness(.. 8388864) with jiffies: 11436016768300843906, cycles: -7010727309703380982
[    6.073392] random 0093 0000 0000 45b1d0b1 845a73f7: added 3 entropy credits to input
[    6.073950] random 0096 0000 0000 45b1d0b1 845a73f7: add_disk_randomness(8:0) 45b1d0b1 845a73f7
[    6.073953] random 0096 0000 0000 45b1d0b1 845a73f7: add_timer_randomness(.. 8388864) with jiffies: 11441086049480835971, cycles: -7005658028523388918
[    6.079178] random 0096 0000 0000 45b1d0b1 845a73f7: add_disk_randomness(8:0) 45b1d0b1 845a73f7
[    6.079181] random 0096 0000 0000 45b1d0b1 845a73f7: add_timer_randomness(.. 8388864) with jiffies: 11488124097514931080, cycles: -6958619980489293814
[    6.079184] random 0096 0000 0000 45b1d0b1 845a73f7: added 2 entropy credits to input
[    6.080936] random 0098 0000 0000 45b1d0b1 845a73f7: add_disk_randomness(8:0) 45b1d0b1 845a73f7
[    6.080940] random 0098 0000 0000 45b1d0b1 845a73f7: add_timer_randomness(.. 8388864) with jiffies: 11503937866451092362, cycles: -6942806211553132534
[    6.080942] random 0098 0000 0000 45b1d0b1 845a73f7: added 1 entropy credits to input
[    6.091170] random 0099 0000 0000 45b1d0b1 845a73f7: add_disk_randomness(8:0) 45b1d0b1 845a73f7
[    6.091173] random 0099 0000 0000 45b1d0b1 845a73f7: add_timer_randomness(.. 8388864) with jiffies: 11596005695941215124, cycles: -6850738382063009782
[    6.091176] random 0099 0000 0000 45b1d0b1 845a73f7: added 3 entropy credits to input
[    6.105098] random 0102 0000 0000 45b1d0b1 845a73f7: add_disk_randomness(8:0) 45b1d0b1 845a73f7
[    6.105101] random 0102 0000 0000 45b1d0b1 845a73f7: add_timer_randomness(.. 8388864) with jiffies: 11721312427658937250, cycles: -6725431650345287670
[    6.105104] random 0102 0000 0000 45b1d0b1 845a73f7: added 2 entropy credits to input
[    6.117618] random 0104 0000 0000 45b1d0b1 845a73f7: add_disk_randomness(8:0) 45b1d0b1 845a73f7
[    6.117621] random 0104 0000 0000 45b1d0b1 845a73f7: add_timer_randomness(.. 8388864) with jiffies: 11833959262235362222, cycles: -6612784815768862710
[    6.117624] random 0104 0000 0000 45b1d0b1 845a73f7: added 1 entropy credits to input
