[    0.000000] random 0000 0000 0000 00000000 00000000: rand_read_num 1 get_random_bytes(8): sig 00000000 00000000 00000000
[    0.000000] random 0000 0000 0000 00000000 00000000: extract_entropy(.. 8 ..)
[    0.000000] random 0000 0000 0000 00000000 00000000: going to reseed nonblocking with 64 bits (64 of 0 requested)
[    0.000000] random 0000 0000 0000 00000000 00000000: extract_entropy(.. 8 ..)
[    0.000000] random 0000 0000 0000 00000000 00000000: trying to extract 64 bits from input
[    0.000000] random 0000 0000 0000 00000000 00000000: debiting 0 entropy credits from input
[    0.000000] random 0000 0000 0000 00000000 00000000: extract_entropy account returned: 0 
[    0.000000] random 0000 0000 0000 00000000 00000000: urand_change_num 1 xfer_secondary_pool(8): pool_sig 00000000, data_sig 00000000, bytes_mixed 0 00000000 00000000
[    0.000000] random 0000 0000 0000 00000000 00000000: trying to extract 64 bits from nonblocking
[    0.000000] random 0000 0000 0000 00000000 00000000: debiting 64 entropy credits from nonblocking (unlimited)
[    0.000000] random 0000 0000 0000 00000000 00000000: extract_entropy account returned: 8 
[    0.000000] random 0000 0000 0000 00000000 00000000: urand_change_num 2 extract_buf: pool_sig 00000000, data_sig fffffff9, bytes_mixed 20 00000000 00000000
[    0.000000] Linux version 2.6.32.57 (dcashman@dcashman-02) (gcc version 4.3.3 (GCC) ) #6 Thu May 30 09:02:12 PDT 2013
[    0.000000] KERNEL supported cpus:
[    0.000000]   Intel GenuineIntel
[    0.000000]   AMD AuthenticAMD
[    0.000000]   NSC Geode by NSC
[    0.000000]   Cyrix CyrixInstead
[    0.000000]   Centaur CentaurHauls
[    0.000000]   Transmeta GenuineTMx86
[    0.000000]   Transmeta TransmetaCPU
[    0.000000]   UMC UMC UMC UMC
[    0.000000] BIOS-provided physical RAM map:
[    0.000000]  BIOS-e820: 0000000000000000 - 000000000009d800 (usable)
[    0.000000]  BIOS-e820: 000000000009d800 - 00000000000a0000 (reserved)
[    0.000000]  BIOS-e820: 00000000000d2000 - 00000000000d4000 (reserved)
[    0.000000]  BIOS-e820: 00000000000e0000 - 0000000000100000 (reserved)
[    0.000000]  BIOS-e820: 0000000000100000 - 000000003d6b0000 (usable)
[    0.000000]  BIOS-e820: 000000003d6b0000 - 000000003d6cc000 (ACPI data)
[    0.000000]  BIOS-e820: 000000003d6cc000 - 000000003d700000 (ACPI NVS)
[    0.000000]  BIOS-e820: 000000003d700000 - 000000003e000000 (reserved)
[    0.000000]  BIOS-e820: 00000000f0000000 - 00000000f4000000 (reserved)
[    0.000000]  BIOS-e820: 00000000fec00000 - 00000000fec10000 (reserved)
[    0.000000]  BIOS-e820: 00000000fed00000 - 00000000fed00400 (reserved)
[    0.000000]  BIOS-e820: 00000000fed14000 - 00000000fed1a000 (reserved)
[    0.000000]  BIOS-e820: 00000000fed1c000 - 00000000fed90000 (reserved)
[    0.000000]  BIOS-e820: 00000000fee00000 - 00000000fee01000 (reserved)
[    0.000000]  BIOS-e820: 00000000ff000000 - 0000000100000000 (reserved)
[    0.000000] DMI present.
[    0.000000] last_pfn = 0x3d6b0 max_arch_pfn = 0x100000
[    0.000000] MTRR default type: uncachable
[    0.000000] MTRR fixed ranges enabled:
[    0.000000]   00000-9FFFF write-back
[    0.000000]   A0000-BFFFF uncachable
[    0.000000]   C0000-CFFFF write-protect
[    0.000000]   D0000-DFFFF uncachable
[    0.000000]   E0000-FFFFF write-protect
[    0.000000] MTRR variable ranges enabled:
[    0.000000]   0 base 03E000000 mask FFE000000 uncachable
[    0.000000]   1 base 000000000 mask FC0000000 write-back
[    0.000000]   2 base 03D700000 mask FFFF00000 uncachable
[    0.000000]   3 base 03D800000 mask FFF800000 uncachable
[    0.000000]   4 disabled
[    0.000000]   5 disabled
[    0.000000]   6 disabled
[    0.000000]   7 disabled
[    0.000000] initial memory mapped : 0 - 02000000
[    0.000000] init_memory_mapping: 0000000000000000-00000000377fe000
[    0.000000]  0000000000 - 0000400000 page 4k
[    0.000000]  0000400000 - 0037400000 page 2M
[    0.000000]  0037400000 - 00377fe000 page 4k
[    0.000000] kernel direct mapping tables up to 377fe000 @ 7000-c000
[    0.000000] ACPI: RSDP 000f68d0 00024 (v02 LENOVO)
[    0.000000] ACPI: XSDT 3d6bb77f 00094 (v01 LENOVO TP-7L    00002170  LTP 00000000)
[    0.000000] ACPI: FACP 3d6bb900 000F4 (v03 LENOVO TP-7L    00002170 LNVO 00000001)
[    0.000000] ACPI Warning: 32/64X length mismatch in Gpe1Block: 0/32 (20090903/tbfadt-526)
[    0.000000] ACPI Warning: Optional field Gpe1Block has zero address or length: 000000000000102C/0 (20090903/tbfadt-557)
[    0.000000] ACPI: DSDT 3d6bbd1d 0FED1 (v01 LENOVO TP-7L    00002170 MSFT 03000000)
[    0.000000] ACPI: FACS 3d6e4000 00040
[    0.000000] ACPI: SSDT 3d6bbab4 00269 (v01 LENOVO TP-7L    00002170 MSFT 03000000)
[    0.000000] ACPI: ECDT 3d6cbbee 00052 (v01 LENOVO TP-7L    00002170 LNVO 00000001)
[    0.000000] ACPI: TCPA 3d6cbc40 00032 (v02 LENOVO TP-7L    00002170 LNVO 00000001)
[    0.000000] ACPI: APIC 3d6cbc72 00068 (v01 LENOVO TP-7L    00002170 LNVO 00000001)
[    0.000000] ACPI: MCFG 3d6cbcda 0003C (v01 LENOVO TP-7L    00002170 LNVO 00000001)
[    0.000000] ACPI: HPET 3d6cbd16 00038 (v01 LENOVO TP-7L    00002170 LNVO 00000001)
[    0.000000] ACPI: SLIC 3d6cbdf0 00176 (v01 LENOVO TP-7L    00002170  LTP 00000000)
[    0.000000] ACPI: BOOT 3d6cbf66 00028 (v01 LENOVO TP-7L    00002170  LTP 00000001)
[    0.000000] ACPI: ASF! 3d6cbf8e 00072 (v16 LENOVO TP-7L    00002170 PTL  00000001)
[    0.000000] ACPI: SSDT 3d6e26d9 0025F (v01 LENOVO TP-7L    00002170 INTL 20050513)
[    0.000000] ACPI: SSDT 3d6e2938 000A6 (v01 LENOVO TP-7L    00002170 INTL 20050513)
[    0.000000] ACPI: SSDT 3d6e29de 004F7 (v01 LENOVO TP-7L    00002170 INTL 20050513)
[    0.000000] ACPI: SSDT 3d6e2ed5 001D8 (v01 LENOVO TP-7L    00002170 INTL 20050513)
[    0.000000] ACPI: DMI detected: Lenovo ThinkPad R61
[    0.000000] ACPI: Added _OSI(Linux)
[    0.000000] ACPI: Local APIC address 0xfee00000
[    0.000000] 94MB HIGHMEM available.
[    0.000000] 887MB LOWMEM available.
[    0.000000]   mapped low ram: 0 - 377fe000
[    0.000000]   low ram: 0 - 377fe000
[    0.000000]   node 0 low ram: 00000000 - 377fe000
[    0.000000]   node 0 bootmap 00008000 - 0000ef00
[    0.000000] (6 early reservations) ==> bootmem [0000000000 - 00377fe000]
[    0.000000]   #0 [0000000000 - 0000001000]   BIOS data page ==> [0000000000 - 0000001000]
[    0.000000]   #1 [0001000000 - 0001bdc180]    TEXT DATA BSS ==> [0001000000 - 0001bdc180]
[    0.000000]   #2 [000009d800 - 0000100000]    BIOS reserved ==> [000009d800 - 0000100000]
[    0.000000]   #3 [0001bdd000 - 0001be516c]              BRK ==> [0001bdd000 - 0001be516c]
[    0.000000]   #4 [0000007000 - 0000008000]          PGTABLE ==> [0000007000 - 0000008000]
[    0.000000]   #5 [0000008000 - 000000f000]          BOOTMAP ==> [0000008000 - 000000f000]
[    0.000000] found SMP MP-table at [c00f6900] f6900
[    0.000000] Zone PFN ranges:
[    0.000000]   DMA      0x00000000 -> 0x00001000
[    0.000000]   Normal   0x00001000 -> 0x000377fe
[    0.000000]   HighMem  0x000377fe -> 0x0003d6b0
[    0.000000] Movable zone start PFN for each node
[    0.000000] early_node_map[2] active PFN ranges
[    0.000000]     0: 0x00000000 -> 0x0000009d
[    0.000000]     0: 0x00000100 -> 0x0003d6b0
[    0.000000] On node 0 totalpages: 251469
[    0.000000] free_area_init_node: node 0, pgdat c1901ea0, node_mem_map c1be7000
[    0.000000]   DMA zone: 32 pages used for memmap
[    0.000000]   DMA zone: 0 pages reserved
[    0.000000]   DMA zone: 3965 pages, LIFO batch:0
[    0.000000]   Normal zone: 1744 pages used for memmap
[    0.000000]   Normal zone: 221486 pages, LIFO batch:31
[    0.000000]   HighMem zone: 190 pages used for memmap
[    0.000000]   HighMem zone: 24052 pages, LIFO batch:3
[    0.000000] Using APIC driver default
[    0.000000] ACPI: PM-Timer IO Port: 0x1008
[    0.000000] ACPI: Local APIC address 0xfee00000
[    0.000000] ACPI: LAPIC (acpi_id[0x00] lapic_id[0x00] enabled)
[    0.000000] ACPI: LAPIC (acpi_id[0x01] lapic_id[0x01] enabled)
[    0.000000] ACPI: NR_CPUS/possible_cpus limit of 1 reached.  Processor 1/0x1 ignored.
[    0.000000] ACPI: LAPIC_NMI (acpi_id[0x00] high edge lint[0x1])
[    0.000000] ACPI: LAPIC_NMI (acpi_id[0x01] high edge lint[0x1])
[    0.000000] ACPI: IOAPIC (id[0x01] address[0xfec00000] gsi_base[0])
[    0.000000] IOAPIC[0]: apic_id 1, version 32, address 0xfec00000, GSI 0-23
[    0.000000] ACPI: INT_SRC_OVR (bus 0 bus_irq 0 global_irq 2 dfl dfl)
[    0.000000] ACPI: INT_SRC_OVR (bus 0 bus_irq 9 global_irq 9 high level)
[    0.000000] ACPI: IRQ0 used by override.
[    0.000000] ACPI: IRQ2 used by override.
[    0.000000] ACPI: IRQ9 used by override.
[    0.000000] Using ACPI (MADT) for SMP configuration information
[    0.000000] ACPI: HPET id: 0x8086a201 base: 0xfed00000
[    0.000000] nr_irqs_gsi: 24
[    0.000000] PM: Registered nosave memory: 000000000009d000 - 000000000009e000
[    0.000000] PM: Registered nosave memory: 000000000009e000 - 00000000000a0000
[    0.000000] PM: Registered nosave memory: 00000000000a0000 - 00000000000d2000
[    0.000000] PM: Registered nosave memory: 00000000000d2000 - 00000000000d4000
[    0.000000] PM: Registered nosave memory: 00000000000d4000 - 00000000000e0000
[    0.000000] PM: Registered nosave memory: 00000000000e0000 - 0000000000100000
[    0.000000] Allocating PCI resources starting at 3e000000 (gap: 3e000000:b2000000)
[    0.000000] Built 1 zonelists in Zone order, mobility grouping on.  Total pages: 249503
[    0.000000] Kernel command line: auto BOOT_IMAGE=Linux ro root=802 vt.default_utf8=0 maxcpus=0
[    0.000000] PID hash table entries: 4096 (order: 2, 16384 bytes)
[    0.000000] Dentry cache hash table entries: 131072 (order: 7, 524288 bytes)
[    0.000000] Inode-cache hash table entries: 65536 (order: 6, 262144 bytes)
[    0.000000] Enabling fast FPU save and restore... done.
[    0.000000] Enabling unmasked SIMD FPU exception support... done.
[    0.000000] Initializing CPU#0
[    0.000000] Initializing HighMem for node 0 (000377fe:0003d6b0)
[    0.000000] Memory: 984800k/1006272k available (6915k kernel code, 20876k reserved, 2327k data, 448k init, 96968k highmem)
[    0.000000] virtual kernel memory layout:
[    0.000000]     fixmap  : 0xfffa3000 - 0xfffff000   ( 368 kB)
[    0.000000]     pkmap   : 0xff800000 - 0xffc00000   (4096 kB)
[    0.000000]     vmalloc : 0xf7ffe000 - 0xff7fe000   ( 120 MB)
[    0.000000]     lowmem  : 0xc0000000 - 0xf77fe000   ( 887 MB)
[    0.000000]       .init : 0xc1907000 - 0xc1977000   ( 448 kB)
[    0.000000]       .data : 0xc16c0d3f - 0xc1906c64   (2327 kB)
[    0.000000]       .text : 0xc1000000 - 0xc16c0d3f   (6915 kB)
[    0.000000] Checking if this processor honours the WP bit even in supervisor mode...Ok.
[    0.000000] SLUB: Genslabs=13, HWalign=64, Order=0-3, MinObjects=0, CPUs=1, Nodes=1
[    0.000000] Hierarchical RCU implementation.
[    0.000000] NR_IRQS:288
[    0.000000] Extended CMOS year: 2000
[    0.000000] Console: colour VGA+ 80x25
[    0.000000] console [tty0] enabled
[    0.000000] hpet clockevent registered
[    0.000000] Fast TSC calibration using PIT
[    0.000000] Detected 2094.754 MHz processor.
[    0.001002] Calibrating delay loop (skipped), value calculated using timer frequency.. 4189.50 BogoMIPS (lpj=2094754)
[    0.002008] Security Framework initialized
[    0.002095] Mount-cache hash table entries: 512
[    0.002242] CPU: L1 I cache: 32K, L1 D cache: 32K
[    0.002369] CPU: L2 cache: 3072K
[    0.002453] mce: CPU supports 6 MCE banks
[    0.002540] CPU0: Thermal monitoring enabled (TM2)
[    0.002624] using mwait in idle threads.
[    0.002707] CPU: Intel(R) Core(TM)2 Duo CPU     T8100  @ 2.10GHz stepping 06
[    0.002886] Checking 'hlt' instruction... OK.
[    0.006937] ACPI: Core revision 20090903
[    0.026013] RANDOM get_random_int first call with cycles 32589232420, jiffies 4294667322 and pid 0
[    0.026020] CANARY value: 3d4fac20 for PID: 1
[    0.026027] CANARY value: a92e8510 for PID: 2
[    0.026050] Enabling APIC mode:  Flat.  Using 1 I/O APICs
[    0.027233] ..TIMER: vector=0x30 apic1=0 pin1=2 apic2=-1 pin2=-1
[    0.037997] xor: automatically using best checksumming function: pIII_sse
[    0.041998]    pIII_sse  :  8568.000 MB/sec
[    0.042088] xor: using function: pIII_sse (8568.000 MB/sec)
[    0.042188] RANDOM - __seed init called.
[    0.042189] RANDOM - __seed init called.
[    0.042190] RANDOM - __seed init called.
[    0.042191] RANDOM - __random32 called. Change num 1.  Value: f7943846	49e73df3	af36cd0d
[    0.042193] RANDOM - __random32 called. Change num 2.  Value: 43846e13	9e73df37	9a1ad014
[    0.042195] RANDOM - __random32 called. Change num 3.  Value: 46e139c8	e73df373	a029598a
[    0.042197] RANDOM - __random32 called. Change num 4.  Value: 139c8c3b	73df373d	b3142c72
[    0.042198] RANDOM - __random32 called. Change num 5.  Value: c8c3b043	3df373de	58e576a9
[    0.042200] RANDOM - __random32 called. Change num 6.  Value: 3b0437d9	df373de5	ed53f9d8
[    0.042202] RANDOM - random32 init called.  Value: 3b0437d9	df373de5	ed53f9d8
[    0.042219] NET: Registered protocol family 16
[    0.042472] ACPI FADT declares the system doesn't support PCIe ASPM, so disable it
[    0.042593] ACPI: bus type pci registered
[    0.042757] PCI: MCFG configuration 0: base f0000000 segment 0 buses 0 - 63
[    0.042841] PCI: MCFG area at f0000000 reserved in E820
[    0.042922] PCI: Using MMCONFIG for extended config space
[    0.043002] PCI: Using configuration type 1 for base access
[    0.046106] bio: create slab <bio-0> at 0
[    0.046924] ACPI: EC: EC description table is found, configuring boot EC
[    0.052079] ACPI: BIOS _OSI(Linux) query honored via DMI
[    0.052796] random 0000 0000 0000 00000000 00000000: rand_read_num 2 get_random_bytes(8): sig fffffe1a 00000000 00000000
[    0.052798] random 0000 0000 0000 00000000 00000000: extract_entropy(.. 8 ..)
[    0.052801] random 0000 0000 0000 00000000 00000000: going to reseed nonblocking with 64 bits (64 of 0 requested)
[    0.052803] random 0000 0000 0000 00000000 00000000: extract_entropy(.. 8 ..)
[    0.052805] random 0000 0000 0000 00000000 00000000: trying to extract 64 bits from input
[    0.052808] random 0000 0000 0000 00000000 00000000: debiting 0 entropy credits from input
[    0.052835] random 0000 0000 0000 00000000 00000000: extract_entropy account returned: 0 
[    0.052838] random 0000 0000 0000 00000000 00000000: urand_change_num 3 xfer_secondary_pool(8): pool_sig fffffe1a, data_sig 00000000, bytes_mixed 0 00000000 00000000
[    0.052841] random 0000 0000 0000 00000000 00000000: trying to extract 64 bits from nonblocking
[    0.052844] random 0000 0000 0000 00000000 00000000: debiting 64 entropy credits from nonblocking (unlimited)
[    0.052846] random 0000 0000 0000 00000000 00000000: extract_entropy account returned: 8 
[    0.052850] random 0000 0000 0000 00000000 00000000: urand_change_num 4 extract_buf: pool_sig fffffe1a, data_sig fffffed7, bytes_mixed 20 00000000 00000000
[    0.057634] ACPI: Interpreter enabled
[    0.057713] ACPI: (supports S0 S3 S4 S5)
[    0.057998] ACPI: Using IOAPIC for interrupt routing
[    0.067549] ACPI: EC: GPE = 0x12, I/O: command/status = 0x66, data = 0x62
[    0.067827] ACPI: Power Resource [PUBS] (on)
[    0.069967] ACPI: ACPI Dock Station Driver: 3 docks/bays found
[    0.070322] ACPI: PCI Root Bridge [PCI0] (0000:00)
[    0.070491] pci 0000:00:02.0: reg 10 64bit mmio: [0xf8100000-0xf81fffff]
[    0.070497] pci 0000:00:02.0: reg 18 64bit mmio pref: [0xe0000000-0xefffffff]
[    0.070501] pci 0000:00:02.0: reg 20 io port: [0x1800-0x1807]
[    0.070536] pci 0000:00:02.1: reg 10 64bit mmio: [0xf8200000-0xf82fffff]
[    0.070639] pci 0000:00:19.0: reg 10 32bit mmio: [0xfe000000-0xfe01ffff]
[    0.070648] pci 0000:00:19.0: reg 14 32bit mmio: [0xfe025000-0xfe025fff]
[    0.070658] pci 0000:00:19.0: reg 18 io port: [0x1840-0x185f]
[    0.070723] pci 0000:00:19.0: PME# supported from D0 D3hot D3cold
[    0.070813] pci 0000:00:19.0: PME# disabled
[    0.071008] pci 0000:00:1a.0: reg 20 io port: [0x1860-0x187f]
[    0.071092] pci 0000:00:1a.1: reg 20 io port: [0x1880-0x189f]
[    0.071180] pci 0000:00:1a.7: reg 10 32bit mmio: [0xfe226c00-0xfe226fff]
[    0.071268] pci 0000:00:1a.7: PME# supported from D0 D3hot D3cold
[    0.071351] pci 0000:00:1a.7: PME# disabled
[    0.071494] pci 0000:00:1b.0: reg 10 64bit mmio: [0xfe020000-0xfe023fff]
[    0.071581] pci 0000:00:1b.0: PME# supported from D0 D3hot D3cold
[    0.071673] pci 0000:00:1b.0: PME# disabled
[    0.071872] pci 0000:00:1c.0: PME# supported from D0 D3hot D3cold
[    0.071964] pci 0000:00:1c.0: PME# disabled
[    0.072114] pci 0000:00:1c.1: PME# supported from D0 D3hot D3cold
[    0.072196] pci 0000:00:1c.1: PME# disabled
[    0.072397] pci 0000:00:1c.2: PME# supported from D0 D3hot D3cold
[    0.072481] pci 0000:00:1c.2: PME# disabled
[    0.072676] pci 0000:00:1c.3: PME# supported from D0 D3hot D3cold
[    0.072759] pci 0000:00:1c.3: PME# disabled
[    0.073106] pci 0000:00:1c.4: PME# supported from D0 D3hot D3cold
[    0.073190] pci 0000:00:1c.4: PME# disabled
[    0.073334] pci 0000:00:1d.0: reg 20 io port: [0x18a0-0x18bf]
[    0.073418] pci 0000:00:1d.1: reg 20 io port: [0x18c0-0x18df]
[    0.074052] pci 0000:00:1d.2: reg 20 io port: [0x18e0-0x18ff]
[    0.074152] pci 0000:00:1d.7: reg 10 32bit mmio: [0xfe227000-0xfe2273ff]
[    0.074255] pci 0000:00:1d.7: PME# supported from D0 D3hot D3cold
[    0.074342] pci 0000:00:1d.7: PME# disabled
[    0.074617] pci 0000:00:1f.0: quirk: region 1000-107f claimed by ICH6 ACPI/GPIO/TCO
[    0.074740] pci 0000:00:1f.0: quirk: region 1180-11bf claimed by ICH6 GPIO
[    0.074837] pci 0000:00:1f.0: ICH7 LPC Generic IO decode 1 PIO at 1600 (mask 007f)
[    0.074952] pci 0000:00:1f.0: ICH7 LPC Generic IO decode 2 PIO at 15e0 (mask 000f)
[    0.074998] pci 0000:00:1f.0: ICH7 LPC Generic IO decode 3 PIO at 1680 (mask 001f)
[    0.075186] pci 0000:00:1f.1: reg 10 io port: [0x00-0x07]
[    0.075195] pci 0000:00:1f.1: reg 14 io port: [0x00-0x03]
[    0.075206] pci 0000:00:1f.1: reg 18 io port: [0x00-0x07]
[    0.075216] pci 0000:00:1f.1: reg 1c io port: [0x00-0x03]
[    0.075225] pci 0000:00:1f.1: reg 20 io port: [0x1c00-0x1c0f]
[    0.075308] pci 0000:00:1f.2: reg 10 io port: [0x1c50-0x1c57]
[    0.075315] pci 0000:00:1f.2: reg 14 io port: [0x1c44-0x1c47]
[    0.075324] pci 0000:00:1f.2: reg 18 io port: [0x1c48-0x1c4f]
[    0.075332] pci 0000:00:1f.2: reg 1c io port: [0x1c40-0x1c43]
[    0.075341] pci 0000:00:1f.2: reg 20 io port: [0x1c20-0x1c3f]
[    0.075348] pci 0000:00:1f.2: reg 24 32bit mmio: [0xfe226000-0xfe2267ff]
[    0.075411] pci 0000:00:1f.2: PME# supported from D3hot
[    0.075492] pci 0000:00:1f.2: PME# disabled
[    0.075615] pci 0000:00:1f.3: reg 10 32bit mmio: [0xfe227400-0xfe2274ff]
[    0.075640] pci 0000:00:1f.3: reg 20 io port: [0x1c60-0x1c7f]
[    0.075730] pci 0000:00:1c.0: bridge io port: [0x2000-0x2fff]
[    0.075736] pci 0000:00:1c.0: bridge 32bit mmio: [0xfc000000-0xfdffffff]
[    0.075746] pci 0000:00:1c.0: bridge 64bit mmio pref: [0xf8000000-0xf80fffff]
[    0.075818] pci 0000:03:00.0: reg 10 64bit mmio: [0xdf3f0000-0xdf3fffff]
[    0.076087] pci 0000:00:1c.1: bridge io port: [0x3000-0x3fff]
[    0.076093] pci 0000:00:1c.1: bridge 32bit mmio: [0xdc000000-0xdf3fffff]
[    0.076102] pci 0000:00:1c.1: bridge 64bit mmio pref: [0xdfe00000-0xdfefffff]
[    0.076156] pci 0000:00:1c.2: bridge io port: [0x4000-0x4fff]
[    0.076165] pci 0000:00:1c.2: bridge 32bit mmio: [0xd8000000-0xd9ffffff]
[    0.076174] pci 0000:00:1c.2: bridge 64bit mmio pref: [0xdfb00000-0xdfbfffff]
[    0.076230] pci 0000:00:1c.3: bridge io port: [0x5000-0x5fff]
[    0.076237] pci 0000:00:1c.3: bridge 32bit mmio: [0xd4000000-0xd5ffffff]
[    0.076244] pci 0000:00:1c.3: bridge 64bit mmio pref: [0xdf800000-0xdf8fffff]
[    0.076299] pci 0000:00:1c.4: bridge io port: [0x6000-0x6fff]
[    0.076304] pci 0000:00:1c.4: bridge 32bit mmio: [0xd0000000-0xd1ffffff]
[    0.076310] pci 0000:00:1c.4: bridge 64bit mmio pref: [0xdf500000-0xdf5fffff]
[    0.076374] pci 0000:15:00.0: reg 10 32bit mmio: [0xf8300000-0xf8300fff]
[    0.076424] pci 0000:15:00.0: supports D1 D2
[    0.076425] pci 0000:15:00.0: PME# supported from D0 D1 D2 D3hot D3cold
[    0.076517] pci 0000:15:00.0: PME# disabled
[    0.076650] pci 0000:15:00.1: reg 10 32bit mmio: [0xf8301000-0xf83017ff]
[    0.076743] pci 0000:15:00.1: supports D1 D2
[    0.076745] pci 0000:15:00.1: PME# supported from D0 D1 D2 D3hot D3cold
[    0.076847] pci 0000:15:00.1: PME# disabled
[    0.077019] pci 0000:00:1e.0: transparent bridge
[    0.077108] pci 0000:00:1e.0: bridge io port: [0x7000-0xafff]
[    0.077115] pci 0000:00:1e.0: bridge 32bit mmio: [0xf8300000-0xfbffffff]
[    0.077124] pci 0000:00:1e.0: bridge 64bit mmio pref: [0xf4000000-0xf7ffffff]
[    0.077188] pci_bus 0000:00: on NUMA node 0
[    0.077192] ACPI: PCI Interrupt Routing Table [\_SB_.PCI0._PRT]
[    0.077325] ACPI: PCI Interrupt Routing Table [\_SB_.PCI0.EXP0._PRT]
[    0.077384] ACPI: PCI Interrupt Routing Table [\_SB_.PCI0.EXP1._PRT]
[    0.077442] ACPI: PCI Interrupt Routing Table [\_SB_.PCI0.EXP2._PRT]
[    0.077500] ACPI: PCI Interrupt Routing Table [\_SB_.PCI0.EXP3._PRT]
[    0.077562] ACPI: PCI Interrupt Routing Table [\_SB_.PCI0.EXP4._PRT]
[    0.077625] ACPI: PCI Interrupt Routing Table [\_SB_.PCI0.PCI1._PRT]
[    0.083098] ACPI: PCI Interrupt Link [LNKA] (IRQs 3 4 5 6 7 9 *10 11)
[    0.083821] ACPI: PCI Interrupt Link [LNKB] (IRQs 3 4 5 6 7 9 10 *11)
[    0.084507] ACPI: PCI Interrupt Link [LNKC] (IRQs 3 4 5 6 7 9 10 *11)
[    0.085231] ACPI: PCI Interrupt Link [LNKD] (IRQs 3 4 5 6 7 9 10 *11)
[    0.086009] ACPI: PCI Interrupt Link [LNKE] (IRQs 3 4 5 6 7 9 10 *11)
[    0.086754] ACPI: PCI Interrupt Link [LNKF] (IRQs 3 4 5 6 7 9 10 *11)
[    0.087416] ACPI: PCI Interrupt Link [LNKG] (IRQs 3 4 5 6 7 9 10 *11)
[    0.088178] ACPI: PCI Interrupt Link [LNKH] (IRQs 3 4 5 6 7 9 10 *11)
[    0.088856] vgaarb: device added: PCI:0000:00:02.0,decodes=io+mem,owns=io+mem,locks=none
[    0.089001] vgaarb: loaded
[    0.089171] SCSI subsystem initialized
[    0.089261] libata version 3.00 loaded.
[    0.089310] usbcore: registered new interface driver usbfs
[    0.089427] usbcore: registered new interface driver hub
[    0.089535] usbcore: registered new device driver usb
[    0.106042] raid6: int32x1    941 MB/s
[    0.122992] raid6: int32x2    886 MB/s
[    0.140068] raid6: int32x4    750 MB/s
[    0.156992] raid6: int32x8    656 MB/s
[    0.173987] raid6: mmxx1     2878 MB/s
[    0.190987] raid6: mmxx2     3253 MB/s
[    0.208004] raid6: sse1x1    1937 MB/s
[    0.224981] raid6: sse1x2    2531 MB/s
[    0.241990] raid6: sse2x1    3515 MB/s
[    0.258987] raid6: sse2x2    3835 MB/s
[    0.259066] raid6: using algorithm sse2x2 (3835 MB/s)
[    0.259154] PCI: Using ACPI for IRQ routing
[    0.259462] HPET: 3 timers in total, 0 timers will be used for per-cpu timer
[    0.259990] Switching to clocksource tsc
[    0.260080] pnp: PnP ACPI init
[    0.260162] ACPI: bus type pnp registered
[    0.263818] pnp: PnP ACPI: found 11 devices
[    0.263915] ACPI: ACPI bus type pnp unregistered
[    0.264001] system 00:00: iomem range 0x0-0x9ffff could not be reserved
[    0.264089] system 00:00: iomem range 0xc0000-0xc3fff could not be reserved
[    0.264180] system 00:00: iomem range 0xc4000-0xc7fff could not be reserved
[    0.264267] system 00:00: iomem range 0xc8000-0xcbfff has been reserved
[    0.264356] system 00:00: iomem range 0xcc000-0xcffff has been reserved
[    0.264443] system 00:00: iomem range 0xd0000-0xd3fff could not be reserved
[    0.264526] system 00:00: iomem range 0xe0000-0xe3fff could not be reserved
[    0.264608] system 00:00: iomem range 0xe4000-0xe7fff could not be reserved
[    0.264693] system 00:00: iomem range 0xe8000-0xebfff could not be reserved
[    0.264779] system 00:00: iomem range 0xec000-0xeffff could not be reserved
[    0.264875] system 00:00: iomem range 0xf0000-0xfffff could not be reserved
[    0.264966] system 00:00: iomem range 0x100000-0x3dffffff could not be reserved
[    0.265080] system 00:00: iomem range 0xfec00000-0xfed3ffff could not be reserved
[    0.265191] system 00:00: iomem range 0xfed4c000-0xffffffff could not be reserved
[    0.265306] system 00:02: ioport range 0x164e-0x164f has been reserved
[    0.265396] system 00:02: ioport range 0x1000-0x107f has been reserved
[    0.265485] system 00:02: ioport range 0x1180-0x11bf has been reserved
[    0.265567] system 00:02: ioport range 0x800-0x80f has been reserved
[    0.265655] system 00:02: ioport range 0x15e0-0x15ef has been reserved
[    0.265737] system 00:02: ioport range 0x1600-0x165f could not be reserved
[    0.265823] system 00:02: iomem range 0xf0000000-0xf3ffffff has been reserved
[    0.265912] system 00:02: iomem range 0xfed1c000-0xfed1ffff has been reserved
[    0.265998] system 00:02: iomem range 0xfed14000-0xfed17fff has been reserved
[    0.266079] system 00:02: iomem range 0xfed18000-0xfed18fff has been reserved
[    0.266162] system 00:02: iomem range 0xfed19000-0xfed19fff has been reserved
[    0.266252] system 00:02: iomem range 0xfed45000-0xfed4bfff has been reserved
[    0.301290] pci 0000:00:1c.0: PCI bridge, secondary bus 0000:02
[    0.301375] pci 0000:00:1c.0:   IO window: 0x2000-0x2fff
[    0.301470] pci 0000:00:1c.0:   MEM window: 0xfc000000-0xfdffffff
[    0.301559] pci 0000:00:1c.0:   PREFETCH window: 0x000000f8000000-0x000000f80fffff
[    0.301682] pci 0000:00:1c.1: PCI bridge, secondary bus 0000:03
[    0.301776] pci 0000:00:1c.1:   IO window: 0x3000-0x3fff
[    0.301873] pci 0000:00:1c.1:   MEM window: 0xdc000000-0xdf3fffff
[    0.301971] pci 0000:00:1c.1:   PREFETCH window: 0x000000dfe00000-0x000000dfefffff
[    0.302096] pci 0000:00:1c.2: PCI bridge, secondary bus 0000:04
[    0.302187] pci 0000:00:1c.2:   IO window: 0x4000-0x4fff
[    0.302274] pci 0000:00:1c.2:   MEM window: 0xd8000000-0xd9ffffff
[    0.302368] pci 0000:00:1c.2:   PREFETCH window: 0x000000dfb00000-0x000000dfbfffff
[    0.302495] pci 0000:00:1c.3: PCI bridge, secondary bus 0000:05
[    0.302578] pci 0000:00:1c.3:   IO window: 0x5000-0x5fff
[    0.302669] pci 0000:00:1c.3:   MEM window: 0xd4000000-0xd5ffffff
[    0.302757] pci 0000:00:1c.3:   PREFETCH window: 0x000000df800000-0x000000df8fffff
[    0.302877] pci 0000:00:1c.4: PCI bridge, secondary bus 0000:0d
[    0.302962] pci 0000:00:1c.4:   IO window: 0x6000-0x6fff
[    0.303059] pci 0000:00:1c.4:   MEM window: 0xd0000000-0xd1ffffff
[    0.303157] pci 0000:00:1c.4:   PREFETCH window: 0x000000df500000-0x000000df5fffff
[    0.303283] pci 0000:15:00.0: CardBus bridge, secondary bus 0000:16
[    0.303368] pci 0000:15:00.0:   IO window: 0x007000-0x0070ff
[    0.303464] pci 0000:15:00.0:   IO window: 0x007400-0x0074ff
[    0.303557] pci 0000:15:00.0:   PREFETCH window: 0xf4000000-0xf7ffffff
[    0.303648] pci 0000:15:00.0:   MEM window: 0x40000000-0x43ffffff
[    0.303739] pci 0000:00:1e.0: PCI bridge, secondary bus 0000:15
[    0.303827] pci 0000:00:1e.0:   IO window: 0x7000-0xafff
[    0.303922] pci 0000:00:1e.0:   MEM window: 0xf8300000-0xfbffffff
[    0.304007] pci 0000:00:1e.0:   PREFETCH window: 0x000000f4000000-0x000000f7ffffff
[    0.304142] pci 0000:00:1c.0: PCI INT A -> GSI 20 (level, low) -> IRQ 20
[    0.304232] pci 0000:00:1c.0: setting latency timer to 64
[    0.304248] pci 0000:00:1c.1: PCI INT B -> GSI 21 (level, low) -> IRQ 21
[    0.304335] pci 0000:00:1c.1: setting latency timer to 64
[    0.304348] pci 0000:00:1c.2: PCI INT C -> GSI 22 (level, low) -> IRQ 22
[    0.304430] pci 0000:00:1c.2: setting latency timer to 64
[    0.304443] pci 0000:00:1c.3: PCI INT D -> GSI 23 (level, low) -> IRQ 23
[    0.304531] pci 0000:00:1c.3: setting latency timer to 64
[    0.304546] pci 0000:00:1c.4: PCI INT A -> GSI 20 (level, low) -> IRQ 20
[    0.304632] pci 0000:00:1c.4: setting latency timer to 64
[    0.304641] pci 0000:00:1e.0: enabling device (0005 -> 0007)
[    0.304728] pci 0000:00:1e.0: setting latency timer to 64
[    0.304745] pci 0000:15:00.0: PCI INT A -> GSI 16 (level, low) -> IRQ 16
[    0.304830] pci 0000:15:00.0: setting latency timer to 64
[    0.304836] pci_bus 0000:00: resource 0 io:  [0x00-0xffff]
[    0.304838] pci_bus 0000:00: resource 1 mem: [0x000000-0xffffffff]
[    0.304840] pci_bus 0000:02: resource 0 io:  [0x2000-0x2fff]
[    0.304842] pci_bus 0000:02: resource 1 mem: [0xfc000000-0xfdffffff]
[    0.304844] pci_bus 0000:02: resource 2 pref mem [0xf8000000-0xf80fffff]
[    0.304846] pci_bus 0000:03: resource 0 io:  [0x3000-0x3fff]
[    0.304847] pci_bus 0000:03: resource 1 mem: [0xdc000000-0xdf3fffff]
[    0.304849] pci_bus 0000:03: resource 2 pref mem [0xdfe00000-0xdfefffff]
[    0.304851] pci_bus 0000:04: resource 0 io:  [0x4000-0x4fff]
[    0.304853] pci_bus 0000:04: resource 1 mem: [0xd8000000-0xd9ffffff]
[    0.304855] pci_bus 0000:04: resource 2 pref mem [0xdfb00000-0xdfbfffff]
[    0.304857] pci_bus 0000:05: resource 0 io:  [0x5000-0x5fff]
[    0.304858] pci_bus 0000:05: resource 1 mem: [0xd4000000-0xd5ffffff]
[    0.304860] pci_bus 0000:05: resource 2 pref mem [0xdf800000-0xdf8fffff]
[    0.304862] pci_bus 0000:0d: resource 0 io:  [0x6000-0x6fff]
[    0.304864] pci_bus 0000:0d: resource 1 mem: [0xd0000000-0xd1ffffff]
[    0.304866] pci_bus 0000:0d: resource 2 pref mem [0xdf500000-0xdf5fffff]
[    0.304871] pci_bus 0000:15: resource 0 io:  [0x7000-0xafff]
[    0.304872] pci_bus 0000:15: resource 1 mem: [0xf8300000-0xfbffffff]
[    0.304874] pci_bus 0000:15: resource 2 pref mem [0xf4000000-0xf7ffffff]
[    0.304876] pci_bus 0000:15: resource 3 io:  [0x00-0xffff]
[    0.304878] pci_bus 0000:15: resource 4 mem: [0x000000-0xffffffff]
[    0.304880] pci_bus 0000:16: resource 0 io:  [0x7000-0x70ff]
[    0.304881] pci_bus 0000:16: resource 1 io:  [0x7400-0x74ff]
[    0.304883] pci_bus 0000:16: resource 2 pref mem [0xf4000000-0xf7ffffff]
[    0.304885] pci_bus 0000:16: resource 3 mem: [0x40000000-0x43ffffff]
[    0.304893] NET: Registered protocol family 2
[    0.304976] RANDOM - __random32 called. Change num 7.  Value: 437d97bf	f373de51	f3b0f986
[    0.304978] RANDOM - random32 called.  Value: 437d97bf	f373de51	f3b0f986
[    0.304982] random 0000 0000 0000 5f8db4e5 4cfdf2a8: rand_read_num 3 get_random_bytes(4): sig fffffb64 5f8db4e5 4cfdf2a8
[    0.304985] random 0000 0000 0000 5f8db4e5 4cfdf2a8: extract_entropy(.. 4 ..)
[    0.304987] random 0000 0000 0000 5f8db4e5 4cfdf2a8: going to reseed nonblocking with 64 bits (32 of 0 requested)
[    0.304989] random 0000 0000 0000 5f8db4e5 4cfdf2a8: extract_entropy(.. 8 ..)
[    0.304991] random 0000 0000 0000 5f8db4e5 4cfdf2a8: trying to extract 64 bits from input
[    0.304993] random 0000 0000 0000 5f8db4e5 4cfdf2a8: debiting 0 entropy credits from input
[    0.304995] random 0000 0000 0000 5f8db4e5 4cfdf2a8: extract_entropy account returned: 0 
[    0.304998] random 0000 0000 0000 5f8db4e5 4cfdf2a8: urand_change_num 5 xfer_secondary_pool(4): pool_sig fffffb64, data_sig 00000000, bytes_mixed 0 5f8db4e5 4cfdf2a8
[    0.305001] random 0000 0000 0000 5f8db4e5 4cfdf2a8: trying to extract 32 bits from nonblocking
[    0.305004] random 0000 0000 0000 5f8db4e5 4cfdf2a8: debiting 32 entropy credits from nonblocking (unlimited)
[    0.305006] random 0000 0000 0000 5f8db4e5 4cfdf2a8: extract_entropy account returned: 4 
[    0.305010] random 0000 0000 0000 5f8db4e5 4cfdf2a8: urand_change_num 6 extract_buf: pool_sig fffffb64, data_sig 00000241, bytes_mixed 20 5f8db4e5 4cfdf2a8
[    0.305020] IP route cache hash table entries: 32768 (order: 5, 131072 bytes)
[    0.305141] RANDOM - __random32 called. Change num 8.  Value: d97bfe31	373de51f	f30dc6e6
[    0.305143] RANDOM - random32 called.  Value: d97bfe31	373de51f	f30dc6e6
[    0.305154] RANDOM - __random32 called. Change num 9.  Value: bfe314d7	73de51f5	8dcd6c7e
[    0.305156] RANDOM - random32 called.  Value: bfe314d7	73de51f5	8dcd6c7e
[    0.305157] RANDOM - __random32 called. Change num 10.  Value: 314d7baf	3de51f5e	d8fc74c1
[    0.305159] RANDOM - random32 called.  Value: 314d7baf	3de51f5e	d8fc74c1
[    0.305170] RANDOM - __random32 called. Change num 11.  Value: d7baf3c7	de51f5e5	e983e3fa
[    0.305171] RANDOM - random32 called.  Value: d7baf3c7	de51f5e5	e983e3fa
[    0.305181] TCP established hash table entries: 131072 (order: 8, 1048576 bytes)
[    0.305671] TCP bind hash table entries: 65536 (order: 6, 262144 bytes)
[    0.305849] TCP: Hash tables configured (established 131072 bind 65536)
[    0.305943] TCP reno registered
[    0.306056] NET: Registered protocol family 1
[    0.306173] RPC: Registered udp transport module.
[    0.306256] RPC: Registered tcp transport module.
[    0.306333] RPC: Registered tcp NFSv4.1 backchannel transport module.
[    0.306430] pci 0000:00:02.0: Boot video device
[    0.306645] Simple Boot Flag at 0x35 set to 0x1
[    0.307194] highmem bounce pool size: 64 pages
[    0.308687] VFS: Disk quotas dquot_6.5.2
[    0.308803] Dquot-cache hash table entries: 1024 (order 0, 4096 bytes)
[    0.309538] NTFS driver 2.1.29 [Flags: R/W].
[    0.309689] ROMFS MTD (C) 2007 Red Hat, Inc.
[    0.309893] JFS: nTxBlock = 7695, nTxLock = 61562
[    0.312356] SGI XFS with ACLs, security attributes, large block/inode numbers, no debug enabled
[    0.312840] SGI XFS Quota Management subsystem
[    0.313139] Slow work thread pool: Starting up
[    0.313236] Slow work thread pool: Ready
[    0.313319] GFS2 (built May 24 2013 02:47:17) installed
[    0.313411] msgmni has been set to 1734
[    0.313568] alg: No test for cipher_null (cipher_null-generic)
[    0.313671] alg: No test for ecb(cipher_null) (ecb-cipher_null)
[    0.313761] alg: No test for digest_null (digest_null-generic)
[    0.313849] alg: No test for compress_null (compress_null-generic)
[    0.314404] alg: No test for fcrypt (fcrypt-generic)
[    0.315815] alg: No test for stdrng (krng)
[    0.315922] async_tx: api initialized (async)
[    0.316077] Block layer SCSI generic (bsg) driver version 0.4 loaded (major 254)
[    0.316195] io scheduler noop registered
[    0.316278] io scheduler anticipatory registered
[    0.316358] io scheduler deadline registered
[    0.316484] io scheduler cfq registered (default)
[    0.316719] pcieport 0000:00:1c.0: irq 24 for MSI/MSI-X
[    0.316737] pcieport 0000:00:1c.0: setting latency timer to 64
[    0.316947] pcieport 0000:00:1c.1: irq 25 for MSI/MSI-X
[    0.316957] pcieport 0000:00:1c.1: setting latency timer to 64
[    0.317148] pcieport 0000:00:1c.2: irq 26 for MSI/MSI-X
[    0.317159] pcieport 0000:00:1c.2: setting latency timer to 64
[    0.317348] pcieport 0000:00:1c.3: irq 27 for MSI/MSI-X
[    0.317359] pcieport 0000:00:1c.3: setting latency timer to 64
[    0.317544] pcieport 0000:00:1c.4: irq 28 for MSI/MSI-X
[    0.317555] pcieport 0000:00:1c.4: setting latency timer to 64
[    0.317699] pci_hotplug: PCI Hot Plug PCI Core version: 0.5
[    0.317902] isapnp: Scanning for PnP cards...
[    0.678439] isapnp: No Plug & Play device found
[    0.678520] random 0000 0000 0000 5f8db4e5 4cfdf2a8: initializing
[    0.678522] RANDOM init_std_data for input now value: 1370017959678522707
[    0.678524] RANDOM init_std_data for blocking now value: 1370017959678524708
[    0.678525] RANDOM init_std_data for nonblocking now value: 1370017959678526437
[    0.698078] Serial: 8250/16550 driver, 4 ports, IRQ sharing enabled
[    3.708664] floppy0: no floppy controllers found
[    3.709606] brd: module loaded
[    3.710110] loop: module loaded
[    3.710192] Compaq SMART2 Driver (v 2.6.0)
[    3.710317] HP CISS Driver (v 3.6.20)
[    3.710555] input: Macintosh mouse button emulation as /devices/virtual/input/input0
[    3.710688] Uniform Multi-Platform E-IDE driver
[    3.710903] piix 0000:00:1f.1: IDE controller (0x8086:0x2850 rev 0x03)
[    3.710998] pci 0000:00:1f.1: PCI INT C -> GSI 16 (level, low) -> IRQ 16
[    3.711092] piix 0000:00:1f.1: IDE port disabled
[    3.711182] piix 0000:00:1f.1: not 100% native mode: will probe irqs later
[    3.711275]     ide0: BM-DMA at 0x1c00-0x1c07
[    3.711370] Probing IDE interface ide0...
[    4.382839] hda: HL-DT-ST DVDRAM GSA-U10N, ATAPI CD/DVD-ROM drive
[    4.689633] hda: host max PIO4 wanted PIO255(auto-tune) selected PIO4
[    4.690405] hda: UDMA/33 mode selected
[    4.690865] ide0 at 0x1f0-0x1f7,0x3f6 on irq 14
[    4.694734] ide-gd driver 1.18
[    4.694848] ide-cd driver 5.00
[    4.696233] random 0000 0000 0000 00000000 00000000: add_disk_randomness(0:0) 00000000 00000000
[    4.696237] random 0000 0000 0000 00000000 00000000: add_timer_randomness(.. 256) with jiffies: 17517496653332577912, cycles: -929247424671645687
[    4.696240] random 0000 0000 0000 00000000 00000000: added 11 entropy credits to input
[    4.696243] ide-cd: hda: ATAPI 24X DVD-ROM DVD-R/RAM CD-R/RW drive, 2048kB Cache
[    4.696640] Uniform CD-ROM driver Revision: 3.20
[    4.699518] random 0011 0000 0000 00000000 00000000: add_disk_randomness(0:0) 00000000 00000000
[    4.699521] random 0011 0000 0000 00000000 00000000: add_timer_randomness(.. 256) with jiffies: 17547052475074969211, cycles: -899691602929254391
[    4.699523] random 0011 0000 0000 00000000 00000000: added 1 entropy credits to input
[    4.699526] random 0012 0000 0000 00000000 00000000: add_disk_randomness(0:0) 00000000 00000000
[    4.699529] random 0012 0000 0000 00000000 00000000: add_timer_randomness(.. 256) with jiffies: 17547128642024996475, cycles: -899615435979227127
[    4.701513] random 0012 0000 0000 00000000 00000000: add_disk_randomness(0:0) 00000000 00000000
[    4.701516] random 0012 0000 0000 00000000 00000000: add_timer_randomness(.. 256) with jiffies: 17565005382537674365, cycles: -881738695466549239
[    4.701519] random 0012 0000 0000 00000000 00000000: added 1 entropy credits to input
[    4.701522] random 0013 0000 0000 00000000 00000000: add_disk_randomness(0:0) 00000000 00000000
[    4.701524] random 0013 0000 0000 00000000 00000000: add_timer_randomness(.. 256) with jiffies: 17565081145760775805, cycles: -881662932243447799
[    4.703515] random 0013 0000 0000 00000000 00000000: add_disk_randomness(0:0) 00000000 00000000
[    4.703518] random 0013 0000 0000 00000000 00000000: add_timer_randomness(.. 256) with jiffies: 17583015155367378559, cycles: -863728922636845047
[    4.703520] random 0013 0000 0000 00000000 00000000: added 1 entropy credits to input
[    4.703523] random 0014 0000 0000 00000000 00000000: add_disk_randomness(0:0) 00000000 00000000
[    4.703526] random 0014 0000 0000 00000000 00000000: add_timer_randomness(.. 256) with jiffies: 17583088530588663423, cycles: -863655547415560183
[    4.703804] Loading iSCSI transport class v2.0-870.
[    4.704086] rdac: device handler registered
[    4.704168] hp_sw: device handler registered
[    4.704247] emc: device handler registered
[    4.704325] alua: device handler registered
[    4.705307] Adaptec aacraid driver 1.1-5[2461]-ms
[    4.705723] scsi: <fdomain> Detection failed (no card)
[    4.705810] sym53c416.c: Version 1.0.0-ac
[    4.705907] qlogicfas: no cards were found, please specify I/O address and IRQ using iobase= and irq= options
[    4.706026] QLogic Fibre Channel HBA Driver: 8.03.01-k6
[    4.706232] iscsi: registered transport (qla4xxx)
[    4.706337] QLogic iSCSI HBA Driver
[    4.706414] Emulex LightPulse Fibre Channel SCSI driver 8.3.4
[    4.706503] Copyright(c) 2004-2009 Emulex.  All rights reserved.
[    4.728614] Failed initialization of WD-7000 SCSI card!
[    4.818167] DC390: clustering now enabled by default. If you get problems load
[    4.818279]        with "disable_clustering=1" and report to maintainers
[    4.818405] megaraid cmm: 2.20.2.7 (Release Date: Sun Jul 16 00:01:03 EST 2006)
[    4.818548] megaraid: 2.20.5.1 (Release Date: Thu Nov 16 15:32:35 EST 2006)
[    4.818656] megasas: 00.00.04.01 Thu July 24 11:41:51 PST 2008
[    4.818783] GDT-HA: Storage RAID Controller Driver. Version: 3.05
[    4.818926] 3ware Storage Controller device driver for Linux v1.26.02.002.
[    4.819030] 3ware 9000 Storage Controller device driver for Linux v2.26.02.012.
[    4.819163] nsp32: loading...
[    4.819265] ipr: IBM Power RAID SCSI Device Driver version: 2.4.3 (June 10, 2009)
[    4.819400] RocketRAID 3xxx/4xxx Controller driver v1.6 (090910)
[    4.819504] stex: Promise SuperTrak EX Driver version: 4.6.0000.3
[    4.819636] st: Version 20081215, fixed bufsize 32768, s/g segs 256
[    4.819819] ahci 0000:00:1f.2: version 3.0
[    4.819831] ahci 0000:00:1f.2: PCI INT B -> GSI 16 (level, low) -> IRQ 16
[    4.819961] ahci 0000:00:1f.2: irq 29 for MSI/MSI-X
[    4.820017] ahci 0000:00:1f.2: AHCI 0001.0100 32 slots 3 ports 1.5 Gbps 0x5 impl SATA mode
[    4.820132] ahci 0000:00:1f.2: flags: 64bit ncq sntf pm led clo pio slum part ccc 
[    4.820251] ahci 0000:00:1f.2: setting latency timer to 64
[    4.820394] scsi2 : ahci
[    4.820545] scsi3 : ahci
[    4.820700] scsi4 : ahci
[    4.820861] ata1: SATA max UDMA/133 abar m2048@0xfe226000 port 0xfe226100 irq 29
[    4.820975] ata2: DUMMY
[    4.821053] ata3: SATA max UDMA/133 abar m2048@0xfe226000 port 0xfe226200 irq 29
[    4.821660] I2O subsystem v1.325
[    4.821741] i2o: max drivers = 8
[    4.821879] I2O Configuration OSM v1.323
[    4.821976] I2O Bus Adapter OSM v1.317
[    4.822073] I2O Block Device OSM v1.325
[    4.822225] I2O SCSI Peripheral OSM v1.316
[    4.822321] I2O ProcFS OSM v1.316
[    4.822416] Fusion MPT base driver 3.04.12
[    4.822496] Copyright (c) 1999-2008 LSI Corporation
[    4.822579] Fusion MPT SPI Host driver 3.04.12
[    4.822736] Fusion MPT FC Host driver 3.04.12
[    4.822850] Fusion MPT SAS Host driver 3.04.12
[    4.823003] ohci1394 0000:15:00.1: PCI INT B -> GSI 17 (level, low) -> IRQ 17
[    4.823094] ohci1394 0000:15:00.1: setting latency timer to 64
[    4.876630] ohci1394: fw-host0: OHCI-1394 1.1 (PCI): IRQ=[17]  MMIO=[f8301000-f83017ff]  Max Packet=[2048]  IR/IT contexts=[4/4]
[    4.880899] ehci_hcd: USB 2.0 'Enhanced' Host Controller (EHCI) Driver
[    4.881190] ehci_hcd 0000:00:1a.7: power state changed by ACPI to D0
[    4.881428] ehci_hcd 0000:00:1a.7: power state changed by ACPI to D0
[    4.881515] ehci_hcd 0000:00:1a.7: PCI INT C -> GSI 22 (level, low) -> IRQ 22
[    4.881620] ehci_hcd 0000:00:1a.7: setting latency timer to 64
[    4.881625] ehci_hcd 0000:00:1a.7: EHCI Host Controller
[    4.881752] ehci_hcd 0000:00:1a.7: new USB bus registered, assigned bus number 1
[    4.885788] ehci_hcd 0000:00:1a.7: cache line size of 32 is not supported
[    4.885795] ehci_hcd 0000:00:1a.7: irq 22, io mem 0xfe226c00
[    4.895590] ehci_hcd 0000:00:1a.7: USB 2.0 started, EHCI 1.00
[    4.895688] usb usb1: New USB device found, idVendor=1d6b, idProduct=0002
[    4.895770] usb usb1: New USB device strings: Mfr=3, Product=2, SerialNumber=1
[    4.895882] usb usb1: Product: EHCI Host Controller
[    4.895960] usb usb1: Manufacturer: Linux 2.6.32.57 ehci_hcd
[    4.896044] usb usb1: SerialNumber: 0000:00:1a.7
[    4.896179] usb usb1: configuration #1 chosen from 1 choice
[    4.896291] hub 1-0:1.0: USB hub found
[    4.896372] hub 1-0:1.0: 4 ports detected
[    4.896713] ehci_hcd 0000:00:1d.7: power state changed by ACPI to D0
[    4.896945] ehci_hcd 0000:00:1d.7: power state changed by ACPI to D0
[    4.897037] ehci_hcd 0000:00:1d.7: PCI INT D -> GSI 19 (level, low) -> IRQ 19
[    4.897128] ehci_hcd 0000:00:1d.7: setting latency timer to 64
[    4.897133] ehci_hcd 0000:00:1d.7: EHCI Host Controller
[    4.897252] ehci_hcd 0000:00:1d.7: new USB bus registered, assigned bus number 2
[    4.897404] ehci_hcd 0000:00:1d.7: debug port 1
[    4.901381] ehci_hcd 0000:00:1d.7: cache line size of 32 is not supported
[    4.901390] ehci_hcd 0000:00:1d.7: irq 19, io mem 0xfe227000
[    4.911589] ehci_hcd 0000:00:1d.7: USB 2.0 started, EHCI 1.00
[    4.911689] usb usb2: New USB device found, idVendor=1d6b, idProduct=0002
[    4.911771] usb usb2: New USB device strings: Mfr=3, Product=2, SerialNumber=1
[    4.911884] usb usb2: Product: EHCI Host Controller
[    4.911966] usb usb2: Manufacturer: Linux 2.6.32.57 ehci_hcd
[    4.912052] usb usb2: SerialNumber: 0000:00:1d.7
[    4.912191] usb usb2: configuration #1 chosen from 1 choice
[    4.912308] hub 2-0:1.0: USB hub found
[    4.912388] hub 2-0:1.0: 6 ports detected
[    4.912556] 116x: driver isp116x-hcd, 03 Nov 2005
[    4.912656] ohci_hcd: USB 1.1 'Open' Host Controller (OHCI) Driver
[    4.912770] uhci_hcd: USB Universal Host Controller Interface driver
[    4.912873] uhci_hcd 0000:00:1a.0: PCI INT A -> GSI 20 (level, low) -> IRQ 20
[    4.912970] uhci_hcd 0000:00:1a.0: setting latency timer to 64
[    4.912975] uhci_hcd 0000:00:1a.0: UHCI Host Controller
[    4.913104] uhci_hcd 0000:00:1a.0: new USB bus registered, assigned bus number 3
[    4.913245] uhci_hcd 0000:00:1a.0: irq 20, io base 0x00001860
[    4.913354] usb usb3: New USB device found, idVendor=1d6b, idProduct=0001
[    4.913435] usb usb3: New USB device strings: Mfr=3, Product=2, SerialNumber=1
[    4.913555] usb usb3: Product: UHCI Host Controller
[    4.913655] usb usb3: Manufacturer: Linux 2.6.32.57 uhci_hcd
[    4.913735] usb usb3: SerialNumber: 0000:00:1a.0
[    4.913863] usb usb3: configuration #1 chosen from 1 choice
[    4.913978] hub 3-0:1.0: USB hub found
[    4.914059] hub 3-0:1.0: 2 ports detected
[    4.914351] uhci_hcd 0000:00:1a.1: power state changed by ACPI to D0
[    4.914592] uhci_hcd 0000:00:1a.1: power state changed by ACPI to D0
[    4.914680] uhci_hcd 0000:00:1a.1: PCI INT B -> GSI 21 (level, low) -> IRQ 21
[    4.914766] uhci_hcd 0000:00:1a.1: setting latency timer to 64
[    4.914771] uhci_hcd 0000:00:1a.1: UHCI Host Controller
[    4.914894] uhci_hcd 0000:00:1a.1: new USB bus registered, assigned bus number 4
[    4.915039] uhci_hcd 0000:00:1a.1: irq 21, io base 0x00001880
[    4.915157] usb usb4: New USB device found, idVendor=1d6b, idProduct=0001
[    4.915255] usb usb4: New USB device strings: Mfr=3, Product=2, SerialNumber=1
[    4.915367] usb usb4: Product: UHCI Host Controller
[    4.915446] usb usb4: Manufacturer: Linux 2.6.32.57 uhci_hcd
[    4.915532] usb usb4: SerialNumber: 0000:00:1a.1
[    4.915667] usb usb4: configuration #1 chosen from 1 choice
[    4.915789] hub 4-0:1.0: USB hub found
[    4.915882] hub 4-0:1.0: 2 ports detected
[    4.916189] uhci_hcd 0000:00:1d.0: power state changed by ACPI to D0
[    4.916430] uhci_hcd 0000:00:1d.0: power state changed by ACPI to D0
[    4.916518] uhci_hcd 0000:00:1d.0: PCI INT A -> GSI 16 (level, low) -> IRQ 16
[    4.916618] uhci_hcd 0000:00:1d.0: setting latency timer to 64
[    4.916622] uhci_hcd 0000:00:1d.0: UHCI Host Controller
[    4.916764] uhci_hcd 0000:00:1d.0: new USB bus registered, assigned bus number 5
[    4.916909] uhci_hcd 0000:00:1d.0: irq 16, io base 0x000018a0
[    4.917014] usb usb5: New USB device found, idVendor=1d6b, idProduct=0001
[    4.917096] usb usb5: New USB device strings: Mfr=3, Product=2, SerialNumber=1
[    4.917214] usb usb5: Product: UHCI Host Controller
[    4.917300] usb usb5: Manufacturer: Linux 2.6.32.57 uhci_hcd
[    4.917380] usb usb5: SerialNumber: 0000:00:1d.0
[    4.917508] usb usb5: configuration #1 chosen from 1 choice
[    4.917627] hub 5-0:1.0: USB hub found
[    4.917714] hub 5-0:1.0: 2 ports detected
[    4.917849] uhci_hcd 0000:00:1d.1: PCI INT B -> GSI 17 (level, low) -> IRQ 17
[    4.917950] uhci_hcd 0000:00:1d.1: setting latency timer to 64
[    4.917953] uhci_hcd 0000:00:1d.1: UHCI Host Controller
[    4.918069] uhci_hcd 0000:00:1d.1: new USB bus registered, assigned bus number 6
[    4.918206] uhci_hcd 0000:00:1d.1: irq 17, io base 0x000018c0
[    4.918321] usb usb6: New USB device found, idVendor=1d6b, idProduct=0001
[    4.918402] usb usb6: New USB device strings: Mfr=3, Product=2, SerialNumber=1
[    4.918521] usb usb6: Product: UHCI Host Controller
[    4.918615] usb usb6: Manufacturer: Linux 2.6.32.57 uhci_hcd
[    4.918703] usb usb6: SerialNumber: 0000:00:1d.1
[    4.918836] usb usb6: configuration #1 chosen from 1 choice
[    4.918953] hub 6-0:1.0: USB hub found
[    4.919032] hub 6-0:1.0: 2 ports detected
[    4.919328] uhci_hcd 0000:00:1d.2: power state changed by ACPI to D0
[    4.919581] uhci_hcd 0000:00:1d.2: power state changed by ACPI to D0
[    4.919680] uhci_hcd 0000:00:1d.2: PCI INT C -> GSI 18 (level, low) -> IRQ 18
[    4.919764] uhci_hcd 0000:00:1d.2: setting latency timer to 64
[    4.919767] uhci_hcd 0000:00:1d.2: UHCI Host Controller
[    4.919886] uhci_hcd 0000:00:1d.2: new USB bus registered, assigned bus number 7
[    4.920044] uhci_hcd 0000:00:1d.2: irq 18, io base 0x000018e0
[    4.920157] usb usb7: New USB device found, idVendor=1d6b, idProduct=0001
[    4.920237] usb usb7: New USB device strings: Mfr=3, Product=2, SerialNumber=1
[    4.920349] usb usb7: Product: UHCI Host Controller
[    4.920429] usb usb7: Manufacturer: Linux 2.6.32.57 uhci_hcd
[    4.920512] usb usb7: SerialNumber: 0000:00:1d.2
[    4.921300] usb usb7: configuration #1 chosen from 1 choice
[    4.921419] hub 7-0:1.0: USB hub found
[    4.921511] hub 7-0:1.0: 2 ports detected
[    4.921679] sl811: driver sl811-hcd, 19 May 2005
[    4.921784] r8a66597_hcd: driver r8a66597_hcd, 2009-05-26
[    4.921959] Initializing USB Mass Storage driver...
[    4.922075] usbcore: registered new interface driver usb-storage
[    4.922161] USB Mass Storage support registered.
[    4.922260] usbcore: registered new interface driver ums-alauda
[    4.922360] usbcore: registered new interface driver ums-cypress
[    4.922460] usbcore: registered new interface driver ums-datafab
[    4.922560] usbcore: registered new interface driver ums-freecom
[    4.922667] usbcore: registered new interface driver ums-isd200
[    4.922767] usbcore: registered new interface driver ums-jumpshot
[    4.922877] usbcore: registered new interface driver ums-karma
[    4.922980] usbcore: registered new interface driver ums-onetouch
[    4.923091] usbcore: registered new interface driver ums-sddr09
[    4.923194] usbcore: registered new interface driver ums-sddr55
[    4.923301] usbcore: registered new interface driver ums-usbat
[    4.923438] PNP: PS/2 Controller [PNP0303:KBD,PNP0f13:MOU] at 0x60,0x64 irq 1,12
[    4.931285] serio: i8042 KBD port at 0x60,0x64 irq 1
[    4.931372] serio: i8042 AUX port at 0x60,0x64 irq 12
[    4.931616] mice: PS/2 mouse device common for all mice
[    4.931720] i2c /dev entries driver
[    4.931842] md: linear personality registered for level -1
[    4.931922] md: raid0 personality registered for level 0
[    4.932006] md: raid1 personality registered for level 1
[    4.932084] md: raid10 personality registered for level 10
[    4.932166] md: raid6 personality registered for level 6
[    4.932250] md: raid5 personality registered for level 5
[    4.932336] md: raid4 personality registered for level 4
[    4.932424] md: multipath personality registered for level -4
[    4.932615] device-mapper: ioctl: 4.15.0-ioctl (2009-04-01) initialised: dm-devel@redhat.com
[    4.932813] cpuidle: using governor ladder
[    4.933403] usbcore: registered new interface driver usbhid
[    4.933506] usbhid: v2.6:USB HID core driver
[    4.933650] random 0014 0000 0000 00000000 00000000: rand_read_num 4 get_random_bytes(136): sig 00000000 00000000 00000000
[    4.933653] random 0014 0000 0000 00000000 00000000: extract_entropy(.. 136 ..)
[    4.933655] random 0014 0000 0000 00000000 00000000: going to reseed nonblocking with 1024 bits (1088 of 0 requested)
[    4.933658] random 0014 0000 0000 00000000 00000000: extract_entropy(.. 128 ..)
[    4.933660] random 0014 0000 0000 00000000 00000000: trying to extract 1024 bits from input
[    4.933662] random 0014 0000 0000 00000000 00000000: debiting 0 entropy credits from input
[    4.933664] random 0014 0000 0000 00000000 00000000: extract_entropy account returned: 0 
[    4.933667] random 0014 0000 0000 00000000 00000000: urand_change_num 7 xfer_secondary_pool(136): pool_sig 00000000, data_sig 00000000, bytes_mixed 0 00000000 00000000
[    4.933670] random 0014 0000 0000 00000000 00000000: trying to extract 1088 bits from nonblocking
[    4.933673] random 0014 0000 0000 00000000 00000000: debiting 1088 entropy credits from nonblocking (unlimited)
[    4.933675] random 0014 0000 0000 00000000 00000000: extract_entropy account returned: 136 
[    4.933679] random 0014 0000 0000 00000000 00000000: urand_change_num 8 extract_buf: pool_sig 00000000, data_sig fffffff9, bytes_mixed 20 00000000 00000000
[    4.933685] random 0014 0000 0000 b7c35b56 be4dc95d: urand_change_num 9 extract_buf: pool_sig fffffd1e, data_sig 000000c5, bytes_mixed 20 b7c35b56 be4dc95d
[    4.933690] random 0014 0000 0000 ed9f5c47 c48487fb: urand_change_num 10 extract_buf: pool_sig fffff8ec, data_sig ffffff68, bytes_mixed 20 ed9f5c47 c48487fb
[    4.933695] random 0014 0000 0000 ed9f5c47 c48487fb: urand_change_num 11 extract_buf: pool_sig fffffaed, data_sig 000001aa, bytes_mixed 20 ed9f5c47 c48487fb
[    4.933700] random 0014 0000 0000 1b4f7c0a 91bd6a48: urand_change_num 12 extract_buf: pool_sig fffffdd8, data_sig 00000064, bytes_mixed 20 1b4f7c0a 91bd6a48
[    4.933706] random 0014 0000 0000 a254b9bc 20e9a24f: urand_change_num 13 extract_buf: pool_sig fffffbe6, data_sig 000001dd, bytes_mixed 20 a254b9bc 20e9a24f
[    4.933711] random 0014 0000 0000 a254b9bc 20e9a24f: urand_change_num 14 extract_buf: pool_sig fffff940, data_sig fffffe20, bytes_mixed 20 a254b9bc 20e9a24f
[    4.933716] random 0014 0000 0000 2831a66b 5fa2a3ad: urand_change_num 15 extract_buf: pool_sig fffffbce, data_sig 0000007e, bytes_mixed 20 2831a66b 5fa2a3ad
[    4.933721] random 0014 0000 0000 2831a66b 5fa2a3ad: urand_change_num 16 extract_buf: pool_sig 000004df, data_sig fffffe8f, bytes_mixed 20 2831a66b 5fa2a3ad
[    4.933726] random 0014 0000 0000 d4512bfd c9a54e0b: urand_change_num 17 extract_buf: pool_sig 00000485, data_sig fffffe68, bytes_mixed 20 d4512bfd c9a54e0b
[    4.933732] random 0014 0000 0000 c7371be6 f9ffea11: urand_change_num 18 extract_buf: pool_sig 00000095, data_sig ffffffed, bytes_mixed 20 c7371be6 f9ffea11
[    4.933737] random 0014 0000 0000 c7371be6 f9ffea11: urand_change_num 19 extract_buf: pool_sig 000003a7, data_sig fffffefa, bytes_mixed 20 c7371be6 f9ffea11
[    4.933742] random 0014 0000 0000 8fb4b62c d1ddba54: urand_change_num 20 extract_buf: pool_sig 00000179, data_sig ffffff78, bytes_mixed 20 8fb4b62c d1ddba54
[    4.933747] random 0014 0000 0000 9ff19f9c c07a1d2a: urand_change_num 21 extract_buf: pool_sig fffffe88, data_sig 00000126, bytes_mixed 20 9ff19f9c c07a1d2a
[    4.933751] TCP cubic registered
[    4.933829] Initializing XFRM netlink socket
[    4.933913] NET: Registered protocol family 17
[    4.934002] Using IPI Shortcut mode
[    4.934088] random 0014 0000 0000 9ff19f9c c07a1d2a: rand_read_num 5 get_random_bytes(8): sig 0000031b 9ff19f9c c07a1d2a
[    4.934090] random 0014 0000 0000 9ff19f9c c07a1d2a: extract_entropy(.. 8 ..)
[    4.934093] random 0014 0000 0000 9ff19f9c c07a1d2a: going to reseed nonblocking with 64 bits (64 of 0 requested)
[    4.934095] random 0014 0000 0000 9ff19f9c c07a1d2a: extract_entropy(.. 8 ..)
[    4.934097] random 0014 0000 0000 9ff19f9c c07a1d2a: trying to extract 64 bits from input
[    4.934099] random 0014 0000 0000 9ff19f9c c07a1d2a: debiting 0 entropy credits from input
[    4.934101] random 0014 0000 0000 9ff19f9c c07a1d2a: extract_entropy account returned: 0 
[    4.934104] random 0014 0000 0000 9ff19f9c c07a1d2a: urand_change_num 22 xfer_secondary_pool(8): pool_sig 0000031b, data_sig 00000000, bytes_mixed 0 9ff19f9c c07a1d2a
[    4.934107] random 0014 0000 0000 9ff19f9c c07a1d2a: trying to extract 64 bits from nonblocking
[    4.934110] random 0014 0000 0000 9ff19f9c c07a1d2a: debiting 64 entropy credits from nonblocking (unlimited)
[    4.934112] random 0014 0000 0000 9ff19f9c c07a1d2a: extract_entropy account returned: 8 
[    4.934116] random 0014 0000 0000 9ff19f9c c07a1d2a: urand_change_num 23 extract_buf: pool_sig 0000031b, data_sig ffffffb3, bytes_mixed 20 9ff19f9c c07a1d2a
[    4.937084] input: AT Translated Set 2 keyboard as /devices/platform/i8042/serio0/input/input1
[    5.126589] ata1: SATA link up 1.5 Gbps (SStatus 113 SControl 300)
[    5.126702] ata3: SATA link down (SStatus 0 SControl 300)
[    5.128866] ata1.00: ACPI cmd ef/02:00:00:00:00:a0 (SET FEATURES) succeeded
[    5.128868] ata1.00: ACPI cmd f5/00:00:00:00:00:a0 (SECURITY FREEZE LOCK) filtered out
[    5.130260] ata1.00: ACPI cmd ef/5f:00:00:00:00:a0 (SET FEATURES) succeeded
[    5.130262] ata1.00: ACPI cmd ef/10:03:00:00:00:a0 (SET FEATURES) filtered out
[    5.132170] ata1.00: ATA-7: ST910021AS, 4.06, max UDMA/100
[    5.132260] ata1.00: 195371568 sectors, multi 16: LBA48 
[    5.134406] ata1.00: ACPI cmd ef/02:00:00:00:00:a0 (SET FEATURES) succeeded
[    5.134409] ata1.00: ACPI cmd f5/00:00:00:00:00:a0 (SECURITY FREEZE LOCK) filtered out
[    5.135805] ata1.00: ACPI cmd ef/5f:00:00:00:00:a0 (SET FEATURES) succeeded
[    5.135807] ata1.00: ACPI cmd ef/10:03:00:00:00:a0 (SET FEATURES) filtered out
[    5.137729] ata1.00: configured for UDMA/100
[    5.148639] scsi 2:0:0:0: Direct-Access     ATA      ST910021AS       4.06 PQ: 0 ANSI: 5
[    5.148915] sd 2:0:0:0: [sda] 195371568 512-byte logical blocks: (100 GB/93.1 GiB)
[    5.149047] sd 2:0:0:0: [sda] Write Protect is off
[    5.149127] sd 2:0:0:0: [sda] Mode Sense: 00 3a 00 00
[    5.149139] sd 2:0:0:0: [sda] Write cache: enabled, read cache: enabled, doesn't support DPO or FUA
[    5.149317]  sda:
[    5.568426] random 0014 0000 0000 277f73c3 42024bb9: add_disk_randomness(8:0) 277f73c3 42024bb9
[    5.568518] random 0014 0000 0000 277f73c3 42024bb9: add_timer_randomness(.. 8388864) with jiffies: 6918588905310355848, cycles: 6918588901015683082
[    5.568521] random 0014 0000 0000 277f73c3 42024bb9: added 11 entropy credits to input
[    5.568526]  sda1 sda2
[    5.568998] random 0025 0000 0000 277f73c3 42024bb9: add_disk_randomness(8:0) 277f73c3 42024bb9
[    5.569001] random 0025 0000 0000 277f73c3 42024bb9: add_timer_randomness(.. 8388864) with jiffies: 6922925855911674249, cycles: 6922925851617001482
[    5.569154] sd 2:0:0:0: [sda] Attached SCSI disk
[    5.569237] random 0025 0000 0000 277f73c3 42024bb9: rand_read_num 6 get_random_bytes(12): sig 000007e9 277f73c3 42024bb9
[    5.569239] random 0025 0000 0000 277f73c3 42024bb9: extract_entropy(.. 12 ..)
[    5.569242] random 0025 0000 0000 277f73c3 42024bb9: going to reseed nonblocking with 96 bits (96 of 0 requested)
[    5.569244] random 0025 0000 0000 277f73c3 42024bb9: extract_entropy(.. 12 ..)
[    5.569246] random 0025 0000 0000 277f73c3 42024bb9: trying to extract 96 bits from input
[    5.569249] random 0025 0000 0000 277f73c3 42024bb9: debiting 0 entropy credits from input
[    5.569251] random 0025 0000 0000 277f73c3 42024bb9: extract_entropy account returned: 0 
[    5.569254] random 0025 0000 0000 277f73c3 42024bb9: urand_change_num 24 xfer_secondary_pool(12): pool_sig 000007e9, data_sig 00000000, bytes_mixed 0 277f73c3 42024bb9
[    5.569257] random 0025 0000 0000 277f73c3 42024bb9: trying to extract 96 bits from nonblocking
[    5.569259] random 0025 0000 0000 277f73c3 42024bb9: debiting 96 entropy credits from nonblocking (unlimited)
[    5.569261] random 0025 0000 0000 277f73c3 42024bb9: extract_entropy account returned: 12 
[    5.569266] random 0025 0000 0000 277f73c3 42024bb9: urand_change_num 25 extract_buf: pool_sig 000007e9, data_sig 00000088, bytes_mixed 20 277f73c3 42024bb9
[    5.569271] random 0025 0000 0000 277f73c3 42024bb9: urand_change_num 26 extract_buf: pool_sig 00000498, data_sig fffffefb, bytes_mixed 20 277f73c3 42024bb9
[    5.569274] RANDOM - __seed init called.
[    5.569275] RANDOM - __seed init called.
[    5.569276] RANDOM - __seed init called.
[    5.569277] RANDOM - __random32 called. Change num 12.  Value: 87f14767	f0d7351	b1e48bd3
[    5.569279] RANDOM - random32_reseed called.  Value: 87f14767	f0d7351	b1e48bd3
[    5.569282] Pid: 1, comm: swapper Not tainted 2.6.32.57 #6
[    5.569364] Call Trace:
[    5.569450]  [<c1923ca4>] ? random32_reseed+0xa0/0xb1
[    5.569533]  [<c1923c04>] ? random32_reseed+0x0/0xb1
[    5.569632]  [<c100111e>] ? do_one_initcall+0x2e/0x180
[    5.569715]  [<c1907265>] ? kernel_init+0xad/0x103
[    5.569796]  [<c19071b8>] ? kernel_init+0x0/0x103
[    5.569878]  [<c1003787>] ? kernel_thread_helper+0x7/0x10
[    5.570402] random 0025 0000 0000 386b4e60 ee4d4880: rand_read_num 7 get_random_bytes(64): sig fffffea5 386b4e60 ee4d4880
[    5.570405] random 0025 0000 0000 386b4e60 ee4d4880: extract_entropy(.. 64 ..)
[    5.570407] random 0025 0000 0000 386b4e60 ee4d4880: going to reseed nonblocking with 512 bits (512 of 0 requested)
[    5.570409] random 0025 0000 0000 386b4e60 ee4d4880: extract_entropy(.. 64 ..)
[    5.570412] random 0025 0000 0000 386b4e60 ee4d4880: trying to extract 512 bits from input
[    5.570414] random 0025 0000 0000 386b4e60 ee4d4880: debiting 0 entropy credits from input
[    5.570416] random 0025 0000 0000 386b4e60 ee4d4880: extract_entropy account returned: 0 
[    5.570419] random 0025 0000 0000 386b4e60 ee4d4880: urand_change_num 27 xfer_secondary_pool(64): pool_sig fffffea5, data_sig 00000000, bytes_mixed 0 386b4e60 ee4d4880
[    5.570422] random 0025 0000 0000 386b4e60 ee4d4880: trying to extract 512 bits from nonblocking
[    5.570425] random 0025 0000 0000 386b4e60 ee4d4880: debiting 512 entropy credits from nonblocking (unlimited)
[    5.570427] random 0025 0000 0000 386b4e60 ee4d4880: extract_entropy account returned: 64 
[    5.570431] random 0025 0000 0000 386b4e60 ee4d4880: urand_change_num 28 extract_buf: pool_sig fffffea5, data_sig 00000173, bytes_mixed 20 386b4e60 ee4d4880
[    5.570436] random 0025 0000 0000 412698f6 0cc8689a: urand_change_num 29 extract_buf: pool_sig 00000122, data_sig ffffff63, bytes_mixed 20 412698f6 0cc8689a
[    5.570442] random 0025 0000 0000 412698f6 0cc8689a: urand_change_num 30 extract_buf: pool_sig 000001f7, data_sig 00000012, bytes_mixed 20 412698f6 0cc8689a
[    5.570447] random 0025 0000 0000 9669941e 06f768b1: urand_change_num 31 extract_buf: pool_sig fffffb5b, data_sig 0000003f, bytes_mixed 20 9669941e 06f768b1
[    5.570452] random 0025 0000 0000 98486520 995551f0: urand_change_num 32 extract_buf: pool_sig fffffb39, data_sig 0000000e, bytes_mixed 20 98486520 995551f0
[    5.570457] random 0025 0000 0000 98486520 995551f0: urand_change_num 33 extract_buf: pool_sig fffffd8d, data_sig 000001a6, bytes_mixed 20 98486520 995551f0
[    5.570463] random 0025 0000 0000 61fc8914 d5882ed2: urand_change_num 34 extract_buf: pool_sig fffffa58, data_sig 0000023e, bytes_mixed 20 61fc8914 d5882ed2
[    5.570494] random 0025 0000 0000 61fc8914 d5882ed2: rand_read_num 8 get_random_bytes(64): sig fffff9ee 61fc8914 d5882ed2
[    5.570496] random 0025 0000 0000 61fc8914 d5882ed2: extract_entropy(.. 64 ..)
[    5.570499] random 0025 0000 0000 61fc8914 d5882ed2: going to reseed nonblocking with 512 bits (512 of 0 requested)
[    5.570501] random 0025 0000 0000 61fc8914 d5882ed2: extract_entropy(.. 64 ..)
[    5.570503] random 0025 0000 0000 61fc8914 d5882ed2: trying to extract 512 bits from input
[    5.570505] random 0025 0000 0000 61fc8914 d5882ed2: debiting 0 entropy credits from input
[    5.570507] random 0025 0000 0000 61fc8914 d5882ed2: extract_entropy account returned: 0 
[    5.570510] random 0025 0000 0000 61fc8914 d5882ed2: urand_change_num 35 xfer_secondary_pool(64): pool_sig fffff9ee, data_sig 00000000, bytes_mixed 0 61fc8914 d5882ed2
[    5.570513] random 0025 0000 0000 61fc8914 d5882ed2: trying to extract 512 bits from nonblocking
[    5.570515] random 0025 0000 0000 61fc8914 d5882ed2: debiting 512 entropy credits from nonblocking (unlimited)
[    5.570518] random 0025 0000 0000 61fc8914 d5882ed2: extract_entropy account returned: 64 
[    5.570522] random 0025 0000 0000 61fc8914 d5882ed2: urand_change_num 36 extract_buf: pool_sig fffff9ee, data_sig ffffff85, bytes_mixed 20 61fc8914 d5882ed2
[    5.570527] random 0025 0000 0000 70cfd302 e5edec11: urand_change_num 37 extract_buf: pool_sig fffffdc1, data_sig ffffffde, bytes_mixed 20 70cfd302 e5edec11
[    5.570532] random 0025 0000 0000 00dab838 eafd2b30: urand_change_num 38 extract_buf: pool_sig 000003da, data_sig ffffff61, bytes_mixed 20 00dab838 eafd2b30
[    5.570538] random 0025 0000 0000 00dab838 eafd2b30: urand_change_num 39 extract_buf: pool_sig 00000314, data_sig 00000121, bytes_mixed 20 00dab838 eafd2b30
[    5.570546] random 0025 0000 0000 5fcdf66a 6442b608: urand_change_num 40 extract_buf: pool_sig 0000028b, data_sig fffffefd, bytes_mixed 20 5fcdf66a 6442b608
[    5.570551] random 0025 0000 0000 61333f6b 8fae0f9b: urand_change_num 41 extract_buf: pool_sig 000000cb, data_sig 000000b3, bytes_mixed 20 61333f6b 8fae0f9b
[    5.570557] random 0025 0000 0000 61333f6b 8fae0f9b: urand_change_num 42 extract_buf: pool_sig fffffef8, data_sig 00000051, bytes_mixed 20 61333f6b 8fae0f9b
[    5.570559] BEGIN NET_SECRET:
[    5.570560] \xffffffe0
[    5.570561] \xffffffb6
[    5.570562] \x36
[    5.570563] \xffffffb5
[    5.570564] \xffffff94
[    5.570565] \xffffffb2
[    5.570565] \xffffffa8
[    5.570566] \xffffffda
[    5.570567] \x5b
[    5.570568] \x19
[    5.570569] \x18
[    5.570569] \x5c
[    5.570570] \x2b
[    5.570571] \x1
[    5.570572] \xffffff90
[    5.570572] \x19
[    5.570573] \x3c
[    5.570574] \xfffffff2
[    5.570575] \xffffff82
[    5.570575] \x2a
[    5.570576] \xffffffb3
[    5.570577] \xffffffa2
[    5.570578] \x3f
[    5.570579] \x5
[    5.570579] \x52
[    5.570580] \x77
[    5.570581] \x57
[    5.570581] \x79
[    5.570582] \x16
[    5.570583] \x43
[    5.570584] \xffffff84
[    5.570584] \xffffffc3
[    5.570585] \xffffffe9
[    5.570586] \x79
[    5.570587] \x50
[    5.570588] \xffffff8e
[    5.570588] \x3f
[    5.570589] \xfffffff3
[    5.570590] \x19
[    5.570591] \x2a
[    5.570591] \xfffffffd
[    5.570592] \xfffffffb
[    5.570593] \x62
[    5.570594] \x3c
[    5.570594] \xffffffac
[    5.570595] \x1c
[    5.570596] \x3b
[    5.570597] \x3b
[    5.570597] \x15
[    5.570598] \x27
[    5.570599] \xffffffa8
[    5.570600] \x22
[    5.570600] \xffffffc5
[    5.570601] \xffffff9a
[    5.570602] \x5
[    5.570603] \x6c
[    5.570604] \xffffffa8
[    5.570604] \x3a
[    5.570605] \x44
[    5.570606] \xffffffaf
[    5.570607] \x13
[    5.570607] \xffffffe0
[    5.570608] \xffffff9d
[    5.570609] \x22
[    5.570610] 
[    5.570610] END NET_SECRET
[    5.570613] random 0025 0000 0000 e7f555d9 e8ce5c3c: rand_read_num 9 get_random_bytes(4): sig 0000068c e7f555d9 e8ce5c3c
[    5.570615] random 0025 0000 0000 e7f555d9 e8ce5c3c: extract_entropy(.. 4 ..)
[    5.570618] random 0025 0000 0000 e7f555d9 e8ce5c3c: going to reseed nonblocking with 64 bits (32 of 0 requested)
[    5.570620] random 0025 0000 0000 e7f555d9 e8ce5c3c: extract_entropy(.. 8 ..)
[    5.570622] random 0025 0000 0000 e7f555d9 e8ce5c3c: trying to extract 64 bits from input
[    5.570624] random 0025 0000 0000 e7f555d9 e8ce5c3c: debiting 0 entropy credits from input
[    5.570626] random 0025 0000 0000 e7f555d9 e8ce5c3c: extract_entropy account returned: 0 
[    5.570629] random 0025 0000 0000 e7f555d9 e8ce5c3c: urand_change_num 43 xfer_secondary_pool(4): pool_sig 0000068c, data_sig 00000000, bytes_mixed 0 e7f555d9 e8ce5c3c
[    5.570632] random 0025 0000 0000 e7f555d9 e8ce5c3c: trying to extract 32 bits from nonblocking
[    5.570634] random 0025 0000 0000 e7f555d9 e8ce5c3c: debiting 32 entropy credits from nonblocking (unlimited)
[    5.570637] random 0025 0000 0000 e7f555d9 e8ce5c3c: extract_entropy account returned: 4 
[    5.570641] random 0025 0000 0000 e7f555d9 e8ce5c3c: urand_change_num 44 extract_buf: pool_sig 0000068c, data_sig fffffdcb, bytes_mixed 20 e7f555d9 e8ce5c3c
[    5.570651] md: Waiting for all devices to be available before autodetect
[    5.570744] md: If you don't use raid, use raid=noautodetect
[    5.570898] md: Autodetecting RAID arrays.
[    5.570977] md: Scanned 0 and added 0 devices.
[    5.571056] md: autorun ...
[    5.571132] md: ... autorun DONE.
[    5.584634] random 0025 0000 0000 e7f555d9 e8ce5c3c: add_disk_randomness(8:0) e7f555d9 e8ce5c3c
[    5.584638] random 0025 0000 0000 e7f555d9 e8ce5c3c: add_timer_randomness(.. 8388864) with jiffies: 7063601518212776345, cycles: 7063601513918103562
[    5.584640] random 0025 0000 0000 e7f555d9 e8ce5c3c: added 3 entropy credits to input
[    5.585758] random 0028 0000 0000 e7f555d9 e8ce5c3c: add_disk_randomness(8:0) e7f555d9 e8ce5c3c
[    5.585761] random 0028 0000 0000 e7f555d9 e8ce5c3c: add_timer_randomness(.. 8388864) with jiffies: 7073714332243820954, cycles: 7073714327949148170
[    5.585873] random 0028 0000 0000 e7f555d9 e8ce5c3c: add_disk_randomness(8:0) e7f555d9 e8ce5c3c
[    5.585876] random 0028 0000 0000 e7f555d9 e8ce5c3c: add_timer_randomness(.. 8388864) with jiffies: 7074746829496877466, cycles: 7074746825202204682
[    5.585881] EXT3-fs: sda2: couldn't mount because of unsupported optional features (240).
[    5.586102] random 0028 0000 0000 e7f555d9 e8ce5c3c: add_disk_randomness(8:0) e7f555d9 e8ce5c3c
[    5.586105] random 0028 0000 0000 e7f555d9 e8ce5c3c: add_timer_randomness(.. 8388864) with jiffies: 7076813632184222106, cycles: 7076813627889549322
[    5.586110] EXT2-fs: sda2: couldn't mount because of unsupported optional features (240).
[    5.586333] random 0028 0000 0000 e7f555d9 e8ce5c3c: add_disk_randomness(8:0) e7f555d9 e8ce5c3c
[    5.586336] random 0028 0000 0000 e7f555d9 e8ce5c3c: add_timer_randomness(.. 8388864) with jiffies: 7078891576016732570, cycles: 7078891571722059786
[    5.586468] random 0028 0000 0000 e7f555d9 e8ce5c3c: add_disk_randomness(8:0) e7f555d9 e8ce5c3c
[    5.586471] random 0028 0000 0000 e7f555d9 e8ce5c3c: add_timer_randomness(.. 8388864) with jiffies: 7080112446240424346, cycles: 7080112441945751562
[    5.586635] random 0028 0000 0000 e7f555d9 e8ce5c3c: add_disk_randomness(8:0) e7f555d9 e8ce5c3c
[    5.586638] random 0028 0000 0000 e7f555d9 e8ce5c3c: add_timer_randomness(.. 8388864) with jiffies: 7081603761964810651, cycles: 7081603757670137866
[    5.586750] random 0028 0000 0000 e7f555d9 e8ce5c3c: add_disk_randomness(8:0) e7f555d9 e8ce5c3c
[    5.586753] random 0028 0000 0000 e7f555d9 e8ce5c3c: add_timer_randomness(.. 8388864) with jiffies: 7082637929960145307, cycles: 7082637925665472522
[    5.586872] random 0028 0000 0000 e7f555d9 e8ce5c3c: add_disk_randomness(8:0) e7f555d9 e8ce5c3c
[    5.586875] random 0028 0000 0000 e7f555d9 e8ce5c3c: add_timer_randomness(.. 8388864) with jiffies: 7083737218249621915, cycles: 7083737213954949130
[    5.587022] random 0028 0000 0000 e7f555d9 e8ce5c3c: add_disk_randomness(8:0) e7f555d9 e8ce5c3c
[    5.587025] random 0028 0000 0000 e7f555d9 e8ce5c3c: add_timer_randomness(.. 8388864) with jiffies: 7085089007666430363, cycles: 7085089003371757578
[    5.587142] random 0028 0000 0000 e7f555d9 e8ce5c3c: add_disk_randomness(8:0) e7f555d9 e8ce5c3c
[    5.587145] random 0028 0000 0000 e7f555d9 e8ce5c3c: add_timer_randomness(.. 8388864) with jiffies: 7086167684407853467, cycles: 7086167680113180682
[    5.587258] random 0028 0000 0000 e7f555d9 e8ce5c3c: add_disk_randomness(8:0) e7f555d9 e8ce5c3c
[    5.587260] random 0028 0000 0000 e7f555d9 e8ce5c3c: add_timer_randomness(.. 8388864) with jiffies: 7087210060085690779, cycles: 7087210055791017994
[    5.587495] random 0028 0000 0000 e7f555d9 e8ce5c3c: rand_read_num 10 get_random_bytes(4): sig ffffff72 e7f555d9 e8ce5c3c
[    5.587498] random 0028 0000 0000 e7f555d9 e8ce5c3c: extract_entropy(.. 4 ..)
[    5.587500] random 0028 0000 0000 e7f555d9 e8ce5c3c: going to reseed nonblocking with 64 bits (32 of 0 requested)
[    5.587502] random 0028 0000 0000 e7f555d9 e8ce5c3c: extract_entropy(.. 8 ..)
[    5.587504] random 0028 0000 0000 e7f555d9 e8ce5c3c: trying to extract 64 bits from input
[    5.587507] random 0028 0000 0000 e7f555d9 e8ce5c3c: debiting 0 entropy credits from input
[    5.587509] random 0028 0000 0000 e7f555d9 e8ce5c3c: extract_entropy account returned: 0 
[    5.587512] random 0028 0000 0000 e7f555d9 e8ce5c3c: urand_change_num 45 xfer_secondary_pool(4): pool_sig ffffff72, data_sig 00000000, bytes_mixed 0 e7f555d9 e8ce5c3c
[    5.587515] random 0028 0000 0000 e7f555d9 e8ce5c3c: trying to extract 32 bits from nonblocking
[    5.587517] random 0028 0000 0000 e7f555d9 e8ce5c3c: debiting 32 entropy credits from nonblocking (unlimited)
[    5.587519] random 0028 0000 0000 e7f555d9 e8ce5c3c: extract_entropy account returned: 4 
[    5.587523] random 0028 0000 0000 e7f555d9 e8ce5c3c: urand_change_num 46 extract_buf: pool_sig ffffff72, data_sig ffffff72, bytes_mixed 20 e7f555d9 e8ce5c3c
[    5.599084] random 0028 0000 0000 91716c54 eeb6a1e7: add_disk_randomness(8:0) 91716c54 eeb6a1e7
[    5.599087] random 0028 0000 0000 91716c54 eeb6a1e7: add_timer_randomness(.. 8388864) with jiffies: 7193608370081464743, cycles: 7193608365786791946
[    5.599090] random 0028 0000 0000 91716c54 eeb6a1e7: added 3 entropy credits to input
[    5.617362] random 0031 0000 0000 91716c54 eeb6a1e7: add_disk_randomness(8:0) 91716c54 eeb6a1e7
[    5.617365] random 0031 0000 0000 91716c54 eeb6a1e7: add_timer_randomness(.. 8388864) with jiffies: 7358058802374738361, cycles: 7358058798080065546
[    5.617368] random 0031 0000 0000 91716c54 eeb6a1e7: added 2 entropy credits to input
[    5.622005] EXT4-fs (sda2): mounted filesystem with ordered data mode
[    5.622195] VFS: Mounted root (ext4 filesystem) readonly on device 8:2.
[    5.622291] Freeing unused kernel memory: 448k freed
[    5.642557] random 0033 0000 0000 91716c54 eeb6a1e7: add_disk_randomness(8:0) 91716c54 eeb6a1e7
[    5.642560] random 0033 0000 0000 91716c54 eeb6a1e7: add_timer_randomness(.. 8388864) with jiffies: 7584723064311218643, cycles: 7584723060016545802
[    5.642563] random 0033 0000 0000 91716c54 eeb6a1e7: added 1 entropy credits to input
[    5.643281] random 0034 0000 0000 91716c54 eeb6a1e7: add_disk_randomness(8:0) 91716c54 eeb6a1e7
[    5.643284] random 0034 0000 0000 91716c54 eeb6a1e7: add_timer_randomness(.. 8388864) with jiffies: 7591248219145470419, cycles: 7591248214850797578
[    5.647969] random 0034 0000 0000 91716c54 eeb6a1e7: add_disk_randomness(8:0) 91716c54 eeb6a1e7
[    5.647972] random 0034 0000 0000 91716c54 eeb6a1e7: add_timer_randomness(.. 8388864) with jiffies: 7633423170199585240, cycles: 7633423165904912394
[    5.647975] random 0034 0000 0000 91716c54 eeb6a1e7: added 2 entropy credits to input
[    5.656168] random 0036 0000 0000 91716c54 eeb6a1e7: add_disk_randomness(8:0) 91716c54 eeb6a1e7
[    5.656171] random 0036 0000 0000 91716c54 eeb6a1e7: add_timer_randomness(.. 8388864) with jiffies: 7707186063822520800, cycles: 7707186059527847946
[    5.656173] random 0036 0000 0000 91716c54 eeb6a1e7: added 1 entropy credits to input
[    5.659591] random 0037 0000 0000 91716c54 eeb6a1e7: add_disk_randomness(8:0) 91716c54 eeb6a1e7
[    5.659594] random 0037 0000 0000 91716c54 eeb6a1e7: add_timer_randomness(.. 8388864) with jiffies: 7737977590605644260, cycles: 7737977586310971402
[    5.659597] random 0037 0000 0000 91716c54 eeb6a1e7: added 2 entropy credits to input
[    5.668485] random 0039 0000 0000 91716c54 eeb6a1e7: add_disk_randomness(8:0) 91716c54 eeb6a1e7
[    5.668488] random 0039 0000 0000 91716c54 eeb6a1e7: add_timer_randomness(.. 8388864) with jiffies: 7818013498712752620, cycles: 7818013494418079754
[    5.668491] random 0039 0000 0000 91716c54 eeb6a1e7: added 2 entropy credits to input
[    5.681800] random 0041 0000 0000 91716c54 eeb6a1e7: add_disk_randomness(8:0) 91716c54 eeb6a1e7
[    5.681803] random 0041 0000 0000 91716c54 eeb6a1e7: add_timer_randomness(.. 8388864) with jiffies: 7937793891715744250, cycles: 7937793887421071370
[    5.681806] random 0041 0000 0000 91716c54 eeb6a1e7: added 1 entropy credits to input
[    5.689845] random 0042 0000 0000 91716c54 eeb6a1e7: add_disk_randomness(8:0) 91716c54 eeb6a1e7
[    5.689848] random 0042 0000 0000 91716c54 eeb6a1e7: add_timer_randomness(.. 8388864) with jiffies: 8010174557488644610, cycles: 8010174553193971722
[    5.689851] random 0042 0000 0000 91716c54 eeb6a1e7: added 2 entropy credits to input
[    5.689873] RANDOM get_random_int call with cycles 44814741415, jiffies 4294672898 and pid 1
[    5.689876] RANDOM get_random_int call with cycles 44814748335, jiffies 4294672898 and pid 1
[    5.689878] ASLR stack rand value: 1835008 after shift for pid: 1
[    5.689880] RANDOM get_random_int call with cycles 44814756105, jiffies 4294672898 and pid 1
[    5.701488] random 0044 0000 0000 91716c54 eeb6a1e7: add_disk_randomness(8:0) 91716c54 eeb6a1e7
[    5.701491] random 0044 0000 0000 91716c54 eeb6a1e7: add_timer_randomness(.. 8388864) with jiffies: 8114937189319279117, cycles: 8114937185024606218
[    5.701494] random 0044 0000 0000 91716c54 eeb6a1e7: added 1 entropy credits to input
[    5.701504] RANDOM get_random_int call with cycles 44839108072, jiffies 4294672909 and pid 1
[    5.701507] random 0045 0000 0000 91716c54 eeb6a1e7: rand_read_num 11 get_random_bytes(16): sig fffffcad 91716c54 eeb6a1e7
[    5.701510] random 0045 0000 0000 91716c54 eeb6a1e7: extract_entropy(.. 16 ..)
[    5.701512] random 0045 0000 0000 91716c54 eeb6a1e7: going to reseed nonblocking with 128 bits (128 of 0 requested)
[    5.701515] random 0045 0000 0000 91716c54 eeb6a1e7: extract_entropy(.. 16 ..)
[    5.701517] random 0045 0000 0000 91716c54 eeb6a1e7: trying to extract 128 bits from input
[    5.701519] random 0045 0000 0000 91716c54 eeb6a1e7: debiting 0 entropy credits from input
[    5.701521] random 0045 0000 0000 91716c54 eeb6a1e7: extract_entropy account returned: 0 
[    5.701524] random 0045 0000 0000 91716c54 eeb6a1e7: urand_change_num 47 xfer_secondary_pool(16): pool_sig fffffcad, data_sig 00000000, bytes_mixed 0 91716c54 eeb6a1e7
[    5.701527] random 0045 0000 0000 91716c54 eeb6a1e7: trying to extract 128 bits from nonblocking
[    5.701529] random 0045 0000 0000 91716c54 eeb6a1e7: debiting 128 entropy credits from nonblocking (unlimited)
[    5.701532] random 0045 0000 0000 91716c54 eeb6a1e7: extract_entropy account returned: 16 
[    5.701539] random 0045 0000 0000 91716c54 eeb6a1e7: urand_change_num 48 extract_buf: pool_sig fffffcad, data_sig ffffff19, bytes_mixed 20 91716c54 eeb6a1e7
[    5.701545] random 0045 0000 0000 fd637b06 6cf47bc1: urand_change_num 49 extract_buf: pool_sig fffffede, data_sig ffffffc1, bytes_mixed 20 fd637b06 6cf47bc1
[    5.702499] random 0045 0000 0000 fd637b06 6cf47bc1: add_disk_randomness(8:0) fd637b06 6cf47bc1
[    5.702502] random 0045 0000 0000 fd637b06 6cf47bc1: add_timer_randomness(.. 8388864) with jiffies: 8124029995862163982, cycles: 8124029991567491082
[    5.703640] random 0045 0000 0000 fd637b06 6cf47bc1: add_disk_randomness(8:0) fd637b06 6cf47bc1
[    5.703643] random 0045 0000 0000 fd637b06 6cf47bc1: add_timer_randomness(.. 8388864) with jiffies: 8134279316838777360, cycles: 8134279312544104458
[    5.704789] random 0045 0000 0000 fd637b06 6cf47bc1: add_disk_randomness(8:0) fd637b06 6cf47bc1
[    5.704792] random 0045 0000 0000 fd637b06 6cf47bc1: add_timer_randomness(.. 8388864) with jiffies: 8144625867285037585, cycles: 8144625862990364682
[    5.705673] random 0045 0000 0000 fd637b06 6cf47bc1: add_disk_randomness(8:0) fd637b06 6cf47bc1
[    5.705676] random 0045 0000 0000 fd637b06 6cf47bc1: add_timer_randomness(.. 8388864) with jiffies: 8152577170304893458, cycles: 8152577166010220554
[    5.714485] random 0045 0000 0000 fd637b06 6cf47bc1: add_disk_randomness(8:0) fd637b06 6cf47bc1
[    5.714488] random 0045 0000 0000 fd637b06 6cf47bc1: add_timer_randomness(.. 8388864) with jiffies: 8231864422662636058, cycles: 8231864418367963146
[    5.714490] random 0045 0000 0000 fd637b06 6cf47bc1: added 2 entropy credits to input
[    5.714691] random 0047 0000 0000 fd637b06 6cf47bc1: add_disk_randomness(8:0) fd637b06 6cf47bc1
[    5.714694] random 0047 0000 0000 fd637b06 6cf47bc1: add_timer_randomness(.. 8388864) with jiffies: 8233707002287325723, cycles: 8233706997992652810
[    5.724874] random 0047 0000 0000 fd637b06 6cf47bc1: add_disk_randomness(8:0) fd637b06 6cf47bc1
[    5.724877] random 0047 0000 0000 fd637b06 6cf47bc1: add_timer_randomness(.. 8388864) with jiffies: 8325322868073923109, cycles: 8325322863779250186
[    5.724879] random 0047 0000 0000 fd637b06 6cf47bc1: added 3 entropy credits to input
[    5.725310] random 0050 0000 0000 fd637b06 6cf47bc1: add_disk_randomness(8:0) fd637b06 6cf47bc1
[    5.725313] random 0050 0000 0000 fd637b06 6cf47bc1: add_timer_randomness(.. 8388864) with jiffies: 8329255340130140709, cycles: 8329255335835467786
[    5.735051] random 0050 0000 0000 fd637b06 6cf47bc1: add_disk_randomness(8:0) fd637b06 6cf47bc1
[    5.735054] random 0050 0000 0000 fd637b06 6cf47bc1: add_timer_randomness(.. 8388864) with jiffies: 8416893546509599279, cycles: 8416893542214926346
[    5.735057] random 0050 0000 0000 fd637b06 6cf47bc1: added 3 entropy credits to input
[    5.735109] RANDOM get_random_int call with cycles 44909499621, jiffies 4294672943 and pid 1
[    5.739660] random 0053 0000 0000 fd637b06 6cf47bc1: add_disk_randomness(8:0) fd637b06 6cf47bc1
[    5.739664] random 0053 0000 0000 fd637b06 6cf47bc1: add_timer_randomness(.. 8388864) with jiffies: 8458355782100681268, cycles: 8458355777806008330
[    5.739667] random 0053 0000 0000 fd637b06 6cf47bc1: added 2 entropy credits to input
[    5.752484] random 0055 0000 0000 fd637b06 6cf47bc1: add_disk_randomness(8:0) fd637b06 6cf47bc1
[    5.752487] random 0055 0000 0000 fd637b06 6cf47bc1: add_timer_randomness(.. 8388864) with jiffies: 8573742088552415808, cycles: 8573742084257742858
[    5.752490] random 0055 0000 0000 fd637b06 6cf47bc1: added 2 entropy credits to input
[    5.752630] random 0057 0000 0000 fd637b06 6cf47bc1: add_disk_randomness(8:0) fd637b06 6cf47bc1
[    5.752633] random 0057 0000 0000 fd637b06 6cf47bc1: add_timer_randomness(.. 8388864) with jiffies: 8575038764948881985, cycles: 8575038760654209034
[    5.754795] random 0057 0000 0000 fd637b06 6cf47bc1: add_disk_randomness(8:0) fd637b06 6cf47bc1
[    5.754798] random 0057 0000 0000 fd637b06 6cf47bc1: add_timer_randomness(.. 8388864) with jiffies: 8594521956374250051, cycles: 8594521952079577098
[    5.755035] random 0057 0000 0000 fd637b06 6cf47bc1: add_disk_randomness(8:0) fd637b06 6cf47bc1
[    5.755038] random 0057 0000 0000 fd637b06 6cf47bc1: add_timer_randomness(.. 8388864) with jiffies: 8596680125900882499, cycles: 8596680121606209546
[    5.755177] random 0057 0000 0000 fd637b06 6cf47bc1: add_disk_randomness(8:0) fd637b06 6cf47bc1
[    5.755180] random 0057 0000 0000 fd637b06 6cf47bc1: add_timer_randomness(.. 8388864) with jiffies: 8597960296738030147, cycles: 8597960292443357194
[    5.758343] random 0057 0000 0000 fd637b06 6cf47bc1: add_disk_randomness(8:0) fd637b06 6cf47bc1
[    5.758346] random 0057 0000 0000 fd637b06 6cf47bc1: add_timer_randomness(.. 8388864) with jiffies: 8626451507756892742, cycles: 8626451503462219786
[    5.758349] random 0057 0000 0000 fd637b06 6cf47bc1: added 1 entropy credits to input
[    5.760355] random 0058 0000 0000 fd637b06 6cf47bc1: add_disk_randomness(8:0) fd637b06 6cf47bc1
[    5.760358] random 0058 0000 0000 fd637b06 6cf47bc1: add_timer_randomness(.. 8388864) with jiffies: 8644549177092309576, cycles: 8644549172797636618
[    5.768186] random 0058 0000 0000 fd637b06 6cf47bc1: add_disk_randomness(8:0) fd637b06 6cf47bc1
[    5.768189] random 0058 0000 0000 fd637b06 6cf47bc1: add_timer_randomness(.. 8388864) with jiffies: 8715001174916039248, cycles: 8715001170621366282
[    5.768191] random 0058 0000 0000 fd637b06 6cf47bc1: added 2 entropy credits to input
[    5.768318] random 0060 0000 0000 fd637b06 6cf47bc1: add_disk_randomness(8:0) fd637b06 6cf47bc1
[    5.768321] random 0060 0000 0000 fd637b06 6cf47bc1: add_timer_randomness(.. 8388864) with jiffies: 8716193363348128336, cycles: 8716193359053455370
[    5.771885] random 0060 0000 0000 fd637b06 6cf47bc1: add_disk_randomness(8:0) fd637b06 6cf47bc1
[    5.771888] random 0060 0000 0000 fd637b06 6cf47bc1: add_timer_randomness(.. 8388864) with jiffies: 8748276605840491092, cycles: 8748276601545818122
[    5.771890] random 0060 0000 0000 fd637b06 6cf47bc1: added 2 entropy credits to input
[    5.776380] random 0062 0000 0000 fd637b06 6cf47bc1: add_disk_randomness(8:0) fd637b06 6cf47bc1
[    5.776383] random 0062 0000 0000 fd637b06 6cf47bc1: add_timer_randomness(.. 8388864) with jiffies: 8788729296483746392, cycles: 8788729292189073418
[    5.781960] random 0062 0000 0000 fd637b06 6cf47bc1: add_disk_randomness(8:0) fd637b06 6cf47bc1
[    5.781963] random 0062 0000 0000 fd637b06 6cf47bc1: add_timer_randomness(.. 8388864) with jiffies: 8838922479033090654, cycles: 8838922474738417674
[    5.781966] random 0062 0000 0000 fd637b06 6cf47bc1: added 1 entropy credits to input
[    5.788240] random 0063 0000 0000 fd637b06 6cf47bc1: add_disk_randomness(8:0) fd637b06 6cf47bc1
[    5.788243] random 0063 0000 0000 fd637b06 6cf47bc1: add_timer_randomness(.. 8388864) with jiffies: 8895424616352940644, cycles: 8895424612058267658
[    5.788256] random 0063 0000 0000 fd637b06 6cf47bc1: rand_read_num 12 get_random_bytes(16): sig 0000033b fd637b06 6cf47bc1
[    5.788258] random 0063 0000 0000 fd637b06 6cf47bc1: extract_entropy(.. 16 ..)
[    5.788261] random 0063 0000 0000 fd637b06 6cf47bc1: going to reseed nonblocking with 128 bits (128 of 0 requested)
[    5.788263] random 0063 0000 0000 fd637b06 6cf47bc1: extract_entropy(.. 16 ..)
[    5.788265] random 0063 0000 0000 fd637b06 6cf47bc1: trying to extract 128 bits from input
[    5.788268] random 0063 0000 0000 fd637b06 6cf47bc1: debiting 0 entropy credits from input
[    5.788270] random 0063 0000 0000 fd637b06 6cf47bc1: extract_entropy account returned: 0 
[    5.788273] random 0063 0000 0000 fd637b06 6cf47bc1: urand_change_num 50 xfer_secondary_pool(16): pool_sig 0000033b, data_sig 00000000, bytes_mixed 0 fd637b06 6cf47bc1
[    5.788276] random 0063 0000 0000 fd637b06 6cf47bc1: trying to extract 128 bits from nonblocking
[    5.788278] random 0063 0000 0000 fd637b06 6cf47bc1: debiting 128 entropy credits from nonblocking (unlimited)
[    5.788280] random 0063 0000 0000 fd637b06 6cf47bc1: extract_entropy account returned: 16 
[    5.788284] random 0063 0000 0000 fd637b06 6cf47bc1: urand_change_num 51 extract_buf: pool_sig 0000033b, data_sig 000000d8, bytes_mixed 20 fd637b06 6cf47bc1
[    5.788290] random 0063 0000 0000 0ec1f012 d4727ca8: urand_change_num 52 extract_buf: pool_sig fffffcf5, data_sig 00000016, bytes_mixed 20 0ec1f012 d4727ca8
[    5.794987] random 0063 0000 0000 45b1d0b1 845a73f7: add_disk_randomness(8:0) 45b1d0b1 845a73f7
[    5.794991] random 0063 0000 0000 45b1d0b1 845a73f7: add_timer_randomness(.. 8388864) with jiffies: 8956131432166294123, cycles: 8956131427871621130
[    5.802207] random 0063 0000 0000 45b1d0b1 845a73f7: add_disk_randomness(8:0) 45b1d0b1 845a73f7
[    5.802210] random 0063 0000 0000 45b1d0b1 845a73f7: add_timer_randomness(.. 8388864) with jiffies: 9021087705802179186, cycles: 9021087701507506186
[    5.810225] random 0063 0000 0000 45b1d0b1 845a73f7: add_disk_randomness(8:0) 45b1d0b1 845a73f7
[    5.810228] random 0063 0000 0000 45b1d0b1 845a73f7: add_timer_randomness(.. 8388864) with jiffies: 9093222098150326906, cycles: 9093222093855653898
[    5.819632] random 0063 0000 0000 45b1d0b1 845a73f7: add_disk_randomness(8:0) 45b1d0b1 845a73f7
[    5.819635] random 0063 0000 0000 45b1d0b1 845a73f7: add_timer_randomness(.. 8388864) with jiffies: 9177846732136612484, cycles: 9177846727841939466
[    5.822770] random 0063 0000 0000 45b1d0b1 845a73f7: add_disk_randomness(8:0) 45b1d0b1 845a73f7
[    5.822773] random 0063 0000 0000 45b1d0b1 845a73f7: add_timer_randomness(.. 8388864) with jiffies: 9206083685386519175, cycles: 9206083681091846154
[    5.822776] random 0063 0000 0000 45b1d0b1 845a73f7: added 1 entropy credits to input
[    5.837037] random 0064 0000 0000 45b1d0b1 845a73f7: add_disk_randomness(8:0) 45b1d0b1 845a73f7
[    5.837040] random 0064 0000 0000 45b1d0b1 845a73f7: add_timer_randomness(.. 8388864) with jiffies: 9334450890540286613, cycles: -9112293187463938038
[    5.837043] random 0064 0000 0000 45b1d0b1 845a73f7: added 3 entropy credits to input
[    5.842438] random 0067 0000 0000 45b1d0b1 845a73f7: add_disk_randomness(8:0) 45b1d0b1 845a73f7
[    5.842441] random 0067 0000 0000 45b1d0b1 845a73f7: add_timer_randomness(.. 8388864) with jiffies: 9383042222086914714, cycles: -9063701855917309942
[    5.842443] random 0067 0000 0000 45b1d0b1 845a73f7: added 2 entropy credits to input
[    5.847610] random 0069 0000 0000 45b1d0b1 845a73f7: add_disk_randomness(8:0) 45b1d0b1 845a73f7
[    5.847613] random 0069 0000 0000 45b1d0b1 845a73f7: add_timer_randomness(.. 8388864) with jiffies: 9429566793895871136, cycles: -9017177284108353526
[    5.855840] random 0069 0000 0000 45b1d0b1 845a73f7: add_disk_randomness(8:0) 45b1d0b1 845a73f7
[    5.855843] random 0069 0000 0000 45b1d0b1 845a73f7: add_timer_randomness(.. 8388864) with jiffies: 9503613030806291112, cycles: -8943131047197933558
[    5.865440] random 0069 0000 0000 45b1d0b1 845a73f7: add_disk_randomness(8:0) 45b1d0b1 845a73f7
[    5.865443] random 0069 0000 0000 45b1d0b1 845a73f7: add_timer_randomness(.. 8388864) with jiffies: 9589992304961880753, cycles: -8856751773042343926
[    5.884945] random 0069 0000 0000 45b1d0b1 845a73f7: add_disk_randomness(8:0) 45b1d0b1 845a73f7
[    5.884948] random 0069 0000 0000 45b1d0b1 845a73f7: add_timer_randomness(.. 8388864) with jiffies: 9765467596181439173, cycles: -8681276481822785526
[    5.884951] random 0069 0000 0000 45b1d0b1 845a73f7: added 3 entropy credits to input
[    5.898227] random 0072 0000 0000 45b1d0b1 845a73f7: add_disk_randomness(8:0) 45b1d0b1 845a73f7
[    5.898230] random 0072 0000 0000 45b1d0b1 845a73f7: add_timer_randomness(.. 8388864) with jiffies: 9884972132024943314, cycles: -8561771945979281398
[    5.898233] random 0072 0000 0000 45b1d0b1 845a73f7: added 2 entropy credits to input
[    5.906246] random 0074 0000 0000 45b1d0b1 845a73f7: add_disk_randomness(8:0) 45b1d0b1 845a73f7
[    5.906249] random 0074 0000 0000 45b1d0b1 845a73f7: add_timer_randomness(.. 8388864) with jiffies: 9957120951168238298, cycles: -8489623126835986422
[    5.906252] random 0074 0000 0000 45b1d0b1 845a73f7: added 1 entropy credits to input
[    5.916261] random 0075 0000 0000 45b1d0b1 845a73f7: add_disk_randomness(8:0) 45b1d0b1 845a73f7
[    5.916264] random 0075 0000 0000 45b1d0b1 845a73f7: add_timer_randomness(.. 8388864) with jiffies: 10047217631187665636, cycles: -8399526446816559094
[    5.916266] random 0075 0000 0000 45b1d0b1 845a73f7: added 1 entropy credits to input
[    5.929147] random 0076 0000 0000 45b1d0b1 845a73f7: add_disk_randomness(8:0) 45b1d0b1 845a73f7
[    5.929150] random 0076 0000 0000 45b1d0b1 845a73f7: add_timer_randomness(.. 8388864) with jiffies: 10163150875954742001, cycles: -8283593202049482742
[    5.936503] random 0076 0000 0000 45b1d0b1 845a73f7: add_disk_randomness(8:0) 45b1d0b1 845a73f7
[    5.936506] random 0076 0000 0000 45b1d0b1 845a73f7: add_timer_randomness(.. 8388864) with jiffies: 10229340243291243256, cycles: -8217403834712981494
[    5.936509] random 0076 0000 0000 45b1d0b1 845a73f7: added 2 entropy credits to input
[    5.941750] random 0078 0000 0000 45b1d0b1 845a73f7: add_disk_randomness(8:0) 45b1d0b1 845a73f7
[    5.941753] random 0078 0000 0000 45b1d0b1 845a73f7: add_timer_randomness(.. 8388864) with jiffies: 10276536852927972094, cycles: -8170207225076252662
[    5.948192] random 0078 0000 0000 45b1d0b1 845a73f7: add_disk_randomness(8:0) 45b1d0b1 845a73f7
[    5.948195] random 0078 0000 0000 45b1d0b1 845a73f7: add_timer_randomness(.. 8388864) with jiffies: 10334503294922883844, cycles: -8112240783081340918
[    5.953244] random 0078 0000 0000 45b1d0b1 845a73f7: add_disk_randomness(8:0) 45b1d0b1 845a73f7
[    5.953247] random 0078 0000 0000 45b1d0b1 845a73f7: add_timer_randomness(.. 8388864) with jiffies: 10379954464210256649, cycles: -8066789613793968118
[    5.959145] random 0078 0000 0000 45b1d0b1 845a73f7: add_disk_randomness(8:0) 45b1d0b1 845a73f7
[    5.959148] random 0078 0000 0000 45b1d0b1 845a73f7: add_timer_randomness(.. 8388864) with jiffies: 10433043648718013199, cycles: -8013700429286211574
[    5.968498] random 0078 0000 0000 45b1d0b1 845a73f7: add_disk_randomness(8:0) 45b1d0b1 845a73f7
[    5.968500] random 0078 0000 0000 45b1d0b1 845a73f7: add_timer_randomness(.. 8388864) with jiffies: 10517191695953265432, cycles: -7929552382050959350
[    5.968503] random 0078 0000 0000 45b1d0b1 845a73f7: added 1 entropy credits to input
[    5.973376] random 0079 0000 0000 45b1d0b1 845a73f7: add_disk_randomness(8:0) 45b1d0b1 845a73f7
[    5.973379] random 0079 0000 0000 45b1d0b1 845a73f7: add_timer_randomness(.. 8388864) with jiffies: 10561083358320493341, cycles: -7885660719683731446
[    5.973382] random 0079 0000 0000 45b1d0b1 845a73f7: added 2 entropy credits to input
[    5.980813] random 0081 0000 0000 45b1d0b1 845a73f7: add_disk_randomness(8:0) 45b1d0b1 845a73f7
[    5.980816] random 0081 0000 0000 45b1d0b1 845a73f7: add_timer_randomness(.. 8388864) with jiffies: 10627983096067883813, cycles: -7818760981936340982
[    5.980819] random 0081 0000 0000 45b1d0b1 845a73f7: added 1 entropy credits to input
[    5.987032] random 0082 0000 0000 45b1d0b1 845a73f7: add_disk_randomness(8:0) 45b1d0b1 845a73f7
[    5.987034] random 0082 0000 0000 45b1d0b1 845a73f7: add_timer_randomness(.. 8388864) with jiffies: 10683932750269612843, cycles: -7762811327734611958
[    5.987037] random 0082 0000 0000 45b1d0b1 845a73f7: added 1 entropy credits to input
[    5.987184] random 0083 0000 0000 45b1d0b1 845a73f7: add_disk_randomness(8:0) 45b1d0b1 845a73f7
[    5.987187] random 0083 0000 0000 45b1d0b1 845a73f7: add_timer_randomness(.. 8388864) with jiffies: 10685307041020085035, cycles: -7761437036984139766
[    6.001592] random 0083 0000 0000 45b1d0b1 845a73f7: add_disk_randomness(8:0) 45b1d0b1 845a73f7
[    6.001595] random 0083 0000 0000 45b1d0b1 845a73f7: add_timer_randomness(.. 8388864) with jiffies: 10814923978577773370, cycles: -7631820099426451446
[    6.001598] random 0083 0000 0000 45b1d0b1 845a73f7: added 3 entropy credits to input
[    6.009009] random 0086 0000 0000 45b1d0b1 845a73f7: add_disk_randomness(8:0) 45b1d0b1 845a73f7
[    6.009012] random 0086 0000 0000 45b1d0b1 845a73f7: add_timer_randomness(.. 8388864) with jiffies: 10881665515499782977, cycles: -7565078562504441846
[    6.009015] random 0086 0000 0000 45b1d0b1 845a73f7: added 2 entropy credits to input
[    6.018693] random 0088 0000 0000 45b1d0b1 845a73f7: add_disk_randomness(8:0) 45b1d0b1 845a73f7
[    6.018697] random 0088 0000 0000 45b1d0b1 845a73f7: add_timer_randomness(.. 8388864) with jiffies: 10968787720213332811, cycles: -7477956357790892022
[    6.018699] random 0088 0000 0000 45b1d0b1 845a73f7: added 1 entropy credits to input
[    6.029320] random 0089 0000 0000 45b1d0b1 845a73f7: add_disk_randomness(8:0) 45b1d0b1 845a73f7
[    6.029323] random 0089 0000 0000 45b1d0b1 845a73f7: add_timer_randomness(.. 8388864) with jiffies: 11064405915699217237, cycles: -7382338162305007606
[    6.041841] random 0089 0000 0000 45b1d0b1 845a73f7: add_disk_randomness(8:0) 45b1d0b1 845a73f7
[    6.041844] random 0089 0000 0000 45b1d0b1 845a73f7: add_timer_randomness(.. 8388864) with jiffies: 11177049005064160098, cycles: -7269695072940064758
[    6.041847] random 0089 0000 0000 45b1d0b1 845a73f7: added 1 entropy credits to input
[    6.043051] random 0090 0000 0000 45b1d0b1 845a73f7: add_disk_randomness(8:0) 45b1d0b1 845a73f7
[    6.043054] random 0090 0000 0000 45b1d0b1 845a73f7: add_timer_randomness(.. 8388864) with jiffies: 11187937850966115171, cycles: -7258806227038109686
[    6.047064] random 0090 0000 0000 45b1d0b1 845a73f7: add_disk_randomness(8:0) 45b1d0b1 845a73f7
[    6.047067] random 0090 0000 0000 45b1d0b1 845a73f7: add_timer_randomness(.. 8388864) with jiffies: 11224039250112250727, cycles: -7222704827891974134
[    6.047070] random 0090 0000 0000 45b1d0b1 845a73f7: added 1 entropy credits to input
[    6.056408] random 0091 0000 0000 45b1d0b1 845a73f7: add_disk_randomness(8:0) 45b1d0b1 845a73f7
[    6.056411] random 0091 0000 0000 45b1d0b1 845a73f7: add_timer_randomness(.. 8388864) with jiffies: 11308108647906378608, cycles: -7138635430097846262
[    6.056413] random 0091 0000 0000 45b1d0b1 845a73f7: added 1 entropy credits to input
[    6.056797] random 0092 0000 0000 45b1d0b1 845a73f7: add_disk_randomness(8:0) 45b1d0b1 845a73f7
[    6.056800] random 0092 0000 0000 45b1d0b1 845a73f7: add_timer_randomness(.. 8388864) with jiffies: 11311597995301766001, cycles: -7135146082702458870
[    6.072414] random 0092 0000 0000 45b1d0b1 845a73f7: add_disk_randomness(8:0) 45b1d0b1 845a73f7
[    6.072418] random 0092 0000 0000 45b1d0b1 845a73f7: add_timer_randomness(.. 8388864) with jiffies: 11452121005875233664, cycles: -6994623072128991222
[    6.072420] random 0092 0000 0000 45b1d0b1 845a73f7: added 3 entropy credits to input
[    6.074044] random 0095 0000 0000 45b1d0b1 845a73f7: add_disk_randomness(8:0) 45b1d0b1 845a73f7
[    6.074047] random 0095 0000 0000 45b1d0b1 845a73f7: add_timer_randomness(.. 8388864) with jiffies: 11466777448628847490, cycles: -6979966629375377398
[    6.074050] random 0095 0000 0000 45b1d0b1 845a73f7: added 1 entropy credits to input
[    6.074194] random 0096 0000 0000 45b1d0b1 845a73f7: add_disk_randomness(8:0) 45b1d0b1 845a73f7
[    6.074197] random 0096 0000 0000 45b1d0b1 845a73f7: add_timer_randomness(.. 8388864) with jiffies: 11468130543715713922, cycles: -6978613534288510966
[    6.085067] random 0096 0000 0000 45b1d0b1 845a73f7: add_disk_randomness(8:0) 45b1d0b1 845a73f7
[    6.085070] random 0096 0000 0000 45b1d0b1 845a73f7: add_timer_randomness(.. 8388864) with jiffies: 11565947539118850957, cycles: -6880796538885373942
[    6.085073] random 0096 0000 0000 45b1d0b1 845a73f7: added 3 entropy credits to input
[    6.085638] random 0099 0000 0000 45b1d0b1 845a73f7: add_disk_randomness(8:0) 45b1d0b1 845a73f7
[    6.085641] random 0099 0000 0000 45b1d0b1 845a73f7: add_timer_randomness(.. 8388864) with jiffies: 11571082073736971150, cycles: -6875662004267253750
[    6.090867] random 0099 0000 0000 45b1d0b1 845a73f7: add_disk_randomness(8:0) 45b1d0b1 845a73f7
[    6.090870] random 0099 0000 0000 45b1d0b1 845a73f7: add_timer_randomness(.. 8388864) with jiffies: 11618125851257439123, cycles: -6828618226746785782
[    6.090873] random 0099 0000 0000 45b1d0b1 845a73f7: added 2 entropy credits to input
[    6.092663] random 0101 0000 0000 45b1d0b1 845a73f7: add_disk_randomness(8:0) 45b1d0b1 845a73f7
[    6.092666] random 0101 0000 0000 45b1d0b1 845a73f7: add_timer_randomness(.. 8388864) with jiffies: 11634279021394232213, cycles: -6812465056609992694
[    6.092668] random 0101 0000 0000 45b1d0b1 845a73f7: added 1 entropy credits to input
[    6.102847] random 0102 0000 0000 45b1d0b1 845a73f7: add_disk_randomness(8:0) 45b1d0b1 845a73f7
[    6.102851] random 0102 0000 0000 45b1d0b1 845a73f7: add_timer_randomness(.. 8388864) with jiffies: 11725913961130591135, cycles: -6720830116873633782
[    6.102853] random 0102 0000 0000 45b1d0b1 845a73f7: added 3 entropy credits to input
[    6.116784] random 0105 0000 0000 45b1d0b1 845a73f7: add_disk_randomness(8:0) 45b1d0b1 845a73f7
[    6.116787] random 0105 0000 0000 45b1d0b1 845a73f7: add_timer_randomness(.. 8388864) with jiffies: 11851302907112293293, cycles: -6595441170891931638
[    6.116790] random 0105 0000 0000 45b1d0b1 845a73f7: added 2 entropy credits to input
[    6.129302] random 0107 0000 0000 45b1d0b1 845a73f7: add_disk_randomness(8:0) 45b1d0b1 845a73f7
