[    0.000000] random 0000 0000 0000 00000000 00000000: rand_read_num 1 get_random_bytes(8): sig 00000000 00000000 00000000
[    0.000000] random 0000 0000 0000 00000000 00000000: extract_entropy(.. 8 ..)
[    0.000000] random 0000 0000 0000 00000000 00000000: going to reseed nonblocking with 64 bits (64 of 0 requested)
[    0.000000] random 0000 0000 0000 00000000 00000000: extract_entropy(.. 8 ..)
[    0.000000] random 0000 0000 0000 00000000 00000000: trying to extract 64 bits from input
[    0.000000] random 0000 0000 0000 00000000 00000000: debiting 0 entropy credits from input
[    0.000000] random 0000 0000 0000 00000000 00000000: extract_entropy account returned: 0 
[    0.000000] random 0000 0000 0000 00000000 00000000: urand_change_num 1 xfer_secondary_pool(8): pool_sig 00000000, data_sig 00000000, bytes_mixed 0 00000000 00000000
[    0.000000] random 0000 0000 0000 00000000 00000000: trying to extract 64 bits from nonblocking
[    0.000000] random 0000 0000 0000 00000000 00000000: debiting 64 entropy credits from nonblocking (unlimited)
[    0.000000] random 0000 0000 0000 00000000 00000000: extract_entropy account returned: 8 
[    0.000000] random 0000 0000 0000 00000000 00000000: urand_change_num 2 extract_buf: pool_sig 00000000, data_sig fffffff9, bytes_mixed 20 00000000 00000000
[    0.000000] Linux version 2.6.32.57 (dcashman@dcashman-02) (gcc version 4.3.3 (GCC) ) #6 Thu May 30 09:02:12 PDT 2013
[    0.000000] KERNEL supported cpus:
[    0.000000]   Intel GenuineIntel
[    0.000000]   AMD AuthenticAMD
[    0.000000]   NSC Geode by NSC
[    0.000000]   Cyrix CyrixInstead
[    0.000000]   Centaur CentaurHauls
[    0.000000]   Transmeta GenuineTMx86
[    0.000000]   Transmeta TransmetaCPU
[    0.000000]   UMC UMC UMC UMC
[    0.000000] BIOS-provided physical RAM map:
[    0.000000]  BIOS-e820: 0000000000000000 - 000000000009d800 (usable)
[    0.000000]  BIOS-e820: 000000000009d800 - 00000000000a0000 (reserved)
[    0.000000]  BIOS-e820: 00000000000d2000 - 00000000000d4000 (reserved)
[    0.000000]  BIOS-e820: 00000000000e0000 - 0000000000100000 (reserved)
[    0.000000]  BIOS-e820: 0000000000100000 - 000000003d6b0000 (usable)
[    0.000000]  BIOS-e820: 000000003d6b0000 - 000000003d6cc000 (ACPI data)
[    0.000000]  BIOS-e820: 000000003d6cc000 - 000000003d700000 (ACPI NVS)
[    0.000000]  BIOS-e820: 000000003d700000 - 000000003e000000 (reserved)
[    0.000000]  BIOS-e820: 00000000f0000000 - 00000000f4000000 (reserved)
[    0.000000]  BIOS-e820: 00000000fec00000 - 00000000fec10000 (reserved)
[    0.000000]  BIOS-e820: 00000000fed00000 - 00000000fed00400 (reserved)
[    0.000000]  BIOS-e820: 00000000fed14000 - 00000000fed1a000 (reserved)
[    0.000000]  BIOS-e820: 00000000fed1c000 - 00000000fed90000 (reserved)
[    0.000000]  BIOS-e820: 00000000fee00000 - 00000000fee01000 (reserved)
[    0.000000]  BIOS-e820: 00000000ff000000 - 0000000100000000 (reserved)
[    0.000000] DMI present.
[    0.000000] last_pfn = 0x3d6b0 max_arch_pfn = 0x100000
[    0.000000] MTRR default type: uncachable
[    0.000000] MTRR fixed ranges enabled:
[    0.000000]   00000-9FFFF write-back
[    0.000000]   A0000-BFFFF uncachable
[    0.000000]   C0000-CFFFF write-protect
[    0.000000]   D0000-DFFFF uncachable
[    0.000000]   E0000-FFFFF write-protect
[    0.000000] MTRR variable ranges enabled:
[    0.000000]   0 base 03E000000 mask FFE000000 uncachable
[    0.000000]   1 base 000000000 mask FC0000000 write-back
[    0.000000]   2 base 03D700000 mask FFFF00000 uncachable
[    0.000000]   3 base 03D800000 mask FFF800000 uncachable
[    0.000000]   4 disabled
[    0.000000]   5 disabled
[    0.000000]   6 disabled
[    0.000000]   7 disabled
[    0.000000] initial memory mapped : 0 - 02000000
[    0.000000] init_memory_mapping: 0000000000000000-00000000377fe000
[    0.000000]  0000000000 - 0000400000 page 4k
[    0.000000]  0000400000 - 0037400000 page 2M
[    0.000000]  0037400000 - 00377fe000 page 4k
[    0.000000] kernel direct mapping tables up to 377fe000 @ 7000-c000
[    0.000000] ACPI: RSDP 000f68d0 00024 (v02 LENOVO)
[    0.000000] ACPI: XSDT 3d6bb77f 00094 (v01 LENOVO TP-7L    00002170  LTP 00000000)
[    0.000000] ACPI: FACP 3d6bb900 000F4 (v03 LENOVO TP-7L    00002170 LNVO 00000001)
[    0.000000] ACPI Warning: 32/64X length mismatch in Gpe1Block: 0/32 (20090903/tbfadt-526)
[    0.000000] ACPI Warning: Optional field Gpe1Block has zero address or length: 000000000000102C/0 (20090903/tbfadt-557)
[    0.000000] ACPI: DSDT 3d6bbd1d 0FED1 (v01 LENOVO TP-7L    00002170 MSFT 03000000)
[    0.000000] ACPI: FACS 3d6e4000 00040
[    0.000000] ACPI: SSDT 3d6bbab4 00269 (v01 LENOVO TP-7L    00002170 MSFT 03000000)
[    0.000000] ACPI: ECDT 3d6cbbee 00052 (v01 LENOVO TP-7L    00002170 LNVO 00000001)
[    0.000000] ACPI: TCPA 3d6cbc40 00032 (v02 LENOVO TP-7L    00002170 LNVO 00000001)
[    0.000000] ACPI: APIC 3d6cbc72 00068 (v01 LENOVO TP-7L    00002170 LNVO 00000001)
[    0.000000] ACPI: MCFG 3d6cbcda 0003C (v01 LENOVO TP-7L    00002170 LNVO 00000001)
[    0.000000] ACPI: HPET 3d6cbd16 00038 (v01 LENOVO TP-7L    00002170 LNVO 00000001)
[    0.000000] ACPI: SLIC 3d6cbdf0 00176 (v01 LENOVO TP-7L    00002170  LTP 00000000)
[    0.000000] ACPI: BOOT 3d6cbf66 00028 (v01 LENOVO TP-7L    00002170  LTP 00000001)
[    0.000000] ACPI: ASF! 3d6cbf8e 00072 (v16 LENOVO TP-7L    00002170 PTL  00000001)
[    0.000000] ACPI: SSDT 3d6e26d9 0025F (v01 LENOVO TP-7L    00002170 INTL 20050513)
[    0.000000] ACPI: SSDT 3d6e2938 000A6 (v01 LENOVO TP-7L    00002170 INTL 20050513)
[    0.000000] ACPI: SSDT 3d6e29de 004F7 (v01 LENOVO TP-7L    00002170 INTL 20050513)
[    0.000000] ACPI: SSDT 3d6e2ed5 001D8 (v01 LENOVO TP-7L    00002170 INTL 20050513)
[    0.000000] ACPI: DMI detected: Lenovo ThinkPad R61
[    0.000000] ACPI: Added _OSI(Linux)
[    0.000000] ACPI: Local APIC address 0xfee00000
[    0.000000] 94MB HIGHMEM available.
[    0.000000] 887MB LOWMEM available.
[    0.000000]   mapped low ram: 0 - 377fe000
[    0.000000]   low ram: 0 - 377fe000
[    0.000000]   node 0 low ram: 00000000 - 377fe000
[    0.000000]   node 0 bootmap 00008000 - 0000ef00
[    0.000000] (6 early reservations) ==> bootmem [0000000000 - 00377fe000]
[    0.000000]   #0 [0000000000 - 0000001000]   BIOS data page ==> [0000000000 - 0000001000]
[    0.000000]   #1 [0001000000 - 0001bdc180]    TEXT DATA BSS ==> [0001000000 - 0001bdc180]
[    0.000000]   #2 [000009d800 - 0000100000]    BIOS reserved ==> [000009d800 - 0000100000]
[    0.000000]   #3 [0001bdd000 - 0001be516c]              BRK ==> [0001bdd000 - 0001be516c]
[    0.000000]   #4 [0000007000 - 0000008000]          PGTABLE ==> [0000007000 - 0000008000]
[    0.000000]   #5 [0000008000 - 000000f000]          BOOTMAP ==> [0000008000 - 000000f000]
[    0.000000] found SMP MP-table at [c00f6900] f6900
[    0.000000] Zone PFN ranges:
[    0.000000]   DMA      0x00000000 -> 0x00001000
[    0.000000]   Normal   0x00001000 -> 0x000377fe
[    0.000000]   HighMem  0x000377fe -> 0x0003d6b0
[    0.000000] Movable zone start PFN for each node
[    0.000000] early_node_map[2] active PFN ranges
[    0.000000]     0: 0x00000000 -> 0x0000009d
[    0.000000]     0: 0x00000100 -> 0x0003d6b0
[    0.000000] On node 0 totalpages: 251469
[    0.000000] free_area_init_node: node 0, pgdat c1901ea0, node_mem_map c1be7000
[    0.000000]   DMA zone: 32 pages used for memmap
[    0.000000]   DMA zone: 0 pages reserved
[    0.000000]   DMA zone: 3965 pages, LIFO batch:0
[    0.000000]   Normal zone: 1744 pages used for memmap
[    0.000000]   Normal zone: 221486 pages, LIFO batch:31
[    0.000000]   HighMem zone: 190 pages used for memmap
[    0.000000]   HighMem zone: 24052 pages, LIFO batch:3
[    0.000000] Using APIC driver default
[    0.000000] ACPI: PM-Timer IO Port: 0x1008
[    0.000000] ACPI: Local APIC address 0xfee00000
[    0.000000] ACPI: LAPIC (acpi_id[0x00] lapic_id[0x00] enabled)
[    0.000000] ACPI: LAPIC (acpi_id[0x01] lapic_id[0x01] enabled)
[    0.000000] ACPI: NR_CPUS/possible_cpus limit of 1 reached.  Processor 1/0x1 ignored.
[    0.000000] ACPI: LAPIC_NMI (acpi_id[0x00] high edge lint[0x1])
[    0.000000] ACPI: LAPIC_NMI (acpi_id[0x01] high edge lint[0x1])
[    0.000000] ACPI: IOAPIC (id[0x01] address[0xfec00000] gsi_base[0])
[    0.000000] IOAPIC[0]: apic_id 1, version 32, address 0xfec00000, GSI 0-23
[    0.000000] ACPI: INT_SRC_OVR (bus 0 bus_irq 0 global_irq 2 dfl dfl)
[    0.000000] ACPI: INT_SRC_OVR (bus 0 bus_irq 9 global_irq 9 high level)
[    0.000000] ACPI: IRQ0 used by override.
[    0.000000] ACPI: IRQ2 used by override.
[    0.000000] ACPI: IRQ9 used by override.
[    0.000000] Using ACPI (MADT) for SMP configuration information
[    0.000000] ACPI: HPET id: 0x8086a201 base: 0xfed00000
[    0.000000] nr_irqs_gsi: 24
[    0.000000] PM: Registered nosave memory: 000000000009d000 - 000000000009e000
[    0.000000] PM: Registered nosave memory: 000000000009e000 - 00000000000a0000
[    0.000000] PM: Registered nosave memory: 00000000000a0000 - 00000000000d2000
[    0.000000] PM: Registered nosave memory: 00000000000d2000 - 00000000000d4000
[    0.000000] PM: Registered nosave memory: 00000000000d4000 - 00000000000e0000
[    0.000000] PM: Registered nosave memory: 00000000000e0000 - 0000000000100000
[    0.000000] Allocating PCI resources starting at 3e000000 (gap: 3e000000:b2000000)
[    0.000000] Built 1 zonelists in Zone order, mobility grouping on.  Total pages: 249503
[    0.000000] Kernel command line: auto BOOT_IMAGE=Linux ro root=802 vt.default_utf8=0 maxcpus=0
[    0.000000] PID hash table entries: 4096 (order: 2, 16384 bytes)
[    0.000000] Dentry cache hash table entries: 131072 (order: 7, 524288 bytes)
[    0.000000] Inode-cache hash table entries: 65536 (order: 6, 262144 bytes)
[    0.000000] Enabling fast FPU save and restore... done.
[    0.000000] Enabling unmasked SIMD FPU exception support... done.
[    0.000000] Initializing CPU#0
[    0.000000] Initializing HighMem for node 0 (000377fe:0003d6b0)
[    0.000000] Memory: 984800k/1006272k available (6915k kernel code, 20876k reserved, 2327k data, 448k init, 96968k highmem)
[    0.000000] virtual kernel memory layout:
[    0.000000]     fixmap  : 0xfffa3000 - 0xfffff000   ( 368 kB)
[    0.000000]     pkmap   : 0xff800000 - 0xffc00000   (4096 kB)
[    0.000000]     vmalloc : 0xf7ffe000 - 0xff7fe000   ( 120 MB)
[    0.000000]     lowmem  : 0xc0000000 - 0xf77fe000   ( 887 MB)
[    0.000000]       .init : 0xc1907000 - 0xc1977000   ( 448 kB)
[    0.000000]       .data : 0xc16c0d3f - 0xc1906c64   (2327 kB)
[    0.000000]       .text : 0xc1000000 - 0xc16c0d3f   (6915 kB)
[    0.000000] Checking if this processor honours the WP bit even in supervisor mode...Ok.
[    0.000000] SLUB: Genslabs=13, HWalign=64, Order=0-3, MinObjects=0, CPUs=1, Nodes=1
[    0.000000] Hierarchical RCU implementation.
[    0.000000] NR_IRQS:288
[    0.000000] Extended CMOS year: 2000
[    0.000000] Console: colour VGA+ 80x25
[    0.000000] console [tty0] enabled
[    0.000000] hpet clockevent registered
[    0.000000] Fast TSC calibration using PIT
[    0.000000] Detected 2095.015 MHz processor.
[    0.001002] Calibrating delay loop (skipped), value calculated using timer frequency.. 4190.03 BogoMIPS (lpj=2095015)
[    0.002009] Security Framework initialized
[    0.002096] Mount-cache hash table entries: 512
[    0.002241] CPU: L1 I cache: 32K, L1 D cache: 32K
[    0.002367] CPU: L2 cache: 3072K
[    0.002451] mce: CPU supports 6 MCE banks
[    0.002533] CPU0: Thermal monitoring enabled (TM2)
[    0.002615] using mwait in idle threads.
[    0.002695] CPU: Intel(R) Core(TM)2 Duo CPU     T8100  @ 2.10GHz stepping 06
[    0.002869] Checking 'hlt' instruction... OK.
[    0.006938] ACPI: Core revision 20090903
[    0.026013] RANDOM get_random_int first call with cycles 32586951505, jiffies 4294667322 and pid 0
[    0.026020] CANARY value: 199fa2cd for PID: 1
[    0.026027] CANARY value: d01953a4 for PID: 2
[    0.026049] Enabling APIC mode:  Flat.  Using 1 I/O APICs
[    0.026498] ..TIMER: vector=0x30 apic1=0 pin1=2 apic2=-1 pin2=-1
[    0.036997] xor: automatically using best checksumming function: pIII_sse
[    0.040998]    pIII_sse  :  8568.000 MB/sec
[    0.041082] xor: using function: pIII_sse (8568.000 MB/sec)
[    0.041170] RANDOM - __seed init called.
[    0.041171] RANDOM - __seed init called.
[    0.041172] RANDOM - __seed init called.
[    0.041174] RANDOM - __random32 called. Change num 1.  Value: e6b75c0e	845fdb3c	4764ecc7
[    0.041175] RANDOM - __random32 called. Change num 2.  Value: 75c0e1a6	45fdb3ca	d98f8871
[    0.041177] RANDOM - __random32 called. Change num 3.  Value: e1a6d3e	5fdb3ca9	10e2be79
[    0.041179] RANDOM - __random32 called. Change num 4.  Value: a6d3e877	fdb3ca90	7cf2fee9
[    0.041181] RANDOM - __random32 called. Change num 5.  Value: 3e877b7b	db3ca905	fdd36ca1
[    0.041183] RANDOM - __random32 called. Change num 6.  Value: 77b7ba3d	b3ca905b	d9426901
[    0.041184] RANDOM - random32 init called.  Value: 77b7ba3d	b3ca905b	d9426901
[    0.041201] NET: Registered protocol family 16
[    0.041464] ACPI FADT declares the system doesn't support PCIe ASPM, so disable it
[    0.041595] ACPI: bus type pci registered
[    0.041758] PCI: MCFG configuration 0: base f0000000 segment 0 buses 0 - 63
[    0.041841] PCI: MCFG area at f0000000 reserved in E820
[    0.041925] PCI: Using MMCONFIG for extended config space
[    0.042002] PCI: Using configuration type 1 for base access
[    0.045105] bio: create slab <bio-0> at 0
[    0.045912] ACPI: EC: EC description table is found, configuring boot EC
[    0.051074] ACPI: BIOS _OSI(Linux) query honored via DMI
[    0.051790] random 0000 0000 0000 00000000 00000000: rand_read_num 2 get_random_bytes(8): sig fffffe1a 00000000 00000000
[    0.051793] random 0000 0000 0000 00000000 00000000: extract_entropy(.. 8 ..)
[    0.051795] random 0000 0000 0000 00000000 00000000: going to reseed nonblocking with 64 bits (64 of 0 requested)
[    0.051797] random 0000 0000 0000 00000000 00000000: extract_entropy(.. 8 ..)
[    0.051800] random 0000 0000 0000 00000000 00000000: trying to extract 64 bits from input
[    0.051802] random 0000 0000 0000 00000000 00000000: debiting 0 entropy credits from input
[    0.051804] random 0000 0000 0000 00000000 00000000: extract_entropy account returned: 0 
[    0.051834] random 0000 0000 0000 00000000 00000000: urand_change_num 3 xfer_secondary_pool(8): pool_sig fffffe1a, data_sig 00000000, bytes_mixed 0 00000000 00000000
[    0.051837] random 0000 0000 0000 00000000 00000000: trying to extract 64 bits from nonblocking
[    0.051839] random 0000 0000 0000 00000000 00000000: debiting 64 entropy credits from nonblocking (unlimited)
[    0.051841] random 0000 0000 0000 00000000 00000000: extract_entropy account returned: 8 
[    0.051846] random 0000 0000 0000 00000000 00000000: urand_change_num 4 extract_buf: pool_sig fffffe1a, data_sig fffffed7, bytes_mixed 20 00000000 00000000
[    0.056586] ACPI: Interpreter enabled
[    0.056668] ACPI: (supports S0 S3 S4 S5)
[    0.056964] ACPI: Using IOAPIC for interrupt routing
[    0.066395] ACPI: EC: GPE = 0x12, I/O: command/status = 0x66, data = 0x62
[    0.066664] ACPI: Power Resource [PUBS] (on)
[    0.068765] ACPI: ACPI Dock Station Driver: 3 docks/bays found
[    0.069176] ACPI: PCI Root Bridge [PCI0] (0000:00)
[    0.069338] pci 0000:00:02.0: reg 10 64bit mmio: [0xf8100000-0xf81fffff]
[    0.069344] pci 0000:00:02.0: reg 18 64bit mmio pref: [0xe0000000-0xefffffff]
[    0.069348] pci 0000:00:02.0: reg 20 io port: [0x1800-0x1807]
[    0.069383] pci 0000:00:02.1: reg 10 64bit mmio: [0xf8200000-0xf82fffff]
[    0.069485] pci 0000:00:19.0: reg 10 32bit mmio: [0xfe000000-0xfe01ffff]
[    0.069492] pci 0000:00:19.0: reg 14 32bit mmio: [0xfe025000-0xfe025fff]
[    0.069501] pci 0000:00:19.0: reg 18 io port: [0x1840-0x185f]
[    0.069571] pci 0000:00:19.0: PME# supported from D0 D3hot D3cold
[    0.069666] pci 0000:00:19.0: PME# disabled
[    0.069805] pci 0000:00:1a.0: reg 20 io port: [0x1860-0x187f]
[    0.069892] pci 0000:00:1a.1: reg 20 io port: [0x1880-0x189f]
[    0.069973] pci 0000:00:1a.7: reg 10 32bit mmio: [0xfe226c00-0xfe226fff]
[    0.070068] pci 0000:00:1a.7: PME# supported from D0 D3hot D3cold
[    0.070154] pci 0000:00:1a.7: PME# disabled
[    0.070285] pci 0000:00:1b.0: reg 10 64bit mmio: [0xfe020000-0xfe023fff]
[    0.070374] pci 0000:00:1b.0: PME# supported from D0 D3hot D3cold
[    0.070456] pci 0000:00:1b.0: PME# disabled
[    0.070650] pci 0000:00:1c.0: PME# supported from D0 D3hot D3cold
[    0.070739] pci 0000:00:1c.0: PME# disabled
[    0.070942] pci 0000:00:1c.1: PME# supported from D0 D3hot D3cold
[    0.070997] pci 0000:00:1c.1: PME# disabled
[    0.071197] pci 0000:00:1c.2: PME# supported from D0 D3hot D3cold
[    0.071292] pci 0000:00:1c.2: PME# disabled
[    0.071490] pci 0000:00:1c.3: PME# supported from D0 D3hot D3cold
[    0.071573] pci 0000:00:1c.3: PME# disabled
[    0.072115] pci 0000:00:1c.4: PME# supported from D0 D3hot D3cold
[    0.072208] pci 0000:00:1c.4: PME# disabled
[    0.072364] pci 0000:00:1d.0: reg 20 io port: [0x18a0-0x18bf]
[    0.072438] pci 0000:00:1d.1: reg 20 io port: [0x18c0-0x18df]
[    0.072518] pci 0000:00:1d.2: reg 20 io port: [0x18e0-0x18ff]
[    0.072618] pci 0000:00:1d.7: reg 10 32bit mmio: [0xfe227000-0xfe2273ff]
[    0.073075] pci 0000:00:1d.7: PME# supported from D0 D3hot D3cold
[    0.073163] pci 0000:00:1d.7: PME# disabled
[    0.073449] pci 0000:00:1f.0: quirk: region 1000-107f claimed by ICH6 ACPI/GPIO/TCO
[    0.073567] pci 0000:00:1f.0: quirk: region 1180-11bf claimed by ICH6 GPIO
[    0.073654] pci 0000:00:1f.0: ICH7 LPC Generic IO decode 1 PIO at 1600 (mask 007f)
[    0.073770] pci 0000:00:1f.0: ICH7 LPC Generic IO decode 2 PIO at 15e0 (mask 000f)
[    0.073891] pci 0000:00:1f.0: ICH7 LPC Generic IO decode 3 PIO at 1680 (mask 001f)
[    0.074079] pci 0000:00:1f.1: reg 10 io port: [0x00-0x07]
[    0.074086] pci 0000:00:1f.1: reg 14 io port: [0x00-0x03]
[    0.074095] pci 0000:00:1f.1: reg 18 io port: [0x00-0x07]
[    0.074104] pci 0000:00:1f.1: reg 1c io port: [0x00-0x03]
[    0.074113] pci 0000:00:1f.1: reg 20 io port: [0x1c00-0x1c0f]
[    0.074198] pci 0000:00:1f.2: reg 10 io port: [0x1c50-0x1c57]
[    0.074207] pci 0000:00:1f.2: reg 14 io port: [0x1c44-0x1c47]
[    0.074214] pci 0000:00:1f.2: reg 18 io port: [0x1c48-0x1c4f]
[    0.074223] pci 0000:00:1f.2: reg 1c io port: [0x1c40-0x1c43]
[    0.074231] pci 0000:00:1f.2: reg 20 io port: [0x1c20-0x1c3f]
[    0.074240] pci 0000:00:1f.2: reg 24 32bit mmio: [0xfe226000-0xfe2267ff]
[    0.074303] pci 0000:00:1f.2: PME# supported from D3hot
[    0.074389] pci 0000:00:1f.2: PME# disabled
[    0.074513] pci 0000:00:1f.3: reg 10 32bit mmio: [0xfe227400-0xfe2274ff]
[    0.074538] pci 0000:00:1f.3: reg 20 io port: [0x1c60-0x1c7f]
[    0.074626] pci 0000:00:1c.0: bridge io port: [0x2000-0x2fff]
[    0.074632] pci 0000:00:1c.0: bridge 32bit mmio: [0xfc000000-0xfdffffff]
[    0.074639] pci 0000:00:1c.0: bridge 64bit mmio pref: [0xf8000000-0xf80fffff]
[    0.074712] pci 0000:03:00.0: reg 10 64bit mmio: [0xdf3f0000-0xdf3fffff]
[    0.074907] pci 0000:00:1c.1: bridge io port: [0x3000-0x3fff]
[    0.074913] pci 0000:00:1c.1: bridge 32bit mmio: [0xdc000000-0xdf3fffff]
[    0.074921] pci 0000:00:1c.1: bridge 64bit mmio pref: [0xdfe00000-0xdfefffff]
[    0.074976] pci 0000:00:1c.2: bridge io port: [0x4000-0x4fff]
[    0.074999] pci 0000:00:1c.2: bridge 32bit mmio: [0xd8000000-0xd9ffffff]
[    0.075008] pci 0000:00:1c.2: bridge 64bit mmio pref: [0xdfb00000-0xdfbfffff]
[    0.075062] pci 0000:00:1c.3: bridge io port: [0x5000-0x5fff]
[    0.075068] pci 0000:00:1c.3: bridge 32bit mmio: [0xd4000000-0xd5ffffff]
[    0.075077] pci 0000:00:1c.3: bridge 64bit mmio pref: [0xdf800000-0xdf8fffff]
[    0.075139] pci 0000:00:1c.4: bridge io port: [0x6000-0x6fff]
[    0.075143] pci 0000:00:1c.4: bridge 32bit mmio: [0xd0000000-0xd1ffffff]
[    0.075150] pci 0000:00:1c.4: bridge 64bit mmio pref: [0xdf500000-0xdf5fffff]
[    0.075209] pci 0000:15:00.0: reg 10 32bit mmio: [0xf8300000-0xf8300fff]
[    0.075259] pci 0000:15:00.0: supports D1 D2
[    0.075261] pci 0000:15:00.0: PME# supported from D0 D1 D2 D3hot D3cold
[    0.075357] pci 0000:15:00.0: PME# disabled
[    0.075501] pci 0000:15:00.1: reg 10 32bit mmio: [0xf8301000-0xf83017ff]
[    0.075594] pci 0000:15:00.1: supports D1 D2
[    0.075596] pci 0000:15:00.1: PME# supported from D0 D1 D2 D3hot D3cold
[    0.075706] pci 0000:15:00.1: PME# disabled
[    0.075869] pci 0000:00:1e.0: transparent bridge
[    0.075959] pci 0000:00:1e.0: bridge io port: [0x7000-0xafff]
[    0.075965] pci 0000:00:1e.0: bridge 32bit mmio: [0xf8300000-0xfbffffff]
[    0.075972] pci 0000:00:1e.0: bridge 64bit mmio pref: [0xf4000000-0xf7ffffff]
[    0.076041] pci_bus 0000:00: on NUMA node 0
[    0.076044] ACPI: PCI Interrupt Routing Table [\_SB_.PCI0._PRT]
[    0.076178] ACPI: PCI Interrupt Routing Table [\_SB_.PCI0.EXP0._PRT]
[    0.076237] ACPI: PCI Interrupt Routing Table [\_SB_.PCI0.EXP1._PRT]
[    0.076295] ACPI: PCI Interrupt Routing Table [\_SB_.PCI0.EXP2._PRT]
[    0.076353] ACPI: PCI Interrupt Routing Table [\_SB_.PCI0.EXP3._PRT]
[    0.076416] ACPI: PCI Interrupt Routing Table [\_SB_.PCI0.EXP4._PRT]
[    0.076478] ACPI: PCI Interrupt Routing Table [\_SB_.PCI0.PCI1._PRT]
[    0.081938] ACPI: PCI Interrupt Link [LNKA] (IRQs 3 4 5 6 7 9 *10 11)
[    0.082681] ACPI: PCI Interrupt Link [LNKB] (IRQs 3 4 5 6 7 9 10 *11)
[    0.083437] ACPI: PCI Interrupt Link [LNKC] (IRQs 3 4 5 6 7 9 10 *11)
[    0.084158] ACPI: PCI Interrupt Link [LNKD] (IRQs 3 4 5 6 7 9 10 *11)
[    0.084899] ACPI: PCI Interrupt Link [LNKE] (IRQs 3 4 5 6 7 9 10 *11)
[    0.085622] ACPI: PCI Interrupt Link [LNKF] (IRQs 3 4 5 6 7 9 10 *11)
[    0.086329] ACPI: PCI Interrupt Link [LNKG] (IRQs 3 4 5 6 7 9 10 *11)
[    0.087118] ACPI: PCI Interrupt Link [LNKH] (IRQs 3 4 5 6 7 9 10 *11)
[    0.087836] vgaarb: device added: PCI:0000:00:02.0,decodes=io+mem,owns=io+mem,locks=none
[    0.087956] vgaarb: loaded
[    0.088091] SCSI subsystem initialized
[    0.088193] libata version 3.00 loaded.
[    0.088241] usbcore: registered new interface driver usbfs
[    0.088368] usbcore: registered new interface driver hub
[    0.088476] usbcore: registered new device driver usb
[    0.105038] raid6: int32x1    941 MB/s
[    0.121991] raid6: int32x2    886 MB/s
[    0.139068] raid6: int32x4    750 MB/s
[    0.155986] raid6: int32x8    656 MB/s
[    0.172994] raid6: mmxx1     2878 MB/s
[    0.189986] raid6: mmxx2     3253 MB/s
[    0.207002] raid6: sse1x1    1937 MB/s
[    0.224000] raid6: sse1x2    2535 MB/s
[    0.240983] raid6: sse2x1    3507 MB/s
[    0.257980] raid6: sse2x2    3824 MB/s
[    0.258058] raid6: using algorithm sse2x2 (3824 MB/s)
[    0.258159] PCI: Using ACPI for IRQ routing
[    0.258454] HPET: 3 timers in total, 0 timers will be used for per-cpu timer
[    0.258990] Switching to clocksource tsc
[    0.259084] pnp: PnP ACPI init
[    0.259166] ACPI: bus type pnp registered
[    0.262818] pnp: PnP ACPI: found 11 devices
[    0.262920] ACPI: ACPI bus type pnp unregistered
[    0.263005] system 00:00: iomem range 0x0-0x9ffff could not be reserved
[    0.263087] system 00:00: iomem range 0xc0000-0xc3fff could not be reserved
[    0.263173] system 00:00: iomem range 0xc4000-0xc7fff could not be reserved
[    0.263256] system 00:00: iomem range 0xc8000-0xcbfff has been reserved
[    0.263342] system 00:00: iomem range 0xcc000-0xcffff has been reserved
[    0.263436] system 00:00: iomem range 0xd0000-0xd3fff could not be reserved
[    0.263521] system 00:00: iomem range 0xe0000-0xe3fff could not be reserved
[    0.263611] system 00:00: iomem range 0xe4000-0xe7fff could not be reserved
[    0.263705] system 00:00: iomem range 0xe8000-0xebfff could not be reserved
[    0.263800] system 00:00: iomem range 0xec000-0xeffff could not be reserved
[    0.263890] system 00:00: iomem range 0xf0000-0xfffff could not be reserved
[    0.263972] system 00:00: iomem range 0x100000-0x3dffffff could not be reserved
[    0.264085] system 00:00: iomem range 0xfec00000-0xfed3ffff could not be reserved
[    0.264202] system 00:00: iomem range 0xfed4c000-0xffffffff could not be reserved
[    0.264318] system 00:02: ioport range 0x164e-0x164f has been reserved
[    0.264411] system 00:02: ioport range 0x1000-0x107f has been reserved
[    0.264492] system 00:02: ioport range 0x1180-0x11bf has been reserved
[    0.264575] system 00:02: ioport range 0x800-0x80f has been reserved
[    0.264662] system 00:02: ioport range 0x15e0-0x15ef has been reserved
[    0.264749] system 00:02: ioport range 0x1600-0x165f could not be reserved
[    0.264838] system 00:02: iomem range 0xf0000000-0xf3ffffff has been reserved
[    0.264923] system 00:02: iomem range 0xfed1c000-0xfed1ffff has been reserved
[    0.265009] system 00:02: iomem range 0xfed14000-0xfed17fff has been reserved
[    0.265094] system 00:02: iomem range 0xfed18000-0xfed18fff has been reserved
[    0.265184] system 00:02: iomem range 0xfed19000-0xfed19fff has been reserved
[    0.265273] system 00:02: iomem range 0xfed45000-0xfed4bfff has been reserved
[    0.300296] pci 0000:00:1c.0: PCI bridge, secondary bus 0000:02
[    0.300389] pci 0000:00:1c.0:   IO window: 0x2000-0x2fff
[    0.300479] pci 0000:00:1c.0:   MEM window: 0xfc000000-0xfdffffff
[    0.300569] pci 0000:00:1c.0:   PREFETCH window: 0x000000f8000000-0x000000f80fffff
[    0.300697] pci 0000:00:1c.1: PCI bridge, secondary bus 0000:03
[    0.300786] pci 0000:00:1c.1:   IO window: 0x3000-0x3fff
[    0.300882] pci 0000:00:1c.1:   MEM window: 0xdc000000-0xdf3fffff
[    0.300965] pci 0000:00:1c.1:   PREFETCH window: 0x000000dfe00000-0x000000dfefffff
[    0.301089] pci 0000:00:1c.2: PCI bridge, secondary bus 0000:04
[    0.301171] pci 0000:00:1c.2:   IO window: 0x4000-0x4fff
[    0.301256] pci 0000:00:1c.2:   MEM window: 0xd8000000-0xd9ffffff
[    0.301342] pci 0000:00:1c.2:   PREFETCH window: 0x000000dfb00000-0x000000dfbfffff
[    0.301458] pci 0000:00:1c.3: PCI bridge, secondary bus 0000:05
[    0.301544] pci 0000:00:1c.3:   IO window: 0x5000-0x5fff
[    0.301627] pci 0000:00:1c.3:   MEM window: 0xd4000000-0xd5ffffff
[    0.301713] pci 0000:00:1c.3:   PREFETCH window: 0x000000df800000-0x000000df8fffff
[    0.301829] pci 0000:00:1c.4: PCI bridge, secondary bus 0000:0d
[    0.301921] pci 0000:00:1c.4:   IO window: 0x6000-0x6fff
[    0.302007] pci 0000:00:1c.4:   MEM window: 0xd0000000-0xd1ffffff
[    0.302097] pci 0000:00:1c.4:   PREFETCH window: 0x000000df500000-0x000000df5fffff
[    0.302219] pci 0000:15:00.0: CardBus bridge, secondary bus 0000:16
[    0.302305] pci 0000:15:00.0:   IO window: 0x007000-0x0070ff
[    0.302388] pci 0000:15:00.0:   IO window: 0x007400-0x0074ff
[    0.302481] pci 0000:15:00.0:   PREFETCH window: 0xf4000000-0xf7ffffff
[    0.302574] pci 0000:15:00.0:   MEM window: 0x40000000-0x43ffffff
[    0.302673] pci 0000:00:1e.0: PCI bridge, secondary bus 0000:15
[    0.302759] pci 0000:00:1e.0:   IO window: 0x7000-0xafff
[    0.302846] pci 0000:00:1e.0:   MEM window: 0xf8300000-0xfbffffff
[    0.302936] pci 0000:00:1e.0:   PREFETCH window: 0x000000f4000000-0x000000f7ffffff
[    0.303076] pci 0000:00:1c.0: PCI INT A -> GSI 20 (level, low) -> IRQ 20
[    0.303167] pci 0000:00:1c.0: setting latency timer to 64
[    0.303181] pci 0000:00:1c.1: PCI INT B -> GSI 21 (level, low) -> IRQ 21
[    0.303263] pci 0000:00:1c.1: setting latency timer to 64
[    0.303277] pci 0000:00:1c.2: PCI INT C -> GSI 22 (level, low) -> IRQ 22
[    0.303359] pci 0000:00:1c.2: setting latency timer to 64
[    0.303373] pci 0000:00:1c.3: PCI INT D -> GSI 23 (level, low) -> IRQ 23
[    0.303463] pci 0000:00:1c.3: setting latency timer to 64
[    0.303478] pci 0000:00:1c.4: PCI INT A -> GSI 20 (level, low) -> IRQ 20
[    0.303566] pci 0000:00:1c.4: setting latency timer to 64
[    0.303573] pci 0000:00:1e.0: enabling device (0005 -> 0007)
[    0.303663] pci 0000:00:1e.0: setting latency timer to 64
[    0.303678] pci 0000:15:00.0: PCI INT A -> GSI 16 (level, low) -> IRQ 16
[    0.303763] pci 0000:15:00.0: setting latency timer to 64
[    0.303769] pci_bus 0000:00: resource 0 io:  [0x00-0xffff]
[    0.303771] pci_bus 0000:00: resource 1 mem: [0x000000-0xffffffff]
[    0.303773] pci_bus 0000:02: resource 0 io:  [0x2000-0x2fff]
[    0.303775] pci_bus 0000:02: resource 1 mem: [0xfc000000-0xfdffffff]
[    0.303777] pci_bus 0000:02: resource 2 pref mem [0xf8000000-0xf80fffff]
[    0.303779] pci_bus 0000:03: resource 0 io:  [0x3000-0x3fff]
[    0.303781] pci_bus 0000:03: resource 1 mem: [0xdc000000-0xdf3fffff]
[    0.303783] pci_bus 0000:03: resource 2 pref mem [0xdfe00000-0xdfefffff]
[    0.303785] pci_bus 0000:04: resource 0 io:  [0x4000-0x4fff]
[    0.303786] pci_bus 0000:04: resource 1 mem: [0xd8000000-0xd9ffffff]
[    0.303788] pci_bus 0000:04: resource 2 pref mem [0xdfb00000-0xdfbfffff]
[    0.303790] pci_bus 0000:05: resource 0 io:  [0x5000-0x5fff]
[    0.303792] pci_bus 0000:05: resource 1 mem: [0xd4000000-0xd5ffffff]
[    0.303794] pci_bus 0000:05: resource 2 pref mem [0xdf800000-0xdf8fffff]
[    0.303796] pci_bus 0000:0d: resource 0 io:  [0x6000-0x6fff]
[    0.303797] pci_bus 0000:0d: resource 1 mem: [0xd0000000-0xd1ffffff]
[    0.303799] pci_bus 0000:0d: resource 2 pref mem [0xdf500000-0xdf5fffff]
[    0.303801] pci_bus 0000:15: resource 0 io:  [0x7000-0xafff]
[    0.303803] pci_bus 0000:15: resource 1 mem: [0xf8300000-0xfbffffff]
[    0.303805] pci_bus 0000:15: resource 2 pref mem [0xf4000000-0xf7ffffff]
[    0.303807] pci_bus 0000:15: resource 3 io:  [0x00-0xffff]
[    0.303808] pci_bus 0000:15: resource 4 mem: [0x000000-0xffffffff]
[    0.303810] pci_bus 0000:16: resource 0 io:  [0x7000-0x70ff]
[    0.303812] pci_bus 0000:16: resource 1 io:  [0x7400-0x74ff]
[    0.303814] pci_bus 0000:16: resource 2 pref mem [0xf4000000-0xf7ffffff]
[    0.303816] pci_bus 0000:16: resource 3 mem: [0x40000000-0x43ffffff]
[    0.303823] NET: Registered protocol family 2
[    0.303912] RANDOM - __random32 called. Change num 7.  Value: 7ba3d01e	3ca905be	d2026a24
[    0.303914] RANDOM - random32 called.  Value: 7ba3d01e	3ca905be	d2026a24
[    0.303918] random 0000 0000 0000 5f8db4e5 4cfdf2a8: rand_read_num 3 get_random_bytes(4): sig fffffb64 5f8db4e5 4cfdf2a8
[    0.303921] random 0000 0000 0000 5f8db4e5 4cfdf2a8: extract_entropy(.. 4 ..)
[    0.303924] random 0000 0000 0000 5f8db4e5 4cfdf2a8: going to reseed nonblocking with 64 bits (32 of 0 requested)
[    0.303926] random 0000 0000 0000 5f8db4e5 4cfdf2a8: extract_entropy(.. 8 ..)
[    0.303928] random 0000 0000 0000 5f8db4e5 4cfdf2a8: trying to extract 64 bits from input
[    0.303930] random 0000 0000 0000 5f8db4e5 4cfdf2a8: debiting 0 entropy credits from input
[    0.303932] random 0000 0000 0000 5f8db4e5 4cfdf2a8: extract_entropy account returned: 0 
[    0.303935] random 0000 0000 0000 5f8db4e5 4cfdf2a8: urand_change_num 5 xfer_secondary_pool(4): pool_sig fffffb64, data_sig 00000000, bytes_mixed 0 5f8db4e5 4cfdf2a8
[    0.303938] random 0000 0000 0000 5f8db4e5 4cfdf2a8: trying to extract 32 bits from nonblocking
[    0.303940] random 0000 0000 0000 5f8db4e5 4cfdf2a8: debiting 32 entropy credits from nonblocking (unlimited)
[    0.303942] random 0000 0000 0000 5f8db4e5 4cfdf2a8: extract_entropy account returned: 4 
[    0.303947] random 0000 0000 0000 5f8db4e5 4cfdf2a8: urand_change_num 6 extract_buf: pool_sig fffffb64, data_sig 00000241, bytes_mixed 20 5f8db4e5 4cfdf2a8
[    0.303956] IP route cache hash table entries: 32768 (order: 5, 131072 bytes)
[    0.304079] RANDOM - __random32 called. Change num 8.  Value: 3d01e034	ca905be7	d4484227
[    0.304081] RANDOM - random32 called.  Value: 3d01e034	ca905be7	d4484227
[    0.304092] RANDOM - __random32 called. Change num 9.  Value: 1e034020	a905be70	844ec14a
[    0.304093] RANDOM - random32 called.  Value: 1e034020	a905be70	844ec14a
[    0.304095] RANDOM - __random32 called. Change num 10.  Value: 34020ec0	905be706	8294c719
[    0.304097] RANDOM - random32 called.  Value: 34020ec0	905be706	8294c719
[    0.304107] RANDOM - __random32 called. Change num 11.  Value: 20ec0ebb	5be7068	8e32c65f
[    0.304109] RANDOM - random32 called.  Value: 20ec0ebb	5be7068	8e32c65f
[    0.304118] TCP established hash table entries: 131072 (order: 8, 1048576 bytes)
[    0.304609] TCP bind hash table entries: 65536 (order: 6, 262144 bytes)
[    0.304786] TCP: Hash tables configured (established 131072 bind 65536)
[    0.304888] TCP reno registered
[    0.304987] NET: Registered protocol family 1
[    0.305110] RPC: Registered udp transport module.
[    0.305199] RPC: Registered tcp transport module.
[    0.305278] RPC: Registered tcp NFSv4.1 backchannel transport module.
[    0.305365] pci 0000:00:02.0: Boot video device
[    0.305582] Simple Boot Flag at 0x35 set to 0x1
[    0.306137] highmem bounce pool size: 64 pages
[    0.307628] VFS: Disk quotas dquot_6.5.2
[    0.307745] Dquot-cache hash table entries: 1024 (order 0, 4096 bytes)
[    0.308487] NTFS driver 2.1.29 [Flags: R/W].
[    0.308637] ROMFS MTD (C) 2007 Red Hat, Inc.
[    0.308844] JFS: nTxBlock = 7695, nTxLock = 61562
[    0.311276] SGI XFS with ACLs, security attributes, large block/inode numbers, no debug enabled
[    0.311760] SGI XFS Quota Management subsystem
[    0.312107] Slow work thread pool: Starting up
[    0.312200] Slow work thread pool: Ready
[    0.312292] GFS2 (built May 24 2013 02:47:17) installed
[    0.312376] msgmni has been set to 1734
[    0.312541] alg: No test for cipher_null (cipher_null-generic)
[    0.312644] alg: No test for ecb(cipher_null) (ecb-cipher_null)
[    0.312738] alg: No test for digest_null (digest_null-generic)
[    0.312828] alg: No test for compress_null (compress_null-generic)
[    0.313370] alg: No test for fcrypt (fcrypt-generic)
[    0.314774] alg: No test for stdrng (krng)
[    0.314868] async_tx: api initialized (async)
[    0.315013] Block layer SCSI generic (bsg) driver version 0.4 loaded (major 254)
[    0.315140] io scheduler noop registered
[    0.315219] io scheduler anticipatory registered
[    0.315305] io scheduler deadline registered
[    0.315428] io scheduler cfq registered (default)
[    0.315668] pcieport 0000:00:1c.0: irq 24 for MSI/MSI-X
[    0.315684] pcieport 0000:00:1c.0: setting latency timer to 64
[    0.315892] pcieport 0000:00:1c.1: irq 25 for MSI/MSI-X
[    0.315903] pcieport 0000:00:1c.1: setting latency timer to 64
[    0.316084] pcieport 0000:00:1c.2: irq 26 for MSI/MSI-X
[    0.316095] pcieport 0000:00:1c.2: setting latency timer to 64
[    0.316270] pcieport 0000:00:1c.3: irq 27 for MSI/MSI-X
[    0.316279] pcieport 0000:00:1c.3: setting latency timer to 64
[    0.316461] pcieport 0000:00:1c.4: irq 28 for MSI/MSI-X
[    0.316473] pcieport 0000:00:1c.4: setting latency timer to 64
[    0.316616] pci_hotplug: PCI Hot Plug PCI Core version: 0.5
[    0.316810] isapnp: Scanning for PnP cards...
[    0.677359] isapnp: No Plug & Play device found
[    0.677448] random 0000 0000 0000 5f8db4e5 4cfdf2a8: initializing
[    0.677450] RANDOM init_std_data for input now value: 1370003782677450998
[    0.677452] RANDOM init_std_data for blocking now value: 1370003782677452997
[    0.677454] RANDOM init_std_data for nonblocking now value: 1370003782677454787
[    0.697037] Serial: 8250/16550 driver, 4 ports, IRQ sharing enabled
[    3.707229] floppy0: no floppy controllers found
[    3.708160] brd: module loaded
[    3.708666] loop: module loaded
[    3.708743] Compaq SMART2 Driver (v 2.6.0)
[    3.708858] HP CISS Driver (v 3.6.20)
[    3.709095] input: Macintosh mouse button emulation as /devices/virtual/input/input0
[    3.709237] Uniform Multi-Platform E-IDE driver
[    3.709452] piix 0000:00:1f.1: IDE controller (0x8086:0x2850 rev 0x03)
[    3.709555] pci 0000:00:1f.1: PCI INT C -> GSI 16 (level, low) -> IRQ 16
[    3.709648] piix 0000:00:1f.1: IDE port disabled
[    3.709745] piix 0000:00:1f.1: not 100% native mode: will probe irqs later
[    3.709836]     ide0: BM-DMA at 0x1c00-0x1c07
[    3.709923] Probing IDE interface ide0...
[    4.381321] hda: HL-DT-ST DVDRAM GSA-U10N, ATAPI CD/DVD-ROM drive
[    4.688076] hda: host max PIO4 wanted PIO255(auto-tune) selected PIO4
[    4.688849] hda: UDMA/33 mode selected
[    4.689307] ide0 at 0x1f0-0x1f7,0x3f6 on irq 14
[    4.693194] ide-gd driver 1.18
[    4.693292] ide-cd driver 5.00
[    4.694683] random 0000 0000 0000 00000000 00000000: add_disk_randomness(0:0) 00000000 00000000
[    4.694687] random 0000 0000 0000 00000000 00000000: add_timer_randomness(.. 256) with jiffies: 17503610246675529335, cycles: -943133831328694263
[    4.694690] random 0000 0000 0000 00000000 00000000: added 11 entropy credits to input
[    4.694694] ide-cd: hda: ATAPI 24X DVD-ROM DVD-R/RAM CD-R/RW drive, 2048kB Cache
[    4.695087] Uniform CD-ROM driver Revision: 3.20
[    4.697958] random 0011 0000 0000 00000000 00000000: add_disk_randomness(0:0) 00000000 00000000
[    4.697961] random 0011 0000 0000 00000000 00000000: add_timer_randomness(.. 256) with jiffies: 17533080383820365434, cycles: -913663694183858167
[    4.697964] random 0011 0000 0000 00000000 00000000: added 1 entropy credits to input
[    4.697967] random 0012 0000 0000 00000000 00000000: add_disk_randomness(0:0) 00000000 00000000
[    4.697970] random 0012 0000 0000 00000000 00000000: add_timer_randomness(.. 256) with jiffies: 17533158041124044410, cycles: -913586036880179191
[    4.699957] random 0012 0000 0000 00000000 00000000: add_disk_randomness(0:0) 00000000 00000000
[    4.699960] random 0012 0000 0000 00000000 00000000: add_timer_randomness(.. 256) with jiffies: 17551065082630995580, cycles: -895678995373228023
[    4.699962] random 0012 0000 0000 00000000 00000000: added 1 entropy credits to input
[    4.699965] random 0013 0000 0000 00000000 00000000: add_disk_randomness(0:0) 00000000 00000000
[    4.699968] random 0013 0000 0000 00000000 00000000: add_timer_randomness(.. 256) with jiffies: 17551139991155605116, cycles: -895604086848618487
[    4.701953] random 0013 0000 0000 00000000 00000000: add_disk_randomness(0:0) 00000000 00000000
[    4.701956] random 0013 0000 0000 00000000 00000000: add_timer_randomness(.. 256) with jiffies: 17569025927193263742, cycles: -877718150810959863
[    4.701958] random 0013 0000 0000 00000000 00000000: added 1 entropy credits to input
[    4.701961] random 0014 0000 0000 00000000 00000000: add_disk_randomness(0:0) 00000000 00000000
[    4.701964] random 0014 0000 0000 00000000 00000000: add_timer_randomness(.. 256) with jiffies: 17569100474940620414, cycles: -877643603063603191
[    4.702238] Loading iSCSI transport class v2.0-870.
[    4.702522] rdac: device handler registered
[    4.702610] hp_sw: device handler registered
[    4.702692] emc: device handler registered
[    4.702775] alua: device handler registered
[    4.703763] Adaptec aacraid driver 1.1-5[2461]-ms
[    4.704175] scsi: <fdomain> Detection failed (no card)
[    4.704262] sym53c416.c: Version 1.0.0-ac
[    4.704360] qlogicfas: no cards were found, please specify I/O address and IRQ using iobase= and irq= options
[    4.704475] QLogic Fibre Channel HBA Driver: 8.03.01-k6
[    4.704684] iscsi: registered transport (qla4xxx)
[    4.704783] QLogic iSCSI HBA Driver
[    4.704860] Emulex LightPulse Fibre Channel SCSI driver 8.3.4
[    4.704956] Copyright(c) 2004-2009 Emulex.  All rights reserved.
[    4.727054] Failed initialization of WD-7000 SCSI card!
[    4.816129] DC390: clustering now enabled by default. If you get problems load
[    4.816243]        with "disable_clustering=1" and report to maintainers
[    4.816367] megaraid cmm: 2.20.2.7 (Release Date: Sun Jul 16 00:01:03 EST 2006)
[    4.816510] megaraid: 2.20.5.1 (Release Date: Thu Nov 16 15:32:35 EST 2006)
[    4.816613] megasas: 00.00.04.01 Thu July 24 11:41:51 PST 2008
[    4.816741] GDT-HA: Storage RAID Controller Driver. Version: 3.05
[    4.816891] 3ware Storage Controller device driver for Linux v1.26.02.002.
[    4.816992] 3ware 9000 Storage Controller device driver for Linux v2.26.02.012.
[    4.817147] nsp32: loading...
[    4.817244] ipr: IBM Power RAID SCSI Device Driver version: 2.4.3 (June 10, 2009)
[    4.817386] RocketRAID 3xxx/4xxx Controller driver v1.6 (090910)
[    4.817489] stex: Promise SuperTrak EX Driver version: 4.6.0000.3
[    4.817616] st: Version 20081215, fixed bufsize 32768, s/g segs 256
[    4.817795] ahci 0000:00:1f.2: version 3.0
[    4.817807] ahci 0000:00:1f.2: PCI INT B -> GSI 16 (level, low) -> IRQ 16
[    4.817930] ahci 0000:00:1f.2: irq 29 for MSI/MSI-X
[    4.817991] ahci 0000:00:1f.2: AHCI 0001.0100 32 slots 3 ports 1.5 Gbps 0x5 impl SATA mode
[    4.818119] ahci 0000:00:1f.2: flags: 64bit ncq sntf pm led clo pio slum part ccc 
[    4.818236] ahci 0000:00:1f.2: setting latency timer to 64
[    4.818376] scsi2 : ahci
[    4.818525] scsi3 : ahci
[    4.818657] scsi4 : ahci
[    4.818824] ata1: SATA max UDMA/133 abar m2048@0xfe226000 port 0xfe226100 irq 29
[    4.818937] ata2: DUMMY
[    4.819038] ata3: SATA max UDMA/133 abar m2048@0xfe226000 port 0xfe226200 irq 29
[    4.819639] I2O subsystem v1.325
[    4.819721] i2o: max drivers = 8
[    4.819867] I2O Configuration OSM v1.323
[    4.819968] I2O Bus Adapter OSM v1.317
[    4.820087] I2O Block Device OSM v1.325
[    4.820228] I2O SCSI Peripheral OSM v1.316
[    4.820324] I2O ProcFS OSM v1.316
[    4.820419] Fusion MPT base driver 3.04.12
[    4.820497] Copyright (c) 1999-2008 LSI Corporation
[    4.820578] Fusion MPT SPI Host driver 3.04.12
[    4.820678] Fusion MPT FC Host driver 3.04.12
[    4.820786] Fusion MPT SAS Host driver 3.04.12
[    4.820932] ohci1394 0000:15:00.1: PCI INT B -> GSI 17 (level, low) -> IRQ 17
[    4.821038] ohci1394 0000:15:00.1: setting latency timer to 64
[    4.875048] ohci1394: fw-host0: OHCI-1394 1.1 (PCI): IRQ=[17]  MMIO=[f8301000-f83017ff]  Max Packet=[2048]  IR/IT contexts=[4/4]
[    4.879312] ehci_hcd: USB 2.0 'Enhanced' Host Controller (EHCI) Driver
[    4.879623] ehci_hcd 0000:00:1a.7: power state changed by ACPI to D0
[    4.879862] ehci_hcd 0000:00:1a.7: power state changed by ACPI to D0
[    4.879956] ehci_hcd 0000:00:1a.7: PCI INT C -> GSI 22 (level, low) -> IRQ 22
[    4.880056] ehci_hcd 0000:00:1a.7: setting latency timer to 64
[    4.880062] ehci_hcd 0000:00:1a.7: EHCI Host Controller
[    4.880198] ehci_hcd 0000:00:1a.7: new USB bus registered, assigned bus number 1
[    4.884230] ehci_hcd 0000:00:1a.7: cache line size of 32 is not supported
[    4.884239] ehci_hcd 0000:00:1a.7: irq 22, io mem 0xfe226c00
[    4.894007] ehci_hcd 0000:00:1a.7: USB 2.0 started, EHCI 1.00
[    4.894104] usb usb1: New USB device found, idVendor=1d6b, idProduct=0002
[    4.894209] usb usb1: New USB device strings: Mfr=3, Product=2, SerialNumber=1
[    4.894325] usb usb1: Product: EHCI Host Controller
[    4.894404] usb usb1: Manufacturer: Linux 2.6.32.57 ehci_hcd
[    4.894487] usb usb1: SerialNumber: 0000:00:1a.7
[    4.894623] usb usb1: configuration #1 chosen from 1 choice
[    4.894733] hub 1-0:1.0: USB hub found
[    4.894819] hub 1-0:1.0: 4 ports detected
[    4.895112] ehci_hcd 0000:00:1d.7: power state changed by ACPI to D0
[    4.895344] ehci_hcd 0000:00:1d.7: power state changed by ACPI to D0
[    4.895438] ehci_hcd 0000:00:1d.7: PCI INT D -> GSI 19 (level, low) -> IRQ 19
[    4.895536] ehci_hcd 0000:00:1d.7: setting latency timer to 64
[    4.895540] ehci_hcd 0000:00:1d.7: EHCI Host Controller
[    4.895664] ehci_hcd 0000:00:1d.7: new USB bus registered, assigned bus number 2
[    4.895817] ehci_hcd 0000:00:1d.7: debug port 1
[    4.899793] ehci_hcd 0000:00:1d.7: cache line size of 32 is not supported
[    4.899800] ehci_hcd 0000:00:1d.7: irq 19, io mem 0xfe227000
[    4.910004] ehci_hcd 0000:00:1d.7: USB 2.0 started, EHCI 1.00
[    4.910092] usb usb2: New USB device found, idVendor=1d6b, idProduct=0002
[    4.910178] usb usb2: New USB device strings: Mfr=3, Product=2, SerialNumber=1
[    4.910291] usb usb2: Product: EHCI Host Controller
[    4.910374] usb usb2: Manufacturer: Linux 2.6.32.57 ehci_hcd
[    4.910459] usb usb2: SerialNumber: 0000:00:1d.7
[    4.910591] usb usb2: configuration #1 chosen from 1 choice
[    4.910713] hub 2-0:1.0: USB hub found
[    4.910799] hub 2-0:1.0: 6 ports detected
[    4.910981] 116x: driver isp116x-hcd, 03 Nov 2005
[    4.911080] ohci_hcd: USB 1.1 'Open' Host Controller (OHCI) Driver
[    4.911192] uhci_hcd: USB Universal Host Controller Interface driver
[    4.911293] uhci_hcd 0000:00:1a.0: PCI INT A -> GSI 20 (level, low) -> IRQ 20
[    4.911387] uhci_hcd 0000:00:1a.0: setting latency timer to 64
[    4.911392] uhci_hcd 0000:00:1a.0: UHCI Host Controller
[    4.911515] uhci_hcd 0000:00:1a.0: new USB bus registered, assigned bus number 3
[    4.911656] uhci_hcd 0000:00:1a.0: irq 20, io base 0x00001860
[    4.911768] usb usb3: New USB device found, idVendor=1d6b, idProduct=0001
[    4.911858] usb usb3: New USB device strings: Mfr=3, Product=2, SerialNumber=1
[    4.911972] usb usb3: Product: UHCI Host Controller
[    4.912072] usb usb3: Manufacturer: Linux 2.6.32.57 uhci_hcd
[    4.912162] usb usb3: SerialNumber: 0000:00:1a.0
[    4.912291] usb usb3: configuration #1 chosen from 1 choice
[    4.912411] hub 3-0:1.0: USB hub found
[    4.912497] hub 3-0:1.0: 2 ports detected
[    4.912782] uhci_hcd 0000:00:1a.1: power state changed by ACPI to D0
[    4.913028] uhci_hcd 0000:00:1a.1: power state changed by ACPI to D0
[    4.913114] uhci_hcd 0000:00:1a.1: PCI INT B -> GSI 21 (level, low) -> IRQ 21
[    4.913207] uhci_hcd 0000:00:1a.1: setting latency timer to 64
[    4.913212] uhci_hcd 0000:00:1a.1: UHCI Host Controller
[    4.913339] uhci_hcd 0000:00:1a.1: new USB bus registered, assigned bus number 4
[    4.913491] uhci_hcd 0000:00:1a.1: irq 21, io base 0x00001880
[    4.913597] usb usb4: New USB device found, idVendor=1d6b, idProduct=0001
[    4.913692] usb usb4: New USB device strings: Mfr=3, Product=2, SerialNumber=1
[    4.913804] usb usb4: Product: UHCI Host Controller
[    4.913882] usb usb4: Manufacturer: Linux 2.6.32.57 uhci_hcd
[    4.913962] usb usb4: SerialNumber: 0000:00:1a.1
[    4.914097] usb usb4: configuration #1 chosen from 1 choice
[    4.914214] hub 4-0:1.0: USB hub found
[    4.914295] hub 4-0:1.0: 2 ports detected
[    4.914636] uhci_hcd 0000:00:1d.0: power state changed by ACPI to D0
[    4.914872] uhci_hcd 0000:00:1d.0: power state changed by ACPI to D0
[    4.914956] uhci_hcd 0000:00:1d.0: PCI INT A -> GSI 16 (level, low) -> IRQ 16
[    4.915050] uhci_hcd 0000:00:1d.0: setting latency timer to 64
[    4.915055] uhci_hcd 0000:00:1d.0: UHCI Host Controller
[    4.915181] uhci_hcd 0000:00:1d.0: new USB bus registered, assigned bus number 5
[    4.915327] uhci_hcd 0000:00:1d.0: irq 16, io base 0x000018a0
[    4.915432] usb usb5: New USB device found, idVendor=1d6b, idProduct=0001
[    4.915526] usb usb5: New USB device strings: Mfr=3, Product=2, SerialNumber=1
[    4.915637] usb usb5: Product: UHCI Host Controller
[    4.915717] usb usb5: Manufacturer: Linux 2.6.32.57 uhci_hcd
[    4.915808] usb usb5: SerialNumber: 0000:00:1d.0
[    4.915942] usb usb5: configuration #1 chosen from 1 choice
[    4.916064] hub 5-0:1.0: USB hub found
[    4.916150] hub 5-0:1.0: 2 ports detected
[    4.916283] uhci_hcd 0000:00:1d.1: PCI INT B -> GSI 17 (level, low) -> IRQ 17
[    4.916377] uhci_hcd 0000:00:1d.1: setting latency timer to 64
[    4.916382] uhci_hcd 0000:00:1d.1: UHCI Host Controller
[    4.916499] uhci_hcd 0000:00:1d.1: new USB bus registered, assigned bus number 6
[    4.916636] uhci_hcd 0000:00:1d.1: irq 17, io base 0x000018c0
[    4.916751] usb usb6: New USB device found, idVendor=1d6b, idProduct=0001
[    4.916842] usb usb6: New USB device strings: Mfr=3, Product=2, SerialNumber=1
[    4.916953] usb usb6: Product: UHCI Host Controller
[    4.917051] usb usb6: Manufacturer: Linux 2.6.32.57 uhci_hcd
[    4.917139] usb usb6: SerialNumber: 0000:00:1d.1
[    4.917269] usb usb6: configuration #1 chosen from 1 choice
[    4.917376] hub 6-0:1.0: USB hub found
[    4.917462] hub 6-0:1.0: 2 ports detected
[    4.917759] uhci_hcd 0000:00:1d.2: power state changed by ACPI to D0
[    4.917984] uhci_hcd 0000:00:1d.2: power state changed by ACPI to D0
[    4.918079] uhci_hcd 0000:00:1d.2: PCI INT C -> GSI 18 (level, low) -> IRQ 18
[    4.918167] uhci_hcd 0000:00:1d.2: setting latency timer to 64
[    4.918172] uhci_hcd 0000:00:1d.2: UHCI Host Controller
[    4.918293] uhci_hcd 0000:00:1d.2: new USB bus registered, assigned bus number 7
[    4.918439] uhci_hcd 0000:00:1d.2: irq 18, io base 0x000018e0
[    4.918547] usb usb7: New USB device found, idVendor=1d6b, idProduct=0001
[    4.918639] usb usb7: New USB device strings: Mfr=3, Product=2, SerialNumber=1
[    4.918753] usb usb7: Product: UHCI Host Controller
[    4.918833] usb usb7: Manufacturer: Linux 2.6.32.57 uhci_hcd
[    4.918928] usb usb7: SerialNumber: 0000:00:1d.2
[    4.919723] usb usb7: configuration #1 chosen from 1 choice
[    4.919839] hub 7-0:1.0: USB hub found
[    4.919920] hub 7-0:1.0: 2 ports detected
[    4.920075] sl811: driver sl811-hcd, 19 May 2005
[    4.920178] r8a66597_hcd: driver r8a66597_hcd, 2009-05-26
[    4.920341] Initializing USB Mass Storage driver...
[    4.920465] usbcore: registered new interface driver usb-storage
[    4.920553] USB Mass Storage support registered.
[    4.920656] usbcore: registered new interface driver ums-alauda
[    4.920754] usbcore: registered new interface driver ums-cypress
[    4.920853] usbcore: registered new interface driver ums-datafab
[    4.920960] usbcore: registered new interface driver ums-freecom
[    4.921076] usbcore: registered new interface driver ums-isd200
[    4.921176] usbcore: registered new interface driver ums-jumpshot
[    4.921281] usbcore: registered new interface driver ums-karma
[    4.921384] usbcore: registered new interface driver ums-onetouch
[    4.921493] usbcore: registered new interface driver ums-sddr09
[    4.921603] usbcore: registered new interface driver ums-sddr55
[    4.921712] usbcore: registered new interface driver ums-usbat
[    4.921848] PNP: PS/2 Controller [PNP0303:KBD,PNP0f13:MOU] at 0x60,0x64 irq 1,12
[    4.930486] serio: i8042 KBD port at 0x60,0x64 irq 1
[    4.930567] serio: i8042 AUX port at 0x60,0x64 irq 12
[    4.930811] mice: PS/2 mouse device common for all mice
[    4.930920] i2c /dev entries driver
[    4.931049] md: linear personality registered for level -1
[    4.931131] md: raid0 personality registered for level 0
[    4.931220] md: raid1 personality registered for level 1
[    4.931302] md: raid10 personality registered for level 10
[    4.931380] md: raid6 personality registered for level 6
[    4.931466] md: raid5 personality registered for level 5
[    4.931552] md: raid4 personality registered for level 4
[    4.931645] md: multipath personality registered for level -4
[    4.931836] device-mapper: ioctl: 4.15.0-ioctl (2009-04-01) initialised: dm-devel@redhat.com
[    4.932036] cpuidle: using governor ladder
[    4.932630] usbcore: registered new interface driver usbhid
[    4.932712] usbhid: v2.6:USB HID core driver
[    4.932864] random 0014 0000 0000 00000000 00000000: rand_read_num 4 get_random_bytes(136): sig 00000000 00000000 00000000
[    4.932867] random 0014 0000 0000 00000000 00000000: extract_entropy(.. 136 ..)
[    4.932869] random 0014 0000 0000 00000000 00000000: going to reseed nonblocking with 1024 bits (1088 of 0 requested)
[    4.932872] random 0014 0000 0000 00000000 00000000: extract_entropy(.. 128 ..)
[    4.932874] random 0014 0000 0000 00000000 00000000: trying to extract 1024 bits from input
[    4.932876] random 0014 0000 0000 00000000 00000000: debiting 0 entropy credits from input
[    4.932878] random 0014 0000 0000 00000000 00000000: extract_entropy account returned: 0 
[    4.932881] random 0014 0000 0000 00000000 00000000: urand_change_num 7 xfer_secondary_pool(136): pool_sig 00000000, data_sig 00000000, bytes_mixed 0 00000000 00000000
[    4.932884] random 0014 0000 0000 00000000 00000000: trying to extract 1088 bits from nonblocking
[    4.932887] random 0014 0000 0000 00000000 00000000: debiting 1088 entropy credits from nonblocking (unlimited)
[    4.932889] random 0014 0000 0000 00000000 00000000: extract_entropy account returned: 136 
[    4.932893] random 0014 0000 0000 00000000 00000000: urand_change_num 8 extract_buf: pool_sig 00000000, data_sig fffffff9, bytes_mixed 20 00000000 00000000
[    4.932899] random 0014 0000 0000 b7c35b56 be4dc95d: urand_change_num 9 extract_buf: pool_sig fffffd1e, data_sig 000000c5, bytes_mixed 20 b7c35b56 be4dc95d
[    4.932904] random 0014 0000 0000 ed9f5c47 c48487fb: urand_change_num 10 extract_buf: pool_sig fffff8ec, data_sig ffffff68, bytes_mixed 20 ed9f5c47 c48487fb
[    4.932909] random 0014 0000 0000 ed9f5c47 c48487fb: urand_change_num 11 extract_buf: pool_sig fffffaed, data_sig 000001aa, bytes_mixed 20 ed9f5c47 c48487fb
[    4.932914] random 0014 0000 0000 1b4f7c0a 91bd6a48: urand_change_num 12 extract_buf: pool_sig fffffdd8, data_sig 00000064, bytes_mixed 20 1b4f7c0a 91bd6a48
[    4.932920] random 0014 0000 0000 a254b9bc 20e9a24f: urand_change_num 13 extract_buf: pool_sig fffffbe6, data_sig 000001dd, bytes_mixed 20 a254b9bc 20e9a24f
[    4.932925] random 0014 0000 0000 a254b9bc 20e9a24f: urand_change_num 14 extract_buf: pool_sig fffff940, data_sig fffffe20, bytes_mixed 20 a254b9bc 20e9a24f
[    4.932930] random 0014 0000 0000 2831a66b 5fa2a3ad: urand_change_num 15 extract_buf: pool_sig fffffbce, data_sig 0000007e, bytes_mixed 20 2831a66b 5fa2a3ad
[    4.932936] random 0014 0000 0000 2831a66b 5fa2a3ad: urand_change_num 16 extract_buf: pool_sig 000004df, data_sig fffffe8f, bytes_mixed 20 2831a66b 5fa2a3ad
[    4.932941] random 0014 0000 0000 d4512bfd c9a54e0b: urand_change_num 17 extract_buf: pool_sig 00000485, data_sig fffffe68, bytes_mixed 20 d4512bfd c9a54e0b
[    4.932946] random 0014 0000 0000 c7371be6 f9ffea11: urand_change_num 18 extract_buf: pool_sig 00000095, data_sig ffffffed, bytes_mixed 20 c7371be6 f9ffea11
[    4.932951] random 0014 0000 0000 c7371be6 f9ffea11: urand_change_num 19 extract_buf: pool_sig 000003a7, data_sig fffffefa, bytes_mixed 20 c7371be6 f9ffea11
[    4.932956] random 0014 0000 0000 8fb4b62c d1ddba54: urand_change_num 20 extract_buf: pool_sig 00000179, data_sig ffffff78, bytes_mixed 20 8fb4b62c d1ddba54
[    4.932962] random 0014 0000 0000 9ff19f9c c07a1d2a: urand_change_num 21 extract_buf: pool_sig fffffe88, data_sig 00000126, bytes_mixed 20 9ff19f9c c07a1d2a
[    4.932966] TCP cubic registered
[    4.933065] Initializing XFRM netlink socket
[    4.933152] NET: Registered protocol family 17
[    4.933241] Using IPI Shortcut mode
[    4.933324] random 0014 0000 0000 9ff19f9c c07a1d2a: rand_read_num 5 get_random_bytes(8): sig 0000031b 9ff19f9c c07a1d2a
[    4.933327] random 0014 0000 0000 9ff19f9c c07a1d2a: extract_entropy(.. 8 ..)
[    4.933329] random 0014 0000 0000 9ff19f9c c07a1d2a: going to reseed nonblocking with 64 bits (64 of 0 requested)
[    4.933331] random 0014 0000 0000 9ff19f9c c07a1d2a: extract_entropy(.. 8 ..)
[    4.933333] random 0014 0000 0000 9ff19f9c c07a1d2a: trying to extract 64 bits from input
[    4.933336] random 0014 0000 0000 9ff19f9c c07a1d2a: debiting 0 entropy credits from input
[    4.933338] random 0014 0000 0000 9ff19f9c c07a1d2a: extract_entropy account returned: 0 
[    4.933341] random 0014 0000 0000 9ff19f9c c07a1d2a: urand_change_num 22 xfer_secondary_pool(8): pool_sig 0000031b, data_sig 00000000, bytes_mixed 0 9ff19f9c c07a1d2a
[    4.933349] random 0014 0000 0000 9ff19f9c c07a1d2a: trying to extract 64 bits from nonblocking
[    4.933351] random 0014 0000 0000 9ff19f9c c07a1d2a: debiting 64 entropy credits from nonblocking (unlimited)
[    4.933353] random 0014 0000 0000 9ff19f9c c07a1d2a: extract_entropy account returned: 8 
[    4.933357] random 0014 0000 0000 9ff19f9c c07a1d2a: urand_change_num 23 extract_buf: pool_sig 0000031b, data_sig ffffffb3, bytes_mixed 20 9ff19f9c c07a1d2a
[    4.935739] input: AT Translated Set 2 keyboard as /devices/platform/i8042/serio0/input/input1
[    5.124975] ata3: SATA link down (SStatus 0 SControl 300)
[    5.125097] ata1: SATA link up 1.5 Gbps (SStatus 113 SControl 300)
[    5.127307] ata1.00: ACPI cmd ef/02:00:00:00:00:a0 (SET FEATURES) succeeded
[    5.127310] ata1.00: ACPI cmd f5/00:00:00:00:00:a0 (SECURITY FREEZE LOCK) filtered out
[    5.128701] ata1.00: ACPI cmd ef/5f:00:00:00:00:a0 (SET FEATURES) succeeded
[    5.128703] ata1.00: ACPI cmd ef/10:03:00:00:00:a0 (SET FEATURES) filtered out
[    5.130613] ata1.00: ATA-7: ST910021AS, 4.06, max UDMA/100
[    5.130698] ata1.00: 195371568 sectors, multi 16: LBA48 
[    5.132849] ata1.00: ACPI cmd ef/02:00:00:00:00:a0 (SET FEATURES) succeeded
[    5.132852] ata1.00: ACPI cmd f5/00:00:00:00:00:a0 (SECURITY FREEZE LOCK) filtered out
[    5.134243] ata1.00: ACPI cmd ef/5f:00:00:00:00:a0 (SET FEATURES) succeeded
[    5.134246] ata1.00: ACPI cmd ef/10:03:00:00:00:a0 (SET FEATURES) filtered out
[    5.136172] ata1.00: configured for UDMA/100
[    5.147023] scsi 2:0:0:0: Direct-Access     ATA      ST910021AS       4.06 PQ: 0 ANSI: 5
[    5.147295] sd 2:0:0:0: [sda] 195371568 512-byte logical blocks: (100 GB/93.1 GiB)
[    5.147443] sd 2:0:0:0: [sda] Write Protect is off
[    5.147530] sd 2:0:0:0: [sda] Mode Sense: 00 3a 00 00
[    5.147542] sd 2:0:0:0: [sda] Write cache: enabled, read cache: enabled, doesn't support DPO or FUA
[    5.147721]  sda:
[    5.562654] random 0014 0000 0000 277f73c3 42024bb9: add_disk_randomness(8:0) 277f73c3 42024bb9
[    5.562731] random 0014 0000 0000 277f73c3 42024bb9: add_timer_randomness(.. 8388864) with jiffies: 6867545645653918083, cycles: 6867545641359245322
[    5.562734] random 0014 0000 0000 277f73c3 42024bb9: added 11 entropy credits to input
[    5.562738]  sda1 sda2
[    5.563228] random 0025 0000 0000 277f73c3 42024bb9: add_disk_randomness(8:0) 277f73c3 42024bb9
[    5.563231] random 0025 0000 0000 277f73c3 42024bb9: add_timer_randomness(.. 8388864) with jiffies: 6872044357608505732, cycles: 6872044353313832970
[    5.563384] sd 2:0:0:0: [sda] Attached SCSI disk
[    5.563475] random 0025 0000 0000 277f73c3 42024bb9: rand_read_num 6 get_random_bytes(12): sig 000007e9 277f73c3 42024bb9
[    5.563478] random 0025 0000 0000 277f73c3 42024bb9: extract_entropy(.. 12 ..)
[    5.563480] random 0025 0000 0000 277f73c3 42024bb9: going to reseed nonblocking with 96 bits (96 of 0 requested)
[    5.563483] random 0025 0000 0000 277f73c3 42024bb9: extract_entropy(.. 12 ..)
[    5.563485] random 0025 0000 0000 277f73c3 42024bb9: trying to extract 96 bits from input
[    5.563487] random 0025 0000 0000 277f73c3 42024bb9: debiting 0 entropy credits from input
[    5.563489] random 0025 0000 0000 277f73c3 42024bb9: extract_entropy account returned: 0 
[    5.563492] random 0025 0000 0000 277f73c3 42024bb9: urand_change_num 24 xfer_secondary_pool(12): pool_sig 000007e9, data_sig 00000000, bytes_mixed 0 277f73c3 42024bb9
[    5.563495] random 0025 0000 0000 277f73c3 42024bb9: trying to extract 96 bits from nonblocking
[    5.563498] random 0025 0000 0000 277f73c3 42024bb9: debiting 96 entropy credits from nonblocking (unlimited)
[    5.563500] random 0025 0000 0000 277f73c3 42024bb9: extract_entropy account returned: 12 
[    5.563504] random 0025 0000 0000 277f73c3 42024bb9: urand_change_num 25 extract_buf: pool_sig 000007e9, data_sig 00000088, bytes_mixed 20 277f73c3 42024bb9
[    5.563510] random 0025 0000 0000 277f73c3 42024bb9: urand_change_num 26 extract_buf: pool_sig 00000498, data_sig fffffefb, bytes_mixed 20 277f73c3 42024bb9
[    5.563513] RANDOM - __seed init called.
[    5.563514] RANDOM - __seed init called.
[    5.563514] RANDOM - __seed init called.
[    5.563516] RANDOM - __random32 called. Change num 12.  Value: 87f14767	f0d7351	b1e48bd3
[    5.563518] RANDOM - random32_reseed called.  Value: 87f14767	f0d7351	b1e48bd3
[    5.563521] Pid: 1, comm: swapper Not tainted 2.6.32.57 #6
[    5.563601] Call Trace:
[    5.563685]  [<c1923ca4>] ? random32_reseed+0xa0/0xb1
[    5.563766]  [<c1923c04>] ? random32_reseed+0x0/0xb1
[    5.563849]  [<c100111e>] ? do_one_initcall+0x2e/0x180
[    5.563935]  [<c1907265>] ? kernel_init+0xad/0x103
[    5.564015]  [<c19071b8>] ? kernel_init+0x0/0x103
[    5.564108]  [<c1003787>] ? kernel_thread_helper+0x7/0x10
[    5.564650] random 0025 0000 0000 386b4e60 ee4d4880: rand_read_num 7 get_random_bytes(64): sig fffffea5 386b4e60 ee4d4880
[    5.564652] random 0025 0000 0000 386b4e60 ee4d4880: extract_entropy(.. 64 ..)
[    5.564655] random 0025 0000 0000 386b4e60 ee4d4880: going to reseed nonblocking with 512 bits (512 of 0 requested)
[    5.564657] random 0025 0000 0000 386b4e60 ee4d4880: extract_entropy(.. 64 ..)
[    5.564659] random 0025 0000 0000 386b4e60 ee4d4880: trying to extract 512 bits from input
[    5.564661] random 0025 0000 0000 386b4e60 ee4d4880: debiting 0 entropy credits from input
[    5.564663] random 0025 0000 0000 386b4e60 ee4d4880: extract_entropy account returned: 0 
[    5.564666] random 0025 0000 0000 386b4e60 ee4d4880: urand_change_num 27 xfer_secondary_pool(64): pool_sig fffffea5, data_sig 00000000, bytes_mixed 0 386b4e60 ee4d4880
[    5.564669] random 0025 0000 0000 386b4e60 ee4d4880: trying to extract 512 bits from nonblocking
[    5.564672] random 0025 0000 0000 386b4e60 ee4d4880: debiting 512 entropy credits from nonblocking (unlimited)
[    5.564674] random 0025 0000 0000 386b4e60 ee4d4880: extract_entropy account returned: 64 
[    5.564678] random 0025 0000 0000 386b4e60 ee4d4880: urand_change_num 28 extract_buf: pool_sig fffffea5, data_sig 00000173, bytes_mixed 20 386b4e60 ee4d4880
[    5.564684] random 0025 0000 0000 412698f6 0cc8689a: urand_change_num 29 extract_buf: pool_sig 00000122, data_sig ffffff63, bytes_mixed 20 412698f6 0cc8689a
[    5.564689] random 0025 0000 0000 412698f6 0cc8689a: urand_change_num 30 extract_buf: pool_sig 000001f7, data_sig 00000012, bytes_mixed 20 412698f6 0cc8689a
[    5.564694] random 0025 0000 0000 9669941e 06f768b1: urand_change_num 31 extract_buf: pool_sig fffffb5b, data_sig 0000003f, bytes_mixed 20 9669941e 06f768b1
[    5.564700] random 0025 0000 0000 98486520 995551f0: urand_change_num 32 extract_buf: pool_sig fffffb39, data_sig 0000000e, bytes_mixed 20 98486520 995551f0
[    5.564705] random 0025 0000 0000 98486520 995551f0: urand_change_num 33 extract_buf: pool_sig fffffd8d, data_sig 000001a6, bytes_mixed 20 98486520 995551f0
[    5.564710] random 0025 0000 0000 61fc8914 d5882ed2: urand_change_num 34 extract_buf: pool_sig fffffa58, data_sig 0000023e, bytes_mixed 20 61fc8914 d5882ed2
[    5.564741] random 0025 0000 0000 61fc8914 d5882ed2: rand_read_num 8 get_random_bytes(64): sig fffff9ee 61fc8914 d5882ed2
[    5.564743] random 0025 0000 0000 61fc8914 d5882ed2: extract_entropy(.. 64 ..)
[    5.564745] random 0025 0000 0000 61fc8914 d5882ed2: going to reseed nonblocking with 512 bits (512 of 0 requested)
[    5.564748] random 0025 0000 0000 61fc8914 d5882ed2: extract_entropy(.. 64 ..)
[    5.564750] random 0025 0000 0000 61fc8914 d5882ed2: trying to extract 512 bits from input
[    5.564752] random 0025 0000 0000 61fc8914 d5882ed2: debiting 0 entropy credits from input
[    5.564754] random 0025 0000 0000 61fc8914 d5882ed2: extract_entropy account returned: 0 
[    5.564757] random 0025 0000 0000 61fc8914 d5882ed2: urand_change_num 35 xfer_secondary_pool(64): pool_sig fffff9ee, data_sig 00000000, bytes_mixed 0 61fc8914 d5882ed2
[    5.564760] random 0025 0000 0000 61fc8914 d5882ed2: trying to extract 512 bits from nonblocking
[    5.564762] random 0025 0000 0000 61fc8914 d5882ed2: debiting 512 entropy credits from nonblocking (unlimited)
[    5.564765] random 0025 0000 0000 61fc8914 d5882ed2: extract_entropy account returned: 64 
[    5.564769] random 0025 0000 0000 61fc8914 d5882ed2: urand_change_num 36 extract_buf: pool_sig fffff9ee, data_sig ffffff85, bytes_mixed 20 61fc8914 d5882ed2
[    5.564774] random 0025 0000 0000 70cfd302 e5edec11: urand_change_num 37 extract_buf: pool_sig fffffdc1, data_sig ffffffde, bytes_mixed 20 70cfd302 e5edec11
[    5.564779] random 0025 0000 0000 00dab838 eafd2b30: urand_change_num 38 extract_buf: pool_sig 000003da, data_sig ffffff61, bytes_mixed 20 00dab838 eafd2b30
[    5.564785] random 0025 0000 0000 00dab838 eafd2b30: urand_change_num 39 extract_buf: pool_sig 00000314, data_sig 00000121, bytes_mixed 20 00dab838 eafd2b30
[    5.564790] random 0025 0000 0000 5fcdf66a 6442b608: urand_change_num 40 extract_buf: pool_sig 0000028b, data_sig fffffefd, bytes_mixed 20 5fcdf66a 6442b608
[    5.564795] random 0025 0000 0000 61333f6b 8fae0f9b: urand_change_num 41 extract_buf: pool_sig 000000cb, data_sig 000000b3, bytes_mixed 20 61333f6b 8fae0f9b
[    5.564801] random 0025 0000 0000 61333f6b 8fae0f9b: urand_change_num 42 extract_buf: pool_sig fffffef8, data_sig 00000051, bytes_mixed 20 61333f6b 8fae0f9b
[    5.564803] BEGIN NET_SECRET:
[    5.564804] \xffffffe0
[    5.564805] \xffffffb6
[    5.564806] \x36
[    5.564807] \xffffffb5
[    5.564808] \xffffff94
[    5.564809] \xffffffb2
[    5.564810] \xffffffa8
[    5.564810] \xffffffda
[    5.564811] \x5b
[    5.564812] \x19
[    5.564813] \x18
[    5.564813] \x5c
[    5.564814] \x2b
[    5.564815] \x1
[    5.564816] \xffffff90
[    5.564816] \x19
[    5.564817] \x3c
[    5.564818] \xfffffff2
[    5.564819] \xffffff82
[    5.564820] \x2a
[    5.564820] \xffffffb3
[    5.564821] \xffffffa2
[    5.564822] \x3f
[    5.564823] \x5
[    5.564823] \x52
[    5.564824] \x77
[    5.564825] \x57
[    5.564826] \x79
[    5.564826] \x16
[    5.564827] \x43
[    5.564828] \xffffff84
[    5.564829] \xffffffc3
[    5.564829] \xffffffe9
[    5.564830] \x79
[    5.564831] \x50
[    5.564832] \xffffff8e
[    5.564832] \x3f
[    5.564833] \xfffffff3
[    5.564834] \x19
[    5.564835] \x2a
[    5.564835] \xfffffffd
[    5.564836] \xfffffffb
[    5.564837] \x62
[    5.564838] \x3c
[    5.564839] \xffffffac
[    5.564839] \x1c
[    5.564840] \x3b
[    5.564841] \x3b
[    5.564841] \x15
[    5.564842] \x27
[    5.564843] \xffffffa8
[    5.564844] \x22
[    5.564844] \xffffffc5
[    5.564845] \xffffff9a
[    5.564846] \x5
[    5.564847] \x6c
[    5.564848] \xffffffa8
[    5.564848] \x3a
[    5.564849] \x44
[    5.564850] \xffffffaf
[    5.564851] \x13
[    5.564851] \xffffffe0
[    5.564852] \xffffff9d
[    5.564853] \x22
[    5.564854] 
[    5.564854] END NET_SECRET
[    5.564857] random 0025 0000 0000 e7f555d9 e8ce5c3c: rand_read_num 9 get_random_bytes(4): sig 0000068c e7f555d9 e8ce5c3c
[    5.564859] random 0025 0000 0000 e7f555d9 e8ce5c3c: extract_entropy(.. 4 ..)
[    5.564862] random 0025 0000 0000 e7f555d9 e8ce5c3c: going to reseed nonblocking with 64 bits (32 of 0 requested)
[    5.564864] random 0025 0000 0000 e7f555d9 e8ce5c3c: extract_entropy(.. 8 ..)
[    5.564866] random 0025 0000 0000 e7f555d9 e8ce5c3c: trying to extract 64 bits from input
[    5.564868] random 0025 0000 0000 e7f555d9 e8ce5c3c: debiting 0 entropy credits from input
[    5.564870] random 0025 0000 0000 e7f555d9 e8ce5c3c: extract_entropy account returned: 0 
[    5.564873] random 0025 0000 0000 e7f555d9 e8ce5c3c: urand_change_num 43 xfer_secondary_pool(4): pool_sig 0000068c, data_sig 00000000, bytes_mixed 0 e7f555d9 e8ce5c3c
[    5.564879] random 0025 0000 0000 e7f555d9 e8ce5c3c: trying to extract 32 bits from nonblocking
[    5.564882] random 0025 0000 0000 e7f555d9 e8ce5c3c: debiting 32 entropy credits from nonblocking (unlimited)
[    5.564884] random 0025 0000 0000 e7f555d9 e8ce5c3c: extract_entropy account returned: 4 
[    5.564888] random 0025 0000 0000 e7f555d9 e8ce5c3c: urand_change_num 44 extract_buf: pool_sig 0000068c, data_sig fffffdcb, bytes_mixed 20 e7f555d9 e8ce5c3c
[    5.564899] md: Waiting for all devices to be available before autodetect
[    5.564992] md: If you don't use raid, use raid=noautodetect
[    5.565144] md: Autodetecting RAID arrays.
[    5.565228] md: Scanned 0 and added 0 devices.
[    5.565306] md: autorun ...
[    5.565390] md: ... autorun DONE.
[    5.578861] random 0025 0000 0000 e7f555d9 e8ce5c3c: add_disk_randomness(8:0) e7f555d9 e8ce5c3c
[    5.578865] random 0025 0000 0000 e7f555d9 e8ce5c3c: add_timer_randomness(.. 8388864) with jiffies: 7012723133760897427, cycles: 7012723129466224650
[    5.578867] random 0025 0000 0000 e7f555d9 e8ce5c3c: added 3 entropy credits to input
[    5.579985] random 0028 0000 0000 e7f555d9 e8ce5c3c: add_disk_randomness(8:0) e7f555d9 e8ce5c3c
[    5.579988] random 0028 0000 0000 e7f555d9 e8ce5c3c: add_timer_randomness(.. 8388864) with jiffies: 7022819528131969429, cycles: 7022819523837296650
[    5.579991] random 0028 0000 0000 e7f555d9 e8ce5c3c: added 1 entropy credits to input
[    5.580103] random 0029 0000 0000 e7f555d9 e8ce5c3c: add_disk_randomness(8:0) e7f555d9 e8ce5c3c
[    5.580107] random 0029 0000 0000 e7f555d9 e8ce5c3c: add_timer_randomness(.. 8388864) with jiffies: 7023889009348411797, cycles: 7023889005053739018
[    5.580112] EXT3-fs: sda2: couldn't mount because of unsupported optional features (240).
[    5.580330] random 0029 0000 0000 e7f555d9 e8ce5c3c: add_disk_randomness(8:0) e7f555d9 e8ce5c3c
[    5.580333] random 0029 0000 0000 e7f555d9 e8ce5c3c: add_timer_randomness(.. 8388864) with jiffies: 7025931502520861077, cycles: 7025931498226188298
[    5.580338] EXT2-fs: sda2: couldn't mount because of unsupported optional features (240).
[    5.580555] random 0029 0000 0000 e7f555d9 e8ce5c3c: add_disk_randomness(8:0) e7f555d9 e8ce5c3c
[    5.580558] random 0029 0000 0000 e7f555d9 e8ce5c3c: add_timer_randomness(.. 8388864) with jiffies: 7027958486566404501, cycles: 7027958482271731722
[    5.580684] random 0029 0000 0000 e7f555d9 e8ce5c3c: add_disk_randomness(8:0) e7f555d9 e8ce5c3c
[    5.580687] random 0029 0000 0000 e7f555d9 e8ce5c3c: add_timer_randomness(.. 8388864) with jiffies: 7029117934462796181, cycles: 7029117930168123402
[    5.580810] random 0029 0000 0000 e7f555d9 e8ce5c3c: add_disk_randomness(8:0) e7f555d9 e8ce5c3c
[    5.580813] random 0029 0000 0000 e7f555d9 e8ce5c3c: add_timer_randomness(.. 8388864) with jiffies: 7030256410033881493, cycles: 7030256405739208714
[    5.580931] random 0029 0000 0000 e7f555d9 e8ce5c3c: add_disk_randomness(8:0) e7f555d9 e8ce5c3c
[    5.580934] random 0029 0000 0000 e7f555d9 e8ce5c3c: add_timer_randomness(.. 8388864) with jiffies: 7031336847711895958, cycles: 7031336843417223178
[    5.581083] random 0029 0000 0000 e7f555d9 e8ce5c3c: add_disk_randomness(8:0) e7f555d9 e8ce5c3c
[    5.581086] random 0029 0000 0000 e7f555d9 e8ce5c3c: add_timer_randomness(.. 8388864) with jiffies: 7032700813360988566, cycles: 7032700809066315786
[    5.581201] random 0029 0000 0000 e7f555d9 e8ce5c3c: add_disk_randomness(8:0) e7f555d9 e8ce5c3c
[    5.581204] random 0029 0000 0000 e7f555d9 e8ce5c3c: add_timer_randomness(.. 8388864) with jiffies: 7033764384702431638, cycles: 7033764380407758858
[    5.581320] random 0029 0000 0000 e7f555d9 e8ce5c3c: add_disk_randomness(8:0) e7f555d9 e8ce5c3c
[    5.581323] random 0029 0000 0000 e7f555d9 e8ce5c3c: add_timer_randomness(.. 8388864) with jiffies: 7034837649785061782, cycles: 7034837645490389002
[    5.581434] random 0029 0000 0000 e7f555d9 e8ce5c3c: add_disk_randomness(8:0) e7f555d9 e8ce5c3c
[    5.581437] random 0029 0000 0000 e7f555d9 e8ce5c3c: add_timer_randomness(.. 8388864) with jiffies: 7035867806280941974, cycles: 7035867801986269194
[    5.581673] random 0029 0000 0000 e7f555d9 e8ce5c3c: rand_read_num 10 get_random_bytes(4): sig ffffff72 e7f555d9 e8ce5c3c
[    5.581676] random 0029 0000 0000 e7f555d9 e8ce5c3c: extract_entropy(.. 4 ..)
[    5.581678] random 0029 0000 0000 e7f555d9 e8ce5c3c: going to reseed nonblocking with 64 bits (32 of 0 requested)
[    5.581680] random 0029 0000 0000 e7f555d9 e8ce5c3c: extract_entropy(.. 8 ..)
[    5.581682] random 0029 0000 0000 e7f555d9 e8ce5c3c: trying to extract 64 bits from input
[    5.581685] random 0029 0000 0000 e7f555d9 e8ce5c3c: debiting 0 entropy credits from input
[    5.581687] random 0029 0000 0000 e7f555d9 e8ce5c3c: extract_entropy account returned: 0 
[    5.581690] random 0029 0000 0000 e7f555d9 e8ce5c3c: urand_change_num 45 xfer_secondary_pool(4): pool_sig ffffff72, data_sig 00000000, bytes_mixed 0 e7f555d9 e8ce5c3c
[    5.581693] random 0029 0000 0000 e7f555d9 e8ce5c3c: trying to extract 32 bits from nonblocking
[    5.581695] random 0029 0000 0000 e7f555d9 e8ce5c3c: debiting 32 entropy credits from nonblocking (unlimited)
[    5.581697] random 0029 0000 0000 e7f555d9 e8ce5c3c: extract_entropy account returned: 4 
[    5.581701] random 0029 0000 0000 e7f555d9 e8ce5c3c: urand_change_num 46 extract_buf: pool_sig ffffff72, data_sig ffffff72, bytes_mixed 20 e7f555d9 e8ce5c3c
[    5.593314] random 0029 0000 0000 91716c54 eeb6a1e7: add_disk_randomness(8:0) 91716c54 eeb6a1e7
[    5.593317] random 0029 0000 0000 91716c54 eeb6a1e7: add_timer_randomness(.. 8388864) with jiffies: 7142764886533833122, cycles: 7142764882239160330
[    5.593320] random 0029 0000 0000 91716c54 eeb6a1e7: added 3 entropy credits to input
[    5.611585] random 0032 0000 0000 91716c54 eeb6a1e7: add_disk_randomness(8:0) 91716c54 eeb6a1e7
[    5.611588] random 0032 0000 0000 91716c54 eeb6a1e7: add_timer_randomness(.. 8388864) with jiffies: 7307164225896153524, cycles: 7307164221601480714
[    5.611590] random 0032 0000 0000 91716c54 eeb6a1e7: added 2 entropy credits to input
[    5.616258] EXT4-fs (sda2): mounted filesystem with ordered data mode
[    5.616446] VFS: Mounted root (ext4 filesystem) readonly on device 8:2.
[    5.616539] Freeing unused kernel memory: 448k freed
[    5.636775] random 0034 0000 0000 91716c54 eeb6a1e7: add_disk_randomness(8:0) 91716c54 eeb6a1e7
[    5.636778] random 0034 0000 0000 91716c54 eeb6a1e7: add_timer_randomness(.. 8388864) with jiffies: 7533828715465900493, cycles: 7533828711171227658
[    5.637464] random 0034 0000 0000 91716c54 eeb6a1e7: add_disk_randomness(8:0) 91716c54 eeb6a1e7
[    5.637467] random 0034 0000 0000 91716c54 eeb6a1e7: add_timer_randomness(.. 8388864) with jiffies: 7540028131390489038, cycles: 7540028127095816202
[    5.642188] random 0034 0000 0000 91716c54 eeb6a1e7: add_disk_randomness(8:0) 91716c54 eeb6a1e7
[    5.642191] random 0034 0000 0000 91716c54 eeb6a1e7: add_timer_randomness(.. 8388864) with jiffies: 7582527872166494675, cycles: 7582527867871821834
[    5.642194] random 0034 0000 0000 91716c54 eeb6a1e7: added 2 entropy credits to input
[    5.650387] random 0036 0000 0000 91716c54 eeb6a1e7: add_disk_randomness(8:0) 91716c54 eeb6a1e7
[    5.650390] random 0036 0000 0000 91716c54 eeb6a1e7: add_timer_randomness(.. 8388864) with jiffies: 7656304114547786203, cycles: 7656304110253113354
[    5.653809] random 0036 0000 0000 91716c54 eeb6a1e7: add_disk_randomness(8:0) 91716c54 eeb6a1e7
[    5.653812] random 0036 0000 0000 91716c54 eeb6a1e7: add_timer_randomness(.. 8388864) with jiffies: 7687100735162122718, cycles: 7687100730867449866
[    5.653814] random 0036 0000 0000 91716c54 eeb6a1e7: added 1 entropy credits to input
[    5.662704] random 0037 0000 0000 91716c54 eeb6a1e7: add_disk_randomness(8:0) 91716c54 eeb6a1e7
[    5.662707] random 0037 0000 0000 91716c54 eeb6a1e7: add_timer_randomness(.. 8388864) with jiffies: 7767137815795302887, cycles: 7767137811500630026
[    5.662710] random 0037 0000 0000 91716c54 eeb6a1e7: added 2 entropy credits to input
[    5.675981] random 0039 0000 0000 91716c54 eeb6a1e7: add_disk_randomness(8:0) 91716c54 eeb6a1e7
[    5.675984] random 0039 0000 0000 91716c54 eeb6a1e7: add_timer_randomness(.. 8388864) with jiffies: 7886594230825222645, cycles: 7886594226530549770
[    5.684058] random 0039 0000 0000 91716c54 eeb6a1e7: add_disk_randomness(8:0) 91716c54 eeb6a1e7
[    5.684061] random 0039 0000 0000 91716c54 eeb6a1e7: add_timer_randomness(.. 8388864) with jiffies: 7959271545694290429, cycles: 7959271541399617546
[    5.684064] random 0039 0000 0000 91716c54 eeb6a1e7: added 2 entropy credits to input
[    5.684087] RANDOM get_random_int call with cycles 44802890601, jiffies 4294672893 and pid 1
[    5.684089] RANDOM get_random_int call with cycles 44802897426, jiffies 4294672893 and pid 1
[    5.684091] ASLR stack rand value: 3682304 after shift for pid: 1
[    5.684093] RANDOM get_random_int call with cycles 44802905206, jiffies 4294672893 and pid 1
[    5.695703] random 0041 0000 0000 91716c54 eeb6a1e7: add_disk_randomness(8:0) 91716c54 eeb6a1e7
[    5.695706] random 0041 0000 0000 91716c54 eeb6a1e7: add_timer_randomness(.. 8388864) with jiffies: 8064067416276828680, cycles: 8064067411982155786
[    5.695709] random 0041 0000 0000 91716c54 eeb6a1e7: added 1 entropy credits to input
[    5.695719] RANDOM get_random_int call with cycles 44827263264, jiffies 4294672904 and pid 1
[    5.695722] random 0042 0000 0000 91716c54 eeb6a1e7: rand_read_num 11 get_random_bytes(16): sig fffffcad 91716c54 eeb6a1e7
[    5.695724] random 0042 0000 0000 91716c54 eeb6a1e7: extract_entropy(.. 16 ..)
[    5.695727] random 0042 0000 0000 91716c54 eeb6a1e7: going to reseed nonblocking with 128 bits (128 of 0 requested)
[    5.695729] random 0042 0000 0000 91716c54 eeb6a1e7: extract_entropy(.. 16 ..)
[    5.695731] random 0042 0000 0000 91716c54 eeb6a1e7: trying to extract 128 bits from input
[    5.695733] random 0042 0000 0000 91716c54 eeb6a1e7: debiting 0 entropy credits from input
[    5.695735] random 0042 0000 0000 91716c54 eeb6a1e7: extract_entropy account returned: 0 
[    5.695739] random 0042 0000 0000 91716c54 eeb6a1e7: urand_change_num 47 xfer_secondary_pool(16): pool_sig fffffcad, data_sig 00000000, bytes_mixed 0 91716c54 eeb6a1e7
[    5.695742] random 0042 0000 0000 91716c54 eeb6a1e7: trying to extract 128 bits from nonblocking
[    5.695744] random 0042 0000 0000 91716c54 eeb6a1e7: debiting 128 entropy credits from nonblocking (unlimited)
[    5.695746] random 0042 0000 0000 91716c54 eeb6a1e7: extract_entropy account returned: 16 
[    5.695751] random 0042 0000 0000 91716c54 eeb6a1e7: urand_change_num 48 extract_buf: pool_sig fffffcad, data_sig ffffff19, bytes_mixed 20 91716c54 eeb6a1e7
[    5.695756] random 0042 0000 0000 fd637b06 6cf47bc1: urand_change_num 49 extract_buf: pool_sig fffffede, data_sig ffffffc1, bytes_mixed 20 fd637b06 6cf47bc1
[    5.696719] random 0042 0000 0000 fd637b06 6cf47bc1: add_disk_randomness(8:0) fd637b06 6cf47bc1
[    5.696722] random 0042 0000 0000 fd637b06 6cf47bc1: add_timer_randomness(.. 8388864) with jiffies: 8073209511864402441, cycles: 8073209507569729546
[    5.697858] random 0042 0000 0000 fd637b06 6cf47bc1: add_disk_randomness(8:0) fd637b06 6cf47bc1
[    5.697861] random 0042 0000 0000 fd637b06 6cf47bc1: add_timer_randomness(.. 8388864) with jiffies: 8083440252812493323, cycles: 8083440248517820426
[    5.699011] random 0042 0000 0000 fd637b06 6cf47bc1: add_disk_randomness(8:0) fd637b06 6cf47bc1
[    5.699014] random 0042 0000 0000 fd637b06 6cf47bc1: add_timer_randomness(.. 8388864) with jiffies: 8093823559588872716, cycles: 8093823555294199818
[    5.699884] random 0042 0000 0000 fd637b06 6cf47bc1: add_disk_randomness(8:0) fd637b06 6cf47bc1
[    5.699887] random 0042 0000 0000 fd637b06 6cf47bc1: add_timer_randomness(.. 8388864) with jiffies: 8101677633139081741, cycles: 8101677628844408842
[    5.700055] random 0042 0000 0000 fd637b06 6cf47bc1: add_disk_randomness(8:0) fd637b06 6cf47bc1
[    5.700058] random 0042 0000 0000 fd637b06 6cf47bc1: add_timer_randomness(.. 8388864) with jiffies: 8103214183459029517, cycles: 8103214179164356618
[    5.700280] random 0042 0000 0000 fd637b06 6cf47bc1: add_disk_randomness(8:0) fd637b06 6cf47bc1
[    5.700283] random 0042 0000 0000 fd637b06 6cf47bc1: add_timer_randomness(.. 8388864) with jiffies: 8105245720169906701, cycles: 8105245715875233802
[    5.710763] random 0042 0000 0000 fd637b06 6cf47bc1: add_disk_randomness(8:0) fd637b06 6cf47bc1
[    5.710766] random 0042 0000 0000 fd637b06 6cf47bc1: add_timer_randomness(.. 8388864) with jiffies: 8199572242896224791, cycles: 8199572238601551882
[    5.710768] random 0042 0000 0000 fd637b06 6cf47bc1: added 3 entropy credits to input
[    5.711200] random 0045 0000 0000 fd637b06 6cf47bc1: add_disk_randomness(8:0) fd637b06 6cf47bc1
[    5.711203] random 0045 0000 0000 fd637b06 6cf47bc1: add_timer_randomness(.. 8388864) with jiffies: 8203503362037744152, cycles: 8203503357743071242
[    5.720944] random 0045 0000 0000 fd637b06 6cf47bc1: add_disk_randomness(8:0) fd637b06 6cf47bc1
[    5.720947] random 0045 0000 0000 fd637b06 6cf47bc1: add_timer_randomness(.. 8388864) with jiffies: 8291175210896032290, cycles: 8291175206601359370
[    5.720950] random 0045 0000 0000 fd637b06 6cf47bc1: added 3 entropy credits to input
[    5.721002] RANDOM get_random_int call with cycles 44880229180, jiffies 4294672930 and pid 1
[    5.725547] random 0048 0000 0000 fd637b06 6cf47bc1: add_disk_randomness(8:0) fd637b06 6cf47bc1
[    5.725550] random 0048 0000 0000 fd637b06 6cf47bc1: add_timer_randomness(.. 8388864) with jiffies: 8332603035209138726, cycles: 8332603030914465802
[    5.725553] random 0048 0000 0000 fd637b06 6cf47bc1: added 2 entropy credits to input
[    5.738374] random 0050 0000 0000 fd637b06 6cf47bc1: add_disk_randomness(8:0) fd637b06 6cf47bc1
[    5.738377] random 0050 0000 0000 fd637b06 6cf47bc1: add_timer_randomness(.. 8388864) with jiffies: 8448016941120717363, cycles: 8448016936826044426
[    5.738380] random 0050 0000 0000 fd637b06 6cf47bc1: added 3 entropy credits to input
[    5.738515] random 0053 0000 0000 fd637b06 6cf47bc1: add_disk_randomness(8:0) fd637b06 6cf47bc1
[    5.738518] random 0053 0000 0000 fd637b06 6cf47bc1: add_timer_randomness(.. 8388864) with jiffies: 8449287645849944627, cycles: 8449287641555271690
[    5.740676] random 0053 0000 0000 fd637b06 6cf47bc1: add_disk_randomness(8:0) fd637b06 6cf47bc1
[    5.740679] random 0053 0000 0000 fd637b06 6cf47bc1: add_timer_randomness(.. 8388864) with jiffies: 8468728802430386741, cycles: 8468728798135713802
[    5.740681] random 0053 0000 0000 fd637b06 6cf47bc1: added 1 entropy credits to input
[    5.740922] random 0054 0000 0000 fd637b06 6cf47bc1: add_disk_randomness(8:0) fd637b06 6cf47bc1
[    5.740925] random 0054 0000 0000 fd637b06 6cf47bc1: add_timer_randomness(.. 8388864) with jiffies: 8470932159307940406, cycles: 8470932155013267466
[    5.741097] random 0054 0000 0000 fd637b06 6cf47bc1: add_disk_randomness(8:0) fd637b06 6cf47bc1
[    5.741100] random 0054 0000 0000 fd637b06 6cf47bc1: add_timer_randomness(.. 8388864) with jiffies: 8472513355812930102, cycles: 8472513351518257162
[    5.744229] random 0054 0000 0000 fd637b06 6cf47bc1: add_disk_randomness(8:0) fd637b06 6cf47bc1
[    5.744232] random 0054 0000 0000 fd637b06 6cf47bc1: add_timer_randomness(.. 8388864) with jiffies: 8500700749435208249, cycles: 8500700745140535306
[    5.744235] random 0054 0000 0000 fd637b06 6cf47bc1: added 1 entropy credits to input
[    5.746242] random 0055 0000 0000 fd637b06 6cf47bc1: add_disk_randomness(8:0) fd637b06 6cf47bc1
[    5.746245] random 0055 0000 0000 fd637b06 6cf47bc1: add_timer_randomness(.. 8388864) with jiffies: 8518810637952582203, cycles: 8518810633657909258
[    5.754072] random 0055 0000 0000 fd637b06 6cf47bc1: add_disk_randomness(8:0) fd637b06 6cf47bc1
[    5.754075] random 0055 0000 0000 fd637b06 6cf47bc1: add_timer_randomness(.. 8388864) with jiffies: 8589259028003783235, cycles: 8589259023709110282
[    5.754077] random 0055 0000 0000 fd637b06 6cf47bc1: added 2 entropy credits to input
[    5.754209] random 0057 0000 0000 fd637b06 6cf47bc1: add_disk_randomness(8:0) fd637b06 6cf47bc1
[    5.754211] random 0057 0000 0000 fd637b06 6cf47bc1: add_timer_randomness(.. 8388864) with jiffies: 8590490944883360323, cycles: 8590490940588687370
[    5.757765] random 0057 0000 0000 fd637b06 6cf47bc1: add_disk_randomness(8:0) fd637b06 6cf47bc1
[    5.757768] random 0057 0000 0000 fd637b06 6cf47bc1: add_timer_randomness(.. 8388864) with jiffies: 8622502079169790534, cycles: 8622502074875117578
[    5.757771] random 0057 0000 0000 fd637b06 6cf47bc1: added 1 entropy credits to input
[    5.762306] random 0058 0000 0000 fd637b06 6cf47bc1: add_disk_randomness(8:0) fd637b06 6cf47bc1
[    5.762310] random 0058 0000 0000 fd637b06 6cf47bc1: add_timer_randomness(.. 8388864) with jiffies: 8663358659947627083, cycles: 8663358655652954122
[    5.767845] random 0058 0000 0000 fd637b06 6cf47bc1: add_disk_randomness(8:0) fd637b06 6cf47bc1
[    5.767848] random 0058 0000 0000 fd637b06 6cf47bc1: add_timer_randomness(.. 8388864) with jiffies: 8713186418089493073, cycles: 8713186413794820106
[    5.774123] random 0058 0000 0000 fd637b06 6cf47bc1: add_disk_randomness(8:0) fd637b06 6cf47bc1
[    5.774126] random 0058 0000 0000 fd637b06 6cf47bc1: add_timer_randomness(.. 8388864) with jiffies: 8769679222445408855, cycles: 8769679218150735882
[    5.774136] random 0058 0000 0000 fd637b06 6cf47bc1: rand_read_num 12 get_random_bytes(16): sig 0000033b fd637b06 6cf47bc1
[    5.774139] random 0058 0000 0000 fd637b06 6cf47bc1: extract_entropy(.. 16 ..)
[    5.774141] random 0058 0000 0000 fd637b06 6cf47bc1: going to reseed nonblocking with 128 bits (128 of 0 requested)
[    5.774144] random 0058 0000 0000 fd637b06 6cf47bc1: extract_entropy(.. 16 ..)
[    5.774146] random 0058 0000 0000 fd637b06 6cf47bc1: trying to extract 128 bits from input
[    5.774148] random 0058 0000 0000 fd637b06 6cf47bc1: debiting 0 entropy credits from input
[    5.774150] random 0058 0000 0000 fd637b06 6cf47bc1: extract_entropy account returned: 0 
[    5.774153] random 0058 0000 0000 fd637b06 6cf47bc1: urand_change_num 50 xfer_secondary_pool(16): pool_sig 0000033b, data_sig 00000000, bytes_mixed 0 fd637b06 6cf47bc1
[    5.774156] random 0058 0000 0000 fd637b06 6cf47bc1: trying to extract 128 bits from nonblocking
[    5.774158] random 0058 0000 0000 fd637b06 6cf47bc1: debiting 128 entropy credits from nonblocking (unlimited)
[    5.774161] random 0058 0000 0000 fd637b06 6cf47bc1: extract_entropy account returned: 16 
[    5.774165] random 0058 0000 0000 fd637b06 6cf47bc1: urand_change_num 51 extract_buf: pool_sig 0000033b, data_sig 000000d8, bytes_mixed 20 fd637b06 6cf47bc1
[    5.774170] random 0058 0000 0000 0ec1f012 d4727ca8: urand_change_num 52 extract_buf: pool_sig fffffcf5, data_sig 00000016, bytes_mixed 20 0ec1f012 d4727ca8
[    5.780866] random 0058 0000 0000 45b1d0b1 845a73f7: add_disk_randomness(8:0) 45b1d0b1 845a73f7
[    5.780869] random 0058 0000 0000 45b1d0b1 845a73f7: add_timer_randomness(.. 8388864) with jiffies: 8830349462317269598, cycles: 8830349458022596618
[    5.788085] random 0058 0000 0000 45b1d0b1 845a73f7: add_disk_randomness(8:0) 45b1d0b1 845a73f7
[    5.788088] random 0058 0000 0000 45b1d0b1 845a73f7: add_timer_randomness(.. 8388864) with jiffies: 8895312775404552805, cycles: 8895312771109879818
[    5.796104] random 0058 0000 0000 45b1d0b1 845a73f7: add_disk_randomness(8:0) 45b1d0b1 845a73f7
[    5.796107] random 0058 0000 0000 45b1d0b1 845a73f7: add_timer_randomness(.. 8388864) with jiffies: 8967468719898591853, cycles: 8967468715603918858
[    5.805505] random 0058 0000 0000 45b1d0b1 845a73f7: add_disk_randomness(8:0) 45b1d0b1 845a73f7
[    5.805508] random 0058 0000 0000 45b1d0b1 845a73f7: add_timer_randomness(.. 8388864) with jiffies: 9052064762287587958, cycles: 9052064757992914954
[    5.808641] random 0058 0000 0000 45b1d0b1 845a73f7: add_disk_randomness(8:0) 45b1d0b1 845a73f7
[    5.808645] random 0058 0000 0000 45b1d0b1 845a73f7: add_timer_randomness(.. 8388864) with jiffies: 9080287825613259385, cycles: 9080287821318586378
[    5.808648] random 0058 0000 0000 45b1d0b1 845a73f7: added 1 entropy credits to input
[    5.822914] random 0059 0000 0000 45b1d0b1 845a73f7: add_disk_randomness(8:0) 45b1d0b1 845a73f7
[    5.822917] random 0059 0000 0000 45b1d0b1 845a73f7: add_timer_randomness(.. 8388864) with jiffies: 9208704281157010056, cycles: 9208704276862337034
[    5.822920] random 0059 0000 0000 45b1d0b1 845a73f7: added 3 entropy credits to input
[    5.828310] random 0062 0000 0000 45b1d0b1 845a73f7: add_disk_randomness(8:0) 45b1d0b1 845a73f7
[    5.828313] random 0062 0000 0000 45b1d0b1 845a73f7: add_timer_randomness(.. 8388864) with jiffies: 9257264310981984909, cycles: -9189479767022239734
[    5.828316] random 0062 0000 0000 45b1d0b1 845a73f7: added 2 entropy credits to input
[    5.833481] random 0064 0000 0000 45b1d0b1 845a73f7: add_disk_randomness(8:0) 45b1d0b1 845a73f7
[    5.833484] random 0064 0000 0000 45b1d0b1 845a73f7: add_timer_randomness(.. 8388864) with jiffies: 9303790102561653394, cycles: -9142953975442571254
[    5.841713] random 0064 0000 0000 45b1d0b1 845a73f7: add_disk_randomness(8:0) 45b1d0b1 845a73f7
[    5.841716] random 0064 0000 0000 45b1d0b1 845a73f7: add_timer_randomness(.. 8388864) with jiffies: 9377869711367963290, cycles: -9068874366636261366
[    5.841719] random 0064 0000 0000 45b1d0b1 845a73f7: added 1 entropy credits to input
[    5.851311] random 0065 0000 0000 45b1d0b1 845a73f7: add_disk_randomness(8:0) 45b1d0b1 845a73f7
[    5.851314] random 0065 0000 0000 45b1d0b1 845a73f7: add_timer_randomness(.. 8388864) with jiffies: 9464227205744394916, cycles: -8982516872259829750
[    5.870813] random 0065 0000 0000 45b1d0b1 845a73f7: add_disk_randomness(8:0) 45b1d0b1 845a73f7
[    5.870816] random 0065 0000 0000 45b1d0b1 845a73f7: add_timer_randomness(.. 8388864) with jiffies: 9639708853515551415, cycles: -8807035224488673270
[    5.870821] random 0065 0000 0000 45b1d0b1 845a73f7: added 2 entropy credits to input
[    5.884096] random 0067 0000 0000 45b1d0b1 845a73f7: add_disk_randomness(8:0) 45b1d0b1 845a73f7
[    5.884100] random 0067 0000 0000 45b1d0b1 845a73f7: add_timer_randomness(.. 8388864) with jiffies: 9759224753842520773, cycles: -8687519324161703926
[    5.884102] random 0067 0000 0000 45b1d0b1 845a73f7: added 2 entropy credits to input
[    5.892118] random 0069 0000 0000 45b1d0b1 845a73f7: add_disk_randomness(8:0) 45b1d0b1 845a73f7
[    5.892121] random 0069 0000 0000 45b1d0b1 845a73f7: add_timer_randomness(.. 8388864) with jiffies: 9831403427303490253, cycles: -8615340650700734454
[    5.902129] random 0069 0000 0000 45b1d0b1 845a73f7: add_disk_randomness(8:0) 45b1d0b1 845a73f7
[    5.902132] random 0069 0000 0000 45b1d0b1 845a73f7: add_timer_randomness(.. 8388864) with jiffies: 9921478413443105495, cycles: -8525265664561119222
[    5.902134] random 0069 0000 0000 45b1d0b1 845a73f7: added 1 entropy credits to input
[    5.915013] random 0070 0000 0000 45b1d0b1 845a73f7: add_disk_randomness(8:0) 45b1d0b1 845a73f7
[    5.915016] random 0070 0000 0000 45b1d0b1 845a73f7: add_timer_randomness(.. 8388864) with jiffies: 10037412830736253668, cycles: -8409331247267971062
[    5.922370] random 0070 0000 0000 45b1d0b1 845a73f7: add_disk_randomness(8:0) 45b1d0b1 845a73f7
[    5.922373] random 0070 0000 0000 45b1d0b1 845a73f7: add_timer_randomness(.. 8388864) with jiffies: 10103615864658690795, cycles: -8343128213345533942
[    5.922376] random 0070 0000 0000 45b1d0b1 845a73f7: added 2 entropy credits to input
[    5.927620] random 0072 0000 0000 45b1d0b1 845a73f7: add_disk_randomness(8:0) 45b1d0b1 845a73f7
[    5.927623] random 0072 0000 0000 45b1d0b1 845a73f7: add_timer_randomness(.. 8388864) with jiffies: 10150862351750628080, cycles: -8295881726253596662
[    5.927626] random 0072 0000 0000 45b1d0b1 845a73f7: added 1 entropy credits to input
[    5.934056] random 0073 0000 0000 45b1d0b1 845a73f7: add_disk_randomness(8:0) 45b1d0b1 845a73f7
[    5.934059] random 0073 0000 0000 45b1d0b1 845a73f7: add_timer_randomness(.. 8388864) with jiffies: 10208763085040878327, cycles: -8237980992963346422
[    5.934062] random 0073 0000 0000 45b1d0b1 845a73f7: added 1 entropy credits to input
[    5.939103] random 0074 0000 0000 45b1d0b1 845a73f7: add_disk_randomness(8:0) 45b1d0b1 845a73f7
[    5.939106] random 0074 0000 0000 45b1d0b1 845a73f7: add_timer_randomness(.. 8388864) with jiffies: 10254177996214338300, cycles: -8192566081789886454
[    5.939109] random 0074 0000 0000 45b1d0b1 845a73f7: added 1 entropy credits to input
[    5.945008] random 0075 0000 0000 45b1d0b1 845a73f7: add_disk_randomness(8:0) 45b1d0b1 845a73f7
[    5.945011] random 0075 0000 0000 45b1d0b1 845a73f7: add_timer_randomness(.. 8388864) with jiffies: 10307307858357355266, cycles: -8139436219646869494
[    5.954357] random 0075 0000 0000 45b1d0b1 845a73f7: add_disk_randomness(8:0) 45b1d0b1 845a73f7
[    5.954360] random 0075 0000 0000 45b1d0b1 845a73f7: add_timer_randomness(.. 8388864) with jiffies: 10391430427846607627, cycles: -8055313650157617142
[    5.954362] random 0075 0000 0000 45b1d0b1 845a73f7: added 1 entropy credits to input
[    5.959238] random 0076 0000 0000 45b1d0b1 845a73f7: add_disk_randomness(8:0) 45b1d0b1 845a73f7
[    5.959241] random 0076 0000 0000 45b1d0b1 845a73f7: add_timer_randomness(.. 8388864) with jiffies: 10435350772005438224, cycles: -8011393305998786550
[    5.959243] random 0076 0000 0000 45b1d0b1 845a73f7: added 2 entropy credits to input
[    5.966672] random 0078 0000 0000 45b1d0b1 845a73f7: add_disk_randomness(8:0) 45b1d0b1 845a73f7
[    5.966675] random 0078 0000 0000 45b1d0b1 845a73f7: add_timer_randomness(.. 8388864) with jiffies: 10502247310002193175, cycles: -7944496768002031606
[    5.966677] random 0078 0000 0000 45b1d0b1 845a73f7: added 1 entropy credits to input
[    5.972891] random 0079 0000 0000 45b1d0b1 845a73f7: add_disk_randomness(8:0) 45b1d0b1 845a73f7
[    5.972894] random 0079 0000 0000 45b1d0b1 845a73f7: add_timer_randomness(.. 8388864) with jiffies: 10558195426605630238, cycles: -7888548651398594550
[    5.978354] random 0079 0000 0000 45b1d0b1 845a73f7: add_disk_randomness(8:0) 45b1d0b1 845a73f7
[    5.978357] random 0079 0000 0000 45b1d0b1 845a73f7: add_timer_randomness(.. 8388864) with jiffies: 10607358813436347171, cycles: -7839385264567877622
[    5.978360] random 0079 0000 0000 45b1d0b1 845a73f7: added 1 entropy credits to input
[    5.987444] random 0080 0000 0000 45b1d0b1 845a73f7: add_disk_randomness(8:0) 45b1d0b1 845a73f7
[    5.987447] random 0080 0000 0000 45b1d0b1 845a73f7: add_timer_randomness(.. 8388864) with jiffies: 10689152836341302060, cycles: -7757591241662922742
[    5.987450] random 0080 0000 0000 45b1d0b1 845a73f7: added 2 entropy credits to input
[    5.994869] random 0082 0000 0000 45b1d0b1 845a73f7: add_disk_randomness(8:0) 45b1d0b1 845a73f7
[    5.994872] random 0082 0000 0000 45b1d0b1 845a73f7: add_timer_randomness(.. 8388864) with jiffies: 10755952999566902068, cycles: -7690791078437322742
[    6.004545] random 0082 0000 0000 45b1d0b1 845a73f7: add_disk_randomness(8:0) 45b1d0b1 845a73f7
[    6.004548] random 0082 0000 0000 45b1d0b1 845a73f7: add_timer_randomness(.. 8388864) with jiffies: 10843030467901096765, cycles: -7603713610103128054
[    6.015177] random 0082 0000 0000 45b1d0b1 845a73f7: add_disk_randomness(8:0) 45b1d0b1 845a73f7
[    6.015180] random 0082 0000 0000 45b1d0b1 845a73f7: add_timer_randomness(.. 8388864) with jiffies: 10938688705367081800, cycles: -7508055372637143030
[    6.027693] random 0082 0000 0000 45b1d0b1 845a73f7: add_disk_randomness(8:0) 45b1d0b1 845a73f7
[    6.027696] random 0082 0000 0000 45b1d0b1 845a73f7: add_timer_randomness(.. 8388864) with jiffies: 11051319575550067540, cycles: -7395424502454157302
[    6.028908] random 0082 0000 0000 45b1d0b1 845a73f7: add_disk_randomness(8:0) 45b1d0b1 845a73f7
[    6.028911] random 0082 0000 0000 45b1d0b1 845a73f7: add_timer_randomness(.. 8388864) with jiffies: 11062242785485357910, cycles: -7384501292518866934
[    6.028914] random 0082 0000 0000 45b1d0b1 845a73f7: added 1 entropy credits to input
[    6.032917] random 0083 0000 0000 45b1d0b1 845a73f7: add_disk_randomness(8:0) 45b1d0b1 845a73f7
[    6.032920] random 0083 0000 0000 45b1d0b1 845a73f7: add_timer_randomness(.. 8388864) with jiffies: 11098312663866508122, cycles: -7348431414137716726
[    6.032923] random 0083 0000 0000 45b1d0b1 845a73f7: added 1 entropy credits to input
[    6.042254] random 0084 0000 0000 45b1d0b1 845a73f7: add_disk_randomness(8:0) 45b1d0b1 845a73f7
[    6.042257] random 0084 0000 0000 45b1d0b1 845a73f7: add_timer_randomness(.. 8388864) with jiffies: 11182335070423450467, cycles: -7264409007580774390
[    6.042260] random 0084 0000 0000 45b1d0b1 845a73f7: added 1 entropy credits to input
[    6.042604] random 0085 0000 0000 45b1d0b1 845a73f7: add_disk_randomness(8:0) 45b1d0b1 845a73f7
[    6.042607] random 0085 0000 0000 45b1d0b1 845a73f7: add_timer_randomness(.. 8388864) with jiffies: 11185484788984939363, cycles: -7261259289019285494
[    6.058266] random 0085 0000 0000 45b1d0b1 845a73f7: add_disk_randomness(8:0) 45b1d0b1 845a73f7
[    6.058269] random 0085 0000 0000 45b1d0b1 845a73f7: add_timer_randomness(.. 8388864) with jiffies: 11326406187839882099, cycles: -7120337890164342774
[    6.058272] random 0085 0000 0000 45b1d0b1 845a73f7: added 4 entropy credits to input
[    6.059894] random 0089 0000 0000 45b1d0b1 845a73f7: add_disk_randomness(8:0) 45b1d0b1 845a73f7
[    6.059897] random 0089 0000 0000 45b1d0b1 845a73f7: add_timer_randomness(.. 8388864) with jiffies: 11341053022751654773, cycles: -7105691055252570102
[    6.059900] random 0089 0000 0000 45b1d0b1 845a73f7: added 1 entropy credits to input
[    6.060043] random 0090 0000 0000 45b1d0b1 845a73f7: add_disk_randomness(8:0) 45b1d0b1 845a73f7
[    6.060046] random 0090 0000 0000 45b1d0b1 845a73f7: add_timer_randomness(.. 8388864) with jiffies: 11342397549378765685, cycles: -7104346528625459190
[    6.070918] random 0090 0000 0000 45b1d0b1 845a73f7: add_disk_randomness(8:0) 45b1d0b1 845a73f7
[    6.070921] random 0090 0000 0000 45b1d0b1 845a73f7: add_timer_randomness(.. 8388864) with jiffies: 11440244175761277824, cycles: -7006499902242947062
[    6.070923] random 0090 0000 0000 45b1d0b1 845a73f7: added 3 entropy credits to input
[    6.071482] random 0093 0000 0000 45b1d0b1 845a73f7: add_disk_randomness(8:0) 45b1d0b1 845a73f7
[    6.071485] random 0093 0000 0000 45b1d0b1 845a73f7: add_timer_randomness(.. 8388864) with jiffies: 11445332127164105600, cycles: -7001411950840119286
[    6.076712] random 0093 0000 0000 45b1d0b1 845a73f7: add_disk_randomness(8:0) 45b1d0b1 845a73f7
[    6.076715] random 0093 0000 0000 45b1d0b1 845a73f7: add_timer_randomness(.. 8388864) with jiffies: 11492395159022961541, cycles: -6954348918981263350
[    6.076718] random 0093 0000 0000 45b1d0b1 845a73f7: added 2 entropy credits to input
[    6.078506] random 0095 0000 0000 45b1d0b1 845a73f7: add_disk_randomness(8:0) 45b1d0b1 845a73f7
[    6.078509] random 0095 0000 0000 45b1d0b1 845a73f7: add_timer_randomness(.. 8388864) with jiffies: 11508530603829724039, cycles: -6938213474174500854
[    6.078511] random 0095 0000 0000 45b1d0b1 845a73f7: added 1 entropy credits to input
[    6.088691] random 0096 0000 0000 45b1d0b1 845a73f7: add_disk_randomness(8:0) 45b1d0b1 845a73f7
[    6.088694] random 0096 0000 0000 45b1d0b1 845a73f7: add_timer_randomness(.. 8388864) with jiffies: 11600183719867679633, cycles: -6846560358136545270
[    6.088697] random 0096 0000 0000 45b1d0b1 845a73f7: added 3 entropy credits to input
[    6.102631] random 0099 0000 0000 45b1d0b1 845a73f7: add_disk_randomness(8:0) 45b1d0b1 845a73f7
[    6.102634] random 0099 0000 0000 45b1d0b1 845a73f7: add_timer_randomness(.. 8388864) with jiffies: 11725614653449667487, cycles: -6721129424554557430
[    6.102637] random 0099 0000 0000 45b1d0b1 845a73f7: added 2 entropy credits to input
[    6.115148] random 0101 0000 0000 45b1d0b1 845a73f7: add_disk_randomness(8:0) 45b1d0b1 845a73f7
[    6.115151] random 0101 0000 0000 45b1d0b1 845a73f7: add_timer_randomness(.. 8388864) with jiffies: 11838229962966139820, cycles: -6608514115038085110
[    6.120962] random 0101 0000 0000 45b1d0b1 845a73f7: add_disk_randomness(8:0) 45b1d0b1 845a73f7
