[    0.000000] random 0000 0000 0000 00000000 00000000: rand_read_num 1 get_random_bytes(8): sig 00000000 00000000 00000000
[    0.000000] random 0000 0000 0000 00000000 00000000: extract_entropy(.. 8 ..)
[    0.000000] random 0000 0000 0000 00000000 00000000: going to reseed nonblocking with 64 bits (64 of 0 requested)
[    0.000000] random 0000 0000 0000 00000000 00000000: extract_entropy(.. 8 ..)
[    0.000000] random 0000 0000 0000 00000000 00000000: trying to extract 64 bits from input
[    0.000000] random 0000 0000 0000 00000000 00000000: debiting 0 entropy credits from input
[    0.000000] random 0000 0000 0000 00000000 00000000: extract_entropy account returned: 0 
[    0.000000] random 0000 0000 0000 00000000 00000000: urand_change_num 1 xfer_secondary_pool(8): pool_sig 00000000, data_sig 00000000, bytes_mixed 0 00000000 00000000
[    0.000000] random 0000 0000 0000 00000000 00000000: trying to extract 64 bits from nonblocking
[    0.000000] random 0000 0000 0000 00000000 00000000: debiting 64 entropy credits from nonblocking (unlimited)
[    0.000000] random 0000 0000 0000 00000000 00000000: extract_entropy account returned: 8 
[    0.000000] random 0000 0000 0000 00000000 00000000: urand_change_num 2 extract_buf: pool_sig 00000000, data_sig fffffff9, bytes_mixed 20 00000000 00000000
[    0.000000] Linux version 2.6.32.57 (dcashman@dcashman-02) (gcc version 4.3.3 (GCC) ) #6 Thu May 30 09:02:12 PDT 2013
[    0.000000] KERNEL supported cpus:
[    0.000000]   Intel GenuineIntel
[    0.000000]   AMD AuthenticAMD
[    0.000000]   NSC Geode by NSC
[    0.000000]   Cyrix CyrixInstead
[    0.000000]   Centaur CentaurHauls
[    0.000000]   Transmeta GenuineTMx86
[    0.000000]   Transmeta TransmetaCPU
[    0.000000]   UMC UMC UMC UMC
[    0.000000] BIOS-provided physical RAM map:
[    0.000000]  BIOS-e820: 0000000000000000 - 000000000009d800 (usable)
[    0.000000]  BIOS-e820: 000000000009d800 - 00000000000a0000 (reserved)
[    0.000000]  BIOS-e820: 00000000000d2000 - 00000000000d4000 (reserved)
[    0.000000]  BIOS-e820: 00000000000e0000 - 0000000000100000 (reserved)
[    0.000000]  BIOS-e820: 0000000000100000 - 000000003d6b0000 (usable)
[    0.000000]  BIOS-e820: 000000003d6b0000 - 000000003d6cc000 (ACPI data)
[    0.000000]  BIOS-e820: 000000003d6cc000 - 000000003d700000 (ACPI NVS)
[    0.000000]  BIOS-e820: 000000003d700000 - 000000003e000000 (reserved)
[    0.000000]  BIOS-e820: 00000000f0000000 - 00000000f4000000 (reserved)
[    0.000000]  BIOS-e820: 00000000fec00000 - 00000000fec10000 (reserved)
[    0.000000]  BIOS-e820: 00000000fed00000 - 00000000fed00400 (reserved)
[    0.000000]  BIOS-e820: 00000000fed14000 - 00000000fed1a000 (reserved)
[    0.000000]  BIOS-e820: 00000000fed1c000 - 00000000fed90000 (reserved)
[    0.000000]  BIOS-e820: 00000000fee00000 - 00000000fee01000 (reserved)
[    0.000000]  BIOS-e820: 00000000ff000000 - 0000000100000000 (reserved)
[    0.000000] DMI present.
[    0.000000] last_pfn = 0x3d6b0 max_arch_pfn = 0x100000
[    0.000000] MTRR default type: uncachable
[    0.000000] MTRR fixed ranges enabled:
[    0.000000]   00000-9FFFF write-back
[    0.000000]   A0000-BFFFF uncachable
[    0.000000]   C0000-CFFFF write-protect
[    0.000000]   D0000-DFFFF uncachable
[    0.000000]   E0000-FFFFF write-protect
[    0.000000] MTRR variable ranges enabled:
[    0.000000]   0 base 03E000000 mask FFE000000 uncachable
[    0.000000]   1 base 000000000 mask FC0000000 write-back
[    0.000000]   2 base 03D700000 mask FFFF00000 uncachable
[    0.000000]   3 base 03D800000 mask FFF800000 uncachable
[    0.000000]   4 disabled
[    0.000000]   5 disabled
[    0.000000]   6 disabled
[    0.000000]   7 disabled
[    0.000000] initial memory mapped : 0 - 02000000
[    0.000000] init_memory_mapping: 0000000000000000-00000000377fe000
[    0.000000]  0000000000 - 0000400000 page 4k
[    0.000000]  0000400000 - 0037400000 page 2M
[    0.000000]  0037400000 - 00377fe000 page 4k
[    0.000000] kernel direct mapping tables up to 377fe000 @ 7000-c000
[    0.000000] ACPI: RSDP 000f68d0 00024 (v02 LENOVO)
[    0.000000] ACPI: XSDT 3d6bb77f 00094 (v01 LENOVO TP-7L    00002170  LTP 00000000)
[    0.000000] ACPI: FACP 3d6bb900 000F4 (v03 LENOVO TP-7L    00002170 LNVO 00000001)
[    0.000000] ACPI Warning: 32/64X length mismatch in Gpe1Block: 0/32 (20090903/tbfadt-526)
[    0.000000] ACPI Warning: Optional field Gpe1Block has zero address or length: 000000000000102C/0 (20090903/tbfadt-557)
[    0.000000] ACPI: DSDT 3d6bbd1d 0FED1 (v01 LENOVO TP-7L    00002170 MSFT 03000000)
[    0.000000] ACPI: FACS 3d6e4000 00040
[    0.000000] ACPI: SSDT 3d6bbab4 00269 (v01 LENOVO TP-7L    00002170 MSFT 03000000)
[    0.000000] ACPI: ECDT 3d6cbbee 00052 (v01 LENOVO TP-7L    00002170 LNVO 00000001)
[    0.000000] ACPI: TCPA 3d6cbc40 00032 (v02 LENOVO TP-7L    00002170 LNVO 00000001)
[    0.000000] ACPI: APIC 3d6cbc72 00068 (v01 LENOVO TP-7L    00002170 LNVO 00000001)
[    0.000000] ACPI: MCFG 3d6cbcda 0003C (v01 LENOVO TP-7L    00002170 LNVO 00000001)
[    0.000000] ACPI: HPET 3d6cbd16 00038 (v01 LENOVO TP-7L    00002170 LNVO 00000001)
[    0.000000] ACPI: SLIC 3d6cbdf0 00176 (v01 LENOVO TP-7L    00002170  LTP 00000000)
[    0.000000] ACPI: BOOT 3d6cbf66 00028 (v01 LENOVO TP-7L    00002170  LTP 00000001)
[    0.000000] ACPI: ASF! 3d6cbf8e 00072 (v16 LENOVO TP-7L    00002170 PTL  00000001)
[    0.000000] ACPI: SSDT 3d6e26d9 0025F (v01 LENOVO TP-7L    00002170 INTL 20050513)
[    0.000000] ACPI: SSDT 3d6e2938 000A6 (v01 LENOVO TP-7L    00002170 INTL 20050513)
[    0.000000] ACPI: SSDT 3d6e29de 004F7 (v01 LENOVO TP-7L    00002170 INTL 20050513)
[    0.000000] ACPI: SSDT 3d6e2ed5 001D8 (v01 LENOVO TP-7L    00002170 INTL 20050513)
[    0.000000] ACPI: DMI detected: Lenovo ThinkPad R61
[    0.000000] ACPI: Added _OSI(Linux)
[    0.000000] ACPI: Local APIC address 0xfee00000
[    0.000000] 94MB HIGHMEM available.
[    0.000000] 887MB LOWMEM available.
[    0.000000]   mapped low ram: 0 - 377fe000
[    0.000000]   low ram: 0 - 377fe000
[    0.000000]   node 0 low ram: 00000000 - 377fe000
[    0.000000]   node 0 bootmap 00008000 - 0000ef00
[    0.000000] (6 early reservations) ==> bootmem [0000000000 - 00377fe000]
[    0.000000]   #0 [0000000000 - 0000001000]   BIOS data page ==> [0000000000 - 0000001000]
[    0.000000]   #1 [0001000000 - 0001bdc180]    TEXT DATA BSS ==> [0001000000 - 0001bdc180]
[    0.000000]   #2 [000009d800 - 0000100000]    BIOS reserved ==> [000009d800 - 0000100000]
[    0.000000]   #3 [0001bdd000 - 0001be516c]              BRK ==> [0001bdd000 - 0001be516c]
[    0.000000]   #4 [0000007000 - 0000008000]          PGTABLE ==> [0000007000 - 0000008000]
[    0.000000]   #5 [0000008000 - 000000f000]          BOOTMAP ==> [0000008000 - 000000f000]
[    0.000000] found SMP MP-table at [c00f6900] f6900
[    0.000000] Zone PFN ranges:
[    0.000000]   DMA      0x00000000 -> 0x00001000
[    0.000000]   Normal   0x00001000 -> 0x000377fe
[    0.000000]   HighMem  0x000377fe -> 0x0003d6b0
[    0.000000] Movable zone start PFN for each node
[    0.000000] early_node_map[2] active PFN ranges
[    0.000000]     0: 0x00000000 -> 0x0000009d
[    0.000000]     0: 0x00000100 -> 0x0003d6b0
[    0.000000] On node 0 totalpages: 251469
[    0.000000] free_area_init_node: node 0, pgdat c1901ea0, node_mem_map c1be7000
[    0.000000]   DMA zone: 32 pages used for memmap
[    0.000000]   DMA zone: 0 pages reserved
[    0.000000]   DMA zone: 3965 pages, LIFO batch:0
[    0.000000]   Normal zone: 1744 pages used for memmap
[    0.000000]   Normal zone: 221486 pages, LIFO batch:31
[    0.000000]   HighMem zone: 190 pages used for memmap
[    0.000000]   HighMem zone: 24052 pages, LIFO batch:3
[    0.000000] Using APIC driver default
[    0.000000] ACPI: PM-Timer IO Port: 0x1008
[    0.000000] ACPI: Local APIC address 0xfee00000
[    0.000000] ACPI: LAPIC (acpi_id[0x00] lapic_id[0x00] enabled)
[    0.000000] ACPI: LAPIC (acpi_id[0x01] lapic_id[0x01] enabled)
[    0.000000] ACPI: NR_CPUS/possible_cpus limit of 1 reached.  Processor 1/0x1 ignored.
[    0.000000] ACPI: LAPIC_NMI (acpi_id[0x00] high edge lint[0x1])
[    0.000000] ACPI: LAPIC_NMI (acpi_id[0x01] high edge lint[0x1])
[    0.000000] ACPI: IOAPIC (id[0x01] address[0xfec00000] gsi_base[0])
[    0.000000] IOAPIC[0]: apic_id 1, version 32, address 0xfec00000, GSI 0-23
[    0.000000] ACPI: INT_SRC_OVR (bus 0 bus_irq 0 global_irq 2 dfl dfl)
[    0.000000] ACPI: INT_SRC_OVR (bus 0 bus_irq 9 global_irq 9 high level)
[    0.000000] ACPI: IRQ0 used by override.
[    0.000000] ACPI: IRQ2 used by override.
[    0.000000] ACPI: IRQ9 used by override.
[    0.000000] Using ACPI (MADT) for SMP configuration information
[    0.000000] ACPI: HPET id: 0x8086a201 base: 0xfed00000
[    0.000000] nr_irqs_gsi: 24
[    0.000000] PM: Registered nosave memory: 000000000009d000 - 000000000009e000
[    0.000000] PM: Registered nosave memory: 000000000009e000 - 00000000000a0000
[    0.000000] PM: Registered nosave memory: 00000000000a0000 - 00000000000d2000
[    0.000000] PM: Registered nosave memory: 00000000000d2000 - 00000000000d4000
[    0.000000] PM: Registered nosave memory: 00000000000d4000 - 00000000000e0000
[    0.000000] PM: Registered nosave memory: 00000000000e0000 - 0000000000100000
[    0.000000] Allocating PCI resources starting at 3e000000 (gap: 3e000000:b2000000)
[    0.000000] Built 1 zonelists in Zone order, mobility grouping on.  Total pages: 249503
[    0.000000] Kernel command line: auto BOOT_IMAGE=Linux ro root=802 vt.default_utf8=0 maxcpus=0
[    0.000000] PID hash table entries: 4096 (order: 2, 16384 bytes)
[    0.000000] Dentry cache hash table entries: 131072 (order: 7, 524288 bytes)
[    0.000000] Inode-cache hash table entries: 65536 (order: 6, 262144 bytes)
[    0.000000] Enabling fast FPU save and restore... done.
[    0.000000] Enabling unmasked SIMD FPU exception support... done.
[    0.000000] Initializing CPU#0
[    0.000000] Initializing HighMem for node 0 (000377fe:0003d6b0)
[    0.000000] Memory: 984800k/1006272k available (6915k kernel code, 20876k reserved, 2327k data, 448k init, 96968k highmem)
[    0.000000] virtual kernel memory layout:
[    0.000000]     fixmap  : 0xfffa3000 - 0xfffff000   ( 368 kB)
[    0.000000]     pkmap   : 0xff800000 - 0xffc00000   (4096 kB)
[    0.000000]     vmalloc : 0xf7ffe000 - 0xff7fe000   ( 120 MB)
[    0.000000]     lowmem  : 0xc0000000 - 0xf77fe000   ( 887 MB)
[    0.000000]       .init : 0xc1907000 - 0xc1977000   ( 448 kB)
[    0.000000]       .data : 0xc16c0d3f - 0xc1906c64   (2327 kB)
[    0.000000]       .text : 0xc1000000 - 0xc16c0d3f   (6915 kB)
[    0.000000] Checking if this processor honours the WP bit even in supervisor mode...Ok.
[    0.000000] SLUB: Genslabs=13, HWalign=64, Order=0-3, MinObjects=0, CPUs=1, Nodes=1
[    0.000000] Hierarchical RCU implementation.
[    0.000000] NR_IRQS:288
[    0.000000] Extended CMOS year: 2000
[    0.000000] Console: colour VGA+ 80x25
[    0.000000] console [tty0] enabled
[    0.000000] hpet clockevent registered
[    0.000000] Fast TSC calibration using PIT
[    0.000000] Detected 2094.599 MHz processor.
[    0.001002] Calibrating delay loop (skipped), value calculated using timer frequency.. 4189.19 BogoMIPS (lpj=2094599)
[    0.001179] Security Framework initialized
[    0.001264] Mount-cache hash table entries: 512
[    0.001407] CPU: L1 I cache: 32K, L1 D cache: 32K
[    0.001536] CPU: L2 cache: 3072K
[    0.002004] mce: CPU supports 6 MCE banks
[    0.002087] CPU0: Thermal monitoring enabled (TM2)
[    0.002168] using mwait in idle threads.
[    0.002250] CPU: Intel(R) Core(TM)2 Duo CPU     T8100  @ 2.10GHz stepping 06
[    0.002429] Checking 'hlt' instruction... OK.
[    0.006934] ACPI: Core revision 20090903
[    0.026013] RANDOM get_random_int first call with cycles 38331272815, jiffies 4294667322 and pid 0
[    0.026021] CANARY value: ade5ed81 for PID: 1
[    0.026027] CANARY value: f2fbecd6 for PID: 2
[    0.026050] Enabling APIC mode:  Flat.  Using 1 I/O APICs
[    0.027365] ..TIMER: vector=0x30 apic1=0 pin1=2 apic2=-1 pin2=-1
[    0.037997] xor: automatically using best checksumming function: pIII_sse
[    0.041998]    pIII_sse  :  8568.000 MB/sec
[    0.042085] xor: using function: pIII_sse (8568.000 MB/sec)
[    0.042166] RANDOM - __seed init called.
[    0.042167] RANDOM - __seed init called.
[    0.042167] RANDOM - __seed init called.
[    0.042169] RANDOM - __random32 called. Change num 1.  Value: f7943846	49e73df3	af36cd0d
[    0.042171] RANDOM - __random32 called. Change num 2.  Value: 43846e13	9e73df37	9a1ad014
[    0.042173] RANDOM - __random32 called. Change num 3.  Value: 46e139c8	e73df373	a029598a
[    0.042175] RANDOM - __random32 called. Change num 4.  Value: 139c8c3b	73df373d	b3142c72
[    0.042176] RANDOM - __random32 called. Change num 5.  Value: c8c3b043	3df373de	58e576a9
[    0.042178] RANDOM - __random32 called. Change num 6.  Value: 3b0437d9	df373de5	ed53f9d8
[    0.042180] RANDOM - random32 init called.  Value: 3b0437d9	df373de5	ed53f9d8
[    0.042197] NET: Registered protocol family 16
[    0.042455] ACPI FADT declares the system doesn't support PCIe ASPM, so disable it
[    0.042571] ACPI: bus type pci registered
[    0.042732] PCI: MCFG configuration 0: base f0000000 segment 0 buses 0 - 63
[    0.042825] PCI: MCFG area at f0000000 reserved in E820
[    0.042905] PCI: Using MMCONFIG for extended config space
[    0.042992] PCI: Using configuration type 1 for base access
[    0.046107] bio: create slab <bio-0> at 0
[    0.046922] ACPI: EC: EC description table is found, configuring boot EC
[    0.052082] ACPI: BIOS _OSI(Linux) query honored via DMI
[    0.052800] random 0000 0000 0000 00000000 00000000: rand_read_num 2 get_random_bytes(8): sig fffffe1a 00000000 00000000
[    0.052803] random 0000 0000 0000 00000000 00000000: extract_entropy(.. 8 ..)
[    0.052806] random 0000 0000 0000 00000000 00000000: going to reseed nonblocking with 64 bits (64 of 0 requested)
[    0.052808] random 0000 0000 0000 00000000 00000000: extract_entropy(.. 8 ..)
[    0.052810] random 0000 0000 0000 00000000 00000000: trying to extract 64 bits from input
[    0.052813] random 0000 0000 0000 00000000 00000000: debiting 0 entropy credits from input
[    0.052814] random 0000 0000 0000 00000000 00000000: extract_entropy account returned: 0 
[    0.052817] random 0000 0000 0000 00000000 00000000: urand_change_num 3 xfer_secondary_pool(8): pool_sig fffffe1a, data_sig 00000000, bytes_mixed 0 00000000 00000000
[    0.052820] random 0000 0000 0000 00000000 00000000: trying to extract 64 bits from nonblocking
[    0.052823] random 0000 0000 0000 00000000 00000000: debiting 64 entropy credits from nonblocking (unlimited)
[    0.052851] random 0000 0000 0000 00000000 00000000: extract_entropy account returned: 8 
[    0.052855] random 0000 0000 0000 00000000 00000000: urand_change_num 4 extract_buf: pool_sig fffffe1a, data_sig fffffed7, bytes_mixed 20 00000000 00000000
[    0.058435] ACPI: Interpreter enabled
[    0.058518] ACPI: (supports S0 S3 S4 S5)
[    0.058819] ACPI: Using IOAPIC for interrupt routing
[    0.068582] ACPI: EC: GPE = 0x12, I/O: command/status = 0x66, data = 0x62
[    0.068857] ACPI: Power Resource [PUBS] (on)
[    0.071006] ACPI: ACPI Dock Station Driver: 3 docks/bays found
[    0.071412] ACPI: PCI Root Bridge [PCI0] (0000:00)
[    0.071573] pci 0000:00:02.0: reg 10 64bit mmio: [0xf8100000-0xf81fffff]
[    0.071579] pci 0000:00:02.0: reg 18 64bit mmio pref: [0xe0000000-0xefffffff]
[    0.071583] pci 0000:00:02.0: reg 20 io port: [0x1800-0x1807]
[    0.071617] pci 0000:00:02.1: reg 10 64bit mmio: [0xf8200000-0xf82fffff]
[    0.071726] pci 0000:00:19.0: reg 10 32bit mmio: [0xfe000000-0xfe01ffff]
[    0.071735] pci 0000:00:19.0: reg 14 32bit mmio: [0xfe025000-0xfe025fff]
[    0.071743] pci 0000:00:19.0: reg 18 io port: [0x1840-0x185f]
[    0.071809] pci 0000:00:19.0: PME# supported from D0 D3hot D3cold
[    0.071899] pci 0000:00:19.0: PME# disabled
[    0.072047] pci 0000:00:1a.0: reg 20 io port: [0x1860-0x187f]
[    0.072127] pci 0000:00:1a.1: reg 20 io port: [0x1880-0x189f]
[    0.072202] pci 0000:00:1a.7: reg 10 32bit mmio: [0xfe226c00-0xfe226fff]
[    0.072290] pci 0000:00:1a.7: PME# supported from D0 D3hot D3cold
[    0.072378] pci 0000:00:1a.7: PME# disabled
[    0.072519] pci 0000:00:1b.0: reg 10 64bit mmio: [0xfe020000-0xfe023fff]
[    0.072605] pci 0000:00:1b.0: PME# supported from D0 D3hot D3cold
[    0.072698] pci 0000:00:1b.0: PME# disabled
[    0.072892] pci 0000:00:1c.0: PME# supported from D0 D3hot D3cold
[    0.072987] pci 0000:00:1c.0: PME# disabled
[    0.073111] pci 0000:00:1c.1: PME# supported from D0 D3hot D3cold
[    0.073205] pci 0000:00:1c.1: PME# disabled
[    0.073411] pci 0000:00:1c.2: PME# supported from D0 D3hot D3cold
[    0.073496] pci 0000:00:1c.2: PME# disabled
[    0.073684] pci 0000:00:1c.3: PME# supported from D0 D3hot D3cold
[    0.073774] pci 0000:00:1c.3: PME# disabled
[    0.074114] pci 0000:00:1c.4: PME# supported from D0 D3hot D3cold
[    0.074197] pci 0000:00:1c.4: PME# disabled
[    0.074358] pci 0000:00:1d.0: reg 20 io port: [0x18a0-0x18bf]
[    0.075041] pci 0000:00:1d.1: reg 20 io port: [0x18c0-0x18df]
[    0.075113] pci 0000:00:1d.2: reg 20 io port: [0x18e0-0x18ff]
[    0.075207] pci 0000:00:1d.7: reg 10 32bit mmio: [0xfe227000-0xfe2273ff]
[    0.075301] pci 0000:00:1d.7: PME# supported from D0 D3hot D3cold
[    0.075386] pci 0000:00:1d.7: PME# disabled
[    0.075669] pci 0000:00:1f.0: quirk: region 1000-107f claimed by ICH6 ACPI/GPIO/TCO
[    0.075792] pci 0000:00:1f.0: quirk: region 1180-11bf claimed by ICH6 GPIO
[    0.075875] pci 0000:00:1f.0: ICH7 LPC Generic IO decode 1 PIO at 1600 (mask 007f)
[    0.075998] pci 0000:00:1f.0: ICH7 LPC Generic IO decode 2 PIO at 15e0 (mask 000f)
[    0.076126] pci 0000:00:1f.0: ICH7 LPC Generic IO decode 3 PIO at 1680 (mask 001f)
[    0.076316] pci 0000:00:1f.1: reg 10 io port: [0x00-0x07]
[    0.076325] pci 0000:00:1f.1: reg 14 io port: [0x00-0x03]
[    0.076336] pci 0000:00:1f.1: reg 18 io port: [0x00-0x07]
[    0.076343] pci 0000:00:1f.1: reg 1c io port: [0x00-0x03]
[    0.076355] pci 0000:00:1f.1: reg 20 io port: [0x1c00-0x1c0f]
[    0.076445] pci 0000:00:1f.2: reg 10 io port: [0x1c50-0x1c57]
[    0.076454] pci 0000:00:1f.2: reg 14 io port: [0x1c44-0x1c47]
[    0.076463] pci 0000:00:1f.2: reg 18 io port: [0x1c48-0x1c4f]
[    0.076472] pci 0000:00:1f.2: reg 1c io port: [0x1c40-0x1c43]
[    0.076478] pci 0000:00:1f.2: reg 20 io port: [0x1c20-0x1c3f]
[    0.076487] pci 0000:00:1f.2: reg 24 32bit mmio: [0xfe226000-0xfe2267ff]
[    0.076547] pci 0000:00:1f.2: PME# supported from D3hot
[    0.076629] pci 0000:00:1f.2: PME# disabled
[    0.076747] pci 0000:00:1f.3: reg 10 32bit mmio: [0xfe227400-0xfe2274ff]
[    0.076772] pci 0000:00:1f.3: reg 20 io port: [0x1c60-0x1c7f]
[    0.076867] pci 0000:00:1c.0: bridge io port: [0x2000-0x2fff]
[    0.076871] pci 0000:00:1c.0: bridge 32bit mmio: [0xfc000000-0xfdffffff]
[    0.076880] pci 0000:00:1c.0: bridge 64bit mmio pref: [0xf8000000-0xf80fffff]
[    0.076953] pci 0000:03:00.0: reg 10 64bit mmio: [0xdf3f0000-0xdf3fffff]
[    0.077150] pci 0000:00:1c.1: bridge io port: [0x3000-0x3fff]
[    0.077156] pci 0000:00:1c.1: bridge 32bit mmio: [0xdc000000-0xdf3fffff]
[    0.077166] pci 0000:00:1c.1: bridge 64bit mmio pref: [0xdfe00000-0xdfefffff]
[    0.077225] pci 0000:00:1c.2: bridge io port: [0x4000-0x4fff]
[    0.077229] pci 0000:00:1c.2: bridge 32bit mmio: [0xd8000000-0xd9ffffff]
[    0.077239] pci 0000:00:1c.2: bridge 64bit mmio pref: [0xdfb00000-0xdfbfffff]
[    0.077296] pci 0000:00:1c.3: bridge io port: [0x5000-0x5fff]
[    0.077302] pci 0000:00:1c.3: bridge 32bit mmio: [0xd4000000-0xd5ffffff]
[    0.077311] pci 0000:00:1c.3: bridge 64bit mmio pref: [0xdf800000-0xdf8fffff]
[    0.077368] pci 0000:00:1c.4: bridge io port: [0x6000-0x6fff]
[    0.077374] pci 0000:00:1c.4: bridge 32bit mmio: [0xd0000000-0xd1ffffff]
[    0.077383] pci 0000:00:1c.4: bridge 64bit mmio pref: [0xdf500000-0xdf5fffff]
[    0.077443] pci 0000:15:00.0: reg 10 32bit mmio: [0xf8300000-0xf8300fff]
[    0.077491] pci 0000:15:00.0: supports D1 D2
[    0.077493] pci 0000:15:00.0: PME# supported from D0 D1 D2 D3hot D3cold
[    0.077585] pci 0000:15:00.0: PME# disabled
[    0.077719] pci 0000:15:00.1: reg 10 32bit mmio: [0xf8301000-0xf83017ff]
[    0.077812] pci 0000:15:00.1: supports D1 D2
[    0.077814] pci 0000:15:00.1: PME# supported from D0 D1 D2 D3hot D3cold
[    0.077916] pci 0000:15:00.1: PME# disabled
[    0.078084] pci 0000:00:1e.0: transparent bridge
[    0.078172] pci 0000:00:1e.0: bridge io port: [0x7000-0xafff]
[    0.078176] pci 0000:00:1e.0: bridge 32bit mmio: [0xf8300000-0xfbffffff]
[    0.078183] pci 0000:00:1e.0: bridge 64bit mmio pref: [0xf4000000-0xf7ffffff]
[    0.078248] pci_bus 0000:00: on NUMA node 0
[    0.078252] ACPI: PCI Interrupt Routing Table [\_SB_.PCI0._PRT]
[    0.078385] ACPI: PCI Interrupt Routing Table [\_SB_.PCI0.EXP0._PRT]
[    0.078444] ACPI: PCI Interrupt Routing Table [\_SB_.PCI0.EXP1._PRT]
[    0.078502] ACPI: PCI Interrupt Routing Table [\_SB_.PCI0.EXP2._PRT]
[    0.078560] ACPI: PCI Interrupt Routing Table [\_SB_.PCI0.EXP3._PRT]
[    0.078623] ACPI: PCI Interrupt Routing Table [\_SB_.PCI0.EXP4._PRT]
[    0.078686] ACPI: PCI Interrupt Routing Table [\_SB_.PCI0.PCI1._PRT]
[    0.084168] ACPI: PCI Interrupt Link [LNKA] (IRQs 3 4 5 6 7 9 *10 11)
[    0.084894] ACPI: PCI Interrupt Link [LNKB] (IRQs 3 4 5 6 7 9 10 *11)
[    0.085610] ACPI: PCI Interrupt Link [LNKC] (IRQs 3 4 5 6 7 9 10 *11)
[    0.086361] ACPI: PCI Interrupt Link [LNKD] (IRQs 3 4 5 6 7 9 10 *11)
[    0.087088] ACPI: PCI Interrupt Link [LNKE] (IRQs 3 4 5 6 7 9 10 *11)
[    0.087821] ACPI: PCI Interrupt Link [LNKF] (IRQs 3 4 5 6 7 9 10 *11)
[    0.088531] ACPI: PCI Interrupt Link [LNKG] (IRQs 3 4 5 6 7 9 10 *11)
[    0.089279] ACPI: PCI Interrupt Link [LNKH] (IRQs 3 4 5 6 7 9 10 *11)
[    0.089965] vgaarb: device added: PCI:0000:00:02.0,decodes=io+mem,owns=io+mem,locks=none
[    0.090002] vgaarb: loaded
[    0.090172] SCSI subsystem initialized
[    0.090262] libata version 3.00 loaded.
[    0.090309] usbcore: registered new interface driver usbfs
[    0.090426] usbcore: registered new interface driver hub
[    0.090542] usbcore: registered new device driver usb
[    0.107043] raid6: int32x1    941 MB/s
[    0.124056] raid6: int32x2    890 MB/s
[    0.141066] raid6: int32x4    750 MB/s
[    0.157986] raid6: int32x8    656 MB/s
[    0.174999] raid6: mmxx1     2882 MB/s
[    0.191985] raid6: mmxx2     3253 MB/s
[    0.209003] raid6: sse1x1    1937 MB/s
[    0.225977] raid6: sse1x2    2531 MB/s
[    0.242981] raid6: sse2x1    3507 MB/s
[    0.259984] raid6: sse2x2    3824 MB/s
[    0.260069] raid6: using algorithm sse2x2 (3824 MB/s)
[    0.260153] PCI: Using ACPI for IRQ routing
[    0.260464] HPET: 3 timers in total, 0 timers will be used for per-cpu timer
[    0.260990] Switching to clocksource tsc
[    0.261087] pnp: PnP ACPI init
[    0.261181] ACPI: bus type pnp registered
[    0.264837] pnp: PnP ACPI: found 11 devices
[    0.264930] ACPI: ACPI bus type pnp unregistered
[    0.265022] system 00:00: iomem range 0x0-0x9ffff could not be reserved
[    0.265104] system 00:00: iomem range 0xc0000-0xc3fff could not be reserved
[    0.265191] system 00:00: iomem range 0xc4000-0xc7fff could not be reserved
[    0.265274] system 00:00: iomem range 0xc8000-0xcbfff has been reserved
[    0.265356] system 00:00: iomem range 0xcc000-0xcffff has been reserved
[    0.265440] system 00:00: iomem range 0xd0000-0xd3fff could not be reserved
[    0.265529] system 00:00: iomem range 0xe0000-0xe3fff could not be reserved
[    0.265618] system 00:00: iomem range 0xe4000-0xe7fff could not be reserved
[    0.265700] system 00:00: iomem range 0xe8000-0xebfff could not be reserved
[    0.265785] system 00:00: iomem range 0xec000-0xeffff could not be reserved
[    0.265883] system 00:00: iomem range 0xf0000-0xfffff could not be reserved
[    0.265968] system 00:00: iomem range 0x100000-0x3dffffff could not be reserved
[    0.266084] system 00:00: iomem range 0xfec00000-0xfed3ffff could not be reserved
[    0.266199] system 00:00: iomem range 0xfed4c000-0xffffffff could not be reserved
[    0.266319] system 00:02: ioport range 0x164e-0x164f has been reserved
[    0.266408] system 00:02: ioport range 0x1000-0x107f has been reserved
[    0.266494] system 00:02: ioport range 0x1180-0x11bf has been reserved
[    0.266576] system 00:02: ioport range 0x800-0x80f has been reserved
[    0.266658] system 00:02: ioport range 0x15e0-0x15ef has been reserved
[    0.266751] system 00:02: ioport range 0x1600-0x165f could not be reserved
[    0.266832] system 00:02: iomem range 0xf0000000-0xf3ffffff has been reserved
[    0.266926] system 00:02: iomem range 0xfed1c000-0xfed1ffff has been reserved
[    0.267020] system 00:02: iomem range 0xfed14000-0xfed17fff has been reserved
[    0.267114] system 00:02: iomem range 0xfed18000-0xfed18fff has been reserved
[    0.267200] system 00:02: iomem range 0xfed19000-0xfed19fff has been reserved
[    0.267295] system 00:02: iomem range 0xfed45000-0xfed4bfff has been reserved
[    0.302339] pci 0000:00:1c.0: PCI bridge, secondary bus 0000:02
[    0.302430] pci 0000:00:1c.0:   IO window: 0x2000-0x2fff
[    0.302518] pci 0000:00:1c.0:   MEM window: 0xfc000000-0xfdffffff
[    0.302616] pci 0000:00:1c.0:   PREFETCH window: 0x000000f8000000-0x000000f80fffff
[    0.302733] pci 0000:00:1c.1: PCI bridge, secondary bus 0000:03
[    0.302821] pci 0000:00:1c.1:   IO window: 0x3000-0x3fff
[    0.302910] pci 0000:00:1c.1:   MEM window: 0xdc000000-0xdf3fffff
[    0.302997] pci 0000:00:1c.1:   PREFETCH window: 0x000000dfe00000-0x000000dfefffff
[    0.303120] pci 0000:00:1c.2: PCI bridge, secondary bus 0000:04
[    0.303213] pci 0000:00:1c.2:   IO window: 0x4000-0x4fff
[    0.303303] pci 0000:00:1c.2:   MEM window: 0xd8000000-0xd9ffffff
[    0.303390] pci 0000:00:1c.2:   PREFETCH window: 0x000000dfb00000-0x000000dfbfffff
[    0.303508] pci 0000:00:1c.3: PCI bridge, secondary bus 0000:05
[    0.303599] pci 0000:00:1c.3:   IO window: 0x5000-0x5fff
[    0.303695] pci 0000:00:1c.3:   MEM window: 0xd4000000-0xd5ffffff
[    0.303785] pci 0000:00:1c.3:   PREFETCH window: 0x000000df800000-0x000000df8fffff
[    0.303919] pci 0000:00:1c.4: PCI bridge, secondary bus 0000:0d
[    0.304007] pci 0000:00:1c.4:   IO window: 0x6000-0x6fff
[    0.304099] pci 0000:00:1c.4:   MEM window: 0xd0000000-0xd1ffffff
[    0.304188] pci 0000:00:1c.4:   PREFETCH window: 0x000000df500000-0x000000df5fffff
[    0.304314] pci 0000:15:00.0: CardBus bridge, secondary bus 0000:16
[    0.304395] pci 0000:15:00.0:   IO window: 0x007000-0x0070ff
[    0.304492] pci 0000:15:00.0:   IO window: 0x007400-0x0074ff
[    0.304583] pci 0000:15:00.0:   PREFETCH window: 0xf4000000-0xf7ffffff
[    0.304674] pci 0000:15:00.0:   MEM window: 0x40000000-0x43ffffff
[    0.304760] pci 0000:00:1e.0: PCI bridge, secondary bus 0000:15
[    0.304857] pci 0000:00:1e.0:   IO window: 0x7000-0xafff
[    0.304950] pci 0000:00:1e.0:   MEM window: 0xf8300000-0xfbffffff
[    0.305042] pci 0000:00:1e.0:   PREFETCH window: 0x000000f4000000-0x000000f7ffffff
[    0.305177] pci 0000:00:1c.0: PCI INT A -> GSI 20 (level, low) -> IRQ 20
[    0.305266] pci 0000:00:1c.0: setting latency timer to 64
[    0.305278] pci 0000:00:1c.1: PCI INT B -> GSI 21 (level, low) -> IRQ 21
[    0.305369] pci 0000:00:1c.1: setting latency timer to 64
[    0.305379] pci 0000:00:1c.2: PCI INT C -> GSI 22 (level, low) -> IRQ 22
[    0.305462] pci 0000:00:1c.2: setting latency timer to 64
[    0.305474] pci 0000:00:1c.3: PCI INT D -> GSI 23 (level, low) -> IRQ 23
[    0.305559] pci 0000:00:1c.3: setting latency timer to 64
[    0.305570] pci 0000:00:1c.4: PCI INT A -> GSI 20 (level, low) -> IRQ 20
[    0.305663] pci 0000:00:1c.4: setting latency timer to 64
[    0.305668] pci 0000:00:1e.0: enabling device (0005 -> 0007)
[    0.305759] pci 0000:00:1e.0: setting latency timer to 64
[    0.305772] pci 0000:15:00.0: PCI INT A -> GSI 16 (level, low) -> IRQ 16
[    0.305858] pci 0000:15:00.0: setting latency timer to 64
[    0.305867] pci_bus 0000:00: resource 0 io:  [0x00-0xffff]
[    0.305869] pci_bus 0000:00: resource 1 mem: [0x000000-0xffffffff]
[    0.305871] pci_bus 0000:02: resource 0 io:  [0x2000-0x2fff]
[    0.305873] pci_bus 0000:02: resource 1 mem: [0xfc000000-0xfdffffff]
[    0.305874] pci_bus 0000:02: resource 2 pref mem [0xf8000000-0xf80fffff]
[    0.305876] pci_bus 0000:03: resource 0 io:  [0x3000-0x3fff]
[    0.305878] pci_bus 0000:03: resource 1 mem: [0xdc000000-0xdf3fffff]
[    0.305880] pci_bus 0000:03: resource 2 pref mem [0xdfe00000-0xdfefffff]
[    0.305882] pci_bus 0000:04: resource 0 io:  [0x4000-0x4fff]
[    0.305884] pci_bus 0000:04: resource 1 mem: [0xd8000000-0xd9ffffff]
[    0.305886] pci_bus 0000:04: resource 2 pref mem [0xdfb00000-0xdfbfffff]
[    0.305888] pci_bus 0000:05: resource 0 io:  [0x5000-0x5fff]
[    0.305890] pci_bus 0000:05: resource 1 mem: [0xd4000000-0xd5ffffff]
[    0.305892] pci_bus 0000:05: resource 2 pref mem [0xdf800000-0xdf8fffff]
[    0.305893] pci_bus 0000:0d: resource 0 io:  [0x6000-0x6fff]
[    0.305895] pci_bus 0000:0d: resource 1 mem: [0xd0000000-0xd1ffffff]
[    0.305897] pci_bus 0000:0d: resource 2 pref mem [0xdf500000-0xdf5fffff]
[    0.305899] pci_bus 0000:15: resource 0 io:  [0x7000-0xafff]
[    0.305901] pci_bus 0000:15: resource 1 mem: [0xf8300000-0xfbffffff]
[    0.305903] pci_bus 0000:15: resource 2 pref mem [0xf4000000-0xf7ffffff]
[    0.305905] pci_bus 0000:15: resource 3 io:  [0x00-0xffff]
[    0.305906] pci_bus 0000:15: resource 4 mem: [0x000000-0xffffffff]
[    0.305908] pci_bus 0000:16: resource 0 io:  [0x7000-0x70ff]
[    0.305910] pci_bus 0000:16: resource 1 io:  [0x7400-0x74ff]
[    0.305912] pci_bus 0000:16: resource 2 pref mem [0xf4000000-0xf7ffffff]
[    0.305914] pci_bus 0000:16: resource 3 mem: [0x40000000-0x43ffffff]
[    0.305921] NET: Registered protocol family 2
[    0.306004] RANDOM - __random32 called. Change num 7.  Value: 437d97bf	f373de51	f3b0f986
[    0.306005] RANDOM - random32 called.  Value: 437d97bf	f373de51	f3b0f986
[    0.306010] random 0000 0000 0000 5f8db4e5 4cfdf2a8: rand_read_num 3 get_random_bytes(4): sig fffffb64 5f8db4e5 4cfdf2a8
[    0.306012] random 0000 0000 0000 5f8db4e5 4cfdf2a8: extract_entropy(.. 4 ..)
[    0.306015] random 0000 0000 0000 5f8db4e5 4cfdf2a8: going to reseed nonblocking with 64 bits (32 of 0 requested)
[    0.306017] random 0000 0000 0000 5f8db4e5 4cfdf2a8: extract_entropy(.. 8 ..)
[    0.306019] random 0000 0000 0000 5f8db4e5 4cfdf2a8: trying to extract 64 bits from input
[    0.306021] random 0000 0000 0000 5f8db4e5 4cfdf2a8: debiting 0 entropy credits from input
[    0.306023] random 0000 0000 0000 5f8db4e5 4cfdf2a8: extract_entropy account returned: 0 
[    0.306026] random 0000 0000 0000 5f8db4e5 4cfdf2a8: urand_change_num 5 xfer_secondary_pool(4): pool_sig fffffb64, data_sig 00000000, bytes_mixed 0 5f8db4e5 4cfdf2a8
[    0.306029] random 0000 0000 0000 5f8db4e5 4cfdf2a8: trying to extract 32 bits from nonblocking
[    0.306031] random 0000 0000 0000 5f8db4e5 4cfdf2a8: debiting 32 entropy credits from nonblocking (unlimited)
[    0.306034] random 0000 0000 0000 5f8db4e5 4cfdf2a8: extract_entropy account returned: 4 
[    0.306038] random 0000 0000 0000 5f8db4e5 4cfdf2a8: urand_change_num 6 extract_buf: pool_sig fffffb64, data_sig 00000241, bytes_mixed 20 5f8db4e5 4cfdf2a8
[    0.306047] IP route cache hash table entries: 32768 (order: 5, 131072 bytes)
[    0.306177] RANDOM - __random32 called. Change num 8.  Value: d97bfe31	373de51f	f30dc6e6
[    0.306179] RANDOM - random32 called.  Value: d97bfe31	373de51f	f30dc6e6
[    0.306189] RANDOM - __random32 called. Change num 9.  Value: bfe314d7	73de51f5	8dcd6c7e
[    0.306191] RANDOM - random32 called.  Value: bfe314d7	73de51f5	8dcd6c7e
[    0.306193] RANDOM - __random32 called. Change num 10.  Value: 314d7baf	3de51f5e	d8fc74c1
[    0.306194] RANDOM - random32 called.  Value: 314d7baf	3de51f5e	d8fc74c1
[    0.306205] RANDOM - __random32 called. Change num 11.  Value: d7baf3c7	de51f5e5	e983e3fa
[    0.306207] RANDOM - random32 called.  Value: d7baf3c7	de51f5e5	e983e3fa
[    0.306217] TCP established hash table entries: 131072 (order: 8, 1048576 bytes)
[    0.306709] TCP bind hash table entries: 65536 (order: 6, 262144 bytes)
[    0.306898] TCP: Hash tables configured (established 131072 bind 65536)
[    0.306980] TCP reno registered
[    0.307090] NET: Registered protocol family 1
[    0.307194] RPC: Registered udp transport module.
[    0.307285] RPC: Registered tcp transport module.
[    0.307372] RPC: Registered tcp NFSv4.1 backchannel transport module.
[    0.307457] pci 0000:00:02.0: Boot video device
[    0.307673] Simple Boot Flag at 0x35 set to 0x1
[    0.308223] highmem bounce pool size: 64 pages
[    0.309711] VFS: Disk quotas dquot_6.5.2
[    0.309831] Dquot-cache hash table entries: 1024 (order 0, 4096 bytes)
[    0.310580] NTFS driver 2.1.29 [Flags: R/W].
[    0.310731] ROMFS MTD (C) 2007 Red Hat, Inc.
[    0.310941] JFS: nTxBlock = 7695, nTxLock = 61562
[    0.313418] SGI XFS with ACLs, security attributes, large block/inode numbers, no debug enabled
[    0.313908] SGI XFS Quota Management subsystem
[    0.314189] Slow work thread pool: Starting up
[    0.314281] Slow work thread pool: Ready
[    0.314372] GFS2 (built May 24 2013 02:47:17) installed
[    0.314465] msgmni has been set to 1734
[    0.314625] alg: No test for cipher_null (cipher_null-generic)
[    0.314716] alg: No test for ecb(cipher_null) (ecb-cipher_null)
[    0.314806] alg: No test for digest_null (digest_null-generic)
[    0.314916] alg: No test for compress_null (compress_null-generic)
[    0.315457] alg: No test for fcrypt (fcrypt-generic)
[    0.316882] alg: No test for stdrng (krng)
[    0.316964] async_tx: api initialized (async)
[    0.317111] Block layer SCSI generic (bsg) driver version 0.4 loaded (major 254)
[    0.317228] io scheduler noop registered
[    0.317307] io scheduler anticipatory registered
[    0.317393] io scheduler deadline registered
[    0.317516] io scheduler cfq registered (default)
[    0.317748] pcieport 0000:00:1c.0: irq 24 for MSI/MSI-X
[    0.317765] pcieport 0000:00:1c.0: setting latency timer to 64
[    0.317998] pcieport 0000:00:1c.1: irq 25 for MSI/MSI-X
[    0.318010] pcieport 0000:00:1c.1: setting latency timer to 64
[    0.318200] pcieport 0000:00:1c.2: irq 26 for MSI/MSI-X
[    0.318209] pcieport 0000:00:1c.2: setting latency timer to 64
[    0.318385] pcieport 0000:00:1c.3: irq 27 for MSI/MSI-X
[    0.318396] pcieport 0000:00:1c.3: setting latency timer to 64
[    0.318573] pcieport 0000:00:1c.4: irq 28 for MSI/MSI-X
[    0.318584] pcieport 0000:00:1c.4: setting latency timer to 64
[    0.318731] pci_hotplug: PCI Hot Plug PCI Core version: 0.5
[    0.318927] isapnp: Scanning for PnP cards...
[    0.679447] isapnp: No Plug & Play device found
[    0.679530] random 0000 0000 0000 5f8db4e5 4cfdf2a8: initializing
[    0.679532] RANDOM init_std_data for input now value: 1369930464679532703
[    0.679534] RANDOM init_std_data for blocking now value: 1369930464679534738
[    0.679535] RANDOM init_std_data for nonblocking now value: 1369930464679536452
[    0.699108] Serial: 8250/16550 driver, 4 ports, IRQ sharing enabled
[    3.709912] floppy0: no floppy controllers found
[    3.710859] brd: module loaded
[    3.711356] loop: module loaded
[    3.711436] Compaq SMART2 Driver (v 2.6.0)
[    3.711551] HP CISS Driver (v 3.6.20)
[    3.711799] input: Macintosh mouse button emulation as /devices/virtual/input/input0
[    3.711935] Uniform Multi-Platform E-IDE driver
[    3.712150] piix 0000:00:1f.1: IDE controller (0x8086:0x2850 rev 0x03)
[    3.712250] pci 0000:00:1f.1: PCI INT C -> GSI 16 (level, low) -> IRQ 16
[    3.712353] piix 0000:00:1f.1: IDE port disabled
[    3.712443] piix 0000:00:1f.1: not 100% native mode: will probe irqs later
[    3.712538]     ide0: BM-DMA at 0x1c00-0x1c07
[    3.712640] Probing IDE interface ide0...
[    4.384139] hda: HL-DT-ST DVDRAM GSA-U10N, ATAPI CD/DVD-ROM drive
[    4.690953] hda: host max PIO4 wanted PIO255(auto-tune) selected PIO4
[    4.691724] hda: UDMA/33 mode selected
[    4.692188] ide0 at 0x1f0-0x1f7,0x3f6 on irq 14
[    4.696051] ide-gd driver 1.18
[    4.696169] ide-cd driver 5.00
[    4.697553] random 0000 0000 0000 00000000 00000000: add_disk_randomness(0:0) 00000000 00000000
[    4.697557] random 0000 0000 0000 00000000 00000000: add_timer_randomness(.. 256) with jiffies: 5284478493428252281, cycles: 5284478489133580299
[    4.697560] random 0000 0000 0000 00000000 00000000: added 11 entropy credits to input
[    4.697564] ide-cd: hda: ATAPI 24X DVD-ROM DVD-R/RAM CD-R/RW drive, 2048kB Cache
[    4.697954] Uniform CD-ROM driver Revision: 3.20
[    4.700836] random 0011 0000 0000 00000000 00000000: add_disk_randomness(0:0) 00000000 00000000
[    4.700839] random 0011 0000 0000 00000000 00000000: add_timer_randomness(.. 256) with jiffies: 5314012844629130876, cycles: 5314012840334458891
[    4.700842] random 0011 0000 0000 00000000 00000000: added 1 entropy credits to input
[    4.700845] random 0012 0000 0000 00000000 00000000: add_disk_randomness(0:0) 00000000 00000000
[    4.700847] random 0012 0000 0000 00000000 00000000: add_timer_randomness(.. 256) with jiffies: 5314089329406738044, cycles: 5314089325112066059
[    4.702838] random 0012 0000 0000 00000000 00000000: add_disk_randomness(0:0) 00000000 00000000
[    4.702841] random 0012 0000 0000 00000000 00000000: add_timer_randomness(.. 256) with jiffies: 5332027221663776382, cycles: 5332027217369104395
[    4.702844] random 0012 0000 0000 00000000 00000000: added 1 entropy credits to input
[    4.702847] random 0013 0000 0000 00000000 00000000: add_disk_randomness(0:0) 00000000 00000000
[    4.702850] random 0013 0000 0000 00000000 00000000: add_timer_randomness(.. 256) with jiffies: 5332102984886877822, cycles: 5332102980592205835
[    4.704838] random 0013 0000 0000 00000000 00000000: add_disk_randomness(0:0) 00000000 00000000
[    4.704840] random 0013 0000 0000 00000000 00000000: add_timer_randomness(.. 256) with jiffies: 5350011559697153664, cycles: 5350011555402481675
[    4.704843] random 0013 0000 0000 00000000 00000000: added 1 entropy credits to input
[    4.704846] random 0014 0000 0000 00000000 00000000: add_disk_randomness(0:0) 00000000 00000000
[    4.704849] random 0014 0000 0000 00000000 00000000: add_timer_randomness(.. 256) with jiffies: 5350084797479485056, cycles: 5350084793184813067
[    4.705128] Loading iSCSI transport class v2.0-870.
[    4.705406] rdac: device handler registered
[    4.705487] hp_sw: device handler registered
[    4.705565] emc: device handler registered
[    4.705656] alua: device handler registered
[    4.706634] Adaptec aacraid driver 1.1-5[2461]-ms
[    4.707069] scsi: <fdomain> Detection failed (no card)
[    4.707177] sym53c416.c: Version 1.0.0-ac
[    4.707289] qlogicfas: no cards were found, please specify I/O address and IRQ using iobase= and irq= options
[    4.707402] QLogic Fibre Channel HBA Driver: 8.03.01-k6
[    4.707613] iscsi: registered transport (qla4xxx)
[    4.707713] QLogic iSCSI HBA Driver
[    4.707804] Emulex LightPulse Fibre Channel SCSI driver 8.3.4
[    4.707894] Copyright(c) 2004-2009 Emulex.  All rights reserved.
[    4.729941] Failed initialization of WD-7000 SCSI card!
[    4.819729] DC390: clustering now enabled by default. If you get problems load
[    4.819840]        with "disable_clustering=1" and report to maintainers
[    4.819971] megaraid cmm: 2.20.2.7 (Release Date: Sun Jul 16 00:01:03 EST 2006)
[    4.820115] megaraid: 2.20.5.1 (Release Date: Thu Nov 16 15:32:35 EST 2006)
[    4.820218] megasas: 00.00.04.01 Thu July 24 11:41:51 PST 2008
[    4.820358] GDT-HA: Storage RAID Controller Driver. Version: 3.05
[    4.820514] 3ware Storage Controller device driver for Linux v1.26.02.002.
[    4.820614] 3ware 9000 Storage Controller device driver for Linux v2.26.02.012.
[    4.820747] nsp32: loading...
[    4.820843] ipr: IBM Power RAID SCSI Device Driver version: 2.4.3 (June 10, 2009)
[    4.820981] RocketRAID 3xxx/4xxx Controller driver v1.6 (090910)
[    4.821084] stex: Promise SuperTrak EX Driver version: 4.6.0000.3
[    4.821216] st: Version 20081215, fixed bufsize 32768, s/g segs 256
[    4.821406] ahci 0000:00:1f.2: version 3.0
[    4.821425] ahci 0000:00:1f.2: PCI INT B -> GSI 16 (level, low) -> IRQ 16
[    4.821547] ahci 0000:00:1f.2: irq 29 for MSI/MSI-X
[    4.821603] ahci 0000:00:1f.2: AHCI 0001.0100 32 slots 3 ports 1.5 Gbps 0x5 impl SATA mode
[    4.821731] ahci 0000:00:1f.2: flags: 64bit ncq sntf pm led clo pio slum part ccc 
[    4.821846] ahci 0000:00:1f.2: setting latency timer to 64
[    4.822004] scsi2 : ahci
[    4.822154] scsi3 : ahci
[    4.822290] scsi4 : ahci
[    4.822452] ata1: SATA max UDMA/133 abar m2048@0xfe226000 port 0xfe226100 irq 29
[    4.822566] ata2: DUMMY
[    4.822644] ata3: SATA max UDMA/133 abar m2048@0xfe226000 port 0xfe226200 irq 29
[    4.823252] I2O subsystem v1.325
[    4.823330] i2o: max drivers = 8
[    4.823467] I2O Configuration OSM v1.323
[    4.823565] I2O Bus Adapter OSM v1.317
[    4.823663] I2O Block Device OSM v1.325
[    4.823809] I2O SCSI Peripheral OSM v1.316
[    4.823905] I2O ProcFS OSM v1.316
[    4.824067] Fusion MPT base driver 3.04.12
[    4.824145] Copyright (c) 1999-2008 LSI Corporation
[    4.824228] Fusion MPT SPI Host driver 3.04.12
[    4.824333] Fusion MPT FC Host driver 3.04.12
[    4.824436] Fusion MPT SAS Host driver 3.04.12
[    4.824579] ohci1394 0000:15:00.1: PCI INT B -> GSI 17 (level, low) -> IRQ 17
[    4.824671] ohci1394 0000:15:00.1: setting latency timer to 64
[    4.877962] ohci1394: fw-host0: OHCI-1394 1.1 (PCI): IRQ=[17]  MMIO=[f8301000-f83017ff]  Max Packet=[2048]  IR/IT contexts=[4/4]
[    4.881224] ehci_hcd: USB 2.0 'Enhanced' Host Controller (EHCI) Driver
[    4.881510] ehci_hcd 0000:00:1a.7: power state changed by ACPI to D0
[    4.881763] ehci_hcd 0000:00:1a.7: power state changed by ACPI to D0
[    4.881850] ehci_hcd 0000:00:1a.7: PCI INT C -> GSI 22 (level, low) -> IRQ 22
[    4.881946] ehci_hcd 0000:00:1a.7: setting latency timer to 64
[    4.881950] ehci_hcd 0000:00:1a.7: EHCI Host Controller
[    4.882079] ehci_hcd 0000:00:1a.7: new USB bus registered, assigned bus number 1
[    4.886108] ehci_hcd 0000:00:1a.7: cache line size of 32 is not supported
[    4.886117] ehci_hcd 0000:00:1a.7: irq 22, io mem 0xfe226c00
[    4.895925] ehci_hcd 0000:00:1a.7: USB 2.0 started, EHCI 1.00
[    4.896029] usb usb1: New USB device found, idVendor=1d6b, idProduct=0002
[    4.896121] usb usb1: New USB device strings: Mfr=3, Product=2, SerialNumber=1
[    4.896232] usb usb1: Product: EHCI Host Controller
[    4.896323] usb usb1: Manufacturer: Linux 2.6.32.57 ehci_hcd
[    4.896402] usb usb1: SerialNumber: 0000:00:1a.7
[    4.896539] usb usb1: configuration #1 chosen from 1 choice
[    4.896657] hub 1-0:1.0: USB hub found
[    4.896740] hub 1-0:1.0: 4 ports detected
[    4.897038] ehci_hcd 0000:00:1d.7: power state changed by ACPI to D0
[    4.897273] ehci_hcd 0000:00:1d.7: power state changed by ACPI to D0
[    4.897382] ehci_hcd 0000:00:1d.7: PCI INT D -> GSI 19 (level, low) -> IRQ 19
[    4.897471] ehci_hcd 0000:00:1d.7: setting latency timer to 64
[    4.897474] ehci_hcd 0000:00:1d.7: EHCI Host Controller
[    4.897597] ehci_hcd 0000:00:1d.7: new USB bus registered, assigned bus number 2
[    4.897754] ehci_hcd 0000:00:1d.7: debug port 1
[    4.901739] ehci_hcd 0000:00:1d.7: cache line size of 32 is not supported
[    4.901748] ehci_hcd 0000:00:1d.7: irq 19, io mem 0xfe227000
[    4.911926] ehci_hcd 0000:00:1d.7: USB 2.0 started, EHCI 1.00
[    4.912038] usb usb2: New USB device found, idVendor=1d6b, idProduct=0002
[    4.912126] usb usb2: New USB device strings: Mfr=3, Product=2, SerialNumber=1
[    4.912238] usb usb2: Product: EHCI Host Controller
[    4.912321] usb usb2: Manufacturer: Linux 2.6.32.57 ehci_hcd
[    4.912402] usb usb2: SerialNumber: 0000:00:1d.7
[    4.912534] usb usb2: configuration #1 chosen from 1 choice
[    4.912650] hub 2-0:1.0: USB hub found
[    4.912732] hub 2-0:1.0: 6 ports detected
[    4.912903] 116x: driver isp116x-hcd, 03 Nov 2005
[    4.913002] ohci_hcd: USB 1.1 'Open' Host Controller (OHCI) Driver
[    4.913111] uhci_hcd: USB Universal Host Controller Interface driver
[    4.913222] uhci_hcd 0000:00:1a.0: PCI INT A -> GSI 20 (level, low) -> IRQ 20
[    4.913321] uhci_hcd 0000:00:1a.0: setting latency timer to 64
[    4.913326] uhci_hcd 0000:00:1a.0: UHCI Host Controller
[    4.913453] uhci_hcd 0000:00:1a.0: new USB bus registered, assigned bus number 3
[    4.913609] uhci_hcd 0000:00:1a.0: irq 20, io base 0x00001860
[    4.913720] usb usb3: New USB device found, idVendor=1d6b, idProduct=0001
[    4.913803] usb usb3: New USB device strings: Mfr=3, Product=2, SerialNumber=1
[    4.913930] usb usb3: Product: UHCI Host Controller
[    4.914013] usb usb3: Manufacturer: Linux 2.6.32.57 uhci_hcd
[    4.914104] usb usb3: SerialNumber: 0000:00:1a.0
[    4.914236] usb usb3: configuration #1 chosen from 1 choice
[    4.914345] hub 3-0:1.0: USB hub found
[    4.914446] hub 3-0:1.0: 2 ports detected
[    4.914737] uhci_hcd 0000:00:1a.1: power state changed by ACPI to D0
[    4.914981] uhci_hcd 0000:00:1a.1: power state changed by ACPI to D0
[    4.915067] uhci_hcd 0000:00:1a.1: PCI INT B -> GSI 21 (level, low) -> IRQ 21
[    4.915160] uhci_hcd 0000:00:1a.1: setting latency timer to 64
[    4.915165] uhci_hcd 0000:00:1a.1: UHCI Host Controller
[    4.915291] uhci_hcd 0000:00:1a.1: new USB bus registered, assigned bus number 4
[    4.915441] uhci_hcd 0000:00:1a.1: irq 21, io base 0x00001880
[    4.915554] usb usb4: New USB device found, idVendor=1d6b, idProduct=0001
[    4.915647] usb usb4: New USB device strings: Mfr=3, Product=2, SerialNumber=1
[    4.915760] usb usb4: Product: UHCI Host Controller
[    4.915843] usb usb4: Manufacturer: Linux 2.6.32.57 uhci_hcd
[    4.915933] usb usb4: SerialNumber: 0000:00:1a.1
[    4.916069] usb usb4: configuration #1 chosen from 1 choice
[    4.916176] hub 4-0:1.0: USB hub found
[    4.916265] hub 4-0:1.0: 2 ports detected
[    4.916546] uhci_hcd 0000:00:1d.0: power state changed by ACPI to D0
[    4.916788] uhci_hcd 0000:00:1d.0: power state changed by ACPI to D0
[    4.916879] uhci_hcd 0000:00:1d.0: PCI INT A -> GSI 16 (level, low) -> IRQ 16
[    4.916978] uhci_hcd 0000:00:1d.0: setting latency timer to 64
[    4.916981] uhci_hcd 0000:00:1d.0: UHCI Host Controller
[    4.917102] uhci_hcd 0000:00:1d.0: new USB bus registered, assigned bus number 5
[    4.917244] uhci_hcd 0000:00:1d.0: irq 16, io base 0x000018a0
[    4.917349] usb usb5: New USB device found, idVendor=1d6b, idProduct=0001
[    4.917431] usb usb5: New USB device strings: Mfr=3, Product=2, SerialNumber=1
[    4.917546] usb usb5: Product: UHCI Host Controller
[    4.917628] usb usb5: Manufacturer: Linux 2.6.32.57 uhci_hcd
[    4.917714] usb usb5: SerialNumber: 0000:00:1d.0
[    4.917839] usb usb5: configuration #1 chosen from 1 choice
[    4.917955] hub 5-0:1.0: USB hub found
[    4.918048] hub 5-0:1.0: 2 ports detected
[    4.918183] uhci_hcd 0000:00:1d.1: PCI INT B -> GSI 17 (level, low) -> IRQ 17
[    4.918279] uhci_hcd 0000:00:1d.1: setting latency timer to 64
[    4.918284] uhci_hcd 0000:00:1d.1: UHCI Host Controller
[    4.918403] uhci_hcd 0000:00:1d.1: new USB bus registered, assigned bus number 6
[    4.918540] uhci_hcd 0000:00:1d.1: irq 17, io base 0x000018c0
[    4.918656] usb usb6: New USB device found, idVendor=1d6b, idProduct=0001
[    4.918736] usb usb6: New USB device strings: Mfr=3, Product=2, SerialNumber=1
[    4.918859] usb usb6: Product: UHCI Host Controller
[    4.918944] usb usb6: Manufacturer: Linux 2.6.32.57 uhci_hcd
[    4.919029] usb usb6: SerialNumber: 0000:00:1d.1
[    4.919162] usb usb6: configuration #1 chosen from 1 choice
[    4.919271] hub 6-0:1.0: USB hub found
[    4.919366] hub 6-0:1.0: 2 ports detected
[    4.919649] uhci_hcd 0000:00:1d.2: power state changed by ACPI to D0
[    4.919884] uhci_hcd 0000:00:1d.2: power state changed by ACPI to D0
[    4.919989] uhci_hcd 0000:00:1d.2: PCI INT C -> GSI 18 (level, low) -> IRQ 18
[    4.920073] uhci_hcd 0000:00:1d.2: setting latency timer to 64
[    4.920076] uhci_hcd 0000:00:1d.2: UHCI Host Controller
[    4.920200] uhci_hcd 0000:00:1d.2: new USB bus registered, assigned bus number 7
[    4.920360] uhci_hcd 0000:00:1d.2: irq 18, io base 0x000018e0
[    4.920467] usb usb7: New USB device found, idVendor=1d6b, idProduct=0001
[    4.920548] usb usb7: New USB device strings: Mfr=3, Product=2, SerialNumber=1
[    4.920663] usb usb7: Product: UHCI Host Controller
[    4.920745] usb usb7: Manufacturer: Linux 2.6.32.57 uhci_hcd
[    4.920825] usb usb7: SerialNumber: 0000:00:1d.2
[    4.921618] usb usb7: configuration #1 chosen from 1 choice
[    4.921727] hub 7-0:1.0: USB hub found
[    4.921808] hub 7-0:1.0: 2 ports detected
[    4.921964] sl811: driver sl811-hcd, 19 May 2005
[    4.922069] r8a66597_hcd: driver r8a66597_hcd, 2009-05-26
[    4.922229] Initializing USB Mass Storage driver...
[    4.922352] usbcore: registered new interface driver usb-storage
[    4.922433] USB Mass Storage support registered.
[    4.922534] usbcore: registered new interface driver ums-alauda
[    4.922647] usbcore: registered new interface driver ums-cypress
[    4.922747] usbcore: registered new interface driver ums-datafab
[    4.922851] usbcore: registered new interface driver ums-freecom
[    4.922966] usbcore: registered new interface driver ums-isd200
[    4.923071] usbcore: registered new interface driver ums-jumpshot
[    4.923170] usbcore: registered new interface driver ums-karma
[    4.923281] usbcore: registered new interface driver ums-onetouch
[    4.923389] usbcore: registered new interface driver ums-sddr09
[    4.923495] usbcore: registered new interface driver ums-sddr55
[    4.923602] usbcore: registered new interface driver ums-usbat
[    4.923739] PNP: PS/2 Controller [PNP0303:KBD,PNP0f13:MOU] at 0x60,0x64 irq 1,12
[    4.932923] serio: i8042 KBD port at 0x60,0x64 irq 1
[    4.933015] serio: i8042 AUX port at 0x60,0x64 irq 12
[    4.933255] mice: PS/2 mouse device common for all mice
[    4.933369] i2c /dev entries driver
[    4.933503] md: linear personality registered for level -1
[    4.933584] md: raid0 personality registered for level 0
[    4.933670] md: raid1 personality registered for level 1
[    4.933756] md: raid10 personality registered for level 10
[    4.933836] md: raid6 personality registered for level 6
[    4.933937] md: raid5 personality registered for level 5
[    4.934024] md: raid4 personality registered for level 4
[    4.934107] md: multipath personality registered for level -4
[    4.934290] device-mapper: ioctl: 4.15.0-ioctl (2009-04-01) initialised: dm-devel@redhat.com
[    4.934483] cpuidle: using governor ladder
[    4.935087] usbcore: registered new interface driver usbhid
[    4.935175] usbhid: v2.6:USB HID core driver
[    4.935324] random 0014 0000 0000 00000000 00000000: rand_read_num 4 get_random_bytes(136): sig 00000000 00000000 00000000
[    4.935327] random 0014 0000 0000 00000000 00000000: extract_entropy(.. 136 ..)
[    4.935329] random 0014 0000 0000 00000000 00000000: going to reseed nonblocking with 1024 bits (1088 of 0 requested)
[    4.935332] random 0014 0000 0000 00000000 00000000: extract_entropy(.. 128 ..)
[    4.935334] random 0014 0000 0000 00000000 00000000: trying to extract 1024 bits from input
[    4.935336] random 0014 0000 0000 00000000 00000000: debiting 0 entropy credits from input
[    4.935338] random 0014 0000 0000 00000000 00000000: extract_entropy account returned: 0 
[    4.935341] random 0014 0000 0000 00000000 00000000: urand_change_num 7 xfer_secondary_pool(136): pool_sig 00000000, data_sig 00000000, bytes_mixed 0 00000000 00000000
[    4.935344] random 0014 0000 0000 00000000 00000000: trying to extract 1088 bits from nonblocking
[    4.935347] random 0014 0000 0000 00000000 00000000: debiting 1088 entropy credits from nonblocking (unlimited)
[    4.935349] random 0014 0000 0000 00000000 00000000: extract_entropy account returned: 136 
[    4.935353] random 0014 0000 0000 00000000 00000000: urand_change_num 8 extract_buf: pool_sig 00000000, data_sig fffffff9, bytes_mixed 20 00000000 00000000
[    4.935359] random 0014 0000 0000 b7c35b56 be4dc95d: urand_change_num 9 extract_buf: pool_sig fffffd1e, data_sig 000000c5, bytes_mixed 20 b7c35b56 be4dc95d
[    4.935364] random 0014 0000 0000 ed9f5c47 c48487fb: urand_change_num 10 extract_buf: pool_sig fffff8ec, data_sig ffffff68, bytes_mixed 20 ed9f5c47 c48487fb
[    4.935369] random 0014 0000 0000 ed9f5c47 c48487fb: urand_change_num 11 extract_buf: pool_sig fffffaed, data_sig 000001aa, bytes_mixed 20 ed9f5c47 c48487fb
[    4.935375] random 0014 0000 0000 1b4f7c0a 91bd6a48: urand_change_num 12 extract_buf: pool_sig fffffdd8, data_sig 00000064, bytes_mixed 20 1b4f7c0a 91bd6a48
[    4.935380] random 0014 0000 0000 a254b9bc 20e9a24f: urand_change_num 13 extract_buf: pool_sig fffffbe6, data_sig 000001dd, bytes_mixed 20 a254b9bc 20e9a24f
[    4.935385] random 0014 0000 0000 a254b9bc 20e9a24f: urand_change_num 14 extract_buf: pool_sig fffff940, data_sig fffffe20, bytes_mixed 20 a254b9bc 20e9a24f
[    4.935391] random 0014 0000 0000 2831a66b 5fa2a3ad: urand_change_num 15 extract_buf: pool_sig fffffbce, data_sig 0000007e, bytes_mixed 20 2831a66b 5fa2a3ad
[    4.935403] random 0014 0000 0000 2831a66b 5fa2a3ad: urand_change_num 16 extract_buf: pool_sig 000004df, data_sig fffffe8f, bytes_mixed 20 2831a66b 5fa2a3ad
[    4.935408] random 0014 0000 0000 d4512bfd c9a54e0b: urand_change_num 17 extract_buf: pool_sig 00000485, data_sig fffffe68, bytes_mixed 20 d4512bfd c9a54e0b
[    4.935413] random 0014 0000 0000 c7371be6 f9ffea11: urand_change_num 18 extract_buf: pool_sig 00000095, data_sig ffffffed, bytes_mixed 20 c7371be6 f9ffea11
[    4.935419] random 0014 0000 0000 c7371be6 f9ffea11: urand_change_num 19 extract_buf: pool_sig 000003a7, data_sig fffffefa, bytes_mixed 20 c7371be6 f9ffea11
[    4.935424] random 0014 0000 0000 8fb4b62c d1ddba54: urand_change_num 20 extract_buf: pool_sig 00000179, data_sig ffffff78, bytes_mixed 20 8fb4b62c d1ddba54
[    4.935429] random 0014 0000 0000 9ff19f9c c07a1d2a: urand_change_num 21 extract_buf: pool_sig fffffe88, data_sig 00000126, bytes_mixed 20 9ff19f9c c07a1d2a
[    4.935433] TCP cubic registered
[    4.935524] Initializing XFRM netlink socket
[    4.935612] NET: Registered protocol family 17
[    4.935701] Using IPI Shortcut mode
[    4.935786] random 0014 0000 0000 9ff19f9c c07a1d2a: rand_read_num 5 get_random_bytes(8): sig 0000031b 9ff19f9c c07a1d2a
[    4.935788] random 0014 0000 0000 9ff19f9c c07a1d2a: extract_entropy(.. 8 ..)
[    4.935790] random 0014 0000 0000 9ff19f9c c07a1d2a: going to reseed nonblocking with 64 bits (64 of 0 requested)
[    4.935793] random 0014 0000 0000 9ff19f9c c07a1d2a: extract_entropy(.. 8 ..)
[    4.935795] random 0014 0000 0000 9ff19f9c c07a1d2a: trying to extract 64 bits from input
[    4.935797] random 0014 0000 0000 9ff19f9c c07a1d2a: debiting 0 entropy credits from input
[    4.935799] random 0014 0000 0000 9ff19f9c c07a1d2a: extract_entropy account returned: 0 
[    4.935802] random 0014 0000 0000 9ff19f9c c07a1d2a: urand_change_num 22 xfer_secondary_pool(8): pool_sig 0000031b, data_sig 00000000, bytes_mixed 0 9ff19f9c c07a1d2a
[    4.935805] random 0014 0000 0000 9ff19f9c c07a1d2a: trying to extract 64 bits from nonblocking
[    4.935807] random 0014 0000 0000 9ff19f9c c07a1d2a: debiting 64 entropy credits from nonblocking (unlimited)
[    4.935809] random 0014 0000 0000 9ff19f9c c07a1d2a: extract_entropy account returned: 8 
[    4.935813] random 0014 0000 0000 9ff19f9c c07a1d2a: urand_change_num 23 extract_buf: pool_sig 0000031b, data_sig ffffffb3, bytes_mixed 20 9ff19f9c c07a1d2a
[    4.938272] input: AT Translated Set 2 keyboard as /devices/platform/i8042/serio0/input/input1
[    5.128947] ata1: SATA link up 1.5 Gbps (SStatus 113 SControl 300)
[    5.129058] ata3: SATA link down (SStatus 0 SControl 300)
[    5.131741] ata1.00: ACPI cmd ef/02:00:00:00:00:a0 (SET FEATURES) succeeded
[    5.131744] ata1.00: ACPI cmd f5/00:00:00:00:00:a0 (SECURITY FREEZE LOCK) filtered out
[    5.133142] ata1.00: ACPI cmd ef/5f:00:00:00:00:a0 (SET FEATURES) succeeded
[    5.133145] ata1.00: ACPI cmd ef/10:03:00:00:00:a0 (SET FEATURES) filtered out
[    5.135052] ata1.00: ATA-7: ST910021AS, 4.06, max UDMA/100
[    5.135141] ata1.00: 195371568 sectors, multi 16: LBA48 
[    5.137290] ata1.00: ACPI cmd ef/02:00:00:00:00:a0 (SET FEATURES) succeeded
[    5.137293] ata1.00: ACPI cmd f5/00:00:00:00:00:a0 (SECURITY FREEZE LOCK) filtered out
[    5.138681] ata1.00: ACPI cmd ef/5f:00:00:00:00:a0 (SET FEATURES) succeeded
[    5.138684] ata1.00: ACPI cmd ef/10:03:00:00:00:a0 (SET FEATURES) filtered out
[    5.140612] ata1.00: configured for UDMA/100
[    5.150993] scsi 2:0:0:0: Direct-Access     ATA      ST910021AS       4.06 PQ: 0 ANSI: 5
[    5.151270] sd 2:0:0:0: [sda] 195371568 512-byte logical blocks: (100 GB/93.1 GiB)
[    5.151407] sd 2:0:0:0: [sda] Write Protect is off
[    5.151487] sd 2:0:0:0: [sda] Mode Sense: 00 3a 00 00
[    5.151499] sd 2:0:0:0: [sda] Write cache: enabled, read cache: enabled, doesn't support DPO or FUA
[    5.151679]  sda:
[    5.215931] usb 2-1: new high speed USB device using ehci_hcd and address 2
[    5.352415] usb 2-1: New USB device found, idVendor=0e8d, idProduct=1806
[    5.352501] usb 2-1: New USB device strings: Mfr=1, Product=2, SerialNumber=3
[    5.352587] usb 2-1: Product: MT1806 
[    5.352673] usb 2-1: Manufacturer: MediaTek Inc
[    5.352752] usb 2-1: SerialNumber: R8KN6GAC800AEB 
[    5.352892] usb 2-1: configuration #1 chosen from 1 choice
[    5.356459] scsi5 : SCSI emulation for USB Mass Storage devices
[    5.356623] usb-storage: device found at 2
[    5.356624] usb-storage: waiting for device to settle before scanning
[    5.565788] random 0014 0000 0000 277f73c3 42024bb9: add_disk_randomness(8:0) 277f73c3 42024bb9
[    5.565792] random 0014 0000 0000 277f73c3 42024bb9: add_timer_randomness(.. 8388864) with jiffies: 13095322476248531332, cycles: -5351421601755693045
[    5.565795] random 0014 0000 0000 277f73c3 42024bb9: added 11 entropy credits to input
[    5.565799]  sda1 sda2
[    5.566360] random 0025 0000 0000 277f73c3 42024bb9: add_disk_randomness(8:0) 277f73c3 42024bb9
[    5.566363] random 0025 0000 0000 277f73c3 42024bb9: add_timer_randomness(.. 8388864) with jiffies: 13100461254294339973, cycles: -5346282823709884405
[    5.566520] sd 2:0:0:0: [sda] Attached SCSI disk
[    5.566605] random 0025 0000 0000 277f73c3 42024bb9: rand_read_num 6 get_random_bytes(12): sig 000007e9 277f73c3 42024bb9
[    5.566608] random 0025 0000 0000 277f73c3 42024bb9: extract_entropy(.. 12 ..)
[    5.566611] random 0025 0000 0000 277f73c3 42024bb9: going to reseed nonblocking with 96 bits (96 of 0 requested)
[    5.566613] random 0025 0000 0000 277f73c3 42024bb9: extract_entropy(.. 12 ..)
[    5.566615] random 0025 0000 0000 277f73c3 42024bb9: trying to extract 96 bits from input
[    5.566617] random 0025 0000 0000 277f73c3 42024bb9: debiting 0 entropy credits from input
[    5.566619] random 0025 0000 0000 277f73c3 42024bb9: extract_entropy account returned: 0 
[    5.566622] random 0025 0000 0000 277f73c3 42024bb9: urand_change_num 24 xfer_secondary_pool(12): pool_sig 000007e9, data_sig 00000000, bytes_mixed 0 277f73c3 42024bb9
[    5.566625] random 0025 0000 0000 277f73c3 42024bb9: trying to extract 96 bits from nonblocking
[    5.566628] random 0025 0000 0000 277f73c3 42024bb9: debiting 96 entropy credits from nonblocking (unlimited)
[    5.566630] random 0025 0000 0000 277f73c3 42024bb9: extract_entropy account returned: 12 
[    5.566634] random 0025 0000 0000 277f73c3 42024bb9: urand_change_num 25 extract_buf: pool_sig 000007e9, data_sig 00000088, bytes_mixed 20 277f73c3 42024bb9
[    5.566639] random 0025 0000 0000 277f73c3 42024bb9: urand_change_num 26 extract_buf: pool_sig 00000498, data_sig fffffefb, bytes_mixed 20 277f73c3 42024bb9
[    5.566642] RANDOM - __seed init called.
[    5.566643] RANDOM - __seed init called.
[    5.566644] RANDOM - __seed init called.
[    5.566646] RANDOM - __random32 called. Change num 12.  Value: 87f14767	f0d7351	b1e48bd3
[    5.566648] RANDOM - random32_reseed called.  Value: 87f14767	f0d7351	b1e48bd3
[    5.566650] Pid: 1, comm: swapper Not tainted 2.6.32.57 #6
[    5.566731] Call Trace:
[    5.566822]  [<c1923ca4>] ? random32_reseed+0xa0/0xb1
[    5.566903]  [<c1923c04>] ? random32_reseed+0x0/0xb1
[    5.566986]  [<c100111e>] ? do_one_initcall+0x2e/0x180
[    5.567070]  [<c1907265>] ? kernel_init+0xad/0x103
[    5.567150]  [<c19071b8>] ? kernel_init+0x0/0x103
[    5.567244]  [<c1003787>] ? kernel_thread_helper+0x7/0x10
[    5.567759] random 0025 0000 0000 386b4e60 ee4d4880: rand_read_num 7 get_random_bytes(64): sig fffffea5 386b4e60 ee4d4880
[    5.567761] random 0025 0000 0000 386b4e60 ee4d4880: extract_entropy(.. 64 ..)
[    5.567763] random 0025 0000 0000 386b4e60 ee4d4880: going to reseed nonblocking with 512 bits (512 of 0 requested)
[    5.567766] random 0025 0000 0000 386b4e60 ee4d4880: extract_entropy(.. 64 ..)
[    5.567768] random 0025 0000 0000 386b4e60 ee4d4880: trying to extract 512 bits from input
[    5.567770] random 0025 0000 0000 386b4e60 ee4d4880: debiting 0 entropy credits from input
[    5.567772] random 0025 0000 0000 386b4e60 ee4d4880: extract_entropy account returned: 0 
[    5.567775] random 0025 0000 0000 386b4e60 ee4d4880: urand_change_num 27 xfer_secondary_pool(64): pool_sig fffffea5, data_sig 00000000, bytes_mixed 0 386b4e60 ee4d4880
[    5.567778] random 0025 0000 0000 386b4e60 ee4d4880: trying to extract 512 bits from nonblocking
[    5.567781] random 0025 0000 0000 386b4e60 ee4d4880: debiting 512 entropy credits from nonblocking (unlimited)
[    5.567783] random 0025 0000 0000 386b4e60 ee4d4880: extract_entropy account returned: 64 
[    5.567787] random 0025 0000 0000 386b4e60 ee4d4880: urand_change_num 28 extract_buf: pool_sig fffffea5, data_sig 00000173, bytes_mixed 20 386b4e60 ee4d4880
[    5.567792] random 0025 0000 0000 412698f6 0cc8689a: urand_change_num 29 extract_buf: pool_sig 00000122, data_sig ffffff63, bytes_mixed 20 412698f6 0cc8689a
[    5.567798] random 0025 0000 0000 412698f6 0cc8689a: urand_change_num 30 extract_buf: pool_sig 000001f7, data_sig 00000012, bytes_mixed 20 412698f6 0cc8689a
[    5.567803] random 0025 0000 0000 9669941e 06f768b1: urand_change_num 31 extract_buf: pool_sig fffffb5b, data_sig 0000003f, bytes_mixed 20 9669941e 06f768b1
[    5.567809] random 0025 0000 0000 98486520 995551f0: urand_change_num 32 extract_buf: pool_sig fffffb39, data_sig 0000000e, bytes_mixed 20 98486520 995551f0
[    5.567814] random 0025 0000 0000 98486520 995551f0: urand_change_num 33 extract_buf: pool_sig fffffd8d, data_sig 000001a6, bytes_mixed 20 98486520 995551f0
[    5.567819] random 0025 0000 0000 61fc8914 d5882ed2: urand_change_num 34 extract_buf: pool_sig fffffa58, data_sig 0000023e, bytes_mixed 20 61fc8914 d5882ed2
[    5.567848] random 0025 0000 0000 61fc8914 d5882ed2: rand_read_num 8 get_random_bytes(64): sig fffff9ee 61fc8914 d5882ed2
[    5.567851] random 0025 0000 0000 61fc8914 d5882ed2: extract_entropy(.. 64 ..)
[    5.567853] random 0025 0000 0000 61fc8914 d5882ed2: going to reseed nonblocking with 512 bits (512 of 0 requested)
[    5.567855] random 0025 0000 0000 61fc8914 d5882ed2: extract_entropy(.. 64 ..)
[    5.567857] random 0025 0000 0000 61fc8914 d5882ed2: trying to extract 512 bits from input
[    5.567859] random 0025 0000 0000 61fc8914 d5882ed2: debiting 0 entropy credits from input
[    5.567861] random 0025 0000 0000 61fc8914 d5882ed2: extract_entropy account returned: 0 
[    5.567865] random 0025 0000 0000 61fc8914 d5882ed2: urand_change_num 35 xfer_secondary_pool(64): pool_sig fffff9ee, data_sig 00000000, bytes_mixed 0 61fc8914 d5882ed2
[    5.567867] random 0025 0000 0000 61fc8914 d5882ed2: trying to extract 512 bits from nonblocking
[    5.567870] random 0025 0000 0000 61fc8914 d5882ed2: debiting 512 entropy credits from nonblocking (unlimited)
[    5.567872] random 0025 0000 0000 61fc8914 d5882ed2: extract_entropy account returned: 64 
[    5.567876] random 0025 0000 0000 61fc8914 d5882ed2: urand_change_num 36 extract_buf: pool_sig fffff9ee, data_sig ffffff85, bytes_mixed 20 61fc8914 d5882ed2
[    5.567881] random 0025 0000 0000 70cfd302 e5edec11: urand_change_num 37 extract_buf: pool_sig fffffdc1, data_sig ffffffde, bytes_mixed 20 70cfd302 e5edec11
[    5.567887] random 0025 0000 0000 00dab838 eafd2b30: urand_change_num 38 extract_buf: pool_sig 000003da, data_sig ffffff61, bytes_mixed 20 00dab838 eafd2b30
[    5.567892] random 0025 0000 0000 00dab838 eafd2b30: urand_change_num 39 extract_buf: pool_sig 00000314, data_sig 00000121, bytes_mixed 20 00dab838 eafd2b30
[    5.567897] random 0025 0000 0000 5fcdf66a 6442b608: urand_change_num 40 extract_buf: pool_sig 0000028b, data_sig fffffefd, bytes_mixed 20 5fcdf66a 6442b608
[    5.567903] random 0025 0000 0000 61333f6b 8fae0f9b: urand_change_num 41 extract_buf: pool_sig 000000cb, data_sig 000000b3, bytes_mixed 20 61333f6b 8fae0f9b
[    5.567908] random 0025 0000 0000 61333f6b 8fae0f9b: urand_change_num 42 extract_buf: pool_sig fffffef8, data_sig 00000051, bytes_mixed 20 61333f6b 8fae0f9b
[    5.567911] BEGIN NET_SECRET:
[    5.567912] \xffffffe0
[    5.567912] \xffffffb6
[    5.567913] \x36
[    5.567914] \xffffffb5
[    5.567915] \xffffff94
[    5.567916] \xffffffb2
[    5.567917] \xffffffa8
[    5.567918] \xffffffda
[    5.567918] \x5b
[    5.567919] \x19
[    5.567920] \x18
[    5.567921] \x5c
[    5.567921] \x2b
[    5.567922] \x1
[    5.567923] \xffffff90
[    5.567924] \x19
[    5.567924] \x3c
[    5.567925] \xfffffff2
[    5.567929] \xffffff82
[    5.567930] \x2a
[    5.567931] \xffffffb3
[    5.567932] \xffffffa2
[    5.567932] \x3f
[    5.567933] \x5
[    5.567934] \x52
[    5.567935] \x77
[    5.567935] \x57
[    5.567936] \x79
[    5.567937] \x16
[    5.567937] \x43
[    5.567938] \xffffff84
[    5.567939] \xffffffc3
[    5.567940] \xffffffe9
[    5.567940] \x79
[    5.567941] \x50
[    5.567942] \xffffff8e
[    5.567943] \x3f
[    5.567944] \xfffffff3
[    5.567944] \x19
[    5.567945] \x2a
[    5.567946] \xfffffffd
[    5.567947] \xfffffffb
[    5.567947] \x62
[    5.567948] \x3c
[    5.567949] \xffffffac
[    5.567950] \x1c
[    5.567950] \x3b
[    5.567951] \x3b
[    5.567952] \x15
[    5.567953] \x27
[    5.567953] \xffffffa8
[    5.567954] \x22
[    5.567955] \xffffffc5
[    5.567956] \xffffff9a
[    5.567957] \x5
[    5.567957] \x6c
[    5.567958] \xffffffa8
[    5.567959] \x3a
[    5.567960] \x44
[    5.567960] \xffffffaf
[    5.567961] \x13
[    5.567962] \xffffffe0
[    5.567963] \xffffff9d
[    5.567963] \x22
[    5.567964] 
[    5.567965] END NET_SECRET
[    5.567968] random 0025 0000 0000 e7f555d9 e8ce5c3c: rand_read_num 9 get_random_bytes(4): sig 0000068c e7f555d9 e8ce5c3c
[    5.567970] random 0025 0000 0000 e7f555d9 e8ce5c3c: extract_entropy(.. 4 ..)
[    5.567972] random 0025 0000 0000 e7f555d9 e8ce5c3c: going to reseed nonblocking with 64 bits (32 of 0 requested)
[    5.567975] random 0025 0000 0000 e7f555d9 e8ce5c3c: extract_entropy(.. 8 ..)
[    5.567977] random 0025 0000 0000 e7f555d9 e8ce5c3c: trying to extract 64 bits from input
[    5.567979] random 0025 0000 0000 e7f555d9 e8ce5c3c: debiting 0 entropy credits from input
[    5.567981] random 0025 0000 0000 e7f555d9 e8ce5c3c: extract_entropy account returned: 0 
[    5.567984] random 0025 0000 0000 e7f555d9 e8ce5c3c: urand_change_num 43 xfer_secondary_pool(4): pool_sig 0000068c, data_sig 00000000, bytes_mixed 0 e7f555d9 e8ce5c3c
[    5.567987] random 0025 0000 0000 e7f555d9 e8ce5c3c: trying to extract 32 bits from nonblocking
[    5.567989] random 0025 0000 0000 e7f555d9 e8ce5c3c: debiting 32 entropy credits from nonblocking (unlimited)
[    5.567992] random 0025 0000 0000 e7f555d9 e8ce5c3c: extract_entropy account returned: 4 
[    5.567996] random 0025 0000 0000 e7f555d9 e8ce5c3c: urand_change_num 44 extract_buf: pool_sig 0000068c, data_sig fffffdcb, bytes_mixed 20 e7f555d9 e8ce5c3c
[    5.568007] md: Waiting for all devices to be available before autodetect
[    5.568089] md: If you don't use raid, use raid=noautodetect
[    5.568245] md: Autodetecting RAID arrays.
[    5.568337] md: Scanned 0 and added 0 devices.
[    5.568424] md: autorun ...
[    5.568501] md: ... autorun DONE.
[    5.582004] random 0025 0000 0000 e7f555d9 e8ce5c3c: add_disk_randomness(8:0) e7f555d9 e8ce5c3c
[    5.582007] random 0025 0000 0000 e7f555d9 e8ce5c3c: add_timer_randomness(.. 8388864) with jiffies: 13241190809845072277, cycles: -5205553268159152117
[    5.582010] random 0025 0000 0000 e7f555d9 e8ce5c3c: added 3 entropy credits to input
[    5.591444] random 0028 0000 0000 e7f555d9 e8ce5c3c: add_disk_randomness(8:0) e7f555d9 e8ce5c3c
[    5.591447] random 0028 0000 0000 e7f555d9 e8ce5c3c: add_timer_randomness(.. 8388864) with jiffies: 13326124088771183006, cycles: -5120619989233041397
[    5.591450] random 0028 0000 0000 e7f555d9 e8ce5c3c: added 2 entropy credits to input
[    5.598533] random 0030 0000 0000 e7f555d9 e8ce5c3c: add_disk_randomness(8:0) e7f555d9 e8ce5c3c
[    5.598536] random 0030 0000 0000 e7f555d9 e8ce5c3c: add_timer_randomness(.. 8388864) with jiffies: 13389895526958989733, cycles: -5056848551045234677
[    5.598538] random 0030 0000 0000 e7f555d9 e8ce5c3c: added 1 entropy credits to input
[    5.598543] EXT3-fs: sda2: couldn't mount because of unsupported optional features (240).
[    5.598764] random 0031 0000 0000 e7f555d9 e8ce5c3c: add_disk_randomness(8:0) e7f555d9 e8ce5c3c
[    5.598767] random 0031 0000 0000 e7f555d9 e8ce5c3c: add_timer_randomness(.. 8388864) with jiffies: 13391981764373348773, cycles: -5054762313630875637
[    5.598772] EXT2-fs: sda2: couldn't mount because of unsupported optional features (240).
[    5.598996] random 0031 0000 0000 e7f555d9 e8ce5c3c: add_disk_randomness(8:0) e7f555d9 e8ce5c3c
[    5.598999] random 0031 0000 0000 e7f555d9 e8ce5c3c: add_timer_randomness(.. 8388864) with jiffies: 13394058896457040294, cycles: -5052685181547184117
[    5.599134] random 0031 0000 0000 e7f555d9 e8ce5c3c: add_disk_randomness(8:0) e7f555d9 e8ce5c3c
[    5.599137] random 0031 0000 0000 e7f555d9 e8ce5c3c: add_timer_randomness(.. 8388864) with jiffies: 13395301503510217126, cycles: -5051442574494007285
[    5.599253] random 0031 0000 0000 e7f555d9 e8ce5c3c: add_disk_randomness(8:0) e7f555d9 e8ce5c3c
[    5.599256] random 0031 0000 0000 e7f555d9 e8ce5c3c: add_timer_randomness(.. 8388864) with jiffies: 13396370396316139942, cycles: -5050373681688084469
[    5.599398] random 0031 0000 0000 e7f555d9 e8ce5c3c: add_disk_randomness(8:0) e7f555d9 e8ce5c3c
[    5.599401] random 0031 0000 0000 e7f555d9 e8ce5c3c: add_timer_randomness(.. 8388864) with jiffies: 13397681370658734502, cycles: -5049062707345489909
[    5.599527] random 0031 0000 0000 e7f555d9 e8ce5c3c: add_disk_randomness(8:0) e7f555d9 e8ce5c3c
[    5.599530] random 0031 0000 0000 e7f555d9 e8ce5c3c: add_timer_randomness(.. 8388864) with jiffies: 13398843434190209446, cycles: -5047900643814014965
[    5.599647] random 0031 0000 0000 e7f555d9 e8ce5c3c: add_disk_randomness(8:0) e7f555d9 e8ce5c3c
[    5.599650] random 0031 0000 0000 e7f555d9 e8ce5c3c: add_timer_randomness(.. 8388864) with jiffies: 13399922110931632550, cycles: -5046821967072591861
[    5.599758] random 0031 0000 0000 e7f555d9 e8ce5c3c: add_disk_randomness(8:0) e7f555d9 e8ce5c3c
[    5.599761] random 0031 0000 0000 e7f555d9 e8ce5c3c: add_timer_randomness(.. 8388864) with jiffies: 13400919797474754982, cycles: -5045824280529469429
[    5.599904] random 0031 0000 0000 e7f555d9 e8ce5c3c: add_disk_randomness(8:0) e7f555d9 e8ce5c3c
[    5.599907] random 0031 0000 0000 e7f555d9 e8ce5c3c: add_timer_randomness(.. 8388864) with jiffies: 13402238077556720038, cycles: -5044506000447504373
[    5.600147] random 0031 0000 0000 e7f555d9 e8ce5c3c: rand_read_num 10 get_random_bytes(4): sig ffffff72 e7f555d9 e8ce5c3c
[    5.600150] random 0031 0000 0000 e7f555d9 e8ce5c3c: extract_entropy(.. 4 ..)
[    5.600152] random 0031 0000 0000 e7f555d9 e8ce5c3c: going to reseed nonblocking with 64 bits (32 of 0 requested)
[    5.600155] random 0031 0000 0000 e7f555d9 e8ce5c3c: extract_entropy(.. 8 ..)
[    5.600157] random 0031 0000 0000 e7f555d9 e8ce5c3c: trying to extract 64 bits from input
[    5.600159] random 0031 0000 0000 e7f555d9 e8ce5c3c: debiting 0 entropy credits from input
[    5.600161] random 0031 0000 0000 e7f555d9 e8ce5c3c: extract_entropy account returned: 0 
[    5.600164] random 0031 0000 0000 e7f555d9 e8ce5c3c: urand_change_num 45 xfer_secondary_pool(4): pool_sig ffffff72, data_sig 00000000, bytes_mixed 0 e7f555d9 e8ce5c3c
[    5.600167] random 0031 0000 0000 e7f555d9 e8ce5c3c: trying to extract 32 bits from nonblocking
[    5.600169] random 0031 0000 0000 e7f555d9 e8ce5c3c: debiting 32 entropy credits from nonblocking (unlimited)
[    5.600171] random 0031 0000 0000 e7f555d9 e8ce5c3c: extract_entropy account returned: 4 
[    5.600175] random 0031 0000 0000 e7f555d9 e8ce5c3c: urand_change_num 46 extract_buf: pool_sig ffffff72, data_sig ffffff72, bytes_mixed 20 e7f555d9 e8ce5c3c
[    5.604773] random 0031 0000 0000 91716c54 eeb6a1e7: add_disk_randomness(8:0) 91716c54 eeb6a1e7
[    5.604776] random 0031 0000 0000 91716c54 eeb6a1e7: add_timer_randomness(.. 8388864) with jiffies: 13446037831918780843, cycles: -5000706246085443573
[    5.604779] random 0031 0000 0000 91716c54 eeb6a1e7: added 2 entropy credits to input
[    5.623054] random 0033 0000 0000 91716c54 eeb6a1e7: add_disk_randomness(8:0) 91716c54 eeb6a1e7
[    5.623057] random 0033 0000 0000 91716c54 eeb6a1e7: add_timer_randomness(.. 8388864) with jiffies: 13610483531158094270, cycles: -4836260546846130165
[    5.623059] random 0033 0000 0000 91716c54 eeb6a1e7: added 3 entropy credits to input
[    5.627755] EXT4-fs (sda2): mounted filesystem with ordered data mode
[    5.627956] VFS: Mounted root (ext4 filesystem) readonly on device 8:2.
[    5.628054] Freeing unused kernel memory: 448k freed
[    5.648203] random 0036 0000 0000 91716c54 eeb6a1e7: add_disk_randomness(8:0) 91716c54 eeb6a1e7
[    5.648206] random 0036 0000 0000 91716c54 eeb6a1e7: add_timer_randomness(.. 8388864) with jiffies: 13836731997310648791, cycles: -4610012080693575669
[    5.648208] random 0036 0000 0000 91716c54 eeb6a1e7: added 2 entropy credits to input
[    5.648973] random 0038 0000 0000 91716c54 eeb6a1e7: add_disk_randomness(8:0) 91716c54 eeb6a1e7
[    5.648976] random 0038 0000 0000 91716c54 eeb6a1e7: add_timer_randomness(.. 8388864) with jiffies: 13843658379399758296, cycles: -4603085698604466165
[    5.653661] random 0038 0000 0000 91716c54 eeb6a1e7: add_disk_randomness(8:0) 91716c54 eeb6a1e7
[    5.653664] random 0038 0000 0000 91716c54 eeb6a1e7: add_timer_randomness(.. 8388864) with jiffies: 13885846004902363612, cycles: -4560898073101860853
[    5.653667] random 0038 0000 0000 91716c54 eeb6a1e7: added 1 entropy credits to input
[    5.661859] random 0039 0000 0000 91716c54 eeb6a1e7: add_disk_randomness(8:0) 91716c54 eeb6a1e7
[    5.661862] random 0039 0000 0000 91716c54 eeb6a1e7: add_timer_randomness(.. 8388864) with jiffies: 13959597486797193700, cycles: -4487146591207030773
[    5.665283] random 0039 0000 0000 91716c54 eeb6a1e7: add_disk_randomness(8:0) 91716c54 eeb6a1e7
[    5.665286] random 0039 0000 0000 91716c54 eeb6a1e7: add_timer_randomness(.. 8388864) with jiffies: 13990395056599302632, cycles: -4456349021404921845
[    5.665289] random 0039 0000 0000 91716c54 eeb6a1e7: added 2 entropy credits to input
[    5.674180] random 0041 0000 0000 91716c54 eeb6a1e7: add_disk_randomness(8:0) 91716c54 eeb6a1e7
[    5.674183] random 0041 0000 0000 91716c54 eeb6a1e7: add_timer_randomness(.. 8388864) with jiffies: 14070427717711135217, cycles: -4376316360293089269
[    5.674185] random 0041 0000 0000 91716c54 eeb6a1e7: added 2 entropy credits to input
[    5.679171] random 0043 0000 0000 91716c54 eeb6a1e7: add_disk_randomness(8:0) 91716c54 eeb6a1e7
[    5.679174] random 0043 0000 0000 91716c54 eeb6a1e7: add_timer_randomness(.. 8388864) with jiffies: 14115333752569430518, cycles: -4331410325434793973
[    5.679177] random 0043 0000 0000 91716c54 eeb6a1e7: added 2 entropy credits to input
[    5.687215] random 0045 0000 0000 91716c54 eeb6a1e7: add_disk_randomness(8:0) 91716c54 eeb6a1e7
[    5.687218] random 0045 0000 0000 91716c54 eeb6a1e7: add_timer_randomness(.. 8388864) with jiffies: 14187698995114770942, cycles: -4259045082889453557
[    5.687221] random 0045 0000 0000 91716c54 eeb6a1e7: added 1 entropy credits to input
[    5.687243] RANDOM get_random_int call with cycles 50548025052, jiffies 4294672894 and pid 1
[    5.687246] RANDOM get_random_int call with cycles 50548031908, jiffies 4294672894 and pid 1
[    5.687248] ASLR stack rand value: 8204288 after shift for pid: 1
[    5.687250] RANDOM get_random_int call with cycles 50548039458, jiffies 4294672894 and pid 1
[    5.698861] random 0046 0000 0000 91716c54 eeb6a1e7: add_disk_randomness(8:0) 91716c54 eeb6a1e7
[    5.698864] random 0046 0000 0000 91716c54 eeb6a1e7: add_timer_randomness(.. 8388864) with jiffies: 14292481697327579657, cycles: -4154262380676644853
[    5.698875] RANDOM get_random_int call with cycles 50572391625, jiffies 4294672905 and pid 1
[    5.698881] random 0046 0000 0000 91716c54 eeb6a1e7: rand_read_num 11 get_random_bytes(16): sig fffffcad 91716c54 eeb6a1e7
[    5.698883] random 0046 0000 0000 91716c54 eeb6a1e7: extract_entropy(.. 16 ..)
[    5.698886] random 0046 0000 0000 91716c54 eeb6a1e7: going to reseed nonblocking with 128 bits (128 of 0 requested)
[    5.698888] random 0046 0000 0000 91716c54 eeb6a1e7: extract_entropy(.. 16 ..)
[    5.698890] random 0046 0000 0000 91716c54 eeb6a1e7: trying to extract 128 bits from input
[    5.698892] random 0046 0000 0000 91716c54 eeb6a1e7: debiting 0 entropy credits from input
[    5.698894] random 0046 0000 0000 91716c54 eeb6a1e7: extract_entropy account returned: 0 
[    5.698897] random 0046 0000 0000 91716c54 eeb6a1e7: urand_change_num 47 xfer_secondary_pool(16): pool_sig fffffcad, data_sig 00000000, bytes_mixed 0 91716c54 eeb6a1e7
[    5.698900] random 0046 0000 0000 91716c54 eeb6a1e7: trying to extract 128 bits from nonblocking
[    5.698903] random 0046 0000 0000 91716c54 eeb6a1e7: debiting 128 entropy credits from nonblocking (unlimited)
[    5.698905] random 0046 0000 0000 91716c54 eeb6a1e7: extract_entropy account returned: 16 
[    5.698909] random 0046 0000 0000 91716c54 eeb6a1e7: urand_change_num 48 extract_buf: pool_sig fffffcad, data_sig ffffff19, bytes_mixed 20 91716c54 eeb6a1e7
[    5.698915] random 0046 0000 0000 fd637b06 6cf47bc1: urand_change_num 49 extract_buf: pool_sig fffffede, data_sig ffffffc1, bytes_mixed 20 fd637b06 6cf47bc1
[    5.699871] random 0046 0000 0000 fd637b06 6cf47bc1: add_disk_randomness(8:0) fd637b06 6cf47bc1
[    5.699874] random 0046 0000 0000 fd637b06 6cf47bc1: add_timer_randomness(.. 8388864) with jiffies: 14301561649033347594, cycles: -4145182428970876917
[    5.701071] random 0046 0000 0000 fd637b06 6cf47bc1: add_disk_randomness(8:0) fd637b06 6cf47bc1
[    5.701074] random 0046 0000 0000 fd637b06 6cf47bc1: add_timer_randomness(.. 8388864) with jiffies: 14312346273258897932, cycles: -4134397804745326581
[    5.702220] random 0046 0000 0000 fd637b06 6cf47bc1: add_disk_randomness(8:0) fd637b06 6cf47bc1
[    5.702223] random 0046 0000 0000 fd637b06 6cf47bc1: add_timer_randomness(.. 8388864) with jiffies: 14322687592434991629, cycles: -4124056485569232885
[    5.703102] random 0046 0000 0000 fd637b06 6cf47bc1: add_disk_randomness(8:0) fd637b06 6cf47bc1
[    5.703105] random 0046 0000 0000 fd637b06 6cf47bc1: add_timer_randomness(.. 8388864) with jiffies: 14330617523697582606, cycles: -4116126554306641909
[    5.703282] random 0046 0000 0000 fd637b06 6cf47bc1: add_disk_randomness(8:0) fd637b06 6cf47bc1
[    5.703285] random 0046 0000 0000 fd637b06 6cf47bc1: add_timer_randomness(.. 8388864) with jiffies: 14332242236811215374, cycles: -4114501841193009141
[    5.703501] random 0046 0000 0000 fd637b06 6cf47bc1: add_disk_randomness(8:0) fd637b06 6cf47bc1
[    5.703504] random 0046 0000 0000 fd637b06 6cf47bc1: add_timer_randomness(.. 8388864) with jiffies: 14334214876635562510, cycles: -4112529201368662005
[    5.713924] random 0046 0000 0000 fd637b06 6cf47bc1: add_disk_randomness(8:0) fd637b06 6cf47bc1
[    5.713927] random 0046 0000 0000 fd637b06 6cf47bc1: add_timer_randomness(.. 8388864) with jiffies: 14427987606278734360, cycles: -4018756471725490165
[    5.713932] random 0046 0000 0000 fd637b06 6cf47bc1: added 3 entropy credits to input
[    5.714363] random 0049 0000 0000 fd637b06 6cf47bc1: add_disk_randomness(8:0) fd637b06 6cf47bc1
[    5.714367] random 0049 0000 0000 fd637b06 6cf47bc1: add_timer_randomness(.. 8388864) with jiffies: 14431934780008006169, cycles: -4014809297996218357
[    5.724105] random 0049 0000 0000 fd637b06 6cf47bc1: add_disk_randomness(8:0) fd637b06 6cf47bc1
[    5.724108] random 0049 0000 0000 fd637b06 6cf47bc1: add_timer_randomness(.. 8388864) with jiffies: 14519563739322876451, cycles: -3927180338681348085
[    5.724110] random 0049 0000 0000 fd637b06 6cf47bc1: added 3 entropy credits to input
[    5.724163] RANDOM get_random_int call with cycles 50625356460, jiffies 4294672931 and pid 1
[    5.728705] random 0052 0000 0000 fd637b06 6cf47bc1: add_disk_randomness(8:0) fd637b06 6cf47bc1
[    5.728709] random 0052 0000 0000 fd637b06 6cf47bc1: add_timer_randomness(.. 8388864) with jiffies: 14560962568311767591, cycles: -3885781509692456949
[    5.728711] random 0052 0000 0000 fd637b06 6cf47bc1: added 2 entropy credits to input
[    5.741538] random 0054 0000 0000 fd637b06 6cf47bc1: add_disk_randomness(8:0) fd637b06 6cf47bc1
[    5.741541] random 0054 0000 0000 fd637b06 6cf47bc1: add_timer_randomness(.. 8388864) with jiffies: 14676408042232971828, cycles: -3770336035771252725
[    5.741544] random 0054 0000 0000 fd637b06 6cf47bc1: added 3 entropy credits to input
[    5.741682] random 0057 0000 0000 fd637b06 6cf47bc1: add_disk_randomness(8:0) fd637b06 6cf47bc1
[    5.741685] random 0057 0000 0000 fd637b06 6cf47bc1: add_timer_randomness(.. 8388864) with jiffies: 14677705126651331124, cycles: -3769038951352893429
[    5.743848] random 0057 0000 0000 fd637b06 6cf47bc1: add_disk_randomness(8:0) fd637b06 6cf47bc1
[    5.743852] random 0057 0000 0000 fd637b06 6cf47bc1: add_timer_randomness(.. 8388864) with jiffies: 14697196435564888630, cycles: -3749547642439335925
[    5.743854] random 0057 0000 0000 fd637b06 6cf47bc1: added 1 entropy credits to input
[    5.744089] random 0058 0000 0000 fd637b06 6cf47bc1: add_disk_randomness(8:0) fd637b06 6cf47bc1
[    5.744092] random 0058 0000 0000 fd637b06 6cf47bc1: add_timer_randomness(.. 8388864) with jiffies: 14699347973662016055, cycles: -3747396104342208501
[    5.744231] random 0058 0000 0000 fd637b06 6cf47bc1: add_disk_randomness(8:0) fd637b06 6cf47bc1
[    5.744234] random 0058 0000 0000 fd637b06 6cf47bc1: add_timer_randomness(.. 8388864) with jiffies: 14700626344907866679, cycles: -3746117733096357877
[    5.747397] random 0058 0000 0000 fd637b06 6cf47bc1: add_disk_randomness(8:0) fd637b06 6cf47bc1
[    5.747400] random 0058 0000 0000 fd637b06 6cf47bc1: add_timer_randomness(.. 8388864) with jiffies: 14729115481457525306, cycles: -3717628596546699253
[    5.747403] random 0058 0000 0000 fd637b06 6cf47bc1: added 1 entropy credits to input
[    5.749408] random 0059 0000 0000 fd637b06 6cf47bc1: add_disk_randomness(8:0) fd637b06 6cf47bc1
[    5.749411] random 0059 0000 0000 fd637b06 6cf47bc1: add_timer_randomness(.. 8388864) with jiffies: 14747207288162583100, cycles: -3699536789841641461
[    5.757241] random 0059 0000 0000 fd637b06 6cf47bc1: add_disk_randomness(8:0) fd637b06 6cf47bc1
[    5.757244] random 0059 0000 0000 fd637b06 6cf47bc1: add_timer_randomness(.. 8388864) with jiffies: 14817671775751209540, cycles: -3629072302253015029
[    5.757247] random 0059 0000 0000 fd637b06 6cf47bc1: added 2 entropy credits to input
[    5.757378] random 0061 0000 0000 fd637b06 6cf47bc1: add_disk_randomness(8:0) fd637b06 6cf47bc1
[    5.757381] random 0061 0000 0000 fd637b06 6cf47bc1: add_timer_randomness(.. 8388864) with jiffies: 14818900626024137284, cycles: -3627843451980087285
[    5.760941] random 0061 0000 0000 fd637b06 6cf47bc1: add_disk_randomness(8:0) fd637b06 6cf47bc1
[    5.760944] random 0061 0000 0000 fd637b06 6cf47bc1: add_timer_randomness(.. 8388864) with jiffies: 14850949100756238920, cycles: -3595794977247985653
[    5.760947] random 0061 0000 0000 fd637b06 6cf47bc1: added 2 entropy credits to input
[    5.765437] random 0063 0000 0000 fd637b06 6cf47bc1: add_disk_randomness(8:0) fd637b06 6cf47bc1
[    5.765440] random 0063 0000 0000 fd637b06 6cf47bc1: add_timer_randomness(.. 8388864) with jiffies: 14891400438484795980, cycles: -3555343639519428597
[    5.771017] random 0063 0000 0000 fd637b06 6cf47bc1: add_disk_randomness(8:0) fd637b06 6cf47bc1
[    5.771020] random 0063 0000 0000 fd637b06 6cf47bc1: add_timer_randomness(.. 8388864) with jiffies: 14941595334726091346, cycles: -3505148743278133237
[    5.771023] random 0063 0000 0000 fd637b06 6cf47bc1: added 1 entropy credits to input
[    5.777291] random 0064 0000 0000 fd637b06 6cf47bc1: add_disk_randomness(8:0) fd637b06 6cf47bc1
[    5.777294] random 0064 0000 0000 fd637b06 6cf47bc1: add_timer_randomness(.. 8388864) with jiffies: 14998045923848454744, cycles: -3448698154155769845
[    5.777308] random 0064 0000 0000 fd637b06 6cf47bc1: rand_read_num 12 get_random_bytes(16): sig 0000033b fd637b06 6cf47bc1
[    5.777310] random 0064 0000 0000 fd637b06 6cf47bc1: extract_entropy(.. 16 ..)
[    5.777313] random 0064 0000 0000 fd637b06 6cf47bc1: going to reseed nonblocking with 128 bits (128 of 0 requested)
[    5.777315] random 0064 0000 0000 fd637b06 6cf47bc1: extract_entropy(.. 16 ..)
[    5.777317] random 0064 0000 0000 fd637b06 6cf47bc1: trying to extract 128 bits from input
[    5.777319] random 0064 0000 0000 fd637b06 6cf47bc1: debiting 0 entropy credits from input
[    5.777321] random 0064 0000 0000 fd637b06 6cf47bc1: extract_entropy account returned: 0 
[    5.777325] random 0064 0000 0000 fd637b06 6cf47bc1: urand_change_num 50 xfer_secondary_pool(16): pool_sig 0000033b, data_sig 00000000, bytes_mixed 0 fd637b06 6cf47bc1
[    5.777328] random 0064 0000 0000 fd637b06 6cf47bc1: trying to extract 128 bits from nonblocking
[    5.777330] random 0064 0000 0000 fd637b06 6cf47bc1: debiting 128 entropy credits from nonblocking (unlimited)
[    5.777332] random 0064 0000 0000 fd637b06 6cf47bc1: extract_entropy account returned: 16 
[    5.777337] random 0064 0000 0000 fd637b06 6cf47bc1: urand_change_num 51 extract_buf: pool_sig 0000033b, data_sig 000000d8, bytes_mixed 20 fd637b06 6cf47bc1
[    5.777342] random 0064 0000 0000 0ec1f012 d4727ca8: urand_change_num 52 extract_buf: pool_sig fffffcf5, data_sig 00000016, bytes_mixed 20 0ec1f012 d4727ca8
[    5.784041] random 0064 0000 0000 45b1d0b1 845a73f7: add_disk_randomness(8:0) 45b1d0b1 845a73f7
[    5.784044] random 0064 0000 0000 45b1d0b1 845a73f7: add_timer_randomness(.. 8388864) with jiffies: 15058765143527359071, cycles: -3387978934476865525
[    5.791264] random 0064 0000 0000 45b1d0b1 845a73f7: add_disk_randomness(8:0) 45b1d0b1 845a73f7
[    5.791267] random 0064 0000 0000 45b1d0b1 845a73f7: add_timer_randomness(.. 8388864) with jiffies: 15123749785422234214, cycles: -3322994292581990389
[    5.800907] random 0064 0000 0000 45b1d0b1 845a73f7: add_disk_randomness(8:0) 45b1d0b1 845a73f7
[    5.800910] random 0064 0000 0000 45b1d0b1 845a73f7: add_timer_randomness(.. 8388864) with jiffies: 15210505303007920751, cycles: -3236238774996303861
[    5.800912] random 0064 0000 0000 45b1d0b1 845a73f7: added 1 entropy credits to input
[    5.817011] random 0065 0000 0000 45b1d0b1 845a73f7: add_disk_randomness(8:0) 45b1d0b1 845a73f7
[    5.817014] random 0065 0000 0000 45b1d0b1 845a73f7: add_timer_randomness(.. 8388864) with jiffies: 15355369456070787712, cycles: -3091374621933436917
[    5.817017] random 0065 0000 0000 45b1d0b1 845a73f7: added 2 entropy credits to input
[    5.820156] random 0067 0000 0000 45b1d0b1 845a73f7: add_disk_randomness(8:0) 45b1d0b1 845a73f7
[    5.820159] random 0067 0000 0000 45b1d0b1 845a73f7: add_timer_randomness(.. 8388864) with jiffies: 15383663863098212995, cycles: -3063080214906011637
[    5.820162] random 0067 0000 0000 45b1d0b1 845a73f7: added 1 entropy credits to input
[    5.834416] random 0068 0000 0000 45b1d0b1 845a73f7: add_disk_randomness(8:0) 45b1d0b1 845a73f7
[    5.834420] random 0068 0000 0000 45b1d0b1 845a73f7: add_timer_randomness(.. 8388864) with jiffies: 15511960179816759953, cycles: -2934783898187464693
[    5.834422] random 0068 0000 0000 45b1d0b1 845a73f7: added 3 entropy credits to input
[    5.839816] random 0071 0000 0000 45b1d0b1 845a73f7: add_disk_randomness(8:0) 45b1d0b1 845a73f7
[    5.839819] random 0071 0000 0000 45b1d0b1 845a73f7: add_timer_randomness(.. 8388864) with jiffies: 15560545734632374934, cycles: -2886198343371849717
[    5.839822] random 0071 0000 0000 45b1d0b1 845a73f7: added 2 entropy credits to input
[    5.844992] random 0073 0000 0000 45b1d0b1 845a73f7: add_disk_randomness(8:0) 45b1d0b1 845a73f7
[    5.844995] random 0073 0000 0000 45b1d0b1 845a73f7: add_timer_randomness(.. 8388864) with jiffies: 15607096823569416860, cycles: -2839647254434807797
[    5.857364] random 0073 0000 0000 45b1d0b1 845a73f7: add_disk_randomness(8:0) 45b1d0b1 845a73f7
[    5.857367] random 0073 0000 0000 45b1d0b1 845a73f7: add_timer_randomness(.. 8388864) with jiffies: 15718400845210682024, cycles: -2728343232793542645
[    5.857370] random 0073 0000 0000 45b1d0b1 845a73f7: added 2 entropy credits to input
[    5.870650] random 0075 0000 0000 45b1d0b1 845a73f7: add_disk_randomness(8:0) 45b1d0b1 845a73f7
[    5.870653] random 0075 0000 0000 45b1d0b1 845a73f7: add_timer_randomness(.. 8388864) with jiffies: 15837928741381309109, cycles: -2608815336622915573
[    5.878185] random 0075 0000 0000 45b1d0b1 845a73f7: add_disk_randomness(8:0) 45b1d0b1 845a73f7
[    5.878188] random 0075 0000 0000 45b1d0b1 845a73f7: add_timer_randomness(.. 8388864) with jiffies: 15905706653911843517, cycles: -2541037424092381173
[    5.878191] random 0075 0000 0000 45b1d0b1 845a73f7: added 2 entropy credits to input
[    5.887786] random 0077 0000 0000 45b1d0b1 845a73f7: add_disk_randomness(8:0) 45b1d0b1 845a73f7
[    5.887789] random 0077 0000 0000 45b1d0b1 845a73f7: add_timer_randomness(.. 8388864) with jiffies: 15992091386970866374, cycles: -2454652691033358325
[    5.895315] random 0077 0000 0000 45b1d0b1 845a73f7: add_disk_randomness(8:0) 45b1d0b1 845a73f7
[    5.895318] random 0077 0000 0000 45b1d0b1 845a73f7: add_timer_randomness(.. 8388864) with jiffies: 16059819108513579726, cycles: -2386924969490644981
[    5.905328] random 0077 0000 0000 45b1d0b1 845a73f7: add_disk_randomness(8:0) 45b1d0b1 845a73f7
[    5.905331] random 0077 0000 0000 45b1d0b1 845a73f7: add_timer_randomness(.. 8388864) with jiffies: 16149896933626577624, cycles: -2296847144377647093
[    5.905334] random 0077 0000 0000 45b1d0b1 845a73f7: added 1 entropy credits to input
[    5.918215] random 0078 0000 0000 45b1d0b1 845a73f7: add_disk_randomness(8:0) 45b1d0b1 845a73f7
[    5.918218] random 0078 0000 0000 45b1d0b1 845a73f7: add_timer_randomness(.. 8388864) with jiffies: 16265832523445797605, cycles: -2180911554558427125
[    5.925572] random 0078 0000 0000 45b1d0b1 845a73f7: add_disk_randomness(8:0) 45b1d0b1 845a73f7
[    5.925575] random 0078 0000 0000 45b1d0b1 845a73f7: add_timer_randomness(.. 8388864) with jiffies: 16332018691031663340, cycles: -2114725386972561397
[    5.925578] random 0078 0000 0000 45b1d0b1 845a73f7: added 2 entropy credits to input
[    5.930821] random 0080 0000 0000 45b1d0b1 845a73f7: add_disk_randomness(8:0) 45b1d0b1 845a73f7
[    5.930824] random 0080 0000 0000 45b1d0b1 845a73f7: add_timer_randomness(.. 8388864) with jiffies: 16379247951009776369, cycles: -2067496126994448373
[    5.930827] random 0080 0000 0000 45b1d0b1 845a73f7: added 1 entropy credits to input
[    5.937262] random 0081 0000 0000 45b1d0b1 845a73f7: add_disk_randomness(8:0) 45b1d0b1 845a73f7
[    5.937265] random 0081 0000 0000 45b1d0b1 845a73f7: add_timer_randomness(.. 8388864) with jiffies: 16437179260172206840, cycles: -2009564817832017909
[    5.937268] random 0081 0000 0000 45b1d0b1 845a73f7: added 1 entropy credits to input
[    5.942314] random 0082 0000 0000 45b1d0b1 845a73f7: add_disk_randomness(8:0) 45b1d0b1 845a73f7
[    5.942317] random 0082 0000 0000 45b1d0b1 845a73f7: add_timer_randomness(.. 8388864) with jiffies: 16482631692179964669, cycles: -1964112385824260085
[    5.942320] random 0082 0000 0000 45b1d0b1 845a73f7: added 1 entropy credits to input
[    5.948217] random 0083 0000 0000 45b1d0b1 845a73f7: add_disk_randomness(8:0) 45b1d0b1 845a73f7
[    5.948220] random 0083 0000 0000 45b1d0b1 845a73f7: add_timer_randomness(.. 8388864) with jiffies: 16535729264758850307, cycles: -1911014813245374453
[    5.957570] random 0083 0000 0000 45b1d0b1 845a73f7: add_disk_randomness(8:0) 45b1d0b1 845a73f7
[    5.957573] random 0083 0000 0000 45b1d0b1 845a73f7: add_timer_randomness(.. 8388864) with jiffies: 16619876229662343948, cycles: -1826867848341880821
[    5.957575] random 0083 0000 0000 45b1d0b1 845a73f7: added 1 entropy credits to input
[    5.962452] random 0084 0000 0000 45b1d0b1 845a73f7: add_disk_randomness(8:0) 45b1d0b1 845a73f7
[    5.962455] random 0084 0000 0000 45b1d0b1 845a73f7: add_timer_randomness(.. 8388864) with jiffies: 16663800048449717009, cycles: -1782944029554507765
[    5.962458] random 0084 0000 0000 45b1d0b1 845a73f7: added 2 entropy credits to input
[    5.969884] random 0086 0000 0000 45b1d0b1 845a73f7: add_disk_randomness(8:0) 45b1d0b1 845a73f7
[    5.969887] random 0086 0000 0000 45b1d0b1 845a73f7: add_timer_randomness(.. 8388864) with jiffies: 16730661453613990680, cycles: -1716082624390234101
[    5.969890] random 0086 0000 0000 45b1d0b1 845a73f7: added 1 entropy credits to input
[    5.976105] random 0087 0000 0000 45b1d0b1 845a73f7: add_disk_randomness(8:0) 45b1d0b1 845a73f7
[    5.976108] random 0087 0000 0000 45b1d0b1 845a73f7: add_timer_randomness(.. 8388864) with jiffies: 16786618005533197087, cycles: -1660126072471027701
[    5.976255] random 0087 0000 0000 45b1d0b1 845a73f7: add_disk_randomness(8:0) 45b1d0b1 845a73f7
[    5.976259] random 0087 0000 0000 45b1d0b1 845a73f7: add_timer_randomness(.. 8388864) with jiffies: 16787973896643773215, cycles: -1658770181360451573
[    5.990663] random 0087 0000 0000 45b1d0b1 845a73f7: add_disk_randomness(8:0) 45b1d0b1 845a73f7
[    5.990666] random 0087 0000 0000 45b1d0b1 845a73f7: add_timer_randomness(.. 8388864) with jiffies: 16917595799183655725, cycles: -1529148278820569077
[    5.990669] random 0087 0000 0000 45b1d0b1 845a73f7: added 3 entropy credits to input
[    5.998087] random 0090 0000 0000 45b1d0b1 845a73f7: add_disk_randomness(8:0) 45b1d0b1 845a73f7
[    5.998090] random 0090 0000 0000 45b1d0b1 845a73f7: add_timer_randomness(.. 8388864) with jiffies: 16984369217647903541, cycles: -1462374860356321269
[    5.998092] random 0090 0000 0000 45b1d0b1 845a73f7: added 2 entropy credits to input
[    6.007767] random 0092 0000 0000 45b1d0b1 845a73f7: add_disk_randomness(8:0) 45b1d0b1 845a73f7
[    6.007770] random 0092 0000 0000 45b1d0b1 845a73f7: add_timer_randomness(.. 8388864) with jiffies: 17071470003359548222, cycles: -1375274074644676597
[    6.018396] random 0092 0000 0000 45b1d0b1 845a73f7: add_disk_randomness(8:0) 45b1d0b1 845a73f7
[    6.018399] random 0092 0000 0000 45b1d0b1 845a73f7: add_timer_randomness(.. 8388864) with jiffies: 17167080528033841993, cycles: -1279663549970382837
[    6.030918] random 0092 0000 0000 45b1d0b1 845a73f7: add_disk_randomness(8:0) 45b1d0b1 845a73f7
[    6.030921] random 0092 0000 0000 45b1d0b1 845a73f7: add_timer_randomness(.. 8388864) with jiffies: 17279738185927852885, cycles: -1167005892076371957
[    6.032129] random 0092 0000 0000 45b1d0b1 845a73f7: add_disk_randomness(8:0) 45b1d0b1 845a73f7
[    6.032132] random 0092 0000 0000 45b1d0b1 845a73f7: add_timer_randomness(.. 8388864) with jiffies: 17290621121954808663, cycles: -1156122956049416181
[    6.032134] random 0092 0000 0000 45b1d0b1 845a73f7: added 1 entropy credits to input
[    6.036143] random 0093 0000 0000 45b1d0b1 845a73f7: add_disk_randomness(8:0) 45b1d0b1 845a73f7
[    6.036146] random 0093 0000 0000 45b1d0b1 845a73f7: add_timer_randomness(.. 8388864) with jiffies: 17326734070268003163, cycles: -1120010007736221685
[    6.036149] random 0093 0000 0000 45b1d0b1 845a73f7: added 1 entropy credits to input
[    6.045484] random 0094 0000 0000 45b1d0b1 845a73f7: add_disk_randomness(8:0) 45b1d0b1 845a73f7
[    6.045487] random 0094 0000 0000 45b1d0b1 845a73f7: add_timer_randomness(.. 8388864) with jiffies: 17410773343161516900, cycles: -1035970734842707957
[    6.045490] random 0094 0000 0000 45b1d0b1 845a73f7: added 1 entropy credits to input
[    6.045832] random 0095 0000 0000 45b1d0b1 845a73f7: add_disk_randomness(8:0) 45b1d0b1 845a73f7
[    6.045835] random 0095 0000 0000 45b1d0b1 845a73f7: add_timer_randomness(.. 8388864) with jiffies: 17413907458106819428, cycles: -1032836619897405429
[    6.061495] random 0095 0000 0000 45b1d0b1 845a73f7: add_disk_randomness(8:0) 45b1d0b1 845a73f7
[    6.061498] random 0095 0000 0000 45b1d0b1 845a73f7: add_timer_randomness(.. 8388864) with jiffies: 17554812621985383284, cycles: -891931456018841589
[    6.061501] random 0095 0000 0000 45b1d0b1 845a73f7: added 4 entropy credits to input
[    6.063125] random 0099 0000 0000 45b1d0b1 845a73f7: add_disk_randomness(8:0) 45b1d0b1 845a73f7
[    6.063128] random 0099 0000 0000 45b1d0b1 845a73f7: add_timer_randomness(.. 8388864) with jiffies: 17569468746911417206, cycles: -877275331092807669
[    6.063130] random 0099 0000 0000 45b1d0b1 845a73f7: added 1 entropy credits to input
[    6.063275] random 0100 0000 0000 45b1d0b1 845a73f7: add_disk_randomness(8:0) 45b1d0b1 845a73f7
[    6.063278] random 0100 0000 0000 45b1d0b1 845a73f7: add_timer_randomness(.. 8388864) with jiffies: 17570823194912981878, cycles: -875920883091242997
[    6.074148] random 0100 0000 0000 45b1d0b1 845a73f7: add_disk_randomness(8:0) 45b1d0b1 845a73f7
[    6.074151] random 0100 0000 0000 45b1d0b1 845a73f7: add_timer_randomness(.. 8388864) with jiffies: 17668631398518064001, cycles: -778112679486160885
[    6.074153] random 0100 0000 0000 45b1d0b1 845a73f7: added 3 entropy credits to input
[    6.074715] random 0103 0000 0000 45b1d0b1 845a73f7: add_disk_randomness(8:0) 45b1d0b1 845a73f7
[    6.074718] random 0103 0000 0000 45b1d0b1 845a73f7: add_timer_randomness(.. 8388864) with jiffies: 17673747713884914561, cycles: -772996364119310325
[    6.079948] random 0103 0000 0000 45b1d0b1 845a73f7: add_disk_randomness(8:0) 45b1d0b1 845a73f7
[    6.079951] random 0103 0000 0000 45b1d0b1 845a73f7: add_timer_randomness(.. 8388864) with jiffies: 17720811694931542919, cycles: -725932383072681973
[    6.079954] random 0103 0000 0000 45b1d0b1 845a73f7: added 2 entropy credits to input
[    6.081702] random 0105 0000 0000 45b1d0b1 845a73f7: add_disk_randomness(8:0) 45b1d0b1 845a73f7
[    6.081705] random 0105 0000 0000 45b1d0b1 845a73f7: add_timer_randomness(.. 8388864) with jiffies: 17736604628981351304, cycles: -710139449022873589
