[    0.000000] random 0000 0000 0000 00000000 00000000: rand_read_num 1 get_random_bytes(8): sig 00000000 00000000 00000000
[    0.000000] random 0000 0000 0000 00000000 00000000: extract_entropy(.. 8 ..)
[    0.000000] random 0000 0000 0000 00000000 00000000: going to reseed nonblocking with 64 bits (64 of 0 requested)
[    0.000000] random 0000 0000 0000 00000000 00000000: extract_entropy(.. 8 ..)
[    0.000000] random 0000 0000 0000 00000000 00000000: trying to extract 64 bits from input
[    0.000000] random 0000 0000 0000 00000000 00000000: debiting 0 entropy credits from input
[    0.000000] random 0000 0000 0000 00000000 00000000: extract_entropy account returned: 0 
[    0.000000] random 0000 0000 0000 00000000 00000000: urand_change_num 1 xfer_secondary_pool(8): pool_sig 00000000, data_sig 00000000, bytes_mixed 0 00000000 00000000
[    0.000000] random 0000 0000 0000 00000000 00000000: trying to extract 64 bits from nonblocking
[    0.000000] random 0000 0000 0000 00000000 00000000: debiting 64 entropy credits from nonblocking (unlimited)
[    0.000000] random 0000 0000 0000 00000000 00000000: extract_entropy account returned: 8 
[    0.000000] random 0000 0000 0000 00000000 00000000: urand_change_num 2 extract_buf: pool_sig 00000000, data_sig fffffff9, bytes_mixed 20 00000000 00000000
[    0.000000] Linux version 2.6.32.57 (dcashman@dcashman-02) (gcc version 4.3.3 (GCC) ) #6 Thu May 30 09:02:12 PDT 2013
[    0.000000] KERNEL supported cpus:
[    0.000000]   Intel GenuineIntel
[    0.000000]   AMD AuthenticAMD
[    0.000000]   NSC Geode by NSC
[    0.000000]   Cyrix CyrixInstead
[    0.000000]   Centaur CentaurHauls
[    0.000000]   Transmeta GenuineTMx86
[    0.000000]   Transmeta TransmetaCPU
[    0.000000]   UMC UMC UMC UMC
[    0.000000] BIOS-provided physical RAM map:
[    0.000000]  BIOS-e820: 0000000000000000 - 000000000009d800 (usable)
[    0.000000]  BIOS-e820: 000000000009d800 - 00000000000a0000 (reserved)
[    0.000000]  BIOS-e820: 00000000000d2000 - 00000000000d4000 (reserved)
[    0.000000]  BIOS-e820: 00000000000e0000 - 0000000000100000 (reserved)
[    0.000000]  BIOS-e820: 0000000000100000 - 000000003d6b0000 (usable)
[    0.000000]  BIOS-e820: 000000003d6b0000 - 000000003d6cc000 (ACPI data)
[    0.000000]  BIOS-e820: 000000003d6cc000 - 000000003d700000 (ACPI NVS)
[    0.000000]  BIOS-e820: 000000003d700000 - 000000003e000000 (reserved)
[    0.000000]  BIOS-e820: 00000000f0000000 - 00000000f4000000 (reserved)
[    0.000000]  BIOS-e820: 00000000fec00000 - 00000000fec10000 (reserved)
[    0.000000]  BIOS-e820: 00000000fed00000 - 00000000fed00400 (reserved)
[    0.000000]  BIOS-e820: 00000000fed14000 - 00000000fed1a000 (reserved)
[    0.000000]  BIOS-e820: 00000000fed1c000 - 00000000fed90000 (reserved)
[    0.000000]  BIOS-e820: 00000000fee00000 - 00000000fee01000 (reserved)
[    0.000000]  BIOS-e820: 00000000ff000000 - 0000000100000000 (reserved)
[    0.000000] DMI present.
[    0.000000] last_pfn = 0x3d6b0 max_arch_pfn = 0x100000
[    0.000000] MTRR default type: uncachable
[    0.000000] MTRR fixed ranges enabled:
[    0.000000]   00000-9FFFF write-back
[    0.000000]   A0000-BFFFF uncachable
[    0.000000]   C0000-CFFFF write-protect
[    0.000000]   D0000-DFFFF uncachable
[    0.000000]   E0000-FFFFF write-protect
[    0.000000] MTRR variable ranges enabled:
[    0.000000]   0 base 03E000000 mask FFE000000 uncachable
[    0.000000]   1 base 000000000 mask FC0000000 write-back
[    0.000000]   2 base 03D700000 mask FFFF00000 uncachable
[    0.000000]   3 base 03D800000 mask FFF800000 uncachable
[    0.000000]   4 disabled
[    0.000000]   5 disabled
[    0.000000]   6 disabled
[    0.000000]   7 disabled
[    0.000000] initial memory mapped : 0 - 02000000
[    0.000000] init_memory_mapping: 0000000000000000-00000000377fe000
[    0.000000]  0000000000 - 0000400000 page 4k
[    0.000000]  0000400000 - 0037400000 page 2M
[    0.000000]  0037400000 - 00377fe000 page 4k
[    0.000000] kernel direct mapping tables up to 377fe000 @ 7000-c000
[    0.000000] ACPI: RSDP 000f68d0 00024 (v02 LENOVO)
[    0.000000] ACPI: XSDT 3d6bb77f 00094 (v01 LENOVO TP-7L    00002170  LTP 00000000)
[    0.000000] ACPI: FACP 3d6bb900 000F4 (v03 LENOVO TP-7L    00002170 LNVO 00000001)
[    0.000000] ACPI Warning: 32/64X length mismatch in Gpe1Block: 0/32 (20090903/tbfadt-526)
[    0.000000] ACPI Warning: Optional field Gpe1Block has zero address or length: 000000000000102C/0 (20090903/tbfadt-557)
[    0.000000] ACPI: DSDT 3d6bbd1d 0FED1 (v01 LENOVO TP-7L    00002170 MSFT 03000000)
[    0.000000] ACPI: FACS 3d6e4000 00040
[    0.000000] ACPI: SSDT 3d6bbab4 00269 (v01 LENOVO TP-7L    00002170 MSFT 03000000)
[    0.000000] ACPI: ECDT 3d6cbbee 00052 (v01 LENOVO TP-7L    00002170 LNVO 00000001)
[    0.000000] ACPI: TCPA 3d6cbc40 00032 (v02 LENOVO TP-7L    00002170 LNVO 00000001)
[    0.000000] ACPI: APIC 3d6cbc72 00068 (v01 LENOVO TP-7L    00002170 LNVO 00000001)
[    0.000000] ACPI: MCFG 3d6cbcda 0003C (v01 LENOVO TP-7L    00002170 LNVO 00000001)
[    0.000000] ACPI: HPET 3d6cbd16 00038 (v01 LENOVO TP-7L    00002170 LNVO 00000001)
[    0.000000] ACPI: SLIC 3d6cbdf0 00176 (v01 LENOVO TP-7L    00002170  LTP 00000000)
[    0.000000] ACPI: BOOT 3d6cbf66 00028 (v01 LENOVO TP-7L    00002170  LTP 00000001)
[    0.000000] ACPI: ASF! 3d6cbf8e 00072 (v16 LENOVO TP-7L    00002170 PTL  00000001)
[    0.000000] ACPI: SSDT 3d6e26d9 0025F (v01 LENOVO TP-7L    00002170 INTL 20050513)
[    0.000000] ACPI: SSDT 3d6e2938 000A6 (v01 LENOVO TP-7L    00002170 INTL 20050513)
[    0.000000] ACPI: SSDT 3d6e29de 004F7 (v01 LENOVO TP-7L    00002170 INTL 20050513)
[    0.000000] ACPI: SSDT 3d6e2ed5 001D8 (v01 LENOVO TP-7L    00002170 INTL 20050513)
[    0.000000] ACPI: DMI detected: Lenovo ThinkPad R61
[    0.000000] ACPI: Added _OSI(Linux)
[    0.000000] ACPI: Local APIC address 0xfee00000
[    0.000000] 94MB HIGHMEM available.
[    0.000000] 887MB LOWMEM available.
[    0.000000]   mapped low ram: 0 - 377fe000
[    0.000000]   low ram: 0 - 377fe000
[    0.000000]   node 0 low ram: 00000000 - 377fe000
[    0.000000]   node 0 bootmap 00008000 - 0000ef00
[    0.000000] (6 early reservations) ==> bootmem [0000000000 - 00377fe000]
[    0.000000]   #0 [0000000000 - 0000001000]   BIOS data page ==> [0000000000 - 0000001000]
[    0.000000]   #1 [0001000000 - 0001bdc180]    TEXT DATA BSS ==> [0001000000 - 0001bdc180]
[    0.000000]   #2 [000009d800 - 0000100000]    BIOS reserved ==> [000009d800 - 0000100000]
[    0.000000]   #3 [0001bdd000 - 0001be516c]              BRK ==> [0001bdd000 - 0001be516c]
[    0.000000]   #4 [0000007000 - 0000008000]          PGTABLE ==> [0000007000 - 0000008000]
[    0.000000]   #5 [0000008000 - 000000f000]          BOOTMAP ==> [0000008000 - 000000f000]
[    0.000000] found SMP MP-table at [c00f6900] f6900
[    0.000000] Zone PFN ranges:
[    0.000000]   DMA      0x00000000 -> 0x00001000
[    0.000000]   Normal   0x00001000 -> 0x000377fe
[    0.000000]   HighMem  0x000377fe -> 0x0003d6b0
[    0.000000] Movable zone start PFN for each node
[    0.000000] early_node_map[2] active PFN ranges
[    0.000000]     0: 0x00000000 -> 0x0000009d
[    0.000000]     0: 0x00000100 -> 0x0003d6b0
[    0.000000] On node 0 totalpages: 251469
[    0.000000] free_area_init_node: node 0, pgdat c1901ea0, node_mem_map c1be7000
[    0.000000]   DMA zone: 32 pages used for memmap
[    0.000000]   DMA zone: 0 pages reserved
[    0.000000]   DMA zone: 3965 pages, LIFO batch:0
[    0.000000]   Normal zone: 1744 pages used for memmap
[    0.000000]   Normal zone: 221486 pages, LIFO batch:31
[    0.000000]   HighMem zone: 190 pages used for memmap
[    0.000000]   HighMem zone: 24052 pages, LIFO batch:3
[    0.000000] Using APIC driver default
[    0.000000] ACPI: PM-Timer IO Port: 0x1008
[    0.000000] ACPI: Local APIC address 0xfee00000
[    0.000000] ACPI: LAPIC (acpi_id[0x00] lapic_id[0x00] enabled)
[    0.000000] ACPI: LAPIC (acpi_id[0x01] lapic_id[0x01] enabled)
[    0.000000] ACPI: NR_CPUS/possible_cpus limit of 1 reached.  Processor 1/0x1 ignored.
[    0.000000] ACPI: LAPIC_NMI (acpi_id[0x00] high edge lint[0x1])
[    0.000000] ACPI: LAPIC_NMI (acpi_id[0x01] high edge lint[0x1])
[    0.000000] ACPI: IOAPIC (id[0x01] address[0xfec00000] gsi_base[0])
[    0.000000] IOAPIC[0]: apic_id 1, version 32, address 0xfec00000, GSI 0-23
[    0.000000] ACPI: INT_SRC_OVR (bus 0 bus_irq 0 global_irq 2 dfl dfl)
[    0.000000] ACPI: INT_SRC_OVR (bus 0 bus_irq 9 global_irq 9 high level)
[    0.000000] ACPI: IRQ0 used by override.
[    0.000000] ACPI: IRQ2 used by override.
[    0.000000] ACPI: IRQ9 used by override.
[    0.000000] Using ACPI (MADT) for SMP configuration information
[    0.000000] ACPI: HPET id: 0x8086a201 base: 0xfed00000
[    0.000000] nr_irqs_gsi: 24
[    0.000000] PM: Registered nosave memory: 000000000009d000 - 000000000009e000
[    0.000000] PM: Registered nosave memory: 000000000009e000 - 00000000000a0000
[    0.000000] PM: Registered nosave memory: 00000000000a0000 - 00000000000d2000
[    0.000000] PM: Registered nosave memory: 00000000000d2000 - 00000000000d4000
[    0.000000] PM: Registered nosave memory: 00000000000d4000 - 00000000000e0000
[    0.000000] PM: Registered nosave memory: 00000000000e0000 - 0000000000100000
[    0.000000] Allocating PCI resources starting at 3e000000 (gap: 3e000000:b2000000)
[    0.000000] Built 1 zonelists in Zone order, mobility grouping on.  Total pages: 249503
[    0.000000] Kernel command line: auto BOOT_IMAGE=Linux ro root=802 vt.default_utf8=0 maxcpus=0
[    0.000000] PID hash table entries: 4096 (order: 2, 16384 bytes)
[    0.000000] Dentry cache hash table entries: 131072 (order: 7, 524288 bytes)
[    0.000000] Inode-cache hash table entries: 65536 (order: 6, 262144 bytes)
[    0.000000] Enabling fast FPU save and restore... done.
[    0.000000] Enabling unmasked SIMD FPU exception support... done.
[    0.000000] Initializing CPU#0
[    0.000000] Initializing HighMem for node 0 (000377fe:0003d6b0)
[    0.000000] Memory: 984800k/1006272k available (6915k kernel code, 20876k reserved, 2327k data, 448k init, 96968k highmem)
[    0.000000] virtual kernel memory layout:
[    0.000000]     fixmap  : 0xfffa3000 - 0xfffff000   ( 368 kB)
[    0.000000]     pkmap   : 0xff800000 - 0xffc00000   (4096 kB)
[    0.000000]     vmalloc : 0xf7ffe000 - 0xff7fe000   ( 120 MB)
[    0.000000]     lowmem  : 0xc0000000 - 0xf77fe000   ( 887 MB)
[    0.000000]       .init : 0xc1907000 - 0xc1977000   ( 448 kB)
[    0.000000]       .data : 0xc16c0d3f - 0xc1906c64   (2327 kB)
[    0.000000]       .text : 0xc1000000 - 0xc16c0d3f   (6915 kB)
[    0.000000] Checking if this processor honours the WP bit even in supervisor mode...Ok.
[    0.000000] SLUB: Genslabs=13, HWalign=64, Order=0-3, MinObjects=0, CPUs=1, Nodes=1
[    0.000000] Hierarchical RCU implementation.
[    0.000000] NR_IRQS:288
[    0.000000] Extended CMOS year: 2000
[    0.000000] Console: colour VGA+ 80x25
[    0.000000] console [tty0] enabled
[    0.000000] hpet clockevent registered
[    0.000000] Fast TSC calibration using PIT
[    0.000000] Detected 2094.644 MHz processor.
[    0.001002] Calibrating delay loop (skipped), value calculated using timer frequency.. 4189.28 BogoMIPS (lpj=2094644)
[    0.001172] Security Framework initialized
[    0.001259] Mount-cache hash table entries: 512
[    0.001407] CPU: L1 I cache: 32K, L1 D cache: 32K
[    0.002079] CPU: L2 cache: 3072K
[    0.002157] mce: CPU supports 6 MCE banks
[    0.002246] CPU0: Thermal monitoring enabled (TM2)
[    0.002327] using mwait in idle threads.
[    0.002413] CPU: Intel(R) Core(TM)2 Duo CPU     T8100  @ 2.10GHz stepping 06
[    0.002593] Checking 'hlt' instruction... OK.
[    0.006936] ACPI: Core revision 20090903
[    0.026013] RANDOM get_random_int first call with cycles 38314576030, jiffies 4294667322 and pid 0
[    0.026020] CANARY value: 5796ec1c for PID: 1
[    0.026027] CANARY value: af1dba2 for PID: 2
[    0.026051] Enabling APIC mode:  Flat.  Using 1 I/O APICs
[    0.026506] ..TIMER: vector=0x30 apic1=0 pin1=2 apic2=-1 pin2=-1
[    0.036997] xor: automatically using best checksumming function: pIII_sse
[    0.040998]    pIII_sse  :  8568.000 MB/sec
[    0.041085] xor: using function: pIII_sse (8568.000 MB/sec)
[    0.041175] RANDOM - __seed init called.
[    0.041176] RANDOM - __seed init called.
[    0.041177] RANDOM - __seed init called.
[    0.041179] RANDOM - __random32 called. Change num 1.  Value: e6b75c0e	845fdb3c	4764ecc7
[    0.041181] RANDOM - __random32 called. Change num 2.  Value: 75c0e1a6	45fdb3ca	d98f8871
[    0.041183] RANDOM - __random32 called. Change num 3.  Value: e1a6d3e	5fdb3ca9	10e2be79
[    0.041184] RANDOM - __random32 called. Change num 4.  Value: a6d3e877	fdb3ca90	7cf2fee9
[    0.041186] RANDOM - __random32 called. Change num 5.  Value: 3e877b7b	db3ca905	fdd36ca1
[    0.041188] RANDOM - __random32 called. Change num 6.  Value: 77b7ba3d	b3ca905b	d9426901
[    0.041190] RANDOM - random32 init called.  Value: 77b7ba3d	b3ca905b	d9426901
[    0.041207] NET: Registered protocol family 16
[    0.041470] ACPI FADT declares the system doesn't support PCIe ASPM, so disable it
[    0.041601] ACPI: bus type pci registered
[    0.041769] PCI: MCFG configuration 0: base f0000000 segment 0 buses 0 - 63
[    0.041871] PCI: MCFG area at f0000000 reserved in E820
[    0.041960] PCI: Using MMCONFIG for extended config space
[    0.042002] PCI: Using configuration type 1 for base access
[    0.045154] bio: create slab <bio-0> at 0
[    0.045961] ACPI: EC: EC description table is found, configuring boot EC
[    0.051143] ACPI: BIOS _OSI(Linux) query honored via DMI
[    0.051878] random 0000 0000 0000 00000000 00000000: rand_read_num 2 get_random_bytes(8): sig fffffe1a 00000000 00000000
[    0.051881] random 0000 0000 0000 00000000 00000000: extract_entropy(.. 8 ..)
[    0.051884] random 0000 0000 0000 00000000 00000000: going to reseed nonblocking with 64 bits (64 of 0 requested)
[    0.051886] random 0000 0000 0000 00000000 00000000: extract_entropy(.. 8 ..)
[    0.051888] random 0000 0000 0000 00000000 00000000: trying to extract 64 bits from input
[    0.051890] random 0000 0000 0000 00000000 00000000: debiting 0 entropy credits from input
[    0.051892] random 0000 0000 0000 00000000 00000000: extract_entropy account returned: 0 
[    0.051922] random 0000 0000 0000 00000000 00000000: urand_change_num 3 xfer_secondary_pool(8): pool_sig fffffe1a, data_sig 00000000, bytes_mixed 0 00000000 00000000
[    0.051925] random 0000 0000 0000 00000000 00000000: trying to extract 64 bits from nonblocking
[    0.051927] random 0000 0000 0000 00000000 00000000: debiting 64 entropy credits from nonblocking (unlimited)
[    0.051929] random 0000 0000 0000 00000000 00000000: extract_entropy account returned: 8 
[    0.051933] random 0000 0000 0000 00000000 00000000: urand_change_num 4 extract_buf: pool_sig fffffe1a, data_sig fffffed7, bytes_mixed 20 00000000 00000000
[    0.056590] ACPI: Interpreter enabled
[    0.056679] ACPI: (supports S0 S3 S4 S5)
[    0.056992] ACPI: Using IOAPIC for interrupt routing
[    0.066680] ACPI: EC: GPE = 0x12, I/O: command/status = 0x66, data = 0x62
[    0.066955] ACPI: Power Resource [PUBS] (on)
[    0.069062] ACPI: ACPI Dock Station Driver: 3 docks/bays found
[    0.069476] ACPI: PCI Root Bridge [PCI0] (0000:00)
[    0.069652] pci 0000:00:02.0: reg 10 64bit mmio: [0xf8100000-0xf81fffff]
[    0.069657] pci 0000:00:02.0: reg 18 64bit mmio pref: [0xe0000000-0xefffffff]
[    0.069661] pci 0000:00:02.0: reg 20 io port: [0x1800-0x1807]
[    0.069696] pci 0000:00:02.1: reg 10 64bit mmio: [0xf8200000-0xf82fffff]
[    0.069797] pci 0000:00:19.0: reg 10 32bit mmio: [0xfe000000-0xfe01ffff]
[    0.069807] pci 0000:00:19.0: reg 14 32bit mmio: [0xfe025000-0xfe025fff]
[    0.069819] pci 0000:00:19.0: reg 18 io port: [0x1840-0x185f]
[    0.069886] pci 0000:00:19.0: PME# supported from D0 D3hot D3cold
[    0.069982] pci 0000:00:19.0: PME# disabled
[    0.070061] pci 0000:00:1a.0: reg 20 io port: [0x1860-0x187f]
[    0.070136] pci 0000:00:1a.1: reg 20 io port: [0x1880-0x189f]
[    0.070211] pci 0000:00:1a.7: reg 10 32bit mmio: [0xfe226c00-0xfe226fff]
[    0.070305] pci 0000:00:1a.7: PME# supported from D0 D3hot D3cold
[    0.070401] pci 0000:00:1a.7: PME# disabled
[    0.070547] pci 0000:00:1b.0: reg 10 64bit mmio: [0xfe020000-0xfe023fff]
[    0.070632] pci 0000:00:1b.0: PME# supported from D0 D3hot D3cold
[    0.070726] pci 0000:00:1b.0: PME# disabled
[    0.071013] pci 0000:00:1c.0: PME# supported from D0 D3hot D3cold
[    0.071109] pci 0000:00:1c.0: PME# disabled
[    0.071316] pci 0000:00:1c.1: PME# supported from D0 D3hot D3cold
[    0.071418] pci 0000:00:1c.1: PME# disabled
[    0.071626] pci 0000:00:1c.2: PME# supported from D0 D3hot D3cold
[    0.071722] pci 0000:00:1c.2: PME# disabled
[    0.071921] pci 0000:00:1c.3: PME# supported from D0 D3hot D3cold
[    0.071999] pci 0000:00:1c.3: PME# disabled
[    0.072858] pci 0000:00:1c.4: PME# supported from D0 D3hot D3cold
[    0.072953] pci 0000:00:1c.4: PME# disabled
[    0.073065] pci 0000:00:1d.0: reg 20 io port: [0x18a0-0x18bf]
[    0.073134] pci 0000:00:1d.1: reg 20 io port: [0x18c0-0x18df]
[    0.073219] pci 0000:00:1d.2: reg 20 io port: [0x18e0-0x18ff]
[    0.073310] pci 0000:00:1d.7: reg 10 32bit mmio: [0xfe227000-0xfe2273ff]
[    0.073403] pci 0000:00:1d.7: PME# supported from D0 D3hot D3cold
[    0.073502] pci 0000:00:1d.7: PME# disabled
[    0.073799] pci 0000:00:1f.0: quirk: region 1000-107f claimed by ICH6 ACPI/GPIO/TCO
[    0.073998] pci 0000:00:1f.0: quirk: region 1180-11bf claimed by ICH6 GPIO
[    0.074097] pci 0000:00:1f.0: ICH7 LPC Generic IO decode 1 PIO at 1600 (mask 007f)
[    0.074222] pci 0000:00:1f.0: ICH7 LPC Generic IO decode 2 PIO at 15e0 (mask 000f)
[    0.074350] pci 0000:00:1f.0: ICH7 LPC Generic IO decode 3 PIO at 1680 (mask 001f)
[    0.074559] pci 0000:00:1f.1: reg 10 io port: [0x00-0x07]
[    0.074571] pci 0000:00:1f.1: reg 14 io port: [0x00-0x03]
[    0.074578] pci 0000:00:1f.1: reg 18 io port: [0x00-0x07]
[    0.074587] pci 0000:00:1f.1: reg 1c io port: [0x00-0x03]
[    0.074600] pci 0000:00:1f.1: reg 20 io port: [0x1c00-0x1c0f]
[    0.074679] pci 0000:00:1f.2: reg 10 io port: [0x1c50-0x1c57]
[    0.074688] pci 0000:00:1f.2: reg 14 io port: [0x1c44-0x1c47]
[    0.074696] pci 0000:00:1f.2: reg 18 io port: [0x1c48-0x1c4f]
[    0.074705] pci 0000:00:1f.2: reg 1c io port: [0x1c40-0x1c43]
[    0.074714] pci 0000:00:1f.2: reg 20 io port: [0x1c20-0x1c3f]
[    0.074723] pci 0000:00:1f.2: reg 24 32bit mmio: [0xfe226000-0xfe2267ff]
[    0.074781] pci 0000:00:1f.2: PME# supported from D3hot
[    0.074872] pci 0000:00:1f.2: PME# disabled
[    0.075008] pci 0000:00:1f.3: reg 10 32bit mmio: [0xfe227400-0xfe2274ff]
[    0.075032] pci 0000:00:1f.3: reg 20 io port: [0x1c60-0x1c7f]
[    0.075119] pci 0000:00:1c.0: bridge io port: [0x2000-0x2fff]
[    0.075125] pci 0000:00:1c.0: bridge 32bit mmio: [0xfc000000-0xfdffffff]
[    0.075135] pci 0000:00:1c.0: bridge 64bit mmio pref: [0xf8000000-0xf80fffff]
[    0.075211] pci 0000:03:00.0: reg 10 64bit mmio: [0xdf3f0000-0xdf3fffff]
[    0.075404] pci 0000:00:1c.1: bridge io port: [0x3000-0x3fff]
[    0.075410] pci 0000:00:1c.1: bridge 32bit mmio: [0xdc000000-0xdf3fffff]
[    0.075419] pci 0000:00:1c.1: bridge 64bit mmio pref: [0xdfe00000-0xdfefffff]
[    0.075475] pci 0000:00:1c.2: bridge io port: [0x4000-0x4fff]
[    0.075482] pci 0000:00:1c.2: bridge 32bit mmio: [0xd8000000-0xd9ffffff]
[    0.075491] pci 0000:00:1c.2: bridge 64bit mmio pref: [0xdfb00000-0xdfbfffff]
[    0.075545] pci 0000:00:1c.3: bridge io port: [0x5000-0x5fff]
[    0.075551] pci 0000:00:1c.3: bridge 32bit mmio: [0xd4000000-0xd5ffffff]
[    0.075560] pci 0000:00:1c.3: bridge 64bit mmio pref: [0xdf800000-0xdf8fffff]
[    0.075614] pci 0000:00:1c.4: bridge io port: [0x6000-0x6fff]
[    0.075621] pci 0000:00:1c.4: bridge 32bit mmio: [0xd0000000-0xd1ffffff]
[    0.075630] pci 0000:00:1c.4: bridge 64bit mmio pref: [0xdf500000-0xdf5fffff]
[    0.075688] pci 0000:15:00.0: reg 10 32bit mmio: [0xf8300000-0xf8300fff]
[    0.075738] pci 0000:15:00.0: supports D1 D2
[    0.075740] pci 0000:15:00.0: PME# supported from D0 D1 D2 D3hot D3cold
[    0.075833] pci 0000:15:00.0: PME# disabled
[    0.075985] pci 0000:15:00.1: reg 10 32bit mmio: [0xf8301000-0xf83017ff]
[    0.076091] pci 0000:15:00.1: supports D1 D2
[    0.076093] pci 0000:15:00.1: PME# supported from D0 D1 D2 D3hot D3cold
[    0.076190] pci 0000:15:00.1: PME# disabled
[    0.076370] pci 0000:00:1e.0: transparent bridge
[    0.076462] pci 0000:00:1e.0: bridge io port: [0x7000-0xafff]
[    0.076468] pci 0000:00:1e.0: bridge 32bit mmio: [0xf8300000-0xfbffffff]
[    0.076477] pci 0000:00:1e.0: bridge 64bit mmio pref: [0xf4000000-0xf7ffffff]
[    0.076541] pci_bus 0000:00: on NUMA node 0
[    0.076545] ACPI: PCI Interrupt Routing Table [\_SB_.PCI0._PRT]
[    0.076679] ACPI: PCI Interrupt Routing Table [\_SB_.PCI0.EXP0._PRT]
[    0.076738] ACPI: PCI Interrupt Routing Table [\_SB_.PCI0.EXP1._PRT]
[    0.076796] ACPI: PCI Interrupt Routing Table [\_SB_.PCI0.EXP2._PRT]
[    0.076854] ACPI: PCI Interrupt Routing Table [\_SB_.PCI0.EXP3._PRT]
[    0.076917] ACPI: PCI Interrupt Routing Table [\_SB_.PCI0.EXP4._PRT]
[    0.076979] ACPI: PCI Interrupt Routing Table [\_SB_.PCI0.PCI1._PRT]
[    0.082441] ACPI: PCI Interrupt Link [LNKA] (IRQs 3 4 5 6 7 9 *10 11)
[    0.083252] ACPI: PCI Interrupt Link [LNKB] (IRQs 3 4 5 6 7 9 10 *11)
[    0.084059] ACPI: PCI Interrupt Link [LNKC] (IRQs 3 4 5 6 7 9 10 *11)
[    0.084850] ACPI: PCI Interrupt Link [LNKD] (IRQs 3 4 5 6 7 9 10 *11)
[    0.085608] ACPI: PCI Interrupt Link [LNKE] (IRQs 3 4 5 6 7 9 10 *11)
[    0.086405] ACPI: PCI Interrupt Link [LNKF] (IRQs 3 4 5 6 7 9 10 *11)
[    0.087159] ACPI: PCI Interrupt Link [LNKG] (IRQs 3 4 5 6 7 9 10 *11)
[    0.088039] ACPI: PCI Interrupt Link [LNKH] (IRQs 3 4 5 6 7 9 10 *11)
[    0.088798] vgaarb: device added: PCI:0000:00:02.0,decodes=io+mem,owns=io+mem,locks=none
[    0.088926] vgaarb: loaded
[    0.089089] SCSI subsystem initialized
[    0.089189] libata version 3.00 loaded.
[    0.089236] usbcore: registered new interface driver usbfs
[    0.089359] usbcore: registered new interface driver hub
[    0.089472] usbcore: registered new device driver usb
[    0.106044] raid6: int32x1    941 MB/s
[    0.122990] raid6: int32x2    886 MB/s
[    0.140064] raid6: int32x4    750 MB/s
[    0.156989] raid6: int32x8    656 MB/s
[    0.173988] raid6: mmxx1     2878 MB/s
[    0.190985] raid6: mmxx2     3253 MB/s
[    0.208009] raid6: sse1x1    1937 MB/s
[    0.224977] raid6: sse1x2    2531 MB/s
[    0.241985] raid6: sse2x1    3503 MB/s
[    0.258980] raid6: sse2x2    3835 MB/s
[    0.259069] raid6: using algorithm sse2x2 (3835 MB/s)
[    0.259160] PCI: Using ACPI for IRQ routing
[    0.259462] HPET: 3 timers in total, 0 timers will be used for per-cpu timer
[    0.259990] Switching to clocksource tsc
[    0.260090] pnp: PnP ACPI init
[    0.260177] ACPI: bus type pnp registered
[    0.263889] pnp: PnP ACPI: found 11 devices
[    0.263977] ACPI: ACPI bus type pnp unregistered
[    0.264075] system 00:00: iomem range 0x0-0x9ffff could not be reserved
[    0.264166] system 00:00: iomem range 0xc0000-0xc3fff could not be reserved
[    0.264261] system 00:00: iomem range 0xc4000-0xc7fff could not be reserved
[    0.264349] system 00:00: iomem range 0xc8000-0xcbfff has been reserved
[    0.264441] system 00:00: iomem range 0xcc000-0xcffff has been reserved
[    0.264534] system 00:00: iomem range 0xd0000-0xd3fff could not be reserved
[    0.264627] system 00:00: iomem range 0xe0000-0xe3fff could not be reserved
[    0.264725] system 00:00: iomem range 0xe4000-0xe7fff could not be reserved
[    0.264823] system 00:00: iomem range 0xe8000-0xebfff could not be reserved
[    0.264924] system 00:00: iomem range 0xec000-0xeffff could not be reserved
[    0.265017] system 00:00: iomem range 0xf0000-0xfffff could not be reserved
[    0.265108] system 00:00: iomem range 0x100000-0x3dffffff could not be reserved
[    0.265231] system 00:00: iomem range 0xfec00000-0xfed3ffff could not be reserved
[    0.265352] system 00:00: iomem range 0xfed4c000-0xffffffff could not be reserved
[    0.265477] system 00:02: ioport range 0x164e-0x164f has been reserved
[    0.265579] system 00:02: ioport range 0x1000-0x107f has been reserved
[    0.265667] system 00:02: ioport range 0x1180-0x11bf has been reserved
[    0.265760] system 00:02: ioport range 0x800-0x80f has been reserved
[    0.265856] system 00:02: ioport range 0x15e0-0x15ef has been reserved
[    0.265952] system 00:02: ioport range 0x1600-0x165f could not be reserved
[    0.266044] system 00:02: iomem range 0xf0000000-0xf3ffffff has been reserved
[    0.266138] system 00:02: iomem range 0xfed1c000-0xfed1ffff has been reserved
[    0.266226] system 00:02: iomem range 0xfed14000-0xfed17fff has been reserved
[    0.266321] system 00:02: iomem range 0xfed18000-0xfed18fff has been reserved
[    0.266419] system 00:02: iomem range 0xfed19000-0xfed19fff has been reserved
[    0.266525] system 00:02: iomem range 0xfed45000-0xfed4bfff has been reserved
[    0.301571] pci 0000:00:1c.0: PCI bridge, secondary bus 0000:02
[    0.301663] pci 0000:00:1c.0:   IO window: 0x2000-0x2fff
[    0.301760] pci 0000:00:1c.0:   MEM window: 0xfc000000-0xfdffffff
[    0.301863] pci 0000:00:1c.0:   PREFETCH window: 0x000000f8000000-0x000000f80fffff
[    0.301993] pci 0000:00:1c.1: PCI bridge, secondary bus 0000:03
[    0.302087] pci 0000:00:1c.1:   IO window: 0x3000-0x3fff
[    0.302178] pci 0000:00:1c.1:   MEM window: 0xdc000000-0xdf3fffff
[    0.302274] pci 0000:00:1c.1:   PREFETCH window: 0x000000dfe00000-0x000000dfefffff
[    0.302399] pci 0000:00:1c.2: PCI bridge, secondary bus 0000:04
[    0.302491] pci 0000:00:1c.2:   IO window: 0x4000-0x4fff
[    0.302584] pci 0000:00:1c.2:   MEM window: 0xd8000000-0xd9ffffff
[    0.302684] pci 0000:00:1c.2:   PREFETCH window: 0x000000dfb00000-0x000000dfbfffff
[    0.302812] pci 0000:00:1c.3: PCI bridge, secondary bus 0000:05
[    0.302919] pci 0000:00:1c.3:   IO window: 0x5000-0x5fff
[    0.303015] pci 0000:00:1c.3:   MEM window: 0xd4000000-0xd5ffffff
[    0.303108] pci 0000:00:1c.3:   PREFETCH window: 0x000000df800000-0x000000df8fffff
[    0.303232] pci 0000:00:1c.4: PCI bridge, secondary bus 0000:0d
[    0.303324] pci 0000:00:1c.4:   IO window: 0x6000-0x6fff
[    0.303422] pci 0000:00:1c.4:   MEM window: 0xd0000000-0xd1ffffff
[    0.303523] pci 0000:00:1c.4:   PREFETCH window: 0x000000df500000-0x000000df5fffff
[    0.303650] pci 0000:15:00.0: CardBus bridge, secondary bus 0000:16
[    0.303745] pci 0000:15:00.0:   IO window: 0x007000-0x0070ff
[    0.303841] pci 0000:15:00.0:   IO window: 0x007400-0x0074ff
[    0.303937] pci 0000:15:00.0:   PREFETCH window: 0xf4000000-0xf7ffffff
[    0.304034] pci 0000:15:00.0:   MEM window: 0x40000000-0x43ffffff
[    0.304129] pci 0000:00:1e.0: PCI bridge, secondary bus 0000:15
[    0.304228] pci 0000:00:1e.0:   IO window: 0x7000-0xafff
[    0.304322] pci 0000:00:1e.0:   MEM window: 0xf8300000-0xfbffffff
[    0.304413] pci 0000:00:1e.0:   PREFETCH window: 0x000000f4000000-0x000000f7ffffff
[    0.304559] pci 0000:00:1c.0: PCI INT A -> GSI 20 (level, low) -> IRQ 20
[    0.304654] pci 0000:00:1c.0: setting latency timer to 64
[    0.304666] pci 0000:00:1c.1: PCI INT B -> GSI 21 (level, low) -> IRQ 21
[    0.304762] pci 0000:00:1c.1: setting latency timer to 64
[    0.304775] pci 0000:00:1c.2: PCI INT C -> GSI 22 (level, low) -> IRQ 22
[    0.304872] pci 0000:00:1c.2: setting latency timer to 64
[    0.304886] pci 0000:00:1c.3: PCI INT D -> GSI 23 (level, low) -> IRQ 23
[    0.304979] pci 0000:00:1c.3: setting latency timer to 64
[    0.304990] pci 0000:00:1c.4: PCI INT A -> GSI 20 (level, low) -> IRQ 20
[    0.305085] pci 0000:00:1c.4: setting latency timer to 64
[    0.305094] pci 0000:00:1e.0: enabling device (0005 -> 0007)
[    0.305192] pci 0000:00:1e.0: setting latency timer to 64
[    0.305209] pci 0000:15:00.0: PCI INT A -> GSI 16 (level, low) -> IRQ 16
[    0.305303] pci 0000:15:00.0: setting latency timer to 64
[    0.305309] pci_bus 0000:00: resource 0 io:  [0x00-0xffff]
[    0.305311] pci_bus 0000:00: resource 1 mem: [0x000000-0xffffffff]
[    0.305313] pci_bus 0000:02: resource 0 io:  [0x2000-0x2fff]
[    0.305315] pci_bus 0000:02: resource 1 mem: [0xfc000000-0xfdffffff]
[    0.305317] pci_bus 0000:02: resource 2 pref mem [0xf8000000-0xf80fffff]
[    0.305319] pci_bus 0000:03: resource 0 io:  [0x3000-0x3fff]
[    0.305320] pci_bus 0000:03: resource 1 mem: [0xdc000000-0xdf3fffff]
[    0.305322] pci_bus 0000:03: resource 2 pref mem [0xdfe00000-0xdfefffff]
[    0.305324] pci_bus 0000:04: resource 0 io:  [0x4000-0x4fff]
[    0.305326] pci_bus 0000:04: resource 1 mem: [0xd8000000-0xd9ffffff]
[    0.305328] pci_bus 0000:04: resource 2 pref mem [0xdfb00000-0xdfbfffff]
[    0.305330] pci_bus 0000:05: resource 0 io:  [0x5000-0x5fff]
[    0.305332] pci_bus 0000:05: resource 1 mem: [0xd4000000-0xd5ffffff]
[    0.305334] pci_bus 0000:05: resource 2 pref mem [0xdf800000-0xdf8fffff]
[    0.305335] pci_bus 0000:0d: resource 0 io:  [0x6000-0x6fff]
[    0.305337] pci_bus 0000:0d: resource 1 mem: [0xd0000000-0xd1ffffff]
[    0.305339] pci_bus 0000:0d: resource 2 pref mem [0xdf500000-0xdf5fffff]
[    0.305341] pci_bus 0000:15: resource 0 io:  [0x7000-0xafff]
[    0.305343] pci_bus 0000:15: resource 1 mem: [0xf8300000-0xfbffffff]
[    0.305345] pci_bus 0000:15: resource 2 pref mem [0xf4000000-0xf7ffffff]
[    0.305346] pci_bus 0000:15: resource 3 io:  [0x00-0xffff]
[    0.305348] pci_bus 0000:15: resource 4 mem: [0x000000-0xffffffff]
[    0.305350] pci_bus 0000:16: resource 0 io:  [0x7000-0x70ff]
[    0.305352] pci_bus 0000:16: resource 1 io:  [0x7400-0x74ff]
[    0.305354] pci_bus 0000:16: resource 2 pref mem [0xf4000000-0xf7ffffff]
[    0.305355] pci_bus 0000:16: resource 3 mem: [0x40000000-0x43ffffff]
[    0.305363] NET: Registered protocol family 2
[    0.305458] RANDOM - __random32 called. Change num 7.  Value: 7ba3d01e	3ca905be	d2026a24
[    0.305460] RANDOM - random32 called.  Value: 7ba3d01e	3ca905be	d2026a24
[    0.305464] random 0000 0000 0000 5f8db4e5 4cfdf2a8: rand_read_num 3 get_random_bytes(4): sig fffffb64 5f8db4e5 4cfdf2a8
[    0.305467] random 0000 0000 0000 5f8db4e5 4cfdf2a8: extract_entropy(.. 4 ..)
[    0.305469] random 0000 0000 0000 5f8db4e5 4cfdf2a8: going to reseed nonblocking with 64 bits (32 of 0 requested)
[    0.305471] random 0000 0000 0000 5f8db4e5 4cfdf2a8: extract_entropy(.. 8 ..)
[    0.305473] random 0000 0000 0000 5f8db4e5 4cfdf2a8: trying to extract 64 bits from input
[    0.305476] random 0000 0000 0000 5f8db4e5 4cfdf2a8: debiting 0 entropy credits from input
[    0.305478] random 0000 0000 0000 5f8db4e5 4cfdf2a8: extract_entropy account returned: 0 
[    0.305481] random 0000 0000 0000 5f8db4e5 4cfdf2a8: urand_change_num 5 xfer_secondary_pool(4): pool_sig fffffb64, data_sig 00000000, bytes_mixed 0 5f8db4e5 4cfdf2a8
[    0.305483] random 0000 0000 0000 5f8db4e5 4cfdf2a8: trying to extract 32 bits from nonblocking
[    0.305486] random 0000 0000 0000 5f8db4e5 4cfdf2a8: debiting 32 entropy credits from nonblocking (unlimited)
[    0.305488] random 0000 0000 0000 5f8db4e5 4cfdf2a8: extract_entropy account returned: 4 
[    0.305492] random 0000 0000 0000 5f8db4e5 4cfdf2a8: urand_change_num 6 extract_buf: pool_sig fffffb64, data_sig 00000241, bytes_mixed 20 5f8db4e5 4cfdf2a8
[    0.305501] IP route cache hash table entries: 32768 (order: 5, 131072 bytes)
[    0.305640] RANDOM - __random32 called. Change num 8.  Value: 3d01e034	ca905be7	d4484227
[    0.305641] RANDOM - random32 called.  Value: 3d01e034	ca905be7	d4484227
[    0.305652] RANDOM - __random32 called. Change num 9.  Value: 1e034020	a905be70	844ec14a
[    0.305653] RANDOM - random32 called.  Value: 1e034020	a905be70	844ec14a
[    0.305655] RANDOM - __random32 called. Change num 10.  Value: 34020ec0	905be706	8294c719
[    0.305657] RANDOM - random32 called.  Value: 34020ec0	905be706	8294c719
[    0.305667] RANDOM - __random32 called. Change num 11.  Value: 20ec0ebb	5be7068	8e32c65f
[    0.305669] RANDOM - random32 called.  Value: 20ec0ebb	5be7068	8e32c65f
[    0.305678] TCP established hash table entries: 131072 (order: 8, 1048576 bytes)
[    0.306173] TCP bind hash table entries: 65536 (order: 6, 262144 bytes)
[    0.306362] TCP: Hash tables configured (established 131072 bind 65536)
[    0.306464] TCP reno registered
[    0.306568] NET: Registered protocol family 1
[    0.306681] RPC: Registered udp transport module.
[    0.306770] RPC: Registered tcp transport module.
[    0.306869] RPC: Registered tcp NFSv4.1 backchannel transport module.
[    0.306966] pci 0000:00:02.0: Boot video device
[    0.307183] Simple Boot Flag at 0x35 set to 0x1
[    0.307702] highmem bounce pool size: 64 pages
[    0.309277] VFS: Disk quotas dquot_6.5.2
[    0.309403] Dquot-cache hash table entries: 1024 (order 0, 4096 bytes)
[    0.310085] NTFS driver 2.1.29 [Flags: R/W].
[    0.310255] ROMFS MTD (C) 2007 Red Hat, Inc.
[    0.310467] JFS: nTxBlock = 7695, nTxLock = 61562
[    0.312931] SGI XFS with ACLs, security attributes, large block/inode numbers, no debug enabled
[    0.313412] SGI XFS Quota Management subsystem
[    0.313700] Slow work thread pool: Starting up
[    0.313799] Slow work thread pool: Ready
[    0.313933] GFS2 (built May 24 2013 02:47:17) installed
[    0.314026] msgmni has been set to 1734
[    0.314200] alg: No test for cipher_null (cipher_null-generic)
[    0.314302] alg: No test for ecb(cipher_null) (ecb-cipher_null)
[    0.314404] alg: No test for digest_null (digest_null-generic)
[    0.314502] alg: No test for compress_null (compress_null-generic)
[    0.315082] alg: No test for fcrypt (fcrypt-generic)
[    0.316492] alg: No test for stdrng (krng)
[    0.316592] async_tx: api initialized (async)
[    0.316745] Block layer SCSI generic (bsg) driver version 0.4 loaded (major 254)
[    0.316882] io scheduler noop registered
[    0.316970] io scheduler anticipatory registered
[    0.317068] io scheduler deadline registered
[    0.317207] io scheduler cfq registered (default)
[    0.317448] pcieport 0000:00:1c.0: irq 24 for MSI/MSI-X
[    0.317464] pcieport 0000:00:1c.0: setting latency timer to 64
[    0.317651] pcieport 0000:00:1c.1: irq 25 for MSI/MSI-X
[    0.317663] pcieport 0000:00:1c.1: setting latency timer to 64
[    0.317844] pcieport 0000:00:1c.2: irq 26 for MSI/MSI-X
[    0.317853] pcieport 0000:00:1c.2: setting latency timer to 64
[    0.318043] pcieport 0000:00:1c.3: irq 27 for MSI/MSI-X
[    0.318055] pcieport 0000:00:1c.3: setting latency timer to 64
[    0.318238] pcieport 0000:00:1c.4: irq 28 for MSI/MSI-X
[    0.318248] pcieport 0000:00:1c.4: setting latency timer to 64
[    0.318392] pci_hotplug: PCI Hot Plug PCI Core version: 0.5
[    0.318583] isapnp: Scanning for PnP cards...
[    0.679117] isapnp: No Plug & Play device found
[    0.679209] random 0000 0000 0000 5f8db4e5 4cfdf2a8: initializing
[    0.679212] RANDOM init_std_data for input now value: 1369937516679211933
[    0.679213] RANDOM init_std_data for blocking now value: 1369937516679214014
[    0.679215] RANDOM init_std_data for nonblocking now value: 1369937516679215753
[    0.698807] Serial: 8250/16550 driver, 4 ports, IRQ sharing enabled
[    3.709835] floppy0: no floppy controllers found
[    3.710791] brd: module loaded
[    3.711303] loop: module loaded
[    3.711389] Compaq SMART2 Driver (v 2.6.0)
[    3.711519] HP CISS Driver (v 3.6.20)
[    3.711770] input: Macintosh mouse button emulation as /devices/virtual/input/input0
[    3.711916] Uniform Multi-Platform E-IDE driver
[    3.712147] piix 0000:00:1f.1: IDE controller (0x8086:0x2850 rev 0x03)
[    3.712247] pci 0000:00:1f.1: PCI INT C -> GSI 16 (level, low) -> IRQ 16
[    3.712356] piix 0000:00:1f.1: IDE port disabled
[    3.712452] piix 0000:00:1f.1: not 100% native mode: will probe irqs later
[    3.712547]     ide0: BM-DMA at 0x1c00-0x1c07
[    3.712639] Probing IDE interface ide0...
[    4.384045] hda: HL-DT-ST DVDRAM GSA-U10N, ATAPI CD/DVD-ROM drive
[    4.690856] hda: host max PIO4 wanted PIO255(auto-tune) selected PIO4
[    4.691628] hda: UDMA/33 mode selected
[    4.692099] ide0 at 0x1f0-0x1f7,0x3f6 on irq 14
[    4.696011] ide-gd driver 1.18
[    4.696119] ide-cd driver 5.00
[    4.697522] random 0000 0000 0000 00000000 00000000: add_disk_randomness(0:0) 00000000 00000000
[    4.697526] random 0000 0000 0000 00000000 00000000: add_timer_randomness(.. 256) with jiffies: 5229956391866433145, cycles: 5229956387571761163
[    4.697529] random 0000 0000 0000 00000000 00000000: added 11 entropy credits to input
[    4.697532] ide-cd: hda: ATAPI 24X DVD-ROM DVD-R/RAM CD-R/RW drive, 2048kB Cache
[    4.698000] Uniform CD-ROM driver Revision: 3.20
[    4.700740] random 0011 0000 0000 00000000 00000000: add_disk_randomness(0:0) 00000000 00000000
[    4.700743] random 0011 0000 0000 00000000 00000000: add_timer_randomness(.. 256) with jiffies: 5258913727095996028, cycles: 5258913722801324043
[    4.700746] random 0011 0000 0000 00000000 00000000: added 1 entropy credits to input
[    4.700749] random 0012 0000 0000 00000000 00000000: add_disk_randomness(0:0) 00000000 00000000
[    4.700752] random 0012 0000 0000 00000000 00000000: add_timer_randomness(.. 256) with jiffies: 5258989941290663548, cycles: 5258989936995991563
[    4.702738] random 0012 0000 0000 00000000 00000000: add_disk_randomness(0:0) 00000000 00000000
[    4.702741] random 0012 0000 0000 00000000 00000000: add_timer_randomness(.. 256) with jiffies: 5276889002748378750, cycles: 5276888998453706763
[    4.702744] random 0012 0000 0000 00000000 00000000: added 1 entropy credits to input
[    4.702747] random 0013 0000 0000 00000000 00000000: add_disk_randomness(0:0) 00000000 00000000
[    4.702750] random 0013 0000 0000 00000000 00000000: add_timer_randomness(.. 256) with jiffies: 5276964087366647422, cycles: 5276964083071975435
[    4.704740] random 0013 0000 0000 00000000 00000000: add_disk_randomness(0:0) 00000000 00000000
[    4.704742] random 0013 0000 0000 00000000 00000000: add_timer_randomness(.. 256) with jiffies: 5294893003142037120, cycles: 5294892998847365131
[    4.704745] random 0013 0000 0000 00000000 00000000: added 1 entropy credits to input
[    4.704748] random 0014 0000 0000 00000000 00000000: add_disk_randomness(0:0) 00000000 00000000
[    4.704751] random 0014 0000 0000 00000000 00000000: add_timer_randomness(.. 256) with jiffies: 5294966739140574848, cycles: 5294966734845902859
[    4.705029] Loading iSCSI transport class v2.0-870.
[    4.705312] rdac: device handler registered
[    4.705406] hp_sw: device handler registered
[    4.705494] emc: device handler registered
[    4.705590] alua: device handler registered
[    4.706588] Adaptec aacraid driver 1.1-5[2461]-ms
[    4.707013] scsi: <fdomain> Detection failed (no card)
[    4.707108] sym53c416.c: Version 1.0.0-ac
[    4.707224] qlogicfas: no cards were found, please specify I/O address and IRQ using iobase= and irq= options
[    4.707356] QLogic Fibre Channel HBA Driver: 8.03.01-k6
[    4.707582] iscsi: registered transport (qla4xxx)
[    4.707694] QLogic iSCSI HBA Driver
[    4.707790] Emulex LightPulse Fibre Channel SCSI driver 8.3.4
[    4.707890] Copyright(c) 2004-2009 Emulex.  All rights reserved.
[    4.729841] Failed initialization of WD-7000 SCSI card!
[    4.819218] DC390: clustering now enabled by default. If you get problems load
[    4.819337]        with "disable_clustering=1" and report to maintainers
[    4.819471] megaraid cmm: 2.20.2.7 (Release Date: Sun Jul 16 00:01:03 EST 2006)
[    4.819623] megaraid: 2.20.5.1 (Release Date: Thu Nov 16 15:32:35 EST 2006)
[    4.819735] megasas: 00.00.04.01 Thu July 24 11:41:51 PST 2008
[    4.819869] GDT-HA: Storage RAID Controller Driver. Version: 3.05
[    4.820017] 3ware Storage Controller device driver for Linux v1.26.02.002.
[    4.820126] 3ware 9000 Storage Controller device driver for Linux v2.26.02.012.
[    4.820269] nsp32: loading...
[    4.820375] ipr: IBM Power RAID SCSI Device Driver version: 2.4.3 (June 10, 2009)
[    4.820517] RocketRAID 3xxx/4xxx Controller driver v1.6 (090910)
[    4.820632] stex: Promise SuperTrak EX Driver version: 4.6.0000.3
[    4.820764] st: Version 20081215, fixed bufsize 32768, s/g segs 256
[    4.820964] ahci 0000:00:1f.2: version 3.0
[    4.820977] ahci 0000:00:1f.2: PCI INT B -> GSI 16 (level, low) -> IRQ 16
[    4.821120] ahci 0000:00:1f.2: irq 29 for MSI/MSI-X
[    4.821180] ahci 0000:00:1f.2: AHCI 0001.0100 32 slots 3 ports 1.5 Gbps 0x5 impl SATA mode
[    4.821303] ahci 0000:00:1f.2: flags: 64bit ncq sntf pm led clo pio slum part ccc 
[    4.821432] ahci 0000:00:1f.2: setting latency timer to 64
[    4.821575] scsi2 : ahci
[    4.821735] scsi3 : ahci
[    4.821894] scsi4 : ahci
[    4.822062] ata1: SATA max UDMA/133 abar m2048@0xfe226000 port 0xfe226100 irq 29
[    4.822184] ata2: DUMMY
[    4.822271] ata3: SATA max UDMA/133 abar m2048@0xfe226000 port 0xfe226200 irq 29
[    4.822888] I2O subsystem v1.325
[    4.822976] i2o: max drivers = 8
[    4.823122] I2O Configuration OSM v1.323
[    4.823225] I2O Bus Adapter OSM v1.317
[    4.823326] I2O Block Device OSM v1.325
[    4.823482] I2O SCSI Peripheral OSM v1.316
[    4.823596] I2O ProcFS OSM v1.316
[    4.823701] Fusion MPT base driver 3.04.12
[    4.823786] Copyright (c) 1999-2008 LSI Corporation
[    4.823893] Fusion MPT SPI Host driver 3.04.12
[    4.824037] Fusion MPT FC Host driver 3.04.12
[    4.824153] Fusion MPT SAS Host driver 3.04.12
[    4.824312] ohci1394 0000:15:00.1: PCI INT B -> GSI 17 (level, low) -> IRQ 17
[    4.824414] ohci1394 0000:15:00.1: setting latency timer to 64
[    4.877862] ohci1394: fw-host0: OHCI-1394 1.1 (PCI): IRQ=[17]  MMIO=[f8301000-f83017ff]  Max Packet=[2048]  IR/IT contexts=[4/4]
[    4.881128] ehci_hcd: USB 2.0 'Enhanced' Host Controller (EHCI) Driver
[    4.881400] ehci_hcd 0000:00:1a.7: power state changed by ACPI to D0
[    4.881647] ehci_hcd 0000:00:1a.7: power state changed by ACPI to D0
[    4.881745] ehci_hcd 0000:00:1a.7: PCI INT C -> GSI 22 (level, low) -> IRQ 22
[    4.881852] ehci_hcd 0000:00:1a.7: setting latency timer to 64
[    4.881857] ehci_hcd 0000:00:1a.7: EHCI Host Controller
[    4.881990] ehci_hcd 0000:00:1a.7: new USB bus registered, assigned bus number 1
[    4.886027] ehci_hcd 0000:00:1a.7: cache line size of 32 is not supported
[    4.886037] ehci_hcd 0000:00:1a.7: irq 22, io mem 0xfe226c00
[    4.895823] ehci_hcd 0000:00:1a.7: USB 2.0 started, EHCI 1.00
[    4.895930] usb usb1: New USB device found, idVendor=1d6b, idProduct=0002
[    4.896030] usb usb1: New USB device strings: Mfr=3, Product=2, SerialNumber=1
[    4.896151] usb usb1: Product: EHCI Host Controller
[    4.896240] usb usb1: Manufacturer: Linux 2.6.32.57 ehci_hcd
[    4.896330] usb usb1: SerialNumber: 0000:00:1a.7
[    4.896476] usb usb1: configuration #1 chosen from 1 choice
[    4.896601] hub 1-0:1.0: USB hub found
[    4.896693] hub 1-0:1.0: 4 ports detected
[    4.897021] ehci_hcd 0000:00:1d.7: power state changed by ACPI to D0
[    4.897268] ehci_hcd 0000:00:1d.7: power state changed by ACPI to D0
[    4.897372] ehci_hcd 0000:00:1d.7: PCI INT D -> GSI 19 (level, low) -> IRQ 19
[    4.897474] ehci_hcd 0000:00:1d.7: setting latency timer to 64
[    4.897479] ehci_hcd 0000:00:1d.7: EHCI Host Controller
[    4.897601] ehci_hcd 0000:00:1d.7: new USB bus registered, assigned bus number 2
[    4.897761] ehci_hcd 0000:00:1d.7: debug port 1
[    4.901750] ehci_hcd 0000:00:1d.7: cache line size of 32 is not supported
[    4.901759] ehci_hcd 0000:00:1d.7: irq 19, io mem 0xfe227000
[    4.911824] ehci_hcd 0000:00:1d.7: USB 2.0 started, EHCI 1.00
[    4.911939] usb usb2: New USB device found, idVendor=1d6b, idProduct=0002
[    4.912028] usb usb2: New USB device strings: Mfr=3, Product=2, SerialNumber=1
[    4.912147] usb usb2: Product: EHCI Host Controller
[    4.912235] usb usb2: Manufacturer: Linux 2.6.32.57 ehci_hcd
[    4.912330] usb usb2: SerialNumber: 0000:00:1d.7
[    4.912477] usb usb2: configuration #1 chosen from 1 choice
[    4.912604] hub 2-0:1.0: USB hub found
[    4.912697] hub 2-0:1.0: 6 ports detected
[    4.912880] 116x: driver isp116x-hcd, 03 Nov 2005
[    4.912985] ohci_hcd: USB 1.1 'Open' Host Controller (OHCI) Driver
[    4.913097] uhci_hcd: USB Universal Host Controller Interface driver
[    4.913207] uhci_hcd 0000:00:1a.0: PCI INT A -> GSI 20 (level, low) -> IRQ 20
[    4.913313] uhci_hcd 0000:00:1a.0: setting latency timer to 64
[    4.913318] uhci_hcd 0000:00:1a.0: UHCI Host Controller
[    4.913450] uhci_hcd 0000:00:1a.0: new USB bus registered, assigned bus number 3
[    4.913601] uhci_hcd 0000:00:1a.0: irq 20, io base 0x00001860
[    4.913717] usb usb3: New USB device found, idVendor=1d6b, idProduct=0001
[    4.913808] usb usb3: New USB device strings: Mfr=3, Product=2, SerialNumber=1
[    4.913935] usb usb3: Product: UHCI Host Controller
[    4.914023] usb usb3: Manufacturer: Linux 2.6.32.57 uhci_hcd
[    4.914120] usb usb3: SerialNumber: 0000:00:1a.0
[    4.914265] usb usb3: configuration #1 chosen from 1 choice
[    4.914382] hub 3-0:1.0: USB hub found
[    4.914472] hub 3-0:1.0: 2 ports detected
[    4.914769] uhci_hcd 0000:00:1a.1: power state changed by ACPI to D0
[    4.915018] uhci_hcd 0000:00:1a.1: power state changed by ACPI to D0
[    4.915113] uhci_hcd 0000:00:1a.1: PCI INT B -> GSI 21 (level, low) -> IRQ 21
[    4.915211] uhci_hcd 0000:00:1a.1: setting latency timer to 64
[    4.915214] uhci_hcd 0000:00:1a.1: UHCI Host Controller
[    4.915342] uhci_hcd 0000:00:1a.1: new USB bus registered, assigned bus number 4
[    4.915501] uhci_hcd 0000:00:1a.1: irq 21, io base 0x00001880
[    4.915626] usb usb4: New USB device found, idVendor=1d6b, idProduct=0001
[    4.915716] usb usb4: New USB device strings: Mfr=3, Product=2, SerialNumber=1
[    4.915849] usb usb4: Product: UHCI Host Controller
[    4.915939] usb usb4: Manufacturer: Linux 2.6.32.57 uhci_hcd
[    4.916029] usb usb4: SerialNumber: 0000:00:1a.1
[    4.916162] usb usb4: configuration #1 chosen from 1 choice
[    4.916279] hub 4-0:1.0: USB hub found
[    4.916374] hub 4-0:1.0: 2 ports detected
[    4.916682] uhci_hcd 0000:00:1d.0: power state changed by ACPI to D0
[    4.916937] uhci_hcd 0000:00:1d.0: power state changed by ACPI to D0
[    4.917033] uhci_hcd 0000:00:1d.0: PCI INT A -> GSI 16 (level, low) -> IRQ 16
[    4.917132] uhci_hcd 0000:00:1d.0: setting latency timer to 64
[    4.917137] uhci_hcd 0000:00:1d.0: UHCI Host Controller
[    4.917275] uhci_hcd 0000:00:1d.0: new USB bus registered, assigned bus number 5
[    4.917427] uhci_hcd 0000:00:1d.0: irq 16, io base 0x000018a0
[    4.917543] usb usb5: New USB device found, idVendor=1d6b, idProduct=0001
[    4.917636] usb usb5: New USB device strings: Mfr=3, Product=2, SerialNumber=1
[    4.917756] usb usb5: Product: UHCI Host Controller
[    4.917852] usb usb5: Manufacturer: Linux 2.6.32.57 uhci_hcd
[    4.917942] usb usb5: SerialNumber: 0000:00:1d.0
[    4.918079] usb usb5: configuration #1 chosen from 1 choice
[    4.918197] hub 5-0:1.0: USB hub found
[    4.918296] hub 5-0:1.0: 2 ports detected
[    4.918437] uhci_hcd 0000:00:1d.1: PCI INT B -> GSI 17 (level, low) -> IRQ 17
[    4.918534] uhci_hcd 0000:00:1d.1: setting latency timer to 64
[    4.918537] uhci_hcd 0000:00:1d.1: UHCI Host Controller
[    4.918661] uhci_hcd 0000:00:1d.1: new USB bus registered, assigned bus number 6
[    4.918809] uhci_hcd 0000:00:1d.1: irq 17, io base 0x000018c0
[    4.918933] usb usb6: New USB device found, idVendor=1d6b, idProduct=0001
[    4.919026] usb usb6: New USB device strings: Mfr=3, Product=2, SerialNumber=1
[    4.919152] usb usb6: Product: UHCI Host Controller
[    4.919250] usb usb6: Manufacturer: Linux 2.6.32.57 uhci_hcd
[    4.919345] usb usb6: SerialNumber: 0000:00:1d.1
[    4.919484] usb usb6: configuration #1 chosen from 1 choice
[    4.919608] hub 6-0:1.0: USB hub found
[    4.919699] hub 6-0:1.0: 2 ports detected
[    4.920008] uhci_hcd 0000:00:1d.2: power state changed by ACPI to D0
[    4.920251] uhci_hcd 0000:00:1d.2: power state changed by ACPI to D0
[    4.920346] uhci_hcd 0000:00:1d.2: PCI INT C -> GSI 18 (level, low) -> IRQ 18
[    4.920445] uhci_hcd 0000:00:1d.2: setting latency timer to 64
[    4.920450] uhci_hcd 0000:00:1d.2: UHCI Host Controller
[    4.920579] uhci_hcd 0000:00:1d.2: new USB bus registered, assigned bus number 7
[    4.920743] uhci_hcd 0000:00:1d.2: irq 18, io base 0x000018e0
[    4.920866] usb usb7: New USB device found, idVendor=1d6b, idProduct=0001
[    4.920958] usb usb7: New USB device strings: Mfr=3, Product=2, SerialNumber=1
[    4.921076] usb usb7: Product: UHCI Host Controller
[    4.921165] usb usb7: Manufacturer: Linux 2.6.32.57 uhci_hcd
[    4.921261] usb usb7: SerialNumber: 0000:00:1d.2
[    4.922053] usb usb7: configuration #1 chosen from 1 choice
[    4.922172] hub 7-0:1.0: USB hub found
[    4.922264] hub 7-0:1.0: 2 ports detected
[    4.922422] sl811: driver sl811-hcd, 19 May 2005
[    4.922528] r8a66597_hcd: driver r8a66597_hcd, 2009-05-26
[    4.922694] Initializing USB Mass Storage driver...
[    4.922831] usbcore: registered new interface driver usb-storage
[    4.922921] USB Mass Storage support registered.
[    4.923028] usbcore: registered new interface driver ums-alauda
[    4.923136] usbcore: registered new interface driver ums-cypress
[    4.923244] usbcore: registered new interface driver ums-datafab
[    4.923351] usbcore: registered new interface driver ums-freecom
[    4.923460] usbcore: registered new interface driver ums-isd200
[    4.923569] usbcore: registered new interface driver ums-jumpshot
[    4.923680] usbcore: registered new interface driver ums-karma
[    4.923790] usbcore: registered new interface driver ums-onetouch
[    4.923912] usbcore: registered new interface driver ums-sddr09
[    4.924022] usbcore: registered new interface driver ums-sddr55
[    4.924128] usbcore: registered new interface driver ums-usbat
[    4.924273] PNP: PS/2 Controller [PNP0303:KBD,PNP0f13:MOU] at 0x60,0x64 irq 1,12
[    4.933075] serio: i8042 KBD port at 0x60,0x64 irq 1
[    4.933168] serio: i8042 AUX port at 0x60,0x64 irq 12
[    4.933406] mice: PS/2 mouse device common for all mice
[    4.933520] i2c /dev entries driver
[    4.933652] md: linear personality registered for level -1
[    4.933738] md: raid0 personality registered for level 0
[    4.933841] md: raid1 personality registered for level 1
[    4.933935] md: raid10 personality registered for level 10
[    4.934027] md: raid6 personality registered for level 6
[    4.934120] md: raid5 personality registered for level 5
[    4.934221] md: raid4 personality registered for level 4
[    4.934309] md: multipath personality registered for level -4
[    4.934504] device-mapper: ioctl: 4.15.0-ioctl (2009-04-01) initialised: dm-devel@redhat.com
[    4.934709] cpuidle: using governor ladder
[    4.935319] usbcore: registered new interface driver usbhid
[    4.935411] usbhid: v2.6:USB HID core driver
[    4.935563] random 0014 0000 0000 00000000 00000000: rand_read_num 4 get_random_bytes(136): sig 00000000 00000000 00000000
[    4.935566] random 0014 0000 0000 00000000 00000000: extract_entropy(.. 136 ..)
[    4.935569] random 0014 0000 0000 00000000 00000000: going to reseed nonblocking with 1024 bits (1088 of 0 requested)
[    4.935571] random 0014 0000 0000 00000000 00000000: extract_entropy(.. 128 ..)
[    4.935573] random 0014 0000 0000 00000000 00000000: trying to extract 1024 bits from input
[    4.935575] random 0014 0000 0000 00000000 00000000: debiting 0 entropy credits from input
[    4.935577] random 0014 0000 0000 00000000 00000000: extract_entropy account returned: 0 
[    4.935580] random 0014 0000 0000 00000000 00000000: urand_change_num 7 xfer_secondary_pool(136): pool_sig 00000000, data_sig 00000000, bytes_mixed 0 00000000 00000000
[    4.935583] random 0014 0000 0000 00000000 00000000: trying to extract 1088 bits from nonblocking
[    4.935586] random 0014 0000 0000 00000000 00000000: debiting 1088 entropy credits from nonblocking (unlimited)
[    4.935588] random 0014 0000 0000 00000000 00000000: extract_entropy account returned: 136 
[    4.935593] random 0014 0000 0000 00000000 00000000: urand_change_num 8 extract_buf: pool_sig 00000000, data_sig fffffff9, bytes_mixed 20 00000000 00000000
[    4.935598] random 0014 0000 0000 b7c35b56 be4dc95d: urand_change_num 9 extract_buf: pool_sig fffffd1e, data_sig 000000c5, bytes_mixed 20 b7c35b56 be4dc95d
[    4.935603] random 0014 0000 0000 ed9f5c47 c48487fb: urand_change_num 10 extract_buf: pool_sig fffff8ec, data_sig ffffff68, bytes_mixed 20 ed9f5c47 c48487fb
[    4.935609] random 0014 0000 0000 ed9f5c47 c48487fb: urand_change_num 11 extract_buf: pool_sig fffffaed, data_sig 000001aa, bytes_mixed 20 ed9f5c47 c48487fb
[    4.935614] random 0014 0000 0000 1b4f7c0a 91bd6a48: urand_change_num 12 extract_buf: pool_sig fffffdd8, data_sig 00000064, bytes_mixed 20 1b4f7c0a 91bd6a48
[    4.935619] random 0014 0000 0000 a254b9bc 20e9a24f: urand_change_num 13 extract_buf: pool_sig fffffbe6, data_sig 000001dd, bytes_mixed 20 a254b9bc 20e9a24f
[    4.935624] random 0014 0000 0000 a254b9bc 20e9a24f: urand_change_num 14 extract_buf: pool_sig fffff940, data_sig fffffe20, bytes_mixed 20 a254b9bc 20e9a24f
[    4.935630] random 0014 0000 0000 2831a66b 5fa2a3ad: urand_change_num 15 extract_buf: pool_sig fffffbce, data_sig 0000007e, bytes_mixed 20 2831a66b 5fa2a3ad
[    4.935635] random 0014 0000 0000 2831a66b 5fa2a3ad: urand_change_num 16 extract_buf: pool_sig 000004df, data_sig fffffe8f, bytes_mixed 20 2831a66b 5fa2a3ad
[    4.935640] random 0014 0000 0000 d4512bfd c9a54e0b: urand_change_num 17 extract_buf: pool_sig 00000485, data_sig fffffe68, bytes_mixed 20 d4512bfd c9a54e0b
[    4.935645] random 0014 0000 0000 c7371be6 f9ffea11: urand_change_num 18 extract_buf: pool_sig 00000095, data_sig ffffffed, bytes_mixed 20 c7371be6 f9ffea11
[    4.935650] random 0014 0000 0000 c7371be6 f9ffea11: urand_change_num 19 extract_buf: pool_sig 000003a7, data_sig fffffefa, bytes_mixed 20 c7371be6 f9ffea11
[    4.935656] random 0014 0000 0000 8fb4b62c d1ddba54: urand_change_num 20 extract_buf: pool_sig 00000179, data_sig ffffff78, bytes_mixed 20 8fb4b62c d1ddba54
[    4.935661] random 0014 0000 0000 9ff19f9c c07a1d2a: urand_change_num 21 extract_buf: pool_sig fffffe88, data_sig 00000126, bytes_mixed 20 9ff19f9c c07a1d2a
[    4.935665] TCP cubic registered
[    4.935756] Initializing XFRM netlink socket
[    4.935875] NET: Registered protocol family 17
[    4.935972] Using IPI Shortcut mode
[    4.936060] random 0014 0000 0000 9ff19f9c c07a1d2a: rand_read_num 5 get_random_bytes(8): sig 0000031b 9ff19f9c c07a1d2a
[    4.936063] random 0014 0000 0000 9ff19f9c c07a1d2a: extract_entropy(.. 8 ..)
[    4.936065] random 0014 0000 0000 9ff19f9c c07a1d2a: going to reseed nonblocking with 64 bits (64 of 0 requested)
[    4.936067] random 0014 0000 0000 9ff19f9c c07a1d2a: extract_entropy(.. 8 ..)
[    4.936069] random 0014 0000 0000 9ff19f9c c07a1d2a: trying to extract 64 bits from input
[    4.936071] random 0014 0000 0000 9ff19f9c c07a1d2a: debiting 0 entropy credits from input
[    4.936073] random 0014 0000 0000 9ff19f9c c07a1d2a: extract_entropy account returned: 0 
[    4.936076] random 0014 0000 0000 9ff19f9c c07a1d2a: urand_change_num 22 xfer_secondary_pool(8): pool_sig 0000031b, data_sig 00000000, bytes_mixed 0 9ff19f9c c07a1d2a
[    4.936079] random 0014 0000 0000 9ff19f9c c07a1d2a: trying to extract 64 bits from nonblocking
[    4.936082] random 0014 0000 0000 9ff19f9c c07a1d2a: debiting 64 entropy credits from nonblocking (unlimited)
[    4.936084] random 0014 0000 0000 9ff19f9c c07a1d2a: extract_entropy account returned: 8 
[    4.936088] random 0014 0000 0000 9ff19f9c c07a1d2a: urand_change_num 23 extract_buf: pool_sig 0000031b, data_sig ffffffb3, bytes_mixed 20 9ff19f9c c07a1d2a
[    4.938194] input: AT Translated Set 2 keyboard as /devices/platform/i8042/serio0/input/input1
[    5.127833] ata3: SATA link down (SStatus 0 SControl 300)
[    5.127949] ata1: SATA link up 1.5 Gbps (SStatus 113 SControl 300)
[    5.130928] ata1.00: ACPI cmd ef/02:00:00:00:00:a0 (SET FEATURES) succeeded
[    5.130931] ata1.00: ACPI cmd f5/00:00:00:00:00:a0 (SECURITY FREEZE LOCK) filtered out
[    5.132319] ata1.00: ACPI cmd ef/5f:00:00:00:00:a0 (SET FEATURES) succeeded
[    5.132321] ata1.00: ACPI cmd ef/10:03:00:00:00:a0 (SET FEATURES) filtered out
[    5.134229] ata1.00: ATA-7: ST910021AS, 4.06, max UDMA/100
[    5.134321] ata1.00: 195371568 sectors, multi 16: LBA48 
[    5.136471] ata1.00: ACPI cmd ef/02:00:00:00:00:a0 (SET FEATURES) succeeded
[    5.136473] ata1.00: ACPI cmd f5/00:00:00:00:00:a0 (SECURITY FREEZE LOCK) filtered out
[    5.137862] ata1.00: ACPI cmd ef/5f:00:00:00:00:a0 (SET FEATURES) succeeded
[    5.137865] ata1.00: ACPI cmd ef/10:03:00:00:00:a0 (SET FEATURES) filtered out
[    5.139792] ata1.00: configured for UDMA/100
[    5.150886] scsi 2:0:0:0: Direct-Access     ATA      ST910021AS       4.06 PQ: 0 ANSI: 5
[    5.151169] sd 2:0:0:0: [sda] 195371568 512-byte logical blocks: (100 GB/93.1 GiB)
[    5.151311] sd 2:0:0:0: [sda] Write Protect is off
[    5.151400] sd 2:0:0:0: [sda] Mode Sense: 00 3a 00 00
[    5.151413] sd 2:0:0:0: [sda] Write cache: enabled, read cache: enabled, doesn't support DPO or FUA
[    5.151607]  sda:
[    5.214823] usb 2-1: new high speed USB device using ehci_hcd and address 2
[    5.362167] usb 2-1: New USB device found, idVendor=0e8d, idProduct=1806
[    5.362256] usb 2-1: New USB device strings: Mfr=1, Product=2, SerialNumber=3
[    5.362347] usb 2-1: Product: MT1806 
[    5.362435] usb 2-1: Manufacturer: MediaTek Inc
[    5.362523] usb 2-1: SerialNumber: R8KN6GAC800AEB 
[    5.362656] usb 2-1: configuration #1 chosen from 1 choice
[    5.368961] scsi5 : SCSI emulation for USB Mass Storage devices
[    5.369132] usb-storage: device found at 2
[    5.369134] usb-storage: waiting for device to settle before scanning
[    5.580208] random 0014 0000 0000 277f73c3 42024bb9: add_disk_randomness(8:0) 277f73c3 42024bb9
[    5.580212] random 0014 0000 0000 277f73c3 42024bb9: add_timer_randomness(.. 8388864) with jiffies: 13170976521281307028, cycles: -5275767556722917365
[    5.580215] random 0014 0000 0000 277f73c3 42024bb9: added 11 entropy credits to input
[    5.580220]  sda1 sda2
[    5.580779] random 0025 0000 0000 277f73c3 42024bb9: add_disk_randomness(8:0) 277f73c3 42024bb9
[    5.580782] random 0025 0000 0000 277f73c3 42024bb9: add_timer_randomness(.. 8388864) with jiffies: 13176114259945030036, cycles: -5270629818059194357
[    5.580942] sd 2:0:0:0: [sda] Attached SCSI disk
[    5.581046] random 0025 0000 0000 277f73c3 42024bb9: rand_read_num 6 get_random_bytes(12): sig 000007e9 277f73c3 42024bb9
[    5.581048] random 0025 0000 0000 277f73c3 42024bb9: extract_entropy(.. 12 ..)
[    5.581051] random 0025 0000 0000 277f73c3 42024bb9: going to reseed nonblocking with 96 bits (96 of 0 requested)
[    5.581053] random 0025 0000 0000 277f73c3 42024bb9: extract_entropy(.. 12 ..)
[    5.581055] random 0025 0000 0000 277f73c3 42024bb9: trying to extract 96 bits from input
[    5.581057] random 0025 0000 0000 277f73c3 42024bb9: debiting 0 entropy credits from input
[    5.581059] random 0025 0000 0000 277f73c3 42024bb9: extract_entropy account returned: 0 
[    5.581063] random 0025 0000 0000 277f73c3 42024bb9: urand_change_num 24 xfer_secondary_pool(12): pool_sig 000007e9, data_sig 00000000, bytes_mixed 0 277f73c3 42024bb9
[    5.581066] random 0025 0000 0000 277f73c3 42024bb9: trying to extract 96 bits from nonblocking
[    5.581068] random 0025 0000 0000 277f73c3 42024bb9: debiting 96 entropy credits from nonblocking (unlimited)
[    5.581070] random 0025 0000 0000 277f73c3 42024bb9: extract_entropy account returned: 12 
[    5.581074] random 0025 0000 0000 277f73c3 42024bb9: urand_change_num 25 extract_buf: pool_sig 000007e9, data_sig 00000088, bytes_mixed 20 277f73c3 42024bb9
[    5.581080] random 0025 0000 0000 277f73c3 42024bb9: urand_change_num 26 extract_buf: pool_sig 00000498, data_sig fffffefb, bytes_mixed 20 277f73c3 42024bb9
[    5.581083] RANDOM - __seed init called.
[    5.581084] RANDOM - __seed init called.
[    5.581085] RANDOM - __seed init called.
[    5.581086] RANDOM - __random32 called. Change num 12.  Value: 87f14767	f0d7351	b1e48bd3
[    5.581088] RANDOM - random32_reseed called.  Value: 87f14767	f0d7351	b1e48bd3
[    5.581091] Pid: 1, comm: swapper Not tainted 2.6.32.57 #6
[    5.581180] Call Trace:
[    5.581278]  [<c1923ca4>] ? random32_reseed+0xa0/0xb1
[    5.581367]  [<c1923c04>] ? random32_reseed+0x0/0xb1
[    5.581454]  [<c100111e>] ? do_one_initcall+0x2e/0x180
[    5.581546]  [<c1907265>] ? kernel_init+0xad/0x103
[    5.581634]  [<c19071b8>] ? kernel_init+0x0/0x103
[    5.581728]  [<c1003787>] ? kernel_thread_helper+0x7/0x10
[    5.582250] random 0025 0000 0000 386b4e60 ee4d4880: rand_read_num 7 get_random_bytes(64): sig fffffea5 386b4e60 ee4d4880
[    5.582252] random 0025 0000 0000 386b4e60 ee4d4880: extract_entropy(.. 64 ..)
[    5.582255] random 0025 0000 0000 386b4e60 ee4d4880: going to reseed nonblocking with 512 bits (512 of 0 requested)
[    5.582257] random 0025 0000 0000 386b4e60 ee4d4880: extract_entropy(.. 64 ..)
[    5.582259] random 0025 0000 0000 386b4e60 ee4d4880: trying to extract 512 bits from input
[    5.582261] random 0025 0000 0000 386b4e60 ee4d4880: debiting 0 entropy credits from input
[    5.582263] random 0025 0000 0000 386b4e60 ee4d4880: extract_entropy account returned: 0 
[    5.582266] random 0025 0000 0000 386b4e60 ee4d4880: urand_change_num 27 xfer_secondary_pool(64): pool_sig fffffea5, data_sig 00000000, bytes_mixed 0 386b4e60 ee4d4880
[    5.582269] random 0025 0000 0000 386b4e60 ee4d4880: trying to extract 512 bits from nonblocking
[    5.582272] random 0025 0000 0000 386b4e60 ee4d4880: debiting 512 entropy credits from nonblocking (unlimited)
[    5.582274] random 0025 0000 0000 386b4e60 ee4d4880: extract_entropy account returned: 64 
[    5.582278] random 0025 0000 0000 386b4e60 ee4d4880: urand_change_num 28 extract_buf: pool_sig fffffea5, data_sig 00000173, bytes_mixed 20 386b4e60 ee4d4880
[    5.582283] random 0025 0000 0000 412698f6 0cc8689a: urand_change_num 29 extract_buf: pool_sig 00000122, data_sig ffffff63, bytes_mixed 20 412698f6 0cc8689a
[    5.582289] random 0025 0000 0000 412698f6 0cc8689a: urand_change_num 30 extract_buf: pool_sig 000001f7, data_sig 00000012, bytes_mixed 20 412698f6 0cc8689a
[    5.582294] random 0025 0000 0000 9669941e 06f768b1: urand_change_num 31 extract_buf: pool_sig fffffb5b, data_sig 0000003f, bytes_mixed 20 9669941e 06f768b1
[    5.582300] random 0025 0000 0000 98486520 995551f0: urand_change_num 32 extract_buf: pool_sig fffffb39, data_sig 0000000e, bytes_mixed 20 98486520 995551f0
[    5.582305] random 0025 0000 0000 98486520 995551f0: urand_change_num 33 extract_buf: pool_sig fffffd8d, data_sig 000001a6, bytes_mixed 20 98486520 995551f0
[    5.582310] random 0025 0000 0000 61fc8914 d5882ed2: urand_change_num 34 extract_buf: pool_sig fffffa58, data_sig 0000023e, bytes_mixed 20 61fc8914 d5882ed2
[    5.582339] random 0025 0000 0000 61fc8914 d5882ed2: rand_read_num 8 get_random_bytes(64): sig fffff9ee 61fc8914 d5882ed2
[    5.582342] random 0025 0000 0000 61fc8914 d5882ed2: extract_entropy(.. 64 ..)
[    5.582344] random 0025 0000 0000 61fc8914 d5882ed2: going to reseed nonblocking with 512 bits (512 of 0 requested)
[    5.582346] random 0025 0000 0000 61fc8914 d5882ed2: extract_entropy(.. 64 ..)
[    5.582349] random 0025 0000 0000 61fc8914 d5882ed2: trying to extract 512 bits from input
[    5.582351] random 0025 0000 0000 61fc8914 d5882ed2: debiting 0 entropy credits from input
[    5.582353] random 0025 0000 0000 61fc8914 d5882ed2: extract_entropy account returned: 0 
[    5.582356] random 0025 0000 0000 61fc8914 d5882ed2: urand_change_num 35 xfer_secondary_pool(64): pool_sig fffff9ee, data_sig 00000000, bytes_mixed 0 61fc8914 d5882ed2
[    5.582359] random 0025 0000 0000 61fc8914 d5882ed2: trying to extract 512 bits from nonblocking
[    5.582361] random 0025 0000 0000 61fc8914 d5882ed2: debiting 512 entropy credits from nonblocking (unlimited)
[    5.582363] random 0025 0000 0000 61fc8914 d5882ed2: extract_entropy account returned: 64 
[    5.582367] random 0025 0000 0000 61fc8914 d5882ed2: urand_change_num 36 extract_buf: pool_sig fffff9ee, data_sig ffffff85, bytes_mixed 20 61fc8914 d5882ed2
[    5.582373] random 0025 0000 0000 70cfd302 e5edec11: urand_change_num 37 extract_buf: pool_sig fffffdc1, data_sig ffffffde, bytes_mixed 20 70cfd302 e5edec11
[    5.582378] random 0025 0000 0000 00dab838 eafd2b30: urand_change_num 38 extract_buf: pool_sig 000003da, data_sig ffffff61, bytes_mixed 20 00dab838 eafd2b30
[    5.582383] random 0025 0000 0000 00dab838 eafd2b30: urand_change_num 39 extract_buf: pool_sig 00000314, data_sig 00000121, bytes_mixed 20 00dab838 eafd2b30
[    5.582389] random 0025 0000 0000 5fcdf66a 6442b608: urand_change_num 40 extract_buf: pool_sig 0000028b, data_sig fffffefd, bytes_mixed 20 5fcdf66a 6442b608
[    5.582394] random 0025 0000 0000 61333f6b 8fae0f9b: urand_change_num 41 extract_buf: pool_sig 000000cb, data_sig 000000b3, bytes_mixed 20 61333f6b 8fae0f9b
[    5.582399] random 0025 0000 0000 61333f6b 8fae0f9b: urand_change_num 42 extract_buf: pool_sig fffffef8, data_sig 00000051, bytes_mixed 20 61333f6b 8fae0f9b
[    5.582402] BEGIN NET_SECRET:
[    5.582403] \xffffffe0
[    5.582404] \xffffffb6
[    5.582405] \x36
[    5.582405] \xffffffb5
[    5.582406] \xffffff94
[    5.582407] \xffffffb2
[    5.582408] \xffffffa8
[    5.582409] \xffffffda
[    5.582410] \x5b
[    5.582410] \x19
[    5.582411] \x18
[    5.582412] \x5c
[    5.582413] \x2b
[    5.582413] \x1
[    5.582414] \xffffff90
[    5.582415] \x19
[    5.582416] \x3c
[    5.582416] \xfffffff2
[    5.582417] \xffffff82
[    5.582418] \x2a
[    5.582419] \xffffffb3
[    5.582420] \xffffffa2
[    5.582420] \x3f
[    5.582421] \x5
[    5.582422] \x52
[    5.582423] \x77
[    5.582423] \x57
[    5.582424] \x79
[    5.582425] \x16
[    5.582425] \x43
[    5.582426] \xffffff84
[    5.582427] \xffffffc3
[    5.582428] \xffffffe9
[    5.582429] \x79
[    5.582429] \x50
[    5.582430] \xffffff8e
[    5.582431] \x3f
[    5.582432] \xfffffff3
[    5.582432] \x19
[    5.582433] \x2a
[    5.582434] \xfffffffd
[    5.582435] \xfffffffb
[    5.582436] \x62
[    5.582436] \x3c
[    5.582437] \xffffffac
[    5.582438] \x1c
[    5.582439] \x3b
[    5.582439] \x3b
[    5.582440] \x15
[    5.582441] \x27
[    5.582441] \xffffffa8
[    5.582442] \x22
[    5.582443] \xffffffc5
[    5.582444] \xffffff9a
[    5.582445] \x5
[    5.582445] \x6c
[    5.582446] \xffffffa8
[    5.582447] \x3a
[    5.582448] \x44
[    5.582448] \xffffffaf
[    5.582449] \x13
[    5.582450] \xffffffe0
[    5.582451] \xffffff9d
[    5.582452] \x22
[    5.582452] 
[    5.582453] END NET_SECRET
[    5.582456] random 0025 0000 0000 e7f555d9 e8ce5c3c: rand_read_num 9 get_random_bytes(4): sig 0000068c e7f555d9 e8ce5c3c
[    5.582458] random 0025 0000 0000 e7f555d9 e8ce5c3c: extract_entropy(.. 4 ..)
[    5.582460] random 0025 0000 0000 e7f555d9 e8ce5c3c: going to reseed nonblocking with 64 bits (32 of 0 requested)
[    5.582463] random 0025 0000 0000 e7f555d9 e8ce5c3c: extract_entropy(.. 8 ..)
[    5.582465] random 0025 0000 0000 e7f555d9 e8ce5c3c: trying to extract 64 bits from input
[    5.582467] random 0025 0000 0000 e7f555d9 e8ce5c3c: debiting 0 entropy credits from input
[    5.582469] random 0025 0000 0000 e7f555d9 e8ce5c3c: extract_entropy account returned: 0 
[    5.582472] random 0025 0000 0000 e7f555d9 e8ce5c3c: urand_change_num 43 xfer_secondary_pool(4): pool_sig 0000068c, data_sig 00000000, bytes_mixed 0 e7f555d9 e8ce5c3c
[    5.582475] random 0025 0000 0000 e7f555d9 e8ce5c3c: trying to extract 32 bits from nonblocking
[    5.582477] random 0025 0000 0000 e7f555d9 e8ce5c3c: debiting 32 entropy credits from nonblocking (unlimited)
[    5.582479] random 0025 0000 0000 e7f555d9 e8ce5c3c: extract_entropy account returned: 4 
[    5.582483] random 0025 0000 0000 e7f555d9 e8ce5c3c: urand_change_num 44 extract_buf: pool_sig 0000068c, data_sig fffffdcb, bytes_mixed 20 e7f555d9 e8ce5c3c
[    5.582494] md: Waiting for all devices to be available before autodetect
[    5.582585] md: If you don't use raid, use raid=noautodetect
[    5.582749] md: Autodetecting RAID arrays.
[    5.582853] md: Scanned 0 and added 0 devices.
[    5.582942] md: autorun ...
[    5.583032] md: ... autorun DONE.
[    5.596416] random 0025 0000 0000 e7f555d9 e8ce5c3c: add_disk_randomness(8:0) e7f555d9 e8ce5c3c
[    5.596420] random 0025 0000 0000 e7f555d9 e8ce5c3c: add_timer_randomness(.. 8388864) with jiffies: 13316791545743770020, cycles: -5129952532260454389
[    5.596422] random 0025 0000 0000 e7f555d9 e8ce5c3c: added 4 entropy credits to input
[    5.597540] random 0029 0000 0000 e7f555d9 e8ce5c3c: add_disk_randomness(8:0) e7f555d9 e8ce5c3c
[    5.597543] random 0029 0000 0000 e7f555d9 e8ce5c3c: add_timer_randomness(.. 8388864) with jiffies: 13326901202973852069, cycles: -5119842875030372341
[    5.597655] random 0029 0000 0000 e7f555d9 e8ce5c3c: add_disk_randomness(8:0) e7f555d9 e8ce5c3c
[    5.597658] random 0029 0000 0000 e7f555d9 e8ce5c3c: add_timer_randomness(.. 8388864) with jiffies: 13327937535632703909, cycles: -5118806542371520501
[    5.597663] EXT3-fs: sda2: couldn't mount because of unsupported optional features (240).
[    5.597888] random 0029 0000 0000 e7f555d9 e8ce5c3c: add_disk_randomness(8:0) e7f555d9 e8ce5c3c
[    5.597891] random 0029 0000 0000 e7f555d9 e8ce5c3c: add_timer_randomness(.. 8388864) with jiffies: 13330020032130548134, cycles: -5116724045873676277
[    5.597895] EXT2-fs: sda2: couldn't mount because of unsupported optional features (240).
[    5.598114] random 0029 0000 0000 e7f555d9 e8ce5c3c: add_disk_randomness(8:0) e7f555d9 e8ce5c3c
[    5.598117] random 0029 0000 0000 e7f555d9 e8ce5c3c: add_timer_randomness(.. 8388864) with jiffies: 13332058737141842342, cycles: -5114685340862382069
[    5.598247] random 0029 0000 0000 e7f555d9 e8ce5c3c: add_disk_randomness(8:0) e7f555d9 e8ce5c3c
[    5.598250] random 0029 0000 0000 e7f555d9 e8ce5c3c: add_timer_randomness(.. 8388864) with jiffies: 13333260533415772582, cycles: -5113483544588451829
[    5.598410] random 0029 0000 0000 e7f555d9 e8ce5c3c: add_disk_randomness(8:0) e7f555d9 e8ce5c3c
[    5.598413] random 0029 0000 0000 e7f555d9 e8ce5c3c: add_timer_randomness(.. 8388864) with jiffies: 13334725422206386598, cycles: -5112018655797837813
[    5.598533] random 0029 0000 0000 e7f555d9 e8ce5c3c: add_disk_randomness(8:0) e7f555d9 e8ce5c3c
[    5.598536] random 0029 0000 0000 e7f555d9 e8ce5c3c: add_timer_randomness(.. 8388864) with jiffies: 13335835490863776166, cycles: -5110908587140448245
[    5.598652] random 0029 0000 0000 e7f555d9 e8ce5c3c: add_disk_randomness(8:0) e7f555d9 e8ce5c3c
[    5.598655] random 0029 0000 0000 e7f555d9 e8ce5c3c: add_timer_randomness(.. 8388864) with jiffies: 13336907360082035110, cycles: -5109836717922189301
[    5.598766] random 0029 0000 0000 e7f555d9 e8ce5c3c: add_disk_randomness(8:0) e7f555d9 e8ce5c3c
[    5.598769] random 0029 0000 0000 e7f555d9 e8ce5c3c: add_timer_randomness(.. 8388864) with jiffies: 13337933590977806758, cycles: -5108810487026417653
[    5.598918] random 0029 0000 0000 e7f555d9 e8ce5c3c: add_disk_randomness(8:0) e7f555d9 e8ce5c3c
[    5.598921] random 0029 0000 0000 e7f555d9 e8ce5c3c: add_timer_randomness(.. 8388864) with jiffies: 13339289164260802983, cycles: -5107454913743421429
[    5.599037] random 0029 0000 0000 e7f555d9 e8ce5c3c: add_disk_randomness(8:0) e7f555d9 e8ce5c3c
[    5.599040] random 0029 0000 0000 e7f555d9 e8ce5c3c: add_timer_randomness(.. 8388864) with jiffies: 13340362927559639463, cycles: -5106381150444584949
[    5.599279] random 0029 0000 0000 e7f555d9 e8ce5c3c: rand_read_num 10 get_random_bytes(4): sig ffffff72 e7f555d9 e8ce5c3c
[    5.599281] random 0029 0000 0000 e7f555d9 e8ce5c3c: extract_entropy(.. 4 ..)
[    5.599284] random 0029 0000 0000 e7f555d9 e8ce5c3c: going to reseed nonblocking with 64 bits (32 of 0 requested)
[    5.599286] random 0029 0000 0000 e7f555d9 e8ce5c3c: extract_entropy(.. 8 ..)
[    5.599288] random 0029 0000 0000 e7f555d9 e8ce5c3c: trying to extract 64 bits from input
[    5.599290] random 0029 0000 0000 e7f555d9 e8ce5c3c: debiting 0 entropy credits from input
[    5.599292] random 0029 0000 0000 e7f555d9 e8ce5c3c: extract_entropy account returned: 0 
[    5.599295] random 0029 0000 0000 e7f555d9 e8ce5c3c: urand_change_num 45 xfer_secondary_pool(4): pool_sig ffffff72, data_sig 00000000, bytes_mixed 0 e7f555d9 e8ce5c3c
[    5.599298] random 0029 0000 0000 e7f555d9 e8ce5c3c: trying to extract 32 bits from nonblocking
[    5.599300] random 0029 0000 0000 e7f555d9 e8ce5c3c: debiting 32 entropy credits from nonblocking (unlimited)
[    5.599303] random 0029 0000 0000 e7f555d9 e8ce5c3c: extract_entropy account returned: 4 
[    5.599307] random 0029 0000 0000 e7f555d9 e8ce5c3c: urand_change_num 46 extract_buf: pool_sig ffffff72, data_sig ffffff72, bytes_mixed 20 e7f555d9 e8ce5c3c
[    5.610868] random 0029 0000 0000 91716c54 eeb6a1e7: add_disk_randomness(8:0) 91716c54 eeb6a1e7
[    5.610871] random 0029 0000 0000 91716c54 eeb6a1e7: add_timer_randomness(.. 8388864) with jiffies: 13446795103372542387, cycles: -4999948974631682037
[    5.610874] random 0029 0000 0000 91716c54 eeb6a1e7: added 3 entropy credits to input
[    5.629144] random 0032 0000 0000 91716c54 eeb6a1e7: add_disk_randomness(8:0) 91716c54 eeb6a1e7
[    5.629147] random 0032 0000 0000 91716c54 eeb6a1e7: add_timer_randomness(.. 8388864) with jiffies: 13611218344227865029, cycles: -4835525733776359413
[    5.629149] random 0032 0000 0000 91716c54 eeb6a1e7: added 2 entropy credits to input
[    5.633835] EXT4-fs (sda2): mounted filesystem with ordered data mode
[    5.634048] VFS: Mounted root (ext4 filesystem) readonly on device 8:2.
[    5.634150] Freeing unused kernel memory: 448k freed
[    5.654295] random 0034 0000 0000 91716c54 eeb6a1e7: add_disk_randomness(8:0) 91716c54 eeb6a1e7
[    5.654298] random 0034 0000 0000 91716c54 eeb6a1e7: add_timer_randomness(.. 8388864) with jiffies: 13837488457015591390, cycles: -4609255620988633077
[    5.655024] random 0034 0000 0000 91716c54 eeb6a1e7: add_disk_randomness(8:0) 91716c54 eeb6a1e7
[    5.655027] random 0034 0000 0000 91716c54 eeb6a1e7: add_timer_randomness(.. 8388864) with jiffies: 13844049058214937055, cycles: -4602695019789287413
[    5.659752] random 0034 0000 0000 91716c54 eeb6a1e7: add_disk_randomness(8:0) 91716c54 eeb6a1e7
[    5.659755] random 0034 0000 0000 91716c54 eeb6a1e7: add_timer_randomness(.. 8388864) with jiffies: 13886595519645188579, cycles: -4560148558359035893
[    5.659758] random 0034 0000 0000 91716c54 eeb6a1e7: added 1 entropy credits to input
[    5.667954] random 0035 0000 0000 91716c54 eeb6a1e7: add_disk_randomness(8:0) 91716c54 eeb6a1e7
[    5.667958] random 0035 0000 0000 91716c54 eeb6a1e7: add_timer_randomness(.. 8388864) with jiffies: 13960373789251043820, cycles: -4486370288753180661
[    5.667960] random 0035 0000 0000 91716c54 eeb6a1e7: added 1 entropy credits to input
[    5.671376] random 0036 0000 0000 91716c54 eeb6a1e7: add_disk_randomness(8:0) 91716c54 eeb6a1e7
[    5.671379] random 0036 0000 0000 91716c54 eeb6a1e7: add_timer_randomness(.. 8388864) with jiffies: 13991163963119469039, cycles: -4455580114884755445
[    5.671382] random 0036 0000 0000 91716c54 eeb6a1e7: added 1 entropy credits to input
[    5.680273] random 0037 0000 0000 91716c54 eeb6a1e7: add_disk_randomness(8:0) 91716c54 eeb6a1e7
[    5.680276] random 0037 0000 0000 91716c54 eeb6a1e7: add_timer_randomness(.. 8388864) with jiffies: 14071202577055973880, cycles: -4375541500948250613
[    5.680279] random 0037 0000 0000 91716c54 eeb6a1e7: added 2 entropy credits to input
[    5.685231] random 0039 0000 0000 91716c54 eeb6a1e7: add_disk_randomness(8:0) 91716c54 eeb6a1e7
[    5.685234] random 0039 0000 0000 91716c54 eeb6a1e7: add_timer_randomness(.. 8388864) with jiffies: 14115807272713814525, cycles: -4330936805290409973
[    5.685237] random 0039 0000 0000 91716c54 eeb6a1e7: added 2 entropy credits to input
[    5.693304] random 0041 0000 0000 91716c54 eeb6a1e7: add_disk_randomness(8:0) 91716c54 eeb6a1e7
[    5.693307] random 0041 0000 0000 91716c54 eeb6a1e7: add_timer_randomness(.. 8388864) with jiffies: 14188437553396023813, cycles: -4258306524608200693
[    5.693310] random 0041 0000 0000 91716c54 eeb6a1e7: added 1 entropy credits to input
[    5.693334] RANDOM get_random_int call with cycles 50548198816, jiffies 4294672901 and pid 1
[    5.693336] RANDOM get_random_int call with cycles 50548206250, jiffies 4294672901 and pid 1
[    5.693339] ASLR stack rand value: 131072 after shift for pid: 1
[    5.693340] RANDOM get_random_int call with cycles 50548214178, jiffies 4294672901 and pid 1
[    5.704954] random 0042 0000 0000 91716c54 eeb6a1e7: add_disk_randomness(8:0) 91716c54 eeb6a1e7
[    5.704957] random 0042 0000 0000 91716c54 eeb6a1e7: add_timer_randomness(.. 8388864) with jiffies: 14293234098288427537, cycles: -4153509979715796981
[    5.704967] RANDOM get_random_int call with cycles 50572566460, jiffies 4294672913 and pid 1
[    5.704970] random 0042 0000 0000 91716c54 eeb6a1e7: rand_read_num 11 get_random_bytes(16): sig fffffcad 91716c54 eeb6a1e7
[    5.704972] random 0042 0000 0000 91716c54 eeb6a1e7: extract_entropy(.. 16 ..)
[    5.704975] random 0042 0000 0000 91716c54 eeb6a1e7: going to reseed nonblocking with 128 bits (128 of 0 requested)
[    5.704977] random 0042 0000 0000 91716c54 eeb6a1e7: extract_entropy(.. 16 ..)
[    5.704979] random 0042 0000 0000 91716c54 eeb6a1e7: trying to extract 128 bits from input
[    5.704982] random 0042 0000 0000 91716c54 eeb6a1e7: debiting 0 entropy credits from input
[    5.704984] random 0042 0000 0000 91716c54 eeb6a1e7: extract_entropy account returned: 0 
[    5.704987] random 0042 0000 0000 91716c54 eeb6a1e7: urand_change_num 47 xfer_secondary_pool(16): pool_sig fffffcad, data_sig 00000000, bytes_mixed 0 91716c54 eeb6a1e7
[    5.704990] random 0042 0000 0000 91716c54 eeb6a1e7: trying to extract 128 bits from nonblocking
[    5.704992] random 0042 0000 0000 91716c54 eeb6a1e7: debiting 128 entropy credits from nonblocking (unlimited)
[    5.704994] random 0042 0000 0000 91716c54 eeb6a1e7: extract_entropy account returned: 16 
[    5.704999] random 0042 0000 0000 91716c54 eeb6a1e7: urand_change_num 48 extract_buf: pool_sig fffffcad, data_sig ffffff19, bytes_mixed 20 91716c54 eeb6a1e7
[    5.705004] random 0042 0000 0000 fd637b06 6cf47bc1: urand_change_num 49 extract_buf: pool_sig fffffede, data_sig ffffffc1, bytes_mixed 20 fd637b06 6cf47bc1
[    5.705968] random 0042 0000 0000 fd637b06 6cf47bc1: add_disk_randomness(8:0) fd637b06 6cf47bc1
[    5.705971] random 0042 0000 0000 fd637b06 6cf47bc1: add_timer_randomness(.. 8388864) with jiffies: 14302360276727202322, cycles: -4144383801277022197
[    5.707151] random 0042 0000 0000 fd637b06 6cf47bc1: add_disk_randomness(8:0) fd637b06 6cf47bc1
[    5.707154] random 0042 0000 0000 fd637b06 6cf47bc1: add_timer_randomness(.. 8388864) with jiffies: 14313006723264905747, cycles: -4133737354739318773
[    5.708271] random 0042 0000 0000 fd637b06 6cf47bc1: add_disk_randomness(8:0) fd637b06 6cf47bc1
[    5.708274] random 0042 0000 0000 fd637b06 6cf47bc1: add_timer_randomness(.. 8388864) with jiffies: 14323082420188578324, cycles: -4123661657815646197
[    5.709129] random 0042 0000 0000 fd637b06 6cf47bc1: add_disk_randomness(8:0) fd637b06 6cf47bc1
[    5.709132] random 0042 0000 0000 fd637b06 6cf47bc1: add_timer_randomness(.. 8388864) with jiffies: 14330799398382699029, cycles: -4115944679621525493
[    5.709311] random 0042 0000 0000 fd637b06 6cf47bc1: add_disk_randomness(8:0) fd637b06 6cf47bc1
[    5.709314] random 0042 0000 0000 fd637b06 6cf47bc1: add_timer_randomness(.. 8388864) with jiffies: 14332440531156304405, cycles: -4114303546847920117
[    5.709537] random 0042 0000 0000 fd637b06 6cf47bc1: add_disk_randomness(8:0) fd637b06 6cf47bc1
[    5.709540] random 0042 0000 0000 fd637b06 6cf47bc1: add_timer_randomness(.. 8388864) with jiffies: 14334475448006443541, cycles: -4112268629997780981
[    5.720016] random 0042 0000 0000 fd637b06 6cf47bc1: add_disk_randomness(8:0) fd637b06 6cf47bc1
[    5.720019] random 0042 0000 0000 fd637b06 6cf47bc1: add_timer_randomness(.. 8388864) with jiffies: 14428743026601591328, cycles: -4018001051402633205
[    5.720022] random 0042 0000 0000 fd637b06 6cf47bc1: added 3 entropy credits to input
[    5.720458] random 0045 0000 0000 fd637b06 6cf47bc1: add_disk_randomness(8:0) fd637b06 6cf47bc1
[    5.720461] random 0045 0000 0000 fd637b06 6cf47bc1: add_timer_randomness(.. 8388864) with jiffies: 14432726187861836320, cycles: -4014017890142388213
[    5.730199] random 0045 0000 0000 fd637b06 6cf47bc1: add_disk_randomness(8:0) fd637b06 6cf47bc1
[    5.730202] random 0045 0000 0000 fd637b06 6cf47bc1: add_timer_randomness(.. 8388864) with jiffies: 14520357449279177258, cycles: -3926386628725047285
[    5.730205] random 0045 0000 0000 fd637b06 6cf47bc1: added 3 entropy credits to input
[    5.730258] RANDOM get_random_int call with cycles 50625542698, jiffies 4294672938 and pid 1
[    5.734800] random 0048 0000 0000 fd637b06 6cf47bc1: add_disk_randomness(8:0) fd637b06 6cf47bc1
[    5.734803] random 0048 0000 0000 fd637b06 6cf47bc1: add_timer_randomness(.. 8388864) with jiffies: 14561758941147791918, cycles: -3884985136856432629
[    5.734806] random 0048 0000 0000 fd637b06 6cf47bc1: added 2 entropy credits to input
[    5.747634] random 0050 0000 0000 fd637b06 6cf47bc1: add_disk_randomness(8:0) fd637b06 6cf47bc1
[    5.747637] random 0050 0000 0000 fd637b06 6cf47bc1: add_timer_randomness(.. 8388864) with jiffies: 14677213163917378107, cycles: -3769530914086846453
[    5.747640] random 0050 0000 0000 fd637b06 6cf47bc1: added 3 entropy credits to input
[    5.747772] random 0053 0000 0000 fd637b06 6cf47bc1: add_disk_randomness(8:0) fd637b06 6cf47bc1
[    5.747775] random 0053 0000 0000 fd637b06 6cf47bc1: add_timer_randomness(.. 8388864) with jiffies: 14678455994308854331, cycles: -3768288083695370229
[    5.749936] random 0053 0000 0000 fd637b06 6cf47bc1: add_disk_randomness(8:0) fd637b06 6cf47bc1
[    5.749939] random 0053 0000 0000 fd637b06 6cf47bc1: add_timer_randomness(.. 8388864) with jiffies: 14697915056607953470, cycles: -3748829021396271093
[    5.749942] random 0053 0000 0000 fd637b06 6cf47bc1: added 1 entropy credits to input
[    5.750177] random 0054 0000 0000 fd637b06 6cf47bc1: add_disk_randomness(8:0) fd637b06 6cf47bc1
[    5.750180] random 0054 0000 0000 fd637b06 6cf47bc1: add_timer_randomness(.. 8388864) with jiffies: 14700085312172556862, cycles: -3746658765831667701
[    5.750319] random 0054 0000 0000 fd637b06 6cf47bc1: add_disk_randomness(8:0) fd637b06 6cf47bc1
[    5.750323] random 0054 0000 0000 fd637b06 6cf47bc1: add_timer_randomness(.. 8388864) with jiffies: 14701368416472367678, cycles: -3745375661531856885
[    5.753490] random 0054 0000 0000 fd637b06 6cf47bc1: add_disk_randomness(8:0) fd637b06 6cf47bc1
[    5.753493] random 0054 0000 0000 fd637b06 6cf47bc1: add_timer_randomness(.. 8388864) with jiffies: 14729894850518024769, cycles: -3716849227486199797
[    5.753496] random 0054 0000 0000 fd637b06 6cf47bc1: added 1 entropy credits to input
[    5.755501] random 0055 0000 0000 fd637b06 6cf47bc1: add_disk_randomness(8:0) fd637b06 6cf47bc1
[    5.755504] random 0055 0000 0000 fd637b06 6cf47bc1: add_timer_randomness(.. 8388864) with jiffies: 14747985665085637187, cycles: -3698758412918587381
[    5.763332] random 0055 0000 0000 fd637b06 6cf47bc1: add_disk_randomness(8:0) fd637b06 6cf47bc1
[    5.763335] random 0055 0000 0000 fd637b06 6cf47bc1: add_timer_randomness(.. 8388864) with jiffies: 14818431164623848011, cycles: -3628312913380376565
[    5.763337] random 0055 0000 0000 fd637b06 6cf47bc1: added 2 entropy credits to input
[    5.763466] random 0057 0000 0000 fd637b06 6cf47bc1: add_disk_randomness(8:0) fd637b06 6cf47bc1
[    5.763469] random 0057 0000 0000 fd637b06 6cf47bc1: add_timer_randomness(.. 8388864) with jiffies: 14819642293861712459, cycles: -3627101784142512117
[    5.767032] random 0057 0000 0000 fd637b06 6cf47bc1: add_disk_randomness(8:0) fd637b06 6cf47bc1
[    5.767035] random 0057 0000 0000 fd637b06 6cf47bc1: add_timer_randomness(.. 8388864) with jiffies: 14851718368053658191, cycles: -3595025709950566389
[    5.767038] random 0057 0000 0000 fd637b06 6cf47bc1: added 2 entropy credits to input
[    5.771529] random 0059 0000 0000 fd637b06 6cf47bc1: add_disk_randomness(8:0) fd637b06 6cf47bc1
[    5.771532] random 0059 0000 0000 fd637b06 6cf47bc1: add_timer_randomness(.. 8388864) with jiffies: 14892179223429743187, cycles: -3554564854574481397
[    5.777109] random 0059 0000 0000 fd637b06 6cf47bc1: add_disk_randomness(8:0) fd637b06 6cf47bc1
[    5.777112] random 0059 0000 0000 fd637b06 6cf47bc1: add_timer_randomness(.. 8388864) with jiffies: 14942375648679395929, cycles: -3504368429324828661
[    5.777115] random 0059 0000 0000 fd637b06 6cf47bc1: added 1 entropy credits to input
[    5.783385] random 0060 0000 0000 fd637b06 6cf47bc1: add_disk_randomness(8:0) fd637b06 6cf47bc1
[    5.783388] random 0060 0000 0000 fd637b06 6cf47bc1: add_timer_randomness(.. 8388864) with jiffies: 14998841798468272735, cycles: -3447902279535951861
[    5.783402] random 0060 0000 0000 fd637b06 6cf47bc1: rand_read_num 12 get_random_bytes(16): sig 0000033b fd637b06 6cf47bc1
[    5.783404] random 0060 0000 0000 fd637b06 6cf47bc1: extract_entropy(.. 16 ..)
[    5.783407] random 0060 0000 0000 fd637b06 6cf47bc1: going to reseed nonblocking with 128 bits (128 of 0 requested)
[    5.783409] random 0060 0000 0000 fd637b06 6cf47bc1: extract_entropy(.. 16 ..)
[    5.783411] random 0060 0000 0000 fd637b06 6cf47bc1: trying to extract 128 bits from input
[    5.783413] random 0060 0000 0000 fd637b06 6cf47bc1: debiting 0 entropy credits from input
[    5.783415] random 0060 0000 0000 fd637b06 6cf47bc1: extract_entropy account returned: 0 
[    5.783419] random 0060 0000 0000 fd637b06 6cf47bc1: urand_change_num 50 xfer_secondary_pool(16): pool_sig 0000033b, data_sig 00000000, bytes_mixed 0 fd637b06 6cf47bc1
[    5.783421] random 0060 0000 0000 fd637b06 6cf47bc1: trying to extract 128 bits from nonblocking
[    5.783424] random 0060 0000 0000 fd637b06 6cf47bc1: debiting 128 entropy credits from nonblocking (unlimited)
[    5.783426] random 0060 0000 0000 fd637b06 6cf47bc1: extract_entropy account returned: 16 
[    5.783430] random 0060 0000 0000 fd637b06 6cf47bc1: urand_change_num 51 extract_buf: pool_sig 0000033b, data_sig 000000d8, bytes_mixed 20 fd637b06 6cf47bc1
[    5.783436] random 0060 0000 0000 0ec1f012 d4727ca8: urand_change_num 52 extract_buf: pool_sig fffffcf5, data_sig 00000016, bytes_mixed 20 0ec1f012 d4727ca8
[    5.790132] random 0060 0000 0000 45b1d0b1 845a73f7: add_disk_randomness(8:0) 45b1d0b1 845a73f7
[    5.790135] random 0060 0000 0000 45b1d0b1 845a73f7: add_timer_randomness(.. 8388864) with jiffies: 15059539594850304614, cycles: -3387204483153919989
[    5.797356] random 0060 0000 0000 45b1d0b1 845a73f7: add_disk_randomness(8:0) 45b1d0b1 845a73f7
[    5.797359] random 0060 0000 0000 45b1d0b1 845a73f7: add_timer_randomness(.. 8388864) with jiffies: 15124527213157515885, cycles: -3322216864846708725
[    5.802953] random 0060 0000 0000 45b1d0b1 845a73f7: add_disk_randomness(8:0) 45b1d0b1 845a73f7
[    5.802956] random 0060 0000 0000 45b1d0b1 845a73f7: add_timer_randomness(.. 8388864) with jiffies: 15174879047503807091, cycles: -3271865030500417525
[    5.814781] random 0060 0000 0000 45b1d0b1 845a73f7: add_disk_randomness(8:0) 45b1d0b1 845a73f7
[    5.814784] random 0060 0000 0000 45b1d0b1 845a73f7: add_timer_randomness(.. 8388864) with jiffies: 15281297153003848318, cycles: -3165446925000376309
[    5.814786] random 0060 0000 0000 45b1d0b1 845a73f7: added 2 entropy credits to input
[    5.817926] random 0062 0000 0000 45b1d0b1 845a73f7: add_disk_randomness(8:0) 45b1d0b1 845a73f7
[    5.817929] random 0062 0000 0000 45b1d0b1 845a73f7: add_timer_randomness(.. 8388864) with jiffies: 15309583034521191042, cycles: -3137161043483033589
[    5.817932] random 0062 0000 0000 45b1d0b1 845a73f7: added 2 entropy credits to input
[    5.832195] random 0064 0000 0000 45b1d0b1 845a73f7: add_disk_randomness(8:0) 45b1d0b1 845a73f7
[    5.832198] random 0064 0000 0000 45b1d0b1 845a73f7: add_timer_randomness(.. 8388864) with jiffies: 15437951098668417680, cycles: -3008792979335806965
[    5.832200] random 0064 0000 0000 45b1d0b1 845a73f7: added 3 entropy credits to input
[    5.837590] random 0067 0000 0000 45b1d0b1 845a73f7: add_disk_randomness(8:0) 45b1d0b1 845a73f7
[    5.837593] random 0067 0000 0000 45b1d0b1 845a73f7: add_timer_randomness(.. 8388864) with jiffies: 15486495030955967125, cycles: -2960249047048257525
[    5.837596] random 0067 0000 0000 45b1d0b1 845a73f7: added 2 entropy credits to input
[    5.842761] random 0069 0000 0000 45b1d0b1 845a73f7: add_disk_randomness(8:0) 45b1d0b1 845a73f7
[    5.842764] random 0069 0000 0000 45b1d0b1 845a73f7: add_timer_randomness(.. 8388864) with jiffies: 15533017214763106970, cycles: -2913726863241117685
[    5.850990] random 0069 0000 0000 45b1d0b1 845a73f7: add_disk_randomness(8:0) 45b1d0b1 845a73f7
[    5.850993] random 0069 0000 0000 45b1d0b1 845a73f7: add_timer_randomness(.. 8388864) with jiffies: 15607041354066789027, cycles: -2839702723937435637
[    5.850996] random 0069 0000 0000 45b1d0b1 845a73f7: added 2 entropy credits to input
[    5.860591] random 0071 0000 0000 45b1d0b1 845a73f7: add_disk_randomness(8:0) 45b1d0b1 845a73f7
[    5.860594] random 0071 0000 0000 45b1d0b1 845a73f7: add_timer_randomness(.. 8388864) with jiffies: 15693421938187403948, cycles: -2753322139816820725
[    5.880097] random 0071 0000 0000 45b1d0b1 845a73f7: add_disk_randomness(8:0) 45b1d0b1 845a73f7
[    5.880100] random 0071 0000 0000 45b1d0b1 845a73f7: add_timer_randomness(.. 8388864) with jiffies: 15868903856541500096, cycles: -2577840221462724597
[    5.880103] random 0071 0000 0000 45b1d0b1 845a73f7: added 3 entropy credits to input
[    5.893383] random 0074 0000 0000 45b1d0b1 845a73f7: add_disk_randomness(8:0) 45b1d0b1 845a73f7
[    5.893386] random 0074 0000 0000 45b1d0b1 845a73f7: add_timer_randomness(.. 8388864) with jiffies: 15988432564460946125, cycles: -2458311513543278581
[    5.893389] random 0074 0000 0000 45b1d0b1 845a73f7: added 2 entropy credits to input
[    5.901406] random 0076 0000 0000 45b1d0b1 845a73f7: add_disk_randomness(8:0) 45b1d0b1 845a73f7
[    5.901409] random 0076 0000 0000 45b1d0b1 845a73f7: add_timer_randomness(.. 8388864) with jiffies: 16060607900732326613, cycles: -2386136177271898101
[    5.901411] random 0076 0000 0000 45b1d0b1 845a73f7: added 1 entropy credits to input
[    5.911419] random 0077 0000 0000 45b1d0b1 845a73f7: add_disk_randomness(8:0) 45b1d0b1 845a73f7
[    5.911422] random 0077 0000 0000 45b1d0b1 845a73f7: add_timer_randomness(.. 8388864) with jiffies: 16150686404450157279, cycles: -2296057673554067445
[    5.911424] random 0077 0000 0000 45b1d0b1 845a73f7: added 1 entropy credits to input
[    5.924303] random 0078 0000 0000 45b1d0b1 845a73f7: add_disk_randomness(8:0) 45b1d0b1 845a73f7
[    5.924306] random 0078 0000 0000 45b1d0b1 845a73f7: add_timer_randomness(.. 8388864) with jiffies: 16266601567404917484, cycles: -2180142510599307253
[    5.931664] random 0078 0000 0000 45b1d0b1 845a73f7: add_disk_randomness(8:0) 45b1d0b1 845a73f7
[    5.931667] random 0078 0000 0000 45b1d0b1 845a73f7: add_timer_randomness(.. 8388864) with jiffies: 16332824847803187955, cycles: -2113919230201036789
[    5.931670] random 0078 0000 0000 45b1d0b1 845a73f7: added 2 entropy credits to input
[    5.936907] random 0080 0000 0000 45b1d0b1 845a73f7: add_disk_randomness(8:0) 45b1d0b1 845a73f7
[    5.936910] random 0080 0000 0000 45b1d0b1 845a73f7: add_timer_randomness(.. 8388864) with jiffies: 16379987093406581497, cycles: -2066756984597643253
[    5.943350] random 0080 0000 0000 45b1d0b1 845a73f7: add_disk_randomness(8:0) 45b1d0b1 845a73f7
[    5.943353] random 0080 0000 0000 45b1d0b1 845a73f7: add_timer_randomness(.. 8388864) with jiffies: 16437950108017591039, cycles: -2008793969986633717
[    5.948406] random 0080 0000 0000 45b1d0b1 845a73f7: add_disk_randomness(8:0) 45b1d0b1 845a73f7
[    5.948409] random 0080 0000 0000 45b1d0b1 845a73f7: add_timer_randomness(.. 8388864) with jiffies: 16483438978527888132, cycles: -1963305099476336629
[    5.954303] random 0080 0000 0000 45b1d0b1 845a73f7: add_disk_randomness(8:0) 45b1d0b1 845a73f7
[    5.954306] random 0080 0000 0000 45b1d0b1 845a73f7: add_timer_randomness(.. 8388864) with jiffies: 16536492265698984714, cycles: -1910251812305240053
[    5.963659] random 0080 0000 0000 45b1d0b1 845a73f7: add_disk_randomness(8:0) 45b1d0b1 845a73f7
[    5.963662] random 0080 0000 0000 45b1d0b1 845a73f7: add_timer_randomness(.. 8388864) with jiffies: 16620667594566501139, cycles: -1826076483437723637
[    5.963665] random 0080 0000 0000 45b1d0b1 845a73f7: added 1 entropy credits to input
[    5.968538] random 0081 0000 0000 45b1d0b1 845a73f7: add_disk_randomness(8:0) 45b1d0b1 845a73f7
[    5.968541] random 0081 0000 0000 45b1d0b1 845a73f7: add_timer_randomness(.. 8388864) with jiffies: 16664554884657021720, cycles: -1782189193347203061
[    5.968543] random 0081 0000 0000 45b1d0b1 845a73f7: added 2 entropy credits to input
[    5.975974] random 0083 0000 0000 45b1d0b1 845a73f7: add_disk_randomness(8:0) 45b1d0b1 845a73f7
[    5.975977] random 0083 0000 0000 45b1d0b1 845a73f7: add_timer_randomness(.. 8388864) with jiffies: 16731452234402595616, cycles: -1715291843601629173
[    5.975980] random 0083 0000 0000 45b1d0b1 845a73f7: added 1 entropy credits to input
[    5.982190] random 0084 0000 0000 45b1d0b1 845a73f7: add_disk_randomness(8:0) 45b1d0b1 845a73f7
[    5.982193] random 0084 0000 0000 45b1d0b1 845a73f7: add_timer_randomness(.. 8388864) with jiffies: 16787373022129128230, cycles: -1659371055875096565
[    5.982196] random 0084 0000 0000 45b1d0b1 845a73f7: added 1 entropy credits to input
[    5.982347] random 0085 0000 0000 45b1d0b1 845a73f7: add_disk_randomness(8:0) 45b1d0b1 845a73f7
[    5.982350] random 0085 0000 0000 45b1d0b1 845a73f7: add_timer_randomness(.. 8388864) with jiffies: 16788792096503595814, cycles: -1657951981500628981
[    5.996754] random 0085 0000 0000 45b1d0b1 845a73f7: add_disk_randomness(8:0) 45b1d0b1 845a73f7
[    5.996757] random 0085 0000 0000 45b1d0b1 845a73f7: add_timer_randomness(.. 8388864) with jiffies: 16918403940230071092, cycles: -1528340137774153717
[    5.996760] random 0085 0000 0000 45b1d0b1 845a73f7: added 3 entropy credits to input
[    6.004175] random 0088 0000 0000 45b1d0b1 845a73f7: add_disk_randomness(8:0) 45b1d0b1 845a73f7
[    6.004178] random 0088 0000 0000 45b1d0b1 845a73f7: add_timer_randomness(.. 8388864) with jiffies: 16985160269019448124, cycles: -1461583808984776693
[    6.004181] random 0088 0000 0000 45b1d0b1 845a73f7: added 2 entropy credits to input
[    6.013855] random 0090 0000 0000 45b1d0b1 845a73f7: add_disk_randomness(8:0) 45b1d0b1 845a73f7
[    6.013858] random 0090 0000 0000 45b1d0b1 845a73f7: add_timer_randomness(.. 8388864) with jiffies: 17072236246999991110, cycles: -1374507831004233717
[    6.013860] random 0090 0000 0000 45b1d0b1 845a73f7: added 1 entropy credits to input
[    6.024487] random 0091 0000 0000 45b1d0b1 845a73f7: add_disk_randomness(8:0) 45b1d0b1 845a73f7
[    6.024490] random 0091 0000 0000 45b1d0b1 845a73f7: add_timer_randomness(.. 8388864) with jiffies: 17167896112258581328, cycles: -1278847965745643509
[    6.037007] random 0091 0000 0000 45b1d0b1 845a73f7: add_disk_randomness(8:0) 45b1d0b1 845a73f7
[    6.037010] random 0091 0000 0000 45b1d0b1 845a73f7: add_timer_randomness(.. 8388864) with jiffies: 17280523327424398173, cycles: -1166220750579826677
[    6.037012] random 0091 0000 0000 45b1d0b1 845a73f7: added 1 entropy credits to input
[    6.038216] random 0092 0000 0000 45b1d0b1 845a73f7: add_disk_randomness(8:0) 45b1d0b1 845a73f7
[    6.038219] random 0092 0000 0000 45b1d0b1 845a73f7: add_timer_randomness(.. 8388864) with jiffies: 17291411765304460126, cycles: -1155332312699764725
[    6.042230] random 0092 0000 0000 45b1d0b1 845a73f7: add_disk_randomness(8:0) 45b1d0b1 845a73f7
[    6.042233] random 0092 0000 0000 45b1d0b1 845a73f7: add_timer_randomness(.. 8388864) with jiffies: 17327522548954137442, cycles: -1119221529050087413
[    6.042236] random 0092 0000 0000 45b1d0b1 845a73f7: added 1 entropy credits to input
[    6.051574] random 0093 0000 0000 45b1d0b1 845a73f7: add_disk_randomness(8:0) 45b1d0b1 845a73f7
[    6.051577] random 0093 0000 0000 45b1d0b1 845a73f7: add_timer_randomness(.. 8388864) with jiffies: 17411590636783240043, cycles: -1035153441220984821
[    6.051580] random 0093 0000 0000 45b1d0b1 845a73f7: added 1 entropy credits to input
[    6.051921] random 0094 0000 0000 45b1d0b1 845a73f7: add_disk_randomness(8:0) 45b1d0b1 845a73f7
[    6.051924] random 0094 0000 0000 45b1d0b1 845a73f7: add_timer_randomness(.. 8388864) with jiffies: 17414699003399603052, cycles: -1032045074604621813
[    6.067580] random 0094 0000 0000 45b1d0b1 845a73f7: add_disk_randomness(8:0) 45b1d0b1 845a73f7
[    6.067583] random 0094 0000 0000 45b1d0b1 845a73f7: add_timer_randomness(.. 8388864) with jiffies: 17555586987408982907, cycles: -891157090595241973
[    6.067586] random 0094 0000 0000 45b1d0b1 845a73f7: added 3 entropy credits to input
[    6.069214] random 0097 0000 0000 45b1d0b1 845a73f7: add_disk_randomness(8:0) 45b1d0b1 845a73f7
[    6.069217] random 0097 0000 0000 45b1d0b1 845a73f7: add_timer_randomness(.. 8388864) with jiffies: 17570275492093461373, cycles: -876468585910763509
[    6.069219] random 0097 0000 0000 45b1d0b1 845a73f7: added 1 entropy credits to input
[    6.069358] random 0098 0000 0000 45b1d0b1 845a73f7: add_disk_randomness(8:0) 45b1d0b1 845a73f7
[    6.069362] random 0098 0000 0000 45b1d0b1 845a73f7: add_timer_randomness(.. 8388864) with jiffies: 17571580513611383677, cycles: -875163564392841205
[    6.080235] random 0098 0000 0000 45b1d0b1 845a73f7: add_disk_randomness(8:0) 45b1d0b1 845a73f7
[    6.080238] random 0098 0000 0000 45b1d0b1 845a73f7: add_timer_randomness(.. 8388864) with jiffies: 17669431873047856008, cycles: -777312204956368885
[    6.080241] random 0098 0000 0000 45b1d0b1 845a73f7: added 3 entropy credits to input
[    6.080800] random 0101 0000 0000 45b1d0b1 845a73f7: add_disk_randomness(8:0) 45b1d0b1 845a73f7
[    6.080803] random 0101 0000 0000 45b1d0b1 845a73f7: add_timer_randomness(.. 8388864) with jiffies: 17674522710668706696, cycles: -772221367335518197
[    6.086032] random 0101 0000 0000 45b1d0b1 845a73f7: add_disk_randomness(8:0) 45b1d0b1 845a73f7
[    6.086036] random 0101 0000 0000 45b1d0b1 845a73f7: add_timer_randomness(.. 8388864) with jiffies: 17721581954366407566, cycles: -725162123637817333
[    6.086038] random 0101 0000 0000 45b1d0b1 845a73f7: added 2 entropy credits to input
[    6.087790] random 0103 0000 0000 45b1d0b1 845a73f7: add_disk_randomness(8:0) 45b1d0b1 845a73f7
[    6.087793] random 0103 0000 0000 45b1d0b1 845a73f7: add_timer_randomness(.. 8388864) with jiffies: 17737405464288396175, cycles: -709338613715828725
[    6.098014] random 0103 0000 0000 45b1d0b1 845a73f7: add_disk_randomness(8:0) 45b1d0b1 845a73f7
