[    0.000000] random 0000 0000 0000 00000000 00000000: rand_read_num 1 get_random_bytes(8): sig 00000000 00000000 00000000
[    0.000000] random 0000 0000 0000 00000000 00000000: extract_entropy(.. 8 ..)
[    0.000000] random 0000 0000 0000 00000000 00000000: going to reseed nonblocking with 64 bits (64 of 0 requested)
[    0.000000] random 0000 0000 0000 00000000 00000000: extract_entropy(.. 8 ..)
[    0.000000] random 0000 0000 0000 00000000 00000000: trying to extract 64 bits from input
[    0.000000] random 0000 0000 0000 00000000 00000000: debiting 0 entropy credits from input
[    0.000000] random 0000 0000 0000 00000000 00000000: extract_entropy account returned: 0 
[    0.000000] random 0000 0000 0000 00000000 00000000: urand_change_num 1 xfer_secondary_pool(8): pool_sig 00000000, data_sig 00000000, bytes_mixed 0 00000000 00000000
[    0.000000] random 0000 0000 0000 00000000 00000000: trying to extract 64 bits from nonblocking
[    0.000000] random 0000 0000 0000 00000000 00000000: debiting 64 entropy credits from nonblocking (unlimited)
[    0.000000] random 0000 0000 0000 00000000 00000000: extract_entropy account returned: 8 
[    0.000000] random 0000 0000 0000 00000000 00000000: urand_change_num 2 extract_buf: pool_sig 00000000, data_sig fffffff9, bytes_mixed 20 00000000 00000000
[    0.000000] Linux version 2.6.32.57 (dcashman@dcashman-02) (gcc version 4.3.3 (GCC) ) #6 Thu May 30 09:02:12 PDT 2013
[    0.000000] KERNEL supported cpus:
[    0.000000]   Intel GenuineIntel
[    0.000000]   AMD AuthenticAMD
[    0.000000]   NSC Geode by NSC
[    0.000000]   Cyrix CyrixInstead
[    0.000000]   Centaur CentaurHauls
[    0.000000]   Transmeta GenuineTMx86
[    0.000000]   Transmeta TransmetaCPU
[    0.000000]   UMC UMC UMC UMC
[    0.000000] BIOS-provided physical RAM map:
[    0.000000]  BIOS-e820: 0000000000000000 - 000000000009d800 (usable)
[    0.000000]  BIOS-e820: 000000000009d800 - 00000000000a0000 (reserved)
[    0.000000]  BIOS-e820: 00000000000d2000 - 00000000000d4000 (reserved)
[    0.000000]  BIOS-e820: 00000000000e0000 - 0000000000100000 (reserved)
[    0.000000]  BIOS-e820: 0000000000100000 - 000000003d6b0000 (usable)
[    0.000000]  BIOS-e820: 000000003d6b0000 - 000000003d6cc000 (ACPI data)
[    0.000000]  BIOS-e820: 000000003d6cc000 - 000000003d700000 (ACPI NVS)
[    0.000000]  BIOS-e820: 000000003d700000 - 000000003e000000 (reserved)
[    0.000000]  BIOS-e820: 00000000f0000000 - 00000000f4000000 (reserved)
[    0.000000]  BIOS-e820: 00000000fec00000 - 00000000fec10000 (reserved)
[    0.000000]  BIOS-e820: 00000000fed00000 - 00000000fed00400 (reserved)
[    0.000000]  BIOS-e820: 00000000fed14000 - 00000000fed1a000 (reserved)
[    0.000000]  BIOS-e820: 00000000fed1c000 - 00000000fed90000 (reserved)
[    0.000000]  BIOS-e820: 00000000fee00000 - 00000000fee01000 (reserved)
[    0.000000]  BIOS-e820: 00000000ff000000 - 0000000100000000 (reserved)
[    0.000000] DMI present.
[    0.000000] last_pfn = 0x3d6b0 max_arch_pfn = 0x100000
[    0.000000] MTRR default type: uncachable
[    0.000000] MTRR fixed ranges enabled:
[    0.000000]   00000-9FFFF write-back
[    0.000000]   A0000-BFFFF uncachable
[    0.000000]   C0000-CFFFF write-protect
[    0.000000]   D0000-DFFFF uncachable
[    0.000000]   E0000-FFFFF write-protect
[    0.000000] MTRR variable ranges enabled:
[    0.000000]   0 base 03E000000 mask FFE000000 uncachable
[    0.000000]   1 base 000000000 mask FC0000000 write-back
[    0.000000]   2 base 03D700000 mask FFFF00000 uncachable
[    0.000000]   3 base 03D800000 mask FFF800000 uncachable
[    0.000000]   4 disabled
[    0.000000]   5 disabled
[    0.000000]   6 disabled
[    0.000000]   7 disabled
[    0.000000] initial memory mapped : 0 - 02000000
[    0.000000] init_memory_mapping: 0000000000000000-00000000377fe000
[    0.000000]  0000000000 - 0000400000 page 4k
[    0.000000]  0000400000 - 0037400000 page 2M
[    0.000000]  0037400000 - 00377fe000 page 4k
[    0.000000] kernel direct mapping tables up to 377fe000 @ 7000-c000
[    0.000000] ACPI: RSDP 000f68d0 00024 (v02 LENOVO)
[    0.000000] ACPI: XSDT 3d6bb77f 00094 (v01 LENOVO TP-7L    00002170  LTP 00000000)
[    0.000000] ACPI: FACP 3d6bb900 000F4 (v03 LENOVO TP-7L    00002170 LNVO 00000001)
[    0.000000] ACPI Warning: 32/64X length mismatch in Gpe1Block: 0/32 (20090903/tbfadt-526)
[    0.000000] ACPI Warning: Optional field Gpe1Block has zero address or length: 000000000000102C/0 (20090903/tbfadt-557)
[    0.000000] ACPI: DSDT 3d6bbd1d 0FED1 (v01 LENOVO TP-7L    00002170 MSFT 03000000)
[    0.000000] ACPI: FACS 3d6e4000 00040
[    0.000000] ACPI: SSDT 3d6bbab4 00269 (v01 LENOVO TP-7L    00002170 MSFT 03000000)
[    0.000000] ACPI: ECDT 3d6cbbee 00052 (v01 LENOVO TP-7L    00002170 LNVO 00000001)
[    0.000000] ACPI: TCPA 3d6cbc40 00032 (v02 LENOVO TP-7L    00002170 LNVO 00000001)
[    0.000000] ACPI: APIC 3d6cbc72 00068 (v01 LENOVO TP-7L    00002170 LNVO 00000001)
[    0.000000] ACPI: MCFG 3d6cbcda 0003C (v01 LENOVO TP-7L    00002170 LNVO 00000001)
[    0.000000] ACPI: HPET 3d6cbd16 00038 (v01 LENOVO TP-7L    00002170 LNVO 00000001)
[    0.000000] ACPI: SLIC 3d6cbdf0 00176 (v01 LENOVO TP-7L    00002170  LTP 00000000)
[    0.000000] ACPI: BOOT 3d6cbf66 00028 (v01 LENOVO TP-7L    00002170  LTP 00000001)
[    0.000000] ACPI: ASF! 3d6cbf8e 00072 (v16 LENOVO TP-7L    00002170 PTL  00000001)
[    0.000000] ACPI: SSDT 3d6e26d9 0025F (v01 LENOVO TP-7L    00002170 INTL 20050513)
[    0.000000] ACPI: SSDT 3d6e2938 000A6 (v01 LENOVO TP-7L    00002170 INTL 20050513)
[    0.000000] ACPI: SSDT 3d6e29de 004F7 (v01 LENOVO TP-7L    00002170 INTL 20050513)
[    0.000000] ACPI: SSDT 3d6e2ed5 001D8 (v01 LENOVO TP-7L    00002170 INTL 20050513)
[    0.000000] ACPI: DMI detected: Lenovo ThinkPad R61
[    0.000000] ACPI: Added _OSI(Linux)
[    0.000000] ACPI: Local APIC address 0xfee00000
[    0.000000] 94MB HIGHMEM available.
[    0.000000] 887MB LOWMEM available.
[    0.000000]   mapped low ram: 0 - 377fe000
[    0.000000]   low ram: 0 - 377fe000
[    0.000000]   node 0 low ram: 00000000 - 377fe000
[    0.000000]   node 0 bootmap 00008000 - 0000ef00
[    0.000000] (6 early reservations) ==> bootmem [0000000000 - 00377fe000]
[    0.000000]   #0 [0000000000 - 0000001000]   BIOS data page ==> [0000000000 - 0000001000]
[    0.000000]   #1 [0001000000 - 0001bdc180]    TEXT DATA BSS ==> [0001000000 - 0001bdc180]
[    0.000000]   #2 [000009d800 - 0000100000]    BIOS reserved ==> [000009d800 - 0000100000]
[    0.000000]   #3 [0001bdd000 - 0001be516c]              BRK ==> [0001bdd000 - 0001be516c]
[    0.000000]   #4 [0000007000 - 0000008000]          PGTABLE ==> [0000007000 - 0000008000]
[    0.000000]   #5 [0000008000 - 000000f000]          BOOTMAP ==> [0000008000 - 000000f000]
[    0.000000] found SMP MP-table at [c00f6900] f6900
[    0.000000] Zone PFN ranges:
[    0.000000]   DMA      0x00000000 -> 0x00001000
[    0.000000]   Normal   0x00001000 -> 0x000377fe
[    0.000000]   HighMem  0x000377fe -> 0x0003d6b0
[    0.000000] Movable zone start PFN for each node
[    0.000000] early_node_map[2] active PFN ranges
[    0.000000]     0: 0x00000000 -> 0x0000009d
[    0.000000]     0: 0x00000100 -> 0x0003d6b0
[    0.000000] On node 0 totalpages: 251469
[    0.000000] free_area_init_node: node 0, pgdat c1901ea0, node_mem_map c1be7000
[    0.000000]   DMA zone: 32 pages used for memmap
[    0.000000]   DMA zone: 0 pages reserved
[    0.000000]   DMA zone: 3965 pages, LIFO batch:0
[    0.000000]   Normal zone: 1744 pages used for memmap
[    0.000000]   Normal zone: 221486 pages, LIFO batch:31
[    0.000000]   HighMem zone: 190 pages used for memmap
[    0.000000]   HighMem zone: 24052 pages, LIFO batch:3
[    0.000000] Using APIC driver default
[    0.000000] ACPI: PM-Timer IO Port: 0x1008
[    0.000000] ACPI: Local APIC address 0xfee00000
[    0.000000] ACPI: LAPIC (acpi_id[0x00] lapic_id[0x00] enabled)
[    0.000000] ACPI: LAPIC (acpi_id[0x01] lapic_id[0x01] enabled)
[    0.000000] ACPI: NR_CPUS/possible_cpus limit of 1 reached.  Processor 1/0x1 ignored.
[    0.000000] ACPI: LAPIC_NMI (acpi_id[0x00] high edge lint[0x1])
[    0.000000] ACPI: LAPIC_NMI (acpi_id[0x01] high edge lint[0x1])
[    0.000000] ACPI: IOAPIC (id[0x01] address[0xfec00000] gsi_base[0])
[    0.000000] IOAPIC[0]: apic_id 1, version 32, address 0xfec00000, GSI 0-23
[    0.000000] ACPI: INT_SRC_OVR (bus 0 bus_irq 0 global_irq 2 dfl dfl)
[    0.000000] ACPI: INT_SRC_OVR (bus 0 bus_irq 9 global_irq 9 high level)
[    0.000000] ACPI: IRQ0 used by override.
[    0.000000] ACPI: IRQ2 used by override.
[    0.000000] ACPI: IRQ9 used by override.
[    0.000000] Using ACPI (MADT) for SMP configuration information
[    0.000000] ACPI: HPET id: 0x8086a201 base: 0xfed00000
[    0.000000] nr_irqs_gsi: 24
[    0.000000] PM: Registered nosave memory: 000000000009d000 - 000000000009e000
[    0.000000] PM: Registered nosave memory: 000000000009e000 - 00000000000a0000
[    0.000000] PM: Registered nosave memory: 00000000000a0000 - 00000000000d2000
[    0.000000] PM: Registered nosave memory: 00000000000d2000 - 00000000000d4000
[    0.000000] PM: Registered nosave memory: 00000000000d4000 - 00000000000e0000
[    0.000000] PM: Registered nosave memory: 00000000000e0000 - 0000000000100000
[    0.000000] Allocating PCI resources starting at 3e000000 (gap: 3e000000:b2000000)
[    0.000000] Built 1 zonelists in Zone order, mobility grouping on.  Total pages: 249503
[    0.000000] Kernel command line: auto BOOT_IMAGE=Linux ro root=802 vt.default_utf8=0 maxcpus=0
[    0.000000] PID hash table entries: 4096 (order: 2, 16384 bytes)
[    0.000000] Dentry cache hash table entries: 131072 (order: 7, 524288 bytes)
[    0.000000] Inode-cache hash table entries: 65536 (order: 6, 262144 bytes)
[    0.000000] Enabling fast FPU save and restore... done.
[    0.000000] Enabling unmasked SIMD FPU exception support... done.
[    0.000000] Initializing CPU#0
[    0.000000] Initializing HighMem for node 0 (000377fe:0003d6b0)
[    0.000000] Memory: 984800k/1006272k available (6915k kernel code, 20876k reserved, 2327k data, 448k init, 96968k highmem)
[    0.000000] virtual kernel memory layout:
[    0.000000]     fixmap  : 0xfffa3000 - 0xfffff000   ( 368 kB)
[    0.000000]     pkmap   : 0xff800000 - 0xffc00000   (4096 kB)
[    0.000000]     vmalloc : 0xf7ffe000 - 0xff7fe000   ( 120 MB)
[    0.000000]     lowmem  : 0xc0000000 - 0xf77fe000   ( 887 MB)
[    0.000000]       .init : 0xc1907000 - 0xc1977000   ( 448 kB)
[    0.000000]       .data : 0xc16c0d3f - 0xc1906c64   (2327 kB)
[    0.000000]       .text : 0xc1000000 - 0xc16c0d3f   (6915 kB)
[    0.000000] Checking if this processor honours the WP bit even in supervisor mode...Ok.
[    0.000000] SLUB: Genslabs=13, HWalign=64, Order=0-3, MinObjects=0, CPUs=1, Nodes=1
[    0.000000] Hierarchical RCU implementation.
[    0.000000] NR_IRQS:288
[    0.000000] Extended CMOS year: 2000
[    0.000000] Console: colour VGA+ 80x25
[    0.000000] console [tty0] enabled
[    0.000000] hpet clockevent registered
[    0.000000] Fast TSC calibration failed
[    0.000000] TSC: PIT calibration matches HPET. 1 loops
[    0.000000] Detected 2094.713 MHz processor.
[    0.002001] Calibrating delay loop (skipped), value calculated using timer frequency.. 4189.42 BogoMIPS (lpj=2094713)
[    0.003007] Security Framework initialized
[    0.003091] Mount-cache hash table entries: 512
[    0.003232] CPU: L1 I cache: 32K, L1 D cache: 32K
[    0.003361] CPU: L2 cache: 3072K
[    0.003443] mce: CPU supports 6 MCE banks
[    0.003526] CPU0: Thermal monitoring enabled (TM2)
[    0.003609] using mwait in idle threads.
[    0.003692] CPU: Intel(R) Core(TM)2 Duo CPU     T8100  @ 2.10GHz stepping 06
[    0.003861] Checking 'hlt' instruction... OK.
[    0.007943] ACPI: Core revision 20090903
[    0.027013] RANDOM get_random_int first call with cycles 32591443920, jiffies 4294667323 and pid 0
[    0.027021] CANARY value: 47b62bc2 for PID: 1
[    0.027028] CANARY value: cda7f1d4 for PID: 2
[    0.027052] Enabling APIC mode:  Flat.  Using 1 I/O APICs
[    0.027513] ..TIMER: vector=0x30 apic1=0 pin1=2 apic2=-1 pin2=-1
[    0.038997] xor: automatically using best checksumming function: pIII_sse
[    0.042998]    pIII_sse  :  8568.000 MB/sec
[    0.043083] xor: using function: pIII_sse (8568.000 MB/sec)
[    0.043167] RANDOM - __seed init called.
[    0.043168] RANDOM - __seed init called.
[    0.043169] RANDOM - __seed init called.
[    0.043170] RANDOM - __random32 called. Change num 1.  Value: 870e7b8	f6ea009	16c0ad5a
[    0.043172] RANDOM - __random32 called. Change num 2.  Value: e7b8290	f6ea0099	5ab418b8
[    0.043174] RANDOM - __random32 called. Change num 3.  Value: b8290fc5	6ea00996	3171e29b
[    0.043176] RANDOM - __random32 called. Change num 4.  Value: 90fc533a	ea00996a	c5375fde
[    0.043177] RANDOM - __random32 called. Change num 5.  Value: c533a353	a00996a1	bfbd91b4
[    0.043179] RANDOM - __random32 called. Change num 6.  Value: 3a35362b	996a10	23684a23
[    0.043181] RANDOM - random32 init called.  Value: 3a35362b	996a10	23684a23
[    0.043198] NET: Registered protocol family 16
[    0.043458] ACPI FADT declares the system doesn't support PCIe ASPM, so disable it
[    0.043571] ACPI: bus type pci registered
[    0.043741] PCI: MCFG configuration 0: base f0000000 segment 0 buses 0 - 63
[    0.043825] PCI: MCFG area at f0000000 reserved in E820
[    0.043912] PCI: Using MMCONFIG for extended config space
[    0.044002] PCI: Using configuration type 1 for base access
[    0.047106] bio: create slab <bio-0> at 0
[    0.047916] ACPI: EC: EC description table is found, configuring boot EC
[    0.053074] ACPI: BIOS _OSI(Linux) query honored via DMI
[    0.053805] random 0000 0000 0000 00000000 00000000: rand_read_num 2 get_random_bytes(8): sig fffffe1a 00000000 00000000
[    0.053808] random 0000 0000 0000 00000000 00000000: extract_entropy(.. 8 ..)
[    0.053811] random 0000 0000 0000 00000000 00000000: going to reseed nonblocking with 64 bits (64 of 0 requested)
[    0.053813] random 0000 0000 0000 00000000 00000000: extract_entropy(.. 8 ..)
[    0.053815] random 0000 0000 0000 00000000 00000000: trying to extract 64 bits from input
[    0.053817] random 0000 0000 0000 00000000 00000000: debiting 0 entropy credits from input
[    0.053819] random 0000 0000 0000 00000000 00000000: extract_entropy account returned: 0 
[    0.053822] random 0000 0000 0000 00000000 00000000: urand_change_num 3 xfer_secondary_pool(8): pool_sig fffffe1a, data_sig 00000000, bytes_mixed 0 00000000 00000000
[    0.053851] random 0000 0000 0000 00000000 00000000: trying to extract 64 bits from nonblocking
[    0.053854] random 0000 0000 0000 00000000 00000000: debiting 64 entropy credits from nonblocking (unlimited)
[    0.053856] random 0000 0000 0000 00000000 00000000: extract_entropy account returned: 8 
[    0.053860] random 0000 0000 0000 00000000 00000000: urand_change_num 4 extract_buf: pool_sig fffffe1a, data_sig fffffed7, bytes_mixed 20 00000000 00000000
[    0.059697] ACPI: Interpreter enabled
[    0.059776] ACPI: (supports S0 S3 S4 S5)
[    0.059998] ACPI: Using IOAPIC for interrupt routing
[    0.069650] ACPI: EC: GPE = 0x12, I/O: command/status = 0x66, data = 0x62
[    0.069920] ACPI: Power Resource [PUBS] (on)
[    0.072053] ACPI: ACPI Dock Station Driver: 3 docks/bays found
[    0.072452] ACPI: PCI Root Bridge [PCI0] (0000:00)
[    0.072614] pci 0000:00:02.0: reg 10 64bit mmio: [0xf8100000-0xf81fffff]
[    0.072619] pci 0000:00:02.0: reg 18 64bit mmio pref: [0xe0000000-0xefffffff]
[    0.072623] pci 0000:00:02.0: reg 20 io port: [0x1800-0x1807]
[    0.072658] pci 0000:00:02.1: reg 10 64bit mmio: [0xf8200000-0xf82fffff]
[    0.072762] pci 0000:00:19.0: reg 10 32bit mmio: [0xfe000000-0xfe01ffff]
[    0.072771] pci 0000:00:19.0: reg 14 32bit mmio: [0xfe025000-0xfe025fff]
[    0.072779] pci 0000:00:19.0: reg 18 io port: [0x1840-0x185f]
[    0.072856] pci 0000:00:19.0: PME# supported from D0 D3hot D3cold
[    0.072949] pci 0000:00:19.0: PME# disabled
[    0.073062] pci 0000:00:1a.0: reg 20 io port: [0x1860-0x187f]
[    0.073144] pci 0000:00:1a.1: reg 20 io port: [0x1880-0x189f]
[    0.073229] pci 0000:00:1a.7: reg 10 32bit mmio: [0xfe226c00-0xfe226fff]
[    0.073316] pci 0000:00:1a.7: PME# supported from D0 D3hot D3cold
[    0.073402] pci 0000:00:1a.7: PME# disabled
[    0.073541] pci 0000:00:1b.0: reg 10 64bit mmio: [0xfe020000-0xfe023fff]
[    0.073622] pci 0000:00:1b.0: PME# supported from D0 D3hot D3cold
[    0.073705] pci 0000:00:1b.0: PME# disabled
[    0.073910] pci 0000:00:1c.0: PME# supported from D0 D3hot D3cold
[    0.073999] pci 0000:00:1c.0: PME# disabled
[    0.074191] pci 0000:00:1c.1: PME# supported from D0 D3hot D3cold
[    0.074283] pci 0000:00:1c.1: PME# disabled
[    0.074483] pci 0000:00:1c.2: PME# supported from D0 D3hot D3cold
[    0.074569] pci 0000:00:1c.2: PME# disabled
[    0.074765] pci 0000:00:1c.3: PME# supported from D0 D3hot D3cold
[    0.074999] pci 0000:00:1c.3: PME# disabled
[    0.075202] pci 0000:00:1c.4: PME# supported from D0 D3hot D3cold
[    0.075293] pci 0000:00:1c.4: PME# disabled
[    0.076000] pci 0000:00:1d.0: reg 20 io port: [0x18a0-0x18bf]
[    0.076079] pci 0000:00:1d.1: reg 20 io port: [0x18c0-0x18df]
[    0.076152] pci 0000:00:1d.2: reg 20 io port: [0x18e0-0x18ff]
[    0.076250] pci 0000:00:1d.7: reg 10 32bit mmio: [0xfe227000-0xfe2273ff]
[    0.076342] pci 0000:00:1d.7: PME# supported from D0 D3hot D3cold
[    0.076426] pci 0000:00:1d.7: PME# disabled
[    0.076702] pci 0000:00:1f.0: quirk: region 1000-107f claimed by ICH6 ACPI/GPIO/TCO
[    0.076820] pci 0000:00:1f.0: quirk: region 1180-11bf claimed by ICH6 GPIO
[    0.076904] pci 0000:00:1f.0: ICH7 LPC Generic IO decode 1 PIO at 1600 (mask 007f)
[    0.076998] pci 0000:00:1f.0: ICH7 LPC Generic IO decode 2 PIO at 15e0 (mask 000f)
[    0.077113] pci 0000:00:1f.0: ICH7 LPC Generic IO decode 3 PIO at 1680 (mask 001f)
[    0.077308] pci 0000:00:1f.1: reg 10 io port: [0x00-0x07]
[    0.077316] pci 0000:00:1f.1: reg 14 io port: [0x00-0x03]
[    0.077325] pci 0000:00:1f.1: reg 18 io port: [0x00-0x07]
[    0.077333] pci 0000:00:1f.1: reg 1c io port: [0x00-0x03]
[    0.077343] pci 0000:00:1f.1: reg 20 io port: [0x1c00-0x1c0f]
[    0.077422] pci 0000:00:1f.2: reg 10 io port: [0x1c50-0x1c57]
[    0.077431] pci 0000:00:1f.2: reg 14 io port: [0x1c44-0x1c47]
[    0.077440] pci 0000:00:1f.2: reg 18 io port: [0x1c48-0x1c4f]
[    0.077447] pci 0000:00:1f.2: reg 1c io port: [0x1c40-0x1c43]
[    0.077455] pci 0000:00:1f.2: reg 20 io port: [0x1c20-0x1c3f]
[    0.077464] pci 0000:00:1f.2: reg 24 32bit mmio: [0xfe226000-0xfe2267ff]
[    0.077522] pci 0000:00:1f.2: PME# supported from D3hot
[    0.077604] pci 0000:00:1f.2: PME# disabled
[    0.077722] pci 0000:00:1f.3: reg 10 32bit mmio: [0xfe227400-0xfe2274ff]
[    0.077747] pci 0000:00:1f.3: reg 20 io port: [0x1c60-0x1c7f]
[    0.077836] pci 0000:00:1c.0: bridge io port: [0x2000-0x2fff]
[    0.077841] pci 0000:00:1c.0: bridge 32bit mmio: [0xfc000000-0xfdffffff]
[    0.077850] pci 0000:00:1c.0: bridge 64bit mmio pref: [0xf8000000-0xf80fffff]
[    0.077924] pci 0000:03:00.0: reg 10 64bit mmio: [0xdf3f0000-0xdf3fffff]
[    0.078157] pci 0000:00:1c.1: bridge io port: [0x3000-0x3fff]
[    0.078163] pci 0000:00:1c.1: bridge 32bit mmio: [0xdc000000-0xdf3fffff]
[    0.078170] pci 0000:00:1c.1: bridge 64bit mmio pref: [0xdfe00000-0xdfefffff]
[    0.078227] pci 0000:00:1c.2: bridge io port: [0x4000-0x4fff]
[    0.078233] pci 0000:00:1c.2: bridge 32bit mmio: [0xd8000000-0xd9ffffff]
[    0.078241] pci 0000:00:1c.2: bridge 64bit mmio pref: [0xdfb00000-0xdfbfffff]
[    0.078298] pci 0000:00:1c.3: bridge io port: [0x5000-0x5fff]
[    0.078302] pci 0000:00:1c.3: bridge 32bit mmio: [0xd4000000-0xd5ffffff]
[    0.078311] pci 0000:00:1c.3: bridge 64bit mmio pref: [0xdf800000-0xdf8fffff]
[    0.078368] pci 0000:00:1c.4: bridge io port: [0x6000-0x6fff]
[    0.078374] pci 0000:00:1c.4: bridge 32bit mmio: [0xd0000000-0xd1ffffff]
[    0.078383] pci 0000:00:1c.4: bridge 64bit mmio pref: [0xdf500000-0xdf5fffff]
[    0.078442] pci 0000:15:00.0: reg 10 32bit mmio: [0xf8300000-0xf8300fff]
[    0.078493] pci 0000:15:00.0: supports D1 D2
[    0.078494] pci 0000:15:00.0: PME# supported from D0 D1 D2 D3hot D3cold
[    0.078586] pci 0000:15:00.0: PME# disabled
[    0.078732] pci 0000:15:00.1: reg 10 32bit mmio: [0xf8301000-0xf83017ff]
[    0.078826] pci 0000:15:00.1: supports D1 D2
[    0.078828] pci 0000:15:00.1: PME# supported from D0 D1 D2 D3hot D3cold
[    0.078912] pci 0000:15:00.1: PME# disabled
[    0.079080] pci 0000:00:1e.0: transparent bridge
[    0.079169] pci 0000:00:1e.0: bridge io port: [0x7000-0xafff]
[    0.079176] pci 0000:00:1e.0: bridge 32bit mmio: [0xf8300000-0xfbffffff]
[    0.079183] pci 0000:00:1e.0: bridge 64bit mmio pref: [0xf4000000-0xf7ffffff]
[    0.079248] pci_bus 0000:00: on NUMA node 0
[    0.079252] ACPI: PCI Interrupt Routing Table [\_SB_.PCI0._PRT]
[    0.079385] ACPI: PCI Interrupt Routing Table [\_SB_.PCI0.EXP0._PRT]
[    0.079444] ACPI: PCI Interrupt Routing Table [\_SB_.PCI0.EXP1._PRT]
[    0.079502] ACPI: PCI Interrupt Routing Table [\_SB_.PCI0.EXP2._PRT]
[    0.079560] ACPI: PCI Interrupt Routing Table [\_SB_.PCI0.EXP3._PRT]
[    0.079623] ACPI: PCI Interrupt Routing Table [\_SB_.PCI0.EXP4._PRT]
[    0.079686] ACPI: PCI Interrupt Routing Table [\_SB_.PCI0.PCI1._PRT]
[    0.085171] ACPI: PCI Interrupt Link [LNKA] (IRQs 3 4 5 6 7 9 *10 11)
[    0.085900] ACPI: PCI Interrupt Link [LNKB] (IRQs 3 4 5 6 7 9 10 *11)
[    0.086615] ACPI: PCI Interrupt Link [LNKC] (IRQs 3 4 5 6 7 9 10 *11)
[    0.087329] ACPI: PCI Interrupt Link [LNKD] (IRQs 3 4 5 6 7 9 10 *11)
[    0.088088] ACPI: PCI Interrupt Link [LNKE] (IRQs 3 4 5 6 7 9 10 *11)
[    0.088841] ACPI: PCI Interrupt Link [LNKF] (IRQs 3 4 5 6 7 9 10 *11)
[    0.089523] ACPI: PCI Interrupt Link [LNKG] (IRQs 3 4 5 6 7 9 10 *11)
[    0.090294] ACPI: PCI Interrupt Link [LNKH] (IRQs 3 4 5 6 7 9 10 *11)
[    0.091060] vgaarb: device added: PCI:0000:00:02.0,decodes=io+mem,owns=io+mem,locks=none
[    0.091187] vgaarb: loaded
[    0.091359] SCSI subsystem initialized
[    0.091454] libata version 3.00 loaded.
[    0.091502] usbcore: registered new interface driver usbfs
[    0.091623] usbcore: registered new interface driver hub
[    0.091730] usbcore: registered new device driver usb
[    0.108041] raid6: int32x1    941 MB/s
[    0.125058] raid6: int32x2    890 MB/s
[    0.142067] raid6: int32x4    750 MB/s
[    0.158988] raid6: int32x8    656 MB/s
[    0.176002] raid6: mmxx1     2882 MB/s
[    0.192986] raid6: mmxx2     3253 MB/s
[    0.209994] raid6: sse1x1    1937 MB/s
[    0.226999] raid6: sse1x2    2535 MB/s
[    0.243976] raid6: sse2x1    3507 MB/s
[    0.260982] raid6: sse2x2    3832 MB/s
[    0.261066] raid6: using algorithm sse2x2 (3832 MB/s)
[    0.261148] PCI: Using ACPI for IRQ routing
[    0.261450] HPET: 3 timers in total, 0 timers will be used for per-cpu timer
[    0.261997] Switching to clocksource tsc
[    0.262097] pnp: PnP ACPI init
[    0.262182] ACPI: bus type pnp registered
[    0.265844] pnp: PnP ACPI: found 11 devices
[    0.265943] ACPI: ACPI bus type pnp unregistered
[    0.266029] system 00:00: iomem range 0x0-0x9ffff could not be reserved
[    0.266126] system 00:00: iomem range 0xc0000-0xc3fff could not be reserved
[    0.266210] system 00:00: iomem range 0xc4000-0xc7fff could not be reserved
[    0.266292] system 00:00: iomem range 0xc8000-0xcbfff has been reserved
[    0.266378] system 00:00: iomem range 0xcc000-0xcffff has been reserved
[    0.266460] system 00:00: iomem range 0xd0000-0xd3fff could not be reserved
[    0.266545] system 00:00: iomem range 0xe0000-0xe3fff could not be reserved
[    0.266627] system 00:00: iomem range 0xe4000-0xe7fff could not be reserved
[    0.266720] system 00:00: iomem range 0xe8000-0xebfff could not be reserved
[    0.266807] system 00:00: iomem range 0xec000-0xeffff could not be reserved
[    0.266893] system 00:00: iomem range 0xf0000-0xfffff could not be reserved
[    0.266977] system 00:00: iomem range 0x100000-0x3dffffff could not be reserved
[    0.267092] system 00:00: iomem range 0xfec00000-0xfed3ffff could not be reserved
[    0.267210] system 00:00: iomem range 0xfed4c000-0xffffffff could not be reserved
[    0.267325] system 00:02: ioport range 0x164e-0x164f has been reserved
[    0.267411] system 00:02: ioport range 0x1000-0x107f has been reserved
[    0.267494] system 00:02: ioport range 0x1180-0x11bf has been reserved
[    0.267581] system 00:02: ioport range 0x800-0x80f has been reserved
[    0.267680] system 00:02: ioport range 0x15e0-0x15ef has been reserved
[    0.267776] system 00:02: ioport range 0x1600-0x165f could not be reserved
[    0.267869] system 00:02: iomem range 0xf0000000-0xf3ffffff has been reserved
[    0.267956] system 00:02: iomem range 0xfed1c000-0xfed1ffff has been reserved
[    0.268038] system 00:02: iomem range 0xfed14000-0xfed17fff has been reserved
[    0.268127] system 00:02: iomem range 0xfed18000-0xfed18fff has been reserved
[    0.268212] system 00:02: iomem range 0xfed19000-0xfed19fff has been reserved
[    0.268295] system 00:02: iomem range 0xfed45000-0xfed4bfff has been reserved
[    0.303327] pci 0000:00:1c.0: PCI bridge, secondary bus 0000:02
[    0.303412] pci 0000:00:1c.0:   IO window: 0x2000-0x2fff
[    0.303502] pci 0000:00:1c.0:   MEM window: 0xfc000000-0xfdffffff
[    0.303584] pci 0000:00:1c.0:   PREFETCH window: 0x000000f8000000-0x000000f80fffff
[    0.303701] pci 0000:00:1c.1: PCI bridge, secondary bus 0000:03
[    0.303789] pci 0000:00:1c.1:   IO window: 0x3000-0x3fff
[    0.303888] pci 0000:00:1c.1:   MEM window: 0xdc000000-0xdf3fffff
[    0.303973] pci 0000:00:1c.1:   PREFETCH window: 0x000000dfe00000-0x000000dfefffff
[    0.304099] pci 0000:00:1c.2: PCI bridge, secondary bus 0000:04
[    0.304180] pci 0000:00:1c.2:   IO window: 0x4000-0x4fff
[    0.304270] pci 0000:00:1c.2:   MEM window: 0xd8000000-0xd9ffffff
[    0.304353] pci 0000:00:1c.2:   PREFETCH window: 0x000000dfb00000-0x000000dfbfffff
[    0.304482] pci 0000:00:1c.3: PCI bridge, secondary bus 0000:05
[    0.304579] pci 0000:00:1c.3:   IO window: 0x5000-0x5fff
[    0.304667] pci 0000:00:1c.3:   MEM window: 0xd4000000-0xd5ffffff
[    0.304761] pci 0000:00:1c.3:   PREFETCH window: 0x000000df800000-0x000000df8fffff
[    0.304882] pci 0000:00:1c.4: PCI bridge, secondary bus 0000:0d
[    0.304970] pci 0000:00:1c.4:   IO window: 0x6000-0x6fff
[    0.305059] pci 0000:00:1c.4:   MEM window: 0xd0000000-0xd1ffffff
[    0.305145] pci 0000:00:1c.4:   PREFETCH window: 0x000000df500000-0x000000df5fffff
[    0.305267] pci 0000:15:00.0: CardBus bridge, secondary bus 0000:16
[    0.305355] pci 0000:15:00.0:   IO window: 0x007000-0x0070ff
[    0.305439] pci 0000:15:00.0:   IO window: 0x007400-0x0074ff
[    0.305528] pci 0000:15:00.0:   PREFETCH window: 0xf4000000-0xf7ffffff
[    0.305620] pci 0000:15:00.0:   MEM window: 0x40000000-0x43ffffff
[    0.305704] pci 0000:00:1e.0: PCI bridge, secondary bus 0000:15
[    0.305792] pci 0000:00:1e.0:   IO window: 0x7000-0xafff
[    0.305885] pci 0000:00:1e.0:   MEM window: 0xf8300000-0xfbffffff
[    0.305983] pci 0000:00:1e.0:   PREFETCH window: 0x000000f4000000-0x000000f7ffffff
[    0.306112] pci 0000:00:1c.0: PCI INT A -> GSI 20 (level, low) -> IRQ 20
[    0.306198] pci 0000:00:1c.0: setting latency timer to 64
[    0.306208] pci 0000:00:1c.1: PCI INT B -> GSI 21 (level, low) -> IRQ 21
[    0.306291] pci 0000:00:1c.1: setting latency timer to 64
[    0.306303] pci 0000:00:1c.2: PCI INT C -> GSI 22 (level, low) -> IRQ 22
[    0.306386] pci 0000:00:1c.2: setting latency timer to 64
[    0.306400] pci 0000:00:1c.3: PCI INT D -> GSI 23 (level, low) -> IRQ 23
[    0.306487] pci 0000:00:1c.3: setting latency timer to 64
[    0.306498] pci 0000:00:1c.4: PCI INT A -> GSI 20 (level, low) -> IRQ 20
[    0.306594] pci 0000:00:1c.4: setting latency timer to 64
[    0.306601] pci 0000:00:1e.0: enabling device (0005 -> 0007)
[    0.306691] pci 0000:00:1e.0: setting latency timer to 64
[    0.306704] pci 0000:15:00.0: PCI INT A -> GSI 16 (level, low) -> IRQ 16
[    0.306796] pci 0000:15:00.0: setting latency timer to 64
[    0.306802] pci_bus 0000:00: resource 0 io:  [0x00-0xffff]
[    0.306804] pci_bus 0000:00: resource 1 mem: [0x000000-0xffffffff]
[    0.306806] pci_bus 0000:02: resource 0 io:  [0x2000-0x2fff]
[    0.306808] pci_bus 0000:02: resource 1 mem: [0xfc000000-0xfdffffff]
[    0.306810] pci_bus 0000:02: resource 2 pref mem [0xf8000000-0xf80fffff]
[    0.306812] pci_bus 0000:03: resource 0 io:  [0x3000-0x3fff]
[    0.306814] pci_bus 0000:03: resource 1 mem: [0xdc000000-0xdf3fffff]
[    0.306816] pci_bus 0000:03: resource 2 pref mem [0xdfe00000-0xdfefffff]
[    0.306817] pci_bus 0000:04: resource 0 io:  [0x4000-0x4fff]
[    0.306819] pci_bus 0000:04: resource 1 mem: [0xd8000000-0xd9ffffff]
[    0.306821] pci_bus 0000:04: resource 2 pref mem [0xdfb00000-0xdfbfffff]
[    0.306823] pci_bus 0000:05: resource 0 io:  [0x5000-0x5fff]
[    0.306824] pci_bus 0000:05: resource 1 mem: [0xd4000000-0xd5ffffff]
[    0.306826] pci_bus 0000:05: resource 2 pref mem [0xdf800000-0xdf8fffff]
[    0.306828] pci_bus 0000:0d: resource 0 io:  [0x6000-0x6fff]
[    0.306830] pci_bus 0000:0d: resource 1 mem: [0xd0000000-0xd1ffffff]
[    0.306832] pci_bus 0000:0d: resource 2 pref mem [0xdf500000-0xdf5fffff]
[    0.306834] pci_bus 0000:15: resource 0 io:  [0x7000-0xafff]
[    0.306835] pci_bus 0000:15: resource 1 mem: [0xf8300000-0xfbffffff]
[    0.306837] pci_bus 0000:15: resource 2 pref mem [0xf4000000-0xf7ffffff]
[    0.306839] pci_bus 0000:15: resource 3 io:  [0x00-0xffff]
[    0.306841] pci_bus 0000:15: resource 4 mem: [0x000000-0xffffffff]
[    0.306843] pci_bus 0000:16: resource 0 io:  [0x7000-0x70ff]
[    0.306844] pci_bus 0000:16: resource 1 io:  [0x7400-0x74ff]
[    0.306846] pci_bus 0000:16: resource 2 pref mem [0xf4000000-0xf7ffffff]
[    0.306848] pci_bus 0000:16: resource 3 mem: [0x40000000-0x43ffffff]
[    0.306859] NET: Registered protocol family 2
[    0.306940] RANDOM - __random32 called. Change num 7.  Value: 5362b39e	996a101	94470543
[    0.306942] RANDOM - random32 called.  Value: 5362b39e	996a101	94470543
[    0.306946] random 0000 0000 0000 5f8db4e5 4cfdf2a8: rand_read_num 3 get_random_bytes(4): sig fffffb64 5f8db4e5 4cfdf2a8
[    0.306948] random 0000 0000 0000 5f8db4e5 4cfdf2a8: extract_entropy(.. 4 ..)
[    0.306951] random 0000 0000 0000 5f8db4e5 4cfdf2a8: going to reseed nonblocking with 64 bits (32 of 0 requested)
[    0.306953] random 0000 0000 0000 5f8db4e5 4cfdf2a8: extract_entropy(.. 8 ..)
[    0.306955] random 0000 0000 0000 5f8db4e5 4cfdf2a8: trying to extract 64 bits from input
[    0.306957] random 0000 0000 0000 5f8db4e5 4cfdf2a8: debiting 0 entropy credits from input
[    0.306959] random 0000 0000 0000 5f8db4e5 4cfdf2a8: extract_entropy account returned: 0 
[    0.306962] random 0000 0000 0000 5f8db4e5 4cfdf2a8: urand_change_num 5 xfer_secondary_pool(4): pool_sig fffffb64, data_sig 00000000, bytes_mixed 0 5f8db4e5 4cfdf2a8
[    0.306965] random 0000 0000 0000 5f8db4e5 4cfdf2a8: trying to extract 32 bits from nonblocking
[    0.306968] random 0000 0000 0000 5f8db4e5 4cfdf2a8: debiting 32 entropy credits from nonblocking (unlimited)
[    0.306970] random 0000 0000 0000 5f8db4e5 4cfdf2a8: extract_entropy account returned: 4 
[    0.306974] random 0000 0000 0000 5f8db4e5 4cfdf2a8: urand_change_num 6 extract_buf: pool_sig fffffb64, data_sig 00000241, bytes_mixed 20 5f8db4e5 4cfdf2a8
[    0.306984] IP route cache hash table entries: 32768 (order: 5, 131072 bytes)
[    0.307112] RANDOM - __random32 called. Change num 8.  Value: 2b39e0a2	996a1017	a86cfe5
[    0.307114] RANDOM - random32 called.  Value: 2b39e0a2	996a1017	a86cfe5
[    0.307125] RANDOM - __random32 called. Change num 9.  Value: 9e0a22e5	96a1017e	9fcbd616
[    0.307126] RANDOM - random32 called.  Value: 9e0a22e5	96a1017e	9fcbd616
[    0.307128] RANDOM - __random32 called. Change num 10.  Value: a22e5b4a	6a1017e6	ac2c32ac
[    0.307130] RANDOM - random32 called.  Value: a22e5b4a	6a1017e6	ac2c32ac
[    0.307140] RANDOM - __random32 called. Change num 11.  Value: e5b4ad28	a1017e61	6559a9b4
[    0.307142] RANDOM - random32 called.  Value: e5b4ad28	a1017e61	6559a9b4
[    0.307152] TCP established hash table entries: 131072 (order: 8, 1048576 bytes)
[    0.307641] TCP bind hash table entries: 65536 (order: 6, 262144 bytes)
[    0.307827] TCP: Hash tables configured (established 131072 bind 65536)
[    0.307918] TCP reno registered
[    0.308013] NET: Registered protocol family 1
[    0.308124] RPC: Registered udp transport module.
[    0.308208] RPC: Registered tcp transport module.
[    0.308293] RPC: Registered tcp NFSv4.1 backchannel transport module.
[    0.308384] pci 0000:00:02.0: Boot video device
[    0.308598] Simple Boot Flag at 0x35 set to 0x1
[    0.309149] highmem bounce pool size: 64 pages
[    0.310635] VFS: Disk quotas dquot_6.5.2
[    0.310759] Dquot-cache hash table entries: 1024 (order 0, 4096 bytes)
[    0.311499] NTFS driver 2.1.29 [Flags: R/W].
[    0.311672] ROMFS MTD (C) 2007 Red Hat, Inc.
[    0.311890] JFS: nTxBlock = 7695, nTxLock = 61562
[    0.314346] SGI XFS with ACLs, security attributes, large block/inode numbers, no debug enabled
[    0.314826] SGI XFS Quota Management subsystem
[    0.315123] Slow work thread pool: Starting up
[    0.315217] Slow work thread pool: Ready
[    0.315301] GFS2 (built May 24 2013 02:47:17) installed
[    0.315387] msgmni has been set to 1734
[    0.315557] alg: No test for cipher_null (cipher_null-generic)
[    0.315662] alg: No test for ecb(cipher_null) (ecb-cipher_null)
[    0.315757] alg: No test for digest_null (digest_null-generic)
[    0.315848] alg: No test for compress_null (compress_null-generic)
[    0.316398] alg: No test for fcrypt (fcrypt-generic)
[    0.317804] alg: No test for stdrng (krng)
[    0.317913] async_tx: api initialized (async)
[    0.318059] Block layer SCSI generic (bsg) driver version 0.4 loaded (major 254)
[    0.318177] io scheduler noop registered
[    0.318260] io scheduler anticipatory registered
[    0.318340] io scheduler deadline registered
[    0.318461] io scheduler cfq registered (default)
[    0.318704] pcieport 0000:00:1c.0: irq 24 for MSI/MSI-X
[    0.318721] pcieport 0000:00:1c.0: setting latency timer to 64
[    0.318926] pcieport 0000:00:1c.1: irq 25 for MSI/MSI-X
[    0.318936] pcieport 0000:00:1c.1: setting latency timer to 64
[    0.319117] pcieport 0000:00:1c.2: irq 26 for MSI/MSI-X
[    0.319129] pcieport 0000:00:1c.2: setting latency timer to 64
[    0.319305] pcieport 0000:00:1c.3: irq 27 for MSI/MSI-X
[    0.319316] pcieport 0000:00:1c.3: setting latency timer to 64
[    0.319503] pcieport 0000:00:1c.4: irq 28 for MSI/MSI-X
[    0.319515] pcieport 0000:00:1c.4: setting latency timer to 64
[    0.319658] pci_hotplug: PCI Hot Plug PCI Core version: 0.5
[    0.319848] isapnp: Scanning for PnP cards...
[    0.680392] isapnp: No Plug & Play device found
[    0.680476] random 0000 0000 0000 5f8db4e5 4cfdf2a8: initializing
[    0.680478] RANDOM init_std_data for input now value: 1370000055680479270
[    0.680480] RANDOM init_std_data for blocking now value: 1370000055680481305
[    0.680482] RANDOM init_std_data for nonblocking now value: 1370000055680483084
[    0.700065] Serial: 8250/16550 driver, 4 ports, IRQ sharing enabled
[    3.710714] floppy0: no floppy controllers found
[    3.711662] brd: module loaded
[    3.712164] loop: module loaded
[    3.712252] Compaq SMART2 Driver (v 2.6.0)
[    3.712367] HP CISS Driver (v 3.6.20)
[    3.712602] input: Macintosh mouse button emulation as /devices/virtual/input/input0
[    3.712738] Uniform Multi-Platform E-IDE driver
[    3.712953] piix 0000:00:1f.1: IDE controller (0x8086:0x2850 rev 0x03)
[    3.713054] pci 0000:00:1f.1: PCI INT C -> GSI 16 (level, low) -> IRQ 16
[    3.713155] piix 0000:00:1f.1: IDE port disabled
[    3.713252] piix 0000:00:1f.1: not 100% native mode: will probe irqs later
[    3.713343]     ide0: BM-DMA at 0x1c00-0x1c07
[    3.714092] Probing IDE interface ide0...
[    4.385904] hda: HL-DT-ST DVDRAM GSA-U10N, ATAPI CD/DVD-ROM drive
[    4.691702] hda: host max PIO4 wanted PIO255(auto-tune) selected PIO4
[    4.692474] hda: UDMA/33 mode selected
[    4.692944] ide0 at 0x1f0-0x1f7,0x3f6 on irq 14
[    4.696832] ide-gd driver 1.18
[    4.696932] ide-cd driver 5.00
[    4.698313] random 0000 0000 0000 00000000 00000000: add_disk_randomness(0:0) 00000000 00000000
[    4.698318] random 0000 0000 0000 00000000 00000000: add_timer_randomness(.. 256) with jiffies: 17528861815402626682, cycles: -917882262601596919
[    4.698321] random 0000 0000 0000 00000000 00000000: added 11 entropy credits to input
[    4.698324] ide-cd: hda: ATAPI 24X DVD-ROM DVD-R/RAM CD-R/RW drive, 2048kB Cache
[    4.698719] Uniform CD-ROM driver Revision: 3.20
[    4.701585] random 0011 0000 0000 00000000 00000000: add_disk_randomness(0:0) 00000000 00000000
[    4.701588] random 0011 0000 0000 00000000 00000000: add_timer_randomness(.. 256) with jiffies: 17558296729520668285, cycles: -888447348483555319
[    4.701591] random 0011 0000 0000 00000000 00000000: added 1 entropy credits to input
[    4.701594] random 0012 0000 0000 00000000 00000000: add_disk_randomness(0:0) 00000000 00000000
[    4.701596] random 0012 0000 0000 00000000 00000000: add_timer_randomness(.. 256) with jiffies: 17558373033909649021, cycles: -888371044094574583
[    4.703585] random 0012 0000 0000 00000000 00000000: add_disk_randomness(0:0) 00000000 00000000
[    4.703588] random 0012 0000 0000 00000000 00000000: add_timer_randomness(.. 256) with jiffies: 17576289773452754559, cycles: -870454304551469047
[    4.703590] random 0012 0000 0000 00000000 00000000: added 1 entropy credits to input
[    4.703593] random 0013 0000 0000 00000000 00000000: add_disk_randomness(0:0) 00000000 00000000
[    4.703596] random 0013 0000 0000 00000000 00000000: add_timer_randomness(.. 256) with jiffies: 17576364948265336447, cycles: -870379129738887159
[    4.705583] random 0013 0000 0000 00000000 00000000: add_disk_randomness(0:0) 00000000 00000000
[    4.705585] random 0013 0000 0000 00000000 00000000: add_timer_randomness(.. 256) with jiffies: 17594262025448160897, cycles: -852482052556062711
[    4.705588] random 0013 0000 0000 00000000 00000000: added 1 entropy credits to input
[    4.705591] random 0014 0000 0000 00000000 00000000: add_disk_randomness(0:0) 00000000 00000000
[    4.705593] random 0014 0000 0000 00000000 00000000: add_timer_randomness(.. 256) with jiffies: 17594335173036179073, cycles: -852408904968044535
[    4.705863] Loading iSCSI transport class v2.0-870.
[    4.706149] rdac: device handler registered
[    4.706227] hp_sw: device handler registered
[    4.706308] emc: device handler registered
[    4.706386] alua: device handler registered
[    4.707365] Adaptec aacraid driver 1.1-5[2461]-ms
[    4.707790] scsi: <fdomain> Detection failed (no card)
[    4.707879] sym53c416.c: Version 1.0.0-ac
[    4.707982] qlogicfas: no cards were found, please specify I/O address and IRQ using iobase= and irq= options
[    4.708096] QLogic Fibre Channel HBA Driver: 8.03.01-k6
[    4.708301] iscsi: registered transport (qla4xxx)
[    4.708414] QLogic iSCSI HBA Driver
[    4.708497] Emulex LightPulse Fibre Channel SCSI driver 8.3.4
[    4.708579] Copyright(c) 2004-2009 Emulex.  All rights reserved.
[    4.730685] Failed initialization of WD-7000 SCSI card!
[    4.819816] DC390: clustering now enabled by default. If you get problems load
[    4.819931]        with "disable_clustering=1" and report to maintainers
[    4.820059] megaraid cmm: 2.20.2.7 (Release Date: Sun Jul 16 00:01:03 EST 2006)
[    4.820210] megaraid: 2.20.5.1 (Release Date: Thu Nov 16 15:32:35 EST 2006)
[    4.820313] megasas: 00.00.04.01 Thu July 24 11:41:51 PST 2008
[    4.820439] GDT-HA: Storage RAID Controller Driver. Version: 3.05
[    4.820578] 3ware Storage Controller device driver for Linux v1.26.02.002.
[    4.820685] 3ware 9000 Storage Controller device driver for Linux v2.26.02.012.
[    4.820820] nsp32: loading...
[    4.820917] ipr: IBM Power RAID SCSI Device Driver version: 2.4.3 (June 10, 2009)
[    4.821055] RocketRAID 3xxx/4xxx Controller driver v1.6 (090910)
[    4.821160] stex: Promise SuperTrak EX Driver version: 4.6.0000.3
[    4.821283] st: Version 20081215, fixed bufsize 32768, s/g segs 256
[    4.821463] ahci 0000:00:1f.2: version 3.0
[    4.821481] ahci 0000:00:1f.2: PCI INT B -> GSI 16 (level, low) -> IRQ 16
[    4.821603] ahci 0000:00:1f.2: irq 29 for MSI/MSI-X
[    4.821682] ahci 0000:00:1f.2: AHCI 0001.0100 32 slots 3 ports 1.5 Gbps 0x5 impl SATA mode
[    4.821802] ahci 0000:00:1f.2: flags: 64bit ncq sntf pm led clo pio slum part ccc 
[    4.821924] ahci 0000:00:1f.2: setting latency timer to 64
[    4.822067] scsi2 : ahci
[    4.822216] scsi3 : ahci
[    4.822353] scsi4 : ahci
[    4.822514] ata1: SATA max UDMA/133 abar m2048@0xfe226000 port 0xfe226100 irq 29
[    4.822627] ata2: DUMMY
[    4.822733] ata3: SATA max UDMA/133 abar m2048@0xfe226000 port 0xfe226200 irq 29
[    4.823324] I2O subsystem v1.325
[    4.823401] i2o: max drivers = 8
[    4.823550] I2O Configuration OSM v1.323
[    4.823644] I2O Bus Adapter OSM v1.317
[    4.823758] I2O Block Device OSM v1.325
[    4.823898] I2O SCSI Peripheral OSM v1.316
[    4.823999] I2O ProcFS OSM v1.316
[    4.824094] Fusion MPT base driver 3.04.12
[    4.824183] Copyright (c) 1999-2008 LSI Corporation
[    4.824270] Fusion MPT SPI Host driver 3.04.12
[    4.824372] Fusion MPT FC Host driver 3.04.12
[    4.824479] Fusion MPT SAS Host driver 3.04.12
[    4.824622] ohci1394 0000:15:00.1: PCI INT B -> GSI 17 (level, low) -> IRQ 17
[    4.824731] ohci1394 0000:15:00.1: setting latency timer to 64
[    4.878702] ohci1394: fw-host0: OHCI-1394 1.1 (PCI): IRQ=[17]  MMIO=[f8301000-f83017ff]  Max Packet=[2048]  IR/IT contexts=[4/4]
[    4.881965] ehci_hcd: USB 2.0 'Enhanced' Host Controller (EHCI) Driver
[    4.882232] ehci_hcd 0000:00:1a.7: power state changed by ACPI to D0
[    4.882522] ehci_hcd 0000:00:1a.7: power state changed by ACPI to D0
[    4.882616] ehci_hcd 0000:00:1a.7: PCI INT C -> GSI 22 (level, low) -> IRQ 22
[    4.882717] ehci_hcd 0000:00:1a.7: setting latency timer to 64
[    4.882722] ehci_hcd 0000:00:1a.7: EHCI Host Controller
[    4.882854] ehci_hcd 0000:00:1a.7: new USB bus registered, assigned bus number 1
[    4.886903] ehci_hcd 0000:00:1a.7: cache line size of 32 is not supported
[    4.886910] ehci_hcd 0000:00:1a.7: irq 22, io mem 0xfe226c00
[    4.896662] ehci_hcd 0000:00:1a.7: USB 2.0 started, EHCI 1.00
[    4.896759] usb usb1: New USB device found, idVendor=1d6b, idProduct=0002
[    4.896848] usb usb1: New USB device strings: Mfr=3, Product=2, SerialNumber=1
[    4.896960] usb usb1: Product: EHCI Host Controller
[    4.897040] usb usb1: Manufacturer: Linux 2.6.32.57 ehci_hcd
[    4.897120] usb usb1: SerialNumber: 0000:00:1a.7
[    4.897257] usb usb1: configuration #1 chosen from 1 choice
[    4.897384] hub 1-0:1.0: USB hub found
[    4.897481] hub 1-0:1.0: 4 ports detected
[    4.897772] ehci_hcd 0000:00:1d.7: power state changed by ACPI to D0
[    4.898056] ehci_hcd 0000:00:1d.7: power state changed by ACPI to D0
[    4.898145] ehci_hcd 0000:00:1d.7: PCI INT D -> GSI 19 (level, low) -> IRQ 19
[    4.898234] ehci_hcd 0000:00:1d.7: setting latency timer to 64
[    4.898239] ehci_hcd 0000:00:1d.7: EHCI Host Controller
[    4.898368] ehci_hcd 0000:00:1d.7: new USB bus registered, assigned bus number 2
[    4.898522] ehci_hcd 0000:00:1d.7: debug port 1
[    4.902494] ehci_hcd 0000:00:1d.7: cache line size of 32 is not supported
[    4.902503] ehci_hcd 0000:00:1d.7: irq 19, io mem 0xfe227000
[    4.912662] ehci_hcd 0000:00:1d.7: USB 2.0 started, EHCI 1.00
[    4.912754] usb usb2: New USB device found, idVendor=1d6b, idProduct=0002
[    4.912836] usb usb2: New USB device strings: Mfr=3, Product=2, SerialNumber=1
[    4.912949] usb usb2: Product: EHCI Host Controller
[    4.913034] usb usb2: Manufacturer: Linux 2.6.32.57 ehci_hcd
[    4.913115] usb usb2: SerialNumber: 0000:00:1d.7
[    4.913250] usb usb2: configuration #1 chosen from 1 choice
[    4.913358] hub 2-0:1.0: USB hub found
[    4.913440] hub 2-0:1.0: 6 ports detected
[    4.913616] 116x: driver isp116x-hcd, 03 Nov 2005
[    4.913726] ohci_hcd: USB 1.1 'Open' Host Controller (OHCI) Driver
[    4.913833] uhci_hcd: USB Universal Host Controller Interface driver
[    4.913932] uhci_hcd 0000:00:1a.0: PCI INT A -> GSI 20 (level, low) -> IRQ 20
[    4.914031] uhci_hcd 0000:00:1a.0: setting latency timer to 64
[    4.914036] uhci_hcd 0000:00:1a.0: UHCI Host Controller
[    4.914153] uhci_hcd 0000:00:1a.0: new USB bus registered, assigned bus number 3
[    4.914293] uhci_hcd 0000:00:1a.0: irq 20, io base 0x00001860
[    4.914400] usb usb3: New USB device found, idVendor=1d6b, idProduct=0001
[    4.914493] usb usb3: New USB device strings: Mfr=3, Product=2, SerialNumber=1
[    4.914608] usb usb3: Product: UHCI Host Controller
[    4.914700] usb usb3: Manufacturer: Linux 2.6.32.57 uhci_hcd
[    4.914786] usb usb3: SerialNumber: 0000:00:1a.0
[    4.914915] usb usb3: configuration #1 chosen from 1 choice
[    4.915028] hub 3-0:1.0: USB hub found
[    4.915110] hub 3-0:1.0: 2 ports detected
[    4.915395] uhci_hcd 0000:00:1a.1: power state changed by ACPI to D0
[    4.915619] uhci_hcd 0000:00:1a.1: power state changed by ACPI to D0
[    4.915712] uhci_hcd 0000:00:1a.1: PCI INT B -> GSI 21 (level, low) -> IRQ 21
[    4.915801] uhci_hcd 0000:00:1a.1: setting latency timer to 64
[    4.915806] uhci_hcd 0000:00:1a.1: UHCI Host Controller
[    4.915930] uhci_hcd 0000:00:1a.1: new USB bus registered, assigned bus number 4
[    4.916083] uhci_hcd 0000:00:1a.1: irq 21, io base 0x00001880
[    4.916201] usb usb4: New USB device found, idVendor=1d6b, idProduct=0001
[    4.916302] usb usb4: New USB device strings: Mfr=3, Product=2, SerialNumber=1
[    4.916421] usb usb4: Product: UHCI Host Controller
[    4.916501] usb usb4: Manufacturer: Linux 2.6.32.57 uhci_hcd
[    4.916586] usb usb4: SerialNumber: 0000:00:1a.1
[    4.916731] usb usb4: configuration #1 chosen from 1 choice
[    4.916843] hub 4-0:1.0: USB hub found
[    4.916934] hub 4-0:1.0: 2 ports detected
[    4.917231] uhci_hcd 0000:00:1d.0: power state changed by ACPI to D0
[    4.917522] uhci_hcd 0000:00:1d.0: power state changed by ACPI to D0
[    4.917613] uhci_hcd 0000:00:1d.0: PCI INT A -> GSI 16 (level, low) -> IRQ 16
[    4.917717] uhci_hcd 0000:00:1d.0: setting latency timer to 64
[    4.917720] uhci_hcd 0000:00:1d.0: UHCI Host Controller
[    4.917848] uhci_hcd 0000:00:1d.0: new USB bus registered, assigned bus number 5
[    4.917989] uhci_hcd 0000:00:1d.0: irq 16, io base 0x000018a0
[    4.918100] usb usb5: New USB device found, idVendor=1d6b, idProduct=0001
[    4.918189] usb usb5: New USB device strings: Mfr=3, Product=2, SerialNumber=1
[    4.918302] usb usb5: Product: UHCI Host Controller
[    4.918386] usb usb5: Manufacturer: Linux 2.6.32.57 uhci_hcd
[    4.918472] usb usb5: SerialNumber: 0000:00:1d.0
[    4.918598] usb usb5: configuration #1 chosen from 1 choice
[    4.918718] hub 5-0:1.0: USB hub found
[    4.918799] hub 5-0:1.0: 2 ports detected
[    4.918935] uhci_hcd 0000:00:1d.1: PCI INT B -> GSI 17 (level, low) -> IRQ 17
[    4.919026] uhci_hcd 0000:00:1d.1: setting latency timer to 64
[    4.919031] uhci_hcd 0000:00:1d.1: UHCI Host Controller
[    4.919151] uhci_hcd 0000:00:1d.1: new USB bus registered, assigned bus number 6
[    4.919286] uhci_hcd 0000:00:1d.1: irq 17, io base 0x000018c0
[    4.919400] usb usb6: New USB device found, idVendor=1d6b, idProduct=0001
[    4.919486] usb usb6: New USB device strings: Mfr=3, Product=2, SerialNumber=1
[    4.919604] usb usb6: Product: UHCI Host Controller
[    4.919689] usb usb6: Manufacturer: Linux 2.6.32.57 uhci_hcd
[    4.919776] usb usb6: SerialNumber: 0000:00:1d.1
[    4.919909] usb usb6: configuration #1 chosen from 1 choice
[    4.920022] hub 6-0:1.0: USB hub found
[    4.920108] hub 6-0:1.0: 2 ports detected
[    4.920388] uhci_hcd 0000:00:1d.2: power state changed by ACPI to D0
[    4.920631] uhci_hcd 0000:00:1d.2: power state changed by ACPI to D0
[    4.920727] uhci_hcd 0000:00:1d.2: PCI INT C -> GSI 18 (level, low) -> IRQ 18
[    4.920817] uhci_hcd 0000:00:1d.2: setting latency timer to 64
[    4.920822] uhci_hcd 0000:00:1d.2: UHCI Host Controller
[    4.920940] uhci_hcd 0000:00:1d.2: new USB bus registered, assigned bus number 7
[    4.921083] uhci_hcd 0000:00:1d.2: irq 18, io base 0x000018e0
[    4.921198] usb usb7: New USB device found, idVendor=1d6b, idProduct=0001
[    4.921288] usb usb7: New USB device strings: Mfr=3, Product=2, SerialNumber=1
[    4.921404] usb usb7: Product: UHCI Host Controller
[    4.921483] usb usb7: Manufacturer: Linux 2.6.32.57 uhci_hcd
[    4.922227] usb usb7: SerialNumber: 0000:00:1d.2
[    4.922356] usb usb7: configuration #1 chosen from 1 choice
[    4.922469] hub 7-0:1.0: USB hub found
[    4.922550] hub 7-0:1.0: 2 ports detected
[    4.922717] sl811: driver sl811-hcd, 19 May 2005
[    4.922814] r8a66597_hcd: driver r8a66597_hcd, 2009-05-26
[    4.922974] Initializing USB Mass Storage driver...
[    4.923091] usbcore: registered new interface driver usb-storage
[    4.923171] USB Mass Storage support registered.
[    4.923275] usbcore: registered new interface driver ums-alauda
[    4.923376] usbcore: registered new interface driver ums-cypress
[    4.923483] usbcore: registered new interface driver ums-datafab
[    4.923591] usbcore: registered new interface driver ums-freecom
[    4.923697] usbcore: registered new interface driver ums-isd200
[    4.923802] usbcore: registered new interface driver ums-jumpshot
[    4.923902] usbcore: registered new interface driver ums-karma
[    4.924004] usbcore: registered new interface driver ums-onetouch
[    4.924107] usbcore: registered new interface driver ums-sddr09
[    4.924205] usbcore: registered new interface driver ums-sddr55
[    4.924307] usbcore: registered new interface driver ums-usbat
[    4.924454] PNP: PS/2 Controller [PNP0303:KBD,PNP0f13:MOU] at 0x60,0x64 irq 1,12
[    4.933158] serio: i8042 KBD port at 0x60,0x64 irq 1
[    4.933243] serio: i8042 AUX port at 0x60,0x64 irq 12
[    4.933484] mice: PS/2 mouse device common for all mice
[    4.933593] i2c /dev entries driver
[    4.933737] md: linear personality registered for level -1
[    4.933821] md: raid0 personality registered for level 0
[    4.933911] md: raid1 personality registered for level 1
[    4.933991] md: raid10 personality registered for level 10
[    4.934072] md: raid6 personality registered for level 6
[    4.934151] md: raid5 personality registered for level 5
[    4.934233] md: raid4 personality registered for level 4
[    4.934330] md: multipath personality registered for level -4
[    4.934511] device-mapper: ioctl: 4.15.0-ioctl (2009-04-01) initialised: dm-devel@redhat.com
[    4.934722] cpuidle: using governor ladder
[    4.935300] usbcore: registered new interface driver usbhid
[    4.935382] usbhid: v2.6:USB HID core driver
[    4.935544] random 0014 0000 0000 00000000 00000000: rand_read_num 4 get_random_bytes(136): sig 00000000 00000000 00000000
[    4.935547] random 0014 0000 0000 00000000 00000000: extract_entropy(.. 136 ..)
[    4.935549] random 0014 0000 0000 00000000 00000000: going to reseed nonblocking with 1024 bits (1088 of 0 requested)
[    4.935552] random 0014 0000 0000 00000000 00000000: extract_entropy(.. 128 ..)
[    4.935554] random 0014 0000 0000 00000000 00000000: trying to extract 1024 bits from input
[    4.935556] random 0014 0000 0000 00000000 00000000: debiting 0 entropy credits from input
[    4.935558] random 0014 0000 0000 00000000 00000000: extract_entropy account returned: 0 
[    4.935561] random 0014 0000 0000 00000000 00000000: urand_change_num 7 xfer_secondary_pool(136): pool_sig 00000000, data_sig 00000000, bytes_mixed 0 00000000 00000000
[    4.935564] random 0014 0000 0000 00000000 00000000: trying to extract 1088 bits from nonblocking
[    4.935566] random 0014 0000 0000 00000000 00000000: debiting 1088 entropy credits from nonblocking (unlimited)
[    4.935569] random 0014 0000 0000 00000000 00000000: extract_entropy account returned: 136 
[    4.935573] random 0014 0000 0000 00000000 00000000: urand_change_num 8 extract_buf: pool_sig 00000000, data_sig fffffff9, bytes_mixed 20 00000000 00000000
[    4.935578] random 0014 0000 0000 b7c35b56 be4dc95d: urand_change_num 9 extract_buf: pool_sig fffffd1e, data_sig 000000c5, bytes_mixed 20 b7c35b56 be4dc95d
[    4.935584] random 0014 0000 0000 ed9f5c47 c48487fb: urand_change_num 10 extract_buf: pool_sig fffff8ec, data_sig ffffff68, bytes_mixed 20 ed9f5c47 c48487fb
[    4.935589] random 0014 0000 0000 ed9f5c47 c48487fb: urand_change_num 11 extract_buf: pool_sig fffffaed, data_sig 000001aa, bytes_mixed 20 ed9f5c47 c48487fb
[    4.935594] random 0014 0000 0000 1b4f7c0a 91bd6a48: urand_change_num 12 extract_buf: pool_sig fffffdd8, data_sig 00000064, bytes_mixed 20 1b4f7c0a 91bd6a48
[    4.935600] random 0014 0000 0000 a254b9bc 20e9a24f: urand_change_num 13 extract_buf: pool_sig fffffbe6, data_sig 000001dd, bytes_mixed 20 a254b9bc 20e9a24f
[    4.935605] random 0014 0000 0000 a254b9bc 20e9a24f: urand_change_num 14 extract_buf: pool_sig fffff940, data_sig fffffe20, bytes_mixed 20 a254b9bc 20e9a24f
[    4.935610] random 0014 0000 0000 2831a66b 5fa2a3ad: urand_change_num 15 extract_buf: pool_sig fffffbce, data_sig 0000007e, bytes_mixed 20 2831a66b 5fa2a3ad
[    4.935615] random 0014 0000 0000 2831a66b 5fa2a3ad: urand_change_num 16 extract_buf: pool_sig 000004df, data_sig fffffe8f, bytes_mixed 20 2831a66b 5fa2a3ad
[    4.935621] random 0014 0000 0000 d4512bfd c9a54e0b: urand_change_num 17 extract_buf: pool_sig 00000485, data_sig fffffe68, bytes_mixed 20 d4512bfd c9a54e0b
[    4.935626] random 0014 0000 0000 c7371be6 f9ffea11: urand_change_num 18 extract_buf: pool_sig 00000095, data_sig ffffffed, bytes_mixed 20 c7371be6 f9ffea11
[    4.935631] random 0014 0000 0000 c7371be6 f9ffea11: urand_change_num 19 extract_buf: pool_sig 000003a7, data_sig fffffefa, bytes_mixed 20 c7371be6 f9ffea11
[    4.935636] random 0014 0000 0000 8fb4b62c d1ddba54: urand_change_num 20 extract_buf: pool_sig 00000179, data_sig ffffff78, bytes_mixed 20 8fb4b62c d1ddba54
[    4.935641] random 0014 0000 0000 9ff19f9c c07a1d2a: urand_change_num 21 extract_buf: pool_sig fffffe88, data_sig 00000126, bytes_mixed 20 9ff19f9c c07a1d2a
[    4.935646] TCP cubic registered
[    4.935740] Initializing XFRM netlink socket
[    4.935834] NET: Registered protocol family 17
[    4.935931] Using IPI Shortcut mode
[    4.936014] random 0014 0000 0000 9ff19f9c c07a1d2a: rand_read_num 5 get_random_bytes(8): sig 0000031b 9ff19f9c c07a1d2a
[    4.936016] random 0014 0000 0000 9ff19f9c c07a1d2a: extract_entropy(.. 8 ..)
[    4.936018] random 0014 0000 0000 9ff19f9c c07a1d2a: going to reseed nonblocking with 64 bits (64 of 0 requested)
[    4.936021] random 0014 0000 0000 9ff19f9c c07a1d2a: extract_entropy(.. 8 ..)
[    4.936023] random 0014 0000 0000 9ff19f9c c07a1d2a: trying to extract 64 bits from input
[    4.936025] random 0014 0000 0000 9ff19f9c c07a1d2a: debiting 0 entropy credits from input
[    4.936027] random 0014 0000 0000 9ff19f9c c07a1d2a: extract_entropy account returned: 0 
[    4.936030] random 0014 0000 0000 9ff19f9c c07a1d2a: urand_change_num 22 xfer_secondary_pool(8): pool_sig 0000031b, data_sig 00000000, bytes_mixed 0 9ff19f9c c07a1d2a
[    4.936033] random 0014 0000 0000 9ff19f9c c07a1d2a: trying to extract 64 bits from nonblocking
[    4.936035] random 0014 0000 0000 9ff19f9c c07a1d2a: debiting 64 entropy credits from nonblocking (unlimited)
[    4.936037] random 0014 0000 0000 9ff19f9c c07a1d2a: extract_entropy account returned: 8 
[    4.936041] random 0014 0000 0000 9ff19f9c c07a1d2a: urand_change_num 23 extract_buf: pool_sig 0000031b, data_sig ffffffb3, bytes_mixed 20 9ff19f9c c07a1d2a
[    4.939803] input: AT Translated Set 2 keyboard as /devices/platform/i8042/serio0/input/input1
[    5.127669] ata1: SATA link up 1.5 Gbps (SStatus 113 SControl 300)
[    5.127777] ata3: SATA link down (SStatus 0 SControl 300)
[    5.130418] ata1.00: ACPI cmd ef/02:00:00:00:00:a0 (SET FEATURES) succeeded
[    5.130421] ata1.00: ACPI cmd f5/00:00:00:00:00:a0 (SECURITY FREEZE LOCK) filtered out
[    5.131809] ata1.00: ACPI cmd ef/5f:00:00:00:00:a0 (SET FEATURES) succeeded
[    5.131811] ata1.00: ACPI cmd ef/10:03:00:00:00:a0 (SET FEATURES) filtered out
[    5.133721] ata1.00: ATA-7: ST910021AS, 4.06, max UDMA/100
[    5.133818] ata1.00: 195371568 sectors, multi 16: LBA48 
[    5.135962] ata1.00: ACPI cmd ef/02:00:00:00:00:a0 (SET FEATURES) succeeded
[    5.135965] ata1.00: ACPI cmd f5/00:00:00:00:00:a0 (SECURITY FREEZE LOCK) filtered out
[    5.137355] ata1.00: ACPI cmd ef/5f:00:00:00:00:a0 (SET FEATURES) succeeded
[    5.137357] ata1.00: ACPI cmd ef/10:03:00:00:00:a0 (SET FEATURES) filtered out
[    5.139283] ata1.00: configured for UDMA/100
[    5.149718] scsi 2:0:0:0: Direct-Access     ATA      ST910021AS       4.06 PQ: 0 ANSI: 5
[    5.149996] sd 2:0:0:0: [sda] 195371568 512-byte logical blocks: (100 GB/93.1 GiB)
[    5.150132] sd 2:0:0:0: [sda] Write Protect is off
[    5.150215] sd 2:0:0:0: [sda] Mode Sense: 00 3a 00 00
[    5.150227] sd 2:0:0:0: [sda] Write cache: enabled, read cache: enabled, doesn't support DPO or FUA
[    5.150413]  sda:
[    5.582461] random 0014 0000 0000 277f73c3 42024bb9: add_disk_randomness(8:0) 277f73c3 42024bb9
[    5.582549] random 0014 0000 0000 277f73c3 42024bb9: add_timer_randomness(.. 8388864) with jiffies: 7037311048436384151, cycles: 7037311044141711370
[    5.582552] random 0014 0000 0000 277f73c3 42024bb9: added 11 entropy credits to input
[    5.582556]  sda1 sda2
[    5.583033] random 0025 0000 0000 277f73c3 42024bb9: add_disk_randomness(8:0) 277f73c3 42024bb9
[    5.583036] random 0025 0000 0000 277f73c3 42024bb9: add_timer_randomness(.. 8388864) with jiffies: 7041691876423598488, cycles: 7041691872128925706
[    5.583189] sd 2:0:0:0: [sda] Attached SCSI disk
[    5.583276] random 0025 0000 0000 277f73c3 42024bb9: rand_read_num 6 get_random_bytes(12): sig 000007e9 277f73c3 42024bb9
[    5.583279] random 0025 0000 0000 277f73c3 42024bb9: extract_entropy(.. 12 ..)
[    5.583281] random 0025 0000 0000 277f73c3 42024bb9: going to reseed nonblocking with 96 bits (96 of 0 requested)
[    5.583283] random 0025 0000 0000 277f73c3 42024bb9: extract_entropy(.. 12 ..)
[    5.583286] random 0025 0000 0000 277f73c3 42024bb9: trying to extract 96 bits from input
[    5.583288] random 0025 0000 0000 277f73c3 42024bb9: debiting 0 entropy credits from input
[    5.583290] random 0025 0000 0000 277f73c3 42024bb9: extract_entropy account returned: 0 
[    5.583293] random 0025 0000 0000 277f73c3 42024bb9: urand_change_num 24 xfer_secondary_pool(12): pool_sig 000007e9, data_sig 00000000, bytes_mixed 0 277f73c3 42024bb9
[    5.583296] random 0025 0000 0000 277f73c3 42024bb9: trying to extract 96 bits from nonblocking
[    5.583299] random 0025 0000 0000 277f73c3 42024bb9: debiting 96 entropy credits from nonblocking (unlimited)
[    5.583301] random 0025 0000 0000 277f73c3 42024bb9: extract_entropy account returned: 12 
[    5.583305] random 0025 0000 0000 277f73c3 42024bb9: urand_change_num 25 extract_buf: pool_sig 000007e9, data_sig 00000088, bytes_mixed 20 277f73c3 42024bb9
[    5.583310] random 0025 0000 0000 277f73c3 42024bb9: urand_change_num 26 extract_buf: pool_sig 00000498, data_sig fffffefb, bytes_mixed 20 277f73c3 42024bb9
[    5.583313] RANDOM - __seed init called.
[    5.583314] RANDOM - __seed init called.
[    5.583315] RANDOM - __seed init called.
[    5.583317] RANDOM - __random32 called. Change num 12.  Value: 87f14767	f0d7351	b1e48bd3
[    5.583319] RANDOM - random32_reseed called.  Value: 87f14767	f0d7351	b1e48bd3
[    5.583322] Pid: 1, comm: swapper Not tainted 2.6.32.57 #6
[    5.583407] Call Trace:
[    5.583495]  [<c1923ca4>] ? random32_reseed+0xa0/0xb1
[    5.583585]  [<c1923c04>] ? random32_reseed+0x0/0xb1
[    5.583671]  [<c100111e>] ? do_one_initcall+0x2e/0x180
[    5.583752]  [<c1907265>] ? kernel_init+0xad/0x103
[    5.583834]  [<c19071b8>] ? kernel_init+0x0/0x103
[    5.583914]  [<c1003787>] ? kernel_thread_helper+0x7/0x10
[    5.584433] random 0025 0000 0000 386b4e60 ee4d4880: rand_read_num 7 get_random_bytes(64): sig fffffea5 386b4e60 ee4d4880
[    5.584436] random 0025 0000 0000 386b4e60 ee4d4880: extract_entropy(.. 64 ..)
[    5.584438] random 0025 0000 0000 386b4e60 ee4d4880: going to reseed nonblocking with 512 bits (512 of 0 requested)
[    5.584440] random 0025 0000 0000 386b4e60 ee4d4880: extract_entropy(.. 64 ..)
[    5.584442] random 0025 0000 0000 386b4e60 ee4d4880: trying to extract 512 bits from input
[    5.584445] random 0025 0000 0000 386b4e60 ee4d4880: debiting 0 entropy credits from input
[    5.584447] random 0025 0000 0000 386b4e60 ee4d4880: extract_entropy account returned: 0 
[    5.584450] random 0025 0000 0000 386b4e60 ee4d4880: urand_change_num 27 xfer_secondary_pool(64): pool_sig fffffea5, data_sig 00000000, bytes_mixed 0 386b4e60 ee4d4880
[    5.584453] random 0025 0000 0000 386b4e60 ee4d4880: trying to extract 512 bits from nonblocking
[    5.584455] random 0025 0000 0000 386b4e60 ee4d4880: debiting 512 entropy credits from nonblocking (unlimited)
[    5.584457] random 0025 0000 0000 386b4e60 ee4d4880: extract_entropy account returned: 64 
[    5.584462] random 0025 0000 0000 386b4e60 ee4d4880: urand_change_num 28 extract_buf: pool_sig fffffea5, data_sig 00000173, bytes_mixed 20 386b4e60 ee4d4880
[    5.584467] random 0025 0000 0000 412698f6 0cc8689a: urand_change_num 29 extract_buf: pool_sig 00000122, data_sig ffffff63, bytes_mixed 20 412698f6 0cc8689a
[    5.584473] random 0025 0000 0000 412698f6 0cc8689a: urand_change_num 30 extract_buf: pool_sig 000001f7, data_sig 00000012, bytes_mixed 20 412698f6 0cc8689a
[    5.584478] random 0025 0000 0000 9669941e 06f768b1: urand_change_num 31 extract_buf: pool_sig fffffb5b, data_sig 0000003f, bytes_mixed 20 9669941e 06f768b1
[    5.584483] random 0025 0000 0000 98486520 995551f0: urand_change_num 32 extract_buf: pool_sig fffffb39, data_sig 0000000e, bytes_mixed 20 98486520 995551f0
[    5.584488] random 0025 0000 0000 98486520 995551f0: urand_change_num 33 extract_buf: pool_sig fffffd8d, data_sig 000001a6, bytes_mixed 20 98486520 995551f0
[    5.584494] random 0025 0000 0000 61fc8914 d5882ed2: urand_change_num 34 extract_buf: pool_sig fffffa58, data_sig 0000023e, bytes_mixed 20 61fc8914 d5882ed2
[    5.584524] random 0025 0000 0000 61fc8914 d5882ed2: rand_read_num 8 get_random_bytes(64): sig fffff9ee 61fc8914 d5882ed2
[    5.584527] random 0025 0000 0000 61fc8914 d5882ed2: extract_entropy(.. 64 ..)
[    5.584529] random 0025 0000 0000 61fc8914 d5882ed2: going to reseed nonblocking with 512 bits (512 of 0 requested)
[    5.584531] random 0025 0000 0000 61fc8914 d5882ed2: extract_entropy(.. 64 ..)
[    5.584534] random 0025 0000 0000 61fc8914 d5882ed2: trying to extract 512 bits from input
[    5.584536] random 0025 0000 0000 61fc8914 d5882ed2: debiting 0 entropy credits from input
[    5.584538] random 0025 0000 0000 61fc8914 d5882ed2: extract_entropy account returned: 0 
[    5.584541] random 0025 0000 0000 61fc8914 d5882ed2: urand_change_num 35 xfer_secondary_pool(64): pool_sig fffff9ee, data_sig 00000000, bytes_mixed 0 61fc8914 d5882ed2
[    5.584544] random 0025 0000 0000 61fc8914 d5882ed2: trying to extract 512 bits from nonblocking
[    5.584546] random 0025 0000 0000 61fc8914 d5882ed2: debiting 512 entropy credits from nonblocking (unlimited)
[    5.584548] random 0025 0000 0000 61fc8914 d5882ed2: extract_entropy account returned: 64 
[    5.584552] random 0025 0000 0000 61fc8914 d5882ed2: urand_change_num 36 extract_buf: pool_sig fffff9ee, data_sig ffffff85, bytes_mixed 20 61fc8914 d5882ed2
[    5.584558] random 0025 0000 0000 70cfd302 e5edec11: urand_change_num 37 extract_buf: pool_sig fffffdc1, data_sig ffffffde, bytes_mixed 20 70cfd302 e5edec11
[    5.584563] random 0025 0000 0000 00dab838 eafd2b30: urand_change_num 38 extract_buf: pool_sig 000003da, data_sig ffffff61, bytes_mixed 20 00dab838 eafd2b30
[    5.584568] random 0025 0000 0000 00dab838 eafd2b30: urand_change_num 39 extract_buf: pool_sig 00000314, data_sig 00000121, bytes_mixed 20 00dab838 eafd2b30
[    5.584574] random 0025 0000 0000 5fcdf66a 6442b608: urand_change_num 40 extract_buf: pool_sig 0000028b, data_sig fffffefd, bytes_mixed 20 5fcdf66a 6442b608
[    5.584579] random 0025 0000 0000 61333f6b 8fae0f9b: urand_change_num 41 extract_buf: pool_sig 000000cb, data_sig 000000b3, bytes_mixed 20 61333f6b 8fae0f9b
[    5.584584] random 0025 0000 0000 61333f6b 8fae0f9b: urand_change_num 42 extract_buf: pool_sig fffffef8, data_sig 00000051, bytes_mixed 20 61333f6b 8fae0f9b
[    5.584587] BEGIN NET_SECRET:
[    5.584588] \xffffffe0
[    5.584589] \xffffffb6
[    5.584590] \x36
[    5.584591] \xffffffb5
[    5.584592] \xffffff94
[    5.584592] \xffffffb2
[    5.584593] \xffffffa8
[    5.584594] \xffffffda
[    5.584595] \x5b
[    5.584596] \x19
[    5.584596] \x18
[    5.584597] \x5c
[    5.584598] \x2b
[    5.584599] \x1
[    5.584599] \xffffff90
[    5.584600] \x19
[    5.584601] \x3c
[    5.584602] \xfffffff2
[    5.584602] \xffffff82
[    5.584603] \x2a
[    5.584604] \xffffffb3
[    5.584605] \xffffffa2
[    5.584606] \x3f
[    5.584606] \x5
[    5.584607] \x52
[    5.584608] \x77
[    5.584608] \x57
[    5.584609] \x79
[    5.584610] \x16
[    5.584611] \x43
[    5.584611] \xffffff84
[    5.584612] \xffffffc3
[    5.584613] \xffffffe9
[    5.584614] \x79
[    5.584614] \x50
[    5.584615] \xffffff8e
[    5.584616] \x3f
[    5.584617] \xfffffff3
[    5.584618] \x19
[    5.584618] \x2a
[    5.584619] \xfffffffd
[    5.584620] \xfffffffb
[    5.584621] \x62
[    5.584621] \x3c
[    5.584622] \xffffffac
[    5.584623] \x1c
[    5.584624] \x3b
[    5.584624] \x3b
[    5.584625] \x15
[    5.584626] \x27
[    5.584630] \xffffffa8
[    5.584631] \x22
[    5.584631] \xffffffc5
[    5.584632] \xffffff9a
[    5.584633] \x5
[    5.584634] \x6c
[    5.584634] \xffffffa8
[    5.584635] \x3a
[    5.584636] \x44
[    5.584637] \xffffffaf
[    5.584637] \x13
[    5.584638] \xffffffe0
[    5.584639] \xffffff9d
[    5.584640] \x22
[    5.584641] 
[    5.584641] END NET_SECRET
[    5.584644] random 0025 0000 0000 e7f555d9 e8ce5c3c: rand_read_num 9 get_random_bytes(4): sig 0000068c e7f555d9 e8ce5c3c
[    5.584646] random 0025 0000 0000 e7f555d9 e8ce5c3c: extract_entropy(.. 4 ..)
[    5.584649] random 0025 0000 0000 e7f555d9 e8ce5c3c: going to reseed nonblocking with 64 bits (32 of 0 requested)
[    5.584651] random 0025 0000 0000 e7f555d9 e8ce5c3c: extract_entropy(.. 8 ..)
[    5.584653] random 0025 0000 0000 e7f555d9 e8ce5c3c: trying to extract 64 bits from input
[    5.584655] random 0025 0000 0000 e7f555d9 e8ce5c3c: debiting 0 entropy credits from input
[    5.584657] random 0025 0000 0000 e7f555d9 e8ce5c3c: extract_entropy account returned: 0 
[    5.584660] random 0025 0000 0000 e7f555d9 e8ce5c3c: urand_change_num 43 xfer_secondary_pool(4): pool_sig 0000068c, data_sig 00000000, bytes_mixed 0 e7f555d9 e8ce5c3c
[    5.584663] random 0025 0000 0000 e7f555d9 e8ce5c3c: trying to extract 32 bits from nonblocking
[    5.584666] random 0025 0000 0000 e7f555d9 e8ce5c3c: debiting 32 entropy credits from nonblocking (unlimited)
[    5.584668] random 0025 0000 0000 e7f555d9 e8ce5c3c: extract_entropy account returned: 4 
[    5.584672] random 0025 0000 0000 e7f555d9 e8ce5c3c: urand_change_num 44 extract_buf: pool_sig 0000068c, data_sig fffffdcb, bytes_mixed 20 e7f555d9 e8ce5c3c
[    5.584683] md: Waiting for all devices to be available before autodetect
[    5.584766] md: If you don't use raid, use raid=noautodetect
[    5.584920] md: Autodetecting RAID arrays.
[    5.584999] md: Scanned 0 and added 0 devices.
[    5.585082] md: autorun ...
[    5.585167] md: ... autorun DONE.
[    5.598668] random 0025 0000 0000 e7f555d9 e8ce5c3c: add_disk_randomness(8:0) e7f555d9 e8ce5c3c
[    5.598671] random 0025 0000 0000 e7f555d9 e8ce5c3c: add_timer_randomness(.. 8388864) with jiffies: 7182344586419470760, cycles: 7182344582124797962
[    5.598674] random 0025 0000 0000 e7f555d9 e8ce5c3c: added 3 entropy credits to input
[    5.599794] random 0028 0000 0000 e7f555d9 e8ce5c3c: add_disk_randomness(8:0) e7f555d9 e8ce5c3c
[    5.599797] random 0028 0000 0000 e7f555d9 e8ce5c3c: add_timer_randomness(.. 8388864) with jiffies: 7192477466537722281, cycles: 7192477462243049482
[    5.599909] random 0028 0000 0000 e7f555d9 e8ce5c3c: add_disk_randomness(8:0) e7f555d9 e8ce5c3c
[    5.599912] random 0028 0000 0000 e7f555d9 e8ce5c3c: add_timer_randomness(.. 8388864) with jiffies: 7193515289550225833, cycles: 7193515285255553034
[    5.599917] EXT3-fs: sda2: couldn't mount because of unsupported optional features (240).
[    5.600138] random 0028 0000 0000 e7f555d9 e8ce5c3c: add_disk_randomness(8:0) e7f555d9 e8ce5c3c
[    5.600141] random 0028 0000 0000 e7f555d9 e8ce5c3c: add_timer_randomness(.. 8388864) with jiffies: 7195574739253559721, cycles: 7195574734958886922
[    5.600145] EXT2-fs: sda2: couldn't mount because of unsupported optional features (240).
[    5.600359] random 0028 0000 0000 e7f555d9 e8ce5c3c: add_disk_randomness(8:0) e7f555d9 e8ce5c3c
[    5.600362] random 0028 0000 0000 e7f555d9 e8ce5c3c: add_timer_randomness(.. 8388864) with jiffies: 7197568304158572969, cycles: 7197568299863900170
[    5.600496] random 0028 0000 0000 e7f555d9 e8ce5c3c: add_disk_randomness(8:0) e7f555d9 e8ce5c3c
[    5.600499] random 0028 0000 0000 e7f555d9 e8ce5c3c: add_timer_randomness(.. 8388864) with jiffies: 7198806719323668905, cycles: 7198806715028996106
[    5.600623] random 0028 0000 0000 e7f555d9 e8ce5c3c: add_disk_randomness(8:0) e7f555d9 e8ce5c3c
[    5.600626] random 0028 0000 0000 e7f555d9 e8ce5c3c: add_timer_randomness(.. 8388864) with jiffies: 7199954081182089641, cycles: 7199954076887416842
[    5.600735] random 0028 0000 0000 e7f555d9 e8ce5c3c: add_disk_randomness(8:0) e7f555d9 e8ce5c3c
[    5.600738] random 0028 0000 0000 e7f555d9 e8ce5c3c: add_timer_randomness(.. 8388864) with jiffies: 7200942834193236394, cycles: 7200942829898563594
[    5.600888] random 0028 0000 0000 e7f555d9 e8ce5c3c: add_disk_randomness(8:0) e7f555d9 e8ce5c3c
[    5.600891] random 0028 0000 0000 e7f555d9 e8ce5c3c: add_timer_randomness(.. 8388864) with jiffies: 7202325963986403754, cycles: 7202325959691730954
[    5.601013] random 0028 0000 0000 e7f555d9 e8ce5c3c: add_disk_randomness(8:0) e7f555d9 e8ce5c3c
[    5.601016] random 0028 0000 0000 e7f555d9 e8ce5c3c: add_timer_randomness(.. 8388864) with jiffies: 7203446765767066026, cycles: 7203446761472393226
[    5.601129] random 0028 0000 0000 e7f555d9 e8ce5c3c: add_disk_randomness(8:0) e7f555d9 e8ce5c3c
[    5.601132] random 0028 0000 0000 e7f555d9 e8ce5c3c: add_timer_randomness(.. 8388864) with jiffies: 7204498654797463978, cycles: 7204498650502791178
[    5.601281] random 0028 0000 0000 e7f555d9 e8ce5c3c: add_disk_randomness(8:0) e7f555d9 e8ce5c3c
[    5.601284] random 0028 0000 0000 e7f555d9 e8ce5c3c: add_timer_randomness(.. 8388864) with jiffies: 7205864467282493866, cycles: 7205864462987821066
[    5.601520] random 0028 0000 0000 e7f555d9 e8ce5c3c: rand_read_num 10 get_random_bytes(4): sig ffffff72 e7f555d9 e8ce5c3c
[    5.601522] random 0028 0000 0000 e7f555d9 e8ce5c3c: extract_entropy(.. 4 ..)
[    5.601524] random 0028 0000 0000 e7f555d9 e8ce5c3c: going to reseed nonblocking with 64 bits (32 of 0 requested)
[    5.601527] random 0028 0000 0000 e7f555d9 e8ce5c3c: extract_entropy(.. 8 ..)
[    5.601529] random 0028 0000 0000 e7f555d9 e8ce5c3c: trying to extract 64 bits from input
[    5.601531] random 0028 0000 0000 e7f555d9 e8ce5c3c: debiting 0 entropy credits from input
[    5.601533] random 0028 0000 0000 e7f555d9 e8ce5c3c: extract_entropy account returned: 0 
[    5.601536] random 0028 0000 0000 e7f555d9 e8ce5c3c: urand_change_num 45 xfer_secondary_pool(4): pool_sig ffffff72, data_sig 00000000, bytes_mixed 0 e7f555d9 e8ce5c3c
[    5.601539] random 0028 0000 0000 e7f555d9 e8ce5c3c: trying to extract 32 bits from nonblocking
[    5.601541] random 0028 0000 0000 e7f555d9 e8ce5c3c: debiting 32 entropy credits from nonblocking (unlimited)
[    5.601544] random 0028 0000 0000 e7f555d9 e8ce5c3c: extract_entropy account returned: 4 
[    5.601548] random 0028 0000 0000 e7f555d9 e8ce5c3c: urand_change_num 46 extract_buf: pool_sig ffffff72, data_sig ffffff72, bytes_mixed 20 e7f555d9 e8ce5c3c
[    5.613119] random 0028 0000 0000 91716c54 eeb6a1e7: add_disk_randomness(8:0) 91716c54 eeb6a1e7
[    5.613122] random 0028 0000 0000 91716c54 eeb6a1e7: add_timer_randomness(.. 8388864) with jiffies: 7312362532188684726, cycles: 7312362527894011914
[    5.613124] random 0028 0000 0000 91716c54 eeb6a1e7: added 3 entropy credits to input
[    5.631395] random 0031 0000 0000 91716c54 eeb6a1e7: add_disk_randomness(8:0) 91716c54 eeb6a1e7
[    5.631398] random 0031 0000 0000 91716c54 eeb6a1e7: add_timer_randomness(.. 8388864) with jiffies: 7476797451060085192, cycles: 7476797446765412362
[    5.631401] random 0031 0000 0000 91716c54 eeb6a1e7: added 2 entropy credits to input
[    5.636065] EXT4-fs (sda2): mounted filesystem with ordered data mode
[    5.636251] VFS: Mounted root (ext4 filesystem) readonly on device 8:2.
[    5.636346] Freeing unused kernel memory: 448k freed
[    5.656547] random 0033 0000 0000 91716c54 eeb6a1e7: add_disk_randomness(8:0) 91716c54 eeb6a1e7
[    5.656550] random 0033 0000 0000 91716c54 eeb6a1e7: add_timer_randomness(.. 8388864) with jiffies: 7703084881155949025, cycles: 7703084876861276170
[    5.657277] random 0033 0000 0000 91716c54 eeb6a1e7: add_disk_randomness(8:0) 91716c54 eeb6a1e7
[    5.657280] random 0033 0000 0000 91716c54 eeb6a1e7: add_timer_randomness(.. 8388864) with jiffies: 7709643811613016546, cycles: 7709643807318343690
[    5.662006] random 0033 0000 0000 91716c54 eeb6a1e7: add_disk_randomness(8:0) 91716c54 eeb6a1e7
[    5.662009] random 0033 0000 0000 91716c54 eeb6a1e7: add_timer_randomness(.. 8388864) with jiffies: 7752190543626207719, cycles: 7752190539331534858
[    5.662012] random 0033 0000 0000 91716c54 eeb6a1e7: added 2 entropy credits to input
[    5.670205] random 0035 0000 0000 91716c54 eeb6a1e7: add_disk_randomness(8:0) 91716c54 eeb6a1e7
[    5.670208] random 0035 0000 0000 91716c54 eeb6a1e7: add_timer_randomness(.. 8388864) with jiffies: 7825956954827358703, cycles: 7825956950532685834
[    5.673632] random 0035 0000 0000 91716c54 eeb6a1e7: add_disk_randomness(8:0) 91716c54 eeb6a1e7
[    5.673635] random 0035 0000 0000 91716c54 eeb6a1e7: add_timer_randomness(.. 8388864) with jiffies: 7856773873457136115, cycles: 7856773869162463242
[    5.673637] random 0035 0000 0000 91716c54 eeb6a1e7: added 2 entropy credits to input
[    5.682523] random 0037 0000 0000 91716c54 eeb6a1e7: add_disk_randomness(8:0) 91716c54 eeb6a1e7
[    5.682526] random 0037 0000 0000 91716c54 eeb6a1e7: add_timer_randomness(.. 8388864) with jiffies: 7936781142722314747, cycles: 7936781138427641866
[    5.682529] random 0037 0000 0000 91716c54 eeb6a1e7: added 2 entropy credits to input
[    5.695801] random 0039 0000 0000 91716c54 eeb6a1e7: add_disk_randomness(8:0) 91716c54 eeb6a1e7
[    5.695804] random 0039 0000 0000 91716c54 eeb6a1e7: add_timer_randomness(.. 8388864) with jiffies: 8056230161818550793, cycles: 8056230157523877898
[    5.695807] random 0039 0000 0000 91716c54 eeb6a1e7: added 1 entropy credits to input
[    5.703881] random 0040 0000 0000 91716c54 eeb6a1e7: add_disk_randomness(8:0) 91716c54 eeb6a1e7
[    5.703884] random 0040 0000 0000 91716c54 eeb6a1e7: add_timer_randomness(.. 8388864) with jiffies: 8128919923502842385, cycles: 8128919919208169482
[    5.703886] random 0040 0000 0000 91716c54 eeb6a1e7: added 2 entropy credits to input
[    5.703909] RANDOM get_random_int call with cycles 44842388052, jiffies 4294672913 and pid 1
[    5.703911] RANDOM get_random_int call with cycles 44842394866, jiffies 4294672913 and pid 1
[    5.703914] ASLR stack rand value: 3014656 after shift for pid: 1
[    5.703915] RANDOM get_random_int call with cycles 44842402657, jiffies 4294672913 and pid 1
[    5.715525] random 0042 0000 0000 91716c54 eeb6a1e7: add_disk_randomness(8:0) 91716c54 eeb6a1e7
[    5.715528] random 0042 0000 0000 91716c54 eeb6a1e7: add_timer_randomness(.. 8388864) with jiffies: 8233689053618995740, cycles: 8233689049324322826
[    5.715531] random 0042 0000 0000 91716c54 eeb6a1e7: added 1 entropy credits to input
[    5.715540] RANDOM get_random_int call with cycles 44866755853, jiffies 4294672924 and pid 1
[    5.715546] random 0043 0000 0000 91716c54 eeb6a1e7: rand_read_num 11 get_random_bytes(16): sig fffffcad 91716c54 eeb6a1e7
[    5.715548] random 0043 0000 0000 91716c54 eeb6a1e7: extract_entropy(.. 16 ..)
[    5.715551] random 0043 0000 0000 91716c54 eeb6a1e7: going to reseed nonblocking with 128 bits (128 of 0 requested)
[    5.715553] random 0043 0000 0000 91716c54 eeb6a1e7: extract_entropy(.. 16 ..)
[    5.715555] random 0043 0000 0000 91716c54 eeb6a1e7: trying to extract 128 bits from input
[    5.715557] random 0043 0000 0000 91716c54 eeb6a1e7: debiting 0 entropy credits from input
[    5.715559] random 0043 0000 0000 91716c54 eeb6a1e7: extract_entropy account returned: 0 
[    5.715563] random 0043 0000 0000 91716c54 eeb6a1e7: urand_change_num 47 xfer_secondary_pool(16): pool_sig fffffcad, data_sig 00000000, bytes_mixed 0 91716c54 eeb6a1e7
[    5.715566] random 0043 0000 0000 91716c54 eeb6a1e7: trying to extract 128 bits from nonblocking
[    5.715568] random 0043 0000 0000 91716c54 eeb6a1e7: debiting 128 entropy credits from nonblocking (unlimited)
[    5.715570] random 0043 0000 0000 91716c54 eeb6a1e7: extract_entropy account returned: 16 
[    5.715575] random 0043 0000 0000 91716c54 eeb6a1e7: urand_change_num 48 extract_buf: pool_sig fffffcad, data_sig ffffff19, bytes_mixed 20 91716c54 eeb6a1e7
[    5.715580] random 0043 0000 0000 fd637b06 6cf47bc1: urand_change_num 49 extract_buf: pool_sig fffffede, data_sig ffffffc1, bytes_mixed 20 fd637b06 6cf47bc1
[    5.716541] random 0043 0000 0000 fd637b06 6cf47bc1: add_disk_randomness(8:0) fd637b06 6cf47bc1
[    5.716545] random 0043 0000 0000 fd637b06 6cf47bc1: add_timer_randomness(.. 8388864) with jiffies: 8242835882260529693, cycles: 8242835877965856778
[    5.717677] random 0043 0000 0000 fd637b06 6cf47bc1: add_disk_randomness(8:0) fd637b06 6cf47bc1
[    5.717680] random 0043 0000 0000 fd637b06 6cf47bc1: add_timer_randomness(.. 8388864) with jiffies: 8253035373026574879, cycles: 8253035368731901962
[    5.718829] random 0043 0000 0000 fd637b06 6cf47bc1: add_disk_randomness(8:0) fd637b06 6cf47bc1
[    5.718832] random 0043 0000 0000 fd637b06 6cf47bc1: add_timer_randomness(.. 8388864) with jiffies: 8263401448394162720, cycles: 8263401444099489802
[    5.719705] random 0043 0000 0000 fd637b06 6cf47bc1: add_disk_randomness(8:0) fd637b06 6cf47bc1
[    5.719708] random 0043 0000 0000 fd637b06 6cf47bc1: add_timer_randomness(.. 8388864) with jiffies: 8271279741264953889, cycles: 8271279736970280970
[    5.728523] random 0043 0000 0000 fd637b06 6cf47bc1: add_disk_randomness(8:0) fd637b06 6cf47bc1
[    5.728526] random 0043 0000 0000 fd637b06 6cf47bc1: add_timer_randomness(.. 8388864) with jiffies: 8350626070897852969, cycles: 8350626066603180042
[    5.728528] random 0043 0000 0000 fd637b06 6cf47bc1: added 2 entropy credits to input
[    5.728726] random 0045 0000 0000 fd637b06 6cf47bc1: add_disk_randomness(8:0) fd637b06 6cf47bc1
[    5.728729] random 0045 0000 0000 fd637b06 6cf47bc1: add_timer_randomness(.. 8388864) with jiffies: 8352442537121382954, cycles: 8352442532826710026
[    5.738910] random 0045 0000 0000 fd637b06 6cf47bc1: add_disk_randomness(8:0) fd637b06 6cf47bc1
[    5.738913] random 0045 0000 0000 fd637b06 6cf47bc1: add_timer_randomness(.. 8388864) with jiffies: 8444072924192408116, cycles: 8444072919897735178
[    5.738916] random 0045 0000 0000 fd637b06 6cf47bc1: added 3 entropy credits to input
[    5.739351] random 0048 0000 0000 fd637b06 6cf47bc1: add_disk_randomness(8:0) fd637b06 6cf47bc1
[    5.739354] random 0048 0000 0000 fd637b06 6cf47bc1: add_timer_randomness(.. 8388864) with jiffies: 8448042152578744884, cycles: 8448042148284071946
[    5.749093] random 0048 0000 0000 fd637b06 6cf47bc1: add_disk_randomness(8:0) fd637b06 6cf47bc1
[    5.749096] random 0048 0000 0000 fd637b06 6cf47bc1: add_timer_randomness(.. 8388864) with jiffies: 8535687213726007870, cycles: 8535687209431334922
[    5.749099] random 0048 0000 0000 fd637b06 6cf47bc1: added 3 entropy credits to input
[    5.749152] RANDOM get_random_int call with cycles 44937159760, jiffies 4294672958 and pid 1
[    5.753696] random 0051 0000 0000 fd637b06 6cf47bc1: add_disk_randomness(8:0) fd637b06 6cf47bc1
[    5.753700] random 0051 0000 0000 fd637b06 6cf47bc1: add_timer_randomness(.. 8388864) with jiffies: 8577095332729160259, cycles: 8577095328434487306
[    5.753702] random 0051 0000 0000 fd637b06 6cf47bc1: added 2 entropy credits to input
[    5.766526] random 0053 0000 0000 fd637b06 6cf47bc1: add_disk_randomness(8:0) fd637b06 6cf47bc1
[    5.766529] random 0053 0000 0000 fd637b06 6cf47bc1: add_timer_randomness(.. 8388864) with jiffies: 8692529034145006159, cycles: 8692529029850333194
[    5.766531] random 0053 0000 0000 fd637b06 6cf47bc1: added 2 entropy credits to input
[    5.766666] random 0055 0000 0000 fd637b06 6cf47bc1: add_disk_randomness(8:0) fd637b06 6cf47bc1
[    5.766669] random 0055 0000 0000 fd637b06 6cf47bc1: add_timer_randomness(.. 8388864) with jiffies: 8693775880330904144, cycles: 8693775876036231178
[    5.768830] random 0055 0000 0000 fd637b06 6cf47bc1: add_disk_randomness(8:0) fd637b06 6cf47bc1
[    5.768833] random 0055 0000 0000 fd637b06 6cf47bc1: add_timer_randomness(.. 8388864) with jiffies: 8713245495364649554, cycles: 8713245491069976586
[    5.769073] random 0055 0000 0000 fd637b06 6cf47bc1: add_disk_randomness(8:0) fd637b06 6cf47bc1
[    5.769076] random 0055 0000 0000 fd637b06 6cf47bc1: add_timer_randomness(.. 8388864) with jiffies: 8715435550728487506, cycles: 8715435546433814538
[    5.769212] random 0055 0000 0000 fd637b06 6cf47bc1: add_disk_randomness(8:0) fd637b06 6cf47bc1
[    5.769215] random 0055 0000 0000 fd637b06 6cf47bc1: add_timer_randomness(.. 8388864) with jiffies: 8716692902404391506, cycles: 8716692898109718538
[    5.772386] random 0055 0000 0000 fd637b06 6cf47bc1: add_disk_randomness(8:0) fd637b06 6cf47bc1
[    5.772389] random 0055 0000 0000 fd637b06 6cf47bc1: add_timer_randomness(.. 8388864) with jiffies: 8745254873009455701, cycles: 8745254868714782730
[    5.772392] random 0055 0000 0000 fd637b06 6cf47bc1: added 1 entropy credits to input
[    5.774395] random 0056 0000 0000 fd637b06 6cf47bc1: add_disk_randomness(8:0) fd637b06 6cf47bc1
[    5.774398] random 0056 0000 0000 fd637b06 6cf47bc1: add_timer_randomness(.. 8388864) with jiffies: 8763322327249945175, cycles: 8763322322955272202
[    5.782268] random 0056 0000 0000 fd637b06 6cf47bc1: add_disk_randomness(8:0) fd637b06 6cf47bc1
[    5.782271] random 0056 0000 0000 fd637b06 6cf47bc1: add_timer_randomness(.. 8388864) with jiffies: 8834151470446903903, cycles: 8834151466152230922
[    5.782273] random 0056 0000 0000 fd637b06 6cf47bc1: added 2 entropy credits to input
[    5.782372] random 0058 0000 0000 fd637b06 6cf47bc1: add_disk_randomness(8:0) fd637b06 6cf47bc1
[    5.782375] random 0058 0000 0000 fd637b06 6cf47bc1: add_timer_randomness(.. 8388864) with jiffies: 8835095173546082911, cycles: 8835095169251409930
[    5.785924] random 0058 0000 0000 fd637b06 6cf47bc1: add_disk_randomness(8:0) fd637b06 6cf47bc1
[    5.785927] random 0058 0000 0000 fd637b06 6cf47bc1: add_timer_randomness(.. 8388864) with jiffies: 8867040869710791267, cycles: 8867040865416118282
[    5.785930] random 0058 0000 0000 fd637b06 6cf47bc1: added 2 entropy credits to input
[    5.790415] random 0060 0000 0000 fd637b06 6cf47bc1: add_disk_randomness(8:0) fd637b06 6cf47bc1
[    5.790419] random 0060 0000 0000 fd637b06 6cf47bc1: add_timer_randomness(.. 8388864) with jiffies: 8907457482628760167, cycles: 8907457478334087178
[    5.796000] random 0060 0000 0000 fd637b06 6cf47bc1: add_disk_randomness(8:0) fd637b06 6cf47bc1
[    5.796003] random 0060 0000 0000 fd637b06 6cf47bc1: add_timer_randomness(.. 8388864) with jiffies: 8957696346450264685, cycles: 8957696342155591690
[    5.796006] random 0060 0000 0000 fd637b06 6cf47bc1: added 1 entropy credits to input
[    5.802276] random 0061 0000 0000 fd637b06 6cf47bc1: add_disk_randomness(8:0) fd637b06 6cf47bc1
[    5.802280] random 0061 0000 0000 fd637b06 6cf47bc1: add_timer_randomness(.. 8388864) with jiffies: 9014165880673370739, cycles: 9014165876378697738
[    5.802290] random 0061 0000 0000 fd637b06 6cf47bc1: rand_read_num 12 get_random_bytes(16): sig 0000033b fd637b06 6cf47bc1
[    5.802293] random 0061 0000 0000 fd637b06 6cf47bc1: extract_entropy(.. 16 ..)
[    5.802295] random 0061 0000 0000 fd637b06 6cf47bc1: going to reseed nonblocking with 128 bits (128 of 0 requested)
[    5.802298] random 0061 0000 0000 fd637b06 6cf47bc1: extract_entropy(.. 16 ..)
[    5.802300] random 0061 0000 0000 fd637b06 6cf47bc1: trying to extract 128 bits from input
[    5.802302] random 0061 0000 0000 fd637b06 6cf47bc1: debiting 0 entropy credits from input
[    5.802304] random 0061 0000 0000 fd637b06 6cf47bc1: extract_entropy account returned: 0 
[    5.802307] random 0061 0000 0000 fd637b06 6cf47bc1: urand_change_num 50 xfer_secondary_pool(16): pool_sig 0000033b, data_sig 00000000, bytes_mixed 0 fd637b06 6cf47bc1
[    5.802310] random 0061 0000 0000 fd637b06 6cf47bc1: trying to extract 128 bits from nonblocking
[    5.802312] random 0061 0000 0000 fd637b06 6cf47bc1: debiting 128 entropy credits from nonblocking (unlimited)
[    5.802315] random 0061 0000 0000 fd637b06 6cf47bc1: extract_entropy account returned: 16 
[    5.802319] random 0061 0000 0000 fd637b06 6cf47bc1: urand_change_num 51 extract_buf: pool_sig 0000033b, data_sig 000000d8, bytes_mixed 20 fd637b06 6cf47bc1
[    5.802324] random 0061 0000 0000 0ec1f012 d4727ca8: urand_change_num 52 extract_buf: pool_sig fffffcf5, data_sig 00000016, bytes_mixed 20 0ec1f012 d4727ca8
[    5.809023] random 0061 0000 0000 45b1d0b1 845a73f7: add_disk_randomness(8:0) 45b1d0b1 845a73f7
[    5.809026] random 0061 0000 0000 45b1d0b1 845a73f7: add_timer_randomness(.. 8388864) with jiffies: 9074857634036417146, cycles: 9074857629741744138
[    5.816249] random 0061 0000 0000 45b1d0b1 845a73f7: add_disk_randomness(8:0) 45b1d0b1 845a73f7
[    5.816252] random 0061 0000 0000 45b1d0b1 845a73f7: add_timer_randomness(.. 8388864) with jiffies: 9139875557632868993, cycles: 9139875553338195978
[    5.824263] random 0061 0000 0000 45b1d0b1 845a73f7: add_disk_randomness(8:0) 45b1d0b1 845a73f7
[    5.824266] random 0061 0000 0000 45b1d0b1 845a73f7: add_timer_randomness(.. 8388864) with jiffies: 9211968636690596489, cycles: 9211968632395923466
[    5.833670] random 0061 0000 0000 45b1d0b1 845a73f7: add_disk_randomness(8:0) 45b1d0b1 845a73f7
[    5.833673] random 0061 0000 0000 45b1d0b1 845a73f7: add_timer_randomness(.. 8388864) with jiffies: 9296596788255097491, cycles: -9150147289749127158
[    5.836816] random 0061 0000 0000 45b1d0b1 845a73f7: add_disk_randomness(8:0) 45b1d0b1 845a73f7
[    5.836819] random 0061 0000 0000 45b1d0b1 845a73f7: add_timer_randomness(.. 8388864) with jiffies: 9324899402965025430, cycles: -9121844675039199222
[    5.836822] random 0061 0000 0000 45b1d0b1 845a73f7: added 1 entropy credits to input
[    5.851084] random 0062 0000 0000 45b1d0b1 845a73f7: add_disk_randomness(8:0) 45b1d0b1 845a73f7
[    5.851088] random 0062 0000 0000 45b1d0b1 845a73f7: add_timer_randomness(.. 8388864) with jiffies: 9453275000484889252, cycles: -8993469077519335414
[    5.851090] random 0062 0000 0000 45b1d0b1 845a73f7: added 3 entropy credits to input
[    5.856478] random 0065 0000 0000 45b1d0b1 845a73f7: add_disk_randomness(8:0) 45b1d0b1 845a73f7
[    5.856481] random 0065 0000 0000 45b1d0b1 845a73f7: add_timer_randomness(.. 8388864) with jiffies: 9501804050710758057, cycles: -8944940027293466614
[    5.856484] random 0065 0000 0000 45b1d0b1 845a73f7: added 2 entropy credits to input
[    5.861652] random 0067 0000 0000 45b1d0b1 845a73f7: add_disk_randomness(8:0) 45b1d0b1 845a73f7
[    5.861655] random 0067 0000 0000 45b1d0b1 845a73f7: add_timer_randomness(.. 8388864) with jiffies: 9548339175254360751, cycles: -8898404902749863926
[    5.869879] random 0067 0000 0000 45b1d0b1 845a73f7: add_disk_randomness(8:0) 45b1d0b1 845a73f7
[    5.869882] random 0067 0000 0000 45b1d0b1 845a73f7: add_timer_randomness(.. 8388864) with jiffies: 9622361781254718135, cycles: -8824382296749506550
[    5.879482] random 0067 0000 0000 45b1d0b1 845a73f7: add_disk_randomness(8:0) 45b1d0b1 845a73f7
[    5.879484] random 0067 0000 0000 45b1d0b1 845a73f7: add_timer_randomness(.. 8388864) with jiffies: 9708761035598168768, cycles: -8737983042406055926
[    5.898988] random 0067 0000 0000 45b1d0b1 845a73f7: add_disk_randomness(8:0) 45b1d0b1 845a73f7
[    5.898991] random 0067 0000 0000 45b1d0b1 845a73f7: add_timer_randomness(.. 8388864) with jiffies: 9884247601106879188, cycles: -8562496476897345526
[    5.898994] random 0067 0000 0000 45b1d0b1 845a73f7: added 3 entropy credits to input
[    5.912270] random 0070 0000 0000 45b1d0b1 845a73f7: add_disk_randomness(8:0) 45b1d0b1 845a73f7
[    5.912273] random 0070 0000 0000 45b1d0b1 845a73f7: add_timer_randomness(.. 8388864) with jiffies: 10003746179830743777, cycles: -8442997898173480950
[    5.912276] random 0070 0000 0000 45b1d0b1 845a73f7: added 2 entropy credits to input
[    5.920292] random 0072 0000 0000 45b1d0b1 845a73f7: add_disk_randomness(8:0) 45b1d0b1 845a73f7
[    5.920295] random 0072 0000 0000 45b1d0b1 845a73f7: add_timer_randomness(.. 8388864) with jiffies: 10075922602728850153, cycles: -8370821475275374582
[    5.920298] random 0072 0000 0000 45b1d0b1 845a73f7: added 1 entropy credits to input
[    5.930302] random 0073 0000 0000 45b1d0b1 845a73f7: add_disk_randomness(8:0) 45b1d0b1 845a73f7
[    5.930305] random 0073 0000 0000 45b1d0b1 845a73f7: add_timer_randomness(.. 8388864) with jiffies: 10165979141983929075, cycles: -8280764936020295670
[    5.930308] random 0073 0000 0000 45b1d0b1 845a73f7: added 1 entropy credits to input
[    5.934870] random 0074 0000 0000 45b1d0b1 845a73f7: add_disk_randomness(8:0) 45b1d0b1 845a73f7
[    5.934873] random 0074 0000 0000 45b1d0b1 845a73f7: add_timer_randomness(.. 8388864) with jiffies: 10207067702535357176, cycles: -8239676375468867574
[    5.934876] random 0074 0000 0000 45b1d0b1 845a73f7: added 2 entropy credits to input
[    5.942229] random 0076 0000 0000 45b1d0b1 845a73f7: add_disk_randomness(8:0) 45b1d0b1 845a73f7
[    5.942232] random 0076 0000 0000 45b1d0b1 845a73f7: add_timer_randomness(.. 8388864) with jiffies: 10273280477443621631, cycles: -8173463600560603126
[    5.942235] random 0076 0000 0000 45b1d0b1 845a73f7: added 1 entropy credits to input
[    5.947474] random 0077 0000 0000 45b1d0b1 845a73f7: add_disk_randomness(8:0) 45b1d0b1 845a73f7
[    5.947477] random 0077 0000 0000 45b1d0b1 845a73f7: add_timer_randomness(.. 8388864) with jiffies: 10320467165705896708, cycles: -8126276912298328054
[    5.947479] random 0077 0000 0000 45b1d0b1 845a73f7: added 1 entropy credits to input
[    5.953914] random 0078 0000 0000 45b1d0b1 845a73f7: add_disk_randomness(8:0) 45b1d0b1 845a73f7
[    5.953917] random 0078 0000 0000 45b1d0b1 845a73f7: add_timer_randomness(.. 8388864) with jiffies: 10378403482800194315, cycles: -8068340595204030454
[    5.953920] random 0078 0000 0000 45b1d0b1 845a73f7: added 1 entropy credits to input
[    5.958971] random 0079 0000 0000 45b1d0b1 845a73f7: add_disk_randomness(8:0) 45b1d0b1 845a73f7
[    5.958974] random 0079 0000 0000 45b1d0b1 845a73f7: add_timer_randomness(.. 8388864) with jiffies: 10423897945357910800, cycles: -8022846132646313974
[    5.958977] random 0079 0000 0000 45b1d0b1 845a73f7: added 1 entropy credits to input
[    5.964872] random 0080 0000 0000 45b1d0b1 845a73f7: add_disk_randomness(8:0) 45b1d0b1 845a73f7
[    5.964875] random 0080 0000 0000 45b1d0b1 845a73f7: add_timer_randomness(.. 8388864) with jiffies: 10476983204265558806, cycles: -7969760873738665974
[    5.974219] random 0080 0000 0000 45b1d0b1 845a73f7: add_disk_randomness(8:0) 45b1d0b1 845a73f7
[    5.974222] random 0080 0000 0000 45b1d0b1 845a73f7: add_timer_randomness(.. 8388864) with jiffies: 10561083809292059423, cycles: -7885660268712165366
[    5.974225] random 0080 0000 0000 45b1d0b1 845a73f7: added 1 entropy credits to input
[    5.979101] random 0081 0000 0000 45b1d0b1 845a73f7: add_disk_randomness(8:0) 45b1d0b1 845a73f7
[    5.979104] random 0081 0000 0000 45b1d0b1 845a73f7: add_timer_randomness(.. 8388864) with jiffies: 10605005961632121636, cycles: -7841738116372103158
[    5.979107] random 0081 0000 0000 45b1d0b1 845a73f7: added 2 entropy credits to input
[    5.986537] random 0083 0000 0000 45b1d0b1 845a73f7: add_disk_randomness(8:0) 45b1d0b1 845a73f7
[    5.986540] random 0083 0000 0000 45b1d0b1 845a73f7: add_timer_randomness(.. 8388864) with jiffies: 10671907997187015467, cycles: -7774836080817209334
[    5.986543] random 0083 0000 0000 45b1d0b1 845a73f7: added 1 entropy credits to input
[    5.992754] random 0084 0000 0000 45b1d0b1 845a73f7: add_disk_randomness(8:0) 45b1d0b1 845a73f7
[    5.992757] random 0084 0000 0000 45b1d0b1 845a73f7: add_timer_randomness(.. 8388864) with jiffies: 10727828248042636082, cycles: -7718915829961588726
[    5.998223] random 0084 0000 0000 45b1d0b1 845a73f7: add_disk_randomness(8:0) 45b1d0b1 845a73f7
[    5.998226] random 0084 0000 0000 45b1d0b1 845a73f7: add_timer_randomness(.. 8388864) with jiffies: 10777038488671585079, cycles: -7669705589332639734
[    5.998228] random 0084 0000 0000 45b1d0b1 845a73f7: added 1 entropy credits to input
[    6.007317] random 0085 0000 0000 45b1d0b1 845a73f7: add_disk_randomness(8:0) 45b1d0b1 845a73f7
[    6.007320] random 0085 0000 0000 45b1d0b1 845a73f7: add_timer_randomness(.. 8388864) with jiffies: 10858859299287565120, cycles: -7587884778716659702
[    6.007323] random 0085 0000 0000 45b1d0b1 845a73f7: added 2 entropy credits to input
[    6.014736] random 0087 0000 0000 45b1d0b1 845a73f7: add_disk_randomness(8:0) 45b1d0b1 845a73f7
[    6.014739] random 0087 0000 0000 45b1d0b1 845a73f7: add_timer_randomness(.. 8388864) with jiffies: 10925594793190589256, cycles: -7521149284813635574
[    6.024417] random 0087 0000 0000 45b1d0b1 845a73f7: add_disk_randomness(8:0) 45b1d0b1 845a73f7
[    6.024421] random 0087 0000 0000 45b1d0b1 845a73f7: add_timer_randomness(.. 8388864) with jiffies: 11012708158861443921, cycles: -7434035919142780918
[    6.035048] random 0087 0000 0000 45b1d0b1 845a73f7: add_disk_randomness(8:0) 45b1d0b1 845a73f7
[    6.035051] random 0087 0000 0000 45b1d0b1 845a73f7: add_timer_randomness(.. 8388864) with jiffies: 11108342585028739932, cycles: -7338401492975484918
[    6.047566] random 0087 0000 0000 45b1d0b1 845a73f7: add_disk_randomness(8:0) 45b1d0b1 845a73f7
[    6.047569] random 0087 0000 0000 45b1d0b1 845a73f7: add_timer_randomness(.. 8388864) with jiffies: 11220975078709363560, cycles: -7225768999294861302
[    6.048776] random 0087 0000 0000 45b1d0b1 845a73f7: add_disk_randomness(8:0) 45b1d0b1 845a73f7
[    6.048779] random 0087 0000 0000 45b1d0b1 845a73f7: add_timer_randomness(.. 8388864) with jiffies: 11231846336720241514, cycles: -7214897741283983350
[    6.048782] random 0087 0000 0000 45b1d0b1 845a73f7: added 1 entropy credits to input
[    6.052789] random 0088 0000 0000 45b1d0b1 845a73f7: add_disk_randomness(8:0) 45b1d0b1 845a73f7
[    6.052792] random 0088 0000 0000 45b1d0b1 845a73f7: add_timer_randomness(.. 8388864) with jiffies: 11267950669329040238, cycles: -7178793408675184630
[    6.052795] random 0088 0000 0000 45b1d0b1 845a73f7: added 1 entropy credits to input
[    6.062135] random 0089 0000 0000 45b1d0b1 845a73f7: add_disk_randomness(8:0) 45b1d0b1 845a73f7
[    6.062138] random 0089 0000 0000 45b1d0b1 845a73f7: add_timer_randomness(.. 8388864) with jiffies: 11352039909872075639, cycles: -7094704168132149238
[    6.062141] random 0089 0000 0000 45b1d0b1 845a73f7: added 1 entropy credits to input
[    6.062520] random 0090 0000 0000 45b1d0b1 845a73f7: add_disk_randomness(8:0) 45b1d0b1 845a73f7
[    6.062522] random 0090 0000 0000 45b1d0b1 845a73f7: add_timer_randomness(.. 8388864) with jiffies: 11355503371499570039, cycles: -7091240706504654838
[    6.078142] random 0090 0000 0000 45b1d0b1 845a73f7: add_disk_randomness(8:0) 45b1d0b1 845a73f7
[    6.078145] random 0090 0000 0000 45b1d0b1 845a73f7: add_timer_randomness(.. 8388864) with jiffies: 11496050416710026119, cycles: -6950693661294198774
[    6.078148] random 0090 0000 0000 45b1d0b1 845a73f7: added 4 entropy credits to input
[    6.079773] random 0094 0000 0000 45b1d0b1 845a73f7: add_disk_randomness(8:0) 45b1d0b1 845a73f7
[    6.079777] random 0094 0000 0000 45b1d0b1 845a73f7: add_timer_randomness(.. 8388864) with jiffies: 11510720929776501641, cycles: -6936023148227723254
[    6.079779] random 0094 0000 0000 45b1d0b1 845a73f7: added 1 entropy credits to input
[    6.079926] random 0095 0000 0000 45b1d0b1 845a73f7: add_disk_randomness(8:0) 45b1d0b1 845a73f7
[    6.079929] random 0095 0000 0000 45b1d0b1 845a73f7: add_timer_randomness(.. 8388864) with jiffies: 11512097565579117449, cycles: -6934646512425107446
[    6.090797] random 0095 0000 0000 45b1d0b1 845a73f7: add_disk_randomness(8:0) 45b1d0b1 845a73f7
[    6.090800] random 0095 0000 0000 45b1d0b1 845a73f7: add_timer_randomness(.. 8388864) with jiffies: 11609895890759418772, cycles: -6836848187244806134
[    6.090803] random 0095 0000 0000 45b1d0b1 845a73f7: added 3 entropy credits to input
[    6.091361] random 0098 0000 0000 45b1d0b1 845a73f7: add_disk_randomness(8:0) 45b1d0b1 845a73f7
[    6.091364] random 0098 0000 0000 45b1d0b1 845a73f7: add_timer_randomness(.. 8388864) with jiffies: 11614983614528979860, cycles: -6831760463475245046
[    6.096592] random 0098 0000 0000 45b1d0b1 845a73f7: add_disk_randomness(8:0) 45b1d0b1 845a73f7
[    6.096595] random 0098 0000 0000 45b1d0b1 845a73f7: add_timer_randomness(.. 8388864) with jiffies: 11662041595506295705, cycles: -6784702482497929206
[    6.096597] random 0098 0000 0000 45b1d0b1 845a73f7: added 2 entropy credits to input
[    6.098391] random 0100 0000 0000 45b1d0b1 845a73f7: add_disk_randomness(8:0) 45b1d0b1 845a73f7
[    6.098394] random 0100 0000 0000 45b1d0b1 845a73f7: add_timer_randomness(.. 8388864) with jiffies: 11678224529766450075, cycles: -6768519548237774838
[    6.098396] random 0100 0000 0000 45b1d0b1 845a73f7: added 1 entropy credits to input
[    6.108570] random 0101 0000 0000 45b1d0b1 845a73f7: add_disk_randomness(8:0) 45b1d0b1 845a73f7
[    6.108574] random 0101 0000 0000 45b1d0b1 845a73f7: add_timer_randomness(.. 8388864) with jiffies: 11769811761006085029, cycles: -6676932316998139894
[    6.108576] random 0101 0000 0000 45b1d0b1 845a73f7: added 3 entropy credits to input
[    6.122513] random 0104 0000 0000 45b1d0b1 845a73f7: add_disk_randomness(8:0) 45b1d0b1 845a73f7
[    6.122516] random 0104 0000 0000 45b1d0b1 845a73f7: add_timer_randomness(.. 8388864) with jiffies: 11895246255115961267, cycles: -6551497822888263670
[    6.122519] random 0104 0000 0000 45b1d0b1 845a73f7: added 2 entropy credits to input
[    6.135032] random 0106 0000 0000 45b1d0b1 845a73f7: add_disk_randomness(8:0) 45b1d0b1 845a73f7
