[    0.000000] random 0000 0000 0000 00000000 00000000: rand_read_num 1 get_random_bytes(8): sig 00000000 00000000 00000000
[    0.000000] random 0000 0000 0000 00000000 00000000: extract_entropy(.. 8 ..)
[    0.000000] random 0000 0000 0000 00000000 00000000: going to reseed nonblocking with 64 bits (64 of 0 requested)
[    0.000000] random 0000 0000 0000 00000000 00000000: extract_entropy(.. 8 ..)
[    0.000000] random 0000 0000 0000 00000000 00000000: trying to extract 64 bits from input
[    0.000000] random 0000 0000 0000 00000000 00000000: debiting 0 entropy credits from input
[    0.000000] random 0000 0000 0000 00000000 00000000: extract_entropy account returned: 0 
[    0.000000] random 0000 0000 0000 00000000 00000000: urand_change_num 1 xfer_secondary_pool(8): pool_sig 00000000, data_sig 00000000, bytes_mixed 0 00000000 00000000
[    0.000000] random 0000 0000 0000 00000000 00000000: trying to extract 64 bits from nonblocking
[    0.000000] random 0000 0000 0000 00000000 00000000: debiting 64 entropy credits from nonblocking (unlimited)
[    0.000000] random 0000 0000 0000 00000000 00000000: extract_entropy account returned: 8 
[    0.000000] random 0000 0000 0000 00000000 00000000: urand_change_num 2 extract_buf: pool_sig 00000000, data_sig fffffff9, bytes_mixed 20 00000000 00000000
[    0.000000] Linux version 2.6.32.57 (dcashman@dcashman-02) (gcc version 4.3.3 (GCC) ) #6 Thu May 30 09:02:12 PDT 2013
[    0.000000] KERNEL supported cpus:
[    0.000000]   Intel GenuineIntel
[    0.000000]   AMD AuthenticAMD
[    0.000000]   NSC Geode by NSC
[    0.000000]   Cyrix CyrixInstead
[    0.000000]   Centaur CentaurHauls
[    0.000000]   Transmeta GenuineTMx86
[    0.000000]   Transmeta TransmetaCPU
[    0.000000]   UMC UMC UMC UMC
[    0.000000] BIOS-provided physical RAM map:
[    0.000000]  BIOS-e820: 0000000000000000 - 000000000009d800 (usable)
[    0.000000]  BIOS-e820: 000000000009d800 - 00000000000a0000 (reserved)
[    0.000000]  BIOS-e820: 00000000000d2000 - 00000000000d4000 (reserved)
[    0.000000]  BIOS-e820: 00000000000e0000 - 0000000000100000 (reserved)
[    0.000000]  BIOS-e820: 0000000000100000 - 000000003d6b0000 (usable)
[    0.000000]  BIOS-e820: 000000003d6b0000 - 000000003d6cc000 (ACPI data)
[    0.000000]  BIOS-e820: 000000003d6cc000 - 000000003d700000 (ACPI NVS)
[    0.000000]  BIOS-e820: 000000003d700000 - 000000003e000000 (reserved)
[    0.000000]  BIOS-e820: 00000000f0000000 - 00000000f4000000 (reserved)
[    0.000000]  BIOS-e820: 00000000fec00000 - 00000000fec10000 (reserved)
[    0.000000]  BIOS-e820: 00000000fed00000 - 00000000fed00400 (reserved)
[    0.000000]  BIOS-e820: 00000000fed14000 - 00000000fed1a000 (reserved)
[    0.000000]  BIOS-e820: 00000000fed1c000 - 00000000fed90000 (reserved)
[    0.000000]  BIOS-e820: 00000000fee00000 - 00000000fee01000 (reserved)
[    0.000000]  BIOS-e820: 00000000ff000000 - 0000000100000000 (reserved)
[    0.000000] DMI present.
[    0.000000] last_pfn = 0x3d6b0 max_arch_pfn = 0x100000
[    0.000000] MTRR default type: uncachable
[    0.000000] MTRR fixed ranges enabled:
[    0.000000]   00000-9FFFF write-back
[    0.000000]   A0000-BFFFF uncachable
[    0.000000]   C0000-CFFFF write-protect
[    0.000000]   D0000-DFFFF uncachable
[    0.000000]   E0000-FFFFF write-protect
[    0.000000] MTRR variable ranges enabled:
[    0.000000]   0 base 03E000000 mask FFE000000 uncachable
[    0.000000]   1 base 000000000 mask FC0000000 write-back
[    0.000000]   2 base 03D700000 mask FFFF00000 uncachable
[    0.000000]   3 base 03D800000 mask FFF800000 uncachable
[    0.000000]   4 disabled
[    0.000000]   5 disabled
[    0.000000]   6 disabled
[    0.000000]   7 disabled
[    0.000000] initial memory mapped : 0 - 02000000
[    0.000000] init_memory_mapping: 0000000000000000-00000000377fe000
[    0.000000]  0000000000 - 0000400000 page 4k
[    0.000000]  0000400000 - 0037400000 page 2M
[    0.000000]  0037400000 - 00377fe000 page 4k
[    0.000000] kernel direct mapping tables up to 377fe000 @ 7000-c000
[    0.000000] ACPI: RSDP 000f68d0 00024 (v02 LENOVO)
[    0.000000] ACPI: XSDT 3d6bb77f 00094 (v01 LENOVO TP-7L    00002170  LTP 00000000)
[    0.000000] ACPI: FACP 3d6bb900 000F4 (v03 LENOVO TP-7L    00002170 LNVO 00000001)
[    0.000000] ACPI Warning: 32/64X length mismatch in Gpe1Block: 0/32 (20090903/tbfadt-526)
[    0.000000] ACPI Warning: Optional field Gpe1Block has zero address or length: 000000000000102C/0 (20090903/tbfadt-557)
[    0.000000] ACPI: DSDT 3d6bbd1d 0FED1 (v01 LENOVO TP-7L    00002170 MSFT 03000000)
[    0.000000] ACPI: FACS 3d6e4000 00040
[    0.000000] ACPI: SSDT 3d6bbab4 00269 (v01 LENOVO TP-7L    00002170 MSFT 03000000)
[    0.000000] ACPI: ECDT 3d6cbbee 00052 (v01 LENOVO TP-7L    00002170 LNVO 00000001)
[    0.000000] ACPI: TCPA 3d6cbc40 00032 (v02 LENOVO TP-7L    00002170 LNVO 00000001)
[    0.000000] ACPI: APIC 3d6cbc72 00068 (v01 LENOVO TP-7L    00002170 LNVO 00000001)
[    0.000000] ACPI: MCFG 3d6cbcda 0003C (v01 LENOVO TP-7L    00002170 LNVO 00000001)
[    0.000000] ACPI: HPET 3d6cbd16 00038 (v01 LENOVO TP-7L    00002170 LNVO 00000001)
[    0.000000] ACPI: SLIC 3d6cbdf0 00176 (v01 LENOVO TP-7L    00002170  LTP 00000000)
[    0.000000] ACPI: BOOT 3d6cbf66 00028 (v01 LENOVO TP-7L    00002170  LTP 00000001)
[    0.000000] ACPI: ASF! 3d6cbf8e 00072 (v16 LENOVO TP-7L    00002170 PTL  00000001)
[    0.000000] ACPI: SSDT 3d6e26d9 0025F (v01 LENOVO TP-7L    00002170 INTL 20050513)
[    0.000000] ACPI: SSDT 3d6e2938 000A6 (v01 LENOVO TP-7L    00002170 INTL 20050513)
[    0.000000] ACPI: SSDT 3d6e29de 004F7 (v01 LENOVO TP-7L    00002170 INTL 20050513)
[    0.000000] ACPI: SSDT 3d6e2ed5 001D8 (v01 LENOVO TP-7L    00002170 INTL 20050513)
[    0.000000] ACPI: DMI detected: Lenovo ThinkPad R61
[    0.000000] ACPI: Added _OSI(Linux)
[    0.000000] ACPI: Local APIC address 0xfee00000
[    0.000000] 94MB HIGHMEM available.
[    0.000000] 887MB LOWMEM available.
[    0.000000]   mapped low ram: 0 - 377fe000
[    0.000000]   low ram: 0 - 377fe000
[    0.000000]   node 0 low ram: 00000000 - 377fe000
[    0.000000]   node 0 bootmap 00008000 - 0000ef00
[    0.000000] (6 early reservations) ==> bootmem [0000000000 - 00377fe000]
[    0.000000]   #0 [0000000000 - 0000001000]   BIOS data page ==> [0000000000 - 0000001000]
[    0.000000]   #1 [0001000000 - 0001bdc180]    TEXT DATA BSS ==> [0001000000 - 0001bdc180]
[    0.000000]   #2 [000009d800 - 0000100000]    BIOS reserved ==> [000009d800 - 0000100000]
[    0.000000]   #3 [0001bdd000 - 0001be516c]              BRK ==> [0001bdd000 - 0001be516c]
[    0.000000]   #4 [0000007000 - 0000008000]          PGTABLE ==> [0000007000 - 0000008000]
[    0.000000]   #5 [0000008000 - 000000f000]          BOOTMAP ==> [0000008000 - 000000f000]
[    0.000000] found SMP MP-table at [c00f6900] f6900
[    0.000000] Zone PFN ranges:
[    0.000000]   DMA      0x00000000 -> 0x00001000
[    0.000000]   Normal   0x00001000 -> 0x000377fe
[    0.000000]   HighMem  0x000377fe -> 0x0003d6b0
[    0.000000] Movable zone start PFN for each node
[    0.000000] early_node_map[2] active PFN ranges
[    0.000000]     0: 0x00000000 -> 0x0000009d
[    0.000000]     0: 0x00000100 -> 0x0003d6b0
[    0.000000] On node 0 totalpages: 251469
[    0.000000] free_area_init_node: node 0, pgdat c1901ea0, node_mem_map c1be7000
[    0.000000]   DMA zone: 32 pages used for memmap
[    0.000000]   DMA zone: 0 pages reserved
[    0.000000]   DMA zone: 3965 pages, LIFO batch:0
[    0.000000]   Normal zone: 1744 pages used for memmap
[    0.000000]   Normal zone: 221486 pages, LIFO batch:31
[    0.000000]   HighMem zone: 190 pages used for memmap
[    0.000000]   HighMem zone: 24052 pages, LIFO batch:3
[    0.000000] Using APIC driver default
[    0.000000] ACPI: PM-Timer IO Port: 0x1008
[    0.000000] ACPI: Local APIC address 0xfee00000
[    0.000000] ACPI: LAPIC (acpi_id[0x00] lapic_id[0x00] enabled)
[    0.000000] ACPI: LAPIC (acpi_id[0x01] lapic_id[0x01] enabled)
[    0.000000] ACPI: NR_CPUS/possible_cpus limit of 1 reached.  Processor 1/0x1 ignored.
[    0.000000] ACPI: LAPIC_NMI (acpi_id[0x00] high edge lint[0x1])
[    0.000000] ACPI: LAPIC_NMI (acpi_id[0x01] high edge lint[0x1])
[    0.000000] ACPI: IOAPIC (id[0x01] address[0xfec00000] gsi_base[0])
[    0.000000] IOAPIC[0]: apic_id 1, version 32, address 0xfec00000, GSI 0-23
[    0.000000] ACPI: INT_SRC_OVR (bus 0 bus_irq 0 global_irq 2 dfl dfl)
[    0.000000] ACPI: INT_SRC_OVR (bus 0 bus_irq 9 global_irq 9 high level)
[    0.000000] ACPI: IRQ0 used by override.
[    0.000000] ACPI: IRQ2 used by override.
[    0.000000] ACPI: IRQ9 used by override.
[    0.000000] Using ACPI (MADT) for SMP configuration information
[    0.000000] ACPI: HPET id: 0x8086a201 base: 0xfed00000
[    0.000000] nr_irqs_gsi: 24
[    0.000000] PM: Registered nosave memory: 000000000009d000 - 000000000009e000
[    0.000000] PM: Registered nosave memory: 000000000009e000 - 00000000000a0000
[    0.000000] PM: Registered nosave memory: 00000000000a0000 - 00000000000d2000
[    0.000000] PM: Registered nosave memory: 00000000000d2000 - 00000000000d4000
[    0.000000] PM: Registered nosave memory: 00000000000d4000 - 00000000000e0000
[    0.000000] PM: Registered nosave memory: 00000000000e0000 - 0000000000100000
[    0.000000] Allocating PCI resources starting at 3e000000 (gap: 3e000000:b2000000)
[    0.000000] Built 1 zonelists in Zone order, mobility grouping on.  Total pages: 249503
[    0.000000] Kernel command line: auto BOOT_IMAGE=Linux ro root=802 vt.default_utf8=0 maxcpus=0
[    0.000000] PID hash table entries: 4096 (order: 2, 16384 bytes)
[    0.000000] Dentry cache hash table entries: 131072 (order: 7, 524288 bytes)
[    0.000000] Inode-cache hash table entries: 65536 (order: 6, 262144 bytes)
[    0.000000] Enabling fast FPU save and restore... done.
[    0.000000] Enabling unmasked SIMD FPU exception support... done.
[    0.000000] Initializing CPU#0
[    0.000000] Initializing HighMem for node 0 (000377fe:0003d6b0)
[    0.000000] Memory: 984800k/1006272k available (6915k kernel code, 20876k reserved, 2327k data, 448k init, 96968k highmem)
[    0.000000] virtual kernel memory layout:
[    0.000000]     fixmap  : 0xfffa3000 - 0xfffff000   ( 368 kB)
[    0.000000]     pkmap   : 0xff800000 - 0xffc00000   (4096 kB)
[    0.000000]     vmalloc : 0xf7ffe000 - 0xff7fe000   ( 120 MB)
[    0.000000]     lowmem  : 0xc0000000 - 0xf77fe000   ( 887 MB)
[    0.000000]       .init : 0xc1907000 - 0xc1977000   ( 448 kB)
[    0.000000]       .data : 0xc16c0d3f - 0xc1906c64   (2327 kB)
[    0.000000]       .text : 0xc1000000 - 0xc16c0d3f   (6915 kB)
[    0.000000] Checking if this processor honours the WP bit even in supervisor mode...Ok.
[    0.000000] SLUB: Genslabs=13, HWalign=64, Order=0-3, MinObjects=0, CPUs=1, Nodes=1
[    0.000000] Hierarchical RCU implementation.
[    0.000000] NR_IRQS:288
[    0.000000] Extended CMOS year: 2000
[    0.000000] Console: colour VGA+ 80x25
[    0.000000] console [tty0] enabled
[    0.000000] hpet clockevent registered
[    0.000000] Fast TSC calibration using PIT
[    0.000000] Detected 2094.803 MHz processor.
[    0.001002] Calibrating delay loop (skipped), value calculated using timer frequency.. 4189.60 BogoMIPS (lpj=2094803)
[    0.002086] Security Framework initialized
[    0.002168] Mount-cache hash table entries: 512
[    0.002313] CPU: L1 I cache: 32K, L1 D cache: 32K
[    0.002444] CPU: L2 cache: 3072K
[    0.002526] mce: CPU supports 6 MCE banks
[    0.002612] CPU0: Thermal monitoring enabled (TM2)
[    0.002691] using mwait in idle threads.
[    0.002773] CPU: Intel(R) Core(TM)2 Duo CPU     T8100  @ 2.10GHz stepping 06
[    0.002953] Checking 'hlt' instruction... OK.
[    0.007942] ACPI: Core revision 20090903
[    0.027012] RANDOM get_random_int first call with cycles 32342293956, jiffies 4294667323 and pid 0
[    0.027020] CANARY value: 59a70560 for PID: 1
[    0.027027] CANARY value: 9dd49858 for PID: 2
[    0.027051] Enabling APIC mode:  Flat.  Using 1 I/O APICs
[    0.028245] ..TIMER: vector=0x30 apic1=0 pin1=2 apic2=-1 pin2=-1
[    0.038997] xor: automatically using best checksumming function: pIII_sse
[    0.042998]    pIII_sse  :  8568.000 MB/sec
[    0.043092] xor: using function: pIII_sse (8568.000 MB/sec)
[    0.043184] RANDOM - __seed init called.
[    0.043185] RANDOM - __seed init called.
[    0.043186] RANDOM - __seed init called.
[    0.043187] RANDOM - __random32 called. Change num 1.  Value: 870e7b8	f6ea009	16c0ad5a
[    0.043189] RANDOM - __random32 called. Change num 2.  Value: e7b8290	f6ea0099	5ab418b8
[    0.043191] RANDOM - __random32 called. Change num 3.  Value: b8290fc5	6ea00996	3171e29b
[    0.043193] RANDOM - __random32 called. Change num 4.  Value: 90fc533a	ea00996a	c5375fde
[    0.043194] RANDOM - __random32 called. Change num 5.  Value: c533a353	a00996a1	bfbd91b4
[    0.043196] RANDOM - __random32 called. Change num 6.  Value: 3a35362b	996a10	23684a23
[    0.043198] RANDOM - random32 init called.  Value: 3a35362b	996a10	23684a23
[    0.043215] NET: Registered protocol family 16
[    0.043477] ACPI FADT declares the system doesn't support PCIe ASPM, so disable it
[    0.043605] ACPI: bus type pci registered
[    0.043773] PCI: MCFG configuration 0: base f0000000 segment 0 buses 0 - 63
[    0.043865] PCI: MCFG area at f0000000 reserved in E820
[    0.043955] PCI: Using MMCONFIG for extended config space
[    0.044002] PCI: Using configuration type 1 for base access
[    0.047152] bio: create slab <bio-0> at 0
[    0.047970] ACPI: EC: EC description table is found, configuring boot EC
[    0.053153] ACPI: BIOS _OSI(Linux) query honored via DMI
[    0.053880] random 0000 0000 0000 00000000 00000000: rand_read_num 2 get_random_bytes(8): sig fffffe1a 00000000 00000000
[    0.053883] random 0000 0000 0000 00000000 00000000: extract_entropy(.. 8 ..)
[    0.053886] random 0000 0000 0000 00000000 00000000: going to reseed nonblocking with 64 bits (64 of 0 requested)
[    0.053888] random 0000 0000 0000 00000000 00000000: extract_entropy(.. 8 ..)
[    0.053890] random 0000 0000 0000 00000000 00000000: trying to extract 64 bits from input
[    0.053892] random 0000 0000 0000 00000000 00000000: debiting 0 entropy credits from input
[    0.053894] random 0000 0000 0000 00000000 00000000: extract_entropy account returned: 0 
[    0.053926] random 0000 0000 0000 00000000 00000000: urand_change_num 3 xfer_secondary_pool(8): pool_sig fffffe1a, data_sig 00000000, bytes_mixed 0 00000000 00000000
[    0.053929] random 0000 0000 0000 00000000 00000000: trying to extract 64 bits from nonblocking
[    0.053932] random 0000 0000 0000 00000000 00000000: debiting 64 entropy credits from nonblocking (unlimited)
[    0.053934] random 0000 0000 0000 00000000 00000000: extract_entropy account returned: 8 
[    0.053938] random 0000 0000 0000 00000000 00000000: urand_change_num 4 extract_buf: pool_sig fffffe1a, data_sig fffffed7, bytes_mixed 20 00000000 00000000
[    0.058674] ACPI: Interpreter enabled
[    0.058763] ACPI: (supports S0 S3 S4 S5)
[    0.058998] ACPI: Using IOAPIC for interrupt routing
[    0.068572] ACPI: EC: GPE = 0x12, I/O: command/status = 0x66, data = 0x62
[    0.068865] ACPI: Power Resource [PUBS] (on)
[    0.071010] ACPI: ACPI Dock Station Driver: 3 docks/bays found
[    0.071422] ACPI: PCI Root Bridge [PCI0] (0000:00)
[    0.071593] pci 0000:00:02.0: reg 10 64bit mmio: [0xf8100000-0xf81fffff]
[    0.071599] pci 0000:00:02.0: reg 18 64bit mmio pref: [0xe0000000-0xefffffff]
[    0.071603] pci 0000:00:02.0: reg 20 io port: [0x1800-0x1807]
[    0.071638] pci 0000:00:02.1: reg 10 64bit mmio: [0xf8200000-0xf82fffff]
[    0.071741] pci 0000:00:19.0: reg 10 32bit mmio: [0xfe000000-0xfe01ffff]
[    0.071750] pci 0000:00:19.0: reg 14 32bit mmio: [0xfe025000-0xfe025fff]
[    0.071758] pci 0000:00:19.0: reg 18 io port: [0x1840-0x185f]
[    0.071829] pci 0000:00:19.0: PME# supported from D0 D3hot D3cold
[    0.071921] pci 0000:00:19.0: PME# disabled
[    0.072067] pci 0000:00:1a.0: reg 20 io port: [0x1860-0x187f]
[    0.072141] pci 0000:00:1a.1: reg 20 io port: [0x1880-0x189f]
[    0.072219] pci 0000:00:1a.7: reg 10 32bit mmio: [0xfe226c00-0xfe226fff]
[    0.072302] pci 0000:00:1a.7: PME# supported from D0 D3hot D3cold
[    0.072397] pci 0000:00:1a.7: PME# disabled
[    0.072544] pci 0000:00:1b.0: reg 10 64bit mmio: [0xfe020000-0xfe023fff]
[    0.072627] pci 0000:00:1b.0: PME# supported from D0 D3hot D3cold
[    0.072720] pci 0000:00:1b.0: PME# disabled
[    0.072919] pci 0000:00:1c.0: PME# supported from D0 D3hot D3cold
[    0.072999] pci 0000:00:1c.0: PME# disabled
[    0.073198] pci 0000:00:1c.1: PME# supported from D0 D3hot D3cold
[    0.073295] pci 0000:00:1c.1: PME# disabled
[    0.073504] pci 0000:00:1c.2: PME# supported from D0 D3hot D3cold
[    0.073598] pci 0000:00:1c.2: PME# disabled
[    0.073801] pci 0000:00:1c.3: PME# supported from D0 D3hot D3cold
[    0.073895] pci 0000:00:1c.3: PME# disabled
[    0.074110] pci 0000:00:1c.4: PME# supported from D0 D3hot D3cold
[    0.074212] pci 0000:00:1c.4: PME# disabled
[    0.075058] pci 0000:00:1d.0: reg 20 io port: [0x18a0-0x18bf]
[    0.075146] pci 0000:00:1d.1: reg 20 io port: [0x18c0-0x18df]
[    0.075229] pci 0000:00:1d.2: reg 20 io port: [0x18e0-0x18ff]
[    0.075316] pci 0000:00:1d.7: reg 10 32bit mmio: [0xfe227000-0xfe2273ff]
[    0.075415] pci 0000:00:1d.7: PME# supported from D0 D3hot D3cold
[    0.075515] pci 0000:00:1d.7: PME# disabled
[    0.075811] pci 0000:00:1f.0: quirk: region 1000-107f claimed by ICH6 ACPI/GPIO/TCO
[    0.075940] pci 0000:00:1f.0: quirk: region 1180-11bf claimed by ICH6 GPIO
[    0.075998] pci 0000:00:1f.0: ICH7 LPC Generic IO decode 1 PIO at 1600 (mask 007f)
[    0.076121] pci 0000:00:1f.0: ICH7 LPC Generic IO decode 2 PIO at 15e0 (mask 000f)
[    0.076246] pci 0000:00:1f.0: ICH7 LPC Generic IO decode 3 PIO at 1680 (mask 001f)
[    0.076450] pci 0000:00:1f.1: reg 10 io port: [0x00-0x07]
[    0.076464] pci 0000:00:1f.1: reg 14 io port: [0x00-0x03]
[    0.076475] pci 0000:00:1f.1: reg 18 io port: [0x00-0x07]
[    0.076483] pci 0000:00:1f.1: reg 1c io port: [0x00-0x03]
[    0.076496] pci 0000:00:1f.1: reg 20 io port: [0x1c00-0x1c0f]
[    0.076583] pci 0000:00:1f.2: reg 10 io port: [0x1c50-0x1c57]
[    0.076592] pci 0000:00:1f.2: reg 14 io port: [0x1c44-0x1c47]
[    0.076601] pci 0000:00:1f.2: reg 18 io port: [0x1c48-0x1c4f]
[    0.076610] pci 0000:00:1f.2: reg 1c io port: [0x1c40-0x1c43]
[    0.076617] pci 0000:00:1f.2: reg 20 io port: [0x1c20-0x1c3f]
[    0.076626] pci 0000:00:1f.2: reg 24 32bit mmio: [0xfe226000-0xfe2267ff]
[    0.076684] pci 0000:00:1f.2: PME# supported from D3hot
[    0.076775] pci 0000:00:1f.2: PME# disabled
[    0.076902] pci 0000:00:1f.3: reg 10 32bit mmio: [0xfe227400-0xfe2274ff]
[    0.076924] pci 0000:00:1f.3: reg 20 io port: [0x1c60-0x1c7f]
[    0.077059] pci 0000:00:1c.0: bridge io port: [0x2000-0x2fff]
[    0.077065] pci 0000:00:1c.0: bridge 32bit mmio: [0xfc000000-0xfdffffff]
[    0.077075] pci 0000:00:1c.0: bridge 64bit mmio pref: [0xf8000000-0xf80fffff]
[    0.077148] pci 0000:03:00.0: reg 10 64bit mmio: [0xdf3f0000-0xdf3fffff]
[    0.077342] pci 0000:00:1c.1: bridge io port: [0x3000-0x3fff]
[    0.077346] pci 0000:00:1c.1: bridge 32bit mmio: [0xdc000000-0xdf3fffff]
[    0.077355] pci 0000:00:1c.1: bridge 64bit mmio pref: [0xdfe00000-0xdfefffff]
[    0.077412] pci 0000:00:1c.2: bridge io port: [0x4000-0x4fff]
[    0.077418] pci 0000:00:1c.2: bridge 32bit mmio: [0xd8000000-0xd9ffffff]
[    0.077427] pci 0000:00:1c.2: bridge 64bit mmio pref: [0xdfb00000-0xdfbfffff]
[    0.077481] pci 0000:00:1c.3: bridge io port: [0x5000-0x5fff]
[    0.077487] pci 0000:00:1c.3: bridge 32bit mmio: [0xd4000000-0xd5ffffff]
[    0.077496] pci 0000:00:1c.3: bridge 64bit mmio pref: [0xdf800000-0xdf8fffff]
[    0.077550] pci 0000:00:1c.4: bridge io port: [0x6000-0x6fff]
[    0.077556] pci 0000:00:1c.4: bridge 32bit mmio: [0xd0000000-0xd1ffffff]
[    0.077565] pci 0000:00:1c.4: bridge 64bit mmio pref: [0xdf500000-0xdf5fffff]
[    0.077630] pci 0000:15:00.0: reg 10 32bit mmio: [0xf8300000-0xf8300fff]
[    0.077678] pci 0000:15:00.0: supports D1 D2
[    0.077679] pci 0000:15:00.0: PME# supported from D0 D1 D2 D3hot D3cold
[    0.077774] pci 0000:15:00.0: PME# disabled
[    0.077918] pci 0000:15:00.1: reg 10 32bit mmio: [0xf8301000-0xf83017ff]
[    0.078018] pci 0000:15:00.1: supports D1 D2
[    0.078020] pci 0000:15:00.1: PME# supported from D0 D1 D2 D3hot D3cold
[    0.078115] pci 0000:15:00.1: PME# disabled
[    0.078298] pci 0000:00:1e.0: transparent bridge
[    0.078391] pci 0000:00:1e.0: bridge io port: [0x7000-0xafff]
[    0.078395] pci 0000:00:1e.0: bridge 32bit mmio: [0xf8300000-0xfbffffff]
[    0.078402] pci 0000:00:1e.0: bridge 64bit mmio pref: [0xf4000000-0xf7ffffff]
[    0.078468] pci_bus 0000:00: on NUMA node 0
[    0.078472] ACPI: PCI Interrupt Routing Table [\_SB_.PCI0._PRT]
[    0.078606] ACPI: PCI Interrupt Routing Table [\_SB_.PCI0.EXP0._PRT]
[    0.078665] ACPI: PCI Interrupt Routing Table [\_SB_.PCI0.EXP1._PRT]
[    0.078723] ACPI: PCI Interrupt Routing Table [\_SB_.PCI0.EXP2._PRT]
[    0.078781] ACPI: PCI Interrupt Routing Table [\_SB_.PCI0.EXP3._PRT]
[    0.078843] ACPI: PCI Interrupt Routing Table [\_SB_.PCI0.EXP4._PRT]
[    0.078906] ACPI: PCI Interrupt Routing Table [\_SB_.PCI0.PCI1._PRT]
[    0.084373] ACPI: PCI Interrupt Link [LNKA] (IRQs 3 4 5 6 7 9 *10 11)
[    0.085170] ACPI: PCI Interrupt Link [LNKB] (IRQs 3 4 5 6 7 9 10 *11)
[    0.085956] ACPI: PCI Interrupt Link [LNKC] (IRQs 3 4 5 6 7 9 10 *11)
[    0.086715] ACPI: PCI Interrupt Link [LNKD] (IRQs 3 4 5 6 7 9 10 *11)
[    0.087510] ACPI: PCI Interrupt Link [LNKE] (IRQs 3 4 5 6 7 9 10 *11)
[    0.088342] ACPI: PCI Interrupt Link [LNKF] (IRQs 3 4 5 6 7 9 10 *11)
[    0.089129] ACPI: PCI Interrupt Link [LNKG] (IRQs 3 4 5 6 7 9 10 *11)
[    0.089914] ACPI: PCI Interrupt Link [LNKH] (IRQs 3 4 5 6 7 9 10 *11)
[    0.090638] vgaarb: device added: PCI:0000:00:02.0,decodes=io+mem,owns=io+mem,locks=none
[    0.090766] vgaarb: loaded
[    0.090945] SCSI subsystem initialized
[    0.091008] libata version 3.00 loaded.
[    0.091055] usbcore: registered new interface driver usbfs
[    0.091177] usbcore: registered new interface driver hub
[    0.091291] usbcore: registered new device driver usb
[    0.108043] raid6: int32x1    941 MB/s
[    0.125057] raid6: int32x2    890 MB/s
[    0.142064] raid6: int32x4    750 MB/s
[    0.158990] raid6: int32x8    656 MB/s
[    0.176002] raid6: mmxx1     2882 MB/s
[    0.192986] raid6: mmxx2     3253 MB/s
[    0.209990] raid6: sse1x1    1937 MB/s
[    0.226976] raid6: sse1x2    2531 MB/s
[    0.243984] raid6: sse2x1    3515 MB/s
[    0.260984] raid6: sse2x2    3828 MB/s
[    0.261071] raid6: using algorithm sse2x2 (3828 MB/s)
[    0.261165] PCI: Using ACPI for IRQ routing
[    0.261478] HPET: 3 timers in total, 0 timers will be used for per-cpu timer
[    0.261987] Switching to clocksource tsc
[    0.262089] pnp: PnP ACPI init
[    0.262178] ACPI: bus type pnp registered
[    0.265828] pnp: PnP ACPI: found 11 devices
[    0.265930] ACPI: ACPI bus type pnp unregistered
[    0.266029] system 00:00: iomem range 0x0-0x9ffff could not be reserved
[    0.266121] system 00:00: iomem range 0xc0000-0xc3fff could not be reserved
[    0.266214] system 00:00: iomem range 0xc4000-0xc7fff could not be reserved
[    0.266309] system 00:00: iomem range 0xc8000-0xcbfff has been reserved
[    0.266400] system 00:00: iomem range 0xcc000-0xcffff has been reserved
[    0.266490] system 00:00: iomem range 0xd0000-0xd3fff could not be reserved
[    0.266580] system 00:00: iomem range 0xe0000-0xe3fff could not be reserved
[    0.266673] system 00:00: iomem range 0xe4000-0xe7fff could not be reserved
[    0.266769] system 00:00: iomem range 0xe8000-0xebfff could not be reserved
[    0.266858] system 00:00: iomem range 0xec000-0xeffff could not be reserved
[    0.266950] system 00:00: iomem range 0xf0000-0xfffff could not be reserved
[    0.267047] system 00:00: iomem range 0x100000-0x3dffffff could not be reserved
[    0.267173] system 00:00: iomem range 0xfec00000-0xfed3ffff could not be reserved
[    0.267294] system 00:00: iomem range 0xfed4c000-0xffffffff could not be reserved
[    0.267414] system 00:02: ioport range 0x164e-0x164f has been reserved
[    0.267506] system 00:02: ioport range 0x1000-0x107f has been reserved
[    0.267600] system 00:02: ioport range 0x1180-0x11bf has been reserved
[    0.267691] system 00:02: ioport range 0x800-0x80f has been reserved
[    0.267783] system 00:02: ioport range 0x15e0-0x15ef has been reserved
[    0.267880] system 00:02: ioport range 0x1600-0x165f could not be reserved
[    0.267972] system 00:02: iomem range 0xf0000000-0xf3ffffff has been reserved
[    0.268066] system 00:02: iomem range 0xfed1c000-0xfed1ffff has been reserved
[    0.268159] system 00:02: iomem range 0xfed14000-0xfed17fff has been reserved
[    0.268251] system 00:02: iomem range 0xfed18000-0xfed18fff has been reserved
[    0.268344] system 00:02: iomem range 0xfed19000-0xfed19fff has been reserved
[    0.268434] system 00:02: iomem range 0xfed45000-0xfed4bfff has been reserved
[    0.303477] pci 0000:00:1c.0: PCI bridge, secondary bus 0000:02
[    0.303570] pci 0000:00:1c.0:   IO window: 0x2000-0x2fff
[    0.303661] pci 0000:00:1c.0:   MEM window: 0xfc000000-0xfdffffff
[    0.303755] pci 0000:00:1c.0:   PREFETCH window: 0x000000f8000000-0x000000f80fffff
[    0.303887] pci 0000:00:1c.1: PCI bridge, secondary bus 0000:03
[    0.303981] pci 0000:00:1c.1:   IO window: 0x3000-0x3fff
[    0.304077] pci 0000:00:1c.1:   MEM window: 0xdc000000-0xdf3fffff
[    0.304169] pci 0000:00:1c.1:   PREFETCH window: 0x000000dfe00000-0x000000dfefffff
[    0.304298] pci 0000:00:1c.2: PCI bridge, secondary bus 0000:04
[    0.304396] pci 0000:00:1c.2:   IO window: 0x4000-0x4fff
[    0.304493] pci 0000:00:1c.2:   MEM window: 0xd8000000-0xd9ffffff
[    0.304588] pci 0000:00:1c.2:   PREFETCH window: 0x000000dfb00000-0x000000dfbfffff
[    0.304713] pci 0000:00:1c.3: PCI bridge, secondary bus 0000:05
[    0.304804] pci 0000:00:1c.3:   IO window: 0x5000-0x5fff
[    0.304903] pci 0000:00:1c.3:   MEM window: 0xd4000000-0xd5ffffff
[    0.304997] pci 0000:00:1c.3:   PREFETCH window: 0x000000df800000-0x000000df8fffff
[    0.305123] pci 0000:00:1c.4: PCI bridge, secondary bus 0000:0d
[    0.305215] pci 0000:00:1c.4:   IO window: 0x6000-0x6fff
[    0.305306] pci 0000:00:1c.4:   MEM window: 0xd0000000-0xd1ffffff
[    0.305401] pci 0000:00:1c.4:   PREFETCH window: 0x000000df500000-0x000000df5fffff
[    0.305533] pci 0000:15:00.0: CardBus bridge, secondary bus 0000:16
[    0.305625] pci 0000:15:00.0:   IO window: 0x007000-0x0070ff
[    0.305719] pci 0000:15:00.0:   IO window: 0x007400-0x0074ff
[    0.305812] pci 0000:15:00.0:   PREFETCH window: 0xf4000000-0xf7ffffff
[    0.305910] pci 0000:15:00.0:   MEM window: 0x40000000-0x43ffffff
[    0.306007] pci 0000:00:1e.0: PCI bridge, secondary bus 0000:15
[    0.306098] pci 0000:00:1e.0:   IO window: 0x7000-0xafff
[    0.306192] pci 0000:00:1e.0:   MEM window: 0xf8300000-0xfbffffff
[    0.306288] pci 0000:00:1e.0:   PREFETCH window: 0x000000f4000000-0x000000f7ffffff
[    0.306428] pci 0000:00:1c.0: PCI INT A -> GSI 20 (level, low) -> IRQ 20
[    0.306524] pci 0000:00:1c.0: setting latency timer to 64
[    0.306536] pci 0000:00:1c.1: PCI INT B -> GSI 21 (level, low) -> IRQ 21
[    0.306630] pci 0000:00:1c.1: setting latency timer to 64
[    0.306640] pci 0000:00:1c.2: PCI INT C -> GSI 22 (level, low) -> IRQ 22
[    0.306733] pci 0000:00:1c.2: setting latency timer to 64
[    0.306746] pci 0000:00:1c.3: PCI INT D -> GSI 23 (level, low) -> IRQ 23
[    0.306847] pci 0000:00:1c.3: setting latency timer to 64
[    0.306863] pci 0000:00:1c.4: PCI INT A -> GSI 20 (level, low) -> IRQ 20
[    0.306958] pci 0000:00:1c.4: setting latency timer to 64
[    0.306963] pci 0000:00:1e.0: enabling device (0005 -> 0007)
[    0.307060] pci 0000:00:1e.0: setting latency timer to 64
[    0.307075] pci 0000:15:00.0: PCI INT A -> GSI 16 (level, low) -> IRQ 16
[    0.307173] pci 0000:15:00.0: setting latency timer to 64
[    0.307179] pci_bus 0000:00: resource 0 io:  [0x00-0xffff]
[    0.307181] pci_bus 0000:00: resource 1 mem: [0x000000-0xffffffff]
[    0.307183] pci_bus 0000:02: resource 0 io:  [0x2000-0x2fff]
[    0.307185] pci_bus 0000:02: resource 1 mem: [0xfc000000-0xfdffffff]
[    0.307187] pci_bus 0000:02: resource 2 pref mem [0xf8000000-0xf80fffff]
[    0.307189] pci_bus 0000:03: resource 0 io:  [0x3000-0x3fff]
[    0.307191] pci_bus 0000:03: resource 1 mem: [0xdc000000-0xdf3fffff]
[    0.307192] pci_bus 0000:03: resource 2 pref mem [0xdfe00000-0xdfefffff]
[    0.307194] pci_bus 0000:04: resource 0 io:  [0x4000-0x4fff]
[    0.307196] pci_bus 0000:04: resource 1 mem: [0xd8000000-0xd9ffffff]
[    0.307198] pci_bus 0000:04: resource 2 pref mem [0xdfb00000-0xdfbfffff]
[    0.307200] pci_bus 0000:05: resource 0 io:  [0x5000-0x5fff]
[    0.307202] pci_bus 0000:05: resource 1 mem: [0xd4000000-0xd5ffffff]
[    0.307203] pci_bus 0000:05: resource 2 pref mem [0xdf800000-0xdf8fffff]
[    0.307205] pci_bus 0000:0d: resource 0 io:  [0x6000-0x6fff]
[    0.307207] pci_bus 0000:0d: resource 1 mem: [0xd0000000-0xd1ffffff]
[    0.307209] pci_bus 0000:0d: resource 2 pref mem [0xdf500000-0xdf5fffff]
[    0.307211] pci_bus 0000:15: resource 0 io:  [0x7000-0xafff]
[    0.307212] pci_bus 0000:15: resource 1 mem: [0xf8300000-0xfbffffff]
[    0.307214] pci_bus 0000:15: resource 2 pref mem [0xf4000000-0xf7ffffff]
[    0.307216] pci_bus 0000:15: resource 3 io:  [0x00-0xffff]
[    0.307218] pci_bus 0000:15: resource 4 mem: [0x000000-0xffffffff]
[    0.307220] pci_bus 0000:16: resource 0 io:  [0x7000-0x70ff]
[    0.307222] pci_bus 0000:16: resource 1 io:  [0x7400-0x74ff]
[    0.307223] pci_bus 0000:16: resource 2 pref mem [0xf4000000-0xf7ffffff]
[    0.307225] pci_bus 0000:16: resource 3 mem: [0x40000000-0x43ffffff]
[    0.307233] NET: Registered protocol family 2
[    0.307323] RANDOM - __random32 called. Change num 7.  Value: 5362b39e	996a101	94470543
[    0.307325] RANDOM - random32 called.  Value: 5362b39e	996a101	94470543
[    0.307329] random 0000 0000 0000 5f8db4e5 4cfdf2a8: rand_read_num 3 get_random_bytes(4): sig fffffb64 5f8db4e5 4cfdf2a8
[    0.307332] random 0000 0000 0000 5f8db4e5 4cfdf2a8: extract_entropy(.. 4 ..)
[    0.307334] random 0000 0000 0000 5f8db4e5 4cfdf2a8: going to reseed nonblocking with 64 bits (32 of 0 requested)
[    0.307336] random 0000 0000 0000 5f8db4e5 4cfdf2a8: extract_entropy(.. 8 ..)
[    0.307339] random 0000 0000 0000 5f8db4e5 4cfdf2a8: trying to extract 64 bits from input
[    0.307341] random 0000 0000 0000 5f8db4e5 4cfdf2a8: debiting 0 entropy credits from input
[    0.307343] random 0000 0000 0000 5f8db4e5 4cfdf2a8: extract_entropy account returned: 0 
[    0.307346] random 0000 0000 0000 5f8db4e5 4cfdf2a8: urand_change_num 5 xfer_secondary_pool(4): pool_sig fffffb64, data_sig 00000000, bytes_mixed 0 5f8db4e5 4cfdf2a8
[    0.307349] random 0000 0000 0000 5f8db4e5 4cfdf2a8: trying to extract 32 bits from nonblocking
[    0.307351] random 0000 0000 0000 5f8db4e5 4cfdf2a8: debiting 32 entropy credits from nonblocking (unlimited)
[    0.307353] random 0000 0000 0000 5f8db4e5 4cfdf2a8: extract_entropy account returned: 4 
[    0.307357] random 0000 0000 0000 5f8db4e5 4cfdf2a8: urand_change_num 6 extract_buf: pool_sig fffffb64, data_sig 00000241, bytes_mixed 20 5f8db4e5 4cfdf2a8
[    0.307367] IP route cache hash table entries: 32768 (order: 5, 131072 bytes)
[    0.307498] RANDOM - __random32 called. Change num 8.  Value: 2b39e0a2	996a1017	a86cfe5
[    0.307499] RANDOM - random32 called.  Value: 2b39e0a2	996a1017	a86cfe5
[    0.307510] RANDOM - __random32 called. Change num 9.  Value: 9e0a22e5	96a1017e	9fcbd616
[    0.307512] RANDOM - random32 called.  Value: 9e0a22e5	96a1017e	9fcbd616
[    0.307514] RANDOM - __random32 called. Change num 10.  Value: a22e5b4a	6a1017e6	ac2c32ac
[    0.307515] RANDOM - random32 called.  Value: a22e5b4a	6a1017e6	ac2c32ac
[    0.307526] RANDOM - __random32 called. Change num 11.  Value: e5b4ad28	a1017e61	6559a9b4
[    0.307527] RANDOM - random32 called.  Value: e5b4ad28	a1017e61	6559a9b4
[    0.307537] TCP established hash table entries: 131072 (order: 8, 1048576 bytes)
[    0.308035] TCP bind hash table entries: 65536 (order: 6, 262144 bytes)
[    0.308223] TCP: Hash tables configured (established 131072 bind 65536)
[    0.308315] TCP reno registered
[    0.308420] NET: Registered protocol family 1
[    0.308533] RPC: Registered udp transport module.
[    0.308622] RPC: Registered tcp transport module.
[    0.308711] RPC: Registered tcp NFSv4.1 backchannel transport module.
[    0.308808] pci 0000:00:02.0: Boot video device
[    0.309049] Simple Boot Flag at 0x35 set to 0x1
[    0.309565] highmem bounce pool size: 64 pages
[    0.311146] VFS: Disk quotas dquot_6.5.2
[    0.311268] Dquot-cache hash table entries: 1024 (order 0, 4096 bytes)
[    0.311946] NTFS driver 2.1.29 [Flags: R/W].
[    0.312109] ROMFS MTD (C) 2007 Red Hat, Inc.
[    0.312318] JFS: nTxBlock = 7695, nTxLock = 61562
[    0.314775] SGI XFS with ACLs, security attributes, large block/inode numbers, no debug enabled
[    0.315285] SGI XFS Quota Management subsystem
[    0.315569] Slow work thread pool: Starting up
[    0.315670] Slow work thread pool: Ready
[    0.315768] GFS2 (built May 24 2013 02:47:17) installed
[    0.315875] msgmni has been set to 1734
[    0.316045] alg: No test for cipher_null (cipher_null-generic)
[    0.316144] alg: No test for ecb(cipher_null) (ecb-cipher_null)
[    0.316244] alg: No test for digest_null (digest_null-generic)
[    0.316342] alg: No test for compress_null (compress_null-generic)
[    0.316904] alg: No test for fcrypt (fcrypt-generic)
[    0.318320] alg: No test for stdrng (krng)
[    0.318411] async_tx: api initialized (async)
[    0.318566] Block layer SCSI generic (bsg) driver version 0.4 loaded (major 254)
[    0.318690] io scheduler noop registered
[    0.318780] io scheduler anticipatory registered
[    0.318881] io scheduler deadline registered
[    0.319017] io scheduler cfq registered (default)
[    0.319255] pcieport 0000:00:1c.0: irq 24 for MSI/MSI-X
[    0.319273] pcieport 0000:00:1c.0: setting latency timer to 64
[    0.319456] pcieport 0000:00:1c.1: irq 25 for MSI/MSI-X
[    0.319466] pcieport 0000:00:1c.1: setting latency timer to 64
[    0.319646] pcieport 0000:00:1c.2: irq 26 for MSI/MSI-X
[    0.319658] pcieport 0000:00:1c.2: setting latency timer to 64
[    0.319834] pcieport 0000:00:1c.3: irq 27 for MSI/MSI-X
[    0.319845] pcieport 0000:00:1c.3: setting latency timer to 64
[    0.320038] pcieport 0000:00:1c.4: irq 28 for MSI/MSI-X
[    0.320050] pcieport 0000:00:1c.4: setting latency timer to 64
[    0.320192] pci_hotplug: PCI Hot Plug PCI Core version: 0.5
[    0.320384] isapnp: Scanning for PnP cards...
[    0.680922] isapnp: No Plug & Play device found
[    0.681012] random 0000 0000 0000 5f8db4e5 4cfdf2a8: initializing
[    0.681014] RANDOM init_std_data for input now value: 1370000810681013782
[    0.681016] RANDOM init_std_data for blocking now value: 1370000810681016013
[    0.681018] RANDOM init_std_data for nonblocking now value: 1370000810681017817
[    0.700659] Serial: 8250/16550 driver, 4 ports, IRQ sharing enabled
[    3.711574] floppy0: no floppy controllers found
[    3.712518] brd: module loaded
[    3.713021] loop: module loaded
[    3.713114] Compaq SMART2 Driver (v 2.6.0)
[    3.713234] HP CISS Driver (v 3.6.20)
[    3.713479] input: Macintosh mouse button emulation as /devices/virtual/input/input0
[    3.713623] Uniform Multi-Platform E-IDE driver
[    3.713848] piix 0000:00:1f.1: IDE controller (0x8086:0x2850 rev 0x03)
[    3.713949] pci 0000:00:1f.1: PCI INT C -> GSI 16 (level, low) -> IRQ 16
[    3.714054] piix 0000:00:1f.1: IDE port disabled
[    3.714152] piix 0000:00:1f.1: not 100% native mode: will probe irqs later
[    3.714256]     ide0: BM-DMA at 0x1c00-0x1c07
[    3.714352] Probing IDE interface ide0...
[    4.385734] hda: HL-DT-ST DVDRAM GSA-U10N, ATAPI CD/DVD-ROM drive
[    4.692520] hda: host max PIO4 wanted PIO255(auto-tune) selected PIO4
[    4.693288] hda: UDMA/33 mode selected
[    4.693756] ide0 at 0x1f0-0x1f7,0x3f6 on irq 14
[    4.697664] ide-gd driver 1.18
[    4.697769] ide-cd driver 5.00
[    4.699159] random 0000 0000 0000 00000000 00000000: add_disk_randomness(0:0) 00000000 00000000
[    4.699163] random 0000 0000 0000 00000000 00000000: add_timer_randomness(.. 256) with jiffies: 16475306144420298363, cycles: -1971437933583925239
[    4.699165] random 0000 0000 0000 00000000 00000000: added 11 entropy credits to input
[    4.699169] ide-cd: hda: ATAPI 24X DVD-ROM DVD-R/RAM CD-R/RW drive, 2048kB Cache
[    4.699620] Uniform CD-ROM driver Revision: 3.20
[    4.702405] random 0011 0000 0000 00000000 00000000: add_disk_randomness(0:0) 00000000 00000000
[    4.702408] random 0011 0000 0000 00000000 00000000: add_timer_randomness(.. 256) with jiffies: 16504518188390383230, cycles: -1942225889613840375
[    4.702411] random 0011 0000 0000 00000000 00000000: added 1 entropy credits to input
[    4.702414] random 0012 0000 0000 00000000 00000000: add_disk_randomness(0:0) 00000000 00000000
[    4.702417] random 0012 0000 0000 00000000 00000000: add_timer_randomness(.. 256) with jiffies: 16504595394722496126, cycles: -1942148683281727479
[    4.704402] random 0012 0000 0000 00000000 00000000: add_disk_randomness(0:0) 00000000 00000000
[    4.704405] random 0012 0000 0000 00000000 00000000: add_timer_randomness(.. 256) with jiffies: 16522481876221001344, cycles: -1924262201783222263
[    4.704407] random 0012 0000 0000 00000000 00000000: added 1 entropy credits to input
[    4.704410] random 0013 0000 0000 00000000 00000000: add_disk_randomness(0:0) 00000000 00000000
[    4.704413] random 0013 0000 0000 00000000 00000000: add_timer_randomness(.. 256) with jiffies: 16522557278666849920, cycles: -1924186799337373687
[    4.706399] random 0013 0000 0000 00000000 00000000: add_disk_randomness(0:0) 00000000 00000000
[    4.706402] random 0013 0000 0000 00000000 00000000: add_timer_randomness(.. 256) with jiffies: 16540448042247749250, cycles: -1906296035756474359
[    4.706404] random 0013 0000 0000 00000000 00000000: added 1 entropy credits to input
[    4.706407] random 0014 0000 0000 00000000 00000000: add_disk_randomness(0:0) 00000000 00000000
[    4.706410] random 0014 0000 0000 00000000 00000000: add_timer_randomness(.. 256) with jiffies: 16540521142591127170, cycles: -1906222935413096439
[    4.706684] Loading iSCSI transport class v2.0-870.
[    4.706968] rdac: device handler registered
[    4.707056] hp_sw: device handler registered
[    4.707147] emc: device handler registered
[    4.707234] alua: device handler registered
[    4.708227] Adaptec aacraid driver 1.1-5[2461]-ms
[    4.708655] scsi: <fdomain> Detection failed (no card)
[    4.708749] sym53c416.c: Version 1.0.0-ac
[    4.708858] qlogicfas: no cards were found, please specify I/O address and IRQ using iobase= and irq= options
[    4.708986] QLogic Fibre Channel HBA Driver: 8.03.01-k6
[    4.709207] iscsi: registered transport (qla4xxx)
[    4.709321] QLogic iSCSI HBA Driver
[    4.709413] Emulex LightPulse Fibre Channel SCSI driver 8.3.4
[    4.709510] Copyright(c) 2004-2009 Emulex.  All rights reserved.
[    4.731504] Failed initialization of WD-7000 SCSI card!
[    4.819804] DC390: clustering now enabled by default. If you get problems load
[    4.819923]        with "disable_clustering=1" and report to maintainers
[    4.820055] megaraid cmm: 2.20.2.7 (Release Date: Sun Jul 16 00:01:03 EST 2006)
[    4.820207] megaraid: 2.20.5.1 (Release Date: Thu Nov 16 15:32:35 EST 2006)
[    4.820325] megasas: 00.00.04.01 Thu July 24 11:41:51 PST 2008
[    4.820460] GDT-HA: Storage RAID Controller Driver. Version: 3.05
[    4.820611] 3ware Storage Controller device driver for Linux v1.26.02.002.
[    4.820723] 3ware 9000 Storage Controller device driver for Linux v2.26.02.012.
[    4.820867] nsp32: loading...
[    4.820972] ipr: IBM Power RAID SCSI Device Driver version: 2.4.3 (June 10, 2009)
[    4.821115] RocketRAID 3xxx/4xxx Controller driver v1.6 (090910)
[    4.821226] stex: Promise SuperTrak EX Driver version: 4.6.0000.3
[    4.821361] st: Version 20081215, fixed bufsize 32768, s/g segs 256
[    4.821564] ahci 0000:00:1f.2: version 3.0
[    4.821579] ahci 0000:00:1f.2: PCI INT B -> GSI 16 (level, low) -> IRQ 16
[    4.821711] ahci 0000:00:1f.2: irq 29 for MSI/MSI-X
[    4.821773] ahci 0000:00:1f.2: AHCI 0001.0100 32 slots 3 ports 1.5 Gbps 0x5 impl SATA mode
[    4.821897] ahci 0000:00:1f.2: flags: 64bit ncq sntf pm led clo pio slum part ccc 
[    4.822021] ahci 0000:00:1f.2: setting latency timer to 64
[    4.822165] scsi2 : ahci
[    4.822323] scsi3 : ahci
[    4.822462] scsi4 : ahci
[    4.822650] ata1: SATA max UDMA/133 abar m2048@0xfe226000 port 0xfe226100 irq 29
[    4.822773] ata2: DUMMY
[    4.822858] ata3: SATA max UDMA/133 abar m2048@0xfe226000 port 0xfe226200 irq 29
[    4.823464] I2O subsystem v1.325
[    4.823564] i2o: max drivers = 8
[    4.823709] I2O Configuration OSM v1.323
[    4.823813] I2O Bus Adapter OSM v1.317
[    4.823915] I2O Block Device OSM v1.325
[    4.824061] I2O SCSI Peripheral OSM v1.316
[    4.824167] I2O ProcFS OSM v1.316
[    4.824274] Fusion MPT base driver 3.04.12
[    4.824365] Copyright (c) 1999-2008 LSI Corporation
[    4.824456] Fusion MPT SPI Host driver 3.04.12
[    4.824620] Fusion MPT FC Host driver 3.04.12
[    4.824733] Fusion MPT SAS Host driver 3.04.12
[    4.824882] ohci1394 0000:15:00.1: PCI INT B -> GSI 17 (level, low) -> IRQ 17
[    4.824979] ohci1394 0000:15:00.1: setting latency timer to 64
[    4.878513] ohci1394: fw-host0: OHCI-1394 1.1 (PCI): IRQ=[17]  MMIO=[f8301000-f83017ff]  Max Packet=[2048]  IR/IT contexts=[4/4]
[    4.882785] ehci_hcd: USB 2.0 'Enhanced' Host Controller (EHCI) Driver
[    4.883059] ehci_hcd 0000:00:1a.7: power state changed by ACPI to D0
[    4.883300] ehci_hcd 0000:00:1a.7: power state changed by ACPI to D0
[    4.883401] ehci_hcd 0000:00:1a.7: PCI INT C -> GSI 22 (level, low) -> IRQ 22
[    4.883507] ehci_hcd 0000:00:1a.7: setting latency timer to 64
[    4.883512] ehci_hcd 0000:00:1a.7: EHCI Host Controller
[    4.883647] ehci_hcd 0000:00:1a.7: new USB bus registered, assigned bus number 1
[    4.887689] ehci_hcd 0000:00:1a.7: cache line size of 32 is not supported
[    4.887698] ehci_hcd 0000:00:1a.7: irq 22, io mem 0xfe226c00
[    4.897472] ehci_hcd 0000:00:1a.7: USB 2.0 started, EHCI 1.00
[    4.897577] usb usb1: New USB device found, idVendor=1d6b, idProduct=0002
[    4.897671] usb usb1: New USB device strings: Mfr=3, Product=2, SerialNumber=1
[    4.897793] usb usb1: Product: EHCI Host Controller
[    4.897877] usb usb1: Manufacturer: Linux 2.6.32.57 ehci_hcd
[    4.897966] usb usb1: SerialNumber: 0000:00:1a.7
[    4.898107] usb usb1: configuration #1 chosen from 1 choice
[    4.898225] hub 1-0:1.0: USB hub found
[    4.898318] hub 1-0:1.0: 4 ports detected
[    4.898674] ehci_hcd 0000:00:1d.7: power state changed by ACPI to D0
[    4.898927] ehci_hcd 0000:00:1d.7: power state changed by ACPI to D0
[    4.899027] ehci_hcd 0000:00:1d.7: PCI INT D -> GSI 19 (level, low) -> IRQ 19
[    4.899126] ehci_hcd 0000:00:1d.7: setting latency timer to 64
[    4.899131] ehci_hcd 0000:00:1d.7: EHCI Host Controller
[    4.899260] ehci_hcd 0000:00:1d.7: new USB bus registered, assigned bus number 2
[    4.899409] ehci_hcd 0000:00:1d.7: debug port 1
[    4.903400] ehci_hcd 0000:00:1d.7: cache line size of 32 is not supported
[    4.903408] ehci_hcd 0000:00:1d.7: irq 19, io mem 0xfe227000
[    4.913471] ehci_hcd 0000:00:1d.7: USB 2.0 started, EHCI 1.00
[    4.913571] usb usb2: New USB device found, idVendor=1d6b, idProduct=0002
[    4.913661] usb usb2: New USB device strings: Mfr=3, Product=2, SerialNumber=1
[    4.913783] usb usb2: Product: EHCI Host Controller
[    4.913873] usb usb2: Manufacturer: Linux 2.6.32.57 ehci_hcd
[    4.913963] usb usb2: SerialNumber: 0000:00:1d.7
[    4.914099] usb usb2: configuration #1 chosen from 1 choice
[    4.914221] hub 2-0:1.0: USB hub found
[    4.914314] hub 2-0:1.0: 6 ports detected
[    4.914493] 116x: driver isp116x-hcd, 03 Nov 2005
[    4.914594] ohci_hcd: USB 1.1 'Open' Host Controller (OHCI) Driver
[    4.914707] uhci_hcd: USB Universal Host Controller Interface driver
[    4.914817] uhci_hcd 0000:00:1a.0: PCI INT A -> GSI 20 (level, low) -> IRQ 20
[    4.914917] uhci_hcd 0000:00:1a.0: setting latency timer to 64
[    4.914922] uhci_hcd 0000:00:1a.0: UHCI Host Controller
[    4.915048] uhci_hcd 0000:00:1a.0: new USB bus registered, assigned bus number 3
[    4.915205] uhci_hcd 0000:00:1a.0: irq 20, io base 0x00001860
[    4.915323] usb usb3: New USB device found, idVendor=1d6b, idProduct=0001
[    4.915412] usb usb3: New USB device strings: Mfr=3, Product=2, SerialNumber=1
[    4.915538] usb usb3: Product: UHCI Host Controller
[    4.915629] usb usb3: Manufacturer: Linux 2.6.32.57 uhci_hcd
[    4.915718] usb usb3: SerialNumber: 0000:00:1a.0
[    4.915853] usb usb3: configuration #1 chosen from 1 choice
[    4.915971] hub 3-0:1.0: USB hub found
[    4.916062] hub 3-0:1.0: 2 ports detected
[    4.916362] uhci_hcd 0000:00:1a.1: power state changed by ACPI to D0
[    4.916609] uhci_hcd 0000:00:1a.1: power state changed by ACPI to D0
[    4.916706] uhci_hcd 0000:00:1a.1: PCI INT B -> GSI 21 (level, low) -> IRQ 21
[    4.916804] uhci_hcd 0000:00:1a.1: setting latency timer to 64
[    4.916807] uhci_hcd 0000:00:1a.1: UHCI Host Controller
[    4.916941] uhci_hcd 0000:00:1a.1: new USB bus registered, assigned bus number 4
[    4.917091] uhci_hcd 0000:00:1a.1: irq 21, io base 0x00001880
[    4.917208] usb usb4: New USB device found, idVendor=1d6b, idProduct=0001
[    4.917298] usb usb4: New USB device strings: Mfr=3, Product=2, SerialNumber=1
[    4.917419] usb usb4: Product: UHCI Host Controller
[    4.917514] usb usb4: Manufacturer: Linux 2.6.32.57 uhci_hcd
[    4.917605] usb usb4: SerialNumber: 0000:00:1a.1
[    4.917744] usb usb4: configuration #1 chosen from 1 choice
[    4.917862] hub 4-0:1.0: USB hub found
[    4.917955] hub 4-0:1.0: 2 ports detected
[    4.918243] uhci_hcd 0000:00:1d.0: power state changed by ACPI to D0
[    4.918492] uhci_hcd 0000:00:1d.0: power state changed by ACPI to D0
[    4.918585] uhci_hcd 0000:00:1d.0: PCI INT A -> GSI 16 (level, low) -> IRQ 16
[    4.918681] uhci_hcd 0000:00:1d.0: setting latency timer to 64
[    4.918687] uhci_hcd 0000:00:1d.0: UHCI Host Controller
[    4.918816] uhci_hcd 0000:00:1d.0: new USB bus registered, assigned bus number 5
[    4.918964] uhci_hcd 0000:00:1d.0: irq 16, io base 0x000018a0
[    4.919077] usb usb5: New USB device found, idVendor=1d6b, idProduct=0001
[    4.919173] usb usb5: New USB device strings: Mfr=3, Product=2, SerialNumber=1
[    4.919296] usb usb5: Product: UHCI Host Controller
[    4.919386] usb usb5: Manufacturer: Linux 2.6.32.57 uhci_hcd
[    4.919489] usb usb5: SerialNumber: 0000:00:1d.0
[    4.919627] usb usb5: configuration #1 chosen from 1 choice
[    4.919748] hub 5-0:1.0: USB hub found
[    4.919842] hub 5-0:1.0: 2 ports detected
[    4.919989] uhci_hcd 0000:00:1d.1: PCI INT B -> GSI 17 (level, low) -> IRQ 17
[    4.920088] uhci_hcd 0000:00:1d.1: setting latency timer to 64
[    4.920091] uhci_hcd 0000:00:1d.1: UHCI Host Controller
[    4.920215] uhci_hcd 0000:00:1d.1: new USB bus registered, assigned bus number 6
[    4.920363] uhci_hcd 0000:00:1d.1: irq 17, io base 0x000018c0
[    4.920484] usb usb6: New USB device found, idVendor=1d6b, idProduct=0001
[    4.920574] usb usb6: New USB device strings: Mfr=3, Product=2, SerialNumber=1
[    4.920699] usb usb6: Product: UHCI Host Controller
[    4.920787] usb usb6: Manufacturer: Linux 2.6.32.57 uhci_hcd
[    4.920878] usb usb6: SerialNumber: 0000:00:1d.1
[    4.921012] usb usb6: configuration #1 chosen from 1 choice
[    4.921127] hub 6-0:1.0: USB hub found
[    4.921222] hub 6-0:1.0: 2 ports detected
[    4.921547] uhci_hcd 0000:00:1d.2: power state changed by ACPI to D0
[    4.921790] uhci_hcd 0000:00:1d.2: power state changed by ACPI to D0
[    4.921886] uhci_hcd 0000:00:1d.2: PCI INT C -> GSI 18 (level, low) -> IRQ 18
[    4.921985] uhci_hcd 0000:00:1d.2: setting latency timer to 64
[    4.921989] uhci_hcd 0000:00:1d.2: UHCI Host Controller
[    4.922119] uhci_hcd 0000:00:1d.2: new USB bus registered, assigned bus number 7
[    4.922275] uhci_hcd 0000:00:1d.2: irq 18, io base 0x000018e0
[    4.922390] usb usb7: New USB device found, idVendor=1d6b, idProduct=0001
[    4.922490] usb usb7: New USB device strings: Mfr=3, Product=2, SerialNumber=1
[    4.922610] usb usb7: Product: UHCI Host Controller
[    4.922700] usb usb7: Manufacturer: Linux 2.6.32.57 uhci_hcd
[    4.922792] usb usb7: SerialNumber: 0000:00:1d.2
[    4.923587] usb usb7: configuration #1 chosen from 1 choice
[    4.923705] hub 7-0:1.0: USB hub found
[    4.923798] hub 7-0:1.0: 2 ports detected
[    4.923956] sl811: driver sl811-hcd, 19 May 2005
[    4.924063] r8a66597_hcd: driver r8a66597_hcd, 2009-05-26
[    4.924230] Initializing USB Mass Storage driver...
[    4.924356] usbcore: registered new interface driver usb-storage
[    4.924450] USB Mass Storage support registered.
[    4.924561] usbcore: registered new interface driver ums-alauda
[    4.924667] usbcore: registered new interface driver ums-cypress
[    4.924776] usbcore: registered new interface driver ums-datafab
[    4.924884] usbcore: registered new interface driver ums-freecom
[    4.924992] usbcore: registered new interface driver ums-isd200
[    4.925103] usbcore: registered new interface driver ums-jumpshot
[    4.925214] usbcore: registered new interface driver ums-karma
[    4.925325] usbcore: registered new interface driver ums-onetouch
[    4.925434] usbcore: registered new interface driver ums-sddr09
[    4.925559] usbcore: registered new interface driver ums-sddr55
[    4.925670] usbcore: registered new interface driver ums-usbat
[    4.925817] PNP: PS/2 Controller [PNP0303:KBD,PNP0f13:MOU] at 0x60,0x64 irq 1,12
[    4.934836] serio: i8042 KBD port at 0x60,0x64 irq 1
[    4.934927] serio: i8042 AUX port at 0x60,0x64 irq 12
[    4.935168] mice: PS/2 mouse device common for all mice
[    4.935281] i2c /dev entries driver
[    4.935411] md: linear personality registered for level -1
[    4.935510] md: raid0 personality registered for level 0
[    4.935602] md: raid1 personality registered for level 1
[    4.935695] md: raid10 personality registered for level 10
[    4.935785] md: raid6 personality registered for level 6
[    4.935878] md: raid5 personality registered for level 5
[    4.935972] md: raid4 personality registered for level 4
[    4.936061] md: multipath personality registered for level -4
[    4.936252] device-mapper: ioctl: 4.15.0-ioctl (2009-04-01) initialised: dm-devel@redhat.com
[    4.936458] cpuidle: using governor ladder
[    4.937069] usbcore: registered new interface driver usbhid
[    4.937159] usbhid: v2.6:USB HID core driver
[    4.937312] random 0014 0000 0000 00000000 00000000: rand_read_num 4 get_random_bytes(136): sig 00000000 00000000 00000000
[    4.937315] random 0014 0000 0000 00000000 00000000: extract_entropy(.. 136 ..)
[    4.937318] random 0014 0000 0000 00000000 00000000: going to reseed nonblocking with 1024 bits (1088 of 0 requested)
[    4.937320] random 0014 0000 0000 00000000 00000000: extract_entropy(.. 128 ..)
[    4.937322] random 0014 0000 0000 00000000 00000000: trying to extract 1024 bits from input
[    4.937324] random 0014 0000 0000 00000000 00000000: debiting 0 entropy credits from input
[    4.937326] random 0014 0000 0000 00000000 00000000: extract_entropy account returned: 0 
[    4.937329] random 0014 0000 0000 00000000 00000000: urand_change_num 7 xfer_secondary_pool(136): pool_sig 00000000, data_sig 00000000, bytes_mixed 0 00000000 00000000
[    4.937332] random 0014 0000 0000 00000000 00000000: trying to extract 1088 bits from nonblocking
[    4.937335] random 0014 0000 0000 00000000 00000000: debiting 1088 entropy credits from nonblocking (unlimited)
[    4.937337] random 0014 0000 0000 00000000 00000000: extract_entropy account returned: 136 
[    4.937341] random 0014 0000 0000 00000000 00000000: urand_change_num 8 extract_buf: pool_sig 00000000, data_sig fffffff9, bytes_mixed 20 00000000 00000000
[    4.937347] random 0014 0000 0000 b7c35b56 be4dc95d: urand_change_num 9 extract_buf: pool_sig fffffd1e, data_sig 000000c5, bytes_mixed 20 b7c35b56 be4dc95d
[    4.937352] random 0014 0000 0000 ed9f5c47 c48487fb: urand_change_num 10 extract_buf: pool_sig fffff8ec, data_sig ffffff68, bytes_mixed 20 ed9f5c47 c48487fb
[    4.937358] random 0014 0000 0000 ed9f5c47 c48487fb: urand_change_num 11 extract_buf: pool_sig fffffaed, data_sig 000001aa, bytes_mixed 20 ed9f5c47 c48487fb
[    4.937363] random 0014 0000 0000 1b4f7c0a 91bd6a48: urand_change_num 12 extract_buf: pool_sig fffffdd8, data_sig 00000064, bytes_mixed 20 1b4f7c0a 91bd6a48
[    4.937368] random 0014 0000 0000 a254b9bc 20e9a24f: urand_change_num 13 extract_buf: pool_sig fffffbe6, data_sig 000001dd, bytes_mixed 20 a254b9bc 20e9a24f
[    4.937373] random 0014 0000 0000 a254b9bc 20e9a24f: urand_change_num 14 extract_buf: pool_sig fffff940, data_sig fffffe20, bytes_mixed 20 a254b9bc 20e9a24f
[    4.937379] random 0014 0000 0000 2831a66b 5fa2a3ad: urand_change_num 15 extract_buf: pool_sig fffffbce, data_sig 0000007e, bytes_mixed 20 2831a66b 5fa2a3ad
[    4.937384] random 0014 0000 0000 2831a66b 5fa2a3ad: urand_change_num 16 extract_buf: pool_sig 000004df, data_sig fffffe8f, bytes_mixed 20 2831a66b 5fa2a3ad
[    4.937389] random 0014 0000 0000 d4512bfd c9a54e0b: urand_change_num 17 extract_buf: pool_sig 00000485, data_sig fffffe68, bytes_mixed 20 d4512bfd c9a54e0b
[    4.937394] random 0014 0000 0000 c7371be6 f9ffea11: urand_change_num 18 extract_buf: pool_sig 00000095, data_sig ffffffed, bytes_mixed 20 c7371be6 f9ffea11
[    4.937399] random 0014 0000 0000 c7371be6 f9ffea11: urand_change_num 19 extract_buf: pool_sig 000003a7, data_sig fffffefa, bytes_mixed 20 c7371be6 f9ffea11
[    4.937405] random 0014 0000 0000 8fb4b62c d1ddba54: urand_change_num 20 extract_buf: pool_sig 00000179, data_sig ffffff78, bytes_mixed 20 8fb4b62c d1ddba54
[    4.937410] random 0014 0000 0000 9ff19f9c c07a1d2a: urand_change_num 21 extract_buf: pool_sig fffffe88, data_sig 00000126, bytes_mixed 20 9ff19f9c c07a1d2a
[    4.937414] TCP cubic registered
[    4.937508] Initializing XFRM netlink socket
[    4.937606] NET: Registered protocol family 17
[    4.937700] Using IPI Shortcut mode
[    4.937791] random 0014 0000 0000 9ff19f9c c07a1d2a: rand_read_num 5 get_random_bytes(8): sig 0000031b 9ff19f9c c07a1d2a
[    4.937794] random 0014 0000 0000 9ff19f9c c07a1d2a: extract_entropy(.. 8 ..)
[    4.937796] random 0014 0000 0000 9ff19f9c c07a1d2a: going to reseed nonblocking with 64 bits (64 of 0 requested)
[    4.937798] random 0014 0000 0000 9ff19f9c c07a1d2a: extract_entropy(.. 8 ..)
[    4.937800] random 0014 0000 0000 9ff19f9c c07a1d2a: trying to extract 64 bits from input
[    4.937802] random 0014 0000 0000 9ff19f9c c07a1d2a: debiting 0 entropy credits from input
[    4.937804] random 0014 0000 0000 9ff19f9c c07a1d2a: extract_entropy account returned: 0 
[    4.937808] random 0014 0000 0000 9ff19f9c c07a1d2a: urand_change_num 22 xfer_secondary_pool(8): pool_sig 0000031b, data_sig 00000000, bytes_mixed 0 9ff19f9c c07a1d2a
[    4.937811] random 0014 0000 0000 9ff19f9c c07a1d2a: trying to extract 64 bits from nonblocking
[    4.937813] random 0014 0000 0000 9ff19f9c c07a1d2a: debiting 64 entropy credits from nonblocking (unlimited)
[    4.937815] random 0014 0000 0000 9ff19f9c c07a1d2a: extract_entropy account returned: 8 
[    4.937819] random 0014 0000 0000 9ff19f9c c07a1d2a: urand_change_num 23 extract_buf: pool_sig 0000031b, data_sig ffffffb3, bytes_mixed 20 9ff19f9c c07a1d2a
[    4.939254] input: AT Translated Set 2 keyboard as /devices/platform/i8042/serio0/input/input1
[    5.127466] ata3: SATA link down (SStatus 0 SControl 300)
[    5.127586] ata1: SATA link up 1.5 Gbps (SStatus 113 SControl 300)
[    5.129428] ata1.00: ACPI cmd ef/02:00:00:00:00:a0 (SET FEATURES) succeeded
[    5.129431] ata1.00: ACPI cmd f5/00:00:00:00:00:a0 (SECURITY FREEZE LOCK) filtered out
[    5.130819] ata1.00: ACPI cmd ef/5f:00:00:00:00:a0 (SET FEATURES) succeeded
[    5.130821] ata1.00: ACPI cmd ef/10:03:00:00:00:a0 (SET FEATURES) filtered out
[    5.132731] ata1.00: ATA-7: ST910021AS, 4.06, max UDMA/100
[    5.132821] ata1.00: 195371568 sectors, multi 16: LBA48 
[    5.134972] ata1.00: ACPI cmd ef/02:00:00:00:00:a0 (SET FEATURES) succeeded
[    5.134975] ata1.00: ACPI cmd f5/00:00:00:00:00:a0 (SECURITY FREEZE LOCK) filtered out
[    5.136364] ata1.00: ACPI cmd ef/5f:00:00:00:00:a0 (SET FEATURES) succeeded
[    5.136366] ata1.00: ACPI cmd ef/10:03:00:00:00:a0 (SET FEATURES) filtered out
[    5.138293] ata1.00: configured for UDMA/100
[    5.148514] scsi 2:0:0:0: Direct-Access     ATA      ST910021AS       4.06 PQ: 0 ANSI: 5
[    5.148798] sd 2:0:0:0: [sda] 195371568 512-byte logical blocks: (100 GB/93.1 GiB)
[    5.148943] sd 2:0:0:0: [sda] Write Protect is off
[    5.149033] sd 2:0:0:0: [sda] Mode Sense: 00 3a 00 00
[    5.149045] sd 2:0:0:0: [sda] Write cache: enabled, read cache: enabled, doesn't support DPO or FUA
[    5.149238]  sda:
[    5.581454] random 0014 0000 0000 277f73c3 42024bb9: add_disk_randomness(8:0) 277f73c3 42024bb9
[    5.581538] random 0014 0000 0000 277f73c3 42024bb9: add_timer_randomness(.. 8388864) with jiffies: 5967385788210184600, cycles: 5967385783915511818
[    5.581541] random 0014 0000 0000 277f73c3 42024bb9: added 11 entropy credits to input
[    5.581546]  sda1 sda2
[    5.582024] random 0025 0000 0000 277f73c3 42024bb9: add_disk_randomness(8:0) 277f73c3 42024bb9
[    5.582027] random 0025 0000 0000 277f73c3 42024bb9: add_timer_randomness(.. 8388864) with jiffies: 5971792729598558616, cycles: 5971792725303885834
[    5.582178] sd 2:0:0:0: [sda] Attached SCSI disk
[    5.582274] random 0025 0000 0000 277f73c3 42024bb9: rand_read_num 6 get_random_bytes(12): sig 000007e9 277f73c3 42024bb9
[    5.582277] random 0025 0000 0000 277f73c3 42024bb9: extract_entropy(.. 12 ..)
[    5.582279] random 0025 0000 0000 277f73c3 42024bb9: going to reseed nonblocking with 96 bits (96 of 0 requested)
[    5.582282] random 0025 0000 0000 277f73c3 42024bb9: extract_entropy(.. 12 ..)
[    5.582284] random 0025 0000 0000 277f73c3 42024bb9: trying to extract 96 bits from input
[    5.582286] random 0025 0000 0000 277f73c3 42024bb9: debiting 0 entropy credits from input
[    5.582288] random 0025 0000 0000 277f73c3 42024bb9: extract_entropy account returned: 0 
[    5.582291] random 0025 0000 0000 277f73c3 42024bb9: urand_change_num 24 xfer_secondary_pool(12): pool_sig 000007e9, data_sig 00000000, bytes_mixed 0 277f73c3 42024bb9
[    5.582294] random 0025 0000 0000 277f73c3 42024bb9: trying to extract 96 bits from nonblocking
[    5.582297] random 0025 0000 0000 277f73c3 42024bb9: debiting 96 entropy credits from nonblocking (unlimited)
[    5.582299] random 0025 0000 0000 277f73c3 42024bb9: extract_entropy account returned: 12 
[    5.582303] random 0025 0000 0000 277f73c3 42024bb9: urand_change_num 25 extract_buf: pool_sig 000007e9, data_sig 00000088, bytes_mixed 20 277f73c3 42024bb9
[    5.582308] random 0025 0000 0000 277f73c3 42024bb9: urand_change_num 26 extract_buf: pool_sig 00000498, data_sig fffffefb, bytes_mixed 20 277f73c3 42024bb9
[    5.582311] RANDOM - __seed init called.
[    5.582312] RANDOM - __seed init called.
[    5.582313] RANDOM - __seed init called.
[    5.582315] RANDOM - __random32 called. Change num 12.  Value: 87f14767	f0d7351	b1e48bd3
[    5.582317] RANDOM - random32_reseed called.  Value: 87f14767	f0d7351	b1e48bd3
[    5.582319] Pid: 1, comm: swapper Not tainted 2.6.32.57 #6
[    5.582414] Call Trace:
[    5.582505]  [<c1923ca4>] ? random32_reseed+0xa0/0xb1
[    5.582598]  [<c1923c04>] ? random32_reseed+0x0/0xb1
[    5.582690]  [<c100111e>] ? do_one_initcall+0x2e/0x180
[    5.582780]  [<c1907265>] ? kernel_init+0xad/0x103
[    5.582867]  [<c19071b8>] ? kernel_init+0x0/0x103
[    5.582959]  [<c1003787>] ? kernel_thread_helper+0x7/0x10
[    5.583498] random 0025 0000 0000 386b4e60 ee4d4880: rand_read_num 7 get_random_bytes(64): sig fffffea5 386b4e60 ee4d4880
[    5.583501] random 0025 0000 0000 386b4e60 ee4d4880: extract_entropy(.. 64 ..)
[    5.583503] random 0025 0000 0000 386b4e60 ee4d4880: going to reseed nonblocking with 512 bits (512 of 0 requested)
[    5.583505] random 0025 0000 0000 386b4e60 ee4d4880: extract_entropy(.. 64 ..)
[    5.583508] random 0025 0000 0000 386b4e60 ee4d4880: trying to extract 512 bits from input
[    5.583510] random 0025 0000 0000 386b4e60 ee4d4880: debiting 0 entropy credits from input
[    5.583512] random 0025 0000 0000 386b4e60 ee4d4880: extract_entropy account returned: 0 
[    5.583515] random 0025 0000 0000 386b4e60 ee4d4880: urand_change_num 27 xfer_secondary_pool(64): pool_sig fffffea5, data_sig 00000000, bytes_mixed 0 386b4e60 ee4d4880
[    5.583518] random 0025 0000 0000 386b4e60 ee4d4880: trying to extract 512 bits from nonblocking
[    5.583520] random 0025 0000 0000 386b4e60 ee4d4880: debiting 512 entropy credits from nonblocking (unlimited)
[    5.583522] random 0025 0000 0000 386b4e60 ee4d4880: extract_entropy account returned: 64 
[    5.583526] random 0025 0000 0000 386b4e60 ee4d4880: urand_change_num 28 extract_buf: pool_sig fffffea5, data_sig 00000173, bytes_mixed 20 386b4e60 ee4d4880
[    5.583532] random 0025 0000 0000 412698f6 0cc8689a: urand_change_num 29 extract_buf: pool_sig 00000122, data_sig ffffff63, bytes_mixed 20 412698f6 0cc8689a
[    5.583537] random 0025 0000 0000 412698f6 0cc8689a: urand_change_num 30 extract_buf: pool_sig 000001f7, data_sig 00000012, bytes_mixed 20 412698f6 0cc8689a
[    5.583543] random 0025 0000 0000 9669941e 06f768b1: urand_change_num 31 extract_buf: pool_sig fffffb5b, data_sig 0000003f, bytes_mixed 20 9669941e 06f768b1
[    5.583548] random 0025 0000 0000 98486520 995551f0: urand_change_num 32 extract_buf: pool_sig fffffb39, data_sig 0000000e, bytes_mixed 20 98486520 995551f0
[    5.583553] random 0025 0000 0000 98486520 995551f0: urand_change_num 33 extract_buf: pool_sig fffffd8d, data_sig 000001a6, bytes_mixed 20 98486520 995551f0
[    5.583558] random 0025 0000 0000 61fc8914 d5882ed2: urand_change_num 34 extract_buf: pool_sig fffffa58, data_sig 0000023e, bytes_mixed 20 61fc8914 d5882ed2
[    5.583589] random 0025 0000 0000 61fc8914 d5882ed2: rand_read_num 8 get_random_bytes(64): sig fffff9ee 61fc8914 d5882ed2
[    5.583592] random 0025 0000 0000 61fc8914 d5882ed2: extract_entropy(.. 64 ..)
[    5.583594] random 0025 0000 0000 61fc8914 d5882ed2: going to reseed nonblocking with 512 bits (512 of 0 requested)
[    5.583596] random 0025 0000 0000 61fc8914 d5882ed2: extract_entropy(.. 64 ..)
[    5.583598] random 0025 0000 0000 61fc8914 d5882ed2: trying to extract 512 bits from input
[    5.583601] random 0025 0000 0000 61fc8914 d5882ed2: debiting 0 entropy credits from input
[    5.583603] random 0025 0000 0000 61fc8914 d5882ed2: extract_entropy account returned: 0 
[    5.583606] random 0025 0000 0000 61fc8914 d5882ed2: urand_change_num 35 xfer_secondary_pool(64): pool_sig fffff9ee, data_sig 00000000, bytes_mixed 0 61fc8914 d5882ed2
[    5.583609] random 0025 0000 0000 61fc8914 d5882ed2: trying to extract 512 bits from nonblocking
[    5.583611] random 0025 0000 0000 61fc8914 d5882ed2: debiting 512 entropy credits from nonblocking (unlimited)
[    5.583613] random 0025 0000 0000 61fc8914 d5882ed2: extract_entropy account returned: 64 
[    5.583617] random 0025 0000 0000 61fc8914 d5882ed2: urand_change_num 36 extract_buf: pool_sig fffff9ee, data_sig ffffff85, bytes_mixed 20 61fc8914 d5882ed2
[    5.583623] random 0025 0000 0000 70cfd302 e5edec11: urand_change_num 37 extract_buf: pool_sig fffffdc1, data_sig ffffffde, bytes_mixed 20 70cfd302 e5edec11
[    5.583628] random 0025 0000 0000 00dab838 eafd2b30: urand_change_num 38 extract_buf: pool_sig 000003da, data_sig ffffff61, bytes_mixed 20 00dab838 eafd2b30
[    5.583633] random 0025 0000 0000 00dab838 eafd2b30: urand_change_num 39 extract_buf: pool_sig 00000314, data_sig 00000121, bytes_mixed 20 00dab838 eafd2b30
[    5.583639] random 0025 0000 0000 5fcdf66a 6442b608: urand_change_num 40 extract_buf: pool_sig 0000028b, data_sig fffffefd, bytes_mixed 20 5fcdf66a 6442b608
[    5.583644] random 0025 0000 0000 61333f6b 8fae0f9b: urand_change_num 41 extract_buf: pool_sig 000000cb, data_sig 000000b3, bytes_mixed 20 61333f6b 8fae0f9b
[    5.583649] random 0025 0000 0000 61333f6b 8fae0f9b: urand_change_num 42 extract_buf: pool_sig fffffef8, data_sig 00000051, bytes_mixed 20 61333f6b 8fae0f9b
[    5.583652] BEGIN NET_SECRET:
[    5.583653] \xffffffe0
[    5.583654] \xffffffb6
[    5.583655] \x36
[    5.583655] \xffffffb5
[    5.583656] \xffffff94
[    5.583657] \xffffffb2
[    5.583658] \xffffffa8
[    5.583659] \xffffffda
[    5.583660] \x5b
[    5.583660] \x19
[    5.583661] \x18
[    5.583662] \x5c
[    5.583663] \x2b
[    5.583663] \x1
[    5.583664] \xffffff90
[    5.583665] \x19
[    5.583666] \x3c
[    5.583666] \xfffffff2
[    5.583667] \xffffff82
[    5.583668] \x2a
[    5.583669] \xffffffb3
[    5.583670] \xffffffa2
[    5.583670] \x3f
[    5.583671] \x5
[    5.583672] \x52
[    5.583673] \x77
[    5.583673] \x57
[    5.583674] \x79
[    5.583675] \x16
[    5.583675] \x43
[    5.583676] \xffffff84
[    5.583677] \xffffffc3
[    5.583678] \xffffffe9
[    5.583679] \x79
[    5.583679] \x50
[    5.583680] \xffffff8e
[    5.583681] \x3f
[    5.583682] \xfffffff3
[    5.583682] \x19
[    5.583683] \x2a
[    5.583684] \xfffffffd
[    5.583685] \xfffffffb
[    5.583685] \x62
[    5.583686] \x3c
[    5.583687] \xffffffac
[    5.583688] \x1c
[    5.583688] \x3b
[    5.583689] \x3b
[    5.583690] \x15
[    5.583691] \x27
[    5.583691] \xffffffa8
[    5.583692] \x22
[    5.583693] \xffffffc5
[    5.583694] \xffffff9a
[    5.583695] \x5
[    5.583695] \x6c
[    5.583696] \xffffffa8
[    5.583697] \x3a
[    5.583698] \x44
[    5.583698] \xffffffaf
[    5.583699] \x13
[    5.583700] \xffffffe0
[    5.583701] \xffffff9d
[    5.583702] \x22
[    5.583702] 
[    5.583703] END NET_SECRET
[    5.583706] random 0025 0000 0000 e7f555d9 e8ce5c3c: rand_read_num 9 get_random_bytes(4): sig 0000068c e7f555d9 e8ce5c3c
[    5.583708] random 0025 0000 0000 e7f555d9 e8ce5c3c: extract_entropy(.. 4 ..)
[    5.583710] random 0025 0000 0000 e7f555d9 e8ce5c3c: going to reseed nonblocking with 64 bits (32 of 0 requested)
[    5.583712] random 0025 0000 0000 e7f555d9 e8ce5c3c: extract_entropy(.. 8 ..)
[    5.583715] random 0025 0000 0000 e7f555d9 e8ce5c3c: trying to extract 64 bits from input
[    5.583717] random 0025 0000 0000 e7f555d9 e8ce5c3c: debiting 0 entropy credits from input
[    5.583719] random 0025 0000 0000 e7f555d9 e8ce5c3c: extract_entropy account returned: 0 
[    5.583722] random 0025 0000 0000 e7f555d9 e8ce5c3c: urand_change_num 43 xfer_secondary_pool(4): pool_sig 0000068c, data_sig 00000000, bytes_mixed 0 e7f555d9 e8ce5c3c
[    5.583725] random 0025 0000 0000 e7f555d9 e8ce5c3c: trying to extract 32 bits from nonblocking
[    5.583727] random 0025 0000 0000 e7f555d9 e8ce5c3c: debiting 32 entropy credits from nonblocking (unlimited)
[    5.583729] random 0025 0000 0000 e7f555d9 e8ce5c3c: extract_entropy account returned: 4 
[    5.583733] random 0025 0000 0000 e7f555d9 e8ce5c3c: urand_change_num 44 extract_buf: pool_sig 0000068c, data_sig fffffdcb, bytes_mixed 20 e7f555d9 e8ce5c3c
[    5.583745] md: Waiting for all devices to be available before autodetect
[    5.583838] md: If you don't use raid, use raid=noautodetect
[    5.584002] md: Autodetecting RAID arrays.
[    5.584090] md: Scanned 0 and added 0 devices.
[    5.584177] md: autorun ...
[    5.584263] md: ... autorun DONE.
[    5.597660] random 0025 0000 0000 e7f555d9 e8ce5c3c: add_disk_randomness(8:0) e7f555d9 e8ce5c3c
[    5.597663] random 0025 0000 0000 e7f555d9 e8ce5c3c: add_timer_randomness(.. 8388864) with jiffies: 6112465325293011368, cycles: 6112465320998338570
[    5.597666] random 0025 0000 0000 e7f555d9 e8ce5c3c: added 4 entropy credits to input
[    5.598784] random 0029 0000 0000 e7f555d9 e8ce5c3c: add_disk_randomness(8:0) e7f555d9 e8ce5c3c
[    5.598787] random 0029 0000 0000 e7f555d9 e8ce5c3c: add_timer_randomness(.. 8388864) with jiffies: 6122579582433067433, cycles: 6122579578138394634
[    5.598901] random 0029 0000 0000 e7f555d9 e8ce5c3c: add_disk_randomness(8:0) e7f555d9 e8ce5c3c
[    5.598904] random 0029 0000 0000 e7f555d9 e8ce5c3c: add_timer_randomness(.. 8388864) with jiffies: 6123633816515609001, cycles: 6123633812220936202
[    5.598908] EXT3-fs: sda2: couldn't mount because of unsupported optional features (240).
[    5.599132] random 0029 0000 0000 e7f555d9 e8ce5c3c: add_disk_randomness(8:0) e7f555d9 e8ce5c3c
[    5.599135] random 0029 0000 0000 e7f555d9 e8ce5c3c: add_timer_randomness(.. 8388864) with jiffies: 6125717172006912425, cycles: 6125717167712239626
[    5.599139] EXT2-fs: sda2: couldn't mount because of unsupported optional features (240).
[    5.599361] random 0029 0000 0000 e7f555d9 e8ce5c3c: add_disk_randomness(8:0) e7f555d9 e8ce5c3c
[    5.599364] random 0029 0000 0000 e7f555d9 e8ce5c3c: add_timer_randomness(.. 8388864) with jiffies: 6127787582466785705, cycles: 6127787578172112906
[    5.599492] random 0029 0000 0000 e7f555d9 e8ce5c3c: add_disk_randomness(8:0) e7f555d9 e8ce5c3c
[    5.599495] random 0029 0000 0000 e7f555d9 e8ce5c3c: add_timer_randomness(.. 8388864) with jiffies: 6128952845748896170, cycles: 6128952841454223370
[    5.599656] random 0029 0000 0000 e7f555d9 e8ce5c3c: add_disk_randomness(8:0) e7f555d9 e8ce5c3c
[    5.599659] random 0029 0000 0000 e7f555d9 e8ce5c3c: add_timer_randomness(.. 8388864) with jiffies: 6130426848460112298, cycles: 6130426844165439498
[    5.599776] random 0029 0000 0000 e7f555d9 e8ce5c3c: add_disk_randomness(8:0) e7f555d9 e8ce5c3c
[    5.599779] random 0029 0000 0000 e7f555d9 e8ce5c3c: add_timer_randomness(.. 8388864) with jiffies: 6131504670503043498, cycles: 6131504666208370698
[    5.599891] random 0029 0000 0000 e7f555d9 e8ce5c3c: add_disk_randomness(8:0) e7f555d9 e8ce5c3c
[    5.599894] random 0029 0000 0000 e7f555d9 e8ce5c3c: add_timer_randomness(.. 8388864) with jiffies: 6132541857860387242, cycles: 6132541853565714442
[    5.600009] random 0029 0000 0000 e7f555d9 e8ce5c3c: add_disk_randomness(8:0) e7f555d9 e8ce5c3c
[    5.600012] random 0029 0000 0000 e7f555d9 e8ce5c3c: add_timer_randomness(.. 8388864) with jiffies: 6133613052768780714, cycles: 6133613048474107914
[    5.600157] random 0029 0000 0000 e7f555d9 e8ce5c3c: add_disk_randomness(8:0) e7f555d9 e8ce5c3c
[    5.600160] random 0029 0000 0000 e7f555d9 e8ce5c3c: add_timer_randomness(.. 8388864) with jiffies: 6134943689471656362, cycles: 6134943685176983562
[    5.600281] random 0029 0000 0000 e7f555d9 e8ce5c3c: add_disk_randomness(8:0) e7f555d9 e8ce5c3c
[    5.600284] random 0029 0000 0000 e7f555d9 e8ce5c3c: add_timer_randomness(.. 8388864) with jiffies: 6136058400988692906, cycles: 6136058396694020106
[    5.600529] random 0029 0000 0000 e7f555d9 e8ce5c3c: rand_read_num 10 get_random_bytes(4): sig ffffff72 e7f555d9 e8ce5c3c
[    5.600531] random 0029 0000 0000 e7f555d9 e8ce5c3c: extract_entropy(.. 4 ..)
[    5.600534] random 0029 0000 0000 e7f555d9 e8ce5c3c: going to reseed nonblocking with 64 bits (32 of 0 requested)
[    5.600536] random 0029 0000 0000 e7f555d9 e8ce5c3c: extract_entropy(.. 8 ..)
[    5.600538] random 0029 0000 0000 e7f555d9 e8ce5c3c: trying to extract 64 bits from input
[    5.600540] random 0029 0000 0000 e7f555d9 e8ce5c3c: debiting 0 entropy credits from input
[    5.600542] random 0029 0000 0000 e7f555d9 e8ce5c3c: extract_entropy account returned: 0 
[    5.600545] random 0029 0000 0000 e7f555d9 e8ce5c3c: urand_change_num 45 xfer_secondary_pool(4): pool_sig ffffff72, data_sig 00000000, bytes_mixed 0 e7f555d9 e8ce5c3c
[    5.600548] random 0029 0000 0000 e7f555d9 e8ce5c3c: trying to extract 32 bits from nonblocking
[    5.600551] random 0029 0000 0000 e7f555d9 e8ce5c3c: debiting 32 entropy credits from nonblocking (unlimited)
[    5.600553] random 0029 0000 0000 e7f555d9 e8ce5c3c: extract_entropy account returned: 4 
[    5.600557] random 0029 0000 0000 e7f555d9 e8ce5c3c: urand_change_num 46 extract_buf: pool_sig ffffff72, data_sig ffffff72, bytes_mixed 20 e7f555d9 e8ce5c3c
[    5.612111] random 0029 0000 0000 91716c54 eeb6a1e7: add_disk_randomness(8:0) 91716c54 eeb6a1e7
[    5.612115] random 0029 0000 0000 91716c54 eeb6a1e7: add_timer_randomness(.. 8388864) with jiffies: 6242497113741820342, cycles: 6242497109447147530
[    5.612117] random 0029 0000 0000 91716c54 eeb6a1e7: added 3 entropy credits to input
[    5.630386] random 0032 0000 0000 91716c54 eeb6a1e7: add_disk_randomness(8:0) 91716c54 eeb6a1e7
[    5.630389] random 0032 0000 0000 91716c54 eeb6a1e7: add_timer_randomness(.. 8388864) with jiffies: 6406921033201975752, cycles: 6406921028907302922
[    5.630392] random 0032 0000 0000 91716c54 eeb6a1e7: added 2 entropy credits to input
[    5.635045] EXT4-fs (sda2): mounted filesystem with ordered data mode
[    5.635245] VFS: Mounted root (ext4 filesystem) readonly on device 8:2.
[    5.635347] Freeing unused kernel memory: 448k freed
[    5.655574] random 0034 0000 0000 91716c54 eeb6a1e7: add_disk_randomness(8:0) 91716c54 eeb6a1e7
[    5.655577] random 0034 0000 0000 91716c54 eeb6a1e7: add_timer_randomness(.. 8388864) with jiffies: 6633523284400636386, cycles: 6633523280105963530
[    5.655579] random 0034 0000 0000 91716c54 eeb6a1e7: added 1 entropy credits to input
[    5.656263] random 0035 0000 0000 91716c54 eeb6a1e7: add_disk_randomness(8:0) 91716c54 eeb6a1e7
[    5.656266] random 0035 0000 0000 91716c54 eeb6a1e7: add_timer_randomness(.. 8388864) with jiffies: 6639733751276077538, cycles: 6639733746981404682
[    5.660991] random 0035 0000 0000 91716c54 eeb6a1e7: add_disk_randomness(8:0) 91716c54 eeb6a1e7
[    5.660994] random 0035 0000 0000 91716c54 eeb6a1e7: add_timer_randomness(.. 8388864) with jiffies: 6682268487445610983, cycles: 6682268483150938122
[    5.660997] random 0035 0000 0000 91716c54 eeb6a1e7: added 2 entropy credits to input
[    5.669189] random 0037 0000 0000 91716c54 eeb6a1e7: add_disk_randomness(8:0) 91716c54 eeb6a1e7
[    5.669192] random 0037 0000 0000 91716c54 eeb6a1e7: add_timer_randomness(.. 8388864) with jiffies: 6756031741845799407, cycles: 6756031737551126538
[    5.669195] random 0037 0000 0000 91716c54 eeb6a1e7: added 1 entropy credits to input
[    5.672615] random 0038 0000 0000 91716c54 eeb6a1e7: add_disk_randomness(8:0) 91716c54 eeb6a1e7
[    5.672618] random 0038 0000 0000 91716c54 eeb6a1e7: add_timer_randomness(.. 8388864) with jiffies: 6786844687630828019, cycles: 6786844683336155146
[    5.672620] random 0038 0000 0000 91716c54 eeb6a1e7: added 2 entropy credits to input
[    5.681512] random 0040 0000 0000 91716c54 eeb6a1e7: add_disk_randomness(8:0) 91716c54 eeb6a1e7
[    5.681515] random 0040 0000 0000 91716c54 eeb6a1e7: add_timer_randomness(.. 8388864) with jiffies: 6866888893614752252, cycles: 6866888889320079370
[    5.681517] random 0040 0000 0000 91716c54 eeb6a1e7: added 2 entropy credits to input
[    5.694790] random 0042 0000 0000 91716c54 eeb6a1e7: add_disk_randomness(8:0) 91716c54 eeb6a1e7
[    5.694793] random 0042 0000 0000 91716c54 eeb6a1e7: add_timer_randomness(.. 8388864) with jiffies: 6986358206431461897, cycles: 6986358202136789002
[    5.702866] random 0042 0000 0000 91716c54 eeb6a1e7: add_disk_randomness(8:0) 91716c54 eeb6a1e7
[    5.702869] random 0042 0000 0000 91716c54 eeb6a1e7: add_timer_randomness(.. 8388864) with jiffies: 7059022670758380049, cycles: 7059022666463707146
[    5.702872] random 0042 0000 0000 91716c54 eeb6a1e7: added 2 entropy credits to input
[    5.702895] RANDOM get_random_int call with cycles 44593285852, jiffies 4294672913 and pid 1
[    5.702898] RANDOM get_random_int call with cycles 44593292845, jiffies 4294672913 and pid 1
[    5.702900] ASLR stack rand value: 7962624 after shift for pid: 1
[    5.702902] RANDOM get_random_int call with cycles 44593300573, jiffies 4294672913 and pid 1
[    5.714511] random 0044 0000 0000 91716c54 eeb6a1e7: add_disk_randomness(8:0) 91716c54 eeb6a1e7
[    5.714514] random 0044 0000 0000 91716c54 eeb6a1e7: add_timer_randomness(.. 8388864) with jiffies: 7163790400715194909, cycles: 7163790396420521994
[    5.714517] random 0044 0000 0000 91716c54 eeb6a1e7: added 2 entropy credits to input
[    5.714527] RANDOM get_random_int call with cycles 44617650798, jiffies 4294672925 and pid 1
[    5.714530] random 0046 0000 0000 91716c54 eeb6a1e7: rand_read_num 11 get_random_bytes(16): sig fffffcad 91716c54 eeb6a1e7
[    5.714532] random 0046 0000 0000 91716c54 eeb6a1e7: extract_entropy(.. 16 ..)
[    5.714535] random 0046 0000 0000 91716c54 eeb6a1e7: going to reseed nonblocking with 128 bits (128 of 0 requested)
[    5.714537] random 0046 0000 0000 91716c54 eeb6a1e7: extract_entropy(.. 16 ..)
[    5.714539] random 0046 0000 0000 91716c54 eeb6a1e7: trying to extract 128 bits from input
[    5.714541] random 0046 0000 0000 91716c54 eeb6a1e7: debiting 0 entropy credits from input
[    5.714543] random 0046 0000 0000 91716c54 eeb6a1e7: extract_entropy account returned: 0 
[    5.714546] random 0046 0000 0000 91716c54 eeb6a1e7: urand_change_num 47 xfer_secondary_pool(16): pool_sig fffffcad, data_sig 00000000, bytes_mixed 0 91716c54 eeb6a1e7
[    5.714549] random 0046 0000 0000 91716c54 eeb6a1e7: trying to extract 128 bits from nonblocking
[    5.714552] random 0046 0000 0000 91716c54 eeb6a1e7: debiting 128 entropy credits from nonblocking (unlimited)
[    5.714554] random 0046 0000 0000 91716c54 eeb6a1e7: extract_entropy account returned: 16 
[    5.714558] random 0046 0000 0000 91716c54 eeb6a1e7: urand_change_num 48 extract_buf: pool_sig fffffcad, data_sig ffffff19, bytes_mixed 20 91716c54 eeb6a1e7
[    5.714564] random 0046 0000 0000 fd637b06 6cf47bc1: urand_change_num 49 extract_buf: pool_sig fffffede, data_sig ffffffc1, bytes_mixed 20 fd637b06 6cf47bc1
[    5.715526] random 0046 0000 0000 fd637b06 6cf47bc1: add_disk_randomness(8:0) fd637b06 6cf47bc1
[    5.715529] random 0046 0000 0000 fd637b06 6cf47bc1: add_timer_randomness(.. 8388864) with jiffies: 7172918739522519582, cycles: 7172918735227846666
[    5.716658] random 0046 0000 0000 fd637b06 6cf47bc1: add_disk_randomness(8:0) fd637b06 6cf47bc1
[    5.716662] random 0046 0000 0000 fd637b06 6cf47bc1: add_timer_randomness(.. 8388864) with jiffies: 7183112367658205727, cycles: 7183112363363532810
[    5.717812] random 0046 0000 0000 fd637b06 6cf47bc1: add_disk_randomness(8:0) fd637b06 6cf47bc1
[    5.717815] random 0046 0000 0000 fd637b06 6cf47bc1: add_timer_randomness(.. 8388864) with jiffies: 7193494136836293152, cycles: 7193494132541620234
[    5.718697] random 0046 0000 0000 fd637b06 6cf47bc1: add_disk_randomness(8:0) fd637b06 6cf47bc1
[    5.718700] random 0046 0000 0000 fd637b06 6cf47bc1: add_timer_randomness(.. 8388864) with jiffies: 7201456538051641889, cycles: 7201456533756968970
[    5.718869] random 0046 0000 0000 fd637b06 6cf47bc1: add_disk_randomness(8:0) fd637b06 6cf47bc1
[    5.718872] random 0046 0000 0000 fd637b06 6cf47bc1: add_timer_randomness(.. 8388864) with jiffies: 7202998049058816545, cycles: 7202998044764143626
[    5.719101] random 0046 0000 0000 fd637b06 6cf47bc1: add_disk_randomness(8:0) fd637b06 6cf47bc1
[    5.719104] random 0046 0000 0000 fd637b06 6cf47bc1: add_timer_randomness(.. 8388864) with jiffies: 7205089788326281761, cycles: 7205089784031608842
[    5.729573] random 0046 0000 0000 fd637b06 6cf47bc1: add_disk_randomness(8:0) fd637b06 6cf47bc1
[    5.729576] random 0046 0000 0000 fd637b06 6cf47bc1: add_timer_randomness(.. 8388864) with jiffies: 7299301717030175276, cycles: 7299301712735502346
[    5.729578] random 0046 0000 0000 fd637b06 6cf47bc1: added 3 entropy credits to input
[    5.730013] random 0049 0000 0000 fd637b06 6cf47bc1: add_disk_randomness(8:0) fd637b06 6cf47bc1
[    5.730016] random 0049 0000 0000 fd637b06 6cf47bc1: add_timer_randomness(.. 8388864) with jiffies: 7303266886672417324, cycles: 7303266882377744394
[    5.739755] random 0049 0000 0000 fd637b06 6cf47bc1: add_disk_randomness(8:0) fd637b06 6cf47bc1
[    5.739758] random 0049 0000 0000 fd637b06 6cf47bc1: add_timer_randomness(.. 8388864) with jiffies: 7390916367341027894, cycles: 7390916363046354954
[    5.739761] random 0049 0000 0000 fd637b06 6cf47bc1: added 3 entropy credits to input
[    5.739814] RANDOM get_random_int call with cycles 44670622017, jiffies 4294672950 and pid 1
[    5.744359] random 0052 0000 0000 fd637b06 6cf47bc1: add_disk_randomness(8:0) fd637b06 6cf47bc1
[    5.744363] random 0052 0000 0000 fd637b06 6cf47bc1: add_timer_randomness(.. 8388864) with jiffies: 7432351183860892218, cycles: 7432351179566219274
[    5.744366] random 0052 0000 0000 fd637b06 6cf47bc1: added 2 entropy credits to input
[    5.757187] random 0054 0000 0000 fd637b06 6cf47bc1: add_disk_randomness(8:0) fd637b06 6cf47bc1
[    5.757190] random 0054 0000 0000 fd637b06 6cf47bc1: add_timer_randomness(.. 8388864) with jiffies: 7547755709563896391, cycles: 7547755705269223434
[    5.757192] random 0054 0000 0000 fd637b06 6cf47bc1: added 3 entropy credits to input
[    5.757327] random 0057 0000 0000 fd637b06 6cf47bc1: add_disk_randomness(8:0) fd637b06 6cf47bc1
[    5.757330] random 0057 0000 0000 fd637b06 6cf47bc1: add_timer_randomness(.. 8388864) with jiffies: 7549016896645595719, cycles: 7549016892350922762
[    5.759495] random 0057 0000 0000 fd637b06 6cf47bc1: add_disk_randomness(8:0) fd637b06 6cf47bc1
[    5.759498] random 0057 0000 0000 fd637b06 6cf47bc1: add_timer_randomness(.. 8388864) with jiffies: 7568513703117292106, cycles: 7568513698822619146
[    5.759501] random 0057 0000 0000 fd637b06 6cf47bc1: added 1 entropy credits to input
[    5.759731] random 0058 0000 0000 fd637b06 6cf47bc1: add_disk_randomness(8:0) fd637b06 6cf47bc1
[    5.759734] random 0058 0000 0000 fd637b06 6cf47bc1: add_timer_randomness(.. 8388864) with jiffies: 7570641928131936842, cycles: 7570641923837263882
[    5.759876] random 0058 0000 0000 fd637b06 6cf47bc1: add_disk_randomness(8:0) fd637b06 6cf47bc1
[    5.759879] random 0058 0000 0000 fd637b06 6cf47bc1: add_timer_randomness(.. 8388864) with jiffies: 7571948169420571210, cycles: 7571948165125898250
[    5.763044] random 0058 0000 0000 fd637b06 6cf47bc1: add_disk_randomness(8:0) fd637b06 6cf47bc1
[    5.763047] random 0058 0000 0000 fd637b06 6cf47bc1: add_timer_randomness(.. 8388864) with jiffies: 7600449752785453645, cycles: 7600449748490780682
[    5.763049] random 0058 0000 0000 fd637b06 6cf47bc1: added 1 entropy credits to input
[    5.765056] random 0059 0000 0000 fd637b06 6cf47bc1: add_disk_randomness(8:0) fd637b06 6cf47bc1
[    5.765059] random 0059 0000 0000 fd637b06 6cf47bc1: add_timer_randomness(.. 8388864) with jiffies: 7618554457277301327, cycles: 7618554452982628362
[    5.772884] random 0059 0000 0000 fd637b06 6cf47bc1: add_disk_randomness(8:0) fd637b06 6cf47bc1
[    5.772887] random 0059 0000 0000 fd637b06 6cf47bc1: add_timer_randomness(.. 8388864) with jiffies: 7688981965197509207, cycles: 7688981960902836234
[    5.772890] random 0059 0000 0000 fd637b06 6cf47bc1: added 2 entropy credits to input
[    5.773020] random 0061 0000 0000 fd637b06 6cf47bc1: add_disk_randomness(8:0) fd637b06 6cf47bc1
[    5.773022] random 0061 0000 0000 fd637b06 6cf47bc1: add_timer_randomness(.. 8388864) with jiffies: 7690201976427741783, cycles: 7690201972133068810
[    5.776584] random 0061 0000 0000 fd637b06 6cf47bc1: add_disk_randomness(8:0) fd637b06 6cf47bc1
[    5.776587] random 0061 0000 0000 fd637b06 6cf47bc1: add_timer_randomness(.. 8388864) with jiffies: 7722264882249957979, cycles: 7722264877955285002
[    5.776589] random 0061 0000 0000 fd637b06 6cf47bc1: added 2 entropy credits to input
[    5.781079] random 0063 0000 0000 fd637b06 6cf47bc1: add_disk_randomness(8:0) fd637b06 6cf47bc1
[    5.781082] random 0063 0000 0000 fd637b06 6cf47bc1: add_timer_randomness(.. 8388864) with jiffies: 7762713651588072031, cycles: 7762713647293399050
[    5.786661] random 0063 0000 0000 fd637b06 6cf47bc1: add_disk_randomness(8:0) fd637b06 6cf47bc1
[    5.786664] random 0063 0000 0000 fd637b06 6cf47bc1: add_timer_randomness(.. 8388864) with jiffies: 7812929378420752997, cycles: 7812929374126080010
[    5.786667] random 0063 0000 0000 fd637b06 6cf47bc1: added 1 entropy credits to input
[    5.792940] random 0064 0000 0000 fd637b06 6cf47bc1: add_disk_randomness(8:0) fd637b06 6cf47bc1
[    5.792943] random 0064 0000 0000 fd637b06 6cf47bc1: add_timer_randomness(.. 8388864) with jiffies: 7869427865018401387, cycles: 7869427860723728394
[    5.792954] random 0064 0000 0000 fd637b06 6cf47bc1: rand_read_num 12 get_random_bytes(16): sig 0000033b fd637b06 6cf47bc1
[    5.792956] random 0064 0000 0000 fd637b06 6cf47bc1: extract_entropy(.. 16 ..)
[    5.792959] random 0064 0000 0000 fd637b06 6cf47bc1: going to reseed nonblocking with 128 bits (128 of 0 requested)
[    5.792961] random 0064 0000 0000 fd637b06 6cf47bc1: extract_entropy(.. 16 ..)
[    5.792963] random 0064 0000 0000 fd637b06 6cf47bc1: trying to extract 128 bits from input
[    5.792966] random 0064 0000 0000 fd637b06 6cf47bc1: debiting 0 entropy credits from input
[    5.792968] random 0064 0000 0000 fd637b06 6cf47bc1: extract_entropy account returned: 0 
[    5.792971] random 0064 0000 0000 fd637b06 6cf47bc1: urand_change_num 50 xfer_secondary_pool(16): pool_sig 0000033b, data_sig 00000000, bytes_mixed 0 fd637b06 6cf47bc1
[    5.792974] random 0064 0000 0000 fd637b06 6cf47bc1: trying to extract 128 bits from nonblocking
[    5.792976] random 0064 0000 0000 fd637b06 6cf47bc1: debiting 128 entropy credits from nonblocking (unlimited)
[    5.792978] random 0064 0000 0000 fd637b06 6cf47bc1: extract_entropy account returned: 16 
[    5.792983] random 0064 0000 0000 fd637b06 6cf47bc1: urand_change_num 51 extract_buf: pool_sig 0000033b, data_sig 000000d8, bytes_mixed 20 fd637b06 6cf47bc1
[    5.792988] random 0064 0000 0000 0ec1f012 d4727ca8: urand_change_num 52 extract_buf: pool_sig fffffcf5, data_sig 00000016, bytes_mixed 20 0ec1f012 d4727ca8
[    5.799683] random 0064 0000 0000 45b1d0b1 845a73f7: add_disk_randomness(8:0) 45b1d0b1 845a73f7
[    5.799686] random 0064 0000 0000 45b1d0b1 845a73f7: add_timer_randomness(.. 8388864) with jiffies: 7930092289504543346, cycles: 7930092285209870346
[    5.806906] random 0064 0000 0000 45b1d0b1 845a73f7: add_disk_randomness(8:0) 45b1d0b1 845a73f7
[    5.806909] random 0064 0000 0000 45b1d0b1 845a73f7: add_timer_randomness(.. 8388864) with jiffies: 7995084099699835513, cycles: 7995084095405162506
[    5.814921] random 0064 0000 0000 45b1d0b1 845a73f7: add_disk_randomness(8:0) 45b1d0b1 845a73f7
[    5.814924] random 0064 0000 0000 45b1d0b1 845a73f7: add_timer_randomness(.. 8388864) with jiffies: 8067197339334050433, cycles: 8067197335039377418
[    5.824324] random 0064 0000 0000 45b1d0b1 845a73f7: add_disk_randomness(8:0) 45b1d0b1 845a73f7
[    5.824327] random 0064 0000 0000 45b1d0b1 845a73f7: add_timer_randomness(.. 8388864) with jiffies: 8151795997358129802, cycles: 8151795993063456778
[    5.827472] random 0064 0000 0000 45b1d0b1 845a73f7: add_disk_randomness(8:0) 45b1d0b1 845a73f7
[    5.827475] random 0064 0000 0000 45b1d0b1 845a73f7: add_timer_randomness(.. 8388864) with jiffies: 8180108851270091406, cycles: 8180108846975418378
[    5.827478] random 0064 0000 0000 45b1d0b1 845a73f7: added 2 entropy credits to input
[    5.841740] random 0066 0000 0000 45b1d0b1 845a73f7: add_disk_randomness(8:0) 45b1d0b1 845a73f7
[    5.841743] random 0066 0000 0000 45b1d0b1 845a73f7: add_timer_randomness(.. 8388864) with jiffies: 8308483319213556380, cycles: 8308483314918883338
[    5.841746] random 0066 0000 0000 45b1d0b1 845a73f7: added 3 entropy credits to input
[    5.847138] random 0069 0000 0000 45b1d0b1 845a73f7: add_disk_randomness(8:0) 45b1d0b1 845a73f7
[    5.847141] random 0069 0000 0000 45b1d0b1 845a73f7: add_timer_randomness(.. 8388864) with jiffies: 8357060034986476193, cycles: 8357060030691803146
[    5.847144] random 0069 0000 0000 45b1d0b1 845a73f7: added 2 entropy credits to input
[    5.852306] random 0071 0000 0000 45b1d0b1 845a73f7: add_disk_randomness(8:0) 45b1d0b1 845a73f7
[    5.852309] random 0071 0000 0000 45b1d0b1 845a73f7: add_timer_randomness(.. 8388864) with jiffies: 8403556603608662694, cycles: 8403556599313989642
[    5.860537] random 0071 0000 0000 45b1d0b1 845a73f7: add_disk_randomness(8:0) 45b1d0b1 845a73f7
[    5.860540] random 0071 0000 0000 45b1d0b1 845a73f7: add_timer_randomness(.. 8388864) with jiffies: 8477599322940867247, cycles: 8477599318646194186
[    5.860543] random 0071 0000 0000 45b1d0b1 845a73f7: added 2 entropy credits to input
[    5.870136] random 0073 0000 0000 45b1d0b1 845a73f7: add_disk_randomness(8:0) 45b1d0b1 845a73f7
[    5.870139] random 0073 0000 0000 45b1d0b1 845a73f7: add_timer_randomness(.. 8388864) with jiffies: 8563974134625436344, cycles: 8563974130330763274
[    5.889640] random 0073 0000 0000 45b1d0b1 845a73f7: add_disk_randomness(8:0) 45b1d0b1 845a73f7
[    5.889643] random 0073 0000 0000 45b1d0b1 845a73f7: add_timer_randomness(.. 8388864) with jiffies: 8739447621958730444, cycles: 8739447617664057354
[    5.889646] random 0073 0000 0000 45b1d0b1 845a73f7: added 3 entropy credits to input
[    5.902923] random 0076 0000 0000 45b1d0b1 845a73f7: add_disk_randomness(8:0) 45b1d0b1 845a73f7
[    5.902926] random 0076 0000 0000 45b1d0b1 845a73f7: add_timer_randomness(.. 8388864) with jiffies: 8858956710467568345, cycles: 8858956706172895242
[    5.902929] random 0076 0000 0000 45b1d0b1 845a73f7: added 2 entropy credits to input
[    5.910947] random 0078 0000 0000 45b1d0b1 845a73f7: add_disk_randomness(8:0) 45b1d0b1 845a73f7
[    5.910950] random 0078 0000 0000 45b1d0b1 845a73f7: add_timer_randomness(.. 8388864) with jiffies: 8931152928869941985, cycles: 8931152924575268874
[    5.910953] random 0078 0000 0000 45b1d0b1 845a73f7: added 1 entropy credits to input
[    5.920956] random 0079 0000 0000 45b1d0b1 845a73f7: add_disk_randomness(8:0) 45b1d0b1 845a73f7
[    5.920959] random 0079 0000 0000 45b1d0b1 845a73f7: add_timer_randomness(.. 8388864) with jiffies: 9021205319186612971, cycles: 9021205314891939850
[    5.920962] random 0079 0000 0000 45b1d0b1 845a73f7: added 1 entropy credits to input
[    5.933844] random 0080 0000 0000 45b1d0b1 845a73f7: add_disk_randomness(8:0) 45b1d0b1 845a73f7
[    5.933847] random 0080 0000 0000 45b1d0b1 845a73f7: add_timer_randomness(.. 8388864) with jiffies: 9137157143982211832, cycles: 9137157139687538698
[    5.941203] random 0080 0000 0000 45b1d0b1 845a73f7: add_disk_randomness(8:0) 45b1d0b1 845a73f7
[    5.941206] random 0080 0000 0000 45b1d0b1 845a73f7: add_timer_randomness(.. 8388864) with jiffies: 9203368024809898751, cycles: 9203368020515225610
[    5.941208] random 0080 0000 0000 45b1d0b1 845a73f7: added 2 entropy credits to input
[    5.946448] random 0082 0000 0000 45b1d0b1 845a73f7: add_disk_randomness(8:0) 45b1d0b1 845a73f7
[    5.946451] random 0082 0000 0000 45b1d0b1 845a73f7: add_timer_randomness(.. 8388864) with jiffies: 9250553179768849157, cycles: -9196190898235375606
[    5.952888] random 0082 0000 0000 45b1d0b1 845a73f7: add_disk_randomness(8:0) 45b1d0b1 845a73f7
[    5.952891] random 0082 0000 0000 45b1d0b1 845a73f7: add_timer_randomness(.. 8388864) with jiffies: 9308494500500046603, cycles: -9138249577504178166
[    5.957944] random 0082 0000 0000 45b1d0b1 845a73f7: add_disk_randomness(8:0) 45b1d0b1 845a73f7
[    5.957947] random 0082 0000 0000 45b1d0b1 845a73f7: add_timer_randomness(.. 8388864) with jiffies: 9353984002370536208, cycles: -9092760075633688566
[    5.963840] random 0082 0000 0000 45b1d0b1 845a73f7: add_disk_randomness(8:0) 45b1d0b1 845a73f7
[    5.963843] random 0082 0000 0000 45b1d0b1 845a73f7: add_timer_randomness(.. 8388864) with jiffies: 9407035485655368470, cycles: -9039708592348856310
[    5.973199] random 0082 0000 0000 45b1d0b1 845a73f7: add_disk_randomness(8:0) 45b1d0b1 845a73f7
[    5.973201] random 0082 0000 0000 45b1d0b1 845a73f7: add_timer_randomness(.. 8388864) with jiffies: 9491238057500443423, cycles: -8955506020503781366
[    5.973204] random 0082 0000 0000 45b1d0b1 845a73f7: added 1 entropy credits to input
[    5.978074] random 0083 0000 0000 45b1d0b1 845a73f7: add_disk_randomness(8:0) 45b1d0b1 845a73f7
[    5.978077] random 0083 0000 0000 45b1d0b1 845a73f7: add_timer_randomness(.. 8388864) with jiffies: 9535098830462878500, cycles: -8911645247541346294
[    5.978080] random 0083 0000 0000 45b1d0b1 845a73f7: added 2 entropy credits to input
[    5.985507] random 0085 0000 0000 45b1d0b1 845a73f7: add_disk_randomness(8:0) 45b1d0b1 845a73f7
[    5.985510] random 0085 0000 0000 45b1d0b1 845a73f7: add_timer_randomness(.. 8388864) with jiffies: 9601970337390232364, cycles: -8844773740613992438
[    5.985513] random 0085 0000 0000 45b1d0b1 845a73f7: added 1 entropy credits to input
[    5.991725] random 0086 0000 0000 45b1d0b1 845a73f7: add_disk_randomness(8:0) 45b1d0b1 845a73f7
[    5.991728] random 0086 0000 0000 45b1d0b1 845a73f7: add_timer_randomness(.. 8388864) with jiffies: 9657914622882841394, cycles: -8788829455121383414
[    5.991730] random 0086 0000 0000 45b1d0b1 845a73f7: added 1 entropy credits to input
[    5.991882] random 0087 0000 0000 45b1d0b1 845a73f7: add_disk_randomness(8:0) 45b1d0b1 845a73f7
[    5.991885] random 0087 0000 0000 45b1d0b1 845a73f7: add_timer_randomness(.. 8388864) with jiffies: 9659332387292283698, cycles: -8787411690711941110
[    6.006285] random 0087 0000 0000 45b1d0b1 845a73f7: add_disk_randomness(8:0) 45b1d0b1 845a73f7
[    6.006288] random 0087 0000 0000 45b1d0b1 845a73f7: add_timer_randomness(.. 8388864) with jiffies: 9788922988110512960, cycles: -8657821089893711862
[    6.006291] random 0087 0000 0000 45b1d0b1 845a73f7: added 3 entropy credits to input
[    6.013706] random 0090 0000 0000 45b1d0b1 845a73f7: add_disk_randomness(8:0) 45b1d0b1 845a73f7
[    6.013709] random 0090 0000 0000 45b1d0b1 845a73f7: add_timer_randomness(.. 8388864) with jiffies: 9855682744283792200, cycles: -8591061333720432630
[    6.013712] random 0090 0000 0000 45b1d0b1 845a73f7: added 2 entropy credits to input
[    6.023389] random 0092 0000 0000 45b1d0b1 845a73f7: add_disk_randomness(8:0) 45b1d0b1 845a73f7
[    6.023392] random 0092 0000 0000 45b1d0b1 845a73f7: add_timer_randomness(.. 8388864) with jiffies: 9942799266755609426, cycles: -8503944811248615414
[    6.023395] random 0092 0000 0000 45b1d0b1 845a73f7: added 1 entropy credits to input
[    6.034018] random 0093 0000 0000 45b1d0b1 845a73f7: add_disk_randomness(8:0) 45b1d0b1 845a73f7
[    6.034021] random 0093 0000 0000 45b1d0b1 845a73f7: add_timer_randomness(.. 8388864) with jiffies: 10038437124601774940, cycles: -8408306953402449910
[    6.046537] random 0093 0000 0000 45b1d0b1 845a73f7: add_disk_randomness(8:0) 45b1d0b1 845a73f7
[    6.046540] random 0093 0000 0000 45b1d0b1 845a73f7: add_timer_randomness(.. 8388864) with jiffies: 10151066143653856105, cycles: -8295677934350368758
[    6.046543] random 0093 0000 0000 45b1d0b1 845a73f7: added 1 entropy credits to input
[    6.047744] random 0094 0000 0000 45b1d0b1 845a73f7: add_disk_randomness(8:0) 45b1d0b1 845a73f7
[    6.047747] random 0094 0000 0000 45b1d0b1 845a73f7: add_timer_randomness(.. 8388864) with jiffies: 10161928785960338282, cycles: -8284815292043886582
[    6.051758] random 0094 0000 0000 45b1d0b1 845a73f7: add_disk_randomness(8:0) 45b1d0b1 845a73f7
[    6.051761] random 0094 0000 0000 45b1d0b1 845a73f7: add_timer_randomness(.. 8388864) with jiffies: 10198042275439412078, cycles: -8248701802564812790
[    6.051764] random 0094 0000 0000 45b1d0b1 845a73f7: added 1 entropy credits to input
[    6.061098] random 0095 0000 0000 45b1d0b1 845a73f7: add_disk_randomness(8:0) 45b1d0b1 845a73f7
[    6.061101] random 0095 0000 0000 45b1d0b1 845a73f7: add_timer_randomness(.. 8388864) with jiffies: 10282078842503529335, cycles: -8164665235500695542
[    6.061104] random 0095 0000 0000 45b1d0b1 845a73f7: added 1 entropy credits to input
[    6.061455] random 0096 0000 0000 45b1d0b1 845a73f7: add_disk_randomness(8:0) 45b1d0b1 845a73f7
[    6.061458] random 0096 0000 0000 45b1d0b1 845a73f7: add_timer_randomness(.. 8388864) with jiffies: 10285276815022588792, cycles: -8161467262981636086
[    6.077110] random 0096 0000 0000 45b1d0b1 845a73f7: add_disk_randomness(8:0) 45b1d0b1 845a73f7
[    6.077113] random 0096 0000 0000 45b1d0b1 845a73f7: add_timer_randomness(.. 8388864) with jiffies: 10426140626956026759, cycles: -8020603451048198134
[    6.077116] random 0096 0000 0000 45b1d0b1 845a73f7: added 3 entropy credits to input
[    6.078742] random 0099 0000 0000 45b1d0b1 845a73f7: add_disk_randomness(8:0) 45b1d0b1 845a73f7
[    6.078745] random 0099 0000 0000 45b1d0b1 845a73f7: add_timer_randomness(.. 8388864) with jiffies: 10440815735637509001, cycles: -8005928342366715894
[    6.078747] random 0099 0000 0000 45b1d0b1 845a73f7: added 1 entropy credits to input
[    6.078886] random 0100 0000 0000 45b1d0b1 845a73f7: add_disk_randomness(8:0) 45b1d0b1 845a73f7
[    6.078889] random 0100 0000 0000 45b1d0b1 845a73f7: add_timer_randomness(.. 8388864) with jiffies: 10442114580992459657, cycles: -8004629497011765238
[    6.089765] random 0100 0000 0000 45b1d0b1 845a73f7: add_disk_randomness(8:0) 45b1d0b1 845a73f7
[    6.089768] random 0100 0000 0000 45b1d0b1 845a73f7: add_timer_randomness(.. 8388864) with jiffies: 10539991555613885332, cycles: -7906752522390339574
[    6.089770] random 0100 0000 0000 45b1d0b1 845a73f7: added 3 entropy credits to input
[    6.090329] random 0103 0000 0000 45b1d0b1 845a73f7: add_disk_randomness(8:0) 45b1d0b1 845a73f7
[    6.090332] random 0103 0000 0000 45b1d0b1 845a73f7: add_timer_randomness(.. 8388864) with jiffies: 10545076169827124116, cycles: -7901667908177100790
[    6.095561] random 0103 0000 0000 45b1d0b1 845a73f7: add_disk_randomness(8:0) 45b1d0b1 845a73f7
[    6.095564] random 0103 0000 0000 45b1d0b1 845a73f7: add_timer_randomness(.. 8388864) with jiffies: 10592139695607219098, cycles: -7854604382397005814
[    6.095567] random 0103 0000 0000 45b1d0b1 845a73f7: added 2 entropy credits to input
[    6.097310] random 0105 0000 0000 45b1d0b1 845a73f7: add_disk_randomness(8:0) 45b1d0b1 845a73f7
[    6.097313] random 0105 0000 0000 45b1d0b1 845a73f7: add_timer_randomness(.. 8388864) with jiffies: 10607885956247421851, cycles: -7838858121756803062
[    6.107539] random 0105 0000 0000 45b1d0b1 845a73f7: add_disk_randomness(8:0) 45b1d0b1 845a73f7
[    6.107542] random 0105 0000 0000 45b1d0b1 845a73f7: add_timer_randomness(.. 8388864) with jiffies: 10699903049288876966, cycles: -7746841028715347958
[    6.107545] random 0105 0000 0000 45b1d0b1 845a73f7: added 3 entropy credits to input
[    6.121478] random 0108 0000 0000 45b1d0b1 845a73f7: add_disk_randomness(8:0) 45b1d0b1 845a73f7
[    6.121482] random 0108 0000 0000 45b1d0b1 845a73f7: add_timer_randomness(.. 8388864) with jiffies: 10825319233953170356, cycles: -7621424844051054582
[    6.121484] random 0108 0000 0000 45b1d0b1 845a73f7: added 1 entropy credits to input
[    6.133998] random 0109 0000 0000 45b1d0b1 845a73f7: add_disk_randomness(8:0) 45b1d0b1 845a73f7
[    6.134001] random 0109 0000 0000 45b1d0b1 845a73f7: add_timer_randomness(.. 8388864) with jiffies: 10937968413581738944, cycles: -7508775664422486006
