[    0.000000] random 0000 0000 0000 00000000 00000000: rand_read_num 1 get_random_bytes(8): sig 00000000 00000000 00000000
[    0.000000] random 0000 0000 0000 00000000 00000000: extract_entropy(.. 8 ..)
[    0.000000] random 0000 0000 0000 00000000 00000000: going to reseed nonblocking with 64 bits (64 of 0 requested)
[    0.000000] random 0000 0000 0000 00000000 00000000: extract_entropy(.. 8 ..)
[    0.000000] random 0000 0000 0000 00000000 00000000: trying to extract 64 bits from input
[    0.000000] random 0000 0000 0000 00000000 00000000: debiting 0 entropy credits from input
[    0.000000] random 0000 0000 0000 00000000 00000000: extract_entropy account returned: 0 
[    0.000000] random 0000 0000 0000 00000000 00000000: urand_change_num 1 xfer_secondary_pool(8): pool_sig 00000000, data_sig 00000000, bytes_mixed 0 00000000 00000000
[    0.000000] random 0000 0000 0000 00000000 00000000: trying to extract 64 bits from nonblocking
[    0.000000] random 0000 0000 0000 00000000 00000000: debiting 64 entropy credits from nonblocking (unlimited)
[    0.000000] random 0000 0000 0000 00000000 00000000: extract_entropy account returned: 8 
[    0.000000] random 0000 0000 0000 00000000 00000000: urand_change_num 2 extract_buf: pool_sig 00000000, data_sig fffffff9, bytes_mixed 20 00000000 00000000
[    0.000000] Linux version 2.6.32.57 (dcashman@dcashman-02) (gcc version 4.3.3 (GCC) ) #6 Thu May 30 09:02:12 PDT 2013
[    0.000000] KERNEL supported cpus:
[    0.000000]   Intel GenuineIntel
[    0.000000]   AMD AuthenticAMD
[    0.000000]   NSC Geode by NSC
[    0.000000]   Cyrix CyrixInstead
[    0.000000]   Centaur CentaurHauls
[    0.000000]   Transmeta GenuineTMx86
[    0.000000]   Transmeta TransmetaCPU
[    0.000000]   UMC UMC UMC UMC
[    0.000000] BIOS-provided physical RAM map:
[    0.000000]  BIOS-e820: 0000000000000000 - 000000000009d800 (usable)
[    0.000000]  BIOS-e820: 000000000009d800 - 00000000000a0000 (reserved)
[    0.000000]  BIOS-e820: 00000000000d2000 - 00000000000d4000 (reserved)
[    0.000000]  BIOS-e820: 00000000000e0000 - 0000000000100000 (reserved)
[    0.000000]  BIOS-e820: 0000000000100000 - 000000003d6b0000 (usable)
[    0.000000]  BIOS-e820: 000000003d6b0000 - 000000003d6cc000 (ACPI data)
[    0.000000]  BIOS-e820: 000000003d6cc000 - 000000003d700000 (ACPI NVS)
[    0.000000]  BIOS-e820: 000000003d700000 - 000000003e000000 (reserved)
[    0.000000]  BIOS-e820: 00000000f0000000 - 00000000f4000000 (reserved)
[    0.000000]  BIOS-e820: 00000000fec00000 - 00000000fec10000 (reserved)
[    0.000000]  BIOS-e820: 00000000fed00000 - 00000000fed00400 (reserved)
[    0.000000]  BIOS-e820: 00000000fed14000 - 00000000fed1a000 (reserved)
[    0.000000]  BIOS-e820: 00000000fed1c000 - 00000000fed90000 (reserved)
[    0.000000]  BIOS-e820: 00000000fee00000 - 00000000fee01000 (reserved)
[    0.000000]  BIOS-e820: 00000000ff000000 - 0000000100000000 (reserved)
[    0.000000] DMI present.
[    0.000000] last_pfn = 0x3d6b0 max_arch_pfn = 0x100000
[    0.000000] MTRR default type: uncachable
[    0.000000] MTRR fixed ranges enabled:
[    0.000000]   00000-9FFFF write-back
[    0.000000]   A0000-BFFFF uncachable
[    0.000000]   C0000-CFFFF write-protect
[    0.000000]   D0000-DFFFF uncachable
[    0.000000]   E0000-FFFFF write-protect
[    0.000000] MTRR variable ranges enabled:
[    0.000000]   0 base 03E000000 mask FFE000000 uncachable
[    0.000000]   1 base 000000000 mask FC0000000 write-back
[    0.000000]   2 base 03D700000 mask FFFF00000 uncachable
[    0.000000]   3 base 03D800000 mask FFF800000 uncachable
[    0.000000]   4 disabled
[    0.000000]   5 disabled
[    0.000000]   6 disabled
[    0.000000]   7 disabled
[    0.000000] initial memory mapped : 0 - 02000000
[    0.000000] init_memory_mapping: 0000000000000000-00000000377fe000
[    0.000000]  0000000000 - 0000400000 page 4k
[    0.000000]  0000400000 - 0037400000 page 2M
[    0.000000]  0037400000 - 00377fe000 page 4k
[    0.000000] kernel direct mapping tables up to 377fe000 @ 7000-c000
[    0.000000] ACPI: RSDP 000f68d0 00024 (v02 LENOVO)
[    0.000000] ACPI: XSDT 3d6bb77f 00094 (v01 LENOVO TP-7L    00002170  LTP 00000000)
[    0.000000] ACPI: FACP 3d6bb900 000F4 (v03 LENOVO TP-7L    00002170 LNVO 00000001)
[    0.000000] ACPI Warning: 32/64X length mismatch in Gpe1Block: 0/32 (20090903/tbfadt-526)
[    0.000000] ACPI Warning: Optional field Gpe1Block has zero address or length: 000000000000102C/0 (20090903/tbfadt-557)
[    0.000000] ACPI: DSDT 3d6bbd1d 0FED1 (v01 LENOVO TP-7L    00002170 MSFT 03000000)
[    0.000000] ACPI: FACS 3d6e4000 00040
[    0.000000] ACPI: SSDT 3d6bbab4 00269 (v01 LENOVO TP-7L    00002170 MSFT 03000000)
[    0.000000] ACPI: ECDT 3d6cbbee 00052 (v01 LENOVO TP-7L    00002170 LNVO 00000001)
[    0.000000] ACPI: TCPA 3d6cbc40 00032 (v02 LENOVO TP-7L    00002170 LNVO 00000001)
[    0.000000] ACPI: APIC 3d6cbc72 00068 (v01 LENOVO TP-7L    00002170 LNVO 00000001)
[    0.000000] ACPI: MCFG 3d6cbcda 0003C (v01 LENOVO TP-7L    00002170 LNVO 00000001)
[    0.000000] ACPI: HPET 3d6cbd16 00038 (v01 LENOVO TP-7L    00002170 LNVO 00000001)
[    0.000000] ACPI: SLIC 3d6cbdf0 00176 (v01 LENOVO TP-7L    00002170  LTP 00000000)
[    0.000000] ACPI: BOOT 3d6cbf66 00028 (v01 LENOVO TP-7L    00002170  LTP 00000001)
[    0.000000] ACPI: ASF! 3d6cbf8e 00072 (v16 LENOVO TP-7L    00002170 PTL  00000001)
[    0.000000] ACPI: SSDT 3d6e26d9 0025F (v01 LENOVO TP-7L    00002170 INTL 20050513)
[    0.000000] ACPI: SSDT 3d6e2938 000A6 (v01 LENOVO TP-7L    00002170 INTL 20050513)
[    0.000000] ACPI: SSDT 3d6e29de 004F7 (v01 LENOVO TP-7L    00002170 INTL 20050513)
[    0.000000] ACPI: SSDT 3d6e2ed5 001D8 (v01 LENOVO TP-7L    00002170 INTL 20050513)
[    0.000000] ACPI: DMI detected: Lenovo ThinkPad R61
[    0.000000] ACPI: Added _OSI(Linux)
[    0.000000] ACPI: Local APIC address 0xfee00000
[    0.000000] 94MB HIGHMEM available.
[    0.000000] 887MB LOWMEM available.
[    0.000000]   mapped low ram: 0 - 377fe000
[    0.000000]   low ram: 0 - 377fe000
[    0.000000]   node 0 low ram: 00000000 - 377fe000
[    0.000000]   node 0 bootmap 00008000 - 0000ef00
[    0.000000] (6 early reservations) ==> bootmem [0000000000 - 00377fe000]
[    0.000000]   #0 [0000000000 - 0000001000]   BIOS data page ==> [0000000000 - 0000001000]
[    0.000000]   #1 [0001000000 - 0001bdc180]    TEXT DATA BSS ==> [0001000000 - 0001bdc180]
[    0.000000]   #2 [000009d800 - 0000100000]    BIOS reserved ==> [000009d800 - 0000100000]
[    0.000000]   #3 [0001bdd000 - 0001be516c]              BRK ==> [0001bdd000 - 0001be516c]
[    0.000000]   #4 [0000007000 - 0000008000]          PGTABLE ==> [0000007000 - 0000008000]
[    0.000000]   #5 [0000008000 - 000000f000]          BOOTMAP ==> [0000008000 - 000000f000]
[    0.000000] found SMP MP-table at [c00f6900] f6900
[    0.000000] Zone PFN ranges:
[    0.000000]   DMA      0x00000000 -> 0x00001000
[    0.000000]   Normal   0x00001000 -> 0x000377fe
[    0.000000]   HighMem  0x000377fe -> 0x0003d6b0
[    0.000000] Movable zone start PFN for each node
[    0.000000] early_node_map[2] active PFN ranges
[    0.000000]     0: 0x00000000 -> 0x0000009d
[    0.000000]     0: 0x00000100 -> 0x0003d6b0
[    0.000000] On node 0 totalpages: 251469
[    0.000000] free_area_init_node: node 0, pgdat c1901ea0, node_mem_map c1be7000
[    0.000000]   DMA zone: 32 pages used for memmap
[    0.000000]   DMA zone: 0 pages reserved
[    0.000000]   DMA zone: 3965 pages, LIFO batch:0
[    0.000000]   Normal zone: 1744 pages used for memmap
[    0.000000]   Normal zone: 221486 pages, LIFO batch:31
[    0.000000]   HighMem zone: 190 pages used for memmap
[    0.000000]   HighMem zone: 24052 pages, LIFO batch:3
[    0.000000] Using APIC driver default
[    0.000000] ACPI: PM-Timer IO Port: 0x1008
[    0.000000] ACPI: Local APIC address 0xfee00000
[    0.000000] ACPI: LAPIC (acpi_id[0x00] lapic_id[0x00] enabled)
[    0.000000] ACPI: LAPIC (acpi_id[0x01] lapic_id[0x01] enabled)
[    0.000000] ACPI: NR_CPUS/possible_cpus limit of 1 reached.  Processor 1/0x1 ignored.
[    0.000000] ACPI: LAPIC_NMI (acpi_id[0x00] high edge lint[0x1])
[    0.000000] ACPI: LAPIC_NMI (acpi_id[0x01] high edge lint[0x1])
[    0.000000] ACPI: IOAPIC (id[0x01] address[0xfec00000] gsi_base[0])
[    0.000000] IOAPIC[0]: apic_id 1, version 32, address 0xfec00000, GSI 0-23
[    0.000000] ACPI: INT_SRC_OVR (bus 0 bus_irq 0 global_irq 2 dfl dfl)
[    0.000000] ACPI: INT_SRC_OVR (bus 0 bus_irq 9 global_irq 9 high level)
[    0.000000] ACPI: IRQ0 used by override.
[    0.000000] ACPI: IRQ2 used by override.
[    0.000000] ACPI: IRQ9 used by override.
[    0.000000] Using ACPI (MADT) for SMP configuration information
[    0.000000] ACPI: HPET id: 0x8086a201 base: 0xfed00000
[    0.000000] nr_irqs_gsi: 24
[    0.000000] PM: Registered nosave memory: 000000000009d000 - 000000000009e000
[    0.000000] PM: Registered nosave memory: 000000000009e000 - 00000000000a0000
[    0.000000] PM: Registered nosave memory: 00000000000a0000 - 00000000000d2000
[    0.000000] PM: Registered nosave memory: 00000000000d2000 - 00000000000d4000
[    0.000000] PM: Registered nosave memory: 00000000000d4000 - 00000000000e0000
[    0.000000] PM: Registered nosave memory: 00000000000e0000 - 0000000000100000
[    0.000000] Allocating PCI resources starting at 3e000000 (gap: 3e000000:b2000000)
[    0.000000] Built 1 zonelists in Zone order, mobility grouping on.  Total pages: 249503
[    0.000000] Kernel command line: auto BOOT_IMAGE=Linux ro root=802 vt.default_utf8=0 maxcpus=0
[    0.000000] PID hash table entries: 4096 (order: 2, 16384 bytes)
[    0.000000] Dentry cache hash table entries: 131072 (order: 7, 524288 bytes)
[    0.000000] Inode-cache hash table entries: 65536 (order: 6, 262144 bytes)
[    0.000000] Enabling fast FPU save and restore... done.
[    0.000000] Enabling unmasked SIMD FPU exception support... done.
[    0.000000] Initializing CPU#0
[    0.000000] Initializing HighMem for node 0 (000377fe:0003d6b0)
[    0.000000] Memory: 984800k/1006272k available (6915k kernel code, 20876k reserved, 2327k data, 448k init, 96968k highmem)
[    0.000000] virtual kernel memory layout:
[    0.000000]     fixmap  : 0xfffa3000 - 0xfffff000   ( 368 kB)
[    0.000000]     pkmap   : 0xff800000 - 0xffc00000   (4096 kB)
[    0.000000]     vmalloc : 0xf7ffe000 - 0xff7fe000   ( 120 MB)
[    0.000000]     lowmem  : 0xc0000000 - 0xf77fe000   ( 887 MB)
[    0.000000]       .init : 0xc1907000 - 0xc1977000   ( 448 kB)
[    0.000000]       .data : 0xc16c0d3f - 0xc1906c64   (2327 kB)
[    0.000000]       .text : 0xc1000000 - 0xc16c0d3f   (6915 kB)
[    0.000000] Checking if this processor honours the WP bit even in supervisor mode...Ok.
[    0.000000] SLUB: Genslabs=13, HWalign=64, Order=0-3, MinObjects=0, CPUs=1, Nodes=1
[    0.000000] Hierarchical RCU implementation.
[    0.000000] NR_IRQS:288
[    0.000000] Extended CMOS year: 2000
[    0.000000] Console: colour VGA+ 80x25
[    0.000000] console [tty0] enabled
[    0.000000] hpet clockevent registered
[    0.000000] Fast TSC calibration failed
[    0.000000] TSC: PIT calibration matches HPET. 1 loops
[    0.000000] Detected 2094.784 MHz processor.
[    0.002002] Calibrating delay loop (skipped), value calculated using timer frequency.. 4189.56 BogoMIPS (lpj=2094784)
[    0.002173] Security Framework initialized
[    0.002259] Mount-cache hash table entries: 512
[    0.002405] CPU: L1 I cache: 32K, L1 D cache: 32K
[    0.002541] CPU: L2 cache: 3072K
[    0.002624] mce: CPU supports 6 MCE banks
[    0.002709] CPU0: Thermal monitoring enabled (TM2)
[    0.003003] using mwait in idle threads.
[    0.003087] CPU: Intel(R) Core(TM)2 Duo CPU     T8100  @ 2.10GHz stepping 06
[    0.003266] Checking 'hlt' instruction... OK.
[    0.007935] ACPI: Core revision 20090903
[    0.027009] RANDOM get_random_int first call with cycles 32596755355, jiffies 4294667323 and pid 0
[    0.027016] CANARY value: cc50fab7 for PID: 1
[    0.027024] CANARY value: 5cb979fe for PID: 2
[    0.027046] Enabling APIC mode:  Flat.  Using 1 I/O APICs
[    0.027502] ..TIMER: vector=0x30 apic1=0 pin1=2 apic2=-1 pin2=-1
[    0.037997] xor: automatically using best checksumming function: pIII_sse
[    0.041998]    pIII_sse  :  8568.000 MB/sec
[    0.042083] xor: using function: pIII_sse (8568.000 MB/sec)
[    0.042169] RANDOM - __seed init called.
[    0.042170] RANDOM - __seed init called.
[    0.042171] RANDOM - __seed init called.
[    0.042173] RANDOM - __random32 called. Change num 1.  Value: f7943846	49e73df3	af36cd0d
[    0.042174] RANDOM - __random32 called. Change num 2.  Value: 43846e13	9e73df37	9a1ad014
[    0.042176] RANDOM - __random32 called. Change num 3.  Value: 46e139c8	e73df373	a029598a
[    0.042178] RANDOM - __random32 called. Change num 4.  Value: 139c8c3b	73df373d	b3142c72
[    0.042180] RANDOM - __random32 called. Change num 5.  Value: c8c3b043	3df373de	58e576a9
[    0.042181] RANDOM - __random32 called. Change num 6.  Value: 3b0437d9	df373de5	ed53f9d8
[    0.042183] RANDOM - random32 init called.  Value: 3b0437d9	df373de5	ed53f9d8
[    0.042200] NET: Registered protocol family 16
[    0.042456] ACPI FADT declares the system doesn't support PCIe ASPM, so disable it
[    0.042572] ACPI: bus type pci registered
[    0.042733] PCI: MCFG configuration 0: base f0000000 segment 0 buses 0 - 63
[    0.042816] PCI: MCFG area at f0000000 reserved in E820
[    0.042894] PCI: Using MMCONFIG for extended config space
[    0.042974] PCI: Using configuration type 1 for base access
[    0.046083] bio: create slab <bio-0> at 0
[    0.046882] ACPI: EC: EC description table is found, configuring boot EC
[    0.052047] ACPI: BIOS _OSI(Linux) query honored via DMI
[    0.052781] random 0000 0000 0000 00000000 00000000: rand_read_num 2 get_random_bytes(8): sig fffffe1a 00000000 00000000
[    0.052783] random 0000 0000 0000 00000000 00000000: extract_entropy(.. 8 ..)
[    0.052786] random 0000 0000 0000 00000000 00000000: going to reseed nonblocking with 64 bits (64 of 0 requested)
[    0.052788] random 0000 0000 0000 00000000 00000000: extract_entropy(.. 8 ..)
[    0.052791] random 0000 0000 0000 00000000 00000000: trying to extract 64 bits from input
[    0.052793] random 0000 0000 0000 00000000 00000000: debiting 0 entropy credits from input
[    0.052795] random 0000 0000 0000 00000000 00000000: extract_entropy account returned: 0 
[    0.052797] random 0000 0000 0000 00000000 00000000: urand_change_num 3 xfer_secondary_pool(8): pool_sig fffffe1a, data_sig 00000000, bytes_mixed 0 00000000 00000000
[    0.052801] random 0000 0000 0000 00000000 00000000: trying to extract 64 bits from nonblocking
[    0.052803] random 0000 0000 0000 00000000 00000000: debiting 64 entropy credits from nonblocking (unlimited)
[    0.052805] random 0000 0000 0000 00000000 00000000: extract_entropy account returned: 8 
[    0.052835] random 0000 0000 0000 00000000 00000000: urand_change_num 4 extract_buf: pool_sig fffffe1a, data_sig fffffed7, bytes_mixed 20 00000000 00000000
[    0.057452] ACPI: Interpreter enabled
[    0.057539] ACPI: (supports S0 S3 S4 S5)
[    0.057827] ACPI: Using IOAPIC for interrupt routing
[    0.067463] ACPI: EC: GPE = 0x12, I/O: command/status = 0x66, data = 0x62
[    0.067726] ACPI: Power Resource [PUBS] (on)
[    0.069822] ACPI: ACPI Dock Station Driver: 3 docks/bays found
[    0.070240] ACPI: PCI Root Bridge [PCI0] (0000:00)
[    0.070402] pci 0000:00:02.0: reg 10 64bit mmio: [0xf8100000-0xf81fffff]
[    0.070408] pci 0000:00:02.0: reg 18 64bit mmio pref: [0xe0000000-0xefffffff]
[    0.070412] pci 0000:00:02.0: reg 20 io port: [0x1800-0x1807]
[    0.070447] pci 0000:00:02.1: reg 10 64bit mmio: [0xf8200000-0xf82fffff]
[    0.070548] pci 0000:00:19.0: reg 10 32bit mmio: [0xfe000000-0xfe01ffff]
[    0.070557] pci 0000:00:19.0: reg 14 32bit mmio: [0xfe025000-0xfe025fff]
[    0.070566] pci 0000:00:19.0: reg 18 io port: [0x1840-0x185f]
[    0.070639] pci 0000:00:19.0: PME# supported from D0 D3hot D3cold
[    0.070735] pci 0000:00:19.0: PME# disabled
[    0.070889] pci 0000:00:1a.0: reg 20 io port: [0x1860-0x187f]
[    0.070973] pci 0000:00:1a.1: reg 20 io port: [0x1880-0x189f]
[    0.071055] pci 0000:00:1a.7: reg 10 32bit mmio: [0xfe226c00-0xfe226fff]
[    0.071141] pci 0000:00:1a.7: PME# supported from D0 D3hot D3cold
[    0.071228] pci 0000:00:1a.7: PME# disabled
[    0.071364] pci 0000:00:1b.0: reg 10 64bit mmio: [0xfe020000-0xfe023fff]
[    0.071445] pci 0000:00:1b.0: PME# supported from D0 D3hot D3cold
[    0.071530] pci 0000:00:1b.0: PME# disabled
[    0.071722] pci 0000:00:1c.0: PME# supported from D0 D3hot D3cold
[    0.071808] pci 0000:00:1c.0: PME# disabled
[    0.072009] pci 0000:00:1c.1: PME# supported from D0 D3hot D3cold
[    0.072092] pci 0000:00:1c.1: PME# disabled
[    0.072282] pci 0000:00:1c.2: PME# supported from D0 D3hot D3cold
[    0.072374] pci 0000:00:1c.2: PME# disabled
[    0.072567] pci 0000:00:1c.3: PME# supported from D0 D3hot D3cold
[    0.072999] pci 0000:00:1c.3: PME# disabled
[    0.073203] pci 0000:00:1c.4: PME# supported from D0 D3hot D3cold
[    0.073292] pci 0000:00:1c.4: PME# disabled
[    0.073441] pci 0000:00:1d.0: reg 20 io port: [0x18a0-0x18bf]
[    0.073520] pci 0000:00:1d.1: reg 20 io port: [0x18c0-0x18df]
[    0.073597] pci 0000:00:1d.2: reg 20 io port: [0x18e0-0x18ff]
[    0.074009] pci 0000:00:1d.7: reg 10 32bit mmio: [0xfe227000-0xfe2273ff]
[    0.074109] pci 0000:00:1d.7: PME# supported from D0 D3hot D3cold
[    0.074200] pci 0000:00:1d.7: PME# disabled
[    0.074485] pci 0000:00:1f.0: quirk: region 1000-107f claimed by ICH6 ACPI/GPIO/TCO
[    0.074601] pci 0000:00:1f.0: quirk: region 1180-11bf claimed by ICH6 GPIO
[    0.074687] pci 0000:00:1f.0: ICH7 LPC Generic IO decode 1 PIO at 1600 (mask 007f)
[    0.074802] pci 0000:00:1f.0: ICH7 LPC Generic IO decode 2 PIO at 15e0 (mask 000f)
[    0.074921] pci 0000:00:1f.0: ICH7 LPC Generic IO decode 3 PIO at 1680 (mask 001f)
[    0.075071] pci 0000:00:1f.1: reg 10 io port: [0x00-0x07]
[    0.075080] pci 0000:00:1f.1: reg 14 io port: [0x00-0x03]
[    0.075087] pci 0000:00:1f.1: reg 18 io port: [0x00-0x07]
[    0.075099] pci 0000:00:1f.1: reg 1c io port: [0x00-0x03]
[    0.075108] pci 0000:00:1f.1: reg 20 io port: [0x1c00-0x1c0f]
[    0.075194] pci 0000:00:1f.2: reg 10 io port: [0x1c50-0x1c57]
[    0.075202] pci 0000:00:1f.2: reg 14 io port: [0x1c44-0x1c47]
[    0.075211] pci 0000:00:1f.2: reg 18 io port: [0x1c48-0x1c4f]
[    0.075220] pci 0000:00:1f.2: reg 1c io port: [0x1c40-0x1c43]
[    0.075229] pci 0000:00:1f.2: reg 20 io port: [0x1c20-0x1c3f]
[    0.075238] pci 0000:00:1f.2: reg 24 32bit mmio: [0xfe226000-0xfe2267ff]
[    0.075295] pci 0000:00:1f.2: PME# supported from D3hot
[    0.075378] pci 0000:00:1f.2: PME# disabled
[    0.075494] pci 0000:00:1f.3: reg 10 32bit mmio: [0xfe227400-0xfe2274ff]
[    0.075519] pci 0000:00:1f.3: reg 20 io port: [0x1c60-0x1c7f]
[    0.075607] pci 0000:00:1c.0: bridge io port: [0x2000-0x2fff]
[    0.075612] pci 0000:00:1c.0: bridge 32bit mmio: [0xfc000000-0xfdffffff]
[    0.075626] pci 0000:00:1c.0: bridge 64bit mmio pref: [0xf8000000-0xf80fffff]
[    0.075699] pci 0000:03:00.0: reg 10 64bit mmio: [0xdf3f0000-0xdf3fffff]
[    0.075893] pci 0000:00:1c.1: bridge io port: [0x3000-0x3fff]
[    0.075899] pci 0000:00:1c.1: bridge 32bit mmio: [0xdc000000-0xdf3fffff]
[    0.075909] pci 0000:00:1c.1: bridge 64bit mmio pref: [0xdfe00000-0xdfefffff]
[    0.076012] pci 0000:00:1c.2: bridge io port: [0x4000-0x4fff]
[    0.076016] pci 0000:00:1c.2: bridge 32bit mmio: [0xd8000000-0xd9ffffff]
[    0.076023] pci 0000:00:1c.2: bridge 64bit mmio pref: [0xdfb00000-0xdfbfffff]
[    0.076079] pci 0000:00:1c.3: bridge io port: [0x5000-0x5fff]
[    0.076084] pci 0000:00:1c.3: bridge 32bit mmio: [0xd4000000-0xd5ffffff]
[    0.076093] pci 0000:00:1c.3: bridge 64bit mmio pref: [0xdf800000-0xdf8fffff]
[    0.076152] pci 0000:00:1c.4: bridge io port: [0x6000-0x6fff]
[    0.076158] pci 0000:00:1c.4: bridge 32bit mmio: [0xd0000000-0xd1ffffff]
[    0.076167] pci 0000:00:1c.4: bridge 64bit mmio pref: [0xdf500000-0xdf5fffff]
[    0.076222] pci 0000:15:00.0: reg 10 32bit mmio: [0xf8300000-0xf8300fff]
[    0.076272] pci 0000:15:00.0: supports D1 D2
[    0.076273] pci 0000:15:00.0: PME# supported from D0 D1 D2 D3hot D3cold
[    0.076358] pci 0000:15:00.0: PME# disabled
[    0.076492] pci 0000:15:00.1: reg 10 32bit mmio: [0xf8301000-0xf83017ff]
[    0.076586] pci 0000:15:00.1: supports D1 D2
[    0.076587] pci 0000:15:00.1: PME# supported from D0 D1 D2 D3hot D3cold
[    0.076673] pci 0000:15:00.1: PME# disabled
[    0.076847] pci 0000:00:1e.0: transparent bridge
[    0.076929] pci 0000:00:1e.0: bridge io port: [0x7000-0xafff]
[    0.076935] pci 0000:00:1e.0: bridge 32bit mmio: [0xf8300000-0xfbffffff]
[    0.076942] pci 0000:00:1e.0: bridge 64bit mmio pref: [0xf4000000-0xf7ffffff]
[    0.077017] pci_bus 0000:00: on NUMA node 0
[    0.077021] ACPI: PCI Interrupt Routing Table [\_SB_.PCI0._PRT]
[    0.077155] ACPI: PCI Interrupt Routing Table [\_SB_.PCI0.EXP0._PRT]
[    0.077214] ACPI: PCI Interrupt Routing Table [\_SB_.PCI0.EXP1._PRT]
[    0.077272] ACPI: PCI Interrupt Routing Table [\_SB_.PCI0.EXP2._PRT]
[    0.077330] ACPI: PCI Interrupt Routing Table [\_SB_.PCI0.EXP3._PRT]
[    0.077393] ACPI: PCI Interrupt Routing Table [\_SB_.PCI0.EXP4._PRT]
[    0.077455] ACPI: PCI Interrupt Routing Table [\_SB_.PCI0.PCI1._PRT]
[    0.082921] ACPI: PCI Interrupt Link [LNKA] (IRQs 3 4 5 6 7 9 *10 11)
[    0.083616] ACPI: PCI Interrupt Link [LNKB] (IRQs 3 4 5 6 7 9 10 *11)
[    0.084354] ACPI: PCI Interrupt Link [LNKC] (IRQs 3 4 5 6 7 9 10 *11)
[    0.085124] ACPI: PCI Interrupt Link [LNKD] (IRQs 3 4 5 6 7 9 10 *11)
[    0.085838] ACPI: PCI Interrupt Link [LNKE] (IRQs 3 4 5 6 7 9 10 *11)
[    0.086522] ACPI: PCI Interrupt Link [LNKF] (IRQs 3 4 5 6 7 9 10 *11)
[    0.087232] ACPI: PCI Interrupt Link [LNKG] (IRQs 3 4 5 6 7 9 10 *11)
[    0.088050] ACPI: PCI Interrupt Link [LNKH] (IRQs 3 4 5 6 7 9 10 *11)
[    0.088747] vgaarb: device added: PCI:0000:00:02.0,decodes=io+mem,owns=io+mem,locks=none
[    0.088874] vgaarb: loaded
[    0.089054] SCSI subsystem initialized
[    0.089152] libata version 3.00 loaded.
[    0.089201] usbcore: registered new interface driver usbfs
[    0.089325] usbcore: registered new interface driver hub
[    0.089434] usbcore: registered new device driver usb
[    0.106041] raid6: int32x1    941 MB/s
[    0.123058] raid6: int32x2    890 MB/s
[    0.140068] raid6: int32x4    750 MB/s
[    0.156986] raid6: int32x8    656 MB/s
[    0.173988] raid6: mmxx1     2878 MB/s
[    0.190987] raid6: mmxx2     3253 MB/s
[    0.207996] raid6: sse1x1    1937 MB/s
[    0.224977] raid6: sse1x2    2531 MB/s
[    0.241990] raid6: sse2x1    3511 MB/s
[    0.258986] raid6: sse2x2    3828 MB/s
[    0.259064] raid6: using algorithm sse2x2 (3828 MB/s)
[    0.259152] PCI: Using ACPI for IRQ routing
[    0.259452] HPET: 3 timers in total, 0 timers will be used for per-cpu timer
[    0.259989] Switching to clocksource tsc
[    0.260086] pnp: PnP ACPI init
[    0.260170] ACPI: bus type pnp registered
[    0.263804] pnp: PnP ACPI: found 11 devices
[    0.263902] ACPI: ACPI bus type pnp unregistered
[    0.263992] system 00:00: iomem range 0x0-0x9ffff could not be reserved
[    0.264086] system 00:00: iomem range 0xc0000-0xc3fff could not be reserved
[    0.264170] system 00:00: iomem range 0xc4000-0xc7fff could not be reserved
[    0.264252] system 00:00: iomem range 0xc8000-0xcbfff has been reserved
[    0.264347] system 00:00: iomem range 0xcc000-0xcffff has been reserved
[    0.264430] system 00:00: iomem range 0xd0000-0xd3fff could not be reserved
[    0.264512] system 00:00: iomem range 0xe0000-0xe3fff could not be reserved
[    0.264600] system 00:00: iomem range 0xe4000-0xe7fff could not be reserved
[    0.264682] system 00:00: iomem range 0xe8000-0xebfff could not be reserved
[    0.264772] system 00:00: iomem range 0xec000-0xeffff could not be reserved
[    0.264861] system 00:00: iomem range 0xf0000-0xfffff could not be reserved
[    0.264946] system 00:00: iomem range 0x100000-0x3dffffff could not be reserved
[    0.265065] system 00:00: iomem range 0xfec00000-0xfed3ffff could not be reserved
[    0.265189] system 00:00: iomem range 0xfed4c000-0xffffffff could not be reserved
[    0.265307] system 00:02: ioport range 0x164e-0x164f has been reserved
[    0.265396] system 00:02: ioport range 0x1000-0x107f has been reserved
[    0.265482] system 00:02: ioport range 0x1180-0x11bf has been reserved
[    0.265564] system 00:02: ioport range 0x800-0x80f has been reserved
[    0.265658] system 00:02: ioport range 0x15e0-0x15ef has been reserved
[    0.265741] system 00:02: ioport range 0x1600-0x165f could not be reserved
[    0.265823] system 00:02: iomem range 0xf0000000-0xf3ffffff has been reserved
[    0.265920] system 00:02: iomem range 0xfed1c000-0xfed1ffff has been reserved
[    0.266003] system 00:02: iomem range 0xfed14000-0xfed17fff has been reserved
[    0.266085] system 00:02: iomem range 0xfed18000-0xfed18fff has been reserved
[    0.266169] system 00:02: iomem range 0xfed19000-0xfed19fff has been reserved
[    0.266257] system 00:02: iomem range 0xfed45000-0xfed4bfff has been reserved
[    0.301291] pci 0000:00:1c.0: PCI bridge, secondary bus 0000:02
[    0.301375] pci 0000:00:1c.0:   IO window: 0x2000-0x2fff
[    0.301461] pci 0000:00:1c.0:   MEM window: 0xfc000000-0xfdffffff
[    0.301548] pci 0000:00:1c.0:   PREFETCH window: 0x000000f8000000-0x000000f80fffff
[    0.301673] pci 0000:00:1c.1: PCI bridge, secondary bus 0000:03
[    0.301758] pci 0000:00:1c.1:   IO window: 0x3000-0x3fff
[    0.301841] pci 0000:00:1c.1:   MEM window: 0xdc000000-0xdf3fffff
[    0.301942] pci 0000:00:1c.1:   PREFETCH window: 0x000000dfe00000-0x000000dfefffff
[    0.302067] pci 0000:00:1c.2: PCI bridge, secondary bus 0000:04
[    0.302150] pci 0000:00:1c.2:   IO window: 0x4000-0x4fff
[    0.302233] pci 0000:00:1c.2:   MEM window: 0xd8000000-0xd9ffffff
[    0.302321] pci 0000:00:1c.2:   PREFETCH window: 0x000000dfb00000-0x000000dfbfffff
[    0.302441] pci 0000:00:1c.3: PCI bridge, secondary bus 0000:05
[    0.302522] pci 0000:00:1c.3:   IO window: 0x5000-0x5fff
[    0.302605] pci 0000:00:1c.3:   MEM window: 0xd4000000-0xd5ffffff
[    0.302697] pci 0000:00:1c.3:   PREFETCH window: 0x000000df800000-0x000000df8fffff
[    0.302826] pci 0000:00:1c.4: PCI bridge, secondary bus 0000:0d
[    0.302923] pci 0000:00:1c.4:   IO window: 0x6000-0x6fff
[    0.303008] pci 0000:00:1c.4:   MEM window: 0xd0000000-0xd1ffffff
[    0.303092] pci 0000:00:1c.4:   PREFETCH window: 0x000000df500000-0x000000df5fffff
[    0.303212] pci 0000:15:00.0: CardBus bridge, secondary bus 0000:16
[    0.303296] pci 0000:15:00.0:   IO window: 0x007000-0x0070ff
[    0.303389] pci 0000:15:00.0:   IO window: 0x007400-0x0074ff
[    0.303481] pci 0000:15:00.0:   PREFETCH window: 0xf4000000-0xf7ffffff
[    0.303568] pci 0000:15:00.0:   MEM window: 0x40000000-0x43ffffff
[    0.303661] pci 0000:00:1e.0: PCI bridge, secondary bus 0000:15
[    0.303745] pci 0000:00:1e.0:   IO window: 0x7000-0xafff
[    0.303836] pci 0000:00:1e.0:   MEM window: 0xf8300000-0xfbffffff
[    0.303927] pci 0000:00:1e.0:   PREFETCH window: 0x000000f4000000-0x000000f7ffffff
[    0.304057] pci 0000:00:1c.0: PCI INT A -> GSI 20 (level, low) -> IRQ 20
[    0.304148] pci 0000:00:1c.0: setting latency timer to 64
[    0.304160] pci 0000:00:1c.1: PCI INT B -> GSI 21 (level, low) -> IRQ 21
[    0.304245] pci 0000:00:1c.1: setting latency timer to 64
[    0.304256] pci 0000:00:1c.2: PCI INT C -> GSI 22 (level, low) -> IRQ 22
[    0.304351] pci 0000:00:1c.2: setting latency timer to 64
[    0.304360] pci 0000:00:1c.3: PCI INT D -> GSI 23 (level, low) -> IRQ 23
[    0.304444] pci 0000:00:1c.3: setting latency timer to 64
[    0.304455] pci 0000:00:1c.4: PCI INT A -> GSI 20 (level, low) -> IRQ 20
[    0.304543] pci 0000:00:1c.4: setting latency timer to 64
[    0.304549] pci 0000:00:1e.0: enabling device (0005 -> 0007)
[    0.304647] pci 0000:00:1e.0: setting latency timer to 64
[    0.304659] pci 0000:15:00.0: PCI INT A -> GSI 16 (level, low) -> IRQ 16
[    0.304760] pci 0000:15:00.0: setting latency timer to 64
[    0.304766] pci_bus 0000:00: resource 0 io:  [0x00-0xffff]
[    0.304768] pci_bus 0000:00: resource 1 mem: [0x000000-0xffffffff]
[    0.304770] pci_bus 0000:02: resource 0 io:  [0x2000-0x2fff]
[    0.304771] pci_bus 0000:02: resource 1 mem: [0xfc000000-0xfdffffff]
[    0.304773] pci_bus 0000:02: resource 2 pref mem [0xf8000000-0xf80fffff]
[    0.304775] pci_bus 0000:03: resource 0 io:  [0x3000-0x3fff]
[    0.304777] pci_bus 0000:03: resource 1 mem: [0xdc000000-0xdf3fffff]
[    0.304779] pci_bus 0000:03: resource 2 pref mem [0xdfe00000-0xdfefffff]
[    0.304781] pci_bus 0000:04: resource 0 io:  [0x4000-0x4fff]
[    0.304783] pci_bus 0000:04: resource 1 mem: [0xd8000000-0xd9ffffff]
[    0.304784] pci_bus 0000:04: resource 2 pref mem [0xdfb00000-0xdfbfffff]
[    0.304786] pci_bus 0000:05: resource 0 io:  [0x5000-0x5fff]
[    0.304788] pci_bus 0000:05: resource 1 mem: [0xd4000000-0xd5ffffff]
[    0.304790] pci_bus 0000:05: resource 2 pref mem [0xdf800000-0xdf8fffff]
[    0.304792] pci_bus 0000:0d: resource 0 io:  [0x6000-0x6fff]
[    0.304794] pci_bus 0000:0d: resource 1 mem: [0xd0000000-0xd1ffffff]
[    0.304795] pci_bus 0000:0d: resource 2 pref mem [0xdf500000-0xdf5fffff]
[    0.304797] pci_bus 0000:15: resource 0 io:  [0x7000-0xafff]
[    0.304799] pci_bus 0000:15: resource 1 mem: [0xf8300000-0xfbffffff]
[    0.304801] pci_bus 0000:15: resource 2 pref mem [0xf4000000-0xf7ffffff]
[    0.304803] pci_bus 0000:15: resource 3 io:  [0x00-0xffff]
[    0.304804] pci_bus 0000:15: resource 4 mem: [0x000000-0xffffffff]
[    0.304806] pci_bus 0000:16: resource 0 io:  [0x7000-0x70ff]
[    0.304808] pci_bus 0000:16: resource 1 io:  [0x7400-0x74ff]
[    0.304810] pci_bus 0000:16: resource 2 pref mem [0xf4000000-0xf7ffffff]
[    0.304812] pci_bus 0000:16: resource 3 mem: [0x40000000-0x43ffffff]
[    0.304819] NET: Registered protocol family 2
[    0.304904] RANDOM - __random32 called. Change num 7.  Value: 437d97bf	f373de51	f3b0f986
[    0.304906] RANDOM - random32 called.  Value: 437d97bf	f373de51	f3b0f986
[    0.304910] random 0000 0000 0000 5f8db4e5 4cfdf2a8: rand_read_num 3 get_random_bytes(4): sig fffffb64 5f8db4e5 4cfdf2a8
[    0.304912] random 0000 0000 0000 5f8db4e5 4cfdf2a8: extract_entropy(.. 4 ..)
[    0.304915] random 0000 0000 0000 5f8db4e5 4cfdf2a8: going to reseed nonblocking with 64 bits (32 of 0 requested)
[    0.304917] random 0000 0000 0000 5f8db4e5 4cfdf2a8: extract_entropy(.. 8 ..)
[    0.304919] random 0000 0000 0000 5f8db4e5 4cfdf2a8: trying to extract 64 bits from input
[    0.304921] random 0000 0000 0000 5f8db4e5 4cfdf2a8: debiting 0 entropy credits from input
[    0.304923] random 0000 0000 0000 5f8db4e5 4cfdf2a8: extract_entropy account returned: 0 
[    0.304926] random 0000 0000 0000 5f8db4e5 4cfdf2a8: urand_change_num 5 xfer_secondary_pool(4): pool_sig fffffb64, data_sig 00000000, bytes_mixed 0 5f8db4e5 4cfdf2a8
[    0.304929] random 0000 0000 0000 5f8db4e5 4cfdf2a8: trying to extract 32 bits from nonblocking
[    0.304932] random 0000 0000 0000 5f8db4e5 4cfdf2a8: debiting 32 entropy credits from nonblocking (unlimited)
[    0.304934] random 0000 0000 0000 5f8db4e5 4cfdf2a8: extract_entropy account returned: 4 
[    0.304938] random 0000 0000 0000 5f8db4e5 4cfdf2a8: urand_change_num 6 extract_buf: pool_sig fffffb64, data_sig 00000241, bytes_mixed 20 5f8db4e5 4cfdf2a8
[    0.304947] IP route cache hash table entries: 32768 (order: 5, 131072 bytes)
[    0.305081] RANDOM - __random32 called. Change num 8.  Value: d97bfe31	373de51f	f30dc6e6
[    0.305083] RANDOM - random32 called.  Value: d97bfe31	373de51f	f30dc6e6
[    0.305094] RANDOM - __random32 called. Change num 9.  Value: bfe314d7	73de51f5	8dcd6c7e
[    0.305095] RANDOM - random32 called.  Value: bfe314d7	73de51f5	8dcd6c7e
[    0.305097] RANDOM - __random32 called. Change num 10.  Value: 314d7baf	3de51f5e	d8fc74c1
[    0.305099] RANDOM - random32 called.  Value: 314d7baf	3de51f5e	d8fc74c1
[    0.305110] RANDOM - __random32 called. Change num 11.  Value: d7baf3c7	de51f5e5	e983e3fa
[    0.305111] RANDOM - random32 called.  Value: d7baf3c7	de51f5e5	e983e3fa
[    0.305121] TCP established hash table entries: 131072 (order: 8, 1048576 bytes)
[    0.305602] TCP bind hash table entries: 65536 (order: 6, 262144 bytes)
[    0.305794] TCP: Hash tables configured (established 131072 bind 65536)
[    0.305890] TCP reno registered
[    0.305986] NET: Registered protocol family 1
[    0.306091] RPC: Registered udp transport module.
[    0.306174] RPC: Registered tcp transport module.
[    0.306253] RPC: Registered tcp NFSv4.1 backchannel transport module.
[    0.306343] pci 0000:00:02.0: Boot video device
[    0.306556] Simple Boot Flag at 0x35 set to 0x1
[    0.307111] highmem bounce pool size: 64 pages
[    0.308586] VFS: Disk quotas dquot_6.5.2
[    0.308706] Dquot-cache hash table entries: 1024 (order 0, 4096 bytes)
[    0.309437] NTFS driver 2.1.29 [Flags: R/W].
[    0.309595] ROMFS MTD (C) 2007 Red Hat, Inc.
[    0.309794] JFS: nTxBlock = 7695, nTxLock = 61562
[    0.312223] SGI XFS with ACLs, security attributes, large block/inode numbers, no debug enabled
[    0.312697] SGI XFS Quota Management subsystem
[    0.313032] Slow work thread pool: Starting up
[    0.313125] Slow work thread pool: Ready
[    0.313216] GFS2 (built May 24 2013 02:47:17) installed
[    0.313301] msgmni has been set to 1734
[    0.313460] alg: No test for cipher_null (cipher_null-generic)
[    0.313561] alg: No test for ecb(cipher_null) (ecb-cipher_null)
[    0.313655] alg: No test for digest_null (digest_null-generic)
[    0.313746] alg: No test for compress_null (compress_null-generic)
[    0.314290] alg: No test for fcrypt (fcrypt-generic)
[    0.315699] alg: No test for stdrng (krng)
[    0.315790] async_tx: api initialized (async)
[    0.315952] Block layer SCSI generic (bsg) driver version 0.4 loaded (major 254)
[    0.316072] io scheduler noop registered
[    0.316163] io scheduler anticipatory registered
[    0.316243] io scheduler deadline registered
[    0.316365] io scheduler cfq registered (default)
[    0.316612] pcieport 0000:00:1c.0: irq 24 for MSI/MSI-X
[    0.316628] pcieport 0000:00:1c.0: setting latency timer to 64
[    0.316818] pcieport 0000:00:1c.1: irq 25 for MSI/MSI-X
[    0.316828] pcieport 0000:00:1c.1: setting latency timer to 64
[    0.317023] pcieport 0000:00:1c.2: irq 26 for MSI/MSI-X
[    0.317035] pcieport 0000:00:1c.2: setting latency timer to 64
[    0.317227] pcieport 0000:00:1c.3: irq 27 for MSI/MSI-X
[    0.317238] pcieport 0000:00:1c.3: setting latency timer to 64
[    0.317413] pcieport 0000:00:1c.4: irq 28 for MSI/MSI-X
[    0.317424] pcieport 0000:00:1c.4: setting latency timer to 64
[    0.317567] pci_hotplug: PCI Hot Plug PCI Core version: 0.5
[    0.317754] isapnp: Scanning for PnP cards...
[    0.678304] isapnp: No Plug & Play device found
[    0.678393] random 0000 0000 0000 5f8db4e5 4cfdf2a8: initializing
[    0.678395] RANDOM init_std_data for input now value: 1370006773678395793
[    0.678397] RANDOM init_std_data for blocking now value: 1370006773678397773
[    0.678399] RANDOM init_std_data for nonblocking now value: 1370006773678399528
[    0.697955] Serial: 8250/16550 driver, 4 ports, IRQ sharing enabled
[    3.708608] floppy0: no floppy controllers found
[    3.709547] brd: module loaded
[    3.710060] loop: module loaded
[    3.710150] Compaq SMART2 Driver (v 2.6.0)
[    3.710265] HP CISS Driver (v 3.6.20)
[    3.710507] input: Macintosh mouse button emulation as /devices/virtual/input/input0
[    3.710641] Uniform Multi-Platform E-IDE driver
[    3.710856] piix 0000:00:1f.1: IDE controller (0x8086:0x2850 rev 0x03)
[    3.710949] pci 0000:00:1f.1: PCI INT C -> GSI 16 (level, low) -> IRQ 16
[    3.711042] piix 0000:00:1f.1: IDE port disabled
[    3.711137] piix 0000:00:1f.1: not 100% native mode: will probe irqs later
[    3.711242]     ide0: BM-DMA at 0x1c00-0x1c07
[    3.711988] Probing IDE interface ide0...
[    4.383777] hda: HL-DT-ST DVDRAM GSA-U10N, ATAPI CD/DVD-ROM drive
[    4.689563] hda: host max PIO4 wanted PIO255(auto-tune) selected PIO4
[    4.690331] hda: UDMA/33 mode selected
[    4.690789] ide0 at 0x1f0-0x1f7,0x3f6 on irq 14
[    4.694667] ide-gd driver 1.18
[    4.694767] ide-cd driver 5.00
[    4.696145] random 0000 0000 0000 00000000 00000000: add_disk_randomness(0:0) 00000000 00000000
[    4.696149] random 0000 0000 0000 00000000 00000000: add_timer_randomness(.. 256) with jiffies: 17547102756257103480, cycles: -899641321747120119
[    4.696152] random 0000 0000 0000 00000000 00000000: added 11 entropy credits to input
[    4.696155] ide-cd: hda: ATAPI 24X DVD-ROM DVD-R/RAM CD-R/RW drive, 2048kB Cache
[    4.696554] Uniform CD-ROM driver Revision: 3.20
[    4.699447] random 0011 0000 0000 00000000 00000000: add_disk_randomness(0:0) 00000000 00000000
[    4.699450] random 0011 0000 0000 00000000 00000000: add_timer_randomness(.. 256) with jiffies: 17576812178914901627, cycles: -869931899089321975
[    4.699452] random 0011 0000 0000 00000000 00000000: added 1 entropy credits to input
[    4.699455] random 0012 0000 0000 00000000 00000000: add_disk_randomness(0:0) 00000000 00000000
[    4.699458] random 0012 0000 0000 00000000 00000000: add_timer_randomness(.. 256) with jiffies: 17576889204858388091, cycles: -869854873145835511
[    4.701447] random 0012 0000 0000 00000000 00000000: add_disk_randomness(0:0) 00000000 00000000
[    4.701450] random 0012 0000 0000 00000000 00000000: add_timer_randomness(.. 256) with jiffies: 17594807791237430909, cycles: -851936286766792695
[    4.701453] random 0012 0000 0000 00000000 00000000: added 1 entropy credits to input
[    4.701455] random 0013 0000 0000 00000000 00000000: add_disk_randomness(0:0) 00000000 00000000
[    4.701458] random 0013 0000 0000 00000000 00000000: add_timer_randomness(.. 256) with jiffies: 17594883283877592701, cycles: -851860794126630903
[    4.703446] random 0013 0000 0000 00000000 00000000: add_disk_randomness(0:0) 00000000 00000000
[    4.703449] random 0013 0000 0000 00000000 00000000: add_timer_randomness(.. 256) with jiffies: 17612792313954401919, cycles: -833951764049821687
[    4.703451] random 0013 0000 0000 00000000 00000000: added 1 entropy credits to input
[    4.703454] random 0014 0000 0000 00000000 00000000: add_disk_randomness(0:0) 00000000 00000000
[    4.703457] random 0014 0000 0000 00000000 00000000: add_timer_randomness(.. 256) with jiffies: 17612866677018164863, cycles: -833877400986058743
[    4.703737] Loading iSCSI transport class v2.0-870.
[    4.704011] rdac: device handler registered
[    4.704093] hp_sw: device handler registered
[    4.704177] emc: device handler registered
[    4.704258] alua: device handler registered
[    4.705239] Adaptec aacraid driver 1.1-5[2461]-ms
[    4.705651] scsi: <fdomain> Detection failed (no card)
[    4.705744] sym53c416.c: Version 1.0.0-ac
[    4.705845] qlogicfas: no cards were found, please specify I/O address and IRQ using iobase= and irq= options
[    4.705959] QLogic Fibre Channel HBA Driver: 8.03.01-k6
[    4.706176] iscsi: registered transport (qla4xxx)
[    4.706275] QLogic iSCSI HBA Driver
[    4.706353] Emulex LightPulse Fibre Channel SCSI driver 8.3.4
[    4.706443] Copyright(c) 2004-2009 Emulex.  All rights reserved.
[    4.728547] Failed initialization of WD-7000 SCSI card!
[    4.818249] DC390: clustering now enabled by default. If you get problems load
[    4.818373]        with "disable_clustering=1" and report to maintainers
[    4.818503] megaraid cmm: 2.20.2.7 (Release Date: Sun Jul 16 00:01:03 EST 2006)
[    4.818657] megaraid: 2.20.5.1 (Release Date: Thu Nov 16 15:32:35 EST 2006)
[    4.818760] megasas: 00.00.04.01 Thu July 24 11:41:51 PST 2008
[    4.818887] GDT-HA: Storage RAID Controller Driver. Version: 3.05
[    4.819026] 3ware Storage Controller device driver for Linux v1.26.02.002.
[    4.819133] 3ware 9000 Storage Controller device driver for Linux v2.26.02.012.
[    4.819276] nsp32: loading...
[    4.819379] ipr: IBM Power RAID SCSI Device Driver version: 2.4.3 (June 10, 2009)
[    4.819513] RocketRAID 3xxx/4xxx Controller driver v1.6 (090910)
[    4.819627] stex: Promise SuperTrak EX Driver version: 4.6.0000.3
[    4.819750] st: Version 20081215, fixed bufsize 32768, s/g segs 256
[    4.819941] ahci 0000:00:1f.2: version 3.0
[    4.819954] ahci 0000:00:1f.2: PCI INT B -> GSI 16 (level, low) -> IRQ 16
[    4.820087] ahci 0000:00:1f.2: irq 29 for MSI/MSI-X
[    4.820150] ahci 0000:00:1f.2: AHCI 0001.0100 32 slots 3 ports 1.5 Gbps 0x5 impl SATA mode
[    4.820264] ahci 0000:00:1f.2: flags: 64bit ncq sntf pm led clo pio slum part ccc 
[    4.820398] ahci 0000:00:1f.2: setting latency timer to 64
[    4.820553] scsi2 : ahci
[    4.820701] scsi3 : ahci
[    4.820836] scsi4 : ahci
[    4.821004] ata1: SATA max UDMA/133 abar m2048@0xfe226000 port 0xfe226100 irq 29
[    4.821125] ata2: DUMMY
[    4.821202] ata3: SATA max UDMA/133 abar m2048@0xfe226000 port 0xfe226200 irq 29
[    4.821804] I2O subsystem v1.325
[    4.821886] i2o: max drivers = 8
[    4.822022] I2O Configuration OSM v1.323
[    4.822125] I2O Bus Adapter OSM v1.317
[    4.822219] I2O Block Device OSM v1.325
[    4.822362] I2O SCSI Peripheral OSM v1.316
[    4.822463] I2O ProcFS OSM v1.316
[    4.822614] Fusion MPT base driver 3.04.12
[    4.822692] Copyright (c) 1999-2008 LSI Corporation
[    4.822775] Fusion MPT SPI Host driver 3.04.12
[    4.822875] Fusion MPT FC Host driver 3.04.12
[    4.822983] Fusion MPT SAS Host driver 3.04.12
[    4.823151] ohci1394 0000:15:00.1: PCI INT B -> GSI 17 (level, low) -> IRQ 17
[    4.823255] ohci1394 0000:15:00.1: setting latency timer to 64
[    4.876558] ohci1394: fw-host0: OHCI-1394 1.1 (PCI): IRQ=[17]  MMIO=[f8301000-f83017ff]  Max Packet=[2048]  IR/IT contexts=[4/4]
[    4.879826] ehci_hcd: USB 2.0 'Enhanced' Host Controller (EHCI) Driver
[    4.880084] ehci_hcd 0000:00:1a.7: power state changed by ACPI to D0
[    4.880320] ehci_hcd 0000:00:1a.7: power state changed by ACPI to D0
[    4.880416] ehci_hcd 0000:00:1a.7: PCI INT C -> GSI 22 (level, low) -> IRQ 22
[    4.880521] ehci_hcd 0000:00:1a.7: setting latency timer to 64
[    4.880526] ehci_hcd 0000:00:1a.7: EHCI Host Controller
[    4.880659] ehci_hcd 0000:00:1a.7: new USB bus registered, assigned bus number 1
[    4.884699] ehci_hcd 0000:00:1a.7: cache line size of 32 is not supported
[    4.884708] ehci_hcd 0000:00:1a.7: irq 22, io mem 0xfe226c00
[    4.894517] ehci_hcd 0000:00:1a.7: USB 2.0 started, EHCI 1.00
[    4.894612] usb usb1: New USB device found, idVendor=1d6b, idProduct=0002
[    4.894694] usb usb1: New USB device strings: Mfr=3, Product=2, SerialNumber=1
[    4.894815] usb usb1: Product: EHCI Host Controller
[    4.894894] usb usb1: Manufacturer: Linux 2.6.32.57 ehci_hcd
[    4.894978] usb usb1: SerialNumber: 0000:00:1a.7
[    4.895109] usb usb1: configuration #1 chosen from 1 choice
[    4.895219] hub 1-0:1.0: USB hub found
[    4.895315] hub 1-0:1.0: 4 ports detected
[    4.895618] ehci_hcd 0000:00:1d.7: power state changed by ACPI to D0
[    4.895875] ehci_hcd 0000:00:1d.7: power state changed by ACPI to D0
[    4.895968] ehci_hcd 0000:00:1d.7: PCI INT D -> GSI 19 (level, low) -> IRQ 19
[    4.896066] ehci_hcd 0000:00:1d.7: setting latency timer to 64
[    4.896070] ehci_hcd 0000:00:1d.7: EHCI Host Controller
[    4.896194] ehci_hcd 0000:00:1d.7: new USB bus registered, assigned bus number 2
[    4.896355] ehci_hcd 0000:00:1d.7: debug port 1
[    4.900323] ehci_hcd 0000:00:1d.7: cache line size of 32 is not supported
[    4.900330] ehci_hcd 0000:00:1d.7: irq 19, io mem 0xfe227000
[    4.910516] ehci_hcd 0000:00:1d.7: USB 2.0 started, EHCI 1.00
[    4.910616] usb usb2: New USB device found, idVendor=1d6b, idProduct=0002
[    4.910701] usb usb2: New USB device strings: Mfr=3, Product=2, SerialNumber=1
[    4.910821] usb usb2: Product: EHCI Host Controller
[    4.910914] usb usb2: Manufacturer: Linux 2.6.32.57 ehci_hcd
[    4.911009] usb usb2: SerialNumber: 0000:00:1d.7
[    4.911138] usb usb2: configuration #1 chosen from 1 choice
[    4.911252] hub 2-0:1.0: USB hub found
[    4.911339] hub 2-0:1.0: 6 ports detected
[    4.911516] 116x: driver isp116x-hcd, 03 Nov 2005
[    4.911610] ohci_hcd: USB 1.1 'Open' Host Controller (OHCI) Driver
[    4.911719] uhci_hcd: USB Universal Host Controller Interface driver
[    4.911818] uhci_hcd 0000:00:1a.0: PCI INT A -> GSI 20 (level, low) -> IRQ 20
[    4.911905] uhci_hcd 0000:00:1a.0: setting latency timer to 64
[    4.911910] uhci_hcd 0000:00:1a.0: UHCI Host Controller
[    4.912036] uhci_hcd 0000:00:1a.0: new USB bus registered, assigned bus number 3
[    4.912177] uhci_hcd 0000:00:1a.0: irq 20, io base 0x00001860
[    4.912284] usb usb3: New USB device found, idVendor=1d6b, idProduct=0001
[    4.912368] usb usb3: New USB device strings: Mfr=3, Product=2, SerialNumber=1
[    4.912487] usb usb3: Product: UHCI Host Controller
[    4.912577] usb usb3: Manufacturer: Linux 2.6.32.57 uhci_hcd
[    4.912659] usb usb3: SerialNumber: 0000:00:1a.0
[    4.912784] usb usb3: configuration #1 chosen from 1 choice
[    4.912892] hub 3-0:1.0: USB hub found
[    4.912982] hub 3-0:1.0: 2 ports detected
[    4.913260] uhci_hcd 0000:00:1a.1: power state changed by ACPI to D0
[    4.913488] uhci_hcd 0000:00:1a.1: power state changed by ACPI to D0
[    4.913581] uhci_hcd 0000:00:1a.1: PCI INT B -> GSI 21 (level, low) -> IRQ 21
[    4.913670] uhci_hcd 0000:00:1a.1: setting latency timer to 64
[    4.913674] uhci_hcd 0000:00:1a.1: UHCI Host Controller
[    4.913798] uhci_hcd 0000:00:1a.1: new USB bus registered, assigned bus number 4
[    4.913946] uhci_hcd 0000:00:1a.1: irq 21, io base 0x00001880
[    4.914051] usb usb4: New USB device found, idVendor=1d6b, idProduct=0001
[    4.914133] usb usb4: New USB device strings: Mfr=3, Product=2, SerialNumber=1
[    4.914245] usb usb4: Product: UHCI Host Controller
[    4.914324] usb usb4: Manufacturer: Linux 2.6.32.57 uhci_hcd
[    4.914409] usb usb4: SerialNumber: 0000:00:1a.1
[    4.914551] usb usb4: configuration #1 chosen from 1 choice
[    4.914662] hub 4-0:1.0: USB hub found
[    4.914748] hub 4-0:1.0: 2 ports detected
[    4.915041] uhci_hcd 0000:00:1d.0: power state changed by ACPI to D0
[    4.915283] uhci_hcd 0000:00:1d.0: power state changed by ACPI to D0
[    4.915379] uhci_hcd 0000:00:1d.0: PCI INT A -> GSI 16 (level, low) -> IRQ 16
[    4.915481] uhci_hcd 0000:00:1d.0: setting latency timer to 64
[    4.915486] uhci_hcd 0000:00:1d.0: UHCI Host Controller
[    4.915623] uhci_hcd 0000:00:1d.0: new USB bus registered, assigned bus number 5
[    4.915764] uhci_hcd 0000:00:1d.0: irq 16, io base 0x000018a0
[    4.915869] usb usb5: New USB device found, idVendor=1d6b, idProduct=0001
[    4.915956] usb usb5: New USB device strings: Mfr=3, Product=2, SerialNumber=1
[    4.916077] usb usb5: Product: UHCI Host Controller
[    4.916155] usb usb5: Manufacturer: Linux 2.6.32.57 uhci_hcd
[    4.916235] usb usb5: SerialNumber: 0000:00:1d.0
[    4.916368] usb usb5: configuration #1 chosen from 1 choice
[    4.916482] hub 5-0:1.0: USB hub found
[    4.916572] hub 5-0:1.0: 2 ports detected
[    4.916709] uhci_hcd 0000:00:1d.1: PCI INT B -> GSI 17 (level, low) -> IRQ 17
[    4.916805] uhci_hcd 0000:00:1d.1: setting latency timer to 64
[    4.916808] uhci_hcd 0000:00:1d.1: UHCI Host Controller
[    4.916927] uhci_hcd 0000:00:1d.1: new USB bus registered, assigned bus number 6
[    4.917070] uhci_hcd 0000:00:1d.1: irq 17, io base 0x000018c0
[    4.917174] usb usb6: New USB device found, idVendor=1d6b, idProduct=0001
[    4.917256] usb usb6: New USB device strings: Mfr=3, Product=2, SerialNumber=1
[    4.917374] usb usb6: Product: UHCI Host Controller
[    4.917461] usb usb6: Manufacturer: Linux 2.6.32.57 uhci_hcd
[    4.917553] usb usb6: SerialNumber: 0000:00:1d.1
[    4.917685] usb usb6: configuration #1 chosen from 1 choice
[    4.917797] hub 6-0:1.0: USB hub found
[    4.917882] hub 6-0:1.0: 2 ports detected
[    4.918188] uhci_hcd 0000:00:1d.2: power state changed by ACPI to D0
[    4.918416] uhci_hcd 0000:00:1d.2: power state changed by ACPI to D0
[    4.918517] uhci_hcd 0000:00:1d.2: PCI INT C -> GSI 18 (level, low) -> IRQ 18
[    4.918605] uhci_hcd 0000:00:1d.2: setting latency timer to 64
[    4.918610] uhci_hcd 0000:00:1d.2: UHCI Host Controller
[    4.918727] uhci_hcd 0000:00:1d.2: new USB bus registered, assigned bus number 7
[    4.918873] uhci_hcd 0000:00:1d.2: irq 18, io base 0x000018e0
[    4.918994] usb usb7: New USB device found, idVendor=1d6b, idProduct=0001
[    4.919089] usb usb7: New USB device strings: Mfr=3, Product=2, SerialNumber=1
[    4.919201] usb usb7: Product: UHCI Host Controller
[    4.919279] usb usb7: Manufacturer: Linux 2.6.32.57 uhci_hcd
[    4.920027] usb usb7: SerialNumber: 0000:00:1d.2
[    4.920159] usb usb7: configuration #1 chosen from 1 choice
[    4.920269] hub 7-0:1.0: USB hub found
[    4.920351] hub 7-0:1.0: 2 ports detected
[    4.920507] sl811: driver sl811-hcd, 19 May 2005
[    4.920623] r8a66597_hcd: driver r8a66597_hcd, 2009-05-26
[    4.920782] Initializing USB Mass Storage driver...
[    4.920898] usbcore: registered new interface driver usb-storage
[    4.920983] USB Mass Storage support registered.
[    4.921080] usbcore: registered new interface driver ums-alauda
[    4.921185] usbcore: registered new interface driver ums-cypress
[    4.921283] usbcore: registered new interface driver ums-datafab
[    4.921381] usbcore: registered new interface driver ums-freecom
[    4.921480] usbcore: registered new interface driver ums-isd200
[    4.921588] usbcore: registered new interface driver ums-jumpshot
[    4.921698] usbcore: registered new interface driver ums-karma
[    4.921805] usbcore: registered new interface driver ums-onetouch
[    4.921909] usbcore: registered new interface driver ums-sddr09
[    4.922014] usbcore: registered new interface driver ums-sddr55
[    4.922116] usbcore: registered new interface driver ums-usbat
[    4.922252] PNP: PS/2 Controller [PNP0303:KBD,PNP0f13:MOU] at 0x60,0x64 irq 1,12
[    4.930460] serio: i8042 KBD port at 0x60,0x64 irq 1
[    4.930546] serio: i8042 AUX port at 0x60,0x64 irq 12
[    4.930783] mice: PS/2 mouse device common for all mice
[    4.930887] i2c /dev entries driver
[    4.931011] md: linear personality registered for level -1
[    4.931099] md: raid0 personality registered for level 0
[    4.931185] md: raid1 personality registered for level 1
[    4.931267] md: raid10 personality registered for level 10
[    4.931347] md: raid6 personality registered for level 6
[    4.931426] md: raid5 personality registered for level 5
[    4.931523] md: raid4 personality registered for level 4
[    4.931607] md: multipath personality registered for level -4
[    4.931800] device-mapper: ioctl: 4.15.0-ioctl (2009-04-01) initialised: dm-devel@redhat.com
[    4.931992] cpuidle: using governor ladder
[    4.932611] usbcore: registered new interface driver usbhid
[    4.932699] usbhid: v2.6:USB HID core driver
[    4.932831] random 0014 0000 0000 00000000 00000000: rand_read_num 4 get_random_bytes(136): sig 00000000 00000000 00000000
[    4.932833] random 0014 0000 0000 00000000 00000000: extract_entropy(.. 136 ..)
[    4.932836] random 0014 0000 0000 00000000 00000000: going to reseed nonblocking with 1024 bits (1088 of 0 requested)
[    4.932838] random 0014 0000 0000 00000000 00000000: extract_entropy(.. 128 ..)
[    4.932841] random 0014 0000 0000 00000000 00000000: trying to extract 1024 bits from input
[    4.932843] random 0014 0000 0000 00000000 00000000: debiting 0 entropy credits from input
[    4.932845] random 0014 0000 0000 00000000 00000000: extract_entropy account returned: 0 
[    4.932848] random 0014 0000 0000 00000000 00000000: urand_change_num 7 xfer_secondary_pool(136): pool_sig 00000000, data_sig 00000000, bytes_mixed 0 00000000 00000000
[    4.932851] random 0014 0000 0000 00000000 00000000: trying to extract 1088 bits from nonblocking
[    4.932854] random 0014 0000 0000 00000000 00000000: debiting 1088 entropy credits from nonblocking (unlimited)
[    4.932856] random 0014 0000 0000 00000000 00000000: extract_entropy account returned: 136 
[    4.932860] random 0014 0000 0000 00000000 00000000: urand_change_num 8 extract_buf: pool_sig 00000000, data_sig fffffff9, bytes_mixed 20 00000000 00000000
[    4.932866] random 0014 0000 0000 b7c35b56 be4dc95d: urand_change_num 9 extract_buf: pool_sig fffffd1e, data_sig 000000c5, bytes_mixed 20 b7c35b56 be4dc95d
[    4.932871] random 0014 0000 0000 ed9f5c47 c48487fb: urand_change_num 10 extract_buf: pool_sig fffff8ec, data_sig ffffff68, bytes_mixed 20 ed9f5c47 c48487fb
[    4.932876] random 0014 0000 0000 ed9f5c47 c48487fb: urand_change_num 11 extract_buf: pool_sig fffffaed, data_sig 000001aa, bytes_mixed 20 ed9f5c47 c48487fb
[    4.932881] random 0014 0000 0000 1b4f7c0a 91bd6a48: urand_change_num 12 extract_buf: pool_sig fffffdd8, data_sig 00000064, bytes_mixed 20 1b4f7c0a 91bd6a48
[    4.932887] random 0014 0000 0000 a254b9bc 20e9a24f: urand_change_num 13 extract_buf: pool_sig fffffbe6, data_sig 000001dd, bytes_mixed 20 a254b9bc 20e9a24f
[    4.932892] random 0014 0000 0000 a254b9bc 20e9a24f: urand_change_num 14 extract_buf: pool_sig fffff940, data_sig fffffe20, bytes_mixed 20 a254b9bc 20e9a24f
[    4.932897] random 0014 0000 0000 2831a66b 5fa2a3ad: urand_change_num 15 extract_buf: pool_sig fffffbce, data_sig 0000007e, bytes_mixed 20 2831a66b 5fa2a3ad
[    4.932902] random 0014 0000 0000 2831a66b 5fa2a3ad: urand_change_num 16 extract_buf: pool_sig 000004df, data_sig fffffe8f, bytes_mixed 20 2831a66b 5fa2a3ad
[    4.932908] random 0014 0000 0000 d4512bfd c9a54e0b: urand_change_num 17 extract_buf: pool_sig 00000485, data_sig fffffe68, bytes_mixed 20 d4512bfd c9a54e0b
[    4.932913] random 0014 0000 0000 c7371be6 f9ffea11: urand_change_num 18 extract_buf: pool_sig 00000095, data_sig ffffffed, bytes_mixed 20 c7371be6 f9ffea11
[    4.932918] random 0014 0000 0000 c7371be6 f9ffea11: urand_change_num 19 extract_buf: pool_sig 000003a7, data_sig fffffefa, bytes_mixed 20 c7371be6 f9ffea11
[    4.932923] random 0014 0000 0000 8fb4b62c d1ddba54: urand_change_num 20 extract_buf: pool_sig 00000179, data_sig ffffff78, bytes_mixed 20 8fb4b62c d1ddba54
[    4.932929] random 0014 0000 0000 9ff19f9c c07a1d2a: urand_change_num 21 extract_buf: pool_sig fffffe88, data_sig 00000126, bytes_mixed 20 9ff19f9c c07a1d2a
[    4.932933] TCP cubic registered
[    4.933009] Initializing XFRM netlink socket
[    4.933112] NET: Registered protocol family 17
[    4.933204] Using IPI Shortcut mode
[    4.933284] random 0014 0000 0000 9ff19f9c c07a1d2a: rand_read_num 5 get_random_bytes(8): sig 0000031b 9ff19f9c c07a1d2a
[    4.933286] random 0014 0000 0000 9ff19f9c c07a1d2a: extract_entropy(.. 8 ..)
[    4.933289] random 0014 0000 0000 9ff19f9c c07a1d2a: going to reseed nonblocking with 64 bits (64 of 0 requested)
[    4.933291] random 0014 0000 0000 9ff19f9c c07a1d2a: extract_entropy(.. 8 ..)
[    4.933293] random 0014 0000 0000 9ff19f9c c07a1d2a: trying to extract 64 bits from input
[    4.933295] random 0014 0000 0000 9ff19f9c c07a1d2a: debiting 0 entropy credits from input
[    4.933297] random 0014 0000 0000 9ff19f9c c07a1d2a: extract_entropy account returned: 0 
[    4.933300] random 0014 0000 0000 9ff19f9c c07a1d2a: urand_change_num 22 xfer_secondary_pool(8): pool_sig 0000031b, data_sig 00000000, bytes_mixed 0 9ff19f9c c07a1d2a
[    4.933303] random 0014 0000 0000 9ff19f9c c07a1d2a: trying to extract 64 bits from nonblocking
[    4.933306] random 0014 0000 0000 9ff19f9c c07a1d2a: debiting 64 entropy credits from nonblocking (unlimited)
[    4.933308] random 0014 0000 0000 9ff19f9c c07a1d2a: extract_entropy account returned: 8 
[    4.933312] random 0014 0000 0000 9ff19f9c c07a1d2a: urand_change_num 23 extract_buf: pool_sig 0000031b, data_sig ffffffb3, bytes_mixed 20 9ff19f9c c07a1d2a
[    4.935254] input: AT Translated Set 2 keyboard as /devices/platform/i8042/serio0/input/input1
[    5.126516] ata1: SATA link up 1.5 Gbps (SStatus 113 SControl 300)
[    5.126618] ata3: SATA link down (SStatus 0 SControl 300)
[    5.128634] ata1.00: ACPI cmd ef/02:00:00:00:00:a0 (SET FEATURES) succeeded
[    5.128638] ata1.00: ACPI cmd f5/00:00:00:00:00:a0 (SECURITY FREEZE LOCK) filtered out
[    5.130026] ata1.00: ACPI cmd ef/5f:00:00:00:00:a0 (SET FEATURES) succeeded
[    5.130029] ata1.00: ACPI cmd ef/10:03:00:00:00:a0 (SET FEATURES) filtered out
[    5.131937] ata1.00: ATA-7: ST910021AS, 4.06, max UDMA/100
[    5.132029] ata1.00: 195371568 sectors, multi 16: LBA48 
[    5.134173] ata1.00: ACPI cmd ef/02:00:00:00:00:a0 (SET FEATURES) succeeded
[    5.134176] ata1.00: ACPI cmd f5/00:00:00:00:00:a0 (SECURITY FREEZE LOCK) filtered out
[    5.135571] ata1.00: ACPI cmd ef/5f:00:00:00:00:a0 (SET FEATURES) succeeded
[    5.135574] ata1.00: ACPI cmd ef/10:03:00:00:00:a0 (SET FEATURES) filtered out
[    5.137501] ata1.00: configured for UDMA/100
[    5.148564] scsi 2:0:0:0: Direct-Access     ATA      ST910021AS       4.06 PQ: 0 ANSI: 5
[    5.148841] sd 2:0:0:0: [sda] 195371568 512-byte logical blocks: (100 GB/93.1 GiB)
[    5.148985] sd 2:0:0:0: [sda] Write Protect is off
[    5.149080] sd 2:0:0:0: [sda] Mode Sense: 00 3a 00 00
[    5.149092] sd 2:0:0:0: [sda] Write cache: enabled, read cache: enabled, doesn't support DPO or FUA
[    5.149276]  sda:
[    5.564028] random 0014 0000 0000 277f73c3 42024bb9: add_disk_randomness(8:0) 277f73c3 42024bb9
[    5.564109] random 0014 0000 0000 277f73c3 42024bb9: add_timer_randomness(.. 8388864) with jiffies: 6909419347701891460, cycles: 6909419343407218698
[    5.564111] random 0014 0000 0000 277f73c3 42024bb9: added 11 entropy credits to input
[    5.564116]  sda1 sda2
[    5.564601] random 0025 0000 0000 277f73c3 42024bb9: add_disk_randomness(8:0) 277f73c3 42024bb9
[    5.564604] random 0025 0000 0000 277f73c3 42024bb9: add_timer_randomness(.. 8388864) with jiffies: 6913873907392676229, cycles: 6913873903098003466
[    5.564757] sd 2:0:0:0: [sda] Attached SCSI disk
[    5.564844] random 0025 0000 0000 277f73c3 42024bb9: rand_read_num 6 get_random_bytes(12): sig 000007e9 277f73c3 42024bb9
[    5.564847] random 0025 0000 0000 277f73c3 42024bb9: extract_entropy(.. 12 ..)
[    5.564849] random 0025 0000 0000 277f73c3 42024bb9: going to reseed nonblocking with 96 bits (96 of 0 requested)
[    5.564852] random 0025 0000 0000 277f73c3 42024bb9: extract_entropy(.. 12 ..)
[    5.564854] random 0025 0000 0000 277f73c3 42024bb9: trying to extract 96 bits from input
[    5.564856] random 0025 0000 0000 277f73c3 42024bb9: debiting 0 entropy credits from input
[    5.564858] random 0025 0000 0000 277f73c3 42024bb9: extract_entropy account returned: 0 
[    5.564861] random 0025 0000 0000 277f73c3 42024bb9: urand_change_num 24 xfer_secondary_pool(12): pool_sig 000007e9, data_sig 00000000, bytes_mixed 0 277f73c3 42024bb9
[    5.564864] random 0025 0000 0000 277f73c3 42024bb9: trying to extract 96 bits from nonblocking
[    5.564867] random 0025 0000 0000 277f73c3 42024bb9: debiting 96 entropy credits from nonblocking (unlimited)
[    5.564869] random 0025 0000 0000 277f73c3 42024bb9: extract_entropy account returned: 12 
[    5.564873] random 0025 0000 0000 277f73c3 42024bb9: urand_change_num 25 extract_buf: pool_sig 000007e9, data_sig 00000088, bytes_mixed 20 277f73c3 42024bb9
[    5.564879] random 0025 0000 0000 277f73c3 42024bb9: urand_change_num 26 extract_buf: pool_sig 00000498, data_sig fffffefb, bytes_mixed 20 277f73c3 42024bb9
[    5.564881] RANDOM - __seed init called.
[    5.564882] RANDOM - __seed init called.
[    5.564883] RANDOM - __seed init called.
[    5.564885] RANDOM - __random32 called. Change num 12.  Value: 87f14767	f0d7351	b1e48bd3
[    5.564887] RANDOM - random32_reseed called.  Value: 87f14767	f0d7351	b1e48bd3
[    5.564890] Pid: 1, comm: swapper Not tainted 2.6.32.57 #6
[    5.564970] Call Trace:
[    5.565058]  [<c1923ca4>] ? random32_reseed+0xa0/0xb1
[    5.565140]  [<c1923c04>] ? random32_reseed+0x0/0xb1
[    5.565221]  [<c100111e>] ? do_one_initcall+0x2e/0x180
[    5.565308]  [<c1907265>] ? kernel_init+0xad/0x103
[    5.565397]  [<c19071b8>] ? kernel_init+0x0/0x103
[    5.565480]  [<c1003787>] ? kernel_thread_helper+0x7/0x10
[    5.566009] random 0025 0000 0000 386b4e60 ee4d4880: rand_read_num 7 get_random_bytes(64): sig fffffea5 386b4e60 ee4d4880
[    5.566011] random 0025 0000 0000 386b4e60 ee4d4880: extract_entropy(.. 64 ..)
[    5.566013] random 0025 0000 0000 386b4e60 ee4d4880: going to reseed nonblocking with 512 bits (512 of 0 requested)
[    5.566016] random 0025 0000 0000 386b4e60 ee4d4880: extract_entropy(.. 64 ..)
[    5.566018] random 0025 0000 0000 386b4e60 ee4d4880: trying to extract 512 bits from input
[    5.566020] random 0025 0000 0000 386b4e60 ee4d4880: debiting 0 entropy credits from input
[    5.566022] random 0025 0000 0000 386b4e60 ee4d4880: extract_entropy account returned: 0 
[    5.566025] random 0025 0000 0000 386b4e60 ee4d4880: urand_change_num 27 xfer_secondary_pool(64): pool_sig fffffea5, data_sig 00000000, bytes_mixed 0 386b4e60 ee4d4880
[    5.566029] random 0025 0000 0000 386b4e60 ee4d4880: trying to extract 512 bits from nonblocking
[    5.566031] random 0025 0000 0000 386b4e60 ee4d4880: debiting 512 entropy credits from nonblocking (unlimited)
[    5.566033] random 0025 0000 0000 386b4e60 ee4d4880: extract_entropy account returned: 64 
[    5.566037] random 0025 0000 0000 386b4e60 ee4d4880: urand_change_num 28 extract_buf: pool_sig fffffea5, data_sig 00000173, bytes_mixed 20 386b4e60 ee4d4880
[    5.566042] random 0025 0000 0000 412698f6 0cc8689a: urand_change_num 29 extract_buf: pool_sig 00000122, data_sig ffffff63, bytes_mixed 20 412698f6 0cc8689a
[    5.566048] random 0025 0000 0000 412698f6 0cc8689a: urand_change_num 30 extract_buf: pool_sig 000001f7, data_sig 00000012, bytes_mixed 20 412698f6 0cc8689a
[    5.566053] random 0025 0000 0000 9669941e 06f768b1: urand_change_num 31 extract_buf: pool_sig fffffb5b, data_sig 0000003f, bytes_mixed 20 9669941e 06f768b1
[    5.566058] random 0025 0000 0000 98486520 995551f0: urand_change_num 32 extract_buf: pool_sig fffffb39, data_sig 0000000e, bytes_mixed 20 98486520 995551f0
[    5.566064] random 0025 0000 0000 98486520 995551f0: urand_change_num 33 extract_buf: pool_sig fffffd8d, data_sig 000001a6, bytes_mixed 20 98486520 995551f0
[    5.566069] random 0025 0000 0000 61fc8914 d5882ed2: urand_change_num 34 extract_buf: pool_sig fffffa58, data_sig 0000023e, bytes_mixed 20 61fc8914 d5882ed2
[    5.566100] random 0025 0000 0000 61fc8914 d5882ed2: rand_read_num 8 get_random_bytes(64): sig fffff9ee 61fc8914 d5882ed2
[    5.566102] random 0025 0000 0000 61fc8914 d5882ed2: extract_entropy(.. 64 ..)
[    5.566104] random 0025 0000 0000 61fc8914 d5882ed2: going to reseed nonblocking with 512 bits (512 of 0 requested)
[    5.566107] random 0025 0000 0000 61fc8914 d5882ed2: extract_entropy(.. 64 ..)
[    5.566109] random 0025 0000 0000 61fc8914 d5882ed2: trying to extract 512 bits from input
[    5.566111] random 0025 0000 0000 61fc8914 d5882ed2: debiting 0 entropy credits from input
[    5.566113] random 0025 0000 0000 61fc8914 d5882ed2: extract_entropy account returned: 0 
[    5.566116] random 0025 0000 0000 61fc8914 d5882ed2: urand_change_num 35 xfer_secondary_pool(64): pool_sig fffff9ee, data_sig 00000000, bytes_mixed 0 61fc8914 d5882ed2
[    5.566119] random 0025 0000 0000 61fc8914 d5882ed2: trying to extract 512 bits from nonblocking
[    5.566121] random 0025 0000 0000 61fc8914 d5882ed2: debiting 512 entropy credits from nonblocking (unlimited)
[    5.566123] random 0025 0000 0000 61fc8914 d5882ed2: extract_entropy account returned: 64 
[    5.566127] random 0025 0000 0000 61fc8914 d5882ed2: urand_change_num 36 extract_buf: pool_sig fffff9ee, data_sig ffffff85, bytes_mixed 20 61fc8914 d5882ed2
[    5.566133] random 0025 0000 0000 70cfd302 e5edec11: urand_change_num 37 extract_buf: pool_sig fffffdc1, data_sig ffffffde, bytes_mixed 20 70cfd302 e5edec11
[    5.566138] random 0025 0000 0000 00dab838 eafd2b30: urand_change_num 38 extract_buf: pool_sig 000003da, data_sig ffffff61, bytes_mixed 20 00dab838 eafd2b30
[    5.566143] random 0025 0000 0000 00dab838 eafd2b30: urand_change_num 39 extract_buf: pool_sig 00000314, data_sig 00000121, bytes_mixed 20 00dab838 eafd2b30
[    5.566149] random 0025 0000 0000 5fcdf66a 6442b608: urand_change_num 40 extract_buf: pool_sig 0000028b, data_sig fffffefd, bytes_mixed 20 5fcdf66a 6442b608
[    5.566154] random 0025 0000 0000 61333f6b 8fae0f9b: urand_change_num 41 extract_buf: pool_sig 000000cb, data_sig 000000b3, bytes_mixed 20 61333f6b 8fae0f9b
[    5.566159] random 0025 0000 0000 61333f6b 8fae0f9b: urand_change_num 42 extract_buf: pool_sig fffffef8, data_sig 00000051, bytes_mixed 20 61333f6b 8fae0f9b
[    5.566162] BEGIN NET_SECRET:
[    5.566163] \xffffffe0
[    5.566164] \xffffffb6
[    5.566165] \x36
[    5.566166] \xffffffb5
[    5.566166] \xffffff94
[    5.566167] \xffffffb2
[    5.566168] \xffffffa8
[    5.566169] \xffffffda
[    5.566170] \x5b
[    5.566170] \x19
[    5.566171] \x18
[    5.566172] \x5c
[    5.566172] \x2b
[    5.566173] \x1
[    5.566174] \xffffff90
[    5.566175] \x19
[    5.566176] \x3c
[    5.566176] \xfffffff2
[    5.566177] \xffffff82
[    5.566178] \x2a
[    5.566179] \xffffffb3
[    5.566180] \xffffffa2
[    5.566180] \x3f
[    5.566181] \x5
[    5.566182] \x52
[    5.566182] \x77
[    5.566183] \x57
[    5.566184] \x79
[    5.566185] \x16
[    5.566185] \x43
[    5.566186] \xffffff84
[    5.566187] \xffffffc3
[    5.566188] \xffffffe9
[    5.566188] \x79
[    5.566189] \x50
[    5.566190] \xffffff8e
[    5.566191] \x3f
[    5.566192] \xfffffff3
[    5.566192] \x19
[    5.566193] \x2a
[    5.566194] \xfffffffd
[    5.566195] \xfffffffb
[    5.566195] \x62
[    5.566196] \x3c
[    5.566197] \xffffffac
[    5.566198] \x1c
[    5.566198] \x3b
[    5.566199] \x3b
[    5.566200] \x15
[    5.566201] \x27
[    5.566201] \xffffffa8
[    5.566202] \x22
[    5.566203] \xffffffc5
[    5.566204] \xffffff9a
[    5.566204] \x5
[    5.566205] \x6c
[    5.566206] \xffffffa8
[    5.566207] \x3a
[    5.566208] \x44
[    5.566208] \xffffffaf
[    5.566209] \x13
[    5.566210] \xffffffe0
[    5.566211] \xffffff9d
[    5.566211] \x22
[    5.566212] 
[    5.566213] END NET_SECRET
[    5.566216] random 0025 0000 0000 e7f555d9 e8ce5c3c: rand_read_num 9 get_random_bytes(4): sig 0000068c e7f555d9 e8ce5c3c
[    5.566218] random 0025 0000 0000 e7f555d9 e8ce5c3c: extract_entropy(.. 4 ..)
[    5.566220] random 0025 0000 0000 e7f555d9 e8ce5c3c: going to reseed nonblocking with 64 bits (32 of 0 requested)
[    5.566222] random 0025 0000 0000 e7f555d9 e8ce5c3c: extract_entropy(.. 8 ..)
[    5.566225] random 0025 0000 0000 e7f555d9 e8ce5c3c: trying to extract 64 bits from input
[    5.566227] random 0025 0000 0000 e7f555d9 e8ce5c3c: debiting 0 entropy credits from input
[    5.566229] random 0025 0000 0000 e7f555d9 e8ce5c3c: extract_entropy account returned: 0 
[    5.566232] random 0025 0000 0000 e7f555d9 e8ce5c3c: urand_change_num 43 xfer_secondary_pool(4): pool_sig 0000068c, data_sig 00000000, bytes_mixed 0 e7f555d9 e8ce5c3c
[    5.566235] random 0025 0000 0000 e7f555d9 e8ce5c3c: trying to extract 32 bits from nonblocking
[    5.566237] random 0025 0000 0000 e7f555d9 e8ce5c3c: debiting 32 entropy credits from nonblocking (unlimited)
[    5.566239] random 0025 0000 0000 e7f555d9 e8ce5c3c: extract_entropy account returned: 4 
[    5.566243] random 0025 0000 0000 e7f555d9 e8ce5c3c: urand_change_num 44 extract_buf: pool_sig 0000068c, data_sig fffffdcb, bytes_mixed 20 e7f555d9 e8ce5c3c
[    5.566255] md: Waiting for all devices to be available before autodetect
[    5.566337] md: If you don't use raid, use raid=noautodetect
[    5.566508] md: Autodetecting RAID arrays.
[    5.566596] md: Scanned 0 and added 0 devices.
[    5.566680] md: autorun ...
[    5.566764] md: ... autorun DONE.
[    5.580236] random 0025 0000 0000 e7f555d9 e8ce5c3c: add_disk_randomness(8:0) e7f555d9 e8ce5c3c
[    5.580239] random 0025 0000 0000 e7f555d9 e8ce5c3c: add_timer_randomness(.. 8388864) with jiffies: 7054553001372647828, cycles: 7054552997077975050
[    5.580242] random 0025 0000 0000 e7f555d9 e8ce5c3c: added 3 entropy credits to input
[    5.581361] random 0028 0000 0000 e7f555d9 e8ce5c3c: add_disk_randomness(8:0) e7f555d9 e8ce5c3c
[    5.581364] random 0028 0000 0000 e7f555d9 e8ce5c3c: add_timer_randomness(.. 8388864) with jiffies: 7064673838402601365, cycles: 7064673834107928586
[    5.581474] random 0028 0000 0000 e7f555d9 e8ce5c3c: add_disk_randomness(8:0) e7f555d9 e8ce5c3c
[    5.581477] random 0028 0000 0000 e7f555d9 e8ce5c3c: add_timer_randomness(.. 8388864) with jiffies: 7065680634571358614, cycles: 7065680630276685834
[    5.581482] EXT3-fs: sda2: couldn't mount because of unsupported optional features (240).
[    5.581700] random 0028 0000 0000 e7f555d9 e8ce5c3c: add_disk_randomness(8:0) e7f555d9 e8ce5c3c
[    5.581703] random 0028 0000 0000 e7f555d9 e8ce5c3c: add_timer_randomness(.. 8388864) with jiffies: 7067717673135341974, cycles: 7067717668840669194
[    5.581708] EXT2-fs: sda2: couldn't mount because of unsupported optional features (240).
[    5.581934] random 0028 0000 0000 e7f555d9 e8ce5c3c: add_disk_randomness(8:0) e7f555d9 e8ce5c3c
[    5.581937] random 0028 0000 0000 e7f555d9 e8ce5c3c: add_timer_randomness(.. 8388864) with jiffies: 7069825737573499286, cycles: 7069825733278826506
[    5.582067] random 0028 0000 0000 e7f555d9 e8ce5c3c: add_disk_randomness(8:0) e7f555d9 e8ce5c3c
[    5.582070] random 0028 0000 0000 e7f555d9 e8ce5c3c: add_timer_randomness(.. 8388864) with jiffies: 7071021851605696918, cycles: 7071021847311024138
[    5.582228] random 0028 0000 0000 e7f555d9 e8ce5c3c: add_disk_randomness(8:0) e7f555d9 e8ce5c3c
[    5.582231] random 0028 0000 0000 e7f555d9 e8ce5c3c: add_timer_randomness(.. 8388864) with jiffies: 7072473662220894614, cycles: 7072473657926221834
[    5.582354] random 0028 0000 0000 e7f555d9 e8ce5c3c: add_disk_randomness(8:0) e7f555d9 e8ce5c3c
[    5.582357] random 0028 0000 0000 e7f555d9 e8ce5c3c: add_timer_randomness(.. 8388864) with jiffies: 7073608036098212246, cycles: 7073608031803539466
[    5.582475] random 0028 0000 0000 e7f555d9 e8ce5c3c: add_disk_randomness(8:0) e7f555d9 e8ce5c3c
[    5.582478] random 0028 0000 0000 e7f555d9 e8ce5c3c: add_timer_randomness(.. 8388864) with jiffies: 7074688563970539927, cycles: 7074688559675867146
[    5.582587] random 0028 0000 0000 e7f555d9 e8ce5c3c: add_disk_randomness(8:0) e7f555d9 e8ce5c3c
[    5.582590] random 0028 0000 0000 e7f555d9 e8ce5c3c: add_timer_randomness(.. 8388864) with jiffies: 7075691434539188631, cycles: 7075691430244515850
[    5.582696] random 0028 0000 0000 e7f555d9 e8ce5c3c: add_disk_randomness(8:0) e7f555d9 e8ce5c3c
[    5.582699] random 0028 0000 0000 e7f555d9 e8ce5c3c: add_timer_randomness(.. 8388864) with jiffies: 7076672748666978711, cycles: 7076672744372305930
[    5.582812] random 0028 0000 0000 e7f555d9 e8ce5c3c: add_disk_randomness(8:0) e7f555d9 e8ce5c3c
[    5.582814] random 0028 0000 0000 e7f555d9 e8ce5c3c: add_timer_randomness(.. 8388864) with jiffies: 7077717967613165975, cycles: 7077717963318493194
[    5.583051] random 0028 0000 0000 e7f555d9 e8ce5c3c: rand_read_num 10 get_random_bytes(4): sig ffffff72 e7f555d9 e8ce5c3c
[    5.583053] random 0028 0000 0000 e7f555d9 e8ce5c3c: extract_entropy(.. 4 ..)
[    5.583056] random 0028 0000 0000 e7f555d9 e8ce5c3c: going to reseed nonblocking with 64 bits (32 of 0 requested)
[    5.583058] random 0028 0000 0000 e7f555d9 e8ce5c3c: extract_entropy(.. 8 ..)
[    5.583060] random 0028 0000 0000 e7f555d9 e8ce5c3c: trying to extract 64 bits from input
[    5.583062] random 0028 0000 0000 e7f555d9 e8ce5c3c: debiting 0 entropy credits from input
[    5.583064] random 0028 0000 0000 e7f555d9 e8ce5c3c: extract_entropy account returned: 0 
[    5.583067] random 0028 0000 0000 e7f555d9 e8ce5c3c: urand_change_num 45 xfer_secondary_pool(4): pool_sig ffffff72, data_sig 00000000, bytes_mixed 0 e7f555d9 e8ce5c3c
[    5.583070] random 0028 0000 0000 e7f555d9 e8ce5c3c: trying to extract 32 bits from nonblocking
[    5.583073] random 0028 0000 0000 e7f555d9 e8ce5c3c: debiting 32 entropy credits from nonblocking (unlimited)
[    5.583075] random 0028 0000 0000 e7f555d9 e8ce5c3c: extract_entropy account returned: 4 
[    5.583079] random 0028 0000 0000 e7f555d9 e8ce5c3c: urand_change_num 46 extract_buf: pool_sig ffffff72, data_sig ffffff72, bytes_mixed 20 e7f555d9 e8ce5c3c
[    5.594690] random 0028 0000 0000 91716c54 eeb6a1e7: add_disk_randomness(8:0) 91716c54 eeb6a1e7
[    5.594693] random 0028 0000 0000 91716c54 eeb6a1e7: add_timer_randomness(.. 8388864) with jiffies: 7184587676039479715, cycles: 7184587671744806922
[    5.594696] random 0028 0000 0000 91716c54 eeb6a1e7: added 3 entropy credits to input
[    5.612964] random 0031 0000 0000 91716c54 eeb6a1e7: add_disk_randomness(8:0) 91716c54 eeb6a1e7
[    5.612967] random 0031 0000 0000 91716c54 eeb6a1e7: add_timer_randomness(.. 8388864) with jiffies: 7348999324778070453, cycles: 7348999320483397642
[    5.612969] random 0031 0000 0000 91716c54 eeb6a1e7: added 2 entropy credits to input
[    5.617628] EXT4-fs (sda2): mounted filesystem with ordered data mode
[    5.617806] VFS: Mounted root (ext4 filesystem) readonly on device 8:2.
[    5.617903] Freeing unused kernel memory: 448k freed
[    5.638110] random 0033 0000 0000 91716c54 eeb6a1e7: add_disk_randomness(8:0) 91716c54 eeb6a1e7
[    5.638113] random 0033 0000 0000 91716c54 eeb6a1e7: add_timer_randomness(.. 8388864) with jiffies: 7575246167432987086, cycles: 7575246163138314250
[    5.638840] random 0033 0000 0000 91716c54 eeb6a1e7: add_disk_randomness(8:0) 91716c54 eeb6a1e7
[    5.638843] random 0033 0000 0000 91716c54 eeb6a1e7: add_timer_randomness(.. 8388864) with jiffies: 7581809113684476367, cycles: 7581809109389803530
[    5.643569] random 0033 0000 0000 91716c54 eeb6a1e7: add_disk_randomness(8:0) 91716c54 eeb6a1e7
[    5.643572] random 0033 0000 0000 91716c54 eeb6a1e7: add_timer_randomness(.. 8388864) with jiffies: 7624349214268162516, cycles: 7624349209973489674
[    5.643575] random 0033 0000 0000 91716c54 eeb6a1e7: added 2 entropy credits to input
[    5.651767] random 0035 0000 0000 91716c54 eeb6a1e7: add_disk_randomness(8:0) 91716c54 eeb6a1e7
[    5.651770] random 0035 0000 0000 91716c54 eeb6a1e7: add_timer_randomness(.. 8388864) with jiffies: 7698109762838954460, cycles: 7698109758544281610
[    5.655191] random 0035 0000 0000 91716c54 eeb6a1e7: add_disk_randomness(8:0) 91716c54 eeb6a1e7
[    5.655194] random 0035 0000 0000 91716c54 eeb6a1e7: add_timer_randomness(.. 8388864) with jiffies: 7728921450198565343, cycles: 7728921445903892490
[    5.655197] random 0035 0000 0000 91716c54 eeb6a1e7: added 1 entropy credits to input
[    5.664087] random 0036 0000 0000 91716c54 eeb6a1e7: add_disk_randomness(8:0) 91716c54 eeb6a1e7
[    5.664090] random 0036 0000 0000 91716c54 eeb6a1e7: add_timer_randomness(.. 8388864) with jiffies: 7808961236661141992, cycles: 7808961232366469130
[    5.664093] random 0036 0000 0000 91716c54 eeb6a1e7: added 2 entropy credits to input
[    5.669041] random 0038 0000 0000 91716c54 eeb6a1e7: add_disk_randomness(8:0) 91716c54 eeb6a1e7
[    5.669044] random 0038 0000 0000 91716c54 eeb6a1e7: add_timer_randomness(.. 8388864) with jiffies: 7853529356377489901, cycles: 7853529352082817034
[    5.669047] random 0038 0000 0000 91716c54 eeb6a1e7: added 2 entropy credits to input
[    5.677120] random 0040 0000 0000 91716c54 eeb6a1e7: add_disk_randomness(8:0) 91716c54 eeb6a1e7
[    5.677123] random 0040 0000 0000 91716c54 eeb6a1e7: add_timer_randomness(.. 8388864) with jiffies: 7926221239775625717, cycles: 7926221235480952842
[    5.677126] random 0040 0000 0000 91716c54 eeb6a1e7: added 1 entropy credits to input
[    5.677148] RANDOM get_random_int call with cycles 44795194027, jiffies 4294672885 and pid 1
[    5.677151] RANDOM get_random_int call with cycles 44795201136, jiffies 4294672885 and pid 1
[    5.677153] ASLR stack rand value: 5095424 after shift for pid: 1
[    5.677155] RANDOM get_random_int call with cycles 44795208969, jiffies 4294672885 and pid 1
[    5.688766] random 0041 0000 0000 91716c54 eeb6a1e7: add_disk_randomness(8:0) 91716c54 eeb6a1e7
[    5.688769] random 0041 0000 0000 91716c54 eeb6a1e7: add_timer_randomness(.. 8388864) with jiffies: 8030991946144776705, cycles: 8030991941850103818
[    5.688779] RANDOM get_random_int call with cycles 44819557429, jiffies 4294672897 and pid 1
[    5.688785] random 0041 0000 0000 91716c54 eeb6a1e7: rand_read_num 11 get_random_bytes(16): sig fffffcad 91716c54 eeb6a1e7
[    5.688788] random 0041 0000 0000 91716c54 eeb6a1e7: extract_entropy(.. 16 ..)
[    5.688790] random 0041 0000 0000 91716c54 eeb6a1e7: going to reseed nonblocking with 128 bits (128 of 0 requested)
[    5.688792] random 0041 0000 0000 91716c54 eeb6a1e7: extract_entropy(.. 16 ..)
[    5.688794] random 0041 0000 0000 91716c54 eeb6a1e7: trying to extract 128 bits from input
[    5.688797] random 0041 0000 0000 91716c54 eeb6a1e7: debiting 0 entropy credits from input
[    5.688799] random 0041 0000 0000 91716c54 eeb6a1e7: extract_entropy account returned: 0 
[    5.688802] random 0041 0000 0000 91716c54 eeb6a1e7: urand_change_num 47 xfer_secondary_pool(16): pool_sig fffffcad, data_sig 00000000, bytes_mixed 0 91716c54 eeb6a1e7
[    5.688805] random 0041 0000 0000 91716c54 eeb6a1e7: trying to extract 128 bits from nonblocking
[    5.688807] random 0041 0000 0000 91716c54 eeb6a1e7: debiting 128 entropy credits from nonblocking (unlimited)
[    5.688809] random 0041 0000 0000 91716c54 eeb6a1e7: extract_entropy account returned: 16 
[    5.688814] random 0041 0000 0000 91716c54 eeb6a1e7: urand_change_num 48 extract_buf: pool_sig fffffcad, data_sig ffffff19, bytes_mixed 20 91716c54 eeb6a1e7
[    5.688819] random 0041 0000 0000 fd637b06 6cf47bc1: urand_change_num 49 extract_buf: pool_sig fffffede, data_sig ffffffc1, bytes_mixed 20 fd637b06 6cf47bc1
[    5.689777] random 0041 0000 0000 fd637b06 6cf47bc1: add_disk_randomness(8:0) fd637b06 6cf47bc1
[    5.689780] random 0041 0000 0000 fd637b06 6cf47bc1: add_timer_randomness(.. 8388864) with jiffies: 8040091289627886082, cycles: 8040091285333213194
[    5.690977] random 0041 0000 0000 fd637b06 6cf47bc1: add_disk_randomness(8:0) fd637b06 6cf47bc1
[    5.690980] random 0041 0000 0000 fd637b06 6cf47bc1: add_timer_randomness(.. 8388864) with jiffies: 8050885203867697667, cycles: 8050885199573024778
[    5.692121] random 0041 0000 0000 fd637b06 6cf47bc1: add_disk_randomness(8:0) fd637b06 6cf47bc1
[    5.692123] random 0041 0000 0000 fd637b06 6cf47bc1: add_timer_randomness(.. 8388864) with jiffies: 8061178269086220804, cycles: 8061178264791547914
[    5.693004] random 0041 0000 0000 fd637b06 6cf47bc1: add_disk_randomness(8:0) fd637b06 6cf47bc1
[    5.693007] random 0041 0000 0000 fd637b06 6cf47bc1: add_timer_randomness(.. 8388864) with jiffies: 8069126956470993413, cycles: 8069126952176320522
[    5.693191] random 0041 0000 0000 fd637b06 6cf47bc1: add_disk_randomness(8:0) fd637b06 6cf47bc1
[    5.693194] random 0041 0000 0000 fd637b06 6cf47bc1: add_timer_randomness(.. 8388864) with jiffies: 8070807684548100613, cycles: 8070807680253427722
[    5.693401] random 0041 0000 0000 fd637b06 6cf47bc1: add_disk_randomness(8:0) fd637b06 6cf47bc1
[    5.693404] random 0041 0000 0000 fd637b06 6cf47bc1: add_timer_randomness(.. 8388864) with jiffies: 8072702486680142341, cycles: 8072702482385469450
[    5.703827] random 0041 0000 0000 fd637b06 6cf47bc1: add_disk_randomness(8:0) fd637b06 6cf47bc1
[    5.703830] random 0041 0000 0000 fd637b06 6cf47bc1: add_timer_randomness(.. 8388864) with jiffies: 8166500466436047376, cycles: 8166500462141374474
[    5.703833] random 0041 0000 0000 fd637b06 6cf47bc1: added 3 entropy credits to input
[    5.704213] random 0044 0000 0000 fd637b06 6cf47bc1: add_disk_randomness(8:0) fd637b06 6cf47bc1
[    5.704216] random 0044 0000 0000 fd637b06 6cf47bc1: add_timer_randomness(.. 8388864) with jiffies: 8169978359153656336, cycles: 8169978354858983434
[    5.714009] random 0044 0000 0000 fd637b06 6cf47bc1: add_disk_randomness(8:0) fd637b06 6cf47bc1
[    5.714012] random 0044 0000 0000 fd637b06 6cf47bc1: add_timer_randomness(.. 8388864) with jiffies: 8258110649980912154, cycles: 8258110645686239242
[    5.714015] random 0044 0000 0000 fd637b06 6cf47bc1: added 3 entropy credits to input
[    5.714068] RANDOM get_random_int call with cycles 44872531935, jiffies 4294672922 and pid 1
[    5.718617] random 0047 0000 0000 fd637b06 6cf47bc1: add_disk_randomness(8:0) fd637b06 6cf47bc1
[    5.718621] random 0047 0000 0000 fd637b06 6cf47bc1: add_timer_randomness(.. 8388864) with jiffies: 8299565670026936863, cycles: 8299565665732263946
[    5.718624] random 0047 0000 0000 fd637b06 6cf47bc1: added 2 entropy credits to input
[    5.731442] random 0049 0000 0000 fd637b06 6cf47bc1: add_disk_randomness(8:0) fd637b06 6cf47bc1
[    5.731445] random 0049 0000 0000 fd637b06 6cf47bc1: add_timer_randomness(.. 8388864) with jiffies: 8414960454744113707, cycles: 8414960450449440778
[    5.731450] random 0049 0000 0000 fd637b06 6cf47bc1: added 2 entropy credits to input
[    5.731583] random 0051 0000 0000 fd637b06 6cf47bc1: add_disk_randomness(8:0) fd637b06 6cf47bc1
[    5.731586] random 0051 0000 0000 fd637b06 6cf47bc1: add_timer_randomness(.. 8388864) with jiffies: 8416216728383226412, cycles: 8416216724088553482
[    5.733746] random 0051 0000 0000 fd637b06 6cf47bc1: add_disk_randomness(8:0) fd637b06 6cf47bc1
[    5.733749] random 0051 0000 0000 fd637b06 6cf47bc1: add_timer_randomness(.. 8388864) with jiffies: 8435676915963757102, cycles: 8435676911669084170
[    5.733986] random 0051 0000 0000 fd637b06 6cf47bc1: add_disk_randomness(8:0) fd637b06 6cf47bc1
[    5.733989] random 0051 0000 0000 fd637b06 6cf47bc1: add_timer_randomness(.. 8388864) with jiffies: 8437843202978578990, cycles: 8437843198683906058
[    5.734124] random 0051 0000 0000 fd637b06 6cf47bc1: add_disk_randomness(8:0) fd637b06 6cf47bc1
[    5.734127] random 0051 0000 0000 fd637b06 6cf47bc1: add_timer_randomness(.. 8388864) with jiffies: 8439083692612878894, cycles: 8439083688318205962
[    5.737299] random 0051 0000 0000 fd637b06 6cf47bc1: add_disk_randomness(8:0) fd637b06 6cf47bc1
[    5.737302] random 0051 0000 0000 fd637b06 6cf47bc1: add_timer_randomness(.. 8388864) with jiffies: 8467651388409348657, cycles: 8467651384114675722
[    5.737305] random 0051 0000 0000 fd637b06 6cf47bc1: added 1 entropy credits to input
[    5.739311] random 0052 0000 0000 fd637b06 6cf47bc1: add_disk_randomness(8:0) fd637b06 6cf47bc1
[    5.739314] random 0052 0000 0000 fd637b06 6cf47bc1: add_timer_randomness(.. 8388864) with jiffies: 8485754198820618803, cycles: 8485754194525945866
[    5.747140] random 0052 0000 0000 fd637b06 6cf47bc1: add_disk_randomness(8:0) fd637b06 6cf47bc1
[    5.747143] random 0052 0000 0000 fd637b06 6cf47bc1: add_timer_randomness(.. 8388864) with jiffies: 8556186439794786875, cycles: 8556186435500113930
[    5.747145] random 0052 0000 0000 fd637b06 6cf47bc1: added 2 entropy credits to input
[    5.747274] random 0054 0000 0000 fd637b06 6cf47bc1: add_disk_randomness(8:0) fd637b06 6cf47bc1
[    5.747277] random 0054 0000 0000 fd637b06 6cf47bc1: add_timer_randomness(.. 8388864) with jiffies: 8557396804528472635, cycles: 8557396800233799690
[    5.750840] random 0054 0000 0000 fd637b06 6cf47bc1: add_disk_randomness(8:0) fd637b06 6cf47bc1
[    5.750843] random 0054 0000 0000 fd637b06 6cf47bc1: add_timer_randomness(.. 8388864) with jiffies: 8589471929532645951, cycles: 8589471925237973002
[    5.750845] random 0054 0000 0000 fd637b06 6cf47bc1: added 2 entropy credits to input
[    5.755333] random 0056 0000 0000 fd637b06 6cf47bc1: add_disk_randomness(8:0) fd637b06 6cf47bc1
[    5.755336] random 0056 0000 0000 fd637b06 6cf47bc1: add_timer_randomness(.. 8388864) with jiffies: 8629910687301993027, cycles: 8629910683007320074
[    5.760915] random 0056 0000 0000 fd637b06 6cf47bc1: add_disk_randomness(8:0) fd637b06 6cf47bc1
[    5.760918] random 0056 0000 0000 fd637b06 6cf47bc1: add_timer_randomness(.. 8388864) with jiffies: 8680123665355604553, cycles: 8680123661060931594
[    5.760921] random 0056 0000 0000 fd637b06 6cf47bc1: added 1 entropy credits to input
[    5.767192] random 0057 0000 0000 fd637b06 6cf47bc1: add_disk_randomness(8:0) fd637b06 6cf47bc1
[    5.767195] random 0057 0000 0000 fd637b06 6cf47bc1: add_timer_randomness(.. 8388864) with jiffies: 8736597163833524815, cycles: 8736597159538851850
[    5.767206] random 0057 0000 0000 fd637b06 6cf47bc1: rand_read_num 12 get_random_bytes(16): sig 0000033b fd637b06 6cf47bc1
[    5.767208] random 0057 0000 0000 fd637b06 6cf47bc1: extract_entropy(.. 16 ..)
[    5.767211] random 0057 0000 0000 fd637b06 6cf47bc1: going to reseed nonblocking with 128 bits (128 of 0 requested)
[    5.767213] random 0057 0000 0000 fd637b06 6cf47bc1: extract_entropy(.. 16 ..)
[    5.767215] random 0057 0000 0000 fd637b06 6cf47bc1: trying to extract 128 bits from input
[    5.767217] random 0057 0000 0000 fd637b06 6cf47bc1: debiting 0 entropy credits from input
[    5.767219] random 0057 0000 0000 fd637b06 6cf47bc1: extract_entropy account returned: 0 
[    5.767223] random 0057 0000 0000 fd637b06 6cf47bc1: urand_change_num 50 xfer_secondary_pool(16): pool_sig 0000033b, data_sig 00000000, bytes_mixed 0 fd637b06 6cf47bc1
[    5.767226] random 0057 0000 0000 fd637b06 6cf47bc1: trying to extract 128 bits from nonblocking
[    5.767228] random 0057 0000 0000 fd637b06 6cf47bc1: debiting 128 entropy credits from nonblocking (unlimited)
[    5.767230] random 0057 0000 0000 fd637b06 6cf47bc1: extract_entropy account returned: 16 
[    5.767234] random 0057 0000 0000 fd637b06 6cf47bc1: urand_change_num 51 extract_buf: pool_sig 0000033b, data_sig 000000d8, bytes_mixed 20 fd637b06 6cf47bc1
[    5.767240] random 0057 0000 0000 0ec1f012 d4727ca8: urand_change_num 52 extract_buf: pool_sig fffffcf5, data_sig 00000016, bytes_mixed 20 0ec1f012 d4727ca8
[    5.773939] random 0057 0000 0000 45b1d0b1 845a73f7: add_disk_randomness(8:0) 45b1d0b1 845a73f7
[    5.773942] random 0057 0000 0000 45b1d0b1 845a73f7: add_timer_randomness(.. 8388864) with jiffies: 8797300599507616342, cycles: 8797300595212943370
[    5.781157] random 0057 0000 0000 45b1d0b1 845a73f7: add_disk_randomness(8:0) 45b1d0b1 845a73f7
[    5.781160] random 0057 0000 0000 45b1d0b1 845a73f7: add_timer_randomness(.. 8388864) with jiffies: 8862245555904676445, cycles: 8862245551610003466
[    5.789177] random 0057 0000 0000 45b1d0b1 845a73f7: add_disk_randomness(8:0) 45b1d0b1 845a73f7
[    5.789180] random 0057 0000 0000 45b1d0b1 845a73f7: add_timer_randomness(.. 8388864) with jiffies: 8934402853313413733, cycles: 8934402849018740746
[    5.798581] random 0057 0000 0000 45b1d0b1 845a73f7: add_disk_randomness(8:0) 45b1d0b1 845a73f7
[    5.798584] random 0057 0000 0000 45b1d0b1 845a73f7: add_timer_randomness(.. 8388864) with jiffies: 9019000115473121903, cycles: 9019000111178448906
[    5.801724] random 0057 0000 0000 45b1d0b1 845a73f7: add_disk_randomness(8:0) 45b1d0b1 845a73f7
[    5.801727] random 0057 0000 0000 45b1d0b1 845a73f7: add_timer_randomness(.. 8388864) with jiffies: 9047279773582852722, cycles: 9047279769288179722
[    5.801730] random 0057 0000 0000 45b1d0b1 845a73f7: added 1 entropy credits to input
[    5.815998] random 0058 0000 0000 45b1d0b1 845a73f7: add_disk_randomness(8:0) 45b1d0b1 845a73f7
[    5.816001] random 0058 0000 0000 45b1d0b1 845a73f7: add_timer_randomness(.. 8388864) with jiffies: 9175709260057379456, cycles: 9175709255762706442
[    5.816004] random 0058 0000 0000 45b1d0b1 845a73f7: added 3 entropy credits to input
[    5.821392] random 0061 0000 0000 45b1d0b1 845a73f7: add_disk_randomness(8:0) 45b1d0b1 845a73f7
[    5.821395] random 0061 0000 0000 45b1d0b1 845a73f7: add_timer_randomness(.. 8388864) with jiffies: 9224239843586572933, cycles: -9222504234417651702
[    5.821398] random 0061 0000 0000 45b1d0b1 845a73f7: added 2 entropy credits to input
[    5.826565] random 0063 0000 0000 45b1d0b1 845a73f7: add_disk_randomness(8:0) 45b1d0b1 845a73f7
[    5.826568] random 0063 0000 0000 45b1d0b1 845a73f7: add_timer_randomness(.. 8388864) with jiffies: 9270774246575669899, cycles: -9175969831428554742
[    5.834793] random 0063 0000 0000 45b1d0b1 845a73f7: add_disk_randomness(8:0) 45b1d0b1 845a73f7
[    5.834796] random 0063 0000 0000 45b1d0b1 845a73f7: add_timer_randomness(.. 8388864) with jiffies: 9344804205560038035, cycles: -9101939872444186614
[    5.844393] random 0063 0000 0000 45b1d0b1 845a73f7: add_disk_randomness(8:0) 45b1d0b1 845a73f7
[    5.844396] random 0063 0000 0000 45b1d0b1 845a73f7: add_timer_randomness(.. 8388864) with jiffies: 9431181224857797276, cycles: -9015562853146427382
[    5.863900] random 0063 0000 0000 45b1d0b1 845a73f7: add_disk_randomness(8:0) 45b1d0b1 845a73f7
[    5.863903] random 0063 0000 0000 45b1d0b1 845a73f7: add_timer_randomness(.. 8388864) with jiffies: 9606680056793105072, cycles: -8840064021211119606
[    5.863906] random 0063 0000 0000 45b1d0b1 845a73f7: added 3 entropy credits to input
[    5.877182] random 0066 0000 0000 45b1d0b1 845a73f7: add_disk_randomness(8:0) 45b1d0b1 845a73f7
[    5.877185] random 0066 0000 0000 45b1d0b1 845a73f7: add_timer_randomness(.. 8388864) with jiffies: 9726187388660318909, cycles: -8720556689343905782
[    5.877188] random 0066 0000 0000 45b1d0b1 845a73f7: added 2 entropy credits to input
[    5.885205] random 0068 0000 0000 45b1d0b1 845a73f7: add_disk_randomness(8:0) 45b1d0b1 845a73f7
[    5.885208] random 0068 0000 0000 45b1d0b1 845a73f7: add_timer_randomness(.. 8388864) with jiffies: 9798363674119471813, cycles: -8648380403884752886
[    5.885210] random 0068 0000 0000 45b1d0b1 845a73f7: added 1 entropy credits to input
[    5.895216] random 0069 0000 0000 45b1d0b1 845a73f7: add_disk_randomness(8:0) 45b1d0b1 845a73f7
[    5.895219] random 0069 0000 0000 45b1d0b1 845a73f7: add_timer_randomness(.. 8388864) with jiffies: 9888439832785158863, cycles: -8558304245219065846
[    5.895222] random 0069 0000 0000 45b1d0b1 845a73f7: added 1 entropy credits to input
[    5.908100] random 0070 0000 0000 45b1d0b1 845a73f7: add_disk_randomness(8:0) 45b1d0b1 845a73f7
[    5.908103] random 0070 0000 0000 45b1d0b1 845a73f7: add_timer_randomness(.. 8388864) with jiffies: 10004350438779618012, cycles: -8442393639224606710
[    5.915462] random 0070 0000 0000 45b1d0b1 845a73f7: add_disk_randomness(8:0) 45b1d0b1 845a73f7
[    5.915465] random 0070 0000 0000 45b1d0b1 845a73f7: add_timer_randomness(.. 8388864) with jiffies: 10070578181648909028, cycles: -8376165896355315702
[    5.915468] random 0070 0000 0000 45b1d0b1 845a73f7: added 2 entropy credits to input
[    5.920704] random 0072 0000 0000 45b1d0b1 845a73f7: add_disk_randomness(8:0) 45b1d0b1 845a73f7
[    5.920707] random 0072 0000 0000 45b1d0b1 845a73f7: add_timer_randomness(.. 8388864) with jiffies: 10117744262658097897, cycles: -8328999815346126838
[    5.920710] random 0072 0000 0000 45b1d0b1 845a73f7: added 1 entropy credits to input
[    5.927145] random 0073 0000 0000 45b1d0b1 845a73f7: add_disk_randomness(8:0) 45b1d0b1 845a73f7
[    5.927148] random 0073 0000 0000 45b1d0b1 845a73f7: add_timer_randomness(.. 8388864) with jiffies: 10175704481245397743, cycles: -8271039596758826998
[    5.932202] random 0073 0000 0000 45b1d0b1 845a73f7: add_disk_randomness(8:0) 45b1d0b1 845a73f7
[    5.932205] random 0073 0000 0000 45b1d0b1 845a73f7: add_timer_randomness(.. 8388864) with jiffies: 10221197771277042420, cycles: -8225546306727182326
[    5.938099] random 0073 0000 0000 45b1d0b1 845a73f7: add_disk_randomness(8:0) 45b1d0b1 845a73f7
[    5.938102] random 0073 0000 0000 45b1d0b1 845a73f7: add_timer_randomness(.. 8388864) with jiffies: 10274255971890725626, cycles: -8172488106113499126
[    5.947455] random 0073 0000 0000 45b1d0b1 845a73f7: add_disk_randomness(8:0) 45b1d0b1 845a73f7
[    5.947458] random 0073 0000 0000 45b1d0b1 845a73f7: add_timer_randomness(.. 8388864) with jiffies: 10358422689348813572, cycles: -8088321388655411190
[    5.947461] random 0073 0000 0000 45b1d0b1 845a73f7: added 1 entropy credits to input
[    5.952331] random 0074 0000 0000 45b1d0b1 845a73f7: add_disk_randomness(8:0) 45b1d0b1 845a73f7
[    5.952334] random 0074 0000 0000 45b1d0b1 845a73f7: add_timer_randomness(.. 8388864) with jiffies: 10402307093221311240, cycles: -8044436984782913526
[    5.952337] random 0074 0000 0000 45b1d0b1 845a73f7: added 2 entropy credits to input
[    5.959769] random 0076 0000 0000 45b1d0b1 845a73f7: add_disk_randomness(8:0) 45b1d0b1 845a73f7
[    5.959772] random 0076 0000 0000 45b1d0b1 845a73f7: add_timer_randomness(.. 8388864) with jiffies: 10469210395791557392, cycles: -7977533682212667382
[    5.959774] random 0076 0000 0000 45b1d0b1 845a73f7: added 2 entropy credits to input
[    5.965987] random 0078 0000 0000 45b1d0b1 845a73f7: add_disk_randomness(8:0) 45b1d0b1 845a73f7
[    5.965990] random 0078 0000 0000 45b1d0b1 845a73f7: add_timer_randomness(.. 8388864) with jiffies: 10525157881034801942, cycles: -7921586196969422838
[    5.965992] random 0078 0000 0000 45b1d0b1 845a73f7: added 1 entropy credits to input
[    5.966140] random 0079 0000 0000 45b1d0b1 845a73f7: add_disk_randomness(8:0) 45b1d0b1 845a73f7
[    5.966143] random 0079 0000 0000 45b1d0b1 845a73f7: add_timer_randomness(.. 8388864) with jiffies: 10526543626463052566, cycles: -7920200451541172214
[    5.980544] random 0079 0000 0000 45b1d0b1 845a73f7: add_disk_randomness(8:0) 45b1d0b1 845a73f7
[    5.980547] random 0079 0000 0000 45b1d0b1 845a73f7: add_timer_randomness(.. 8388864) with jiffies: 10656124713928721189, cycles: -7790619364075503606
[    5.980550] random 0079 0000 0000 45b1d0b1 845a73f7: added 3 entropy credits to input
[    5.987967] random 0082 0000 0000 45b1d0b1 845a73f7: add_disk_randomness(8:0) 45b1d0b1 845a73f7
[    5.987970] random 0082 0000 0000 45b1d0b1 845a73f7: add_timer_randomness(.. 8388864) with jiffies: 10722915677334373164, cycles: -7723828400669851638
[    5.987973] random 0082 0000 0000 45b1d0b1 845a73f7: added 2 entropy credits to input
[    5.997649] random 0084 0000 0000 45b1d0b1 845a73f7: add_disk_randomness(8:0) 45b1d0b1 845a73f7
[    5.997652] random 0084 0000 0000 45b1d0b1 845a73f7: add_timer_randomness(.. 8388864) with jiffies: 10810021015711351606, cycles: -7636723062292873206
[    5.997655] random 0084 0000 0000 45b1d0b1 845a73f7: added 1 entropy credits to input
[    6.008276] random 0085 0000 0000 45b1d0b1 845a73f7: add_disk_randomness(8:0) 45b1d0b1 845a73f7
[    6.008279] random 0085 0000 0000 45b1d0b1 845a73f7: add_timer_randomness(.. 8388864) with jiffies: 10905642771725124416, cycles: -7541101306279100406
[    6.020796] random 0085 0000 0000 45b1d0b1 845a73f7: add_disk_randomness(8:0) 45b1d0b1 845a73f7
[    6.020799] random 0085 0000 0000 45b1d0b1 845a73f7: add_timer_randomness(.. 8388864) with jiffies: 11018274092879676237, cycles: -7428469985124548598
[    6.020802] random 0085 0000 0000 45b1d0b1 845a73f7: added 1 entropy credits to input
[    6.022002] random 0086 0000 0000 45b1d0b1 845a73f7: add_disk_randomness(8:0) 45b1d0b1 845a73f7
[    6.022005] random 0086 0000 0000 45b1d0b1 845a73f7: add_timer_randomness(.. 8388864) with jiffies: 11029132947025003342, cycles: -7417611130979221494
[    6.026023] random 0086 0000 0000 45b1d0b1 845a73f7: add_disk_randomness(8:0) 45b1d0b1 845a73f7
[    6.026026] random 0086 0000 0000 45b1d0b1 845a73f7: add_timer_randomness(.. 8388864) with jiffies: 11065307678442750802, cycles: -7381436399561474038
[    6.026029] random 0086 0000 0000 45b1d0b1 845a73f7: added 1 entropy credits to input
[    6.035363] random 0087 0000 0000 45b1d0b1 845a73f7: add_disk_randomness(8:0) 45b1d0b1 845a73f7
[    6.035366] random 0087 0000 0000 45b1d0b1 845a73f7: add_timer_randomness(.. 8388864) with jiffies: 11149344786672747355, cycles: -7297399291331477494
[    6.035369] random 0087 0000 0000 45b1d0b1 845a73f7: added 1 entropy credits to input
[    6.035749] random 0088 0000 0000 45b1d0b1 845a73f7: add_disk_randomness(8:0) 45b1d0b1 845a73f7
[    6.035752] random 0088 0000 0000 45b1d0b1 845a73f7: add_timer_randomness(.. 8388864) with jiffies: 11152807118723842908, cycles: -7293936959280381942
[    6.051367] random 0088 0000 0000 45b1d0b1 845a73f7: add_disk_randomness(8:0) 45b1d0b1 845a73f7
[    6.051370] random 0088 0000 0000 45b1d0b1 845a73f7: add_timer_randomness(.. 8388864) with jiffies: 11293335858783683435, cycles: -7153408219220541430
[    6.051373] random 0088 0000 0000 45b1d0b1 845a73f7: added 3 entropy credits to input
[    6.053004] random 0091 0000 0000 45b1d0b1 845a73f7: add_disk_randomness(8:0) 45b1d0b1 845a73f7
[    6.053007] random 0091 0000 0000 45b1d0b1 845a73f7: add_timer_randomness(.. 8388864) with jiffies: 11308057146953532269, cycles: -7138686931050692598
[    6.053010] random 0091 0000 0000 45b1d0b1 845a73f7: added 1 entropy credits to input
[    6.053159] random 0092 0000 0000 45b1d0b1 845a73f7: add_disk_randomness(8:0) 45b1d0b1 845a73f7
[    6.053162] random 0092 0000 0000 45b1d0b1 845a73f7: add_timer_randomness(.. 8388864) with jiffies: 11309451417891865453, cycles: -7137292660112359414
[    6.064024] random 0092 0000 0000 45b1d0b1 845a73f7: add_disk_randomness(8:0) 45b1d0b1 845a73f7
[    6.064027] random 0092 0000 0000 45b1d0b1 845a73f7: add_timer_randomness(.. 8388864) with jiffies: 11407203383195173752, cycles: -7039540694809051126
[    6.064030] random 0092 0000 0000 45b1d0b1 845a73f7: added 3 entropy credits to input
[    6.064591] random 0095 0000 0000 45b1d0b1 845a73f7: add_disk_randomness(8:0) 45b1d0b1 845a73f7
[    6.064594] random 0095 0000 0000 45b1d0b1 845a73f7: add_timer_randomness(.. 8388864) with jiffies: 11412299946007430009, cycles: -7034444131996794870
[    6.069820] random 0095 0000 0000 45b1d0b1 845a73f7: add_disk_randomness(8:0) 45b1d0b1 845a73f7
[    6.069823] random 0095 0000 0000 45b1d0b1 845a73f7: add_timer_randomness(.. 8388864) with jiffies: 11459349989885182846, cycles: -6987394088119042038
[    6.069826] random 0095 0000 0000 45b1d0b1 845a73f7: added 2 entropy credits to input
[    6.071577] random 0097 0000 0000 45b1d0b1 845a73f7: add_disk_randomness(8:0) 45b1d0b1 845a73f7
[    6.071580] random 0097 0000 0000 45b1d0b1 845a73f7: add_timer_randomness(.. 8388864) with jiffies: 11475148292644111232, cycles: -6971595785360113654
[    6.071582] random 0097 0000 0000 45b1d0b1 845a73f7: added 1 entropy credits to input
[    6.081799] random 0098 0000 0000 45b1d0b1 845a73f7: add_disk_randomness(8:0) 45b1d0b1 845a73f7
[    6.081802] random 0098 0000 0000 45b1d0b1 845a73f7: add_timer_randomness(.. 8388864) with jiffies: 11567121688688296842, cycles: -6879622389315928054
[    6.081805] random 0098 0000 0000 45b1d0b1 845a73f7: added 3 entropy credits to input
[    6.095737] random 0101 0000 0000 45b1d0b1 845a73f7: add_disk_randomness(8:0) 45b1d0b1 845a73f7
[    6.095740] random 0101 0000 0000 45b1d0b1 845a73f7: add_timer_randomness(.. 8388864) with jiffies: 11692522450125030296, cycles: -6754221627879194614
[    6.095743] random 0101 0000 0000 45b1d0b1 845a73f7: added 2 entropy credits to input
[    6.108259] random 0103 0000 0000 45b1d0b1 845a73f7: add_disk_randomness(8:0) 45b1d0b1 845a73f7
[    6.108262] random 0103 0000 0000 45b1d0b1 845a73f7: add_timer_randomness(.. 8388864) with jiffies: 11805191695840805796, cycles: -6641552382163419126
[    6.108265] random 0103 0000 0000 45b1d0b1 845a73f7: added 1 entropy credits to input
