[    0.000000] random 0000 0000 0000 00000000 00000000: rand_read_num 1 get_random_bytes(8): sig 00000000 00000000 00000000
[    0.000000] random 0000 0000 0000 00000000 00000000: extract_entropy(.. 8 ..)
[    0.000000] random 0000 0000 0000 00000000 00000000: going to reseed nonblocking with 64 bits (64 of 0 requested)
[    0.000000] random 0000 0000 0000 00000000 00000000: extract_entropy(.. 8 ..)
[    0.000000] random 0000 0000 0000 00000000 00000000: trying to extract 64 bits from input
[    0.000000] random 0000 0000 0000 00000000 00000000: debiting 0 entropy credits from input
[    0.000000] random 0000 0000 0000 00000000 00000000: extract_entropy account returned: 0 
[    0.000000] random 0000 0000 0000 00000000 00000000: urand_change_num 1 xfer_secondary_pool(8): pool_sig 00000000, data_sig 00000000, bytes_mixed 0 00000000 00000000
[    0.000000] random 0000 0000 0000 00000000 00000000: trying to extract 64 bits from nonblocking
[    0.000000] random 0000 0000 0000 00000000 00000000: debiting 64 entropy credits from nonblocking (unlimited)
[    0.000000] random 0000 0000 0000 00000000 00000000: extract_entropy account returned: 8 
[    0.000000] random 0000 0000 0000 00000000 00000000: urand_change_num 2 extract_buf: pool_sig 00000000, data_sig fffffff9, bytes_mixed 20 00000000 00000000
[    0.000000] Linux version 2.6.32.57 (dcashman@dcashman-02) (gcc version 4.3.3 (GCC) ) #6 Thu May 30 09:02:12 PDT 2013
[    0.000000] KERNEL supported cpus:
[    0.000000]   Intel GenuineIntel
[    0.000000]   AMD AuthenticAMD
[    0.000000]   NSC Geode by NSC
[    0.000000]   Cyrix CyrixInstead
[    0.000000]   Centaur CentaurHauls
[    0.000000]   Transmeta GenuineTMx86
[    0.000000]   Transmeta TransmetaCPU
[    0.000000]   UMC UMC UMC UMC
[    0.000000] BIOS-provided physical RAM map:
[    0.000000]  BIOS-e820: 0000000000000000 - 000000000009d800 (usable)
[    0.000000]  BIOS-e820: 000000000009d800 - 00000000000a0000 (reserved)
[    0.000000]  BIOS-e820: 00000000000d2000 - 00000000000d4000 (reserved)
[    0.000000]  BIOS-e820: 00000000000e0000 - 0000000000100000 (reserved)
[    0.000000]  BIOS-e820: 0000000000100000 - 000000003d6b0000 (usable)
[    0.000000]  BIOS-e820: 000000003d6b0000 - 000000003d6cc000 (ACPI data)
[    0.000000]  BIOS-e820: 000000003d6cc000 - 000000003d700000 (ACPI NVS)
[    0.000000]  BIOS-e820: 000000003d700000 - 000000003e000000 (reserved)
[    0.000000]  BIOS-e820: 00000000f0000000 - 00000000f4000000 (reserved)
[    0.000000]  BIOS-e820: 00000000fec00000 - 00000000fec10000 (reserved)
[    0.000000]  BIOS-e820: 00000000fed00000 - 00000000fed00400 (reserved)
[    0.000000]  BIOS-e820: 00000000fed14000 - 00000000fed1a000 (reserved)
[    0.000000]  BIOS-e820: 00000000fed1c000 - 00000000fed90000 (reserved)
[    0.000000]  BIOS-e820: 00000000fee00000 - 00000000fee01000 (reserved)
[    0.000000]  BIOS-e820: 00000000ff000000 - 0000000100000000 (reserved)
[    0.000000] DMI present.
[    0.000000] last_pfn = 0x3d6b0 max_arch_pfn = 0x100000
[    0.000000] MTRR default type: uncachable
[    0.000000] MTRR fixed ranges enabled:
[    0.000000]   00000-9FFFF write-back
[    0.000000]   A0000-BFFFF uncachable
[    0.000000]   C0000-CFFFF write-protect
[    0.000000]   D0000-DFFFF uncachable
[    0.000000]   E0000-FFFFF write-protect
[    0.000000] MTRR variable ranges enabled:
[    0.000000]   0 base 03E000000 mask FFE000000 uncachable
[    0.000000]   1 base 000000000 mask FC0000000 write-back
[    0.000000]   2 base 03D700000 mask FFFF00000 uncachable
[    0.000000]   3 base 03D800000 mask FFF800000 uncachable
[    0.000000]   4 disabled
[    0.000000]   5 disabled
[    0.000000]   6 disabled
[    0.000000]   7 disabled
[    0.000000] initial memory mapped : 0 - 02000000
[    0.000000] init_memory_mapping: 0000000000000000-00000000377fe000
[    0.000000]  0000000000 - 0000400000 page 4k
[    0.000000]  0000400000 - 0037400000 page 2M
[    0.000000]  0037400000 - 00377fe000 page 4k
[    0.000000] kernel direct mapping tables up to 377fe000 @ 7000-c000
[    0.000000] ACPI: RSDP 000f68d0 00024 (v02 LENOVO)
[    0.000000] ACPI: XSDT 3d6bb77f 00094 (v01 LENOVO TP-7L    00002170  LTP 00000000)
[    0.000000] ACPI: FACP 3d6bb900 000F4 (v03 LENOVO TP-7L    00002170 LNVO 00000001)
[    0.000000] ACPI Warning: 32/64X length mismatch in Gpe1Block: 0/32 (20090903/tbfadt-526)
[    0.000000] ACPI Warning: Optional field Gpe1Block has zero address or length: 000000000000102C/0 (20090903/tbfadt-557)
[    0.000000] ACPI: DSDT 3d6bbd1d 0FED1 (v01 LENOVO TP-7L    00002170 MSFT 03000000)
[    0.000000] ACPI: FACS 3d6e4000 00040
[    0.000000] ACPI: SSDT 3d6bbab4 00269 (v01 LENOVO TP-7L    00002170 MSFT 03000000)
[    0.000000] ACPI: ECDT 3d6cbbee 00052 (v01 LENOVO TP-7L    00002170 LNVO 00000001)
[    0.000000] ACPI: TCPA 3d6cbc40 00032 (v02 LENOVO TP-7L    00002170 LNVO 00000001)
[    0.000000] ACPI: APIC 3d6cbc72 00068 (v01 LENOVO TP-7L    00002170 LNVO 00000001)
[    0.000000] ACPI: MCFG 3d6cbcda 0003C (v01 LENOVO TP-7L    00002170 LNVO 00000001)
[    0.000000] ACPI: HPET 3d6cbd16 00038 (v01 LENOVO TP-7L    00002170 LNVO 00000001)
[    0.000000] ACPI: SLIC 3d6cbdf0 00176 (v01 LENOVO TP-7L    00002170  LTP 00000000)
[    0.000000] ACPI: BOOT 3d6cbf66 00028 (v01 LENOVO TP-7L    00002170  LTP 00000001)
[    0.000000] ACPI: ASF! 3d6cbf8e 00072 (v16 LENOVO TP-7L    00002170 PTL  00000001)
[    0.000000] ACPI: SSDT 3d6e26d9 0025F (v01 LENOVO TP-7L    00002170 INTL 20050513)
[    0.000000] ACPI: SSDT 3d6e2938 000A6 (v01 LENOVO TP-7L    00002170 INTL 20050513)
[    0.000000] ACPI: SSDT 3d6e29de 004F7 (v01 LENOVO TP-7L    00002170 INTL 20050513)
[    0.000000] ACPI: SSDT 3d6e2ed5 001D8 (v01 LENOVO TP-7L    00002170 INTL 20050513)
[    0.000000] ACPI: DMI detected: Lenovo ThinkPad R61
[    0.000000] ACPI: Added _OSI(Linux)
[    0.000000] ACPI: Local APIC address 0xfee00000
[    0.000000] 94MB HIGHMEM available.
[    0.000000] 887MB LOWMEM available.
[    0.000000]   mapped low ram: 0 - 377fe000
[    0.000000]   low ram: 0 - 377fe000
[    0.000000]   node 0 low ram: 00000000 - 377fe000
[    0.000000]   node 0 bootmap 00008000 - 0000ef00
[    0.000000] (6 early reservations) ==> bootmem [0000000000 - 00377fe000]
[    0.000000]   #0 [0000000000 - 0000001000]   BIOS data page ==> [0000000000 - 0000001000]
[    0.000000]   #1 [0001000000 - 0001bdc180]    TEXT DATA BSS ==> [0001000000 - 0001bdc180]
[    0.000000]   #2 [000009d800 - 0000100000]    BIOS reserved ==> [000009d800 - 0000100000]
[    0.000000]   #3 [0001bdd000 - 0001be516c]              BRK ==> [0001bdd000 - 0001be516c]
[    0.000000]   #4 [0000007000 - 0000008000]          PGTABLE ==> [0000007000 - 0000008000]
[    0.000000]   #5 [0000008000 - 000000f000]          BOOTMAP ==> [0000008000 - 000000f000]
[    0.000000] found SMP MP-table at [c00f6900] f6900
[    0.000000] Zone PFN ranges:
[    0.000000]   DMA      0x00000000 -> 0x00001000
[    0.000000]   Normal   0x00001000 -> 0x000377fe
[    0.000000]   HighMem  0x000377fe -> 0x0003d6b0
[    0.000000] Movable zone start PFN for each node
[    0.000000] early_node_map[2] active PFN ranges
[    0.000000]     0: 0x00000000 -> 0x0000009d
[    0.000000]     0: 0x00000100 -> 0x0003d6b0
[    0.000000] On node 0 totalpages: 251469
[    0.000000] free_area_init_node: node 0, pgdat c1901ea0, node_mem_map c1be7000
[    0.000000]   DMA zone: 32 pages used for memmap
[    0.000000]   DMA zone: 0 pages reserved
[    0.000000]   DMA zone: 3965 pages, LIFO batch:0
[    0.000000]   Normal zone: 1744 pages used for memmap
[    0.000000]   Normal zone: 221486 pages, LIFO batch:31
[    0.000000]   HighMem zone: 190 pages used for memmap
[    0.000000]   HighMem zone: 24052 pages, LIFO batch:3
[    0.000000] Using APIC driver default
[    0.000000] ACPI: PM-Timer IO Port: 0x1008
[    0.000000] ACPI: Local APIC address 0xfee00000
[    0.000000] ACPI: LAPIC (acpi_id[0x00] lapic_id[0x00] enabled)
[    0.000000] ACPI: LAPIC (acpi_id[0x01] lapic_id[0x01] enabled)
[    0.000000] ACPI: NR_CPUS/possible_cpus limit of 1 reached.  Processor 1/0x1 ignored.
[    0.000000] ACPI: LAPIC_NMI (acpi_id[0x00] high edge lint[0x1])
[    0.000000] ACPI: LAPIC_NMI (acpi_id[0x01] high edge lint[0x1])
[    0.000000] ACPI: IOAPIC (id[0x01] address[0xfec00000] gsi_base[0])
[    0.000000] IOAPIC[0]: apic_id 1, version 32, address 0xfec00000, GSI 0-23
[    0.000000] ACPI: INT_SRC_OVR (bus 0 bus_irq 0 global_irq 2 dfl dfl)
[    0.000000] ACPI: INT_SRC_OVR (bus 0 bus_irq 9 global_irq 9 high level)
[    0.000000] ACPI: IRQ0 used by override.
[    0.000000] ACPI: IRQ2 used by override.
[    0.000000] ACPI: IRQ9 used by override.
[    0.000000] Using ACPI (MADT) for SMP configuration information
[    0.000000] ACPI: HPET id: 0x8086a201 base: 0xfed00000
[    0.000000] nr_irqs_gsi: 24
[    0.000000] PM: Registered nosave memory: 000000000009d000 - 000000000009e000
[    0.000000] PM: Registered nosave memory: 000000000009e000 - 00000000000a0000
[    0.000000] PM: Registered nosave memory: 00000000000a0000 - 00000000000d2000
[    0.000000] PM: Registered nosave memory: 00000000000d2000 - 00000000000d4000
[    0.000000] PM: Registered nosave memory: 00000000000d4000 - 00000000000e0000
[    0.000000] PM: Registered nosave memory: 00000000000e0000 - 0000000000100000
[    0.000000] Allocating PCI resources starting at 3e000000 (gap: 3e000000:b2000000)
[    0.000000] Built 1 zonelists in Zone order, mobility grouping on.  Total pages: 249503
[    0.000000] Kernel command line: auto BOOT_IMAGE=Linux ro root=802 vt.default_utf8=0 maxcpus=0
[    0.000000] PID hash table entries: 4096 (order: 2, 16384 bytes)
[    0.000000] Dentry cache hash table entries: 131072 (order: 7, 524288 bytes)
[    0.000000] Inode-cache hash table entries: 65536 (order: 6, 262144 bytes)
[    0.000000] Enabling fast FPU save and restore... done.
[    0.000000] Enabling unmasked SIMD FPU exception support... done.
[    0.000000] Initializing CPU#0
[    0.000000] Initializing HighMem for node 0 (000377fe:0003d6b0)
[    0.000000] Memory: 984800k/1006272k available (6915k kernel code, 20876k reserved, 2327k data, 448k init, 96968k highmem)
[    0.000000] virtual kernel memory layout:
[    0.000000]     fixmap  : 0xfffa3000 - 0xfffff000   ( 368 kB)
[    0.000000]     pkmap   : 0xff800000 - 0xffc00000   (4096 kB)
[    0.000000]     vmalloc : 0xf7ffe000 - 0xff7fe000   ( 120 MB)
[    0.000000]     lowmem  : 0xc0000000 - 0xf77fe000   ( 887 MB)
[    0.000000]       .init : 0xc1907000 - 0xc1977000   ( 448 kB)
[    0.000000]       .data : 0xc16c0d3f - 0xc1906c64   (2327 kB)
[    0.000000]       .text : 0xc1000000 - 0xc16c0d3f   (6915 kB)
[    0.000000] Checking if this processor honours the WP bit even in supervisor mode...Ok.
[    0.000000] SLUB: Genslabs=13, HWalign=64, Order=0-3, MinObjects=0, CPUs=1, Nodes=1
[    0.000000] Hierarchical RCU implementation.
[    0.000000] NR_IRQS:288
[    0.000000] Extended CMOS year: 2000
[    0.000000] Console: colour VGA+ 80x25
[    0.000000] console [tty0] enabled
[    0.000000] hpet clockevent registered
[    0.000000] Fast TSC calibration failed
[    0.000000] TSC: PIT calibration matches HPET. 1 loops
[    0.000000] Detected 2094.727 MHz processor.
[    0.002002] Calibrating delay loop (skipped), value calculated using timer frequency.. 4189.45 BogoMIPS (lpj=2094727)
[    0.002170] Security Framework initialized
[    0.003006] Mount-cache hash table entries: 512
[    0.003153] CPU: L1 I cache: 32K, L1 D cache: 32K
[    0.003275] CPU: L2 cache: 3072K
[    0.003354] mce: CPU supports 6 MCE banks
[    0.003435] CPU0: Thermal monitoring enabled (TM2)
[    0.003519] using mwait in idle threads.
[    0.003603] CPU: Intel(R) Core(TM)2 Duo CPU     T8100  @ 2.10GHz stepping 06
[    0.003781] Checking 'hlt' instruction... OK.
[    0.007933] ACPI: Core revision 20090903
[    0.027013] RANDOM get_random_int first call with cycles 32591683446, jiffies 4294667323 and pid 0
[    0.027020] CANARY value: dd0fb36c for PID: 1
[    0.027027] CANARY value: af4078c2 for PID: 2
[    0.027051] Enabling APIC mode:  Flat.  Using 1 I/O APICs
[    0.027502] ..TIMER: vector=0x30 apic1=0 pin1=2 apic2=-1 pin2=-1
[    0.038997] xor: automatically using best checksumming function: pIII_sse
[    0.042998]    pIII_sse  :  8568.000 MB/sec
[    0.043076] xor: using function: pIII_sse (8568.000 MB/sec)
[    0.043157] RANDOM - __seed init called.
[    0.043158] RANDOM - __seed init called.
[    0.043159] RANDOM - __seed init called.
[    0.043161] RANDOM - __random32 called. Change num 1.  Value: 870e7b8	f6ea009	16c0ad5a
[    0.043163] RANDOM - __random32 called. Change num 2.  Value: e7b8290	f6ea0099	5ab418b8
[    0.043164] RANDOM - __random32 called. Change num 3.  Value: b8290fc5	6ea00996	3171e29b
[    0.043166] RANDOM - __random32 called. Change num 4.  Value: 90fc533a	ea00996a	c5375fde
[    0.043168] RANDOM - __random32 called. Change num 5.  Value: c533a353	a00996a1	bfbd91b4
[    0.043170] RANDOM - __random32 called. Change num 6.  Value: 3a35362b	996a10	23684a23
[    0.043171] RANDOM - random32 init called.  Value: 3a35362b	996a10	23684a23
[    0.043189] NET: Registered protocol family 16
[    0.043446] ACPI FADT declares the system doesn't support PCIe ASPM, so disable it
[    0.043568] ACPI: bus type pci registered
[    0.043730] PCI: MCFG configuration 0: base f0000000 segment 0 buses 0 - 63
[    0.043816] PCI: MCFG area at f0000000 reserved in E820
[    0.043910] PCI: Using MMCONFIG for extended config space
[    0.044002] PCI: Using configuration type 1 for base access
[    0.047105] bio: create slab <bio-0> at 0
[    0.047919] ACPI: EC: EC description table is found, configuring boot EC
[    0.053079] ACPI: BIOS _OSI(Linux) query honored via DMI
[    0.053794] random 0000 0000 0000 00000000 00000000: rand_read_num 2 get_random_bytes(8): sig fffffe1a 00000000 00000000
[    0.053796] random 0000 0000 0000 00000000 00000000: extract_entropy(.. 8 ..)
[    0.053799] random 0000 0000 0000 00000000 00000000: going to reseed nonblocking with 64 bits (64 of 0 requested)
[    0.053801] random 0000 0000 0000 00000000 00000000: extract_entropy(.. 8 ..)
[    0.053803] random 0000 0000 0000 00000000 00000000: trying to extract 64 bits from input
[    0.053806] random 0000 0000 0000 00000000 00000000: debiting 0 entropy credits from input
[    0.053807] random 0000 0000 0000 00000000 00000000: extract_entropy account returned: 0 
[    0.053839] random 0000 0000 0000 00000000 00000000: urand_change_num 3 xfer_secondary_pool(8): pool_sig fffffe1a, data_sig 00000000, bytes_mixed 0 00000000 00000000
[    0.053842] random 0000 0000 0000 00000000 00000000: trying to extract 64 bits from nonblocking
[    0.053844] random 0000 0000 0000 00000000 00000000: debiting 64 entropy credits from nonblocking (unlimited)
[    0.053846] random 0000 0000 0000 00000000 00000000: extract_entropy account returned: 8 
[    0.053851] random 0000 0000 0000 00000000 00000000: urand_change_num 4 extract_buf: pool_sig fffffe1a, data_sig fffffed7, bytes_mixed 20 00000000 00000000
[    0.058577] ACPI: Interpreter enabled
[    0.058663] ACPI: (supports S0 S3 S4 S5)
[    0.058967] ACPI: Using IOAPIC for interrupt routing
[    0.068463] ACPI: EC: GPE = 0x12, I/O: command/status = 0x66, data = 0x62
[    0.068729] ACPI: Power Resource [PUBS] (on)
[    0.070816] ACPI: ACPI Dock Station Driver: 3 docks/bays found
[    0.071227] ACPI: PCI Root Bridge [PCI0] (0000:00)
[    0.071392] pci 0000:00:02.0: reg 10 64bit mmio: [0xf8100000-0xf81fffff]
[    0.071398] pci 0000:00:02.0: reg 18 64bit mmio pref: [0xe0000000-0xefffffff]
[    0.071402] pci 0000:00:02.0: reg 20 io port: [0x1800-0x1807]
[    0.071437] pci 0000:00:02.1: reg 10 64bit mmio: [0xf8200000-0xf82fffff]
[    0.071543] pci 0000:00:19.0: reg 10 32bit mmio: [0xfe000000-0xfe01ffff]
[    0.071552] pci 0000:00:19.0: reg 14 32bit mmio: [0xfe025000-0xfe025fff]
[    0.071559] pci 0000:00:19.0: reg 18 io port: [0x1840-0x185f]
[    0.071625] pci 0000:00:19.0: PME# supported from D0 D3hot D3cold
[    0.071716] pci 0000:00:19.0: PME# disabled
[    0.071861] pci 0000:00:1a.0: reg 20 io port: [0x1860-0x187f]
[    0.071936] pci 0000:00:1a.1: reg 20 io port: [0x1880-0x189f]
[    0.072025] pci 0000:00:1a.7: reg 10 32bit mmio: [0xfe226c00-0xfe226fff]
[    0.072110] pci 0000:00:1a.7: PME# supported from D0 D3hot D3cold
[    0.072196] pci 0000:00:1a.7: PME# disabled
[    0.072330] pci 0000:00:1b.0: reg 10 64bit mmio: [0xfe020000-0xfe023fff]
[    0.072414] pci 0000:00:1b.0: PME# supported from D0 D3hot D3cold
[    0.072497] pci 0000:00:1b.0: PME# disabled
[    0.072687] pci 0000:00:1c.0: PME# supported from D0 D3hot D3cold
[    0.072775] pci 0000:00:1c.0: PME# disabled
[    0.072976] pci 0000:00:1c.1: PME# supported from D0 D3hot D3cold
[    0.072999] pci 0000:00:1c.1: PME# disabled
[    0.073195] pci 0000:00:1c.2: PME# supported from D0 D3hot D3cold
[    0.073278] pci 0000:00:1c.2: PME# disabled
[    0.073467] pci 0000:00:1c.3: PME# supported from D0 D3hot D3cold
[    0.073999] pci 0000:00:1c.3: PME# disabled
[    0.074198] pci 0000:00:1c.4: PME# supported from D0 D3hot D3cold
[    0.074289] pci 0000:00:1c.4: PME# disabled
[    0.074444] pci 0000:00:1d.0: reg 20 io port: [0x18a0-0x18bf]
[    0.074526] pci 0000:00:1d.1: reg 20 io port: [0x18c0-0x18df]
[    0.074601] pci 0000:00:1d.2: reg 20 io port: [0x18e0-0x18ff]
[    0.074692] pci 0000:00:1d.7: reg 10 32bit mmio: [0xfe227000-0xfe2273ff]
[    0.075093] pci 0000:00:1d.7: PME# supported from D0 D3hot D3cold
[    0.075191] pci 0000:00:1d.7: PME# disabled
[    0.075473] pci 0000:00:1f.0: quirk: region 1000-107f claimed by ICH6 ACPI/GPIO/TCO
[    0.075602] pci 0000:00:1f.0: quirk: region 1180-11bf claimed by ICH6 GPIO
[    0.075685] pci 0000:00:1f.0: ICH7 LPC Generic IO decode 1 PIO at 1600 (mask 007f)
[    0.075805] pci 0000:00:1f.0: ICH7 LPC Generic IO decode 2 PIO at 15e0 (mask 000f)
[    0.075924] pci 0000:00:1f.0: ICH7 LPC Generic IO decode 3 PIO at 1680 (mask 001f)
[    0.076072] pci 0000:00:1f.1: reg 10 io port: [0x00-0x07]
[    0.076081] pci 0000:00:1f.1: reg 14 io port: [0x00-0x03]
[    0.076088] pci 0000:00:1f.1: reg 18 io port: [0x00-0x07]
[    0.076097] pci 0000:00:1f.1: reg 1c io port: [0x00-0x03]
[    0.076106] pci 0000:00:1f.1: reg 20 io port: [0x1c00-0x1c0f]
[    0.076189] pci 0000:00:1f.2: reg 10 io port: [0x1c50-0x1c57]
[    0.076198] pci 0000:00:1f.2: reg 14 io port: [0x1c44-0x1c47]
[    0.076206] pci 0000:00:1f.2: reg 18 io port: [0x1c48-0x1c4f]
[    0.076215] pci 0000:00:1f.2: reg 1c io port: [0x1c40-0x1c43]
[    0.076224] pci 0000:00:1f.2: reg 20 io port: [0x1c20-0x1c3f]
[    0.076233] pci 0000:00:1f.2: reg 24 32bit mmio: [0xfe226000-0xfe2267ff]
[    0.076291] pci 0000:00:1f.2: PME# supported from D3hot
[    0.076373] pci 0000:00:1f.2: PME# disabled
[    0.076488] pci 0000:00:1f.3: reg 10 32bit mmio: [0xfe227400-0xfe2274ff]
[    0.076513] pci 0000:00:1f.3: reg 20 io port: [0x1c60-0x1c7f]
[    0.076609] pci 0000:00:1c.0: bridge io port: [0x2000-0x2fff]
[    0.076613] pci 0000:00:1c.0: bridge 32bit mmio: [0xfc000000-0xfdffffff]
[    0.076622] pci 0000:00:1c.0: bridge 64bit mmio pref: [0xf8000000-0xf80fffff]
[    0.076696] pci 0000:03:00.0: reg 10 64bit mmio: [0xdf3f0000-0xdf3fffff]
[    0.076890] pci 0000:00:1c.1: bridge io port: [0x3000-0x3fff]
[    0.076896] pci 0000:00:1c.1: bridge 32bit mmio: [0xdc000000-0xdf3fffff]
[    0.076905] pci 0000:00:1c.1: bridge 64bit mmio pref: [0xdfe00000-0xdfefffff]
[    0.077012] pci 0000:00:1c.2: bridge io port: [0x4000-0x4fff]
[    0.077016] pci 0000:00:1c.2: bridge 32bit mmio: [0xd8000000-0xd9ffffff]
[    0.077023] pci 0000:00:1c.2: bridge 64bit mmio pref: [0xdfb00000-0xdfbfffff]
[    0.077081] pci 0000:00:1c.3: bridge io port: [0x5000-0x5fff]
[    0.077085] pci 0000:00:1c.3: bridge 32bit mmio: [0xd4000000-0xd5ffffff]
[    0.077094] pci 0000:00:1c.3: bridge 64bit mmio pref: [0xdf800000-0xdf8fffff]
[    0.077153] pci 0000:00:1c.4: bridge io port: [0x6000-0x6fff]
[    0.077159] pci 0000:00:1c.4: bridge 32bit mmio: [0xd0000000-0xd1ffffff]
[    0.077168] pci 0000:00:1c.4: bridge 64bit mmio pref: [0xdf500000-0xdf5fffff]
[    0.077224] pci 0000:15:00.0: reg 10 32bit mmio: [0xf8300000-0xf8300fff]
[    0.077276] pci 0000:15:00.0: supports D1 D2
[    0.077277] pci 0000:15:00.0: PME# supported from D0 D1 D2 D3hot D3cold
[    0.077366] pci 0000:15:00.0: PME# disabled
[    0.077506] pci 0000:15:00.1: reg 10 32bit mmio: [0xf8301000-0xf83017ff]
[    0.077599] pci 0000:15:00.1: supports D1 D2
[    0.077601] pci 0000:15:00.1: PME# supported from D0 D1 D2 D3hot D3cold
[    0.077688] pci 0000:15:00.1: PME# disabled
[    0.077862] pci 0000:00:1e.0: transparent bridge
[    0.077949] pci 0000:00:1e.0: bridge io port: [0x7000-0xafff]
[    0.077955] pci 0000:00:1e.0: bridge 32bit mmio: [0xf8300000-0xfbffffff]
[    0.077964] pci 0000:00:1e.0: bridge 64bit mmio pref: [0xf4000000-0xf7ffffff]
[    0.078031] pci_bus 0000:00: on NUMA node 0
[    0.078035] ACPI: PCI Interrupt Routing Table [\_SB_.PCI0._PRT]
[    0.078168] ACPI: PCI Interrupt Routing Table [\_SB_.PCI0.EXP0._PRT]
[    0.078227] ACPI: PCI Interrupt Routing Table [\_SB_.PCI0.EXP1._PRT]
[    0.078286] ACPI: PCI Interrupt Routing Table [\_SB_.PCI0.EXP2._PRT]
[    0.078344] ACPI: PCI Interrupt Routing Table [\_SB_.PCI0.EXP3._PRT]
[    0.078406] ACPI: PCI Interrupt Routing Table [\_SB_.PCI0.EXP4._PRT]
[    0.078469] ACPI: PCI Interrupt Routing Table [\_SB_.PCI0.PCI1._PRT]
[    0.083928] ACPI: PCI Interrupt Link [LNKA] (IRQs 3 4 5 6 7 9 *10 11)
[    0.084596] ACPI: PCI Interrupt Link [LNKB] (IRQs 3 4 5 6 7 9 10 *11)
[    0.085328] ACPI: PCI Interrupt Link [LNKC] (IRQs 3 4 5 6 7 9 10 *11)
[    0.086086] ACPI: PCI Interrupt Link [LNKD] (IRQs 3 4 5 6 7 9 10 *11)
[    0.086805] ACPI: PCI Interrupt Link [LNKE] (IRQs 3 4 5 6 7 9 10 *11)
[    0.087519] ACPI: PCI Interrupt Link [LNKF] (IRQs 3 4 5 6 7 9 10 *11)
[    0.088243] ACPI: PCI Interrupt Link [LNKG] (IRQs 3 4 5 6 7 9 10 *11)
[    0.089014] ACPI: PCI Interrupt Link [LNKH] (IRQs 3 4 5 6 7 9 10 *11)
[    0.089710] vgaarb: device added: PCI:0000:00:02.0,decodes=io+mem,owns=io+mem,locks=none
[    0.089828] vgaarb: loaded
[    0.090013] SCSI subsystem initialized
[    0.090102] libata version 3.00 loaded.
[    0.090150] usbcore: registered new interface driver usbfs
[    0.090265] usbcore: registered new interface driver hub
[    0.090374] usbcore: registered new device driver usb
[    0.107039] raid6: int32x1    941 MB/s
[    0.123992] raid6: int32x2    886 MB/s
[    0.141065] raid6: int32x4    750 MB/s
[    0.158075] raid6: int32x8    660 MB/s
[    0.174984] raid6: mmxx1     2878 MB/s
[    0.191986] raid6: mmxx2     3253 MB/s
[    0.208999] raid6: sse1x1    1937 MB/s
[    0.226000] raid6: sse1x2    2535 MB/s
[    0.242984] raid6: sse2x1    3511 MB/s
[    0.259980] raid6: sse2x2    3824 MB/s
[    0.260074] raid6: using algorithm sse2x2 (3824 MB/s)
[    0.260162] PCI: Using ACPI for IRQ routing
[    0.260477] HPET: 3 timers in total, 0 timers will be used for per-cpu timer
[    0.260988] Switching to clocksource tsc
[    0.261079] pnp: PnP ACPI init
[    0.261160] ACPI: bus type pnp registered
[    0.264831] pnp: PnP ACPI: found 11 devices
[    0.264933] ACPI: ACPI bus type pnp unregistered
[    0.265026] system 00:00: iomem range 0x0-0x9ffff could not be reserved
[    0.265120] system 00:00: iomem range 0xc0000-0xc3fff could not be reserved
[    0.265209] system 00:00: iomem range 0xc4000-0xc7fff could not be reserved
[    0.265303] system 00:00: iomem range 0xc8000-0xcbfff has been reserved
[    0.265393] system 00:00: iomem range 0xcc000-0xcffff has been reserved
[    0.265489] system 00:00: iomem range 0xd0000-0xd3fff could not be reserved
[    0.265572] system 00:00: iomem range 0xe0000-0xe3fff could not be reserved
[    0.265665] system 00:00: iomem range 0xe4000-0xe7fff could not be reserved
[    0.265758] system 00:00: iomem range 0xe8000-0xebfff could not be reserved
[    0.265848] system 00:00: iomem range 0xec000-0xeffff could not be reserved
[    0.265938] system 00:00: iomem range 0xf0000-0xfffff could not be reserved
[    0.266020] system 00:00: iomem range 0x100000-0x3dffffff could not be reserved
[    0.266135] system 00:00: iomem range 0xfec00000-0xfed3ffff could not be reserved
[    0.266256] system 00:00: iomem range 0xfed4c000-0xffffffff could not be reserved
[    0.266374] system 00:02: ioport range 0x164e-0x164f has been reserved
[    0.266462] system 00:02: ioport range 0x1000-0x107f has been reserved
[    0.266544] system 00:02: ioport range 0x1180-0x11bf has been reserved
[    0.266627] system 00:02: ioport range 0x800-0x80f has been reserved
[    0.266720] system 00:02: ioport range 0x15e0-0x15ef has been reserved
[    0.266802] system 00:02: ioport range 0x1600-0x165f could not be reserved
[    0.266892] system 00:02: iomem range 0xf0000000-0xf3ffffff has been reserved
[    0.266986] system 00:02: iomem range 0xfed1c000-0xfed1ffff has been reserved
[    0.267068] system 00:02: iomem range 0xfed14000-0xfed17fff has been reserved
[    0.267160] system 00:02: iomem range 0xfed18000-0xfed18fff has been reserved
[    0.267244] system 00:02: iomem range 0xfed19000-0xfed19fff has been reserved
[    0.267335] system 00:02: iomem range 0xfed45000-0xfed4bfff has been reserved
[    0.302370] pci 0000:00:1c.0: PCI bridge, secondary bus 0000:02
[    0.302453] pci 0000:00:1c.0:   IO window: 0x2000-0x2fff
[    0.302544] pci 0000:00:1c.0:   MEM window: 0xfc000000-0xfdffffff
[    0.302628] pci 0000:00:1c.0:   PREFETCH window: 0x000000f8000000-0x000000f80fffff
[    0.302752] pci 0000:00:1c.1: PCI bridge, secondary bus 0000:03
[    0.302839] pci 0000:00:1c.1:   IO window: 0x3000-0x3fff
[    0.302928] pci 0000:00:1c.1:   MEM window: 0xdc000000-0xdf3fffff
[    0.303015] pci 0000:00:1c.1:   PREFETCH window: 0x000000dfe00000-0x000000dfefffff
[    0.303136] pci 0000:00:1c.2: PCI bridge, secondary bus 0000:04
[    0.303218] pci 0000:00:1c.2:   IO window: 0x4000-0x4fff
[    0.303320] pci 0000:00:1c.2:   MEM window: 0xd8000000-0xd9ffffff
[    0.303406] pci 0000:00:1c.2:   PREFETCH window: 0x000000dfb00000-0x000000dfbfffff
[    0.303529] pci 0000:00:1c.3: PCI bridge, secondary bus 0000:05
[    0.303611] pci 0000:00:1c.3:   IO window: 0x5000-0x5fff
[    0.303701] pci 0000:00:1c.3:   MEM window: 0xd4000000-0xd5ffffff
[    0.303785] pci 0000:00:1c.3:   PREFETCH window: 0x000000df800000-0x000000df8fffff
[    0.303908] pci 0000:00:1c.4: PCI bridge, secondary bus 0000:0d
[    0.303997] pci 0000:00:1c.4:   IO window: 0x6000-0x6fff
[    0.304091] pci 0000:00:1c.4:   MEM window: 0xd0000000-0xd1ffffff
[    0.304175] pci 0000:00:1c.4:   PREFETCH window: 0x000000df500000-0x000000df5fffff
[    0.304296] pci 0000:15:00.0: CardBus bridge, secondary bus 0000:16
[    0.304383] pci 0000:15:00.0:   IO window: 0x007000-0x0070ff
[    0.304466] pci 0000:15:00.0:   IO window: 0x007400-0x0074ff
[    0.304553] pci 0000:15:00.0:   PREFETCH window: 0xf4000000-0xf7ffffff
[    0.304641] pci 0000:15:00.0:   MEM window: 0x40000000-0x43ffffff
[    0.304745] pci 0000:00:1e.0: PCI bridge, secondary bus 0000:15
[    0.304827] pci 0000:00:1e.0:   IO window: 0x7000-0xafff
[    0.304931] pci 0000:00:1e.0:   MEM window: 0xf8300000-0xfbffffff
[    0.305016] pci 0000:00:1e.0:   PREFETCH window: 0x000000f4000000-0x000000f7ffffff
[    0.305155] pci 0000:00:1c.0: PCI INT A -> GSI 20 (level, low) -> IRQ 20
[    0.305255] pci 0000:00:1c.0: setting latency timer to 64
[    0.305270] pci 0000:00:1c.1: PCI INT B -> GSI 21 (level, low) -> IRQ 21
[    0.305358] pci 0000:00:1c.1: setting latency timer to 64
[    0.305367] pci 0000:00:1c.2: PCI INT C -> GSI 22 (level, low) -> IRQ 22
[    0.305451] pci 0000:00:1c.2: setting latency timer to 64
[    0.305462] pci 0000:00:1c.3: PCI INT D -> GSI 23 (level, low) -> IRQ 23
[    0.305552] pci 0000:00:1c.3: setting latency timer to 64
[    0.305562] pci 0000:00:1c.4: PCI INT A -> GSI 20 (level, low) -> IRQ 20
[    0.305645] pci 0000:00:1c.4: setting latency timer to 64
[    0.305654] pci 0000:00:1e.0: enabling device (0005 -> 0007)
[    0.305744] pci 0000:00:1e.0: setting latency timer to 64
[    0.305760] pci 0000:15:00.0: PCI INT A -> GSI 16 (level, low) -> IRQ 16
[    0.305846] pci 0000:15:00.0: setting latency timer to 64
[    0.305853] pci_bus 0000:00: resource 0 io:  [0x00-0xffff]
[    0.305855] pci_bus 0000:00: resource 1 mem: [0x000000-0xffffffff]
[    0.305857] pci_bus 0000:02: resource 0 io:  [0x2000-0x2fff]
[    0.305858] pci_bus 0000:02: resource 1 mem: [0xfc000000-0xfdffffff]
[    0.305860] pci_bus 0000:02: resource 2 pref mem [0xf8000000-0xf80fffff]
[    0.305862] pci_bus 0000:03: resource 0 io:  [0x3000-0x3fff]
[    0.305864] pci_bus 0000:03: resource 1 mem: [0xdc000000-0xdf3fffff]
[    0.305866] pci_bus 0000:03: resource 2 pref mem [0xdfe00000-0xdfefffff]
[    0.305871] pci_bus 0000:04: resource 0 io:  [0x4000-0x4fff]
[    0.305873] pci_bus 0000:04: resource 1 mem: [0xd8000000-0xd9ffffff]
[    0.305874] pci_bus 0000:04: resource 2 pref mem [0xdfb00000-0xdfbfffff]
[    0.305876] pci_bus 0000:05: resource 0 io:  [0x5000-0x5fff]
[    0.305878] pci_bus 0000:05: resource 1 mem: [0xd4000000-0xd5ffffff]
[    0.305880] pci_bus 0000:05: resource 2 pref mem [0xdf800000-0xdf8fffff]
[    0.305882] pci_bus 0000:0d: resource 0 io:  [0x6000-0x6fff]
[    0.305883] pci_bus 0000:0d: resource 1 mem: [0xd0000000-0xd1ffffff]
[    0.305885] pci_bus 0000:0d: resource 2 pref mem [0xdf500000-0xdf5fffff]
[    0.305887] pci_bus 0000:15: resource 0 io:  [0x7000-0xafff]
[    0.305889] pci_bus 0000:15: resource 1 mem: [0xf8300000-0xfbffffff]
[    0.305891] pci_bus 0000:15: resource 2 pref mem [0xf4000000-0xf7ffffff]
[    0.305892] pci_bus 0000:15: resource 3 io:  [0x00-0xffff]
[    0.305894] pci_bus 0000:15: resource 4 mem: [0x000000-0xffffffff]
[    0.305896] pci_bus 0000:16: resource 0 io:  [0x7000-0x70ff]
[    0.305898] pci_bus 0000:16: resource 1 io:  [0x7400-0x74ff]
[    0.305900] pci_bus 0000:16: resource 2 pref mem [0xf4000000-0xf7ffffff]
[    0.305901] pci_bus 0000:16: resource 3 mem: [0x40000000-0x43ffffff]
[    0.305909] NET: Registered protocol family 2
[    0.306000] RANDOM - __random32 called. Change num 7.  Value: 5362b39e	996a101	94470543
[    0.306002] RANDOM - random32 called.  Value: 5362b39e	996a101	94470543
[    0.306006] random 0000 0000 0000 5f8db4e5 4cfdf2a8: rand_read_num 3 get_random_bytes(4): sig fffffb64 5f8db4e5 4cfdf2a8
[    0.306009] random 0000 0000 0000 5f8db4e5 4cfdf2a8: extract_entropy(.. 4 ..)
[    0.306011] random 0000 0000 0000 5f8db4e5 4cfdf2a8: going to reseed nonblocking with 64 bits (32 of 0 requested)
[    0.306013] random 0000 0000 0000 5f8db4e5 4cfdf2a8: extract_entropy(.. 8 ..)
[    0.306015] random 0000 0000 0000 5f8db4e5 4cfdf2a8: trying to extract 64 bits from input
[    0.306018] random 0000 0000 0000 5f8db4e5 4cfdf2a8: debiting 0 entropy credits from input
[    0.306020] random 0000 0000 0000 5f8db4e5 4cfdf2a8: extract_entropy account returned: 0 
[    0.306023] random 0000 0000 0000 5f8db4e5 4cfdf2a8: urand_change_num 5 xfer_secondary_pool(4): pool_sig fffffb64, data_sig 00000000, bytes_mixed 0 5f8db4e5 4cfdf2a8
[    0.306025] random 0000 0000 0000 5f8db4e5 4cfdf2a8: trying to extract 32 bits from nonblocking
[    0.306028] random 0000 0000 0000 5f8db4e5 4cfdf2a8: debiting 32 entropy credits from nonblocking (unlimited)
[    0.306030] random 0000 0000 0000 5f8db4e5 4cfdf2a8: extract_entropy account returned: 4 
[    0.306034] random 0000 0000 0000 5f8db4e5 4cfdf2a8: urand_change_num 6 extract_buf: pool_sig fffffb64, data_sig 00000241, bytes_mixed 20 5f8db4e5 4cfdf2a8
[    0.306044] IP route cache hash table entries: 32768 (order: 5, 131072 bytes)
[    0.306170] RANDOM - __random32 called. Change num 8.  Value: 2b39e0a2	996a1017	a86cfe5
[    0.306171] RANDOM - random32 called.  Value: 2b39e0a2	996a1017	a86cfe5
[    0.306182] RANDOM - __random32 called. Change num 9.  Value: 9e0a22e5	96a1017e	9fcbd616
[    0.306184] RANDOM - random32 called.  Value: 9e0a22e5	96a1017e	9fcbd616
[    0.306186] RANDOM - __random32 called. Change num 10.  Value: a22e5b4a	6a1017e6	ac2c32ac
[    0.306187] RANDOM - random32 called.  Value: a22e5b4a	6a1017e6	ac2c32ac
[    0.306198] RANDOM - __random32 called. Change num 11.  Value: e5b4ad28	a1017e61	6559a9b4
[    0.306199] RANDOM - random32 called.  Value: e5b4ad28	a1017e61	6559a9b4
[    0.306209] TCP established hash table entries: 131072 (order: 8, 1048576 bytes)
[    0.306704] TCP bind hash table entries: 65536 (order: 6, 262144 bytes)
[    0.306890] TCP: Hash tables configured (established 131072 bind 65536)
[    0.306980] TCP reno registered
[    0.307075] NET: Registered protocol family 1
[    0.307187] RPC: Registered udp transport module.
[    0.307272] RPC: Registered tcp transport module.
[    0.307355] RPC: Registered tcp NFSv4.1 backchannel transport module.
[    0.307441] pci 0000:00:02.0: Boot video device
[    0.307651] Simple Boot Flag at 0x35 set to 0x1
[    0.308206] highmem bounce pool size: 64 pages
[    0.309703] VFS: Disk quotas dquot_6.5.2
[    0.309824] Dquot-cache hash table entries: 1024 (order 0, 4096 bytes)
[    0.310567] NTFS driver 2.1.29 [Flags: R/W].
[    0.310718] ROMFS MTD (C) 2007 Red Hat, Inc.
[    0.310930] JFS: nTxBlock = 7695, nTxLock = 61562
[    0.313389] SGI XFS with ACLs, security attributes, large block/inode numbers, no debug enabled
[    0.313885] SGI XFS Quota Management subsystem
[    0.314170] Slow work thread pool: Starting up
[    0.314264] Slow work thread pool: Ready
[    0.314348] GFS2 (built May 24 2013 02:47:17) installed
[    0.314446] msgmni has been set to 1734
[    0.314602] alg: No test for cipher_null (cipher_null-generic)
[    0.314693] alg: No test for ecb(cipher_null) (ecb-cipher_null)
[    0.314787] alg: No test for digest_null (digest_null-generic)
[    0.314899] alg: No test for compress_null (compress_null-generic)
[    0.315439] alg: No test for fcrypt (fcrypt-generic)
[    0.316846] alg: No test for stdrng (krng)
[    0.316941] async_tx: api initialized (async)
[    0.317087] Block layer SCSI generic (bsg) driver version 0.4 loaded (major 254)
[    0.317210] io scheduler noop registered
[    0.317288] io scheduler anticipatory registered
[    0.317368] io scheduler deadline registered
[    0.317493] io scheduler cfq registered (default)
[    0.317736] pcieport 0000:00:1c.0: irq 24 for MSI/MSI-X
[    0.317754] pcieport 0000:00:1c.0: setting latency timer to 64
[    0.317962] pcieport 0000:00:1c.1: irq 25 for MSI/MSI-X
[    0.317973] pcieport 0000:00:1c.1: setting latency timer to 64
[    0.318166] pcieport 0000:00:1c.2: irq 26 for MSI/MSI-X
[    0.318177] pcieport 0000:00:1c.2: setting latency timer to 64
[    0.318351] pcieport 0000:00:1c.3: irq 27 for MSI/MSI-X
[    0.318360] pcieport 0000:00:1c.3: setting latency timer to 64
[    0.318538] pcieport 0000:00:1c.4: irq 28 for MSI/MSI-X
[    0.318550] pcieport 0000:00:1c.4: setting latency timer to 64
[    0.318693] pci_hotplug: PCI Hot Plug PCI Core version: 0.5
[    0.318893] isapnp: Scanning for PnP cards...
[    0.679408] isapnp: No Plug & Play device found
[    0.679489] random 0000 0000 0000 5f8db4e5 4cfdf2a8: initializing
[    0.679491] RANDOM init_std_data for input now value: 1369996587679491709
[    0.679493] RANDOM init_std_data for blocking now value: 1369996587679493714
[    0.679494] RANDOM init_std_data for nonblocking now value: 1369996587679495494
[    0.699066] Serial: 8250/16550 driver, 4 ports, IRQ sharing enabled
[    3.709708] floppy0: no floppy controllers found
[    3.710647] brd: module loaded
[    3.711146] loop: module loaded
[    3.711231] Compaq SMART2 Driver (v 2.6.0)
[    3.711355] HP CISS Driver (v 3.6.20)
[    3.711586] input: Macintosh mouse button emulation as /devices/virtual/input/input0
[    3.711722] Uniform Multi-Platform E-IDE driver
[    3.711939] piix 0000:00:1f.1: IDE controller (0x8086:0x2850 rev 0x03)
[    3.712032] pci 0000:00:1f.1: PCI INT C -> GSI 16 (level, low) -> IRQ 16
[    3.712141] piix 0000:00:1f.1: IDE port disabled
[    3.712230] piix 0000:00:1f.1: not 100% native mode: will probe irqs later
[    3.712333]     ide0: BM-DMA at 0x1c00-0x1c07
[    3.713077] Probing IDE interface ide0...
[    4.384893] hda: HL-DT-ST DVDRAM GSA-U10N, ATAPI CD/DVD-ROM drive
[    4.690689] hda: host max PIO4 wanted PIO255(auto-tune) selected PIO4
[    4.691457] hda: UDMA/33 mode selected
[    4.691916] ide0 at 0x1f0-0x1f7,0x3f6 on irq 14
[    4.695790] ide-gd driver 1.18
[    4.695891] ide-cd driver 5.00
[    4.697280] random 0000 0000 0000 00000000 00000000: add_disk_randomness(0:0) 00000000 00000000
[    4.697284] random 0000 0000 0000 00000000 00000000: add_timer_randomness(.. 256) with jiffies: 17530033349336989305, cycles: -916710728667234295
[    4.697287] random 0000 0000 0000 00000000 00000000: added 11 entropy credits to input
[    4.697291] ide-cd: hda: ATAPI 24X DVD-ROM DVD-R/RAM CD-R/RW drive, 2048kB Cache
[    4.697700] Uniform CD-ROM driver Revision: 3.20
[    4.700572] random 0011 0000 0000 00000000 00000000: add_disk_randomness(0:0) 00000000 00000000
[    4.700575] random 0011 0000 0000 00000000 00000000: add_timer_randomness(.. 256) with jiffies: 17559655554093907580, cycles: -887088523910316023
[    4.700578] random 0011 0000 0000 00000000 00000000: added 1 entropy credits to input
[    4.700581] random 0012 0000 0000 00000000 00000000: add_disk_randomness(0:0) 00000000 00000000
[    4.700584] random 0012 0000 0000 00000000 00000000: add_timer_randomness(.. 256) with jiffies: 17559733031008960124, cycles: -887011046995263479
[    4.702573] random 0012 0000 0000 00000000 00000000: add_disk_randomness(0:0) 00000000 00000000
[    4.702576] random 0012 0000 0000 00000000 00000000: add_timer_randomness(.. 256) with jiffies: 17577655676132097662, cycles: -869088401872125943
[    4.702579] random 0012 0000 0000 00000000 00000000: added 1 entropy credits to input
[    4.702581] random 0013 0000 0000 00000000 00000000: add_disk_randomness(0:0) 00000000 00000000
[    4.702584] random 0013 0000 0000 00000000 00000000: add_timer_randomness(.. 256) with jiffies: 17577731619743825534, cycles: -869012458260398071
[    4.704572] random 0013 0000 0000 00000000 00000000: add_disk_randomness(0:0) 00000000 00000000
[    4.704575] random 0013 0000 0000 00000000 00000000: add_timer_randomness(.. 256) with jiffies: 17595639296905936512, cycles: -851104781098287095
[    4.704577] random 0013 0000 0000 00000000 00000000: added 1 entropy credits to input
[    4.704580] random 0014 0000 0000 00000000 00000000: add_disk_randomness(0:0) 00000000 00000000
[    4.704583] random 0014 0000 0000 00000000 00000000: add_timer_randomness(.. 256) with jiffies: 17595712985659833984, cycles: -851031092344389623
[    4.704861] Loading iSCSI transport class v2.0-870.
[    4.705141] rdac: device handler registered
[    4.705223] hp_sw: device handler registered
[    4.705302] emc: device handler registered
[    4.705386] alua: device handler registered
[    4.706370] Adaptec aacraid driver 1.1-5[2461]-ms
[    4.706785] scsi: <fdomain> Detection failed (no card)
[    4.706880] sym53c416.c: Version 1.0.0-ac
[    4.706978] qlogicfas: no cards were found, please specify I/O address and IRQ using iobase= and irq= options
[    4.707099] QLogic Fibre Channel HBA Driver: 8.03.01-k6
[    4.707303] iscsi: registered transport (qla4xxx)
[    4.707403] QLogic iSCSI HBA Driver
[    4.707484] Emulex LightPulse Fibre Channel SCSI driver 8.3.4
[    4.707566] Copyright(c) 2004-2009 Emulex.  All rights reserved.
[    4.729673] Failed initialization of WD-7000 SCSI card!
[    4.818917] DC390: clustering now enabled by default. If you get problems load
[    4.819029]        with "disable_clustering=1" and report to maintainers
[    4.819159] megaraid cmm: 2.20.2.7 (Release Date: Sun Jul 16 00:01:03 EST 2006)
[    4.819308] megaraid: 2.20.5.1 (Release Date: Thu Nov 16 15:32:35 EST 2006)
[    4.819411] megasas: 00.00.04.01 Thu July 24 11:41:51 PST 2008
[    4.819539] GDT-HA: Storage RAID Controller Driver. Version: 3.05
[    4.819681] 3ware Storage Controller device driver for Linux v1.26.02.002.
[    4.819790] 3ware 9000 Storage Controller device driver for Linux v2.26.02.012.
[    4.819927] nsp32: loading...
[    4.820031] ipr: IBM Power RAID SCSI Device Driver version: 2.4.3 (June 10, 2009)
[    4.820176] RocketRAID 3xxx/4xxx Controller driver v1.6 (090910)
[    4.820289] stex: Promise SuperTrak EX Driver version: 4.6.0000.3
[    4.820412] st: Version 20081215, fixed bufsize 32768, s/g segs 256
[    4.820599] ahci 0000:00:1f.2: version 3.0
[    4.820614] ahci 0000:00:1f.2: PCI INT B -> GSI 16 (level, low) -> IRQ 16
[    4.820764] ahci 0000:00:1f.2: irq 29 for MSI/MSI-X
[    4.820825] ahci 0000:00:1f.2: AHCI 0001.0100 32 slots 3 ports 1.5 Gbps 0x5 impl SATA mode
[    4.820942] ahci 0000:00:1f.2: flags: 64bit ncq sntf pm led clo pio slum part ccc 
[    4.821065] ahci 0000:00:1f.2: setting latency timer to 64
[    4.821207] scsi2 : ahci
[    4.821357] scsi3 : ahci
[    4.821489] scsi4 : ahci
[    4.821668] ata1: SATA max UDMA/133 abar m2048@0xfe226000 port 0xfe226100 irq 29
[    4.821780] ata2: DUMMY
[    4.821858] ata3: SATA max UDMA/133 abar m2048@0xfe226000 port 0xfe226200 irq 29
[    4.822452] I2O subsystem v1.325
[    4.822533] i2o: max drivers = 8
[    4.822684] I2O Configuration OSM v1.323
[    4.822783] I2O Bus Adapter OSM v1.317
[    4.822876] I2O Block Device OSM v1.325
[    4.823030] I2O SCSI Peripheral OSM v1.316
[    4.823135] I2O ProcFS OSM v1.316
[    4.823231] Fusion MPT base driver 3.04.12
[    4.823324] Copyright (c) 1999-2008 LSI Corporation
[    4.823408] Fusion MPT SPI Host driver 3.04.12
[    4.823505] Fusion MPT FC Host driver 3.04.12
[    4.823612] Fusion MPT SAS Host driver 3.04.12
[    4.823807] ohci1394 0000:15:00.1: PCI INT B -> GSI 17 (level, low) -> IRQ 17
[    4.823900] ohci1394 0000:15:00.1: setting latency timer to 64
[    4.877689] ohci1394: fw-host0: OHCI-1394 1.1 (PCI): IRQ=[17]  MMIO=[f8301000-f83017ff]  Max Packet=[2048]  IR/IT contexts=[4/4]
[    4.881964] ehci_hcd: USB 2.0 'Enhanced' Host Controller (EHCI) Driver
[    4.882251] ehci_hcd 0000:00:1a.7: power state changed by ACPI to D0
[    4.882497] ehci_hcd 0000:00:1a.7: power state changed by ACPI to D0
[    4.882593] ehci_hcd 0000:00:1a.7: PCI INT C -> GSI 22 (level, low) -> IRQ 22
[    4.882698] ehci_hcd 0000:00:1a.7: setting latency timer to 64
[    4.882703] ehci_hcd 0000:00:1a.7: EHCI Host Controller
[    4.882835] ehci_hcd 0000:00:1a.7: new USB bus registered, assigned bus number 1
[    4.886877] ehci_hcd 0000:00:1a.7: cache line size of 32 is not supported
[    4.886886] ehci_hcd 0000:00:1a.7: irq 22, io mem 0xfe226c00
[    4.896649] ehci_hcd 0000:00:1a.7: USB 2.0 started, EHCI 1.00
[    4.896749] usb usb1: New USB device found, idVendor=1d6b, idProduct=0002
[    4.896841] usb usb1: New USB device strings: Mfr=3, Product=2, SerialNumber=1
[    4.896959] usb usb1: Product: EHCI Host Controller
[    4.897038] usb usb1: Manufacturer: Linux 2.6.32.57 ehci_hcd
[    4.897125] usb usb1: SerialNumber: 0000:00:1a.7
[    4.897256] usb usb1: configuration #1 chosen from 1 choice
[    4.897372] hub 1-0:1.0: USB hub found
[    4.897454] hub 1-0:1.0: 4 ports detected
[    4.897743] ehci_hcd 0000:00:1d.7: power state changed by ACPI to D0
[    4.898010] ehci_hcd 0000:00:1d.7: power state changed by ACPI to D0
[    4.898108] ehci_hcd 0000:00:1d.7: PCI INT D -> GSI 19 (level, low) -> IRQ 19
[    4.898198] ehci_hcd 0000:00:1d.7: setting latency timer to 64
[    4.898201] ehci_hcd 0000:00:1d.7: EHCI Host Controller
[    4.898321] ehci_hcd 0000:00:1d.7: new USB bus registered, assigned bus number 2
[    4.898467] ehci_hcd 0000:00:1d.7: debug port 1
[    4.902441] ehci_hcd 0000:00:1d.7: cache line size of 32 is not supported
[    4.902448] ehci_hcd 0000:00:1d.7: irq 19, io mem 0xfe227000
[    4.912648] ehci_hcd 0000:00:1d.7: USB 2.0 started, EHCI 1.00
[    4.912736] usb usb2: New USB device found, idVendor=1d6b, idProduct=0002
[    4.912836] usb usb2: New USB device strings: Mfr=3, Product=2, SerialNumber=1
[    4.912946] usb usb2: Product: EHCI Host Controller
[    4.913025] usb usb2: Manufacturer: Linux 2.6.32.57 ehci_hcd
[    4.913109] usb usb2: SerialNumber: 0000:00:1d.7
[    4.913237] usb usb2: configuration #1 chosen from 1 choice
[    4.913345] hub 2-0:1.0: USB hub found
[    4.913428] hub 2-0:1.0: 6 ports detected
[    4.913598] 116x: driver isp116x-hcd, 03 Nov 2005
[    4.913698] ohci_hcd: USB 1.1 'Open' Host Controller (OHCI) Driver
[    4.913815] uhci_hcd: USB Universal Host Controller Interface driver
[    4.913915] uhci_hcd 0000:00:1a.0: PCI INT A -> GSI 20 (level, low) -> IRQ 20
[    4.914016] uhci_hcd 0000:00:1a.0: setting latency timer to 64
[    4.914021] uhci_hcd 0000:00:1a.0: UHCI Host Controller
[    4.914138] uhci_hcd 0000:00:1a.0: new USB bus registered, assigned bus number 3
[    4.914285] uhci_hcd 0000:00:1a.0: irq 20, io base 0x00001860
[    4.914394] usb usb3: New USB device found, idVendor=1d6b, idProduct=0001
[    4.914482] usb usb3: New USB device strings: Mfr=3, Product=2, SerialNumber=1
[    4.914603] usb usb3: Product: UHCI Host Controller
[    4.914691] usb usb3: Manufacturer: Linux 2.6.32.57 uhci_hcd
[    4.914779] usb usb3: SerialNumber: 0000:00:1a.0
[    4.914910] usb usb3: configuration #1 chosen from 1 choice
[    4.915018] hub 3-0:1.0: USB hub found
[    4.915108] hub 3-0:1.0: 2 ports detected
[    4.915406] uhci_hcd 0000:00:1a.1: power state changed by ACPI to D0
[    4.915661] uhci_hcd 0000:00:1a.1: power state changed by ACPI to D0
[    4.915752] uhci_hcd 0000:00:1a.1: PCI INT B -> GSI 21 (level, low) -> IRQ 21
[    4.915844] uhci_hcd 0000:00:1a.1: setting latency timer to 64
[    4.915848] uhci_hcd 0000:00:1a.1: UHCI Host Controller
[    4.915972] uhci_hcd 0000:00:1a.1: new USB bus registered, assigned bus number 4
[    4.916113] uhci_hcd 0000:00:1a.1: irq 21, io base 0x00001880
[    4.916233] usb usb4: New USB device found, idVendor=1d6b, idProduct=0001
[    4.916315] usb usb4: New USB device strings: Mfr=3, Product=2, SerialNumber=1
[    4.916429] usb usb4: Product: UHCI Host Controller
[    4.916508] usb usb4: Manufacturer: Linux 2.6.32.57 uhci_hcd
[    4.916598] usb usb4: SerialNumber: 0000:00:1a.1
[    4.916750] usb usb4: configuration #1 chosen from 1 choice
[    4.916862] hub 4-0:1.0: USB hub found
[    4.916943] hub 4-0:1.0: 2 ports detected
[    4.917259] uhci_hcd 0000:00:1d.0: power state changed by ACPI to D0
[    4.917539] uhci_hcd 0000:00:1d.0: power state changed by ACPI to D0
[    4.917636] uhci_hcd 0000:00:1d.0: PCI INT A -> GSI 16 (level, low) -> IRQ 16
[    4.917734] uhci_hcd 0000:00:1d.0: setting latency timer to 64
[    4.917737] uhci_hcd 0000:00:1d.0: UHCI Host Controller
[    4.917865] uhci_hcd 0000:00:1d.0: new USB bus registered, assigned bus number 5
[    4.918015] uhci_hcd 0000:00:1d.0: irq 16, io base 0x000018a0
[    4.918127] usb usb5: New USB device found, idVendor=1d6b, idProduct=0001
[    4.918215] usb usb5: New USB device strings: Mfr=3, Product=2, SerialNumber=1
[    4.918342] usb usb5: Product: UHCI Host Controller
[    4.918421] usb usb5: Manufacturer: Linux 2.6.32.57 uhci_hcd
[    4.918507] usb usb5: SerialNumber: 0000:00:1d.0
[    4.918654] usb usb5: configuration #1 chosen from 1 choice
[    4.918768] hub 5-0:1.0: USB hub found
[    4.918848] hub 5-0:1.0: 2 ports detected
[    4.918985] uhci_hcd 0000:00:1d.1: PCI INT B -> GSI 17 (level, low) -> IRQ 17
[    4.919076] uhci_hcd 0000:00:1d.1: setting latency timer to 64
[    4.919081] uhci_hcd 0000:00:1d.1: UHCI Host Controller
[    4.919210] uhci_hcd 0000:00:1d.1: new USB bus registered, assigned bus number 6
[    4.919357] uhci_hcd 0000:00:1d.1: irq 17, io base 0x000018c0
[    4.919460] usb usb6: New USB device found, idVendor=1d6b, idProduct=0001
[    4.919542] usb usb6: New USB device strings: Mfr=3, Product=2, SerialNumber=1
[    4.919660] usb usb6: Product: UHCI Host Controller
[    4.919739] usb usb6: Manufacturer: Linux 2.6.32.57 uhci_hcd
[    4.919820] usb usb6: SerialNumber: 0000:00:1d.1
[    4.919944] usb usb6: configuration #1 chosen from 1 choice
[    4.920073] hub 6-0:1.0: USB hub found
[    4.920158] hub 6-0:1.0: 2 ports detected
[    4.920479] uhci_hcd 0000:00:1d.2: power state changed by ACPI to D0
[    4.920721] uhci_hcd 0000:00:1d.2: power state changed by ACPI to D0
[    4.920817] uhci_hcd 0000:00:1d.2: PCI INT C -> GSI 18 (level, low) -> IRQ 18
[    4.920905] uhci_hcd 0000:00:1d.2: setting latency timer to 64
[    4.920910] uhci_hcd 0000:00:1d.2: UHCI Host Controller
[    4.921029] uhci_hcd 0000:00:1d.2: new USB bus registered, assigned bus number 7
[    4.921177] uhci_hcd 0000:00:1d.2: irq 18, io base 0x000018e0
[    4.921285] usb usb7: New USB device found, idVendor=1d6b, idProduct=0001
[    4.921368] usb usb7: New USB device strings: Mfr=3, Product=2, SerialNumber=1
[    4.921478] usb usb7: Product: UHCI Host Controller
[    4.921562] usb usb7: Manufacturer: Linux 2.6.32.57 uhci_hcd
[    4.922310] usb usb7: SerialNumber: 0000:00:1d.2
[    4.922435] usb usb7: configuration #1 chosen from 1 choice
[    4.922547] hub 7-0:1.0: USB hub found
[    4.922628] hub 7-0:1.0: 2 ports detected
[    4.922796] sl811: driver sl811-hcd, 19 May 2005
[    4.922898] r8a66597_hcd: driver r8a66597_hcd, 2009-05-26
[    4.923061] Initializing USB Mass Storage driver...
[    4.923182] usbcore: registered new interface driver usb-storage
[    4.923267] USB Mass Storage support registered.
[    4.923371] usbcore: registered new interface driver ums-alauda
[    4.923470] usbcore: registered new interface driver ums-cypress
[    4.923568] usbcore: registered new interface driver ums-datafab
[    4.923674] usbcore: registered new interface driver ums-freecom
[    4.923783] usbcore: registered new interface driver ums-isd200
[    4.923891] usbcore: registered new interface driver ums-jumpshot
[    4.924007] usbcore: registered new interface driver ums-karma
[    4.924110] usbcore: registered new interface driver ums-onetouch
[    4.924214] usbcore: registered new interface driver ums-sddr09
[    4.924324] usbcore: registered new interface driver ums-sddr55
[    4.924423] usbcore: registered new interface driver ums-usbat
[    4.924558] PNP: PS/2 Controller [PNP0303:KBD,PNP0f13:MOU] at 0x60,0x64 irq 1,12
[    4.933066] serio: i8042 KBD port at 0x60,0x64 irq 1
[    4.933150] serio: i8042 AUX port at 0x60,0x64 irq 12
[    4.933387] mice: PS/2 mouse device common for all mice
[    4.933489] i2c /dev entries driver
[    4.933619] md: linear personality registered for level -1
[    4.933711] md: raid0 personality registered for level 0
[    4.933800] md: raid1 personality registered for level 1
[    4.933880] md: raid10 personality registered for level 10
[    4.933963] md: raid6 personality registered for level 6
[    4.934042] md: raid5 personality registered for level 5
[    4.934128] md: raid4 personality registered for level 4
[    4.934222] md: multipath personality registered for level -4
[    4.934406] device-mapper: ioctl: 4.15.0-ioctl (2009-04-01) initialised: dm-devel@redhat.com
[    4.934595] cpuidle: using governor ladder
[    4.935215] usbcore: registered new interface driver usbhid
[    4.935310] usbhid: v2.6:USB HID core driver
[    4.935452] random 0014 0000 0000 00000000 00000000: rand_read_num 4 get_random_bytes(136): sig 00000000 00000000 00000000
[    4.935454] random 0014 0000 0000 00000000 00000000: extract_entropy(.. 136 ..)
[    4.935457] random 0014 0000 0000 00000000 00000000: going to reseed nonblocking with 1024 bits (1088 of 0 requested)
[    4.935459] random 0014 0000 0000 00000000 00000000: extract_entropy(.. 128 ..)
[    4.935462] random 0014 0000 0000 00000000 00000000: trying to extract 1024 bits from input
[    4.935464] random 0014 0000 0000 00000000 00000000: debiting 0 entropy credits from input
[    4.935466] random 0014 0000 0000 00000000 00000000: extract_entropy account returned: 0 
[    4.935469] random 0014 0000 0000 00000000 00000000: urand_change_num 7 xfer_secondary_pool(136): pool_sig 00000000, data_sig 00000000, bytes_mixed 0 00000000 00000000
[    4.935472] random 0014 0000 0000 00000000 00000000: trying to extract 1088 bits from nonblocking
[    4.935475] random 0014 0000 0000 00000000 00000000: debiting 1088 entropy credits from nonblocking (unlimited)
[    4.935477] random 0014 0000 0000 00000000 00000000: extract_entropy account returned: 136 
[    4.935481] random 0014 0000 0000 00000000 00000000: urand_change_num 8 extract_buf: pool_sig 00000000, data_sig fffffff9, bytes_mixed 20 00000000 00000000
[    4.935487] random 0014 0000 0000 b7c35b56 be4dc95d: urand_change_num 9 extract_buf: pool_sig fffffd1e, data_sig 000000c5, bytes_mixed 20 b7c35b56 be4dc95d
[    4.935492] random 0014 0000 0000 ed9f5c47 c48487fb: urand_change_num 10 extract_buf: pool_sig fffff8ec, data_sig ffffff68, bytes_mixed 20 ed9f5c47 c48487fb
[    4.935497] random 0014 0000 0000 ed9f5c47 c48487fb: urand_change_num 11 extract_buf: pool_sig fffffaed, data_sig 000001aa, bytes_mixed 20 ed9f5c47 c48487fb
[    4.935502] random 0014 0000 0000 1b4f7c0a 91bd6a48: urand_change_num 12 extract_buf: pool_sig fffffdd8, data_sig 00000064, bytes_mixed 20 1b4f7c0a 91bd6a48
[    4.935508] random 0014 0000 0000 a254b9bc 20e9a24f: urand_change_num 13 extract_buf: pool_sig fffffbe6, data_sig 000001dd, bytes_mixed 20 a254b9bc 20e9a24f
[    4.935513] random 0014 0000 0000 a254b9bc 20e9a24f: urand_change_num 14 extract_buf: pool_sig fffff940, data_sig fffffe20, bytes_mixed 20 a254b9bc 20e9a24f
[    4.935518] random 0014 0000 0000 2831a66b 5fa2a3ad: urand_change_num 15 extract_buf: pool_sig fffffbce, data_sig 0000007e, bytes_mixed 20 2831a66b 5fa2a3ad
[    4.935523] random 0014 0000 0000 2831a66b 5fa2a3ad: urand_change_num 16 extract_buf: pool_sig 000004df, data_sig fffffe8f, bytes_mixed 20 2831a66b 5fa2a3ad
[    4.935529] random 0014 0000 0000 d4512bfd c9a54e0b: urand_change_num 17 extract_buf: pool_sig 00000485, data_sig fffffe68, bytes_mixed 20 d4512bfd c9a54e0b
[    4.935534] random 0014 0000 0000 c7371be6 f9ffea11: urand_change_num 18 extract_buf: pool_sig 00000095, data_sig ffffffed, bytes_mixed 20 c7371be6 f9ffea11
[    4.935539] random 0014 0000 0000 c7371be6 f9ffea11: urand_change_num 19 extract_buf: pool_sig 000003a7, data_sig fffffefa, bytes_mixed 20 c7371be6 f9ffea11
[    4.935544] random 0014 0000 0000 8fb4b62c d1ddba54: urand_change_num 20 extract_buf: pool_sig 00000179, data_sig ffffff78, bytes_mixed 20 8fb4b62c d1ddba54
[    4.935550] random 0014 0000 0000 9ff19f9c c07a1d2a: urand_change_num 21 extract_buf: pool_sig fffffe88, data_sig 00000126, bytes_mixed 20 9ff19f9c c07a1d2a
[    4.935554] TCP cubic registered
[    4.935651] Initializing XFRM netlink socket
[    4.935735] NET: Registered protocol family 17
[    4.935821] Using IPI Shortcut mode
[    4.935911] random 0014 0000 0000 9ff19f9c c07a1d2a: rand_read_num 5 get_random_bytes(8): sig 0000031b 9ff19f9c c07a1d2a
[    4.935913] random 0014 0000 0000 9ff19f9c c07a1d2a: extract_entropy(.. 8 ..)
[    4.935915] random 0014 0000 0000 9ff19f9c c07a1d2a: going to reseed nonblocking with 64 bits (64 of 0 requested)
[    4.935918] random 0014 0000 0000 9ff19f9c c07a1d2a: extract_entropy(.. 8 ..)
[    4.935920] random 0014 0000 0000 9ff19f9c c07a1d2a: trying to extract 64 bits from input
[    4.935922] random 0014 0000 0000 9ff19f9c c07a1d2a: debiting 0 entropy credits from input
[    4.935924] random 0014 0000 0000 9ff19f9c c07a1d2a: extract_entropy account returned: 0 
[    4.935927] random 0014 0000 0000 9ff19f9c c07a1d2a: urand_change_num 22 xfer_secondary_pool(8): pool_sig 0000031b, data_sig 00000000, bytes_mixed 0 9ff19f9c c07a1d2a
[    4.935930] random 0014 0000 0000 9ff19f9c c07a1d2a: trying to extract 64 bits from nonblocking
[    4.935932] random 0014 0000 0000 9ff19f9c c07a1d2a: debiting 64 entropy credits from nonblocking (unlimited)
[    4.935934] random 0014 0000 0000 9ff19f9c c07a1d2a: extract_entropy account returned: 8 
[    4.935938] random 0014 0000 0000 9ff19f9c c07a1d2a: urand_change_num 23 extract_buf: pool_sig 0000031b, data_sig ffffffb3, bytes_mixed 20 9ff19f9c c07a1d2a
[    4.938477] input: AT Translated Set 2 keyboard as /devices/platform/i8042/serio0/input/input1
[    5.127653] ata1: SATA link up 1.5 Gbps (SStatus 113 SControl 300)
[    5.127753] ata3: SATA link down (SStatus 0 SControl 300)
[    5.129454] ata1.00: ACPI cmd ef/02:00:00:00:00:a0 (SET FEATURES) succeeded
[    5.129457] ata1.00: ACPI cmd f5/00:00:00:00:00:a0 (SECURITY FREEZE LOCK) filtered out
[    5.130847] ata1.00: ACPI cmd ef/5f:00:00:00:00:a0 (SET FEATURES) succeeded
[    5.130850] ata1.00: ACPI cmd ef/10:03:00:00:00:a0 (SET FEATURES) filtered out
[    5.132760] ata1.00: ATA-7: ST910021AS, 4.06, max UDMA/100
[    5.132841] ata1.00: 195371568 sectors, multi 16: LBA48 
[    5.134998] ata1.00: ACPI cmd ef/02:00:00:00:00:a0 (SET FEATURES) succeeded
[    5.135001] ata1.00: ACPI cmd f5/00:00:00:00:00:a0 (SECURITY FREEZE LOCK) filtered out
[    5.136390] ata1.00: ACPI cmd ef/5f:00:00:00:00:a0 (SET FEATURES) succeeded
[    5.136393] ata1.00: ACPI cmd ef/10:03:00:00:00:a0 (SET FEATURES) filtered out
[    5.138320] ata1.00: configured for UDMA/100
[    5.148701] scsi 2:0:0:0: Direct-Access     ATA      ST910021AS       4.06 PQ: 0 ANSI: 5
[    5.148982] sd 2:0:0:0: [sda] 195371568 512-byte logical blocks: (100 GB/93.1 GiB)
[    5.149121] sd 2:0:0:0: [sda] Write Protect is off
[    5.149199] sd 2:0:0:0: [sda] Mode Sense: 00 3a 00 00
[    5.149211] sd 2:0:0:0: [sda] Write cache: enabled, read cache: enabled, doesn't support DPO or FUA
[    5.149399]  sda:
[    5.564851] random 0014 0000 0000 277f73c3 42024bb9: add_disk_randomness(8:0) 277f73c3 42024bb9
[    5.564928] random 0014 0000 0000 277f73c3 42024bb9: add_timer_randomness(.. 8388864) with jiffies: 6889292443758068101, cycles: 6889292439463395338
[    5.564930] random 0014 0000 0000 277f73c3 42024bb9: added 11 entropy credits to input
[    5.564935]  sda1 sda2
[    5.565421] random 0025 0000 0000 277f73c3 42024bb9: add_disk_randomness(8:0) 277f73c3 42024bb9
[    5.565424] random 0025 0000 0000 277f73c3 42024bb9: add_timer_randomness(.. 8388864) with jiffies: 6893771716690674053, cycles: 6893771712396001290
[    5.565578] sd 2:0:0:0: [sda] Attached SCSI disk
[    5.565667] random 0025 0000 0000 277f73c3 42024bb9: rand_read_num 6 get_random_bytes(12): sig 000007e9 277f73c3 42024bb9
[    5.565669] random 0025 0000 0000 277f73c3 42024bb9: extract_entropy(.. 12 ..)
[    5.565672] random 0025 0000 0000 277f73c3 42024bb9: going to reseed nonblocking with 96 bits (96 of 0 requested)
[    5.565674] random 0025 0000 0000 277f73c3 42024bb9: extract_entropy(.. 12 ..)
[    5.565676] random 0025 0000 0000 277f73c3 42024bb9: trying to extract 96 bits from input
[    5.565679] random 0025 0000 0000 277f73c3 42024bb9: debiting 0 entropy credits from input
[    5.565681] random 0025 0000 0000 277f73c3 42024bb9: extract_entropy account returned: 0 
[    5.565684] random 0025 0000 0000 277f73c3 42024bb9: urand_change_num 24 xfer_secondary_pool(12): pool_sig 000007e9, data_sig 00000000, bytes_mixed 0 277f73c3 42024bb9
[    5.565687] random 0025 0000 0000 277f73c3 42024bb9: trying to extract 96 bits from nonblocking
[    5.565689] random 0025 0000 0000 277f73c3 42024bb9: debiting 96 entropy credits from nonblocking (unlimited)
[    5.565692] random 0025 0000 0000 277f73c3 42024bb9: extract_entropy account returned: 12 
[    5.565696] random 0025 0000 0000 277f73c3 42024bb9: urand_change_num 25 extract_buf: pool_sig 000007e9, data_sig 00000088, bytes_mixed 20 277f73c3 42024bb9
[    5.565701] random 0025 0000 0000 277f73c3 42024bb9: urand_change_num 26 extract_buf: pool_sig 00000498, data_sig fffffefb, bytes_mixed 20 277f73c3 42024bb9
[    5.565704] RANDOM - __seed init called.
[    5.565705] RANDOM - __seed init called.
[    5.565706] RANDOM - __seed init called.
[    5.565708] RANDOM - __random32 called. Change num 12.  Value: 87f14767	f0d7351	b1e48bd3
[    5.565710] RANDOM - random32_reseed called.  Value: 87f14767	f0d7351	b1e48bd3
[    5.565713] Pid: 1, comm: swapper Not tainted 2.6.32.57 #6
[    5.565798] Call Trace:
[    5.565885]  [<c1923ca4>] ? random32_reseed+0xa0/0xb1
[    5.565965]  [<c1923c04>] ? random32_reseed+0x0/0xb1
[    5.566049]  [<c100111e>] ? do_one_initcall+0x2e/0x180
[    5.566131]  [<c1907265>] ? kernel_init+0xad/0x103
[    5.566212]  [<c19071b8>] ? kernel_init+0x0/0x103
[    5.566299]  [<c1003787>] ? kernel_thread_helper+0x7/0x10
[    5.566828] random 0025 0000 0000 386b4e60 ee4d4880: rand_read_num 7 get_random_bytes(64): sig fffffea5 386b4e60 ee4d4880
[    5.566830] random 0025 0000 0000 386b4e60 ee4d4880: extract_entropy(.. 64 ..)
[    5.566832] random 0025 0000 0000 386b4e60 ee4d4880: going to reseed nonblocking with 512 bits (512 of 0 requested)
[    5.566835] random 0025 0000 0000 386b4e60 ee4d4880: extract_entropy(.. 64 ..)
[    5.566837] random 0025 0000 0000 386b4e60 ee4d4880: trying to extract 512 bits from input
[    5.566839] random 0025 0000 0000 386b4e60 ee4d4880: debiting 0 entropy credits from input
[    5.566841] random 0025 0000 0000 386b4e60 ee4d4880: extract_entropy account returned: 0 
[    5.566844] random 0025 0000 0000 386b4e60 ee4d4880: urand_change_num 27 xfer_secondary_pool(64): pool_sig fffffea5, data_sig 00000000, bytes_mixed 0 386b4e60 ee4d4880
[    5.566847] random 0025 0000 0000 386b4e60 ee4d4880: trying to extract 512 bits from nonblocking
[    5.566849] random 0025 0000 0000 386b4e60 ee4d4880: debiting 512 entropy credits from nonblocking (unlimited)
[    5.566852] random 0025 0000 0000 386b4e60 ee4d4880: extract_entropy account returned: 64 
[    5.566856] random 0025 0000 0000 386b4e60 ee4d4880: urand_change_num 28 extract_buf: pool_sig fffffea5, data_sig 00000173, bytes_mixed 20 386b4e60 ee4d4880
[    5.566861] random 0025 0000 0000 412698f6 0cc8689a: urand_change_num 29 extract_buf: pool_sig 00000122, data_sig ffffff63, bytes_mixed 20 412698f6 0cc8689a
[    5.566867] random 0025 0000 0000 412698f6 0cc8689a: urand_change_num 30 extract_buf: pool_sig 000001f7, data_sig 00000012, bytes_mixed 20 412698f6 0cc8689a
[    5.566872] random 0025 0000 0000 9669941e 06f768b1: urand_change_num 31 extract_buf: pool_sig fffffb5b, data_sig 0000003f, bytes_mixed 20 9669941e 06f768b1
[    5.566877] random 0025 0000 0000 98486520 995551f0: urand_change_num 32 extract_buf: pool_sig fffffb39, data_sig 0000000e, bytes_mixed 20 98486520 995551f0
[    5.566882] random 0025 0000 0000 98486520 995551f0: urand_change_num 33 extract_buf: pool_sig fffffd8d, data_sig 000001a6, bytes_mixed 20 98486520 995551f0
[    5.566888] random 0025 0000 0000 61fc8914 d5882ed2: urand_change_num 34 extract_buf: pool_sig fffffa58, data_sig 0000023e, bytes_mixed 20 61fc8914 d5882ed2
[    5.566918] random 0025 0000 0000 61fc8914 d5882ed2: rand_read_num 8 get_random_bytes(64): sig fffff9ee 61fc8914 d5882ed2
[    5.566921] random 0025 0000 0000 61fc8914 d5882ed2: extract_entropy(.. 64 ..)
[    5.566923] random 0025 0000 0000 61fc8914 d5882ed2: going to reseed nonblocking with 512 bits (512 of 0 requested)
[    5.566925] random 0025 0000 0000 61fc8914 d5882ed2: extract_entropy(.. 64 ..)
[    5.566927] random 0025 0000 0000 61fc8914 d5882ed2: trying to extract 512 bits from input
[    5.566930] random 0025 0000 0000 61fc8914 d5882ed2: debiting 0 entropy credits from input
[    5.566931] random 0025 0000 0000 61fc8914 d5882ed2: extract_entropy account returned: 0 
[    5.566935] random 0025 0000 0000 61fc8914 d5882ed2: urand_change_num 35 xfer_secondary_pool(64): pool_sig fffff9ee, data_sig 00000000, bytes_mixed 0 61fc8914 d5882ed2
[    5.566938] random 0025 0000 0000 61fc8914 d5882ed2: trying to extract 512 bits from nonblocking
[    5.566940] random 0025 0000 0000 61fc8914 d5882ed2: debiting 512 entropy credits from nonblocking (unlimited)
[    5.566942] random 0025 0000 0000 61fc8914 d5882ed2: extract_entropy account returned: 64 
[    5.566946] random 0025 0000 0000 61fc8914 d5882ed2: urand_change_num 36 extract_buf: pool_sig fffff9ee, data_sig ffffff85, bytes_mixed 20 61fc8914 d5882ed2
[    5.566951] random 0025 0000 0000 70cfd302 e5edec11: urand_change_num 37 extract_buf: pool_sig fffffdc1, data_sig ffffffde, bytes_mixed 20 70cfd302 e5edec11
[    5.566957] random 0025 0000 0000 00dab838 eafd2b30: urand_change_num 38 extract_buf: pool_sig 000003da, data_sig ffffff61, bytes_mixed 20 00dab838 eafd2b30
[    5.566962] random 0025 0000 0000 00dab838 eafd2b30: urand_change_num 39 extract_buf: pool_sig 00000314, data_sig 00000121, bytes_mixed 20 00dab838 eafd2b30
[    5.566967] random 0025 0000 0000 5fcdf66a 6442b608: urand_change_num 40 extract_buf: pool_sig 0000028b, data_sig fffffefd, bytes_mixed 20 5fcdf66a 6442b608
[    5.566973] random 0025 0000 0000 61333f6b 8fae0f9b: urand_change_num 41 extract_buf: pool_sig 000000cb, data_sig 000000b3, bytes_mixed 20 61333f6b 8fae0f9b
[    5.566978] random 0025 0000 0000 61333f6b 8fae0f9b: urand_change_num 42 extract_buf: pool_sig fffffef8, data_sig 00000051, bytes_mixed 20 61333f6b 8fae0f9b
[    5.566981] BEGIN NET_SECRET:
[    5.566982] \xffffffe0
[    5.566982] \xffffffb6
[    5.566983] \x36
[    5.566984] \xffffffb5
[    5.566985] \xffffff94
[    5.566986] \xffffffb2
[    5.566987] \xffffffa8
[    5.566987] \xffffffda
[    5.566988] \x5b
[    5.566989] \x19
[    5.566990] \x18
[    5.566990] \x5c
[    5.566991] \x2b
[    5.566992] \x1
[    5.566993] \xffffff90
[    5.566994] \x19
[    5.566994] \x3c
[    5.566995] \xfffffff2
[    5.566996] \xffffff82
[    5.566997] \x2a
[    5.566997] \xffffffb3
[    5.566998] \xffffffa2
[    5.566999] \x3f
[    5.567000] \x5
[    5.567000] \x52
[    5.567001] \x77
[    5.567002] \x57
[    5.567003] \x79
[    5.567003] \x16
[    5.567004] \x43
[    5.567005] \xffffff84
[    5.567006] \xffffffc3
[    5.567006] \xffffffe9
[    5.567007] \x79
[    5.567008] \x50
[    5.567009] \xffffff8e
[    5.567009] \x3f
[    5.567010] \xfffffff3
[    5.567011] \x19
[    5.567012] \x2a
[    5.567012] \xfffffffd
[    5.567013] \xfffffffb
[    5.567014] \x62
[    5.567015] \x3c
[    5.567016] \xffffffac
[    5.567016] \x1c
[    5.567017] \x3b
[    5.567018] \x3b
[    5.567019] \x15
[    5.567019] \x27
[    5.567020] \xffffffa8
[    5.567021] \x22
[    5.567022] \xffffffc5
[    5.567022] \xffffff9a
[    5.567023] \x5
[    5.567024] \x6c
[    5.567025] \xffffffa8
[    5.567025] \x3a
[    5.567026] \x44
[    5.567027] \xffffffaf
[    5.567028] \x13
[    5.567029] \xffffffe0
[    5.567029] \xffffff9d
[    5.567030] \x22
[    5.567031] 
[    5.567031] END NET_SECRET
[    5.567034] random 0025 0000 0000 e7f555d9 e8ce5c3c: rand_read_num 9 get_random_bytes(4): sig 0000068c e7f555d9 e8ce5c3c
[    5.567036] random 0025 0000 0000 e7f555d9 e8ce5c3c: extract_entropy(.. 4 ..)
[    5.567039] random 0025 0000 0000 e7f555d9 e8ce5c3c: going to reseed nonblocking with 64 bits (32 of 0 requested)
[    5.567041] random 0025 0000 0000 e7f555d9 e8ce5c3c: extract_entropy(.. 8 ..)
[    5.567043] random 0025 0000 0000 e7f555d9 e8ce5c3c: trying to extract 64 bits from input
[    5.567045] random 0025 0000 0000 e7f555d9 e8ce5c3c: debiting 0 entropy credits from input
[    5.567047] random 0025 0000 0000 e7f555d9 e8ce5c3c: extract_entropy account returned: 0 
[    5.567050] random 0025 0000 0000 e7f555d9 e8ce5c3c: urand_change_num 43 xfer_secondary_pool(4): pool_sig 0000068c, data_sig 00000000, bytes_mixed 0 e7f555d9 e8ce5c3c
[    5.567053] random 0025 0000 0000 e7f555d9 e8ce5c3c: trying to extract 32 bits from nonblocking
[    5.567056] random 0025 0000 0000 e7f555d9 e8ce5c3c: debiting 32 entropy credits from nonblocking (unlimited)
[    5.567058] random 0025 0000 0000 e7f555d9 e8ce5c3c: extract_entropy account returned: 4 
[    5.567062] random 0025 0000 0000 e7f555d9 e8ce5c3c: urand_change_num 44 extract_buf: pool_sig 0000068c, data_sig fffffdcb, bytes_mixed 20 e7f555d9 e8ce5c3c
[    5.567073] md: Waiting for all devices to be available before autodetect
[    5.567154] md: If you don't use raid, use raid=noautodetect
[    5.567312] md: Autodetecting RAID arrays.
[    5.567396] md: Scanned 0 and added 0 devices.
[    5.567477] md: autorun ...
[    5.567564] md: ... autorun DONE.
[    5.581059] random 0025 0000 0000 e7f555d9 e8ce5c3c: add_disk_randomness(8:0) e7f555d9 e8ce5c3c
[    5.581063] random 0025 0000 0000 e7f555d9 e8ce5c3c: add_timer_randomness(.. 8388864) with jiffies: 7034459649713340821, cycles: 7034459645418668042
[    5.581065] random 0025 0000 0000 e7f555d9 e8ce5c3c: added 4 entropy credits to input
[    5.582183] random 0029 0000 0000 e7f555d9 e8ce5c3c: add_disk_randomness(8:0) e7f555d9 e8ce5c3c
[    5.582186] random 0029 0000 0000 e7f555d9 e8ce5c3c: add_timer_randomness(.. 8388864) with jiffies: 7044571106534719894, cycles: 7044571102240047114
[    5.582298] random 0029 0000 0000 e7f555d9 e8ce5c3c: add_disk_randomness(8:0) e7f555d9 e8ce5c3c
[    5.582301] random 0029 0000 0000 e7f555d9 e8ce5c3c: add_timer_randomness(.. 8388864) with jiffies: 7045606945272332694, cycles: 7045606940977659914
[    5.582306] EXT3-fs: sda2: couldn't mount because of unsupported optional features (240).
[    5.582523] random 0029 0000 0000 e7f555d9 e8ce5c3c: add_disk_randomness(8:0) e7f555d9 e8ce5c3c
[    5.582526] random 0029 0000 0000 e7f555d9 e8ce5c3c: add_timer_randomness(.. 8388864) with jiffies: 7047634423239115158, cycles: 7047634418944442378
[    5.582531] EXT2-fs: sda2: couldn't mount because of unsupported optional features (240).
[    5.582753] random 0029 0000 0000 e7f555d9 e8ce5c3c: add_disk_randomness(8:0) e7f555d9 e8ce5c3c
[    5.582756] random 0029 0000 0000 e7f555d9 e8ce5c3c: add_timer_randomness(.. 8388864) with jiffies: 7049692567272391063, cycles: 7049692562977718282
[    5.582887] random 0029 0000 0000 e7f555d9 e8ce5c3c: add_disk_randomness(8:0) e7f555d9 e8ce5c3c
[    5.582890] random 0029 0000 0000 e7f555d9 e8ce5c3c: add_timer_randomness(.. 8388864) with jiffies: 7050894316301681047, cycles: 7050894312007008266
[    5.583012] random 0029 0000 0000 e7f555d9 e8ce5c3c: add_disk_randomness(8:0) e7f555d9 e8ce5c3c
[    5.583015] random 0029 0000 0000 e7f555d9 e8ce5c3c: add_timer_randomness(.. 8388864) with jiffies: 7052028552740045207, cycles: 7052028548445372426
[    5.583129] random 0029 0000 0000 e7f555d9 e8ce5c3c: add_disk_randomness(8:0) e7f555d9 e8ce5c3c
[    5.583132] random 0029 0000 0000 e7f555d9 e8ce5c3c: add_timer_randomness(.. 8388864) with jiffies: 7053076520465301911, cycles: 7053076516170629130
[    5.583279] random 0029 0000 0000 e7f555d9 e8ce5c3c: add_disk_randomness(8:0) e7f555d9 e8ce5c3c
[    5.583282] random 0029 0000 0000 e7f555d9 e8ce5c3c: add_timer_randomness(.. 8388864) with jiffies: 7054435117405274519, cycles: 7054435113110601738
[    5.583400] random 0029 0000 0000 e7f555d9 e8ce5c3c: add_disk_randomness(8:0) e7f555d9 e8ce5c3c
[    5.583403] random 0029 0000 0000 e7f555d9 e8ce5c3c: add_timer_randomness(.. 8388864) with jiffies: 7055521645346914711, cycles: 7055521641052241930
[    5.583514] random 0029 0000 0000 e7f555d9 e8ce5c3c: add_disk_randomness(8:0) e7f555d9 e8ce5c3c
[    5.583517] random 0029 0000 0000 e7f555d9 e8ce5c3c: add_timer_randomness(.. 8388864) with jiffies: 7056550131100516759, cycles: 7056550126805843978
[    5.583635] random 0029 0000 0000 e7f555d9 e8ce5c3c: add_disk_randomness(8:0) e7f555d9 e8ce5c3c
[    5.583638] random 0029 0000 0000 e7f555d9 e8ce5c3c: add_timer_randomness(.. 8388864) with jiffies: 7057629439202132376, cycles: 7057629434907459594
[    5.583878] random 0029 0000 0000 e7f555d9 e8ce5c3c: rand_read_num 10 get_random_bytes(4): sig ffffff72 e7f555d9 e8ce5c3c
[    5.583880] random 0029 0000 0000 e7f555d9 e8ce5c3c: extract_entropy(.. 4 ..)
[    5.583883] random 0029 0000 0000 e7f555d9 e8ce5c3c: going to reseed nonblocking with 64 bits (32 of 0 requested)
[    5.583885] random 0029 0000 0000 e7f555d9 e8ce5c3c: extract_entropy(.. 8 ..)
[    5.583887] random 0029 0000 0000 e7f555d9 e8ce5c3c: trying to extract 64 bits from input
[    5.583889] random 0029 0000 0000 e7f555d9 e8ce5c3c: debiting 0 entropy credits from input
[    5.583891] random 0029 0000 0000 e7f555d9 e8ce5c3c: extract_entropy account returned: 0 
[    5.583894] random 0029 0000 0000 e7f555d9 e8ce5c3c: urand_change_num 45 xfer_secondary_pool(4): pool_sig ffffff72, data_sig 00000000, bytes_mixed 0 e7f555d9 e8ce5c3c
[    5.583897] random 0029 0000 0000 e7f555d9 e8ce5c3c: trying to extract 32 bits from nonblocking
[    5.583900] random 0029 0000 0000 e7f555d9 e8ce5c3c: debiting 32 entropy credits from nonblocking (unlimited)
[    5.583902] random 0029 0000 0000 e7f555d9 e8ce5c3c: extract_entropy account returned: 4 
[    5.583906] random 0029 0000 0000 e7f555d9 e8ce5c3c: urand_change_num 46 extract_buf: pool_sig ffffff72, data_sig ffffff72, bytes_mixed 20 e7f555d9 e8ce5c3c
[    5.595512] random 0029 0000 0000 91716c54 eeb6a1e7: add_disk_randomness(8:0) 91716c54 eeb6a1e7
[    5.595515] random 0029 0000 0000 91716c54 eeb6a1e7: add_timer_randomness(.. 8388864) with jiffies: 7164495406711931299, cycles: 7164495402417258506
[    5.595518] random 0029 0000 0000 91716c54 eeb6a1e7: added 3 entropy credits to input
[    5.613789] random 0032 0000 0000 91716c54 eeb6a1e7: add_disk_randomness(8:0) 91716c54 eeb6a1e7
[    5.613792] random 0032 0000 0000 91716c54 eeb6a1e7: add_timer_randomness(.. 8388864) with jiffies: 7328920361259205046, cycles: 7328920356964532234
[    5.613795] random 0032 0000 0000 91716c54 eeb6a1e7: added 1 entropy credits to input
[    5.618462] EXT4-fs (sda2): mounted filesystem with ordered data mode
[    5.618654] VFS: Mounted root (ext4 filesystem) readonly on device 8:2.
[    5.618758] Freeing unused kernel memory: 448k freed
[    5.638937] random 0033 0000 0000 91716c54 eeb6a1e7: add_disk_randomness(8:0) 91716c54 eeb6a1e7
[    5.638940] random 0033 0000 0000 91716c54 eeb6a1e7: add_timer_randomness(.. 8388864) with jiffies: 7555166435114975695, cycles: 7555166430820302858
[    5.638942] random 0033 0000 0000 91716c54 eeb6a1e7: added 1 entropy credits to input
[    5.639671] random 0034 0000 0000 91716c54 eeb6a1e7: add_disk_randomness(8:0) 91716c54 eeb6a1e7
[    5.639674] random 0034 0000 0000 91716c54 eeb6a1e7: add_timer_randomness(.. 8388864) with jiffies: 7561766945150435792, cycles: 7561766940855762954
[    5.644394] random 0034 0000 0000 91716c54 eeb6a1e7: add_disk_randomness(8:0) 91716c54 eeb6a1e7
[    5.644397] random 0034 0000 0000 91716c54 eeb6a1e7: add_timer_randomness(.. 8388864) with jiffies: 7604274129104765396, cycles: 7604274124810092554
[    5.644400] random 0034 0000 0000 91716c54 eeb6a1e7: added 1 entropy credits to input
[    5.652594] random 0035 0000 0000 91716c54 eeb6a1e7: add_disk_randomness(8:0) 91716c54 eeb6a1e7
[    5.652597] random 0035 0000 0000 91716c54 eeb6a1e7: add_timer_randomness(.. 8388864) with jiffies: 7678050143852790236, cycles: 7678050139558117386
[    5.656018] random 0035 0000 0000 91716c54 eeb6a1e7: add_disk_randomness(8:0) 91716c54 eeb6a1e7
[    5.656021] random 0035 0000 0000 91716c54 eeb6a1e7: add_timer_randomness(.. 8388864) with jiffies: 7708846588373467616, cycles: 7708846584078794762
[    5.656024] random 0035 0000 0000 91716c54 eeb6a1e7: added 2 entropy credits to input
[    5.664914] random 0037 0000 0000 91716c54 eeb6a1e7: add_disk_randomness(8:0) 91716c54 eeb6a1e7
[    5.664917] random 0037 0000 0000 91716c54 eeb6a1e7: add_timer_randomness(.. 8388864) with jiffies: 7788881096321237481, cycles: 7788881092026564618
[    5.664920] random 0037 0000 0000 91716c54 eeb6a1e7: added 2 entropy credits to input
[    5.669872] random 0039 0000 0000 91716c54 eeb6a1e7: add_disk_randomness(8:0) 91716c54 eeb6a1e7
[    5.669875] random 0039 0000 0000 91716c54 eeb6a1e7: add_timer_randomness(.. 8388864) with jiffies: 7833486200000971246, cycles: 7833486195706298378
[    5.669878] random 0039 0000 0000 91716c54 eeb6a1e7: added 2 entropy credits to input
[    5.677945] random 0041 0000 0000 91716c54 eeb6a1e7: add_disk_randomness(8:0) 91716c54 eeb6a1e7
[    5.677948] random 0041 0000 0000 91716c54 eeb6a1e7: add_timer_randomness(.. 8388864) with jiffies: 7906118688296370678, cycles: 7906118684001697802
[    5.677951] random 0041 0000 0000 91716c54 eeb6a1e7: added 1 entropy credits to input
[    5.677973] RANDOM get_random_int call with cycles 44790513527, jiffies 4294672886 and pid 1
[    5.677976] RANDOM get_random_int call with cycles 44790520520, jiffies 4294672886 and pid 1
[    5.677978] ASLR stack rand value: 315392 after shift for pid: 1
[    5.677980] RANDOM get_random_int call with cycles 44790528353, jiffies 4294672886 and pid 1
[    5.689595] random 0042 0000 0000 91716c54 eeb6a1e7: add_disk_randomness(8:0) 91716c54 eeb6a1e7
[    5.689598] random 0042 0000 0000 91716c54 eeb6a1e7: add_timer_randomness(.. 8388864) with jiffies: 8010940805424054785, cycles: 8010940801129381898
[    5.689612] RANDOM get_random_int call with cycles 44814892542, jiffies 4294672898 and pid 1
[    5.689615] random 0042 0000 0000 91716c54 eeb6a1e7: rand_read_num 11 get_random_bytes(16): sig fffffcad 91716c54 eeb6a1e7
[    5.689617] random 0042 0000 0000 91716c54 eeb6a1e7: extract_entropy(.. 16 ..)
[    5.689620] random 0042 0000 0000 91716c54 eeb6a1e7: going to reseed nonblocking with 128 bits (128 of 0 requested)
[    5.689622] random 0042 0000 0000 91716c54 eeb6a1e7: extract_entropy(.. 16 ..)
[    5.689624] random 0042 0000 0000 91716c54 eeb6a1e7: trying to extract 128 bits from input
[    5.689627] random 0042 0000 0000 91716c54 eeb6a1e7: debiting 0 entropy credits from input
[    5.689629] random 0042 0000 0000 91716c54 eeb6a1e7: extract_entropy account returned: 0 
[    5.689632] random 0042 0000 0000 91716c54 eeb6a1e7: urand_change_num 47 xfer_secondary_pool(16): pool_sig fffffcad, data_sig 00000000, bytes_mixed 0 91716c54 eeb6a1e7
[    5.689635] random 0042 0000 0000 91716c54 eeb6a1e7: trying to extract 128 bits from nonblocking
[    5.689637] random 0042 0000 0000 91716c54 eeb6a1e7: debiting 128 entropy credits from nonblocking (unlimited)
[    5.689639] random 0042 0000 0000 91716c54 eeb6a1e7: extract_entropy account returned: 16 
[    5.689644] random 0042 0000 0000 91716c54 eeb6a1e7: urand_change_num 48 extract_buf: pool_sig fffffcad, data_sig ffffff19, bytes_mixed 20 91716c54 eeb6a1e7
[    5.689649] random 0042 0000 0000 fd637b06 6cf47bc1: urand_change_num 49 extract_buf: pool_sig fffffede, data_sig ffffffc1, bytes_mixed 20 fd637b06 6cf47bc1
[    5.690609] random 0042 0000 0000 fd637b06 6cf47bc1: add_disk_randomness(8:0) fd637b06 6cf47bc1
[    5.690612] random 0042 0000 0000 fd637b06 6cf47bc1: add_timer_randomness(.. 8388864) with jiffies: 8020048760316592643, cycles: 8020048756021919754
[    5.690615] random 0042 0000 0000 fd637b06 6cf47bc1: added 1 entropy credits to input
[    5.691755] random 0043 0000 0000 fd637b06 6cf47bc1: add_disk_randomness(8:0) fd637b06 6cf47bc1
[    5.691758] random 0043 0000 0000 fd637b06 6cf47bc1: add_timer_randomness(.. 8388864) with jiffies: 8030361758478336516, cycles: 8030361754183663626
[    5.692895] random 0043 0000 0000 fd637b06 6cf47bc1: add_disk_randomness(8:0) fd637b06 6cf47bc1
[    5.692898] random 0043 0000 0000 fd637b06 6cf47bc1: add_timer_randomness(.. 8388864) with jiffies: 8040621361606656517, cycles: 8040621357311983626
[    5.693778] random 0043 0000 0000 fd637b06 6cf47bc1: add_disk_randomness(8:0) fd637b06 6cf47bc1
[    5.693781] random 0043 0000 0000 fd637b06 6cf47bc1: add_timer_randomness(.. 8388864) with jiffies: 8048560582883508742, cycles: 8048560578588835850
[    5.693952] random 0043 0000 0000 fd637b06 6cf47bc1: add_disk_randomness(8:0) fd637b06 6cf47bc1
[    5.693955] random 0043 0000 0000 fd637b06 6cf47bc1: add_timer_randomness(.. 8388864) with jiffies: 8050128520824455686, cycles: 8050128516529782794
[    5.694184] random 0043 0000 0000 fd637b06 6cf47bc1: add_disk_randomness(8:0) fd637b06 6cf47bc1
[    5.694187] random 0043 0000 0000 fd637b06 6cf47bc1: add_timer_randomness(.. 8388864) with jiffies: 8052217915039777286, cycles: 8052217910745104394
[    5.704665] random 0043 0000 0000 fd637b06 6cf47bc1: add_disk_randomness(8:0) fd637b06 6cf47bc1
[    5.704668] random 0043 0000 0000 fd637b06 6cf47bc1: add_timer_randomness(.. 8388864) with jiffies: 8146506105182978577, cycles: 8146506100888305674
[    5.704671] random 0043 0000 0000 fd637b06 6cf47bc1: added 3 entropy credits to input
[    5.705097] random 0046 0000 0000 fd637b06 6cf47bc1: add_disk_randomness(8:0) fd637b06 6cf47bc1
[    5.705100] random 0046 0000 0000 fd637b06 6cf47bc1: add_timer_randomness(.. 8388864) with jiffies: 8150396997660803601, cycles: 8150396993366130698
[    5.714839] random 0046 0000 0000 fd637b06 6cf47bc1: add_disk_randomness(8:0) fd637b06 6cf47bc1
[    5.714842] random 0046 0000 0000 fd637b06 6cf47bc1: add_timer_randomness(.. 8388864) with jiffies: 8238044854831776283, cycles: 8238044850537103370
[    5.714845] random 0046 0000 0000 fd637b06 6cf47bc1: added 3 entropy credits to input
[    5.714897] RANDOM get_random_int call with cycles 44867859120, jiffies 4294672923 and pid 1
[    5.719444] random 0049 0000 0000 fd637b06 6cf47bc1: add_disk_randomness(8:0) fd637b06 6cf47bc1
[    5.719448] random 0049 0000 0000 fd637b06 6cf47bc1: add_timer_randomness(.. 8388864) with jiffies: 8279488330005709343, cycles: 8279488325711036426
[    5.719451] random 0049 0000 0000 fd637b06 6cf47bc1: added 2 entropy credits to input
[    5.732274] random 0051 0000 0000 fd637b06 6cf47bc1: add_disk_randomness(8:0) fd637b06 6cf47bc1
[    5.732277] random 0051 0000 0000 fd637b06 6cf47bc1: add_timer_randomness(.. 8388864) with jiffies: 8394905031940997676, cycles: 8394905027646324746
[    5.732279] random 0051 0000 0000 fd637b06 6cf47bc1: added 3 entropy credits to input
[    5.732410] random 0054 0000 0000 fd637b06 6cf47bc1: add_disk_randomness(8:0) fd637b06 6cf47bc1
[    5.732413] random 0054 0000 0000 fd637b06 6cf47bc1: add_timer_randomness(.. 8388864) with jiffies: 8396132078327661100, cycles: 8396132074032988170
[    5.734576] random 0054 0000 0000 fd637b06 6cf47bc1: add_disk_randomness(8:0) fd637b06 6cf47bc1
[    5.734579] random 0054 0000 0000 fd637b06 6cf47bc1: add_timer_randomness(.. 8388864) with jiffies: 8415623069413638702, cycles: 8415623065118965770
[    5.734582] random 0054 0000 0000 fd637b06 6cf47bc1: added 1 entropy credits to input
[    5.734822] random 0055 0000 0000 fd637b06 6cf47bc1: add_disk_randomness(8:0) fd637b06 6cf47bc1
[    5.734825] random 0055 0000 0000 fd637b06 6cf47bc1: add_timer_randomness(.. 8388864) with jiffies: 8417822865763303983, cycles: 8417822861468631050
[    5.735000] random 0055 0000 0000 fd637b06 6cf47bc1: add_disk_randomness(8:0) fd637b06 6cf47bc1
[    5.735003] random 0055 0000 0000 fd637b06 6cf47bc1: add_timer_randomness(.. 8388864) with jiffies: 8419431120562258479, cycles: 8419431116267585546
[    5.738130] random 0055 0000 0000 fd637b06 6cf47bc1: add_disk_randomness(8:0) fd637b06 6cf47bc1
[    5.738133] random 0055 0000 0000 fd637b06 6cf47bc1: add_timer_randomness(.. 8388864) with jiffies: 8447588612622221874, cycles: 8447588608327548938
[    5.738135] random 0055 0000 0000 fd637b06 6cf47bc1: added 1 entropy credits to input
[    5.740138] random 0056 0000 0000 fd637b06 6cf47bc1: add_disk_randomness(8:0) fd637b06 6cf47bc1
[    5.740141] random 0056 0000 0000 fd637b06 6cf47bc1: add_timer_randomness(.. 8388864) with jiffies: 8465654937286312500, cycles: 8465654932991639562
[    5.747972] random 0056 0000 0000 fd637b06 6cf47bc1: add_disk_randomness(8:0) fd637b06 6cf47bc1
[    5.747975] random 0056 0000 0000 fd637b06 6cf47bc1: add_timer_randomness(.. 8388864) with jiffies: 8536139357818159676, cycles: 8536139353523486730
[    5.747978] random 0056 0000 0000 fd637b06 6cf47bc1: added 2 entropy credits to input
[    5.748109] random 0058 0000 0000 fd637b06 6cf47bc1: add_disk_randomness(8:0) fd637b06 6cf47bc1
[    5.748112] random 0058 0000 0000 fd637b06 6cf47bc1: add_timer_randomness(.. 8388864) with jiffies: 8537367400637235772, cycles: 8537367396342562826
[    5.751672] random 0058 0000 0000 fd637b06 6cf47bc1: add_disk_randomness(8:0) fd637b06 6cf47bc1
[    5.751675] random 0058 0000 0000 fd637b06 6cf47bc1: add_timer_randomness(.. 8388864) with jiffies: 8569415196764504640, cycles: 8569415192469831690
[    5.751677] random 0058 0000 0000 fd637b06 6cf47bc1: added 2 entropy credits to input
[    5.756168] random 0060 0000 0000 fd637b06 6cf47bc1: add_disk_randomness(8:0) fd637b06 6cf47bc1
[    5.756171] random 0060 0000 0000 fd637b06 6cf47bc1: add_timer_randomness(.. 8388864) with jiffies: 8609876412917842500, cycles: 8609876408623169546
[    5.761746] random 0060 0000 0000 fd637b06 6cf47bc1: add_disk_randomness(8:0) fd637b06 6cf47bc1
[    5.761749] random 0060 0000 0000 fd637b06 6cf47bc1: add_timer_randomness(.. 8388864) with jiffies: 8660054348333285962, cycles: 8660054344038613002
[    5.761752] random 0060 0000 0000 fd637b06 6cf47bc1: added 1 entropy credits to input
[    5.768027] random 0061 0000 0000 fd637b06 6cf47bc1: add_disk_randomness(8:0) fd637b06 6cf47bc1
[    5.768030] random 0061 0000 0000 fd637b06 6cf47bc1: add_timer_randomness(.. 8388864) with jiffies: 8716568030525227600, cycles: 8716568026230554634
[    5.768044] random 0061 0000 0000 fd637b06 6cf47bc1: rand_read_num 12 get_random_bytes(16): sig 0000033b fd637b06 6cf47bc1
[    5.768046] random 0061 0000 0000 fd637b06 6cf47bc1: extract_entropy(.. 16 ..)
[    5.768049] random 0061 0000 0000 fd637b06 6cf47bc1: going to reseed nonblocking with 128 bits (128 of 0 requested)
[    5.768051] random 0061 0000 0000 fd637b06 6cf47bc1: extract_entropy(.. 16 ..)
[    5.768053] random 0061 0000 0000 fd637b06 6cf47bc1: trying to extract 128 bits from input
[    5.768055] random 0061 0000 0000 fd637b06 6cf47bc1: debiting 0 entropy credits from input
[    5.768057] random 0061 0000 0000 fd637b06 6cf47bc1: extract_entropy account returned: 0 
[    5.768060] random 0061 0000 0000 fd637b06 6cf47bc1: urand_change_num 50 xfer_secondary_pool(16): pool_sig 0000033b, data_sig 00000000, bytes_mixed 0 fd637b06 6cf47bc1
[    5.768063] random 0061 0000 0000 fd637b06 6cf47bc1: trying to extract 128 bits from nonblocking
[    5.768066] random 0061 0000 0000 fd637b06 6cf47bc1: debiting 128 entropy credits from nonblocking (unlimited)
[    5.768068] random 0061 0000 0000 fd637b06 6cf47bc1: extract_entropy account returned: 16 
[    5.768072] random 0061 0000 0000 fd637b06 6cf47bc1: urand_change_num 51 extract_buf: pool_sig 0000033b, data_sig 000000d8, bytes_mixed 20 fd637b06 6cf47bc1
[    5.768078] random 0061 0000 0000 0ec1f012 d4727ca8: urand_change_num 52 extract_buf: pool_sig fffffcf5, data_sig 00000016, bytes_mixed 20 0ec1f012 d4727ca8
[    5.774771] random 0061 0000 0000 45b1d0b1 845a73f7: add_disk_randomness(8:0) 45b1d0b1 845a73f7
[    5.774774] random 0061 0000 0000 45b1d0b1 845a73f7: add_timer_randomness(.. 8388864) with jiffies: 8777237505892909655, cycles: 8777237501598236682
[    5.781994] random 0061 0000 0000 45b1d0b1 845a73f7: add_disk_randomness(8:0) 45b1d0b1 845a73f7
[    5.781997] random 0061 0000 0000 45b1d0b1 845a73f7: add_timer_randomness(.. 8388864) with jiffies: 8842221065456026206, cycles: 8842221061161353226
[    5.791648] random 0061 0000 0000 45b1d0b1 845a73f7: add_disk_randomness(8:0) 45b1d0b1 845a73f7
[    5.791651] random 0061 0000 0000 45b1d0b1 845a73f7: add_timer_randomness(.. 8388864) with jiffies: 8929076204808143464, cycles: 8929076200513470474
[    5.791654] random 0061 0000 0000 45b1d0b1 845a73f7: added 1 entropy credits to input
[    5.799419] random 0062 0000 0000 45b1d0b1 845a73f7: add_disk_randomness(8:0) 45b1d0b1 845a73f7
[    5.799422] random 0062 0000 0000 45b1d0b1 845a73f7: add_timer_randomness(.. 8388864) with jiffies: 8998995557967692399, cycles: 8998995553673019402
[    5.799424] random 0062 0000 0000 45b1d0b1 845a73f7: added 1 entropy credits to input
[    5.802555] random 0063 0000 0000 45b1d0b1 845a73f7: add_disk_randomness(8:0) 45b1d0b1 845a73f7
[    5.802559] random 0063 0000 0000 45b1d0b1 845a73f7: add_timer_randomness(.. 8388864) with jiffies: 9027219931258389106, cycles: 9027219926963716106
[    5.816832] random 0063 0000 0000 45b1d0b1 845a73f7: add_disk_randomness(8:0) 45b1d0b1 845a73f7
[    5.816836] random 0063 0000 0000 45b1d0b1 845a73f7: add_timer_randomness(.. 8388864) with jiffies: 9155656315450393217, cycles: 9155656311155720202
[    5.816838] random 0063 0000 0000 45b1d0b1 845a73f7: added 3 entropy credits to input
[    5.822226] random 0066 0000 0000 45b1d0b1 845a73f7: add_disk_randomness(8:0) 45b1d0b1 845a73f7
[    5.822229] random 0066 0000 0000 45b1d0b1 845a73f7: add_timer_randomness(.. 8388864) with jiffies: 9204185773698155142, cycles: 9204185769403482122
[    5.822232] random 0066 0000 0000 45b1d0b1 845a73f7: added 2 entropy credits to input
[    5.827396] random 0068 0000 0000 45b1d0b1 845a73f7: add_disk_randomness(8:0) 45b1d0b1 845a73f7
[    5.827399] random 0068 0000 0000 45b1d0b1 845a73f7: add_timer_randomness(.. 8388864) with jiffies: 9250701777047356043, cycles: -9196042300956868598
[    5.835630] random 0068 0000 0000 45b1d0b1 845a73f7: add_disk_randomness(8:0) 45b1d0b1 845a73f7
[    5.835633] random 0068 0000 0000 45b1d0b1 845a73f7: add_timer_randomness(.. 8388864) with jiffies: 9324768535311516308, cycles: -9121975542692708342
[    5.835636] random 0068 0000 0000 45b1d0b1 845a73f7: added 2 entropy credits to input
[    5.845239] random 0070 0000 0000 45b1d0b1 845a73f7: add_disk_randomness(8:0) 45b1d0b1 845a73f7
[    5.845242] random 0070 0000 0000 45b1d0b1 845a73f7: add_timer_randomness(.. 8388864) with jiffies: 9411228352988807837, cycles: -9035515725015416822
[    5.864737] random 0070 0000 0000 45b1d0b1 845a73f7: add_disk_randomness(8:0) 45b1d0b1 845a73f7
[    5.864740] random 0070 0000 0000 45b1d0b1 845a73f7: add_timer_randomness(.. 8388864) with jiffies: 9586641002110354097, cycles: -8860103075893870582
[    5.864743] random 0070 0000 0000 45b1d0b1 845a73f7: added 3 entropy credits to input
[    5.878017] random 0073 0000 0000 45b1d0b1 845a73f7: add_disk_randomness(8:0) 45b1d0b1 845a73f7
[    5.878020] random 0073 0000 0000 45b1d0b1 845a73f7: add_timer_randomness(.. 8388864) with jiffies: 9706122130382095038, cycles: -8740621947622129654
[    5.878023] random 0073 0000 0000 45b1d0b1 845a73f7: added 2 entropy credits to input
[    5.886039] random 0075 0000 0000 45b1d0b1 845a73f7: add_disk_randomness(8:0) 45b1d0b1 845a73f7
[    5.886042] random 0075 0000 0000 45b1d0b1 845a73f7: add_timer_randomness(.. 8388864) with jiffies: 9778296839588250310, cycles: -8668447238415974390
[    5.886045] random 0075 0000 0000 45b1d0b1 845a73f7: added 1 entropy credits to input
[    5.896054] random 0076 0000 0000 45b1d0b1 845a73f7: add_disk_randomness(8:0) 45b1d0b1 845a73f7
[    5.896058] random 0076 0000 0000 45b1d0b1 845a73f7: add_timer_randomness(.. 8388864) with jiffies: 9868402985715598032, cycles: -8578341092288626678
[    5.896060] random 0076 0000 0000 45b1d0b1 845a73f7: added 1 entropy credits to input
[    5.908939] random 0077 0000 0000 45b1d0b1 845a73f7: add_disk_randomness(8:0) 45b1d0b1 845a73f7
[    5.908942] random 0077 0000 0000 45b1d0b1 845a73f7: add_timer_randomness(.. 8388864) with jiffies: 9984322881724318429, cycles: -8462421196279906294
[    5.916297] random 0077 0000 0000 45b1d0b1 845a73f7: add_disk_randomness(8:0) 45b1d0b1 845a73f7
[    5.916300] random 0077 0000 0000 45b1d0b1 845a73f7: add_timer_randomness(.. 8388864) with jiffies: 10050521225542468324, cycles: -8396222852461756406
[    5.916302] random 0077 0000 0000 45b1d0b1 845a73f7: added 2 entropy credits to input
[    5.921549] random 0079 0000 0000 45b1d0b1 845a73f7: add_disk_randomness(8:0) 45b1d0b1 845a73f7
[    5.921552] random 0079 0000 0000 45b1d0b1 845a73f7: add_timer_randomness(.. 8388864) with jiffies: 10097776100705534697, cycles: -8348967977298690038
[    5.921554] random 0079 0000 0000 45b1d0b1 845a73f7: added 1 entropy credits to input
[    5.927982] random 0080 0000 0000 45b1d0b1 845a73f7: add_disk_randomness(8:0) 45b1d0b1 845a73f7
[    5.927985] random 0080 0000 0000 45b1d0b1 845a73f7: add_timer_randomness(.. 8388864) with jiffies: 10155645356180472560, cycles: -8291098721823752182
[    5.927988] random 0080 0000 0000 45b1d0b1 845a73f7: added 1 entropy credits to input
[    5.933038] random 0081 0000 0000 45b1d0b1 845a73f7: add_disk_randomness(8:0) 45b1d0b1 845a73f7
[    5.933041] random 0081 0000 0000 45b1d0b1 845a73f7: add_timer_randomness(.. 8388864) with jiffies: 10201134364129723125, cycles: -8245609713874501622
[    5.933044] random 0081 0000 0000 45b1d0b1 845a73f7: added 1 entropy credits to input
[    5.938939] random 0082 0000 0000 45b1d0b1 845a73f7: add_disk_randomness(8:0) 45b1d0b1 845a73f7
[    5.938942] random 0082 0000 0000 45b1d0b1 845a73f7: add_timer_randomness(.. 8388864) with jiffies: 10254227469942620923, cycles: -8192516608061603830
[    5.948293] random 0082 0000 0000 45b1d0b1 845a73f7: add_disk_randomness(8:0) 45b1d0b1 845a73f7
[    5.948296] random 0082 0000 0000 45b1d0b1 845a73f7: add_timer_randomness(.. 8388864) with jiffies: 10338389003375182596, cycles: -8108355074629042166
[    5.948299] random 0082 0000 0000 45b1d0b1 845a73f7: added 1 entropy credits to input
[    5.953168] random 0083 0000 0000 45b1d0b1 845a73f7: add_disk_randomness(8:0) 45b1d0b1 845a73f7
[    5.953171] random 0083 0000 0000 45b1d0b1 845a73f7: add_timer_randomness(.. 8388864) with jiffies: 10382245447010583305, cycles: -8064498630993641462
[    5.953174] random 0083 0000 0000 45b1d0b1 845a73f7: added 2 entropy credits to input
[    5.960605] random 0085 0000 0000 45b1d0b1 845a73f7: add_disk_randomness(8:0) 45b1d0b1 845a73f7
[    5.960608] random 0085 0000 0000 45b1d0b1 845a73f7: add_timer_randomness(.. 8388864) with jiffies: 10449145498290586385, cycles: -7997598579713638390
[    5.960611] random 0085 0000 0000 45b1d0b1 845a73f7: added 1 entropy credits to input
[    5.966820] random 0086 0000 0000 45b1d0b1 845a73f7: add_disk_randomness(8:0) 45b1d0b1 845a73f7
[    5.966823] random 0086 0000 0000 45b1d0b1 845a73f7: add_timer_randomness(.. 8388864) with jiffies: 10505061780596425495, cycles: -7941682297407799286
[    5.966826] random 0086 0000 0000 45b1d0b1 845a73f7: added 1 entropy credits to input
[    5.966977] random 0087 0000 0000 45b1d0b1 845a73f7: add_disk_randomness(8:0) 45b1d0b1 845a73f7
[    5.966980] random 0087 0000 0000 45b1d0b1 845a73f7: add_timer_randomness(.. 8388864) with jiffies: 10506478823451362071, cycles: -7940265254552862710
[    5.981386] random 0087 0000 0000 45b1d0b1 845a73f7: add_disk_randomness(8:0) 45b1d0b1 845a73f7
[    5.981389] random 0087 0000 0000 45b1d0b1 845a73f7: add_timer_randomness(.. 8388864) with jiffies: 10636116956672656165, cycles: -7810627121331568630
[    5.981392] random 0087 0000 0000 45b1d0b1 845a73f7: added 3 entropy credits to input
[    5.988807] random 0090 0000 0000 45b1d0b1 845a73f7: add_disk_randomness(8:0) 45b1d0b1 845a73f7
[    5.988810] random 0090 0000 0000 45b1d0b1 845a73f7: add_timer_randomness(.. 8388864) with jiffies: 10702872022741648173, cycles: -7743872055262576630
[    5.988812] random 0090 0000 0000 45b1d0b1 845a73f7: added 2 entropy credits to input
[    5.998487] random 0092 0000 0000 45b1d0b1 845a73f7: add_disk_randomness(8:0) 45b1d0b1 845a73f7
[    5.998490] random 0092 0000 0000 45b1d0b1 845a73f7: add_timer_randomness(.. 8388864) with jiffies: 10789973259424858934, cycles: -7656770818579365878
[    6.009115] random 0092 0000 0000 45b1d0b1 845a73f7: add_disk_randomness(8:0) 45b1d0b1 845a73f7
[    6.009119] random 0092 0000 0000 45b1d0b1 845a73f7: add_timer_randomness(.. 8388864) with jiffies: 10885589062613959489, cycles: -7561155015390265334
[    6.021637] random 0092 0000 0000 45b1d0b1 845a73f7: add_disk_randomness(8:0) 45b1d0b1 845a73f7
[    6.021640] random 0092 0000 0000 45b1d0b1 845a73f7: add_timer_randomness(.. 8388864) with jiffies: 10998235940140057422, cycles: -7448508137864167414
[    6.022847] random 0092 0000 0000 45b1d0b1 845a73f7: add_disk_randomness(8:0) 45b1d0b1 845a73f7
[    6.022850] random 0092 0000 0000 45b1d0b1 845a73f7: add_timer_randomness(.. 8388864) with jiffies: 11009124786042012495, cycles: -7437619291962212342
[    6.026861] random 0092 0000 0000 45b1d0b1 845a73f7: add_disk_randomness(8:0) 45b1d0b1 845a73f7
[    6.026864] random 0092 0000 0000 45b1d0b1 845a73f7: add_timer_randomness(.. 8388864) with jiffies: 11045234620503917395, cycles: -7401509457500307446
[    6.026866] random 0092 0000 0000 45b1d0b1 845a73f7: added 1 entropy credits to input
[    6.036200] random 0093 0000 0000 45b1d0b1 845a73f7: add_disk_randomness(8:0) 45b1d0b1 845a73f7
[    6.036203] random 0093 0000 0000 45b1d0b1 845a73f7: add_timer_randomness(.. 8388864) with jiffies: 11129266587658060636, cycles: -7317477490346164214
[    6.036206] random 0093 0000 0000 45b1d0b1 845a73f7: added 1 entropy credits to input
[    6.036546] random 0094 0000 0000 45b1d0b1 845a73f7: add_disk_randomness(8:0) 45b1d0b1 845a73f7
[    6.036549] random 0094 0000 0000 45b1d0b1 845a73f7: add_timer_randomness(.. 8388864) with jiffies: 11132384605065937756, cycles: -7314359472938287094
[    6.052212] random 0094 0000 0000 45b1d0b1 845a73f7: add_disk_randomness(8:0) 45b1d0b1 845a73f7
[    6.052215] random 0094 0000 0000 45b1d0b1 845a73f7: add_timer_randomness(.. 8388864) with jiffies: 11273319984039428972, cycles: -7173424093964795894
[    6.052218] random 0094 0000 0000 45b1d0b1 845a73f7: added 4 entropy credits to input
[    6.053843] random 0098 0000 0000 45b1d0b1 845a73f7: add_disk_randomness(8:0) 45b1d0b1 845a73f7
[    6.053846] random 0098 0000 0000 45b1d0b1 845a73f7: add_timer_randomness(.. 8388864) with jiffies: 11287986614455468910, cycles: -7158757463548755958
[    6.053848] random 0098 0000 0000 45b1d0b1 845a73f7: added 1 entropy credits to input
[    6.054001] random 0099 0000 0000 45b1d0b1 845a73f7: add_disk_randomness(8:0) 45b1d0b1 845a73f7
[    6.054004] random 0099 0000 0000 45b1d0b1 845a73f7: add_timer_randomness(.. 8388864) with jiffies: 11289412002431861614, cycles: -7157332075572363254
[    6.064863] random 0099 0000 0000 45b1d0b1 845a73f7: add_disk_randomness(8:0) 45b1d0b1 845a73f7
[    6.064866] random 0099 0000 0000 45b1d0b1 845a73f7: add_timer_randomness(.. 8388864) with jiffies: 11387137313168130937, cycles: -7059606764836093942
[    6.064869] random 0099 0000 0000 45b1d0b1 845a73f7: added 3 entropy credits to input
[    6.065429] random 0102 0000 0000 45b1d0b1 845a73f7: add_disk_randomness(8:0) 45b1d0b1 845a73f7
[    6.065432] random 0102 0000 0000 45b1d0b1 845a73f7: add_timer_randomness(.. 8388864) with jiffies: 11392235366334038905, cycles: -7054508711670185974
[    6.070663] random 0102 0000 0000 45b1d0b1 845a73f7: add_disk_randomness(8:0) 45b1d0b1 845a73f7
[    6.070666] random 0102 0000 0000 45b1d0b1 845a73f7: add_timer_randomness(.. 8388864) with jiffies: 11439313641031828351, cycles: -7007430436972396534
[    6.070669] random 0102 0000 0000 45b1d0b1 845a73f7: added 2 entropy credits to input
[    6.072418] random 0104 0000 0000 45b1d0b1 845a73f7: add_disk_randomness(8:0) 45b1d0b1 845a73f7
[    6.072421] random 0104 0000 0000 45b1d0b1 845a73f7: add_timer_randomness(.. 8388864) with jiffies: 11455110139904492416, cycles: -6991633938099732470
[    6.082645] random 0104 0000 0000 45b1d0b1 845a73f7: add_disk_randomness(8:0) 45b1d0b1 845a73f7
[    6.082648] random 0104 0000 0000 45b1d0b1 845a73f7: add_timer_randomness(.. 8388864) with jiffies: 11547109735249183627, cycles: -6899634342755041270
[    6.082651] random 0104 0000 0000 45b1d0b1 845a73f7: added 3 entropy credits to input
[    6.096587] random 0107 0000 0000 45b1d0b1 845a73f7: add_disk_randomness(8:0) 45b1d0b1 845a73f7
[    6.096590] random 0107 0000 0000 45b1d0b1 845a73f7: add_timer_randomness(.. 8388864) with jiffies: 11672543284466254745, cycles: -6774200793537970166
[    6.096593] random 0107 0000 0000 45b1d0b1 845a73f7: added 1 entropy credits to input
