[    0.000000] random 0000 0000 0000 00000000 00000000: rand_read_num 1 get_random_bytes(8): sig 00000000 00000000 00000000
[    0.000000] random 0000 0000 0000 00000000 00000000: extract_entropy(.. 8 ..)
[    0.000000] random 0000 0000 0000 00000000 00000000: going to reseed nonblocking with 64 bits (64 of 0 requested)
[    0.000000] random 0000 0000 0000 00000000 00000000: extract_entropy(.. 8 ..)
[    0.000000] random 0000 0000 0000 00000000 00000000: trying to extract 64 bits from input
[    0.000000] random 0000 0000 0000 00000000 00000000: debiting 0 entropy credits from input
[    0.000000] random 0000 0000 0000 00000000 00000000: extract_entropy account returned: 0 
[    0.000000] random 0000 0000 0000 00000000 00000000: urand_change_num 1 xfer_secondary_pool(8): pool_sig 00000000, data_sig 00000000, bytes_mixed 0 00000000 00000000
[    0.000000] random 0000 0000 0000 00000000 00000000: trying to extract 64 bits from nonblocking
[    0.000000] random 0000 0000 0000 00000000 00000000: debiting 64 entropy credits from nonblocking (unlimited)
[    0.000000] random 0000 0000 0000 00000000 00000000: extract_entropy account returned: 8 
[    0.000000] random 0000 0000 0000 00000000 00000000: urand_change_num 2 extract_buf: pool_sig 00000000, data_sig fffffff9, bytes_mixed 20 00000000 00000000
[    0.000000] Linux version 2.6.32.57 (dcashman@dcashman-02) (gcc version 4.3.3 (GCC) ) #6 Thu May 30 09:02:12 PDT 2013
[    0.000000] KERNEL supported cpus:
[    0.000000]   Intel GenuineIntel
[    0.000000]   AMD AuthenticAMD
[    0.000000]   NSC Geode by NSC
[    0.000000]   Cyrix CyrixInstead
[    0.000000]   Centaur CentaurHauls
[    0.000000]   Transmeta GenuineTMx86
[    0.000000]   Transmeta TransmetaCPU
[    0.000000]   UMC UMC UMC UMC
[    0.000000] BIOS-provided physical RAM map:
[    0.000000]  BIOS-e820: 0000000000000000 - 000000000009d800 (usable)
[    0.000000]  BIOS-e820: 000000000009d800 - 00000000000a0000 (reserved)
[    0.000000]  BIOS-e820: 00000000000d2000 - 00000000000d4000 (reserved)
[    0.000000]  BIOS-e820: 00000000000e0000 - 0000000000100000 (reserved)
[    0.000000]  BIOS-e820: 0000000000100000 - 000000003d6b0000 (usable)
[    0.000000]  BIOS-e820: 000000003d6b0000 - 000000003d6cc000 (ACPI data)
[    0.000000]  BIOS-e820: 000000003d6cc000 - 000000003d700000 (ACPI NVS)
[    0.000000]  BIOS-e820: 000000003d700000 - 000000003e000000 (reserved)
[    0.000000]  BIOS-e820: 00000000f0000000 - 00000000f4000000 (reserved)
[    0.000000]  BIOS-e820: 00000000fec00000 - 00000000fec10000 (reserved)
[    0.000000]  BIOS-e820: 00000000fed00000 - 00000000fed00400 (reserved)
[    0.000000]  BIOS-e820: 00000000fed14000 - 00000000fed1a000 (reserved)
[    0.000000]  BIOS-e820: 00000000fed1c000 - 00000000fed90000 (reserved)
[    0.000000]  BIOS-e820: 00000000fee00000 - 00000000fee01000 (reserved)
[    0.000000]  BIOS-e820: 00000000ff000000 - 0000000100000000 (reserved)
[    0.000000] DMI present.
[    0.000000] last_pfn = 0x3d6b0 max_arch_pfn = 0x100000
[    0.000000] MTRR default type: uncachable
[    0.000000] MTRR fixed ranges enabled:
[    0.000000]   00000-9FFFF write-back
[    0.000000]   A0000-BFFFF uncachable
[    0.000000]   C0000-CFFFF write-protect
[    0.000000]   D0000-DFFFF uncachable
[    0.000000]   E0000-FFFFF write-protect
[    0.000000] MTRR variable ranges enabled:
[    0.000000]   0 base 03E000000 mask FFE000000 uncachable
[    0.000000]   1 base 000000000 mask FC0000000 write-back
[    0.000000]   2 base 03D700000 mask FFFF00000 uncachable
[    0.000000]   3 base 03D800000 mask FFF800000 uncachable
[    0.000000]   4 disabled
[    0.000000]   5 disabled
[    0.000000]   6 disabled
[    0.000000]   7 disabled
[    0.000000] initial memory mapped : 0 - 02000000
[    0.000000] init_memory_mapping: 0000000000000000-00000000377fe000
[    0.000000]  0000000000 - 0000400000 page 4k
[    0.000000]  0000400000 - 0037400000 page 2M
[    0.000000]  0037400000 - 00377fe000 page 4k
[    0.000000] kernel direct mapping tables up to 377fe000 @ 7000-c000
[    0.000000] ACPI: RSDP 000f68d0 00024 (v02 LENOVO)
[    0.000000] ACPI: XSDT 3d6bb77f 00094 (v01 LENOVO TP-7L    00002170  LTP 00000000)
[    0.000000] ACPI: FACP 3d6bb900 000F4 (v03 LENOVO TP-7L    00002170 LNVO 00000001)
[    0.000000] ACPI Warning: 32/64X length mismatch in Gpe1Block: 0/32 (20090903/tbfadt-526)
[    0.000000] ACPI Warning: Optional field Gpe1Block has zero address or length: 000000000000102C/0 (20090903/tbfadt-557)
[    0.000000] ACPI: DSDT 3d6bbd1d 0FED1 (v01 LENOVO TP-7L    00002170 MSFT 03000000)
[    0.000000] ACPI: FACS 3d6e4000 00040
[    0.000000] ACPI: SSDT 3d6bbab4 00269 (v01 LENOVO TP-7L    00002170 MSFT 03000000)
[    0.000000] ACPI: ECDT 3d6cbbee 00052 (v01 LENOVO TP-7L    00002170 LNVO 00000001)
[    0.000000] ACPI: TCPA 3d6cbc40 00032 (v02 LENOVO TP-7L    00002170 LNVO 00000001)
[    0.000000] ACPI: APIC 3d6cbc72 00068 (v01 LENOVO TP-7L    00002170 LNVO 00000001)
[    0.000000] ACPI: MCFG 3d6cbcda 0003C (v01 LENOVO TP-7L    00002170 LNVO 00000001)
[    0.000000] ACPI: HPET 3d6cbd16 00038 (v01 LENOVO TP-7L    00002170 LNVO 00000001)
[    0.000000] ACPI: SLIC 3d6cbdf0 00176 (v01 LENOVO TP-7L    00002170  LTP 00000000)
[    0.000000] ACPI: BOOT 3d6cbf66 00028 (v01 LENOVO TP-7L    00002170  LTP 00000001)
[    0.000000] ACPI: ASF! 3d6cbf8e 00072 (v16 LENOVO TP-7L    00002170 PTL  00000001)
[    0.000000] ACPI: SSDT 3d6e26d9 0025F (v01 LENOVO TP-7L    00002170 INTL 20050513)
[    0.000000] ACPI: SSDT 3d6e2938 000A6 (v01 LENOVO TP-7L    00002170 INTL 20050513)
[    0.000000] ACPI: SSDT 3d6e29de 004F7 (v01 LENOVO TP-7L    00002170 INTL 20050513)
[    0.000000] ACPI: SSDT 3d6e2ed5 001D8 (v01 LENOVO TP-7L    00002170 INTL 20050513)
[    0.000000] ACPI: DMI detected: Lenovo ThinkPad R61
[    0.000000] ACPI: Added _OSI(Linux)
[    0.000000] ACPI: Local APIC address 0xfee00000
[    0.000000] 94MB HIGHMEM available.
[    0.000000] 887MB LOWMEM available.
[    0.000000]   mapped low ram: 0 - 377fe000
[    0.000000]   low ram: 0 - 377fe000
[    0.000000]   node 0 low ram: 00000000 - 377fe000
[    0.000000]   node 0 bootmap 00008000 - 0000ef00
[    0.000000] (6 early reservations) ==> bootmem [0000000000 - 00377fe000]
[    0.000000]   #0 [0000000000 - 0000001000]   BIOS data page ==> [0000000000 - 0000001000]
[    0.000000]   #1 [0001000000 - 0001bdc180]    TEXT DATA BSS ==> [0001000000 - 0001bdc180]
[    0.000000]   #2 [000009d800 - 0000100000]    BIOS reserved ==> [000009d800 - 0000100000]
[    0.000000]   #3 [0001bdd000 - 0001be516c]              BRK ==> [0001bdd000 - 0001be516c]
[    0.000000]   #4 [0000007000 - 0000008000]          PGTABLE ==> [0000007000 - 0000008000]
[    0.000000]   #5 [0000008000 - 000000f000]          BOOTMAP ==> [0000008000 - 000000f000]
[    0.000000] found SMP MP-table at [c00f6900] f6900
[    0.000000] Zone PFN ranges:
[    0.000000]   DMA      0x00000000 -> 0x00001000
[    0.000000]   Normal   0x00001000 -> 0x000377fe
[    0.000000]   HighMem  0x000377fe -> 0x0003d6b0
[    0.000000] Movable zone start PFN for each node
[    0.000000] early_node_map[2] active PFN ranges
[    0.000000]     0: 0x00000000 -> 0x0000009d
[    0.000000]     0: 0x00000100 -> 0x0003d6b0
[    0.000000] On node 0 totalpages: 251469
[    0.000000] free_area_init_node: node 0, pgdat c1901ea0, node_mem_map c1be7000
[    0.000000]   DMA zone: 32 pages used for memmap
[    0.000000]   DMA zone: 0 pages reserved
[    0.000000]   DMA zone: 3965 pages, LIFO batch:0
[    0.000000]   Normal zone: 1744 pages used for memmap
[    0.000000]   Normal zone: 221486 pages, LIFO batch:31
[    0.000000]   HighMem zone: 190 pages used for memmap
[    0.000000]   HighMem zone: 24052 pages, LIFO batch:3
[    0.000000] Using APIC driver default
[    0.000000] ACPI: PM-Timer IO Port: 0x1008
[    0.000000] ACPI: Local APIC address 0xfee00000
[    0.000000] ACPI: LAPIC (acpi_id[0x00] lapic_id[0x00] enabled)
[    0.000000] ACPI: LAPIC (acpi_id[0x01] lapic_id[0x01] enabled)
[    0.000000] ACPI: NR_CPUS/possible_cpus limit of 1 reached.  Processor 1/0x1 ignored.
[    0.000000] ACPI: LAPIC_NMI (acpi_id[0x00] high edge lint[0x1])
[    0.000000] ACPI: LAPIC_NMI (acpi_id[0x01] high edge lint[0x1])
[    0.000000] ACPI: IOAPIC (id[0x01] address[0xfec00000] gsi_base[0])
[    0.000000] IOAPIC[0]: apic_id 1, version 32, address 0xfec00000, GSI 0-23
[    0.000000] ACPI: INT_SRC_OVR (bus 0 bus_irq 0 global_irq 2 dfl dfl)
[    0.000000] ACPI: INT_SRC_OVR (bus 0 bus_irq 9 global_irq 9 high level)
[    0.000000] ACPI: IRQ0 used by override.
[    0.000000] ACPI: IRQ2 used by override.
[    0.000000] ACPI: IRQ9 used by override.
[    0.000000] Using ACPI (MADT) for SMP configuration information
[    0.000000] ACPI: HPET id: 0x8086a201 base: 0xfed00000
[    0.000000] nr_irqs_gsi: 24
[    0.000000] PM: Registered nosave memory: 000000000009d000 - 000000000009e000
[    0.000000] PM: Registered nosave memory: 000000000009e000 - 00000000000a0000
[    0.000000] PM: Registered nosave memory: 00000000000a0000 - 00000000000d2000
[    0.000000] PM: Registered nosave memory: 00000000000d2000 - 00000000000d4000
[    0.000000] PM: Registered nosave memory: 00000000000d4000 - 00000000000e0000
[    0.000000] PM: Registered nosave memory: 00000000000e0000 - 0000000000100000
[    0.000000] Allocating PCI resources starting at 3e000000 (gap: 3e000000:b2000000)
[    0.000000] Built 1 zonelists in Zone order, mobility grouping on.  Total pages: 249503
[    0.000000] Kernel command line: auto BOOT_IMAGE=Linux ro root=802 vt.default_utf8=0 maxcpus=0
[    0.000000] PID hash table entries: 4096 (order: 2, 16384 bytes)
[    0.000000] Dentry cache hash table entries: 131072 (order: 7, 524288 bytes)
[    0.000000] Inode-cache hash table entries: 65536 (order: 6, 262144 bytes)
[    0.000000] Enabling fast FPU save and restore... done.
[    0.000000] Enabling unmasked SIMD FPU exception support... done.
[    0.000000] Initializing CPU#0
[    0.000000] Initializing HighMem for node 0 (000377fe:0003d6b0)
[    0.000000] Memory: 984800k/1006272k available (6915k kernel code, 20876k reserved, 2327k data, 448k init, 96968k highmem)
[    0.000000] virtual kernel memory layout:
[    0.000000]     fixmap  : 0xfffa3000 - 0xfffff000   ( 368 kB)
[    0.000000]     pkmap   : 0xff800000 - 0xffc00000   (4096 kB)
[    0.000000]     vmalloc : 0xf7ffe000 - 0xff7fe000   ( 120 MB)
[    0.000000]     lowmem  : 0xc0000000 - 0xf77fe000   ( 887 MB)
[    0.000000]       .init : 0xc1907000 - 0xc1977000   ( 448 kB)
[    0.000000]       .data : 0xc16c0d3f - 0xc1906c64   (2327 kB)
[    0.000000]       .text : 0xc1000000 - 0xc16c0d3f   (6915 kB)
[    0.000000] Checking if this processor honours the WP bit even in supervisor mode...Ok.
[    0.000000] SLUB: Genslabs=13, HWalign=64, Order=0-3, MinObjects=0, CPUs=1, Nodes=1
[    0.000000] Hierarchical RCU implementation.
[    0.000000] NR_IRQS:288
[    0.000000] Extended CMOS year: 2000
[    0.000000] Console: colour VGA+ 80x25
[    0.000000] console [tty0] enabled
[    0.000000] hpet clockevent registered
[    0.000000] Fast TSC calibration using PIT
[    0.000000] Detected 2094.913 MHz processor.
[    0.002001] Calibrating delay loop (skipped), value calculated using timer frequency.. 4189.82 BogoMIPS (lpj=2094913)
[    0.002175] Security Framework initialized
[    0.002263] Mount-cache hash table entries: 512
[    0.002413] CPU: L1 I cache: 32K, L1 D cache: 32K
[    0.002542] CPU: L2 cache: 3072K
[    0.002627] mce: CPU supports 6 MCE banks
[    0.002716] CPU0: Thermal monitoring enabled (TM2)
[    0.002803] using mwait in idle threads.
[    0.002887] CPU: Intel(R) Core(TM)2 Duo CPU     T8100  @ 2.10GHz stepping 06
[    0.003132] Checking 'hlt' instruction... OK.
[    0.007940] ACPI: Core revision 20090903
[    0.027013] RANDOM get_random_int first call with cycles 38439093168, jiffies 4294667323 and pid 0
[    0.027020] CANARY value: fa91bbfc for PID: 1
[    0.027028] CANARY value: 8b9d988a for PID: 2
[    0.027051] Enabling APIC mode:  Flat.  Using 1 I/O APICs
[    0.028347] ..TIMER: vector=0x30 apic1=0 pin1=2 apic2=-1 pin2=-1
[    0.038997] xor: automatically using best checksumming function: pIII_sse
[    0.042998]    pIII_sse  :  8568.000 MB/sec
[    0.043089] xor: using function: pIII_sse (8568.000 MB/sec)
[    0.043176] RANDOM - __seed init called.
[    0.043177] RANDOM - __seed init called.
[    0.043178] RANDOM - __seed init called.
[    0.043180] RANDOM - __random32 called. Change num 1.  Value: 870e7b8	f6ea009	16c0ad5a
[    0.043182] RANDOM - __random32 called. Change num 2.  Value: e7b8290	f6ea0099	5ab418b8
[    0.043183] RANDOM - __random32 called. Change num 3.  Value: b8290fc5	6ea00996	3171e29b
[    0.043185] RANDOM - __random32 called. Change num 4.  Value: 90fc533a	ea00996a	c5375fde
[    0.043187] RANDOM - __random32 called. Change num 5.  Value: c533a353	a00996a1	bfbd91b4
[    0.043189] RANDOM - __random32 called. Change num 6.  Value: 3a35362b	996a10	23684a23
[    0.043190] RANDOM - random32 init called.  Value: 3a35362b	996a10	23684a23
[    0.043207] NET: Registered protocol family 16
[    0.043467] ACPI FADT declares the system doesn't support PCIe ASPM, so disable it
[    0.043590] ACPI: bus type pci registered
[    0.043760] PCI: MCFG configuration 0: base f0000000 segment 0 buses 0 - 63
[    0.043852] PCI: MCFG area at f0000000 reserved in E820
[    0.043941] PCI: Using MMCONFIG for extended config space
[    0.044002] PCI: Using configuration type 1 for base access
[    0.047138] bio: create slab <bio-0> at 0
[    0.047952] ACPI: EC: EC description table is found, configuring boot EC
[    0.053115] ACPI: BIOS _OSI(Linux) query honored via DMI
[    0.053841] random 0000 0000 0000 00000000 00000000: rand_read_num 2 get_random_bytes(8): sig fffffe1a 00000000 00000000
[    0.053844] random 0000 0000 0000 00000000 00000000: extract_entropy(.. 8 ..)
[    0.053847] random 0000 0000 0000 00000000 00000000: going to reseed nonblocking with 64 bits (64 of 0 requested)
[    0.053849] random 0000 0000 0000 00000000 00000000: extract_entropy(.. 8 ..)
[    0.053851] random 0000 0000 0000 00000000 00000000: trying to extract 64 bits from input
[    0.053853] random 0000 0000 0000 00000000 00000000: debiting 0 entropy credits from input
[    0.053855] random 0000 0000 0000 00000000 00000000: extract_entropy account returned: 0 
[    0.053885] random 0000 0000 0000 00000000 00000000: urand_change_num 3 xfer_secondary_pool(8): pool_sig fffffe1a, data_sig 00000000, bytes_mixed 0 00000000 00000000
[    0.053888] random 0000 0000 0000 00000000 00000000: trying to extract 64 bits from nonblocking
[    0.053891] random 0000 0000 0000 00000000 00000000: debiting 64 entropy credits from nonblocking (unlimited)
[    0.053893] random 0000 0000 0000 00000000 00000000: extract_entropy account returned: 8 
[    0.053897] random 0000 0000 0000 00000000 00000000: urand_change_num 4 extract_buf: pool_sig fffffe1a, data_sig fffffed7, bytes_mixed 20 00000000 00000000
[    0.059474] ACPI: Interpreter enabled
[    0.059560] ACPI: (supports S0 S3 S4 S5)
[    0.059870] ACPI: Using IOAPIC for interrupt routing
[    0.069656] ACPI: EC: GPE = 0x12, I/O: command/status = 0x66, data = 0x62
[    0.069927] ACPI: Power Resource [PUBS] (on)
[    0.072033] ACPI: ACPI Dock Station Driver: 3 docks/bays found
[    0.072442] ACPI: PCI Root Bridge [PCI0] (0000:00)
[    0.072619] pci 0000:00:02.0: reg 10 64bit mmio: [0xf8100000-0xf81fffff]
[    0.072625] pci 0000:00:02.0: reg 18 64bit mmio pref: [0xe0000000-0xefffffff]
[    0.072629] pci 0000:00:02.0: reg 20 io port: [0x1800-0x1807]
[    0.072663] pci 0000:00:02.1: reg 10 64bit mmio: [0xf8200000-0xf82fffff]
[    0.072775] pci 0000:00:19.0: reg 10 32bit mmio: [0xfe000000-0xfe01ffff]
[    0.072785] pci 0000:00:19.0: reg 14 32bit mmio: [0xfe025000-0xfe025fff]
[    0.072794] pci 0000:00:19.0: reg 18 io port: [0x1840-0x185f]
[    0.072875] pci 0000:00:19.0: PME# supported from D0 D3hot D3cold
[    0.072975] pci 0000:00:19.0: PME# disabled
[    0.073064] pci 0000:00:1a.0: reg 20 io port: [0x1860-0x187f]
[    0.073136] pci 0000:00:1a.1: reg 20 io port: [0x1880-0x189f]
[    0.073214] pci 0000:00:1a.7: reg 10 32bit mmio: [0xfe226c00-0xfe226fff]
[    0.073300] pci 0000:00:1a.7: PME# supported from D0 D3hot D3cold
[    0.073394] pci 0000:00:1a.7: PME# disabled
[    0.073538] pci 0000:00:1b.0: reg 10 64bit mmio: [0xfe020000-0xfe023fff]
[    0.073626] pci 0000:00:1b.0: PME# supported from D0 D3hot D3cold
[    0.073723] pci 0000:00:1b.0: PME# disabled
[    0.074001] pci 0000:00:1c.0: PME# supported from D0 D3hot D3cold
[    0.074096] pci 0000:00:1c.0: PME# disabled
[    0.074299] pci 0000:00:1c.1: PME# supported from D0 D3hot D3cold
[    0.074394] pci 0000:00:1c.1: PME# disabled
[    0.074601] pci 0000:00:1c.2: PME# supported from D0 D3hot D3cold
[    0.074693] pci 0000:00:1c.2: PME# disabled
[    0.074898] pci 0000:00:1c.3: PME# supported from D0 D3hot D3cold
[    0.074998] pci 0000:00:1c.3: PME# disabled
[    0.075865] pci 0000:00:1c.4: PME# supported from D0 D3hot D3cold
[    0.075957] pci 0000:00:1c.4: PME# disabled
[    0.076071] pci 0000:00:1d.0: reg 20 io port: [0x18a0-0x18bf]
[    0.076141] pci 0000:00:1d.1: reg 20 io port: [0x18c0-0x18df]
[    0.076224] pci 0000:00:1d.2: reg 20 io port: [0x18e0-0x18ff]
[    0.076311] pci 0000:00:1d.7: reg 10 32bit mmio: [0xfe227000-0xfe2273ff]
[    0.076409] pci 0000:00:1d.7: PME# supported from D0 D3hot D3cold
[    0.076502] pci 0000:00:1d.7: PME# disabled
[    0.076785] pci 0000:00:1f.0: quirk: region 1000-107f claimed by ICH6 ACPI/GPIO/TCO
[    0.076911] pci 0000:00:1f.0: quirk: region 1180-11bf claimed by ICH6 GPIO
[    0.076998] pci 0000:00:1f.0: ICH7 LPC Generic IO decode 1 PIO at 1600 (mask 007f)
[    0.077125] pci 0000:00:1f.0: ICH7 LPC Generic IO decode 2 PIO at 15e0 (mask 000f)
[    0.077248] pci 0000:00:1f.0: ICH7 LPC Generic IO decode 3 PIO at 1680 (mask 001f)
[    0.077448] pci 0000:00:1f.1: reg 10 io port: [0x00-0x07]
[    0.077457] pci 0000:00:1f.1: reg 14 io port: [0x00-0x03]
[    0.077469] pci 0000:00:1f.1: reg 18 io port: [0x00-0x07]
[    0.077478] pci 0000:00:1f.1: reg 1c io port: [0x00-0x03]
[    0.077485] pci 0000:00:1f.1: reg 20 io port: [0x1c00-0x1c0f]
[    0.077569] pci 0000:00:1f.2: reg 10 io port: [0x1c50-0x1c57]
[    0.077578] pci 0000:00:1f.2: reg 14 io port: [0x1c44-0x1c47]
[    0.077585] pci 0000:00:1f.2: reg 18 io port: [0x1c48-0x1c4f]
[    0.077593] pci 0000:00:1f.2: reg 1c io port: [0x1c40-0x1c43]
[    0.077602] pci 0000:00:1f.2: reg 20 io port: [0x1c20-0x1c3f]
[    0.077611] pci 0000:00:1f.2: reg 24 32bit mmio: [0xfe226000-0xfe2267ff]
[    0.077668] pci 0000:00:1f.2: PME# supported from D3hot
[    0.077764] pci 0000:00:1f.2: PME# disabled
[    0.077885] pci 0000:00:1f.3: reg 10 32bit mmio: [0xfe227400-0xfe2274ff]
[    0.077910] pci 0000:00:1f.3: reg 20 io port: [0x1c60-0x1c7f]
[    0.078085] pci 0000:00:1c.0: bridge io port: [0x2000-0x2fff]
[    0.078091] pci 0000:00:1c.0: bridge 32bit mmio: [0xfc000000-0xfdffffff]
[    0.078103] pci 0000:00:1c.0: bridge 64bit mmio pref: [0xf8000000-0xf80fffff]
[    0.078174] pci 0000:03:00.0: reg 10 64bit mmio: [0xdf3f0000-0xdf3fffff]
[    0.078368] pci 0000:00:1c.1: bridge io port: [0x3000-0x3fff]
[    0.078375] pci 0000:00:1c.1: bridge 32bit mmio: [0xdc000000-0xdf3fffff]
[    0.078381] pci 0000:00:1c.1: bridge 64bit mmio pref: [0xdfe00000-0xdfefffff]
[    0.078438] pci 0000:00:1c.2: bridge io port: [0x4000-0x4fff]
[    0.078442] pci 0000:00:1c.2: bridge 32bit mmio: [0xd8000000-0xd9ffffff]
[    0.078452] pci 0000:00:1c.2: bridge 64bit mmio pref: [0xdfb00000-0xdfbfffff]
[    0.078513] pci 0000:00:1c.3: bridge io port: [0x5000-0x5fff]
[    0.078519] pci 0000:00:1c.3: bridge 32bit mmio: [0xd4000000-0xd5ffffff]
[    0.078528] pci 0000:00:1c.3: bridge 64bit mmio pref: [0xdf800000-0xdf8fffff]
[    0.078582] pci 0000:00:1c.4: bridge io port: [0x6000-0x6fff]
[    0.078588] pci 0000:00:1c.4: bridge 32bit mmio: [0xd0000000-0xd1ffffff]
[    0.078597] pci 0000:00:1c.4: bridge 64bit mmio pref: [0xdf500000-0xdf5fffff]
[    0.078661] pci 0000:15:00.0: reg 10 32bit mmio: [0xf8300000-0xf8300fff]
[    0.078714] pci 0000:15:00.0: supports D1 D2
[    0.078715] pci 0000:15:00.0: PME# supported from D0 D1 D2 D3hot D3cold
[    0.078813] pci 0000:15:00.0: PME# disabled
[    0.078957] pci 0000:15:00.1: reg 10 32bit mmio: [0xf8301000-0xf83017ff]
[    0.079067] pci 0000:15:00.1: supports D1 D2
[    0.079068] pci 0000:15:00.1: PME# supported from D0 D1 D2 D3hot D3cold
[    0.079166] pci 0000:15:00.1: PME# disabled
[    0.079349] pci 0000:00:1e.0: transparent bridge
[    0.079440] pci 0000:00:1e.0: bridge io port: [0x7000-0xafff]
[    0.079446] pci 0000:00:1e.0: bridge 32bit mmio: [0xf8300000-0xfbffffff]
[    0.079456] pci 0000:00:1e.0: bridge 64bit mmio pref: [0xf4000000-0xf7ffffff]
[    0.079522] pci_bus 0000:00: on NUMA node 0
[    0.079525] ACPI: PCI Interrupt Routing Table [\_SB_.PCI0._PRT]
[    0.079659] ACPI: PCI Interrupt Routing Table [\_SB_.PCI0.EXP0._PRT]
[    0.079718] ACPI: PCI Interrupt Routing Table [\_SB_.PCI0.EXP1._PRT]
[    0.079776] ACPI: PCI Interrupt Routing Table [\_SB_.PCI0.EXP2._PRT]
[    0.079833] ACPI: PCI Interrupt Routing Table [\_SB_.PCI0.EXP3._PRT]
[    0.079896] ACPI: PCI Interrupt Routing Table [\_SB_.PCI0.EXP4._PRT]
[    0.079958] ACPI: PCI Interrupt Routing Table [\_SB_.PCI0.PCI1._PRT]
[    0.085424] ACPI: PCI Interrupt Link [LNKA] (IRQs 3 4 5 6 7 9 *10 11)
[    0.086168] ACPI: PCI Interrupt Link [LNKB] (IRQs 3 4 5 6 7 9 10 *11)
[    0.087021] ACPI: PCI Interrupt Link [LNKC] (IRQs 3 4 5 6 7 9 10 *11)
[    0.087814] ACPI: PCI Interrupt Link [LNKD] (IRQs 3 4 5 6 7 9 10 *11)
[    0.088565] ACPI: PCI Interrupt Link [LNKE] (IRQs 3 4 5 6 7 9 10 *11)
[    0.089398] ACPI: PCI Interrupt Link [LNKF] (IRQs 3 4 5 6 7 9 10 *11)
[    0.090158] ACPI: PCI Interrupt Link [LNKG] (IRQs 3 4 5 6 7 9 10 *11)
[    0.090941] ACPI: PCI Interrupt Link [LNKH] (IRQs 3 4 5 6 7 9 10 *11)
[    0.091688] vgaarb: device added: PCI:0000:00:02.0,decodes=io+mem,owns=io+mem,locks=none
[    0.091817] vgaarb: loaded
[    0.092056] SCSI subsystem initialized
[    0.092157] libata version 3.00 loaded.
[    0.092205] usbcore: registered new interface driver usbfs
[    0.092328] usbcore: registered new interface driver hub
[    0.092439] usbcore: registered new device driver usb
[    0.109041] raid6: int32x1    941 MB/s
[    0.126058] raid6: int32x2    890 MB/s
[    0.143068] raid6: int32x4    750 MB/s
[    0.160076] raid6: int32x8    660 MB/s
[    0.177002] raid6: mmxx1     2882 MB/s
[    0.193986] raid6: mmxx2     3253 MB/s
[    0.210996] raid6: sse1x1    1937 MB/s
[    0.227978] raid6: sse1x2    2531 MB/s
[    0.244989] raid6: sse2x1    3511 MB/s
[    0.261971] raid6: sse2x2    3828 MB/s
[    0.262058] raid6: using algorithm sse2x2 (3828 MB/s)
[    0.262150] PCI: Using ACPI for IRQ routing
[    0.262460] HPET: 3 timers in total, 0 timers will be used for per-cpu timer
[    0.262989] Switching to clocksource tsc
[    0.263098] pnp: PnP ACPI init
[    0.263185] ACPI: bus type pnp registered
[    0.266810] pnp: PnP ACPI: found 11 devices
[    0.266917] ACPI: ACPI bus type pnp unregistered
[    0.267014] system 00:00: iomem range 0x0-0x9ffff could not be reserved
[    0.267109] system 00:00: iomem range 0xc0000-0xc3fff could not be reserved
[    0.267200] system 00:00: iomem range 0xc4000-0xc7fff could not be reserved
[    0.267291] system 00:00: iomem range 0xc8000-0xcbfff has been reserved
[    0.267380] system 00:00: iomem range 0xcc000-0xcffff has been reserved
[    0.267469] system 00:00: iomem range 0xd0000-0xd3fff could not be reserved
[    0.267559] system 00:00: iomem range 0xe0000-0xe3fff could not be reserved
[    0.267649] system 00:00: iomem range 0xe4000-0xe7fff could not be reserved
[    0.267738] system 00:00: iomem range 0xe8000-0xebfff could not be reserved
[    0.267833] system 00:00: iomem range 0xec000-0xeffff could not be reserved
[    0.267930] system 00:00: iomem range 0xf0000-0xfffff could not be reserved
[    0.268023] system 00:00: iomem range 0x100000-0x3dffffff could not be reserved
[    0.268149] system 00:00: iomem range 0xfec00000-0xfed3ffff could not be reserved
[    0.268270] system 00:00: iomem range 0xfed4c000-0xffffffff could not be reserved
[    0.268399] system 00:02: ioport range 0x164e-0x164f has been reserved
[    0.268490] system 00:02: ioport range 0x1000-0x107f has been reserved
[    0.268583] system 00:02: ioport range 0x1180-0x11bf has been reserved
[    0.268676] system 00:02: ioport range 0x800-0x80f has been reserved
[    0.268764] system 00:02: ioport range 0x15e0-0x15ef has been reserved
[    0.268860] system 00:02: ioport range 0x1600-0x165f could not be reserved
[    0.268951] system 00:02: iomem range 0xf0000000-0xf3ffffff has been reserved
[    0.269043] system 00:02: iomem range 0xfed1c000-0xfed1ffff has been reserved
[    0.269138] system 00:02: iomem range 0xfed14000-0xfed17fff has been reserved
[    0.269229] system 00:02: iomem range 0xfed18000-0xfed18fff has been reserved
[    0.269318] system 00:02: iomem range 0xfed19000-0xfed19fff has been reserved
[    0.269413] system 00:02: iomem range 0xfed45000-0xfed4bfff has been reserved
[    0.304444] pci 0000:00:1c.0: PCI bridge, secondary bus 0000:02
[    0.304544] pci 0000:00:1c.0:   IO window: 0x2000-0x2fff
[    0.304643] pci 0000:00:1c.0:   MEM window: 0xfc000000-0xfdffffff
[    0.304738] pci 0000:00:1c.0:   PREFETCH window: 0x000000f8000000-0x000000f80fffff
[    0.304870] pci 0000:00:1c.1: PCI bridge, secondary bus 0000:03
[    0.304963] pci 0000:00:1c.1:   IO window: 0x3000-0x3fff
[    0.305063] pci 0000:00:1c.1:   MEM window: 0xdc000000-0xdf3fffff
[    0.305161] pci 0000:00:1c.1:   PREFETCH window: 0x000000dfe00000-0x000000dfefffff
[    0.305287] pci 0000:00:1c.2: PCI bridge, secondary bus 0000:04
[    0.305379] pci 0000:00:1c.2:   IO window: 0x4000-0x4fff
[    0.305478] pci 0000:00:1c.2:   MEM window: 0xd8000000-0xd9ffffff
[    0.305576] pci 0000:00:1c.2:   PREFETCH window: 0x000000dfb00000-0x000000dfbfffff
[    0.305703] pci 0000:00:1c.3: PCI bridge, secondary bus 0000:05
[    0.305802] pci 0000:00:1c.3:   IO window: 0x5000-0x5fff
[    0.305898] pci 0000:00:1c.3:   MEM window: 0xd4000000-0xd5ffffff
[    0.305991] pci 0000:00:1c.3:   PREFETCH window: 0x000000df800000-0x000000df8fffff
[    0.306118] pci 0000:00:1c.4: PCI bridge, secondary bus 0000:0d
[    0.306212] pci 0000:00:1c.4:   IO window: 0x6000-0x6fff
[    0.306305] pci 0000:00:1c.4:   MEM window: 0xd0000000-0xd1ffffff
[    0.306399] pci 0000:00:1c.4:   PREFETCH window: 0x000000df500000-0x000000df5fffff
[    0.306532] pci 0000:15:00.0: CardBus bridge, secondary bus 0000:16
[    0.306620] pci 0000:15:00.0:   IO window: 0x007000-0x0070ff
[    0.306715] pci 0000:15:00.0:   IO window: 0x007400-0x0074ff
[    0.306810] pci 0000:15:00.0:   PREFETCH window: 0xf4000000-0xf7ffffff
[    0.306909] pci 0000:15:00.0:   MEM window: 0x40000000-0x43ffffff
[    0.307012] pci 0000:00:1e.0: PCI bridge, secondary bus 0000:15
[    0.307111] pci 0000:00:1e.0:   IO window: 0x7000-0xafff
[    0.307206] pci 0000:00:1e.0:   MEM window: 0xf8300000-0xfbffffff
[    0.307301] pci 0000:00:1e.0:   PREFETCH window: 0x000000f4000000-0x000000f7ffffff
[    0.307439] pci 0000:00:1c.0: PCI INT A -> GSI 20 (level, low) -> IRQ 20
[    0.307538] pci 0000:00:1c.0: setting latency timer to 64
[    0.307552] pci 0000:00:1c.1: PCI INT B -> GSI 21 (level, low) -> IRQ 21
[    0.307648] pci 0000:00:1c.1: setting latency timer to 64
[    0.307657] pci 0000:00:1c.2: PCI INT C -> GSI 22 (level, low) -> IRQ 22
[    0.307750] pci 0000:00:1c.2: setting latency timer to 64
[    0.307762] pci 0000:00:1c.3: PCI INT D -> GSI 23 (level, low) -> IRQ 23
[    0.307862] pci 0000:00:1c.3: setting latency timer to 64
[    0.307875] pci 0000:00:1c.4: PCI INT A -> GSI 20 (level, low) -> IRQ 20
[    0.307968] pci 0000:00:1c.4: setting latency timer to 64
[    0.307977] pci 0000:00:1e.0: enabling device (0005 -> 0007)
[    0.308068] pci 0000:00:1e.0: setting latency timer to 64
[    0.308084] pci 0000:15:00.0: PCI INT A -> GSI 16 (level, low) -> IRQ 16
[    0.308180] pci 0000:15:00.0: setting latency timer to 64
[    0.308186] pci_bus 0000:00: resource 0 io:  [0x00-0xffff]
[    0.308188] pci_bus 0000:00: resource 1 mem: [0x000000-0xffffffff]
[    0.308190] pci_bus 0000:02: resource 0 io:  [0x2000-0x2fff]
[    0.308192] pci_bus 0000:02: resource 1 mem: [0xfc000000-0xfdffffff]
[    0.308194] pci_bus 0000:02: resource 2 pref mem [0xf8000000-0xf80fffff]
[    0.308196] pci_bus 0000:03: resource 0 io:  [0x3000-0x3fff]
[    0.308198] pci_bus 0000:03: resource 1 mem: [0xdc000000-0xdf3fffff]
[    0.308199] pci_bus 0000:03: resource 2 pref mem [0xdfe00000-0xdfefffff]
[    0.308201] pci_bus 0000:04: resource 0 io:  [0x4000-0x4fff]
[    0.308203] pci_bus 0000:04: resource 1 mem: [0xd8000000-0xd9ffffff]
[    0.308205] pci_bus 0000:04: resource 2 pref mem [0xdfb00000-0xdfbfffff]
[    0.308207] pci_bus 0000:05: resource 0 io:  [0x5000-0x5fff]
[    0.308209] pci_bus 0000:05: resource 1 mem: [0xd4000000-0xd5ffffff]
[    0.308210] pci_bus 0000:05: resource 2 pref mem [0xdf800000-0xdf8fffff]
[    0.308212] pci_bus 0000:0d: resource 0 io:  [0x6000-0x6fff]
[    0.308214] pci_bus 0000:0d: resource 1 mem: [0xd0000000-0xd1ffffff]
[    0.308216] pci_bus 0000:0d: resource 2 pref mem [0xdf500000-0xdf5fffff]
[    0.308218] pci_bus 0000:15: resource 0 io:  [0x7000-0xafff]
[    0.308219] pci_bus 0000:15: resource 1 mem: [0xf8300000-0xfbffffff]
[    0.308221] pci_bus 0000:15: resource 2 pref mem [0xf4000000-0xf7ffffff]
[    0.308223] pci_bus 0000:15: resource 3 io:  [0x00-0xffff]
[    0.308225] pci_bus 0000:15: resource 4 mem: [0x000000-0xffffffff]
[    0.308227] pci_bus 0000:16: resource 0 io:  [0x7000-0x70ff]
[    0.308229] pci_bus 0000:16: resource 1 io:  [0x7400-0x74ff]
[    0.308230] pci_bus 0000:16: resource 2 pref mem [0xf4000000-0xf7ffffff]
[    0.308232] pci_bus 0000:16: resource 3 mem: [0x40000000-0x43ffffff]
[    0.308240] NET: Registered protocol family 2
[    0.308330] RANDOM - __random32 called. Change num 7.  Value: 5362b39e	996a101	94470543
[    0.308332] RANDOM - random32 called.  Value: 5362b39e	996a101	94470543
[    0.308337] random 0000 0000 0000 5f8db4e5 4cfdf2a8: rand_read_num 3 get_random_bytes(4): sig fffffb64 5f8db4e5 4cfdf2a8
[    0.308339] random 0000 0000 0000 5f8db4e5 4cfdf2a8: extract_entropy(.. 4 ..)
[    0.308342] random 0000 0000 0000 5f8db4e5 4cfdf2a8: going to reseed nonblocking with 64 bits (32 of 0 requested)
[    0.308344] random 0000 0000 0000 5f8db4e5 4cfdf2a8: extract_entropy(.. 8 ..)
[    0.308346] random 0000 0000 0000 5f8db4e5 4cfdf2a8: trying to extract 64 bits from input
[    0.308348] random 0000 0000 0000 5f8db4e5 4cfdf2a8: debiting 0 entropy credits from input
[    0.308350] random 0000 0000 0000 5f8db4e5 4cfdf2a8: extract_entropy account returned: 0 
[    0.308353] random 0000 0000 0000 5f8db4e5 4cfdf2a8: urand_change_num 5 xfer_secondary_pool(4): pool_sig fffffb64, data_sig 00000000, bytes_mixed 0 5f8db4e5 4cfdf2a8
[    0.308356] random 0000 0000 0000 5f8db4e5 4cfdf2a8: trying to extract 32 bits from nonblocking
[    0.308358] random 0000 0000 0000 5f8db4e5 4cfdf2a8: debiting 32 entropy credits from nonblocking (unlimited)
[    0.308361] random 0000 0000 0000 5f8db4e5 4cfdf2a8: extract_entropy account returned: 4 
[    0.308365] random 0000 0000 0000 5f8db4e5 4cfdf2a8: urand_change_num 6 extract_buf: pool_sig fffffb64, data_sig 00000241, bytes_mixed 20 5f8db4e5 4cfdf2a8
[    0.308374] IP route cache hash table entries: 32768 (order: 5, 131072 bytes)
[    0.308506] RANDOM - __random32 called. Change num 8.  Value: 2b39e0a2	996a1017	a86cfe5
[    0.308508] RANDOM - random32 called.  Value: 2b39e0a2	996a1017	a86cfe5
[    0.308518] RANDOM - __random32 called. Change num 9.  Value: 9e0a22e5	96a1017e	9fcbd616
[    0.308520] RANDOM - random32 called.  Value: 9e0a22e5	96a1017e	9fcbd616
[    0.308522] RANDOM - __random32 called. Change num 10.  Value: a22e5b4a	6a1017e6	ac2c32ac
[    0.308523] RANDOM - random32 called.  Value: a22e5b4a	6a1017e6	ac2c32ac
[    0.308534] RANDOM - __random32 called. Change num 11.  Value: e5b4ad28	a1017e61	6559a9b4
[    0.308536] RANDOM - random32 called.  Value: e5b4ad28	a1017e61	6559a9b4
[    0.308545] TCP established hash table entries: 131072 (order: 8, 1048576 bytes)
[    0.309044] TCP bind hash table entries: 65536 (order: 6, 262144 bytes)
[    0.309232] TCP: Hash tables configured (established 131072 bind 65536)
[    0.309326] TCP reno registered
[    0.309429] NET: Registered protocol family 1
[    0.309545] RPC: Registered udp transport module.
[    0.309635] RPC: Registered tcp transport module.
[    0.309726] RPC: Registered tcp NFSv4.1 backchannel transport module.
[    0.309825] pci 0000:00:02.0: Boot video device
[    0.310068] Simple Boot Flag at 0x35 set to 0x1
[    0.310582] highmem bounce pool size: 64 pages
[    0.312162] VFS: Disk quotas dquot_6.5.2
[    0.312285] Dquot-cache hash table entries: 1024 (order 0, 4096 bytes)
[    0.312961] NTFS driver 2.1.29 [Flags: R/W].
[    0.313124] ROMFS MTD (C) 2007 Red Hat, Inc.
[    0.313332] JFS: nTxBlock = 7695, nTxLock = 61562
[    0.315778] SGI XFS with ACLs, security attributes, large block/inode numbers, no debug enabled
[    0.316285] SGI XFS Quota Management subsystem
[    0.316572] Slow work thread pool: Starting up
[    0.316673] Slow work thread pool: Ready
[    0.316766] GFS2 (built May 24 2013 02:47:17) installed
[    0.316875] msgmni has been set to 1734
[    0.317039] alg: No test for cipher_null (cipher_null-generic)
[    0.317139] alg: No test for ecb(cipher_null) (ecb-cipher_null)
[    0.317242] alg: No test for digest_null (digest_null-generic)
[    0.317344] alg: No test for compress_null (compress_null-generic)
[    0.317904] alg: No test for fcrypt (fcrypt-generic)
[    0.319322] alg: No test for stdrng (krng)
[    0.319410] async_tx: api initialized (async)
[    0.319569] Block layer SCSI generic (bsg) driver version 0.4 loaded (major 254)
[    0.319690] io scheduler noop registered
[    0.319779] io scheduler anticipatory registered
[    0.319882] io scheduler deadline registered
[    0.320018] io scheduler cfq registered (default)
[    0.320261] pcieport 0000:00:1c.0: irq 24 for MSI/MSI-X
[    0.320277] pcieport 0000:00:1c.0: setting latency timer to 64
[    0.320462] pcieport 0000:00:1c.1: irq 25 for MSI/MSI-X
[    0.320474] pcieport 0000:00:1c.1: setting latency timer to 64
[    0.320647] pcieport 0000:00:1c.2: irq 26 for MSI/MSI-X
[    0.320659] pcieport 0000:00:1c.2: setting latency timer to 64
[    0.320835] pcieport 0000:00:1c.3: irq 27 for MSI/MSI-X
[    0.320859] pcieport 0000:00:1c.3: setting latency timer to 64
[    0.321036] pcieport 0000:00:1c.4: irq 28 for MSI/MSI-X
[    0.321045] pcieport 0000:00:1c.4: setting latency timer to 64
[    0.321190] pci_hotplug: PCI Hot Plug PCI Core version: 0.5
[    0.321382] isapnp: Scanning for PnP cards...
[    0.681919] isapnp: No Plug & Play device found
[    0.682011] random 0000 0000 0000 5f8db4e5 4cfdf2a8: initializing
[    0.682013] RANDOM init_std_data for input now value: 1369923078682013340
[    0.682015] RANDOM init_std_data for blocking now value: 1369923078682015420
[    0.682017] RANDOM init_std_data for nonblocking now value: 1369923078682017154
[    0.701587] Serial: 8250/16550 driver, 4 ports, IRQ sharing enabled
[    3.712384] floppy0: no floppy controllers found
[    3.713330] brd: module loaded
[    3.713843] loop: module loaded
[    3.713928] Compaq SMART2 Driver (v 2.6.0)
[    3.714053] HP CISS Driver (v 3.6.20)
[    3.714301] input: Macintosh mouse button emulation as /devices/virtual/input/input0
[    3.714448] Uniform Multi-Platform E-IDE driver
[    3.714671] piix 0000:00:1f.1: IDE controller (0x8086:0x2850 rev 0x03)
[    3.714776] pci 0000:00:1f.1: PCI INT C -> GSI 16 (level, low) -> IRQ 16
[    3.714878] piix 0000:00:1f.1: IDE port disabled
[    3.714973] piix 0000:00:1f.1: not 100% native mode: will probe irqs later
[    3.715074]     ide0: BM-DMA at 0x1c00-0x1c07
[    3.715167] Probing IDE interface ide0...
[    4.386510] hda: HL-DT-ST DVDRAM GSA-U10N, ATAPI CD/DVD-ROM drive
[    4.693278] hda: host max PIO4 wanted PIO255(auto-tune) selected PIO4
[    4.694046] hda: UDMA/33 mode selected
[    4.694516] ide0 at 0x1f0-0x1f7,0x3f6 on irq 14
[    4.698420] ide-gd driver 1.18
[    4.698527] ide-cd driver 5.00
[    4.699920] random 0000 0000 0000 00000000 00000000: add_disk_randomness(0:0) 00000000 00000000
[    4.699924] random 0000 0000 0000 00000000 00000000: add_timer_randomness(.. 256) with jiffies: 5766429821823057532, cycles: 5766429817528385547
[    4.699927] random 0000 0000 0000 00000000 00000000: added 11 entropy credits to input
[    4.699930] ide-cd: hda: ATAPI 24X DVD-ROM DVD-R/RAM CD-R/RW drive, 2048kB Cache
[    4.700383] Uniform CD-ROM driver Revision: 3.20
[    4.703161] random 0011 0000 0000 00000000 00000000: add_disk_randomness(0:0) 00000000 00000000
[    4.703164] random 0011 0000 0000 00000000 00000000: add_timer_randomness(.. 256) with jiffies: 5795597893917965951, cycles: 5795597889623293963
[    4.703167] random 0011 0000 0000 00000000 00000000: added 1 entropy credits to input
[    4.703170] random 0012 0000 0000 00000000 00000000: add_disk_randomness(0:0) 00000000 00000000
[    4.703173] random 0012 0000 0000 00000000 00000000: add_timer_randomness(.. 256) with jiffies: 5795674967106092671, cycles: 5795674962811420683
[    4.705158] random 0012 0000 0000 00000000 00000000: add_disk_randomness(0:0) 00000000 00000000
[    4.705161] random 0012 0000 0000 00000000 00000000: add_timer_randomness(.. 256) with jiffies: 5813564961887846017, cycles: 5813564957593174027
[    4.705164] random 0012 0000 0000 00000000 00000000: added 1 entropy credits to input
[    4.705167] random 0013 0000 0000 00000000 00000000: add_disk_randomness(0:0) 00000000 00000000
[    4.705169] random 0013 0000 0000 00000000 00000000: add_timer_randomness(.. 256) with jiffies: 5813639329246576257, cycles: 5813639324951904267
[    4.707158] random 0013 0000 0000 00000000 00000000: add_disk_randomness(0:0) 00000000 00000000
[    4.707161] random 0013 0000 0000 00000000 00000000: add_timer_randomness(.. 256) with jiffies: 5831558504036138627, cycles: 5831558499741466635
[    4.707163] random 0013 0000 0000 00000000 00000000: added 1 entropy credits to input
[    4.707166] random 0014 0000 0000 00000000 00000000: add_disk_randomness(0:0) 00000000 00000000
[    4.707169] random 0014 0000 0000 00000000 00000000: add_timer_randomness(.. 256) with jiffies: 5831632192790036099, cycles: 5831632188495364107
[    4.707445] Loading iSCSI transport class v2.0-870.
[    4.707731] rdac: device handler registered
[    4.707819] hp_sw: device handler registered
[    4.707907] emc: device handler registered
[    4.707996] alua: device handler registered
[    4.708987] Adaptec aacraid driver 1.1-5[2461]-ms
[    4.709410] scsi: <fdomain> Detection failed (no card)
[    4.709505] sym53c416.c: Version 1.0.0-ac
[    4.709615] qlogicfas: no cards were found, please specify I/O address and IRQ using iobase= and irq= options
[    4.709742] QLogic Fibre Channel HBA Driver: 8.03.01-k6
[    4.709964] iscsi: registered transport (qla4xxx)
[    4.710073] QLogic iSCSI HBA Driver
[    4.710159] Emulex LightPulse Fibre Channel SCSI driver 8.3.4
[    4.710257] Copyright(c) 2004-2009 Emulex.  All rights reserved.
[    4.732260] Failed initialization of WD-7000 SCSI card!
[    4.820984] DC390: clustering now enabled by default. If you get problems load
[    4.821111]        with "disable_clustering=1" and report to maintainers
[    4.821253] megaraid cmm: 2.20.2.7 (Release Date: Sun Jul 16 00:01:03 EST 2006)
[    4.821407] megaraid: 2.20.5.1 (Release Date: Thu Nov 16 15:32:35 EST 2006)
[    4.821519] megasas: 00.00.04.01 Thu July 24 11:41:51 PST 2008
[    4.821652] GDT-HA: Storage RAID Controller Driver. Version: 3.05
[    4.821805] 3ware Storage Controller device driver for Linux v1.26.02.002.
[    4.821917] 3ware 9000 Storage Controller device driver for Linux v2.26.02.012.
[    4.822059] nsp32: loading...
[    4.822172] ipr: IBM Power RAID SCSI Device Driver version: 2.4.3 (June 10, 2009)
[    4.822323] RocketRAID 3xxx/4xxx Controller driver v1.6 (090910)
[    4.822437] stex: Promise SuperTrak EX Driver version: 4.6.0000.3
[    4.822569] st: Version 20081215, fixed bufsize 32768, s/g segs 256
[    4.822758] ahci 0000:00:1f.2: version 3.0
[    4.822771] ahci 0000:00:1f.2: PCI INT B -> GSI 16 (level, low) -> IRQ 16
[    4.822903] ahci 0000:00:1f.2: irq 29 for MSI/MSI-X
[    4.822963] ahci 0000:00:1f.2: AHCI 0001.0100 32 slots 3 ports 1.5 Gbps 0x5 impl SATA mode
[    4.823088] ahci 0000:00:1f.2: flags: 64bit ncq sntf pm led clo pio slum part ccc 
[    4.823216] ahci 0000:00:1f.2: setting latency timer to 64
[    4.823373] scsi2 : ahci
[    4.823531] scsi3 : ahci
[    4.823670] scsi4 : ahci
[    4.823838] ata1: SATA max UDMA/133 abar m2048@0xfe226000 port 0xfe226100 irq 29
[    4.823961] ata2: DUMMY
[    4.824049] ata3: SATA max UDMA/133 abar m2048@0xfe226000 port 0xfe226200 irq 29
[    4.824664] I2O subsystem v1.325
[    4.824751] i2o: max drivers = 8
[    4.824898] I2O Configuration OSM v1.323
[    4.825002] I2O Bus Adapter OSM v1.317
[    4.825107] I2O Block Device OSM v1.325
[    4.825271] I2O SCSI Peripheral OSM v1.316
[    4.825374] I2O ProcFS OSM v1.316
[    4.825478] Fusion MPT base driver 3.04.12
[    4.825568] Copyright (c) 1999-2008 LSI Corporation
[    4.825663] Fusion MPT SPI Host driver 3.04.12
[    4.825772] Fusion MPT FC Host driver 3.04.12
[    4.825883] Fusion MPT SAS Host driver 3.04.12
[    4.826037] ohci1394 0000:15:00.1: PCI INT B -> GSI 17 (level, low) -> IRQ 17
[    4.826135] ohci1394 0000:15:00.1: setting latency timer to 64
[    4.880259] ohci1394: fw-host0: OHCI-1394 1.1 (PCI): IRQ=[17]  MMIO=[f8301000-f83017ff]  Max Packet=[2048]  IR/IT contexts=[4/4]
[    4.883523] ehci_hcd: USB 2.0 'Enhanced' Host Controller (EHCI) Driver
[    4.883798] ehci_hcd 0000:00:1a.7: power state changed by ACPI to D0
[    4.884065] ehci_hcd 0000:00:1a.7: power state changed by ACPI to D0
[    4.884165] ehci_hcd 0000:00:1a.7: PCI INT C -> GSI 22 (level, low) -> IRQ 22
[    4.884265] ehci_hcd 0000:00:1a.7: setting latency timer to 64
[    4.884269] ehci_hcd 0000:00:1a.7: EHCI Host Controller
[    4.884412] ehci_hcd 0000:00:1a.7: new USB bus registered, assigned bus number 1
[    4.888447] ehci_hcd 0000:00:1a.7: cache line size of 32 is not supported
[    4.888456] ehci_hcd 0000:00:1a.7: irq 22, io mem 0xfe226c00
[    4.898220] ehci_hcd 0000:00:1a.7: USB 2.0 started, EHCI 1.00
[    4.898327] usb usb1: New USB device found, idVendor=1d6b, idProduct=0002
[    4.898419] usb usb1: New USB device strings: Mfr=3, Product=2, SerialNumber=1
[    4.898542] usb usb1: Product: EHCI Host Controller
[    4.898632] usb usb1: Manufacturer: Linux 2.6.32.57 ehci_hcd
[    4.898723] usb usb1: SerialNumber: 0000:00:1a.7
[    4.898867] usb usb1: configuration #1 chosen from 1 choice
[    4.898987] hub 1-0:1.0: USB hub found
[    4.899083] hub 1-0:1.0: 4 ports detected
[    4.899431] ehci_hcd 0000:00:1d.7: power state changed by ACPI to D0
[    4.899680] ehci_hcd 0000:00:1d.7: power state changed by ACPI to D0
[    4.899781] ehci_hcd 0000:00:1d.7: PCI INT D -> GSI 19 (level, low) -> IRQ 19
[    4.899883] ehci_hcd 0000:00:1d.7: setting latency timer to 64
[    4.899886] ehci_hcd 0000:00:1d.7: EHCI Host Controller
[    4.900013] ehci_hcd 0000:00:1d.7: new USB bus registered, assigned bus number 2
[    4.900170] ehci_hcd 0000:00:1d.7: debug port 1
[    4.904164] ehci_hcd 0000:00:1d.7: cache line size of 32 is not supported
[    4.904172] ehci_hcd 0000:00:1d.7: irq 19, io mem 0xfe227000
[    4.914218] ehci_hcd 0000:00:1d.7: USB 2.0 started, EHCI 1.00
[    4.914327] usb usb2: New USB device found, idVendor=1d6b, idProduct=0002
[    4.914416] usb usb2: New USB device strings: Mfr=3, Product=2, SerialNumber=1
[    4.914536] usb usb2: Product: EHCI Host Controller
[    4.914626] usb usb2: Manufacturer: Linux 2.6.32.57 ehci_hcd
[    4.914716] usb usb2: SerialNumber: 0000:00:1d.7
[    4.914854] usb usb2: configuration #1 chosen from 1 choice
[    4.914973] hub 2-0:1.0: USB hub found
[    4.915066] hub 2-0:1.0: 6 ports detected
[    4.915251] 116x: driver isp116x-hcd, 03 Nov 2005
[    4.915357] ohci_hcd: USB 1.1 'Open' Host Controller (OHCI) Driver
[    4.915470] uhci_hcd: USB Universal Host Controller Interface driver
[    4.915578] uhci_hcd 0000:00:1a.0: PCI INT A -> GSI 20 (level, low) -> IRQ 20
[    4.915675] uhci_hcd 0000:00:1a.0: setting latency timer to 64
[    4.915678] uhci_hcd 0000:00:1a.0: UHCI Host Controller
[    4.915807] uhci_hcd 0000:00:1a.0: new USB bus registered, assigned bus number 3
[    4.915958] uhci_hcd 0000:00:1a.0: irq 20, io base 0x00001860
[    4.916074] usb usb3: New USB device found, idVendor=1d6b, idProduct=0001
[    4.916168] usb usb3: New USB device strings: Mfr=3, Product=2, SerialNumber=1
[    4.916298] usb usb3: Product: UHCI Host Controller
[    4.916386] usb usb3: Manufacturer: Linux 2.6.32.57 uhci_hcd
[    4.916477] usb usb3: SerialNumber: 0000:00:1a.0
[    4.916613] usb usb3: configuration #1 chosen from 1 choice
[    4.916734] hub 3-0:1.0: USB hub found
[    4.916830] hub 3-0:1.0: 2 ports detected
[    4.917142] uhci_hcd 0000:00:1a.1: power state changed by ACPI to D0
[    4.917447] uhci_hcd 0000:00:1a.1: power state changed by ACPI to D0
[    4.917543] uhci_hcd 0000:00:1a.1: PCI INT B -> GSI 21 (level, low) -> IRQ 21
[    4.917638] uhci_hcd 0000:00:1a.1: setting latency timer to 64
[    4.917643] uhci_hcd 0000:00:1a.1: UHCI Host Controller
[    4.917771] uhci_hcd 0000:00:1a.1: new USB bus registered, assigned bus number 4
[    4.917921] uhci_hcd 0000:00:1a.1: irq 21, io base 0x00001880
[    4.918036] usb usb4: New USB device found, idVendor=1d6b, idProduct=0001
[    4.918130] usb usb4: New USB device strings: Mfr=3, Product=2, SerialNumber=1
[    4.918256] usb usb4: Product: UHCI Host Controller
[    4.918346] usb usb4: Manufacturer: Linux 2.6.32.57 uhci_hcd
[    4.918440] usb usb4: SerialNumber: 0000:00:1a.1
[    4.918577] usb usb4: configuration #1 chosen from 1 choice
[    4.918695] hub 4-0:1.0: USB hub found
[    4.918787] hub 4-0:1.0: 2 ports detected
[    4.919075] uhci_hcd 0000:00:1d.0: power state changed by ACPI to D0
[    4.919305] uhci_hcd 0000:00:1d.0: power state changed by ACPI to D0
[    4.919401] uhci_hcd 0000:00:1d.0: PCI INT A -> GSI 16 (level, low) -> IRQ 16
[    4.919500] uhci_hcd 0000:00:1d.0: setting latency timer to 64
[    4.919504] uhci_hcd 0000:00:1d.0: UHCI Host Controller
[    4.919635] uhci_hcd 0000:00:1d.0: new USB bus registered, assigned bus number 5
[    4.919789] uhci_hcd 0000:00:1d.0: irq 16, io base 0x000018a0
[    4.919906] usb usb5: New USB device found, idVendor=1d6b, idProduct=0001
[    4.919996] usb usb5: New USB device strings: Mfr=3, Product=2, SerialNumber=1
[    4.920118] usb usb5: Product: UHCI Host Controller
[    4.920207] usb usb5: Manufacturer: Linux 2.6.32.57 uhci_hcd
[    4.920302] usb usb5: SerialNumber: 0000:00:1d.0
[    4.920439] usb usb5: configuration #1 chosen from 1 choice
[    4.920560] hub 5-0:1.0: USB hub found
[    4.920647] hub 5-0:1.0: 2 ports detected
[    4.920793] uhci_hcd 0000:00:1d.1: PCI INT B -> GSI 17 (level, low) -> IRQ 17
[    4.920892] uhci_hcd 0000:00:1d.1: setting latency timer to 64
[    4.920897] uhci_hcd 0000:00:1d.1: UHCI Host Controller
[    4.921025] uhci_hcd 0000:00:1d.1: new USB bus registered, assigned bus number 6
[    4.921172] uhci_hcd 0000:00:1d.1: irq 17, io base 0x000018c0
[    4.921291] usb usb6: New USB device found, idVendor=1d6b, idProduct=0001
[    4.921383] usb usb6: New USB device strings: Mfr=3, Product=2, SerialNumber=1
[    4.921508] usb usb6: Product: UHCI Host Controller
[    4.921597] usb usb6: Manufacturer: Linux 2.6.32.57 uhci_hcd
[    4.921690] usb usb6: SerialNumber: 0000:00:1d.1
[    4.921821] usb usb6: configuration #1 chosen from 1 choice
[    4.921937] hub 6-0:1.0: USB hub found
[    4.922029] hub 6-0:1.0: 2 ports detected
[    4.922310] uhci_hcd 0000:00:1d.2: power state changed by ACPI to D0
[    4.922552] uhci_hcd 0000:00:1d.2: power state changed by ACPI to D0
[    4.922649] uhci_hcd 0000:00:1d.2: PCI INT C -> GSI 18 (level, low) -> IRQ 18
[    4.922749] uhci_hcd 0000:00:1d.2: setting latency timer to 64
[    4.922754] uhci_hcd 0000:00:1d.2: UHCI Host Controller
[    4.922883] uhci_hcd 0000:00:1d.2: new USB bus registered, assigned bus number 7
[    4.923030] uhci_hcd 0000:00:1d.2: irq 18, io base 0x000018e0
[    4.923147] usb usb7: New USB device found, idVendor=1d6b, idProduct=0001
[    4.923245] usb usb7: New USB device strings: Mfr=3, Product=2, SerialNumber=1
[    4.923366] usb usb7: Product: UHCI Host Controller
[    4.923454] usb usb7: Manufacturer: Linux 2.6.32.57 uhci_hcd
[    4.923547] usb usb7: SerialNumber: 0000:00:1d.2
[    4.924339] usb usb7: configuration #1 chosen from 1 choice
[    4.924459] hub 7-0:1.0: USB hub found
[    4.924550] hub 7-0:1.0: 2 ports detected
[    4.924717] sl811: driver sl811-hcd, 19 May 2005
[    4.924825] r8a66597_hcd: driver r8a66597_hcd, 2009-05-26
[    4.924991] Initializing USB Mass Storage driver...
[    4.925116] usbcore: registered new interface driver usb-storage
[    4.925206] USB Mass Storage support registered.
[    4.925315] usbcore: registered new interface driver ums-alauda
[    4.925423] usbcore: registered new interface driver ums-cypress
[    4.925530] usbcore: registered new interface driver ums-datafab
[    4.925639] usbcore: registered new interface driver ums-freecom
[    4.925745] usbcore: registered new interface driver ums-isd200
[    4.925855] usbcore: registered new interface driver ums-jumpshot
[    4.925966] usbcore: registered new interface driver ums-karma
[    4.926073] usbcore: registered new interface driver ums-onetouch
[    4.926181] usbcore: registered new interface driver ums-sddr09
[    4.926301] usbcore: registered new interface driver ums-sddr55
[    4.926410] usbcore: registered new interface driver ums-usbat
[    4.926553] PNP: PS/2 Controller [PNP0303:KBD,PNP0f13:MOU] at 0x60,0x64 irq 1,12
[    4.934920] serio: i8042 KBD port at 0x60,0x64 irq 1
[    4.935010] serio: i8042 AUX port at 0x60,0x64 irq 12
[    4.935262] mice: PS/2 mouse device common for all mice
[    4.935373] i2c /dev entries driver
[    4.935506] md: linear personality registered for level -1
[    4.935599] md: raid0 personality registered for level 0
[    4.935688] md: raid1 personality registered for level 1
[    4.935782] md: raid10 personality registered for level 10
[    4.935874] md: raid6 personality registered for level 6
[    4.935966] md: raid5 personality registered for level 5
[    4.936062] md: raid4 personality registered for level 4
[    4.936149] md: multipath personality registered for level -4
[    4.936347] device-mapper: ioctl: 4.15.0-ioctl (2009-04-01) initialised: dm-devel@redhat.com
[    4.936556] cpuidle: using governor ladder
[    4.937148] usbcore: registered new interface driver usbhid
[    4.937260] usbhid: v2.6:USB HID core driver
[    4.937402] random 0014 0000 0000 00000000 00000000: rand_read_num 4 get_random_bytes(136): sig 00000000 00000000 00000000
[    4.937405] random 0014 0000 0000 00000000 00000000: extract_entropy(.. 136 ..)
[    4.937408] random 0014 0000 0000 00000000 00000000: going to reseed nonblocking with 1024 bits (1088 of 0 requested)
[    4.937410] random 0014 0000 0000 00000000 00000000: extract_entropy(.. 128 ..)
[    4.937412] random 0014 0000 0000 00000000 00000000: trying to extract 1024 bits from input
[    4.937415] random 0014 0000 0000 00000000 00000000: debiting 0 entropy credits from input
[    4.937417] random 0014 0000 0000 00000000 00000000: extract_entropy account returned: 0 
[    4.937420] random 0014 0000 0000 00000000 00000000: urand_change_num 7 xfer_secondary_pool(136): pool_sig 00000000, data_sig 00000000, bytes_mixed 0 00000000 00000000
[    4.937423] random 0014 0000 0000 00000000 00000000: trying to extract 1088 bits from nonblocking
[    4.937425] random 0014 0000 0000 00000000 00000000: debiting 1088 entropy credits from nonblocking (unlimited)
[    4.937427] random 0014 0000 0000 00000000 00000000: extract_entropy account returned: 136 
[    4.937432] random 0014 0000 0000 00000000 00000000: urand_change_num 8 extract_buf: pool_sig 00000000, data_sig fffffff9, bytes_mixed 20 00000000 00000000
[    4.937437] random 0014 0000 0000 b7c35b56 be4dc95d: urand_change_num 9 extract_buf: pool_sig fffffd1e, data_sig 000000c5, bytes_mixed 20 b7c35b56 be4dc95d
[    4.937442] random 0014 0000 0000 ed9f5c47 c48487fb: urand_change_num 10 extract_buf: pool_sig fffff8ec, data_sig ffffff68, bytes_mixed 20 ed9f5c47 c48487fb
[    4.937448] random 0014 0000 0000 ed9f5c47 c48487fb: urand_change_num 11 extract_buf: pool_sig fffffaed, data_sig 000001aa, bytes_mixed 20 ed9f5c47 c48487fb
[    4.937453] random 0014 0000 0000 1b4f7c0a 91bd6a48: urand_change_num 12 extract_buf: pool_sig fffffdd8, data_sig 00000064, bytes_mixed 20 1b4f7c0a 91bd6a48
[    4.937458] random 0014 0000 0000 a254b9bc 20e9a24f: urand_change_num 13 extract_buf: pool_sig fffffbe6, data_sig 000001dd, bytes_mixed 20 a254b9bc 20e9a24f
[    4.937464] random 0014 0000 0000 a254b9bc 20e9a24f: urand_change_num 14 extract_buf: pool_sig fffff940, data_sig fffffe20, bytes_mixed 20 a254b9bc 20e9a24f
[    4.937469] random 0014 0000 0000 2831a66b 5fa2a3ad: urand_change_num 15 extract_buf: pool_sig fffffbce, data_sig 0000007e, bytes_mixed 20 2831a66b 5fa2a3ad
[    4.937474] random 0014 0000 0000 2831a66b 5fa2a3ad: urand_change_num 16 extract_buf: pool_sig 000004df, data_sig fffffe8f, bytes_mixed 20 2831a66b 5fa2a3ad
[    4.937479] random 0014 0000 0000 d4512bfd c9a54e0b: urand_change_num 17 extract_buf: pool_sig 00000485, data_sig fffffe68, bytes_mixed 20 d4512bfd c9a54e0b
[    4.937491] random 0014 0000 0000 c7371be6 f9ffea11: urand_change_num 18 extract_buf: pool_sig 00000095, data_sig ffffffed, bytes_mixed 20 c7371be6 f9ffea11
[    4.937496] random 0014 0000 0000 c7371be6 f9ffea11: urand_change_num 19 extract_buf: pool_sig 000003a7, data_sig fffffefa, bytes_mixed 20 c7371be6 f9ffea11
[    4.937501] random 0014 0000 0000 8fb4b62c d1ddba54: urand_change_num 20 extract_buf: pool_sig 00000179, data_sig ffffff78, bytes_mixed 20 8fb4b62c d1ddba54
[    4.937507] random 0014 0000 0000 9ff19f9c c07a1d2a: urand_change_num 21 extract_buf: pool_sig fffffe88, data_sig 00000126, bytes_mixed 20 9ff19f9c c07a1d2a
[    4.937511] TCP cubic registered
[    4.937597] Initializing XFRM netlink socket
[    4.937688] NET: Registered protocol family 17
[    4.937784] Using IPI Shortcut mode
[    4.937874] random 0014 0000 0000 9ff19f9c c07a1d2a: rand_read_num 5 get_random_bytes(8): sig 0000031b 9ff19f9c c07a1d2a
[    4.937876] random 0014 0000 0000 9ff19f9c c07a1d2a: extract_entropy(.. 8 ..)
[    4.937879] random 0014 0000 0000 9ff19f9c c07a1d2a: going to reseed nonblocking with 64 bits (64 of 0 requested)
[    4.937881] random 0014 0000 0000 9ff19f9c c07a1d2a: extract_entropy(.. 8 ..)
[    4.937883] random 0014 0000 0000 9ff19f9c c07a1d2a: trying to extract 64 bits from input
[    4.937885] random 0014 0000 0000 9ff19f9c c07a1d2a: debiting 0 entropy credits from input
[    4.937887] random 0014 0000 0000 9ff19f9c c07a1d2a: extract_entropy account returned: 0 
[    4.937890] random 0014 0000 0000 9ff19f9c c07a1d2a: urand_change_num 22 xfer_secondary_pool(8): pool_sig 0000031b, data_sig 00000000, bytes_mixed 0 9ff19f9c c07a1d2a
[    4.937893] random 0014 0000 0000 9ff19f9c c07a1d2a: trying to extract 64 bits from nonblocking
[    4.937896] random 0014 0000 0000 9ff19f9c c07a1d2a: debiting 64 entropy credits from nonblocking (unlimited)
[    4.937898] random 0014 0000 0000 9ff19f9c c07a1d2a: extract_entropy account returned: 8 
[    4.937902] random 0014 0000 0000 9ff19f9c c07a1d2a: urand_change_num 23 extract_buf: pool_sig 0000031b, data_sig ffffffb3, bytes_mixed 20 9ff19f9c c07a1d2a
[    4.941121] input: AT Translated Set 2 keyboard as /devices/platform/i8042/serio0/input/input1
[    5.131203] ata1: SATA link up 1.5 Gbps (SStatus 113 SControl 300)
[    5.131309] ata3: SATA link down (SStatus 0 SControl 300)
[    5.133001] ata1.00: ACPI cmd ef/02:00:00:00:00:a0 (SET FEATURES) succeeded
[    5.133004] ata1.00: ACPI cmd f5/00:00:00:00:00:a0 (SECURITY FREEZE LOCK) filtered out
[    5.134397] ata1.00: ACPI cmd ef/5f:00:00:00:00:a0 (SET FEATURES) succeeded
[    5.134399] ata1.00: ACPI cmd ef/10:03:00:00:00:a0 (SET FEATURES) filtered out
[    5.136307] ata1.00: ATA-7: ST910021AS, 4.06, max UDMA/100
[    5.136398] ata1.00: 195371568 sectors, multi 16: LBA48 
[    5.138547] ata1.00: ACPI cmd ef/02:00:00:00:00:a0 (SET FEATURES) succeeded
[    5.138550] ata1.00: ACPI cmd f5/00:00:00:00:00:a0 (SECURITY FREEZE LOCK) filtered out
[    5.139938] ata1.00: ACPI cmd ef/5f:00:00:00:00:a0 (SET FEATURES) succeeded
[    5.139940] ata1.00: ACPI cmd ef/10:03:00:00:00:a0 (SET FEATURES) filtered out
[    5.141866] ata1.00: configured for UDMA/100
[    5.152250] scsi 2:0:0:0: Direct-Access     ATA      ST910021AS       4.06 PQ: 0 ANSI: 5
[    5.152531] sd 2:0:0:0: [sda] 195371568 512-byte logical blocks: (100 GB/93.1 GiB)
[    5.152678] sd 2:0:0:0: [sda] Write Protect is off
[    5.152770] sd 2:0:0:0: [sda] Mode Sense: 00 3a 00 00
[    5.152782] sd 2:0:0:0: [sda] Write cache: enabled, read cache: enabled, doesn't support DPO or FUA
[    5.152976]  sda:
[    5.217178] usb 2-1: new high speed USB device using ehci_hcd and address 2
[    5.366530] usb 2-1: New USB device found, idVendor=0e8d, idProduct=1806
[    5.366620] usb 2-1: New USB device strings: Mfr=1, Product=2, SerialNumber=3
[    5.366711] usb 2-1: Product: MT1806 
[    5.366793] usb 2-1: Manufacturer: MediaTek Inc
[    5.366875] usb 2-1: SerialNumber: R8KN6GAC800AEB 
[    5.367012] usb 2-1: configuration #1 chosen from 1 choice
[    5.373447] scsi5 : SCSI emulation for USB Mass Storage devices
[    5.373618] usb-storage: device found at 2
[    5.373619] usb-storage: waiting for device to settle before scanning
[    5.565597] random 0014 0000 0000 277f73c3 42024bb9: add_disk_randomness(8:0) 277f73c3 42024bb9
[    5.565601] random 0014 0000 0000 277f73c3 42024bb9: add_timer_randomness(.. 8388864) with jiffies: 13555430863696265607, cycles: -4891313214307958773
[    5.565604] random 0014 0000 0000 277f73c3 42024bb9: added 11 entropy credits to input
[    5.565609]  sda1 sda2
[    5.566168] random 0025 0000 0000 277f73c3 42024bb9: add_disk_randomness(8:0) 277f73c3 42024bb9
[    5.566171] random 0025 0000 0000 277f73c3 42024bb9: add_timer_randomness(.. 8388864) with jiffies: 13560555253601632648, cycles: -4886188824402591733
[    5.566326] sd 2:0:0:0: [sda] Attached SCSI disk
[    5.566419] random 0025 0000 0000 277f73c3 42024bb9: rand_read_num 6 get_random_bytes(12): sig 000007e9 277f73c3 42024bb9
[    5.566422] random 0025 0000 0000 277f73c3 42024bb9: extract_entropy(.. 12 ..)
[    5.566424] random 0025 0000 0000 277f73c3 42024bb9: going to reseed nonblocking with 96 bits (96 of 0 requested)
[    5.566426] random 0025 0000 0000 277f73c3 42024bb9: extract_entropy(.. 12 ..)
[    5.566428] random 0025 0000 0000 277f73c3 42024bb9: trying to extract 96 bits from input
[    5.566431] random 0025 0000 0000 277f73c3 42024bb9: debiting 0 entropy credits from input
[    5.566433] random 0025 0000 0000 277f73c3 42024bb9: extract_entropy account returned: 0 
[    5.566436] random 0025 0000 0000 277f73c3 42024bb9: urand_change_num 24 xfer_secondary_pool(12): pool_sig 000007e9, data_sig 00000000, bytes_mixed 0 277f73c3 42024bb9
[    5.566439] random 0025 0000 0000 277f73c3 42024bb9: trying to extract 96 bits from nonblocking
[    5.566441] random 0025 0000 0000 277f73c3 42024bb9: debiting 96 entropy credits from nonblocking (unlimited)
[    5.566443] random 0025 0000 0000 277f73c3 42024bb9: extract_entropy account returned: 12 
[    5.566448] random 0025 0000 0000 277f73c3 42024bb9: urand_change_num 25 extract_buf: pool_sig 000007e9, data_sig 00000088, bytes_mixed 20 277f73c3 42024bb9
[    5.566453] random 0025 0000 0000 277f73c3 42024bb9: urand_change_num 26 extract_buf: pool_sig 00000498, data_sig fffffefb, bytes_mixed 20 277f73c3 42024bb9
[    5.566456] RANDOM - __seed init called.
[    5.566457] RANDOM - __seed init called.
[    5.566458] RANDOM - __seed init called.
[    5.566459] RANDOM - __random32 called. Change num 12.  Value: 87f14767	f0d7351	b1e48bd3
[    5.566461] RANDOM - random32_reseed called.  Value: 87f14767	f0d7351	b1e48bd3
[    5.566464] Pid: 1, comm: swapper Not tainted 2.6.32.57 #6
[    5.566558] Call Trace:
[    5.566649]  [<c1923ca4>] ? random32_reseed+0xa0/0xb1
[    5.566739]  [<c1923c04>] ? random32_reseed+0x0/0xb1
[    5.566835]  [<c100111e>] ? do_one_initcall+0x2e/0x180
[    5.566923]  [<c1907265>] ? kernel_init+0xad/0x103
[    5.567012]  [<c19071b8>] ? kernel_init+0x0/0x103
[    5.567100]  [<c1003787>] ? kernel_thread_helper+0x7/0x10
[    5.567644] random 0025 0000 0000 386b4e60 ee4d4880: rand_read_num 7 get_random_bytes(64): sig fffffea5 386b4e60 ee4d4880
[    5.567647] random 0025 0000 0000 386b4e60 ee4d4880: extract_entropy(.. 64 ..)
[    5.567649] random 0025 0000 0000 386b4e60 ee4d4880: going to reseed nonblocking with 512 bits (512 of 0 requested)
[    5.567652] random 0025 0000 0000 386b4e60 ee4d4880: extract_entropy(.. 64 ..)
[    5.567654] random 0025 0000 0000 386b4e60 ee4d4880: trying to extract 512 bits from input
[    5.567656] random 0025 0000 0000 386b4e60 ee4d4880: debiting 0 entropy credits from input
[    5.567658] random 0025 0000 0000 386b4e60 ee4d4880: extract_entropy account returned: 0 
[    5.567661] random 0025 0000 0000 386b4e60 ee4d4880: urand_change_num 27 xfer_secondary_pool(64): pool_sig fffffea5, data_sig 00000000, bytes_mixed 0 386b4e60 ee4d4880
[    5.567664] random 0025 0000 0000 386b4e60 ee4d4880: trying to extract 512 bits from nonblocking
[    5.567667] random 0025 0000 0000 386b4e60 ee4d4880: debiting 512 entropy credits from nonblocking (unlimited)
[    5.567669] random 0025 0000 0000 386b4e60 ee4d4880: extract_entropy account returned: 64 
[    5.567673] random 0025 0000 0000 386b4e60 ee4d4880: urand_change_num 28 extract_buf: pool_sig fffffea5, data_sig 00000173, bytes_mixed 20 386b4e60 ee4d4880
[    5.567678] random 0025 0000 0000 412698f6 0cc8689a: urand_change_num 29 extract_buf: pool_sig 00000122, data_sig ffffff63, bytes_mixed 20 412698f6 0cc8689a
[    5.567684] random 0025 0000 0000 412698f6 0cc8689a: urand_change_num 30 extract_buf: pool_sig 000001f7, data_sig 00000012, bytes_mixed 20 412698f6 0cc8689a
[    5.567689] random 0025 0000 0000 9669941e 06f768b1: urand_change_num 31 extract_buf: pool_sig fffffb5b, data_sig 0000003f, bytes_mixed 20 9669941e 06f768b1
[    5.567694] random 0025 0000 0000 98486520 995551f0: urand_change_num 32 extract_buf: pool_sig fffffb39, data_sig 0000000e, bytes_mixed 20 98486520 995551f0
[    5.567700] random 0025 0000 0000 98486520 995551f0: urand_change_num 33 extract_buf: pool_sig fffffd8d, data_sig 000001a6, bytes_mixed 20 98486520 995551f0
[    5.567705] random 0025 0000 0000 61fc8914 d5882ed2: urand_change_num 34 extract_buf: pool_sig fffffa58, data_sig 0000023e, bytes_mixed 20 61fc8914 d5882ed2
[    5.567734] random 0025 0000 0000 61fc8914 d5882ed2: rand_read_num 8 get_random_bytes(64): sig fffff9ee 61fc8914 d5882ed2
[    5.567737] random 0025 0000 0000 61fc8914 d5882ed2: extract_entropy(.. 64 ..)
[    5.567739] random 0025 0000 0000 61fc8914 d5882ed2: going to reseed nonblocking with 512 bits (512 of 0 requested)
[    5.567741] random 0025 0000 0000 61fc8914 d5882ed2: extract_entropy(.. 64 ..)
[    5.567743] random 0025 0000 0000 61fc8914 d5882ed2: trying to extract 512 bits from input
[    5.567745] random 0025 0000 0000 61fc8914 d5882ed2: debiting 0 entropy credits from input
[    5.567747] random 0025 0000 0000 61fc8914 d5882ed2: extract_entropy account returned: 0 
[    5.567751] random 0025 0000 0000 61fc8914 d5882ed2: urand_change_num 35 xfer_secondary_pool(64): pool_sig fffff9ee, data_sig 00000000, bytes_mixed 0 61fc8914 d5882ed2
[    5.567754] random 0025 0000 0000 61fc8914 d5882ed2: trying to extract 512 bits from nonblocking
[    5.567756] random 0025 0000 0000 61fc8914 d5882ed2: debiting 512 entropy credits from nonblocking (unlimited)
[    5.567758] random 0025 0000 0000 61fc8914 d5882ed2: extract_entropy account returned: 64 
[    5.567762] random 0025 0000 0000 61fc8914 d5882ed2: urand_change_num 36 extract_buf: pool_sig fffff9ee, data_sig ffffff85, bytes_mixed 20 61fc8914 d5882ed2
[    5.567767] random 0025 0000 0000 70cfd302 e5edec11: urand_change_num 37 extract_buf: pool_sig fffffdc1, data_sig ffffffde, bytes_mixed 20 70cfd302 e5edec11
[    5.567773] random 0025 0000 0000 00dab838 eafd2b30: urand_change_num 38 extract_buf: pool_sig 000003da, data_sig ffffff61, bytes_mixed 20 00dab838 eafd2b30
[    5.567778] random 0025 0000 0000 00dab838 eafd2b30: urand_change_num 39 extract_buf: pool_sig 00000314, data_sig 00000121, bytes_mixed 20 00dab838 eafd2b30
[    5.567783] random 0025 0000 0000 5fcdf66a 6442b608: urand_change_num 40 extract_buf: pool_sig 0000028b, data_sig fffffefd, bytes_mixed 20 5fcdf66a 6442b608
[    5.567789] random 0025 0000 0000 61333f6b 8fae0f9b: urand_change_num 41 extract_buf: pool_sig 000000cb, data_sig 000000b3, bytes_mixed 20 61333f6b 8fae0f9b
[    5.567794] random 0025 0000 0000 61333f6b 8fae0f9b: urand_change_num 42 extract_buf: pool_sig fffffef8, data_sig 00000051, bytes_mixed 20 61333f6b 8fae0f9b
[    5.567797] BEGIN NET_SECRET:
[    5.567798] \xffffffe0
[    5.567799] \xffffffb6
[    5.567799] \x36
[    5.567800] \xffffffb5
[    5.567801] \xffffff94
[    5.567802] \xffffffb2
[    5.567803] \xffffffa8
[    5.567804] \xffffffda
[    5.567804] \x5b
[    5.567805] \x19
[    5.567806] \x18
[    5.567806] \x5c
[    5.567807] \x2b
[    5.567808] \x1
[    5.567809] \xffffff90
[    5.567810] \x19
[    5.567810] \x3c
[    5.567811] \xfffffff2
[    5.567812] \xffffff82
[    5.567813] \x2a
[    5.567813] \xffffffb3
[    5.567814] \xffffffa2
[    5.567815] \x3f
[    5.567816] \x5
[    5.567817] \x52
[    5.567817] \x77
[    5.567818] \x57
[    5.567819] \x79
[    5.567819] \x16
[    5.567820] \x43
[    5.567821] \xffffff84
[    5.567822] \xffffffc3
[    5.567822] \xffffffe9
[    5.567823] \x79
[    5.567824] \x50
[    5.567825] \xffffff8e
[    5.567825] \x3f
[    5.567826] \xfffffff3
[    5.567827] \x19
[    5.567828] \x2a
[    5.567829] \xfffffffd
[    5.567829] \xfffffffb
[    5.567830] \x62
[    5.567831] \x3c
[    5.567832] \xffffffac
[    5.567832] \x1c
[    5.567833] \x3b
[    5.567834] \x3b
[    5.567835] \x15
[    5.567835] \x27
[    5.567836] \xffffffa8
[    5.567837] \x22
[    5.567838] \xffffffc5
[    5.567839] \xffffff9a
[    5.567839] \x5
[    5.567840] \x6c
[    5.567841] \xffffffa8
[    5.567842] \x3a
[    5.567842] \x44
[    5.567843] \xffffffaf
[    5.567844] \x13
[    5.567845] \xffffffe0
[    5.567846] \xffffff9d
[    5.567846] \x22
[    5.567847] 
[    5.567847] END NET_SECRET
[    5.567850] random 0025 0000 0000 e7f555d9 e8ce5c3c: rand_read_num 9 get_random_bytes(4): sig 0000068c e7f555d9 e8ce5c3c
[    5.567852] random 0025 0000 0000 e7f555d9 e8ce5c3c: extract_entropy(.. 4 ..)
[    5.567855] random 0025 0000 0000 e7f555d9 e8ce5c3c: going to reseed nonblocking with 64 bits (32 of 0 requested)
[    5.567857] random 0025 0000 0000 e7f555d9 e8ce5c3c: extract_entropy(.. 8 ..)
[    5.567859] random 0025 0000 0000 e7f555d9 e8ce5c3c: trying to extract 64 bits from input
[    5.567861] random 0025 0000 0000 e7f555d9 e8ce5c3c: debiting 0 entropy credits from input
[    5.567863] random 0025 0000 0000 e7f555d9 e8ce5c3c: extract_entropy account returned: 0 
[    5.567866] random 0025 0000 0000 e7f555d9 e8ce5c3c: urand_change_num 43 xfer_secondary_pool(4): pool_sig 0000068c, data_sig 00000000, bytes_mixed 0 e7f555d9 e8ce5c3c
[    5.567869] random 0025 0000 0000 e7f555d9 e8ce5c3c: trying to extract 32 bits from nonblocking
[    5.567872] random 0025 0000 0000 e7f555d9 e8ce5c3c: debiting 32 entropy credits from nonblocking (unlimited)
[    5.567874] random 0025 0000 0000 e7f555d9 e8ce5c3c: extract_entropy account returned: 4 
[    5.567878] random 0025 0000 0000 e7f555d9 e8ce5c3c: urand_change_num 44 extract_buf: pool_sig 0000068c, data_sig fffffdcb, bytes_mixed 20 e7f555d9 e8ce5c3c
[    5.567889] md: Waiting for all devices to be available before autodetect
[    5.567981] md: If you don't use raid, use raid=noautodetect
[    5.568153] md: Autodetecting RAID arrays.
[    5.568241] md: Scanned 0 and added 0 devices.
[    5.568329] md: autorun ...
[    5.568412] md: ... autorun DONE.
[    5.581804] random 0025 0000 0000 e7f555d9 e8ce5c3c: add_disk_randomness(8:0) e7f555d9 e8ce5c3c
[    5.581807] random 0025 0000 0000 e7f555d9 e8ce5c3c: add_timer_randomness(.. 8388864) with jiffies: 13701253962697245079, cycles: -4745490115306979317
[    5.581810] random 0025 0000 0000 e7f555d9 e8ce5c3c: added 3 entropy credits to input
[    5.582928] random 0028 0000 0000 e7f555d9 e8ce5c3c: add_disk_randomness(8:0) e7f555d9 e8ce5c3c
[    5.582932] random 0028 0000 0000 e7f555d9 e8ce5c3c: add_timer_randomness(.. 8388864) with jiffies: 13711373356618187160, cycles: -4735370721386037237
[    5.583004] random 0028 0000 0000 e7f555d9 e8ce5c3c: add_disk_randomness(8:0) e7f555d9 e8ce5c3c
[    5.583007] random 0028 0000 0000 e7f555d9 e8ce5c3c: add_timer_randomness(.. 8388864) with jiffies: 13712050355133186456, cycles: -4734693722871037941
[    5.583012] EXT3-fs: sda2: couldn't mount because of unsupported optional features (240).
[    5.583267] random 0028 0000 0000 e7f555d9 e8ce5c3c: add_disk_randomness(8:0) e7f555d9 e8ce5c3c
[    5.583270] random 0028 0000 0000 e7f555d9 e8ce5c3c: add_timer_randomness(.. 8388864) with jiffies: 13714410920698675609, cycles: -4732333157305548789
[    5.583275] EXT2-fs: sda2: couldn't mount because of unsupported optional features (240).
[    5.583498] random 0028 0000 0000 e7f555d9 e8ce5c3c: add_disk_randomness(8:0) e7f555d9 e8ce5c3c
[    5.583501] random 0028 0000 0000 e7f555d9 e8ce5c3c: add_timer_randomness(.. 8388864) with jiffies: 13716488546703606169, cycles: -4730255531300618229
[    5.583638] random 0028 0000 0000 e7f555d9 e8ce5c3c: add_disk_randomness(8:0) e7f555d9 e8ce5c3c
[    5.583641] random 0028 0000 0000 e7f555d9 e8ce5c3c: add_timer_randomness(.. 8388864) with jiffies: 13717756365214810521, cycles: -4728987712789413877
[    5.583795] random 0028 0000 0000 e7f555d9 e8ce5c3c: add_disk_randomness(8:0) e7f555d9 e8ce5c3c
[    5.583798] random 0028 0000 0000 e7f555d9 e8ce5c3c: add_timer_randomness(.. 8388864) with jiffies: 13719163757278232985, cycles: -4727580320725991413
[    5.583919] random 0028 0000 0000 e7f555d9 e8ce5c3c: add_disk_randomness(8:0) e7f555d9 e8ce5c3c
[    5.583922] random 0028 0000 0000 e7f555d9 e8ce5c3c: add_timer_randomness(.. 8388864) with jiffies: 13720288119586783641, cycles: -4726455958417440757
[    5.584038] random 0028 0000 0000 e7f555d9 e8ce5c3c: add_disk_randomness(8:0) e7f555d9 e8ce5c3c
[    5.584041] random 0028 0000 0000 e7f555d9 e8ce5c3c: add_timer_randomness(.. 8388864) with jiffies: 13721357957285511577, cycles: -4725386120718712821
[    5.584152] random 0028 0000 0000 e7f555d9 e8ce5c3c: add_disk_randomness(8:0) e7f555d9 e8ce5c3c
[    5.584155] random 0028 0000 0000 e7f555d9 e8ce5c3c: add_timer_randomness(.. 8388864) with jiffies: 13722368404176470426, cycles: -4724375673827753973
[    5.584305] random 0028 0000 0000 e7f555d9 e8ce5c3c: add_disk_randomness(8:0) e7f555d9 e8ce5c3c
[    5.584308] random 0028 0000 0000 e7f555d9 e8ce5c3c: add_timer_randomness(.. 8388864) with jiffies: 13723745087223726490, cycles: -4722998990780497909
[    5.584427] random 0028 0000 0000 e7f555d9 e8ce5c3c: add_disk_randomness(8:0) e7f555d9 e8ce5c3c
[    5.584430] random 0028 0000 0000 e7f555d9 e8ce5c3c: add_timer_randomness(.. 8388864) with jiffies: 13724845097067708826, cycles: -4721898980936515573
[    5.584667] random 0028 0000 0000 e7f555d9 e8ce5c3c: rand_read_num 10 get_random_bytes(4): sig ffffff72 e7f555d9 e8ce5c3c
[    5.584670] random 0028 0000 0000 e7f555d9 e8ce5c3c: extract_entropy(.. 4 ..)
[    5.584672] random 0028 0000 0000 e7f555d9 e8ce5c3c: going to reseed nonblocking with 64 bits (32 of 0 requested)
[    5.584674] random 0028 0000 0000 e7f555d9 e8ce5c3c: extract_entropy(.. 8 ..)
[    5.584676] random 0028 0000 0000 e7f555d9 e8ce5c3c: trying to extract 64 bits from input
[    5.584678] random 0028 0000 0000 e7f555d9 e8ce5c3c: debiting 0 entropy credits from input
[    5.584680] random 0028 0000 0000 e7f555d9 e8ce5c3c: extract_entropy account returned: 0 
[    5.584684] random 0028 0000 0000 e7f555d9 e8ce5c3c: urand_change_num 45 xfer_secondary_pool(4): pool_sig ffffff72, data_sig 00000000, bytes_mixed 0 e7f555d9 e8ce5c3c
[    5.584686] random 0028 0000 0000 e7f555d9 e8ce5c3c: trying to extract 32 bits from nonblocking
[    5.584689] random 0028 0000 0000 e7f555d9 e8ce5c3c: debiting 32 entropy credits from nonblocking (unlimited)
[    5.584691] random 0028 0000 0000 e7f555d9 e8ce5c3c: extract_entropy account returned: 4 
[    5.584695] random 0028 0000 0000 e7f555d9 e8ce5c3c: urand_change_num 46 extract_buf: pool_sig ffffff72, data_sig ffffff72, bytes_mixed 20 e7f555d9 e8ce5c3c
[    5.596256] random 0028 0000 0000 91716c54 eeb6a1e7: add_disk_randomness(8:0) 91716c54 eeb6a1e7
[    5.596259] random 0028 0000 0000 91716c54 eeb6a1e7: add_timer_randomness(.. 8388864) with jiffies: 13831280339487261094, cycles: -4615463738516963317
[    5.596262] random 0028 0000 0000 91716c54 eeb6a1e7: added 3 entropy credits to input
[    5.614531] random 0031 0000 0000 91716c54 eeb6a1e7: add_disk_randomness(8:0) 91716c54 eeb6a1e7
[    5.614534] random 0031 0000 0000 91716c54 eeb6a1e7: add_timer_randomness(.. 8388864) with jiffies: 13995708992001376696, cycles: -4451035086002847733
[    5.614536] random 0031 0000 0000 91716c54 eeb6a1e7: added 2 entropy credits to input
[    5.619269] EXT4-fs (sda2): mounted filesystem with ordered data mode
[    5.619468] VFS: Mounted root (ext4 filesystem) readonly on device 8:2.
[    5.619575] Freeing unused kernel memory: 448k freed
[    5.639678] random 0033 0000 0000 91716c54 eeb6a1e7: add_disk_randomness(8:0) 91716c54 eeb6a1e7
[    5.639681] random 0033 0000 0000 91716c54 eeb6a1e7: add_timer_randomness(.. 8388864) with jiffies: 14221978967350149585, cycles: -4224765110654074869
[    5.640449] random 0033 0000 0000 91716c54 eeb6a1e7: add_disk_randomness(8:0) 91716c54 eeb6a1e7
[    5.640452] random 0033 0000 0000 91716c54 eeb6a1e7: add_timer_randomness(.. 8388864) with jiffies: 14228910310126485970, cycles: -4217833767877738485
[    5.645132] random 0033 0000 0000 91716c54 eeb6a1e7: add_disk_randomness(8:0) 91716c54 eeb6a1e7
[    5.645135] random 0033 0000 0000 91716c54 eeb6a1e7: add_timer_randomness(.. 8388864) with jiffies: 14271040121074319831, cycles: -4175703956929904629
[    5.645137] random 0033 0000 0000 91716c54 eeb6a1e7: added 2 entropy credits to input
[    5.653334] random 0035 0000 0000 91716c54 eeb6a1e7: add_disk_randomness(8:0) 91716c54 eeb6a1e7
[    5.653337] random 0035 0000 0000 91716c54 eeb6a1e7: add_timer_randomness(.. 8388864) with jiffies: 14344840896308806111, cycles: -4101903181695418357
[    5.656755] random 0035 0000 0000 91716c54 eeb6a1e7: add_disk_randomness(8:0) 91716c54 eeb6a1e7
[    5.656758] random 0035 0000 0000 91716c54 eeb6a1e7: add_timer_randomness(.. 8388864) with jiffies: 14375632826818855394, cycles: -4071111251185369077
[    5.656761] random 0035 0000 0000 91716c54 eeb6a1e7: added 1 entropy credits to input
[    5.665648] random 0036 0000 0000 91716c54 eeb6a1e7: add_disk_randomness(8:0) 91716c54 eeb6a1e7
[    5.665651] random 0036 0000 0000 91716c54 eeb6a1e7: add_timer_randomness(.. 8388864) with jiffies: 14455648351011176939, cycles: -3991095726993047541
[    5.665654] random 0036 0000 0000 91716c54 eeb6a1e7: added 2 entropy credits to input
[    5.678929] random 0038 0000 0000 91716c54 eeb6a1e7: add_disk_randomness(8:0) 91716c54 eeb6a1e7
[    5.678932] random 0038 0000 0000 91716c54 eeb6a1e7: add_timer_randomness(.. 8388864) with jiffies: 14575142737846960632, cycles: -3871601340157263861
[    5.678934] random 0038 0000 0000 91716c54 eeb6a1e7: added 1 entropy credits to input
[    5.687003] random 0039 0000 0000 91716c54 eeb6a1e7: add_disk_randomness(8:0) 91716c54 eeb6a1e7
[    5.687006] random 0039 0000 0000 91716c54 eeb6a1e7: add_timer_randomness(.. 8388864) with jiffies: 14647796602194592256, cycles: -3798947475809632245
[    5.687009] random 0039 0000 0000 91716c54 eeb6a1e7: added 2 entropy credits to input
[    5.687032] RANDOM get_random_int call with cycles 50655150819, jiffies 4294672896 and pid 1
[    5.687035] RANDOM get_random_int call with cycles 50655157780, jiffies 4294672896 and pid 1
[    5.687037] ASLR stack rand value: 1867776 after shift for pid: 1
[    5.687038] RANDOM get_random_int call with cycles 50655165624, jiffies 4294672896 and pid 1
[    5.698651] random 0041 0000 0000 91716c54 eeb6a1e7: add_disk_randomness(8:0) 91716c54 eeb6a1e7
[    5.698654] random 0041 0000 0000 91716c54 eeb6a1e7: add_timer_randomness(.. 8388864) with jiffies: 14752589453415121420, cycles: -3694154624589103093
[    5.698657] random 0041 0000 0000 91716c54 eeb6a1e7: added 2 entropy credits to input
[    5.698667] RANDOM get_random_int call with cycles 50679523765, jiffies 4294672908 and pid 1
[    5.698670] random 0043 0000 0000 91716c54 eeb6a1e7: rand_read_num 11 get_random_bytes(16): sig fffffcad 91716c54 eeb6a1e7
[    5.698672] random 0043 0000 0000 91716c54 eeb6a1e7: extract_entropy(.. 16 ..)
[    5.698674] random 0043 0000 0000 91716c54 eeb6a1e7: going to reseed nonblocking with 128 bits (128 of 0 requested)
[    5.698677] random 0043 0000 0000 91716c54 eeb6a1e7: extract_entropy(.. 16 ..)
[    5.698679] random 0043 0000 0000 91716c54 eeb6a1e7: trying to extract 128 bits from input
[    5.698681] random 0043 0000 0000 91716c54 eeb6a1e7: debiting 0 entropy credits from input
[    5.698683] random 0043 0000 0000 91716c54 eeb6a1e7: extract_entropy account returned: 0 
[    5.698686] random 0043 0000 0000 91716c54 eeb6a1e7: urand_change_num 47 xfer_secondary_pool(16): pool_sig fffffcad, data_sig 00000000, bytes_mixed 0 91716c54 eeb6a1e7
[    5.698689] random 0043 0000 0000 91716c54 eeb6a1e7: trying to extract 128 bits from nonblocking
[    5.698692] random 0043 0000 0000 91716c54 eeb6a1e7: debiting 128 entropy credits from nonblocking (unlimited)
[    5.698694] random 0043 0000 0000 91716c54 eeb6a1e7: extract_entropy account returned: 16 
[    5.698698] random 0043 0000 0000 91716c54 eeb6a1e7: urand_change_num 48 extract_buf: pool_sig fffffcad, data_sig ffffff19, bytes_mixed 20 91716c54 eeb6a1e7
[    5.698704] random 0043 0000 0000 fd637b06 6cf47bc1: urand_change_num 49 extract_buf: pool_sig fffffede, data_sig ffffffc1, bytes_mixed 20 fd637b06 6cf47bc1
[    5.699656] random 0043 0000 0000 fd637b06 6cf47bc1: add_disk_randomness(8:0) fd637b06 6cf47bc1
[    5.699659] random 0043 0000 0000 fd637b06 6cf47bc1: add_timer_randomness(.. 8388864) with jiffies: 14761637205751071245, cycles: -3685106872253153269
[    5.700803] random 0043 0000 0000 fd637b06 6cf47bc1: add_disk_randomness(8:0) fd637b06 6cf47bc1
[    5.700806] random 0043 0000 0000 fd637b06 6cf47bc1: add_timer_randomness(.. 8388864) with jiffies: 14771955795960234510, cycles: -3674788282043990005
[    5.701954] random 0043 0000 0000 fd637b06 6cf47bc1: add_disk_randomness(8:0) fd637b06 6cf47bc1
[    5.701957] random 0043 0000 0000 fd637b06 6cf47bc1: add_timer_randomness(.. 8388864) with jiffies: 14782315965747790351, cycles: -3664428112256434165
[    5.702834] random 0043 0000 0000 fd637b06 6cf47bc1: add_disk_randomness(8:0) fd637b06 6cf47bc1
[    5.702837] random 0043 0000 0000 fd637b06 6cf47bc1: add_timer_randomness(.. 8388864) with jiffies: 14790232320618758672, cycles: -3656511757385465845
[    5.711646] random 0043 0000 0000 fd637b06 6cf47bc1: add_disk_randomness(8:0) fd637b06 6cf47bc1
[    5.711649] random 0043 0000 0000 fd637b06 6cf47bc1: add_timer_randomness(.. 8388864) with jiffies: 14869514655238947353, cycles: -3577229422765277173
[    5.711652] random 0043 0000 0000 fd637b06 6cf47bc1: added 3 entropy credits to input
[    5.711844] random 0046 0000 0000 fd637b06 6cf47bc1: add_disk_randomness(8:0) fd637b06 6cf47bc1
[    5.711847] random 0046 0000 0000 fd637b06 6cf47bc1: add_timer_randomness(.. 8388864) with jiffies: 14871303208470020633, cycles: -3575440869534203893
[    5.722033] random 0046 0000 0000 fd637b06 6cf47bc1: add_disk_randomness(8:0) fd637b06 6cf47bc1
[    5.722036] random 0046 0000 0000 fd637b06 6cf47bc1: add_timer_randomness(.. 8388864) with jiffies: 14962976528034136611, cycles: -3483767549970087925
[    5.722039] random 0046 0000 0000 fd637b06 6cf47bc1: added 3 entropy credits to input
[    5.722472] random 0049 0000 0000 fd637b06 6cf47bc1: add_disk_randomness(8:0) fd637b06 6cf47bc1
[    5.722475] random 0049 0000 0000 fd637b06 6cf47bc1: add_timer_randomness(.. 8388864) with jiffies: 14966921219272311332, cycles: -3479822858731913205
[    5.732214] random 0049 0000 0000 fd637b06 6cf47bc1: add_disk_randomness(8:0) fd637b06 6cf47bc1
[    5.732217] random 0049 0000 0000 fd637b06 6cf47bc1: add_timer_randomness(.. 8388864) with jiffies: 15054575166706909742, cycles: -3392168911297314805
[    5.732220] random 0049 0000 0000 fd637b06 6cf47bc1: added 3 entropy credits to input
[    5.732273] RANDOM get_random_int call with cycles 50749924774, jiffies 4294672942 and pid 1
[    5.736814] random 0052 0000 0000 fd637b06 6cf47bc1: add_disk_randomness(8:0) fd637b06 6cf47bc1
[    5.736818] random 0052 0000 0000 fd637b06 6cf47bc1: add_timer_randomness(.. 8388864) with jiffies: 15095974128839787058, cycles: -3350769949164437493
[    5.736821] random 0052 0000 0000 fd637b06 6cf47bc1: added 2 entropy credits to input
[    5.749643] random 0054 0000 0000 fd637b06 6cf47bc1: add_disk_randomness(8:0) fd637b06 6cf47bc1
[    5.749646] random 0054 0000 0000 fd637b06 6cf47bc1: add_timer_randomness(.. 8388864) with jiffies: 15211398407097385535, cycles: -3235345670906839029
[    5.749649] random 0054 0000 0000 fd637b06 6cf47bc1: added 3 entropy credits to input
[    5.749786] random 0057 0000 0000 fd637b06 6cf47bc1: add_disk_randomness(8:0) fd637b06 6cf47bc1
[    5.749789] random 0057 0000 0000 fd637b06 6cf47bc1: add_timer_randomness(.. 8388864) with jiffies: 15212687150689255999, cycles: -3234056927314968565
[    5.751944] random 0057 0000 0000 fd637b06 6cf47bc1: add_disk_randomness(8:0) fd637b06 6cf47bc1
[    5.751947] random 0057 0000 0000 fd637b06 6cf47bc1: add_timer_randomness(.. 8388864) with jiffies: 15232100798004167233, cycles: -3214643280000057333
[    5.751949] random 0057 0000 0000 fd637b06 6cf47bc1: added 1 entropy credits to input
[    5.752198] random 0058 0000 0000 fd637b06 6cf47bc1: add_disk_randomness(8:0) fd637b06 6cf47bc1
[    5.752201] random 0058 0000 0000 fd637b06 6cf47bc1: add_timer_randomness(.. 8388864) with jiffies: 15234378522240451138, cycles: -3212365555763773429
[    5.752374] random 0058 0000 0000 fd637b06 6cf47bc1: add_disk_randomness(8:0) fd637b06 6cf47bc1
[    5.752377] random 0058 0000 0000 fd637b06 6cf47bc1: add_timer_randomness(.. 8388864) with jiffies: 15235960710882886210, cycles: -3210783367121338357
[    5.755499] random 0058 0000 0000 fd637b06 6cf47bc1: add_disk_randomness(8:0) fd637b06 6cf47bc1
[    5.755502] random 0058 0000 0000 fd637b06 6cf47bc1: add_timer_randomness(.. 8388864) with jiffies: 15264083117355008581, cycles: -3182660960649215989
[    5.755505] random 0058 0000 0000 fd637b06 6cf47bc1: added 1 entropy credits to input
[    5.757513] random 0059 0000 0000 fd637b06 6cf47bc1: add_disk_randomness(8:0) fd637b06 6cf47bc1
[    5.757516] random 0059 0000 0000 fd637b06 6cf47bc1: add_timer_randomness(.. 8388864) with jiffies: 15282205452687606343, cycles: -3164538625316618229
[    5.765343] random 0059 0000 0000 fd637b06 6cf47bc1: add_disk_randomness(8:0) fd637b06 6cf47bc1
[    5.765346] random 0059 0000 0000 fd637b06 6cf47bc1: add_timer_randomness(.. 8388864) with jiffies: 15352657493461008975, cycles: -3094086584543215605
[    5.765349] random 0059 0000 0000 fd637b06 6cf47bc1: added 2 entropy credits to input
[    5.765479] random 0061 0000 0000 fd637b06 6cf47bc1: add_disk_randomness(8:0) fd637b06 6cf47bc1
[    5.765482] random 0061 0000 0000 fd637b06 6cf47bc1: add_timer_randomness(.. 8388864) with jiffies: 15353883685149180495, cycles: -3092860392855044085
[    5.769040] random 0061 0000 0000 fd637b06 6cf47bc1: add_disk_randomness(8:0) fd637b06 6cf47bc1
[    5.769043] random 0061 0000 0000 fd637b06 6cf47bc1: add_timer_randomness(.. 8388864) with jiffies: 15385929183468946002, cycles: -3060814894535278581
[    5.769046] random 0061 0000 0000 fd637b06 6cf47bc1: added 1 entropy credits to input
[    5.773536] random 0062 0000 0000 fd637b06 6cf47bc1: add_disk_randomness(8:0) fd637b06 6cf47bc1
[    5.773539] random 0062 0000 0000 fd637b06 6cf47bc1: add_timer_randomness(.. 8388864) with jiffies: 15426377003619287639, cycles: -3020367074384936949
[    5.779114] random 0062 0000 0000 fd637b06 6cf47bc1: add_disk_randomness(8:0) fd637b06 6cf47bc1
[    5.779117] random 0062 0000 0000 fd637b06 6cf47bc1: add_timer_randomness(.. 8388864) with jiffies: 15476556476633023069, cycles: -2970187601371201525
[    5.785390] random 0062 0000 0000 fd637b06 6cf47bc1: add_disk_randomness(8:0) fd637b06 6cf47bc1
[    5.785393] random 0062 0000 0000 fd637b06 6cf47bc1: add_timer_randomness(.. 8388864) with jiffies: 15533029300801077859, cycles: -2913714777203146741
[    5.785404] random 0062 0000 0000 fd637b06 6cf47bc1: rand_read_num 12 get_random_bytes(16): sig 0000033b fd637b06 6cf47bc1
[    5.785406] random 0062 0000 0000 fd637b06 6cf47bc1: extract_entropy(.. 16 ..)
[    5.785409] random 0062 0000 0000 fd637b06 6cf47bc1: going to reseed nonblocking with 128 bits (128 of 0 requested)
[    5.785411] random 0062 0000 0000 fd637b06 6cf47bc1: extract_entropy(.. 16 ..)
[    5.785413] random 0062 0000 0000 fd637b06 6cf47bc1: trying to extract 128 bits from input
[    5.785415] random 0062 0000 0000 fd637b06 6cf47bc1: debiting 0 entropy credits from input
[    5.785417] random 0062 0000 0000 fd637b06 6cf47bc1: extract_entropy account returned: 0 
[    5.785420] random 0062 0000 0000 fd637b06 6cf47bc1: urand_change_num 50 xfer_secondary_pool(16): pool_sig 0000033b, data_sig 00000000, bytes_mixed 0 fd637b06 6cf47bc1
[    5.785423] random 0062 0000 0000 fd637b06 6cf47bc1: trying to extract 128 bits from nonblocking
[    5.785426] random 0062 0000 0000 fd637b06 6cf47bc1: debiting 128 entropy credits from nonblocking (unlimited)
[    5.785428] random 0062 0000 0000 fd637b06 6cf47bc1: extract_entropy account returned: 16 
[    5.785432] random 0062 0000 0000 fd637b06 6cf47bc1: urand_change_num 51 extract_buf: pool_sig 0000033b, data_sig 000000d8, bytes_mixed 20 fd637b06 6cf47bc1
[    5.785438] random 0062 0000 0000 0ec1f012 d4727ca8: urand_change_num 52 extract_buf: pool_sig fffffcf5, data_sig 00000016, bytes_mixed 20 0ec1f012 d4727ca8
[    5.792137] random 0062 0000 0000 45b1d0b1 845a73f7: add_disk_randomness(8:0) 45b1d0b1 845a73f7
[    5.792140] random 0062 0000 0000 45b1d0b1 845a73f7: add_timer_randomness(.. 8388864) with jiffies: 15593733861756600938, cycles: -2853010216247623669
[    5.799360] random 0062 0000 0000 45b1d0b1 845a73f7: add_disk_randomness(8:0) 45b1d0b1 845a73f7
[    5.799363] random 0062 0000 0000 45b1d0b1 845a73f7: add_timer_randomness(.. 8388864) with jiffies: 15658727703471424113, cycles: -2788016374532800501
[    5.804956] random 0062 0000 0000 45b1d0b1 845a73f7: add_disk_randomness(8:0) 45b1d0b1 845a73f7
[    5.804959] random 0062 0000 0000 45b1d0b1 845a73f7: add_timer_randomness(.. 8388864) with jiffies: 15709084090483049078, cycles: -2737659987521175541
[    5.804962] random 0062 0000 0000 45b1d0b1 845a73f7: added 1 entropy credits to input
[    5.816780] random 0063 0000 0000 45b1d0b1 845a73f7: add_disk_randomness(8:0) 45b1d0b1 845a73f7
[    5.816783] random 0063 0000 0000 45b1d0b1 845a73f7: add_timer_randomness(.. 8388864) with jiffies: 15815470177001898626, cycles: -2631273901002326005
[    5.816786] random 0063 0000 0000 45b1d0b1 845a73f7: added 2 entropy credits to input
[    5.819921] random 0065 0000 0000 45b1d0b1 845a73f7: add_disk_randomness(8:0) 45b1d0b1 845a73f7
[    5.819924] random 0065 0000 0000 45b1d0b1 845a73f7: add_timer_randomness(.. 8388864) with jiffies: 15843735631654781573, cycles: -2603008446349443061
[    5.819927] random 0065 0000 0000 45b1d0b1 845a73f7: added 1 entropy credits to input
[    5.834195] random 0066 0000 0000 45b1d0b1 845a73f7: add_disk_randomness(8:0) 45b1d0b1 845a73f7
[    5.834198] random 0066 0000 0000 45b1d0b1 845a73f7: add_timer_randomness(.. 8388864) with jiffies: 15972151902514938516, cycles: -2474592175489286133
[    5.834201] random 0066 0000 0000 45b1d0b1 845a73f7: added 3 entropy credits to input
[    5.839588] random 0069 0000 0000 45b1d0b1 845a73f7: add_disk_randomness(8:0) 45b1d0b1 845a73f7
[    5.839591] random 0069 0000 0000 45b1d0b1 845a73f7: add_timer_randomness(.. 8388864) with jiffies: 16020681270568387225, cycles: -2426062807435837429
[    5.839593] random 0069 0000 0000 45b1d0b1 845a73f7: added 2 entropy credits to input
[    5.844763] random 0071 0000 0000 45b1d0b1 845a73f7: add_disk_randomness(8:0) 45b1d0b1 845a73f7
[    5.844766] random 0071 0000 0000 45b1d0b1 845a73f7: add_timer_randomness(.. 8388864) with jiffies: 16067250308173759134, cycles: -2379493769830465525
[    5.852988] random 0071 0000 0000 45b1d0b1 845a73f7: add_disk_randomness(8:0) 45b1d0b1 845a73f7
[    5.852991] random 0071 0000 0000 45b1d0b1 845a73f7: add_timer_randomness(.. 8388864) with jiffies: 16141254110807294630, cycles: -2305489967196930037
[    5.852994] random 0071 0000 0000 45b1d0b1 845a73f7: added 1 entropy credits to input
[    5.862585] random 0072 0000 0000 45b1d0b1 845a73f7: add_disk_randomness(8:0) 45b1d0b1 845a73f7
[    5.862588] random 0072 0000 0000 45b1d0b1 845a73f7: add_timer_randomness(.. 8388864) with jiffies: 16227602809090704048, cycles: -2219141268913520629
[    5.882093] random 0072 0000 0000 45b1d0b1 845a73f7: add_disk_randomness(8:0) 45b1d0b1 845a73f7
[    5.882096] random 0072 0000 0000 45b1d0b1 845a73f7: add_timer_randomness(.. 8388864) with jiffies: 16403116656231678660, cycles: -2043627421772546037
[    5.882099] random 0072 0000 0000 45b1d0b1 845a73f7: added 3 entropy credits to input
[    5.895372] random 0075 0000 0000 45b1d0b1 845a73f7: add_disk_randomness(8:0) 45b1d0b1 845a73f7
[    5.895375] random 0075 0000 0000 45b1d0b1 845a73f7: add_timer_randomness(.. 8388864) with jiffies: 16522598372913939153, cycles: -1924145705090285557
[    5.895377] random 0075 0000 0000 45b1d0b1 845a73f7: added 2 entropy credits to input
[    5.903392] random 0077 0000 0000 45b1d0b1 845a73f7: add_disk_randomness(8:0) 45b1d0b1 845a73f7
[    5.903395] random 0077 0000 0000 45b1d0b1 845a73f7: add_timer_randomness(.. 8388864) with jiffies: 16594765230919877337, cycles: -1851978847084347381
[    5.903398] random 0077 0000 0000 45b1d0b1 845a73f7: added 1 entropy credits to input
[    5.913447] random 0078 0000 0000 45b1d0b1 845a73f7: add_disk_randomness(8:0) 45b1d0b1 845a73f7
[    5.913450] random 0078 0000 0000 45b1d0b1 845a73f7: add_timer_randomness(.. 8388864) with jiffies: 16685235225201705699, cycles: -1761508852802519029
[    5.913453] random 0078 0000 0000 45b1d0b1 845a73f7: added 1 entropy credits to input
[    5.926292] random 0079 0000 0000 45b1d0b1 845a73f7: add_disk_randomness(8:0) 45b1d0b1 845a73f7
[    5.926295] random 0079 0000 0000 45b1d0b1 845a73f7: add_timer_randomness(.. 8388864) with jiffies: 16800801331869352688, cycles: -1645942746134872053
[    5.933649] random 0079 0000 0000 45b1d0b1 845a73f7: add_disk_randomness(8:0) 45b1d0b1 845a73f7
[    5.933652] random 0079 0000 0000 45b1d0b1 845a73f7: add_timer_randomness(.. 8388864) with jiffies: 16867008604924510967, cycles: -1579735473079713781
[    5.933655] random 0079 0000 0000 45b1d0b1 845a73f7: added 2 entropy credits to input
[    5.938895] random 0081 0000 0000 45b1d0b1 845a73f7: add_disk_randomness(8:0) 45b1d0b1 845a73f7
[    5.938898] random 0081 0000 0000 45b1d0b1 845a73f7: add_timer_randomness(.. 8388864) with jiffies: 16914213151660802812, cycles: -1532530926343421941
[    5.938901] random 0081 0000 0000 45b1d0b1 845a73f7: added 1 entropy credits to input
[    5.945337] random 0082 0000 0000 45b1d0b1 845a73f7: add_disk_randomness(8:0) 45b1d0b1 845a73f7
[    5.945340] random 0082 0000 0000 45b1d0b1 845a73f7: add_timer_randomness(.. 8388864) with jiffies: 16972161327159804675, cycles: -1474582750844420085
[    5.945342] random 0082 0000 0000 45b1d0b1 845a73f7: added 1 entropy credits to input
[    5.950387] random 0083 0000 0000 45b1d0b1 845a73f7: add_disk_randomness(8:0) 45b1d0b1 845a73f7
[    5.950390] random 0083 0000 0000 45b1d0b1 845a73f7: add_timer_randomness(.. 8388864) with jiffies: 17017602802705990408, cycles: -1429141275298234357
[    5.950393] random 0083 0000 0000 45b1d0b1 845a73f7: added 1 entropy credits to input
[    5.956292] random 0084 0000 0000 45b1d0b1 845a73f7: add_disk_randomness(8:0) 45b1d0b1 845a73f7
[    5.956295] random 0084 0000 0000 45b1d0b1 845a73f7: add_timer_randomness(.. 8388864) with jiffies: 17070729911774970638, cycles: -1376014166229254133
[    5.965640] random 0084 0000 0000 45b1d0b1 845a73f7: add_disk_randomness(8:0) 45b1d0b1 845a73f7
[    5.965643] random 0084 0000 0000 45b1d0b1 845a73f7: add_timer_randomness(.. 8388864) with jiffies: 17154848693103067927, cycles: -1291895384901156853
[    5.965646] random 0084 0000 0000 45b1d0b1 845a73f7: added 1 entropy credits to input
[    5.970516] random 0085 0000 0000 45b1d0b1 845a73f7: add_disk_randomness(8:0) 45b1d0b1 845a73f7
[    5.970519] random 0085 0000 0000 45b1d0b1 845a73f7: add_timer_randomness(.. 8388864) with jiffies: 17198717673748005660, cycles: -1248026404256219125
[    5.970522] random 0085 0000 0000 45b1d0b1 845a73f7: added 2 entropy credits to input
[    5.977952] random 0087 0000 0000 45b1d0b1 845a73f7: add_disk_randomness(8:0) 45b1d0b1 845a73f7
[    5.977955] random 0087 0000 0000 45b1d0b1 845a73f7: add_timer_randomness(.. 8388864) with jiffies: 17265627015042269987, cycles: -1181117062961954805
[    5.977957] random 0087 0000 0000 45b1d0b1 845a73f7: added 1 entropy credits to input
[    5.984166] random 0088 0000 0000 45b1d0b1 845a73f7: add_disk_randomness(8:0) 45b1d0b1 845a73f7
[    5.984169] random 0088 0000 0000 45b1d0b1 845a73f7: add_timer_randomness(.. 8388864) with jiffies: 17321530940727198506, cycles: -1125213137277026293
[    5.984320] random 0088 0000 0000 45b1d0b1 845a73f7: add_disk_randomness(8:0) 45b1d0b1 845a73f7
[    5.984323] random 0088 0000 0000 45b1d0b1 845a73f7: add_timer_randomness(.. 8388864) with jiffies: 17322913078382920490, cycles: -1123830999621304309
[    5.998728] random 0088 0000 0000 45b1d0b1 845a73f7: add_disk_randomness(8:0) 45b1d0b1 845a73f7
[    5.998731] random 0088 0000 0000 45b1d0b1 845a73f7: add_timer_randomness(.. 8388864) with jiffies: 17452563478030811960, cycles: -994180599973412853
[    5.998734] random 0088 0000 0000 45b1d0b1 845a73f7: added 3 entropy credits to input
[    6.006151] random 0091 0000 0000 45b1d0b1 845a73f7: add_disk_randomness(8:0) 45b1d0b1 845a73f7
[    6.006154] random 0091 0000 0000 45b1d0b1 845a73f7: add_timer_randomness(.. 8388864) with jiffies: 17519338296654398272, cycles: -927405781349826549
[    6.006156] random 0091 0000 0000 45b1d0b1 845a73f7: added 2 entropy credits to input
[    6.015827] random 0093 0000 0000 45b1d0b1 845a73f7: add_disk_randomness(8:0) 45b1d0b1 845a73f7
[    6.015830] random 0093 0000 0000 45b1d0b1 845a73f7: add_timer_randomness(.. 8388864) with jiffies: 17606408777076802377, cycles: -840335300927422453
[    6.026457] random 0093 0000 0000 45b1d0b1 845a73f7: add_disk_randomness(8:0) 45b1d0b1 845a73f7
[    6.026460] random 0093 0000 0000 45b1d0b1 845a73f7: add_timer_randomness(.. 8388864) with jiffies: 17702054073806324564, cycles: -744690004197900277
[    6.038975] random 0093 0000 0000 45b1d0b1 845a73f7: add_disk_randomness(8:0) 45b1d0b1 845a73f7
[    6.038978] random 0093 0000 0000 45b1d0b1 845a73f7: add_timer_randomness(.. 8388864) with jiffies: 17814685936126755680, cycles: -632058141877469173
[    6.040189] random 0093 0000 0000 45b1d0b1 845a73f7: add_disk_randomness(8:0) 45b1d0b1 845a73f7
[    6.040192] random 0093 0000 0000 45b1d0b1 845a73f7: add_timer_randomness(.. 8388864) with jiffies: 17825600620551963490, cycles: -621143457452261365
[    6.040195] random 0093 0000 0000 45b1d0b1 845a73f7: added 1 entropy credits to input
[    6.044201] random 0094 0000 0000 45b1d0b1 845a73f7: add_disk_randomness(8:0) 45b1d0b1 845a73f7
[    6.044204] random 0094 0000 0000 45b1d0b1 845a73f7: add_timer_randomness(.. 8388864) with jiffies: 17861700215811834726, cycles: -585043862192390133
[    6.044207] random 0094 0000 0000 45b1d0b1 845a73f7: added 1 entropy credits to input
[    6.053543] random 0095 0000 0000 45b1d0b1 845a73f7: add_disk_randomness(8:0) 45b1d0b1 845a73f7
[    6.053546] random 0095 0000 0000 45b1d0b1 845a73f7: add_timer_randomness(.. 8388864) with jiffies: 17945764249191809903, cycles: -500979828812414965
[    6.053549] random 0095 0000 0000 45b1d0b1 845a73f7: added 1 entropy credits to input
[    6.053890] random 0096 0000 0000 45b1d0b1 845a73f7: add_disk_randomness(8:0) 45b1d0b1 845a73f7
[    6.053893] random 0096 0000 0000 45b1d0b1 845a73f7: add_timer_randomness(.. 8388864) with jiffies: 17948884792040457071, cycles: -497859285963767797
[    6.069549] random 0096 0000 0000 45b1d0b1 845a73f7: add_disk_randomness(8:0) 45b1d0b1 845a73f7
[    6.069553] random 0096 0000 0000 45b1d0b1 845a73f7: add_timer_randomness(.. 8388864) with jiffies: 18089780979437372287, cycles: -356963098566852597
[    6.069555] random 0096 0000 0000 45b1d0b1 845a73f7: added 4 entropy credits to input
[    6.071181] random 0100 0000 0000 45b1d0b1 845a73f7: add_disk_randomness(8:0) 45b1d0b1 845a73f7
[    6.071184] random 0100 0000 0000 45b1d0b1 845a73f7: add_timer_randomness(.. 8388864) with jiffies: 18104458798243218305, cycles: -342285279761006581
[    6.071187] random 0100 0000 0000 45b1d0b1 845a73f7: added 1 entropy credits to input
[    6.071338] random 0101 0000 0000 45b1d0b1 845a73f7: add_disk_randomness(8:0) 45b1d0b1 845a73f7
[    6.071341] random 0101 0000 0000 45b1d0b1 845a73f7: add_timer_randomness(.. 8388864) with jiffies: 18105868625553097601, cycles: -340875452451127285
[    6.082201] random 0101 0000 0000 45b1d0b1 845a73f7: add_disk_randomness(8:0) 45b1d0b1 845a73f7
[    6.082204] random 0101 0000 0000 45b1d0b1 845a73f7: add_timer_randomness(.. 8388864) with jiffies: 18203603857663820684, cycles: -243140220340404213
[    6.082206] random 0101 0000 0000 45b1d0b1 845a73f7: added 3 entropy credits to input
[    6.082764] random 0104 0000 0000 45b1d0b1 845a73f7: add_disk_randomness(8:0) 45b1d0b1 845a73f7
[    6.082767] random 0104 0000 0000 45b1d0b1 845a73f7: add_timer_randomness(.. 8388864) with jiffies: 18208685181932110732, cycles: -238058896072114165
[    6.087998] random 0104 0000 0000 45b1d0b1 845a73f7: add_disk_randomness(8:0) 45b1d0b1 845a73f7
[    6.088001] random 0104 0000 0000 45b1d0b1 845a73f7: add_timer_randomness(.. 8388864) with jiffies: 18255774954257351569, cycles: -190969123746873333
[    6.088003] random 0104 0000 0000 45b1d0b1 845a73f7: added 2 entropy credits to input
[    6.089753] random 0106 0000 0000 45b1d0b1 845a73f7: add_disk_randomness(8:0) 45b1d0b1 845a73f7
[    6.089756] random 0106 0000 0000 45b1d0b1 845a73f7: add_timer_randomness(.. 8388864) with jiffies: 18271565680693969811, cycles: -175178397310255093
