[    0.000000] random 0000 0000 0000 00000000 00000000: rand_read_num 1 get_random_bytes(8): sig 00000000 00000000 00000000
[    0.000000] random 0000 0000 0000 00000000 00000000: extract_entropy(.. 8 ..)
[    0.000000] random 0000 0000 0000 00000000 00000000: going to reseed nonblocking with 64 bits (64 of 0 requested)
[    0.000000] random 0000 0000 0000 00000000 00000000: extract_entropy(.. 8 ..)
[    0.000000] random 0000 0000 0000 00000000 00000000: trying to extract 64 bits from input
[    0.000000] random 0000 0000 0000 00000000 00000000: debiting 0 entropy credits from input
[    0.000000] random 0000 0000 0000 00000000 00000000: extract_entropy account returned: 0 
[    0.000000] random 0000 0000 0000 00000000 00000000: urand_change_num 1 xfer_secondary_pool(8): pool_sig 00000000, data_sig 00000000, bytes_mixed 0 00000000 00000000
[    0.000000] random 0000 0000 0000 00000000 00000000: trying to extract 64 bits from nonblocking
[    0.000000] random 0000 0000 0000 00000000 00000000: debiting 64 entropy credits from nonblocking (unlimited)
[    0.000000] random 0000 0000 0000 00000000 00000000: extract_entropy account returned: 8 
[    0.000000] random 0000 0000 0000 00000000 00000000: urand_change_num 2 extract_buf: pool_sig 00000000, data_sig fffffff9, bytes_mixed 20 00000000 00000000
[    0.000000] Linux version 2.6.32.57 (dcashman@dcashman-02) (gcc version 4.3.3 (GCC) ) #6 Thu May 30 09:02:12 PDT 2013
[    0.000000] KERNEL supported cpus:
[    0.000000]   Intel GenuineIntel
[    0.000000]   AMD AuthenticAMD
[    0.000000]   NSC Geode by NSC
[    0.000000]   Cyrix CyrixInstead
[    0.000000]   Centaur CentaurHauls
[    0.000000]   Transmeta GenuineTMx86
[    0.000000]   Transmeta TransmetaCPU
[    0.000000]   UMC UMC UMC UMC
[    0.000000] BIOS-provided physical RAM map:
[    0.000000]  BIOS-e820: 0000000000000000 - 000000000009d800 (usable)
[    0.000000]  BIOS-e820: 000000000009d800 - 00000000000a0000 (reserved)
[    0.000000]  BIOS-e820: 00000000000d2000 - 00000000000d4000 (reserved)
[    0.000000]  BIOS-e820: 00000000000e0000 - 0000000000100000 (reserved)
[    0.000000]  BIOS-e820: 0000000000100000 - 000000003d6b0000 (usable)
[    0.000000]  BIOS-e820: 000000003d6b0000 - 000000003d6cc000 (ACPI data)
[    0.000000]  BIOS-e820: 000000003d6cc000 - 000000003d700000 (ACPI NVS)
[    0.000000]  BIOS-e820: 000000003d700000 - 000000003e000000 (reserved)
[    0.000000]  BIOS-e820: 00000000f0000000 - 00000000f4000000 (reserved)
[    0.000000]  BIOS-e820: 00000000fec00000 - 00000000fec10000 (reserved)
[    0.000000]  BIOS-e820: 00000000fed00000 - 00000000fed00400 (reserved)
[    0.000000]  BIOS-e820: 00000000fed14000 - 00000000fed1a000 (reserved)
[    0.000000]  BIOS-e820: 00000000fed1c000 - 00000000fed90000 (reserved)
[    0.000000]  BIOS-e820: 00000000fee00000 - 00000000fee01000 (reserved)
[    0.000000]  BIOS-e820: 00000000ff000000 - 0000000100000000 (reserved)
[    0.000000] DMI present.
[    0.000000] last_pfn = 0x3d6b0 max_arch_pfn = 0x100000
[    0.000000] MTRR default type: uncachable
[    0.000000] MTRR fixed ranges enabled:
[    0.000000]   00000-9FFFF write-back
[    0.000000]   A0000-BFFFF uncachable
[    0.000000]   C0000-CFFFF write-protect
[    0.000000]   D0000-DFFFF uncachable
[    0.000000]   E0000-FFFFF write-protect
[    0.000000] MTRR variable ranges enabled:
[    0.000000]   0 base 03E000000 mask FFE000000 uncachable
[    0.000000]   1 base 000000000 mask FC0000000 write-back
[    0.000000]   2 base 03D700000 mask FFFF00000 uncachable
[    0.000000]   3 base 03D800000 mask FFF800000 uncachable
[    0.000000]   4 disabled
[    0.000000]   5 disabled
[    0.000000]   6 disabled
[    0.000000]   7 disabled
[    0.000000] initial memory mapped : 0 - 02000000
[    0.000000] init_memory_mapping: 0000000000000000-00000000377fe000
[    0.000000]  0000000000 - 0000400000 page 4k
[    0.000000]  0000400000 - 0037400000 page 2M
[    0.000000]  0037400000 - 00377fe000 page 4k
[    0.000000] kernel direct mapping tables up to 377fe000 @ 7000-c000
[    0.000000] ACPI: RSDP 000f68d0 00024 (v02 LENOVO)
[    0.000000] ACPI: XSDT 3d6bb77f 00094 (v01 LENOVO TP-7L    00002170  LTP 00000000)
[    0.000000] ACPI: FACP 3d6bb900 000F4 (v03 LENOVO TP-7L    00002170 LNVO 00000001)
[    0.000000] ACPI Warning: 32/64X length mismatch in Gpe1Block: 0/32 (20090903/tbfadt-526)
[    0.000000] ACPI Warning: Optional field Gpe1Block has zero address or length: 000000000000102C/0 (20090903/tbfadt-557)
[    0.000000] ACPI: DSDT 3d6bbd1d 0FED1 (v01 LENOVO TP-7L    00002170 MSFT 03000000)
[    0.000000] ACPI: FACS 3d6e4000 00040
[    0.000000] ACPI: SSDT 3d6bbab4 00269 (v01 LENOVO TP-7L    00002170 MSFT 03000000)
[    0.000000] ACPI: ECDT 3d6cbbee 00052 (v01 LENOVO TP-7L    00002170 LNVO 00000001)
[    0.000000] ACPI: TCPA 3d6cbc40 00032 (v02 LENOVO TP-7L    00002170 LNVO 00000001)
[    0.000000] ACPI: APIC 3d6cbc72 00068 (v01 LENOVO TP-7L    00002170 LNVO 00000001)
[    0.000000] ACPI: MCFG 3d6cbcda 0003C (v01 LENOVO TP-7L    00002170 LNVO 00000001)
[    0.000000] ACPI: HPET 3d6cbd16 00038 (v01 LENOVO TP-7L    00002170 LNVO 00000001)
[    0.000000] ACPI: SLIC 3d6cbdf0 00176 (v01 LENOVO TP-7L    00002170  LTP 00000000)
[    0.000000] ACPI: BOOT 3d6cbf66 00028 (v01 LENOVO TP-7L    00002170  LTP 00000001)
[    0.000000] ACPI: ASF! 3d6cbf8e 00072 (v16 LENOVO TP-7L    00002170 PTL  00000001)
[    0.000000] ACPI: SSDT 3d6e26d9 0025F (v01 LENOVO TP-7L    00002170 INTL 20050513)
[    0.000000] ACPI: SSDT 3d6e2938 000A6 (v01 LENOVO TP-7L    00002170 INTL 20050513)
[    0.000000] ACPI: SSDT 3d6e29de 004F7 (v01 LENOVO TP-7L    00002170 INTL 20050513)
[    0.000000] ACPI: SSDT 3d6e2ed5 001D8 (v01 LENOVO TP-7L    00002170 INTL 20050513)
[    0.000000] ACPI: DMI detected: Lenovo ThinkPad R61
[    0.000000] ACPI: Added _OSI(Linux)
[    0.000000] ACPI: Local APIC address 0xfee00000
[    0.000000] 94MB HIGHMEM available.
[    0.000000] 887MB LOWMEM available.
[    0.000000]   mapped low ram: 0 - 377fe000
[    0.000000]   low ram: 0 - 377fe000
[    0.000000]   node 0 low ram: 00000000 - 377fe000
[    0.000000]   node 0 bootmap 00008000 - 0000ef00
[    0.000000] (6 early reservations) ==> bootmem [0000000000 - 00377fe000]
[    0.000000]   #0 [0000000000 - 0000001000]   BIOS data page ==> [0000000000 - 0000001000]
[    0.000000]   #1 [0001000000 - 0001bdc180]    TEXT DATA BSS ==> [0001000000 - 0001bdc180]
[    0.000000]   #2 [000009d800 - 0000100000]    BIOS reserved ==> [000009d800 - 0000100000]
[    0.000000]   #3 [0001bdd000 - 0001be516c]              BRK ==> [0001bdd000 - 0001be516c]
[    0.000000]   #4 [0000007000 - 0000008000]          PGTABLE ==> [0000007000 - 0000008000]
[    0.000000]   #5 [0000008000 - 000000f000]          BOOTMAP ==> [0000008000 - 000000f000]
[    0.000000] found SMP MP-table at [c00f6900] f6900
[    0.000000] Zone PFN ranges:
[    0.000000]   DMA      0x00000000 -> 0x00001000
[    0.000000]   Normal   0x00001000 -> 0x000377fe
[    0.000000]   HighMem  0x000377fe -> 0x0003d6b0
[    0.000000] Movable zone start PFN for each node
[    0.000000] early_node_map[2] active PFN ranges
[    0.000000]     0: 0x00000000 -> 0x0000009d
[    0.000000]     0: 0x00000100 -> 0x0003d6b0
[    0.000000] On node 0 totalpages: 251469
[    0.000000] free_area_init_node: node 0, pgdat c1901ea0, node_mem_map c1be7000
[    0.000000]   DMA zone: 32 pages used for memmap
[    0.000000]   DMA zone: 0 pages reserved
[    0.000000]   DMA zone: 3965 pages, LIFO batch:0
[    0.000000]   Normal zone: 1744 pages used for memmap
[    0.000000]   Normal zone: 221486 pages, LIFO batch:31
[    0.000000]   HighMem zone: 190 pages used for memmap
[    0.000000]   HighMem zone: 24052 pages, LIFO batch:3
[    0.000000] Using APIC driver default
[    0.000000] ACPI: PM-Timer IO Port: 0x1008
[    0.000000] ACPI: Local APIC address 0xfee00000
[    0.000000] ACPI: LAPIC (acpi_id[0x00] lapic_id[0x00] enabled)
[    0.000000] ACPI: LAPIC (acpi_id[0x01] lapic_id[0x01] enabled)
[    0.000000] ACPI: NR_CPUS/possible_cpus limit of 1 reached.  Processor 1/0x1 ignored.
[    0.000000] ACPI: LAPIC_NMI (acpi_id[0x00] high edge lint[0x1])
[    0.000000] ACPI: LAPIC_NMI (acpi_id[0x01] high edge lint[0x1])
[    0.000000] ACPI: IOAPIC (id[0x01] address[0xfec00000] gsi_base[0])
[    0.000000] IOAPIC[0]: apic_id 1, version 32, address 0xfec00000, GSI 0-23
[    0.000000] ACPI: INT_SRC_OVR (bus 0 bus_irq 0 global_irq 2 dfl dfl)
[    0.000000] ACPI: INT_SRC_OVR (bus 0 bus_irq 9 global_irq 9 high level)
[    0.000000] ACPI: IRQ0 used by override.
[    0.000000] ACPI: IRQ2 used by override.
[    0.000000] ACPI: IRQ9 used by override.
[    0.000000] Using ACPI (MADT) for SMP configuration information
[    0.000000] ACPI: HPET id: 0x8086a201 base: 0xfed00000
[    0.000000] nr_irqs_gsi: 24
[    0.000000] PM: Registered nosave memory: 000000000009d000 - 000000000009e000
[    0.000000] PM: Registered nosave memory: 000000000009e000 - 00000000000a0000
[    0.000000] PM: Registered nosave memory: 00000000000a0000 - 00000000000d2000
[    0.000000] PM: Registered nosave memory: 00000000000d2000 - 00000000000d4000
[    0.000000] PM: Registered nosave memory: 00000000000d4000 - 00000000000e0000
[    0.000000] PM: Registered nosave memory: 00000000000e0000 - 0000000000100000
[    0.000000] Allocating PCI resources starting at 3e000000 (gap: 3e000000:b2000000)
[    0.000000] Built 1 zonelists in Zone order, mobility grouping on.  Total pages: 249503
[    0.000000] Kernel command line: auto BOOT_IMAGE=Linux ro root=802 vt.default_utf8=0 maxcpus=0
[    0.000000] PID hash table entries: 4096 (order: 2, 16384 bytes)
[    0.000000] Dentry cache hash table entries: 131072 (order: 7, 524288 bytes)
[    0.000000] Inode-cache hash table entries: 65536 (order: 6, 262144 bytes)
[    0.000000] Enabling fast FPU save and restore... done.
[    0.000000] Enabling unmasked SIMD FPU exception support... done.
[    0.000000] Initializing CPU#0
[    0.000000] Initializing HighMem for node 0 (000377fe:0003d6b0)
[    0.000000] Memory: 984800k/1006272k available (6915k kernel code, 20876k reserved, 2327k data, 448k init, 96968k highmem)
[    0.000000] virtual kernel memory layout:
[    0.000000]     fixmap  : 0xfffa3000 - 0xfffff000   ( 368 kB)
[    0.000000]     pkmap   : 0xff800000 - 0xffc00000   (4096 kB)
[    0.000000]     vmalloc : 0xf7ffe000 - 0xff7fe000   ( 120 MB)
[    0.000000]     lowmem  : 0xc0000000 - 0xf77fe000   ( 887 MB)
[    0.000000]       .init : 0xc1907000 - 0xc1977000   ( 448 kB)
[    0.000000]       .data : 0xc16c0d3f - 0xc1906c64   (2327 kB)
[    0.000000]       .text : 0xc1000000 - 0xc16c0d3f   (6915 kB)
[    0.000000] Checking if this processor honours the WP bit even in supervisor mode...Ok.
[    0.000000] SLUB: Genslabs=13, HWalign=64, Order=0-3, MinObjects=0, CPUs=1, Nodes=1
[    0.000000] Hierarchical RCU implementation.
[    0.000000] NR_IRQS:288
[    0.000000] Extended CMOS year: 2000
[    0.000000] Console: colour VGA+ 80x25
[    0.000000] console [tty0] enabled
[    0.000000] hpet clockevent registered
[    0.000000] Fast TSC calibration using PIT
[    0.000000] Detected 2094.812 MHz processor.
[    0.002001] Calibrating delay loop (skipped), value calculated using timer frequency.. 4189.62 BogoMIPS (lpj=2094812)
[    0.002173] Security Framework initialized
[    0.002258] Mount-cache hash table entries: 512
[    0.002402] CPU: L1 I cache: 32K, L1 D cache: 32K
[    0.002525] CPU: L2 cache: 3072K
[    0.002610] mce: CPU supports 6 MCE banks
[    0.002692] CPU0: Thermal monitoring enabled (TM2)
[    0.002775] using mwait in idle threads.
[    0.002854] CPU: Intel(R) Core(TM)2 Duo CPU     T8100  @ 2.10GHz stepping 06
[    0.003082] Checking 'hlt' instruction... OK.
[    0.007935] ACPI: Core revision 20090903
[    0.027011] RANDOM get_random_int first call with cycles 32586015599, jiffies 4294667323 and pid 0
[    0.027019] CANARY value: 632c9acf for PID: 1
[    0.027026] CANARY value: d1feb745 for PID: 2
[    0.027051] Enabling APIC mode:  Flat.  Using 1 I/O APICs
[    0.027512] ..TIMER: vector=0x30 apic1=0 pin1=2 apic2=-1 pin2=-1
[    0.038997] xor: automatically using best checksumming function: pIII_sse
[    0.042998]    pIII_sse  :  8568.000 MB/sec
[    0.043078] xor: using function: pIII_sse (8568.000 MB/sec)
[    0.043162] RANDOM - __seed init called.
[    0.043163] RANDOM - __seed init called.
[    0.043164] RANDOM - __seed init called.
[    0.043165] RANDOM - __random32 called. Change num 1.  Value: 870e7b8	f6ea009	16c0ad5a
[    0.043167] RANDOM - __random32 called. Change num 2.  Value: e7b8290	f6ea0099	5ab418b8
[    0.043169] RANDOM - __random32 called. Change num 3.  Value: b8290fc5	6ea00996	3171e29b
[    0.043171] RANDOM - __random32 called. Change num 4.  Value: 90fc533a	ea00996a	c5375fde
[    0.043172] RANDOM - __random32 called. Change num 5.  Value: c533a353	a00996a1	bfbd91b4
[    0.043174] RANDOM - __random32 called. Change num 6.  Value: 3a35362b	996a10	23684a23
[    0.043176] RANDOM - random32 init called.  Value: 3a35362b	996a10	23684a23
[    0.043193] NET: Registered protocol family 16
[    0.043445] ACPI FADT declares the system doesn't support PCIe ASPM, so disable it
[    0.043557] ACPI: bus type pci registered
[    0.043717] PCI: MCFG configuration 0: base f0000000 segment 0 buses 0 - 63
[    0.043800] PCI: MCFG area at f0000000 reserved in E820
[    0.043885] PCI: Using MMCONFIG for extended config space
[    0.043973] PCI: Using configuration type 1 for base access
[    0.047075] bio: create slab <bio-0> at 0
[    0.047878] ACPI: EC: EC description table is found, configuring boot EC
[    0.053042] ACPI: BIOS _OSI(Linux) query honored via DMI
[    0.053749] random 0000 0000 0000 00000000 00000000: rand_read_num 2 get_random_bytes(8): sig fffffe1a 00000000 00000000
[    0.053752] random 0000 0000 0000 00000000 00000000: extract_entropy(.. 8 ..)
[    0.053754] random 0000 0000 0000 00000000 00000000: going to reseed nonblocking with 64 bits (64 of 0 requested)
[    0.053756] random 0000 0000 0000 00000000 00000000: extract_entropy(.. 8 ..)
[    0.053759] random 0000 0000 0000 00000000 00000000: trying to extract 64 bits from input
[    0.053761] random 0000 0000 0000 00000000 00000000: debiting 0 entropy credits from input
[    0.053763] random 0000 0000 0000 00000000 00000000: extract_entropy account returned: 0 
[    0.053790] random 0000 0000 0000 00000000 00000000: urand_change_num 3 xfer_secondary_pool(8): pool_sig fffffe1a, data_sig 00000000, bytes_mixed 0 00000000 00000000
[    0.053793] random 0000 0000 0000 00000000 00000000: trying to extract 64 bits from nonblocking
[    0.053795] random 0000 0000 0000 00000000 00000000: debiting 64 entropy credits from nonblocking (unlimited)
[    0.053798] random 0000 0000 0000 00000000 00000000: extract_entropy account returned: 8 
[    0.053802] random 0000 0000 0000 00000000 00000000: urand_change_num 4 extract_buf: pool_sig fffffe1a, data_sig fffffed7, bytes_mixed 20 00000000 00000000
[    0.058600] ACPI: Interpreter enabled
[    0.058680] ACPI: (supports S0 S3 S4 S5)
[    0.058972] ACPI: Using IOAPIC for interrupt routing
[    0.068468] ACPI: EC: GPE = 0x12, I/O: command/status = 0x66, data = 0x62
[    0.068738] ACPI: Power Resource [PUBS] (on)
[    0.070882] ACPI: ACPI Dock Station Driver: 3 docks/bays found
[    0.071305] ACPI: PCI Root Bridge [PCI0] (0000:00)
[    0.071477] pci 0000:00:02.0: reg 10 64bit mmio: [0xf8100000-0xf81fffff]
[    0.071483] pci 0000:00:02.0: reg 18 64bit mmio pref: [0xe0000000-0xefffffff]
[    0.071487] pci 0000:00:02.0: reg 20 io port: [0x1800-0x1807]
[    0.071521] pci 0000:00:02.1: reg 10 64bit mmio: [0xf8200000-0xf82fffff]
[    0.071631] pci 0000:00:19.0: reg 10 32bit mmio: [0xfe000000-0xfe01ffff]
[    0.071641] pci 0000:00:19.0: reg 14 32bit mmio: [0xfe025000-0xfe025fff]
[    0.071650] pci 0000:00:19.0: reg 18 io port: [0x1840-0x185f]
[    0.071723] pci 0000:00:19.0: PME# supported from D0 D3hot D3cold
[    0.071825] pci 0000:00:19.0: PME# disabled
[    0.071961] pci 0000:00:1a.0: reg 20 io port: [0x1860-0x187f]
[    0.072043] pci 0000:00:1a.1: reg 20 io port: [0x1880-0x189f]
[    0.072133] pci 0000:00:1a.7: reg 10 32bit mmio: [0xfe226c00-0xfe226fff]
[    0.072222] pci 0000:00:1a.7: PME# supported from D0 D3hot D3cold
[    0.072306] pci 0000:00:1a.7: PME# disabled
[    0.072438] pci 0000:00:1b.0: reg 10 64bit mmio: [0xfe020000-0xfe023fff]
[    0.072521] pci 0000:00:1b.0: PME# supported from D0 D3hot D3cold
[    0.072608] pci 0000:00:1b.0: PME# disabled
[    0.072811] pci 0000:00:1c.0: PME# supported from D0 D3hot D3cold
[    0.072899] pci 0000:00:1c.0: PME# disabled
[    0.073103] pci 0000:00:1c.1: PME# supported from D0 D3hot D3cold
[    0.073199] pci 0000:00:1c.1: PME# disabled
[    0.073394] pci 0000:00:1c.2: PME# supported from D0 D3hot D3cold
[    0.073487] pci 0000:00:1c.2: PME# disabled
[    0.073683] pci 0000:00:1c.3: PME# supported from D0 D3hot D3cold
[    0.073772] pci 0000:00:1c.3: PME# disabled
[    0.074111] pci 0000:00:1c.4: PME# supported from D0 D3hot D3cold
[    0.074196] pci 0000:00:1c.4: PME# disabled
[    0.074341] pci 0000:00:1d.0: reg 20 io port: [0x18a0-0x18bf]
[    0.074427] pci 0000:00:1d.1: reg 20 io port: [0x18c0-0x18df]
[    0.075017] pci 0000:00:1d.2: reg 20 io port: [0x18e0-0x18ff]
[    0.075100] pci 0000:00:1d.7: reg 10 32bit mmio: [0xfe227000-0xfe2273ff]
[    0.075195] pci 0000:00:1d.7: PME# supported from D0 D3hot D3cold
[    0.075280] pci 0000:00:1d.7: PME# disabled
[    0.075566] pci 0000:00:1f.0: quirk: region 1000-107f claimed by ICH6 ACPI/GPIO/TCO
[    0.075693] pci 0000:00:1f.0: quirk: region 1180-11bf claimed by ICH6 GPIO
[    0.075777] pci 0000:00:1f.0: ICH7 LPC Generic IO decode 1 PIO at 1600 (mask 007f)
[    0.075902] pci 0000:00:1f.0: ICH7 LPC Generic IO decode 2 PIO at 15e0 (mask 000f)
[    0.075998] pci 0000:00:1f.0: ICH7 LPC Generic IO decode 3 PIO at 1680 (mask 001f)
[    0.076195] pci 0000:00:1f.1: reg 10 io port: [0x00-0x07]
[    0.076204] pci 0000:00:1f.1: reg 14 io port: [0x00-0x03]
[    0.076214] pci 0000:00:1f.1: reg 18 io port: [0x00-0x07]
[    0.076221] pci 0000:00:1f.1: reg 1c io port: [0x00-0x03]
[    0.076230] pci 0000:00:1f.1: reg 20 io port: [0x1c00-0x1c0f]
[    0.076310] pci 0000:00:1f.2: reg 10 io port: [0x1c50-0x1c57]
[    0.076319] pci 0000:00:1f.2: reg 14 io port: [0x1c44-0x1c47]
[    0.076328] pci 0000:00:1f.2: reg 18 io port: [0x1c48-0x1c4f]
[    0.076337] pci 0000:00:1f.2: reg 1c io port: [0x1c40-0x1c43]
[    0.076345] pci 0000:00:1f.2: reg 20 io port: [0x1c20-0x1c3f]
[    0.076353] pci 0000:00:1f.2: reg 24 32bit mmio: [0xfe226000-0xfe2267ff]
[    0.076415] pci 0000:00:1f.2: PME# supported from D3hot
[    0.076504] pci 0000:00:1f.2: PME# disabled
[    0.076623] pci 0000:00:1f.3: reg 10 32bit mmio: [0xfe227400-0xfe2274ff]
[    0.076648] pci 0000:00:1f.3: reg 20 io port: [0x1c60-0x1c7f]
[    0.076741] pci 0000:00:1c.0: bridge io port: [0x2000-0x2fff]
[    0.076745] pci 0000:00:1c.0: bridge 32bit mmio: [0xfc000000-0xfdffffff]
[    0.076754] pci 0000:00:1c.0: bridge 64bit mmio pref: [0xf8000000-0xf80fffff]
[    0.076828] pci 0000:03:00.0: reg 10 64bit mmio: [0xdf3f0000-0xdf3fffff]
[    0.077050] pci 0000:00:1c.1: bridge io port: [0x3000-0x3fff]
[    0.077056] pci 0000:00:1c.1: bridge 32bit mmio: [0xdc000000-0xdf3fffff]
[    0.077065] pci 0000:00:1c.1: bridge 64bit mmio pref: [0xdfe00000-0xdfefffff]
[    0.077119] pci 0000:00:1c.2: bridge io port: [0x4000-0x4fff]
[    0.077128] pci 0000:00:1c.2: bridge 32bit mmio: [0xd8000000-0xd9ffffff]
[    0.077135] pci 0000:00:1c.2: bridge 64bit mmio pref: [0xdfb00000-0xdfbfffff]
[    0.077191] pci 0000:00:1c.3: bridge io port: [0x5000-0x5fff]
[    0.077198] pci 0000:00:1c.3: bridge 32bit mmio: [0xd4000000-0xd5ffffff]
[    0.077206] pci 0000:00:1c.3: bridge 64bit mmio pref: [0xdf800000-0xdf8fffff]
[    0.077262] pci 0000:00:1c.4: bridge io port: [0x6000-0x6fff]
[    0.077266] pci 0000:00:1c.4: bridge 32bit mmio: [0xd0000000-0xd1ffffff]
[    0.077276] pci 0000:00:1c.4: bridge 64bit mmio pref: [0xdf500000-0xdf5fffff]
[    0.077336] pci 0000:15:00.0: reg 10 32bit mmio: [0xf8300000-0xf8300fff]
[    0.077388] pci 0000:15:00.0: supports D1 D2
[    0.077389] pci 0000:15:00.0: PME# supported from D0 D1 D2 D3hot D3cold
[    0.077480] pci 0000:15:00.0: PME# disabled
[    0.077618] pci 0000:15:00.1: reg 10 32bit mmio: [0xf8301000-0xf83017ff]
[    0.077713] pci 0000:15:00.1: supports D1 D2
[    0.077714] pci 0000:15:00.1: PME# supported from D0 D1 D2 D3hot D3cold
[    0.077809] pci 0000:15:00.1: PME# disabled
[    0.077984] pci 0000:00:1e.0: transparent bridge
[    0.077999] pci 0000:00:1e.0: bridge io port: [0x7000-0xafff]
[    0.078005] pci 0000:00:1e.0: bridge 32bit mmio: [0xf8300000-0xfbffffff]
[    0.078014] pci 0000:00:1e.0: bridge 64bit mmio pref: [0xf4000000-0xf7ffffff]
[    0.078078] pci_bus 0000:00: on NUMA node 0
[    0.078082] ACPI: PCI Interrupt Routing Table [\_SB_.PCI0._PRT]
[    0.078215] ACPI: PCI Interrupt Routing Table [\_SB_.PCI0.EXP0._PRT]
[    0.078275] ACPI: PCI Interrupt Routing Table [\_SB_.PCI0.EXP1._PRT]
[    0.078333] ACPI: PCI Interrupt Routing Table [\_SB_.PCI0.EXP2._PRT]
[    0.078391] ACPI: PCI Interrupt Routing Table [\_SB_.PCI0.EXP3._PRT]
[    0.078453] ACPI: PCI Interrupt Routing Table [\_SB_.PCI0.EXP4._PRT]
[    0.078516] ACPI: PCI Interrupt Routing Table [\_SB_.PCI0.PCI1._PRT]
[    0.084062] ACPI: PCI Interrupt Link [LNKA] (IRQs 3 4 5 6 7 9 *10 11)
[    0.084773] ACPI: PCI Interrupt Link [LNKB] (IRQs 3 4 5 6 7 9 10 *11)
[    0.085464] ACPI: PCI Interrupt Link [LNKC] (IRQs 3 4 5 6 7 9 10 *11)
[    0.086235] ACPI: PCI Interrupt Link [LNKD] (IRQs 3 4 5 6 7 9 10 *11)
[    0.086930] ACPI: PCI Interrupt Link [LNKE] (IRQs 3 4 5 6 7 9 10 *11)
[    0.087667] ACPI: PCI Interrupt Link [LNKF] (IRQs 3 4 5 6 7 9 10 *11)
[    0.088384] ACPI: PCI Interrupt Link [LNKG] (IRQs 3 4 5 6 7 9 10 *11)
[    0.089141] ACPI: PCI Interrupt Link [LNKH] (IRQs 3 4 5 6 7 9 10 *11)
[    0.089816] vgaarb: device added: PCI:0000:00:02.0,decodes=io+mem,owns=io+mem,locks=none
[    0.089937] vgaarb: loaded
[    0.090091] SCSI subsystem initialized
[    0.090191] libata version 3.00 loaded.
[    0.090239] usbcore: registered new interface driver usbfs
[    0.090365] usbcore: registered new interface driver hub
[    0.090465] usbcore: registered new device driver usb
[    0.107040] raid6: int32x1    941 MB/s
[    0.124059] raid6: int32x2    890 MB/s
[    0.141066] raid6: int32x4    750 MB/s
[    0.157991] raid6: int32x8    656 MB/s
[    0.174988] raid6: mmxx1     2878 MB/s
[    0.191986] raid6: mmxx2     3253 MB/s
[    0.209007] raid6: sse1x1    1937 MB/s
[    0.225991] raid6: sse1x2    2535 MB/s
[    0.242973] raid6: sse2x1    3503 MB/s
[    0.259980] raid6: sse2x2    3828 MB/s
[    0.260058] raid6: using algorithm sse2x2 (3828 MB/s)
[    0.260141] PCI: Using ACPI for IRQ routing
[    0.260441] HPET: 3 timers in total, 0 timers will be used for per-cpu timer
[    0.260990] Switching to clocksource tsc
[    0.261081] pnp: PnP ACPI init
[    0.261169] ACPI: bus type pnp registered
[    0.264809] pnp: PnP ACPI: found 11 devices
[    0.264906] ACPI: ACPI bus type pnp unregistered
[    0.264991] system 00:00: iomem range 0x0-0x9ffff could not be reserved
[    0.265079] system 00:00: iomem range 0xc0000-0xc3fff could not be reserved
[    0.265162] system 00:00: iomem range 0xc4000-0xc7fff could not be reserved
[    0.265245] system 00:00: iomem range 0xc8000-0xcbfff has been reserved
[    0.265333] system 00:00: iomem range 0xcc000-0xcffff has been reserved
[    0.265416] system 00:00: iomem range 0xd0000-0xd3fff could not be reserved
[    0.265503] system 00:00: iomem range 0xe0000-0xe3fff could not be reserved
[    0.265593] system 00:00: iomem range 0xe4000-0xe7fff could not be reserved
[    0.265683] system 00:00: iomem range 0xe8000-0xebfff could not be reserved
[    0.265764] system 00:00: iomem range 0xec000-0xeffff could not be reserved
[    0.265849] system 00:00: iomem range 0xf0000-0xfffff could not be reserved
[    0.265934] system 00:00: iomem range 0x100000-0x3dffffff could not be reserved
[    0.266048] system 00:00: iomem range 0xfec00000-0xfed3ffff could not be reserved
[    0.266169] system 00:00: iomem range 0xfed4c000-0xffffffff could not be reserved
[    0.266285] system 00:02: ioport range 0x164e-0x164f has been reserved
[    0.266378] system 00:02: ioport range 0x1000-0x107f has been reserved
[    0.266466] system 00:02: ioport range 0x1180-0x11bf has been reserved
[    0.266550] system 00:02: ioport range 0x800-0x80f has been reserved
[    0.266632] system 00:02: ioport range 0x15e0-0x15ef has been reserved
[    0.266712] system 00:02: ioport range 0x1600-0x165f could not be reserved
[    0.266804] system 00:02: iomem range 0xf0000000-0xf3ffffff has been reserved
[    0.266890] system 00:02: iomem range 0xfed1c000-0xfed1ffff has been reserved
[    0.266980] system 00:02: iomem range 0xfed14000-0xfed17fff has been reserved
[    0.267064] system 00:02: iomem range 0xfed18000-0xfed18fff has been reserved
[    0.267157] system 00:02: iomem range 0xfed19000-0xfed19fff has been reserved
[    0.267241] system 00:02: iomem range 0xfed45000-0xfed4bfff has been reserved
[    0.302272] pci 0000:00:1c.0: PCI bridge, secondary bus 0000:02
[    0.302363] pci 0000:00:1c.0:   IO window: 0x2000-0x2fff
[    0.302451] pci 0000:00:1c.0:   MEM window: 0xfc000000-0xfdffffff
[    0.302536] pci 0000:00:1c.0:   PREFETCH window: 0x000000f8000000-0x000000f80fffff
[    0.302658] pci 0000:00:1c.1: PCI bridge, secondary bus 0000:03
[    0.302747] pci 0000:00:1c.1:   IO window: 0x3000-0x3fff
[    0.302837] pci 0000:00:1c.1:   MEM window: 0xdc000000-0xdf3fffff
[    0.302931] pci 0000:00:1c.1:   PREFETCH window: 0x000000dfe00000-0x000000dfefffff
[    0.303053] pci 0000:00:1c.2: PCI bridge, secondary bus 0000:04
[    0.303136] pci 0000:00:1c.2:   IO window: 0x4000-0x4fff
[    0.303221] pci 0000:00:1c.2:   MEM window: 0xd8000000-0xd9ffffff
[    0.303311] pci 0000:00:1c.2:   PREFETCH window: 0x000000dfb00000-0x000000dfbfffff
[    0.303434] pci 0000:00:1c.3: PCI bridge, secondary bus 0000:05
[    0.303516] pci 0000:00:1c.3:   IO window: 0x5000-0x5fff
[    0.303604] pci 0000:00:1c.3:   MEM window: 0xd4000000-0xd5ffffff
[    0.303691] pci 0000:00:1c.3:   PREFETCH window: 0x000000df800000-0x000000df8fffff
[    0.303817] pci 0000:00:1c.4: PCI bridge, secondary bus 0000:0d
[    0.303912] pci 0000:00:1c.4:   IO window: 0x6000-0x6fff
[    0.304006] pci 0000:00:1c.4:   MEM window: 0xd0000000-0xd1ffffff
[    0.304089] pci 0000:00:1c.4:   PREFETCH window: 0x000000df500000-0x000000df5fffff
[    0.304207] pci 0000:15:00.0: CardBus bridge, secondary bus 0000:16
[    0.304291] pci 0000:15:00.0:   IO window: 0x007000-0x0070ff
[    0.304378] pci 0000:15:00.0:   IO window: 0x007400-0x0074ff
[    0.304473] pci 0000:15:00.0:   PREFETCH window: 0xf4000000-0xf7ffffff
[    0.304563] pci 0000:15:00.0:   MEM window: 0x40000000-0x43ffffff
[    0.304651] pci 0000:00:1e.0: PCI bridge, secondary bus 0000:15
[    0.304733] pci 0000:00:1e.0:   IO window: 0x7000-0xafff
[    0.304827] pci 0000:00:1e.0:   MEM window: 0xf8300000-0xfbffffff
[    0.304915] pci 0000:00:1e.0:   PREFETCH window: 0x000000f4000000-0x000000f7ffffff
[    0.305044] pci 0000:00:1c.0: PCI INT A -> GSI 20 (level, low) -> IRQ 20
[    0.305139] pci 0000:00:1c.0: setting latency timer to 64
[    0.305151] pci 0000:00:1c.1: PCI INT B -> GSI 21 (level, low) -> IRQ 21
[    0.305238] pci 0000:00:1c.1: setting latency timer to 64
[    0.305250] pci 0000:00:1c.2: PCI INT C -> GSI 22 (level, low) -> IRQ 22
[    0.305338] pci 0000:00:1c.2: setting latency timer to 64
[    0.305347] pci 0000:00:1c.3: PCI INT D -> GSI 23 (level, low) -> IRQ 23
[    0.305435] pci 0000:00:1c.3: setting latency timer to 64
[    0.305449] pci 0000:00:1c.4: PCI INT A -> GSI 20 (level, low) -> IRQ 20
[    0.305532] pci 0000:00:1c.4: setting latency timer to 64
[    0.305539] pci 0000:00:1e.0: enabling device (0005 -> 0007)
[    0.305623] pci 0000:00:1e.0: setting latency timer to 64
[    0.305638] pci 0000:15:00.0: PCI INT A -> GSI 16 (level, low) -> IRQ 16
[    0.305730] pci 0000:15:00.0: setting latency timer to 64
[    0.305736] pci_bus 0000:00: resource 0 io:  [0x00-0xffff]
[    0.305738] pci_bus 0000:00: resource 1 mem: [0x000000-0xffffffff]
[    0.305740] pci_bus 0000:02: resource 0 io:  [0x2000-0x2fff]
[    0.305742] pci_bus 0000:02: resource 1 mem: [0xfc000000-0xfdffffff]
[    0.305744] pci_bus 0000:02: resource 2 pref mem [0xf8000000-0xf80fffff]
[    0.305746] pci_bus 0000:03: resource 0 io:  [0x3000-0x3fff]
[    0.305748] pci_bus 0000:03: resource 1 mem: [0xdc000000-0xdf3fffff]
[    0.305750] pci_bus 0000:03: resource 2 pref mem [0xdfe00000-0xdfefffff]
[    0.305751] pci_bus 0000:04: resource 0 io:  [0x4000-0x4fff]
[    0.305753] pci_bus 0000:04: resource 1 mem: [0xd8000000-0xd9ffffff]
[    0.305755] pci_bus 0000:04: resource 2 pref mem [0xdfb00000-0xdfbfffff]
[    0.305757] pci_bus 0000:05: resource 0 io:  [0x5000-0x5fff]
[    0.305759] pci_bus 0000:05: resource 1 mem: [0xd4000000-0xd5ffffff]
[    0.305760] pci_bus 0000:05: resource 2 pref mem [0xdf800000-0xdf8fffff]
[    0.305762] pci_bus 0000:0d: resource 0 io:  [0x6000-0x6fff]
[    0.305764] pci_bus 0000:0d: resource 1 mem: [0xd0000000-0xd1ffffff]
[    0.305766] pci_bus 0000:0d: resource 2 pref mem [0xdf500000-0xdf5fffff]
[    0.305768] pci_bus 0000:15: resource 0 io:  [0x7000-0xafff]
[    0.305770] pci_bus 0000:15: resource 1 mem: [0xf8300000-0xfbffffff]
[    0.305771] pci_bus 0000:15: resource 2 pref mem [0xf4000000-0xf7ffffff]
[    0.305773] pci_bus 0000:15: resource 3 io:  [0x00-0xffff]
[    0.305775] pci_bus 0000:15: resource 4 mem: [0x000000-0xffffffff]
[    0.305777] pci_bus 0000:16: resource 0 io:  [0x7000-0x70ff]
[    0.305779] pci_bus 0000:16: resource 1 io:  [0x7400-0x74ff]
[    0.305781] pci_bus 0000:16: resource 2 pref mem [0xf4000000-0xf7ffffff]
[    0.305782] pci_bus 0000:16: resource 3 mem: [0x40000000-0x43ffffff]
[    0.305790] NET: Registered protocol family 2
[    0.305881] RANDOM - __random32 called. Change num 7.  Value: 5362b39e	996a101	94470543
[    0.305883] RANDOM - random32 called.  Value: 5362b39e	996a101	94470543
[    0.305887] random 0000 0000 0000 5f8db4e5 4cfdf2a8: rand_read_num 3 get_random_bytes(4): sig fffffb64 5f8db4e5 4cfdf2a8
[    0.305889] random 0000 0000 0000 5f8db4e5 4cfdf2a8: extract_entropy(.. 4 ..)
[    0.305892] random 0000 0000 0000 5f8db4e5 4cfdf2a8: going to reseed nonblocking with 64 bits (32 of 0 requested)
[    0.305894] random 0000 0000 0000 5f8db4e5 4cfdf2a8: extract_entropy(.. 8 ..)
[    0.305896] random 0000 0000 0000 5f8db4e5 4cfdf2a8: trying to extract 64 bits from input
[    0.305898] random 0000 0000 0000 5f8db4e5 4cfdf2a8: debiting 0 entropy credits from input
[    0.305900] random 0000 0000 0000 5f8db4e5 4cfdf2a8: extract_entropy account returned: 0 
[    0.305903] random 0000 0000 0000 5f8db4e5 4cfdf2a8: urand_change_num 5 xfer_secondary_pool(4): pool_sig fffffb64, data_sig 00000000, bytes_mixed 0 5f8db4e5 4cfdf2a8
[    0.305906] random 0000 0000 0000 5f8db4e5 4cfdf2a8: trying to extract 32 bits from nonblocking
[    0.305908] random 0000 0000 0000 5f8db4e5 4cfdf2a8: debiting 32 entropy credits from nonblocking (unlimited)
[    0.305911] random 0000 0000 0000 5f8db4e5 4cfdf2a8: extract_entropy account returned: 4 
[    0.305915] random 0000 0000 0000 5f8db4e5 4cfdf2a8: urand_change_num 6 extract_buf: pool_sig fffffb64, data_sig 00000241, bytes_mixed 20 5f8db4e5 4cfdf2a8
[    0.305925] IP route cache hash table entries: 32768 (order: 5, 131072 bytes)
[    0.306056] RANDOM - __random32 called. Change num 8.  Value: 2b39e0a2	996a1017	a86cfe5
[    0.306058] RANDOM - random32 called.  Value: 2b39e0a2	996a1017	a86cfe5
[    0.306068] RANDOM - __random32 called. Change num 9.  Value: 9e0a22e5	96a1017e	9fcbd616
[    0.306070] RANDOM - random32 called.  Value: 9e0a22e5	96a1017e	9fcbd616
[    0.306072] RANDOM - __random32 called. Change num 10.  Value: a22e5b4a	6a1017e6	ac2c32ac
[    0.306074] RANDOM - random32 called.  Value: a22e5b4a	6a1017e6	ac2c32ac
[    0.306084] RANDOM - __random32 called. Change num 11.  Value: e5b4ad28	a1017e61	6559a9b4
[    0.306086] RANDOM - random32 called.  Value: e5b4ad28	a1017e61	6559a9b4
[    0.306096] TCP established hash table entries: 131072 (order: 8, 1048576 bytes)
[    0.306596] TCP bind hash table entries: 65536 (order: 6, 262144 bytes)
[    0.306773] TCP: Hash tables configured (established 131072 bind 65536)
[    0.306862] TCP reno registered
[    0.306966] NET: Registered protocol family 1
[    0.307071] RPC: Registered udp transport module.
[    0.307155] RPC: Registered tcp transport module.
[    0.307234] RPC: Registered tcp NFSv4.1 backchannel transport module.
[    0.307329] pci 0000:00:02.0: Boot video device
[    0.307541] Simple Boot Flag at 0x35 set to 0x1
[    0.308110] highmem bounce pool size: 64 pages
[    0.309595] VFS: Disk quotas dquot_6.5.2
[    0.309708] Dquot-cache hash table entries: 1024 (order 0, 4096 bytes)
[    0.310454] NTFS driver 2.1.29 [Flags: R/W].
[    0.310605] ROMFS MTD (C) 2007 Red Hat, Inc.
[    0.310806] JFS: nTxBlock = 7695, nTxLock = 61562
[    0.313239] SGI XFS with ACLs, security attributes, large block/inode numbers, no debug enabled
[    0.313713] SGI XFS Quota Management subsystem
[    0.314052] Slow work thread pool: Starting up
[    0.314155] Slow work thread pool: Ready
[    0.314241] GFS2 (built May 24 2013 02:47:17) installed
[    0.314330] msgmni has been set to 1734
[    0.314485] alg: No test for cipher_null (cipher_null-generic)
[    0.314581] alg: No test for ecb(cipher_null) (ecb-cipher_null)
[    0.314686] alg: No test for digest_null (digest_null-generic)
[    0.314781] alg: No test for compress_null (compress_null-generic)
[    0.315324] alg: No test for fcrypt (fcrypt-generic)
[    0.316732] alg: No test for stdrng (krng)
[    0.316813] async_tx: api initialized (async)
[    0.316971] Block layer SCSI generic (bsg) driver version 0.4 loaded (major 254)
[    0.317092] io scheduler noop registered
[    0.317182] io scheduler anticipatory registered
[    0.317267] io scheduler deadline registered
[    0.317395] io scheduler cfq registered (default)
[    0.317629] pcieport 0000:00:1c.0: irq 24 for MSI/MSI-X
[    0.317642] pcieport 0000:00:1c.0: setting latency timer to 64
[    0.317832] pcieport 0000:00:1c.1: irq 25 for MSI/MSI-X
[    0.317844] pcieport 0000:00:1c.1: setting latency timer to 64
[    0.318045] pcieport 0000:00:1c.2: irq 26 for MSI/MSI-X
[    0.318057] pcieport 0000:00:1c.2: setting latency timer to 64
[    0.318232] pcieport 0000:00:1c.3: irq 27 for MSI/MSI-X
[    0.318241] pcieport 0000:00:1c.3: setting latency timer to 64
[    0.318422] pcieport 0000:00:1c.4: irq 28 for MSI/MSI-X
[    0.318434] pcieport 0000:00:1c.4: setting latency timer to 64
[    0.318576] pci_hotplug: PCI Hot Plug PCI Core version: 0.5
[    0.318759] isapnp: Scanning for PnP cards...
[    0.679301] isapnp: No Plug & Play device found
[    0.679380] random 0000 0000 0000 5f8db4e5 4cfdf2a8: initializing
[    0.679382] RANDOM init_std_data for input now value: 1369999319679382932
[    0.679384] RANDOM init_std_data for blocking now value: 1369999319679385073
[    0.679386] RANDOM init_std_data for nonblocking now value: 1369999319679386787
[    0.698965] Serial: 8250/16550 driver, 4 ports, IRQ sharing enabled
[    3.709567] floppy0: no floppy controllers found
[    3.710510] brd: module loaded
[    3.711007] loop: module loaded
[    3.711084] Compaq SMART2 Driver (v 2.6.0)
[    3.711209] HP CISS Driver (v 3.6.20)
[    3.711444] input: Macintosh mouse button emulation as /devices/virtual/input/input0
[    3.711590] Uniform Multi-Platform E-IDE driver
[    3.711813] piix 0000:00:1f.1: IDE controller (0x8086:0x2850 rev 0x03)
[    3.711906] pci 0000:00:1f.1: PCI INT C -> GSI 16 (level, low) -> IRQ 16
[    3.712009] piix 0000:00:1f.1: IDE port disabled
[    3.712095] piix 0000:00:1f.1: not 100% native mode: will probe irqs later
[    3.712191]     ide0: BM-DMA at 0x1c00-0x1c07
[    3.712276] Probing IDE interface ide0...
[    4.383725] hda: HL-DT-ST DVDRAM GSA-U10N, ATAPI CD/DVD-ROM drive
[    4.690508] hda: host max PIO4 wanted PIO255(auto-tune) selected PIO4
[    4.691281] hda: UDMA/33 mode selected
[    4.691736] ide0 at 0x1f0-0x1f7,0x3f6 on irq 14
[    4.695614] ide-gd driver 1.18
[    4.695709] ide-cd driver 5.00
[    4.697087] random 0000 0000 0000 00000000 00000000: add_disk_randomness(0:0) 00000000 00000000
[    4.697091] random 0000 0000 0000 00000000 00000000: add_timer_randomness(.. 256) with jiffies: 17504935385820266105, cycles: -941808692183957495
[    4.697093] random 0000 0000 0000 00000000 00000000: added 11 entropy credits to input
[    4.697097] ide-cd: hda: ATAPI 24X DVD-ROM DVD-R/RAM CD-R/RW drive, 2048kB Cache
[    4.697524] Uniform CD-ROM driver Revision: 3.20
[    4.700392] random 0011 0000 0000 00000000 00000000: add_disk_randomness(0:0) 00000000 00000000
[    4.700395] random 0011 0000 0000 00000000 00000000: add_timer_randomness(.. 256) with jiffies: 17534679486044012156, cycles: -912064591960211447
[    4.700398] random 0011 0000 0000 00000000 00000000: added 1 entropy credits to input
[    4.700401] random 0012 0000 0000 00000000 00000000: add_disk_randomness(0:0) 00000000 00000000
[    4.700404] random 0012 0000 0000 00000000 00000000: add_timer_randomness(.. 256) with jiffies: 17534756645131484796, cycles: -911987432872738807
[    4.702389] random 0012 0000 0000 00000000 00000000: add_disk_randomness(0:0) 00000000 00000000
[    4.702392] random 0012 0000 0000 00000000 00000000: add_timer_randomness(.. 256) with jiffies: 17552649079454662270, cycles: -894094998549561335
[    4.702395] random 0012 0000 0000 00000000 00000000: added 1 entropy credits to input
[    4.702398] random 0013 0000 0000 00000000 00000000: add_disk_randomness(0:0) 00000000 00000000
[    4.702401] random 0013 0000 0000 00000000 00000000: add_timer_randomness(.. 256) with jiffies: 17552723713101364862, cycles: -894020364902858743
[    4.704389] random 0013 0000 0000 00000000 00000000: add_disk_randomness(0:0) 00000000 00000000
[    4.704392] random 0013 0000 0000 00000000 00000000: add_timer_randomness(.. 256) with jiffies: 17570637295843507840, cycles: -876106782160715767
[    4.704394] random 0013 0000 0000 00000000 00000000: added 1 entropy credits to input
[    4.704397] random 0014 0000 0000 00000000 00000000: add_disk_randomness(0:0) 00000000 00000000
[    4.704400] random 0014 0000 0000 00000000 00000000: add_timer_randomness(.. 256) with jiffies: 17570709721877020288, cycles: -876034356127203319
[    4.704674] Loading iSCSI transport class v2.0-870.
[    4.704953] rdac: device handler registered
[    4.705034] hp_sw: device handler registered
[    4.705111] emc: device handler registered
[    4.705196] alua: device handler registered
[    4.706175] Adaptec aacraid driver 1.1-5[2461]-ms
[    4.706590] scsi: <fdomain> Detection failed (no card)
[    4.706677] sym53c416.c: Version 1.0.0-ac
[    4.706773] qlogicfas: no cards were found, please specify I/O address and IRQ using iobase= and irq= options
[    4.706888] QLogic Fibre Channel HBA Driver: 8.03.01-k6
[    4.707109] iscsi: registered transport (qla4xxx)
[    4.707214] QLogic iSCSI HBA Driver
[    4.707292] Emulex LightPulse Fibre Channel SCSI driver 8.3.4
[    4.707377] Copyright(c) 2004-2009 Emulex.  All rights reserved.
[    4.729491] Failed initialization of WD-7000 SCSI card!
[    4.818826] DC390: clustering now enabled by default. If you get problems load
[    4.818942]        with "disable_clustering=1" and report to maintainers
[    4.819066] megaraid cmm: 2.20.2.7 (Release Date: Sun Jul 16 00:01:03 EST 2006)
[    4.819221] megaraid: 2.20.5.1 (Release Date: Thu Nov 16 15:32:35 EST 2006)
[    4.819332] megasas: 00.00.04.01 Thu July 24 11:41:51 PST 2008
[    4.819455] GDT-HA: Storage RAID Controller Driver. Version: 3.05
[    4.819604] 3ware Storage Controller device driver for Linux v1.26.02.002.
[    4.819705] 3ware 9000 Storage Controller device driver for Linux v2.26.02.012.
[    4.819842] nsp32: loading...
[    4.819946] ipr: IBM Power RAID SCSI Device Driver version: 2.4.3 (June 10, 2009)
[    4.820085] RocketRAID 3xxx/4xxx Controller driver v1.6 (090910)
[    4.820194] stex: Promise SuperTrak EX Driver version: 4.6.0000.3
[    4.820318] st: Version 20081215, fixed bufsize 32768, s/g segs 256
[    4.820507] ahci 0000:00:1f.2: version 3.0
[    4.820520] ahci 0000:00:1f.2: PCI INT B -> GSI 16 (level, low) -> IRQ 16
[    4.820642] ahci 0000:00:1f.2: irq 29 for MSI/MSI-X
[    4.820700] ahci 0000:00:1f.2: AHCI 0001.0100 32 slots 3 ports 1.5 Gbps 0x5 impl SATA mode
[    4.820824] ahci 0000:00:1f.2: flags: 64bit ncq sntf pm led clo pio slum part ccc 
[    4.820958] ahci 0000:00:1f.2: setting latency timer to 64
[    4.821105] scsi2 : ahci
[    4.821254] scsi3 : ahci
[    4.821386] scsi4 : ahci
[    4.821562] ata1: SATA max UDMA/133 abar m2048@0xfe226000 port 0xfe226100 irq 29
[    4.821676] ata2: DUMMY
[    4.821754] ata3: SATA max UDMA/133 abar m2048@0xfe226000 port 0xfe226200 irq 29
[    4.822351] I2O subsystem v1.325
[    4.822432] i2o: max drivers = 8
[    4.822594] I2O Configuration OSM v1.323
[    4.822688] I2O Bus Adapter OSM v1.317
[    4.822797] I2O Block Device OSM v1.325
[    4.822948] I2O SCSI Peripheral OSM v1.316
[    4.823053] I2O ProcFS OSM v1.316
[    4.823159] Fusion MPT base driver 3.04.12
[    4.823239] Copyright (c) 1999-2008 LSI Corporation
[    4.823326] Fusion MPT SPI Host driver 3.04.12
[    4.823430] Fusion MPT FC Host driver 3.04.12
[    4.823587] Fusion MPT SAS Host driver 3.04.12
[    4.823732] ohci1394 0000:15:00.1: PCI INT B -> GSI 17 (level, low) -> IRQ 17
[    4.823826] ohci1394 0000:15:00.1: setting latency timer to 64
[    4.877500] ohci1394: fw-host0: OHCI-1394 1.1 (PCI): IRQ=[17]  MMIO=[f8301000-f83017ff]  Max Packet=[2048]  IR/IT contexts=[4/4]
[    4.880758] ehci_hcd: USB 2.0 'Enhanced' Host Controller (EHCI) Driver
[    4.881028] ehci_hcd 0000:00:1a.7: power state changed by ACPI to D0
[    4.881270] ehci_hcd 0000:00:1a.7: power state changed by ACPI to D0
[    4.881362] ehci_hcd 0000:00:1a.7: PCI INT C -> GSI 22 (level, low) -> IRQ 22
[    4.881462] ehci_hcd 0000:00:1a.7: setting latency timer to 64
[    4.881467] ehci_hcd 0000:00:1a.7: EHCI Host Controller
[    4.881601] ehci_hcd 0000:00:1a.7: new USB bus registered, assigned bus number 1
[    4.885636] ehci_hcd 0000:00:1a.7: cache line size of 32 is not supported
[    4.885645] ehci_hcd 0000:00:1a.7: irq 22, io mem 0xfe226c00
[    4.895460] ehci_hcd 0000:00:1a.7: USB 2.0 started, EHCI 1.00
[    4.895557] usb usb1: New USB device found, idVendor=1d6b, idProduct=0002
[    4.895648] usb usb1: New USB device strings: Mfr=3, Product=2, SerialNumber=1
[    4.895764] usb usb1: Product: EHCI Host Controller
[    4.895843] usb usb1: Manufacturer: Linux 2.6.32.57 ehci_hcd
[    4.895933] usb usb1: SerialNumber: 0000:00:1a.7
[    4.896070] usb usb1: configuration #1 chosen from 1 choice
[    4.896192] hub 1-0:1.0: USB hub found
[    4.896281] hub 1-0:1.0: 4 ports detected
[    4.896589] ehci_hcd 0000:00:1d.7: power state changed by ACPI to D0
[    4.896822] ehci_hcd 0000:00:1d.7: power state changed by ACPI to D0
[    4.896911] ehci_hcd 0000:00:1d.7: PCI INT D -> GSI 19 (level, low) -> IRQ 19
[    4.897009] ehci_hcd 0000:00:1d.7: setting latency timer to 64
[    4.897012] ehci_hcd 0000:00:1d.7: EHCI Host Controller
[    4.897131] ehci_hcd 0000:00:1d.7: new USB bus registered, assigned bus number 2
[    4.897286] ehci_hcd 0000:00:1d.7: debug port 1
[    4.901256] ehci_hcd 0000:00:1d.7: cache line size of 32 is not supported
[    4.901265] ehci_hcd 0000:00:1d.7: irq 19, io mem 0xfe227000
[    4.911458] ehci_hcd 0000:00:1d.7: USB 2.0 started, EHCI 1.00
[    4.911552] usb usb2: New USB device found, idVendor=1d6b, idProduct=0002
[    4.911634] usb usb2: New USB device strings: Mfr=3, Product=2, SerialNumber=1
[    4.911750] usb usb2: Product: EHCI Host Controller
[    4.911835] usb usb2: Manufacturer: Linux 2.6.32.57 ehci_hcd
[    4.911918] usb usb2: SerialNumber: 0000:00:1d.7
[    4.912047] usb usb2: configuration #1 chosen from 1 choice
[    4.912159] hub 2-0:1.0: USB hub found
[    4.912242] hub 2-0:1.0: 6 ports detected
[    4.912420] 116x: driver isp116x-hcd, 03 Nov 2005
[    4.912520] ohci_hcd: USB 1.1 'Open' Host Controller (OHCI) Driver
[    4.912631] uhci_hcd: USB Universal Host Controller Interface driver
[    4.912737] uhci_hcd 0000:00:1a.0: PCI INT A -> GSI 20 (level, low) -> IRQ 20
[    4.912827] uhci_hcd 0000:00:1a.0: setting latency timer to 64
[    4.912830] uhci_hcd 0000:00:1a.0: UHCI Host Controller
[    4.912954] uhci_hcd 0000:00:1a.0: new USB bus registered, assigned bus number 3
[    4.913106] uhci_hcd 0000:00:1a.0: irq 20, io base 0x00001860
[    4.913222] usb usb3: New USB device found, idVendor=1d6b, idProduct=0001
[    4.913305] usb usb3: New USB device strings: Mfr=3, Product=2, SerialNumber=1
[    4.913417] usb usb3: Product: UHCI Host Controller
[    4.913514] usb usb3: Manufacturer: Linux 2.6.32.57 uhci_hcd
[    4.913601] usb usb3: SerialNumber: 0000:00:1a.0
[    4.913735] usb usb3: configuration #1 chosen from 1 choice
[    4.913845] hub 3-0:1.0: USB hub found
[    4.913932] hub 3-0:1.0: 2 ports detected
[    4.914257] uhci_hcd 0000:00:1a.1: power state changed by ACPI to D0
[    4.914513] uhci_hcd 0000:00:1a.1: power state changed by ACPI to D0
[    4.914599] uhci_hcd 0000:00:1a.1: PCI INT B -> GSI 21 (level, low) -> IRQ 21
[    4.914690] uhci_hcd 0000:00:1a.1: setting latency timer to 64
[    4.914694] uhci_hcd 0000:00:1a.1: UHCI Host Controller
[    4.914813] uhci_hcd 0000:00:1a.1: new USB bus registered, assigned bus number 4
[    4.914954] uhci_hcd 0000:00:1a.1: irq 21, io base 0x00001880
[    4.915059] usb usb4: New USB device found, idVendor=1d6b, idProduct=0001
[    4.915151] usb usb4: New USB device strings: Mfr=3, Product=2, SerialNumber=1
[    4.915264] usb usb4: Product: UHCI Host Controller
[    4.915341] usb usb4: Manufacturer: Linux 2.6.32.57 uhci_hcd
[    4.915421] usb usb4: SerialNumber: 0000:00:1a.1
[    4.915557] usb usb4: configuration #1 chosen from 1 choice
[    4.915669] hub 4-0:1.0: USB hub found
[    4.915750] hub 4-0:1.0: 2 ports detected
[    4.916040] uhci_hcd 0000:00:1d.0: power state changed by ACPI to D0
[    4.916270] uhci_hcd 0000:00:1d.0: power state changed by ACPI to D0
[    4.916361] uhci_hcd 0000:00:1d.0: PCI INT A -> GSI 16 (level, low) -> IRQ 16
[    4.916447] uhci_hcd 0000:00:1d.0: setting latency timer to 64
[    4.916450] uhci_hcd 0000:00:1d.0: UHCI Host Controller
[    4.916577] uhci_hcd 0000:00:1d.0: new USB bus registered, assigned bus number 5
[    4.916726] uhci_hcd 0000:00:1d.0: irq 16, io base 0x000018a0
[    4.916830] usb usb5: New USB device found, idVendor=1d6b, idProduct=0001
[    4.916925] usb usb5: New USB device strings: Mfr=3, Product=2, SerialNumber=1
[    4.917043] usb usb5: Product: UHCI Host Controller
[    4.917123] usb usb5: Manufacturer: Linux 2.6.32.57 uhci_hcd
[    4.917203] usb usb5: SerialNumber: 0000:00:1d.0
[    4.917341] usb usb5: configuration #1 chosen from 1 choice
[    4.917450] hub 5-0:1.0: USB hub found
[    4.917556] hub 5-0:1.0: 2 ports detected
[    4.917692] uhci_hcd 0000:00:1d.1: PCI INT B -> GSI 17 (level, low) -> IRQ 17
[    4.917788] uhci_hcd 0000:00:1d.1: setting latency timer to 64
[    4.917793] uhci_hcd 0000:00:1d.1: UHCI Host Controller
[    4.917915] uhci_hcd 0000:00:1d.1: new USB bus registered, assigned bus number 6
[    4.918058] uhci_hcd 0000:00:1d.1: irq 17, io base 0x000018c0
[    4.918162] usb usb6: New USB device found, idVendor=1d6b, idProduct=0001
[    4.918261] usb usb6: New USB device strings: Mfr=3, Product=2, SerialNumber=1
[    4.918373] usb usb6: Product: UHCI Host Controller
[    4.918465] usb usb6: Manufacturer: Linux 2.6.32.57 uhci_hcd
[    4.918545] usb usb6: SerialNumber: 0000:00:1d.1
[    4.918677] usb usb6: configuration #1 chosen from 1 choice
[    4.918794] hub 6-0:1.0: USB hub found
[    4.918875] hub 6-0:1.0: 2 ports detected
[    4.919185] uhci_hcd 0000:00:1d.2: power state changed by ACPI to D0
[    4.919434] uhci_hcd 0000:00:1d.2: power state changed by ACPI to D0
[    4.919535] uhci_hcd 0000:00:1d.2: PCI INT C -> GSI 18 (level, low) -> IRQ 18
[    4.919634] uhci_hcd 0000:00:1d.2: setting latency timer to 64
[    4.919638] uhci_hcd 0000:00:1d.2: UHCI Host Controller
[    4.919763] uhci_hcd 0000:00:1d.2: new USB bus registered, assigned bus number 7
[    4.919908] uhci_hcd 0000:00:1d.2: irq 18, io base 0x000018e0
[    4.920017] usb usb7: New USB device found, idVendor=1d6b, idProduct=0001
[    4.920100] usb usb7: New USB device strings: Mfr=3, Product=2, SerialNumber=1
[    4.920216] usb usb7: Product: UHCI Host Controller
[    4.920299] usb usb7: Manufacturer: Linux 2.6.32.57 uhci_hcd
[    4.920385] usb usb7: SerialNumber: 0000:00:1d.2
[    4.921179] usb usb7: configuration #1 chosen from 1 choice
[    4.921290] hub 7-0:1.0: USB hub found
[    4.921371] hub 7-0:1.0: 2 ports detected
[    4.921532] sl811: driver sl811-hcd, 19 May 2005
[    4.921633] r8a66597_hcd: driver r8a66597_hcd, 2009-05-26
[    4.921793] Initializing USB Mass Storage driver...
[    4.921916] usbcore: registered new interface driver usb-storage
[    4.921996] USB Mass Storage support registered.
[    4.922098] usbcore: registered new interface driver ums-alauda
[    4.922196] usbcore: registered new interface driver ums-cypress
[    4.922299] usbcore: registered new interface driver ums-datafab
[    4.922408] usbcore: registered new interface driver ums-freecom
[    4.922514] usbcore: registered new interface driver ums-isd200
[    4.922613] usbcore: registered new interface driver ums-jumpshot
[    4.922712] usbcore: registered new interface driver ums-karma
[    4.922821] usbcore: registered new interface driver ums-onetouch
[    4.922929] usbcore: registered new interface driver ums-sddr09
[    4.923040] usbcore: registered new interface driver ums-sddr55
[    4.923139] usbcore: registered new interface driver ums-usbat
[    4.923283] PNP: PS/2 Controller [PNP0303:KBD,PNP0f13:MOU] at 0x60,0x64 irq 1,12
[    4.931607] serio: i8042 KBD port at 0x60,0x64 irq 1
[    4.931692] serio: i8042 AUX port at 0x60,0x64 irq 12
[    4.931933] mice: PS/2 mouse device common for all mice
[    4.932048] i2c /dev entries driver
[    4.932169] md: linear personality registered for level -1
[    4.932250] md: raid0 personality registered for level 0
[    4.932334] md: raid1 personality registered for level 1
[    4.932416] md: raid10 personality registered for level 10
[    4.932514] md: raid6 personality registered for level 6
[    4.932604] md: raid5 personality registered for level 5
[    4.932691] md: raid4 personality registered for level 4
[    4.932774] md: multipath personality registered for level -4
[    4.932966] device-mapper: ioctl: 4.15.0-ioctl (2009-04-01) initialised: dm-devel@redhat.com
[    4.933150] cpuidle: using governor ladder
[    4.933752] usbcore: registered new interface driver usbhid
[    4.933839] usbhid: v2.6:USB HID core driver
[    4.933983] random 0014 0000 0000 00000000 00000000: rand_read_num 4 get_random_bytes(136): sig 00000000 00000000 00000000
[    4.933985] random 0014 0000 0000 00000000 00000000: extract_entropy(.. 136 ..)
[    4.933988] random 0014 0000 0000 00000000 00000000: going to reseed nonblocking with 1024 bits (1088 of 0 requested)
[    4.933990] random 0014 0000 0000 00000000 00000000: extract_entropy(.. 128 ..)
[    4.933992] random 0014 0000 0000 00000000 00000000: trying to extract 1024 bits from input
[    4.933995] random 0014 0000 0000 00000000 00000000: debiting 0 entropy credits from input
[    4.933996] random 0014 0000 0000 00000000 00000000: extract_entropy account returned: 0 
[    4.933999] random 0014 0000 0000 00000000 00000000: urand_change_num 7 xfer_secondary_pool(136): pool_sig 00000000, data_sig 00000000, bytes_mixed 0 00000000 00000000
[    4.934003] random 0014 0000 0000 00000000 00000000: trying to extract 1088 bits from nonblocking
[    4.934005] random 0014 0000 0000 00000000 00000000: debiting 1088 entropy credits from nonblocking (unlimited)
[    4.934007] random 0014 0000 0000 00000000 00000000: extract_entropy account returned: 136 
[    4.934011] random 0014 0000 0000 00000000 00000000: urand_change_num 8 extract_buf: pool_sig 00000000, data_sig fffffff9, bytes_mixed 20 00000000 00000000
[    4.934017] random 0014 0000 0000 b7c35b56 be4dc95d: urand_change_num 9 extract_buf: pool_sig fffffd1e, data_sig 000000c5, bytes_mixed 20 b7c35b56 be4dc95d
[    4.934022] random 0014 0000 0000 ed9f5c47 c48487fb: urand_change_num 10 extract_buf: pool_sig fffff8ec, data_sig ffffff68, bytes_mixed 20 ed9f5c47 c48487fb
[    4.934028] random 0014 0000 0000 ed9f5c47 c48487fb: urand_change_num 11 extract_buf: pool_sig fffffaed, data_sig 000001aa, bytes_mixed 20 ed9f5c47 c48487fb
[    4.934033] random 0014 0000 0000 1b4f7c0a 91bd6a48: urand_change_num 12 extract_buf: pool_sig fffffdd8, data_sig 00000064, bytes_mixed 20 1b4f7c0a 91bd6a48
[    4.934038] random 0014 0000 0000 a254b9bc 20e9a24f: urand_change_num 13 extract_buf: pool_sig fffffbe6, data_sig 000001dd, bytes_mixed 20 a254b9bc 20e9a24f
[    4.934043] random 0014 0000 0000 a254b9bc 20e9a24f: urand_change_num 14 extract_buf: pool_sig fffff940, data_sig fffffe20, bytes_mixed 20 a254b9bc 20e9a24f
[    4.934049] random 0014 0000 0000 2831a66b 5fa2a3ad: urand_change_num 15 extract_buf: pool_sig fffffbce, data_sig 0000007e, bytes_mixed 20 2831a66b 5fa2a3ad
[    4.934054] random 0014 0000 0000 2831a66b 5fa2a3ad: urand_change_num 16 extract_buf: pool_sig 000004df, data_sig fffffe8f, bytes_mixed 20 2831a66b 5fa2a3ad
[    4.934059] random 0014 0000 0000 d4512bfd c9a54e0b: urand_change_num 17 extract_buf: pool_sig 00000485, data_sig fffffe68, bytes_mixed 20 d4512bfd c9a54e0b
[    4.934064] random 0014 0000 0000 c7371be6 f9ffea11: urand_change_num 18 extract_buf: pool_sig 00000095, data_sig ffffffed, bytes_mixed 20 c7371be6 f9ffea11
[    4.934069] random 0014 0000 0000 c7371be6 f9ffea11: urand_change_num 19 extract_buf: pool_sig 000003a7, data_sig fffffefa, bytes_mixed 20 c7371be6 f9ffea11
[    4.934075] random 0014 0000 0000 8fb4b62c d1ddba54: urand_change_num 20 extract_buf: pool_sig 00000179, data_sig ffffff78, bytes_mixed 20 8fb4b62c d1ddba54
[    4.934080] random 0014 0000 0000 9ff19f9c c07a1d2a: urand_change_num 21 extract_buf: pool_sig fffffe88, data_sig 00000126, bytes_mixed 20 9ff19f9c c07a1d2a
[    4.934084] TCP cubic registered
[    4.934165] Initializing XFRM netlink socket
[    4.934263] NET: Registered protocol family 17
[    4.934356] Using IPI Shortcut mode
[    4.934442] random 0014 0000 0000 9ff19f9c c07a1d2a: rand_read_num 5 get_random_bytes(8): sig 0000031b 9ff19f9c c07a1d2a
[    4.934444] random 0014 0000 0000 9ff19f9c c07a1d2a: extract_entropy(.. 8 ..)
[    4.934447] random 0014 0000 0000 9ff19f9c c07a1d2a: going to reseed nonblocking with 64 bits (64 of 0 requested)
[    4.934449] random 0014 0000 0000 9ff19f9c c07a1d2a: extract_entropy(.. 8 ..)
[    4.934467] random 0014 0000 0000 9ff19f9c c07a1d2a: trying to extract 64 bits from input
[    4.934469] random 0014 0000 0000 9ff19f9c c07a1d2a: debiting 0 entropy credits from input
[    4.934471] random 0014 0000 0000 9ff19f9c c07a1d2a: extract_entropy account returned: 0 
[    4.934484] random 0014 0000 0000 9ff19f9c c07a1d2a: urand_change_num 22 xfer_secondary_pool(8): pool_sig 0000031b, data_sig 00000000, bytes_mixed 0 9ff19f9c c07a1d2a
[    4.934487] random 0014 0000 0000 9ff19f9c c07a1d2a: trying to extract 64 bits from nonblocking
[    4.934489] random 0014 0000 0000 9ff19f9c c07a1d2a: debiting 64 entropy credits from nonblocking (unlimited)
[    4.934491] random 0014 0000 0000 9ff19f9c c07a1d2a: extract_entropy account returned: 8 
[    4.934495] random 0014 0000 0000 9ff19f9c c07a1d2a: urand_change_num 23 extract_buf: pool_sig 0000031b, data_sig ffffffb3, bytes_mixed 20 9ff19f9c c07a1d2a
[    4.937040] input: AT Translated Set 2 keyboard as /devices/platform/i8042/serio0/input/input1
[    5.128455] ata1: SATA link up 1.5 Gbps (SStatus 113 SControl 300)
[    5.128570] ata3: SATA link down (SStatus 0 SControl 300)
[    5.130655] ata1.00: ACPI cmd ef/02:00:00:00:00:a0 (SET FEATURES) succeeded
[    5.130658] ata1.00: ACPI cmd f5/00:00:00:00:00:a0 (SECURITY FREEZE LOCK) filtered out
[    5.132049] ata1.00: ACPI cmd ef/5f:00:00:00:00:a0 (SET FEATURES) succeeded
[    5.132051] ata1.00: ACPI cmd ef/10:03:00:00:00:a0 (SET FEATURES) filtered out
[    5.133959] ata1.00: ATA-7: ST910021AS, 4.06, max UDMA/100
[    5.134040] ata1.00: 195371568 sectors, multi 16: LBA48 
[    5.136197] ata1.00: ACPI cmd ef/02:00:00:00:00:a0 (SET FEATURES) succeeded
[    5.136200] ata1.00: ACPI cmd f5/00:00:00:00:00:a0 (SECURITY FREEZE LOCK) filtered out
[    5.137594] ata1.00: ACPI cmd ef/5f:00:00:00:00:a0 (SET FEATURES) succeeded
[    5.137597] ata1.00: ACPI cmd ef/10:03:00:00:00:a0 (SET FEATURES) filtered out
[    5.139520] ata1.00: configured for UDMA/100
[    5.150501] scsi 2:0:0:0: Direct-Access     ATA      ST910021AS       4.06 PQ: 0 ANSI: 5
[    5.150775] sd 2:0:0:0: [sda] 195371568 512-byte logical blocks: (100 GB/93.1 GiB)
[    5.150919] sd 2:0:0:0: [sda] Write Protect is off
[    5.151003] sd 2:0:0:0: [sda] Mode Sense: 00 3a 00 00
[    5.151016] sd 2:0:0:0: [sda] Write cache: enabled, read cache: enabled, doesn't support DPO or FUA
[    5.151203]  sda:
[    5.581289] random 0014 0000 0000 277f73c3 42024bb9: add_disk_randomness(8:0) 277f73c3 42024bb9
[    5.581366] random 0014 0000 0000 277f73c3 42024bb9: add_timer_randomness(.. 8388864) with jiffies: 7014154337123008916, cycles: 7014154332828336138
[    5.581369] random 0014 0000 0000 277f73c3 42024bb9: added 11 entropy credits to input
[    5.581373]  sda1 sda2
[    5.581862] random 0025 0000 0000 277f73c3 42024bb9: add_disk_randomness(8:0) 277f73c3 42024bb9
[    5.581865] random 0025 0000 0000 277f73c3 42024bb9: add_timer_randomness(.. 8388864) with jiffies: 7018640108341133717, cycles: 7018640104046460938
[    5.582017] sd 2:0:0:0: [sda] Attached SCSI disk
[    5.582112] random 0025 0000 0000 277f73c3 42024bb9: rand_read_num 6 get_random_bytes(12): sig 000007e9 277f73c3 42024bb9
[    5.582115] random 0025 0000 0000 277f73c3 42024bb9: extract_entropy(.. 12 ..)
[    5.582118] random 0025 0000 0000 277f73c3 42024bb9: going to reseed nonblocking with 96 bits (96 of 0 requested)
[    5.582120] random 0025 0000 0000 277f73c3 42024bb9: extract_entropy(.. 12 ..)
[    5.582122] random 0025 0000 0000 277f73c3 42024bb9: trying to extract 96 bits from input
[    5.582124] random 0025 0000 0000 277f73c3 42024bb9: debiting 0 entropy credits from input
[    5.582126] random 0025 0000 0000 277f73c3 42024bb9: extract_entropy account returned: 0 
[    5.582129] random 0025 0000 0000 277f73c3 42024bb9: urand_change_num 24 xfer_secondary_pool(12): pool_sig 000007e9, data_sig 00000000, bytes_mixed 0 277f73c3 42024bb9
[    5.582132] random 0025 0000 0000 277f73c3 42024bb9: trying to extract 96 bits from nonblocking
[    5.582135] random 0025 0000 0000 277f73c3 42024bb9: debiting 96 entropy credits from nonblocking (unlimited)
[    5.582137] random 0025 0000 0000 277f73c3 42024bb9: extract_entropy account returned: 12 
[    5.582141] random 0025 0000 0000 277f73c3 42024bb9: urand_change_num 25 extract_buf: pool_sig 000007e9, data_sig 00000088, bytes_mixed 20 277f73c3 42024bb9
[    5.582146] random 0025 0000 0000 277f73c3 42024bb9: urand_change_num 26 extract_buf: pool_sig 00000498, data_sig fffffefb, bytes_mixed 20 277f73c3 42024bb9
[    5.582150] RANDOM - __seed init called.
[    5.582151] RANDOM - __seed init called.
[    5.582151] RANDOM - __seed init called.
[    5.582153] RANDOM - __random32 called. Change num 12.  Value: 87f14767	f0d7351	b1e48bd3
[    5.582155] RANDOM - random32_reseed called.  Value: 87f14767	f0d7351	b1e48bd3
[    5.582158] Pid: 1, comm: swapper Not tainted 2.6.32.57 #6
[    5.582246] Call Trace:
[    5.582334]  [<c1923ca4>] ? random32_reseed+0xa0/0xb1
[    5.582418]  [<c1923c04>] ? random32_reseed+0x0/0xb1
[    5.582509]  [<c100111e>] ? do_one_initcall+0x2e/0x180
[    5.582604]  [<c1907265>] ? kernel_init+0xad/0x103
[    5.582684]  [<c19071b8>] ? kernel_init+0x0/0x103
[    5.582762]  [<c1003787>] ? kernel_thread_helper+0x7/0x10
[    5.583282] random 0025 0000 0000 386b4e60 ee4d4880: rand_read_num 7 get_random_bytes(64): sig fffffea5 386b4e60 ee4d4880
[    5.583284] random 0025 0000 0000 386b4e60 ee4d4880: extract_entropy(.. 64 ..)
[    5.583287] random 0025 0000 0000 386b4e60 ee4d4880: going to reseed nonblocking with 512 bits (512 of 0 requested)
[    5.583289] random 0025 0000 0000 386b4e60 ee4d4880: extract_entropy(.. 64 ..)
[    5.583291] random 0025 0000 0000 386b4e60 ee4d4880: trying to extract 512 bits from input
[    5.583293] random 0025 0000 0000 386b4e60 ee4d4880: debiting 0 entropy credits from input
[    5.583295] random 0025 0000 0000 386b4e60 ee4d4880: extract_entropy account returned: 0 
[    5.583298] random 0025 0000 0000 386b4e60 ee4d4880: urand_change_num 27 xfer_secondary_pool(64): pool_sig fffffea5, data_sig 00000000, bytes_mixed 0 386b4e60 ee4d4880
[    5.583302] random 0025 0000 0000 386b4e60 ee4d4880: trying to extract 512 bits from nonblocking
[    5.583304] random 0025 0000 0000 386b4e60 ee4d4880: debiting 512 entropy credits from nonblocking (unlimited)
[    5.583306] random 0025 0000 0000 386b4e60 ee4d4880: extract_entropy account returned: 64 
[    5.583310] random 0025 0000 0000 386b4e60 ee4d4880: urand_change_num 28 extract_buf: pool_sig fffffea5, data_sig 00000173, bytes_mixed 20 386b4e60 ee4d4880
[    5.583316] random 0025 0000 0000 412698f6 0cc8689a: urand_change_num 29 extract_buf: pool_sig 00000122, data_sig ffffff63, bytes_mixed 20 412698f6 0cc8689a
[    5.583321] random 0025 0000 0000 412698f6 0cc8689a: urand_change_num 30 extract_buf: pool_sig 000001f7, data_sig 00000012, bytes_mixed 20 412698f6 0cc8689a
[    5.583326] random 0025 0000 0000 9669941e 06f768b1: urand_change_num 31 extract_buf: pool_sig fffffb5b, data_sig 0000003f, bytes_mixed 20 9669941e 06f768b1
[    5.583331] random 0025 0000 0000 98486520 995551f0: urand_change_num 32 extract_buf: pool_sig fffffb39, data_sig 0000000e, bytes_mixed 20 98486520 995551f0
[    5.583337] random 0025 0000 0000 98486520 995551f0: urand_change_num 33 extract_buf: pool_sig fffffd8d, data_sig 000001a6, bytes_mixed 20 98486520 995551f0
[    5.583342] random 0025 0000 0000 61fc8914 d5882ed2: urand_change_num 34 extract_buf: pool_sig fffffa58, data_sig 0000023e, bytes_mixed 20 61fc8914 d5882ed2
[    5.583372] random 0025 0000 0000 61fc8914 d5882ed2: rand_read_num 8 get_random_bytes(64): sig fffff9ee 61fc8914 d5882ed2
[    5.583375] random 0025 0000 0000 61fc8914 d5882ed2: extract_entropy(.. 64 ..)
[    5.583377] random 0025 0000 0000 61fc8914 d5882ed2: going to reseed nonblocking with 512 bits (512 of 0 requested)
[    5.583379] random 0025 0000 0000 61fc8914 d5882ed2: extract_entropy(.. 64 ..)
[    5.583382] random 0025 0000 0000 61fc8914 d5882ed2: trying to extract 512 bits from input
[    5.583384] random 0025 0000 0000 61fc8914 d5882ed2: debiting 0 entropy credits from input
[    5.583386] random 0025 0000 0000 61fc8914 d5882ed2: extract_entropy account returned: 0 
[    5.583389] random 0025 0000 0000 61fc8914 d5882ed2: urand_change_num 35 xfer_secondary_pool(64): pool_sig fffff9ee, data_sig 00000000, bytes_mixed 0 61fc8914 d5882ed2
[    5.583395] random 0025 0000 0000 61fc8914 d5882ed2: trying to extract 512 bits from nonblocking
[    5.583397] random 0025 0000 0000 61fc8914 d5882ed2: debiting 512 entropy credits from nonblocking (unlimited)
[    5.583400] random 0025 0000 0000 61fc8914 d5882ed2: extract_entropy account returned: 64 
[    5.583404] random 0025 0000 0000 61fc8914 d5882ed2: urand_change_num 36 extract_buf: pool_sig fffff9ee, data_sig ffffff85, bytes_mixed 20 61fc8914 d5882ed2
[    5.583409] random 0025 0000 0000 70cfd302 e5edec11: urand_change_num 37 extract_buf: pool_sig fffffdc1, data_sig ffffffde, bytes_mixed 20 70cfd302 e5edec11
[    5.583414] random 0025 0000 0000 00dab838 eafd2b30: urand_change_num 38 extract_buf: pool_sig 000003da, data_sig ffffff61, bytes_mixed 20 00dab838 eafd2b30
[    5.583420] random 0025 0000 0000 00dab838 eafd2b30: urand_change_num 39 extract_buf: pool_sig 00000314, data_sig 00000121, bytes_mixed 20 00dab838 eafd2b30
[    5.583425] random 0025 0000 0000 5fcdf66a 6442b608: urand_change_num 40 extract_buf: pool_sig 0000028b, data_sig fffffefd, bytes_mixed 20 5fcdf66a 6442b608
[    5.583430] random 0025 0000 0000 61333f6b 8fae0f9b: urand_change_num 41 extract_buf: pool_sig 000000cb, data_sig 000000b3, bytes_mixed 20 61333f6b 8fae0f9b
[    5.583436] random 0025 0000 0000 61333f6b 8fae0f9b: urand_change_num 42 extract_buf: pool_sig fffffef8, data_sig 00000051, bytes_mixed 20 61333f6b 8fae0f9b
[    5.583438] BEGIN NET_SECRET:
[    5.583439] \xffffffe0
[    5.583440] \xffffffb6
[    5.583441] \x36
[    5.583442] \xffffffb5
[    5.583443] \xffffff94
[    5.583444] \xffffffb2
[    5.583444] \xffffffa8
[    5.583445] \xffffffda
[    5.583446] \x5b
[    5.583447] \x19
[    5.583447] \x18
[    5.583448] \x5c
[    5.583449] \x2b
[    5.583450] \x1
[    5.583451] \xffffff90
[    5.583451] \x19
[    5.583452] \x3c
[    5.583453] \xfffffff2
[    5.583454] \xffffff82
[    5.583454] \x2a
[    5.583455] \xffffffb3
[    5.583456] \xffffffa2
[    5.583457] \x3f
[    5.583458] \x5
[    5.583458] \x52
[    5.583459] \x77
[    5.583460] \x57
[    5.583460] \x79
[    5.583461] \x16
[    5.583462] \x43
[    5.583463] \xffffff84
[    5.583463] \xffffffc3
[    5.583464] \xffffffe9
[    5.583465] \x79
[    5.583466] \x50
[    5.583466] \xffffff8e
[    5.583467] \x3f
[    5.583468] \xfffffff3
[    5.583469] \x19
[    5.583470] \x2a
[    5.583470] \xfffffffd
[    5.583471] \xfffffffb
[    5.583472] \x62
[    5.583473] \x3c
[    5.583473] \xffffffac
[    5.583474] \x1c
[    5.583475] \x3b
[    5.583476] \x3b
[    5.583476] \x15
[    5.583477] \x27
[    5.583478] \xffffffa8
[    5.583479] \x22
[    5.583479] \xffffffc5
[    5.583480] \xffffff9a
[    5.583481] \x5
[    5.583482] \x6c
[    5.583482] \xffffffa8
[    5.583483] \x3a
[    5.583484] \x44
[    5.583485] \xffffffaf
[    5.583486] \x13
[    5.583486] \xffffffe0
[    5.583487] \xffffff9d
[    5.583488] \x22
[    5.583489] 
[    5.583489] END NET_SECRET
[    5.583492] random 0025 0000 0000 e7f555d9 e8ce5c3c: rand_read_num 9 get_random_bytes(4): sig 0000068c e7f555d9 e8ce5c3c
[    5.583494] random 0025 0000 0000 e7f555d9 e8ce5c3c: extract_entropy(.. 4 ..)
[    5.583497] random 0025 0000 0000 e7f555d9 e8ce5c3c: going to reseed nonblocking with 64 bits (32 of 0 requested)
[    5.583499] random 0025 0000 0000 e7f555d9 e8ce5c3c: extract_entropy(.. 8 ..)
[    5.583501] random 0025 0000 0000 e7f555d9 e8ce5c3c: trying to extract 64 bits from input
[    5.583503] random 0025 0000 0000 e7f555d9 e8ce5c3c: debiting 0 entropy credits from input
[    5.583505] random 0025 0000 0000 e7f555d9 e8ce5c3c: extract_entropy account returned: 0 
[    5.583508] random 0025 0000 0000 e7f555d9 e8ce5c3c: urand_change_num 43 xfer_secondary_pool(4): pool_sig 0000068c, data_sig 00000000, bytes_mixed 0 e7f555d9 e8ce5c3c
[    5.583511] random 0025 0000 0000 e7f555d9 e8ce5c3c: trying to extract 32 bits from nonblocking
[    5.583513] random 0025 0000 0000 e7f555d9 e8ce5c3c: debiting 32 entropy credits from nonblocking (unlimited)
[    5.583516] random 0025 0000 0000 e7f555d9 e8ce5c3c: extract_entropy account returned: 4 
[    5.583520] random 0025 0000 0000 e7f555d9 e8ce5c3c: urand_change_num 44 extract_buf: pool_sig 0000068c, data_sig fffffdcb, bytes_mixed 20 e7f555d9 e8ce5c3c
[    5.583531] md: Waiting for all devices to be available before autodetect
[    5.583621] md: If you don't use raid, use raid=noautodetect
[    5.583775] md: Autodetecting RAID arrays.
[    5.583865] md: Scanned 0 and added 0 devices.
[    5.583948] md: autorun ...
[    5.584024] md: ... autorun DONE.
[    5.597505] random 0025 0000 0000 e7f555d9 e8ce5c3c: add_disk_randomness(8:0) e7f555d9 e8ce5c3c
[    5.597508] random 0025 0000 0000 e7f555d9 e8ce5c3c: add_timer_randomness(.. 8388864) with jiffies: 7159380938181018021, cycles: 7159380933886345226
[    5.597511] random 0025 0000 0000 e7f555d9 e8ce5c3c: added 3 entropy credits to input
[    5.606946] random 0028 0000 0000 e7f555d9 e8ce5c3c: add_disk_randomness(8:0) e7f555d9 e8ce5c3c
[    5.606949] random 0028 0000 0000 e7f555d9 e8ce5c3c: add_timer_randomness(.. 8388864) with jiffies: 7244334553777275310, cycles: 7244334549482602506
[    5.606952] random 0028 0000 0000 e7f555d9 e8ce5c3c: added 2 entropy credits to input
[    5.614030] random 0030 0000 0000 e7f555d9 e8ce5c3c: add_disk_randomness(8:0) e7f555d9 e8ce5c3c
[    5.614034] random 0030 0000 0000 e7f555d9 e8ce5c3c: add_timer_randomness(.. 8388864) with jiffies: 7308072800457818549, cycles: 7308072796163145738
[    5.614036] random 0030 0000 0000 e7f555d9 e8ce5c3c: added 1 entropy credits to input
[    5.614041] EXT3-fs: sda2: couldn't mount because of unsupported optional features (240).
[    5.614261] random 0031 0000 0000 e7f555d9 e8ce5c3c: add_disk_randomness(8:0) e7f555d9 e8ce5c3c
[    5.614264] random 0031 0000 0000 e7f555d9 e8ce5c3c: add_timer_randomness(.. 8388864) with jiffies: 7310147587489366453, cycles: 7310147583194693642
[    5.614268] EXT2-fs: sda2: couldn't mount because of unsupported optional features (240).
[    5.614486] random 0031 0000 0000 e7f555d9 e8ce5c3c: add_disk_randomness(8:0) e7f555d9 e8ce5c3c
[    5.614489] random 0031 0000 0000 e7f555d9 e8ce5c3c: add_timer_randomness(.. 8388864) with jiffies: 7312162571396284854, cycles: 7312162567101612042
[    5.614624] random 0031 0000 0000 e7f555d9 e8ce5c3c: add_disk_randomness(8:0) e7f555d9 e8ce5c3c
[    5.614627] random 0031 0000 0000 e7f555d9 e8ce5c3c: add_timer_randomness(.. 8388864) with jiffies: 7313409284438196662, cycles: 7313409280143523850
[    5.614748] random 0031 0000 0000 e7f555d9 e8ce5c3c: add_disk_randomness(8:0) e7f555d9 e8ce5c3c
[    5.614751] random 0031 0000 0000 e7f555d9 e8ce5c3c: add_timer_randomness(.. 8388864) with jiffies: 7314525842791170486, cycles: 7314525838496497674
[    5.614901] random 0031 0000 0000 e7f555d9 e8ce5c3c: add_disk_randomness(8:0) e7f555d9 e8ce5c3c
[    5.614904] random 0031 0000 0000 e7f555d9 e8ce5c3c: add_timer_randomness(.. 8388864) with jiffies: 7315902388399473078, cycles: 7315902384104800266
[    5.615023] random 0031 0000 0000 e7f555d9 e8ce5c3c: add_disk_randomness(8:0) e7f555d9 e8ce5c3c
[    5.615026] random 0031 0000 0000 e7f555d9 e8ce5c3c: add_timer_randomness(.. 8388864) with jiffies: 7317002084710842806, cycles: 7317002080416169994
[    5.615140] random 0031 0000 0000 e7f555d9 e8ce5c3c: add_disk_randomness(8:0) e7f555d9 e8ce5c3c
[    5.615143] random 0031 0000 0000 e7f555d9 e8ce5c3c: add_timer_randomness(.. 8388864) with jiffies: 7318059522838987190, cycles: 7318059518544314378
[    5.615253] random 0031 0000 0000 e7f555d9 e8ce5c3c: add_disk_randomness(8:0) e7f555d9 e8ce5c3c
[    5.615256] random 0031 0000 0000 e7f555d9 e8ce5c3c: add_timer_randomness(.. 8388864) with jiffies: 7319074342006653366, cycles: 7319074337711980554
[    5.615367] random 0031 0000 0000 e7f555d9 e8ce5c3c: add_disk_randomness(8:0) e7f555d9 e8ce5c3c
[    5.615370] random 0031 0000 0000 e7f555d9 e8ce5c3c: add_timer_randomness(.. 8388864) with jiffies: 7320101023873991094, cycles: 7320101019579318282
[    5.615613] random 0031 0000 0000 e7f555d9 e8ce5c3c: rand_read_num 10 get_random_bytes(4): sig ffffff72 e7f555d9 e8ce5c3c
[    5.615615] random 0031 0000 0000 e7f555d9 e8ce5c3c: extract_entropy(.. 4 ..)
[    5.615618] random 0031 0000 0000 e7f555d9 e8ce5c3c: going to reseed nonblocking with 64 bits (32 of 0 requested)
[    5.615620] random 0031 0000 0000 e7f555d9 e8ce5c3c: extract_entropy(.. 8 ..)
[    5.615622] random 0031 0000 0000 e7f555d9 e8ce5c3c: trying to extract 64 bits from input
[    5.615624] random 0031 0000 0000 e7f555d9 e8ce5c3c: debiting 0 entropy credits from input
[    5.615626] random 0031 0000 0000 e7f555d9 e8ce5c3c: extract_entropy account returned: 0 
[    5.615629] random 0031 0000 0000 e7f555d9 e8ce5c3c: urand_change_num 45 xfer_secondary_pool(4): pool_sig ffffff72, data_sig 00000000, bytes_mixed 0 e7f555d9 e8ce5c3c
[    5.615632] random 0031 0000 0000 e7f555d9 e8ce5c3c: trying to extract 32 bits from nonblocking
[    5.615635] random 0031 0000 0000 e7f555d9 e8ce5c3c: debiting 32 entropy credits from nonblocking (unlimited)
[    5.615637] random 0031 0000 0000 e7f555d9 e8ce5c3c: extract_entropy account returned: 4 
[    5.615641] random 0031 0000 0000 e7f555d9 e8ce5c3c: urand_change_num 46 extract_buf: pool_sig ffffff72, data_sig ffffff72, bytes_mixed 20 e7f555d9 e8ce5c3c
[    5.620274] random 0031 0000 0000 91716c54 eeb6a1e7: add_disk_randomness(8:0) 91716c54 eeb6a1e7
[    5.620277] random 0031 0000 0000 91716c54 eeb6a1e7: add_timer_randomness(.. 8388864) with jiffies: 7364249383551599035, cycles: 7364249379256926218
[    5.620280] random 0031 0000 0000 91716c54 eeb6a1e7: added 2 entropy credits to input
[    5.638550] random 0033 0000 0000 91716c54 eeb6a1e7: add_disk_randomness(8:0) 91716c54 eeb6a1e7
[    5.638553] random 0033 0000 0000 91716c54 eeb6a1e7: add_timer_randomness(.. 8388864) with jiffies: 7528669600749945294, cycles: 7528669596455272458
[    5.638556] random 0033 0000 0000 91716c54 eeb6a1e7: added 3 entropy credits to input
[    5.643226] EXT4-fs (sda2): mounted filesystem with ordered data mode
[    5.643421] VFS: Mounted root (ext4 filesystem) readonly on device 8:2.
[    5.643521] Freeing unused kernel memory: 448k freed
[    5.663695] random 0036 0000 0000 91716c54 eeb6a1e7: add_disk_randomness(8:0) 91716c54 eeb6a1e7
[    5.663699] random 0036 0000 0000 91716c54 eeb6a1e7: add_timer_randomness(.. 8388864) with jiffies: 7754909859219997159, cycles: 7754909854925324298
[    5.663701] random 0036 0000 0000 91716c54 eeb6a1e7: added 2 entropy credits to input
[    5.664428] random 0038 0000 0000 91716c54 eeb6a1e7: add_disk_randomness(8:0) 91716c54 eeb6a1e7
[    5.664431] random 0038 0000 0000 91716c54 eeb6a1e7: add_timer_randomness(.. 8388864) with jiffies: 7761492738414707176, cycles: 7761492734120034314
[    5.669157] random 0038 0000 0000 91716c54 eeb6a1e7: add_disk_randomness(8:0) 91716c54 eeb6a1e7
[    5.669161] random 0038 0000 0000 91716c54 eeb6a1e7: add_timer_randomness(.. 8388864) with jiffies: 7804059356126478828, cycles: 7804059351831805962
[    5.669163] random 0038 0000 0000 91716c54 eeb6a1e7: added 1 entropy credits to input
[    5.677353] random 0039 0000 0000 91716c54 eeb6a1e7: add_disk_randomness(8:0) 91716c54 eeb6a1e7
[    5.677356] random 0039 0000 0000 91716c54 eeb6a1e7: add_timer_randomness(.. 8388864) with jiffies: 7877798258062098932, cycles: 7877798253767426058
[    5.680776] random 0039 0000 0000 91716c54 eeb6a1e7: add_disk_randomness(8:0) 91716c54 eeb6a1e7
[    5.680779] random 0039 0000 0000 91716c54 eeb6a1e7: add_timer_randomness(.. 8388864) with jiffies: 7908586404705960440, cycles: 7908586400411287562
[    5.680782] random 0039 0000 0000 91716c54 eeb6a1e7: added 2 entropy credits to input
[    5.689672] random 0041 0000 0000 91716c54 eeb6a1e7: add_disk_randomness(8:0) 91716c54 eeb6a1e7
[    5.689675] random 0041 0000 0000 91716c54 eeb6a1e7: add_timer_randomness(.. 8388864) with jiffies: 7988624340037632513, cycles: 7988624335742959626
[    5.689678] random 0041 0000 0000 91716c54 eeb6a1e7: added 2 entropy credits to input
[    5.702950] random 0043 0000 0000 91716c54 eeb6a1e7: add_disk_randomness(8:0) 91716c54 eeb6a1e7
[    5.702953] random 0043 0000 0000 91716c54 eeb6a1e7: add_timer_randomness(.. 8388864) with jiffies: 8108095503985246734, cycles: 8108095499690573834
[    5.711023] random 0043 0000 0000 91716c54 eeb6a1e7: add_disk_randomness(8:0) 91716c54 eeb6a1e7
[    5.711026] random 0043 0000 0000 91716c54 eeb6a1e7: add_timer_randomness(.. 8388864) with jiffies: 8180730560671089174, cycles: 8180730556376416266
[    5.711029] random 0043 0000 0000 91716c54 eeb6a1e7: added 2 entropy credits to input
[    5.711052] RANDOM get_random_int call with cycles 44854451985, jiffies 4294672918 and pid 1
[    5.711054] RANDOM get_random_int call with cycles 44854458726, jiffies 4294672918 and pid 1
[    5.711056] ASLR stack rand value: 1642496 after shift for pid: 1
[    5.711058] RANDOM get_random_int call with cycles 44854466507, jiffies 4294672918 and pid 1
[    5.722672] random 0045 0000 0000 91716c54 eeb6a1e7: add_disk_randomness(8:0) 91716c54 eeb6a1e7
[    5.722675] random 0045 0000 0000 91716c54 eeb6a1e7: add_timer_randomness(.. 8388864) with jiffies: 8285526431253627426, cycles: 8285526426958954506
[    5.722677] random 0045 0000 0000 91716c54 eeb6a1e7: added 2 entropy credits to input
[    5.722687] RANDOM get_random_int call with cycles 44878826328, jiffies 4294672930 and pid 1
[    5.722694] random 0047 0000 0000 91716c54 eeb6a1e7: rand_read_num 11 get_random_bytes(16): sig fffffcad 91716c54 eeb6a1e7
[    5.722696] random 0047 0000 0000 91716c54 eeb6a1e7: extract_entropy(.. 16 ..)
[    5.722699] random 0047 0000 0000 91716c54 eeb6a1e7: going to reseed nonblocking with 128 bits (128 of 0 requested)
[    5.722701] random 0047 0000 0000 91716c54 eeb6a1e7: extract_entropy(.. 16 ..)
[    5.722703] random 0047 0000 0000 91716c54 eeb6a1e7: trying to extract 128 bits from input
[    5.722705] random 0047 0000 0000 91716c54 eeb6a1e7: debiting 0 entropy credits from input
[    5.722707] random 0047 0000 0000 91716c54 eeb6a1e7: extract_entropy account returned: 0 
[    5.722710] random 0047 0000 0000 91716c54 eeb6a1e7: urand_change_num 47 xfer_secondary_pool(16): pool_sig fffffcad, data_sig 00000000, bytes_mixed 0 91716c54 eeb6a1e7
[    5.722713] random 0047 0000 0000 91716c54 eeb6a1e7: trying to extract 128 bits from nonblocking
[    5.722716] random 0047 0000 0000 91716c54 eeb6a1e7: debiting 128 entropy credits from nonblocking (unlimited)
[    5.722718] random 0047 0000 0000 91716c54 eeb6a1e7: extract_entropy account returned: 16 
[    5.722722] random 0047 0000 0000 91716c54 eeb6a1e7: urand_change_num 48 extract_buf: pool_sig fffffcad, data_sig ffffff19, bytes_mixed 20 91716c54 eeb6a1e7
[    5.722728] random 0047 0000 0000 fd637b06 6cf47bc1: urand_change_num 49 extract_buf: pool_sig fffffede, data_sig ffffffc1, bytes_mixed 20 fd637b06 6cf47bc1
[    5.723686] random 0047 0000 0000 fd637b06 6cf47bc1: add_disk_randomness(8:0) fd637b06 6cf47bc1
[    5.723689] random 0047 0000 0000 fd637b06 6cf47bc1: add_timer_randomness(.. 8388864) with jiffies: 8294655809443037731, cycles: 8294655805148364810
[    5.724822] random 0047 0000 0000 fd637b06 6cf47bc1: add_disk_randomness(8:0) fd637b06 6cf47bc1
[    5.724825] random 0047 0000 0000 fd637b06 6cf47bc1: add_timer_randomness(.. 8388864) with jiffies: 8304874013381591588, cycles: 8304874009086918666
[    5.725980] random 0047 0000 0000 fd637b06 6cf47bc1: add_disk_randomness(8:0) fd637b06 6cf47bc1
[    5.725983] random 0047 0000 0000 fd637b06 6cf47bc1: add_timer_randomness(.. 8388864) with jiffies: 8315301287738180133, cycles: 8315301283443507210
[    5.726858] random 0047 0000 0000 fd637b06 6cf47bc1: add_disk_randomness(8:0) fd637b06 6cf47bc1
[    5.726861] random 0047 0000 0000 fd637b06 6cf47bc1: add_timer_randomness(.. 8388864) with jiffies: 8323196403995869734, cycles: 8323196399701196810
[    5.727039] random 0047 0000 0000 fd637b06 6cf47bc1: add_disk_randomness(8:0) fd637b06 6cf47bc1
[    5.727042] random 0047 0000 0000 fd637b06 6cf47bc1: add_timer_randomness(.. 8388864) with jiffies: 8324825764264116774, cycles: 8324825759969443850
[    5.727254] random 0047 0000 0000 fd637b06 6cf47bc1: add_disk_randomness(8:0) fd637b06 6cf47bc1
[    5.727257] random 0047 0000 0000 fd637b06 6cf47bc1: add_timer_randomness(.. 8388864) with jiffies: 8326762055780237862, cycles: 8326762051485564938
[    5.737732] random 0047 0000 0000 fd637b06 6cf47bc1: add_disk_randomness(8:0) fd637b06 6cf47bc1
[    5.737735] random 0047 0000 0000 fd637b06 6cf47bc1: add_timer_randomness(.. 8388864) with jiffies: 8421028955770552881, cycles: 8421028951475879946
[    5.737738] random 0047 0000 0000 fd637b06 6cf47bc1: added 3 entropy credits to input
[    5.738173] random 0050 0000 0000 fd637b06 6cf47bc1: add_disk_randomness(8:0) fd637b06 6cf47bc1
[    5.738176] random 0050 0000 0000 fd637b06 6cf47bc1: add_timer_randomness(.. 8388864) with jiffies: 8425004721097114161, cycles: 8425004716802441226
[    5.747915] random 0050 0000 0000 fd637b06 6cf47bc1: add_disk_randomness(8:0) fd637b06 6cf47bc1
[    5.747918] random 0050 0000 0000 fd637b06 6cf47bc1: add_timer_randomness(.. 8388864) with jiffies: 8512645500161983035, cycles: 8512645495867310090
[    5.747920] random 0050 0000 0000 fd637b06 6cf47bc1: added 3 entropy credits to input
[    5.747972] RANDOM get_random_int call with cycles 44931793767, jiffies 4294672955 and pid 1
[    5.752522] random 0053 0000 0000 fd637b06 6cf47bc1: add_disk_randomness(8:0) fd637b06 6cf47bc1
[    5.752525] random 0053 0000 0000 fd637b06 6cf47bc1: add_timer_randomness(.. 8388864) with jiffies: 8554092673302757952, cycles: 8554092669008085002
[    5.752528] random 0053 0000 0000 fd637b06 6cf47bc1: added 2 entropy credits to input
[    5.765346] random 0055 0000 0000 fd637b06 6cf47bc1: add_disk_randomness(8:0) fd637b06 6cf47bc1
[    5.765349] random 0055 0000 0000 fd637b06 6cf47bc1: add_timer_randomness(.. 8388864) with jiffies: 8669487861746860620, cycles: 8669487857452187658
[    5.765352] random 0055 0000 0000 fd637b06 6cf47bc1: added 2 entropy credits to input
[    5.765487] random 0057 0000 0000 fd637b06 6cf47bc1: add_disk_randomness(8:0) fd637b06 6cf47bc1
[    5.765490] random 0057 0000 0000 fd637b06 6cf47bc1: add_timer_randomness(.. 8388864) with jiffies: 8670742872665588301, cycles: 8670742868370915338
[    5.767650] random 0057 0000 0000 fd637b06 6cf47bc1: add_disk_randomness(8:0) fd637b06 6cf47bc1
[    5.767653] random 0057 0000 0000 fd637b06 6cf47bc1: add_timer_randomness(.. 8388864) with jiffies: 8690204322966504015, cycles: 8690204318671831050
[    5.767892] random 0057 0000 0000 fd637b06 6cf47bc1: add_disk_randomness(8:0) fd637b06 6cf47bc1
[    5.767895] random 0057 0000 0000 fd637b06 6cf47bc1: add_timer_randomness(.. 8388864) with jiffies: 8692384139128308303, cycles: 8692384134833635338
[    5.768033] random 0057 0000 0000 fd637b06 6cf47bc1: add_disk_randomness(8:0) fd637b06 6cf47bc1
[    5.768036] random 0057 0000 0000 fd637b06 6cf47bc1: add_timer_randomness(.. 8388864) with jiffies: 8693652588999705167, cycles: 8693652584705032202
[    5.771199] random 0057 0000 0000 fd637b06 6cf47bc1: add_disk_randomness(8:0) fd637b06 6cf47bc1
[    5.771202] random 0057 0000 0000 fd637b06 6cf47bc1: add_timer_randomness(.. 8388864) with jiffies: 8722141497916097106, cycles: 8722141493621424138
[    5.771205] random 0057 0000 0000 fd637b06 6cf47bc1: added 1 entropy credits to input
[    5.773217] random 0058 0000 0000 fd637b06 6cf47bc1: add_disk_randomness(8:0) fd637b06 6cf47bc1
[    5.773220] random 0058 0000 0000 fd637b06 6cf47bc1: add_timer_randomness(.. 8388864) with jiffies: 8740295087725707860, cycles: 8740295083431034890
[    5.781043] random 0058 0000 0000 fd637b06 6cf47bc1: add_disk_randomness(8:0) fd637b06 6cf47bc1
[    5.781046] random 0058 0000 0000 fd637b06 6cf47bc1: add_timer_randomness(.. 8388864) with jiffies: 8810711952716956252, cycles: 8810711948422283274
[    5.781049] random 0058 0000 0000 fd637b06 6cf47bc1: added 2 entropy credits to input
[    5.781177] random 0060 0000 0000 fd637b06 6cf47bc1: add_disk_randomness(8:0) fd637b06 6cf47bc1
[    5.781180] random 0060 0000 0000 fd637b06 6cf47bc1: add_timer_randomness(.. 8388864) with jiffies: 8811917580101714524, cycles: 8811917575807041546
[    5.784744] random 0060 0000 0000 fd637b06 6cf47bc1: add_disk_randomness(8:0) fd637b06 6cf47bc1
[    5.784747] random 0060 0000 0000 fd637b06 6cf47bc1: add_timer_randomness(.. 8388864) with jiffies: 8844001007277671008, cycles: 8844001002982998026
[    5.784749] random 0060 0000 0000 fd637b06 6cf47bc1: added 2 entropy credits to input
[    5.789237] random 0062 0000 0000 fd637b06 6cf47bc1: add_disk_randomness(8:0) fd637b06 6cf47bc1
[    5.789240] random 0062 0000 0000 fd637b06 6cf47bc1: add_timer_randomness(.. 8388864) with jiffies: 8884438317643039332, cycles: 8884438313348366346
[    5.794819] random 0062 0000 0000 fd637b06 6cf47bc1: add_disk_randomness(8:0) fd637b06 6cf47bc1
[    5.794822] random 0062 0000 0000 fd637b06 6cf47bc1: add_timer_randomness(.. 8388864) with jiffies: 8934653056633242218, cycles: 8934653052338569226
[    5.794825] random 0062 0000 0000 fd637b06 6cf47bc1: added 1 entropy credits to input
[    5.801096] random 0063 0000 0000 fd637b06 6cf47bc1: add_disk_randomness(8:0) fd637b06 6cf47bc1
[    5.801099] random 0063 0000 0000 fd637b06 6cf47bc1: add_timer_randomness(.. 8388864) with jiffies: 8991125790606983792, cycles: 8991125786312310794
[    5.801109] random 0063 0000 0000 fd637b06 6cf47bc1: rand_read_num 12 get_random_bytes(16): sig 0000033b fd637b06 6cf47bc1
[    5.801112] random 0063 0000 0000 fd637b06 6cf47bc1: extract_entropy(.. 16 ..)
[    5.801114] random 0063 0000 0000 fd637b06 6cf47bc1: going to reseed nonblocking with 128 bits (128 of 0 requested)
[    5.801117] random 0063 0000 0000 fd637b06 6cf47bc1: extract_entropy(.. 16 ..)
[    5.801119] random 0063 0000 0000 fd637b06 6cf47bc1: trying to extract 128 bits from input
[    5.801121] random 0063 0000 0000 fd637b06 6cf47bc1: debiting 0 entropy credits from input
[    5.801123] random 0063 0000 0000 fd637b06 6cf47bc1: extract_entropy account returned: 0 
[    5.801126] random 0063 0000 0000 fd637b06 6cf47bc1: urand_change_num 50 xfer_secondary_pool(16): pool_sig 0000033b, data_sig 00000000, bytes_mixed 0 fd637b06 6cf47bc1
[    5.801129] random 0063 0000 0000 fd637b06 6cf47bc1: trying to extract 128 bits from nonblocking
[    5.801131] random 0063 0000 0000 fd637b06 6cf47bc1: debiting 128 entropy credits from nonblocking (unlimited)
[    5.801134] random 0063 0000 0000 fd637b06 6cf47bc1: extract_entropy account returned: 16 
[    5.801138] random 0063 0000 0000 fd637b06 6cf47bc1: urand_change_num 51 extract_buf: pool_sig 0000033b, data_sig 000000d8, bytes_mixed 20 fd637b06 6cf47bc1
[    5.801143] random 0063 0000 0000 0ec1f012 d4727ca8: urand_change_num 52 extract_buf: pool_sig fffffcf5, data_sig 00000016, bytes_mixed 20 0ec1f012 d4727ca8
[    5.807842] random 0063 0000 0000 45b1d0b1 845a73f7: add_disk_randomness(8:0) 45b1d0b1 845a73f7
[    5.807845] random 0063 0000 0000 45b1d0b1 845a73f7: add_timer_randomness(.. 8388864) with jiffies: 9051824351493194359, cycles: 9051824347198521354
[    5.815061] random 0063 0000 0000 45b1d0b1 845a73f7: add_disk_randomness(8:0) 45b1d0b1 845a73f7
[    5.815064] random 0063 0000 0000 45b1d0b1 845a73f7: add_timer_randomness(.. 8388864) with jiffies: 9116771700187038334, cycles: 9116771695892365322
[    5.824710] random 0063 0000 0000 45b1d0b1 845a73f7: add_disk_randomness(8:0) 45b1d0b1 845a73f7
[    5.824713] random 0063 0000 0000 45b1d0b1 845a73f7: add_timer_randomness(.. 8388864) with jiffies: 9203583769607111304, cycles: 9203583765312438282
[    5.824716] random 0063 0000 0000 45b1d0b1 845a73f7: added 1 entropy credits to input
[    5.840803] random 0064 0000 0000 45b1d0b1 845a73f7: add_disk_randomness(8:0) 45b1d0b1 845a73f7
[    5.840806] random 0064 0000 0000 45b1d0b1 845a73f7: add_timer_randomness(.. 8388864) with jiffies: 9348374594693333656, cycles: -9098369483310890998
[    5.840809] random 0064 0000 0000 45b1d0b1 845a73f7: added 1 entropy credits to input
[    5.843950] random 0065 0000 0000 45b1d0b1 845a73f7: add_disk_randomness(8:0) 45b1d0b1 845a73f7
[    5.843953] random 0065 0000 0000 45b1d0b1 845a73f7: add_timer_randomness(.. 8388864) with jiffies: 9376693444379640475, cycles: -9070050633624584182
[    5.843956] random 0065 0000 0000 45b1d0b1 845a73f7: added 1 entropy credits to input
[    5.858217] random 0066 0000 0000 45b1d0b1 845a73f7: add_disk_randomness(8:0) 45b1d0b1 845a73f7
[    5.858220] random 0066 0000 0000 45b1d0b1 845a73f7: add_timer_randomness(.. 8388864) with jiffies: 9505060383245435561, cycles: -8941683694758789110
[    5.858223] random 0066 0000 0000 45b1d0b1 845a73f7: added 3 entropy credits to input
[    5.863615] random 0069 0000 0000 45b1d0b1 845a73f7: add_disk_randomness(8:0) 45b1d0b1 845a73f7
[    5.863618] random 0069 0000 0000 45b1d0b1 845a73f7: add_timer_randomness(.. 8388864) with jiffies: 9553618969961398959, cycles: -8893125108042825718
[    5.863621] random 0069 0000 0000 45b1d0b1 845a73f7: added 2 entropy credits to input
[    5.868788] random 0071 0000 0000 45b1d0b1 845a73f7: add_disk_randomness(8:0) 45b1d0b1 845a73f7
[    5.868791] random 0071 0000 0000 45b1d0b1 845a73f7: add_timer_randomness(.. 8388864) with jiffies: 9600157298550604468, cycles: -8846586779453620214
[    5.881158] random 0071 0000 0000 45b1d0b1 845a73f7: add_disk_randomness(8:0) 45b1d0b1 845a73f7
[    5.881161] random 0071 0000 0000 45b1d0b1 845a73f7: add_timer_randomness(.. 8388864) with jiffies: 9711459108283712192, cycles: -8735284969720512502
[    5.881164] random 0071 0000 0000 45b1d0b1 845a73f7: added 2 entropy credits to input
[    5.894444] random 0073 0000 0000 45b1d0b1 845a73f7: add_disk_randomness(8:0) 45b1d0b1 845a73f7
[    5.894447] random 0073 0000 0000 45b1d0b1 845a73f7: add_timer_randomness(.. 8388864) with jiffies: 9830982537688351438, cycles: -8615761540315873270
[    5.894450] random 0073 0000 0000 45b1d0b1 845a73f7: added 1 entropy credits to input
[    5.910293] random 0074 0000 0000 45b1d0b1 845a73f7: add_disk_randomness(8:0) 45b1d0b1 845a73f7
[    5.910296] random 0074 0000 0000 45b1d0b1 845a73f7: add_timer_randomness(.. 8388864) with jiffies: 9973591472143565533, cycles: -8473152605860659190
[    5.919898] random 0074 0000 0000 45b1d0b1 845a73f7: add_disk_randomness(8:0) 45b1d0b1 845a73f7
[    5.919900] random 0074 0000 0000 45b1d0b1 845a73f7: add_timer_randomness(.. 8388864) with jiffies: 10060001549804602087, cycles: -8386742528199622646
[    5.919903] random 0074 0000 0000 45b1d0b1 845a73f7: added 2 entropy credits to input
[    5.927426] random 0076 0000 0000 45b1d0b1 845a73f7: add_disk_randomness(8:0) 45b1d0b1 845a73f7
[    5.927429] random 0076 0000 0000 45b1d0b1 845a73f7: add_timer_randomness(.. 8388864) with jiffies: 10127731526205145839, cycles: -8319012551799078902
[    5.927432] random 0076 0000 0000 45b1d0b1 845a73f7: added 1 entropy credits to input
[    5.937436] random 0077 0000 0000 45b1d0b1 845a73f7: add_disk_randomness(8:0) 45b1d0b1 845a73f7
[    5.937439] random 0077 0000 0000 45b1d0b1 845a73f7: add_timer_randomness(.. 8388864) with jiffies: 10217787391150359289, cycles: -8228956686853865462
[    5.937441] random 0077 0000 0000 45b1d0b1 845a73f7: added 1 entropy credits to input
[    5.950321] random 0078 0000 0000 45b1d0b1 845a73f7: add_disk_randomness(8:0) 45b1d0b1 845a73f7
[    5.950324] random 0078 0000 0000 45b1d0b1 845a73f7: add_timer_randomness(.. 8388864) with jiffies: 10333736329727935237, cycles: -8113007748276289526
[    5.957678] random 0078 0000 0000 45b1d0b1 845a73f7: add_disk_randomness(8:0) 45b1d0b1 845a73f7
[    5.957681] random 0078 0000 0000 45b1d0b1 845a73f7: add_timer_randomness(.. 8388864) with jiffies: 10399917802914546445, cycles: -8046826275089678326
[    5.957684] random 0078 0000 0000 45b1d0b1 845a73f7: added 2 entropy credits to input
[    5.962926] random 0080 0000 0000 45b1d0b1 845a73f7: add_disk_randomness(8:0) 45b1d0b1 845a73f7
[    5.962929] random 0080 0000 0000 45b1d0b1 845a73f7: add_timer_randomness(.. 8388864) with jiffies: 10447132047686992658, cycles: -7999612030317232118
[    5.969368] random 0080 0000 0000 45b1d0b1 845a73f7: add_disk_randomness(8:0) 45b1d0b1 845a73f7
[    5.969371] random 0080 0000 0000 45b1d0b1 845a73f7: add_timer_randomness(.. 8388864) with jiffies: 10505090823165281049, cycles: -7941653254838943734
[    5.969374] random 0080 0000 0000 45b1d0b1 845a73f7: added 1 entropy credits to input
[    5.974422] random 0081 0000 0000 45b1d0b1 845a73f7: add_disk_randomness(8:0) 45b1d0b1 845a73f7
[    5.974425] random 0081 0000 0000 45b1d0b1 845a73f7: add_timer_randomness(.. 8388864) with jiffies: 10550559262516151070, cycles: -7896184815488073718
[    5.974428] random 0081 0000 0000 45b1d0b1 845a73f7: added 1 entropy credits to input
[    5.980318] random 0082 0000 0000 45b1d0b1 845a73f7: add_disk_randomness(8:0) 45b1d0b1 845a73f7
[    5.980321] random 0082 0000 0000 45b1d0b1 845a73f7: add_timer_randomness(.. 8388864) with jiffies: 10603617557619114787, cycles: -7843126520385110006
[    5.989674] random 0082 0000 0000 45b1d0b1 845a73f7: add_disk_randomness(8:0) 45b1d0b1 845a73f7
[    5.989677] random 0082 0000 0000 45b1d0b1 845a73f7: add_timer_randomness(.. 8388864) with jiffies: 10687783596472369965, cycles: -7758960481531854838
[    5.989679] random 0082 0000 0000 45b1d0b1 845a73f7: added 2 entropy credits to input
[    5.994560] random 0084 0000 0000 45b1d0b1 845a73f7: add_disk_randomness(8:0) 45b1d0b1 845a73f7
[    5.994563] random 0084 0000 0000 45b1d0b1 845a73f7: add_timer_randomness(.. 8388864) with jiffies: 10731745657648546610, cycles: -7714998420355678198
[    5.994566] random 0084 0000 0000 45b1d0b1 845a73f7: added 2 entropy credits to input
[    6.001984] random 0086 0000 0000 45b1d0b1 845a73f7: add_disk_randomness(8:0) 45b1d0b1 845a73f7
[    6.001987] random 0086 0000 0000 45b1d0b1 845a73f7: add_timer_randomness(.. 8388864) with jiffies: 10798548934725436217, cycles: -7648195143278788598
[    6.001990] random 0086 0000 0000 45b1d0b1 845a73f7: added 1 entropy credits to input
[    6.008205] random 0087 0000 0000 45b1d0b1 845a73f7: add_disk_randomness(8:0) 45b1d0b1 845a73f7
[    6.008208] random 0087 0000 0000 45b1d0b1 845a73f7: add_timer_randomness(.. 8388864) with jiffies: 10854519239129924415, cycles: -7592224838874300406
[    6.013668] random 0087 0000 0000 45b1d0b1 845a73f7: add_disk_randomness(8:0) 45b1d0b1 845a73f7
[    6.013671] random 0087 0000 0000 45b1d0b1 845a73f7: add_timer_randomness(.. 8388864) with jiffies: 10903662602823107397, cycles: -7543081475181117430
[    6.022762] random 0087 0000 0000 45b1d0b1 845a73f7: add_disk_randomness(8:0) 45b1d0b1 845a73f7
[    6.022766] random 0087 0000 0000 45b1d0b1 845a73f7: add_timer_randomness(.. 8388864) with jiffies: 10985490448595518286, cycles: -7461253629408706550
[    6.022768] random 0087 0000 0000 45b1d0b1 845a73f7: added 1 entropy credits to input
[    6.030182] random 0088 0000 0000 45b1d0b1 845a73f7: add_disk_randomness(8:0) 45b1d0b1 845a73f7
[    6.030184] random 0088 0000 0000 45b1d0b1 845a73f7: add_timer_randomness(.. 8388864) with jiffies: 11052247541889074005, cycles: -7394496536115150838
[    6.030187] random 0088 0000 0000 45b1d0b1 845a73f7: added 1 entropy credits to input
[    6.039865] random 0089 0000 0000 45b1d0b1 845a73f7: add_disk_randomness(8:0) 45b1d0b1 845a73f7
[    6.039868] random 0089 0000 0000 45b1d0b1 845a73f7: add_timer_randomness(.. 8388864) with jiffies: 11139368891904131935, cycles: -7307375186100092918
[    6.039871] random 0089 0000 0000 45b1d0b1 845a73f7: added 1 entropy credits to input
[    6.050495] random 0090 0000 0000 45b1d0b1 845a73f7: add_disk_randomness(8:0) 45b1d0b1 845a73f7
[    6.050498] random 0090 0000 0000 45b1d0b1 845a73f7: add_timer_randomness(.. 8388864) with jiffies: 11235002733955875690, cycles: -7211741344048349174
[    6.063012] random 0090 0000 0000 45b1d0b1 845a73f7: add_disk_randomness(8:0) 45b1d0b1 845a73f7
[    6.063015] random 0090 0000 0000 45b1d0b1 845a73f7: add_timer_randomness(.. 8388864) with jiffies: 11347628102285755254, cycles: -7099115975718469622
[    6.064226] random 0090 0000 0000 45b1d0b1 845a73f7: add_disk_randomness(8:0) 45b1d0b1 845a73f7
[    6.064229] random 0090 0000 0000 45b1d0b1 845a73f7: add_timer_randomness(.. 8388864) with jiffies: 11358547609959236471, cycles: -7088196468044988406
[    6.068237] random 0090 0000 0000 45b1d0b1 845a73f7: add_disk_randomness(8:0) 45b1d0b1 845a73f7
[    6.068240] random 0090 0000 0000 45b1d0b1 845a73f7: add_timer_randomness(.. 8388864) with jiffies: 11394635754836296571, cycles: -7052108323167928310
[    6.068242] random 0090 0000 0000 45b1d0b1 845a73f7: added 1 entropy credits to input
[    6.077575] random 0091 0000 0000 45b1d0b1 845a73f7: add_disk_randomness(8:0) 45b1d0b1 845a73f7
[    6.077578] random 0091 0000 0000 45b1d0b1 845a73f7: add_timer_randomness(.. 8388864) with jiffies: 11478645894966641541, cycles: -6968098183037583350
[    6.077581] random 0091 0000 0000 45b1d0b1 845a73f7: added 1 entropy credits to input
[    6.077925] random 0092 0000 0000 45b1d0b1 845a73f7: add_disk_randomness(8:0) 45b1d0b1 845a73f7
[    6.077928] random 0092 0000 0000 45b1d0b1 845a73f7: add_timer_randomness(.. 8388864) with jiffies: 11481799401689285509, cycles: -6964944676314939382
[    6.093587] random 0092 0000 0000 45b1d0b1 845a73f7: add_disk_randomness(8:0) 45b1d0b1 845a73f7
[    6.093590] random 0092 0000 0000 45b1d0b1 845a73f7: add_timer_randomness(.. 8388864) with jiffies: 11622704522618176405, cycles: -6824039555386048502
[    6.093592] random 0092 0000 0000 45b1d0b1 845a73f7: added 4 entropy credits to input
[    6.095220] random 0096 0000 0000 45b1d0b1 845a73f7: add_disk_randomness(8:0) 45b1d0b1 845a73f7
[    6.095223] random 0096 0000 0000 45b1d0b1 845a73f7: add_timer_randomness(.. 8388864) with jiffies: 11637408313091261334, cycles: -6809335764912963574
[    6.095371] random 0096 0000 0000 45b1d0b1 845a73f7: add_disk_randomness(8:0) 45b1d0b1 845a73f7
[    6.095374] random 0096 0000 0000 45b1d0b1 845a73f7: add_timer_randomness(.. 8388864) with jiffies: 11638752796768699287, cycles: -6807991281235525622
[    6.106239] random 0096 0000 0000 45b1d0b1 845a73f7: add_disk_randomness(8:0) 45b1d0b1 845a73f7
[    6.106242] random 0096 0000 0000 45b1d0b1 845a73f7: add_timer_randomness(.. 8388864) with jiffies: 11736549000235156385, cycles: -6710195077769068534
[    6.106245] random 0096 0000 0000 45b1d0b1 845a73f7: added 3 entropy credits to input
[    6.106805] random 0099 0000 0000 45b1d0b1 845a73f7: add_disk_randomness(8:0) 45b1d0b1 845a73f7
[    6.106808] random 0099 0000 0000 45b1d0b1 845a73f7: add_timer_randomness(.. 8388864) with jiffies: 11741637312415237026, cycles: -6705106765588987894
[    6.112036] random 0099 0000 0000 45b1d0b1 845a73f7: add_disk_randomness(8:0) 45b1d0b1 845a73f7
[    6.112039] random 0099 0000 0000 45b1d0b1 845a73f7: add_timer_randomness(.. 8388864) with jiffies: 11788699893302526887, cycles: -6658044184701698038
[    6.112041] random 0099 0000 0000 45b1d0b1 845a73f7: added 2 entropy credits to input
[    6.113830] random 0101 0000 0000 45b1d0b1 845a73f7: add_disk_randomness(8:0) 45b1d0b1 845a73f7
[    6.113833] random 0101 0000 0000 45b1d0b1 845a73f7: add_timer_randomness(.. 8388864) with jiffies: 11804842918726566825, cycles: -6641901159277658102
[    6.113836] random 0101 0000 0000 45b1d0b1 845a73f7: added 1 entropy credits to input
[    6.124014] random 0102 0000 0000 45b1d0b1 845a73f7: add_disk_randomness(8:0) 45b1d0b1 845a73f7
[    6.124017] random 0102 0000 0000 45b1d0b1 845a73f7: add_timer_randomness(.. 8388864) with jiffies: 11896472043077206963, cycles: -6550272034927017974
[    6.124020] random 0102 0000 0000 45b1d0b1 845a73f7: added 3 entropy credits to input
[    6.137953] random 0105 0000 0000 45b1d0b1 845a73f7: add_disk_randomness(8:0) 45b1d0b1 845a73f7
[    6.137956] random 0105 0000 0000 45b1d0b1 845a73f7: add_timer_randomness(.. 8388864) with jiffies: 12021877133840974785, cycles: -6424866944163250166
[    6.137958] random 0105 0000 0000 45b1d0b1 845a73f7: added 2 entropy credits to input
