[    0.000000] random 0000 0000 0000 00000000 00000000: rand_read_num 1 get_random_bytes(8): sig 00000000 00000000 00000000
[    0.000000] random 0000 0000 0000 00000000 00000000: extract_entropy(.. 8 ..)
[    0.000000] random 0000 0000 0000 00000000 00000000: going to reseed nonblocking with 64 bits (64 of 0 requested)
[    0.000000] random 0000 0000 0000 00000000 00000000: extract_entropy(.. 8 ..)
[    0.000000] random 0000 0000 0000 00000000 00000000: trying to extract 64 bits from input
[    0.000000] random 0000 0000 0000 00000000 00000000: debiting 0 entropy credits from input
[    0.000000] random 0000 0000 0000 00000000 00000000: extract_entropy account returned: 0 
[    0.000000] random 0000 0000 0000 00000000 00000000: urand_change_num 1 xfer_secondary_pool(8): pool_sig 00000000, data_sig 00000000, bytes_mixed 0 00000000 00000000
[    0.000000] random 0000 0000 0000 00000000 00000000: trying to extract 64 bits from nonblocking
[    0.000000] random 0000 0000 0000 00000000 00000000: debiting 64 entropy credits from nonblocking (unlimited)
[    0.000000] random 0000 0000 0000 00000000 00000000: extract_entropy account returned: 8 
[    0.000000] random 0000 0000 0000 00000000 00000000: urand_change_num 2 extract_buf: pool_sig 00000000, data_sig fffffff9, bytes_mixed 20 00000000 00000000
[    0.000000] Linux version 2.6.32.57 (dcashman@dcashman-02) (gcc version 4.3.3 (GCC) ) #6 Thu May 30 09:02:12 PDT 2013
[    0.000000] KERNEL supported cpus:
[    0.000000]   Intel GenuineIntel
[    0.000000]   AMD AuthenticAMD
[    0.000000]   NSC Geode by NSC
[    0.000000]   Cyrix CyrixInstead
[    0.000000]   Centaur CentaurHauls
[    0.000000]   Transmeta GenuineTMx86
[    0.000000]   Transmeta TransmetaCPU
[    0.000000]   UMC UMC UMC UMC
[    0.000000] BIOS-provided physical RAM map:
[    0.000000]  BIOS-e820: 0000000000000000 - 000000000009d800 (usable)
[    0.000000]  BIOS-e820: 000000000009d800 - 00000000000a0000 (reserved)
[    0.000000]  BIOS-e820: 00000000000d2000 - 00000000000d4000 (reserved)
[    0.000000]  BIOS-e820: 00000000000e0000 - 0000000000100000 (reserved)
[    0.000000]  BIOS-e820: 0000000000100000 - 000000003d6b0000 (usable)
[    0.000000]  BIOS-e820: 000000003d6b0000 - 000000003d6cc000 (ACPI data)
[    0.000000]  BIOS-e820: 000000003d6cc000 - 000000003d700000 (ACPI NVS)
[    0.000000]  BIOS-e820: 000000003d700000 - 000000003e000000 (reserved)
[    0.000000]  BIOS-e820: 00000000f0000000 - 00000000f4000000 (reserved)
[    0.000000]  BIOS-e820: 00000000fec00000 - 00000000fec10000 (reserved)
[    0.000000]  BIOS-e820: 00000000fed00000 - 00000000fed00400 (reserved)
[    0.000000]  BIOS-e820: 00000000fed14000 - 00000000fed1a000 (reserved)
[    0.000000]  BIOS-e820: 00000000fed1c000 - 00000000fed90000 (reserved)
[    0.000000]  BIOS-e820: 00000000fee00000 - 00000000fee01000 (reserved)
[    0.000000]  BIOS-e820: 00000000ff000000 - 0000000100000000 (reserved)
[    0.000000] DMI present.
[    0.000000] last_pfn = 0x3d6b0 max_arch_pfn = 0x100000
[    0.000000] MTRR default type: uncachable
[    0.000000] MTRR fixed ranges enabled:
[    0.000000]   00000-9FFFF write-back
[    0.000000]   A0000-BFFFF uncachable
[    0.000000]   C0000-CFFFF write-protect
[    0.000000]   D0000-DFFFF uncachable
[    0.000000]   E0000-FFFFF write-protect
[    0.000000] MTRR variable ranges enabled:
[    0.000000]   0 base 03E000000 mask FFE000000 uncachable
[    0.000000]   1 base 000000000 mask FC0000000 write-back
[    0.000000]   2 base 03D700000 mask FFFF00000 uncachable
[    0.000000]   3 base 03D800000 mask FFF800000 uncachable
[    0.000000]   4 disabled
[    0.000000]   5 disabled
[    0.000000]   6 disabled
[    0.000000]   7 disabled
[    0.000000] initial memory mapped : 0 - 02000000
[    0.000000] init_memory_mapping: 0000000000000000-00000000377fe000
[    0.000000]  0000000000 - 0000400000 page 4k
[    0.000000]  0000400000 - 0037400000 page 2M
[    0.000000]  0037400000 - 00377fe000 page 4k
[    0.000000] kernel direct mapping tables up to 377fe000 @ 7000-c000
[    0.000000] ACPI: RSDP 000f68d0 00024 (v02 LENOVO)
[    0.000000] ACPI: XSDT 3d6bb77f 00094 (v01 LENOVO TP-7L    00002170  LTP 00000000)
[    0.000000] ACPI: FACP 3d6bb900 000F4 (v03 LENOVO TP-7L    00002170 LNVO 00000001)
[    0.000000] ACPI Warning: 32/64X length mismatch in Gpe1Block: 0/32 (20090903/tbfadt-526)
[    0.000000] ACPI Warning: Optional field Gpe1Block has zero address or length: 000000000000102C/0 (20090903/tbfadt-557)
[    0.000000] ACPI: DSDT 3d6bbd1d 0FED1 (v01 LENOVO TP-7L    00002170 MSFT 03000000)
[    0.000000] ACPI: FACS 3d6e4000 00040
[    0.000000] ACPI: SSDT 3d6bbab4 00269 (v01 LENOVO TP-7L    00002170 MSFT 03000000)
[    0.000000] ACPI: ECDT 3d6cbbee 00052 (v01 LENOVO TP-7L    00002170 LNVO 00000001)
[    0.000000] ACPI: TCPA 3d6cbc40 00032 (v02 LENOVO TP-7L    00002170 LNVO 00000001)
[    0.000000] ACPI: APIC 3d6cbc72 00068 (v01 LENOVO TP-7L    00002170 LNVO 00000001)
[    0.000000] ACPI: MCFG 3d6cbcda 0003C (v01 LENOVO TP-7L    00002170 LNVO 00000001)
[    0.000000] ACPI: HPET 3d6cbd16 00038 (v01 LENOVO TP-7L    00002170 LNVO 00000001)
[    0.000000] ACPI: SLIC 3d6cbdf0 00176 (v01 LENOVO TP-7L    00002170  LTP 00000000)
[    0.000000] ACPI: BOOT 3d6cbf66 00028 (v01 LENOVO TP-7L    00002170  LTP 00000001)
[    0.000000] ACPI: ASF! 3d6cbf8e 00072 (v16 LENOVO TP-7L    00002170 PTL  00000001)
[    0.000000] ACPI: SSDT 3d6e26d9 0025F (v01 LENOVO TP-7L    00002170 INTL 20050513)
[    0.000000] ACPI: SSDT 3d6e2938 000A6 (v01 LENOVO TP-7L    00002170 INTL 20050513)
[    0.000000] ACPI: SSDT 3d6e29de 004F7 (v01 LENOVO TP-7L    00002170 INTL 20050513)
[    0.000000] ACPI: SSDT 3d6e2ed5 001D8 (v01 LENOVO TP-7L    00002170 INTL 20050513)
[    0.000000] ACPI: DMI detected: Lenovo ThinkPad R61
[    0.000000] ACPI: Added _OSI(Linux)
[    0.000000] ACPI: Local APIC address 0xfee00000
[    0.000000] 94MB HIGHMEM available.
[    0.000000] 887MB LOWMEM available.
[    0.000000]   mapped low ram: 0 - 377fe000
[    0.000000]   low ram: 0 - 377fe000
[    0.000000]   node 0 low ram: 00000000 - 377fe000
[    0.000000]   node 0 bootmap 00008000 - 0000ef00
[    0.000000] (6 early reservations) ==> bootmem [0000000000 - 00377fe000]
[    0.000000]   #0 [0000000000 - 0000001000]   BIOS data page ==> [0000000000 - 0000001000]
[    0.000000]   #1 [0001000000 - 0001bdc180]    TEXT DATA BSS ==> [0001000000 - 0001bdc180]
[    0.000000]   #2 [000009d800 - 0000100000]    BIOS reserved ==> [000009d800 - 0000100000]
[    0.000000]   #3 [0001bdd000 - 0001be516c]              BRK ==> [0001bdd000 - 0001be516c]
[    0.000000]   #4 [0000007000 - 0000008000]          PGTABLE ==> [0000007000 - 0000008000]
[    0.000000]   #5 [0000008000 - 000000f000]          BOOTMAP ==> [0000008000 - 000000f000]
[    0.000000] found SMP MP-table at [c00f6900] f6900
[    0.000000] Zone PFN ranges:
[    0.000000]   DMA      0x00000000 -> 0x00001000
[    0.000000]   Normal   0x00001000 -> 0x000377fe
[    0.000000]   HighMem  0x000377fe -> 0x0003d6b0
[    0.000000] Movable zone start PFN for each node
[    0.000000] early_node_map[2] active PFN ranges
[    0.000000]     0: 0x00000000 -> 0x0000009d
[    0.000000]     0: 0x00000100 -> 0x0003d6b0
[    0.000000] On node 0 totalpages: 251469
[    0.000000] free_area_init_node: node 0, pgdat c1901ea0, node_mem_map c1be7000
[    0.000000]   DMA zone: 32 pages used for memmap
[    0.000000]   DMA zone: 0 pages reserved
[    0.000000]   DMA zone: 3965 pages, LIFO batch:0
[    0.000000]   Normal zone: 1744 pages used for memmap
[    0.000000]   Normal zone: 221486 pages, LIFO batch:31
[    0.000000]   HighMem zone: 190 pages used for memmap
[    0.000000]   HighMem zone: 24052 pages, LIFO batch:3
[    0.000000] Using APIC driver default
[    0.000000] ACPI: PM-Timer IO Port: 0x1008
[    0.000000] ACPI: Local APIC address 0xfee00000
[    0.000000] ACPI: LAPIC (acpi_id[0x00] lapic_id[0x00] enabled)
[    0.000000] ACPI: LAPIC (acpi_id[0x01] lapic_id[0x01] enabled)
[    0.000000] ACPI: NR_CPUS/possible_cpus limit of 1 reached.  Processor 1/0x1 ignored.
[    0.000000] ACPI: LAPIC_NMI (acpi_id[0x00] high edge lint[0x1])
[    0.000000] ACPI: LAPIC_NMI (acpi_id[0x01] high edge lint[0x1])
[    0.000000] ACPI: IOAPIC (id[0x01] address[0xfec00000] gsi_base[0])
[    0.000000] IOAPIC[0]: apic_id 1, version 32, address 0xfec00000, GSI 0-23
[    0.000000] ACPI: INT_SRC_OVR (bus 0 bus_irq 0 global_irq 2 dfl dfl)
[    0.000000] ACPI: INT_SRC_OVR (bus 0 bus_irq 9 global_irq 9 high level)
[    0.000000] ACPI: IRQ0 used by override.
[    0.000000] ACPI: IRQ2 used by override.
[    0.000000] ACPI: IRQ9 used by override.
[    0.000000] Using ACPI (MADT) for SMP configuration information
[    0.000000] ACPI: HPET id: 0x8086a201 base: 0xfed00000
[    0.000000] nr_irqs_gsi: 24
[    0.000000] PM: Registered nosave memory: 000000000009d000 - 000000000009e000
[    0.000000] PM: Registered nosave memory: 000000000009e000 - 00000000000a0000
[    0.000000] PM: Registered nosave memory: 00000000000a0000 - 00000000000d2000
[    0.000000] PM: Registered nosave memory: 00000000000d2000 - 00000000000d4000
[    0.000000] PM: Registered nosave memory: 00000000000d4000 - 00000000000e0000
[    0.000000] PM: Registered nosave memory: 00000000000e0000 - 0000000000100000
[    0.000000] Allocating PCI resources starting at 3e000000 (gap: 3e000000:b2000000)
[    0.000000] Built 1 zonelists in Zone order, mobility grouping on.  Total pages: 249503
[    0.000000] Kernel command line: auto BOOT_IMAGE=Linux ro root=802 vt.default_utf8=0 maxcpus=0
[    0.000000] PID hash table entries: 4096 (order: 2, 16384 bytes)
[    0.000000] Dentry cache hash table entries: 131072 (order: 7, 524288 bytes)
[    0.000000] Inode-cache hash table entries: 65536 (order: 6, 262144 bytes)
[    0.000000] Enabling fast FPU save and restore... done.
[    0.000000] Enabling unmasked SIMD FPU exception support... done.
[    0.000000] Initializing CPU#0
[    0.000000] Initializing HighMem for node 0 (000377fe:0003d6b0)
[    0.000000] Memory: 984800k/1006272k available (6915k kernel code, 20876k reserved, 2327k data, 448k init, 96968k highmem)
[    0.000000] virtual kernel memory layout:
[    0.000000]     fixmap  : 0xfffa3000 - 0xfffff000   ( 368 kB)
[    0.000000]     pkmap   : 0xff800000 - 0xffc00000   (4096 kB)
[    0.000000]     vmalloc : 0xf7ffe000 - 0xff7fe000   ( 120 MB)
[    0.000000]     lowmem  : 0xc0000000 - 0xf77fe000   ( 887 MB)
[    0.000000]       .init : 0xc1907000 - 0xc1977000   ( 448 kB)
[    0.000000]       .data : 0xc16c0d3f - 0xc1906c64   (2327 kB)
[    0.000000]       .text : 0xc1000000 - 0xc16c0d3f   (6915 kB)
[    0.000000] Checking if this processor honours the WP bit even in supervisor mode...Ok.
[    0.000000] SLUB: Genslabs=13, HWalign=64, Order=0-3, MinObjects=0, CPUs=1, Nodes=1
[    0.000000] Hierarchical RCU implementation.
[    0.000000] NR_IRQS:288
[    0.000000] Extended CMOS year: 2000
[    0.000000] Console: colour VGA+ 80x25
[    0.000000] console [tty0] enabled
[    0.000000] hpet clockevent registered
[    0.000000] Fast TSC calibration using PIT
[    0.000000] Detected 2094.726 MHz processor.
[    0.001002] Calibrating delay loop (skipped), value calculated using timer frequency.. 4189.45 BogoMIPS (lpj=2094726)
[    0.001173] Security Framework initialized
[    0.001258] Mount-cache hash table entries: 512
[    0.002067] CPU: L1 I cache: 32K, L1 D cache: 32K
[    0.002200] CPU: L2 cache: 3072K
[    0.002280] mce: CPU supports 6 MCE banks
[    0.002364] CPU0: Thermal monitoring enabled (TM2)
[    0.002444] using mwait in idle threads.
[    0.002530] CPU: Intel(R) Core(TM)2 Duo CPU     T8100  @ 2.10GHz stepping 06
[    0.002703] Checking 'hlt' instruction... OK.
[    0.006940] ACPI: Core revision 20090903
[    0.026010] RANDOM get_random_int first call with cycles 38563068337, jiffies 4294667322 and pid 0
[    0.026018] CANARY value: 97b62b46 for PID: 1
[    0.026025] CANARY value: 37896a37 for PID: 2
[    0.026049] Enabling APIC mode:  Flat.  Using 1 I/O APICs
[    0.027205] ..TIMER: vector=0x30 apic1=0 pin1=2 apic2=-1 pin2=-1
[    0.037997] xor: automatically using best checksumming function: pIII_sse
[    0.041998]    pIII_sse  :  8568.000 MB/sec
[    0.042091] xor: using function: pIII_sse (8568.000 MB/sec)
[    0.042179] RANDOM - __seed init called.
[    0.042180] RANDOM - __seed init called.
[    0.042181] RANDOM - __seed init called.
[    0.042182] RANDOM - __random32 called. Change num 1.  Value: f7943846	49e73df3	af36cd0d
[    0.042184] RANDOM - __random32 called. Change num 2.  Value: 43846e13	9e73df37	9a1ad014
[    0.042186] RANDOM - __random32 called. Change num 3.  Value: 46e139c8	e73df373	a029598a
[    0.042188] RANDOM - __random32 called. Change num 4.  Value: 139c8c3b	73df373d	b3142c72
[    0.042190] RANDOM - __random32 called. Change num 5.  Value: c8c3b043	3df373de	58e576a9
[    0.042191] RANDOM - __random32 called. Change num 6.  Value: 3b0437d9	df373de5	ed53f9d8
[    0.042193] RANDOM - random32 init called.  Value: 3b0437d9	df373de5	ed53f9d8
[    0.042211] NET: Registered protocol family 16
[    0.042474] ACPI FADT declares the system doesn't support PCIe ASPM, so disable it
[    0.042601] ACPI: bus type pci registered
[    0.042776] PCI: MCFG configuration 0: base f0000000 segment 0 buses 0 - 63
[    0.042868] PCI: MCFG area at f0000000 reserved in E820
[    0.042963] PCI: Using MMCONFIG for extended config space
[    0.043002] PCI: Using configuration type 1 for base access
[    0.046176] bio: create slab <bio-0> at 0
[    0.046985] ACPI: EC: EC description table is found, configuring boot EC
[    0.052146] ACPI: BIOS _OSI(Linux) query honored via DMI
[    0.052871] random 0000 0000 0000 00000000 00000000: rand_read_num 2 get_random_bytes(8): sig fffffe1a 00000000 00000000
[    0.052874] random 0000 0000 0000 00000000 00000000: extract_entropy(.. 8 ..)
[    0.052877] random 0000 0000 0000 00000000 00000000: going to reseed nonblocking with 64 bits (64 of 0 requested)
[    0.052879] random 0000 0000 0000 00000000 00000000: extract_entropy(.. 8 ..)
[    0.052881] random 0000 0000 0000 00000000 00000000: trying to extract 64 bits from input
[    0.052883] random 0000 0000 0000 00000000 00000000: debiting 0 entropy credits from input
[    0.052885] random 0000 0000 0000 00000000 00000000: extract_entropy account returned: 0 
[    0.052888] random 0000 0000 0000 00000000 00000000: urand_change_num 3 xfer_secondary_pool(8): pool_sig fffffe1a, data_sig 00000000, bytes_mixed 0 00000000 00000000
[    0.052919] random 0000 0000 0000 00000000 00000000: trying to extract 64 bits from nonblocking
[    0.052922] random 0000 0000 0000 00000000 00000000: debiting 64 entropy credits from nonblocking (unlimited)
[    0.052924] random 0000 0000 0000 00000000 00000000: extract_entropy account returned: 8 
[    0.052928] random 0000 0000 0000 00000000 00000000: urand_change_num 4 extract_buf: pool_sig fffffe1a, data_sig fffffed7, bytes_mixed 20 00000000 00000000
[    0.058635] ACPI: Interpreter enabled
[    0.058720] ACPI: (supports S0 S3 S4 S5)
[    0.058998] ACPI: Using IOAPIC for interrupt routing
[    0.068914] ACPI: EC: GPE = 0x12, I/O: command/status = 0x66, data = 0x62
[    0.069192] ACPI: Power Resource [PUBS] (on)
[    0.071285] ACPI: ACPI Dock Station Driver: 3 docks/bays found
[    0.071693] ACPI: PCI Root Bridge [PCI0] (0000:00)
[    0.071870] pci 0000:00:02.0: reg 10 64bit mmio: [0xf8100000-0xf81fffff]
[    0.071876] pci 0000:00:02.0: reg 18 64bit mmio pref: [0xe0000000-0xefffffff]
[    0.071880] pci 0000:00:02.0: reg 20 io port: [0x1800-0x1807]
[    0.071914] pci 0000:00:02.1: reg 10 64bit mmio: [0xf8200000-0xf82fffff]
[    0.072030] pci 0000:00:19.0: reg 10 32bit mmio: [0xfe000000-0xfe01ffff]
[    0.072039] pci 0000:00:19.0: reg 14 32bit mmio: [0xfe025000-0xfe025fff]
[    0.072046] pci 0000:00:19.0: reg 18 io port: [0x1840-0x185f]
[    0.072115] pci 0000:00:19.0: PME# supported from D0 D3hot D3cold
[    0.072209] pci 0000:00:19.0: PME# disabled
[    0.072368] pci 0000:00:1a.0: reg 20 io port: [0x1860-0x187f]
[    0.072443] pci 0000:00:1a.1: reg 20 io port: [0x1880-0x189f]
[    0.072522] pci 0000:00:1a.7: reg 10 32bit mmio: [0xfe226c00-0xfe226fff]
[    0.072602] pci 0000:00:1a.7: PME# supported from D0 D3hot D3cold
[    0.072695] pci 0000:00:1a.7: PME# disabled
[    0.072850] pci 0000:00:1b.0: reg 10 64bit mmio: [0xfe020000-0xfe023fff]
[    0.072933] pci 0000:00:1b.0: PME# supported from D0 D3hot D3cold
[    0.072997] pci 0000:00:1b.0: PME# disabled
[    0.073205] pci 0000:00:1c.0: PME# supported from D0 D3hot D3cold
[    0.073298] pci 0000:00:1c.0: PME# disabled
[    0.073499] pci 0000:00:1c.1: PME# supported from D0 D3hot D3cold
[    0.073598] pci 0000:00:1c.1: PME# disabled
[    0.073799] pci 0000:00:1c.2: PME# supported from D0 D3hot D3cold
[    0.073892] pci 0000:00:1c.2: PME# disabled
[    0.074109] pci 0000:00:1c.3: PME# supported from D0 D3hot D3cold
[    0.074206] pci 0000:00:1c.3: PME# disabled
[    0.075090] pci 0000:00:1c.4: PME# supported from D0 D3hot D3cold
[    0.075185] pci 0000:00:1c.4: PME# disabled
[    0.075340] pci 0000:00:1d.0: reg 20 io port: [0x18a0-0x18bf]
[    0.075417] pci 0000:00:1d.1: reg 20 io port: [0x18c0-0x18df]
[    0.075501] pci 0000:00:1d.2: reg 20 io port: [0x18e0-0x18ff]
[    0.075591] pci 0000:00:1d.7: reg 10 32bit mmio: [0xfe227000-0xfe2273ff]
[    0.075682] pci 0000:00:1d.7: PME# supported from D0 D3hot D3cold
[    0.075791] pci 0000:00:1d.7: PME# disabled
[    0.076095] pci 0000:00:1f.0: quirk: region 1000-107f claimed by ICH6 ACPI/GPIO/TCO
[    0.076227] pci 0000:00:1f.0: quirk: region 1180-11bf claimed by ICH6 GPIO
[    0.076320] pci 0000:00:1f.0: ICH7 LPC Generic IO decode 1 PIO at 1600 (mask 007f)
[    0.076449] pci 0000:00:1f.0: ICH7 LPC Generic IO decode 2 PIO at 15e0 (mask 000f)
[    0.076579] pci 0000:00:1f.0: ICH7 LPC Generic IO decode 3 PIO at 1680 (mask 001f)
[    0.076794] pci 0000:00:1f.1: reg 10 io port: [0x00-0x07]
[    0.076804] pci 0000:00:1f.1: reg 14 io port: [0x00-0x03]
[    0.076813] pci 0000:00:1f.1: reg 18 io port: [0x00-0x07]
[    0.076823] pci 0000:00:1f.1: reg 1c io port: [0x00-0x03]
[    0.076831] pci 0000:00:1f.1: reg 20 io port: [0x1c00-0x1c0f]
[    0.076908] pci 0000:00:1f.2: reg 10 io port: [0x1c50-0x1c57]
[    0.076915] pci 0000:00:1f.2: reg 14 io port: [0x1c44-0x1c47]
[    0.076924] pci 0000:00:1f.2: reg 18 io port: [0x1c48-0x1c4f]
[    0.076932] pci 0000:00:1f.2: reg 1c io port: [0x1c40-0x1c43]
[    0.076941] pci 0000:00:1f.2: reg 20 io port: [0x1c20-0x1c3f]
[    0.076948] pci 0000:00:1f.2: reg 24 32bit mmio: [0xfe226000-0xfe2267ff]
[    0.077016] pci 0000:00:1f.2: PME# supported from D3hot
[    0.077108] pci 0000:00:1f.2: PME# disabled
[    0.077239] pci 0000:00:1f.3: reg 10 32bit mmio: [0xfe227400-0xfe2274ff]
[    0.077262] pci 0000:00:1f.3: reg 20 io port: [0x1c60-0x1c7f]
[    0.077352] pci 0000:00:1c.0: bridge io port: [0x2000-0x2fff]
[    0.077359] pci 0000:00:1c.0: bridge 32bit mmio: [0xfc000000-0xfdffffff]
[    0.077368] pci 0000:00:1c.0: bridge 64bit mmio pref: [0xf8000000-0xf80fffff]
[    0.077439] pci 0000:03:00.0: reg 10 64bit mmio: [0xdf3f0000-0xdf3fffff]
[    0.077635] pci 0000:00:1c.1: bridge io port: [0x3000-0x3fff]
[    0.077642] pci 0000:00:1c.1: bridge 32bit mmio: [0xdc000000-0xdf3fffff]
[    0.077651] pci 0000:00:1c.1: bridge 64bit mmio pref: [0xdfe00000-0xdfefffff]
[    0.077709] pci 0000:00:1c.2: bridge io port: [0x4000-0x4fff]
[    0.077716] pci 0000:00:1c.2: bridge 32bit mmio: [0xd8000000-0xd9ffffff]
[    0.077724] pci 0000:00:1c.2: bridge 64bit mmio pref: [0xdfb00000-0xdfbfffff]
[    0.077781] pci 0000:00:1c.3: bridge io port: [0x5000-0x5fff]
[    0.077787] pci 0000:00:1c.3: bridge 32bit mmio: [0xd4000000-0xd5ffffff]
[    0.077796] pci 0000:00:1c.3: bridge 64bit mmio pref: [0xdf800000-0xdf8fffff]
[    0.077850] pci 0000:00:1c.4: bridge io port: [0x6000-0x6fff]
[    0.077857] pci 0000:00:1c.4: bridge 32bit mmio: [0xd0000000-0xd1ffffff]
[    0.077866] pci 0000:00:1c.4: bridge 64bit mmio pref: [0xdf500000-0xdf5fffff]
[    0.077930] pci 0000:15:00.0: reg 10 32bit mmio: [0xf8300000-0xf8300fff]
[    0.077978] pci 0000:15:00.0: supports D1 D2
[    0.077980] pci 0000:15:00.0: PME# supported from D0 D1 D2 D3hot D3cold
[    0.077999] pci 0000:15:00.0: PME# disabled
[    0.078143] pci 0000:15:00.1: reg 10 32bit mmio: [0xf8301000-0xf83017ff]
[    0.078251] pci 0000:15:00.1: supports D1 D2
[    0.078252] pci 0000:15:00.1: PME# supported from D0 D1 D2 D3hot D3cold
[    0.078355] pci 0000:15:00.1: PME# disabled
[    0.078540] pci 0000:00:1e.0: transparent bridge
[    0.078636] pci 0000:00:1e.0: bridge io port: [0x7000-0xafff]
[    0.078642] pci 0000:00:1e.0: bridge 32bit mmio: [0xf8300000-0xfbffffff]
[    0.078651] pci 0000:00:1e.0: bridge 64bit mmio pref: [0xf4000000-0xf7ffffff]
[    0.078723] pci_bus 0000:00: on NUMA node 0
[    0.078726] ACPI: PCI Interrupt Routing Table [\_SB_.PCI0._PRT]
[    0.078860] ACPI: PCI Interrupt Routing Table [\_SB_.PCI0.EXP0._PRT]
[    0.079014] ACPI: PCI Interrupt Routing Table [\_SB_.PCI0.EXP1._PRT]
[    0.079074] ACPI: PCI Interrupt Routing Table [\_SB_.PCI0.EXP2._PRT]
[    0.079132] ACPI: PCI Interrupt Routing Table [\_SB_.PCI0.EXP3._PRT]
[    0.079195] ACPI: PCI Interrupt Routing Table [\_SB_.PCI0.EXP4._PRT]
[    0.079257] ACPI: PCI Interrupt Routing Table [\_SB_.PCI0.PCI1._PRT]
[    0.084712] ACPI: PCI Interrupt Link [LNKA] (IRQs 3 4 5 6 7 9 *10 11)
[    0.085515] ACPI: PCI Interrupt Link [LNKB] (IRQs 3 4 5 6 7 9 10 *11)
[    0.086292] ACPI: PCI Interrupt Link [LNKC] (IRQs 3 4 5 6 7 9 10 *11)
[    0.087141] ACPI: PCI Interrupt Link [LNKD] (IRQs 3 4 5 6 7 9 10 *11)
[    0.087936] ACPI: PCI Interrupt Link [LNKE] (IRQs 3 4 5 6 7 9 10 *11)
[    0.088735] ACPI: PCI Interrupt Link [LNKF] (IRQs 3 4 5 6 7 9 10 *11)
[    0.089534] ACPI: PCI Interrupt Link [LNKG] (IRQs 3 4 5 6 7 9 10 *11)
[    0.090370] ACPI: PCI Interrupt Link [LNKH] (IRQs 3 4 5 6 7 9 10 *11)
[    0.091213] vgaarb: device added: PCI:0000:00:02.0,decodes=io+mem,owns=io+mem,locks=none
[    0.091343] vgaarb: loaded
[    0.091522] SCSI subsystem initialized
[    0.091629] libata version 3.00 loaded.
[    0.091678] usbcore: registered new interface driver usbfs
[    0.091802] usbcore: registered new interface driver hub
[    0.091919] usbcore: registered new device driver usb
[    0.109047] raid6: int32x1    941 MB/s
[    0.126058] raid6: int32x2    890 MB/s
[    0.143068] raid6: int32x4    750 MB/s
[    0.159989] raid6: int32x8    656 MB/s
[    0.176989] raid6: mmxx1     2878 MB/s
[    0.193986] raid6: mmxx2     3253 MB/s
[    0.211003] raid6: sse1x1    1937 MB/s
[    0.227984] raid6: sse1x2    2531 MB/s
[    0.244986] raid6: sse2x1    3507 MB/s
[    0.261972] raid6: sse2x2    3824 MB/s
[    0.262060] raid6: using algorithm sse2x2 (3824 MB/s)
[    0.262161] PCI: Using ACPI for IRQ routing
[    0.262463] HPET: 3 timers in total, 0 timers will be used for per-cpu timer
[    0.262982] Switching to clocksource tsc
[    0.263080] pnp: PnP ACPI init
[    0.263169] ACPI: bus type pnp registered
[    0.266814] pnp: PnP ACPI: found 11 devices
[    0.266923] ACPI: ACPI bus type pnp unregistered
[    0.267023] system 00:00: iomem range 0x0-0x9ffff could not be reserved
[    0.267118] system 00:00: iomem range 0xc0000-0xc3fff could not be reserved
[    0.267214] system 00:00: iomem range 0xc4000-0xc7fff could not be reserved
[    0.267308] system 00:00: iomem range 0xc8000-0xcbfff has been reserved
[    0.267399] system 00:00: iomem range 0xcc000-0xcffff has been reserved
[    0.267500] system 00:00: iomem range 0xd0000-0xd3fff could not be reserved
[    0.267601] system 00:00: iomem range 0xe0000-0xe3fff could not be reserved
[    0.267704] system 00:00: iomem range 0xe4000-0xe7fff could not be reserved
[    0.267800] system 00:00: iomem range 0xe8000-0xebfff could not be reserved
[    0.267899] system 00:00: iomem range 0xec000-0xeffff could not be reserved
[    0.267991] system 00:00: iomem range 0xf0000-0xfffff could not be reserved
[    0.268080] system 00:00: iomem range 0x100000-0x3dffffff could not be reserved
[    0.268202] system 00:00: iomem range 0xfec00000-0xfed3ffff could not be reserved
[    0.268328] system 00:00: iomem range 0xfed4c000-0xffffffff could not be reserved
[    0.268452] system 00:02: ioport range 0x164e-0x164f has been reserved
[    0.268544] system 00:02: ioport range 0x1000-0x107f has been reserved
[    0.268642] system 00:02: ioport range 0x1180-0x11bf has been reserved
[    0.268731] system 00:02: ioport range 0x800-0x80f has been reserved
[    0.268830] system 00:02: ioport range 0x15e0-0x15ef has been reserved
[    0.268924] system 00:02: ioport range 0x1600-0x165f could not be reserved
[    0.269018] system 00:02: iomem range 0xf0000000-0xf3ffffff has been reserved
[    0.269117] system 00:02: iomem range 0xfed1c000-0xfed1ffff has been reserved
[    0.269209] system 00:02: iomem range 0xfed14000-0xfed17fff has been reserved
[    0.269302] system 00:02: iomem range 0xfed18000-0xfed18fff has been reserved
[    0.269392] system 00:02: iomem range 0xfed19000-0xfed19fff has been reserved
[    0.269485] system 00:02: iomem range 0xfed45000-0xfed4bfff has been reserved
[    0.304533] pci 0000:00:1c.0: PCI bridge, secondary bus 0000:02
[    0.304628] pci 0000:00:1c.0:   IO window: 0x2000-0x2fff
[    0.304736] pci 0000:00:1c.0:   MEM window: 0xfc000000-0xfdffffff
[    0.304831] pci 0000:00:1c.0:   PREFETCH window: 0x000000f8000000-0x000000f80fffff
[    0.304963] pci 0000:00:1c.1: PCI bridge, secondary bus 0000:03
[    0.305059] pci 0000:00:1c.1:   IO window: 0x3000-0x3fff
[    0.305151] pci 0000:00:1c.1:   MEM window: 0xdc000000-0xdf3fffff
[    0.305250] pci 0000:00:1c.1:   PREFETCH window: 0x000000dfe00000-0x000000dfefffff
[    0.305388] pci 0000:00:1c.2: PCI bridge, secondary bus 0000:04
[    0.305486] pci 0000:00:1c.2:   IO window: 0x4000-0x4fff
[    0.305579] pci 0000:00:1c.2:   MEM window: 0xd8000000-0xd9ffffff
[    0.305672] pci 0000:00:1c.2:   PREFETCH window: 0x000000dfb00000-0x000000dfbfffff
[    0.305809] pci 0000:00:1c.3: PCI bridge, secondary bus 0000:05
[    0.305913] pci 0000:00:1c.3:   IO window: 0x5000-0x5fff
[    0.306014] pci 0000:00:1c.3:   MEM window: 0xd4000000-0xd5ffffff
[    0.306111] pci 0000:00:1c.3:   PREFETCH window: 0x000000df800000-0x000000df8fffff
[    0.306248] pci 0000:00:1c.4: PCI bridge, secondary bus 0000:0d
[    0.306341] pci 0000:00:1c.4:   IO window: 0x6000-0x6fff
[    0.306434] pci 0000:00:1c.4:   MEM window: 0xd0000000-0xd1ffffff
[    0.306528] pci 0000:00:1c.4:   PREFETCH window: 0x000000df500000-0x000000df5fffff
[    0.306658] pci 0000:15:00.0: CardBus bridge, secondary bus 0000:16
[    0.306754] pci 0000:15:00.0:   IO window: 0x007000-0x0070ff
[    0.306851] pci 0000:15:00.0:   IO window: 0x007400-0x0074ff
[    0.306953] pci 0000:15:00.0:   PREFETCH window: 0xf4000000-0xf7ffffff
[    0.307050] pci 0000:15:00.0:   MEM window: 0x40000000-0x43ffffff
[    0.307156] pci 0000:00:1e.0: PCI bridge, secondary bus 0000:15
[    0.307255] pci 0000:00:1e.0:   IO window: 0x7000-0xafff
[    0.307348] pci 0000:00:1e.0:   MEM window: 0xf8300000-0xfbffffff
[    0.307447] pci 0000:00:1e.0:   PREFETCH window: 0x000000f4000000-0x000000f7ffffff
[    0.307596] pci 0000:00:1c.0: PCI INT A -> GSI 20 (level, low) -> IRQ 20
[    0.307691] pci 0000:00:1c.0: setting latency timer to 64
[    0.307705] pci 0000:00:1c.1: PCI INT B -> GSI 21 (level, low) -> IRQ 21
[    0.307801] pci 0000:00:1c.1: setting latency timer to 64
[    0.307814] pci 0000:00:1c.2: PCI INT C -> GSI 22 (level, low) -> IRQ 22
[    0.307910] pci 0000:00:1c.2: setting latency timer to 64
[    0.307923] pci 0000:00:1c.3: PCI INT D -> GSI 23 (level, low) -> IRQ 23
[    0.308018] pci 0000:00:1c.3: setting latency timer to 64
[    0.308029] pci 0000:00:1c.4: PCI INT A -> GSI 20 (level, low) -> IRQ 20
[    0.308122] pci 0000:00:1c.4: setting latency timer to 64
[    0.308131] pci 0000:00:1e.0: enabling device (0005 -> 0007)
[    0.308226] pci 0000:00:1e.0: setting latency timer to 64
[    0.308243] pci 0000:15:00.0: PCI INT A -> GSI 16 (level, low) -> IRQ 16
[    0.308344] pci 0000:15:00.0: setting latency timer to 64
[    0.308348] pci_bus 0000:00: resource 0 io:  [0x00-0xffff]
[    0.308349] pci_bus 0000:00: resource 1 mem: [0x000000-0xffffffff]
[    0.308351] pci_bus 0000:02: resource 0 io:  [0x2000-0x2fff]
[    0.308353] pci_bus 0000:02: resource 1 mem: [0xfc000000-0xfdffffff]
[    0.308355] pci_bus 0000:02: resource 2 pref mem [0xf8000000-0xf80fffff]
[    0.308357] pci_bus 0000:03: resource 0 io:  [0x3000-0x3fff]
[    0.308359] pci_bus 0000:03: resource 1 mem: [0xdc000000-0xdf3fffff]
[    0.308361] pci_bus 0000:03: resource 2 pref mem [0xdfe00000-0xdfefffff]
[    0.308363] pci_bus 0000:04: resource 0 io:  [0x4000-0x4fff]
[    0.308364] pci_bus 0000:04: resource 1 mem: [0xd8000000-0xd9ffffff]
[    0.308366] pci_bus 0000:04: resource 2 pref mem [0xdfb00000-0xdfbfffff]
[    0.308368] pci_bus 0000:05: resource 0 io:  [0x5000-0x5fff]
[    0.308370] pci_bus 0000:05: resource 1 mem: [0xd4000000-0xd5ffffff]
[    0.308371] pci_bus 0000:05: resource 2 pref mem [0xdf800000-0xdf8fffff]
[    0.308373] pci_bus 0000:0d: resource 0 io:  [0x6000-0x6fff]
[    0.308375] pci_bus 0000:0d: resource 1 mem: [0xd0000000-0xd1ffffff]
[    0.308377] pci_bus 0000:0d: resource 2 pref mem [0xdf500000-0xdf5fffff]
[    0.308379] pci_bus 0000:15: resource 0 io:  [0x7000-0xafff]
[    0.308380] pci_bus 0000:15: resource 1 mem: [0xf8300000-0xfbffffff]
[    0.308382] pci_bus 0000:15: resource 2 pref mem [0xf4000000-0xf7ffffff]
[    0.308384] pci_bus 0000:15: resource 3 io:  [0x00-0xffff]
[    0.308386] pci_bus 0000:15: resource 4 mem: [0x000000-0xffffffff]
[    0.308388] pci_bus 0000:16: resource 0 io:  [0x7000-0x70ff]
[    0.308389] pci_bus 0000:16: resource 1 io:  [0x7400-0x74ff]
[    0.308391] pci_bus 0000:16: resource 2 pref mem [0xf4000000-0xf7ffffff]
[    0.308393] pci_bus 0000:16: resource 3 mem: [0x40000000-0x43ffffff]
[    0.308400] NET: Registered protocol family 2
[    0.308498] RANDOM - __random32 called. Change num 7.  Value: 437d97bf	f373de51	f3b0f986
[    0.308500] RANDOM - random32 called.  Value: 437d97bf	f373de51	f3b0f986
[    0.308504] random 0000 0000 0000 5f8db4e5 4cfdf2a8: rand_read_num 3 get_random_bytes(4): sig fffffb64 5f8db4e5 4cfdf2a8
[    0.308506] random 0000 0000 0000 5f8db4e5 4cfdf2a8: extract_entropy(.. 4 ..)
[    0.308509] random 0000 0000 0000 5f8db4e5 4cfdf2a8: going to reseed nonblocking with 64 bits (32 of 0 requested)
[    0.308511] random 0000 0000 0000 5f8db4e5 4cfdf2a8: extract_entropy(.. 8 ..)
[    0.308513] random 0000 0000 0000 5f8db4e5 4cfdf2a8: trying to extract 64 bits from input
[    0.308515] random 0000 0000 0000 5f8db4e5 4cfdf2a8: debiting 0 entropy credits from input
[    0.308517] random 0000 0000 0000 5f8db4e5 4cfdf2a8: extract_entropy account returned: 0 
[    0.308520] random 0000 0000 0000 5f8db4e5 4cfdf2a8: urand_change_num 5 xfer_secondary_pool(4): pool_sig fffffb64, data_sig 00000000, bytes_mixed 0 5f8db4e5 4cfdf2a8
[    0.308523] random 0000 0000 0000 5f8db4e5 4cfdf2a8: trying to extract 32 bits from nonblocking
[    0.308525] random 0000 0000 0000 5f8db4e5 4cfdf2a8: debiting 32 entropy credits from nonblocking (unlimited)
[    0.308528] random 0000 0000 0000 5f8db4e5 4cfdf2a8: extract_entropy account returned: 4 
[    0.308532] random 0000 0000 0000 5f8db4e5 4cfdf2a8: urand_change_num 6 extract_buf: pool_sig fffffb64, data_sig 00000241, bytes_mixed 20 5f8db4e5 4cfdf2a8
[    0.308542] IP route cache hash table entries: 32768 (order: 5, 131072 bytes)
[    0.308672] RANDOM - __random32 called. Change num 8.  Value: d97bfe31	373de51f	f30dc6e6
[    0.308674] RANDOM - random32 called.  Value: d97bfe31	373de51f	f30dc6e6
[    0.308684] RANDOM - __random32 called. Change num 9.  Value: bfe314d7	73de51f5	8dcd6c7e
[    0.308686] RANDOM - random32 called.  Value: bfe314d7	73de51f5	8dcd6c7e
[    0.308687] RANDOM - __random32 called. Change num 10.  Value: 314d7baf	3de51f5e	d8fc74c1
[    0.308689] RANDOM - random32 called.  Value: 314d7baf	3de51f5e	d8fc74c1
[    0.308699] RANDOM - __random32 called. Change num 11.  Value: d7baf3c7	de51f5e5	e983e3fa
[    0.308701] RANDOM - random32 called.  Value: d7baf3c7	de51f5e5	e983e3fa
[    0.308711] TCP established hash table entries: 131072 (order: 8, 1048576 bytes)
[    0.309208] TCP bind hash table entries: 65536 (order: 6, 262144 bytes)
[    0.309408] TCP: Hash tables configured (established 131072 bind 65536)
[    0.309499] TCP reno registered
[    0.309600] NET: Registered protocol family 1
[    0.309714] RPC: Registered udp transport module.
[    0.309807] RPC: Registered tcp transport module.
[    0.309903] RPC: Registered tcp NFSv4.1 backchannel transport module.
[    0.309997] pci 0000:00:02.0: Boot video device
[    0.310209] Simple Boot Flag at 0x35 set to 0x1
[    0.310729] highmem bounce pool size: 64 pages
[    0.312304] VFS: Disk quotas dquot_6.5.2
[    0.312426] Dquot-cache hash table entries: 1024 (order 0, 4096 bytes)
[    0.313112] NTFS driver 2.1.29 [Flags: R/W].
[    0.313282] ROMFS MTD (C) 2007 Red Hat, Inc.
[    0.313491] JFS: nTxBlock = 7695, nTxLock = 61562
[    0.315946] SGI XFS with ACLs, security attributes, large block/inode numbers, no debug enabled
[    0.316433] SGI XFS Quota Management subsystem
[    0.316717] Slow work thread pool: Starting up
[    0.316828] Slow work thread pool: Ready
[    0.316961] GFS2 (built May 24 2013 02:47:17) installed
[    0.317051] msgmni has been set to 1734
[    0.317228] alg: No test for cipher_null (cipher_null-generic)
[    0.317328] alg: No test for ecb(cipher_null) (ecb-cipher_null)
[    0.317428] alg: No test for digest_null (digest_null-generic)
[    0.317527] alg: No test for compress_null (compress_null-generic)
[    0.318103] alg: No test for fcrypt (fcrypt-generic)
[    0.319517] alg: No test for stdrng (krng)
[    0.319619] async_tx: api initialized (async)
[    0.319774] Block layer SCSI generic (bsg) driver version 0.4 loaded (major 254)
[    0.319912] io scheduler noop registered
[    0.320008] io scheduler anticipatory registered
[    0.320094] io scheduler deadline registered
[    0.320236] io scheduler cfq registered (default)
[    0.320476] pcieport 0000:00:1c.0: irq 24 for MSI/MSI-X
[    0.320492] pcieport 0000:00:1c.0: setting latency timer to 64
[    0.320675] pcieport 0000:00:1c.1: irq 25 for MSI/MSI-X
[    0.320686] pcieport 0000:00:1c.1: setting latency timer to 64
[    0.320883] pcieport 0000:00:1c.2: irq 26 for MSI/MSI-X
[    0.320894] pcieport 0000:00:1c.2: setting latency timer to 64
[    0.321074] pcieport 0000:00:1c.3: irq 27 for MSI/MSI-X
[    0.321083] pcieport 0000:00:1c.3: setting latency timer to 64
[    0.321262] pcieport 0000:00:1c.4: irq 28 for MSI/MSI-X
[    0.321273] pcieport 0000:00:1c.4: setting latency timer to 64
[    0.321416] pci_hotplug: PCI Hot Plug PCI Core version: 0.5
[    0.321608] isapnp: Scanning for PnP cards...
[    0.682121] isapnp: No Plug & Play device found
[    0.682211] random 0000 0000 0000 5f8db4e5 4cfdf2a8: initializing
[    0.682213] RANDOM init_std_data for input now value: 1369947649682213323
[    0.682215] RANDOM init_std_data for blocking now value: 1369947649682215308
[    0.682216] RANDOM init_std_data for nonblocking now value: 1369947649682217023
[    0.701817] Serial: 8250/16550 driver, 4 ports, IRQ sharing enabled
[    3.712708] floppy0: no floppy controllers found
[    3.713657] brd: module loaded
[    3.714164] loop: module loaded
[    3.714269] Compaq SMART2 Driver (v 2.6.0)
[    3.714395] HP CISS Driver (v 3.6.20)
[    3.714635] input: Macintosh mouse button emulation as /devices/virtual/input/input0
[    3.714780] Uniform Multi-Platform E-IDE driver
[    3.715013] piix 0000:00:1f.1: IDE controller (0x8086:0x2850 rev 0x03)
[    3.715116] pci 0000:00:1f.1: PCI INT C -> GSI 16 (level, low) -> IRQ 16
[    3.715225] piix 0000:00:1f.1: IDE port disabled
[    3.715321] piix 0000:00:1f.1: not 100% native mode: will probe irqs later
[    3.715426]     ide0: BM-DMA at 0x1c00-0x1c07
[    3.715519] Probing IDE interface ide0...
[    4.386894] hda: HL-DT-ST DVDRAM GSA-U10N, ATAPI CD/DVD-ROM drive
[    4.693690] hda: host max PIO4 wanted PIO255(auto-tune) selected PIO4
[    4.694463] hda: UDMA/33 mode selected
[    4.694932] ide0 at 0x1f0-0x1f7,0x3f6 on irq 14
[    4.698849] ide-gd driver 1.18
[    4.698957] ide-cd driver 5.00
[    4.700348] random 0000 0000 0000 00000000 00000000: add_disk_randomness(0:0) 00000000 00000000
[    4.700352] random 0000 0000 0000 00000000 00000000: add_timer_randomness(.. 256) with jiffies: 6309374646508289660, cycles: 6309374642213617675
[    4.700354] random 0000 0000 0000 00000000 00000000: added 11 entropy credits to input
[    4.700358] ide-cd: hda: ATAPI 24X DVD-ROM DVD-R/RAM CD-R/RW drive, 2048kB Cache
[    4.700825] Uniform CD-ROM driver Revision: 3.20
[    4.703570] random 0011 0000 0000 00000000 00000000: add_disk_randomness(0:0) 00000000 00000000
[    4.703573] random 0011 0000 0000 00000000 00000000: add_timer_randomness(.. 256) with jiffies: 6338364632079236735, cycles: 6338364627784564747
[    4.703575] random 0011 0000 0000 00000000 00000000: added 1 entropy credits to input
[    4.703578] random 0012 0000 0000 00000000 00000000: add_disk_randomness(0:0) 00000000 00000000
[    4.703581] random 0012 0000 0000 00000000 00000000: add_timer_randomness(.. 256) with jiffies: 6338439854136458879, cycles: 6338439849841786891
[    4.705575] random 0012 0000 0000 00000000 00000000: add_disk_randomness(0:0) 00000000 00000000
[    4.705578] random 0012 0000 0000 00000000 00000000: add_timer_randomness(.. 256) with jiffies: 6356406518379413121, cycles: 6356406514084741131
[    4.705581] random 0012 0000 0000 00000000 00000000: added 1 entropy credits to input
[    4.705584] random 0013 0000 0000 00000000 00000000: add_disk_randomness(0:0) 00000000 00000000
[    4.705586] random 0013 0000 0000 00000000 00000000: add_timer_randomness(.. 256) with jiffies: 6356481602997681793, cycles: 6356481598703009803
[    4.707572] random 0013 0000 0000 00000000 00000000: add_disk_randomness(0:0) 00000000 00000000
[    4.707575] random 0013 0000 0000 00000000 00000000: add_timer_randomness(.. 256) with jiffies: 6374369209777618563, cycles: 6374369205482946571
[    4.707577] random 0013 0000 0000 00000000 00000000: added 1 entropy credits to input
[    4.707580] random 0014 0000 0000 00000000 00000000: add_disk_randomness(0:0) 00000000 00000000
[    4.707583] random 0014 0000 0000 00000000 00000000: add_timer_randomness(.. 256) with jiffies: 6374442134027337347, cycles: 6374442129732665355
[    4.707858] Loading iSCSI transport class v2.0-870.
[    4.708141] rdac: device handler registered
[    4.708228] hp_sw: device handler registered
[    4.708321] emc: device handler registered
[    4.708408] alua: device handler registered
[    4.709403] Adaptec aacraid driver 1.1-5[2461]-ms
[    4.709830] scsi: <fdomain> Detection failed (no card)
[    4.709931] sym53c416.c: Version 1.0.0-ac
[    4.710044] qlogicfas: no cards were found, please specify I/O address and IRQ using iobase= and irq= options
[    4.710171] QLogic Fibre Channel HBA Driver: 8.03.01-k6
[    4.710399] iscsi: registered transport (qla4xxx)
[    4.710507] QLogic iSCSI HBA Driver
[    4.710595] Emulex LightPulse Fibre Channel SCSI driver 8.3.4
[    4.710689] Copyright(c) 2004-2009 Emulex.  All rights reserved.
[    4.732673] Failed initialization of WD-7000 SCSI card!
[    4.822254] DC390: clustering now enabled by default. If you get problems load
[    4.822374]        with "disable_clustering=1" and report to maintainers
[    4.822516] megaraid cmm: 2.20.2.7 (Release Date: Sun Jul 16 00:01:03 EST 2006)
[    4.822671] megaraid: 2.20.5.1 (Release Date: Thu Nov 16 15:32:35 EST 2006)
[    4.822787] megasas: 00.00.04.01 Thu July 24 11:41:51 PST 2008
[    4.822921] GDT-HA: Storage RAID Controller Driver. Version: 3.05
[    4.823079] 3ware Storage Controller device driver for Linux v1.26.02.002.
[    4.823197] 3ware 9000 Storage Controller device driver for Linux v2.26.02.012.
[    4.823340] nsp32: loading...
[    4.823445] ipr: IBM Power RAID SCSI Device Driver version: 2.4.3 (June 10, 2009)
[    4.823588] RocketRAID 3xxx/4xxx Controller driver v1.6 (090910)
[    4.823703] stex: Promise SuperTrak EX Driver version: 4.6.0000.3
[    4.823837] st: Version 20081215, fixed bufsize 32768, s/g segs 256
[    4.824033] ahci 0000:00:1f.2: version 3.0
[    4.824046] ahci 0000:00:1f.2: PCI INT B -> GSI 16 (level, low) -> IRQ 16
[    4.824179] ahci 0000:00:1f.2: irq 29 for MSI/MSI-X
[    4.824236] ahci 0000:00:1f.2: AHCI 0001.0100 32 slots 3 ports 1.5 Gbps 0x5 impl SATA mode
[    4.824359] ahci 0000:00:1f.2: flags: 64bit ncq sntf pm led clo pio slum part ccc 
[    4.824491] ahci 0000:00:1f.2: setting latency timer to 64
[    4.824632] scsi2 : ahci
[    4.824808] scsi3 : ahci
[    4.824947] scsi4 : ahci
[    4.825123] ata1: SATA max UDMA/133 abar m2048@0xfe226000 port 0xfe226100 irq 29
[    4.825247] ata2: DUMMY
[    4.825341] ata3: SATA max UDMA/133 abar m2048@0xfe226000 port 0xfe226200 irq 29
[    4.825955] I2O subsystem v1.325
[    4.826040] i2o: max drivers = 8
[    4.826192] I2O Configuration OSM v1.323
[    4.826292] I2O Bus Adapter OSM v1.317
[    4.826400] I2O Block Device OSM v1.325
[    4.826551] I2O SCSI Peripheral OSM v1.316
[    4.826708] I2O ProcFS OSM v1.316
[    4.826818] Fusion MPT base driver 3.04.12
[    4.826905] Copyright (c) 1999-2008 LSI Corporation
[    4.826995] Fusion MPT SPI Host driver 3.04.12
[    4.827104] Fusion MPT FC Host driver 3.04.12
[    4.827218] Fusion MPT SAS Host driver 3.04.12
[    4.827378] ohci1394 0000:15:00.1: PCI INT B -> GSI 17 (level, low) -> IRQ 17
[    4.827473] ohci1394 0000:15:00.1: setting latency timer to 64
[    4.880691] ohci1394: fw-host0: OHCI-1394 1.1 (PCI): IRQ=[17]  MMIO=[f8301000-f83017ff]  Max Packet=[2048]  IR/IT contexts=[4/4]
[    4.884969] ehci_hcd: USB 2.0 'Enhanced' Host Controller (EHCI) Driver
[    4.885245] ehci_hcd 0000:00:1a.7: power state changed by ACPI to D0
[    4.885484] ehci_hcd 0000:00:1a.7: power state changed by ACPI to D0
[    4.885587] ehci_hcd 0000:00:1a.7: PCI INT C -> GSI 22 (level, low) -> IRQ 22
[    4.885706] ehci_hcd 0000:00:1a.7: setting latency timer to 64
[    4.885712] ehci_hcd 0000:00:1a.7: EHCI Host Controller
[    4.885850] ehci_hcd 0000:00:1a.7: new USB bus registered, assigned bus number 1
[    4.889901] ehci_hcd 0000:00:1a.7: cache line size of 32 is not supported
[    4.889910] ehci_hcd 0000:00:1a.7: irq 22, io mem 0xfe226c00
[    4.899649] ehci_hcd 0000:00:1a.7: USB 2.0 started, EHCI 1.00
[    4.899756] usb usb1: New USB device found, idVendor=1d6b, idProduct=0002
[    4.899849] usb usb1: New USB device strings: Mfr=3, Product=2, SerialNumber=1
[    4.899969] usb usb1: Product: EHCI Host Controller
[    4.900056] usb usb1: Manufacturer: Linux 2.6.32.57 ehci_hcd
[    4.900146] usb usb1: SerialNumber: 0000:00:1a.7
[    4.900286] usb usb1: configuration #1 chosen from 1 choice
[    4.900409] hub 1-0:1.0: USB hub found
[    4.900503] hub 1-0:1.0: 4 ports detected
[    4.900814] ehci_hcd 0000:00:1d.7: power state changed by ACPI to D0
[    4.901056] ehci_hcd 0000:00:1d.7: power state changed by ACPI to D0
[    4.901152] ehci_hcd 0000:00:1d.7: PCI INT D -> GSI 19 (level, low) -> IRQ 19
[    4.901248] ehci_hcd 0000:00:1d.7: setting latency timer to 64
[    4.901253] ehci_hcd 0000:00:1d.7: EHCI Host Controller
[    4.901376] ehci_hcd 0000:00:1d.7: new USB bus registered, assigned bus number 2
[    4.901543] ehci_hcd 0000:00:1d.7: debug port 1
[    4.905556] ehci_hcd 0000:00:1d.7: cache line size of 32 is not supported
[    4.905565] ehci_hcd 0000:00:1d.7: irq 19, io mem 0xfe227000
[    4.915649] ehci_hcd 0000:00:1d.7: USB 2.0 started, EHCI 1.00
[    4.915760] usb usb2: New USB device found, idVendor=1d6b, idProduct=0002
[    4.915853] usb usb2: New USB device strings: Mfr=3, Product=2, SerialNumber=1
[    4.915972] usb usb2: Product: EHCI Host Controller
[    4.916060] usb usb2: Manufacturer: Linux 2.6.32.57 ehci_hcd
[    4.916151] usb usb2: SerialNumber: 0000:00:1d.7
[    4.916302] usb usb2: configuration #1 chosen from 1 choice
[    4.916418] hub 2-0:1.0: USB hub found
[    4.916510] hub 2-0:1.0: 6 ports detected
[    4.916690] 116x: driver isp116x-hcd, 03 Nov 2005
[    4.916795] ohci_hcd: USB 1.1 'Open' Host Controller (OHCI) Driver
[    4.916915] uhci_hcd: USB Universal Host Controller Interface driver
[    4.917024] uhci_hcd 0000:00:1a.0: PCI INT A -> GSI 20 (level, low) -> IRQ 20
[    4.917123] uhci_hcd 0000:00:1a.0: setting latency timer to 64
[    4.917128] uhci_hcd 0000:00:1a.0: UHCI Host Controller
[    4.917258] uhci_hcd 0000:00:1a.0: new USB bus registered, assigned bus number 3
[    4.917409] uhci_hcd 0000:00:1a.0: irq 20, io base 0x00001860
[    4.917527] usb usb3: New USB device found, idVendor=1d6b, idProduct=0001
[    4.917616] usb usb3: New USB device strings: Mfr=3, Product=2, SerialNumber=1
[    4.917745] usb usb3: Product: UHCI Host Controller
[    4.917838] usb usb3: Manufacturer: Linux 2.6.32.57 uhci_hcd
[    4.917928] usb usb3: SerialNumber: 0000:00:1a.0
[    4.918072] usb usb3: configuration #1 chosen from 1 choice
[    4.918189] hub 3-0:1.0: USB hub found
[    4.918279] hub 3-0:1.0: 2 ports detected
[    4.918580] uhci_hcd 0000:00:1a.1: power state changed by ACPI to D0
[    4.918825] uhci_hcd 0000:00:1a.1: power state changed by ACPI to D0
[    4.918920] uhci_hcd 0000:00:1a.1: PCI INT B -> GSI 21 (level, low) -> IRQ 21
[    4.919016] uhci_hcd 0000:00:1a.1: setting latency timer to 64
[    4.919019] uhci_hcd 0000:00:1a.1: UHCI Host Controller
[    4.919152] uhci_hcd 0000:00:1a.1: new USB bus registered, assigned bus number 4
[    4.919302] uhci_hcd 0000:00:1a.1: irq 21, io base 0x00001880
[    4.919418] usb usb4: New USB device found, idVendor=1d6b, idProduct=0001
[    4.919509] usb usb4: New USB device strings: Mfr=3, Product=2, SerialNumber=1
[    4.919634] usb usb4: Product: UHCI Host Controller
[    4.919735] usb usb4: Manufacturer: Linux 2.6.32.57 uhci_hcd
[    4.919824] usb usb4: SerialNumber: 0000:00:1a.1
[    4.919961] usb usb4: configuration #1 chosen from 1 choice
[    4.920075] hub 4-0:1.0: USB hub found
[    4.920167] hub 4-0:1.0: 2 ports detected
[    4.920452] uhci_hcd 0000:00:1d.0: power state changed by ACPI to D0
[    4.920705] uhci_hcd 0000:00:1d.0: power state changed by ACPI to D0
[    4.920797] uhci_hcd 0000:00:1d.0: PCI INT A -> GSI 16 (level, low) -> IRQ 16
[    4.920893] uhci_hcd 0000:00:1d.0: setting latency timer to 64
[    4.920899] uhci_hcd 0000:00:1d.0: UHCI Host Controller
[    4.921033] uhci_hcd 0000:00:1d.0: new USB bus registered, assigned bus number 5
[    4.921193] uhci_hcd 0000:00:1d.0: irq 16, io base 0x000018a0
[    4.921309] usb usb5: New USB device found, idVendor=1d6b, idProduct=0001
[    4.921403] usb usb5: New USB device strings: Mfr=3, Product=2, SerialNumber=1
[    4.921527] usb usb5: Product: UHCI Host Controller
[    4.921617] usb usb5: Manufacturer: Linux 2.6.32.57 uhci_hcd
[    4.921715] usb usb5: SerialNumber: 0000:00:1d.0
[    4.921858] usb usb5: configuration #1 chosen from 1 choice
[    4.921977] hub 5-0:1.0: USB hub found
[    4.922077] hub 5-0:1.0: 2 ports detected
[    4.922220] uhci_hcd 0000:00:1d.1: PCI INT B -> GSI 17 (level, low) -> IRQ 17
[    4.922317] uhci_hcd 0000:00:1d.1: setting latency timer to 64
[    4.922322] uhci_hcd 0000:00:1d.1: UHCI Host Controller
[    4.922450] uhci_hcd 0000:00:1d.1: new USB bus registered, assigned bus number 6
[    4.922601] uhci_hcd 0000:00:1d.1: irq 17, io base 0x000018c0
[    4.922727] usb usb6: New USB device found, idVendor=1d6b, idProduct=0001
[    4.922818] usb usb6: New USB device strings: Mfr=3, Product=2, SerialNumber=1
[    4.922944] usb usb6: Product: UHCI Host Controller
[    4.923033] usb usb6: Manufacturer: Linux 2.6.32.57 uhci_hcd
[    4.923123] usb usb6: SerialNumber: 0000:00:1d.1
[    4.923258] usb usb6: configuration #1 chosen from 1 choice
[    4.923375] hub 6-0:1.0: USB hub found
[    4.923464] hub 6-0:1.0: 2 ports detected
[    4.923776] uhci_hcd 0000:00:1d.2: power state changed by ACPI to D0
[    4.924022] uhci_hcd 0000:00:1d.2: power state changed by ACPI to D0
[    4.924118] uhci_hcd 0000:00:1d.2: PCI INT C -> GSI 18 (level, low) -> IRQ 18
[    4.924214] uhci_hcd 0000:00:1d.2: setting latency timer to 64
[    4.924217] uhci_hcd 0000:00:1d.2: UHCI Host Controller
[    4.924346] uhci_hcd 0000:00:1d.2: new USB bus registered, assigned bus number 7
[    4.924507] uhci_hcd 0000:00:1d.2: irq 18, io base 0x000018e0
[    4.924629] usb usb7: New USB device found, idVendor=1d6b, idProduct=0001
[    4.924727] usb usb7: New USB device strings: Mfr=3, Product=2, SerialNumber=1
[    4.924853] usb usb7: Product: UHCI Host Controller
[    4.924941] usb usb7: Manufacturer: Linux 2.6.32.57 uhci_hcd
[    4.925038] usb usb7: SerialNumber: 0000:00:1d.2
[    4.925831] usb usb7: configuration #1 chosen from 1 choice
[    4.925950] hub 7-0:1.0: USB hub found
[    4.926036] hub 7-0:1.0: 2 ports detected
[    4.926194] sl811: driver sl811-hcd, 19 May 2005
[    4.926305] r8a66597_hcd: driver r8a66597_hcd, 2009-05-26
[    4.926486] Initializing USB Mass Storage driver...
[    4.926621] usbcore: registered new interface driver usb-storage
[    4.926715] USB Mass Storage support registered.
[    4.926816] usbcore: registered new interface driver ums-alauda
[    4.926925] usbcore: registered new interface driver ums-cypress
[    4.927032] usbcore: registered new interface driver ums-datafab
[    4.927143] usbcore: registered new interface driver ums-freecom
[    4.927261] usbcore: registered new interface driver ums-isd200
[    4.927383] usbcore: registered new interface driver ums-jumpshot
[    4.927501] usbcore: registered new interface driver ums-karma
[    4.927607] usbcore: registered new interface driver ums-onetouch
[    4.927732] usbcore: registered new interface driver ums-sddr09
[    4.927839] usbcore: registered new interface driver ums-sddr55
[    4.927952] usbcore: registered new interface driver ums-usbat
[    4.928100] PNP: PS/2 Controller [PNP0303:KBD,PNP0f13:MOU] at 0x60,0x64 irq 1,12
[    4.936810] serio: i8042 KBD port at 0x60,0x64 irq 1
[    4.936903] serio: i8042 AUX port at 0x60,0x64 irq 12
[    4.937147] mice: PS/2 mouse device common for all mice
[    4.937260] i2c /dev entries driver
[    4.937394] md: linear personality registered for level -1
[    4.937493] md: raid0 personality registered for level 0
[    4.937588] md: raid1 personality registered for level 1
[    4.937702] md: raid10 personality registered for level 10
[    4.937796] md: raid6 personality registered for level 6
[    4.937889] md: raid5 personality registered for level 5
[    4.937976] md: raid4 personality registered for level 4
[    4.938065] md: multipath personality registered for level -4
[    4.938256] device-mapper: ioctl: 4.15.0-ioctl (2009-04-01) initialised: dm-devel@redhat.com
[    4.938469] cpuidle: using governor ladder
[    4.939065] usbcore: registered new interface driver usbhid
[    4.939164] usbhid: v2.6:USB HID core driver
[    4.939316] random 0014 0000 0000 00000000 00000000: rand_read_num 4 get_random_bytes(136): sig 00000000 00000000 00000000
[    4.939318] random 0014 0000 0000 00000000 00000000: extract_entropy(.. 136 ..)
[    4.939321] random 0014 0000 0000 00000000 00000000: going to reseed nonblocking with 1024 bits (1088 of 0 requested)
[    4.939323] random 0014 0000 0000 00000000 00000000: extract_entropy(.. 128 ..)
[    4.939326] random 0014 0000 0000 00000000 00000000: trying to extract 1024 bits from input
[    4.939328] random 0014 0000 0000 00000000 00000000: debiting 0 entropy credits from input
[    4.939330] random 0014 0000 0000 00000000 00000000: extract_entropy account returned: 0 
[    4.939333] random 0014 0000 0000 00000000 00000000: urand_change_num 7 xfer_secondary_pool(136): pool_sig 00000000, data_sig 00000000, bytes_mixed 0 00000000 00000000
[    4.939336] random 0014 0000 0000 00000000 00000000: trying to extract 1088 bits from nonblocking
[    4.939338] random 0014 0000 0000 00000000 00000000: debiting 1088 entropy credits from nonblocking (unlimited)
[    4.939340] random 0014 0000 0000 00000000 00000000: extract_entropy account returned: 136 
[    4.939345] random 0014 0000 0000 00000000 00000000: urand_change_num 8 extract_buf: pool_sig 00000000, data_sig fffffff9, bytes_mixed 20 00000000 00000000
[    4.939350] random 0014 0000 0000 b7c35b56 be4dc95d: urand_change_num 9 extract_buf: pool_sig fffffd1e, data_sig 000000c5, bytes_mixed 20 b7c35b56 be4dc95d
[    4.939356] random 0014 0000 0000 ed9f5c47 c48487fb: urand_change_num 10 extract_buf: pool_sig fffff8ec, data_sig ffffff68, bytes_mixed 20 ed9f5c47 c48487fb
[    4.939361] random 0014 0000 0000 ed9f5c47 c48487fb: urand_change_num 11 extract_buf: pool_sig fffffaed, data_sig 000001aa, bytes_mixed 20 ed9f5c47 c48487fb
[    4.939366] random 0014 0000 0000 1b4f7c0a 91bd6a48: urand_change_num 12 extract_buf: pool_sig fffffdd8, data_sig 00000064, bytes_mixed 20 1b4f7c0a 91bd6a48
[    4.939371] random 0014 0000 0000 a254b9bc 20e9a24f: urand_change_num 13 extract_buf: pool_sig fffffbe6, data_sig 000001dd, bytes_mixed 20 a254b9bc 20e9a24f
[    4.939377] random 0014 0000 0000 a254b9bc 20e9a24f: urand_change_num 14 extract_buf: pool_sig fffff940, data_sig fffffe20, bytes_mixed 20 a254b9bc 20e9a24f
[    4.939382] random 0014 0000 0000 2831a66b 5fa2a3ad: urand_change_num 15 extract_buf: pool_sig fffffbce, data_sig 0000007e, bytes_mixed 20 2831a66b 5fa2a3ad
[    4.939387] random 0014 0000 0000 2831a66b 5fa2a3ad: urand_change_num 16 extract_buf: pool_sig 000004df, data_sig fffffe8f, bytes_mixed 20 2831a66b 5fa2a3ad
[    4.939392] random 0014 0000 0000 d4512bfd c9a54e0b: urand_change_num 17 extract_buf: pool_sig 00000485, data_sig fffffe68, bytes_mixed 20 d4512bfd c9a54e0b
[    4.939397] random 0014 0000 0000 c7371be6 f9ffea11: urand_change_num 18 extract_buf: pool_sig 00000095, data_sig ffffffed, bytes_mixed 20 c7371be6 f9ffea11
[    4.939403] random 0014 0000 0000 c7371be6 f9ffea11: urand_change_num 19 extract_buf: pool_sig 000003a7, data_sig fffffefa, bytes_mixed 20 c7371be6 f9ffea11
[    4.939408] random 0014 0000 0000 8fb4b62c d1ddba54: urand_change_num 20 extract_buf: pool_sig 00000179, data_sig ffffff78, bytes_mixed 20 8fb4b62c d1ddba54
[    4.939413] random 0014 0000 0000 9ff19f9c c07a1d2a: urand_change_num 21 extract_buf: pool_sig fffffe88, data_sig 00000126, bytes_mixed 20 9ff19f9c c07a1d2a
[    4.939417] TCP cubic registered
[    4.939504] Initializing XFRM netlink socket
[    4.939607] NET: Registered protocol family 17
[    4.939724] Using IPI Shortcut mode
[    4.939817] random 0014 0000 0000 9ff19f9c c07a1d2a: rand_read_num 5 get_random_bytes(8): sig 0000031b 9ff19f9c c07a1d2a
[    4.939819] random 0014 0000 0000 9ff19f9c c07a1d2a: extract_entropy(.. 8 ..)
[    4.939821] random 0014 0000 0000 9ff19f9c c07a1d2a: going to reseed nonblocking with 64 bits (64 of 0 requested)
[    4.939824] random 0014 0000 0000 9ff19f9c c07a1d2a: extract_entropy(.. 8 ..)
[    4.939826] random 0014 0000 0000 9ff19f9c c07a1d2a: trying to extract 64 bits from input
[    4.939828] random 0014 0000 0000 9ff19f9c c07a1d2a: debiting 0 entropy credits from input
[    4.939830] random 0014 0000 0000 9ff19f9c c07a1d2a: extract_entropy account returned: 0 
[    4.939833] random 0014 0000 0000 9ff19f9c c07a1d2a: urand_change_num 22 xfer_secondary_pool(8): pool_sig 0000031b, data_sig 00000000, bytes_mixed 0 9ff19f9c c07a1d2a
[    4.939836] random 0014 0000 0000 9ff19f9c c07a1d2a: trying to extract 64 bits from nonblocking
[    4.939838] random 0014 0000 0000 9ff19f9c c07a1d2a: debiting 64 entropy credits from nonblocking (unlimited)
[    4.939840] random 0014 0000 0000 9ff19f9c c07a1d2a: extract_entropy account returned: 8 
[    4.939844] random 0014 0000 0000 9ff19f9c c07a1d2a: urand_change_num 23 extract_buf: pool_sig 0000031b, data_sig ffffffb3, bytes_mixed 20 9ff19f9c c07a1d2a
[    4.942442] input: AT Translated Set 2 keyboard as /devices/platform/i8042/serio0/input/input1
[    5.130647] ata3: SATA link down (SStatus 0 SControl 300)
[    5.130763] ata1: SATA link up 1.5 Gbps (SStatus 113 SControl 300)
[    5.133681] ata1.00: ACPI cmd ef/02:00:00:00:00:a0 (SET FEATURES) succeeded
[    5.133684] ata1.00: ACPI cmd f5/00:00:00:00:00:a0 (SECURITY FREEZE LOCK) filtered out
[    5.135076] ata1.00: ACPI cmd ef/5f:00:00:00:00:a0 (SET FEATURES) succeeded
[    5.135079] ata1.00: ACPI cmd ef/10:03:00:00:00:a0 (SET FEATURES) filtered out
[    5.136986] ata1.00: ATA-7: ST910021AS, 4.06, max UDMA/100
[    5.137077] ata1.00: 195371568 sectors, multi 16: LBA48 
[    5.139222] ata1.00: ACPI cmd ef/02:00:00:00:00:a0 (SET FEATURES) succeeded
[    5.139225] ata1.00: ACPI cmd f5/00:00:00:00:00:a0 (SECURITY FREEZE LOCK) filtered out
[    5.140619] ata1.00: ACPI cmd ef/5f:00:00:00:00:a0 (SET FEATURES) succeeded
[    5.140621] ata1.00: ACPI cmd ef/10:03:00:00:00:a0 (SET FEATURES) filtered out
[    5.142543] ata1.00: configured for UDMA/100
[    5.153701] scsi 2:0:0:0: Direct-Access     ATA      ST910021AS       4.06 PQ: 0 ANSI: 5
[    5.153983] sd 2:0:0:0: [sda] 195371568 512-byte logical blocks: (100 GB/93.1 GiB)
[    5.154130] sd 2:0:0:0: [sda] Write Protect is off
[    5.154222] sd 2:0:0:0: [sda] Mode Sense: 00 3a 00 00
[    5.154235] sd 2:0:0:0: [sda] Write cache: enabled, read cache: enabled, doesn't support DPO or FUA
[    5.154423]  sda:
[    5.218634] usb 2-1: new high speed USB device using ehci_hcd and address 2
[    5.367834] usb 2-1: New USB device found, idVendor=0e8d, idProduct=1806
[    5.367920] usb 2-1: New USB device strings: Mfr=1, Product=2, SerialNumber=3
[    5.368008] usb 2-1: Product: MT1806 
[    5.368093] usb 2-1: Manufacturer: MediaTek Inc
[    5.368177] usb 2-1: SerialNumber: R8KN6GAC800AEB 
[    5.368314] usb 2-1: configuration #1 chosen from 1 choice
[    5.374627] scsi5 : SCSI emulation for USB Mass Storage devices
[    5.374794] usb-storage: device found at 2
[    5.374796] usb-storage: waiting for device to settle before scanning
[    5.564922] random 0014 0000 0000 277f73c3 42024bb9: add_disk_randomness(8:0) 277f73c3 42024bb9
[    5.564926] random 0014 0000 0000 277f73c3 42024bb9: add_timer_randomness(.. 8388864) with jiffies: 14087753280775750021, cycles: -4358990797228474357
[    5.564929] random 0014 0000 0000 277f73c3 42024bb9: added 11 entropy credits to input
[    5.564933]  sda1 sda2
[    5.565533] random 0025 0000 0000 277f73c3 42024bb9: add_disk_randomness(8:0) 277f73c3 42024bb9
[    5.565536] random 0025 0000 0000 277f73c3 42024bb9: add_timer_randomness(.. 8388864) with jiffies: 14093256216213684613, cycles: -4353487861790539765
[    5.565695] sd 2:0:0:0: [sda] Attached SCSI disk
[    5.565790] random 0025 0000 0000 277f73c3 42024bb9: rand_read_num 6 get_random_bytes(12): sig 000007e9 277f73c3 42024bb9
[    5.565792] random 0025 0000 0000 277f73c3 42024bb9: extract_entropy(.. 12 ..)
[    5.565795] random 0025 0000 0000 277f73c3 42024bb9: going to reseed nonblocking with 96 bits (96 of 0 requested)
[    5.565797] random 0025 0000 0000 277f73c3 42024bb9: extract_entropy(.. 12 ..)
[    5.565799] random 0025 0000 0000 277f73c3 42024bb9: trying to extract 96 bits from input
[    5.565802] random 0025 0000 0000 277f73c3 42024bb9: debiting 0 entropy credits from input
[    5.565804] random 0025 0000 0000 277f73c3 42024bb9: extract_entropy account returned: 0 
[    5.565807] random 0025 0000 0000 277f73c3 42024bb9: urand_change_num 24 xfer_secondary_pool(12): pool_sig 000007e9, data_sig 00000000, bytes_mixed 0 277f73c3 42024bb9
[    5.565810] random 0025 0000 0000 277f73c3 42024bb9: trying to extract 96 bits from nonblocking
[    5.565812] random 0025 0000 0000 277f73c3 42024bb9: debiting 96 entropy credits from nonblocking (unlimited)
[    5.565814] random 0025 0000 0000 277f73c3 42024bb9: extract_entropy account returned: 12 
[    5.565819] random 0025 0000 0000 277f73c3 42024bb9: urand_change_num 25 extract_buf: pool_sig 000007e9, data_sig 00000088, bytes_mixed 20 277f73c3 42024bb9
[    5.565824] random 0025 0000 0000 277f73c3 42024bb9: urand_change_num 26 extract_buf: pool_sig 00000498, data_sig fffffefb, bytes_mixed 20 277f73c3 42024bb9
[    5.565827] RANDOM - __seed init called.
[    5.565828] RANDOM - __seed init called.
[    5.565829] RANDOM - __seed init called.
[    5.565830] RANDOM - __random32 called. Change num 12.  Value: 87f14767	f0d7351	b1e48bd3
[    5.565832] RANDOM - random32_reseed called.  Value: 87f14767	f0d7351	b1e48bd3
[    5.565835] Pid: 1, comm: swapper Not tainted 2.6.32.57 #6
[    5.565927] Call Trace:
[    5.566018]  [<c1923ca4>] ? random32_reseed+0xa0/0xb1
[    5.566108]  [<c1923c04>] ? random32_reseed+0x0/0xb1
[    5.566205]  [<c100111e>] ? do_one_initcall+0x2e/0x180
[    5.566294]  [<c1907265>] ? kernel_init+0xad/0x103
[    5.566381]  [<c19071b8>] ? kernel_init+0x0/0x103
[    5.566472]  [<c1003787>] ? kernel_thread_helper+0x7/0x10
[    5.567010] random 0025 0000 0000 386b4e60 ee4d4880: rand_read_num 7 get_random_bytes(64): sig fffffea5 386b4e60 ee4d4880
[    5.567012] random 0025 0000 0000 386b4e60 ee4d4880: extract_entropy(.. 64 ..)
[    5.567015] random 0025 0000 0000 386b4e60 ee4d4880: going to reseed nonblocking with 512 bits (512 of 0 requested)
[    5.567017] random 0025 0000 0000 386b4e60 ee4d4880: extract_entropy(.. 64 ..)
[    5.567019] random 0025 0000 0000 386b4e60 ee4d4880: trying to extract 512 bits from input
[    5.567021] random 0025 0000 0000 386b4e60 ee4d4880: debiting 0 entropy credits from input
[    5.567023] random 0025 0000 0000 386b4e60 ee4d4880: extract_entropy account returned: 0 
[    5.567026] random 0025 0000 0000 386b4e60 ee4d4880: urand_change_num 27 xfer_secondary_pool(64): pool_sig fffffea5, data_sig 00000000, bytes_mixed 0 386b4e60 ee4d4880
[    5.567029] random 0025 0000 0000 386b4e60 ee4d4880: trying to extract 512 bits from nonblocking
[    5.567032] random 0025 0000 0000 386b4e60 ee4d4880: debiting 512 entropy credits from nonblocking (unlimited)
[    5.567034] random 0025 0000 0000 386b4e60 ee4d4880: extract_entropy account returned: 64 
[    5.567038] random 0025 0000 0000 386b4e60 ee4d4880: urand_change_num 28 extract_buf: pool_sig fffffea5, data_sig 00000173, bytes_mixed 20 386b4e60 ee4d4880
[    5.567043] random 0025 0000 0000 412698f6 0cc8689a: urand_change_num 29 extract_buf: pool_sig 00000122, data_sig ffffff63, bytes_mixed 20 412698f6 0cc8689a
[    5.567049] random 0025 0000 0000 412698f6 0cc8689a: urand_change_num 30 extract_buf: pool_sig 000001f7, data_sig 00000012, bytes_mixed 20 412698f6 0cc8689a
[    5.567054] random 0025 0000 0000 9669941e 06f768b1: urand_change_num 31 extract_buf: pool_sig fffffb5b, data_sig 0000003f, bytes_mixed 20 9669941e 06f768b1
[    5.567059] random 0025 0000 0000 98486520 995551f0: urand_change_num 32 extract_buf: pool_sig fffffb39, data_sig 0000000e, bytes_mixed 20 98486520 995551f0
[    5.567065] random 0025 0000 0000 98486520 995551f0: urand_change_num 33 extract_buf: pool_sig fffffd8d, data_sig 000001a6, bytes_mixed 20 98486520 995551f0
[    5.567070] random 0025 0000 0000 61fc8914 d5882ed2: urand_change_num 34 extract_buf: pool_sig fffffa58, data_sig 0000023e, bytes_mixed 20 61fc8914 d5882ed2
[    5.567099] random 0025 0000 0000 61fc8914 d5882ed2: rand_read_num 8 get_random_bytes(64): sig fffff9ee 61fc8914 d5882ed2
[    5.567102] random 0025 0000 0000 61fc8914 d5882ed2: extract_entropy(.. 64 ..)
[    5.567104] random 0025 0000 0000 61fc8914 d5882ed2: going to reseed nonblocking with 512 bits (512 of 0 requested)
[    5.567106] random 0025 0000 0000 61fc8914 d5882ed2: extract_entropy(.. 64 ..)
[    5.567109] random 0025 0000 0000 61fc8914 d5882ed2: trying to extract 512 bits from input
[    5.567111] random 0025 0000 0000 61fc8914 d5882ed2: debiting 0 entropy credits from input
[    5.567113] random 0025 0000 0000 61fc8914 d5882ed2: extract_entropy account returned: 0 
[    5.567116] random 0025 0000 0000 61fc8914 d5882ed2: urand_change_num 35 xfer_secondary_pool(64): pool_sig fffff9ee, data_sig 00000000, bytes_mixed 0 61fc8914 d5882ed2
[    5.567119] random 0025 0000 0000 61fc8914 d5882ed2: trying to extract 512 bits from nonblocking
[    5.567121] random 0025 0000 0000 61fc8914 d5882ed2: debiting 512 entropy credits from nonblocking (unlimited)
[    5.567123] random 0025 0000 0000 61fc8914 d5882ed2: extract_entropy account returned: 64 
[    5.567127] random 0025 0000 0000 61fc8914 d5882ed2: urand_change_num 36 extract_buf: pool_sig fffff9ee, data_sig ffffff85, bytes_mixed 20 61fc8914 d5882ed2
[    5.567133] random 0025 0000 0000 70cfd302 e5edec11: urand_change_num 37 extract_buf: pool_sig fffffdc1, data_sig ffffffde, bytes_mixed 20 70cfd302 e5edec11
[    5.567138] random 0025 0000 0000 00dab838 eafd2b30: urand_change_num 38 extract_buf: pool_sig 000003da, data_sig ffffff61, bytes_mixed 20 00dab838 eafd2b30
[    5.567143] random 0025 0000 0000 00dab838 eafd2b30: urand_change_num 39 extract_buf: pool_sig 00000314, data_sig 00000121, bytes_mixed 20 00dab838 eafd2b30
[    5.567149] random 0025 0000 0000 5fcdf66a 6442b608: urand_change_num 40 extract_buf: pool_sig 0000028b, data_sig fffffefd, bytes_mixed 20 5fcdf66a 6442b608
[    5.567154] random 0025 0000 0000 61333f6b 8fae0f9b: urand_change_num 41 extract_buf: pool_sig 000000cb, data_sig 000000b3, bytes_mixed 20 61333f6b 8fae0f9b
[    5.567159] random 0025 0000 0000 61333f6b 8fae0f9b: urand_change_num 42 extract_buf: pool_sig fffffef8, data_sig 00000051, bytes_mixed 20 61333f6b 8fae0f9b
[    5.567162] BEGIN NET_SECRET:
[    5.567163] \xffffffe0
[    5.567164] \xffffffb6
[    5.567165] \x36
[    5.567165] \xffffffb5
[    5.567166] \xffffff94
[    5.567167] \xffffffb2
[    5.567168] \xffffffa8
[    5.567169] \xffffffda
[    5.567170] \x5b
[    5.567170] \x19
[    5.567171] \x18
[    5.567172] \x5c
[    5.567173] \x2b
[    5.567173] \x1
[    5.567174] \xffffff90
[    5.567175] \x19
[    5.567176] \x3c
[    5.567176] \xfffffff2
[    5.567177] \xffffff82
[    5.567178] \x2a
[    5.567179] \xffffffb3
[    5.567180] \xffffffa2
[    5.567180] \x3f
[    5.567181] \x5
[    5.567182] \x52
[    5.567183] \x77
[    5.567183] \x57
[    5.567184] \x79
[    5.567185] \x16
[    5.567185] \x43
[    5.567186] \xffffff84
[    5.567187] \xffffffc3
[    5.567188] \xffffffe9
[    5.567189] \x79
[    5.567189] \x50
[    5.567190] \xffffff8e
[    5.567191] \x3f
[    5.567192] \xfffffff3
[    5.567192] \x19
[    5.567193] \x2a
[    5.567194] \xfffffffd
[    5.567195] \xfffffffb
[    5.567196] \x62
[    5.567196] \x3c
[    5.567197] \xffffffac
[    5.567198] \x1c
[    5.567199] \x3b
[    5.567199] \x3b
[    5.567200] \x15
[    5.567201] \x27
[    5.567201] \xffffffa8
[    5.567202] \x22
[    5.567203] \xffffffc5
[    5.567204] \xffffff9a
[    5.567205] \x5
[    5.567205] \x6c
[    5.567206] \xffffffa8
[    5.567207] \x3a
[    5.567208] \x44
[    5.567208] \xffffffaf
[    5.567209] \x13
[    5.567210] \xffffffe0
[    5.567211] \xffffff9d
[    5.567212] \x22
[    5.567212] 
[    5.567213] END NET_SECRET
[    5.567215] random 0025 0000 0000 e7f555d9 e8ce5c3c: rand_read_num 9 get_random_bytes(4): sig 0000068c e7f555d9 e8ce5c3c
[    5.567218] random 0025 0000 0000 e7f555d9 e8ce5c3c: extract_entropy(.. 4 ..)
[    5.567220] random 0025 0000 0000 e7f555d9 e8ce5c3c: going to reseed nonblocking with 64 bits (32 of 0 requested)
[    5.567222] random 0025 0000 0000 e7f555d9 e8ce5c3c: extract_entropy(.. 8 ..)
[    5.567225] random 0025 0000 0000 e7f555d9 e8ce5c3c: trying to extract 64 bits from input
[    5.567227] random 0025 0000 0000 e7f555d9 e8ce5c3c: debiting 0 entropy credits from input
[    5.567229] random 0025 0000 0000 e7f555d9 e8ce5c3c: extract_entropy account returned: 0 
[    5.567232] random 0025 0000 0000 e7f555d9 e8ce5c3c: urand_change_num 43 xfer_secondary_pool(4): pool_sig 0000068c, data_sig 00000000, bytes_mixed 0 e7f555d9 e8ce5c3c
[    5.567235] random 0025 0000 0000 e7f555d9 e8ce5c3c: trying to extract 32 bits from nonblocking
[    5.567237] random 0025 0000 0000 e7f555d9 e8ce5c3c: debiting 32 entropy credits from nonblocking (unlimited)
[    5.567239] random 0025 0000 0000 e7f555d9 e8ce5c3c: extract_entropy account returned: 4 
[    5.567243] random 0025 0000 0000 e7f555d9 e8ce5c3c: urand_change_num 44 extract_buf: pool_sig 0000068c, data_sig fffffdcb, bytes_mixed 20 e7f555d9 e8ce5c3c
[    5.567254] md: Waiting for all devices to be available before autodetect
[    5.567355] md: If you don't use raid, use raid=noautodetect
[    5.567528] md: Autodetecting RAID arrays.
[    5.567618] md: Scanned 0 and added 0 devices.
[    5.567711] md: autorun ...
[    5.567809] md: ... autorun DONE.
[    5.581130] random 0025 0000 0000 e7f555d9 e8ce5c3c: add_disk_randomness(8:0) e7f555d9 e8ce5c3c
[    5.581133] random 0025 0000 0000 e7f555d9 e8ce5c3c: add_timer_randomness(.. 8388864) with jiffies: 14233572905148187029, cycles: -4213171172856037365
[    5.581136] random 0025 0000 0000 e7f555d9 e8ce5c3c: added 4 entropy credits to input
[    5.582253] random 0029 0000 0000 e7f555d9 e8ce5c3c: add_disk_randomness(8:0) e7f555d9 e8ce5c3c
[    5.582256] random 0029 0000 0000 e7f555d9 e8ce5c3c: add_timer_randomness(.. 8388864) with jiffies: 14243685220963025302, cycles: -4203058857041199093
[    5.582372] random 0029 0000 0000 e7f555d9 e8ce5c3c: add_disk_randomness(8:0) e7f555d9 e8ce5c3c
[    5.582375] random 0029 0000 0000 e7f555d9 e8ce5c3c: add_timer_randomness(.. 8388864) with jiffies: 14244750733629686166, cycles: -4201993344374538229
[    5.582380] EXT3-fs: sda2: couldn't mount because of unsupported optional features (240).
[    5.582609] random 0029 0000 0000 e7f555d9 e8ce5c3c: add_disk_randomness(8:0) e7f555d9 e8ce5c3c
[    5.582615] random 0029 0000 0000 e7f555d9 e8ce5c3c: add_timer_randomness(.. 8388864) with jiffies: 14246903130720272791, cycles: -4199840947283951605
[    5.582621] EXT2-fs: sda2: couldn't mount because of unsupported optional features (240).
[    5.582879] random 0029 0000 0000 e7f555d9 e8ce5c3c: add_disk_randomness(8:0) e7f555d9 e8ce5c3c
[    5.582882] random 0029 0000 0000 e7f555d9 e8ce5c3c: add_timer_randomness(.. 8388864) with jiffies: 14249304193532395927, cycles: -4197439884471828469
[    5.583014] random 0029 0000 0000 e7f555d9 e8ce5c3c: add_disk_randomness(8:0) e7f555d9 e8ce5c3c
[    5.583017] random 0029 0000 0000 e7f555d9 e8ce5c3c: add_timer_randomness(.. 8388864) with jiffies: 14250520867573039511, cycles: -4196223210431184885
[    5.583139] random 0029 0000 0000 e7f555d9 e8ce5c3c: add_disk_randomness(8:0) e7f555d9 e8ce5c3c
[    5.583142] random 0029 0000 0000 e7f555d9 e8ce5c3c: add_timer_randomness(.. 8388864) with jiffies: 14251650147619144087, cycles: -4195093930385080309
[    5.583293] random 0029 0000 0000 e7f555d9 e8ce5c3c: add_disk_randomness(8:0) e7f555d9 e8ce5c3c
[    5.583296] random 0029 0000 0000 e7f555d9 e8ce5c3c: add_timer_randomness(.. 8388864) with jiffies: 14253039951791489431, cycles: -4193704126212734965
[    5.583411] random 0029 0000 0000 e7f555d9 e8ce5c3c: add_disk_randomness(8:0) e7f555d9 e8ce5c3c
[    5.583414] random 0029 0000 0000 e7f555d9 e8ce5c3c: add_timer_randomness(.. 8388864) with jiffies: 14254100276137656727, cycles: -4192643801866567669
[    5.583529] random 0029 0000 0000 e7f555d9 e8ce5c3c: add_disk_randomness(8:0) e7f555d9 e8ce5c3c
[    5.583532] random 0029 0000 0000 e7f555d9 e8ce5c3c: add_timer_randomness(.. 8388864) with jiffies: 14255169843253445015, cycles: -4191574234750779381
[    5.583695] random 0029 0000 0000 e7f555d9 e8ce5c3c: add_disk_randomness(8:0) e7f555d9 e8ce5c3c
[    5.583698] random 0029 0000 0000 e7f555d9 e8ce5c3c: add_timer_randomness(.. 8388864) with jiffies: 14256645782994911640, cycles: -4190098295009312757
[    5.583812] random 0029 0000 0000 e7f555d9 e8ce5c3c: add_disk_randomness(8:0) e7f555d9 e8ce5c3c
[    5.583815] random 0029 0000 0000 e7f555d9 e8ce5c3c: add_timer_randomness(.. 8388864) with jiffies: 14257704711476707736, cycles: -4189039366527516661
[    5.584055] random 0029 0000 0000 e7f555d9 e8ce5c3c: rand_read_num 10 get_random_bytes(4): sig ffffff72 e7f555d9 e8ce5c3c
[    5.584057] random 0029 0000 0000 e7f555d9 e8ce5c3c: extract_entropy(.. 4 ..)
[    5.584060] random 0029 0000 0000 e7f555d9 e8ce5c3c: going to reseed nonblocking with 64 bits (32 of 0 requested)
[    5.584062] random 0029 0000 0000 e7f555d9 e8ce5c3c: extract_entropy(.. 8 ..)
[    5.584064] random 0029 0000 0000 e7f555d9 e8ce5c3c: trying to extract 64 bits from input
[    5.584066] random 0029 0000 0000 e7f555d9 e8ce5c3c: debiting 0 entropy credits from input
[    5.584068] random 0029 0000 0000 e7f555d9 e8ce5c3c: extract_entropy account returned: 0 
[    5.584071] random 0029 0000 0000 e7f555d9 e8ce5c3c: urand_change_num 45 xfer_secondary_pool(4): pool_sig ffffff72, data_sig 00000000, bytes_mixed 0 e7f555d9 e8ce5c3c
[    5.584074] random 0029 0000 0000 e7f555d9 e8ce5c3c: trying to extract 32 bits from nonblocking
[    5.584077] random 0029 0000 0000 e7f555d9 e8ce5c3c: debiting 32 entropy credits from nonblocking (unlimited)
[    5.584079] random 0029 0000 0000 e7f555d9 e8ce5c3c: extract_entropy account returned: 4 
[    5.584083] random 0029 0000 0000 e7f555d9 e8ce5c3c: urand_change_num 46 extract_buf: pool_sig ffffff72, data_sig ffffff72, bytes_mixed 20 e7f555d9 e8ce5c3c
[    5.595580] random 0029 0000 0000 91716c54 eeb6a1e7: add_disk_randomness(8:0) 91716c54 eeb6a1e7
[    5.595583] random 0029 0000 0000 91716c54 eeb6a1e7: add_timer_randomness(.. 8388864) with jiffies: 14363586023374160291, cycles: -4083158054630064117
[    5.595586] random 0029 0000 0000 91716c54 eeb6a1e7: added 3 entropy credits to input
[    5.613856] random 0032 0000 0000 91716c54 eeb6a1e7: add_disk_randomness(8:0) 91716c54 eeb6a1e7
[    5.613859] random 0032 0000 0000 91716c54 eeb6a1e7: add_timer_randomness(.. 8388864) with jiffies: 14528001374374560182, cycles: -3918742703629664245
[    5.613862] random 0032 0000 0000 91716c54 eeb6a1e7: added 1 entropy credits to input
[    5.618526] EXT4-fs (sda2): mounted filesystem with ordered data mode
[    5.618739] VFS: Mounted root (ext4 filesystem) readonly on device 8:2.
[    5.618843] Freeing unused kernel memory: 448k freed
[    5.639009] random 0033 0000 0000 91716c54 eeb6a1e7: add_disk_randomness(8:0) 91716c54 eeb6a1e7
[    5.639012] random 0033 0000 0000 91716c54 eeb6a1e7: add_timer_randomness(.. 8388864) with jiffies: 14754296333548093903, cycles: -3692447744456130549
[    5.639015] random 0033 0000 0000 91716c54 eeb6a1e7: added 1 entropy credits to input
[    5.639737] random 0034 0000 0000 91716c54 eeb6a1e7: add_disk_randomness(8:0) 91716c54 eeb6a1e7
[    5.639740] random 0034 0000 0000 91716c54 eeb6a1e7: add_timer_randomness(.. 8388864) with jiffies: 14760840923109360080, cycles: -3685903154894864373
[    5.644466] random 0034 0000 0000 91716c54 eeb6a1e7: add_disk_randomness(8:0) 91716c54 eeb6a1e7
[    5.644469] random 0034 0000 0000 91716c54 eeb6a1e7: add_timer_randomness(.. 8388864) with jiffies: 14803398255101837780, cycles: -3643345822902386677
[    5.644471] random 0034 0000 0000 91716c54 eeb6a1e7: added 1 entropy credits to input
[    5.652666] random 0035 0000 0000 91716c54 eeb6a1e7: add_disk_randomness(8:0) 91716c54 eeb6a1e7
[    5.652669] random 0035 0000 0000 91716c54 eeb6a1e7: add_timer_randomness(.. 8388864) with jiffies: 14877166242555986397, cycles: -3569577835448238069
[    5.652672] random 0035 0000 0000 91716c54 eeb6a1e7: added 1 entropy credits to input
[    5.656090] random 0036 0000 0000 91716c54 eeb6a1e7: add_disk_randomness(8:0) 91716c54 eeb6a1e7
[    5.656093] random 0036 0000 0000 91716c54 eeb6a1e7: add_timer_randomness(.. 8388864) with jiffies: 14907978514031149536, cycles: -3538765563973074933
[    5.656096] random 0036 0000 0000 91716c54 eeb6a1e7: added 1 entropy credits to input
[    5.664982] random 0037 0000 0000 91716c54 eeb6a1e7: add_disk_randomness(8:0) 91716c54 eeb6a1e7
[    5.664985] random 0037 0000 0000 91716c54 eeb6a1e7: add_timer_randomness(.. 8388864) with jiffies: 14987972301393986025, cycles: -3458771776610238453
[    5.664988] random 0037 0000 0000 91716c54 eeb6a1e7: added 2 entropy credits to input
[    5.678263] random 0039 0000 0000 91716c54 eeb6a1e7: add_disk_randomness(8:0) 91716c54 eeb6a1e7
[    5.678266] random 0039 0000 0000 91716c54 eeb6a1e7: add_timer_randomness(.. 8388864) with jiffies: 15107466147063890422, cycles: -3339277930940334069
[    5.678269] random 0039 0000 0000 91716c54 eeb6a1e7: added 1 entropy credits to input
[    5.686339] random 0040 0000 0000 91716c54 eeb6a1e7: add_disk_randomness(8:0) 91716c54 eeb6a1e7
[    5.686342] random 0040 0000 0000 91716c54 eeb6a1e7: add_timer_randomness(.. 8388864) with jiffies: 15180125423070315006, cycles: -3266618654933909493
[    5.686345] random 0040 0000 0000 91716c54 eeb6a1e7: added 2 entropy credits to input
[    5.686367] RANDOM get_random_int call with cycles 50779092535, jiffies 4294672894 and pid 1
[    5.686370] RANDOM get_random_int call with cycles 50779099402, jiffies 4294672894 and pid 1
[    5.686372] ASLR stack rand value: 3792896 after shift for pid: 1
[    5.686374] RANDOM get_random_int call with cycles 50779107277, jiffies 4294672894 and pid 1
[    5.697988] random 0042 0000 0000 91716c54 eeb6a1e7: add_disk_randomness(8:0) 91716c54 eeb6a1e7
[    5.697991] random 0042 0000 0000 91716c54 eeb6a1e7: add_timer_randomness(.. 8388864) with jiffies: 15284918995845349898, cycles: -3161825082158874613
[    5.697994] random 0042 0000 0000 91716c54 eeb6a1e7: added 2 entropy credits to input
[    5.698004] RANDOM get_random_int call with cycles 50803466353, jiffies 4294672906 and pid 1
[    5.698010] random 0044 0000 0000 91716c54 eeb6a1e7: rand_read_num 11 get_random_bytes(16): sig fffffcad 91716c54 eeb6a1e7
[    5.698012] random 0044 0000 0000 91716c54 eeb6a1e7: extract_entropy(.. 16 ..)
[    5.698015] random 0044 0000 0000 91716c54 eeb6a1e7: going to reseed nonblocking with 128 bits (128 of 0 requested)
[    5.698017] random 0044 0000 0000 91716c54 eeb6a1e7: extract_entropy(.. 16 ..)
[    5.698019] random 0044 0000 0000 91716c54 eeb6a1e7: trying to extract 128 bits from input
[    5.698021] random 0044 0000 0000 91716c54 eeb6a1e7: debiting 0 entropy credits from input
[    5.698023] random 0044 0000 0000 91716c54 eeb6a1e7: extract_entropy account returned: 0 
[    5.698026] random 0044 0000 0000 91716c54 eeb6a1e7: urand_change_num 47 xfer_secondary_pool(16): pool_sig fffffcad, data_sig 00000000, bytes_mixed 0 91716c54 eeb6a1e7
[    5.698029] random 0044 0000 0000 91716c54 eeb6a1e7: trying to extract 128 bits from nonblocking
[    5.698032] random 0044 0000 0000 91716c54 eeb6a1e7: debiting 128 entropy credits from nonblocking (unlimited)
[    5.698034] random 0044 0000 0000 91716c54 eeb6a1e7: extract_entropy account returned: 16 
[    5.698038] random 0044 0000 0000 91716c54 eeb6a1e7: urand_change_num 48 extract_buf: pool_sig fffffcad, data_sig ffffff19, bytes_mixed 20 91716c54 eeb6a1e7
[    5.698044] random 0044 0000 0000 fd637b06 6cf47bc1: urand_change_num 49 extract_buf: pool_sig fffffede, data_sig ffffffc1, bytes_mixed 20 fd637b06 6cf47bc1
[    5.699005] random 0044 0000 0000 fd637b06 6cf47bc1: add_disk_randomness(8:0) fd637b06 6cf47bc1
[    5.699008] random 0044 0000 0000 fd637b06 6cf47bc1: add_timer_randomness(.. 8388864) with jiffies: 15294066365652763147, cycles: -3152677712351461365
[    5.700143] random 0044 0000 0000 fd637b06 6cf47bc1: add_disk_randomness(8:0) fd637b06 6cf47bc1
[    5.700146] random 0044 0000 0000 fd637b06 6cf47bc1: add_timer_randomness(.. 8388864) with jiffies: 15304308380890006028, cycles: -3142435697114218485
[    5.701292] random 0044 0000 0000 fd637b06 6cf47bc1: add_disk_randomness(8:0) fd637b06 6cf47bc1
[    5.701295] random 0044 0000 0000 fd637b06 6cf47bc1: add_timer_randomness(.. 8388864) with jiffies: 15314647264819642893, cycles: -3132096813184581621
[    5.702173] random 0044 0000 0000 fd637b06 6cf47bc1: add_disk_randomness(8:0) fd637b06 6cf47bc1
[    5.702176] random 0044 0000 0000 fd637b06 6cf47bc1: add_timer_randomness(.. 8388864) with jiffies: 15322570113681162766, cycles: -3124173964323061749
[    5.710984] random 0044 0000 0000 fd637b06 6cf47bc1: add_disk_randomness(8:0) fd637b06 6cf47bc1
[    5.710987] random 0044 0000 0000 fd637b06 6cf47bc1: add_timer_randomness(.. 8388864) with jiffies: 15401839550514561559, cycles: -3044904527489662965
[    5.710990] random 0044 0000 0000 fd637b06 6cf47bc1: added 3 entropy credits to input
[    5.711184] random 0047 0000 0000 fd637b06 6cf47bc1: add_disk_randomness(8:0) fd637b06 6cf47bc1
[    5.711188] random 0047 0000 0000 fd637b06 6cf47bc1: add_timer_randomness(.. 8388864) with jiffies: 15403648354516435479, cycles: -3043095723487789045
[    5.721371] random 0047 0000 0000 fd637b06 6cf47bc1: add_disk_randomness(8:0) fd637b06 6cf47bc1
[    5.721375] random 0047 0000 0000 fd637b06 6cf47bc1: add_timer_randomness(.. 8388864) with jiffies: 15495302011720270369, cycles: -2951442066283954165
[    5.721377] random 0047 0000 0000 fd637b06 6cf47bc1: added 3 entropy credits to input
[    5.721860] random 0050 0000 0000 fd637b06 6cf47bc1: add_disk_randomness(8:0) fd637b06 6cf47bc1
[    5.721864] random 0050 0000 0000 fd637b06 6cf47bc1: add_timer_randomness(.. 8388864) with jiffies: 15499693164808864290, cycles: -2947050913195360245
[    5.731553] random 0050 0000 0000 fd637b06 6cf47bc1: add_disk_randomness(8:0) fd637b06 6cf47bc1
[    5.731556] random 0050 0000 0000 fd637b06 6cf47bc1: add_timer_randomness(.. 8388864) with jiffies: 15586902634667934251, cycles: -2859841443336290293
[    5.731558] random 0050 0000 0000 fd637b06 6cf47bc1: added 3 entropy credits to input
[    5.731614] RANDOM get_random_int call with cycles 50873868843, jiffies 4294672940 and pid 1
[    5.736319] random 0053 0000 0000 fd637b06 6cf47bc1: add_disk_randomness(8:0) fd637b06 6cf47bc1
[    5.736322] random 0053 0000 0000 fd637b06 6cf47bc1: add_timer_randomness(.. 8388864) with jiffies: 15629779297478869552, cycles: -2816964780525354997
[    5.736325] random 0053 0000 0000 fd637b06 6cf47bc1: added 2 entropy credits to input
[    5.748984] random 0055 0000 0000 fd637b06 6cf47bc1: add_disk_randomness(8:0) fd637b06 6cf47bc1
[    5.748987] random 0055 0000 0000 fd637b06 6cf47bc1: add_timer_randomness(.. 8388864) with jiffies: 15743718526369366589, cycles: -2703025551634857973
[    5.748990] random 0055 0000 0000 fd637b06 6cf47bc1: added 3 entropy credits to input
[    5.749127] random 0058 0000 0000 fd637b06 6cf47bc1: add_disk_randomness(8:0) fd637b06 6cf47bc1
[    5.749130] random 0058 0000 0000 fd637b06 6cf47bc1: add_timer_randomness(.. 8388864) with jiffies: 15745011865576243773, cycles: -2701732212427980789
[    5.751286] random 0058 0000 0000 fd637b06 6cf47bc1: add_disk_randomness(8:0) fd637b06 6cf47bc1
[    5.751289] random 0058 0000 0000 fd637b06 6cf47bc1: add_timer_randomness(.. 8388864) with jiffies: 15764431061988901439, cycles: -2682313016015323125
[    5.751291] random 0058 0000 0000 fd637b06 6cf47bc1: added 1 entropy credits to input
[    5.751527] random 0059 0000 0000 fd637b06 6cf47bc1: add_disk_randomness(8:0) fd637b06 6cf47bc1
[    5.751530] random 0059 0000 0000 fd637b06 6cf47bc1: add_timer_randomness(.. 8388864) with jiffies: 15766610878150705727, cycles: -2680133199853518837
[    5.751671] random 0059 0000 0000 fd637b06 6cf47bc1: add_disk_randomness(8:0) fd637b06 6cf47bc1
[    5.751674] random 0059 0000 0000 fd637b06 6cf47bc1: add_timer_randomness(.. 8388864) with jiffies: 15767892225808892480, cycles: -2678851852195332085
[    5.754840] random 0059 0000 0000 fd637b06 6cf47bc1: add_disk_randomness(8:0) fd637b06 6cf47bc1
[    5.754843] random 0059 0000 0000 fd637b06 6cf47bc1: add_timer_randomness(.. 8388864) with jiffies: 15796404404858094147, cycles: -2650339673146130421
[    5.756855] random 0059 0000 0000 fd637b06 6cf47bc1: add_disk_randomness(8:0) fd637b06 6cf47bc1
[    5.756858] random 0059 0000 0000 fd637b06 6cf47bc1: add_timer_randomness(.. 8388864) with jiffies: 15814529854041981509, cycles: -2632214223962243061
[    5.764686] random 0059 0000 0000 fd637b06 6cf47bc1: add_disk_randomness(8:0) fd637b06 6cf47bc1
[    5.764689] random 0059 0000 0000 fd637b06 6cf47bc1: add_timer_randomness(.. 8388864) with jiffies: 15884980451706372685, cycles: -2561763626297851893
[    5.764692] random 0059 0000 0000 fd637b06 6cf47bc1: added 2 entropy credits to input
[    5.764823] random 0061 0000 0000 fd637b06 6cf47bc1: add_disk_randomness(8:0) fd637b06 6cf47bc1
[    5.764826] random 0061 0000 0000 fd637b06 6cf47bc1: add_timer_randomness(.. 8388864) with jiffies: 15886214400105480781, cycles: -2560529677898743797
[    5.768383] random 0061 0000 0000 fd637b06 6cf47bc1: add_disk_randomness(8:0) fd637b06 6cf47bc1
[    5.768386] random 0061 0000 0000 fd637b06 6cf47bc1: add_timer_randomness(.. 8388864) with jiffies: 15918251420159803984, cycles: -2528492657844420597
[    5.768388] random 0061 0000 0000 fd637b06 6cf47bc1: added 1 entropy credits to input
[    5.772880] random 0062 0000 0000 fd637b06 6cf47bc1: add_disk_randomness(8:0) fd637b06 6cf47bc1
[    5.772883] random 0062 0000 0000 fd637b06 6cf47bc1: add_timer_randomness(.. 8388864) with jiffies: 15958702036333855317, cycles: -2488042041670369269
[    5.778455] random 0062 0000 0000 fd637b06 6cf47bc1: add_disk_randomness(8:0) fd637b06 6cf47bc1
[    5.778458] random 0062 0000 0000 fd637b06 6cf47bc1: add_timer_randomness(.. 8388864) with jiffies: 16008875556522918490, cycles: -2437868521481306101
[    5.784735] random 0062 0000 0000 fd637b06 6cf47bc1: add_disk_randomness(8:0) fd637b06 6cf47bc1
[    5.784738] random 0062 0000 0000 fd637b06 6cf47bc1: add_timer_randomness(.. 8388864) with jiffies: 16065361098089136737, cycles: -2381382979915087861
[    5.784741] random 0062 0000 0000 fd637b06 6cf47bc1: added 1 entropy credits to input
[    5.784754] random 0063 0000 0000 fd637b06 6cf47bc1: rand_read_num 12 get_random_bytes(16): sig 0000033b fd637b06 6cf47bc1
[    5.784757] random 0063 0000 0000 fd637b06 6cf47bc1: extract_entropy(.. 16 ..)
[    5.784759] random 0063 0000 0000 fd637b06 6cf47bc1: going to reseed nonblocking with 128 bits (128 of 0 requested)
[    5.784761] random 0063 0000 0000 fd637b06 6cf47bc1: extract_entropy(.. 16 ..)
[    5.784763] random 0063 0000 0000 fd637b06 6cf47bc1: trying to extract 128 bits from input
[    5.784766] random 0063 0000 0000 fd637b06 6cf47bc1: debiting 0 entropy credits from input
[    5.784768] random 0063 0000 0000 fd637b06 6cf47bc1: extract_entropy account returned: 0 
[    5.784771] random 0063 0000 0000 fd637b06 6cf47bc1: urand_change_num 50 xfer_secondary_pool(16): pool_sig 0000033b, data_sig 00000000, bytes_mixed 0 fd637b06 6cf47bc1
[    5.784774] random 0063 0000 0000 fd637b06 6cf47bc1: trying to extract 128 bits from nonblocking
[    5.784776] random 0063 0000 0000 fd637b06 6cf47bc1: debiting 128 entropy credits from nonblocking (unlimited)
[    5.784778] random 0063 0000 0000 fd637b06 6cf47bc1: extract_entropy account returned: 16 
[    5.784783] random 0063 0000 0000 fd637b06 6cf47bc1: urand_change_num 51 extract_buf: pool_sig 0000033b, data_sig 000000d8, bytes_mixed 20 fd637b06 6cf47bc1
[    5.784788] random 0063 0000 0000 0ec1f012 d4727ca8: urand_change_num 52 extract_buf: pool_sig fffffcf5, data_sig 00000016, bytes_mixed 20 0ec1f012 d4727ca8
[    5.791480] random 0063 0000 0000 45b1d0b1 845a73f7: add_disk_randomness(8:0) 45b1d0b1 845a73f7
[    5.791483] random 0063 0000 0000 45b1d0b1 845a73f7: add_timer_randomness(.. 8388864) with jiffies: 16126055780619879015, cycles: -2320688297384345589
[    5.798710] random 0063 0000 0000 45b1d0b1 845a73f7: add_disk_randomness(8:0) 45b1d0b1 845a73f7
[    5.798713] random 0063 0000 0000 45b1d0b1 845a73f7: add_timer_randomness(.. 8388864) with jiffies: 16191089307832517231, cycles: -2255654770171707381
[    5.798716] random 0063 0000 0000 45b1d0b1 845a73f7: added 1 entropy credits to input
[    5.806722] random 0064 0000 0000 45b1d0b1 845a73f7: add_disk_randomness(8:0) 45b1d0b1 845a73f7
[    5.806725] random 0064 0000 0000 45b1d0b1 845a73f7: add_timer_randomness(.. 8388864) with jiffies: 16263170034564301431, cycles: -2183574043439923189
[    5.816126] random 0064 0000 0000 45b1d0b1 845a73f7: add_disk_randomness(8:0) 45b1d0b1 845a73f7
[    5.816129] random 0064 0000 0000 45b1d0b1 845a73f7: add_timer_randomness(.. 8388864) with jiffies: 16347786594012070528, cycles: -2098957483992154101
[    5.819267] random 0064 0000 0000 45b1d0b1 845a73f7: add_disk_randomness(8:0) 45b1d0b1 845a73f7
[    5.819270] random 0064 0000 0000 45b1d0b1 845a73f7: add_timer_randomness(.. 8388864) with jiffies: 16376047766582559363, cycles: -2070696311421665269
[    5.819273] random 0064 0000 0000 45b1d0b1 845a73f7: added 1 entropy credits to input
[    5.833538] random 0065 0000 0000 45b1d0b1 845a73f7: add_disk_randomness(8:0) 45b1d0b1 845a73f7
[    5.833541] random 0065 0000 0000 45b1d0b1 845a73f7: add_timer_randomness(.. 8388864) with jiffies: 16504446720134578833, cycles: -1942297357869645813
[    5.833544] random 0065 0000 0000 45b1d0b1 845a73f7: added 3 entropy credits to input
[    5.838937] random 0068 0000 0000 45b1d0b1 845a73f7: add_disk_randomness(8:0) 45b1d0b1 845a73f7
[    5.838940] random 0068 0000 0000 45b1d0b1 845a73f7: add_timer_randomness(.. 8388864) with jiffies: 16553005805066748567, cycles: -1893738272937476085
[    5.838943] random 0068 0000 0000 45b1d0b1 845a73f7: added 2 entropy credits to input
[    5.844110] random 0070 0000 0000 45b1d0b1 845a73f7: add_disk_randomness(8:0) 45b1d0b1 845a73f7
[    5.844113] random 0070 0000 0000 45b1d0b1 845a73f7: add_timer_randomness(.. 8388864) with jiffies: 16599545847347905180, cycles: -1847198230656319477
[    5.852338] random 0070 0000 0000 45b1d0b1 845a73f7: add_disk_randomness(8:0) 45b1d0b1 845a73f7
[    5.852342] random 0070 0000 0000 45b1d0b1 845a73f7: add_timer_randomness(.. 8388864) with jiffies: 16673582570905764516, cycles: -1773161507098460149
[    5.852344] random 0070 0000 0000 45b1d0b1 845a73f7: added 1 entropy credits to input
[    5.861941] random 0071 0000 0000 45b1d0b1 845a73f7: add_disk_randomness(8:0) 45b1d0b1 845a73f7
[    5.861944] random 0071 0000 0000 45b1d0b1 845a73f7: add_timer_randomness(.. 8388864) with jiffies: 16759966535165641390, cycles: -1686777542838583285
[    5.881442] random 0071 0000 0000 45b1d0b1 845a73f7: add_disk_randomness(8:0) 45b1d0b1 845a73f7
[    5.881445] random 0071 0000 0000 45b1d0b1 845a73f7: add_timer_randomness(.. 8388864) with jiffies: 16935426536301626049, cycles: -1511317541702598645
[    5.881448] random 0071 0000 0000 45b1d0b1 845a73f7: added 2 entropy credits to input
[    5.894729] random 0073 0000 0000 45b1d0b1 845a73f7: add_disk_randomness(8:0) 45b1d0b1 845a73f7
[    5.894732] random 0073 0000 0000 45b1d0b1 845a73f7: add_timer_randomness(.. 8388864) with jiffies: 17054948118870328015, cycles: -1391795959133896693
[    5.894734] random 0073 0000 0000 45b1d0b1 845a73f7: added 2 entropy credits to input
[    5.902749] random 0075 0000 0000 45b1d0b1 845a73f7: add_disk_randomness(8:0) 45b1d0b1 845a73f7
[    5.902752] random 0075 0000 0000 45b1d0b1 845a73f7: add_timer_randomness(.. 8388864) with jiffies: 17127105373329392343, cycles: -1319638704674832373
[    5.912763] random 0075 0000 0000 45b1d0b1 845a73f7: add_disk_randomness(8:0) 45b1d0b1 845a73f7
[    5.912766] random 0075 0000 0000 45b1d0b1 845a73f7: add_timer_randomness(.. 8388864) with jiffies: 17217200202217915105, cycles: -1229543875786309621
[    5.912769] random 0075 0000 0000 45b1d0b1 845a73f7: added 1 entropy credits to input
[    5.925645] random 0076 0000 0000 45b1d0b1 845a73f7: add_disk_randomness(8:0) 45b1d0b1 845a73f7
[    5.925648] random 0076 0000 0000 45b1d0b1 845a73f7: add_timer_randomness(.. 8388864) with jiffies: 17333094483041682158, cycles: -1113649594962542581
[    5.933005] random 0076 0000 0000 45b1d0b1 845a73f7: add_disk_randomness(8:0) 45b1d0b1 845a73f7
[    5.933008] random 0076 0000 0000 45b1d0b1 845a73f7: add_timer_randomness(.. 8388864) with jiffies: 17399317402662699765, cycles: -1047426675341524981
[    5.933011] random 0076 0000 0000 45b1d0b1 845a73f7: added 2 entropy credits to input
[    5.938297] random 0078 0000 0000 45b1d0b1 845a73f7: add_disk_randomness(8:0) 45b1d0b1 845a73f7
[    5.938300] random 0078 0000 0000 45b1d0b1 845a73f7: add_timer_randomness(.. 8388864) with jiffies: 17446930302004593402, cycles: -999813775999631349
[    5.938303] random 0078 0000 0000 45b1d0b1 845a73f7: added 1 entropy credits to input
[    5.944695] random 0079 0000 0000 45b1d0b1 845a73f7: add_disk_randomness(8:0) 45b1d0b1 845a73f7
[    5.944698] random 0079 0000 0000 45b1d0b1 845a73f7: add_timer_randomness(.. 8388864) with jiffies: 17504482979735110401, cycles: -942261098269114357
[    5.944701] random 0079 0000 0000 45b1d0b1 845a73f7: added 1 entropy credits to input
[    5.949746] random 0080 0000 0000 45b1d0b1 845a73f7: add_disk_randomness(8:0) 45b1d0b1 845a73f7
[    5.949749] random 0080 0000 0000 45b1d0b1 845a73f7: add_timer_randomness(.. 8388864) with jiffies: 17549930902027207430, cycles: -896813175977017333
[    5.949752] random 0080 0000 0000 45b1d0b1 845a73f7: added 1 entropy credits to input
[    5.955644] random 0081 0000 0000 45b1d0b1 845a73f7: add_disk_randomness(8:0) 45b1d0b1 845a73f7
[    5.955647] random 0081 0000 0000 45b1d0b1 845a73f7: add_timer_randomness(.. 8388864) with jiffies: 17602985632307315468, cycles: -843758445696909301
[    5.965000] random 0081 0000 0000 45b1d0b1 845a73f7: add_disk_randomness(8:0) 45b1d0b1 845a73f7
[    5.965003] random 0081 0000 0000 45b1d0b1 845a73f7: add_timer_randomness(.. 8388864) with jiffies: 17687171470959805205, cycles: -759572607044419573
[    5.965006] random 0081 0000 0000 45b1d0b1 845a73f7: added 1 entropy credits to input
[    5.969877] random 0082 0000 0000 45b1d0b1 845a73f7: add_disk_randomness(8:0) 45b1d0b1 845a73f7
[    5.969879] random 0082 0000 0000 45b1d0b1 845a73f7: add_timer_randomness(.. 8388864) with jiffies: 17731039459467297562, cycles: -715704618536927221
[    5.969882] random 0082 0000 0000 45b1d0b1 845a73f7: added 2 entropy credits to input
[    5.977312] random 0084 0000 0000 45b1d0b1 845a73f7: add_disk_randomness(8:0) 45b1d0b1 845a73f7
[    5.977315] random 0084 0000 0000 45b1d0b1 845a73f7: add_timer_randomness(.. 8388864) with jiffies: 17797939510747300641, cycles: -648804567256924149
[    5.977318] random 0084 0000 0000 45b1d0b1 845a73f7: added 1 entropy credits to input
[    5.983527] random 0085 0000 0000 45b1d0b1 845a73f7: add_disk_randomness(8:0) 45b1d0b1 845a73f7
[    5.983530] random 0085 0000 0000 45b1d0b1 845a73f7: add_timer_randomness(.. 8388864) with jiffies: 17853862557626630951, cycles: -592881520377593845
[    5.983682] random 0085 0000 0000 45b1d0b1 845a73f7: add_disk_randomness(8:0) 45b1d0b1 845a73f7
[    5.983685] random 0085 0000 0000 45b1d0b1 845a73f7: add_timer_randomness(.. 8388864) with jiffies: 17855245279397905192, cycles: -591498798606319605
[    5.998094] random 0085 0000 0000 45b1d0b1 845a73f7: add_disk_randomness(8:0) 45b1d0b1 845a73f7
[    5.998097] random 0085 0000 0000 45b1d0b1 845a73f7: add_timer_randomness(.. 8388864) with jiffies: 17984910608352117558, cycles: -461833469652107253
[    5.998100] random 0085 0000 0000 45b1d0b1 845a73f7: added 3 entropy credits to input
[    6.005513] random 0088 0000 0000 45b1d0b1 845a73f7: add_disk_randomness(8:0) 45b1d0b1 845a73f7
[    6.005516] random 0088 0000 0000 45b1d0b1 845a73f7: add_timer_randomness(.. 8388864) with jiffies: 18051663509757592381, cycles: -395080568246632437
[    6.005519] random 0088 0000 0000 45b1d0b1 845a73f7: added 2 entropy credits to input
[    6.015195] random 0090 0000 0000 45b1d0b1 845a73f7: add_disk_randomness(8:0) 45b1d0b1 845a73f7
[    6.015198] random 0090 0000 0000 45b1d0b1 845a73f7: add_timer_randomness(.. 8388864) with jiffies: 18138765197412369223, cycles: -307978880591855605
[    6.015201] random 0090 0000 0000 45b1d0b1 845a73f7: added 1 entropy credits to input
[    6.025823] random 0091 0000 0000 45b1d0b1 845a73f7: add_disk_randomness(8:0) 45b1d0b1 845a73f7
[    6.025826] random 0091 0000 0000 45b1d0b1 845a73f7: add_timer_randomness(.. 8388864) with jiffies: 18234379961219384146, cycles: -212364116784840693
[    6.038343] random 0091 0000 0000 45b1d0b1 845a73f7: add_disk_randomness(8:0) 45b1d0b1 845a73f7
[    6.038346] random 0091 0000 0000 45b1d0b1 845a73f7: add_timer_randomness(.. 8388864) with jiffies: 18347026301874570078, cycles: -99717776129654773
[    6.039550] random 0091 0000 0000 45b1d0b1 845a73f7: add_disk_randomness(8:0) 45b1d0b1 845a73f7
[    6.039553] random 0091 0000 0000 45b1d0b1 845a73f7: add_timer_randomness(.. 8388864) with jiffies: 18357884928386630495, cycles: -88859149617594357
[    6.043570] random 0091 0000 0000 45b1d0b1 845a73f7: add_disk_randomness(8:0) 45b1d0b1 845a73f7
[    6.043573] random 0091 0000 0000 45b1d0b1 845a73f7: add_timer_randomness(.. 8388864) with jiffies: 18394054338339898211, cycles: -52689739664326645
[    6.043576] random 0091 0000 0000 45b1d0b1 845a73f7: added 1 entropy credits to input
[    6.052909] random 0092 0000 0000 45b1d0b1 845a73f7: add_disk_randomness(8:0) 45b1d0b1 845a73f7
[    6.052913] random 0092 0000 0000 45b1d0b1 845a73f7: add_timer_randomness(.. 8388864) with jiffies: 31325636030858093, cycles: 31325631736184844
[    6.052915] random 0092 0000 0000 45b1d0b1 845a73f7: added 1 entropy credits to input
[    6.053255] random 0093 0000 0000 45b1d0b1 845a73f7: add_disk_randomness(8:0) 45b1d0b1 845a73f7
[    6.053258] random 0093 0000 0000 45b1d0b1 845a73f7: add_timer_randomness(.. 8388864) with jiffies: 34435669094531949, cycles: 34435664799858700
[    6.068919] random 0093 0000 0000 45b1d0b1 845a73f7: add_disk_randomness(8:0) 45b1d0b1 845a73f7
[    6.068922] random 0093 0000 0000 45b1d0b1 845a73f7: add_timer_randomness(.. 8388864) with jiffies: 175363110968460157, cycles: 175363106673786892
[    6.068925] random 0093 0000 0000 45b1d0b1 845a73f7: added 4 entropy credits to input
[    6.070551] random 0097 0000 0000 45b1d0b1 845a73f7: add_disk_randomness(8:0) 45b1d0b1 845a73f7
[    6.070554] random 0097 0000 0000 45b1d0b1 845a73f7: add_timer_randomness(.. 8388864) with jiffies: 190049541183734654, cycles: 190049536889061388
[    6.070708] random 0097 0000 0000 45b1d0b1 845a73f7: add_disk_randomness(8:0) 45b1d0b1 845a73f7
[    6.070711] random 0097 0000 0000 45b1d0b1 845a73f7: add_timer_randomness(.. 8388864) with jiffies: 191452741359076223, cycles: 191452737064402956
[    6.081570] random 0097 0000 0000 45b1d0b1 845a73f7: add_disk_randomness(8:0) 45b1d0b1 845a73f7
[    6.081573] random 0097 0000 0000 45b1d0b1 845a73f7: add_timer_randomness(.. 8388864) with jiffies: 289185675662295945, cycles: 289185671367622668
[    6.081575] random 0097 0000 0000 45b1d0b1 845a73f7: added 3 entropy credits to input
[    6.082139] random 0100 0000 0000 45b1d0b1 845a73f7: add_disk_randomness(8:0) 45b1d0b1 845a73f7
[    6.082142] random 0100 0000 0000 45b1d0b1 845a73f7: add_timer_randomness(.. 8388864) with jiffies: 294298430501258122, cycles: 294298426206584844
[    6.087369] random 0100 0000 0000 45b1d0b1 845a73f7: add_disk_randomness(8:0) 45b1d0b1 845a73f7
[    6.087371] random 0100 0000 0000 45b1d0b1 845a73f7: add_timer_randomness(.. 8388864) with jiffies: 341353568210224015, cycles: 341353563915550732
[    6.087374] random 0100 0000 0000 45b1d0b1 845a73f7: added 2 entropy credits to input
[    6.089126] random 0102 0000 0000 45b1d0b1 845a73f7: add_disk_randomness(8:0) 45b1d0b1 845a73f7
[    6.089129] random 0102 0000 0000 45b1d0b1 845a73f7: add_timer_randomness(.. 8388864) with jiffies: 357158635542643601, cycles: 357158631247970316
[    6.089131] random 0102 0000 0000 45b1d0b1 845a73f7: added 1 entropy credits to input
