[    0.000000] random 0000 0000 0000 00000000 00000000: rand_read_num 1 get_random_bytes(8): sig 00000000 00000000 00000000
[    0.000000] random 0000 0000 0000 00000000 00000000: extract_entropy(.. 8 ..)
[    0.000000] random 0000 0000 0000 00000000 00000000: going to reseed nonblocking with 64 bits (64 of 0 requested)
[    0.000000] random 0000 0000 0000 00000000 00000000: extract_entropy(.. 8 ..)
[    0.000000] random 0000 0000 0000 00000000 00000000: trying to extract 64 bits from input
[    0.000000] random 0000 0000 0000 00000000 00000000: debiting 0 entropy credits from input
[    0.000000] random 0000 0000 0000 00000000 00000000: extract_entropy account returned: 0 
[    0.000000] random 0000 0000 0000 00000000 00000000: urand_change_num 1 xfer_secondary_pool(8): pool_sig 00000000, data_sig 00000000, bytes_mixed 0 00000000 00000000
[    0.000000] random 0000 0000 0000 00000000 00000000: trying to extract 64 bits from nonblocking
[    0.000000] random 0000 0000 0000 00000000 00000000: debiting 64 entropy credits from nonblocking (unlimited)
[    0.000000] random 0000 0000 0000 00000000 00000000: extract_entropy account returned: 8 
[    0.000000] random 0000 0000 0000 00000000 00000000: urand_change_num 2 extract_buf: pool_sig 00000000, data_sig fffffff9, bytes_mixed 20 00000000 00000000
[    0.000000] Linux version 2.6.32.57 (dcashman@dcashman-02) (gcc version 4.3.3 (GCC) ) #6 Thu May 30 09:02:12 PDT 2013
[    0.000000] KERNEL supported cpus:
[    0.000000]   Intel GenuineIntel
[    0.000000]   AMD AuthenticAMD
[    0.000000]   NSC Geode by NSC
[    0.000000]   Cyrix CyrixInstead
[    0.000000]   Centaur CentaurHauls
[    0.000000]   Transmeta GenuineTMx86
[    0.000000]   Transmeta TransmetaCPU
[    0.000000]   UMC UMC UMC UMC
[    0.000000] BIOS-provided physical RAM map:
[    0.000000]  BIOS-e820: 0000000000000000 - 000000000009d800 (usable)
[    0.000000]  BIOS-e820: 000000000009d800 - 00000000000a0000 (reserved)
[    0.000000]  BIOS-e820: 00000000000d2000 - 00000000000d4000 (reserved)
[    0.000000]  BIOS-e820: 00000000000e0000 - 0000000000100000 (reserved)
[    0.000000]  BIOS-e820: 0000000000100000 - 000000003d6b0000 (usable)
[    0.000000]  BIOS-e820: 000000003d6b0000 - 000000003d6cc000 (ACPI data)
[    0.000000]  BIOS-e820: 000000003d6cc000 - 000000003d700000 (ACPI NVS)
[    0.000000]  BIOS-e820: 000000003d700000 - 000000003e000000 (reserved)
[    0.000000]  BIOS-e820: 00000000f0000000 - 00000000f4000000 (reserved)
[    0.000000]  BIOS-e820: 00000000fec00000 - 00000000fec10000 (reserved)
[    0.000000]  BIOS-e820: 00000000fed00000 - 00000000fed00400 (reserved)
[    0.000000]  BIOS-e820: 00000000fed14000 - 00000000fed1a000 (reserved)
[    0.000000]  BIOS-e820: 00000000fed1c000 - 00000000fed90000 (reserved)
[    0.000000]  BIOS-e820: 00000000fee00000 - 00000000fee01000 (reserved)
[    0.000000]  BIOS-e820: 00000000ff000000 - 0000000100000000 (reserved)
[    0.000000] DMI present.
[    0.000000] last_pfn = 0x3d6b0 max_arch_pfn = 0x100000
[    0.000000] MTRR default type: uncachable
[    0.000000] MTRR fixed ranges enabled:
[    0.000000]   00000-9FFFF write-back
[    0.000000]   A0000-BFFFF uncachable
[    0.000000]   C0000-CFFFF write-protect
[    0.000000]   D0000-DFFFF uncachable
[    0.000000]   E0000-FFFFF write-protect
[    0.000000] MTRR variable ranges enabled:
[    0.000000]   0 base 03E000000 mask FFE000000 uncachable
[    0.000000]   1 base 000000000 mask FC0000000 write-back
[    0.000000]   2 base 03D700000 mask FFFF00000 uncachable
[    0.000000]   3 base 03D800000 mask FFF800000 uncachable
[    0.000000]   4 disabled
[    0.000000]   5 disabled
[    0.000000]   6 disabled
[    0.000000]   7 disabled
[    0.000000] initial memory mapped : 0 - 02000000
[    0.000000] init_memory_mapping: 0000000000000000-00000000377fe000
[    0.000000]  0000000000 - 0000400000 page 4k
[    0.000000]  0000400000 - 0037400000 page 2M
[    0.000000]  0037400000 - 00377fe000 page 4k
[    0.000000] kernel direct mapping tables up to 377fe000 @ 7000-c000
[    0.000000] ACPI: RSDP 000f68d0 00024 (v02 LENOVO)
[    0.000000] ACPI: XSDT 3d6bb77f 00094 (v01 LENOVO TP-7L    00002170  LTP 00000000)
[    0.000000] ACPI: FACP 3d6bb900 000F4 (v03 LENOVO TP-7L    00002170 LNVO 00000001)
[    0.000000] ACPI Warning: 32/64X length mismatch in Gpe1Block: 0/32 (20090903/tbfadt-526)
[    0.000000] ACPI Warning: Optional field Gpe1Block has zero address or length: 000000000000102C/0 (20090903/tbfadt-557)
[    0.000000] ACPI: DSDT 3d6bbd1d 0FED1 (v01 LENOVO TP-7L    00002170 MSFT 03000000)
[    0.000000] ACPI: FACS 3d6e4000 00040
[    0.000000] ACPI: SSDT 3d6bbab4 00269 (v01 LENOVO TP-7L    00002170 MSFT 03000000)
[    0.000000] ACPI: ECDT 3d6cbbee 00052 (v01 LENOVO TP-7L    00002170 LNVO 00000001)
[    0.000000] ACPI: TCPA 3d6cbc40 00032 (v02 LENOVO TP-7L    00002170 LNVO 00000001)
[    0.000000] ACPI: APIC 3d6cbc72 00068 (v01 LENOVO TP-7L    00002170 LNVO 00000001)
[    0.000000] ACPI: MCFG 3d6cbcda 0003C (v01 LENOVO TP-7L    00002170 LNVO 00000001)
[    0.000000] ACPI: HPET 3d6cbd16 00038 (v01 LENOVO TP-7L    00002170 LNVO 00000001)
[    0.000000] ACPI: SLIC 3d6cbdf0 00176 (v01 LENOVO TP-7L    00002170  LTP 00000000)
[    0.000000] ACPI: BOOT 3d6cbf66 00028 (v01 LENOVO TP-7L    00002170  LTP 00000001)
[    0.000000] ACPI: ASF! 3d6cbf8e 00072 (v16 LENOVO TP-7L    00002170 PTL  00000001)
[    0.000000] ACPI: SSDT 3d6e26d9 0025F (v01 LENOVO TP-7L    00002170 INTL 20050513)
[    0.000000] ACPI: SSDT 3d6e2938 000A6 (v01 LENOVO TP-7L    00002170 INTL 20050513)
[    0.000000] ACPI: SSDT 3d6e29de 004F7 (v01 LENOVO TP-7L    00002170 INTL 20050513)
[    0.000000] ACPI: SSDT 3d6e2ed5 001D8 (v01 LENOVO TP-7L    00002170 INTL 20050513)
[    0.000000] ACPI: DMI detected: Lenovo ThinkPad R61
[    0.000000] ACPI: Added _OSI(Linux)
[    0.000000] ACPI: Local APIC address 0xfee00000
[    0.000000] 94MB HIGHMEM available.
[    0.000000] 887MB LOWMEM available.
[    0.000000]   mapped low ram: 0 - 377fe000
[    0.000000]   low ram: 0 - 377fe000
[    0.000000]   node 0 low ram: 00000000 - 377fe000
[    0.000000]   node 0 bootmap 00008000 - 0000ef00
[    0.000000] (6 early reservations) ==> bootmem [0000000000 - 00377fe000]
[    0.000000]   #0 [0000000000 - 0000001000]   BIOS data page ==> [0000000000 - 0000001000]
[    0.000000]   #1 [0001000000 - 0001bdc180]    TEXT DATA BSS ==> [0001000000 - 0001bdc180]
[    0.000000]   #2 [000009d800 - 0000100000]    BIOS reserved ==> [000009d800 - 0000100000]
[    0.000000]   #3 [0001bdd000 - 0001be516c]              BRK ==> [0001bdd000 - 0001be516c]
[    0.000000]   #4 [0000007000 - 0000008000]          PGTABLE ==> [0000007000 - 0000008000]
[    0.000000]   #5 [0000008000 - 000000f000]          BOOTMAP ==> [0000008000 - 000000f000]
[    0.000000] found SMP MP-table at [c00f6900] f6900
[    0.000000] Zone PFN ranges:
[    0.000000]   DMA      0x00000000 -> 0x00001000
[    0.000000]   Normal   0x00001000 -> 0x000377fe
[    0.000000]   HighMem  0x000377fe -> 0x0003d6b0
[    0.000000] Movable zone start PFN for each node
[    0.000000] early_node_map[2] active PFN ranges
[    0.000000]     0: 0x00000000 -> 0x0000009d
[    0.000000]     0: 0x00000100 -> 0x0003d6b0
[    0.000000] On node 0 totalpages: 251469
[    0.000000] free_area_init_node: node 0, pgdat c1901ea0, node_mem_map c1be7000
[    0.000000]   DMA zone: 32 pages used for memmap
[    0.000000]   DMA zone: 0 pages reserved
[    0.000000]   DMA zone: 3965 pages, LIFO batch:0
[    0.000000]   Normal zone: 1744 pages used for memmap
[    0.000000]   Normal zone: 221486 pages, LIFO batch:31
[    0.000000]   HighMem zone: 190 pages used for memmap
[    0.000000]   HighMem zone: 24052 pages, LIFO batch:3
[    0.000000] Using APIC driver default
[    0.000000] ACPI: PM-Timer IO Port: 0x1008
[    0.000000] ACPI: Local APIC address 0xfee00000
[    0.000000] ACPI: LAPIC (acpi_id[0x00] lapic_id[0x00] enabled)
[    0.000000] ACPI: LAPIC (acpi_id[0x01] lapic_id[0x01] enabled)
[    0.000000] ACPI: NR_CPUS/possible_cpus limit of 1 reached.  Processor 1/0x1 ignored.
[    0.000000] ACPI: LAPIC_NMI (acpi_id[0x00] high edge lint[0x1])
[    0.000000] ACPI: LAPIC_NMI (acpi_id[0x01] high edge lint[0x1])
[    0.000000] ACPI: IOAPIC (id[0x01] address[0xfec00000] gsi_base[0])
[    0.000000] IOAPIC[0]: apic_id 1, version 32, address 0xfec00000, GSI 0-23
[    0.000000] ACPI: INT_SRC_OVR (bus 0 bus_irq 0 global_irq 2 dfl dfl)
[    0.000000] ACPI: INT_SRC_OVR (bus 0 bus_irq 9 global_irq 9 high level)
[    0.000000] ACPI: IRQ0 used by override.
[    0.000000] ACPI: IRQ2 used by override.
[    0.000000] ACPI: IRQ9 used by override.
[    0.000000] Using ACPI (MADT) for SMP configuration information
[    0.000000] ACPI: HPET id: 0x8086a201 base: 0xfed00000
[    0.000000] nr_irqs_gsi: 24
[    0.000000] PM: Registered nosave memory: 000000000009d000 - 000000000009e000
[    0.000000] PM: Registered nosave memory: 000000000009e000 - 00000000000a0000
[    0.000000] PM: Registered nosave memory: 00000000000a0000 - 00000000000d2000
[    0.000000] PM: Registered nosave memory: 00000000000d2000 - 00000000000d4000
[    0.000000] PM: Registered nosave memory: 00000000000d4000 - 00000000000e0000
[    0.000000] PM: Registered nosave memory: 00000000000e0000 - 0000000000100000
[    0.000000] Allocating PCI resources starting at 3e000000 (gap: 3e000000:b2000000)
[    0.000000] Built 1 zonelists in Zone order, mobility grouping on.  Total pages: 249503
[    0.000000] Kernel command line: auto BOOT_IMAGE=Linux ro root=802 vt.default_utf8=0 maxcpus=0
[    0.000000] PID hash table entries: 4096 (order: 2, 16384 bytes)
[    0.000000] Dentry cache hash table entries: 131072 (order: 7, 524288 bytes)
[    0.000000] Inode-cache hash table entries: 65536 (order: 6, 262144 bytes)
[    0.000000] Enabling fast FPU save and restore... done.
[    0.000000] Enabling unmasked SIMD FPU exception support... done.
[    0.000000] Initializing CPU#0
[    0.000000] Initializing HighMem for node 0 (000377fe:0003d6b0)
[    0.000000] Memory: 984800k/1006272k available (6915k kernel code, 20876k reserved, 2327k data, 448k init, 96968k highmem)
[    0.000000] virtual kernel memory layout:
[    0.000000]     fixmap  : 0xfffa3000 - 0xfffff000   ( 368 kB)
[    0.000000]     pkmap   : 0xff800000 - 0xffc00000   (4096 kB)
[    0.000000]     vmalloc : 0xf7ffe000 - 0xff7fe000   ( 120 MB)
[    0.000000]     lowmem  : 0xc0000000 - 0xf77fe000   ( 887 MB)
[    0.000000]       .init : 0xc1907000 - 0xc1977000   ( 448 kB)
[    0.000000]       .data : 0xc16c0d3f - 0xc1906c64   (2327 kB)
[    0.000000]       .text : 0xc1000000 - 0xc16c0d3f   (6915 kB)
[    0.000000] Checking if this processor honours the WP bit even in supervisor mode...Ok.
[    0.000000] SLUB: Genslabs=13, HWalign=64, Order=0-3, MinObjects=0, CPUs=1, Nodes=1
[    0.000000] Hierarchical RCU implementation.
[    0.000000] NR_IRQS:288
[    0.000000] Extended CMOS year: 2000
[    0.000000] Console: colour VGA+ 80x25
[    0.000000] console [tty0] enabled
[    0.000000] hpet clockevent registered
[    0.000000] Fast TSC calibration using PIT
[    0.000000] Detected 2094.492 MHz processor.
[    0.001002] Calibrating delay loop (skipped), value calculated using timer frequency.. 4188.98 BogoMIPS (lpj=2094492)
[    0.001175] Security Framework initialized
[    0.001261] Mount-cache hash table entries: 512
[    0.001409] CPU: L1 I cache: 32K, L1 D cache: 32K
[    0.001536] CPU: L2 cache: 3072K
[    0.002006] mce: CPU supports 6 MCE banks
[    0.002090] CPU0: Thermal monitoring enabled (TM2)
[    0.002170] using mwait in idle threads.
[    0.002255] CPU: Intel(R) Core(TM)2 Duo CPU     T8100  @ 2.10GHz stepping 06
[    0.002431] Checking 'hlt' instruction... OK.
[    0.006938] ACPI: Core revision 20090903
[    0.026013] RANDOM get_random_int first call with cycles 38571723823, jiffies 4294667322 and pid 0
[    0.026020] CANARY value: 7fda811a for PID: 1
[    0.026027] CANARY value: 5dd92d73 for PID: 2
[    0.026049] Enabling APIC mode:  Flat.  Using 1 I/O APICs
[    0.027367] ..TIMER: vector=0x30 apic1=0 pin1=2 apic2=-1 pin2=-1
[    0.037997] xor: automatically using best checksumming function: pIII_sse
[    0.041998]    pIII_sse  :  8568.000 MB/sec
[    0.042076] xor: using function: pIII_sse (8568.000 MB/sec)
[    0.042158] RANDOM - __seed init called.
[    0.042159] RANDOM - __seed init called.
[    0.042159] RANDOM - __seed init called.
[    0.042161] RANDOM - __random32 called. Change num 1.  Value: f7943846	49e73df3	af36cd0d
[    0.042163] RANDOM - __random32 called. Change num 2.  Value: 43846e13	9e73df37	9a1ad014
[    0.042165] RANDOM - __random32 called. Change num 3.  Value: 46e139c8	e73df373	a029598a
[    0.042166] RANDOM - __random32 called. Change num 4.  Value: 139c8c3b	73df373d	b3142c72
[    0.042168] RANDOM - __random32 called. Change num 5.  Value: c8c3b043	3df373de	58e576a9
[    0.042170] RANDOM - __random32 called. Change num 6.  Value: 3b0437d9	df373de5	ed53f9d8
[    0.042172] RANDOM - random32 init called.  Value: 3b0437d9	df373de5	ed53f9d8
[    0.042189] NET: Registered protocol family 16
[    0.042450] ACPI FADT declares the system doesn't support PCIe ASPM, so disable it
[    0.042571] ACPI: bus type pci registered
[    0.042737] PCI: MCFG configuration 0: base f0000000 segment 0 buses 0 - 63
[    0.042820] PCI: MCFG area at f0000000 reserved in E820
[    0.042899] PCI: Using MMCONFIG for extended config space
[    0.042980] PCI: Using configuration type 1 for base access
[    0.046082] bio: create slab <bio-0> at 0
[    0.046893] ACPI: EC: EC description table is found, configuring boot EC
[    0.052043] ACPI: BIOS _OSI(Linux) query honored via DMI
[    0.052763] random 0000 0000 0000 00000000 00000000: rand_read_num 2 get_random_bytes(8): sig fffffe1a 00000000 00000000
[    0.052766] random 0000 0000 0000 00000000 00000000: extract_entropy(.. 8 ..)
[    0.052769] random 0000 0000 0000 00000000 00000000: going to reseed nonblocking with 64 bits (64 of 0 requested)
[    0.052771] random 0000 0000 0000 00000000 00000000: extract_entropy(.. 8 ..)
[    0.052773] random 0000 0000 0000 00000000 00000000: trying to extract 64 bits from input
[    0.052775] random 0000 0000 0000 00000000 00000000: debiting 0 entropy credits from input
[    0.052777] random 0000 0000 0000 00000000 00000000: extract_entropy account returned: 0 
[    0.052805] random 0000 0000 0000 00000000 00000000: urand_change_num 3 xfer_secondary_pool(8): pool_sig fffffe1a, data_sig 00000000, bytes_mixed 0 00000000 00000000
[    0.052808] random 0000 0000 0000 00000000 00000000: trying to extract 64 bits from nonblocking
[    0.052810] random 0000 0000 0000 00000000 00000000: debiting 64 entropy credits from nonblocking (unlimited)
[    0.052812] random 0000 0000 0000 00000000 00000000: extract_entropy account returned: 8 
[    0.052816] random 0000 0000 0000 00000000 00000000: urand_change_num 4 extract_buf: pool_sig fffffe1a, data_sig fffffed7, bytes_mixed 20 00000000 00000000
[    0.057462] ACPI: Interpreter enabled
[    0.057543] ACPI: (supports S0 S3 S4 S5)
[    0.057823] ACPI: Using IOAPIC for interrupt routing
[    0.067577] ACPI: EC: GPE = 0x12, I/O: command/status = 0x66, data = 0x62
[    0.067844] ACPI: Power Resource [PUBS] (on)
[    0.069940] ACPI: ACPI Dock Station Driver: 3 docks/bays found
[    0.070321] ACPI: PCI Root Bridge [PCI0] (0000:00)
[    0.070488] pci 0000:00:02.0: reg 10 64bit mmio: [0xf8100000-0xf81fffff]
[    0.070494] pci 0000:00:02.0: reg 18 64bit mmio pref: [0xe0000000-0xefffffff]
[    0.070498] pci 0000:00:02.0: reg 20 io port: [0x1800-0x1807]
[    0.070532] pci 0000:00:02.1: reg 10 64bit mmio: [0xf8200000-0xf82fffff]
[    0.070635] pci 0000:00:19.0: reg 10 32bit mmio: [0xfe000000-0xfe01ffff]
[    0.070644] pci 0000:00:19.0: reg 14 32bit mmio: [0xfe025000-0xfe025fff]
[    0.070652] pci 0000:00:19.0: reg 18 io port: [0x1840-0x185f]
[    0.070718] pci 0000:00:19.0: PME# supported from D0 D3hot D3cold
[    0.070813] pci 0000:00:19.0: PME# disabled
[    0.070956] pci 0000:00:1a.0: reg 20 io port: [0x1860-0x187f]
[    0.071088] pci 0000:00:1a.1: reg 20 io port: [0x1880-0x189f]
[    0.071173] pci 0000:00:1a.7: reg 10 32bit mmio: [0xfe226c00-0xfe226fff]
[    0.071255] pci 0000:00:1a.7: PME# supported from D0 D3hot D3cold
[    0.071343] pci 0000:00:1a.7: PME# disabled
[    0.071480] pci 0000:00:1b.0: reg 10 64bit mmio: [0xfe020000-0xfe023fff]
[    0.071563] pci 0000:00:1b.0: PME# supported from D0 D3hot D3cold
[    0.071645] pci 0000:00:1b.0: PME# disabled
[    0.071838] pci 0000:00:1c.0: PME# supported from D0 D3hot D3cold
[    0.071927] pci 0000:00:1c.0: PME# disabled
[    0.072114] pci 0000:00:1c.1: PME# supported from D0 D3hot D3cold
[    0.072196] pci 0000:00:1c.1: PME# disabled
[    0.072405] pci 0000:00:1c.2: PME# supported from D0 D3hot D3cold
[    0.072488] pci 0000:00:1c.2: PME# disabled
[    0.072700] pci 0000:00:1c.3: PME# supported from D0 D3hot D3cold
[    0.072793] pci 0000:00:1c.3: PME# disabled
[    0.073110] pci 0000:00:1c.4: PME# supported from D0 D3hot D3cold
[    0.073193] pci 0000:00:1c.4: PME# disabled
[    0.073346] pci 0000:00:1d.0: reg 20 io port: [0x18a0-0x18bf]
[    0.073419] pci 0000:00:1d.1: reg 20 io port: [0x18c0-0x18df]
[    0.074061] pci 0000:00:1d.2: reg 20 io port: [0x18e0-0x18ff]
[    0.074159] pci 0000:00:1d.7: reg 10 32bit mmio: [0xfe227000-0xfe2273ff]
[    0.074261] pci 0000:00:1d.7: PME# supported from D0 D3hot D3cold
[    0.074347] pci 0000:00:1d.7: PME# disabled
[    0.074625] pci 0000:00:1f.0: quirk: region 1000-107f claimed by ICH6 ACPI/GPIO/TCO
[    0.074747] pci 0000:00:1f.0: quirk: region 1180-11bf claimed by ICH6 GPIO
[    0.074833] pci 0000:00:1f.0: ICH7 LPC Generic IO decode 1 PIO at 1600 (mask 007f)
[    0.074955] pci 0000:00:1f.0: ICH7 LPC Generic IO decode 2 PIO at 15e0 (mask 000f)
[    0.074998] pci 0000:00:1f.0: ICH7 LPC Generic IO decode 3 PIO at 1680 (mask 001f)
[    0.075197] pci 0000:00:1f.1: reg 10 io port: [0x00-0x07]
[    0.075207] pci 0000:00:1f.1: reg 14 io port: [0x00-0x03]
[    0.075214] pci 0000:00:1f.1: reg 18 io port: [0x00-0x07]
[    0.075223] pci 0000:00:1f.1: reg 1c io port: [0x00-0x03]
[    0.075232] pci 0000:00:1f.1: reg 20 io port: [0x1c00-0x1c0f]
[    0.075319] pci 0000:00:1f.2: reg 10 io port: [0x1c50-0x1c57]
[    0.075328] pci 0000:00:1f.2: reg 14 io port: [0x1c44-0x1c47]
[    0.075337] pci 0000:00:1f.2: reg 18 io port: [0x1c48-0x1c4f]
[    0.075346] pci 0000:00:1f.2: reg 1c io port: [0x1c40-0x1c43]
[    0.075355] pci 0000:00:1f.2: reg 20 io port: [0x1c20-0x1c3f]
[    0.075364] pci 0000:00:1f.2: reg 24 32bit mmio: [0xfe226000-0xfe2267ff]
[    0.075421] pci 0000:00:1f.2: PME# supported from D3hot
[    0.075504] pci 0000:00:1f.2: PME# disabled
[    0.075622] pci 0000:00:1f.3: reg 10 32bit mmio: [0xfe227400-0xfe2274ff]
[    0.075648] pci 0000:00:1f.3: reg 20 io port: [0x1c60-0x1c7f]
[    0.075735] pci 0000:00:1c.0: bridge io port: [0x2000-0x2fff]
[    0.075740] pci 0000:00:1c.0: bridge 32bit mmio: [0xfc000000-0xfdffffff]
[    0.075749] pci 0000:00:1c.0: bridge 64bit mmio pref: [0xf8000000-0xf80fffff]
[    0.075823] pci 0000:03:00.0: reg 10 64bit mmio: [0xdf3f0000-0xdf3fffff]
[    0.076095] pci 0000:00:1c.1: bridge io port: [0x3000-0x3fff]
[    0.076102] pci 0000:00:1c.1: bridge 32bit mmio: [0xdc000000-0xdf3fffff]
[    0.076111] pci 0000:00:1c.1: bridge 64bit mmio pref: [0xdfe00000-0xdfefffff]
[    0.076167] pci 0000:00:1c.2: bridge io port: [0x4000-0x4fff]
[    0.076173] pci 0000:00:1c.2: bridge 32bit mmio: [0xd8000000-0xd9ffffff]
[    0.076180] pci 0000:00:1c.2: bridge 64bit mmio pref: [0xdfb00000-0xdfbfffff]
[    0.076237] pci 0000:00:1c.3: bridge io port: [0x5000-0x5fff]
[    0.076241] pci 0000:00:1c.3: bridge 32bit mmio: [0xd4000000-0xd5ffffff]
[    0.076251] pci 0000:00:1c.3: bridge 64bit mmio pref: [0xdf800000-0xdf8fffff]
[    0.076307] pci 0000:00:1c.4: bridge io port: [0x6000-0x6fff]
[    0.076316] pci 0000:00:1c.4: bridge 32bit mmio: [0xd0000000-0xd1ffffff]
[    0.076325] pci 0000:00:1c.4: bridge 64bit mmio pref: [0xdf500000-0xdf5fffff]
[    0.076379] pci 0000:15:00.0: reg 10 32bit mmio: [0xf8300000-0xf8300fff]
[    0.076430] pci 0000:15:00.0: supports D1 D2
[    0.076432] pci 0000:15:00.0: PME# supported from D0 D1 D2 D3hot D3cold
[    0.076519] pci 0000:15:00.0: PME# disabled
[    0.076655] pci 0000:15:00.1: reg 10 32bit mmio: [0xf8301000-0xf83017ff]
[    0.076751] pci 0000:15:00.1: supports D1 D2
[    0.076752] pci 0000:15:00.1: PME# supported from D0 D1 D2 D3hot D3cold
[    0.076842] pci 0000:15:00.1: PME# disabled
[    0.077007] pci 0000:00:1e.0: transparent bridge
[    0.077099] pci 0000:00:1e.0: bridge io port: [0x7000-0xafff]
[    0.077105] pci 0000:00:1e.0: bridge 32bit mmio: [0xf8300000-0xfbffffff]
[    0.077114] pci 0000:00:1e.0: bridge 64bit mmio pref: [0xf4000000-0xf7ffffff]
[    0.077183] pci_bus 0000:00: on NUMA node 0
[    0.077187] ACPI: PCI Interrupt Routing Table [\_SB_.PCI0._PRT]
[    0.077320] ACPI: PCI Interrupt Routing Table [\_SB_.PCI0.EXP0._PRT]
[    0.077379] ACPI: PCI Interrupt Routing Table [\_SB_.PCI0.EXP1._PRT]
[    0.077438] ACPI: PCI Interrupt Routing Table [\_SB_.PCI0.EXP2._PRT]
[    0.077496] ACPI: PCI Interrupt Routing Table [\_SB_.PCI0.EXP3._PRT]
[    0.077558] ACPI: PCI Interrupt Routing Table [\_SB_.PCI0.EXP4._PRT]
[    0.077621] ACPI: PCI Interrupt Routing Table [\_SB_.PCI0.PCI1._PRT]
[    0.083093] ACPI: PCI Interrupt Link [LNKA] (IRQs 3 4 5 6 7 9 *10 11)
[    0.083807] ACPI: PCI Interrupt Link [LNKB] (IRQs 3 4 5 6 7 9 10 *11)
[    0.084531] ACPI: PCI Interrupt Link [LNKC] (IRQs 3 4 5 6 7 9 10 *11)
[    0.085234] ACPI: PCI Interrupt Link [LNKD] (IRQs 3 4 5 6 7 9 10 *11)
[    0.085934] ACPI: PCI Interrupt Link [LNKE] (IRQs 3 4 5 6 7 9 10 *11)
[    0.086655] ACPI: PCI Interrupt Link [LNKF] (IRQs 3 4 5 6 7 9 10 *11)
[    0.087373] ACPI: PCI Interrupt Link [LNKG] (IRQs 3 4 5 6 7 9 10 *11)
[    0.088159] ACPI: PCI Interrupt Link [LNKH] (IRQs 3 4 5 6 7 9 10 *11)
[    0.088851] vgaarb: device added: PCI:0000:00:02.0,decodes=io+mem,owns=io+mem,locks=none
[    0.088969] vgaarb: loaded
[    0.089092] SCSI subsystem initialized
[    0.089193] libata version 3.00 loaded.
[    0.089241] usbcore: registered new interface driver usbfs
[    0.089355] usbcore: registered new interface driver hub
[    0.089473] usbcore: registered new device driver usb
[    0.106040] raid6: int32x1    941 MB/s
[    0.123056] raid6: int32x2    890 MB/s
[    0.140068] raid6: int32x4    750 MB/s
[    0.156988] raid6: int32x8    656 MB/s
[    0.173986] raid6: mmxx1     2878 MB/s
[    0.190987] raid6: mmxx2     3253 MB/s
[    0.208004] raid6: sse1x1    1937 MB/s
[    0.224978] raid6: sse1x2    2531 MB/s
[    0.241985] raid6: sse2x1    3511 MB/s
[    0.258985] raid6: sse2x2    3835 MB/s
[    0.259069] raid6: using algorithm sse2x2 (3835 MB/s)
[    0.259151] PCI: Using ACPI for IRQ routing
[    0.259449] HPET: 3 timers in total, 0 timers will be used for per-cpu timer
[    0.259990] Switching to clocksource tsc
[    0.260087] pnp: PnP ACPI init
[    0.260170] ACPI: bus type pnp registered
[    0.263845] pnp: PnP ACPI: found 11 devices
[    0.263950] ACPI: ACPI bus type pnp unregistered
[    0.264044] system 00:00: iomem range 0x0-0x9ffff could not be reserved
[    0.264140] system 00:00: iomem range 0xc0000-0xc3fff could not be reserved
[    0.264242] system 00:00: iomem range 0xc4000-0xc7fff could not be reserved
[    0.264335] system 00:00: iomem range 0xc8000-0xcbfff has been reserved
[    0.264417] system 00:00: iomem range 0xcc000-0xcffff has been reserved
[    0.264499] system 00:00: iomem range 0xd0000-0xd3fff could not be reserved
[    0.264582] system 00:00: iomem range 0xe0000-0xe3fff could not be reserved
[    0.264674] system 00:00: iomem range 0xe4000-0xe7fff could not be reserved
[    0.264761] system 00:00: iomem range 0xe8000-0xebfff could not be reserved
[    0.264844] system 00:00: iomem range 0xec000-0xeffff could not be reserved
[    0.264931] system 00:00: iomem range 0xf0000-0xfffff could not be reserved
[    0.265014] system 00:00: iomem range 0x100000-0x3dffffff could not be reserved
[    0.265147] system 00:00: iomem range 0xfec00000-0xfed3ffff could not be reserved
[    0.265270] system 00:00: iomem range 0xfed4c000-0xffffffff could not be reserved
[    0.265385] system 00:02: ioport range 0x164e-0x164f has been reserved
[    0.265467] system 00:02: ioport range 0x1000-0x107f has been reserved
[    0.265550] system 00:02: ioport range 0x1180-0x11bf has been reserved
[    0.265632] system 00:02: ioport range 0x800-0x80f has been reserved
[    0.265718] system 00:02: ioport range 0x15e0-0x15ef has been reserved
[    0.265805] system 00:02: ioport range 0x1600-0x165f could not be reserved
[    0.265896] system 00:02: iomem range 0xf0000000-0xf3ffffff has been reserved
[    0.265983] system 00:02: iomem range 0xfed1c000-0xfed1ffff has been reserved
[    0.266071] system 00:02: iomem range 0xfed14000-0xfed17fff has been reserved
[    0.266164] system 00:02: iomem range 0xfed18000-0xfed18fff has been reserved
[    0.266247] system 00:02: iomem range 0xfed19000-0xfed19fff has been reserved
[    0.266331] system 00:02: iomem range 0xfed45000-0xfed4bfff has been reserved
[    0.301373] pci 0000:00:1c.0: PCI bridge, secondary bus 0000:02
[    0.301459] pci 0000:00:1c.0:   IO window: 0x2000-0x2fff
[    0.301543] pci 0000:00:1c.0:   MEM window: 0xfc000000-0xfdffffff
[    0.301631] pci 0000:00:1c.0:   PREFETCH window: 0x000000f8000000-0x000000f80fffff
[    0.301747] pci 0000:00:1c.1: PCI bridge, secondary bus 0000:03
[    0.301831] pci 0000:00:1c.1:   IO window: 0x3000-0x3fff
[    0.301920] pci 0000:00:1c.1:   MEM window: 0xdc000000-0xdf3fffff
[    0.302006] pci 0000:00:1c.1:   PREFETCH window: 0x000000dfe00000-0x000000dfefffff
[    0.302123] pci 0000:00:1c.2: PCI bridge, secondary bus 0000:04
[    0.302215] pci 0000:00:1c.2:   IO window: 0x4000-0x4fff
[    0.302304] pci 0000:00:1c.2:   MEM window: 0xd8000000-0xd9ffffff
[    0.302395] pci 0000:00:1c.2:   PREFETCH window: 0x000000dfb00000-0x000000dfbfffff
[    0.302512] pci 0000:00:1c.3: PCI bridge, secondary bus 0000:05
[    0.302600] pci 0000:00:1c.3:   IO window: 0x5000-0x5fff
[    0.302685] pci 0000:00:1c.3:   MEM window: 0xd4000000-0xd5ffffff
[    0.302769] pci 0000:00:1c.3:   PREFETCH window: 0x000000df800000-0x000000df8fffff
[    0.302890] pci 0000:00:1c.4: PCI bridge, secondary bus 0000:0d
[    0.302983] pci 0000:00:1c.4:   IO window: 0x6000-0x6fff
[    0.303066] pci 0000:00:1c.4:   MEM window: 0xd0000000-0xd1ffffff
[    0.303152] pci 0000:00:1c.4:   PREFETCH window: 0x000000df500000-0x000000df5fffff
[    0.303285] pci 0000:15:00.0: CardBus bridge, secondary bus 0000:16
[    0.303371] pci 0000:15:00.0:   IO window: 0x007000-0x0070ff
[    0.303472] pci 0000:15:00.0:   IO window: 0x007400-0x0074ff
[    0.303556] pci 0000:15:00.0:   PREFETCH window: 0xf4000000-0xf7ffffff
[    0.303643] pci 0000:15:00.0:   MEM window: 0x40000000-0x43ffffff
[    0.303737] pci 0000:00:1e.0: PCI bridge, secondary bus 0000:15
[    0.303826] pci 0000:00:1e.0:   IO window: 0x7000-0xafff
[    0.303914] pci 0000:00:1e.0:   MEM window: 0xf8300000-0xfbffffff
[    0.304007] pci 0000:00:1e.0:   PREFETCH window: 0x000000f4000000-0x000000f7ffffff
[    0.304148] pci 0000:00:1c.0: PCI INT A -> GSI 20 (level, low) -> IRQ 20
[    0.304236] pci 0000:00:1c.0: setting latency timer to 64
[    0.304252] pci 0000:00:1c.1: PCI INT B -> GSI 21 (level, low) -> IRQ 21
[    0.304336] pci 0000:00:1c.1: setting latency timer to 64
[    0.304350] pci 0000:00:1c.2: PCI INT C -> GSI 22 (level, low) -> IRQ 22
[    0.304434] pci 0000:00:1c.2: setting latency timer to 64
[    0.304448] pci 0000:00:1c.3: PCI INT D -> GSI 23 (level, low) -> IRQ 23
[    0.304540] pci 0000:00:1c.3: setting latency timer to 64
[    0.304551] pci 0000:00:1c.4: PCI INT A -> GSI 20 (level, low) -> IRQ 20
[    0.304646] pci 0000:00:1c.4: setting latency timer to 64
[    0.304651] pci 0000:00:1e.0: enabling device (0005 -> 0007)
[    0.304741] pci 0000:00:1e.0: setting latency timer to 64
[    0.304755] pci 0000:15:00.0: PCI INT A -> GSI 16 (level, low) -> IRQ 16
[    0.304854] pci 0000:15:00.0: setting latency timer to 64
[    0.304860] pci_bus 0000:00: resource 0 io:  [0x00-0xffff]
[    0.304862] pci_bus 0000:00: resource 1 mem: [0x000000-0xffffffff]
[    0.304864] pci_bus 0000:02: resource 0 io:  [0x2000-0x2fff]
[    0.304868] pci_bus 0000:02: resource 1 mem: [0xfc000000-0xfdffffff]
[    0.304870] pci_bus 0000:02: resource 2 pref mem [0xf8000000-0xf80fffff]
[    0.304872] pci_bus 0000:03: resource 0 io:  [0x3000-0x3fff]
[    0.304874] pci_bus 0000:03: resource 1 mem: [0xdc000000-0xdf3fffff]
[    0.304876] pci_bus 0000:03: resource 2 pref mem [0xdfe00000-0xdfefffff]
[    0.304878] pci_bus 0000:04: resource 0 io:  [0x4000-0x4fff]
[    0.304880] pci_bus 0000:04: resource 1 mem: [0xd8000000-0xd9ffffff]
[    0.304881] pci_bus 0000:04: resource 2 pref mem [0xdfb00000-0xdfbfffff]
[    0.304883] pci_bus 0000:05: resource 0 io:  [0x5000-0x5fff]
[    0.304885] pci_bus 0000:05: resource 1 mem: [0xd4000000-0xd5ffffff]
[    0.304887] pci_bus 0000:05: resource 2 pref mem [0xdf800000-0xdf8fffff]
[    0.304889] pci_bus 0000:0d: resource 0 io:  [0x6000-0x6fff]
[    0.304890] pci_bus 0000:0d: resource 1 mem: [0xd0000000-0xd1ffffff]
[    0.304892] pci_bus 0000:0d: resource 2 pref mem [0xdf500000-0xdf5fffff]
[    0.304894] pci_bus 0000:15: resource 0 io:  [0x7000-0xafff]
[    0.304896] pci_bus 0000:15: resource 1 mem: [0xf8300000-0xfbffffff]
[    0.304898] pci_bus 0000:15: resource 2 pref mem [0xf4000000-0xf7ffffff]
[    0.304900] pci_bus 0000:15: resource 3 io:  [0x00-0xffff]
[    0.304901] pci_bus 0000:15: resource 4 mem: [0x000000-0xffffffff]
[    0.304903] pci_bus 0000:16: resource 0 io:  [0x7000-0x70ff]
[    0.304905] pci_bus 0000:16: resource 1 io:  [0x7400-0x74ff]
[    0.304907] pci_bus 0000:16: resource 2 pref mem [0xf4000000-0xf7ffffff]
[    0.304909] pci_bus 0000:16: resource 3 mem: [0x40000000-0x43ffffff]
[    0.304917] NET: Registered protocol family 2
[    0.305004] RANDOM - __random32 called. Change num 7.  Value: 437d97bf	f373de51	f3b0f986
[    0.305005] RANDOM - random32 called.  Value: 437d97bf	f373de51	f3b0f986
[    0.305010] random 0000 0000 0000 5f8db4e5 4cfdf2a8: rand_read_num 3 get_random_bytes(4): sig fffffb64 5f8db4e5 4cfdf2a8
[    0.305012] random 0000 0000 0000 5f8db4e5 4cfdf2a8: extract_entropy(.. 4 ..)
[    0.305015] random 0000 0000 0000 5f8db4e5 4cfdf2a8: going to reseed nonblocking with 64 bits (32 of 0 requested)
[    0.305017] random 0000 0000 0000 5f8db4e5 4cfdf2a8: extract_entropy(.. 8 ..)
[    0.305019] random 0000 0000 0000 5f8db4e5 4cfdf2a8: trying to extract 64 bits from input
[    0.305021] random 0000 0000 0000 5f8db4e5 4cfdf2a8: debiting 0 entropy credits from input
[    0.305023] random 0000 0000 0000 5f8db4e5 4cfdf2a8: extract_entropy account returned: 0 
[    0.305026] random 0000 0000 0000 5f8db4e5 4cfdf2a8: urand_change_num 5 xfer_secondary_pool(4): pool_sig fffffb64, data_sig 00000000, bytes_mixed 0 5f8db4e5 4cfdf2a8
[    0.305029] random 0000 0000 0000 5f8db4e5 4cfdf2a8: trying to extract 32 bits from nonblocking
[    0.305031] random 0000 0000 0000 5f8db4e5 4cfdf2a8: debiting 32 entropy credits from nonblocking (unlimited)
[    0.305033] random 0000 0000 0000 5f8db4e5 4cfdf2a8: extract_entropy account returned: 4 
[    0.305037] random 0000 0000 0000 5f8db4e5 4cfdf2a8: urand_change_num 6 extract_buf: pool_sig fffffb64, data_sig 00000241, bytes_mixed 20 5f8db4e5 4cfdf2a8
[    0.305047] IP route cache hash table entries: 32768 (order: 5, 131072 bytes)
[    0.305176] RANDOM - __random32 called. Change num 8.  Value: d97bfe31	373de51f	f30dc6e6
[    0.305178] RANDOM - random32 called.  Value: d97bfe31	373de51f	f30dc6e6
[    0.305188] RANDOM - __random32 called. Change num 9.  Value: bfe314d7	73de51f5	8dcd6c7e
[    0.305190] RANDOM - random32 called.  Value: bfe314d7	73de51f5	8dcd6c7e
[    0.305192] RANDOM - __random32 called. Change num 10.  Value: 314d7baf	3de51f5e	d8fc74c1
[    0.305193] RANDOM - random32 called.  Value: 314d7baf	3de51f5e	d8fc74c1
[    0.305204] RANDOM - __random32 called. Change num 11.  Value: d7baf3c7	de51f5e5	e983e3fa
[    0.305205] RANDOM - random32 called.  Value: d7baf3c7	de51f5e5	e983e3fa
[    0.305215] TCP established hash table entries: 131072 (order: 8, 1048576 bytes)
[    0.305698] TCP bind hash table entries: 65536 (order: 6, 262144 bytes)
[    0.305884] TCP: Hash tables configured (established 131072 bind 65536)
[    0.305970] TCP reno registered
[    0.306066] NET: Registered protocol family 1
[    0.306174] RPC: Registered udp transport module.
[    0.306259] RPC: Registered tcp transport module.
[    0.306342] RPC: Registered tcp NFSv4.1 backchannel transport module.
[    0.306439] pci 0000:00:02.0: Boot video device
[    0.306655] Simple Boot Flag at 0x35 set to 0x1
[    0.307209] highmem bounce pool size: 64 pages
[    0.308704] VFS: Disk quotas dquot_6.5.2
[    0.308821] Dquot-cache hash table entries: 1024 (order 0, 4096 bytes)
[    0.309562] NTFS driver 2.1.29 [Flags: R/W].
[    0.309713] ROMFS MTD (C) 2007 Red Hat, Inc.
[    0.309917] JFS: nTxBlock = 7695, nTxLock = 61562
[    0.312368] SGI XFS with ACLs, security attributes, large block/inode numbers, no debug enabled
[    0.312846] SGI XFS Quota Management subsystem
[    0.313137] Slow work thread pool: Starting up
[    0.313237] Slow work thread pool: Ready
[    0.313327] GFS2 (built May 24 2013 02:47:17) installed
[    0.313411] msgmni has been set to 1734
[    0.313566] alg: No test for cipher_null (cipher_null-generic)
[    0.313663] alg: No test for ecb(cipher_null) (ecb-cipher_null)
[    0.313760] alg: No test for digest_null (digest_null-generic)
[    0.313849] alg: No test for compress_null (compress_null-generic)
[    0.314404] alg: No test for fcrypt (fcrypt-generic)
[    0.315813] alg: No test for stdrng (krng)
[    0.315911] async_tx: api initialized (async)
[    0.316061] Block layer SCSI generic (bsg) driver version 0.4 loaded (major 254)
[    0.316177] io scheduler noop registered
[    0.316256] io scheduler anticipatory registered
[    0.316347] io scheduler deadline registered
[    0.316478] io scheduler cfq registered (default)
[    0.316716] pcieport 0000:00:1c.0: irq 24 for MSI/MSI-X
[    0.316733] pcieport 0000:00:1c.0: setting latency timer to 64
[    0.316935] pcieport 0000:00:1c.1: irq 25 for MSI/MSI-X
[    0.316946] pcieport 0000:00:1c.1: setting latency timer to 64
[    0.317126] pcieport 0000:00:1c.2: irq 26 for MSI/MSI-X
[    0.317138] pcieport 0000:00:1c.2: setting latency timer to 64
[    0.317313] pcieport 0000:00:1c.3: irq 27 for MSI/MSI-X
[    0.317323] pcieport 0000:00:1c.3: setting latency timer to 64
[    0.317502] pcieport 0000:00:1c.4: irq 28 for MSI/MSI-X
[    0.317516] pcieport 0000:00:1c.4: setting latency timer to 64
[    0.317660] pci_hotplug: PCI Hot Plug PCI Core version: 0.5
[    0.317848] isapnp: Scanning for PnP cards...
[    0.678384] isapnp: No Plug & Play device found
[    0.678476] random 0000 0000 0000 5f8db4e5 4cfdf2a8: initializing
[    0.678478] RANDOM init_std_data for input now value: 1369911036678478862
[    0.678480] RANDOM init_std_data for blocking now value: 1369911036678480842
[    0.678481] RANDOM init_std_data for nonblocking now value: 1369911036678482541
[    0.698076] Serial: 8250/16550 driver, 4 ports, IRQ sharing enabled
[    3.709088] floppy0: no floppy controllers found
[    3.710032] brd: module loaded
[    3.710529] loop: module loaded
[    3.710606] Compaq SMART2 Driver (v 2.6.0)
[    3.710733] HP CISS Driver (v 3.6.20)
[    3.710979] input: Macintosh mouse button emulation as /devices/virtual/input/input0
[    3.711117] Uniform Multi-Platform E-IDE driver
[    3.711336] piix 0000:00:1f.1: IDE controller (0x8086:0x2850 rev 0x03)
[    3.711433] pci 0000:00:1f.1: PCI INT C -> GSI 16 (level, low) -> IRQ 16
[    3.711530] piix 0000:00:1f.1: IDE port disabled
[    3.711617] piix 0000:00:1f.1: not 100% native mode: will probe irqs later
[    3.711705]     ide0: BM-DMA at 0x1c00-0x1c07
[    3.711792] Probing IDE interface ide0...
[    4.383348] hda: HL-DT-ST DVDRAM GSA-U10N, ATAPI CD/DVD-ROM drive
[    4.690179] hda: host max PIO4 wanted PIO255(auto-tune) selected PIO4
[    4.690952] hda: UDMA/33 mode selected
[    4.691411] ide0 at 0x1f0-0x1f7,0x3f6 on irq 14
[    4.695282] ide-gd driver 1.18
[    4.695384] ide-cd driver 5.00
[    4.696766] random 0000 0000 0000 00000000 00000000: add_disk_randomness(0:0) 00000000 00000000
[    4.696771] random 0000 0000 0000 00000000 00000000: add_timer_randomness(.. 256) with jiffies: 6317244508358278776, cycles: 6317244504063606795
[    4.696773] random 0000 0000 0000 00000000 00000000: added 11 entropy credits to input
[    4.696777] ide-cd: hda: ATAPI 24X DVD-ROM DVD-R/RAM CD-R/RW drive, 2048kB Cache
[    4.697187] Uniform CD-ROM driver Revision: 3.20
[    4.700066] random 0011 0000 0000 00000000 00000000: add_disk_randomness(0:0) 00000000 00000000
[    4.700069] random 0011 0000 0000 00000000 00000000: add_timer_randomness(.. 256) with jiffies: 6346931244998819451, cycles: 6346931240704147467
[    4.700072] random 0011 0000 0000 00000000 00000000: added 1 entropy credits to input
[    4.700075] random 0012 0000 0000 00000000 00000000: add_disk_randomness(0:0) 00000000 00000000
[    4.700078] random 0012 0000 0000 00000000 00000000: add_timer_randomness(.. 256) with jiffies: 6347008000359366267, cycles: 6347007996064694283
[    4.702063] random 0012 0000 0000 00000000 00000000: add_disk_randomness(0:0) 00000000 00000000
[    4.702066] random 0012 0000 0000 00000000 00000000: add_timer_randomness(.. 256) with jiffies: 6364895559894662781, cycles: 6364895555599990795
[    4.702069] random 0012 0000 0000 00000000 00000000: added 1 entropy credits to input
[    4.702072] random 0013 0000 0000 00000000 00000000: add_disk_randomness(0:0) 00000000 00000000
[    4.702074] random 0013 0000 0000 00000000 00000000: add_timer_randomness(.. 256) with jiffies: 6364971370362404477, cycles: 6364971366067732491
[    4.704063] random 0013 0000 0000 00000000 00000000: add_disk_randomness(0:0) 00000000 00000000
[    4.704066] random 0013 0000 0000 00000000 00000000: add_timer_randomness(.. 256) with jiffies: 6382890184374713983, cycles: 6382890180080041995
[    4.704069] random 0013 0000 0000 00000000 00000000: added 1 entropy credits to input
[    4.704072] random 0014 0000 0000 00000000 00000000: add_disk_randomness(0:0) 00000000 00000000
[    4.704074] random 0014 0000 0000 00000000 00000000: add_timer_randomness(.. 256) with jiffies: 6382963061379792511, cycles: 6382963057085120523
[    4.704344] Loading iSCSI transport class v2.0-870.
[    4.704631] rdac: device handler registered
[    4.704710] hp_sw: device handler registered
[    4.704803] emc: device handler registered
[    4.704881] alua: device handler registered
[    4.705880] Adaptec aacraid driver 1.1-5[2461]-ms
[    4.706297] scsi: <fdomain> Detection failed (no card)
[    4.706397] sym53c416.c: Version 1.0.0-ac
[    4.706498] qlogicfas: no cards were found, please specify I/O address and IRQ using iobase= and irq= options
[    4.706617] QLogic Fibre Channel HBA Driver: 8.03.01-k6
[    4.706833] iscsi: registered transport (qla4xxx)
[    4.706932] QLogic iSCSI HBA Driver
[    4.707021] Emulex LightPulse Fibre Channel SCSI driver 8.3.4
[    4.707101] Copyright(c) 2004-2009 Emulex.  All rights reserved.
[    4.729167] Failed initialization of WD-7000 SCSI card!
[    4.818383] DC390: clustering now enabled by default. If you get problems load
[    4.818504]        with "disable_clustering=1" and report to maintainers
[    4.818635] megaraid cmm: 2.20.2.7 (Release Date: Sun Jul 16 00:01:03 EST 2006)
[    4.818778] megaraid: 2.20.5.1 (Release Date: Thu Nov 16 15:32:35 EST 2006)
[    4.818883] megasas: 00.00.04.01 Thu July 24 11:41:51 PST 2008
[    4.819010] GDT-HA: Storage RAID Controller Driver. Version: 3.05
[    4.819157] 3ware Storage Controller device driver for Linux v1.26.02.002.
[    4.819258] 3ware 9000 Storage Controller device driver for Linux v2.26.02.012.
[    4.819391] nsp32: loading...
[    4.819494] ipr: IBM Power RAID SCSI Device Driver version: 2.4.3 (June 10, 2009)
[    4.819627] RocketRAID 3xxx/4xxx Controller driver v1.6 (090910)
[    4.819735] stex: Promise SuperTrak EX Driver version: 4.6.0000.3
[    4.819861] st: Version 20081215, fixed bufsize 32768, s/g segs 256
[    4.820041] ahci 0000:00:1f.2: version 3.0
[    4.820057] ahci 0000:00:1f.2: PCI INT B -> GSI 16 (level, low) -> IRQ 16
[    4.820194] ahci 0000:00:1f.2: irq 29 for MSI/MSI-X
[    4.820253] ahci 0000:00:1f.2: AHCI 0001.0100 32 slots 3 ports 1.5 Gbps 0x5 impl SATA mode
[    4.820377] ahci 0000:00:1f.2: flags: 64bit ncq sntf pm led clo pio slum part ccc 
[    4.820492] ahci 0000:00:1f.2: setting latency timer to 64
[    4.820636] scsi2 : ahci
[    4.820785] scsi3 : ahci
[    4.820921] scsi4 : ahci
[    4.821081] ata1: SATA max UDMA/133 abar m2048@0xfe226000 port 0xfe226100 irq 29
[    4.821209] ata2: DUMMY
[    4.821286] ata3: SATA max UDMA/133 abar m2048@0xfe226000 port 0xfe226200 irq 29
[    4.821891] I2O subsystem v1.325
[    4.821974] i2o: max drivers = 8
[    4.822116] I2O Configuration OSM v1.323
[    4.822231] I2O Bus Adapter OSM v1.317
[    4.822330] I2O Block Device OSM v1.325
[    4.822469] I2O SCSI Peripheral OSM v1.316
[    4.822563] I2O ProcFS OSM v1.316
[    4.822662] Fusion MPT base driver 3.04.12
[    4.822751] Copyright (c) 1999-2008 LSI Corporation
[    4.822843] Fusion MPT SPI Host driver 3.04.12
[    4.822942] Fusion MPT FC Host driver 3.04.12
[    4.823049] Fusion MPT SAS Host driver 3.04.12
[    4.823244] ohci1394 0000:15:00.1: PCI INT B -> GSI 17 (level, low) -> IRQ 17
[    4.823342] ohci1394 0000:15:00.1: setting latency timer to 64
[    4.877197] ohci1394: fw-host0: OHCI-1394 1.1 (PCI): IRQ=[17]  MMIO=[f8301000-f83017ff]  Max Packet=[2048]  IR/IT contexts=[4/4]
[    4.881463] ehci_hcd: USB 2.0 'Enhanced' Host Controller (EHCI) Driver
[    4.881724] ehci_hcd 0000:00:1a.7: power state changed by ACPI to D0
[    4.881973] ehci_hcd 0000:00:1a.7: power state changed by ACPI to D0
[    4.882064] ehci_hcd 0000:00:1a.7: PCI INT C -> GSI 22 (level, low) -> IRQ 22
[    4.882166] ehci_hcd 0000:00:1a.7: setting latency timer to 64
[    4.882171] ehci_hcd 0000:00:1a.7: EHCI Host Controller
[    4.882305] ehci_hcd 0000:00:1a.7: new USB bus registered, assigned bus number 1
[    4.886338] ehci_hcd 0000:00:1a.7: cache line size of 32 is not supported
[    4.886347] ehci_hcd 0000:00:1a.7: irq 22, io mem 0xfe226c00
[    4.896162] ehci_hcd 0000:00:1a.7: USB 2.0 started, EHCI 1.00
[    4.896266] usb usb1: New USB device found, idVendor=1d6b, idProduct=0002
[    4.896350] usb usb1: New USB device strings: Mfr=3, Product=2, SerialNumber=1
[    4.896469] usb usb1: Product: EHCI Host Controller
[    4.896548] usb usb1: Manufacturer: Linux 2.6.32.57 ehci_hcd
[    4.896632] usb usb1: SerialNumber: 0000:00:1a.7
[    4.896764] usb usb1: configuration #1 chosen from 1 choice
[    4.896873] hub 1-0:1.0: USB hub found
[    4.896960] hub 1-0:1.0: 4 ports detected
[    4.897287] ehci_hcd 0000:00:1d.7: power state changed by ACPI to D0
[    4.897535] ehci_hcd 0000:00:1d.7: power state changed by ACPI to D0
[    4.897632] ehci_hcd 0000:00:1d.7: PCI INT D -> GSI 19 (level, low) -> IRQ 19
[    4.897731] ehci_hcd 0000:00:1d.7: setting latency timer to 64
[    4.897736] ehci_hcd 0000:00:1d.7: EHCI Host Controller
[    4.897863] ehci_hcd 0000:00:1d.7: new USB bus registered, assigned bus number 2
[    4.898025] ehci_hcd 0000:00:1d.7: debug port 1
[    4.901993] ehci_hcd 0000:00:1d.7: cache line size of 32 is not supported
[    4.902002] ehci_hcd 0000:00:1d.7: irq 19, io mem 0xfe227000
[    4.912163] ehci_hcd 0000:00:1d.7: USB 2.0 started, EHCI 1.00
[    4.912263] usb usb2: New USB device found, idVendor=1d6b, idProduct=0002
[    4.912343] usb usb2: New USB device strings: Mfr=3, Product=2, SerialNumber=1
[    4.912461] usb usb2: Product: EHCI Host Controller
[    4.912540] usb usb2: Manufacturer: Linux 2.6.32.57 ehci_hcd
[    4.912629] usb usb2: SerialNumber: 0000:00:1d.7
[    4.912767] usb usb2: configuration #1 chosen from 1 choice
[    4.912877] hub 2-0:1.0: USB hub found
[    4.912965] hub 2-0:1.0: 6 ports detected
[    4.913135] 116x: driver isp116x-hcd, 03 Nov 2005
[    4.913238] ohci_hcd: USB 1.1 'Open' Host Controller (OHCI) Driver
[    4.913352] uhci_hcd: USB Universal Host Controller Interface driver
[    4.913457] uhci_hcd 0000:00:1a.0: PCI INT A -> GSI 20 (level, low) -> IRQ 20
[    4.913563] uhci_hcd 0000:00:1a.0: setting latency timer to 64
[    4.913566] uhci_hcd 0000:00:1a.0: UHCI Host Controller
[    4.913690] uhci_hcd 0000:00:1a.0: new USB bus registered, assigned bus number 3
[    4.913839] uhci_hcd 0000:00:1a.0: irq 20, io base 0x00001860
[    4.913960] usb usb3: New USB device found, idVendor=1d6b, idProduct=0001
[    4.914048] usb usb3: New USB device strings: Mfr=3, Product=2, SerialNumber=1
[    4.914169] usb usb3: Product: UHCI Host Controller
[    4.914263] usb usb3: Manufacturer: Linux 2.6.32.57 uhci_hcd
[    4.914354] usb usb3: SerialNumber: 0000:00:1a.0
[    4.914492] usb usb3: configuration #1 chosen from 1 choice
[    4.914600] hub 3-0:1.0: USB hub found
[    4.914687] hub 3-0:1.0: 2 ports detected
[    4.914992] uhci_hcd 0000:00:1a.1: power state changed by ACPI to D0
[    4.915236] uhci_hcd 0000:00:1a.1: power state changed by ACPI to D0
[    4.915329] uhci_hcd 0000:00:1a.1: PCI INT B -> GSI 21 (level, low) -> IRQ 21
[    4.915420] uhci_hcd 0000:00:1a.1: setting latency timer to 64
[    4.915424] uhci_hcd 0000:00:1a.1: UHCI Host Controller
[    4.915547] uhci_hcd 0000:00:1a.1: new USB bus registered, assigned bus number 4
[    4.915695] uhci_hcd 0000:00:1a.1: irq 21, io base 0x00001880
[    4.915808] usb usb4: New USB device found, idVendor=1d6b, idProduct=0001
[    4.915889] usb usb4: New USB device strings: Mfr=3, Product=2, SerialNumber=1
[    4.916005] usb usb4: Product: UHCI Host Controller
[    4.916098] usb usb4: Manufacturer: Linux 2.6.32.57 uhci_hcd
[    4.916190] usb usb4: SerialNumber: 0000:00:1a.1
[    4.916316] usb usb4: configuration #1 chosen from 1 choice
[    4.916435] hub 4-0:1.0: USB hub found
[    4.916516] hub 4-0:1.0: 2 ports detected
[    4.916855] uhci_hcd 0000:00:1d.0: power state changed by ACPI to D0
[    4.917100] uhci_hcd 0000:00:1d.0: power state changed by ACPI to D0
[    4.917207] uhci_hcd 0000:00:1d.0: PCI INT A -> GSI 16 (level, low) -> IRQ 16
[    4.917300] uhci_hcd 0000:00:1d.0: setting latency timer to 64
[    4.917305] uhci_hcd 0000:00:1d.0: UHCI Host Controller
[    4.917433] uhci_hcd 0000:00:1d.0: new USB bus registered, assigned bus number 5
[    4.917588] uhci_hcd 0000:00:1d.0: irq 16, io base 0x000018a0
[    4.917695] usb usb5: New USB device found, idVendor=1d6b, idProduct=0001
[    4.917784] usb usb5: New USB device strings: Mfr=3, Product=2, SerialNumber=1
[    4.917906] usb usb5: Product: UHCI Host Controller
[    4.917990] usb usb5: Manufacturer: Linux 2.6.32.57 uhci_hcd
[    4.918087] usb usb5: SerialNumber: 0000:00:1d.0
[    4.918233] usb usb5: configuration #1 chosen from 1 choice
[    4.918345] hub 5-0:1.0: USB hub found
[    4.918426] hub 5-0:1.0: 2 ports detected
[    4.918562] uhci_hcd 0000:00:1d.1: PCI INT B -> GSI 17 (level, low) -> IRQ 17
[    4.918657] uhci_hcd 0000:00:1d.1: setting latency timer to 64
[    4.918662] uhci_hcd 0000:00:1d.1: UHCI Host Controller
[    4.918790] uhci_hcd 0000:00:1d.1: new USB bus registered, assigned bus number 6
[    4.918933] uhci_hcd 0000:00:1d.1: irq 17, io base 0x000018c0
[    4.919038] usb usb6: New USB device found, idVendor=1d6b, idProduct=0001
[    4.919132] usb usb6: New USB device strings: Mfr=3, Product=2, SerialNumber=1
[    4.919264] usb usb6: Product: UHCI Host Controller
[    4.919345] usb usb6: Manufacturer: Linux 2.6.32.57 uhci_hcd
[    4.919427] usb usb6: SerialNumber: 0000:00:1d.1
[    4.919551] usb usb6: configuration #1 chosen from 1 choice
[    4.919670] hub 6-0:1.0: USB hub found
[    4.919752] hub 6-0:1.0: 2 ports detected
[    4.920037] uhci_hcd 0000:00:1d.2: power state changed by ACPI to D0
[    4.920276] uhci_hcd 0000:00:1d.2: power state changed by ACPI to D0
[    4.920363] uhci_hcd 0000:00:1d.2: PCI INT C -> GSI 18 (level, low) -> IRQ 18
[    4.920454] uhci_hcd 0000:00:1d.2: setting latency timer to 64
[    4.920459] uhci_hcd 0000:00:1d.2: UHCI Host Controller
[    4.920593] uhci_hcd 0000:00:1d.2: new USB bus registered, assigned bus number 7
[    4.920745] uhci_hcd 0000:00:1d.2: irq 18, io base 0x000018e0
[    4.920848] usb usb7: New USB device found, idVendor=1d6b, idProduct=0001
[    4.920933] usb usb7: New USB device strings: Mfr=3, Product=2, SerialNumber=1
[    4.921047] usb usb7: Product: UHCI Host Controller
[    4.921127] usb usb7: Manufacturer: Linux 2.6.32.57 uhci_hcd
[    4.921223] usb usb7: SerialNumber: 0000:00:1d.2
[    4.922013] usb usb7: configuration #1 chosen from 1 choice
[    4.922123] hub 7-0:1.0: USB hub found
[    4.922227] hub 7-0:1.0: 2 ports detected
[    4.922377] sl811: driver sl811-hcd, 19 May 2005
[    4.922477] r8a66597_hcd: driver r8a66597_hcd, 2009-05-26
[    4.922639] Initializing USB Mass Storage driver...
[    4.922760] usbcore: registered new interface driver usb-storage
[    4.922854] USB Mass Storage support registered.
[    4.922956] usbcore: registered new interface driver ums-alauda
[    4.923067] usbcore: registered new interface driver ums-cypress
[    4.923179] usbcore: registered new interface driver ums-datafab
[    4.923278] usbcore: registered new interface driver ums-freecom
[    4.923377] usbcore: registered new interface driver ums-isd200
[    4.923477] usbcore: registered new interface driver ums-jumpshot
[    4.923576] usbcore: registered new interface driver ums-karma
[    4.923675] usbcore: registered new interface driver ums-onetouch
[    4.923779] usbcore: registered new interface driver ums-sddr09
[    4.923879] usbcore: registered new interface driver ums-sddr55
[    4.923983] usbcore: registered new interface driver ums-usbat
[    4.924127] PNP: PS/2 Controller [PNP0303:KBD,PNP0f13:MOU] at 0x60,0x64 irq 1,12
[    4.932557] serio: i8042 KBD port at 0x60,0x64 irq 1
[    4.932639] serio: i8042 AUX port at 0x60,0x64 irq 12
[    4.932884] mice: PS/2 mouse device common for all mice
[    4.932994] i2c /dev entries driver
[    4.933122] md: linear personality registered for level -1
[    4.933211] md: raid0 personality registered for level 0
[    4.933291] md: raid1 personality registered for level 1
[    4.933383] md: raid10 personality registered for level 10
[    4.933465] md: raid6 personality registered for level 6
[    4.933558] md: raid5 personality registered for level 5
[    4.933645] md: raid4 personality registered for level 4
[    4.933728] md: multipath personality registered for level -4
[    4.933909] device-mapper: ioctl: 4.15.0-ioctl (2009-04-01) initialised: dm-devel@redhat.com
[    4.934107] cpuidle: using governor ladder
[    4.934717] usbcore: registered new interface driver usbhid
[    4.934798] usbhid: v2.6:USB HID core driver
[    4.934932] random 0014 0000 0000 00000000 00000000: rand_read_num 4 get_random_bytes(136): sig 00000000 00000000 00000000
[    4.934934] random 0014 0000 0000 00000000 00000000: extract_entropy(.. 136 ..)
[    4.934937] random 0014 0000 0000 00000000 00000000: going to reseed nonblocking with 1024 bits (1088 of 0 requested)
[    4.934939] random 0014 0000 0000 00000000 00000000: extract_entropy(.. 128 ..)
[    4.934942] random 0014 0000 0000 00000000 00000000: trying to extract 1024 bits from input
[    4.934944] random 0014 0000 0000 00000000 00000000: debiting 0 entropy credits from input
[    4.934946] random 0014 0000 0000 00000000 00000000: extract_entropy account returned: 0 
[    4.934949] random 0014 0000 0000 00000000 00000000: urand_change_num 7 xfer_secondary_pool(136): pool_sig 00000000, data_sig 00000000, bytes_mixed 0 00000000 00000000
[    4.934952] random 0014 0000 0000 00000000 00000000: trying to extract 1088 bits from nonblocking
[    4.934954] random 0014 0000 0000 00000000 00000000: debiting 1088 entropy credits from nonblocking (unlimited)
[    4.934956] random 0014 0000 0000 00000000 00000000: extract_entropy account returned: 136 
[    4.934961] random 0014 0000 0000 00000000 00000000: urand_change_num 8 extract_buf: pool_sig 00000000, data_sig fffffff9, bytes_mixed 20 00000000 00000000
[    4.934966] random 0014 0000 0000 b7c35b56 be4dc95d: urand_change_num 9 extract_buf: pool_sig fffffd1e, data_sig 000000c5, bytes_mixed 20 b7c35b56 be4dc95d
[    4.934972] random 0014 0000 0000 ed9f5c47 c48487fb: urand_change_num 10 extract_buf: pool_sig fffff8ec, data_sig ffffff68, bytes_mixed 20 ed9f5c47 c48487fb
[    4.934977] random 0014 0000 0000 ed9f5c47 c48487fb: urand_change_num 11 extract_buf: pool_sig fffffaed, data_sig 000001aa, bytes_mixed 20 ed9f5c47 c48487fb
[    4.934982] random 0014 0000 0000 1b4f7c0a 91bd6a48: urand_change_num 12 extract_buf: pool_sig fffffdd8, data_sig 00000064, bytes_mixed 20 1b4f7c0a 91bd6a48
[    4.934987] random 0014 0000 0000 a254b9bc 20e9a24f: urand_change_num 13 extract_buf: pool_sig fffffbe6, data_sig 000001dd, bytes_mixed 20 a254b9bc 20e9a24f
[    4.934993] random 0014 0000 0000 a254b9bc 20e9a24f: urand_change_num 14 extract_buf: pool_sig fffff940, data_sig fffffe20, bytes_mixed 20 a254b9bc 20e9a24f
[    4.934998] random 0014 0000 0000 2831a66b 5fa2a3ad: urand_change_num 15 extract_buf: pool_sig fffffbce, data_sig 0000007e, bytes_mixed 20 2831a66b 5fa2a3ad
[    4.935003] random 0014 0000 0000 2831a66b 5fa2a3ad: urand_change_num 16 extract_buf: pool_sig 000004df, data_sig fffffe8f, bytes_mixed 20 2831a66b 5fa2a3ad
[    4.935008] random 0014 0000 0000 d4512bfd c9a54e0b: urand_change_num 17 extract_buf: pool_sig 00000485, data_sig fffffe68, bytes_mixed 20 d4512bfd c9a54e0b
[    4.935014] random 0014 0000 0000 c7371be6 f9ffea11: urand_change_num 18 extract_buf: pool_sig 00000095, data_sig ffffffed, bytes_mixed 20 c7371be6 f9ffea11
[    4.935019] random 0014 0000 0000 c7371be6 f9ffea11: urand_change_num 19 extract_buf: pool_sig 000003a7, data_sig fffffefa, bytes_mixed 20 c7371be6 f9ffea11
[    4.935024] random 0014 0000 0000 8fb4b62c d1ddba54: urand_change_num 20 extract_buf: pool_sig 00000179, data_sig ffffff78, bytes_mixed 20 8fb4b62c d1ddba54
[    4.935029] random 0014 0000 0000 9ff19f9c c07a1d2a: urand_change_num 21 extract_buf: pool_sig fffffe88, data_sig 00000126, bytes_mixed 20 9ff19f9c c07a1d2a
[    4.935033] TCP cubic registered
[    4.935115] Initializing XFRM netlink socket
[    4.935205] NET: Registered protocol family 17
[    4.935301] Using IPI Shortcut mode
[    4.935390] random 0014 0000 0000 9ff19f9c c07a1d2a: rand_read_num 5 get_random_bytes(8): sig 0000031b 9ff19f9c c07a1d2a
[    4.935392] random 0014 0000 0000 9ff19f9c c07a1d2a: extract_entropy(.. 8 ..)
[    4.935394] random 0014 0000 0000 9ff19f9c c07a1d2a: going to reseed nonblocking with 64 bits (64 of 0 requested)
[    4.935397] random 0014 0000 0000 9ff19f9c c07a1d2a: extract_entropy(.. 8 ..)
[    4.935399] random 0014 0000 0000 9ff19f9c c07a1d2a: trying to extract 64 bits from input
[    4.935401] random 0014 0000 0000 9ff19f9c c07a1d2a: debiting 0 entropy credits from input
[    4.935403] random 0014 0000 0000 9ff19f9c c07a1d2a: extract_entropy account returned: 0 
[    4.935406] random 0014 0000 0000 9ff19f9c c07a1d2a: urand_change_num 22 xfer_secondary_pool(8): pool_sig 0000031b, data_sig 00000000, bytes_mixed 0 9ff19f9c c07a1d2a
[    4.935409] random 0014 0000 0000 9ff19f9c c07a1d2a: trying to extract 64 bits from nonblocking
[    4.935411] random 0014 0000 0000 9ff19f9c c07a1d2a: debiting 64 entropy credits from nonblocking (unlimited)
[    4.935413] random 0014 0000 0000 9ff19f9c c07a1d2a: extract_entropy account returned: 8 
[    4.935417] random 0014 0000 0000 9ff19f9c c07a1d2a: urand_change_num 23 extract_buf: pool_sig 0000031b, data_sig ffffffb3, bytes_mixed 20 9ff19f9c c07a1d2a
[    4.938720] input: AT Translated Set 2 keyboard as /devices/platform/i8042/serio0/input/input1
[    5.127188] ata3: SATA link down (SStatus 0 SControl 300)
[    5.127307] ata1: SATA link up 1.5 Gbps (SStatus 113 SControl 300)
[    5.129225] ata1.00: ACPI cmd ef/02:00:00:00:00:a0 (SET FEATURES) succeeded
[    5.129228] ata1.00: ACPI cmd f5/00:00:00:00:00:a0 (SECURITY FREEZE LOCK) filtered out
[    5.130620] ata1.00: ACPI cmd ef/5f:00:00:00:00:a0 (SET FEATURES) succeeded
[    5.130622] ata1.00: ACPI cmd ef/10:03:00:00:00:a0 (SET FEATURES) filtered out
[    5.132531] ata1.00: ATA-7: ST910021AS, 4.06, max UDMA/100
[    5.132627] ata1.00: 195371568 sectors, multi 16: LBA48 
[    5.134770] ata1.00: ACPI cmd ef/02:00:00:00:00:a0 (SET FEATURES) succeeded
[    5.134773] ata1.00: ACPI cmd f5/00:00:00:00:00:a0 (SECURITY FREEZE LOCK) filtered out
[    5.136161] ata1.00: ACPI cmd ef/5f:00:00:00:00:a0 (SET FEATURES) succeeded
[    5.136163] ata1.00: ACPI cmd ef/10:03:00:00:00:a0 (SET FEATURES) filtered out
[    5.138087] ata1.00: configured for UDMA/100
[    5.149245] scsi 2:0:0:0: Direct-Access     ATA      ST910021AS       4.06 PQ: 0 ANSI: 5
[    5.149518] sd 2:0:0:0: [sda] 195371568 512-byte logical blocks: (100 GB/93.1 GiB)
[    5.149652] sd 2:0:0:0: [sda] Write Protect is off
[    5.149747] sd 2:0:0:0: [sda] Mode Sense: 00 3a 00 00
[    5.149759] sd 2:0:0:0: [sda] Write cache: enabled, read cache: enabled, doesn't support DPO or FUA
[    5.149940]  sda:
[    5.215184] usb 2-1: new high speed USB device using ehci_hcd and address 2
[    5.362422] usb 2-1: New USB device found, idVendor=0e8d, idProduct=1806
[    5.362507] usb 2-1: New USB device strings: Mfr=1, Product=2, SerialNumber=3
[    5.362599] usb 2-1: Product: MT1806 
[    5.362682] usb 2-1: Manufacturer: MediaTek Inc
[    5.362769] usb 2-1: SerialNumber: R8KN6GAC800AEB 
[    5.362900] usb 2-1: configuration #1 chosen from 1 choice
[    5.369341] scsi5 : SCSI emulation for USB Mass Storage devices
[    5.369510] usb-storage: device found at 2
[    5.369511] usb-storage: waiting for device to settle before scanning
[    5.564668] random 0014 0000 0000 277f73c3 42024bb9: add_disk_randomness(8:0) 277f73c3 42024bb9
[    5.564672] random 0014 0000 0000 277f73c3 42024bb9: add_timer_randomness(.. 8388864) with jiffies: 14124685957957124484, cycles: -4322058120047099893
[    5.564674] random 0014 0000 0000 277f73c3 42024bb9: added 11 entropy credits to input
[    5.564679]  sda1 sda2
[    5.565242] random 0025 0000 0000 277f73c3 42024bb9: add_disk_randomness(8:0) 277f73c3 42024bb9
[    5.565245] random 0025 0000 0000 277f73c3 42024bb9: add_timer_randomness(.. 8388864) with jiffies: 14129839390431347077, cycles: -4316904687572877301
[    5.565399] sd 2:0:0:0: [sda] Attached SCSI disk
[    5.565489] random 0025 0000 0000 277f73c3 42024bb9: rand_read_num 6 get_random_bytes(12): sig 000007e9 277f73c3 42024bb9
[    5.565491] random 0025 0000 0000 277f73c3 42024bb9: extract_entropy(.. 12 ..)
[    5.565494] random 0025 0000 0000 277f73c3 42024bb9: going to reseed nonblocking with 96 bits (96 of 0 requested)
[    5.565496] random 0025 0000 0000 277f73c3 42024bb9: extract_entropy(.. 12 ..)
[    5.565498] random 0025 0000 0000 277f73c3 42024bb9: trying to extract 96 bits from input
[    5.565500] random 0025 0000 0000 277f73c3 42024bb9: debiting 0 entropy credits from input
[    5.565502] random 0025 0000 0000 277f73c3 42024bb9: extract_entropy account returned: 0 
[    5.565505] random 0025 0000 0000 277f73c3 42024bb9: urand_change_num 24 xfer_secondary_pool(12): pool_sig 000007e9, data_sig 00000000, bytes_mixed 0 277f73c3 42024bb9
[    5.565508] random 0025 0000 0000 277f73c3 42024bb9: trying to extract 96 bits from nonblocking
[    5.565511] random 0025 0000 0000 277f73c3 42024bb9: debiting 96 entropy credits from nonblocking (unlimited)
[    5.565513] random 0025 0000 0000 277f73c3 42024bb9: extract_entropy account returned: 12 
[    5.565517] random 0025 0000 0000 277f73c3 42024bb9: urand_change_num 25 extract_buf: pool_sig 000007e9, data_sig 00000088, bytes_mixed 20 277f73c3 42024bb9
[    5.565523] random 0025 0000 0000 277f73c3 42024bb9: urand_change_num 26 extract_buf: pool_sig 00000498, data_sig fffffefb, bytes_mixed 20 277f73c3 42024bb9
[    5.565526] RANDOM - __seed init called.
[    5.565527] RANDOM - __seed init called.
[    5.565528] RANDOM - __seed init called.
[    5.565529] RANDOM - __random32 called. Change num 12.  Value: 87f14767	f0d7351	b1e48bd3
[    5.565531] RANDOM - random32_reseed called.  Value: 87f14767	f0d7351	b1e48bd3
[    5.565534] Pid: 1, comm: swapper Not tainted 2.6.32.57 #6
[    5.565615] Call Trace:
[    5.565704]  [<c1923ca4>] ? random32_reseed+0xa0/0xb1
[    5.565784]  [<c1923c04>] ? random32_reseed+0x0/0xb1
[    5.565874]  [<c100111e>] ? do_one_initcall+0x2e/0x180
[    5.565956]  [<c1907265>] ? kernel_init+0xad/0x103
[    5.566040]  [<c19071b8>] ? kernel_init+0x0/0x103
[    5.566128]  [<c1003787>] ? kernel_thread_helper+0x7/0x10
[    5.566656] random 0025 0000 0000 386b4e60 ee4d4880: rand_read_num 7 get_random_bytes(64): sig fffffea5 386b4e60 ee4d4880
[    5.566659] random 0025 0000 0000 386b4e60 ee4d4880: extract_entropy(.. 64 ..)
[    5.566661] random 0025 0000 0000 386b4e60 ee4d4880: going to reseed nonblocking with 512 bits (512 of 0 requested)
[    5.566664] random 0025 0000 0000 386b4e60 ee4d4880: extract_entropy(.. 64 ..)
[    5.566666] random 0025 0000 0000 386b4e60 ee4d4880: trying to extract 512 bits from input
[    5.566668] random 0025 0000 0000 386b4e60 ee4d4880: debiting 0 entropy credits from input
[    5.566670] random 0025 0000 0000 386b4e60 ee4d4880: extract_entropy account returned: 0 
[    5.566673] random 0025 0000 0000 386b4e60 ee4d4880: urand_change_num 27 xfer_secondary_pool(64): pool_sig fffffea5, data_sig 00000000, bytes_mixed 0 386b4e60 ee4d4880
[    5.566676] random 0025 0000 0000 386b4e60 ee4d4880: trying to extract 512 bits from nonblocking
[    5.566679] random 0025 0000 0000 386b4e60 ee4d4880: debiting 512 entropy credits from nonblocking (unlimited)
[    5.566681] random 0025 0000 0000 386b4e60 ee4d4880: extract_entropy account returned: 64 
[    5.566685] random 0025 0000 0000 386b4e60 ee4d4880: urand_change_num 28 extract_buf: pool_sig fffffea5, data_sig 00000173, bytes_mixed 20 386b4e60 ee4d4880
[    5.566690] random 0025 0000 0000 412698f6 0cc8689a: urand_change_num 29 extract_buf: pool_sig 00000122, data_sig ffffff63, bytes_mixed 20 412698f6 0cc8689a
[    5.566696] random 0025 0000 0000 412698f6 0cc8689a: urand_change_num 30 extract_buf: pool_sig 000001f7, data_sig 00000012, bytes_mixed 20 412698f6 0cc8689a
[    5.566701] random 0025 0000 0000 9669941e 06f768b1: urand_change_num 31 extract_buf: pool_sig fffffb5b, data_sig 0000003f, bytes_mixed 20 9669941e 06f768b1
[    5.566706] random 0025 0000 0000 98486520 995551f0: urand_change_num 32 extract_buf: pool_sig fffffb39, data_sig 0000000e, bytes_mixed 20 98486520 995551f0
[    5.566711] random 0025 0000 0000 98486520 995551f0: urand_change_num 33 extract_buf: pool_sig fffffd8d, data_sig 000001a6, bytes_mixed 20 98486520 995551f0
[    5.566717] random 0025 0000 0000 61fc8914 d5882ed2: urand_change_num 34 extract_buf: pool_sig fffffa58, data_sig 0000023e, bytes_mixed 20 61fc8914 d5882ed2
[    5.566746] random 0025 0000 0000 61fc8914 d5882ed2: rand_read_num 8 get_random_bytes(64): sig fffff9ee 61fc8914 d5882ed2
[    5.566748] random 0025 0000 0000 61fc8914 d5882ed2: extract_entropy(.. 64 ..)
[    5.566750] random 0025 0000 0000 61fc8914 d5882ed2: going to reseed nonblocking with 512 bits (512 of 0 requested)
[    5.566753] random 0025 0000 0000 61fc8914 d5882ed2: extract_entropy(.. 64 ..)
[    5.566755] random 0025 0000 0000 61fc8914 d5882ed2: trying to extract 512 bits from input
[    5.566757] random 0025 0000 0000 61fc8914 d5882ed2: debiting 0 entropy credits from input
[    5.566759] random 0025 0000 0000 61fc8914 d5882ed2: extract_entropy account returned: 0 
[    5.566762] random 0025 0000 0000 61fc8914 d5882ed2: urand_change_num 35 xfer_secondary_pool(64): pool_sig fffff9ee, data_sig 00000000, bytes_mixed 0 61fc8914 d5882ed2
[    5.566765] random 0025 0000 0000 61fc8914 d5882ed2: trying to extract 512 bits from nonblocking
[    5.566767] random 0025 0000 0000 61fc8914 d5882ed2: debiting 512 entropy credits from nonblocking (unlimited)
[    5.566770] random 0025 0000 0000 61fc8914 d5882ed2: extract_entropy account returned: 64 
[    5.566774] random 0025 0000 0000 61fc8914 d5882ed2: urand_change_num 36 extract_buf: pool_sig fffff9ee, data_sig ffffff85, bytes_mixed 20 61fc8914 d5882ed2
[    5.566779] random 0025 0000 0000 70cfd302 e5edec11: urand_change_num 37 extract_buf: pool_sig fffffdc1, data_sig ffffffde, bytes_mixed 20 70cfd302 e5edec11
[    5.566784] random 0025 0000 0000 00dab838 eafd2b30: urand_change_num 38 extract_buf: pool_sig 000003da, data_sig ffffff61, bytes_mixed 20 00dab838 eafd2b30
[    5.566790] random 0025 0000 0000 00dab838 eafd2b30: urand_change_num 39 extract_buf: pool_sig 00000314, data_sig 00000121, bytes_mixed 20 00dab838 eafd2b30
[    5.566795] random 0025 0000 0000 5fcdf66a 6442b608: urand_change_num 40 extract_buf: pool_sig 0000028b, data_sig fffffefd, bytes_mixed 20 5fcdf66a 6442b608
[    5.566800] random 0025 0000 0000 61333f6b 8fae0f9b: urand_change_num 41 extract_buf: pool_sig 000000cb, data_sig 000000b3, bytes_mixed 20 61333f6b 8fae0f9b
[    5.566805] random 0025 0000 0000 61333f6b 8fae0f9b: urand_change_num 42 extract_buf: pool_sig fffffef8, data_sig 00000051, bytes_mixed 20 61333f6b 8fae0f9b
[    5.566808] BEGIN NET_SECRET:
[    5.566809] \xffffffe0
[    5.566810] \xffffffb6
[    5.566811] \x36
[    5.566812] \xffffffb5
[    5.566812] \xffffff94
[    5.566813] \xffffffb2
[    5.566814] \xffffffa8
[    5.566815] \xffffffda
[    5.566816] \x5b
[    5.566817] \x19
[    5.566817] \x18
[    5.566818] \x5c
[    5.566819] \x2b
[    5.566819] \x1
[    5.566820] \xffffff90
[    5.566821] \x19
[    5.566822] \x3c
[    5.566822] \xfffffff2
[    5.566823] \xffffff82
[    5.566824] \x2a
[    5.566825] \xffffffb3
[    5.566826] \xffffffa2
[    5.566826] \x3f
[    5.566827] \x5
[    5.566828] \x52
[    5.566829] \x77
[    5.566829] \x57
[    5.566830] \x79
[    5.566831] \x16
[    5.566831] \x43
[    5.566832] \xffffff84
[    5.566833] \xffffffc3
[    5.566834] \xffffffe9
[    5.566835] \x79
[    5.566835] \x50
[    5.566836] \xffffff8e
[    5.566837] \x3f
[    5.566838] \xfffffff3
[    5.566839] \x19
[    5.566839] \x2a
[    5.566840] \xfffffffd
[    5.566841] \xfffffffb
[    5.566842] \x62
[    5.566842] \x3c
[    5.566843] \xffffffac
[    5.566844] \x1c
[    5.566845] \x3b
[    5.566845] \x3b
[    5.566846] \x15
[    5.566847] \x27
[    5.566848] \xffffffa8
[    5.566848] \x22
[    5.566849] \xffffffc5
[    5.566850] \xffffff9a
[    5.566851] \x5
[    5.566851] \x6c
[    5.566852] \xffffffa8
[    5.566853] \x3a
[    5.566854] \x44
[    5.566854] \xffffffaf
[    5.566855] \x13
[    5.566856] \xffffffe0
[    5.566857] \xffffff9d
[    5.566858] \x22
[    5.566858] 
[    5.566859] END NET_SECRET
[    5.566862] random 0025 0000 0000 e7f555d9 e8ce5c3c: rand_read_num 9 get_random_bytes(4): sig 0000068c e7f555d9 e8ce5c3c
[    5.566864] random 0025 0000 0000 e7f555d9 e8ce5c3c: extract_entropy(.. 4 ..)
[    5.566866] random 0025 0000 0000 e7f555d9 e8ce5c3c: going to reseed nonblocking with 64 bits (32 of 0 requested)
[    5.566869] random 0025 0000 0000 e7f555d9 e8ce5c3c: extract_entropy(.. 8 ..)
[    5.566871] random 0025 0000 0000 e7f555d9 e8ce5c3c: trying to extract 64 bits from input
[    5.566873] random 0025 0000 0000 e7f555d9 e8ce5c3c: debiting 0 entropy credits from input
[    5.566875] random 0025 0000 0000 e7f555d9 e8ce5c3c: extract_entropy account returned: 0 
[    5.566878] random 0025 0000 0000 e7f555d9 e8ce5c3c: urand_change_num 43 xfer_secondary_pool(4): pool_sig 0000068c, data_sig 00000000, bytes_mixed 0 e7f555d9 e8ce5c3c
[    5.566881] random 0025 0000 0000 e7f555d9 e8ce5c3c: trying to extract 32 bits from nonblocking
[    5.566883] random 0025 0000 0000 e7f555d9 e8ce5c3c: debiting 32 entropy credits from nonblocking (unlimited)
[    5.566885] random 0025 0000 0000 e7f555d9 e8ce5c3c: extract_entropy account returned: 4 
[    5.566890] random 0025 0000 0000 e7f555d9 e8ce5c3c: urand_change_num 44 extract_buf: pool_sig 0000068c, data_sig fffffdcb, bytes_mixed 20 e7f555d9 e8ce5c3c
[    5.566900] md: Waiting for all devices to be available before autodetect
[    5.566993] md: If you don't use raid, use raid=noautodetect
[    5.567147] md: Autodetecting RAID arrays.
[    5.567242] md: Scanned 0 and added 0 devices.
[    5.567322] md: autorun ...
[    5.567407] md: ... autorun DONE.
[    5.580888] random 0025 0000 0000 e7f555d9 e8ce5c3c: add_disk_randomness(8:0) e7f555d9 e8ce5c3c
[    5.580891] random 0025 0000 0000 e7f555d9 e8ce5c3c: add_timer_randomness(.. 8388864) with jiffies: 14270603941375607188, cycles: -4176140136628617205
[    5.580894] random 0025 0000 0000 e7f555d9 e8ce5c3c: added 3 entropy credits to input
[    5.590334] random 0028 0000 0000 e7f555d9 e8ce5c3c: add_disk_randomness(8:0) e7f555d9 e8ce5c3c
[    5.590337] random 0028 0000 0000 e7f555d9 e8ce5c3c: add_timer_randomness(.. 8388864) with jiffies: 14355569101843956126, cycles: -4091174976160268277
[    5.590340] random 0028 0000 0000 e7f555d9 e8ce5c3c: added 2 entropy credits to input
[    5.597421] random 0030 0000 0000 e7f555d9 e8ce5c3c: add_disk_randomness(8:0) e7f555d9 e8ce5c3c
[    5.597424] random 0030 0000 0000 e7f555d9 e8ce5c3c: add_timer_randomness(.. 8388864) with jiffies: 14419324846221263269, cycles: -4027419231782961141
[    5.597427] random 0030 0000 0000 e7f555d9 e8ce5c3c: added 1 entropy credits to input
[    5.597432] EXT3-fs: sda2: couldn't mount because of unsupported optional features (240).
[    5.597652] random 0031 0000 0000 e7f555d9 e8ce5c3c: add_disk_randomness(8:0) e7f555d9 e8ce5c3c
[    5.597655] random 0031 0000 0000 e7f555d9 e8ce5c3c: add_timer_randomness(.. 8388864) with jiffies: 14421404864522977701, cycles: -4025339213481246709
[    5.597660] EXT2-fs: sda2: couldn't mount because of unsupported optional features (240).
[    5.597878] random 0031 0000 0000 e7f555d9 e8ce5c3c: add_disk_randomness(8:0) e7f555d9 e8ce5c3c
[    5.597881] random 0031 0000 0000 e7f555d9 e8ce5c3c: add_timer_randomness(.. 8388864) with jiffies: 14423441993281274277, cycles: -4023302084722950133
[    5.598013] random 0031 0000 0000 e7f555d9 e8ce5c3c: add_disk_randomness(8:0) e7f555d9 e8ce5c3c
[    5.598016] random 0031 0000 0000 e7f555d9 e8ce5c3c: add_timer_randomness(.. 8388864) with jiffies: 14424655690909581733, cycles: -4022088387094642677
[    5.598131] random 0031 0000 0000 e7f555d9 e8ce5c3c: add_disk_randomness(8:0) e7f555d9 e8ce5c3c
[    5.598134] random 0031 0000 0000 e7f555d9 e8ce5c3c: add_timer_randomness(.. 8388864) with jiffies: 14425718497746846117, cycles: -4021025580257378293
[    5.598253] random 0031 0000 0000 e7f555d9 e8ce5c3c: add_disk_randomness(8:0) e7f555d9 e8ce5c3c
[    5.598255] random 0031 0000 0000 e7f555d9 e8ce5c3c: add_timer_randomness(.. 8388864) with jiffies: 14426798797985907110, cycles: -4019945280018317301
[    5.598405] random 0031 0000 0000 e7f555d9 e8ce5c3c: add_disk_randomness(8:0) e7f555d9 e8ce5c3c
[    5.598408] random 0031 0000 0000 e7f555d9 e8ce5c3c: add_timer_randomness(.. 8388864) with jiffies: 14428175073011270054, cycles: -4018569004992954357
[    5.598526] random 0031 0000 0000 e7f555d9 e8ce5c3c: add_disk_randomness(8:0) e7f555d9 e8ce5c3c
[    5.598529] random 0031 0000 0000 e7f555d9 e8ce5c3c: add_timer_randomness(.. 8388864) with jiffies: 14429261059787030950, cycles: -4017483018217193461
[    5.598643] random 0031 0000 0000 e7f555d9 e8ce5c3c: add_disk_randomness(8:0) e7f555d9 e8ce5c3c
[    5.598646] random 0031 0000 0000 e7f555d9 e8ce5c3c: add_timer_randomness(.. 8388864) with jiffies: 14430322419220316582, cycles: -4016421658783907829
[    5.598755] random 0031 0000 0000 e7f555d9 e8ce5c3c: add_disk_randomness(8:0) e7f555d9 e8ce5c3c
[    5.598758] random 0031 0000 0000 e7f555d9 e8ce5c3c: add_timer_randomness(.. 8388864) with jiffies: 14431327454452482470, cycles: -4015416623551741941
[    5.598997] random 0031 0000 0000 e7f555d9 e8ce5c3c: rand_read_num 10 get_random_bytes(4): sig ffffff72 e7f555d9 e8ce5c3c
[    5.598999] random 0031 0000 0000 e7f555d9 e8ce5c3c: extract_entropy(.. 4 ..)
[    5.599002] random 0031 0000 0000 e7f555d9 e8ce5c3c: going to reseed nonblocking with 64 bits (32 of 0 requested)
[    5.599004] random 0031 0000 0000 e7f555d9 e8ce5c3c: extract_entropy(.. 8 ..)
[    5.599006] random 0031 0000 0000 e7f555d9 e8ce5c3c: trying to extract 64 bits from input
[    5.599008] random 0031 0000 0000 e7f555d9 e8ce5c3c: debiting 0 entropy credits from input
[    5.599010] random 0031 0000 0000 e7f555d9 e8ce5c3c: extract_entropy account returned: 0 
[    5.599013] random 0031 0000 0000 e7f555d9 e8ce5c3c: urand_change_num 45 xfer_secondary_pool(4): pool_sig ffffff72, data_sig 00000000, bytes_mixed 0 e7f555d9 e8ce5c3c
[    5.599016] random 0031 0000 0000 e7f555d9 e8ce5c3c: trying to extract 32 bits from nonblocking
[    5.599019] random 0031 0000 0000 e7f555d9 e8ce5c3c: debiting 32 entropy credits from nonblocking (unlimited)
[    5.599021] random 0031 0000 0000 e7f555d9 e8ce5c3c: extract_entropy account returned: 4 
[    5.599025] random 0031 0000 0000 e7f555d9 e8ce5c3c: urand_change_num 46 extract_buf: pool_sig ffffff72, data_sig ffffff72, bytes_mixed 20 e7f555d9 e8ce5c3c
[    5.603662] random 0031 0000 0000 91716c54 eeb6a1e7: add_disk_randomness(8:0) 91716c54 eeb6a1e7
[    5.603665] random 0031 0000 0000 91716c54 eeb6a1e7: add_timer_randomness(.. 8388864) with jiffies: 14475470084643717547, cycles: -3971273993360506869
[    5.603668] random 0031 0000 0000 91716c54 eeb6a1e7: added 2 entropy credits to input
[    5.621934] random 0033 0000 0000 91716c54 eeb6a1e7: add_disk_randomness(8:0) 91716c54 eeb6a1e7
[    5.621937] random 0033 0000 0000 91716c54 eeb6a1e7: add_timer_randomness(.. 8388864) with jiffies: 14639845071541469629, cycles: -3806899006462754805
[    5.621940] random 0033 0000 0000 91716c54 eeb6a1e7: added 3 entropy credits to input
[    5.626688] EXT4-fs (sda2): mounted filesystem with ordered data mode
[    5.626870] VFS: Mounted root (ext4 filesystem) readonly on device 8:2.
[    5.626974] Freeing unused kernel memory: 448k freed
[    5.647093] random 0036 0000 0000 91716c54 eeb6a1e7: add_disk_randomness(8:0) 91716c54 eeb6a1e7
[    5.647096] random 0036 0000 0000 91716c54 eeb6a1e7: add_timer_randomness(.. 8388864) with jiffies: 14866169391111438806, cycles: -3580574686892785653
[    5.647099] random 0036 0000 0000 91716c54 eeb6a1e7: added 2 entropy credits to input
[    5.647866] random 0038 0000 0000 91716c54 eeb6a1e7: add_disk_randomness(8:0) 91716c54 eeb6a1e7
[    5.647869] random 0038 0000 0000 91716c54 eeb6a1e7: add_timer_randomness(.. 8388864) with jiffies: 14873119494304924119, cycles: -3573624583699300341
[    5.652557] random 0038 0000 0000 91716c54 eeb6a1e7: add_disk_randomness(8:0) 91716c54 eeb6a1e7
[    5.652560] random 0038 0000 0000 91716c54 eeb6a1e7: add_timer_randomness(.. 8388864) with jiffies: 14915316452771463644, cycles: -3531427625232760821
[    5.652563] random 0038 0000 0000 91716c54 eeb6a1e7: added 2 entropy credits to input
[    5.660752] random 0040 0000 0000 91716c54 eeb6a1e7: add_disk_randomness(8:0) 91716c54 eeb6a1e7
[    5.660755] random 0040 0000 0000 91716c54 eeb6a1e7: add_timer_randomness(.. 8388864) with jiffies: 14989039390313644516, cycles: -3457704687690579957
[    5.664171] random 0040 0000 0000 91716c54 eeb6a1e7: add_disk_randomness(8:0) 91716c54 eeb6a1e7
[    5.664174] random 0040 0000 0000 91716c54 eeb6a1e7: add_timer_randomness(.. 8388864) with jiffies: 15019800659052167655, cycles: -3426943418952056821
[    5.664177] random 0040 0000 0000 91716c54 eeb6a1e7: added 1 entropy credits to input
[    5.673071] random 0041 0000 0000 91716c54 eeb6a1e7: add_disk_randomness(8:0) 91716c54 eeb6a1e7
[    5.673074] random 0041 0000 0000 91716c54 eeb6a1e7: add_timer_randomness(.. 8388864) with jiffies: 15099865519533818352, cycles: -3346878558470406133
[    5.673077] random 0041 0000 0000 91716c54 eeb6a1e7: added 2 entropy credits to input
[    5.686354] random 0043 0000 0000 91716c54 eeb6a1e7: add_disk_randomness(8:0) 91716c54 eeb6a1e7
[    5.686357] random 0043 0000 0000 91716c54 eeb6a1e7: add_timer_randomness(.. 8388864) with jiffies: 15219345565473800702, cycles: -3227398512530423797
[    5.694431] random 0043 0000 0000 91716c54 eeb6a1e7: add_disk_randomness(8:0) 91716c54 eeb6a1e7
[    5.694433] random 0043 0000 0000 91716c54 eeb6a1e7: add_timer_randomness(.. 8388864) with jiffies: 15291997217913274886, cycles: -3154746860090949621
[    5.694436] random 0043 0000 0000 91716c54 eeb6a1e7: added 2 entropy credits to input
[    5.694459] RANDOM get_random_int call with cycles 50805140368, jiffies 4294672902 and pid 1
[    5.694462] RANDOM get_random_int call with cycles 50805147225, jiffies 4294672902 and pid 1
[    5.694464] ASLR stack rand value: 8126464 after shift for pid: 1
[    5.694466] RANDOM get_random_int call with cycles 50805155184, jiffies 4294672902 and pid 1
[    5.706078] random 0045 0000 0000 91716c54 eeb6a1e7: add_disk_randomness(8:0) 91716c54 eeb6a1e7
[    5.706081] random 0045 0000 0000 91716c54 eeb6a1e7: add_timer_randomness(.. 8388864) with jiffies: 15396789257384985105, cycles: -3049954820619239413
[    5.706084] random 0045 0000 0000 91716c54 eeb6a1e7: added 1 entropy credits to input
[    5.706094] RANDOM get_random_int call with cycles 50829513346, jiffies 4294672913 and pid 1
[    5.706097] random 0046 0000 0000 91716c54 eeb6a1e7: rand_read_num 11 get_random_bytes(16): sig fffffcad 91716c54 eeb6a1e7
[    5.706100] random 0046 0000 0000 91716c54 eeb6a1e7: extract_entropy(.. 16 ..)
[    5.706102] random 0046 0000 0000 91716c54 eeb6a1e7: going to reseed nonblocking with 128 bits (128 of 0 requested)
[    5.706104] random 0046 0000 0000 91716c54 eeb6a1e7: extract_entropy(.. 16 ..)
[    5.706106] random 0046 0000 0000 91716c54 eeb6a1e7: trying to extract 128 bits from input
[    5.706109] random 0046 0000 0000 91716c54 eeb6a1e7: debiting 0 entropy credits from input
[    5.706111] random 0046 0000 0000 91716c54 eeb6a1e7: extract_entropy account returned: 0 
[    5.706114] random 0046 0000 0000 91716c54 eeb6a1e7: urand_change_num 47 xfer_secondary_pool(16): pool_sig fffffcad, data_sig 00000000, bytes_mixed 0 91716c54 eeb6a1e7
[    5.706117] random 0046 0000 0000 91716c54 eeb6a1e7: trying to extract 128 bits from nonblocking
[    5.706119] random 0046 0000 0000 91716c54 eeb6a1e7: debiting 128 entropy credits from nonblocking (unlimited)
[    5.706122] random 0046 0000 0000 91716c54 eeb6a1e7: extract_entropy account returned: 16 
[    5.706126] random 0046 0000 0000 91716c54 eeb6a1e7: urand_change_num 48 extract_buf: pool_sig fffffcad, data_sig ffffff19, bytes_mixed 20 91716c54 eeb6a1e7
[    5.706131] random 0046 0000 0000 fd637b06 6cf47bc1: urand_change_num 49 extract_buf: pool_sig fffffede, data_sig ffffffc1, bytes_mixed 20 fd637b06 6cf47bc1
[    5.707094] random 0046 0000 0000 fd637b06 6cf47bc1: add_disk_randomness(8:0) fd637b06 6cf47bc1
[    5.707097] random 0046 0000 0000 fd637b06 6cf47bc1: add_timer_randomness(.. 8388864) with jiffies: 15405929007920415250, cycles: -3040815070083809269
[    5.708227] random 0046 0000 0000 fd637b06 6cf47bc1: add_disk_randomness(8:0) fd637b06 6cf47bc1
[    5.708229] random 0046 0000 0000 fd637b06 6cf47bc1: add_timer_randomness(.. 8388864) with jiffies: 15416099679455904276, cycles: -3030644398548320245
[    5.709385] random 0046 0000 0000 fd637b06 6cf47bc1: add_disk_randomness(8:0) fd637b06 6cf47bc1
[    5.709388] random 0046 0000 0000 fd637b06 6cf47bc1: add_timer_randomness(.. 8388864) with jiffies: 15426520592965927445, cycles: -3020223485038297077
[    5.710261] random 0046 0000 0000 fd637b06 6cf47bc1: add_disk_randomness(8:0) fd637b06 6cf47bc1
[    5.710264] random 0046 0000 0000 fd637b06 6cf47bc1: add_timer_randomness(.. 8388864) with jiffies: 15434403936718258710, cycles: -3012340141285965813
[    5.719076] random 0046 0000 0000 fd637b06 6cf47bc1: add_disk_randomness(8:0) fd637b06 6cf47bc1
[    5.719079] random 0046 0000 0000 fd637b06 6cf47bc1: add_timer_randomness(.. 8388864) with jiffies: 15513715584490242590, cycles: -2933028493513981941
[    5.719082] random 0046 0000 0000 fd637b06 6cf47bc1: added 2 entropy credits to input
[    5.719278] random 0048 0000 0000 fd637b06 6cf47bc1: add_disk_randomness(8:0) fd637b06 6cf47bc1
[    5.719281] random 0048 0000 0000 fd637b06 6cf47bc1: add_timer_randomness(.. 8388864) with jiffies: 15515518478617117215, cycles: -2931225599387107317
[    5.729472] random 0048 0000 0000 fd637b06 6cf47bc1: add_disk_randomness(8:0) fd637b06 6cf47bc1
[    5.729475] random 0048 0000 0000 fd637b06 6cf47bc1: add_timer_randomness(.. 8388864) with jiffies: 15607226793574761001, cycles: -2839517284429463541
[    5.729478] random 0048 0000 0000 fd637b06 6cf47bc1: added 3 entropy credits to input
[    5.729902] random 0051 0000 0000 fd637b06 6cf47bc1: add_disk_randomness(8:0) fd637b06 6cf47bc1
[    5.729906] random 0051 0000 0000 fd637b06 6cf47bc1: add_timer_randomness(.. 8388864) with jiffies: 15611102851235545641, cycles: -2835641226768678901
[    5.739645] random 0051 0000 0000 fd637b06 6cf47bc1: add_disk_randomness(8:0) fd637b06 6cf47bc1
[    5.739648] random 0051 0000 0000 fd637b06 6cf47bc1: add_timer_randomness(.. 8388864) with jiffies: 15698743626005447219, cycles: -2748000451998777333
[    5.739651] random 0051 0000 0000 fd637b06 6cf47bc1: added 3 entropy credits to input
[    5.739703] RANDOM get_random_int call with cycles 50899905588, jiffies 4294672947 and pid 1
[    5.744416] random 0054 0000 0000 fd637b06 6cf47bc1: add_disk_randomness(8:0) fd637b06 6cf47bc1
[    5.744419] random 0054 0000 0000 fd637b06 6cf47bc1: add_timer_randomness(.. 8388864) with jiffies: 15741653750906585656, cycles: -2705090327097638901
[    5.744422] random 0054 0000 0000 fd637b06 6cf47bc1: added 2 entropy credits to input
[    5.757081] random 0056 0000 0000 fd637b06 6cf47bc1: add_disk_randomness(8:0) fd637b06 6cf47bc1
[    5.757084] random 0056 0000 0000 fd637b06 6cf47bc1: add_timer_randomness(.. 8388864) with jiffies: 15855595054266286660, cycles: -2591149023737937909
[    5.757087] random 0056 0000 0000 fd637b06 6cf47bc1: added 2 entropy credits to input
[    5.757225] random 0058 0000 0000 fd637b06 6cf47bc1: add_disk_randomness(8:0) fd637b06 6cf47bc1
[    5.757228] random 0058 0000 0000 fd637b06 6cf47bc1: add_timer_randomness(.. 8388864) with jiffies: 15856879782063735365, cycles: -2589864295940489205
[    5.759386] random 0058 0000 0000 fd637b06 6cf47bc1: add_disk_randomness(8:0) fd637b06 6cf47bc1
[    5.759389] random 0058 0000 0000 fd637b06 6cf47bc1: add_timer_randomness(.. 8388864) with jiffies: 15876320895694504519, cycles: -2570423182309720053
[    5.759631] random 0058 0000 0000 fd637b06 6cf47bc1: add_disk_randomness(8:0) fd637b06 6cf47bc1
[    5.759634] random 0058 0000 0000 fd637b06 6cf47bc1: add_timer_randomness(.. 8388864) with jiffies: 15878532640643187271, cycles: -2568211437361037301
[    5.759773] random 0058 0000 0000 fd637b06 6cf47bc1: add_disk_randomness(8:0) fd637b06 6cf47bc1
[    5.759776] random 0058 0000 0000 fd637b06 6cf47bc1: add_timer_randomness(.. 8388864) with jiffies: 15879806635317363271, cycles: -2566937442686861301
[    5.762936] random 0058 0000 0000 fd637b06 6cf47bc1: add_disk_randomness(8:0) fd637b06 6cf47bc1
[    5.762939] random 0058 0000 0000 fd637b06 6cf47bc1: add_timer_randomness(.. 8388864) with jiffies: 15908265964793987658, cycles: -2538478113210236917
[    5.762942] random 0058 0000 0000 fd637b06 6cf47bc1: added 1 entropy credits to input
[    5.764950] random 0059 0000 0000 fd637b06 6cf47bc1: add_disk_randomness(8:0) fd637b06 6cf47bc1
[    5.764953] random 0059 0000 0000 fd637b06 6cf47bc1: add_timer_randomness(.. 8388864) with jiffies: 15926383206295372364, cycles: -2520360871708852213
[    5.772784] random 0059 0000 0000 fd637b06 6cf47bc1: add_disk_randomness(8:0) fd637b06 6cf47bc1
[    5.772787] random 0059 0000 0000 fd637b06 6cf47bc1: add_timer_randomness(.. 8388864) with jiffies: 15996849721108562516, cycles: -2449894356895662069
[    5.772789] random 0059 0000 0000 fd637b06 6cf47bc1: added 2 entropy credits to input
[    5.772920] random 0061 0000 0000 fd637b06 6cf47bc1: add_disk_randomness(8:0) fd637b06 6cf47bc1
[    5.772923] random 0061 0000 0000 fd637b06 6cf47bc1: add_timer_randomness(.. 8388864) with jiffies: 15998080018785469012, cycles: -2448664059218755573
[    5.776483] random 0061 0000 0000 fd637b06 6cf47bc1: add_disk_randomness(8:0) fd637b06 6cf47bc1
[    5.776486] random 0061 0000 0000 fd637b06 6cf47bc1: add_timer_randomness(.. 8388864) with jiffies: 16030123485585703512, cycles: -2416620592418521077
[    5.776489] random 0061 0000 0000 fd637b06 6cf47bc1: added 2 entropy credits to input
[    5.780979] random 0063 0000 0000 fd637b06 6cf47bc1: add_disk_randomness(8:0) fd637b06 6cf47bc1
[    5.780982] random 0063 0000 0000 fd637b06 6cf47bc1: add_timer_randomness(.. 8388864) with jiffies: 16070573380205249116, cycles: -2376170697798975477
[    5.786560] random 0063 0000 0000 fd637b06 6cf47bc1: add_disk_randomness(8:0) fd637b06 6cf47bc1
[    5.786563] random 0063 0000 0000 fd637b06 6cf47bc1: add_timer_randomness(.. 8388864) with jiffies: 16120772876356518498, cycles: -2325971201647706101
[    5.786566] random 0063 0000 0000 fd637b06 6cf47bc1: added 1 entropy credits to input
[    5.792834] random 0064 0000 0000 fd637b06 6cf47bc1: add_disk_randomness(8:0) fd637b06 6cf47bc1
[    5.792838] random 0064 0000 0000 fd637b06 6cf47bc1: add_timer_randomness(.. 8388864) with jiffies: 16177224006644761192, cycles: -2269520071359463413
[    5.792851] random 0064 0000 0000 fd637b06 6cf47bc1: rand_read_num 12 get_random_bytes(16): sig 0000033b fd637b06 6cf47bc1
[    5.792853] random 0064 0000 0000 fd637b06 6cf47bc1: extract_entropy(.. 16 ..)
[    5.792856] random 0064 0000 0000 fd637b06 6cf47bc1: going to reseed nonblocking with 128 bits (128 of 0 requested)
[    5.792858] random 0064 0000 0000 fd637b06 6cf47bc1: extract_entropy(.. 16 ..)
[    5.792860] random 0064 0000 0000 fd637b06 6cf47bc1: trying to extract 128 bits from input
[    5.792862] random 0064 0000 0000 fd637b06 6cf47bc1: debiting 0 entropy credits from input
[    5.792864] random 0064 0000 0000 fd637b06 6cf47bc1: extract_entropy account returned: 0 
[    5.792868] random 0064 0000 0000 fd637b06 6cf47bc1: urand_change_num 50 xfer_secondary_pool(16): pool_sig 0000033b, data_sig 00000000, bytes_mixed 0 fd637b06 6cf47bc1
[    5.792871] random 0064 0000 0000 fd637b06 6cf47bc1: trying to extract 128 bits from nonblocking
[    5.792873] random 0064 0000 0000 fd637b06 6cf47bc1: debiting 128 entropy credits from nonblocking (unlimited)
[    5.792875] random 0064 0000 0000 fd637b06 6cf47bc1: extract_entropy account returned: 16 
[    5.792879] random 0064 0000 0000 fd637b06 6cf47bc1: urand_change_num 51 extract_buf: pool_sig 0000033b, data_sig 000000d8, bytes_mixed 20 fd637b06 6cf47bc1
[    5.792885] random 0064 0000 0000 0ec1f012 d4727ca8: urand_change_num 52 extract_buf: pool_sig fffffcf5, data_sig 00000016, bytes_mixed 20 0ec1f012 d4727ca8
[    5.799584] random 0064 0000 0000 45b1d0b1 845a73f7: add_disk_randomness(8:0) 45b1d0b1 845a73f7
[    5.799587] random 0064 0000 0000 45b1d0b1 845a73f7: add_timer_randomness(.. 8388864) with jiffies: 16237939077385257583, cycles: -2208805000618967029
[    5.806804] random 0064 0000 0000 45b1d0b1 845a73f7: add_disk_randomness(8:0) 45b1d0b1 845a73f7
[    5.806807] random 0064 0000 0000 45b1d0b1 845a73f7: add_timer_randomness(.. 8388864) with jiffies: 16302888633692291702, cycles: -2143855444311932917
[    5.816452] random 0064 0000 0000 45b1d0b1 845a73f7: add_disk_randomness(8:0) 45b1d0b1 845a73f7
[    5.816455] random 0064 0000 0000 45b1d0b1 845a73f7: add_timer_randomness(.. 8388864) with jiffies: 16389677750807134848, cycles: -2057066327197089781
[    5.816458] random 0064 0000 0000 45b1d0b1 845a73f7: added 1 entropy credits to input
[    5.824235] random 0065 0000 0000 45b1d0b1 845a73f7: add_disk_randomness(8:0) 45b1d0b1 845a73f7
[    5.824238] random 0065 0000 0000 45b1d0b1 845a73f7: add_timer_randomness(.. 8388864) with jiffies: 16459688921777537672, cycles: -1987055156226686965
[    5.824241] random 0065 0000 0000 45b1d0b1 845a73f7: added 1 entropy credits to input
[    5.827379] random 0066 0000 0000 45b1d0b1 845a73f7: add_disk_randomness(8:0) 45b1d0b1 845a73f7
[    5.827382] random 0066 0000 0000 45b1d0b1 845a73f7: add_timer_randomness(.. 8388864) with jiffies: 16487969258492101259, cycles: -1958774819512123381
[    5.827385] random 0066 0000 0000 45b1d0b1 845a73f7: added 1 entropy credits to input
[    5.841646] random 0067 0000 0000 45b1d0b1 845a73f7: add_disk_randomness(8:0) 45b1d0b1 845a73f7
[    5.841649] random 0067 0000 0000 45b1d0b1 845a73f7: add_timer_randomness(.. 8388864) with jiffies: 16616315405421216409, cycles: -1830428672583008245
[    5.841652] random 0067 0000 0000 45b1d0b1 845a73f7: added 3 entropy credits to input
[    5.847041] random 0070 0000 0000 45b1d0b1 845a73f7: add_disk_randomness(8:0) 45b1d0b1 845a73f7
[    5.847044] random 0070 0000 0000 45b1d0b1 845a73f7: add_timer_randomness(.. 8388864) with jiffies: 16664854106438599326, cycles: -1781889971565625333
[    5.847046] random 0070 0000 0000 45b1d0b1 845a73f7: added 2 entropy credits to input
[    5.852219] random 0072 0000 0000 45b1d0b1 845a73f7: add_disk_randomness(8:0) 45b1d0b1 845a73f7
[    5.852222] random 0072 0000 0000 45b1d0b1 845a73f7: add_timer_randomness(.. 8388864) with jiffies: 16711422602878091940, cycles: -1735321475126132725
[    5.860447] random 0072 0000 0000 45b1d0b1 845a73f7: add_disk_randomness(8:0) 45b1d0b1 845a73f7
[    5.860450] random 0072 0000 0000 45b1d0b1 845a73f7: add_timer_randomness(.. 8388864) with jiffies: 16785446201015894700, cycles: -1661297876988329973
[    5.870049] random 0072 0000 0000 45b1d0b1 845a73f7: add_disk_randomness(8:0) 45b1d0b1 845a73f7
[    5.870052] random 0072 0000 0000 45b1d0b1 845a73f7: add_timer_randomness(.. 8388864) with jiffies: 16871834812430385845, cycles: -1574909265573838837
[    5.889554] random 0072 0000 0000 45b1d0b1 845a73f7: add_disk_randomness(8:0) 45b1d0b1 845a73f7
[    5.889557] random 0072 0000 0000 45b1d0b1 845a73f7: add_timer_randomness(.. 8388864) with jiffies: 17047284711803290313, cycles: -1399459366200934389
[    5.889560] random 0072 0000 0000 45b1d0b1 845a73f7: added 3 entropy credits to input
[    5.902840] random 0075 0000 0000 45b1d0b1 845a73f7: add_disk_randomness(8:0) 45b1d0b1 845a73f7
[    5.902843] random 0075 0000 0000 45b1d0b1 845a73f7: add_timer_randomness(.. 8388864) with jiffies: 17166813192089469654, cycles: -1279930885914755061
[    5.902846] random 0075 0000 0000 45b1d0b1 845a73f7: added 2 entropy credits to input
[    5.910858] random 0077 0000 0000 45b1d0b1 845a73f7: add_disk_randomness(8:0) 45b1d0b1 845a73f7
[    5.910861] random 0077 0000 0000 45b1d0b1 845a73f7: add_timer_randomness(.. 8388864) with jiffies: 17238939780482040542, cycles: -1207804297522184181
[    5.910864] random 0077 0000 0000 45b1d0b1 845a73f7: added 1 entropy credits to input
[    5.920876] random 0078 0000 0000 45b1d0b1 845a73f7: add_disk_randomness(8:0) 45b1d0b1 845a73f7
[    5.920879] random 0078 0000 0000 45b1d0b1 845a73f7: add_timer_randomness(.. 8388864) with jiffies: 17329060181605843688, cycles: -1117683896398381045
[    5.920882] random 0078 0000 0000 45b1d0b1 845a73f7: added 1 entropy credits to input
[    5.933764] random 0079 0000 0000 45b1d0b1 845a73f7: add_disk_randomness(8:0) 45b1d0b1 845a73f7
[    5.933767] random 0079 0000 0000 45b1d0b1 845a73f7: add_timer_randomness(.. 8388864) with jiffies: 17444997077095121653, cycles: -1001747000909103093
[    5.941121] random 0079 0000 0000 45b1d0b1 845a73f7: add_disk_randomness(8:0) 45b1d0b1 845a73f7
[    5.941124] random 0079 0000 0000 45b1d0b1 845a73f7: add_timer_randomness(.. 8388864) with jiffies: 17511182342737855228, cycles: -935561735266369525
[    5.941127] random 0079 0000 0000 45b1d0b1 845a73f7: added 2 entropy credits to input
[    5.946415] random 0081 0000 0000 45b1d0b1 845a73f7: add_disk_randomness(8:0) 45b1d0b1 845a73f7
[    5.946418] random 0081 0000 0000 45b1d0b1 845a73f7: add_timer_randomness(.. 8388864) with jiffies: 17558793347999171330, cycles: -887950730005053429
[    5.952813] random 0081 0000 0000 45b1d0b1 845a73f7: add_disk_randomness(8:0) 45b1d0b1 845a73f7
[    5.952816] random 0081 0000 0000 45b1d0b1 845a73f7: add_timer_randomness(.. 8388864) with jiffies: 17616351166805541640, cycles: -830392911198683125
[    5.957873] random 0081 0000 0000 45b1d0b1 845a73f7: add_disk_randomness(8:0) 45b1d0b1 845a73f7
[    5.957876] random 0081 0000 0000 45b1d0b1 845a73f7: add_timer_randomness(.. 8388864) with jiffies: 17661875707019232013, cycles: -784868370984992757
[    5.963770] random 0081 0000 0000 45b1d0b1 845a73f7: add_disk_randomness(8:0) 45b1d0b1 845a73f7
[    5.963773] random 0081 0000 0000 45b1d0b1 845a73f7: add_timer_randomness(.. 8388864) with jiffies: 17714922006278538003, cycles: -731822071725686773
[    5.973120] random 0081 0000 0000 45b1d0b1 845a73f7: add_disk_randomness(8:0) 45b1d0b1 845a73f7
[    5.973123] random 0081 0000 0000 45b1d0b1 845a73f7: add_timer_randomness(.. 8388864) with jiffies: 17799034740292682524, cycles: -647709337711542261
[    5.973126] random 0081 0000 0000 45b1d0b1 845a73f7: added 1 entropy credits to input
[    5.978007] random 0082 0000 0000 45b1d0b1 845a73f7: add_disk_randomness(8:0) 45b1d0b1 845a73f7
[    5.978010] random 0082 0000 0000 45b1d0b1 845a73f7: add_timer_randomness(.. 8388864) with jiffies: 17843001087846220577, cycles: -603742990158004213
[    5.978013] random 0082 0000 0000 45b1d0b1 845a73f7: added 2 entropy credits to input
[    5.985437] random 0084 0000 0000 45b1d0b1 845a73f7: add_disk_randomness(8:0) 45b1d0b1 845a73f7
[    5.985440] random 0084 0000 0000 45b1d0b1 845a73f7: add_timer_randomness(.. 8388864) with jiffies: 17909827360178012969, cycles: -536916717826211829
[    5.985443] random 0084 0000 0000 45b1d0b1 845a73f7: added 1 entropy credits to input
[    5.991653] random 0085 0000 0000 45b1d0b1 845a73f7: add_disk_randomness(8:0) 45b1d0b1 845a73f7
[    5.991656] random 0085 0000 0000 45b1d0b1 845a73f7: add_timer_randomness(.. 8388864) with jiffies: 17965751081367208751, cycles: -480992996637016053
[    5.991659] random 0085 0000 0000 45b1d0b1 845a73f7: added 1 entropy credits to input
[    5.991807] random 0086 0000 0000 45b1d0b1 845a73f7: add_disk_randomness(8:0) 45b1d0b1 845a73f7
[    5.991810] random 0086 0000 0000 45b1d0b1 845a73f7: add_timer_randomness(.. 8388864) with jiffies: 17967134842520568623, cycles: -479609235483656181
[    6.006215] random 0086 0000 0000 45b1d0b1 845a73f7: add_disk_randomness(8:0) 45b1d0b1 845a73f7
[    6.006218] random 0086 0000 0000 45b1d0b1 845a73f7: add_timer_randomness(.. 8388864) with jiffies: 18096756066455618365, cycles: -349988011548606453
[    6.006221] random 0086 0000 0000 45b1d0b1 845a73f7: added 3 entropy credits to input
[    6.013639] random 0089 0000 0000 45b1d0b1 845a73f7: add_disk_randomness(8:0) 45b1d0b1 845a73f7
[    6.013642] random 0089 0000 0000 45b1d0b1 845a73f7: add_timer_randomness(.. 8388864) with jiffies: 18163530391157965637, cycles: -283213686846259189
[    6.013645] random 0089 0000 0000 45b1d0b1 845a73f7: added 2 entropy credits to input
[    6.023322] random 0091 0000 0000 45b1d0b1 845a73f7: add_disk_randomness(8:0) 45b1d0b1 845a73f7
[    6.023325] random 0091 0000 0000 45b1d0b1 845a73f7: add_timer_randomness(.. 8388864) with jiffies: 18250626890492248911, cycles: -196117187511975925
[    6.023327] random 0091 0000 0000 45b1d0b1 845a73f7: added 1 entropy credits to input
[    6.033947] random 0092 0000 0000 45b1d0b1 845a73f7: add_disk_randomness(8:0) 45b1d0b1 845a73f7
[    6.033950] random 0092 0000 0000 45b1d0b1 845a73f7: add_timer_randomness(.. 8388864) with jiffies: 18346218972576973657, cycles: -100525105427251189
[    6.046473] random 0092 0000 0000 45b1d0b1 845a73f7: add_disk_randomness(8:0) 45b1d0b1 845a73f7
[    6.046476] random 0092 0000 0000 45b1d0b1 845a73f7: add_timer_randomness(.. 8388864) with jiffies: 12148881932125030, cycles: 12148877637451788
[    6.046479] random 0092 0000 0000 45b1d0b1 845a73f7: added 1 entropy credits to input
[    6.047684] random 0093 0000 0000 45b1d0b1 845a73f7: add_disk_randomness(8:0) 45b1d0b1 845a73f7
[    6.047687] random 0093 0000 0000 45b1d0b1 845a73f7: add_timer_randomness(.. 8388864) with jiffies: 23043315586532199, cycles: 23043311291858956
[    6.051697] random 0093 0000 0000 45b1d0b1 845a73f7: add_disk_randomness(8:0) 45b1d0b1 845a73f7
[    6.051700] random 0093 0000 0000 45b1d0b1 845a73f7: add_timer_randomness(.. 8388864) with jiffies: 59142867896730475, cycles: 59142863602057228
[    6.051702] random 0093 0000 0000 45b1d0b1 845a73f7: added 1 entropy credits to input
[    6.061039] random 0094 0000 0000 45b1d0b1 845a73f7: add_disk_randomness(8:0) 45b1d0b1 845a73f7
[    6.061042] random 0094 0000 0000 45b1d0b1 845a73f7: add_timer_randomness(.. 8388864) with jiffies: 143188591831122804, cycles: 143188587536449548
[    6.061044] random 0094 0000 0000 45b1d0b1 845a73f7: added 1 entropy credits to input
[    6.061388] random 0095 0000 0000 45b1d0b1 845a73f7: add_disk_randomness(8:0) 45b1d0b1 845a73f7
[    6.061391] random 0095 0000 0000 45b1d0b1 845a73f7: add_timer_randomness(.. 8388864) with jiffies: 146321534250353525, cycles: 146321529955680268
[    6.077051] random 0095 0000 0000 45b1d0b1 845a73f7: add_disk_randomness(8:0) 45b1d0b1 845a73f7
[    6.077054] random 0095 0000 0000 45b1d0b1 845a73f7: add_timer_randomness(.. 8388864) with jiffies: 287227419683423108, cycles: 287227415388749836
[    6.077056] random 0095 0000 0000 45b1d0b1 845a73f7: added 3 entropy credits to input
[    6.078679] random 0098 0000 0000 45b1d0b1 845a73f7: add_disk_randomness(8:0) 45b1d0b1 845a73f7
[    6.078682] random 0098 0000 0000 45b1d0b1 845a73f7: add_timer_randomness(.. 8388864) with jiffies: 301872540903244678, cycles: 301872536608571404
[    6.078685] random 0098 0000 0000 45b1d0b1 845a73f7: added 1 entropy credits to input
[    6.078829] random 0099 0000 0000 45b1d0b1 845a73f7: add_disk_randomness(8:0) 45b1d0b1 845a73f7
[    6.078832] random 0099 0000 0000 45b1d0b1 845a73f7: add_timer_randomness(.. 8388864) with jiffies: 303224643852665734, cycles: 303224639557992460
[    6.089710] random 0099 0000 0000 45b1d0b1 845a73f7: add_disk_randomness(8:0) 45b1d0b1 845a73f7
[    6.089713] random 0099 0000 0000 45b1d0b1 845a73f7: add_timer_randomness(.. 8388864) with jiffies: 401100626336646033, cycles: 401100622041972748
[    6.089716] random 0099 0000 0000 45b1d0b1 845a73f7: added 3 entropy credits to input
[    6.090273] random 0102 0000 0000 45b1d0b1 845a73f7: add_disk_randomness(8:0) 45b1d0b1 845a73f7
[    6.090277] random 0102 0000 0000 45b1d0b1 845a73f7: add_timer_randomness(.. 8388864) with jiffies: 406164092130919314, cycles: 406164087836246028
[    6.095504] random 0102 0000 0000 45b1d0b1 845a73f7: add_disk_randomness(8:0) 45b1d0b1 845a73f7
[    6.095507] random 0102 0000 0000 45b1d0b1 845a73f7: add_timer_randomness(.. 8388864) with jiffies: 453223018001040279, cycles: 453223013706366988
[    6.095510] random 0102 0000 0000 45b1d0b1 845a73f7: added 2 entropy credits to input
[    6.097261] random 0104 0000 0000 45b1d0b1 845a73f7: add_disk_randomness(8:0) 45b1d0b1 845a73f7
[    6.097264] random 0104 0000 0000 45b1d0b1 845a73f7: add_timer_randomness(.. 8388864) with jiffies: 469020599205462937, cycles: 469020594910789644
[    6.097266] random 0104 0000 0000 45b1d0b1 845a73f7: added 1 entropy credits to input
