[    0.000000] random 0000 0000 0000 00000000 00000000: rand_read_num 1 get_random_bytes(8): sig 00000000 00000000 00000000
[    0.000000] random 0000 0000 0000 00000000 00000000: extract_entropy(.. 8 ..)
[    0.000000] random 0000 0000 0000 00000000 00000000: going to reseed nonblocking with 64 bits (64 of 0 requested)
[    0.000000] random 0000 0000 0000 00000000 00000000: extract_entropy(.. 8 ..)
[    0.000000] random 0000 0000 0000 00000000 00000000: trying to extract 64 bits from input
[    0.000000] random 0000 0000 0000 00000000 00000000: debiting 0 entropy credits from input
[    0.000000] random 0000 0000 0000 00000000 00000000: extract_entropy account returned: 0 
[    0.000000] random 0000 0000 0000 00000000 00000000: urand_change_num 1 xfer_secondary_pool(8): pool_sig 00000000, data_sig 00000000, bytes_mixed 0 00000000 00000000
[    0.000000] random 0000 0000 0000 00000000 00000000: trying to extract 64 bits from nonblocking
[    0.000000] random 0000 0000 0000 00000000 00000000: debiting 64 entropy credits from nonblocking (unlimited)
[    0.000000] random 0000 0000 0000 00000000 00000000: extract_entropy account returned: 8 
[    0.000000] random 0000 0000 0000 00000000 00000000: urand_change_num 2 extract_buf: pool_sig 00000000, data_sig fffffff9, bytes_mixed 20 00000000 00000000
[    0.000000] Linux version 2.6.32.57 (dcashman@dcashman-02) (gcc version 4.3.3 (GCC) ) #6 Thu May 30 09:02:12 PDT 2013
[    0.000000] KERNEL supported cpus:
[    0.000000]   Intel GenuineIntel
[    0.000000]   AMD AuthenticAMD
[    0.000000]   NSC Geode by NSC
[    0.000000]   Cyrix CyrixInstead
[    0.000000]   Centaur CentaurHauls
[    0.000000]   Transmeta GenuineTMx86
[    0.000000]   Transmeta TransmetaCPU
[    0.000000]   UMC UMC UMC UMC
[    0.000000] BIOS-provided physical RAM map:
[    0.000000]  BIOS-e820: 0000000000000000 - 000000000009d800 (usable)
[    0.000000]  BIOS-e820: 000000000009d800 - 00000000000a0000 (reserved)
[    0.000000]  BIOS-e820: 00000000000d2000 - 00000000000d4000 (reserved)
[    0.000000]  BIOS-e820: 00000000000e0000 - 0000000000100000 (reserved)
[    0.000000]  BIOS-e820: 0000000000100000 - 000000003d6b0000 (usable)
[    0.000000]  BIOS-e820: 000000003d6b0000 - 000000003d6cc000 (ACPI data)
[    0.000000]  BIOS-e820: 000000003d6cc000 - 000000003d700000 (ACPI NVS)
[    0.000000]  BIOS-e820: 000000003d700000 - 000000003e000000 (reserved)
[    0.000000]  BIOS-e820: 00000000f0000000 - 00000000f4000000 (reserved)
[    0.000000]  BIOS-e820: 00000000fec00000 - 00000000fec10000 (reserved)
[    0.000000]  BIOS-e820: 00000000fed00000 - 00000000fed00400 (reserved)
[    0.000000]  BIOS-e820: 00000000fed14000 - 00000000fed1a000 (reserved)
[    0.000000]  BIOS-e820: 00000000fed1c000 - 00000000fed90000 (reserved)
[    0.000000]  BIOS-e820: 00000000fee00000 - 00000000fee01000 (reserved)
[    0.000000]  BIOS-e820: 00000000ff000000 - 0000000100000000 (reserved)
[    0.000000] DMI present.
[    0.000000] last_pfn = 0x3d6b0 max_arch_pfn = 0x100000
[    0.000000] MTRR default type: uncachable
[    0.000000] MTRR fixed ranges enabled:
[    0.000000]   00000-9FFFF write-back
[    0.000000]   A0000-BFFFF uncachable
[    0.000000]   C0000-CFFFF write-protect
[    0.000000]   D0000-DFFFF uncachable
[    0.000000]   E0000-FFFFF write-protect
[    0.000000] MTRR variable ranges enabled:
[    0.000000]   0 base 03E000000 mask FFE000000 uncachable
[    0.000000]   1 base 000000000 mask FC0000000 write-back
[    0.000000]   2 base 03D700000 mask FFFF00000 uncachable
[    0.000000]   3 base 03D800000 mask FFF800000 uncachable
[    0.000000]   4 disabled
[    0.000000]   5 disabled
[    0.000000]   6 disabled
[    0.000000]   7 disabled
[    0.000000] initial memory mapped : 0 - 02000000
[    0.000000] init_memory_mapping: 0000000000000000-00000000377fe000
[    0.000000]  0000000000 - 0000400000 page 4k
[    0.000000]  0000400000 - 0037400000 page 2M
[    0.000000]  0037400000 - 00377fe000 page 4k
[    0.000000] kernel direct mapping tables up to 377fe000 @ 7000-c000
[    0.000000] ACPI: RSDP 000f68d0 00024 (v02 LENOVO)
[    0.000000] ACPI: XSDT 3d6bb77f 00094 (v01 LENOVO TP-7L    00002170  LTP 00000000)
[    0.000000] ACPI: FACP 3d6bb900 000F4 (v03 LENOVO TP-7L    00002170 LNVO 00000001)
[    0.000000] ACPI Warning: 32/64X length mismatch in Gpe1Block: 0/32 (20090903/tbfadt-526)
[    0.000000] ACPI Warning: Optional field Gpe1Block has zero address or length: 000000000000102C/0 (20090903/tbfadt-557)
[    0.000000] ACPI: DSDT 3d6bbd1d 0FED1 (v01 LENOVO TP-7L    00002170 MSFT 03000000)
[    0.000000] ACPI: FACS 3d6e4000 00040
[    0.000000] ACPI: SSDT 3d6bbab4 00269 (v01 LENOVO TP-7L    00002170 MSFT 03000000)
[    0.000000] ACPI: ECDT 3d6cbbee 00052 (v01 LENOVO TP-7L    00002170 LNVO 00000001)
[    0.000000] ACPI: TCPA 3d6cbc40 00032 (v02 LENOVO TP-7L    00002170 LNVO 00000001)
[    0.000000] ACPI: APIC 3d6cbc72 00068 (v01 LENOVO TP-7L    00002170 LNVO 00000001)
[    0.000000] ACPI: MCFG 3d6cbcda 0003C (v01 LENOVO TP-7L    00002170 LNVO 00000001)
[    0.000000] ACPI: HPET 3d6cbd16 00038 (v01 LENOVO TP-7L    00002170 LNVO 00000001)
[    0.000000] ACPI: SLIC 3d6cbdf0 00176 (v01 LENOVO TP-7L    00002170  LTP 00000000)
[    0.000000] ACPI: BOOT 3d6cbf66 00028 (v01 LENOVO TP-7L    00002170  LTP 00000001)
[    0.000000] ACPI: ASF! 3d6cbf8e 00072 (v16 LENOVO TP-7L    00002170 PTL  00000001)
[    0.000000] ACPI: SSDT 3d6e26d9 0025F (v01 LENOVO TP-7L    00002170 INTL 20050513)
[    0.000000] ACPI: SSDT 3d6e2938 000A6 (v01 LENOVO TP-7L    00002170 INTL 20050513)
[    0.000000] ACPI: SSDT 3d6e29de 004F7 (v01 LENOVO TP-7L    00002170 INTL 20050513)
[    0.000000] ACPI: SSDT 3d6e2ed5 001D8 (v01 LENOVO TP-7L    00002170 INTL 20050513)
[    0.000000] ACPI: DMI detected: Lenovo ThinkPad R61
[    0.000000] ACPI: Added _OSI(Linux)
[    0.000000] ACPI: Local APIC address 0xfee00000
[    0.000000] 94MB HIGHMEM available.
[    0.000000] 887MB LOWMEM available.
[    0.000000]   mapped low ram: 0 - 377fe000
[    0.000000]   low ram: 0 - 377fe000
[    0.000000]   node 0 low ram: 00000000 - 377fe000
[    0.000000]   node 0 bootmap 00008000 - 0000ef00
[    0.000000] (6 early reservations) ==> bootmem [0000000000 - 00377fe000]
[    0.000000]   #0 [0000000000 - 0000001000]   BIOS data page ==> [0000000000 - 0000001000]
[    0.000000]   #1 [0001000000 - 0001bdc180]    TEXT DATA BSS ==> [0001000000 - 0001bdc180]
[    0.000000]   #2 [000009d800 - 0000100000]    BIOS reserved ==> [000009d800 - 0000100000]
[    0.000000]   #3 [0001bdd000 - 0001be516c]              BRK ==> [0001bdd000 - 0001be516c]
[    0.000000]   #4 [0000007000 - 0000008000]          PGTABLE ==> [0000007000 - 0000008000]
[    0.000000]   #5 [0000008000 - 000000f000]          BOOTMAP ==> [0000008000 - 000000f000]
[    0.000000] found SMP MP-table at [c00f6900] f6900
[    0.000000] Zone PFN ranges:
[    0.000000]   DMA      0x00000000 -> 0x00001000
[    0.000000]   Normal   0x00001000 -> 0x000377fe
[    0.000000]   HighMem  0x000377fe -> 0x0003d6b0
[    0.000000] Movable zone start PFN for each node
[    0.000000] early_node_map[2] active PFN ranges
[    0.000000]     0: 0x00000000 -> 0x0000009d
[    0.000000]     0: 0x00000100 -> 0x0003d6b0
[    0.000000] On node 0 totalpages: 251469
[    0.000000] free_area_init_node: node 0, pgdat c1901ea0, node_mem_map c1be7000
[    0.000000]   DMA zone: 32 pages used for memmap
[    0.000000]   DMA zone: 0 pages reserved
[    0.000000]   DMA zone: 3965 pages, LIFO batch:0
[    0.000000]   Normal zone: 1744 pages used for memmap
[    0.000000]   Normal zone: 221486 pages, LIFO batch:31
[    0.000000]   HighMem zone: 190 pages used for memmap
[    0.000000]   HighMem zone: 24052 pages, LIFO batch:3
[    0.000000] Using APIC driver default
[    0.000000] ACPI: PM-Timer IO Port: 0x1008
[    0.000000] ACPI: Local APIC address 0xfee00000
[    0.000000] ACPI: LAPIC (acpi_id[0x00] lapic_id[0x00] enabled)
[    0.000000] ACPI: LAPIC (acpi_id[0x01] lapic_id[0x01] enabled)
[    0.000000] ACPI: NR_CPUS/possible_cpus limit of 1 reached.  Processor 1/0x1 ignored.
[    0.000000] ACPI: LAPIC_NMI (acpi_id[0x00] high edge lint[0x1])
[    0.000000] ACPI: LAPIC_NMI (acpi_id[0x01] high edge lint[0x1])
[    0.000000] ACPI: IOAPIC (id[0x01] address[0xfec00000] gsi_base[0])
[    0.000000] IOAPIC[0]: apic_id 1, version 32, address 0xfec00000, GSI 0-23
[    0.000000] ACPI: INT_SRC_OVR (bus 0 bus_irq 0 global_irq 2 dfl dfl)
[    0.000000] ACPI: INT_SRC_OVR (bus 0 bus_irq 9 global_irq 9 high level)
[    0.000000] ACPI: IRQ0 used by override.
[    0.000000] ACPI: IRQ2 used by override.
[    0.000000] ACPI: IRQ9 used by override.
[    0.000000] Using ACPI (MADT) for SMP configuration information
[    0.000000] ACPI: HPET id: 0x8086a201 base: 0xfed00000
[    0.000000] nr_irqs_gsi: 24
[    0.000000] PM: Registered nosave memory: 000000000009d000 - 000000000009e000
[    0.000000] PM: Registered nosave memory: 000000000009e000 - 00000000000a0000
[    0.000000] PM: Registered nosave memory: 00000000000a0000 - 00000000000d2000
[    0.000000] PM: Registered nosave memory: 00000000000d2000 - 00000000000d4000
[    0.000000] PM: Registered nosave memory: 00000000000d4000 - 00000000000e0000
[    0.000000] PM: Registered nosave memory: 00000000000e0000 - 0000000000100000
[    0.000000] Allocating PCI resources starting at 3e000000 (gap: 3e000000:b2000000)
[    0.000000] Built 1 zonelists in Zone order, mobility grouping on.  Total pages: 249503
[    0.000000] Kernel command line: auto BOOT_IMAGE=Linux ro root=802 vt.default_utf8=0 maxcpus=0
[    0.000000] PID hash table entries: 4096 (order: 2, 16384 bytes)
[    0.000000] Dentry cache hash table entries: 131072 (order: 7, 524288 bytes)
[    0.000000] Inode-cache hash table entries: 65536 (order: 6, 262144 bytes)
[    0.000000] Enabling fast FPU save and restore... done.
[    0.000000] Enabling unmasked SIMD FPU exception support... done.
[    0.000000] Initializing CPU#0
[    0.000000] Initializing HighMem for node 0 (000377fe:0003d6b0)
[    0.000000] Memory: 984800k/1006272k available (6915k kernel code, 20876k reserved, 2327k data, 448k init, 96968k highmem)
[    0.000000] virtual kernel memory layout:
[    0.000000]     fixmap  : 0xfffa3000 - 0xfffff000   ( 368 kB)
[    0.000000]     pkmap   : 0xff800000 - 0xffc00000   (4096 kB)
[    0.000000]     vmalloc : 0xf7ffe000 - 0xff7fe000   ( 120 MB)
[    0.000000]     lowmem  : 0xc0000000 - 0xf77fe000   ( 887 MB)
[    0.000000]       .init : 0xc1907000 - 0xc1977000   ( 448 kB)
[    0.000000]       .data : 0xc16c0d3f - 0xc1906c64   (2327 kB)
[    0.000000]       .text : 0xc1000000 - 0xc16c0d3f   (6915 kB)
[    0.000000] Checking if this processor honours the WP bit even in supervisor mode...Ok.
[    0.000000] SLUB: Genslabs=13, HWalign=64, Order=0-3, MinObjects=0, CPUs=1, Nodes=1
[    0.000000] Hierarchical RCU implementation.
[    0.000000] NR_IRQS:288
[    0.000000] Extended CMOS year: 2000
[    0.000000] Console: colour VGA+ 80x25
[    0.000000] console [tty0] enabled
[    0.000000] hpet clockevent registered
[    0.000000] Fast TSC calibration using PIT
[    0.000000] Detected 2095.077 MHz processor.
[    0.001002] Calibrating delay loop (skipped), value calculated using timer frequency.. 4190.15 BogoMIPS (lpj=2095077)
[    0.001170] Security Framework initialized
[    0.001253] Mount-cache hash table entries: 512
[    0.002039] CPU: L1 I cache: 32K, L1 D cache: 32K
[    0.002162] CPU: L2 cache: 3072K
[    0.002246] mce: CPU supports 6 MCE banks
[    0.002332] CPU0: Thermal monitoring enabled (TM2)
[    0.002415] using mwait in idle threads.
[    0.002497] CPU: Intel(R) Core(TM)2 Duo CPU     T8100  @ 2.10GHz stepping 06
[    0.002672] Checking 'hlt' instruction... OK.
[    0.006933] ACPI: Core revision 20090903
[    0.026013] RANDOM get_random_int first call with cycles 38473275981, jiffies 4294667322 and pid 0
[    0.026021] CANARY value: 786d3b2e for PID: 1
[    0.026027] CANARY value: e53db697 for PID: 2
[    0.026051] Enabling APIC mode:  Flat.  Using 1 I/O APICs
[    0.026512] ..TIMER: vector=0x30 apic1=0 pin1=2 apic2=-1 pin2=-1
[    0.036997] xor: automatically using best checksumming function: pIII_sse
[    0.040998]    pIII_sse  :  8568.000 MB/sec
[    0.041081] xor: using function: pIII_sse (8568.000 MB/sec)
[    0.041166] RANDOM - __seed init called.
[    0.041167] RANDOM - __seed init called.
[    0.041168] RANDOM - __seed init called.
[    0.041170] RANDOM - __random32 called. Change num 1.  Value: e6b75c0e	845fdb3c	4764ecc7
[    0.041172] RANDOM - __random32 called. Change num 2.  Value: 75c0e1a6	45fdb3ca	d98f8871
[    0.041173] RANDOM - __random32 called. Change num 3.  Value: e1a6d3e	5fdb3ca9	10e2be79
[    0.041175] RANDOM - __random32 called. Change num 4.  Value: a6d3e877	fdb3ca90	7cf2fee9
[    0.041177] RANDOM - __random32 called. Change num 5.  Value: 3e877b7b	db3ca905	fdd36ca1
[    0.041179] RANDOM - __random32 called. Change num 6.  Value: 77b7ba3d	b3ca905b	d9426901
[    0.041181] RANDOM - random32 init called.  Value: 77b7ba3d	b3ca905b	d9426901
[    0.041198] NET: Registered protocol family 16
[    0.041455] ACPI FADT declares the system doesn't support PCIe ASPM, so disable it
[    0.041572] ACPI: bus type pci registered
[    0.041737] PCI: MCFG configuration 0: base f0000000 segment 0 buses 0 - 63
[    0.041831] PCI: MCFG area at f0000000 reserved in E820
[    0.041921] PCI: Using MMCONFIG for extended config space
[    0.042002] PCI: Using configuration type 1 for base access
[    0.045108] bio: create slab <bio-0> at 0
[    0.045924] ACPI: EC: EC description table is found, configuring boot EC
[    0.051096] ACPI: BIOS _OSI(Linux) query honored via DMI
[    0.051809] random 0000 0000 0000 00000000 00000000: rand_read_num 2 get_random_bytes(8): sig fffffe1a 00000000 00000000
[    0.051812] random 0000 0000 0000 00000000 00000000: extract_entropy(.. 8 ..)
[    0.051815] random 0000 0000 0000 00000000 00000000: going to reseed nonblocking with 64 bits (64 of 0 requested)
[    0.051817] random 0000 0000 0000 00000000 00000000: extract_entropy(.. 8 ..)
[    0.051819] random 0000 0000 0000 00000000 00000000: trying to extract 64 bits from input
[    0.051821] random 0000 0000 0000 00000000 00000000: debiting 0 entropy credits from input
[    0.051823] random 0000 0000 0000 00000000 00000000: extract_entropy account returned: 0 
[    0.051826] random 0000 0000 0000 00000000 00000000: urand_change_num 3 xfer_secondary_pool(8): pool_sig fffffe1a, data_sig 00000000, bytes_mixed 0 00000000 00000000
[    0.051829] random 0000 0000 0000 00000000 00000000: trying to extract 64 bits from nonblocking
[    0.051831] random 0000 0000 0000 00000000 00000000: debiting 64 entropy credits from nonblocking (unlimited)
[    0.051833] random 0000 0000 0000 00000000 00000000: extract_entropy account returned: 8 
[    0.051838] random 0000 0000 0000 00000000 00000000: urand_change_num 4 extract_buf: pool_sig fffffe1a, data_sig fffffed7, bytes_mixed 20 00000000 00000000
[    0.056503] ACPI: Interpreter enabled
[    0.056592] ACPI: (supports S0 S3 S4 S5)
[    0.056894] ACPI: Using IOAPIC for interrupt routing
[    0.066666] ACPI: EC: GPE = 0x12, I/O: command/status = 0x66, data = 0x62
[    0.066938] ACPI: Power Resource [PUBS] (on)
[    0.069041] ACPI: ACPI Dock Station Driver: 3 docks/bays found
[    0.069452] ACPI: PCI Root Bridge [PCI0] (0000:00)
[    0.069619] pci 0000:00:02.0: reg 10 64bit mmio: [0xf8100000-0xf81fffff]
[    0.069625] pci 0000:00:02.0: reg 18 64bit mmio pref: [0xe0000000-0xefffffff]
[    0.069629] pci 0000:00:02.0: reg 20 io port: [0x1800-0x1807]
[    0.069664] pci 0000:00:02.1: reg 10 64bit mmio: [0xf8200000-0xf82fffff]
[    0.069765] pci 0000:00:19.0: reg 10 32bit mmio: [0xfe000000-0xfe01ffff]
[    0.069774] pci 0000:00:19.0: reg 14 32bit mmio: [0xfe025000-0xfe025fff]
[    0.069783] pci 0000:00:19.0: reg 18 io port: [0x1840-0x185f]
[    0.069855] pci 0000:00:19.0: PME# supported from D0 D3hot D3cold
[    0.069951] pci 0000:00:19.0: PME# disabled
[    0.070065] pci 0000:00:1a.0: reg 20 io port: [0x1860-0x187f]
[    0.070147] pci 0000:00:1a.1: reg 20 io port: [0x1880-0x189f]
[    0.070240] pci 0000:00:1a.7: reg 10 32bit mmio: [0xfe226c00-0xfe226fff]
[    0.070334] pci 0000:00:1a.7: PME# supported from D0 D3hot D3cold
[    0.070429] pci 0000:00:1a.7: PME# disabled
[    0.070573] pci 0000:00:1b.0: reg 10 64bit mmio: [0xfe020000-0xfe023fff]
[    0.070652] pci 0000:00:1b.0: PME# supported from D0 D3hot D3cold
[    0.070746] pci 0000:00:1b.0: PME# disabled
[    0.070995] pci 0000:00:1c.0: PME# supported from D0 D3hot D3cold
[    0.071082] pci 0000:00:1c.0: PME# disabled
[    0.071290] pci 0000:00:1c.1: PME# supported from D0 D3hot D3cold
[    0.071385] pci 0000:00:1c.1: PME# disabled
[    0.071581] pci 0000:00:1c.2: PME# supported from D0 D3hot D3cold
[    0.071675] pci 0000:00:1c.2: PME# disabled
[    0.071880] pci 0000:00:1c.3: PME# supported from D0 D3hot D3cold
[    0.071968] pci 0000:00:1c.3: PME# disabled
[    0.072115] pci 0000:00:1c.4: PME# supported from D0 D3hot D3cold
[    0.072202] pci 0000:00:1c.4: PME# disabled
[    0.073062] pci 0000:00:1d.0: reg 20 io port: [0x18a0-0x18bf]
[    0.073148] pci 0000:00:1d.1: reg 20 io port: [0x18c0-0x18df]
[    0.073236] pci 0000:00:1d.2: reg 20 io port: [0x18e0-0x18ff]
[    0.073331] pci 0000:00:1d.7: reg 10 32bit mmio: [0xfe227000-0xfe2273ff]
[    0.073430] pci 0000:00:1d.7: PME# supported from D0 D3hot D3cold
[    0.073525] pci 0000:00:1d.7: PME# disabled
[    0.073827] pci 0000:00:1f.0: quirk: region 1000-107f claimed by ICH6 ACPI/GPIO/TCO
[    0.073954] pci 0000:00:1f.0: quirk: region 1180-11bf claimed by ICH6 GPIO
[    0.073999] pci 0000:00:1f.0: ICH7 LPC Generic IO decode 1 PIO at 1600 (mask 007f)
[    0.074122] pci 0000:00:1f.0: ICH7 LPC Generic IO decode 2 PIO at 15e0 (mask 000f)
[    0.074241] pci 0000:00:1f.0: ICH7 LPC Generic IO decode 3 PIO at 1680 (mask 001f)
[    0.074444] pci 0000:00:1f.1: reg 10 io port: [0x00-0x07]
[    0.074454] pci 0000:00:1f.1: reg 14 io port: [0x00-0x03]
[    0.074464] pci 0000:00:1f.1: reg 18 io port: [0x00-0x07]
[    0.074473] pci 0000:00:1f.1: reg 1c io port: [0x00-0x03]
[    0.074482] pci 0000:00:1f.1: reg 20 io port: [0x1c00-0x1c0f]
[    0.074574] pci 0000:00:1f.2: reg 10 io port: [0x1c50-0x1c57]
[    0.074583] pci 0000:00:1f.2: reg 14 io port: [0x1c44-0x1c47]
[    0.074591] pci 0000:00:1f.2: reg 18 io port: [0x1c48-0x1c4f]
[    0.074600] pci 0000:00:1f.2: reg 1c io port: [0x1c40-0x1c43]
[    0.074607] pci 0000:00:1f.2: reg 20 io port: [0x1c20-0x1c3f]
[    0.074616] pci 0000:00:1f.2: reg 24 32bit mmio: [0xfe226000-0xfe2267ff]
[    0.074676] pci 0000:00:1f.2: PME# supported from D3hot
[    0.074760] pci 0000:00:1f.2: PME# disabled
[    0.074882] pci 0000:00:1f.3: reg 10 32bit mmio: [0xfe227400-0xfe2274ff]
[    0.074908] pci 0000:00:1f.3: reg 20 io port: [0x1c60-0x1c7f]
[    0.075063] pci 0000:00:1c.0: bridge io port: [0x2000-0x2fff]
[    0.075070] pci 0000:00:1c.0: bridge 32bit mmio: [0xfc000000-0xfdffffff]
[    0.075081] pci 0000:00:1c.0: bridge 64bit mmio pref: [0xf8000000-0xf80fffff]
[    0.075152] pci 0000:03:00.0: reg 10 64bit mmio: [0xdf3f0000-0xdf3fffff]
[    0.075351] pci 0000:00:1c.1: bridge io port: [0x3000-0x3fff]
[    0.075356] pci 0000:00:1c.1: bridge 32bit mmio: [0xdc000000-0xdf3fffff]
[    0.075362] pci 0000:00:1c.1: bridge 64bit mmio pref: [0xdfe00000-0xdfefffff]
[    0.075424] pci 0000:00:1c.2: bridge io port: [0x4000-0x4fff]
[    0.075430] pci 0000:00:1c.2: bridge 32bit mmio: [0xd8000000-0xd9ffffff]
[    0.075439] pci 0000:00:1c.2: bridge 64bit mmio pref: [0xdfb00000-0xdfbfffff]
[    0.075494] pci 0000:00:1c.3: bridge io port: [0x5000-0x5fff]
[    0.075500] pci 0000:00:1c.3: bridge 32bit mmio: [0xd4000000-0xd5ffffff]
[    0.075509] pci 0000:00:1c.3: bridge 64bit mmio pref: [0xdf800000-0xdf8fffff]
[    0.075563] pci 0000:00:1c.4: bridge io port: [0x6000-0x6fff]
[    0.075570] pci 0000:00:1c.4: bridge 32bit mmio: [0xd0000000-0xd1ffffff]
[    0.075579] pci 0000:00:1c.4: bridge 64bit mmio pref: [0xdf500000-0xdf5fffff]
[    0.075639] pci 0000:15:00.0: reg 10 32bit mmio: [0xf8300000-0xf8300fff]
[    0.075687] pci 0000:15:00.0: supports D1 D2
[    0.075688] pci 0000:15:00.0: PME# supported from D0 D1 D2 D3hot D3cold
[    0.075782] pci 0000:15:00.0: PME# disabled
[    0.075927] pci 0000:15:00.1: reg 10 32bit mmio: [0xf8301000-0xf83017ff]
[    0.076024] pci 0000:15:00.1: supports D1 D2
[    0.076026] pci 0000:15:00.1: PME# supported from D0 D1 D2 D3hot D3cold
[    0.076127] pci 0000:15:00.1: PME# disabled
[    0.076314] pci 0000:00:1e.0: transparent bridge
[    0.076408] pci 0000:00:1e.0: bridge io port: [0x7000-0xafff]
[    0.076413] pci 0000:00:1e.0: bridge 32bit mmio: [0xf8300000-0xfbffffff]
[    0.076421] pci 0000:00:1e.0: bridge 64bit mmio pref: [0xf4000000-0xf7ffffff]
[    0.076490] pci_bus 0000:00: on NUMA node 0
[    0.076494] ACPI: PCI Interrupt Routing Table [\_SB_.PCI0._PRT]
[    0.076627] ACPI: PCI Interrupt Routing Table [\_SB_.PCI0.EXP0._PRT]
[    0.076686] ACPI: PCI Interrupt Routing Table [\_SB_.PCI0.EXP1._PRT]
[    0.076744] ACPI: PCI Interrupt Routing Table [\_SB_.PCI0.EXP2._PRT]
[    0.076802] ACPI: PCI Interrupt Routing Table [\_SB_.PCI0.EXP3._PRT]
[    0.076865] ACPI: PCI Interrupt Routing Table [\_SB_.PCI0.EXP4._PRT]
[    0.076927] ACPI: PCI Interrupt Routing Table [\_SB_.PCI0.PCI1._PRT]
[    0.082396] ACPI: PCI Interrupt Link [LNKA] (IRQs 3 4 5 6 7 9 *10 11)
[    0.083147] ACPI: PCI Interrupt Link [LNKB] (IRQs 3 4 5 6 7 9 10 *11)
[    0.083882] ACPI: PCI Interrupt Link [LNKC] (IRQs 3 4 5 6 7 9 10 *11)
[    0.084638] ACPI: PCI Interrupt Link [LNKD] (IRQs 3 4 5 6 7 9 10 *11)
[    0.085396] ACPI: PCI Interrupt Link [LNKE] (IRQs 3 4 5 6 7 9 10 *11)
[    0.086158] ACPI: PCI Interrupt Link [LNKF] (IRQs 3 4 5 6 7 9 10 *11)
[    0.086911] ACPI: PCI Interrupt Link [LNKG] (IRQs 3 4 5 6 7 9 10 *11)
[    0.087719] ACPI: PCI Interrupt Link [LNKH] (IRQs 3 4 5 6 7 9 10 *11)
[    0.088449] vgaarb: device added: PCI:0000:00:02.0,decodes=io+mem,owns=io+mem,locks=none
[    0.088581] vgaarb: loaded
[    0.088755] SCSI subsystem initialized
[    0.088853] libata version 3.00 loaded.
[    0.088901] usbcore: registered new interface driver usbfs
[    0.089030] usbcore: registered new interface driver hub
[    0.089140] usbcore: registered new device driver usb
[    0.106049] raid6: int32x1    941 MB/s
[    0.123057] raid6: int32x2    890 MB/s
[    0.140069] raid6: int32x4    750 MB/s
[    0.156993] raid6: int32x8    656 MB/s
[    0.174004] raid6: mmxx1     2882 MB/s
[    0.190986] raid6: mmxx2     3253 MB/s
[    0.207987] raid6: sse1x1    1937 MB/s
[    0.224978] raid6: sse1x2    2531 MB/s
[    0.241978] raid6: sse2x1    3503 MB/s
[    0.258976] raid6: sse2x2    3832 MB/s
[    0.259059] raid6: using algorithm sse2x2 (3832 MB/s)
[    0.259148] PCI: Using ACPI for IRQ routing
[    0.259450] HPET: 3 timers in total, 0 timers will be used for per-cpu timer
[    0.259985] Switching to clocksource tsc
[    0.260081] pnp: PnP ACPI init
[    0.260165] ACPI: bus type pnp registered
[    0.263830] pnp: PnP ACPI: found 11 devices
[    0.263931] ACPI: ACPI bus type pnp unregistered
[    0.264020] system 00:00: iomem range 0x0-0x9ffff could not be reserved
[    0.264112] system 00:00: iomem range 0xc0000-0xc3fff could not be reserved
[    0.264200] system 00:00: iomem range 0xc4000-0xc7fff could not be reserved
[    0.264288] system 00:00: iomem range 0xc8000-0xcbfff has been reserved
[    0.264376] system 00:00: iomem range 0xcc000-0xcffff has been reserved
[    0.264462] system 00:00: iomem range 0xd0000-0xd3fff could not be reserved
[    0.264551] system 00:00: iomem range 0xe0000-0xe3fff could not be reserved
[    0.264644] system 00:00: iomem range 0xe4000-0xe7fff could not be reserved
[    0.264733] system 00:00: iomem range 0xe8000-0xebfff could not be reserved
[    0.264824] system 00:00: iomem range 0xec000-0xeffff could not be reserved
[    0.264919] system 00:00: iomem range 0xf0000-0xfffff could not be reserved
[    0.265003] system 00:00: iomem range 0x100000-0x3dffffff could not be reserved
[    0.265116] system 00:00: iomem range 0xfec00000-0xfed3ffff could not be reserved
[    0.265243] system 00:00: iomem range 0xfed4c000-0xffffffff could not be reserved
[    0.265358] system 00:02: ioport range 0x164e-0x164f has been reserved
[    0.265440] system 00:02: ioport range 0x1000-0x107f has been reserved
[    0.265535] system 00:02: ioport range 0x1180-0x11bf has been reserved
[    0.265628] system 00:02: ioport range 0x800-0x80f has been reserved
[    0.265719] system 00:02: ioport range 0x15e0-0x15ef has been reserved
[    0.265800] system 00:02: ioport range 0x1600-0x165f could not be reserved
[    0.265891] system 00:02: iomem range 0xf0000000-0xf3ffffff has been reserved
[    0.265979] system 00:02: iomem range 0xfed1c000-0xfed1ffff has been reserved
[    0.266068] system 00:02: iomem range 0xfed14000-0xfed17fff has been reserved
[    0.266156] system 00:02: iomem range 0xfed18000-0xfed18fff has been reserved
[    0.266245] system 00:02: iomem range 0xfed19000-0xfed19fff has been reserved
[    0.266332] system 00:02: iomem range 0xfed45000-0xfed4bfff has been reserved
[    0.301361] pci 0000:00:1c.0: PCI bridge, secondary bus 0000:02
[    0.301455] pci 0000:00:1c.0:   IO window: 0x2000-0x2fff
[    0.301551] pci 0000:00:1c.0:   MEM window: 0xfc000000-0xfdffffff
[    0.301648] pci 0000:00:1c.0:   PREFETCH window: 0x000000f8000000-0x000000f80fffff
[    0.301773] pci 0000:00:1c.1: PCI bridge, secondary bus 0000:03
[    0.301869] pci 0000:00:1c.1:   IO window: 0x3000-0x3fff
[    0.301962] pci 0000:00:1c.1:   MEM window: 0xdc000000-0xdf3fffff
[    0.302052] pci 0000:00:1c.1:   PREFETCH window: 0x000000dfe00000-0x000000dfefffff
[    0.302175] pci 0000:00:1c.2: PCI bridge, secondary bus 0000:04
[    0.302265] pci 0000:00:1c.2:   IO window: 0x4000-0x4fff
[    0.302357] pci 0000:00:1c.2:   MEM window: 0xd8000000-0xd9ffffff
[    0.302446] pci 0000:00:1c.2:   PREFETCH window: 0x000000dfb00000-0x000000dfbfffff
[    0.302573] pci 0000:00:1c.3: PCI bridge, secondary bus 0000:05
[    0.302665] pci 0000:00:1c.3:   IO window: 0x5000-0x5fff
[    0.302761] pci 0000:00:1c.3:   MEM window: 0xd4000000-0xd5ffffff
[    0.302850] pci 0000:00:1c.3:   PREFETCH window: 0x000000df800000-0x000000df8fffff
[    0.302980] pci 0000:00:1c.4: PCI bridge, secondary bus 0000:0d
[    0.303063] pci 0000:00:1c.4:   IO window: 0x6000-0x6fff
[    0.303163] pci 0000:00:1c.4:   MEM window: 0xd0000000-0xd1ffffff
[    0.303252] pci 0000:00:1c.4:   PREFETCH window: 0x000000df500000-0x000000df5fffff
[    0.303372] pci 0000:15:00.0: CardBus bridge, secondary bus 0000:16
[    0.303453] pci 0000:15:00.0:   IO window: 0x007000-0x0070ff
[    0.303545] pci 0000:15:00.0:   IO window: 0x007400-0x0074ff
[    0.303638] pci 0000:15:00.0:   PREFETCH window: 0xf4000000-0xf7ffffff
[    0.303742] pci 0000:15:00.0:   MEM window: 0x40000000-0x43ffffff
[    0.303838] pci 0000:00:1e.0: PCI bridge, secondary bus 0000:15
[    0.303930] pci 0000:00:1e.0:   IO window: 0x7000-0xafff
[    0.304024] pci 0000:00:1e.0:   MEM window: 0xf8300000-0xfbffffff
[    0.304113] pci 0000:00:1e.0:   PREFETCH window: 0x000000f4000000-0x000000f7ffffff
[    0.304254] pci 0000:00:1c.0: PCI INT A -> GSI 20 (level, low) -> IRQ 20
[    0.304347] pci 0000:00:1c.0: setting latency timer to 64
[    0.304356] pci 0000:00:1c.1: PCI INT B -> GSI 21 (level, low) -> IRQ 21
[    0.304451] pci 0000:00:1c.1: setting latency timer to 64
[    0.304464] pci 0000:00:1c.2: PCI INT C -> GSI 22 (level, low) -> IRQ 22
[    0.304561] pci 0000:00:1c.2: setting latency timer to 64
[    0.304574] pci 0000:00:1c.3: PCI INT D -> GSI 23 (level, low) -> IRQ 23
[    0.304664] pci 0000:00:1c.3: setting latency timer to 64
[    0.304680] pci 0000:00:1c.4: PCI INT A -> GSI 20 (level, low) -> IRQ 20
[    0.304769] pci 0000:00:1c.4: setting latency timer to 64
[    0.304776] pci 0000:00:1e.0: enabling device (0005 -> 0007)
[    0.304874] pci 0000:00:1e.0: setting latency timer to 64
[    0.304885] pci 0000:15:00.0: PCI INT A -> GSI 16 (level, low) -> IRQ 16
[    0.304975] pci 0000:15:00.0: setting latency timer to 64
[    0.304979] pci_bus 0000:00: resource 0 io:  [0x00-0xffff]
[    0.304981] pci_bus 0000:00: resource 1 mem: [0x000000-0xffffffff]
[    0.304983] pci_bus 0000:02: resource 0 io:  [0x2000-0x2fff]
[    0.304985] pci_bus 0000:02: resource 1 mem: [0xfc000000-0xfdffffff]
[    0.304987] pci_bus 0000:02: resource 2 pref mem [0xf8000000-0xf80fffff]
[    0.304989] pci_bus 0000:03: resource 0 io:  [0x3000-0x3fff]
[    0.304990] pci_bus 0000:03: resource 1 mem: [0xdc000000-0xdf3fffff]
[    0.304992] pci_bus 0000:03: resource 2 pref mem [0xdfe00000-0xdfefffff]
[    0.304994] pci_bus 0000:04: resource 0 io:  [0x4000-0x4fff]
[    0.304996] pci_bus 0000:04: resource 1 mem: [0xd8000000-0xd9ffffff]
[    0.304998] pci_bus 0000:04: resource 2 pref mem [0xdfb00000-0xdfbfffff]
[    0.305000] pci_bus 0000:05: resource 0 io:  [0x5000-0x5fff]
[    0.305001] pci_bus 0000:05: resource 1 mem: [0xd4000000-0xd5ffffff]
[    0.305003] pci_bus 0000:05: resource 2 pref mem [0xdf800000-0xdf8fffff]
[    0.305005] pci_bus 0000:0d: resource 0 io:  [0x6000-0x6fff]
[    0.305007] pci_bus 0000:0d: resource 1 mem: [0xd0000000-0xd1ffffff]
[    0.305009] pci_bus 0000:0d: resource 2 pref mem [0xdf500000-0xdf5fffff]
[    0.305011] pci_bus 0000:15: resource 0 io:  [0x7000-0xafff]
[    0.305012] pci_bus 0000:15: resource 1 mem: [0xf8300000-0xfbffffff]
[    0.305014] pci_bus 0000:15: resource 2 pref mem [0xf4000000-0xf7ffffff]
[    0.305016] pci_bus 0000:15: resource 3 io:  [0x00-0xffff]
[    0.305018] pci_bus 0000:15: resource 4 mem: [0x000000-0xffffffff]
[    0.305020] pci_bus 0000:16: resource 0 io:  [0x7000-0x70ff]
[    0.305021] pci_bus 0000:16: resource 1 io:  [0x7400-0x74ff]
[    0.305023] pci_bus 0000:16: resource 2 pref mem [0xf4000000-0xf7ffffff]
[    0.305025] pci_bus 0000:16: resource 3 mem: [0x40000000-0x43ffffff]
[    0.305032] NET: Registered protocol family 2
[    0.305127] RANDOM - __random32 called. Change num 7.  Value: 7ba3d01e	3ca905be	d2026a24
[    0.305129] RANDOM - random32 called.  Value: 7ba3d01e	3ca905be	d2026a24
[    0.305133] random 0000 0000 0000 5f8db4e5 4cfdf2a8: rand_read_num 3 get_random_bytes(4): sig fffffb64 5f8db4e5 4cfdf2a8
[    0.305136] random 0000 0000 0000 5f8db4e5 4cfdf2a8: extract_entropy(.. 4 ..)
[    0.305138] random 0000 0000 0000 5f8db4e5 4cfdf2a8: going to reseed nonblocking with 64 bits (32 of 0 requested)
[    0.305140] random 0000 0000 0000 5f8db4e5 4cfdf2a8: extract_entropy(.. 8 ..)
[    0.305143] random 0000 0000 0000 5f8db4e5 4cfdf2a8: trying to extract 64 bits from input
[    0.305145] random 0000 0000 0000 5f8db4e5 4cfdf2a8: debiting 0 entropy credits from input
[    0.305147] random 0000 0000 0000 5f8db4e5 4cfdf2a8: extract_entropy account returned: 0 
[    0.305150] random 0000 0000 0000 5f8db4e5 4cfdf2a8: urand_change_num 5 xfer_secondary_pool(4): pool_sig fffffb64, data_sig 00000000, bytes_mixed 0 5f8db4e5 4cfdf2a8
[    0.305153] random 0000 0000 0000 5f8db4e5 4cfdf2a8: trying to extract 32 bits from nonblocking
[    0.305155] random 0000 0000 0000 5f8db4e5 4cfdf2a8: debiting 32 entropy credits from nonblocking (unlimited)
[    0.305157] random 0000 0000 0000 5f8db4e5 4cfdf2a8: extract_entropy account returned: 4 
[    0.305161] random 0000 0000 0000 5f8db4e5 4cfdf2a8: urand_change_num 6 extract_buf: pool_sig fffffb64, data_sig 00000241, bytes_mixed 20 5f8db4e5 4cfdf2a8
[    0.305171] IP route cache hash table entries: 32768 (order: 5, 131072 bytes)
[    0.305301] RANDOM - __random32 called. Change num 8.  Value: 3d01e034	ca905be7	d4484227
[    0.305303] RANDOM - random32 called.  Value: 3d01e034	ca905be7	d4484227
[    0.305313] RANDOM - __random32 called. Change num 9.  Value: 1e034020	a905be70	844ec14a
[    0.305315] RANDOM - random32 called.  Value: 1e034020	a905be70	844ec14a
[    0.305316] RANDOM - __random32 called. Change num 10.  Value: 34020ec0	905be706	8294c719
[    0.305318] RANDOM - random32 called.  Value: 34020ec0	905be706	8294c719
[    0.305329] RANDOM - __random32 called. Change num 11.  Value: 20ec0ebb	5be7068	8e32c65f
[    0.305330] RANDOM - random32 called.  Value: 20ec0ebb	5be7068	8e32c65f
[    0.305340] TCP established hash table entries: 131072 (order: 8, 1048576 bytes)
[    0.305825] TCP bind hash table entries: 65536 (order: 6, 262144 bytes)
[    0.306015] TCP: Hash tables configured (established 131072 bind 65536)
[    0.306104] TCP reno registered
[    0.306204] NET: Registered protocol family 1
[    0.306317] RPC: Registered udp transport module.
[    0.306402] RPC: Registered tcp transport module.
[    0.306486] RPC: Registered tcp NFSv4.1 backchannel transport module.
[    0.306575] pci 0000:00:02.0: Boot video device
[    0.306788] Simple Boot Flag at 0x35 set to 0x1
[    0.307333] highmem bounce pool size: 64 pages
[    0.308838] VFS: Disk quotas dquot_6.5.2
[    0.309042] Dquot-cache hash table entries: 1024 (order 0, 4096 bytes)
[    0.309710] NTFS driver 2.1.29 [Flags: R/W].
[    0.309876] ROMFS MTD (C) 2007 Red Hat, Inc.
[    0.310080] JFS: nTxBlock = 7695, nTxLock = 61562
[    0.312545] SGI XFS with ACLs, security attributes, large block/inode numbers, no debug enabled
[    0.313040] SGI XFS Quota Management subsystem
[    0.313321] Slow work thread pool: Starting up
[    0.313420] Slow work thread pool: Ready
[    0.313511] GFS2 (built May 24 2013 02:47:17) installed
[    0.313600] msgmni has been set to 1734
[    0.313756] alg: No test for cipher_null (cipher_null-generic)
[    0.313852] alg: No test for ecb(cipher_null) (ecb-cipher_null)
[    0.313969] alg: No test for digest_null (digest_null-generic)
[    0.314066] alg: No test for compress_null (compress_null-generic)
[    0.314611] alg: No test for fcrypt (fcrypt-generic)
[    0.316036] alg: No test for stdrng (krng)
[    0.316126] async_tx: api initialized (async)
[    0.316274] Block layer SCSI generic (bsg) driver version 0.4 loaded (major 254)
[    0.316400] io scheduler noop registered
[    0.316482] io scheduler anticipatory registered
[    0.316565] io scheduler deadline registered
[    0.316696] io scheduler cfq registered (default)
[    0.316962] pcieport 0000:00:1c.0: irq 24 for MSI/MSI-X
[    0.316978] pcieport 0000:00:1c.0: setting latency timer to 64
[    0.317162] pcieport 0000:00:1c.1: irq 25 for MSI/MSI-X
[    0.317174] pcieport 0000:00:1c.1: setting latency timer to 64
[    0.317356] pcieport 0000:00:1c.2: irq 26 for MSI/MSI-X
[    0.317367] pcieport 0000:00:1c.2: setting latency timer to 64
[    0.317540] pcieport 0000:00:1c.3: irq 27 for MSI/MSI-X
[    0.317551] pcieport 0000:00:1c.3: setting latency timer to 64
[    0.317736] pcieport 0000:00:1c.4: irq 28 for MSI/MSI-X
[    0.317747] pcieport 0000:00:1c.4: setting latency timer to 64
[    0.317915] pci_hotplug: PCI Hot Plug PCI Core version: 0.5
[    0.318106] isapnp: Scanning for PnP cards...
[    0.678645] isapnp: No Plug & Play device found
[    0.678740] random 0000 0000 0000 5f8db4e5 4cfdf2a8: initializing
[    0.678742] RANDOM init_std_data for input now value: 1369921796678743330
[    0.678744] RANDOM init_std_data for blocking now value: 1369921796678745335
[    0.678746] RANDOM init_std_data for nonblocking now value: 1369921796678747054
[    0.698319] Serial: 8250/16550 driver, 4 ports, IRQ sharing enabled
[    3.709131] floppy0: no floppy controllers found
[    3.710079] brd: module loaded
[    3.710580] loop: module loaded
[    3.710665] Compaq SMART2 Driver (v 2.6.0)
[    3.710779] HP CISS Driver (v 3.6.20)
[    3.711016] input: Macintosh mouse button emulation as /devices/virtual/input/input0
[    3.711159] Uniform Multi-Platform E-IDE driver
[    3.711376] piix 0000:00:1f.1: IDE controller (0x8086:0x2850 rev 0x03)
[    3.711472] pci 0000:00:1f.1: PCI INT C -> GSI 16 (level, low) -> IRQ 16
[    3.711572] piix 0000:00:1f.1: IDE port disabled
[    3.711661] piix 0000:00:1f.1: not 100% native mode: will probe irqs later
[    3.711757]     ide0: BM-DMA at 0x1c00-0x1c07
[    3.711851] Probing IDE interface ide0...
[    4.383205] hda: HL-DT-ST DVDRAM GSA-U10N, ATAPI CD/DVD-ROM drive
[    4.689949] hda: host max PIO4 wanted PIO255(auto-tune) selected PIO4
[    4.690723] hda: UDMA/33 mode selected
[    4.691192] ide0 at 0x1f0-0x1f7,0x3f6 on irq 14
[    4.695072] ide-gd driver 1.18
[    4.695176] ide-cd driver 5.00
[    4.696566] random 0000 0000 0000 00000000 00000000: add_disk_randomness(0:0) 00000000 00000000
[    4.696570] random 0000 0000 0000 00000000 00000000: add_timer_randomness(.. 256) with jiffies: 5908465751806410361, cycles: 5908465747511738379
[    4.696573] random 0000 0000 0000 00000000 00000000: added 11 entropy credits to input
[    4.696576] ide-cd: hda: ATAPI 24X DVD-ROM DVD-R/RAM CD-R/RW drive, 2048kB Cache
[    4.696997] Uniform CD-ROM driver Revision: 3.20
[    4.699832] random 0011 0000 0000 00000000 00000000: add_disk_randomness(0:0) 00000000 00000000
[    4.699835] random 0011 0000 0000 00000000 00000000: add_timer_randomness(.. 256) with jiffies: 5937853584492953212, cycles: 5937853580198281227
[    4.699837] random 0011 0000 0000 00000000 00000000: added 1 entropy credits to input
[    4.699840] random 0012 0000 0000 00000000 00000000: add_disk_randomness(0:0) 00000000 00000000
[    4.699843] random 0012 0000 0000 00000000 00000000: add_timer_randomness(.. 256) with jiffies: 5937929708493307516, cycles: 5937929704198635531
[    4.701830] random 0012 0000 0000 00000000 00000000: add_disk_randomness(0:0) 00000000 00000000
[    4.701833] random 0012 0000 0000 00000000 00000000: add_timer_randomness(.. 256) with jiffies: 5955832648306491006, cycles: 5955832644011819019
[    4.701835] random 0012 0000 0000 00000000 00000000: added 1 entropy credits to input
[    4.701838] random 0013 0000 0000 00000000 00000000: add_disk_randomness(0:0) 00000000 00000000
[    4.701841] random 0013 0000 0000 00000000 00000000: add_timer_randomness(.. 256) with jiffies: 5955906654887968382, cycles: 5955906650593296395
[    4.703828] random 0013 0000 0000 00000000 00000000: add_disk_randomness(0:0) 00000000 00000000
[    4.703831] random 0013 0000 0000 00000000 00000000: add_timer_randomness(.. 256) with jiffies: 5973813292667993728, cycles: 5973813288373321739
[    4.703833] random 0013 0000 0000 00000000 00000000: added 1 entropy credits to input
[    4.703836] random 0014 0000 0000 00000000 00000000: add_disk_randomness(0:0) 00000000 00000000
[    4.703839] random 0014 0000 0000 00000000 00000000: add_timer_randomness(.. 256) with jiffies: 5973886663594311296, cycles: 5973886659299639307
[    4.704116] Loading iSCSI transport class v2.0-870.
[    4.704396] rdac: device handler registered
[    4.704479] hp_sw: device handler registered
[    4.704562] emc: device handler registered
[    4.704646] alua: device handler registered
[    4.705640] Adaptec aacraid driver 1.1-5[2461]-ms
[    4.706055] scsi: <fdomain> Detection failed (no card)
[    4.706147] sym53c416.c: Version 1.0.0-ac
[    4.706255] qlogicfas: no cards were found, please specify I/O address and IRQ using iobase= and irq= options
[    4.706380] QLogic Fibre Channel HBA Driver: 8.03.01-k6
[    4.706596] iscsi: registered transport (qla4xxx)
[    4.706701] QLogic iSCSI HBA Driver
[    4.706785] Emulex LightPulse Fibre Channel SCSI driver 8.3.4
[    4.706878] Copyright(c) 2004-2009 Emulex.  All rights reserved.
[    4.728929] Failed initialization of WD-7000 SCSI card!
[    4.818366] DC390: clustering now enabled by default. If you get problems load
[    4.818487]        with "disable_clustering=1" and report to maintainers
[    4.818611] megaraid cmm: 2.20.2.7 (Release Date: Sun Jul 16 00:01:03 EST 2006)
[    4.818762] megaraid: 2.20.5.1 (Release Date: Thu Nov 16 15:32:35 EST 2006)
[    4.818870] megasas: 00.00.04.01 Thu July 24 11:41:51 PST 2008
[    4.819002] GDT-HA: Storage RAID Controller Driver. Version: 3.05
[    4.819149] 3ware Storage Controller device driver for Linux v1.26.02.002.
[    4.819263] 3ware 9000 Storage Controller device driver for Linux v2.26.02.012.
[    4.819403] nsp32: loading...
[    4.819509] ipr: IBM Power RAID SCSI Device Driver version: 2.4.3 (June 10, 2009)
[    4.819653] RocketRAID 3xxx/4xxx Controller driver v1.6 (090910)
[    4.819757] stex: Promise SuperTrak EX Driver version: 4.6.0000.3
[    4.819900] st: Version 20081215, fixed bufsize 32768, s/g segs 256
[    4.820091] ahci 0000:00:1f.2: version 3.0
[    4.820104] ahci 0000:00:1f.2: PCI INT B -> GSI 16 (level, low) -> IRQ 16
[    4.820234] ahci 0000:00:1f.2: irq 29 for MSI/MSI-X
[    4.820298] ahci 0000:00:1f.2: AHCI 0001.0100 32 slots 3 ports 1.5 Gbps 0x5 impl SATA mode
[    4.820412] ahci 0000:00:1f.2: flags: 64bit ncq sntf pm led clo pio slum part ccc 
[    4.820537] ahci 0000:00:1f.2: setting latency timer to 64
[    4.820681] scsi2 : ahci
[    4.820836] scsi3 : ahci
[    4.820989] scsi4 : ahci
[    4.821150] ata1: SATA max UDMA/133 abar m2048@0xfe226000 port 0xfe226100 irq 29
[    4.821264] ata2: DUMMY
[    4.821348] ata3: SATA max UDMA/133 abar m2048@0xfe226000 port 0xfe226200 irq 29
[    4.821965] I2O subsystem v1.325
[    4.822050] i2o: max drivers = 8
[    4.822190] I2O Configuration OSM v1.323
[    4.822291] I2O Bus Adapter OSM v1.317
[    4.822393] I2O Block Device OSM v1.325
[    4.822537] I2O SCSI Peripheral OSM v1.316
[    4.822643] I2O ProcFS OSM v1.316
[    4.822742] Fusion MPT base driver 3.04.12
[    4.822829] Copyright (c) 1999-2008 LSI Corporation
[    4.822929] Fusion MPT SPI Host driver 3.04.12
[    4.823075] Fusion MPT FC Host driver 3.04.12
[    4.823181] Fusion MPT SAS Host driver 3.04.12
[    4.823333] ohci1394 0000:15:00.1: PCI INT B -> GSI 17 (level, low) -> IRQ 17
[    4.823421] ohci1394 0000:15:00.1: setting latency timer to 64
[    4.876916] ohci1394: fw-host0: OHCI-1394 1.1 (PCI): IRQ=[17]  MMIO=[f8301000-f83017ff]  Max Packet=[2048]  IR/IT contexts=[4/4]
[    4.881178] ehci_hcd: USB 2.0 'Enhanced' Host Controller (EHCI) Driver
[    4.881441] ehci_hcd 0000:00:1a.7: power state changed by ACPI to D0
[    4.881689] ehci_hcd 0000:00:1a.7: power state changed by ACPI to D0
[    4.881788] ehci_hcd 0000:00:1a.7: PCI INT C -> GSI 22 (level, low) -> IRQ 22
[    4.881891] ehci_hcd 0000:00:1a.7: setting latency timer to 64
[    4.881894] ehci_hcd 0000:00:1a.7: EHCI Host Controller
[    4.882033] ehci_hcd 0000:00:1a.7: new USB bus registered, assigned bus number 1
[    4.886049] ehci_hcd 0000:00:1a.7: cache line size of 32 is not supported
[    4.886058] ehci_hcd 0000:00:1a.7: irq 22, io mem 0xfe226c00
[    4.895874] ehci_hcd 0000:00:1a.7: USB 2.0 started, EHCI 1.00
[    4.895978] usb usb1: New USB device found, idVendor=1d6b, idProduct=0002
[    4.896064] usb usb1: New USB device strings: Mfr=3, Product=2, SerialNumber=1
[    4.896180] usb usb1: Product: EHCI Host Controller
[    4.896264] usb usb1: Manufacturer: Linux 2.6.32.57 ehci_hcd
[    4.896353] usb usb1: SerialNumber: 0000:00:1a.7
[    4.896496] usb usb1: configuration #1 chosen from 1 choice
[    4.896611] hub 1-0:1.0: USB hub found
[    4.896699] hub 1-0:1.0: 4 ports detected
[    4.896989] ehci_hcd 0000:00:1d.7: power state changed by ACPI to D0
[    4.897230] ehci_hcd 0000:00:1d.7: power state changed by ACPI to D0
[    4.897334] ehci_hcd 0000:00:1d.7: PCI INT D -> GSI 19 (level, low) -> IRQ 19
[    4.897435] ehci_hcd 0000:00:1d.7: setting latency timer to 64
[    4.897440] ehci_hcd 0000:00:1d.7: EHCI Host Controller
[    4.897564] ehci_hcd 0000:00:1d.7: new USB bus registered, assigned bus number 2
[    4.897715] ehci_hcd 0000:00:1d.7: debug port 1
[    4.901702] ehci_hcd 0000:00:1d.7: cache line size of 32 is not supported
[    4.901711] ehci_hcd 0000:00:1d.7: irq 19, io mem 0xfe227000
[    4.911871] ehci_hcd 0000:00:1d.7: USB 2.0 started, EHCI 1.00
[    4.911984] usb usb2: New USB device found, idVendor=1d6b, idProduct=0002
[    4.912074] usb usb2: New USB device strings: Mfr=3, Product=2, SerialNumber=1
[    4.912192] usb usb2: Product: EHCI Host Controller
[    4.912283] usb usb2: Manufacturer: Linux 2.6.32.57 ehci_hcd
[    4.912371] usb usb2: SerialNumber: 0000:00:1d.7
[    4.912503] usb usb2: configuration #1 chosen from 1 choice
[    4.912619] hub 2-0:1.0: USB hub found
[    4.912711] hub 2-0:1.0: 6 ports detected
[    4.912890] 116x: driver isp116x-hcd, 03 Nov 2005
[    4.912994] ohci_hcd: USB 1.1 'Open' Host Controller (OHCI) Driver
[    4.913101] uhci_hcd: USB Universal Host Controller Interface driver
[    4.913207] uhci_hcd 0000:00:1a.0: PCI INT A -> GSI 20 (level, low) -> IRQ 20
[    4.913293] uhci_hcd 0000:00:1a.0: setting latency timer to 64
[    4.913296] uhci_hcd 0000:00:1a.0: UHCI Host Controller
[    4.913420] uhci_hcd 0000:00:1a.0: new USB bus registered, assigned bus number 3
[    4.913574] uhci_hcd 0000:00:1a.0: irq 20, io base 0x00001860
[    4.913682] usb usb3: New USB device found, idVendor=1d6b, idProduct=0001
[    4.913774] usb usb3: New USB device strings: Mfr=3, Product=2, SerialNumber=1
[    4.913903] usb usb3: Product: UHCI Host Controller
[    4.913987] usb usb3: Manufacturer: Linux 2.6.32.57 uhci_hcd
[    4.914078] usb usb3: SerialNumber: 0000:00:1a.0
[    4.914212] usb usb3: configuration #1 chosen from 1 choice
[    4.914328] hub 3-0:1.0: USB hub found
[    4.914415] hub 3-0:1.0: 2 ports detected
[    4.914714] uhci_hcd 0000:00:1a.1: power state changed by ACPI to D0
[    4.914967] uhci_hcd 0000:00:1a.1: power state changed by ACPI to D0
[    4.915064] uhci_hcd 0000:00:1a.1: PCI INT B -> GSI 21 (level, low) -> IRQ 21
[    4.915157] uhci_hcd 0000:00:1a.1: setting latency timer to 64
[    4.915162] uhci_hcd 0000:00:1a.1: UHCI Host Controller
[    4.915284] uhci_hcd 0000:00:1a.1: new USB bus registered, assigned bus number 4
[    4.915438] uhci_hcd 0000:00:1a.1: irq 21, io base 0x00001880
[    4.915551] usb usb4: New USB device found, idVendor=1d6b, idProduct=0001
[    4.915637] usb usb4: New USB device strings: Mfr=3, Product=2, SerialNumber=1
[    4.915757] usb usb4: Product: UHCI Host Controller
[    4.915844] usb usb4: Manufacturer: Linux 2.6.32.57 uhci_hcd
[    4.915935] usb usb4: SerialNumber: 0000:00:1a.1
[    4.916067] usb usb4: configuration #1 chosen from 1 choice
[    4.916174] hub 4-0:1.0: USB hub found
[    4.916260] hub 4-0:1.0: 2 ports detected
[    4.916544] uhci_hcd 0000:00:1d.0: power state changed by ACPI to D0
[    4.916843] uhci_hcd 0000:00:1d.0: power state changed by ACPI to D0
[    4.916945] uhci_hcd 0000:00:1d.0: PCI INT A -> GSI 16 (level, low) -> IRQ 16
[    4.917037] uhci_hcd 0000:00:1d.0: setting latency timer to 64
[    4.917042] uhci_hcd 0000:00:1d.0: UHCI Host Controller
[    4.917164] uhci_hcd 0000:00:1d.0: new USB bus registered, assigned bus number 5
[    4.917311] uhci_hcd 0000:00:1d.0: irq 16, io base 0x000018a0
[    4.917423] usb usb5: New USB device found, idVendor=1d6b, idProduct=0001
[    4.917510] usb usb5: New USB device strings: Mfr=3, Product=2, SerialNumber=1
[    4.917634] usb usb5: Product: UHCI Host Controller
[    4.917716] usb usb5: Manufacturer: Linux 2.6.32.57 uhci_hcd
[    4.917802] usb usb5: SerialNumber: 0000:00:1d.0
[    4.917941] usb usb5: configuration #1 chosen from 1 choice
[    4.918070] hub 5-0:1.0: USB hub found
[    4.918160] hub 5-0:1.0: 2 ports detected
[    4.918299] uhci_hcd 0000:00:1d.1: PCI INT B -> GSI 17 (level, low) -> IRQ 17
[    4.918401] uhci_hcd 0000:00:1d.1: setting latency timer to 64
[    4.918406] uhci_hcd 0000:00:1d.1: UHCI Host Controller
[    4.918530] uhci_hcd 0000:00:1d.1: new USB bus registered, assigned bus number 6
[    4.918673] uhci_hcd 0000:00:1d.1: irq 17, io base 0x000018c0
[    4.918783] usb usb6: New USB device found, idVendor=1d6b, idProduct=0001
[    4.918884] usb usb6: New USB device strings: Mfr=3, Product=2, SerialNumber=1
[    4.919005] usb usb6: Product: UHCI Host Controller
[    4.919095] usb usb6: Manufacturer: Linux 2.6.32.57 uhci_hcd
[    4.919175] usb usb6: SerialNumber: 0000:00:1d.1
[    4.919309] usb usb6: configuration #1 chosen from 1 choice
[    4.919425] hub 6-0:1.0: USB hub found
[    4.919511] hub 6-0:1.0: 2 ports detected
[    4.919840] uhci_hcd 0000:00:1d.2: power state changed by ACPI to D0
[    4.920092] uhci_hcd 0000:00:1d.2: power state changed by ACPI to D0
[    4.920184] uhci_hcd 0000:00:1d.2: PCI INT C -> GSI 18 (level, low) -> IRQ 18
[    4.920281] uhci_hcd 0000:00:1d.2: setting latency timer to 64
[    4.920285] uhci_hcd 0000:00:1d.2: UHCI Host Controller
[    4.920408] uhci_hcd 0000:00:1d.2: new USB bus registered, assigned bus number 7
[    4.920551] uhci_hcd 0000:00:1d.2: irq 18, io base 0x000018e0
[    4.920670] usb usb7: New USB device found, idVendor=1d6b, idProduct=0001
[    4.920762] usb usb7: New USB device strings: Mfr=3, Product=2, SerialNumber=1
[    4.920886] usb usb7: Product: UHCI Host Controller
[    4.920978] usb usb7: Manufacturer: Linux 2.6.32.57 uhci_hcd
[    4.921074] usb usb7: SerialNumber: 0000:00:1d.2
[    4.921871] usb usb7: configuration #1 chosen from 1 choice
[    4.921986] hub 7-0:1.0: USB hub found
[    4.922075] hub 7-0:1.0: 2 ports detected
[    4.922227] sl811: driver sl811-hcd, 19 May 2005
[    4.922329] r8a66597_hcd: driver r8a66597_hcd, 2009-05-26
[    4.922493] Initializing USB Mass Storage driver...
[    4.922616] usbcore: registered new interface driver usb-storage
[    4.922702] USB Mass Storage support registered.
[    4.922805] usbcore: registered new interface driver ums-alauda
[    4.922918] usbcore: registered new interface driver ums-cypress
[    4.923021] usbcore: registered new interface driver ums-datafab
[    4.923133] usbcore: registered new interface driver ums-freecom
[    4.923242] usbcore: registered new interface driver ums-isd200
[    4.923347] usbcore: registered new interface driver ums-jumpshot
[    4.923450] usbcore: registered new interface driver ums-karma
[    4.923556] usbcore: registered new interface driver ums-onetouch
[    4.923661] usbcore: registered new interface driver ums-sddr09
[    4.923765] usbcore: registered new interface driver ums-sddr55
[    4.923887] usbcore: registered new interface driver ums-usbat
[    4.924037] PNP: PS/2 Controller [PNP0303:KBD,PNP0f13:MOU] at 0x60,0x64 irq 1,12
[    4.933657] serio: i8042 KBD port at 0x60,0x64 irq 1
[    4.933748] serio: i8042 AUX port at 0x60,0x64 irq 12
[    4.933997] mice: PS/2 mouse device common for all mice
[    4.934108] i2c /dev entries driver
[    4.934237] md: linear personality registered for level -1
[    4.934325] md: raid0 personality registered for level 0
[    4.934409] md: raid1 personality registered for level 1
[    4.934497] md: raid10 personality registered for level 10
[    4.934582] md: raid6 personality registered for level 6
[    4.934673] md: raid5 personality registered for level 5
[    4.934762] md: raid4 personality registered for level 4
[    4.934871] md: multipath personality registered for level -4
[    4.935061] device-mapper: ioctl: 4.15.0-ioctl (2009-04-01) initialised: dm-devel@redhat.com
[    4.935254] cpuidle: using governor ladder
[    4.935851] usbcore: registered new interface driver usbhid
[    4.935952] usbhid: v2.6:USB HID core driver
[    4.936102] random 0014 0000 0000 00000000 00000000: rand_read_num 4 get_random_bytes(136): sig 00000000 00000000 00000000
[    4.936105] random 0014 0000 0000 00000000 00000000: extract_entropy(.. 136 ..)
[    4.936107] random 0014 0000 0000 00000000 00000000: going to reseed nonblocking with 1024 bits (1088 of 0 requested)
[    4.936110] random 0014 0000 0000 00000000 00000000: extract_entropy(.. 128 ..)
[    4.936112] random 0014 0000 0000 00000000 00000000: trying to extract 1024 bits from input
[    4.936114] random 0014 0000 0000 00000000 00000000: debiting 0 entropy credits from input
[    4.936116] random 0014 0000 0000 00000000 00000000: extract_entropy account returned: 0 
[    4.936119] random 0014 0000 0000 00000000 00000000: urand_change_num 7 xfer_secondary_pool(136): pool_sig 00000000, data_sig 00000000, bytes_mixed 0 00000000 00000000
[    4.936123] random 0014 0000 0000 00000000 00000000: trying to extract 1088 bits from nonblocking
[    4.936125] random 0014 0000 0000 00000000 00000000: debiting 1088 entropy credits from nonblocking (unlimited)
[    4.936128] random 0014 0000 0000 00000000 00000000: extract_entropy account returned: 136 
[    4.936132] random 0014 0000 0000 00000000 00000000: urand_change_num 8 extract_buf: pool_sig 00000000, data_sig fffffff9, bytes_mixed 20 00000000 00000000
[    4.936137] random 0014 0000 0000 b7c35b56 be4dc95d: urand_change_num 9 extract_buf: pool_sig fffffd1e, data_sig 000000c5, bytes_mixed 20 b7c35b56 be4dc95d
[    4.936143] random 0014 0000 0000 ed9f5c47 c48487fb: urand_change_num 10 extract_buf: pool_sig fffff8ec, data_sig ffffff68, bytes_mixed 20 ed9f5c47 c48487fb
[    4.936148] random 0014 0000 0000 ed9f5c47 c48487fb: urand_change_num 11 extract_buf: pool_sig fffffaed, data_sig 000001aa, bytes_mixed 20 ed9f5c47 c48487fb
[    4.936153] random 0014 0000 0000 1b4f7c0a 91bd6a48: urand_change_num 12 extract_buf: pool_sig fffffdd8, data_sig 00000064, bytes_mixed 20 1b4f7c0a 91bd6a48
[    4.936158] random 0014 0000 0000 a254b9bc 20e9a24f: urand_change_num 13 extract_buf: pool_sig fffffbe6, data_sig 000001dd, bytes_mixed 20 a254b9bc 20e9a24f
[    4.936164] random 0014 0000 0000 a254b9bc 20e9a24f: urand_change_num 14 extract_buf: pool_sig fffff940, data_sig fffffe20, bytes_mixed 20 a254b9bc 20e9a24f
[    4.936169] random 0014 0000 0000 2831a66b 5fa2a3ad: urand_change_num 15 extract_buf: pool_sig fffffbce, data_sig 0000007e, bytes_mixed 20 2831a66b 5fa2a3ad
[    4.936174] random 0014 0000 0000 2831a66b 5fa2a3ad: urand_change_num 16 extract_buf: pool_sig 000004df, data_sig fffffe8f, bytes_mixed 20 2831a66b 5fa2a3ad
[    4.936179] random 0014 0000 0000 d4512bfd c9a54e0b: urand_change_num 17 extract_buf: pool_sig 00000485, data_sig fffffe68, bytes_mixed 20 d4512bfd c9a54e0b
[    4.936185] random 0014 0000 0000 c7371be6 f9ffea11: urand_change_num 18 extract_buf: pool_sig 00000095, data_sig ffffffed, bytes_mixed 20 c7371be6 f9ffea11
[    4.936190] random 0014 0000 0000 c7371be6 f9ffea11: urand_change_num 19 extract_buf: pool_sig 000003a7, data_sig fffffefa, bytes_mixed 20 c7371be6 f9ffea11
[    4.936195] random 0014 0000 0000 8fb4b62c d1ddba54: urand_change_num 20 extract_buf: pool_sig 00000179, data_sig ffffff78, bytes_mixed 20 8fb4b62c d1ddba54
[    4.936200] random 0014 0000 0000 9ff19f9c c07a1d2a: urand_change_num 21 extract_buf: pool_sig fffffe88, data_sig 00000126, bytes_mixed 20 9ff19f9c c07a1d2a
[    4.936204] TCP cubic registered
[    4.936292] Initializing XFRM netlink socket
[    4.936379] NET: Registered protocol family 17
[    4.936469] Using IPI Shortcut mode
[    4.936555] random 0014 0000 0000 9ff19f9c c07a1d2a: rand_read_num 5 get_random_bytes(8): sig 0000031b 9ff19f9c c07a1d2a
[    4.936557] random 0014 0000 0000 9ff19f9c c07a1d2a: extract_entropy(.. 8 ..)
[    4.936559] random 0014 0000 0000 9ff19f9c c07a1d2a: going to reseed nonblocking with 64 bits (64 of 0 requested)
[    4.936562] random 0014 0000 0000 9ff19f9c c07a1d2a: extract_entropy(.. 8 ..)
[    4.936564] random 0014 0000 0000 9ff19f9c c07a1d2a: trying to extract 64 bits from input
[    4.936566] random 0014 0000 0000 9ff19f9c c07a1d2a: debiting 0 entropy credits from input
[    4.936568] random 0014 0000 0000 9ff19f9c c07a1d2a: extract_entropy account returned: 0 
[    4.936571] random 0014 0000 0000 9ff19f9c c07a1d2a: urand_change_num 22 xfer_secondary_pool(8): pool_sig 0000031b, data_sig 00000000, bytes_mixed 0 9ff19f9c c07a1d2a
[    4.936574] random 0014 0000 0000 9ff19f9c c07a1d2a: trying to extract 64 bits from nonblocking
[    4.936576] random 0014 0000 0000 9ff19f9c c07a1d2a: debiting 64 entropy credits from nonblocking (unlimited)
[    4.936579] random 0014 0000 0000 9ff19f9c c07a1d2a: extract_entropy account returned: 8 
[    4.936583] random 0014 0000 0000 9ff19f9c c07a1d2a: urand_change_num 23 extract_buf: pool_sig 0000031b, data_sig ffffffb3, bytes_mixed 20 9ff19f9c c07a1d2a
[    4.939421] input: AT Translated Set 2 keyboard as /devices/platform/i8042/serio0/input/input1
[    5.127843] ata1: SATA link up 1.5 Gbps (SStatus 113 SControl 300)
[    5.127949] ata3: SATA link down (SStatus 0 SControl 300)
[    5.130283] ata1.00: ACPI cmd ef/02:00:00:00:00:a0 (SET FEATURES) succeeded
[    5.130286] ata1.00: ACPI cmd f5/00:00:00:00:00:a0 (SECURITY FREEZE LOCK) filtered out
[    5.131672] ata1.00: ACPI cmd ef/5f:00:00:00:00:a0 (SET FEATURES) succeeded
[    5.131675] ata1.00: ACPI cmd ef/10:03:00:00:00:a0 (SET FEATURES) filtered out
[    5.133587] ata1.00: ATA-7: ST910021AS, 4.06, max UDMA/100
[    5.133671] ata1.00: 195371568 sectors, multi 16: LBA48 
[    5.135827] ata1.00: ACPI cmd ef/02:00:00:00:00:a0 (SET FEATURES) succeeded
[    5.135830] ata1.00: ACPI cmd f5/00:00:00:00:00:a0 (SECURITY FREEZE LOCK) filtered out
[    5.137219] ata1.00: ACPI cmd ef/5f:00:00:00:00:a0 (SET FEATURES) succeeded
[    5.137222] ata1.00: ACPI cmd ef/10:03:00:00:00:a0 (SET FEATURES) filtered out
[    5.139147] ata1.00: configured for UDMA/100
[    5.149884] scsi 2:0:0:0: Direct-Access     ATA      ST910021AS       4.06 PQ: 0 ANSI: 5
[    5.150166] sd 2:0:0:0: [sda] 195371568 512-byte logical blocks: (100 GB/93.1 GiB)
[    5.150308] sd 2:0:0:0: [sda] Write Protect is off
[    5.150394] sd 2:0:0:0: [sda] Mode Sense: 00 3a 00 00
[    5.150407] sd 2:0:0:0: [sda] Write cache: enabled, read cache: enabled, doesn't support DPO or FUA
[    5.150592]  sda:
[    5.215807] usb 2-1: new high speed USB device using ehci_hcd and address 2
[    5.365280] usb 2-1: New USB device found, idVendor=0e8d, idProduct=1806
[    5.365366] usb 2-1: New USB device strings: Mfr=1, Product=2, SerialNumber=3
[    5.365452] usb 2-1: Product: MT1806 
[    5.365533] usb 2-1: Manufacturer: MediaTek Inc
[    5.365621] usb 2-1: SerialNumber: R8KN6GAC800AEB 
[    5.365755] usb 2-1: configuration #1 chosen from 1 choice
[    5.372196] scsi5 : SCSI emulation for USB Mass Storage devices
[    5.372355] usb-storage: device found at 2
[    5.372356] usb-storage: waiting for device to settle before scanning
[    5.571154] random 0014 0000 0000 277f73c3 42024bb9: add_disk_randomness(8:0) 277f73c3 42024bb9
[    5.571158] random 0014 0000 0000 277f73c3 42024bb9: add_timer_randomness(.. 8388864) with jiffies: 13778259251685982603, cycles: -4668484826318241781
[    5.571161] random 0014 0000 0000 277f73c3 42024bb9: added 11 entropy credits to input
[    5.571166]  sda1 sda2
[    5.571726] random 0025 0000 0000 277f73c3 42024bb9: add_disk_randomness(8:0) 277f73c3 42024bb9
[    5.571729] random 0025 0000 0000 277f73c3 42024bb9: add_timer_randomness(.. 8388864) with jiffies: 13783394421959262604, cycles: -4663349656044961781
[    5.571885] sd 2:0:0:0: [sda] Attached SCSI disk
[    5.571970] random 0025 0000 0000 277f73c3 42024bb9: rand_read_num 6 get_random_bytes(12): sig 000007e9 277f73c3 42024bb9
[    5.571972] random 0025 0000 0000 277f73c3 42024bb9: extract_entropy(.. 12 ..)
[    5.571975] random 0025 0000 0000 277f73c3 42024bb9: going to reseed nonblocking with 96 bits (96 of 0 requested)
[    5.571977] random 0025 0000 0000 277f73c3 42024bb9: extract_entropy(.. 12 ..)
[    5.571979] random 0025 0000 0000 277f73c3 42024bb9: trying to extract 96 bits from input
[    5.571981] random 0025 0000 0000 277f73c3 42024bb9: debiting 0 entropy credits from input
[    5.571983] random 0025 0000 0000 277f73c3 42024bb9: extract_entropy account returned: 0 
[    5.571986] random 0025 0000 0000 277f73c3 42024bb9: urand_change_num 24 xfer_secondary_pool(12): pool_sig 000007e9, data_sig 00000000, bytes_mixed 0 277f73c3 42024bb9
[    5.571989] random 0025 0000 0000 277f73c3 42024bb9: trying to extract 96 bits from nonblocking
[    5.571992] random 0025 0000 0000 277f73c3 42024bb9: debiting 96 entropy credits from nonblocking (unlimited)
[    5.571994] random 0025 0000 0000 277f73c3 42024bb9: extract_entropy account returned: 12 
[    5.571998] random 0025 0000 0000 277f73c3 42024bb9: urand_change_num 25 extract_buf: pool_sig 000007e9, data_sig 00000088, bytes_mixed 20 277f73c3 42024bb9
[    5.572003] random 0025 0000 0000 277f73c3 42024bb9: urand_change_num 26 extract_buf: pool_sig 00000498, data_sig fffffefb, bytes_mixed 20 277f73c3 42024bb9
[    5.572006] RANDOM - __seed init called.
[    5.572007] RANDOM - __seed init called.
[    5.572008] RANDOM - __seed init called.
[    5.572010] RANDOM - __random32 called. Change num 12.  Value: 87f14767	f0d7351	b1e48bd3
[    5.572012] RANDOM - random32_reseed called.  Value: 87f14767	f0d7351	b1e48bd3
[    5.572015] Pid: 1, comm: swapper Not tainted 2.6.32.57 #6
[    5.572105] Call Trace:
[    5.572194]  [<c1923ca4>] ? random32_reseed+0xa0/0xb1
[    5.572279]  [<c1923c04>] ? random32_reseed+0x0/0xb1
[    5.572358]  [<c100111e>] ? do_one_initcall+0x2e/0x180
[    5.572446]  [<c1907265>] ? kernel_init+0xad/0x103
[    5.572531]  [<c19071b8>] ? kernel_init+0x0/0x103
[    5.572615]  [<c1003787>] ? kernel_thread_helper+0x7/0x10
[    5.573147] random 0025 0000 0000 386b4e60 ee4d4880: rand_read_num 7 get_random_bytes(64): sig fffffea5 386b4e60 ee4d4880
[    5.573149] random 0025 0000 0000 386b4e60 ee4d4880: extract_entropy(.. 64 ..)
[    5.573152] random 0025 0000 0000 386b4e60 ee4d4880: going to reseed nonblocking with 512 bits (512 of 0 requested)
[    5.573154] random 0025 0000 0000 386b4e60 ee4d4880: extract_entropy(.. 64 ..)
[    5.573156] random 0025 0000 0000 386b4e60 ee4d4880: trying to extract 512 bits from input
[    5.573158] random 0025 0000 0000 386b4e60 ee4d4880: debiting 0 entropy credits from input
[    5.573160] random 0025 0000 0000 386b4e60 ee4d4880: extract_entropy account returned: 0 
[    5.573163] random 0025 0000 0000 386b4e60 ee4d4880: urand_change_num 27 xfer_secondary_pool(64): pool_sig fffffea5, data_sig 00000000, bytes_mixed 0 386b4e60 ee4d4880
[    5.573166] random 0025 0000 0000 386b4e60 ee4d4880: trying to extract 512 bits from nonblocking
[    5.573169] random 0025 0000 0000 386b4e60 ee4d4880: debiting 512 entropy credits from nonblocking (unlimited)
[    5.573171] random 0025 0000 0000 386b4e60 ee4d4880: extract_entropy account returned: 64 
[    5.573175] random 0025 0000 0000 386b4e60 ee4d4880: urand_change_num 28 extract_buf: pool_sig fffffea5, data_sig 00000173, bytes_mixed 20 386b4e60 ee4d4880
[    5.573180] random 0025 0000 0000 412698f6 0cc8689a: urand_change_num 29 extract_buf: pool_sig 00000122, data_sig ffffff63, bytes_mixed 20 412698f6 0cc8689a
[    5.573186] random 0025 0000 0000 412698f6 0cc8689a: urand_change_num 30 extract_buf: pool_sig 000001f7, data_sig 00000012, bytes_mixed 20 412698f6 0cc8689a
[    5.573191] random 0025 0000 0000 9669941e 06f768b1: urand_change_num 31 extract_buf: pool_sig fffffb5b, data_sig 0000003f, bytes_mixed 20 9669941e 06f768b1
[    5.573197] random 0025 0000 0000 98486520 995551f0: urand_change_num 32 extract_buf: pool_sig fffffb39, data_sig 0000000e, bytes_mixed 20 98486520 995551f0
[    5.573202] random 0025 0000 0000 98486520 995551f0: urand_change_num 33 extract_buf: pool_sig fffffd8d, data_sig 000001a6, bytes_mixed 20 98486520 995551f0
[    5.573207] random 0025 0000 0000 61fc8914 d5882ed2: urand_change_num 34 extract_buf: pool_sig fffffa58, data_sig 0000023e, bytes_mixed 20 61fc8914 d5882ed2
[    5.573236] random 0025 0000 0000 61fc8914 d5882ed2: rand_read_num 8 get_random_bytes(64): sig fffff9ee 61fc8914 d5882ed2
[    5.573238] random 0025 0000 0000 61fc8914 d5882ed2: extract_entropy(.. 64 ..)
[    5.573241] random 0025 0000 0000 61fc8914 d5882ed2: going to reseed nonblocking with 512 bits (512 of 0 requested)
[    5.573243] random 0025 0000 0000 61fc8914 d5882ed2: extract_entropy(.. 64 ..)
[    5.573245] random 0025 0000 0000 61fc8914 d5882ed2: trying to extract 512 bits from input
[    5.573247] random 0025 0000 0000 61fc8914 d5882ed2: debiting 0 entropy credits from input
[    5.573249] random 0025 0000 0000 61fc8914 d5882ed2: extract_entropy account returned: 0 
[    5.573252] random 0025 0000 0000 61fc8914 d5882ed2: urand_change_num 35 xfer_secondary_pool(64): pool_sig fffff9ee, data_sig 00000000, bytes_mixed 0 61fc8914 d5882ed2
[    5.573255] random 0025 0000 0000 61fc8914 d5882ed2: trying to extract 512 bits from nonblocking
[    5.573258] random 0025 0000 0000 61fc8914 d5882ed2: debiting 512 entropy credits from nonblocking (unlimited)
[    5.573260] random 0025 0000 0000 61fc8914 d5882ed2: extract_entropy account returned: 64 
[    5.573264] random 0025 0000 0000 61fc8914 d5882ed2: urand_change_num 36 extract_buf: pool_sig fffff9ee, data_sig ffffff85, bytes_mixed 20 61fc8914 d5882ed2
[    5.573269] random 0025 0000 0000 70cfd302 e5edec11: urand_change_num 37 extract_buf: pool_sig fffffdc1, data_sig ffffffde, bytes_mixed 20 70cfd302 e5edec11
[    5.573275] random 0025 0000 0000 00dab838 eafd2b30: urand_change_num 38 extract_buf: pool_sig 000003da, data_sig ffffff61, bytes_mixed 20 00dab838 eafd2b30
[    5.573280] random 0025 0000 0000 00dab838 eafd2b30: urand_change_num 39 extract_buf: pool_sig 00000314, data_sig 00000121, bytes_mixed 20 00dab838 eafd2b30
[    5.573285] random 0025 0000 0000 5fcdf66a 6442b608: urand_change_num 40 extract_buf: pool_sig 0000028b, data_sig fffffefd, bytes_mixed 20 5fcdf66a 6442b608
[    5.573290] random 0025 0000 0000 61333f6b 8fae0f9b: urand_change_num 41 extract_buf: pool_sig 000000cb, data_sig 000000b3, bytes_mixed 20 61333f6b 8fae0f9b
[    5.573296] random 0025 0000 0000 61333f6b 8fae0f9b: urand_change_num 42 extract_buf: pool_sig fffffef8, data_sig 00000051, bytes_mixed 20 61333f6b 8fae0f9b
[    5.573298] BEGIN NET_SECRET:
[    5.573299] \xffffffe0
[    5.573300] \xffffffb6
[    5.573301] \x36
[    5.573302] \xffffffb5
[    5.573303] \xffffff94
[    5.573304] \xffffffb2
[    5.573305] \xffffffa8
[    5.573305] \xffffffda
[    5.573306] \x5b
[    5.573307] \x19
[    5.573308] \x18
[    5.573308] \x5c
[    5.573309] \x2b
[    5.573310] \x1
[    5.573311] \xffffff90
[    5.573311] \x19
[    5.573312] \x3c
[    5.573313] \xfffffff2
[    5.573314] \xffffff82
[    5.573315] \x2a
[    5.573315] \xffffffb3
[    5.573316] \xffffffa2
[    5.573317] \x3f
[    5.573318] \x5
[    5.573318] \x52
[    5.573319] \x77
[    5.573320] \x57
[    5.573321] \x79
[    5.573321] \x16
[    5.573322] \x43
[    5.573323] \xffffff84
[    5.573324] \xffffffc3
[    5.573324] \xffffffe9
[    5.573325] \x79
[    5.573326] \x50
[    5.573327] \xffffff8e
[    5.573327] \x3f
[    5.573328] \xfffffff3
[    5.573329] \x19
[    5.573330] \x2a
[    5.573330] \xfffffffd
[    5.573331] \xfffffffb
[    5.573332] \x62
[    5.573333] \x3c
[    5.573334] \xffffffac
[    5.573334] \x1c
[    5.573335] \x3b
[    5.573336] \x3b
[    5.573337] \x15
[    5.573337] \x27
[    5.573338] \xffffffa8
[    5.573339] \x22
[    5.573340] \xffffffc5
[    5.573340] \xffffff9a
[    5.573341] \x5
[    5.573342] \x6c
[    5.573343] \xffffffa8
[    5.573343] \x3a
[    5.573344] \x44
[    5.573345] \xffffffaf
[    5.573346] \x13
[    5.573347] \xffffffe0
[    5.573347] \xffffff9d
[    5.573348] \x22
[    5.573349] 
[    5.573349] END NET_SECRET
[    5.573353] random 0025 0000 0000 e7f555d9 e8ce5c3c: rand_read_num 9 get_random_bytes(4): sig 0000068c e7f555d9 e8ce5c3c
[    5.573355] random 0025 0000 0000 e7f555d9 e8ce5c3c: extract_entropy(.. 4 ..)
[    5.573357] random 0025 0000 0000 e7f555d9 e8ce5c3c: going to reseed nonblocking with 64 bits (32 of 0 requested)
[    5.573359] random 0025 0000 0000 e7f555d9 e8ce5c3c: extract_entropy(.. 8 ..)
[    5.573362] random 0025 0000 0000 e7f555d9 e8ce5c3c: trying to extract 64 bits from input
[    5.573364] random 0025 0000 0000 e7f555d9 e8ce5c3c: debiting 0 entropy credits from input
[    5.573366] random 0025 0000 0000 e7f555d9 e8ce5c3c: extract_entropy account returned: 0 
[    5.573369] random 0025 0000 0000 e7f555d9 e8ce5c3c: urand_change_num 43 xfer_secondary_pool(4): pool_sig 0000068c, data_sig 00000000, bytes_mixed 0 e7f555d9 e8ce5c3c
[    5.573372] random 0025 0000 0000 e7f555d9 e8ce5c3c: trying to extract 32 bits from nonblocking
[    5.573374] random 0025 0000 0000 e7f555d9 e8ce5c3c: debiting 32 entropy credits from nonblocking (unlimited)
[    5.573376] random 0025 0000 0000 e7f555d9 e8ce5c3c: extract_entropy account returned: 4 
[    5.573380] random 0025 0000 0000 e7f555d9 e8ce5c3c: urand_change_num 44 extract_buf: pool_sig 0000068c, data_sig fffffdcb, bytes_mixed 20 e7f555d9 e8ce5c3c
[    5.573391] md: Waiting for all devices to be available before autodetect
[    5.573484] md: If you don't use raid, use raid=noautodetect
[    5.573645] md: Autodetecting RAID arrays.
[    5.573744] md: Scanned 0 and added 0 devices.
[    5.573829] md: autorun ...
[    5.573916] md: ... autorun DONE.
[    5.587359] random 0025 0000 0000 e7f555d9 e8ce5c3c: add_disk_randomness(8:0) e7f555d9 e8ce5c3c
[    5.587363] random 0025 0000 0000 e7f555d9 e8ce5c3c: add_timer_randomness(.. 8388864) with jiffies: 13924080413656711579, cycles: -4522663664347512821
[    5.587366] random 0025 0000 0000 e7f555d9 e8ce5c3c: added 3 entropy credits to input
[    5.588483] random 0028 0000 0000 e7f555d9 e8ce5c3c: add_disk_randomness(8:0) e7f555d9 e8ce5c3c
[    5.588486] random 0028 0000 0000 e7f555d9 e8ce5c3c: add_timer_randomness(.. 8388864) with jiffies: 13934188443094188444, cycles: -4512555634910035957
[    5.588597] random 0028 0000 0000 e7f555d9 e8ce5c3c: add_disk_randomness(8:0) e7f555d9 e8ce5c3c
[    5.588600] random 0028 0000 0000 e7f555d9 e8ce5c3c: add_timer_randomness(.. 8388864) with jiffies: 13935217379819356572, cycles: -4511526698184867829
[    5.588605] EXT3-fs: sda2: couldn't mount because of unsupported optional features (240).
[    5.588824] random 0028 0000 0000 e7f555d9 e8ce5c3c: add_disk_randomness(8:0) e7f555d9 e8ce5c3c
[    5.588827] random 0028 0000 0000 e7f555d9 e8ce5c3c: add_timer_randomness(.. 8388864) with jiffies: 13937247159888609693, cycles: -4509496918115614709
[    5.588831] EXT2-fs: sda2: couldn't mount because of unsupported optional features (240).
[    5.589014] random 0028 0000 0000 e7f555d9 e8ce5c3c: add_disk_randomness(8:0) e7f555d9 e8ce5c3c
[    5.589017] random 0028 0000 0000 e7f555d9 e8ce5c3c: add_timer_randomness(.. 8388864) with jiffies: 13938960220479521181, cycles: -4507783857524703221
[    5.589142] random 0028 0000 0000 e7f555d9 e8ce5c3c: add_disk_randomness(8:0) e7f555d9 e8ce5c3c
[    5.589145] random 0028 0000 0000 e7f555d9 e8ce5c3c: add_timer_randomness(.. 8388864) with jiffies: 13940115339048878493, cycles: -4506628738955345909
[    5.589258] random 0028 0000 0000 e7f555d9 e8ce5c3c: add_disk_randomness(8:0) e7f555d9 e8ce5c3c
[    5.589261] random 0028 0000 0000 e7f555d9 e8ce5c3c: add_timer_randomness(.. 8388864) with jiffies: 13941158887252787613, cycles: -4505585190751436789
[    5.589373] random 0028 0000 0000 e7f555d9 e8ce5c3c: add_disk_randomness(8:0) e7f555d9 e8ce5c3c
[    5.589376] random 0028 0000 0000 e7f555d9 e8ce5c3c: add_timer_randomness(.. 8388864) with jiffies: 13942196753214964125, cycles: -4504547324789260277
[    5.589516] random 0028 0000 0000 e7f555d9 e8ce5c3c: add_disk_randomness(8:0) e7f555d9 e8ce5c3c
[    5.589519] random 0028 0000 0000 e7f555d9 e8ce5c3c: add_timer_randomness(.. 8388864) with jiffies: 13943490771026674077, cycles: -4503253306977550325
[    5.589644] random 0028 0000 0000 e7f555d9 e8ce5c3c: add_disk_randomness(8:0) e7f555d9 e8ce5c3c
[    5.589647] random 0028 0000 0000 e7f555d9 e8ce5c3c: add_timer_randomness(.. 8388864) with jiffies: 13944638042690781597, cycles: -4502106035313442805
[    5.589766] random 0028 0000 0000 e7f555d9 e8ce5c3c: add_disk_randomness(8:0) e7f555d9 e8ce5c3c
[    5.589768] random 0028 0000 0000 e7f555d9 e8ce5c3c: add_timer_randomness(.. 8388864) with jiffies: 13945722040896684446, cycles: -4501022037107539957
[    5.589912] random 0028 0000 0000 e7f555d9 e8ce5c3c: add_disk_randomness(8:0) e7f555d9 e8ce5c3c
[    5.589915] random 0028 0000 0000 e7f555d9 e8ce5c3c: add_timer_randomness(.. 8388864) with jiffies: 13947044697550324126, cycles: -4499699380453900277
[    5.590151] random 0028 0000 0000 e7f555d9 e8ce5c3c: rand_read_num 10 get_random_bytes(4): sig ffffff72 e7f555d9 e8ce5c3c
[    5.590153] random 0028 0000 0000 e7f555d9 e8ce5c3c: extract_entropy(.. 4 ..)
[    5.590155] random 0028 0000 0000 e7f555d9 e8ce5c3c: going to reseed nonblocking with 64 bits (32 of 0 requested)
[    5.590158] random 0028 0000 0000 e7f555d9 e8ce5c3c: extract_entropy(.. 8 ..)
[    5.590160] random 0028 0000 0000 e7f555d9 e8ce5c3c: trying to extract 64 bits from input
[    5.590162] random 0028 0000 0000 e7f555d9 e8ce5c3c: debiting 0 entropy credits from input
[    5.590164] random 0028 0000 0000 e7f555d9 e8ce5c3c: extract_entropy account returned: 0 
[    5.590167] random 0028 0000 0000 e7f555d9 e8ce5c3c: urand_change_num 45 xfer_secondary_pool(4): pool_sig ffffff72, data_sig 00000000, bytes_mixed 0 e7f555d9 e8ce5c3c
[    5.590170] random 0028 0000 0000 e7f555d9 e8ce5c3c: trying to extract 32 bits from nonblocking
[    5.590172] random 0028 0000 0000 e7f555d9 e8ce5c3c: debiting 32 entropy credits from nonblocking (unlimited)
[    5.590175] random 0028 0000 0000 e7f555d9 e8ce5c3c: extract_entropy account returned: 4 
[    5.590179] random 0028 0000 0000 e7f555d9 e8ce5c3c: urand_change_num 46 extract_buf: pool_sig ffffff72, data_sig ffffff72, bytes_mixed 20 e7f555d9 e8ce5c3c
[    5.601811] random 0028 0000 0000 91716c54 eeb6a1e7: add_disk_randomness(8:0) 91716c54 eeb6a1e7
[    5.601814] random 0028 0000 0000 91716c54 eeb6a1e7: add_timer_randomness(.. 8388864) with jiffies: 14054111209968075178, cycles: -4392632868036149237
[    5.601817] random 0028 0000 0000 91716c54 eeb6a1e7: added 3 entropy credits to input
[    5.620083] random 0031 0000 0000 91716c54 eeb6a1e7: add_disk_randomness(8:0) 91716c54 eeb6a1e7
[    5.620086] random 0031 0000 0000 91716c54 eeb6a1e7: add_timer_randomness(.. 8388864) with jiffies: 14218533772218565052, cycles: -4228210305785659381
[    5.620089] random 0031 0000 0000 91716c54 eeb6a1e7: added 2 entropy credits to input
[    5.624821] EXT4-fs (sda2): mounted filesystem with ordered data mode
[    5.625017] VFS: Mounted root (ext4 filesystem) readonly on device 8:2.
[    5.625114] Freeing unused kernel memory: 448k freed
[    5.645273] random 0033 0000 0000 91716c54 eeb6a1e7: add_disk_randomness(8:0) 91716c54 eeb6a1e7
[    5.645276] random 0033 0000 0000 91716c54 eeb6a1e7: add_timer_randomness(.. 8388864) with jiffies: 14445199477264056789, cycles: -4001544600740167669
[    5.645960] random 0033 0000 0000 91716c54 eeb6a1e7: add_disk_randomness(8:0) 91716c54 eeb6a1e7
[    5.645963] random 0033 0000 0000 91716c54 eeb6a1e7: add_timer_randomness(.. 8388864) with jiffies: 14451379411216990678, cycles: -3995364666787233781
[    5.650683] random 0033 0000 0000 91716c54 eeb6a1e7: add_disk_randomness(8:0) 91716c54 eeb6a1e7
[    5.650686] random 0033 0000 0000 91716c54 eeb6a1e7: add_timer_randomness(.. 8388864) with jiffies: 14493888399057584602, cycles: -3952855678946639861
[    5.650689] random 0033 0000 0000 91716c54 eeb6a1e7: added 1 entropy credits to input
[    5.658884] random 0034 0000 0000 91716c54 eeb6a1e7: add_disk_randomness(8:0) 91716c54 eeb6a1e7
[    5.658887] random 0034 0000 0000 91716c54 eeb6a1e7: add_timer_randomness(.. 8388864) with jiffies: 14567672441099485667, cycles: -3879071636904738805
[    5.658890] random 0034 0000 0000 91716c54 eeb6a1e7: added 1 entropy credits to input
[    5.662304] random 0035 0000 0000 91716c54 eeb6a1e7: add_disk_randomness(8:0) 91716c54 eeb6a1e7
[    5.662307] random 0035 0000 0000 91716c54 eeb6a1e7: add_timer_randomness(.. 8388864) with jiffies: 14598453101615350246, cycles: -3848290976388874229
[    5.662310] random 0035 0000 0000 91716c54 eeb6a1e7: added 1 entropy credits to input
[    5.671200] random 0036 0000 0000 91716c54 eeb6a1e7: add_disk_randomness(8:0) 91716c54 eeb6a1e7
[    5.671203] random 0036 0000 0000 91716c54 eeb6a1e7: add_timer_randomness(.. 8388864) with jiffies: 14678495323324383727, cycles: -3768248754679840757
[    5.671205] random 0036 0000 0000 91716c54 eeb6a1e7: added 2 entropy credits to input
[    5.676156] random 0038 0000 0000 91716c54 eeb6a1e7: add_disk_randomness(8:0) 91716c54 eeb6a1e7
[    5.676159] random 0038 0000 0000 91716c54 eeb6a1e7: add_timer_randomness(.. 8388864) with jiffies: 14723092983825793524, cycles: -3723651094178430965
[    5.676162] random 0038 0000 0000 91716c54 eeb6a1e7: added 2 entropy credits to input
[    5.684231] random 0040 0000 0000 91716c54 eeb6a1e7: add_disk_randomness(8:0) 91716c54 eeb6a1e7
[    5.684234] random 0040 0000 0000 91716c54 eeb6a1e7: add_timer_randomness(.. 8388864) with jiffies: 14795757400908071420, cycles: -3650986677096153077
[    5.684237] random 0040 0000 0000 91716c54 eeb6a1e7: added 1 entropy credits to input
[    5.684259] RANDOM get_random_int call with cycles 50689600133, jiffies 4294672892 and pid 1
[    5.684262] RANDOM get_random_int call with cycles 50689606853, jiffies 4294672892 and pid 1
[    5.684264] ASLR stack rand value: 3604480 after shift for pid: 1
[    5.684266] RANDOM get_random_int call with cycles 50689614581, jiffies 4294672892 and pid 1
[    5.695875] random 0041 0000 0000 91716c54 eeb6a1e7: add_disk_randomness(8:0) 91716c54 eeb6a1e7
[    5.695878] random 0041 0000 0000 91716c54 eeb6a1e7: add_timer_randomness(.. 8388864) with jiffies: 14900525354203185672, cycles: -3546218723801038837
[    5.695888] RANDOM get_random_int call with cycles 50713962936, jiffies 4294672904 and pid 1
[    5.695891] random 0041 0000 0000 91716c54 eeb6a1e7: rand_read_num 11 get_random_bytes(16): sig fffffcad 91716c54 eeb6a1e7
[    5.695894] random 0041 0000 0000 91716c54 eeb6a1e7: extract_entropy(.. 16 ..)
[    5.695896] random 0041 0000 0000 91716c54 eeb6a1e7: going to reseed nonblocking with 128 bits (128 of 0 requested)
[    5.695898] random 0041 0000 0000 91716c54 eeb6a1e7: extract_entropy(.. 16 ..)
[    5.695900] random 0041 0000 0000 91716c54 eeb6a1e7: trying to extract 128 bits from input
[    5.695903] random 0041 0000 0000 91716c54 eeb6a1e7: debiting 0 entropy credits from input
[    5.695905] random 0041 0000 0000 91716c54 eeb6a1e7: extract_entropy account returned: 0 
[    5.695908] random 0041 0000 0000 91716c54 eeb6a1e7: urand_change_num 47 xfer_secondary_pool(16): pool_sig fffffcad, data_sig 00000000, bytes_mixed 0 91716c54 eeb6a1e7
[    5.695911] random 0041 0000 0000 91716c54 eeb6a1e7: trying to extract 128 bits from nonblocking
[    5.695913] random 0041 0000 0000 91716c54 eeb6a1e7: debiting 128 entropy credits from nonblocking (unlimited)
[    5.695916] random 0041 0000 0000 91716c54 eeb6a1e7: extract_entropy account returned: 16 
[    5.695920] random 0041 0000 0000 91716c54 eeb6a1e7: urand_change_num 48 extract_buf: pool_sig fffffcad, data_sig ffffff19, bytes_mixed 20 91716c54 eeb6a1e7
[    5.695925] random 0041 0000 0000 fd637b06 6cf47bc1: urand_change_num 49 extract_buf: pool_sig fffffede, data_sig ffffffc1, bytes_mixed 20 fd637b06 6cf47bc1
[    5.696885] random 0041 0000 0000 fd637b06 6cf47bc1: add_disk_randomness(8:0) fd637b06 6cf47bc1
[    5.696888] random 0041 0000 0000 fd637b06 6cf47bc1: add_timer_randomness(.. 8388864) with jiffies: 14909614686117528073, cycles: -3537129391886696437
[    5.698085] random 0041 0000 0000 fd637b06 6cf47bc1: add_disk_randomness(8:0) fd637b06 6cf47bc1
[    5.698088] random 0041 0000 0000 fd637b06 6cf47bc1: add_timer_randomness(.. 8388864) with jiffies: 14920418702120419850, cycles: -3526325375883804661
[    5.699239] random 0041 0000 0000 fd637b06 6cf47bc1: add_disk_randomness(8:0) fd637b06 6cf47bc1
[    5.699242] random 0041 0000 0000 fd637b06 6cf47bc1: add_timer_randomness(.. 8388864) with jiffies: 14930806248029520395, cycles: -3515937829974704117
[    5.700109] random 0041 0000 0000 fd637b06 6cf47bc1: add_disk_randomness(8:0) fd637b06 6cf47bc1
[    5.700112] random 0041 0000 0000 fd637b06 6cf47bc1: add_timer_randomness(.. 8388864) with jiffies: 14938630875283948044, cycles: -3508113202720276469
[    5.700298] random 0041 0000 0000 fd637b06 6cf47bc1: add_disk_randomness(8:0) fd637b06 6cf47bc1
[    5.700301] random 0041 0000 0000 fd637b06 6cf47bc1: add_timer_randomness(.. 8388864) with jiffies: 14940329234201805324, cycles: -3506414843802419189
[    5.700514] random 0041 0000 0000 fd637b06 6cf47bc1: add_disk_randomness(8:0) fd637b06 6cf47bc1
[    5.700517] random 0041 0000 0000 fd637b06 6cf47bc1: add_timer_randomness(.. 8388864) with jiffies: 14942280317585293836, cycles: -3504463760418930677
[    5.710937] random 0041 0000 0000 fd637b06 6cf47bc1: add_disk_randomness(8:0) fd637b06 6cf47bc1
[    5.710940] random 0041 0000 0000 fd637b06 6cf47bc1: add_timer_randomness(.. 8388864) with jiffies: 15036057642843472407, cycles: -3410686435160752117
[    5.710942] random 0041 0000 0000 fd637b06 6cf47bc1: added 3 entropy credits to input
[    5.711374] random 0044 0000 0000 fd637b06 6cf47bc1: add_disk_randomness(8:0) fd637b06 6cf47bc1
[    5.711377] random 0044 0000 0000 fd637b06 6cf47bc1: add_timer_randomness(.. 8388864) with jiffies: 15039999812935844375, cycles: -3406744265068380149
[    5.721116] random 0044 0000 0000 fd637b06 6cf47bc1: add_disk_randomness(8:0) fd637b06 6cf47bc1
[    5.721119] random 0044 0000 0000 fd637b06 6cf47bc1: add_timer_randomness(.. 8388864) with jiffies: 15127658175596823073, cycles: -3319085902407401461
[    5.721122] random 0044 0000 0000 fd637b06 6cf47bc1: added 3 entropy credits to input
[    5.721175] RANDOM get_random_int call with cycles 50766940350, jiffies 4294672929 and pid 1
[    5.734041] random 0047 0000 0000 fd637b06 6cf47bc1: add_disk_randomness(8:0) fd637b06 6cf47bc1
[    5.734044] random 0047 0000 0000 fd637b06 6cf47bc1: add_timer_randomness(.. 8388864) with jiffies: 15243958829046268462, cycles: -3202785248957956085
[    5.734047] random 0047 0000 0000 fd637b06 6cf47bc1: added 1 entropy credits to input
[    5.746868] random 0048 0000 0000 fd637b06 6cf47bc1: add_disk_randomness(8:0) fd637b06 6cf47bc1
[    5.746871] random 0048 0000 0000 fd637b06 6cf47bc1: add_timer_randomness(.. 8388864) with jiffies: 15359374268261171771, cycles: -3087369809743052789
[    5.747005] random 0048 0000 0000 fd637b06 6cf47bc1: add_disk_randomness(8:0) fd637b06 6cf47bc1
[    5.747008] random 0048 0000 0000 fd637b06 6cf47bc1: add_timer_randomness(.. 8388864) with jiffies: 15360606816500941371, cycles: -3086137261503283189
[    5.749169] random 0048 0000 0000 fd637b06 6cf47bc1: add_disk_randomness(8:0) fd637b06 6cf47bc1
[    5.749172] random 0048 0000 0000 fd637b06 6cf47bc1: add_timer_randomness(.. 8388864) with jiffies: 15380086533297766973, cycles: -3066657544706457589
[    5.749175] random 0048 0000 0000 fd637b06 6cf47bc1: added 1 entropy credits to input
[    5.749415] random 0049 0000 0000 fd637b06 6cf47bc1: add_disk_randomness(8:0) fd637b06 6cf47bc1
[    5.749418] random 0049 0000 0000 fd637b06 6cf47bc1: add_timer_randomness(.. 8388864) with jiffies: 15382306215346012733, cycles: -3064437862658211829
[    5.749555] random 0049 0000 0000 fd637b06 6cf47bc1: add_disk_randomness(8:0) fd637b06 6cf47bc1
[    5.749558] random 0049 0000 0000 fd637b06 6cf47bc1: add_timer_randomness(.. 8388864) with jiffies: 15383566229901640253, cycles: -3063177848102584309
[    5.752722] random 0049 0000 0000 fd637b06 6cf47bc1: add_disk_randomness(8:0) fd637b06 6cf47bc1
[    5.752725] random 0049 0000 0000 fd637b06 6cf47bc1: add_timer_randomness(.. 8388864) with jiffies: 15412049143043686977, cycles: -3034694934960537589
[    5.752728] random 0049 0000 0000 fd637b06 6cf47bc1: added 2 entropy credits to input
[    5.754733] random 0051 0000 0000 fd637b06 6cf47bc1: add_disk_randomness(8:0) fd637b06 6cf47bc1
[    5.754736] random 0051 0000 0000 fd637b06 6cf47bc1: add_timer_randomness(.. 8388864) with jiffies: 15430148165293802051, cycles: -3016595912710422517
[    5.754739] random 0051 0000 0000 fd637b06 6cf47bc1: added 1 entropy credits to input
[    5.762561] random 0052 0000 0000 fd637b06 6cf47bc1: add_disk_randomness(8:0) fd637b06 6cf47bc1
[    5.762564] random 0052 0000 0000 fd637b06 6cf47bc1: add_timer_randomness(.. 8388864) with jiffies: 15500598853152506442, cycles: -2946145224851718133
[    5.762567] random 0052 0000 0000 fd637b06 6cf47bc1: added 2 entropy credits to input
[    5.762701] random 0054 0000 0000 fd637b06 6cf47bc1: add_disk_randomness(8:0) fd637b06 6cf47bc1
[    5.762704] random 0054 0000 0000 fd637b06 6cf47bc1: add_timer_randomness(.. 8388864) with jiffies: 15501847232641729099, cycles: -2944896845362495477
[    5.766262] random 0054 0000 0000 fd637b06 6cf47bc1: add_disk_randomness(8:0) fd637b06 6cf47bc1
[    5.766265] random 0054 0000 0000 fd637b06 6cf47bc1: add_timer_randomness(.. 8388864) with jiffies: 15533892099601302094, cycles: -2912851978402922485
[    5.766267] random 0054 0000 0000 fd637b06 6cf47bc1: added 1 entropy credits to input
[    5.770758] random 0055 0000 0000 fd637b06 6cf47bc1: add_disk_randomness(8:0) fd637b06 6cf47bc1
[    5.770761] random 0055 0000 0000 fd637b06 6cf47bc1: add_timer_randomness(.. 8388864) with jiffies: 15574342672825680467, cycles: -2872401405178544117
[    5.776333] random 0055 0000 0000 fd637b06 6cf47bc1: add_disk_randomness(8:0) fd637b06 6cf47bc1
[    5.776336] random 0055 0000 0000 fd637b06 6cf47bc1: add_timer_randomness(.. 8388864) with jiffies: 15624519976880931416, cycles: -2822224101123293173
[    5.782611] random 0055 0000 0000 fd637b06 6cf47bc1: add_disk_randomness(8:0) fd637b06 6cf47bc1
[    5.782614] random 0055 0000 0000 fd637b06 6cf47bc1: add_timer_randomness(.. 8388864) with jiffies: 15681013275158086238, cycles: -2765730802846138357
[    5.782627] random 0055 0000 0000 fd637b06 6cf47bc1: rand_read_num 12 get_random_bytes(16): sig 0000033b fd637b06 6cf47bc1
[    5.782630] random 0055 0000 0000 fd637b06 6cf47bc1: extract_entropy(.. 16 ..)
[    5.782632] random 0055 0000 0000 fd637b06 6cf47bc1: going to reseed nonblocking with 128 bits (128 of 0 requested)
[    5.782635] random 0055 0000 0000 fd637b06 6cf47bc1: extract_entropy(.. 16 ..)
[    5.782637] random 0055 0000 0000 fd637b06 6cf47bc1: trying to extract 128 bits from input
[    5.782639] random 0055 0000 0000 fd637b06 6cf47bc1: debiting 0 entropy credits from input
[    5.782641] random 0055 0000 0000 fd637b06 6cf47bc1: extract_entropy account returned: 0 
[    5.782644] random 0055 0000 0000 fd637b06 6cf47bc1: urand_change_num 50 xfer_secondary_pool(16): pool_sig 0000033b, data_sig 00000000, bytes_mixed 0 fd637b06 6cf47bc1
[    5.782647] random 0055 0000 0000 fd637b06 6cf47bc1: trying to extract 128 bits from nonblocking
[    5.782650] random 0055 0000 0000 fd637b06 6cf47bc1: debiting 128 entropy credits from nonblocking (unlimited)
[    5.782652] random 0055 0000 0000 fd637b06 6cf47bc1: extract_entropy account returned: 16 
[    5.782656] random 0055 0000 0000 fd637b06 6cf47bc1: urand_change_num 51 extract_buf: pool_sig 0000033b, data_sig 000000d8, bytes_mixed 20 fd637b06 6cf47bc1
[    5.782662] random 0055 0000 0000 0ec1f012 d4727ca8: urand_change_num 52 extract_buf: pool_sig fffffcf5, data_sig 00000016, bytes_mixed 20 0ec1f012 d4727ca8
[    5.789355] random 0055 0000 0000 45b1d0b1 845a73f7: add_disk_randomness(8:0) 45b1d0b1 845a73f7
[    5.789358] random 0055 0000 0000 45b1d0b1 845a73f7: add_timer_randomness(.. 8388864) with jiffies: 15741693260310741605, cycles: -2705050817693482997
[    5.796576] random 0055 0000 0000 45b1d0b1 845a73f7: add_disk_randomness(8:0) 45b1d0b1 845a73f7
[    5.796579] random 0055 0000 0000 45b1d0b1 845a73f7: add_timer_randomness(.. 8388864) with jiffies: 15806675690297459308, cycles: -2640068387706765301
[    5.804595] random 0055 0000 0000 45b1d0b1 845a73f7: add_disk_randomness(8:0) 45b1d0b1 845a73f7
[    5.804598] random 0055 0000 0000 45b1d0b1 845a73f7: add_timer_randomness(.. 8388864) with jiffies: 15878832583979270772, cycles: -2567911494024953845
[    5.814002] random 0055 0000 0000 45b1d0b1 845a73f7: add_disk_randomness(8:0) 45b1d0b1 845a73f7
[    5.814005] random 0055 0000 0000 45b1d0b1 845a73f7: add_timer_randomness(.. 8388864) with jiffies: 15963467860894515838, cycles: -2483276217109708789
[    5.817138] random 0055 0000 0000 45b1d0b1 845a73f7: add_disk_randomness(8:0) 45b1d0b1 845a73f7
[    5.817141] random 0055 0000 0000 45b1d0b1 845a73f7: add_timer_randomness(.. 8388864) with jiffies: 15991692096746259073, cycles: -2455051981257965557
[    5.817144] random 0055 0000 0000 45b1d0b1 845a73f7: added 1 entropy credits to input
[    5.831407] random 0056 0000 0000 45b1d0b1 845a73f7: add_disk_randomness(8:0) 45b1d0b1 845a73f7
[    5.831410] random 0056 0000 0000 45b1d0b1 845a73f7: add_timer_randomness(.. 8388864) with jiffies: 16120088932879401615, cycles: -2326655145124823029
[    5.831413] random 0056 0000 0000 45b1d0b1 845a73f7: added 3 entropy credits to input
[    5.836805] random 0059 0000 0000 45b1d0b1 845a73f7: add_disk_randomness(8:0) 45b1d0b1 845a73f7
[    5.836808] random 0059 0000 0000 45b1d0b1 845a73f7: add_timer_randomness(.. 8388864) with jiffies: 16168653206132064917, cycles: -2278090871872159733
[    5.836811] random 0059 0000 0000 45b1d0b1 845a73f7: added 2 entropy credits to input
[    5.841977] random 0061 0000 0000 45b1d0b1 845a73f7: add_disk_randomness(8:0) 45b1d0b1 845a73f7
[    5.841980] random 0061 0000 0000 45b1d0b1 845a73f7: add_timer_randomness(.. 8388864) with jiffies: 16215199918497432218, cycles: -2231544159506792437
[    5.850204] random 0061 0000 0000 45b1d0b1 845a73f7: add_disk_randomness(8:0) 45b1d0b1 845a73f7
[    5.850207] random 0061 0000 0000 45b1d0b1 845a73f7: add_timer_randomness(.. 8388864) with jiffies: 16289228344178475682, cycles: -2157515733825748981
[    5.850210] random 0061 0000 0000 45b1d0b1 845a73f7: added 1 entropy credits to input
[    5.859805] random 0062 0000 0000 45b1d0b1 845a73f7: add_disk_randomness(8:0) 45b1d0b1 845a73f7
[    5.859808] random 0062 0000 0000 45b1d0b1 845a73f7: add_timer_randomness(.. 8388864) with jiffies: 16375616414427087532, cycles: -2071127663577137141
[    5.879303] random 0062 0000 0000 45b1d0b1 845a73f7: add_disk_randomness(8:0) 45b1d0b1 845a73f7
[    5.879306] random 0062 0000 0000 45b1d0b1 845a73f7: add_timer_randomness(.. 8388864) with jiffies: 16551075423425626815, cycles: -1895668654578597877
[    5.879309] random 0062 0000 0000 45b1d0b1 845a73f7: added 2 entropy credits to input
[    5.892584] random 0064 0000 0000 45b1d0b1 845a73f7: add_disk_randomness(8:0) 45b1d0b1 845a73f7
[    5.892587] random 0064 0000 0000 45b1d0b1 845a73f7: add_timer_randomness(.. 8388864) with jiffies: 16670582304321274572, cycles: -1776161773682950133
[    5.892590] random 0064 0000 0000 45b1d0b1 845a73f7: added 2 entropy credits to input
[    5.900604] random 0066 0000 0000 45b1d0b1 845a73f7: add_disk_randomness(8:0) 45b1d0b1 845a73f7
[    5.900607] random 0066 0000 0000 45b1d0b1 845a73f7: add_timer_randomness(.. 8388864) with jiffies: 16742745554554684116, cycles: -1703998523449540597
[    5.910617] random 0066 0000 0000 45b1d0b1 845a73f7: add_disk_randomness(8:0) 45b1d0b1 845a73f7
[    5.910620] random 0066 0000 0000 45b1d0b1 845a73f7: add_timer_randomness(.. 8388864) with jiffies: 16832851344199746270, cycles: -1613892733804478453
[    5.910623] random 0066 0000 0000 45b1d0b1 845a73f7: added 1 entropy credits to input
[    5.923505] random 0067 0000 0000 45b1d0b1 845a73f7: add_disk_randomness(8:0) 45b1d0b1 845a73f7
[    5.923508] random 0067 0000 0000 45b1d0b1 845a73f7: add_timer_randomness(.. 8388864) with jiffies: 16948817600085459691, cycles: -1497926477918765045
[    5.930860] random 0067 0000 0000 45b1d0b1 845a73f7: add_disk_randomness(8:0) 45b1d0b1 845a73f7
[    5.930863] random 0067 0000 0000 45b1d0b1 845a73f7: add_timer_randomness(.. 8388864) with jiffies: 17014991587144073971, cycles: -1431752490860150773
[    5.930866] random 0067 0000 0000 45b1d0b1 845a73f7: added 2 entropy credits to input
[    5.936105] random 0069 0000 0000 45b1d0b1 845a73f7: add_disk_randomness(8:0) 45b1d0b1 845a73f7
[    5.936108] random 0069 0000 0000 45b1d0b1 845a73f7: add_timer_randomness(.. 8388864) with jiffies: 17062193247662342904, cycles: -1384550830341881845
[    5.936111] random 0069 0000 0000 45b1d0b1 845a73f7: added 1 entropy credits to input
[    5.942542] random 0070 0000 0000 45b1d0b1 845a73f7: add_disk_randomness(8:0) 45b1d0b1 845a73f7
[    5.942545] random 0070 0000 0000 45b1d0b1 845a73f7: add_timer_randomness(.. 8388864) with jiffies: 17120120592569959166, cycles: -1326623485434265589
[    5.947597] random 0070 0000 0000 45b1d0b1 845a73f7: add_disk_randomness(8:0) 45b1d0b1 845a73f7
[    5.947600] random 0070 0000 0000 45b1d0b1 845a73f7: add_timer_randomness(.. 8388864) with jiffies: 17165604592587342595, cycles: -1281139485416882165
[    5.953496] random 0070 0000 0000 45b1d0b1 845a73f7: add_disk_randomness(8:0) 45b1d0b1 845a73f7
[    5.953499] random 0070 0000 0000 45b1d0b1 845a73f7: add_timer_randomness(.. 8388864) with jiffies: 17218687506442846985, cycles: -1228056571561377781
[    5.962848] random 0070 0000 0000 45b1d0b1 845a73f7: add_disk_randomness(8:0) 45b1d0b1 845a73f7
[    5.962851] random 0070 0000 0000 45b1d0b1 845a73f7: add_timer_randomness(.. 8388864) with jiffies: 17302831585128317715, cycles: -1143912492875907061
[    5.962854] random 0070 0000 0000 45b1d0b1 845a73f7: added 1 entropy credits to input
[    5.967724] random 0071 0000 0000 45b1d0b1 845a73f7: add_disk_randomness(8:0) 45b1d0b1 845a73f7
[    5.967727] random 0071 0000 0000 45b1d0b1 845a73f7: add_timer_randomness(.. 8388864) with jiffies: 17346703499235918616, cycles: -1100040578768306165
[    5.967730] random 0071 0000 0000 45b1d0b1 845a73f7: added 2 entropy credits to input
[    5.975155] random 0073 0000 0000 45b1d0b1 845a73f7: add_disk_randomness(8:0) 45b1d0b1 845a73f7
[    5.975158] random 0073 0000 0000 45b1d0b1 845a73f7: add_timer_randomness(.. 8388864) with jiffies: 17413574327558439711, cycles: -1033169750445785077
[    5.975161] random 0073 0000 0000 45b1d0b1 845a73f7: added 1 entropy credits to input
[    5.981373] random 0074 0000 0000 45b1d0b1 845a73f7: add_disk_randomness(8:0) 45b1d0b1 845a73f7
[    5.981375] random 0074 0000 0000 45b1d0b1 845a73f7: add_timer_randomness(.. 8388864) with jiffies: 17469523170011349797, cycles: -977220907992874997
[    5.981529] random 0074 0000 0000 45b1d0b1 845a73f7: add_disk_randomness(8:0) 45b1d0b1 845a73f7
[    5.981532] random 0074 0000 0000 45b1d0b1 845a73f7: add_timer_randomness(.. 8388864) with jiffies: 17470934032408347429, cycles: -975810045595877365
[    5.995937] random 0074 0000 0000 45b1d0b1 845a73f7: add_disk_randomness(8:0) 45b1d0b1 845a73f7
[    5.995940] random 0074 0000 0000 45b1d0b1 845a73f7: add_timer_randomness(.. 8388864) with jiffies: 17600572483457221428, cycles: -846171594547003381
[    5.995943] random 0074 0000 0000 45b1d0b1 845a73f7: added 3 entropy credits to input
[    6.003355] random 0077 0000 0000 45b1d0b1 845a73f7: add_disk_randomness(8:0) 45b1d0b1 845a73f7
[    6.003358] random 0077 0000 0000 45b1d0b1 845a73f7: add_timer_randomness(.. 8388864) with jiffies: 17667329804384043835, cycles: -779414273620180981
[    6.003361] random 0077 0000 0000 45b1d0b1 845a73f7: added 2 entropy credits to input
[    6.013035] random 0079 0000 0000 45b1d0b1 845a73f7: add_disk_randomness(8:0) 45b1d0b1 845a73f7
[    6.013038] random 0079 0000 0000 45b1d0b1 845a73f7: add_timer_randomness(.. 8388864) with jiffies: 17754430319512748869, cycles: -692313758491475957
[    6.013041] random 0079 0000 0000 45b1d0b1 845a73f7: added 1 entropy credits to input
[    6.023662] random 0080 0000 0000 45b1d0b1 845a73f7: add_disk_randomness(8:0) 45b1d0b1 845a73f7
[    6.023665] random 0080 0000 0000 45b1d0b1 845a73f7: add_timer_randomness(.. 8388864) with jiffies: 17850043730405065552, cycles: -596700347599159285
[    6.036180] random 0080 0000 0000 45b1d0b1 845a73f7: add_disk_randomness(8:0) 45b1d0b1 845a73f7
[    6.036183] random 0080 0000 0000 45b1d0b1 845a73f7: add_timer_randomness(.. 8388864) with jiffies: 17962690655175803740, cycles: -484053422828421109
[    6.037382] random 0080 0000 0000 45b1d0b1 845a73f7: add_disk_randomness(8:0) 45b1d0b1 845a73f7
[    6.037385] random 0080 0000 0000 45b1d0b1 845a73f7: add_timer_randomness(.. 8388864) with jiffies: 17973513569034797917, cycles: -473230508969426933
[    6.041403] random 0080 0000 0000 45b1d0b1 845a73f7: add_disk_randomness(8:0) 45b1d0b1 845a73f7
[    6.041406] random 0080 0000 0000 45b1d0b1 845a73f7: add_timer_randomness(.. 8388864) with jiffies: 18009692264707359585, cycles: -437051813296865269
[    6.041408] random 0080 0000 0000 45b1d0b1 845a73f7: added 1 entropy credits to input
[    6.050746] random 0081 0000 0000 45b1d0b1 845a73f7: add_disk_randomness(8:0) 45b1d0b1 845a73f7
[    6.050749] random 0081 0000 0000 45b1d0b1 845a73f7: add_timer_randomness(.. 8388864) with jiffies: 18093760580169728875, cycles: -352983497834495989
[    6.050752] random 0081 0000 0000 45b1d0b1 845a73f7: added 1 entropy credits to input
[    6.051089] random 0082 0000 0000 45b1d0b1 845a73f7: add_disk_randomness(8:0) 45b1d0b1 845a73f7
[    6.051092] random 0082 0000 0000 45b1d0b1 845a73f7: add_timer_randomness(.. 8388864) with jiffies: 18096848653065618283, cycles: -349895424938606581
[    6.066751] random 0082 0000 0000 45b1d0b1 845a73f7: add_disk_randomness(8:0) 45b1d0b1 845a73f7
[    6.066754] random 0082 0000 0000 45b1d0b1 845a73f7: add_timer_randomness(.. 8388864) with jiffies: 18237770773475066747, cycles: -208973304529158133
[    6.066756] random 0082 0000 0000 45b1d0b1 845a73f7: added 4 entropy credits to input
[    6.068384] random 0086 0000 0000 45b1d0b1 845a73f7: add_disk_randomness(8:0) 45b1d0b1 845a73f7
[    6.068387] random 0086 0000 0000 45b1d0b1 845a73f7: add_timer_randomness(.. 8388864) with jiffies: 18252477767993754492, cycles: -194266310010470389
[    6.068538] random 0086 0000 0000 45b1d0b1 845a73f7: add_disk_randomness(8:0) 45b1d0b1 845a73f7
[    6.068541] random 0086 0000 0000 45b1d0b1 845a73f7: add_timer_randomness(.. 8388864) with jiffies: 18253865003775656828, cycles: -192879074228568053
[    6.079399] random 0086 0000 0000 45b1d0b1 845a73f7: add_disk_randomness(8:0) 45b1d0b1 845a73f7
[    6.079402] random 0086 0000 0000 45b1d0b1 845a73f7: add_timer_randomness(.. 8388864) with jiffies: 18351595142055166855, cycles: -95148935949058037
[    6.079405] random 0086 0000 0000 45b1d0b1 845a73f7: added 3 entropy credits to input
[    6.079966] random 0089 0000 0000 45b1d0b1 845a73f7: add_disk_randomness(8:0) 45b1d0b1 845a73f7
[    6.079969] random 0089 0000 0000 45b1d0b1 845a73f7: add_timer_randomness(.. 8388864) with jiffies: 18356689587448546184, cycles: -90054490555678709
[    6.085195] random 0089 0000 0000 45b1d0b1 845a73f7: add_disk_randomness(8:0) 45b1d0b1 845a73f7
[    6.085198] random 0089 0000 0000 45b1d0b1 845a73f7: add_timer_randomness(.. 8388864) with jiffies: 18403748199786054541, cycles: -42995878218170357
[    6.085201] random 0089 0000 0000 45b1d0b1 845a73f7: added 2 entropy credits to input
[    6.086953] random 0091 0000 0000 45b1d0b1 845a73f7: add_disk_randomness(8:0) 45b1d0b1 845a73f7
[    6.086956] random 0091 0000 0000 45b1d0b1 845a73f7: add_timer_randomness(.. 8388864) with jiffies: 18419563862802793359, cycles: -27180215201431541
[    6.086959] random 0091 0000 0000 45b1d0b1 845a73f7: added 1 entropy credits to input
[    6.097177] random 0092 0000 0000 45b1d0b1 845a73f7: add_disk_randomness(8:0) 45b1d0b1 845a73f7
[    6.097180] random 0092 0000 0000 45b1d0b1 845a73f7: add_timer_randomness(.. 8388864) with jiffies: 64822408094909337, cycles: 64822403800236044
[    6.097183] random 0092 0000 0000 45b1d0b1 845a73f7: added 3 entropy credits to input
[    6.111112] random 0095 0000 0000 45b1d0b1 845a73f7: add_disk_randomness(8:0) 45b1d0b1 845a73f7
[    6.111115] random 0095 0000 0000 45b1d0b1 845a73f7: add_timer_randomness(.. 8388864) with jiffies: 190206887310623655, cycles: 190206883015950348
