[    0.000000] random 0000 0000 0000 00000000 00000000: rand_read_num 1 get_random_bytes(8): sig 00000000 00000000 00000000
[    0.000000] random 0000 0000 0000 00000000 00000000: extract_entropy(.. 8 ..)
[    0.000000] random 0000 0000 0000 00000000 00000000: going to reseed nonblocking with 64 bits (64 of 0 requested)
[    0.000000] random 0000 0000 0000 00000000 00000000: extract_entropy(.. 8 ..)
[    0.000000] random 0000 0000 0000 00000000 00000000: trying to extract 64 bits from input
[    0.000000] random 0000 0000 0000 00000000 00000000: debiting 0 entropy credits from input
[    0.000000] random 0000 0000 0000 00000000 00000000: extract_entropy account returned: 0 
[    0.000000] random 0000 0000 0000 00000000 00000000: urand_change_num 1 xfer_secondary_pool(8): pool_sig 00000000, data_sig 00000000, bytes_mixed 0 00000000 00000000
[    0.000000] random 0000 0000 0000 00000000 00000000: trying to extract 64 bits from nonblocking
[    0.000000] random 0000 0000 0000 00000000 00000000: debiting 64 entropy credits from nonblocking (unlimited)
[    0.000000] random 0000 0000 0000 00000000 00000000: extract_entropy account returned: 8 
[    0.000000] random 0000 0000 0000 00000000 00000000: urand_change_num 2 extract_buf: pool_sig 00000000, data_sig fffffff9, bytes_mixed 20 00000000 00000000
[    0.000000] Linux version 2.6.32.57 (dcashman@dcashman-02) (gcc version 4.3.3 (GCC) ) #6 Thu May 30 09:02:12 PDT 2013
[    0.000000] KERNEL supported cpus:
[    0.000000]   Intel GenuineIntel
[    0.000000]   AMD AuthenticAMD
[    0.000000]   NSC Geode by NSC
[    0.000000]   Cyrix CyrixInstead
[    0.000000]   Centaur CentaurHauls
[    0.000000]   Transmeta GenuineTMx86
[    0.000000]   Transmeta TransmetaCPU
[    0.000000]   UMC UMC UMC UMC
[    0.000000] BIOS-provided physical RAM map:
[    0.000000]  BIOS-e820: 0000000000000000 - 000000000009d800 (usable)
[    0.000000]  BIOS-e820: 000000000009d800 - 00000000000a0000 (reserved)
[    0.000000]  BIOS-e820: 00000000000d2000 - 00000000000d4000 (reserved)
[    0.000000]  BIOS-e820: 00000000000e0000 - 0000000000100000 (reserved)
[    0.000000]  BIOS-e820: 0000000000100000 - 000000003d6b0000 (usable)
[    0.000000]  BIOS-e820: 000000003d6b0000 - 000000003d6cc000 (ACPI data)
[    0.000000]  BIOS-e820: 000000003d6cc000 - 000000003d700000 (ACPI NVS)
[    0.000000]  BIOS-e820: 000000003d700000 - 000000003e000000 (reserved)
[    0.000000]  BIOS-e820: 00000000f0000000 - 00000000f4000000 (reserved)
[    0.000000]  BIOS-e820: 00000000fec00000 - 00000000fec10000 (reserved)
[    0.000000]  BIOS-e820: 00000000fed00000 - 00000000fed00400 (reserved)
[    0.000000]  BIOS-e820: 00000000fed14000 - 00000000fed1a000 (reserved)
[    0.000000]  BIOS-e820: 00000000fed1c000 - 00000000fed90000 (reserved)
[    0.000000]  BIOS-e820: 00000000fee00000 - 00000000fee01000 (reserved)
[    0.000000]  BIOS-e820: 00000000ff000000 - 0000000100000000 (reserved)
[    0.000000] DMI present.
[    0.000000] last_pfn = 0x3d6b0 max_arch_pfn = 0x100000
[    0.000000] MTRR default type: uncachable
[    0.000000] MTRR fixed ranges enabled:
[    0.000000]   00000-9FFFF write-back
[    0.000000]   A0000-BFFFF uncachable
[    0.000000]   C0000-CFFFF write-protect
[    0.000000]   D0000-DFFFF uncachable
[    0.000000]   E0000-FFFFF write-protect
[    0.000000] MTRR variable ranges enabled:
[    0.000000]   0 base 03E000000 mask FFE000000 uncachable
[    0.000000]   1 base 000000000 mask FC0000000 write-back
[    0.000000]   2 base 03D700000 mask FFFF00000 uncachable
[    0.000000]   3 base 03D800000 mask FFF800000 uncachable
[    0.000000]   4 disabled
[    0.000000]   5 disabled
[    0.000000]   6 disabled
[    0.000000]   7 disabled
[    0.000000] initial memory mapped : 0 - 02000000
[    0.000000] init_memory_mapping: 0000000000000000-00000000377fe000
[    0.000000]  0000000000 - 0000400000 page 4k
[    0.000000]  0000400000 - 0037400000 page 2M
[    0.000000]  0037400000 - 00377fe000 page 4k
[    0.000000] kernel direct mapping tables up to 377fe000 @ 7000-c000
[    0.000000] ACPI: RSDP 000f68d0 00024 (v02 LENOVO)
[    0.000000] ACPI: XSDT 3d6bb77f 00094 (v01 LENOVO TP-7L    00002170  LTP 00000000)
[    0.000000] ACPI: FACP 3d6bb900 000F4 (v03 LENOVO TP-7L    00002170 LNVO 00000001)
[    0.000000] ACPI Warning: 32/64X length mismatch in Gpe1Block: 0/32 (20090903/tbfadt-526)
[    0.000000] ACPI Warning: Optional field Gpe1Block has zero address or length: 000000000000102C/0 (20090903/tbfadt-557)
[    0.000000] ACPI: DSDT 3d6bbd1d 0FED1 (v01 LENOVO TP-7L    00002170 MSFT 03000000)
[    0.000000] ACPI: FACS 3d6e4000 00040
[    0.000000] ACPI: SSDT 3d6bbab4 00269 (v01 LENOVO TP-7L    00002170 MSFT 03000000)
[    0.000000] ACPI: ECDT 3d6cbbee 00052 (v01 LENOVO TP-7L    00002170 LNVO 00000001)
[    0.000000] ACPI: TCPA 3d6cbc40 00032 (v02 LENOVO TP-7L    00002170 LNVO 00000001)
[    0.000000] ACPI: APIC 3d6cbc72 00068 (v01 LENOVO TP-7L    00002170 LNVO 00000001)
[    0.000000] ACPI: MCFG 3d6cbcda 0003C (v01 LENOVO TP-7L    00002170 LNVO 00000001)
[    0.000000] ACPI: HPET 3d6cbd16 00038 (v01 LENOVO TP-7L    00002170 LNVO 00000001)
[    0.000000] ACPI: SLIC 3d6cbdf0 00176 (v01 LENOVO TP-7L    00002170  LTP 00000000)
[    0.000000] ACPI: BOOT 3d6cbf66 00028 (v01 LENOVO TP-7L    00002170  LTP 00000001)
[    0.000000] ACPI: ASF! 3d6cbf8e 00072 (v16 LENOVO TP-7L    00002170 PTL  00000001)
[    0.000000] ACPI: SSDT 3d6e26d9 0025F (v01 LENOVO TP-7L    00002170 INTL 20050513)
[    0.000000] ACPI: SSDT 3d6e2938 000A6 (v01 LENOVO TP-7L    00002170 INTL 20050513)
[    0.000000] ACPI: SSDT 3d6e29de 004F7 (v01 LENOVO TP-7L    00002170 INTL 20050513)
[    0.000000] ACPI: SSDT 3d6e2ed5 001D8 (v01 LENOVO TP-7L    00002170 INTL 20050513)
[    0.000000] ACPI: DMI detected: Lenovo ThinkPad R61
[    0.000000] ACPI: Added _OSI(Linux)
[    0.000000] ACPI: Local APIC address 0xfee00000
[    0.000000] 94MB HIGHMEM available.
[    0.000000] 887MB LOWMEM available.
[    0.000000]   mapped low ram: 0 - 377fe000
[    0.000000]   low ram: 0 - 377fe000
[    0.000000]   node 0 low ram: 00000000 - 377fe000
[    0.000000]   node 0 bootmap 00008000 - 0000ef00
[    0.000000] (6 early reservations) ==> bootmem [0000000000 - 00377fe000]
[    0.000000]   #0 [0000000000 - 0000001000]   BIOS data page ==> [0000000000 - 0000001000]
[    0.000000]   #1 [0001000000 - 0001bdc180]    TEXT DATA BSS ==> [0001000000 - 0001bdc180]
[    0.000000]   #2 [000009d800 - 0000100000]    BIOS reserved ==> [000009d800 - 0000100000]
[    0.000000]   #3 [0001bdd000 - 0001be516c]              BRK ==> [0001bdd000 - 0001be516c]
[    0.000000]   #4 [0000007000 - 0000008000]          PGTABLE ==> [0000007000 - 0000008000]
[    0.000000]   #5 [0000008000 - 000000f000]          BOOTMAP ==> [0000008000 - 000000f000]
[    0.000000] found SMP MP-table at [c00f6900] f6900
[    0.000000] Zone PFN ranges:
[    0.000000]   DMA      0x00000000 -> 0x00001000
[    0.000000]   Normal   0x00001000 -> 0x000377fe
[    0.000000]   HighMem  0x000377fe -> 0x0003d6b0
[    0.000000] Movable zone start PFN for each node
[    0.000000] early_node_map[2] active PFN ranges
[    0.000000]     0: 0x00000000 -> 0x0000009d
[    0.000000]     0: 0x00000100 -> 0x0003d6b0
[    0.000000] On node 0 totalpages: 251469
[    0.000000] free_area_init_node: node 0, pgdat c1901ea0, node_mem_map c1be7000
[    0.000000]   DMA zone: 32 pages used for memmap
[    0.000000]   DMA zone: 0 pages reserved
[    0.000000]   DMA zone: 3965 pages, LIFO batch:0
[    0.000000]   Normal zone: 1744 pages used for memmap
[    0.000000]   Normal zone: 221486 pages, LIFO batch:31
[    0.000000]   HighMem zone: 190 pages used for memmap
[    0.000000]   HighMem zone: 24052 pages, LIFO batch:3
[    0.000000] Using APIC driver default
[    0.000000] ACPI: PM-Timer IO Port: 0x1008
[    0.000000] ACPI: Local APIC address 0xfee00000
[    0.000000] ACPI: LAPIC (acpi_id[0x00] lapic_id[0x00] enabled)
[    0.000000] ACPI: LAPIC (acpi_id[0x01] lapic_id[0x01] enabled)
[    0.000000] ACPI: NR_CPUS/possible_cpus limit of 1 reached.  Processor 1/0x1 ignored.
[    0.000000] ACPI: LAPIC_NMI (acpi_id[0x00] high edge lint[0x1])
[    0.000000] ACPI: LAPIC_NMI (acpi_id[0x01] high edge lint[0x1])
[    0.000000] ACPI: IOAPIC (id[0x01] address[0xfec00000] gsi_base[0])
[    0.000000] IOAPIC[0]: apic_id 1, version 32, address 0xfec00000, GSI 0-23
[    0.000000] ACPI: INT_SRC_OVR (bus 0 bus_irq 0 global_irq 2 dfl dfl)
[    0.000000] ACPI: INT_SRC_OVR (bus 0 bus_irq 9 global_irq 9 high level)
[    0.000000] ACPI: IRQ0 used by override.
[    0.000000] ACPI: IRQ2 used by override.
[    0.000000] ACPI: IRQ9 used by override.
[    0.000000] Using ACPI (MADT) for SMP configuration information
[    0.000000] ACPI: HPET id: 0x8086a201 base: 0xfed00000
[    0.000000] nr_irqs_gsi: 24
[    0.000000] PM: Registered nosave memory: 000000000009d000 - 000000000009e000
[    0.000000] PM: Registered nosave memory: 000000000009e000 - 00000000000a0000
[    0.000000] PM: Registered nosave memory: 00000000000a0000 - 00000000000d2000
[    0.000000] PM: Registered nosave memory: 00000000000d2000 - 00000000000d4000
[    0.000000] PM: Registered nosave memory: 00000000000d4000 - 00000000000e0000
[    0.000000] PM: Registered nosave memory: 00000000000e0000 - 0000000000100000
[    0.000000] Allocating PCI resources starting at 3e000000 (gap: 3e000000:b2000000)
[    0.000000] Built 1 zonelists in Zone order, mobility grouping on.  Total pages: 249503
[    0.000000] Kernel command line: auto BOOT_IMAGE=Linux ro root=802 vt.default_utf8=0 maxcpus=0
[    0.000000] PID hash table entries: 4096 (order: 2, 16384 bytes)
[    0.000000] Dentry cache hash table entries: 131072 (order: 7, 524288 bytes)
[    0.000000] Inode-cache hash table entries: 65536 (order: 6, 262144 bytes)
[    0.000000] Enabling fast FPU save and restore... done.
[    0.000000] Enabling unmasked SIMD FPU exception support... done.
[    0.000000] Initializing CPU#0
[    0.000000] Initializing HighMem for node 0 (000377fe:0003d6b0)
[    0.000000] Memory: 984800k/1006272k available (6915k kernel code, 20876k reserved, 2327k data, 448k init, 96968k highmem)
[    0.000000] virtual kernel memory layout:
[    0.000000]     fixmap  : 0xfffa3000 - 0xfffff000   ( 368 kB)
[    0.000000]     pkmap   : 0xff800000 - 0xffc00000   (4096 kB)
[    0.000000]     vmalloc : 0xf7ffe000 - 0xff7fe000   ( 120 MB)
[    0.000000]     lowmem  : 0xc0000000 - 0xf77fe000   ( 887 MB)
[    0.000000]       .init : 0xc1907000 - 0xc1977000   ( 448 kB)
[    0.000000]       .data : 0xc16c0d3f - 0xc1906c64   (2327 kB)
[    0.000000]       .text : 0xc1000000 - 0xc16c0d3f   (6915 kB)
[    0.000000] Checking if this processor honours the WP bit even in supervisor mode...Ok.
[    0.000000] SLUB: Genslabs=13, HWalign=64, Order=0-3, MinObjects=0, CPUs=1, Nodes=1
[    0.000000] Hierarchical RCU implementation.
[    0.000000] NR_IRQS:288
[    0.000000] Extended CMOS year: 2000
[    0.000000] Console: colour VGA+ 80x25
[    0.000000] console [tty0] enabled
[    0.000000] hpet clockevent registered
[    0.000000] Fast TSC calibration using PIT
[    0.000000] Detected 2094.716 MHz processor.
[    0.001002] Calibrating delay loop (skipped), value calculated using timer frequency.. 4189.43 BogoMIPS (lpj=2094716)
[    0.001178] Security Framework initialized
[    0.001264] Mount-cache hash table entries: 512
[    0.002059] CPU: L1 I cache: 32K, L1 D cache: 32K
[    0.002187] CPU: L2 cache: 3072K
[    0.002270] mce: CPU supports 6 MCE banks
[    0.002354] CPU0: Thermal monitoring enabled (TM2)
[    0.002438] using mwait in idle threads.
[    0.002525] CPU: Intel(R) Core(TM)2 Duo CPU     T8100  @ 2.10GHz stepping 06
[    0.002701] Checking 'hlt' instruction... OK.
[    0.006937] ACPI: Core revision 20090903
[    0.026009] RANDOM get_random_int first call with cycles 32584927095, jiffies 4294667322 and pid 0
[    0.026017] CANARY value: 67d2755d for PID: 1
[    0.026024] CANARY value: 4baeecf6 for PID: 2
[    0.026048] Enabling APIC mode:  Flat.  Using 1 I/O APICs
[    0.026507] ..TIMER: vector=0x30 apic1=0 pin1=2 apic2=-1 pin2=-1
[    0.037997] xor: automatically using best checksumming function: pIII_sse
[    0.041998]    pIII_sse  :  8568.000 MB/sec
[    0.042087] xor: using function: pIII_sse (8568.000 MB/sec)
[    0.042175] RANDOM - __seed init called.
[    0.042176] RANDOM - __seed init called.
[    0.042177] RANDOM - __seed init called.
[    0.042179] RANDOM - __random32 called. Change num 1.  Value: f7943846	49e73df3	af36cd0d
[    0.042181] RANDOM - __random32 called. Change num 2.  Value: 43846e13	9e73df37	9a1ad014
[    0.042183] RANDOM - __random32 called. Change num 3.  Value: 46e139c8	e73df373	a029598a
[    0.042185] RANDOM - __random32 called. Change num 4.  Value: 139c8c3b	73df373d	b3142c72
[    0.042186] RANDOM - __random32 called. Change num 5.  Value: c8c3b043	3df373de	58e576a9
[    0.042188] RANDOM - __random32 called. Change num 6.  Value: 3b0437d9	df373de5	ed53f9d8
[    0.042190] RANDOM - random32 init called.  Value: 3b0437d9	df373de5	ed53f9d8
[    0.042207] NET: Registered protocol family 16
[    0.042467] ACPI FADT declares the system doesn't support PCIe ASPM, so disable it
[    0.042586] ACPI: bus type pci registered
[    0.042753] PCI: MCFG configuration 0: base f0000000 segment 0 buses 0 - 63
[    0.042849] PCI: MCFG area at f0000000 reserved in E820
[    0.042944] PCI: Using MMCONFIG for extended config space
[    0.043002] PCI: Using configuration type 1 for base access
[    0.046142] bio: create slab <bio-0> at 0
[    0.046955] ACPI: EC: EC description table is found, configuring boot EC
[    0.052119] ACPI: BIOS _OSI(Linux) query honored via DMI
[    0.052839] random 0000 0000 0000 00000000 00000000: rand_read_num 2 get_random_bytes(8): sig fffffe1a 00000000 00000000
[    0.052841] random 0000 0000 0000 00000000 00000000: extract_entropy(.. 8 ..)
[    0.052844] random 0000 0000 0000 00000000 00000000: going to reseed nonblocking with 64 bits (64 of 0 requested)
[    0.052846] random 0000 0000 0000 00000000 00000000: extract_entropy(.. 8 ..)
[    0.052848] random 0000 0000 0000 00000000 00000000: trying to extract 64 bits from input
[    0.052851] random 0000 0000 0000 00000000 00000000: debiting 0 entropy credits from input
[    0.052853] random 0000 0000 0000 00000000 00000000: extract_entropy account returned: 0 
[    0.052882] random 0000 0000 0000 00000000 00000000: urand_change_num 3 xfer_secondary_pool(8): pool_sig fffffe1a, data_sig 00000000, bytes_mixed 0 00000000 00000000
[    0.052885] random 0000 0000 0000 00000000 00000000: trying to extract 64 bits from nonblocking
[    0.052887] random 0000 0000 0000 00000000 00000000: debiting 64 entropy credits from nonblocking (unlimited)
[    0.052890] random 0000 0000 0000 00000000 00000000: extract_entropy account returned: 8 
[    0.052894] random 0000 0000 0000 00000000 00000000: urand_change_num 4 extract_buf: pool_sig fffffe1a, data_sig fffffed7, bytes_mixed 20 00000000 00000000
[    0.057663] ACPI: Interpreter enabled
[    0.057755] ACPI: (supports S0 S3 S4 S5)
[    0.057998] ACPI: Using IOAPIC for interrupt routing
[    0.067573] ACPI: EC: GPE = 0x12, I/O: command/status = 0x66, data = 0x62
[    0.067861] ACPI: Power Resource [PUBS] (on)
[    0.069988] ACPI: ACPI Dock Station Driver: 3 docks/bays found
[    0.070321] ACPI: PCI Root Bridge [PCI0] (0000:00)
[    0.070499] pci 0000:00:02.0: reg 10 64bit mmio: [0xf8100000-0xf81fffff]
[    0.070505] pci 0000:00:02.0: reg 18 64bit mmio pref: [0xe0000000-0xefffffff]
[    0.070509] pci 0000:00:02.0: reg 20 io port: [0x1800-0x1807]
[    0.070544] pci 0000:00:02.1: reg 10 64bit mmio: [0xf8200000-0xf82fffff]
[    0.070645] pci 0000:00:19.0: reg 10 32bit mmio: [0xfe000000-0xfe01ffff]
[    0.070654] pci 0000:00:19.0: reg 14 32bit mmio: [0xfe025000-0xfe025fff]
[    0.070662] pci 0000:00:19.0: reg 18 io port: [0x1840-0x185f]
[    0.070727] pci 0000:00:19.0: PME# supported from D0 D3hot D3cold
[    0.070821] pci 0000:00:19.0: PME# disabled
[    0.071060] pci 0000:00:1a.0: reg 20 io port: [0x1860-0x187f]
[    0.071140] pci 0000:00:1a.1: reg 20 io port: [0x1880-0x189f]
[    0.071217] pci 0000:00:1a.7: reg 10 32bit mmio: [0xfe226c00-0xfe226fff]
[    0.071303] pci 0000:00:1a.7: PME# supported from D0 D3hot D3cold
[    0.071396] pci 0000:00:1a.7: PME# disabled
[    0.071544] pci 0000:00:1b.0: reg 10 64bit mmio: [0xfe020000-0xfe023fff]
[    0.071625] pci 0000:00:1b.0: PME# supported from D0 D3hot D3cold
[    0.071718] pci 0000:00:1b.0: PME# disabled
[    0.071922] pci 0000:00:1c.0: PME# supported from D0 D3hot D3cold
[    0.071999] pci 0000:00:1c.0: PME# disabled
[    0.072203] pci 0000:00:1c.1: PME# supported from D0 D3hot D3cold
[    0.072299] pci 0000:00:1c.1: PME# disabled
[    0.072508] pci 0000:00:1c.2: PME# supported from D0 D3hot D3cold
[    0.072605] pci 0000:00:1c.2: PME# disabled
[    0.072807] pci 0000:00:1c.3: PME# supported from D0 D3hot D3cold
[    0.072906] pci 0000:00:1c.3: PME# disabled
[    0.073106] pci 0000:00:1c.4: PME# supported from D0 D3hot D3cold
[    0.073205] pci 0000:00:1c.4: PME# disabled
[    0.074041] pci 0000:00:1d.0: reg 20 io port: [0x18a0-0x18bf]
[    0.074125] pci 0000:00:1d.1: reg 20 io port: [0x18c0-0x18df]
[    0.074196] pci 0000:00:1d.2: reg 20 io port: [0x18e0-0x18ff]
[    0.074281] pci 0000:00:1d.7: reg 10 32bit mmio: [0xfe227000-0xfe2273ff]
[    0.074378] pci 0000:00:1d.7: PME# supported from D0 D3hot D3cold
[    0.074475] pci 0000:00:1d.7: PME# disabled
[    0.074767] pci 0000:00:1f.0: quirk: region 1000-107f claimed by ICH6 ACPI/GPIO/TCO
[    0.074892] pci 0000:00:1f.0: quirk: region 1180-11bf claimed by ICH6 GPIO
[    0.074997] pci 0000:00:1f.0: ICH7 LPC Generic IO decode 1 PIO at 1600 (mask 007f)
[    0.075122] pci 0000:00:1f.0: ICH7 LPC Generic IO decode 2 PIO at 15e0 (mask 000f)
[    0.075246] pci 0000:00:1f.0: ICH7 LPC Generic IO decode 3 PIO at 1680 (mask 001f)
[    0.075456] pci 0000:00:1f.1: reg 10 io port: [0x00-0x07]
[    0.075466] pci 0000:00:1f.1: reg 14 io port: [0x00-0x03]
[    0.075478] pci 0000:00:1f.1: reg 18 io port: [0x00-0x07]
[    0.075487] pci 0000:00:1f.1: reg 1c io port: [0x00-0x03]
[    0.075497] pci 0000:00:1f.1: reg 20 io port: [0x1c00-0x1c0f]
[    0.075583] pci 0000:00:1f.2: reg 10 io port: [0x1c50-0x1c57]
[    0.075590] pci 0000:00:1f.2: reg 14 io port: [0x1c44-0x1c47]
[    0.075599] pci 0000:00:1f.2: reg 18 io port: [0x1c48-0x1c4f]
[    0.075607] pci 0000:00:1f.2: reg 1c io port: [0x1c40-0x1c43]
[    0.075616] pci 0000:00:1f.2: reg 20 io port: [0x1c20-0x1c3f]
[    0.075623] pci 0000:00:1f.2: reg 24 32bit mmio: [0xfe226000-0xfe2267ff]
[    0.075688] pci 0000:00:1f.2: PME# supported from D3hot
[    0.075781] pci 0000:00:1f.2: PME# disabled
[    0.075906] pci 0000:00:1f.3: reg 10 32bit mmio: [0xfe227400-0xfe2274ff]
[    0.075930] pci 0000:00:1f.3: reg 20 io port: [0x1c60-0x1c7f]
[    0.076025] pci 0000:00:1c.0: bridge io port: [0x2000-0x2fff]
[    0.076032] pci 0000:00:1c.0: bridge 32bit mmio: [0xfc000000-0xfdffffff]
[    0.076041] pci 0000:00:1c.0: bridge 64bit mmio pref: [0xf8000000-0xf80fffff]
[    0.076111] pci 0000:03:00.0: reg 10 64bit mmio: [0xdf3f0000-0xdf3fffff]
[    0.076312] pci 0000:00:1c.1: bridge io port: [0x3000-0x3fff]
[    0.076318] pci 0000:00:1c.1: bridge 32bit mmio: [0xdc000000-0xdf3fffff]
[    0.076327] pci 0000:00:1c.1: bridge 64bit mmio pref: [0xdfe00000-0xdfefffff]
[    0.076381] pci 0000:00:1c.2: bridge io port: [0x4000-0x4fff]
[    0.076388] pci 0000:00:1c.2: bridge 32bit mmio: [0xd8000000-0xd9ffffff]
[    0.076396] pci 0000:00:1c.2: bridge 64bit mmio pref: [0xdfb00000-0xdfbfffff]
[    0.076451] pci 0000:00:1c.3: bridge io port: [0x5000-0x5fff]
[    0.076457] pci 0000:00:1c.3: bridge 32bit mmio: [0xd4000000-0xd5ffffff]
[    0.076466] pci 0000:00:1c.3: bridge 64bit mmio pref: [0xdf800000-0xdf8fffff]
[    0.076522] pci 0000:00:1c.4: bridge io port: [0x6000-0x6fff]
[    0.076528] pci 0000:00:1c.4: bridge 32bit mmio: [0xd0000000-0xd1ffffff]
[    0.076537] pci 0000:00:1c.4: bridge 64bit mmio pref: [0xdf500000-0xdf5fffff]
[    0.076598] pci 0000:15:00.0: reg 10 32bit mmio: [0xf8300000-0xf8300fff]
[    0.076650] pci 0000:15:00.0: supports D1 D2
[    0.076651] pci 0000:15:00.0: PME# supported from D0 D1 D2 D3hot D3cold
[    0.076750] pci 0000:15:00.0: PME# disabled
[    0.076891] pci 0000:15:00.1: reg 10 32bit mmio: [0xf8301000-0xf83017ff]
[    0.077009] pci 0000:15:00.1: supports D1 D2
[    0.077010] pci 0000:15:00.1: PME# supported from D0 D1 D2 D3hot D3cold
[    0.077108] pci 0000:15:00.1: PME# disabled
[    0.077287] pci 0000:00:1e.0: transparent bridge
[    0.077380] pci 0000:00:1e.0: bridge io port: [0x7000-0xafff]
[    0.077387] pci 0000:00:1e.0: bridge 32bit mmio: [0xf8300000-0xfbffffff]
[    0.077396] pci 0000:00:1e.0: bridge 64bit mmio pref: [0xf4000000-0xf7ffffff]
[    0.077463] pci_bus 0000:00: on NUMA node 0
[    0.077466] ACPI: PCI Interrupt Routing Table [\_SB_.PCI0._PRT]
[    0.077600] ACPI: PCI Interrupt Routing Table [\_SB_.PCI0.EXP0._PRT]
[    0.077660] ACPI: PCI Interrupt Routing Table [\_SB_.PCI0.EXP1._PRT]
[    0.077718] ACPI: PCI Interrupt Routing Table [\_SB_.PCI0.EXP2._PRT]
[    0.077776] ACPI: PCI Interrupt Routing Table [\_SB_.PCI0.EXP3._PRT]
[    0.077838] ACPI: PCI Interrupt Routing Table [\_SB_.PCI0.EXP4._PRT]
[    0.077901] ACPI: PCI Interrupt Routing Table [\_SB_.PCI0.PCI1._PRT]
[    0.083370] ACPI: PCI Interrupt Link [LNKA] (IRQs 3 4 5 6 7 9 *10 11)
[    0.084170] ACPI: PCI Interrupt Link [LNKB] (IRQs 3 4 5 6 7 9 10 *11)
[    0.084960] ACPI: PCI Interrupt Link [LNKC] (IRQs 3 4 5 6 7 9 10 *11)
[    0.085707] ACPI: PCI Interrupt Link [LNKD] (IRQs 3 4 5 6 7 9 10 *11)
[    0.086504] ACPI: PCI Interrupt Link [LNKE] (IRQs 3 4 5 6 7 9 10 *11)
[    0.087300] ACPI: PCI Interrupt Link [LNKF] (IRQs 3 4 5 6 7 9 10 *11)
[    0.088120] ACPI: PCI Interrupt Link [LNKG] (IRQs 3 4 5 6 7 9 10 *11)
[    0.088916] ACPI: PCI Interrupt Link [LNKH] (IRQs 3 4 5 6 7 9 10 *11)
[    0.089636] vgaarb: device added: PCI:0000:00:02.0,decodes=io+mem,owns=io+mem,locks=none
[    0.089762] vgaarb: loaded
[    0.089941] SCSI subsystem initialized
[    0.090008] libata version 3.00 loaded.
[    0.090055] usbcore: registered new interface driver usbfs
[    0.090180] usbcore: registered new interface driver hub
[    0.090294] usbcore: registered new device driver usb
[    0.107043] raid6: int32x1    941 MB/s
[    0.124058] raid6: int32x2    890 MB/s
[    0.140987] raid6: int32x4    746 MB/s
[    0.157996] raid6: int32x8    656 MB/s
[    0.175001] raid6: mmxx1     2882 MB/s
[    0.191985] raid6: mmxx2     3253 MB/s
[    0.209001] raid6: sse1x1    1937 MB/s
[    0.225979] raid6: sse1x2    2531 MB/s
[    0.242987] raid6: sse2x1    3507 MB/s
[    0.259986] raid6: sse2x2    3828 MB/s
[    0.260071] raid6: using algorithm sse2x2 (3828 MB/s)
[    0.260168] PCI: Using ACPI for IRQ routing
[    0.260470] HPET: 3 timers in total, 0 timers will be used for per-cpu timer
[    0.260987] Switching to clocksource tsc
[    0.261087] pnp: PnP ACPI init
[    0.261179] ACPI: bus type pnp registered
[    0.264832] pnp: PnP ACPI: found 11 devices
[    0.264942] ACPI: ACPI bus type pnp unregistered
[    0.265034] system 00:00: iomem range 0x0-0x9ffff could not be reserved
[    0.265125] system 00:00: iomem range 0xc0000-0xc3fff could not be reserved
[    0.265224] system 00:00: iomem range 0xc4000-0xc7fff could not be reserved
[    0.265322] system 00:00: iomem range 0xc8000-0xcbfff has been reserved
[    0.265415] system 00:00: iomem range 0xcc000-0xcffff has been reserved
[    0.265506] system 00:00: iomem range 0xd0000-0xd3fff could not be reserved
[    0.265602] system 00:00: iomem range 0xe0000-0xe3fff could not be reserved
[    0.265696] system 00:00: iomem range 0xe4000-0xe7fff could not be reserved
[    0.265791] system 00:00: iomem range 0xe8000-0xebfff could not be reserved
[    0.265890] system 00:00: iomem range 0xec000-0xeffff could not be reserved
[    0.265983] system 00:00: iomem range 0xf0000-0xfffff could not be reserved
[    0.266079] system 00:00: iomem range 0x100000-0x3dffffff could not be reserved
[    0.266199] system 00:00: iomem range 0xfec00000-0xfed3ffff could not be reserved
[    0.266322] system 00:00: iomem range 0xfed4c000-0xffffffff could not be reserved
[    0.266446] system 00:02: ioport range 0x164e-0x164f has been reserved
[    0.266541] system 00:02: ioport range 0x1000-0x107f has been reserved
[    0.266633] system 00:02: ioport range 0x1180-0x11bf has been reserved
[    0.266724] system 00:02: ioport range 0x800-0x80f has been reserved
[    0.266819] system 00:02: ioport range 0x15e0-0x15ef has been reserved
[    0.266911] system 00:02: ioport range 0x1600-0x165f could not be reserved
[    0.267001] system 00:02: iomem range 0xf0000000-0xf3ffffff has been reserved
[    0.267097] system 00:02: iomem range 0xfed1c000-0xfed1ffff has been reserved
[    0.267190] system 00:02: iomem range 0xfed14000-0xfed17fff has been reserved
[    0.267282] system 00:02: iomem range 0xfed18000-0xfed18fff has been reserved
[    0.267376] system 00:02: iomem range 0xfed19000-0xfed19fff has been reserved
[    0.267464] system 00:02: iomem range 0xfed45000-0xfed4bfff has been reserved
[    0.302508] pci 0000:00:1c.0: PCI bridge, secondary bus 0000:02
[    0.302603] pci 0000:00:1c.0:   IO window: 0x2000-0x2fff
[    0.302696] pci 0000:00:1c.0:   MEM window: 0xfc000000-0xfdffffff
[    0.302789] pci 0000:00:1c.0:   PREFETCH window: 0x000000f8000000-0x000000f80fffff
[    0.302921] pci 0000:00:1c.1: PCI bridge, secondary bus 0000:03
[    0.303014] pci 0000:00:1c.1:   IO window: 0x3000-0x3fff
[    0.303109] pci 0000:00:1c.1:   MEM window: 0xdc000000-0xdf3fffff
[    0.303202] pci 0000:00:1c.1:   PREFETCH window: 0x000000dfe00000-0x000000dfefffff
[    0.303331] pci 0000:00:1c.2: PCI bridge, secondary bus 0000:04
[    0.303423] pci 0000:00:1c.2:   IO window: 0x4000-0x4fff
[    0.303515] pci 0000:00:1c.2:   MEM window: 0xd8000000-0xd9ffffff
[    0.303608] pci 0000:00:1c.2:   PREFETCH window: 0x000000dfb00000-0x000000dfbfffff
[    0.303735] pci 0000:00:1c.3: PCI bridge, secondary bus 0000:05
[    0.303829] pci 0000:00:1c.3:   IO window: 0x5000-0x5fff
[    0.303925] pci 0000:00:1c.3:   MEM window: 0xd4000000-0xd5ffffff
[    0.304018] pci 0000:00:1c.3:   PREFETCH window: 0x000000df800000-0x000000df8fffff
[    0.304142] pci 0000:00:1c.4: PCI bridge, secondary bus 0000:0d
[    0.304236] pci 0000:00:1c.4:   IO window: 0x6000-0x6fff
[    0.304332] pci 0000:00:1c.4:   MEM window: 0xd0000000-0xd1ffffff
[    0.304432] pci 0000:00:1c.4:   PREFETCH window: 0x000000df500000-0x000000df5fffff
[    0.304567] pci 0000:15:00.0: CardBus bridge, secondary bus 0000:16
[    0.304658] pci 0000:15:00.0:   IO window: 0x007000-0x0070ff
[    0.304754] pci 0000:15:00.0:   IO window: 0x007400-0x0074ff
[    0.304849] pci 0000:15:00.0:   PREFETCH window: 0xf4000000-0xf7ffffff
[    0.304947] pci 0000:15:00.0:   MEM window: 0x40000000-0x43ffffff
[    0.305044] pci 0000:00:1e.0: PCI bridge, secondary bus 0000:15
[    0.305136] pci 0000:00:1e.0:   IO window: 0x7000-0xafff
[    0.305232] pci 0000:00:1e.0:   MEM window: 0xf8300000-0xfbffffff
[    0.305323] pci 0000:00:1e.0:   PREFETCH window: 0x000000f4000000-0x000000f7ffffff
[    0.305466] pci 0000:00:1c.0: PCI INT A -> GSI 20 (level, low) -> IRQ 20
[    0.305563] pci 0000:00:1c.0: setting latency timer to 64
[    0.305572] pci 0000:00:1c.1: PCI INT B -> GSI 21 (level, low) -> IRQ 21
[    0.305667] pci 0000:00:1c.1: setting latency timer to 64
[    0.305681] pci 0000:00:1c.2: PCI INT C -> GSI 22 (level, low) -> IRQ 22
[    0.305773] pci 0000:00:1c.2: setting latency timer to 64
[    0.305786] pci 0000:00:1c.3: PCI INT D -> GSI 23 (level, low) -> IRQ 23
[    0.305885] pci 0000:00:1c.3: setting latency timer to 64
[    0.305899] pci 0000:00:1c.4: PCI INT A -> GSI 20 (level, low) -> IRQ 20
[    0.305994] pci 0000:00:1c.4: setting latency timer to 64
[    0.306002] pci 0000:00:1e.0: enabling device (0005 -> 0007)
[    0.306098] pci 0000:00:1e.0: setting latency timer to 64
[    0.306112] pci 0000:15:00.0: PCI INT A -> GSI 16 (level, low) -> IRQ 16
[    0.306209] pci 0000:15:00.0: setting latency timer to 64
[    0.306215] pci_bus 0000:00: resource 0 io:  [0x00-0xffff]
[    0.306217] pci_bus 0000:00: resource 1 mem: [0x000000-0xffffffff]
[    0.306219] pci_bus 0000:02: resource 0 io:  [0x2000-0x2fff]
[    0.306220] pci_bus 0000:02: resource 1 mem: [0xfc000000-0xfdffffff]
[    0.306222] pci_bus 0000:02: resource 2 pref mem [0xf8000000-0xf80fffff]
[    0.306224] pci_bus 0000:03: resource 0 io:  [0x3000-0x3fff]
[    0.306226] pci_bus 0000:03: resource 1 mem: [0xdc000000-0xdf3fffff]
[    0.306228] pci_bus 0000:03: resource 2 pref mem [0xdfe00000-0xdfefffff]
[    0.306230] pci_bus 0000:04: resource 0 io:  [0x4000-0x4fff]
[    0.306232] pci_bus 0000:04: resource 1 mem: [0xd8000000-0xd9ffffff]
[    0.306233] pci_bus 0000:04: resource 2 pref mem [0xdfb00000-0xdfbfffff]
[    0.306235] pci_bus 0000:05: resource 0 io:  [0x5000-0x5fff]
[    0.306237] pci_bus 0000:05: resource 1 mem: [0xd4000000-0xd5ffffff]
[    0.306239] pci_bus 0000:05: resource 2 pref mem [0xdf800000-0xdf8fffff]
[    0.306241] pci_bus 0000:0d: resource 0 io:  [0x6000-0x6fff]
[    0.306242] pci_bus 0000:0d: resource 1 mem: [0xd0000000-0xd1ffffff]
[    0.306244] pci_bus 0000:0d: resource 2 pref mem [0xdf500000-0xdf5fffff]
[    0.306246] pci_bus 0000:15: resource 0 io:  [0x7000-0xafff]
[    0.306248] pci_bus 0000:15: resource 1 mem: [0xf8300000-0xfbffffff]
[    0.306250] pci_bus 0000:15: resource 2 pref mem [0xf4000000-0xf7ffffff]
[    0.306252] pci_bus 0000:15: resource 3 io:  [0x00-0xffff]
[    0.306253] pci_bus 0000:15: resource 4 mem: [0x000000-0xffffffff]
[    0.306255] pci_bus 0000:16: resource 0 io:  [0x7000-0x70ff]
[    0.306257] pci_bus 0000:16: resource 1 io:  [0x7400-0x74ff]
[    0.306259] pci_bus 0000:16: resource 2 pref mem [0xf4000000-0xf7ffffff]
[    0.306261] pci_bus 0000:16: resource 3 mem: [0x40000000-0x43ffffff]
[    0.306268] NET: Registered protocol family 2
[    0.306365] RANDOM - __random32 called. Change num 7.  Value: 437d97bf	f373de51	f3b0f986
[    0.306367] RANDOM - random32 called.  Value: 437d97bf	f373de51	f3b0f986
[    0.306372] random 0000 0000 0000 5f8db4e5 4cfdf2a8: rand_read_num 3 get_random_bytes(4): sig fffffb64 5f8db4e5 4cfdf2a8
[    0.306374] random 0000 0000 0000 5f8db4e5 4cfdf2a8: extract_entropy(.. 4 ..)
[    0.306376] random 0000 0000 0000 5f8db4e5 4cfdf2a8: going to reseed nonblocking with 64 bits (32 of 0 requested)
[    0.306379] random 0000 0000 0000 5f8db4e5 4cfdf2a8: extract_entropy(.. 8 ..)
[    0.306381] random 0000 0000 0000 5f8db4e5 4cfdf2a8: trying to extract 64 bits from input
[    0.306383] random 0000 0000 0000 5f8db4e5 4cfdf2a8: debiting 0 entropy credits from input
[    0.306385] random 0000 0000 0000 5f8db4e5 4cfdf2a8: extract_entropy account returned: 0 
[    0.306388] random 0000 0000 0000 5f8db4e5 4cfdf2a8: urand_change_num 5 xfer_secondary_pool(4): pool_sig fffffb64, data_sig 00000000, bytes_mixed 0 5f8db4e5 4cfdf2a8
[    0.306391] random 0000 0000 0000 5f8db4e5 4cfdf2a8: trying to extract 32 bits from nonblocking
[    0.306393] random 0000 0000 0000 5f8db4e5 4cfdf2a8: debiting 32 entropy credits from nonblocking (unlimited)
[    0.306395] random 0000 0000 0000 5f8db4e5 4cfdf2a8: extract_entropy account returned: 4 
[    0.306400] random 0000 0000 0000 5f8db4e5 4cfdf2a8: urand_change_num 6 extract_buf: pool_sig fffffb64, data_sig 00000241, bytes_mixed 20 5f8db4e5 4cfdf2a8
[    0.306409] IP route cache hash table entries: 32768 (order: 5, 131072 bytes)
[    0.306545] RANDOM - __random32 called. Change num 8.  Value: d97bfe31	373de51f	f30dc6e6
[    0.306547] RANDOM - random32 called.  Value: d97bfe31	373de51f	f30dc6e6
[    0.306556] RANDOM - __random32 called. Change num 9.  Value: bfe314d7	73de51f5	8dcd6c7e
[    0.306558] RANDOM - random32 called.  Value: bfe314d7	73de51f5	8dcd6c7e
[    0.306560] RANDOM - __random32 called. Change num 10.  Value: 314d7baf	3de51f5e	d8fc74c1
[    0.306562] RANDOM - random32 called.  Value: 314d7baf	3de51f5e	d8fc74c1
[    0.306572] RANDOM - __random32 called. Change num 11.  Value: d7baf3c7	de51f5e5	e983e3fa
[    0.306574] RANDOM - random32 called.  Value: d7baf3c7	de51f5e5	e983e3fa
[    0.306583] TCP established hash table entries: 131072 (order: 8, 1048576 bytes)
[    0.307075] TCP bind hash table entries: 65536 (order: 6, 262144 bytes)
[    0.307266] TCP: Hash tables configured (established 131072 bind 65536)
[    0.307358] TCP reno registered
[    0.307462] NET: Registered protocol family 1
[    0.307578] RPC: Registered udp transport module.
[    0.307666] RPC: Registered tcp transport module.
[    0.307754] RPC: Registered tcp NFSv4.1 backchannel transport module.
[    0.307853] pci 0000:00:02.0: Boot video device
[    0.308069] Simple Boot Flag at 0x35 set to 0x1
[    0.308587] highmem bounce pool size: 64 pages
[    0.310172] VFS: Disk quotas dquot_6.5.2
[    0.310301] Dquot-cache hash table entries: 1024 (order 0, 4096 bytes)
[    0.310979] NTFS driver 2.1.29 [Flags: R/W].
[    0.311140] ROMFS MTD (C) 2007 Red Hat, Inc.
[    0.311352] JFS: nTxBlock = 7695, nTxLock = 61562
[    0.313806] SGI XFS with ACLs, security attributes, large block/inode numbers, no debug enabled
[    0.314316] SGI XFS Quota Management subsystem
[    0.314605] Slow work thread pool: Starting up
[    0.314708] Slow work thread pool: Ready
[    0.314807] GFS2 (built May 24 2013 02:47:17) installed
[    0.314911] msgmni has been set to 1734
[    0.315077] alg: No test for cipher_null (cipher_null-generic)
[    0.315180] alg: No test for ecb(cipher_null) (ecb-cipher_null)
[    0.315278] alg: No test for digest_null (digest_null-generic)
[    0.315376] alg: No test for compress_null (compress_null-generic)
[    0.315937] alg: No test for fcrypt (fcrypt-generic)
[    0.317355] alg: No test for stdrng (krng)
[    0.317446] async_tx: api initialized (async)
[    0.317599] Block layer SCSI generic (bsg) driver version 0.4 loaded (major 254)
[    0.317725] io scheduler noop registered
[    0.317810] io scheduler anticipatory registered
[    0.317912] io scheduler deadline registered
[    0.318046] io scheduler cfq registered (default)
[    0.318287] pcieport 0000:00:1c.0: irq 24 for MSI/MSI-X
[    0.318300] pcieport 0000:00:1c.0: setting latency timer to 64
[    0.318483] pcieport 0000:00:1c.1: irq 25 for MSI/MSI-X
[    0.318495] pcieport 0000:00:1c.1: setting latency timer to 64
[    0.318674] pcieport 0000:00:1c.2: irq 26 for MSI/MSI-X
[    0.318685] pcieport 0000:00:1c.2: setting latency timer to 64
[    0.318857] pcieport 0000:00:1c.3: irq 27 for MSI/MSI-X
[    0.318882] pcieport 0000:00:1c.3: setting latency timer to 64
[    0.319058] pcieport 0000:00:1c.4: irq 28 for MSI/MSI-X
[    0.319070] pcieport 0000:00:1c.4: setting latency timer to 64
[    0.319215] pci_hotplug: PCI Hot Plug PCI Core version: 0.5
[    0.319409] isapnp: Scanning for PnP cards...
[    0.679927] isapnp: No Plug & Play device found
[    0.680016] random 0000 0000 0000 5f8db4e5 4cfdf2a8: initializing
[    0.680018] RANDOM init_std_data for input now value: 1370007346680018406
[    0.680020] RANDOM init_std_data for blocking now value: 1370007346680020386
[    0.680022] RANDOM init_std_data for nonblocking now value: 1370007346680022100
[    0.699617] Serial: 8250/16550 driver, 4 ports, IRQ sharing enabled
[    3.710718] floppy0: no floppy controllers found
[    3.711665] brd: module loaded
[    3.712167] loop: module loaded
[    3.712253] Compaq SMART2 Driver (v 2.6.0)
[    3.712377] HP CISS Driver (v 3.6.20)
[    3.712619] input: Macintosh mouse button emulation as /devices/virtual/input/input0
[    3.712763] Uniform Multi-Platform E-IDE driver
[    3.712991] piix 0000:00:1f.1: IDE controller (0x8086:0x2850 rev 0x03)
[    3.713093] pci 0000:00:1f.1: PCI INT C -> GSI 16 (level, low) -> IRQ 16
[    3.713199] piix 0000:00:1f.1: IDE port disabled
[    3.713295] piix 0000:00:1f.1: not 100% native mode: will probe irqs later
[    3.713397]     ide0: BM-DMA at 0x1c00-0x1c07
[    3.713490] Probing IDE interface ide0...
[    4.384908] hda: HL-DT-ST DVDRAM GSA-U10N, ATAPI CD/DVD-ROM drive
[    4.691705] hda: host max PIO4 wanted PIO255(auto-tune) selected PIO4
[    4.692473] hda: UDMA/33 mode selected
[    4.692942] ide0 at 0x1f0-0x1f7,0x3f6 on irq 14
[    4.696862] ide-gd driver 1.18
[    4.696969] ide-cd driver 5.00
[    4.698353] random 0000 0000 0000 00000000 00000000: add_disk_randomness(0:0) 00000000 00000000
[    4.698358] random 0000 0000 0000 00000000 00000000: add_timer_randomness(.. 256) with jiffies: 17520248709462064762, cycles: -926495368542158839
[    4.698360] random 0000 0000 0000 00000000 00000000: added 11 entropy credits to input
[    4.698364] ide-cd: hda: ATAPI 24X DVD-ROM DVD-R/RAM CD-R/RW drive, 2048kB Cache
[    4.698807] Uniform CD-ROM driver Revision: 3.20
[    4.701589] random 0011 0000 0000 00000000 00000000: add_disk_randomness(0:0) 00000000 00000000
[    4.701592] random 0011 0000 0000 00000000 00000000: add_timer_randomness(.. 256) with jiffies: 17549359555412721277, cycles: -897384522591502327
[    4.701595] random 0011 0000 0000 00000000 00000000: added 1 entropy credits to input
[    4.701598] random 0012 0000 0000 00000000 00000000: add_disk_randomness(0:0) 00000000 00000000
[    4.701600] random 0012 0000 0000 00000000 00000000: add_timer_randomness(.. 256) with jiffies: 17549436761744834173, cycles: -897307316259389431
[    4.703585] random 0012 0000 0000 00000000 00000000: add_disk_randomness(0:0) 00000000 00000000
[    4.703588] random 0012 0000 0000 00000000 00000000: add_timer_randomness(.. 256) with jiffies: 17567315933209001599, cycles: -879428144795222007
[    4.703590] random 0012 0000 0000 00000000 00000000: added 1 entropy credits to input
[    4.703593] random 0013 0000 0000 00000000 00000000: add_disk_randomness(0:0) 00000000 00000000
[    4.703596] random 0013 0000 0000 00000000 00000000: add_timer_randomness(.. 256) with jiffies: 17567392237597982335, cycles: -879351840406241271
[    4.705587] random 0013 0000 0000 00000000 00000000: add_disk_randomness(0:0) 00000000 00000000
[    4.705590] random 0013 0000 0000 00000000 00000000: add_timer_randomness(.. 256) with jiffies: 17585333239411342977, cycles: -861410838592880631
[    4.705593] random 0013 0000 0000 00000000 00000000: added 1 entropy credits to input
[    4.705596] random 0014 0000 0000 00000000 00000000: add_disk_randomness(0:0) 00000000 00000000
[    4.705599] random 0014 0000 0000 00000000 00000000: add_timer_randomness(.. 256) with jiffies: 17585407739914059393, cycles: -861336338090164215
[    4.705870] Loading iSCSI transport class v2.0-870.
[    4.706153] rdac: device handler registered
[    4.706240] hp_sw: device handler registered
[    4.706332] emc: device handler registered
[    4.706423] alua: device handler registered
[    4.707410] Adaptec aacraid driver 1.1-5[2461]-ms
[    4.707833] scsi: <fdomain> Detection failed (no card)
[    4.707931] sym53c416.c: Version 1.0.0-ac
[    4.708039] qlogicfas: no cards were found, please specify I/O address and IRQ using iobase= and irq= options
[    4.708165] QLogic Fibre Channel HBA Driver: 8.03.01-k6
[    4.708387] iscsi: registered transport (qla4xxx)
[    4.708496] QLogic iSCSI HBA Driver
[    4.708587] Emulex LightPulse Fibre Channel SCSI driver 8.3.4
[    4.708685] Copyright(c) 2004-2009 Emulex.  All rights reserved.
[    4.730689] Failed initialization of WD-7000 SCSI card!
[    4.819789] DC390: clustering now enabled by default. If you get problems load
[    4.819910]        with "disable_clustering=1" and report to maintainers
[    4.820047] megaraid cmm: 2.20.2.7 (Release Date: Sun Jul 16 00:01:03 EST 2006)
[    4.820201] megaraid: 2.20.5.1 (Release Date: Thu Nov 16 15:32:35 EST 2006)
[    4.820314] megasas: 00.00.04.01 Thu July 24 11:41:51 PST 2008
[    4.820446] GDT-HA: Storage RAID Controller Driver. Version: 3.05
[    4.820594] 3ware Storage Controller device driver for Linux v1.26.02.002.
[    4.820713] 3ware 9000 Storage Controller device driver for Linux v2.26.02.012.
[    4.820856] nsp32: loading...
[    4.820967] ipr: IBM Power RAID SCSI Device Driver version: 2.4.3 (June 10, 2009)
[    4.821110] RocketRAID 3xxx/4xxx Controller driver v1.6 (090910)
[    4.821221] stex: Promise SuperTrak EX Driver version: 4.6.0000.3
[    4.821353] st: Version 20081215, fixed bufsize 32768, s/g segs 256
[    4.821543] ahci 0000:00:1f.2: version 3.0
[    4.821556] ahci 0000:00:1f.2: PCI INT B -> GSI 16 (level, low) -> IRQ 16
[    4.821703] ahci 0000:00:1f.2: irq 29 for MSI/MSI-X
[    4.821763] ahci 0000:00:1f.2: AHCI 0001.0100 32 slots 3 ports 1.5 Gbps 0x5 impl SATA mode
[    4.821884] ahci 0000:00:1f.2: flags: 64bit ncq sntf pm led clo pio slum part ccc 
[    4.822014] ahci 0000:00:1f.2: setting latency timer to 64
[    4.822154] scsi2 : ahci
[    4.822315] scsi3 : ahci
[    4.822455] scsi4 : ahci
[    4.822622] ata1: SATA max UDMA/133 abar m2048@0xfe226000 port 0xfe226100 irq 29
[    4.822760] ata2: DUMMY
[    4.822846] ata3: SATA max UDMA/133 abar m2048@0xfe226000 port 0xfe226200 irq 29
[    4.823448] I2O subsystem v1.325
[    4.823535] i2o: max drivers = 8
[    4.823694] I2O Configuration OSM v1.323
[    4.823795] I2O Bus Adapter OSM v1.317
[    4.823900] I2O Block Device OSM v1.325
[    4.824049] I2O SCSI Peripheral OSM v1.316
[    4.824153] I2O ProcFS OSM v1.316
[    4.824260] Fusion MPT base driver 3.04.12
[    4.824345] Copyright (c) 1999-2008 LSI Corporation
[    4.824442] Fusion MPT SPI Host driver 3.04.12
[    4.824554] Fusion MPT FC Host driver 3.04.12
[    4.824715] Fusion MPT SAS Host driver 3.04.12
[    4.824870] ohci1394 0000:15:00.1: PCI INT B -> GSI 17 (level, low) -> IRQ 17
[    4.824967] ohci1394 0000:15:00.1: setting latency timer to 64
[    4.878705] ohci1394: fw-host0: OHCI-1394 1.1 (PCI): IRQ=[17]  MMIO=[f8301000-f83017ff]  Max Packet=[2048]  IR/IT contexts=[4/4]
[    4.882975] ehci_hcd: USB 2.0 'Enhanced' Host Controller (EHCI) Driver
[    4.883245] ehci_hcd 0000:00:1a.7: power state changed by ACPI to D0
[    4.883489] ehci_hcd 0000:00:1a.7: power state changed by ACPI to D0
[    4.883591] ehci_hcd 0000:00:1a.7: PCI INT C -> GSI 22 (level, low) -> IRQ 22
[    4.883694] ehci_hcd 0000:00:1a.7: setting latency timer to 64
[    4.883697] ehci_hcd 0000:00:1a.7: EHCI Host Controller
[    4.883834] ehci_hcd 0000:00:1a.7: new USB bus registered, assigned bus number 1
[    4.887879] ehci_hcd 0000:00:1a.7: cache line size of 32 is not supported
[    4.887888] ehci_hcd 0000:00:1a.7: irq 22, io mem 0xfe226c00
[    4.897665] ehci_hcd 0000:00:1a.7: USB 2.0 started, EHCI 1.00
[    4.897770] usb usb1: New USB device found, idVendor=1d6b, idProduct=0002
[    4.897865] usb usb1: New USB device strings: Mfr=3, Product=2, SerialNumber=1
[    4.897987] usb usb1: Product: EHCI Host Controller
[    4.898075] usb usb1: Manufacturer: Linux 2.6.32.57 ehci_hcd
[    4.898168] usb usb1: SerialNumber: 0000:00:1a.7
[    4.898305] usb usb1: configuration #1 chosen from 1 choice
[    4.898426] hub 1-0:1.0: USB hub found
[    4.898517] hub 1-0:1.0: 4 ports detected
[    4.898830] ehci_hcd 0000:00:1d.7: power state changed by ACPI to D0
[    4.899089] ehci_hcd 0000:00:1d.7: power state changed by ACPI to D0
[    4.899187] ehci_hcd 0000:00:1d.7: PCI INT D -> GSI 19 (level, low) -> IRQ 19
[    4.899283] ehci_hcd 0000:00:1d.7: setting latency timer to 64
[    4.899286] ehci_hcd 0000:00:1d.7: EHCI Host Controller
[    4.899413] ehci_hcd 0000:00:1d.7: new USB bus registered, assigned bus number 2
[    4.899568] ehci_hcd 0000:00:1d.7: debug port 1
[    4.903564] ehci_hcd 0000:00:1d.7: cache line size of 32 is not supported
[    4.903573] ehci_hcd 0000:00:1d.7: irq 19, io mem 0xfe227000
[    4.913665] ehci_hcd 0000:00:1d.7: USB 2.0 started, EHCI 1.00
[    4.913763] usb usb2: New USB device found, idVendor=1d6b, idProduct=0002
[    4.913856] usb usb2: New USB device strings: Mfr=3, Product=2, SerialNumber=1
[    4.913974] usb usb2: Product: EHCI Host Controller
[    4.914060] usb usb2: Manufacturer: Linux 2.6.32.57 ehci_hcd
[    4.914151] usb usb2: SerialNumber: 0000:00:1d.7
[    4.914286] usb usb2: configuration #1 chosen from 1 choice
[    4.914407] hub 2-0:1.0: USB hub found
[    4.914500] hub 2-0:1.0: 6 ports detected
[    4.914681] 116x: driver isp116x-hcd, 03 Nov 2005
[    4.914794] ohci_hcd: USB 1.1 'Open' Host Controller (OHCI) Driver
[    4.914908] uhci_hcd: USB Universal Host Controller Interface driver
[    4.915019] uhci_hcd 0000:00:1a.0: PCI INT A -> GSI 20 (level, low) -> IRQ 20
[    4.915118] uhci_hcd 0000:00:1a.0: setting latency timer to 64
[    4.915122] uhci_hcd 0000:00:1a.0: UHCI Host Controller
[    4.915252] uhci_hcd 0000:00:1a.0: new USB bus registered, assigned bus number 3
[    4.915408] uhci_hcd 0000:00:1a.0: irq 20, io base 0x00001860
[    4.915523] usb usb3: New USB device found, idVendor=1d6b, idProduct=0001
[    4.915614] usb usb3: New USB device strings: Mfr=3, Product=2, SerialNumber=1
[    4.915745] usb usb3: Product: UHCI Host Controller
[    4.915834] usb usb3: Manufacturer: Linux 2.6.32.57 uhci_hcd
[    4.915931] usb usb3: SerialNumber: 0000:00:1a.0
[    4.916069] usb usb3: configuration #1 chosen from 1 choice
[    4.916191] hub 3-0:1.0: USB hub found
[    4.916284] hub 3-0:1.0: 2 ports detected
[    4.916581] uhci_hcd 0000:00:1a.1: power state changed by ACPI to D0
[    4.916835] uhci_hcd 0000:00:1a.1: power state changed by ACPI to D0
[    4.916932] uhci_hcd 0000:00:1a.1: PCI INT B -> GSI 21 (level, low) -> IRQ 21
[    4.917034] uhci_hcd 0000:00:1a.1: setting latency timer to 64
[    4.917039] uhci_hcd 0000:00:1a.1: UHCI Host Controller
[    4.917165] uhci_hcd 0000:00:1a.1: new USB bus registered, assigned bus number 4
[    4.917318] uhci_hcd 0000:00:1a.1: irq 21, io base 0x00001880
[    4.917430] usb usb4: New USB device found, idVendor=1d6b, idProduct=0001
[    4.917521] usb usb4: New USB device strings: Mfr=3, Product=2, SerialNumber=1
[    4.917642] usb usb4: Product: UHCI Host Controller
[    4.917742] usb usb4: Manufacturer: Linux 2.6.32.57 uhci_hcd
[    4.917832] usb usb4: SerialNumber: 0000:00:1a.1
[    4.917972] usb usb4: configuration #1 chosen from 1 choice
[    4.918092] hub 4-0:1.0: USB hub found
[    4.918182] hub 4-0:1.0: 2 ports detected
[    4.918479] uhci_hcd 0000:00:1d.0: power state changed by ACPI to D0
[    4.918734] uhci_hcd 0000:00:1d.0: power state changed by ACPI to D0
[    4.918828] uhci_hcd 0000:00:1d.0: PCI INT A -> GSI 16 (level, low) -> IRQ 16
[    4.918925] uhci_hcd 0000:00:1d.0: setting latency timer to 64
[    4.918930] uhci_hcd 0000:00:1d.0: UHCI Host Controller
[    4.919063] uhci_hcd 0000:00:1d.0: new USB bus registered, assigned bus number 5
[    4.919211] uhci_hcd 0000:00:1d.0: irq 16, io base 0x000018a0
[    4.919325] usb usb5: New USB device found, idVendor=1d6b, idProduct=0001
[    4.919420] usb usb5: New USB device strings: Mfr=3, Product=2, SerialNumber=1
[    4.919539] usb usb5: Product: UHCI Host Controller
[    4.919626] usb usb5: Manufacturer: Linux 2.6.32.57 uhci_hcd
[    4.919726] usb usb5: SerialNumber: 0000:00:1d.0
[    4.919864] usb usb5: configuration #1 chosen from 1 choice
[    4.919983] hub 5-0:1.0: USB hub found
[    4.920077] hub 5-0:1.0: 2 ports detected
[    4.920220] uhci_hcd 0000:00:1d.1: PCI INT B -> GSI 17 (level, low) -> IRQ 17
[    4.920321] uhci_hcd 0000:00:1d.1: setting latency timer to 64
[    4.920326] uhci_hcd 0000:00:1d.1: UHCI Host Controller
[    4.920454] uhci_hcd 0000:00:1d.1: new USB bus registered, assigned bus number 6
[    4.920601] uhci_hcd 0000:00:1d.1: irq 17, io base 0x000018c0
[    4.920721] usb usb6: New USB device found, idVendor=1d6b, idProduct=0001
[    4.920816] usb usb6: New USB device strings: Mfr=3, Product=2, SerialNumber=1
[    4.920938] usb usb6: Product: UHCI Host Controller
[    4.921026] usb usb6: Manufacturer: Linux 2.6.32.57 uhci_hcd
[    4.921117] usb usb6: SerialNumber: 0000:00:1d.1
[    4.921249] usb usb6: configuration #1 chosen from 1 choice
[    4.921366] hub 6-0:1.0: USB hub found
[    4.921454] hub 6-0:1.0: 2 ports detected
[    4.921742] uhci_hcd 0000:00:1d.2: power state changed by ACPI to D0
[    4.921993] uhci_hcd 0000:00:1d.2: power state changed by ACPI to D0
[    4.922090] uhci_hcd 0000:00:1d.2: PCI INT C -> GSI 18 (level, low) -> IRQ 18
[    4.922183] uhci_hcd 0000:00:1d.2: setting latency timer to 64
[    4.922188] uhci_hcd 0000:00:1d.2: UHCI Host Controller
[    4.922320] uhci_hcd 0000:00:1d.2: new USB bus registered, assigned bus number 7
[    4.922465] uhci_hcd 0000:00:1d.2: irq 18, io base 0x000018e0
[    4.922581] usb usb7: New USB device found, idVendor=1d6b, idProduct=0001
[    4.922681] usb usb7: New USB device strings: Mfr=3, Product=2, SerialNumber=1
[    4.922802] usb usb7: Product: UHCI Host Controller
[    4.922891] usb usb7: Manufacturer: Linux 2.6.32.57 uhci_hcd
[    4.922983] usb usb7: SerialNumber: 0000:00:1d.2
[    4.923776] usb usb7: configuration #1 chosen from 1 choice
[    4.923897] hub 7-0:1.0: USB hub found
[    4.923987] hub 7-0:1.0: 2 ports detected
[    4.924147] sl811: driver sl811-hcd, 19 May 2005
[    4.924250] r8a66597_hcd: driver r8a66597_hcd, 2009-05-26
[    4.924421] Initializing USB Mass Storage driver...
[    4.924546] usbcore: registered new interface driver usb-storage
[    4.924640] USB Mass Storage support registered.
[    4.924750] usbcore: registered new interface driver ums-alauda
[    4.924859] usbcore: registered new interface driver ums-cypress
[    4.924974] usbcore: registered new interface driver ums-datafab
[    4.925083] usbcore: registered new interface driver ums-freecom
[    4.925200] usbcore: registered new interface driver ums-isd200
[    4.925307] usbcore: registered new interface driver ums-jumpshot
[    4.925420] usbcore: registered new interface driver ums-karma
[    4.925526] usbcore: registered new interface driver ums-onetouch
[    4.925639] usbcore: registered new interface driver ums-sddr09
[    4.925760] usbcore: registered new interface driver ums-sddr55
[    4.925867] usbcore: registered new interface driver ums-usbat
[    4.926014] PNP: PS/2 Controller [PNP0303:KBD,PNP0f13:MOU] at 0x60,0x64 irq 1,12
[    4.934654] serio: i8042 KBD port at 0x60,0x64 irq 1
[    4.934750] serio: i8042 AUX port at 0x60,0x64 irq 12
[    4.934996] mice: PS/2 mouse device common for all mice
[    4.935110] i2c /dev entries driver
[    4.935239] md: linear personality registered for level -1
[    4.935332] md: raid0 personality registered for level 0
[    4.935420] md: raid1 personality registered for level 1
[    4.935509] md: raid10 personality registered for level 10
[    4.935599] md: raid6 personality registered for level 6
[    4.935700] md: raid5 personality registered for level 5
[    4.935799] md: raid4 personality registered for level 4
[    4.935889] md: multipath personality registered for level -4
[    4.936080] device-mapper: ioctl: 4.15.0-ioctl (2009-04-01) initialised: dm-devel@redhat.com
[    4.936285] cpuidle: using governor ladder
[    4.936901] usbcore: registered new interface driver usbhid
[    4.936990] usbhid: v2.6:USB HID core driver
[    4.937133] random 0014 0000 0000 00000000 00000000: rand_read_num 4 get_random_bytes(136): sig 00000000 00000000 00000000
[    4.937136] random 0014 0000 0000 00000000 00000000: extract_entropy(.. 136 ..)
[    4.937139] random 0014 0000 0000 00000000 00000000: going to reseed nonblocking with 1024 bits (1088 of 0 requested)
[    4.937141] random 0014 0000 0000 00000000 00000000: extract_entropy(.. 128 ..)
[    4.937143] random 0014 0000 0000 00000000 00000000: trying to extract 1024 bits from input
[    4.937145] random 0014 0000 0000 00000000 00000000: debiting 0 entropy credits from input
[    4.937147] random 0014 0000 0000 00000000 00000000: extract_entropy account returned: 0 
[    4.937150] random 0014 0000 0000 00000000 00000000: urand_change_num 7 xfer_secondary_pool(136): pool_sig 00000000, data_sig 00000000, bytes_mixed 0 00000000 00000000
[    4.937153] random 0014 0000 0000 00000000 00000000: trying to extract 1088 bits from nonblocking
[    4.937156] random 0014 0000 0000 00000000 00000000: debiting 1088 entropy credits from nonblocking (unlimited)
[    4.937158] random 0014 0000 0000 00000000 00000000: extract_entropy account returned: 136 
[    4.937162] random 0014 0000 0000 00000000 00000000: urand_change_num 8 extract_buf: pool_sig 00000000, data_sig fffffff9, bytes_mixed 20 00000000 00000000
[    4.937168] random 0014 0000 0000 b7c35b56 be4dc95d: urand_change_num 9 extract_buf: pool_sig fffffd1e, data_sig 000000c5, bytes_mixed 20 b7c35b56 be4dc95d
[    4.937173] random 0014 0000 0000 ed9f5c47 c48487fb: urand_change_num 10 extract_buf: pool_sig fffff8ec, data_sig ffffff68, bytes_mixed 20 ed9f5c47 c48487fb
[    4.937178] random 0014 0000 0000 ed9f5c47 c48487fb: urand_change_num 11 extract_buf: pool_sig fffffaed, data_sig 000001aa, bytes_mixed 20 ed9f5c47 c48487fb
[    4.937184] random 0014 0000 0000 1b4f7c0a 91bd6a48: urand_change_num 12 extract_buf: pool_sig fffffdd8, data_sig 00000064, bytes_mixed 20 1b4f7c0a 91bd6a48
[    4.937189] random 0014 0000 0000 a254b9bc 20e9a24f: urand_change_num 13 extract_buf: pool_sig fffffbe6, data_sig 000001dd, bytes_mixed 20 a254b9bc 20e9a24f
[    4.937194] random 0014 0000 0000 a254b9bc 20e9a24f: urand_change_num 14 extract_buf: pool_sig fffff940, data_sig fffffe20, bytes_mixed 20 a254b9bc 20e9a24f
[    4.937200] random 0014 0000 0000 2831a66b 5fa2a3ad: urand_change_num 15 extract_buf: pool_sig fffffbce, data_sig 0000007e, bytes_mixed 20 2831a66b 5fa2a3ad
[    4.937205] random 0014 0000 0000 2831a66b 5fa2a3ad: urand_change_num 16 extract_buf: pool_sig 000004df, data_sig fffffe8f, bytes_mixed 20 2831a66b 5fa2a3ad
[    4.937210] random 0014 0000 0000 d4512bfd c9a54e0b: urand_change_num 17 extract_buf: pool_sig 00000485, data_sig fffffe68, bytes_mixed 20 d4512bfd c9a54e0b
[    4.937215] random 0014 0000 0000 c7371be6 f9ffea11: urand_change_num 18 extract_buf: pool_sig 00000095, data_sig ffffffed, bytes_mixed 20 c7371be6 f9ffea11
[    4.937227] random 0014 0000 0000 c7371be6 f9ffea11: urand_change_num 19 extract_buf: pool_sig 000003a7, data_sig fffffefa, bytes_mixed 20 c7371be6 f9ffea11
[    4.937232] random 0014 0000 0000 8fb4b62c d1ddba54: urand_change_num 20 extract_buf: pool_sig 00000179, data_sig ffffff78, bytes_mixed 20 8fb4b62c d1ddba54
[    4.937237] random 0014 0000 0000 9ff19f9c c07a1d2a: urand_change_num 21 extract_buf: pool_sig fffffe88, data_sig 00000126, bytes_mixed 20 9ff19f9c c07a1d2a
[    4.937241] TCP cubic registered
[    4.937333] Initializing XFRM netlink socket
[    4.937430] NET: Registered protocol family 17
[    4.937525] Using IPI Shortcut mode
[    4.937613] random 0014 0000 0000 9ff19f9c c07a1d2a: rand_read_num 5 get_random_bytes(8): sig 0000031b 9ff19f9c c07a1d2a
[    4.937615] random 0014 0000 0000 9ff19f9c c07a1d2a: extract_entropy(.. 8 ..)
[    4.937618] random 0014 0000 0000 9ff19f9c c07a1d2a: going to reseed nonblocking with 64 bits (64 of 0 requested)
[    4.937620] random 0014 0000 0000 9ff19f9c c07a1d2a: extract_entropy(.. 8 ..)
[    4.937622] random 0014 0000 0000 9ff19f9c c07a1d2a: trying to extract 64 bits from input
[    4.937624] random 0014 0000 0000 9ff19f9c c07a1d2a: debiting 0 entropy credits from input
[    4.937626] random 0014 0000 0000 9ff19f9c c07a1d2a: extract_entropy account returned: 0 
[    4.937629] random 0014 0000 0000 9ff19f9c c07a1d2a: urand_change_num 22 xfer_secondary_pool(8): pool_sig 0000031b, data_sig 00000000, bytes_mixed 0 9ff19f9c c07a1d2a
[    4.937632] random 0014 0000 0000 9ff19f9c c07a1d2a: trying to extract 64 bits from nonblocking
[    4.937634] random 0014 0000 0000 9ff19f9c c07a1d2a: debiting 64 entropy credits from nonblocking (unlimited)
[    4.937637] random 0014 0000 0000 9ff19f9c c07a1d2a: extract_entropy account returned: 8 
[    4.937641] random 0014 0000 0000 9ff19f9c c07a1d2a: urand_change_num 23 extract_buf: pool_sig 0000031b, data_sig ffffffb3, bytes_mixed 20 9ff19f9c c07a1d2a
[    4.939619] input: AT Translated Set 2 keyboard as /devices/platform/i8042/serio0/input/input1
[    5.128666] ata3: SATA link down (SStatus 0 SControl 300)
[    5.128779] ata1: SATA link up 1.5 Gbps (SStatus 113 SControl 300)
[    5.131312] ata1.00: ACPI cmd ef/02:00:00:00:00:a0 (SET FEATURES) succeeded
[    5.131315] ata1.00: ACPI cmd f5/00:00:00:00:00:a0 (SECURITY FREEZE LOCK) filtered out
[    5.132706] ata1.00: ACPI cmd ef/5f:00:00:00:00:a0 (SET FEATURES) succeeded
[    5.132708] ata1.00: ACPI cmd ef/10:03:00:00:00:a0 (SET FEATURES) filtered out
[    5.134616] ata1.00: ATA-7: ST910021AS, 4.06, max UDMA/100
[    5.134705] ata1.00: 195371568 sectors, multi 16: LBA48 
[    5.136857] ata1.00: ACPI cmd ef/02:00:00:00:00:a0 (SET FEATURES) succeeded
[    5.136859] ata1.00: ACPI cmd f5/00:00:00:00:00:a0 (SECURITY FREEZE LOCK) filtered out
[    5.138249] ata1.00: ACPI cmd ef/5f:00:00:00:00:a0 (SET FEATURES) succeeded
[    5.138251] ata1.00: ACPI cmd ef/10:03:00:00:00:a0 (SET FEATURES) filtered out
[    5.140178] ata1.00: configured for UDMA/100
[    5.150719] scsi 2:0:0:0: Direct-Access     ATA      ST910021AS       4.06 PQ: 0 ANSI: 5
[    5.150998] sd 2:0:0:0: [sda] 195371568 512-byte logical blocks: (100 GB/93.1 GiB)
[    5.151143] sd 2:0:0:0: [sda] Write Protect is off
[    5.151235] sd 2:0:0:0: [sda] Mode Sense: 00 3a 00 00
[    5.151248] sd 2:0:0:0: [sda] Write cache: enabled, read cache: enabled, doesn't support DPO or FUA
[    5.151436]  sda:
[    5.563937] random 0014 0000 0000 277f73c3 42024bb9: add_disk_randomness(8:0) 277f73c3 42024bb9
[    5.564025] random 0014 0000 0000 277f73c3 42024bb9: add_timer_randomness(.. 8388864) with jiffies: 6861688289514717572, cycles: 6861688285220044810
[    5.564028] random 0014 0000 0000 277f73c3 42024bb9: added 11 entropy credits to input
[    5.564032]  sda1 sda2
[    5.564504] random 0025 0000 0000 277f73c3 42024bb9: add_disk_randomness(8:0) 277f73c3 42024bb9
[    5.564507] random 0025 0000 0000 277f73c3 42024bb9: add_timer_randomness(.. 8388864) with jiffies: 6866034800713236868, cycles: 6866034796418564106
[    5.564664] sd 2:0:0:0: [sda] Attached SCSI disk
[    5.564754] random 0025 0000 0000 277f73c3 42024bb9: rand_read_num 6 get_random_bytes(12): sig 000007e9 277f73c3 42024bb9
[    5.564757] random 0025 0000 0000 277f73c3 42024bb9: extract_entropy(.. 12 ..)
[    5.564759] random 0025 0000 0000 277f73c3 42024bb9: going to reseed nonblocking with 96 bits (96 of 0 requested)
[    5.564761] random 0025 0000 0000 277f73c3 42024bb9: extract_entropy(.. 12 ..)
[    5.564763] random 0025 0000 0000 277f73c3 42024bb9: trying to extract 96 bits from input
[    5.564766] random 0025 0000 0000 277f73c3 42024bb9: debiting 0 entropy credits from input
[    5.564768] random 0025 0000 0000 277f73c3 42024bb9: extract_entropy account returned: 0 
[    5.564771] random 0025 0000 0000 277f73c3 42024bb9: urand_change_num 24 xfer_secondary_pool(12): pool_sig 000007e9, data_sig 00000000, bytes_mixed 0 277f73c3 42024bb9
[    5.564774] random 0025 0000 0000 277f73c3 42024bb9: trying to extract 96 bits from nonblocking
[    5.564776] random 0025 0000 0000 277f73c3 42024bb9: debiting 96 entropy credits from nonblocking (unlimited)
[    5.564778] random 0025 0000 0000 277f73c3 42024bb9: extract_entropy account returned: 12 
[    5.564783] random 0025 0000 0000 277f73c3 42024bb9: urand_change_num 25 extract_buf: pool_sig 000007e9, data_sig 00000088, bytes_mixed 20 277f73c3 42024bb9
[    5.564788] random 0025 0000 0000 277f73c3 42024bb9: urand_change_num 26 extract_buf: pool_sig 00000498, data_sig fffffefb, bytes_mixed 20 277f73c3 42024bb9
[    5.564791] RANDOM - __seed init called.
[    5.564792] RANDOM - __seed init called.
[    5.564793] RANDOM - __seed init called.
[    5.564795] RANDOM - __random32 called. Change num 12.  Value: 87f14767	f0d7351	b1e48bd3
[    5.564797] RANDOM - random32_reseed called.  Value: 87f14767	f0d7351	b1e48bd3
[    5.564799] Pid: 1, comm: swapper Not tainted 2.6.32.57 #6
[    5.564891] Call Trace:
[    5.564986]  [<c1923ca4>] ? random32_reseed+0xa0/0xb1
[    5.565077]  [<c1923c04>] ? random32_reseed+0x0/0xb1
[    5.565170]  [<c100111e>] ? do_one_initcall+0x2e/0x180
[    5.565261]  [<c1907265>] ? kernel_init+0xad/0x103
[    5.565353]  [<c19071b8>] ? kernel_init+0x0/0x103
[    5.565445]  [<c1003787>] ? kernel_thread_helper+0x7/0x10
[    5.565987] random 0025 0000 0000 386b4e60 ee4d4880: rand_read_num 7 get_random_bytes(64): sig fffffea5 386b4e60 ee4d4880
[    5.565989] random 0025 0000 0000 386b4e60 ee4d4880: extract_entropy(.. 64 ..)
[    5.565992] random 0025 0000 0000 386b4e60 ee4d4880: going to reseed nonblocking with 512 bits (512 of 0 requested)
[    5.565994] random 0025 0000 0000 386b4e60 ee4d4880: extract_entropy(.. 64 ..)
[    5.565996] random 0025 0000 0000 386b4e60 ee4d4880: trying to extract 512 bits from input
[    5.565998] random 0025 0000 0000 386b4e60 ee4d4880: debiting 0 entropy credits from input
[    5.566000] random 0025 0000 0000 386b4e60 ee4d4880: extract_entropy account returned: 0 
[    5.566003] random 0025 0000 0000 386b4e60 ee4d4880: urand_change_num 27 xfer_secondary_pool(64): pool_sig fffffea5, data_sig 00000000, bytes_mixed 0 386b4e60 ee4d4880
[    5.566006] random 0025 0000 0000 386b4e60 ee4d4880: trying to extract 512 bits from nonblocking
[    5.566009] random 0025 0000 0000 386b4e60 ee4d4880: debiting 512 entropy credits from nonblocking (unlimited)
[    5.566011] random 0025 0000 0000 386b4e60 ee4d4880: extract_entropy account returned: 64 
[    5.566015] random 0025 0000 0000 386b4e60 ee4d4880: urand_change_num 28 extract_buf: pool_sig fffffea5, data_sig 00000173, bytes_mixed 20 386b4e60 ee4d4880
[    5.566021] random 0025 0000 0000 412698f6 0cc8689a: urand_change_num 29 extract_buf: pool_sig 00000122, data_sig ffffff63, bytes_mixed 20 412698f6 0cc8689a
[    5.566026] random 0025 0000 0000 412698f6 0cc8689a: urand_change_num 30 extract_buf: pool_sig 000001f7, data_sig 00000012, bytes_mixed 20 412698f6 0cc8689a
[    5.566031] random 0025 0000 0000 9669941e 06f768b1: urand_change_num 31 extract_buf: pool_sig fffffb5b, data_sig 0000003f, bytes_mixed 20 9669941e 06f768b1
[    5.566036] random 0025 0000 0000 98486520 995551f0: urand_change_num 32 extract_buf: pool_sig fffffb39, data_sig 0000000e, bytes_mixed 20 98486520 995551f0
[    5.566042] random 0025 0000 0000 98486520 995551f0: urand_change_num 33 extract_buf: pool_sig fffffd8d, data_sig 000001a6, bytes_mixed 20 98486520 995551f0
[    5.566047] random 0025 0000 0000 61fc8914 d5882ed2: urand_change_num 34 extract_buf: pool_sig fffffa58, data_sig 0000023e, bytes_mixed 20 61fc8914 d5882ed2
[    5.566078] random 0025 0000 0000 61fc8914 d5882ed2: rand_read_num 8 get_random_bytes(64): sig fffff9ee 61fc8914 d5882ed2
[    5.566080] random 0025 0000 0000 61fc8914 d5882ed2: extract_entropy(.. 64 ..)
[    5.566082] random 0025 0000 0000 61fc8914 d5882ed2: going to reseed nonblocking with 512 bits (512 of 0 requested)
[    5.566085] random 0025 0000 0000 61fc8914 d5882ed2: extract_entropy(.. 64 ..)
[    5.566087] random 0025 0000 0000 61fc8914 d5882ed2: trying to extract 512 bits from input
[    5.566089] random 0025 0000 0000 61fc8914 d5882ed2: debiting 0 entropy credits from input
[    5.566091] random 0025 0000 0000 61fc8914 d5882ed2: extract_entropy account returned: 0 
[    5.566094] random 0025 0000 0000 61fc8914 d5882ed2: urand_change_num 35 xfer_secondary_pool(64): pool_sig fffff9ee, data_sig 00000000, bytes_mixed 0 61fc8914 d5882ed2
[    5.566097] random 0025 0000 0000 61fc8914 d5882ed2: trying to extract 512 bits from nonblocking
[    5.566099] random 0025 0000 0000 61fc8914 d5882ed2: debiting 512 entropy credits from nonblocking (unlimited)
[    5.566102] random 0025 0000 0000 61fc8914 d5882ed2: extract_entropy account returned: 64 
[    5.566106] random 0025 0000 0000 61fc8914 d5882ed2: urand_change_num 36 extract_buf: pool_sig fffff9ee, data_sig ffffff85, bytes_mixed 20 61fc8914 d5882ed2
[    5.566111] random 0025 0000 0000 70cfd302 e5edec11: urand_change_num 37 extract_buf: pool_sig fffffdc1, data_sig ffffffde, bytes_mixed 20 70cfd302 e5edec11
[    5.566116] random 0025 0000 0000 00dab838 eafd2b30: urand_change_num 38 extract_buf: pool_sig 000003da, data_sig ffffff61, bytes_mixed 20 00dab838 eafd2b30
[    5.566122] random 0025 0000 0000 00dab838 eafd2b30: urand_change_num 39 extract_buf: pool_sig 00000314, data_sig 00000121, bytes_mixed 20 00dab838 eafd2b30
[    5.566127] random 0025 0000 0000 5fcdf66a 6442b608: urand_change_num 40 extract_buf: pool_sig 0000028b, data_sig fffffefd, bytes_mixed 20 5fcdf66a 6442b608
[    5.566132] random 0025 0000 0000 61333f6b 8fae0f9b: urand_change_num 41 extract_buf: pool_sig 000000cb, data_sig 000000b3, bytes_mixed 20 61333f6b 8fae0f9b
[    5.566137] random 0025 0000 0000 61333f6b 8fae0f9b: urand_change_num 42 extract_buf: pool_sig fffffef8, data_sig 00000051, bytes_mixed 20 61333f6b 8fae0f9b
[    5.566140] BEGIN NET_SECRET:
[    5.566141] \xffffffe0
[    5.566142] \xffffffb6
[    5.566143] \x36
[    5.566144] \xffffffb5
[    5.566145] \xffffff94
[    5.566146] \xffffffb2
[    5.566146] \xffffffa8
[    5.566147] \xffffffda
[    5.566148] \x5b
[    5.566149] \x19
[    5.566150] \x18
[    5.566150] \x5c
[    5.566151] \x2b
[    5.566152] \x1
[    5.566153] \xffffff90
[    5.566153] \x19
[    5.566154] \x3c
[    5.566155] \xfffffff2
[    5.566156] \xffffff82
[    5.566156] \x2a
[    5.566157] \xffffffb3
[    5.566158] \xffffffa2
[    5.566159] \x3f
[    5.566160] \x5
[    5.566160] \x52
[    5.566161] \x77
[    5.566162] \x57
[    5.566162] \x79
[    5.566163] \x16
[    5.566164] \x43
[    5.566165] \xffffff84
[    5.566165] \xffffffc3
[    5.566166] \xffffffe9
[    5.566167] \x79
[    5.566168] \x50
[    5.566169] \xffffff8e
[    5.566169] \x3f
[    5.566170] \xfffffff3
[    5.566171] \x19
[    5.566172] \x2a
[    5.566172] \xfffffffd
[    5.566173] \xfffffffb
[    5.566174] \x62
[    5.566175] \x3c
[    5.566175] \xffffffac
[    5.566176] \x1c
[    5.566177] \x3b
[    5.566178] \x3b
[    5.566178] \x15
[    5.566179] \x27
[    5.566180] \xffffffa8
[    5.566181] \x22
[    5.566181] \xffffffc5
[    5.566182] \xffffff9a
[    5.566183] \x5
[    5.566184] \x6c
[    5.566185] \xffffffa8
[    5.566185] \x3a
[    5.566186] \x44
[    5.566187] \xffffffaf
[    5.566188] \x13
[    5.566188] \xffffffe0
[    5.566189] \xffffff9d
[    5.566190] \x22
[    5.566191] 
[    5.566191] END NET_SECRET
[    5.566194] random 0025 0000 0000 e7f555d9 e8ce5c3c: rand_read_num 9 get_random_bytes(4): sig 0000068c e7f555d9 e8ce5c3c
[    5.566196] random 0025 0000 0000 e7f555d9 e8ce5c3c: extract_entropy(.. 4 ..)
[    5.566199] random 0025 0000 0000 e7f555d9 e8ce5c3c: going to reseed nonblocking with 64 bits (32 of 0 requested)
[    5.566201] random 0025 0000 0000 e7f555d9 e8ce5c3c: extract_entropy(.. 8 ..)
[    5.566203] random 0025 0000 0000 e7f555d9 e8ce5c3c: trying to extract 64 bits from input
[    5.566205] random 0025 0000 0000 e7f555d9 e8ce5c3c: debiting 0 entropy credits from input
[    5.566207] random 0025 0000 0000 e7f555d9 e8ce5c3c: extract_entropy account returned: 0 
[    5.566210] random 0025 0000 0000 e7f555d9 e8ce5c3c: urand_change_num 43 xfer_secondary_pool(4): pool_sig 0000068c, data_sig 00000000, bytes_mixed 0 e7f555d9 e8ce5c3c
[    5.566213] random 0025 0000 0000 e7f555d9 e8ce5c3c: trying to extract 32 bits from nonblocking
[    5.566215] random 0025 0000 0000 e7f555d9 e8ce5c3c: debiting 32 entropy credits from nonblocking (unlimited)
[    5.566218] random 0025 0000 0000 e7f555d9 e8ce5c3c: extract_entropy account returned: 4 
[    5.566222] random 0025 0000 0000 e7f555d9 e8ce5c3c: urand_change_num 44 extract_buf: pool_sig 0000068c, data_sig fffffdcb, bytes_mixed 20 e7f555d9 e8ce5c3c
[    5.566232] md: Waiting for all devices to be available before autodetect
[    5.566325] md: If you don't use raid, use raid=noautodetect
[    5.566488] md: Autodetecting RAID arrays.
[    5.566576] md: Scanned 0 and added 0 devices.
[    5.566667] md: autorun ...
[    5.566751] md: ... autorun DONE.
[    5.580144] random 0025 0000 0000 e7f555d9 e8ce5c3c: add_disk_randomness(8:0) e7f555d9 e8ce5c3c
[    5.580147] random 0025 0000 0000 e7f555d9 e8ce5c3c: add_timer_randomness(.. 8388864) with jiffies: 7006734364507341204, cycles: 7006734360212668426
[    5.580150] random 0025 0000 0000 e7f555d9 e8ce5c3c: added 4 entropy credits to input
[    5.581268] random 0029 0000 0000 e7f555d9 e8ce5c3c: add_disk_randomness(8:0) e7f555d9 e8ce5c3c
[    5.581271] random 0029 0000 0000 e7f555d9 e8ce5c3c: add_timer_randomness(.. 8388864) with jiffies: 7016854303889129877, cycles: 7016854299594457098
[    5.581382] random 0029 0000 0000 e7f555d9 e8ce5c3c: add_disk_randomness(8:0) e7f555d9 e8ce5c3c
[    5.581385] random 0029 0000 0000 e7f555d9 e8ce5c3c: add_timer_randomness(.. 8388864) with jiffies: 7017877601322238357, cycles: 7017877597027565578
[    5.581390] EXT3-fs: sda2: couldn't mount because of unsupported optional features (240).
[    5.581616] random 0029 0000 0000 e7f555d9 e8ce5c3c: add_disk_randomness(8:0) e7f555d9 e8ce5c3c
[    5.581619] random 0029 0000 0000 e7f555d9 e8ce5c3c: add_timer_randomness(.. 8388864) with jiffies: 7019985622810722709, cycles: 7019985618516049930
[    5.581623] EXT2-fs: sda2: couldn't mount because of unsupported optional features (240).
[    5.581847] random 0029 0000 0000 e7f555d9 e8ce5c3c: add_disk_randomness(8:0) e7f555d9 e8ce5c3c
[    5.581850] random 0029 0000 0000 e7f555d9 e8ce5c3c: add_timer_randomness(.. 8388864) with jiffies: 7022056935213728150, cycles: 7022056930919055370
[    5.581976] random 0029 0000 0000 e7f555d9 e8ce5c3c: add_disk_randomness(8:0) e7f555d9 e8ce5c3c
[    5.581979] random 0029 0000 0000 e7f555d9 e8ce5c3c: add_timer_randomness(.. 8388864) with jiffies: 7023219990882648470, cycles: 7023219986587975690
[    5.582134] random 0029 0000 0000 e7f555d9 e8ce5c3c: add_disk_randomness(8:0) e7f555d9 e8ce5c3c
[    5.582137] random 0029 0000 0000 e7f555d9 e8ce5c3c: add_timer_randomness(.. 8388864) with jiffies: 7024642355202064790, cycles: 7024642350907392010
[    5.582260] random 0029 0000 0000 e7f555d9 e8ce5c3c: add_disk_randomness(8:0) e7f555d9 e8ce5c3c
[    5.582263] random 0029 0000 0000 e7f555d9 e8ce5c3c: add_timer_randomness(.. 8388864) with jiffies: 7025776054769516950, cycles: 7025776050474844170
[    5.582382] random 0029 0000 0000 e7f555d9 e8ce5c3c: add_disk_randomness(8:0) e7f555d9 e8ce5c3c
[    5.582385] random 0029 0000 0000 e7f555d9 e8ce5c3c: add_timer_randomness(.. 8388864) with jiffies: 7026871958624764310, cycles: 7026871954330091530
[    5.582493] random 0029 0000 0000 e7f555d9 e8ce5c3c: add_disk_randomness(8:0) e7f555d9 e8ce5c3c
[    5.582496] random 0029 0000 0000 e7f555d9 e8ce5c3c: add_timer_randomness(.. 8388864) with jiffies: 7027874696049426838, cycles: 7027874691754754058
[    5.582606] random 0029 0000 0000 e7f555d9 e8ce5c3c: add_disk_randomness(8:0) e7f555d9 e8ce5c3c
[    5.582609] random 0029 0000 0000 e7f555d9 e8ce5c3c: add_timer_randomness(.. 8388864) with jiffies: 7028893531011514774, cycles: 7028893526716841994
[    5.582720] random 0029 0000 0000 e7f555d9 e8ce5c3c: add_disk_randomness(8:0) e7f555d9 e8ce5c3c
[    5.582723] random 0029 0000 0000 e7f555d9 e8ce5c3c: add_timer_randomness(.. 8388864) with jiffies: 7029909209172640151, cycles: 7029909204877967370
[    5.582958] random 0029 0000 0000 e7f555d9 e8ce5c3c: rand_read_num 10 get_random_bytes(4): sig ffffff72 e7f555d9 e8ce5c3c
[    5.582961] random 0029 0000 0000 e7f555d9 e8ce5c3c: extract_entropy(.. 4 ..)
[    5.582963] random 0029 0000 0000 e7f555d9 e8ce5c3c: going to reseed nonblocking with 64 bits (32 of 0 requested)
[    5.582966] random 0029 0000 0000 e7f555d9 e8ce5c3c: extract_entropy(.. 8 ..)
[    5.582968] random 0029 0000 0000 e7f555d9 e8ce5c3c: trying to extract 64 bits from input
[    5.582970] random 0029 0000 0000 e7f555d9 e8ce5c3c: debiting 0 entropy credits from input
[    5.582972] random 0029 0000 0000 e7f555d9 e8ce5c3c: extract_entropy account returned: 0 
[    5.582975] random 0029 0000 0000 e7f555d9 e8ce5c3c: urand_change_num 45 xfer_secondary_pool(4): pool_sig ffffff72, data_sig 00000000, bytes_mixed 0 e7f555d9 e8ce5c3c
[    5.582978] random 0029 0000 0000 e7f555d9 e8ce5c3c: trying to extract 32 bits from nonblocking
[    5.582980] random 0029 0000 0000 e7f555d9 e8ce5c3c: debiting 32 entropy credits from nonblocking (unlimited)
[    5.582982] random 0029 0000 0000 e7f555d9 e8ce5c3c: extract_entropy account returned: 4 
[    5.582986] random 0029 0000 0000 e7f555d9 e8ce5c3c: urand_change_num 46 extract_buf: pool_sig ffffff72, data_sig ffffff72, bytes_mixed 20 e7f555d9 e8ce5c3c
[    5.594594] random 0029 0000 0000 91716c54 eeb6a1e7: add_disk_randomness(8:0) 91716c54 eeb6a1e7
[    5.594597] random 0029 0000 0000 91716c54 eeb6a1e7: add_timer_randomness(.. 8388864) with jiffies: 7136751137750483362, cycles: 7136751133455810570
[    5.594600] random 0029 0000 0000 91716c54 eeb6a1e7: added 3 entropy credits to input
[    5.612874] random 0032 0000 0000 91716c54 eeb6a1e7: add_disk_randomness(8:0) 91716c54 eeb6a1e7
[    5.612877] random 0032 0000 0000 91716c54 eeb6a1e7: add_timer_randomness(.. 8388864) with jiffies: 7301200444762325429, cycles: 7301200440467652618
[    5.612880] random 0032 0000 0000 91716c54 eeb6a1e7: added 1 entropy credits to input
[    5.617548] EXT4-fs (sda2): mounted filesystem with ordered data mode
[    5.617756] VFS: Mounted root (ext4 filesystem) readonly on device 8:2.
[    5.617859] Freeing unused kernel memory: 448k freed
[    5.638068] random 0033 0000 0000 91716c54 eeb6a1e7: add_disk_randomness(8:0) 91716c54 eeb6a1e7
[    5.638071] random 0033 0000 0000 91716c54 eeb6a1e7: add_timer_randomness(.. 8388864) with jiffies: 7527865879224877518, cycles: 7527865874930204682
[    5.638074] random 0033 0000 0000 91716c54 eeb6a1e7: added 1 entropy credits to input
[    5.638756] random 0034 0000 0000 91716c54 eeb6a1e7: add_disk_randomness(8:0) 91716c54 eeb6a1e7
[    5.638759] random 0034 0000 0000 91716c54 eeb6a1e7: add_timer_randomness(.. 8388864) with jiffies: 7534045585544544719, cycles: 7534045581249871882
[    5.643480] random 0034 0000 0000 91716c54 eeb6a1e7: add_disk_randomness(8:0) 91716c54 eeb6a1e7
[    5.643483] random 0034 0000 0000 91716c54 eeb6a1e7: add_timer_randomness(.. 8388864) with jiffies: 7576556918437282259, cycles: 7576556914142609418
[    5.643485] random 0034 0000 0000 91716c54 eeb6a1e7: added 1 entropy credits to input
[    5.651681] random 0035 0000 0000 91716c54 eeb6a1e7: add_disk_randomness(8:0) 91716c54 eeb6a1e7
[    5.651684] random 0035 0000 0000 91716c54 eeb6a1e7: add_timer_randomness(.. 8388864) with jiffies: 7650330364794864092, cycles: 7650330360500191242
[    5.651687] random 0035 0000 0000 91716c54 eeb6a1e7: added 1 entropy credits to input
[    5.655103] random 0036 0000 0000 91716c54 eeb6a1e7: add_disk_randomness(8:0) 91716c54 eeb6a1e7
[    5.655106] random 0036 0000 0000 91716c54 eeb6a1e7: add_timer_randomness(.. 8388864) with jiffies: 7681123695464251871, cycles: 7681123691169579018
[    5.655109] random 0036 0000 0000 91716c54 eeb6a1e7: added 1 entropy credits to input
[    5.664000] random 0037 0000 0000 91716c54 eeb6a1e7: add_disk_randomness(8:0) 91716c54 eeb6a1e7
[    5.664003] random 0037 0000 0000 91716c54 eeb6a1e7: add_timer_randomness(.. 8388864) with jiffies: 7761162803321995752, cycles: 7761162799027322890
[    5.664005] random 0037 0000 0000 91716c54 eeb6a1e7: added 2 entropy credits to input
[    5.677279] random 0039 0000 0000 91716c54 eeb6a1e7: add_disk_randomness(8:0) 91716c54 eeb6a1e7
[    5.677282] random 0039 0000 0000 91716c54 eeb6a1e7: add_timer_randomness(.. 8388864) with jiffies: 7880640280871535093, cycles: 7880640276576862218
[    5.677285] random 0039 0000 0000 91716c54 eeb6a1e7: added 1 entropy credits to input
[    5.685355] random 0040 0000 0000 91716c54 eeb6a1e7: add_disk_randomness(8:0) 91716c54 eeb6a1e7
[    5.685358] random 0040 0000 0000 91716c54 eeb6a1e7: add_timer_randomness(.. 8388864) with jiffies: 7953296309882683901, cycles: 7953296305588011018
[    5.685361] random 0040 0000 0000 91716c54 eeb6a1e7: added 2 entropy credits to input
[    5.685384] RANDOM get_random_int call with cycles 44801498889, jiffies 4294672893 and pid 1
[    5.685387] RANDOM get_random_int call with cycles 44801506470, jiffies 4294672893 and pid 1
[    5.685389] ASLR stack rand value: 6516736 after shift for pid: 1
[    5.685390] RANDOM get_random_int call with cycles 44801514282, jiffies 4294672893 and pid 1
[    5.697004] random 0042 0000 0000 91716c54 eeb6a1e7: add_disk_randomness(8:0) 91716c54 eeb6a1e7
[    5.697007] random 0042 0000 0000 91716c54 eeb6a1e7: add_timer_randomness(.. 8388864) with jiffies: 8058093486135280137, cycles: 8058093481840607242
[    5.697010] random 0042 0000 0000 91716c54 eeb6a1e7: added 2 entropy credits to input
[    5.697020] RANDOM get_random_int call with cycles 44825872843, jiffies 4294672905 and pid 1
[    5.697026] random 0044 0000 0000 91716c54 eeb6a1e7: rand_read_num 11 get_random_bytes(16): sig fffffcad 91716c54 eeb6a1e7
[    5.697028] random 0044 0000 0000 91716c54 eeb6a1e7: extract_entropy(.. 16 ..)
[    5.697031] random 0044 0000 0000 91716c54 eeb6a1e7: going to reseed nonblocking with 128 bits (128 of 0 requested)
[    5.697033] random 0044 0000 0000 91716c54 eeb6a1e7: extract_entropy(.. 16 ..)
[    5.697035] random 0044 0000 0000 91716c54 eeb6a1e7: trying to extract 128 bits from input
[    5.697038] random 0044 0000 0000 91716c54 eeb6a1e7: debiting 0 entropy credits from input
[    5.697040] random 0044 0000 0000 91716c54 eeb6a1e7: extract_entropy account returned: 0 
[    5.697043] random 0044 0000 0000 91716c54 eeb6a1e7: urand_change_num 47 xfer_secondary_pool(16): pool_sig fffffcad, data_sig 00000000, bytes_mixed 0 91716c54 eeb6a1e7
[    5.697046] random 0044 0000 0000 91716c54 eeb6a1e7: trying to extract 128 bits from nonblocking
[    5.697048] random 0044 0000 0000 91716c54 eeb6a1e7: debiting 128 entropy credits from nonblocking (unlimited)
[    5.697050] random 0044 0000 0000 91716c54 eeb6a1e7: extract_entropy account returned: 16 
[    5.697055] random 0044 0000 0000 91716c54 eeb6a1e7: urand_change_num 48 extract_buf: pool_sig fffffcad, data_sig ffffff19, bytes_mixed 20 91716c54 eeb6a1e7
[    5.697060] random 0044 0000 0000 fd637b06 6cf47bc1: urand_change_num 49 extract_buf: pool_sig fffffede, data_sig ffffffc1, bytes_mixed 20 fd637b06 6cf47bc1
[    5.698011] random 0044 0000 0000 fd637b06 6cf47bc1: add_disk_randomness(8:0) fd637b06 6cf47bc1
[    5.698014] random 0044 0000 0000 fd637b06 6cf47bc1: add_timer_randomness(.. 8388864) with jiffies: 8067153504897827338, cycles: 8067153500603154442
[    5.699153] random 0044 0000 0000 fd637b06 6cf47bc1: add_disk_randomness(8:0) fd637b06 6cf47bc1
[    5.699156] random 0044 0000 0000 fd637b06 6cf47bc1: add_timer_randomness(.. 8388864) with jiffies: 8077432096076562955, cycles: 8077432091781890058
[    5.700308] random 0044 0000 0000 fd637b06 6cf47bc1: add_disk_randomness(8:0) fd637b06 6cf47bc1
[    5.700311] random 0044 0000 0000 fd637b06 6cf47bc1: add_timer_randomness(.. 8388864) with jiffies: 8087821398627287564, cycles: 8087821394332614666
[    5.701189] random 0044 0000 0000 fd637b06 6cf47bc1: add_disk_randomness(8:0) fd637b06 6cf47bc1
[    5.701192] random 0044 0000 0000 fd637b06 6cf47bc1: add_timer_randomness(.. 8388864) with jiffies: 8095746364907684365, cycles: 8095746360613011466
[    5.709999] random 0044 0000 0000 fd637b06 6cf47bc1: add_disk_randomness(8:0) fd637b06 6cf47bc1
[    5.710002] random 0044 0000 0000 fd637b06 6cf47bc1: add_timer_randomness(.. 8388864) with jiffies: 8175010798104183318, cycles: 8175010793809510410
[    5.710005] random 0044 0000 0000 fd637b06 6cf47bc1: added 3 entropy credits to input
[    5.710201] random 0047 0000 0000 fd637b06 6cf47bc1: add_disk_randomness(8:0) fd637b06 6cf47bc1
[    5.710204] random 0047 0000 0000 fd637b06 6cf47bc1: add_timer_randomness(.. 8388864) with jiffies: 8176823613605511702, cycles: 8176823609310838794
[    5.720388] random 0047 0000 0000 fd637b06 6cf47bc1: add_disk_randomness(8:0) fd637b06 6cf47bc1
[    5.720391] random 0047 0000 0000 fd637b06 6cf47bc1: add_timer_randomness(.. 8388864) with jiffies: 8268477451197973024, cycles: 8268477446903300106
[    5.720393] random 0047 0000 0000 fd637b06 6cf47bc1: added 3 entropy credits to input
[    5.720828] random 0050 0000 0000 fd637b06 6cf47bc1: add_disk_randomness(8:0) fd637b06 6cf47bc1
[    5.720831] random 0050 0000 0000 fd637b06 6cf47bc1: add_timer_randomness(.. 8388864) with jiffies: 8272432471832494625, cycles: 8272432467537821706
[    5.730568] random 0050 0000 0000 fd637b06 6cf47bc1: add_disk_randomness(8:0) fd637b06 6cf47bc1
[    5.730571] random 0050 0000 0000 fd637b06 6cf47bc1: add_timer_randomness(.. 8388864) with jiffies: 8360070540772999722, cycles: 8360070536478326794
[    5.730574] random 0050 0000 0000 fd637b06 6cf47bc1: added 3 entropy credits to input
[    5.730630] RANDOM get_random_int call with cycles 44896274587, jiffies 4294672939 and pid 1
[    5.743215] random 0053 0000 0000 fd637b06 6cf47bc1: add_disk_randomness(8:0) fd637b06 6cf47bc1
[    5.743218] random 0053 0000 0000 fd637b06 6cf47bc1: add_timer_randomness(.. 8388864) with jiffies: 8473848278893167159, cycles: 8473848274598494218
[    5.743221] random 0053 0000 0000 fd637b06 6cf47bc1: added 2 entropy credits to input
[    5.756325] random 0055 0000 0000 fd637b06 6cf47bc1: add_disk_randomness(8:0) fd637b06 6cf47bc1
[    5.756328] random 0055 0000 0000 fd637b06 6cf47bc1: add_timer_randomness(.. 8388864) with jiffies: 8591795335041090116, cycles: 8591795330746417162
[    5.756467] random 0055 0000 0000 fd637b06 6cf47bc1: add_disk_randomness(8:0) fd637b06 6cf47bc1
[    5.756470] random 0055 0000 0000 fd637b06 6cf47bc1: add_timer_randomness(.. 8388864) with jiffies: 8593071992594989636, cycles: 8593071988300316682
[    5.758627] random 0055 0000 0000 fd637b06 6cf47bc1: add_disk_randomness(8:0) fd637b06 6cf47bc1
[    5.758630] random 0055 0000 0000 fd637b06 6cf47bc1: add_timer_randomness(.. 8388864) with jiffies: 8612493757398090311, cycles: 8612493753103417354
[    5.758633] random 0055 0000 0000 fd637b06 6cf47bc1: added 1 entropy credits to input
[    5.758873] random 0056 0000 0000 fd637b06 6cf47bc1: add_disk_randomness(8:0) fd637b06 6cf47bc1
[    5.758876] random 0056 0000 0000 fd637b06 6cf47bc1: add_timer_randomness(.. 8388864) with jiffies: 8614708929730675271, cycles: 8614708925436002314
[    5.759017] random 0056 0000 0000 fd637b06 6cf47bc1: add_disk_randomness(8:0) fd637b06 6cf47bc1
[    5.759020] random 0056 0000 0000 fd637b06 6cf47bc1: add_timer_randomness(.. 8388864) with jiffies: 8616006061393674823, cycles: 8616006057099001866
[    5.762178] random 0056 0000 0000 fd637b06 6cf47bc1: add_disk_randomness(8:0) fd637b06 6cf47bc1
[    5.762181] random 0056 0000 0000 fd637b06 6cf47bc1: add_timer_randomness(.. 8388864) with jiffies: 8644454971279639114, cycles: 8644454966984966154
[    5.762184] random 0056 0000 0000 fd637b06 6cf47bc1: added 1 entropy credits to input
[    5.764193] random 0057 0000 0000 fd637b06 6cf47bc1: add_disk_randomness(8:0) fd637b06 6cf47bc1
[    5.764196] random 0057 0000 0000 fd637b06 6cf47bc1: add_timer_randomness(.. 8388864) with jiffies: 8662579651664380492, cycles: 8662579647369707530
[    5.772025] random 0057 0000 0000 fd637b06 6cf47bc1: add_disk_randomness(8:0) fd637b06 6cf47bc1
[    5.772028] random 0057 0000 0000 fd637b06 6cf47bc1: add_timer_randomness(.. 8388864) with jiffies: 8733035751181877844, cycles: 8733035746887204874
[    5.772030] random 0057 0000 0000 fd637b06 6cf47bc1: added 2 entropy credits to input
[    5.772160] random 0059 0000 0000 fd637b06 6cf47bc1: add_disk_randomness(8:0) fd637b06 6cf47bc1
[    5.772163] random 0059 0000 0000 fd637b06 6cf47bc1: add_timer_randomness(.. 8388864) with jiffies: 8734257072377135700, cycles: 8734257068082462730
[    5.775722] random 0059 0000 0000 fd637b06 6cf47bc1: add_disk_randomness(8:0) fd637b06 6cf47bc1
[    5.775725] random 0059 0000 0000 fd637b06 6cf47bc1: add_timer_randomness(.. 8388864) with jiffies: 8766297339426734680, cycles: 8766297335132061706
[    5.775728] random 0059 0000 0000 fd637b06 6cf47bc1: added 2 entropy credits to input
[    5.780219] random 0061 0000 0000 fd637b06 6cf47bc1: add_disk_randomness(8:0) fd637b06 6cf47bc1
[    5.780222] random 0061 0000 0000 fd637b06 6cf47bc1: add_timer_randomness(.. 8388864) with jiffies: 8806761484747768412, cycles: 8806761480453095434
[    5.785797] random 0061 0000 0000 fd637b06 6cf47bc1: add_disk_randomness(8:0) fd637b06 6cf47bc1
[    5.785800] random 0061 0000 0000 fd637b06 6cf47bc1: add_timer_randomness(.. 8388864) with jiffies: 8856934957692191330, cycles: 8856934953397518346
[    5.785802] random 0061 0000 0000 fd637b06 6cf47bc1: added 1 entropy credits to input
[    5.792075] random 0062 0000 0000 fd637b06 6cf47bc1: add_disk_randomness(8:0) fd637b06 6cf47bc1
[    5.792078] random 0062 0000 0000 fd637b06 6cf47bc1: add_timer_randomness(.. 8388864) with jiffies: 8913421538640495208, cycles: 8913421534345822218
[    5.792089] random 0062 0000 0000 fd637b06 6cf47bc1: rand_read_num 12 get_random_bytes(16): sig 0000033b fd637b06 6cf47bc1
[    5.792091] random 0062 0000 0000 fd637b06 6cf47bc1: extract_entropy(.. 16 ..)
[    5.792094] random 0062 0000 0000 fd637b06 6cf47bc1: going to reseed nonblocking with 128 bits (128 of 0 requested)
[    5.792096] random 0062 0000 0000 fd637b06 6cf47bc1: extract_entropy(.. 16 ..)
[    5.792098] random 0062 0000 0000 fd637b06 6cf47bc1: trying to extract 128 bits from input
[    5.792100] random 0062 0000 0000 fd637b06 6cf47bc1: debiting 0 entropy credits from input
[    5.792102] random 0062 0000 0000 fd637b06 6cf47bc1: extract_entropy account returned: 0 
[    5.792106] random 0062 0000 0000 fd637b06 6cf47bc1: urand_change_num 50 xfer_secondary_pool(16): pool_sig 0000033b, data_sig 00000000, bytes_mixed 0 fd637b06 6cf47bc1
[    5.792108] random 0062 0000 0000 fd637b06 6cf47bc1: trying to extract 128 bits from nonblocking
[    5.792111] random 0062 0000 0000 fd637b06 6cf47bc1: debiting 128 entropy credits from nonblocking (unlimited)
[    5.792113] random 0062 0000 0000 fd637b06 6cf47bc1: extract_entropy account returned: 16 
[    5.792117] random 0062 0000 0000 fd637b06 6cf47bc1: urand_change_num 51 extract_buf: pool_sig 0000033b, data_sig 000000d8, bytes_mixed 20 fd637b06 6cf47bc1
[    5.792123] random 0062 0000 0000 0ec1f012 d4727ca8: urand_change_num 52 extract_buf: pool_sig fffffcf5, data_sig 00000016, bytes_mixed 20 0ec1f012 d4727ca8
[    5.798819] random 0062 0000 0000 45b1d0b1 845a73f7: add_disk_randomness(8:0) 45b1d0b1 845a73f7
[    5.798822] random 0062 0000 0000 45b1d0b1 845a73f7: add_timer_randomness(.. 8388864) with jiffies: 8974098229553234543, cycles: 8974098225258561546
[    5.806041] random 0062 0000 0000 45b1d0b1 845a73f7: add_disk_randomness(8:0) 45b1d0b1 845a73f7
[    5.806044] random 0062 0000 0000 45b1d0b1 845a73f7: add_timer_randomness(.. 8388864) with jiffies: 9039069024473547382, cycles: 9039069020178874378
[    5.811642] random 0062 0000 0000 45b1d0b1 845a73f7: add_disk_randomness(8:0) 45b1d0b1 845a73f7
[    5.811645] random 0062 0000 0000 45b1d0b1 845a73f7: add_timer_randomness(.. 8388864) with jiffies: 9089459732568834684, cycles: 9089459728274161674
[    5.823465] random 0062 0000 0000 45b1d0b1 845a73f7: add_disk_randomness(8:0) 45b1d0b1 845a73f7
[    5.823468] random 0062 0000 0000 45b1d0b1 845a73f7: add_timer_randomness(.. 8388864) with jiffies: 9195840227040264839, cycles: 9195840222745591818
[    5.823471] random 0062 0000 0000 45b1d0b1 845a73f7: added 2 entropy credits to input
[    5.826606] random 0064 0000 0000 45b1d0b1 845a73f7: add_disk_randomness(8:0) 45b1d0b1 845a73f7
[    5.826609] random 0064 0000 0000 45b1d0b1 845a73f7: add_timer_randomness(.. 8388864) with jiffies: 9224095983656993418, cycles: -9222648094347231222
[    5.826612] random 0064 0000 0000 45b1d0b1 845a73f7: added 1 entropy credits to input
[    5.840879] random 0065 0000 0000 45b1d0b1 845a73f7: add_disk_randomness(8:0) 45b1d0b1 845a73f7
[    5.840882] random 0065 0000 0000 45b1d0b1 845a73f7: add_timer_randomness(.. 8388864) with jiffies: 9352496114030051993, cycles: -9094247963974172662
[    5.840885] random 0065 0000 0000 45b1d0b1 845a73f7: added 3 entropy credits to input
[    5.846276] random 0068 0000 0000 45b1d0b1 845a73f7: add_disk_randomness(8:0) 45b1d0b1 845a73f7
[    5.846279] random 0068 0000 0000 45b1d0b1 845a73f7: add_timer_randomness(.. 8388864) with jiffies: 9401056642071233182, cycles: -9045687435932991478
[    5.846281] random 0068 0000 0000 45b1d0b1 845a73f7: added 2 entropy credits to input
[    5.851445] random 0070 0000 0000 45b1d0b1 845a73f7: add_disk_randomness(8:0) 45b1d0b1 845a73f7
[    5.851448] random 0070 0000 0000 45b1d0b1 845a73f7: add_timer_randomness(.. 8388864) with jiffies: 9447568676870652579, cycles: -8999175401133572086
[    5.859679] random 0070 0000 0000 45b1d0b1 845a73f7: add_disk_randomness(8:0) 45b1d0b1 845a73f7
[    5.859683] random 0070 0000 0000 45b1d0b1 845a73f7: add_timer_randomness(.. 8388864) with jiffies: 9521637419409703596, cycles: -8925106658594521078
[    5.859686] random 0070 0000 0000 45b1d0b1 845a73f7: added 2 entropy credits to input
[    5.869275] random 0072 0000 0000 45b1d0b1 845a73f7: add_disk_randomness(8:0) 45b1d0b1 845a73f7
[    5.869278] random 0072 0000 0000 45b1d0b1 845a73f7: add_timer_randomness(.. 8388864) with jiffies: 9607978992342368949, cycles: -8838765085661855734
[    5.888780] random 0072 0000 0000 45b1d0b1 845a73f7: add_disk_randomness(8:0) 45b1d0b1 845a73f7
[    5.888783] random 0072 0000 0000 45b1d0b1 845a73f7: add_timer_randomness(.. 8388864) with jiffies: 9783447832521048777, cycles: -8663296245483175926
[    5.888786] random 0072 0000 0000 45b1d0b1 845a73f7: added 3 entropy credits to input
[    5.902066] random 0075 0000 0000 45b1d0b1 845a73f7: add_disk_randomness(8:0) 45b1d0b1 845a73f7
[    5.902069] random 0075 0000 0000 45b1d0b1 845a73f7: add_timer_randomness(.. 8388864) with jiffies: 9902980779573215958, cycles: -8543763298431008758
[    5.902071] random 0075 0000 0000 45b1d0b1 845a73f7: added 2 entropy credits to input
[    5.910087] random 0077 0000 0000 45b1d0b1 845a73f7: add_disk_randomness(8:0) 45b1d0b1 845a73f7
[    5.910090] random 0077 0000 0000 45b1d0b1 845a73f7: add_timer_randomness(.. 8388864) with jiffies: 9975147053463601886, cycles: -8471597024540622838
[    5.910093] random 0077 0000 0000 45b1d0b1 845a73f7: added 1 entropy credits to input
[    5.920102] random 0078 0000 0000 45b1d0b1 845a73f7: add_disk_randomness(8:0) 45b1d0b1 845a73f7
[    5.920105] random 0078 0000 0000 45b1d0b1 845a73f7: add_timer_randomness(.. 8388864) with jiffies: 10065251034927432424, cycles: -8381493043076792310
[    5.920108] random 0078 0000 0000 45b1d0b1 845a73f7: added 1 entropy credits to input
[    5.932989] random 0079 0000 0000 45b1d0b1 845a73f7: add_disk_randomness(8:0) 45b1d0b1 845a73f7
[    5.932992] random 0079 0000 0000 45b1d0b1 845a73f7: add_timer_randomness(.. 8388864) with jiffies: 10181189558209315573, cycles: -8265554519794909174
[    5.940341] random 0079 0000 0000 45b1d0b1 845a73f7: add_disk_randomness(8:0) 45b1d0b1 845a73f7
[    5.940345] random 0079 0000 0000 45b1d0b1 845a73f7: add_timer_randomness(.. 8388864) with jiffies: 10247342890770203388, cycles: -8199401187234021366
[    5.940347] random 0079 0000 0000 45b1d0b1 845a73f7: added 2 entropy credits to input
[    5.945593] random 0081 0000 0000 45b1d0b1 845a73f7: add_disk_randomness(8:0) 45b1d0b1 845a73f7
[    5.945596] random 0081 0000 0000 45b1d0b1 845a73f7: add_timer_randomness(.. 8388864) with jiffies: 10294590146661286657, cycles: -8152153931342938102
[    5.945598] random 0081 0000 0000 45b1d0b1 845a73f7: added 1 entropy credits to input
[    5.952030] random 0082 0000 0000 45b1d0b1 845a73f7: add_disk_randomness(8:0) 45b1d0b1 845a73f7
[    5.952033] random 0082 0000 0000 45b1d0b1 845a73f7: add_timer_randomness(.. 8388864) with jiffies: 10352496699632222984, cycles: -8094247378372001782
[    5.952036] random 0082 0000 0000 45b1d0b1 845a73f7: added 1 entropy credits to input
[    5.957092] random 0083 0000 0000 45b1d0b1 845a73f7: add_disk_randomness(8:0) 45b1d0b1 845a73f7
[    5.957095] random 0083 0000 0000 45b1d0b1 845a73f7: add_timer_randomness(.. 8388864) with jiffies: 10398040047507702541, cycles: -8048704030496522230
[    5.957098] random 0083 0000 0000 45b1d0b1 845a73f7: added 1 entropy credits to input
[    5.962987] random 0084 0000 0000 45b1d0b1 845a73f7: add_disk_randomness(8:0) 45b1d0b1 845a73f7
[    5.962990] random 0084 0000 0000 45b1d0b1 845a73f7: add_timer_randomness(.. 8388864) with jiffies: 10451077503429346067, cycles: -7995666574574878710
[    5.972340] random 0084 0000 0000 45b1d0b1 845a73f7: add_disk_randomness(8:0) 45b1d0b1 845a73f7
[    5.972343] random 0084 0000 0000 45b1d0b1 845a73f7: add_timer_randomness(.. 8388864) with jiffies: 10535221672309130012, cycles: -7911522405695094774
[    5.972345] random 0084 0000 0000 45b1d0b1 845a73f7: added 1 entropy credits to input
[    5.977216] random 0085 0000 0000 45b1d0b1 845a73f7: add_disk_randomness(8:0) 45b1d0b1 845a73f7
[    5.977219] random 0085 0000 0000 45b1d0b1 845a73f7: add_timer_randomness(.. 8388864) with jiffies: 10579094531309536033, cycles: -7867649546694688758
[    5.977222] random 0085 0000 0000 45b1d0b1 845a73f7: added 2 entropy credits to input
[    5.984653] random 0087 0000 0000 45b1d0b1 845a73f7: add_disk_randomness(8:0) 45b1d0b1 845a73f7
[    5.984656] random 0087 0000 0000 45b1d0b1 845a73f7: add_timer_randomness(.. 8388864) with jiffies: 10645990888917664553, cycles: -7800753189086560246
[    5.984659] random 0087 0000 0000 45b1d0b1 845a73f7: added 1 entropy credits to input
[    5.990868] random 0088 0000 0000 45b1d0b1 845a73f7: add_disk_randomness(8:0) 45b1d0b1 845a73f7
[    5.990871] random 0088 0000 0000 45b1d0b1 845a73f7: add_timer_randomness(.. 8388864) with jiffies: 10701905994402464559, cycles: -7744838083601760246
[    5.990873] random 0088 0000 0000 45b1d0b1 845a73f7: added 1 entropy credits to input
[    5.991024] random 0089 0000 0000 45b1d0b1 845a73f7: add_disk_randomness(8:0) 45b1d0b1 845a73f7
[    5.991027] random 0089 0000 0000 45b1d0b1 845a73f7: add_timer_randomness(.. 8388864) with jiffies: 10703312574717068079, cycles: -7743431503287156726
[    6.005434] random 0089 0000 0000 45b1d0b1 845a73f7: add_disk_randomness(8:0) 45b1d0b1 845a73f7
[    6.005437] random 0089 0000 0000 45b1d0b1 845a73f7: add_timer_randomness(.. 8388864) with jiffies: 10832964692351877949, cycles: -7613779385652346870
[    6.005440] random 0089 0000 0000 45b1d0b1 845a73f7: added 3 entropy credits to input
[    6.012854] random 0092 0000 0000 45b1d0b1 845a73f7: add_disk_randomness(8:0) 45b1d0b1 845a73f7
[    6.012857] random 0092 0000 0000 45b1d0b1 845a73f7: add_timer_randomness(.. 8388864) with jiffies: 10899714299517436741, cycles: -7547029778486788086
[    6.012860] random 0092 0000 0000 45b1d0b1 845a73f7: added 2 entropy credits to input
[    6.022536] random 0094 0000 0000 45b1d0b1 845a73f7: add_disk_randomness(8:0) 45b1d0b1 845a73f7
[    6.022539] random 0094 0000 0000 45b1d0b1 845a73f7: add_timer_randomness(.. 8388864) with jiffies: 10986827214216725326, cycles: -7459916863787499510
[    6.033165] random 0094 0000 0000 45b1d0b1 845a73f7: add_disk_randomness(8:0) 45b1d0b1 845a73f7
[    6.033168] random 0094 0000 0000 45b1d0b1 845a73f7: add_timer_randomness(.. 8388864) with jiffies: 11082444640903463769, cycles: -7364299437100761078
[    6.045684] random 0094 0000 0000 45b1d0b1 845a73f7: add_disk_randomness(8:0) 45b1d0b1 845a73f7
[    6.045687] random 0094 0000 0000 45b1d0b1 845a73f7: add_timer_randomness(.. 8388864) with jiffies: 11195071770169934694, cycles: -7251672307834290166
[    6.046896] random 0094 0000 0000 45b1d0b1 845a73f7: add_disk_randomness(8:0) 45b1d0b1 845a73f7
[    6.046899] random 0094 0000 0000 45b1d0b1 845a73f7: add_timer_randomness(.. 8388864) with jiffies: 11205976395781735271, cycles: -7240767682222489590
[    6.050908] random 0094 0000 0000 45b1d0b1 845a73f7: add_disk_randomness(8:0) 45b1d0b1 845a73f7
[    6.050911] random 0094 0000 0000 45b1d0b1 845a73f7: add_timer_randomness(.. 8388864) with jiffies: 11242073873622729579, cycles: -7204670204381495286
[    6.050914] random 0094 0000 0000 45b1d0b1 845a73f7: added 1 entropy credits to input
[    6.060246] random 0095 0000 0000 45b1d0b1 845a73f7: add_disk_randomness(8:0) 45b1d0b1 845a73f7
[    6.060249] random 0095 0000 0000 45b1d0b1 845a73f7: add_timer_randomness(.. 8388864) with jiffies: 11326090417549312884, cycles: -7120653660454911990
[    6.060252] random 0095 0000 0000 45b1d0b1 845a73f7: added 1 entropy credits to input
[    6.060594] random 0096 0000 0000 45b1d0b1 845a73f7: add_disk_randomness(8:0) 45b1d0b1 845a73f7
[    6.060597] random 0096 0000 0000 45b1d0b1 845a73f7: add_timer_randomness(.. 8388864) with jiffies: 11329229991398048628, cycles: -7117514086606176246
[    6.076256] random 0096 0000 0000 45b1d0b1 845a73f7: add_disk_randomness(8:0) 45b1d0b1 845a73f7
[    6.076260] random 0096 0000 0000 45b1d0b1 845a73f7: add_timer_randomness(.. 8388864) with jiffies: 11470133849606554500, cycles: -6976610228397670390
[    6.076262] random 0096 0000 0000 45b1d0b1 845a73f7: added 4 entropy credits to input
[    6.077887] random 0100 0000 0000 45b1d0b1 845a73f7: add_disk_randomness(8:0) 45b1d0b1 845a73f7
[    6.077890] random 0100 0000 0000 45b1d0b1 845a73f7: add_timer_randomness(.. 8388864) with jiffies: 11484795970306933638, cycles: -6961948107697291254
[    6.077893] random 0100 0000 0000 45b1d0b1 845a73f7: added 1 entropy credits to input
[    6.078033] random 0101 0000 0000 45b1d0b1 845a73f7: add_disk_randomness(8:0) 45b1d0b1 845a73f7
[    6.078036] random 0101 0000 0000 45b1d0b1 845a73f7: add_timer_randomness(.. 8388864) with jiffies: 11486111140832576390, cycles: -6960632937171648502
[    6.088913] random 0101 0000 0000 45b1d0b1 845a73f7: add_disk_randomness(8:0) 45b1d0b1 845a73f7
[    6.088916] random 0101 0000 0000 45b1d0b1 845a73f7: add_timer_randomness(.. 8388864) with jiffies: 11583997448417936273, cycles: -6862746629586288630
[    6.088919] random 0101 0000 0000 45b1d0b1 845a73f7: added 3 entropy credits to input
[    6.089476] random 0104 0000 0000 45b1d0b1 845a73f7: add_disk_randomness(8:0) 45b1d0b1 845a73f7
[    6.089479] random 0104 0000 0000 45b1d0b1 845a73f7: add_timer_randomness(.. 8388864) with jiffies: 11589069886398890897, cycles: -6857674191605334006
[    6.094708] random 0104 0000 0000 45b1d0b1 845a73f7: add_disk_randomness(8:0) 45b1d0b1 845a73f7
[    6.094711] random 0104 0000 0000 45b1d0b1 845a73f7: add_timer_randomness(.. 8388864) with jiffies: 11636128137959146391, cycles: -6810615940045078518
[    6.094714] random 0104 0000 0000 45b1d0b1 845a73f7: added 2 entropy credits to input
[    6.096465] random 0106 0000 0000 45b1d0b1 845a73f7: add_disk_randomness(8:0) 45b1d0b1 845a73f7
[    6.096468] random 0106 0000 0000 45b1d0b1 845a73f7: add_timer_randomness(.. 8388864) with jiffies: 11651943036471706520, cycles: -6794801041532518390
[    6.106692] random 0106 0000 0000 45b1d0b1 845a73f7: add_disk_randomness(8:0) 45b1d0b1 845a73f7
[    6.106695] random 0106 0000 0000 45b1d0b1 845a73f7: add_timer_randomness(.. 8388864) with jiffies: 11743943400615543715, cycles: -6702800677388681206
[    6.106698] random 0106 0000 0000 45b1d0b1 845a73f7: added 3 entropy credits to input
[    6.120627] random 0109 0000 0000 45b1d0b1 845a73f7: add_disk_randomness(8:0) 45b1d0b1 845a73f7
[    6.120630] random 0109 0000 0000 45b1d0b1 845a73f7: add_timer_randomness(.. 8388864) with jiffies: 11869312276215071665, cycles: -6577431801789153270
