[    0.000000] random 0000 0000 0000 00000000 00000000: rand_read_num 1 get_random_bytes(8): sig 00000000 00000000 00000000
[    0.000000] random 0000 0000 0000 00000000 00000000: extract_entropy(.. 8 ..)
[    0.000000] random 0000 0000 0000 00000000 00000000: going to reseed nonblocking with 64 bits (64 of 0 requested)
[    0.000000] random 0000 0000 0000 00000000 00000000: extract_entropy(.. 8 ..)
[    0.000000] random 0000 0000 0000 00000000 00000000: trying to extract 64 bits from input
[    0.000000] random 0000 0000 0000 00000000 00000000: debiting 0 entropy credits from input
[    0.000000] random 0000 0000 0000 00000000 00000000: extract_entropy account returned: 0 
[    0.000000] random 0000 0000 0000 00000000 00000000: urand_change_num 1 xfer_secondary_pool(8): pool_sig 00000000, data_sig 00000000, bytes_mixed 0 00000000 00000000
[    0.000000] random 0000 0000 0000 00000000 00000000: trying to extract 64 bits from nonblocking
[    0.000000] random 0000 0000 0000 00000000 00000000: debiting 64 entropy credits from nonblocking (unlimited)
[    0.000000] random 0000 0000 0000 00000000 00000000: extract_entropy account returned: 8 
[    0.000000] random 0000 0000 0000 00000000 00000000: urand_change_num 2 extract_buf: pool_sig 00000000, data_sig fffffff9, bytes_mixed 20 00000000 00000000
[    0.000000] Linux version 2.6.32.57 (dcashman@dcashman-02) (gcc version 4.3.3 (GCC) ) #6 Thu May 30 09:02:12 PDT 2013
[    0.000000] KERNEL supported cpus:
[    0.000000]   Intel GenuineIntel
[    0.000000]   AMD AuthenticAMD
[    0.000000]   NSC Geode by NSC
[    0.000000]   Cyrix CyrixInstead
[    0.000000]   Centaur CentaurHauls
[    0.000000]   Transmeta GenuineTMx86
[    0.000000]   Transmeta TransmetaCPU
[    0.000000]   UMC UMC UMC UMC
[    0.000000] BIOS-provided physical RAM map:
[    0.000000]  BIOS-e820: 0000000000000000 - 000000000009d800 (usable)
[    0.000000]  BIOS-e820: 000000000009d800 - 00000000000a0000 (reserved)
[    0.000000]  BIOS-e820: 00000000000d2000 - 00000000000d4000 (reserved)
[    0.000000]  BIOS-e820: 00000000000e0000 - 0000000000100000 (reserved)
[    0.000000]  BIOS-e820: 0000000000100000 - 000000003d6b0000 (usable)
[    0.000000]  BIOS-e820: 000000003d6b0000 - 000000003d6cc000 (ACPI data)
[    0.000000]  BIOS-e820: 000000003d6cc000 - 000000003d700000 (ACPI NVS)
[    0.000000]  BIOS-e820: 000000003d700000 - 000000003e000000 (reserved)
[    0.000000]  BIOS-e820: 00000000f0000000 - 00000000f4000000 (reserved)
[    0.000000]  BIOS-e820: 00000000fec00000 - 00000000fec10000 (reserved)
[    0.000000]  BIOS-e820: 00000000fed00000 - 00000000fed00400 (reserved)
[    0.000000]  BIOS-e820: 00000000fed14000 - 00000000fed1a000 (reserved)
[    0.000000]  BIOS-e820: 00000000fed1c000 - 00000000fed90000 (reserved)
[    0.000000]  BIOS-e820: 00000000fee00000 - 00000000fee01000 (reserved)
[    0.000000]  BIOS-e820: 00000000ff000000 - 0000000100000000 (reserved)
[    0.000000] DMI present.
[    0.000000] last_pfn = 0x3d6b0 max_arch_pfn = 0x100000
[    0.000000] MTRR default type: uncachable
[    0.000000] MTRR fixed ranges enabled:
[    0.000000]   00000-9FFFF write-back
[    0.000000]   A0000-BFFFF uncachable
[    0.000000]   C0000-CFFFF write-protect
[    0.000000]   D0000-DFFFF uncachable
[    0.000000]   E0000-FFFFF write-protect
[    0.000000] MTRR variable ranges enabled:
[    0.000000]   0 base 03E000000 mask FFE000000 uncachable
[    0.000000]   1 base 000000000 mask FC0000000 write-back
[    0.000000]   2 base 03D700000 mask FFFF00000 uncachable
[    0.000000]   3 base 03D800000 mask FFF800000 uncachable
[    0.000000]   4 disabled
[    0.000000]   5 disabled
[    0.000000]   6 disabled
[    0.000000]   7 disabled
[    0.000000] initial memory mapped : 0 - 02000000
[    0.000000] init_memory_mapping: 0000000000000000-00000000377fe000
[    0.000000]  0000000000 - 0000400000 page 4k
[    0.000000]  0000400000 - 0037400000 page 2M
[    0.000000]  0037400000 - 00377fe000 page 4k
[    0.000000] kernel direct mapping tables up to 377fe000 @ 7000-c000
[    0.000000] ACPI: RSDP 000f68d0 00024 (v02 LENOVO)
[    0.000000] ACPI: XSDT 3d6bb77f 00094 (v01 LENOVO TP-7L    00002170  LTP 00000000)
[    0.000000] ACPI: FACP 3d6bb900 000F4 (v03 LENOVO TP-7L    00002170 LNVO 00000001)
[    0.000000] ACPI Warning: 32/64X length mismatch in Gpe1Block: 0/32 (20090903/tbfadt-526)
[    0.000000] ACPI Warning: Optional field Gpe1Block has zero address or length: 000000000000102C/0 (20090903/tbfadt-557)
[    0.000000] ACPI: DSDT 3d6bbd1d 0FED1 (v01 LENOVO TP-7L    00002170 MSFT 03000000)
[    0.000000] ACPI: FACS 3d6e4000 00040
[    0.000000] ACPI: SSDT 3d6bbab4 00269 (v01 LENOVO TP-7L    00002170 MSFT 03000000)
[    0.000000] ACPI: ECDT 3d6cbbee 00052 (v01 LENOVO TP-7L    00002170 LNVO 00000001)
[    0.000000] ACPI: TCPA 3d6cbc40 00032 (v02 LENOVO TP-7L    00002170 LNVO 00000001)
[    0.000000] ACPI: APIC 3d6cbc72 00068 (v01 LENOVO TP-7L    00002170 LNVO 00000001)
[    0.000000] ACPI: MCFG 3d6cbcda 0003C (v01 LENOVO TP-7L    00002170 LNVO 00000001)
[    0.000000] ACPI: HPET 3d6cbd16 00038 (v01 LENOVO TP-7L    00002170 LNVO 00000001)
[    0.000000] ACPI: SLIC 3d6cbdf0 00176 (v01 LENOVO TP-7L    00002170  LTP 00000000)
[    0.000000] ACPI: BOOT 3d6cbf66 00028 (v01 LENOVO TP-7L    00002170  LTP 00000001)
[    0.000000] ACPI: ASF! 3d6cbf8e 00072 (v16 LENOVO TP-7L    00002170 PTL  00000001)
[    0.000000] ACPI: SSDT 3d6e26d9 0025F (v01 LENOVO TP-7L    00002170 INTL 20050513)
[    0.000000] ACPI: SSDT 3d6e2938 000A6 (v01 LENOVO TP-7L    00002170 INTL 20050513)
[    0.000000] ACPI: SSDT 3d6e29de 004F7 (v01 LENOVO TP-7L    00002170 INTL 20050513)
[    0.000000] ACPI: SSDT 3d6e2ed5 001D8 (v01 LENOVO TP-7L    00002170 INTL 20050513)
[    0.000000] ACPI: DMI detected: Lenovo ThinkPad R61
[    0.000000] ACPI: Added _OSI(Linux)
[    0.000000] ACPI: Local APIC address 0xfee00000
[    0.000000] 94MB HIGHMEM available.
[    0.000000] 887MB LOWMEM available.
[    0.000000]   mapped low ram: 0 - 377fe000
[    0.000000]   low ram: 0 - 377fe000
[    0.000000]   node 0 low ram: 00000000 - 377fe000
[    0.000000]   node 0 bootmap 00008000 - 0000ef00
[    0.000000] (6 early reservations) ==> bootmem [0000000000 - 00377fe000]
[    0.000000]   #0 [0000000000 - 0000001000]   BIOS data page ==> [0000000000 - 0000001000]
[    0.000000]   #1 [0001000000 - 0001bdc180]    TEXT DATA BSS ==> [0001000000 - 0001bdc180]
[    0.000000]   #2 [000009d800 - 0000100000]    BIOS reserved ==> [000009d800 - 0000100000]
[    0.000000]   #3 [0001bdd000 - 0001be516c]              BRK ==> [0001bdd000 - 0001be516c]
[    0.000000]   #4 [0000007000 - 0000008000]          PGTABLE ==> [0000007000 - 0000008000]
[    0.000000]   #5 [0000008000 - 000000f000]          BOOTMAP ==> [0000008000 - 000000f000]
[    0.000000] found SMP MP-table at [c00f6900] f6900
[    0.000000] Zone PFN ranges:
[    0.000000]   DMA      0x00000000 -> 0x00001000
[    0.000000]   Normal   0x00001000 -> 0x000377fe
[    0.000000]   HighMem  0x000377fe -> 0x0003d6b0
[    0.000000] Movable zone start PFN for each node
[    0.000000] early_node_map[2] active PFN ranges
[    0.000000]     0: 0x00000000 -> 0x0000009d
[    0.000000]     0: 0x00000100 -> 0x0003d6b0
[    0.000000] On node 0 totalpages: 251469
[    0.000000] free_area_init_node: node 0, pgdat c1901ea0, node_mem_map c1be7000
[    0.000000]   DMA zone: 32 pages used for memmap
[    0.000000]   DMA zone: 0 pages reserved
[    0.000000]   DMA zone: 3965 pages, LIFO batch:0
[    0.000000]   Normal zone: 1744 pages used for memmap
[    0.000000]   Normal zone: 221486 pages, LIFO batch:31
[    0.000000]   HighMem zone: 190 pages used for memmap
[    0.000000]   HighMem zone: 24052 pages, LIFO batch:3
[    0.000000] Using APIC driver default
[    0.000000] ACPI: PM-Timer IO Port: 0x1008
[    0.000000] ACPI: Local APIC address 0xfee00000
[    0.000000] ACPI: LAPIC (acpi_id[0x00] lapic_id[0x00] enabled)
[    0.000000] ACPI: LAPIC (acpi_id[0x01] lapic_id[0x01] enabled)
[    0.000000] ACPI: NR_CPUS/possible_cpus limit of 1 reached.  Processor 1/0x1 ignored.
[    0.000000] ACPI: LAPIC_NMI (acpi_id[0x00] high edge lint[0x1])
[    0.000000] ACPI: LAPIC_NMI (acpi_id[0x01] high edge lint[0x1])
[    0.000000] ACPI: IOAPIC (id[0x01] address[0xfec00000] gsi_base[0])
[    0.000000] IOAPIC[0]: apic_id 1, version 32, address 0xfec00000, GSI 0-23
[    0.000000] ACPI: INT_SRC_OVR (bus 0 bus_irq 0 global_irq 2 dfl dfl)
[    0.000000] ACPI: INT_SRC_OVR (bus 0 bus_irq 9 global_irq 9 high level)
[    0.000000] ACPI: IRQ0 used by override.
[    0.000000] ACPI: IRQ2 used by override.
[    0.000000] ACPI: IRQ9 used by override.
[    0.000000] Using ACPI (MADT) for SMP configuration information
[    0.000000] ACPI: HPET id: 0x8086a201 base: 0xfed00000
[    0.000000] nr_irqs_gsi: 24
[    0.000000] PM: Registered nosave memory: 000000000009d000 - 000000000009e000
[    0.000000] PM: Registered nosave memory: 000000000009e000 - 00000000000a0000
[    0.000000] PM: Registered nosave memory: 00000000000a0000 - 00000000000d2000
[    0.000000] PM: Registered nosave memory: 00000000000d2000 - 00000000000d4000
[    0.000000] PM: Registered nosave memory: 00000000000d4000 - 00000000000e0000
[    0.000000] PM: Registered nosave memory: 00000000000e0000 - 0000000000100000
[    0.000000] Allocating PCI resources starting at 3e000000 (gap: 3e000000:b2000000)
[    0.000000] Built 1 zonelists in Zone order, mobility grouping on.  Total pages: 249503
[    0.000000] Kernel command line: auto BOOT_IMAGE=Linux ro root=802 vt.default_utf8=0 maxcpus=0
[    0.000000] PID hash table entries: 4096 (order: 2, 16384 bytes)
[    0.000000] Dentry cache hash table entries: 131072 (order: 7, 524288 bytes)
[    0.000000] Inode-cache hash table entries: 65536 (order: 6, 262144 bytes)
[    0.000000] Enabling fast FPU save and restore... done.
[    0.000000] Enabling unmasked SIMD FPU exception support... done.
[    0.000000] Initializing CPU#0
[    0.000000] Initializing HighMem for node 0 (000377fe:0003d6b0)
[    0.000000] Memory: 984800k/1006272k available (6915k kernel code, 20876k reserved, 2327k data, 448k init, 96968k highmem)
[    0.000000] virtual kernel memory layout:
[    0.000000]     fixmap  : 0xfffa3000 - 0xfffff000   ( 368 kB)
[    0.000000]     pkmap   : 0xff800000 - 0xffc00000   (4096 kB)
[    0.000000]     vmalloc : 0xf7ffe000 - 0xff7fe000   ( 120 MB)
[    0.000000]     lowmem  : 0xc0000000 - 0xf77fe000   ( 887 MB)
[    0.000000]       .init : 0xc1907000 - 0xc1977000   ( 448 kB)
[    0.000000]       .data : 0xc16c0d3f - 0xc1906c64   (2327 kB)
[    0.000000]       .text : 0xc1000000 - 0xc16c0d3f   (6915 kB)
[    0.000000] Checking if this processor honours the WP bit even in supervisor mode...Ok.
[    0.000000] SLUB: Genslabs=13, HWalign=64, Order=0-3, MinObjects=0, CPUs=1, Nodes=1
[    0.000000] Hierarchical RCU implementation.
[    0.000000] NR_IRQS:288
[    0.000000] Extended CMOS year: 2000
[    0.000000] Console: colour VGA+ 80x25
[    0.000000] console [tty0] enabled
[    0.000000] hpet clockevent registered
[    0.000000] Fast TSC calibration using PIT
[    0.000000] Detected 2094.756 MHz processor.
[    0.001002] Calibrating delay loop (skipped), value calculated using timer frequency.. 4189.51 BogoMIPS (lpj=2094756)
[    0.001168] Security Framework initialized
[    0.001253] Mount-cache hash table entries: 512
[    0.002036] CPU: L1 I cache: 32K, L1 D cache: 32K
[    0.002156] CPU: L2 cache: 3072K
[    0.002236] mce: CPU supports 6 MCE banks
[    0.002319] CPU0: Thermal monitoring enabled (TM2)
[    0.002403] using mwait in idle threads.
[    0.002488] CPU: Intel(R) Core(TM)2 Duo CPU     T8100  @ 2.10GHz stepping 06
[    0.002667] Checking 'hlt' instruction... OK.
[    0.006933] ACPI: Core revision 20090903
[    0.026009] RANDOM get_random_int first call with cycles 38457532627, jiffies 4294667322 and pid 0
[    0.026017] CANARY value: 11d01a00 for PID: 1
[    0.026023] CANARY value: 6de49d3e for PID: 2
[    0.026048] Enabling APIC mode:  Flat.  Using 1 I/O APICs
[    0.026499] ..TIMER: vector=0x30 apic1=0 pin1=2 apic2=-1 pin2=-1
[    0.036997] xor: automatically using best checksumming function: pIII_sse
[    0.040998]    pIII_sse  :  8568.000 MB/sec
[    0.041083] xor: using function: pIII_sse (8568.000 MB/sec)
[    0.041163] RANDOM - __seed init called.
[    0.041164] RANDOM - __seed init called.
[    0.041165] RANDOM - __seed init called.
[    0.041167] RANDOM - __random32 called. Change num 1.  Value: e6b75c0e	845fdb3c	4764ecc7
[    0.041168] RANDOM - __random32 called. Change num 2.  Value: 75c0e1a6	45fdb3ca	d98f8871
[    0.041170] RANDOM - __random32 called. Change num 3.  Value: e1a6d3e	5fdb3ca9	10e2be79
[    0.041172] RANDOM - __random32 called. Change num 4.  Value: a6d3e877	fdb3ca90	7cf2fee9
[    0.041174] RANDOM - __random32 called. Change num 5.  Value: 3e877b7b	db3ca905	fdd36ca1
[    0.041176] RANDOM - __random32 called. Change num 6.  Value: 77b7ba3d	b3ca905b	d9426901
[    0.041177] RANDOM - random32 init called.  Value: 77b7ba3d	b3ca905b	d9426901
[    0.041195] NET: Registered protocol family 16
[    0.041455] ACPI FADT declares the system doesn't support PCIe ASPM, so disable it
[    0.041572] ACPI: bus type pci registered
[    0.041737] PCI: MCFG configuration 0: base f0000000 segment 0 buses 0 - 63
[    0.041820] PCI: MCFG area at f0000000 reserved in E820
[    0.041904] PCI: Using MMCONFIG for extended config space
[    0.041983] PCI: Using configuration type 1 for base access
[    0.045084] bio: create slab <bio-0> at 0
[    0.045900] ACPI: EC: EC description table is found, configuring boot EC
[    0.051075] ACPI: BIOS _OSI(Linux) query honored via DMI
[    0.051796] random 0000 0000 0000 00000000 00000000: rand_read_num 2 get_random_bytes(8): sig fffffe1a 00000000 00000000
[    0.051799] random 0000 0000 0000 00000000 00000000: extract_entropy(.. 8 ..)
[    0.051801] random 0000 0000 0000 00000000 00000000: going to reseed nonblocking with 64 bits (64 of 0 requested)
[    0.051804] random 0000 0000 0000 00000000 00000000: extract_entropy(.. 8 ..)
[    0.051806] random 0000 0000 0000 00000000 00000000: trying to extract 64 bits from input
[    0.051808] random 0000 0000 0000 00000000 00000000: debiting 0 entropy credits from input
[    0.051810] random 0000 0000 0000 00000000 00000000: extract_entropy account returned: 0 
[    0.051813] random 0000 0000 0000 00000000 00000000: urand_change_num 3 xfer_secondary_pool(8): pool_sig fffffe1a, data_sig 00000000, bytes_mixed 0 00000000 00000000
[    0.051842] random 0000 0000 0000 00000000 00000000: trying to extract 64 bits from nonblocking
[    0.051845] random 0000 0000 0000 00000000 00000000: debiting 64 entropy credits from nonblocking (unlimited)
[    0.051847] random 0000 0000 0000 00000000 00000000: extract_entropy account returned: 8 
[    0.051851] random 0000 0000 0000 00000000 00000000: urand_change_num 4 extract_buf: pool_sig fffffe1a, data_sig fffffed7, bytes_mixed 20 00000000 00000000
[    0.056547] ACPI: Interpreter enabled
[    0.056625] ACPI: (supports S0 S3 S4 S5)
[    0.056914] ACPI: Using IOAPIC for interrupt routing
[    0.066656] ACPI: EC: GPE = 0x12, I/O: command/status = 0x66, data = 0x62
[    0.066918] ACPI: Power Resource [PUBS] (on)
[    0.069082] ACPI: ACPI Dock Station Driver: 3 docks/bays found
[    0.069496] ACPI: PCI Root Bridge [PCI0] (0000:00)
[    0.069664] pci 0000:00:02.0: reg 10 64bit mmio: [0xf8100000-0xf81fffff]
[    0.069670] pci 0000:00:02.0: reg 18 64bit mmio pref: [0xe0000000-0xefffffff]
[    0.069674] pci 0000:00:02.0: reg 20 io port: [0x1800-0x1807]
[    0.069708] pci 0000:00:02.1: reg 10 64bit mmio: [0xf8200000-0xf82fffff]
[    0.069814] pci 0000:00:19.0: reg 10 32bit mmio: [0xfe000000-0xfe01ffff]
[    0.069823] pci 0000:00:19.0: reg 14 32bit mmio: [0xfe025000-0xfe025fff]
[    0.069830] pci 0000:00:19.0: reg 18 io port: [0x1840-0x185f]
[    0.069904] pci 0000:00:19.0: PME# supported from D0 D3hot D3cold
[    0.069988] pci 0000:00:19.0: PME# disabled
[    0.070062] pci 0000:00:1a.0: reg 20 io port: [0x1860-0x187f]
[    0.070136] pci 0000:00:1a.1: reg 20 io port: [0x1880-0x189f]
[    0.070220] pci 0000:00:1a.7: reg 10 32bit mmio: [0xfe226c00-0xfe226fff]
[    0.070305] pci 0000:00:1a.7: PME# supported from D0 D3hot D3cold
[    0.070393] pci 0000:00:1a.7: PME# disabled
[    0.070529] pci 0000:00:1b.0: reg 10 64bit mmio: [0xfe020000-0xfe023fff]
[    0.070618] pci 0000:00:1b.0: PME# supported from D0 D3hot D3cold
[    0.070720] pci 0000:00:1b.0: PME# disabled
[    0.070906] pci 0000:00:1c.0: PME# supported from D0 D3hot D3cold
[    0.070997] pci 0000:00:1c.0: PME# disabled
[    0.071189] pci 0000:00:1c.1: PME# supported from D0 D3hot D3cold
[    0.071277] pci 0000:00:1c.1: PME# disabled
[    0.071481] pci 0000:00:1c.2: PME# supported from D0 D3hot D3cold
[    0.071573] pci 0000:00:1c.2: PME# disabled
[    0.071763] pci 0000:00:1c.3: PME# supported from D0 D3hot D3cold
[    0.071846] pci 0000:00:1c.3: PME# disabled
[    0.072113] pci 0000:00:1c.4: PME# supported from D0 D3hot D3cold
[    0.072200] pci 0000:00:1c.4: PME# disabled
[    0.073019] pci 0000:00:1d.0: reg 20 io port: [0x18a0-0x18bf]
[    0.073101] pci 0000:00:1d.1: reg 20 io port: [0x18c0-0x18df]
[    0.073190] pci 0000:00:1d.2: reg 20 io port: [0x18e0-0x18ff]
[    0.073279] pci 0000:00:1d.7: reg 10 32bit mmio: [0xfe227000-0xfe2273ff]
[    0.073377] pci 0000:00:1d.7: PME# supported from D0 D3hot D3cold
[    0.073472] pci 0000:00:1d.7: PME# disabled
[    0.073752] pci 0000:00:1f.0: quirk: region 1000-107f claimed by ICH6 ACPI/GPIO/TCO
[    0.073871] pci 0000:00:1f.0: quirk: region 1180-11bf claimed by ICH6 GPIO
[    0.073957] pci 0000:00:1f.0: ICH7 LPC Generic IO decode 1 PIO at 1600 (mask 007f)
[    0.073998] pci 0000:00:1f.0: ICH7 LPC Generic IO decode 2 PIO at 15e0 (mask 000f)
[    0.074119] pci 0000:00:1f.0: ICH7 LPC Generic IO decode 3 PIO at 1680 (mask 001f)
[    0.074310] pci 0000:00:1f.1: reg 10 io port: [0x00-0x07]
[    0.074317] pci 0000:00:1f.1: reg 14 io port: [0x00-0x03]
[    0.074327] pci 0000:00:1f.1: reg 18 io port: [0x00-0x07]
[    0.074338] pci 0000:00:1f.1: reg 1c io port: [0x00-0x03]
[    0.074345] pci 0000:00:1f.1: reg 20 io port: [0x1c00-0x1c0f]
[    0.074428] pci 0000:00:1f.2: reg 10 io port: [0x1c50-0x1c57]
[    0.074436] pci 0000:00:1f.2: reg 14 io port: [0x1c44-0x1c47]
[    0.074443] pci 0000:00:1f.2: reg 18 io port: [0x1c48-0x1c4f]
[    0.074452] pci 0000:00:1f.2: reg 1c io port: [0x1c40-0x1c43]
[    0.074461] pci 0000:00:1f.2: reg 20 io port: [0x1c20-0x1c3f]
[    0.074470] pci 0000:00:1f.2: reg 24 32bit mmio: [0xfe226000-0xfe2267ff]
[    0.074530] pci 0000:00:1f.2: PME# supported from D3hot
[    0.074620] pci 0000:00:1f.2: PME# disabled
[    0.074738] pci 0000:00:1f.3: reg 10 32bit mmio: [0xfe227400-0xfe2274ff]
[    0.074763] pci 0000:00:1f.3: reg 20 io port: [0x1c60-0x1c7f]
[    0.074849] pci 0000:00:1c.0: bridge io port: [0x2000-0x2fff]
[    0.074855] pci 0000:00:1c.0: bridge 32bit mmio: [0xfc000000-0xfdffffff]
[    0.074867] pci 0000:00:1c.0: bridge 64bit mmio pref: [0xf8000000-0xf80fffff]
[    0.075027] pci 0000:03:00.0: reg 10 64bit mmio: [0xdf3f0000-0xdf3fffff]
[    0.075222] pci 0000:00:1c.1: bridge io port: [0x3000-0x3fff]
[    0.075229] pci 0000:00:1c.1: bridge 32bit mmio: [0xdc000000-0xdf3fffff]
[    0.075237] pci 0000:00:1c.1: bridge 64bit mmio pref: [0xdfe00000-0xdfefffff]
[    0.075294] pci 0000:00:1c.2: bridge io port: [0x4000-0x4fff]
[    0.075300] pci 0000:00:1c.2: bridge 32bit mmio: [0xd8000000-0xd9ffffff]
[    0.075309] pci 0000:00:1c.2: bridge 64bit mmio pref: [0xdfb00000-0xdfbfffff]
[    0.075363] pci 0000:00:1c.3: bridge io port: [0x5000-0x5fff]
[    0.075369] pci 0000:00:1c.3: bridge 32bit mmio: [0xd4000000-0xd5ffffff]
[    0.075378] pci 0000:00:1c.3: bridge 64bit mmio pref: [0xdf800000-0xdf8fffff]
[    0.075434] pci 0000:00:1c.4: bridge io port: [0x6000-0x6fff]
[    0.075440] pci 0000:00:1c.4: bridge 32bit mmio: [0xd0000000-0xd1ffffff]
[    0.075450] pci 0000:00:1c.4: bridge 64bit mmio pref: [0xdf500000-0xdf5fffff]
[    0.075510] pci 0000:15:00.0: reg 10 32bit mmio: [0xf8300000-0xf8300fff]
[    0.075555] pci 0000:15:00.0: supports D1 D2
[    0.075556] pci 0000:15:00.0: PME# supported from D0 D1 D2 D3hot D3cold
[    0.075641] pci 0000:15:00.0: PME# disabled
[    0.075774] pci 0000:15:00.1: reg 10 32bit mmio: [0xf8301000-0xf83017ff]
[    0.075867] pci 0000:15:00.1: supports D1 D2
[    0.075868] pci 0000:15:00.1: PME# supported from D0 D1 D2 D3hot D3cold
[    0.075962] pci 0000:15:00.1: PME# disabled
[    0.076084] pci 0000:00:1e.0: transparent bridge
[    0.076175] pci 0000:00:1e.0: bridge io port: [0x7000-0xafff]
[    0.076181] pci 0000:00:1e.0: bridge 32bit mmio: [0xf8300000-0xfbffffff]
[    0.076188] pci 0000:00:1e.0: bridge 64bit mmio pref: [0xf4000000-0xf7ffffff]
[    0.076252] pci_bus 0000:00: on NUMA node 0
[    0.076256] ACPI: PCI Interrupt Routing Table [\_SB_.PCI0._PRT]
[    0.076390] ACPI: PCI Interrupt Routing Table [\_SB_.PCI0.EXP0._PRT]
[    0.076449] ACPI: PCI Interrupt Routing Table [\_SB_.PCI0.EXP1._PRT]
[    0.076507] ACPI: PCI Interrupt Routing Table [\_SB_.PCI0.EXP2._PRT]
[    0.076565] ACPI: PCI Interrupt Routing Table [\_SB_.PCI0.EXP3._PRT]
[    0.076628] ACPI: PCI Interrupt Routing Table [\_SB_.PCI0.EXP4._PRT]
[    0.076690] ACPI: PCI Interrupt Routing Table [\_SB_.PCI0.PCI1._PRT]
[    0.082215] ACPI: PCI Interrupt Link [LNKA] (IRQs 3 4 5 6 7 9 *10 11)
[    0.082945] ACPI: PCI Interrupt Link [LNKB] (IRQs 3 4 5 6 7 9 10 *11)
[    0.083683] ACPI: PCI Interrupt Link [LNKC] (IRQs 3 4 5 6 7 9 10 *11)
[    0.084427] ACPI: PCI Interrupt Link [LNKD] (IRQs 3 4 5 6 7 9 10 *11)
[    0.085153] ACPI: PCI Interrupt Link [LNKE] (IRQs 3 4 5 6 7 9 10 *11)
[    0.085893] ACPI: PCI Interrupt Link [LNKF] (IRQs 3 4 5 6 7 9 10 *11)
[    0.086616] ACPI: PCI Interrupt Link [LNKG] (IRQs 3 4 5 6 7 9 10 *11)
[    0.087328] ACPI: PCI Interrupt Link [LNKH] (IRQs 3 4 5 6 7 9 10 *11)
[    0.088036] vgaarb: device added: PCI:0000:00:02.0,decodes=io+mem,owns=io+mem,locks=none
[    0.088156] vgaarb: loaded
[    0.088332] SCSI subsystem initialized
[    0.088422] libata version 3.00 loaded.
[    0.088469] usbcore: registered new interface driver usbfs
[    0.088584] usbcore: registered new interface driver hub
[    0.088687] usbcore: registered new device driver usb
[    0.105042] raid6: int32x1    941 MB/s
[    0.121990] raid6: int32x2    886 MB/s
[    0.139068] raid6: int32x4    750 MB/s
[    0.155989] raid6: int32x8    656 MB/s
[    0.172985] raid6: mmxx1     2878 MB/s
[    0.189986] raid6: mmxx2     3253 MB/s
[    0.206993] raid6: sse1x1    1937 MB/s
[    0.223979] raid6: sse1x2    2531 MB/s
[    0.240976] raid6: sse2x1    3507 MB/s
[    0.257985] raid6: sse2x2    3828 MB/s
[    0.258063] raid6: using algorithm sse2x2 (3828 MB/s)
[    0.258146] PCI: Using ACPI for IRQ routing
[    0.258456] HPET: 3 timers in total, 0 timers will be used for per-cpu timer
[    0.258995] Switching to clocksource tsc
[    0.259087] pnp: PnP ACPI init
[    0.259174] ACPI: bus type pnp registered
[    0.262795] pnp: PnP ACPI: found 11 devices
[    0.262888] ACPI: ACPI bus type pnp unregistered
[    0.262973] system 00:00: iomem range 0x0-0x9ffff could not be reserved
[    0.263065] system 00:00: iomem range 0xc0000-0xc3fff could not be reserved
[    0.263147] system 00:00: iomem range 0xc4000-0xc7fff could not be reserved
[    0.263229] system 00:00: iomem range 0xc8000-0xcbfff has been reserved
[    0.263311] system 00:00: iomem range 0xcc000-0xcffff has been reserved
[    0.263399] system 00:00: iomem range 0xd0000-0xd3fff could not be reserved
[    0.263490] system 00:00: iomem range 0xe0000-0xe3fff could not be reserved
[    0.263573] system 00:00: iomem range 0xe4000-0xe7fff could not be reserved
[    0.263656] system 00:00: iomem range 0xe8000-0xebfff could not be reserved
[    0.263737] system 00:00: iomem range 0xec000-0xeffff could not be reserved
[    0.263830] system 00:00: iomem range 0xf0000-0xfffff could not be reserved
[    0.263915] system 00:00: iomem range 0x100000-0x3dffffff could not be reserved
[    0.264027] system 00:00: iomem range 0xfec00000-0xfed3ffff could not be reserved
[    0.264140] system 00:00: iomem range 0xfed4c000-0xffffffff could not be reserved
[    0.264260] system 00:02: ioport range 0x164e-0x164f has been reserved
[    0.264347] system 00:02: ioport range 0x1000-0x107f has been reserved
[    0.264433] system 00:02: ioport range 0x1180-0x11bf has been reserved
[    0.264516] system 00:02: ioport range 0x800-0x80f has been reserved
[    0.264606] system 00:02: ioport range 0x15e0-0x15ef has been reserved
[    0.264698] system 00:02: ioport range 0x1600-0x165f could not be reserved
[    0.264798] system 00:02: iomem range 0xf0000000-0xf3ffffff has been reserved
[    0.264887] system 00:02: iomem range 0xfed1c000-0xfed1ffff has been reserved
[    0.264969] system 00:02: iomem range 0xfed14000-0xfed17fff has been reserved
[    0.265065] system 00:02: iomem range 0xfed18000-0xfed18fff has been reserved
[    0.265158] system 00:02: iomem range 0xfed19000-0xfed19fff has been reserved
[    0.265247] system 00:02: iomem range 0xfed45000-0xfed4bfff has been reserved
[    0.300271] pci 0000:00:1c.0: PCI bridge, secondary bus 0000:02
[    0.300353] pci 0000:00:1c.0:   IO window: 0x2000-0x2fff
[    0.300446] pci 0000:00:1c.0:   MEM window: 0xfc000000-0xfdffffff
[    0.300533] pci 0000:00:1c.0:   PREFETCH window: 0x000000f8000000-0x000000f80fffff
[    0.300650] pci 0000:00:1c.1: PCI bridge, secondary bus 0000:03
[    0.300732] pci 0000:00:1c.1:   IO window: 0x3000-0x3fff
[    0.300823] pci 0000:00:1c.1:   MEM window: 0xdc000000-0xdf3fffff
[    0.300917] pci 0000:00:1c.1:   PREFETCH window: 0x000000dfe00000-0x000000dfefffff
[    0.301038] pci 0000:00:1c.2: PCI bridge, secondary bus 0000:04
[    0.301120] pci 0000:00:1c.2:   IO window: 0x4000-0x4fff
[    0.301203] pci 0000:00:1c.2:   MEM window: 0xd8000000-0xd9ffffff
[    0.301289] pci 0000:00:1c.2:   PREFETCH window: 0x000000dfb00000-0x000000dfbfffff
[    0.301411] pci 0000:00:1c.3: PCI bridge, secondary bus 0000:05
[    0.301494] pci 0000:00:1c.3:   IO window: 0x5000-0x5fff
[    0.301577] pci 0000:00:1c.3:   MEM window: 0xd4000000-0xd5ffffff
[    0.301675] pci 0000:00:1c.3:   PREFETCH window: 0x000000df800000-0x000000df8fffff
[    0.301803] pci 0000:00:1c.4: PCI bridge, secondary bus 0000:0d
[    0.301890] pci 0000:00:1c.4:   IO window: 0x6000-0x6fff
[    0.301979] pci 0000:00:1c.4:   MEM window: 0xd0000000-0xd1ffffff
[    0.302063] pci 0000:00:1c.4:   PREFETCH window: 0x000000df500000-0x000000df5fffff
[    0.302186] pci 0000:15:00.0: CardBus bridge, secondary bus 0000:16
[    0.302267] pci 0000:15:00.0:   IO window: 0x007000-0x0070ff
[    0.302359] pci 0000:15:00.0:   IO window: 0x007400-0x0074ff
[    0.302452] pci 0000:15:00.0:   PREFETCH window: 0xf4000000-0xf7ffffff
[    0.302546] pci 0000:15:00.0:   MEM window: 0x40000000-0x43ffffff
[    0.302630] pci 0000:00:1e.0: PCI bridge, secondary bus 0000:15
[    0.302718] pci 0000:00:1e.0:   IO window: 0x7000-0xafff
[    0.302818] pci 0000:00:1e.0:   MEM window: 0xf8300000-0xfbffffff
[    0.302907] pci 0000:00:1e.0:   PREFETCH window: 0x000000f4000000-0x000000f7ffffff
[    0.303046] pci 0000:00:1c.0: PCI INT A -> GSI 20 (level, low) -> IRQ 20
[    0.303130] pci 0000:00:1c.0: setting latency timer to 64
[    0.303148] pci 0000:00:1c.1: PCI INT B -> GSI 21 (level, low) -> IRQ 21
[    0.303240] pci 0000:00:1c.1: setting latency timer to 64
[    0.303253] pci 0000:00:1c.2: PCI INT C -> GSI 22 (level, low) -> IRQ 22
[    0.303338] pci 0000:00:1c.2: setting latency timer to 64
[    0.303351] pci 0000:00:1c.3: PCI INT D -> GSI 23 (level, low) -> IRQ 23
[    0.303441] pci 0000:00:1c.3: setting latency timer to 64
[    0.303457] pci 0000:00:1c.4: PCI INT A -> GSI 20 (level, low) -> IRQ 20
[    0.303549] pci 0000:00:1c.4: setting latency timer to 64
[    0.303556] pci 0000:00:1e.0: enabling device (0005 -> 0007)
[    0.303644] pci 0000:00:1e.0: setting latency timer to 64
[    0.303659] pci 0000:15:00.0: PCI INT A -> GSI 16 (level, low) -> IRQ 16
[    0.303754] pci 0000:15:00.0: setting latency timer to 64
[    0.303758] pci_bus 0000:00: resource 0 io:  [0x00-0xffff]
[    0.303760] pci_bus 0000:00: resource 1 mem: [0x000000-0xffffffff]
[    0.303762] pci_bus 0000:02: resource 0 io:  [0x2000-0x2fff]
[    0.303764] pci_bus 0000:02: resource 1 mem: [0xfc000000-0xfdffffff]
[    0.303765] pci_bus 0000:02: resource 2 pref mem [0xf8000000-0xf80fffff]
[    0.303767] pci_bus 0000:03: resource 0 io:  [0x3000-0x3fff]
[    0.303769] pci_bus 0000:03: resource 1 mem: [0xdc000000-0xdf3fffff]
[    0.303771] pci_bus 0000:03: resource 2 pref mem [0xdfe00000-0xdfefffff]
[    0.303773] pci_bus 0000:04: resource 0 io:  [0x4000-0x4fff]
[    0.303775] pci_bus 0000:04: resource 1 mem: [0xd8000000-0xd9ffffff]
[    0.303777] pci_bus 0000:04: resource 2 pref mem [0xdfb00000-0xdfbfffff]
[    0.303778] pci_bus 0000:05: resource 0 io:  [0x5000-0x5fff]
[    0.303780] pci_bus 0000:05: resource 1 mem: [0xd4000000-0xd5ffffff]
[    0.303782] pci_bus 0000:05: resource 2 pref mem [0xdf800000-0xdf8fffff]
[    0.303784] pci_bus 0000:0d: resource 0 io:  [0x6000-0x6fff]
[    0.303786] pci_bus 0000:0d: resource 1 mem: [0xd0000000-0xd1ffffff]
[    0.303787] pci_bus 0000:0d: resource 2 pref mem [0xdf500000-0xdf5fffff]
[    0.303789] pci_bus 0000:15: resource 0 io:  [0x7000-0xafff]
[    0.303791] pci_bus 0000:15: resource 1 mem: [0xf8300000-0xfbffffff]
[    0.303793] pci_bus 0000:15: resource 2 pref mem [0xf4000000-0xf7ffffff]
[    0.303795] pci_bus 0000:15: resource 3 io:  [0x00-0xffff]
[    0.303797] pci_bus 0000:15: resource 4 mem: [0x000000-0xffffffff]
[    0.303798] pci_bus 0000:16: resource 0 io:  [0x7000-0x70ff]
[    0.303800] pci_bus 0000:16: resource 1 io:  [0x7400-0x74ff]
[    0.303802] pci_bus 0000:16: resource 2 pref mem [0xf4000000-0xf7ffffff]
[    0.303804] pci_bus 0000:16: resource 3 mem: [0x40000000-0x43ffffff]
[    0.303811] NET: Registered protocol family 2
[    0.303900] RANDOM - __random32 called. Change num 7.  Value: 7ba3d01e	3ca905be	d2026a24
[    0.303902] RANDOM - random32 called.  Value: 7ba3d01e	3ca905be	d2026a24
[    0.303907] random 0000 0000 0000 5f8db4e5 4cfdf2a8: rand_read_num 3 get_random_bytes(4): sig fffffb64 5f8db4e5 4cfdf2a8
[    0.303909] random 0000 0000 0000 5f8db4e5 4cfdf2a8: extract_entropy(.. 4 ..)
[    0.303911] random 0000 0000 0000 5f8db4e5 4cfdf2a8: going to reseed nonblocking with 64 bits (32 of 0 requested)
[    0.303914] random 0000 0000 0000 5f8db4e5 4cfdf2a8: extract_entropy(.. 8 ..)
[    0.303916] random 0000 0000 0000 5f8db4e5 4cfdf2a8: trying to extract 64 bits from input
[    0.303918] random 0000 0000 0000 5f8db4e5 4cfdf2a8: debiting 0 entropy credits from input
[    0.303920] random 0000 0000 0000 5f8db4e5 4cfdf2a8: extract_entropy account returned: 0 
[    0.303923] random 0000 0000 0000 5f8db4e5 4cfdf2a8: urand_change_num 5 xfer_secondary_pool(4): pool_sig fffffb64, data_sig 00000000, bytes_mixed 0 5f8db4e5 4cfdf2a8
[    0.303926] random 0000 0000 0000 5f8db4e5 4cfdf2a8: trying to extract 32 bits from nonblocking
[    0.303928] random 0000 0000 0000 5f8db4e5 4cfdf2a8: debiting 32 entropy credits from nonblocking (unlimited)
[    0.303930] random 0000 0000 0000 5f8db4e5 4cfdf2a8: extract_entropy account returned: 4 
[    0.303935] random 0000 0000 0000 5f8db4e5 4cfdf2a8: urand_change_num 6 extract_buf: pool_sig fffffb64, data_sig 00000241, bytes_mixed 20 5f8db4e5 4cfdf2a8
[    0.303944] IP route cache hash table entries: 32768 (order: 5, 131072 bytes)
[    0.304071] RANDOM - __random32 called. Change num 8.  Value: 3d01e034	ca905be7	d4484227
[    0.304073] RANDOM - random32 called.  Value: 3d01e034	ca905be7	d4484227
[    0.304083] RANDOM - __random32 called. Change num 9.  Value: 1e034020	a905be70	844ec14a
[    0.304085] RANDOM - random32 called.  Value: 1e034020	a905be70	844ec14a
[    0.304086] RANDOM - __random32 called. Change num 10.  Value: 34020ec0	905be706	8294c719
[    0.304088] RANDOM - random32 called.  Value: 34020ec0	905be706	8294c719
[    0.304099] RANDOM - __random32 called. Change num 11.  Value: 20ec0ebb	5be7068	8e32c65f
[    0.304100] RANDOM - random32 called.  Value: 20ec0ebb	5be7068	8e32c65f
[    0.304110] TCP established hash table entries: 131072 (order: 8, 1048576 bytes)
[    0.304599] TCP bind hash table entries: 65536 (order: 6, 262144 bytes)
[    0.304789] TCP: Hash tables configured (established 131072 bind 65536)
[    0.304875] TCP reno registered
[    0.304981] NET: Registered protocol family 1
[    0.305086] RPC: Registered udp transport module.
[    0.305166] RPC: Registered tcp transport module.
[    0.305243] RPC: Registered tcp NFSv4.1 backchannel transport module.
[    0.305344] pci 0000:00:02.0: Boot video device
[    0.305561] Simple Boot Flag at 0x35 set to 0x1
[    0.306116] highmem bounce pool size: 64 pages
[    0.307606] VFS: Disk quotas dquot_6.5.2
[    0.307729] Dquot-cache hash table entries: 1024 (order 0, 4096 bytes)
[    0.308466] NTFS driver 2.1.29 [Flags: R/W].
[    0.308616] ROMFS MTD (C) 2007 Red Hat, Inc.
[    0.308814] JFS: nTxBlock = 7695, nTxLock = 61562
[    0.311248] SGI XFS with ACLs, security attributes, large block/inode numbers, no debug enabled
[    0.311729] SGI XFS Quota Management subsystem
[    0.312074] Slow work thread pool: Starting up
[    0.312169] Slow work thread pool: Ready
[    0.312256] GFS2 (built May 24 2013 02:47:17) installed
[    0.312350] msgmni has been set to 1734
[    0.312505] alg: No test for cipher_null (cipher_null-generic)
[    0.312595] alg: No test for ecb(cipher_null) (ecb-cipher_null)
[    0.312693] alg: No test for digest_null (digest_null-generic)
[    0.312790] alg: No test for compress_null (compress_null-generic)
[    0.313335] alg: No test for fcrypt (fcrypt-generic)
[    0.314752] alg: No test for stdrng (krng)
[    0.314833] async_tx: api initialized (async)
[    0.314991] Block layer SCSI generic (bsg) driver version 0.4 loaded (major 254)
[    0.315118] io scheduler noop registered
[    0.315203] io scheduler anticipatory registered
[    0.315288] io scheduler deadline registered
[    0.315417] io scheduler cfq registered (default)
[    0.315652] pcieport 0000:00:1c.0: irq 24 for MSI/MSI-X
[    0.315670] pcieport 0000:00:1c.0: setting latency timer to 64
[    0.315873] pcieport 0000:00:1c.1: irq 25 for MSI/MSI-X
[    0.315884] pcieport 0000:00:1c.1: setting latency timer to 64
[    0.316062] pcieport 0000:00:1c.2: irq 26 for MSI/MSI-X
[    0.316073] pcieport 0000:00:1c.2: setting latency timer to 64
[    0.316249] pcieport 0000:00:1c.3: irq 27 for MSI/MSI-X
[    0.316258] pcieport 0000:00:1c.3: setting latency timer to 64
[    0.316437] pcieport 0000:00:1c.4: irq 28 for MSI/MSI-X
[    0.316448] pcieport 0000:00:1c.4: setting latency timer to 64
[    0.316591] pci_hotplug: PCI Hot Plug PCI Core version: 0.5
[    0.316772] isapnp: Scanning for PnP cards...
[    0.677313] isapnp: No Plug & Play device found
[    0.677400] random 0000 0000 0000 5f8db4e5 4cfdf2a8: initializing
[    0.677402] RANDOM init_std_data for input now value: 1369943779677402693
[    0.677404] RANDOM init_std_data for blocking now value: 1369943779677404708
[    0.677406] RANDOM init_std_data for nonblocking now value: 1369943779677406452
[    0.696979] Serial: 8250/16550 driver, 4 ports, IRQ sharing enabled
[    3.707654] floppy0: no floppy controllers found
[    3.708596] brd: module loaded
[    3.709097] loop: module loaded
[    3.709179] Compaq SMART2 Driver (v 2.6.0)
[    3.709293] HP CISS Driver (v 3.6.20)
[    3.709526] input: Macintosh mouse button emulation as /devices/virtual/input/input0
[    3.709641] Uniform Multi-Platform E-IDE driver
[    3.709872] piix 0000:00:1f.1: IDE controller (0x8086:0x2850 rev 0x03)
[    3.709968] pci 0000:00:1f.1: PCI INT C -> GSI 16 (level, low) -> IRQ 16
[    3.710069] piix 0000:00:1f.1: IDE port disabled
[    3.710156] piix 0000:00:1f.1: not 100% native mode: will probe irqs later
[    3.710247]     ide0: BM-DMA at 0x1c00-0x1c07
[    3.710337] Probing IDE interface ide0...
[    4.381831] hda: HL-DT-ST DVDRAM GSA-U10N, ATAPI CD/DVD-ROM drive
[    4.688622] hda: host max PIO4 wanted PIO255(auto-tune) selected PIO4
[    4.689393] hda: UDMA/33 mode selected
[    4.689859] ide0 at 0x1f0-0x1f7,0x3f6 on irq 14
[    4.693734] ide-gd driver 1.18
[    4.693834] ide-cd driver 5.00
[    4.695209] random 0000 0000 0000 00000000 00000000: add_disk_randomness(0:0) 00000000 00000000
[    4.695213] random 0000 0000 0000 00000000 00000000: add_timer_randomness(.. 256) with jiffies: 5825150017693515383, cycles: 5825150013398843403
[    4.695216] random 0000 0000 0000 00000000 00000000: added 11 entropy credits to input
[    4.695219] ide-cd: hda: ATAPI 24X DVD-ROM DVD-R/RAM CD-R/RW drive, 2048kB Cache
[    4.695617] Uniform CD-ROM driver Revision: 3.20
[    4.698508] random 0011 0000 0000 00000000 00000000: add_disk_randomness(0:0) 00000000 00000000
[    4.698511] random 0011 0000 0000 00000000 00000000: add_timer_randomness(.. 256) with jiffies: 5854834860253478522, cycles: 5854834855958806539
[    4.698514] random 0011 0000 0000 00000000 00000000: added 1 entropy credits to input
[    4.698517] random 0012 0000 0000 00000000 00000000: add_disk_randomness(0:0) 00000000 00000000
[    4.698519] random 0012 0000 0000 00000000 00000000: add_timer_randomness(.. 256) with jiffies: 5854911345031085690, cycles: 5854911340736413707
[    4.700503] random 0012 0000 0000 00000000 00000000: add_disk_randomness(0:0) 00000000 00000000
[    4.700506] random 0012 0000 0000 00000000 00000000: add_timer_randomness(.. 256) with jiffies: 5872786324607172220, cycles: 5872786320312500235
[    4.700509] random 0012 0000 0000 00000000 00000000: added 1 entropy credits to input
[    4.700512] random 0013 0000 0000 00000000 00000000: add_disk_randomness(0:0) 00000000 00000000
[    4.700514] random 0013 0000 0000 00000000 00000000: add_timer_randomness(.. 256) with jiffies: 5872860193749696124, cycles: 5872860189455024139
[    4.702501] random 0013 0000 0000 00000000 00000000: add_disk_randomness(0:0) 00000000 00000000
[    4.702504] random 0013 0000 0000 00000000 00000000: add_timer_randomness(.. 256) with jiffies: 5890761462820601470, cycles: 5890761458525929483
[    4.702507] random 0013 0000 0000 00000000 00000000: added 1 entropy credits to input
[    4.702510] random 0014 0000 0000 00000000 00000000: add_disk_randomness(0:0) 00000000 00000000
[    4.702512] random 0014 0000 0000 00000000 00000000: add_timer_randomness(.. 256) with jiffies: 5890835963323317886, cycles: 5890835959028645899
[    4.702790] Loading iSCSI transport class v2.0-870.
[    4.703064] rdac: device handler registered
[    4.703149] hp_sw: device handler registered
[    4.703227] emc: device handler registered
[    4.703306] alua: device handler registered
[    4.704291] Adaptec aacraid driver 1.1-5[2461]-ms
[    4.704701] scsi: <fdomain> Detection failed (no card)
[    4.704787] sym53c416.c: Version 1.0.0-ac
[    4.704889] qlogicfas: no cards were found, please specify I/O address and IRQ using iobase= and irq= options
[    4.705003] QLogic Fibre Channel HBA Driver: 8.03.01-k6
[    4.705208] iscsi: registered transport (qla4xxx)
[    4.705308] QLogic iSCSI HBA Driver
[    4.705385] Emulex LightPulse Fibre Channel SCSI driver 8.3.4
[    4.705476] Copyright(c) 2004-2009 Emulex.  All rights reserved.
[    4.727605] Failed initialization of WD-7000 SCSI card!
[    4.816947] DC390: clustering now enabled by default. If you get problems load
[    4.817058]        with "disable_clustering=1" and report to maintainers
[    4.817182] megaraid cmm: 2.20.2.7 (Release Date: Sun Jul 16 00:01:03 EST 2006)
[    4.817326] megaraid: 2.20.5.1 (Release Date: Thu Nov 16 15:32:35 EST 2006)
[    4.817437] megasas: 00.00.04.01 Thu July 24 11:41:51 PST 2008
[    4.817560] GDT-HA: Storage RAID Controller Driver. Version: 3.05
[    4.817706] 3ware Storage Controller device driver for Linux v1.26.02.002.
[    4.817807] 3ware 9000 Storage Controller device driver for Linux v2.26.02.012.
[    4.817946] nsp32: loading...
[    4.818043] ipr: IBM Power RAID SCSI Device Driver version: 2.4.3 (June 10, 2009)
[    4.818185] RocketRAID 3xxx/4xxx Controller driver v1.6 (090910)
[    4.818286] stex: Promise SuperTrak EX Driver version: 4.6.0000.3
[    4.818414] st: Version 20081215, fixed bufsize 32768, s/g segs 256
[    4.818613] ahci 0000:00:1f.2: version 3.0
[    4.818632] ahci 0000:00:1f.2: PCI INT B -> GSI 16 (level, low) -> IRQ 16
[    4.818754] ahci 0000:00:1f.2: irq 29 for MSI/MSI-X
[    4.818817] ahci 0000:00:1f.2: AHCI 0001.0100 32 slots 3 ports 1.5 Gbps 0x5 impl SATA mode
[    4.818937] ahci 0000:00:1f.2: flags: 64bit ncq sntf pm led clo pio slum part ccc 
[    4.819053] ahci 0000:00:1f.2: setting latency timer to 64
[    4.819195] scsi2 : ahci
[    4.819347] scsi3 : ahci
[    4.819482] scsi4 : ahci
[    4.819657] ata1: SATA max UDMA/133 abar m2048@0xfe226000 port 0xfe226100 irq 29
[    4.819774] ata2: DUMMY
[    4.819852] ata3: SATA max UDMA/133 abar m2048@0xfe226000 port 0xfe226200 irq 29
[    4.820452] I2O subsystem v1.325
[    4.820529] i2o: max drivers = 8
[    4.820677] I2O Configuration OSM v1.323
[    4.820772] I2O Bus Adapter OSM v1.317
[    4.820869] I2O Block Device OSM v1.325
[    4.821024] I2O SCSI Peripheral OSM v1.316
[    4.821126] I2O ProcFS OSM v1.316
[    4.821222] Fusion MPT base driver 3.04.12
[    4.821300] Copyright (c) 1999-2008 LSI Corporation
[    4.821382] Fusion MPT SPI Host driver 3.04.12
[    4.821494] Fusion MPT FC Host driver 3.04.12
[    4.821653] Fusion MPT SAS Host driver 3.04.12
[    4.821796] ohci1394 0000:15:00.1: PCI INT B -> GSI 17 (level, low) -> IRQ 17
[    4.821889] ohci1394 0000:15:00.1: setting latency timer to 64
[    4.875617] ohci1394: fw-host0: OHCI-1394 1.1 (PCI): IRQ=[17]  MMIO=[f8301000-f83017ff]  Max Packet=[2048]  IR/IT contexts=[4/4]
[    4.878882] ehci_hcd: USB 2.0 'Enhanced' Host Controller (EHCI) Driver
[    4.879143] ehci_hcd 0000:00:1a.7: power state changed by ACPI to D0
[    4.879381] ehci_hcd 0000:00:1a.7: power state changed by ACPI to D0
[    4.879478] ehci_hcd 0000:00:1a.7: PCI INT C -> GSI 22 (level, low) -> IRQ 22
[    4.879581] ehci_hcd 0000:00:1a.7: setting latency timer to 64
[    4.879586] ehci_hcd 0000:00:1a.7: EHCI Host Controller
[    4.879728] ehci_hcd 0000:00:1a.7: new USB bus registered, assigned bus number 1
[    4.883772] ehci_hcd 0000:00:1a.7: cache line size of 32 is not supported
[    4.883781] ehci_hcd 0000:00:1a.7: irq 22, io mem 0xfe226c00
[    4.893578] ehci_hcd 0000:00:1a.7: USB 2.0 started, EHCI 1.00
[    4.893673] usb usb1: New USB device found, idVendor=1d6b, idProduct=0002
[    4.893760] usb usb1: New USB device strings: Mfr=3, Product=2, SerialNumber=1
[    4.893873] usb usb1: Product: EHCI Host Controller
[    4.893957] usb usb1: Manufacturer: Linux 2.6.32.57 ehci_hcd
[    4.894048] usb usb1: SerialNumber: 0000:00:1a.7
[    4.894182] usb usb1: configuration #1 chosen from 1 choice
[    4.894303] hub 1-0:1.0: USB hub found
[    4.894385] hub 1-0:1.0: 4 ports detected
[    4.894692] ehci_hcd 0000:00:1d.7: power state changed by ACPI to D0
[    4.894930] ehci_hcd 0000:00:1d.7: power state changed by ACPI to D0
[    4.895024] ehci_hcd 0000:00:1d.7: PCI INT D -> GSI 19 (level, low) -> IRQ 19
[    4.895114] ehci_hcd 0000:00:1d.7: setting latency timer to 64
[    4.895117] ehci_hcd 0000:00:1d.7: EHCI Host Controller
[    4.895233] ehci_hcd 0000:00:1d.7: new USB bus registered, assigned bus number 2
[    4.895381] ehci_hcd 0000:00:1d.7: debug port 1
[    4.899359] ehci_hcd 0000:00:1d.7: cache line size of 32 is not supported
[    4.899366] ehci_hcd 0000:00:1d.7: irq 19, io mem 0xfe227000
[    4.909578] ehci_hcd 0000:00:1d.7: USB 2.0 started, EHCI 1.00
[    4.909690] usb usb2: New USB device found, idVendor=1d6b, idProduct=0002
[    4.909781] usb usb2: New USB device strings: Mfr=3, Product=2, SerialNumber=1
[    4.909898] usb usb2: Product: EHCI Host Controller
[    4.909980] usb usb2: Manufacturer: Linux 2.6.32.57 ehci_hcd
[    4.910070] usb usb2: SerialNumber: 0000:00:1d.7
[    4.910203] usb usb2: configuration #1 chosen from 1 choice
[    4.910324] hub 2-0:1.0: USB hub found
[    4.910416] hub 2-0:1.0: 6 ports detected
[    4.910594] 116x: driver isp116x-hcd, 03 Nov 2005
[    4.910694] ohci_hcd: USB 1.1 'Open' Host Controller (OHCI) Driver
[    4.910804] uhci_hcd: USB Universal Host Controller Interface driver
[    4.910906] uhci_hcd 0000:00:1a.0: PCI INT A -> GSI 20 (level, low) -> IRQ 20
[    4.911009] uhci_hcd 0000:00:1a.0: setting latency timer to 64
[    4.911014] uhci_hcd 0000:00:1a.0: UHCI Host Controller
[    4.911139] uhci_hcd 0000:00:1a.0: new USB bus registered, assigned bus number 3
[    4.911282] uhci_hcd 0000:00:1a.0: irq 20, io base 0x00001860
[    4.911400] usb usb3: New USB device found, idVendor=1d6b, idProduct=0001
[    4.911482] usb usb3: New USB device strings: Mfr=3, Product=2, SerialNumber=1
[    4.911604] usb usb3: Product: UHCI Host Controller
[    4.911692] usb usb3: Manufacturer: Linux 2.6.32.57 uhci_hcd
[    4.911776] usb usb3: SerialNumber: 0000:00:1a.0
[    4.911905] usb usb3: configuration #1 chosen from 1 choice
[    4.912014] hub 3-0:1.0: USB hub found
[    4.912096] hub 3-0:1.0: 2 ports detected
[    4.912389] uhci_hcd 0000:00:1a.1: power state changed by ACPI to D0
[    4.912629] uhci_hcd 0000:00:1a.1: power state changed by ACPI to D0
[    4.912719] uhci_hcd 0000:00:1a.1: PCI INT B -> GSI 21 (level, low) -> IRQ 21
[    4.912808] uhci_hcd 0000:00:1a.1: setting latency timer to 64
[    4.912812] uhci_hcd 0000:00:1a.1: UHCI Host Controller
[    4.912937] uhci_hcd 0000:00:1a.1: new USB bus registered, assigned bus number 4
[    4.913080] uhci_hcd 0000:00:1a.1: irq 21, io base 0x00001880
[    4.913185] usb usb4: New USB device found, idVendor=1d6b, idProduct=0001
[    4.913267] usb usb4: New USB device strings: Mfr=3, Product=2, SerialNumber=1
[    4.913381] usb usb4: Product: UHCI Host Controller
[    4.913463] usb usb4: Manufacturer: Linux 2.6.32.57 uhci_hcd
[    4.913552] usb usb4: SerialNumber: 0000:00:1a.1
[    4.913686] usb usb4: configuration #1 chosen from 1 choice
[    4.913799] hub 4-0:1.0: USB hub found
[    4.913891] hub 4-0:1.0: 2 ports detected
[    4.914185] uhci_hcd 0000:00:1d.0: power state changed by ACPI to D0
[    4.914422] uhci_hcd 0000:00:1d.0: power state changed by ACPI to D0
[    4.914512] uhci_hcd 0000:00:1d.0: PCI INT A -> GSI 16 (level, low) -> IRQ 16
[    4.914611] uhci_hcd 0000:00:1d.0: setting latency timer to 64
[    4.914616] uhci_hcd 0000:00:1d.0: UHCI Host Controller
[    4.914748] uhci_hcd 0000:00:1d.0: new USB bus registered, assigned bus number 5
[    4.914903] uhci_hcd 0000:00:1d.0: irq 16, io base 0x000018a0
[    4.915015] usb usb5: New USB device found, idVendor=1d6b, idProduct=0001
[    4.915097] usb usb5: New USB device strings: Mfr=3, Product=2, SerialNumber=1
[    4.915226] usb usb5: Product: UHCI Host Controller
[    4.915305] usb usb5: Manufacturer: Linux 2.6.32.57 uhci_hcd
[    4.915389] usb usb5: SerialNumber: 0000:00:1d.0
[    4.915528] usb usb5: configuration #1 chosen from 1 choice
[    4.915650] hub 5-0:1.0: USB hub found
[    4.915731] hub 5-0:1.0: 2 ports detected
[    4.915864] uhci_hcd 0000:00:1d.1: PCI INT B -> GSI 17 (level, low) -> IRQ 17
[    4.915960] uhci_hcd 0000:00:1d.1: setting latency timer to 64
[    4.915965] uhci_hcd 0000:00:1d.1: UHCI Host Controller
[    4.916090] uhci_hcd 0000:00:1d.1: new USB bus registered, assigned bus number 6
[    4.916222] uhci_hcd 0000:00:1d.1: irq 17, io base 0x000018c0
[    4.916338] usb usb6: New USB device found, idVendor=1d6b, idProduct=0001
[    4.916418] usb usb6: New USB device strings: Mfr=3, Product=2, SerialNumber=1
[    4.916536] usb usb6: Product: UHCI Host Controller
[    4.916630] usb usb6: Manufacturer: Linux 2.6.32.57 uhci_hcd
[    4.916711] usb usb6: SerialNumber: 0000:00:1d.1
[    4.916846] usb usb6: configuration #1 chosen from 1 choice
[    4.916968] hub 6-0:1.0: USB hub found
[    4.917060] hub 6-0:1.0: 2 ports detected
[    4.917345] uhci_hcd 0000:00:1d.2: power state changed by ACPI to D0
[    4.917593] uhci_hcd 0000:00:1d.2: power state changed by ACPI to D0
[    4.917680] uhci_hcd 0000:00:1d.2: PCI INT C -> GSI 18 (level, low) -> IRQ 18
[    4.917779] uhci_hcd 0000:00:1d.2: setting latency timer to 64
[    4.917782] uhci_hcd 0000:00:1d.2: UHCI Host Controller
[    4.917900] uhci_hcd 0000:00:1d.2: new USB bus registered, assigned bus number 7
[    4.918047] uhci_hcd 0000:00:1d.2: irq 18, io base 0x000018e0
[    4.918162] usb usb7: New USB device found, idVendor=1d6b, idProduct=0001
[    4.918248] usb usb7: New USB device strings: Mfr=3, Product=2, SerialNumber=1
[    4.918357] usb usb7: Product: UHCI Host Controller
[    4.918437] usb usb7: Manufacturer: Linux 2.6.32.57 uhci_hcd
[    4.918528] usb usb7: SerialNumber: 0000:00:1d.2
[    4.919327] usb usb7: configuration #1 chosen from 1 choice
[    4.919436] hub 7-0:1.0: USB hub found
[    4.919518] hub 7-0:1.0: 2 ports detected
[    4.919680] sl811: driver sl811-hcd, 19 May 2005
[    4.919783] r8a66597_hcd: driver r8a66597_hcd, 2009-05-26
[    4.919950] Initializing USB Mass Storage driver...
[    4.920070] usbcore: registered new interface driver usb-storage
[    4.920158] USB Mass Storage support registered.
[    4.920254] usbcore: registered new interface driver ums-alauda
[    4.920364] usbcore: registered new interface driver ums-cypress
[    4.920470] usbcore: registered new interface driver ums-datafab
[    4.920579] usbcore: registered new interface driver ums-freecom
[    4.920678] usbcore: registered new interface driver ums-isd200
[    4.920777] usbcore: registered new interface driver ums-jumpshot
[    4.920875] usbcore: registered new interface driver ums-karma
[    4.920987] usbcore: registered new interface driver ums-onetouch
[    4.921091] usbcore: registered new interface driver ums-sddr09
[    4.921194] usbcore: registered new interface driver ums-sddr55
[    4.921299] usbcore: registered new interface driver ums-usbat
[    4.921440] PNP: PS/2 Controller [PNP0303:KBD,PNP0f13:MOU] at 0x60,0x64 irq 1,12
[    4.930103] serio: i8042 KBD port at 0x60,0x64 irq 1
[    4.930196] serio: i8042 AUX port at 0x60,0x64 irq 12
[    4.930434] mice: PS/2 mouse device common for all mice
[    4.930548] i2c /dev entries driver
[    4.930677] md: linear personality registered for level -1
[    4.930757] md: raid0 personality registered for level 0
[    4.930846] md: raid1 personality registered for level 1
[    4.930936] md: raid10 personality registered for level 10
[    4.931016] md: raid6 personality registered for level 6
[    4.931098] md: raid5 personality registered for level 5
[    4.931188] md: raid4 personality registered for level 4
[    4.931288] md: multipath personality registered for level -4
[    4.931476] device-mapper: ioctl: 4.15.0-ioctl (2009-04-01) initialised: dm-devel@redhat.com
[    4.931677] cpuidle: using governor ladder
[    4.932271] usbcore: registered new interface driver usbhid
[    4.932352] usbhid: v2.6:USB HID core driver
[    4.932487] random 0014 0000 0000 00000000 00000000: rand_read_num 4 get_random_bytes(136): sig 00000000 00000000 00000000
[    4.932490] random 0014 0000 0000 00000000 00000000: extract_entropy(.. 136 ..)
[    4.932492] random 0014 0000 0000 00000000 00000000: going to reseed nonblocking with 1024 bits (1088 of 0 requested)
[    4.932495] random 0014 0000 0000 00000000 00000000: extract_entropy(.. 128 ..)
[    4.932497] random 0014 0000 0000 00000000 00000000: trying to extract 1024 bits from input
[    4.932499] random 0014 0000 0000 00000000 00000000: debiting 0 entropy credits from input
[    4.932501] random 0014 0000 0000 00000000 00000000: extract_entropy account returned: 0 
[    4.932504] random 0014 0000 0000 00000000 00000000: urand_change_num 7 xfer_secondary_pool(136): pool_sig 00000000, data_sig 00000000, bytes_mixed 0 00000000 00000000
[    4.932507] random 0014 0000 0000 00000000 00000000: trying to extract 1088 bits from nonblocking
[    4.932510] random 0014 0000 0000 00000000 00000000: debiting 1088 entropy credits from nonblocking (unlimited)
[    4.932512] random 0014 0000 0000 00000000 00000000: extract_entropy account returned: 136 
[    4.932516] random 0014 0000 0000 00000000 00000000: urand_change_num 8 extract_buf: pool_sig 00000000, data_sig fffffff9, bytes_mixed 20 00000000 00000000
[    4.932522] random 0014 0000 0000 b7c35b56 be4dc95d: urand_change_num 9 extract_buf: pool_sig fffffd1e, data_sig 000000c5, bytes_mixed 20 b7c35b56 be4dc95d
[    4.932527] random 0014 0000 0000 ed9f5c47 c48487fb: urand_change_num 10 extract_buf: pool_sig fffff8ec, data_sig ffffff68, bytes_mixed 20 ed9f5c47 c48487fb
[    4.932532] random 0014 0000 0000 ed9f5c47 c48487fb: urand_change_num 11 extract_buf: pool_sig fffffaed, data_sig 000001aa, bytes_mixed 20 ed9f5c47 c48487fb
[    4.932538] random 0014 0000 0000 1b4f7c0a 91bd6a48: urand_change_num 12 extract_buf: pool_sig fffffdd8, data_sig 00000064, bytes_mixed 20 1b4f7c0a 91bd6a48
[    4.932543] random 0014 0000 0000 a254b9bc 20e9a24f: urand_change_num 13 extract_buf: pool_sig fffffbe6, data_sig 000001dd, bytes_mixed 20 a254b9bc 20e9a24f
[    4.932548] random 0014 0000 0000 a254b9bc 20e9a24f: urand_change_num 14 extract_buf: pool_sig fffff940, data_sig fffffe20, bytes_mixed 20 a254b9bc 20e9a24f
[    4.932553] random 0014 0000 0000 2831a66b 5fa2a3ad: urand_change_num 15 extract_buf: pool_sig fffffbce, data_sig 0000007e, bytes_mixed 20 2831a66b 5fa2a3ad
[    4.932559] random 0014 0000 0000 2831a66b 5fa2a3ad: urand_change_num 16 extract_buf: pool_sig 000004df, data_sig fffffe8f, bytes_mixed 20 2831a66b 5fa2a3ad
[    4.932564] random 0014 0000 0000 d4512bfd c9a54e0b: urand_change_num 17 extract_buf: pool_sig 00000485, data_sig fffffe68, bytes_mixed 20 d4512bfd c9a54e0b
[    4.932569] random 0014 0000 0000 c7371be6 f9ffea11: urand_change_num 18 extract_buf: pool_sig 00000095, data_sig ffffffed, bytes_mixed 20 c7371be6 f9ffea11
[    4.932583] random 0014 0000 0000 c7371be6 f9ffea11: urand_change_num 19 extract_buf: pool_sig 000003a7, data_sig fffffefa, bytes_mixed 20 c7371be6 f9ffea11
[    4.932589] random 0014 0000 0000 8fb4b62c d1ddba54: urand_change_num 20 extract_buf: pool_sig 00000179, data_sig ffffff78, bytes_mixed 20 8fb4b62c d1ddba54
[    4.932594] random 0014 0000 0000 9ff19f9c c07a1d2a: urand_change_num 21 extract_buf: pool_sig fffffe88, data_sig 00000126, bytes_mixed 20 9ff19f9c c07a1d2a
[    4.932598] TCP cubic registered
[    4.932680] Initializing XFRM netlink socket
[    4.932772] NET: Registered protocol family 17
[    4.932869] Using IPI Shortcut mode
[    4.932950] random 0014 0000 0000 9ff19f9c c07a1d2a: rand_read_num 5 get_random_bytes(8): sig 0000031b 9ff19f9c c07a1d2a
[    4.932953] random 0014 0000 0000 9ff19f9c c07a1d2a: extract_entropy(.. 8 ..)
[    4.932955] random 0014 0000 0000 9ff19f9c c07a1d2a: going to reseed nonblocking with 64 bits (64 of 0 requested)
[    4.932957] random 0014 0000 0000 9ff19f9c c07a1d2a: extract_entropy(.. 8 ..)
[    4.932959] random 0014 0000 0000 9ff19f9c c07a1d2a: trying to extract 64 bits from input
[    4.932961] random 0014 0000 0000 9ff19f9c c07a1d2a: debiting 0 entropy credits from input
[    4.932963] random 0014 0000 0000 9ff19f9c c07a1d2a: extract_entropy account returned: 0 
[    4.932967] random 0014 0000 0000 9ff19f9c c07a1d2a: urand_change_num 22 xfer_secondary_pool(8): pool_sig 0000031b, data_sig 00000000, bytes_mixed 0 9ff19f9c c07a1d2a
[    4.932969] random 0014 0000 0000 9ff19f9c c07a1d2a: trying to extract 64 bits from nonblocking
[    4.932972] random 0014 0000 0000 9ff19f9c c07a1d2a: debiting 64 entropy credits from nonblocking (unlimited)
[    4.932974] random 0014 0000 0000 9ff19f9c c07a1d2a: extract_entropy account returned: 8 
[    4.932978] random 0014 0000 0000 9ff19f9c c07a1d2a: urand_change_num 23 extract_buf: pool_sig 0000031b, data_sig ffffffb3, bytes_mixed 20 9ff19f9c c07a1d2a
[    4.935102] input: AT Translated Set 2 keyboard as /devices/platform/i8042/serio0/input/input1
[    5.125583] ata1: SATA link up 1.5 Gbps (SStatus 113 SControl 300)
[    5.125693] ata3: SATA link down (SStatus 0 SControl 300)
[    5.128163] ata1.00: ACPI cmd ef/02:00:00:00:00:a0 (SET FEATURES) succeeded
[    5.128166] ata1.00: ACPI cmd f5/00:00:00:00:00:a0 (SECURITY FREEZE LOCK) filtered out
[    5.129556] ata1.00: ACPI cmd ef/5f:00:00:00:00:a0 (SET FEATURES) succeeded
[    5.129562] ata1.00: ACPI cmd ef/10:03:00:00:00:a0 (SET FEATURES) filtered out
[    5.131467] ata1.00: ATA-7: ST910021AS, 4.06, max UDMA/100
[    5.131548] ata1.00: 195371568 sectors, multi 16: LBA48 
[    5.133707] ata1.00: ACPI cmd ef/02:00:00:00:00:a0 (SET FEATURES) succeeded
[    5.133710] ata1.00: ACPI cmd f5/00:00:00:00:00:a0 (SECURITY FREEZE LOCK) filtered out
[    5.135102] ata1.00: ACPI cmd ef/5f:00:00:00:00:a0 (SET FEATURES) succeeded
[    5.135104] ata1.00: ACPI cmd ef/10:03:00:00:00:a0 (SET FEATURES) filtered out
[    5.137028] ata1.00: configured for UDMA/100
[    5.147628] scsi 2:0:0:0: Direct-Access     ATA      ST910021AS       4.06 PQ: 0 ANSI: 5
[    5.147902] sd 2:0:0:0: [sda] 195371568 512-byte logical blocks: (100 GB/93.1 GiB)
[    5.148047] sd 2:0:0:0: [sda] Write Protect is off
[    5.148132] sd 2:0:0:0: [sda] Mode Sense: 00 3a 00 00
[    5.148144] sd 2:0:0:0: [sda] Write cache: enabled, read cache: enabled, doesn't support DPO or FUA
[    5.148336]  sda:
[    5.212561] usb 2-1: new high speed USB device using ehci_hcd and address 2
[    5.361762] usb 2-1: New USB device found, idVendor=0e8d, idProduct=1806
[    5.361846] usb 2-1: New USB device strings: Mfr=1, Product=2, SerialNumber=3
[    5.361931] usb 2-1: Product: MT1806 
[    5.362012] usb 2-1: Manufacturer: MediaTek Inc
[    5.362095] usb 2-1: SerialNumber: R8KN6GAC800AEB 
[    5.362231] usb 2-1: configuration #1 chosen from 1 choice
[    5.368556] scsi5 : SCSI emulation for USB Mass Storage devices
[    5.368729] usb-storage: device found at 2
[    5.368730] usb-storage: waiting for device to settle before scanning
[    5.566058] random 0014 0000 0000 277f73c3 42024bb9: add_disk_randomness(8:0) 277f73c3 42024bb9
[    5.566062] random 0014 0000 0000 277f73c3 42024bb9: add_timer_randomness(.. 8388864) with jiffies: 13660100505189974406, cycles: -4786643572814249973
[    5.566065] random 0014 0000 0000 277f73c3 42024bb9: added 11 entropy credits to input
[    5.566070]  sda1 sda2
[    5.566371] random 0025 0000 0000 277f73c3 42024bb9: add_disk_randomness(8:0) 277f73c3 42024bb9
[    5.566374] random 0025 0000 0000 277f73c3 42024bb9: add_timer_randomness(.. 8388864) with jiffies: 13662913846207807878, cycles: -4783830231796416501
[    5.566529] sd 2:0:0:0: [sda] Attached SCSI disk
[    5.566621] random 0025 0000 0000 277f73c3 42024bb9: rand_read_num 6 get_random_bytes(12): sig 000007e9 277f73c3 42024bb9
[    5.566624] random 0025 0000 0000 277f73c3 42024bb9: extract_entropy(.. 12 ..)
[    5.566626] random 0025 0000 0000 277f73c3 42024bb9: going to reseed nonblocking with 96 bits (96 of 0 requested)
[    5.566628] random 0025 0000 0000 277f73c3 42024bb9: extract_entropy(.. 12 ..)
[    5.566631] random 0025 0000 0000 277f73c3 42024bb9: trying to extract 96 bits from input
[    5.566633] random 0025 0000 0000 277f73c3 42024bb9: debiting 0 entropy credits from input
[    5.566635] random 0025 0000 0000 277f73c3 42024bb9: extract_entropy account returned: 0 
[    5.566638] random 0025 0000 0000 277f73c3 42024bb9: urand_change_num 24 xfer_secondary_pool(12): pool_sig 000007e9, data_sig 00000000, bytes_mixed 0 277f73c3 42024bb9
[    5.566641] random 0025 0000 0000 277f73c3 42024bb9: trying to extract 96 bits from nonblocking
[    5.566643] random 0025 0000 0000 277f73c3 42024bb9: debiting 96 entropy credits from nonblocking (unlimited)
[    5.566645] random 0025 0000 0000 277f73c3 42024bb9: extract_entropy account returned: 12 
[    5.566650] random 0025 0000 0000 277f73c3 42024bb9: urand_change_num 25 extract_buf: pool_sig 000007e9, data_sig 00000088, bytes_mixed 20 277f73c3 42024bb9
[    5.566655] random 0025 0000 0000 277f73c3 42024bb9: urand_change_num 26 extract_buf: pool_sig 00000498, data_sig fffffefb, bytes_mixed 20 277f73c3 42024bb9
[    5.566658] RANDOM - __seed init called.
[    5.566659] RANDOM - __seed init called.
[    5.566660] RANDOM - __seed init called.
[    5.566662] RANDOM - __random32 called. Change num 12.  Value: 87f14767	f0d7351	b1e48bd3
[    5.566664] RANDOM - random32_reseed called.  Value: 87f14767	f0d7351	b1e48bd3
[    5.566666] Pid: 1, comm: swapper Not tainted 2.6.32.57 #6
[    5.566747] Call Trace:
[    5.566829]  [<c1923ca4>] ? random32_reseed+0xa0/0xb1
[    5.566911]  [<c1923c04>] ? random32_reseed+0x0/0xb1
[    5.566997]  [<c100111e>] ? do_one_initcall+0x2e/0x180
[    5.567083]  [<c1907265>] ? kernel_init+0xad/0x103
[    5.567172]  [<c19071b8>] ? kernel_init+0x0/0x103
[    5.567256]  [<c1003787>] ? kernel_thread_helper+0x7/0x10
[    5.567797] random 0025 0000 0000 386b4e60 ee4d4880: rand_read_num 7 get_random_bytes(64): sig fffffea5 386b4e60 ee4d4880
[    5.567799] random 0025 0000 0000 386b4e60 ee4d4880: extract_entropy(.. 64 ..)
[    5.567802] random 0025 0000 0000 386b4e60 ee4d4880: going to reseed nonblocking with 512 bits (512 of 0 requested)
[    5.567804] random 0025 0000 0000 386b4e60 ee4d4880: extract_entropy(.. 64 ..)
[    5.567806] random 0025 0000 0000 386b4e60 ee4d4880: trying to extract 512 bits from input
[    5.567808] random 0025 0000 0000 386b4e60 ee4d4880: debiting 0 entropy credits from input
[    5.567810] random 0025 0000 0000 386b4e60 ee4d4880: extract_entropy account returned: 0 
[    5.567814] random 0025 0000 0000 386b4e60 ee4d4880: urand_change_num 27 xfer_secondary_pool(64): pool_sig fffffea5, data_sig 00000000, bytes_mixed 0 386b4e60 ee4d4880
[    5.567817] random 0025 0000 0000 386b4e60 ee4d4880: trying to extract 512 bits from nonblocking
[    5.567819] random 0025 0000 0000 386b4e60 ee4d4880: debiting 512 entropy credits from nonblocking (unlimited)
[    5.567821] random 0025 0000 0000 386b4e60 ee4d4880: extract_entropy account returned: 64 
[    5.567825] random 0025 0000 0000 386b4e60 ee4d4880: urand_change_num 28 extract_buf: pool_sig fffffea5, data_sig 00000173, bytes_mixed 20 386b4e60 ee4d4880
[    5.567831] random 0025 0000 0000 412698f6 0cc8689a: urand_change_num 29 extract_buf: pool_sig 00000122, data_sig ffffff63, bytes_mixed 20 412698f6 0cc8689a
[    5.567836] random 0025 0000 0000 412698f6 0cc8689a: urand_change_num 30 extract_buf: pool_sig 000001f7, data_sig 00000012, bytes_mixed 20 412698f6 0cc8689a
[    5.567842] random 0025 0000 0000 9669941e 06f768b1: urand_change_num 31 extract_buf: pool_sig fffffb5b, data_sig 0000003f, bytes_mixed 20 9669941e 06f768b1
[    5.567847] random 0025 0000 0000 98486520 995551f0: urand_change_num 32 extract_buf: pool_sig fffffb39, data_sig 0000000e, bytes_mixed 20 98486520 995551f0
[    5.567852] random 0025 0000 0000 98486520 995551f0: urand_change_num 33 extract_buf: pool_sig fffffd8d, data_sig 000001a6, bytes_mixed 20 98486520 995551f0
[    5.567857] random 0025 0000 0000 61fc8914 d5882ed2: urand_change_num 34 extract_buf: pool_sig fffffa58, data_sig 0000023e, bytes_mixed 20 61fc8914 d5882ed2
[    5.567887] random 0025 0000 0000 61fc8914 d5882ed2: rand_read_num 8 get_random_bytes(64): sig fffff9ee 61fc8914 d5882ed2
[    5.567889] random 0025 0000 0000 61fc8914 d5882ed2: extract_entropy(.. 64 ..)
[    5.567891] random 0025 0000 0000 61fc8914 d5882ed2: going to reseed nonblocking with 512 bits (512 of 0 requested)
[    5.567894] random 0025 0000 0000 61fc8914 d5882ed2: extract_entropy(.. 64 ..)
[    5.567896] random 0025 0000 0000 61fc8914 d5882ed2: trying to extract 512 bits from input
[    5.567898] random 0025 0000 0000 61fc8914 d5882ed2: debiting 0 entropy credits from input
[    5.567900] random 0025 0000 0000 61fc8914 d5882ed2: extract_entropy account returned: 0 
[    5.567903] random 0025 0000 0000 61fc8914 d5882ed2: urand_change_num 35 xfer_secondary_pool(64): pool_sig fffff9ee, data_sig 00000000, bytes_mixed 0 61fc8914 d5882ed2
[    5.567906] random 0025 0000 0000 61fc8914 d5882ed2: trying to extract 512 bits from nonblocking
[    5.567908] random 0025 0000 0000 61fc8914 d5882ed2: debiting 512 entropy credits from nonblocking (unlimited)
[    5.567911] random 0025 0000 0000 61fc8914 d5882ed2: extract_entropy account returned: 64 
[    5.567915] random 0025 0000 0000 61fc8914 d5882ed2: urand_change_num 36 extract_buf: pool_sig fffff9ee, data_sig ffffff85, bytes_mixed 20 61fc8914 d5882ed2
[    5.567920] random 0025 0000 0000 70cfd302 e5edec11: urand_change_num 37 extract_buf: pool_sig fffffdc1, data_sig ffffffde, bytes_mixed 20 70cfd302 e5edec11
[    5.567925] random 0025 0000 0000 00dab838 eafd2b30: urand_change_num 38 extract_buf: pool_sig 000003da, data_sig ffffff61, bytes_mixed 20 00dab838 eafd2b30
[    5.567931] random 0025 0000 0000 00dab838 eafd2b30: urand_change_num 39 extract_buf: pool_sig 00000314, data_sig 00000121, bytes_mixed 20 00dab838 eafd2b30
[    5.567936] random 0025 0000 0000 5fcdf66a 6442b608: urand_change_num 40 extract_buf: pool_sig 0000028b, data_sig fffffefd, bytes_mixed 20 5fcdf66a 6442b608
[    5.567941] random 0025 0000 0000 61333f6b 8fae0f9b: urand_change_num 41 extract_buf: pool_sig 000000cb, data_sig 000000b3, bytes_mixed 20 61333f6b 8fae0f9b
[    5.567947] random 0025 0000 0000 61333f6b 8fae0f9b: urand_change_num 42 extract_buf: pool_sig fffffef8, data_sig 00000051, bytes_mixed 20 61333f6b 8fae0f9b
[    5.567949] BEGIN NET_SECRET:
[    5.567950] \xffffffe0
[    5.567951] \xffffffb6
[    5.567952] \x36
[    5.567953] \xffffffb5
[    5.567954] \xffffff94
[    5.567954] \xffffffb2
[    5.567955] \xffffffa8
[    5.567956] \xffffffda
[    5.567957] \x5b
[    5.567958] \x19
[    5.567958] \x18
[    5.567959] \x5c
[    5.567960] \x2b
[    5.567961] \x1
[    5.567961] \xffffff90
[    5.567962] \x19
[    5.567963] \x3c
[    5.567964] \xfffffff2
[    5.567964] \xffffff82
[    5.567965] \x2a
[    5.567966] \xffffffb3
[    5.567967] \xffffffa2
[    5.567968] \x3f
[    5.567968] \x5
[    5.567969] \x52
[    5.567970] \x77
[    5.567971] \x57
[    5.567971] \x79
[    5.567972] \x16
[    5.567973] \x43
[    5.567973] \xffffff84
[    5.567974] \xffffffc3
[    5.567975] \xffffffe9
[    5.567976] \x79
[    5.567977] \x50
[    5.567977] \xffffff8e
[    5.567978] \x3f
[    5.567979] \xfffffff3
[    5.567980] \x19
[    5.567980] \x2a
[    5.567981] \xfffffffd
[    5.567982] \xfffffffb
[    5.567983] \x62
[    5.567984] \x3c
[    5.567984] \xffffffac
[    5.567985] \x1c
[    5.567986] \x3b
[    5.567987] \x3b
[    5.567987] \x15
[    5.567988] \x27
[    5.567989] \xffffffa8
[    5.567989] \x22
[    5.567990] \xffffffc5
[    5.567991] \xffffff9a
[    5.567992] \x5
[    5.567993] \x6c
[    5.567993] \xffffffa8
[    5.567994] \x3a
[    5.567995] \x44
[    5.567996] \xffffffaf
[    5.567996] \x13
[    5.567997] \xffffffe0
[    5.567998] \xffffff9d
[    5.567999] \x22
[    5.568000] 
[    5.568000] END NET_SECRET
[    5.568003] random 0025 0000 0000 e7f555d9 e8ce5c3c: rand_read_num 9 get_random_bytes(4): sig 0000068c e7f555d9 e8ce5c3c
[    5.568005] random 0025 0000 0000 e7f555d9 e8ce5c3c: extract_entropy(.. 4 ..)
[    5.568008] random 0025 0000 0000 e7f555d9 e8ce5c3c: going to reseed nonblocking with 64 bits (32 of 0 requested)
[    5.568010] random 0025 0000 0000 e7f555d9 e8ce5c3c: extract_entropy(.. 8 ..)
[    5.568012] random 0025 0000 0000 e7f555d9 e8ce5c3c: trying to extract 64 bits from input
[    5.568014] random 0025 0000 0000 e7f555d9 e8ce5c3c: debiting 0 entropy credits from input
[    5.568016] random 0025 0000 0000 e7f555d9 e8ce5c3c: extract_entropy account returned: 0 
[    5.568020] random 0025 0000 0000 e7f555d9 e8ce5c3c: urand_change_num 43 xfer_secondary_pool(4): pool_sig 0000068c, data_sig 00000000, bytes_mixed 0 e7f555d9 e8ce5c3c
[    5.568022] random 0025 0000 0000 e7f555d9 e8ce5c3c: trying to extract 32 bits from nonblocking
[    5.568025] random 0025 0000 0000 e7f555d9 e8ce5c3c: debiting 32 entropy credits from nonblocking (unlimited)
[    5.568027] random 0025 0000 0000 e7f555d9 e8ce5c3c: extract_entropy account returned: 4 
[    5.568031] random 0025 0000 0000 e7f555d9 e8ce5c3c: urand_change_num 44 extract_buf: pool_sig 0000068c, data_sig fffffdcb, bytes_mixed 20 e7f555d9 e8ce5c3c
[    5.568042] md: Waiting for all devices to be available before autodetect
[    5.568132] md: If you don't use raid, use raid=noautodetect
[    5.568288] md: Autodetecting RAID arrays.
[    5.568378] md: Scanned 0 and added 0 devices.
[    5.568458] md: autorun ...
[    5.568538] md: ... autorun DONE.
[    5.579791] random 0025 0000 0000 e7f555d9 e8ce5c3c: add_disk_randomness(8:0) e7f555d9 e8ce5c3c
[    5.579794] random 0025 0000 0000 e7f555d9 e8ce5c3c: add_timer_randomness(.. 8388864) with jiffies: 13783647773490119060, cycles: -4663096304514105333
[    5.579797] random 0025 0000 0000 e7f555d9 e8ce5c3c: added 3 entropy credits to input
[    5.580913] random 0028 0000 0000 e7f555d9 e8ce5c3c: add_disk_randomness(8:0) e7f555d9 e8ce5c3c
[    5.580916] random 0028 0000 0000 e7f555d9 e8ce5c3c: add_timer_randomness(.. 8388864) with jiffies: 13793742140636627349, cycles: -4653001937367597045
[    5.588001] random 0028 0000 0000 e7f555d9 e8ce5c3c: add_disk_randomness(8:0) e7f555d9 e8ce5c3c
[    5.588004] random 0028 0000 0000 e7f555d9 e8ce5c3c: add_timer_randomness(.. 8388864) with jiffies: 13857518449317347740, cycles: -4589225628686876661
[    5.588007] random 0028 0000 0000 e7f555d9 e8ce5c3c: added 2 entropy credits to input
[    5.588012] EXT3-fs: sda2: couldn't mount because of unsupported optional features (240).
[    5.588238] random 0030 0000 0000 e7f555d9 e8ce5c3c: add_disk_randomness(8:0) e7f555d9 e8ce5c3c
[    5.588241] random 0030 0000 0000 e7f555d9 e8ce5c3c: add_timer_randomness(.. 8388864) with jiffies: 13859651050903667100, cycles: -4587093027100557301
[    5.588246] EXT2-fs: sda2: couldn't mount because of unsupported optional features (240).
[    5.588463] random 0030 0000 0000 e7f555d9 e8ce5c3c: add_disk_randomness(8:0) e7f555d9 e8ce5c3c
[    5.588466] random 0030 0000 0000 e7f555d9 e8ce5c3c: add_timer_randomness(.. 8388864) with jiffies: 13861680916872266140, cycles: -4585063161131958261
[    5.588603] random 0030 0000 0000 e7f555d9 e8ce5c3c: add_disk_randomness(8:0) e7f555d9 e8ce5c3c
[    5.588606] random 0030 0000 0000 e7f555d9 e8ce5c3c: add_timer_randomness(.. 8388864) with jiffies: 13862927131697971613, cycles: -4583816946306252789
[    5.588721] random 0030 0000 0000 e7f555d9 e8ce5c3c: add_disk_randomness(8:0) e7f555d9 e8ce5c3c
[    5.588724] random 0030 0000 0000 e7f555d9 e8ce5c3c: add_timer_randomness(.. 8388864) with jiffies: 13863987503288779165, cycles: -4582756574715445237
[    5.588870] random 0030 0000 0000 e7f555d9 e8ce5c3c: add_disk_randomness(8:0) e7f555d9 e8ce5c3c
[    5.588873] random 0030 0000 0000 e7f555d9 e8ce5c3c: add_timer_randomness(.. 8388864) with jiffies: 13865330268979298717, cycles: -4581413809024925685
[    5.588995] random 0030 0000 0000 e7f555d9 e8ce5c3c: add_disk_randomness(8:0) e7f555d9 e8ce5c3c
[    5.588998] random 0030 0000 0000 e7f555d9 e8ce5c3c: add_timer_randomness(.. 8388864) with jiffies: 13866456211835814301, cycles: -4580287866168410101
[    5.589114] random 0030 0000 0000 e7f555d9 e8ce5c3c: add_disk_randomness(8:0) e7f555d9 e8ce5c3c
[    5.589117] random 0030 0000 0000 e7f555d9 e8ce5c3c: add_timer_randomness(.. 8388864) with jiffies: 13867527041671987613, cycles: -4579217036332236789
[    5.589226] random 0030 0000 0000 e7f555d9 e8ce5c3c: add_disk_randomness(8:0) e7f555d9 e8ce5c3c
[    5.589229] random 0030 0000 0000 e7f555d9 e8ce5c3c: add_timer_randomness(.. 8388864) with jiffies: 13868540692608549277, cycles: -4578203385395675125
[    5.589373] random 0030 0000 0000 e7f555d9 e8ce5c3c: add_disk_randomness(8:0) e7f555d9 e8ce5c3c
[    5.589376] random 0030 0000 0000 e7f555d9 e8ce5c3c: add_timer_randomness(.. 8388864) with jiffies: 13869866321379557789, cycles: -4576877756624666613
[    5.589618] random 0030 0000 0000 e7f555d9 e8ce5c3c: rand_read_num 10 get_random_bytes(4): sig ffffff72 e7f555d9 e8ce5c3c
[    5.589620] random 0030 0000 0000 e7f555d9 e8ce5c3c: extract_entropy(.. 4 ..)
[    5.589622] random 0030 0000 0000 e7f555d9 e8ce5c3c: going to reseed nonblocking with 64 bits (32 of 0 requested)
[    5.589625] random 0030 0000 0000 e7f555d9 e8ce5c3c: extract_entropy(.. 8 ..)
[    5.589627] random 0030 0000 0000 e7f555d9 e8ce5c3c: trying to extract 64 bits from input
[    5.589629] random 0030 0000 0000 e7f555d9 e8ce5c3c: debiting 0 entropy credits from input
[    5.589631] random 0030 0000 0000 e7f555d9 e8ce5c3c: extract_entropy account returned: 0 
[    5.589634] random 0030 0000 0000 e7f555d9 e8ce5c3c: urand_change_num 45 xfer_secondary_pool(4): pool_sig ffffff72, data_sig 00000000, bytes_mixed 0 e7f555d9 e8ce5c3c
[    5.589637] random 0030 0000 0000 e7f555d9 e8ce5c3c: trying to extract 32 bits from nonblocking
[    5.589639] random 0030 0000 0000 e7f555d9 e8ce5c3c: debiting 32 entropy credits from nonblocking (unlimited)
[    5.589641] random 0030 0000 0000 e7f555d9 e8ce5c3c: extract_entropy account returned: 4 
[    5.589645] random 0030 0000 0000 e7f555d9 e8ce5c3c: urand_change_num 46 extract_buf: pool_sig ffffff72, data_sig ffffff72, bytes_mixed 20 e7f555d9 e8ce5c3c
[    5.594240] random 0030 0000 0000 91716c54 eeb6a1e7: add_disk_randomness(8:0) 91716c54 eeb6a1e7
[    5.594243] random 0030 0000 0000 91716c54 eeb6a1e7: add_timer_randomness(.. 8388864) with jiffies: 13913646598064931234, cycles: -4533097479939293173
[    5.594245] random 0030 0000 0000 91716c54 eeb6a1e7: added 2 entropy credits to input
[    5.612517] random 0032 0000 0000 91716c54 eeb6a1e7: add_disk_randomness(8:0) 91716c54 eeb6a1e7
[    5.612520] random 0032 0000 0000 91716c54 eeb6a1e7: add_timer_randomness(.. 8388864) with jiffies: 14078089320891908532, cycles: -4368654757112315893
[    5.612523] random 0032 0000 0000 91716c54 eeb6a1e7: added 3 entropy credits to input
[    5.617195] EXT4-fs (sda2): mounted filesystem with ordered data mode
[    5.617382] VFS: Mounted root (ext4 filesystem) readonly on device 8:2.
[    5.617485] Freeing unused kernel memory: 448k freed
[    5.637706] random 0035 0000 0000 91716c54 eeb6a1e7: add_disk_randomness(8:0) 91716c54 eeb6a1e7
[    5.637709] random 0035 0000 0000 91716c54 eeb6a1e7: add_timer_randomness(.. 8388864) with jiffies: 14304700007406338510, cycles: -4142044070597885941
[    5.637712] random 0035 0000 0000 91716c54 eeb6a1e7: added 2 entropy credits to input
[    5.638397] random 0037 0000 0000 91716c54 eeb6a1e7: add_disk_randomness(8:0) 91716c54 eeb6a1e7
[    5.638400] random 0037 0000 0000 91716c54 eeb6a1e7: add_timer_randomness(.. 8388864) with jiffies: 14310926120847638990, cycles: -4135817957156585461
[    5.643121] random 0037 0000 0000 91716c54 eeb6a1e7: add_disk_randomness(8:0) 91716c54 eeb6a1e7
[    5.643124] random 0037 0000 0000 91716c54 eeb6a1e7: add_timer_randomness(.. 8388864) with jiffies: 14353424779291886035, cycles: -4093319298712338421
[    5.643127] random 0037 0000 0000 91716c54 eeb6a1e7: added 2 entropy credits to input
[    5.651321] random 0039 0000 0000 91716c54 eeb6a1e7: add_disk_randomness(8:0) 91716c54 eeb6a1e7
[    5.651324] random 0039 0000 0000 91716c54 eeb6a1e7: add_timer_randomness(.. 8388864) with jiffies: 14427207876440981979, cycles: -4019536201563242485
[    5.651327] random 0039 0000 0000 91716c54 eeb6a1e7: added 1 entropy credits to input
[    5.654744] random 0040 0000 0000 91716c54 eeb6a1e7: add_disk_randomness(8:0) 91716c54 eeb6a1e7
[    5.654747] random 0040 0000 0000 91716c54 eeb6a1e7: add_timer_randomness(.. 8388864) with jiffies: 14457994171953938911, cycles: -3988749906050285557
[    5.654750] random 0040 0000 0000 91716c54 eeb6a1e7: added 2 entropy credits to input
[    5.663640] random 0042 0000 0000 91716c54 eeb6a1e7: add_disk_randomness(8:0) 91716c54 eeb6a1e7
[    5.663644] random 0042 0000 0000 91716c54 eeb6a1e7: add_timer_randomness(.. 8388864) with jiffies: 14538030393593659880, cycles: -3908713684410564597
[    5.663646] random 0042 0000 0000 91716c54 eeb6a1e7: added 2 entropy credits to input
[    5.676919] random 0044 0000 0000 91716c54 eeb6a1e7: add_disk_randomness(8:0) 91716c54 eeb6a1e7
[    5.676922] random 0044 0000 0000 91716c54 eeb6a1e7: add_timer_randomness(.. 8388864) with jiffies: 14657501690685260277, cycles: -3789242387318964213
[    5.684994] random 0044 0000 0000 91716c54 eeb6a1e7: add_disk_randomness(8:0) 91716c54 eeb6a1e7
[    5.684997] random 0044 0000 0000 91716c54 eeb6a1e7: add_timer_randomness(.. 8388864) with jiffies: 14730151453339124221, cycles: -3716592624665100277
[    5.685000] random 0044 0000 0000 91716c54 eeb6a1e7: added 2 entropy credits to input
[    5.685023] RANDOM get_random_int call with cycles 50674326360, jiffies 4294672893 and pid 1
[    5.685026] RANDOM get_random_int call with cycles 50674333332, jiffies 4294672893 and pid 1
[    5.685028] ASLR stack rand value: 98304 after shift for pid: 1
[    5.685029] RANDOM get_random_int call with cycles 50674341049, jiffies 4294672893 and pid 1
[    5.696642] random 0046 0000 0000 91716c54 eeb6a1e7: add_disk_randomness(8:0) 91716c54 eeb6a1e7
[    5.696645] random 0046 0000 0000 91716c54 eeb6a1e7: add_timer_randomness(.. 8388864) with jiffies: 14834942543623062025, cycles: -3611801534381162485
[    5.696648] random 0046 0000 0000 91716c54 eeb6a1e7: added 2 entropy credits to input
[    5.696658] RANDOM get_random_int call with cycles 50698697742, jiffies 4294672905 and pid 1
[    5.696664] random 0048 0000 0000 91716c54 eeb6a1e7: rand_read_num 11 get_random_bytes(16): sig fffffcad 91716c54 eeb6a1e7
[    5.696666] random 0048 0000 0000 91716c54 eeb6a1e7: extract_entropy(.. 16 ..)
[    5.696669] random 0048 0000 0000 91716c54 eeb6a1e7: going to reseed nonblocking with 128 bits (128 of 0 requested)
[    5.696671] random 0048 0000 0000 91716c54 eeb6a1e7: extract_entropy(.. 16 ..)
[    5.696673] random 0048 0000 0000 91716c54 eeb6a1e7: trying to extract 128 bits from input
[    5.696675] random 0048 0000 0000 91716c54 eeb6a1e7: debiting 0 entropy credits from input
[    5.696677] random 0048 0000 0000 91716c54 eeb6a1e7: extract_entropy account returned: 0 
[    5.696681] random 0048 0000 0000 91716c54 eeb6a1e7: urand_change_num 47 xfer_secondary_pool(16): pool_sig fffffcad, data_sig 00000000, bytes_mixed 0 91716c54 eeb6a1e7
[    5.696684] random 0048 0000 0000 91716c54 eeb6a1e7: trying to extract 128 bits from nonblocking
[    5.696686] random 0048 0000 0000 91716c54 eeb6a1e7: debiting 128 entropy credits from nonblocking (unlimited)
[    5.696688] random 0048 0000 0000 91716c54 eeb6a1e7: extract_entropy account returned: 16 
[    5.696693] random 0048 0000 0000 91716c54 eeb6a1e7: urand_change_num 48 extract_buf: pool_sig fffffcad, data_sig ffffff19, bytes_mixed 20 91716c54 eeb6a1e7
[    5.696698] random 0048 0000 0000 fd637b06 6cf47bc1: urand_change_num 49 extract_buf: pool_sig fffffede, data_sig ffffffc1, bytes_mixed 20 fd637b06 6cf47bc1
[    5.697656] random 0048 0000 0000 fd637b06 6cf47bc1: add_disk_randomness(8:0) fd637b06 6cf47bc1
[    5.697659] random 0048 0000 0000 fd637b06 6cf47bc1: add_timer_randomness(.. 8388864) with jiffies: 14844066823686291978, cycles: -3602677254317932533
[    5.698787] random 0048 0000 0000 fd637b06 6cf47bc1: add_disk_randomness(8:0) fd637b06 6cf47bc1
[    5.698790] random 0048 0000 0000 fd637b06 6cf47bc1: add_timer_randomness(.. 8388864) with jiffies: 14854243765874033163, cycles: -3592500312130191349
[    5.699944] random 0048 0000 0000 fd637b06 6cf47bc1: add_disk_randomness(8:0) fd637b06 6cf47bc1
[    5.699947] random 0048 0000 0000 fd637b06 6cf47bc1: add_timer_randomness(.. 8388864) with jiffies: 14864650566121521676, cycles: -3582093511882702837
[    5.700827] random 0048 0000 0000 fd637b06 6cf47bc1: add_disk_randomness(8:0) fd637b06 6cf47bc1
[    5.700830] random 0048 0000 0000 fd637b06 6cf47bc1: add_timer_randomness(.. 8388864) with jiffies: 14872592716566069773, cycles: -3574151361438154741
[    5.709637] random 0048 0000 0000 fd637b06 6cf47bc1: add_disk_randomness(8:0) fd637b06 6cf47bc1
[    5.709640] random 0048 0000 0000 fd637b06 6cf47bc1: add_timer_randomness(.. 8388864) with jiffies: 14951855341581337110, cycles: -3494888736422887413
[    5.709643] random 0048 0000 0000 fd637b06 6cf47bc1: added 3 entropy credits to input
[    5.709839] random 0051 0000 0000 fd637b06 6cf47bc1: add_disk_randomness(8:0) fd637b06 6cf47bc1
[    5.709842] random 0051 0000 0000 fd637b06 6cf47bc1: add_timer_randomness(.. 8388864) with jiffies: 14953675780649615894, cycles: -3493068297354608629
[    5.720031] random 0051 0000 0000 fd637b06 6cf47bc1: add_disk_randomness(8:0) fd637b06 6cf47bc1
[    5.720034] random 0051 0000 0000 fd637b06 6cf47bc1: add_timer_randomness(.. 8388864) with jiffies: 15045375797730443808, cycles: -3401368280273780725
[    5.720037] random 0051 0000 0000 fd637b06 6cf47bc1: added 3 entropy credits to input
[    5.720462] random 0054 0000 0000 fd637b06 6cf47bc1: add_disk_randomness(8:0) fd637b06 6cf47bc1
[    5.720465] random 0054 0000 0000 fd637b06 6cf47bc1: add_timer_randomness(.. 8388864) with jiffies: 15049258796058378784, cycles: -3397485281945845749
[    5.730203] random 0054 0000 0000 fd637b06 6cf47bc1: add_disk_randomness(8:0) fd637b06 6cf47bc1
[    5.730206] random 0054 0000 0000 fd637b06 6cf47bc1: add_timer_randomness(.. 8388864) with jiffies: 15136892943693742634, cycles: -3309851134310481909
[    5.730208] random 0054 0000 0000 fd637b06 6cf47bc1: added 3 entropy credits to input
[    5.730262] RANDOM get_random_int call with cycles 50769091285, jiffies 4294672938 and pid 1
[    5.735103] random 0057 0000 0000 fd637b06 6cf47bc1: add_disk_randomness(8:0) fd637b06 6cf47bc1
[    5.735106] random 0057 0000 0000 fd637b06 6cf47bc1: add_timer_randomness(.. 8388864) with jiffies: 15180976586804134447, cycles: -3265767491200090101
[    5.735109] random 0057 0000 0000 fd637b06 6cf47bc1: added 2 entropy credits to input
[    5.747637] random 0059 0000 0000 fd637b06 6cf47bc1: add_disk_randomness(8:0) fd637b06 6cf47bc1
[    5.747640] random 0059 0000 0000 fd637b06 6cf47bc1: add_timer_randomness(.. 8388864) with jiffies: 15293737607381090876, cycles: -3153006470623133685
[    5.747643] random 0059 0000 0000 fd637b06 6cf47bc1: added 3 entropy credits to input
[    5.747780] random 0062 0000 0000 fd637b06 6cf47bc1: add_disk_randomness(8:0) fd637b06 6cf47bc1
[    5.747783] random 0062 0000 0000 fd637b06 6cf47bc1: add_timer_randomness(.. 8388864) with jiffies: 15295029099752030780, cycles: -3151714978252193781
[    5.749937] random 0062 0000 0000 fd637b06 6cf47bc1: add_disk_randomness(8:0) fd637b06 6cf47bc1
[    5.749940] random 0062 0000 0000 fd637b06 6cf47bc1: add_timer_randomness(.. 8388864) with jiffies: 15314436029738091070, cycles: -3132308048266133493
[    5.749943] random 0062 0000 0000 fd637b06 6cf47bc1: added 1 entropy credits to input
[    5.750183] random 0063 0000 0000 fd637b06 6cf47bc1: add_disk_randomness(8:0) fd637b06 6cf47bc1
[    5.750186] random 0063 0000 0000 fd637b06 6cf47bc1: add_timer_randomness(.. 8388864) with jiffies: 15316652374596747838, cycles: -3130091703407476725
[    5.750328] random 0063 0000 0000 fd637b06 6cf47bc1: add_disk_randomness(8:0) fd637b06 6cf47bc1
[    5.750331] random 0063 0000 0000 fd637b06 6cf47bc1: add_timer_randomness(.. 8388864) with jiffies: 15317963937349861950, cycles: -3128780140654362613
[    5.761813] random 0063 0000 0000 fd637b06 6cf47bc1: add_disk_randomness(8:0) fd637b06 6cf47bc1
[    5.761816] random 0063 0000 0000 fd637b06 6cf47bc1: add_timer_randomness(.. 8388864) with jiffies: 15421280844533957194, cycles: -3025463233470267381
[    5.761819] random 0063 0000 0000 fd637b06 6cf47bc1: added 3 entropy credits to input
[    5.772149] random 0066 0000 0000 fd637b06 6cf47bc1: add_disk_randomness(8:0) fd637b06 6cf47bc1
[    5.772152] random 0066 0000 0000 fd637b06 6cf47bc1: add_timer_randomness(.. 8388864) with jiffies: 15514280922445480532, cycles: -2932463155558744053
[    5.772155] random 0066 0000 0000 fd637b06 6cf47bc1: added 1 entropy credits to input
[    5.779979] random 0067 0000 0000 fd637b06 6cf47bc1: add_disk_randomness(8:0) fd637b06 6cf47bc1
[    5.779982] random 0067 0000 0000 fd637b06 6cf47bc1: add_timer_randomness(.. 8388864) with jiffies: 15584722818506130012, cycles: -2862021259498094581
[    5.780115] random 0067 0000 0000 fd637b06 6cf47bc1: add_disk_randomness(8:0) fd637b06 6cf47bc1
[    5.780118] random 0067 0000 0000 fd637b06 6cf47bc1: add_timer_randomness(.. 8388864) with jiffies: 15585949053143974492, cycles: -2860795024860250101
[    5.783677] random 0067 0000 0000 fd637b06 6cf47bc1: add_disk_randomness(8:0) fd637b06 6cf47bc1
[    5.783680] random 0067 0000 0000 fd637b06 6cf47bc1: add_timer_randomness(.. 8388864) with jiffies: 15617988057473188448, cycles: -2828756020531036149
[    5.783683] random 0067 0000 0000 fd637b06 6cf47bc1: added 2 entropy credits to input
[    5.788173] random 0069 0000 0000 fd637b06 6cf47bc1: add_disk_randomness(8:0) fd637b06 6cf47bc1
[    5.788176] random 0069 0000 0000 fd637b06 6cf47bc1: add_timer_randomness(.. 8388864) with jiffies: 15658443410996167268, cycles: -2788300667008057333
[    5.793751] random 0069 0000 0000 fd637b06 6cf47bc1: add_disk_randomness(8:0) fd637b06 6cf47bc1
[    5.793754] random 0069 0000 0000 fd637b06 6cf47bc1: add_timer_randomness(.. 8388864) with jiffies: 15708620985634357866, cycles: -2738123092369866741
[    5.793756] random 0069 0000 0000 fd637b06 6cf47bc1: added 1 entropy credits to input
[    5.800026] random 0070 0000 0000 fd637b06 6cf47bc1: add_disk_randomness(8:0) fd637b06 6cf47bc1
[    5.800029] random 0070 0000 0000 fd637b06 6cf47bc1: add_timer_randomness(.. 8388864) with jiffies: 15765086774645981808, cycles: -2681657303358242805
[    5.800043] random 0070 0000 0000 fd637b06 6cf47bc1: rand_read_num 12 get_random_bytes(16): sig 0000033b fd637b06 6cf47bc1
[    5.800045] random 0070 0000 0000 fd637b06 6cf47bc1: extract_entropy(.. 16 ..)
[    5.800048] random 0070 0000 0000 fd637b06 6cf47bc1: going to reseed nonblocking with 128 bits (128 of 0 requested)
[    5.800050] random 0070 0000 0000 fd637b06 6cf47bc1: extract_entropy(.. 16 ..)
[    5.800052] random 0070 0000 0000 fd637b06 6cf47bc1: trying to extract 128 bits from input
[    5.800055] random 0070 0000 0000 fd637b06 6cf47bc1: debiting 0 entropy credits from input
[    5.800057] random 0070 0000 0000 fd637b06 6cf47bc1: extract_entropy account returned: 0 
[    5.800060] random 0070 0000 0000 fd637b06 6cf47bc1: urand_change_num 50 xfer_secondary_pool(16): pool_sig 0000033b, data_sig 00000000, bytes_mixed 0 fd637b06 6cf47bc1
[    5.800063] random 0070 0000 0000 fd637b06 6cf47bc1: trying to extract 128 bits from nonblocking
[    5.800065] random 0070 0000 0000 fd637b06 6cf47bc1: debiting 128 entropy credits from nonblocking (unlimited)
[    5.800067] random 0070 0000 0000 fd637b06 6cf47bc1: extract_entropy account returned: 16 
[    5.800072] random 0070 0000 0000 fd637b06 6cf47bc1: urand_change_num 51 extract_buf: pool_sig 0000033b, data_sig 000000d8, bytes_mixed 20 fd637b06 6cf47bc1
[    5.800077] random 0070 0000 0000 0ec1f012 d4727ca8: urand_change_num 52 extract_buf: pool_sig fffffcf5, data_sig 00000016, bytes_mixed 20 0ec1f012 d4727ca8
[    5.806773] random 0070 0000 0000 45b1d0b1 845a73f7: add_disk_randomness(8:0) 45b1d0b1 845a73f7
[    5.806777] random 0070 0000 0000 45b1d0b1 845a73f7: add_timer_randomness(.. 8388864) with jiffies: 15825787143713423991, cycles: -2620956934290800629
[    5.813997] random 0070 0000 0000 45b1d0b1 845a73f7: add_disk_randomness(8:0) 45b1d0b1 845a73f7
[    5.814001] random 0070 0000 0000 45b1d0b1 845a73f7: add_timer_randomness(.. 8388864) with jiffies: 15890784142229209726, cycles: -2555959935775014901
[    5.823641] random 0070 0000 0000 45b1d0b1 845a73f7: add_disk_randomness(8:0) 45b1d0b1 845a73f7
[    5.823644] random 0070 0000 0000 45b1d0b1 845a73f7: add_timer_randomness(.. 8388864) with jiffies: 15977541871723053704, cycles: -2469202206281170933
[    5.823647] random 0070 0000 0000 45b1d0b1 845a73f7: added 1 entropy credits to input
[    5.831416] random 0071 0000 0000 45b1d0b1 845a73f7: add_disk_randomness(8:0) 45b1d0b1 845a73f7
[    5.831419] random 0071 0000 0000 45b1d0b1 845a73f7: add_timer_randomness(.. 8388864) with jiffies: 16047507314176656015, cycles: -2399236763827568629
[    5.831422] random 0071 0000 0000 45b1d0b1 845a73f7: added 1 entropy credits to input
[    5.834562] random 0072 0000 0000 45b1d0b1 845a73f7: add_disk_randomness(8:0) 45b1d0b1 845a73f7
[    5.834565] random 0072 0000 0000 45b1d0b1 845a73f7: add_timer_randomness(.. 8388864) with jiffies: 16075798113431552659, cycles: -2370945964572671989
[    5.848826] random 0072 0000 0000 45b1d0b1 845a73f7: add_disk_randomness(8:0) 45b1d0b1 845a73f7
[    5.848829] random 0072 0000 0000 45b1d0b1 845a73f7: add_timer_randomness(.. 8388864) with jiffies: 16204133750575694497, cycles: -2242610327428530165
[    5.848832] random 0072 0000 0000 45b1d0b1 845a73f7: added 3 entropy credits to input
[    5.854229] random 0075 0000 0000 45b1d0b1 845a73f7: add_disk_randomness(8:0) 45b1d0b1 845a73f7
[    5.854232] random 0075 0000 0000 45b1d0b1 845a73f7: add_timer_randomness(.. 8388864) with jiffies: 16252746999340434086, cycles: -2193997078663790581
[    5.854235] random 0075 0000 0000 45b1d0b1 845a73f7: added 2 entropy credits to input
[    5.871767] random 0077 0000 0000 45b1d0b1 845a73f7: add_disk_randomness(8:0) 45b1d0b1 845a73f7
[    5.871770] random 0077 0000 0000 45b1d0b1 845a73f7: add_timer_randomness(.. 8388864) with jiffies: 16410524452615062200, cycles: -2036219625389162485
[    5.871773] random 0077 0000 0000 45b1d0b1 845a73f7: added 3 entropy credits to input
[    5.885051] random 0080 0000 0000 45b1d0b1 845a73f7: add_disk_randomness(8:0) 45b1d0b1 845a73f7
[    5.885054] random 0080 0000 0000 45b1d0b1 845a73f7: add_timer_randomness(.. 8388864) with jiffies: 16530049999438578373, cycles: -1916694078565646325
[    5.885057] random 0080 0000 0000 45b1d0b1 845a73f7: added 2 entropy credits to input
[    5.892679] random 0082 0000 0000 45b1d0b1 845a73f7: add_disk_randomness(8:0) 45b1d0b1 845a73f7
[    5.892682] random 0082 0000 0000 45b1d0b1 845a73f7: add_timer_randomness(.. 8388864) with jiffies: 16598669562350371533, cycles: -1848074515653853173
[    5.900906] random 0082 0000 0000 45b1d0b1 845a73f7: add_disk_randomness(8:0) 45b1d0b1 845a73f7
[    5.900909] random 0082 0000 0000 45b1d0b1 845a73f7: add_timer_randomness(.. 8388864) with jiffies: 16672688968600093397, cycles: -1774055109404131317
[    5.910505] random 0082 0000 0000 45b1d0b1 845a73f7: add_disk_randomness(8:0) 45b1d0b1 845a73f7
[    5.910507] random 0082 0000 0000 45b1d0b1 845a73f7: add_timer_randomness(.. 8388864) with jiffies: 16759056337106338526, cycles: -1687687740897886197
[    5.918035] random 0082 0000 0000 45b1d0b1 845a73f7: add_disk_randomness(8:0) 45b1d0b1 845a73f7
[    5.918038] random 0082 0000 0000 45b1d0b1 845a73f7: add_timer_randomness(.. 8388864) with jiffies: 16826803540620706534, cycles: -1619940537383518197
[    5.928090] random 0082 0000 0000 45b1d0b1 845a73f7: add_disk_randomness(8:0) 45b1d0b1 845a73f7
[    5.928093] random 0082 0000 0000 45b1d0b1 845a73f7: add_timer_randomness(.. 8388864) with jiffies: 16917264335082586864, cycles: -1529479742921637877
[    5.928096] random 0082 0000 0000 45b1d0b1 845a73f7: added 1 entropy credits to input
[    5.940930] random 0083 0000 0000 45b1d0b1 845a73f7: add_disk_randomness(8:0) 45b1d0b1 845a73f7
[    5.940933] random 0083 0000 0000 45b1d0b1 845a73f7: add_timer_randomness(.. 8388864) with jiffies: 17032787058285576957, cycles: -1413957019718647797
[    5.948290] random 0083 0000 0000 45b1d0b1 845a73f7: add_disk_randomness(8:0) 45b1d0b1 845a73f7
[    5.948293] random 0083 0000 0000 45b1d0b1 845a73f7: add_timer_randomness(.. 8388864) with jiffies: 17099009303596729092, cycles: -1347734774407495669
[    5.948296] random 0083 0000 0000 45b1d0b1 845a73f7: added 2 entropy credits to input
[    5.953539] random 0085 0000 0000 45b1d0b1 845a73f7: add_disk_randomness(8:0) 45b1d0b1 845a73f7
[    5.953542] random 0085 0000 0000 45b1d0b1 845a73f7: add_timer_randomness(.. 8388864) with jiffies: 17146216105190851338, cycles: -1300527972813373429
[    5.959975] random 0085 0000 0000 45b1d0b1 845a73f7: add_disk_randomness(8:0) 45b1d0b1 845a73f7
[    5.959978] random 0085 0000 0000 45b1d0b1 845a73f7: add_timer_randomness(.. 8388864) with jiffies: 17204130144289784592, cycles: -1242613933714440181
[    5.965035] random 0085 0000 0000 45b1d0b1 845a73f7: add_disk_randomness(8:0) 45b1d0b1 845a73f7
[    5.965038] random 0085 0000 0000 45b1d0b1 845a73f7: add_timer_randomness(.. 8388864) with jiffies: 17249658339520643861, cycles: -1197085738483580917
[    5.970934] random 0085 0000 0000 45b1d0b1 845a73f7: add_disk_randomness(8:0) 45b1d0b1 845a73f7
[    5.970937] random 0085 0000 0000 45b1d0b1 845a73f7: add_timer_randomness(.. 8388864) with jiffies: 17302723802924024603, cycles: -1144020275080200181
[    5.980282] random 0085 0000 0000 45b1d0b1 845a73f7: add_disk_randomness(8:0) 45b1d0b1 845a73f7
[    5.980285] random 0085 0000 0000 45b1d0b1 845a73f7: add_timer_randomness(.. 8388864) with jiffies: 17386837799658554148, cycles: -1059906278345670645
[    5.980288] random 0085 0000 0000 45b1d0b1 845a73f7: added 1 entropy credits to input
[    5.985167] random 0086 0000 0000 45b1d0b1 845a73f7: add_disk_randomness(8:0) 45b1d0b1 845a73f7
[    5.985170] random 0086 0000 0000 45b1d0b1 845a73f7: add_timer_randomness(.. 8388864) with jiffies: 17430780378863076137, cycles: -1015963699141148661
[    5.985172] random 0086 0000 0000 45b1d0b1 845a73f7: added 2 entropy credits to input
[    5.992597] random 0088 0000 0000 45b1d0b1 845a73f7: add_disk_randomness(8:0) 45b1d0b1 845a73f7
[    5.992600] random 0088 0000 0000 45b1d0b1 845a73f7: add_timer_randomness(.. 8388864) with jiffies: 17497620094442505009, cycles: -949123983561719797
[    5.992603] random 0088 0000 0000 45b1d0b1 845a73f7: added 1 entropy credits to input
[    5.998813] random 0089 0000 0000 45b1d0b1 845a73f7: add_disk_randomness(8:0) 45b1d0b1 845a73f7
[    5.998816] random 0089 0000 0000 45b1d0b1 845a73f7: add_timer_randomness(.. 8388864) with jiffies: 17553551434903683895, cycles: -893192643100540917
[    5.998819] random 0089 0000 0000 45b1d0b1 845a73f7: added 1 entropy credits to input
[    5.998967] random 0090 0000 0000 45b1d0b1 845a73f7: add_disk_randomness(8:0) 45b1d0b1 845a73f7
[    5.998970] random 0090 0000 0000 45b1d0b1 845a73f7: add_timer_randomness(.. 8388864) with jiffies: 17554940427327210295, cycles: -891803650677014517
[    6.013374] random 0090 0000 0000 45b1d0b1 845a73f7: add_disk_randomness(8:0) 45b1d0b1 845a73f7
[    6.013377] random 0090 0000 0000 45b1d0b1 845a73f7: add_timer_randomness(.. 8388864) with jiffies: 17684563184565584709, cycles: -762180893438640117
[    6.013380] random 0090 0000 0000 45b1d0b1 845a73f7: added 3 entropy credits to input
[    6.020795] random 0093 0000 0000 45b1d0b1 845a73f7: add_disk_randomness(8:0) 45b1d0b1 845a73f7
[    6.020798] random 0093 0000 0000 45b1d0b1 845a73f7: add_timer_randomness(.. 8388864) with jiffies: 17751316176165372749, cycles: -695427901838852085
[    6.020800] random 0093 0000 0000 45b1d0b1 845a73f7: added 2 entropy credits to input
[    6.030474] random 0095 0000 0000 45b1d0b1 845a73f7: add_disk_randomness(8:0) 45b1d0b1 845a73f7
[    6.030478] random 0095 0000 0000 45b1d0b1 845a73f7: add_timer_randomness(.. 8388864) with jiffies: 17838414749968859990, cycles: -608329328035364853
[    6.041104] random 0095 0000 0000 45b1d0b1 845a73f7: add_disk_randomness(8:0) 45b1d0b1 845a73f7
[    6.041107] random 0095 0000 0000 45b1d0b1 845a73f7: add_timer_randomness(.. 8388864) with jiffies: 17934044760909775713, cycles: -512699317094449141
[    6.053623] random 0095 0000 0000 45b1d0b1 845a73f7: add_disk_randomness(8:0) 45b1d0b1 845a73f7
[    6.053626] random 0095 0000 0000 45b1d0b1 845a73f7: add_timer_randomness(.. 8388864) with jiffies: 18046669631023448942, cycles: -400074446980775925
[    6.054830] random 0095 0000 0000 45b1d0b1 845a73f7: add_disk_randomness(8:0) 45b1d0b1 845a73f7
[    6.054833] random 0095 0000 0000 45b1d0b1 845a73f7: add_timer_randomness(.. 8388864) with jiffies: 18057526908915778415, cycles: -389217169088446453
[    6.058850] random 0095 0000 0000 45b1d0b1 845a73f7: add_disk_randomness(8:0) 45b1d0b1 845a73f7
[    6.058853] random 0095 0000 0000 45b1d0b1 845a73f7: add_timer_randomness(.. 8388864) with jiffies: 18093694648126767987, cycles: -353049429877456885
[    6.058855] random 0095 0000 0000 45b1d0b1 845a73f7: added 1 entropy credits to input
[    6.068190] random 0096 0000 0000 45b1d0b1 845a73f7: add_disk_randomness(8:0) 45b1d0b1 845a73f7
[    6.068193] random 0096 0000 0000 45b1d0b1 845a73f7: add_timer_randomness(.. 8388864) with jiffies: 18177729952470500220, cycles: -269014125533724661
[    6.068196] random 0096 0000 0000 45b1d0b1 845a73f7: added 1 entropy credits to input
[    6.068536] random 0097 0000 0000 45b1d0b1 845a73f7: add_disk_randomness(8:0) 45b1d0b1 845a73f7
[    6.068539] random 0097 0000 0000 45b1d0b1 845a73f7: add_timer_randomness(.. 8388864) with jiffies: 18180835793646093181, cycles: -265908284358131701
[    6.084197] random 0097 0000 0000 45b1d0b1 845a73f7: add_disk_randomness(8:0) 45b1d0b1 845a73f7
[    6.084200] random 0097 0000 0000 45b1d0b1 845a73f7: add_timer_randomness(.. 8388864) with jiffies: 18321747945436447628, cycles: -124996132567777269
[    6.084203] random 0097 0000 0000 45b1d0b1 845a73f7: added 3 entropy credits to input
[    6.085830] random 0100 0000 0000 45b1d0b1 845a73f7: add_disk_randomness(8:0) 45b1d0b1 845a73f7
[    6.085833] random 0100 0000 0000 45b1d0b1 845a73f7: add_timer_randomness(.. 8388864) with jiffies: 18336436179537986446, cycles: -110307898466238453
[    6.085836] random 0100 0000 0000 45b1d0b1 845a73f7: added 1 entropy credits to input
[    6.085982] random 0101 0000 0000 45b1d0b1 845a73f7: add_disk_randomness(8:0) 45b1d0b1 845a73f7
[    6.085985] random 0101 0000 0000 45b1d0b1 845a73f7: add_timer_randomness(.. 8388864) with jiffies: 18337806501738677134, cycles: -108937576265547765
[    6.096852] random 0101 0000 0000 45b1d0b1 845a73f7: add_disk_randomness(8:0) 45b1d0b1 845a73f7
[    6.096855] random 0101 0000 0000 45b1d0b1 845a73f7: add_timer_randomness(.. 8388864) with jiffies: 18435594411623285657, cycles: -11149666380939253
[    6.096857] random 0101 0000 0000 45b1d0b1 845a73f7: added 3 entropy credits to input
[    6.097412] random 0104 0000 0000 45b1d0b1 845a73f7: add_disk_randomness(8:0) 45b1d0b1 845a73f7
[    6.097415] random 0104 0000 0000 45b1d0b1 845a73f7: add_timer_randomness(.. 8388864) with jiffies: 18440640375425827737, cycles: -6103702578397173
[    6.102643] random 0104 0000 0000 45b1d0b1 845a73f7: add_disk_randomness(8:0) 45b1d0b1 845a73f7
[    6.102646] random 0104 0000 0000 45b1d0b1 845a73f7: add_timer_randomness(.. 8388864) with jiffies: 40953741527712671, cycles: 40953737233039372
[    6.102649] random 0104 0000 0000 45b1d0b1 845a73f7: added 2 entropy credits to input
[    6.104396] random 0106 0000 0000 45b1d0b1 845a73f7: add_disk_randomness(8:0) 45b1d0b1 845a73f7
[    6.104399] random 0106 0000 0000 45b1d0b1 845a73f7: add_timer_randomness(.. 8388864) with jiffies: 56737746340512672, cycles: 56737742045839372
[    6.114625] random 0106 0000 0000 45b1d0b1 845a73f7: add_disk_randomness(8:0) 45b1d0b1 845a73f7
[    6.114628] random 0106 0000 0000 45b1d0b1 845a73f7: add_timer_randomness(.. 8388864) with jiffies: 148750153572647851, cycles: 148750149277974540
