[    0.000000] random 0000 0000 0000 00000000 00000000: rand_read_num 1 get_random_bytes(8): sig 00000000 00000000 00000000
[    0.000000] random 0000 0000 0000 00000000 00000000: extract_entropy(.. 8 ..)
[    0.000000] random 0000 0000 0000 00000000 00000000: going to reseed nonblocking with 64 bits (64 of 0 requested)
[    0.000000] random 0000 0000 0000 00000000 00000000: extract_entropy(.. 8 ..)
[    0.000000] random 0000 0000 0000 00000000 00000000: trying to extract 64 bits from input
[    0.000000] random 0000 0000 0000 00000000 00000000: debiting 0 entropy credits from input
[    0.000000] random 0000 0000 0000 00000000 00000000: extract_entropy account returned: 0 
[    0.000000] random 0000 0000 0000 00000000 00000000: urand_change_num 1 xfer_secondary_pool(8): pool_sig 00000000, data_sig 00000000, bytes_mixed 0 00000000 00000000
[    0.000000] random 0000 0000 0000 00000000 00000000: trying to extract 64 bits from nonblocking
[    0.000000] random 0000 0000 0000 00000000 00000000: debiting 64 entropy credits from nonblocking (unlimited)
[    0.000000] random 0000 0000 0000 00000000 00000000: extract_entropy account returned: 8 
[    0.000000] random 0000 0000 0000 00000000 00000000: urand_change_num 2 extract_buf: pool_sig 00000000, data_sig fffffff9, bytes_mixed 20 00000000 00000000
[    0.000000] Linux version 2.6.32.57 (dcashman@dcashman-02) (gcc version 4.3.3 (GCC) ) #6 Thu May 30 09:02:12 PDT 2013
[    0.000000] KERNEL supported cpus:
[    0.000000]   Intel GenuineIntel
[    0.000000]   AMD AuthenticAMD
[    0.000000]   NSC Geode by NSC
[    0.000000]   Cyrix CyrixInstead
[    0.000000]   Centaur CentaurHauls
[    0.000000]   Transmeta GenuineTMx86
[    0.000000]   Transmeta TransmetaCPU
[    0.000000]   UMC UMC UMC UMC
[    0.000000] BIOS-provided physical RAM map:
[    0.000000]  BIOS-e820: 0000000000000000 - 000000000009d800 (usable)
[    0.000000]  BIOS-e820: 000000000009d800 - 00000000000a0000 (reserved)
[    0.000000]  BIOS-e820: 00000000000d2000 - 00000000000d4000 (reserved)
[    0.000000]  BIOS-e820: 00000000000e0000 - 0000000000100000 (reserved)
[    0.000000]  BIOS-e820: 0000000000100000 - 000000003d6b0000 (usable)
[    0.000000]  BIOS-e820: 000000003d6b0000 - 000000003d6cc000 (ACPI data)
[    0.000000]  BIOS-e820: 000000003d6cc000 - 000000003d700000 (ACPI NVS)
[    0.000000]  BIOS-e820: 000000003d700000 - 000000003e000000 (reserved)
[    0.000000]  BIOS-e820: 00000000f0000000 - 00000000f4000000 (reserved)
[    0.000000]  BIOS-e820: 00000000fec00000 - 00000000fec10000 (reserved)
[    0.000000]  BIOS-e820: 00000000fed00000 - 00000000fed00400 (reserved)
[    0.000000]  BIOS-e820: 00000000fed14000 - 00000000fed1a000 (reserved)
[    0.000000]  BIOS-e820: 00000000fed1c000 - 00000000fed90000 (reserved)
[    0.000000]  BIOS-e820: 00000000fee00000 - 00000000fee01000 (reserved)
[    0.000000]  BIOS-e820: 00000000ff000000 - 0000000100000000 (reserved)
[    0.000000] DMI present.
[    0.000000] last_pfn = 0x3d6b0 max_arch_pfn = 0x100000
[    0.000000] MTRR default type: uncachable
[    0.000000] MTRR fixed ranges enabled:
[    0.000000]   00000-9FFFF write-back
[    0.000000]   A0000-BFFFF uncachable
[    0.000000]   C0000-CFFFF write-protect
[    0.000000]   D0000-DFFFF uncachable
[    0.000000]   E0000-FFFFF write-protect
[    0.000000] MTRR variable ranges enabled:
[    0.000000]   0 base 03E000000 mask FFE000000 uncachable
[    0.000000]   1 base 000000000 mask FC0000000 write-back
[    0.000000]   2 base 03D700000 mask FFFF00000 uncachable
[    0.000000]   3 base 03D800000 mask FFF800000 uncachable
[    0.000000]   4 disabled
[    0.000000]   5 disabled
[    0.000000]   6 disabled
[    0.000000]   7 disabled
[    0.000000] initial memory mapped : 0 - 02000000
[    0.000000] init_memory_mapping: 0000000000000000-00000000377fe000
[    0.000000]  0000000000 - 0000400000 page 4k
[    0.000000]  0000400000 - 0037400000 page 2M
[    0.000000]  0037400000 - 00377fe000 page 4k
[    0.000000] kernel direct mapping tables up to 377fe000 @ 7000-c000
[    0.000000] ACPI: RSDP 000f68d0 00024 (v02 LENOVO)
[    0.000000] ACPI: XSDT 3d6bb77f 00094 (v01 LENOVO TP-7L    00002170  LTP 00000000)
[    0.000000] ACPI: FACP 3d6bb900 000F4 (v03 LENOVO TP-7L    00002170 LNVO 00000001)
[    0.000000] ACPI Warning: 32/64X length mismatch in Gpe1Block: 0/32 (20090903/tbfadt-526)
[    0.000000] ACPI Warning: Optional field Gpe1Block has zero address or length: 000000000000102C/0 (20090903/tbfadt-557)
[    0.000000] ACPI: DSDT 3d6bbd1d 0FED1 (v01 LENOVO TP-7L    00002170 MSFT 03000000)
[    0.000000] ACPI: FACS 3d6e4000 00040
[    0.000000] ACPI: SSDT 3d6bbab4 00269 (v01 LENOVO TP-7L    00002170 MSFT 03000000)
[    0.000000] ACPI: ECDT 3d6cbbee 00052 (v01 LENOVO TP-7L    00002170 LNVO 00000001)
[    0.000000] ACPI: TCPA 3d6cbc40 00032 (v02 LENOVO TP-7L    00002170 LNVO 00000001)
[    0.000000] ACPI: APIC 3d6cbc72 00068 (v01 LENOVO TP-7L    00002170 LNVO 00000001)
[    0.000000] ACPI: MCFG 3d6cbcda 0003C (v01 LENOVO TP-7L    00002170 LNVO 00000001)
[    0.000000] ACPI: HPET 3d6cbd16 00038 (v01 LENOVO TP-7L    00002170 LNVO 00000001)
[    0.000000] ACPI: SLIC 3d6cbdf0 00176 (v01 LENOVO TP-7L    00002170  LTP 00000000)
[    0.000000] ACPI: BOOT 3d6cbf66 00028 (v01 LENOVO TP-7L    00002170  LTP 00000001)
[    0.000000] ACPI: ASF! 3d6cbf8e 00072 (v16 LENOVO TP-7L    00002170 PTL  00000001)
[    0.000000] ACPI: SSDT 3d6e26d9 0025F (v01 LENOVO TP-7L    00002170 INTL 20050513)
[    0.000000] ACPI: SSDT 3d6e2938 000A6 (v01 LENOVO TP-7L    00002170 INTL 20050513)
[    0.000000] ACPI: SSDT 3d6e29de 004F7 (v01 LENOVO TP-7L    00002170 INTL 20050513)
[    0.000000] ACPI: SSDT 3d6e2ed5 001D8 (v01 LENOVO TP-7L    00002170 INTL 20050513)
[    0.000000] ACPI: DMI detected: Lenovo ThinkPad R61
[    0.000000] ACPI: Added _OSI(Linux)
[    0.000000] ACPI: Local APIC address 0xfee00000
[    0.000000] 94MB HIGHMEM available.
[    0.000000] 887MB LOWMEM available.
[    0.000000]   mapped low ram: 0 - 377fe000
[    0.000000]   low ram: 0 - 377fe000
[    0.000000]   node 0 low ram: 00000000 - 377fe000
[    0.000000]   node 0 bootmap 00008000 - 0000ef00
[    0.000000] (6 early reservations) ==> bootmem [0000000000 - 00377fe000]
[    0.000000]   #0 [0000000000 - 0000001000]   BIOS data page ==> [0000000000 - 0000001000]
[    0.000000]   #1 [0001000000 - 0001bdc180]    TEXT DATA BSS ==> [0001000000 - 0001bdc180]
[    0.000000]   #2 [000009d800 - 0000100000]    BIOS reserved ==> [000009d800 - 0000100000]
[    0.000000]   #3 [0001bdd000 - 0001be516c]              BRK ==> [0001bdd000 - 0001be516c]
[    0.000000]   #4 [0000007000 - 0000008000]          PGTABLE ==> [0000007000 - 0000008000]
[    0.000000]   #5 [0000008000 - 000000f000]          BOOTMAP ==> [0000008000 - 000000f000]
[    0.000000] found SMP MP-table at [c00f6900] f6900
[    0.000000] Zone PFN ranges:
[    0.000000]   DMA      0x00000000 -> 0x00001000
[    0.000000]   Normal   0x00001000 -> 0x000377fe
[    0.000000]   HighMem  0x000377fe -> 0x0003d6b0
[    0.000000] Movable zone start PFN for each node
[    0.000000] early_node_map[2] active PFN ranges
[    0.000000]     0: 0x00000000 -> 0x0000009d
[    0.000000]     0: 0x00000100 -> 0x0003d6b0
[    0.000000] On node 0 totalpages: 251469
[    0.000000] free_area_init_node: node 0, pgdat c1901ea0, node_mem_map c1be7000
[    0.000000]   DMA zone: 32 pages used for memmap
[    0.000000]   DMA zone: 0 pages reserved
[    0.000000]   DMA zone: 3965 pages, LIFO batch:0
[    0.000000]   Normal zone: 1744 pages used for memmap
[    0.000000]   Normal zone: 221486 pages, LIFO batch:31
[    0.000000]   HighMem zone: 190 pages used for memmap
[    0.000000]   HighMem zone: 24052 pages, LIFO batch:3
[    0.000000] Using APIC driver default
[    0.000000] ACPI: PM-Timer IO Port: 0x1008
[    0.000000] ACPI: Local APIC address 0xfee00000
[    0.000000] ACPI: LAPIC (acpi_id[0x00] lapic_id[0x00] enabled)
[    0.000000] ACPI: LAPIC (acpi_id[0x01] lapic_id[0x01] enabled)
[    0.000000] ACPI: NR_CPUS/possible_cpus limit of 1 reached.  Processor 1/0x1 ignored.
[    0.000000] ACPI: LAPIC_NMI (acpi_id[0x00] high edge lint[0x1])
[    0.000000] ACPI: LAPIC_NMI (acpi_id[0x01] high edge lint[0x1])
[    0.000000] ACPI: IOAPIC (id[0x01] address[0xfec00000] gsi_base[0])
[    0.000000] IOAPIC[0]: apic_id 1, version 32, address 0xfec00000, GSI 0-23
[    0.000000] ACPI: INT_SRC_OVR (bus 0 bus_irq 0 global_irq 2 dfl dfl)
[    0.000000] ACPI: INT_SRC_OVR (bus 0 bus_irq 9 global_irq 9 high level)
[    0.000000] ACPI: IRQ0 used by override.
[    0.000000] ACPI: IRQ2 used by override.
[    0.000000] ACPI: IRQ9 used by override.
[    0.000000] Using ACPI (MADT) for SMP configuration information
[    0.000000] ACPI: HPET id: 0x8086a201 base: 0xfed00000
[    0.000000] nr_irqs_gsi: 24
[    0.000000] PM: Registered nosave memory: 000000000009d000 - 000000000009e000
[    0.000000] PM: Registered nosave memory: 000000000009e000 - 00000000000a0000
[    0.000000] PM: Registered nosave memory: 00000000000a0000 - 00000000000d2000
[    0.000000] PM: Registered nosave memory: 00000000000d2000 - 00000000000d4000
[    0.000000] PM: Registered nosave memory: 00000000000d4000 - 00000000000e0000
[    0.000000] PM: Registered nosave memory: 00000000000e0000 - 0000000000100000
[    0.000000] Allocating PCI resources starting at 3e000000 (gap: 3e000000:b2000000)
[    0.000000] Built 1 zonelists in Zone order, mobility grouping on.  Total pages: 249503
[    0.000000] Kernel command line: auto BOOT_IMAGE=Linux ro root=802 vt.default_utf8=0 maxcpus=0
[    0.000000] PID hash table entries: 4096 (order: 2, 16384 bytes)
[    0.000000] Dentry cache hash table entries: 131072 (order: 7, 524288 bytes)
[    0.000000] Inode-cache hash table entries: 65536 (order: 6, 262144 bytes)
[    0.000000] Enabling fast FPU save and restore... done.
[    0.000000] Enabling unmasked SIMD FPU exception support... done.
[    0.000000] Initializing CPU#0
[    0.000000] Initializing HighMem for node 0 (000377fe:0003d6b0)
[    0.000000] Memory: 984800k/1006272k available (6915k kernel code, 20876k reserved, 2327k data, 448k init, 96968k highmem)
[    0.000000] virtual kernel memory layout:
[    0.000000]     fixmap  : 0xfffa3000 - 0xfffff000   ( 368 kB)
[    0.000000]     pkmap   : 0xff800000 - 0xffc00000   (4096 kB)
[    0.000000]     vmalloc : 0xf7ffe000 - 0xff7fe000   ( 120 MB)
[    0.000000]     lowmem  : 0xc0000000 - 0xf77fe000   ( 887 MB)
[    0.000000]       .init : 0xc1907000 - 0xc1977000   ( 448 kB)
[    0.000000]       .data : 0xc16c0d3f - 0xc1906c64   (2327 kB)
[    0.000000]       .text : 0xc1000000 - 0xc16c0d3f   (6915 kB)
[    0.000000] Checking if this processor honours the WP bit even in supervisor mode...Ok.
[    0.000000] SLUB: Genslabs=13, HWalign=64, Order=0-3, MinObjects=0, CPUs=1, Nodes=1
[    0.000000] Hierarchical RCU implementation.
[    0.000000] NR_IRQS:288
[    0.000000] Extended CMOS year: 2000
[    0.000000] Console: colour VGA+ 80x25
[    0.000000] console [tty0] enabled
[    0.000000] hpet clockevent registered
[    0.000000] Fast TSC calibration using PIT
[    0.000000] Detected 2094.591 MHz processor.
[    0.001002] Calibrating delay loop (skipped), value calculated using timer frequency.. 4189.18 BogoMIPS (lpj=2094591)
[    0.001176] Security Framework initialized
[    0.001265] Mount-cache hash table entries: 512
[    0.001410] CPU: L1 I cache: 32K, L1 D cache: 32K
[    0.002004] CPU: L2 cache: 3072K
[    0.002085] mce: CPU supports 6 MCE banks
[    0.002169] CPU0: Thermal monitoring enabled (TM2)
[    0.002251] using mwait in idle threads.
[    0.002335] CPU: Intel(R) Core(TM)2 Duo CPU     T8100  @ 2.10GHz stepping 06
[    0.002514] Checking 'hlt' instruction... OK.
[    0.006935] ACPI: Core revision 20090903
[    0.026011] RANDOM get_random_int first call with cycles 38319860250, jiffies 4294667322 and pid 0
[    0.026019] CANARY value: 1a117966 for PID: 1
[    0.026025] CANARY value: 488baece for PID: 2
[    0.026049] Enabling APIC mode:  Flat.  Using 1 I/O APICs
[    0.026509] ..TIMER: vector=0x30 apic1=0 pin1=2 apic2=-1 pin2=-1
[    0.037997] xor: automatically using best checksumming function: pIII_sse
[    0.041998]    pIII_sse  :  8568.000 MB/sec
[    0.042091] xor: using function: pIII_sse (8568.000 MB/sec)
[    0.042181] RANDOM - __seed init called.
[    0.042182] RANDOM - __seed init called.
[    0.042182] RANDOM - __seed init called.
[    0.042184] RANDOM - __random32 called. Change num 1.  Value: f7943846	49e73df3	af36cd0d
[    0.042186] RANDOM - __random32 called. Change num 2.  Value: 43846e13	9e73df37	9a1ad014
[    0.042188] RANDOM - __random32 called. Change num 3.  Value: 46e139c8	e73df373	a029598a
[    0.042190] RANDOM - __random32 called. Change num 4.  Value: 139c8c3b	73df373d	b3142c72
[    0.042191] RANDOM - __random32 called. Change num 5.  Value: c8c3b043	3df373de	58e576a9
[    0.042193] RANDOM - __random32 called. Change num 6.  Value: 3b0437d9	df373de5	ed53f9d8
[    0.042195] RANDOM - random32 init called.  Value: 3b0437d9	df373de5	ed53f9d8
[    0.042212] NET: Registered protocol family 16
[    0.042475] ACPI FADT declares the system doesn't support PCIe ASPM, so disable it
[    0.042600] ACPI: bus type pci registered
[    0.042769] PCI: MCFG configuration 0: base f0000000 segment 0 buses 0 - 63
[    0.042864] PCI: MCFG area at f0000000 reserved in E820
[    0.042952] PCI: Using MMCONFIG for extended config space
[    0.043002] PCI: Using configuration type 1 for base access
[    0.046151] bio: create slab <bio-0> at 0
[    0.046958] ACPI: EC: EC description table is found, configuring boot EC
[    0.052141] ACPI: BIOS _OSI(Linux) query honored via DMI
[    0.052861] random 0000 0000 0000 00000000 00000000: rand_read_num 2 get_random_bytes(8): sig fffffe1a 00000000 00000000
[    0.052864] random 0000 0000 0000 00000000 00000000: extract_entropy(.. 8 ..)
[    0.052867] random 0000 0000 0000 00000000 00000000: going to reseed nonblocking with 64 bits (64 of 0 requested)
[    0.052869] random 0000 0000 0000 00000000 00000000: extract_entropy(.. 8 ..)
[    0.052871] random 0000 0000 0000 00000000 00000000: trying to extract 64 bits from input
[    0.052873] random 0000 0000 0000 00000000 00000000: debiting 0 entropy credits from input
[    0.052875] random 0000 0000 0000 00000000 00000000: extract_entropy account returned: 0 
[    0.052878] random 0000 0000 0000 00000000 00000000: urand_change_num 3 xfer_secondary_pool(8): pool_sig fffffe1a, data_sig 00000000, bytes_mixed 0 00000000 00000000
[    0.052881] random 0000 0000 0000 00000000 00000000: trying to extract 64 bits from nonblocking
[    0.052884] random 0000 0000 0000 00000000 00000000: debiting 64 entropy credits from nonblocking (unlimited)
[    0.052912] random 0000 0000 0000 00000000 00000000: extract_entropy account returned: 8 
[    0.052916] random 0000 0000 0000 00000000 00000000: urand_change_num 4 extract_buf: pool_sig fffffe1a, data_sig fffffed7, bytes_mixed 20 00000000 00000000
[    0.057525] ACPI: Interpreter enabled
[    0.057613] ACPI: (supports S0 S3 S4 S5)
[    0.057931] ACPI: Using IOAPIC for interrupt routing
[    0.067732] ACPI: EC: GPE = 0x12, I/O: command/status = 0x66, data = 0x62
[    0.068026] ACPI: Power Resource [PUBS] (on)
[    0.070155] ACPI: ACPI Dock Station Driver: 3 docks/bays found
[    0.070565] ACPI: PCI Root Bridge [PCI0] (0000:00)
[    0.070740] pci 0000:00:02.0: reg 10 64bit mmio: [0xf8100000-0xf81fffff]
[    0.070746] pci 0000:00:02.0: reg 18 64bit mmio pref: [0xe0000000-0xefffffff]
[    0.070750] pci 0000:00:02.0: reg 20 io port: [0x1800-0x1807]
[    0.070784] pci 0000:00:02.1: reg 10 64bit mmio: [0xf8200000-0xf82fffff]
[    0.070886] pci 0000:00:19.0: reg 10 32bit mmio: [0xfe000000-0xfe01ffff]
[    0.070895] pci 0000:00:19.0: reg 14 32bit mmio: [0xfe025000-0xfe025fff]
[    0.070903] pci 0000:00:19.0: reg 18 io port: [0x1840-0x185f]
[    0.070968] pci 0000:00:19.0: PME# supported from D0 D3hot D3cold
[    0.071000] pci 0000:00:19.0: PME# disabled
[    0.071158] pci 0000:00:1a.0: reg 20 io port: [0x1860-0x187f]
[    0.071231] pci 0000:00:1a.1: reg 20 io port: [0x1880-0x189f]
[    0.071314] pci 0000:00:1a.7: reg 10 32bit mmio: [0xfe226c00-0xfe226fff]
[    0.071394] pci 0000:00:1a.7: PME# supported from D0 D3hot D3cold
[    0.071490] pci 0000:00:1a.7: PME# disabled
[    0.071632] pci 0000:00:1b.0: reg 10 64bit mmio: [0xfe020000-0xfe023fff]
[    0.071714] pci 0000:00:1b.0: PME# supported from D0 D3hot D3cold
[    0.071805] pci 0000:00:1b.0: PME# disabled
[    0.072075] pci 0000:00:1c.0: PME# supported from D0 D3hot D3cold
[    0.072169] pci 0000:00:1c.0: PME# disabled
[    0.072364] pci 0000:00:1c.1: PME# supported from D0 D3hot D3cold
[    0.072459] pci 0000:00:1c.1: PME# disabled
[    0.072656] pci 0000:00:1c.2: PME# supported from D0 D3hot D3cold
[    0.072753] pci 0000:00:1c.2: PME# disabled
[    0.072952] pci 0000:00:1c.3: PME# supported from D0 D3hot D3cold
[    0.072999] pci 0000:00:1c.3: PME# disabled
[    0.073854] pci 0000:00:1c.4: PME# supported from D0 D3hot D3cold
[    0.073998] pci 0000:00:1c.4: PME# disabled
[    0.074160] pci 0000:00:1d.0: reg 20 io port: [0x18a0-0x18bf]
[    0.074240] pci 0000:00:1d.1: reg 20 io port: [0x18c0-0x18df]
[    0.074330] pci 0000:00:1d.2: reg 20 io port: [0x18e0-0x18ff]
[    0.074417] pci 0000:00:1d.7: reg 10 32bit mmio: [0xfe227000-0xfe2273ff]
[    0.074515] pci 0000:00:1d.7: PME# supported from D0 D3hot D3cold
[    0.074609] pci 0000:00:1d.7: PME# disabled
[    0.074909] pci 0000:00:1f.0: quirk: region 1000-107f claimed by ICH6 ACPI/GPIO/TCO
[    0.075000] pci 0000:00:1f.0: quirk: region 1180-11bf claimed by ICH6 GPIO
[    0.075094] pci 0000:00:1f.0: ICH7 LPC Generic IO decode 1 PIO at 1600 (mask 007f)
[    0.075217] pci 0000:00:1f.0: ICH7 LPC Generic IO decode 2 PIO at 15e0 (mask 000f)
[    0.075345] pci 0000:00:1f.0: ICH7 LPC Generic IO decode 3 PIO at 1680 (mask 001f)
[    0.075557] pci 0000:00:1f.1: reg 10 io port: [0x00-0x07]
[    0.075567] pci 0000:00:1f.1: reg 14 io port: [0x00-0x03]
[    0.075576] pci 0000:00:1f.1: reg 18 io port: [0x00-0x07]
[    0.075586] pci 0000:00:1f.1: reg 1c io port: [0x00-0x03]
[    0.075593] pci 0000:00:1f.1: reg 20 io port: [0x1c00-0x1c0f]
[    0.075675] pci 0000:00:1f.2: reg 10 io port: [0x1c50-0x1c57]
[    0.075684] pci 0000:00:1f.2: reg 14 io port: [0x1c44-0x1c47]
[    0.075691] pci 0000:00:1f.2: reg 18 io port: [0x1c48-0x1c4f]
[    0.075700] pci 0000:00:1f.2: reg 1c io port: [0x1c40-0x1c43]
[    0.075708] pci 0000:00:1f.2: reg 20 io port: [0x1c20-0x1c3f]
[    0.075717] pci 0000:00:1f.2: reg 24 32bit mmio: [0xfe226000-0xfe2267ff]
[    0.075775] pci 0000:00:1f.2: PME# supported from D3hot
[    0.075870] pci 0000:00:1f.2: PME# disabled
[    0.076033] pci 0000:00:1f.3: reg 10 32bit mmio: [0xfe227400-0xfe2274ff]
[    0.076058] pci 0000:00:1f.3: reg 20 io port: [0x1c60-0x1c7f]
[    0.076150] pci 0000:00:1c.0: bridge io port: [0x2000-0x2fff]
[    0.076157] pci 0000:00:1c.0: bridge 32bit mmio: [0xfc000000-0xfdffffff]
[    0.076169] pci 0000:00:1c.0: bridge 64bit mmio pref: [0xf8000000-0xf80fffff]
[    0.076240] pci 0000:03:00.0: reg 10 64bit mmio: [0xdf3f0000-0xdf3fffff]
[    0.076434] pci 0000:00:1c.1: bridge io port: [0x3000-0x3fff]
[    0.076441] pci 0000:00:1c.1: bridge 32bit mmio: [0xdc000000-0xdf3fffff]
[    0.076448] pci 0000:00:1c.1: bridge 64bit mmio pref: [0xdfe00000-0xdfefffff]
[    0.076504] pci 0000:00:1c.2: bridge io port: [0x4000-0x4fff]
[    0.076508] pci 0000:00:1c.2: bridge 32bit mmio: [0xd8000000-0xd9ffffff]
[    0.076516] pci 0000:00:1c.2: bridge 64bit mmio pref: [0xdfb00000-0xdfbfffff]
[    0.076572] pci 0000:00:1c.3: bridge io port: [0x5000-0x5fff]
[    0.076577] pci 0000:00:1c.3: bridge 32bit mmio: [0xd4000000-0xd5ffffff]
[    0.076585] pci 0000:00:1c.3: bridge 64bit mmio pref: [0xdf800000-0xdf8fffff]
[    0.076642] pci 0000:00:1c.4: bridge io port: [0x6000-0x6fff]
[    0.076648] pci 0000:00:1c.4: bridge 32bit mmio: [0xd0000000-0xd1ffffff]
[    0.076657] pci 0000:00:1c.4: bridge 64bit mmio pref: [0xdf500000-0xdf5fffff]
[    0.076716] pci 0000:15:00.0: reg 10 32bit mmio: [0xf8300000-0xf8300fff]
[    0.076766] pci 0000:15:00.0: supports D1 D2
[    0.076767] pci 0000:15:00.0: PME# supported from D0 D1 D2 D3hot D3cold
[    0.076862] pci 0000:15:00.0: PME# disabled
[    0.077029] pci 0000:15:00.1: reg 10 32bit mmio: [0xf8301000-0xf83017ff]
[    0.077130] pci 0000:15:00.1: supports D1 D2
[    0.077131] pci 0000:15:00.1: PME# supported from D0 D1 D2 D3hot D3cold
[    0.077227] pci 0000:15:00.1: PME# disabled
[    0.077416] pci 0000:00:1e.0: transparent bridge
[    0.077509] pci 0000:00:1e.0: bridge io port: [0x7000-0xafff]
[    0.077515] pci 0000:00:1e.0: bridge 32bit mmio: [0xf8300000-0xfbffffff]
[    0.077524] pci 0000:00:1e.0: bridge 64bit mmio pref: [0xf4000000-0xf7ffffff]
[    0.077599] pci_bus 0000:00: on NUMA node 0
[    0.077602] ACPI: PCI Interrupt Routing Table [\_SB_.PCI0._PRT]
[    0.077736] ACPI: PCI Interrupt Routing Table [\_SB_.PCI0.EXP0._PRT]
[    0.077795] ACPI: PCI Interrupt Routing Table [\_SB_.PCI0.EXP1._PRT]
[    0.077853] ACPI: PCI Interrupt Routing Table [\_SB_.PCI0.EXP2._PRT]
[    0.077911] ACPI: PCI Interrupt Routing Table [\_SB_.PCI0.EXP3._PRT]
[    0.077974] ACPI: PCI Interrupt Routing Table [\_SB_.PCI0.EXP4._PRT]
[    0.078048] ACPI: PCI Interrupt Routing Table [\_SB_.PCI0.PCI1._PRT]
[    0.083509] ACPI: PCI Interrupt Link [LNKA] (IRQs 3 4 5 6 7 9 *10 11)
[    0.084302] ACPI: PCI Interrupt Link [LNKB] (IRQs 3 4 5 6 7 9 10 *11)
[    0.085111] ACPI: PCI Interrupt Link [LNKC] (IRQs 3 4 5 6 7 9 10 *11)
[    0.085909] ACPI: PCI Interrupt Link [LNKD] (IRQs 3 4 5 6 7 9 10 *11)
[    0.086660] ACPI: PCI Interrupt Link [LNKE] (IRQs 3 4 5 6 7 9 10 *11)
[    0.087455] ACPI: PCI Interrupt Link [LNKF] (IRQs 3 4 5 6 7 9 10 *11)
[    0.088238] ACPI: PCI Interrupt Link [LNKG] (IRQs 3 4 5 6 7 9 10 *11)
[    0.089102] ACPI: PCI Interrupt Link [LNKH] (IRQs 3 4 5 6 7 9 10 *11)
[    0.089879] vgaarb: device added: PCI:0000:00:02.0,decodes=io+mem,owns=io+mem,locks=none
[    0.090001] vgaarb: loaded
[    0.090181] SCSI subsystem initialized
[    0.090280] libata version 3.00 loaded.
[    0.090327] usbcore: registered new interface driver usbfs
[    0.090450] usbcore: registered new interface driver hub
[    0.090560] usbcore: registered new device driver usb
[    0.107044] raid6: int32x1    941 MB/s
[    0.124059] raid6: int32x2    890 MB/s
[    0.140991] raid6: int32x4    746 MB/s
[    0.157994] raid6: int32x8    656 MB/s
[    0.175003] raid6: mmxx1     2882 MB/s
[    0.191988] raid6: mmxx2     3253 MB/s
[    0.208998] raid6: sse1x1    1937 MB/s
[    0.225991] raid6: sse1x2    2535 MB/s
[    0.242987] raid6: sse2x1    3507 MB/s
[    0.259972] raid6: sse2x2    3832 MB/s
[    0.260058] raid6: using algorithm sse2x2 (3832 MB/s)
[    0.260153] PCI: Using ACPI for IRQ routing
[    0.260453] HPET: 3 timers in total, 0 timers will be used for per-cpu timer
[    0.260990] Switching to clocksource tsc
[    0.261095] pnp: PnP ACPI init
[    0.261190] ACPI: bus type pnp registered
[    0.264837] pnp: PnP ACPI: found 11 devices
[    0.264940] ACPI: ACPI bus type pnp unregistered
[    0.265033] system 00:00: iomem range 0x0-0x9ffff could not be reserved
[    0.265124] system 00:00: iomem range 0xc0000-0xc3fff could not be reserved
[    0.265217] system 00:00: iomem range 0xc4000-0xc7fff could not be reserved
[    0.265311] system 00:00: iomem range 0xc8000-0xcbfff has been reserved
[    0.265400] system 00:00: iomem range 0xcc000-0xcffff has been reserved
[    0.265492] system 00:00: iomem range 0xd0000-0xd3fff could not be reserved
[    0.265583] system 00:00: iomem range 0xe0000-0xe3fff could not be reserved
[    0.265675] system 00:00: iomem range 0xe4000-0xe7fff could not be reserved
[    0.265765] system 00:00: iomem range 0xe8000-0xebfff could not be reserved
[    0.265862] system 00:00: iomem range 0xec000-0xeffff could not be reserved
[    0.265959] system 00:00: iomem range 0xf0000-0xfffff could not be reserved
[    0.266052] system 00:00: iomem range 0x100000-0x3dffffff could not be reserved
[    0.266174] system 00:00: iomem range 0xfec00000-0xfed3ffff could not be reserved
[    0.266298] system 00:00: iomem range 0xfed4c000-0xffffffff could not be reserved
[    0.266420] system 00:02: ioport range 0x164e-0x164f has been reserved
[    0.266513] system 00:02: ioport range 0x1000-0x107f has been reserved
[    0.266611] system 00:02: ioport range 0x1180-0x11bf has been reserved
[    0.266714] system 00:02: ioport range 0x800-0x80f has been reserved
[    0.266805] system 00:02: ioport range 0x15e0-0x15ef has been reserved
[    0.266899] system 00:02: ioport range 0x1600-0x165f could not be reserved
[    0.266992] system 00:02: iomem range 0xf0000000-0xf3ffffff has been reserved
[    0.267082] system 00:02: iomem range 0xfed1c000-0xfed1ffff has been reserved
[    0.267177] system 00:02: iomem range 0xfed14000-0xfed17fff has been reserved
[    0.267270] system 00:02: iomem range 0xfed18000-0xfed18fff has been reserved
[    0.267361] system 00:02: iomem range 0xfed19000-0xfed19fff has been reserved
[    0.267454] system 00:02: iomem range 0xfed45000-0xfed4bfff has been reserved
[    0.302497] pci 0000:00:1c.0: PCI bridge, secondary bus 0000:02
[    0.302596] pci 0000:00:1c.0:   IO window: 0x2000-0x2fff
[    0.302690] pci 0000:00:1c.0:   MEM window: 0xfc000000-0xfdffffff
[    0.302783] pci 0000:00:1c.0:   PREFETCH window: 0x000000f8000000-0x000000f80fffff
[    0.302913] pci 0000:00:1c.1: PCI bridge, secondary bus 0000:03
[    0.303004] pci 0000:00:1c.1:   IO window: 0x3000-0x3fff
[    0.303101] pci 0000:00:1c.1:   MEM window: 0xdc000000-0xdf3fffff
[    0.303197] pci 0000:00:1c.1:   PREFETCH window: 0x000000dfe00000-0x000000dfefffff
[    0.303328] pci 0000:00:1c.2: PCI bridge, secondary bus 0000:04
[    0.303423] pci 0000:00:1c.2:   IO window: 0x4000-0x4fff
[    0.303520] pci 0000:00:1c.2:   MEM window: 0xd8000000-0xd9ffffff
[    0.303617] pci 0000:00:1c.2:   PREFETCH window: 0x000000dfb00000-0x000000dfbfffff
[    0.303751] pci 0000:00:1c.3: PCI bridge, secondary bus 0000:05
[    0.303844] pci 0000:00:1c.3:   IO window: 0x5000-0x5fff
[    0.303940] pci 0000:00:1c.3:   MEM window: 0xd4000000-0xd5ffffff
[    0.304039] pci 0000:00:1c.3:   PREFETCH window: 0x000000df800000-0x000000df8fffff
[    0.304169] pci 0000:00:1c.4: PCI bridge, secondary bus 0000:0d
[    0.304265] pci 0000:00:1c.4:   IO window: 0x6000-0x6fff
[    0.304360] pci 0000:00:1c.4:   MEM window: 0xd0000000-0xd1ffffff
[    0.304455] pci 0000:00:1c.4:   PREFETCH window: 0x000000df500000-0x000000df5fffff
[    0.304587] pci 0000:15:00.0: CardBus bridge, secondary bus 0000:16
[    0.304675] pci 0000:15:00.0:   IO window: 0x007000-0x0070ff
[    0.304769] pci 0000:15:00.0:   IO window: 0x007400-0x0074ff
[    0.304870] pci 0000:15:00.0:   PREFETCH window: 0xf4000000-0xf7ffffff
[    0.304966] pci 0000:15:00.0:   MEM window: 0x40000000-0x43ffffff
[    0.305059] pci 0000:00:1e.0: PCI bridge, secondary bus 0000:15
[    0.305152] pci 0000:00:1e.0:   IO window: 0x7000-0xafff
[    0.305246] pci 0000:00:1e.0:   MEM window: 0xf8300000-0xfbffffff
[    0.305343] pci 0000:00:1e.0:   PREFETCH window: 0x000000f4000000-0x000000f7ffffff
[    0.305482] pci 0000:00:1c.0: PCI INT A -> GSI 20 (level, low) -> IRQ 20
[    0.305580] pci 0000:00:1c.0: setting latency timer to 64
[    0.305589] pci 0000:00:1c.1: PCI INT B -> GSI 21 (level, low) -> IRQ 21
[    0.305687] pci 0000:00:1c.1: setting latency timer to 64
[    0.305699] pci 0000:00:1c.2: PCI INT C -> GSI 22 (level, low) -> IRQ 22
[    0.305793] pci 0000:00:1c.2: setting latency timer to 64
[    0.305806] pci 0000:00:1c.3: PCI INT D -> GSI 23 (level, low) -> IRQ 23
[    0.305903] pci 0000:00:1c.3: setting latency timer to 64
[    0.305914] pci 0000:00:1c.4: PCI INT A -> GSI 20 (level, low) -> IRQ 20
[    0.306009] pci 0000:00:1c.4: setting latency timer to 64
[    0.306013] pci 0000:00:1e.0: enabling device (0005 -> 0007)
[    0.306113] pci 0000:00:1e.0: setting latency timer to 64
[    0.306130] pci 0000:15:00.0: PCI INT A -> GSI 16 (level, low) -> IRQ 16
[    0.306226] pci 0000:15:00.0: setting latency timer to 64
[    0.306232] pci_bus 0000:00: resource 0 io:  [0x00-0xffff]
[    0.306234] pci_bus 0000:00: resource 1 mem: [0x000000-0xffffffff]
[    0.306236] pci_bus 0000:02: resource 0 io:  [0x2000-0x2fff]
[    0.306238] pci_bus 0000:02: resource 1 mem: [0xfc000000-0xfdffffff]
[    0.306240] pci_bus 0000:02: resource 2 pref mem [0xf8000000-0xf80fffff]
[    0.306241] pci_bus 0000:03: resource 0 io:  [0x3000-0x3fff]
[    0.306243] pci_bus 0000:03: resource 1 mem: [0xdc000000-0xdf3fffff]
[    0.306245] pci_bus 0000:03: resource 2 pref mem [0xdfe00000-0xdfefffff]
[    0.306247] pci_bus 0000:04: resource 0 io:  [0x4000-0x4fff]
[    0.306249] pci_bus 0000:04: resource 1 mem: [0xd8000000-0xd9ffffff]
[    0.306251] pci_bus 0000:04: resource 2 pref mem [0xdfb00000-0xdfbfffff]
[    0.306253] pci_bus 0000:05: resource 0 io:  [0x5000-0x5fff]
[    0.306254] pci_bus 0000:05: resource 1 mem: [0xd4000000-0xd5ffffff]
[    0.306256] pci_bus 0000:05: resource 2 pref mem [0xdf800000-0xdf8fffff]
[    0.306258] pci_bus 0000:0d: resource 0 io:  [0x6000-0x6fff]
[    0.306260] pci_bus 0000:0d: resource 1 mem: [0xd0000000-0xd1ffffff]
[    0.306261] pci_bus 0000:0d: resource 2 pref mem [0xdf500000-0xdf5fffff]
[    0.306263] pci_bus 0000:15: resource 0 io:  [0x7000-0xafff]
[    0.306265] pci_bus 0000:15: resource 1 mem: [0xf8300000-0xfbffffff]
[    0.306267] pci_bus 0000:15: resource 2 pref mem [0xf4000000-0xf7ffffff]
[    0.306269] pci_bus 0000:15: resource 3 io:  [0x00-0xffff]
[    0.306270] pci_bus 0000:15: resource 4 mem: [0x000000-0xffffffff]
[    0.306272] pci_bus 0000:16: resource 0 io:  [0x7000-0x70ff]
[    0.306274] pci_bus 0000:16: resource 1 io:  [0x7400-0x74ff]
[    0.306276] pci_bus 0000:16: resource 2 pref mem [0xf4000000-0xf7ffffff]
[    0.306278] pci_bus 0000:16: resource 3 mem: [0x40000000-0x43ffffff]
[    0.306286] NET: Registered protocol family 2
[    0.306378] RANDOM - __random32 called. Change num 7.  Value: 437d97bf	f373de51	f3b0f986
[    0.306380] RANDOM - random32 called.  Value: 437d97bf	f373de51	f3b0f986
[    0.306384] random 0000 0000 0000 5f8db4e5 4cfdf2a8: rand_read_num 3 get_random_bytes(4): sig fffffb64 5f8db4e5 4cfdf2a8
[    0.306387] random 0000 0000 0000 5f8db4e5 4cfdf2a8: extract_entropy(.. 4 ..)
[    0.306389] random 0000 0000 0000 5f8db4e5 4cfdf2a8: going to reseed nonblocking with 64 bits (32 of 0 requested)
[    0.306391] random 0000 0000 0000 5f8db4e5 4cfdf2a8: extract_entropy(.. 8 ..)
[    0.306393] random 0000 0000 0000 5f8db4e5 4cfdf2a8: trying to extract 64 bits from input
[    0.306395] random 0000 0000 0000 5f8db4e5 4cfdf2a8: debiting 0 entropy credits from input
[    0.306397] random 0000 0000 0000 5f8db4e5 4cfdf2a8: extract_entropy account returned: 0 
[    0.306400] random 0000 0000 0000 5f8db4e5 4cfdf2a8: urand_change_num 5 xfer_secondary_pool(4): pool_sig fffffb64, data_sig 00000000, bytes_mixed 0 5f8db4e5 4cfdf2a8
[    0.306404] random 0000 0000 0000 5f8db4e5 4cfdf2a8: trying to extract 32 bits from nonblocking
[    0.306406] random 0000 0000 0000 5f8db4e5 4cfdf2a8: debiting 32 entropy credits from nonblocking (unlimited)
[    0.306408] random 0000 0000 0000 5f8db4e5 4cfdf2a8: extract_entropy account returned: 4 
[    0.306412] random 0000 0000 0000 5f8db4e5 4cfdf2a8: urand_change_num 6 extract_buf: pool_sig fffffb64, data_sig 00000241, bytes_mixed 20 5f8db4e5 4cfdf2a8
[    0.306422] IP route cache hash table entries: 32768 (order: 5, 131072 bytes)
[    0.306555] RANDOM - __random32 called. Change num 8.  Value: d97bfe31	373de51f	f30dc6e6
[    0.306557] RANDOM - random32 called.  Value: d97bfe31	373de51f	f30dc6e6
[    0.306567] RANDOM - __random32 called. Change num 9.  Value: bfe314d7	73de51f5	8dcd6c7e
[    0.306569] RANDOM - random32 called.  Value: bfe314d7	73de51f5	8dcd6c7e
[    0.306571] RANDOM - __random32 called. Change num 10.  Value: 314d7baf	3de51f5e	d8fc74c1
[    0.306572] RANDOM - random32 called.  Value: 314d7baf	3de51f5e	d8fc74c1
[    0.306583] RANDOM - __random32 called. Change num 11.  Value: d7baf3c7	de51f5e5	e983e3fa
[    0.306584] RANDOM - random32 called.  Value: d7baf3c7	de51f5e5	e983e3fa
[    0.306594] TCP established hash table entries: 131072 (order: 8, 1048576 bytes)
[    0.307089] TCP bind hash table entries: 65536 (order: 6, 262144 bytes)
[    0.307275] TCP: Hash tables configured (established 131072 bind 65536)
[    0.307368] TCP reno registered
[    0.307472] NET: Registered protocol family 1
[    0.307588] RPC: Registered udp transport module.
[    0.307678] RPC: Registered tcp transport module.
[    0.307765] RPC: Registered tcp NFSv4.1 backchannel transport module.
[    0.307867] pci 0000:00:02.0: Boot video device
[    0.308077] Simple Boot Flag at 0x35 set to 0x1
[    0.308597] highmem bounce pool size: 64 pages
[    0.310185] VFS: Disk quotas dquot_6.5.2
[    0.310307] Dquot-cache hash table entries: 1024 (order 0, 4096 bytes)
[    0.310987] NTFS driver 2.1.29 [Flags: R/W].
[    0.311148] ROMFS MTD (C) 2007 Red Hat, Inc.
[    0.311363] JFS: nTxBlock = 7695, nTxLock = 61562
[    0.313827] SGI XFS with ACLs, security attributes, large block/inode numbers, no debug enabled
[    0.314342] SGI XFS Quota Management subsystem
[    0.314632] Slow work thread pool: Starting up
[    0.314740] Slow work thread pool: Ready
[    0.314837] GFS2 (built May 24 2013 02:47:17) installed
[    0.314939] msgmni has been set to 1734
[    0.315108] alg: No test for cipher_null (cipher_null-generic)
[    0.315210] alg: No test for ecb(cipher_null) (ecb-cipher_null)
[    0.315311] alg: No test for digest_null (digest_null-generic)
[    0.315407] alg: No test for compress_null (compress_null-generic)
[    0.315969] alg: No test for fcrypt (fcrypt-generic)
[    0.317385] alg: No test for stdrng (krng)
[    0.317476] async_tx: api initialized (async)
[    0.317636] Block layer SCSI generic (bsg) driver version 0.4 loaded (major 254)
[    0.317759] io scheduler noop registered
[    0.317850] io scheduler anticipatory registered
[    0.317954] io scheduler deadline registered
[    0.318088] io scheduler cfq registered (default)
[    0.318337] pcieport 0000:00:1c.0: irq 24 for MSI/MSI-X
[    0.318352] pcieport 0000:00:1c.0: setting latency timer to 64
[    0.318532] pcieport 0000:00:1c.1: irq 25 for MSI/MSI-X
[    0.318544] pcieport 0000:00:1c.1: setting latency timer to 64
[    0.318721] pcieport 0000:00:1c.2: irq 26 for MSI/MSI-X
[    0.318732] pcieport 0000:00:1c.2: setting latency timer to 64
[    0.318918] pcieport 0000:00:1c.3: irq 27 for MSI/MSI-X
[    0.318930] pcieport 0000:00:1c.3: setting latency timer to 64
[    0.319106] pcieport 0000:00:1c.4: irq 28 for MSI/MSI-X
[    0.319117] pcieport 0000:00:1c.4: setting latency timer to 64
[    0.319262] pci_hotplug: PCI Hot Plug PCI Core version: 0.5
[    0.319454] isapnp: Scanning for PnP cards...
[    0.679969] isapnp: No Plug & Play device found
[    0.680061] random 0000 0000 0000 5f8db4e5 4cfdf2a8: initializing
[    0.680063] RANDOM init_std_data for input now value: 1369928653680063342
[    0.680065] RANDOM init_std_data for blocking now value: 1369928653680065493
[    0.680067] RANDOM init_std_data for nonblocking now value: 1369928653680067217
[    0.699683] Serial: 8250/16550 driver, 4 ports, IRQ sharing enabled
[    3.710916] floppy0: no floppy controllers found
[    3.711871] brd: module loaded
[    3.712381] loop: module loaded
[    3.712470] Compaq SMART2 Driver (v 2.6.0)
[    3.712593] HP CISS Driver (v 3.6.20)
[    3.712840] input: Macintosh mouse button emulation as /devices/virtual/input/input0
[    3.712982] Uniform Multi-Platform E-IDE driver
[    3.713214] piix 0000:00:1f.1: IDE controller (0x8086:0x2850 rev 0x03)
[    3.713318] pci 0000:00:1f.1: PCI INT C -> GSI 16 (level, low) -> IRQ 16
[    3.713428] piix 0000:00:1f.1: IDE port disabled
[    3.713524] piix 0000:00:1f.1: not 100% native mode: will probe irqs later
[    3.713626]     ide0: BM-DMA at 0x1c00-0x1c07
[    3.713718] Probing IDE interface ide0...
[    4.385146] hda: HL-DT-ST DVDRAM GSA-U10N, ATAPI CD/DVD-ROM drive
[    4.691962] hda: host max PIO4 wanted PIO255(auto-tune) selected PIO4
[    4.692734] hda: UDMA/33 mode selected
[    4.693196] ide0 at 0x1f0-0x1f7,0x3f6 on irq 14
[    4.697115] ide-gd driver 1.18
[    4.697223] ide-cd driver 5.00
[    4.698618] random 0000 0000 0000 00000000 00000000: add_disk_randomness(0:0) 00000000 00000000
[    4.698623] random 0000 0000 0000 00000000 00000000: add_timer_randomness(.. 256) with jiffies: 5257757483245207162, cycles: 5257757478950535179
[    4.698625] random 0000 0000 0000 00000000 00000000: added 11 entropy credits to input
[    4.698629] ide-cd: hda: ATAPI 24X DVD-ROM DVD-R/RAM CD-R/RW drive, 2048kB Cache
[    4.699084] Uniform CD-ROM driver Revision: 3.20
[    4.701843] random 0011 0000 0000 00000000 00000000: add_disk_randomness(0:0) 00000000 00000000
[    4.701846] random 0011 0000 0000 00000000 00000000: add_timer_randomness(.. 256) with jiffies: 5286765417484484221, cycles: 5286765413189812235
[    4.701848] random 0011 0000 0000 00000000 00000000: added 1 entropy credits to input
[    4.701851] random 0012 0000 0000 00000000 00000000: add_disk_randomness(0:0) 00000000 00000000
[    4.701854] random 0012 0000 0000 00000000 00000000: add_timer_randomness(.. 256) with jiffies: 5286842125600390781, cycles: 5286842121305718795
[    4.703844] random 0012 0000 0000 00000000 00000000: add_disk_randomness(0:0) 00000000 00000000
[    4.703847] random 0012 0000 0000 00000000 00000000: add_timer_randomness(.. 256) with jiffies: 5304765857350254207, cycles: 5304765853055582219
[    4.703849] random 0012 0000 0000 00000000 00000000: added 1 entropy credits to input
[    4.703852] random 0013 0000 0000 00000000 00000000: add_disk_randomness(0:0) 00000000 00000000
[    4.703855] random 0013 0000 0000 00000000 00000000: add_timer_randomness(.. 256) with jiffies: 5304841349990415999, cycles: 5304841345695744011
[    4.705844] random 0013 0000 0000 00000000 00000000: add_disk_randomness(0:0) 00000000 00000000
[    4.705847] random 0013 0000 0000 00000000 00000000: add_timer_randomness(.. 256) with jiffies: 5322764085307866753, cycles: 5322764081013194763
[    4.705850] random 0013 0000 0000 00000000 00000000: added 1 entropy credits to input
[    4.705853] random 0014 0000 0000 00000000 00000000: add_disk_randomness(0:0) 00000000 00000000
[    4.705855] random 0014 0000 0000 00000000 00000000: add_timer_randomness(.. 256) with jiffies: 5322838405421956737, cycles: 5322838401127284747
[    4.706129] Loading iSCSI transport class v2.0-870.
[    4.706411] rdac: device handler registered
[    4.706501] hp_sw: device handler registered
[    4.706591] emc: device handler registered
[    4.706674] alua: device handler registered
[    4.707667] Adaptec aacraid driver 1.1-5[2461]-ms
[    4.708099] scsi: <fdomain> Detection failed (no card)
[    4.708198] sym53c416.c: Version 1.0.0-ac
[    4.708305] qlogicfas: no cards were found, please specify I/O address and IRQ using iobase= and irq= options
[    4.708433] QLogic Fibre Channel HBA Driver: 8.03.01-k6
[    4.708667] iscsi: registered transport (qla4xxx)
[    4.708780] QLogic iSCSI HBA Driver
[    4.708870] Emulex LightPulse Fibre Channel SCSI driver 8.3.4
[    4.708965] Copyright(c) 2004-2009 Emulex.  All rights reserved.
[    4.730948] Failed initialization of WD-7000 SCSI card!
[    4.819962] DC390: clustering now enabled by default. If you get problems load
[    4.820082]        with "disable_clustering=1" and report to maintainers
[    4.820215] megaraid cmm: 2.20.2.7 (Release Date: Sun Jul 16 00:01:03 EST 2006)
[    4.820370] megaraid: 2.20.5.1 (Release Date: Thu Nov 16 15:32:35 EST 2006)
[    4.820484] megasas: 00.00.04.01 Thu July 24 11:41:51 PST 2008
[    4.820621] GDT-HA: Storage RAID Controller Driver. Version: 3.05
[    4.820776] 3ware Storage Controller device driver for Linux v1.26.02.002.
[    4.820888] 3ware 9000 Storage Controller device driver for Linux v2.26.02.012.
[    4.821033] nsp32: loading...
[    4.821140] ipr: IBM Power RAID SCSI Device Driver version: 2.4.3 (June 10, 2009)
[    4.821283] RocketRAID 3xxx/4xxx Controller driver v1.6 (090910)
[    4.821394] stex: Promise SuperTrak EX Driver version: 4.6.0000.3
[    4.821528] st: Version 20081215, fixed bufsize 32768, s/g segs 256
[    4.821721] ahci 0000:00:1f.2: version 3.0
[    4.821742] ahci 0000:00:1f.2: PCI INT B -> GSI 16 (level, low) -> IRQ 16
[    4.821869] ahci 0000:00:1f.2: irq 29 for MSI/MSI-X
[    4.821925] ahci 0000:00:1f.2: AHCI 0001.0100 32 slots 3 ports 1.5 Gbps 0x5 impl SATA mode
[    4.822062] ahci 0000:00:1f.2: flags: 64bit ncq sntf pm led clo pio slum part ccc 
[    4.822195] ahci 0000:00:1f.2: setting latency timer to 64
[    4.822341] scsi2 : ahci
[    4.822499] scsi3 : ahci
[    4.822643] scsi4 : ahci
[    4.822815] ata1: SATA max UDMA/133 abar m2048@0xfe226000 port 0xfe226100 irq 29
[    4.822949] ata2: DUMMY
[    4.823034] ata3: SATA max UDMA/133 abar m2048@0xfe226000 port 0xfe226200 irq 29
[    4.823637] I2O subsystem v1.325
[    4.823725] i2o: max drivers = 8
[    4.823874] I2O Configuration OSM v1.323
[    4.823992] I2O Bus Adapter OSM v1.317
[    4.824095] I2O Block Device OSM v1.325
[    4.824246] I2O SCSI Peripheral OSM v1.316
[    4.824351] I2O ProcFS OSM v1.316
[    4.824459] Fusion MPT base driver 3.04.12
[    4.824547] Copyright (c) 1999-2008 LSI Corporation
[    4.824640] Fusion MPT SPI Host driver 3.04.12
[    4.824751] Fusion MPT FC Host driver 3.04.12
[    4.824863] Fusion MPT SAS Host driver 3.04.12
[    4.825070] ohci1394 0000:15:00.1: PCI INT B -> GSI 17 (level, low) -> IRQ 17
[    4.825163] ohci1394 0000:15:00.1: setting latency timer to 64
[    4.878975] ohci1394: fw-host0: OHCI-1394 1.1 (PCI): IRQ=[17]  MMIO=[f8301000-f83017ff]  Max Packet=[2048]  IR/IT contexts=[4/4]
[    4.883248] ehci_hcd: USB 2.0 'Enhanced' Host Controller (EHCI) Driver
[    4.883525] ehci_hcd 0000:00:1a.7: power state changed by ACPI to D0
[    4.883761] ehci_hcd 0000:00:1a.7: power state changed by ACPI to D0
[    4.883857] ehci_hcd 0000:00:1a.7: PCI INT C -> GSI 22 (level, low) -> IRQ 22
[    4.883964] ehci_hcd 0000:00:1a.7: setting latency timer to 64
[    4.883969] ehci_hcd 0000:00:1a.7: EHCI Host Controller
[    4.884110] ehci_hcd 0000:00:1a.7: new USB bus registered, assigned bus number 1
[    4.888152] ehci_hcd 0000:00:1a.7: cache line size of 32 is not supported
[    4.888161] ehci_hcd 0000:00:1a.7: irq 22, io mem 0xfe226c00
[    4.897934] ehci_hcd 0000:00:1a.7: USB 2.0 started, EHCI 1.00
[    4.898042] usb usb1: New USB device found, idVendor=1d6b, idProduct=0002
[    4.898134] usb usb1: New USB device strings: Mfr=3, Product=2, SerialNumber=1
[    4.898256] usb usb1: Product: EHCI Host Controller
[    4.898344] usb usb1: Manufacturer: Linux 2.6.32.57 ehci_hcd
[    4.898435] usb usb1: SerialNumber: 0000:00:1a.7
[    4.898577] usb usb1: configuration #1 chosen from 1 choice
[    4.898697] hub 1-0:1.0: USB hub found
[    4.898788] hub 1-0:1.0: 4 ports detected
[    4.899113] ehci_hcd 0000:00:1d.7: power state changed by ACPI to D0
[    4.899359] ehci_hcd 0000:00:1d.7: power state changed by ACPI to D0
[    4.899458] ehci_hcd 0000:00:1d.7: PCI INT D -> GSI 19 (level, low) -> IRQ 19
[    4.899561] ehci_hcd 0000:00:1d.7: setting latency timer to 64
[    4.899566] ehci_hcd 0000:00:1d.7: EHCI Host Controller
[    4.899694] ehci_hcd 0000:00:1d.7: new USB bus registered, assigned bus number 2
[    4.899861] ehci_hcd 0000:00:1d.7: debug port 1
[    4.903838] ehci_hcd 0000:00:1d.7: cache line size of 32 is not supported
[    4.903847] ehci_hcd 0000:00:1d.7: irq 19, io mem 0xfe227000
[    4.913935] ehci_hcd 0000:00:1d.7: USB 2.0 started, EHCI 1.00
[    4.914042] usb usb2: New USB device found, idVendor=1d6b, idProduct=0002
[    4.914131] usb usb2: New USB device strings: Mfr=3, Product=2, SerialNumber=1
[    4.914250] usb usb2: Product: EHCI Host Controller
[    4.914339] usb usb2: Manufacturer: Linux 2.6.32.57 ehci_hcd
[    4.914429] usb usb2: SerialNumber: 0000:00:1d.7
[    4.914571] usb usb2: configuration #1 chosen from 1 choice
[    4.914699] hub 2-0:1.0: USB hub found
[    4.914792] hub 2-0:1.0: 6 ports detected
[    4.914975] 116x: driver isp116x-hcd, 03 Nov 2005
[    4.915081] ohci_hcd: USB 1.1 'Open' Host Controller (OHCI) Driver
[    4.915193] uhci_hcd: USB Universal Host Controller Interface driver
[    4.915304] uhci_hcd 0000:00:1a.0: PCI INT A -> GSI 20 (level, low) -> IRQ 20
[    4.915401] uhci_hcd 0000:00:1a.0: setting latency timer to 64
[    4.915406] uhci_hcd 0000:00:1a.0: UHCI Host Controller
[    4.915535] uhci_hcd 0000:00:1a.0: new USB bus registered, assigned bus number 3
[    4.915686] uhci_hcd 0000:00:1a.0: irq 20, io base 0x00001860
[    4.915803] usb usb3: New USB device found, idVendor=1d6b, idProduct=0001
[    4.915894] usb usb3: New USB device strings: Mfr=3, Product=2, SerialNumber=1
[    4.916023] usb usb3: Product: UHCI Host Controller
[    4.916117] usb usb3: Manufacturer: Linux 2.6.32.57 uhci_hcd
[    4.916204] usb usb3: SerialNumber: 0000:00:1a.0
[    4.916344] usb usb3: configuration #1 chosen from 1 choice
[    4.916464] hub 3-0:1.0: USB hub found
[    4.916561] hub 3-0:1.0: 2 ports detected
[    4.916862] uhci_hcd 0000:00:1a.1: power state changed by ACPI to D0
[    4.917121] uhci_hcd 0000:00:1a.1: power state changed by ACPI to D0
[    4.917216] uhci_hcd 0000:00:1a.1: PCI INT B -> GSI 21 (level, low) -> IRQ 21
[    4.917311] uhci_hcd 0000:00:1a.1: setting latency timer to 64
[    4.917315] uhci_hcd 0000:00:1a.1: UHCI Host Controller
[    4.917443] uhci_hcd 0000:00:1a.1: new USB bus registered, assigned bus number 4
[    4.917595] uhci_hcd 0000:00:1a.1: irq 21, io base 0x00001880
[    4.917707] usb usb4: New USB device found, idVendor=1d6b, idProduct=0001
[    4.917797] usb usb4: New USB device strings: Mfr=3, Product=2, SerialNumber=1
[    4.917920] usb usb4: Product: UHCI Host Controller
[    4.918016] usb usb4: Manufacturer: Linux 2.6.32.57 uhci_hcd
[    4.918105] usb usb4: SerialNumber: 0000:00:1a.1
[    4.918244] usb usb4: configuration #1 chosen from 1 choice
[    4.918362] hub 4-0:1.0: USB hub found
[    4.918454] hub 4-0:1.0: 2 ports detected
[    4.918752] uhci_hcd 0000:00:1d.0: power state changed by ACPI to D0
[    4.919006] uhci_hcd 0000:00:1d.0: power state changed by ACPI to D0
[    4.919101] uhci_hcd 0000:00:1d.0: PCI INT A -> GSI 16 (level, low) -> IRQ 16
[    4.919200] uhci_hcd 0000:00:1d.0: setting latency timer to 64
[    4.919204] uhci_hcd 0000:00:1d.0: UHCI Host Controller
[    4.919335] uhci_hcd 0000:00:1d.0: new USB bus registered, assigned bus number 5
[    4.919488] uhci_hcd 0000:00:1d.0: irq 16, io base 0x000018a0
[    4.919604] usb usb5: New USB device found, idVendor=1d6b, idProduct=0001
[    4.919695] usb usb5: New USB device strings: Mfr=3, Product=2, SerialNumber=1
[    4.919816] usb usb5: Product: UHCI Host Controller
[    4.919905] usb usb5: Manufacturer: Linux 2.6.32.57 uhci_hcd
[    4.920003] usb usb5: SerialNumber: 0000:00:1d.0
[    4.920139] usb usb5: configuration #1 chosen from 1 choice
[    4.920257] hub 5-0:1.0: USB hub found
[    4.920347] hub 5-0:1.0: 2 ports detected
[    4.920489] uhci_hcd 0000:00:1d.1: PCI INT B -> GSI 17 (level, low) -> IRQ 17
[    4.920589] uhci_hcd 0000:00:1d.1: setting latency timer to 64
[    4.920591] uhci_hcd 0000:00:1d.1: UHCI Host Controller
[    4.920718] uhci_hcd 0000:00:1d.1: new USB bus registered, assigned bus number 6
[    4.920862] uhci_hcd 0000:00:1d.1: irq 17, io base 0x000018c0
[    4.920983] usb usb6: New USB device found, idVendor=1d6b, idProduct=0001
[    4.921078] usb usb6: New USB device strings: Mfr=3, Product=2, SerialNumber=1
[    4.921196] usb usb6: Product: UHCI Host Controller
[    4.921285] usb usb6: Manufacturer: Linux 2.6.32.57 uhci_hcd
[    4.921372] usb usb6: SerialNumber: 0000:00:1d.1
[    4.921512] usb usb6: configuration #1 chosen from 1 choice
[    4.921635] hub 6-0:1.0: USB hub found
[    4.921726] hub 6-0:1.0: 2 ports detected
[    4.922011] uhci_hcd 0000:00:1d.2: power state changed by ACPI to D0
[    4.922260] uhci_hcd 0000:00:1d.2: power state changed by ACPI to D0
[    4.922360] uhci_hcd 0000:00:1d.2: PCI INT C -> GSI 18 (level, low) -> IRQ 18
[    4.922462] uhci_hcd 0000:00:1d.2: setting latency timer to 64
[    4.922467] uhci_hcd 0000:00:1d.2: UHCI Host Controller
[    4.922595] uhci_hcd 0000:00:1d.2: new USB bus registered, assigned bus number 7
[    4.922749] uhci_hcd 0000:00:1d.2: irq 18, io base 0x000018e0
[    4.922863] usb usb7: New USB device found, idVendor=1d6b, idProduct=0001
[    4.922963] usb usb7: New USB device strings: Mfr=3, Product=2, SerialNumber=1
[    4.923087] usb usb7: Product: UHCI Host Controller
[    4.923176] usb usb7: Manufacturer: Linux 2.6.32.57 uhci_hcd
[    4.923267] usb usb7: SerialNumber: 0000:00:1d.2
[    4.924060] usb usb7: configuration #1 chosen from 1 choice
[    4.924181] hub 7-0:1.0: USB hub found
[    4.924273] hub 7-0:1.0: 2 ports detected
[    4.924435] sl811: driver sl811-hcd, 19 May 2005
[    4.924541] r8a66597_hcd: driver r8a66597_hcd, 2009-05-26
[    4.924707] Initializing USB Mass Storage driver...
[    4.924833] usbcore: registered new interface driver usb-storage
[    4.924925] USB Mass Storage support registered.
[    4.925035] usbcore: registered new interface driver ums-alauda
[    4.925142] usbcore: registered new interface driver ums-cypress
[    4.925250] usbcore: registered new interface driver ums-datafab
[    4.925361] usbcore: registered new interface driver ums-freecom
[    4.925478] usbcore: registered new interface driver ums-isd200
[    4.925586] usbcore: registered new interface driver ums-jumpshot
[    4.925696] usbcore: registered new interface driver ums-karma
[    4.925802] usbcore: registered new interface driver ums-onetouch
[    4.925915] usbcore: registered new interface driver ums-sddr09
[    4.926036] usbcore: registered new interface driver ums-sddr55
[    4.926142] usbcore: registered new interface driver ums-usbat
[    4.926286] PNP: PS/2 Controller [PNP0303:KBD,PNP0f13:MOU] at 0x60,0x64 irq 1,12
[    4.935216] serio: i8042 KBD port at 0x60,0x64 irq 1
[    4.935309] serio: i8042 AUX port at 0x60,0x64 irq 12
[    4.935553] mice: PS/2 mouse device common for all mice
[    4.935666] i2c /dev entries driver
[    4.935798] md: linear personality registered for level -1
[    4.935883] md: raid0 personality registered for level 0
[    4.935981] md: raid1 personality registered for level 1
[    4.936072] md: raid10 personality registered for level 10
[    4.936164] md: raid6 personality registered for level 6
[    4.936254] md: raid5 personality registered for level 5
[    4.936352] md: raid4 personality registered for level 4
[    4.936442] md: multipath personality registered for level -4
[    4.936635] device-mapper: ioctl: 4.15.0-ioctl (2009-04-01) initialised: dm-devel@redhat.com
[    4.936839] cpuidle: using governor ladder
[    4.937447] usbcore: registered new interface driver usbhid
[    4.937536] usbhid: v2.6:USB HID core driver
[    4.937678] random 0014 0000 0000 00000000 00000000: rand_read_num 4 get_random_bytes(136): sig 00000000 00000000 00000000
[    4.937681] random 0014 0000 0000 00000000 00000000: extract_entropy(.. 136 ..)
[    4.937683] random 0014 0000 0000 00000000 00000000: going to reseed nonblocking with 1024 bits (1088 of 0 requested)
[    4.937685] random 0014 0000 0000 00000000 00000000: extract_entropy(.. 128 ..)
[    4.937688] random 0014 0000 0000 00000000 00000000: trying to extract 1024 bits from input
[    4.937690] random 0014 0000 0000 00000000 00000000: debiting 0 entropy credits from input
[    4.937692] random 0014 0000 0000 00000000 00000000: extract_entropy account returned: 0 
[    4.937695] random 0014 0000 0000 00000000 00000000: urand_change_num 7 xfer_secondary_pool(136): pool_sig 00000000, data_sig 00000000, bytes_mixed 0 00000000 00000000
[    4.937698] random 0014 0000 0000 00000000 00000000: trying to extract 1088 bits from nonblocking
[    4.937701] random 0014 0000 0000 00000000 00000000: debiting 1088 entropy credits from nonblocking (unlimited)
[    4.937703] random 0014 0000 0000 00000000 00000000: extract_entropy account returned: 136 
[    4.937707] random 0014 0000 0000 00000000 00000000: urand_change_num 8 extract_buf: pool_sig 00000000, data_sig fffffff9, bytes_mixed 20 00000000 00000000
[    4.937712] random 0014 0000 0000 b7c35b56 be4dc95d: urand_change_num 9 extract_buf: pool_sig fffffd1e, data_sig 000000c5, bytes_mixed 20 b7c35b56 be4dc95d
[    4.937718] random 0014 0000 0000 ed9f5c47 c48487fb: urand_change_num 10 extract_buf: pool_sig fffff8ec, data_sig ffffff68, bytes_mixed 20 ed9f5c47 c48487fb
[    4.937723] random 0014 0000 0000 ed9f5c47 c48487fb: urand_change_num 11 extract_buf: pool_sig fffffaed, data_sig 000001aa, bytes_mixed 20 ed9f5c47 c48487fb
[    4.937728] random 0014 0000 0000 1b4f7c0a 91bd6a48: urand_change_num 12 extract_buf: pool_sig fffffdd8, data_sig 00000064, bytes_mixed 20 1b4f7c0a 91bd6a48
[    4.937734] random 0014 0000 0000 a254b9bc 20e9a24f: urand_change_num 13 extract_buf: pool_sig fffffbe6, data_sig 000001dd, bytes_mixed 20 a254b9bc 20e9a24f
[    4.937739] random 0014 0000 0000 a254b9bc 20e9a24f: urand_change_num 14 extract_buf: pool_sig fffff940, data_sig fffffe20, bytes_mixed 20 a254b9bc 20e9a24f
[    4.937744] random 0014 0000 0000 2831a66b 5fa2a3ad: urand_change_num 15 extract_buf: pool_sig fffffbce, data_sig 0000007e, bytes_mixed 20 2831a66b 5fa2a3ad
[    4.937749] random 0014 0000 0000 2831a66b 5fa2a3ad: urand_change_num 16 extract_buf: pool_sig 000004df, data_sig fffffe8f, bytes_mixed 20 2831a66b 5fa2a3ad
[    4.937755] random 0014 0000 0000 d4512bfd c9a54e0b: urand_change_num 17 extract_buf: pool_sig 00000485, data_sig fffffe68, bytes_mixed 20 d4512bfd c9a54e0b
[    4.937760] random 0014 0000 0000 c7371be6 f9ffea11: urand_change_num 18 extract_buf: pool_sig 00000095, data_sig ffffffed, bytes_mixed 20 c7371be6 f9ffea11
[    4.937765] random 0014 0000 0000 c7371be6 f9ffea11: urand_change_num 19 extract_buf: pool_sig 000003a7, data_sig fffffefa, bytes_mixed 20 c7371be6 f9ffea11
[    4.937770] random 0014 0000 0000 8fb4b62c d1ddba54: urand_change_num 20 extract_buf: pool_sig 00000179, data_sig ffffff78, bytes_mixed 20 8fb4b62c d1ddba54
[    4.937776] random 0014 0000 0000 9ff19f9c c07a1d2a: urand_change_num 21 extract_buf: pool_sig fffffe88, data_sig 00000126, bytes_mixed 20 9ff19f9c c07a1d2a
[    4.937780] TCP cubic registered
[    4.937866] Initializing XFRM netlink socket
[    4.937976] NET: Registered protocol family 17
[    4.938068] Using IPI Shortcut mode
[    4.938156] random 0014 0000 0000 9ff19f9c c07a1d2a: rand_read_num 5 get_random_bytes(8): sig 0000031b 9ff19f9c c07a1d2a
[    4.938158] random 0014 0000 0000 9ff19f9c c07a1d2a: extract_entropy(.. 8 ..)
[    4.938160] random 0014 0000 0000 9ff19f9c c07a1d2a: going to reseed nonblocking with 64 bits (64 of 0 requested)
[    4.938163] random 0014 0000 0000 9ff19f9c c07a1d2a: extract_entropy(.. 8 ..)
[    4.938165] random 0014 0000 0000 9ff19f9c c07a1d2a: trying to extract 64 bits from input
[    4.938167] random 0014 0000 0000 9ff19f9c c07a1d2a: debiting 0 entropy credits from input
[    4.938169] random 0014 0000 0000 9ff19f9c c07a1d2a: extract_entropy account returned: 0 
[    4.938172] random 0014 0000 0000 9ff19f9c c07a1d2a: urand_change_num 22 xfer_secondary_pool(8): pool_sig 0000031b, data_sig 00000000, bytes_mixed 0 9ff19f9c c07a1d2a
[    4.938175] random 0014 0000 0000 9ff19f9c c07a1d2a: trying to extract 64 bits from nonblocking
[    4.938177] random 0014 0000 0000 9ff19f9c c07a1d2a: debiting 64 entropy credits from nonblocking (unlimited)
[    4.938179] random 0014 0000 0000 9ff19f9c c07a1d2a: extract_entropy account returned: 8 
[    4.938183] random 0014 0000 0000 9ff19f9c c07a1d2a: urand_change_num 23 extract_buf: pool_sig 0000031b, data_sig ffffffb3, bytes_mixed 20 9ff19f9c c07a1d2a
[    4.940305] input: AT Translated Set 2 keyboard as /devices/platform/i8042/serio0/input/input1
[    5.128951] ata3: SATA link down (SStatus 0 SControl 300)
[    5.129069] ata1: SATA link up 1.5 Gbps (SStatus 113 SControl 300)
[    5.131520] ata1.00: ACPI cmd ef/02:00:00:00:00:a0 (SET FEATURES) succeeded
[    5.131523] ata1.00: ACPI cmd f5/00:00:00:00:00:a0 (SECURITY FREEZE LOCK) filtered out
[    5.132914] ata1.00: ACPI cmd ef/5f:00:00:00:00:a0 (SET FEATURES) succeeded
[    5.132916] ata1.00: ACPI cmd ef/10:03:00:00:00:a0 (SET FEATURES) filtered out
[    5.134823] ata1.00: ATA-7: ST910021AS, 4.06, max UDMA/100
[    5.134915] ata1.00: 195371568 sectors, multi 16: LBA48 
[    5.137065] ata1.00: ACPI cmd ef/02:00:00:00:00:a0 (SET FEATURES) succeeded
[    5.137068] ata1.00: ACPI cmd f5/00:00:00:00:00:a0 (SECURITY FREEZE LOCK) filtered out
[    5.138460] ata1.00: ACPI cmd ef/5f:00:00:00:00:a0 (SET FEATURES) succeeded
[    5.138462] ata1.00: ACPI cmd ef/10:03:00:00:00:a0 (SET FEATURES) filtered out
[    5.140389] ata1.00: configured for UDMA/100
[    5.151002] scsi 2:0:0:0: Direct-Access     ATA      ST910021AS       4.06 PQ: 0 ANSI: 5
[    5.151285] sd 2:0:0:0: [sda] 195371568 512-byte logical blocks: (100 GB/93.1 GiB)
[    5.151428] sd 2:0:0:0: [sda] Write Protect is off
[    5.151517] sd 2:0:0:0: [sda] Mode Sense: 00 3a 00 00
[    5.151530] sd 2:0:0:0: [sda] Write cache: enabled, read cache: enabled, doesn't support DPO or FUA
[    5.151727]  sda:
[    5.216942] usb 2-1: new high speed USB device using ehci_hcd and address 2
[    5.353399] usb 2-1: New USB device found, idVendor=0e8d, idProduct=1806
[    5.353494] usb 2-1: New USB device strings: Mfr=1, Product=2, SerialNumber=3
[    5.353582] usb 2-1: Product: MT1806 
[    5.353670] usb 2-1: Manufacturer: MediaTek Inc
[    5.353757] usb 2-1: SerialNumber: R8KN6GAC800AEB 
[    5.353894] usb 2-1: configuration #1 chosen from 1 choice
[    5.357442] scsi5 : SCSI emulation for USB Mass Storage devices
[    5.357608] usb-storage: device found at 2
[    5.357609] usb-storage: waiting for device to settle before scanning
[    5.572501] random 0014 0000 0000 277f73c3 42024bb9: add_disk_randomness(8:0) 277f73c3 42024bb9
[    5.572505] random 0014 0000 0000 277f73c3 42024bb9: add_timer_randomness(.. 8388864) with jiffies: 13119378970325516684, cycles: -5327365107678707701
[    5.572508] random 0014 0000 0000 277f73c3 42024bb9: added 11 entropy credits to input
[    5.572513]  sda1 sda2
[    5.573075] random 0025 0000 0000 277f73c3 42024bb9: add_disk_randomness(8:0) 277f73c3 42024bb9
[    5.573078] random 0025 0000 0000 277f73c3 42024bb9: add_timer_randomness(.. 8388864) with jiffies: 13124535787233968525, cycles: -5322208290770255861
[    5.573233] sd 2:0:0:0: [sda] Attached SCSI disk
[    5.573328] random 0025 0000 0000 277f73c3 42024bb9: rand_read_num 6 get_random_bytes(12): sig 000007e9 277f73c3 42024bb9
[    5.573331] random 0025 0000 0000 277f73c3 42024bb9: extract_entropy(.. 12 ..)
[    5.573334] random 0025 0000 0000 277f73c3 42024bb9: going to reseed nonblocking with 96 bits (96 of 0 requested)
[    5.573336] random 0025 0000 0000 277f73c3 42024bb9: extract_entropy(.. 12 ..)
[    5.573338] random 0025 0000 0000 277f73c3 42024bb9: trying to extract 96 bits from input
[    5.573340] random 0025 0000 0000 277f73c3 42024bb9: debiting 0 entropy credits from input
[    5.573342] random 0025 0000 0000 277f73c3 42024bb9: extract_entropy account returned: 0 
[    5.573345] random 0025 0000 0000 277f73c3 42024bb9: urand_change_num 24 xfer_secondary_pool(12): pool_sig 000007e9, data_sig 00000000, bytes_mixed 0 277f73c3 42024bb9
[    5.573348] random 0025 0000 0000 277f73c3 42024bb9: trying to extract 96 bits from nonblocking
[    5.573351] random 0025 0000 0000 277f73c3 42024bb9: debiting 96 entropy credits from nonblocking (unlimited)
[    5.573353] random 0025 0000 0000 277f73c3 42024bb9: extract_entropy account returned: 12 
[    5.573357] random 0025 0000 0000 277f73c3 42024bb9: urand_change_num 25 extract_buf: pool_sig 000007e9, data_sig 00000088, bytes_mixed 20 277f73c3 42024bb9
[    5.573362] random 0025 0000 0000 277f73c3 42024bb9: urand_change_num 26 extract_buf: pool_sig 00000498, data_sig fffffefb, bytes_mixed 20 277f73c3 42024bb9
[    5.573365] RANDOM - __seed init called.
[    5.573366] RANDOM - __seed init called.
[    5.573367] RANDOM - __seed init called.
[    5.573369] RANDOM - __random32 called. Change num 12.  Value: 87f14767	f0d7351	b1e48bd3
[    5.573371] RANDOM - random32_reseed called.  Value: 87f14767	f0d7351	b1e48bd3
[    5.573374] Pid: 1, comm: swapper Not tainted 2.6.32.57 #6
[    5.573464] Call Trace:
[    5.573554]  [<c1923ca4>] ? random32_reseed+0xa0/0xb1
[    5.573646]  [<c1923c04>] ? random32_reseed+0x0/0xb1
[    5.573735]  [<c100111e>] ? do_one_initcall+0x2e/0x180
[    5.573822]  [<c1907265>] ? kernel_init+0xad/0x103
[    5.573909]  [<c19071b8>] ? kernel_init+0x0/0x103
[    5.574003]  [<c1003787>] ? kernel_thread_helper+0x7/0x10
[    5.574538] random 0025 0000 0000 386b4e60 ee4d4880: rand_read_num 7 get_random_bytes(64): sig fffffea5 386b4e60 ee4d4880
[    5.574541] random 0025 0000 0000 386b4e60 ee4d4880: extract_entropy(.. 64 ..)
[    5.574543] random 0025 0000 0000 386b4e60 ee4d4880: going to reseed nonblocking with 512 bits (512 of 0 requested)
[    5.574545] random 0025 0000 0000 386b4e60 ee4d4880: extract_entropy(.. 64 ..)
[    5.574547] random 0025 0000 0000 386b4e60 ee4d4880: trying to extract 512 bits from input
[    5.574550] random 0025 0000 0000 386b4e60 ee4d4880: debiting 0 entropy credits from input
[    5.574552] random 0025 0000 0000 386b4e60 ee4d4880: extract_entropy account returned: 0 
[    5.574555] random 0025 0000 0000 386b4e60 ee4d4880: urand_change_num 27 xfer_secondary_pool(64): pool_sig fffffea5, data_sig 00000000, bytes_mixed 0 386b4e60 ee4d4880
[    5.574558] random 0025 0000 0000 386b4e60 ee4d4880: trying to extract 512 bits from nonblocking
[    5.574560] random 0025 0000 0000 386b4e60 ee4d4880: debiting 512 entropy credits from nonblocking (unlimited)
[    5.574562] random 0025 0000 0000 386b4e60 ee4d4880: extract_entropy account returned: 64 
[    5.574566] random 0025 0000 0000 386b4e60 ee4d4880: urand_change_num 28 extract_buf: pool_sig fffffea5, data_sig 00000173, bytes_mixed 20 386b4e60 ee4d4880
[    5.574572] random 0025 0000 0000 412698f6 0cc8689a: urand_change_num 29 extract_buf: pool_sig 00000122, data_sig ffffff63, bytes_mixed 20 412698f6 0cc8689a
[    5.574577] random 0025 0000 0000 412698f6 0cc8689a: urand_change_num 30 extract_buf: pool_sig 000001f7, data_sig 00000012, bytes_mixed 20 412698f6 0cc8689a
[    5.574583] random 0025 0000 0000 9669941e 06f768b1: urand_change_num 31 extract_buf: pool_sig fffffb5b, data_sig 0000003f, bytes_mixed 20 9669941e 06f768b1
[    5.574588] random 0025 0000 0000 98486520 995551f0: urand_change_num 32 extract_buf: pool_sig fffffb39, data_sig 0000000e, bytes_mixed 20 98486520 995551f0
[    5.574593] random 0025 0000 0000 98486520 995551f0: urand_change_num 33 extract_buf: pool_sig fffffd8d, data_sig 000001a6, bytes_mixed 20 98486520 995551f0
[    5.574598] random 0025 0000 0000 61fc8914 d5882ed2: urand_change_num 34 extract_buf: pool_sig fffffa58, data_sig 0000023e, bytes_mixed 20 61fc8914 d5882ed2
[    5.574627] random 0025 0000 0000 61fc8914 d5882ed2: rand_read_num 8 get_random_bytes(64): sig fffff9ee 61fc8914 d5882ed2
[    5.574630] random 0025 0000 0000 61fc8914 d5882ed2: extract_entropy(.. 64 ..)
[    5.574632] random 0025 0000 0000 61fc8914 d5882ed2: going to reseed nonblocking with 512 bits (512 of 0 requested)
[    5.574634] random 0025 0000 0000 61fc8914 d5882ed2: extract_entropy(.. 64 ..)
[    5.574636] random 0025 0000 0000 61fc8914 d5882ed2: trying to extract 512 bits from input
[    5.574639] random 0025 0000 0000 61fc8914 d5882ed2: debiting 0 entropy credits from input
[    5.574641] random 0025 0000 0000 61fc8914 d5882ed2: extract_entropy account returned: 0 
[    5.574644] random 0025 0000 0000 61fc8914 d5882ed2: urand_change_num 35 xfer_secondary_pool(64): pool_sig fffff9ee, data_sig 00000000, bytes_mixed 0 61fc8914 d5882ed2
[    5.574647] random 0025 0000 0000 61fc8914 d5882ed2: trying to extract 512 bits from nonblocking
[    5.574649] random 0025 0000 0000 61fc8914 d5882ed2: debiting 512 entropy credits from nonblocking (unlimited)
[    5.574651] random 0025 0000 0000 61fc8914 d5882ed2: extract_entropy account returned: 64 
[    5.574655] random 0025 0000 0000 61fc8914 d5882ed2: urand_change_num 36 extract_buf: pool_sig fffff9ee, data_sig ffffff85, bytes_mixed 20 61fc8914 d5882ed2
[    5.574661] random 0025 0000 0000 70cfd302 e5edec11: urand_change_num 37 extract_buf: pool_sig fffffdc1, data_sig ffffffde, bytes_mixed 20 70cfd302 e5edec11
[    5.574666] random 0025 0000 0000 00dab838 eafd2b30: urand_change_num 38 extract_buf: pool_sig 000003da, data_sig ffffff61, bytes_mixed 20 00dab838 eafd2b30
[    5.574671] random 0025 0000 0000 00dab838 eafd2b30: urand_change_num 39 extract_buf: pool_sig 00000314, data_sig 00000121, bytes_mixed 20 00dab838 eafd2b30
[    5.574677] random 0025 0000 0000 5fcdf66a 6442b608: urand_change_num 40 extract_buf: pool_sig 0000028b, data_sig fffffefd, bytes_mixed 20 5fcdf66a 6442b608
[    5.574682] random 0025 0000 0000 61333f6b 8fae0f9b: urand_change_num 41 extract_buf: pool_sig 000000cb, data_sig 000000b3, bytes_mixed 20 61333f6b 8fae0f9b
[    5.574687] random 0025 0000 0000 61333f6b 8fae0f9b: urand_change_num 42 extract_buf: pool_sig fffffef8, data_sig 00000051, bytes_mixed 20 61333f6b 8fae0f9b
[    5.574690] BEGIN NET_SECRET:
[    5.574691] \xffffffe0
[    5.574692] \xffffffb6
[    5.574693] \x36
[    5.574693] \xffffffb5
[    5.574694] \xffffff94
[    5.574695] \xffffffb2
[    5.574696] \xffffffa8
[    5.574697] \xffffffda
[    5.574698] \x5b
[    5.574698] \x19
[    5.574699] \x18
[    5.574700] \x5c
[    5.574700] \x2b
[    5.574701] \x1
[    5.574702] \xffffff90
[    5.574703] \x19
[    5.574704] \x3c
[    5.574704] \xfffffff2
[    5.574705] \xffffff82
[    5.574706] \x2a
[    5.574707] \xffffffb3
[    5.574708] \xffffffa2
[    5.574708] \x3f
[    5.574709] \x5
[    5.574710] \x52
[    5.574711] \x77
[    5.574711] \x57
[    5.574712] \x79
[    5.574713] \x16
[    5.574713] \x43
[    5.574714] \xffffff84
[    5.574715] \xffffffc3
[    5.574716] \xffffffe9
[    5.574716] \x79
[    5.574717] \x50
[    5.574718] \xffffff8e
[    5.574719] \x3f
[    5.574720] \xfffffff3
[    5.574720] \x19
[    5.574721] \x2a
[    5.574722] \xfffffffd
[    5.574723] \xfffffffb
[    5.574723] \x62
[    5.574724] \x3c
[    5.574725] \xffffffac
[    5.574726] \x1c
[    5.574726] \x3b
[    5.574727] \x3b
[    5.574728] \x15
[    5.574729] \x27
[    5.574729] \xffffffa8
[    5.574730] \x22
[    5.574731] \xffffffc5
[    5.574732] \xffffff9a
[    5.574733] \x5
[    5.574733] \x6c
[    5.574734] \xffffffa8
[    5.574735] \x3a
[    5.574736] \x44
[    5.574736] \xffffffaf
[    5.574737] \x13
[    5.574738] \xffffffe0
[    5.574739] \xffffff9d
[    5.574739] \x22
[    5.574740] 
[    5.574741] END NET_SECRET
[    5.574744] random 0025 0000 0000 e7f555d9 e8ce5c3c: rand_read_num 9 get_random_bytes(4): sig 0000068c e7f555d9 e8ce5c3c
[    5.574746] random 0025 0000 0000 e7f555d9 e8ce5c3c: extract_entropy(.. 4 ..)
[    5.574748] random 0025 0000 0000 e7f555d9 e8ce5c3c: going to reseed nonblocking with 64 bits (32 of 0 requested)
[    5.574751] random 0025 0000 0000 e7f555d9 e8ce5c3c: extract_entropy(.. 8 ..)
[    5.574753] random 0025 0000 0000 e7f555d9 e8ce5c3c: trying to extract 64 bits from input
[    5.574755] random 0025 0000 0000 e7f555d9 e8ce5c3c: debiting 0 entropy credits from input
[    5.574757] random 0025 0000 0000 e7f555d9 e8ce5c3c: extract_entropy account returned: 0 
[    5.574760] random 0025 0000 0000 e7f555d9 e8ce5c3c: urand_change_num 43 xfer_secondary_pool(4): pool_sig 0000068c, data_sig 00000000, bytes_mixed 0 e7f555d9 e8ce5c3c
[    5.574763] random 0025 0000 0000 e7f555d9 e8ce5c3c: trying to extract 32 bits from nonblocking
[    5.574765] random 0025 0000 0000 e7f555d9 e8ce5c3c: debiting 32 entropy credits from nonblocking (unlimited)
[    5.574768] random 0025 0000 0000 e7f555d9 e8ce5c3c: extract_entropy account returned: 4 
[    5.574772] random 0025 0000 0000 e7f555d9 e8ce5c3c: urand_change_num 44 extract_buf: pool_sig 0000068c, data_sig fffffdcb, bytes_mixed 20 e7f555d9 e8ce5c3c
[    5.574782] md: Waiting for all devices to be available before autodetect
[    5.574872] md: If you don't use raid, use raid=noautodetect
[    5.575041] md: Autodetecting RAID arrays.
[    5.575129] md: Scanned 0 and added 0 devices.
[    5.575217] md: autorun ...
[    5.575300] md: ... autorun DONE.
[    5.588712] random 0025 0000 0000 e7f555d9 e8ce5c3c: add_disk_randomness(8:0) e7f555d9 e8ce5c3c
[    5.588715] random 0025 0000 0000 e7f555d9 e8ce5c3c: add_timer_randomness(.. 8388864) with jiffies: 13265217449604383132, cycles: -5181526628399841269
[    5.588718] random 0025 0000 0000 e7f555d9 e8ce5c3c: added 3 entropy credits to input
[    5.589833] random 0028 0000 0000 e7f555d9 e8ce5c3c: add_disk_randomness(8:0) e7f555d9 e8ce5c3c
[    5.589836] random 0028 0000 0000 e7f555d9 e8ce5c3c: add_timer_randomness(.. 8388864) with jiffies: 13275305593343279517, cycles: -5171438484660944885
[    5.589954] random 0028 0000 0000 e7f555d9 e8ce5c3c: add_disk_randomness(8:0) e7f555d9 e8ce5c3c
[    5.589957] random 0028 0000 0000 e7f555d9 e8ce5c3c: add_timer_randomness(.. 8388864) with jiffies: 13276381701694259614, cycles: -5170362376309964789
[    5.589962] EXT3-fs: sda2: couldn't mount because of unsupported optional features (240).
[    5.590189] random 0028 0000 0000 e7f555d9 e8ce5c3c: add_disk_randomness(8:0) e7f555d9 e8ce5c3c
[    5.590192] random 0028 0000 0000 e7f555d9 e8ce5c3c: add_timer_randomness(.. 8388864) with jiffies: 13278493421149585822, cycles: -5168250656854638581
[    5.590196] EXT2-fs: sda2: couldn't mount because of unsupported optional features (240).
[    5.590421] random 0028 0000 0000 e7f555d9 e8ce5c3c: add_disk_randomness(8:0) e7f555d9 e8ce5c3c
[    5.590424] random 0028 0000 0000 e7f555d9 e8ce5c3c: add_timer_randomness(.. 8388864) with jiffies: 13280590301492904350, cycles: -5166153776511320053
[    5.590550] random 0028 0000 0000 e7f555d9 e8ce5c3c: add_disk_randomness(8:0) e7f555d9 e8ce5c3c
[    5.590553] random 0028 0000 0000 e7f555d9 e8ce5c3c: add_timer_randomness(.. 8388864) with jiffies: 13281751239742947742, cycles: -5164992838261276661
[    5.590707] random 0028 0000 0000 e7f555d9 e8ce5c3c: add_disk_randomness(8:0) e7f555d9 e8ce5c3c
[    5.590710] random 0028 0000 0000 e7f555d9 e8ce5c3c: add_timer_randomness(.. 8388864) with jiffies: 13283164447192088990, cycles: -5163579630812135413
[    5.590829] random 0028 0000 0000 e7f555d9 e8ce5c3c: add_disk_randomness(8:0) e7f555d9 e8ce5c3c
[    5.590832] random 0028 0000 0000 e7f555d9 e8ce5c3c: add_timer_randomness(.. 8388864) with jiffies: 13284265719756456350, cycles: -5162478358247768053
[    5.590946] random 0028 0000 0000 e7f555d9 e8ce5c3c: add_disk_randomness(8:0) e7f555d9 e8ce5c3c
[    5.590949] random 0028 0000 0000 e7f555d9 e8ce5c3c: add_timer_randomness(.. 8388864) with jiffies: 13285303585718632863, cycles: -5161440492285591541
[    5.591063] random 0028 0000 0000 e7f555d9 e8ce5c3c: add_disk_randomness(8:0) e7f555d9 e8ce5c3c
[    5.591066] random 0028 0000 0000 e7f555d9 e8ce5c3c: add_timer_randomness(.. 8388864) with jiffies: 13286354396712239519, cycles: -5160389681291984885
[    5.591175] random 0028 0000 0000 e7f555d9 e8ce5c3c: add_disk_randomness(8:0) e7f555d9 e8ce5c3c
[    5.591178] random 0028 0000 0000 e7f555d9 e8ce5c3c: add_timer_randomness(.. 8388864) with jiffies: 13287364122048692639, cycles: -5159379955955531765
[    5.591284] random 0028 0000 0000 e7f555d9 e8ce5c3c: add_disk_randomness(8:0) e7f555d9 e8ce5c3c
[    5.591287] random 0028 0000 0000 e7f555d9 e8ce5c3c: add_timer_randomness(.. 8388864) with jiffies: 13288351118418215327, cycles: -5158392959586009077
[    5.591527] random 0028 0000 0000 e7f555d9 e8ce5c3c: rand_read_num 10 get_random_bytes(4): sig ffffff72 e7f555d9 e8ce5c3c
[    5.591529] random 0028 0000 0000 e7f555d9 e8ce5c3c: extract_entropy(.. 4 ..)
[    5.591531] random 0028 0000 0000 e7f555d9 e8ce5c3c: going to reseed nonblocking with 64 bits (32 of 0 requested)
[    5.591534] random 0028 0000 0000 e7f555d9 e8ce5c3c: extract_entropy(.. 8 ..)
[    5.591536] random 0028 0000 0000 e7f555d9 e8ce5c3c: trying to extract 64 bits from input
[    5.591538] random 0028 0000 0000 e7f555d9 e8ce5c3c: debiting 0 entropy credits from input
[    5.591540] random 0028 0000 0000 e7f555d9 e8ce5c3c: extract_entropy account returned: 0 
[    5.591543] random 0028 0000 0000 e7f555d9 e8ce5c3c: urand_change_num 45 xfer_secondary_pool(4): pool_sig ffffff72, data_sig 00000000, bytes_mixed 0 e7f555d9 e8ce5c3c
[    5.591546] random 0028 0000 0000 e7f555d9 e8ce5c3c: trying to extract 32 bits from nonblocking
[    5.591548] random 0028 0000 0000 e7f555d9 e8ce5c3c: debiting 32 entropy credits from nonblocking (unlimited)
[    5.591550] random 0028 0000 0000 e7f555d9 e8ce5c3c: extract_entropy account returned: 4 
[    5.591555] random 0028 0000 0000 e7f555d9 e8ce5c3c: urand_change_num 46 extract_buf: pool_sig ffffff72, data_sig ffffff72, bytes_mixed 20 e7f555d9 e8ce5c3c
[    5.603165] random 0028 0000 0000 91716c54 eeb6a1e7: add_disk_randomness(8:0) 91716c54 eeb6a1e7
[    5.603168] random 0028 0000 0000 91716c54 eeb6a1e7: add_timer_randomness(.. 8388864) with jiffies: 13395235077546017195, cycles: -5051509000458207221
[    5.603171] random 0028 0000 0000 91716c54 eeb6a1e7: added 3 entropy credits to input
[    5.621441] random 0031 0000 0000 91716c54 eeb6a1e7: add_disk_randomness(8:0) 91716c54 eeb6a1e7
[    5.621444] random 0031 0000 0000 91716c54 eeb6a1e7: add_timer_randomness(.. 8388864) with jiffies: 13559648259587932605, cycles: -4887095818416291829
[    5.621447] random 0031 0000 0000 91716c54 eeb6a1e7: added 2 entropy credits to input
[    5.626157] EXT4-fs (sda2): mounted filesystem with ordered data mode
[    5.626362] VFS: Mounted root (ext4 filesystem) readonly on device 8:2.
[    5.626463] Freeing unused kernel memory: 448k freed
[    5.646636] random 0033 0000 0000 91716c54 eeb6a1e7: add_disk_randomness(8:0) 91716c54 eeb6a1e7
[    5.646639] random 0033 0000 0000 91716c54 eeb6a1e7: add_timer_randomness(.. 8388864) with jiffies: 13786309905889329622, cycles: -4660434172114894837
[    5.647362] random 0033 0000 0000 91716c54 eeb6a1e7: add_disk_randomness(8:0) 91716c54 eeb6a1e7
[    5.647365] random 0033 0000 0000 91716c54 eeb6a1e7: add_timer_randomness(.. 8388864) with jiffies: 13792842409412624855, cycles: -4653901668591599605
[    5.652058] random 0033 0000 0000 91716c54 eeb6a1e7: add_disk_randomness(8:0) 91716c54 eeb6a1e7
[    5.652061] random 0033 0000 0000 91716c54 eeb6a1e7: add_timer_randomness(.. 8388864) with jiffies: 13835076798519149020, cycles: -4611667279485075445
[    5.652063] random 0033 0000 0000 91716c54 eeb6a1e7: added 2 entropy credits to input
[    5.660251] random 0035 0000 0000 91716c54 eeb6a1e7: add_disk_randomness(8:0) 91716c54 eeb6a1e7
[    5.660254] random 0035 0000 0000 91716c54 eeb6a1e7: add_timer_randomness(.. 8388864) with jiffies: 13908791438184514020, cycles: -4537952639819710453
[    5.663673] random 0035 0000 0000 91716c54 eeb6a1e7: add_disk_randomness(8:0) 91716c54 eeb6a1e7
[    5.663676] random 0035 0000 0000 91716c54 eeb6a1e7: add_timer_randomness(.. 8388864) with jiffies: 13939580800304120295, cycles: -4507163277700104181
[    5.663679] random 0035 0000 0000 91716c54 eeb6a1e7: added 1 entropy credits to input
[    5.672574] random 0036 0000 0000 91716c54 eeb6a1e7: add_disk_randomness(8:0) 91716c54 eeb6a1e7
[    5.672577] random 0036 0000 0000 91716c54 eeb6a1e7: add_timer_randomness(.. 8388864) with jiffies: 14019655358821925360, cycles: -4427088719182299125
[    5.672580] random 0036 0000 0000 91716c54 eeb6a1e7: added 2 entropy credits to input
[    5.685849] random 0038 0000 0000 91716c54 eeb6a1e7: add_disk_randomness(8:0) 91716c54 eeb6a1e7
[    5.685852] random 0038 0000 0000 91716c54 eeb6a1e7: add_timer_randomness(.. 8388864) with jiffies: 14139081648951230973, cycles: -4307662429052993525
[    5.685854] random 0038 0000 0000 91716c54 eeb6a1e7: added 1 entropy credits to input
[    5.693923] random 0039 0000 0000 91716c54 eeb6a1e7: add_disk_randomness(8:0) 91716c54 eeb6a1e7
[    5.693926] random 0039 0000 0000 91716c54 eeb6a1e7: add_timer_randomness(.. 8388864) with jiffies: 14211717474436219397, cycles: -4235026603568005109
[    5.693928] random 0039 0000 0000 91716c54 eeb6a1e7: added 2 entropy credits to input
[    5.693956] RANDOM get_random_int call with cycles 50553623400, jiffies 4294672902 and pid 1
[    5.693958] RANDOM get_random_int call with cycles 50553630750, jiffies 4294672902 and pid 1
[    5.693961] ASLR stack rand value: 3260416 after shift for pid: 1
[    5.693962] RANDOM get_random_int call with cycles 50553638615, jiffies 4294672902 and pid 1
[    5.705577] random 0041 0000 0000 91716c54 eeb6a1e7: add_disk_randomness(8:0) 91716c54 eeb6a1e7
[    5.705580] random 0041 0000 0000 91716c54 eeb6a1e7: add_timer_randomness(.. 8388864) with jiffies: 14316555285374403089, cycles: -4130188792629821429
[    5.705583] random 0041 0000 0000 91716c54 eeb6a1e7: added 2 entropy credits to input
[    5.705593] RANDOM get_random_int call with cycles 50578002248, jiffies 4294672913 and pid 1
[    5.705599] random 0043 0000 0000 91716c54 eeb6a1e7: rand_read_num 11 get_random_bytes(16): sig fffffcad 91716c54 eeb6a1e7
[    5.705601] random 0043 0000 0000 91716c54 eeb6a1e7: extract_entropy(.. 16 ..)
[    5.705604] random 0043 0000 0000 91716c54 eeb6a1e7: going to reseed nonblocking with 128 bits (128 of 0 requested)
[    5.705606] random 0043 0000 0000 91716c54 eeb6a1e7: extract_entropy(.. 16 ..)
[    5.705608] random 0043 0000 0000 91716c54 eeb6a1e7: trying to extract 128 bits from input
[    5.705610] random 0043 0000 0000 91716c54 eeb6a1e7: debiting 0 entropy credits from input
[    5.705612] random 0043 0000 0000 91716c54 eeb6a1e7: extract_entropy account returned: 0 
[    5.705615] random 0043 0000 0000 91716c54 eeb6a1e7: urand_change_num 47 xfer_secondary_pool(16): pool_sig fffffcad, data_sig 00000000, bytes_mixed 0 91716c54 eeb6a1e7
[    5.705618] random 0043 0000 0000 91716c54 eeb6a1e7: trying to extract 128 bits from nonblocking
[    5.705621] random 0043 0000 0000 91716c54 eeb6a1e7: debiting 128 entropy credits from nonblocking (unlimited)
[    5.705623] random 0043 0000 0000 91716c54 eeb6a1e7: extract_entropy account returned: 16 
[    5.705627] random 0043 0000 0000 91716c54 eeb6a1e7: urand_change_num 48 extract_buf: pool_sig fffffcad, data_sig ffffff19, bytes_mixed 20 91716c54 eeb6a1e7
[    5.705633] random 0043 0000 0000 fd637b06 6cf47bc1: urand_change_num 49 extract_buf: pool_sig fffffede, data_sig ffffffc1, bytes_mixed 20 fd637b06 6cf47bc1
[    5.706586] random 0043 0000 0000 fd637b06 6cf47bc1: add_disk_randomness(8:0) fd637b06 6cf47bc1
[    5.706589] random 0043 0000 0000 fd637b06 6cf47bc1: add_timer_randomness(.. 8388864) with jiffies: 14325632303617507858, cycles: -4121111774386716661
[    5.707726] random 0043 0000 0000 fd637b06 6cf47bc1: add_disk_randomness(8:0) fd637b06 6cf47bc1
[    5.707730] random 0043 0000 0000 fd637b06 6cf47bc1: add_timer_randomness(.. 8388864) with jiffies: 14335896145878549011, cycles: -4110847932125675509
[    5.708885] random 0043 0000 0000 fd637b06 6cf47bc1: add_disk_randomness(8:0) fd637b06 6cf47bc1
[    5.708888] random 0043 0000 0000 fd637b06 6cf47bc1: add_timer_randomness(.. 8388864) with jiffies: 14346323781012390420, cycles: -4100420296991834101
[    5.709757] random 0043 0000 0000 fd637b06 6cf47bc1: add_disk_randomness(8:0) fd637b06 6cf47bc1
[    5.709760] random 0043 0000 0000 fd637b06 6cf47bc1: add_timer_randomness(.. 8388864) with jiffies: 14354166807906714133, cycles: -4092577270097510389
[    5.718572] random 0043 0000 0000 fd637b06 6cf47bc1: add_disk_randomness(8:0) fd637b06 6cf47bc1
[    5.718575] random 0043 0000 0000 fd637b06 6cf47bc1: add_timer_randomness(.. 8388864) with jiffies: 14433465016726028830, cycles: -4013279061278195701
[    5.718578] random 0043 0000 0000 fd637b06 6cf47bc1: added 3 entropy credits to input
[    5.718770] random 0046 0000 0000 fd637b06 6cf47bc1: add_disk_randomness(8:0) fd637b06 6cf47bc1
[    5.718773] random 0046 0000 0000 fd637b06 6cf47bc1: add_timer_randomness(.. 8388864) with jiffies: 14435244279942840862, cycles: -4011499798061383669
[    5.728963] random 0046 0000 0000 fd637b06 6cf47bc1: add_disk_randomness(8:0) fd637b06 6cf47bc1
[    5.728966] random 0046 0000 0000 fd637b06 6cf47bc1: add_timer_randomness(.. 8388864) with jiffies: 14526933744289022505, cycles: -3919810333715202037
[    5.728969] random 0046 0000 0000 fd637b06 6cf47bc1: added 3 entropy credits to input
[    5.729397] random 0049 0000 0000 fd637b06 6cf47bc1: add_disk_randomness(8:0) fd637b06 6cf47bc1
[    5.729400] random 0049 0000 0000 fd637b06 6cf47bc1: add_timer_randomness(.. 8388864) with jiffies: 14530846914762211881, cycles: -3915897163242012661
[    5.739147] random 0049 0000 0000 fd637b06 6cf47bc1: add_disk_randomness(8:0) fd637b06 6cf47bc1
[    5.739150] random 0049 0000 0000 fd637b06 6cf47bc1: add_timer_randomness(.. 8388864) with jiffies: 14618553716064354867, cycles: -3828190361939869685
[    5.739153] random 0049 0000 0000 fd637b06 6cf47bc1: added 3 entropy credits to input
[    5.739206] RANDOM get_random_int call with cycles 50648406260, jiffies 4294672947 and pid 1
[    5.743750] random 0052 0000 0000 fd637b06 6cf47bc1: add_disk_randomness(8:0) fd637b06 6cf47bc1
[    5.743753] random 0052 0000 0000 fd637b06 6cf47bc1: add_timer_randomness(.. 8388864) with jiffies: 14659973513083585079, cycles: -3786770564920639477
[    5.743756] random 0052 0000 0000 fd637b06 6cf47bc1: added 2 entropy credits to input
[    5.756578] random 0054 0000 0000 fd637b06 6cf47bc1: add_disk_randomness(8:0) fd637b06 6cf47bc1
[    5.756581] random 0054 0000 0000 fd637b06 6cf47bc1: add_timer_randomness(.. 8388864) with jiffies: 14775371364407411268, cycles: -3671372713596813301
[    5.756584] random 0054 0000 0000 fd637b06 6cf47bc1: added 3 entropy credits to input
[    5.756720] random 0057 0000 0000 fd637b06 6cf47bc1: add_disk_randomness(8:0) fd637b06 6cf47bc1
[    5.756723] random 0057 0000 0000 fd637b06 6cf47bc1: add_timer_randomness(.. 8388864) with jiffies: 14776650186624827972, cycles: -3670093891379396597
[    5.758880] random 0057 0000 0000 fd637b06 6cf47bc1: add_disk_randomness(8:0) fd637b06 6cf47bc1
[    5.758883] random 0057 0000 0000 fd637b06 6cf47bc1: add_timer_randomness(.. 8388864) with jiffies: 14796084578631778886, cycles: -3650659499372445685
[    5.758886] random 0057 0000 0000 fd637b06 6cf47bc1: added 1 entropy credits to input
[    5.759129] random 0058 0000 0000 fd637b06 6cf47bc1: add_disk_randomness(8:0) fd637b06 6cf47bc1
[    5.759132] random 0058 0000 0000 fd637b06 6cf47bc1: add_timer_randomness(.. 8388864) with jiffies: 14798315625163489863, cycles: -3648428452840734709
[    5.759310] random 0058 0000 0000 fd637b06 6cf47bc1: add_disk_randomness(8:0) fd637b06 6cf47bc1
[    5.759313] random 0058 0000 0000 fd637b06 6cf47bc1: add_timer_randomness(.. 8388864) with jiffies: 14799941107076268615, cycles: -3646802970927955957
[    5.762435] random 0058 0000 0000 fd637b06 6cf47bc1: add_disk_randomness(8:0) fd637b06 6cf47bc1
[    5.762438] random 0058 0000 0000 fd637b06 6cf47bc1: add_timer_randomness(.. 8388864) with jiffies: 14828059544998609482, cycles: -3618684533005615093
[    5.762441] random 0058 0000 0000 fd637b06 6cf47bc1: added 1 entropy credits to input
[    5.764448] random 0059 0000 0000 fd637b06 6cf47bc1: add_disk_randomness(8:0) fd637b06 6cf47bc1
[    5.764451] random 0059 0000 0000 fd637b06 6cf47bc1: add_timer_randomness(.. 8388864) with jiffies: 14846166955319853644, cycles: -3600577122684370933
[    5.772279] random 0059 0000 0000 fd637b06 6cf47bc1: add_disk_randomness(8:0) fd637b06 6cf47bc1
[    5.772282] random 0059 0000 0000 fd637b06 6cf47bc1: add_timer_randomness(.. 8388864) with jiffies: 14916613133462897236, cycles: -3530130944541327349
[    5.772284] random 0059 0000 0000 fd637b06 6cf47bc1: added 2 entropy credits to input
[    5.772415] random 0061 0000 0000 fd637b06 6cf47bc1: add_disk_randomness(8:0) fd637b06 6cf47bc1
[    5.772418] random 0061 0000 0000 fd637b06 6cf47bc1: add_timer_randomness(.. 8388864) with jiffies: 14917843113312223828, cycles: -3528900964692000757
[    5.775976] random 0061 0000 0000 fd637b06 6cf47bc1: add_disk_randomness(8:0) fd637b06 6cf47bc1
[    5.775979] random 0061 0000 0000 fd637b06 6cf47bc1: add_timer_randomness(.. 8388864) with jiffies: 14949869310048961112, cycles: -3496874767955263477
[    5.775981] random 0061 0000 0000 fd637b06 6cf47bc1: added 2 entropy credits to input
[    5.780479] random 0063 0000 0000 fd637b06 6cf47bc1: add_disk_randomness(8:0) fd637b06 6cf47bc1
[    5.780482] random 0063 0000 0000 fd637b06 6cf47bc1: add_timer_randomness(.. 8388864) with jiffies: 14990392489695478364, cycles: -3456351588308746229
[    5.786050] random 0063 0000 0000 fd637b06 6cf47bc1: add_disk_randomness(8:0) fd637b06 6cf47bc1
[    5.786053] random 0063 0000 0000 fd637b06 6cf47bc1: add_timer_randomness(.. 8388864) with jiffies: 15040497818688782946, cycles: -3406246259315441653
[    5.786056] random 0063 0000 0000 fd637b06 6cf47bc1: added 1 entropy credits to input
[    5.792331] random 0064 0000 0000 fd637b06 6cf47bc1: add_disk_randomness(8:0) fd637b06 6cf47bc1
[    5.792334] random 0064 0000 0000 fd637b06 6cf47bc1: add_timer_randomness(.. 8388864) with jiffies: 15097005548056052328, cycles: -3349738529948172277
[    5.792344] random 0064 0000 0000 fd637b06 6cf47bc1: rand_read_num 12 get_random_bytes(16): sig 0000033b fd637b06 6cf47bc1
[    5.792347] random 0064 0000 0000 fd637b06 6cf47bc1: extract_entropy(.. 16 ..)
[    5.792349] random 0064 0000 0000 fd637b06 6cf47bc1: going to reseed nonblocking with 128 bits (128 of 0 requested)
[    5.792351] random 0064 0000 0000 fd637b06 6cf47bc1: extract_entropy(.. 16 ..)
[    5.792354] random 0064 0000 0000 fd637b06 6cf47bc1: trying to extract 128 bits from input
[    5.792356] random 0064 0000 0000 fd637b06 6cf47bc1: debiting 0 entropy credits from input
[    5.792358] random 0064 0000 0000 fd637b06 6cf47bc1: extract_entropy account returned: 0 
[    5.792361] random 0064 0000 0000 fd637b06 6cf47bc1: urand_change_num 50 xfer_secondary_pool(16): pool_sig 0000033b, data_sig 00000000, bytes_mixed 0 fd637b06 6cf47bc1
[    5.792364] random 0064 0000 0000 fd637b06 6cf47bc1: trying to extract 128 bits from nonblocking
[    5.792366] random 0064 0000 0000 fd637b06 6cf47bc1: debiting 128 entropy credits from nonblocking (unlimited)
[    5.792369] random 0064 0000 0000 fd637b06 6cf47bc1: extract_entropy account returned: 16 
[    5.792373] random 0064 0000 0000 fd637b06 6cf47bc1: urand_change_num 51 extract_buf: pool_sig 0000033b, data_sig 000000d8, bytes_mixed 20 fd637b06 6cf47bc1
[    5.792378] random 0064 0000 0000 0ec1f012 d4727ca8: urand_change_num 52 extract_buf: pool_sig fffffcf5, data_sig 00000016, bytes_mixed 20 0ec1f012 d4727ca8
[    5.799078] random 0064 0000 0000 45b1d0b1 845a73f7: add_disk_randomness(8:0) 45b1d0b1 845a73f7
[    5.799081] random 0064 0000 0000 45b1d0b1 845a73f7: add_timer_randomness(.. 8388864) with jiffies: 15157700368025748079, cycles: -3289043709978476533
[    5.806297] random 0064 0000 0000 45b1d0b1 845a73f7: add_disk_randomness(8:0) 45b1d0b1 845a73f7
[    5.806300] random 0064 0000 0000 45b1d0b1 845a73f7: add_timer_randomness(.. 8388864) with jiffies: 15222650465498661494, cycles: -3224093612505563125
[    5.815941] random 0064 0000 0000 45b1d0b1 845a73f7: add_disk_randomness(8:0) 45b1d0b1 845a73f7
[    5.815947] random 0064 0000 0000 45b1d0b1 845a73f7: add_timer_randomness(.. 8388864) with jiffies: 15309431241787015808, cycles: -3137312836217208821
[    5.815950] random 0064 0000 0000 45b1d0b1 845a73f7: added 1 entropy credits to input
[    5.823726] random 0065 0000 0000 45b1d0b1 845a73f7: add_disk_randomness(8:0) 45b1d0b1 845a73f7
[    5.823729] random 0065 0000 0000 45b1d0b1 845a73f7: add_timer_randomness(.. 8388864) with jiffies: 15379453957629510279, cycles: -3067290120374714357
[    5.823732] random 0065 0000 0000 45b1d0b1 845a73f7: added 1 entropy credits to input
[    5.826870] random 0066 0000 0000 45b1d0b1 845a73f7: add_disk_randomness(8:0) 45b1d0b1 845a73f7
[    5.826873] random 0066 0000 0000 45b1d0b1 845a73f7: add_timer_randomness(.. 8388864) with jiffies: 15407738035260588682, cycles: -3039006042743635957
[    5.841140] random 0066 0000 0000 45b1d0b1 845a73f7: add_disk_randomness(8:0) 45b1d0b1 845a73f7
[    5.841144] random 0066 0000 0000 45b1d0b1 845a73f7: add_timer_randomness(.. 8388864) with jiffies: 15536107271933887129, cycles: -2910636806070337525
[    5.841147] random 0066 0000 0000 45b1d0b1 845a73f7: added 3 entropy credits to input
[    5.846535] random 0069 0000 0000 45b1d0b1 845a73f7: add_disk_randomness(8:0) 45b1d0b1 845a73f7
[    5.846538] random 0069 0000 0000 45b1d0b1 845a73f7: add_timer_randomness(.. 8388864) with jiffies: 15584639388766405278, cycles: -2862104689237819381
[    5.846540] random 0069 0000 0000 45b1d0b1 845a73f7: added 2 entropy credits to input
[    5.851707] random 0071 0000 0000 45b1d0b1 845a73f7: add_disk_randomness(8:0) 45b1d0b1 845a73f7
[    5.851710] random 0071 0000 0000 45b1d0b1 845a73f7: add_timer_randomness(.. 8388864) with jiffies: 15631174062338441891, cycles: -2815570015665782773
[    5.859934] random 0071 0000 0000 45b1d0b1 845a73f7: add_disk_randomness(8:0) 45b1d0b1 845a73f7
[    5.859937] random 0071 0000 0000 45b1d0b1 845a73f7: add_timer_randomness(.. 8388864) with jiffies: 15705189006117143211, cycles: -2741555071887081461
[    5.859940] random 0071 0000 0000 45b1d0b1 845a73f7: added 1 entropy credits to input
[    5.869539] random 0072 0000 0000 45b1d0b1 845a73f7: add_disk_randomness(8:0) 45b1d0b1 845a73f7
[    5.869542] random 0072 0000 0000 45b1d0b1 845a73f7: add_timer_randomness(.. 8388864) with jiffies: 15791594028601672373, cycles: -2655150049402552309
[    5.889043] random 0072 0000 0000 45b1d0b1 845a73f7: add_disk_randomness(8:0) 45b1d0b1 845a73f7
[    5.889046] random 0072 0000 0000 45b1d0b1 845a73f7: add_timer_randomness(.. 8388864) with jiffies: 15967040955857208009, cycles: -2479703122147016693
[    5.889048] random 0072 0000 0000 45b1d0b1 845a73f7: added 3 entropy credits to input
[    5.902329] random 0075 0000 0000 45b1d0b1 845a73f7: add_disk_randomness(8:0) 45b1d0b1 845a73f7
[    5.902332] random 0075 0000 0000 45b1d0b1 845a73f7: add_timer_randomness(.. 8388864) with jiffies: 16086571330223964886, cycles: -2360172747780259829
[    5.902335] random 0075 0000 0000 45b1d0b1 845a73f7: added 2 entropy credits to input
[    5.910352] random 0077 0000 0000 45b1d0b1 845a73f7: add_disk_randomness(8:0) 45b1d0b1 845a73f7
[    5.910355] random 0077 0000 0000 45b1d0b1 845a73f7: add_timer_randomness(.. 8388864) with jiffies: 16158746937078285022, cycles: -2287997140925939701
[    5.910357] random 0077 0000 0000 45b1d0b1 845a73f7: added 1 entropy credits to input
[    5.920365] random 0078 0000 0000 45b1d0b1 845a73f7: add_disk_randomness(8:0) 45b1d0b1 845a73f7
[    5.920368] random 0078 0000 0000 45b1d0b1 845a73f7: add_timer_randomness(.. 8388864) with jiffies: 16248827201732707048, cycles: -2197916876271517685
[    5.920370] random 0078 0000 0000 45b1d0b1 845a73f7: added 1 entropy credits to input
[    5.933248] random 0079 0000 0000 45b1d0b1 845a73f7: add_disk_randomness(8:0) 45b1d0b1 845a73f7
[    5.933251] random 0079 0000 0000 45b1d0b1 845a73f7: add_timer_randomness(.. 8388864) with jiffies: 16364728199885325045, cycles: -2082015878118899701
[    5.940605] random 0079 0000 0000 45b1d0b1 845a73f7: add_disk_randomness(8:0) 45b1d0b1 845a73f7
[    5.940608] random 0079 0000 0000 45b1d0b1 845a73f7: add_timer_randomness(.. 8388864) with jiffies: 16430917975243719420, cycles: -2015826102760505333
[    5.940611] random 0079 0000 0000 45b1d0b1 845a73f7: added 2 entropy credits to input
[    5.945898] random 0081 0000 0000 45b1d0b1 845a73f7: add_disk_randomness(8:0) 45b1d0b1 845a73f7
[    5.945901] random 0081 0000 0000 45b1d0b1 845a73f7: add_timer_randomness(.. 8388864) with jiffies: 16478534933329707777, cycles: -1968209144674516981
[    5.945903] random 0081 0000 0000 45b1d0b1 845a73f7: added 1 entropy credits to input
[    5.952298] random 0082 0000 0000 45b1d0b1 845a73f7: add_disk_randomness(8:0) 45b1d0b1 845a73f7
[    5.952301] random 0082 0000 0000 45b1d0b1 845a73f7: add_timer_randomness(.. 8388864) with jiffies: 16536104747979735816, cycles: -1910639330024488949
[    5.952304] random 0082 0000 0000 45b1d0b1 845a73f7: added 1 entropy credits to input
[    5.957352] random 0083 0000 0000 45b1d0b1 845a73f7: add_disk_randomness(8:0) 45b1d0b1 845a73f7
[    5.957355] random 0083 0000 0000 45b1d0b1 845a73f7: add_timer_randomness(.. 8388864) with jiffies: 16581575081411183373, cycles: -1865168996593041397
[    5.957358] random 0083 0000 0000 45b1d0b1 845a73f7: added 1 entropy credits to input
[    5.963256] random 0084 0000 0000 45b1d0b1 845a73f7: add_disk_randomness(8:0) 45b1d0b1 845a73f7
[    5.963259] random 0084 0000 0000 45b1d0b1 845a73f7: add_timer_randomness(.. 8388864) with jiffies: 16634682034198643475, cycles: -1812062043805581301
[    5.972603] random 0084 0000 0000 45b1d0b1 845a73f7: add_disk_randomness(8:0) 45b1d0b1 845a73f7
[    5.972606] random 0084 0000 0000 45b1d0b1 845a73f7: add_timer_randomness(.. 8388864) with jiffies: 16718774972708520732, cycles: -1727969105295704053
[    5.972609] random 0084 0000 0000 45b1d0b1 845a73f7: added 1 entropy credits to input
[    5.977484] random 0085 0000 0000 45b1d0b1 845a73f7: add_disk_randomness(8:0) 45b1d0b1 845a73f7
[    5.977487] random 0085 0000 0000 45b1d0b1 845a73f7: add_timer_randomness(.. 8388864) with jiffies: 16762685532931851041, cycles: -1684058545072373749
[    5.977490] random 0085 0000 0000 45b1d0b1 845a73f7: added 2 entropy credits to input
[    5.984920] random 0087 0000 0000 45b1d0b1 845a73f7: add_disk_randomness(8:0) 45b1d0b1 845a73f7
[    5.984923] random 0087 0000 0000 45b1d0b1 845a73f7: add_timer_randomness(.. 8388864) with jiffies: 16829588294336217896, cycles: -1617155783668006901
[    5.984926] random 0087 0000 0000 45b1d0b1 845a73f7: added 1 entropy credits to input
[    5.991137] random 0088 0000 0000 45b1d0b1 845a73f7: add_disk_randomness(8:0) 45b1d0b1 845a73f7
[    5.991139] random 0088 0000 0000 45b1d0b1 845a73f7: add_timer_randomness(.. 8388864) with jiffies: 16885499929487442735, cycles: -1561244148516782069
[    5.991287] random 0088 0000 0000 45b1d0b1 845a73f7: add_disk_randomness(8:0) 45b1d0b1 845a73f7
[    5.991290] random 0088 0000 0000 45b1d0b1 845a73f7: add_timer_randomness(.. 8388864) with jiffies: 16886860012486099759, cycles: -1559884065518125045
[    6.005699] random 0088 0000 0000 45b1d0b1 845a73f7: add_disk_randomness(8:0) 45b1d0b1 845a73f7
[    6.005702] random 0088 0000 0000 45b1d0b1 845a73f7: add_timer_randomness(.. 8388864) with jiffies: 17016515510260171581, cycles: -1430228567744053237
[    6.005705] random 0088 0000 0000 45b1d0b1 845a73f7: added 3 entropy credits to input
[    6.013122] random 0091 0000 0000 45b1d0b1 845a73f7: add_disk_randomness(8:0) 45b1d0b1 845a73f7
[    6.013126] random 0091 0000 0000 45b1d0b1 845a73f7: add_timer_randomness(.. 8388864) with jiffies: 17083290556517024581, cycles: -1363453521487200245
[    6.013128] random 0091 0000 0000 45b1d0b1 845a73f7: added 2 entropy credits to input
[    6.022798] random 0093 0000 0000 45b1d0b1 845a73f7: add_disk_randomness(8:0) 45b1d0b1 845a73f7
[    6.022801] random 0093 0000 0000 45b1d0b1 845a73f7: add_timer_randomness(.. 8388864) with jiffies: 17170342319471952718, cycles: -1276401758532272117
[    6.033434] random 0093 0000 0000 45b1d0b1 845a73f7: add_disk_randomness(8:0) 45b1d0b1 845a73f7
[    6.033436] random 0093 0000 0000 45b1d0b1 845a73f7: add_timer_randomness(.. 8388864) with jiffies: 17266017152691569497, cycles: -1180726925312655349
[    6.045953] random 0093 0000 0000 45b1d0b1 845a73f7: add_disk_randomness(8:0) 45b1d0b1 845a73f7
[    6.045956] random 0093 0000 0000 45b1d0b1 845a73f7: add_timer_randomness(.. 8388864) with jiffies: 17378634944699138918, cycles: -1068109133305085941
[    6.047170] random 0093 0000 0000 45b1d0b1 845a73f7: add_disk_randomness(8:0) 45b1d0b1 845a73f7
[    6.047173] random 0093 0000 0000 45b1d0b1 845a73f7: add_timer_randomness(.. 8388864) with jiffies: 17389586385454465895, cycles: -1057157692549758965
[    6.051179] random 0093 0000 0000 45b1d0b1 845a73f7: add_disk_randomness(8:0) 45b1d0b1 845a73f7
[    6.051182] random 0093 0000 0000 45b1d0b1 845a73f7: add_timer_randomness(.. 8388864) with jiffies: 17425652656063087467, cycles: -1021091421941137397
[    6.051185] random 0093 0000 0000 45b1d0b1 845a73f7: added 1 entropy credits to input
[    6.060522] random 0094 0000 0000 45b1d0b1 845a73f7: add_disk_randomness(8:0) 45b1d0b1 845a73f7
[    6.060525] random 0094 0000 0000 45b1d0b1 845a73f7: add_timer_randomness(.. 8388864) with jiffies: 17509713575591773044, cycles: -937030502412451829
[    6.060528] random 0094 0000 0000 45b1d0b1 845a73f7: added 1 entropy credits to input
[    6.060867] random 0095 0000 0000 45b1d0b1 845a73f7: add_disk_randomness(8:0) 45b1d0b1 845a73f7
[    6.060870] random 0095 0000 0000 45b1d0b1 845a73f7: add_timer_randomness(.. 8388864) with jiffies: 17512824557843219316, cycles: -933919520161005557
[    6.076528] random 0095 0000 0000 45b1d0b1 845a73f7: add_disk_randomness(8:0) 45b1d0b1 845a73f7
[    6.076531] random 0095 0000 0000 45b1d0b1 845a73f7: add_timer_randomness(.. 8388864) with jiffies: 17653705549645841284, cycles: -793038528358383605
[    6.076534] random 0095 0000 0000 45b1d0b1 845a73f7: added 4 entropy credits to input
[    6.078160] random 0099 0000 0000 45b1d0b1 845a73f7: add_disk_randomness(8:0) 45b1d0b1 845a73f7
[    6.078163] random 0099 0000 0000 45b1d0b1 845a73f7: add_timer_randomness(.. 8388864) with jiffies: 17668382281824961414, cycles: -778361796179263477
[    6.078166] random 0099 0000 0000 45b1d0b1 845a73f7: added 1 entropy credits to input
[    6.078309] random 0100 0000 0000 45b1d0b1 845a73f7: add_disk_randomness(8:0) 45b1d0b1 845a73f7
[    6.078312] random 0100 0000 0000 45b1d0b1 845a73f7: add_timer_randomness(.. 8388864) with jiffies: 17669727710395204486, cycles: -777016367609020405
[    6.089186] random 0100 0000 0000 45b1d0b1 845a73f7: add_disk_randomness(8:0) 45b1d0b1 845a73f7
[    6.089189] random 0100 0000 0000 45b1d0b1 845a73f7: add_timer_randomness(.. 8388864) with jiffies: 17767573434834584465, cycles: -679170643169640437
[    6.089192] random 0100 0000 0000 45b1d0b1 845a73f7: added 3 entropy credits to input
[    6.089751] random 0103 0000 0000 45b1d0b1 845a73f7: add_disk_randomness(8:0) 45b1d0b1 845a73f7
[    6.089754] random 0103 0000 0000 45b1d0b1 845a73f7: add_timer_randomness(.. 8388864) with jiffies: 17772662872296096657, cycles: -674081205708128245
[    6.094983] random 0103 0000 0000 45b1d0b1 845a73f7: add_disk_randomness(8:0) 45b1d0b1 845a73f7
[    6.094986] random 0103 0000 0000 45b1d0b1 845a73f7: add_timer_randomness(.. 8388864) with jiffies: 17819719680747340695, cycles: -627024397256884213
[    6.094989] random 0103 0000 0000 45b1d0b1 845a73f7: added 2 entropy credits to input
[    6.096737] random 0105 0000 0000 45b1d0b1 845a73f7: add_disk_randomness(8:0) 45b1d0b1 845a73f7
[    6.096740] random 0105 0000 0000 45b1d0b1 845a73f7: add_timer_randomness(.. 8388864) with jiffies: 17835510089356379032, cycles: -611233988647845877
[    6.106965] random 0105 0000 0000 45b1d0b1 845a73f7: add_disk_randomness(8:0) 45b1d0b1 845a73f7
