[    0.000000] random 0000 0000 0000 00000000 00000000: rand_read_num 1 get_random_bytes(8): sig 00000000 00000000 00000000
[    0.000000] random 0000 0000 0000 00000000 00000000: extract_entropy(.. 8 ..)
[    0.000000] random 0000 0000 0000 00000000 00000000: going to reseed nonblocking with 64 bits (64 of 0 requested)
[    0.000000] random 0000 0000 0000 00000000 00000000: extract_entropy(.. 8 ..)
[    0.000000] random 0000 0000 0000 00000000 00000000: trying to extract 64 bits from input
[    0.000000] random 0000 0000 0000 00000000 00000000: debiting 0 entropy credits from input
[    0.000000] random 0000 0000 0000 00000000 00000000: extract_entropy account returned: 0 
[    0.000000] random 0000 0000 0000 00000000 00000000: urand_change_num 1 xfer_secondary_pool(8): pool_sig 00000000, data_sig 00000000, bytes_mixed 0 00000000 00000000
[    0.000000] random 0000 0000 0000 00000000 00000000: trying to extract 64 bits from nonblocking
[    0.000000] random 0000 0000 0000 00000000 00000000: debiting 64 entropy credits from nonblocking (unlimited)
[    0.000000] random 0000 0000 0000 00000000 00000000: extract_entropy account returned: 8 
[    0.000000] random 0000 0000 0000 00000000 00000000: urand_change_num 2 extract_buf: pool_sig 00000000, data_sig fffffff9, bytes_mixed 20 00000000 00000000
[    0.000000] Linux version 2.6.32.57 (dcashman@dcashman-02) (gcc version 4.3.3 (GCC) ) #6 Thu May 30 09:02:12 PDT 2013
[    0.000000] KERNEL supported cpus:
[    0.000000]   Intel GenuineIntel
[    0.000000]   AMD AuthenticAMD
[    0.000000]   NSC Geode by NSC
[    0.000000]   Cyrix CyrixInstead
[    0.000000]   Centaur CentaurHauls
[    0.000000]   Transmeta GenuineTMx86
[    0.000000]   Transmeta TransmetaCPU
[    0.000000]   UMC UMC UMC UMC
[    0.000000] BIOS-provided physical RAM map:
[    0.000000]  BIOS-e820: 0000000000000000 - 000000000009d800 (usable)
[    0.000000]  BIOS-e820: 000000000009d800 - 00000000000a0000 (reserved)
[    0.000000]  BIOS-e820: 00000000000d2000 - 00000000000d4000 (reserved)
[    0.000000]  BIOS-e820: 00000000000e0000 - 0000000000100000 (reserved)
[    0.000000]  BIOS-e820: 0000000000100000 - 000000003d6b0000 (usable)
[    0.000000]  BIOS-e820: 000000003d6b0000 - 000000003d6cc000 (ACPI data)
[    0.000000]  BIOS-e820: 000000003d6cc000 - 000000003d700000 (ACPI NVS)
[    0.000000]  BIOS-e820: 000000003d700000 - 000000003e000000 (reserved)
[    0.000000]  BIOS-e820: 00000000f0000000 - 00000000f4000000 (reserved)
[    0.000000]  BIOS-e820: 00000000fec00000 - 00000000fec10000 (reserved)
[    0.000000]  BIOS-e820: 00000000fed00000 - 00000000fed00400 (reserved)
[    0.000000]  BIOS-e820: 00000000fed14000 - 00000000fed1a000 (reserved)
[    0.000000]  BIOS-e820: 00000000fed1c000 - 00000000fed90000 (reserved)
[    0.000000]  BIOS-e820: 00000000fee00000 - 00000000fee01000 (reserved)
[    0.000000]  BIOS-e820: 00000000ff000000 - 0000000100000000 (reserved)
[    0.000000] DMI present.
[    0.000000] last_pfn = 0x3d6b0 max_arch_pfn = 0x100000
[    0.000000] MTRR default type: uncachable
[    0.000000] MTRR fixed ranges enabled:
[    0.000000]   00000-9FFFF write-back
[    0.000000]   A0000-BFFFF uncachable
[    0.000000]   C0000-CFFFF write-protect
[    0.000000]   D0000-DFFFF uncachable
[    0.000000]   E0000-FFFFF write-protect
[    0.000000] MTRR variable ranges enabled:
[    0.000000]   0 base 03E000000 mask FFE000000 uncachable
[    0.000000]   1 base 000000000 mask FC0000000 write-back
[    0.000000]   2 base 03D700000 mask FFFF00000 uncachable
[    0.000000]   3 base 03D800000 mask FFF800000 uncachable
[    0.000000]   4 disabled
[    0.000000]   5 disabled
[    0.000000]   6 disabled
[    0.000000]   7 disabled
[    0.000000] initial memory mapped : 0 - 02000000
[    0.000000] init_memory_mapping: 0000000000000000-00000000377fe000
[    0.000000]  0000000000 - 0000400000 page 4k
[    0.000000]  0000400000 - 0037400000 page 2M
[    0.000000]  0037400000 - 00377fe000 page 4k
[    0.000000] kernel direct mapping tables up to 377fe000 @ 7000-c000
[    0.000000] ACPI: RSDP 000f68d0 00024 (v02 LENOVO)
[    0.000000] ACPI: XSDT 3d6bb77f 00094 (v01 LENOVO TP-7L    00002170  LTP 00000000)
[    0.000000] ACPI: FACP 3d6bb900 000F4 (v03 LENOVO TP-7L    00002170 LNVO 00000001)
[    0.000000] ACPI Warning: 32/64X length mismatch in Gpe1Block: 0/32 (20090903/tbfadt-526)
[    0.000000] ACPI Warning: Optional field Gpe1Block has zero address or length: 000000000000102C/0 (20090903/tbfadt-557)
[    0.000000] ACPI: DSDT 3d6bbd1d 0FED1 (v01 LENOVO TP-7L    00002170 MSFT 03000000)
[    0.000000] ACPI: FACS 3d6e4000 00040
[    0.000000] ACPI: SSDT 3d6bbab4 00269 (v01 LENOVO TP-7L    00002170 MSFT 03000000)
[    0.000000] ACPI: ECDT 3d6cbbee 00052 (v01 LENOVO TP-7L    00002170 LNVO 00000001)
[    0.000000] ACPI: TCPA 3d6cbc40 00032 (v02 LENOVO TP-7L    00002170 LNVO 00000001)
[    0.000000] ACPI: APIC 3d6cbc72 00068 (v01 LENOVO TP-7L    00002170 LNVO 00000001)
[    0.000000] ACPI: MCFG 3d6cbcda 0003C (v01 LENOVO TP-7L    00002170 LNVO 00000001)
[    0.000000] ACPI: HPET 3d6cbd16 00038 (v01 LENOVO TP-7L    00002170 LNVO 00000001)
[    0.000000] ACPI: SLIC 3d6cbdf0 00176 (v01 LENOVO TP-7L    00002170  LTP 00000000)
[    0.000000] ACPI: BOOT 3d6cbf66 00028 (v01 LENOVO TP-7L    00002170  LTP 00000001)
[    0.000000] ACPI: ASF! 3d6cbf8e 00072 (v16 LENOVO TP-7L    00002170 PTL  00000001)
[    0.000000] ACPI: SSDT 3d6e26d9 0025F (v01 LENOVO TP-7L    00002170 INTL 20050513)
[    0.000000] ACPI: SSDT 3d6e2938 000A6 (v01 LENOVO TP-7L    00002170 INTL 20050513)
[    0.000000] ACPI: SSDT 3d6e29de 004F7 (v01 LENOVO TP-7L    00002170 INTL 20050513)
[    0.000000] ACPI: SSDT 3d6e2ed5 001D8 (v01 LENOVO TP-7L    00002170 INTL 20050513)
[    0.000000] ACPI: DMI detected: Lenovo ThinkPad R61
[    0.000000] ACPI: Added _OSI(Linux)
[    0.000000] ACPI: Local APIC address 0xfee00000
[    0.000000] 94MB HIGHMEM available.
[    0.000000] 887MB LOWMEM available.
[    0.000000]   mapped low ram: 0 - 377fe000
[    0.000000]   low ram: 0 - 377fe000
[    0.000000]   node 0 low ram: 00000000 - 377fe000
[    0.000000]   node 0 bootmap 00008000 - 0000ef00
[    0.000000] (6 early reservations) ==> bootmem [0000000000 - 00377fe000]
[    0.000000]   #0 [0000000000 - 0000001000]   BIOS data page ==> [0000000000 - 0000001000]
[    0.000000]   #1 [0001000000 - 0001bdc180]    TEXT DATA BSS ==> [0001000000 - 0001bdc180]
[    0.000000]   #2 [000009d800 - 0000100000]    BIOS reserved ==> [000009d800 - 0000100000]
[    0.000000]   #3 [0001bdd000 - 0001be516c]              BRK ==> [0001bdd000 - 0001be516c]
[    0.000000]   #4 [0000007000 - 0000008000]          PGTABLE ==> [0000007000 - 0000008000]
[    0.000000]   #5 [0000008000 - 000000f000]          BOOTMAP ==> [0000008000 - 000000f000]
[    0.000000] found SMP MP-table at [c00f6900] f6900
[    0.000000] Zone PFN ranges:
[    0.000000]   DMA      0x00000000 -> 0x00001000
[    0.000000]   Normal   0x00001000 -> 0x000377fe
[    0.000000]   HighMem  0x000377fe -> 0x0003d6b0
[    0.000000] Movable zone start PFN for each node
[    0.000000] early_node_map[2] active PFN ranges
[    0.000000]     0: 0x00000000 -> 0x0000009d
[    0.000000]     0: 0x00000100 -> 0x0003d6b0
[    0.000000] On node 0 totalpages: 251469
[    0.000000] free_area_init_node: node 0, pgdat c1901ea0, node_mem_map c1be7000
[    0.000000]   DMA zone: 32 pages used for memmap
[    0.000000]   DMA zone: 0 pages reserved
[    0.000000]   DMA zone: 3965 pages, LIFO batch:0
[    0.000000]   Normal zone: 1744 pages used for memmap
[    0.000000]   Normal zone: 221486 pages, LIFO batch:31
[    0.000000]   HighMem zone: 190 pages used for memmap
[    0.000000]   HighMem zone: 24052 pages, LIFO batch:3
[    0.000000] Using APIC driver default
[    0.000000] ACPI: PM-Timer IO Port: 0x1008
[    0.000000] ACPI: Local APIC address 0xfee00000
[    0.000000] ACPI: LAPIC (acpi_id[0x00] lapic_id[0x00] enabled)
[    0.000000] ACPI: LAPIC (acpi_id[0x01] lapic_id[0x01] enabled)
[    0.000000] ACPI: NR_CPUS/possible_cpus limit of 1 reached.  Processor 1/0x1 ignored.
[    0.000000] ACPI: LAPIC_NMI (acpi_id[0x00] high edge lint[0x1])
[    0.000000] ACPI: LAPIC_NMI (acpi_id[0x01] high edge lint[0x1])
[    0.000000] ACPI: IOAPIC (id[0x01] address[0xfec00000] gsi_base[0])
[    0.000000] IOAPIC[0]: apic_id 1, version 32, address 0xfec00000, GSI 0-23
[    0.000000] ACPI: INT_SRC_OVR (bus 0 bus_irq 0 global_irq 2 dfl dfl)
[    0.000000] ACPI: INT_SRC_OVR (bus 0 bus_irq 9 global_irq 9 high level)
[    0.000000] ACPI: IRQ0 used by override.
[    0.000000] ACPI: IRQ2 used by override.
[    0.000000] ACPI: IRQ9 used by override.
[    0.000000] Using ACPI (MADT) for SMP configuration information
[    0.000000] ACPI: HPET id: 0x8086a201 base: 0xfed00000
[    0.000000] nr_irqs_gsi: 24
[    0.000000] PM: Registered nosave memory: 000000000009d000 - 000000000009e000
[    0.000000] PM: Registered nosave memory: 000000000009e000 - 00000000000a0000
[    0.000000] PM: Registered nosave memory: 00000000000a0000 - 00000000000d2000
[    0.000000] PM: Registered nosave memory: 00000000000d2000 - 00000000000d4000
[    0.000000] PM: Registered nosave memory: 00000000000d4000 - 00000000000e0000
[    0.000000] PM: Registered nosave memory: 00000000000e0000 - 0000000000100000
[    0.000000] Allocating PCI resources starting at 3e000000 (gap: 3e000000:b2000000)
[    0.000000] Built 1 zonelists in Zone order, mobility grouping on.  Total pages: 249503
[    0.000000] Kernel command line: auto BOOT_IMAGE=Linux ro root=802 vt.default_utf8=0 maxcpus=0
[    0.000000] PID hash table entries: 4096 (order: 2, 16384 bytes)
[    0.000000] Dentry cache hash table entries: 131072 (order: 7, 524288 bytes)
[    0.000000] Inode-cache hash table entries: 65536 (order: 6, 262144 bytes)
[    0.000000] Enabling fast FPU save and restore... done.
[    0.000000] Enabling unmasked SIMD FPU exception support... done.
[    0.000000] Initializing CPU#0
[    0.000000] Initializing HighMem for node 0 (000377fe:0003d6b0)
[    0.000000] Memory: 984800k/1006272k available (6915k kernel code, 20876k reserved, 2327k data, 448k init, 96968k highmem)
[    0.000000] virtual kernel memory layout:
[    0.000000]     fixmap  : 0xfffa3000 - 0xfffff000   ( 368 kB)
[    0.000000]     pkmap   : 0xff800000 - 0xffc00000   (4096 kB)
[    0.000000]     vmalloc : 0xf7ffe000 - 0xff7fe000   ( 120 MB)
[    0.000000]     lowmem  : 0xc0000000 - 0xf77fe000   ( 887 MB)
[    0.000000]       .init : 0xc1907000 - 0xc1977000   ( 448 kB)
[    0.000000]       .data : 0xc16c0d3f - 0xc1906c64   (2327 kB)
[    0.000000]       .text : 0xc1000000 - 0xc16c0d3f   (6915 kB)
[    0.000000] Checking if this processor honours the WP bit even in supervisor mode...Ok.
[    0.000000] SLUB: Genslabs=13, HWalign=64, Order=0-3, MinObjects=0, CPUs=1, Nodes=1
[    0.000000] Hierarchical RCU implementation.
[    0.000000] NR_IRQS:288
[    0.000000] Extended CMOS year: 2000
[    0.000000] Console: colour VGA+ 80x25
[    0.000000] console [tty0] enabled
[    0.000000] hpet clockevent registered
[    0.000000] Fast TSC calibration using PIT
[    0.000000] Detected 2094.877 MHz processor.
[    0.001002] Calibrating delay loop (skipped), value calculated using timer frequency.. 4189.75 BogoMIPS (lpj=2094877)
[    0.002010] Security Framework initialized
[    0.002098] Mount-cache hash table entries: 512
[    0.002245] CPU: L1 I cache: 32K, L1 D cache: 32K
[    0.002376] CPU: L2 cache: 3072K
[    0.002459] mce: CPU supports 6 MCE banks
[    0.002547] CPU0: Thermal monitoring enabled (TM2)
[    0.002631] using mwait in idle threads.
[    0.002720] CPU: Intel(R) Core(TM)2 Duo CPU     T8100  @ 2.10GHz stepping 06
[    0.002895] Checking 'hlt' instruction... OK.
[    0.006937] ACPI: Core revision 20090903
[    0.026011] RANDOM get_random_int first call with cycles 32573200170, jiffies 4294667322 and pid 0
[    0.026019] CANARY value: 4e191ed3 for PID: 1
[    0.026026] CANARY value: 3835b892 for PID: 2
[    0.026048] Enabling APIC mode:  Flat.  Using 1 I/O APICs
[    0.026506] ..TIMER: vector=0x30 apic1=0 pin1=2 apic2=-1 pin2=-1
[    0.036997] xor: automatically using best checksumming function: pIII_sse
[    0.040998]    pIII_sse  :  8568.000 MB/sec
[    0.041086] xor: using function: pIII_sse (8568.000 MB/sec)
[    0.041180] RANDOM - __seed init called.
[    0.041181] RANDOM - __seed init called.
[    0.041182] RANDOM - __seed init called.
[    0.041184] RANDOM - __random32 called. Change num 1.  Value: e6b75c0e	845fdb3c	4764ecc7
[    0.041186] RANDOM - __random32 called. Change num 2.  Value: 75c0e1a6	45fdb3ca	d98f8871
[    0.041188] RANDOM - __random32 called. Change num 3.  Value: e1a6d3e	5fdb3ca9	10e2be79
[    0.041189] RANDOM - __random32 called. Change num 4.  Value: a6d3e877	fdb3ca90	7cf2fee9
[    0.041191] RANDOM - __random32 called. Change num 5.  Value: 3e877b7b	db3ca905	fdd36ca1
[    0.041193] RANDOM - __random32 called. Change num 6.  Value: 77b7ba3d	b3ca905b	d9426901
[    0.041194] RANDOM - random32 init called.  Value: 77b7ba3d	b3ca905b	d9426901
[    0.041211] NET: Registered protocol family 16
[    0.041478] ACPI FADT declares the system doesn't support PCIe ASPM, so disable it
[    0.041601] ACPI: bus type pci registered
[    0.041768] PCI: MCFG configuration 0: base f0000000 segment 0 buses 0 - 63
[    0.041861] PCI: MCFG area at f0000000 reserved in E820
[    0.041949] PCI: Using MMCONFIG for extended config space
[    0.042002] PCI: Using configuration type 1 for base access
[    0.045144] bio: create slab <bio-0> at 0
[    0.045953] ACPI: EC: EC description table is found, configuring boot EC
[    0.051126] ACPI: BIOS _OSI(Linux) query honored via DMI
[    0.051849] random 0000 0000 0000 00000000 00000000: rand_read_num 2 get_random_bytes(8): sig fffffe1a 00000000 00000000
[    0.051852] random 0000 0000 0000 00000000 00000000: extract_entropy(.. 8 ..)
[    0.051854] random 0000 0000 0000 00000000 00000000: going to reseed nonblocking with 64 bits (64 of 0 requested)
[    0.051857] random 0000 0000 0000 00000000 00000000: extract_entropy(.. 8 ..)
[    0.051859] random 0000 0000 0000 00000000 00000000: trying to extract 64 bits from input
[    0.051861] random 0000 0000 0000 00000000 00000000: debiting 0 entropy credits from input
[    0.051863] random 0000 0000 0000 00000000 00000000: extract_entropy account returned: 0 
[    0.051895] random 0000 0000 0000 00000000 00000000: urand_change_num 3 xfer_secondary_pool(8): pool_sig fffffe1a, data_sig 00000000, bytes_mixed 0 00000000 00000000
[    0.051898] random 0000 0000 0000 00000000 00000000: trying to extract 64 bits from nonblocking
[    0.051900] random 0000 0000 0000 00000000 00000000: debiting 64 entropy credits from nonblocking (unlimited)
[    0.051902] random 0000 0000 0000 00000000 00000000: extract_entropy account returned: 8 
[    0.051907] random 0000 0000 0000 00000000 00000000: urand_change_num 4 extract_buf: pool_sig fffffe1a, data_sig fffffed7, bytes_mixed 20 00000000 00000000
[    0.057711] ACPI: Interpreter enabled
[    0.057802] ACPI: (supports S0 S3 S4 S5)
[    0.058255] ACPI: Using IOAPIC for interrupt routing
[    0.067706] ACPI: EC: GPE = 0x12, I/O: command/status = 0x66, data = 0x62
[    0.067985] ACPI: Power Resource [PUBS] (on)
[    0.070103] ACPI: ACPI Dock Station Driver: 3 docks/bays found
[    0.070510] ACPI: PCI Root Bridge [PCI0] (0000:00)
[    0.070695] pci 0000:00:02.0: reg 10 64bit mmio: [0xf8100000-0xf81fffff]
[    0.070701] pci 0000:00:02.0: reg 18 64bit mmio pref: [0xe0000000-0xefffffff]
[    0.070705] pci 0000:00:02.0: reg 20 io port: [0x1800-0x1807]
[    0.070739] pci 0000:00:02.1: reg 10 64bit mmio: [0xf8200000-0xf82fffff]
[    0.070840] pci 0000:00:19.0: reg 10 32bit mmio: [0xfe000000-0xfe01ffff]
[    0.070849] pci 0000:00:19.0: reg 14 32bit mmio: [0xfe025000-0xfe025fff]
[    0.070858] pci 0000:00:19.0: reg 18 io port: [0x1840-0x185f]
[    0.070933] pci 0000:00:19.0: PME# supported from D0 D3hot D3cold
[    0.071002] pci 0000:00:19.0: PME# disabled
[    0.071151] pci 0000:00:1a.0: reg 20 io port: [0x1860-0x187f]
[    0.071230] pci 0000:00:1a.1: reg 20 io port: [0x1880-0x189f]
[    0.071311] pci 0000:00:1a.7: reg 10 32bit mmio: [0xfe226c00-0xfe226fff]
[    0.071392] pci 0000:00:1a.7: PME# supported from D0 D3hot D3cold
[    0.071486] pci 0000:00:1a.7: PME# disabled
[    0.071635] pci 0000:00:1b.0: reg 10 64bit mmio: [0xfe020000-0xfe023fff]
[    0.071720] pci 0000:00:1b.0: PME# supported from D0 D3hot D3cold
[    0.071818] pci 0000:00:1b.0: PME# disabled
[    0.072053] pci 0000:00:1c.0: PME# supported from D0 D3hot D3cold
[    0.072146] pci 0000:00:1c.0: PME# disabled
[    0.072358] pci 0000:00:1c.1: PME# supported from D0 D3hot D3cold
[    0.072455] pci 0000:00:1c.1: PME# disabled
[    0.072665] pci 0000:00:1c.2: PME# supported from D0 D3hot D3cold
[    0.072774] pci 0000:00:1c.2: PME# disabled
[    0.072981] pci 0000:00:1c.3: PME# supported from D0 D3hot D3cold
[    0.072999] pci 0000:00:1c.3: PME# disabled
[    0.073853] pci 0000:00:1c.4: PME# supported from D0 D3hot D3cold
[    0.073999] pci 0000:00:1c.4: PME# disabled
[    0.074145] pci 0000:00:1d.0: reg 20 io port: [0x18a0-0x18bf]
[    0.074226] pci 0000:00:1d.1: reg 20 io port: [0x18c0-0x18df]
[    0.074303] pci 0000:00:1d.2: reg 20 io port: [0x18e0-0x18ff]
[    0.074384] pci 0000:00:1d.7: reg 10 32bit mmio: [0xfe227000-0xfe2273ff]
[    0.074481] pci 0000:00:1d.7: PME# supported from D0 D3hot D3cold
[    0.074577] pci 0000:00:1d.7: PME# disabled
[    0.074892] pci 0000:00:1f.0: quirk: region 1000-107f claimed by ICH6 ACPI/GPIO/TCO
[    0.074998] pci 0000:00:1f.0: quirk: region 1180-11bf claimed by ICH6 GPIO
[    0.075092] pci 0000:00:1f.0: ICH7 LPC Generic IO decode 1 PIO at 1600 (mask 007f)
[    0.075215] pci 0000:00:1f.0: ICH7 LPC Generic IO decode 2 PIO at 15e0 (mask 000f)
[    0.075341] pci 0000:00:1f.0: ICH7 LPC Generic IO decode 3 PIO at 1680 (mask 001f)
[    0.075545] pci 0000:00:1f.1: reg 10 io port: [0x00-0x07]
[    0.075554] pci 0000:00:1f.1: reg 14 io port: [0x00-0x03]
[    0.075563] pci 0000:00:1f.1: reg 18 io port: [0x00-0x07]
[    0.075574] pci 0000:00:1f.1: reg 1c io port: [0x00-0x03]
[    0.075583] pci 0000:00:1f.1: reg 20 io port: [0x1c00-0x1c0f]
[    0.075671] pci 0000:00:1f.2: reg 10 io port: [0x1c50-0x1c57]
[    0.075680] pci 0000:00:1f.2: reg 14 io port: [0x1c44-0x1c47]
[    0.075687] pci 0000:00:1f.2: reg 18 io port: [0x1c48-0x1c4f]
[    0.075696] pci 0000:00:1f.2: reg 1c io port: [0x1c40-0x1c43]
[    0.075704] pci 0000:00:1f.2: reg 20 io port: [0x1c20-0x1c3f]
[    0.075713] pci 0000:00:1f.2: reg 24 32bit mmio: [0xfe226000-0xfe2267ff]
[    0.075778] pci 0000:00:1f.2: PME# supported from D3hot
[    0.075879] pci 0000:00:1f.2: PME# disabled
[    0.076027] pci 0000:00:1f.3: reg 10 32bit mmio: [0xfe227400-0xfe2274ff]
[    0.076051] pci 0000:00:1f.3: reg 20 io port: [0x1c60-0x1c7f]
[    0.076141] pci 0000:00:1c.0: bridge io port: [0x2000-0x2fff]
[    0.076148] pci 0000:00:1c.0: bridge 32bit mmio: [0xfc000000-0xfdffffff]
[    0.076157] pci 0000:00:1c.0: bridge 64bit mmio pref: [0xf8000000-0xf80fffff]
[    0.076231] pci 0000:03:00.0: reg 10 64bit mmio: [0xdf3f0000-0xdf3fffff]
[    0.076425] pci 0000:00:1c.1: bridge io port: [0x3000-0x3fff]
[    0.076431] pci 0000:00:1c.1: bridge 32bit mmio: [0xdc000000-0xdf3fffff]
[    0.076439] pci 0000:00:1c.1: bridge 64bit mmio pref: [0xdfe00000-0xdfefffff]
[    0.076495] pci 0000:00:1c.2: bridge io port: [0x4000-0x4fff]
[    0.076501] pci 0000:00:1c.2: bridge 32bit mmio: [0xd8000000-0xd9ffffff]
[    0.076508] pci 0000:00:1c.2: bridge 64bit mmio pref: [0xdfb00000-0xdfbfffff]
[    0.076564] pci 0000:00:1c.3: bridge io port: [0x5000-0x5fff]
[    0.076568] pci 0000:00:1c.3: bridge 32bit mmio: [0xd4000000-0xd5ffffff]
[    0.076578] pci 0000:00:1c.3: bridge 64bit mmio pref: [0xdf800000-0xdf8fffff]
[    0.076634] pci 0000:00:1c.4: bridge io port: [0x6000-0x6fff]
[    0.076641] pci 0000:00:1c.4: bridge 32bit mmio: [0xd0000000-0xd1ffffff]
[    0.076649] pci 0000:00:1c.4: bridge 64bit mmio pref: [0xdf500000-0xdf5fffff]
[    0.076708] pci 0000:15:00.0: reg 10 32bit mmio: [0xf8300000-0xf8300fff]
[    0.076761] pci 0000:15:00.0: supports D1 D2
[    0.076762] pci 0000:15:00.0: PME# supported from D0 D1 D2 D3hot D3cold
[    0.076863] pci 0000:15:00.0: PME# disabled
[    0.077060] pci 0000:15:00.1: reg 10 32bit mmio: [0xf8301000-0xf83017ff]
[    0.077162] pci 0000:15:00.1: supports D1 D2
[    0.077163] pci 0000:15:00.1: PME# supported from D0 D1 D2 D3hot D3cold
[    0.077258] pci 0000:15:00.1: PME# disabled
[    0.077438] pci 0000:00:1e.0: transparent bridge
[    0.077537] pci 0000:00:1e.0: bridge io port: [0x7000-0xafff]
[    0.077543] pci 0000:00:1e.0: bridge 32bit mmio: [0xf8300000-0xfbffffff]
[    0.077552] pci 0000:00:1e.0: bridge 64bit mmio pref: [0xf4000000-0xf7ffffff]
[    0.077616] pci_bus 0000:00: on NUMA node 0
[    0.077620] ACPI: PCI Interrupt Routing Table [\_SB_.PCI0._PRT]
[    0.077753] ACPI: PCI Interrupt Routing Table [\_SB_.PCI0.EXP0._PRT]
[    0.077813] ACPI: PCI Interrupt Routing Table [\_SB_.PCI0.EXP1._PRT]
[    0.077871] ACPI: PCI Interrupt Routing Table [\_SB_.PCI0.EXP2._PRT]
[    0.077929] ACPI: PCI Interrupt Routing Table [\_SB_.PCI0.EXP3._PRT]
[    0.078001] ACPI: PCI Interrupt Routing Table [\_SB_.PCI0.EXP4._PRT]
[    0.078065] ACPI: PCI Interrupt Routing Table [\_SB_.PCI0.PCI1._PRT]
[    0.083525] ACPI: PCI Interrupt Link [LNKA] (IRQs 3 4 5 6 7 9 *10 11)
[    0.084312] ACPI: PCI Interrupt Link [LNKB] (IRQs 3 4 5 6 7 9 10 *11)
[    0.085159] ACPI: PCI Interrupt Link [LNKC] (IRQs 3 4 5 6 7 9 10 *11)
[    0.085959] ACPI: PCI Interrupt Link [LNKD] (IRQs 3 4 5 6 7 9 10 *11)
[    0.086746] ACPI: PCI Interrupt Link [LNKE] (IRQs 3 4 5 6 7 9 10 *11)
[    0.087565] ACPI: PCI Interrupt Link [LNKF] (IRQs 3 4 5 6 7 9 10 *11)
[    0.088350] ACPI: PCI Interrupt Link [LNKG] (IRQs 3 4 5 6 7 9 10 *11)
[    0.089176] ACPI: PCI Interrupt Link [LNKH] (IRQs 3 4 5 6 7 9 10 *11)
[    0.090007] vgaarb: device added: PCI:0000:00:02.0,decodes=io+mem,owns=io+mem,locks=none
[    0.090142] vgaarb: loaded
[    0.090329] SCSI subsystem initialized
[    0.090428] libata version 3.00 loaded.
[    0.090475] usbcore: registered new interface driver usbfs
[    0.090603] usbcore: registered new interface driver hub
[    0.090719] usbcore: registered new device driver usb
[    0.107041] raid6: int32x1    941 MB/s
[    0.124058] raid6: int32x2    890 MB/s
[    0.141069] raid6: int32x4    750 MB/s
[    0.157993] raid6: int32x8    656 MB/s
[    0.175004] raid6: mmxx1     2882 MB/s
[    0.191988] raid6: mmxx2     3253 MB/s
[    0.209002] raid6: sse1x1    1937 MB/s
[    0.225977] raid6: sse1x2    2531 MB/s
[    0.242977] raid6: sse2x1    3507 MB/s
[    0.259975] raid6: sse2x2    3820 MB/s
[    0.260068] raid6: using algorithm sse2x2 (3820 MB/s)
[    0.260167] PCI: Using ACPI for IRQ routing
[    0.260480] HPET: 3 timers in total, 0 timers will be used for per-cpu timer
[    0.260990] Switching to clocksource tsc
[    0.261098] pnp: PnP ACPI init
[    0.261191] ACPI: bus type pnp registered
[    0.264877] pnp: PnP ACPI: found 11 devices
[    0.264966] ACPI: ACPI bus type pnp unregistered
[    0.265067] system 00:00: iomem range 0x0-0x9ffff could not be reserved
[    0.265156] system 00:00: iomem range 0xc0000-0xc3fff could not be reserved
[    0.265253] system 00:00: iomem range 0xc4000-0xc7fff could not be reserved
[    0.265351] system 00:00: iomem range 0xc8000-0xcbfff has been reserved
[    0.265455] system 00:00: iomem range 0xcc000-0xcffff has been reserved
[    0.265544] system 00:00: iomem range 0xd0000-0xd3fff could not be reserved
[    0.265636] system 00:00: iomem range 0xe0000-0xe3fff could not be reserved
[    0.265728] system 00:00: iomem range 0xe4000-0xe7fff could not be reserved
[    0.265820] system 00:00: iomem range 0xe8000-0xebfff could not be reserved
[    0.265923] system 00:00: iomem range 0xec000-0xeffff could not be reserved
[    0.266021] system 00:00: iomem range 0xf0000-0xfffff could not be reserved
[    0.266111] system 00:00: iomem range 0x100000-0x3dffffff could not be reserved
[    0.266235] system 00:00: iomem range 0xfec00000-0xfed3ffff could not be reserved
[    0.266362] system 00:00: iomem range 0xfed4c000-0xffffffff could not be reserved
[    0.266486] system 00:02: ioport range 0x164e-0x164f has been reserved
[    0.266589] system 00:02: ioport range 0x1000-0x107f has been reserved
[    0.266686] system 00:02: ioport range 0x1180-0x11bf has been reserved
[    0.266777] system 00:02: ioport range 0x800-0x80f has been reserved
[    0.266868] system 00:02: ioport range 0x15e0-0x15ef has been reserved
[    0.266963] system 00:02: ioport range 0x1600-0x165f could not be reserved
[    0.267060] system 00:02: iomem range 0xf0000000-0xf3ffffff has been reserved
[    0.267150] system 00:02: iomem range 0xfed1c000-0xfed1ffff has been reserved
[    0.267247] system 00:02: iomem range 0xfed14000-0xfed17fff has been reserved
[    0.267343] system 00:02: iomem range 0xfed18000-0xfed18fff has been reserved
[    0.267434] system 00:02: iomem range 0xfed19000-0xfed19fff has been reserved
[    0.267523] system 00:02: iomem range 0xfed45000-0xfed4bfff has been reserved
[    0.302566] pci 0000:00:1c.0: PCI bridge, secondary bus 0000:02
[    0.302658] pci 0000:00:1c.0:   IO window: 0x2000-0x2fff
[    0.302752] pci 0000:00:1c.0:   MEM window: 0xfc000000-0xfdffffff
[    0.302856] pci 0000:00:1c.0:   PREFETCH window: 0x000000f8000000-0x000000f80fffff
[    0.302982] pci 0000:00:1c.1: PCI bridge, secondary bus 0000:03
[    0.303084] pci 0000:00:1c.1:   IO window: 0x3000-0x3fff
[    0.303185] pci 0000:00:1c.1:   MEM window: 0xdc000000-0xdf3fffff
[    0.303284] pci 0000:00:1c.1:   PREFETCH window: 0x000000dfe00000-0x000000dfefffff
[    0.303414] pci 0000:00:1c.2: PCI bridge, secondary bus 0000:04
[    0.303513] pci 0000:00:1c.2:   IO window: 0x4000-0x4fff
[    0.303612] pci 0000:00:1c.2:   MEM window: 0xd8000000-0xd9ffffff
[    0.303718] pci 0000:00:1c.2:   PREFETCH window: 0x000000dfb00000-0x000000dfbfffff
[    0.303845] pci 0000:00:1c.3: PCI bridge, secondary bus 0000:05
[    0.303939] pci 0000:00:1c.3:   IO window: 0x5000-0x5fff
[    0.304040] pci 0000:00:1c.3:   MEM window: 0xd4000000-0xd5ffffff
[    0.304136] pci 0000:00:1c.3:   PREFETCH window: 0x000000df800000-0x000000df8fffff
[    0.304260] pci 0000:00:1c.4: PCI bridge, secondary bus 0000:0d
[    0.304356] pci 0000:00:1c.4:   IO window: 0x6000-0x6fff
[    0.304457] pci 0000:00:1c.4:   MEM window: 0xd0000000-0xd1ffffff
[    0.304549] pci 0000:00:1c.4:   PREFETCH window: 0x000000df500000-0x000000df5fffff
[    0.304690] pci 0000:15:00.0: CardBus bridge, secondary bus 0000:16
[    0.304790] pci 0000:15:00.0:   IO window: 0x007000-0x0070ff
[    0.304890] pci 0000:15:00.0:   IO window: 0x007400-0x0074ff
[    0.304987] pci 0000:15:00.0:   PREFETCH window: 0xf4000000-0xf7ffffff
[    0.305084] pci 0000:15:00.0:   MEM window: 0x40000000-0x43ffffff
[    0.305186] pci 0000:00:1e.0: PCI bridge, secondary bus 0000:15
[    0.305286] pci 0000:00:1e.0:   IO window: 0x7000-0xafff
[    0.305377] pci 0000:00:1e.0:   MEM window: 0xf8300000-0xfbffffff
[    0.305474] pci 0000:00:1e.0:   PREFETCH window: 0x000000f4000000-0x000000f7ffffff
[    0.305620] pci 0000:00:1c.0: PCI INT A -> GSI 20 (level, low) -> IRQ 20
[    0.305717] pci 0000:00:1c.0: setting latency timer to 64
[    0.305731] pci 0000:00:1c.1: PCI INT B -> GSI 21 (level, low) -> IRQ 21
[    0.305824] pci 0000:00:1c.1: setting latency timer to 64
[    0.305837] pci 0000:00:1c.2: PCI INT C -> GSI 22 (level, low) -> IRQ 22
[    0.305937] pci 0000:00:1c.2: setting latency timer to 64
[    0.305949] pci 0000:00:1c.3: PCI INT D -> GSI 23 (level, low) -> IRQ 23
[    0.306045] pci 0000:00:1c.3: setting latency timer to 64
[    0.306054] pci 0000:00:1c.4: PCI INT A -> GSI 20 (level, low) -> IRQ 20
[    0.306147] pci 0000:00:1c.4: setting latency timer to 64
[    0.306156] pci 0000:00:1e.0: enabling device (0005 -> 0007)
[    0.306254] pci 0000:00:1e.0: setting latency timer to 64
[    0.306271] pci 0000:15:00.0: PCI INT A -> GSI 16 (level, low) -> IRQ 16
[    0.306375] pci 0000:15:00.0: setting latency timer to 64
[    0.306379] pci_bus 0000:00: resource 0 io:  [0x00-0xffff]
[    0.306381] pci_bus 0000:00: resource 1 mem: [0x000000-0xffffffff]
[    0.306383] pci_bus 0000:02: resource 0 io:  [0x2000-0x2fff]
[    0.306385] pci_bus 0000:02: resource 1 mem: [0xfc000000-0xfdffffff]
[    0.306387] pci_bus 0000:02: resource 2 pref mem [0xf8000000-0xf80fffff]
[    0.306389] pci_bus 0000:03: resource 0 io:  [0x3000-0x3fff]
[    0.306391] pci_bus 0000:03: resource 1 mem: [0xdc000000-0xdf3fffff]
[    0.306393] pci_bus 0000:03: resource 2 pref mem [0xdfe00000-0xdfefffff]
[    0.306395] pci_bus 0000:04: resource 0 io:  [0x4000-0x4fff]
[    0.306397] pci_bus 0000:04: resource 1 mem: [0xd8000000-0xd9ffffff]
[    0.306398] pci_bus 0000:04: resource 2 pref mem [0xdfb00000-0xdfbfffff]
[    0.306400] pci_bus 0000:05: resource 0 io:  [0x5000-0x5fff]
[    0.306402] pci_bus 0000:05: resource 1 mem: [0xd4000000-0xd5ffffff]
[    0.306404] pci_bus 0000:05: resource 2 pref mem [0xdf800000-0xdf8fffff]
[    0.306406] pci_bus 0000:0d: resource 0 io:  [0x6000-0x6fff]
[    0.306408] pci_bus 0000:0d: resource 1 mem: [0xd0000000-0xd1ffffff]
[    0.306410] pci_bus 0000:0d: resource 2 pref mem [0xdf500000-0xdf5fffff]
[    0.306412] pci_bus 0000:15: resource 0 io:  [0x7000-0xafff]
[    0.306414] pci_bus 0000:15: resource 1 mem: [0xf8300000-0xfbffffff]
[    0.306415] pci_bus 0000:15: resource 2 pref mem [0xf4000000-0xf7ffffff]
[    0.306417] pci_bus 0000:15: resource 3 io:  [0x00-0xffff]
[    0.306419] pci_bus 0000:15: resource 4 mem: [0x000000-0xffffffff]
[    0.306421] pci_bus 0000:16: resource 0 io:  [0x7000-0x70ff]
[    0.306423] pci_bus 0000:16: resource 1 io:  [0x7400-0x74ff]
[    0.306425] pci_bus 0000:16: resource 2 pref mem [0xf4000000-0xf7ffffff]
[    0.306426] pci_bus 0000:16: resource 3 mem: [0x40000000-0x43ffffff]
[    0.306434] NET: Registered protocol family 2
[    0.306535] RANDOM - __random32 called. Change num 7.  Value: 7ba3d01e	3ca905be	d2026a24
[    0.306536] RANDOM - random32 called.  Value: 7ba3d01e	3ca905be	d2026a24
[    0.306541] random 0000 0000 0000 5f8db4e5 4cfdf2a8: rand_read_num 3 get_random_bytes(4): sig fffffb64 5f8db4e5 4cfdf2a8
[    0.306543] random 0000 0000 0000 5f8db4e5 4cfdf2a8: extract_entropy(.. 4 ..)
[    0.306546] random 0000 0000 0000 5f8db4e5 4cfdf2a8: going to reseed nonblocking with 64 bits (32 of 0 requested)
[    0.306548] random 0000 0000 0000 5f8db4e5 4cfdf2a8: extract_entropy(.. 8 ..)
[    0.306550] random 0000 0000 0000 5f8db4e5 4cfdf2a8: trying to extract 64 bits from input
[    0.306552] random 0000 0000 0000 5f8db4e5 4cfdf2a8: debiting 0 entropy credits from input
[    0.306554] random 0000 0000 0000 5f8db4e5 4cfdf2a8: extract_entropy account returned: 0 
[    0.306557] random 0000 0000 0000 5f8db4e5 4cfdf2a8: urand_change_num 5 xfer_secondary_pool(4): pool_sig fffffb64, data_sig 00000000, bytes_mixed 0 5f8db4e5 4cfdf2a8
[    0.306560] random 0000 0000 0000 5f8db4e5 4cfdf2a8: trying to extract 32 bits from nonblocking
[    0.306562] random 0000 0000 0000 5f8db4e5 4cfdf2a8: debiting 32 entropy credits from nonblocking (unlimited)
[    0.306564] random 0000 0000 0000 5f8db4e5 4cfdf2a8: extract_entropy account returned: 4 
[    0.306569] random 0000 0000 0000 5f8db4e5 4cfdf2a8: urand_change_num 6 extract_buf: pool_sig fffffb64, data_sig 00000241, bytes_mixed 20 5f8db4e5 4cfdf2a8
[    0.306578] IP route cache hash table entries: 32768 (order: 5, 131072 bytes)
[    0.306709] RANDOM - __random32 called. Change num 8.  Value: 3d01e034	ca905be7	d4484227
[    0.306711] RANDOM - random32 called.  Value: 3d01e034	ca905be7	d4484227
[    0.306721] RANDOM - __random32 called. Change num 9.  Value: 1e034020	a905be70	844ec14a
[    0.306723] RANDOM - random32 called.  Value: 1e034020	a905be70	844ec14a
[    0.306725] RANDOM - __random32 called. Change num 10.  Value: 34020ec0	905be706	8294c719
[    0.306726] RANDOM - random32 called.  Value: 34020ec0	905be706	8294c719
[    0.306737] RANDOM - __random32 called. Change num 11.  Value: 20ec0ebb	5be7068	8e32c65f
[    0.306739] RANDOM - random32 called.  Value: 20ec0ebb	5be7068	8e32c65f
[    0.306749] TCP established hash table entries: 131072 (order: 8, 1048576 bytes)
[    0.307250] TCP bind hash table entries: 65536 (order: 6, 262144 bytes)
[    0.307438] TCP: Hash tables configured (established 131072 bind 65536)
[    0.307529] TCP reno registered
[    0.307635] NET: Registered protocol family 1
[    0.307751] RPC: Registered udp transport module.
[    0.307844] RPC: Registered tcp transport module.
[    0.307939] RPC: Registered tcp NFSv4.1 backchannel transport module.
[    0.308040] pci 0000:00:02.0: Boot video device
[    0.308246] Simple Boot Flag at 0x35 set to 0x1
[    0.308757] highmem bounce pool size: 64 pages
[    0.310333] VFS: Disk quotas dquot_6.5.2
[    0.310455] Dquot-cache hash table entries: 1024 (order 0, 4096 bytes)
[    0.311146] NTFS driver 2.1.29 [Flags: R/W].
[    0.311307] ROMFS MTD (C) 2007 Red Hat, Inc.
[    0.311524] JFS: nTxBlock = 7695, nTxLock = 61562
[    0.313990] SGI XFS with ACLs, security attributes, large block/inode numbers, no debug enabled
[    0.314474] SGI XFS Quota Management subsystem
[    0.314767] Slow work thread pool: Starting up
[    0.314918] Slow work thread pool: Ready
[    0.315030] GFS2 (built May 24 2013 02:47:17) installed
[    0.315123] msgmni has been set to 1734
[    0.315283] alg: No test for cipher_null (cipher_null-generic)
[    0.315384] alg: No test for ecb(cipher_null) (ecb-cipher_null)
[    0.315493] alg: No test for digest_null (digest_null-generic)
[    0.315591] alg: No test for compress_null (compress_null-generic)
[    0.316141] alg: No test for fcrypt (fcrypt-generic)
[    0.317554] alg: No test for stdrng (krng)
[    0.317651] async_tx: api initialized (async)
[    0.317811] Block layer SCSI generic (bsg) driver version 0.4 loaded (major 254)
[    0.317947] io scheduler noop registered
[    0.318039] io scheduler anticipatory registered
[    0.318137] io scheduler deadline registered
[    0.318269] io scheduler cfq registered (default)
[    0.318506] pcieport 0000:00:1c.0: irq 24 for MSI/MSI-X
[    0.318522] pcieport 0000:00:1c.0: setting latency timer to 64
[    0.318717] pcieport 0000:00:1c.1: irq 25 for MSI/MSI-X
[    0.318728] pcieport 0000:00:1c.1: setting latency timer to 64
[    0.318923] pcieport 0000:00:1c.2: irq 26 for MSI/MSI-X
[    0.318935] pcieport 0000:00:1c.2: setting latency timer to 64
[    0.319114] pcieport 0000:00:1c.3: irq 27 for MSI/MSI-X
[    0.319125] pcieport 0000:00:1c.3: setting latency timer to 64
[    0.319301] pcieport 0000:00:1c.4: irq 28 for MSI/MSI-X
[    0.319312] pcieport 0000:00:1c.4: setting latency timer to 64
[    0.319455] pci_hotplug: PCI Hot Plug PCI Core version: 0.5
[    0.319646] isapnp: Scanning for PnP cards...
[    0.680185] isapnp: No Plug & Play device found
[    0.680275] random 0000 0000 0000 5f8db4e5 4cfdf2a8: initializing
[    0.680277] RANDOM init_std_data for input now value: 1370017135680277135
[    0.680278] RANDOM init_std_data for blocking now value: 1370017135680279145
[    0.680280] RANDOM init_std_data for nonblocking now value: 1370017135680280849
[    0.699905] Serial: 8250/16550 driver, 4 ports, IRQ sharing enabled
[    3.710443] floppy0: no floppy controllers found
[    3.711388] brd: module loaded
[    3.711896] loop: module loaded
[    3.711984] Compaq SMART2 Driver (v 2.6.0)
[    3.712115] HP CISS Driver (v 3.6.20)
[    3.712356] input: Macintosh mouse button emulation as /devices/virtual/input/input0
[    3.712500] Uniform Multi-Platform E-IDE driver
[    3.712726] piix 0000:00:1f.1: IDE controller (0x8086:0x2850 rev 0x03)
[    3.712833] pci 0000:00:1f.1: PCI INT C -> GSI 16 (level, low) -> IRQ 16
[    3.712947] piix 0000:00:1f.1: IDE port disabled
[    3.713044] piix 0000:00:1f.1: not 100% native mode: will probe irqs later
[    3.713145]     ide0: BM-DMA at 0x1c00-0x1c07
[    3.713240] Probing IDE interface ide0...
[    4.384581] hda: HL-DT-ST DVDRAM GSA-U10N, ATAPI CD/DVD-ROM drive
[    4.691354] hda: host max PIO4 wanted PIO255(auto-tune) selected PIO4
[    4.692121] hda: UDMA/33 mode selected
[    4.692591] ide0 at 0x1f0-0x1f7,0x3f6 on irq 14
[    4.696498] ide-gd driver 1.18
[    4.696608] ide-cd driver 5.00
[    4.698000] random 0000 0000 0000 00000000 00000000: add_disk_randomness(0:0) 00000000 00000000
[    4.698004] random 0000 0000 0000 00000000 00000000: add_timer_randomness(.. 256) with jiffies: 17461596159326518906, cycles: -985147918677704695
[    4.698007] random 0000 0000 0000 00000000 00000000: added 11 entropy credits to input
[    4.698010] ide-cd: hda: ATAPI 24X DVD-ROM DVD-R/RAM CD-R/RW drive, 2048kB Cache
[    4.698467] Uniform CD-ROM driver Revision: 3.20
[    4.701236] random 0011 0000 0000 00000000 00000000: add_disk_randomness(0:0) 00000000 00000000
[    4.701240] random 0011 0000 0000 00000000 00000000: add_timer_randomness(.. 256) with jiffies: 17490722067727482493, cycles: -956022010276741111
[    4.701242] random 0011 0000 0000 00000000 00000000: added 1 entropy credits to input
[    4.701245] random 0012 0000 0000 00000000 00000000: add_disk_randomness(0:0) 00000000 00000000
[    4.701248] random 0012 0000 0000 00000000 00000000: add_timer_randomness(.. 256) with jiffies: 17490798281922150013, cycles: -955945796082073591
[    4.703235] random 0012 0000 0000 00000000 00000000: add_disk_randomness(0:0) 00000000 00000000
[    4.703237] random 0012 0000 0000 00000000 00000000: add_timer_randomness(.. 256) with jiffies: 17508698919632862847, cycles: -938045158371360759
[    4.703240] random 0012 0000 0000 00000000 00000000: added 1 entropy credits to input
[    4.703243] random 0013 0000 0000 00000000 00000000: add_disk_randomness(0:0) 00000000 00000000
[    4.703246] random 0013 0000 0000 00000000 00000000: add_timer_randomness(.. 256) with jiffies: 17508775043633217151, cycles: -937969034371006455
[    4.705235] random 0013 0000 0000 00000000 00000000: add_disk_randomness(0:0) 00000000 00000000
[    4.705238] random 0013 0000 0000 00000000 00000000: add_timer_randomness(.. 256) with jiffies: 17526696069553684097, cycles: -920048008450539511
[    4.705240] random 0013 0000 0000 00000000 00000000: added 1 entropy credits to input
[    4.705243] random 0014 0000 0000 00000000 00000000: add_disk_randomness(0:0) 00000000 00000000
[    4.705246] random 0014 0000 0000 00000000 00000000: add_timer_randomness(.. 256) with jiffies: 17526769758307581569, cycles: -919974319696642039
[    4.705523] Loading iSCSI transport class v2.0-870.
[    4.705821] rdac: device handler registered
[    4.705911] hp_sw: device handler registered
[    4.705999] emc: device handler registered
[    4.706086] alua: device handler registered
[    4.707070] Adaptec aacraid driver 1.1-5[2461]-ms
[    4.707502] scsi: <fdomain> Detection failed (no card)
[    4.707601] sym53c416.c: Version 1.0.0-ac
[    4.707723] qlogicfas: no cards were found, please specify I/O address and IRQ using iobase= and irq= options
[    4.707857] QLogic Fibre Channel HBA Driver: 8.03.01-k6
[    4.708080] iscsi: registered transport (qla4xxx)
[    4.708200] QLogic iSCSI HBA Driver
[    4.708288] Emulex LightPulse Fibre Channel SCSI driver 8.3.4
[    4.708386] Copyright(c) 2004-2009 Emulex.  All rights reserved.
[    4.730335] Failed initialization of WD-7000 SCSI card!
[    4.819528] DC390: clustering now enabled by default. If you get problems load
[    4.819652]        with "disable_clustering=1" and report to maintainers
[    4.819785] megaraid cmm: 2.20.2.7 (Release Date: Sun Jul 16 00:01:03 EST 2006)
[    4.819937] megaraid: 2.20.5.1 (Release Date: Thu Nov 16 15:32:35 EST 2006)
[    4.820051] megasas: 00.00.04.01 Thu July 24 11:41:51 PST 2008
[    4.820186] GDT-HA: Storage RAID Controller Driver. Version: 3.05
[    4.820346] 3ware Storage Controller device driver for Linux v1.26.02.002.
[    4.820455] 3ware 9000 Storage Controller device driver for Linux v2.26.02.012.
[    4.820597] nsp32: loading...
[    4.820701] ipr: IBM Power RAID SCSI Device Driver version: 2.4.3 (June 10, 2009)
[    4.820842] RocketRAID 3xxx/4xxx Controller driver v1.6 (090910)
[    4.820951] stex: Promise SuperTrak EX Driver version: 4.6.0000.3
[    4.821087] st: Version 20081215, fixed bufsize 32768, s/g segs 256
[    4.821277] ahci 0000:00:1f.2: version 3.0
[    4.821294] ahci 0000:00:1f.2: PCI INT B -> GSI 16 (level, low) -> IRQ 16
[    4.821440] ahci 0000:00:1f.2: irq 29 for MSI/MSI-X
[    4.821499] ahci 0000:00:1f.2: AHCI 0001.0100 32 slots 3 ports 1.5 Gbps 0x5 impl SATA mode
[    4.821617] ahci 0000:00:1f.2: flags: 64bit ncq sntf pm led clo pio slum part ccc 
[    4.821745] ahci 0000:00:1f.2: setting latency timer to 64
[    4.821888] scsi2 : ahci
[    4.822053] scsi3 : ahci
[    4.822190] scsi4 : ahci
[    4.822393] ata1: SATA max UDMA/133 abar m2048@0xfe226000 port 0xfe226100 irq 29
[    4.822523] ata2: DUMMY
[    4.822617] ata3: SATA max UDMA/133 abar m2048@0xfe226000 port 0xfe226200 irq 29
[    4.823217] I2O subsystem v1.325
[    4.823311] i2o: max drivers = 8
[    4.823456] I2O Configuration OSM v1.323
[    4.823564] I2O Bus Adapter OSM v1.317
[    4.823681] I2O Block Device OSM v1.325
[    4.823832] I2O SCSI Peripheral OSM v1.316
[    4.823942] I2O ProcFS OSM v1.316
[    4.824054] Fusion MPT base driver 3.04.12
[    4.824153] Copyright (c) 1999-2008 LSI Corporation
[    4.824254] Fusion MPT SPI Host driver 3.04.12
[    4.824422] Fusion MPT FC Host driver 3.04.12
[    4.824544] Fusion MPT SAS Host driver 3.04.12
[    4.824700] ohci1394 0000:15:00.1: PCI INT B -> GSI 17 (level, low) -> IRQ 17
[    4.824801] ohci1394 0000:15:00.1: setting latency timer to 64
[    4.878342] ohci1394: fw-host0: OHCI-1394 1.1 (PCI): IRQ=[17]  MMIO=[f8301000-f83017ff]  Max Packet=[2048]  IR/IT contexts=[4/4]
[    4.882614] ehci_hcd: USB 2.0 'Enhanced' Host Controller (EHCI) Driver
[    4.882901] ehci_hcd 0000:00:1a.7: power state changed by ACPI to D0
[    4.883144] ehci_hcd 0000:00:1a.7: power state changed by ACPI to D0
[    4.883244] ehci_hcd 0000:00:1a.7: PCI INT C -> GSI 22 (level, low) -> IRQ 22
[    4.883357] ehci_hcd 0000:00:1a.7: setting latency timer to 64
[    4.883362] ehci_hcd 0000:00:1a.7: EHCI Host Controller
[    4.883503] ehci_hcd 0000:00:1a.7: new USB bus registered, assigned bus number 1
[    4.887530] ehci_hcd 0000:00:1a.7: cache line size of 32 is not supported
[    4.887539] ehci_hcd 0000:00:1a.7: irq 22, io mem 0xfe226c00
[    4.897299] ehci_hcd 0000:00:1a.7: USB 2.0 started, EHCI 1.00
[    4.897406] usb usb1: New USB device found, idVendor=1d6b, idProduct=0002
[    4.897500] usb usb1: New USB device strings: Mfr=3, Product=2, SerialNumber=1
[    4.897640] usb usb1: Product: EHCI Host Controller
[    4.897729] usb usb1: Manufacturer: Linux 2.6.32.57 ehci_hcd
[    4.897818] usb usb1: SerialNumber: 0000:00:1a.7
[    4.897963] usb usb1: configuration #1 chosen from 1 choice
[    4.898080] hub 1-0:1.0: USB hub found
[    4.898171] hub 1-0:1.0: 4 ports detected
[    4.898478] ehci_hcd 0000:00:1d.7: power state changed by ACPI to D0
[    4.898731] ehci_hcd 0000:00:1d.7: power state changed by ACPI to D0
[    4.898827] ehci_hcd 0000:00:1d.7: PCI INT D -> GSI 19 (level, low) -> IRQ 19
[    4.898928] ehci_hcd 0000:00:1d.7: setting latency timer to 64
[    4.898933] ehci_hcd 0000:00:1d.7: EHCI Host Controller
[    4.899064] ehci_hcd 0000:00:1d.7: new USB bus registered, assigned bus number 2
[    4.899215] ehci_hcd 0000:00:1d.7: debug port 1
[    4.903216] ehci_hcd 0000:00:1d.7: cache line size of 32 is not supported
[    4.903225] ehci_hcd 0000:00:1d.7: irq 19, io mem 0xfe227000
[    4.913297] ehci_hcd 0000:00:1d.7: USB 2.0 started, EHCI 1.00
[    4.913395] usb usb2: New USB device found, idVendor=1d6b, idProduct=0002
[    4.913488] usb usb2: New USB device strings: Mfr=3, Product=2, SerialNumber=1
[    4.913613] usb usb2: Product: EHCI Host Controller
[    4.913701] usb usb2: Manufacturer: Linux 2.6.32.57 ehci_hcd
[    4.913797] usb usb2: SerialNumber: 0000:00:1d.7
[    4.913935] usb usb2: configuration #1 chosen from 1 choice
[    4.914056] hub 2-0:1.0: USB hub found
[    4.914146] hub 2-0:1.0: 6 ports detected
[    4.914325] 116x: driver isp116x-hcd, 03 Nov 2005
[    4.914429] ohci_hcd: USB 1.1 'Open' Host Controller (OHCI) Driver
[    4.914546] uhci_hcd: USB Universal Host Controller Interface driver
[    4.914656] uhci_hcd 0000:00:1a.0: PCI INT A -> GSI 20 (level, low) -> IRQ 20
[    4.914757] uhci_hcd 0000:00:1a.0: setting latency timer to 64
[    4.914762] uhci_hcd 0000:00:1a.0: UHCI Host Controller
[    4.914891] uhci_hcd 0000:00:1a.0: new USB bus registered, assigned bus number 3
[    4.915053] uhci_hcd 0000:00:1a.0: irq 20, io base 0x00001860
[    4.915175] usb usb3: New USB device found, idVendor=1d6b, idProduct=0001
[    4.915266] usb usb3: New USB device strings: Mfr=3, Product=2, SerialNumber=1
[    4.915401] usb usb3: Product: UHCI Host Controller
[    4.915490] usb usb3: Manufacturer: Linux 2.6.32.57 uhci_hcd
[    4.915589] usb usb3: SerialNumber: 0000:00:1a.0
[    4.915733] usb usb3: configuration #1 chosen from 1 choice
[    4.915851] hub 3-0:1.0: USB hub found
[    4.915951] hub 3-0:1.0: 2 ports detected
[    4.916252] uhci_hcd 0000:00:1a.1: power state changed by ACPI to D0
[    4.916503] uhci_hcd 0000:00:1a.1: power state changed by ACPI to D0
[    4.916603] uhci_hcd 0000:00:1a.1: PCI INT B -> GSI 21 (level, low) -> IRQ 21
[    4.916699] uhci_hcd 0000:00:1a.1: setting latency timer to 64
[    4.916704] uhci_hcd 0000:00:1a.1: UHCI Host Controller
[    4.916831] uhci_hcd 0000:00:1a.1: new USB bus registered, assigned bus number 4
[    4.916987] uhci_hcd 0000:00:1a.1: irq 21, io base 0x00001880
[    4.917109] usb usb4: New USB device found, idVendor=1d6b, idProduct=0001
[    4.917202] usb usb4: New USB device strings: Mfr=3, Product=2, SerialNumber=1
[    4.917333] usb usb4: Product: UHCI Host Controller
[    4.917426] usb usb4: Manufacturer: Linux 2.6.32.57 uhci_hcd
[    4.917519] usb usb4: SerialNumber: 0000:00:1a.1
[    4.917655] usb usb4: configuration #1 chosen from 1 choice
[    4.917775] hub 4-0:1.0: USB hub found
[    4.917867] hub 4-0:1.0: 2 ports detected
[    4.918162] uhci_hcd 0000:00:1d.0: power state changed by ACPI to D0
[    4.918412] uhci_hcd 0000:00:1d.0: power state changed by ACPI to D0
[    4.918507] uhci_hcd 0000:00:1d.0: PCI INT A -> GSI 16 (level, low) -> IRQ 16
[    4.918617] uhci_hcd 0000:00:1d.0: setting latency timer to 64
[    4.918620] uhci_hcd 0000:00:1d.0: UHCI Host Controller
[    4.918757] uhci_hcd 0000:00:1d.0: new USB bus registered, assigned bus number 5
[    4.918905] uhci_hcd 0000:00:1d.0: irq 16, io base 0x000018a0
[    4.919024] usb usb5: New USB device found, idVendor=1d6b, idProduct=0001
[    4.919115] usb usb5: New USB device strings: Mfr=3, Product=2, SerialNumber=1
[    4.919240] usb usb5: Product: UHCI Host Controller
[    4.919342] usb usb5: Manufacturer: Linux 2.6.32.57 uhci_hcd
[    4.919431] usb usb5: SerialNumber: 0000:00:1d.0
[    4.919578] usb usb5: configuration #1 chosen from 1 choice
[    4.919696] hub 5-0:1.0: USB hub found
[    4.919790] hub 5-0:1.0: 2 ports detected
[    4.919936] uhci_hcd 0000:00:1d.1: PCI INT B -> GSI 17 (level, low) -> IRQ 17
[    4.920036] uhci_hcd 0000:00:1d.1: setting latency timer to 64
[    4.920041] uhci_hcd 0000:00:1d.1: UHCI Host Controller
[    4.920164] uhci_hcd 0000:00:1d.1: new USB bus registered, assigned bus number 6
[    4.920320] uhci_hcd 0000:00:1d.1: irq 17, io base 0x000018c0
[    4.920437] usb usb6: New USB device found, idVendor=1d6b, idProduct=0001
[    4.920529] usb usb6: New USB device strings: Mfr=3, Product=2, SerialNumber=1
[    4.920658] usb usb6: Product: UHCI Host Controller
[    4.920744] usb usb6: Manufacturer: Linux 2.6.32.57 uhci_hcd
[    4.920835] usb usb6: SerialNumber: 0000:00:1d.1
[    4.920974] usb usb6: configuration #1 chosen from 1 choice
[    4.921096] hub 6-0:1.0: USB hub found
[    4.921190] hub 6-0:1.0: 2 ports detected
[    4.921499] uhci_hcd 0000:00:1d.2: power state changed by ACPI to D0
[    4.921741] uhci_hcd 0000:00:1d.2: power state changed by ACPI to D0
[    4.921840] uhci_hcd 0000:00:1d.2: PCI INT C -> GSI 18 (level, low) -> IRQ 18
[    4.921934] uhci_hcd 0000:00:1d.2: setting latency timer to 64
[    4.921939] uhci_hcd 0000:00:1d.2: UHCI Host Controller
[    4.922060] uhci_hcd 0000:00:1d.2: new USB bus registered, assigned bus number 7
[    4.922216] uhci_hcd 0000:00:1d.2: irq 18, io base 0x000018e0
[    4.922337] usb usb7: New USB device found, idVendor=1d6b, idProduct=0001
[    4.922436] usb usb7: New USB device strings: Mfr=3, Product=2, SerialNumber=1
[    4.922564] usb usb7: Product: UHCI Host Controller
[    4.922659] usb usb7: Manufacturer: Linux 2.6.32.57 uhci_hcd
[    4.922761] usb usb7: SerialNumber: 0000:00:1d.2
[    4.923550] usb usb7: configuration #1 chosen from 1 choice
[    4.923678] hub 7-0:1.0: USB hub found
[    4.923767] hub 7-0:1.0: 2 ports detected
[    4.923927] sl811: driver sl811-hcd, 19 May 2005
[    4.924032] r8a66597_hcd: driver r8a66597_hcd, 2009-05-26
[    4.924203] Initializing USB Mass Storage driver...
[    4.924342] usbcore: registered new interface driver usb-storage
[    4.924443] USB Mass Storage support registered.
[    4.924554] usbcore: registered new interface driver ums-alauda
[    4.924668] usbcore: registered new interface driver ums-cypress
[    4.924786] usbcore: registered new interface driver ums-datafab
[    4.924894] usbcore: registered new interface driver ums-freecom
[    4.925011] usbcore: registered new interface driver ums-isd200
[    4.925121] usbcore: registered new interface driver ums-jumpshot
[    4.925233] usbcore: registered new interface driver ums-karma
[    4.925364] usbcore: registered new interface driver ums-onetouch
[    4.925481] usbcore: registered new interface driver ums-sddr09
[    4.925593] usbcore: registered new interface driver ums-sddr55
[    4.925701] usbcore: registered new interface driver ums-usbat
[    4.925844] PNP: PS/2 Controller [PNP0303:KBD,PNP0f13:MOU] at 0x60,0x64 irq 1,12
[    4.934703] serio: i8042 KBD port at 0x60,0x64 irq 1
[    4.934792] serio: i8042 AUX port at 0x60,0x64 irq 12
[    4.935034] mice: PS/2 mouse device common for all mice
[    4.935151] i2c /dev entries driver
[    4.935285] md: linear personality registered for level -1
[    4.935393] md: raid0 personality registered for level 0
[    4.935481] md: raid1 personality registered for level 1
[    4.935576] md: raid10 personality registered for level 10
[    4.935673] md: raid6 personality registered for level 6
[    4.935767] md: raid5 personality registered for level 5
[    4.935855] md: raid4 personality registered for level 4
[    4.935945] md: multipath personality registered for level -4
[    4.936154] device-mapper: ioctl: 4.15.0-ioctl (2009-04-01) initialised: dm-devel@redhat.com
[    4.936368] cpuidle: using governor ladder
[    4.936968] usbcore: registered new interface driver usbhid
[    4.937059] usbhid: v2.6:USB HID core driver
[    4.937212] random 0014 0000 0000 00000000 00000000: rand_read_num 4 get_random_bytes(136): sig 00000000 00000000 00000000
[    4.937215] random 0014 0000 0000 00000000 00000000: extract_entropy(.. 136 ..)
[    4.937218] random 0014 0000 0000 00000000 00000000: going to reseed nonblocking with 1024 bits (1088 of 0 requested)
[    4.937220] random 0014 0000 0000 00000000 00000000: extract_entropy(.. 128 ..)
[    4.937222] random 0014 0000 0000 00000000 00000000: trying to extract 1024 bits from input
[    4.937225] random 0014 0000 0000 00000000 00000000: debiting 0 entropy credits from input
[    4.937227] random 0014 0000 0000 00000000 00000000: extract_entropy account returned: 0 
[    4.937230] random 0014 0000 0000 00000000 00000000: urand_change_num 7 xfer_secondary_pool(136): pool_sig 00000000, data_sig 00000000, bytes_mixed 0 00000000 00000000
[    4.937233] random 0014 0000 0000 00000000 00000000: trying to extract 1088 bits from nonblocking
[    4.937235] random 0014 0000 0000 00000000 00000000: debiting 1088 entropy credits from nonblocking (unlimited)
[    4.937237] random 0014 0000 0000 00000000 00000000: extract_entropy account returned: 136 
[    4.937242] random 0014 0000 0000 00000000 00000000: urand_change_num 8 extract_buf: pool_sig 00000000, data_sig fffffff9, bytes_mixed 20 00000000 00000000
[    4.937247] random 0014 0000 0000 b7c35b56 be4dc95d: urand_change_num 9 extract_buf: pool_sig fffffd1e, data_sig 000000c5, bytes_mixed 20 b7c35b56 be4dc95d
[    4.937253] random 0014 0000 0000 ed9f5c47 c48487fb: urand_change_num 10 extract_buf: pool_sig fffff8ec, data_sig ffffff68, bytes_mixed 20 ed9f5c47 c48487fb
[    4.937258] random 0014 0000 0000 ed9f5c47 c48487fb: urand_change_num 11 extract_buf: pool_sig fffffaed, data_sig 000001aa, bytes_mixed 20 ed9f5c47 c48487fb
[    4.937263] random 0014 0000 0000 1b4f7c0a 91bd6a48: urand_change_num 12 extract_buf: pool_sig fffffdd8, data_sig 00000064, bytes_mixed 20 1b4f7c0a 91bd6a48
[    4.937268] random 0014 0000 0000 a254b9bc 20e9a24f: urand_change_num 13 extract_buf: pool_sig fffffbe6, data_sig 000001dd, bytes_mixed 20 a254b9bc 20e9a24f
[    4.937274] random 0014 0000 0000 a254b9bc 20e9a24f: urand_change_num 14 extract_buf: pool_sig fffff940, data_sig fffffe20, bytes_mixed 20 a254b9bc 20e9a24f
[    4.937279] random 0014 0000 0000 2831a66b 5fa2a3ad: urand_change_num 15 extract_buf: pool_sig fffffbce, data_sig 0000007e, bytes_mixed 20 2831a66b 5fa2a3ad
[    4.937284] random 0014 0000 0000 2831a66b 5fa2a3ad: urand_change_num 16 extract_buf: pool_sig 000004df, data_sig fffffe8f, bytes_mixed 20 2831a66b 5fa2a3ad
[    4.937298] random 0014 0000 0000 d4512bfd c9a54e0b: urand_change_num 17 extract_buf: pool_sig 00000485, data_sig fffffe68, bytes_mixed 20 d4512bfd c9a54e0b
[    4.937303] random 0014 0000 0000 c7371be6 f9ffea11: urand_change_num 18 extract_buf: pool_sig 00000095, data_sig ffffffed, bytes_mixed 20 c7371be6 f9ffea11
[    4.937309] random 0014 0000 0000 c7371be6 f9ffea11: urand_change_num 19 extract_buf: pool_sig 000003a7, data_sig fffffefa, bytes_mixed 20 c7371be6 f9ffea11
[    4.937314] random 0014 0000 0000 8fb4b62c d1ddba54: urand_change_num 20 extract_buf: pool_sig 00000179, data_sig ffffff78, bytes_mixed 20 8fb4b62c d1ddba54
[    4.937319] random 0014 0000 0000 9ff19f9c c07a1d2a: urand_change_num 21 extract_buf: pool_sig fffffe88, data_sig 00000126, bytes_mixed 20 9ff19f9c c07a1d2a
[    4.937323] TCP cubic registered
[    4.937412] Initializing XFRM netlink socket
[    4.937517] NET: Registered protocol family 17
[    4.937613] Using IPI Shortcut mode
[    4.937705] random 0014 0000 0000 9ff19f9c c07a1d2a: rand_read_num 5 get_random_bytes(8): sig 0000031b 9ff19f9c c07a1d2a
[    4.937708] random 0014 0000 0000 9ff19f9c c07a1d2a: extract_entropy(.. 8 ..)
[    4.937710] random 0014 0000 0000 9ff19f9c c07a1d2a: going to reseed nonblocking with 64 bits (64 of 0 requested)
[    4.937712] random 0014 0000 0000 9ff19f9c c07a1d2a: extract_entropy(.. 8 ..)
[    4.937714] random 0014 0000 0000 9ff19f9c c07a1d2a: trying to extract 64 bits from input
[    4.937716] random 0014 0000 0000 9ff19f9c c07a1d2a: debiting 0 entropy credits from input
[    4.937718] random 0014 0000 0000 9ff19f9c c07a1d2a: extract_entropy account returned: 0 
[    4.937722] random 0014 0000 0000 9ff19f9c c07a1d2a: urand_change_num 22 xfer_secondary_pool(8): pool_sig 0000031b, data_sig 00000000, bytes_mixed 0 9ff19f9c c07a1d2a
[    4.937724] random 0014 0000 0000 9ff19f9c c07a1d2a: trying to extract 64 bits from nonblocking
[    4.937727] random 0014 0000 0000 9ff19f9c c07a1d2a: debiting 64 entropy credits from nonblocking (unlimited)
[    4.937729] random 0014 0000 0000 9ff19f9c c07a1d2a: extract_entropy account returned: 8 
[    4.937733] random 0014 0000 0000 9ff19f9c c07a1d2a: urand_change_num 23 extract_buf: pool_sig 0000031b, data_sig ffffffb3, bytes_mixed 20 9ff19f9c c07a1d2a
[    4.939825] input: AT Translated Set 2 keyboard as /devices/platform/i8042/serio0/input/input1
[    5.129287] ata1: SATA link up 1.5 Gbps (SStatus 113 SControl 300)
[    5.129404] ata3: SATA link down (SStatus 0 SControl 300)
[    5.131632] ata1.00: ACPI cmd ef/02:00:00:00:00:a0 (SET FEATURES) succeeded
[    5.131635] ata1.00: ACPI cmd f5/00:00:00:00:00:a0 (SECURITY FREEZE LOCK) filtered out
[    5.133021] ata1.00: ACPI cmd ef/5f:00:00:00:00:a0 (SET FEATURES) succeeded
[    5.133024] ata1.00: ACPI cmd ef/10:03:00:00:00:a0 (SET FEATURES) filtered out
[    5.134937] ata1.00: ATA-7: ST910021AS, 4.06, max UDMA/100
[    5.135031] ata1.00: 195371568 sectors, multi 16: LBA48 
[    5.137170] ata1.00: ACPI cmd ef/02:00:00:00:00:a0 (SET FEATURES) succeeded
[    5.137173] ata1.00: ACPI cmd f5/00:00:00:00:00:a0 (SECURITY FREEZE LOCK) filtered out
[    5.138568] ata1.00: ACPI cmd ef/5f:00:00:00:00:a0 (SET FEATURES) succeeded
[    5.138571] ata1.00: ACPI cmd ef/10:03:00:00:00:a0 (SET FEATURES) filtered out
[    5.140497] ata1.00: configured for UDMA/100
[    5.151334] scsi 2:0:0:0: Direct-Access     ATA      ST910021AS       4.06 PQ: 0 ANSI: 5
[    5.151625] sd 2:0:0:0: [sda] 195371568 512-byte logical blocks: (100 GB/93.1 GiB)
[    5.151774] sd 2:0:0:0: [sda] Write Protect is off
[    5.151864] sd 2:0:0:0: [sda] Mode Sense: 00 3a 00 00
[    5.151876] sd 2:0:0:0: [sda] Write cache: enabled, read cache: enabled, doesn't support DPO or FUA
[    5.152067]  sda:
[    5.566669] random 0014 0000 0000 277f73c3 42024bb9: add_disk_randomness(8:0) 277f73c3 42024bb9
[    5.566757] random 0014 0000 0000 277f73c3 42024bb9: add_timer_randomness(.. 8388864) with jiffies: 6831395855111258502, cycles: 6831395850816585738
[    5.566759] random 0014 0000 0000 277f73c3 42024bb9: added 11 entropy credits to input
[    5.566764]  sda1 sda2
[    5.567094] random 0025 0000 0000 277f73c3 42024bb9: add_disk_randomness(8:0) 277f73c3 42024bb9
[    5.567097] random 0025 0000 0000 277f73c3 42024bb9: add_timer_randomness(.. 8388864) with jiffies: 6834468367340634502, cycles: 6834468363045961738
[    5.567253] sd 2:0:0:0: [sda] Attached SCSI disk
[    5.567352] random 0025 0000 0000 277f73c3 42024bb9: rand_read_num 6 get_random_bytes(12): sig 000007e9 277f73c3 42024bb9
[    5.567355] random 0025 0000 0000 277f73c3 42024bb9: extract_entropy(.. 12 ..)
[    5.567357] random 0025 0000 0000 277f73c3 42024bb9: going to reseed nonblocking with 96 bits (96 of 0 requested)
[    5.567360] random 0025 0000 0000 277f73c3 42024bb9: extract_entropy(.. 12 ..)
[    5.567362] random 0025 0000 0000 277f73c3 42024bb9: trying to extract 96 bits from input
[    5.567364] random 0025 0000 0000 277f73c3 42024bb9: debiting 0 entropy credits from input
[    5.567366] random 0025 0000 0000 277f73c3 42024bb9: extract_entropy account returned: 0 
[    5.567369] random 0025 0000 0000 277f73c3 42024bb9: urand_change_num 24 xfer_secondary_pool(12): pool_sig 000007e9, data_sig 00000000, bytes_mixed 0 277f73c3 42024bb9
[    5.567372] random 0025 0000 0000 277f73c3 42024bb9: trying to extract 96 bits from nonblocking
[    5.567375] random 0025 0000 0000 277f73c3 42024bb9: debiting 96 entropy credits from nonblocking (unlimited)
[    5.567377] random 0025 0000 0000 277f73c3 42024bb9: extract_entropy account returned: 12 
[    5.567381] random 0025 0000 0000 277f73c3 42024bb9: urand_change_num 25 extract_buf: pool_sig 000007e9, data_sig 00000088, bytes_mixed 20 277f73c3 42024bb9
[    5.567387] random 0025 0000 0000 277f73c3 42024bb9: urand_change_num 26 extract_buf: pool_sig 00000498, data_sig fffffefb, bytes_mixed 20 277f73c3 42024bb9
[    5.567390] RANDOM - __seed init called.
[    5.567391] RANDOM - __seed init called.
[    5.567392] RANDOM - __seed init called.
[    5.567393] RANDOM - __random32 called. Change num 12.  Value: 87f14767	f0d7351	b1e48bd3
[    5.567395] RANDOM - random32_reseed called.  Value: 87f14767	f0d7351	b1e48bd3
[    5.567398] Pid: 1, comm: swapper Not tainted 2.6.32.57 #6
[    5.567494] Call Trace:
[    5.567584]  [<c1923ca4>] ? random32_reseed+0xa0/0xb1
[    5.567677]  [<c1923c04>] ? random32_reseed+0x0/0xb1
[    5.567768]  [<c100111e>] ? do_one_initcall+0x2e/0x180
[    5.567867]  [<c1907265>] ? kernel_init+0xad/0x103
[    5.567964]  [<c19071b8>] ? kernel_init+0x0/0x103
[    5.568048]  [<c1003787>] ? kernel_thread_helper+0x7/0x10
[    5.568583] random 0025 0000 0000 386b4e60 ee4d4880: rand_read_num 7 get_random_bytes(64): sig fffffea5 386b4e60 ee4d4880
[    5.568585] random 0025 0000 0000 386b4e60 ee4d4880: extract_entropy(.. 64 ..)
[    5.568588] random 0025 0000 0000 386b4e60 ee4d4880: going to reseed nonblocking with 512 bits (512 of 0 requested)
[    5.568590] random 0025 0000 0000 386b4e60 ee4d4880: extract_entropy(.. 64 ..)
[    5.568592] random 0025 0000 0000 386b4e60 ee4d4880: trying to extract 512 bits from input
[    5.568594] random 0025 0000 0000 386b4e60 ee4d4880: debiting 0 entropy credits from input
[    5.568596] random 0025 0000 0000 386b4e60 ee4d4880: extract_entropy account returned: 0 
[    5.568599] random 0025 0000 0000 386b4e60 ee4d4880: urand_change_num 27 xfer_secondary_pool(64): pool_sig fffffea5, data_sig 00000000, bytes_mixed 0 386b4e60 ee4d4880
[    5.568602] random 0025 0000 0000 386b4e60 ee4d4880: trying to extract 512 bits from nonblocking
[    5.568605] random 0025 0000 0000 386b4e60 ee4d4880: debiting 512 entropy credits from nonblocking (unlimited)
[    5.568607] random 0025 0000 0000 386b4e60 ee4d4880: extract_entropy account returned: 64 
[    5.568611] random 0025 0000 0000 386b4e60 ee4d4880: urand_change_num 28 extract_buf: pool_sig fffffea5, data_sig 00000173, bytes_mixed 20 386b4e60 ee4d4880
[    5.568617] random 0025 0000 0000 412698f6 0cc8689a: urand_change_num 29 extract_buf: pool_sig 00000122, data_sig ffffff63, bytes_mixed 20 412698f6 0cc8689a
[    5.568622] random 0025 0000 0000 412698f6 0cc8689a: urand_change_num 30 extract_buf: pool_sig 000001f7, data_sig 00000012, bytes_mixed 20 412698f6 0cc8689a
[    5.568627] random 0025 0000 0000 9669941e 06f768b1: urand_change_num 31 extract_buf: pool_sig fffffb5b, data_sig 0000003f, bytes_mixed 20 9669941e 06f768b1
[    5.568633] random 0025 0000 0000 98486520 995551f0: urand_change_num 32 extract_buf: pool_sig fffffb39, data_sig 0000000e, bytes_mixed 20 98486520 995551f0
[    5.568638] random 0025 0000 0000 98486520 995551f0: urand_change_num 33 extract_buf: pool_sig fffffd8d, data_sig 000001a6, bytes_mixed 20 98486520 995551f0
[    5.568643] random 0025 0000 0000 61fc8914 d5882ed2: urand_change_num 34 extract_buf: pool_sig fffffa58, data_sig 0000023e, bytes_mixed 20 61fc8914 d5882ed2
[    5.568673] random 0025 0000 0000 61fc8914 d5882ed2: rand_read_num 8 get_random_bytes(64): sig fffff9ee 61fc8914 d5882ed2
[    5.568676] random 0025 0000 0000 61fc8914 d5882ed2: extract_entropy(.. 64 ..)
[    5.568678] random 0025 0000 0000 61fc8914 d5882ed2: going to reseed nonblocking with 512 bits (512 of 0 requested)
[    5.568680] random 0025 0000 0000 61fc8914 d5882ed2: extract_entropy(.. 64 ..)
[    5.568682] random 0025 0000 0000 61fc8914 d5882ed2: trying to extract 512 bits from input
[    5.568685] random 0025 0000 0000 61fc8914 d5882ed2: debiting 0 entropy credits from input
[    5.568687] random 0025 0000 0000 61fc8914 d5882ed2: extract_entropy account returned: 0 
[    5.568690] random 0025 0000 0000 61fc8914 d5882ed2: urand_change_num 35 xfer_secondary_pool(64): pool_sig fffff9ee, data_sig 00000000, bytes_mixed 0 61fc8914 d5882ed2
[    5.568693] random 0025 0000 0000 61fc8914 d5882ed2: trying to extract 512 bits from nonblocking
[    5.568695] random 0025 0000 0000 61fc8914 d5882ed2: debiting 512 entropy credits from nonblocking (unlimited)
[    5.568697] random 0025 0000 0000 61fc8914 d5882ed2: extract_entropy account returned: 64 
[    5.568701] random 0025 0000 0000 61fc8914 d5882ed2: urand_change_num 36 extract_buf: pool_sig fffff9ee, data_sig ffffff85, bytes_mixed 20 61fc8914 d5882ed2
[    5.568707] random 0025 0000 0000 70cfd302 e5edec11: urand_change_num 37 extract_buf: pool_sig fffffdc1, data_sig ffffffde, bytes_mixed 20 70cfd302 e5edec11
[    5.568712] random 0025 0000 0000 00dab838 eafd2b30: urand_change_num 38 extract_buf: pool_sig 000003da, data_sig ffffff61, bytes_mixed 20 00dab838 eafd2b30
[    5.568717] random 0025 0000 0000 00dab838 eafd2b30: urand_change_num 39 extract_buf: pool_sig 00000314, data_sig 00000121, bytes_mixed 20 00dab838 eafd2b30
[    5.568722] random 0025 0000 0000 5fcdf66a 6442b608: urand_change_num 40 extract_buf: pool_sig 0000028b, data_sig fffffefd, bytes_mixed 20 5fcdf66a 6442b608
[    5.568728] random 0025 0000 0000 61333f6b 8fae0f9b: urand_change_num 41 extract_buf: pool_sig 000000cb, data_sig 000000b3, bytes_mixed 20 61333f6b 8fae0f9b
[    5.568733] random 0025 0000 0000 61333f6b 8fae0f9b: urand_change_num 42 extract_buf: pool_sig fffffef8, data_sig 00000051, bytes_mixed 20 61333f6b 8fae0f9b
[    5.568736] BEGIN NET_SECRET:
[    5.568737] \xffffffe0
[    5.568738] \xffffffb6
[    5.568738] \x36
[    5.568739] \xffffffb5
[    5.568740] \xffffff94
[    5.568741] \xffffffb2
[    5.568742] \xffffffa8
[    5.568743] \xffffffda
[    5.568743] \x5b
[    5.568744] \x19
[    5.568745] \x18
[    5.568746] \x5c
[    5.568746] \x2b
[    5.568747] \x1
[    5.568748] \xffffff90
[    5.568749] \x19
[    5.568749] \x3c
[    5.568750] \xfffffff2
[    5.568751] \xffffff82
[    5.568752] \x2a
[    5.568753] \xffffffb3
[    5.568753] \xffffffa2
[    5.568754] \x3f
[    5.568755] \x5
[    5.568756] \x52
[    5.568756] \x77
[    5.568757] \x57
[    5.568758] \x79
[    5.568758] \x16
[    5.568759] \x43
[    5.568760] \xffffff84
[    5.568761] \xffffffc3
[    5.568762] \xffffffe9
[    5.568762] \x79
[    5.568763] \x50
[    5.568764] \xffffff8e
[    5.568765] \x3f
[    5.568765] \xfffffff3
[    5.568766] \x19
[    5.568767] \x2a
[    5.568768] \xfffffffd
[    5.568768] \xfffffffb
[    5.568769] \x62
[    5.568770] \x3c
[    5.568771] \xffffffac
[    5.568772] \x1c
[    5.568772] \x3b
[    5.568773] \x3b
[    5.568774] \x15
[    5.568774] \x27
[    5.568775] \xffffffa8
[    5.568776] \x22
[    5.568777] \xffffffc5
[    5.568778] \xffffff9a
[    5.568778] \x5
[    5.568779] \x6c
[    5.568780] \xffffffa8
[    5.568781] \x3a
[    5.568781] \x44
[    5.568782] \xffffffaf
[    5.568783] \x13
[    5.568784] \xffffffe0
[    5.568785] \xffffff9d
[    5.568785] \x22
[    5.568786] 
[    5.568786] END NET_SECRET
[    5.568789] random 0025 0000 0000 e7f555d9 e8ce5c3c: rand_read_num 9 get_random_bytes(4): sig 0000068c e7f555d9 e8ce5c3c
[    5.568791] random 0025 0000 0000 e7f555d9 e8ce5c3c: extract_entropy(.. 4 ..)
[    5.568794] random 0025 0000 0000 e7f555d9 e8ce5c3c: going to reseed nonblocking with 64 bits (32 of 0 requested)
[    5.568796] random 0025 0000 0000 e7f555d9 e8ce5c3c: extract_entropy(.. 8 ..)
[    5.568798] random 0025 0000 0000 e7f555d9 e8ce5c3c: trying to extract 64 bits from input
[    5.568800] random 0025 0000 0000 e7f555d9 e8ce5c3c: debiting 0 entropy credits from input
[    5.568802] random 0025 0000 0000 e7f555d9 e8ce5c3c: extract_entropy account returned: 0 
[    5.568805] random 0025 0000 0000 e7f555d9 e8ce5c3c: urand_change_num 43 xfer_secondary_pool(4): pool_sig 0000068c, data_sig 00000000, bytes_mixed 0 e7f555d9 e8ce5c3c
[    5.568808] random 0025 0000 0000 e7f555d9 e8ce5c3c: trying to extract 32 bits from nonblocking
[    5.568811] random 0025 0000 0000 e7f555d9 e8ce5c3c: debiting 32 entropy credits from nonblocking (unlimited)
[    5.568813] random 0025 0000 0000 e7f555d9 e8ce5c3c: extract_entropy account returned: 4 
[    5.568817] random 0025 0000 0000 e7f555d9 e8ce5c3c: urand_change_num 44 extract_buf: pool_sig 0000068c, data_sig fffffdcb, bytes_mixed 20 e7f555d9 e8ce5c3c
[    5.568828] md: Waiting for all devices to be available before autodetect
[    5.568918] md: If you don't use raid, use raid=noautodetect
[    5.569087] md: Autodetecting RAID arrays.
[    5.569177] md: Scanned 0 and added 0 devices.
[    5.569284] md: autorun ...
[    5.569368] md: ... autorun DONE.
[    5.580455] random 0025 0000 0000 e7f555d9 e8ce5c3c: add_disk_randomness(8:0) e7f555d9 e8ce5c3c
[    5.580458] random 0025 0000 0000 e7f555d9 e8ce5c3c: add_timer_randomness(.. 8388864) with jiffies: 6954672720860381588, cycles: 6954672716565708810
[    5.580461] random 0025 0000 0000 e7f555d9 e8ce5c3c: added 3 entropy credits to input
[    5.581582] random 0028 0000 0000 e7f555d9 e8ce5c3c: add_disk_randomness(8:0) e7f555d9 e8ce5c3c
[    5.581585] random 0028 0000 0000 e7f555d9 e8ce5c3c: add_timer_randomness(.. 8388864) with jiffies: 6964815071381520789, cycles: 6964815067086848010
[    5.588668] random 0028 0000 0000 e7f555d9 e8ce5c3c: add_disk_randomness(8:0) e7f555d9 e8ce5c3c
[    5.588671] random 0028 0000 0000 e7f555d9 e8ce5c3c: add_timer_randomness(.. 8388864) with jiffies: 7028570996147454364, cycles: 7028570991852781578
[    5.588674] random 0028 0000 0000 e7f555d9 e8ce5c3c: added 2 entropy credits to input
[    5.588678] EXT3-fs: sda2: couldn't mount because of unsupported optional features (240).
[    5.588905] random 0030 0000 0000 e7f555d9 e8ce5c3c: add_disk_randomness(8:0) e7f555d9 e8ce5c3c
[    5.588909] random 0030 0000 0000 e7f555d9 e8ce5c3c: add_timer_randomness(.. 8388864) with jiffies: 7030712342287188380, cycles: 7030712337992515594
[    5.588913] EXT2-fs: sda2: couldn't mount because of unsupported optional features (240).
[    5.589133] random 0030 0000 0000 e7f555d9 e8ce5c3c: add_disk_randomness(8:0) e7f555d9 e8ce5c3c
[    5.589136] random 0030 0000 0000 e7f555d9 e8ce5c3c: add_timer_randomness(.. 8388864) with jiffies: 7032759031642685852, cycles: 7032759027348013066
[    5.589273] random 0030 0000 0000 e7f555d9 e8ce5c3c: add_disk_randomness(8:0) e7f555d9 e8ce5c3c
[    5.589276] random 0030 0000 0000 e7f555d9 e8ce5c3c: add_timer_randomness(.. 8388864) with jiffies: 7034005607245644189, cycles: 7034005602950971402
[    5.589424] random 0030 0000 0000 e7f555d9 e8ce5c3c: add_disk_randomness(8:0) e7f555d9 e8ce5c3c
[    5.589427] random 0030 0000 0000 e7f555d9 e8ce5c3c: add_timer_randomness(.. 8388864) with jiffies: 7035366819820700061, cycles: 7035366815526027274
[    5.589545] random 0030 0000 0000 e7f555d9 e8ce5c3c: add_disk_randomness(8:0) e7f555d9 e8ce5c3c
[    5.589548] random 0030 0000 0000 e7f555d9 e8ce5c3c: add_timer_randomness(.. 8388864) with jiffies: 7036457316312121757, cycles: 7036457312017448970
[    5.589663] random 0030 0000 0000 e7f555d9 e8ce5c3c: add_disk_randomness(8:0) e7f555d9 e8ce5c3c
[    5.589666] random 0030 0000 0000 e7f555d9 e8ce5c3c: add_timer_randomness(.. 8388864) with jiffies: 7037525848340791709, cycles: 7037525844046118922
[    5.589820] random 0030 0000 0000 e7f555d9 e8ce5c3c: add_disk_randomness(8:0) e7f555d9 e8ce5c3c
[    5.589823] random 0030 0000 0000 e7f555d9 e8ce5c3c: add_timer_randomness(.. 8388864) with jiffies: 7038936981320728989, cycles: 7038936977026056202
[    5.589938] random 0030 0000 0000 e7f555d9 e8ce5c3c: add_disk_randomness(8:0) e7f555d9 e8ce5c3c
[    5.589941] random 0030 0000 0000 e7f555d9 e8ce5c3c: add_timer_randomness(.. 8388864) with jiffies: 7040006101759918493, cycles: 7040006097465245706
[    5.590057] random 0030 0000 0000 e7f555d9 e8ce5c3c: add_disk_randomness(8:0) e7f555d9 e8ce5c3c
[    5.590060] random 0030 0000 0000 e7f555d9 e8ce5c3c: add_timer_randomness(.. 8388864) with jiffies: 7041075127709827485, cycles: 7041075123415154698
[    5.590303] random 0030 0000 0000 e7f555d9 e8ce5c3c: rand_read_num 10 get_random_bytes(4): sig ffffff72 e7f555d9 e8ce5c3c
[    5.590306] random 0030 0000 0000 e7f555d9 e8ce5c3c: extract_entropy(.. 4 ..)
[    5.590308] random 0030 0000 0000 e7f555d9 e8ce5c3c: going to reseed nonblocking with 64 bits (32 of 0 requested)
[    5.590310] random 0030 0000 0000 e7f555d9 e8ce5c3c: extract_entropy(.. 8 ..)
[    5.590312] random 0030 0000 0000 e7f555d9 e8ce5c3c: trying to extract 64 bits from input
[    5.590315] random 0030 0000 0000 e7f555d9 e8ce5c3c: debiting 0 entropy credits from input
[    5.590316] random 0030 0000 0000 e7f555d9 e8ce5c3c: extract_entropy account returned: 0 
[    5.590320] random 0030 0000 0000 e7f555d9 e8ce5c3c: urand_change_num 45 xfer_secondary_pool(4): pool_sig ffffff72, data_sig 00000000, bytes_mixed 0 e7f555d9 e8ce5c3c
[    5.590323] random 0030 0000 0000 e7f555d9 e8ce5c3c: trying to extract 32 bits from nonblocking
[    5.590325] random 0030 0000 0000 e7f555d9 e8ce5c3c: debiting 32 entropy credits from nonblocking (unlimited)
[    5.590327] random 0030 0000 0000 e7f555d9 e8ce5c3c: extract_entropy account returned: 4 
[    5.590331] random 0030 0000 0000 e7f555d9 e8ce5c3c: urand_change_num 46 extract_buf: pool_sig ffffff72, data_sig ffffff72, bytes_mixed 20 e7f555d9 e8ce5c3c
[    5.594907] random 0030 0000 0000 91716c54 eeb6a1e7: add_disk_randomness(8:0) 91716c54 eeb6a1e7
[    5.594910] random 0030 0000 0000 91716c54 eeb6a1e7: add_timer_randomness(.. 8388864) with jiffies: 7084711407026667938, cycles: 7084711402731995146
[    5.594913] random 0030 0000 0000 91716c54 eeb6a1e7: added 2 entropy credits to input
[    5.613183] random 0032 0000 0000 91716c54 eeb6a1e7: add_disk_randomness(8:0) 91716c54 eeb6a1e7
[    5.613186] random 0032 0000 0000 91716c54 eeb6a1e7: add_timer_randomness(.. 8388864) with jiffies: 7249152686744633780, cycles: 7249152682449960970
[    5.613189] random 0032 0000 0000 91716c54 eeb6a1e7: added 3 entropy credits to input
[    5.617835] EXT4-fs (sda2): mounted filesystem with ordered data mode
[    5.618040] VFS: Mounted root (ext4 filesystem) readonly on device 8:2.
[    5.618145] Freeing unused kernel memory: 448k freed
[    5.638375] random 0035 0000 0000 91716c54 eeb6a1e7: add_disk_randomness(8:0) 91716c54 eeb6a1e7
[    5.638378] random 0035 0000 0000 91716c54 eeb6a1e7: add_timer_randomness(.. 8388864) with jiffies: 7475806756723720654, cycles: 7475806752429047818
[    5.638381] random 0035 0000 0000 91716c54 eeb6a1e7: added 2 entropy credits to input
[    5.639061] random 0037 0000 0000 91716c54 eeb6a1e7: add_disk_randomness(8:0) 91716c54 eeb6a1e7
[    5.639065] random 0037 0000 0000 91716c54 eeb6a1e7: add_timer_randomness(.. 8388864) with jiffies: 7481989847477617102, cycles: 7481989843182944266
[    5.643788] random 0037 0000 0000 91716c54 eeb6a1e7: add_disk_randomness(8:0) 91716c54 eeb6a1e7
[    5.643791] random 0037 0000 0000 91716c54 eeb6a1e7: add_timer_randomness(.. 8388864) with jiffies: 7524510062362722771, cycles: 7524510058068049930
[    5.643793] random 0037 0000 0000 91716c54 eeb6a1e7: added 2 entropy credits to input
[    5.651991] random 0039 0000 0000 91716c54 eeb6a1e7: add_disk_randomness(8:0) 91716c54 eeb6a1e7
[    5.651994] random 0039 0000 0000 91716c54 eeb6a1e7: add_timer_randomness(.. 8388864) with jiffies: 7598318731747099099, cycles: 7598318727452426250
[    5.651996] random 0039 0000 0000 91716c54 eeb6a1e7: added 1 entropy credits to input
[    5.655412] random 0040 0000 0000 91716c54 eeb6a1e7: add_disk_randomness(8:0) 91716c54 eeb6a1e7
[    5.655415] random 0040 0000 0000 91716c54 eeb6a1e7: add_timer_randomness(.. 8388864) with jiffies: 7629091317724447199, cycles: 7629091313429774346
[    5.655417] random 0040 0000 0000 91716c54 eeb6a1e7: added 2 entropy credits to input
[    5.664300] random 0042 0000 0000 91716c54 eeb6a1e7: add_disk_randomness(8:0) 91716c54 eeb6a1e7
[    5.664303] random 0042 0000 0000 91716c54 eeb6a1e7: add_timer_randomness(.. 8388864) with jiffies: 7709057368188486120, cycles: 7709057363893813258
[    5.664305] random 0042 0000 0000 91716c54 eeb6a1e7: added 2 entropy credits to input
[    5.677582] random 0044 0000 0000 91716c54 eeb6a1e7: add_disk_randomness(8:0) 91716c54 eeb6a1e7
[    5.677585] random 0044 0000 0000 91716c54 eeb6a1e7: add_timer_randomness(.. 8388864) with jiffies: 7828569390159987189, cycles: 7828569385865314314
[    5.685656] random 0044 0000 0000 91716c54 eeb6a1e7: add_disk_randomness(8:0) 91716c54 eeb6a1e7
[    5.685659] random 0044 0000 0000 91716c54 eeb6a1e7: add_timer_randomness(.. 8388864) with jiffies: 7901218697547317757, cycles: 7901218693252644874
[    5.685662] random 0044 0000 0000 91716c54 eeb6a1e7: added 2 entropy credits to input
[    5.685685] RANDOM get_random_int call with cycles 44789374056, jiffies 4294672893 and pid 1
[    5.685688] RANDOM get_random_int call with cycles 44789380965, jiffies 4294672893 and pid 1
[    5.685690] ASLR stack rand value: 3874816 after shift for pid: 1
[    5.685692] RANDOM get_random_int call with cycles 44789388808, jiffies 4294672893 and pid 1
[    5.697304] random 0046 0000 0000 91716c54 eeb6a1e7: add_disk_randomness(8:0) 91716c54 eeb6a1e7
[    5.697308] random 0046 0000 0000 91716c54 eeb6a1e7: add_timer_randomness(.. 8388864) with jiffies: 8006015289684361737, cycles: 8006015285389688842
[    5.697310] random 0046 0000 0000 91716c54 eeb6a1e7: added 2 entropy credits to input
[    5.697320] RANDOM get_random_int call with cycles 44813747580, jiffies 4294672905 and pid 1
[    5.697326] random 0048 0000 0000 91716c54 eeb6a1e7: rand_read_num 11 get_random_bytes(16): sig fffffcad 91716c54 eeb6a1e7
[    5.697329] random 0048 0000 0000 91716c54 eeb6a1e7: extract_entropy(.. 16 ..)
[    5.697331] random 0048 0000 0000 91716c54 eeb6a1e7: going to reseed nonblocking with 128 bits (128 of 0 requested)
[    5.697333] random 0048 0000 0000 91716c54 eeb6a1e7: extract_entropy(.. 16 ..)
[    5.697335] random 0048 0000 0000 91716c54 eeb6a1e7: trying to extract 128 bits from input
[    5.697338] random 0048 0000 0000 91716c54 eeb6a1e7: debiting 0 entropy credits from input
[    5.697340] random 0048 0000 0000 91716c54 eeb6a1e7: extract_entropy account returned: 0 
[    5.697343] random 0048 0000 0000 91716c54 eeb6a1e7: urand_change_num 47 xfer_secondary_pool(16): pool_sig fffffcad, data_sig 00000000, bytes_mixed 0 91716c54 eeb6a1e7
[    5.697346] random 0048 0000 0000 91716c54 eeb6a1e7: trying to extract 128 bits from nonblocking
[    5.697348] random 0048 0000 0000 91716c54 eeb6a1e7: debiting 128 entropy credits from nonblocking (unlimited)
[    5.697350] random 0048 0000 0000 91716c54 eeb6a1e7: extract_entropy account returned: 16 
[    5.697355] random 0048 0000 0000 91716c54 eeb6a1e7: urand_change_num 48 extract_buf: pool_sig fffffcad, data_sig ffffff19, bytes_mixed 20 91716c54 eeb6a1e7
[    5.697360] random 0048 0000 0000 fd637b06 6cf47bc1: urand_change_num 49 extract_buf: pool_sig fffffede, data_sig ffffffc1, bytes_mixed 20 fd637b06 6cf47bc1
[    5.698317] random 0048 0000 0000 fd637b06 6cf47bc1: add_disk_randomness(8:0) fd637b06 6cf47bc1
[    5.698320] random 0048 0000 0000 fd637b06 6cf47bc1: add_timer_randomness(.. 8388864) with jiffies: 8015128162314453514, cycles: 8015128158019780618
[    5.699455] random 0048 0000 0000 fd637b06 6cf47bc1: add_disk_randomness(8:0) fd637b06 6cf47bc1
[    5.699458] random 0048 0000 0000 fd637b06 6cf47bc1: add_timer_randomness(.. 8388864) with jiffies: 8025367922693865995, cycles: 8025367918399193098
[    5.700609] random 0048 0000 0000 fd637b06 6cf47bc1: add_disk_randomness(8:0) fd637b06 6cf47bc1
[    5.700612] random 0048 0000 0000 fd637b06 6cf47bc1: add_timer_randomness(.. 8388864) with jiffies: 8035755288214340108, cycles: 8035755283919667210
[    5.701492] random 0048 0000 0000 fd637b06 6cf47bc1: add_disk_randomness(8:0) fd637b06 6cf47bc1
[    5.701495] random 0048 0000 0000 fd637b06 6cf47bc1: add_timer_randomness(.. 8388864) with jiffies: 8043691709172515341, cycles: 8043691704877842442
[    5.710299] random 0048 0000 0000 fd637b06 6cf47bc1: add_disk_randomness(8:0) fd637b06 6cf47bc1
[    5.710302] random 0048 0000 0000 fd637b06 6cf47bc1: add_timer_randomness(.. 8388864) with jiffies: 8122932915185877526, cycles: 8122932910891204618
[    5.710305] random 0048 0000 0000 fd637b06 6cf47bc1: added 3 entropy credits to input
[    5.710499] random 0051 0000 0000 fd637b06 6cf47bc1: add_disk_randomness(8:0) fd637b06 6cf47bc1
[    5.710502] random 0051 0000 0000 fd637b06 6cf47bc1: add_timer_randomness(.. 8388864) with jiffies: 8124739146502341142, cycles: 8124739142207668234
[    5.720685] random 0051 0000 0000 fd637b06 6cf47bc1: add_disk_randomness(8:0) fd637b06 6cf47bc1
[    5.720688] random 0051 0000 0000 fd637b06 6cf47bc1: add_timer_randomness(.. 8388864) with jiffies: 8216388431429468704, cycles: 8216388427134795786
[    5.720691] random 0051 0000 0000 fd637b06 6cf47bc1: added 3 entropy credits to input
[    5.721123] random 0054 0000 0000 fd637b06 6cf47bc1: add_disk_randomness(8:0) fd637b06 6cf47bc1
[    5.721127] random 0054 0000 0000 fd637b06 6cf47bc1: add_timer_randomness(.. 8388864) with jiffies: 8220338263743496736, cycles: 8220338259448823818
[    5.730863] random 0054 0000 0000 fd637b06 6cf47bc1: add_disk_randomness(8:0) fd637b06 6cf47bc1
[    5.730866] random 0054 0000 0000 fd637b06 6cf47bc1: add_timer_randomness(.. 8388864) with jiffies: 8307961996083167786, cycles: 8307961991788494858
[    5.730868] random 0054 0000 0000 fd637b06 6cf47bc1: added 3 entropy credits to input
[    5.730921] RANDOM get_random_int call with cycles 44884138456, jiffies 4294672938 and pid 1
[    5.735466] random 0057 0000 0000 fd637b06 6cf47bc1: add_disk_randomness(8:0) fd637b06 6cf47bc1
[    5.735469] random 0057 0000 0000 fd637b06 6cf47bc1: add_timer_randomness(.. 8388864) with jiffies: 8349373946197148207, cycles: 8349373941902475274
[    5.735472] random 0057 0000 0000 fd637b06 6cf47bc1: added 2 entropy credits to input
[    5.748295] random 0059 0000 0000 fd637b06 6cf47bc1: add_disk_randomness(8:0) fd637b06 6cf47bc1
[    5.748298] random 0059 0000 0000 fd637b06 6cf47bc1: add_timer_randomness(.. 8388864) with jiffies: 8464799306786505276, cycles: 8464799302491832330
[    5.748301] random 0059 0000 0000 fd637b06 6cf47bc1: added 3 entropy credits to input
[    5.748439] random 0062 0000 0000 fd637b06 6cf47bc1: add_disk_randomness(8:0) fd637b06 6cf47bc1
[    5.748442] random 0062 0000 0000 fd637b06 6cf47bc1: add_timer_randomness(.. 8388864) with jiffies: 8466098332530082364, cycles: 8466098328235409418
[    5.750597] random 0062 0000 0000 fd637b06 6cf47bc1: add_disk_randomness(8:0) fd637b06 6cf47bc1
[    5.750600] random 0062 0000 0000 fd637b06 6cf47bc1: add_timer_randomness(.. 8388864) with jiffies: 8485512297672573502, cycles: 8485512293377900554
[    5.750602] random 0062 0000 0000 fd637b06 6cf47bc1: added 1 entropy credits to input
[    5.750844] random 0063 0000 0000 fd637b06 6cf47bc1: add_disk_randomness(8:0) fd637b06 6cf47bc1
[    5.750847] random 0063 0000 0000 fd637b06 6cf47bc1: add_timer_randomness(.. 8388864) with jiffies: 8487744559680029246, cycles: 8487744555385356298
[    5.751021] random 0063 0000 0000 fd637b06 6cf47bc1: add_disk_randomness(8:0) fd637b06 6cf47bc1
[    5.751024] random 0063 0000 0000 fd637b06 6cf47bc1: add_timer_randomness(.. 8388864) with jiffies: 8489341179412578878, cycles: 8489341175117905930
[    5.754150] random 0063 0000 0000 fd637b06 6cf47bc1: add_disk_randomness(8:0) fd637b06 6cf47bc1
[    5.754153] random 0063 0000 0000 fd637b06 6cf47bc1: add_timer_randomness(.. 8388864) with jiffies: 8517490330646053441, cycles: 8517490326351380490
[    5.754156] random 0063 0000 0000 fd637b06 6cf47bc1: added 1 entropy credits to input
[    5.756164] random 0064 0000 0000 fd637b06 6cf47bc1: add_disk_randomness(8:0) fd637b06 6cf47bc1
[    5.756167] random 0064 0000 0000 fd637b06 6cf47bc1: add_timer_randomness(.. 8388864) with jiffies: 8535614920836481603, cycles: 8535614916541808650
[    5.763994] random 0064 0000 0000 fd637b06 6cf47bc1: add_disk_randomness(8:0) fd637b06 6cf47bc1
[    5.763997] random 0064 0000 0000 fd637b06 6cf47bc1: add_timer_randomness(.. 8388864) with jiffies: 8606059746064826955, cycles: 8606059741770153994
[    5.764000] random 0064 0000 0000 fd637b06 6cf47bc1: added 2 entropy credits to input
[    5.764131] random 0066 0000 0000 fd637b06 6cf47bc1: add_disk_randomness(8:0) fd637b06 6cf47bc1
[    5.764134] random 0066 0000 0000 fd637b06 6cf47bc1: add_timer_randomness(.. 8388864) with jiffies: 8607298882784428619, cycles: 8607298878489755658
[    5.767692] random 0066 0000 0000 fd637b06 6cf47bc1: add_disk_randomness(8:0) fd637b06 6cf47bc1
[    5.767695] random 0066 0000 0000 fd637b06 6cf47bc1: add_timer_randomness(.. 8388864) with jiffies: 8639326565579850319, cycles: 8639326561285177354
[    5.767697] random 0066 0000 0000 fd637b06 6cf47bc1: added 2 entropy credits to input
[    5.772189] random 0068 0000 0000 fd637b06 6cf47bc1: add_disk_randomness(8:0) fd637b06 6cf47bc1
[    5.772192] random 0068 0000 0000 fd637b06 6cf47bc1: add_timer_randomness(.. 8388864) with jiffies: 8679785797458297428, cycles: 8679785793163624458
[    5.777764] random 0068 0000 0000 fd637b06 6cf47bc1: add_disk_randomness(8:0) fd637b06 6cf47bc1
[    5.777767] random 0068 0000 0000 fd637b06 6cf47bc1: add_timer_randomness(.. 8388864) with jiffies: 8729954219521180249, cycles: 8729954215226507274
[    5.784043] random 0068 0000 0000 fd637b06 6cf47bc1: add_disk_randomness(8:0) fd637b06 6cf47bc1
[    5.784046] random 0068 0000 0000 fd637b06 6cf47bc1: add_timer_randomness(.. 8388864) with jiffies: 8786451709686415967, cycles: 8786451705391742986
[    5.784060] random 0068 0000 0000 fd637b06 6cf47bc1: rand_read_num 12 get_random_bytes(16): sig 0000033b fd637b06 6cf47bc1
[    5.784062] random 0068 0000 0000 fd637b06 6cf47bc1: extract_entropy(.. 16 ..)
[    5.784065] random 0068 0000 0000 fd637b06 6cf47bc1: going to reseed nonblocking with 128 bits (128 of 0 requested)
[    5.784067] random 0068 0000 0000 fd637b06 6cf47bc1: extract_entropy(.. 16 ..)
[    5.784069] random 0068 0000 0000 fd637b06 6cf47bc1: trying to extract 128 bits from input
[    5.784072] random 0068 0000 0000 fd637b06 6cf47bc1: debiting 0 entropy credits from input
[    5.784074] random 0068 0000 0000 fd637b06 6cf47bc1: extract_entropy account returned: 0 
[    5.784077] random 0068 0000 0000 fd637b06 6cf47bc1: urand_change_num 50 xfer_secondary_pool(16): pool_sig 0000033b, data_sig 00000000, bytes_mixed 0 fd637b06 6cf47bc1
[    5.784080] random 0068 0000 0000 fd637b06 6cf47bc1: trying to extract 128 bits from nonblocking
[    5.784082] random 0068 0000 0000 fd637b06 6cf47bc1: debiting 128 entropy credits from nonblocking (unlimited)
[    5.784084] random 0068 0000 0000 fd637b06 6cf47bc1: extract_entropy account returned: 16 
[    5.784089] random 0068 0000 0000 fd637b06 6cf47bc1: urand_change_num 51 extract_buf: pool_sig 0000033b, data_sig 000000d8, bytes_mixed 20 fd637b06 6cf47bc1
[    5.784094] random 0068 0000 0000 0ec1f012 d4727ca8: urand_change_num 52 extract_buf: pool_sig fffffcf5, data_sig 00000016, bytes_mixed 20 0ec1f012 d4727ca8
[    5.790786] random 0068 0000 0000 45b1d0b1 845a73f7: add_disk_randomness(8:0) 45b1d0b1 845a73f7
[    5.790789] random 0068 0000 0000 45b1d0b1 845a73f7: add_timer_randomness(.. 8388864) with jiffies: 8847121094859784806, cycles: 8847121090565111818
[    5.798014] random 0068 0000 0000 45b1d0b1 845a73f7: add_disk_randomness(8:0) 45b1d0b1 845a73f7
[    5.798017] random 0068 0000 0000 45b1d0b1 845a73f7: add_timer_randomness(.. 8388864) with jiffies: 8912156335764374125, cycles: 8912156331469701130
[    5.803611] random 0068 0000 0000 45b1d0b1 845a73f7: add_disk_randomness(8:0) 45b1d0b1 845a73f7
[    5.803614] random 0068 0000 0000 45b1d0b1 845a73f7: add_timer_randomness(.. 8388864) with jiffies: 8962504154316243571, cycles: 8962504150021570570
[    5.815435] random 0068 0000 0000 45b1d0b1 845a73f7: add_disk_randomness(8:0) 45b1d0b1 845a73f7
[    5.815438] random 0068 0000 0000 45b1d0b1 845a73f7: add_timer_randomness(.. 8388864) with jiffies: 9068886860695831167, cycles: 9068886856401158154
[    5.815440] random 0068 0000 0000 45b1d0b1 845a73f7: added 2 entropy credits to input
[    5.818577] random 0070 0000 0000 45b1d0b1 845a73f7: add_disk_randomness(8:0) 45b1d0b1 845a73f7
[    5.818580] random 0070 0000 0000 45b1d0b1 845a73f7: add_timer_randomness(.. 8388864) with jiffies: 9097159483649131138, cycles: 9097159479354458122
[    5.818583] random 0070 0000 0000 45b1d0b1 845a73f7: added 1 entropy credits to input
[    5.832844] random 0071 0000 0000 45b1d0b1 845a73f7: add_disk_randomness(8:0) 45b1d0b1 845a73f7
[    5.832847] random 0071 0000 0000 45b1d0b1 845a73f7: add_timer_randomness(.. 8388864) with jiffies: 9225535261557621392, cycles: -9221208816446603254
[    5.832850] random 0071 0000 0000 45b1d0b1 845a73f7: added 3 entropy credits to input
[    5.838239] random 0074 0000 0000 45b1d0b1 845a73f7: add_disk_randomness(8:0) 45b1d0b1 845a73f7
[    5.838242] random 0074 0000 0000 45b1d0b1 845a73f7: add_timer_randomness(.. 8388864) with jiffies: 9274062731235525270, cycles: -9172681346768699382
[    5.838245] random 0074 0000 0000 45b1d0b1 845a73f7: added 2 entropy credits to input
[    5.843412] random 0076 0000 0000 45b1d0b1 845a73f7: add_disk_randomness(8:0) 45b1d0b1 845a73f7
[    5.843415] random 0076 0000 0000 45b1d0b1 845a73f7: add_timer_randomness(.. 8388864) with jiffies: 9320608949679653531, cycles: -9126135128324571126
[    5.851639] random 0076 0000 0000 45b1d0b1 845a73f7: add_disk_randomness(8:0) 45b1d0b1 845a73f7
[    5.851642] random 0076 0000 0000 45b1d0b1 845a73f7: add_timer_randomness(.. 8388864) with jiffies: 9394637736137949859, cycles: -9052106341866274806
[    5.851645] random 0076 0000 0000 45b1d0b1 845a73f7: added 1 entropy credits to input
[    5.861241] random 0077 0000 0000 45b1d0b1 845a73f7: add_disk_randomness(8:0) 45b1d0b1 845a73f7
[    5.861244] random 0077 0000 0000 45b1d0b1 845a73f7: add_timer_randomness(.. 8388864) with jiffies: 9481019535734309549, cycles: -8965724542269915126
[    5.880740] random 0077 0000 0000 45b1d0b1 845a73f7: add_disk_randomness(8:0) 45b1d0b1 845a73f7
[    5.880743] random 0077 0000 0000 45b1d0b1 845a73f7: add_timer_randomness(.. 8388864) with jiffies: 9656474713622020800, cycles: -8790269364382203894
[    5.880746] random 0077 0000 0000 45b1d0b1 845a73f7: added 2 entropy credits to input
[    5.894022] random 0079 0000 0000 45b1d0b1 845a73f7: add_disk_randomness(8:0) 45b1d0b1 845a73f7
[    5.894025] random 0079 0000 0000 45b1d0b1 845a73f7: add_timer_randomness(.. 8388864) with jiffies: 9775979653192450765, cycles: -8670764424811773942
[    5.894028] random 0079 0000 0000 45b1d0b1 845a73f7: added 2 entropy credits to input
[    5.902043] random 0081 0000 0000 45b1d0b1 845a73f7: add_disk_randomness(8:0) 45b1d0b1 845a73f7
[    5.902046] random 0081 0000 0000 45b1d0b1 845a73f7: add_timer_randomness(.. 8388864) with jiffies: 9848144080246899413, cycles: -8598599997757325302
[    5.912058] random 0081 0000 0000 45b1d0b1 845a73f7: add_disk_randomness(8:0) 45b1d0b1 845a73f7
[    5.912061] random 0081 0000 0000 45b1d0b1 845a73f7: add_timer_randomness(.. 8388864) with jiffies: 9938254963723174623, cycles: -8508489114281050102
[    5.912063] random 0081 0000 0000 45b1d0b1 845a73f7: added 1 entropy credits to input
[    5.924940] random 0082 0000 0000 45b1d0b1 845a73f7: add_disk_randomness(8:0) 45b1d0b1 845a73f7
[    5.924943] random 0082 0000 0000 45b1d0b1 845a73f7: add_timer_randomness(.. 8388864) with jiffies: 10054157813006697196, cycles: -8392586264997527542
[    5.932301] random 0082 0000 0000 45b1d0b1 845a73f7: add_disk_randomness(8:0) 45b1d0b1 845a73f7
[    5.932304] random 0082 0000 0000 45b1d0b1 845a73f7: add_timer_randomness(.. 8388864) with jiffies: 10120378610913870580, cycles: -8326365467090354166
[    5.932306] random 0082 0000 0000 45b1d0b1 845a73f7: added 2 entropy credits to input
[    5.937546] random 0084 0000 0000 45b1d0b1 845a73f7: add_disk_randomness(8:0) 45b1d0b1 845a73f7
[    5.937549] random 0084 0000 0000 45b1d0b1 845a73f7: add_timer_randomness(.. 8388864) with jiffies: 10167579369489007353, cycles: -8279164708515217398
[    5.937552] random 0084 0000 0000 45b1d0b1 845a73f7: added 1 entropy credits to input
[    5.943983] random 0085 0000 0000 45b1d0b1 845a73f7: add_disk_randomness(8:0) 45b1d0b1 845a73f7
[    5.943986] random 0085 0000 0000 45b1d0b1 845a73f7: add_timer_randomness(.. 8388864) with jiffies: 10225502157436322559, cycles: -8221241920567902198
[    5.949039] random 0085 0000 0000 45b1d0b1 845a73f7: add_disk_randomness(8:0) 45b1d0b1 845a73f7
[    5.949042] random 0085 0000 0000 45b1d0b1 845a73f7: add_timer_randomness(.. 8388864) with jiffies: 10270991659306812164, cycles: -8175752418697412598
[    5.954935] random 0085 0000 0000 45b1d0b1 845a73f7: add_disk_randomness(8:0) 45b1d0b1 845a73f7
[    5.954938] random 0085 0000 0000 45b1d0b1 845a73f7: add_timer_randomness(.. 8388864) with jiffies: 10324040797539500810, cycles: -8122703280464723958
[    5.964291] random 0085 0000 0000 45b1d0b1 845a73f7: add_disk_randomness(8:0) 45b1d0b1 845a73f7
[    5.964294] random 0085 0000 0000 45b1d0b1 845a73f7: add_timer_randomness(.. 8388864) with jiffies: 10408205981694264084, cycles: -8038538096309960694
[    5.964296] random 0085 0000 0000 45b1d0b1 845a73f7: added 1 entropy credits to input
[    5.969172] random 0086 0000 0000 45b1d0b1 845a73f7: add_disk_randomness(8:0) 45b1d0b1 845a73f7
[    5.969175] random 0086 0000 0000 45b1d0b1 845a73f7: add_timer_randomness(.. 8388864) with jiffies: 10452126330148061977, cycles: -7994617747856162806
[    5.969178] random 0086 0000 0000 45b1d0b1 845a73f7: added 2 entropy credits to input
[    5.976603] random 0088 0000 0000 45b1d0b1 845a73f7: add_disk_randomness(8:0) 45b1d0b1 845a73f7
[    5.976606] random 0088 0000 0000 45b1d0b1 845a73f7: add_timer_randomness(.. 8388864) with jiffies: 10518985570648818464, cycles: -7927758507355406326
[    5.976608] random 0088 0000 0000 45b1d0b1 845a73f7: added 1 entropy credits to input
[    5.982818] random 0089 0000 0000 45b1d0b1 845a73f7: add_disk_randomness(8:0) 45b1d0b1 845a73f7
[    5.982821] random 0089 0000 0000 45b1d0b1 845a73f7: add_timer_randomness(.. 8388864) with jiffies: 10574915064274060070, cycles: -7871829013730164726
[    5.982973] random 0089 0000 0000 45b1d0b1 845a73f7: add_disk_randomness(8:0) 45b1d0b1 845a73f7
[    5.982976] random 0089 0000 0000 45b1d0b1 845a73f7: add_timer_randomness(.. 8388864) with jiffies: 10576303829064319782, cycles: -7870440248939905014
[    5.997382] random 0089 0000 0000 45b1d0b1 845a73f7: add_disk_randomness(8:0) 45b1d0b1 845a73f7
[    5.997385] random 0089 0000 0000 45b1d0b1 845a73f7: add_timer_randomness(.. 8388864) with jiffies: 10705943182056325941, cycles: -7740800895947898870
[    5.997388] random 0089 0000 0000 45b1d0b1 845a73f7: added 3 entropy credits to input
[    6.004801] random 0092 0000 0000 45b1d0b1 845a73f7: add_disk_randomness(8:0) 45b1d0b1 845a73f7
[    6.004804] random 0092 0000 0000 45b1d0b1 845a73f7: add_timer_randomness(.. 8388864) with jiffies: 10772697483621139260, cycles: -7674046594383085558
[    6.004806] random 0092 0000 0000 45b1d0b1 845a73f7: added 2 entropy credits to input
[    6.014481] random 0094 0000 0000 45b1d0b1 845a73f7: add_disk_randomness(8:0) 45b1d0b1 845a73f7
[    6.014484] random 0094 0000 0000 45b1d0b1 845a73f7: add_timer_randomness(.. 8388864) with jiffies: 10859793574933529414, cycles: -7586950503070695414
[    6.014487] random 0094 0000 0000 45b1d0b1 845a73f7: added 1 entropy credits to input
[    6.025107] random 0095 0000 0000 45b1d0b1 845a73f7: add_disk_randomness(8:0) 45b1d0b1 845a73f7
[    6.025110] random 0095 0000 0000 45b1d0b1 845a73f7: add_timer_randomness(.. 8388864) with jiffies: 10955408613618451280, cycles: -7491335464385773558
[    6.037625] random 0095 0000 0000 45b1d0b1 845a73f7: add_disk_randomness(8:0) 45b1d0b1 845a73f7
[    6.037628] random 0095 0000 0000 45b1d0b1 845a73f7: add_timer_randomness(.. 8388864) with jiffies: 11068028793627837277, cycles: -7378715284376387574
[    6.037630] random 0095 0000 0000 45b1d0b1 845a73f7: added 1 entropy credits to input
[    6.038832] random 0096 0000 0000 45b1d0b1 845a73f7: add_disk_randomness(8:0) 45b1d0b1 845a73f7
[    6.038835] random 0096 0000 0000 45b1d0b1 845a73f7: add_timer_randomness(.. 8388864) with jiffies: 11078897977169511262, cycles: -7367846100834713590
[    6.042850] random 0096 0000 0000 45b1d0b1 845a73f7: add_disk_randomness(8:0) 45b1d0b1 845a73f7
[    6.042854] random 0096 0000 0000 45b1d0b1 845a73f7: add_timer_randomness(.. 8388864) with jiffies: 11115049885131047778, cycles: -7331694192873177078
[    6.042856] random 0096 0000 0000 45b1d0b1 845a73f7: added 1 entropy credits to input
[    6.052192] random 0097 0000 0000 45b1d0b1 845a73f7: add_disk_randomness(8:0) 45b1d0b1 845a73f7
[    6.052195] random 0097 0000 0000 45b1d0b1 845a73f7: add_timer_randomness(.. 8388864) with jiffies: 11199088797247308652, cycles: -7247655280756916214
[    6.052198] random 0097 0000 0000 45b1d0b1 845a73f7: added 1 entropy credits to input
[    6.052539] random 0098 0000 0000 45b1d0b1 845a73f7: add_disk_randomness(8:0) 45b1d0b1 845a73f7
[    6.052542] random 0098 0000 0000 45b1d0b1 845a73f7: add_timer_randomness(.. 8388864) with jiffies: 11202220704579421036, cycles: -7244523373424803830
[    6.068199] random 0098 0000 0000 45b1d0b1 845a73f7: add_disk_randomness(8:0) 45b1d0b1 845a73f7
[    6.068202] random 0098 0000 0000 45b1d0b1 845a73f7: add_timer_randomness(.. 8388864) with jiffies: 11343109139560366972, cycles: -7103634938443857910
[    6.068204] random 0098 0000 0000 45b1d0b1 845a73f7: added 4 entropy credits to input
[    6.069830] random 0102 0000 0000 45b1d0b1 845a73f7: add_disk_randomness(8:0) 45b1d0b1 845a73f7
[    6.069833] random 0102 0000 0000 45b1d0b1 845a73f7: add_timer_randomness(.. 8388864) with jiffies: 11357799899102675837, cycles: -7088944178901549046
[    6.069974] random 0102 0000 0000 45b1d0b1 845a73f7: add_disk_randomness(8:0) 45b1d0b1 845a73f7
[    6.069977] random 0102 0000 0000 45b1d0b1 845a73f7: add_timer_randomness(.. 8388864) with jiffies: 11359093556137132925, cycles: -7087650521867091958
[    6.080857] random 0102 0000 0000 45b1d0b1 845a73f7: add_disk_randomness(8:0) 45b1d0b1 845a73f7
[    6.080860] random 0102 0000 0000 45b1d0b1 845a73f7: add_timer_randomness(.. 8388864) with jiffies: 11457011569171071880, cycles: -6989732508833153014
[    6.080863] random 0102 0000 0000 45b1d0b1 845a73f7: added 3 entropy credits to input
[    6.081420] random 0105 0000 0000 45b1d0b1 845a73f7: add_disk_randomness(8:0) 45b1d0b1 845a73f7
[    6.081423] random 0105 0000 0000 45b1d0b1 845a73f7: add_timer_randomness(.. 8388864) with jiffies: 11462066599649575817, cycles: -6984677478354649078
[    6.086647] random 0105 0000 0000 45b1d0b1 845a73f7: add_disk_randomness(8:0) 45b1d0b1 845a73f7
[    6.086650] random 0105 0000 0000 45b1d0b1 845a73f7: add_timer_randomness(.. 8388864) with jiffies: 11509102616164139918, cycles: -6937641461840084982
[    6.086653] random 0105 0000 0000 45b1d0b1 845a73f7: added 2 entropy credits to input
[    6.088444] random 0107 0000 0000 45b1d0b1 845a73f7: add_disk_randomness(8:0) 45b1d0b1 845a73f7
[    6.088447] random 0107 0000 0000 45b1d0b1 845a73f7: add_timer_randomness(.. 8388864) with jiffies: 11525265437092447120, cycles: -6921478640911777782
[    6.088449] random 0107 0000 0000 45b1d0b1 845a73f7: added 1 entropy credits to input
[    6.098636] random 0108 0000 0000 45b1d0b1 845a73f7: add_disk_randomness(8:0) 45b1d0b1 845a73f7
[    6.098639] random 0108 0000 0000 45b1d0b1 845a73f7: add_timer_randomness(.. 8388864) with jiffies: 11616976865901380506, cycles: -6829767212102844406
[    6.098642] random 0108 0000 0000 45b1d0b1 845a73f7: added 3 entropy credits to input
[    6.112567] random 0111 0000 0000 45b1d0b1 845a73f7: add_disk_randomness(8:0) 45b1d0b1 845a73f7
[    6.112570] random 0111 0000 0000 45b1d0b1 845a73f7: add_timer_randomness(.. 8388864) with jiffies: 11742315436211667880, cycles: -6704428641792557046
[    6.112573] random 0111 0000 0000 45b1d0b1 845a73f7: added 2 entropy credits to input
[    6.125084] random 0113 0000 0000 45b1d0b1 845a73f7: add_disk_randomness(8:0) 45b1d0b1 845a73f7
