[    0.000000] random 0000 0000 0000 00000000 00000000: rand_read_num 1 get_random_bytes(8): sig 00000000 00000000 00000000
[    0.000000] random 0000 0000 0000 00000000 00000000: extract_entropy(.. 8 ..)
[    0.000000] random 0000 0000 0000 00000000 00000000: going to reseed nonblocking with 64 bits (64 of 0 requested)
[    0.000000] random 0000 0000 0000 00000000 00000000: extract_entropy(.. 8 ..)
[    0.000000] random 0000 0000 0000 00000000 00000000: trying to extract 64 bits from input
[    0.000000] random 0000 0000 0000 00000000 00000000: debiting 0 entropy credits from input
[    0.000000] random 0000 0000 0000 00000000 00000000: extract_entropy account returned: 0 
[    0.000000] random 0000 0000 0000 00000000 00000000: urand_change_num 1 xfer_secondary_pool(8): pool_sig 00000000, data_sig 00000000, bytes_mixed 0 00000000 00000000
[    0.000000] random 0000 0000 0000 00000000 00000000: trying to extract 64 bits from nonblocking
[    0.000000] random 0000 0000 0000 00000000 00000000: debiting 64 entropy credits from nonblocking (unlimited)
[    0.000000] random 0000 0000 0000 00000000 00000000: extract_entropy account returned: 8 
[    0.000000] random 0000 0000 0000 00000000 00000000: urand_change_num 2 extract_buf: pool_sig 00000000, data_sig fffffff9, bytes_mixed 20 00000000 00000000
[    0.000000] Linux version 2.6.32.57 (dcashman@dcashman-02) (gcc version 4.3.3 (GCC) ) #6 Thu May 30 09:02:12 PDT 2013
[    0.000000] KERNEL supported cpus:
[    0.000000]   Intel GenuineIntel
[    0.000000]   AMD AuthenticAMD
[    0.000000]   NSC Geode by NSC
[    0.000000]   Cyrix CyrixInstead
[    0.000000]   Centaur CentaurHauls
[    0.000000]   Transmeta GenuineTMx86
[    0.000000]   Transmeta TransmetaCPU
[    0.000000]   UMC UMC UMC UMC
[    0.000000] BIOS-provided physical RAM map:
[    0.000000]  BIOS-e820: 0000000000000000 - 000000000009d800 (usable)
[    0.000000]  BIOS-e820: 000000000009d800 - 00000000000a0000 (reserved)
[    0.000000]  BIOS-e820: 00000000000d2000 - 00000000000d4000 (reserved)
[    0.000000]  BIOS-e820: 00000000000e0000 - 0000000000100000 (reserved)
[    0.000000]  BIOS-e820: 0000000000100000 - 000000003d6b0000 (usable)
[    0.000000]  BIOS-e820: 000000003d6b0000 - 000000003d6cc000 (ACPI data)
[    0.000000]  BIOS-e820: 000000003d6cc000 - 000000003d700000 (ACPI NVS)
[    0.000000]  BIOS-e820: 000000003d700000 - 000000003e000000 (reserved)
[    0.000000]  BIOS-e820: 00000000f0000000 - 00000000f4000000 (reserved)
[    0.000000]  BIOS-e820: 00000000fec00000 - 00000000fec10000 (reserved)
[    0.000000]  BIOS-e820: 00000000fed00000 - 00000000fed00400 (reserved)
[    0.000000]  BIOS-e820: 00000000fed14000 - 00000000fed1a000 (reserved)
[    0.000000]  BIOS-e820: 00000000fed1c000 - 00000000fed90000 (reserved)
[    0.000000]  BIOS-e820: 00000000fee00000 - 00000000fee01000 (reserved)
[    0.000000]  BIOS-e820: 00000000ff000000 - 0000000100000000 (reserved)
[    0.000000] DMI present.
[    0.000000] last_pfn = 0x3d6b0 max_arch_pfn = 0x100000
[    0.000000] MTRR default type: uncachable
[    0.000000] MTRR fixed ranges enabled:
[    0.000000]   00000-9FFFF write-back
[    0.000000]   A0000-BFFFF uncachable
[    0.000000]   C0000-CFFFF write-protect
[    0.000000]   D0000-DFFFF uncachable
[    0.000000]   E0000-FFFFF write-protect
[    0.000000] MTRR variable ranges enabled:
[    0.000000]   0 base 03E000000 mask FFE000000 uncachable
[    0.000000]   1 base 000000000 mask FC0000000 write-back
[    0.000000]   2 base 03D700000 mask FFFF00000 uncachable
[    0.000000]   3 base 03D800000 mask FFF800000 uncachable
[    0.000000]   4 disabled
[    0.000000]   5 disabled
[    0.000000]   6 disabled
[    0.000000]   7 disabled
[    0.000000] initial memory mapped : 0 - 02000000
[    0.000000] init_memory_mapping: 0000000000000000-00000000377fe000
[    0.000000]  0000000000 - 0000400000 page 4k
[    0.000000]  0000400000 - 0037400000 page 2M
[    0.000000]  0037400000 - 00377fe000 page 4k
[    0.000000] kernel direct mapping tables up to 377fe000 @ 7000-c000
[    0.000000] ACPI: RSDP 000f68d0 00024 (v02 LENOVO)
[    0.000000] ACPI: XSDT 3d6bb77f 00094 (v01 LENOVO TP-7L    00002170  LTP 00000000)
[    0.000000] ACPI: FACP 3d6bb900 000F4 (v03 LENOVO TP-7L    00002170 LNVO 00000001)
[    0.000000] ACPI Warning: 32/64X length mismatch in Gpe1Block: 0/32 (20090903/tbfadt-526)
[    0.000000] ACPI Warning: Optional field Gpe1Block has zero address or length: 000000000000102C/0 (20090903/tbfadt-557)
[    0.000000] ACPI: DSDT 3d6bbd1d 0FED1 (v01 LENOVO TP-7L    00002170 MSFT 03000000)
[    0.000000] ACPI: FACS 3d6e4000 00040
[    0.000000] ACPI: SSDT 3d6bbab4 00269 (v01 LENOVO TP-7L    00002170 MSFT 03000000)
[    0.000000] ACPI: ECDT 3d6cbbee 00052 (v01 LENOVO TP-7L    00002170 LNVO 00000001)
[    0.000000] ACPI: TCPA 3d6cbc40 00032 (v02 LENOVO TP-7L    00002170 LNVO 00000001)
[    0.000000] ACPI: APIC 3d6cbc72 00068 (v01 LENOVO TP-7L    00002170 LNVO 00000001)
[    0.000000] ACPI: MCFG 3d6cbcda 0003C (v01 LENOVO TP-7L    00002170 LNVO 00000001)
[    0.000000] ACPI: HPET 3d6cbd16 00038 (v01 LENOVO TP-7L    00002170 LNVO 00000001)
[    0.000000] ACPI: SLIC 3d6cbdf0 00176 (v01 LENOVO TP-7L    00002170  LTP 00000000)
[    0.000000] ACPI: BOOT 3d6cbf66 00028 (v01 LENOVO TP-7L    00002170  LTP 00000001)
[    0.000000] ACPI: ASF! 3d6cbf8e 00072 (v16 LENOVO TP-7L    00002170 PTL  00000001)
[    0.000000] ACPI: SSDT 3d6e26d9 0025F (v01 LENOVO TP-7L    00002170 INTL 20050513)
[    0.000000] ACPI: SSDT 3d6e2938 000A6 (v01 LENOVO TP-7L    00002170 INTL 20050513)
[    0.000000] ACPI: SSDT 3d6e29de 004F7 (v01 LENOVO TP-7L    00002170 INTL 20050513)
[    0.000000] ACPI: SSDT 3d6e2ed5 001D8 (v01 LENOVO TP-7L    00002170 INTL 20050513)
[    0.000000] ACPI: DMI detected: Lenovo ThinkPad R61
[    0.000000] ACPI: Added _OSI(Linux)
[    0.000000] ACPI: Local APIC address 0xfee00000
[    0.000000] 94MB HIGHMEM available.
[    0.000000] 887MB LOWMEM available.
[    0.000000]   mapped low ram: 0 - 377fe000
[    0.000000]   low ram: 0 - 377fe000
[    0.000000]   node 0 low ram: 00000000 - 377fe000
[    0.000000]   node 0 bootmap 00008000 - 0000ef00
[    0.000000] (6 early reservations) ==> bootmem [0000000000 - 00377fe000]
[    0.000000]   #0 [0000000000 - 0000001000]   BIOS data page ==> [0000000000 - 0000001000]
[    0.000000]   #1 [0001000000 - 0001bdc180]    TEXT DATA BSS ==> [0001000000 - 0001bdc180]
[    0.000000]   #2 [000009d800 - 0000100000]    BIOS reserved ==> [000009d800 - 0000100000]
[    0.000000]   #3 [0001bdd000 - 0001be516c]              BRK ==> [0001bdd000 - 0001be516c]
[    0.000000]   #4 [0000007000 - 0000008000]          PGTABLE ==> [0000007000 - 0000008000]
[    0.000000]   #5 [0000008000 - 000000f000]          BOOTMAP ==> [0000008000 - 000000f000]
[    0.000000] found SMP MP-table at [c00f6900] f6900
[    0.000000] Zone PFN ranges:
[    0.000000]   DMA      0x00000000 -> 0x00001000
[    0.000000]   Normal   0x00001000 -> 0x000377fe
[    0.000000]   HighMem  0x000377fe -> 0x0003d6b0
[    0.000000] Movable zone start PFN for each node
[    0.000000] early_node_map[2] active PFN ranges
[    0.000000]     0: 0x00000000 -> 0x0000009d
[    0.000000]     0: 0x00000100 -> 0x0003d6b0
[    0.000000] On node 0 totalpages: 251469
[    0.000000] free_area_init_node: node 0, pgdat c1901ea0, node_mem_map c1be7000
[    0.000000]   DMA zone: 32 pages used for memmap
[    0.000000]   DMA zone: 0 pages reserved
[    0.000000]   DMA zone: 3965 pages, LIFO batch:0
[    0.000000]   Normal zone: 1744 pages used for memmap
[    0.000000]   Normal zone: 221486 pages, LIFO batch:31
[    0.000000]   HighMem zone: 190 pages used for memmap
[    0.000000]   HighMem zone: 24052 pages, LIFO batch:3
[    0.000000] Using APIC driver default
[    0.000000] ACPI: PM-Timer IO Port: 0x1008
[    0.000000] ACPI: Local APIC address 0xfee00000
[    0.000000] ACPI: LAPIC (acpi_id[0x00] lapic_id[0x00] enabled)
[    0.000000] ACPI: LAPIC (acpi_id[0x01] lapic_id[0x01] enabled)
[    0.000000] ACPI: NR_CPUS/possible_cpus limit of 1 reached.  Processor 1/0x1 ignored.
[    0.000000] ACPI: LAPIC_NMI (acpi_id[0x00] high edge lint[0x1])
[    0.000000] ACPI: LAPIC_NMI (acpi_id[0x01] high edge lint[0x1])
[    0.000000] ACPI: IOAPIC (id[0x01] address[0xfec00000] gsi_base[0])
[    0.000000] IOAPIC[0]: apic_id 1, version 32, address 0xfec00000, GSI 0-23
[    0.000000] ACPI: INT_SRC_OVR (bus 0 bus_irq 0 global_irq 2 dfl dfl)
[    0.000000] ACPI: INT_SRC_OVR (bus 0 bus_irq 9 global_irq 9 high level)
[    0.000000] ACPI: IRQ0 used by override.
[    0.000000] ACPI: IRQ2 used by override.
[    0.000000] ACPI: IRQ9 used by override.
[    0.000000] Using ACPI (MADT) for SMP configuration information
[    0.000000] ACPI: HPET id: 0x8086a201 base: 0xfed00000
[    0.000000] nr_irqs_gsi: 24
[    0.000000] PM: Registered nosave memory: 000000000009d000 - 000000000009e000
[    0.000000] PM: Registered nosave memory: 000000000009e000 - 00000000000a0000
[    0.000000] PM: Registered nosave memory: 00000000000a0000 - 00000000000d2000
[    0.000000] PM: Registered nosave memory: 00000000000d2000 - 00000000000d4000
[    0.000000] PM: Registered nosave memory: 00000000000d4000 - 00000000000e0000
[    0.000000] PM: Registered nosave memory: 00000000000e0000 - 0000000000100000
[    0.000000] Allocating PCI resources starting at 3e000000 (gap: 3e000000:b2000000)
[    0.000000] Built 1 zonelists in Zone order, mobility grouping on.  Total pages: 249503
[    0.000000] Kernel command line: auto BOOT_IMAGE=Linux ro root=802 vt.default_utf8=0 maxcpus=0
[    0.000000] PID hash table entries: 4096 (order: 2, 16384 bytes)
[    0.000000] Dentry cache hash table entries: 131072 (order: 7, 524288 bytes)
[    0.000000] Inode-cache hash table entries: 65536 (order: 6, 262144 bytes)
[    0.000000] Enabling fast FPU save and restore... done.
[    0.000000] Enabling unmasked SIMD FPU exception support... done.
[    0.000000] Initializing CPU#0
[    0.000000] Initializing HighMem for node 0 (000377fe:0003d6b0)
[    0.000000] Memory: 984800k/1006272k available (6915k kernel code, 20876k reserved, 2327k data, 448k init, 96968k highmem)
[    0.000000] virtual kernel memory layout:
[    0.000000]     fixmap  : 0xfffa3000 - 0xfffff000   ( 368 kB)
[    0.000000]     pkmap   : 0xff800000 - 0xffc00000   (4096 kB)
[    0.000000]     vmalloc : 0xf7ffe000 - 0xff7fe000   ( 120 MB)
[    0.000000]     lowmem  : 0xc0000000 - 0xf77fe000   ( 887 MB)
[    0.000000]       .init : 0xc1907000 - 0xc1977000   ( 448 kB)
[    0.000000]       .data : 0xc16c0d3f - 0xc1906c64   (2327 kB)
[    0.000000]       .text : 0xc1000000 - 0xc16c0d3f   (6915 kB)
[    0.000000] Checking if this processor honours the WP bit even in supervisor mode...Ok.
[    0.000000] SLUB: Genslabs=13, HWalign=64, Order=0-3, MinObjects=0, CPUs=1, Nodes=1
[    0.000000] Hierarchical RCU implementation.
[    0.000000] NR_IRQS:288
[    0.000000] Extended CMOS year: 2000
[    0.000000] Console: colour VGA+ 80x25
[    0.000000] console [tty0] enabled
[    0.000000] hpet clockevent registered
[    0.000000] Fast TSC calibration using PIT
[    0.000000] Detected 2094.722 MHz processor.
[    0.001002] Calibrating delay loop (skipped), value calculated using timer frequency.. 4189.44 BogoMIPS (lpj=2094722)
[    0.001172] Security Framework initialized
[    0.001257] Mount-cache hash table entries: 512
[    0.001405] CPU: L1 I cache: 32K, L1 D cache: 32K
[    0.001533] CPU: L2 cache: 3072K
[    0.001616] mce: CPU supports 6 MCE banks
[    0.001704] CPU0: Thermal monitoring enabled (TM2)
[    0.002003] using mwait in idle threads.
[    0.002087] CPU: Intel(R) Core(TM)2 Duo CPU     T8100  @ 2.10GHz stepping 06
[    0.002264] Checking 'hlt' instruction... OK.
[    0.006937] ACPI: Core revision 20090903
[    0.026009] RANDOM get_random_int first call with cycles 32573123845, jiffies 4294667322 and pid 0
[    0.026016] CANARY value: e6e02e6d for PID: 1
[    0.026024] CANARY value: 67d51cb8 for PID: 2
[    0.026048] Enabling APIC mode:  Flat.  Using 1 I/O APICs
[    0.026508] ..TIMER: vector=0x30 apic1=0 pin1=2 apic2=-1 pin2=-1
[    0.036997] xor: automatically using best checksumming function: pIII_sse
[    0.040998]    pIII_sse  :  8568.000 MB/sec
[    0.041086] xor: using function: pIII_sse (8568.000 MB/sec)
[    0.041178] RANDOM - __seed init called.
[    0.041179] RANDOM - __seed init called.
[    0.041179] RANDOM - __seed init called.
[    0.041181] RANDOM - __random32 called. Change num 1.  Value: e6b75c0e	845fdb3c	4764ecc7
[    0.041183] RANDOM - __random32 called. Change num 2.  Value: 75c0e1a6	45fdb3ca	d98f8871
[    0.041185] RANDOM - __random32 called. Change num 3.  Value: e1a6d3e	5fdb3ca9	10e2be79
[    0.041187] RANDOM - __random32 called. Change num 4.  Value: a6d3e877	fdb3ca90	7cf2fee9
[    0.041188] RANDOM - __random32 called. Change num 5.  Value: 3e877b7b	db3ca905	fdd36ca1
[    0.041190] RANDOM - __random32 called. Change num 6.  Value: 77b7ba3d	b3ca905b	d9426901
[    0.041192] RANDOM - random32 init called.  Value: 77b7ba3d	b3ca905b	d9426901
[    0.041209] NET: Registered protocol family 16
[    0.041470] ACPI FADT declares the system doesn't support PCIe ASPM, so disable it
[    0.041593] ACPI: bus type pci registered
[    0.041767] PCI: MCFG configuration 0: base f0000000 segment 0 buses 0 - 63
[    0.041856] PCI: MCFG area at f0000000 reserved in E820
[    0.041950] PCI: Using MMCONFIG for extended config space
[    0.042002] PCI: Using configuration type 1 for base access
[    0.045143] bio: create slab <bio-0> at 0
[    0.045953] ACPI: EC: EC description table is found, configuring boot EC
[    0.051123] ACPI: BIOS _OSI(Linux) query honored via DMI
[    0.051843] random 0000 0000 0000 00000000 00000000: rand_read_num 2 get_random_bytes(8): sig fffffe1a 00000000 00000000
[    0.051846] random 0000 0000 0000 00000000 00000000: extract_entropy(.. 8 ..)
[    0.051848] random 0000 0000 0000 00000000 00000000: going to reseed nonblocking with 64 bits (64 of 0 requested)
[    0.051850] random 0000 0000 0000 00000000 00000000: extract_entropy(.. 8 ..)
[    0.051853] random 0000 0000 0000 00000000 00000000: trying to extract 64 bits from input
[    0.051855] random 0000 0000 0000 00000000 00000000: debiting 0 entropy credits from input
[    0.051857] random 0000 0000 0000 00000000 00000000: extract_entropy account returned: 0 
[    0.051886] random 0000 0000 0000 00000000 00000000: urand_change_num 3 xfer_secondary_pool(8): pool_sig fffffe1a, data_sig 00000000, bytes_mixed 0 00000000 00000000
[    0.051889] random 0000 0000 0000 00000000 00000000: trying to extract 64 bits from nonblocking
[    0.051892] random 0000 0000 0000 00000000 00000000: debiting 64 entropy credits from nonblocking (unlimited)
[    0.051894] random 0000 0000 0000 00000000 00000000: extract_entropy account returned: 8 
[    0.051898] random 0000 0000 0000 00000000 00000000: urand_change_num 4 extract_buf: pool_sig fffffe1a, data_sig fffffed7, bytes_mixed 20 00000000 00000000
[    0.056492] ACPI: Interpreter enabled
[    0.056584] ACPI: (supports S0 S3 S4 S5)
[    0.056893] ACPI: Using IOAPIC for interrupt routing
[    0.066440] ACPI: EC: GPE = 0x12, I/O: command/status = 0x66, data = 0x62
[    0.066708] ACPI: Power Resource [PUBS] (on)
[    0.068818] ACPI: ACPI Dock Station Driver: 3 docks/bays found
[    0.069243] ACPI: PCI Root Bridge [PCI0] (0000:00)
[    0.069419] pci 0000:00:02.0: reg 10 64bit mmio: [0xf8100000-0xf81fffff]
[    0.069425] pci 0000:00:02.0: reg 18 64bit mmio pref: [0xe0000000-0xefffffff]
[    0.069429] pci 0000:00:02.0: reg 20 io port: [0x1800-0x1807]
[    0.069464] pci 0000:00:02.1: reg 10 64bit mmio: [0xf8200000-0xf82fffff]
[    0.069563] pci 0000:00:19.0: reg 10 32bit mmio: [0xfe000000-0xfe01ffff]
[    0.069573] pci 0000:00:19.0: reg 14 32bit mmio: [0xfe025000-0xfe025fff]
[    0.069580] pci 0000:00:19.0: reg 18 io port: [0x1840-0x185f]
[    0.069651] pci 0000:00:19.0: PME# supported from D0 D3hot D3cold
[    0.069750] pci 0000:00:19.0: PME# disabled
[    0.069899] pci 0000:00:1a.0: reg 20 io port: [0x1860-0x187f]
[    0.069983] pci 0000:00:1a.1: reg 20 io port: [0x1880-0x189f]
[    0.070070] pci 0000:00:1a.7: reg 10 32bit mmio: [0xfe226c00-0xfe226fff]
[    0.070156] pci 0000:00:1a.7: PME# supported from D0 D3hot D3cold
[    0.070257] pci 0000:00:1a.7: PME# disabled
[    0.070404] pci 0000:00:1b.0: reg 10 64bit mmio: [0xfe020000-0xfe023fff]
[    0.070486] pci 0000:00:1b.0: PME# supported from D0 D3hot D3cold
[    0.070579] pci 0000:00:1b.0: PME# disabled
[    0.070782] pci 0000:00:1c.0: PME# supported from D0 D3hot D3cold
[    0.070876] pci 0000:00:1c.0: PME# disabled
[    0.071074] pci 0000:00:1c.1: PME# supported from D0 D3hot D3cold
[    0.071172] pci 0000:00:1c.1: PME# disabled
[    0.071371] pci 0000:00:1c.2: PME# supported from D0 D3hot D3cold
[    0.071466] pci 0000:00:1c.2: PME# disabled
[    0.071663] pci 0000:00:1c.3: PME# supported from D0 D3hot D3cold
[    0.071756] pci 0000:00:1c.3: PME# disabled
[    0.072110] pci 0000:00:1c.4: PME# supported from D0 D3hot D3cold
[    0.072205] pci 0000:00:1c.4: PME# disabled
[    0.072366] pci 0000:00:1d.0: reg 20 io port: [0x18a0-0x18bf]
[    0.072454] pci 0000:00:1d.1: reg 20 io port: [0x18c0-0x18df]
[    0.073031] pci 0000:00:1d.2: reg 20 io port: [0x18e0-0x18ff]
[    0.073125] pci 0000:00:1d.7: reg 10 32bit mmio: [0xfe227000-0xfe2273ff]
[    0.073224] pci 0000:00:1d.7: PME# supported from D0 D3hot D3cold
[    0.073318] pci 0000:00:1d.7: PME# disabled
[    0.073610] pci 0000:00:1f.0: quirk: region 1000-107f claimed by ICH6 ACPI/GPIO/TCO
[    0.073734] pci 0000:00:1f.0: quirk: region 1180-11bf claimed by ICH6 GPIO
[    0.073827] pci 0000:00:1f.0: ICH7 LPC Generic IO decode 1 PIO at 1600 (mask 007f)
[    0.073949] pci 0000:00:1f.0: ICH7 LPC Generic IO decode 2 PIO at 15e0 (mask 000f)
[    0.073998] pci 0000:00:1f.0: ICH7 LPC Generic IO decode 3 PIO at 1680 (mask 001f)
[    0.074204] pci 0000:00:1f.1: reg 10 io port: [0x00-0x07]
[    0.074213] pci 0000:00:1f.1: reg 14 io port: [0x00-0x03]
[    0.074224] pci 0000:00:1f.1: reg 18 io port: [0x00-0x07]
[    0.074233] pci 0000:00:1f.1: reg 1c io port: [0x00-0x03]
[    0.074243] pci 0000:00:1f.1: reg 20 io port: [0x1c00-0x1c0f]
[    0.074325] pci 0000:00:1f.2: reg 10 io port: [0x1c50-0x1c57]
[    0.074334] pci 0000:00:1f.2: reg 14 io port: [0x1c44-0x1c47]
[    0.074343] pci 0000:00:1f.2: reg 18 io port: [0x1c48-0x1c4f]
[    0.074352] pci 0000:00:1f.2: reg 1c io port: [0x1c40-0x1c43]
[    0.074360] pci 0000:00:1f.2: reg 20 io port: [0x1c20-0x1c3f]
[    0.074368] pci 0000:00:1f.2: reg 24 32bit mmio: [0xfe226000-0xfe2267ff]
[    0.074427] pci 0000:00:1f.2: PME# supported from D3hot
[    0.074521] pci 0000:00:1f.2: PME# disabled
[    0.074638] pci 0000:00:1f.3: reg 10 32bit mmio: [0xfe227400-0xfe2274ff]
[    0.074663] pci 0000:00:1f.3: reg 20 io port: [0x1c60-0x1c7f]
[    0.074755] pci 0000:00:1c.0: bridge io port: [0x2000-0x2fff]
[    0.074760] pci 0000:00:1c.0: bridge 32bit mmio: [0xfc000000-0xfdffffff]
[    0.074769] pci 0000:00:1c.0: bridge 64bit mmio pref: [0xf8000000-0xf80fffff]
[    0.074843] pci 0000:03:00.0: reg 10 64bit mmio: [0xdf3f0000-0xdf3fffff]
[    0.075117] pci 0000:00:1c.1: bridge io port: [0x3000-0x3fff]
[    0.075123] pci 0000:00:1c.1: bridge 32bit mmio: [0xdc000000-0xdf3fffff]
[    0.075132] pci 0000:00:1c.1: bridge 64bit mmio pref: [0xdfe00000-0xdfefffff]
[    0.075186] pci 0000:00:1c.2: bridge io port: [0x4000-0x4fff]
[    0.075192] pci 0000:00:1c.2: bridge 32bit mmio: [0xd8000000-0xd9ffffff]
[    0.075201] pci 0000:00:1c.2: bridge 64bit mmio pref: [0xdfb00000-0xdfbfffff]
[    0.075257] pci 0000:00:1c.3: bridge io port: [0x5000-0x5fff]
[    0.075264] pci 0000:00:1c.3: bridge 32bit mmio: [0xd4000000-0xd5ffffff]
[    0.075271] pci 0000:00:1c.3: bridge 64bit mmio pref: [0xdf800000-0xdf8fffff]
[    0.075326] pci 0000:00:1c.4: bridge io port: [0x6000-0x6fff]
[    0.075331] pci 0000:00:1c.4: bridge 32bit mmio: [0xd0000000-0xd1ffffff]
[    0.075340] pci 0000:00:1c.4: bridge 64bit mmio pref: [0xdf500000-0xdf5fffff]
[    0.075404] pci 0000:15:00.0: reg 10 32bit mmio: [0xf8300000-0xf8300fff]
[    0.075455] pci 0000:15:00.0: supports D1 D2
[    0.075456] pci 0000:15:00.0: PME# supported from D0 D1 D2 D3hot D3cold
[    0.075562] pci 0000:15:00.0: PME# disabled
[    0.075715] pci 0000:15:00.1: reg 10 32bit mmio: [0xf8301000-0xf83017ff]
[    0.075807] pci 0000:15:00.1: supports D1 D2
[    0.075808] pci 0000:15:00.1: PME# supported from D0 D1 D2 D3hot D3cold
[    0.075909] pci 0000:15:00.1: PME# disabled
[    0.076087] pci 0000:00:1e.0: transparent bridge
[    0.076179] pci 0000:00:1e.0: bridge io port: [0x7000-0xafff]
[    0.076186] pci 0000:00:1e.0: bridge 32bit mmio: [0xf8300000-0xfbffffff]
[    0.076195] pci 0000:00:1e.0: bridge 64bit mmio pref: [0xf4000000-0xf7ffffff]
[    0.076264] pci_bus 0000:00: on NUMA node 0
[    0.076268] ACPI: PCI Interrupt Routing Table [\_SB_.PCI0._PRT]
[    0.076401] ACPI: PCI Interrupt Routing Table [\_SB_.PCI0.EXP0._PRT]
[    0.076460] ACPI: PCI Interrupt Routing Table [\_SB_.PCI0.EXP1._PRT]
[    0.076519] ACPI: PCI Interrupt Routing Table [\_SB_.PCI0.EXP2._PRT]
[    0.076577] ACPI: PCI Interrupt Routing Table [\_SB_.PCI0.EXP3._PRT]
[    0.076639] ACPI: PCI Interrupt Routing Table [\_SB_.PCI0.EXP4._PRT]
[    0.076702] ACPI: PCI Interrupt Routing Table [\_SB_.PCI0.PCI1._PRT]
[    0.082190] ACPI: PCI Interrupt Link [LNKA] (IRQs 3 4 5 6 7 9 *10 11)
[    0.082986] ACPI: PCI Interrupt Link [LNKB] (IRQs 3 4 5 6 7 9 10 *11)
[    0.083739] ACPI: PCI Interrupt Link [LNKC] (IRQs 3 4 5 6 7 9 10 *11)
[    0.084560] ACPI: PCI Interrupt Link [LNKD] (IRQs 3 4 5 6 7 9 10 *11)
[    0.085347] ACPI: PCI Interrupt Link [LNKE] (IRQs 3 4 5 6 7 9 10 *11)
[    0.086158] ACPI: PCI Interrupt Link [LNKF] (IRQs 3 4 5 6 7 9 10 *11)
[    0.086942] ACPI: PCI Interrupt Link [LNKG] (IRQs 3 4 5 6 7 9 10 *11)
[    0.087726] ACPI: PCI Interrupt Link [LNKH] (IRQs 3 4 5 6 7 9 10 *11)
[    0.088482] vgaarb: device added: PCI:0000:00:02.0,decodes=io+mem,owns=io+mem,locks=none
[    0.088609] vgaarb: loaded
[    0.088793] SCSI subsystem initialized
[    0.088893] libata version 3.00 loaded.
[    0.088940] usbcore: registered new interface driver usbfs
[    0.089031] usbcore: registered new interface driver hub
[    0.089146] usbcore: registered new device driver usb
[    0.106046] raid6: int32x1    941 MB/s
[    0.123056] raid6: int32x2    890 MB/s
[    0.139988] raid6: int32x4    746 MB/s
[    0.156990] raid6: int32x8    656 MB/s
[    0.174000] raid6: mmxx1     2882 MB/s
[    0.190986] raid6: mmxx2     3253 MB/s
[    0.207998] raid6: sse1x1    1937 MB/s
[    0.224999] raid6: sse1x2    2535 MB/s
[    0.241986] raid6: sse2x1    3503 MB/s
[    0.258972] raid6: sse2x2    3828 MB/s
[    0.259058] raid6: using algorithm sse2x2 (3828 MB/s)
[    0.259154] PCI: Using ACPI for IRQ routing
[    0.259457] HPET: 3 timers in total, 0 timers will be used for per-cpu timer
[    0.259985] Switching to clocksource tsc
[    0.260086] pnp: PnP ACPI init
[    0.260177] ACPI: bus type pnp registered
[    0.263821] pnp: PnP ACPI: found 11 devices
[    0.263925] ACPI: ACPI bus type pnp unregistered
[    0.264018] system 00:00: iomem range 0x0-0x9ffff could not be reserved
[    0.264110] system 00:00: iomem range 0xc0000-0xc3fff could not be reserved
[    0.264200] system 00:00: iomem range 0xc4000-0xc7fff could not be reserved
[    0.264290] system 00:00: iomem range 0xc8000-0xcbfff has been reserved
[    0.264385] system 00:00: iomem range 0xcc000-0xcffff has been reserved
[    0.264474] system 00:00: iomem range 0xd0000-0xd3fff could not be reserved
[    0.264569] system 00:00: iomem range 0xe0000-0xe3fff could not be reserved
[    0.264660] system 00:00: iomem range 0xe4000-0xe7fff could not be reserved
[    0.264753] system 00:00: iomem range 0xe8000-0xebfff could not be reserved
[    0.264847] system 00:00: iomem range 0xec000-0xeffff could not be reserved
[    0.264941] system 00:00: iomem range 0xf0000-0xfffff could not be reserved
[    0.265032] system 00:00: iomem range 0x100000-0x3dffffff could not be reserved
[    0.265154] system 00:00: iomem range 0xfec00000-0xfed3ffff could not be reserved
[    0.265273] system 00:00: iomem range 0xfed4c000-0xffffffff could not be reserved
[    0.265399] system 00:02: ioport range 0x164e-0x164f has been reserved
[    0.265489] system 00:02: ioport range 0x1000-0x107f has been reserved
[    0.265583] system 00:02: ioport range 0x1180-0x11bf has been reserved
[    0.265678] system 00:02: ioport range 0x800-0x80f has been reserved
[    0.265766] system 00:02: ioport range 0x15e0-0x15ef has been reserved
[    0.265859] system 00:02: ioport range 0x1600-0x165f could not be reserved
[    0.265957] system 00:02: iomem range 0xf0000000-0xf3ffffff has been reserved
[    0.266050] system 00:02: iomem range 0xfed1c000-0xfed1ffff has been reserved
[    0.266141] system 00:02: iomem range 0xfed14000-0xfed17fff has been reserved
[    0.266229] system 00:02: iomem range 0xfed18000-0xfed18fff has been reserved
[    0.266323] system 00:02: iomem range 0xfed19000-0xfed19fff has been reserved
[    0.266421] system 00:02: iomem range 0xfed45000-0xfed4bfff has been reserved
[    0.301468] pci 0000:00:1c.0: PCI bridge, secondary bus 0000:02
[    0.301564] pci 0000:00:1c.0:   IO window: 0x2000-0x2fff
[    0.301660] pci 0000:00:1c.0:   MEM window: 0xfc000000-0xfdffffff
[    0.301757] pci 0000:00:1c.0:   PREFETCH window: 0x000000f8000000-0x000000f80fffff
[    0.301886] pci 0000:00:1c.1: PCI bridge, secondary bus 0000:03
[    0.301983] pci 0000:00:1c.1:   IO window: 0x3000-0x3fff
[    0.302082] pci 0000:00:1c.1:   MEM window: 0xdc000000-0xdf3fffff
[    0.302176] pci 0000:00:1c.1:   PREFETCH window: 0x000000dfe00000-0x000000dfefffff
[    0.302309] pci 0000:00:1c.2: PCI bridge, secondary bus 0000:04
[    0.302402] pci 0000:00:1c.2:   IO window: 0x4000-0x4fff
[    0.302497] pci 0000:00:1c.2:   MEM window: 0xd8000000-0xd9ffffff
[    0.302589] pci 0000:00:1c.2:   PREFETCH window: 0x000000dfb00000-0x000000dfbfffff
[    0.302715] pci 0000:00:1c.3: PCI bridge, secondary bus 0000:05
[    0.302810] pci 0000:00:1c.3:   IO window: 0x5000-0x5fff
[    0.302908] pci 0000:00:1c.3:   MEM window: 0xd4000000-0xd5ffffff
[    0.303004] pci 0000:00:1c.3:   PREFETCH window: 0x000000df800000-0x000000df8fffff
[    0.303134] pci 0000:00:1c.4: PCI bridge, secondary bus 0000:0d
[    0.303227] pci 0000:00:1c.4:   IO window: 0x6000-0x6fff
[    0.303329] pci 0000:00:1c.4:   MEM window: 0xd0000000-0xd1ffffff
[    0.303427] pci 0000:00:1c.4:   PREFETCH window: 0x000000df500000-0x000000df5fffff
[    0.303559] pci 0000:15:00.0: CardBus bridge, secondary bus 0000:16
[    0.303649] pci 0000:15:00.0:   IO window: 0x007000-0x0070ff
[    0.303747] pci 0000:15:00.0:   IO window: 0x007400-0x0074ff
[    0.303842] pci 0000:15:00.0:   PREFETCH window: 0xf4000000-0xf7ffffff
[    0.303945] pci 0000:15:00.0:   MEM window: 0x40000000-0x43ffffff
[    0.304041] pci 0000:00:1e.0: PCI bridge, secondary bus 0000:15
[    0.304133] pci 0000:00:1e.0:   IO window: 0x7000-0xafff
[    0.304229] pci 0000:00:1e.0:   MEM window: 0xf8300000-0xfbffffff
[    0.304321] pci 0000:00:1e.0:   PREFETCH window: 0x000000f4000000-0x000000f7ffffff
[    0.304459] pci 0000:00:1c.0: PCI INT A -> GSI 20 (level, low) -> IRQ 20
[    0.304555] pci 0000:00:1c.0: setting latency timer to 64
[    0.304565] pci 0000:00:1c.1: PCI INT B -> GSI 21 (level, low) -> IRQ 21
[    0.304659] pci 0000:00:1c.1: setting latency timer to 64
[    0.304673] pci 0000:00:1c.2: PCI INT C -> GSI 22 (level, low) -> IRQ 22
[    0.304768] pci 0000:00:1c.2: setting latency timer to 64
[    0.304782] pci 0000:00:1c.3: PCI INT D -> GSI 23 (level, low) -> IRQ 23
[    0.304880] pci 0000:00:1c.3: setting latency timer to 64
[    0.304891] pci 0000:00:1c.4: PCI INT A -> GSI 20 (level, low) -> IRQ 20
[    0.304991] pci 0000:00:1c.4: setting latency timer to 64
[    0.305000] pci 0000:00:1e.0: enabling device (0005 -> 0007)
[    0.305094] pci 0000:00:1e.0: setting latency timer to 64
[    0.305112] pci 0000:15:00.0: PCI INT A -> GSI 16 (level, low) -> IRQ 16
[    0.305204] pci 0000:15:00.0: setting latency timer to 64
[    0.305210] pci_bus 0000:00: resource 0 io:  [0x00-0xffff]
[    0.305212] pci_bus 0000:00: resource 1 mem: [0x000000-0xffffffff]
[    0.305214] pci_bus 0000:02: resource 0 io:  [0x2000-0x2fff]
[    0.305216] pci_bus 0000:02: resource 1 mem: [0xfc000000-0xfdffffff]
[    0.305218] pci_bus 0000:02: resource 2 pref mem [0xf8000000-0xf80fffff]
[    0.305220] pci_bus 0000:03: resource 0 io:  [0x3000-0x3fff]
[    0.305221] pci_bus 0000:03: resource 1 mem: [0xdc000000-0xdf3fffff]
[    0.305223] pci_bus 0000:03: resource 2 pref mem [0xdfe00000-0xdfefffff]
[    0.305225] pci_bus 0000:04: resource 0 io:  [0x4000-0x4fff]
[    0.305227] pci_bus 0000:04: resource 1 mem: [0xd8000000-0xd9ffffff]
[    0.305229] pci_bus 0000:04: resource 2 pref mem [0xdfb00000-0xdfbfffff]
[    0.305231] pci_bus 0000:05: resource 0 io:  [0x5000-0x5fff]
[    0.305232] pci_bus 0000:05: resource 1 mem: [0xd4000000-0xd5ffffff]
[    0.305234] pci_bus 0000:05: resource 2 pref mem [0xdf800000-0xdf8fffff]
[    0.305236] pci_bus 0000:0d: resource 0 io:  [0x6000-0x6fff]
[    0.305238] pci_bus 0000:0d: resource 1 mem: [0xd0000000-0xd1ffffff]
[    0.305240] pci_bus 0000:0d: resource 2 pref mem [0xdf500000-0xdf5fffff]
[    0.305242] pci_bus 0000:15: resource 0 io:  [0x7000-0xafff]
[    0.305243] pci_bus 0000:15: resource 1 mem: [0xf8300000-0xfbffffff]
[    0.305245] pci_bus 0000:15: resource 2 pref mem [0xf4000000-0xf7ffffff]
[    0.305247] pci_bus 0000:15: resource 3 io:  [0x00-0xffff]
[    0.305249] pci_bus 0000:15: resource 4 mem: [0x000000-0xffffffff]
[    0.305251] pci_bus 0000:16: resource 0 io:  [0x7000-0x70ff]
[    0.305253] pci_bus 0000:16: resource 1 io:  [0x7400-0x74ff]
[    0.305254] pci_bus 0000:16: resource 2 pref mem [0xf4000000-0xf7ffffff]
[    0.305256] pci_bus 0000:16: resource 3 mem: [0x40000000-0x43ffffff]
[    0.305264] NET: Registered protocol family 2
[    0.305359] RANDOM - __random32 called. Change num 7.  Value: 7ba3d01e	3ca905be	d2026a24
[    0.305361] RANDOM - random32 called.  Value: 7ba3d01e	3ca905be	d2026a24
[    0.305366] random 0000 0000 0000 5f8db4e5 4cfdf2a8: rand_read_num 3 get_random_bytes(4): sig fffffb64 5f8db4e5 4cfdf2a8
[    0.305368] random 0000 0000 0000 5f8db4e5 4cfdf2a8: extract_entropy(.. 4 ..)
[    0.305370] random 0000 0000 0000 5f8db4e5 4cfdf2a8: going to reseed nonblocking with 64 bits (32 of 0 requested)
[    0.305373] random 0000 0000 0000 5f8db4e5 4cfdf2a8: extract_entropy(.. 8 ..)
[    0.305375] random 0000 0000 0000 5f8db4e5 4cfdf2a8: trying to extract 64 bits from input
[    0.305377] random 0000 0000 0000 5f8db4e5 4cfdf2a8: debiting 0 entropy credits from input
[    0.305379] random 0000 0000 0000 5f8db4e5 4cfdf2a8: extract_entropy account returned: 0 
[    0.305382] random 0000 0000 0000 5f8db4e5 4cfdf2a8: urand_change_num 5 xfer_secondary_pool(4): pool_sig fffffb64, data_sig 00000000, bytes_mixed 0 5f8db4e5 4cfdf2a8
[    0.305385] random 0000 0000 0000 5f8db4e5 4cfdf2a8: trying to extract 32 bits from nonblocking
[    0.305387] random 0000 0000 0000 5f8db4e5 4cfdf2a8: debiting 32 entropy credits from nonblocking (unlimited)
[    0.305389] random 0000 0000 0000 5f8db4e5 4cfdf2a8: extract_entropy account returned: 4 
[    0.305394] random 0000 0000 0000 5f8db4e5 4cfdf2a8: urand_change_num 6 extract_buf: pool_sig fffffb64, data_sig 00000241, bytes_mixed 20 5f8db4e5 4cfdf2a8
[    0.305403] IP route cache hash table entries: 32768 (order: 5, 131072 bytes)
[    0.305532] RANDOM - __random32 called. Change num 8.  Value: 3d01e034	ca905be7	d4484227
[    0.305534] RANDOM - random32 called.  Value: 3d01e034	ca905be7	d4484227
[    0.305544] RANDOM - __random32 called. Change num 9.  Value: 1e034020	a905be70	844ec14a
[    0.305546] RANDOM - random32 called.  Value: 1e034020	a905be70	844ec14a
[    0.305548] RANDOM - __random32 called. Change num 10.  Value: 34020ec0	905be706	8294c719
[    0.305549] RANDOM - random32 called.  Value: 34020ec0	905be706	8294c719
[    0.305560] RANDOM - __random32 called. Change num 11.  Value: 20ec0ebb	5be7068	8e32c65f
[    0.305561] RANDOM - random32 called.  Value: 20ec0ebb	5be7068	8e32c65f
[    0.305571] TCP established hash table entries: 131072 (order: 8, 1048576 bytes)
[    0.306064] TCP bind hash table entries: 65536 (order: 6, 262144 bytes)
[    0.306257] TCP: Hash tables configured (established 131072 bind 65536)
[    0.306350] TCP reno registered
[    0.306458] NET: Registered protocol family 1
[    0.306570] RPC: Registered udp transport module.
[    0.306660] RPC: Registered tcp transport module.
[    0.306744] RPC: Registered tcp NFSv4.1 backchannel transport module.
[    0.306838] pci 0000:00:02.0: Boot video device
[    0.307080] Simple Boot Flag at 0x35 set to 0x1
[    0.307593] highmem bounce pool size: 64 pages
[    0.309177] VFS: Disk quotas dquot_6.5.2
[    0.309299] Dquot-cache hash table entries: 1024 (order 0, 4096 bytes)
[    0.309974] NTFS driver 2.1.29 [Flags: R/W].
[    0.310140] ROMFS MTD (C) 2007 Red Hat, Inc.
[    0.310350] JFS: nTxBlock = 7695, nTxLock = 61562
[    0.312815] SGI XFS with ACLs, security attributes, large block/inode numbers, no debug enabled
[    0.313317] SGI XFS Quota Management subsystem
[    0.313603] Slow work thread pool: Starting up
[    0.313706] Slow work thread pool: Ready
[    0.313800] GFS2 (built May 24 2013 02:47:17) installed
[    0.313909] msgmni has been set to 1734
[    0.314074] alg: No test for cipher_null (cipher_null-generic)
[    0.314179] alg: No test for ecb(cipher_null) (ecb-cipher_null)
[    0.314281] alg: No test for digest_null (digest_null-generic)
[    0.314379] alg: No test for compress_null (compress_null-generic)
[    0.314942] alg: No test for fcrypt (fcrypt-generic)
[    0.316359] alg: No test for stdrng (krng)
[    0.316451] async_tx: api initialized (async)
[    0.316606] Block layer SCSI generic (bsg) driver version 0.4 loaded (major 254)
[    0.316731] io scheduler noop registered
[    0.316824] io scheduler anticipatory registered
[    0.316928] io scheduler deadline registered
[    0.317065] io scheduler cfq registered (default)
[    0.317313] pcieport 0000:00:1c.0: irq 24 for MSI/MSI-X
[    0.317331] pcieport 0000:00:1c.0: setting latency timer to 64
[    0.317517] pcieport 0000:00:1c.1: irq 25 for MSI/MSI-X
[    0.317526] pcieport 0000:00:1c.1: setting latency timer to 64
[    0.317704] pcieport 0000:00:1c.2: irq 26 for MSI/MSI-X
[    0.317716] pcieport 0000:00:1c.2: setting latency timer to 64
[    0.317907] pcieport 0000:00:1c.3: irq 27 for MSI/MSI-X
[    0.317917] pcieport 0000:00:1c.3: setting latency timer to 64
[    0.318095] pcieport 0000:00:1c.4: irq 28 for MSI/MSI-X
[    0.318106] pcieport 0000:00:1c.4: setting latency timer to 64
[    0.318250] pci_hotplug: PCI Hot Plug PCI Core version: 0.5
[    0.318442] isapnp: Scanning for PnP cards...
[    0.678952] isapnp: No Plug & Play device found
[    0.679039] random 0000 0000 0000 5f8db4e5 4cfdf2a8: initializing
[    0.679041] RANDOM init_std_data for input now value: 1369996852679041283
[    0.679043] RANDOM init_std_data for blocking now value: 1369996852679043278
[    0.679045] RANDOM init_std_data for nonblocking now value: 1369996852679045008
[    0.698627] Serial: 8250/16550 driver, 4 ports, IRQ sharing enabled
[    3.709710] floppy0: no floppy controllers found
[    3.710660] brd: module loaded
[    3.711163] loop: module loaded
[    3.711251] Compaq SMART2 Driver (v 2.6.0)
[    3.711377] HP CISS Driver (v 3.6.20)
[    3.711619] input: Macintosh mouse button emulation as /devices/virtual/input/input0
[    3.711764] Uniform Multi-Platform E-IDE driver
[    3.711987] piix 0000:00:1f.1: IDE controller (0x8086:0x2850 rev 0x03)
[    3.712089] pci 0000:00:1f.1: PCI INT C -> GSI 16 (level, low) -> IRQ 16
[    3.712193] piix 0000:00:1f.1: IDE port disabled
[    3.712286] piix 0000:00:1f.1: not 100% native mode: will probe irqs later
[    3.712381]     ide0: BM-DMA at 0x1c00-0x1c07
[    3.712473] Probing IDE interface ide0...
[    4.383896] hda: HL-DT-ST DVDRAM GSA-U10N, ATAPI CD/DVD-ROM drive
[    4.690693] hda: host max PIO4 wanted PIO255(auto-tune) selected PIO4
[    4.691465] hda: UDMA/33 mode selected
[    4.691928] ide0 at 0x1f0-0x1f7,0x3f6 on irq 14
[    4.695836] ide-gd driver 1.18
[    4.695940] ide-cd driver 5.00
[    4.697326] random 0000 0000 0000 00000000 00000000: add_disk_randomness(0:0) 00000000 00000000
[    4.697330] random 0000 0000 0000 00000000 00000000: add_timer_randomness(.. 256) with jiffies: 17461226225203379833, cycles: -985517852800843767
[    4.697332] random 0000 0000 0000 00000000 00000000: added 11 entropy credits to input
[    4.697336] ide-cd: hda: ATAPI 24X DVD-ROM DVD-R/RAM CD-R/RW drive, 2048kB Cache
[    4.697790] Uniform CD-ROM driver Revision: 3.20
[    4.700578] random 0011 0000 0000 00000000 00000000: add_disk_randomness(0:0) 00000000 00000000
[    4.700581] random 0011 0000 0000 00000000 00000000: add_timer_randomness(.. 256) with jiffies: 17490491891840155260, cycles: -956252186164068343
[    4.700584] random 0011 0000 0000 00000000 00000000: added 1 entropy credits to input
[    4.700587] random 0012 0000 0000 00000000 00000000: add_disk_randomness(0:0) 00000000 00000000
[    4.700590] random 0012 0000 0000 00000000 00000000: add_timer_randomness(.. 256) with jiffies: 17490568148984495740, cycles: -956175929019727863
[    4.702577] random 0012 0000 0000 00000000 00000000: add_disk_randomness(0:0) 00000000 00000000
[    4.702579] random 0012 0000 0000 00000000 00000000: add_timer_randomness(.. 256) with jiffies: 17508469284911414910, cycles: -938274793092808695
[    4.702582] random 0012 0000 0000 00000000 00000000: added 1 entropy credits to input
[    4.702585] random 0013 0000 0000 00000000 00000000: add_disk_randomness(0:0) 00000000 00000000
[    4.702588] random 0013 0000 0000 00000000 00000000: add_timer_randomness(.. 256) with jiffies: 17508544326580010622, cycles: -938199751424212983
[    4.704577] random 0013 0000 0000 00000000 00000000: add_disk_randomness(0:0) 00000000 00000000
[    4.704580] random 0013 0000 0000 00000000 00000000: add_timer_randomness(.. 256) with jiffies: 17526463638808526464, cycles: -920280439195697143
[    4.704582] random 0013 0000 0000 00000000 00000000: added 1 entropy credits to input
[    4.704585] random 0014 0000 0000 00000000 00000000: add_disk_randomness(0:0) 00000000 00000000
[    4.704588] random 0014 0000 0000 00000000 00000000: add_timer_randomness(.. 256) with jiffies: 17526537237368110720, cycles: -920206840636112887
[    4.704866] Loading iSCSI transport class v2.0-870.
[    4.705161] rdac: device handler registered
[    4.705251] hp_sw: device handler registered
[    4.705344] emc: device handler registered
[    4.705435] alua: device handler registered
[    4.706422] Adaptec aacraid driver 1.1-5[2461]-ms
[    4.706843] scsi: <fdomain> Detection failed (no card)
[    4.706942] sym53c416.c: Version 1.0.0-ac
[    4.707051] qlogicfas: no cards were found, please specify I/O address and IRQ using iobase= and irq= options
[    4.707178] QLogic Fibre Channel HBA Driver: 8.03.01-k6
[    4.707404] iscsi: registered transport (qla4xxx)
[    4.707514] QLogic iSCSI HBA Driver
[    4.707601] Emulex LightPulse Fibre Channel SCSI driver 8.3.4
[    4.707698] Copyright(c) 2004-2009 Emulex.  All rights reserved.
[    4.729680] Failed initialization of WD-7000 SCSI card!
[    4.819221] DC390: clustering now enabled by default. If you get problems load
[    4.819340]        with "disable_clustering=1" and report to maintainers
[    4.819475] megaraid cmm: 2.20.2.7 (Release Date: Sun Jul 16 00:01:03 EST 2006)
[    4.819625] megaraid: 2.20.5.1 (Release Date: Thu Nov 16 15:32:35 EST 2006)
[    4.819741] megasas: 00.00.04.01 Thu July 24 11:41:51 PST 2008
[    4.819878] GDT-HA: Storage RAID Controller Driver. Version: 3.05
[    4.820024] 3ware Storage Controller device driver for Linux v1.26.02.002.
[    4.820134] 3ware 9000 Storage Controller device driver for Linux v2.26.02.012.
[    4.820278] nsp32: loading...
[    4.820384] ipr: IBM Power RAID SCSI Device Driver version: 2.4.3 (June 10, 2009)
[    4.820533] RocketRAID 3xxx/4xxx Controller driver v1.6 (090910)
[    4.820646] stex: Promise SuperTrak EX Driver version: 4.6.0000.3
[    4.820788] st: Version 20081215, fixed bufsize 32768, s/g segs 256
[    4.820976] ahci 0000:00:1f.2: version 3.0
[    4.820989] ahci 0000:00:1f.2: PCI INT B -> GSI 16 (level, low) -> IRQ 16
[    4.821122] ahci 0000:00:1f.2: irq 29 for MSI/MSI-X
[    4.821178] ahci 0000:00:1f.2: AHCI 0001.0100 32 slots 3 ports 1.5 Gbps 0x5 impl SATA mode
[    4.821301] ahci 0000:00:1f.2: flags: 64bit ncq sntf pm led clo pio slum part ccc 
[    4.821431] ahci 0000:00:1f.2: setting latency timer to 64
[    4.821572] scsi2 : ahci
[    4.821745] scsi3 : ahci
[    4.821884] scsi4 : ahci
[    4.822048] ata1: SATA max UDMA/133 abar m2048@0xfe226000 port 0xfe226100 irq 29
[    4.822169] ata2: DUMMY
[    4.822254] ata3: SATA max UDMA/133 abar m2048@0xfe226000 port 0xfe226200 irq 29
[    4.822874] I2O subsystem v1.325
[    4.822959] i2o: max drivers = 8
[    4.823106] I2O Configuration OSM v1.323
[    4.823208] I2O Bus Adapter OSM v1.317
[    4.823314] I2O Block Device OSM v1.325
[    4.823463] I2O SCSI Peripheral OSM v1.316
[    4.823567] I2O ProcFS OSM v1.316
[    4.823726] Fusion MPT base driver 3.04.12
[    4.823822] Copyright (c) 1999-2008 LSI Corporation
[    4.823912] Fusion MPT SPI Host driver 3.04.12
[    4.824024] Fusion MPT FC Host driver 3.04.12
[    4.824138] Fusion MPT SAS Host driver 3.04.12
[    4.824290] ohci1394 0000:15:00.1: PCI INT B -> GSI 17 (level, low) -> IRQ 17
[    4.824389] ohci1394 0000:15:00.1: setting latency timer to 64
[    4.877695] ohci1394: fw-host0: OHCI-1394 1.1 (PCI): IRQ=[17]  MMIO=[f8301000-f83017ff]  Max Packet=[2048]  IR/IT contexts=[4/4]
[    4.881961] ehci_hcd: USB 2.0 'Enhanced' Host Controller (EHCI) Driver
[    4.882232] ehci_hcd 0000:00:1a.7: power state changed by ACPI to D0
[    4.882480] ehci_hcd 0000:00:1a.7: power state changed by ACPI to D0
[    4.882577] ehci_hcd 0000:00:1a.7: PCI INT C -> GSI 22 (level, low) -> IRQ 22
[    4.882687] ehci_hcd 0000:00:1a.7: setting latency timer to 64
[    4.882692] ehci_hcd 0000:00:1a.7: EHCI Host Controller
[    4.882828] ehci_hcd 0000:00:1a.7: new USB bus registered, assigned bus number 1
[    4.886885] ehci_hcd 0000:00:1a.7: cache line size of 32 is not supported
[    4.886892] ehci_hcd 0000:00:1a.7: irq 22, io mem 0xfe226c00
[    4.896654] ehci_hcd 0000:00:1a.7: USB 2.0 started, EHCI 1.00
[    4.896758] usb usb1: New USB device found, idVendor=1d6b, idProduct=0002
[    4.896850] usb usb1: New USB device strings: Mfr=3, Product=2, SerialNumber=1
[    4.896969] usb usb1: Product: EHCI Host Controller
[    4.897056] usb usb1: Manufacturer: Linux 2.6.32.57 ehci_hcd
[    4.897147] usb usb1: SerialNumber: 0000:00:1a.7
[    4.897287] usb usb1: configuration #1 chosen from 1 choice
[    4.897408] hub 1-0:1.0: USB hub found
[    4.897502] hub 1-0:1.0: 4 ports detected
[    4.897822] ehci_hcd 0000:00:1d.7: power state changed by ACPI to D0
[    4.898126] ehci_hcd 0000:00:1d.7: power state changed by ACPI to D0
[    4.898231] ehci_hcd 0000:00:1d.7: PCI INT D -> GSI 19 (level, low) -> IRQ 19
[    4.898330] ehci_hcd 0000:00:1d.7: setting latency timer to 64
[    4.898333] ehci_hcd 0000:00:1d.7: EHCI Host Controller
[    4.898463] ehci_hcd 0000:00:1d.7: new USB bus registered, assigned bus number 2
[    4.898618] ehci_hcd 0000:00:1d.7: debug port 1
[    4.902596] ehci_hcd 0000:00:1d.7: cache line size of 32 is not supported
[    4.902605] ehci_hcd 0000:00:1d.7: irq 19, io mem 0xfe227000
[    4.912653] ehci_hcd 0000:00:1d.7: USB 2.0 started, EHCI 1.00
[    4.912754] usb usb2: New USB device found, idVendor=1d6b, idProduct=0002
[    4.912846] usb usb2: New USB device strings: Mfr=3, Product=2, SerialNumber=1
[    4.912967] usb usb2: Product: EHCI Host Controller
[    4.913059] usb usb2: Manufacturer: Linux 2.6.32.57 ehci_hcd
[    4.913146] usb usb2: SerialNumber: 0000:00:1d.7
[    4.913286] usb usb2: configuration #1 chosen from 1 choice
[    4.913403] hub 2-0:1.0: USB hub found
[    4.913498] hub 2-0:1.0: 6 ports detected
[    4.913679] 116x: driver isp116x-hcd, 03 Nov 2005
[    4.913786] ohci_hcd: USB 1.1 'Open' Host Controller (OHCI) Driver
[    4.913897] uhci_hcd: USB Universal Host Controller Interface driver
[    4.914005] uhci_hcd 0000:00:1a.0: PCI INT A -> GSI 20 (level, low) -> IRQ 20
[    4.914105] uhci_hcd 0000:00:1a.0: setting latency timer to 64
[    4.914110] uhci_hcd 0000:00:1a.0: UHCI Host Controller
[    4.914239] uhci_hcd 0000:00:1a.0: new USB bus registered, assigned bus number 3
[    4.914394] uhci_hcd 0000:00:1a.0: irq 20, io base 0x00001860
[    4.914509] usb usb3: New USB device found, idVendor=1d6b, idProduct=0001
[    4.914603] usb usb3: New USB device strings: Mfr=3, Product=2, SerialNumber=1
[    4.914730] usb usb3: Product: UHCI Host Controller
[    4.914822] usb usb3: Manufacturer: Linux 2.6.32.57 uhci_hcd
[    4.914911] usb usb3: SerialNumber: 0000:00:1a.0
[    4.915048] usb usb3: configuration #1 chosen from 1 choice
[    4.915165] hub 3-0:1.0: USB hub found
[    4.915257] hub 3-0:1.0: 2 ports detected
[    4.915550] uhci_hcd 0000:00:1a.1: power state changed by ACPI to D0
[    4.915799] uhci_hcd 0000:00:1a.1: power state changed by ACPI to D0
[    4.915893] uhci_hcd 0000:00:1a.1: PCI INT B -> GSI 21 (level, low) -> IRQ 21
[    4.915995] uhci_hcd 0000:00:1a.1: setting latency timer to 64
[    4.916000] uhci_hcd 0000:00:1a.1: UHCI Host Controller
[    4.916127] uhci_hcd 0000:00:1a.1: new USB bus registered, assigned bus number 4
[    4.916278] uhci_hcd 0000:00:1a.1: irq 21, io base 0x00001880
[    4.916395] usb usb4: New USB device found, idVendor=1d6b, idProduct=0001
[    4.916487] usb usb4: New USB device strings: Mfr=3, Product=2, SerialNumber=1
[    4.916610] usb usb4: Product: UHCI Host Controller
[    4.916708] usb usb4: Manufacturer: Linux 2.6.32.57 uhci_hcd
[    4.916797] usb usb4: SerialNumber: 0000:00:1a.1
[    4.916932] usb usb4: configuration #1 chosen from 1 choice
[    4.917049] hub 4-0:1.0: USB hub found
[    4.917140] hub 4-0:1.0: 2 ports detected
[    4.917441] uhci_hcd 0000:00:1d.0: power state changed by ACPI to D0
[    4.917705] uhci_hcd 0000:00:1d.0: power state changed by ACPI to D0
[    4.917802] uhci_hcd 0000:00:1d.0: PCI INT A -> GSI 16 (level, low) -> IRQ 16
[    4.917901] uhci_hcd 0000:00:1d.0: setting latency timer to 64
[    4.917904] uhci_hcd 0000:00:1d.0: UHCI Host Controller
[    4.918037] uhci_hcd 0000:00:1d.0: new USB bus registered, assigned bus number 5
[    4.918186] uhci_hcd 0000:00:1d.0: irq 16, io base 0x000018a0
[    4.918301] usb usb5: New USB device found, idVendor=1d6b, idProduct=0001
[    4.918395] usb usb5: New USB device strings: Mfr=3, Product=2, SerialNumber=1
[    4.918521] usb usb5: Product: UHCI Host Controller
[    4.918610] usb usb5: Manufacturer: Linux 2.6.32.57 uhci_hcd
[    4.918707] usb usb5: SerialNumber: 0000:00:1d.0
[    4.918842] usb usb5: configuration #1 chosen from 1 choice
[    4.918959] hub 5-0:1.0: USB hub found
[    4.919053] hub 5-0:1.0: 2 ports detected
[    4.919202] uhci_hcd 0000:00:1d.1: PCI INT B -> GSI 17 (level, low) -> IRQ 17
[    4.919305] uhci_hcd 0000:00:1d.1: setting latency timer to 64
[    4.919310] uhci_hcd 0000:00:1d.1: UHCI Host Controller
[    4.919441] uhci_hcd 0000:00:1d.1: new USB bus registered, assigned bus number 6
[    4.919589] uhci_hcd 0000:00:1d.1: irq 17, io base 0x000018c0
[    4.919709] usb usb6: New USB device found, idVendor=1d6b, idProduct=0001
[    4.919800] usb usb6: New USB device strings: Mfr=3, Product=2, SerialNumber=1
[    4.919925] usb usb6: Product: UHCI Host Controller
[    4.920011] usb usb6: Manufacturer: Linux 2.6.32.57 uhci_hcd
[    4.920102] usb usb6: SerialNumber: 0000:00:1d.1
[    4.920232] usb usb6: configuration #1 chosen from 1 choice
[    4.920355] hub 6-0:1.0: USB hub found
[    4.920447] hub 6-0:1.0: 2 ports detected
[    4.920761] uhci_hcd 0000:00:1d.2: power state changed by ACPI to D0
[    4.921003] uhci_hcd 0000:00:1d.2: power state changed by ACPI to D0
[    4.921096] uhci_hcd 0000:00:1d.2: PCI INT C -> GSI 18 (level, low) -> IRQ 18
[    4.921191] uhci_hcd 0000:00:1d.2: setting latency timer to 64
[    4.921197] uhci_hcd 0000:00:1d.2: UHCI Host Controller
[    4.921325] uhci_hcd 0000:00:1d.2: new USB bus registered, assigned bus number 7
[    4.921476] uhci_hcd 0000:00:1d.2: irq 18, io base 0x000018e0
[    4.921589] usb usb7: New USB device found, idVendor=1d6b, idProduct=0001
[    4.921689] usb usb7: New USB device strings: Mfr=3, Product=2, SerialNumber=1
[    4.921808] usb usb7: Product: UHCI Host Controller
[    4.921898] usb usb7: Manufacturer: Linux 2.6.32.57 uhci_hcd
[    4.921989] usb usb7: SerialNumber: 0000:00:1d.2
[    4.922778] usb usb7: configuration #1 chosen from 1 choice
[    4.922904] hub 7-0:1.0: USB hub found
[    4.922996] hub 7-0:1.0: 2 ports detected
[    4.923158] sl811: driver sl811-hcd, 19 May 2005
[    4.923265] r8a66597_hcd: driver r8a66597_hcd, 2009-05-26
[    4.923434] Initializing USB Mass Storage driver...
[    4.923558] usbcore: registered new interface driver usb-storage
[    4.923655] USB Mass Storage support registered.
[    4.923766] usbcore: registered new interface driver ums-alauda
[    4.923875] usbcore: registered new interface driver ums-cypress
[    4.923985] usbcore: registered new interface driver ums-datafab
[    4.924093] usbcore: registered new interface driver ums-freecom
[    4.924205] usbcore: registered new interface driver ums-isd200
[    4.924313] usbcore: registered new interface driver ums-jumpshot
[    4.924423] usbcore: registered new interface driver ums-karma
[    4.924532] usbcore: registered new interface driver ums-onetouch
[    4.924643] usbcore: registered new interface driver ums-sddr09
[    4.924765] usbcore: registered new interface driver ums-sddr55
[    4.924876] usbcore: registered new interface driver ums-usbat
[    4.925020] PNP: PS/2 Controller [PNP0303:KBD,PNP0f13:MOU] at 0x60,0x64 irq 1,12
[    4.933444] serio: i8042 KBD port at 0x60,0x64 irq 1
[    4.933535] serio: i8042 AUX port at 0x60,0x64 irq 12
[    4.933787] mice: PS/2 mouse device common for all mice
[    4.933899] i2c /dev entries driver
[    4.934029] md: linear personality registered for level -1
[    4.934119] md: raid0 personality registered for level 0
[    4.934209] md: raid1 personality registered for level 1
[    4.934295] md: raid10 personality registered for level 10
[    4.934382] md: raid6 personality registered for level 6
[    4.934470] md: raid5 personality registered for level 5
[    4.934565] md: raid4 personality registered for level 4
[    4.934661] md: multipath personality registered for level -4
[    4.934861] device-mapper: ioctl: 4.15.0-ioctl (2009-04-01) initialised: dm-devel@redhat.com
[    4.935058] cpuidle: using governor ladder
[    4.935674] usbcore: registered new interface driver usbhid
[    4.935768] usbhid: v2.6:USB HID core driver
[    4.935913] random 0014 0000 0000 00000000 00000000: rand_read_num 4 get_random_bytes(136): sig 00000000 00000000 00000000
[    4.935916] random 0014 0000 0000 00000000 00000000: extract_entropy(.. 136 ..)
[    4.935925] random 0014 0000 0000 00000000 00000000: going to reseed nonblocking with 1024 bits (1088 of 0 requested)
[    4.935928] random 0014 0000 0000 00000000 00000000: extract_entropy(.. 128 ..)
[    4.935930] random 0014 0000 0000 00000000 00000000: trying to extract 1024 bits from input
[    4.935932] random 0014 0000 0000 00000000 00000000: debiting 0 entropy credits from input
[    4.935934] random 0014 0000 0000 00000000 00000000: extract_entropy account returned: 0 
[    4.935937] random 0014 0000 0000 00000000 00000000: urand_change_num 7 xfer_secondary_pool(136): pool_sig 00000000, data_sig 00000000, bytes_mixed 0 00000000 00000000
[    4.935940] random 0014 0000 0000 00000000 00000000: trying to extract 1088 bits from nonblocking
[    4.935943] random 0014 0000 0000 00000000 00000000: debiting 1088 entropy credits from nonblocking (unlimited)
[    4.935945] random 0014 0000 0000 00000000 00000000: extract_entropy account returned: 136 
[    4.935949] random 0014 0000 0000 00000000 00000000: urand_change_num 8 extract_buf: pool_sig 00000000, data_sig fffffff9, bytes_mixed 20 00000000 00000000
[    4.935955] random 0014 0000 0000 b7c35b56 be4dc95d: urand_change_num 9 extract_buf: pool_sig fffffd1e, data_sig 000000c5, bytes_mixed 20 b7c35b56 be4dc95d
[    4.935960] random 0014 0000 0000 ed9f5c47 c48487fb: urand_change_num 10 extract_buf: pool_sig fffff8ec, data_sig ffffff68, bytes_mixed 20 ed9f5c47 c48487fb
[    4.935966] random 0014 0000 0000 ed9f5c47 c48487fb: urand_change_num 11 extract_buf: pool_sig fffffaed, data_sig 000001aa, bytes_mixed 20 ed9f5c47 c48487fb
[    4.935971] random 0014 0000 0000 1b4f7c0a 91bd6a48: urand_change_num 12 extract_buf: pool_sig fffffdd8, data_sig 00000064, bytes_mixed 20 1b4f7c0a 91bd6a48
[    4.935976] random 0014 0000 0000 a254b9bc 20e9a24f: urand_change_num 13 extract_buf: pool_sig fffffbe6, data_sig 000001dd, bytes_mixed 20 a254b9bc 20e9a24f
[    4.935982] random 0014 0000 0000 a254b9bc 20e9a24f: urand_change_num 14 extract_buf: pool_sig fffff940, data_sig fffffe20, bytes_mixed 20 a254b9bc 20e9a24f
[    4.935987] random 0014 0000 0000 2831a66b 5fa2a3ad: urand_change_num 15 extract_buf: pool_sig fffffbce, data_sig 0000007e, bytes_mixed 20 2831a66b 5fa2a3ad
[    4.935992] random 0014 0000 0000 2831a66b 5fa2a3ad: urand_change_num 16 extract_buf: pool_sig 000004df, data_sig fffffe8f, bytes_mixed 20 2831a66b 5fa2a3ad
[    4.935997] random 0014 0000 0000 d4512bfd c9a54e0b: urand_change_num 17 extract_buf: pool_sig 00000485, data_sig fffffe68, bytes_mixed 20 d4512bfd c9a54e0b
[    4.936003] random 0014 0000 0000 c7371be6 f9ffea11: urand_change_num 18 extract_buf: pool_sig 00000095, data_sig ffffffed, bytes_mixed 20 c7371be6 f9ffea11
[    4.936008] random 0014 0000 0000 c7371be6 f9ffea11: urand_change_num 19 extract_buf: pool_sig 000003a7, data_sig fffffefa, bytes_mixed 20 c7371be6 f9ffea11
[    4.936013] random 0014 0000 0000 8fb4b62c d1ddba54: urand_change_num 20 extract_buf: pool_sig 00000179, data_sig ffffff78, bytes_mixed 20 8fb4b62c d1ddba54
[    4.936018] random 0014 0000 0000 9ff19f9c c07a1d2a: urand_change_num 21 extract_buf: pool_sig fffffe88, data_sig 00000126, bytes_mixed 20 9ff19f9c c07a1d2a
[    4.936022] TCP cubic registered
[    4.936113] Initializing XFRM netlink socket
[    4.936210] NET: Registered protocol family 17
[    4.936304] Using IPI Shortcut mode
[    4.936393] random 0014 0000 0000 9ff19f9c c07a1d2a: rand_read_num 5 get_random_bytes(8): sig 0000031b 9ff19f9c c07a1d2a
[    4.936396] random 0014 0000 0000 9ff19f9c c07a1d2a: extract_entropy(.. 8 ..)
[    4.936398] random 0014 0000 0000 9ff19f9c c07a1d2a: going to reseed nonblocking with 64 bits (64 of 0 requested)
[    4.936400] random 0014 0000 0000 9ff19f9c c07a1d2a: extract_entropy(.. 8 ..)
[    4.936402] random 0014 0000 0000 9ff19f9c c07a1d2a: trying to extract 64 bits from input
[    4.936404] random 0014 0000 0000 9ff19f9c c07a1d2a: debiting 0 entropy credits from input
[    4.936406] random 0014 0000 0000 9ff19f9c c07a1d2a: extract_entropy account returned: 0 
[    4.936410] random 0014 0000 0000 9ff19f9c c07a1d2a: urand_change_num 22 xfer_secondary_pool(8): pool_sig 0000031b, data_sig 00000000, bytes_mixed 0 9ff19f9c c07a1d2a
[    4.936413] random 0014 0000 0000 9ff19f9c c07a1d2a: trying to extract 64 bits from nonblocking
[    4.936415] random 0014 0000 0000 9ff19f9c c07a1d2a: debiting 64 entropy credits from nonblocking (unlimited)
[    4.936417] random 0014 0000 0000 9ff19f9c c07a1d2a: extract_entropy account returned: 8 
[    4.936421] random 0014 0000 0000 9ff19f9c c07a1d2a: urand_change_num 23 extract_buf: pool_sig 0000031b, data_sig ffffffb3, bytes_mixed 20 9ff19f9c c07a1d2a
[    4.939131] input: AT Translated Set 2 keyboard as /devices/platform/i8042/serio0/input/input1
[    5.127657] ata1: SATA link up 1.5 Gbps (SStatus 113 SControl 300)
[    5.127767] ata3: SATA link down (SStatus 0 SControl 300)
[    5.129699] ata1.00: ACPI cmd ef/02:00:00:00:00:a0 (SET FEATURES) succeeded
[    5.129702] ata1.00: ACPI cmd f5/00:00:00:00:00:a0 (SECURITY FREEZE LOCK) filtered out
[    5.131094] ata1.00: ACPI cmd ef/5f:00:00:00:00:a0 (SET FEATURES) succeeded
[    5.131096] ata1.00: ACPI cmd ef/10:03:00:00:00:a0 (SET FEATURES) filtered out
[    5.133003] ata1.00: ATA-7: ST910021AS, 4.06, max UDMA/100
[    5.133093] ata1.00: 195371568 sectors, multi 16: LBA48 
[    5.135239] ata1.00: ACPI cmd ef/02:00:00:00:00:a0 (SET FEATURES) succeeded
[    5.135242] ata1.00: ACPI cmd f5/00:00:00:00:00:a0 (SECURITY FREEZE LOCK) filtered out
[    5.136639] ata1.00: ACPI cmd ef/5f:00:00:00:00:a0 (SET FEATURES) succeeded
[    5.136642] ata1.00: ACPI cmd ef/10:03:00:00:00:a0 (SET FEATURES) filtered out
[    5.138560] ata1.00: configured for UDMA/100
[    5.149706] scsi 2:0:0:0: Direct-Access     ATA      ST910021AS       4.06 PQ: 0 ANSI: 5
[    5.149987] sd 2:0:0:0: [sda] 195371568 512-byte logical blocks: (100 GB/93.1 GiB)
[    5.150129] sd 2:0:0:0: [sda] Write Protect is off
[    5.150221] sd 2:0:0:0: [sda] Mode Sense: 00 3a 00 00
[    5.150233] sd 2:0:0:0: [sda] Write cache: enabled, read cache: enabled, doesn't support DPO or FUA
[    5.150421]  sda:
[    5.573119] random 0014 0000 0000 277f73c3 42024bb9: add_disk_randomness(8:0) 277f73c3 42024bb9
[    5.573204] random 0014 0000 0000 277f73c3 42024bb9: add_timer_randomness(.. 8388864) with jiffies: 6894518297970835853, cycles: 6894518293676163082
[    5.573207] random 0014 0000 0000 277f73c3 42024bb9: added 11 entropy credits to input
[    5.573212]  sda1 sda2
[    5.573557] random 0025 0000 0000 277f73c3 42024bb9: add_disk_randomness(8:0) 277f73c3 42024bb9
[    5.573560] random 0025 0000 0000 277f73c3 42024bb9: add_timer_randomness(.. 8388864) with jiffies: 6897728133189566861, cycles: 6897728128894894090
[    5.573717] sd 2:0:0:0: [sda] Attached SCSI disk
[    5.573809] random 0025 0000 0000 277f73c3 42024bb9: rand_read_num 6 get_random_bytes(12): sig 000007e9 277f73c3 42024bb9
[    5.573812] random 0025 0000 0000 277f73c3 42024bb9: extract_entropy(.. 12 ..)
[    5.573814] random 0025 0000 0000 277f73c3 42024bb9: going to reseed nonblocking with 96 bits (96 of 0 requested)
[    5.573817] random 0025 0000 0000 277f73c3 42024bb9: extract_entropy(.. 12 ..)
[    5.573819] random 0025 0000 0000 277f73c3 42024bb9: trying to extract 96 bits from input
[    5.573821] random 0025 0000 0000 277f73c3 42024bb9: debiting 0 entropy credits from input
[    5.573823] random 0025 0000 0000 277f73c3 42024bb9: extract_entropy account returned: 0 
[    5.573826] random 0025 0000 0000 277f73c3 42024bb9: urand_change_num 24 xfer_secondary_pool(12): pool_sig 000007e9, data_sig 00000000, bytes_mixed 0 277f73c3 42024bb9
[    5.573829] random 0025 0000 0000 277f73c3 42024bb9: trying to extract 96 bits from nonblocking
[    5.573832] random 0025 0000 0000 277f73c3 42024bb9: debiting 96 entropy credits from nonblocking (unlimited)
[    5.573834] random 0025 0000 0000 277f73c3 42024bb9: extract_entropy account returned: 12 
[    5.573838] random 0025 0000 0000 277f73c3 42024bb9: urand_change_num 25 extract_buf: pool_sig 000007e9, data_sig 00000088, bytes_mixed 20 277f73c3 42024bb9
[    5.573843] random 0025 0000 0000 277f73c3 42024bb9: urand_change_num 26 extract_buf: pool_sig 00000498, data_sig fffffefb, bytes_mixed 20 277f73c3 42024bb9
[    5.573846] RANDOM - __seed init called.
[    5.573847] RANDOM - __seed init called.
[    5.573848] RANDOM - __seed init called.
[    5.573850] RANDOM - __random32 called. Change num 12.  Value: 87f14767	f0d7351	b1e48bd3
[    5.573852] RANDOM - random32_reseed called.  Value: 87f14767	f0d7351	b1e48bd3
[    5.573854] Pid: 1, comm: swapper Not tainted 2.6.32.57 #6
[    5.573951] Call Trace:
[    5.574042]  [<c1923ca4>] ? random32_reseed+0xa0/0xb1
[    5.574133]  [<c1923c04>] ? random32_reseed+0x0/0xb1
[    5.574228]  [<c100111e>] ? do_one_initcall+0x2e/0x180
[    5.574320]  [<c1907265>] ? kernel_init+0xad/0x103
[    5.574409]  [<c19071b8>] ? kernel_init+0x0/0x103
[    5.574500]  [<c1003787>] ? kernel_thread_helper+0x7/0x10
[    5.575034] random 0025 0000 0000 386b4e60 ee4d4880: rand_read_num 7 get_random_bytes(64): sig fffffea5 386b4e60 ee4d4880
[    5.575037] random 0025 0000 0000 386b4e60 ee4d4880: extract_entropy(.. 64 ..)
[    5.575039] random 0025 0000 0000 386b4e60 ee4d4880: going to reseed nonblocking with 512 bits (512 of 0 requested)
[    5.575041] random 0025 0000 0000 386b4e60 ee4d4880: extract_entropy(.. 64 ..)
[    5.575043] random 0025 0000 0000 386b4e60 ee4d4880: trying to extract 512 bits from input
[    5.575046] random 0025 0000 0000 386b4e60 ee4d4880: debiting 0 entropy credits from input
[    5.575048] random 0025 0000 0000 386b4e60 ee4d4880: extract_entropy account returned: 0 
[    5.575051] random 0025 0000 0000 386b4e60 ee4d4880: urand_change_num 27 xfer_secondary_pool(64): pool_sig fffffea5, data_sig 00000000, bytes_mixed 0 386b4e60 ee4d4880
[    5.575054] random 0025 0000 0000 386b4e60 ee4d4880: trying to extract 512 bits from nonblocking
[    5.575056] random 0025 0000 0000 386b4e60 ee4d4880: debiting 512 entropy credits from nonblocking (unlimited)
[    5.575058] random 0025 0000 0000 386b4e60 ee4d4880: extract_entropy account returned: 64 
[    5.575063] random 0025 0000 0000 386b4e60 ee4d4880: urand_change_num 28 extract_buf: pool_sig fffffea5, data_sig 00000173, bytes_mixed 20 386b4e60 ee4d4880
[    5.575068] random 0025 0000 0000 412698f6 0cc8689a: urand_change_num 29 extract_buf: pool_sig 00000122, data_sig ffffff63, bytes_mixed 20 412698f6 0cc8689a
[    5.575073] random 0025 0000 0000 412698f6 0cc8689a: urand_change_num 30 extract_buf: pool_sig 000001f7, data_sig 00000012, bytes_mixed 20 412698f6 0cc8689a
[    5.575079] random 0025 0000 0000 9669941e 06f768b1: urand_change_num 31 extract_buf: pool_sig fffffb5b, data_sig 0000003f, bytes_mixed 20 9669941e 06f768b1
[    5.575084] random 0025 0000 0000 98486520 995551f0: urand_change_num 32 extract_buf: pool_sig fffffb39, data_sig 0000000e, bytes_mixed 20 98486520 995551f0
[    5.575089] random 0025 0000 0000 98486520 995551f0: urand_change_num 33 extract_buf: pool_sig fffffd8d, data_sig 000001a6, bytes_mixed 20 98486520 995551f0
[    5.575094] random 0025 0000 0000 61fc8914 d5882ed2: urand_change_num 34 extract_buf: pool_sig fffffa58, data_sig 0000023e, bytes_mixed 20 61fc8914 d5882ed2
[    5.575125] random 0025 0000 0000 61fc8914 d5882ed2: rand_read_num 8 get_random_bytes(64): sig fffff9ee 61fc8914 d5882ed2
[    5.575128] random 0025 0000 0000 61fc8914 d5882ed2: extract_entropy(.. 64 ..)
[    5.575130] random 0025 0000 0000 61fc8914 d5882ed2: going to reseed nonblocking with 512 bits (512 of 0 requested)
[    5.575132] random 0025 0000 0000 61fc8914 d5882ed2: extract_entropy(.. 64 ..)
[    5.575134] random 0025 0000 0000 61fc8914 d5882ed2: trying to extract 512 bits from input
[    5.575136] random 0025 0000 0000 61fc8914 d5882ed2: debiting 0 entropy credits from input
[    5.575138] random 0025 0000 0000 61fc8914 d5882ed2: extract_entropy account returned: 0 
[    5.575142] random 0025 0000 0000 61fc8914 d5882ed2: urand_change_num 35 xfer_secondary_pool(64): pool_sig fffff9ee, data_sig 00000000, bytes_mixed 0 61fc8914 d5882ed2
[    5.575145] random 0025 0000 0000 61fc8914 d5882ed2: trying to extract 512 bits from nonblocking
[    5.575147] random 0025 0000 0000 61fc8914 d5882ed2: debiting 512 entropy credits from nonblocking (unlimited)
[    5.575149] random 0025 0000 0000 61fc8914 d5882ed2: extract_entropy account returned: 64 
[    5.575153] random 0025 0000 0000 61fc8914 d5882ed2: urand_change_num 36 extract_buf: pool_sig fffff9ee, data_sig ffffff85, bytes_mixed 20 61fc8914 d5882ed2
[    5.575158] random 0025 0000 0000 70cfd302 e5edec11: urand_change_num 37 extract_buf: pool_sig fffffdc1, data_sig ffffffde, bytes_mixed 20 70cfd302 e5edec11
[    5.575164] random 0025 0000 0000 00dab838 eafd2b30: urand_change_num 38 extract_buf: pool_sig 000003da, data_sig ffffff61, bytes_mixed 20 00dab838 eafd2b30
[    5.575169] random 0025 0000 0000 00dab838 eafd2b30: urand_change_num 39 extract_buf: pool_sig 00000314, data_sig 00000121, bytes_mixed 20 00dab838 eafd2b30
[    5.575174] random 0025 0000 0000 5fcdf66a 6442b608: urand_change_num 40 extract_buf: pool_sig 0000028b, data_sig fffffefd, bytes_mixed 20 5fcdf66a 6442b608
[    5.575180] random 0025 0000 0000 61333f6b 8fae0f9b: urand_change_num 41 extract_buf: pool_sig 000000cb, data_sig 000000b3, bytes_mixed 20 61333f6b 8fae0f9b
[    5.575185] random 0025 0000 0000 61333f6b 8fae0f9b: urand_change_num 42 extract_buf: pool_sig fffffef8, data_sig 00000051, bytes_mixed 20 61333f6b 8fae0f9b
[    5.575188] BEGIN NET_SECRET:
[    5.575189] \xffffffe0
[    5.575190] \xffffffb6
[    5.575190] \x36
[    5.575191] \xffffffb5
[    5.575192] \xffffff94
[    5.575193] \xffffffb2
[    5.575194] \xffffffa8
[    5.575194] \xffffffda
[    5.575195] \x5b
[    5.575196] \x19
[    5.575197] \x18
[    5.575198] \x5c
[    5.575198] \x2b
[    5.575199] \x1
[    5.575200] \xffffff90
[    5.575201] \x19
[    5.575201] \x3c
[    5.575202] \xfffffff2
[    5.575203] \xffffff82
[    5.575204] \x2a
[    5.575205] \xffffffb3
[    5.575205] \xffffffa2
[    5.575206] \x3f
[    5.575207] \x5
[    5.575208] \x52
[    5.575208] \x77
[    5.575209] \x57
[    5.575210] \x79
[    5.575211] \x16
[    5.575211] \x43
[    5.575212] \xffffff84
[    5.575213] \xffffffc3
[    5.575214] \xffffffe9
[    5.575214] \x79
[    5.575215] \x50
[    5.575216] \xffffff8e
[    5.575217] \x3f
[    5.575218] \xfffffff3
[    5.575218] \x19
[    5.575219] \x2a
[    5.575220] \xfffffffd
[    5.575221] \xfffffffb
[    5.575222] \x62
[    5.575222] \x3c
[    5.575223] \xffffffac
[    5.575224] \x1c
[    5.575225] \x3b
[    5.575225] \x3b
[    5.575226] \x15
[    5.575227] \x27
[    5.575228] \xffffffa8
[    5.575228] \x22
[    5.575229] \xffffffc5
[    5.575230] \xffffff9a
[    5.575231] \x5
[    5.575231] \x6c
[    5.575232] \xffffffa8
[    5.575233] \x3a
[    5.575234] \x44
[    5.575234] \xffffffaf
[    5.575235] \x13
[    5.575236] \xffffffe0
[    5.575237] \xffffff9d
[    5.575238] \x22
[    5.575238] 
[    5.575239] END NET_SECRET
[    5.575242] random 0025 0000 0000 e7f555d9 e8ce5c3c: rand_read_num 9 get_random_bytes(4): sig 0000068c e7f555d9 e8ce5c3c
[    5.575244] random 0025 0000 0000 e7f555d9 e8ce5c3c: extract_entropy(.. 4 ..)
[    5.575246] random 0025 0000 0000 e7f555d9 e8ce5c3c: going to reseed nonblocking with 64 bits (32 of 0 requested)
[    5.575249] random 0025 0000 0000 e7f555d9 e8ce5c3c: extract_entropy(.. 8 ..)
[    5.575251] random 0025 0000 0000 e7f555d9 e8ce5c3c: trying to extract 64 bits from input
[    5.575253] random 0025 0000 0000 e7f555d9 e8ce5c3c: debiting 0 entropy credits from input
[    5.575255] random 0025 0000 0000 e7f555d9 e8ce5c3c: extract_entropy account returned: 0 
[    5.575258] random 0025 0000 0000 e7f555d9 e8ce5c3c: urand_change_num 43 xfer_secondary_pool(4): pool_sig 0000068c, data_sig 00000000, bytes_mixed 0 e7f555d9 e8ce5c3c
[    5.575261] random 0025 0000 0000 e7f555d9 e8ce5c3c: trying to extract 32 bits from nonblocking
[    5.575263] random 0025 0000 0000 e7f555d9 e8ce5c3c: debiting 32 entropy credits from nonblocking (unlimited)
[    5.575265] random 0025 0000 0000 e7f555d9 e8ce5c3c: extract_entropy account returned: 4 
[    5.575270] random 0025 0000 0000 e7f555d9 e8ce5c3c: urand_change_num 44 extract_buf: pool_sig 0000068c, data_sig fffffdcb, bytes_mixed 20 e7f555d9 e8ce5c3c
[    5.575280] md: Waiting for all devices to be available before autodetect
[    5.575370] md: If you don't use raid, use raid=noautodetect
[    5.575532] md: Autodetecting RAID arrays.
[    5.575631] md: Scanned 0 and added 0 devices.
[    5.575719] md: autorun ...
[    5.575811] md: ... autorun DONE.
[    5.588265] random 0025 0000 0000 e7f555d9 e8ce5c3c: add_disk_randomness(8:0) e7f555d9 e8ce5c3c
[    5.588268] random 0025 0000 0000 e7f555d9 e8ce5c3c: add_timer_randomness(.. 8388864) with jiffies: 7030052527936340380, cycles: 7030052523641667594
[    5.588271] random 0025 0000 0000 e7f555d9 e8ce5c3c: added 3 entropy credits to input
[    5.589390] random 0028 0000 0000 e7f555d9 e8ce5c3c: add_disk_randomness(8:0) e7f555d9 e8ce5c3c
[    5.589393] random 0028 0000 0000 e7f555d9 e8ce5c3c: add_timer_randomness(.. 8388864) with jiffies: 7040169443661152669, cycles: 7040169439366479882
[    5.589509] random 0028 0000 0000 e7f555d9 e8ce5c3c: add_disk_randomness(8:0) e7f555d9 e8ce5c3c
[    5.589512] random 0028 0000 0000 e7f555d9 e8ce5c3c: add_timer_randomness(.. 8388864) with jiffies: 7041245010846253469, cycles: 7041245006551580682
[    5.589518] EXT3-fs: sda2: couldn't mount because of unsupported optional features (240).
[    5.589750] random 0028 0000 0000 e7f555d9 e8ce5c3c: add_disk_randomness(8:0) e7f555d9 e8ce5c3c
[    5.589753] random 0028 0000 0000 e7f555d9 e8ce5c3c: add_timer_randomness(.. 8388864) with jiffies: 7043399121628791198, cycles: 7043399117334118410
[    5.589757] EXT2-fs: sda2: couldn't mount because of unsupported optional features (240).
[    5.590014] random 0028 0000 0000 e7f555d9 e8ce5c3c: add_disk_randomness(8:0) e7f555d9 e8ce5c3c
[    5.590017] random 0028 0000 0000 e7f555d9 e8ce5c3c: add_timer_randomness(.. 8388864) with jiffies: 7045778988777308574, cycles: 7045778984482635786
[    5.590149] random 0028 0000 0000 e7f555d9 e8ce5c3c: add_disk_randomness(8:0) e7f555d9 e8ce5c3c
[    5.590152] random 0028 0000 0000 e7f555d9 e8ce5c3c: add_timer_randomness(.. 8388864) with jiffies: 7047000352922239390, cycles: 7047000348627566602
[    5.590275] random 0028 0000 0000 e7f555d9 e8ce5c3c: add_disk_randomness(8:0) e7f555d9 e8ce5c3c
[    5.590278] random 0028 0000 0000 e7f555d9 e8ce5c3c: add_timer_randomness(.. 8388864) with jiffies: 7048131436854608286, cycles: 7048131432559935498
[    5.590386] random 0028 0000 0000 e7f555d9 e8ce5c3c: add_disk_randomness(8:0) e7f555d9 e8ce5c3c
[    5.590389] random 0028 0000 0000 e7f555d9 e8ce5c3c: add_timer_randomness(.. 8388864) with jiffies: 7049131150622294430, cycles: 7049131146327621642
[    5.590505] random 0028 0000 0000 e7f555d9 e8ce5c3c: add_disk_randomness(8:0) e7f555d9 e8ce5c3c
[    5.590508] random 0028 0000 0000 e7f555d9 e8ce5c3c: add_timer_randomness(.. 8388864) with jiffies: 7050205455087010206, cycles: 7050205450792337418
[    5.590613] random 0028 0000 0000 e7f555d9 e8ce5c3c: add_disk_randomness(8:0) e7f555d9 e8ce5c3c
[    5.590619] random 0028 0000 0000 e7f555d9 e8ce5c3c: add_timer_randomness(.. 8388864) with jiffies: 7051191459319087519, cycles: 7051191455024414730
[    5.590729] random 0028 0000 0000 e7f555d9 e8ce5c3c: add_disk_randomness(8:0) e7f555d9 e8ce5c3c
[    5.590732] random 0028 0000 0000 e7f555d9 e8ce5c3c: add_timer_randomness(.. 8388864) with jiffies: 7052211557001560479, cycles: 7052211552706887690
[    5.590843] random 0028 0000 0000 e7f555d9 e8ce5c3c: add_disk_randomness(8:0) e7f555d9 e8ce5c3c
[    5.590846] random 0028 0000 0000 e7f555d9 e8ce5c3c: add_timer_randomness(.. 8388864) with jiffies: 7053238101429944735, cycles: 7053238097135271946
[    5.591082] random 0028 0000 0000 e7f555d9 e8ce5c3c: rand_read_num 10 get_random_bytes(4): sig ffffff72 e7f555d9 e8ce5c3c
[    5.591085] random 0028 0000 0000 e7f555d9 e8ce5c3c: extract_entropy(.. 4 ..)
[    5.591087] random 0028 0000 0000 e7f555d9 e8ce5c3c: going to reseed nonblocking with 64 bits (32 of 0 requested)
[    5.591090] random 0028 0000 0000 e7f555d9 e8ce5c3c: extract_entropy(.. 8 ..)
[    5.591092] random 0028 0000 0000 e7f555d9 e8ce5c3c: trying to extract 64 bits from input
[    5.591094] random 0028 0000 0000 e7f555d9 e8ce5c3c: debiting 0 entropy credits from input
[    5.591096] random 0028 0000 0000 e7f555d9 e8ce5c3c: extract_entropy account returned: 0 
[    5.591099] random 0028 0000 0000 e7f555d9 e8ce5c3c: urand_change_num 45 xfer_secondary_pool(4): pool_sig ffffff72, data_sig 00000000, bytes_mixed 0 e7f555d9 e8ce5c3c
[    5.591102] random 0028 0000 0000 e7f555d9 e8ce5c3c: trying to extract 32 bits from nonblocking
[    5.591104] random 0028 0000 0000 e7f555d9 e8ce5c3c: debiting 32 entropy credits from nonblocking (unlimited)
[    5.591106] random 0028 0000 0000 e7f555d9 e8ce5c3c: extract_entropy account returned: 4 
[    5.591110] random 0028 0000 0000 e7f555d9 e8ce5c3c: urand_change_num 46 extract_buf: pool_sig ffffff72, data_sig ffffff72, bytes_mixed 20 e7f555d9 e8ce5c3c
[    5.602719] random 0028 0000 0000 91716c54 eeb6a1e7: add_disk_randomness(8:0) 91716c54 eeb6a1e7
[    5.602722] random 0028 0000 0000 91716c54 eeb6a1e7: add_timer_randomness(.. 8388864) with jiffies: 7160084586968089003, cycles: 7160084582673416202
[    5.602725] random 0028 0000 0000 91716c54 eeb6a1e7: added 3 entropy credits to input
[    5.620995] random 0031 0000 0000 91716c54 eeb6a1e7: add_disk_randomness(8:0) 91716c54 eeb6a1e7
[    5.620998] random 0031 0000 0000 91716c54 eeb6a1e7: add_timer_randomness(.. 8388864) with jiffies: 7324508592327590333, cycles: 7324508588032917514
[    5.621001] random 0031 0000 0000 91716c54 eeb6a1e7: added 2 entropy credits to input
[    5.625664] EXT4-fs (sda2): mounted filesystem with ordered data mode
[    5.625867] VFS: Mounted root (ext4 filesystem) readonly on device 8:2.
[    5.625967] Freeing unused kernel memory: 448k freed
[    5.646139] random 0033 0000 0000 91716c54 eeb6a1e7: add_disk_randomness(8:0) 91716c54 eeb6a1e7
[    5.646142] random 0033 0000 0000 91716c54 eeb6a1e7: add_timer_randomness(.. 8388864) with jiffies: 7550725039498953174, cycles: 7550725035204280330
[    5.646875] random 0033 0000 0000 91716c54 eeb6a1e7: add_disk_randomness(8:0) 91716c54 eeb6a1e7
[    5.646878] random 0033 0000 0000 91716c54 eeb6a1e7: add_timer_randomness(.. 8388864) with jiffies: 7557342596259611095, cycles: 7557342591964938250
[    5.651598] random 0033 0000 0000 91716c54 eeb6a1e7: add_disk_randomness(8:0) 91716c54 eeb6a1e7
[    5.651601] random 0033 0000 0000 91716c54 eeb6a1e7: add_timer_randomness(.. 8388864) with jiffies: 7599847435161797083, cycles: 7599847430867124234
[    5.651604] random 0033 0000 0000 91716c54 eeb6a1e7: added 1 entropy credits to input
[    5.659803] random 0034 0000 0000 91716c54 eeb6a1e7: add_disk_randomness(8:0) 91716c54 eeb6a1e7
[    5.659806] random 0034 0000 0000 91716c54 eeb6a1e7: add_timer_randomness(.. 8388864) with jiffies: 7673649786649280996, cycles: 7673649782354608138
[    5.659808] random 0034 0000 0000 91716c54 eeb6a1e7: added 1 entropy credits to input
[    5.663224] random 0035 0000 0000 91716c54 eeb6a1e7: add_disk_randomness(8:0) 91716c54 eeb6a1e7
[    5.663227] random 0035 0000 0000 91716c54 eeb6a1e7: add_timer_randomness(.. 8388864) with jiffies: 7704439286207840743, cycles: 7704439281913167882
[    5.663230] random 0035 0000 0000 91716c54 eeb6a1e7: added 1 entropy credits to input
[    5.672117] random 0036 0000 0000 91716c54 eeb6a1e7: add_disk_randomness(8:0) 91716c54 eeb6a1e7
[    5.672120] random 0036 0000 0000 91716c54 eeb6a1e7: add_timer_randomness(.. 8388864) with jiffies: 7784443308477743600, cycles: 7784443304183070730
[    5.672123] random 0036 0000 0000 91716c54 eeb6a1e7: added 2 entropy credits to input
[    5.685396] random 0038 0000 0000 91716c54 eeb6a1e7: add_disk_randomness(8:0) 91716c54 eeb6a1e7
[    5.685399] random 0038 0000 0000 91716c54 eeb6a1e7: add_timer_randomness(.. 8388864) with jiffies: 7903918531169452541, cycles: 7903918526874779658
[    5.685402] random 0038 0000 0000 91716c54 eeb6a1e7: added 1 entropy credits to input
[    5.693470] random 0039 0000 0000 91716c54 eeb6a1e7: add_disk_randomness(8:0) 91716c54 eeb6a1e7
[    5.693472] random 0039 0000 0000 91716c54 eeb6a1e7: add_timer_randomness(.. 8388864) with jiffies: 7976553364516995589, cycles: 7976553360222322698
[    5.693475] random 0039 0000 0000 91716c54 eeb6a1e7: added 2 entropy credits to input
[    5.693498] RANDOM get_random_int call with cycles 44806912930, jiffies 4294672901 and pid 1
[    5.693501] RANDOM get_random_int call with cycles 44806920291, jiffies 4294672901 and pid 1
[    5.693503] ASLR stack rand value: 5210112 after shift for pid: 1
[    5.693504] RANDOM get_random_int call with cycles 44806928082, jiffies 4294672901 and pid 1
[    5.705120] random 0041 0000 0000 91716c54 eeb6a1e7: add_disk_randomness(8:0) 91716c54 eeb6a1e7
[    5.705123] random 0041 0000 0000 91716c54 eeb6a1e7: add_timer_randomness(.. 8388864) with jiffies: 8081362674052203025, cycles: 8081362669757530122
[    5.705126] random 0041 0000 0000 91716c54 eeb6a1e7: added 2 entropy credits to input
[    5.705135] RANDOM get_random_int call with cycles 44831289342, jiffies 4294672913 and pid 1
[    5.705138] random 0043 0000 0000 91716c54 eeb6a1e7: rand_read_num 11 get_random_bytes(16): sig fffffcad 91716c54 eeb6a1e7
[    5.705140] random 0043 0000 0000 91716c54 eeb6a1e7: extract_entropy(.. 16 ..)
[    5.705143] random 0043 0000 0000 91716c54 eeb6a1e7: going to reseed nonblocking with 128 bits (128 of 0 requested)
[    5.705145] random 0043 0000 0000 91716c54 eeb6a1e7: extract_entropy(.. 16 ..)
[    5.705147] random 0043 0000 0000 91716c54 eeb6a1e7: trying to extract 128 bits from input
[    5.705150] random 0043 0000 0000 91716c54 eeb6a1e7: debiting 0 entropy credits from input
[    5.705152] random 0043 0000 0000 91716c54 eeb6a1e7: extract_entropy account returned: 0 
[    5.705155] random 0043 0000 0000 91716c54 eeb6a1e7: urand_change_num 47 xfer_secondary_pool(16): pool_sig fffffcad, data_sig 00000000, bytes_mixed 0 91716c54 eeb6a1e7
[    5.705158] random 0043 0000 0000 91716c54 eeb6a1e7: trying to extract 128 bits from nonblocking
[    5.705160] random 0043 0000 0000 91716c54 eeb6a1e7: debiting 128 entropy credits from nonblocking (unlimited)
[    5.705162] random 0043 0000 0000 91716c54 eeb6a1e7: extract_entropy account returned: 16 
[    5.705167] random 0043 0000 0000 91716c54 eeb6a1e7: urand_change_num 48 extract_buf: pool_sig fffffcad, data_sig ffffff19, bytes_mixed 20 91716c54 eeb6a1e7
[    5.705172] random 0043 0000 0000 fd637b06 6cf47bc1: urand_change_num 49 extract_buf: pool_sig fffffede, data_sig ffffffc1, bytes_mixed 20 fd637b06 6cf47bc1
[    5.706126] random 0043 0000 0000 fd637b06 6cf47bc1: add_disk_randomness(8:0) fd637b06 6cf47bc1
[    5.706130] random 0043 0000 0000 fd637b06 6cf47bc1: add_timer_randomness(.. 8388864) with jiffies: 8090420390712279570, cycles: 8090420386417606666
[    5.707275] random 0043 0000 0000 fd637b06 6cf47bc1: add_disk_randomness(8:0) fd637b06 6cf47bc1
[    5.707278] random 0043 0000 0000 fd637b06 6cf47bc1: add_timer_randomness(.. 8388864) with jiffies: 8100758372698784275, cycles: 8100758368404111370
[    5.708426] random 0043 0000 0000 fd637b06 6cf47bc1: add_disk_randomness(8:0) fd637b06 6cf47bc1
[    5.708429] random 0043 0000 0000 fd637b06 6cf47bc1: add_timer_randomness(.. 8388864) with jiffies: 8111114573936558612, cycles: 8111114569641885706
[    5.709300] random 0043 0000 0000 fd637b06 6cf47bc1: add_disk_randomness(8:0) fd637b06 6cf47bc1
[    5.709303] random 0043 0000 0000 fd637b06 6cf47bc1: add_timer_randomness(.. 8388864) with jiffies: 8118974243829154325, cycles: 8118974239534481418
[    5.709475] random 0043 0000 0000 fd637b06 6cf47bc1: add_disk_randomness(8:0) fd637b06 6cf47bc1
[    5.709478] random 0043 0000 0000 fd637b06 6cf47bc1: add_timer_randomness(.. 8388864) with jiffies: 8120551334345409045, cycles: 8120551330050736138
[    5.709709] random 0043 0000 0000 fd637b06 6cf47bc1: add_disk_randomness(8:0) fd637b06 6cf47bc1
[    5.709712] random 0043 0000 0000 fd637b06 6cf47bc1: add_timer_randomness(.. 8388864) with jiffies: 8122640234639491606, cycles: 8122640230344818698
[    5.720181] random 0043 0000 0000 fd637b06 6cf47bc1: add_disk_randomness(8:0) fd637b06 6cf47bc1
[    5.720184] random 0043 0000 0000 fd637b06 6cf47bc1: add_timer_randomness(.. 8388864) with jiffies: 8216862445495091744, cycles: 8216862441200418826
[    5.720186] random 0043 0000 0000 fd637b06 6cf47bc1: added 3 entropy credits to input
[    5.720621] random 0046 0000 0000 fd637b06 6cf47bc1: add_disk_randomness(8:0) fd637b06 6cf47bc1
[    5.720624] random 0046 0000 0000 fd637b06 6cf47bc1: add_timer_randomness(.. 8388864) with jiffies: 8220814038745711137, cycles: 8220814034451038218
[    5.730361] random 0046 0000 0000 fd637b06 6cf47bc1: add_disk_randomness(8:0) fd637b06 6cf47bc1
[    5.730364] random 0046 0000 0000 fd637b06 6cf47bc1: add_timer_randomness(.. 8388864) with jiffies: 8308454680371626538, cycles: 8308454676076953610
[    5.730366] random 0046 0000 0000 fd637b06 6cf47bc1: added 3 entropy credits to input
[    5.730419] RANDOM get_random_int call with cycles 44884252224, jiffies 4294672938 and pid 1
[    5.734968] random 0049 0000 0000 fd637b06 6cf47bc1: add_disk_randomness(8:0) fd637b06 6cf47bc1
[    5.734972] random 0049 0000 0000 fd637b06 6cf47bc1: add_timer_randomness(.. 8388864) with jiffies: 8349902441922921007, cycles: 8349902437628248074
[    5.734975] random 0049 0000 0000 fd637b06 6cf47bc1: added 2 entropy credits to input
[    5.747796] random 0051 0000 0000 fd637b06 6cf47bc1: add_disk_randomness(8:0) fd637b06 6cf47bc1
[    5.747799] random 0051 0000 0000 fd637b06 6cf47bc1: add_timer_randomness(.. 8388864) with jiffies: 8465302006938698300, cycles: 8465302002644025354
[    5.747801] random 0051 0000 0000 fd637b06 6cf47bc1: added 3 entropy credits to input
[    5.747932] random 0054 0000 0000 fd637b06 6cf47bc1: add_disk_randomness(8:0) fd637b06 6cf47bc1
[    5.747935] random 0054 0000 0000 fd637b06 6cf47bc1: add_timer_randomness(.. 8388864) with jiffies: 8466530904456266300, cycles: 8466530900161593354
[    5.750100] random 0054 0000 0000 fd637b06 6cf47bc1: add_disk_randomness(8:0) fd637b06 6cf47bc1
[    5.750103] random 0054 0000 0000 fd637b06 6cf47bc1: add_timer_randomness(.. 8388864) with jiffies: 8486039483433321022, cycles: 8486039479138648074
[    5.750106] random 0054 0000 0000 fd637b06 6cf47bc1: added 1 entropy credits to input
[    5.750337] random 0055 0000 0000 fd637b06 6cf47bc1: add_disk_randomness(8:0) fd637b06 6cf47bc1
[    5.750340] random 0055 0000 0000 fd637b06 6cf47bc1: add_timer_randomness(.. 8388864) with jiffies: 8488171268975854142, cycles: 8488171264681181194
[    5.750479] random 0055 0000 0000 fd637b06 6cf47bc1: add_disk_randomness(8:0) fd637b06 6cf47bc1
[    5.750483] random 0055 0000 0000 fd637b06 6cf47bc1: add_timer_randomness(.. 8388864) with jiffies: 8489458389070086718, cycles: 8489458384775413770
[    5.753652] random 0055 0000 0000 fd637b06 6cf47bc1: add_disk_randomness(8:0) fd637b06 6cf47bc1
[    5.753655] random 0055 0000 0000 fd637b06 6cf47bc1: add_timer_randomness(.. 8388864) with jiffies: 8517986171735474754, cycles: 8517986167440801802
[    5.753658] random 0055 0000 0000 fd637b06 6cf47bc1: added 2 entropy credits to input
[    5.755662] random 0057 0000 0000 fd637b06 6cf47bc1: add_disk_randomness(8:0) fd637b06 6cf47bc1
[    5.755665] random 0057 0000 0000 fd637b06 6cf47bc1: add_timer_randomness(.. 8388864) with jiffies: 8536069139397837380, cycles: 8536069135103164426
[    5.755667] random 0057 0000 0000 fd637b06 6cf47bc1: added 1 entropy credits to input
[    5.763491] random 0058 0000 0000 fd637b06 6cf47bc1: add_disk_randomness(8:0) fd637b06 6cf47bc1
[    5.763494] random 0058 0000 0000 fd637b06 6cf47bc1: add_timer_randomness(.. 8388864) with jiffies: 8606516670455579211, cycles: 8606516666160906250
[    5.763496] random 0058 0000 0000 fd637b06 6cf47bc1: added 2 entropy credits to input
[    5.763627] random 0060 0000 0000 fd637b06 6cf47bc1: add_disk_randomness(8:0) fd637b06 6cf47bc1
[    5.763630] random 0060 0000 0000 fd637b06 6cf47bc1: add_timer_randomness(.. 8388864) with jiffies: 8607729332996768332, cycles: 8607729328702095370
[    5.767190] random 0060 0000 0000 fd637b06 6cf47bc1: add_disk_randomness(8:0) fd637b06 6cf47bc1
[    5.767193] random 0060 0000 0000 fd637b06 6cf47bc1: add_timer_randomness(.. 8388864) with jiffies: 8639795666202886735, cycles: 8639795661908213770
[    5.767196] random 0060 0000 0000 fd637b06 6cf47bc1: added 1 entropy credits to input
[    5.771688] random 0061 0000 0000 fd637b06 6cf47bc1: add_disk_randomness(8:0) fd637b06 6cf47bc1
[    5.771691] random 0061 0000 0000 fd637b06 6cf47bc1: add_timer_randomness(.. 8388864) with jiffies: 8680258686242488916, cycles: 8680258681947815946
[    5.777267] random 0061 0000 0000 fd637b06 6cf47bc1: add_disk_randomness(8:0) fd637b06 6cf47bc1
[    5.777270] random 0061 0000 0000 fd637b06 6cf47bc1: add_timer_randomness(.. 8388864) with jiffies: 8730457593983238745, cycles: 8730457589688565770
[    5.783543] random 0061 0000 0000 fd637b06 6cf47bc1: add_disk_randomness(8:0) fd637b06 6cf47bc1
[    5.783546] random 0061 0000 0000 fd637b06 6cf47bc1: add_timer_randomness(.. 8388864) with jiffies: 8786928927797641823, cycles: 8786928923502968842
[    5.783560] random 0061 0000 0000 fd637b06 6cf47bc1: rand_read_num 12 get_random_bytes(16): sig 0000033b fd637b06 6cf47bc1
[    5.783562] random 0061 0000 0000 fd637b06 6cf47bc1: extract_entropy(.. 16 ..)
[    5.783565] random 0061 0000 0000 fd637b06 6cf47bc1: going to reseed nonblocking with 128 bits (128 of 0 requested)
[    5.783567] random 0061 0000 0000 fd637b06 6cf47bc1: extract_entropy(.. 16 ..)
[    5.783569] random 0061 0000 0000 fd637b06 6cf47bc1: trying to extract 128 bits from input
[    5.783571] random 0061 0000 0000 fd637b06 6cf47bc1: debiting 0 entropy credits from input
[    5.783573] random 0061 0000 0000 fd637b06 6cf47bc1: extract_entropy account returned: 0 
[    5.783576] random 0061 0000 0000 fd637b06 6cf47bc1: urand_change_num 50 xfer_secondary_pool(16): pool_sig 0000033b, data_sig 00000000, bytes_mixed 0 fd637b06 6cf47bc1
[    5.783579] random 0061 0000 0000 fd637b06 6cf47bc1: trying to extract 128 bits from nonblocking
[    5.783582] random 0061 0000 0000 fd637b06 6cf47bc1: debiting 128 entropy credits from nonblocking (unlimited)
[    5.783584] random 0061 0000 0000 fd637b06 6cf47bc1: extract_entropy account returned: 16 
[    5.783588] random 0061 0000 0000 fd637b06 6cf47bc1: urand_change_num 51 extract_buf: pool_sig 0000033b, data_sig 000000d8, bytes_mixed 20 fd637b06 6cf47bc1
[    5.783594] random 0061 0000 0000 0ec1f012 d4727ca8: urand_change_num 52 extract_buf: pool_sig fffffcf5, data_sig 00000016, bytes_mixed 20 0ec1f012 d4727ca8
[    5.790289] random 0061 0000 0000 45b1d0b1 845a73f7: add_disk_randomness(8:0) 45b1d0b1 845a73f7
[    5.790292] random 0061 0000 0000 45b1d0b1 845a73f7: add_timer_randomness(.. 8388864) with jiffies: 8847616128495354470, cycles: 8847616124200681482
[    5.797516] random 0061 0000 0000 45b1d0b1 845a73f7: add_disk_randomness(8:0) 45b1d0b1 845a73f7
[    5.797519] random 0061 0000 0000 45b1d0b1 845a73f7: add_timer_randomness(.. 8388864) with jiffies: 8912635357761864301, cycles: 8912635353467191306
[    5.803110] random 0061 0000 0000 45b1d0b1 845a73f7: add_disk_randomness(8:0) 45b1d0b1 845a73f7
[    5.803113] random 0061 0000 0000 45b1d0b1 845a73f7: add_timer_randomness(.. 8388864) with jiffies: 8962955576853889651, cycles: 8962955572559216650
[    5.814932] random 0061 0000 0000 45b1d0b1 845a73f7: add_disk_randomness(8:0) 45b1d0b1 845a73f7
[    5.814935] random 0061 0000 0000 45b1d0b1 845a73f7: add_timer_randomness(.. 8388864) with jiffies: 9069313612941329023, cycles: 9069313608646656010
[    5.814938] random 0061 0000 0000 45b1d0b1 845a73f7: added 2 entropy credits to input
[    5.818074] random 0063 0000 0000 45b1d0b1 845a73f7: add_disk_randomness(8:0) 45b1d0b1 845a73f7
[    5.818078] random 0063 0000 0000 45b1d0b1 845a73f7: add_timer_randomness(.. 8388864) with jiffies: 9097588946018992770, cycles: 9097588941724319754
[    5.818080] random 0063 0000 0000 45b1d0b1 845a73f7: added 1 entropy credits to input
[    5.832345] random 0064 0000 0000 45b1d0b1 845a73f7: add_disk_randomness(8:0) 45b1d0b1 845a73f7
[    5.832348] random 0064 0000 0000 45b1d0b1 845a73f7: add_timer_randomness(.. 8388864) with jiffies: 9225983888071557776, cycles: -9220760189932666870
[    5.832351] random 0064 0000 0000 45b1d0b1 845a73f7: added 3 entropy credits to input
[    5.837748] random 0067 0000 0000 45b1d0b1 845a73f7: add_disk_randomness(8:0) 45b1d0b1 845a73f7
[    5.837751] random 0067 0000 0000 45b1d0b1 845a73f7: add_timer_randomness(.. 8388864) with jiffies: 9274578191735554710, cycles: -9172165886268669942
[    5.837753] random 0067 0000 0000 45b1d0b1 845a73f7: added 2 entropy credits to input
[    5.842916] random 0069 0000 0000 45b1d0b1 845a73f7: add_disk_randomness(8:0) 45b1d0b1 845a73f7
[    5.842919] random 0069 0000 0000 45b1d0b1 845a73f7: add_timer_randomness(.. 8388864) with jiffies: 9321081344542605979, cycles: -9125662733461618678
[    5.851144] random 0069 0000 0000 45b1d0b1 845a73f7: add_disk_randomness(8:0) 45b1d0b1 845a73f7
[    5.851147] random 0069 0000 0000 45b1d0b1 845a73f7: add_timer_randomness(.. 8388864) with jiffies: 9395105483846288035, cycles: -9051638594157936630
[    5.851150] random 0069 0000 0000 45b1d0b1 845a73f7: added 1 entropy credits to input
[    5.860746] random 0070 0000 0000 45b1d0b1 845a73f7: add_disk_randomness(8:0) 45b1d0b1 845a73f7
[    5.860749] random 0070 0000 0000 45b1d0b1 845a73f7: add_timer_randomness(.. 8388864) with jiffies: 9481485479556383405, cycles: -8965258598447841270
[    5.880248] random 0070 0000 0000 45b1d0b1 845a73f7: add_disk_randomness(8:0) 45b1d0b1 845a73f7
[    5.880251] random 0070 0000 0000 45b1d0b1 845a73f7: add_timer_randomness(.. 8388864) with jiffies: 9656949633925743296, cycles: -8789794444078481398
[    5.880253] random 0070 0000 0000 45b1d0b1 845a73f7: added 2 entropy credits to input
[    5.893533] random 0072 0000 0000 45b1d0b1 845a73f7: add_disk_randomness(8:0) 45b1d0b1 845a73f7
[    5.893536] random 0072 0000 0000 45b1d0b1 845a73f7: add_timer_randomness(.. 8388864) with jiffies: 9776476941685850829, cycles: -8670267136318373878
[    5.893539] random 0072 0000 0000 45b1d0b1 845a73f7: added 2 entropy credits to input
[    5.901555] random 0074 0000 0000 45b1d0b1 845a73f7: add_disk_randomness(8:0) 45b1d0b1 845a73f7
[    5.901558] random 0074 0000 0000 45b1d0b1 845a73f7: add_timer_randomness(.. 8388864) with jiffies: 9848653540677616341, cycles: -8598090537326608374
[    5.911565] random 0074 0000 0000 45b1d0b1 845a73f7: add_disk_randomness(8:0) 45b1d0b1 845a73f7
[    5.911568] random 0074 0000 0000 45b1d0b1 845a73f7: add_timer_randomness(.. 8388864) with jiffies: 9938707331153625823, cycles: -8508036746850598902
[    5.911571] random 0074 0000 0000 45b1d0b1 845a73f7: added 1 entropy credits to input
[    5.924452] random 0075 0000 0000 45b1d0b1 845a73f7: add_disk_randomness(8:0) 45b1d0b1 845a73f7
[    5.924455] random 0075 0000 0000 45b1d0b1 845a73f7: add_timer_randomness(.. 8388864) with jiffies: 10054651579626914540, cycles: -8392092498377310198
[    5.931810] random 0075 0000 0000 45b1d0b1 845a73f7: add_disk_randomness(8:0) 45b1d0b1 845a73f7
[    5.931813] random 0075 0000 0000 45b1d0b1 845a73f7: add_timer_randomness(.. 8388864) with jiffies: 10120839413660091124, cycles: -8325904664344133622
[    5.931816] random 0075 0000 0000 45b1d0b1 845a73f7: added 2 entropy credits to input
[    5.937058] random 0077 0000 0000 45b1d0b1 845a73f7: add_disk_randomness(8:0) 45b1d0b1 845a73f7
[    5.937061] random 0077 0000 0000 45b1d0b1 845a73f7: add_timer_randomness(.. 8388864) with jiffies: 10168054062159463161, cycles: -8278690015844761590
[    5.937064] random 0077 0000 0000 45b1d0b1 845a73f7: added 1 entropy credits to input
[    5.943499] random 0078 0000 0000 45b1d0b1 845a73f7: add_disk_randomness(8:0) 45b1d0b1 845a73f7
[    5.943501] random 0078 0000 0000 45b1d0b1 845a73f7: add_timer_randomness(.. 8388864) with jiffies: 10226005531898381055, cycles: -8220738546105843702
[    5.948559] random 0078 0000 0000 45b1d0b1 845a73f7: add_disk_randomness(8:0) 45b1d0b1 845a73f7
[    5.948562] random 0078 0000 0000 45b1d0b1 845a73f7: add_timer_randomness(.. 8388864) with jiffies: 10271532825186108164, cycles: -8175211252818116598
[    5.954450] random 0078 0000 0000 45b1d0b1 845a73f7: add_disk_randomness(8:0) 45b1d0b1 845a73f7
[    5.954453] random 0078 0000 0000 45b1d0b1 845a73f7: add_timer_randomness(.. 8388864) with jiffies: 10324531634992022282, cycles: -8122212443012202486
[    5.963806] random 0078 0000 0000 45b1d0b1 845a73f7: add_disk_randomness(8:0) 45b1d0b1 845a73f7
[    5.963809] random 0078 0000 0000 45b1d0b1 845a73f7: add_timer_randomness(.. 8388864) with jiffies: 10408697179924038420, cycles: -8038046898080186358
[    5.963812] random 0078 0000 0000 45b1d0b1 845a73f7: added 1 entropy credits to input
[    5.968693] random 0079 0000 0000 45b1d0b1 845a73f7: add_disk_randomness(8:0) 45b1d0b1 845a73f7
[    5.968696] random 0079 0000 0000 45b1d0b1 845a73f7: add_timer_randomness(.. 8388864) with jiffies: 10452660503820600089, cycles: -7994083574183624694
[    5.968699] random 0079 0000 0000 45b1d0b1 845a73f7: added 2 entropy credits to input
[    5.976120] random 0081 0000 0000 45b1d0b1 845a73f7: add_disk_randomness(8:0) 45b1d0b1 845a73f7
[    5.976123] random 0081 0000 0000 45b1d0b1 845a73f7: add_timer_randomness(.. 8388864) with jiffies: 10519486913591345952, cycles: -7927257164412878838
[    5.976126] random 0081 0000 0000 45b1d0b1 845a73f7: added 1 entropy credits to input
[    5.982335] random 0082 0000 0000 45b1d0b1 845a73f7: add_disk_randomness(8:0) 45b1d0b1 845a73f7
[    5.982338] random 0082 0000 0000 45b1d0b1 845a73f7: add_timer_randomness(.. 8388864) with jiffies: 10575402156515099430, cycles: -7871341921489125366
[    5.982489] random 0082 0000 0000 45b1d0b1 845a73f7: add_disk_randomness(8:0) 45b1d0b1 845a73f7
[    5.982492] random 0082 0000 0000 45b1d0b1 845a73f7: add_timer_randomness(.. 8388864) with jiffies: 10576792909875217190, cycles: -7869951168129007606
[    5.996900] random 0082 0000 0000 45b1d0b1 845a73f7: add_disk_randomness(8:0) 45b1d0b1 845a73f7
[    5.996903] random 0082 0000 0000 45b1d0b1 845a73f7: add_timer_randomness(.. 8388864) with jiffies: 10706433255004668725, cycles: -7740310822999556086
[    5.996906] random 0082 0000 0000 45b1d0b1 845a73f7: added 3 entropy credits to input
[    6.004316] random 0085 0000 0000 45b1d0b1 845a73f7: add_disk_randomness(8:0) 45b1d0b1 845a73f7
[    6.004319] random 0085 0000 0000 45b1d0b1 845a73f7: add_timer_randomness(.. 8388864) with jiffies: 10773161305729368892, cycles: -7673582772274855926
[    6.004321] random 0085 0000 0000 45b1d0b1 845a73f7: added 2 entropy credits to input
[    6.014000] random 0087 0000 0000 45b1d0b1 845a73f7: add_disk_randomness(8:0) 45b1d0b1 845a73f7
[    6.014003] random 0087 0000 0000 45b1d0b1 845a73f7: add_timer_randomness(.. 8388864) with jiffies: 10860286353711268678, cycles: -7586457724292956150
[    6.014006] random 0087 0000 0000 45b1d0b1 845a73f7: added 1 entropy credits to input
[    6.024630] random 0088 0000 0000 45b1d0b1 845a73f7: add_disk_randomness(8:0) 45b1d0b1 845a73f7
[    6.024633] random 0088 0000 0000 45b1d0b1 845a73f7: add_timer_randomness(.. 8388864) with jiffies: 10955917219350676305, cycles: -7490826858653548534
[    6.037148] random 0088 0000 0000 45b1d0b1 845a73f7: add_disk_randomness(8:0) 45b1d0b1 845a73f7
[    6.037151] random 0088 0000 0000 45b1d0b1 845a73f7: add_timer_randomness(.. 8388864) with jiffies: 11068540783794291549, cycles: -7378203294209933302
[    6.038357] random 0088 0000 0000 45b1d0b1 845a73f7: add_disk_randomness(8:0) 45b1d0b1 845a73f7
[    6.038360] random 0088 0000 0000 45b1d0b1 845a73f7: add_timer_randomness(.. 8388864) with jiffies: 11079420876552897374, cycles: -7367323201451327478
[    6.042369] random 0088 0000 0000 45b1d0b1 845a73f7: add_disk_randomness(8:0) 45b1d0b1 845a73f7
[    6.042372] random 0088 0000 0000 45b1d0b1 845a73f7: add_timer_randomness(.. 8388864) with jiffies: 11115513440951305058, cycles: -7331230637052919798
[    6.042374] random 0088 0000 0000 45b1d0b1 845a73f7: added 1 entropy credits to input
[    6.051711] random 0089 0000 0000 45b1d0b1 845a73f7: add_disk_randomness(8:0) 45b1d0b1 845a73f7
[    6.051714] random 0089 0000 0000 45b1d0b1 845a73f7: add_timer_randomness(.. 8388864) with jiffies: 11199555780451468140, cycles: -7247188297552756726
[    6.051717] random 0089 0000 0000 45b1d0b1 845a73f7: added 1 entropy credits to input
[    6.052062] random 0090 0000 0000 45b1d0b1 845a73f7: add_disk_randomness(8:0) 45b1d0b1 845a73f7
[    6.052065] random 0090 0000 0000 45b1d0b1 845a73f7: add_timer_randomness(.. 8388864) with jiffies: 11202715690970350444, cycles: -7244028387033874422
[    6.067724] random 0090 0000 0000 45b1d0b1 845a73f7: add_disk_randomness(8:0) 45b1d0b1 845a73f7
[    6.067727] random 0090 0000 0000 45b1d0b1 845a73f7: add_timer_randomness(.. 8388864) with jiffies: 11343618647235724156, cycles: -7103125430768500726
[    6.067729] random 0090 0000 0000 45b1d0b1 845a73f7: added 4 entropy credits to input
[    6.069353] random 0094 0000 0000 45b1d0b1 845a73f7: add_disk_randomness(8:0) 45b1d0b1 845a73f7
[    6.069356] random 0094 0000 0000 45b1d0b1 845a73f7: add_timer_randomness(.. 8388864) with jiffies: 11358290195389318013, cycles: -7088453882614906870
[    6.069498] random 0094 0000 0000 45b1d0b1 845a73f7: add_disk_randomness(8:0) 45b1d0b1 845a73f7
[    6.069501] random 0094 0000 0000 45b1d0b1 845a73f7: add_timer_randomness(.. 8388864) with jiffies: 11359595079468286845, cycles: -7087148998535938038
[    6.080376] random 0094 0000 0000 45b1d0b1 845a73f7: add_disk_randomness(8:0) 45b1d0b1 845a73f7
[    6.080379] random 0094 0000 0000 45b1d0b1 845a73f7: add_timer_randomness(.. 8388864) with jiffies: 11457460376073634696, cycles: -6989283701930590198
[    6.080382] random 0094 0000 0000 45b1d0b1 845a73f7: added 3 entropy credits to input
[    6.080943] random 0097 0000 0000 45b1d0b1 845a73f7: add_disk_randomness(8:0) 45b1d0b1 845a73f7
[    6.080946] random 0097 0000 0000 45b1d0b1 845a73f7: add_timer_randomness(.. 8388864) with jiffies: 11462555452827206537, cycles: -6984188625177018358
[    6.086173] random 0097 0000 0000 45b1d0b1 845a73f7: add_disk_randomness(8:0) 45b1d0b1 845a73f7
[    6.086176] random 0097 0000 0000 45b1d0b1 845a73f7: add_timer_randomness(.. 8388864) with jiffies: 11509607974901089166, cycles: -6937136103103135734
[    6.086179] random 0097 0000 0000 45b1d0b1 845a73f7: added 2 entropy credits to input
[    6.087967] random 0099 0000 0000 45b1d0b1 845a73f7: add_disk_randomness(8:0) 45b1d0b1 845a73f7
[    6.087970] random 0099 0000 0000 45b1d0b1 845a73f7: add_timer_randomness(.. 8388864) with jiffies: 11525750188576310160, cycles: -6920993889427914742
[    6.087973] random 0099 0000 0000 45b1d0b1 845a73f7: added 1 entropy credits to input
[    6.098157] random 0100 0000 0000 45b1d0b1 845a73f7: add_disk_randomness(8:0) 45b1d0b1 845a73f7
[    6.098160] random 0100 0000 0000 45b1d0b1 845a73f7: add_timer_randomness(.. 8388864) with jiffies: 11617425354976363418, cycles: -6829318723027861494
[    6.098163] random 0100 0000 0000 45b1d0b1 845a73f7: added 3 entropy credits to input
[    6.112091] random 0103 0000 0000 45b1d0b1 845a73f7: add_disk_randomness(8:0) 45b1d0b1 845a73f7
[    6.112094] random 0103 0000 0000 45b1d0b1 845a73f7: add_timer_randomness(.. 8388864) with jiffies: 11742787470297367464, cycles: -6703956607706857462
[    6.112097] random 0103 0000 0000 45b1d0b1 845a73f7: added 2 entropy credits to input
[    6.124609] random 0105 0000 0000 45b1d0b1 845a73f7: add_disk_randomness(8:0) 45b1d0b1 845a73f7
[    6.124612] random 0105 0000 0000 45b1d0b1 845a73f7: add_timer_randomness(.. 8388864) with jiffies: 11855396784039494581, cycles: -6591347293964730358
[    6.130426] random 0105 0000 0000 45b1d0b1 845a73f7: add_disk_randomness(8:0) 45b1d0b1 845a73f7
