[    0.000000] random 0000 0000 0000 00000000 00000000: rand_read_num 1 get_random_bytes(8): sig 00000000 00000000 00000000
[    0.000000] random 0000 0000 0000 00000000 00000000: extract_entropy(.. 8 ..)
[    0.000000] random 0000 0000 0000 00000000 00000000: going to reseed nonblocking with 64 bits (64 of 0 requested)
[    0.000000] random 0000 0000 0000 00000000 00000000: extract_entropy(.. 8 ..)
[    0.000000] random 0000 0000 0000 00000000 00000000: trying to extract 64 bits from input
[    0.000000] random 0000 0000 0000 00000000 00000000: debiting 0 entropy credits from input
[    0.000000] random 0000 0000 0000 00000000 00000000: extract_entropy account returned: 0 
[    0.000000] random 0000 0000 0000 00000000 00000000: urand_change_num 1 xfer_secondary_pool(8): pool_sig 00000000, data_sig 00000000, bytes_mixed 0 00000000 00000000
[    0.000000] random 0000 0000 0000 00000000 00000000: trying to extract 64 bits from nonblocking
[    0.000000] random 0000 0000 0000 00000000 00000000: debiting 64 entropy credits from nonblocking (unlimited)
[    0.000000] random 0000 0000 0000 00000000 00000000: extract_entropy account returned: 8 
[    0.000000] random 0000 0000 0000 00000000 00000000: urand_change_num 2 extract_buf: pool_sig 00000000, data_sig fffffff9, bytes_mixed 20 00000000 00000000
[    0.000000] Linux version 2.6.32.57 (dcashman@dcashman-02) (gcc version 4.3.3 (GCC) ) #6 Thu May 30 09:02:12 PDT 2013
[    0.000000] KERNEL supported cpus:
[    0.000000]   Intel GenuineIntel
[    0.000000]   AMD AuthenticAMD
[    0.000000]   NSC Geode by NSC
[    0.000000]   Cyrix CyrixInstead
[    0.000000]   Centaur CentaurHauls
[    0.000000]   Transmeta GenuineTMx86
[    0.000000]   Transmeta TransmetaCPU
[    0.000000]   UMC UMC UMC UMC
[    0.000000] BIOS-provided physical RAM map:
[    0.000000]  BIOS-e820: 0000000000000000 - 000000000009d800 (usable)
[    0.000000]  BIOS-e820: 000000000009d800 - 00000000000a0000 (reserved)
[    0.000000]  BIOS-e820: 00000000000d2000 - 00000000000d4000 (reserved)
[    0.000000]  BIOS-e820: 00000000000e0000 - 0000000000100000 (reserved)
[    0.000000]  BIOS-e820: 0000000000100000 - 000000003d6b0000 (usable)
[    0.000000]  BIOS-e820: 000000003d6b0000 - 000000003d6cc000 (ACPI data)
[    0.000000]  BIOS-e820: 000000003d6cc000 - 000000003d700000 (ACPI NVS)
[    0.000000]  BIOS-e820: 000000003d700000 - 000000003e000000 (reserved)
[    0.000000]  BIOS-e820: 00000000f0000000 - 00000000f4000000 (reserved)
[    0.000000]  BIOS-e820: 00000000fec00000 - 00000000fec10000 (reserved)
[    0.000000]  BIOS-e820: 00000000fed00000 - 00000000fed00400 (reserved)
[    0.000000]  BIOS-e820: 00000000fed14000 - 00000000fed1a000 (reserved)
[    0.000000]  BIOS-e820: 00000000fed1c000 - 00000000fed90000 (reserved)
[    0.000000]  BIOS-e820: 00000000fee00000 - 00000000fee01000 (reserved)
[    0.000000]  BIOS-e820: 00000000ff000000 - 0000000100000000 (reserved)
[    0.000000] DMI present.
[    0.000000] last_pfn = 0x3d6b0 max_arch_pfn = 0x100000
[    0.000000] MTRR default type: uncachable
[    0.000000] MTRR fixed ranges enabled:
[    0.000000]   00000-9FFFF write-back
[    0.000000]   A0000-BFFFF uncachable
[    0.000000]   C0000-CFFFF write-protect
[    0.000000]   D0000-DFFFF uncachable
[    0.000000]   E0000-FFFFF write-protect
[    0.000000] MTRR variable ranges enabled:
[    0.000000]   0 base 03E000000 mask FFE000000 uncachable
[    0.000000]   1 base 000000000 mask FC0000000 write-back
[    0.000000]   2 base 03D700000 mask FFFF00000 uncachable
[    0.000000]   3 base 03D800000 mask FFF800000 uncachable
[    0.000000]   4 disabled
[    0.000000]   5 disabled
[    0.000000]   6 disabled
[    0.000000]   7 disabled
[    0.000000] initial memory mapped : 0 - 02000000
[    0.000000] init_memory_mapping: 0000000000000000-00000000377fe000
[    0.000000]  0000000000 - 0000400000 page 4k
[    0.000000]  0000400000 - 0037400000 page 2M
[    0.000000]  0037400000 - 00377fe000 page 4k
[    0.000000] kernel direct mapping tables up to 377fe000 @ 7000-c000
[    0.000000] ACPI: RSDP 000f68d0 00024 (v02 LENOVO)
[    0.000000] ACPI: XSDT 3d6bb77f 00094 (v01 LENOVO TP-7L    00002170  LTP 00000000)
[    0.000000] ACPI: FACP 3d6bb900 000F4 (v03 LENOVO TP-7L    00002170 LNVO 00000001)
[    0.000000] ACPI Warning: 32/64X length mismatch in Gpe1Block: 0/32 (20090903/tbfadt-526)
[    0.000000] ACPI Warning: Optional field Gpe1Block has zero address or length: 000000000000102C/0 (20090903/tbfadt-557)
[    0.000000] ACPI: DSDT 3d6bbd1d 0FED1 (v01 LENOVO TP-7L    00002170 MSFT 03000000)
[    0.000000] ACPI: FACS 3d6e4000 00040
[    0.000000] ACPI: SSDT 3d6bbab4 00269 (v01 LENOVO TP-7L    00002170 MSFT 03000000)
[    0.000000] ACPI: ECDT 3d6cbbee 00052 (v01 LENOVO TP-7L    00002170 LNVO 00000001)
[    0.000000] ACPI: TCPA 3d6cbc40 00032 (v02 LENOVO TP-7L    00002170 LNVO 00000001)
[    0.000000] ACPI: APIC 3d6cbc72 00068 (v01 LENOVO TP-7L    00002170 LNVO 00000001)
[    0.000000] ACPI: MCFG 3d6cbcda 0003C (v01 LENOVO TP-7L    00002170 LNVO 00000001)
[    0.000000] ACPI: HPET 3d6cbd16 00038 (v01 LENOVO TP-7L    00002170 LNVO 00000001)
[    0.000000] ACPI: SLIC 3d6cbdf0 00176 (v01 LENOVO TP-7L    00002170  LTP 00000000)
[    0.000000] ACPI: BOOT 3d6cbf66 00028 (v01 LENOVO TP-7L    00002170  LTP 00000001)
[    0.000000] ACPI: ASF! 3d6cbf8e 00072 (v16 LENOVO TP-7L    00002170 PTL  00000001)
[    0.000000] ACPI: SSDT 3d6e26d9 0025F (v01 LENOVO TP-7L    00002170 INTL 20050513)
[    0.000000] ACPI: SSDT 3d6e2938 000A6 (v01 LENOVO TP-7L    00002170 INTL 20050513)
[    0.000000] ACPI: SSDT 3d6e29de 004F7 (v01 LENOVO TP-7L    00002170 INTL 20050513)
[    0.000000] ACPI: SSDT 3d6e2ed5 001D8 (v01 LENOVO TP-7L    00002170 INTL 20050513)
[    0.000000] ACPI: DMI detected: Lenovo ThinkPad R61
[    0.000000] ACPI: Added _OSI(Linux)
[    0.000000] ACPI: Local APIC address 0xfee00000
[    0.000000] 94MB HIGHMEM available.
[    0.000000] 887MB LOWMEM available.
[    0.000000]   mapped low ram: 0 - 377fe000
[    0.000000]   low ram: 0 - 377fe000
[    0.000000]   node 0 low ram: 00000000 - 377fe000
[    0.000000]   node 0 bootmap 00008000 - 0000ef00
[    0.000000] (6 early reservations) ==> bootmem [0000000000 - 00377fe000]
[    0.000000]   #0 [0000000000 - 0000001000]   BIOS data page ==> [0000000000 - 0000001000]
[    0.000000]   #1 [0001000000 - 0001bdc180]    TEXT DATA BSS ==> [0001000000 - 0001bdc180]
[    0.000000]   #2 [000009d800 - 0000100000]    BIOS reserved ==> [000009d800 - 0000100000]
[    0.000000]   #3 [0001bdd000 - 0001be516c]              BRK ==> [0001bdd000 - 0001be516c]
[    0.000000]   #4 [0000007000 - 0000008000]          PGTABLE ==> [0000007000 - 0000008000]
[    0.000000]   #5 [0000008000 - 000000f000]          BOOTMAP ==> [0000008000 - 000000f000]
[    0.000000] found SMP MP-table at [c00f6900] f6900
[    0.000000] Zone PFN ranges:
[    0.000000]   DMA      0x00000000 -> 0x00001000
[    0.000000]   Normal   0x00001000 -> 0x000377fe
[    0.000000]   HighMem  0x000377fe -> 0x0003d6b0
[    0.000000] Movable zone start PFN for each node
[    0.000000] early_node_map[2] active PFN ranges
[    0.000000]     0: 0x00000000 -> 0x0000009d
[    0.000000]     0: 0x00000100 -> 0x0003d6b0
[    0.000000] On node 0 totalpages: 251469
[    0.000000] free_area_init_node: node 0, pgdat c1901ea0, node_mem_map c1be7000
[    0.000000]   DMA zone: 32 pages used for memmap
[    0.000000]   DMA zone: 0 pages reserved
[    0.000000]   DMA zone: 3965 pages, LIFO batch:0
[    0.000000]   Normal zone: 1744 pages used for memmap
[    0.000000]   Normal zone: 221486 pages, LIFO batch:31
[    0.000000]   HighMem zone: 190 pages used for memmap
[    0.000000]   HighMem zone: 24052 pages, LIFO batch:3
[    0.000000] Using APIC driver default
[    0.000000] ACPI: PM-Timer IO Port: 0x1008
[    0.000000] ACPI: Local APIC address 0xfee00000
[    0.000000] ACPI: LAPIC (acpi_id[0x00] lapic_id[0x00] enabled)
[    0.000000] ACPI: LAPIC (acpi_id[0x01] lapic_id[0x01] enabled)
[    0.000000] ACPI: NR_CPUS/possible_cpus limit of 1 reached.  Processor 1/0x1 ignored.
[    0.000000] ACPI: LAPIC_NMI (acpi_id[0x00] high edge lint[0x1])
[    0.000000] ACPI: LAPIC_NMI (acpi_id[0x01] high edge lint[0x1])
[    0.000000] ACPI: IOAPIC (id[0x01] address[0xfec00000] gsi_base[0])
[    0.000000] IOAPIC[0]: apic_id 1, version 32, address 0xfec00000, GSI 0-23
[    0.000000] ACPI: INT_SRC_OVR (bus 0 bus_irq 0 global_irq 2 dfl dfl)
[    0.000000] ACPI: INT_SRC_OVR (bus 0 bus_irq 9 global_irq 9 high level)
[    0.000000] ACPI: IRQ0 used by override.
[    0.000000] ACPI: IRQ2 used by override.
[    0.000000] ACPI: IRQ9 used by override.
[    0.000000] Using ACPI (MADT) for SMP configuration information
[    0.000000] ACPI: HPET id: 0x8086a201 base: 0xfed00000
[    0.000000] nr_irqs_gsi: 24
[    0.000000] PM: Registered nosave memory: 000000000009d000 - 000000000009e000
[    0.000000] PM: Registered nosave memory: 000000000009e000 - 00000000000a0000
[    0.000000] PM: Registered nosave memory: 00000000000a0000 - 00000000000d2000
[    0.000000] PM: Registered nosave memory: 00000000000d2000 - 00000000000d4000
[    0.000000] PM: Registered nosave memory: 00000000000d4000 - 00000000000e0000
[    0.000000] PM: Registered nosave memory: 00000000000e0000 - 0000000000100000
[    0.000000] Allocating PCI resources starting at 3e000000 (gap: 3e000000:b2000000)
[    0.000000] Built 1 zonelists in Zone order, mobility grouping on.  Total pages: 249503
[    0.000000] Kernel command line: auto BOOT_IMAGE=Linux ro root=802 vt.default_utf8=0 maxcpus=0
[    0.000000] PID hash table entries: 4096 (order: 2, 16384 bytes)
[    0.000000] Dentry cache hash table entries: 131072 (order: 7, 524288 bytes)
[    0.000000] Inode-cache hash table entries: 65536 (order: 6, 262144 bytes)
[    0.000000] Enabling fast FPU save and restore... done.
[    0.000000] Enabling unmasked SIMD FPU exception support... done.
[    0.000000] Initializing CPU#0
[    0.000000] Initializing HighMem for node 0 (000377fe:0003d6b0)
[    0.000000] Memory: 984800k/1006272k available (6915k kernel code, 20876k reserved, 2327k data, 448k init, 96968k highmem)
[    0.000000] virtual kernel memory layout:
[    0.000000]     fixmap  : 0xfffa3000 - 0xfffff000   ( 368 kB)
[    0.000000]     pkmap   : 0xff800000 - 0xffc00000   (4096 kB)
[    0.000000]     vmalloc : 0xf7ffe000 - 0xff7fe000   ( 120 MB)
[    0.000000]     lowmem  : 0xc0000000 - 0xf77fe000   ( 887 MB)
[    0.000000]       .init : 0xc1907000 - 0xc1977000   ( 448 kB)
[    0.000000]       .data : 0xc16c0d3f - 0xc1906c64   (2327 kB)
[    0.000000]       .text : 0xc1000000 - 0xc16c0d3f   (6915 kB)
[    0.000000] Checking if this processor honours the WP bit even in supervisor mode...Ok.
[    0.000000] SLUB: Genslabs=13, HWalign=64, Order=0-3, MinObjects=0, CPUs=1, Nodes=1
[    0.000000] Hierarchical RCU implementation.
[    0.000000] NR_IRQS:288
[    0.000000] Extended CMOS year: 2000
[    0.000000] Console: colour VGA+ 80x25
[    0.000000] console [tty0] enabled
[    0.000000] hpet clockevent registered
[    0.000000] Fast TSC calibration using PIT
[    0.000000] Detected 2094.699 MHz processor.
[    0.001001] Calibrating delay loop (skipped), value calculated using timer frequency.. 4189.39 BogoMIPS (lpj=2094699)
[    0.001170] Security Framework initialized
[    0.001254] Mount-cache hash table entries: 512
[    0.002069] CPU: L1 I cache: 32K, L1 D cache: 32K
[    0.002198] CPU: L2 cache: 3072K
[    0.002278] mce: CPU supports 6 MCE banks
[    0.002359] CPU0: Thermal monitoring enabled (TM2)
[    0.002442] using mwait in idle threads.
[    0.002526] CPU: Intel(R) Core(TM)2 Duo CPU     T8100  @ 2.10GHz stepping 06
[    0.002697] Checking 'hlt' instruction... OK.
[    0.006936] ACPI: Core revision 20090903
[    0.026009] RANDOM get_random_int first call with cycles 32595455854, jiffies 4294667322 and pid 0
[    0.026017] CANARY value: 378f226b for PID: 1
[    0.026024] CANARY value: 13756285 for PID: 2
[    0.026047] Enabling APIC mode:  Flat.  Using 1 I/O APICs
[    0.027219] ..TIMER: vector=0x30 apic1=0 pin1=2 apic2=-1 pin2=-1
[    0.037997] xor: automatically using best checksumming function: pIII_sse
[    0.041998]    pIII_sse  :  8568.000 MB/sec
[    0.042077] xor: using function: pIII_sse (8568.000 MB/sec)
[    0.042172] RANDOM - __seed init called.
[    0.042173] RANDOM - __seed init called.
[    0.042174] RANDOM - __seed init called.
[    0.042176] RANDOM - __random32 called. Change num 1.  Value: f7943846	49e73df3	af36cd0d
[    0.042178] RANDOM - __random32 called. Change num 2.  Value: 43846e13	9e73df37	9a1ad014
[    0.042180] RANDOM - __random32 called. Change num 3.  Value: 46e139c8	e73df373	a029598a
[    0.042181] RANDOM - __random32 called. Change num 4.  Value: 139c8c3b	73df373d	b3142c72
[    0.042183] RANDOM - __random32 called. Change num 5.  Value: c8c3b043	3df373de	58e576a9
[    0.042185] RANDOM - __random32 called. Change num 6.  Value: 3b0437d9	df373de5	ed53f9d8
[    0.042187] RANDOM - random32 init called.  Value: 3b0437d9	df373de5	ed53f9d8
[    0.042204] NET: Registered protocol family 16
[    0.042455] ACPI FADT declares the system doesn't support PCIe ASPM, so disable it
[    0.042568] ACPI: bus type pci registered
[    0.042731] PCI: MCFG configuration 0: base f0000000 segment 0 buses 0 - 63
[    0.042820] PCI: MCFG area at f0000000 reserved in E820
[    0.042910] PCI: Using MMCONFIG for extended config space
[    0.042991] PCI: Using configuration type 1 for base access
[    0.046095] bio: create slab <bio-0> at 0
[    0.046904] ACPI: EC: EC description table is found, configuring boot EC
[    0.052074] ACPI: BIOS _OSI(Linux) query honored via DMI
[    0.052801] random 0000 0000 0000 00000000 00000000: rand_read_num 2 get_random_bytes(8): sig fffffe1a 00000000 00000000
[    0.052804] random 0000 0000 0000 00000000 00000000: extract_entropy(.. 8 ..)
[    0.052807] random 0000 0000 0000 00000000 00000000: going to reseed nonblocking with 64 bits (64 of 0 requested)
[    0.052809] random 0000 0000 0000 00000000 00000000: extract_entropy(.. 8 ..)
[    0.052811] random 0000 0000 0000 00000000 00000000: trying to extract 64 bits from input
[    0.052813] random 0000 0000 0000 00000000 00000000: debiting 0 entropy credits from input
[    0.052815] random 0000 0000 0000 00000000 00000000: extract_entropy account returned: 0 
[    0.052818] random 0000 0000 0000 00000000 00000000: urand_change_num 3 xfer_secondary_pool(8): pool_sig fffffe1a, data_sig 00000000, bytes_mixed 0 00000000 00000000
[    0.052821] random 0000 0000 0000 00000000 00000000: trying to extract 64 bits from nonblocking
[    0.052824] random 0000 0000 0000 00000000 00000000: debiting 64 entropy credits from nonblocking (unlimited)
[    0.052850] random 0000 0000 0000 00000000 00000000: extract_entropy account returned: 8 
[    0.052854] random 0000 0000 0000 00000000 00000000: urand_change_num 4 extract_buf: pool_sig fffffe1a, data_sig fffffed7, bytes_mixed 20 00000000 00000000
[    0.057593] ACPI: Interpreter enabled
[    0.057672] ACPI: (supports S0 S3 S4 S5)
[    0.057974] ACPI: Using IOAPIC for interrupt routing
[    0.067435] ACPI: EC: GPE = 0x12, I/O: command/status = 0x66, data = 0x62
[    0.067722] ACPI: Power Resource [PUBS] (on)
[    0.069897] ACPI: ACPI Dock Station Driver: 3 docks/bays found
[    0.070315] ACPI: PCI Root Bridge [PCI0] (0000:00)
[    0.070476] pci 0000:00:02.0: reg 10 64bit mmio: [0xf8100000-0xf81fffff]
[    0.070482] pci 0000:00:02.0: reg 18 64bit mmio pref: [0xe0000000-0xefffffff]
[    0.070486] pci 0000:00:02.0: reg 20 io port: [0x1800-0x1807]
[    0.070521] pci 0000:00:02.1: reg 10 64bit mmio: [0xf8200000-0xf82fffff]
[    0.070620] pci 0000:00:19.0: reg 10 32bit mmio: [0xfe000000-0xfe01ffff]
[    0.070630] pci 0000:00:19.0: reg 14 32bit mmio: [0xfe025000-0xfe025fff]
[    0.070637] pci 0000:00:19.0: reg 18 io port: [0x1840-0x185f]
[    0.070703] pci 0000:00:19.0: PME# supported from D0 D3hot D3cold
[    0.070791] pci 0000:00:19.0: PME# disabled
[    0.070946] pci 0000:00:1a.0: reg 20 io port: [0x1860-0x187f]
[    0.071046] pci 0000:00:1a.1: reg 20 io port: [0x1880-0x189f]
[    0.071125] pci 0000:00:1a.7: reg 10 32bit mmio: [0xfe226c00-0xfe226fff]
[    0.071212] pci 0000:00:1a.7: PME# supported from D0 D3hot D3cold
[    0.071303] pci 0000:00:1a.7: PME# disabled
[    0.071442] pci 0000:00:1b.0: reg 10 64bit mmio: [0xfe020000-0xfe023fff]
[    0.071524] pci 0000:00:1b.0: PME# supported from D0 D3hot D3cold
[    0.071607] pci 0000:00:1b.0: PME# disabled
[    0.071811] pci 0000:00:1c.0: PME# supported from D0 D3hot D3cold
[    0.071894] pci 0000:00:1c.0: PME# disabled
[    0.072096] pci 0000:00:1c.1: PME# supported from D0 D3hot D3cold
[    0.072189] pci 0000:00:1c.1: PME# disabled
[    0.072388] pci 0000:00:1c.2: PME# supported from D0 D3hot D3cold
[    0.072489] pci 0000:00:1c.2: PME# disabled
[    0.072687] pci 0000:00:1c.3: PME# supported from D0 D3hot D3cold
[    0.072773] pci 0000:00:1c.3: PME# disabled
[    0.073118] pci 0000:00:1c.4: PME# supported from D0 D3hot D3cold
[    0.073203] pci 0000:00:1c.4: PME# disabled
[    0.073365] pci 0000:00:1d.0: reg 20 io port: [0x18a0-0x18bf]
[    0.073433] pci 0000:00:1d.1: reg 20 io port: [0x18c0-0x18df]
[    0.074047] pci 0000:00:1d.2: reg 20 io port: [0x18e0-0x18ff]
[    0.074150] pci 0000:00:1d.7: reg 10 32bit mmio: [0xfe227000-0xfe2273ff]
[    0.074249] pci 0000:00:1d.7: PME# supported from D0 D3hot D3cold
[    0.074333] pci 0000:00:1d.7: PME# disabled
[    0.074606] pci 0000:00:1f.0: quirk: region 1000-107f claimed by ICH6 ACPI/GPIO/TCO
[    0.074726] pci 0000:00:1f.0: quirk: region 1180-11bf claimed by ICH6 GPIO
[    0.074819] pci 0000:00:1f.0: ICH7 LPC Generic IO decode 1 PIO at 1600 (mask 007f)
[    0.074941] pci 0000:00:1f.0: ICH7 LPC Generic IO decode 2 PIO at 15e0 (mask 000f)
[    0.074996] pci 0000:00:1f.0: ICH7 LPC Generic IO decode 3 PIO at 1680 (mask 001f)
[    0.075195] pci 0000:00:1f.1: reg 10 io port: [0x00-0x07]
[    0.075207] pci 0000:00:1f.1: reg 14 io port: [0x00-0x03]
[    0.075218] pci 0000:00:1f.1: reg 18 io port: [0x00-0x07]
[    0.075228] pci 0000:00:1f.1: reg 1c io port: [0x00-0x03]
[    0.075239] pci 0000:00:1f.1: reg 20 io port: [0x1c00-0x1c0f]
[    0.075317] pci 0000:00:1f.2: reg 10 io port: [0x1c50-0x1c57]
[    0.075326] pci 0000:00:1f.2: reg 14 io port: [0x1c44-0x1c47]
[    0.075335] pci 0000:00:1f.2: reg 18 io port: [0x1c48-0x1c4f]
[    0.075343] pci 0000:00:1f.2: reg 1c io port: [0x1c40-0x1c43]
[    0.075352] pci 0000:00:1f.2: reg 20 io port: [0x1c20-0x1c3f]
[    0.075360] pci 0000:00:1f.2: reg 24 32bit mmio: [0xfe226000-0xfe2267ff]
[    0.075419] pci 0000:00:1f.2: PME# supported from D3hot
[    0.075507] pci 0000:00:1f.2: PME# disabled
[    0.075625] pci 0000:00:1f.3: reg 10 32bit mmio: [0xfe227400-0xfe2274ff]
[    0.075650] pci 0000:00:1f.3: reg 20 io port: [0x1c60-0x1c7f]
[    0.075743] pci 0000:00:1c.0: bridge io port: [0x2000-0x2fff]
[    0.075749] pci 0000:00:1c.0: bridge 32bit mmio: [0xfc000000-0xfdffffff]
[    0.075757] pci 0000:00:1c.0: bridge 64bit mmio pref: [0xf8000000-0xf80fffff]
[    0.075830] pci 0000:03:00.0: reg 10 64bit mmio: [0xdf3f0000-0xdf3fffff]
[    0.076107] pci 0000:00:1c.1: bridge io port: [0x3000-0x3fff]
[    0.076114] pci 0000:00:1c.1: bridge 32bit mmio: [0xdc000000-0xdf3fffff]
[    0.076123] pci 0000:00:1c.1: bridge 64bit mmio pref: [0xdfe00000-0xdfefffff]
[    0.076181] pci 0000:00:1c.2: bridge io port: [0x4000-0x4fff]
[    0.076187] pci 0000:00:1c.2: bridge 32bit mmio: [0xd8000000-0xd9ffffff]
[    0.076197] pci 0000:00:1c.2: bridge 64bit mmio pref: [0xdfb00000-0xdfbfffff]
[    0.076253] pci 0000:00:1c.3: bridge io port: [0x5000-0x5fff]
[    0.076257] pci 0000:00:1c.3: bridge 32bit mmio: [0xd4000000-0xd5ffffff]
[    0.076267] pci 0000:00:1c.3: bridge 64bit mmio pref: [0xdf800000-0xdf8fffff]
[    0.076323] pci 0000:00:1c.4: bridge io port: [0x6000-0x6fff]
[    0.076330] pci 0000:00:1c.4: bridge 32bit mmio: [0xd0000000-0xd1ffffff]
[    0.076339] pci 0000:00:1c.4: bridge 64bit mmio pref: [0xdf500000-0xdf5fffff]
[    0.076398] pci 0000:15:00.0: reg 10 32bit mmio: [0xf8300000-0xf8300fff]
[    0.076446] pci 0000:15:00.0: supports D1 D2
[    0.076447] pci 0000:15:00.0: PME# supported from D0 D1 D2 D3hot D3cold
[    0.076534] pci 0000:15:00.0: PME# disabled
[    0.076687] pci 0000:15:00.1: reg 10 32bit mmio: [0xf8301000-0xf83017ff]
[    0.076782] pci 0000:15:00.1: supports D1 D2
[    0.076784] pci 0000:15:00.1: PME# supported from D0 D1 D2 D3hot D3cold
[    0.076874] pci 0000:15:00.1: PME# disabled
[    0.077049] pci 0000:00:1e.0: transparent bridge
[    0.077139] pci 0000:00:1e.0: bridge io port: [0x7000-0xafff]
[    0.077144] pci 0000:00:1e.0: bridge 32bit mmio: [0xf8300000-0xfbffffff]
[    0.077151] pci 0000:00:1e.0: bridge 64bit mmio pref: [0xf4000000-0xf7ffffff]
[    0.077214] pci_bus 0000:00: on NUMA node 0
[    0.077218] ACPI: PCI Interrupt Routing Table [\_SB_.PCI0._PRT]
[    0.077351] ACPI: PCI Interrupt Routing Table [\_SB_.PCI0.EXP0._PRT]
[    0.077410] ACPI: PCI Interrupt Routing Table [\_SB_.PCI0.EXP1._PRT]
[    0.077468] ACPI: PCI Interrupt Routing Table [\_SB_.PCI0.EXP2._PRT]
[    0.077526] ACPI: PCI Interrupt Routing Table [\_SB_.PCI0.EXP3._PRT]
[    0.077589] ACPI: PCI Interrupt Routing Table [\_SB_.PCI0.EXP4._PRT]
[    0.077651] ACPI: PCI Interrupt Routing Table [\_SB_.PCI0.PCI1._PRT]
[    0.083132] ACPI: PCI Interrupt Link [LNKA] (IRQs 3 4 5 6 7 9 *10 11)
[    0.083855] ACPI: PCI Interrupt Link [LNKB] (IRQs 3 4 5 6 7 9 10 *11)
[    0.084587] ACPI: PCI Interrupt Link [LNKC] (IRQs 3 4 5 6 7 9 10 *11)
[    0.085336] ACPI: PCI Interrupt Link [LNKD] (IRQs 3 4 5 6 7 9 10 *11)
[    0.086088] ACPI: PCI Interrupt Link [LNKE] (IRQs 3 4 5 6 7 9 10 *11)
[    0.086810] ACPI: PCI Interrupt Link [LNKF] (IRQs 3 4 5 6 7 9 10 *11)
[    0.087527] ACPI: PCI Interrupt Link [LNKG] (IRQs 3 4 5 6 7 9 10 *11)
[    0.088275] ACPI: PCI Interrupt Link [LNKH] (IRQs 3 4 5 6 7 9 10 *11)
[    0.088956] vgaarb: device added: PCI:0000:00:02.0,decodes=io+mem,owns=io+mem,locks=none
[    0.089002] vgaarb: loaded
[    0.089181] SCSI subsystem initialized
[    0.089271] libata version 3.00 loaded.
[    0.089318] usbcore: registered new interface driver usbfs
[    0.089439] usbcore: registered new interface driver hub
[    0.089545] usbcore: registered new device driver usb
[    0.106040] raid6: int32x1    941 MB/s
[    0.123058] raid6: int32x2    890 MB/s
[    0.140068] raid6: int32x4    750 MB/s
[    0.156993] raid6: int32x8    656 MB/s
[    0.173987] raid6: mmxx1     2878 MB/s
[    0.190986] raid6: mmxx2     3253 MB/s
[    0.207999] raid6: sse1x1    1937 MB/s
[    0.224976] raid6: sse1x2    2531 MB/s
[    0.241978] raid6: sse2x1    3507 MB/s
[    0.258982] raid6: sse2x2    3835 MB/s
[    0.259062] raid6: using algorithm sse2x2 (3835 MB/s)
[    0.259144] PCI: Using ACPI for IRQ routing
[    0.259442] HPET: 3 timers in total, 0 timers will be used for per-cpu timer
[    0.259990] Switching to clocksource tsc
[    0.260083] pnp: PnP ACPI init
[    0.260165] ACPI: bus type pnp registered
[    0.263797] pnp: PnP ACPI: found 11 devices
[    0.263890] ACPI: ACPI bus type pnp unregistered
[    0.263974] system 00:00: iomem range 0x0-0x9ffff could not be reserved
[    0.264057] system 00:00: iomem range 0xc0000-0xc3fff could not be reserved
[    0.264156] system 00:00: iomem range 0xc4000-0xc7fff could not be reserved
[    0.264238] system 00:00: iomem range 0xc8000-0xcbfff has been reserved
[    0.264326] system 00:00: iomem range 0xcc000-0xcffff has been reserved
[    0.264413] system 00:00: iomem range 0xd0000-0xd3fff could not be reserved
[    0.264501] system 00:00: iomem range 0xe0000-0xe3fff could not be reserved
[    0.264582] system 00:00: iomem range 0xe4000-0xe7fff could not be reserved
[    0.264665] system 00:00: iomem range 0xe8000-0xebfff could not be reserved
[    0.264749] system 00:00: iomem range 0xec000-0xeffff could not be reserved
[    0.264831] system 00:00: iomem range 0xf0000-0xfffff could not be reserved
[    0.264922] system 00:00: iomem range 0x100000-0x3dffffff could not be reserved
[    0.265043] system 00:00: iomem range 0xfec00000-0xfed3ffff could not be reserved
[    0.265156] system 00:00: iomem range 0xfed4c000-0xffffffff could not be reserved
[    0.265271] system 00:02: ioport range 0x164e-0x164f has been reserved
[    0.265353] system 00:02: ioport range 0x1000-0x107f has been reserved
[    0.265437] system 00:02: ioport range 0x1180-0x11bf has been reserved
[    0.265519] system 00:02: ioport range 0x800-0x80f has been reserved
[    0.265600] system 00:02: ioport range 0x15e0-0x15ef has been reserved
[    0.265682] system 00:02: ioport range 0x1600-0x165f could not be reserved
[    0.265775] system 00:02: iomem range 0xf0000000-0xf3ffffff has been reserved
[    0.265863] system 00:02: iomem range 0xfed1c000-0xfed1ffff has been reserved
[    0.265949] system 00:02: iomem range 0xfed14000-0xfed17fff has been reserved
[    0.266037] system 00:02: iomem range 0xfed18000-0xfed18fff has been reserved
[    0.266121] system 00:02: iomem range 0xfed19000-0xfed19fff has been reserved
[    0.266211] system 00:02: iomem range 0xfed45000-0xfed4bfff has been reserved
[    0.301256] pci 0000:00:1c.0: PCI bridge, secondary bus 0000:02
[    0.301352] pci 0000:00:1c.0:   IO window: 0x2000-0x2fff
[    0.301436] pci 0000:00:1c.0:   MEM window: 0xfc000000-0xfdffffff
[    0.301521] pci 0000:00:1c.0:   PREFETCH window: 0x000000f8000000-0x000000f80fffff
[    0.301645] pci 0000:00:1c.1: PCI bridge, secondary bus 0000:03
[    0.301731] pci 0000:00:1c.1:   IO window: 0x3000-0x3fff
[    0.301815] pci 0000:00:1c.1:   MEM window: 0xdc000000-0xdf3fffff
[    0.301902] pci 0000:00:1c.1:   PREFETCH window: 0x000000dfe00000-0x000000dfefffff
[    0.302022] pci 0000:00:1c.2: PCI bridge, secondary bus 0000:04
[    0.302110] pci 0000:00:1c.2:   IO window: 0x4000-0x4fff
[    0.302193] pci 0000:00:1c.2:   MEM window: 0xd8000000-0xd9ffffff
[    0.302282] pci 0000:00:1c.2:   PREFETCH window: 0x000000dfb00000-0x000000dfbfffff
[    0.302415] pci 0000:00:1c.3: PCI bridge, secondary bus 0000:05
[    0.302506] pci 0000:00:1c.3:   IO window: 0x5000-0x5fff
[    0.302595] pci 0000:00:1c.3:   MEM window: 0xd4000000-0xd5ffffff
[    0.302691] pci 0000:00:1c.3:   PREFETCH window: 0x000000df800000-0x000000df8fffff
[    0.302817] pci 0000:00:1c.4: PCI bridge, secondary bus 0000:0d
[    0.302913] pci 0000:00:1c.4:   IO window: 0x6000-0x6fff
[    0.303005] pci 0000:00:1c.4:   MEM window: 0xd0000000-0xd1ffffff
[    0.303090] pci 0000:00:1c.4:   PREFETCH window: 0x000000df500000-0x000000df5fffff
[    0.303218] pci 0000:15:00.0: CardBus bridge, secondary bus 0000:16
[    0.303307] pci 0000:15:00.0:   IO window: 0x007000-0x0070ff
[    0.303393] pci 0000:15:00.0:   IO window: 0x007400-0x0074ff
[    0.303477] pci 0000:15:00.0:   PREFETCH window: 0xf4000000-0xf7ffffff
[    0.303562] pci 0000:15:00.0:   MEM window: 0x40000000-0x43ffffff
[    0.303649] pci 0000:00:1e.0: PCI bridge, secondary bus 0000:15
[    0.303739] pci 0000:00:1e.0:   IO window: 0x7000-0xafff
[    0.303827] pci 0000:00:1e.0:   MEM window: 0xf8300000-0xfbffffff
[    0.303924] pci 0000:00:1e.0:   PREFETCH window: 0x000000f4000000-0x000000f7ffffff
[    0.304066] pci 0000:00:1c.0: PCI INT A -> GSI 20 (level, low) -> IRQ 20
[    0.304154] pci 0000:00:1c.0: setting latency timer to 64
[    0.304168] pci 0000:00:1c.1: PCI INT B -> GSI 21 (level, low) -> IRQ 21
[    0.304261] pci 0000:00:1c.1: setting latency timer to 64
[    0.304272] pci 0000:00:1c.2: PCI INT C -> GSI 22 (level, low) -> IRQ 22
[    0.304356] pci 0000:00:1c.2: setting latency timer to 64
[    0.304370] pci 0000:00:1c.3: PCI INT D -> GSI 23 (level, low) -> IRQ 23
[    0.304458] pci 0000:00:1c.3: setting latency timer to 64
[    0.304469] pci 0000:00:1c.4: PCI INT A -> GSI 20 (level, low) -> IRQ 20
[    0.304561] pci 0000:00:1c.4: setting latency timer to 64
[    0.304566] pci 0000:00:1e.0: enabling device (0005 -> 0007)
[    0.304663] pci 0000:00:1e.0: setting latency timer to 64
[    0.304676] pci 0000:15:00.0: PCI INT A -> GSI 16 (level, low) -> IRQ 16
[    0.304766] pci 0000:15:00.0: setting latency timer to 64
[    0.304772] pci_bus 0000:00: resource 0 io:  [0x00-0xffff]
[    0.304774] pci_bus 0000:00: resource 1 mem: [0x000000-0xffffffff]
[    0.304776] pci_bus 0000:02: resource 0 io:  [0x2000-0x2fff]
[    0.304778] pci_bus 0000:02: resource 1 mem: [0xfc000000-0xfdffffff]
[    0.304780] pci_bus 0000:02: resource 2 pref mem [0xf8000000-0xf80fffff]
[    0.304782] pci_bus 0000:03: resource 0 io:  [0x3000-0x3fff]
[    0.304783] pci_bus 0000:03: resource 1 mem: [0xdc000000-0xdf3fffff]
[    0.304785] pci_bus 0000:03: resource 2 pref mem [0xdfe00000-0xdfefffff]
[    0.304787] pci_bus 0000:04: resource 0 io:  [0x4000-0x4fff]
[    0.304789] pci_bus 0000:04: resource 1 mem: [0xd8000000-0xd9ffffff]
[    0.304791] pci_bus 0000:04: resource 2 pref mem [0xdfb00000-0xdfbfffff]
[    0.304793] pci_bus 0000:05: resource 0 io:  [0x5000-0x5fff]
[    0.304794] pci_bus 0000:05: resource 1 mem: [0xd4000000-0xd5ffffff]
[    0.304796] pci_bus 0000:05: resource 2 pref mem [0xdf800000-0xdf8fffff]
[    0.304798] pci_bus 0000:0d: resource 0 io:  [0x6000-0x6fff]
[    0.304800] pci_bus 0000:0d: resource 1 mem: [0xd0000000-0xd1ffffff]
[    0.304802] pci_bus 0000:0d: resource 2 pref mem [0xdf500000-0xdf5fffff]
[    0.304804] pci_bus 0000:15: resource 0 io:  [0x7000-0xafff]
[    0.304805] pci_bus 0000:15: resource 1 mem: [0xf8300000-0xfbffffff]
[    0.304807] pci_bus 0000:15: resource 2 pref mem [0xf4000000-0xf7ffffff]
[    0.304809] pci_bus 0000:15: resource 3 io:  [0x00-0xffff]
[    0.304811] pci_bus 0000:15: resource 4 mem: [0x000000-0xffffffff]
[    0.304813] pci_bus 0000:16: resource 0 io:  [0x7000-0x70ff]
[    0.304814] pci_bus 0000:16: resource 1 io:  [0x7400-0x74ff]
[    0.304816] pci_bus 0000:16: resource 2 pref mem [0xf4000000-0xf7ffffff]
[    0.304818] pci_bus 0000:16: resource 3 mem: [0x40000000-0x43ffffff]
[    0.304826] NET: Registered protocol family 2
[    0.304915] RANDOM - __random32 called. Change num 7.  Value: 437d97bf	f373de51	f3b0f986
[    0.304917] RANDOM - random32 called.  Value: 437d97bf	f373de51	f3b0f986
[    0.304922] random 0000 0000 0000 5f8db4e5 4cfdf2a8: rand_read_num 3 get_random_bytes(4): sig fffffb64 5f8db4e5 4cfdf2a8
[    0.304924] random 0000 0000 0000 5f8db4e5 4cfdf2a8: extract_entropy(.. 4 ..)
[    0.304926] random 0000 0000 0000 5f8db4e5 4cfdf2a8: going to reseed nonblocking with 64 bits (32 of 0 requested)
[    0.304928] random 0000 0000 0000 5f8db4e5 4cfdf2a8: extract_entropy(.. 8 ..)
[    0.304931] random 0000 0000 0000 5f8db4e5 4cfdf2a8: trying to extract 64 bits from input
[    0.304933] random 0000 0000 0000 5f8db4e5 4cfdf2a8: debiting 0 entropy credits from input
[    0.304935] random 0000 0000 0000 5f8db4e5 4cfdf2a8: extract_entropy account returned: 0 
[    0.304938] random 0000 0000 0000 5f8db4e5 4cfdf2a8: urand_change_num 5 xfer_secondary_pool(4): pool_sig fffffb64, data_sig 00000000, bytes_mixed 0 5f8db4e5 4cfdf2a8
[    0.304941] random 0000 0000 0000 5f8db4e5 4cfdf2a8: trying to extract 32 bits from nonblocking
[    0.304943] random 0000 0000 0000 5f8db4e5 4cfdf2a8: debiting 32 entropy credits from nonblocking (unlimited)
[    0.304945] random 0000 0000 0000 5f8db4e5 4cfdf2a8: extract_entropy account returned: 4 
[    0.304950] random 0000 0000 0000 5f8db4e5 4cfdf2a8: urand_change_num 6 extract_buf: pool_sig fffffb64, data_sig 00000241, bytes_mixed 20 5f8db4e5 4cfdf2a8
[    0.304959] IP route cache hash table entries: 32768 (order: 5, 131072 bytes)
[    0.305086] RANDOM - __random32 called. Change num 8.  Value: d97bfe31	373de51f	f30dc6e6
[    0.305088] RANDOM - random32 called.  Value: d97bfe31	373de51f	f30dc6e6
[    0.305098] RANDOM - __random32 called. Change num 9.  Value: bfe314d7	73de51f5	8dcd6c7e
[    0.305100] RANDOM - random32 called.  Value: bfe314d7	73de51f5	8dcd6c7e
[    0.305102] RANDOM - __random32 called. Change num 10.  Value: 314d7baf	3de51f5e	d8fc74c1
[    0.305103] RANDOM - random32 called.  Value: 314d7baf	3de51f5e	d8fc74c1
[    0.305114] RANDOM - __random32 called. Change num 11.  Value: d7baf3c7	de51f5e5	e983e3fa
[    0.305116] RANDOM - random32 called.  Value: d7baf3c7	de51f5e5	e983e3fa
[    0.305126] TCP established hash table entries: 131072 (order: 8, 1048576 bytes)
[    0.305604] TCP bind hash table entries: 65536 (order: 6, 262144 bytes)
[    0.305782] TCP: Hash tables configured (established 131072 bind 65536)
[    0.305884] TCP reno registered
[    0.305979] NET: Registered protocol family 1
[    0.306091] RPC: Registered udp transport module.
[    0.306181] RPC: Registered tcp transport module.
[    0.306278] RPC: Registered tcp NFSv4.1 backchannel transport module.
[    0.306375] pci 0000:00:02.0: Boot video device
[    0.306586] Simple Boot Flag at 0x35 set to 0x1
[    0.307140] highmem bounce pool size: 64 pages
[    0.308635] VFS: Disk quotas dquot_6.5.2
[    0.308750] Dquot-cache hash table entries: 1024 (order 0, 4096 bytes)
[    0.309494] NTFS driver 2.1.29 [Flags: R/W].
[    0.309652] ROMFS MTD (C) 2007 Red Hat, Inc.
[    0.309852] JFS: nTxBlock = 7695, nTxLock = 61562
[    0.312287] SGI XFS with ACLs, security attributes, large block/inode numbers, no debug enabled
[    0.312756] SGI XFS Quota Management subsystem
[    0.313097] Slow work thread pool: Starting up
[    0.313189] Slow work thread pool: Ready
[    0.313273] GFS2 (built May 24 2013 02:47:17) installed
[    0.313363] msgmni has been set to 1734
[    0.313521] alg: No test for cipher_null (cipher_null-generic)
[    0.313611] alg: No test for ecb(cipher_null) (ecb-cipher_null)
[    0.313706] alg: No test for digest_null (digest_null-generic)
[    0.313800] alg: No test for compress_null (compress_null-generic)
[    0.314341] alg: No test for fcrypt (fcrypt-generic)
[    0.315748] alg: No test for stdrng (krng)
[    0.315832] async_tx: api initialized (async)
[    0.315992] Block layer SCSI generic (bsg) driver version 0.4 loaded (major 254)
[    0.316105] io scheduler noop registered
[    0.316195] io scheduler anticipatory registered
[    0.316276] io scheduler deadline registered
[    0.316396] io scheduler cfq registered (default)
[    0.316630] pcieport 0000:00:1c.0: irq 24 for MSI/MSI-X
[    0.316648] pcieport 0000:00:1c.0: setting latency timer to 64
[    0.316833] pcieport 0000:00:1c.1: irq 25 for MSI/MSI-X
[    0.316843] pcieport 0000:00:1c.1: setting latency timer to 64
[    0.317035] pcieport 0000:00:1c.2: irq 26 for MSI/MSI-X
[    0.317046] pcieport 0000:00:1c.2: setting latency timer to 64
[    0.317226] pcieport 0000:00:1c.3: irq 27 for MSI/MSI-X
[    0.317236] pcieport 0000:00:1c.3: setting latency timer to 64
[    0.317417] pcieport 0000:00:1c.4: irq 28 for MSI/MSI-X
[    0.317429] pcieport 0000:00:1c.4: setting latency timer to 64
[    0.317573] pci_hotplug: PCI Hot Plug PCI Core version: 0.5
[    0.317758] isapnp: Scanning for PnP cards...
[    0.678294] isapnp: No Plug & Play device found
[    0.678386] random 0000 0000 0000 5f8db4e5 4cfdf2a8: initializing
[    0.678388] RANDOM init_std_data for input now value: 1370001790678388272
[    0.678389] RANDOM init_std_data for blocking now value: 1370001790678390272
[    0.678391] RANDOM init_std_data for nonblocking now value: 1370001790678392007
[    0.697969] Serial: 8250/16550 driver, 4 ports, IRQ sharing enabled
[    3.708751] floppy0: no floppy controllers found
[    3.709699] brd: module loaded
[    3.710194] loop: module loaded
[    3.710285] Compaq SMART2 Driver (v 2.6.0)
[    3.710404] HP CISS Driver (v 3.6.20)
[    3.710643] input: Macintosh mouse button emulation as /devices/virtual/input/input0
[    3.710786] Uniform Multi-Platform E-IDE driver
[    3.711004] piix 0000:00:1f.1: IDE controller (0x8086:0x2850 rev 0x03)
[    3.711096] pci 0000:00:1f.1: PCI INT C -> GSI 16 (level, low) -> IRQ 16
[    3.711187] piix 0000:00:1f.1: IDE port disabled
[    3.711277] piix 0000:00:1f.1: not 100% native mode: will probe irqs later
[    3.711368]     ide0: BM-DMA at 0x1c00-0x1c07
[    3.711453] Probing IDE interface ide0...
[    4.382946] hda: HL-DT-ST DVDRAM GSA-U10N, ATAPI CD/DVD-ROM drive
[    4.689746] hda: host max PIO4 wanted PIO255(auto-tune) selected PIO4
[    4.690513] hda: UDMA/33 mode selected
[    4.690982] ide0 at 0x1f0-0x1f7,0x3f6 on irq 14
[    4.694859] ide-gd driver 1.18
[    4.694955] ide-cd driver 5.00
[    4.696338] random 0000 0000 0000 00000000 00000000: add_disk_randomness(0:0) 00000000 00000000
[    4.696343] random 0000 0000 0000 00000000 00000000: add_timer_randomness(.. 256) with jiffies: 17544479725240155768, cycles: -902264352764067831
[    4.696345] random 0000 0000 0000 00000000 00000000: added 11 entropy credits to input
[    4.696349] ide-cd: hda: ATAPI 24X DVD-ROM DVD-R/RAM CD-R/RW drive, 2048kB Cache
[    4.696760] Uniform CD-ROM driver Revision: 3.20
[    4.699632] random 0011 0000 0000 00000000 00000000: add_disk_randomness(0:0) 00000000 00000000
[    4.699635] random 0011 0000 0000 00000000 00000000: add_timer_randomness(.. 256) with jiffies: 17574113384674852475, cycles: -872630693329371127
[    4.699637] random 0011 0000 0000 00000000 00000000: added 1 entropy credits to input
[    4.699640] random 0012 0000 0000 00000000 00000000: add_disk_randomness(0:0) 00000000 00000000
[    4.699643] random 0012 0000 0000 00000000 00000000: add_timer_randomness(.. 256) with jiffies: 17574189869452459643, cycles: -872554208551763959
[    4.701627] random 0012 0000 0000 00000000 00000000: add_disk_randomness(0:0) 00000000 00000000
[    4.701630] random 0012 0000 0000 00000000 00000000: add_timer_randomness(.. 256) with jiffies: 17592065390194425469, cycles: -854678687809798135
[    4.701633] random 0012 0000 0000 00000000 00000000: added 1 entropy credits to input
[    4.701636] random 0013 0000 0000 00000000 00000000: add_disk_randomness(0:0) 00000000 00000000
[    4.701639] random 0013 0000 0000 00000000 00000000: add_timer_randomness(.. 256) with jiffies: 17592141015978573437, cycles: -854603062025650167
[    4.703627] random 0013 0000 0000 00000000 00000000: add_disk_randomness(0:0) 00000000 00000000
[    4.703630] random 0013 0000 0000 00000000 00000000: add_timer_randomness(.. 256) with jiffies: 17610056720434560639, cycles: -836687357569662967
[    4.703633] random 0013 0000 0000 00000000 00000000: added 1 entropy credits to input
[    4.703635] random 0014 0000 0000 00000000 00000000: add_disk_randomness(0:0) 00000000 00000000
[    4.703638] random 0014 0000 0000 00000000 00000000: add_timer_randomness(.. 256) with jiffies: 17610130769965710975, cycles: -836613308038512631
[    4.703913] Loading iSCSI transport class v2.0-870.
[    4.704186] rdac: device handler registered
[    4.704265] hp_sw: device handler registered
[    4.704344] emc: device handler registered
[    4.704423] alua: device handler registered
[    4.705404] Adaptec aacraid driver 1.1-5[2461]-ms
[    4.705824] scsi: <fdomain> Detection failed (no card)
[    4.705928] sym53c416.c: Version 1.0.0-ac
[    4.706034] qlogicfas: no cards were found, please specify I/O address and IRQ using iobase= and irq= options
[    4.706149] QLogic Fibre Channel HBA Driver: 8.03.01-k6
[    4.706353] iscsi: registered transport (qla4xxx)
[    4.706462] QLogic iSCSI HBA Driver
[    4.706540] Emulex LightPulse Fibre Channel SCSI driver 8.3.4
[    4.706632] Copyright(c) 2004-2009 Emulex.  All rights reserved.
[    4.728730] Failed initialization of WD-7000 SCSI card!
[    4.818101] DC390: clustering now enabled by default. If you get problems load
[    4.818218]        with "disable_clustering=1" and report to maintainers
[    4.818347] megaraid cmm: 2.20.2.7 (Release Date: Sun Jul 16 00:01:03 EST 2006)
[    4.818489] megaraid: 2.20.5.1 (Release Date: Thu Nov 16 15:32:35 EST 2006)
[    4.818594] megasas: 00.00.04.01 Thu July 24 11:41:51 PST 2008
[    4.818721] GDT-HA: Storage RAID Controller Driver. Version: 3.05
[    4.818861] 3ware Storage Controller device driver for Linux v1.26.02.002.
[    4.818973] 3ware 9000 Storage Controller device driver for Linux v2.26.02.012.
[    4.819108] nsp32: loading...
[    4.819205] ipr: IBM Power RAID SCSI Device Driver version: 2.4.3 (June 10, 2009)
[    4.819343] RocketRAID 3xxx/4xxx Controller driver v1.6 (090910)
[    4.819450] stex: Promise SuperTrak EX Driver version: 4.6.0000.3
[    4.819577] st: Version 20081215, fixed bufsize 32768, s/g segs 256
[    4.819782] ahci 0000:00:1f.2: version 3.0
[    4.819798] ahci 0000:00:1f.2: PCI INT B -> GSI 16 (level, low) -> IRQ 16
[    4.819933] ahci 0000:00:1f.2: irq 29 for MSI/MSI-X
[    4.819996] ahci 0000:00:1f.2: AHCI 0001.0100 32 slots 3 ports 1.5 Gbps 0x5 impl SATA mode
[    4.820111] ahci 0000:00:1f.2: flags: 64bit ncq sntf pm led clo pio slum part ccc 
[    4.820229] ahci 0000:00:1f.2: setting latency timer to 64
[    4.820375] scsi2 : ahci
[    4.820523] scsi3 : ahci
[    4.820658] scsi4 : ahci
[    4.820838] ata1: SATA max UDMA/133 abar m2048@0xfe226000 port 0xfe226100 irq 29
[    4.820962] ata2: DUMMY
[    4.821039] ata3: SATA max UDMA/133 abar m2048@0xfe226000 port 0xfe226200 irq 29
[    4.821638] I2O subsystem v1.325
[    4.821732] i2o: max drivers = 8
[    4.821868] I2O Configuration OSM v1.323
[    4.821974] I2O Bus Adapter OSM v1.317
[    4.822068] I2O Block Device OSM v1.325
[    4.822207] I2O SCSI Peripheral OSM v1.316
[    4.822302] I2O ProcFS OSM v1.316
[    4.822396] Fusion MPT base driver 3.04.12
[    4.822475] Copyright (c) 1999-2008 LSI Corporation
[    4.822557] Fusion MPT SPI Host driver 3.04.12
[    4.822656] Fusion MPT FC Host driver 3.04.12
[    4.822820] Fusion MPT SAS Host driver 3.04.12
[    4.822967] ohci1394 0000:15:00.1: PCI INT B -> GSI 17 (level, low) -> IRQ 17
[    4.823055] ohci1394 0000:15:00.1: setting latency timer to 64
[    4.876748] ohci1394: fw-host0: OHCI-1394 1.1 (PCI): IRQ=[17]  MMIO=[f8301000-f83017ff]  Max Packet=[2048]  IR/IT contexts=[4/4]
[    4.881011] ehci_hcd: USB 2.0 'Enhanced' Host Controller (EHCI) Driver
[    4.881288] ehci_hcd 0000:00:1a.7: power state changed by ACPI to D0
[    4.881561] ehci_hcd 0000:00:1a.7: power state changed by ACPI to D0
[    4.881647] ehci_hcd 0000:00:1a.7: PCI INT C -> GSI 22 (level, low) -> IRQ 22
[    4.881746] ehci_hcd 0000:00:1a.7: setting latency timer to 64
[    4.881749] ehci_hcd 0000:00:1a.7: EHCI Host Controller
[    4.881883] ehci_hcd 0000:00:1a.7: new USB bus registered, assigned bus number 1
[    4.885917] ehci_hcd 0000:00:1a.7: cache line size of 32 is not supported
[    4.885926] ehci_hcd 0000:00:1a.7: irq 22, io mem 0xfe226c00
[    4.895708] ehci_hcd 0000:00:1a.7: USB 2.0 started, EHCI 1.00
[    4.895810] usb usb1: New USB device found, idVendor=1d6b, idProduct=0002
[    4.895893] usb usb1: New USB device strings: Mfr=3, Product=2, SerialNumber=1
[    4.896005] usb usb1: Product: EHCI Host Controller
[    4.896086] usb usb1: Manufacturer: Linux 2.6.32.57 ehci_hcd
[    4.896168] usb usb1: SerialNumber: 0000:00:1a.7
[    4.896302] usb usb1: configuration #1 chosen from 1 choice
[    4.896423] hub 1-0:1.0: USB hub found
[    4.896511] hub 1-0:1.0: 4 ports detected
[    4.896811] ehci_hcd 0000:00:1d.7: power state changed by ACPI to D0
[    4.897089] ehci_hcd 0000:00:1d.7: power state changed by ACPI to D0
[    4.897179] ehci_hcd 0000:00:1d.7: PCI INT D -> GSI 19 (level, low) -> IRQ 19
[    4.897273] ehci_hcd 0000:00:1d.7: setting latency timer to 64
[    4.897278] ehci_hcd 0000:00:1d.7: EHCI Host Controller
[    4.897396] ehci_hcd 0000:00:1d.7: new USB bus registered, assigned bus number 2
[    4.897543] ehci_hcd 0000:00:1d.7: debug port 1
[    4.901508] ehci_hcd 0000:00:1d.7: cache line size of 32 is not supported
[    4.901517] ehci_hcd 0000:00:1d.7: irq 19, io mem 0xfe227000
[    4.911708] ehci_hcd 0000:00:1d.7: USB 2.0 started, EHCI 1.00
[    4.911797] usb usb2: New USB device found, idVendor=1d6b, idProduct=0002
[    4.911887] usb usb2: New USB device strings: Mfr=3, Product=2, SerialNumber=1
[    4.912001] usb usb2: Product: EHCI Host Controller
[    4.912086] usb usb2: Manufacturer: Linux 2.6.32.57 ehci_hcd
[    4.912167] usb usb2: SerialNumber: 0000:00:1d.7
[    4.912306] usb usb2: configuration #1 chosen from 1 choice
[    4.912416] hub 2-0:1.0: USB hub found
[    4.912499] hub 2-0:1.0: 6 ports detected
[    4.912673] 116x: driver isp116x-hcd, 03 Nov 2005
[    4.912785] ohci_hcd: USB 1.1 'Open' Host Controller (OHCI) Driver
[    4.912902] uhci_hcd: USB Universal Host Controller Interface driver
[    4.913000] uhci_hcd 0000:00:1a.0: PCI INT A -> GSI 20 (level, low) -> IRQ 20
[    4.913088] uhci_hcd 0000:00:1a.0: setting latency timer to 64
[    4.913091] uhci_hcd 0000:00:1a.0: UHCI Host Controller
[    4.913208] uhci_hcd 0000:00:1a.0: new USB bus registered, assigned bus number 3
[    4.913356] uhci_hcd 0000:00:1a.0: irq 20, io base 0x00001860
[    4.913462] usb usb3: New USB device found, idVendor=1d6b, idProduct=0001
[    4.913559] usb usb3: New USB device strings: Mfr=3, Product=2, SerialNumber=1
[    4.913670] usb usb3: Product: UHCI Host Controller
[    4.913769] usb usb3: Manufacturer: Linux 2.6.32.57 uhci_hcd
[    4.913856] usb usb3: SerialNumber: 0000:00:1a.0
[    4.913986] usb usb3: configuration #1 chosen from 1 choice
[    4.914094] hub 3-0:1.0: USB hub found
[    4.914178] hub 3-0:1.0: 2 ports detected
[    4.914473] uhci_hcd 0000:00:1a.1: power state changed by ACPI to D0
[    4.914710] uhci_hcd 0000:00:1a.1: power state changed by ACPI to D0
[    4.914796] uhci_hcd 0000:00:1a.1: PCI INT B -> GSI 21 (level, low) -> IRQ 21
[    4.914891] uhci_hcd 0000:00:1a.1: setting latency timer to 64
[    4.914896] uhci_hcd 0000:00:1a.1: UHCI Host Controller
[    4.915024] uhci_hcd 0000:00:1a.1: new USB bus registered, assigned bus number 4
[    4.915168] uhci_hcd 0000:00:1a.1: irq 21, io base 0x00001880
[    4.915271] usb usb4: New USB device found, idVendor=1d6b, idProduct=0001
[    4.915354] usb usb4: New USB device strings: Mfr=3, Product=2, SerialNumber=1
[    4.915478] usb usb4: Product: UHCI Host Controller
[    4.915558] usb usb4: Manufacturer: Linux 2.6.32.57 uhci_hcd
[    4.915645] usb usb4: SerialNumber: 0000:00:1a.1
[    4.915790] usb usb4: configuration #1 chosen from 1 choice
[    4.915901] hub 4-0:1.0: USB hub found
[    4.915982] hub 4-0:1.0: 2 ports detected
[    4.916270] uhci_hcd 0000:00:1d.0: power state changed by ACPI to D0
[    4.916501] uhci_hcd 0000:00:1d.0: power state changed by ACPI to D0
[    4.916597] uhci_hcd 0000:00:1d.0: PCI INT A -> GSI 16 (level, low) -> IRQ 16
[    4.916689] uhci_hcd 0000:00:1d.0: setting latency timer to 64
[    4.916694] uhci_hcd 0000:00:1d.0: UHCI Host Controller
[    4.916826] uhci_hcd 0000:00:1d.0: new USB bus registered, assigned bus number 5
[    4.916975] uhci_hcd 0000:00:1d.0: irq 16, io base 0x000018a0
[    4.917087] usb usb5: New USB device found, idVendor=1d6b, idProduct=0001
[    4.917173] usb usb5: New USB device strings: Mfr=3, Product=2, SerialNumber=1
[    4.917288] usb usb5: Product: UHCI Host Controller
[    4.917368] usb usb5: Manufacturer: Linux 2.6.32.57 uhci_hcd
[    4.917450] usb usb5: SerialNumber: 0000:00:1d.0
[    4.917578] usb usb5: configuration #1 chosen from 1 choice
[    4.917686] hub 5-0:1.0: USB hub found
[    4.917776] hub 5-0:1.0: 2 ports detected
[    4.917910] uhci_hcd 0000:00:1d.1: PCI INT B -> GSI 17 (level, low) -> IRQ 17
[    4.918004] uhci_hcd 0000:00:1d.1: setting latency timer to 64
[    4.918009] uhci_hcd 0000:00:1d.1: UHCI Host Controller
[    4.918138] uhci_hcd 0000:00:1d.1: new USB bus registered, assigned bus number 6
[    4.918273] uhci_hcd 0000:00:1d.1: irq 17, io base 0x000018c0
[    4.918378] usb usb6: New USB device found, idVendor=1d6b, idProduct=0001
[    4.918471] usb usb6: New USB device strings: Mfr=3, Product=2, SerialNumber=1
[    4.918583] usb usb6: Product: UHCI Host Controller
[    4.918668] usb usb6: Manufacturer: Linux 2.6.32.57 uhci_hcd
[    4.918760] usb usb6: SerialNumber: 0000:00:1d.1
[    4.918885] usb usb6: configuration #1 chosen from 1 choice
[    4.919003] hub 6-0:1.0: USB hub found
[    4.919085] hub 6-0:1.0: 2 ports detected
[    4.919371] uhci_hcd 0000:00:1d.2: power state changed by ACPI to D0
[    4.919639] uhci_hcd 0000:00:1d.2: power state changed by ACPI to D0
[    4.919733] uhci_hcd 0000:00:1d.2: PCI INT C -> GSI 18 (level, low) -> IRQ 18
[    4.919825] uhci_hcd 0000:00:1d.2: setting latency timer to 64
[    4.919830] uhci_hcd 0000:00:1d.2: UHCI Host Controller
[    4.919958] uhci_hcd 0000:00:1d.2: new USB bus registered, assigned bus number 7
[    4.920109] uhci_hcd 0000:00:1d.2: irq 18, io base 0x000018e0
[    4.920215] usb usb7: New USB device found, idVendor=1d6b, idProduct=0001
[    4.920309] usb usb7: New USB device strings: Mfr=3, Product=2, SerialNumber=1
[    4.920420] usb usb7: Product: UHCI Host Controller
[    4.920510] usb usb7: Manufacturer: Linux 2.6.32.57 uhci_hcd
[    4.920606] usb usb7: SerialNumber: 0000:00:1d.2
[    4.921397] usb usb7: configuration #1 chosen from 1 choice
[    4.921516] hub 7-0:1.0: USB hub found
[    4.921597] hub 7-0:1.0: 2 ports detected
[    4.921763] sl811: driver sl811-hcd, 19 May 2005
[    4.921869] r8a66597_hcd: driver r8a66597_hcd, 2009-05-26
[    4.922031] Initializing USB Mass Storage driver...
[    4.922151] usbcore: registered new interface driver usb-storage
[    4.922230] USB Mass Storage support registered.
[    4.922336] usbcore: registered new interface driver ums-alauda
[    4.922434] usbcore: registered new interface driver ums-cypress
[    4.922546] usbcore: registered new interface driver ums-datafab
[    4.922647] usbcore: registered new interface driver ums-freecom
[    4.922762] usbcore: registered new interface driver ums-isd200
[    4.922862] usbcore: registered new interface driver ums-jumpshot
[    4.922960] usbcore: registered new interface driver ums-karma
[    4.923062] usbcore: registered new interface driver ums-onetouch
[    4.923167] usbcore: registered new interface driver ums-sddr09
[    4.923266] usbcore: registered new interface driver ums-sddr55
[    4.923371] usbcore: registered new interface driver ums-usbat
[    4.923506] PNP: PS/2 Controller [PNP0303:KBD,PNP0f13:MOU] at 0x60,0x64 irq 1,12
[    4.932698] serio: i8042 KBD port at 0x60,0x64 irq 1
[    4.932784] serio: i8042 AUX port at 0x60,0x64 irq 12
[    4.933023] mice: PS/2 mouse device common for all mice
[    4.933124] i2c /dev entries driver
[    4.933245] md: linear personality registered for level -1
[    4.933329] md: raid0 personality registered for level 0
[    4.933409] md: raid1 personality registered for level 1
[    4.933491] md: raid10 personality registered for level 10
[    4.933571] md: raid6 personality registered for level 6
[    4.933664] md: raid5 personality registered for level 5
[    4.933772] md: raid4 personality registered for level 4
[    4.933854] md: multipath personality registered for level -4
[    4.934031] device-mapper: ioctl: 4.15.0-ioctl (2009-04-01) initialised: dm-devel@redhat.com
[    4.934231] cpuidle: using governor ladder
[    4.934835] usbcore: registered new interface driver usbhid
[    4.934922] usbhid: v2.6:USB HID core driver
[    4.935060] random 0014 0000 0000 00000000 00000000: rand_read_num 4 get_random_bytes(136): sig 00000000 00000000 00000000
[    4.935063] random 0014 0000 0000 00000000 00000000: extract_entropy(.. 136 ..)
[    4.935065] random 0014 0000 0000 00000000 00000000: going to reseed nonblocking with 1024 bits (1088 of 0 requested)
[    4.935068] random 0014 0000 0000 00000000 00000000: extract_entropy(.. 128 ..)
[    4.935070] random 0014 0000 0000 00000000 00000000: trying to extract 1024 bits from input
[    4.935072] random 0014 0000 0000 00000000 00000000: debiting 0 entropy credits from input
[    4.935074] random 0014 0000 0000 00000000 00000000: extract_entropy account returned: 0 
[    4.935077] random 0014 0000 0000 00000000 00000000: urand_change_num 7 xfer_secondary_pool(136): pool_sig 00000000, data_sig 00000000, bytes_mixed 0 00000000 00000000
[    4.935080] random 0014 0000 0000 00000000 00000000: trying to extract 1088 bits from nonblocking
[    4.935083] random 0014 0000 0000 00000000 00000000: debiting 1088 entropy credits from nonblocking (unlimited)
[    4.935085] random 0014 0000 0000 00000000 00000000: extract_entropy account returned: 136 
[    4.935089] random 0014 0000 0000 00000000 00000000: urand_change_num 8 extract_buf: pool_sig 00000000, data_sig fffffff9, bytes_mixed 20 00000000 00000000
[    4.935094] random 0014 0000 0000 b7c35b56 be4dc95d: urand_change_num 9 extract_buf: pool_sig fffffd1e, data_sig 000000c5, bytes_mixed 20 b7c35b56 be4dc95d
[    4.935100] random 0014 0000 0000 ed9f5c47 c48487fb: urand_change_num 10 extract_buf: pool_sig fffff8ec, data_sig ffffff68, bytes_mixed 20 ed9f5c47 c48487fb
[    4.935105] random 0014 0000 0000 ed9f5c47 c48487fb: urand_change_num 11 extract_buf: pool_sig fffffaed, data_sig 000001aa, bytes_mixed 20 ed9f5c47 c48487fb
[    4.935110] random 0014 0000 0000 1b4f7c0a 91bd6a48: urand_change_num 12 extract_buf: pool_sig fffffdd8, data_sig 00000064, bytes_mixed 20 1b4f7c0a 91bd6a48
[    4.935116] random 0014 0000 0000 a254b9bc 20e9a24f: urand_change_num 13 extract_buf: pool_sig fffffbe6, data_sig 000001dd, bytes_mixed 20 a254b9bc 20e9a24f
[    4.935121] random 0014 0000 0000 a254b9bc 20e9a24f: urand_change_num 14 extract_buf: pool_sig fffff940, data_sig fffffe20, bytes_mixed 20 a254b9bc 20e9a24f
[    4.935126] random 0014 0000 0000 2831a66b 5fa2a3ad: urand_change_num 15 extract_buf: pool_sig fffffbce, data_sig 0000007e, bytes_mixed 20 2831a66b 5fa2a3ad
[    4.935132] random 0014 0000 0000 2831a66b 5fa2a3ad: urand_change_num 16 extract_buf: pool_sig 000004df, data_sig fffffe8f, bytes_mixed 20 2831a66b 5fa2a3ad
[    4.935137] random 0014 0000 0000 d4512bfd c9a54e0b: urand_change_num 17 extract_buf: pool_sig 00000485, data_sig fffffe68, bytes_mixed 20 d4512bfd c9a54e0b
[    4.935142] random 0014 0000 0000 c7371be6 f9ffea11: urand_change_num 18 extract_buf: pool_sig 00000095, data_sig ffffffed, bytes_mixed 20 c7371be6 f9ffea11
[    4.935147] random 0014 0000 0000 c7371be6 f9ffea11: urand_change_num 19 extract_buf: pool_sig 000003a7, data_sig fffffefa, bytes_mixed 20 c7371be6 f9ffea11
[    4.935153] random 0014 0000 0000 8fb4b62c d1ddba54: urand_change_num 20 extract_buf: pool_sig 00000179, data_sig ffffff78, bytes_mixed 20 8fb4b62c d1ddba54
[    4.935158] random 0014 0000 0000 9ff19f9c c07a1d2a: urand_change_num 21 extract_buf: pool_sig fffffe88, data_sig 00000126, bytes_mixed 20 9ff19f9c c07a1d2a
[    4.935162] TCP cubic registered
[    4.935250] Initializing XFRM netlink socket
[    4.935334] NET: Registered protocol family 17
[    4.935433] Using IPI Shortcut mode
[    4.935512] random 0014 0000 0000 9ff19f9c c07a1d2a: rand_read_num 5 get_random_bytes(8): sig 0000031b 9ff19f9c c07a1d2a
[    4.935515] random 0014 0000 0000 9ff19f9c c07a1d2a: extract_entropy(.. 8 ..)
[    4.935517] random 0014 0000 0000 9ff19f9c c07a1d2a: going to reseed nonblocking with 64 bits (64 of 0 requested)
[    4.935520] random 0014 0000 0000 9ff19f9c c07a1d2a: extract_entropy(.. 8 ..)
[    4.935522] random 0014 0000 0000 9ff19f9c c07a1d2a: trying to extract 64 bits from input
[    4.935524] random 0014 0000 0000 9ff19f9c c07a1d2a: debiting 0 entropy credits from input
[    4.935526] random 0014 0000 0000 9ff19f9c c07a1d2a: extract_entropy account returned: 0 
[    4.935529] random 0014 0000 0000 9ff19f9c c07a1d2a: urand_change_num 22 xfer_secondary_pool(8): pool_sig 0000031b, data_sig 00000000, bytes_mixed 0 9ff19f9c c07a1d2a
[    4.935532] random 0014 0000 0000 9ff19f9c c07a1d2a: trying to extract 64 bits from nonblocking
[    4.935534] random 0014 0000 0000 9ff19f9c c07a1d2a: debiting 64 entropy credits from nonblocking (unlimited)
[    4.935536] random 0014 0000 0000 9ff19f9c c07a1d2a: extract_entropy account returned: 8 
[    4.935540] random 0014 0000 0000 9ff19f9c c07a1d2a: urand_change_num 23 extract_buf: pool_sig 0000031b, data_sig ffffffb3, bytes_mixed 20 9ff19f9c c07a1d2a
[    4.938511] input: AT Translated Set 2 keyboard as /devices/platform/i8042/serio0/input/input1
[    5.127716] ata1: SATA link up 1.5 Gbps (SStatus 113 SControl 300)
[    5.127824] ata3: SATA link down (SStatus 0 SControl 300)
[    5.130174] ata1.00: ACPI cmd ef/02:00:00:00:00:a0 (SET FEATURES) succeeded
[    5.130177] ata1.00: ACPI cmd f5/00:00:00:00:00:a0 (SECURITY FREEZE LOCK) filtered out
[    5.131571] ata1.00: ACPI cmd ef/5f:00:00:00:00:a0 (SET FEATURES) succeeded
[    5.131574] ata1.00: ACPI cmd ef/10:03:00:00:00:a0 (SET FEATURES) filtered out
[    5.133481] ata1.00: ATA-7: ST910021AS, 4.06, max UDMA/100
[    5.133563] ata1.00: 195371568 sectors, multi 16: LBA48 
[    5.135721] ata1.00: ACPI cmd ef/02:00:00:00:00:a0 (SET FEATURES) succeeded
[    5.135724] ata1.00: ACPI cmd f5/00:00:00:00:00:a0 (SECURITY FREEZE LOCK) filtered out
[    5.137114] ata1.00: ACPI cmd ef/5f:00:00:00:00:a0 (SET FEATURES) succeeded
[    5.137117] ata1.00: ACPI cmd ef/10:03:00:00:00:a0 (SET FEATURES) filtered out
[    5.139040] ata1.00: configured for UDMA/100
[    5.149764] scsi 2:0:0:0: Direct-Access     ATA      ST910021AS       4.06 PQ: 0 ANSI: 5
[    5.150038] sd 2:0:0:0: [sda] 195371568 512-byte logical blocks: (100 GB/93.1 GiB)
[    5.150173] sd 2:0:0:0: [sda] Write Protect is off
[    5.150253] sd 2:0:0:0: [sda] Mode Sense: 00 3a 00 00
[    5.150265] sd 2:0:0:0: [sda] Write cache: enabled, read cache: enabled, doesn't support DPO or FUA
[    5.150444]  sda:
[    5.556971] random 0014 0000 0000 277f73c3 42024bb9: add_disk_randomness(8:0) 277f73c3 42024bb9
[    5.557051] random 0014 0000 0000 277f73c3 42024bb9: add_timer_randomness(.. 8388864) with jiffies: 6841239662455652732, cycles: 6841239658160979978
[    5.557054] random 0014 0000 0000 277f73c3 42024bb9: added 11 entropy credits to input
[    5.557059]  sda1 sda2
[    5.557358] random 0025 0000 0000 277f73c3 42024bb9: add_disk_randomness(8:0) 277f73c3 42024bb9
[    5.557361] random 0025 0000 0000 277f73c3 42024bb9: add_timer_randomness(.. 8388864) with jiffies: 6844043172293345660, cycles: 6844043167998672906
[    5.557515] sd 2:0:0:0: [sda] Attached SCSI disk
[    5.557610] random 0025 0000 0000 277f73c3 42024bb9: rand_read_num 6 get_random_bytes(12): sig 000007e9 277f73c3 42024bb9
[    5.557612] random 0025 0000 0000 277f73c3 42024bb9: extract_entropy(.. 12 ..)
[    5.557615] random 0025 0000 0000 277f73c3 42024bb9: going to reseed nonblocking with 96 bits (96 of 0 requested)
[    5.557617] random 0025 0000 0000 277f73c3 42024bb9: extract_entropy(.. 12 ..)
[    5.557619] random 0025 0000 0000 277f73c3 42024bb9: trying to extract 96 bits from input
[    5.557622] random 0025 0000 0000 277f73c3 42024bb9: debiting 0 entropy credits from input
[    5.557624] random 0025 0000 0000 277f73c3 42024bb9: extract_entropy account returned: 0 
[    5.557627] random 0025 0000 0000 277f73c3 42024bb9: urand_change_num 24 xfer_secondary_pool(12): pool_sig 000007e9, data_sig 00000000, bytes_mixed 0 277f73c3 42024bb9
[    5.557630] random 0025 0000 0000 277f73c3 42024bb9: trying to extract 96 bits from nonblocking
[    5.557632] random 0025 0000 0000 277f73c3 42024bb9: debiting 96 entropy credits from nonblocking (unlimited)
[    5.557634] random 0025 0000 0000 277f73c3 42024bb9: extract_entropy account returned: 12 
[    5.557639] random 0025 0000 0000 277f73c3 42024bb9: urand_change_num 25 extract_buf: pool_sig 000007e9, data_sig 00000088, bytes_mixed 20 277f73c3 42024bb9
[    5.557644] random 0025 0000 0000 277f73c3 42024bb9: urand_change_num 26 extract_buf: pool_sig 00000498, data_sig fffffefb, bytes_mixed 20 277f73c3 42024bb9
[    5.557647] RANDOM - __seed init called.
[    5.557648] RANDOM - __seed init called.
[    5.557649] RANDOM - __seed init called.
[    5.557650] RANDOM - __random32 called. Change num 12.  Value: 87f14767	f0d7351	b1e48bd3
[    5.557652] RANDOM - random32_reseed called.  Value: 87f14767	f0d7351	b1e48bd3
[    5.557655] Pid: 1, comm: swapper Not tainted 2.6.32.57 #6
[    5.557743] Call Trace:
[    5.557837]  [<c1923ca4>] ? random32_reseed+0xa0/0xb1
[    5.557917]  [<c1923c04>] ? random32_reseed+0x0/0xb1
[    5.557997]  [<c100111e>] ? do_one_initcall+0x2e/0x180
[    5.558090]  [<c1907265>] ? kernel_init+0xad/0x103
[    5.558172]  [<c19071b8>] ? kernel_init+0x0/0x103
[    5.558255]  [<c1003787>] ? kernel_thread_helper+0x7/0x10
[    5.558781] random 0025 0000 0000 386b4e60 ee4d4880: rand_read_num 7 get_random_bytes(64): sig fffffea5 386b4e60 ee4d4880
[    5.558783] random 0025 0000 0000 386b4e60 ee4d4880: extract_entropy(.. 64 ..)
[    5.558785] random 0025 0000 0000 386b4e60 ee4d4880: going to reseed nonblocking with 512 bits (512 of 0 requested)
[    5.558788] random 0025 0000 0000 386b4e60 ee4d4880: extract_entropy(.. 64 ..)
[    5.558790] random 0025 0000 0000 386b4e60 ee4d4880: trying to extract 512 bits from input
[    5.558792] random 0025 0000 0000 386b4e60 ee4d4880: debiting 0 entropy credits from input
[    5.558794] random 0025 0000 0000 386b4e60 ee4d4880: extract_entropy account returned: 0 
[    5.558797] random 0025 0000 0000 386b4e60 ee4d4880: urand_change_num 27 xfer_secondary_pool(64): pool_sig fffffea5, data_sig 00000000, bytes_mixed 0 386b4e60 ee4d4880
[    5.558800] random 0025 0000 0000 386b4e60 ee4d4880: trying to extract 512 bits from nonblocking
[    5.558802] random 0025 0000 0000 386b4e60 ee4d4880: debiting 512 entropy credits from nonblocking (unlimited)
[    5.558804] random 0025 0000 0000 386b4e60 ee4d4880: extract_entropy account returned: 64 
[    5.558808] random 0025 0000 0000 386b4e60 ee4d4880: urand_change_num 28 extract_buf: pool_sig fffffea5, data_sig 00000173, bytes_mixed 20 386b4e60 ee4d4880
[    5.558814] random 0025 0000 0000 412698f6 0cc8689a: urand_change_num 29 extract_buf: pool_sig 00000122, data_sig ffffff63, bytes_mixed 20 412698f6 0cc8689a
[    5.558819] random 0025 0000 0000 412698f6 0cc8689a: urand_change_num 30 extract_buf: pool_sig 000001f7, data_sig 00000012, bytes_mixed 20 412698f6 0cc8689a
[    5.558825] random 0025 0000 0000 9669941e 06f768b1: urand_change_num 31 extract_buf: pool_sig fffffb5b, data_sig 0000003f, bytes_mixed 20 9669941e 06f768b1
[    5.558830] random 0025 0000 0000 98486520 995551f0: urand_change_num 32 extract_buf: pool_sig fffffb39, data_sig 0000000e, bytes_mixed 20 98486520 995551f0
[    5.558835] random 0025 0000 0000 98486520 995551f0: urand_change_num 33 extract_buf: pool_sig fffffd8d, data_sig 000001a6, bytes_mixed 20 98486520 995551f0
[    5.558841] random 0025 0000 0000 61fc8914 d5882ed2: urand_change_num 34 extract_buf: pool_sig fffffa58, data_sig 0000023e, bytes_mixed 20 61fc8914 d5882ed2
[    5.558871] random 0025 0000 0000 61fc8914 d5882ed2: rand_read_num 8 get_random_bytes(64): sig fffff9ee 61fc8914 d5882ed2
[    5.558873] random 0025 0000 0000 61fc8914 d5882ed2: extract_entropy(.. 64 ..)
[    5.558875] random 0025 0000 0000 61fc8914 d5882ed2: going to reseed nonblocking with 512 bits (512 of 0 requested)
[    5.558878] random 0025 0000 0000 61fc8914 d5882ed2: extract_entropy(.. 64 ..)
[    5.558880] random 0025 0000 0000 61fc8914 d5882ed2: trying to extract 512 bits from input
[    5.558882] random 0025 0000 0000 61fc8914 d5882ed2: debiting 0 entropy credits from input
[    5.558884] random 0025 0000 0000 61fc8914 d5882ed2: extract_entropy account returned: 0 
[    5.558887] random 0025 0000 0000 61fc8914 d5882ed2: urand_change_num 35 xfer_secondary_pool(64): pool_sig fffff9ee, data_sig 00000000, bytes_mixed 0 61fc8914 d5882ed2
[    5.558890] random 0025 0000 0000 61fc8914 d5882ed2: trying to extract 512 bits from nonblocking
[    5.558892] random 0025 0000 0000 61fc8914 d5882ed2: debiting 512 entropy credits from nonblocking (unlimited)
[    5.558895] random 0025 0000 0000 61fc8914 d5882ed2: extract_entropy account returned: 64 
[    5.558899] random 0025 0000 0000 61fc8914 d5882ed2: urand_change_num 36 extract_buf: pool_sig fffff9ee, data_sig ffffff85, bytes_mixed 20 61fc8914 d5882ed2
[    5.558904] random 0025 0000 0000 70cfd302 e5edec11: urand_change_num 37 extract_buf: pool_sig fffffdc1, data_sig ffffffde, bytes_mixed 20 70cfd302 e5edec11
[    5.558909] random 0025 0000 0000 00dab838 eafd2b30: urand_change_num 38 extract_buf: pool_sig 000003da, data_sig ffffff61, bytes_mixed 20 00dab838 eafd2b30
[    5.558914] random 0025 0000 0000 00dab838 eafd2b30: urand_change_num 39 extract_buf: pool_sig 00000314, data_sig 00000121, bytes_mixed 20 00dab838 eafd2b30
[    5.558920] random 0025 0000 0000 5fcdf66a 6442b608: urand_change_num 40 extract_buf: pool_sig 0000028b, data_sig fffffefd, bytes_mixed 20 5fcdf66a 6442b608
[    5.558925] random 0025 0000 0000 61333f6b 8fae0f9b: urand_change_num 41 extract_buf: pool_sig 000000cb, data_sig 000000b3, bytes_mixed 20 61333f6b 8fae0f9b
[    5.558930] random 0025 0000 0000 61333f6b 8fae0f9b: urand_change_num 42 extract_buf: pool_sig fffffef8, data_sig 00000051, bytes_mixed 20 61333f6b 8fae0f9b
[    5.558933] BEGIN NET_SECRET:
[    5.558934] \xffffffe0
[    5.558935] \xffffffb6
[    5.558936] \x36
[    5.558937] \xffffffb5
[    5.558937] \xffffff94
[    5.558938] \xffffffb2
[    5.558939] \xffffffa8
[    5.558940] \xffffffda
[    5.558941] \x5b
[    5.558942] \x19
[    5.558942] \x18
[    5.558943] \x5c
[    5.558944] \x2b
[    5.558944] \x1
[    5.558945] \xffffff90
[    5.558946] \x19
[    5.558947] \x3c
[    5.558947] \xfffffff2
[    5.558948] \xffffff82
[    5.558949] \x2a
[    5.558950] \xffffffb3
[    5.558951] \xffffffa2
[    5.558951] \x3f
[    5.558952] \x5
[    5.558953] \x52
[    5.558954] \x77
[    5.558954] \x57
[    5.558955] \x79
[    5.558956] \x16
[    5.558956] \x43
[    5.558957] \xffffff84
[    5.558958] \xffffffc3
[    5.558959] \xffffffe9
[    5.558960] \x79
[    5.558960] \x50
[    5.558961] \xffffff8e
[    5.558962] \x3f
[    5.558963] \xfffffff3
[    5.558964] \x19
[    5.558964] \x2a
[    5.558965] \xfffffffd
[    5.558966] \xfffffffb
[    5.558967] \x62
[    5.558967] \x3c
[    5.558968] \xffffffac
[    5.558969] \x1c
[    5.558970] \x3b
[    5.558970] \x3b
[    5.558971] \x15
[    5.558972] \x27
[    5.558972] \xffffffa8
[    5.558973] \x22
[    5.558974] \xffffffc5
[    5.558975] \xffffff9a
[    5.558976] \x5
[    5.558976] \x6c
[    5.558977] \xffffffa8
[    5.558978] \x3a
[    5.558979] \x44
[    5.558980] \xffffffaf
[    5.558980] \x13
[    5.558981] \xffffffe0
[    5.558982] \xffffff9d
[    5.558983] \x22
[    5.558983] 
[    5.558984] END NET_SECRET
[    5.558987] random 0025 0000 0000 e7f555d9 e8ce5c3c: rand_read_num 9 get_random_bytes(4): sig 0000068c e7f555d9 e8ce5c3c
[    5.558989] random 0025 0000 0000 e7f555d9 e8ce5c3c: extract_entropy(.. 4 ..)
[    5.558991] random 0025 0000 0000 e7f555d9 e8ce5c3c: going to reseed nonblocking with 64 bits (32 of 0 requested)
[    5.558994] random 0025 0000 0000 e7f555d9 e8ce5c3c: extract_entropy(.. 8 ..)
[    5.558996] random 0025 0000 0000 e7f555d9 e8ce5c3c: trying to extract 64 bits from input
[    5.558998] random 0025 0000 0000 e7f555d9 e8ce5c3c: debiting 0 entropy credits from input
[    5.559000] random 0025 0000 0000 e7f555d9 e8ce5c3c: extract_entropy account returned: 0 
[    5.559003] random 0025 0000 0000 e7f555d9 e8ce5c3c: urand_change_num 43 xfer_secondary_pool(4): pool_sig 0000068c, data_sig 00000000, bytes_mixed 0 e7f555d9 e8ce5c3c
[    5.559006] random 0025 0000 0000 e7f555d9 e8ce5c3c: trying to extract 32 bits from nonblocking
[    5.559008] random 0025 0000 0000 e7f555d9 e8ce5c3c: debiting 32 entropy credits from nonblocking (unlimited)
[    5.559010] random 0025 0000 0000 e7f555d9 e8ce5c3c: extract_entropy account returned: 4 
[    5.559014] random 0025 0000 0000 e7f555d9 e8ce5c3c: urand_change_num 44 extract_buf: pool_sig 0000068c, data_sig fffffdcb, bytes_mixed 20 e7f555d9 e8ce5c3c
[    5.559026] md: Waiting for all devices to be available before autodetect
[    5.559116] md: If you don't use raid, use raid=noautodetect
[    5.559270] md: Autodetecting RAID arrays.
[    5.559356] md: Scanned 0 and added 0 devices.
[    5.559435] md: autorun ...
[    5.559512] md: ... autorun DONE.
[    5.572117] random 0025 0000 0000 e7f555d9 e8ce5c3c: add_disk_randomness(8:0) e7f555d9 e8ce5c3c
[    5.572120] random 0025 0000 0000 e7f555d9 e8ce5c3c: add_timer_randomness(.. 8388864) with jiffies: 6976816008870461835, cycles: 6976816004575789066
[    5.572123] random 0025 0000 0000 e7f555d9 e8ce5c3c: added 3 entropy credits to input
[    5.573241] random 0028 0000 0000 e7f555d9 e8ce5c3c: add_disk_randomness(8:0) e7f555d9 e8ce5c3c
[    5.573244] random 0028 0000 0000 e7f555d9 e8ce5c3c: add_timer_randomness(.. 8388864) with jiffies: 6986929454261698956, cycles: 6986929449967026186
[    5.573353] random 0028 0000 0000 e7f555d9 e8ce5c3c: add_disk_randomness(8:0) e7f555d9 e8ce5c3c
[    5.573356] random 0028 0000 0000 e7f555d9 e8ce5c3c: add_timer_randomness(.. 8388864) with jiffies: 6987942198960161164, cycles: 6987942194665488394
[    5.573361] EXT3-fs: sda2: couldn't mount because of unsupported optional features (240).
[    5.573546] random 0028 0000 0000 e7f555d9 e8ce5c3c: add_disk_randomness(8:0) e7f555d9 e8ce5c3c
[    5.573549] random 0028 0000 0000 e7f555d9 e8ce5c3c: add_timer_randomness(.. 8388864) with jiffies: 6989678125956956556, cycles: 6989678121662283786
[    5.573553] EXT2-fs: sda2: couldn't mount because of unsupported optional features (240).
[    5.573808] random 0028 0000 0000 e7f555d9 e8ce5c3c: add_disk_randomness(8:0) e7f555d9 e8ce5c3c
[    5.573811] random 0028 0000 0000 e7f555d9 e8ce5c3c: add_timer_randomness(.. 8388864) with jiffies: 6992029221119558029, cycles: 6992029216824885258
[    5.573941] random 0028 0000 0000 e7f555d9 e8ce5c3c: add_disk_randomness(8:0) e7f555d9 e8ce5c3c
[    5.573944] random 0028 0000 0000 e7f555d9 e8ce5c3c: add_timer_randomness(.. 8388864) with jiffies: 6993222444638765453, cycles: 6993222440344092682
[    5.574068] random 0028 0000 0000 e7f555d9 e8ce5c3c: add_disk_randomness(8:0) e7f555d9 e8ce5c3c
[    5.574071] random 0028 0000 0000 e7f555d9 e8ce5c3c: add_timer_randomness(.. 8388864) with jiffies: 6994373190931415437, cycles: 6994373186636742666
[    5.574223] random 0028 0000 0000 e7f555d9 e8ce5c3c: add_disk_randomness(8:0) e7f555d9 e8ce5c3c
[    5.574226] random 0028 0000 0000 e7f555d9 e8ce5c3c: add_timer_randomness(.. 8388864) with jiffies: 6995765520544530829, cycles: 6995765516249858058
[    5.574347] random 0028 0000 0000 e7f555d9 e8ce5c3c: add_disk_randomness(8:0) e7f555d9 e8ce5c3c
[    5.574350] random 0028 0000 0000 e7f555d9 e8ce5c3c: add_timer_randomness(.. 8388864) with jiffies: 6996882847696650637, cycles: 6996882843401977866
[    5.574465] random 0028 0000 0000 e7f555d9 e8ce5c3c: add_disk_randomness(8:0) e7f555d9 e8ce5c3c
[    5.574468] random 0028 0000 0000 e7f555d9 e8ce5c3c: add_timer_randomness(.. 8388864) with jiffies: 6997950026810622349, cycles: 6997950022515949578
[    5.574617] random 0028 0000 0000 e7f555d9 e8ce5c3c: add_disk_randomness(8:0) e7f555d9 e8ce5c3c
[    5.574620] random 0028 0000 0000 e7f555d9 e8ce5c3c: add_timer_randomness(.. 8388864) with jiffies: 6999315027546833293, cycles: 6999315023252160522
[    5.574736] random 0028 0000 0000 e7f555d9 e8ce5c3c: add_disk_randomness(8:0) e7f555d9 e8ce5c3c
[    5.574739] random 0028 0000 0000 e7f555d9 e8ce5c3c: add_timer_randomness(.. 8388864) with jiffies: 7000372869401903502, cycles: 7000372865107230730
[    5.574975] random 0028 0000 0000 e7f555d9 e8ce5c3c: rand_read_num 10 get_random_bytes(4): sig ffffff72 e7f555d9 e8ce5c3c
[    5.574977] random 0028 0000 0000 e7f555d9 e8ce5c3c: extract_entropy(.. 4 ..)
[    5.574980] random 0028 0000 0000 e7f555d9 e8ce5c3c: going to reseed nonblocking with 64 bits (32 of 0 requested)
[    5.574982] random 0028 0000 0000 e7f555d9 e8ce5c3c: extract_entropy(.. 8 ..)
[    5.574984] random 0028 0000 0000 e7f555d9 e8ce5c3c: trying to extract 64 bits from input
[    5.574986] random 0028 0000 0000 e7f555d9 e8ce5c3c: debiting 0 entropy credits from input
[    5.574988] random 0028 0000 0000 e7f555d9 e8ce5c3c: extract_entropy account returned: 0 
[    5.574991] random 0028 0000 0000 e7f555d9 e8ce5c3c: urand_change_num 45 xfer_secondary_pool(4): pool_sig ffffff72, data_sig 00000000, bytes_mixed 0 e7f555d9 e8ce5c3c
[    5.574994] random 0028 0000 0000 e7f555d9 e8ce5c3c: trying to extract 32 bits from nonblocking
[    5.574996] random 0028 0000 0000 e7f555d9 e8ce5c3c: debiting 32 entropy credits from nonblocking (unlimited)
[    5.574999] random 0028 0000 0000 e7f555d9 e8ce5c3c: extract_entropy account returned: 4 
[    5.575003] random 0028 0000 0000 e7f555d9 e8ce5c3c: urand_change_num 46 extract_buf: pool_sig ffffff72, data_sig ffffff72, bytes_mixed 20 e7f555d9 e8ce5c3c
[    5.586568] random 0028 0000 0000 91716c54 eeb6a1e7: add_disk_randomness(8:0) 91716c54 eeb6a1e7
[    5.586571] random 0028 0000 0000 91716c54 eeb6a1e7: add_timer_randomness(.. 8388864) with jiffies: 7106837785750503833, cycles: 7106837781455831050
[    5.586574] random 0028 0000 0000 91716c54 eeb6a1e7: added 3 entropy credits to input
[    5.604842] random 0031 0000 0000 91716c54 eeb6a1e7: add_disk_randomness(8:0) 91716c54 eeb6a1e7
[    5.604845] random 0031 0000 0000 91716c54 eeb6a1e7: add_timer_randomness(.. 8388864) with jiffies: 7271231803648344492, cycles: 7271231799353671690
[    5.604848] random 0031 0000 0000 91716c54 eeb6a1e7: added 1 entropy credits to input
[    5.609510] EXT4-fs (sda2): mounted filesystem with ordered data mode
[    5.609700] VFS: Mounted root (ext4 filesystem) readonly on device 8:2.
[    5.609791] Freeing unused kernel memory: 448k freed
[    5.629992] random 0032 0000 0000 91716c54 eeb6a1e7: add_disk_randomness(8:0) 91716c54 eeb6a1e7
[    5.629995] random 0032 0000 0000 91716c54 eeb6a1e7: add_timer_randomness(.. 8388864) with jiffies: 7497499799017193925, cycles: 7497499794722521098
[    5.629998] random 0032 0000 0000 91716c54 eeb6a1e7: added 1 entropy credits to input
[    5.630726] random 0033 0000 0000 91716c54 eeb6a1e7: add_disk_randomness(8:0) 91716c54 eeb6a1e7
[    5.630729] random 0033 0000 0000 91716c54 eeb6a1e7: add_timer_randomness(.. 8388864) with jiffies: 7504100669829906886, cycles: 7504100665535234058
[    5.635452] random 0033 0000 0000 91716c54 eeb6a1e7: add_disk_randomness(8:0) 91716c54 eeb6a1e7
[    5.635455] random 0033 0000 0000 91716c54 eeb6a1e7: add_timer_randomness(.. 8388864) with jiffies: 7546626386568118730, cycles: 7546626382273445898
[    5.635458] random 0033 0000 0000 91716c54 eeb6a1e7: added 1 entropy credits to input
[    5.643649] random 0034 0000 0000 91716c54 eeb6a1e7: add_disk_randomness(8:0) 91716c54 eeb6a1e7
[    5.643652] random 0034 0000 0000 91716c54 eeb6a1e7: add_timer_randomness(.. 8388864) with jiffies: 7620377374541709778, cycles: 7620377370247036938
[    5.647073] random 0034 0000 0000 91716c54 eeb6a1e7: add_disk_randomness(8:0) 91716c54 eeb6a1e7
[    5.647076] random 0034 0000 0000 91716c54 eeb6a1e7: add_timer_randomness(.. 8388864) with jiffies: 7651170116800578006, cycles: 7651170112505905162
[    5.647079] random 0034 0000 0000 91716c54 eeb6a1e7: added 2 entropy credits to input
[    5.655969] random 0036 0000 0000 91716c54 eeb6a1e7: add_disk_randomness(8:0) 91716c54 eeb6a1e7
[    5.655972] random 0036 0000 0000 91716c54 eeb6a1e7: add_timer_randomness(.. 8388864) with jiffies: 7731205934713373151, cycles: 7731205930418700298
[    5.655975] random 0036 0000 0000 91716c54 eeb6a1e7: added 2 entropy credits to input
[    5.669248] random 0038 0000 0000 91716c54 eeb6a1e7: add_disk_randomness(8:0) 91716c54 eeb6a1e7
[    5.669251] random 0038 0000 0000 91716c54 eeb6a1e7: add_timer_randomness(.. 8388864) with jiffies: 7850678722158625260, cycles: 7850678717863952394
[    5.677322] random 0038 0000 0000 91716c54 eeb6a1e7: add_disk_randomness(8:0) 91716c54 eeb6a1e7
[    5.677325] random 0038 0000 0000 91716c54 eeb6a1e7: add_timer_randomness(.. 8388864) with jiffies: 7923315810363998708, cycles: 7923315806069325834
[    5.677328] random 0038 0000 0000 91716c54 eeb6a1e7: added 2 entropy credits to input
[    5.677351] RANDOM get_random_int call with cycles 44794518940, jiffies 4294672884 and pid 1
[    5.677354] RANDOM get_random_int call with cycles 44794526028, jiffies 4294672884 and pid 1
[    5.677356] ASLR stack rand value: 3420160 after shift for pid: 1
[    5.677357] RANDOM get_random_int call with cycles 44794533766, jiffies 4294672884 and pid 1
[    5.688972] random 0040 0000 0000 91716c54 eeb6a1e7: add_disk_randomness(8:0) 91716c54 eeb6a1e7
[    5.688975] random 0040 0000 0000 91716c54 eeb6a1e7: add_timer_randomness(.. 8388864) with jiffies: 8028124351100060160, cycles: 8028124346805387274
[    5.688978] random 0040 0000 0000 91716c54 eeb6a1e7: added 2 entropy credits to input
[    5.688988] RANDOM get_random_int call with cycles 44818894858, jiffies 4294672896 and pid 1
[    5.688991] random 0042 0000 0000 91716c54 eeb6a1e7: rand_read_num 11 get_random_bytes(16): sig fffffcad 91716c54 eeb6a1e7
[    5.688994] random 0042 0000 0000 91716c54 eeb6a1e7: extract_entropy(.. 16 ..)
[    5.688996] random 0042 0000 0000 91716c54 eeb6a1e7: going to reseed nonblocking with 128 bits (128 of 0 requested)
[    5.688998] random 0042 0000 0000 91716c54 eeb6a1e7: extract_entropy(.. 16 ..)
[    5.689001] random 0042 0000 0000 91716c54 eeb6a1e7: trying to extract 128 bits from input
[    5.689003] random 0042 0000 0000 91716c54 eeb6a1e7: debiting 0 entropy credits from input
[    5.689005] random 0042 0000 0000 91716c54 eeb6a1e7: extract_entropy account returned: 0 
[    5.689008] random 0042 0000 0000 91716c54 eeb6a1e7: urand_change_num 47 xfer_secondary_pool(16): pool_sig fffffcad, data_sig 00000000, bytes_mixed 0 91716c54 eeb6a1e7
[    5.689011] random 0042 0000 0000 91716c54 eeb6a1e7: trying to extract 128 bits from nonblocking
[    5.689013] random 0042 0000 0000 91716c54 eeb6a1e7: debiting 128 entropy credits from nonblocking (unlimited)
[    5.689016] random 0042 0000 0000 91716c54 eeb6a1e7: extract_entropy account returned: 16 
[    5.689020] random 0042 0000 0000 91716c54 eeb6a1e7: urand_change_num 48 extract_buf: pool_sig fffffcad, data_sig ffffff19, bytes_mixed 20 91716c54 eeb6a1e7
[    5.689025] random 0042 0000 0000 fd637b06 6cf47bc1: urand_change_num 49 extract_buf: pool_sig fffffede, data_sig ffffffc1, bytes_mixed 20 fd637b06 6cf47bc1
[    5.689985] random 0042 0000 0000 fd637b06 6cf47bc1: add_disk_randomness(8:0) fd637b06 6cf47bc1
[    5.689988] random 0042 0000 0000 fd637b06 6cf47bc1: add_timer_randomness(.. 8388864) with jiffies: 8037231721877045761, cycles: 8037231717582372874
[    5.691128] random 0042 0000 0000 fd637b06 6cf47bc1: add_disk_randomness(8:0) fd637b06 6cf47bc1
[    5.691131] random 0042 0000 0000 fd637b06 6cf47bc1: add_timer_randomness(.. 8388864) with jiffies: 8047524293174329858, cycles: 8047524288879656970
[    5.692276] random 0042 0000 0000 fd637b06 6cf47bc1: add_disk_randomness(8:0) fd637b06 6cf47bc1
[    5.692279] random 0042 0000 0000 fd637b06 6cf47bc1: add_timer_randomness(.. 8388864) with jiffies: 8057848385236599299, cycles: 8057848380941926410
[    5.693153] random 0042 0000 0000 fd637b06 6cf47bc1: add_disk_randomness(8:0) fd637b06 6cf47bc1
[    5.693156] random 0042 0000 0000 fd637b06 6cf47bc1: add_timer_randomness(.. 8388864) with jiffies: 8065736732625830404, cycles: 8065736728331157514
[    5.693327] random 0042 0000 0000 fd637b06 6cf47bc1: add_disk_randomness(8:0) fd637b06 6cf47bc1
[    5.693331] random 0042 0000 0000 fd637b06 6cf47bc1: add_timer_randomness(.. 8388864) with jiffies: 8067311482384908804, cycles: 8067311478090235914
[    5.693560] random 0042 0000 0000 fd637b06 6cf47bc1: add_disk_randomness(8:0) fd637b06 6cf47bc1
[    5.693563] random 0042 0000 0000 fd637b06 6cf47bc1: add_timer_randomness(.. 8388864) with jiffies: 8069404351228772868, cycles: 8069404346934099978
[    5.704034] random 0042 0000 0000 fd637b06 6cf47bc1: add_disk_randomness(8:0) fd637b06 6cf47bc1
[    5.704037] random 0042 0000 0000 fd637b06 6cf47bc1: add_timer_randomness(.. 8388864) with jiffies: 8163629581446382095, cycles: 8163629577151709194
[    5.704040] random 0042 0000 0000 fd637b06 6cf47bc1: added 3 entropy credits to input
[    5.704472] random 0045 0000 0000 fd637b06 6cf47bc1: add_disk_randomness(8:0) fd637b06 6cf47bc1
[    5.704475] random 0045 0000 0000 fd637b06 6cf47bc1: add_timer_randomness(.. 8388864) with jiffies: 8167577614169113103, cycles: 8167577609874440202
[    5.714214] random 0045 0000 0000 fd637b06 6cf47bc1: add_disk_randomness(8:0) fd637b06 6cf47bc1
[    5.714217] random 0045 0000 0000 fd637b06 6cf47bc1: add_timer_randomness(.. 8388864) with jiffies: 8255218616572281369, cycles: 8255218612277608458
[    5.714220] random 0045 0000 0000 fd637b06 6cf47bc1: added 3 entropy credits to input
[    5.714272] RANDOM get_random_int call with cycles 44871857383, jiffies 4294672921 and pid 1
[    5.718822] random 0048 0000 0000 fd637b06 6cf47bc1: add_disk_randomness(8:0) fd637b06 6cf47bc1
[    5.718825] random 0048 0000 0000 fd637b06 6cf47bc1: add_timer_randomness(.. 8388864) with jiffies: 8296672554286547486, cycles: 8296672549991874570
[    5.718828] random 0048 0000 0000 fd637b06 6cf47bc1: added 2 entropy credits to input
[    5.731647] random 0050 0000 0000 fd637b06 6cf47bc1: add_disk_randomness(8:0) fd637b06 6cf47bc1
[    5.731650] random 0050 0000 0000 fd637b06 6cf47bc1: add_timer_randomness(.. 8388864) with jiffies: 8412063280259629610, cycles: 8412063275964956682
[    5.731653] random 0050 0000 0000 fd637b06 6cf47bc1: added 2 entropy credits to input
[    5.731787] random 0052 0000 0000 fd637b06 6cf47bc1: add_disk_randomness(8:0) fd637b06 6cf47bc1
[    5.731790] random 0052 0000 0000 fd637b06 6cf47bc1: add_timer_randomness(.. 8388864) with jiffies: 8413312334058717739, cycles: 8413312329764044810
[    5.733950] random 0052 0000 0000 fd637b06 6cf47bc1: add_disk_randomness(8:0) fd637b06 6cf47bc1
[    5.733953] random 0052 0000 0000 fd637b06 6cf47bc1: add_timer_randomness(.. 8388864) with jiffies: 8432772616128528941, cycles: 8432772611833856010
[    5.734191] random 0052 0000 0000 fd637b06 6cf47bc1: add_disk_randomness(8:0) fd637b06 6cf47bc1
[    5.734194] random 0052 0000 0000 fd637b06 6cf47bc1: add_timer_randomness(.. 8388864) with jiffies: 8434944675579396653, cycles: 8434944671284723722
[    5.734332] random 0052 0000 0000 fd637b06 6cf47bc1: add_disk_randomness(8:0) fd637b06 6cf47bc1
[    5.734335] random 0052 0000 0000 fd637b06 6cf47bc1: add_timer_randomness(.. 8388864) with jiffies: 8436219344563438125, cycles: 8436219340268765194
[    5.737504] random 0052 0000 0000 fd637b06 6cf47bc1: add_disk_randomness(8:0) fd637b06 6cf47bc1
[    5.737507] random 0052 0000 0000 fd637b06 6cf47bc1: add_timer_randomness(.. 8388864) with jiffies: 8464759127367451184, cycles: 8464759123072778250
[    5.737510] random 0052 0000 0000 fd637b06 6cf47bc1: added 1 entropy credits to input
[    5.739513] random 0053 0000 0000 fd637b06 6cf47bc1: add_disk_randomness(8:0) fd637b06 6cf47bc1
[    5.739516] random 0053 0000 0000 fd637b06 6cf47bc1: add_timer_randomness(.. 8388864) with jiffies: 8482832173655360050, cycles: 8482832169360687114
[    5.747343] random 0053 0000 0000 fd637b06 6cf47bc1: add_disk_randomness(8:0) fd637b06 6cf47bc1
[    5.747347] random 0053 0000 0000 fd637b06 6cf47bc1: add_timer_randomness(.. 8388864) with jiffies: 8553275736163320378, cycles: 8553275731868647434
[    5.747349] random 0053 0000 0000 fd637b06 6cf47bc1: added 2 entropy credits to input
[    5.747478] random 0055 0000 0000 fd637b06 6cf47bc1: add_disk_randomness(8:0) fd637b06 6cf47bc1
[    5.747481] random 0055 0000 0000 fd637b06 6cf47bc1: add_timer_randomness(.. 8388864) with jiffies: 8554483798794535482, cycles: 8554483794499862538
[    5.751046] random 0055 0000 0000 fd637b06 6cf47bc1: add_disk_randomness(8:0) fd637b06 6cf47bc1
[    5.751049] random 0055 0000 0000 fd637b06 6cf47bc1: add_timer_randomness(.. 8388864) with jiffies: 8586581742959952446, cycles: 8586581738665279498
[    5.751052] random 0055 0000 0000 fd637b06 6cf47bc1: added 2 entropy credits to input
[    5.755540] random 0057 0000 0000 fd637b06 6cf47bc1: add_disk_randomness(8:0) fd637b06 6cf47bc1
[    5.755543] random 0057 0000 0000 fd637b06 6cf47bc1: add_timer_randomness(.. 8388864) with jiffies: 8627022304615563842, cycles: 8627022300320890890
[    5.761120] random 0057 0000 0000 fd637b06 6cf47bc1: add_disk_randomness(8:0) fd637b06 6cf47bc1
[    5.761124] random 0057 0000 0000 fd637b06 6cf47bc1: add_timer_randomness(.. 8388864) with jiffies: 8677219631808348744, cycles: 8677219627513675786
[    5.761126] random 0057 0000 0000 fd637b06 6cf47bc1: added 1 entropy credits to input
[    5.767396] random 0058 0000 0000 fd637b06 6cf47bc1: add_disk_randomness(8:0) fd637b06 6cf47bc1
[    5.767399] random 0058 0000 0000 fd637b06 6cf47bc1: add_timer_randomness(.. 8388864) with jiffies: 8733684385732854350, cycles: 8733684381438181386
[    5.767412] random 0058 0000 0000 fd637b06 6cf47bc1: rand_read_num 12 get_random_bytes(16): sig 0000033b fd637b06 6cf47bc1
[    5.767415] random 0058 0000 0000 fd637b06 6cf47bc1: extract_entropy(.. 16 ..)
[    5.767418] random 0058 0000 0000 fd637b06 6cf47bc1: going to reseed nonblocking with 128 bits (128 of 0 requested)
[    5.767420] random 0058 0000 0000 fd637b06 6cf47bc1: extract_entropy(.. 16 ..)
[    5.767422] random 0058 0000 0000 fd637b06 6cf47bc1: trying to extract 128 bits from input
[    5.767424] random 0058 0000 0000 fd637b06 6cf47bc1: debiting 0 entropy credits from input
[    5.767426] random 0058 0000 0000 fd637b06 6cf47bc1: extract_entropy account returned: 0 
[    5.767429] random 0058 0000 0000 fd637b06 6cf47bc1: urand_change_num 50 xfer_secondary_pool(16): pool_sig 0000033b, data_sig 00000000, bytes_mixed 0 fd637b06 6cf47bc1
[    5.767432] random 0058 0000 0000 fd637b06 6cf47bc1: trying to extract 128 bits from nonblocking
[    5.767434] random 0058 0000 0000 fd637b06 6cf47bc1: debiting 128 entropy credits from nonblocking (unlimited)
[    5.767437] random 0058 0000 0000 fd637b06 6cf47bc1: extract_entropy account returned: 16 
[    5.767441] random 0058 0000 0000 fd637b06 6cf47bc1: urand_change_num 51 extract_buf: pool_sig 0000033b, data_sig 000000d8, bytes_mixed 20 fd637b06 6cf47bc1
[    5.767447] random 0058 0000 0000 0ec1f012 d4727ca8: urand_change_num 52 extract_buf: pool_sig fffffcf5, data_sig 00000016, bytes_mixed 20 0ec1f012 d4727ca8
[    5.774143] random 0058 0000 0000 45b1d0b1 845a73f7: add_disk_randomness(8:0) 45b1d0b1 845a73f7
[    5.774147] random 0058 0000 0000 45b1d0b1 845a73f7: add_timer_randomness(.. 8388864) with jiffies: 8794383444835271253, cycles: 8794383440540598282
[    5.781362] random 0058 0000 0000 45b1d0b1 845a73f7: add_disk_randomness(8:0) 45b1d0b1 845a73f7
[    5.781365] random 0058 0000 0000 45b1d0b1 845a73f7: add_timer_randomness(.. 8388864) with jiffies: 8859328985347883612, cycles: 8859328981053210634
[    5.789382] random 0058 0000 0000 45b1d0b1 845a73f7: add_disk_randomness(8:0) 45b1d0b1 845a73f7
[    5.789385] random 0058 0000 0000 45b1d0b1 845a73f7: add_timer_randomness(.. 8388864) with jiffies: 8931480063643976292, cycles: 8931480059349303306
[    5.798785] random 0058 0000 0000 45b1d0b1 845a73f7: add_disk_randomness(8:0) 45b1d0b1 845a73f7
[    5.798788] random 0058 0000 0000 45b1d0b1 845a73f7: add_timer_randomness(.. 8388864) with jiffies: 9016072678649070190, cycles: 9016072674354397194
[    5.801936] random 0058 0000 0000 45b1d0b1 845a73f7: add_disk_randomness(8:0) 45b1d0b1 845a73f7
[    5.801939] random 0058 0000 0000 45b1d0b1 845a73f7: add_timer_randomness(.. 8388864) with jiffies: 9044423817899508337, cycles: 9044423813604835338
[    5.801942] random 0058 0000 0000 45b1d0b1 845a73f7: added 1 entropy credits to input
[    5.816200] random 0059 0000 0000 45b1d0b1 845a73f7: add_disk_randomness(8:0) 45b1d0b1 845a73f7
[    5.816203] random 0059 0000 0000 45b1d0b1 845a73f7: add_timer_randomness(.. 8388864) with jiffies: 9172748227999138431, cycles: 9172748223704465418
[    5.816205] random 0059 0000 0000 45b1d0b1 845a73f7: added 3 entropy credits to input
[    5.821597] random 0062 0000 0000 45b1d0b1 845a73f7: add_disk_randomness(8:0) 45b1d0b1 845a73f7
[    5.821600] random 0062 0000 0000 45b1d0b1 845a73f7: add_timer_randomness(.. 8388864) with jiffies: 9221310650120897156, cycles: 9221310645826224138
[    5.821602] random 0062 0000 0000 45b1d0b1 845a73f7: added 2 entropy credits to input
[    5.826771] random 0064 0000 0000 45b1d0b1 845a73f7: add_disk_randomness(8:0) 45b1d0b1 845a73f7
[    5.826774] random 0064 0000 0000 45b1d0b1 845a73f7: add_timer_randomness(.. 8388864) with jiffies: 9267846856996258442, cycles: -9178897221007966198
[    5.834997] random 0064 0000 0000 45b1d0b1 845a73f7: add_disk_randomness(8:0) 45b1d0b1 845a73f7
[    5.835000] random 0064 0000 0000 45b1d0b1 845a73f7: add_timer_randomness(.. 8388864) with jiffies: 9341858957506609810, cycles: -9104885120497614838
[    5.844599] random 0064 0000 0000 45b1d0b1 845a73f7: add_disk_randomness(8:0) 45b1d0b1 845a73f7
[    5.844602] random 0064 0000 0000 45b1d0b1 845a73f7: add_timer_randomness(.. 8388864) with jiffies: 9428254058616685211, cycles: -9018490019387539446
[    5.864102] random 0064 0000 0000 45b1d0b1 845a73f7: add_disk_randomness(8:0) 45b1d0b1 845a73f7
[    5.864105] random 0064 0000 0000 45b1d0b1 845a73f7: add_timer_randomness(.. 8388864) with jiffies: 9603712573693985455, cycles: -8843031504310239222
[    5.864108] random 0064 0000 0000 45b1d0b1 845a73f7: added 3 entropy credits to input
[    5.877389] random 0067 0000 0000 45b1d0b1 845a73f7: add_disk_randomness(8:0) 45b1d0b1 845a73f7
[    5.877392] random 0067 0000 0000 45b1d0b1 845a73f7: add_timer_randomness(.. 8388864) with jiffies: 9723249308907307708, cycles: -8723494769096916982
[    5.877395] random 0067 0000 0000 45b1d0b1 845a73f7: added 2 entropy credits to input
[    5.885403] random 0069 0000 0000 45b1d0b1 845a73f7: add_disk_randomness(8:0) 45b1d0b1 845a73f7
[    5.885406] random 0069 0000 0000 45b1d0b1 845a73f7: add_timer_randomness(.. 8388864) with jiffies: 9795353842642813636, cycles: -8651390235361411062
[    5.885409] random 0069 0000 0000 45b1d0b1 845a73f7: added 1 entropy credits to input
[    5.895420] random 0070 0000 0000 45b1d0b1 845a73f7: add_disk_randomness(8:0) 45b1d0b1 845a73f7
[    5.895423] random 0070 0000 0000 45b1d0b1 845a73f7: add_timer_randomness(.. 8388864) with jiffies: 9885473161434858190, cycles: -8561270916569366518
[    5.895426] random 0070 0000 0000 45b1d0b1 845a73f7: added 1 entropy credits to input
[    5.908308] random 0071 0000 0000 45b1d0b1 845a73f7: add_disk_randomness(8:0) 45b1d0b1 845a73f7
[    5.908311] random 0071 0000 0000 45b1d0b1 845a73f7: add_timer_randomness(.. 8388864) with jiffies: 10001417543052133083, cycles: -8445326534952091638
[    5.915669] random 0071 0000 0000 45b1d0b1 845a73f7: add_disk_randomness(8:0) 45b1d0b1 845a73f7
[    5.915672] random 0071 0000 0000 45b1d0b1 845a73f7: add_timer_randomness(.. 8388864) with jiffies: 10067635819813503715, cycles: -8379108258190721014
[    5.915675] random 0071 0000 0000 45b1d0b1 845a73f7: added 2 entropy credits to input
[    5.920913] random 0073 0000 0000 45b1d0b1 845a73f7: add_disk_randomness(8:0) 45b1d0b1 845a73f7
[    5.920916] random 0073 0000 0000 45b1d0b1 845a73f7: add_timer_randomness(.. 8388864) with jiffies: 10114818268943057640, cycles: -8331925809061167094
[    5.920919] random 0073 0000 0000 45b1d0b1 845a73f7: added 1 entropy credits to input
[    5.927354] random 0074 0000 0000 45b1d0b1 845a73f7: add_disk_randomness(8:0) 45b1d0b1 845a73f7
[    5.927357] random 0074 0000 0000 45b1d0b1 845a73f7: add_timer_randomness(.. 8388864) with jiffies: 10172771224740659950, cycles: -8273972853263564790
[    5.932415] random 0074 0000 0000 45b1d0b1 845a73f7: add_disk_randomness(8:0) 45b1d0b1 845a73f7
[    5.932418] random 0074 0000 0000 45b1d0b1 845a73f7: add_timer_randomness(.. 8388864) with jiffies: 10218299419971519219, cycles: -8228444658032705526
[    5.938307] random 0074 0000 0000 45b1d0b1 845a73f7: add_disk_randomness(8:0) 45b1d0b1 845a73f7
[    5.938311] random 0074 0000 0000 45b1d0b1 845a73f7: add_timer_randomness(.. 8388864) with jiffies: 10271313790443946745, cycles: -8175430287560278006
[    5.947660] random 0074 0000 0000 45b1d0b1 845a73f7: add_disk_randomness(8:0) 45b1d0b1 845a73f7
[    5.947663] random 0074 0000 0000 45b1d0b1 845a73f7: add_timer_randomness(.. 8388864) with jiffies: 10355460574958813954, cycles: -8091283503045410806
[    5.947668] random 0074 0000 0000 45b1d0b1 845a73f7: added 1 entropy credits to input
[    5.952538] random 0075 0000 0000 45b1d0b1 845a73f7: add_disk_randomness(8:0) 45b1d0b1 845a73f7
[    5.952541] random 0075 0000 0000 45b1d0b1 845a73f7: add_timer_randomness(.. 8388864) with jiffies: 10399348947381093127, cycles: -8047395130623131638
[    5.952544] random 0075 0000 0000 45b1d0b1 845a73f7: added 2 entropy credits to input
[    5.959976] random 0077 0000 0000 45b1d0b1 845a73f7: add_disk_randomness(8:0) 45b1d0b1 845a73f7
[    5.959979] random 0077 0000 0000 45b1d0b1 845a73f7: add_timer_randomness(.. 8388864) with jiffies: 10466249269244035855, cycles: -7980494808760188918
[    5.959981] random 0077 0000 0000 45b1d0b1 845a73f7: added 1 entropy credits to input
[    5.966194] random 0078 0000 0000 45b1d0b1 845a73f7: add_disk_randomness(8:0) 45b1d0b1 845a73f7
[    5.966197] random 0078 0000 0000 45b1d0b1 845a73f7: add_timer_randomness(.. 8388864) with jiffies: 10522199103834391317, cycles: -7924544974169833462
[    5.966200] random 0078 0000 0000 45b1d0b1 845a73f7: added 1 entropy credits to input
[    5.966347] random 0079 0000 0000 45b1d0b1 845a73f7: add_disk_randomness(8:0) 45b1d0b1 845a73f7
[    5.966350] random 0079 0000 0000 45b1d0b1 845a73f7: add_timer_randomness(.. 8388864) with jiffies: 10523574567110935317, cycles: -7923169510893289462
[    5.980755] random 0079 0000 0000 45b1d0b1 845a73f7: add_disk_randomness(8:0) 45b1d0b1 845a73f7
[    5.980758] random 0079 0000 0000 45b1d0b1 845a73f7: add_timer_randomness(.. 8388864) with jiffies: 10653191010747384612, cycles: -7793553067256840182
[    5.980761] random 0079 0000 0000 45b1d0b1 845a73f7: added 3 entropy credits to input
[    5.988172] random 0082 0000 0000 45b1d0b1 845a73f7: add_disk_randomness(8:0) 45b1d0b1 845a73f7
[    5.988175] random 0082 0000 0000 45b1d0b1 845a73f7: add_timer_randomness(.. 8388864) with jiffies: 10719927178960274219, cycles: -7726816899043950582
[    5.988178] random 0082 0000 0000 45b1d0b1 845a73f7: added 2 entropy credits to input
[    5.997853] random 0084 0000 0000 45b1d0b1 845a73f7: add_disk_randomness(8:0) 45b1d0b1 845a73f7
[    5.997857] random 0084 0000 0000 45b1d0b1 845a73f7: add_timer_randomness(.. 8388864) with jiffies: 10807022462818812725, cycles: -7639721615185412086
[    5.997859] random 0084 0000 0000 45b1d0b1 845a73f7: added 1 entropy credits to input
[    6.008485] random 0085 0000 0000 45b1d0b1 845a73f7: add_disk_randomness(8:0) 45b1d0b1 845a73f7
[    6.008488] random 0085 0000 0000 45b1d0b1 845a73f7: add_timer_randomness(.. 8388864) with jiffies: 10902684037474386751, cycles: -7544060040529838070
[    6.021004] random 0085 0000 0000 45b1d0b1 845a73f7: add_disk_randomness(8:0) 45b1d0b1 845a73f7
[    6.021007] random 0085 0000 0000 45b1d0b1 845a73f7: add_timer_randomness(.. 8388864) with jiffies: 11015302641230775116, cycles: -7431441436773449718
[    6.021010] random 0085 0000 0000 45b1d0b1 845a73f7: added 1 entropy credits to input
[    6.022213] random 0086 0000 0000 45b1d0b1 845a73f7: add_disk_randomness(8:0) 45b1d0b1 845a73f7
[    6.022216] random 0086 0000 0000 45b1d0b1 845a73f7: add_timer_randomness(.. 8388864) with jiffies: 11026184585120285517, cycles: -7420559492883939318
[    6.026226] random 0086 0000 0000 45b1d0b1 845a73f7: add_disk_randomness(8:0) 45b1d0b1 845a73f7
[    6.026229] random 0086 0000 0000 45b1d0b1 845a73f7: add_timer_randomness(.. 8388864) with jiffies: 11062281882572653393, cycles: -7384462195431571446
[    6.026231] random 0086 0000 0000 45b1d0b1 845a73f7: added 1 entropy credits to input
[    6.035566] random 0087 0000 0000 45b1d0b1 845a73f7: add_disk_randomness(8:0) 45b1d0b1 845a73f7
[    6.035569] random 0087 0000 0000 45b1d0b1 845a73f7: add_timer_randomness(.. 8388864) with jiffies: 11146322104653939546, cycles: -7300421973350285302
[    6.035572] random 0087 0000 0000 45b1d0b1 845a73f7: added 1 entropy credits to input
[    6.035917] random 0088 0000 0000 45b1d0b1 845a73f7: add_disk_randomness(8:0) 45b1d0b1 845a73f7
[    6.035920] random 0088 0000 0000 45b1d0b1 845a73f7: add_timer_randomness(.. 8388864) with jiffies: 11149466999967155035, cycles: -7297277078037069814
[    6.051579] random 0088 0000 0000 45b1d0b1 845a73f7: add_disk_randomness(8:0) 45b1d0b1 845a73f7
[    6.051582] random 0088 0000 0000 45b1d0b1 845a73f7: add_timer_randomness(.. 8388864) with jiffies: 11290382128169845610, cycles: -7156361949834379254
[    6.051584] random 0088 0000 0000 45b1d0b1 845a73f7: added 3 entropy credits to input
[    6.053210] random 0091 0000 0000 45b1d0b1 845a73f7: add_disk_randomness(8:0) 45b1d0b1 845a73f7
[    6.053213] random 0091 0000 0000 45b1d0b1 845a73f7: add_timer_randomness(.. 8388864) with jiffies: 11305051782242861932, cycles: -7141692295761362934
[    6.053216] random 0091 0000 0000 45b1d0b1 845a73f7: added 1 entropy credits to input
[    6.053363] random 0092 0000 0000 45b1d0b1 845a73f7: add_disk_randomness(8:0) 45b1d0b1 845a73f7
[    6.053366] random 0092 0000 0000 45b1d0b1 845a73f7: add_timer_randomness(.. 8388864) with jiffies: 11306433155394405228, cycles: -7140310922609819638
[    6.064233] random 0092 0000 0000 45b1d0b1 845a73f7: add_disk_randomness(8:0) 45b1d0b1 845a73f7
[    6.064236] random 0092 0000 0000 45b1d0b1 845a73f7: add_timer_randomness(.. 8388864) with jiffies: 11404225119728141175, cycles: -7042518958276083702
[    6.064239] random 0092 0000 0000 45b1d0b1 845a73f7: added 3 entropy credits to input
[    6.064800] random 0095 0000 0000 45b1d0b1 845a73f7: add_disk_randomness(8:0) 45b1d0b1 845a73f7
[    6.064803] random 0095 0000 0000 45b1d0b1 845a73f7: add_timer_randomness(.. 8388864) with jiffies: 11409312487015416696, cycles: -7037431590988808182
[    6.070030] random 0095 0000 0000 45b1d0b1 845a73f7: add_disk_randomness(8:0) 45b1d0b1 845a73f7
[    6.070033] random 0095 0000 0000 45b1d0b1 845a73f7: add_timer_randomness(.. 8388864) with jiffies: 11456372044245730173, cycles: -6990372033758494710
[    6.070036] random 0095 0000 0000 45b1d0b1 845a73f7: added 2 entropy credits to input
[    6.071784] random 0097 0000 0000 45b1d0b1 845a73f7: add_disk_randomness(8:0) 45b1d0b1 845a73f7
[    6.071787] random 0097 0000 0000 45b1d0b1 845a73f7: add_timer_randomness(.. 8388864) with jiffies: 11472150774838690687, cycles: -6974593303165534198
[    6.071790] random 0097 0000 0000 45b1d0b1 845a73f7: added 1 entropy credits to input
[    6.082014] random 0098 0000 0000 45b1d0b1 845a73f7: add_disk_randomness(8:0) 45b1d0b1 845a73f7
[    6.082017] random 0098 0000 0000 45b1d0b1 845a73f7: add_timer_randomness(.. 8388864) with jiffies: 11564188883155125129, cycles: -6882555194849099766
[    6.082020] random 0098 0000 0000 45b1d0b1 845a73f7: added 3 entropy credits to input
[    6.095949] random 0101 0000 0000 45b1d0b1 845a73f7: add_disk_randomness(8:0) 45b1d0b1 845a73f7
[    6.095952] random 0101 0000 0000 45b1d0b1 845a73f7: add_timer_randomness(.. 8388864) with jiffies: 11689554606248657815, cycles: -6757189471755567094
[    6.095955] random 0101 0000 0000 45b1d0b1 845a73f7: added 2 entropy credits to input
[    6.108469] random 0103 0000 0000 45b1d0b1 845a73f7: add_disk_randomness(8:0) 45b1d0b1 845a73f7
[    6.108472] random 0103 0000 0000 45b1d0b1 845a73f7: add_timer_randomness(.. 8388864) with jiffies: 11802204597626045347, cycles: -6644539480378179574
[    6.108475] random 0103 0000 0000 45b1d0b1 845a73f7: added 1 entropy credits to input
