[    0.000000] random 0000 0000 0000 00000000 00000000: rand_read_num 1 get_random_bytes(8): sig 00000000 00000000 00000000
[    0.000000] random 0000 0000 0000 00000000 00000000: extract_entropy(.. 8 ..)
[    0.000000] random 0000 0000 0000 00000000 00000000: going to reseed nonblocking with 64 bits (64 of 0 requested)
[    0.000000] random 0000 0000 0000 00000000 00000000: extract_entropy(.. 8 ..)
[    0.000000] random 0000 0000 0000 00000000 00000000: trying to extract 64 bits from input
[    0.000000] random 0000 0000 0000 00000000 00000000: debiting 0 entropy credits from input
[    0.000000] random 0000 0000 0000 00000000 00000000: extract_entropy account returned: 0 
[    0.000000] random 0000 0000 0000 00000000 00000000: urand_change_num 1 xfer_secondary_pool(8): pool_sig 00000000, data_sig 00000000, bytes_mixed 0 00000000 00000000
[    0.000000] random 0000 0000 0000 00000000 00000000: trying to extract 64 bits from nonblocking
[    0.000000] random 0000 0000 0000 00000000 00000000: debiting 64 entropy credits from nonblocking (unlimited)
[    0.000000] random 0000 0000 0000 00000000 00000000: extract_entropy account returned: 8 
[    0.000000] random 0000 0000 0000 00000000 00000000: urand_change_num 2 extract_buf: pool_sig 00000000, data_sig fffffff9, bytes_mixed 20 00000000 00000000
[    0.000000] Linux version 2.6.32.57 (dcashman@dcashman-02) (gcc version 4.3.3 (GCC) ) #6 Thu May 30 09:02:12 PDT 2013
[    0.000000] KERNEL supported cpus:
[    0.000000]   Intel GenuineIntel
[    0.000000]   AMD AuthenticAMD
[    0.000000]   NSC Geode by NSC
[    0.000000]   Cyrix CyrixInstead
[    0.000000]   Centaur CentaurHauls
[    0.000000]   Transmeta GenuineTMx86
[    0.000000]   Transmeta TransmetaCPU
[    0.000000]   UMC UMC UMC UMC
[    0.000000] BIOS-provided physical RAM map:
[    0.000000]  BIOS-e820: 0000000000000000 - 000000000009d800 (usable)
[    0.000000]  BIOS-e820: 000000000009d800 - 00000000000a0000 (reserved)
[    0.000000]  BIOS-e820: 00000000000d2000 - 00000000000d4000 (reserved)
[    0.000000]  BIOS-e820: 00000000000e0000 - 0000000000100000 (reserved)
[    0.000000]  BIOS-e820: 0000000000100000 - 000000003d6b0000 (usable)
[    0.000000]  BIOS-e820: 000000003d6b0000 - 000000003d6cc000 (ACPI data)
[    0.000000]  BIOS-e820: 000000003d6cc000 - 000000003d700000 (ACPI NVS)
[    0.000000]  BIOS-e820: 000000003d700000 - 000000003e000000 (reserved)
[    0.000000]  BIOS-e820: 00000000f0000000 - 00000000f4000000 (reserved)
[    0.000000]  BIOS-e820: 00000000fec00000 - 00000000fec10000 (reserved)
[    0.000000]  BIOS-e820: 00000000fed00000 - 00000000fed00400 (reserved)
[    0.000000]  BIOS-e820: 00000000fed14000 - 00000000fed1a000 (reserved)
[    0.000000]  BIOS-e820: 00000000fed1c000 - 00000000fed90000 (reserved)
[    0.000000]  BIOS-e820: 00000000fee00000 - 00000000fee01000 (reserved)
[    0.000000]  BIOS-e820: 00000000ff000000 - 0000000100000000 (reserved)
[    0.000000] DMI present.
[    0.000000] last_pfn = 0x3d6b0 max_arch_pfn = 0x100000
[    0.000000] MTRR default type: uncachable
[    0.000000] MTRR fixed ranges enabled:
[    0.000000]   00000-9FFFF write-back
[    0.000000]   A0000-BFFFF uncachable
[    0.000000]   C0000-CFFFF write-protect
[    0.000000]   D0000-DFFFF uncachable
[    0.000000]   E0000-FFFFF write-protect
[    0.000000] MTRR variable ranges enabled:
[    0.000000]   0 base 03E000000 mask FFE000000 uncachable
[    0.000000]   1 base 000000000 mask FC0000000 write-back
[    0.000000]   2 base 03D700000 mask FFFF00000 uncachable
[    0.000000]   3 base 03D800000 mask FFF800000 uncachable
[    0.000000]   4 disabled
[    0.000000]   5 disabled
[    0.000000]   6 disabled
[    0.000000]   7 disabled
[    0.000000] initial memory mapped : 0 - 02000000
[    0.000000] init_memory_mapping: 0000000000000000-00000000377fe000
[    0.000000]  0000000000 - 0000400000 page 4k
[    0.000000]  0000400000 - 0037400000 page 2M
[    0.000000]  0037400000 - 00377fe000 page 4k
[    0.000000] kernel direct mapping tables up to 377fe000 @ 7000-c000
[    0.000000] ACPI: RSDP 000f68d0 00024 (v02 LENOVO)
[    0.000000] ACPI: XSDT 3d6bb77f 00094 (v01 LENOVO TP-7L    00002170  LTP 00000000)
[    0.000000] ACPI: FACP 3d6bb900 000F4 (v03 LENOVO TP-7L    00002170 LNVO 00000001)
[    0.000000] ACPI Warning: 32/64X length mismatch in Gpe1Block: 0/32 (20090903/tbfadt-526)
[    0.000000] ACPI Warning: Optional field Gpe1Block has zero address or length: 000000000000102C/0 (20090903/tbfadt-557)
[    0.000000] ACPI: DSDT 3d6bbd1d 0FED1 (v01 LENOVO TP-7L    00002170 MSFT 03000000)
[    0.000000] ACPI: FACS 3d6e4000 00040
[    0.000000] ACPI: SSDT 3d6bbab4 00269 (v01 LENOVO TP-7L    00002170 MSFT 03000000)
[    0.000000] ACPI: ECDT 3d6cbbee 00052 (v01 LENOVO TP-7L    00002170 LNVO 00000001)
[    0.000000] ACPI: TCPA 3d6cbc40 00032 (v02 LENOVO TP-7L    00002170 LNVO 00000001)
[    0.000000] ACPI: APIC 3d6cbc72 00068 (v01 LENOVO TP-7L    00002170 LNVO 00000001)
[    0.000000] ACPI: MCFG 3d6cbcda 0003C (v01 LENOVO TP-7L    00002170 LNVO 00000001)
[    0.000000] ACPI: HPET 3d6cbd16 00038 (v01 LENOVO TP-7L    00002170 LNVO 00000001)
[    0.000000] ACPI: SLIC 3d6cbdf0 00176 (v01 LENOVO TP-7L    00002170  LTP 00000000)
[    0.000000] ACPI: BOOT 3d6cbf66 00028 (v01 LENOVO TP-7L    00002170  LTP 00000001)
[    0.000000] ACPI: ASF! 3d6cbf8e 00072 (v16 LENOVO TP-7L    00002170 PTL  00000001)
[    0.000000] ACPI: SSDT 3d6e26d9 0025F (v01 LENOVO TP-7L    00002170 INTL 20050513)
[    0.000000] ACPI: SSDT 3d6e2938 000A6 (v01 LENOVO TP-7L    00002170 INTL 20050513)
[    0.000000] ACPI: SSDT 3d6e29de 004F7 (v01 LENOVO TP-7L    00002170 INTL 20050513)
[    0.000000] ACPI: SSDT 3d6e2ed5 001D8 (v01 LENOVO TP-7L    00002170 INTL 20050513)
[    0.000000] ACPI: DMI detected: Lenovo ThinkPad R61
[    0.000000] ACPI: Added _OSI(Linux)
[    0.000000] ACPI: Local APIC address 0xfee00000
[    0.000000] 94MB HIGHMEM available.
[    0.000000] 887MB LOWMEM available.
[    0.000000]   mapped low ram: 0 - 377fe000
[    0.000000]   low ram: 0 - 377fe000
[    0.000000]   node 0 low ram: 00000000 - 377fe000
[    0.000000]   node 0 bootmap 00008000 - 0000ef00
[    0.000000] (6 early reservations) ==> bootmem [0000000000 - 00377fe000]
[    0.000000]   #0 [0000000000 - 0000001000]   BIOS data page ==> [0000000000 - 0000001000]
[    0.000000]   #1 [0001000000 - 0001bdc180]    TEXT DATA BSS ==> [0001000000 - 0001bdc180]
[    0.000000]   #2 [000009d800 - 0000100000]    BIOS reserved ==> [000009d800 - 0000100000]
[    0.000000]   #3 [0001bdd000 - 0001be516c]              BRK ==> [0001bdd000 - 0001be516c]
[    0.000000]   #4 [0000007000 - 0000008000]          PGTABLE ==> [0000007000 - 0000008000]
[    0.000000]   #5 [0000008000 - 000000f000]          BOOTMAP ==> [0000008000 - 000000f000]
[    0.000000] found SMP MP-table at [c00f6900] f6900
[    0.000000] Zone PFN ranges:
[    0.000000]   DMA      0x00000000 -> 0x00001000
[    0.000000]   Normal   0x00001000 -> 0x000377fe
[    0.000000]   HighMem  0x000377fe -> 0x0003d6b0
[    0.000000] Movable zone start PFN for each node
[    0.000000] early_node_map[2] active PFN ranges
[    0.000000]     0: 0x00000000 -> 0x0000009d
[    0.000000]     0: 0x00000100 -> 0x0003d6b0
[    0.000000] On node 0 totalpages: 251469
[    0.000000] free_area_init_node: node 0, pgdat c1901ea0, node_mem_map c1be7000
[    0.000000]   DMA zone: 32 pages used for memmap
[    0.000000]   DMA zone: 0 pages reserved
[    0.000000]   DMA zone: 3965 pages, LIFO batch:0
[    0.000000]   Normal zone: 1744 pages used for memmap
[    0.000000]   Normal zone: 221486 pages, LIFO batch:31
[    0.000000]   HighMem zone: 190 pages used for memmap
[    0.000000]   HighMem zone: 24052 pages, LIFO batch:3
[    0.000000] Using APIC driver default
[    0.000000] ACPI: PM-Timer IO Port: 0x1008
[    0.000000] ACPI: Local APIC address 0xfee00000
[    0.000000] ACPI: LAPIC (acpi_id[0x00] lapic_id[0x00] enabled)
[    0.000000] ACPI: LAPIC (acpi_id[0x01] lapic_id[0x01] enabled)
[    0.000000] ACPI: NR_CPUS/possible_cpus limit of 1 reached.  Processor 1/0x1 ignored.
[    0.000000] ACPI: LAPIC_NMI (acpi_id[0x00] high edge lint[0x1])
[    0.000000] ACPI: LAPIC_NMI (acpi_id[0x01] high edge lint[0x1])
[    0.000000] ACPI: IOAPIC (id[0x01] address[0xfec00000] gsi_base[0])
[    0.000000] IOAPIC[0]: apic_id 1, version 32, address 0xfec00000, GSI 0-23
[    0.000000] ACPI: INT_SRC_OVR (bus 0 bus_irq 0 global_irq 2 dfl dfl)
[    0.000000] ACPI: INT_SRC_OVR (bus 0 bus_irq 9 global_irq 9 high level)
[    0.000000] ACPI: IRQ0 used by override.
[    0.000000] ACPI: IRQ2 used by override.
[    0.000000] ACPI: IRQ9 used by override.
[    0.000000] Using ACPI (MADT) for SMP configuration information
[    0.000000] ACPI: HPET id: 0x8086a201 base: 0xfed00000
[    0.000000] nr_irqs_gsi: 24
[    0.000000] PM: Registered nosave memory: 000000000009d000 - 000000000009e000
[    0.000000] PM: Registered nosave memory: 000000000009e000 - 00000000000a0000
[    0.000000] PM: Registered nosave memory: 00000000000a0000 - 00000000000d2000
[    0.000000] PM: Registered nosave memory: 00000000000d2000 - 00000000000d4000
[    0.000000] PM: Registered nosave memory: 00000000000d4000 - 00000000000e0000
[    0.000000] PM: Registered nosave memory: 00000000000e0000 - 0000000000100000
[    0.000000] Allocating PCI resources starting at 3e000000 (gap: 3e000000:b2000000)
[    0.000000] Built 1 zonelists in Zone order, mobility grouping on.  Total pages: 249503
[    0.000000] Kernel command line: auto BOOT_IMAGE=Linux ro root=802 vt.default_utf8=0 maxcpus=0
[    0.000000] PID hash table entries: 4096 (order: 2, 16384 bytes)
[    0.000000] Dentry cache hash table entries: 131072 (order: 7, 524288 bytes)
[    0.000000] Inode-cache hash table entries: 65536 (order: 6, 262144 bytes)
[    0.000000] Enabling fast FPU save and restore... done.
[    0.000000] Enabling unmasked SIMD FPU exception support... done.
[    0.000000] Initializing CPU#0
[    0.000000] Initializing HighMem for node 0 (000377fe:0003d6b0)
[    0.000000] Memory: 984800k/1006272k available (6915k kernel code, 20876k reserved, 2327k data, 448k init, 96968k highmem)
[    0.000000] virtual kernel memory layout:
[    0.000000]     fixmap  : 0xfffa3000 - 0xfffff000   ( 368 kB)
[    0.000000]     pkmap   : 0xff800000 - 0xffc00000   (4096 kB)
[    0.000000]     vmalloc : 0xf7ffe000 - 0xff7fe000   ( 120 MB)
[    0.000000]     lowmem  : 0xc0000000 - 0xf77fe000   ( 887 MB)
[    0.000000]       .init : 0xc1907000 - 0xc1977000   ( 448 kB)
[    0.000000]       .data : 0xc16c0d3f - 0xc1906c64   (2327 kB)
[    0.000000]       .text : 0xc1000000 - 0xc16c0d3f   (6915 kB)
[    0.000000] Checking if this processor honours the WP bit even in supervisor mode...Ok.
[    0.000000] SLUB: Genslabs=13, HWalign=64, Order=0-3, MinObjects=0, CPUs=1, Nodes=1
[    0.000000] Hierarchical RCU implementation.
[    0.000000] NR_IRQS:288
[    0.000000] Extended CMOS year: 2000
[    0.000000] Console: colour VGA+ 80x25
[    0.000000] console [tty0] enabled
[    0.000000] hpet clockevent registered
[    0.000000] Fast TSC calibration using PIT
[    0.000000] Detected 2094.854 MHz processor.
[    0.001002] Calibrating delay loop (skipped), value calculated using timer frequency.. 4189.70 BogoMIPS (lpj=2094854)
[    0.001173] Security Framework initialized
[    0.001255] Mount-cache hash table entries: 512
[    0.001403] CPU: L1 I cache: 32K, L1 D cache: 32K
[    0.002002] CPU: L2 cache: 3072K
[    0.002083] mce: CPU supports 6 MCE banks
[    0.002165] CPU0: Thermal monitoring enabled (TM2)
[    0.002248] using mwait in idle threads.
[    0.002335] CPU: Intel(R) Core(TM)2 Duo CPU     T8100  @ 2.10GHz stepping 06
[    0.002503] Checking 'hlt' instruction... OK.
[    0.006931] ACPI: Core revision 20090903
[    0.026009] RANDOM get_random_int first call with cycles 38439268676, jiffies 4294667322 and pid 0
[    0.026017] CANARY value: 44436b55 for PID: 1
[    0.026023] CANARY value: 4ca34ae1 for PID: 2
[    0.026046] Enabling APIC mode:  Flat.  Using 1 I/O APICs
[    0.026500] ..TIMER: vector=0x30 apic1=0 pin1=2 apic2=-1 pin2=-1
[    0.037997] xor: automatically using best checksumming function: pIII_sse
[    0.041998]    pIII_sse  :  8568.000 MB/sec
[    0.042089] xor: using function: pIII_sse (8568.000 MB/sec)
[    0.042174] RANDOM - __seed init called.
[    0.042175] RANDOM - __seed init called.
[    0.042176] RANDOM - __seed init called.
[    0.042178] RANDOM - __random32 called. Change num 1.  Value: f7943846	49e73df3	af36cd0d
[    0.042180] RANDOM - __random32 called. Change num 2.  Value: 43846e13	9e73df37	9a1ad014
[    0.042181] RANDOM - __random32 called. Change num 3.  Value: 46e139c8	e73df373	a029598a
[    0.042183] RANDOM - __random32 called. Change num 4.  Value: 139c8c3b	73df373d	b3142c72
[    0.042185] RANDOM - __random32 called. Change num 5.  Value: c8c3b043	3df373de	58e576a9
[    0.042187] RANDOM - __random32 called. Change num 6.  Value: 3b0437d9	df373de5	ed53f9d8
[    0.042188] RANDOM - random32 init called.  Value: 3b0437d9	df373de5	ed53f9d8
[    0.042205] NET: Registered protocol family 16
[    0.042456] ACPI FADT declares the system doesn't support PCIe ASPM, so disable it
[    0.042569] ACPI: bus type pci registered
[    0.042729] PCI: MCFG configuration 0: base f0000000 segment 0 buses 0 - 63
[    0.042818] PCI: MCFG area at f0000000 reserved in E820
[    0.042900] PCI: Using MMCONFIG for extended config space
[    0.042981] PCI: Using configuration type 1 for base access
[    0.046080] bio: create slab <bio-0> at 0
[    0.046892] ACPI: EC: EC description table is found, configuring boot EC
[    0.052050] ACPI: BIOS _OSI(Linux) query honored via DMI
[    0.052779] random 0000 0000 0000 00000000 00000000: rand_read_num 2 get_random_bytes(8): sig fffffe1a 00000000 00000000
[    0.052782] random 0000 0000 0000 00000000 00000000: extract_entropy(.. 8 ..)
[    0.052785] random 0000 0000 0000 00000000 00000000: going to reseed nonblocking with 64 bits (64 of 0 requested)
[    0.052787] random 0000 0000 0000 00000000 00000000: extract_entropy(.. 8 ..)
[    0.052789] random 0000 0000 0000 00000000 00000000: trying to extract 64 bits from input
[    0.052792] random 0000 0000 0000 00000000 00000000: debiting 0 entropy credits from input
[    0.052793] random 0000 0000 0000 00000000 00000000: extract_entropy account returned: 0 
[    0.052796] random 0000 0000 0000 00000000 00000000: urand_change_num 3 xfer_secondary_pool(8): pool_sig fffffe1a, data_sig 00000000, bytes_mixed 0 00000000 00000000
[    0.052826] random 0000 0000 0000 00000000 00000000: trying to extract 64 bits from nonblocking
[    0.052828] random 0000 0000 0000 00000000 00000000: debiting 64 entropy credits from nonblocking (unlimited)
[    0.052830] random 0000 0000 0000 00000000 00000000: extract_entropy account returned: 8 
[    0.052834] random 0000 0000 0000 00000000 00000000: urand_change_num 4 extract_buf: pool_sig fffffe1a, data_sig fffffed7, bytes_mixed 20 00000000 00000000
[    0.057568] ACPI: Interpreter enabled
[    0.057647] ACPI: (supports S0 S3 S4 S5)
[    0.057945] ACPI: Using IOAPIC for interrupt routing
[    0.067674] ACPI: EC: GPE = 0x12, I/O: command/status = 0x66, data = 0x62
[    0.067958] ACPI: Power Resource [PUBS] (on)
[    0.070063] ACPI: ACPI Dock Station Driver: 3 docks/bays found
[    0.070460] ACPI: PCI Root Bridge [PCI0] (0000:00)
[    0.070628] pci 0000:00:02.0: reg 10 64bit mmio: [0xf8100000-0xf81fffff]
[    0.070634] pci 0000:00:02.0: reg 18 64bit mmio pref: [0xe0000000-0xefffffff]
[    0.070638] pci 0000:00:02.0: reg 20 io port: [0x1800-0x1807]
[    0.070672] pci 0000:00:02.1: reg 10 64bit mmio: [0xf8200000-0xf82fffff]
[    0.070776] pci 0000:00:19.0: reg 10 32bit mmio: [0xfe000000-0xfe01ffff]
[    0.070785] pci 0000:00:19.0: reg 14 32bit mmio: [0xfe025000-0xfe025fff]
[    0.070792] pci 0000:00:19.0: reg 18 io port: [0x1840-0x185f]
[    0.070858] pci 0000:00:19.0: PME# supported from D0 D3hot D3cold
[    0.070946] pci 0000:00:19.0: PME# disabled
[    0.071065] pci 0000:00:1a.0: reg 20 io port: [0x1860-0x187f]
[    0.071148] pci 0000:00:1a.1: reg 20 io port: [0x1880-0x189f]
[    0.071231] pci 0000:00:1a.7: reg 10 32bit mmio: [0xfe226c00-0xfe226fff]
[    0.071314] pci 0000:00:1a.7: PME# supported from D0 D3hot D3cold
[    0.071409] pci 0000:00:1a.7: PME# disabled
[    0.071547] pci 0000:00:1b.0: reg 10 64bit mmio: [0xfe020000-0xfe023fff]
[    0.071627] pci 0000:00:1b.0: PME# supported from D0 D3hot D3cold
[    0.071721] pci 0000:00:1b.0: PME# disabled
[    0.071916] pci 0000:00:1c.0: PME# supported from D0 D3hot D3cold
[    0.072000] pci 0000:00:1c.0: PME# disabled
[    0.072202] pci 0000:00:1c.1: PME# supported from D0 D3hot D3cold
[    0.072289] pci 0000:00:1c.1: PME# disabled
[    0.072488] pci 0000:00:1c.2: PME# supported from D0 D3hot D3cold
[    0.072575] pci 0000:00:1c.2: PME# disabled
[    0.072767] pci 0000:00:1c.3: PME# supported from D0 D3hot D3cold
[    0.072855] pci 0000:00:1c.3: PME# disabled
[    0.073115] pci 0000:00:1c.4: PME# supported from D0 D3hot D3cold
[    0.073198] pci 0000:00:1c.4: PME# disabled
[    0.073334] pci 0000:00:1d.0: reg 20 io port: [0x18a0-0x18bf]
[    0.074065] pci 0000:00:1d.1: reg 20 io port: [0x18c0-0x18df]
[    0.074150] pci 0000:00:1d.2: reg 20 io port: [0x18e0-0x18ff]
[    0.074237] pci 0000:00:1d.7: reg 10 32bit mmio: [0xfe227000-0xfe2273ff]
[    0.074333] pci 0000:00:1d.7: PME# supported from D0 D3hot D3cold
[    0.074427] pci 0000:00:1d.7: PME# disabled
[    0.074704] pci 0000:00:1f.0: quirk: region 1000-107f claimed by ICH6 ACPI/GPIO/TCO
[    0.074828] pci 0000:00:1f.0: quirk: region 1180-11bf claimed by ICH6 GPIO
[    0.074912] pci 0000:00:1f.0: ICH7 LPC Generic IO decode 1 PIO at 1600 (mask 007f)
[    0.074998] pci 0000:00:1f.0: ICH7 LPC Generic IO decode 2 PIO at 15e0 (mask 000f)
[    0.075112] pci 0000:00:1f.0: ICH7 LPC Generic IO decode 3 PIO at 1680 (mask 001f)
[    0.075304] pci 0000:00:1f.1: reg 10 io port: [0x00-0x07]
[    0.075316] pci 0000:00:1f.1: reg 14 io port: [0x00-0x03]
[    0.075323] pci 0000:00:1f.1: reg 18 io port: [0x00-0x07]
[    0.075332] pci 0000:00:1f.1: reg 1c io port: [0x00-0x03]
[    0.075341] pci 0000:00:1f.1: reg 20 io port: [0x1c00-0x1c0f]
[    0.075423] pci 0000:00:1f.2: reg 10 io port: [0x1c50-0x1c57]
[    0.075432] pci 0000:00:1f.2: reg 14 io port: [0x1c44-0x1c47]
[    0.075441] pci 0000:00:1f.2: reg 18 io port: [0x1c48-0x1c4f]
[    0.075450] pci 0000:00:1f.2: reg 1c io port: [0x1c40-0x1c43]
[    0.075457] pci 0000:00:1f.2: reg 20 io port: [0x1c20-0x1c3f]
[    0.075466] pci 0000:00:1f.2: reg 24 32bit mmio: [0xfe226000-0xfe2267ff]
[    0.075526] pci 0000:00:1f.2: PME# supported from D3hot
[    0.075608] pci 0000:00:1f.2: PME# disabled
[    0.075732] pci 0000:00:1f.3: reg 10 32bit mmio: [0xfe227400-0xfe2274ff]
[    0.075757] pci 0000:00:1f.3: reg 20 io port: [0x1c60-0x1c7f]
[    0.075849] pci 0000:00:1c.0: bridge io port: [0x2000-0x2fff]
[    0.075856] pci 0000:00:1c.0: bridge 32bit mmio: [0xfc000000-0xfdffffff]
[    0.075865] pci 0000:00:1c.0: bridge 64bit mmio pref: [0xf8000000-0xf80fffff]
[    0.075935] pci 0000:03:00.0: reg 10 64bit mmio: [0xdf3f0000-0xdf3fffff]
[    0.076171] pci 0000:00:1c.1: bridge io port: [0x3000-0x3fff]
[    0.076177] pci 0000:00:1c.1: bridge 32bit mmio: [0xdc000000-0xdf3fffff]
[    0.076184] pci 0000:00:1c.1: bridge 64bit mmio pref: [0xdfe00000-0xdfefffff]
[    0.076240] pci 0000:00:1c.2: bridge io port: [0x4000-0x4fff]
[    0.076245] pci 0000:00:1c.2: bridge 32bit mmio: [0xd8000000-0xd9ffffff]
[    0.076251] pci 0000:00:1c.2: bridge 64bit mmio pref: [0xdfb00000-0xdfbfffff]
[    0.076307] pci 0000:00:1c.3: bridge io port: [0x5000-0x5fff]
[    0.076312] pci 0000:00:1c.3: bridge 32bit mmio: [0xd4000000-0xd5ffffff]
[    0.076324] pci 0000:00:1c.3: bridge 64bit mmio pref: [0xdf800000-0xdf8fffff]
[    0.076382] pci 0000:00:1c.4: bridge io port: [0x6000-0x6fff]
[    0.076388] pci 0000:00:1c.4: bridge 32bit mmio: [0xd0000000-0xd1ffffff]
[    0.076397] pci 0000:00:1c.4: bridge 64bit mmio pref: [0xdf500000-0xdf5fffff]
[    0.076453] pci 0000:15:00.0: reg 10 32bit mmio: [0xf8300000-0xf8300fff]
[    0.076501] pci 0000:15:00.0: supports D1 D2
[    0.076503] pci 0000:15:00.0: PME# supported from D0 D1 D2 D3hot D3cold
[    0.076594] pci 0000:15:00.0: PME# disabled
[    0.076732] pci 0000:15:00.1: reg 10 32bit mmio: [0xf8301000-0xf83017ff]
[    0.076831] pci 0000:15:00.1: supports D1 D2
[    0.076832] pci 0000:15:00.1: PME# supported from D0 D1 D2 D3hot D3cold
[    0.076928] pci 0000:15:00.1: PME# disabled
[    0.077083] pci 0000:00:1e.0: transparent bridge
[    0.077177] pci 0000:00:1e.0: bridge io port: [0x7000-0xafff]
[    0.077181] pci 0000:00:1e.0: bridge 32bit mmio: [0xf8300000-0xfbffffff]
[    0.077191] pci 0000:00:1e.0: bridge 64bit mmio pref: [0xf4000000-0xf7ffffff]
[    0.077255] pci_bus 0000:00: on NUMA node 0
[    0.077259] ACPI: PCI Interrupt Routing Table [\_SB_.PCI0._PRT]
[    0.077392] ACPI: PCI Interrupt Routing Table [\_SB_.PCI0.EXP0._PRT]
[    0.077451] ACPI: PCI Interrupt Routing Table [\_SB_.PCI0.EXP1._PRT]
[    0.077509] ACPI: PCI Interrupt Routing Table [\_SB_.PCI0.EXP2._PRT]
[    0.077567] ACPI: PCI Interrupt Routing Table [\_SB_.PCI0.EXP3._PRT]
[    0.077630] ACPI: PCI Interrupt Routing Table [\_SB_.PCI0.EXP4._PRT]
[    0.077692] ACPI: PCI Interrupt Routing Table [\_SB_.PCI0.PCI1._PRT]
[    0.083186] ACPI: PCI Interrupt Link [LNKA] (IRQs 3 4 5 6 7 9 *10 11)
[    0.083933] ACPI: PCI Interrupt Link [LNKB] (IRQs 3 4 5 6 7 9 10 *11)
[    0.084646] ACPI: PCI Interrupt Link [LNKC] (IRQs 3 4 5 6 7 9 10 *11)
[    0.085376] ACPI: PCI Interrupt Link [LNKD] (IRQs 3 4 5 6 7 9 10 *11)
[    0.086130] ACPI: PCI Interrupt Link [LNKE] (IRQs 3 4 5 6 7 9 10 *11)
[    0.086823] ACPI: PCI Interrupt Link [LNKF] (IRQs 3 4 5 6 7 9 10 *11)
[    0.087531] ACPI: PCI Interrupt Link [LNKG] (IRQs 3 4 5 6 7 9 10 *11)
[    0.088281] ACPI: PCI Interrupt Link [LNKH] (IRQs 3 4 5 6 7 9 10 *11)
[    0.088952] vgaarb: device added: PCI:0000:00:02.0,decodes=io+mem,owns=io+mem,locks=none
[    0.089003] vgaarb: loaded
[    0.089176] SCSI subsystem initialized
[    0.089271] libata version 3.00 loaded.
[    0.089318] usbcore: registered new interface driver usbfs
[    0.089431] usbcore: registered new interface driver hub
[    0.089539] usbcore: registered new device driver usb
[    0.106042] raid6: int32x1    941 MB/s
[    0.123059] raid6: int32x2    890 MB/s
[    0.140070] raid6: int32x4    750 MB/s
[    0.156993] raid6: int32x8    656 MB/s
[    0.174003] raid6: mmxx1     2882 MB/s
[    0.190989] raid6: mmxx2     3253 MB/s
[    0.207991] raid6: sse1x1    1937 MB/s
[    0.224978] raid6: sse1x2    2531 MB/s
[    0.241980] raid6: sse2x1    3511 MB/s
[    0.258984] raid6: sse2x2    3824 MB/s
[    0.259062] raid6: using algorithm sse2x2 (3824 MB/s)
[    0.259146] PCI: Using ACPI for IRQ routing
[    0.259448] HPET: 3 timers in total, 0 timers will be used for per-cpu timer
[    0.259991] Switching to clocksource tsc
[    0.260083] pnp: PnP ACPI init
[    0.260166] ACPI: bus type pnp registered
[    0.263795] pnp: PnP ACPI: found 11 devices
[    0.263897] ACPI: ACPI bus type pnp unregistered
[    0.263984] system 00:00: iomem range 0x0-0x9ffff could not be reserved
[    0.264076] system 00:00: iomem range 0xc0000-0xc3fff could not be reserved
[    0.264158] system 00:00: iomem range 0xc4000-0xc7fff could not be reserved
[    0.264251] system 00:00: iomem range 0xc8000-0xcbfff has been reserved
[    0.264334] system 00:00: iomem range 0xcc000-0xcffff has been reserved
[    0.264425] system 00:00: iomem range 0xd0000-0xd3fff could not be reserved
[    0.264509] system 00:00: iomem range 0xe0000-0xe3fff could not be reserved
[    0.264596] system 00:00: iomem range 0xe4000-0xe7fff could not be reserved
[    0.264678] system 00:00: iomem range 0xe8000-0xebfff could not be reserved
[    0.264764] system 00:00: iomem range 0xec000-0xeffff could not be reserved
[    0.264846] system 00:00: iomem range 0xf0000-0xfffff could not be reserved
[    0.264939] system 00:00: iomem range 0x100000-0x3dffffff could not be reserved
[    0.265052] system 00:00: iomem range 0xfec00000-0xfed3ffff could not be reserved
[    0.265163] system 00:00: iomem range 0xfed4c000-0xffffffff could not be reserved
[    0.265277] system 00:02: ioport range 0x164e-0x164f has been reserved
[    0.265361] system 00:02: ioport range 0x1000-0x107f has been reserved
[    0.265443] system 00:02: ioport range 0x1180-0x11bf has been reserved
[    0.265531] system 00:02: ioport range 0x800-0x80f has been reserved
[    0.265620] system 00:02: ioport range 0x15e0-0x15ef has been reserved
[    0.265701] system 00:02: ioport range 0x1600-0x165f could not be reserved
[    0.265792] system 00:02: iomem range 0xf0000000-0xf3ffffff has been reserved
[    0.265883] system 00:02: iomem range 0xfed1c000-0xfed1ffff has been reserved
[    0.265982] system 00:02: iomem range 0xfed14000-0xfed17fff has been reserved
[    0.266081] system 00:02: iomem range 0xfed18000-0xfed18fff has been reserved
[    0.266170] system 00:02: iomem range 0xfed19000-0xfed19fff has been reserved
[    0.266252] system 00:02: iomem range 0xfed45000-0xfed4bfff has been reserved
[    0.301285] pci 0000:00:1c.0: PCI bridge, secondary bus 0000:02
[    0.301375] pci 0000:00:1c.0:   IO window: 0x2000-0x2fff
[    0.301464] pci 0000:00:1c.0:   MEM window: 0xfc000000-0xfdffffff
[    0.301550] pci 0000:00:1c.0:   PREFETCH window: 0x000000f8000000-0x000000f80fffff
[    0.301676] pci 0000:00:1c.1: PCI bridge, secondary bus 0000:03
[    0.301766] pci 0000:00:1c.1:   IO window: 0x3000-0x3fff
[    0.301852] pci 0000:00:1c.1:   MEM window: 0xdc000000-0xdf3fffff
[    0.301943] pci 0000:00:1c.1:   PREFETCH window: 0x000000dfe00000-0x000000dfefffff
[    0.302064] pci 0000:00:1c.2: PCI bridge, secondary bus 0000:04
[    0.302146] pci 0000:00:1c.2:   IO window: 0x4000-0x4fff
[    0.302229] pci 0000:00:1c.2:   MEM window: 0xd8000000-0xd9ffffff
[    0.302313] pci 0000:00:1c.2:   PREFETCH window: 0x000000dfb00000-0x000000dfbfffff
[    0.302430] pci 0000:00:1c.3: PCI bridge, secondary bus 0000:05
[    0.302513] pci 0000:00:1c.3:   IO window: 0x5000-0x5fff
[    0.302600] pci 0000:00:1c.3:   MEM window: 0xd4000000-0xd5ffffff
[    0.302689] pci 0000:00:1c.3:   PREFETCH window: 0x000000df800000-0x000000df8fffff
[    0.302806] pci 0000:00:1c.4: PCI bridge, secondary bus 0000:0d
[    0.302896] pci 0000:00:1c.4:   IO window: 0x6000-0x6fff
[    0.302980] pci 0000:00:1c.4:   MEM window: 0xd0000000-0xd1ffffff
[    0.303063] pci 0000:00:1c.4:   PREFETCH window: 0x000000df500000-0x000000df5fffff
[    0.303198] pci 0000:15:00.0: CardBus bridge, secondary bus 0000:16
[    0.303285] pci 0000:15:00.0:   IO window: 0x007000-0x0070ff
[    0.303369] pci 0000:15:00.0:   IO window: 0x007400-0x0074ff
[    0.303461] pci 0000:15:00.0:   PREFETCH window: 0xf4000000-0xf7ffffff
[    0.303547] pci 0000:15:00.0:   MEM window: 0x40000000-0x43ffffff
[    0.303633] pci 0000:00:1e.0: PCI bridge, secondary bus 0000:15
[    0.303715] pci 0000:00:1e.0:   IO window: 0x7000-0xafff
[    0.303808] pci 0000:00:1e.0:   MEM window: 0xf8300000-0xfbffffff
[    0.303908] pci 0000:00:1e.0:   PREFETCH window: 0x000000f4000000-0x000000f7ffffff
[    0.304037] pci 0000:00:1c.0: PCI INT A -> GSI 20 (level, low) -> IRQ 20
[    0.304127] pci 0000:00:1c.0: setting latency timer to 64
[    0.304146] pci 0000:00:1c.1: PCI INT B -> GSI 21 (level, low) -> IRQ 21
[    0.304239] pci 0000:00:1c.1: setting latency timer to 64
[    0.304252] pci 0000:00:1c.2: PCI INT C -> GSI 22 (level, low) -> IRQ 22
[    0.304337] pci 0000:00:1c.2: setting latency timer to 64
[    0.304353] pci 0000:00:1c.3: PCI INT D -> GSI 23 (level, low) -> IRQ 23
[    0.304439] pci 0000:00:1c.3: setting latency timer to 64
[    0.304452] pci 0000:00:1c.4: PCI INT A -> GSI 20 (level, low) -> IRQ 20
[    0.304534] pci 0000:00:1c.4: setting latency timer to 64
[    0.304543] pci 0000:00:1e.0: enabling device (0005 -> 0007)
[    0.304632] pci 0000:00:1e.0: setting latency timer to 64
[    0.304648] pci 0000:15:00.0: PCI INT A -> GSI 16 (level, low) -> IRQ 16
[    0.304745] pci 0000:15:00.0: setting latency timer to 64
[    0.304749] pci_bus 0000:00: resource 0 io:  [0x00-0xffff]
[    0.304751] pci_bus 0000:00: resource 1 mem: [0x000000-0xffffffff]
[    0.304753] pci_bus 0000:02: resource 0 io:  [0x2000-0x2fff]
[    0.304755] pci_bus 0000:02: resource 1 mem: [0xfc000000-0xfdffffff]
[    0.304757] pci_bus 0000:02: resource 2 pref mem [0xf8000000-0xf80fffff]
[    0.304759] pci_bus 0000:03: resource 0 io:  [0x3000-0x3fff]
[    0.304761] pci_bus 0000:03: resource 1 mem: [0xdc000000-0xdf3fffff]
[    0.304763] pci_bus 0000:03: resource 2 pref mem [0xdfe00000-0xdfefffff]
[    0.304765] pci_bus 0000:04: resource 0 io:  [0x4000-0x4fff]
[    0.304766] pci_bus 0000:04: resource 1 mem: [0xd8000000-0xd9ffffff]
[    0.304768] pci_bus 0000:04: resource 2 pref mem [0xdfb00000-0xdfbfffff]
[    0.304770] pci_bus 0000:05: resource 0 io:  [0x5000-0x5fff]
[    0.304772] pci_bus 0000:05: resource 1 mem: [0xd4000000-0xd5ffffff]
[    0.304774] pci_bus 0000:05: resource 2 pref mem [0xdf800000-0xdf8fffff]
[    0.304776] pci_bus 0000:0d: resource 0 io:  [0x6000-0x6fff]
[    0.304777] pci_bus 0000:0d: resource 1 mem: [0xd0000000-0xd1ffffff]
[    0.304779] pci_bus 0000:0d: resource 2 pref mem [0xdf500000-0xdf5fffff]
[    0.304781] pci_bus 0000:15: resource 0 io:  [0x7000-0xafff]
[    0.304783] pci_bus 0000:15: resource 1 mem: [0xf8300000-0xfbffffff]
[    0.304785] pci_bus 0000:15: resource 2 pref mem [0xf4000000-0xf7ffffff]
[    0.304786] pci_bus 0000:15: resource 3 io:  [0x00-0xffff]
[    0.304788] pci_bus 0000:15: resource 4 mem: [0x000000-0xffffffff]
[    0.304790] pci_bus 0000:16: resource 0 io:  [0x7000-0x70ff]
[    0.304792] pci_bus 0000:16: resource 1 io:  [0x7400-0x74ff]
[    0.304794] pci_bus 0000:16: resource 2 pref mem [0xf4000000-0xf7ffffff]
[    0.304796] pci_bus 0000:16: resource 3 mem: [0x40000000-0x43ffffff]
[    0.304803] NET: Registered protocol family 2
[    0.304893] RANDOM - __random32 called. Change num 7.  Value: 437d97bf	f373de51	f3b0f986
[    0.304894] RANDOM - random32 called.  Value: 437d97bf	f373de51	f3b0f986
[    0.304899] random 0000 0000 0000 5f8db4e5 4cfdf2a8: rand_read_num 3 get_random_bytes(4): sig fffffb64 5f8db4e5 4cfdf2a8
[    0.304901] random 0000 0000 0000 5f8db4e5 4cfdf2a8: extract_entropy(.. 4 ..)
[    0.304904] random 0000 0000 0000 5f8db4e5 4cfdf2a8: going to reseed nonblocking with 64 bits (32 of 0 requested)
[    0.304906] random 0000 0000 0000 5f8db4e5 4cfdf2a8: extract_entropy(.. 8 ..)
[    0.304908] random 0000 0000 0000 5f8db4e5 4cfdf2a8: trying to extract 64 bits from input
[    0.304910] random 0000 0000 0000 5f8db4e5 4cfdf2a8: debiting 0 entropy credits from input
[    0.304912] random 0000 0000 0000 5f8db4e5 4cfdf2a8: extract_entropy account returned: 0 
[    0.304915] random 0000 0000 0000 5f8db4e5 4cfdf2a8: urand_change_num 5 xfer_secondary_pool(4): pool_sig fffffb64, data_sig 00000000, bytes_mixed 0 5f8db4e5 4cfdf2a8
[    0.304918] random 0000 0000 0000 5f8db4e5 4cfdf2a8: trying to extract 32 bits from nonblocking
[    0.304921] random 0000 0000 0000 5f8db4e5 4cfdf2a8: debiting 32 entropy credits from nonblocking (unlimited)
[    0.304923] random 0000 0000 0000 5f8db4e5 4cfdf2a8: extract_entropy account returned: 4 
[    0.304927] random 0000 0000 0000 5f8db4e5 4cfdf2a8: urand_change_num 6 extract_buf: pool_sig fffffb64, data_sig 00000241, bytes_mixed 20 5f8db4e5 4cfdf2a8
[    0.304937] IP route cache hash table entries: 32768 (order: 5, 131072 bytes)
[    0.305068] RANDOM - __random32 called. Change num 8.  Value: d97bfe31	373de51f	f30dc6e6
[    0.305069] RANDOM - random32 called.  Value: d97bfe31	373de51f	f30dc6e6
[    0.305080] RANDOM - __random32 called. Change num 9.  Value: bfe314d7	73de51f5	8dcd6c7e
[    0.305082] RANDOM - random32 called.  Value: bfe314d7	73de51f5	8dcd6c7e
[    0.305084] RANDOM - __random32 called. Change num 10.  Value: 314d7baf	3de51f5e	d8fc74c1
[    0.305085] RANDOM - random32 called.  Value: 314d7baf	3de51f5e	d8fc74c1
[    0.305096] RANDOM - __random32 called. Change num 11.  Value: d7baf3c7	de51f5e5	e983e3fa
[    0.305098] RANDOM - random32 called.  Value: d7baf3c7	de51f5e5	e983e3fa
[    0.305107] TCP established hash table entries: 131072 (order: 8, 1048576 bytes)
[    0.305589] TCP bind hash table entries: 65536 (order: 6, 262144 bytes)
[    0.305772] TCP: Hash tables configured (established 131072 bind 65536)
[    0.305853] TCP reno registered
[    0.305955] NET: Registered protocol family 1
[    0.306072] RPC: Registered udp transport module.
[    0.306151] RPC: Registered tcp transport module.
[    0.306240] RPC: Registered tcp NFSv4.1 backchannel transport module.
[    0.306326] pci 0000:00:02.0: Boot video device
[    0.306547] Simple Boot Flag at 0x35 set to 0x1
[    0.307113] highmem bounce pool size: 64 pages
[    0.308597] VFS: Disk quotas dquot_6.5.2
[    0.308711] Dquot-cache hash table entries: 1024 (order 0, 4096 bytes)
[    0.309451] NTFS driver 2.1.29 [Flags: R/W].
[    0.309603] ROMFS MTD (C) 2007 Red Hat, Inc.
[    0.309804] JFS: nTxBlock = 7695, nTxLock = 61562
[    0.312243] SGI XFS with ACLs, security attributes, large block/inode numbers, no debug enabled
[    0.312713] SGI XFS Quota Management subsystem
[    0.313051] Slow work thread pool: Starting up
[    0.313144] Slow work thread pool: Ready
[    0.313228] GFS2 (built May 24 2013 02:47:17) installed
[    0.313322] msgmni has been set to 1734
[    0.313481] alg: No test for cipher_null (cipher_null-generic)
[    0.313573] alg: No test for ecb(cipher_null) (ecb-cipher_null)
[    0.313663] alg: No test for digest_null (digest_null-generic)
[    0.313763] alg: No test for compress_null (compress_null-generic)
[    0.314310] alg: No test for fcrypt (fcrypt-generic)
[    0.315717] alg: No test for stdrng (krng)
[    0.315803] async_tx: api initialized (async)
[    0.315958] Block layer SCSI generic (bsg) driver version 0.4 loaded (major 254)
[    0.316073] io scheduler noop registered
[    0.316156] io scheduler anticipatory registered
[    0.316237] io scheduler deadline registered
[    0.316360] io scheduler cfq registered (default)
[    0.316593] pcieport 0000:00:1c.0: irq 24 for MSI/MSI-X
[    0.316611] pcieport 0000:00:1c.0: setting latency timer to 64
[    0.316812] pcieport 0000:00:1c.1: irq 25 for MSI/MSI-X
[    0.316828] pcieport 0000:00:1c.1: setting latency timer to 64
[    0.317023] pcieport 0000:00:1c.2: irq 26 for MSI/MSI-X
[    0.317034] pcieport 0000:00:1c.2: setting latency timer to 64
[    0.317210] pcieport 0000:00:1c.3: irq 27 for MSI/MSI-X
[    0.317222] pcieport 0000:00:1c.3: setting latency timer to 64
[    0.317405] pcieport 0000:00:1c.4: irq 28 for MSI/MSI-X
[    0.317417] pcieport 0000:00:1c.4: setting latency timer to 64
[    0.317560] pci_hotplug: PCI Hot Plug PCI Core version: 0.5
[    0.317748] isapnp: Scanning for PnP cards...
[    0.678281] isapnp: No Plug & Play device found
[    0.678361] random 0000 0000 0000 5f8db4e5 4cfdf2a8: initializing
[    0.678363] RANDOM init_std_data for input now value: 1369925126678363822
[    0.678365] RANDOM init_std_data for blocking now value: 1369925126678365842
[    0.678367] RANDOM init_std_data for nonblocking now value: 1369925126678367566
[    0.697915] Serial: 8250/16550 driver, 4 ports, IRQ sharing enabled
[    3.708496] floppy0: no floppy controllers found
[    3.709437] brd: module loaded
[    3.709944] loop: module loaded
[    3.710021] Compaq SMART2 Driver (v 2.6.0)
[    3.710140] HP CISS Driver (v 3.6.20)
[    3.710371] input: Macintosh mouse button emulation as /devices/virtual/input/input0
[    3.710509] Uniform Multi-Platform E-IDE driver
[    3.710734] piix 0000:00:1f.1: IDE controller (0x8086:0x2850 rev 0x03)
[    3.710826] pci 0000:00:1f.1: PCI INT C -> GSI 16 (level, low) -> IRQ 16
[    3.710928] piix 0000:00:1f.1: IDE port disabled
[    3.711023] piix 0000:00:1f.1: not 100% native mode: will probe irqs later
[    3.711119]     ide0: BM-DMA at 0x1c00-0x1c07
[    3.711202] Probing IDE interface ide0...
[    4.382641] hda: HL-DT-ST DVDRAM GSA-U10N, ATAPI CD/DVD-ROM drive
[    4.689417] hda: host max PIO4 wanted PIO255(auto-tune) selected PIO4
[    4.690185] hda: UDMA/33 mode selected
[    4.690652] ide0 at 0x1f0-0x1f7,0x3f6 on irq 14
[    4.694524] ide-gd driver 1.18
[    4.694620] ide-cd driver 5.00
[    4.696000] random 0000 0000 0000 00000000 00000000: add_disk_randomness(0:0) 00000000 00000000
[    4.696004] random 0000 0000 0000 00000000 00000000: add_timer_randomness(.. 256) with jiffies: 5752047346443320952, cycles: 5752047342148648971
[    4.696007] random 0000 0000 0000 00000000 00000000: added 11 entropy credits to input
[    4.696010] ide-cd: hda: ATAPI 24X DVD-ROM DVD-R/RAM CD-R/RW drive, 2048kB Cache
[    4.696409] Uniform CD-ROM driver Revision: 3.20
[    4.699301] random 0011 0000 0000 00000000 00000000: add_disk_randomness(0:0) 00000000 00000000
[    4.699304] random 0011 0000 0000 00000000 00000000: add_timer_randomness(.. 256) with jiffies: 5781754106221395579, cycles: 5781754101926723595
[    4.699307] random 0011 0000 0000 00000000 00000000: added 1 entropy credits to input
[    4.699310] random 0012 0000 0000 00000000 00000000: add_disk_randomness(0:0) 00000000 00000000
[    4.699312] random 0012 0000 0000 00000000 00000000: add_timer_randomness(.. 256) with jiffies: 5781830097077763707, cycles: 5781830092783091723
[    4.701301] random 0012 0000 0000 00000000 00000000: add_disk_randomness(0:0) 00000000 00000000
[    4.701303] random 0012 0000 0000 00000000 00000000: add_timer_randomness(.. 256) with jiffies: 5799744581763038845, cycles: 5799744577468366859
[    4.701306] random 0012 0000 0000 00000000 00000000: added 1 entropy credits to input
[    4.701309] random 0013 0000 0000 00000000 00000000: add_disk_randomness(0:0) 00000000 00000000
[    4.701312] random 0013 0000 0000 00000000 00000000: add_timer_randomness(.. 256) with jiffies: 5799820658518752893, cycles: 5799820654224080907
[    4.703301] random 0013 0000 0000 00000000 00000000: add_disk_randomness(0:0) 00000000 00000000
[    4.703303] random 0013 0000 0000 00000000 00000000: add_timer_randomness(.. 256) with jiffies: 5817738798221196927, cycles: 5817738793926524939
[    4.703306] random 0013 0000 0000 00000000 00000000: added 1 entropy credits to input
[    4.703309] random 0014 0000 0000 00000000 00000000: add_disk_randomness(0:0) 00000000 00000000
[    4.703311] random 0014 0000 0000 00000000 00000000: add_timer_randomness(.. 256) with jiffies: 5817811945809215103, cycles: 5817811941514543115
[    4.703586] Loading iSCSI transport class v2.0-870.
[    4.703862] rdac: device handler registered
[    4.703941] hp_sw: device handler registered
[    4.704019] emc: device handler registered
[    4.704104] alua: device handler registered
[    4.705084] Adaptec aacraid driver 1.1-5[2461]-ms
[    4.705503] scsi: <fdomain> Detection failed (no card)
[    4.705592] sym53c416.c: Version 1.0.0-ac
[    4.705698] qlogicfas: no cards were found, please specify I/O address and IRQ using iobase= and irq= options
[    4.705817] QLogic Fibre Channel HBA Driver: 8.03.01-k6
[    4.706033] iscsi: registered transport (qla4xxx)
[    4.706132] QLogic iSCSI HBA Driver
[    4.706214] Emulex LightPulse Fibre Channel SCSI driver 8.3.4
[    4.706295] Copyright(c) 2004-2009 Emulex.  All rights reserved.
[    4.728399] Failed initialization of WD-7000 SCSI card!
[    4.818539] DC390: clustering now enabled by default. If you get problems load
[    4.818651]        with "disable_clustering=1" and report to maintainers
[    4.818775] megaraid cmm: 2.20.2.7 (Release Date: Sun Jul 16 00:01:03 EST 2006)
[    4.818922] megaraid: 2.20.5.1 (Release Date: Thu Nov 16 15:32:35 EST 2006)
[    4.819029] megasas: 00.00.04.01 Thu July 24 11:41:51 PST 2008
[    4.819159] GDT-HA: Storage RAID Controller Driver. Version: 3.05
[    4.819298] 3ware Storage Controller device driver for Linux v1.26.02.002.
[    4.819404] 3ware 9000 Storage Controller device driver for Linux v2.26.02.012.
[    4.819538] nsp32: loading...
[    4.819634] ipr: IBM Power RAID SCSI Device Driver version: 2.4.3 (June 10, 2009)
[    4.819767] RocketRAID 3xxx/4xxx Controller driver v1.6 (090910)
[    4.819868] stex: Promise SuperTrak EX Driver version: 4.6.0000.3
[    4.819995] st: Version 20081215, fixed bufsize 32768, s/g segs 256
[    4.820182] ahci 0000:00:1f.2: version 3.0
[    4.820200] ahci 0000:00:1f.2: PCI INT B -> GSI 16 (level, low) -> IRQ 16
[    4.820333] ahci 0000:00:1f.2: irq 29 for MSI/MSI-X
[    4.820410] ahci 0000:00:1f.2: AHCI 0001.0100 32 slots 3 ports 1.5 Gbps 0x5 impl SATA mode
[    4.820525] ahci 0000:00:1f.2: flags: 64bit ncq sntf pm led clo pio slum part ccc 
[    4.820650] ahci 0000:00:1f.2: setting latency timer to 64
[    4.820791] scsi2 : ahci
[    4.820940] scsi3 : ahci
[    4.821070] scsi4 : ahci
[    4.821231] ata1: SATA max UDMA/133 abar m2048@0xfe226000 port 0xfe226100 irq 29
[    4.821350] ata2: DUMMY
[    4.821462] ata3: SATA max UDMA/133 abar m2048@0xfe226000 port 0xfe226200 irq 29
[    4.822063] I2O subsystem v1.325
[    4.822147] i2o: max drivers = 8
[    4.822284] I2O Configuration OSM v1.323
[    4.822391] I2O Bus Adapter OSM v1.317
[    4.822488] I2O Block Device OSM v1.325
[    4.822629] I2O SCSI Peripheral OSM v1.316
[    4.822731] I2O ProcFS OSM v1.316
[    4.822826] Fusion MPT base driver 3.04.12
[    4.822908] Copyright (c) 1999-2008 LSI Corporation
[    4.822990] Fusion MPT SPI Host driver 3.04.12
[    4.823096] Fusion MPT FC Host driver 3.04.12
[    4.823209] Fusion MPT SAS Host driver 3.04.12
[    4.823351] ohci1394 0000:15:00.1: PCI INT B -> GSI 17 (level, low) -> IRQ 17
[    4.823468] ohci1394 0000:15:00.1: setting latency timer to 64
[    4.877405] ohci1394: fw-host0: OHCI-1394 1.1 (PCI): IRQ=[17]  MMIO=[f8301000-f83017ff]  Max Packet=[2048]  IR/IT contexts=[4/4]
[    4.880672] ehci_hcd: USB 2.0 'Enhanced' Host Controller (EHCI) Driver
[    4.880937] ehci_hcd 0000:00:1a.7: power state changed by ACPI to D0
[    4.881173] ehci_hcd 0000:00:1a.7: power state changed by ACPI to D0
[    4.881278] ehci_hcd 0000:00:1a.7: PCI INT C -> GSI 22 (level, low) -> IRQ 22
[    4.881373] ehci_hcd 0000:00:1a.7: setting latency timer to 64
[    4.881379] ehci_hcd 0000:00:1a.7: EHCI Host Controller
[    4.881510] ehci_hcd 0000:00:1a.7: new USB bus registered, assigned bus number 1
[    4.885546] ehci_hcd 0000:00:1a.7: cache line size of 32 is not supported
[    4.885555] ehci_hcd 0000:00:1a.7: irq 22, io mem 0xfe226c00
[    4.895364] ehci_hcd 0000:00:1a.7: USB 2.0 started, EHCI 1.00
[    4.895466] usb usb1: New USB device found, idVendor=1d6b, idProduct=0002
[    4.895552] usb usb1: New USB device strings: Mfr=3, Product=2, SerialNumber=1
[    4.895669] usb usb1: Product: EHCI Host Controller
[    4.895749] usb usb1: Manufacturer: Linux 2.6.32.57 ehci_hcd
[    4.895831] usb usb1: SerialNumber: 0000:00:1a.7
[    4.895968] usb usb1: configuration #1 chosen from 1 choice
[    4.896078] hub 1-0:1.0: USB hub found
[    4.896160] hub 1-0:1.0: 4 ports detected
[    4.896459] ehci_hcd 0000:00:1d.7: power state changed by ACPI to D0
[    4.896691] ehci_hcd 0000:00:1d.7: power state changed by ACPI to D0
[    4.896784] ehci_hcd 0000:00:1d.7: PCI INT D -> GSI 19 (level, low) -> IRQ 19
[    4.896876] ehci_hcd 0000:00:1d.7: setting latency timer to 64
[    4.896881] ehci_hcd 0000:00:1d.7: EHCI Host Controller
[    4.897003] ehci_hcd 0000:00:1d.7: new USB bus registered, assigned bus number 2
[    4.897148] ehci_hcd 0000:00:1d.7: debug port 1
[    4.901116] ehci_hcd 0000:00:1d.7: cache line size of 32 is not supported
[    4.901125] ehci_hcd 0000:00:1d.7: irq 19, io mem 0xfe227000
[    4.911363] ehci_hcd 0000:00:1d.7: USB 2.0 started, EHCI 1.00
[    4.911464] usb usb2: New USB device found, idVendor=1d6b, idProduct=0002
[    4.911552] usb usb2: New USB device strings: Mfr=3, Product=2, SerialNumber=1
[    4.911668] usb usb2: Product: EHCI Host Controller
[    4.911747] usb usb2: Manufacturer: Linux 2.6.32.57 ehci_hcd
[    4.911832] usb usb2: SerialNumber: 0000:00:1d.7
[    4.911962] usb usb2: configuration #1 chosen from 1 choice
[    4.912074] hub 2-0:1.0: USB hub found
[    4.912159] hub 2-0:1.0: 6 ports detected
[    4.912327] 116x: driver isp116x-hcd, 03 Nov 2005
[    4.912431] ohci_hcd: USB 1.1 'Open' Host Controller (OHCI) Driver
[    4.912536] uhci_hcd: USB Universal Host Controller Interface driver
[    4.912647] uhci_hcd 0000:00:1a.0: PCI INT A -> GSI 20 (level, low) -> IRQ 20
[    4.912735] uhci_hcd 0000:00:1a.0: setting latency timer to 64
[    4.912738] uhci_hcd 0000:00:1a.0: UHCI Host Controller
[    4.912859] uhci_hcd 0000:00:1a.0: new USB bus registered, assigned bus number 3
[    4.913009] uhci_hcd 0000:00:1a.0: irq 20, io base 0x00001860
[    4.913116] usb usb3: New USB device found, idVendor=1d6b, idProduct=0001
[    4.913208] usb usb3: New USB device strings: Mfr=3, Product=2, SerialNumber=1
[    4.913320] usb usb3: Product: UHCI Host Controller
[    4.913415] usb usb3: Manufacturer: Linux 2.6.32.57 uhci_hcd
[    4.913500] usb usb3: SerialNumber: 0000:00:1a.0
[    4.913631] usb usb3: configuration #1 chosen from 1 choice
[    4.913738] hub 3-0:1.0: USB hub found
[    4.913829] hub 3-0:1.0: 2 ports detected
[    4.914136] uhci_hcd 0000:00:1a.1: power state changed by ACPI to D0
[    4.914436] uhci_hcd 0000:00:1a.1: power state changed by ACPI to D0
[    4.914529] uhci_hcd 0000:00:1a.1: PCI INT B -> GSI 21 (level, low) -> IRQ 21
[    4.914621] uhci_hcd 0000:00:1a.1: setting latency timer to 64
[    4.914625] uhci_hcd 0000:00:1a.1: UHCI Host Controller
[    4.914753] uhci_hcd 0000:00:1a.1: new USB bus registered, assigned bus number 4
[    4.914893] uhci_hcd 0000:00:1a.1: irq 21, io base 0x00001880
[    4.915001] usb usb4: New USB device found, idVendor=1d6b, idProduct=0001
[    4.915092] usb usb4: New USB device strings: Mfr=3, Product=2, SerialNumber=1
[    4.915209] usb usb4: Product: UHCI Host Controller
[    4.915288] usb usb4: Manufacturer: Linux 2.6.32.57 uhci_hcd
[    4.915378] usb usb4: SerialNumber: 0000:00:1a.1
[    4.915513] usb usb4: configuration #1 chosen from 1 choice
[    4.915621] hub 4-0:1.0: USB hub found
[    4.915703] hub 4-0:1.0: 2 ports detected
[    4.916011] uhci_hcd 0000:00:1d.0: power state changed by ACPI to D0
[    4.916239] uhci_hcd 0000:00:1d.0: power state changed by ACPI to D0
[    4.916333] uhci_hcd 0000:00:1d.0: PCI INT A -> GSI 16 (level, low) -> IRQ 16
[    4.916424] uhci_hcd 0000:00:1d.0: setting latency timer to 64
[    4.916429] uhci_hcd 0000:00:1d.0: UHCI Host Controller
[    4.916550] uhci_hcd 0000:00:1d.0: new USB bus registered, assigned bus number 5
[    4.916694] uhci_hcd 0000:00:1d.0: irq 16, io base 0x000018a0
[    4.916801] usb usb5: New USB device found, idVendor=1d6b, idProduct=0001
[    4.916886] usb usb5: New USB device strings: Mfr=3, Product=2, SerialNumber=1
[    4.917003] usb usb5: Product: UHCI Host Controller
[    4.917093] usb usb5: Manufacturer: Linux 2.6.32.57 uhci_hcd
[    4.917176] usb usb5: SerialNumber: 0000:00:1d.0
[    4.917306] usb usb5: configuration #1 chosen from 1 choice
[    4.917423] hub 5-0:1.0: USB hub found
[    4.917506] hub 5-0:1.0: 2 ports detected
[    4.917643] uhci_hcd 0000:00:1d.1: PCI INT B -> GSI 17 (level, low) -> IRQ 17
[    4.917739] uhci_hcd 0000:00:1d.1: setting latency timer to 64
[    4.917743] uhci_hcd 0000:00:1d.1: UHCI Host Controller
[    4.917869] uhci_hcd 0000:00:1d.1: new USB bus registered, assigned bus number 6
[    4.918023] uhci_hcd 0000:00:1d.1: irq 17, io base 0x000018c0
[    4.918134] usb usb6: New USB device found, idVendor=1d6b, idProduct=0001
[    4.918216] usb usb6: New USB device strings: Mfr=3, Product=2, SerialNumber=1
[    4.918339] usb usb6: Product: UHCI Host Controller
[    4.918424] usb usb6: Manufacturer: Linux 2.6.32.57 uhci_hcd
[    4.918508] usb usb6: SerialNumber: 0000:00:1d.1
[    4.918635] usb usb6: configuration #1 chosen from 1 choice
[    4.918743] hub 6-0:1.0: USB hub found
[    4.918831] hub 6-0:1.0: 2 ports detected
[    4.919116] uhci_hcd 0000:00:1d.2: power state changed by ACPI to D0
[    4.919385] uhci_hcd 0000:00:1d.2: power state changed by ACPI to D0
[    4.919476] uhci_hcd 0000:00:1d.2: PCI INT C -> GSI 18 (level, low) -> IRQ 18
[    4.919568] uhci_hcd 0000:00:1d.2: setting latency timer to 64
[    4.919573] uhci_hcd 0000:00:1d.2: UHCI Host Controller
[    4.919701] uhci_hcd 0000:00:1d.2: new USB bus registered, assigned bus number 7
[    4.919845] uhci_hcd 0000:00:1d.2: irq 18, io base 0x000018e0
[    4.919953] usb usb7: New USB device found, idVendor=1d6b, idProduct=0001
[    4.920045] usb usb7: New USB device strings: Mfr=3, Product=2, SerialNumber=1
[    4.920174] usb usb7: Product: UHCI Host Controller
[    4.920253] usb usb7: Manufacturer: Linux 2.6.32.57 uhci_hcd
[    4.920334] usb usb7: SerialNumber: 0000:00:1d.2
[    4.921122] usb usb7: configuration #1 chosen from 1 choice
[    4.921242] hub 7-0:1.0: USB hub found
[    4.921328] hub 7-0:1.0: 2 ports detected
[    4.921483] sl811: driver sl811-hcd, 19 May 2005
[    4.921579] r8a66597_hcd: driver r8a66597_hcd, 2009-05-26
[    4.921740] Initializing USB Mass Storage driver...
[    4.921864] usbcore: registered new interface driver usb-storage
[    4.921952] USB Mass Storage support registered.
[    4.922048] usbcore: registered new interface driver ums-alauda
[    4.922145] usbcore: registered new interface driver ums-cypress
[    4.922244] usbcore: registered new interface driver ums-datafab
[    4.922343] usbcore: registered new interface driver ums-freecom
[    4.922449] usbcore: registered new interface driver ums-isd200
[    4.922549] usbcore: registered new interface driver ums-jumpshot
[    4.922651] usbcore: registered new interface driver ums-karma
[    4.922753] usbcore: registered new interface driver ums-onetouch
[    4.922858] usbcore: registered new interface driver ums-sddr09
[    4.922962] usbcore: registered new interface driver ums-sddr55
[    4.923062] usbcore: registered new interface driver ums-usbat
[    4.923198] PNP: PS/2 Controller [PNP0303:KBD,PNP0f13:MOU] at 0x60,0x64 irq 1,12
[    4.932185] serio: i8042 KBD port at 0x60,0x64 irq 1
[    4.932278] serio: i8042 AUX port at 0x60,0x64 irq 12
[    4.932513] mice: PS/2 mouse device common for all mice
[    4.932627] i2c /dev entries driver
[    4.932760] md: linear personality registered for level -1
[    4.932843] md: raid0 personality registered for level 0
[    4.932922] md: raid1 personality registered for level 1
[    4.933007] md: raid10 personality registered for level 10
[    4.933095] md: raid6 personality registered for level 6
[    4.933177] md: raid5 personality registered for level 5
[    4.933267] md: raid4 personality registered for level 4
[    4.933353] md: multipath personality registered for level -4
[    4.933558] device-mapper: ioctl: 4.15.0-ioctl (2009-04-01) initialised: dm-devel@redhat.com
[    4.933752] cpuidle: using governor ladder
[    4.934342] usbcore: registered new interface driver usbhid
[    4.934441] usbhid: v2.6:USB HID core driver
[    4.934589] random 0014 0000 0000 00000000 00000000: rand_read_num 4 get_random_bytes(136): sig 00000000 00000000 00000000
[    4.934591] random 0014 0000 0000 00000000 00000000: extract_entropy(.. 136 ..)
[    4.934594] random 0014 0000 0000 00000000 00000000: going to reseed nonblocking with 1024 bits (1088 of 0 requested)
[    4.934596] random 0014 0000 0000 00000000 00000000: extract_entropy(.. 128 ..)
[    4.934599] random 0014 0000 0000 00000000 00000000: trying to extract 1024 bits from input
[    4.934601] random 0014 0000 0000 00000000 00000000: debiting 0 entropy credits from input
[    4.934603] random 0014 0000 0000 00000000 00000000: extract_entropy account returned: 0 
[    4.934606] random 0014 0000 0000 00000000 00000000: urand_change_num 7 xfer_secondary_pool(136): pool_sig 00000000, data_sig 00000000, bytes_mixed 0 00000000 00000000
[    4.934609] random 0014 0000 0000 00000000 00000000: trying to extract 1088 bits from nonblocking
[    4.934611] random 0014 0000 0000 00000000 00000000: debiting 1088 entropy credits from nonblocking (unlimited)
[    4.934613] random 0014 0000 0000 00000000 00000000: extract_entropy account returned: 136 
[    4.934618] random 0014 0000 0000 00000000 00000000: urand_change_num 8 extract_buf: pool_sig 00000000, data_sig fffffff9, bytes_mixed 20 00000000 00000000
[    4.934623] random 0014 0000 0000 b7c35b56 be4dc95d: urand_change_num 9 extract_buf: pool_sig fffffd1e, data_sig 000000c5, bytes_mixed 20 b7c35b56 be4dc95d
[    4.934628] random 0014 0000 0000 ed9f5c47 c48487fb: urand_change_num 10 extract_buf: pool_sig fffff8ec, data_sig ffffff68, bytes_mixed 20 ed9f5c47 c48487fb
[    4.934634] random 0014 0000 0000 ed9f5c47 c48487fb: urand_change_num 11 extract_buf: pool_sig fffffaed, data_sig 000001aa, bytes_mixed 20 ed9f5c47 c48487fb
[    4.934639] random 0014 0000 0000 1b4f7c0a 91bd6a48: urand_change_num 12 extract_buf: pool_sig fffffdd8, data_sig 00000064, bytes_mixed 20 1b4f7c0a 91bd6a48
[    4.934644] random 0014 0000 0000 a254b9bc 20e9a24f: urand_change_num 13 extract_buf: pool_sig fffffbe6, data_sig 000001dd, bytes_mixed 20 a254b9bc 20e9a24f
[    4.934649] random 0014 0000 0000 a254b9bc 20e9a24f: urand_change_num 14 extract_buf: pool_sig fffff940, data_sig fffffe20, bytes_mixed 20 a254b9bc 20e9a24f
[    4.934655] random 0014 0000 0000 2831a66b 5fa2a3ad: urand_change_num 15 extract_buf: pool_sig fffffbce, data_sig 0000007e, bytes_mixed 20 2831a66b 5fa2a3ad
[    4.934660] random 0014 0000 0000 2831a66b 5fa2a3ad: urand_change_num 16 extract_buf: pool_sig 000004df, data_sig fffffe8f, bytes_mixed 20 2831a66b 5fa2a3ad
[    4.934665] random 0014 0000 0000 d4512bfd c9a54e0b: urand_change_num 17 extract_buf: pool_sig 00000485, data_sig fffffe68, bytes_mixed 20 d4512bfd c9a54e0b
[    4.934670] random 0014 0000 0000 c7371be6 f9ffea11: urand_change_num 18 extract_buf: pool_sig 00000095, data_sig ffffffed, bytes_mixed 20 c7371be6 f9ffea11
[    4.934675] random 0014 0000 0000 c7371be6 f9ffea11: urand_change_num 19 extract_buf: pool_sig 000003a7, data_sig fffffefa, bytes_mixed 20 c7371be6 f9ffea11
[    4.934681] random 0014 0000 0000 8fb4b62c d1ddba54: urand_change_num 20 extract_buf: pool_sig 00000179, data_sig ffffff78, bytes_mixed 20 8fb4b62c d1ddba54
[    4.934686] random 0014 0000 0000 9ff19f9c c07a1d2a: urand_change_num 21 extract_buf: pool_sig fffffe88, data_sig 00000126, bytes_mixed 20 9ff19f9c c07a1d2a
[    4.934690] TCP cubic registered
[    4.934767] Initializing XFRM netlink socket
[    4.934849] NET: Registered protocol family 17
[    4.934935] Using IPI Shortcut mode
[    4.935015] random 0014 0000 0000 9ff19f9c c07a1d2a: rand_read_num 5 get_random_bytes(8): sig 0000031b 9ff19f9c c07a1d2a
[    4.935017] random 0014 0000 0000 9ff19f9c c07a1d2a: extract_entropy(.. 8 ..)
[    4.935020] random 0014 0000 0000 9ff19f9c c07a1d2a: going to reseed nonblocking with 64 bits (64 of 0 requested)
[    4.935022] random 0014 0000 0000 9ff19f9c c07a1d2a: extract_entropy(.. 8 ..)
[    4.935024] random 0014 0000 0000 9ff19f9c c07a1d2a: trying to extract 64 bits from input
[    4.935026] random 0014 0000 0000 9ff19f9c c07a1d2a: debiting 0 entropy credits from input
[    4.935028] random 0014 0000 0000 9ff19f9c c07a1d2a: extract_entropy account returned: 0 
[    4.935031] random 0014 0000 0000 9ff19f9c c07a1d2a: urand_change_num 22 xfer_secondary_pool(8): pool_sig 0000031b, data_sig 00000000, bytes_mixed 0 9ff19f9c c07a1d2a
[    4.935034] random 0014 0000 0000 9ff19f9c c07a1d2a: trying to extract 64 bits from nonblocking
[    4.935037] random 0014 0000 0000 9ff19f9c c07a1d2a: debiting 64 entropy credits from nonblocking (unlimited)
[    4.935039] random 0014 0000 0000 9ff19f9c c07a1d2a: extract_entropy account returned: 8 
[    4.935043] random 0014 0000 0000 9ff19f9c c07a1d2a: urand_change_num 23 extract_buf: pool_sig 0000031b, data_sig ffffffb3, bytes_mixed 20 9ff19f9c c07a1d2a
[    4.938290] input: AT Translated Set 2 keyboard as /devices/platform/i8042/serio0/input/input1
[    5.126350] ata3: SATA link down (SStatus 0 SControl 300)
[    5.126456] ata1: SATA link up 1.5 Gbps (SStatus 113 SControl 300)
[    5.128128] ata1.00: ACPI cmd ef/02:00:00:00:00:a0 (SET FEATURES) succeeded
[    5.128131] ata1.00: ACPI cmd f5/00:00:00:00:00:a0 (SECURITY FREEZE LOCK) filtered out
[    5.129525] ata1.00: ACPI cmd ef/5f:00:00:00:00:a0 (SET FEATURES) succeeded
[    5.129528] ata1.00: ACPI cmd ef/10:03:00:00:00:a0 (SET FEATURES) filtered out
[    5.131437] ata1.00: ATA-7: ST910021AS, 4.06, max UDMA/100
[    5.131521] ata1.00: 195371568 sectors, multi 16: LBA48 
[    5.133675] ata1.00: ACPI cmd ef/02:00:00:00:00:a0 (SET FEATURES) succeeded
[    5.133678] ata1.00: ACPI cmd f5/00:00:00:00:00:a0 (SECURITY FREEZE LOCK) filtered out
[    5.135066] ata1.00: ACPI cmd ef/5f:00:00:00:00:a0 (SET FEATURES) succeeded
[    5.135068] ata1.00: ACPI cmd ef/10:03:00:00:00:a0 (SET FEATURES) filtered out
[    5.136997] ata1.00: configured for UDMA/100
[    5.147401] scsi 2:0:0:0: Direct-Access     ATA      ST910021AS       4.06 PQ: 0 ANSI: 5
[    5.147679] sd 2:0:0:0: [sda] 195371568 512-byte logical blocks: (100 GB/93.1 GiB)
[    5.147817] sd 2:0:0:0: [sda] Write Protect is off
[    5.147907] sd 2:0:0:0: [sda] Mode Sense: 00 3a 00 00
[    5.147920] sd 2:0:0:0: [sda] Write cache: enabled, read cache: enabled, doesn't support DPO or FUA
[    5.148109]  sda:
[    5.213331] usb 2-1: new high speed USB device using ehci_hcd and address 2
[    5.349461] usb 2-1: New USB device found, idVendor=0e8d, idProduct=1806
[    5.349547] usb 2-1: New USB device strings: Mfr=1, Product=2, SerialNumber=3
[    5.349633] usb 2-1: Product: MT1806 
[    5.349714] usb 2-1: Manufacturer: MediaTek Inc
[    5.349794] usb 2-1: SerialNumber: R8KN6GAC800AEB 
[    5.349930] usb 2-1: configuration #1 chosen from 1 choice
[    5.353502] scsi5 : SCSI emulation for USB Mass Storage devices
[    5.353662] usb-storage: device found at 2
[    5.353663] usb-storage: waiting for device to settle before scanning
[    5.580147] random 0014 0000 0000 277f73c3 42024bb9: add_disk_randomness(8:0) 277f73c3 42024bb9
[    5.580151] random 0014 0000 0000 277f73c3 42024bb9: add_timer_randomness(.. 8388864) with jiffies: 13707019951997157780, cycles: -4739724126007066613
[    5.580154] random 0014 0000 0000 277f73c3 42024bb9: added 11 entropy credits to input
[    5.580159]  sda1 sda2
[    5.580720] random 0025 0000 0000 277f73c3 42024bb9: add_disk_randomness(8:0) 277f73c3 42024bb9
[    5.580723] random 0025 0000 0000 277f73c3 42024bb9: add_timer_randomness(.. 8388864) with jiffies: 13712161478822035861, cycles: -4734582599182188533
[    5.580878] sd 2:0:0:0: [sda] Attached SCSI disk
[    5.580975] random 0025 0000 0000 277f73c3 42024bb9: rand_read_num 6 get_random_bytes(12): sig 000007e9 277f73c3 42024bb9
[    5.580978] random 0025 0000 0000 277f73c3 42024bb9: extract_entropy(.. 12 ..)
[    5.580980] random 0025 0000 0000 277f73c3 42024bb9: going to reseed nonblocking with 96 bits (96 of 0 requested)
[    5.580983] random 0025 0000 0000 277f73c3 42024bb9: extract_entropy(.. 12 ..)
[    5.580985] random 0025 0000 0000 277f73c3 42024bb9: trying to extract 96 bits from input
[    5.580987] random 0025 0000 0000 277f73c3 42024bb9: debiting 0 entropy credits from input
[    5.580989] random 0025 0000 0000 277f73c3 42024bb9: extract_entropy account returned: 0 
[    5.580992] random 0025 0000 0000 277f73c3 42024bb9: urand_change_num 24 xfer_secondary_pool(12): pool_sig 000007e9, data_sig 00000000, bytes_mixed 0 277f73c3 42024bb9
[    5.580995] random 0025 0000 0000 277f73c3 42024bb9: trying to extract 96 bits from nonblocking
[    5.580997] random 0025 0000 0000 277f73c3 42024bb9: debiting 96 entropy credits from nonblocking (unlimited)
[    5.581000] random 0025 0000 0000 277f73c3 42024bb9: extract_entropy account returned: 12 
[    5.581004] random 0025 0000 0000 277f73c3 42024bb9: urand_change_num 25 extract_buf: pool_sig 000007e9, data_sig 00000088, bytes_mixed 20 277f73c3 42024bb9
[    5.581009] random 0025 0000 0000 277f73c3 42024bb9: urand_change_num 26 extract_buf: pool_sig 00000498, data_sig fffffefb, bytes_mixed 20 277f73c3 42024bb9
[    5.581012] RANDOM - __seed init called.
[    5.581013] RANDOM - __seed init called.
[    5.581014] RANDOM - __seed init called.
[    5.581016] RANDOM - __random32 called. Change num 12.  Value: 87f14767	f0d7351	b1e48bd3
[    5.581018] RANDOM - random32_reseed called.  Value: 87f14767	f0d7351	b1e48bd3
[    5.581021] Pid: 1, comm: swapper Not tainted 2.6.32.57 #6
[    5.581105] Call Trace:
[    5.581192]  [<c1923ca4>] ? random32_reseed+0xa0/0xb1
[    5.581273]  [<c1923c04>] ? random32_reseed+0x0/0xb1
[    5.581357]  [<c100111e>] ? do_one_initcall+0x2e/0x180
[    5.581450]  [<c1907265>] ? kernel_init+0xad/0x103
[    5.581536]  [<c19071b8>] ? kernel_init+0x0/0x103
[    5.581635]  [<c1003787>] ? kernel_thread_helper+0x7/0x10
[    5.582156] random 0025 0000 0000 386b4e60 ee4d4880: rand_read_num 7 get_random_bytes(64): sig fffffea5 386b4e60 ee4d4880
[    5.582159] random 0025 0000 0000 386b4e60 ee4d4880: extract_entropy(.. 64 ..)
[    5.582161] random 0025 0000 0000 386b4e60 ee4d4880: going to reseed nonblocking with 512 bits (512 of 0 requested)
[    5.582163] random 0025 0000 0000 386b4e60 ee4d4880: extract_entropy(.. 64 ..)
[    5.582165] random 0025 0000 0000 386b4e60 ee4d4880: trying to extract 512 bits from input
[    5.582168] random 0025 0000 0000 386b4e60 ee4d4880: debiting 0 entropy credits from input
[    5.582170] random 0025 0000 0000 386b4e60 ee4d4880: extract_entropy account returned: 0 
[    5.582173] random 0025 0000 0000 386b4e60 ee4d4880: urand_change_num 27 xfer_secondary_pool(64): pool_sig fffffea5, data_sig 00000000, bytes_mixed 0 386b4e60 ee4d4880
[    5.582176] random 0025 0000 0000 386b4e60 ee4d4880: trying to extract 512 bits from nonblocking
[    5.582178] random 0025 0000 0000 386b4e60 ee4d4880: debiting 512 entropy credits from nonblocking (unlimited)
[    5.582180] random 0025 0000 0000 386b4e60 ee4d4880: extract_entropy account returned: 64 
[    5.582184] random 0025 0000 0000 386b4e60 ee4d4880: urand_change_num 28 extract_buf: pool_sig fffffea5, data_sig 00000173, bytes_mixed 20 386b4e60 ee4d4880
[    5.582190] random 0025 0000 0000 412698f6 0cc8689a: urand_change_num 29 extract_buf: pool_sig 00000122, data_sig ffffff63, bytes_mixed 20 412698f6 0cc8689a
[    5.582195] random 0025 0000 0000 412698f6 0cc8689a: urand_change_num 30 extract_buf: pool_sig 000001f7, data_sig 00000012, bytes_mixed 20 412698f6 0cc8689a
[    5.582201] random 0025 0000 0000 9669941e 06f768b1: urand_change_num 31 extract_buf: pool_sig fffffb5b, data_sig 0000003f, bytes_mixed 20 9669941e 06f768b1
[    5.582206] random 0025 0000 0000 98486520 995551f0: urand_change_num 32 extract_buf: pool_sig fffffb39, data_sig 0000000e, bytes_mixed 20 98486520 995551f0
[    5.582211] random 0025 0000 0000 98486520 995551f0: urand_change_num 33 extract_buf: pool_sig fffffd8d, data_sig 000001a6, bytes_mixed 20 98486520 995551f0
[    5.582216] random 0025 0000 0000 61fc8914 d5882ed2: urand_change_num 34 extract_buf: pool_sig fffffa58, data_sig 0000023e, bytes_mixed 20 61fc8914 d5882ed2
[    5.582246] random 0025 0000 0000 61fc8914 d5882ed2: rand_read_num 8 get_random_bytes(64): sig fffff9ee 61fc8914 d5882ed2
[    5.582249] random 0025 0000 0000 61fc8914 d5882ed2: extract_entropy(.. 64 ..)
[    5.582251] random 0025 0000 0000 61fc8914 d5882ed2: going to reseed nonblocking with 512 bits (512 of 0 requested)
[    5.582253] random 0025 0000 0000 61fc8914 d5882ed2: extract_entropy(.. 64 ..)
[    5.582255] random 0025 0000 0000 61fc8914 d5882ed2: trying to extract 512 bits from input
[    5.582257] random 0025 0000 0000 61fc8914 d5882ed2: debiting 0 entropy credits from input
[    5.582259] random 0025 0000 0000 61fc8914 d5882ed2: extract_entropy account returned: 0 
[    5.582263] random 0025 0000 0000 61fc8914 d5882ed2: urand_change_num 35 xfer_secondary_pool(64): pool_sig fffff9ee, data_sig 00000000, bytes_mixed 0 61fc8914 d5882ed2
[    5.582266] random 0025 0000 0000 61fc8914 d5882ed2: trying to extract 512 bits from nonblocking
[    5.582268] random 0025 0000 0000 61fc8914 d5882ed2: debiting 512 entropy credits from nonblocking (unlimited)
[    5.582270] random 0025 0000 0000 61fc8914 d5882ed2: extract_entropy account returned: 64 
[    5.582274] random 0025 0000 0000 61fc8914 d5882ed2: urand_change_num 36 extract_buf: pool_sig fffff9ee, data_sig ffffff85, bytes_mixed 20 61fc8914 d5882ed2
[    5.582279] random 0025 0000 0000 70cfd302 e5edec11: urand_change_num 37 extract_buf: pool_sig fffffdc1, data_sig ffffffde, bytes_mixed 20 70cfd302 e5edec11
[    5.582288] random 0025 0000 0000 00dab838 eafd2b30: urand_change_num 38 extract_buf: pool_sig 000003da, data_sig ffffff61, bytes_mixed 20 00dab838 eafd2b30
[    5.582293] random 0025 0000 0000 00dab838 eafd2b30: urand_change_num 39 extract_buf: pool_sig 00000314, data_sig 00000121, bytes_mixed 20 00dab838 eafd2b30
[    5.582298] random 0025 0000 0000 5fcdf66a 6442b608: urand_change_num 40 extract_buf: pool_sig 0000028b, data_sig fffffefd, bytes_mixed 20 5fcdf66a 6442b608
[    5.582304] random 0025 0000 0000 61333f6b 8fae0f9b: urand_change_num 41 extract_buf: pool_sig 000000cb, data_sig 000000b3, bytes_mixed 20 61333f6b 8fae0f9b
[    5.582309] random 0025 0000 0000 61333f6b 8fae0f9b: urand_change_num 42 extract_buf: pool_sig fffffef8, data_sig 00000051, bytes_mixed 20 61333f6b 8fae0f9b
[    5.582312] BEGIN NET_SECRET:
[    5.582313] \xffffffe0
[    5.582314] \xffffffb6
[    5.582314] \x36
[    5.582315] \xffffffb5
[    5.582316] \xffffff94
[    5.582317] \xffffffb2
[    5.582318] \xffffffa8
[    5.582319] \xffffffda
[    5.582319] \x5b
[    5.582320] \x19
[    5.582321] \x18
[    5.582322] \x5c
[    5.582322] \x2b
[    5.582323] \x1
[    5.582324] \xffffff90
[    5.582325] \x19
[    5.582325] \x3c
[    5.582326] \xfffffff2
[    5.582327] \xffffff82
[    5.582328] \x2a
[    5.582329] \xffffffb3
[    5.582329] \xffffffa2
[    5.582330] \x3f
[    5.582331] \x5
[    5.582332] \x52
[    5.582332] \x77
[    5.582333] \x57
[    5.582334] \x79
[    5.582334] \x16
[    5.582335] \x43
[    5.582336] \xffffff84
[    5.582337] \xffffffc3
[    5.582338] \xffffffe9
[    5.582338] \x79
[    5.582339] \x50
[    5.582340] \xffffff8e
[    5.582341] \x3f
[    5.582341] \xfffffff3
[    5.582342] \x19
[    5.582343] \x2a
[    5.582344] \xfffffffd
[    5.582345] \xfffffffb
[    5.582345] \x62
[    5.582346] \x3c
[    5.582347] \xffffffac
[    5.582348] \x1c
[    5.582348] \x3b
[    5.582349] \x3b
[    5.582350] \x15
[    5.582350] \x27
[    5.582351] \xffffffa8
[    5.582352] \x22
[    5.582353] \xffffffc5
[    5.582354] \xffffff9a
[    5.582354] \x5
[    5.582355] \x6c
[    5.582356] \xffffffa8
[    5.582357] \x3a
[    5.582357] \x44
[    5.582358] \xffffffaf
[    5.582359] \x13
[    5.582360] \xffffffe0
[    5.582361] \xffffff9d
[    5.582361] \x22
[    5.582362] 
[    5.582362] END NET_SECRET
[    5.582365] random 0025 0000 0000 e7f555d9 e8ce5c3c: rand_read_num 9 get_random_bytes(4): sig 0000068c e7f555d9 e8ce5c3c
[    5.582368] random 0025 0000 0000 e7f555d9 e8ce5c3c: extract_entropy(.. 4 ..)
[    5.582370] random 0025 0000 0000 e7f555d9 e8ce5c3c: going to reseed nonblocking with 64 bits (32 of 0 requested)
[    5.582372] random 0025 0000 0000 e7f555d9 e8ce5c3c: extract_entropy(.. 8 ..)
[    5.582374] random 0025 0000 0000 e7f555d9 e8ce5c3c: trying to extract 64 bits from input
[    5.582377] random 0025 0000 0000 e7f555d9 e8ce5c3c: debiting 0 entropy credits from input
[    5.582379] random 0025 0000 0000 e7f555d9 e8ce5c3c: extract_entropy account returned: 0 
[    5.582382] random 0025 0000 0000 e7f555d9 e8ce5c3c: urand_change_num 43 xfer_secondary_pool(4): pool_sig 0000068c, data_sig 00000000, bytes_mixed 0 e7f555d9 e8ce5c3c
[    5.582385] random 0025 0000 0000 e7f555d9 e8ce5c3c: trying to extract 32 bits from nonblocking
[    5.582387] random 0025 0000 0000 e7f555d9 e8ce5c3c: debiting 32 entropy credits from nonblocking (unlimited)
[    5.582389] random 0025 0000 0000 e7f555d9 e8ce5c3c: extract_entropy account returned: 4 
[    5.582393] random 0025 0000 0000 e7f555d9 e8ce5c3c: urand_change_num 44 extract_buf: pool_sig 0000068c, data_sig fffffdcb, bytes_mixed 20 e7f555d9 e8ce5c3c
[    5.582404] md: Waiting for all devices to be available before autodetect
[    5.582499] md: If you don't use raid, use raid=noautodetect
[    5.582654] md: Autodetecting RAID arrays.
[    5.582732] md: Scanned 0 and added 0 devices.
[    5.582815] md: autorun ...
[    5.582899] md: ... autorun DONE.
[    5.596356] random 0025 0000 0000 e7f555d9 e8ce5c3c: add_disk_randomness(8:0) e7f555d9 e8ce5c3c
[    5.596360] random 0025 0000 0000 e7f555d9 e8ce5c3c: add_timer_randomness(.. 8388864) with jiffies: 13852845889971519909, cycles: -4593898188032704501
[    5.596363] random 0025 0000 0000 e7f555d9 e8ce5c3c: added 3 entropy credits to input
[    5.597478] random 0028 0000 0000 e7f555d9 e8ce5c3c: add_disk_randomness(8:0) e7f555d9 e8ce5c3c
[    5.597481] random 0028 0000 0000 e7f555d9 e8ce5c3c: add_timer_randomness(.. 8388864) with jiffies: 13862934935653548454, cycles: -4583809142350675957
[    5.597597] random 0028 0000 0000 e7f555d9 e8ce5c3c: add_disk_randomness(8:0) e7f555d9 e8ce5c3c
[    5.597600] random 0028 0000 0000 e7f555d9 e8ce5c3c: add_timer_randomness(.. 8388864) with jiffies: 13864011091249168806, cycles: -4582732986755055605
[    5.597605] EXT3-fs: sda2: couldn't mount because of unsupported optional features (240).
[    5.597830] random 0028 0000 0000 e7f555d9 e8ce5c3c: add_disk_randomness(8:0) e7f555d9 e8ce5c3c
[    5.597833] random 0028 0000 0000 e7f555d9 e8ce5c3c: add_timer_randomness(.. 8388864) with jiffies: 13866108018837127590, cycles: -4580636059167096821
[    5.597837] EXT2-fs: sda2: couldn't mount because of unsupported optional features (240).
[    5.598065] random 0028 0000 0000 e7f555d9 e8ce5c3c: add_disk_randomness(8:0) e7f555d9 e8ce5c3c
[    5.598068] random 0028 0000 0000 e7f555d9 e8ce5c3c: add_timer_randomness(.. 8388864) with jiffies: 13868228079118942630, cycles: -4578515998885281781
[    5.598194] random 0028 0000 0000 e7f555d9 e8ce5c3c: add_disk_randomness(8:0) e7f555d9 e8ce5c3c
[    5.598197] random 0028 0000 0000 e7f555d9 e8ce5c3c: add_timer_randomness(.. 8388864) with jiffies: 13869386401733902758, cycles: -4577357676270321653
[    5.598355] random 0028 0000 0000 e7f555d9 e8ce5c3c: add_disk_randomness(8:0) e7f555d9 e8ce5c3c
[    5.598358] random 0028 0000 0000 e7f555d9 e8ce5c3c: add_timer_randomness(.. 8388864) with jiffies: 13870827749808767399, cycles: -4575916328195457013
[    5.598469] random 0028 0000 0000 e7f555d9 e8ce5c3c: add_disk_randomness(8:0) e7f555d9 e8ce5c3c
[    5.598472] random 0028 0000 0000 e7f555d9 e8ce5c3c: add_timer_randomness(.. 8388864) with jiffies: 13871852447401214375, cycles: -4574891630603010037
[    5.598588] random 0028 0000 0000 e7f555d9 e8ce5c3c: add_disk_randomness(8:0) e7f555d9 e8ce5c3c
[    5.598591] random 0028 0000 0000 e7f555d9 e8ce5c3c: add_timer_randomness(.. 8388864) with jiffies: 13872923101143728551, cycles: -4573820976860495861
[    5.598741] random 0028 0000 0000 e7f555d9 e8ce5c3c: add_disk_randomness(8:0) e7f555d9 e8ce5c3c
[    5.598744] random 0028 0000 0000 e7f555d9 e8ce5c3c: add_timer_randomness(.. 8388864) with jiffies: 13874305058410824103, cycles: -4572439019593400309
[    5.598861] random 0028 0000 0000 e7f555d9 e8ce5c3c: add_disk_randomness(8:0) e7f555d9 e8ce5c3c
[    5.598864] random 0028 0000 0000 e7f555d9 e8ce5c3c: add_timer_randomness(.. 8388864) with jiffies: 13875387342924775847, cycles: -4571356735079448565
[    5.598980] random 0028 0000 0000 e7f555d9 e8ce5c3c: add_disk_randomness(8:0) e7f555d9 e8ce5c3c
[    5.598983] random 0028 0000 0000 e7f555d9 e8ce5c3c: add_timer_randomness(.. 8388864) with jiffies: 13876456373169652135, cycles: -4570287704834572277
[    5.599219] random 0028 0000 0000 e7f555d9 e8ce5c3c: rand_read_num 10 get_random_bytes(4): sig ffffff72 e7f555d9 e8ce5c3c
[    5.599221] random 0028 0000 0000 e7f555d9 e8ce5c3c: extract_entropy(.. 4 ..)
[    5.599224] random 0028 0000 0000 e7f555d9 e8ce5c3c: going to reseed nonblocking with 64 bits (32 of 0 requested)
[    5.599226] random 0028 0000 0000 e7f555d9 e8ce5c3c: extract_entropy(.. 8 ..)
[    5.599228] random 0028 0000 0000 e7f555d9 e8ce5c3c: trying to extract 64 bits from input
[    5.599230] random 0028 0000 0000 e7f555d9 e8ce5c3c: debiting 0 entropy credits from input
[    5.599232] random 0028 0000 0000 e7f555d9 e8ce5c3c: extract_entropy account returned: 0 
[    5.599236] random 0028 0000 0000 e7f555d9 e8ce5c3c: urand_change_num 45 xfer_secondary_pool(4): pool_sig ffffff72, data_sig 00000000, bytes_mixed 0 e7f555d9 e8ce5c3c
[    5.599238] random 0028 0000 0000 e7f555d9 e8ce5c3c: trying to extract 32 bits from nonblocking
[    5.599241] random 0028 0000 0000 e7f555d9 e8ce5c3c: debiting 32 entropy credits from nonblocking (unlimited)
[    5.599243] random 0028 0000 0000 e7f555d9 e8ce5c3c: extract_entropy account returned: 4 
[    5.599247] random 0028 0000 0000 e7f555d9 e8ce5c3c: urand_change_num 46 extract_buf: pool_sig ffffff72, data_sig ffffff72, bytes_mixed 20 e7f555d9 e8ce5c3c
[    5.610806] random 0028 0000 0000 91716c54 eeb6a1e7: add_disk_randomness(8:0) 91716c54 eeb6a1e7
[    5.610810] random 0028 0000 0000 91716c54 eeb6a1e7: add_timer_randomness(.. 8388864) with jiffies: 13982863204380541363, cycles: -4463880873623683061
[    5.610812] random 0028 0000 0000 91716c54 eeb6a1e7: added 3 entropy credits to input
[    5.629080] random 0031 0000 0000 91716c54 eeb6a1e7: add_disk_randomness(8:0) 91716c54 eeb6a1e7
[    5.629083] random 0031 0000 0000 91716c54 eeb6a1e7: add_timer_randomness(.. 8388864) with jiffies: 14147279500273746373, cycles: -4299464577730478069
[    5.629086] random 0031 0000 0000 91716c54 eeb6a1e7: added 2 entropy credits to input
[    5.633815] EXT4-fs (sda2): mounted filesystem with ordered data mode
[    5.633995] VFS: Mounted root (ext4 filesystem) readonly on device 8:2.
[    5.634087] Freeing unused kernel memory: 448k freed
[    5.654230] random 0033 0000 0000 91716c54 eeb6a1e7: add_disk_randomness(8:0) 91716c54 eeb6a1e7
[    5.654233] random 0033 0000 0000 91716c54 eeb6a1e7: add_timer_randomness(.. 8388864) with jiffies: 14373561879488070110, cycles: -4073182198516154357
[    5.654999] random 0033 0000 0000 91716c54 eeb6a1e7: add_disk_randomness(8:0) 91716c54 eeb6a1e7
[    5.655002] random 0033 0000 0000 91716c54 eeb6a1e7: add_timer_randomness(.. 8388864) with jiffies: 14380480096844349919, cycles: -4066263981159874549
[    5.659686] random 0033 0000 0000 91716c54 eeb6a1e7: add_disk_randomness(8:0) 91716c54 eeb6a1e7
[    5.659689] random 0033 0000 0000 91716c54 eeb6a1e7: add_timer_randomness(.. 8388864) with jiffies: 14422646977654915556, cycles: -4024097100349308917
[    5.659692] random 0033 0000 0000 91716c54 eeb6a1e7: added 2 entropy credits to input
[    5.667889] random 0035 0000 0000 91716c54 eeb6a1e7: add_disk_randomness(8:0) 91716c54 eeb6a1e7
[    5.667892] random 0035 0000 0000 91716c54 eeb6a1e7: add_timer_randomness(.. 8388864) with jiffies: 14496455870377591276, cycles: -3950288207626633205
[    5.671309] random 0035 0000 0000 91716c54 eeb6a1e7: add_disk_randomness(8:0) 91716c54 eeb6a1e7
[    5.671312] random 0035 0000 0000 91716c54 eeb6a1e7: add_timer_randomness(.. 8388864) with jiffies: 14527219750456230384, cycles: -3919524327547994101
[    5.671315] random 0035 0000 0000 91716c54 eeb6a1e7: added 2 entropy credits to input
[    5.680203] random 0037 0000 0000 91716c54 eeb6a1e7: add_disk_randomness(8:0) 91716c54 eeb6a1e7
[    5.680206] random 0037 0000 0000 91716c54 eeb6a1e7: add_timer_randomness(.. 8388864) with jiffies: 14607252368618390008, cycles: -3839491709385834485
[    5.680209] random 0037 0000 0000 91716c54 eeb6a1e7: added 2 entropy credits to input
[    5.693482] random 0039 0000 0000 91716c54 eeb6a1e7: add_disk_randomness(8:0) 91716c54 eeb6a1e7
[    5.693485] random 0039 0000 0000 91716c54 eeb6a1e7: add_timer_randomness(.. 8388864) with jiffies: 14726716402920292870, cycles: -3720027675083931637
[    5.693488] random 0039 0000 0000 91716c54 eeb6a1e7: added 1 entropy credits to input
[    5.701559] random 0040 0000 0000 91716c54 eeb6a1e7: add_disk_randomness(8:0) 91716c54 eeb6a1e7
[    5.701562] random 0040 0000 0000 91716c54 eeb6a1e7: add_timer_randomness(.. 8388864) with jiffies: 14799390651182711310, cycles: -3647353426821513205
[    5.701565] random 0040 0000 0000 91716c54 eeb6a1e7: added 2 entropy credits to input
[    5.701588] RANDOM get_random_int call with cycles 50690447588, jiffies 4294672910 and pid 1
[    5.701591] RANDOM get_random_int call with cycles 50690454444, jiffies 4294672910 and pid 1
[    5.701593] ASLR stack rand value: 372736 after shift for pid: 1
[    5.701595] RANDOM get_random_int call with cycles 50690462246, jiffies 4294672910 and pid 1
[    5.713205] random 0042 0000 0000 91716c54 eeb6a1e7: add_disk_randomness(8:0) 91716c54 eeb6a1e7
[    5.713208] random 0042 0000 0000 91716c54 eeb6a1e7: add_timer_randomness(.. 8388864) with jiffies: 14904184223957746201, cycles: -3542559854046478325
[    5.713211] random 0042 0000 0000 91716c54 eeb6a1e7: added 1 entropy credits to input
[    5.713221] RANDOM get_random_int call with cycles 50714819075, jiffies 4294672921 and pid 1
[    5.713227] random 0043 0000 0000 91716c54 eeb6a1e7: rand_read_num 11 get_random_bytes(16): sig fffffcad 91716c54 eeb6a1e7
[    5.713229] random 0043 0000 0000 91716c54 eeb6a1e7: extract_entropy(.. 16 ..)
[    5.713231] random 0043 0000 0000 91716c54 eeb6a1e7: going to reseed nonblocking with 128 bits (128 of 0 requested)
[    5.713234] random 0043 0000 0000 91716c54 eeb6a1e7: extract_entropy(.. 16 ..)
[    5.713236] random 0043 0000 0000 91716c54 eeb6a1e7: trying to extract 128 bits from input
[    5.713238] random 0043 0000 0000 91716c54 eeb6a1e7: debiting 0 entropy credits from input
[    5.713240] random 0043 0000 0000 91716c54 eeb6a1e7: extract_entropy account returned: 0 
[    5.713243] random 0043 0000 0000 91716c54 eeb6a1e7: urand_change_num 47 xfer_secondary_pool(16): pool_sig fffffcad, data_sig 00000000, bytes_mixed 0 91716c54 eeb6a1e7
[    5.713246] random 0043 0000 0000 91716c54 eeb6a1e7: trying to extract 128 bits from nonblocking
[    5.713249] random 0043 0000 0000 91716c54 eeb6a1e7: debiting 128 entropy credits from nonblocking (unlimited)
[    5.713251] random 0043 0000 0000 91716c54 eeb6a1e7: extract_entropy account returned: 16 
[    5.713255] random 0043 0000 0000 91716c54 eeb6a1e7: urand_change_num 48 extract_buf: pool_sig fffffcad, data_sig ffffff19, bytes_mixed 20 91716c54 eeb6a1e7
[    5.713261] random 0043 0000 0000 fd637b06 6cf47bc1: urand_change_num 49 extract_buf: pool_sig fffffede, data_sig ffffffc1, bytes_mixed 20 fd637b06 6cf47bc1
[    5.714213] random 0043 0000 0000 fd637b06 6cf47bc1: add_disk_randomness(8:0) fd637b06 6cf47bc1
[    5.714217] random 0043 0000 0000 fd637b06 6cf47bc1: add_timer_randomness(.. 8388864) with jiffies: 14913256461902250522, cycles: -3533487616101974005
[    5.715354] random 0043 0000 0000 fd637b06 6cf47bc1: add_disk_randomness(8:0) fd637b06 6cf47bc1
[    5.715357] random 0043 0000 0000 fd637b06 6cf47bc1: add_timer_randomness(.. 8388864) with jiffies: 14923501724134769180, cycles: -3523242353869455349
[    5.716505] random 0043 0000 0000 fd637b06 6cf47bc1: add_disk_randomness(8:0) fd637b06 6cf47bc1
[    5.716507] random 0043 0000 0000 fd637b06 6cf47bc1: add_timer_randomness(.. 8388864) with jiffies: 14933858556732736029, cycles: -3512885521271488501
[    5.717390] random 0043 0000 0000 fd637b06 6cf47bc1: add_disk_randomness(8:0) fd637b06 6cf47bc1
[    5.717393] random 0043 0000 0000 fd637b06 6cf47bc1: add_timer_randomness(.. 8388864) with jiffies: 14941822534201082398, cycles: -3504921543803142133
[    5.717574] random 0043 0000 0000 fd637b06 6cf47bc1: add_disk_randomness(8:0) fd637b06 6cf47bc1
[    5.717578] random 0043 0000 0000 fd637b06 6cf47bc1: add_timer_randomness(.. 8388864) with jiffies: 14943487160445796894, cycles: -3503256917558427637
[    5.717785] random 0043 0000 0000 fd637b06 6cf47bc1: add_disk_randomness(8:0) fd637b06 6cf47bc1
[    5.717788] random 0043 0000 0000 fd637b06 6cf47bc1: add_timer_randomness(.. 8388864) with jiffies: 14945382233160778270, cycles: -3501361844843446261
[    5.728266] random 0043 0000 0000 fd637b06 6cf47bc1: add_disk_randomness(8:0) fd637b06 6cf47bc1
[    5.728272] random 0043 0000 0000 fd637b06 6cf47bc1: add_timer_randomness(.. 8388864) with jiffies: 15039700007038714409, cycles: -3407044070965510133
[    5.728274] random 0043 0000 0000 fd637b06 6cf47bc1: added 3 entropy credits to input
[    5.728703] random 0046 0000 0000 fd637b06 6cf47bc1: add_disk_randomness(8:0) fd637b06 6cf47bc1
[    5.728707] random 0046 0000 0000 fd637b06 6cf47bc1: add_timer_randomness(.. 8388864) with jiffies: 15043618769559323177, cycles: -3403125308444901365
[    5.738445] random 0046 0000 0000 fd637b06 6cf47bc1: add_disk_randomness(8:0) fd637b06 6cf47bc1
[    5.738448] random 0046 0000 0000 fd637b06 6cf47bc1: add_timer_randomness(.. 8388864) with jiffies: 15131265316765270579, cycles: -3315478761238953973
[    5.738451] random 0046 0000 0000 fd637b06 6cf47bc1: added 3 entropy credits to input
[    5.738504] RANDOM get_random_int call with cycles 50767780371, jiffies 4294672947 and pid 1
[    5.743053] random 0049 0000 0000 fd637b06 6cf47bc1: add_disk_randomness(8:0) fd637b06 6cf47bc1
[    5.743056] random 0049 0000 0000 fd637b06 6cf47bc1: add_timer_randomness(.. 8388864) with jiffies: 15172732921065472567, cycles: -3274011156938751989
[    5.743059] random 0049 0000 0000 fd637b06 6cf47bc1: added 2 entropy credits to input
[    5.755878] random 0051 0000 0000 fd637b06 6cf47bc1: add_disk_randomness(8:0) fd637b06 6cf47bc1
[    5.755881] random 0051 0000 0000 fd637b06 6cf47bc1: add_timer_randomness(.. 8388864) with jiffies: 15288116611882123844, cycles: -3158627466122100725
[    5.755883] random 0051 0000 0000 fd637b06 6cf47bc1: added 3 entropy credits to input
[    5.756020] random 0054 0000 0000 fd637b06 6cf47bc1: add_disk_randomness(8:0) fd637b06 6cf47bc1
[    5.756024] random 0054 0000 0000 fd637b06 6cf47bc1: add_timer_randomness(.. 8388864) with jiffies: 15289404178652955204, cycles: -3157339899351269365
[    5.758180] random 0054 0000 0000 fd637b06 6cf47bc1: add_disk_randomness(8:0) fd637b06 6cf47bc1
[    5.758183] random 0054 0000 0000 fd637b06 6cf47bc1: add_timer_randomness(.. 8388864) with jiffies: 15308839206315065926, cycles: -3137904871689158645
[    5.758186] random 0054 0000 0000 fd637b06 6cf47bc1: added 1 entropy credits to input
[    5.758428] random 0055 0000 0000 fd637b06 6cf47bc1: add_disk_randomness(8:0) fd637b06 6cf47bc1
[    5.758431] random 0055 0000 0000 fd637b06 6cf47bc1: add_timer_randomness(.. 8388864) with jiffies: 15311058029369852487, cycles: -3135686048634372085
[    5.758602] random 0055 0000 0000 fd637b06 6cf47bc1: add_disk_randomness(8:0) fd637b06 6cf47bc1
[    5.758605] random 0055 0000 0000 fd637b06 6cf47bc1: add_timer_randomness(.. 8388864) with jiffies: 15312626328088052295, cycles: -3134117749916172277
[    5.761735] random 0055 0000 0000 fd637b06 6cf47bc1: add_disk_randomness(8:0) fd637b06 6cf47bc1
[    5.761738] random 0055 0000 0000 fd637b06 6cf47bc1: add_timer_randomness(.. 8388864) with jiffies: 15340819854923629130, cycles: -3105924223080595445
[    5.761741] random 0055 0000 0000 fd637b06 6cf47bc1: added 1 entropy credits to input
[    5.763748] random 0056 0000 0000 fd637b06 6cf47bc1: add_disk_randomness(8:0) fd637b06 6cf47bc1
[    5.763751] random 0056 0000 0000 fd637b06 6cf47bc1: add_timer_randomness(.. 8388864) with jiffies: 15358927218000233036, cycles: -3087816860003991541
[    5.771577] random 0056 0000 0000 fd637b06 6cf47bc1: add_disk_randomness(8:0) fd637b06 6cf47bc1
[    5.771581] random 0056 0000 0000 fd637b06 6cf47bc1: add_timer_randomness(.. 8388864) with jiffies: 15429369788370747988, cycles: -3017374289633476597
[    5.771583] random 0056 0000 0000 fd637b06 6cf47bc1: added 2 entropy credits to input
[    5.771714] random 0058 0000 0000 fd637b06 6cf47bc1: add_disk_randomness(8:0) fd637b06 6cf47bc1
[    5.771717] random 0058 0000 0000 fd637b06 6cf47bc1: add_timer_randomness(.. 8388864) with jiffies: 15430599364493148756, cycles: -3016144713511075829
[    5.775276] random 0058 0000 0000 fd637b06 6cf47bc1: add_disk_randomness(8:0) fd637b06 6cf47bc1
[    5.775279] random 0058 0000 0000 fd637b06 6cf47bc1: add_timer_randomness(.. 8388864) with jiffies: 15462643600092529240, cycles: -2984100477911695349
[    5.775282] random 0058 0000 0000 fd637b06 6cf47bc1: added 2 entropy credits to input
[    5.779772] random 0060 0000 0000 fd637b06 6cf47bc1: add_disk_randomness(8:0) fd637b06 6cf47bc1
[    5.779775] random 0060 0000 0000 fd637b06 6cf47bc1: add_timer_randomness(.. 8388864) with jiffies: 15503098678737601116, cycles: -2943645399266623477
[    5.785352] random 0060 0000 0000 fd637b06 6cf47bc1: add_disk_randomness(8:0) fd637b06 6cf47bc1
[    5.785355] random 0060 0000 0000 fd637b06 6cf47bc1: add_timer_randomness(.. 8388864) with jiffies: 15553297543528677986, cycles: -2893446534475546613
[    5.785358] random 0060 0000 0000 fd637b06 6cf47bc1: added 1 entropy credits to input
[    5.791625] random 0061 0000 0000 fd637b06 6cf47bc1: add_disk_randomness(8:0) fd637b06 6cf47bc1
[    5.791628] random 0061 0000 0000 fd637b06 6cf47bc1: add_timer_randomness(.. 8388864) with jiffies: 15609744030957273704, cycles: -2837000047046950901
[    5.791641] random 0061 0000 0000 fd637b06 6cf47bc1: rand_read_num 12 get_random_bytes(16): sig 0000033b fd637b06 6cf47bc1
[    5.791644] random 0061 0000 0000 fd637b06 6cf47bc1: extract_entropy(.. 16 ..)
[    5.791646] random 0061 0000 0000 fd637b06 6cf47bc1: going to reseed nonblocking with 128 bits (128 of 0 requested)
[    5.791649] random 0061 0000 0000 fd637b06 6cf47bc1: extract_entropy(.. 16 ..)
[    5.791651] random 0061 0000 0000 fd637b06 6cf47bc1: trying to extract 128 bits from input
[    5.791653] random 0061 0000 0000 fd637b06 6cf47bc1: debiting 0 entropy credits from input
[    5.791655] random 0061 0000 0000 fd637b06 6cf47bc1: extract_entropy account returned: 0 
[    5.791658] random 0061 0000 0000 fd637b06 6cf47bc1: urand_change_num 50 xfer_secondary_pool(16): pool_sig 0000033b, data_sig 00000000, bytes_mixed 0 fd637b06 6cf47bc1
[    5.791661] random 0061 0000 0000 fd637b06 6cf47bc1: trying to extract 128 bits from nonblocking
[    5.791663] random 0061 0000 0000 fd637b06 6cf47bc1: debiting 128 entropy credits from nonblocking (unlimited)
[    5.791666] random 0061 0000 0000 fd637b06 6cf47bc1: extract_entropy account returned: 16 
[    5.791670] random 0061 0000 0000 fd637b06 6cf47bc1: urand_change_num 51 extract_buf: pool_sig 0000033b, data_sig 000000d8, bytes_mixed 20 fd637b06 6cf47bc1
[    5.791675] random 0061 0000 0000 0ec1f012 d4727ca8: urand_change_num 52 extract_buf: pool_sig fffffcf5, data_sig 00000016, bytes_mixed 20 0ec1f012 d4727ca8
[    5.798374] random 0061 0000 0000 45b1d0b1 845a73f7: add_disk_randomness(8:0) 45b1d0b1 845a73f7
[    5.798377] random 0061 0000 0000 45b1d0b1 845a73f7: add_timer_randomness(.. 8388864) with jiffies: 15670463607118463599, cycles: -2776280470885761013
[    5.805596] random 0061 0000 0000 45b1d0b1 845a73f7: add_disk_randomness(8:0) 45b1d0b1 845a73f7
[    5.805599] random 0061 0000 0000 45b1d0b1 845a73f7: add_timer_randomness(.. 8388864) with jiffies: 15735447394314846838, cycles: -2711296683689377781
[    5.811190] random 0061 0000 0000 45b1d0b1 845a73f7: add_disk_randomness(8:0) 45b1d0b1 845a73f7
[    5.811193] random 0061 0000 0000 45b1d0b1 845a73f7: add_timer_randomness(.. 8388864) with jiffies: 15785783217023058555, cycles: -2660960860981166069
[    5.811195] random 0061 0000 0000 45b1d0b1 845a73f7: added 1 entropy credits to input
[    5.823019] random 0062 0000 0000 45b1d0b1 845a73f7: add_disk_randomness(8:0) 45b1d0b1 845a73f7
[    5.823022] random 0062 0000 0000 45b1d0b1 845a73f7: add_timer_randomness(.. 8388864) with jiffies: 15892216745750659719, cycles: -2554527332253564917
[    5.823025] random 0062 0000 0000 45b1d0b1 845a73f7: added 2 entropy credits to input
[    5.826162] random 0064 0000 0000 45b1d0b1 845a73f7: add_disk_randomness(8:0) 45b1d0b1 845a73f7
[    5.826165] random 0064 0000 0000 45b1d0b1 845a73f7: add_timer_randomness(.. 8388864) with jiffies: 15920492933526815370, cycles: -2526251144477409269
[    5.826168] random 0064 0000 0000 45b1d0b1 845a73f7: added 1 entropy credits to input
[    5.840429] random 0065 0000 0000 45b1d0b1 845a73f7: add_disk_randomness(8:0) 45b1d0b1 845a73f7
[    5.840432] random 0065 0000 0000 45b1d0b1 845a73f7: add_timer_randomness(.. 8388864) with jiffies: 16048849315362996889, cycles: -2397894762641227765
[    5.840435] random 0065 0000 0000 45b1d0b1 845a73f7: added 3 entropy credits to input
[    5.845822] random 0068 0000 0000 45b1d0b1 845a73f7: add_disk_randomness(8:0) 45b1d0b1 845a73f7
[    5.845825] random 0068 0000 0000 45b1d0b1 845a73f7: add_timer_randomness(.. 8388864) with jiffies: 16097373495095952030, cycles: -2349370582908272629
[    5.845828] random 0068 0000 0000 45b1d0b1 845a73f7: added 2 entropy credits to input
[    5.850997] random 0070 0000 0000 45b1d0b1 845a73f7: add_disk_randomness(8:0) 45b1d0b1 845a73f7
[    5.851000] random 0070 0000 0000 45b1d0b1 845a73f7: add_timer_randomness(.. 8388864) with jiffies: 16143936176149725859, cycles: -2302807901854498805
[    5.859226] random 0070 0000 0000 45b1d0b1 845a73f7: add_disk_randomness(8:0) 45b1d0b1 845a73f7
[    5.859229] random 0070 0000 0000 45b1d0b1 845a73f7: add_timer_randomness(.. 8388864) with jiffies: 16217979256259183275, cycles: -2228764821745041397
[    5.859232] random 0070 0000 0000 45b1d0b1 845a73f7: added 1 entropy credits to input
[    5.868827] random 0071 0000 0000 45b1d0b1 845a73f7: add_disk_randomness(8:0) 45b1d0b1 845a73f7
[    5.868830] random 0071 0000 0000 45b1d0b1 845a73f7: add_timer_randomness(.. 8388864) with jiffies: 16304356455945568949, cycles: -2142387622058655733
[    5.888328] random 0071 0000 0000 45b1d0b1 845a73f7: add_disk_randomness(8:0) 45b1d0b1 845a73f7
[    5.888331] random 0071 0000 0000 45b1d0b1 845a73f7: add_timer_randomness(.. 8388864) with jiffies: 16479810598746161865, cycles: -1966933479258062837
[    5.888334] random 0071 0000 0000 45b1d0b1 845a73f7: added 3 entropy credits to input
[    5.901613] random 0074 0000 0000 45b1d0b1 845a73f7: add_disk_randomness(8:0) 45b1d0b1 845a73f7
[    5.901616] random 0074 0000 0000 45b1d0b1 845a73f7: add_timer_randomness(.. 8388864) with jiffies: 16599339031787700950, cycles: -1847405046216523765
[    5.901618] random 0074 0000 0000 45b1d0b1 845a73f7: added 2 entropy credits to input
[    5.909635] random 0076 0000 0000 45b1d0b1 845a73f7: add_disk_randomness(8:0) 45b1d0b1 845a73f7
[    5.909638] random 0076 0000 0000 45b1d0b1 845a73f7: add_timer_randomness(.. 8388864) with jiffies: 16671517211327431390, cycles: -1775226866676793333
[    5.909640] random 0076 0000 0000 45b1d0b1 845a73f7: added 1 entropy credits to input
[    5.919650] random 0077 0000 0000 45b1d0b1 845a73f7: add_disk_randomness(8:0) 45b1d0b1 845a73f7
[    5.919653] random 0077 0000 0000 45b1d0b1 845a73f7: add_timer_randomness(.. 8388864) with jiffies: 16761627914415080168, cycles: -1685116163589144565
[    5.919656] random 0077 0000 0000 45b1d0b1 845a73f7: added 1 entropy credits to input
[    5.932532] random 0078 0000 0000 45b1d0b1 845a73f7: add_disk_randomness(8:0) 45b1d0b1 845a73f7
[    5.932535] random 0078 0000 0000 45b1d0b1 845a73f7: add_timer_randomness(.. 8388864) with jiffies: 16877526030644642549, cycles: -1569218047359582197
[    5.939888] random 0078 0000 0000 45b1d0b1 845a73f7: add_disk_randomness(8:0) 45b1d0b1 845a73f7
[    5.939891] random 0078 0000 0000 45b1d0b1 845a73f7: add_timer_randomness(.. 8388864) with jiffies: 16943717876177273596, cycles: -1503026201826951157
[    5.939894] random 0078 0000 0000 45b1d0b1 845a73f7: added 2 entropy credits to input
[    5.945135] random 0080 0000 0000 45b1d0b1 845a73f7: add_disk_randomness(8:0) 45b1d0b1 845a73f7
[    5.945138] random 0080 0000 0000 45b1d0b1 845a73f7: add_timer_randomness(.. 8388864) with jiffies: 16990930497452081921, cycles: -1455813580552142837
[    5.945140] random 0080 0000 0000 45b1d0b1 845a73f7: added 1 entropy credits to input
[    5.951573] random 0081 0000 0000 45b1d0b1 845a73f7: add_disk_randomness(8:0) 45b1d0b1 845a73f7
[    5.951576] random 0081 0000 0000 45b1d0b1 845a73f7: add_timer_randomness(.. 8388864) with jiffies: 17048847873740604168, cycles: -1397896204263620597
[    5.951579] random 0081 0000 0000 45b1d0b1 845a73f7: added 1 entropy credits to input
[    5.956624] random 0082 0000 0000 45b1d0b1 845a73f7: add_disk_randomness(8:0) 45b1d0b1 845a73f7
[    5.956627] random 0082 0000 0000 45b1d0b1 845a73f7: add_timer_randomness(.. 8388864) with jiffies: 17094296560536879885, cycles: -1352447517467344885
[    5.956630] random 0082 0000 0000 45b1d0b1 845a73f7: added 1 entropy credits to input
[    5.962528] random 0083 0000 0000 45b1d0b1 845a73f7: add_disk_randomness(8:0) 45b1d0b1 845a73f7
[    5.962531] random 0083 0000 0000 45b1d0b1 845a73f7: add_timer_randomness(.. 8388864) with jiffies: 17147414383886566163, cycles: -1299329694117658613
[    5.971880] random 0083 0000 0000 45b1d0b1 845a73f7: add_disk_randomness(8:0) 45b1d0b1 845a73f7
[    5.971883] random 0083 0000 0000 45b1d0b1 845a73f7: add_timer_randomness(.. 8388864) with jiffies: 17231562882093384476, cycles: -1215181195910840309
[    5.971886] random 0083 0000 0000 45b1d0b1 845a73f7: added 1 entropy credits to input
[    5.976767] random 0084 0000 0000 45b1d0b1 845a73f7: add_disk_randomness(8:0) 45b1d0b1 845a73f7
[    5.976770] random 0084 0000 0000 45b1d0b1 845a73f7: add_timer_randomness(.. 8388864) with jiffies: 17275531617648739105, cycles: -1171212460355485685
[    5.976773] random 0084 0000 0000 45b1d0b1 845a73f7: added 2 entropy credits to input
[    5.984191] random 0086 0000 0000 45b1d0b1 845a73f7: add_disk_randomness(8:0) 45b1d0b1 845a73f7
[    5.984194] random 0086 0000 0000 45b1d0b1 845a73f7: add_timer_randomness(.. 8388864) with jiffies: 17342329659160494888, cycles: -1104414418843729909
[    5.984196] random 0086 0000 0000 45b1d0b1 845a73f7: added 1 entropy credits to input
[    5.990407] random 0087 0000 0000 45b1d0b1 845a73f7: add_disk_randomness(8:0) 45b1d0b1 845a73f7
[    5.990410] random 0087 0000 0000 45b1d0b1 845a73f7: add_timer_randomness(.. 8388864) with jiffies: 17398251984485319471, cycles: -1048492093518905333
[    5.990563] random 0087 0000 0000 45b1d0b1 845a73f7: add_disk_randomness(8:0) 45b1d0b1 845a73f7
[    5.990566] random 0087 0000 0000 45b1d0b1 845a73f7: add_timer_randomness(.. 8388864) with jiffies: 17399650537506046767, cycles: -1047093540498178037
[    6.004969] random 0087 0000 0000 45b1d0b1 845a73f7: add_disk_randomness(8:0) 45b1d0b1 845a73f7
[    6.004973] random 0087 0000 0000 45b1d0b1 845a73f7: add_timer_randomness(.. 8388864) with jiffies: 17529280914016404285, cycles: -917463163987820533
[    6.004975] random 0087 0000 0000 45b1d0b1 845a73f7: added 3 entropy credits to input
[    6.012392] random 0090 0000 0000 45b1d0b1 845a73f7: add_disk_randomness(8:0) 45b1d0b1 845a73f7
[    6.012395] random 0090 0000 0000 45b1d0b1 845a73f7: add_timer_randomness(.. 8388864) with jiffies: 17596057446331941701, cycles: -850686631672283125
[    6.012398] random 0090 0000 0000 45b1d0b1 845a73f7: added 2 entropy credits to input
[    6.022069] random 0092 0000 0000 45b1d0b1 845a73f7: add_disk_randomness(8:0) 45b1d0b1 845a73f7
[    6.022072] random 0092 0000 0000 45b1d0b1 845a73f7: add_timer_randomness(.. 8388864) with jiffies: 17683136267580834638, cycles: -763607810423390197
[    6.032705] random 0092 0000 0000 45b1d0b1 845a73f7: add_disk_randomness(8:0) 45b1d0b1 845a73f7
[    6.032708] random 0092 0000 0000 45b1d0b1 845a73f7: add_timer_randomness(.. 8388864) with jiffies: 17778820485303993177, cycles: -667923592700231669
[    6.045219] random 0092 0000 0000 45b1d0b1 845a73f7: add_disk_randomness(8:0) 45b1d0b1 845a73f7
[    6.045222] random 0092 0000 0000 45b1d0b1 845a73f7: add_timer_randomness(.. 8388864) with jiffies: 17891421320780677989, cycles: -555322757223546869
[    6.046429] random 0092 0000 0000 45b1d0b1 845a73f7: add_disk_randomness(8:0) 45b1d0b1 845a73f7
[    6.046432] random 0092 0000 0000 45b1d0b1 845a73f7: add_timer_randomness(.. 8388864) with jiffies: 17902300511596151655, cycles: -544443566408073205
[    6.046435] random 0092 0000 0000 45b1d0b1 845a73f7: added 1 entropy credits to input
[    6.050444] random 0093 0000 0000 45b1d0b1 845a73f7: add_disk_randomness(8:0) 45b1d0b1 845a73f7
[    6.050447] random 0093 0000 0000 45b1d0b1 845a73f7: add_timer_randomness(.. 8388864) with jiffies: 17938419726266631019, cycles: -508324351737593845
[    6.050450] random 0093 0000 0000 45b1d0b1 845a73f7: added 1 entropy credits to input
[    6.059783] random 0094 0000 0000 45b1d0b1 845a73f7: add_disk_randomness(8:0) 45b1d0b1 845a73f7
[    6.059786] random 0094 0000 0000 45b1d0b1 845a73f7: add_timer_randomness(.. 8388864) with jiffies: 18022452642608546676, cycles: -424291435395678197
[    6.059789] random 0094 0000 0000 45b1d0b1 845a73f7: added 1 entropy credits to input
[    6.060131] random 0095 0000 0000 45b1d0b1 845a73f7: add_disk_randomness(8:0) 45b1d0b1 845a73f7
[    6.060134] random 0095 0000 0000 45b1d0b1 845a73f7: add_timer_randomness(.. 8388864) with jiffies: 18025586444021236596, cycles: -421157633982988277
[    6.075793] random 0095 0000 0000 45b1d0b1 845a73f7: add_disk_randomness(8:0) 45b1d0b1 845a73f7
[    6.075796] random 0095 0000 0000 45b1d0b1 845a73f7: add_timer_randomness(.. 8388864) with jiffies: 18166501890051507076, cycles: -280242187952717813
[    6.075799] random 0095 0000 0000 45b1d0b1 845a73f7: added 4 entropy credits to input
[    6.077422] random 0099 0000 0000 45b1d0b1 845a73f7: add_disk_randomness(8:0) 45b1d0b1 845a73f7
[    6.077425] random 0099 0000 0000 45b1d0b1 845a73f7: add_timer_randomness(.. 8388864) with jiffies: 18181147101465641862, cycles: -265596976538583029
[    6.077427] random 0099 0000 0000 45b1d0b1 845a73f7: added 1 entropy credits to input
[    6.077572] random 0100 0000 0000 45b1d0b1 845a73f7: add_disk_randomness(8:0) 45b1d0b1 845a73f7
[    6.077576] random 0100 0000 0000 45b1d0b1 845a73f7: add_timer_randomness(.. 8388864) with jiffies: 18182507321903252358, cycles: -264236756100972533
[    6.088444] random 0100 0000 0000 45b1d0b1 845a73f7: add_disk_randomness(8:0) 45b1d0b1 845a73f7
[    6.088447] random 0100 0000 0000 45b1d0b1 845a73f7: add_timer_randomness(.. 8388864) with jiffies: 18280318093898777489, cycles: -166425984105447413
[    6.088449] random 0100 0000 0000 45b1d0b1 845a73f7: added 3 entropy credits to input
[    6.089011] random 0103 0000 0000 45b1d0b1 845a73f7: add_disk_randomness(8:0) 45b1d0b1 845a73f7
[    6.089014] random 0103 0000 0000 45b1d0b1 845a73f7: add_timer_randomness(.. 8388864) with jiffies: 18285433283984196497, cycles: -161310794020028405
[    6.094243] random 0103 0000 0000 45b1d0b1 845a73f7: add_disk_randomness(8:0) 45b1d0b1 845a73f7
[    6.094246] random 0103 0000 0000 45b1d0b1 845a73f7: add_timer_randomness(.. 8388864) with jiffies: 18332493743157642135, cycles: -114250334846582773
[    6.094249] random 0103 0000 0000 45b1d0b1 845a73f7: added 2 entropy credits to input
[    6.095997] random 0105 0000 0000 45b1d0b1 845a73f7: add_disk_randomness(8:0) 45b1d0b1 845a73f7
[    6.096000] random 0105 0000 0000 45b1d0b1 845a73f7: add_timer_randomness(.. 8388864) with jiffies: 18348289834008413080, cycles: -98454243995811829
