[    0.000000] random 0000 0000 0000 00000000 00000000: rand_read_num 1 get_random_bytes(8): sig 00000000 00000000 00000000
[    0.000000] random 0000 0000 0000 00000000 00000000: extract_entropy(.. 8 ..)
[    0.000000] random 0000 0000 0000 00000000 00000000: going to reseed nonblocking with 64 bits (64 of 0 requested)
[    0.000000] random 0000 0000 0000 00000000 00000000: extract_entropy(.. 8 ..)
[    0.000000] random 0000 0000 0000 00000000 00000000: trying to extract 64 bits from input
[    0.000000] random 0000 0000 0000 00000000 00000000: debiting 0 entropy credits from input
[    0.000000] random 0000 0000 0000 00000000 00000000: extract_entropy account returned: 0 
[    0.000000] random 0000 0000 0000 00000000 00000000: urand_change_num 1 xfer_secondary_pool(8): pool_sig 00000000, data_sig 00000000, bytes_mixed 0 00000000 00000000
[    0.000000] random 0000 0000 0000 00000000 00000000: trying to extract 64 bits from nonblocking
[    0.000000] random 0000 0000 0000 00000000 00000000: debiting 64 entropy credits from nonblocking (unlimited)
[    0.000000] random 0000 0000 0000 00000000 00000000: extract_entropy account returned: 8 
[    0.000000] random 0000 0000 0000 00000000 00000000: urand_change_num 2 extract_buf: pool_sig 00000000, data_sig fffffff9, bytes_mixed 20 00000000 00000000
[    0.000000] Linux version 2.6.32.57 (dcashman@dcashman-02) (gcc version 4.3.3 (GCC) ) #6 Thu May 30 09:02:12 PDT 2013
[    0.000000] KERNEL supported cpus:
[    0.000000]   Intel GenuineIntel
[    0.000000]   AMD AuthenticAMD
[    0.000000]   NSC Geode by NSC
[    0.000000]   Cyrix CyrixInstead
[    0.000000]   Centaur CentaurHauls
[    0.000000]   Transmeta GenuineTMx86
[    0.000000]   Transmeta TransmetaCPU
[    0.000000]   UMC UMC UMC UMC
[    0.000000] BIOS-provided physical RAM map:
[    0.000000]  BIOS-e820: 0000000000000000 - 000000000009d800 (usable)
[    0.000000]  BIOS-e820: 000000000009d800 - 00000000000a0000 (reserved)
[    0.000000]  BIOS-e820: 00000000000d2000 - 00000000000d4000 (reserved)
[    0.000000]  BIOS-e820: 00000000000e0000 - 0000000000100000 (reserved)
[    0.000000]  BIOS-e820: 0000000000100000 - 000000003d6b0000 (usable)
[    0.000000]  BIOS-e820: 000000003d6b0000 - 000000003d6cc000 (ACPI data)
[    0.000000]  BIOS-e820: 000000003d6cc000 - 000000003d700000 (ACPI NVS)
[    0.000000]  BIOS-e820: 000000003d700000 - 000000003e000000 (reserved)
[    0.000000]  BIOS-e820: 00000000f0000000 - 00000000f4000000 (reserved)
[    0.000000]  BIOS-e820: 00000000fec00000 - 00000000fec10000 (reserved)
[    0.000000]  BIOS-e820: 00000000fed00000 - 00000000fed00400 (reserved)
[    0.000000]  BIOS-e820: 00000000fed14000 - 00000000fed1a000 (reserved)
[    0.000000]  BIOS-e820: 00000000fed1c000 - 00000000fed90000 (reserved)
[    0.000000]  BIOS-e820: 00000000fee00000 - 00000000fee01000 (reserved)
[    0.000000]  BIOS-e820: 00000000ff000000 - 0000000100000000 (reserved)
[    0.000000] DMI present.
[    0.000000] last_pfn = 0x3d6b0 max_arch_pfn = 0x100000
[    0.000000] MTRR default type: uncachable
[    0.000000] MTRR fixed ranges enabled:
[    0.000000]   00000-9FFFF write-back
[    0.000000]   A0000-BFFFF uncachable
[    0.000000]   C0000-CFFFF write-protect
[    0.000000]   D0000-DFFFF uncachable
[    0.000000]   E0000-FFFFF write-protect
[    0.000000] MTRR variable ranges enabled:
[    0.000000]   0 base 03E000000 mask FFE000000 uncachable
[    0.000000]   1 base 000000000 mask FC0000000 write-back
[    0.000000]   2 base 03D700000 mask FFFF00000 uncachable
[    0.000000]   3 base 03D800000 mask FFF800000 uncachable
[    0.000000]   4 disabled
[    0.000000]   5 disabled
[    0.000000]   6 disabled
[    0.000000]   7 disabled
[    0.000000] initial memory mapped : 0 - 02000000
[    0.000000] init_memory_mapping: 0000000000000000-00000000377fe000
[    0.000000]  0000000000 - 0000400000 page 4k
[    0.000000]  0000400000 - 0037400000 page 2M
[    0.000000]  0037400000 - 00377fe000 page 4k
[    0.000000] kernel direct mapping tables up to 377fe000 @ 7000-c000
[    0.000000] ACPI: RSDP 000f68d0 00024 (v02 LENOVO)
[    0.000000] ACPI: XSDT 3d6bb77f 00094 (v01 LENOVO TP-7L    00002170  LTP 00000000)
[    0.000000] ACPI: FACP 3d6bb900 000F4 (v03 LENOVO TP-7L    00002170 LNVO 00000001)
[    0.000000] ACPI Warning: 32/64X length mismatch in Gpe1Block: 0/32 (20090903/tbfadt-526)
[    0.000000] ACPI Warning: Optional field Gpe1Block has zero address or length: 000000000000102C/0 (20090903/tbfadt-557)
[    0.000000] ACPI: DSDT 3d6bbd1d 0FED1 (v01 LENOVO TP-7L    00002170 MSFT 03000000)
[    0.000000] ACPI: FACS 3d6e4000 00040
[    0.000000] ACPI: SSDT 3d6bbab4 00269 (v01 LENOVO TP-7L    00002170 MSFT 03000000)
[    0.000000] ACPI: ECDT 3d6cbbee 00052 (v01 LENOVO TP-7L    00002170 LNVO 00000001)
[    0.000000] ACPI: TCPA 3d6cbc40 00032 (v02 LENOVO TP-7L    00002170 LNVO 00000001)
[    0.000000] ACPI: APIC 3d6cbc72 00068 (v01 LENOVO TP-7L    00002170 LNVO 00000001)
[    0.000000] ACPI: MCFG 3d6cbcda 0003C (v01 LENOVO TP-7L    00002170 LNVO 00000001)
[    0.000000] ACPI: HPET 3d6cbd16 00038 (v01 LENOVO TP-7L    00002170 LNVO 00000001)
[    0.000000] ACPI: SLIC 3d6cbdf0 00176 (v01 LENOVO TP-7L    00002170  LTP 00000000)
[    0.000000] ACPI: BOOT 3d6cbf66 00028 (v01 LENOVO TP-7L    00002170  LTP 00000001)
[    0.000000] ACPI: ASF! 3d6cbf8e 00072 (v16 LENOVO TP-7L    00002170 PTL  00000001)
[    0.000000] ACPI: SSDT 3d6e26d9 0025F (v01 LENOVO TP-7L    00002170 INTL 20050513)
[    0.000000] ACPI: SSDT 3d6e2938 000A6 (v01 LENOVO TP-7L    00002170 INTL 20050513)
[    0.000000] ACPI: SSDT 3d6e29de 004F7 (v01 LENOVO TP-7L    00002170 INTL 20050513)
[    0.000000] ACPI: SSDT 3d6e2ed5 001D8 (v01 LENOVO TP-7L    00002170 INTL 20050513)
[    0.000000] ACPI: DMI detected: Lenovo ThinkPad R61
[    0.000000] ACPI: Added _OSI(Linux)
[    0.000000] ACPI: Local APIC address 0xfee00000
[    0.000000] 94MB HIGHMEM available.
[    0.000000] 887MB LOWMEM available.
[    0.000000]   mapped low ram: 0 - 377fe000
[    0.000000]   low ram: 0 - 377fe000
[    0.000000]   node 0 low ram: 00000000 - 377fe000
[    0.000000]   node 0 bootmap 00008000 - 0000ef00
[    0.000000] (6 early reservations) ==> bootmem [0000000000 - 00377fe000]
[    0.000000]   #0 [0000000000 - 0000001000]   BIOS data page ==> [0000000000 - 0000001000]
[    0.000000]   #1 [0001000000 - 0001bdc180]    TEXT DATA BSS ==> [0001000000 - 0001bdc180]
[    0.000000]   #2 [000009d800 - 0000100000]    BIOS reserved ==> [000009d800 - 0000100000]
[    0.000000]   #3 [0001bdd000 - 0001be516c]              BRK ==> [0001bdd000 - 0001be516c]
[    0.000000]   #4 [0000007000 - 0000008000]          PGTABLE ==> [0000007000 - 0000008000]
[    0.000000]   #5 [0000008000 - 000000f000]          BOOTMAP ==> [0000008000 - 000000f000]
[    0.000000] found SMP MP-table at [c00f6900] f6900
[    0.000000] Zone PFN ranges:
[    0.000000]   DMA      0x00000000 -> 0x00001000
[    0.000000]   Normal   0x00001000 -> 0x000377fe
[    0.000000]   HighMem  0x000377fe -> 0x0003d6b0
[    0.000000] Movable zone start PFN for each node
[    0.000000] early_node_map[2] active PFN ranges
[    0.000000]     0: 0x00000000 -> 0x0000009d
[    0.000000]     0: 0x00000100 -> 0x0003d6b0
[    0.000000] On node 0 totalpages: 251469
[    0.000000] free_area_init_node: node 0, pgdat c1901ea0, node_mem_map c1be7000
[    0.000000]   DMA zone: 32 pages used for memmap
[    0.000000]   DMA zone: 0 pages reserved
[    0.000000]   DMA zone: 3965 pages, LIFO batch:0
[    0.000000]   Normal zone: 1744 pages used for memmap
[    0.000000]   Normal zone: 221486 pages, LIFO batch:31
[    0.000000]   HighMem zone: 190 pages used for memmap
[    0.000000]   HighMem zone: 24052 pages, LIFO batch:3
[    0.000000] Using APIC driver default
[    0.000000] ACPI: PM-Timer IO Port: 0x1008
[    0.000000] ACPI: Local APIC address 0xfee00000
[    0.000000] ACPI: LAPIC (acpi_id[0x00] lapic_id[0x00] enabled)
[    0.000000] ACPI: LAPIC (acpi_id[0x01] lapic_id[0x01] enabled)
[    0.000000] ACPI: NR_CPUS/possible_cpus limit of 1 reached.  Processor 1/0x1 ignored.
[    0.000000] ACPI: LAPIC_NMI (acpi_id[0x00] high edge lint[0x1])
[    0.000000] ACPI: LAPIC_NMI (acpi_id[0x01] high edge lint[0x1])
[    0.000000] ACPI: IOAPIC (id[0x01] address[0xfec00000] gsi_base[0])
[    0.000000] IOAPIC[0]: apic_id 1, version 32, address 0xfec00000, GSI 0-23
[    0.000000] ACPI: INT_SRC_OVR (bus 0 bus_irq 0 global_irq 2 dfl dfl)
[    0.000000] ACPI: INT_SRC_OVR (bus 0 bus_irq 9 global_irq 9 high level)
[    0.000000] ACPI: IRQ0 used by override.
[    0.000000] ACPI: IRQ2 used by override.
[    0.000000] ACPI: IRQ9 used by override.
[    0.000000] Using ACPI (MADT) for SMP configuration information
[    0.000000] ACPI: HPET id: 0x8086a201 base: 0xfed00000
[    0.000000] nr_irqs_gsi: 24
[    0.000000] PM: Registered nosave memory: 000000000009d000 - 000000000009e000
[    0.000000] PM: Registered nosave memory: 000000000009e000 - 00000000000a0000
[    0.000000] PM: Registered nosave memory: 00000000000a0000 - 00000000000d2000
[    0.000000] PM: Registered nosave memory: 00000000000d2000 - 00000000000d4000
[    0.000000] PM: Registered nosave memory: 00000000000d4000 - 00000000000e0000
[    0.000000] PM: Registered nosave memory: 00000000000e0000 - 0000000000100000
[    0.000000] Allocating PCI resources starting at 3e000000 (gap: 3e000000:b2000000)
[    0.000000] Built 1 zonelists in Zone order, mobility grouping on.  Total pages: 249503
[    0.000000] Kernel command line: auto BOOT_IMAGE=Linux ro root=802 vt.default_utf8=0 maxcpus=0
[    0.000000] PID hash table entries: 4096 (order: 2, 16384 bytes)
[    0.000000] Dentry cache hash table entries: 131072 (order: 7, 524288 bytes)
[    0.000000] Inode-cache hash table entries: 65536 (order: 6, 262144 bytes)
[    0.000000] Enabling fast FPU save and restore... done.
[    0.000000] Enabling unmasked SIMD FPU exception support... done.
[    0.000000] Initializing CPU#0
[    0.000000] Initializing HighMem for node 0 (000377fe:0003d6b0)
[    0.000000] Memory: 984800k/1006272k available (6915k kernel code, 20876k reserved, 2327k data, 448k init, 96968k highmem)
[    0.000000] virtual kernel memory layout:
[    0.000000]     fixmap  : 0xfffa3000 - 0xfffff000   ( 368 kB)
[    0.000000]     pkmap   : 0xff800000 - 0xffc00000   (4096 kB)
[    0.000000]     vmalloc : 0xf7ffe000 - 0xff7fe000   ( 120 MB)
[    0.000000]     lowmem  : 0xc0000000 - 0xf77fe000   ( 887 MB)
[    0.000000]       .init : 0xc1907000 - 0xc1977000   ( 448 kB)
[    0.000000]       .data : 0xc16c0d3f - 0xc1906c64   (2327 kB)
[    0.000000]       .text : 0xc1000000 - 0xc16c0d3f   (6915 kB)
[    0.000000] Checking if this processor honours the WP bit even in supervisor mode...Ok.
[    0.000000] SLUB: Genslabs=13, HWalign=64, Order=0-3, MinObjects=0, CPUs=1, Nodes=1
[    0.000000] Hierarchical RCU implementation.
[    0.000000] NR_IRQS:288
[    0.000000] Extended CMOS year: 2000
[    0.000000] Console: colour VGA+ 80x25
[    0.000000] console [tty0] enabled
[    0.000000] hpet clockevent registered
[    0.000000] Fast TSC calibration using PIT
[    0.000000] Detected 2094.867 MHz processor.
[    0.001001] Calibrating delay loop (skipped), value calculated using timer frequency.. 4189.73 BogoMIPS (lpj=2094867)
[    0.001172] Security Framework initialized
[    0.001257] Mount-cache hash table entries: 512
[    0.001405] CPU: L1 I cache: 32K, L1 D cache: 32K
[    0.002003] CPU: L2 cache: 3072K
[    0.002084] mce: CPU supports 6 MCE banks
[    0.002169] CPU0: Thermal monitoring enabled (TM2)
[    0.002251] using mwait in idle threads.
[    0.002332] CPU: Intel(R) Core(TM)2 Duo CPU     T8100  @ 2.10GHz stepping 06
[    0.002510] Checking 'hlt' instruction... OK.
[    0.006944] ACPI: Core revision 20090903
[    0.026013] RANDOM get_random_int first call with cycles 38439212983, jiffies 4294667322 and pid 0
[    0.026020] CANARY value: 113c3f3e for PID: 1
[    0.026027] CANARY value: 39c45616 for PID: 2
[    0.026050] Enabling APIC mode:  Flat.  Using 1 I/O APICs
[    0.027343] ..TIMER: vector=0x30 apic1=0 pin1=2 apic2=-1 pin2=-1
[    0.037997] xor: automatically using best checksumming function: pIII_sse
[    0.041998]    pIII_sse  :  8568.000 MB/sec
[    0.042084] xor: using function: pIII_sse (8568.000 MB/sec)
[    0.042172] RANDOM - __seed init called.
[    0.042173] RANDOM - __seed init called.
[    0.042174] RANDOM - __seed init called.
[    0.042176] RANDOM - __random32 called. Change num 1.  Value: f7943846	49e73df3	af36cd0d
[    0.042178] RANDOM - __random32 called. Change num 2.  Value: 43846e13	9e73df37	9a1ad014
[    0.042180] RANDOM - __random32 called. Change num 3.  Value: 46e139c8	e73df373	a029598a
[    0.042181] RANDOM - __random32 called. Change num 4.  Value: 139c8c3b	73df373d	b3142c72
[    0.042183] RANDOM - __random32 called. Change num 5.  Value: c8c3b043	3df373de	58e576a9
[    0.042185] RANDOM - __random32 called. Change num 6.  Value: 3b0437d9	df373de5	ed53f9d8
[    0.042187] RANDOM - random32 init called.  Value: 3b0437d9	df373de5	ed53f9d8
[    0.042204] NET: Registered protocol family 16
[    0.042454] ACPI FADT declares the system doesn't support PCIe ASPM, so disable it
[    0.042575] ACPI: bus type pci registered
[    0.042739] PCI: MCFG configuration 0: base f0000000 segment 0 buses 0 - 63
[    0.042826] PCI: MCFG area at f0000000 reserved in E820
[    0.042927] PCI: Using MMCONFIG for extended config space
[    0.043002] PCI: Using configuration type 1 for base access
[    0.046123] bio: create slab <bio-0> at 0
[    0.046924] ACPI: EC: EC description table is found, configuring boot EC
[    0.052084] ACPI: BIOS _OSI(Linux) query honored via DMI
[    0.052799] random 0000 0000 0000 00000000 00000000: rand_read_num 2 get_random_bytes(8): sig fffffe1a 00000000 00000000
[    0.052802] random 0000 0000 0000 00000000 00000000: extract_entropy(.. 8 ..)
[    0.052804] random 0000 0000 0000 00000000 00000000: going to reseed nonblocking with 64 bits (64 of 0 requested)
[    0.052807] random 0000 0000 0000 00000000 00000000: extract_entropy(.. 8 ..)
[    0.052809] random 0000 0000 0000 00000000 00000000: trying to extract 64 bits from input
[    0.052811] random 0000 0000 0000 00000000 00000000: debiting 0 entropy credits from input
[    0.052813] random 0000 0000 0000 00000000 00000000: extract_entropy account returned: 0 
[    0.052840] random 0000 0000 0000 00000000 00000000: urand_change_num 3 xfer_secondary_pool(8): pool_sig fffffe1a, data_sig 00000000, bytes_mixed 0 00000000 00000000
[    0.052843] random 0000 0000 0000 00000000 00000000: trying to extract 64 bits from nonblocking
[    0.052846] random 0000 0000 0000 00000000 00000000: debiting 64 entropy credits from nonblocking (unlimited)
[    0.052848] random 0000 0000 0000 00000000 00000000: extract_entropy account returned: 8 
[    0.052852] random 0000 0000 0000 00000000 00000000: urand_change_num 4 extract_buf: pool_sig fffffe1a, data_sig fffffed7, bytes_mixed 20 00000000 00000000
[    0.058380] ACPI: Interpreter enabled
[    0.058459] ACPI: (supports S0 S3 S4 S5)
[    0.058740] ACPI: Using IOAPIC for interrupt routing
[    0.068532] ACPI: EC: GPE = 0x12, I/O: command/status = 0x66, data = 0x62
[    0.068817] ACPI: Power Resource [PUBS] (on)
[    0.070933] ACPI: ACPI Dock Station Driver: 3 docks/bays found
[    0.071317] ACPI: PCI Root Bridge [PCI0] (0000:00)
[    0.071486] pci 0000:00:02.0: reg 10 64bit mmio: [0xf8100000-0xf81fffff]
[    0.071492] pci 0000:00:02.0: reg 18 64bit mmio pref: [0xe0000000-0xefffffff]
[    0.071496] pci 0000:00:02.0: reg 20 io port: [0x1800-0x1807]
[    0.071530] pci 0000:00:02.1: reg 10 64bit mmio: [0xf8200000-0xf82fffff]
[    0.071639] pci 0000:00:19.0: reg 10 32bit mmio: [0xfe000000-0xfe01ffff]
[    0.071648] pci 0000:00:19.0: reg 14 32bit mmio: [0xfe025000-0xfe025fff]
[    0.071657] pci 0000:00:19.0: reg 18 io port: [0x1840-0x185f]
[    0.071728] pci 0000:00:19.0: PME# supported from D0 D3hot D3cold
[    0.071822] pci 0000:00:19.0: PME# disabled
[    0.072002] pci 0000:00:1a.0: reg 20 io port: [0x1860-0x187f]
[    0.072075] pci 0000:00:1a.1: reg 20 io port: [0x1880-0x189f]
[    0.072156] pci 0000:00:1a.7: reg 10 32bit mmio: [0xfe226c00-0xfe226fff]
[    0.072247] pci 0000:00:1a.7: PME# supported from D0 D3hot D3cold
[    0.072334] pci 0000:00:1a.7: PME# disabled
[    0.072471] pci 0000:00:1b.0: reg 10 64bit mmio: [0xfe020000-0xfe023fff]
[    0.072551] pci 0000:00:1b.0: PME# supported from D0 D3hot D3cold
[    0.072634] pci 0000:00:1b.0: PME# disabled
[    0.072823] pci 0000:00:1c.0: PME# supported from D0 D3hot D3cold
[    0.072910] pci 0000:00:1c.0: PME# disabled
[    0.073112] pci 0000:00:1c.1: PME# supported from D0 D3hot D3cold
[    0.073202] pci 0000:00:1c.1: PME# disabled
[    0.073406] pci 0000:00:1c.2: PME# supported from D0 D3hot D3cold
[    0.073502] pci 0000:00:1c.2: PME# disabled
[    0.073697] pci 0000:00:1c.3: PME# supported from D0 D3hot D3cold
[    0.073792] pci 0000:00:1c.3: PME# disabled
[    0.074113] pci 0000:00:1c.4: PME# supported from D0 D3hot D3cold
[    0.074196] pci 0000:00:1c.4: PME# disabled
[    0.074348] pci 0000:00:1d.0: reg 20 io port: [0x18a0-0x18bf]
[    0.074437] pci 0000:00:1d.1: reg 20 io port: [0x18c0-0x18df]
[    0.075057] pci 0000:00:1d.2: reg 20 io port: [0x18e0-0x18ff]
[    0.075146] pci 0000:00:1d.7: reg 10 32bit mmio: [0xfe227000-0xfe2273ff]
[    0.075240] pci 0000:00:1d.7: PME# supported from D0 D3hot D3cold
[    0.075327] pci 0000:00:1d.7: PME# disabled
[    0.075602] pci 0000:00:1f.0: quirk: region 1000-107f claimed by ICH6 ACPI/GPIO/TCO
[    0.075730] pci 0000:00:1f.0: quirk: region 1180-11bf claimed by ICH6 GPIO
[    0.075815] pci 0000:00:1f.0: ICH7 LPC Generic IO decode 1 PIO at 1600 (mask 007f)
[    0.075942] pci 0000:00:1f.0: ICH7 LPC Generic IO decode 2 PIO at 15e0 (mask 000f)
[    0.075998] pci 0000:00:1f.0: ICH7 LPC Generic IO decode 3 PIO at 1680 (mask 001f)
[    0.076192] pci 0000:00:1f.1: reg 10 io port: [0x00-0x07]
[    0.076201] pci 0000:00:1f.1: reg 14 io port: [0x00-0x03]
[    0.076210] pci 0000:00:1f.1: reg 18 io port: [0x00-0x07]
[    0.076222] pci 0000:00:1f.1: reg 1c io port: [0x00-0x03]
[    0.076231] pci 0000:00:1f.1: reg 20 io port: [0x1c00-0x1c0f]
[    0.076311] pci 0000:00:1f.2: reg 10 io port: [0x1c50-0x1c57]
[    0.076320] pci 0000:00:1f.2: reg 14 io port: [0x1c44-0x1c47]
[    0.076329] pci 0000:00:1f.2: reg 18 io port: [0x1c48-0x1c4f]
[    0.076336] pci 0000:00:1f.2: reg 1c io port: [0x1c40-0x1c43]
[    0.076345] pci 0000:00:1f.2: reg 20 io port: [0x1c20-0x1c3f]
[    0.076354] pci 0000:00:1f.2: reg 24 32bit mmio: [0xfe226000-0xfe2267ff]
[    0.076412] pci 0000:00:1f.2: PME# supported from D3hot
[    0.076494] pci 0000:00:1f.2: PME# disabled
[    0.076606] pci 0000:00:1f.3: reg 10 32bit mmio: [0xfe227400-0xfe2274ff]
[    0.076631] pci 0000:00:1f.3: reg 20 io port: [0x1c60-0x1c7f]
[    0.076724] pci 0000:00:1c.0: bridge io port: [0x2000-0x2fff]
[    0.076729] pci 0000:00:1c.0: bridge 32bit mmio: [0xfc000000-0xfdffffff]
[    0.076738] pci 0000:00:1c.0: bridge 64bit mmio pref: [0xf8000000-0xf80fffff]
[    0.076812] pci 0000:03:00.0: reg 10 64bit mmio: [0xdf3f0000-0xdf3fffff]
[    0.077075] pci 0000:00:1c.1: bridge io port: [0x3000-0x3fff]
[    0.077081] pci 0000:00:1c.1: bridge 32bit mmio: [0xdc000000-0xdf3fffff]
[    0.077088] pci 0000:00:1c.1: bridge 64bit mmio pref: [0xdfe00000-0xdfefffff]
[    0.077144] pci 0000:00:1c.2: bridge io port: [0x4000-0x4fff]
[    0.077151] pci 0000:00:1c.2: bridge 32bit mmio: [0xd8000000-0xd9ffffff]
[    0.077158] pci 0000:00:1c.2: bridge 64bit mmio pref: [0xdfb00000-0xdfbfffff]
[    0.077220] pci 0000:00:1c.3: bridge io port: [0x5000-0x5fff]
[    0.077227] pci 0000:00:1c.3: bridge 32bit mmio: [0xd4000000-0xd5ffffff]
[    0.077235] pci 0000:00:1c.3: bridge 64bit mmio pref: [0xdf800000-0xdf8fffff]
[    0.077290] pci 0000:00:1c.4: bridge io port: [0x6000-0x6fff]
[    0.077296] pci 0000:00:1c.4: bridge 32bit mmio: [0xd0000000-0xd1ffffff]
[    0.077305] pci 0000:00:1c.4: bridge 64bit mmio pref: [0xdf500000-0xdf5fffff]
[    0.077363] pci 0000:15:00.0: reg 10 32bit mmio: [0xf8300000-0xf8300fff]
[    0.077417] pci 0000:15:00.0: supports D1 D2
[    0.077418] pci 0000:15:00.0: PME# supported from D0 D1 D2 D3hot D3cold
[    0.077510] pci 0000:15:00.0: PME# disabled
[    0.077643] pci 0000:15:00.1: reg 10 32bit mmio: [0xf8301000-0xf83017ff]
[    0.077737] pci 0000:15:00.1: supports D1 D2
[    0.077738] pci 0000:15:00.1: PME# supported from D0 D1 D2 D3hot D3cold
[    0.077834] pci 0000:15:00.1: PME# disabled
[    0.078009] pci 0000:00:1e.0: transparent bridge
[    0.078098] pci 0000:00:1e.0: bridge io port: [0x7000-0xafff]
[    0.078105] pci 0000:00:1e.0: bridge 32bit mmio: [0xf8300000-0xfbffffff]
[    0.078111] pci 0000:00:1e.0: bridge 64bit mmio pref: [0xf4000000-0xf7ffffff]
[    0.078174] pci_bus 0000:00: on NUMA node 0
[    0.078178] ACPI: PCI Interrupt Routing Table [\_SB_.PCI0._PRT]
[    0.078311] ACPI: PCI Interrupt Routing Table [\_SB_.PCI0.EXP0._PRT]
[    0.078370] ACPI: PCI Interrupt Routing Table [\_SB_.PCI0.EXP1._PRT]
[    0.078428] ACPI: PCI Interrupt Routing Table [\_SB_.PCI0.EXP2._PRT]
[    0.078486] ACPI: PCI Interrupt Routing Table [\_SB_.PCI0.EXP3._PRT]
[    0.078549] ACPI: PCI Interrupt Routing Table [\_SB_.PCI0.EXP4._PRT]
[    0.078612] ACPI: PCI Interrupt Routing Table [\_SB_.PCI0.PCI1._PRT]
[    0.084093] ACPI: PCI Interrupt Link [LNKA] (IRQs 3 4 5 6 7 9 *10 11)
[    0.084815] ACPI: PCI Interrupt Link [LNKB] (IRQs 3 4 5 6 7 9 10 *11)
[    0.085526] ACPI: PCI Interrupt Link [LNKC] (IRQs 3 4 5 6 7 9 10 *11)
[    0.086230] ACPI: PCI Interrupt Link [LNKD] (IRQs 3 4 5 6 7 9 10 *11)
[    0.086995] ACPI: PCI Interrupt Link [LNKE] (IRQs 3 4 5 6 7 9 10 *11)
[    0.087714] ACPI: PCI Interrupt Link [LNKF] (IRQs 3 4 5 6 7 9 10 *11)
[    0.088424] ACPI: PCI Interrupt Link [LNKG] (IRQs 3 4 5 6 7 9 10 *11)
[    0.089178] ACPI: PCI Interrupt Link [LNKH] (IRQs 3 4 5 6 7 9 10 *11)
[    0.089859] vgaarb: device added: PCI:0000:00:02.0,decodes=io+mem,owns=io+mem,locks=none
[    0.090001] vgaarb: loaded
[    0.090183] SCSI subsystem initialized
[    0.090277] libata version 3.00 loaded.
[    0.090326] usbcore: registered new interface driver usbfs
[    0.090455] usbcore: registered new interface driver hub
[    0.090570] usbcore: registered new device driver usb
[    0.107040] raid6: int32x1    941 MB/s
[    0.124058] raid6: int32x2    890 MB/s
[    0.140988] raid6: int32x4    746 MB/s
[    0.157993] raid6: int32x8    656 MB/s
[    0.174991] raid6: mmxx1     2878 MB/s
[    0.191986] raid6: mmxx2     3253 MB/s
[    0.209006] raid6: sse1x1    1937 MB/s
[    0.225999] raid6: sse1x2    2535 MB/s
[    0.242980] raid6: sse2x1    3511 MB/s
[    0.259986] raid6: sse2x2    3832 MB/s
[    0.260064] raid6: using algorithm sse2x2 (3832 MB/s)
[    0.260149] PCI: Using ACPI for IRQ routing
[    0.260453] HPET: 3 timers in total, 0 timers will be used for per-cpu timer
[    0.260989] Switching to clocksource tsc
[    0.261081] pnp: PnP ACPI init
[    0.261168] ACPI: bus type pnp registered
[    0.264824] pnp: PnP ACPI: found 11 devices
[    0.264922] ACPI: ACPI bus type pnp unregistered
[    0.265015] system 00:00: iomem range 0x0-0x9ffff could not be reserved
[    0.265097] system 00:00: iomem range 0xc0000-0xc3fff could not be reserved
[    0.265186] system 00:00: iomem range 0xc4000-0xc7fff could not be reserved
[    0.265269] system 00:00: iomem range 0xc8000-0xcbfff has been reserved
[    0.265350] system 00:00: iomem range 0xcc000-0xcffff has been reserved
[    0.265433] system 00:00: iomem range 0xd0000-0xd3fff could not be reserved
[    0.265525] system 00:00: iomem range 0xe0000-0xe3fff could not be reserved
[    0.265608] system 00:00: iomem range 0xe4000-0xe7fff could not be reserved
[    0.265691] system 00:00: iomem range 0xe8000-0xebfff could not be reserved
[    0.265788] system 00:00: iomem range 0xec000-0xeffff could not be reserved
[    0.265879] system 00:00: iomem range 0xf0000-0xfffff could not be reserved
[    0.265967] system 00:00: iomem range 0x100000-0x3dffffff could not be reserved
[    0.266079] system 00:00: iomem range 0xfec00000-0xfed3ffff could not be reserved
[    0.266194] system 00:00: iomem range 0xfed4c000-0xffffffff could not be reserved
[    0.266309] system 00:02: ioport range 0x164e-0x164f has been reserved
[    0.266398] system 00:02: ioport range 0x1000-0x107f has been reserved
[    0.266492] system 00:02: ioport range 0x1180-0x11bf has been reserved
[    0.266573] system 00:02: ioport range 0x800-0x80f has been reserved
[    0.266661] system 00:02: ioport range 0x15e0-0x15ef has been reserved
[    0.266743] system 00:02: ioport range 0x1600-0x165f could not be reserved
[    0.266830] system 00:02: iomem range 0xf0000000-0xf3ffffff has been reserved
[    0.266918] system 00:02: iomem range 0xfed1c000-0xfed1ffff has been reserved
[    0.267000] system 00:02: iomem range 0xfed14000-0xfed17fff has been reserved
[    0.267094] system 00:02: iomem range 0xfed18000-0xfed18fff has been reserved
[    0.267183] system 00:02: iomem range 0xfed19000-0xfed19fff has been reserved
[    0.267266] system 00:02: iomem range 0xfed45000-0xfed4bfff has been reserved
[    0.302309] pci 0000:00:1c.0: PCI bridge, secondary bus 0000:02
[    0.302392] pci 0000:00:1c.0:   IO window: 0x2000-0x2fff
[    0.302484] pci 0000:00:1c.0:   MEM window: 0xfc000000-0xfdffffff
[    0.302573] pci 0000:00:1c.0:   PREFETCH window: 0x000000f8000000-0x000000f80fffff
[    0.302698] pci 0000:00:1c.1: PCI bridge, secondary bus 0000:03
[    0.302783] pci 0000:00:1c.1:   IO window: 0x3000-0x3fff
[    0.302875] pci 0000:00:1c.1:   MEM window: 0xdc000000-0xdf3fffff
[    0.302960] pci 0000:00:1c.1:   PREFETCH window: 0x000000dfe00000-0x000000dfefffff
[    0.303081] pci 0000:00:1c.2: PCI bridge, secondary bus 0000:04
[    0.303169] pci 0000:00:1c.2:   IO window: 0x4000-0x4fff
[    0.303253] pci 0000:00:1c.2:   MEM window: 0xd8000000-0xd9ffffff
[    0.303343] pci 0000:00:1c.2:   PREFETCH window: 0x000000dfb00000-0x000000dfbfffff
[    0.303462] pci 0000:00:1c.3: PCI bridge, secondary bus 0000:05
[    0.303548] pci 0000:00:1c.3:   IO window: 0x5000-0x5fff
[    0.303630] pci 0000:00:1c.3:   MEM window: 0xd4000000-0xd5ffffff
[    0.303716] pci 0000:00:1c.3:   PREFETCH window: 0x000000df800000-0x000000df8fffff
[    0.303836] pci 0000:00:1c.4: PCI bridge, secondary bus 0000:0d
[    0.303934] pci 0000:00:1c.4:   IO window: 0x6000-0x6fff
[    0.304028] pci 0000:00:1c.4:   MEM window: 0xd0000000-0xd1ffffff
[    0.304117] pci 0000:00:1c.4:   PREFETCH window: 0x000000df500000-0x000000df5fffff
[    0.304236] pci 0000:15:00.0: CardBus bridge, secondary bus 0000:16
[    0.304318] pci 0000:15:00.0:   IO window: 0x007000-0x0070ff
[    0.304401] pci 0000:15:00.0:   IO window: 0x007400-0x0074ff
[    0.304496] pci 0000:15:00.0:   PREFETCH window: 0xf4000000-0xf7ffffff
[    0.304582] pci 0000:15:00.0:   MEM window: 0x40000000-0x43ffffff
[    0.304666] pci 0000:00:1e.0: PCI bridge, secondary bus 0000:15
[    0.304755] pci 0000:00:1e.0:   IO window: 0x7000-0xafff
[    0.304841] pci 0000:00:1e.0:   MEM window: 0xf8300000-0xfbffffff
[    0.304930] pci 0000:00:1e.0:   PREFETCH window: 0x000000f4000000-0x000000f7ffffff
[    0.305061] pci 0000:00:1c.0: PCI INT A -> GSI 20 (level, low) -> IRQ 20
[    0.305153] pci 0000:00:1c.0: setting latency timer to 64
[    0.305165] pci 0000:00:1c.1: PCI INT B -> GSI 21 (level, low) -> IRQ 21
[    0.305252] pci 0000:00:1c.1: setting latency timer to 64
[    0.305264] pci 0000:00:1c.2: PCI INT C -> GSI 22 (level, low) -> IRQ 22
[    0.305356] pci 0000:00:1c.2: setting latency timer to 64
[    0.305365] pci 0000:00:1c.3: PCI INT D -> GSI 23 (level, low) -> IRQ 23
[    0.305454] pci 0000:00:1c.3: setting latency timer to 64
[    0.305463] pci 0000:00:1c.4: PCI INT A -> GSI 20 (level, low) -> IRQ 20
[    0.305546] pci 0000:00:1c.4: setting latency timer to 64
[    0.305553] pci 0000:00:1e.0: enabling device (0005 -> 0007)
[    0.305646] pci 0000:00:1e.0: setting latency timer to 64
[    0.305660] pci 0000:15:00.0: PCI INT A -> GSI 16 (level, low) -> IRQ 16
[    0.305751] pci 0000:15:00.0: setting latency timer to 64
[    0.305755] pci_bus 0000:00: resource 0 io:  [0x00-0xffff]
[    0.305757] pci_bus 0000:00: resource 1 mem: [0x000000-0xffffffff]
[    0.305759] pci_bus 0000:02: resource 0 io:  [0x2000-0x2fff]
[    0.305761] pci_bus 0000:02: resource 1 mem: [0xfc000000-0xfdffffff]
[    0.305763] pci_bus 0000:02: resource 2 pref mem [0xf8000000-0xf80fffff]
[    0.305765] pci_bus 0000:03: resource 0 io:  [0x3000-0x3fff]
[    0.305767] pci_bus 0000:03: resource 1 mem: [0xdc000000-0xdf3fffff]
[    0.305768] pci_bus 0000:03: resource 2 pref mem [0xdfe00000-0xdfefffff]
[    0.305770] pci_bus 0000:04: resource 0 io:  [0x4000-0x4fff]
[    0.305772] pci_bus 0000:04: resource 1 mem: [0xd8000000-0xd9ffffff]
[    0.305774] pci_bus 0000:04: resource 2 pref mem [0xdfb00000-0xdfbfffff]
[    0.305776] pci_bus 0000:05: resource 0 io:  [0x5000-0x5fff]
[    0.305778] pci_bus 0000:05: resource 1 mem: [0xd4000000-0xd5ffffff]
[    0.305779] pci_bus 0000:05: resource 2 pref mem [0xdf800000-0xdf8fffff]
[    0.305781] pci_bus 0000:0d: resource 0 io:  [0x6000-0x6fff]
[    0.305783] pci_bus 0000:0d: resource 1 mem: [0xd0000000-0xd1ffffff]
[    0.305785] pci_bus 0000:0d: resource 2 pref mem [0xdf500000-0xdf5fffff]
[    0.305787] pci_bus 0000:15: resource 0 io:  [0x7000-0xafff]
[    0.305789] pci_bus 0000:15: resource 1 mem: [0xf8300000-0xfbffffff]
[    0.305790] pci_bus 0000:15: resource 2 pref mem [0xf4000000-0xf7ffffff]
[    0.305792] pci_bus 0000:15: resource 3 io:  [0x00-0xffff]
[    0.305794] pci_bus 0000:15: resource 4 mem: [0x000000-0xffffffff]
[    0.305796] pci_bus 0000:16: resource 0 io:  [0x7000-0x70ff]
[    0.305798] pci_bus 0000:16: resource 1 io:  [0x7400-0x74ff]
[    0.305800] pci_bus 0000:16: resource 2 pref mem [0xf4000000-0xf7ffffff]
[    0.305802] pci_bus 0000:16: resource 3 mem: [0x40000000-0x43ffffff]
[    0.305809] NET: Registered protocol family 2
[    0.305894] RANDOM - __random32 called. Change num 7.  Value: 437d97bf	f373de51	f3b0f986
[    0.305896] RANDOM - random32 called.  Value: 437d97bf	f373de51	f3b0f986
[    0.305900] random 0000 0000 0000 5f8db4e5 4cfdf2a8: rand_read_num 3 get_random_bytes(4): sig fffffb64 5f8db4e5 4cfdf2a8
[    0.305902] random 0000 0000 0000 5f8db4e5 4cfdf2a8: extract_entropy(.. 4 ..)
[    0.305905] random 0000 0000 0000 5f8db4e5 4cfdf2a8: going to reseed nonblocking with 64 bits (32 of 0 requested)
[    0.305907] random 0000 0000 0000 5f8db4e5 4cfdf2a8: extract_entropy(.. 8 ..)
[    0.305909] random 0000 0000 0000 5f8db4e5 4cfdf2a8: trying to extract 64 bits from input
[    0.305911] random 0000 0000 0000 5f8db4e5 4cfdf2a8: debiting 0 entropy credits from input
[    0.305913] random 0000 0000 0000 5f8db4e5 4cfdf2a8: extract_entropy account returned: 0 
[    0.305916] random 0000 0000 0000 5f8db4e5 4cfdf2a8: urand_change_num 5 xfer_secondary_pool(4): pool_sig fffffb64, data_sig 00000000, bytes_mixed 0 5f8db4e5 4cfdf2a8
[    0.305919] random 0000 0000 0000 5f8db4e5 4cfdf2a8: trying to extract 32 bits from nonblocking
[    0.305922] random 0000 0000 0000 5f8db4e5 4cfdf2a8: debiting 32 entropy credits from nonblocking (unlimited)
[    0.305924] random 0000 0000 0000 5f8db4e5 4cfdf2a8: extract_entropy account returned: 4 
[    0.305928] random 0000 0000 0000 5f8db4e5 4cfdf2a8: urand_change_num 6 extract_buf: pool_sig fffffb64, data_sig 00000241, bytes_mixed 20 5f8db4e5 4cfdf2a8
[    0.305938] IP route cache hash table entries: 32768 (order: 5, 131072 bytes)
[    0.306065] RANDOM - __random32 called. Change num 8.  Value: d97bfe31	373de51f	f30dc6e6
[    0.306066] RANDOM - random32 called.  Value: d97bfe31	373de51f	f30dc6e6
[    0.306077] RANDOM - __random32 called. Change num 9.  Value: bfe314d7	73de51f5	8dcd6c7e
[    0.306079] RANDOM - random32 called.  Value: bfe314d7	73de51f5	8dcd6c7e
[    0.306080] RANDOM - __random32 called. Change num 10.  Value: 314d7baf	3de51f5e	d8fc74c1
[    0.306082] RANDOM - random32 called.  Value: 314d7baf	3de51f5e	d8fc74c1
[    0.306092] RANDOM - __random32 called. Change num 11.  Value: d7baf3c7	de51f5e5	e983e3fa
[    0.306094] RANDOM - random32 called.  Value: d7baf3c7	de51f5e5	e983e3fa
[    0.306104] TCP established hash table entries: 131072 (order: 8, 1048576 bytes)
[    0.306600] TCP bind hash table entries: 65536 (order: 6, 262144 bytes)
[    0.306778] TCP: Hash tables configured (established 131072 bind 65536)
[    0.306859] TCP reno registered
[    0.306960] NET: Registered protocol family 1
[    0.307069] RPC: Registered udp transport module.
[    0.307152] RPC: Registered tcp transport module.
[    0.307235] RPC: Registered tcp NFSv4.1 backchannel transport module.
[    0.307323] pci 0000:00:02.0: Boot video device
[    0.307536] Simple Boot Flag at 0x35 set to 0x1
[    0.308098] highmem bounce pool size: 64 pages
[    0.309585] VFS: Disk quotas dquot_6.5.2
[    0.309701] Dquot-cache hash table entries: 1024 (order 0, 4096 bytes)
[    0.310441] NTFS driver 2.1.29 [Flags: R/W].
[    0.310596] ROMFS MTD (C) 2007 Red Hat, Inc.
[    0.310794] JFS: nTxBlock = 7695, nTxLock = 61562
[    0.313236] SGI XFS with ACLs, security attributes, large block/inode numbers, no debug enabled
[    0.313715] SGI XFS Quota Management subsystem
[    0.314061] Slow work thread pool: Starting up
[    0.314167] Slow work thread pool: Ready
[    0.314268] GFS2 (built May 24 2013 02:47:17) installed
[    0.314363] msgmni has been set to 1734
[    0.314527] alg: No test for cipher_null (cipher_null-generic)
[    0.314619] alg: No test for ecb(cipher_null) (ecb-cipher_null)
[    0.314710] alg: No test for digest_null (digest_null-generic)
[    0.314806] alg: No test for compress_null (compress_null-generic)
[    0.315358] alg: No test for fcrypt (fcrypt-generic)
[    0.316767] alg: No test for stdrng (krng)
[    0.316852] async_tx: api initialized (async)
[    0.317017] Block layer SCSI generic (bsg) driver version 0.4 loaded (major 254)
[    0.317133] io scheduler noop registered
[    0.317210] io scheduler anticipatory registered
[    0.317295] io scheduler deadline registered
[    0.317425] io scheduler cfq registered (default)
[    0.317663] pcieport 0000:00:1c.0: irq 24 for MSI/MSI-X
[    0.317680] pcieport 0000:00:1c.0: setting latency timer to 64
[    0.317881] pcieport 0000:00:1c.1: irq 25 for MSI/MSI-X
[    0.317893] pcieport 0000:00:1c.1: setting latency timer to 64
[    0.318075] pcieport 0000:00:1c.2: irq 26 for MSI/MSI-X
[    0.318087] pcieport 0000:00:1c.2: setting latency timer to 64
[    0.318259] pcieport 0000:00:1c.3: irq 27 for MSI/MSI-X
[    0.318270] pcieport 0000:00:1c.3: setting latency timer to 64
[    0.318453] pcieport 0000:00:1c.4: irq 28 for MSI/MSI-X
[    0.318465] pcieport 0000:00:1c.4: setting latency timer to 64
[    0.318610] pci_hotplug: PCI Hot Plug PCI Core version: 0.5
[    0.318800] isapnp: Scanning for PnP cards...
[    0.679361] isapnp: No Plug & Play device found
[    0.679451] random 0000 0000 0000 5f8db4e5 4cfdf2a8: initializing
[    0.679453] RANDOM init_std_data for input now value: 1369917394679453881
[    0.679455] RANDOM init_std_data for blocking now value: 1369917394679455982
[    0.679457] RANDOM init_std_data for nonblocking now value: 1369917394679457696
[    0.699029] Serial: 8250/16550 driver, 4 ports, IRQ sharing enabled
[    3.709477] floppy0: no floppy controllers found
[    3.710416] brd: module loaded
[    3.710915] loop: module loaded
[    3.710994] Compaq SMART2 Driver (v 2.6.0)
[    3.711109] HP CISS Driver (v 3.6.20)
[    3.711342] input: Macintosh mouse button emulation as /devices/virtual/input/input0
[    3.711464] Uniform Multi-Platform E-IDE driver
[    3.711697] piix 0000:00:1f.1: IDE controller (0x8086:0x2850 rev 0x03)
[    3.711795] pci 0000:00:1f.1: PCI INT C -> GSI 16 (level, low) -> IRQ 16
[    3.711892] piix 0000:00:1f.1: IDE port disabled
[    3.711986] piix 0000:00:1f.1: not 100% native mode: will probe irqs later
[    3.712084]     ide0: BM-DMA at 0x1c00-0x1c07
[    3.712179] Probing IDE interface ide0...
[    4.383618] hda: HL-DT-ST DVDRAM GSA-U10N, ATAPI CD/DVD-ROM drive
[    4.690393] hda: host max PIO4 wanted PIO255(auto-tune) selected PIO4
[    4.691161] hda: UDMA/33 mode selected
[    4.691620] ide0 at 0x1f0-0x1f7,0x3f6 on irq 14
[    4.695491] ide-gd driver 1.18
[    4.695599] ide-cd driver 5.00
[    4.696978] random 0000 0000 0000 00000000 00000000: add_disk_randomness(0:0) 00000000 00000000
[    4.696982] random 0000 0000 0000 00000000 00000000: add_timer_randomness(.. 256) with jiffies: 5748468255706283641, cycles: 5748468251411611659
[    4.696985] random 0000 0000 0000 00000000 00000000: added 11 entropy credits to input
[    4.696989] ide-cd: hda: ATAPI 24X DVD-ROM DVD-R/RAM CD-R/RW drive, 2048kB Cache
[    4.697393] Uniform CD-ROM driver Revision: 3.20
[    4.700276] random 0011 0000 0000 00000000 00000000: add_disk_randomness(0:0) 00000000 00000000
[    4.700279] random 0011 0000 0000 00000000 00000000: add_timer_randomness(.. 256) with jiffies: 5778140243429129852, cycles: 5778140239134457867
[    4.700281] random 0011 0000 0000 00000000 00000000: added 1 entropy credits to input
[    4.700284] random 0012 0000 0000 00000000 00000000: add_disk_randomness(0:0) 00000000 00000000
[    4.700287] random 0012 0000 0000 00000000 00000000: add_timer_randomness(.. 256) with jiffies: 5778216277235170940, cycles: 5778216272940498955
[    4.702273] random 0012 0000 0000 00000000 00000000: add_disk_randomness(0:0) 00000000 00000000
[    4.702276] random 0012 0000 0000 00000000 00000000: add_timer_randomness(.. 256) with jiffies: 5796109252724227710, cycles: 5796109248429555723
[    4.702279] random 0012 0000 0000 00000000 00000000: added 1 entropy credits to input
[    4.702281] random 0013 0000 0000 00000000 00000000: add_disk_randomness(0:0) 00000000 00000000
[    4.702284] random 0013 0000 0000 00000000 00000000: add_timer_randomness(.. 256) with jiffies: 5796184066759556734, cycles: 5796184062464884747
[    4.704274] random 0013 0000 0000 00000000 00000000: add_disk_randomness(0:0) 00000000 00000000
[    4.704276] random 0013 0000 0000 00000000 00000000: add_timer_randomness(.. 256) with jiffies: 5814108743402225280, cycles: 5814108739107553291
[    4.704279] random 0013 0000 0000 00000000 00000000: added 1 entropy credits to input
[    4.704282] random 0014 0000 0000 00000000 00000000: add_disk_randomness(0:0) 00000000 00000000
[    4.704284] random 0014 0000 0000 00000000 00000000: add_timer_randomness(.. 256) with jiffies: 5814182071378869888, cycles: 5814182067084197899
[    4.704558] Loading iSCSI transport class v2.0-870.
[    4.704835] rdac: device handler registered
[    4.704914] hp_sw: device handler registered
[    4.704997] emc: device handler registered
[    4.705078] alua: device handler registered
[    4.706060] Adaptec aacraid driver 1.1-5[2461]-ms
[    4.706482] scsi: <fdomain> Detection failed (no card)
[    4.706573] sym53c416.c: Version 1.0.0-ac
[    4.706677] qlogicfas: no cards were found, please specify I/O address and IRQ using iobase= and irq= options
[    4.706790] QLogic Fibre Channel HBA Driver: 8.03.01-k6
[    4.706998] iscsi: registered transport (qla4xxx)
[    4.707105] QLogic iSCSI HBA Driver
[    4.707190] Emulex LightPulse Fibre Channel SCSI driver 8.3.4
[    4.707279] Copyright(c) 2004-2009 Emulex.  All rights reserved.
[    4.729377] Failed initialization of WD-7000 SCSI card!
[    4.818538] DC390: clustering now enabled by default. If you get problems load
[    4.818658]        with "disable_clustering=1" and report to maintainers
[    4.818787] megaraid cmm: 2.20.2.7 (Release Date: Sun Jul 16 00:01:03 EST 2006)
[    4.818937] megaraid: 2.20.5.1 (Release Date: Thu Nov 16 15:32:35 EST 2006)
[    4.819040] megasas: 00.00.04.01 Thu July 24 11:41:51 PST 2008
[    4.819163] GDT-HA: Storage RAID Controller Driver. Version: 3.05
[    4.819302] 3ware Storage Controller device driver for Linux v1.26.02.002.
[    4.819406] 3ware 9000 Storage Controller device driver for Linux v2.26.02.012.
[    4.819539] nsp32: loading...
[    4.819641] ipr: IBM Power RAID SCSI Device Driver version: 2.4.3 (June 10, 2009)
[    4.819775] RocketRAID 3xxx/4xxx Controller driver v1.6 (090910)
[    4.819884] stex: Promise SuperTrak EX Driver version: 4.6.0000.3
[    4.820015] st: Version 20081215, fixed bufsize 32768, s/g segs 256
[    4.820194] ahci 0000:00:1f.2: version 3.0
[    4.820212] ahci 0000:00:1f.2: PCI INT B -> GSI 16 (level, low) -> IRQ 16
[    4.820336] ahci 0000:00:1f.2: irq 29 for MSI/MSI-X
[    4.820411] ahci 0000:00:1f.2: AHCI 0001.0100 32 slots 3 ports 1.5 Gbps 0x5 impl SATA mode
[    4.820528] ahci 0000:00:1f.2: flags: 64bit ncq sntf pm led clo pio slum part ccc 
[    4.820654] ahci 0000:00:1f.2: setting latency timer to 64
[    4.820797] scsi2 : ahci
[    4.820952] scsi3 : ahci
[    4.821082] scsi4 : ahci
[    4.821240] ata1: SATA max UDMA/133 abar m2048@0xfe226000 port 0xfe226100 irq 29
[    4.821367] ata2: DUMMY
[    4.821444] ata3: SATA max UDMA/133 abar m2048@0xfe226000 port 0xfe226200 irq 29
[    4.822036] I2O subsystem v1.325
[    4.822116] i2o: max drivers = 8
[    4.822256] I2O Configuration OSM v1.323
[    4.822370] I2O Bus Adapter OSM v1.317
[    4.822468] I2O Block Device OSM v1.325
[    4.822620] I2O SCSI Peripheral OSM v1.316
[    4.822717] I2O ProcFS OSM v1.316
[    4.822812] Fusion MPT base driver 3.04.12
[    4.822890] Copyright (c) 1999-2008 LSI Corporation
[    4.822984] Fusion MPT SPI Host driver 3.04.12
[    4.823089] Fusion MPT FC Host driver 3.04.12
[    4.823204] Fusion MPT SAS Host driver 3.04.12
[    4.823369] ohci1394 0000:15:00.1: PCI INT B -> GSI 17 (level, low) -> IRQ 17
[    4.823456] ohci1394 0000:15:00.1: setting latency timer to 64
[    4.877381] ohci1394: fw-host0: OHCI-1394 1.1 (PCI): IRQ=[17]  MMIO=[f8301000-f83017ff]  Max Packet=[2048]  IR/IT contexts=[4/4]
[    4.881640] ehci_hcd: USB 2.0 'Enhanced' Host Controller (EHCI) Driver
[    4.881915] ehci_hcd 0000:00:1a.7: power state changed by ACPI to D0
[    4.882204] ehci_hcd 0000:00:1a.7: power state changed by ACPI to D0
[    4.882294] ehci_hcd 0000:00:1a.7: PCI INT C -> GSI 22 (level, low) -> IRQ 22
[    4.882397] ehci_hcd 0000:00:1a.7: setting latency timer to 64
[    4.882402] ehci_hcd 0000:00:1a.7: EHCI Host Controller
[    4.882531] ehci_hcd 0000:00:1a.7: new USB bus registered, assigned bus number 1
[    4.886567] ehci_hcd 0000:00:1a.7: cache line size of 32 is not supported
[    4.886576] ehci_hcd 0000:00:1a.7: irq 22, io mem 0xfe226c00
[    4.896339] ehci_hcd 0000:00:1a.7: USB 2.0 started, EHCI 1.00
[    4.896449] usb usb1: New USB device found, idVendor=1d6b, idProduct=0002
[    4.896536] usb usb1: New USB device strings: Mfr=3, Product=2, SerialNumber=1
[    4.896660] usb usb1: Product: EHCI Host Controller
[    4.896740] usb usb1: Manufacturer: Linux 2.6.32.57 ehci_hcd
[    4.896822] usb usb1: SerialNumber: 0000:00:1a.7
[    4.896960] usb usb1: configuration #1 chosen from 1 choice
[    4.897078] hub 1-0:1.0: USB hub found
[    4.897159] hub 1-0:1.0: 4 ports detected
[    4.897463] ehci_hcd 0000:00:1d.7: power state changed by ACPI to D0
[    4.897763] ehci_hcd 0000:00:1d.7: power state changed by ACPI to D0
[    4.897866] ehci_hcd 0000:00:1d.7: PCI INT D -> GSI 19 (level, low) -> IRQ 19
[    4.897959] ehci_hcd 0000:00:1d.7: setting latency timer to 64
[    4.897962] ehci_hcd 0000:00:1d.7: EHCI Host Controller
[    4.898086] ehci_hcd 0000:00:1d.7: new USB bus registered, assigned bus number 2
[    4.898237] ehci_hcd 0000:00:1d.7: debug port 1
[    4.902220] ehci_hcd 0000:00:1d.7: cache line size of 32 is not supported
[    4.902228] ehci_hcd 0000:00:1d.7: irq 19, io mem 0xfe227000
[    4.912337] ehci_hcd 0000:00:1d.7: USB 2.0 started, EHCI 1.00
[    4.912438] usb usb2: New USB device found, idVendor=1d6b, idProduct=0002
[    4.912530] usb usb2: New USB device strings: Mfr=3, Product=2, SerialNumber=1
[    4.912640] usb usb2: Product: EHCI Host Controller
[    4.912719] usb usb2: Manufacturer: Linux 2.6.32.57 ehci_hcd
[    4.912810] usb usb2: SerialNumber: 0000:00:1d.7
[    4.912940] usb usb2: configuration #1 chosen from 1 choice
[    4.913060] hub 2-0:1.0: USB hub found
[    4.913152] hub 2-0:1.0: 6 ports detected
[    4.913328] 116x: driver isp116x-hcd, 03 Nov 2005
[    4.913427] ohci_hcd: USB 1.1 'Open' Host Controller (OHCI) Driver
[    4.913544] uhci_hcd: USB Universal Host Controller Interface driver
[    4.913657] uhci_hcd 0000:00:1a.0: PCI INT A -> GSI 20 (level, low) -> IRQ 20
[    4.913745] uhci_hcd 0000:00:1a.0: setting latency timer to 64
[    4.913748] uhci_hcd 0000:00:1a.0: UHCI Host Controller
[    4.913867] uhci_hcd 0000:00:1a.0: new USB bus registered, assigned bus number 3
[    4.914020] uhci_hcd 0000:00:1a.0: irq 20, io base 0x00001860
[    4.914127] usb usb3: New USB device found, idVendor=1d6b, idProduct=0001
[    4.914209] usb usb3: New USB device strings: Mfr=3, Product=2, SerialNumber=1
[    4.914326] usb usb3: Product: UHCI Host Controller
[    4.914415] usb usb3: Manufacturer: Linux 2.6.32.57 uhci_hcd
[    4.914495] usb usb3: SerialNumber: 0000:00:1a.0
[    4.914625] usb usb3: configuration #1 chosen from 1 choice
[    4.914738] hub 3-0:1.0: USB hub found
[    4.914819] hub 3-0:1.0: 2 ports detected
[    4.915107] uhci_hcd 0000:00:1a.1: power state changed by ACPI to D0
[    4.915351] uhci_hcd 0000:00:1a.1: power state changed by ACPI to D0
[    4.915439] uhci_hcd 0000:00:1a.1: PCI INT B -> GSI 21 (level, low) -> IRQ 21
[    4.915527] uhci_hcd 0000:00:1a.1: setting latency timer to 64
[    4.915532] uhci_hcd 0000:00:1a.1: UHCI Host Controller
[    4.915650] uhci_hcd 0000:00:1a.1: new USB bus registered, assigned bus number 4
[    4.915795] uhci_hcd 0000:00:1a.1: irq 21, io base 0x00001880
[    4.915909] usb usb4: New USB device found, idVendor=1d6b, idProduct=0001
[    4.915992] usb usb4: New USB device strings: Mfr=3, Product=2, SerialNumber=1
[    4.916104] usb usb4: Product: UHCI Host Controller
[    4.916187] usb usb4: Manufacturer: Linux 2.6.32.57 uhci_hcd
[    4.916267] usb usb4: SerialNumber: 0000:00:1a.1
[    4.916402] usb usb4: configuration #1 chosen from 1 choice
[    4.916511] hub 4-0:1.0: USB hub found
[    4.916592] hub 4-0:1.0: 2 ports detected
[    4.916895] uhci_hcd 0000:00:1d.0: power state changed by ACPI to D0
[    4.917144] uhci_hcd 0000:00:1d.0: power state changed by ACPI to D0
[    4.917236] uhci_hcd 0000:00:1d.0: PCI INT A -> GSI 16 (level, low) -> IRQ 16
[    4.917327] uhci_hcd 0000:00:1d.0: setting latency timer to 64
[    4.917336] uhci_hcd 0000:00:1d.0: UHCI Host Controller
[    4.917457] uhci_hcd 0000:00:1d.0: new USB bus registered, assigned bus number 5
[    4.917609] uhci_hcd 0000:00:1d.0: irq 16, io base 0x000018a0
[    4.917714] usb usb5: New USB device found, idVendor=1d6b, idProduct=0001
[    4.917799] usb usb5: New USB device strings: Mfr=3, Product=2, SerialNumber=1
[    4.917926] usb usb5: Product: UHCI Host Controller
[    4.918005] usb usb5: Manufacturer: Linux 2.6.32.57 uhci_hcd
[    4.918088] usb usb5: SerialNumber: 0000:00:1d.0
[    4.918220] usb usb5: configuration #1 chosen from 1 choice
[    4.918328] hub 5-0:1.0: USB hub found
[    4.918424] hub 5-0:1.0: 2 ports detected
[    4.918558] uhci_hcd 0000:00:1d.1: PCI INT B -> GSI 17 (level, low) -> IRQ 17
[    4.918646] uhci_hcd 0000:00:1d.1: setting latency timer to 64
[    4.918649] uhci_hcd 0000:00:1d.1: UHCI Host Controller
[    4.918775] uhci_hcd 0000:00:1d.1: new USB bus registered, assigned bus number 6
[    4.918918] uhci_hcd 0000:00:1d.1: irq 17, io base 0x000018c0
[    4.919021] usb usb6: New USB device found, idVendor=1d6b, idProduct=0001
[    4.919104] usb usb6: New USB device strings: Mfr=3, Product=2, SerialNumber=1
[    4.919222] usb usb6: Product: UHCI Host Controller
[    4.919302] usb usb6: Manufacturer: Linux 2.6.32.57 uhci_hcd
[    4.919390] usb usb6: SerialNumber: 0000:00:1d.1
[    4.919525] usb usb6: configuration #1 chosen from 1 choice
[    4.919636] hub 6-0:1.0: USB hub found
[    4.919722] hub 6-0:1.0: 2 ports detected
[    4.920027] uhci_hcd 0000:00:1d.2: power state changed by ACPI to D0
[    4.920261] uhci_hcd 0000:00:1d.2: power state changed by ACPI to D0
[    4.920364] uhci_hcd 0000:00:1d.2: PCI INT C -> GSI 18 (level, low) -> IRQ 18
[    4.920452] uhci_hcd 0000:00:1d.2: setting latency timer to 64
[    4.920455] uhci_hcd 0000:00:1d.2: UHCI Host Controller
[    4.920580] uhci_hcd 0000:00:1d.2: new USB bus registered, assigned bus number 7
[    4.920727] uhci_hcd 0000:00:1d.2: irq 18, io base 0x000018e0
[    4.920838] usb usb7: New USB device found, idVendor=1d6b, idProduct=0001
[    4.920926] usb usb7: New USB device strings: Mfr=3, Product=2, SerialNumber=1
[    4.921042] usb usb7: Product: UHCI Host Controller
[    4.921128] usb usb7: Manufacturer: Linux 2.6.32.57 uhci_hcd
[    4.921208] usb usb7: SerialNumber: 0000:00:1d.2
[    4.922004] usb usb7: configuration #1 chosen from 1 choice
[    4.922116] hub 7-0:1.0: USB hub found
[    4.922201] hub 7-0:1.0: 2 ports detected
[    4.922358] sl811: driver sl811-hcd, 19 May 2005
[    4.922469] r8a66597_hcd: driver r8a66597_hcd, 2009-05-26
[    4.922630] Initializing USB Mass Storage driver...
[    4.922750] usbcore: registered new interface driver usb-storage
[    4.922838] USB Mass Storage support registered.
[    4.922944] usbcore: registered new interface driver ums-alauda
[    4.923047] usbcore: registered new interface driver ums-cypress
[    4.923146] usbcore: registered new interface driver ums-datafab
[    4.923254] usbcore: registered new interface driver ums-freecom
[    4.923369] usbcore: registered new interface driver ums-isd200
[    4.923469] usbcore: registered new interface driver ums-jumpshot
[    4.923574] usbcore: registered new interface driver ums-karma
[    4.923683] usbcore: registered new interface driver ums-onetouch
[    4.923790] usbcore: registered new interface driver ums-sddr09
[    4.923898] usbcore: registered new interface driver ums-sddr55
[    4.924011] usbcore: registered new interface driver ums-usbat
[    4.924146] PNP: PS/2 Controller [PNP0303:KBD,PNP0f13:MOU] at 0x60,0x64 irq 1,12
[    4.932830] serio: i8042 KBD port at 0x60,0x64 irq 1
[    4.932912] serio: i8042 AUX port at 0x60,0x64 irq 12
[    4.933149] mice: PS/2 mouse device common for all mice
[    4.933256] i2c /dev entries driver
[    4.933394] md: linear personality registered for level -1
[    4.933475] md: raid0 personality registered for level 0
[    4.933564] md: raid1 personality registered for level 1
[    4.933651] md: raid10 personality registered for level 10
[    4.933738] md: raid6 personality registered for level 6
[    4.933818] md: raid5 personality registered for level 5
[    4.933898] md: raid4 personality registered for level 4
[    4.933996] md: multipath personality registered for level -4
[    4.934181] device-mapper: ioctl: 4.15.0-ioctl (2009-04-01) initialised: dm-devel@redhat.com
[    4.934392] cpuidle: using governor ladder
[    4.934977] usbcore: registered new interface driver usbhid
[    4.935062] usbhid: v2.6:USB HID core driver
[    4.935199] random 0014 0000 0000 00000000 00000000: rand_read_num 4 get_random_bytes(136): sig 00000000 00000000 00000000
[    4.935202] random 0014 0000 0000 00000000 00000000: extract_entropy(.. 136 ..)
[    4.935204] random 0014 0000 0000 00000000 00000000: going to reseed nonblocking with 1024 bits (1088 of 0 requested)
[    4.935206] random 0014 0000 0000 00000000 00000000: extract_entropy(.. 128 ..)
[    4.935209] random 0014 0000 0000 00000000 00000000: trying to extract 1024 bits from input
[    4.935211] random 0014 0000 0000 00000000 00000000: debiting 0 entropy credits from input
[    4.935213] random 0014 0000 0000 00000000 00000000: extract_entropy account returned: 0 
[    4.935216] random 0014 0000 0000 00000000 00000000: urand_change_num 7 xfer_secondary_pool(136): pool_sig 00000000, data_sig 00000000, bytes_mixed 0 00000000 00000000
[    4.935219] random 0014 0000 0000 00000000 00000000: trying to extract 1088 bits from nonblocking
[    4.935221] random 0014 0000 0000 00000000 00000000: debiting 1088 entropy credits from nonblocking (unlimited)
[    4.935223] random 0014 0000 0000 00000000 00000000: extract_entropy account returned: 136 
[    4.935228] random 0014 0000 0000 00000000 00000000: urand_change_num 8 extract_buf: pool_sig 00000000, data_sig fffffff9, bytes_mixed 20 00000000 00000000
[    4.935233] random 0014 0000 0000 b7c35b56 be4dc95d: urand_change_num 9 extract_buf: pool_sig fffffd1e, data_sig 000000c5, bytes_mixed 20 b7c35b56 be4dc95d
[    4.935239] random 0014 0000 0000 ed9f5c47 c48487fb: urand_change_num 10 extract_buf: pool_sig fffff8ec, data_sig ffffff68, bytes_mixed 20 ed9f5c47 c48487fb
[    4.935244] random 0014 0000 0000 ed9f5c47 c48487fb: urand_change_num 11 extract_buf: pool_sig fffffaed, data_sig 000001aa, bytes_mixed 20 ed9f5c47 c48487fb
[    4.935249] random 0014 0000 0000 1b4f7c0a 91bd6a48: urand_change_num 12 extract_buf: pool_sig fffffdd8, data_sig 00000064, bytes_mixed 20 1b4f7c0a 91bd6a48
[    4.935254] random 0014 0000 0000 a254b9bc 20e9a24f: urand_change_num 13 extract_buf: pool_sig fffffbe6, data_sig 000001dd, bytes_mixed 20 a254b9bc 20e9a24f
[    4.935260] random 0014 0000 0000 a254b9bc 20e9a24f: urand_change_num 14 extract_buf: pool_sig fffff940, data_sig fffffe20, bytes_mixed 20 a254b9bc 20e9a24f
[    4.935265] random 0014 0000 0000 2831a66b 5fa2a3ad: urand_change_num 15 extract_buf: pool_sig fffffbce, data_sig 0000007e, bytes_mixed 20 2831a66b 5fa2a3ad
[    4.935270] random 0014 0000 0000 2831a66b 5fa2a3ad: urand_change_num 16 extract_buf: pool_sig 000004df, data_sig fffffe8f, bytes_mixed 20 2831a66b 5fa2a3ad
[    4.935275] random 0014 0000 0000 d4512bfd c9a54e0b: urand_change_num 17 extract_buf: pool_sig 00000485, data_sig fffffe68, bytes_mixed 20 d4512bfd c9a54e0b
[    4.935281] random 0014 0000 0000 c7371be6 f9ffea11: urand_change_num 18 extract_buf: pool_sig 00000095, data_sig ffffffed, bytes_mixed 20 c7371be6 f9ffea11
[    4.935286] random 0014 0000 0000 c7371be6 f9ffea11: urand_change_num 19 extract_buf: pool_sig 000003a7, data_sig fffffefa, bytes_mixed 20 c7371be6 f9ffea11
[    4.935291] random 0014 0000 0000 8fb4b62c d1ddba54: urand_change_num 20 extract_buf: pool_sig 00000179, data_sig ffffff78, bytes_mixed 20 8fb4b62c d1ddba54
[    4.935296] random 0014 0000 0000 9ff19f9c c07a1d2a: urand_change_num 21 extract_buf: pool_sig fffffe88, data_sig 00000126, bytes_mixed 20 9ff19f9c c07a1d2a
[    4.935301] TCP cubic registered
[    4.935389] Initializing XFRM netlink socket
[    4.935471] NET: Registered protocol family 17
[    4.935569] Using IPI Shortcut mode
[    4.935649] random 0014 0000 0000 9ff19f9c c07a1d2a: rand_read_num 5 get_random_bytes(8): sig 0000031b 9ff19f9c c07a1d2a
[    4.935651] random 0014 0000 0000 9ff19f9c c07a1d2a: extract_entropy(.. 8 ..)
[    4.935653] random 0014 0000 0000 9ff19f9c c07a1d2a: going to reseed nonblocking with 64 bits (64 of 0 requested)
[    4.935656] random 0014 0000 0000 9ff19f9c c07a1d2a: extract_entropy(.. 8 ..)
[    4.935658] random 0014 0000 0000 9ff19f9c c07a1d2a: trying to extract 64 bits from input
[    4.935660] random 0014 0000 0000 9ff19f9c c07a1d2a: debiting 0 entropy credits from input
[    4.935662] random 0014 0000 0000 9ff19f9c c07a1d2a: extract_entropy account returned: 0 
[    4.935665] random 0014 0000 0000 9ff19f9c c07a1d2a: urand_change_num 22 xfer_secondary_pool(8): pool_sig 0000031b, data_sig 00000000, bytes_mixed 0 9ff19f9c c07a1d2a
[    4.935668] random 0014 0000 0000 9ff19f9c c07a1d2a: trying to extract 64 bits from nonblocking
[    4.935670] random 0014 0000 0000 9ff19f9c c07a1d2a: debiting 64 entropy credits from nonblocking (unlimited)
[    4.935672] random 0014 0000 0000 9ff19f9c c07a1d2a: extract_entropy account returned: 8 
[    4.935677] random 0014 0000 0000 9ff19f9c c07a1d2a: urand_change_num 23 extract_buf: pool_sig 0000031b, data_sig ffffffb3, bytes_mixed 20 9ff19f9c c07a1d2a
[    4.937827] input: AT Translated Set 2 keyboard as /devices/platform/i8042/serio0/input/input1
[    5.128330] ata1: SATA link up 1.5 Gbps (SStatus 113 SControl 300)
[    5.128435] ata3: SATA link down (SStatus 0 SControl 300)
[    5.130863] ata1.00: ACPI cmd ef/02:00:00:00:00:a0 (SET FEATURES) succeeded
[    5.130866] ata1.00: ACPI cmd f5/00:00:00:00:00:a0 (SECURITY FREEZE LOCK) filtered out
[    5.132258] ata1.00: ACPI cmd ef/5f:00:00:00:00:a0 (SET FEATURES) succeeded
[    5.132261] ata1.00: ACPI cmd ef/10:03:00:00:00:a0 (SET FEATURES) filtered out
[    5.134166] ata1.00: ATA-7: ST910021AS, 4.06, max UDMA/100
[    5.134246] ata1.00: 195371568 sectors, multi 16: LBA48 
[    5.136405] ata1.00: ACPI cmd ef/02:00:00:00:00:a0 (SET FEATURES) succeeded
[    5.136408] ata1.00: ACPI cmd f5/00:00:00:00:00:a0 (SECURITY FREEZE LOCK) filtered out
[    5.137803] ata1.00: ACPI cmd ef/5f:00:00:00:00:a0 (SET FEATURES) succeeded
[    5.137805] ata1.00: ACPI cmd ef/10:03:00:00:00:a0 (SET FEATURES) filtered out
[    5.139728] ata1.00: configured for UDMA/100
[    5.150374] scsi 2:0:0:0: Direct-Access     ATA      ST910021AS       4.06 PQ: 0 ANSI: 5
[    5.150649] sd 2:0:0:0: [sda] 195371568 512-byte logical blocks: (100 GB/93.1 GiB)
[    5.150789] sd 2:0:0:0: [sda] Write Protect is off
[    5.150872] sd 2:0:0:0: [sda] Mode Sense: 00 3a 00 00
[    5.150884] sd 2:0:0:0: [sda] Write cache: enabled, read cache: enabled, doesn't support DPO or FUA
[    5.151064]  sda:
[    5.216304] usb 2-1: new high speed USB device using ehci_hcd and address 2
[    5.352717] usb 2-1: New USB device found, idVendor=0e8d, idProduct=1806
[    5.352807] usb 2-1: New USB device strings: Mfr=1, Product=2, SerialNumber=3
[    5.352901] usb 2-1: Product: MT1806 
[    5.352978] usb 2-1: Manufacturer: MediaTek Inc
[    5.353061] usb 2-1: SerialNumber: R8KN6GAC800AEB 
[    5.353196] usb 2-1: configuration #1 chosen from 1 choice
[    5.356761] scsi5 : SCSI emulation for USB Mass Storage devices
[    5.356930] usb-storage: device found at 2
[    5.356932] usb-storage: waiting for device to settle before scanning
[    5.556534] random 0014 0000 0000 277f73c3 42024bb9: add_disk_randomness(8:0) 277f73c3 42024bb9
[    5.556538] random 0014 0000 0000 277f73c3 42024bb9: add_timer_randomness(.. 8388864) with jiffies: 13482219461054005628, cycles: -4964524616950218741
[    5.556541] random 0014 0000 0000 277f73c3 42024bb9: added 11 entropy credits to input
[    5.556546]  sda1 sda2
[    5.557106] random 0025 0000 0000 277f73c3 42024bb9: add_disk_randomness(8:0) 277f73c3 42024bb9
[    5.557109] random 0025 0000 0000 277f73c3 42024bb9: add_timer_randomness(.. 8388864) with jiffies: 13487365635033497980, cycles: -4959378442970726389
[    5.557268] sd 2:0:0:0: [sda] Attached SCSI disk
[    5.557356] random 0025 0000 0000 277f73c3 42024bb9: rand_read_num 6 get_random_bytes(12): sig 000007e9 277f73c3 42024bb9
[    5.557359] random 0025 0000 0000 277f73c3 42024bb9: extract_entropy(.. 12 ..)
[    5.557361] random 0025 0000 0000 277f73c3 42024bb9: going to reseed nonblocking with 96 bits (96 of 0 requested)
[    5.557364] random 0025 0000 0000 277f73c3 42024bb9: extract_entropy(.. 12 ..)
[    5.557366] random 0025 0000 0000 277f73c3 42024bb9: trying to extract 96 bits from input
[    5.557368] random 0025 0000 0000 277f73c3 42024bb9: debiting 0 entropy credits from input
[    5.557370] random 0025 0000 0000 277f73c3 42024bb9: extract_entropy account returned: 0 
[    5.557373] random 0025 0000 0000 277f73c3 42024bb9: urand_change_num 24 xfer_secondary_pool(12): pool_sig 000007e9, data_sig 00000000, bytes_mixed 0 277f73c3 42024bb9
[    5.557376] random 0025 0000 0000 277f73c3 42024bb9: trying to extract 96 bits from nonblocking
[    5.557379] random 0025 0000 0000 277f73c3 42024bb9: debiting 96 entropy credits from nonblocking (unlimited)
[    5.557381] random 0025 0000 0000 277f73c3 42024bb9: extract_entropy account returned: 12 
[    5.557385] random 0025 0000 0000 277f73c3 42024bb9: urand_change_num 25 extract_buf: pool_sig 000007e9, data_sig 00000088, bytes_mixed 20 277f73c3 42024bb9
[    5.557390] random 0025 0000 0000 277f73c3 42024bb9: urand_change_num 26 extract_buf: pool_sig 00000498, data_sig fffffefb, bytes_mixed 20 277f73c3 42024bb9
[    5.557393] RANDOM - __seed init called.
[    5.557394] RANDOM - __seed init called.
[    5.557395] RANDOM - __seed init called.
[    5.557397] RANDOM - __random32 called. Change num 12.  Value: 87f14767	f0d7351	b1e48bd3
[    5.557399] RANDOM - random32_reseed called.  Value: 87f14767	f0d7351	b1e48bd3
[    5.557401] Pid: 1, comm: swapper Not tainted 2.6.32.57 #6
[    5.557493] Call Trace:
[    5.557575]  [<c1923ca4>] ? random32_reseed+0xa0/0xb1
[    5.557656]  [<c1923c04>] ? random32_reseed+0x0/0xb1
[    5.557740]  [<c100111e>] ? do_one_initcall+0x2e/0x180
[    5.557825]  [<c1907265>] ? kernel_init+0xad/0x103
[    5.557906]  [<c19071b8>] ? kernel_init+0x0/0x103
[    5.557992]  [<c1003787>] ? kernel_thread_helper+0x7/0x10
[    5.558522] random 0025 0000 0000 386b4e60 ee4d4880: rand_read_num 7 get_random_bytes(64): sig fffffea5 386b4e60 ee4d4880
[    5.558524] random 0025 0000 0000 386b4e60 ee4d4880: extract_entropy(.. 64 ..)
[    5.558526] random 0025 0000 0000 386b4e60 ee4d4880: going to reseed nonblocking with 512 bits (512 of 0 requested)
[    5.558529] random 0025 0000 0000 386b4e60 ee4d4880: extract_entropy(.. 64 ..)
[    5.558531] random 0025 0000 0000 386b4e60 ee4d4880: trying to extract 512 bits from input
[    5.558533] random 0025 0000 0000 386b4e60 ee4d4880: debiting 0 entropy credits from input
[    5.558535] random 0025 0000 0000 386b4e60 ee4d4880: extract_entropy account returned: 0 
[    5.558538] random 0025 0000 0000 386b4e60 ee4d4880: urand_change_num 27 xfer_secondary_pool(64): pool_sig fffffea5, data_sig 00000000, bytes_mixed 0 386b4e60 ee4d4880
[    5.558541] random 0025 0000 0000 386b4e60 ee4d4880: trying to extract 512 bits from nonblocking
[    5.558544] random 0025 0000 0000 386b4e60 ee4d4880: debiting 512 entropy credits from nonblocking (unlimited)
[    5.558546] random 0025 0000 0000 386b4e60 ee4d4880: extract_entropy account returned: 64 
[    5.558550] random 0025 0000 0000 386b4e60 ee4d4880: urand_change_num 28 extract_buf: pool_sig fffffea5, data_sig 00000173, bytes_mixed 20 386b4e60 ee4d4880
[    5.558556] random 0025 0000 0000 412698f6 0cc8689a: urand_change_num 29 extract_buf: pool_sig 00000122, data_sig ffffff63, bytes_mixed 20 412698f6 0cc8689a
[    5.558561] random 0025 0000 0000 412698f6 0cc8689a: urand_change_num 30 extract_buf: pool_sig 000001f7, data_sig 00000012, bytes_mixed 20 412698f6 0cc8689a
[    5.558566] random 0025 0000 0000 9669941e 06f768b1: urand_change_num 31 extract_buf: pool_sig fffffb5b, data_sig 0000003f, bytes_mixed 20 9669941e 06f768b1
[    5.558572] random 0025 0000 0000 98486520 995551f0: urand_change_num 32 extract_buf: pool_sig fffffb39, data_sig 0000000e, bytes_mixed 20 98486520 995551f0
[    5.558577] random 0025 0000 0000 98486520 995551f0: urand_change_num 33 extract_buf: pool_sig fffffd8d, data_sig 000001a6, bytes_mixed 20 98486520 995551f0
[    5.558582] random 0025 0000 0000 61fc8914 d5882ed2: urand_change_num 34 extract_buf: pool_sig fffffa58, data_sig 0000023e, bytes_mixed 20 61fc8914 d5882ed2
[    5.558612] random 0025 0000 0000 61fc8914 d5882ed2: rand_read_num 8 get_random_bytes(64): sig fffff9ee 61fc8914 d5882ed2
[    5.558614] random 0025 0000 0000 61fc8914 d5882ed2: extract_entropy(.. 64 ..)
[    5.558617] random 0025 0000 0000 61fc8914 d5882ed2: going to reseed nonblocking with 512 bits (512 of 0 requested)
[    5.558619] random 0025 0000 0000 61fc8914 d5882ed2: extract_entropy(.. 64 ..)
[    5.558621] random 0025 0000 0000 61fc8914 d5882ed2: trying to extract 512 bits from input
[    5.558623] random 0025 0000 0000 61fc8914 d5882ed2: debiting 0 entropy credits from input
[    5.558625] random 0025 0000 0000 61fc8914 d5882ed2: extract_entropy account returned: 0 
[    5.558628] random 0025 0000 0000 61fc8914 d5882ed2: urand_change_num 35 xfer_secondary_pool(64): pool_sig fffff9ee, data_sig 00000000, bytes_mixed 0 61fc8914 d5882ed2
[    5.558631] random 0025 0000 0000 61fc8914 d5882ed2: trying to extract 512 bits from nonblocking
[    5.558633] random 0025 0000 0000 61fc8914 d5882ed2: debiting 512 entropy credits from nonblocking (unlimited)
[    5.558635] random 0025 0000 0000 61fc8914 d5882ed2: extract_entropy account returned: 64 
[    5.558640] random 0025 0000 0000 61fc8914 d5882ed2: urand_change_num 36 extract_buf: pool_sig fffff9ee, data_sig ffffff85, bytes_mixed 20 61fc8914 d5882ed2
[    5.558645] random 0025 0000 0000 70cfd302 e5edec11: urand_change_num 37 extract_buf: pool_sig fffffdc1, data_sig ffffffde, bytes_mixed 20 70cfd302 e5edec11
[    5.558650] random 0025 0000 0000 00dab838 eafd2b30: urand_change_num 38 extract_buf: pool_sig 000003da, data_sig ffffff61, bytes_mixed 20 00dab838 eafd2b30
[    5.558656] random 0025 0000 0000 00dab838 eafd2b30: urand_change_num 39 extract_buf: pool_sig 00000314, data_sig 00000121, bytes_mixed 20 00dab838 eafd2b30
[    5.558661] random 0025 0000 0000 5fcdf66a 6442b608: urand_change_num 40 extract_buf: pool_sig 0000028b, data_sig fffffefd, bytes_mixed 20 5fcdf66a 6442b608
[    5.558666] random 0025 0000 0000 61333f6b 8fae0f9b: urand_change_num 41 extract_buf: pool_sig 000000cb, data_sig 000000b3, bytes_mixed 20 61333f6b 8fae0f9b
[    5.558671] random 0025 0000 0000 61333f6b 8fae0f9b: urand_change_num 42 extract_buf: pool_sig fffffef8, data_sig 00000051, bytes_mixed 20 61333f6b 8fae0f9b
[    5.558674] BEGIN NET_SECRET:
[    5.558675] \xffffffe0
[    5.558676] \xffffffb6
[    5.558677] \x36
[    5.558678] \xffffffb5
[    5.558678] \xffffff94
[    5.558679] \xffffffb2
[    5.558680] \xffffffa8
[    5.558681] \xffffffda
[    5.558682] \x5b
[    5.558682] \x19
[    5.558683] \x18
[    5.558684] \x5c
[    5.558685] \x2b
[    5.558685] \x1
[    5.558686] \xffffff90
[    5.558687] \x19
[    5.558688] \x3c
[    5.558688] \xfffffff2
[    5.558689] \xffffff82
[    5.558690] \x2a
[    5.558691] \xffffffb3
[    5.558692] \xffffffa2
[    5.558693] \x3f
[    5.558693] \x5
[    5.558694] \x52
[    5.558695] \x77
[    5.558695] \x57
[    5.558696] \x79
[    5.558697] \x16
[    5.558698] \x43
[    5.558698] \xffffff84
[    5.558699] \xffffffc3
[    5.558700] \xffffffe9
[    5.558701] \x79
[    5.558702] \x50
[    5.558702] \xffffff8e
[    5.558703] \x3f
[    5.558704] \xfffffff3
[    5.558705] \x19
[    5.558705] \x2a
[    5.558706] \xfffffffd
[    5.558707] \xfffffffb
[    5.558708] \x62
[    5.558709] \x3c
[    5.558710] \xffffffac
[    5.558710] \x1c
[    5.558711] \x3b
[    5.558712] \x3b
[    5.558712] \x15
[    5.558713] \x27
[    5.558714] \xffffffa8
[    5.558715] \x22
[    5.558715] \xffffffc5
[    5.558716] \xffffff9a
[    5.558717] \x5
[    5.558718] \x6c
[    5.558719] \xffffffa8
[    5.558719] \x3a
[    5.558720] \x44
[    5.558721] \xffffffaf
[    5.558722] \x13
[    5.558722] \xffffffe0
[    5.558723] \xffffff9d
[    5.558724] \x22
[    5.558725] 
[    5.558725] END NET_SECRET
[    5.558728] random 0025 0000 0000 e7f555d9 e8ce5c3c: rand_read_num 9 get_random_bytes(4): sig 0000068c e7f555d9 e8ce5c3c
[    5.558730] random 0025 0000 0000 e7f555d9 e8ce5c3c: extract_entropy(.. 4 ..)
[    5.558733] random 0025 0000 0000 e7f555d9 e8ce5c3c: going to reseed nonblocking with 64 bits (32 of 0 requested)
[    5.558735] random 0025 0000 0000 e7f555d9 e8ce5c3c: extract_entropy(.. 8 ..)
[    5.558737] random 0025 0000 0000 e7f555d9 e8ce5c3c: trying to extract 64 bits from input
[    5.558739] random 0025 0000 0000 e7f555d9 e8ce5c3c: debiting 0 entropy credits from input
[    5.558741] random 0025 0000 0000 e7f555d9 e8ce5c3c: extract_entropy account returned: 0 
[    5.558744] random 0025 0000 0000 e7f555d9 e8ce5c3c: urand_change_num 43 xfer_secondary_pool(4): pool_sig 0000068c, data_sig 00000000, bytes_mixed 0 e7f555d9 e8ce5c3c
[    5.558747] random 0025 0000 0000 e7f555d9 e8ce5c3c: trying to extract 32 bits from nonblocking
[    5.558749] random 0025 0000 0000 e7f555d9 e8ce5c3c: debiting 32 entropy credits from nonblocking (unlimited)
[    5.558752] random 0025 0000 0000 e7f555d9 e8ce5c3c: extract_entropy account returned: 4 
[    5.558756] random 0025 0000 0000 e7f555d9 e8ce5c3c: urand_change_num 44 extract_buf: pool_sig 0000068c, data_sig fffffdcb, bytes_mixed 20 e7f555d9 e8ce5c3c
[    5.558766] md: Waiting for all devices to be available before autodetect
[    5.558861] md: If you don't use raid, use raid=noautodetect
[    5.559015] md: Autodetecting RAID arrays.
[    5.559094] md: Scanned 0 and added 0 devices.
[    5.559183] md: autorun ...
[    5.559269] md: ... autorun DONE.
[    5.572740] random 0025 0000 0000 e7f555d9 e8ce5c3c: add_disk_randomness(8:0) e7f555d9 e8ce5c3c
[    5.572743] random 0025 0000 0000 e7f555d9 e8ce5c3c: add_timer_randomness(.. 8388864) with jiffies: 13628028940713689484, cycles: -4818715137290534901
[    5.572746] random 0025 0000 0000 e7f555d9 e8ce5c3c: added 4 entropy credits to input
[    5.573865] random 0029 0000 0000 e7f555d9 e8ce5c3c: add_disk_randomness(8:0) e7f555d9 e8ce5c3c
[    5.573868] random 0029 0000 0000 e7f555d9 e8ce5c3c: add_timer_randomness(.. 8388864) with jiffies: 13638155146452763021, cycles: -4808588931551461365
[    5.573981] random 0029 0000 0000 e7f555d9 e8ce5c3c: add_disk_randomness(8:0) e7f555d9 e8ce5c3c
[    5.573984] random 0029 0000 0000 e7f555d9 e8ce5c3c: add_timer_randomness(.. 8388864) with jiffies: 13639195675294663053, cycles: -4807548402709561333
[    5.573989] EXT3-fs: sda2: couldn't mount because of unsupported optional features (240).
[    5.574209] random 0029 0000 0000 e7f555d9 e8ce5c3c: add_disk_randomness(8:0) e7f555d9 e8ce5c3c
[    5.574212] random 0029 0000 0000 e7f555d9 e8ce5c3c: add_timer_randomness(.. 8388864) with jiffies: 13641249309612278157, cycles: -4805494768391946229
[    5.574216] EXT2-fs: sda2: couldn't mount because of unsupported optional features (240).
[    5.574440] random 0029 0000 0000 e7f555d9 e8ce5c3c: add_disk_randomness(8:0) e7f555d9 e8ce5c3c
[    5.574443] random 0029 0000 0000 e7f555d9 e8ce5c3c: add_timer_randomness(.. 8388864) with jiffies: 13643314712140284302, cycles: -4803429365863940085
[    5.574574] random 0029 0000 0000 e7f555d9 e8ce5c3c: add_disk_randomness(8:0) e7f555d9 e8ce5c3c
[    5.574577] random 0029 0000 0000 e7f555d9 e8ce5c3c: add_timer_randomness(.. 8388864) with jiffies: 13644527331731800462, cycles: -4802216746272423925
[    5.574737] random 0029 0000 0000 e7f555d9 e8ce5c3c: add_disk_randomness(8:0) e7f555d9 e8ce5c3c
[    5.574740] random 0029 0000 0000 e7f555d9 e8ce5c3c: add_timer_randomness(.. 8388864) with jiffies: 13645991546212549006, cycles: -4800752531791675381
[    5.574859] random 0029 0000 0000 e7f555d9 e8ce5c3c: add_disk_randomness(8:0) e7f555d9 e8ce5c3c
[    5.574862] random 0029 0000 0000 e7f555d9 e8ce5c3c: add_timer_randomness(.. 8388864) with jiffies: 13647094755807166862, cycles: -4799649322197057525
[    5.574973] random 0029 0000 0000 e7f555d9 e8ce5c3c: add_disk_randomness(8:0) e7f555d9 e8ce5c3c
[    5.574975] random 0029 0000 0000 e7f555d9 e8ce5c3c: add_timer_randomness(.. 8388864) with jiffies: 13648117786952302990, cycles: -4798626291051921397
[    5.575088] random 0029 0000 0000 e7f555d9 e8ce5c3c: add_disk_randomness(8:0) e7f555d9 e8ce5c3c
[    5.575091] random 0029 0000 0000 e7f555d9 e8ce5c3c: add_timer_randomness(.. 8388864) with jiffies: 13649156284274672014, cycles: -4797587793729552373
[    5.575249] random 0029 0000 0000 e7f555d9 e8ce5c3c: add_disk_randomness(8:0) e7f555d9 e8ce5c3c
[    5.575252] random 0029 0000 0000 e7f555d9 e8ce5c3c: add_timer_randomness(.. 8388864) with jiffies: 13650612153633964430, cycles: -4796131924370259957
[    5.575366] random 0029 0000 0000 e7f555d9 e8ce5c3c: add_disk_randomness(8:0) e7f555d9 e8ce5c3c
[    5.575369] random 0029 0000 0000 e7f555d9 e8ce5c3c: add_timer_randomness(.. 8388864) with jiffies: 13651652454842597775, cycles: -4795091623161626613
[    5.575607] random 0029 0000 0000 e7f555d9 e8ce5c3c: rand_read_num 10 get_random_bytes(4): sig ffffff72 e7f555d9 e8ce5c3c
[    5.575609] random 0029 0000 0000 e7f555d9 e8ce5c3c: extract_entropy(.. 4 ..)
[    5.575612] random 0029 0000 0000 e7f555d9 e8ce5c3c: going to reseed nonblocking with 64 bits (32 of 0 requested)
[    5.575614] random 0029 0000 0000 e7f555d9 e8ce5c3c: extract_entropy(.. 8 ..)
[    5.575616] random 0029 0000 0000 e7f555d9 e8ce5c3c: trying to extract 64 bits from input
[    5.575618] random 0029 0000 0000 e7f555d9 e8ce5c3c: debiting 0 entropy credits from input
[    5.575620] random 0029 0000 0000 e7f555d9 e8ce5c3c: extract_entropy account returned: 0 
[    5.575624] random 0029 0000 0000 e7f555d9 e8ce5c3c: urand_change_num 45 xfer_secondary_pool(4): pool_sig ffffff72, data_sig 00000000, bytes_mixed 0 e7f555d9 e8ce5c3c
[    5.575626] random 0029 0000 0000 e7f555d9 e8ce5c3c: trying to extract 32 bits from nonblocking
[    5.575629] random 0029 0000 0000 e7f555d9 e8ce5c3c: debiting 32 entropy credits from nonblocking (unlimited)
[    5.575631] random 0029 0000 0000 e7f555d9 e8ce5c3c: extract_entropy account returned: 4 
[    5.575635] random 0029 0000 0000 e7f555d9 e8ce5c3c: urand_change_num 46 extract_buf: pool_sig ffffff72, data_sig ffffff72, bytes_mixed 20 e7f555d9 e8ce5c3c
[    5.587196] random 0029 0000 0000 91716c54 eeb6a1e7: add_disk_randomness(8:0) 91716c54 eeb6a1e7
[    5.587199] random 0029 0000 0000 91716c54 eeb6a1e7: add_timer_randomness(.. 8388864) with jiffies: 13758101947963638170, cycles: -4688642130040586229
[    5.587202] random 0029 0000 0000 91716c54 eeb6a1e7: added 3 entropy credits to input
[    5.605468] random 0032 0000 0000 91716c54 eeb6a1e7: add_disk_randomness(8:0) 91716c54 eeb6a1e7
[    5.605471] random 0032 0000 0000 91716c54 eeb6a1e7: add_timer_randomness(.. 8388864) with jiffies: 13922492538477576621, cycles: -4524251539526647797
[    5.605474] random 0032 0000 0000 91716c54 eeb6a1e7: added 1 entropy credits to input
[    5.610201] EXT4-fs (sda2): mounted filesystem with ordered data mode
[    5.610380] VFS: Mounted root (ext4 filesystem) readonly on device 8:2.
[    5.610485] Freeing unused kernel memory: 448k freed
[    5.630616] random 0033 0000 0000 91716c54 eeb6a1e7: add_disk_randomness(8:0) 91716c54 eeb6a1e7
[    5.630620] random 0033 0000 0000 91716c54 eeb6a1e7: add_timer_randomness(.. 8388864) with jiffies: 14148763643402748358, cycles: -4297980434601476085
[    5.630622] random 0033 0000 0000 91716c54 eeb6a1e7: added 1 entropy credits to input
[    5.631346] random 0034 0000 0000 91716c54 eeb6a1e7: add_disk_randomness(8:0) 91716c54 eeb6a1e7
[    5.631349] random 0034 0000 0000 91716c54 eeb6a1e7: add_timer_randomness(.. 8388864) with jiffies: 14155325958294045127, cycles: -4291418119710179317
[    5.636071] random 0034 0000 0000 91716c54 eeb6a1e7: add_disk_randomness(8:0) 91716c54 eeb6a1e7
[    5.636074] random 0034 0000 0000 91716c54 eeb6a1e7: add_timer_randomness(.. 8388864) with jiffies: 14197849282735473099, cycles: -4248894795268751349
[    5.636077] random 0034 0000 0000 91716c54 eeb6a1e7: added 1 entropy credits to input
[    5.644273] random 0035 0000 0000 91716c54 eeb6a1e7: add_disk_randomness(8:0) 91716c54 eeb6a1e7
[    5.644276] random 0035 0000 0000 91716c54 eeb6a1e7: add_timer_randomness(.. 8388864) with jiffies: 14271634634742399444, cycles: -4175109443261825013
[    5.644279] random 0035 0000 0000 91716c54 eeb6a1e7: added 1 entropy credits to input
[    5.647694] random 0036 0000 0000 91716c54 eeb6a1e7: add_disk_randomness(8:0) 91716c54 eeb6a1e7
[    5.647697] random 0036 0000 0000 91716c54 eeb6a1e7: add_timer_randomness(.. 8388864) with jiffies: 14302421248082936279, cycles: -4144322829921288181
[    5.647700] random 0036 0000 0000 91716c54 eeb6a1e7: added 1 entropy credits to input
[    5.656590] random 0037 0000 0000 91716c54 eeb6a1e7: add_disk_randomness(8:0) 91716c54 eeb6a1e7
[    5.656593] random 0037 0000 0000 91716c54 eeb6a1e7: add_timer_randomness(.. 8388864) with jiffies: 14382460222796693984, cycles: -4064283855207530485
[    5.656596] random 0037 0000 0000 91716c54 eeb6a1e7: added 2 entropy credits to input
[    5.669867] random 0039 0000 0000 91716c54 eeb6a1e7: add_disk_randomness(8:0) 91716c54 eeb6a1e7
[    5.669870] random 0039 0000 0000 91716c54 eeb6a1e7: add_timer_randomness(.. 8388864) with jiffies: 14501917672913732077, cycles: -3944826405090492405
[    5.669873] random 0039 0000 0000 91716c54 eeb6a1e7: added 1 entropy credits to input
[    5.677942] random 0040 0000 0000 91716c54 eeb6a1e7: add_disk_randomness(8:0) 91716c54 eeb6a1e7
[    5.677945] random 0040 0000 0000 91716c54 eeb6a1e7: add_timer_randomness(.. 8388864) with jiffies: 14574575282472845813, cycles: -3872168795531378677
[    5.677948] random 0040 0000 0000 91716c54 eeb6a1e7: added 2 entropy credits to input
[    5.677970] RANDOM get_random_int call with cycles 50638102021, jiffies 4294672885 and pid 1
[    5.677973] RANDOM get_random_int call with cycles 50638109266, jiffies 4294672885 and pid 1
[    5.677975] ASLR stack rand value: 8364032 after shift for pid: 1
[    5.677977] RANDOM get_random_int call with cycles 50638117131, jiffies 4294672885 and pid 1
[    5.689590] random 0042 0000 0000 91716c54 eeb6a1e7: add_disk_randomness(8:0) 91716c54 eeb6a1e7
[    5.689593] random 0042 0000 0000 91716c54 eeb6a1e7: add_timer_randomness(.. 8388864) with jiffies: 14679368357031674369, cycles: -3767375720972550133
[    5.689596] random 0042 0000 0000 91716c54 eeb6a1e7: added 2 entropy credits to input
[    5.689605] RANDOM get_random_int call with cycles 50662475020, jiffies 4294672897 and pid 1
[    5.689612] random 0044 0000 0000 91716c54 eeb6a1e7: rand_read_num 11 get_random_bytes(16): sig fffffcad 91716c54 eeb6a1e7
[    5.689614] random 0044 0000 0000 91716c54 eeb6a1e7: extract_entropy(.. 16 ..)
[    5.689616] random 0044 0000 0000 91716c54 eeb6a1e7: going to reseed nonblocking with 128 bits (128 of 0 requested)
[    5.689619] random 0044 0000 0000 91716c54 eeb6a1e7: extract_entropy(.. 16 ..)
[    5.689621] random 0044 0000 0000 91716c54 eeb6a1e7: trying to extract 128 bits from input
[    5.689623] random 0044 0000 0000 91716c54 eeb6a1e7: debiting 0 entropy credits from input
[    5.689625] random 0044 0000 0000 91716c54 eeb6a1e7: extract_entropy account returned: 0 
[    5.689628] random 0044 0000 0000 91716c54 eeb6a1e7: urand_change_num 47 xfer_secondary_pool(16): pool_sig fffffcad, data_sig 00000000, bytes_mixed 0 91716c54 eeb6a1e7
[    5.689631] random 0044 0000 0000 91716c54 eeb6a1e7: trying to extract 128 bits from nonblocking
[    5.689634] random 0044 0000 0000 91716c54 eeb6a1e7: debiting 128 entropy credits from nonblocking (unlimited)
[    5.689636] random 0044 0000 0000 91716c54 eeb6a1e7: extract_entropy account returned: 16 
[    5.689640] random 0044 0000 0000 91716c54 eeb6a1e7: urand_change_num 48 extract_buf: pool_sig fffffcad, data_sig ffffff19, bytes_mixed 20 91716c54 eeb6a1e7
[    5.689646] random 0044 0000 0000 fd637b06 6cf47bc1: urand_change_num 49 extract_buf: pool_sig fffffede, data_sig ffffffc1, bytes_mixed 20 fd637b06 6cf47bc1
[    5.690605] random 0044 0000 0000 fd637b06 6cf47bc1: add_disk_randomness(8:0) fd637b06 6cf47bc1
[    5.690608] random 0044 0000 0000 fd637b06 6cf47bc1: add_timer_randomness(.. 8388864) with jiffies: 14688502966491251202, cycles: -3758241111512973301
[    5.691748] random 0044 0000 0000 fd637b06 6cf47bc1: add_disk_randomness(8:0) fd637b06 6cf47bc1
[    5.691751] random 0044 0000 0000 fd637b06 6cf47bc1: add_timer_randomness(.. 8388864) with jiffies: 14698788588531450371, cycles: -3747955489472774133
[    5.692895] random 0044 0000 0000 fd637b06 6cf47bc1: add_disk_randomness(8:0) fd637b06 6cf47bc1
[    5.692898] random 0044 0000 0000 fd637b06 6cf47bc1: add_timer_randomness(.. 8388864) with jiffies: 14709115704250696196, cycles: -3737628373753528309
[    5.693764] random 0044 0000 0000 fd637b06 6cf47bc1: add_disk_randomness(8:0) fd637b06 6cf47bc1
[    5.693767] random 0044 0000 0000 fd637b06 6cf47bc1: add_timer_randomness(.. 8388864) with jiffies: 14716929688576164357, cycles: -3729814389428060149
[    5.702586] random 0044 0000 0000 fd637b06 6cf47bc1: add_disk_randomness(8:0) fd637b06 6cf47bc1
[    5.702589] random 0044 0000 0000 fd637b06 6cf47bc1: add_timer_randomness(.. 8388864) with jiffies: 14796303072208060942, cycles: -3650441005796163573
[    5.702592] random 0044 0000 0000 fd637b06 6cf47bc1: added 3 entropy credits to input
[    5.702788] random 0047 0000 0000 fd637b06 6cf47bc1: add_disk_randomness(8:0) fd637b06 6cf47bc1
[    5.702791] random 0047 0000 0000 fd637b06 6cf47bc1: add_timer_randomness(.. 8388864) with jiffies: 14798120895641256462, cycles: -3648623182362968053
[    5.712972] random 0047 0000 0000 fd637b06 6cf47bc1: add_disk_randomness(8:0) fd637b06 6cf47bc1
[    5.712975] random 0047 0000 0000 fd637b06 6cf47bc1: add_timer_randomness(.. 8388864) with jiffies: 14889752768770966040, cycles: -3556991309233258485
[    5.712978] random 0047 0000 0000 fd637b06 6cf47bc1: added 3 entropy credits to input
[    5.713413] random 0050 0000 0000 fd637b06 6cf47bc1: add_disk_randomness(8:0) fd637b06 6cf47bc1
[    5.713416] random 0050 0000 0000 fd637b06 6cf47bc1: add_timer_randomness(.. 8388864) with jiffies: 14893716538253869593, cycles: -3553027539750354933
[    5.723153] random 0050 0000 0000 fd637b06 6cf47bc1: add_disk_randomness(8:0) fd637b06 6cf47bc1
[    5.723156] random 0050 0000 0000 fd637b06 6cf47bc1: add_timer_randomness(.. 8388864) with jiffies: 14981362278005965346, cycles: -3465381799998259189
[    5.723159] random 0050 0000 0000 fd637b06 6cf47bc1: added 3 entropy credits to input
[    5.723212] RANDOM get_random_int call with cycles 50732878423, jiffies 4294672930 and pid 1
[    5.727759] random 0053 0000 0000 fd637b06 6cf47bc1: add_disk_randomness(8:0) fd637b06 6cf47bc1
[    5.727763] random 0053 0000 0000 fd637b06 6cf47bc1: add_timer_randomness(.. 8388864) with jiffies: 15022798670778827303, cycles: -3423945407225397237
[    5.727766] random 0053 0000 0000 fd637b06 6cf47bc1: added 2 entropy credits to input
[    5.740588] random 0055 0000 0000 fd637b06 6cf47bc1: add_disk_randomness(8:0) fd637b06 6cf47bc1
[    5.740591] random 0055 0000 0000 fd637b06 6cf47bc1: add_timer_randomness(.. 8388864) with jiffies: 15138215329764442676, cycles: -3308528748239781877
[    5.740593] random 0055 0000 0000 fd637b06 6cf47bc1: added 3 entropy credits to input
[    5.740726] random 0058 0000 0000 fd637b06 6cf47bc1: add_disk_randomness(8:0) fd637b06 6cf47bc1
[    5.740729] random 0058 0000 0000 fd637b06 6cf47bc1: add_timer_randomness(.. 8388864) with jiffies: 15139460415013749300, cycles: -3307283662990475253
[    5.742888] random 0058 0000 0000 fd637b06 6cf47bc1: add_disk_randomness(8:0) fd637b06 6cf47bc1
[    5.742891] random 0058 0000 0000 fd637b06 6cf47bc1: add_timer_randomness(.. 8388864) with jiffies: 15158919116535595574, cycles: -3287824961468628981
[    5.742894] random 0058 0000 0000 fd637b06 6cf47bc1: added 1 entropy credits to input
[    5.743132] random 0059 0000 0000 fd637b06 6cf47bc1: add_disk_randomness(8:0) fd637b06 6cf47bc1
[    5.743135] random 0059 0000 0000 fd637b06 6cf47bc1: add_timer_randomness(.. 8388864) with jiffies: 15161119634439766582, cycles: -3285624443564457973
[    5.743277] random 0059 0000 0000 fd637b06 6cf47bc1: add_disk_randomness(8:0) fd637b06 6cf47bc1
[    5.743281] random 0059 0000 0000 fd637b06 6cf47bc1: add_timer_randomness(.. 8388864) with jiffies: 15162412660114031159, cycles: -3284331417890193397
[    5.746447] random 0059 0000 0000 fd637b06 6cf47bc1: add_disk_randomness(8:0) fd637b06 6cf47bc1
[    5.746450] random 0059 0000 0000 fd637b06 6cf47bc1: add_timer_randomness(.. 8388864) with jiffies: 15190931380398424634, cycles: -3255812697605799925
[    5.748455] random 0059 0000 0000 fd637b06 6cf47bc1: add_disk_randomness(8:0) fd637b06 6cf47bc1
[    5.748458] random 0059 0000 0000 fd637b06 6cf47bc1: add_timer_randomness(.. 8388864) with jiffies: 15209000591280538172, cycles: -3237743486723686389
[    5.756327] random 0059 0000 0000 fd637b06 6cf47bc1: add_disk_randomness(8:0) fd637b06 6cf47bc1
[    5.756330] random 0059 0000 0000 fd637b06 6cf47bc1: add_timer_randomness(.. 8388864) with jiffies: 15279828338613125700, cycles: -3166915739391098869
[    5.756333] random 0059 0000 0000 fd637b06 6cf47bc1: added 2 entropy credits to input
[    5.756433] random 0061 0000 0000 fd637b06 6cf47bc1: add_disk_randomness(8:0) fd637b06 6cf47bc1
[    5.756436] random 0061 0000 0000 fd637b06 6cf47bc1: add_timer_randomness(.. 8388864) with jiffies: 15280778084731290180, cycles: -3165965993272934389
[    5.759978] random 0061 0000 0000 fd637b06 6cf47bc1: add_disk_randomness(8:0) fd637b06 6cf47bc1
[    5.759981] random 0061 0000 0000 fd637b06 6cf47bc1: add_timer_randomness(.. 8388864) with jiffies: 15312687522782085703, cycles: -3134056555222138869
[    5.759984] random 0061 0000 0000 fd637b06 6cf47bc1: added 1 entropy credits to input
[    5.764477] random 0062 0000 0000 fd637b06 6cf47bc1: add_disk_randomness(8:0) fd637b06 6cf47bc1
[    5.764480] random 0062 0000 0000 fd637b06 6cf47bc1: add_timer_randomness(.. 8388864) with jiffies: 15353155636652900940, cycles: -3093588441351323637
[    5.770057] random 0062 0000 0000 fd637b06 6cf47bc1: add_disk_randomness(8:0) fd637b06 6cf47bc1
[    5.770060] random 0062 0000 0000 fd637b06 6cf47bc1: add_timer_randomness(.. 8388864) with jiffies: 15403367850202333777, cycles: -3043376227801890805
[    5.776334] random 0062 0000 0000 fd637b06 6cf47bc1: add_disk_randomness(8:0) fd637b06 6cf47bc1
[    5.776337] random 0062 0000 0000 fd637b06 6cf47bc1: add_timer_randomness(.. 8388864) with jiffies: 15459835756632834648, cycles: -2986908321371389941
[    5.776340] random 0062 0000 0000 fd637b06 6cf47bc1: added 1 entropy credits to input
[    5.776353] random 0063 0000 0000 fd637b06 6cf47bc1: rand_read_num 12 get_random_bytes(16): sig 0000033b fd637b06 6cf47bc1
[    5.776355] random 0063 0000 0000 fd637b06 6cf47bc1: extract_entropy(.. 16 ..)
[    5.776358] random 0063 0000 0000 fd637b06 6cf47bc1: going to reseed nonblocking with 128 bits (128 of 0 requested)
[    5.776360] random 0063 0000 0000 fd637b06 6cf47bc1: extract_entropy(.. 16 ..)
[    5.776362] random 0063 0000 0000 fd637b06 6cf47bc1: trying to extract 128 bits from input
[    5.776364] random 0063 0000 0000 fd637b06 6cf47bc1: debiting 0 entropy credits from input
[    5.776366] random 0063 0000 0000 fd637b06 6cf47bc1: extract_entropy account returned: 0 
[    5.776370] random 0063 0000 0000 fd637b06 6cf47bc1: urand_change_num 50 xfer_secondary_pool(16): pool_sig 0000033b, data_sig 00000000, bytes_mixed 0 fd637b06 6cf47bc1
[    5.776373] random 0063 0000 0000 fd637b06 6cf47bc1: trying to extract 128 bits from nonblocking
[    5.776375] random 0063 0000 0000 fd637b06 6cf47bc1: debiting 128 entropy credits from nonblocking (unlimited)
[    5.776377] random 0063 0000 0000 fd637b06 6cf47bc1: extract_entropy account returned: 16 
[    5.776381] random 0063 0000 0000 fd637b06 6cf47bc1: urand_change_num 51 extract_buf: pool_sig 0000033b, data_sig 000000d8, bytes_mixed 20 fd637b06 6cf47bc1
[    5.776387] random 0063 0000 0000 0ec1f012 d4727ca8: urand_change_num 52 extract_buf: pool_sig fffffcf5, data_sig 00000016, bytes_mixed 20 0ec1f012 d4727ca8
[    5.783078] random 0063 0000 0000 45b1d0b1 845a73f7: add_disk_randomness(8:0) 45b1d0b1 845a73f7
[    5.783081] random 0063 0000 0000 45b1d0b1 845a73f7: add_timer_randomness(.. 8388864) with jiffies: 15520523588690739806, cycles: -2926220489313484789
[    5.790297] random 0063 0000 0000 45b1d0b1 845a73f7: add_disk_randomness(8:0) 45b1d0b1 845a73f7
[    5.790300] random 0063 0000 0000 45b1d0b1 845a73f7: add_timer_randomness(.. 8388864) with jiffies: 15585467054734148198, cycles: -2861277023270076405
[    5.790303] random 0063 0000 0000 45b1d0b1 845a73f7: added 1 entropy credits to input
[    5.798318] random 0064 0000 0000 45b1d0b1 845a73f7: add_disk_randomness(8:0) 45b1d0b1 845a73f7
[    5.798322] random 0064 0000 0000 45b1d0b1 845a73f7: add_timer_randomness(.. 8388864) with jiffies: 15657638740283327086, cycles: -2789105337720897525
[    5.807720] random 0064 0000 0000 45b1d0b1 845a73f7: add_disk_randomness(8:0) 45b1d0b1 845a73f7
[    5.807723] random 0064 0000 0000 45b1d0b1 845a73f7: add_timer_randomness(.. 8388864) with jiffies: 15742234963060949623, cycles: -2704509114943274997
[    5.810860] random 0064 0000 0000 45b1d0b1 845a73f7: add_disk_randomness(8:0) 45b1d0b1 845a73f7
[    5.810863] random 0064 0000 0000 45b1d0b1 845a73f7: add_timer_randomness(.. 8388864) with jiffies: 15770485492702478970, cycles: -2676258585301745653
[    5.810866] random 0064 0000 0000 45b1d0b1 845a73f7: added 1 entropy credits to input
[    5.825133] random 0065 0000 0000 45b1d0b1 845a73f7: add_disk_randomness(8:0) 45b1d0b1 845a73f7
[    5.825136] random 0065 0000 0000 45b1d0b1 845a73f7: add_timer_randomness(.. 8388864) with jiffies: 15898913175290741384, cycles: -2547830902713483253
[    5.825139] random 0065 0000 0000 45b1d0b1 845a73f7: added 3 entropy credits to input
[    5.830531] random 0068 0000 0000 45b1d0b1 845a73f7: add_disk_randomness(8:0) 45b1d0b1 845a73f7
[    5.830534] random 0068 0000 0000 45b1d0b1 845a73f7: add_timer_randomness(.. 8388864) with jiffies: 15947472032589644430, cycles: -2499272045414580213
[    5.830537] random 0068 0000 0000 45b1d0b1 845a73f7: added 2 entropy credits to input
[    5.835703] random 0070 0000 0000 45b1d0b1 845a73f7: add_disk_randomness(8:0) 45b1d0b1 845a73f7
[    5.835706] random 0070 0000 0000 45b1d0b1 845a73f7: add_timer_randomness(.. 8388864) with jiffies: 15994010945294402195, cycles: -2452733132709822453
[    5.843931] random 0070 0000 0000 45b1d0b1 845a73f7: add_disk_randomness(8:0) 45b1d0b1 845a73f7
[    5.843934] random 0070 0000 0000 45b1d0b1 845a73f7: add_timer_randomness(.. 8388864) with jiffies: 16068042978747974299, cycles: -2378701099256250357
[    5.843937] random 0070 0000 0000 45b1d0b1 845a73f7: added 1 entropy credits to input
[    5.853534] random 0071 0000 0000 45b1d0b1 845a73f7: add_disk_randomness(8:0) 45b1d0b1 845a73f7
[    5.853537] random 0071 0000 0000 45b1d0b1 845a73f7: add_timer_randomness(.. 8388864) with jiffies: 16154437044770931365, cycles: -2292307033233293301
[    5.873037] random 0071 0000 0000 45b1d0b1 845a73f7: add_disk_randomness(8:0) 45b1d0b1 845a73f7
[    5.873040] random 0071 0000 0000 45b1d0b1 845a73f7: add_timer_randomness(.. 8388864) with jiffies: 16329923880862581432, cycles: -2116820197141643253
[    5.873043] random 0071 0000 0000 45b1d0b1 845a73f7: added 2 entropy credits to input
[    5.886319] random 0073 0000 0000 45b1d0b1 845a73f7: add_disk_randomness(8:0) 45b1d0b1 845a73f7
[    5.886322] random 0073 0000 0000 45b1d0b1 845a73f7: add_timer_randomness(.. 8388864) with jiffies: 16449413757982704326, cycles: -1997330320021520373
[    5.886325] random 0073 0000 0000 45b1d0b1 845a73f7: added 2 entropy credits to input
[    5.894341] random 0075 0000 0000 45b1d0b1 845a73f7: add_disk_randomness(8:0) 45b1d0b1 845a73f7
[    5.894344] random 0075 0000 0000 45b1d0b1 845a73f7: add_timer_randomness(.. 8388864) with jiffies: 16521588059166966478, cycles: -1925156018837258229
[    5.904351] random 0075 0000 0000 45b1d0b1 845a73f7: add_disk_randomness(8:0) 45b1d0b1 845a73f7
[    5.904354] random 0075 0000 0000 45b1d0b1 845a73f7: add_timer_randomness(.. 8388864) with jiffies: 16611650645735998168, cycles: -1835093432268226549
[    5.904356] random 0075 0000 0000 45b1d0b1 845a73f7: added 1 entropy credits to input
[    5.917238] random 0076 0000 0000 45b1d0b1 845a73f7: add_disk_randomness(8:0) 45b1d0b1 845a73f7
[    5.917241] random 0076 0000 0000 45b1d0b1 845a73f7: add_timer_randomness(.. 8388864) with jiffies: 16727598364542862053, cycles: -1719145713461362677
[    5.924596] random 0076 0000 0000 45b1d0b1 845a73f7: add_disk_randomness(8:0) 45b1d0b1 845a73f7
[    5.924599] random 0076 0000 0000 45b1d0b1 845a73f7: add_timer_randomness(.. 8388864) with jiffies: 16793809378514535148, cycles: -1652934699489689589
[    5.924602] random 0076 0000 0000 45b1d0b1 845a73f7: added 2 entropy credits to input
[    5.929840] random 0078 0000 0000 45b1d0b1 845a73f7: add_disk_randomness(8:0) 45b1d0b1 845a73f7
[    5.929843] random 0078 0000 0000 45b1d0b1 845a73f7: add_timer_randomness(.. 8388864) with jiffies: 16840996968719942385, cycles: -1605747109284282357
[    5.929846] random 0078 0000 0000 45b1d0b1 845a73f7: added 1 entropy credits to input
[    5.936282] random 0079 0000 0000 45b1d0b1 845a73f7: add_disk_randomness(8:0) 45b1d0b1 845a73f7
[    5.936285] random 0079 0000 0000 45b1d0b1 845a73f7: add_timer_randomness(.. 8388864) with jiffies: 16898952815030534904, cycles: -1547791262973689845
[    5.936288] random 0079 0000 0000 45b1d0b1 845a73f7: added 1 entropy credits to input
[    5.941335] random 0080 0000 0000 45b1d0b1 845a73f7: add_disk_randomness(8:0) 45b1d0b1 845a73f7
[    5.941338] random 0080 0000 0000 45b1d0b1 845a73f7: add_timer_randomness(.. 8388864) with jiffies: 16944413544915108605, cycles: -1502330533089116149
[    5.941341] random 0080 0000 0000 45b1d0b1 845a73f7: added 1 entropy credits to input
[    5.947235] random 0081 0000 0000 45b1d0b1 845a73f7: add_disk_randomness(8:0) 45b1d0b1 845a73f7
[    5.947238] random 0081 0000 0000 45b1d0b1 845a73f7: add_timer_randomness(.. 8388864) with jiffies: 16997493482358276867, cycles: -1449250595645947893
[    5.956586] random 0081 0000 0000 45b1d0b1 845a73f7: add_disk_randomness(8:0) 45b1d0b1 845a73f7
[    5.956589] random 0081 0000 0000 45b1d0b1 845a73f7: add_timer_randomness(.. 8388864) with jiffies: 17081636165179376396, cycles: -1365107912824848373
[    5.956592] random 0081 0000 0000 45b1d0b1 845a73f7: added 1 entropy credits to input
[    5.961508] random 0082 0000 0000 45b1d0b1 845a73f7: add_disk_randomness(8:0) 45b1d0b1 845a73f7
[    5.961511] random 0082 0000 0000 45b1d0b1 845a73f7: add_timer_randomness(.. 8388864) with jiffies: 17125917965195903761, cycles: -1320826112808321013
[    5.961513] random 0082 0000 0000 45b1d0b1 845a73f7: added 2 entropy credits to input
[    5.968896] random 0084 0000 0000 45b1d0b1 845a73f7: add_disk_randomness(8:0) 45b1d0b1 845a73f7
[    5.968899] random 0084 0000 0000 45b1d0b1 845a73f7: add_timer_randomness(.. 8388864) with jiffies: 17192402087547994904, cycles: -1254341990456229877
[    5.968902] random 0084 0000 0000 45b1d0b1 845a73f7: added 1 entropy credits to input
[    5.975118] random 0085 0000 0000 45b1d0b1 845a73f7: add_disk_randomness(8:0) 45b1d0b1 845a73f7
[    5.975120] random 0085 0000 0000 45b1d0b1 845a73f7: add_timer_randomness(.. 8388864) with jiffies: 17248378933187674910, cycles: -1198365144816549877
[    5.975271] random 0085 0000 0000 45b1d0b1 845a73f7: add_disk_randomness(8:0) 45b1d0b1 845a73f7
[    5.975274] random 0085 0000 0000 45b1d0b1 845a73f7: add_timer_randomness(.. 8388864) with jiffies: 17249750337720124191, cycles: -1196993740284100597
[    5.989678] random 0085 0000 0000 45b1d0b1 845a73f7: add_disk_randomness(8:0) 45b1d0b1 845a73f7
[    5.989681] random 0085 0000 0000 45b1d0b1 845a73f7: add_timer_randomness(.. 8388864) with jiffies: 17379375981176521517, cycles: -1067368096827703285
[    5.989684] random 0085 0000 0000 45b1d0b1 845a73f7: added 3 entropy credits to input
[    5.997094] random 0088 0000 0000 45b1d0b1 845a73f7: add_disk_randomness(8:0) 45b1d0b1 845a73f7
[    5.997097] random 0088 0000 0000 45b1d0b1 845a73f7: add_timer_randomness(.. 8388864) with jiffies: 17446110212359160628, cycles: -1000633865645064181
[    5.997100] random 0088 0000 0000 45b1d0b1 845a73f7: added 2 entropy credits to input
[    6.006777] random 0090 0000 0000 45b1d0b1 845a73f7: add_disk_randomness(8:0) 45b1d0b1 845a73f7
[    6.006780] random 0090 0000 0000 45b1d0b1 845a73f7: add_timer_randomness(.. 8388864) with jiffies: 17533228268134302526, cycles: -913515809869922293
[    6.006783] random 0090 0000 0000 45b1d0b1 845a73f7: added 1 entropy credits to input
[    6.017407] random 0091 0000 0000 45b1d0b1 845a73f7: add_disk_randomness(8:0) 45b1d0b1 845a73f7
[    6.017410] random 0091 0000 0000 45b1d0b1 845a73f7: add_timer_randomness(.. 8388864) with jiffies: 17628862964884538185, cycles: -817881113119686645
[    6.029924] random 0091 0000 0000 45b1d0b1 845a73f7: add_disk_randomness(8:0) 45b1d0b1 845a73f7
[    6.029927] random 0091 0000 0000 45b1d0b1 845a73f7: add_timer_randomness(.. 8388864) with jiffies: 17741493203707331413, cycles: -705250874296893429
[    6.031133] random 0091 0000 0000 45b1d0b1 845a73f7: add_disk_randomness(8:0) 45b1d0b1 845a73f7
[    6.031136] random 0091 0000 0000 45b1d0b1 845a73f7: add_timer_randomness(.. 8388864) with jiffies: 17752368881239556950, cycles: -694375196764667893
[    6.035148] random 0091 0000 0000 45b1d0b1 845a73f7: add_disk_randomness(8:0) 45b1d0b1 845a73f7
[    6.035151] random 0091 0000 0000 45b1d0b1 845a73f7: add_timer_randomness(.. 8388864) with jiffies: 17788500675869246298, cycles: -658243402134978549
[    6.035154] random 0091 0000 0000 45b1d0b1 845a73f7: added 1 entropy credits to input
[    6.044487] random 0092 0000 0000 45b1d0b1 845a73f7: add_disk_randomness(8:0) 45b1d0b1 845a73f7
[    6.044490] random 0092 0000 0000 45b1d0b1 845a73f7: add_timer_randomness(.. 8388864) with jiffies: 17872510502466978660, cycles: -574233575537246197
[    6.044492] random 0092 0000 0000 45b1d0b1 845a73f7: added 1 entropy credits to input
[    6.044837] random 0093 0000 0000 45b1d0b1 845a73f7: add_disk_randomness(8:0) 45b1d0b1 845a73f7
[    6.044840] random 0093 0000 0000 45b1d0b1 845a73f7: add_timer_randomness(.. 8388864) with jiffies: 17875667032846599012, cycles: -571077045157625845
[    6.060498] random 0093 0000 0000 45b1d0b1 845a73f7: add_disk_randomness(8:0) 45b1d0b1 845a73f7
[    6.060501] random 0093 0000 0000 45b1d0b1 845a73f7: add_timer_randomness(.. 8388864) with jiffies: 18016571157343077236, cycles: -430172920661147637
[    6.060504] random 0093 0000 0000 45b1d0b1 845a73f7: added 4 entropy credits to input
[    6.062127] random 0097 0000 0000 45b1d0b1 845a73f7: add_disk_randomness(8:0) 45b1d0b1 845a73f7
[    6.062130] random 0097 0000 0000 45b1d0b1 845a73f7: add_timer_randomness(.. 8388864) with jiffies: 18031241129243673461, cycles: -415502948760551413
[    6.062275] random 0097 0000 0000 45b1d0b1 845a73f7: add_disk_randomness(8:0) 45b1d0b1 845a73f7
[    6.062278] random 0097 0000 0000 45b1d0b1 845a73f7: add_timer_randomness(.. 8388864) with jiffies: 18032557107223167862, cycles: -414186970781057013
[    6.073150] random 0097 0000 0000 45b1d0b1 845a73f7: add_disk_randomness(8:0) 45b1d0b1 845a73f7
[    6.073153] random 0097 0000 0000 45b1d0b1 845a73f7: add_timer_randomness(.. 8388864) with jiffies: 18130417215508022144, cycles: -316326862496202741
[    6.073156] random 0097 0000 0000 45b1d0b1 845a73f7: added 3 entropy credits to input
[    6.073719] random 0100 0000 0000 45b1d0b1 845a73f7: add_disk_randomness(8:0) 45b1d0b1 845a73f7
[    6.073722] random 0100 0000 0000 45b1d0b1 845a73f7: add_timer_randomness(.. 8388864) with jiffies: 18135530107785937793, cycles: -311213970218287093
[    6.078943] random 0100 0000 0000 45b1d0b1 845a73f7: add_disk_randomness(8:0) 45b1d0b1 845a73f7
[    6.078946] random 0100 0000 0000 45b1d0b1 845a73f7: add_timer_randomness(.. 8388864) with jiffies: 18182534874118456198, cycles: -264209203885768693
[    6.078949] random 0100 0000 0000 45b1d0b1 845a73f7: added 2 entropy credits to input
[    6.080700] random 0102 0000 0000 45b1d0b1 845a73f7: add_disk_randomness(8:0) 45b1d0b1 845a73f7
[    6.080703] random 0102 0000 0000 45b1d0b1 845a73f7: add_timer_randomness(.. 8388864) with jiffies: 18198335655073514376, cycles: -248408422930710517
[    6.080705] random 0102 0000 0000 45b1d0b1 845a73f7: added 1 entropy credits to input
