[    0.000000] random 0000 0000 0000 00000000 00000000: rand_read_num 1 get_random_bytes(8): sig 00000000 00000000 00000000
[    0.000000] random 0000 0000 0000 00000000 00000000: extract_entropy(.. 8 ..)
[    0.000000] random 0000 0000 0000 00000000 00000000: going to reseed nonblocking with 64 bits (64 of 0 requested)
[    0.000000] random 0000 0000 0000 00000000 00000000: extract_entropy(.. 8 ..)
[    0.000000] random 0000 0000 0000 00000000 00000000: trying to extract 64 bits from input
[    0.000000] random 0000 0000 0000 00000000 00000000: debiting 0 entropy credits from input
[    0.000000] random 0000 0000 0000 00000000 00000000: extract_entropy account returned: 0 
[    0.000000] random 0000 0000 0000 00000000 00000000: urand_change_num 1 xfer_secondary_pool(8): pool_sig 00000000, data_sig 00000000, bytes_mixed 0 00000000 00000000
[    0.000000] random 0000 0000 0000 00000000 00000000: trying to extract 64 bits from nonblocking
[    0.000000] random 0000 0000 0000 00000000 00000000: debiting 64 entropy credits from nonblocking (unlimited)
[    0.000000] random 0000 0000 0000 00000000 00000000: extract_entropy account returned: 8 
[    0.000000] random 0000 0000 0000 00000000 00000000: urand_change_num 2 extract_buf: pool_sig 00000000, data_sig fffffff9, bytes_mixed 20 00000000 00000000
[    0.000000] Linux version 2.6.32.57 (dcashman@dcashman-02) (gcc version 4.3.3 (GCC) ) #6 Thu May 30 09:02:12 PDT 2013
[    0.000000] KERNEL supported cpus:
[    0.000000]   Intel GenuineIntel
[    0.000000]   AMD AuthenticAMD
[    0.000000]   NSC Geode by NSC
[    0.000000]   Cyrix CyrixInstead
[    0.000000]   Centaur CentaurHauls
[    0.000000]   Transmeta GenuineTMx86
[    0.000000]   Transmeta TransmetaCPU
[    0.000000]   UMC UMC UMC UMC
[    0.000000] BIOS-provided physical RAM map:
[    0.000000]  BIOS-e820: 0000000000000000 - 000000000009d800 (usable)
[    0.000000]  BIOS-e820: 000000000009d800 - 00000000000a0000 (reserved)
[    0.000000]  BIOS-e820: 00000000000d2000 - 00000000000d4000 (reserved)
[    0.000000]  BIOS-e820: 00000000000e0000 - 0000000000100000 (reserved)
[    0.000000]  BIOS-e820: 0000000000100000 - 000000003d6b0000 (usable)
[    0.000000]  BIOS-e820: 000000003d6b0000 - 000000003d6cc000 (ACPI data)
[    0.000000]  BIOS-e820: 000000003d6cc000 - 000000003d700000 (ACPI NVS)
[    0.000000]  BIOS-e820: 000000003d700000 - 000000003e000000 (reserved)
[    0.000000]  BIOS-e820: 00000000f0000000 - 00000000f4000000 (reserved)
[    0.000000]  BIOS-e820: 00000000fec00000 - 00000000fec10000 (reserved)
[    0.000000]  BIOS-e820: 00000000fed00000 - 00000000fed00400 (reserved)
[    0.000000]  BIOS-e820: 00000000fed14000 - 00000000fed1a000 (reserved)
[    0.000000]  BIOS-e820: 00000000fed1c000 - 00000000fed90000 (reserved)
[    0.000000]  BIOS-e820: 00000000fee00000 - 00000000fee01000 (reserved)
[    0.000000]  BIOS-e820: 00000000ff000000 - 0000000100000000 (reserved)
[    0.000000] DMI present.
[    0.000000] last_pfn = 0x3d6b0 max_arch_pfn = 0x100000
[    0.000000] MTRR default type: uncachable
[    0.000000] MTRR fixed ranges enabled:
[    0.000000]   00000-9FFFF write-back
[    0.000000]   A0000-BFFFF uncachable
[    0.000000]   C0000-CFFFF write-protect
[    0.000000]   D0000-DFFFF uncachable
[    0.000000]   E0000-FFFFF write-protect
[    0.000000] MTRR variable ranges enabled:
[    0.000000]   0 base 03E000000 mask FFE000000 uncachable
[    0.000000]   1 base 000000000 mask FC0000000 write-back
[    0.000000]   2 base 03D700000 mask FFFF00000 uncachable
[    0.000000]   3 base 03D800000 mask FFF800000 uncachable
[    0.000000]   4 disabled
[    0.000000]   5 disabled
[    0.000000]   6 disabled
[    0.000000]   7 disabled
[    0.000000] initial memory mapped : 0 - 02000000
[    0.000000] init_memory_mapping: 0000000000000000-00000000377fe000
[    0.000000]  0000000000 - 0000400000 page 4k
[    0.000000]  0000400000 - 0037400000 page 2M
[    0.000000]  0037400000 - 00377fe000 page 4k
[    0.000000] kernel direct mapping tables up to 377fe000 @ 7000-c000
[    0.000000] ACPI: RSDP 000f68d0 00024 (v02 LENOVO)
[    0.000000] ACPI: XSDT 3d6bb77f 00094 (v01 LENOVO TP-7L    00002170  LTP 00000000)
[    0.000000] ACPI: FACP 3d6bb900 000F4 (v03 LENOVO TP-7L    00002170 LNVO 00000001)
[    0.000000] ACPI Warning: 32/64X length mismatch in Gpe1Block: 0/32 (20090903/tbfadt-526)
[    0.000000] ACPI Warning: Optional field Gpe1Block has zero address or length: 000000000000102C/0 (20090903/tbfadt-557)
[    0.000000] ACPI: DSDT 3d6bbd1d 0FED1 (v01 LENOVO TP-7L    00002170 MSFT 03000000)
[    0.000000] ACPI: FACS 3d6e4000 00040
[    0.000000] ACPI: SSDT 3d6bbab4 00269 (v01 LENOVO TP-7L    00002170 MSFT 03000000)
[    0.000000] ACPI: ECDT 3d6cbbee 00052 (v01 LENOVO TP-7L    00002170 LNVO 00000001)
[    0.000000] ACPI: TCPA 3d6cbc40 00032 (v02 LENOVO TP-7L    00002170 LNVO 00000001)
[    0.000000] ACPI: APIC 3d6cbc72 00068 (v01 LENOVO TP-7L    00002170 LNVO 00000001)
[    0.000000] ACPI: MCFG 3d6cbcda 0003C (v01 LENOVO TP-7L    00002170 LNVO 00000001)
[    0.000000] ACPI: HPET 3d6cbd16 00038 (v01 LENOVO TP-7L    00002170 LNVO 00000001)
[    0.000000] ACPI: SLIC 3d6cbdf0 00176 (v01 LENOVO TP-7L    00002170  LTP 00000000)
[    0.000000] ACPI: BOOT 3d6cbf66 00028 (v01 LENOVO TP-7L    00002170  LTP 00000001)
[    0.000000] ACPI: ASF! 3d6cbf8e 00072 (v16 LENOVO TP-7L    00002170 PTL  00000001)
[    0.000000] ACPI: SSDT 3d6e26d9 0025F (v01 LENOVO TP-7L    00002170 INTL 20050513)
[    0.000000] ACPI: SSDT 3d6e2938 000A6 (v01 LENOVO TP-7L    00002170 INTL 20050513)
[    0.000000] ACPI: SSDT 3d6e29de 004F7 (v01 LENOVO TP-7L    00002170 INTL 20050513)
[    0.000000] ACPI: SSDT 3d6e2ed5 001D8 (v01 LENOVO TP-7L    00002170 INTL 20050513)
[    0.000000] ACPI: DMI detected: Lenovo ThinkPad R61
[    0.000000] ACPI: Added _OSI(Linux)
[    0.000000] ACPI: Local APIC address 0xfee00000
[    0.000000] 94MB HIGHMEM available.
[    0.000000] 887MB LOWMEM available.
[    0.000000]   mapped low ram: 0 - 377fe000
[    0.000000]   low ram: 0 - 377fe000
[    0.000000]   node 0 low ram: 00000000 - 377fe000
[    0.000000]   node 0 bootmap 00008000 - 0000ef00
[    0.000000] (6 early reservations) ==> bootmem [0000000000 - 00377fe000]
[    0.000000]   #0 [0000000000 - 0000001000]   BIOS data page ==> [0000000000 - 0000001000]
[    0.000000]   #1 [0001000000 - 0001bdc180]    TEXT DATA BSS ==> [0001000000 - 0001bdc180]
[    0.000000]   #2 [000009d800 - 0000100000]    BIOS reserved ==> [000009d800 - 0000100000]
[    0.000000]   #3 [0001bdd000 - 0001be516c]              BRK ==> [0001bdd000 - 0001be516c]
[    0.000000]   #4 [0000007000 - 0000008000]          PGTABLE ==> [0000007000 - 0000008000]
[    0.000000]   #5 [0000008000 - 000000f000]          BOOTMAP ==> [0000008000 - 000000f000]
[    0.000000] found SMP MP-table at [c00f6900] f6900
[    0.000000] Zone PFN ranges:
[    0.000000]   DMA      0x00000000 -> 0x00001000
[    0.000000]   Normal   0x00001000 -> 0x000377fe
[    0.000000]   HighMem  0x000377fe -> 0x0003d6b0
[    0.000000] Movable zone start PFN for each node
[    0.000000] early_node_map[2] active PFN ranges
[    0.000000]     0: 0x00000000 -> 0x0000009d
[    0.000000]     0: 0x00000100 -> 0x0003d6b0
[    0.000000] On node 0 totalpages: 251469
[    0.000000] free_area_init_node: node 0, pgdat c1901ea0, node_mem_map c1be7000
[    0.000000]   DMA zone: 32 pages used for memmap
[    0.000000]   DMA zone: 0 pages reserved
[    0.000000]   DMA zone: 3965 pages, LIFO batch:0
[    0.000000]   Normal zone: 1744 pages used for memmap
[    0.000000]   Normal zone: 221486 pages, LIFO batch:31
[    0.000000]   HighMem zone: 190 pages used for memmap
[    0.000000]   HighMem zone: 24052 pages, LIFO batch:3
[    0.000000] Using APIC driver default
[    0.000000] ACPI: PM-Timer IO Port: 0x1008
[    0.000000] ACPI: Local APIC address 0xfee00000
[    0.000000] ACPI: LAPIC (acpi_id[0x00] lapic_id[0x00] enabled)
[    0.000000] ACPI: LAPIC (acpi_id[0x01] lapic_id[0x01] enabled)
[    0.000000] ACPI: NR_CPUS/possible_cpus limit of 1 reached.  Processor 1/0x1 ignored.
[    0.000000] ACPI: LAPIC_NMI (acpi_id[0x00] high edge lint[0x1])
[    0.000000] ACPI: LAPIC_NMI (acpi_id[0x01] high edge lint[0x1])
[    0.000000] ACPI: IOAPIC (id[0x01] address[0xfec00000] gsi_base[0])
[    0.000000] IOAPIC[0]: apic_id 1, version 32, address 0xfec00000, GSI 0-23
[    0.000000] ACPI: INT_SRC_OVR (bus 0 bus_irq 0 global_irq 2 dfl dfl)
[    0.000000] ACPI: INT_SRC_OVR (bus 0 bus_irq 9 global_irq 9 high level)
[    0.000000] ACPI: IRQ0 used by override.
[    0.000000] ACPI: IRQ2 used by override.
[    0.000000] ACPI: IRQ9 used by override.
[    0.000000] Using ACPI (MADT) for SMP configuration information
[    0.000000] ACPI: HPET id: 0x8086a201 base: 0xfed00000
[    0.000000] nr_irqs_gsi: 24
[    0.000000] PM: Registered nosave memory: 000000000009d000 - 000000000009e000
[    0.000000] PM: Registered nosave memory: 000000000009e000 - 00000000000a0000
[    0.000000] PM: Registered nosave memory: 00000000000a0000 - 00000000000d2000
[    0.000000] PM: Registered nosave memory: 00000000000d2000 - 00000000000d4000
[    0.000000] PM: Registered nosave memory: 00000000000d4000 - 00000000000e0000
[    0.000000] PM: Registered nosave memory: 00000000000e0000 - 0000000000100000
[    0.000000] Allocating PCI resources starting at 3e000000 (gap: 3e000000:b2000000)
[    0.000000] Built 1 zonelists in Zone order, mobility grouping on.  Total pages: 249503
[    0.000000] Kernel command line: auto BOOT_IMAGE=Linux ro root=802 vt.default_utf8=0 maxcpus=0
[    0.000000] PID hash table entries: 4096 (order: 2, 16384 bytes)
[    0.000000] Dentry cache hash table entries: 131072 (order: 7, 524288 bytes)
[    0.000000] Inode-cache hash table entries: 65536 (order: 6, 262144 bytes)
[    0.000000] Enabling fast FPU save and restore... done.
[    0.000000] Enabling unmasked SIMD FPU exception support... done.
[    0.000000] Initializing CPU#0
[    0.000000] Initializing HighMem for node 0 (000377fe:0003d6b0)
[    0.000000] Memory: 984800k/1006272k available (6915k kernel code, 20876k reserved, 2327k data, 448k init, 96968k highmem)
[    0.000000] virtual kernel memory layout:
[    0.000000]     fixmap  : 0xfffa3000 - 0xfffff000   ( 368 kB)
[    0.000000]     pkmap   : 0xff800000 - 0xffc00000   (4096 kB)
[    0.000000]     vmalloc : 0xf7ffe000 - 0xff7fe000   ( 120 MB)
[    0.000000]     lowmem  : 0xc0000000 - 0xf77fe000   ( 887 MB)
[    0.000000]       .init : 0xc1907000 - 0xc1977000   ( 448 kB)
[    0.000000]       .data : 0xc16c0d3f - 0xc1906c64   (2327 kB)
[    0.000000]       .text : 0xc1000000 - 0xc16c0d3f   (6915 kB)
[    0.000000] Checking if this processor honours the WP bit even in supervisor mode...Ok.
[    0.000000] SLUB: Genslabs=13, HWalign=64, Order=0-3, MinObjects=0, CPUs=1, Nodes=1
[    0.000000] Hierarchical RCU implementation.
[    0.000000] NR_IRQS:288
[    0.000000] Extended CMOS year: 2000
[    0.000000] Console: colour VGA+ 80x25
[    0.000000] console [tty0] enabled
[    0.000000] hpet clockevent registered
[    0.000000] Fast TSC calibration using PIT
[    0.000000] Detected 2094.720 MHz processor.
[    0.001002] Calibrating delay loop (skipped), value calculated using timer frequency.. 4189.44 BogoMIPS (lpj=2094720)
[    0.001162] Security Framework initialized
[    0.001247] Mount-cache hash table entries: 512
[    0.001395] CPU: L1 I cache: 32K, L1 D cache: 32K
[    0.001521] CPU: L2 cache: 3072K
[    0.001602] mce: CPU supports 6 MCE banks
[    0.001691] CPU0: Thermal monitoring enabled (TM2)
[    0.001774] using mwait in idle threads.
[    0.002004] CPU: Intel(R) Core(TM)2 Duo CPU     T8100  @ 2.10GHz stepping 06
[    0.002177] Checking 'hlt' instruction... OK.
[    0.006937] ACPI: Core revision 20090903
[    0.026013] RANDOM get_random_int first call with cycles 38447145502, jiffies 4294667322 and pid 0
[    0.026022] CANARY value: 70457d4b for PID: 1
[    0.026028] CANARY value: 491d3c15 for PID: 2
[    0.026052] Enabling APIC mode:  Flat.  Using 1 I/O APICs
[    0.027361] ..TIMER: vector=0x30 apic1=0 pin1=2 apic2=-1 pin2=-1
[    0.037997] xor: automatically using best checksumming function: pIII_sse
[    0.041998]    pIII_sse  :  8568.000 MB/sec
[    0.042093] xor: using function: pIII_sse (8568.000 MB/sec)
[    0.042182] RANDOM - __seed init called.
[    0.042183] RANDOM - __seed init called.
[    0.042184] RANDOM - __seed init called.
[    0.042186] RANDOM - __random32 called. Change num 1.  Value: f7943846	49e73df3	af36cd0d
[    0.042188] RANDOM - __random32 called. Change num 2.  Value: 43846e13	9e73df37	9a1ad014
[    0.042189] RANDOM - __random32 called. Change num 3.  Value: 46e139c8	e73df373	a029598a
[    0.042191] RANDOM - __random32 called. Change num 4.  Value: 139c8c3b	73df373d	b3142c72
[    0.042193] RANDOM - __random32 called. Change num 5.  Value: c8c3b043	3df373de	58e576a9
[    0.042195] RANDOM - __random32 called. Change num 6.  Value: 3b0437d9	df373de5	ed53f9d8
[    0.042196] RANDOM - random32 init called.  Value: 3b0437d9	df373de5	ed53f9d8
[    0.042214] NET: Registered protocol family 16
[    0.042471] ACPI FADT declares the system doesn't support PCIe ASPM, so disable it
[    0.042594] ACPI: bus type pci registered
[    0.042760] PCI: MCFG configuration 0: base f0000000 segment 0 buses 0 - 63
[    0.042852] PCI: MCFG area at f0000000 reserved in E820
[    0.042932] PCI: Using MMCONFIG for extended config space
[    0.043002] PCI: Using configuration type 1 for base access
[    0.046134] bio: create slab <bio-0> at 0
[    0.046946] ACPI: EC: EC description table is found, configuring boot EC
[    0.052102] ACPI: BIOS _OSI(Linux) query honored via DMI
[    0.052818] random 0000 0000 0000 00000000 00000000: rand_read_num 2 get_random_bytes(8): sig fffffe1a 00000000 00000000
[    0.052821] random 0000 0000 0000 00000000 00000000: extract_entropy(.. 8 ..)
[    0.052824] random 0000 0000 0000 00000000 00000000: going to reseed nonblocking with 64 bits (64 of 0 requested)
[    0.052826] random 0000 0000 0000 00000000 00000000: extract_entropy(.. 8 ..)
[    0.052828] random 0000 0000 0000 00000000 00000000: trying to extract 64 bits from input
[    0.052830] random 0000 0000 0000 00000000 00000000: debiting 0 entropy credits from input
[    0.052832] random 0000 0000 0000 00000000 00000000: extract_entropy account returned: 0 
[    0.052859] random 0000 0000 0000 00000000 00000000: urand_change_num 3 xfer_secondary_pool(8): pool_sig fffffe1a, data_sig 00000000, bytes_mixed 0 00000000 00000000
[    0.052862] random 0000 0000 0000 00000000 00000000: trying to extract 64 bits from nonblocking
[    0.052864] random 0000 0000 0000 00000000 00000000: debiting 64 entropy credits from nonblocking (unlimited)
[    0.052866] random 0000 0000 0000 00000000 00000000: extract_entropy account returned: 8 
[    0.052871] random 0000 0000 0000 00000000 00000000: urand_change_num 4 extract_buf: pool_sig fffffe1a, data_sig fffffed7, bytes_mixed 20 00000000 00000000
[    0.057557] ACPI: Interpreter enabled
[    0.057634] ACPI: (supports S0 S3 S4 S5)
[    0.057919] ACPI: Using IOAPIC for interrupt routing
[    0.067735] ACPI: EC: GPE = 0x12, I/O: command/status = 0x66, data = 0x62
[    0.068054] ACPI: Power Resource [PUBS] (on)
[    0.070184] ACPI: ACPI Dock Station Driver: 3 docks/bays found
[    0.070586] ACPI: PCI Root Bridge [PCI0] (0000:00)
[    0.070748] pci 0000:00:02.0: reg 10 64bit mmio: [0xf8100000-0xf81fffff]
[    0.070754] pci 0000:00:02.0: reg 18 64bit mmio pref: [0xe0000000-0xefffffff]
[    0.070758] pci 0000:00:02.0: reg 20 io port: [0x1800-0x1807]
[    0.070792] pci 0000:00:02.1: reg 10 64bit mmio: [0xf8200000-0xf82fffff]
[    0.070897] pci 0000:00:19.0: reg 10 32bit mmio: [0xfe000000-0xfe01ffff]
[    0.070906] pci 0000:00:19.0: reg 14 32bit mmio: [0xfe025000-0xfe025fff]
[    0.070915] pci 0000:00:19.0: reg 18 io port: [0x1840-0x185f]
[    0.070984] pci 0000:00:19.0: PME# supported from D0 D3hot D3cold
[    0.071003] pci 0000:00:19.0: PME# disabled
[    0.071141] pci 0000:00:1a.0: reg 20 io port: [0x1860-0x187f]
[    0.071220] pci 0000:00:1a.1: reg 20 io port: [0x1880-0x189f]
[    0.071301] pci 0000:00:1a.7: reg 10 32bit mmio: [0xfe226c00-0xfe226fff]
[    0.071385] pci 0000:00:1a.7: PME# supported from D0 D3hot D3cold
[    0.071469] pci 0000:00:1a.7: PME# disabled
[    0.071615] pci 0000:00:1b.0: reg 10 64bit mmio: [0xfe020000-0xfe023fff]
[    0.071699] pci 0000:00:1b.0: PME# supported from D0 D3hot D3cold
[    0.071783] pci 0000:00:1b.0: PME# disabled
[    0.072080] pci 0000:00:1c.0: PME# supported from D0 D3hot D3cold
[    0.072168] pci 0000:00:1c.0: PME# disabled
[    0.072364] pci 0000:00:1c.1: PME# supported from D0 D3hot D3cold
[    0.072454] pci 0000:00:1c.1: PME# disabled
[    0.072658] pci 0000:00:1c.2: PME# supported from D0 D3hot D3cold
[    0.072749] pci 0000:00:1c.2: PME# disabled
[    0.072940] pci 0000:00:1c.3: PME# supported from D0 D3hot D3cold
[    0.072999] pci 0000:00:1c.3: PME# disabled
[    0.073845] pci 0000:00:1c.4: PME# supported from D0 D3hot D3cold
[    0.073935] pci 0000:00:1c.4: PME# disabled
[    0.074057] pci 0000:00:1d.0: reg 20 io port: [0x18a0-0x18bf]
[    0.074143] pci 0000:00:1d.1: reg 20 io port: [0x18c0-0x18df]
[    0.074218] pci 0000:00:1d.2: reg 20 io port: [0x18e0-0x18ff]
[    0.074309] pci 0000:00:1d.7: reg 10 32bit mmio: [0xfe227000-0xfe2273ff]
[    0.074402] pci 0000:00:1d.7: PME# supported from D0 D3hot D3cold
[    0.074500] pci 0000:00:1d.7: PME# disabled
[    0.074776] pci 0000:00:1f.0: quirk: region 1000-107f claimed by ICH6 ACPI/GPIO/TCO
[    0.074901] pci 0000:00:1f.0: quirk: region 1180-11bf claimed by ICH6 GPIO
[    0.074998] pci 0000:00:1f.0: ICH7 LPC Generic IO decode 1 PIO at 1600 (mask 007f)
[    0.075127] pci 0000:00:1f.0: ICH7 LPC Generic IO decode 2 PIO at 15e0 (mask 000f)
[    0.075242] pci 0000:00:1f.0: ICH7 LPC Generic IO decode 3 PIO at 1680 (mask 001f)
[    0.075436] pci 0000:00:1f.1: reg 10 io port: [0x00-0x07]
[    0.075446] pci 0000:00:1f.1: reg 14 io port: [0x00-0x03]
[    0.075455] pci 0000:00:1f.1: reg 18 io port: [0x00-0x07]
[    0.075463] pci 0000:00:1f.1: reg 1c io port: [0x00-0x03]
[    0.075472] pci 0000:00:1f.1: reg 20 io port: [0x1c00-0x1c0f]
[    0.075558] pci 0000:00:1f.2: reg 10 io port: [0x1c50-0x1c57]
[    0.075567] pci 0000:00:1f.2: reg 14 io port: [0x1c44-0x1c47]
[    0.075575] pci 0000:00:1f.2: reg 18 io port: [0x1c48-0x1c4f]
[    0.075584] pci 0000:00:1f.2: reg 1c io port: [0x1c40-0x1c43]
[    0.075593] pci 0000:00:1f.2: reg 20 io port: [0x1c20-0x1c3f]
[    0.075602] pci 0000:00:1f.2: reg 24 32bit mmio: [0xfe226000-0xfe2267ff]
[    0.075660] pci 0000:00:1f.2: PME# supported from D3hot
[    0.075742] pci 0000:00:1f.2: PME# disabled
[    0.075863] pci 0000:00:1f.3: reg 10 32bit mmio: [0xfe227400-0xfe2274ff]
[    0.075887] pci 0000:00:1f.3: reg 20 io port: [0x1c60-0x1c7f]
[    0.076042] pci 0000:00:1c.0: bridge io port: [0x2000-0x2fff]
[    0.076049] pci 0000:00:1c.0: bridge 32bit mmio: [0xfc000000-0xfdffffff]
[    0.076060] pci 0000:00:1c.0: bridge 64bit mmio pref: [0xf8000000-0xf80fffff]
[    0.076131] pci 0000:03:00.0: reg 10 64bit mmio: [0xdf3f0000-0xdf3fffff]
[    0.076326] pci 0000:00:1c.1: bridge io port: [0x3000-0x3fff]
[    0.076332] pci 0000:00:1c.1: bridge 32bit mmio: [0xdc000000-0xdf3fffff]
[    0.076339] pci 0000:00:1c.1: bridge 64bit mmio pref: [0xdfe00000-0xdfefffff]
[    0.076395] pci 0000:00:1c.2: bridge io port: [0x4000-0x4fff]
[    0.076400] pci 0000:00:1c.2: bridge 32bit mmio: [0xd8000000-0xd9ffffff]
[    0.076409] pci 0000:00:1c.2: bridge 64bit mmio pref: [0xdfb00000-0xdfbfffff]
[    0.076467] pci 0000:00:1c.3: bridge io port: [0x5000-0x5fff]
[    0.076473] pci 0000:00:1c.3: bridge 32bit mmio: [0xd4000000-0xd5ffffff]
[    0.076481] pci 0000:00:1c.3: bridge 64bit mmio pref: [0xdf800000-0xdf8fffff]
[    0.076536] pci 0000:00:1c.4: bridge io port: [0x6000-0x6fff]
[    0.076542] pci 0000:00:1c.4: bridge 32bit mmio: [0xd0000000-0xd1ffffff]
[    0.076551] pci 0000:00:1c.4: bridge 64bit mmio pref: [0xdf500000-0xdf5fffff]
[    0.076608] pci 0000:15:00.0: reg 10 32bit mmio: [0xf8300000-0xf8300fff]
[    0.076660] pci 0000:15:00.0: supports D1 D2
[    0.076662] pci 0000:15:00.0: PME# supported from D0 D1 D2 D3hot D3cold
[    0.076746] pci 0000:15:00.0: PME# disabled
[    0.076887] pci 0000:15:00.1: reg 10 32bit mmio: [0xf8301000-0xf83017ff]
[    0.076986] pci 0000:15:00.1: supports D1 D2
[    0.076987] pci 0000:15:00.1: PME# supported from D0 D1 D2 D3hot D3cold
[    0.077000] pci 0000:15:00.1: PME# disabled
[    0.077179] pci 0000:00:1e.0: transparent bridge
[    0.077261] pci 0000:00:1e.0: bridge io port: [0x7000-0xafff]
[    0.077267] pci 0000:00:1e.0: bridge 32bit mmio: [0xf8300000-0xfbffffff]
[    0.077276] pci 0000:00:1e.0: bridge 64bit mmio pref: [0xf4000000-0xf7ffffff]
[    0.077338] pci_bus 0000:00: on NUMA node 0
[    0.077342] ACPI: PCI Interrupt Routing Table [\_SB_.PCI0._PRT]
[    0.077475] ACPI: PCI Interrupt Routing Table [\_SB_.PCI0.EXP0._PRT]
[    0.077534] ACPI: PCI Interrupt Routing Table [\_SB_.PCI0.EXP1._PRT]
[    0.077592] ACPI: PCI Interrupt Routing Table [\_SB_.PCI0.EXP2._PRT]
[    0.077650] ACPI: PCI Interrupt Routing Table [\_SB_.PCI0.EXP3._PRT]
[    0.077713] ACPI: PCI Interrupt Routing Table [\_SB_.PCI0.EXP4._PRT]
[    0.077775] ACPI: PCI Interrupt Routing Table [\_SB_.PCI0.PCI1._PRT]
[    0.083327] ACPI: PCI Interrupt Link [LNKA] (IRQs 3 4 5 6 7 9 *10 11)
[    0.084067] ACPI: PCI Interrupt Link [LNKB] (IRQs 3 4 5 6 7 9 10 *11)
[    0.084764] ACPI: PCI Interrupt Link [LNKC] (IRQs 3 4 5 6 7 9 10 *11)
[    0.085476] ACPI: PCI Interrupt Link [LNKD] (IRQs 3 4 5 6 7 9 10 *11)
[    0.086158] ACPI: PCI Interrupt Link [LNKE] (IRQs 3 4 5 6 7 9 10 *11)
[    0.086891] ACPI: PCI Interrupt Link [LNKF] (IRQs 3 4 5 6 7 9 10 *11)
[    0.087597] ACPI: PCI Interrupt Link [LNKG] (IRQs 3 4 5 6 7 9 10 *11)
[    0.088324] ACPI: PCI Interrupt Link [LNKH] (IRQs 3 4 5 6 7 9 10 *11)
[    0.089040] vgaarb: device added: PCI:0000:00:02.0,decodes=io+mem,owns=io+mem,locks=none
[    0.089157] vgaarb: loaded
[    0.089327] SCSI subsystem initialized
[    0.089418] libata version 3.00 loaded.
[    0.089464] usbcore: registered new interface driver usbfs
[    0.089579] usbcore: registered new interface driver hub
[    0.089703] usbcore: registered new device driver usb
[    0.106042] raid6: int32x1    941 MB/s
[    0.123057] raid6: int32x2    890 MB/s
[    0.139989] raid6: int32x4    746 MB/s
[    0.157080] raid6: int32x8    660 MB/s
[    0.174004] raid6: mmxx1     2882 MB/s
[    0.190987] raid6: mmxx2     3253 MB/s
[    0.208002] raid6: sse1x1    1937 MB/s
[    0.224997] raid6: sse1x2    2535 MB/s
[    0.241985] raid6: sse2x1    3511 MB/s
[    0.258973] raid6: sse2x2    3832 MB/s
[    0.259051] raid6: using algorithm sse2x2 (3832 MB/s)
[    0.259138] PCI: Using ACPI for IRQ routing
[    0.259443] HPET: 3 timers in total, 0 timers will be used for per-cpu timer
[    0.259996] Switching to clocksource tsc
[    0.260088] pnp: PnP ACPI init
[    0.260168] ACPI: bus type pnp registered
[    0.263814] pnp: PnP ACPI: found 11 devices
[    0.263907] ACPI: ACPI bus type pnp unregistered
[    0.264002] system 00:00: iomem range 0x0-0x9ffff could not be reserved
[    0.264095] system 00:00: iomem range 0xc0000-0xc3fff could not be reserved
[    0.264199] system 00:00: iomem range 0xc4000-0xc7fff could not be reserved
[    0.264283] system 00:00: iomem range 0xc8000-0xcbfff has been reserved
[    0.264365] system 00:00: iomem range 0xcc000-0xcffff has been reserved
[    0.264449] system 00:00: iomem range 0xd0000-0xd3fff could not be reserved
[    0.264543] system 00:00: iomem range 0xe0000-0xe3fff could not be reserved
[    0.264628] system 00:00: iomem range 0xe4000-0xe7fff could not be reserved
[    0.264712] system 00:00: iomem range 0xe8000-0xebfff could not be reserved
[    0.264806] system 00:00: iomem range 0xec000-0xeffff could not be reserved
[    0.264898] system 00:00: iomem range 0xf0000-0xfffff could not be reserved
[    0.264985] system 00:00: iomem range 0x100000-0x3dffffff could not be reserved
[    0.265100] system 00:00: iomem range 0xfec00000-0xfed3ffff could not be reserved
[    0.265222] system 00:00: iomem range 0xfed4c000-0xffffffff could not be reserved
[    0.265347] system 00:02: ioport range 0x164e-0x164f has been reserved
[    0.265432] system 00:02: ioport range 0x1000-0x107f has been reserved
[    0.265519] system 00:02: ioport range 0x1180-0x11bf has been reserved
[    0.265607] system 00:02: ioport range 0x800-0x80f has been reserved
[    0.265689] system 00:02: ioport range 0x15e0-0x15ef has been reserved
[    0.265774] system 00:02: ioport range 0x1600-0x165f could not be reserved
[    0.265868] system 00:02: iomem range 0xf0000000-0xf3ffffff has been reserved
[    0.265950] system 00:02: iomem range 0xfed1c000-0xfed1ffff has been reserved
[    0.266042] system 00:02: iomem range 0xfed14000-0xfed17fff has been reserved
[    0.266136] system 00:02: iomem range 0xfed18000-0xfed18fff has been reserved
[    0.266219] system 00:02: iomem range 0xfed19000-0xfed19fff has been reserved
[    0.266300] system 00:02: iomem range 0xfed45000-0xfed4bfff has been reserved
[    0.301328] pci 0000:00:1c.0: PCI bridge, secondary bus 0000:02
[    0.301414] pci 0000:00:1c.0:   IO window: 0x2000-0x2fff
[    0.301498] pci 0000:00:1c.0:   MEM window: 0xfc000000-0xfdffffff
[    0.301586] pci 0000:00:1c.0:   PREFETCH window: 0x000000f8000000-0x000000f80fffff
[    0.301703] pci 0000:00:1c.1: PCI bridge, secondary bus 0000:03
[    0.301794] pci 0000:00:1c.1:   IO window: 0x3000-0x3fff
[    0.301890] pci 0000:00:1c.1:   MEM window: 0xdc000000-0xdf3fffff
[    0.301984] pci 0000:00:1c.1:   PREFETCH window: 0x000000dfe00000-0x000000dfefffff
[    0.302101] pci 0000:00:1c.2: PCI bridge, secondary bus 0000:04
[    0.302202] pci 0000:00:1c.2:   IO window: 0x4000-0x4fff
[    0.302295] pci 0000:00:1c.2:   MEM window: 0xd8000000-0xd9ffffff
[    0.302386] pci 0000:00:1c.2:   PREFETCH window: 0x000000dfb00000-0x000000dfbfffff
[    0.302507] pci 0000:00:1c.3: PCI bridge, secondary bus 0000:05
[    0.302588] pci 0000:00:1c.3:   IO window: 0x5000-0x5fff
[    0.302682] pci 0000:00:1c.3:   MEM window: 0xd4000000-0xd5ffffff
[    0.302782] pci 0000:00:1c.3:   PREFETCH window: 0x000000df800000-0x000000df8fffff
[    0.302905] pci 0000:00:1c.4: PCI bridge, secondary bus 0000:0d
[    0.302987] pci 0000:00:1c.4:   IO window: 0x6000-0x6fff
[    0.303081] pci 0000:00:1c.4:   MEM window: 0xd0000000-0xd1ffffff
[    0.303168] pci 0000:00:1c.4:   PREFETCH window: 0x000000df500000-0x000000df5fffff
[    0.303299] pci 0000:15:00.0: CardBus bridge, secondary bus 0000:16
[    0.303383] pci 0000:15:00.0:   IO window: 0x007000-0x0070ff
[    0.303467] pci 0000:15:00.0:   IO window: 0x007400-0x0074ff
[    0.303551] pci 0000:15:00.0:   PREFETCH window: 0xf4000000-0xf7ffffff
[    0.303648] pci 0000:15:00.0:   MEM window: 0x40000000-0x43ffffff
[    0.303738] pci 0000:00:1e.0: PCI bridge, secondary bus 0000:15
[    0.303835] pci 0000:00:1e.0:   IO window: 0x7000-0xafff
[    0.303928] pci 0000:00:1e.0:   MEM window: 0xf8300000-0xfbffffff
[    0.304021] pci 0000:00:1e.0:   PREFETCH window: 0x000000f4000000-0x000000f7ffffff
[    0.304150] pci 0000:00:1c.0: PCI INT A -> GSI 20 (level, low) -> IRQ 20
[    0.304238] pci 0000:00:1c.0: setting latency timer to 64
[    0.304250] pci 0000:00:1c.1: PCI INT B -> GSI 21 (level, low) -> IRQ 21
[    0.304339] pci 0000:00:1c.1: setting latency timer to 64
[    0.304348] pci 0000:00:1c.2: PCI INT C -> GSI 22 (level, low) -> IRQ 22
[    0.304432] pci 0000:00:1c.2: setting latency timer to 64
[    0.304443] pci 0000:00:1c.3: PCI INT D -> GSI 23 (level, low) -> IRQ 23
[    0.304533] pci 0000:00:1c.3: setting latency timer to 64
[    0.304542] pci 0000:00:1c.4: PCI INT A -> GSI 20 (level, low) -> IRQ 20
[    0.304625] pci 0000:00:1c.4: setting latency timer to 64
[    0.304634] pci 0000:00:1e.0: enabling device (0005 -> 0007)
[    0.304724] pci 0000:00:1e.0: setting latency timer to 64
[    0.304739] pci 0000:15:00.0: PCI INT A -> GSI 16 (level, low) -> IRQ 16
[    0.304824] pci 0000:15:00.0: setting latency timer to 64
[    0.304830] pci_bus 0000:00: resource 0 io:  [0x00-0xffff]
[    0.304832] pci_bus 0000:00: resource 1 mem: [0x000000-0xffffffff]
[    0.304834] pci_bus 0000:02: resource 0 io:  [0x2000-0x2fff]
[    0.304836] pci_bus 0000:02: resource 1 mem: [0xfc000000-0xfdffffff]
[    0.304838] pci_bus 0000:02: resource 2 pref mem [0xf8000000-0xf80fffff]
[    0.304840] pci_bus 0000:03: resource 0 io:  [0x3000-0x3fff]
[    0.304842] pci_bus 0000:03: resource 1 mem: [0xdc000000-0xdf3fffff]
[    0.304844] pci_bus 0000:03: resource 2 pref mem [0xdfe00000-0xdfefffff]
[    0.304846] pci_bus 0000:04: resource 0 io:  [0x4000-0x4fff]
[    0.304848] pci_bus 0000:04: resource 1 mem: [0xd8000000-0xd9ffffff]
[    0.304850] pci_bus 0000:04: resource 2 pref mem [0xdfb00000-0xdfbfffff]
[    0.304851] pci_bus 0000:05: resource 0 io:  [0x5000-0x5fff]
[    0.304853] pci_bus 0000:05: resource 1 mem: [0xd4000000-0xd5ffffff]
[    0.304855] pci_bus 0000:05: resource 2 pref mem [0xdf800000-0xdf8fffff]
[    0.304857] pci_bus 0000:0d: resource 0 io:  [0x6000-0x6fff]
[    0.304859] pci_bus 0000:0d: resource 1 mem: [0xd0000000-0xd1ffffff]
[    0.304864] pci_bus 0000:0d: resource 2 pref mem [0xdf500000-0xdf5fffff]
[    0.304866] pci_bus 0000:15: resource 0 io:  [0x7000-0xafff]
[    0.304867] pci_bus 0000:15: resource 1 mem: [0xf8300000-0xfbffffff]
[    0.304869] pci_bus 0000:15: resource 2 pref mem [0xf4000000-0xf7ffffff]
[    0.304871] pci_bus 0000:15: resource 3 io:  [0x00-0xffff]
[    0.304873] pci_bus 0000:15: resource 4 mem: [0x000000-0xffffffff]
[    0.304875] pci_bus 0000:16: resource 0 io:  [0x7000-0x70ff]
[    0.304877] pci_bus 0000:16: resource 1 io:  [0x7400-0x74ff]
[    0.304879] pci_bus 0000:16: resource 2 pref mem [0xf4000000-0xf7ffffff]
[    0.304880] pci_bus 0000:16: resource 3 mem: [0x40000000-0x43ffffff]
[    0.304888] NET: Registered protocol family 2
[    0.304970] RANDOM - __random32 called. Change num 7.  Value: 437d97bf	f373de51	f3b0f986
[    0.304972] RANDOM - random32 called.  Value: 437d97bf	f373de51	f3b0f986
[    0.304976] random 0000 0000 0000 5f8db4e5 4cfdf2a8: rand_read_num 3 get_random_bytes(4): sig fffffb64 5f8db4e5 4cfdf2a8
[    0.304978] random 0000 0000 0000 5f8db4e5 4cfdf2a8: extract_entropy(.. 4 ..)
[    0.304981] random 0000 0000 0000 5f8db4e5 4cfdf2a8: going to reseed nonblocking with 64 bits (32 of 0 requested)
[    0.304983] random 0000 0000 0000 5f8db4e5 4cfdf2a8: extract_entropy(.. 8 ..)
[    0.304985] random 0000 0000 0000 5f8db4e5 4cfdf2a8: trying to extract 64 bits from input
[    0.304987] random 0000 0000 0000 5f8db4e5 4cfdf2a8: debiting 0 entropy credits from input
[    0.304989] random 0000 0000 0000 5f8db4e5 4cfdf2a8: extract_entropy account returned: 0 
[    0.304992] random 0000 0000 0000 5f8db4e5 4cfdf2a8: urand_change_num 5 xfer_secondary_pool(4): pool_sig fffffb64, data_sig 00000000, bytes_mixed 0 5f8db4e5 4cfdf2a8
[    0.304995] random 0000 0000 0000 5f8db4e5 4cfdf2a8: trying to extract 32 bits from nonblocking
[    0.304998] random 0000 0000 0000 5f8db4e5 4cfdf2a8: debiting 32 entropy credits from nonblocking (unlimited)
[    0.305000] random 0000 0000 0000 5f8db4e5 4cfdf2a8: extract_entropy account returned: 4 
[    0.305004] random 0000 0000 0000 5f8db4e5 4cfdf2a8: urand_change_num 6 extract_buf: pool_sig fffffb64, data_sig 00000241, bytes_mixed 20 5f8db4e5 4cfdf2a8
[    0.305014] IP route cache hash table entries: 32768 (order: 5, 131072 bytes)
[    0.305150] RANDOM - __random32 called. Change num 8.  Value: d97bfe31	373de51f	f30dc6e6
[    0.305152] RANDOM - random32 called.  Value: d97bfe31	373de51f	f30dc6e6
[    0.305162] RANDOM - __random32 called. Change num 9.  Value: bfe314d7	73de51f5	8dcd6c7e
[    0.305164] RANDOM - random32 called.  Value: bfe314d7	73de51f5	8dcd6c7e
[    0.305166] RANDOM - __random32 called. Change num 10.  Value: 314d7baf	3de51f5e	d8fc74c1
[    0.305168] RANDOM - random32 called.  Value: 314d7baf	3de51f5e	d8fc74c1
[    0.305178] RANDOM - __random32 called. Change num 11.  Value: d7baf3c7	de51f5e5	e983e3fa
[    0.305180] RANDOM - random32 called.  Value: d7baf3c7	de51f5e5	e983e3fa
[    0.305189] TCP established hash table entries: 131072 (order: 8, 1048576 bytes)
[    0.305683] TCP bind hash table entries: 65536 (order: 6, 262144 bytes)
[    0.305877] TCP: Hash tables configured (established 131072 bind 65536)
[    0.305963] TCP reno registered
[    0.306058] NET: Registered protocol family 1
[    0.306166] RPC: Registered udp transport module.
[    0.306245] RPC: Registered tcp transport module.
[    0.306334] RPC: Registered tcp NFSv4.1 backchannel transport module.
[    0.306424] pci 0000:00:02.0: Boot video device
[    0.306639] Simple Boot Flag at 0x35 set to 0x1
[    0.307184] highmem bounce pool size: 64 pages
[    0.308674] VFS: Disk quotas dquot_6.5.2
[    0.308791] Dquot-cache hash table entries: 1024 (order 0, 4096 bytes)
[    0.309527] NTFS driver 2.1.29 [Flags: R/W].
[    0.309686] ROMFS MTD (C) 2007 Red Hat, Inc.
[    0.309894] JFS: nTxBlock = 7695, nTxLock = 61562
[    0.312354] SGI XFS with ACLs, security attributes, large block/inode numbers, no debug enabled
[    0.312835] SGI XFS Quota Management subsystem
[    0.313122] Slow work thread pool: Starting up
[    0.313225] Slow work thread pool: Ready
[    0.313308] GFS2 (built May 24 2013 02:47:17) installed
[    0.313392] msgmni has been set to 1734
[    0.313556] alg: No test for cipher_null (cipher_null-generic)
[    0.313650] alg: No test for ecb(cipher_null) (ecb-cipher_null)
[    0.313740] alg: No test for digest_null (digest_null-generic)
[    0.313829] alg: No test for compress_null (compress_null-generic)
[    0.314395] alg: No test for fcrypt (fcrypt-generic)
[    0.315816] alg: No test for stdrng (krng)
[    0.315913] async_tx: api initialized (async)
[    0.316060] Block layer SCSI generic (bsg) driver version 0.4 loaded (major 254)
[    0.316183] io scheduler noop registered
[    0.316270] io scheduler anticipatory registered
[    0.316353] io scheduler deadline registered
[    0.316474] io scheduler cfq registered (default)
[    0.316709] pcieport 0000:00:1c.0: irq 24 for MSI/MSI-X
[    0.316726] pcieport 0000:00:1c.0: setting latency timer to 64
[    0.316938] pcieport 0000:00:1c.1: irq 25 for MSI/MSI-X
[    0.316948] pcieport 0000:00:1c.1: setting latency timer to 64
[    0.317129] pcieport 0000:00:1c.2: irq 26 for MSI/MSI-X
[    0.317146] pcieport 0000:00:1c.2: setting latency timer to 64
[    0.317321] pcieport 0000:00:1c.3: irq 27 for MSI/MSI-X
[    0.317332] pcieport 0000:00:1c.3: setting latency timer to 64
[    0.317520] pcieport 0000:00:1c.4: irq 28 for MSI/MSI-X
[    0.317532] pcieport 0000:00:1c.4: setting latency timer to 64
[    0.317677] pci_hotplug: PCI Hot Plug PCI Core version: 0.5
[    0.317874] isapnp: Scanning for PnP cards...
[    0.678394] isapnp: No Plug & Play device found
[    0.678474] random 0000 0000 0000 5f8db4e5 4cfdf2a8: initializing
[    0.678476] RANDOM init_std_data for input now value: 1369916632678477232
[    0.678478] RANDOM init_std_data for blocking now value: 1369916632678479262
[    0.678480] RANDOM init_std_data for nonblocking now value: 1369916632678480972
[    0.698016] Serial: 8250/16550 driver, 4 ports, IRQ sharing enabled
[    3.708712] floppy0: no floppy controllers found
[    3.709652] brd: module loaded
[    3.710148] loop: module loaded
[    3.710233] Compaq SMART2 Driver (v 2.6.0)
[    3.710353] HP CISS Driver (v 3.6.20)
[    3.710587] input: Macintosh mouse button emulation as /devices/virtual/input/input0
[    3.710728] Uniform Multi-Platform E-IDE driver
[    3.710946] piix 0000:00:1f.1: IDE controller (0x8086:0x2850 rev 0x03)
[    3.711046] pci 0000:00:1f.1: PCI INT C -> GSI 16 (level, low) -> IRQ 16
[    3.711142] piix 0000:00:1f.1: IDE port disabled
[    3.711227] piix 0000:00:1f.1: not 100% native mode: will probe irqs later
[    3.711324]     ide0: BM-DMA at 0x1c00-0x1c07
[    3.711413] Probing IDE interface ide0...
[    4.382898] hda: HL-DT-ST DVDRAM GSA-U10N, ATAPI CD/DVD-ROM drive
[    4.689697] hda: host max PIO4 wanted PIO255(auto-tune) selected PIO4
[    4.690469] hda: UDMA/33 mode selected
[    4.690939] ide0 at 0x1f0-0x1f7,0x3f6 on irq 14
[    4.694807] ide-gd driver 1.18
[    4.694905] ide-cd driver 5.00
[    4.696286] random 0000 0000 0000 00000000 00000000: add_disk_randomness(0:0) 00000000 00000000
[    4.696290] random 0000 0000 0000 00000000 00000000: add_timer_randomness(.. 256) with jiffies: 5782398767927623288, cycles: 5782398763632951307
[    4.696293] random 0000 0000 0000 00000000 00000000: added 11 entropy credits to input
[    4.696297] ide-cd: hda: ATAPI 24X DVD-ROM DVD-R/RAM CD-R/RW drive, 2048kB Cache
[    4.696704] Uniform CD-ROM driver Revision: 3.20
[    4.699580] random 0011 0000 0000 00000000 00000000: add_disk_randomness(0:0) 00000000 00000000
[    4.699583] random 0011 0000 0000 00000000 00000000: add_timer_randomness(.. 256) with jiffies: 5812032560506306171, cycles: 5812032556211634187
[    4.699585] random 0011 0000 0000 00000000 00000000: added 1 entropy credits to input
[    4.699588] random 0012 0000 0000 00000000 00000000: add_disk_randomness(0:0) 00000000 00000000
[    4.699591] random 0012 0000 0000 00000000 00000000: add_timer_randomness(.. 256) with jiffies: 5812109676644105851, cycles: 5812109672349433867
[    4.701581] random 0012 0000 0000 00000000 00000000: add_disk_randomness(0:0) 00000000 00000000
[    4.701584] random 0012 0000 0000 00000000 00000000: add_timer_randomness(.. 256) with jiffies: 5830036835777871485, cycles: 5830036831483199499
[    4.701586] random 0012 0000 0000 00000000 00000000: added 1 entropy credits to input
[    4.701589] random 0013 0000 0000 00000000 00000000: add_disk_randomness(0:0) 00000000 00000000
[    4.701592] random 0013 0000 0000 00000000 00000000: add_timer_randomness(.. 256) with jiffies: 5830113140166852221, cycles: 5830113135872180235
[    4.703578] random 0013 0000 0000 00000000 00000000: add_disk_randomness(0:0) 00000000 00000000
[    4.703581] random 0013 0000 0000 00000000 00000000: add_timer_randomness(.. 256) with jiffies: 5848004986079510143, cycles: 5848004981784838155
[    4.703584] random 0013 0000 0000 00000000 00000000: added 1 entropy credits to input
[    4.703586] random 0014 0000 0000 00000000 00000000: add_disk_randomness(0:0) 00000000 00000000
[    4.703589] random 0014 0000 0000 00000000 00000000: add_timer_randomness(.. 256) with jiffies: 5848077863084588671, cycles: 5848077858789916683
[    4.703860] Loading iSCSI transport class v2.0-870.
[    4.704146] rdac: device handler registered
[    4.704236] hp_sw: device handler registered
[    4.704316] emc: device handler registered
[    4.704403] alua: device handler registered
[    4.705381] Adaptec aacraid driver 1.1-5[2461]-ms
[    4.705804] scsi: <fdomain> Detection failed (no card)
[    4.705898] sym53c416.c: Version 1.0.0-ac
[    4.706005] qlogicfas: no cards were found, please specify I/O address and IRQ using iobase= and irq= options
[    4.706125] QLogic Fibre Channel HBA Driver: 8.03.01-k6
[    4.706330] iscsi: registered transport (qla4xxx)
[    4.706434] QLogic iSCSI HBA Driver
[    4.706511] Emulex LightPulse Fibre Channel SCSI driver 8.3.4
[    4.706596] Copyright(c) 2004-2009 Emulex.  All rights reserved.
[    4.728680] Failed initialization of WD-7000 SCSI card!
[    4.818024] DC390: clustering now enabled by default. If you get problems load
[    4.818144]        with "disable_clustering=1" and report to maintainers
[    4.818270] megaraid cmm: 2.20.2.7 (Release Date: Sun Jul 16 00:01:03 EST 2006)
[    4.818413] megaraid: 2.20.5.1 (Release Date: Thu Nov 16 15:32:35 EST 2006)
[    4.818527] megasas: 00.00.04.01 Thu July 24 11:41:51 PST 2008
[    4.818649] GDT-HA: Storage RAID Controller Driver. Version: 3.05
[    4.818792] 3ware Storage Controller device driver for Linux v1.26.02.002.
[    4.818893] 3ware 9000 Storage Controller device driver for Linux v2.26.02.012.
[    4.819025] nsp32: loading...
[    4.819121] ipr: IBM Power RAID SCSI Device Driver version: 2.4.3 (June 10, 2009)
[    4.819257] RocketRAID 3xxx/4xxx Controller driver v1.6 (090910)
[    4.819369] stex: Promise SuperTrak EX Driver version: 4.6.0000.3
[    4.819497] st: Version 20081215, fixed bufsize 32768, s/g segs 256
[    4.819700] ahci 0000:00:1f.2: version 3.0
[    4.819714] ahci 0000:00:1f.2: PCI INT B -> GSI 16 (level, low) -> IRQ 16
[    4.819836] ahci 0000:00:1f.2: irq 29 for MSI/MSI-X
[    4.819897] ahci 0000:00:1f.2: AHCI 0001.0100 32 slots 3 ports 1.5 Gbps 0x5 impl SATA mode
[    4.820015] ahci 0000:00:1f.2: flags: 64bit ncq sntf pm led clo pio slum part ccc 
[    4.820129] ahci 0000:00:1f.2: setting latency timer to 64
[    4.820272] scsi2 : ahci
[    4.820427] scsi3 : ahci
[    4.820561] scsi4 : ahci
[    4.820746] ata1: SATA max UDMA/133 abar m2048@0xfe226000 port 0xfe226100 irq 29
[    4.820869] ata2: DUMMY
[    4.820947] ata3: SATA max UDMA/133 abar m2048@0xfe226000 port 0xfe226200 irq 29
[    4.821544] I2O subsystem v1.325
[    4.821625] i2o: max drivers = 8
[    4.821779] I2O Configuration OSM v1.323
[    4.821882] I2O Bus Adapter OSM v1.317
[    4.821989] I2O Block Device OSM v1.325
[    4.822129] I2O SCSI Peripheral OSM v1.316
[    4.822224] I2O ProcFS OSM v1.316
[    4.822323] Fusion MPT base driver 3.04.12
[    4.822408] Copyright (c) 1999-2008 LSI Corporation
[    4.822495] Fusion MPT SPI Host driver 3.04.12
[    4.822601] Fusion MPT FC Host driver 3.04.12
[    4.822759] Fusion MPT SAS Host driver 3.04.12
[    4.822900] ohci1394 0000:15:00.1: PCI INT B -> GSI 17 (level, low) -> IRQ 17
[    4.822989] ohci1394 0000:15:00.1: setting latency timer to 64
[    4.876697] ohci1394: fw-host0: OHCI-1394 1.1 (PCI): IRQ=[17]  MMIO=[f8301000-f83017ff]  Max Packet=[2048]  IR/IT contexts=[4/4]
[    4.879957] ehci_hcd: USB 2.0 'Enhanced' Host Controller (EHCI) Driver
[    4.880237] ehci_hcd 0000:00:1a.7: power state changed by ACPI to D0
[    4.880484] ehci_hcd 0000:00:1a.7: power state changed by ACPI to D0
[    4.880574] ehci_hcd 0000:00:1a.7: PCI INT C -> GSI 22 (level, low) -> IRQ 22
[    4.880677] ehci_hcd 0000:00:1a.7: setting latency timer to 64
[    4.880682] ehci_hcd 0000:00:1a.7: EHCI Host Controller
[    4.880815] ehci_hcd 0000:00:1a.7: new USB bus registered, assigned bus number 1
[    4.884834] ehci_hcd 0000:00:1a.7: cache line size of 32 is not supported
[    4.884843] ehci_hcd 0000:00:1a.7: irq 22, io mem 0xfe226c00
[    4.894657] ehci_hcd 0000:00:1a.7: USB 2.0 started, EHCI 1.00
[    4.894759] usb usb1: New USB device found, idVendor=1d6b, idProduct=0002
[    4.894848] usb usb1: New USB device strings: Mfr=3, Product=2, SerialNumber=1
[    4.894960] usb usb1: Product: EHCI Host Controller
[    4.895045] usb usb1: Manufacturer: Linux 2.6.32.57 ehci_hcd
[    4.895126] usb usb1: SerialNumber: 0000:00:1a.7
[    4.895257] usb usb1: configuration #1 chosen from 1 choice
[    4.895367] hub 1-0:1.0: USB hub found
[    4.895461] hub 1-0:1.0: 4 ports detected
[    4.895756] ehci_hcd 0000:00:1d.7: power state changed by ACPI to D0
[    4.896001] ehci_hcd 0000:00:1d.7: power state changed by ACPI to D0
[    4.896091] ehci_hcd 0000:00:1d.7: PCI INT D -> GSI 19 (level, low) -> IRQ 19
[    4.896179] ehci_hcd 0000:00:1d.7: setting latency timer to 64
[    4.896184] ehci_hcd 0000:00:1d.7: EHCI Host Controller
[    4.896301] ehci_hcd 0000:00:1d.7: new USB bus registered, assigned bus number 2
[    4.896442] ehci_hcd 0000:00:1d.7: debug port 1
[    4.900424] ehci_hcd 0000:00:1d.7: cache line size of 32 is not supported
[    4.900433] ehci_hcd 0000:00:1d.7: irq 19, io mem 0xfe227000
[    4.910657] ehci_hcd 0000:00:1d.7: USB 2.0 started, EHCI 1.00
[    4.910758] usb usb2: New USB device found, idVendor=1d6b, idProduct=0002
[    4.910838] usb usb2: New USB device strings: Mfr=3, Product=2, SerialNumber=1
[    4.910962] usb usb2: Product: EHCI Host Controller
[    4.911042] usb usb2: Manufacturer: Linux 2.6.32.57 ehci_hcd
[    4.911136] usb usb2: SerialNumber: 0000:00:1d.7
[    4.911269] usb usb2: configuration #1 chosen from 1 choice
[    4.911384] hub 2-0:1.0: USB hub found
[    4.911471] hub 2-0:1.0: 6 ports detected
[    4.911638] 116x: driver isp116x-hcd, 03 Nov 2005
[    4.911737] ohci_hcd: USB 1.1 'Open' Host Controller (OHCI) Driver
[    4.911849] uhci_hcd: USB Universal Host Controller Interface driver
[    4.911951] uhci_hcd 0000:00:1a.0: PCI INT A -> GSI 20 (level, low) -> IRQ 20
[    4.912040] uhci_hcd 0000:00:1a.0: setting latency timer to 64
[    4.912045] uhci_hcd 0000:00:1a.0: UHCI Host Controller
[    4.912164] uhci_hcd 0000:00:1a.0: new USB bus registered, assigned bus number 3
[    4.912308] uhci_hcd 0000:00:1a.0: irq 20, io base 0x00001860
[    4.912414] usb usb3: New USB device found, idVendor=1d6b, idProduct=0001
[    4.912503] usb usb3: New USB device strings: Mfr=3, Product=2, SerialNumber=1
[    4.912622] usb usb3: Product: UHCI Host Controller
[    4.912717] usb usb3: Manufacturer: Linux 2.6.32.57 uhci_hcd
[    4.912811] usb usb3: SerialNumber: 0000:00:1a.0
[    4.912945] usb usb3: configuration #1 chosen from 1 choice
[    4.913055] hub 3-0:1.0: USB hub found
[    4.913136] hub 3-0:1.0: 2 ports detected
[    4.913419] uhci_hcd 0000:00:1a.1: power state changed by ACPI to D0
[    4.913711] uhci_hcd 0000:00:1a.1: power state changed by ACPI to D0
[    4.913798] uhci_hcd 0000:00:1a.1: PCI INT B -> GSI 21 (level, low) -> IRQ 21
[    4.913890] uhci_hcd 0000:00:1a.1: setting latency timer to 64
[    4.913895] uhci_hcd 0000:00:1a.1: UHCI Host Controller
[    4.914018] uhci_hcd 0000:00:1a.1: new USB bus registered, assigned bus number 4
[    4.914165] uhci_hcd 0000:00:1a.1: irq 21, io base 0x00001880
[    4.914279] usb usb4: New USB device found, idVendor=1d6b, idProduct=0001
[    4.914375] usb usb4: New USB device strings: Mfr=3, Product=2, SerialNumber=1
[    4.914497] usb usb4: Product: UHCI Host Controller
[    4.914596] usb usb4: Manufacturer: Linux 2.6.32.57 uhci_hcd
[    4.914688] usb usb4: SerialNumber: 0000:00:1a.1
[    4.914824] usb usb4: configuration #1 chosen from 1 choice
[    4.914938] hub 4-0:1.0: USB hub found
[    4.915039] hub 4-0:1.0: 2 ports detected
[    4.915341] uhci_hcd 0000:00:1d.0: power state changed by ACPI to D0
[    4.915596] uhci_hcd 0000:00:1d.0: power state changed by ACPI to D0
[    4.915691] uhci_hcd 0000:00:1d.0: PCI INT A -> GSI 16 (level, low) -> IRQ 16
[    4.915795] uhci_hcd 0000:00:1d.0: setting latency timer to 64
[    4.915800] uhci_hcd 0000:00:1d.0: UHCI Host Controller
[    4.915921] uhci_hcd 0000:00:1d.0: new USB bus registered, assigned bus number 5
[    4.916064] uhci_hcd 0000:00:1d.0: irq 16, io base 0x000018a0
[    4.916174] usb usb5: New USB device found, idVendor=1d6b, idProduct=0001
[    4.916260] usb usb5: New USB device strings: Mfr=3, Product=2, SerialNumber=1
[    4.916380] usb usb5: Product: UHCI Host Controller
[    4.916459] usb usb5: Manufacturer: Linux 2.6.32.57 uhci_hcd
[    4.916540] usb usb5: SerialNumber: 0000:00:1d.0
[    4.916680] usb usb5: configuration #1 chosen from 1 choice
[    4.916788] hub 5-0:1.0: USB hub found
[    4.916878] hub 5-0:1.0: 2 ports detected
[    4.917012] uhci_hcd 0000:00:1d.1: PCI INT B -> GSI 17 (level, low) -> IRQ 17
[    4.917110] uhci_hcd 0000:00:1d.1: setting latency timer to 64
[    4.917115] uhci_hcd 0000:00:1d.1: UHCI Host Controller
[    4.917233] uhci_hcd 0000:00:1d.1: new USB bus registered, assigned bus number 6
[    4.917377] uhci_hcd 0000:00:1d.1: irq 17, io base 0x000018c0
[    4.917481] usb usb6: New USB device found, idVendor=1d6b, idProduct=0001
[    4.917572] usb usb6: New USB device strings: Mfr=3, Product=2, SerialNumber=1
[    4.917690] usb usb6: Product: UHCI Host Controller
[    4.917769] usb usb6: Manufacturer: Linux 2.6.32.57 uhci_hcd
[    4.917850] usb usb6: SerialNumber: 0000:00:1d.1
[    4.917982] usb usb6: configuration #1 chosen from 1 choice
[    4.918096] hub 6-0:1.0: USB hub found
[    4.918186] hub 6-0:1.0: 2 ports detected
[    4.918477] uhci_hcd 0000:00:1d.2: power state changed by ACPI to D0
[    4.918718] uhci_hcd 0000:00:1d.2: power state changed by ACPI to D0
[    4.918807] uhci_hcd 0000:00:1d.2: PCI INT C -> GSI 18 (level, low) -> IRQ 18
[    4.918904] uhci_hcd 0000:00:1d.2: setting latency timer to 64
[    4.918907] uhci_hcd 0000:00:1d.2: UHCI Host Controller
[    4.919026] uhci_hcd 0000:00:1d.2: new USB bus registered, assigned bus number 7
[    4.919178] uhci_hcd 0000:00:1d.2: irq 18, io base 0x000018e0
[    4.919298] usb usb7: New USB device found, idVendor=1d6b, idProduct=0001
[    4.919380] usb usb7: New USB device strings: Mfr=3, Product=2, SerialNumber=1
[    4.919494] usb usb7: Product: UHCI Host Controller
[    4.919584] usb usb7: Manufacturer: Linux 2.6.32.57 uhci_hcd
[    4.919680] usb usb7: SerialNumber: 0000:00:1d.2
[    4.920463] usb usb7: configuration #1 chosen from 1 choice
[    4.920578] hub 7-0:1.0: USB hub found
[    4.920675] hub 7-0:1.0: 2 ports detected
[    4.920825] sl811: driver sl811-hcd, 19 May 2005
[    4.920921] r8a66597_hcd: driver r8a66597_hcd, 2009-05-26
[    4.921084] Initializing USB Mass Storage driver...
[    4.921208] usbcore: registered new interface driver usb-storage
[    4.921289] USB Mass Storage support registered.
[    4.921389] usbcore: registered new interface driver ums-alauda
[    4.921490] usbcore: registered new interface driver ums-cypress
[    4.921590] usbcore: registered new interface driver ums-datafab
[    4.921717] usbcore: registered new interface driver ums-freecom
[    4.921819] usbcore: registered new interface driver ums-isd200
[    4.921929] usbcore: registered new interface driver ums-jumpshot
[    4.922028] usbcore: registered new interface driver ums-karma
[    4.922126] usbcore: registered new interface driver ums-onetouch
[    4.922239] usbcore: registered new interface driver ums-sddr09
[    4.922338] usbcore: registered new interface driver ums-sddr55
[    4.922436] usbcore: registered new interface driver ums-usbat
[    4.922572] PNP: PS/2 Controller [PNP0303:KBD,PNP0f13:MOU] at 0x60,0x64 irq 1,12
[    4.932100] serio: i8042 KBD port at 0x60,0x64 irq 1
[    4.932190] serio: i8042 AUX port at 0x60,0x64 irq 12
[    4.932432] mice: PS/2 mouse device common for all mice
[    4.932539] i2c /dev entries driver
[    4.932673] md: linear personality registered for level -1
[    4.932758] md: raid0 personality registered for level 0
[    4.932841] md: raid1 personality registered for level 1
[    4.932929] md: raid10 personality registered for level 10
[    4.933015] md: raid6 personality registered for level 6
[    4.933097] md: raid5 personality registered for level 5
[    4.933178] md: raid4 personality registered for level 4
[    4.933274] md: multipath personality registered for level -4
[    4.933456] device-mapper: ioctl: 4.15.0-ioctl (2009-04-01) initialised: dm-devel@redhat.com
[    4.933642] cpuidle: using governor ladder
[    4.934246] usbcore: registered new interface driver usbhid
[    4.934336] usbhid: v2.6:USB HID core driver
[    4.934472] random 0014 0000 0000 00000000 00000000: rand_read_num 4 get_random_bytes(136): sig 00000000 00000000 00000000
[    4.934474] random 0014 0000 0000 00000000 00000000: extract_entropy(.. 136 ..)
[    4.934477] random 0014 0000 0000 00000000 00000000: going to reseed nonblocking with 1024 bits (1088 of 0 requested)
[    4.934479] random 0014 0000 0000 00000000 00000000: extract_entropy(.. 128 ..)
[    4.934481] random 0014 0000 0000 00000000 00000000: trying to extract 1024 bits from input
[    4.934484] random 0014 0000 0000 00000000 00000000: debiting 0 entropy credits from input
[    4.934486] random 0014 0000 0000 00000000 00000000: extract_entropy account returned: 0 
[    4.934489] random 0014 0000 0000 00000000 00000000: urand_change_num 7 xfer_secondary_pool(136): pool_sig 00000000, data_sig 00000000, bytes_mixed 0 00000000 00000000
[    4.934492] random 0014 0000 0000 00000000 00000000: trying to extract 1088 bits from nonblocking
[    4.934494] random 0014 0000 0000 00000000 00000000: debiting 1088 entropy credits from nonblocking (unlimited)
[    4.934496] random 0014 0000 0000 00000000 00000000: extract_entropy account returned: 136 
[    4.934500] random 0014 0000 0000 00000000 00000000: urand_change_num 8 extract_buf: pool_sig 00000000, data_sig fffffff9, bytes_mixed 20 00000000 00000000
[    4.934506] random 0014 0000 0000 b7c35b56 be4dc95d: urand_change_num 9 extract_buf: pool_sig fffffd1e, data_sig 000000c5, bytes_mixed 20 b7c35b56 be4dc95d
[    4.934511] random 0014 0000 0000 ed9f5c47 c48487fb: urand_change_num 10 extract_buf: pool_sig fffff8ec, data_sig ffffff68, bytes_mixed 20 ed9f5c47 c48487fb
[    4.934517] random 0014 0000 0000 ed9f5c47 c48487fb: urand_change_num 11 extract_buf: pool_sig fffffaed, data_sig 000001aa, bytes_mixed 20 ed9f5c47 c48487fb
[    4.934522] random 0014 0000 0000 1b4f7c0a 91bd6a48: urand_change_num 12 extract_buf: pool_sig fffffdd8, data_sig 00000064, bytes_mixed 20 1b4f7c0a 91bd6a48
[    4.934527] random 0014 0000 0000 a254b9bc 20e9a24f: urand_change_num 13 extract_buf: pool_sig fffffbe6, data_sig 000001dd, bytes_mixed 20 a254b9bc 20e9a24f
[    4.934532] random 0014 0000 0000 a254b9bc 20e9a24f: urand_change_num 14 extract_buf: pool_sig fffff940, data_sig fffffe20, bytes_mixed 20 a254b9bc 20e9a24f
[    4.934538] random 0014 0000 0000 2831a66b 5fa2a3ad: urand_change_num 15 extract_buf: pool_sig fffffbce, data_sig 0000007e, bytes_mixed 20 2831a66b 5fa2a3ad
[    4.934543] random 0014 0000 0000 2831a66b 5fa2a3ad: urand_change_num 16 extract_buf: pool_sig 000004df, data_sig fffffe8f, bytes_mixed 20 2831a66b 5fa2a3ad
[    4.934548] random 0014 0000 0000 d4512bfd c9a54e0b: urand_change_num 17 extract_buf: pool_sig 00000485, data_sig fffffe68, bytes_mixed 20 d4512bfd c9a54e0b
[    4.934553] random 0014 0000 0000 c7371be6 f9ffea11: urand_change_num 18 extract_buf: pool_sig 00000095, data_sig ffffffed, bytes_mixed 20 c7371be6 f9ffea11
[    4.934559] random 0014 0000 0000 c7371be6 f9ffea11: urand_change_num 19 extract_buf: pool_sig 000003a7, data_sig fffffefa, bytes_mixed 20 c7371be6 f9ffea11
[    4.934564] random 0014 0000 0000 8fb4b62c d1ddba54: urand_change_num 20 extract_buf: pool_sig 00000179, data_sig ffffff78, bytes_mixed 20 8fb4b62c d1ddba54
[    4.934569] random 0014 0000 0000 9ff19f9c c07a1d2a: urand_change_num 21 extract_buf: pool_sig fffffe88, data_sig 00000126, bytes_mixed 20 9ff19f9c c07a1d2a
[    4.934573] TCP cubic registered
[    4.934659] Initializing XFRM netlink socket
[    4.934753] NET: Registered protocol family 17
[    4.934846] Using IPI Shortcut mode
[    4.934926] random 0014 0000 0000 9ff19f9c c07a1d2a: rand_read_num 5 get_random_bytes(8): sig 0000031b 9ff19f9c c07a1d2a
[    4.934929] random 0014 0000 0000 9ff19f9c c07a1d2a: extract_entropy(.. 8 ..)
[    4.934931] random 0014 0000 0000 9ff19f9c c07a1d2a: going to reseed nonblocking with 64 bits (64 of 0 requested)
[    4.934933] random 0014 0000 0000 9ff19f9c c07a1d2a: extract_entropy(.. 8 ..)
[    4.934935] random 0014 0000 0000 9ff19f9c c07a1d2a: trying to extract 64 bits from input
[    4.934937] random 0014 0000 0000 9ff19f9c c07a1d2a: debiting 0 entropy credits from input
[    4.934939] random 0014 0000 0000 9ff19f9c c07a1d2a: extract_entropy account returned: 0 
[    4.934943] random 0014 0000 0000 9ff19f9c c07a1d2a: urand_change_num 22 xfer_secondary_pool(8): pool_sig 0000031b, data_sig 00000000, bytes_mixed 0 9ff19f9c c07a1d2a
[    4.934945] random 0014 0000 0000 9ff19f9c c07a1d2a: trying to extract 64 bits from nonblocking
[    4.934948] random 0014 0000 0000 9ff19f9c c07a1d2a: debiting 64 entropy credits from nonblocking (unlimited)
[    4.934950] random 0014 0000 0000 9ff19f9c c07a1d2a: extract_entropy account returned: 8 
[    4.934954] random 0014 0000 0000 9ff19f9c c07a1d2a: urand_change_num 23 extract_buf: pool_sig 0000031b, data_sig ffffffb3, bytes_mixed 20 9ff19f9c c07a1d2a
[    4.937338] input: AT Translated Set 2 keyboard as /devices/platform/i8042/serio0/input/input1
[    5.126665] ata1: SATA link up 1.5 Gbps (SStatus 113 SControl 300)
[    5.126774] ata3: SATA link down (SStatus 0 SControl 300)
[    5.128887] ata1.00: ACPI cmd ef/02:00:00:00:00:a0 (SET FEATURES) succeeded
[    5.128890] ata1.00: ACPI cmd f5/00:00:00:00:00:a0 (SECURITY FREEZE LOCK) filtered out
[    5.130280] ata1.00: ACPI cmd ef/5f:00:00:00:00:a0 (SET FEATURES) succeeded
[    5.130283] ata1.00: ACPI cmd ef/10:03:00:00:00:a0 (SET FEATURES) filtered out
[    5.132193] ata1.00: ATA-7: ST910021AS, 4.06, max UDMA/100
[    5.132282] ata1.00: 195371568 sectors, multi 16: LBA48 
[    5.134431] ata1.00: ACPI cmd ef/02:00:00:00:00:a0 (SET FEATURES) succeeded
[    5.134434] ata1.00: ACPI cmd f5/00:00:00:00:00:a0 (SECURITY FREEZE LOCK) filtered out
[    5.135823] ata1.00: ACPI cmd ef/5f:00:00:00:00:a0 (SET FEATURES) succeeded
[    5.135825] ata1.00: ACPI cmd ef/10:03:00:00:00:a0 (SET FEATURES) filtered out
[    5.137750] ata1.00: configured for UDMA/100
[    5.148711] scsi 2:0:0:0: Direct-Access     ATA      ST910021AS       4.06 PQ: 0 ANSI: 5
[    5.148988] sd 2:0:0:0: [sda] 195371568 512-byte logical blocks: (100 GB/93.1 GiB)
[    5.149125] sd 2:0:0:0: [sda] Write Protect is off
[    5.149206] sd 2:0:0:0: [sda] Mode Sense: 00 3a 00 00
[    5.149219] sd 2:0:0:0: [sda] Write cache: enabled, read cache: enabled, doesn't support DPO or FUA
[    5.149398]  sda:
[    5.213645] usb 2-1: new high speed USB device using ehci_hcd and address 2
[    5.362931] usb 2-1: New USB device found, idVendor=0e8d, idProduct=1806
[    5.363020] usb 2-1: New USB device strings: Mfr=1, Product=2, SerialNumber=3
[    5.363105] usb 2-1: Product: MT1806 
[    5.363186] usb 2-1: Manufacturer: MediaTek Inc
[    5.363274] usb 2-1: SerialNumber: R8KN6GAC800AEB 
[    5.363410] usb 2-1: configuration #1 chosen from 1 choice
[    5.369848] scsi5 : SCSI emulation for USB Mass Storage devices
[    5.370014] usb-storage: device found at 2
[    5.370016] usb-storage: waiting for device to settle before scanning
[    5.564288] random 0014 0000 0000 277f73c3 42024bb9: add_disk_randomness(8:0) 277f73c3 42024bb9
[    5.564292] random 0014 0000 0000 277f73c3 42024bb9: add_timer_randomness(.. 8388864) with jiffies: 13591597881352749444, cycles: -4855146196651474933
[    5.564295] random 0014 0000 0000 277f73c3 42024bb9: added 11 entropy credits to input
[    5.564300]  sda1 sda2
[    5.564860] random 0025 0000 0000 277f73c3 42024bb9: add_disk_randomness(8:0) 277f73c3 42024bb9
[    5.564864] random 0025 0000 0000 277f73c3 42024bb9: add_timer_randomness(.. 8388864) with jiffies: 13596739180544360837, cycles: -4850004897459863541
[    5.565018] sd 2:0:0:0: [sda] Attached SCSI disk
[    5.565106] random 0025 0000 0000 277f73c3 42024bb9: rand_read_num 6 get_random_bytes(12): sig 000007e9 277f73c3 42024bb9
[    5.565109] random 0025 0000 0000 277f73c3 42024bb9: extract_entropy(.. 12 ..)
[    5.565112] random 0025 0000 0000 277f73c3 42024bb9: going to reseed nonblocking with 96 bits (96 of 0 requested)
[    5.565114] random 0025 0000 0000 277f73c3 42024bb9: extract_entropy(.. 12 ..)
[    5.565116] random 0025 0000 0000 277f73c3 42024bb9: trying to extract 96 bits from input
[    5.565118] random 0025 0000 0000 277f73c3 42024bb9: debiting 0 entropy credits from input
[    5.565120] random 0025 0000 0000 277f73c3 42024bb9: extract_entropy account returned: 0 
[    5.565123] random 0025 0000 0000 277f73c3 42024bb9: urand_change_num 24 xfer_secondary_pool(12): pool_sig 000007e9, data_sig 00000000, bytes_mixed 0 277f73c3 42024bb9
[    5.565126] random 0025 0000 0000 277f73c3 42024bb9: trying to extract 96 bits from nonblocking
[    5.565129] random 0025 0000 0000 277f73c3 42024bb9: debiting 96 entropy credits from nonblocking (unlimited)
[    5.565131] random 0025 0000 0000 277f73c3 42024bb9: extract_entropy account returned: 12 
[    5.565135] random 0025 0000 0000 277f73c3 42024bb9: urand_change_num 25 extract_buf: pool_sig 000007e9, data_sig 00000088, bytes_mixed 20 277f73c3 42024bb9
[    5.565141] random 0025 0000 0000 277f73c3 42024bb9: urand_change_num 26 extract_buf: pool_sig 00000498, data_sig fffffefb, bytes_mixed 20 277f73c3 42024bb9
[    5.565143] RANDOM - __seed init called.
[    5.565144] RANDOM - __seed init called.
[    5.565145] RANDOM - __seed init called.
[    5.565147] RANDOM - __random32 called. Change num 12.  Value: 87f14767	f0d7351	b1e48bd3
[    5.565149] RANDOM - random32_reseed called.  Value: 87f14767	f0d7351	b1e48bd3
[    5.565151] Pid: 1, comm: swapper Not tainted 2.6.32.57 #6
[    5.565234] Call Trace:
[    5.565318]  [<c1923ca4>] ? random32_reseed+0xa0/0xb1
[    5.565399]  [<c1923c04>] ? random32_reseed+0x0/0xb1
[    5.565494]  [<c100111e>] ? do_one_initcall+0x2e/0x180
[    5.565586]  [<c1907265>] ? kernel_init+0xad/0x103
[    5.565674]  [<c19071b8>] ? kernel_init+0x0/0x103
[    5.565754]  [<c1003787>] ? kernel_thread_helper+0x7/0x10
[    5.566293] random 0025 0000 0000 386b4e60 ee4d4880: rand_read_num 7 get_random_bytes(64): sig fffffea5 386b4e60 ee4d4880
[    5.566295] random 0025 0000 0000 386b4e60 ee4d4880: extract_entropy(.. 64 ..)
[    5.566298] random 0025 0000 0000 386b4e60 ee4d4880: going to reseed nonblocking with 512 bits (512 of 0 requested)
[    5.566300] random 0025 0000 0000 386b4e60 ee4d4880: extract_entropy(.. 64 ..)
[    5.566302] random 0025 0000 0000 386b4e60 ee4d4880: trying to extract 512 bits from input
[    5.566304] random 0025 0000 0000 386b4e60 ee4d4880: debiting 0 entropy credits from input
[    5.566306] random 0025 0000 0000 386b4e60 ee4d4880: extract_entropy account returned: 0 
[    5.566309] random 0025 0000 0000 386b4e60 ee4d4880: urand_change_num 27 xfer_secondary_pool(64): pool_sig fffffea5, data_sig 00000000, bytes_mixed 0 386b4e60 ee4d4880
[    5.566312] random 0025 0000 0000 386b4e60 ee4d4880: trying to extract 512 bits from nonblocking
[    5.566315] random 0025 0000 0000 386b4e60 ee4d4880: debiting 512 entropy credits from nonblocking (unlimited)
[    5.566317] random 0025 0000 0000 386b4e60 ee4d4880: extract_entropy account returned: 64 
[    5.566321] random 0025 0000 0000 386b4e60 ee4d4880: urand_change_num 28 extract_buf: pool_sig fffffea5, data_sig 00000173, bytes_mixed 20 386b4e60 ee4d4880
[    5.566326] random 0025 0000 0000 412698f6 0cc8689a: urand_change_num 29 extract_buf: pool_sig 00000122, data_sig ffffff63, bytes_mixed 20 412698f6 0cc8689a
[    5.566332] random 0025 0000 0000 412698f6 0cc8689a: urand_change_num 30 extract_buf: pool_sig 000001f7, data_sig 00000012, bytes_mixed 20 412698f6 0cc8689a
[    5.566337] random 0025 0000 0000 9669941e 06f768b1: urand_change_num 31 extract_buf: pool_sig fffffb5b, data_sig 0000003f, bytes_mixed 20 9669941e 06f768b1
[    5.566342] random 0025 0000 0000 98486520 995551f0: urand_change_num 32 extract_buf: pool_sig fffffb39, data_sig 0000000e, bytes_mixed 20 98486520 995551f0
[    5.566347] random 0025 0000 0000 98486520 995551f0: urand_change_num 33 extract_buf: pool_sig fffffd8d, data_sig 000001a6, bytes_mixed 20 98486520 995551f0
[    5.566353] random 0025 0000 0000 61fc8914 d5882ed2: urand_change_num 34 extract_buf: pool_sig fffffa58, data_sig 0000023e, bytes_mixed 20 61fc8914 d5882ed2
[    5.566382] random 0025 0000 0000 61fc8914 d5882ed2: rand_read_num 8 get_random_bytes(64): sig fffff9ee 61fc8914 d5882ed2
[    5.566384] random 0025 0000 0000 61fc8914 d5882ed2: extract_entropy(.. 64 ..)
[    5.566386] random 0025 0000 0000 61fc8914 d5882ed2: going to reseed nonblocking with 512 bits (512 of 0 requested)
[    5.566389] random 0025 0000 0000 61fc8914 d5882ed2: extract_entropy(.. 64 ..)
[    5.566391] random 0025 0000 0000 61fc8914 d5882ed2: trying to extract 512 bits from input
[    5.566393] random 0025 0000 0000 61fc8914 d5882ed2: debiting 0 entropy credits from input
[    5.566395] random 0025 0000 0000 61fc8914 d5882ed2: extract_entropy account returned: 0 
[    5.566398] random 0025 0000 0000 61fc8914 d5882ed2: urand_change_num 35 xfer_secondary_pool(64): pool_sig fffff9ee, data_sig 00000000, bytes_mixed 0 61fc8914 d5882ed2
[    5.566401] random 0025 0000 0000 61fc8914 d5882ed2: trying to extract 512 bits from nonblocking
[    5.566403] random 0025 0000 0000 61fc8914 d5882ed2: debiting 512 entropy credits from nonblocking (unlimited)
[    5.566405] random 0025 0000 0000 61fc8914 d5882ed2: extract_entropy account returned: 64 
[    5.566409] random 0025 0000 0000 61fc8914 d5882ed2: urand_change_num 36 extract_buf: pool_sig fffff9ee, data_sig ffffff85, bytes_mixed 20 61fc8914 d5882ed2
[    5.566415] random 0025 0000 0000 70cfd302 e5edec11: urand_change_num 37 extract_buf: pool_sig fffffdc1, data_sig ffffffde, bytes_mixed 20 70cfd302 e5edec11
[    5.566420] random 0025 0000 0000 00dab838 eafd2b30: urand_change_num 38 extract_buf: pool_sig 000003da, data_sig ffffff61, bytes_mixed 20 00dab838 eafd2b30
[    5.566425] random 0025 0000 0000 00dab838 eafd2b30: urand_change_num 39 extract_buf: pool_sig 00000314, data_sig 00000121, bytes_mixed 20 00dab838 eafd2b30
[    5.566431] random 0025 0000 0000 5fcdf66a 6442b608: urand_change_num 40 extract_buf: pool_sig 0000028b, data_sig fffffefd, bytes_mixed 20 5fcdf66a 6442b608
[    5.566436] random 0025 0000 0000 61333f6b 8fae0f9b: urand_change_num 41 extract_buf: pool_sig 000000cb, data_sig 000000b3, bytes_mixed 20 61333f6b 8fae0f9b
[    5.566441] random 0025 0000 0000 61333f6b 8fae0f9b: urand_change_num 42 extract_buf: pool_sig fffffef8, data_sig 00000051, bytes_mixed 20 61333f6b 8fae0f9b
[    5.566444] BEGIN NET_SECRET:
[    5.566445] \xffffffe0
[    5.566446] \xffffffb6
[    5.566447] \x36
[    5.566447] \xffffffb5
[    5.566448] \xffffff94
[    5.566449] \xffffffb2
[    5.566450] \xffffffa8
[    5.566451] \xffffffda
[    5.566452] \x5b
[    5.566452] \x19
[    5.566453] \x18
[    5.566454] \x5c
[    5.566455] \x2b
[    5.566455] \x1
[    5.566456] \xffffff90
[    5.566457] \x19
[    5.566458] \x3c
[    5.566458] \xfffffff2
[    5.566459] \xffffff82
[    5.566460] \x2a
[    5.566461] \xffffffb3
[    5.566462] \xffffffa2
[    5.566462] \x3f
[    5.566463] \x5
[    5.566464] \x52
[    5.566465] \x77
[    5.566465] \x57
[    5.566466] \x79
[    5.566467] \x16
[    5.566467] \x43
[    5.566468] \xffffff84
[    5.566469] \xffffffc3
[    5.566470] \xffffffe9
[    5.566471] \x79
[    5.566471] \x50
[    5.566472] \xffffff8e
[    5.566473] \x3f
[    5.566474] \xfffffff3
[    5.566474] \x19
[    5.566475] \x2a
[    5.566476] \xfffffffd
[    5.566477] \xfffffffb
[    5.566478] \x62
[    5.566478] \x3c
[    5.566479] \xffffffac
[    5.566480] \x1c
[    5.566481] \x3b
[    5.566481] \x3b
[    5.566482] \x15
[    5.566483] \x27
[    5.566483] \xffffffa8
[    5.566484] \x22
[    5.566485] \xffffffc5
[    5.566486] \xffffff9a
[    5.566487] \x5
[    5.566487] \x6c
[    5.566488] \xffffffa8
[    5.566489] \x3a
[    5.566490] \x44
[    5.566490] \xffffffaf
[    5.566491] \x13
[    5.566492] \xffffffe0
[    5.566493] \xffffff9d
[    5.566494] \x22
[    5.566494] 
[    5.566495] END NET_SECRET
[    5.566498] random 0025 0000 0000 e7f555d9 e8ce5c3c: rand_read_num 9 get_random_bytes(4): sig 0000068c e7f555d9 e8ce5c3c
[    5.566500] random 0025 0000 0000 e7f555d9 e8ce5c3c: extract_entropy(.. 4 ..)
[    5.566502] random 0025 0000 0000 e7f555d9 e8ce5c3c: going to reseed nonblocking with 64 bits (32 of 0 requested)
[    5.566505] random 0025 0000 0000 e7f555d9 e8ce5c3c: extract_entropy(.. 8 ..)
[    5.566507] random 0025 0000 0000 e7f555d9 e8ce5c3c: trying to extract 64 bits from input
[    5.566509] random 0025 0000 0000 e7f555d9 e8ce5c3c: debiting 0 entropy credits from input
[    5.566511] random 0025 0000 0000 e7f555d9 e8ce5c3c: extract_entropy account returned: 0 
[    5.566514] random 0025 0000 0000 e7f555d9 e8ce5c3c: urand_change_num 43 xfer_secondary_pool(4): pool_sig 0000068c, data_sig 00000000, bytes_mixed 0 e7f555d9 e8ce5c3c
[    5.566517] random 0025 0000 0000 e7f555d9 e8ce5c3c: trying to extract 32 bits from nonblocking
[    5.566519] random 0025 0000 0000 e7f555d9 e8ce5c3c: debiting 32 entropy credits from nonblocking (unlimited)
[    5.566522] random 0025 0000 0000 e7f555d9 e8ce5c3c: extract_entropy account returned: 4 
[    5.566526] random 0025 0000 0000 e7f555d9 e8ce5c3c: urand_change_num 44 extract_buf: pool_sig 0000068c, data_sig fffffdcb, bytes_mixed 20 e7f555d9 e8ce5c3c
[    5.566537] md: Waiting for all devices to be available before autodetect
[    5.566631] md: If you don't use raid, use raid=noautodetect
[    5.566785] md: Autodetecting RAID arrays.
[    5.566864] md: Scanned 0 and added 0 devices.
[    5.566952] md: autorun ...
[    5.567029] md: ... autorun DONE.
[    5.580492] random 0025 0000 0000 e7f555d9 e8ce5c3c: add_disk_randomness(8:0) e7f555d9 e8ce5c3c
[    5.580495] random 0025 0000 0000 e7f555d9 e8ce5c3c: add_timer_randomness(.. 8388864) with jiffies: 13737381878971466132, cycles: -4709362199032758261
[    5.580498] random 0025 0000 0000 e7f555d9 e8ce5c3c: added 3 entropy credits to input
[    5.581622] random 0028 0000 0000 e7f555d9 e8ce5c3c: add_disk_randomness(8:0) e7f555d9 e8ce5c3c
[    5.581625] random 0028 0000 0000 e7f555d9 e8ce5c3c: add_timer_randomness(.. 8388864) with jiffies: 13747538888215986582, cycles: -4699205189788237813
[    5.581628] random 0028 0000 0000 e7f555d9 e8ce5c3c: added 1 entropy credits to input
[    5.581738] random 0029 0000 0000 e7f555d9 e8ce5c3c: add_disk_randomness(8:0) e7f555d9 e8ce5c3c
[    5.581741] random 0029 0000 0000 e7f555d9 e8ce5c3c: add_timer_randomness(.. 8388864) with jiffies: 13748578377675800982, cycles: -4698165700328423413
[    5.581746] EXT3-fs: sda2: couldn't mount because of unsupported optional features (240).
[    5.581967] random 0029 0000 0000 e7f555d9 e8ce5c3c: add_disk_randomness(8:0) e7f555d9 e8ce5c3c
[    5.581970] random 0029 0000 0000 e7f555d9 e8ce5c3c: add_timer_randomness(.. 8388864) with jiffies: 13750644188225700246, cycles: -4696099889778524149
[    5.581974] EXT2-fs: sda2: couldn't mount because of unsupported optional features (240).
[    5.582195] random 0029 0000 0000 e7f555d9 e8ce5c3c: add_disk_randomness(8:0) e7f555d9 e8ce5c3c
[    5.582198] random 0029 0000 0000 e7f555d9 e8ce5c3c: add_timer_randomness(.. 8388864) with jiffies: 13752701112488264086, cycles: -4694042965515960309
[    5.582330] random 0029 0000 0000 e7f555d9 e8ce5c3c: add_disk_randomness(8:0) e7f555d9 e8ce5c3c
[    5.582333] random 0029 0000 0000 e7f555d9 e8ce5c3c: add_timer_randomness(.. 8388864) with jiffies: 13753921488790716822, cycles: -4692822589213507573
[    5.582491] random 0029 0000 0000 e7f555d9 e8ce5c3c: add_disk_randomness(8:0) e7f555d9 e8ce5c3c
[    5.582494] random 0029 0000 0000 e7f555d9 e8ce5c3c: add_timer_randomness(.. 8388864) with jiffies: 13755366805415362966, cycles: -4691377272588861429
[    5.582609] random 0029 0000 0000 e7f555d9 e8ce5c3c: add_disk_randomness(8:0) e7f555d9 e8ce5c3c
[    5.582612] random 0029 0000 0000 e7f555d9 e8ce5c3c: add_timer_randomness(.. 8388864) with jiffies: 13756429114036421014, cycles: -4690314963967803381
[    5.582733] random 0029 0000 0000 e7f555d9 e8ce5c3c: add_disk_randomness(8:0) e7f555d9 e8ce5c3c
[    5.582736] random 0029 0000 0000 e7f555d9 e8ce5c3c: add_timer_randomness(.. 8388864) with jiffies: 13757533453207437719, cycles: -4689210624796786677
[    5.582843] random 0029 0000 0000 e7f555d9 e8ce5c3c: add_disk_randomness(8:0) e7f555d9 e8ce5c3c
[    5.582846] random 0029 0000 0000 e7f555d9 e8ce5c3c: add_timer_randomness(.. 8388864) with jiffies: 13758524237738115479, cycles: -4688219840266108917
[    5.582958] random 0029 0000 0000 e7f555d9 e8ce5c3c: add_disk_randomness(8:0) e7f555d9 e8ce5c3c
[    5.582961] random 0029 0000 0000 e7f555d9 e8ce5c3c: add_timer_randomness(.. 8388864) with jiffies: 13759565080112628119, cycles: -4687178997891596277
[    5.583067] random 0029 0000 0000 e7f555d9 e8ce5c3c: add_disk_randomness(8:0) e7f555d9 e8ce5c3c
[    5.583070] random 0029 0000 0000 e7f555d9 e8ce5c3c: add_timer_randomness(.. 8388864) with jiffies: 13760546574629044631, cycles: -4686197503375179765
[    5.583305] random 0029 0000 0000 e7f555d9 e8ce5c3c: rand_read_num 10 get_random_bytes(4): sig ffffff72 e7f555d9 e8ce5c3c
[    5.583307] random 0029 0000 0000 e7f555d9 e8ce5c3c: extract_entropy(.. 4 ..)
[    5.583310] random 0029 0000 0000 e7f555d9 e8ce5c3c: going to reseed nonblocking with 64 bits (32 of 0 requested)
[    5.583312] random 0029 0000 0000 e7f555d9 e8ce5c3c: extract_entropy(.. 8 ..)
[    5.583314] random 0029 0000 0000 e7f555d9 e8ce5c3c: trying to extract 64 bits from input
[    5.583316] random 0029 0000 0000 e7f555d9 e8ce5c3c: debiting 0 entropy credits from input
[    5.583318] random 0029 0000 0000 e7f555d9 e8ce5c3c: extract_entropy account returned: 0 
[    5.583321] random 0029 0000 0000 e7f555d9 e8ce5c3c: urand_change_num 45 xfer_secondary_pool(4): pool_sig ffffff72, data_sig 00000000, bytes_mixed 0 e7f555d9 e8ce5c3c
[    5.583324] random 0029 0000 0000 e7f555d9 e8ce5c3c: trying to extract 32 bits from nonblocking
[    5.583327] random 0029 0000 0000 e7f555d9 e8ce5c3c: debiting 32 entropy credits from nonblocking (unlimited)
[    5.583329] random 0029 0000 0000 e7f555d9 e8ce5c3c: extract_entropy account returned: 4 
[    5.583333] random 0029 0000 0000 e7f555d9 e8ce5c3c: urand_change_num 46 extract_buf: pool_sig ffffff72, data_sig ffffff72, bytes_mixed 20 e7f555d9 e8ce5c3c
[    5.594950] random 0029 0000 0000 91716c54 eeb6a1e7: add_disk_randomness(8:0) 91716c54 eeb6a1e7
[    5.594953] random 0029 0000 0000 91716c54 eeb6a1e7: add_timer_randomness(.. 8388864) with jiffies: 13867449835339874723, cycles: -4579294242664349685
[    5.594956] random 0029 0000 0000 91716c54 eeb6a1e7: added 3 entropy credits to input
[    5.613224] random 0032 0000 0000 91716c54 eeb6a1e7: add_disk_randomness(8:0) 91716c54 eeb6a1e7
[    5.613227] random 0032 0000 0000 91716c54 eeb6a1e7: add_timer_randomness(.. 8388864) with jiffies: 14031863515597996469, cycles: -4414880562406227957
[    5.613230] random 0032 0000 0000 91716c54 eeb6a1e7: added 2 entropy credits to input
[    5.617969] EXT4-fs (sda2): mounted filesystem with ordered data mode
[    5.618166] VFS: Mounted root (ext4 filesystem) readonly on device 8:2.
[    5.618261] Freeing unused kernel memory: 448k freed
[    5.638419] random 0034 0000 0000 91716c54 eeb6a1e7: add_disk_randomness(8:0) 91716c54 eeb6a1e7
[    5.638422] random 0034 0000 0000 91716c54 eeb6a1e7: add_timer_randomness(.. 8388864) with jiffies: 14258535401101427150, cycles: -4188208676902797301
[    5.639106] random 0034 0000 0000 91716c54 eeb6a1e7: add_disk_randomness(8:0) 91716c54 eeb6a1e7
[    5.639109] random 0034 0000 0000 91716c54 eeb6a1e7: add_timer_randomness(.. 8388864) with jiffies: 14264715738781286863, cycles: -4182028339222937589
[    5.643833] random 0034 0000 0000 91716c54 eeb6a1e7: add_disk_randomness(8:0) 91716c54 eeb6a1e7
[    5.643836] random 0034 0000 0000 91716c54 eeb6a1e7: add_timer_randomness(.. 8388864) with jiffies: 14307240012410487252, cycles: -4139504065593737205
[    5.643839] random 0034 0000 0000 91716c54 eeb6a1e7: added 2 entropy credits to input
[    5.652037] random 0036 0000 0000 91716c54 eeb6a1e7: add_disk_randomness(8:0) 91716c54 eeb6a1e7
[    5.652040] random 0036 0000 0000 91716c54 eeb6a1e7: add_timer_randomness(.. 8388864) with jiffies: 14381048905133162972, cycles: -4065695172871061493
[    5.655453] random 0036 0000 0000 91716c54 eeb6a1e7: add_disk_randomness(8:0) 91716c54 eeb6a1e7
[    5.655456] random 0036 0000 0000 91716c54 eeb6a1e7: add_timer_randomness(.. 8388864) with jiffies: 14411790240928465375, cycles: -4034953837075759093
[    5.655459] random 0036 0000 0000 91716c54 eeb6a1e7: added 1 entropy credits to input
[    5.664349] random 0037 0000 0000 91716c54 eeb6a1e7: add_disk_randomness(8:0) 91716c54 eeb6a1e7
[    5.664352] random 0037 0000 0000 91716c54 eeb6a1e7: add_timer_randomness(.. 8388864) with jiffies: 14491825427481068008, cycles: -3954918650523156469
[    5.664355] random 0037 0000 0000 91716c54 eeb6a1e7: added 2 entropy credits to input
[    5.677631] random 0039 0000 0000 91716c54 eeb6a1e7: add_disk_randomness(8:0) 91716c54 eeb6a1e7
[    5.677634] random 0039 0000 0000 91716c54 eeb6a1e7: add_timer_randomness(.. 8388864) with jiffies: 14611307006724375030, cycles: -3835437071279849461
[    5.685707] random 0039 0000 0000 91716c54 eeb6a1e7: add_disk_randomness(8:0) 91716c54 eeb6a1e7
[    5.685710] random 0039 0000 0000 91716c54 eeb6a1e7: add_timer_randomness(.. 8388864) with jiffies: 14683964298455908862, cycles: -3762779779548315637
[    5.685713] random 0039 0000 0000 91716c54 eeb6a1e7: added 2 entropy credits to input
[    5.685736] RANDOM get_random_int call with cycles 50663572228, jiffies 4294672894 and pid 1
[    5.685739] RANDOM get_random_int call with cycles 50663579536, jiffies 4294672894 and pid 1
[    5.685741] ASLR stack rand value: 5095424 after shift for pid: 1
[    5.685742] RANDOM get_random_int call with cycles 50663587338, jiffies 4294672894 and pid 1
[    5.697354] random 0041 0000 0000 91716c54 eeb6a1e7: add_disk_randomness(8:0) 91716c54 eeb6a1e7
[    5.697357] random 0041 0000 0000 91716c54 eeb6a1e7: add_timer_randomness(.. 8388864) with jiffies: 14788757506158723593, cycles: -3657986571845500917
[    5.697360] random 0041 0000 0000 91716c54 eeb6a1e7: added 1 entropy credits to input
[    5.697369] RANDOM get_random_int call with cycles 50687944261, jiffies 4294672905 and pid 1
[    5.697372] random 0042 0000 0000 91716c54 eeb6a1e7: rand_read_num 11 get_random_bytes(16): sig fffffcad 91716c54 eeb6a1e7
[    5.697375] random 0042 0000 0000 91716c54 eeb6a1e7: extract_entropy(.. 16 ..)
[    5.697377] random 0042 0000 0000 91716c54 eeb6a1e7: going to reseed nonblocking with 128 bits (128 of 0 requested)
[    5.697380] random 0042 0000 0000 91716c54 eeb6a1e7: extract_entropy(.. 16 ..)
[    5.697382] random 0042 0000 0000 91716c54 eeb6a1e7: trying to extract 128 bits from input
[    5.697384] random 0042 0000 0000 91716c54 eeb6a1e7: debiting 0 entropy credits from input
[    5.697386] random 0042 0000 0000 91716c54 eeb6a1e7: extract_entropy account returned: 0 
[    5.697389] random 0042 0000 0000 91716c54 eeb6a1e7: urand_change_num 47 xfer_secondary_pool(16): pool_sig fffffcad, data_sig 00000000, bytes_mixed 0 91716c54 eeb6a1e7
[    5.697392] random 0042 0000 0000 91716c54 eeb6a1e7: trying to extract 128 bits from nonblocking
[    5.697394] random 0042 0000 0000 91716c54 eeb6a1e7: debiting 128 entropy credits from nonblocking (unlimited)
[    5.697397] random 0042 0000 0000 91716c54 eeb6a1e7: extract_entropy account returned: 16 
[    5.697401] random 0042 0000 0000 91716c54 eeb6a1e7: urand_change_num 48 extract_buf: pool_sig fffffcad, data_sig ffffff19, bytes_mixed 20 91716c54 eeb6a1e7
[    5.697406] random 0042 0000 0000 fd637b06 6cf47bc1: urand_change_num 49 extract_buf: pool_sig fffffede, data_sig ffffffc1, bytes_mixed 20 fd637b06 6cf47bc1
[    5.698366] random 0042 0000 0000 fd637b06 6cf47bc1: add_disk_randomness(8:0) fd637b06 6cf47bc1
[    5.698369] random 0042 0000 0000 fd637b06 6cf47bc1: add_timer_randomness(.. 8388864) with jiffies: 14797868080981312010, cycles: -3648875997022912501
[    5.699505] random 0042 0000 0000 fd637b06 6cf47bc1: add_disk_randomness(8:0) fd637b06 6cf47bc1
[    5.699508] random 0042 0000 0000 fd637b06 6cf47bc1: add_timer_randomness(.. 8388864) with jiffies: 14808111943054492171, cycles: -3638632134949732341
[    5.700658] random 0042 0000 0000 fd637b06 6cf47bc1: add_disk_randomness(8:0) fd637b06 6cf47bc1
[    5.700661] random 0042 0000 0000 fd637b06 6cf47bc1: add_timer_randomness(.. 8388864) with jiffies: 14818471979698061837, cycles: -3628272098306162677
[    5.701537] random 0042 0000 0000 fd637b06 6cf47bc1: add_disk_randomness(8:0) fd637b06 6cf47bc1
[    5.701540] random 0042 0000 0000 fd637b06 6cf47bc1: add_timer_randomness(.. 8388864) with jiffies: 14826400150024061453, cycles: -3620343927980163061
[    5.701707] random 0042 0000 0000 fd637b06 6cf47bc1: add_disk_randomness(8:0) fd637b06 6cf47bc1
[    5.701710] random 0042 0000 0000 fd637b06 6cf47bc1: add_timer_randomness(.. 8388864) with jiffies: 14827912661412053518, cycles: -3618831416592170997
[    5.701936] random 0042 0000 0000 fd637b06 6cf47bc1: add_disk_randomness(8:0) fd637b06 6cf47bc1
[    5.701939] random 0042 0000 0000 fd637b06 6cf47bc1: add_timer_randomness(.. 8388864) with jiffies: 14829979915070964238, cycles: -3616764162933260277
[    5.712416] random 0042 0000 0000 fd637b06 6cf47bc1: add_disk_randomness(8:0) fd637b06 6cf47bc1
[    5.712419] random 0042 0000 0000 fd637b06 6cf47bc1: add_timer_randomness(.. 8388864) with jiffies: 14924266254083260952, cycles: -3522477823920963573
[    5.712421] random 0042 0000 0000 fd637b06 6cf47bc1: added 3 entropy credits to input
[    5.712854] random 0045 0000 0000 fd637b06 6cf47bc1: add_disk_randomness(8:0) fd637b06 6cf47bc1
[    5.712857] random 0045 0000 0000 fd637b06 6cf47bc1: add_timer_randomness(.. 8388864) with jiffies: 14928205310324343321, cycles: -3518538767679881205
[    5.722594] random 0045 0000 0000 fd637b06 6cf47bc1: add_disk_randomness(8:0) fd637b06 6cf47bc1
[    5.722597] random 0045 0000 0000 fd637b06 6cf47bc1: add_timer_randomness(.. 8388864) with jiffies: 15015838422872588834, cycles: -3430905655131635701
[    5.722599] random 0045 0000 0000 fd637b06 6cf47bc1: added 3 entropy credits to input
[    5.722656] RANDOM get_random_int call with cycles 50740909338, jiffies 4294672931 and pid 1
[    5.727205] random 0048 0000 0000 fd637b06 6cf47bc1: add_disk_randomness(8:0) fd637b06 6cf47bc1
[    5.727208] random 0048 0000 0000 fd637b06 6cf47bc1: add_timer_randomness(.. 8388864) with jiffies: 15057320814745190951, cycles: -3389423263259033589
[    5.727211] random 0048 0000 0000 fd637b06 6cf47bc1: added 2 entropy credits to input
[    5.740029] random 0050 0000 0000 fd637b06 6cf47bc1: add_disk_randomness(8:0) fd637b06 6cf47bc1
[    5.740032] random 0050 0000 0000 fd637b06 6cf47bc1: add_timer_randomness(.. 8388864) with jiffies: 15172694180460462644, cycles: -3274049897543761909
[    5.740035] random 0050 0000 0000 fd637b06 6cf47bc1: added 3 entropy credits to input
[    5.740172] random 0053 0000 0000 fd637b06 6cf47bc1: add_disk_randomness(8:0) fd637b06 6cf47bc1
[    5.740176] random 0053 0000 0000 fd637b06 6cf47bc1: add_timer_randomness(.. 8388864) with jiffies: 15173984002089124404, cycles: -3272760075915100149
[    5.742330] random 0053 0000 0000 fd637b06 6cf47bc1: add_disk_randomness(8:0) fd637b06 6cf47bc1
[    5.742333] random 0053 0000 0000 fd637b06 6cf47bc1: add_timer_randomness(.. 8388864) with jiffies: 15193401081082905142, cycles: -3253342996921319413
[    5.742336] random 0053 0000 0000 fd637b06 6cf47bc1: added 1 entropy credits to input
[    5.742577] random 0054 0000 0000 fd637b06 6cf47bc1: add_disk_randomness(8:0) fd637b06 6cf47bc1
[    5.742580] random 0054 0000 0000 fd637b06 6cf47bc1: add_timer_randomness(.. 8388864) with jiffies: 15195621394491343414, cycles: -3251122683512881141
[    5.742718] random 0054 0000 0000 fd637b06 6cf47bc1: add_disk_randomness(8:0) fd637b06 6cf47bc1
[    5.742721] random 0054 0000 0000 fd637b06 6cf47bc1: add_timer_randomness(.. 8388864) with jiffies: 15196874958006092343, cycles: -3249869119998132213
[    5.745887] random 0054 0000 0000 fd637b06 6cf47bc1: add_disk_randomness(8:0) fd637b06 6cf47bc1
[    5.745890] random 0054 0000 0000 fd637b06 6cf47bc1: add_timer_randomness(.. 8388864) with jiffies: 15225393497901859386, cycles: -3221350580102365173
[    5.747900] random 0054 0000 0000 fd637b06 6cf47bc1: add_disk_randomness(8:0) fd637b06 6cf47bc1
[    5.747903] random 0054 0000 0000 fd637b06 6cf47bc1: add_timer_randomness(.. 8388864) with jiffies: 15243504924017525308, cycles: -3203239153986699253
[    5.755731] random 0054 0000 0000 fd637b06 6cf47bc1: add_disk_randomness(8:0) fd637b06 6cf47bc1
[    5.755734] random 0054 0000 0000 fd637b06 6cf47bc1: add_timer_randomness(.. 8388864) with jiffies: 15313954800127410756, cycles: -3132789277876813813
[    5.755737] random 0054 0000 0000 fd637b06 6cf47bc1: added 2 entropy credits to input
[    5.755867] random 0056 0000 0000 fd637b06 6cf47bc1: add_disk_randomness(8:0) fd637b06 6cf47bc1
[    5.755870] random 0056 0000 0000 fd637b06 6cf47bc1: add_timer_randomness(.. 8388864) with jiffies: 15315178105597559364, cycles: -3131565972406665205
[    5.759425] random 0056 0000 0000 fd637b06 6cf47bc1: add_disk_randomness(8:0) fd637b06 6cf47bc1
[    5.759428] random 0056 0000 0000 fd637b06 6cf47bc1: add_timer_randomness(.. 8388864) with jiffies: 15347200604367454791, cycles: -3099543473636769781
[    5.759431] random 0056 0000 0000 fd637b06 6cf47bc1: added 1 entropy credits to input
[    5.763925] random 0057 0000 0000 fd637b06 6cf47bc1: add_disk_randomness(8:0) fd637b06 6cf47bc1
[    5.763928] random 0057 0000 0000 fd637b06 6cf47bc1: add_timer_randomness(.. 8388864) with jiffies: 15387677647475278412, cycles: -3059066430528946165
[    5.769499] random 0057 0000 0000 fd637b06 6cf47bc1: add_disk_randomness(8:0) fd637b06 6cf47bc1
[    5.769502] random 0057 0000 0000 fd637b06 6cf47bc1: add_timer_randomness(.. 8388864) with jiffies: 15437835920530440785, cycles: -3008908157473783797
[    5.775780] random 0057 0000 0000 fd637b06 6cf47bc1: add_disk_randomness(8:0) fd637b06 6cf47bc1
[    5.775783] random 0057 0000 0000 fd637b06 6cf47bc1: add_timer_randomness(.. 8388864) with jiffies: 15494330889549873752, cycles: -2952413188454350837
[    5.775786] random 0057 0000 0000 fd637b06 6cf47bc1: added 1 entropy credits to input
[    5.775796] random 0058 0000 0000 fd637b06 6cf47bc1: rand_read_num 12 get_random_bytes(16): sig 0000033b fd637b06 6cf47bc1
[    5.775799] random 0058 0000 0000 fd637b06 6cf47bc1: extract_entropy(.. 16 ..)
[    5.775801] random 0058 0000 0000 fd637b06 6cf47bc1: going to reseed nonblocking with 128 bits (128 of 0 requested)
[    5.775803] random 0058 0000 0000 fd637b06 6cf47bc1: extract_entropy(.. 16 ..)
[    5.775805] random 0058 0000 0000 fd637b06 6cf47bc1: trying to extract 128 bits from input
[    5.775808] random 0058 0000 0000 fd637b06 6cf47bc1: debiting 0 entropy credits from input
[    5.775810] random 0058 0000 0000 fd637b06 6cf47bc1: extract_entropy account returned: 0 
[    5.775813] random 0058 0000 0000 fd637b06 6cf47bc1: urand_change_num 50 xfer_secondary_pool(16): pool_sig 0000033b, data_sig 00000000, bytes_mixed 0 fd637b06 6cf47bc1
[    5.775816] random 0058 0000 0000 fd637b06 6cf47bc1: trying to extract 128 bits from nonblocking
[    5.775818] random 0058 0000 0000 fd637b06 6cf47bc1: debiting 128 entropy credits from nonblocking (unlimited)
[    5.775820] random 0058 0000 0000 fd637b06 6cf47bc1: extract_entropy account returned: 16 
[    5.775825] random 0058 0000 0000 fd637b06 6cf47bc1: urand_change_num 51 extract_buf: pool_sig 0000033b, data_sig 000000d8, bytes_mixed 20 fd637b06 6cf47bc1
[    5.775830] random 0058 0000 0000 0ec1f012 d4727ca8: urand_change_num 52 extract_buf: pool_sig fffffcf5, data_sig 00000016, bytes_mixed 20 0ec1f012 d4727ca8
[    5.782528] random 0058 0000 0000 45b1d0b1 845a73f7: add_disk_randomness(8:0) 45b1d0b1 845a73f7
[    5.782531] random 0058 0000 0000 45b1d0b1 845a73f7: add_timer_randomness(.. 8388864) with jiffies: 15555053622512026206, cycles: -2891690455492198389
[    5.789748] random 0058 0000 0000 45b1d0b1 845a73f7: add_disk_randomness(8:0) 45b1d0b1 845a73f7
[    5.789751] random 0058 0000 0000 45b1d0b1 845a73f7: add_timer_randomness(.. 8388864) with jiffies: 15619995782885376614, cycles: -2826748295118847989
[    5.789754] random 0058 0000 0000 45b1d0b1 845a73f7: added 1 entropy credits to input
[    5.795349] random 0059 0000 0000 45b1d0b1 845a73f7: add_disk_randomness(8:0) 45b1d0b1 845a73f7
[    5.795352] random 0059 0000 0000 45b1d0b1 845a73f7: add_timer_randomness(.. 8388864) with jiffies: 15670397133909623403, cycles: -2776346944094601205
[    5.795355] random 0059 0000 0000 45b1d0b1 845a73f7: added 1 entropy credits to input
[    5.807172] random 0060 0000 0000 45b1d0b1 845a73f7: add_disk_randomness(8:0) 45b1d0b1 845a73f7
[    5.807175] random 0060 0000 0000 45b1d0b1 845a73f7: add_timer_randomness(.. 8388864) with jiffies: 15776765812926022263, cycles: -2669978265078202357
[    5.807178] random 0060 0000 0000 45b1d0b1 845a73f7: added 2 entropy credits to input
[    5.810311] random 0062 0000 0000 45b1d0b1 845a73f7: add_disk_randomness(8:0) 45b1d0b1 845a73f7
[    5.810314] random 0062 0000 0000 45b1d0b1 845a73f7: add_timer_randomness(.. 8388864) with jiffies: 15805005514954998394, cycles: -2641738563049226229
[    5.810317] random 0062 0000 0000 45b1d0b1 845a73f7: added 1 entropy credits to input
[    5.824584] random 0063 0000 0000 45b1d0b1 845a73f7: add_disk_randomness(8:0) 45b1d0b1 845a73f7
[    5.824587] random 0063 0000 0000 45b1d0b1 845a73f7: add_timer_randomness(.. 8388864) with jiffies: 15933419037036085896, cycles: -2513325040968138741
[    5.824590] random 0063 0000 0000 45b1d0b1 845a73f7: added 3 entropy credits to input
[    5.829981] random 0066 0000 0000 45b1d0b1 845a73f7: add_disk_randomness(8:0) 45b1d0b1 845a73f7
[    5.829984] random 0066 0000 0000 45b1d0b1 845a73f7: add_timer_randomness(.. 8388864) with jiffies: 15981966985118057102, cycles: -2464777092886167541
[    5.829987] random 0066 0000 0000 45b1d0b1 845a73f7: added 2 entropy credits to input
[    5.835155] random 0068 0000 0000 45b1d0b1 845a73f7: add_disk_randomness(8:0) 45b1d0b1 845a73f7
[    5.835158] random 0068 0000 0000 45b1d0b1 845a73f7: add_timer_randomness(.. 8388864) with jiffies: 16028520419107242643, cycles: -2418223658896982005
[    5.843385] random 0068 0000 0000 45b1d0b1 845a73f7: add_disk_randomness(8:0) 45b1d0b1 845a73f7
[    5.843388] random 0068 0000 0000 45b1d0b1 845a73f7: add_timer_randomness(.. 8388864) with jiffies: 16102562958050820763, cycles: -2344181119953403893
[    5.843391] random 0068 0000 0000 45b1d0b1 845a73f7: added 1 entropy credits to input
[    5.852987] random 0069 0000 0000 45b1d0b1 845a73f7: add_disk_randomness(8:0) 45b1d0b1 845a73f7
[    5.852990] random 0069 0000 0000 45b1d0b1 845a73f7: add_timer_randomness(.. 8388864) with jiffies: 16188948094836769445, cycles: -2257795983167455221
[    5.872488] random 0069 0000 0000 45b1d0b1 845a73f7: add_disk_randomness(8:0) 45b1d0b1 845a73f7
[    5.872491] random 0069 0000 0000 45b1d0b1 845a73f7: add_timer_randomness(.. 8388864) with jiffies: 16364397861065687736, cycles: -2082346216938536949
[    5.872494] random 0069 0000 0000 45b1d0b1 845a73f7: added 2 entropy credits to input
[    5.885775] random 0071 0000 0000 45b1d0b1 845a73f7: add_disk_randomness(8:0) 45b1d0b1 845a73f7
[    5.885778] random 0071 0000 0000 45b1d0b1 845a73f7: add_timer_randomness(.. 8388864) with jiffies: 16483931349283734214, cycles: -1962812728720490485
[    5.885781] random 0071 0000 0000 45b1d0b1 845a73f7: added 2 entropy credits to input
[    5.893798] random 0073 0000 0000 45b1d0b1 845a73f7: add_disk_randomness(8:0) 45b1d0b1 845a73f7
[    5.893801] random 0073 0000 0000 45b1d0b1 845a73f7: add_timer_randomness(.. 8388864) with jiffies: 16556108446491706062, cycles: -1890635631512518645
[    5.903807] random 0073 0000 0000 45b1d0b1 845a73f7: add_disk_randomness(8:0) 45b1d0b1 845a73f7
[    5.903810] random 0073 0000 0000 45b1d0b1 845a73f7: add_timer_randomness(.. 8388864) with jiffies: 16646162327162028760, cycles: -1800581750842195957
[    5.903813] random 0073 0000 0000 45b1d0b1 845a73f7: added 1 entropy credits to input
[    5.916696] random 0074 0000 0000 45b1d0b1 845a73f7: add_disk_randomness(8:0) 45b1d0b1 845a73f7
[    5.916699] random 0074 0000 0000 45b1d0b1 845a73f7: add_timer_randomness(.. 8388864) with jiffies: 16762116857787024101, cycles: -1684627220217200629
[    5.924053] random 0074 0000 0000 45b1d0b1 845a73f7: add_disk_randomness(8:0) 45b1d0b1 845a73f7
[    5.924056] random 0074 0000 0000 45b1d0b1 845a73f7: add_timer_randomness(.. 8388864) with jiffies: 16828307711182209772, cycles: -1618436366822014965
[    5.924059] random 0074 0000 0000 45b1d0b1 845a73f7: added 2 entropy credits to input
[    5.929297] random 0076 0000 0000 45b1d0b1 845a73f7: add_disk_randomness(8:0) 45b1d0b1 845a73f7
[    5.929300] random 0076 0000 0000 45b1d0b1 845a73f7: add_timer_randomness(.. 8388864) with jiffies: 16875492595558220529, cycles: -1571251482446004213
[    5.929303] random 0076 0000 0000 45b1d0b1 845a73f7: added 1 entropy credits to input
[    5.935743] random 0077 0000 0000 45b1d0b1 845a73f7: add_disk_randomness(8:0) 45b1d0b1 845a73f7
[    5.935745] random 0077 0000 0000 45b1d0b1 845a73f7: add_timer_randomness(.. 8388864) with jiffies: 16933473107865993976, cycles: -1513270970138230773
[    5.935748] random 0077 0000 0000 45b1d0b1 845a73f7: added 1 entropy credits to input
[    5.940794] random 0078 0000 0000 45b1d0b1 845a73f7: add_disk_randomness(8:0) 45b1d0b1 845a73f7
[    5.940797] random 0078 0000 0000 45b1d0b1 845a73f7: add_timer_randomness(.. 8388864) with jiffies: 16978921571323970301, cycles: -1467822506680254453
[    5.940800] random 0078 0000 0000 45b1d0b1 845a73f7: added 1 entropy credits to input
[    5.946696] random 0079 0000 0000 45b1d0b1 845a73f7: add_disk_randomness(8:0) 45b1d0b1 845a73f7
[    5.946699] random 0079 0000 0000 45b1d0b1 845a73f7: add_timer_randomness(.. 8388864) with jiffies: 17032019281341809411, cycles: -1414724796662415349
[    5.956048] random 0079 0000 0000 45b1d0b1 845a73f7: add_disk_randomness(8:0) 45b1d0b1 845a73f7
[    5.956051] random 0079 0000 0000 45b1d0b1 845a73f7: add_timer_randomness(.. 8388864) with jiffies: 17116162952005387020, cycles: -1330581125998837749
[    5.956054] random 0079 0000 0000 45b1d0b1 845a73f7: added 1 entropy credits to input
[    5.960923] random 0080 0000 0000 45b1d0b1 845a73f7: add_disk_randomness(8:0) 45b1d0b1 845a73f7
[    5.960926] random 0080 0000 0000 45b1d0b1 845a73f7: add_timer_randomness(.. 8388864) with jiffies: 17160020885994439441, cycles: -1286723192009785333
[    5.960929] random 0080 0000 0000 45b1d0b1 845a73f7: added 2 entropy credits to input
[    5.968363] random 0082 0000 0000 45b1d0b1 845a73f7: add_disk_randomness(8:0) 45b1d0b1 845a73f7
[    5.968366] random 0082 0000 0000 45b1d0b1 845a73f7: add_timer_randomness(.. 8388864) with jiffies: 17226958007137174296, cycles: -1219786070867050485
[    5.968368] random 0082 0000 0000 45b1d0b1 845a73f7: added 1 entropy credits to input
[    5.974578] random 0083 0000 0000 45b1d0b1 845a73f7: add_disk_randomness(8:0) 45b1d0b1 845a73f7
[    5.974581] random 0083 0000 0000 45b1d0b1 845a73f7: add_timer_randomness(.. 8388864) with jiffies: 17282878932302660382, cycles: -1163865145701564405
[    5.974732] random 0083 0000 0000 45b1d0b1 845a73f7: add_disk_randomness(8:0) 45b1d0b1 845a73f7
[    5.974735] random 0083 0000 0000 45b1d0b1 845a73f7: add_timer_randomness(.. 8388864) with jiffies: 17284254215190577951, cycles: -1162489862813646837
[    5.989141] random 0083 0000 0000 45b1d0b1 845a73f7: add_disk_randomness(8:0) 45b1d0b1 845a73f7
[    5.989144] random 0083 0000 0000 45b1d0b1 845a73f7: add_timer_randomness(.. 8388864) with jiffies: 17413890458626261805, cycles: -1032853619377962997
[    5.989147] random 0083 0000 0000 45b1d0b1 845a73f7: added 3 entropy credits to input
[    5.996562] random 0086 0000 0000 45b1d0b1 845a73f7: add_disk_randomness(8:0) 45b1d0b1 845a73f7
[    5.996565] random 0086 0000 0000 45b1d0b1 845a73f7: add_timer_randomness(.. 8388864) with jiffies: 17480664237867762484, cycles: -966079840136462325
[    5.996568] random 0086 0000 0000 45b1d0b1 845a73f7: added 2 entropy credits to input
[    6.006242] random 0088 0000 0000 45b1d0b1 845a73f7: add_disk_randomness(8:0) 45b1d0b1 845a73f7
[    6.006245] random 0088 0000 0000 45b1d0b1 845a73f7: add_timer_randomness(.. 8388864) with jiffies: 17567751674821051198, cycles: -878992403183173621
[    6.006248] random 0088 0000 0000 45b1d0b1 845a73f7: added 1 entropy credits to input
[    6.016877] random 0089 0000 0000 45b1d0b1 845a73f7: add_disk_randomness(8:0) 45b1d0b1 845a73f7
[    6.016881] random 0089 0000 0000 45b1d0b1 845a73f7: add_timer_randomness(.. 8388864) with jiffies: 17663427457228440393, cycles: -783316620775784437
[    6.029392] random 0089 0000 0000 45b1d0b1 845a73f7: add_disk_randomness(8:0) 45b1d0b1 845a73f7
[    6.029395] random 0089 0000 0000 45b1d0b1 845a73f7: add_timer_randomness(.. 8388864) with jiffies: 17776028202510811989, cycles: -670715875493412853
[    6.030605] random 0089 0000 0000 45b1d0b1 845a73f7: add_disk_randomness(8:0) 45b1d0b1 845a73f7
[    6.030608] random 0089 0000 0000 45b1d0b1 845a73f7: add_timer_randomness(.. 8388864) with jiffies: 17786928636234531671, cycles: -659815441769693173
[    6.030611] random 0089 0000 0000 45b1d0b1 845a73f7: added 1 entropy credits to input
[    6.034618] random 0090 0000 0000 45b1d0b1 845a73f7: add_disk_randomness(8:0) 45b1d0b1 845a73f7
[    6.034621] random 0090 0000 0000 45b1d0b1 845a73f7: add_timer_randomness(.. 8388864) with jiffies: 17823033149231956827, cycles: -623710928772268021
[    6.034624] random 0090 0000 0000 45b1d0b1 845a73f7: added 1 entropy credits to input
[    6.043962] random 0091 0000 0000 45b1d0b1 845a73f7: add_disk_randomness(8:0) 45b1d0b1 845a73f7
[    6.043965] random 0091 0000 0000 45b1d0b1 845a73f7: add_timer_randomness(.. 8388864) with jiffies: 17907097856921797476, cycles: -539646221082427381
[    6.043967] random 0091 0000 0000 45b1d0b1 845a73f7: added 1 entropy credits to input
[    6.044349] random 0092 0000 0000 45b1d0b1 845a73f7: add_disk_randomness(8:0) 45b1d0b1 845a73f7
[    6.044352] random 0092 0000 0000 45b1d0b1 845a73f7: add_timer_randomness(.. 8388864) with jiffies: 17910588016066003812, cycles: -536156061938221045
[    6.059970] random 0092 0000 0000 45b1d0b1 845a73f7: add_disk_randomness(8:0) 45b1d0b1 845a73f7
[    6.059973] random 0092 0000 0000 45b1d0b1 845a73f7: add_timer_randomness(.. 8388864) with jiffies: 18051118693156094836, cycles: -395625384848130037
[    6.059975] random 0092 0000 0000 45b1d0b1 845a73f7: added 4 entropy credits to input
[    6.061603] random 0096 0000 0000 45b1d0b1 845a73f7: add_disk_randomness(8:0) 45b1d0b1 845a73f7
[    6.061606] random 0096 0000 0000 45b1d0b1 845a73f7: add_timer_randomness(.. 8388864) with jiffies: 18065805797681234806, cycles: -380938280322990069
[    6.061609] random 0096 0000 0000 45b1d0b1 845a73f7: added 1 entropy credits to input
[    6.061759] random 0097 0000 0000 45b1d0b1 845a73f7: add_disk_randomness(8:0) 45b1d0b1 845a73f7
[    6.061762] random 0097 0000 0000 45b1d0b1 845a73f7: add_timer_randomness(.. 8388864) with jiffies: 18067209809605395318, cycles: -379534268398829557
[    6.072623] random 0097 0000 0000 45b1d0b1 845a73f7: add_disk_randomness(8:0) 45b1d0b1 845a73f7
[    6.072626] random 0097 0000 0000 45b1d0b1 845a73f7: add_timer_randomness(.. 8388864) with jiffies: 18164954963090572161, cycles: -281789114913652725
[    6.072629] random 0097 0000 0000 45b1d0b1 845a73f7: added 3 entropy credits to input
[    6.073189] random 0100 0000 0000 45b1d0b1 845a73f7: add_disk_randomness(8:0) 45b1d0b1 845a73f7
[    6.073192] random 0100 0000 0000 45b1d0b1 845a73f7: add_timer_randomness(.. 8388864) with jiffies: 18170053153695433601, cycles: -276690924308791285
[    6.078414] random 0100 0000 0000 45b1d0b1 845a73f7: add_disk_randomness(8:0) 45b1d0b1 845a73f7
[    6.078417] random 0100 0000 0000 45b1d0b1 845a73f7: add_timer_randomness(.. 8388864) with jiffies: 18217063284442104710, cycles: -229680793562120181
[    6.078420] random 0100 0000 0000 45b1d0b1 845a73f7: added 2 entropy credits to input
[    6.080176] random 0102 0000 0000 45b1d0b1 845a73f7: add_disk_randomness(8:0) 45b1d0b1 845a73f7
[    6.080179] random 0102 0000 0000 45b1d0b1 845a73f7: add_timer_randomness(.. 8388864) with jiffies: 18232909703719650184, cycles: -213834374284574709
