[    0.000000] random 0000 0000 0000 00000000 00000000: rand_read_num 1 get_random_bytes(8): sig 00000000 00000000 00000000
[    0.000000] random 0000 0000 0000 00000000 00000000: extract_entropy(.. 8 ..)
[    0.000000] random 0000 0000 0000 00000000 00000000: going to reseed nonblocking with 64 bits (64 of 0 requested)
[    0.000000] random 0000 0000 0000 00000000 00000000: extract_entropy(.. 8 ..)
[    0.000000] random 0000 0000 0000 00000000 00000000: trying to extract 64 bits from input
[    0.000000] random 0000 0000 0000 00000000 00000000: debiting 0 entropy credits from input
[    0.000000] random 0000 0000 0000 00000000 00000000: extract_entropy account returned: 0 
[    0.000000] random 0000 0000 0000 00000000 00000000: urand_change_num 1 xfer_secondary_pool(8): pool_sig 00000000, data_sig 00000000, bytes_mixed 0 00000000 00000000
[    0.000000] random 0000 0000 0000 00000000 00000000: trying to extract 64 bits from nonblocking
[    0.000000] random 0000 0000 0000 00000000 00000000: debiting 64 entropy credits from nonblocking (unlimited)
[    0.000000] random 0000 0000 0000 00000000 00000000: extract_entropy account returned: 8 
[    0.000000] random 0000 0000 0000 00000000 00000000: urand_change_num 2 extract_buf: pool_sig 00000000, data_sig fffffff9, bytes_mixed 20 00000000 00000000
[    0.000000] Linux version 2.6.32.57 (dcashman@dcashman-02) (gcc version 4.3.3 (GCC) ) #6 Thu May 30 09:02:12 PDT 2013
[    0.000000] KERNEL supported cpus:
[    0.000000]   Intel GenuineIntel
[    0.000000]   AMD AuthenticAMD
[    0.000000]   NSC Geode by NSC
[    0.000000]   Cyrix CyrixInstead
[    0.000000]   Centaur CentaurHauls
[    0.000000]   Transmeta GenuineTMx86
[    0.000000]   Transmeta TransmetaCPU
[    0.000000]   UMC UMC UMC UMC
[    0.000000] BIOS-provided physical RAM map:
[    0.000000]  BIOS-e820: 0000000000000000 - 000000000009d800 (usable)
[    0.000000]  BIOS-e820: 000000000009d800 - 00000000000a0000 (reserved)
[    0.000000]  BIOS-e820: 00000000000d2000 - 00000000000d4000 (reserved)
[    0.000000]  BIOS-e820: 00000000000e0000 - 0000000000100000 (reserved)
[    0.000000]  BIOS-e820: 0000000000100000 - 000000003d6b0000 (usable)
[    0.000000]  BIOS-e820: 000000003d6b0000 - 000000003d6cc000 (ACPI data)
[    0.000000]  BIOS-e820: 000000003d6cc000 - 000000003d700000 (ACPI NVS)
[    0.000000]  BIOS-e820: 000000003d700000 - 000000003e000000 (reserved)
[    0.000000]  BIOS-e820: 00000000f0000000 - 00000000f4000000 (reserved)
[    0.000000]  BIOS-e820: 00000000fec00000 - 00000000fec10000 (reserved)
[    0.000000]  BIOS-e820: 00000000fed00000 - 00000000fed00400 (reserved)
[    0.000000]  BIOS-e820: 00000000fed14000 - 00000000fed1a000 (reserved)
[    0.000000]  BIOS-e820: 00000000fed1c000 - 00000000fed90000 (reserved)
[    0.000000]  BIOS-e820: 00000000fee00000 - 00000000fee01000 (reserved)
[    0.000000]  BIOS-e820: 00000000ff000000 - 0000000100000000 (reserved)
[    0.000000] DMI present.
[    0.000000] last_pfn = 0x3d6b0 max_arch_pfn = 0x100000
[    0.000000] MTRR default type: uncachable
[    0.000000] MTRR fixed ranges enabled:
[    0.000000]   00000-9FFFF write-back
[    0.000000]   A0000-BFFFF uncachable
[    0.000000]   C0000-CFFFF write-protect
[    0.000000]   D0000-DFFFF uncachable
[    0.000000]   E0000-FFFFF write-protect
[    0.000000] MTRR variable ranges enabled:
[    0.000000]   0 base 03E000000 mask FFE000000 uncachable
[    0.000000]   1 base 000000000 mask FC0000000 write-back
[    0.000000]   2 base 03D700000 mask FFFF00000 uncachable
[    0.000000]   3 base 03D800000 mask FFF800000 uncachable
[    0.000000]   4 disabled
[    0.000000]   5 disabled
[    0.000000]   6 disabled
[    0.000000]   7 disabled
[    0.000000] initial memory mapped : 0 - 02000000
[    0.000000] init_memory_mapping: 0000000000000000-00000000377fe000
[    0.000000]  0000000000 - 0000400000 page 4k
[    0.000000]  0000400000 - 0037400000 page 2M
[    0.000000]  0037400000 - 00377fe000 page 4k
[    0.000000] kernel direct mapping tables up to 377fe000 @ 7000-c000
[    0.000000] ACPI: RSDP 000f68d0 00024 (v02 LENOVO)
[    0.000000] ACPI: XSDT 3d6bb77f 00094 (v01 LENOVO TP-7L    00002170  LTP 00000000)
[    0.000000] ACPI: FACP 3d6bb900 000F4 (v03 LENOVO TP-7L    00002170 LNVO 00000001)
[    0.000000] ACPI Warning: 32/64X length mismatch in Gpe1Block: 0/32 (20090903/tbfadt-526)
[    0.000000] ACPI Warning: Optional field Gpe1Block has zero address or length: 000000000000102C/0 (20090903/tbfadt-557)
[    0.000000] ACPI: DSDT 3d6bbd1d 0FED1 (v01 LENOVO TP-7L    00002170 MSFT 03000000)
[    0.000000] ACPI: FACS 3d6e4000 00040
[    0.000000] ACPI: SSDT 3d6bbab4 00269 (v01 LENOVO TP-7L    00002170 MSFT 03000000)
[    0.000000] ACPI: ECDT 3d6cbbee 00052 (v01 LENOVO TP-7L    00002170 LNVO 00000001)
[    0.000000] ACPI: TCPA 3d6cbc40 00032 (v02 LENOVO TP-7L    00002170 LNVO 00000001)
[    0.000000] ACPI: APIC 3d6cbc72 00068 (v01 LENOVO TP-7L    00002170 LNVO 00000001)
[    0.000000] ACPI: MCFG 3d6cbcda 0003C (v01 LENOVO TP-7L    00002170 LNVO 00000001)
[    0.000000] ACPI: HPET 3d6cbd16 00038 (v01 LENOVO TP-7L    00002170 LNVO 00000001)
[    0.000000] ACPI: SLIC 3d6cbdf0 00176 (v01 LENOVO TP-7L    00002170  LTP 00000000)
[    0.000000] ACPI: BOOT 3d6cbf66 00028 (v01 LENOVO TP-7L    00002170  LTP 00000001)
[    0.000000] ACPI: ASF! 3d6cbf8e 00072 (v16 LENOVO TP-7L    00002170 PTL  00000001)
[    0.000000] ACPI: SSDT 3d6e26d9 0025F (v01 LENOVO TP-7L    00002170 INTL 20050513)
[    0.000000] ACPI: SSDT 3d6e2938 000A6 (v01 LENOVO TP-7L    00002170 INTL 20050513)
[    0.000000] ACPI: SSDT 3d6e29de 004F7 (v01 LENOVO TP-7L    00002170 INTL 20050513)
[    0.000000] ACPI: SSDT 3d6e2ed5 001D8 (v01 LENOVO TP-7L    00002170 INTL 20050513)
[    0.000000] ACPI: DMI detected: Lenovo ThinkPad R61
[    0.000000] ACPI: Added _OSI(Linux)
[    0.000000] ACPI: Local APIC address 0xfee00000
[    0.000000] 94MB HIGHMEM available.
[    0.000000] 887MB LOWMEM available.
[    0.000000]   mapped low ram: 0 - 377fe000
[    0.000000]   low ram: 0 - 377fe000
[    0.000000]   node 0 low ram: 00000000 - 377fe000
[    0.000000]   node 0 bootmap 00008000 - 0000ef00
[    0.000000] (6 early reservations) ==> bootmem [0000000000 - 00377fe000]
[    0.000000]   #0 [0000000000 - 0000001000]   BIOS data page ==> [0000000000 - 0000001000]
[    0.000000]   #1 [0001000000 - 0001bdc180]    TEXT DATA BSS ==> [0001000000 - 0001bdc180]
[    0.000000]   #2 [000009d800 - 0000100000]    BIOS reserved ==> [000009d800 - 0000100000]
[    0.000000]   #3 [0001bdd000 - 0001be516c]              BRK ==> [0001bdd000 - 0001be516c]
[    0.000000]   #4 [0000007000 - 0000008000]          PGTABLE ==> [0000007000 - 0000008000]
[    0.000000]   #5 [0000008000 - 000000f000]          BOOTMAP ==> [0000008000 - 000000f000]
[    0.000000] found SMP MP-table at [c00f6900] f6900
[    0.000000] Zone PFN ranges:
[    0.000000]   DMA      0x00000000 -> 0x00001000
[    0.000000]   Normal   0x00001000 -> 0x000377fe
[    0.000000]   HighMem  0x000377fe -> 0x0003d6b0
[    0.000000] Movable zone start PFN for each node
[    0.000000] early_node_map[2] active PFN ranges
[    0.000000]     0: 0x00000000 -> 0x0000009d
[    0.000000]     0: 0x00000100 -> 0x0003d6b0
[    0.000000] On node 0 totalpages: 251469
[    0.000000] free_area_init_node: node 0, pgdat c1901ea0, node_mem_map c1be7000
[    0.000000]   DMA zone: 32 pages used for memmap
[    0.000000]   DMA zone: 0 pages reserved
[    0.000000]   DMA zone: 3965 pages, LIFO batch:0
[    0.000000]   Normal zone: 1744 pages used for memmap
[    0.000000]   Normal zone: 221486 pages, LIFO batch:31
[    0.000000]   HighMem zone: 190 pages used for memmap
[    0.000000]   HighMem zone: 24052 pages, LIFO batch:3
[    0.000000] Using APIC driver default
[    0.000000] ACPI: PM-Timer IO Port: 0x1008
[    0.000000] ACPI: Local APIC address 0xfee00000
[    0.000000] ACPI: LAPIC (acpi_id[0x00] lapic_id[0x00] enabled)
[    0.000000] ACPI: LAPIC (acpi_id[0x01] lapic_id[0x01] enabled)
[    0.000000] ACPI: NR_CPUS/possible_cpus limit of 1 reached.  Processor 1/0x1 ignored.
[    0.000000] ACPI: LAPIC_NMI (acpi_id[0x00] high edge lint[0x1])
[    0.000000] ACPI: LAPIC_NMI (acpi_id[0x01] high edge lint[0x1])
[    0.000000] ACPI: IOAPIC (id[0x01] address[0xfec00000] gsi_base[0])
[    0.000000] IOAPIC[0]: apic_id 1, version 32, address 0xfec00000, GSI 0-23
[    0.000000] ACPI: INT_SRC_OVR (bus 0 bus_irq 0 global_irq 2 dfl dfl)
[    0.000000] ACPI: INT_SRC_OVR (bus 0 bus_irq 9 global_irq 9 high level)
[    0.000000] ACPI: IRQ0 used by override.
[    0.000000] ACPI: IRQ2 used by override.
[    0.000000] ACPI: IRQ9 used by override.
[    0.000000] Using ACPI (MADT) for SMP configuration information
[    0.000000] ACPI: HPET id: 0x8086a201 base: 0xfed00000
[    0.000000] nr_irqs_gsi: 24
[    0.000000] PM: Registered nosave memory: 000000000009d000 - 000000000009e000
[    0.000000] PM: Registered nosave memory: 000000000009e000 - 00000000000a0000
[    0.000000] PM: Registered nosave memory: 00000000000a0000 - 00000000000d2000
[    0.000000] PM: Registered nosave memory: 00000000000d2000 - 00000000000d4000
[    0.000000] PM: Registered nosave memory: 00000000000d4000 - 00000000000e0000
[    0.000000] PM: Registered nosave memory: 00000000000e0000 - 0000000000100000
[    0.000000] Allocating PCI resources starting at 3e000000 (gap: 3e000000:b2000000)
[    0.000000] Built 1 zonelists in Zone order, mobility grouping on.  Total pages: 249503
[    0.000000] Kernel command line: auto BOOT_IMAGE=Linux ro root=802 vt.default_utf8=0 maxcpus=0
[    0.000000] PID hash table entries: 4096 (order: 2, 16384 bytes)
[    0.000000] Dentry cache hash table entries: 131072 (order: 7, 524288 bytes)
[    0.000000] Inode-cache hash table entries: 65536 (order: 6, 262144 bytes)
[    0.000000] Enabling fast FPU save and restore... done.
[    0.000000] Enabling unmasked SIMD FPU exception support... done.
[    0.000000] Initializing CPU#0
[    0.000000] Initializing HighMem for node 0 (000377fe:0003d6b0)
[    0.000000] Memory: 984800k/1006272k available (6915k kernel code, 20876k reserved, 2327k data, 448k init, 96968k highmem)
[    0.000000] virtual kernel memory layout:
[    0.000000]     fixmap  : 0xfffa3000 - 0xfffff000   ( 368 kB)
[    0.000000]     pkmap   : 0xff800000 - 0xffc00000   (4096 kB)
[    0.000000]     vmalloc : 0xf7ffe000 - 0xff7fe000   ( 120 MB)
[    0.000000]     lowmem  : 0xc0000000 - 0xf77fe000   ( 887 MB)
[    0.000000]       .init : 0xc1907000 - 0xc1977000   ( 448 kB)
[    0.000000]       .data : 0xc16c0d3f - 0xc1906c64   (2327 kB)
[    0.000000]       .text : 0xc1000000 - 0xc16c0d3f   (6915 kB)
[    0.000000] Checking if this processor honours the WP bit even in supervisor mode...Ok.
[    0.000000] SLUB: Genslabs=13, HWalign=64, Order=0-3, MinObjects=0, CPUs=1, Nodes=1
[    0.000000] Hierarchical RCU implementation.
[    0.000000] NR_IRQS:288
[    0.000000] Extended CMOS year: 2000
[    0.000000] Console: colour VGA+ 80x25
[    0.000000] console [tty0] enabled
[    0.000000] hpet clockevent registered
[    0.000000] Fast TSC calibration failed
[    0.000000] TSC: PIT calibration matches HPET. 1 loops
[    0.000000] Detected 2094.770 MHz processor.
[    0.002002] Calibrating delay loop (skipped), value calculated using timer frequency.. 4189.54 BogoMIPS (lpj=2094770)
[    0.002167] Security Framework initialized
[    0.002249] Mount-cache hash table entries: 512
[    0.002396] CPU: L1 I cache: 32K, L1 D cache: 32K
[    0.002518] CPU: L2 cache: 3072K
[    0.002597] mce: CPU supports 6 MCE banks
[    0.002681] CPU0: Thermal monitoring enabled (TM2)
[    0.003003] using mwait in idle threads.
[    0.003082] CPU: Intel(R) Core(TM)2 Duo CPU     T8100  @ 2.10GHz stepping 06
[    0.003258] Checking 'hlt' instruction... OK.
[    0.007933] ACPI: Core revision 20090903
[    0.027013] RANDOM get_random_int first call with cycles 38341454655, jiffies 4294667323 and pid 0
[    0.027020] CANARY value: 8187b0ff for PID: 1
[    0.027027] CANARY value: 2da1ce8b for PID: 2
[    0.027050] Enabling APIC mode:  Flat.  Using 1 I/O APICs
[    0.027511] ..TIMER: vector=0x30 apic1=0 pin1=2 apic2=-1 pin2=-1
[    0.037997] xor: automatically using best checksumming function: pIII_sse
[    0.041998]    pIII_sse  :  8568.000 MB/sec
[    0.042088] xor: using function: pIII_sse (8568.000 MB/sec)
[    0.042184] RANDOM - __seed init called.
[    0.042185] RANDOM - __seed init called.
[    0.042186] RANDOM - __seed init called.
[    0.042188] RANDOM - __random32 called. Change num 1.  Value: f7943846	49e73df3	af36cd0d
[    0.042190] RANDOM - __random32 called. Change num 2.  Value: 43846e13	9e73df37	9a1ad014
[    0.042192] RANDOM - __random32 called. Change num 3.  Value: 46e139c8	e73df373	a029598a
[    0.042194] RANDOM - __random32 called. Change num 4.  Value: 139c8c3b	73df373d	b3142c72
[    0.042195] RANDOM - __random32 called. Change num 5.  Value: c8c3b043	3df373de	58e576a9
[    0.042197] RANDOM - __random32 called. Change num 6.  Value: 3b0437d9	df373de5	ed53f9d8
[    0.042199] RANDOM - random32 init called.  Value: 3b0437d9	df373de5	ed53f9d8
[    0.042216] NET: Registered protocol family 16
[    0.042472] ACPI FADT declares the system doesn't support PCIe ASPM, so disable it
[    0.042594] ACPI: bus type pci registered
[    0.042752] PCI: MCFG configuration 0: base f0000000 segment 0 buses 0 - 63
[    0.042844] PCI: MCFG area at f0000000 reserved in E820
[    0.042930] PCI: Using MMCONFIG for extended config space
[    0.043002] PCI: Using configuration type 1 for base access
[    0.046125] bio: create slab <bio-0> at 0
[    0.046938] ACPI: EC: EC description table is found, configuring boot EC
[    0.052102] ACPI: BIOS _OSI(Linux) query honored via DMI
[    0.052826] random 0000 0000 0000 00000000 00000000: rand_read_num 2 get_random_bytes(8): sig fffffe1a 00000000 00000000
[    0.052828] random 0000 0000 0000 00000000 00000000: extract_entropy(.. 8 ..)
[    0.052831] random 0000 0000 0000 00000000 00000000: going to reseed nonblocking with 64 bits (64 of 0 requested)
[    0.052833] random 0000 0000 0000 00000000 00000000: extract_entropy(.. 8 ..)
[    0.052835] random 0000 0000 0000 00000000 00000000: trying to extract 64 bits from input
[    0.052838] random 0000 0000 0000 00000000 00000000: debiting 0 entropy credits from input
[    0.052840] random 0000 0000 0000 00000000 00000000: extract_entropy account returned: 0 
[    0.052842] random 0000 0000 0000 00000000 00000000: urand_change_num 3 xfer_secondary_pool(8): pool_sig fffffe1a, data_sig 00000000, bytes_mixed 0 00000000 00000000
[    0.052846] random 0000 0000 0000 00000000 00000000: trying to extract 64 bits from nonblocking
[    0.052848] random 0000 0000 0000 00000000 00000000: debiting 64 entropy credits from nonblocking (unlimited)
[    0.052877] random 0000 0000 0000 00000000 00000000: extract_entropy account returned: 8 
[    0.052881] random 0000 0000 0000 00000000 00000000: urand_change_num 4 extract_buf: pool_sig fffffe1a, data_sig fffffed7, bytes_mixed 20 00000000 00000000
[    0.057558] ACPI: Interpreter enabled
[    0.057642] ACPI: (supports S0 S3 S4 S5)
[    0.057937] ACPI: Using IOAPIC for interrupt routing
[    0.067746] ACPI: EC: GPE = 0x12, I/O: command/status = 0x66, data = 0x62
[    0.068040] ACPI: Power Resource [PUBS] (on)
[    0.070135] ACPI: ACPI Dock Station Driver: 3 docks/bays found
[    0.070535] ACPI: PCI Root Bridge [PCI0] (0000:00)
[    0.070702] pci 0000:00:02.0: reg 10 64bit mmio: [0xf8100000-0xf81fffff]
[    0.070708] pci 0000:00:02.0: reg 18 64bit mmio pref: [0xe0000000-0xefffffff]
[    0.070712] pci 0000:00:02.0: reg 20 io port: [0x1800-0x1807]
[    0.070746] pci 0000:00:02.1: reg 10 64bit mmio: [0xf8200000-0xf82fffff]
[    0.070854] pci 0000:00:19.0: reg 10 32bit mmio: [0xfe000000-0xfe01ffff]
[    0.070863] pci 0000:00:19.0: reg 14 32bit mmio: [0xfe025000-0xfe025fff]
[    0.070872] pci 0000:00:19.0: reg 18 io port: [0x1840-0x185f]
[    0.070947] pci 0000:00:19.0: PME# supported from D0 D3hot D3cold
[    0.071002] pci 0000:00:19.0: PME# disabled
[    0.071143] pci 0000:00:1a.0: reg 20 io port: [0x1860-0x187f]
[    0.071231] pci 0000:00:1a.1: reg 20 io port: [0x1880-0x189f]
[    0.071306] pci 0000:00:1a.7: reg 10 32bit mmio: [0xfe226c00-0xfe226fff]
[    0.071391] pci 0000:00:1a.7: PME# supported from D0 D3hot D3cold
[    0.071487] pci 0000:00:1a.7: PME# disabled
[    0.071622] pci 0000:00:1b.0: reg 10 64bit mmio: [0xfe020000-0xfe023fff]
[    0.071697] pci 0000:00:1b.0: PME# supported from D0 D3hot D3cold
[    0.071780] pci 0000:00:1b.0: PME# disabled
[    0.072012] pci 0000:00:1c.0: PME# supported from D0 D3hot D3cold
[    0.072108] pci 0000:00:1c.0: PME# disabled
[    0.072300] pci 0000:00:1c.1: PME# supported from D0 D3hot D3cold
[    0.072395] pci 0000:00:1c.1: PME# disabled
[    0.072597] pci 0000:00:1c.2: PME# supported from D0 D3hot D3cold
[    0.072690] pci 0000:00:1c.2: PME# disabled
[    0.072888] pci 0000:00:1c.3: PME# supported from D0 D3hot D3cold
[    0.072997] pci 0000:00:1c.3: PME# disabled
[    0.073192] pci 0000:00:1c.4: PME# supported from D0 D3hot D3cold
[    0.073278] pci 0000:00:1c.4: PME# disabled
[    0.074067] pci 0000:00:1d.0: reg 20 io port: [0x18a0-0x18bf]
[    0.074144] pci 0000:00:1d.1: reg 20 io port: [0x18c0-0x18df]
[    0.074230] pci 0000:00:1d.2: reg 20 io port: [0x18e0-0x18ff]
[    0.074320] pci 0000:00:1d.7: reg 10 32bit mmio: [0xfe227000-0xfe2273ff]
[    0.074416] pci 0000:00:1d.7: PME# supported from D0 D3hot D3cold
[    0.074505] pci 0000:00:1d.7: PME# disabled
[    0.074779] pci 0000:00:1f.0: quirk: region 1000-107f claimed by ICH6 ACPI/GPIO/TCO
[    0.074895] pci 0000:00:1f.0: quirk: region 1180-11bf claimed by ICH6 GPIO
[    0.074998] pci 0000:00:1f.0: ICH7 LPC Generic IO decode 1 PIO at 1600 (mask 007f)
[    0.075122] pci 0000:00:1f.0: ICH7 LPC Generic IO decode 2 PIO at 15e0 (mask 000f)
[    0.075239] pci 0000:00:1f.0: ICH7 LPC Generic IO decode 3 PIO at 1680 (mask 001f)
[    0.075433] pci 0000:00:1f.1: reg 10 io port: [0x00-0x07]
[    0.075442] pci 0000:00:1f.1: reg 14 io port: [0x00-0x03]
[    0.075450] pci 0000:00:1f.1: reg 18 io port: [0x00-0x07]
[    0.075459] pci 0000:00:1f.1: reg 1c io port: [0x00-0x03]
[    0.075468] pci 0000:00:1f.1: reg 20 io port: [0x1c00-0x1c0f]
[    0.075548] pci 0000:00:1f.2: reg 10 io port: [0x1c50-0x1c57]
[    0.075557] pci 0000:00:1f.2: reg 14 io port: [0x1c44-0x1c47]
[    0.075565] pci 0000:00:1f.2: reg 18 io port: [0x1c48-0x1c4f]
[    0.075574] pci 0000:00:1f.2: reg 1c io port: [0x1c40-0x1c43]
[    0.075581] pci 0000:00:1f.2: reg 20 io port: [0x1c20-0x1c3f]
[    0.075590] pci 0000:00:1f.2: reg 24 32bit mmio: [0xfe226000-0xfe2267ff]
[    0.075650] pci 0000:00:1f.2: PME# supported from D3hot
[    0.075731] pci 0000:00:1f.2: PME# disabled
[    0.075851] pci 0000:00:1f.3: reg 10 32bit mmio: [0xfe227400-0xfe2274ff]
[    0.075879] pci 0000:00:1f.3: reg 20 io port: [0x1c60-0x1c7f]
[    0.075973] pci 0000:00:1c.0: bridge io port: [0x2000-0x2fff]
[    0.075979] pci 0000:00:1c.0: bridge 32bit mmio: [0xfc000000-0xfdffffff]
[    0.075994] pci 0000:00:1c.0: bridge 64bit mmio pref: [0xf8000000-0xf80fffff]
[    0.076066] pci 0000:03:00.0: reg 10 64bit mmio: [0xdf3f0000-0xdf3fffff]
[    0.076262] pci 0000:00:1c.1: bridge io port: [0x3000-0x3fff]
[    0.076267] pci 0000:00:1c.1: bridge 32bit mmio: [0xdc000000-0xdf3fffff]
[    0.076274] pci 0000:00:1c.1: bridge 64bit mmio pref: [0xdfe00000-0xdfefffff]
[    0.076330] pci 0000:00:1c.2: bridge io port: [0x4000-0x4fff]
[    0.076335] pci 0000:00:1c.2: bridge 32bit mmio: [0xd8000000-0xd9ffffff]
[    0.076343] pci 0000:00:1c.2: bridge 64bit mmio pref: [0xdfb00000-0xdfbfffff]
[    0.076402] pci 0000:00:1c.3: bridge io port: [0x5000-0x5fff]
[    0.076408] pci 0000:00:1c.3: bridge 32bit mmio: [0xd4000000-0xd5ffffff]
[    0.076417] pci 0000:00:1c.3: bridge 64bit mmio pref: [0xdf800000-0xdf8fffff]
[    0.076471] pci 0000:00:1c.4: bridge io port: [0x6000-0x6fff]
[    0.076478] pci 0000:00:1c.4: bridge 32bit mmio: [0xd0000000-0xd1ffffff]
[    0.076487] pci 0000:00:1c.4: bridge 64bit mmio pref: [0xdf500000-0xdf5fffff]
[    0.076544] pci 0000:15:00.0: reg 10 32bit mmio: [0xf8300000-0xf8300fff]
[    0.076596] pci 0000:15:00.0: supports D1 D2
[    0.076597] pci 0000:15:00.0: PME# supported from D0 D1 D2 D3hot D3cold
[    0.076694] pci 0000:15:00.0: PME# disabled
[    0.076829] pci 0000:15:00.1: reg 10 32bit mmio: [0xf8301000-0xf83017ff]
[    0.076926] pci 0000:15:00.1: supports D1 D2
[    0.076927] pci 0000:15:00.1: PME# supported from D0 D1 D2 D3hot D3cold
[    0.077000] pci 0000:15:00.1: PME# disabled
[    0.077168] pci 0000:00:1e.0: transparent bridge
[    0.077257] pci 0000:00:1e.0: bridge io port: [0x7000-0xafff]
[    0.077263] pci 0000:00:1e.0: bridge 32bit mmio: [0xf8300000-0xfbffffff]
[    0.077270] pci 0000:00:1e.0: bridge 64bit mmio pref: [0xf4000000-0xf7ffffff]
[    0.077337] pci_bus 0000:00: on NUMA node 0
[    0.077341] ACPI: PCI Interrupt Routing Table [\_SB_.PCI0._PRT]
[    0.077474] ACPI: PCI Interrupt Routing Table [\_SB_.PCI0.EXP0._PRT]
[    0.077533] ACPI: PCI Interrupt Routing Table [\_SB_.PCI0.EXP1._PRT]
[    0.077591] ACPI: PCI Interrupt Routing Table [\_SB_.PCI0.EXP2._PRT]
[    0.077649] ACPI: PCI Interrupt Routing Table [\_SB_.PCI0.EXP3._PRT]
[    0.077712] ACPI: PCI Interrupt Routing Table [\_SB_.PCI0.EXP4._PRT]
[    0.077775] ACPI: PCI Interrupt Routing Table [\_SB_.PCI0.PCI1._PRT]
[    0.083265] ACPI: PCI Interrupt Link [LNKA] (IRQs 3 4 5 6 7 9 *10 11)
[    0.084020] ACPI: PCI Interrupt Link [LNKB] (IRQs 3 4 5 6 7 9 10 *11)
[    0.084738] ACPI: PCI Interrupt Link [LNKC] (IRQs 3 4 5 6 7 9 10 *11)
[    0.085469] ACPI: PCI Interrupt Link [LNKD] (IRQs 3 4 5 6 7 9 10 *11)
[    0.086158] ACPI: PCI Interrupt Link [LNKE] (IRQs 3 4 5 6 7 9 10 *11)
[    0.086881] ACPI: PCI Interrupt Link [LNKF] (IRQs 3 4 5 6 7 9 10 *11)
[    0.087602] ACPI: PCI Interrupt Link [LNKG] (IRQs 3 4 5 6 7 9 10 *11)
[    0.088334] ACPI: PCI Interrupt Link [LNKH] (IRQs 3 4 5 6 7 9 10 *11)
[    0.089103] vgaarb: device added: PCI:0000:00:02.0,decodes=io+mem,owns=io+mem,locks=none
[    0.089221] vgaarb: loaded
[    0.089398] SCSI subsystem initialized
[    0.089488] libata version 3.00 loaded.
[    0.089535] usbcore: registered new interface driver usbfs
[    0.089657] usbcore: registered new interface driver hub
[    0.089764] usbcore: registered new device driver usb
[    0.106037] raid6: int32x1    941 MB/s
[    0.123057] raid6: int32x2    890 MB/s
[    0.140071] raid6: int32x4    750 MB/s
[    0.156993] raid6: int32x8    656 MB/s
[    0.173984] raid6: mmxx1     2878 MB/s
[    0.190987] raid6: mmxx2     3253 MB/s
[    0.208001] raid6: sse1x1    1937 MB/s
[    0.224977] raid6: sse1x2    2531 MB/s
[    0.241981] raid6: sse2x1    3503 MB/s
[    0.258972] raid6: sse2x2    3832 MB/s
[    0.259057] raid6: using algorithm sse2x2 (3832 MB/s)
[    0.259138] PCI: Using ACPI for IRQ routing
[    0.259443] HPET: 3 timers in total, 0 timers will be used for per-cpu timer
[    0.259997] Switching to clocksource tsc
[    0.260089] pnp: PnP ACPI init
[    0.260170] ACPI: bus type pnp registered
[    0.263821] pnp: PnP ACPI: found 11 devices
[    0.263922] ACPI: ACPI bus type pnp unregistered
[    0.264014] system 00:00: iomem range 0x0-0x9ffff could not be reserved
[    0.264104] system 00:00: iomem range 0xc0000-0xc3fff could not be reserved
[    0.264193] system 00:00: iomem range 0xc4000-0xc7fff could not be reserved
[    0.264276] system 00:00: iomem range 0xc8000-0xcbfff has been reserved
[    0.264360] system 00:00: iomem range 0xcc000-0xcffff has been reserved
[    0.264442] system 00:00: iomem range 0xd0000-0xd3fff could not be reserved
[    0.264534] system 00:00: iomem range 0xe0000-0xe3fff could not be reserved
[    0.264625] system 00:00: iomem range 0xe4000-0xe7fff could not be reserved
[    0.264714] system 00:00: iomem range 0xe8000-0xebfff could not be reserved
[    0.264796] system 00:00: iomem range 0xec000-0xeffff could not be reserved
[    0.264886] system 00:00: iomem range 0xf0000-0xfffff could not be reserved
[    0.264976] system 00:00: iomem range 0x100000-0x3dffffff could not be reserved
[    0.265088] system 00:00: iomem range 0xfec00000-0xfed3ffff could not be reserved
[    0.265208] system 00:00: iomem range 0xfed4c000-0xffffffff could not be reserved
[    0.265323] system 00:02: ioport range 0x164e-0x164f has been reserved
[    0.265406] system 00:02: ioport range 0x1000-0x107f has been reserved
[    0.265488] system 00:02: ioport range 0x1180-0x11bf has been reserved
[    0.265574] system 00:02: ioport range 0x800-0x80f has been reserved
[    0.265663] system 00:02: ioport range 0x15e0-0x15ef has been reserved
[    0.265744] system 00:02: ioport range 0x1600-0x165f could not be reserved
[    0.265828] system 00:02: iomem range 0xf0000000-0xf3ffffff has been reserved
[    0.265913] system 00:02: iomem range 0xfed1c000-0xfed1ffff has been reserved
[    0.265996] system 00:02: iomem range 0xfed14000-0xfed17fff has been reserved
[    0.266079] system 00:02: iomem range 0xfed18000-0xfed18fff has been reserved
[    0.266162] system 00:02: iomem range 0xfed19000-0xfed19fff has been reserved
[    0.266245] system 00:02: iomem range 0xfed45000-0xfed4bfff has been reserved
[    0.301289] pci 0000:00:1c.0: PCI bridge, secondary bus 0000:02
[    0.301376] pci 0000:00:1c.0:   IO window: 0x2000-0x2fff
[    0.301464] pci 0000:00:1c.0:   MEM window: 0xfc000000-0xfdffffff
[    0.301549] pci 0000:00:1c.0:   PREFETCH window: 0x000000f8000000-0x000000f80fffff
[    0.301665] pci 0000:00:1c.1: PCI bridge, secondary bus 0000:03
[    0.301753] pci 0000:00:1c.1:   IO window: 0x3000-0x3fff
[    0.301839] pci 0000:00:1c.1:   MEM window: 0xdc000000-0xdf3fffff
[    0.301935] pci 0000:00:1c.1:   PREFETCH window: 0x000000dfe00000-0x000000dfefffff
[    0.302059] pci 0000:00:1c.2: PCI bridge, secondary bus 0000:04
[    0.302143] pci 0000:00:1c.2:   IO window: 0x4000-0x4fff
[    0.302233] pci 0000:00:1c.2:   MEM window: 0xd8000000-0xd9ffffff
[    0.302314] pci 0000:00:1c.2:   PREFETCH window: 0x000000dfb00000-0x000000dfbfffff
[    0.302432] pci 0000:00:1c.3: PCI bridge, secondary bus 0000:05
[    0.302519] pci 0000:00:1c.3:   IO window: 0x5000-0x5fff
[    0.302605] pci 0000:00:1c.3:   MEM window: 0xd4000000-0xd5ffffff
[    0.302695] pci 0000:00:1c.3:   PREFETCH window: 0x000000df800000-0x000000df8fffff
[    0.302820] pci 0000:00:1c.4: PCI bridge, secondary bus 0000:0d
[    0.302909] pci 0000:00:1c.4:   IO window: 0x6000-0x6fff
[    0.303000] pci 0000:00:1c.4:   MEM window: 0xd0000000-0xd1ffffff
[    0.303093] pci 0000:00:1c.4:   PREFETCH window: 0x000000df500000-0x000000df5fffff
[    0.303218] pci 0000:15:00.0: CardBus bridge, secondary bus 0000:16
[    0.303301] pci 0000:15:00.0:   IO window: 0x007000-0x0070ff
[    0.303394] pci 0000:15:00.0:   IO window: 0x007400-0x0074ff
[    0.303477] pci 0000:15:00.0:   PREFETCH window: 0xf4000000-0xf7ffffff
[    0.303561] pci 0000:15:00.0:   MEM window: 0x40000000-0x43ffffff
[    0.303646] pci 0000:00:1e.0: PCI bridge, secondary bus 0000:15
[    0.303731] pci 0000:00:1e.0:   IO window: 0x7000-0xafff
[    0.303824] pci 0000:00:1e.0:   MEM window: 0xf8300000-0xfbffffff
[    0.303923] pci 0000:00:1e.0:   PREFETCH window: 0x000000f4000000-0x000000f7ffffff
[    0.304052] pci 0000:00:1c.0: PCI INT A -> GSI 20 (level, low) -> IRQ 20
[    0.304143] pci 0000:00:1c.0: setting latency timer to 64
[    0.304157] pci 0000:00:1c.1: PCI INT B -> GSI 21 (level, low) -> IRQ 21
[    0.304250] pci 0000:00:1c.1: setting latency timer to 64
[    0.304263] pci 0000:00:1c.2: PCI INT C -> GSI 22 (level, low) -> IRQ 22
[    0.304352] pci 0000:00:1c.2: setting latency timer to 64
[    0.304365] pci 0000:00:1c.3: PCI INT D -> GSI 23 (level, low) -> IRQ 23
[    0.304450] pci 0000:00:1c.3: setting latency timer to 64
[    0.304463] pci 0000:00:1c.4: PCI INT A -> GSI 20 (level, low) -> IRQ 20
[    0.304558] pci 0000:00:1c.4: setting latency timer to 64
[    0.304564] pci 0000:00:1e.0: enabling device (0005 -> 0007)
[    0.304651] pci 0000:00:1e.0: setting latency timer to 64
[    0.304666] pci 0000:15:00.0: PCI INT A -> GSI 16 (level, low) -> IRQ 16
[    0.304751] pci 0000:15:00.0: setting latency timer to 64
[    0.304757] pci_bus 0000:00: resource 0 io:  [0x00-0xffff]
[    0.304759] pci_bus 0000:00: resource 1 mem: [0x000000-0xffffffff]
[    0.304761] pci_bus 0000:02: resource 0 io:  [0x2000-0x2fff]
[    0.304763] pci_bus 0000:02: resource 1 mem: [0xfc000000-0xfdffffff]
[    0.304765] pci_bus 0000:02: resource 2 pref mem [0xf8000000-0xf80fffff]
[    0.304767] pci_bus 0000:03: resource 0 io:  [0x3000-0x3fff]
[    0.304769] pci_bus 0000:03: resource 1 mem: [0xdc000000-0xdf3fffff]
[    0.304771] pci_bus 0000:03: resource 2 pref mem [0xdfe00000-0xdfefffff]
[    0.304773] pci_bus 0000:04: resource 0 io:  [0x4000-0x4fff]
[    0.304775] pci_bus 0000:04: resource 1 mem: [0xd8000000-0xd9ffffff]
[    0.304776] pci_bus 0000:04: resource 2 pref mem [0xdfb00000-0xdfbfffff]
[    0.304778] pci_bus 0000:05: resource 0 io:  [0x5000-0x5fff]
[    0.304780] pci_bus 0000:05: resource 1 mem: [0xd4000000-0xd5ffffff]
[    0.304782] pci_bus 0000:05: resource 2 pref mem [0xdf800000-0xdf8fffff]
[    0.304784] pci_bus 0000:0d: resource 0 io:  [0x6000-0x6fff]
[    0.304786] pci_bus 0000:0d: resource 1 mem: [0xd0000000-0xd1ffffff]
[    0.304787] pci_bus 0000:0d: resource 2 pref mem [0xdf500000-0xdf5fffff]
[    0.304789] pci_bus 0000:15: resource 0 io:  [0x7000-0xafff]
[    0.304791] pci_bus 0000:15: resource 1 mem: [0xf8300000-0xfbffffff]
[    0.304793] pci_bus 0000:15: resource 2 pref mem [0xf4000000-0xf7ffffff]
[    0.304795] pci_bus 0000:15: resource 3 io:  [0x00-0xffff]
[    0.304796] pci_bus 0000:15: resource 4 mem: [0x000000-0xffffffff]
[    0.304798] pci_bus 0000:16: resource 0 io:  [0x7000-0x70ff]
[    0.304800] pci_bus 0000:16: resource 1 io:  [0x7400-0x74ff]
[    0.304802] pci_bus 0000:16: resource 2 pref mem [0xf4000000-0xf7ffffff]
[    0.304804] pci_bus 0000:16: resource 3 mem: [0x40000000-0x43ffffff]
[    0.304811] NET: Registered protocol family 2
[    0.304902] RANDOM - __random32 called. Change num 7.  Value: 437d97bf	f373de51	f3b0f986
[    0.304903] RANDOM - random32 called.  Value: 437d97bf	f373de51	f3b0f986
[    0.304908] random 0000 0000 0000 5f8db4e5 4cfdf2a8: rand_read_num 3 get_random_bytes(4): sig fffffb64 5f8db4e5 4cfdf2a8
[    0.304910] random 0000 0000 0000 5f8db4e5 4cfdf2a8: extract_entropy(.. 4 ..)
[    0.304913] random 0000 0000 0000 5f8db4e5 4cfdf2a8: going to reseed nonblocking with 64 bits (32 of 0 requested)
[    0.304915] random 0000 0000 0000 5f8db4e5 4cfdf2a8: extract_entropy(.. 8 ..)
[    0.304917] random 0000 0000 0000 5f8db4e5 4cfdf2a8: trying to extract 64 bits from input
[    0.304919] random 0000 0000 0000 5f8db4e5 4cfdf2a8: debiting 0 entropy credits from input
[    0.304921] random 0000 0000 0000 5f8db4e5 4cfdf2a8: extract_entropy account returned: 0 
[    0.304924] random 0000 0000 0000 5f8db4e5 4cfdf2a8: urand_change_num 5 xfer_secondary_pool(4): pool_sig fffffb64, data_sig 00000000, bytes_mixed 0 5f8db4e5 4cfdf2a8
[    0.304927] random 0000 0000 0000 5f8db4e5 4cfdf2a8: trying to extract 32 bits from nonblocking
[    0.304930] random 0000 0000 0000 5f8db4e5 4cfdf2a8: debiting 32 entropy credits from nonblocking (unlimited)
[    0.304932] random 0000 0000 0000 5f8db4e5 4cfdf2a8: extract_entropy account returned: 4 
[    0.304936] random 0000 0000 0000 5f8db4e5 4cfdf2a8: urand_change_num 6 extract_buf: pool_sig fffffb64, data_sig 00000241, bytes_mixed 20 5f8db4e5 4cfdf2a8
[    0.304946] IP route cache hash table entries: 32768 (order: 5, 131072 bytes)
[    0.305071] RANDOM - __random32 called. Change num 8.  Value: d97bfe31	373de51f	f30dc6e6
[    0.305073] RANDOM - random32 called.  Value: d97bfe31	373de51f	f30dc6e6
[    0.305083] RANDOM - __random32 called. Change num 9.  Value: bfe314d7	73de51f5	8dcd6c7e
[    0.305085] RANDOM - random32 called.  Value: bfe314d7	73de51f5	8dcd6c7e
[    0.305087] RANDOM - __random32 called. Change num 10.  Value: 314d7baf	3de51f5e	d8fc74c1
[    0.305089] RANDOM - random32 called.  Value: 314d7baf	3de51f5e	d8fc74c1
[    0.305099] RANDOM - __random32 called. Change num 11.  Value: d7baf3c7	de51f5e5	e983e3fa
[    0.305101] RANDOM - random32 called.  Value: d7baf3c7	de51f5e5	e983e3fa
[    0.305111] TCP established hash table entries: 131072 (order: 8, 1048576 bytes)
[    0.305597] TCP bind hash table entries: 65536 (order: 6, 262144 bytes)
[    0.305780] TCP: Hash tables configured (established 131072 bind 65536)
[    0.305870] TCP reno registered
[    0.305966] NET: Registered protocol family 1
[    0.306071] RPC: Registered udp transport module.
[    0.306154] RPC: Registered tcp transport module.
[    0.306233] RPC: Registered tcp NFSv4.1 backchannel transport module.
[    0.306322] pci 0000:00:02.0: Boot video device
[    0.306538] Simple Boot Flag at 0x35 set to 0x1
[    0.307103] highmem bounce pool size: 64 pages
[    0.308582] VFS: Disk quotas dquot_6.5.2
[    0.308699] Dquot-cache hash table entries: 1024 (order 0, 4096 bytes)
[    0.309430] NTFS driver 2.1.29 [Flags: R/W].
[    0.309585] ROMFS MTD (C) 2007 Red Hat, Inc.
[    0.309785] JFS: nTxBlock = 7695, nTxLock = 61562
[    0.312219] SGI XFS with ACLs, security attributes, large block/inode numbers, no debug enabled
[    0.312694] SGI XFS Quota Management subsystem
[    0.313036] Slow work thread pool: Starting up
[    0.313130] Slow work thread pool: Ready
[    0.313224] GFS2 (built May 24 2013 02:47:17) installed
[    0.313308] msgmni has been set to 1734
[    0.313476] alg: No test for cipher_null (cipher_null-generic)
[    0.313568] alg: No test for ecb(cipher_null) (ecb-cipher_null)
[    0.313663] alg: No test for digest_null (digest_null-generic)
[    0.313753] alg: No test for compress_null (compress_null-generic)
[    0.314300] alg: No test for fcrypt (fcrypt-generic)
[    0.315707] alg: No test for stdrng (krng)
[    0.315790] async_tx: api initialized (async)
[    0.315951] Block layer SCSI generic (bsg) driver version 0.4 loaded (major 254)
[    0.316074] io scheduler noop registered
[    0.316164] io scheduler anticipatory registered
[    0.316255] io scheduler deadline registered
[    0.316377] io scheduler cfq registered (default)
[    0.316611] pcieport 0000:00:1c.0: irq 24 for MSI/MSI-X
[    0.316631] pcieport 0000:00:1c.0: setting latency timer to 64
[    0.316823] pcieport 0000:00:1c.1: irq 25 for MSI/MSI-X
[    0.316835] pcieport 0000:00:1c.1: setting latency timer to 64
[    0.317033] pcieport 0000:00:1c.2: irq 26 for MSI/MSI-X
[    0.317042] pcieport 0000:00:1c.2: setting latency timer to 64
[    0.317217] pcieport 0000:00:1c.3: irq 27 for MSI/MSI-X
[    0.317229] pcieport 0000:00:1c.3: setting latency timer to 64
[    0.317402] pcieport 0000:00:1c.4: irq 28 for MSI/MSI-X
[    0.317413] pcieport 0000:00:1c.4: setting latency timer to 64
[    0.317560] pci_hotplug: PCI Hot Plug PCI Core version: 0.5
[    0.317745] isapnp: Scanning for PnP cards...
[    0.678295] isapnp: No Plug & Play device found
[    0.678377] random 0000 0000 0000 5f8db4e5 4cfdf2a8: initializing
[    0.678379] RANDOM init_std_data for input now value: 1369931926678379356
[    0.678380] RANDOM init_std_data for blocking now value: 1369931926678381326
[    0.678382] RANDOM init_std_data for nonblocking now value: 1369931926678383065
[    0.697958] Serial: 8250/16550 driver, 4 ports, IRQ sharing enabled
[    3.708627] floppy0: no floppy controllers found
[    3.709571] brd: module loaded
[    3.710087] loop: module loaded
[    3.710165] Compaq SMART2 Driver (v 2.6.0)
[    3.710280] HP CISS Driver (v 3.6.20)
[    3.710522] input: Macintosh mouse button emulation as /devices/virtual/input/input0
[    3.710654] Uniform Multi-Platform E-IDE driver
[    3.710877] piix 0000:00:1f.1: IDE controller (0x8086:0x2850 rev 0x03)
[    3.710975] pci 0000:00:1f.1: PCI INT C -> GSI 16 (level, low) -> IRQ 16
[    3.711069] piix 0000:00:1f.1: IDE port disabled
[    3.711158] piix 0000:00:1f.1: not 100% native mode: will probe irqs later
[    3.711257]     ide0: BM-DMA at 0x1c00-0x1c07
[    3.712015] Probing IDE interface ide0...
[    4.383800] hda: HL-DT-ST DVDRAM GSA-U10N, ATAPI CD/DVD-ROM drive
[    4.689588] hda: host max PIO4 wanted PIO255(auto-tune) selected PIO4
[    4.690361] hda: UDMA/33 mode selected
[    4.690832] ide0 at 0x1f0-0x1f7,0x3f6 on irq 14
[    4.694715] ide-gd driver 1.18
[    4.694810] ide-cd driver 5.00
[    4.696189] random 0000 0000 0000 00000000 00000000: add_disk_randomness(0:0) 00000000 00000000
[    4.696193] random 0000 0000 0000 00000000 00000000: add_timer_randomness(.. 256) with jiffies: 5325246546340183672, cycles: 5325246542045511691
[    4.696196] random 0000 0000 0000 00000000 00000000: added 11 entropy credits to input
[    4.696199] ide-cd: hda: ATAPI 24X DVD-ROM DVD-R/RAM CD-R/RW drive, 2048kB Cache
[    4.696588] Uniform CD-ROM driver Revision: 3.20
[    4.699470] random 0011 0000 0000 00000000 00000000: add_disk_randomness(0:0) 00000000 00000000
[    4.699473] random 0011 0000 0000 00000000 00000000: add_timer_randomness(.. 256) with jiffies: 5354766694084214395, cycles: 5354766689789542411
[    4.699475] random 0011 0000 0000 00000000 00000000: added 1 entropy credits to input
[    4.699478] random 0012 0000 0000 00000000 00000000: add_disk_randomness(0:0) 00000000 00000000
[    4.699481] random 0012 0000 0000 00000000 00000000: add_timer_randomness(.. 256) with jiffies: 5354842684940582523, cycles: 5354842680645910539
[    4.701474] random 0012 0000 0000 00000000 00000000: add_disk_randomness(0:0) 00000000 00000000
[    4.701477] random 0012 0000 0000 00000000 00000000: add_timer_randomness(.. 256) with jiffies: 5372800505845874301, cycles: 5372800501551202315
[    4.701480] random 0012 0000 0000 00000000 00000000: added 1 entropy credits to input
[    4.701483] random 0013 0000 0000 00000000 00000000: add_disk_randomness(0:0) 00000000 00000000
[    4.701485] random 0013 0000 0000 00000000 00000000: add_timer_randomness(.. 256) with jiffies: 5372876178874662525, cycles: 5372876174579990539
[    4.703470] random 0013 0000 0000 00000000 00000000: add_disk_randomness(0:0) 00000000 00000000
[    4.703473] random 0013 0000 0000 00000000 00000000: add_timer_randomness(.. 256) with jiffies: 5390756840692481663, cycles: 5390756836397809675
[    4.703475] random 0013 0000 0000 00000000 00000000: added 1 entropy credits to input
[    4.703478] random 0014 0000 0000 00000000 00000000: add_disk_randomness(0:0) 00000000 00000000
[    4.703481] random 0014 0000 0000 00000000 00000000: add_timer_randomness(.. 256) with jiffies: 5390830757079645823, cycles: 5390830752784973835
[    4.703755] Loading iSCSI transport class v2.0-870.
[    4.704031] rdac: device handler registered
[    4.704109] hp_sw: device handler registered
[    4.704198] emc: device handler registered
[    4.704284] alua: device handler registered
[    4.705267] Adaptec aacraid driver 1.1-5[2461]-ms
[    4.705689] scsi: <fdomain> Detection failed (no card)
[    4.705778] sym53c416.c: Version 1.0.0-ac
[    4.705878] qlogicfas: no cards were found, please specify I/O address and IRQ using iobase= and irq= options
[    4.705994] QLogic Fibre Channel HBA Driver: 8.03.01-k6
[    4.706217] iscsi: registered transport (qla4xxx)
[    4.706331] QLogic iSCSI HBA Driver
[    4.706408] Emulex LightPulse Fibre Channel SCSI driver 8.3.4
[    4.706495] Copyright(c) 2004-2009 Emulex.  All rights reserved.
[    4.728571] Failed initialization of WD-7000 SCSI card!
[    4.818040] DC390: clustering now enabled by default. If you get problems load
[    4.818156]        with "disable_clustering=1" and report to maintainers
[    4.818291] megaraid cmm: 2.20.2.7 (Release Date: Sun Jul 16 00:01:03 EST 2006)
[    4.818434] megaraid: 2.20.5.1 (Release Date: Thu Nov 16 15:32:35 EST 2006)
[    4.818548] megasas: 00.00.04.01 Thu July 24 11:41:51 PST 2008
[    4.818680] GDT-HA: Storage RAID Controller Driver. Version: 3.05
[    4.818822] 3ware Storage Controller device driver for Linux v1.26.02.002.
[    4.818926] 3ware 9000 Storage Controller device driver for Linux v2.26.02.012.
[    4.819069] nsp32: loading...
[    4.819166] ipr: IBM Power RAID SCSI Device Driver version: 2.4.3 (June 10, 2009)
[    4.819310] RocketRAID 3xxx/4xxx Controller driver v1.6 (090910)
[    4.819411] stex: Promise SuperTrak EX Driver version: 4.6.0000.3
[    4.819536] st: Version 20081215, fixed bufsize 32768, s/g segs 256
[    4.819723] ahci 0000:00:1f.2: version 3.0
[    4.819736] ahci 0000:00:1f.2: PCI INT B -> GSI 16 (level, low) -> IRQ 16
[    4.819858] ahci 0000:00:1f.2: irq 29 for MSI/MSI-X
[    4.819921] ahci 0000:00:1f.2: AHCI 0001.0100 32 slots 3 ports 1.5 Gbps 0x5 impl SATA mode
[    4.820042] ahci 0000:00:1f.2: flags: 64bit ncq sntf pm led clo pio slum part ccc 
[    4.820164] ahci 0000:00:1f.2: setting latency timer to 64
[    4.820306] scsi2 : ahci
[    4.820460] scsi3 : ahci
[    4.820605] scsi4 : ahci
[    4.820771] ata1: SATA max UDMA/133 abar m2048@0xfe226000 port 0xfe226100 irq 29
[    4.820886] ata2: DUMMY
[    4.820972] ata3: SATA max UDMA/133 abar m2048@0xfe226000 port 0xfe226200 irq 29
[    4.821586] I2O subsystem v1.325
[    4.821664] i2o: max drivers = 8
[    4.821812] I2O Configuration OSM v1.323
[    4.821916] I2O Bus Adapter OSM v1.317
[    4.822015] I2O Block Device OSM v1.325
[    4.822158] I2O SCSI Peripheral OSM v1.316
[    4.822254] I2O ProcFS OSM v1.316
[    4.822360] Fusion MPT base driver 3.04.12
[    4.822442] Copyright (c) 1999-2008 LSI Corporation
[    4.822525] Fusion MPT SPI Host driver 3.04.12
[    4.822684] Fusion MPT FC Host driver 3.04.12
[    4.822786] Fusion MPT SAS Host driver 3.04.12
[    4.822931] ohci1394 0000:15:00.1: PCI INT B -> GSI 17 (level, low) -> IRQ 17
[    4.823025] ohci1394 0000:15:00.1: setting latency timer to 64
[    4.876586] ohci1394: fw-host0: OHCI-1394 1.1 (PCI): IRQ=[17]  MMIO=[f8301000-f83017ff]  Max Packet=[2048]  IR/IT contexts=[4/4]
[    4.879851] ehci_hcd: USB 2.0 'Enhanced' Host Controller (EHCI) Driver
[    4.880123] ehci_hcd 0000:00:1a.7: power state changed by ACPI to D0
[    4.880359] ehci_hcd 0000:00:1a.7: power state changed by ACPI to D0
[    4.880456] ehci_hcd 0000:00:1a.7: PCI INT C -> GSI 22 (level, low) -> IRQ 22
[    4.880551] ehci_hcd 0000:00:1a.7: setting latency timer to 64
[    4.880556] ehci_hcd 0000:00:1a.7: EHCI Host Controller
[    4.880685] ehci_hcd 0000:00:1a.7: new USB bus registered, assigned bus number 1
[    4.884718] ehci_hcd 0000:00:1a.7: cache line size of 32 is not supported
[    4.884725] ehci_hcd 0000:00:1a.7: irq 22, io mem 0xfe226c00
[    4.894544] ehci_hcd 0000:00:1a.7: USB 2.0 started, EHCI 1.00
[    4.894644] usb usb1: New USB device found, idVendor=1d6b, idProduct=0002
[    4.894741] usb usb1: New USB device strings: Mfr=3, Product=2, SerialNumber=1
[    4.894861] usb usb1: Product: EHCI Host Controller
[    4.894947] usb usb1: Manufacturer: Linux 2.6.32.57 ehci_hcd
[    4.895025] usb usb1: SerialNumber: 0000:00:1a.7
[    4.895165] usb usb1: configuration #1 chosen from 1 choice
[    4.895292] hub 1-0:1.0: USB hub found
[    4.895379] hub 1-0:1.0: 4 ports detected
[    4.895676] ehci_hcd 0000:00:1d.7: power state changed by ACPI to D0
[    4.895919] ehci_hcd 0000:00:1d.7: power state changed by ACPI to D0
[    4.896016] ehci_hcd 0000:00:1d.7: PCI INT D -> GSI 19 (level, low) -> IRQ 19
[    4.896113] ehci_hcd 0000:00:1d.7: setting latency timer to 64
[    4.896117] ehci_hcd 0000:00:1d.7: EHCI Host Controller
[    4.896241] ehci_hcd 0000:00:1d.7: new USB bus registered, assigned bus number 2
[    4.896396] ehci_hcd 0000:00:1d.7: debug port 1
[    4.900375] ehci_hcd 0000:00:1d.7: cache line size of 32 is not supported
[    4.900384] ehci_hcd 0000:00:1d.7: irq 19, io mem 0xfe227000
[    4.910543] ehci_hcd 0000:00:1d.7: USB 2.0 started, EHCI 1.00
[    4.910648] usb usb2: New USB device found, idVendor=1d6b, idProduct=0002
[    4.910732] usb usb2: New USB device strings: Mfr=3, Product=2, SerialNumber=1
[    4.910851] usb usb2: Product: EHCI Host Controller
[    4.910938] usb usb2: Manufacturer: Linux 2.6.32.57 ehci_hcd
[    4.911024] usb usb2: SerialNumber: 0000:00:1d.7
[    4.911158] usb usb2: configuration #1 chosen from 1 choice
[    4.911270] hub 2-0:1.0: USB hub found
[    4.911353] hub 2-0:1.0: 6 ports detected
[    4.911524] 116x: driver isp116x-hcd, 03 Nov 2005
[    4.911624] ohci_hcd: USB 1.1 'Open' Host Controller (OHCI) Driver
[    4.911734] uhci_hcd: USB Universal Host Controller Interface driver
[    4.911834] uhci_hcd 0000:00:1a.0: PCI INT A -> GSI 20 (level, low) -> IRQ 20
[    4.911923] uhci_hcd 0000:00:1a.0: setting latency timer to 64
[    4.911928] uhci_hcd 0000:00:1a.0: UHCI Host Controller
[    4.912046] uhci_hcd 0000:00:1a.0: new USB bus registered, assigned bus number 3
[    4.912194] uhci_hcd 0000:00:1a.0: irq 20, io base 0x00001860
[    4.912297] usb usb3: New USB device found, idVendor=1d6b, idProduct=0001
[    4.912380] usb usb3: New USB device strings: Mfr=3, Product=2, SerialNumber=1
[    4.912498] usb usb3: Product: UHCI Host Controller
[    4.912594] usb usb3: Manufacturer: Linux 2.6.32.57 uhci_hcd
[    4.912687] usb usb3: SerialNumber: 0000:00:1a.0
[    4.912814] usb usb3: configuration #1 chosen from 1 choice
[    4.912922] hub 3-0:1.0: USB hub found
[    4.913005] hub 3-0:1.0: 2 ports detected
[    4.913304] uhci_hcd 0000:00:1a.1: power state changed by ACPI to D0
[    4.913546] uhci_hcd 0000:00:1a.1: power state changed by ACPI to D0
[    4.913631] uhci_hcd 0000:00:1a.1: PCI INT B -> GSI 21 (level, low) -> IRQ 21
[    4.913726] uhci_hcd 0000:00:1a.1: setting latency timer to 64
[    4.913729] uhci_hcd 0000:00:1a.1: UHCI Host Controller
[    4.913863] uhci_hcd 0000:00:1a.1: new USB bus registered, assigned bus number 4
[    4.914009] uhci_hcd 0000:00:1a.1: irq 21, io base 0x00001880
[    4.914118] usb usb4: New USB device found, idVendor=1d6b, idProduct=0001
[    4.914213] usb usb4: New USB device strings: Mfr=3, Product=2, SerialNumber=1
[    4.914329] usb usb4: Product: UHCI Host Controller
[    4.914419] usb usb4: Manufacturer: Linux 2.6.32.57 uhci_hcd
[    4.914505] usb usb4: SerialNumber: 0000:00:1a.1
[    4.914640] usb usb4: configuration #1 chosen from 1 choice
[    4.914753] hub 4-0:1.0: USB hub found
[    4.914834] hub 4-0:1.0: 2 ports detected
[    4.915142] uhci_hcd 0000:00:1d.0: power state changed by ACPI to D0
[    4.915396] uhci_hcd 0000:00:1d.0: power state changed by ACPI to D0
[    4.915492] uhci_hcd 0000:00:1d.0: PCI INT A -> GSI 16 (level, low) -> IRQ 16
[    4.915591] uhci_hcd 0000:00:1d.0: setting latency timer to 64
[    4.915596] uhci_hcd 0000:00:1d.0: UHCI Host Controller
[    4.915731] uhci_hcd 0000:00:1d.0: new USB bus registered, assigned bus number 5
[    4.915877] uhci_hcd 0000:00:1d.0: irq 16, io base 0x000018a0
[    4.915983] usb usb5: New USB device found, idVendor=1d6b, idProduct=0001
[    4.916074] usb usb5: New USB device strings: Mfr=3, Product=2, SerialNumber=1
[    4.916186] usb usb5: Product: UHCI Host Controller
[    4.916266] usb usb5: Manufacturer: Linux 2.6.32.57 uhci_hcd
[    4.916346] usb usb5: SerialNumber: 0000:00:1d.0
[    4.916480] usb usb5: configuration #1 chosen from 1 choice
[    4.916603] hub 5-0:1.0: USB hub found
[    4.916695] hub 5-0:1.0: 2 ports detected
[    4.916831] uhci_hcd 0000:00:1d.1: PCI INT B -> GSI 17 (level, low) -> IRQ 17
[    4.916918] uhci_hcd 0000:00:1d.1: setting latency timer to 64
[    4.916921] uhci_hcd 0000:00:1d.1: UHCI Host Controller
[    4.917037] uhci_hcd 0000:00:1d.1: new USB bus registered, assigned bus number 6
[    4.917181] uhci_hcd 0000:00:1d.1: irq 17, io base 0x000018c0
[    4.917287] usb usb6: New USB device found, idVendor=1d6b, idProduct=0001
[    4.917379] usb usb6: New USB device strings: Mfr=3, Product=2, SerialNumber=1
[    4.917502] usb usb6: Product: UHCI Host Controller
[    4.917591] usb usb6: Manufacturer: Linux 2.6.32.57 uhci_hcd
[    4.917673] usb usb6: SerialNumber: 0000:00:1d.1
[    4.917800] usb usb6: configuration #1 chosen from 1 choice
[    4.917914] hub 6-0:1.0: USB hub found
[    4.918005] hub 6-0:1.0: 2 ports detected
[    4.918296] uhci_hcd 0000:00:1d.2: power state changed by ACPI to D0
[    4.918531] uhci_hcd 0000:00:1d.2: power state changed by ACPI to D0
[    4.918626] uhci_hcd 0000:00:1d.2: PCI INT C -> GSI 18 (level, low) -> IRQ 18
[    4.918721] uhci_hcd 0000:00:1d.2: setting latency timer to 64
[    4.918726] uhci_hcd 0000:00:1d.2: UHCI Host Controller
[    4.918847] uhci_hcd 0000:00:1d.2: new USB bus registered, assigned bus number 7
[    4.918996] uhci_hcd 0000:00:1d.2: irq 18, io base 0x000018e0
[    4.919117] usb usb7: New USB device found, idVendor=1d6b, idProduct=0001
[    4.919205] usb usb7: New USB device strings: Mfr=3, Product=2, SerialNumber=1
[    4.919322] usb usb7: Product: UHCI Host Controller
[    4.919401] usb usb7: Manufacturer: Linux 2.6.32.57 uhci_hcd
[    4.920150] usb usb7: SerialNumber: 0000:00:1d.2
[    4.920283] usb usb7: configuration #1 chosen from 1 choice
[    4.920390] hub 7-0:1.0: USB hub found
[    4.920482] hub 7-0:1.0: 2 ports detected
[    4.920637] sl811: driver sl811-hcd, 19 May 2005
[    4.920733] r8a66597_hcd: driver r8a66597_hcd, 2009-05-26
[    4.920892] Initializing USB Mass Storage driver...
[    4.921013] usbcore: registered new interface driver usb-storage
[    4.921102] USB Mass Storage support registered.
[    4.921202] usbcore: registered new interface driver ums-alauda
[    4.921304] usbcore: registered new interface driver ums-cypress
[    4.921403] usbcore: registered new interface driver ums-datafab
[    4.921502] usbcore: registered new interface driver ums-freecom
[    4.921623] usbcore: registered new interface driver ums-isd200
[    4.921729] usbcore: registered new interface driver ums-jumpshot
[    4.921828] usbcore: registered new interface driver ums-karma
[    4.921933] usbcore: registered new interface driver ums-onetouch
[    4.922042] usbcore: registered new interface driver ums-sddr09
[    4.922143] usbcore: registered new interface driver ums-sddr55
[    4.922245] usbcore: registered new interface driver ums-usbat
[    4.922381] PNP: PS/2 Controller [PNP0303:KBD,PNP0f13:MOU] at 0x60,0x64 irq 1,12
[    4.930606] serio: i8042 KBD port at 0x60,0x64 irq 1
[    4.930704] serio: i8042 AUX port at 0x60,0x64 irq 12
[    4.930944] mice: PS/2 mouse device common for all mice
[    4.931059] i2c /dev entries driver
[    4.931185] md: linear personality registered for level -1
[    4.931276] md: raid0 personality registered for level 0
[    4.931356] md: raid1 personality registered for level 1
[    4.931439] md: raid10 personality registered for level 10
[    4.931523] md: raid6 personality registered for level 6
[    4.931611] md: raid5 personality registered for level 5
[    4.931710] md: raid4 personality registered for level 4
[    4.931797] md: multipath personality registered for level -4
[    4.931987] device-mapper: ioctl: 4.15.0-ioctl (2009-04-01) initialised: dm-devel@redhat.com
[    4.932180] cpuidle: using governor ladder
[    4.932780] usbcore: registered new interface driver usbhid
[    4.932860] usbhid: v2.6:USB HID core driver
[    4.932996] random 0014 0000 0000 00000000 00000000: rand_read_num 4 get_random_bytes(136): sig 00000000 00000000 00000000
[    4.932998] random 0014 0000 0000 00000000 00000000: extract_entropy(.. 136 ..)
[    4.933001] random 0014 0000 0000 00000000 00000000: going to reseed nonblocking with 1024 bits (1088 of 0 requested)
[    4.933003] random 0014 0000 0000 00000000 00000000: extract_entropy(.. 128 ..)
[    4.933006] random 0014 0000 0000 00000000 00000000: trying to extract 1024 bits from input
[    4.933008] random 0014 0000 0000 00000000 00000000: debiting 0 entropy credits from input
[    4.933010] random 0014 0000 0000 00000000 00000000: extract_entropy account returned: 0 
[    4.933013] random 0014 0000 0000 00000000 00000000: urand_change_num 7 xfer_secondary_pool(136): pool_sig 00000000, data_sig 00000000, bytes_mixed 0 00000000 00000000
[    4.933016] random 0014 0000 0000 00000000 00000000: trying to extract 1088 bits from nonblocking
[    4.933019] random 0014 0000 0000 00000000 00000000: debiting 1088 entropy credits from nonblocking (unlimited)
[    4.933021] random 0014 0000 0000 00000000 00000000: extract_entropy account returned: 136 
[    4.933025] random 0014 0000 0000 00000000 00000000: urand_change_num 8 extract_buf: pool_sig 00000000, data_sig fffffff9, bytes_mixed 20 00000000 00000000
[    4.933030] random 0014 0000 0000 b7c35b56 be4dc95d: urand_change_num 9 extract_buf: pool_sig fffffd1e, data_sig 000000c5, bytes_mixed 20 b7c35b56 be4dc95d
[    4.933036] random 0014 0000 0000 ed9f5c47 c48487fb: urand_change_num 10 extract_buf: pool_sig fffff8ec, data_sig ffffff68, bytes_mixed 20 ed9f5c47 c48487fb
[    4.933041] random 0014 0000 0000 ed9f5c47 c48487fb: urand_change_num 11 extract_buf: pool_sig fffffaed, data_sig 000001aa, bytes_mixed 20 ed9f5c47 c48487fb
[    4.933046] random 0014 0000 0000 1b4f7c0a 91bd6a48: urand_change_num 12 extract_buf: pool_sig fffffdd8, data_sig 00000064, bytes_mixed 20 1b4f7c0a 91bd6a48
[    4.933052] random 0014 0000 0000 a254b9bc 20e9a24f: urand_change_num 13 extract_buf: pool_sig fffffbe6, data_sig 000001dd, bytes_mixed 20 a254b9bc 20e9a24f
[    4.933057] random 0014 0000 0000 a254b9bc 20e9a24f: urand_change_num 14 extract_buf: pool_sig fffff940, data_sig fffffe20, bytes_mixed 20 a254b9bc 20e9a24f
[    4.933062] random 0014 0000 0000 2831a66b 5fa2a3ad: urand_change_num 15 extract_buf: pool_sig fffffbce, data_sig 0000007e, bytes_mixed 20 2831a66b 5fa2a3ad
[    4.933067] random 0014 0000 0000 2831a66b 5fa2a3ad: urand_change_num 16 extract_buf: pool_sig 000004df, data_sig fffffe8f, bytes_mixed 20 2831a66b 5fa2a3ad
[    4.933072] random 0014 0000 0000 d4512bfd c9a54e0b: urand_change_num 17 extract_buf: pool_sig 00000485, data_sig fffffe68, bytes_mixed 20 d4512bfd c9a54e0b
[    4.933078] random 0014 0000 0000 c7371be6 f9ffea11: urand_change_num 18 extract_buf: pool_sig 00000095, data_sig ffffffed, bytes_mixed 20 c7371be6 f9ffea11
[    4.933083] random 0014 0000 0000 c7371be6 f9ffea11: urand_change_num 19 extract_buf: pool_sig 000003a7, data_sig fffffefa, bytes_mixed 20 c7371be6 f9ffea11
[    4.933088] random 0014 0000 0000 8fb4b62c d1ddba54: urand_change_num 20 extract_buf: pool_sig 00000179, data_sig ffffff78, bytes_mixed 20 8fb4b62c d1ddba54
[    4.933093] random 0014 0000 0000 9ff19f9c c07a1d2a: urand_change_num 21 extract_buf: pool_sig fffffe88, data_sig 00000126, bytes_mixed 20 9ff19f9c c07a1d2a
[    4.933097] TCP cubic registered
[    4.933180] Initializing XFRM netlink socket
[    4.933264] NET: Registered protocol family 17
[    4.933368] Using IPI Shortcut mode
[    4.933447] random 0014 0000 0000 9ff19f9c c07a1d2a: rand_read_num 5 get_random_bytes(8): sig 0000031b 9ff19f9c c07a1d2a
[    4.933450] random 0014 0000 0000 9ff19f9c c07a1d2a: extract_entropy(.. 8 ..)
[    4.933452] random 0014 0000 0000 9ff19f9c c07a1d2a: going to reseed nonblocking with 64 bits (64 of 0 requested)
[    4.933454] random 0014 0000 0000 9ff19f9c c07a1d2a: extract_entropy(.. 8 ..)
[    4.933456] random 0014 0000 0000 9ff19f9c c07a1d2a: trying to extract 64 bits from input
[    4.933459] random 0014 0000 0000 9ff19f9c c07a1d2a: debiting 0 entropy credits from input
[    4.933461] random 0014 0000 0000 9ff19f9c c07a1d2a: extract_entropy account returned: 0 
[    4.933464] random 0014 0000 0000 9ff19f9c c07a1d2a: urand_change_num 22 xfer_secondary_pool(8): pool_sig 0000031b, data_sig 00000000, bytes_mixed 0 9ff19f9c c07a1d2a
[    4.933467] random 0014 0000 0000 9ff19f9c c07a1d2a: trying to extract 64 bits from nonblocking
[    4.933469] random 0014 0000 0000 9ff19f9c c07a1d2a: debiting 64 entropy credits from nonblocking (unlimited)
[    4.933471] random 0014 0000 0000 9ff19f9c c07a1d2a: extract_entropy account returned: 8 
[    4.933475] random 0014 0000 0000 9ff19f9c c07a1d2a: urand_change_num 23 extract_buf: pool_sig 0000031b, data_sig ffffffb3, bytes_mixed 20 9ff19f9c c07a1d2a
[    4.936195] input: AT Translated Set 2 keyboard as /devices/platform/i8042/serio0/input/input1
[    5.127541] ata3: SATA link down (SStatus 0 SControl 300)
[    5.127647] ata1: SATA link up 1.5 Gbps (SStatus 113 SControl 300)
[    5.130584] ata1.00: ACPI cmd ef/02:00:00:00:00:a0 (SET FEATURES) succeeded
[    5.130587] ata1.00: ACPI cmd f5/00:00:00:00:00:a0 (SECURITY FREEZE LOCK) filtered out
[    5.131978] ata1.00: ACPI cmd ef/5f:00:00:00:00:a0 (SET FEATURES) succeeded
[    5.131980] ata1.00: ACPI cmd ef/10:03:00:00:00:a0 (SET FEATURES) filtered out
[    5.133888] ata1.00: ATA-7: ST910021AS, 4.06, max UDMA/100
[    5.133973] ata1.00: 195371568 sectors, multi 16: LBA48 
[    5.136126] ata1.00: ACPI cmd ef/02:00:00:00:00:a0 (SET FEATURES) succeeded
[    5.136129] ata1.00: ACPI cmd f5/00:00:00:00:00:a0 (SECURITY FREEZE LOCK) filtered out
[    5.137524] ata1.00: ACPI cmd ef/5f:00:00:00:00:a0 (SET FEATURES) succeeded
[    5.137526] ata1.00: ACPI cmd ef/10:03:00:00:00:a0 (SET FEATURES) filtered out
[    5.139447] ata1.00: configured for UDMA/100
[    5.150590] scsi 2:0:0:0: Direct-Access     ATA      ST910021AS       4.06 PQ: 0 ANSI: 5
[    5.150866] sd 2:0:0:0: [sda] 195371568 512-byte logical blocks: (100 GB/93.1 GiB)
[    5.151003] sd 2:0:0:0: [sda] Write Protect is off
[    5.151083] sd 2:0:0:0: [sda] Mode Sense: 00 3a 00 00
[    5.151096] sd 2:0:0:0: [sda] Write cache: enabled, read cache: enabled, doesn't support DPO or FUA
[    5.151283]  sda:
[    5.214524] usb 2-1: new high speed USB device using ehci_hcd and address 2
[    5.364115] usb 2-1: New USB device found, idVendor=0e8d, idProduct=1806
[    5.364200] usb 2-1: New USB device strings: Mfr=1, Product=2, SerialNumber=3
[    5.364287] usb 2-1: Product: MT1806 
[    5.364369] usb 2-1: Manufacturer: MediaTek Inc
[    5.364452] usb 2-1: SerialNumber: R8KN6GAC800AEB 
[    5.364592] usb 2-1: configuration #1 chosen from 1 choice
[    5.370909] scsi5 : SCSI emulation for USB Mass Storage devices
[    5.371079] usb-storage: device found at 2
[    5.371080] usb-storage: waiting for device to settle before scanning
[    5.568487] random 0014 0000 0000 277f73c3 42024bb9: add_disk_randomness(8:0) 277f73c3 42024bb9
[    5.568494] random 0014 0000 0000 277f73c3 42024bb9: add_timer_randomness(.. 8388864) with jiffies: 13173292213028487559, cycles: -5273451864975736821
[    5.568497] random 0014 0000 0000 277f73c3 42024bb9: added 11 entropy credits to input
[    5.568502]  sda1 sda2
[    5.568759] random 0025 0000 0000 277f73c3 42024bb9: add_disk_randomness(8:0) 277f73c3 42024bb9
[    5.568762] random 0025 0000 0000 277f73c3 42024bb9: add_timer_randomness(.. 8388864) with jiffies: 13175729851782103432, cycles: -5271014226222120949
[    5.568917] sd 2:0:0:0: [sda] Attached SCSI disk
[    5.569007] random 0025 0000 0000 277f73c3 42024bb9: rand_read_num 6 get_random_bytes(12): sig 000007e9 277f73c3 42024bb9
[    5.569010] random 0025 0000 0000 277f73c3 42024bb9: extract_entropy(.. 12 ..)
[    5.569012] random 0025 0000 0000 277f73c3 42024bb9: going to reseed nonblocking with 96 bits (96 of 0 requested)
[    5.569015] random 0025 0000 0000 277f73c3 42024bb9: extract_entropy(.. 12 ..)
[    5.569017] random 0025 0000 0000 277f73c3 42024bb9: trying to extract 96 bits from input
[    5.569019] random 0025 0000 0000 277f73c3 42024bb9: debiting 0 entropy credits from input
[    5.569021] random 0025 0000 0000 277f73c3 42024bb9: extract_entropy account returned: 0 
[    5.569024] random 0025 0000 0000 277f73c3 42024bb9: urand_change_num 24 xfer_secondary_pool(12): pool_sig 000007e9, data_sig 00000000, bytes_mixed 0 277f73c3 42024bb9
[    5.569027] random 0025 0000 0000 277f73c3 42024bb9: trying to extract 96 bits from nonblocking
[    5.569029] random 0025 0000 0000 277f73c3 42024bb9: debiting 96 entropy credits from nonblocking (unlimited)
[    5.569032] random 0025 0000 0000 277f73c3 42024bb9: extract_entropy account returned: 12 
[    5.569036] random 0025 0000 0000 277f73c3 42024bb9: urand_change_num 25 extract_buf: pool_sig 000007e9, data_sig 00000088, bytes_mixed 20 277f73c3 42024bb9
[    5.569041] random 0025 0000 0000 277f73c3 42024bb9: urand_change_num 26 extract_buf: pool_sig 00000498, data_sig fffffefb, bytes_mixed 20 277f73c3 42024bb9
[    5.569044] RANDOM - __seed init called.
[    5.569045] RANDOM - __seed init called.
[    5.569046] RANDOM - __seed init called.
[    5.569048] RANDOM - __random32 called. Change num 12.  Value: 87f14767	f0d7351	b1e48bd3
[    5.569050] RANDOM - random32_reseed called.  Value: 87f14767	f0d7351	b1e48bd3
[    5.569052] Pid: 1, comm: swapper Not tainted 2.6.32.57 #6
[    5.569140] Call Trace:
[    5.569222]  [<c1923ca4>] ? random32_reseed+0xa0/0xb1
[    5.569313]  [<c1923c04>] ? random32_reseed+0x0/0xb1
[    5.569399]  [<c100111e>] ? do_one_initcall+0x2e/0x180
[    5.569482]  [<c1907265>] ? kernel_init+0xad/0x103
[    5.569575]  [<c19071b8>] ? kernel_init+0x0/0x103
[    5.569669]  [<c1003787>] ? kernel_thread_helper+0x7/0x10
[    5.570199] random 0025 0000 0000 386b4e60 ee4d4880: rand_read_num 7 get_random_bytes(64): sig fffffea5 386b4e60 ee4d4880
[    5.570202] random 0025 0000 0000 386b4e60 ee4d4880: extract_entropy(.. 64 ..)
[    5.570204] random 0025 0000 0000 386b4e60 ee4d4880: going to reseed nonblocking with 512 bits (512 of 0 requested)
[    5.570206] random 0025 0000 0000 386b4e60 ee4d4880: extract_entropy(.. 64 ..)
[    5.570209] random 0025 0000 0000 386b4e60 ee4d4880: trying to extract 512 bits from input
[    5.570211] random 0025 0000 0000 386b4e60 ee4d4880: debiting 0 entropy credits from input
[    5.570213] random 0025 0000 0000 386b4e60 ee4d4880: extract_entropy account returned: 0 
[    5.570216] random 0025 0000 0000 386b4e60 ee4d4880: urand_change_num 27 xfer_secondary_pool(64): pool_sig fffffea5, data_sig 00000000, bytes_mixed 0 386b4e60 ee4d4880
[    5.570219] random 0025 0000 0000 386b4e60 ee4d4880: trying to extract 512 bits from nonblocking
[    5.570221] random 0025 0000 0000 386b4e60 ee4d4880: debiting 512 entropy credits from nonblocking (unlimited)
[    5.570223] random 0025 0000 0000 386b4e60 ee4d4880: extract_entropy account returned: 64 
[    5.570227] random 0025 0000 0000 386b4e60 ee4d4880: urand_change_num 28 extract_buf: pool_sig fffffea5, data_sig 00000173, bytes_mixed 20 386b4e60 ee4d4880
[    5.570233] random 0025 0000 0000 412698f6 0cc8689a: urand_change_num 29 extract_buf: pool_sig 00000122, data_sig ffffff63, bytes_mixed 20 412698f6 0cc8689a
[    5.570238] random 0025 0000 0000 412698f6 0cc8689a: urand_change_num 30 extract_buf: pool_sig 000001f7, data_sig 00000012, bytes_mixed 20 412698f6 0cc8689a
[    5.570244] random 0025 0000 0000 9669941e 06f768b1: urand_change_num 31 extract_buf: pool_sig fffffb5b, data_sig 0000003f, bytes_mixed 20 9669941e 06f768b1
[    5.570249] random 0025 0000 0000 98486520 995551f0: urand_change_num 32 extract_buf: pool_sig fffffb39, data_sig 0000000e, bytes_mixed 20 98486520 995551f0
[    5.570254] random 0025 0000 0000 98486520 995551f0: urand_change_num 33 extract_buf: pool_sig fffffd8d, data_sig 000001a6, bytes_mixed 20 98486520 995551f0
[    5.570260] random 0025 0000 0000 61fc8914 d5882ed2: urand_change_num 34 extract_buf: pool_sig fffffa58, data_sig 0000023e, bytes_mixed 20 61fc8914 d5882ed2
[    5.570289] random 0025 0000 0000 61fc8914 d5882ed2: rand_read_num 8 get_random_bytes(64): sig fffff9ee 61fc8914 d5882ed2
[    5.570291] random 0025 0000 0000 61fc8914 d5882ed2: extract_entropy(.. 64 ..)
[    5.570293] random 0025 0000 0000 61fc8914 d5882ed2: going to reseed nonblocking with 512 bits (512 of 0 requested)
[    5.570296] random 0025 0000 0000 61fc8914 d5882ed2: extract_entropy(.. 64 ..)
[    5.570298] random 0025 0000 0000 61fc8914 d5882ed2: trying to extract 512 bits from input
[    5.570300] random 0025 0000 0000 61fc8914 d5882ed2: debiting 0 entropy credits from input
[    5.570302] random 0025 0000 0000 61fc8914 d5882ed2: extract_entropy account returned: 0 
[    5.570305] random 0025 0000 0000 61fc8914 d5882ed2: urand_change_num 35 xfer_secondary_pool(64): pool_sig fffff9ee, data_sig 00000000, bytes_mixed 0 61fc8914 d5882ed2
[    5.570308] random 0025 0000 0000 61fc8914 d5882ed2: trying to extract 512 bits from nonblocking
[    5.570310] random 0025 0000 0000 61fc8914 d5882ed2: debiting 512 entropy credits from nonblocking (unlimited)
[    5.570312] random 0025 0000 0000 61fc8914 d5882ed2: extract_entropy account returned: 64 
[    5.570316] random 0025 0000 0000 61fc8914 d5882ed2: urand_change_num 36 extract_buf: pool_sig fffff9ee, data_sig ffffff85, bytes_mixed 20 61fc8914 d5882ed2
[    5.570322] random 0025 0000 0000 70cfd302 e5edec11: urand_change_num 37 extract_buf: pool_sig fffffdc1, data_sig ffffffde, bytes_mixed 20 70cfd302 e5edec11
[    5.570327] random 0025 0000 0000 00dab838 eafd2b30: urand_change_num 38 extract_buf: pool_sig 000003da, data_sig ffffff61, bytes_mixed 20 00dab838 eafd2b30
[    5.570332] random 0025 0000 0000 00dab838 eafd2b30: urand_change_num 39 extract_buf: pool_sig 00000314, data_sig 00000121, bytes_mixed 20 00dab838 eafd2b30
[    5.570338] random 0025 0000 0000 5fcdf66a 6442b608: urand_change_num 40 extract_buf: pool_sig 0000028b, data_sig fffffefd, bytes_mixed 20 5fcdf66a 6442b608
[    5.570343] random 0025 0000 0000 61333f6b 8fae0f9b: urand_change_num 41 extract_buf: pool_sig 000000cb, data_sig 000000b3, bytes_mixed 20 61333f6b 8fae0f9b
[    5.570348] random 0025 0000 0000 61333f6b 8fae0f9b: urand_change_num 42 extract_buf: pool_sig fffffef8, data_sig 00000051, bytes_mixed 20 61333f6b 8fae0f9b
[    5.570351] BEGIN NET_SECRET:
[    5.570352] \xffffffe0
[    5.570353] \xffffffb6
[    5.570354] \x36
[    5.570355] \xffffffb5
[    5.570355] \xffffff94
[    5.570356] \xffffffb2
[    5.570357] \xffffffa8
[    5.570358] \xffffffda
[    5.570359] \x5b
[    5.570360] \x19
[    5.570360] \x18
[    5.570361] \x5c
[    5.570362] \x2b
[    5.570362] \x1
[    5.570363] \xffffff90
[    5.570364] \x19
[    5.570365] \x3c
[    5.570366] \xfffffff2
[    5.570366] \xffffff82
[    5.570367] \x2a
[    5.570368] \xffffffb3
[    5.570369] \xffffffa2
[    5.570370] \x3f
[    5.570370] \x5
[    5.570371] \x52
[    5.570372] \x77
[    5.570372] \x57
[    5.570373] \x79
[    5.570374] \x16
[    5.570375] \x43
[    5.570375] \xffffff84
[    5.570376] \xffffffc3
[    5.570377] \xffffffe9
[    5.570378] \x79
[    5.570378] \x50
[    5.570379] \xffffff8e
[    5.570380] \x3f
[    5.570381] \xfffffff3
[    5.570382] \x19
[    5.570382] \x2a
[    5.570383] \xfffffffd
[    5.570384] \xfffffffb
[    5.570385] \x62
[    5.570385] \x3c
[    5.570386] \xffffffac
[    5.570387] \x1c
[    5.570388] \x3b
[    5.570388] \x3b
[    5.570389] \x15
[    5.570390] \x27
[    5.570391] \xffffffa8
[    5.570391] \x22
[    5.570392] \xffffffc5
[    5.570393] \xffffff9a
[    5.570394] \x5
[    5.570395] \x6c
[    5.570395] \xffffffa8
[    5.570396] \x3a
[    5.570397] \x44
[    5.570398] \xffffffaf
[    5.570398] \x13
[    5.570399] \xffffffe0
[    5.570400] \xffffff9d
[    5.570401] \x22
[    5.570402] 
[    5.570402] END NET_SECRET
[    5.570405] random 0025 0000 0000 e7f555d9 e8ce5c3c: rand_read_num 9 get_random_bytes(4): sig 0000068c e7f555d9 e8ce5c3c
[    5.570407] random 0025 0000 0000 e7f555d9 e8ce5c3c: extract_entropy(.. 4 ..)
[    5.570410] random 0025 0000 0000 e7f555d9 e8ce5c3c: going to reseed nonblocking with 64 bits (32 of 0 requested)
[    5.570412] random 0025 0000 0000 e7f555d9 e8ce5c3c: extract_entropy(.. 8 ..)
[    5.570414] random 0025 0000 0000 e7f555d9 e8ce5c3c: trying to extract 64 bits from input
[    5.570416] random 0025 0000 0000 e7f555d9 e8ce5c3c: debiting 0 entropy credits from input
[    5.570418] random 0025 0000 0000 e7f555d9 e8ce5c3c: extract_entropy account returned: 0 
[    5.570421] random 0025 0000 0000 e7f555d9 e8ce5c3c: urand_change_num 43 xfer_secondary_pool(4): pool_sig 0000068c, data_sig 00000000, bytes_mixed 0 e7f555d9 e8ce5c3c
[    5.570424] random 0025 0000 0000 e7f555d9 e8ce5c3c: trying to extract 32 bits from nonblocking
[    5.570427] random 0025 0000 0000 e7f555d9 e8ce5c3c: debiting 32 entropy credits from nonblocking (unlimited)
[    5.570429] random 0025 0000 0000 e7f555d9 e8ce5c3c: extract_entropy account returned: 4 
[    5.570433] random 0025 0000 0000 e7f555d9 e8ce5c3c: urand_change_num 44 extract_buf: pool_sig 0000068c, data_sig fffffdcb, bytes_mixed 20 e7f555d9 e8ce5c3c
[    5.570443] md: Waiting for all devices to be available before autodetect
[    5.570538] md: If you don't use raid, use raid=noautodetect
[    5.570694] md: Autodetecting RAID arrays.
[    5.570785] md: Scanned 0 and added 0 devices.
[    5.570872] md: autorun ...
[    5.570957] md: ... autorun DONE.
[    5.589136] random 0025 0000 0000 e7f555d9 e8ce5c3c: add_disk_randomness(8:0) e7f555d9 e8ce5c3c
[    5.589140] random 0025 0000 0000 e7f555d9 e8ce5c3c: add_timer_randomness(.. 8388864) with jiffies: 13359068644005085596, cycles: -5087675433999138805
[    5.589142] random 0025 0000 0000 e7f555d9 e8ce5c3c: added 4 entropy credits to input
[    5.590261] random 0029 0000 0000 e7f555d9 e8ce5c3c: add_disk_randomness(8:0) e7f555d9 e8ce5c3c
[    5.590264] random 0029 0000 0000 e7f555d9 e8ce5c3c: add_timer_randomness(.. 8388864) with jiffies: 13369186551867343261, cycles: -5077557526136881141
[    5.590375] random 0029 0000 0000 e7f555d9 e8ce5c3c: add_disk_randomness(8:0) e7f555d9 e8ce5c3c
[    5.590378] random 0029 0000 0000 e7f555d9 e8ce5c3c: add_timer_randomness(.. 8388864) with jiffies: 13370217472867402141, cycles: -5076526605136822261
[    5.590384] EXT3-fs: sda2: couldn't mount because of unsupported optional features (240).
[    5.590604] random 0029 0000 0000 e7f555d9 e8ce5c3c: add_disk_randomness(8:0) e7f555d9 e8ce5c3c
[    5.590607] random 0029 0000 0000 e7f555d9 e8ce5c3c: add_timer_randomness(.. 8388864) with jiffies: 13372267228829548958, cycles: -5074476849174675445
[    5.590612] EXT2-fs: sda2: couldn't mount because of unsupported optional features (240).
[    5.590831] random 0029 0000 0000 e7f555d9 e8ce5c3c: add_disk_randomness(8:0) e7f555d9 e8ce5c3c
[    5.590834] random 0029 0000 0000 e7f555d9 e8ce5c3c: add_timer_randomness(.. 8388864) with jiffies: 13374308188698673566, cycles: -5072435889305550837
[    5.590963] random 0029 0000 0000 e7f555d9 e8ce5c3c: add_disk_randomness(8:0) e7f555d9 e8ce5c3c
[    5.590966] random 0029 0000 0000 e7f555d9 e8ce5c3c: add_timer_randomness(.. 8388864) with jiffies: 13375502138067354014, cycles: -5071241939936870389
[    5.591090] random 0029 0000 0000 e7f555d9 e8ce5c3c: add_disk_randomness(8:0) e7f555d9 e8ce5c3c
[    5.591093] random 0029 0000 0000 e7f555d9 e8ce5c3c: add_timer_randomness(.. 8388864) with jiffies: 13376642645157970334, cycles: -5070101432846254069
[    5.591242] random 0029 0000 0000 e7f555d9 e8ce5c3c: add_disk_randomness(8:0) e7f555d9 e8ce5c3c
[    5.591245] random 0029 0000 0000 e7f555d9 e8ce5c3c: add_timer_randomness(.. 8388864) with jiffies: 13378016257303609758, cycles: -5068727820700614645
[    5.591363] random 0029 0000 0000 e7f555d9 e8ce5c3c: add_disk_randomness(8:0) e7f555d9 e8ce5c3c
[    5.591366] random 0029 0000 0000 e7f555d9 e8ce5c3c: add_timer_randomness(.. 8388864) with jiffies: 13379103146022502814, cycles: -5067640931981721589
[    5.591481] random 0029 0000 0000 e7f555d9 e8ce5c3c: add_disk_randomness(8:0) e7f555d9 e8ce5c3c
[    5.591484] random 0029 0000 0000 e7f555d9 e8ce5c3c: add_timer_randomness(.. 8388864) with jiffies: 13380168701638836638, cycles: -5066575376365387765
[    5.591638] random 0029 0000 0000 e7f555d9 e8ce5c3c: add_disk_randomness(8:0) e7f555d9 e8ce5c3c
[    5.591641] random 0029 0000 0000 e7f555d9 e8ce5c3c: add_timer_randomness(.. 8388864) with jiffies: 13381570682043466143, cycles: -5065173395960758261
[    5.591757] random 0029 0000 0000 e7f555d9 e8ce5c3c: add_disk_randomness(8:0) e7f555d9 e8ce5c3c
[    5.591759] random 0029 0000 0000 e7f555d9 e8ce5c3c: add_timer_randomness(.. 8388864) with jiffies: 13382634704356475295, cycles: -5064109373647749109
[    5.591998] random 0029 0000 0000 e7f555d9 e8ce5c3c: rand_read_num 10 get_random_bytes(4): sig ffffff72 e7f555d9 e8ce5c3c
[    5.592001] random 0029 0000 0000 e7f555d9 e8ce5c3c: extract_entropy(.. 4 ..)
[    5.592003] random 0029 0000 0000 e7f555d9 e8ce5c3c: going to reseed nonblocking with 64 bits (32 of 0 requested)
[    5.592005] random 0029 0000 0000 e7f555d9 e8ce5c3c: extract_entropy(.. 8 ..)
[    5.592007] random 0029 0000 0000 e7f555d9 e8ce5c3c: trying to extract 64 bits from input
[    5.592010] random 0029 0000 0000 e7f555d9 e8ce5c3c: debiting 0 entropy credits from input
[    5.592012] random 0029 0000 0000 e7f555d9 e8ce5c3c: extract_entropy account returned: 0 
[    5.592015] random 0029 0000 0000 e7f555d9 e8ce5c3c: urand_change_num 45 xfer_secondary_pool(4): pool_sig ffffff72, data_sig 00000000, bytes_mixed 0 e7f555d9 e8ce5c3c
[    5.592018] random 0029 0000 0000 e7f555d9 e8ce5c3c: trying to extract 32 bits from nonblocking
[    5.592020] random 0029 0000 0000 e7f555d9 e8ce5c3c: debiting 32 entropy credits from nonblocking (unlimited)
[    5.592022] random 0029 0000 0000 e7f555d9 e8ce5c3c: extract_entropy account returned: 4 
[    5.592026] random 0029 0000 0000 e7f555d9 e8ce5c3c: urand_change_num 46 extract_buf: pool_sig ffffff72, data_sig ffffff72, bytes_mixed 20 e7f555d9 e8ce5c3c
[    5.603589] random 0029 0000 0000 91716c54 eeb6a1e7: add_disk_randomness(8:0) 91716c54 eeb6a1e7
[    5.603592] random 0029 0000 0000 91716c54 eeb6a1e7: add_timer_randomness(.. 8388864) with jiffies: 13489089609136308651, cycles: -4957654468867915765
[    5.603595] random 0029 0000 0000 91716c54 eeb6a1e7: added 3 entropy credits to input
[    5.621864] random 0032 0000 0000 91716c54 eeb6a1e7: add_disk_randomness(8:0) 91716c54 eeb6a1e7
[    5.621867] random 0032 0000 0000 91716c54 eeb6a1e7: add_timer_randomness(.. 8388864) with jiffies: 13653512171386798525, cycles: -4793231906617425909
[    5.621870] random 0032 0000 0000 91716c54 eeb6a1e7: added 2 entropy credits to input
[    5.626573] EXT4-fs (sda2): mounted filesystem with ordered data mode
[    5.626755] VFS: Mounted root (ext4 filesystem) readonly on device 8:2.
[    5.626854] Freeing unused kernel memory: 448k freed
[    5.647010] random 0034 0000 0000 91716c54 eeb6a1e7: add_disk_randomness(8:0) 91716c54 eeb6a1e7
[    5.647013] random 0034 0000 0000 91716c54 eeb6a1e7: add_timer_randomness(.. 8388864) with jiffies: 13879749543638827478, cycles: -4566994534365396981
[    5.647739] random 0034 0000 0000 91716c54 eeb6a1e7: add_disk_randomness(8:0) 91716c54 eeb6a1e7
[    5.647742] random 0034 0000 0000 91716c54 eeb6a1e7: add_timer_randomness(.. 8388864) with jiffies: 13886306356677018071, cycles: -4560437721327206389
[    5.652470] random 0034 0000 0000 91716c54 eeb6a1e7: add_disk_randomness(8:0) 91716c54 eeb6a1e7
[    5.652473] random 0034 0000 0000 91716c54 eeb6a1e7: add_timer_randomness(.. 8388864) with jiffies: 13928884970232447451, cycles: -4517859107771777013
[    5.652476] random 0034 0000 0000 91716c54 eeb6a1e7: added 1 entropy credits to input
[    5.660670] random 0035 0000 0000 91716c54 eeb6a1e7: add_disk_randomness(8:0) 91716c54 eeb6a1e7
[    5.660673] random 0035 0000 0000 91716c54 eeb6a1e7: add_timer_randomness(.. 8388864) with jiffies: 14002649126575768036, cycles: -4444094951428456437
[    5.660676] random 0035 0000 0000 91716c54 eeb6a1e7: added 1 entropy credits to input
[    5.664089] random 0036 0000 0000 91716c54 eeb6a1e7: add_disk_randomness(8:0) 91716c54 eeb6a1e7
[    5.664092] random 0036 0000 0000 91716c54 eeb6a1e7: add_timer_randomness(.. 8388864) with jiffies: 14033416300894323175, cycles: -4413327777109901301
[    5.664095] random 0036 0000 0000 91716c54 eeb6a1e7: added 1 entropy credits to input
[    5.672985] random 0037 0000 0000 91716c54 eeb6a1e7: add_disk_randomness(8:0) 91716c54 eeb6a1e7
[    5.672988] random 0037 0000 0000 91716c54 eeb6a1e7: add_timer_randomness(.. 8388864) with jiffies: 14113450405115167216, cycles: -4333293672889057269
[    5.672991] random 0037 0000 0000 91716c54 eeb6a1e7: added 2 entropy credits to input
[    5.686264] random 0039 0000 0000 91716c54 eeb6a1e7: add_disk_randomness(8:0) 91716c54 eeb6a1e7
[    5.686267] random 0039 0000 0000 91716c54 eeb6a1e7: add_timer_randomness(.. 8388864) with jiffies: 14232920847508275709, cycles: -4213823230495948789
[    5.686270] random 0039 0000 0000 91716c54 eeb6a1e7: added 1 entropy credits to input
[    5.694337] random 0040 0000 0000 91716c54 eeb6a1e7: add_disk_randomness(8:0) 91716c54 eeb6a1e7
[    5.694340] random 0040 0000 0000 91716c54 eeb6a1e7: add_timer_randomness(.. 8388864) with jiffies: 14305555092445299205, cycles: -4141188985558925301
[    5.694342] random 0040 0000 0000 91716c54 eeb6a1e7: added 2 entropy credits to input
[    5.694366] RANDOM get_random_int call with cycles 50575467232, jiffies 4294672901 and pid 1
[    5.694368] RANDOM get_random_int call with cycles 50575474089, jiffies 4294672901 and pid 1
[    5.694370] ASLR stack rand value: 6860800 after shift for pid: 1
[    5.694372] RANDOM get_random_int call with cycles 50575481943, jiffies 4294672901 and pid 1
[    5.705984] random 0042 0000 0000 91716c54 eeb6a1e7: add_disk_randomness(8:0) 91716c54 eeb6a1e7
[    5.705987] random 0042 0000 0000 91716c54 eeb6a1e7: add_timer_randomness(.. 8388864) with jiffies: 14410340998703710737, cycles: -4036403079300513781
[    5.705990] random 0042 0000 0000 91716c54 eeb6a1e7: added 2 entropy credits to input
[    5.706000] RANDOM get_random_int call with cycles 50599838005, jiffies 4294672913 and pid 1
[    5.706003] random 0044 0000 0000 91716c54 eeb6a1e7: rand_read_num 11 get_random_bytes(16): sig fffffcad 91716c54 eeb6a1e7
[    5.706005] random 0044 0000 0000 91716c54 eeb6a1e7: extract_entropy(.. 16 ..)
[    5.706008] random 0044 0000 0000 91716c54 eeb6a1e7: going to reseed nonblocking with 128 bits (128 of 0 requested)
[    5.706010] random 0044 0000 0000 91716c54 eeb6a1e7: extract_entropy(.. 16 ..)
[    5.706012] random 0044 0000 0000 91716c54 eeb6a1e7: trying to extract 128 bits from input
[    5.706014] random 0044 0000 0000 91716c54 eeb6a1e7: debiting 0 entropy credits from input
[    5.706016] random 0044 0000 0000 91716c54 eeb6a1e7: extract_entropy account returned: 0 
[    5.706020] random 0044 0000 0000 91716c54 eeb6a1e7: urand_change_num 47 xfer_secondary_pool(16): pool_sig fffffcad, data_sig 00000000, bytes_mixed 0 91716c54 eeb6a1e7
[    5.706023] random 0044 0000 0000 91716c54 eeb6a1e7: trying to extract 128 bits from nonblocking
[    5.706025] random 0044 0000 0000 91716c54 eeb6a1e7: debiting 128 entropy credits from nonblocking (unlimited)
[    5.706027] random 0044 0000 0000 91716c54 eeb6a1e7: extract_entropy account returned: 16 
[    5.706032] random 0044 0000 0000 91716c54 eeb6a1e7: urand_change_num 48 extract_buf: pool_sig fffffcad, data_sig ffffff19, bytes_mixed 20 91716c54 eeb6a1e7
[    5.706037] random 0044 0000 0000 fd637b06 6cf47bc1: urand_change_num 49 extract_buf: pool_sig fffffede, data_sig ffffffc1, bytes_mixed 20 fd637b06 6cf47bc1
[    5.706996] random 0044 0000 0000 fd637b06 6cf47bc1: add_disk_randomness(8:0) fd637b06 6cf47bc1
[    5.706999] random 0044 0000 0000 fd637b06 6cf47bc1: add_timer_randomness(.. 8388864) with jiffies: 14419445212679733778, cycles: -4027298865324490741
[    5.708133] random 0044 0000 0000 fd637b06 6cf47bc1: add_disk_randomness(8:0) fd637b06 6cf47bc1
[    5.708136] random 0044 0000 0000 fd637b06 6cf47bc1: add_timer_randomness(.. 8388864) with jiffies: 14429677169103569427, cycles: -4017066908900655093
[    5.709283] random 0044 0000 0000 fd637b06 6cf47bc1: add_disk_randomness(8:0) fd637b06 6cf47bc1
[    5.709286] random 0044 0000 0000 fd637b06 6cf47bc1: add_timer_randomness(.. 8388864) with jiffies: 14440021464691999252, cycles: -4006722613312225269
[    5.710163] random 0044 0000 0000 fd637b06 6cf47bc1: add_disk_randomness(8:0) fd637b06 6cf47bc1
[    5.710166] random 0044 0000 0000 fd637b06 6cf47bc1: add_timer_randomness(.. 8388864) with jiffies: 14447941246946869781, cycles: -3998802831057354741
[    5.718977] random 0044 0000 0000 fd637b06 6cf47bc1: add_disk_randomness(8:0) fd637b06 6cf47bc1
[    5.718980] random 0044 0000 0000 fd637b06 6cf47bc1: add_timer_randomness(.. 8388864) with jiffies: 14527233550186152478, cycles: -3919510527818072053
[    5.718982] random 0044 0000 0000 fd637b06 6cf47bc1: added 3 entropy credits to input
[    5.719183] random 0047 0000 0000 fd637b06 6cf47bc1: add_disk_randomness(8:0) fd637b06 6cf47bc1
[    5.719186] random 0047 0000 0000 fd637b06 6cf47bc1: add_timer_randomness(.. 8388864) with jiffies: 14529096874502881822, cycles: -3917647203501342709
[    5.729367] random 0047 0000 0000 fd637b06 6cf47bc1: add_disk_randomness(8:0) fd637b06 6cf47bc1
[    5.729370] random 0047 0000 0000 fd637b06 6cf47bc1: add_timer_randomness(.. 8388864) with jiffies: 14620722300886680104, cycles: -3826021777117544437
[    5.729373] random 0047 0000 0000 fd637b06 6cf47bc1: added 3 entropy credits to input
[    5.729809] random 0050 0000 0000 fd637b06 6cf47bc1: add_disk_randomness(8:0) fd637b06 6cf47bc1
[    5.729812] random 0050 0000 0000 fd637b06 6cf47bc1: add_timer_randomness(.. 8388864) with jiffies: 14624690713229230633, cycles: -3822053364774993909
[    5.739550] random 0050 0000 0000 fd637b06 6cf47bc1: add_disk_randomness(8:0) fd637b06 6cf47bc1
[    5.739554] random 0050 0000 0000 fd637b06 6cf47bc1: add_timer_randomness(.. 8388864) with jiffies: 14712330092134761011, cycles: -3734413985869463541
[    5.739556] random 0050 0000 0000 fd637b06 6cf47bc1: added 3 entropy credits to input
[    5.739609] RANDOM get_random_int call with cycles 50670239760, jiffies 4294672947 and pid 1
[    5.744438] random 0053 0000 0000 fd637b06 6cf47bc1: add_disk_randomness(8:0) fd637b06 6cf47bc1
[    5.744442] random 0053 0000 0000 fd637b06 6cf47bc1: add_timer_randomness(.. 8388864) with jiffies: 14756320654713913911, cycles: -3690423423290310645
[    5.744445] random 0053 0000 0000 fd637b06 6cf47bc1: added 2 entropy credits to input
[    5.756978] random 0055 0000 0000 fd637b06 6cf47bc1: add_disk_randomness(8:0) fd637b06 6cf47bc1
[    5.756981] random 0055 0000 0000 fd637b06 6cf47bc1: add_timer_randomness(.. 8388864) with jiffies: 14869134348769788484, cycles: -3577609729234436085
[    5.756984] random 0055 0000 0000 fd637b06 6cf47bc1: added 3 entropy credits to input
[    5.757123] random 0058 0000 0000 fd637b06 6cf47bc1: add_disk_randomness(8:0) fd637b06 6cf47bc1
[    5.757126] random 0058 0000 0000 fd637b06 6cf47bc1: add_timer_randomness(.. 8388864) with jiffies: 14870436213486748228, cycles: -3576307864517476341
[    5.759280] random 0058 0000 0000 fd637b06 6cf47bc1: add_disk_randomness(8:0) fd637b06 6cf47bc1
[    5.759283] random 0058 0000 0000 fd637b06 6cf47bc1: add_timer_randomness(.. 8388864) with jiffies: 14889844496387506758, cycles: -3556899581616717813
[    5.759286] random 0058 0000 0000 fd637b06 6cf47bc1: added 1 entropy credits to input
[    5.759529] random 0059 0000 0000 fd637b06 6cf47bc1: add_disk_randomness(8:0) fd637b06 6cf47bc1
[    5.759532] random 0059 0000 0000 fd637b06 6cf47bc1: add_timer_randomness(.. 8388864) with jiffies: 14892072927284134471, cycles: -3554671150720090101
[    5.759673] random 0059 0000 0000 fd637b06 6cf47bc1: add_disk_randomness(8:0) fd637b06 6cf47bc1
[    5.759676] random 0059 0000 0000 fd637b06 6cf47bc1: add_timer_randomness(.. 8388864) with jiffies: 14893372945165156935, cycles: -3553371132839067637
[    5.762839] random 0059 0000 0000 fd637b06 6cf47bc1: add_disk_randomness(8:0) fd637b06 6cf47bc1
[    5.762842] random 0059 0000 0000 fd637b06 6cf47bc1: add_timer_randomness(.. 8388864) with jiffies: 14921856670056022602, cycles: -3524887407948201973
[    5.762844] random 0059 0000 0000 fd637b06 6cf47bc1: added 1 entropy credits to input
[    5.764850] random 0060 0000 0000 fd637b06 6cf47bc1: add_disk_randomness(8:0) fd637b06 6cf47bc1
[    5.764853] random 0060 0000 0000 fd637b06 6cf47bc1: add_timer_randomness(.. 8388864) with jiffies: 14939954923506991692, cycles: -3506789154497232885
[    5.772681] random 0060 0000 0000 fd637b06 6cf47bc1: add_disk_randomness(8:0) fd637b06 6cf47bc1
[    5.772684] random 0060 0000 0000 fd637b06 6cf47bc1: add_timer_randomness(.. 8388864) with jiffies: 15010404486084264532, cycles: -3436339591919960053
[    5.772687] random 0060 0000 0000 fd637b06 6cf47bc1: added 2 entropy credits to input
[    5.772814] random 0062 0000 0000 fd637b06 6cf47bc1: add_disk_randomness(8:0) fd637b06 6cf47bc1
[    5.772817] random 0062 0000 0000 fd637b06 6cf47bc1: add_timer_randomness(.. 8388864) with jiffies: 15011606458451853908, cycles: -3435137619552370677
[    5.776377] random 0062 0000 0000 fd637b06 6cf47bc1: add_disk_randomness(8:0) fd637b06 6cf47bc1
[    5.776380] random 0062 0000 0000 fd637b06 6cf47bc1: add_timer_randomness(.. 8388864) with jiffies: 15043671889714840151, cycles: -3403072188289384437
[    5.776383] random 0062 0000 0000 fd637b06 6cf47bc1: added 1 entropy credits to input
[    5.780873] random 0063 0000 0000 fd637b06 6cf47bc1: add_disk_randomness(8:0) fd637b06 6cf47bc1
[    5.780876] random 0063 0000 0000 fd637b06 6cf47bc1: add_timer_randomness(.. 8388864) with jiffies: 15084109023986549340, cycles: -3362635054017675253
[    5.786453] random 0063 0000 0000 fd637b06 6cf47bc1: add_disk_randomness(8:0) fd637b06 6cf47bc1
[    5.786456] random 0063 0000 0000 fd637b06 6cf47bc1: add_timer_randomness(.. 8388864) with jiffies: 15134322002040160865, cycles: -3312422075964063733
[    5.792734] random 0063 0000 0000 fd637b06 6cf47bc1: add_disk_randomness(8:0) fd637b06 6cf47bc1
[    5.792737] random 0063 0000 0000 fd637b06 6cf47bc1: add_timer_randomness(.. 8388864) with jiffies: 15190819810032976488, cycles: -3255924267971248117
[    5.792739] random 0063 0000 0000 fd637b06 6cf47bc1: added 1 entropy credits to input
[    5.792752] random 0064 0000 0000 fd637b06 6cf47bc1: rand_read_num 12 get_random_bytes(16): sig 0000033b fd637b06 6cf47bc1
[    5.792755] random 0064 0000 0000 fd637b06 6cf47bc1: extract_entropy(.. 16 ..)
[    5.792757] random 0064 0000 0000 fd637b06 6cf47bc1: going to reseed nonblocking with 128 bits (128 of 0 requested)
[    5.792760] random 0064 0000 0000 fd637b06 6cf47bc1: extract_entropy(.. 16 ..)
[    5.792762] random 0064 0000 0000 fd637b06 6cf47bc1: trying to extract 128 bits from input
[    5.792764] random 0064 0000 0000 fd637b06 6cf47bc1: debiting 0 entropy credits from input
[    5.792766] random 0064 0000 0000 fd637b06 6cf47bc1: extract_entropy account returned: 0 
[    5.792769] random 0064 0000 0000 fd637b06 6cf47bc1: urand_change_num 50 xfer_secondary_pool(16): pool_sig 0000033b, data_sig 00000000, bytes_mixed 0 fd637b06 6cf47bc1
[    5.792772] random 0064 0000 0000 fd637b06 6cf47bc1: trying to extract 128 bits from nonblocking
[    5.792775] random 0064 0000 0000 fd637b06 6cf47bc1: debiting 128 entropy credits from nonblocking (unlimited)
[    5.792777] random 0064 0000 0000 fd637b06 6cf47bc1: extract_entropy account returned: 16 
[    5.792781] random 0064 0000 0000 fd637b06 6cf47bc1: urand_change_num 51 extract_buf: pool_sig 0000033b, data_sig 000000d8, bytes_mixed 20 fd637b06 6cf47bc1
[    5.792787] random 0064 0000 0000 0ec1f012 d4727ca8: urand_change_num 52 extract_buf: pool_sig fffffcf5, data_sig 00000016, bytes_mixed 20 0ec1f012 d4727ca8
[    5.799478] random 0064 0000 0000 45b1d0b1 845a73f7: add_disk_randomness(8:0) 45b1d0b1 845a73f7
[    5.799481] random 0064 0000 0000 45b1d0b1 845a73f7: add_timer_randomness(.. 8388864) with jiffies: 15251494787253764719, cycles: -3195249290750459893
[    5.806696] random 0064 0000 0000 45b1d0b1 845a73f7: add_disk_randomness(8:0) 45b1d0b1 845a73f7
[    5.806699] random 0064 0000 0000 45b1d0b1 845a73f7: add_timer_randomness(.. 8388864) with jiffies: 15316440688543629942, cycles: -3130303389460594677
[    5.816342] random 0064 0000 0000 45b1d0b1 845a73f7: add_disk_randomness(8:0) 45b1d0b1 845a73f7
[    5.816345] random 0064 0000 0000 45b1d0b1 845a73f7: add_timer_randomness(.. 8388864) with jiffies: 15403235307511579263, cycles: -3043508770492645365
[    5.816348] random 0064 0000 0000 45b1d0b1 845a73f7: added 1 entropy credits to input
[    5.824120] random 0065 0000 0000 45b1d0b1 845a73f7: add_disk_randomness(8:0) 45b1d0b1 845a73f7
[    5.824123] random 0065 0000 0000 45b1d0b1 845a73f7: add_timer_randomness(.. 8388864) with jiffies: 15473208777259057799, cycles: -2973535300745166837
[    5.827266] random 0065 0000 0000 45b1d0b1 845a73f7: add_disk_randomness(8:0) 45b1d0b1 845a73f7
[    5.827269] random 0065 0000 0000 45b1d0b1 845a73f7: add_timer_randomness(.. 8388864) with jiffies: 15501518066348163722, cycles: -2945226011656060917
[    5.827272] random 0065 0000 0000 45b1d0b1 845a73f7: added 1 entropy credits to input
[    5.841535] random 0066 0000 0000 45b1d0b1 845a73f7: add_disk_randomness(8:0) 45b1d0b1 845a73f7
[    5.841538] random 0066 0000 0000 45b1d0b1 845a73f7: add_timer_randomness(.. 8388864) with jiffies: 15629878421029094041, cycles: -2816865656975130613
[    5.841541] random 0066 0000 0000 45b1d0b1 845a73f7: added 3 entropy credits to input
[    5.846929] random 0069 0000 0000 45b1d0b1 845a73f7: add_disk_randomness(8:0) 45b1d0b1 845a73f7
[    5.846932] random 0069 0000 0000 45b1d0b1 845a73f7: add_timer_randomness(.. 8388864) with jiffies: 15678413243691008670, cycles: -2768330834313215989
[    5.846934] random 0069 0000 0000 45b1d0b1 845a73f7: added 2 entropy credits to input
[    5.852100] random 0071 0000 0000 45b1d0b1 845a73f7: add_disk_randomness(8:0) 45b1d0b1 845a73f7
[    5.852103] random 0071 0000 0000 45b1d0b1 845a73f7: add_timer_randomness(.. 8388864) with jiffies: 15724941242883867299, cycles: -2721802835120357365
[    5.860328] random 0071 0000 0000 45b1d0b1 845a73f7: add_disk_randomness(8:0) 45b1d0b1 845a73f7
[    5.860331] random 0071 0000 0000 45b1d0b1 845a73f7: add_timer_randomness(.. 8388864) with jiffies: 15798975982166835883, cycles: -2647768095837388789
[    5.860334] random 0071 0000 0000 45b1d0b1 845a73f7: added 1 entropy credits to input
[    5.869931] random 0072 0000 0000 45b1d0b1 845a73f7: add_disk_randomness(8:0) 45b1d0b1 845a73f7
[    5.869934] random 0072 0000 0000 45b1d0b1 845a73f7: add_timer_randomness(.. 8388864) with jiffies: 15885367071777456821, cycles: -2561377006226767861
[    5.889430] random 0072 0000 0000 45b1d0b1 845a73f7: add_disk_randomness(8:0) 45b1d0b1 845a73f7
[    5.889434] random 0072 0000 0000 45b1d0b1 845a73f7: add_timer_randomness(.. 8388864) with jiffies: 16060809485022364360, cycles: -2385934592981860341
[    5.889436] random 0072 0000 0000 45b1d0b1 845a73f7: added 2 entropy credits to input
[    5.902717] random 0074 0000 0000 45b1d0b1 845a73f7: add_disk_randomness(8:0) 45b1d0b1 845a73f7
[    5.902720] random 0074 0000 0000 45b1d0b1 845a73f7: add_timer_randomness(.. 8388864) with jiffies: 16180336071227966166, cycles: -2266408006776258549
[    5.902723] random 0074 0000 0000 45b1d0b1 845a73f7: added 2 entropy credits to input
[    5.910739] random 0076 0000 0000 45b1d0b1 845a73f7: add_disk_randomness(8:0) 45b1d0b1 845a73f7
[    5.910742] random 0076 0000 0000 45b1d0b1 845a73f7: add_timer_randomness(.. 8388864) with jiffies: 16252510509851181790, cycles: -2194233568153042933
[    5.920752] random 0076 0000 0000 45b1d0b1 845a73f7: add_disk_randomness(8:0) 45b1d0b1 845a73f7
[    5.920755] random 0076 0000 0000 45b1d0b1 845a73f7: add_timer_randomness(.. 8388864) with jiffies: 16342597174006874856, cycles: -2104146903997349877
[    5.920758] random 0076 0000 0000 45b1d0b1 845a73f7: added 1 entropy credits to input
[    5.933636] random 0077 0000 0000 45b1d0b1 845a73f7: add_disk_randomness(8:0) 45b1d0b1 845a73f7
[    5.933639] random 0077 0000 0000 45b1d0b1 845a73f7: add_timer_randomness(.. 8388864) with jiffies: 16458508681944466165, cycles: -1988235396059758581
[    5.940994] random 0077 0000 0000 45b1d0b1 845a73f7: add_disk_randomness(8:0) 45b1d0b1 845a73f7
[    5.940997] random 0077 0000 0000 45b1d0b1 845a73f7: add_timer_randomness(.. 8388864) with jiffies: 16524716268532237052, cycles: -1922027809471987701
[    5.941000] random 0077 0000 0000 45b1d0b1 845a73f7: added 2 entropy credits to input
[    5.946240] random 0079 0000 0000 45b1d0b1 845a73f7: add_disk_randomness(8:0) 45b1d0b1 845a73f7
[    5.946244] random 0079 0000 0000 45b1d0b1 845a73f7: add_timer_randomness(.. 8388864) with jiffies: 16571924831062950657, cycles: -1874819246941274101
[    5.946246] random 0079 0000 0000 45b1d0b1 845a73f7: added 1 entropy credits to input
[    5.952681] random 0080 0000 0000 45b1d0b1 845a73f7: add_disk_randomness(8:0) 45b1d0b1 845a73f7
[    5.952684] random 0080 0000 0000 45b1d0b1 845a73f7: add_timer_randomness(.. 8388864) with jiffies: 16629857042168513288, cycles: -1816887035835711477
[    5.952686] random 0080 0000 0000 45b1d0b1 845a73f7: added 1 entropy credits to input
[    5.957735] random 0081 0000 0000 45b1d0b1 845a73f7: add_disk_randomness(8:0) 45b1d0b1 845a73f7
[    5.957738] random 0081 0000 0000 45b1d0b1 845a73f7: add_timer_randomness(.. 8388864) with jiffies: 16675329364169818893, cycles: -1771414713834405877
[    5.957740] random 0081 0000 0000 45b1d0b1 845a73f7: added 1 entropy credits to input
[    5.963634] random 0082 0000 0000 45b1d0b1 845a73f7: add_disk_randomness(8:0) 45b1d0b1 845a73f7
[    5.963637] random 0082 0000 0000 45b1d0b1 845a73f7: add_timer_randomness(.. 8388864) with jiffies: 16728400101793039123, cycles: -1718343976211185653
[    5.972984] random 0082 0000 0000 45b1d0b1 845a73f7: add_disk_randomness(8:0) 45b1d0b1 845a73f7
[    5.972987] random 0082 0000 0000 45b1d0b1 845a73f7: add_timer_randomness(.. 8388864) with jiffies: 16812528306279383836, cycles: -1634215771724840949
[    5.972990] random 0082 0000 0000 45b1d0b1 845a73f7: added 1 entropy credits to input
[    5.977865] random 0083 0000 0000 45b1d0b1 845a73f7: add_disk_randomness(8:0) 45b1d0b1 845a73f7
[    5.977868] random 0083 0000 0000 45b1d0b1 845a73f7: add_timer_randomness(.. 8388864) with jiffies: 16856440129223099169, cycles: -1590303948781125621
[    5.977870] random 0083 0000 0000 45b1d0b1 845a73f7: added 2 entropy credits to input
[    5.985296] random 0085 0000 0000 45b1d0b1 845a73f7: add_disk_randomness(8:0) 45b1d0b1 845a73f7
[    5.985299] random 0085 0000 0000 45b1d0b1 845a73f7: add_timer_randomness(.. 8388864) with jiffies: 16923305142159901480, cycles: -1523438935844323317
[    5.985302] random 0085 0000 0000 45b1d0b1 845a73f7: added 1 entropy credits to input
[    5.991515] random 0086 0000 0000 45b1d0b1 845a73f7: add_disk_randomness(8:0) 45b1d0b1 845a73f7
[    5.991518] random 0086 0000 0000 45b1d0b1 845a73f7: add_timer_randomness(.. 8388864) with jiffies: 16979245549297042223, cycles: -1467498528707182581
[    5.991666] random 0086 0000 0000 45b1d0b1 845a73f7: add_disk_randomness(8:0) 45b1d0b1 845a73f7
[    5.991669] random 0086 0000 0000 45b1d0b1 845a73f7: add_timer_randomness(.. 8388864) with jiffies: 16980606087562232623, cycles: -1466137990441992181
[    6.006078] random 0086 0000 0000 45b1d0b1 845a73f7: add_disk_randomness(8:0) 45b1d0b1 845a73f7
[    6.006081] random 0086 0000 0000 45b1d0b1 845a73f7: add_timer_randomness(.. 8388864) with jiffies: 17110279624198947645, cycles: -1336464453805277173
[    6.006084] random 0086 0000 0000 45b1d0b1 845a73f7: added 3 entropy credits to input
[    6.013499] random 0089 0000 0000 45b1d0b1 845a73f7: add_disk_randomness(8:0) 45b1d0b1 845a73f7
[    6.013502] random 0089 0000 0000 45b1d0b1 845a73f7: add_timer_randomness(.. 8388864) with jiffies: 17177031756805276485, cycles: -1269712321198948341
[    6.013504] random 0089 0000 0000 45b1d0b1 845a73f7: added 2 entropy credits to input
[    6.023176] random 0091 0000 0000 45b1d0b1 845a73f7: add_disk_randomness(8:0) 45b1d0b1 845a73f7
[    6.023179] random 0091 0000 0000 45b1d0b1 845a73f7: add_timer_randomness(.. 8388864) with jiffies: 17264110307471229774, cycles: -1182633770532995061
[    6.033808] random 0091 0000 0000 45b1d0b1 845a73f7: add_disk_randomness(8:0) 45b1d0b1 845a73f7
[    6.033811] random 0091 0000 0000 45b1d0b1 845a73f7: add_timer_randomness(.. 8388864) with jiffies: 17359763451106001753, cycles: -1086980626898223093
[    6.046326] random 0091 0000 0000 45b1d0b1 845a73f7: add_disk_randomness(8:0) 45b1d0b1 845a73f7
[    6.046329] random 0091 0000 0000 45b1d0b1 845a73f7: add_timer_randomness(.. 8388864) with jiffies: 17472387874543076197, cycles: -974356203461148661
[    6.047537] random 0091 0000 0000 45b1d0b1 845a73f7: add_disk_randomness(8:0) 45b1d0b1 845a73f7
[    6.047540] random 0091 0000 0000 45b1d0b1 845a73f7: add_timer_randomness(.. 8388864) with jiffies: 17483279061202207591, cycles: -963465016802017269
[    6.047543] random 0091 0000 0000 45b1d0b1 845a73f7: added 1 entropy credits to input
[    6.051550] random 0092 0000 0000 45b1d0b1 845a73f7: add_disk_randomness(8:0) 45b1d0b1 845a73f7
[    6.051553] random 0092 0000 0000 45b1d0b1 845a73f7: add_timer_randomness(.. 8388864) with jiffies: 17519382899889767275, cycles: -927361178114457589
[    6.051556] random 0092 0000 0000 45b1d0b1 845a73f7: added 1 entropy credits to input
[    6.060891] random 0093 0000 0000 45b1d0b1 845a73f7: add_disk_randomness(8:0) 45b1d0b1 845a73f7
[    6.060894] random 0093 0000 0000 45b1d0b1 845a73f7: add_timer_randomness(.. 8388864) with jiffies: 17603422576510206836, cycles: -843321501494018037
[    6.060896] random 0093 0000 0000 45b1d0b1 845a73f7: added 1 entropy credits to input
[    6.061238] random 0094 0000 0000 45b1d0b1 845a73f7: add_disk_randomness(8:0) 45b1d0b1 845a73f7
[    6.061241] random 0094 0000 0000 45b1d0b1 845a73f7: add_timer_randomness(.. 8388864) with jiffies: 17606550244709598068, cycles: -840193833294626805
[    6.076900] random 0094 0000 0000 45b1d0b1 845a73f7: add_disk_randomness(8:0) 45b1d0b1 845a73f7
[    6.076903] random 0094 0000 0000 45b1d0b1 845a73f7: add_timer_randomness(.. 8388864) with jiffies: 17747460369275388804, cycles: -699283708728836085
[    6.076906] random 0094 0000 0000 45b1d0b1 845a73f7: added 4 entropy credits to input
[    6.078530] random 0098 0000 0000 45b1d0b1 845a73f7: add_disk_randomness(8:0) 45b1d0b1 845a73f7
[    6.078533] random 0098 0000 0000 45b1d0b1 845a73f7: add_timer_randomness(.. 8388864) with jiffies: 17762115592258290566, cycles: -684628485745934325
[    6.078536] random 0098 0000 0000 45b1d0b1 845a73f7: added 1 entropy credits to input
[    6.078678] random 0099 0000 0000 45b1d0b1 845a73f7: add_disk_randomness(8:0) 45b1d0b1 845a73f7
[    6.078682] random 0099 0000 0000 45b1d0b1 845a73f7: add_timer_randomness(.. 8388864) with jiffies: 17763456601307186054, cycles: -683287476697038837
[    6.089555] random 0099 0000 0000 45b1d0b1 845a73f7: add_disk_randomness(8:0) 45b1d0b1 845a73f7
[    6.089558] random 0099 0000 0000 45b1d0b1 845a73f7: add_timer_randomness(.. 8388864) with jiffies: 17861306878411899793, cycles: -585437199592325109
[    6.089560] random 0099 0000 0000 45b1d0b1 845a73f7: added 3 entropy credits to input
[    6.090119] random 0102 0000 0000 45b1d0b1 845a73f7: add_disk_randomness(8:0) 45b1d0b1 845a73f7
[    6.090122] random 0102 0000 0000 45b1d0b1 845a73f7: add_timer_randomness(.. 8388864) with jiffies: 17866395370980606865, cycles: -580348707023618037
[    6.095349] random 0102 0000 0000 45b1d0b1 845a73f7: add_disk_randomness(8:0) 45b1d0b1 845a73f7
[    6.095352] random 0102 0000 0000 45b1d0b1 845a73f7: add_timer_randomness(.. 8388864) with jiffies: 17913452991180669846, cycles: -533291086823555061
[    6.095355] random 0102 0000 0000 45b1d0b1 845a73f7: added 2 entropy credits to input
[    6.097105] random 0104 0000 0000 45b1d0b1 845a73f7: add_disk_randomness(8:0) 45b1d0b1 845a73f7
