[    0.000000] random 0000 0000 0000 00000000 00000000: rand_read_num 1 get_random_bytes(8): sig 00000000 00000000 00000000
[    0.000000] random 0000 0000 0000 00000000 00000000: extract_entropy(.. 8 ..)
[    0.000000] random 0000 0000 0000 00000000 00000000: going to reseed nonblocking with 64 bits (64 of 0 requested)
[    0.000000] random 0000 0000 0000 00000000 00000000: extract_entropy(.. 8 ..)
[    0.000000] random 0000 0000 0000 00000000 00000000: trying to extract 64 bits from input
[    0.000000] random 0000 0000 0000 00000000 00000000: debiting 0 entropy credits from input
[    0.000000] random 0000 0000 0000 00000000 00000000: extract_entropy account returned: 0 
[    0.000000] random 0000 0000 0000 00000000 00000000: urand_change_num 1 xfer_secondary_pool(8): pool_sig 00000000, data_sig 00000000, bytes_mixed 0 00000000 00000000
[    0.000000] random 0000 0000 0000 00000000 00000000: trying to extract 64 bits from nonblocking
[    0.000000] random 0000 0000 0000 00000000 00000000: debiting 64 entropy credits from nonblocking (unlimited)
[    0.000000] random 0000 0000 0000 00000000 00000000: extract_entropy account returned: 8 
[    0.000000] random 0000 0000 0000 00000000 00000000: urand_change_num 2 extract_buf: pool_sig 00000000, data_sig fffffff9, bytes_mixed 20 00000000 00000000
[    0.000000] Linux version 2.6.32.57 (dcashman@dcashman-02) (gcc version 4.3.3 (GCC) ) #6 Thu May 30 09:02:12 PDT 2013
[    0.000000] KERNEL supported cpus:
[    0.000000]   Intel GenuineIntel
[    0.000000]   AMD AuthenticAMD
[    0.000000]   NSC Geode by NSC
[    0.000000]   Cyrix CyrixInstead
[    0.000000]   Centaur CentaurHauls
[    0.000000]   Transmeta GenuineTMx86
[    0.000000]   Transmeta TransmetaCPU
[    0.000000]   UMC UMC UMC UMC
[    0.000000] BIOS-provided physical RAM map:
[    0.000000]  BIOS-e820: 0000000000000000 - 000000000009d800 (usable)
[    0.000000]  BIOS-e820: 000000000009d800 - 00000000000a0000 (reserved)
[    0.000000]  BIOS-e820: 00000000000d2000 - 00000000000d4000 (reserved)
[    0.000000]  BIOS-e820: 00000000000e0000 - 0000000000100000 (reserved)
[    0.000000]  BIOS-e820: 0000000000100000 - 000000003d6b0000 (usable)
[    0.000000]  BIOS-e820: 000000003d6b0000 - 000000003d6cc000 (ACPI data)
[    0.000000]  BIOS-e820: 000000003d6cc000 - 000000003d700000 (ACPI NVS)
[    0.000000]  BIOS-e820: 000000003d700000 - 000000003e000000 (reserved)
[    0.000000]  BIOS-e820: 00000000f0000000 - 00000000f4000000 (reserved)
[    0.000000]  BIOS-e820: 00000000fec00000 - 00000000fec10000 (reserved)
[    0.000000]  BIOS-e820: 00000000fed00000 - 00000000fed00400 (reserved)
[    0.000000]  BIOS-e820: 00000000fed14000 - 00000000fed1a000 (reserved)
[    0.000000]  BIOS-e820: 00000000fed1c000 - 00000000fed90000 (reserved)
[    0.000000]  BIOS-e820: 00000000fee00000 - 00000000fee01000 (reserved)
[    0.000000]  BIOS-e820: 00000000ff000000 - 0000000100000000 (reserved)
[    0.000000] DMI present.
[    0.000000] last_pfn = 0x3d6b0 max_arch_pfn = 0x100000
[    0.000000] MTRR default type: uncachable
[    0.000000] MTRR fixed ranges enabled:
[    0.000000]   00000-9FFFF write-back
[    0.000000]   A0000-BFFFF uncachable
[    0.000000]   C0000-CFFFF write-protect
[    0.000000]   D0000-DFFFF uncachable
[    0.000000]   E0000-FFFFF write-protect
[    0.000000] MTRR variable ranges enabled:
[    0.000000]   0 base 03E000000 mask FFE000000 uncachable
[    0.000000]   1 base 000000000 mask FC0000000 write-back
[    0.000000]   2 base 03D700000 mask FFFF00000 uncachable
[    0.000000]   3 base 03D800000 mask FFF800000 uncachable
[    0.000000]   4 disabled
[    0.000000]   5 disabled
[    0.000000]   6 disabled
[    0.000000]   7 disabled
[    0.000000] initial memory mapped : 0 - 02000000
[    0.000000] init_memory_mapping: 0000000000000000-00000000377fe000
[    0.000000]  0000000000 - 0000400000 page 4k
[    0.000000]  0000400000 - 0037400000 page 2M
[    0.000000]  0037400000 - 00377fe000 page 4k
[    0.000000] kernel direct mapping tables up to 377fe000 @ 7000-c000
[    0.000000] ACPI: RSDP 000f68d0 00024 (v02 LENOVO)
[    0.000000] ACPI: XSDT 3d6bb77f 00094 (v01 LENOVO TP-7L    00002170  LTP 00000000)
[    0.000000] ACPI: FACP 3d6bb900 000F4 (v03 LENOVO TP-7L    00002170 LNVO 00000001)
[    0.000000] ACPI Warning: 32/64X length mismatch in Gpe1Block: 0/32 (20090903/tbfadt-526)
[    0.000000] ACPI Warning: Optional field Gpe1Block has zero address or length: 000000000000102C/0 (20090903/tbfadt-557)
[    0.000000] ACPI: DSDT 3d6bbd1d 0FED1 (v01 LENOVO TP-7L    00002170 MSFT 03000000)
[    0.000000] ACPI: FACS 3d6e4000 00040
[    0.000000] ACPI: SSDT 3d6bbab4 00269 (v01 LENOVO TP-7L    00002170 MSFT 03000000)
[    0.000000] ACPI: ECDT 3d6cbbee 00052 (v01 LENOVO TP-7L    00002170 LNVO 00000001)
[    0.000000] ACPI: TCPA 3d6cbc40 00032 (v02 LENOVO TP-7L    00002170 LNVO 00000001)
[    0.000000] ACPI: APIC 3d6cbc72 00068 (v01 LENOVO TP-7L    00002170 LNVO 00000001)
[    0.000000] ACPI: MCFG 3d6cbcda 0003C (v01 LENOVO TP-7L    00002170 LNVO 00000001)
[    0.000000] ACPI: HPET 3d6cbd16 00038 (v01 LENOVO TP-7L    00002170 LNVO 00000001)
[    0.000000] ACPI: SLIC 3d6cbdf0 00176 (v01 LENOVO TP-7L    00002170  LTP 00000000)
[    0.000000] ACPI: BOOT 3d6cbf66 00028 (v01 LENOVO TP-7L    00002170  LTP 00000001)
[    0.000000] ACPI: ASF! 3d6cbf8e 00072 (v16 LENOVO TP-7L    00002170 PTL  00000001)
[    0.000000] ACPI: SSDT 3d6e26d9 0025F (v01 LENOVO TP-7L    00002170 INTL 20050513)
[    0.000000] ACPI: SSDT 3d6e2938 000A6 (v01 LENOVO TP-7L    00002170 INTL 20050513)
[    0.000000] ACPI: SSDT 3d6e29de 004F7 (v01 LENOVO TP-7L    00002170 INTL 20050513)
[    0.000000] ACPI: SSDT 3d6e2ed5 001D8 (v01 LENOVO TP-7L    00002170 INTL 20050513)
[    0.000000] ACPI: DMI detected: Lenovo ThinkPad R61
[    0.000000] ACPI: Added _OSI(Linux)
[    0.000000] ACPI: Local APIC address 0xfee00000
[    0.000000] 94MB HIGHMEM available.
[    0.000000] 887MB LOWMEM available.
[    0.000000]   mapped low ram: 0 - 377fe000
[    0.000000]   low ram: 0 - 377fe000
[    0.000000]   node 0 low ram: 00000000 - 377fe000
[    0.000000]   node 0 bootmap 00008000 - 0000ef00
[    0.000000] (6 early reservations) ==> bootmem [0000000000 - 00377fe000]
[    0.000000]   #0 [0000000000 - 0000001000]   BIOS data page ==> [0000000000 - 0000001000]
[    0.000000]   #1 [0001000000 - 0001bdc180]    TEXT DATA BSS ==> [0001000000 - 0001bdc180]
[    0.000000]   #2 [000009d800 - 0000100000]    BIOS reserved ==> [000009d800 - 0000100000]
[    0.000000]   #3 [0001bdd000 - 0001be516c]              BRK ==> [0001bdd000 - 0001be516c]
[    0.000000]   #4 [0000007000 - 0000008000]          PGTABLE ==> [0000007000 - 0000008000]
[    0.000000]   #5 [0000008000 - 000000f000]          BOOTMAP ==> [0000008000 - 000000f000]
[    0.000000] found SMP MP-table at [c00f6900] f6900
[    0.000000] Zone PFN ranges:
[    0.000000]   DMA      0x00000000 -> 0x00001000
[    0.000000]   Normal   0x00001000 -> 0x000377fe
[    0.000000]   HighMem  0x000377fe -> 0x0003d6b0
[    0.000000] Movable zone start PFN for each node
[    0.000000] early_node_map[2] active PFN ranges
[    0.000000]     0: 0x00000000 -> 0x0000009d
[    0.000000]     0: 0x00000100 -> 0x0003d6b0
[    0.000000] On node 0 totalpages: 251469
[    0.000000] free_area_init_node: node 0, pgdat c1901ea0, node_mem_map c1be7000
[    0.000000]   DMA zone: 32 pages used for memmap
[    0.000000]   DMA zone: 0 pages reserved
[    0.000000]   DMA zone: 3965 pages, LIFO batch:0
[    0.000000]   Normal zone: 1744 pages used for memmap
[    0.000000]   Normal zone: 221486 pages, LIFO batch:31
[    0.000000]   HighMem zone: 190 pages used for memmap
[    0.000000]   HighMem zone: 24052 pages, LIFO batch:3
[    0.000000] Using APIC driver default
[    0.000000] ACPI: PM-Timer IO Port: 0x1008
[    0.000000] ACPI: Local APIC address 0xfee00000
[    0.000000] ACPI: LAPIC (acpi_id[0x00] lapic_id[0x00] enabled)
[    0.000000] ACPI: LAPIC (acpi_id[0x01] lapic_id[0x01] enabled)
[    0.000000] ACPI: NR_CPUS/possible_cpus limit of 1 reached.  Processor 1/0x1 ignored.
[    0.000000] ACPI: LAPIC_NMI (acpi_id[0x00] high edge lint[0x1])
[    0.000000] ACPI: LAPIC_NMI (acpi_id[0x01] high edge lint[0x1])
[    0.000000] ACPI: IOAPIC (id[0x01] address[0xfec00000] gsi_base[0])
[    0.000000] IOAPIC[0]: apic_id 1, version 32, address 0xfec00000, GSI 0-23
[    0.000000] ACPI: INT_SRC_OVR (bus 0 bus_irq 0 global_irq 2 dfl dfl)
[    0.000000] ACPI: INT_SRC_OVR (bus 0 bus_irq 9 global_irq 9 high level)
[    0.000000] ACPI: IRQ0 used by override.
[    0.000000] ACPI: IRQ2 used by override.
[    0.000000] ACPI: IRQ9 used by override.
[    0.000000] Using ACPI (MADT) for SMP configuration information
[    0.000000] ACPI: HPET id: 0x8086a201 base: 0xfed00000
[    0.000000] nr_irqs_gsi: 24
[    0.000000] PM: Registered nosave memory: 000000000009d000 - 000000000009e000
[    0.000000] PM: Registered nosave memory: 000000000009e000 - 00000000000a0000
[    0.000000] PM: Registered nosave memory: 00000000000a0000 - 00000000000d2000
[    0.000000] PM: Registered nosave memory: 00000000000d2000 - 00000000000d4000
[    0.000000] PM: Registered nosave memory: 00000000000d4000 - 00000000000e0000
[    0.000000] PM: Registered nosave memory: 00000000000e0000 - 0000000000100000
[    0.000000] Allocating PCI resources starting at 3e000000 (gap: 3e000000:b2000000)
[    0.000000] Built 1 zonelists in Zone order, mobility grouping on.  Total pages: 249503
[    0.000000] Kernel command line: auto BOOT_IMAGE=Linux ro root=802 vt.default_utf8=0 maxcpus=0
[    0.000000] PID hash table entries: 4096 (order: 2, 16384 bytes)
[    0.000000] Dentry cache hash table entries: 131072 (order: 7, 524288 bytes)
[    0.000000] Inode-cache hash table entries: 65536 (order: 6, 262144 bytes)
[    0.000000] Enabling fast FPU save and restore... done.
[    0.000000] Enabling unmasked SIMD FPU exception support... done.
[    0.000000] Initializing CPU#0
[    0.000000] Initializing HighMem for node 0 (000377fe:0003d6b0)
[    0.000000] Memory: 984800k/1006272k available (6915k kernel code, 20876k reserved, 2327k data, 448k init, 96968k highmem)
[    0.000000] virtual kernel memory layout:
[    0.000000]     fixmap  : 0xfffa3000 - 0xfffff000   ( 368 kB)
[    0.000000]     pkmap   : 0xff800000 - 0xffc00000   (4096 kB)
[    0.000000]     vmalloc : 0xf7ffe000 - 0xff7fe000   ( 120 MB)
[    0.000000]     lowmem  : 0xc0000000 - 0xf77fe000   ( 887 MB)
[    0.000000]       .init : 0xc1907000 - 0xc1977000   ( 448 kB)
[    0.000000]       .data : 0xc16c0d3f - 0xc1906c64   (2327 kB)
[    0.000000]       .text : 0xc1000000 - 0xc16c0d3f   (6915 kB)
[    0.000000] Checking if this processor honours the WP bit even in supervisor mode...Ok.
[    0.000000] SLUB: Genslabs=13, HWalign=64, Order=0-3, MinObjects=0, CPUs=1, Nodes=1
[    0.000000] Hierarchical RCU implementation.
[    0.000000] NR_IRQS:288
[    0.000000] Extended CMOS year: 2000
[    0.000000] Console: colour VGA+ 80x25
[    0.000000] console [tty0] enabled
[    0.000000] hpet clockevent registered
[    0.000000] Fast TSC calibration using PIT
[    0.000000] Detected 2094.415 MHz processor.
[    0.002002] Calibrating delay loop (skipped), value calculated using timer frequency.. 4188.83 BogoMIPS (lpj=2094415)
[    0.002173] Security Framework initialized
[    0.002261] Mount-cache hash table entries: 512
[    0.002410] CPU: L1 I cache: 32K, L1 D cache: 32K
[    0.002539] CPU: L2 cache: 3072K
[    0.002623] mce: CPU supports 6 MCE banks
[    0.002709] CPU0: Thermal monitoring enabled (TM2)
[    0.002793] using mwait in idle threads.
[    0.002879] CPU: Intel(R) Core(TM)2 Duo CPU     T8100  @ 2.10GHz stepping 06
[    0.003128] Checking 'hlt' instruction... OK.
[    0.007937] ACPI: Core revision 20090903
[    0.027013] RANDOM get_random_int first call with cycles 38318141673, jiffies 4294667323 and pid 0
[    0.027021] CANARY value: 84844677 for PID: 1
[    0.027027] CANARY value: ca709d4 for PID: 2
[    0.027052] Enabling APIC mode:  Flat.  Using 1 I/O APICs
[    0.028291] ..TIMER: vector=0x30 apic1=0 pin1=2 apic2=-1 pin2=-1
[    0.038997] xor: automatically using best checksumming function: pIII_sse
[    0.042998]    pIII_sse  :  8568.000 MB/sec
[    0.043086] xor: using function: pIII_sse (8568.000 MB/sec)
[    0.043176] RANDOM - __seed init called.
[    0.043177] RANDOM - __seed init called.
[    0.043178] RANDOM - __seed init called.
[    0.043180] RANDOM - __random32 called. Change num 1.  Value: 870e7b8	f6ea009	16c0ad5a
[    0.043181] RANDOM - __random32 called. Change num 2.  Value: e7b8290	f6ea0099	5ab418b8
[    0.043183] RANDOM - __random32 called. Change num 3.  Value: b8290fc5	6ea00996	3171e29b
[    0.043185] RANDOM - __random32 called. Change num 4.  Value: 90fc533a	ea00996a	c5375fde
[    0.043187] RANDOM - __random32 called. Change num 5.  Value: c533a353	a00996a1	bfbd91b4
[    0.043188] RANDOM - __random32 called. Change num 6.  Value: 3a35362b	996a10	23684a23
[    0.043190] RANDOM - random32 init called.  Value: 3a35362b	996a10	23684a23
[    0.043208] NET: Registered protocol family 16
[    0.043471] ACPI FADT declares the system doesn't support PCIe ASPM, so disable it
[    0.043594] ACPI: bus type pci registered
[    0.043766] PCI: MCFG configuration 0: base f0000000 segment 0 buses 0 - 63
[    0.043865] PCI: MCFG area at f0000000 reserved in E820
[    0.043957] PCI: Using MMCONFIG for extended config space
[    0.044002] PCI: Using configuration type 1 for base access
[    0.047153] bio: create slab <bio-0> at 0
[    0.047958] ACPI: EC: EC description table is found, configuring boot EC
[    0.053152] ACPI: BIOS _OSI(Linux) query honored via DMI
[    0.053887] random 0000 0000 0000 00000000 00000000: rand_read_num 2 get_random_bytes(8): sig fffffe1a 00000000 00000000
[    0.053890] random 0000 0000 0000 00000000 00000000: extract_entropy(.. 8 ..)
[    0.053892] random 0000 0000 0000 00000000 00000000: going to reseed nonblocking with 64 bits (64 of 0 requested)
[    0.053895] random 0000 0000 0000 00000000 00000000: extract_entropy(.. 8 ..)
[    0.053897] random 0000 0000 0000 00000000 00000000: trying to extract 64 bits from input
[    0.053899] random 0000 0000 0000 00000000 00000000: debiting 0 entropy credits from input
[    0.053901] random 0000 0000 0000 00000000 00000000: extract_entropy account returned: 0 
[    0.053930] random 0000 0000 0000 00000000 00000000: urand_change_num 3 xfer_secondary_pool(8): pool_sig fffffe1a, data_sig 00000000, bytes_mixed 0 00000000 00000000
[    0.053933] random 0000 0000 0000 00000000 00000000: trying to extract 64 bits from nonblocking
[    0.053936] random 0000 0000 0000 00000000 00000000: debiting 64 entropy credits from nonblocking (unlimited)
[    0.053938] random 0000 0000 0000 00000000 00000000: extract_entropy account returned: 8 
[    0.053942] random 0000 0000 0000 00000000 00000000: urand_change_num 4 extract_buf: pool_sig fffffe1a, data_sig fffffed7, bytes_mixed 20 00000000 00000000
[    0.059729] ACPI: Interpreter enabled
[    0.059819] ACPI: (supports S0 S3 S4 S5)
[    0.060136] ACPI: Using IOAPIC for interrupt routing
[    0.069965] ACPI: EC: GPE = 0x12, I/O: command/status = 0x66, data = 0x62
[    0.070241] ACPI: Power Resource [PUBS] (on)
[    0.072463] ACPI: ACPI Dock Station Driver: 3 docks/bays found
[    0.072874] ACPI: PCI Root Bridge [PCI0] (0000:00)
[    0.073055] pci 0000:00:02.0: reg 10 64bit mmio: [0xf8100000-0xf81fffff]
[    0.073061] pci 0000:00:02.0: reg 18 64bit mmio pref: [0xe0000000-0xefffffff]
[    0.073064] pci 0000:00:02.0: reg 20 io port: [0x1800-0x1807]
[    0.073099] pci 0000:00:02.1: reg 10 64bit mmio: [0xf8200000-0xf82fffff]
[    0.073214] pci 0000:00:19.0: reg 10 32bit mmio: [0xfe000000-0xfe01ffff]
[    0.073223] pci 0000:00:19.0: reg 14 32bit mmio: [0xfe025000-0xfe025fff]
[    0.073233] pci 0000:00:19.0: reg 18 io port: [0x1840-0x185f]
[    0.073301] pci 0000:00:19.0: PME# supported from D0 D3hot D3cold
[    0.073397] pci 0000:00:19.0: PME# disabled
[    0.073543] pci 0000:00:1a.0: reg 20 io port: [0x1860-0x187f]
[    0.073622] pci 0000:00:1a.1: reg 20 io port: [0x1880-0x189f]
[    0.073700] pci 0000:00:1a.7: reg 10 32bit mmio: [0xfe226c00-0xfe226fff]
[    0.073784] pci 0000:00:1a.7: PME# supported from D0 D3hot D3cold
[    0.073879] pci 0000:00:1a.7: PME# disabled
[    0.074033] pci 0000:00:1b.0: reg 10 64bit mmio: [0xfe020000-0xfe023fff]
[    0.074114] pci 0000:00:1b.0: PME# supported from D0 D3hot D3cold
[    0.074211] pci 0000:00:1b.0: PME# disabled
[    0.074411] pci 0000:00:1c.0: PME# supported from D0 D3hot D3cold
[    0.074507] pci 0000:00:1c.0: PME# disabled
[    0.074711] pci 0000:00:1c.1: PME# supported from D0 D3hot D3cold
[    0.074808] pci 0000:00:1c.1: PME# disabled
[    0.075020] pci 0000:00:1c.2: PME# supported from D0 D3hot D3cold
[    0.075119] pci 0000:00:1c.2: PME# disabled
[    0.075319] pci 0000:00:1c.3: PME# supported from D0 D3hot D3cold
[    0.075414] pci 0000:00:1c.3: PME# disabled
[    0.076111] pci 0000:00:1c.4: PME# supported from D0 D3hot D3cold
[    0.076205] pci 0000:00:1c.4: PME# disabled
[    0.076365] pci 0000:00:1d.0: reg 20 io port: [0x18a0-0x18bf]
[    0.076452] pci 0000:00:1d.1: reg 20 io port: [0x18c0-0x18df]
[    0.076525] pci 0000:00:1d.2: reg 20 io port: [0x18e0-0x18ff]
[    0.076618] pci 0000:00:1d.7: reg 10 32bit mmio: [0xfe227000-0xfe2273ff]
[    0.076713] pci 0000:00:1d.7: PME# supported from D0 D3hot D3cold
[    0.076814] pci 0000:00:1d.7: PME# disabled
[    0.077207] pci 0000:00:1f.0: quirk: region 1000-107f claimed by ICH6 ACPI/GPIO/TCO
[    0.077335] pci 0000:00:1f.0: quirk: region 1180-11bf claimed by ICH6 GPIO
[    0.077435] pci 0000:00:1f.0: ICH7 LPC Generic IO decode 1 PIO at 1600 (mask 007f)
[    0.077560] pci 0000:00:1f.0: ICH7 LPC Generic IO decode 2 PIO at 15e0 (mask 000f)
[    0.077683] pci 0000:00:1f.0: ICH7 LPC Generic IO decode 3 PIO at 1680 (mask 001f)
[    0.077889] pci 0000:00:1f.1: reg 10 io port: [0x00-0x07]
[    0.077898] pci 0000:00:1f.1: reg 14 io port: [0x00-0x03]
[    0.077907] pci 0000:00:1f.1: reg 18 io port: [0x00-0x07]
[    0.077994] pci 0000:00:1f.1: reg 1c io port: [0x00-0x03]
[    0.078006] pci 0000:00:1f.1: reg 20 io port: [0x1c00-0x1c0f]
[    0.078090] pci 0000:00:1f.2: reg 10 io port: [0x1c50-0x1c57]
[    0.078099] pci 0000:00:1f.2: reg 14 io port: [0x1c44-0x1c47]
[    0.078108] pci 0000:00:1f.2: reg 18 io port: [0x1c48-0x1c4f]
[    0.078115] pci 0000:00:1f.2: reg 1c io port: [0x1c40-0x1c43]
[    0.078123] pci 0000:00:1f.2: reg 20 io port: [0x1c20-0x1c3f]
[    0.078132] pci 0000:00:1f.2: reg 24 32bit mmio: [0xfe226000-0xfe2267ff]
[    0.078192] pci 0000:00:1f.2: PME# supported from D3hot
[    0.078290] pci 0000:00:1f.2: PME# disabled
[    0.078416] pci 0000:00:1f.3: reg 10 32bit mmio: [0xfe227400-0xfe2274ff]
[    0.078441] pci 0000:00:1f.3: reg 20 io port: [0x1c60-0x1c7f]
[    0.078533] pci 0000:00:1c.0: bridge io port: [0x2000-0x2fff]
[    0.078538] pci 0000:00:1c.0: bridge 32bit mmio: [0xfc000000-0xfdffffff]
[    0.078547] pci 0000:00:1c.0: bridge 64bit mmio pref: [0xf8000000-0xf80fffff]
[    0.078620] pci 0000:03:00.0: reg 10 64bit mmio: [0xdf3f0000-0xdf3fffff]
[    0.078817] pci 0000:00:1c.1: bridge io port: [0x3000-0x3fff]
[    0.078823] pci 0000:00:1c.1: bridge 32bit mmio: [0xdc000000-0xdf3fffff]
[    0.078832] pci 0000:00:1c.1: bridge 64bit mmio pref: [0xdfe00000-0xdfefffff]
[    0.078896] pci 0000:00:1c.2: bridge io port: [0x4000-0x4fff]
[    0.078900] pci 0000:00:1c.2: bridge 32bit mmio: [0xd8000000-0xd9ffffff]
[    0.078909] pci 0000:00:1c.2: bridge 64bit mmio pref: [0xdfb00000-0xdfbfffff]
[    0.078970] pci 0000:00:1c.3: bridge io port: [0x5000-0x5fff]
[    0.078976] pci 0000:00:1c.3: bridge 32bit mmio: [0xd4000000-0xd5ffffff]
[    0.078985] pci 0000:00:1c.3: bridge 64bit mmio pref: [0xdf800000-0xdf8fffff]
[    0.079043] pci 0000:00:1c.4: bridge io port: [0x6000-0x6fff]
[    0.079049] pci 0000:00:1c.4: bridge 32bit mmio: [0xd0000000-0xd1ffffff]
[    0.079058] pci 0000:00:1c.4: bridge 64bit mmio pref: [0xdf500000-0xdf5fffff]
[    0.079118] pci 0000:15:00.0: reg 10 32bit mmio: [0xf8300000-0xf8300fff]
[    0.079168] pci 0000:15:00.0: supports D1 D2
[    0.079169] pci 0000:15:00.0: PME# supported from D0 D1 D2 D3hot D3cold
[    0.079265] pci 0000:15:00.0: PME# disabled
[    0.079410] pci 0000:15:00.1: reg 10 32bit mmio: [0xf8301000-0xf83017ff]
[    0.079505] pci 0000:15:00.1: supports D1 D2
[    0.079506] pci 0000:15:00.1: PME# supported from D0 D1 D2 D3hot D3cold
[    0.079602] pci 0000:15:00.1: PME# disabled
[    0.079786] pci 0000:00:1e.0: transparent bridge
[    0.079889] pci 0000:00:1e.0: bridge io port: [0x7000-0xafff]
[    0.079895] pci 0000:00:1e.0: bridge 32bit mmio: [0xf8300000-0xfbffffff]
[    0.079904] pci 0000:00:1e.0: bridge 64bit mmio pref: [0xf4000000-0xf7ffffff]
[    0.079976] pci_bus 0000:00: on NUMA node 0
[    0.079980] ACPI: PCI Interrupt Routing Table [\_SB_.PCI0._PRT]
[    0.080120] ACPI: PCI Interrupt Routing Table [\_SB_.PCI0.EXP0._PRT]
[    0.080179] ACPI: PCI Interrupt Routing Table [\_SB_.PCI0.EXP1._PRT]
[    0.080237] ACPI: PCI Interrupt Routing Table [\_SB_.PCI0.EXP2._PRT]
[    0.080295] ACPI: PCI Interrupt Routing Table [\_SB_.PCI0.EXP3._PRT]
[    0.080357] ACPI: PCI Interrupt Routing Table [\_SB_.PCI0.EXP4._PRT]
[    0.080420] ACPI: PCI Interrupt Routing Table [\_SB_.PCI0.PCI1._PRT]
[    0.085878] ACPI: PCI Interrupt Link [LNKA] (IRQs 3 4 5 6 7 9 *10 11)
[    0.086687] ACPI: PCI Interrupt Link [LNKB] (IRQs 3 4 5 6 7 9 10 *11)
[    0.087454] ACPI: PCI Interrupt Link [LNKC] (IRQs 3 4 5 6 7 9 10 *11)
[    0.088240] ACPI: PCI Interrupt Link [LNKD] (IRQs 3 4 5 6 7 9 10 *11)
[    0.089068] ACPI: PCI Interrupt Link [LNKE] (IRQs 3 4 5 6 7 9 10 *11)
[    0.089860] ACPI: PCI Interrupt Link [LNKF] (IRQs 3 4 5 6 7 9 10 *11)
[    0.090613] ACPI: PCI Interrupt Link [LNKG] (IRQs 3 4 5 6 7 9 10 *11)
[    0.091471] ACPI: PCI Interrupt Link [LNKH] (IRQs 3 4 5 6 7 9 10 *11)
[    0.092212] vgaarb: device added: PCI:0000:00:02.0,decodes=io+mem,owns=io+mem,locks=none
[    0.092343] vgaarb: loaded
[    0.092525] SCSI subsystem initialized
[    0.092625] libata version 3.00 loaded.
[    0.092674] usbcore: registered new interface driver usbfs
[    0.092799] usbcore: registered new interface driver hub
[    0.092913] usbcore: registered new device driver usb
[    0.110047] raid6: int32x1    941 MB/s
[    0.127057] raid6: int32x2    890 MB/s
[    0.144067] raid6: int32x4    750 MB/s
[    0.160994] raid6: int32x8    656 MB/s
[    0.178000] raid6: mmxx1     2882 MB/s
[    0.194988] raid6: mmxx2     3253 MB/s
[    0.212003] raid6: sse1x1    1937 MB/s
[    0.228978] raid6: sse1x2    2531 MB/s
[    0.245974] raid6: sse2x1    3507 MB/s
[    0.262983] raid6: sse2x2    3828 MB/s
[    0.263070] raid6: using algorithm sse2x2 (3828 MB/s)
[    0.263157] PCI: Using ACPI for IRQ routing
[    0.263460] HPET: 3 timers in total, 0 timers will be used for per-cpu timer
[    0.263982] Switching to clocksource tsc
[    0.264083] pnp: PnP ACPI init
[    0.264172] ACPI: bus type pnp registered
[    0.267839] pnp: PnP ACPI: found 11 devices
[    0.267946] ACPI: ACPI bus type pnp unregistered
[    0.268042] system 00:00: iomem range 0x0-0x9ffff could not be reserved
[    0.268134] system 00:00: iomem range 0xc0000-0xc3fff could not be reserved
[    0.268222] system 00:00: iomem range 0xc4000-0xc7fff could not be reserved
[    0.268313] system 00:00: iomem range 0xc8000-0xcbfff has been reserved
[    0.268409] system 00:00: iomem range 0xcc000-0xcffff has been reserved
[    0.268501] system 00:00: iomem range 0xd0000-0xd3fff could not be reserved
[    0.268594] system 00:00: iomem range 0xe0000-0xe3fff could not be reserved
[    0.268687] system 00:00: iomem range 0xe4000-0xe7fff could not be reserved
[    0.268781] system 00:00: iomem range 0xe8000-0xebfff could not be reserved
[    0.268878] system 00:00: iomem range 0xec000-0xeffff could not be reserved
[    0.268980] system 00:00: iomem range 0xf0000-0xfffff could not be reserved
[    0.269077] system 00:00: iomem range 0x100000-0x3dffffff could not be reserved
[    0.269198] system 00:00: iomem range 0xfec00000-0xfed3ffff could not be reserved
[    0.269320] system 00:00: iomem range 0xfed4c000-0xffffffff could not be reserved
[    0.269447] system 00:02: ioport range 0x164e-0x164f has been reserved
[    0.269542] system 00:02: ioport range 0x1000-0x107f has been reserved
[    0.269633] system 00:02: ioport range 0x1180-0x11bf has been reserved
[    0.269728] system 00:02: ioport range 0x800-0x80f has been reserved
[    0.269820] system 00:02: ioport range 0x15e0-0x15ef has been reserved
[    0.269915] system 00:02: ioport range 0x1600-0x165f could not be reserved
[    0.270007] system 00:02: iomem range 0xf0000000-0xf3ffffff has been reserved
[    0.270096] system 00:02: iomem range 0xfed1c000-0xfed1ffff has been reserved
[    0.270191] system 00:02: iomem range 0xfed14000-0xfed17fff has been reserved
[    0.270285] system 00:02: iomem range 0xfed18000-0xfed18fff has been reserved
[    0.270380] system 00:02: iomem range 0xfed19000-0xfed19fff has been reserved
[    0.270483] system 00:02: iomem range 0xfed45000-0xfed4bfff has been reserved
[    0.305534] pci 0000:00:1c.0: PCI bridge, secondary bus 0000:02
[    0.305629] pci 0000:00:1c.0:   IO window: 0x2000-0x2fff
[    0.305725] pci 0000:00:1c.0:   MEM window: 0xfc000000-0xfdffffff
[    0.305816] pci 0000:00:1c.0:   PREFETCH window: 0x000000f8000000-0x000000f80fffff
[    0.305954] pci 0000:00:1c.1: PCI bridge, secondary bus 0000:03
[    0.306048] pci 0000:00:1c.1:   IO window: 0x3000-0x3fff
[    0.306143] pci 0000:00:1c.1:   MEM window: 0xdc000000-0xdf3fffff
[    0.306246] pci 0000:00:1c.1:   PREFETCH window: 0x000000dfe00000-0x000000dfefffff
[    0.306378] pci 0000:00:1c.2: PCI bridge, secondary bus 0000:04
[    0.306474] pci 0000:00:1c.2:   IO window: 0x4000-0x4fff
[    0.306575] pci 0000:00:1c.2:   MEM window: 0xd8000000-0xd9ffffff
[    0.306673] pci 0000:00:1c.2:   PREFETCH window: 0x000000dfb00000-0x000000dfbfffff
[    0.306806] pci 0000:00:1c.3: PCI bridge, secondary bus 0000:05
[    0.306901] pci 0000:00:1c.3:   IO window: 0x5000-0x5fff
[    0.307004] pci 0000:00:1c.3:   MEM window: 0xd4000000-0xd5ffffff
[    0.307103] pci 0000:00:1c.3:   PREFETCH window: 0x000000df800000-0x000000df8fffff
[    0.307231] pci 0000:00:1c.4: PCI bridge, secondary bus 0000:0d
[    0.307324] pci 0000:00:1c.4:   IO window: 0x6000-0x6fff
[    0.307418] pci 0000:00:1c.4:   MEM window: 0xd0000000-0xd1ffffff
[    0.307519] pci 0000:00:1c.4:   PREFETCH window: 0x000000df500000-0x000000df5fffff
[    0.307647] pci 0000:15:00.0: CardBus bridge, secondary bus 0000:16
[    0.307740] pci 0000:15:00.0:   IO window: 0x007000-0x0070ff
[    0.307833] pci 0000:15:00.0:   IO window: 0x007400-0x0074ff
[    0.307931] pci 0000:15:00.0:   PREFETCH window: 0xf4000000-0xf7ffffff
[    0.308025] pci 0000:15:00.0:   MEM window: 0x40000000-0x43ffffff
[    0.308121] pci 0000:00:1e.0: PCI bridge, secondary bus 0000:15
[    0.308215] pci 0000:00:1e.0:   IO window: 0x7000-0xafff
[    0.308310] pci 0000:00:1e.0:   MEM window: 0xf8300000-0xfbffffff
[    0.308403] pci 0000:00:1e.0:   PREFETCH window: 0x000000f4000000-0x000000f7ffffff
[    0.308546] pci 0000:00:1c.0: PCI INT A -> GSI 20 (level, low) -> IRQ 20
[    0.308642] pci 0000:00:1c.0: setting latency timer to 64
[    0.308655] pci 0000:00:1c.1: PCI INT B -> GSI 21 (level, low) -> IRQ 21
[    0.308751] pci 0000:00:1c.1: setting latency timer to 64
[    0.308763] pci 0000:00:1c.2: PCI INT C -> GSI 22 (level, low) -> IRQ 22
[    0.308860] pci 0000:00:1c.2: setting latency timer to 64
[    0.308881] pci 0000:00:1c.3: PCI INT D -> GSI 23 (level, low) -> IRQ 23
[    0.308979] pci 0000:00:1c.3: setting latency timer to 64
[    0.308992] pci 0000:00:1c.4: PCI INT A -> GSI 20 (level, low) -> IRQ 20
[    0.309090] pci 0000:00:1c.4: setting latency timer to 64
[    0.309097] pci 0000:00:1e.0: enabling device (0005 -> 0007)
[    0.309192] pci 0000:00:1e.0: setting latency timer to 64
[    0.309207] pci 0000:15:00.0: PCI INT A -> GSI 16 (level, low) -> IRQ 16
[    0.309306] pci 0000:15:00.0: setting latency timer to 64
[    0.309312] pci_bus 0000:00: resource 0 io:  [0x00-0xffff]
[    0.309314] pci_bus 0000:00: resource 1 mem: [0x000000-0xffffffff]
[    0.309316] pci_bus 0000:02: resource 0 io:  [0x2000-0x2fff]
[    0.309318] pci_bus 0000:02: resource 1 mem: [0xfc000000-0xfdffffff]
[    0.309319] pci_bus 0000:02: resource 2 pref mem [0xf8000000-0xf80fffff]
[    0.309321] pci_bus 0000:03: resource 0 io:  [0x3000-0x3fff]
[    0.309323] pci_bus 0000:03: resource 1 mem: [0xdc000000-0xdf3fffff]
[    0.309325] pci_bus 0000:03: resource 2 pref mem [0xdfe00000-0xdfefffff]
[    0.309327] pci_bus 0000:04: resource 0 io:  [0x4000-0x4fff]
[    0.309329] pci_bus 0000:04: resource 1 mem: [0xd8000000-0xd9ffffff]
[    0.309330] pci_bus 0000:04: resource 2 pref mem [0xdfb00000-0xdfbfffff]
[    0.309332] pci_bus 0000:05: resource 0 io:  [0x5000-0x5fff]
[    0.309334] pci_bus 0000:05: resource 1 mem: [0xd4000000-0xd5ffffff]
[    0.309336] pci_bus 0000:05: resource 2 pref mem [0xdf800000-0xdf8fffff]
[    0.309338] pci_bus 0000:0d: resource 0 io:  [0x6000-0x6fff]
[    0.309339] pci_bus 0000:0d: resource 1 mem: [0xd0000000-0xd1ffffff]
[    0.309341] pci_bus 0000:0d: resource 2 pref mem [0xdf500000-0xdf5fffff]
[    0.309343] pci_bus 0000:15: resource 0 io:  [0x7000-0xafff]
[    0.309345] pci_bus 0000:15: resource 1 mem: [0xf8300000-0xfbffffff]
[    0.309347] pci_bus 0000:15: resource 2 pref mem [0xf4000000-0xf7ffffff]
[    0.309348] pci_bus 0000:15: resource 3 io:  [0x00-0xffff]
[    0.309350] pci_bus 0000:15: resource 4 mem: [0x000000-0xffffffff]
[    0.309352] pci_bus 0000:16: resource 0 io:  [0x7000-0x70ff]
[    0.309354] pci_bus 0000:16: resource 1 io:  [0x7400-0x74ff]
[    0.309356] pci_bus 0000:16: resource 2 pref mem [0xf4000000-0xf7ffffff]
[    0.309357] pci_bus 0000:16: resource 3 mem: [0x40000000-0x43ffffff]
[    0.309365] NET: Registered protocol family 2
[    0.309459] RANDOM - __random32 called. Change num 7.  Value: 5362b39e	996a101	94470543
[    0.309460] RANDOM - random32 called.  Value: 5362b39e	996a101	94470543
[    0.309465] random 0000 0000 0000 5f8db4e5 4cfdf2a8: rand_read_num 3 get_random_bytes(4): sig fffffb64 5f8db4e5 4cfdf2a8
[    0.309467] random 0000 0000 0000 5f8db4e5 4cfdf2a8: extract_entropy(.. 4 ..)
[    0.309470] random 0000 0000 0000 5f8db4e5 4cfdf2a8: going to reseed nonblocking with 64 bits (32 of 0 requested)
[    0.309472] random 0000 0000 0000 5f8db4e5 4cfdf2a8: extract_entropy(.. 8 ..)
[    0.309474] random 0000 0000 0000 5f8db4e5 4cfdf2a8: trying to extract 64 bits from input
[    0.309476] random 0000 0000 0000 5f8db4e5 4cfdf2a8: debiting 0 entropy credits from input
[    0.309478] random 0000 0000 0000 5f8db4e5 4cfdf2a8: extract_entropy account returned: 0 
[    0.309481] random 0000 0000 0000 5f8db4e5 4cfdf2a8: urand_change_num 5 xfer_secondary_pool(4): pool_sig fffffb64, data_sig 00000000, bytes_mixed 0 5f8db4e5 4cfdf2a8
[    0.309484] random 0000 0000 0000 5f8db4e5 4cfdf2a8: trying to extract 32 bits from nonblocking
[    0.309486] random 0000 0000 0000 5f8db4e5 4cfdf2a8: debiting 32 entropy credits from nonblocking (unlimited)
[    0.309489] random 0000 0000 0000 5f8db4e5 4cfdf2a8: extract_entropy account returned: 4 
[    0.309493] random 0000 0000 0000 5f8db4e5 4cfdf2a8: urand_change_num 6 extract_buf: pool_sig fffffb64, data_sig 00000241, bytes_mixed 20 5f8db4e5 4cfdf2a8
[    0.309502] IP route cache hash table entries: 32768 (order: 5, 131072 bytes)
[    0.309637] RANDOM - __random32 called. Change num 8.  Value: 2b39e0a2	996a1017	a86cfe5
[    0.309639] RANDOM - random32 called.  Value: 2b39e0a2	996a1017	a86cfe5
[    0.309649] RANDOM - __random32 called. Change num 9.  Value: 9e0a22e5	96a1017e	9fcbd616
[    0.309651] RANDOM - random32 called.  Value: 9e0a22e5	96a1017e	9fcbd616
[    0.309653] RANDOM - __random32 called. Change num 10.  Value: a22e5b4a	6a1017e6	ac2c32ac
[    0.309654] RANDOM - random32 called.  Value: a22e5b4a	6a1017e6	ac2c32ac
[    0.309665] RANDOM - __random32 called. Change num 11.  Value: e5b4ad28	a1017e61	6559a9b4
[    0.309667] RANDOM - random32 called.  Value: e5b4ad28	a1017e61	6559a9b4
[    0.309676] TCP established hash table entries: 131072 (order: 8, 1048576 bytes)
[    0.310177] TCP bind hash table entries: 65536 (order: 6, 262144 bytes)
[    0.310365] TCP: Hash tables configured (established 131072 bind 65536)
[    0.310454] TCP reno registered
[    0.310563] NET: Registered protocol family 1
[    0.310685] RPC: Registered udp transport module.
[    0.310775] RPC: Registered tcp transport module.
[    0.310864] RPC: Registered tcp NFSv4.1 backchannel transport module.
[    0.310971] pci 0000:00:02.0: Boot video device
[    0.311183] Simple Boot Flag at 0x35 set to 0x1
[    0.311703] highmem bounce pool size: 64 pages
[    0.313278] VFS: Disk quotas dquot_6.5.2
[    0.313403] Dquot-cache hash table entries: 1024 (order 0, 4096 bytes)
[    0.314082] NTFS driver 2.1.29 [Flags: R/W].
[    0.314241] ROMFS MTD (C) 2007 Red Hat, Inc.
[    0.314455] JFS: nTxBlock = 7695, nTxLock = 61562
[    0.316940] SGI XFS with ACLs, security attributes, large block/inode numbers, no debug enabled
[    0.317417] SGI XFS Quota Management subsystem
[    0.317704] Slow work thread pool: Starting up
[    0.317805] Slow work thread pool: Ready
[    0.317919] GFS2 (built May 24 2013 02:47:17) installed
[    0.318015] msgmni has been set to 1734
[    0.318179] alg: No test for cipher_null (cipher_null-generic)
[    0.318285] alg: No test for ecb(cipher_null) (ecb-cipher_null)
[    0.318385] alg: No test for digest_null (digest_null-generic)
[    0.318483] alg: No test for compress_null (compress_null-generic)
[    0.319051] alg: No test for fcrypt (fcrypt-generic)
[    0.320466] alg: No test for stdrng (krng)
[    0.320560] async_tx: api initialized (async)
[    0.320711] Block layer SCSI generic (bsg) driver version 0.4 loaded (major 254)
[    0.320833] io scheduler noop registered
[    0.320934] io scheduler anticipatory registered
[    0.321023] io scheduler deadline registered
[    0.321157] io scheduler cfq registered (default)
[    0.321399] pcieport 0000:00:1c.0: irq 24 for MSI/MSI-X
[    0.321416] pcieport 0000:00:1c.0: setting latency timer to 64
[    0.321601] pcieport 0000:00:1c.1: irq 25 for MSI/MSI-X
[    0.321612] pcieport 0000:00:1c.1: setting latency timer to 64
[    0.321789] pcieport 0000:00:1c.2: irq 26 for MSI/MSI-X
[    0.321800] pcieport 0000:00:1c.2: setting latency timer to 64
[    0.321990] pcieport 0000:00:1c.3: irq 27 for MSI/MSI-X
[    0.322001] pcieport 0000:00:1c.3: setting latency timer to 64
[    0.322180] pcieport 0000:00:1c.4: irq 28 for MSI/MSI-X
[    0.322190] pcieport 0000:00:1c.4: setting latency timer to 64
[    0.322334] pci_hotplug: PCI Hot Plug PCI Core version: 0.5
[    0.322523] isapnp: Scanning for PnP cards...
[    0.683063] isapnp: No Plug & Play device found
[    0.683156] random 0000 0000 0000 5f8db4e5 4cfdf2a8: initializing
[    0.683158] RANDOM init_std_data for input now value: 1369932607683158506
[    0.683160] RANDOM init_std_data for blocking now value: 1369932607683160561
[    0.683162] RANDOM init_std_data for nonblocking now value: 1369932607683162266
[    0.702754] Serial: 8250/16550 driver, 4 ports, IRQ sharing enabled
[    3.714219] floppy0: no floppy controllers found
[    3.715172] brd: module loaded
[    3.715685] loop: module loaded
[    3.715772] Compaq SMART2 Driver (v 2.6.0)
[    3.715898] HP CISS Driver (v 3.6.20)
[    3.716139] input: Macintosh mouse button emulation as /devices/virtual/input/input0
[    3.716284] Uniform Multi-Platform E-IDE driver
[    3.716509] piix 0000:00:1f.1: IDE controller (0x8086:0x2850 rev 0x03)
[    3.716609] pci 0000:00:1f.1: PCI INT C -> GSI 16 (level, low) -> IRQ 16
[    3.716711] piix 0000:00:1f.1: IDE port disabled
[    3.716806] piix 0000:00:1f.1: not 100% native mode: will probe irqs later
[    3.716908]     ide0: BM-DMA at 0x1c00-0x1c07
[    3.717001] Probing IDE interface ide0...
[    4.388505] hda: HL-DT-ST DVDRAM GSA-U10N, ATAPI CD/DVD-ROM drive
[    4.695346] hda: host max PIO4 wanted PIO255(auto-tune) selected PIO4
[    4.696117] hda: UDMA/33 mode selected
[    4.696588] ide0 at 0x1f0-0x1f7,0x3f6 on irq 14
[    4.700498] ide-gd driver 1.18
[    4.700602] ide-cd driver 5.00
[    4.701983] random 0000 0000 0000 00000000 00000000: add_disk_randomness(0:0) 00000000 00000000
[    4.701987] random 0000 0000 0000 00000000 00000000: add_timer_randomness(.. 256) with jiffies: 5256411015292878461, cycles: 5256411010998206475
[    4.701990] random 0000 0000 0000 00000000 00000000: added 11 entropy credits to input
[    4.701994] ide-cd: hda: ATAPI 24X DVD-ROM DVD-R/RAM CD-R/RW drive, 2048kB Cache
[    4.702446] Uniform CD-ROM driver Revision: 3.20
[    4.705232] random 0011 0000 0000 00000000 00000000: add_disk_randomness(0:0) 00000000 00000000
[    4.705235] random 0011 0000 0000 00000000 00000000: add_timer_randomness(.. 256) with jiffies: 5285638525440196224, cycles: 5285638521145524235
[    4.705238] random 0011 0000 0000 00000000 00000000: added 1 entropy credits to input
[    4.705241] random 0012 0000 0000 00000000 00000000: add_disk_randomness(0:0) 00000000 00000000
[    4.705244] random 0012 0000 0000 00000000 00000000: add_timer_randomness(.. 256) with jiffies: 5285715280800743040, cycles: 5285715276506071051
[    4.707229] random 0012 0000 0000 00000000 00000000: add_disk_randomness(0:0) 00000000 00000000
[    4.707232] random 0012 0000 0000 00000000 00000000: add_timer_randomness(.. 256) with jiffies: 5303600542528536194, cycles: 5303600538233864203
[    4.707235] random 0012 0000 0000 00000000 00000000: added 1 entropy credits to input
[    4.707238] random 0013 0000 0000 00000000 00000000: add_disk_randomness(0:0) 00000000 00000000
[    4.707240] random 0013 0000 0000 00000000 00000000: add_timer_randomness(.. 256) with jiffies: 5303676395945950850, cycles: 5303676391651278859
[    4.709232] random 0013 0000 0000 00000000 00000000: add_disk_randomness(0:0) 00000000 00000000
[    4.709235] random 0013 0000 0000 00000000 00000000: add_timer_randomness(.. 256) with jiffies: 5321615233095794308, cycles: 5321615228801122315
[    4.709237] random 0013 0000 0000 00000000 00000000: added 1 entropy credits to input
[    4.709240] random 0014 0000 0000 00000000 00000000: add_disk_randomness(0:0) 00000000 00000000
[    4.709243] random 0014 0000 0000 00000000 00000000: add_timer_randomness(.. 256) with jiffies: 5321689239677271684, cycles: 5321689235382599691
[    4.709522] Loading iSCSI transport class v2.0-870.
[    4.709809] rdac: device handler registered
[    4.709897] hp_sw: device handler registered
[    4.709984] emc: device handler registered
[    4.710072] alua: device handler registered
[    4.711066] Adaptec aacraid driver 1.1-5[2461]-ms
[    4.711493] scsi: <fdomain> Detection failed (no card)
[    4.711593] sym53c416.c: Version 1.0.0-ac
[    4.711698] qlogicfas: no cards were found, please specify I/O address and IRQ using iobase= and irq= options
[    4.711826] QLogic Fibre Channel HBA Driver: 8.03.01-k6
[    4.712051] iscsi: registered transport (qla4xxx)
[    4.712159] QLogic iSCSI HBA Driver
[    4.712246] Emulex LightPulse Fibre Channel SCSI driver 8.3.4
[    4.712343] Copyright(c) 2004-2009 Emulex.  All rights reserved.
[    4.734336] Failed initialization of WD-7000 SCSI card!
[    4.823434] DC390: clustering now enabled by default. If you get problems load
[    4.823557]        with "disable_clustering=1" and report to maintainers
[    4.823690] megaraid cmm: 2.20.2.7 (Release Date: Sun Jul 16 00:01:03 EST 2006)
[    4.823840] megaraid: 2.20.5.1 (Release Date: Thu Nov 16 15:32:35 EST 2006)
[    4.823951] megasas: 00.00.04.01 Thu July 24 11:41:51 PST 2008
[    4.824083] GDT-HA: Storage RAID Controller Driver. Version: 3.05
[    4.824230] 3ware Storage Controller device driver for Linux v1.26.02.002.
[    4.824347] 3ware 9000 Storage Controller device driver for Linux v2.26.02.012.
[    4.824491] nsp32: loading...
[    4.824597] ipr: IBM Power RAID SCSI Device Driver version: 2.4.3 (June 10, 2009)
[    4.824740] RocketRAID 3xxx/4xxx Controller driver v1.6 (090910)
[    4.824852] stex: Promise SuperTrak EX Driver version: 4.6.0000.3
[    4.824990] st: Version 20081215, fixed bufsize 32768, s/g segs 256
[    4.825180] ahci 0000:00:1f.2: version 3.0
[    4.825194] ahci 0000:00:1f.2: PCI INT B -> GSI 16 (level, low) -> IRQ 16
[    4.825343] ahci 0000:00:1f.2: irq 29 for MSI/MSI-X
[    4.825402] ahci 0000:00:1f.2: AHCI 0001.0100 32 slots 3 ports 1.5 Gbps 0x5 impl SATA mode
[    4.825527] ahci 0000:00:1f.2: flags: 64bit ncq sntf pm led clo pio slum part ccc 
[    4.825651] ahci 0000:00:1f.2: setting latency timer to 64
[    4.825791] scsi2 : ahci
[    4.825949] scsi3 : ahci
[    4.826089] scsi4 : ahci
[    4.826258] ata1: SATA max UDMA/133 abar m2048@0xfe226000 port 0xfe226100 irq 29
[    4.826395] ata2: DUMMY
[    4.826481] ata3: SATA max UDMA/133 abar m2048@0xfe226000 port 0xfe226200 irq 29
[    4.827077] I2O subsystem v1.325
[    4.827163] i2o: max drivers = 8
[    4.827312] I2O Configuration OSM v1.323
[    4.827429] I2O Bus Adapter OSM v1.317
[    4.827531] I2O Block Device OSM v1.325
[    4.827685] I2O SCSI Peripheral OSM v1.316
[    4.827795] I2O ProcFS OSM v1.316
[    4.827907] Fusion MPT base driver 3.04.12
[    4.827996] Copyright (c) 1999-2008 LSI Corporation
[    4.828088] Fusion MPT SPI Host driver 3.04.12
[    4.828201] Fusion MPT FC Host driver 3.04.12
[    4.828313] Fusion MPT SAS Host driver 3.04.12
[    4.828517] ohci1394 0000:15:00.1: PCI INT B -> GSI 17 (level, low) -> IRQ 17
[    4.828614] ohci1394 0000:15:00.1: setting latency timer to 64
[    4.882375] ohci1394: fw-host0: OHCI-1394 1.1 (PCI): IRQ=[17]  MMIO=[f8301000-f83017ff]  Max Packet=[2048]  IR/IT contexts=[4/4]
[    4.886649] ehci_hcd: USB 2.0 'Enhanced' Host Controller (EHCI) Driver
[    4.886913] ehci_hcd 0000:00:1a.7: power state changed by ACPI to D0
[    4.887168] ehci_hcd 0000:00:1a.7: power state changed by ACPI to D0
[    4.887266] ehci_hcd 0000:00:1a.7: PCI INT C -> GSI 22 (level, low) -> IRQ 22
[    4.887373] ehci_hcd 0000:00:1a.7: setting latency timer to 64
[    4.887378] ehci_hcd 0000:00:1a.7: EHCI Host Controller
[    4.887517] ehci_hcd 0000:00:1a.7: new USB bus registered, assigned bus number 1
[    4.891551] ehci_hcd 0000:00:1a.7: cache line size of 32 is not supported
[    4.891560] ehci_hcd 0000:00:1a.7: irq 22, io mem 0xfe226c00
[    4.901336] ehci_hcd 0000:00:1a.7: USB 2.0 started, EHCI 1.00
[    4.901441] usb usb1: New USB device found, idVendor=1d6b, idProduct=0002
[    4.901532] usb usb1: New USB device strings: Mfr=3, Product=2, SerialNumber=1
[    4.901655] usb usb1: Product: EHCI Host Controller
[    4.901746] usb usb1: Manufacturer: Linux 2.6.32.57 ehci_hcd
[    4.901840] usb usb1: SerialNumber: 0000:00:1a.7
[    4.901983] usb usb1: configuration #1 chosen from 1 choice
[    4.902104] hub 1-0:1.0: USB hub found
[    4.902200] hub 1-0:1.0: 4 ports detected
[    4.902504] ehci_hcd 0000:00:1d.7: power state changed by ACPI to D0
[    4.902748] ehci_hcd 0000:00:1d.7: power state changed by ACPI to D0
[    4.902847] ehci_hcd 0000:00:1d.7: PCI INT D -> GSI 19 (level, low) -> IRQ 19
[    4.902944] ehci_hcd 0000:00:1d.7: setting latency timer to 64
[    4.902947] ehci_hcd 0000:00:1d.7: EHCI Host Controller
[    4.903075] ehci_hcd 0000:00:1d.7: new USB bus registered, assigned bus number 2
[    4.903228] ehci_hcd 0000:00:1d.7: debug port 1
[    4.907208] ehci_hcd 0000:00:1d.7: cache line size of 32 is not supported
[    4.907217] ehci_hcd 0000:00:1d.7: irq 19, io mem 0xfe227000
[    4.917339] ehci_hcd 0000:00:1d.7: USB 2.0 started, EHCI 1.00
[    4.917451] usb usb2: New USB device found, idVendor=1d6b, idProduct=0002
[    4.917541] usb usb2: New USB device strings: Mfr=3, Product=2, SerialNumber=1
[    4.917664] usb usb2: Product: EHCI Host Controller
[    4.917751] usb usb2: Manufacturer: Linux 2.6.32.57 ehci_hcd
[    4.917842] usb usb2: SerialNumber: 0000:00:1d.7
[    4.917985] usb usb2: configuration #1 chosen from 1 choice
[    4.918103] hub 2-0:1.0: USB hub found
[    4.918192] hub 2-0:1.0: 6 ports detected
[    4.918379] 116x: driver isp116x-hcd, 03 Nov 2005
[    4.918484] ohci_hcd: USB 1.1 'Open' Host Controller (OHCI) Driver
[    4.918597] uhci_hcd: USB Universal Host Controller Interface driver
[    4.918707] uhci_hcd 0000:00:1a.0: PCI INT A -> GSI 20 (level, low) -> IRQ 20
[    4.918806] uhci_hcd 0000:00:1a.0: setting latency timer to 64
[    4.918810] uhci_hcd 0000:00:1a.0: UHCI Host Controller
[    4.918943] uhci_hcd 0000:00:1a.0: new USB bus registered, assigned bus number 3
[    4.919097] uhci_hcd 0000:00:1a.0: irq 20, io base 0x00001860
[    4.919212] usb usb3: New USB device found, idVendor=1d6b, idProduct=0001
[    4.919306] usb usb3: New USB device strings: Mfr=3, Product=2, SerialNumber=1
[    4.919437] usb usb3: Product: UHCI Host Controller
[    4.919532] usb usb3: Manufacturer: Linux 2.6.32.57 uhci_hcd
[    4.919624] usb usb3: SerialNumber: 0000:00:1a.0
[    4.919759] usb usb3: configuration #1 chosen from 1 choice
[    4.919879] hub 3-0:1.0: USB hub found
[    4.919976] hub 3-0:1.0: 2 ports detected
[    4.920280] uhci_hcd 0000:00:1a.1: power state changed by ACPI to D0
[    4.920528] uhci_hcd 0000:00:1a.1: power state changed by ACPI to D0
[    4.920624] uhci_hcd 0000:00:1a.1: PCI INT B -> GSI 21 (level, low) -> IRQ 21
[    4.920722] uhci_hcd 0000:00:1a.1: setting latency timer to 64
[    4.920727] uhci_hcd 0000:00:1a.1: UHCI Host Controller
[    4.920857] uhci_hcd 0000:00:1a.1: new USB bus registered, assigned bus number 4
[    4.921010] uhci_hcd 0000:00:1a.1: irq 21, io base 0x00001880
[    4.921123] usb usb4: New USB device found, idVendor=1d6b, idProduct=0001
[    4.921214] usb usb4: New USB device strings: Mfr=3, Product=2, SerialNumber=1
[    4.921342] usb usb4: Product: UHCI Host Controller
[    4.921431] usb usb4: Manufacturer: Linux 2.6.32.57 uhci_hcd
[    4.921522] usb usb4: SerialNumber: 0000:00:1a.1
[    4.921655] usb usb4: configuration #1 chosen from 1 choice
[    4.921774] hub 4-0:1.0: USB hub found
[    4.921864] hub 4-0:1.0: 2 ports detected
[    4.922152] uhci_hcd 0000:00:1d.0: power state changed by ACPI to D0
[    4.922404] uhci_hcd 0000:00:1d.0: power state changed by ACPI to D0
[    4.922505] uhci_hcd 0000:00:1d.0: PCI INT A -> GSI 16 (level, low) -> IRQ 16
[    4.922604] uhci_hcd 0000:00:1d.0: setting latency timer to 64
[    4.922608] uhci_hcd 0000:00:1d.0: UHCI Host Controller
[    4.922737] uhci_hcd 0000:00:1d.0: new USB bus registered, assigned bus number 5
[    4.922892] uhci_hcd 0000:00:1d.0: irq 16, io base 0x000018a0
[    4.923009] usb usb5: New USB device found, idVendor=1d6b, idProduct=0001
[    4.923101] usb usb5: New USB device strings: Mfr=3, Product=2, SerialNumber=1
[    4.923219] usb usb5: Product: UHCI Host Controller
[    4.923310] usb usb5: Manufacturer: Linux 2.6.32.57 uhci_hcd
[    4.923411] usb usb5: SerialNumber: 0000:00:1d.0
[    4.923549] usb usb5: configuration #1 chosen from 1 choice
[    4.923669] hub 5-0:1.0: USB hub found
[    4.923759] hub 5-0:1.0: 2 ports detected
[    4.923909] uhci_hcd 0000:00:1d.1: PCI INT B -> GSI 17 (level, low) -> IRQ 17
[    4.924004] uhci_hcd 0000:00:1d.1: setting latency timer to 64
[    4.924009] uhci_hcd 0000:00:1d.1: UHCI Host Controller
[    4.924137] uhci_hcd 0000:00:1d.1: new USB bus registered, assigned bus number 6
[    4.924282] uhci_hcd 0000:00:1d.1: irq 17, io base 0x000018c0
[    4.924407] usb usb6: New USB device found, idVendor=1d6b, idProduct=0001
[    4.924500] usb usb6: New USB device strings: Mfr=3, Product=2, SerialNumber=1
[    4.924621] usb usb6: Product: UHCI Host Controller
[    4.924712] usb usb6: Manufacturer: Linux 2.6.32.57 uhci_hcd
[    4.924800] usb usb6: SerialNumber: 0000:00:1d.1
[    4.924936] usb usb6: configuration #1 chosen from 1 choice
[    4.925052] hub 6-0:1.0: USB hub found
[    4.925141] hub 6-0:1.0: 2 ports detected
[    4.925420] uhci_hcd 0000:00:1d.2: power state changed by ACPI to D0
[    4.925655] uhci_hcd 0000:00:1d.2: power state changed by ACPI to D0
[    4.925756] uhci_hcd 0000:00:1d.2: PCI INT C -> GSI 18 (level, low) -> IRQ 18
[    4.925850] uhci_hcd 0000:00:1d.2: setting latency timer to 64
[    4.925855] uhci_hcd 0000:00:1d.2: UHCI Host Controller
[    4.925985] uhci_hcd 0000:00:1d.2: new USB bus registered, assigned bus number 7
[    4.926139] uhci_hcd 0000:00:1d.2: irq 18, io base 0x000018e0
[    4.926254] usb usb7: New USB device found, idVendor=1d6b, idProduct=0001
[    4.926354] usb usb7: New USB device strings: Mfr=3, Product=2, SerialNumber=1
[    4.926479] usb usb7: Product: UHCI Host Controller
[    4.926572] usb usb7: Manufacturer: Linux 2.6.32.57 uhci_hcd
[    4.926662] usb usb7: SerialNumber: 0000:00:1d.2
[    4.927453] usb usb7: configuration #1 chosen from 1 choice
[    4.927578] hub 7-0:1.0: USB hub found
[    4.927669] hub 7-0:1.0: 2 ports detected
[    4.927828] sl811: driver sl811-hcd, 19 May 2005
[    4.927932] r8a66597_hcd: driver r8a66597_hcd, 2009-05-26
[    4.928101] Initializing USB Mass Storage driver...
[    4.928225] usbcore: registered new interface driver usb-storage
[    4.928315] USB Mass Storage support registered.
[    4.928427] usbcore: registered new interface driver ums-alauda
[    4.928534] usbcore: registered new interface driver ums-cypress
[    4.928641] usbcore: registered new interface driver ums-datafab
[    4.928749] usbcore: registered new interface driver ums-freecom
[    4.928856] usbcore: registered new interface driver ums-isd200
[    4.928968] usbcore: registered new interface driver ums-jumpshot
[    4.929079] usbcore: registered new interface driver ums-karma
[    4.929191] usbcore: registered new interface driver ums-onetouch
[    4.929300] usbcore: registered new interface driver ums-sddr09
[    4.929421] usbcore: registered new interface driver ums-sddr55
[    4.929530] usbcore: registered new interface driver ums-usbat
[    4.929676] PNP: PS/2 Controller [PNP0303:KBD,PNP0f13:MOU] at 0x60,0x64 irq 1,12
[    4.937776] serio: i8042 KBD port at 0x60,0x64 irq 1
[    4.937872] serio: i8042 AUX port at 0x60,0x64 irq 12
[    4.938117] mice: PS/2 mouse device common for all mice
[    4.938227] i2c /dev entries driver
[    4.938370] md: linear personality registered for level -1
[    4.938460] md: raid0 personality registered for level 0
[    4.938552] md: raid1 personality registered for level 1
[    4.938641] md: raid10 personality registered for level 10
[    4.938731] md: raid6 personality registered for level 6
[    4.938818] md: raid5 personality registered for level 5
[    4.938908] md: raid4 personality registered for level 4
[    4.939002] md: multipath personality registered for level -4
[    4.939190] device-mapper: ioctl: 4.15.0-ioctl (2009-04-01) initialised: dm-devel@redhat.com
[    4.939403] cpuidle: using governor ladder
[    4.939988] usbcore: registered new interface driver usbhid
[    4.940079] usbhid: v2.6:USB HID core driver
[    4.940229] random 0014 0000 0000 00000000 00000000: rand_read_num 4 get_random_bytes(136): sig 00000000 00000000 00000000
[    4.940232] random 0014 0000 0000 00000000 00000000: extract_entropy(.. 136 ..)
[    4.940234] random 0014 0000 0000 00000000 00000000: going to reseed nonblocking with 1024 bits (1088 of 0 requested)
[    4.940236] random 0014 0000 0000 00000000 00000000: extract_entropy(.. 128 ..)
[    4.940239] random 0014 0000 0000 00000000 00000000: trying to extract 1024 bits from input
[    4.940241] random 0014 0000 0000 00000000 00000000: debiting 0 entropy credits from input
[    4.940243] random 0014 0000 0000 00000000 00000000: extract_entropy account returned: 0 
[    4.940246] random 0014 0000 0000 00000000 00000000: urand_change_num 7 xfer_secondary_pool(136): pool_sig 00000000, data_sig 00000000, bytes_mixed 0 00000000 00000000
[    4.940249] random 0014 0000 0000 00000000 00000000: trying to extract 1088 bits from nonblocking
[    4.940252] random 0014 0000 0000 00000000 00000000: debiting 1088 entropy credits from nonblocking (unlimited)
[    4.940254] random 0014 0000 0000 00000000 00000000: extract_entropy account returned: 136 
[    4.940258] random 0014 0000 0000 00000000 00000000: urand_change_num 8 extract_buf: pool_sig 00000000, data_sig fffffff9, bytes_mixed 20 00000000 00000000
[    4.940264] random 0014 0000 0000 b7c35b56 be4dc95d: urand_change_num 9 extract_buf: pool_sig fffffd1e, data_sig 000000c5, bytes_mixed 20 b7c35b56 be4dc95d
[    4.940269] random 0014 0000 0000 ed9f5c47 c48487fb: urand_change_num 10 extract_buf: pool_sig fffff8ec, data_sig ffffff68, bytes_mixed 20 ed9f5c47 c48487fb
[    4.940274] random 0014 0000 0000 ed9f5c47 c48487fb: urand_change_num 11 extract_buf: pool_sig fffffaed, data_sig 000001aa, bytes_mixed 20 ed9f5c47 c48487fb
[    4.940280] random 0014 0000 0000 1b4f7c0a 91bd6a48: urand_change_num 12 extract_buf: pool_sig fffffdd8, data_sig 00000064, bytes_mixed 20 1b4f7c0a 91bd6a48
[    4.940285] random 0014 0000 0000 a254b9bc 20e9a24f: urand_change_num 13 extract_buf: pool_sig fffffbe6, data_sig 000001dd, bytes_mixed 20 a254b9bc 20e9a24f
[    4.940290] random 0014 0000 0000 a254b9bc 20e9a24f: urand_change_num 14 extract_buf: pool_sig fffff940, data_sig fffffe20, bytes_mixed 20 a254b9bc 20e9a24f
[    4.940295] random 0014 0000 0000 2831a66b 5fa2a3ad: urand_change_num 15 extract_buf: pool_sig fffffbce, data_sig 0000007e, bytes_mixed 20 2831a66b 5fa2a3ad
[    4.940301] random 0014 0000 0000 2831a66b 5fa2a3ad: urand_change_num 16 extract_buf: pool_sig 000004df, data_sig fffffe8f, bytes_mixed 20 2831a66b 5fa2a3ad
[    4.940306] random 0014 0000 0000 d4512bfd c9a54e0b: urand_change_num 17 extract_buf: pool_sig 00000485, data_sig fffffe68, bytes_mixed 20 d4512bfd c9a54e0b
[    4.940311] random 0014 0000 0000 c7371be6 f9ffea11: urand_change_num 18 extract_buf: pool_sig 00000095, data_sig ffffffed, bytes_mixed 20 c7371be6 f9ffea11
[    4.940316] random 0014 0000 0000 c7371be6 f9ffea11: urand_change_num 19 extract_buf: pool_sig 000003a7, data_sig fffffefa, bytes_mixed 20 c7371be6 f9ffea11
[    4.940322] random 0014 0000 0000 8fb4b62c d1ddba54: urand_change_num 20 extract_buf: pool_sig 00000179, data_sig ffffff78, bytes_mixed 20 8fb4b62c d1ddba54
[    4.940327] random 0014 0000 0000 9ff19f9c c07a1d2a: urand_change_num 21 extract_buf: pool_sig fffffe88, data_sig 00000126, bytes_mixed 20 9ff19f9c c07a1d2a
[    4.940331] TCP cubic registered
[    4.940429] Initializing XFRM netlink socket
[    4.940522] NET: Registered protocol family 17
[    4.940621] Using IPI Shortcut mode
[    4.940710] random 0014 0000 0000 9ff19f9c c07a1d2a: rand_read_num 5 get_random_bytes(8): sig 0000031b 9ff19f9c c07a1d2a
[    4.940712] random 0014 0000 0000 9ff19f9c c07a1d2a: extract_entropy(.. 8 ..)
[    4.940714] random 0014 0000 0000 9ff19f9c c07a1d2a: going to reseed nonblocking with 64 bits (64 of 0 requested)
[    4.940717] random 0014 0000 0000 9ff19f9c c07a1d2a: extract_entropy(.. 8 ..)
[    4.940719] random 0014 0000 0000 9ff19f9c c07a1d2a: trying to extract 64 bits from input
[    4.940721] random 0014 0000 0000 9ff19f9c c07a1d2a: debiting 0 entropy credits from input
[    4.940723] random 0014 0000 0000 9ff19f9c c07a1d2a: extract_entropy account returned: 0 
[    4.940726] random 0014 0000 0000 9ff19f9c c07a1d2a: urand_change_num 22 xfer_secondary_pool(8): pool_sig 0000031b, data_sig 00000000, bytes_mixed 0 9ff19f9c c07a1d2a
[    4.940729] random 0014 0000 0000 9ff19f9c c07a1d2a: trying to extract 64 bits from nonblocking
[    4.940731] random 0014 0000 0000 9ff19f9c c07a1d2a: debiting 64 entropy credits from nonblocking (unlimited)
[    4.940733] random 0014 0000 0000 9ff19f9c c07a1d2a: extract_entropy account returned: 8 
[    4.940737] random 0014 0000 0000 9ff19f9c c07a1d2a: urand_change_num 23 extract_buf: pool_sig 0000031b, data_sig ffffffb3, bytes_mixed 20 9ff19f9c c07a1d2a
[    4.943816] input: AT Translated Set 2 keyboard as /devices/platform/i8042/serio0/input/input1
[    5.132375] ata1: SATA link up 1.5 Gbps (SStatus 113 SControl 300)
[    5.132485] ata3: SATA link down (SStatus 0 SControl 300)
[    5.134359] ata1.00: ACPI cmd ef/02:00:00:00:00:a0 (SET FEATURES) succeeded
[    5.134361] ata1.00: ACPI cmd f5/00:00:00:00:00:a0 (SECURITY FREEZE LOCK) filtered out
[    5.135747] ata1.00: ACPI cmd ef/5f:00:00:00:00:a0 (SET FEATURES) succeeded
[    5.135749] ata1.00: ACPI cmd ef/10:03:00:00:00:a0 (SET FEATURES) filtered out
[    5.137659] ata1.00: ATA-7: ST910021AS, 4.06, max UDMA/100
[    5.137751] ata1.00: 195371568 sectors, multi 16: LBA48 
[    5.139898] ata1.00: ACPI cmd ef/02:00:00:00:00:a0 (SET FEATURES) succeeded
[    5.139901] ata1.00: ACPI cmd f5/00:00:00:00:00:a0 (SECURITY FREEZE LOCK) filtered out
[    5.141289] ata1.00: ACPI cmd ef/5f:00:00:00:00:a0 (SET FEATURES) succeeded
[    5.141291] ata1.00: ACPI cmd ef/10:03:00:00:00:a0 (SET FEATURES) filtered out
[    5.143222] ata1.00: configured for UDMA/100
[    5.153427] scsi 2:0:0:0: Direct-Access     ATA      ST910021AS       4.06 PQ: 0 ANSI: 5
[    5.153706] sd 2:0:0:0: [sda] 195371568 512-byte logical blocks: (100 GB/93.1 GiB)
[    5.153849] sd 2:0:0:0: [sda] Write Protect is off
[    5.153938] sd 2:0:0:0: [sda] Mode Sense: 00 3a 00 00
[    5.153950] sd 2:0:0:0: [sda] Write cache: enabled, read cache: enabled, doesn't support DPO or FUA
[    5.154146]  sda:
[    5.220370] usb 2-1: new high speed USB device using ehci_hcd and address 2
[    5.356431] usb 2-1: New USB device found, idVendor=0e8d, idProduct=1806
[    5.356522] usb 2-1: New USB device strings: Mfr=1, Product=2, SerialNumber=3
[    5.356611] usb 2-1: Product: MT1806 
[    5.356700] usb 2-1: Manufacturer: MediaTek Inc
[    5.356780] usb 2-1: SerialNumber: R8KN6GAC800AEB 
[    5.356920] usb 2-1: configuration #1 chosen from 1 choice
[    5.360723] scsi5 : SCSI emulation for USB Mass Storage devices
[    5.360895] usb-storage: device found at 2
[    5.360896] usb-storage: waiting for device to settle before scanning
[    5.575360] random 0014 0000 0000 277f73c3 42024bb9: add_disk_randomness(8:0) 277f73c3 42024bb9
[    5.575364] random 0014 0000 0000 277f73c3 42024bb9: add_timer_randomness(.. 8388864) with jiffies: 13112826984830566798, cycles: -5333917093173657589
[    5.575367] random 0014 0000 0000 277f73c3 42024bb9: added 11 entropy credits to input
[    5.575372]  sda1 sda2
[    5.575937] random 0025 0000 0000 277f73c3 42024bb9: add_disk_randomness(8:0) 277f73c3 42024bb9
[    5.575940] random 0025 0000 0000 277f73c3 42024bb9: add_timer_randomness(.. 8388864) with jiffies: 13118002154134274447, cycles: -5328741923869949941
[    5.576095] sd 2:0:0:0: [sda] Attached SCSI disk
[    5.576185] random 0025 0000 0000 277f73c3 42024bb9: rand_read_num 6 get_random_bytes(12): sig 000007e9 277f73c3 42024bb9
[    5.576188] random 0025 0000 0000 277f73c3 42024bb9: extract_entropy(.. 12 ..)
[    5.576191] random 0025 0000 0000 277f73c3 42024bb9: going to reseed nonblocking with 96 bits (96 of 0 requested)
[    5.576193] random 0025 0000 0000 277f73c3 42024bb9: extract_entropy(.. 12 ..)
[    5.576195] random 0025 0000 0000 277f73c3 42024bb9: trying to extract 96 bits from input
[    5.576197] random 0025 0000 0000 277f73c3 42024bb9: debiting 0 entropy credits from input
[    5.576199] random 0025 0000 0000 277f73c3 42024bb9: extract_entropy account returned: 0 
[    5.576202] random 0025 0000 0000 277f73c3 42024bb9: urand_change_num 24 xfer_secondary_pool(12): pool_sig 000007e9, data_sig 00000000, bytes_mixed 0 277f73c3 42024bb9
[    5.576205] random 0025 0000 0000 277f73c3 42024bb9: trying to extract 96 bits from nonblocking
[    5.576208] random 0025 0000 0000 277f73c3 42024bb9: debiting 96 entropy credits from nonblocking (unlimited)
[    5.576210] random 0025 0000 0000 277f73c3 42024bb9: extract_entropy account returned: 12 
[    5.576214] random 0025 0000 0000 277f73c3 42024bb9: urand_change_num 25 extract_buf: pool_sig 000007e9, data_sig 00000088, bytes_mixed 20 277f73c3 42024bb9
[    5.576219] random 0025 0000 0000 277f73c3 42024bb9: urand_change_num 26 extract_buf: pool_sig 00000498, data_sig fffffefb, bytes_mixed 20 277f73c3 42024bb9
[    5.576222] RANDOM - __seed init called.
[    5.576223] RANDOM - __seed init called.
[    5.576224] RANDOM - __seed init called.
[    5.576226] RANDOM - __random32 called. Change num 12.  Value: 87f14767	f0d7351	b1e48bd3
[    5.576228] RANDOM - random32_reseed called.  Value: 87f14767	f0d7351	b1e48bd3
[    5.576230] Pid: 1, comm: swapper Not tainted 2.6.32.57 #6
[    5.576319] Call Trace:
[    5.576414]  [<c1923ca4>] ? random32_reseed+0xa0/0xb1
[    5.576507]  [<c1923c04>] ? random32_reseed+0x0/0xb1
[    5.576596]  [<c100111e>] ? do_one_initcall+0x2e/0x180
[    5.576693]  [<c1907265>] ? kernel_init+0xad/0x103
[    5.576788]  [<c19071b8>] ? kernel_init+0x0/0x103
[    5.576880]  [<c1003787>] ? kernel_thread_helper+0x7/0x10
[    5.577420] random 0025 0000 0000 386b4e60 ee4d4880: rand_read_num 7 get_random_bytes(64): sig fffffea5 386b4e60 ee4d4880
[    5.577422] random 0025 0000 0000 386b4e60 ee4d4880: extract_entropy(.. 64 ..)
[    5.577424] random 0025 0000 0000 386b4e60 ee4d4880: going to reseed nonblocking with 512 bits (512 of 0 requested)
[    5.577427] random 0025 0000 0000 386b4e60 ee4d4880: extract_entropy(.. 64 ..)
[    5.577429] random 0025 0000 0000 386b4e60 ee4d4880: trying to extract 512 bits from input
[    5.577431] random 0025 0000 0000 386b4e60 ee4d4880: debiting 0 entropy credits from input
[    5.577433] random 0025 0000 0000 386b4e60 ee4d4880: extract_entropy account returned: 0 
[    5.577436] random 0025 0000 0000 386b4e60 ee4d4880: urand_change_num 27 xfer_secondary_pool(64): pool_sig fffffea5, data_sig 00000000, bytes_mixed 0 386b4e60 ee4d4880
[    5.577439] random 0025 0000 0000 386b4e60 ee4d4880: trying to extract 512 bits from nonblocking
[    5.577442] random 0025 0000 0000 386b4e60 ee4d4880: debiting 512 entropy credits from nonblocking (unlimited)
[    5.577444] random 0025 0000 0000 386b4e60 ee4d4880: extract_entropy account returned: 64 
[    5.577448] random 0025 0000 0000 386b4e60 ee4d4880: urand_change_num 28 extract_buf: pool_sig fffffea5, data_sig 00000173, bytes_mixed 20 386b4e60 ee4d4880
[    5.577453] random 0025 0000 0000 412698f6 0cc8689a: urand_change_num 29 extract_buf: pool_sig 00000122, data_sig ffffff63, bytes_mixed 20 412698f6 0cc8689a
[    5.577459] random 0025 0000 0000 412698f6 0cc8689a: urand_change_num 30 extract_buf: pool_sig 000001f7, data_sig 00000012, bytes_mixed 20 412698f6 0cc8689a
[    5.577464] random 0025 0000 0000 9669941e 06f768b1: urand_change_num 31 extract_buf: pool_sig fffffb5b, data_sig 0000003f, bytes_mixed 20 9669941e 06f768b1
[    5.577469] random 0025 0000 0000 98486520 995551f0: urand_change_num 32 extract_buf: pool_sig fffffb39, data_sig 0000000e, bytes_mixed 20 98486520 995551f0
[    5.577474] random 0025 0000 0000 98486520 995551f0: urand_change_num 33 extract_buf: pool_sig fffffd8d, data_sig 000001a6, bytes_mixed 20 98486520 995551f0
[    5.577480] random 0025 0000 0000 61fc8914 d5882ed2: urand_change_num 34 extract_buf: pool_sig fffffa58, data_sig 0000023e, bytes_mixed 20 61fc8914 d5882ed2
[    5.577509] random 0025 0000 0000 61fc8914 d5882ed2: rand_read_num 8 get_random_bytes(64): sig fffff9ee 61fc8914 d5882ed2
[    5.577511] random 0025 0000 0000 61fc8914 d5882ed2: extract_entropy(.. 64 ..)
[    5.577513] random 0025 0000 0000 61fc8914 d5882ed2: going to reseed nonblocking with 512 bits (512 of 0 requested)
[    5.577516] random 0025 0000 0000 61fc8914 d5882ed2: extract_entropy(.. 64 ..)
[    5.577518] random 0025 0000 0000 61fc8914 d5882ed2: trying to extract 512 bits from input
[    5.577520] random 0025 0000 0000 61fc8914 d5882ed2: debiting 0 entropy credits from input
[    5.577522] random 0025 0000 0000 61fc8914 d5882ed2: extract_entropy account returned: 0 
[    5.577525] random 0025 0000 0000 61fc8914 d5882ed2: urand_change_num 35 xfer_secondary_pool(64): pool_sig fffff9ee, data_sig 00000000, bytes_mixed 0 61fc8914 d5882ed2
[    5.577528] random 0025 0000 0000 61fc8914 d5882ed2: trying to extract 512 bits from nonblocking
[    5.577530] random 0025 0000 0000 61fc8914 d5882ed2: debiting 512 entropy credits from nonblocking (unlimited)
[    5.577532] random 0025 0000 0000 61fc8914 d5882ed2: extract_entropy account returned: 64 
[    5.577536] random 0025 0000 0000 61fc8914 d5882ed2: urand_change_num 36 extract_buf: pool_sig fffff9ee, data_sig ffffff85, bytes_mixed 20 61fc8914 d5882ed2
[    5.577542] random 0025 0000 0000 70cfd302 e5edec11: urand_change_num 37 extract_buf: pool_sig fffffdc1, data_sig ffffffde, bytes_mixed 20 70cfd302 e5edec11
[    5.577547] random 0025 0000 0000 00dab838 eafd2b30: urand_change_num 38 extract_buf: pool_sig 000003da, data_sig ffffff61, bytes_mixed 20 00dab838 eafd2b30
[    5.577552] random 0025 0000 0000 00dab838 eafd2b30: urand_change_num 39 extract_buf: pool_sig 00000314, data_sig 00000121, bytes_mixed 20 00dab838 eafd2b30
[    5.577558] random 0025 0000 0000 5fcdf66a 6442b608: urand_change_num 40 extract_buf: pool_sig 0000028b, data_sig fffffefd, bytes_mixed 20 5fcdf66a 6442b608
[    5.577563] random 0025 0000 0000 61333f6b 8fae0f9b: urand_change_num 41 extract_buf: pool_sig 000000cb, data_sig 000000b3, bytes_mixed 20 61333f6b 8fae0f9b
[    5.577568] random 0025 0000 0000 61333f6b 8fae0f9b: urand_change_num 42 extract_buf: pool_sig fffffef8, data_sig 00000051, bytes_mixed 20 61333f6b 8fae0f9b
[    5.577571] BEGIN NET_SECRET:
[    5.577572] \xffffffe0
[    5.577573] \xffffffb6
[    5.577574] \x36
[    5.577575] \xffffffb5
[    5.577575] \xffffff94
[    5.577576] \xffffffb2
[    5.577577] \xffffffa8
[    5.577578] \xffffffda
[    5.577579] \x5b
[    5.577580] \x19
[    5.577580] \x18
[    5.577581] \x5c
[    5.577582] \x2b
[    5.577582] \x1
[    5.577583] \xffffff90
[    5.577584] \x19
[    5.577585] \x3c
[    5.577585] \xfffffff2
[    5.577586] \xffffff82
[    5.577587] \x2a
[    5.577588] \xffffffb3
[    5.577589] \xffffffa2
[    5.577589] \x3f
[    5.577590] \x5
[    5.577591] \x52
[    5.577592] \x77
[    5.577592] \x57
[    5.577593] \x79
[    5.577594] \x16
[    5.577594] \x43
[    5.577595] \xffffff84
[    5.577596] \xffffffc3
[    5.577597] \xffffffe9
[    5.577598] \x79
[    5.577598] \x50
[    5.577599] \xffffff8e
[    5.577600] \x3f
[    5.577601] \xfffffff3
[    5.577601] \x19
[    5.577602] \x2a
[    5.577603] \xfffffffd
[    5.577604] \xfffffffb
[    5.577605] \x62
[    5.577605] \x3c
[    5.577606] \xffffffac
[    5.577607] \x1c
[    5.577608] \x3b
[    5.577608] \x3b
[    5.577609] \x15
[    5.577610] \x27
[    5.577610] \xffffffa8
[    5.577611] \x22
[    5.577612] \xffffffc5
[    5.577613] \xffffff9a
[    5.577614] \x5
[    5.577614] \x6c
[    5.577615] \xffffffa8
[    5.577616] \x3a
[    5.577617] \x44
[    5.577618] \xffffffaf
[    5.577618] \x13
[    5.577619] \xffffffe0
[    5.577620] \xffffff9d
[    5.577621] \x22
[    5.577621] 
[    5.577622] END NET_SECRET
[    5.577625] random 0025 0000 0000 e7f555d9 e8ce5c3c: rand_read_num 9 get_random_bytes(4): sig 0000068c e7f555d9 e8ce5c3c
[    5.577627] random 0025 0000 0000 e7f555d9 e8ce5c3c: extract_entropy(.. 4 ..)
[    5.577629] random 0025 0000 0000 e7f555d9 e8ce5c3c: going to reseed nonblocking with 64 bits (32 of 0 requested)
[    5.577631] random 0025 0000 0000 e7f555d9 e8ce5c3c: extract_entropy(.. 8 ..)
[    5.577634] random 0025 0000 0000 e7f555d9 e8ce5c3c: trying to extract 64 bits from input
[    5.577636] random 0025 0000 0000 e7f555d9 e8ce5c3c: debiting 0 entropy credits from input
[    5.577638] random 0025 0000 0000 e7f555d9 e8ce5c3c: extract_entropy account returned: 0 
[    5.577641] random 0025 0000 0000 e7f555d9 e8ce5c3c: urand_change_num 43 xfer_secondary_pool(4): pool_sig 0000068c, data_sig 00000000, bytes_mixed 0 e7f555d9 e8ce5c3c
[    5.577644] random 0025 0000 0000 e7f555d9 e8ce5c3c: trying to extract 32 bits from nonblocking
[    5.577646] random 0025 0000 0000 e7f555d9 e8ce5c3c: debiting 32 entropy credits from nonblocking (unlimited)
[    5.577648] random 0025 0000 0000 e7f555d9 e8ce5c3c: extract_entropy account returned: 4 
[    5.577652] random 0025 0000 0000 e7f555d9 e8ce5c3c: urand_change_num 44 extract_buf: pool_sig 0000068c, data_sig fffffdcb, bytes_mixed 20 e7f555d9 e8ce5c3c
[    5.577663] md: Waiting for all devices to be available before autodetect
[    5.577757] md: If you don't use raid, use raid=noautodetect
[    5.577922] md: Autodetecting RAID arrays.
[    5.578010] md: Scanned 0 and added 0 devices.
[    5.578100] md: autorun ...
[    5.578184] md: ... autorun DONE.
[    5.591577] random 0025 0000 0000 e7f555d9 e8ce5c3c: add_disk_randomness(8:0) e7f555d9 e8ce5c3c
[    5.591580] random 0025 0000 0000 e7f555d9 e8ce5c3c: add_timer_randomness(.. 8388864) with jiffies: 13258686114312192415, cycles: -5188057963692031989
[    5.591583] random 0025 0000 0000 e7f555d9 e8ce5c3c: added 3 entropy credits to input
[    5.592699] random 0028 0000 0000 e7f555d9 e8ce5c3c: add_disk_randomness(8:0) e7f555d9 e8ce5c3c
[    5.592702] random 0028 0000 0000 e7f555d9 e8ce5c3c: add_timer_randomness(.. 8388864) with jiffies: 13268780301070074272, cycles: -5177963776934150133
[    5.592816] random 0028 0000 0000 e7f555d9 e8ce5c3c: add_disk_randomness(8:0) e7f555d9 e8ce5c3c
[    5.592819] random 0028 0000 0000 e7f555d9 e8ce5c3c: add_timer_randomness(.. 8388864) with jiffies: 13269838598191677856, cycles: -5176905479812546549
[    5.592824] EXT3-fs: sda2: couldn't mount because of unsupported optional features (240).
[    5.593051] random 0028 0000 0000 e7f555d9 e8ce5c3c: add_disk_randomness(8:0) e7f555d9 e8ce5c3c
[    5.593054] random 0028 0000 0000 e7f555d9 e8ce5c3c: add_timer_randomness(.. 8388864) with jiffies: 13271956944781541792, cycles: -5174787133222682613
[    5.593059] EXT2-fs: sda2: couldn't mount because of unsupported optional features (240).
[    5.593319] random 0028 0000 0000 e7f555d9 e8ce5c3c: add_disk_randomness(8:0) e7f555d9 e8ce5c3c
[    5.593323] random 0028 0000 0000 e7f555d9 e8ce5c3c: add_timer_randomness(.. 8388864) with jiffies: 13274375732923695520, cycles: -5172368345080528885
[    5.593458] random 0028 0000 0000 e7f555d9 e8ce5c3c: add_disk_randomness(8:0) e7f555d9 e8ce5c3c
[    5.593461] random 0028 0000 0000 e7f555d9 e8ce5c3c: add_timer_randomness(.. 8388864) with jiffies: 13275607336270660001, cycles: -5171136741733564405
[    5.593585] random 0028 0000 0000 e7f555d9 e8ce5c3c: add_disk_randomness(8:0) e7f555d9 e8ce5c3c
[    5.593588] random 0028 0000 0000 e7f555d9 e8ce5c3c: add_timer_randomness(.. 8388864) with jiffies: 13276753207775429025, cycles: -5169990870228795381
[    5.593701] random 0028 0000 0000 e7f555d9 e8ce5c3c: add_disk_randomness(8:0) e7f555d9 e8ce5c3c
[    5.593704] random 0028 0000 0000 e7f555d9 e8ce5c3c: add_timer_randomness(.. 8388864) with jiffies: 13277799779636314529, cycles: -5168944298367909877
[    5.593815] random 0028 0000 0000 e7f555d9 e8ce5c3c: add_disk_randomness(8:0) e7f555d9 e8ce5c3c
[    5.593818] random 0028 0000 0000 e7f555d9 e8ce5c3c: add_timer_randomness(.. 8388864) with jiffies: 13278827183058157985, cycles: -5167916894946066421
[    5.593922] random 0028 0000 0000 e7f555d9 e8ce5c3c: add_disk_randomness(8:0) e7f555d9 e8ce5c3c
[    5.593925] random 0028 0000 0000 e7f555d9 e8ce5c3c: add_timer_randomness(.. 8388864) with jiffies: 13279791630849376673, cycles: -5166952447154847733
[    5.594077] random 0028 0000 0000 e7f555d9 e8ce5c3c: add_disk_randomness(8:0) e7f555d9 e8ce5c3c
[    5.594080] random 0028 0000 0000 e7f555d9 e8ce5c3c: add_timer_randomness(.. 8388864) with jiffies: 13281186576097575329, cycles: -5165557501906649077
[    5.594199] random 0028 0000 0000 e7f555d9 e8ce5c3c: add_disk_randomness(8:0) e7f555d9 e8ce5c3c
[    5.594202] random 0028 0000 0000 e7f555d9 e8ce5c3c: add_timer_randomness(.. 8388864) with jiffies: 13282288930993701281, cycles: -5164455147010523125
[    5.594442] random 0028 0000 0000 e7f555d9 e8ce5c3c: rand_read_num 10 get_random_bytes(4): sig ffffff72 e7f555d9 e8ce5c3c
[    5.594444] random 0028 0000 0000 e7f555d9 e8ce5c3c: extract_entropy(.. 4 ..)
[    5.594447] random 0028 0000 0000 e7f555d9 e8ce5c3c: going to reseed nonblocking with 64 bits (32 of 0 requested)
[    5.594449] random 0028 0000 0000 e7f555d9 e8ce5c3c: extract_entropy(.. 8 ..)
[    5.594451] random 0028 0000 0000 e7f555d9 e8ce5c3c: trying to extract 64 bits from input
[    5.594453] random 0028 0000 0000 e7f555d9 e8ce5c3c: debiting 0 entropy credits from input
[    5.594455] random 0028 0000 0000 e7f555d9 e8ce5c3c: extract_entropy account returned: 0 
[    5.594458] random 0028 0000 0000 e7f555d9 e8ce5c3c: urand_change_num 45 xfer_secondary_pool(4): pool_sig ffffff72, data_sig 00000000, bytes_mixed 0 e7f555d9 e8ce5c3c
[    5.594461] random 0028 0000 0000 e7f555d9 e8ce5c3c: trying to extract 32 bits from nonblocking
[    5.594464] random 0028 0000 0000 e7f555d9 e8ce5c3c: debiting 32 entropy credits from nonblocking (unlimited)
[    5.594466] random 0028 0000 0000 e7f555d9 e8ce5c3c: extract_entropy account returned: 4 
[    5.594470] random 0028 0000 0000 e7f555d9 e8ce5c3c: urand_change_num 46 extract_buf: pool_sig ffffff72, data_sig ffffff72, bytes_mixed 20 e7f555d9 e8ce5c3c
[    5.606029] random 0028 0000 0000 91716c54 eeb6a1e7: add_disk_randomness(8:0) 91716c54 eeb6a1e7
[    5.606032] random 0028 0000 0000 91716c54 eeb6a1e7: add_timer_randomness(.. 8388864) with jiffies: 13388696664147722669, cycles: -5058047413856501749
[    5.606035] random 0028 0000 0000 91716c54 eeb6a1e7: added 3 entropy credits to input
[    5.624306] random 0031 0000 0000 91716c54 eeb6a1e7: add_disk_randomness(8:0) 91716c54 eeb6a1e7
[    5.624309] random 0031 0000 0000 91716c54 eeb6a1e7: add_timer_randomness(.. 8388864) with jiffies: 13553113140429554111, cycles: -4893630937574670325
[    5.624312] random 0031 0000 0000 91716c54 eeb6a1e7: added 2 entropy credits to input
[    5.629020] EXT4-fs (sda2): mounted filesystem with ordered data mode
[    5.629220] VFS: Mounted root (ext4 filesystem) readonly on device 8:2.
[    5.629321] Freeing unused kernel memory: 448k freed
[    5.649464] random 0033 0000 0000 91716c54 eeb6a1e7: add_disk_randomness(8:0) 91716c54 eeb6a1e7
[    5.649467] random 0033 0000 0000 91716c54 eeb6a1e7: add_timer_randomness(.. 8388864) with jiffies: 13779406746688389593, cycles: -4667337331315834869
[    5.649470] random 0033 0000 0000 91716c54 eeb6a1e7: added 1 entropy credits to input
[    5.650194] random 0034 0000 0000 91716c54 eeb6a1e7: add_disk_randomness(8:0) 91716c54 eeb6a1e7
[    5.650197] random 0034 0000 0000 91716c54 eeb6a1e7: add_timer_randomness(.. 8388864) with jiffies: 13785988857083953625, cycles: -4660755220920270837
[    5.654927] random 0034 0000 0000 91716c54 eeb6a1e7: add_disk_randomness(8:0) 91716c54 eeb6a1e7
[    5.654930] random 0034 0000 0000 91716c54 eeb6a1e7: add_timer_randomness(.. 8388864) with jiffies: 13828554486953247198, cycles: -4618189591050977269
[    5.654932] random 0034 0000 0000 91716c54 eeb6a1e7: added 2 entropy credits to input
[    5.663121] random 0036 0000 0000 91716c54 eeb6a1e7: add_disk_randomness(8:0) 91716c54 eeb6a1e7
[    5.663124] random 0036 0000 0000 91716c54 eeb6a1e7: add_timer_randomness(.. 8388864) with jiffies: 13902270750116250086, cycles: -4544473327887974389
[    5.663127] random 0036 0000 0000 91716c54 eeb6a1e7: added 1 entropy credits to input
[    5.666546] random 0037 0000 0000 91716c54 eeb6a1e7: add_disk_randomness(8:0) 91716c54 eeb6a1e7
[    5.666549] random 0037 0000 0000 91716c54 eeb6a1e7: add_timer_randomness(.. 8388864) with jiffies: 13933065072923083242, cycles: -4513679005081141237
[    5.666551] random 0037 0000 0000 91716c54 eeb6a1e7: added 2 entropy credits to input
[    5.675444] random 0039 0000 0000 91716c54 eeb6a1e7: add_disk_randomness(8:0) 91716c54 eeb6a1e7
[    5.675447] random 0039 0000 0000 91716c54 eeb6a1e7: add_timer_randomness(.. 8388864) with jiffies: 14013108557352501747, cycles: -4433635520651722741
[    5.675450] random 0039 0000 0000 91716c54 eeb6a1e7: added 2 entropy credits to input
[    5.688725] random 0041 0000 0000 91716c54 eeb6a1e7: add_disk_randomness(8:0) 91716c54 eeb6a1e7
[    5.688728] random 0041 0000 0000 91716c54 eeb6a1e7: add_timer_randomness(.. 8388864) with jiffies: 14132575885894320640, cycles: -4314168192109903861
[    5.696799] random 0041 0000 0000 91716c54 eeb6a1e7: add_disk_randomness(8:0) 91716c54 eeb6a1e7
[    5.696802] random 0041 0000 0000 91716c54 eeb6a1e7: add_timer_randomness(.. 8388864) with jiffies: 14205209409276838408, cycles: -4241534668727386101
[    5.696805] random 0041 0000 0000 91716c54 eeb6a1e7: added 2 entropy credits to input
[    5.696828] RANDOM get_random_int call with cycles 50552103283, jiffies 4294672904 and pid 1
[    5.696831] RANDOM get_random_int call with cycles 50552110581, jiffies 4294672904 and pid 1
[    5.696833] ASLR stack rand value: 5763072 after shift for pid: 1
[    5.696834] RANDOM get_random_int call with cycles 50552118771, jiffies 4294672904 and pid 1
[    5.708452] random 0043 0000 0000 91716c54 eeb6a1e7: add_disk_randomness(8:0) 91716c54 eeb6a1e7
[    5.708455] random 0043 0000 0000 91716c54 eeb6a1e7: add_timer_randomness(.. 8388864) with jiffies: 14310027063933501972, cycles: -4136717014070722549
[    5.708458] random 0043 0000 0000 91716c54 eeb6a1e7: added 2 entropy credits to input
[    5.708468] RANDOM get_random_int call with cycles 50576482015, jiffies 4294672916 and pid 1
[    5.708474] random 0045 0000 0000 91716c54 eeb6a1e7: rand_read_num 11 get_random_bytes(16): sig fffffcad 91716c54 eeb6a1e7
[    5.708476] random 0045 0000 0000 91716c54 eeb6a1e7: extract_entropy(.. 16 ..)
[    5.708479] random 0045 0000 0000 91716c54 eeb6a1e7: going to reseed nonblocking with 128 bits (128 of 0 requested)
[    5.708481] random 0045 0000 0000 91716c54 eeb6a1e7: extract_entropy(.. 16 ..)
[    5.708483] random 0045 0000 0000 91716c54 eeb6a1e7: trying to extract 128 bits from input
[    5.708485] random 0045 0000 0000 91716c54 eeb6a1e7: debiting 0 entropy credits from input
[    5.708487] random 0045 0000 0000 91716c54 eeb6a1e7: extract_entropy account returned: 0 
[    5.708490] random 0045 0000 0000 91716c54 eeb6a1e7: urand_change_num 47 xfer_secondary_pool(16): pool_sig fffffcad, data_sig 00000000, bytes_mixed 0 91716c54 eeb6a1e7
[    5.708494] random 0045 0000 0000 91716c54 eeb6a1e7: trying to extract 128 bits from nonblocking
[    5.708496] random 0045 0000 0000 91716c54 eeb6a1e7: debiting 128 entropy credits from nonblocking (unlimited)
[    5.708498] random 0045 0000 0000 91716c54 eeb6a1e7: extract_entropy account returned: 16 
[    5.708502] random 0045 0000 0000 91716c54 eeb6a1e7: urand_change_num 48 extract_buf: pool_sig fffffcad, data_sig ffffff19, bytes_mixed 20 91716c54 eeb6a1e7
[    5.708508] random 0045 0000 0000 fd637b06 6cf47bc1: urand_change_num 49 extract_buf: pool_sig fffffede, data_sig ffffffc1, bytes_mixed 20 fd637b06 6cf47bc1
[    5.709464] random 0045 0000 0000 fd637b06 6cf47bc1: add_disk_randomness(8:0) fd637b06 6cf47bc1
[    5.709467] random 0045 0000 0000 fd637b06 6cf47bc1: add_timer_randomness(.. 8388864) with jiffies: 14319132991601476117, cycles: -4127611086402748405
[    5.710598] random 0045 0000 0000 fd637b06 6cf47bc1: add_disk_randomness(8:0) fd637b06 6cf47bc1
[    5.710601] random 0045 0000 0000 fd637b06 6cf47bc1: add_timer_randomness(.. 8388864) with jiffies: 14329336313478349334, cycles: -4117407764525875189
[    5.711749] random 0045 0000 0000 fd637b06 6cf47bc1: add_disk_randomness(8:0) fd637b06 6cf47bc1
[    5.711751] random 0045 0000 0000 fd637b06 6cf47bc1: add_timer_randomness(.. 8388864) with jiffies: 14339686785229750807, cycles: -4107057292774473717
[    5.712630] random 0045 0000 0000 fd637b06 6cf47bc1: add_disk_randomness(8:0) fd637b06 6cf47bc1
[    5.712633] random 0045 0000 0000 fd637b06 6cf47bc1: add_timer_randomness(.. 8388864) with jiffies: 14347613018525499928, cycles: -4099131059478724597
[    5.721449] random 0045 0000 0000 fd637b06 6cf47bc1: add_disk_randomness(8:0) fd637b06 6cf47bc1
[    5.721452] random 0045 0000 0000 fd637b06 6cf47bc1: add_timer_randomness(.. 8388864) with jiffies: 14426938646416032289, cycles: -4019805431588192245
[    5.721454] random 0045 0000 0000 fd637b06 6cf47bc1: added 3 entropy credits to input
[    5.721653] random 0048 0000 0000 fd637b06 6cf47bc1: add_disk_randomness(8:0) fd637b06 6cf47bc1
[    5.721657] random 0048 0000 0000 fd637b06 6cf47bc1: add_timer_randomness(.. 8388864) with jiffies: 14428785284784816673, cycles: -4017958793219407861
[    5.731839] random 0048 0000 0000 fd637b06 6cf47bc1: add_disk_randomness(8:0) fd637b06 6cf47bc1
[    5.731842] random 0048 0000 0000 fd637b06 6cf47bc1: add_timer_randomness(.. 8388864) with jiffies: 14520407958094578219, cycles: -3926336119909646325
[    5.731844] random 0048 0000 0000 fd637b06 6cf47bc1: added 3 entropy credits to input
[    5.732274] random 0051 0000 0000 fd637b06 6cf47bc1: add_disk_randomness(8:0) fd637b06 6cf47bc1
[    5.732277] random 0051 0000 0000 fd637b06 6cf47bc1: add_timer_randomness(.. 8388864) with jiffies: 14524334885348016683, cycles: -3922409192656207861
[    5.742018] random 0051 0000 0000 fd637b06 6cf47bc1: add_disk_randomness(8:0) fd637b06 6cf47bc1
[    5.742021] random 0051 0000 0000 fd637b06 6cf47bc1: add_timer_randomness(.. 8388864) with jiffies: 14611976111089484341, cycles: -3834767966914740213
[    5.742023] random 0051 0000 0000 fd637b06 6cf47bc1: added 3 entropy credits to input
[    5.742077] RANDOM get_random_int call with cycles 50646874866, jiffies 4294672949 and pid 1
[    5.746628] random 0054 0000 0000 fd637b06 6cf47bc1: add_disk_randomness(8:0) fd637b06 6cf47bc1
[    5.746632] random 0054 0000 0000 fd637b06 6cf47bc1: add_timer_randomness(.. 8388864) with jiffies: 14653446915140321850, cycles: -3793297162863902709
[    5.746635] random 0054 0000 0000 fd637b06 6cf47bc1: added 2 entropy credits to input
[    5.759455] random 0056 0000 0000 fd637b06 6cf47bc1: add_disk_randomness(8:0) fd637b06 6cf47bc1
[    5.759458] random 0056 0000 0000 fd637b06 6cf47bc1: add_timer_randomness(.. 8388864) with jiffies: 14768826414068892231, cycles: -3677917663935332341
[    5.759461] random 0056 0000 0000 fd637b06 6cf47bc1: added 3 entropy credits to input
[    5.759599] random 0059 0000 0000 fd637b06 6cf47bc1: add_disk_randomness(8:0) fd637b06 6cf47bc1
[    5.759602] random 0059 0000 0000 fd637b06 6cf47bc1: add_timer_randomness(.. 8388864) with jiffies: 14770117184885326407, cycles: -3676626893118898165
[    5.761759] random 0059 0000 0000 fd637b06 6cf47bc1: add_disk_randomness(8:0) fd637b06 6cf47bc1
[    5.761762] random 0059 0000 0000 fd637b06 6cf47bc1: add_timer_randomness(.. 8388864) with jiffies: 14789557800299889225, cycles: -3657186277704335349
[    5.761765] random 0059 0000 0000 fd637b06 6cf47bc1: added 1 entropy credits to input
[    5.762006] random 0060 0000 0000 fd637b06 6cf47bc1: add_disk_randomness(8:0) fd637b06 6cf47bc1
[    5.762009] random 0060 0000 0000 fd637b06 6cf47bc1: add_timer_randomness(.. 8388864) with jiffies: 14791779784450605641, cycles: -3654964293553618933
[    5.762143] random 0060 0000 0000 fd637b06 6cf47bc1: add_disk_randomness(8:0) fd637b06 6cf47bc1
[    5.762147] random 0060 0000 0000 fd637b06 6cf47bc1: add_timer_randomness(.. 8388864) with jiffies: 14793018465903673929, cycles: -3653725612100550645
[    5.765313] random 0060 0000 0000 fd637b06 6cf47bc1: add_disk_randomness(8:0) fd637b06 6cf47bc1
[    5.765316] random 0060 0000 0000 fd637b06 6cf47bc1: add_timer_randomness(.. 8388864) with jiffies: 14821531821773914700, cycles: -3625212256230309877
[    5.765319] random 0060 0000 0000 fd637b06 6cf47bc1: added 1 entropy credits to input
[    5.767325] random 0061 0000 0000 fd637b06 6cf47bc1: add_disk_randomness(8:0) fd637b06 6cf47bc1
[    5.767328] random 0061 0000 0000 fd637b06 6cf47bc1: add_timer_randomness(.. 8388864) with jiffies: 14839635534128317006, cycles: -3607108543875907573
[    5.775157] random 0061 0000 0000 fd637b06 6cf47bc1: add_disk_randomness(8:0) fd637b06 6cf47bc1
[    5.775160] random 0061 0000 0000 fd637b06 6cf47bc1: add_timer_randomness(.. 8388864) with jiffies: 14910083017941418582, cycles: -3536661060062806005
[    5.775163] random 0061 0000 0000 fd637b06 6cf47bc1: added 2 entropy credits to input
[    5.775293] random 0063 0000 0000 fd637b06 6cf47bc1: add_disk_randomness(8:0) fd637b06 6cf47bc1
[    5.775296] random 0063 0000 0000 fd637b06 6cf47bc1: add_timer_randomness(.. 8388864) with jiffies: 14911306821627773526, cycles: -3535437256376451061
[    5.778854] random 0063 0000 0000 fd637b06 6cf47bc1: add_disk_randomness(8:0) fd637b06 6cf47bc1
[    5.778857] random 0063 0000 0000 fd637b06 6cf47bc1: add_timer_randomness(.. 8388864) with jiffies: 14943332159371051610, cycles: -3503411918633172981
[    5.778860] random 0063 0000 0000 fd637b06 6cf47bc1: added 2 entropy credits to input
[    5.783361] random 0065 0000 0000 fd637b06 6cf47bc1: add_disk_randomness(8:0) fd637b06 6cf47bc1
[    5.783364] random 0065 0000 0000 fd637b06 6cf47bc1: add_timer_randomness(.. 8388864) with jiffies: 14983881946339967582, cycles: -3462862131664257013
[    5.788934] random 0065 0000 0000 fd637b06 6cf47bc1: add_disk_randomness(8:0) fd637b06 6cf47bc1
[    5.788937] random 0065 0000 0000 fd637b06 6cf47bc1: add_timer_randomness(.. 8388864) with jiffies: 15034005765167481444, cycles: -3412738312836743157
[    5.788940] random 0065 0000 0000 fd637b06 6cf47bc1: added 1 entropy credits to input
[    5.795214] random 0066 0000 0000 fd637b06 6cf47bc1: add_disk_randomness(8:0) fd637b06 6cf47bc1
[    5.795217] random 0066 0000 0000 fd637b06 6cf47bc1: add_timer_randomness(.. 8388864) with jiffies: 15090502851605791338, cycles: -3356241226398433269
[    5.795228] random 0066 0000 0000 fd637b06 6cf47bc1: rand_read_num 12 get_random_bytes(16): sig 0000033b fd637b06 6cf47bc1
[    5.795230] random 0066 0000 0000 fd637b06 6cf47bc1: extract_entropy(.. 16 ..)
[    5.795233] random 0066 0000 0000 fd637b06 6cf47bc1: going to reseed nonblocking with 128 bits (128 of 0 requested)
[    5.795235] random 0066 0000 0000 fd637b06 6cf47bc1: extract_entropy(.. 16 ..)
[    5.795237] random 0066 0000 0000 fd637b06 6cf47bc1: trying to extract 128 bits from input
[    5.795239] random 0066 0000 0000 fd637b06 6cf47bc1: debiting 0 entropy credits from input
[    5.795241] random 0066 0000 0000 fd637b06 6cf47bc1: extract_entropy account returned: 0 
[    5.795244] random 0066 0000 0000 fd637b06 6cf47bc1: urand_change_num 50 xfer_secondary_pool(16): pool_sig 0000033b, data_sig 00000000, bytes_mixed 0 fd637b06 6cf47bc1
[    5.795247] random 0066 0000 0000 fd637b06 6cf47bc1: trying to extract 128 bits from nonblocking
[    5.795250] random 0066 0000 0000 fd637b06 6cf47bc1: debiting 128 entropy credits from nonblocking (unlimited)
[    5.795252] random 0066 0000 0000 fd637b06 6cf47bc1: extract_entropy account returned: 16 
[    5.795256] random 0066 0000 0000 fd637b06 6cf47bc1: urand_change_num 51 extract_buf: pool_sig 0000033b, data_sig 000000d8, bytes_mixed 20 fd637b06 6cf47bc1
[    5.795262] random 0066 0000 0000 0ec1f012 d4727ca8: urand_change_num 52 extract_buf: pool_sig fffffcf5, data_sig 00000016, bytes_mixed 20 0ec1f012 d4727ca8
[    5.801963] random 0066 0000 0000 45b1d0b1 845a73f7: add_disk_randomness(8:0) 45b1d0b1 845a73f7
[    5.801966] random 0066 0000 0000 45b1d0b1 845a73f7: add_timer_randomness(.. 8388864) with jiffies: 15151205698869363313, cycles: -3295538379134861301
[    5.809183] random 0066 0000 0000 45b1d0b1 845a73f7: add_disk_randomness(8:0) 45b1d0b1 845a73f7
[    5.809186] random 0066 0000 0000 45b1d0b1 845a73f7: add_timer_randomness(.. 8388864) with jiffies: 15216157557278868088, cycles: -3230586520725356533
[    5.814779] random 0066 0000 0000 45b1d0b1 845a73f7: add_disk_randomness(8:0) 45b1d0b1 845a73f7
[    5.814782] random 0066 0000 0000 45b1d0b1 845a73f7: add_timer_randomness(.. 8388864) with jiffies: 15266491485906502270, cycles: -3180252592097722357
[    5.826608] random 0066 0000 0000 45b1d0b1 845a73f7: add_disk_randomness(8:0) 45b1d0b1 845a73f7
[    5.826611] random 0066 0000 0000 45b1d0b1 845a73f7: add_timer_randomness(.. 8388864) with jiffies: 15372895654237667978, cycles: -3073848423766556661
[    5.826614] random 0066 0000 0000 45b1d0b1 845a73f7: added 2 entropy credits to input
[    5.829749] random 0068 0000 0000 45b1d0b1 845a73f7: add_disk_randomness(8:0) 45b1d0b1 845a73f7
[    5.829752] random 0068 0000 0000 45b1d0b1 845a73f7: add_timer_randomness(.. 8388864) with jiffies: 15401157367974036109, cycles: -3045586710030188533
[    5.829755] random 0068 0000 0000 45b1d0b1 845a73f7: added 1 entropy credits to input
[    5.844021] random 0069 0000 0000 45b1d0b1 845a73f7: add_disk_randomness(8:0) 45b1d0b1 845a73f7
[    5.844025] random 0069 0000 0000 45b1d0b1 845a73f7: add_timer_randomness(.. 8388864) with jiffies: 15529545408014156443, cycles: -2917198669990068213
[    5.844027] random 0069 0000 0000 45b1d0b1 845a73f7: added 3 entropy credits to input
[    5.849420] random 0072 0000 0000 45b1d0b1 845a73f7: add_disk_randomness(8:0) 45b1d0b1 845a73f7
[    5.849423] random 0072 0000 0000 45b1d0b1 845a73f7: add_timer_randomness(.. 8388864) with jiffies: 15578114143737840288, cycles: -2868629934266384373
[    5.849429] random 0072 0000 0000 45b1d0b1 845a73f7: added 2 entropy credits to input
[    5.854594] random 0074 0000 0000 45b1d0b1 845a73f7: add_disk_randomness(8:0) 45b1d0b1 845a73f7
[    5.854597] random 0074 0000 0000 45b1d0b1 845a73f7: add_timer_randomness(.. 8388864) with jiffies: 15624639527295615654, cycles: -2822104550708609013
[    5.862824] random 0074 0000 0000 45b1d0b1 845a73f7: add_disk_randomness(8:0) 45b1d0b1 845a73f7
[    5.862827] random 0074 0000 0000 45b1d0b1 845a73f7: add_timer_randomness(.. 8388864) with jiffies: 15698677741207126702, cycles: -2748066336797097973
[    5.872426] random 0074 0000 0000 45b1d0b1 845a73f7: add_disk_randomness(8:0) 45b1d0b1 845a73f7
[    5.872432] random 0074 0000 0000 45b1d0b1 845a73f7: add_timer_randomness(.. 8388864) with jiffies: 15785071987618710200, cycles: -2661672090385514485
[    5.891934] random 0074 0000 0000 45b1d0b1 845a73f7: add_disk_randomness(8:0) 45b1d0b1 845a73f7
[    5.891937] random 0074 0000 0000 45b1d0b1 845a73f7: add_timer_randomness(.. 8388864) with jiffies: 15960538302356619979, cycles: -2486205775647604725
[    5.891940] random 0074 0000 0000 45b1d0b1 845a73f7: added 2 entropy credits to input
[    5.905219] random 0076 0000 0000 45b1d0b1 845a73f7: add_disk_randomness(8:0) 45b1d0b1 845a73f7
[    5.905222] random 0076 0000 0000 45b1d0b1 845a73f7: add_timer_randomness(.. 8388864) with jiffies: 16080045453835207384, cycles: -2366698624169017333
[    5.905225] random 0076 0000 0000 45b1d0b1 845a73f7: added 2 entropy credits to input
[    5.913237] random 0078 0000 0000 45b1d0b1 845a73f7: add_disk_randomness(8:0) 45b1d0b1 845a73f7
[    5.913240] random 0078 0000 0000 45b1d0b1 845a73f7: add_timer_randomness(.. 8388864) with jiffies: 16152175873338606304, cycles: -2294568204665618421
[    5.923256] random 0078 0000 0000 45b1d0b1 845a73f7: add_disk_randomness(8:0) 45b1d0b1 845a73f7
[    5.923258] random 0078 0000 0000 45b1d0b1 845a73f7: add_timer_randomness(.. 8388864) with jiffies: 16242294470576145130, cycles: -2204449607428079605
[    5.923261] random 0078 0000 0000 45b1d0b1 845a73f7: added 1 entropy credits to input
[    5.936147] random 0079 0000 0000 45b1d0b1 845a73f7: add_disk_randomness(8:0) 45b1d0b1 845a73f7
[    5.936150] random 0079 0000 0000 45b1d0b1 845a73f7: add_timer_randomness(.. 8388864) with jiffies: 16358257071444689655, cycles: -2088487006559535093
[    5.943502] random 0079 0000 0000 45b1d0b1 845a73f7: add_disk_randomness(8:0) 45b1d0b1 845a73f7
[    5.943505] random 0079 0000 0000 45b1d0b1 845a73f7: add_timer_randomness(.. 8388864) with jiffies: 16424409957328978687, cycles: -2022334120675246069
[    5.943508] random 0079 0000 0000 45b1d0b1 845a73f7: added 2 entropy credits to input
[    5.948756] random 0081 0000 0000 45b1d0b1 845a73f7: add_disk_randomness(8:0) 45b1d0b1 845a73f7
[    5.948759] random 0081 0000 0000 45b1d0b1 845a73f7: add_timer_randomness(.. 8388864) with jiffies: 16471672992929907460, cycles: -1975071085074317301
[    5.948762] random 0081 0000 0000 45b1d0b1 845a73f7: added 1 entropy credits to input
[    5.955192] random 0082 0000 0000 45b1d0b1 845a73f7: add_disk_randomness(8:0) 45b1d0b1 845a73f7
[    5.955195] random 0082 0000 0000 45b1d0b1 845a73f7: add_timer_randomness(.. 8388864) with jiffies: 16529572377600426762, cycles: -1917171700403798005
[    5.960244] random 0082 0000 0000 45b1d0b1 845a73f7: add_disk_randomness(8:0) 45b1d0b1 845a73f7
[    5.960247] random 0082 0000 0000 45b1d0b1 845a73f7: add_timer_randomness(.. 8388864) with jiffies: 16575026115278242575, cycles: -1871717962725982197
[    5.966147] random 0082 0000 0000 45b1d0b1 845a73f7: add_disk_randomness(8:0) 45b1d0b1 845a73f7
[    5.966150] random 0082 0000 0000 45b1d0b1 845a73f7: add_timer_randomness(.. 8388864) with jiffies: 16628123056496935701, cycles: -1818621021507289077
[    5.975506] random 0082 0000 0000 45b1d0b1 845a73f7: add_disk_randomness(8:0) 45b1d0b1 845a73f7
[    5.975509] random 0082 0000 0000 45b1d0b1 845a73f7: add_timer_randomness(.. 8388864) with jiffies: 16712299291602551583, cycles: -1734444786401673205
[    5.975512] random 0082 0000 0000 45b1d0b1 845a73f7: added 1 entropy credits to input
[    5.980384] random 0083 0000 0000 45b1d0b1 845a73f7: add_disk_randomness(8:0) 45b1d0b1 845a73f7
[    5.980387] random 0083 0000 0000 45b1d0b1 845a73f7: add_timer_randomness(.. 8388864) with jiffies: 16756193749993489187, cycles: -1690550328010735605
[    5.980390] random 0083 0000 0000 45b1d0b1 845a73f7: added 2 entropy credits to input
[    5.987813] random 0085 0000 0000 45b1d0b1 845a73f7: add_disk_randomness(8:0) 45b1d0b1 845a73f7
[    5.987816] random 0085 0000 0000 45b1d0b1 845a73f7: add_timer_randomness(.. 8388864) with jiffies: 16823010466023047979, cycles: -1623733611981176821
[    5.987819] random 0085 0000 0000 45b1d0b1 845a73f7: added 2 entropy credits to input
[    5.994034] random 0087 0000 0000 45b1d0b1 845a73f7: add_disk_randomness(8:0) 45b1d0b1 845a73f7
[    5.994037] random 0087 0000 0000 45b1d0b1 845a73f7: add_timer_randomness(.. 8388864) with jiffies: 16878973374493852465, cycles: -1567770703510372341
[    5.994040] random 0087 0000 0000 45b1d0b1 845a73f7: added 1 entropy credits to input
[    5.999504] random 0088 0000 0000 45b1d0b1 845a73f7: add_disk_randomness(8:0) 45b1d0b1 845a73f7
[    5.999507] random 0088 0000 0000 45b1d0b1 845a73f7: add_timer_randomness(.. 8388864) with jiffies: 16928174101770240823, cycles: -1518569976233983989
[    6.008599] random 0088 0000 0000 45b1d0b1 845a73f7: add_disk_randomness(8:0) 45b1d0b1 845a73f7
[    6.008603] random 0088 0000 0000 45b1d0b1 845a73f7: add_timer_randomness(.. 8388864) with jiffies: 17009990312476246848, cycles: -1436753765527977973
[    6.008605] random 0088 0000 0000 45b1d0b1 845a73f7: added 1 entropy credits to input
[    6.016022] random 0089 0000 0000 45b1d0b1 845a73f7: add_disk_randomness(8:0) 45b1d0b1 845a73f7
[    6.016025] random 0089 0000 0000 45b1d0b1 845a73f7: add_timer_randomness(.. 8388864) with jiffies: 17076761974298870599, cycles: -1369982103705354229
[    6.016027] random 0089 0000 0000 45b1d0b1 845a73f7: added 1 entropy credits to input
[    6.025705] random 0090 0000 0000 45b1d0b1 845a73f7: add_disk_randomness(8:0) 45b1d0b1 845a73f7
[    6.025708] random 0090 0000 0000 45b1d0b1 845a73f7: add_timer_randomness(.. 8388864) with jiffies: 17163860818685297489, cycles: -1282883259318927349
[    6.025710] random 0090 0000 0000 45b1d0b1 845a73f7: added 1 entropy credits to input
[    6.036333] random 0091 0000 0000 45b1d0b1 845a73f7: add_disk_randomness(8:0) 45b1d0b1 845a73f7
[    6.036336] random 0091 0000 0000 45b1d0b1 845a73f7: add_timer_randomness(.. 8388864) with jiffies: 17259474409966240603, cycles: -1187269668037984245
[    6.048854] random 0091 0000 0000 45b1d0b1 845a73f7: add_disk_randomness(8:0) 45b1d0b1 845a73f7
[    6.048857] random 0091 0000 0000 45b1d0b1 845a73f7: add_timer_randomness(.. 8388864) with jiffies: 17372101268649771880, cycles: -1074642809354452981
[    6.048860] random 0091 0000 0000 45b1d0b1 845a73f7: added 1 entropy credits to input
[    6.050066] random 0092 0000 0000 45b1d0b1 845a73f7: add_disk_randomness(8:0) 45b1d0b1 845a73f7
[    6.050069] random 0092 0000 0000 45b1d0b1 845a73f7: add_timer_randomness(.. 8388864) with jiffies: 17383007745392477033, cycles: -1063736332611747829
[    6.054080] random 0092 0000 0000 45b1d0b1 845a73f7: add_disk_randomness(8:0) 45b1d0b1 845a73f7
[    6.054083] random 0092 0000 0000 45b1d0b1 845a73f7: add_timer_randomness(.. 8388864) with jiffies: 17419116136745370477, cycles: -1027627941258854389
[    6.054086] random 0092 0000 0000 45b1d0b1 845a73f7: added 1 entropy credits to input
[    6.063422] random 0093 0000 0000 45b1d0b1 845a73f7: add_disk_randomness(8:0) 45b1d0b1 845a73f7
[    6.063425] random 0093 0000 0000 45b1d0b1 845a73f7: add_timer_randomness(.. 8388864) with jiffies: 17503155409638884214, cycles: -943588668365340661
[    6.063428] random 0093 0000 0000 45b1d0b1 845a73f7: added 1 entropy credits to input
[    6.063772] random 0094 0000 0000 45b1d0b1 845a73f7: add_disk_randomness(8:0) 45b1d0b1 845a73f7
[    6.063775] random 0094 0000 0000 45b1d0b1 845a73f7: add_timer_randomness(.. 8388864) with jiffies: 17506297508928390007, cycles: -940446569075834869
[    6.079435] random 0094 0000 0000 45b1d0b1 845a73f7: add_disk_randomness(8:0) 45b1d0b1 845a73f7
[    6.079438] random 0094 0000 0000 45b1d0b1 845a73f7: add_timer_randomness(.. 8388864) with jiffies: 17647201994202121094, cycles: -799542083802103797
[    6.079441] random 0094 0000 0000 45b1d0b1 845a73f7: added 3 entropy credits to input
[    6.081068] random 0097 0000 0000 45b1d0b1 845a73f7: add_disk_randomness(8:0) 45b1d0b1 845a73f7
[    6.081071] random 0097 0000 0000 45b1d0b1 845a73f7: add_timer_randomness(.. 8388864) with jiffies: 17661883463730168712, cycles: -784860614274056181
[    6.081074] random 0097 0000 0000 45b1d0b1 845a73f7: added 1 entropy credits to input
[    6.081223] random 0098 0000 0000 45b1d0b1 845a73f7: add_disk_randomness(8:0) 45b1d0b1 845a73f7
[    6.081226] random 0098 0000 0000 45b1d0b1 845a73f7: add_timer_randomness(.. 8388864) with jiffies: 17663284318853366664, cycles: -783459759150858229
[    6.092089] random 0098 0000 0000 45b1d0b1 845a73f7: add_disk_randomness(8:0) 45b1d0b1 845a73f7
[    6.092092] random 0098 0000 0000 45b1d0b1 845a73f7: add_timer_randomness(.. 8388864) with jiffies: 17761025641227715475, cycles: -685718436776509429
[    6.092095] random 0098 0000 0000 45b1d0b1 845a73f7: added 3 entropy credits to input
[    6.092658] random 0101 0000 0000 45b1d0b1 845a73f7: add_disk_randomness(8:0) 45b1d0b1 845a73f7
[    6.092661] random 0101 0000 0000 45b1d0b1 845a73f7: add_timer_randomness(.. 8388864) with jiffies: 17766138619404977044, cycles: -680605458599247861
[    6.097890] random 0101 0000 0000 45b1d0b1 845a73f7: add_disk_randomness(8:0) 45b1d0b1 845a73f7
[    6.097893] random 0101 0000 0000 45b1d0b1 845a73f7: add_timer_randomness(.. 8388864) with jiffies: 17813199757183255449, cycles: -633544320820969461
[    6.097895] random 0101 0000 0000 45b1d0b1 845a73f7: added 2 entropy credits to input
[    6.099685] random 0103 0000 0000 45b1d0b1 845a73f7: add_disk_randomness(8:0) 45b1d0b1 845a73f7
[    6.099688] random 0103 0000 0000 45b1d0b1 845a73f7: add_timer_randomness(.. 8388864) with jiffies: 17829348688187327387, cycles: -617395389816897525
[    6.099691] random 0103 0000 0000 45b1d0b1 845a73f7: added 1 entropy credits to input
