[    0.000000] random 0000 0000 0000 00000000 00000000: rand_read_num 1 get_random_bytes(8): sig 00000000 00000000 00000000
[    0.000000] random 0000 0000 0000 00000000 00000000: extract_entropy(.. 8 ..)
[    0.000000] random 0000 0000 0000 00000000 00000000: going to reseed nonblocking with 64 bits (64 of 0 requested)
[    0.000000] random 0000 0000 0000 00000000 00000000: extract_entropy(.. 8 ..)
[    0.000000] random 0000 0000 0000 00000000 00000000: trying to extract 64 bits from input
[    0.000000] random 0000 0000 0000 00000000 00000000: debiting 0 entropy credits from input
[    0.000000] random 0000 0000 0000 00000000 00000000: extract_entropy account returned: 0 
[    0.000000] random 0000 0000 0000 00000000 00000000: urand_change_num 1 xfer_secondary_pool(8): pool_sig 00000000, data_sig 00000000, bytes_mixed 0 00000000 00000000
[    0.000000] random 0000 0000 0000 00000000 00000000: trying to extract 64 bits from nonblocking
[    0.000000] random 0000 0000 0000 00000000 00000000: debiting 64 entropy credits from nonblocking (unlimited)
[    0.000000] random 0000 0000 0000 00000000 00000000: extract_entropy account returned: 8 
[    0.000000] random 0000 0000 0000 00000000 00000000: urand_change_num 2 extract_buf: pool_sig 00000000, data_sig fffffff9, bytes_mixed 20 00000000 00000000
[    0.000000] Linux version 2.6.32.57 (dcashman@dcashman-02) (gcc version 4.3.3 (GCC) ) #6 Thu May 30 09:02:12 PDT 2013
[    0.000000] KERNEL supported cpus:
[    0.000000]   Intel GenuineIntel
[    0.000000]   AMD AuthenticAMD
[    0.000000]   NSC Geode by NSC
[    0.000000]   Cyrix CyrixInstead
[    0.000000]   Centaur CentaurHauls
[    0.000000]   Transmeta GenuineTMx86
[    0.000000]   Transmeta TransmetaCPU
[    0.000000]   UMC UMC UMC UMC
[    0.000000] BIOS-provided physical RAM map:
[    0.000000]  BIOS-e820: 0000000000000000 - 000000000009d800 (usable)
[    0.000000]  BIOS-e820: 000000000009d800 - 00000000000a0000 (reserved)
[    0.000000]  BIOS-e820: 00000000000d2000 - 00000000000d4000 (reserved)
[    0.000000]  BIOS-e820: 00000000000e0000 - 0000000000100000 (reserved)
[    0.000000]  BIOS-e820: 0000000000100000 - 000000003d6b0000 (usable)
[    0.000000]  BIOS-e820: 000000003d6b0000 - 000000003d6cc000 (ACPI data)
[    0.000000]  BIOS-e820: 000000003d6cc000 - 000000003d700000 (ACPI NVS)
[    0.000000]  BIOS-e820: 000000003d700000 - 000000003e000000 (reserved)
[    0.000000]  BIOS-e820: 00000000f0000000 - 00000000f4000000 (reserved)
[    0.000000]  BIOS-e820: 00000000fec00000 - 00000000fec10000 (reserved)
[    0.000000]  BIOS-e820: 00000000fed00000 - 00000000fed00400 (reserved)
[    0.000000]  BIOS-e820: 00000000fed14000 - 00000000fed1a000 (reserved)
[    0.000000]  BIOS-e820: 00000000fed1c000 - 00000000fed90000 (reserved)
[    0.000000]  BIOS-e820: 00000000fee00000 - 00000000fee01000 (reserved)
[    0.000000]  BIOS-e820: 00000000ff000000 - 0000000100000000 (reserved)
[    0.000000] DMI present.
[    0.000000] last_pfn = 0x3d6b0 max_arch_pfn = 0x100000
[    0.000000] MTRR default type: uncachable
[    0.000000] MTRR fixed ranges enabled:
[    0.000000]   00000-9FFFF write-back
[    0.000000]   A0000-BFFFF uncachable
[    0.000000]   C0000-CFFFF write-protect
[    0.000000]   D0000-DFFFF uncachable
[    0.000000]   E0000-FFFFF write-protect
[    0.000000] MTRR variable ranges enabled:
[    0.000000]   0 base 03E000000 mask FFE000000 uncachable
[    0.000000]   1 base 000000000 mask FC0000000 write-back
[    0.000000]   2 base 03D700000 mask FFFF00000 uncachable
[    0.000000]   3 base 03D800000 mask FFF800000 uncachable
[    0.000000]   4 disabled
[    0.000000]   5 disabled
[    0.000000]   6 disabled
[    0.000000]   7 disabled
[    0.000000] initial memory mapped : 0 - 02000000
[    0.000000] init_memory_mapping: 0000000000000000-00000000377fe000
[    0.000000]  0000000000 - 0000400000 page 4k
[    0.000000]  0000400000 - 0037400000 page 2M
[    0.000000]  0037400000 - 00377fe000 page 4k
[    0.000000] kernel direct mapping tables up to 377fe000 @ 7000-c000
[    0.000000] ACPI: RSDP 000f68d0 00024 (v02 LENOVO)
[    0.000000] ACPI: XSDT 3d6bb77f 00094 (v01 LENOVO TP-7L    00002170  LTP 00000000)
[    0.000000] ACPI: FACP 3d6bb900 000F4 (v03 LENOVO TP-7L    00002170 LNVO 00000001)
[    0.000000] ACPI Warning: 32/64X length mismatch in Gpe1Block: 0/32 (20090903/tbfadt-526)
[    0.000000] ACPI Warning: Optional field Gpe1Block has zero address or length: 000000000000102C/0 (20090903/tbfadt-557)
[    0.000000] ACPI: DSDT 3d6bbd1d 0FED1 (v01 LENOVO TP-7L    00002170 MSFT 03000000)
[    0.000000] ACPI: FACS 3d6e4000 00040
[    0.000000] ACPI: SSDT 3d6bbab4 00269 (v01 LENOVO TP-7L    00002170 MSFT 03000000)
[    0.000000] ACPI: ECDT 3d6cbbee 00052 (v01 LENOVO TP-7L    00002170 LNVO 00000001)
[    0.000000] ACPI: TCPA 3d6cbc40 00032 (v02 LENOVO TP-7L    00002170 LNVO 00000001)
[    0.000000] ACPI: APIC 3d6cbc72 00068 (v01 LENOVO TP-7L    00002170 LNVO 00000001)
[    0.000000] ACPI: MCFG 3d6cbcda 0003C (v01 LENOVO TP-7L    00002170 LNVO 00000001)
[    0.000000] ACPI: HPET 3d6cbd16 00038 (v01 LENOVO TP-7L    00002170 LNVO 00000001)
[    0.000000] ACPI: SLIC 3d6cbdf0 00176 (v01 LENOVO TP-7L    00002170  LTP 00000000)
[    0.000000] ACPI: BOOT 3d6cbf66 00028 (v01 LENOVO TP-7L    00002170  LTP 00000001)
[    0.000000] ACPI: ASF! 3d6cbf8e 00072 (v16 LENOVO TP-7L    00002170 PTL  00000001)
[    0.000000] ACPI: SSDT 3d6e26d9 0025F (v01 LENOVO TP-7L    00002170 INTL 20050513)
[    0.000000] ACPI: SSDT 3d6e2938 000A6 (v01 LENOVO TP-7L    00002170 INTL 20050513)
[    0.000000] ACPI: SSDT 3d6e29de 004F7 (v01 LENOVO TP-7L    00002170 INTL 20050513)
[    0.000000] ACPI: SSDT 3d6e2ed5 001D8 (v01 LENOVO TP-7L    00002170 INTL 20050513)
[    0.000000] ACPI: DMI detected: Lenovo ThinkPad R61
[    0.000000] ACPI: Added _OSI(Linux)
[    0.000000] ACPI: Local APIC address 0xfee00000
[    0.000000] 94MB HIGHMEM available.
[    0.000000] 887MB LOWMEM available.
[    0.000000]   mapped low ram: 0 - 377fe000
[    0.000000]   low ram: 0 - 377fe000
[    0.000000]   node 0 low ram: 00000000 - 377fe000
[    0.000000]   node 0 bootmap 00008000 - 0000ef00
[    0.000000] (6 early reservations) ==> bootmem [0000000000 - 00377fe000]
[    0.000000]   #0 [0000000000 - 0000001000]   BIOS data page ==> [0000000000 - 0000001000]
[    0.000000]   #1 [0001000000 - 0001bdc180]    TEXT DATA BSS ==> [0001000000 - 0001bdc180]
[    0.000000]   #2 [000009d800 - 0000100000]    BIOS reserved ==> [000009d800 - 0000100000]
[    0.000000]   #3 [0001bdd000 - 0001be516c]              BRK ==> [0001bdd000 - 0001be516c]
[    0.000000]   #4 [0000007000 - 0000008000]          PGTABLE ==> [0000007000 - 0000008000]
[    0.000000]   #5 [0000008000 - 000000f000]          BOOTMAP ==> [0000008000 - 000000f000]
[    0.000000] found SMP MP-table at [c00f6900] f6900
[    0.000000] Zone PFN ranges:
[    0.000000]   DMA      0x00000000 -> 0x00001000
[    0.000000]   Normal   0x00001000 -> 0x000377fe
[    0.000000]   HighMem  0x000377fe -> 0x0003d6b0
[    0.000000] Movable zone start PFN for each node
[    0.000000] early_node_map[2] active PFN ranges
[    0.000000]     0: 0x00000000 -> 0x0000009d
[    0.000000]     0: 0x00000100 -> 0x0003d6b0
[    0.000000] On node 0 totalpages: 251469
[    0.000000] free_area_init_node: node 0, pgdat c1901ea0, node_mem_map c1be7000
[    0.000000]   DMA zone: 32 pages used for memmap
[    0.000000]   DMA zone: 0 pages reserved
[    0.000000]   DMA zone: 3965 pages, LIFO batch:0
[    0.000000]   Normal zone: 1744 pages used for memmap
[    0.000000]   Normal zone: 221486 pages, LIFO batch:31
[    0.000000]   HighMem zone: 190 pages used for memmap
[    0.000000]   HighMem zone: 24052 pages, LIFO batch:3
[    0.000000] Using APIC driver default
[    0.000000] ACPI: PM-Timer IO Port: 0x1008
[    0.000000] ACPI: Local APIC address 0xfee00000
[    0.000000] ACPI: LAPIC (acpi_id[0x00] lapic_id[0x00] enabled)
[    0.000000] ACPI: LAPIC (acpi_id[0x01] lapic_id[0x01] enabled)
[    0.000000] ACPI: NR_CPUS/possible_cpus limit of 1 reached.  Processor 1/0x1 ignored.
[    0.000000] ACPI: LAPIC_NMI (acpi_id[0x00] high edge lint[0x1])
[    0.000000] ACPI: LAPIC_NMI (acpi_id[0x01] high edge lint[0x1])
[    0.000000] ACPI: IOAPIC (id[0x01] address[0xfec00000] gsi_base[0])
[    0.000000] IOAPIC[0]: apic_id 1, version 32, address 0xfec00000, GSI 0-23
[    0.000000] ACPI: INT_SRC_OVR (bus 0 bus_irq 0 global_irq 2 dfl dfl)
[    0.000000] ACPI: INT_SRC_OVR (bus 0 bus_irq 9 global_irq 9 high level)
[    0.000000] ACPI: IRQ0 used by override.
[    0.000000] ACPI: IRQ2 used by override.
[    0.000000] ACPI: IRQ9 used by override.
[    0.000000] Using ACPI (MADT) for SMP configuration information
[    0.000000] ACPI: HPET id: 0x8086a201 base: 0xfed00000
[    0.000000] nr_irqs_gsi: 24
[    0.000000] PM: Registered nosave memory: 000000000009d000 - 000000000009e000
[    0.000000] PM: Registered nosave memory: 000000000009e000 - 00000000000a0000
[    0.000000] PM: Registered nosave memory: 00000000000a0000 - 00000000000d2000
[    0.000000] PM: Registered nosave memory: 00000000000d2000 - 00000000000d4000
[    0.000000] PM: Registered nosave memory: 00000000000d4000 - 00000000000e0000
[    0.000000] PM: Registered nosave memory: 00000000000e0000 - 0000000000100000
[    0.000000] Allocating PCI resources starting at 3e000000 (gap: 3e000000:b2000000)
[    0.000000] Built 1 zonelists in Zone order, mobility grouping on.  Total pages: 249503
[    0.000000] Kernel command line: auto BOOT_IMAGE=Linux ro root=802 vt.default_utf8=0 maxcpus=0
[    0.000000] PID hash table entries: 4096 (order: 2, 16384 bytes)
[    0.000000] Dentry cache hash table entries: 131072 (order: 7, 524288 bytes)
[    0.000000] Inode-cache hash table entries: 65536 (order: 6, 262144 bytes)
[    0.000000] Enabling fast FPU save and restore... done.
[    0.000000] Enabling unmasked SIMD FPU exception support... done.
[    0.000000] Initializing CPU#0
[    0.000000] Initializing HighMem for node 0 (000377fe:0003d6b0)
[    0.000000] Memory: 984800k/1006272k available (6915k kernel code, 20876k reserved, 2327k data, 448k init, 96968k highmem)
[    0.000000] virtual kernel memory layout:
[    0.000000]     fixmap  : 0xfffa3000 - 0xfffff000   ( 368 kB)
[    0.000000]     pkmap   : 0xff800000 - 0xffc00000   (4096 kB)
[    0.000000]     vmalloc : 0xf7ffe000 - 0xff7fe000   ( 120 MB)
[    0.000000]     lowmem  : 0xc0000000 - 0xf77fe000   ( 887 MB)
[    0.000000]       .init : 0xc1907000 - 0xc1977000   ( 448 kB)
[    0.000000]       .data : 0xc16c0d3f - 0xc1906c64   (2327 kB)
[    0.000000]       .text : 0xc1000000 - 0xc16c0d3f   (6915 kB)
[    0.000000] Checking if this processor honours the WP bit even in supervisor mode...Ok.
[    0.000000] SLUB: Genslabs=13, HWalign=64, Order=0-3, MinObjects=0, CPUs=1, Nodes=1
[    0.000000] Hierarchical RCU implementation.
[    0.000000] NR_IRQS:288
[    0.000000] Extended CMOS year: 2000
[    0.000000] Console: colour VGA+ 80x25
[    0.000000] console [tty0] enabled
[    0.000000] hpet clockevent registered
[    0.000000] Fast TSC calibration using PIT
[    0.000000] Detected 2094.575 MHz processor.
[    0.001002] Calibrating delay loop (skipped), value calculated using timer frequency.. 4189.15 BogoMIPS (lpj=2094575)
[    0.001171] Security Framework initialized
[    0.001256] Mount-cache hash table entries: 512
[    0.001400] CPU: L1 I cache: 32K, L1 D cache: 32K
[    0.001527] CPU: L2 cache: 3072K
[    0.001608] mce: CPU supports 6 MCE banks
[    0.001691] CPU0: Thermal monitoring enabled (TM2)
[    0.001772] using mwait in idle threads.
[    0.002007] CPU: Intel(R) Core(TM)2 Duo CPU     T8100  @ 2.10GHz stepping 06
[    0.002181] Checking 'hlt' instruction... OK.
[    0.006940] ACPI: Core revision 20090903
[    0.026011] RANDOM get_random_int first call with cycles 32581190649, jiffies 4294667322 and pid 0
[    0.026020] CANARY value: 77d145d8 for PID: 1
[    0.026026] CANARY value: 86ab6459 for PID: 2
[    0.026051] Enabling APIC mode:  Flat.  Using 1 I/O APICs
[    0.026514] ..TIMER: vector=0x30 apic1=0 pin1=2 apic2=-1 pin2=-1
[    0.037997] xor: automatically using best checksumming function: pIII_sse
[    0.041998]    pIII_sse  :  8568.000 MB/sec
[    0.042076] xor: using function: pIII_sse (8568.000 MB/sec)
[    0.042163] RANDOM - __seed init called.
[    0.042164] RANDOM - __seed init called.
[    0.042165] RANDOM - __seed init called.
[    0.042167] RANDOM - __random32 called. Change num 1.  Value: f7943846	49e73df3	af36cd0d
[    0.042169] RANDOM - __random32 called. Change num 2.  Value: 43846e13	9e73df37	9a1ad014
[    0.042170] RANDOM - __random32 called. Change num 3.  Value: 46e139c8	e73df373	a029598a
[    0.042172] RANDOM - __random32 called. Change num 4.  Value: 139c8c3b	73df373d	b3142c72
[    0.042174] RANDOM - __random32 called. Change num 5.  Value: c8c3b043	3df373de	58e576a9
[    0.042176] RANDOM - __random32 called. Change num 6.  Value: 3b0437d9	df373de5	ed53f9d8
[    0.042177] RANDOM - random32 init called.  Value: 3b0437d9	df373de5	ed53f9d8
[    0.042194] NET: Registered protocol family 16
[    0.042445] ACPI FADT declares the system doesn't support PCIe ASPM, so disable it
[    0.042562] ACPI: bus type pci registered
[    0.042723] PCI: MCFG configuration 0: base f0000000 segment 0 buses 0 - 63
[    0.042806] PCI: MCFG area at f0000000 reserved in E820
[    0.042892] PCI: Using MMCONFIG for extended config space
[    0.042975] PCI: Using configuration type 1 for base access
[    0.046082] bio: create slab <bio-0> at 0
[    0.046894] ACPI: EC: EC description table is found, configuring boot EC
[    0.052058] ACPI: BIOS _OSI(Linux) query honored via DMI
[    0.052783] random 0000 0000 0000 00000000 00000000: rand_read_num 2 get_random_bytes(8): sig fffffe1a 00000000 00000000
[    0.052786] random 0000 0000 0000 00000000 00000000: extract_entropy(.. 8 ..)
[    0.052789] random 0000 0000 0000 00000000 00000000: going to reseed nonblocking with 64 bits (64 of 0 requested)
[    0.052791] random 0000 0000 0000 00000000 00000000: extract_entropy(.. 8 ..)
[    0.052793] random 0000 0000 0000 00000000 00000000: trying to extract 64 bits from input
[    0.052795] random 0000 0000 0000 00000000 00000000: debiting 0 entropy credits from input
[    0.052797] random 0000 0000 0000 00000000 00000000: extract_entropy account returned: 0 
[    0.052800] random 0000 0000 0000 00000000 00000000: urand_change_num 3 xfer_secondary_pool(8): pool_sig fffffe1a, data_sig 00000000, bytes_mixed 0 00000000 00000000
[    0.052803] random 0000 0000 0000 00000000 00000000: trying to extract 64 bits from nonblocking
[    0.052806] random 0000 0000 0000 00000000 00000000: debiting 64 entropy credits from nonblocking (unlimited)
[    0.052808] random 0000 0000 0000 00000000 00000000: extract_entropy account returned: 8 
[    0.052812] random 0000 0000 0000 00000000 00000000: urand_change_num 4 extract_buf: pool_sig fffffe1a, data_sig fffffed7, bytes_mixed 20 00000000 00000000
[    0.057571] ACPI: Interpreter enabled
[    0.057652] ACPI: (supports S0 S3 S4 S5)
[    0.057958] ACPI: Using IOAPIC for interrupt routing
[    0.067490] ACPI: EC: GPE = 0x12, I/O: command/status = 0x66, data = 0x62
[    0.067749] ACPI: Power Resource [PUBS] (on)
[    0.069887] ACPI: ACPI Dock Station Driver: 3 docks/bays found
[    0.070301] ACPI: PCI Root Bridge [PCI0] (0000:00)
[    0.070471] pci 0000:00:02.0: reg 10 64bit mmio: [0xf8100000-0xf81fffff]
[    0.070477] pci 0000:00:02.0: reg 18 64bit mmio pref: [0xe0000000-0xefffffff]
[    0.070480] pci 0000:00:02.0: reg 20 io port: [0x1800-0x1807]
[    0.070515] pci 0000:00:02.1: reg 10 64bit mmio: [0xf8200000-0xf82fffff]
[    0.070616] pci 0000:00:19.0: reg 10 32bit mmio: [0xfe000000-0xfe01ffff]
[    0.070625] pci 0000:00:19.0: reg 14 32bit mmio: [0xfe025000-0xfe025fff]
[    0.070634] pci 0000:00:19.0: reg 18 io port: [0x1840-0x185f]
[    0.070705] pci 0000:00:19.0: PME# supported from D0 D3hot D3cold
[    0.070800] pci 0000:00:19.0: PME# disabled
[    0.070948] pci 0000:00:1a.0: reg 20 io port: [0x1860-0x187f]
[    0.071041] pci 0000:00:1a.1: reg 20 io port: [0x1880-0x189f]
[    0.071127] pci 0000:00:1a.7: reg 10 32bit mmio: [0xfe226c00-0xfe226fff]
[    0.071209] pci 0000:00:1a.7: PME# supported from D0 D3hot D3cold
[    0.071318] pci 0000:00:1a.7: PME# disabled
[    0.071476] pci 0000:00:1b.0: reg 10 64bit mmio: [0xfe020000-0xfe023fff]
[    0.071560] pci 0000:00:1b.0: PME# supported from D0 D3hot D3cold
[    0.071645] pci 0000:00:1b.0: PME# disabled
[    0.071840] pci 0000:00:1c.0: PME# supported from D0 D3hot D3cold
[    0.071923] pci 0000:00:1c.0: PME# disabled
[    0.072110] pci 0000:00:1c.1: PME# supported from D0 D3hot D3cold
[    0.072195] pci 0000:00:1c.1: PME# disabled
[    0.072390] pci 0000:00:1c.2: PME# supported from D0 D3hot D3cold
[    0.072480] pci 0000:00:1c.2: PME# disabled
[    0.072670] pci 0000:00:1c.3: PME# supported from D0 D3hot D3cold
[    0.072755] pci 0000:00:1c.3: PME# disabled
[    0.073107] pci 0000:00:1c.4: PME# supported from D0 D3hot D3cold
[    0.073195] pci 0000:00:1c.4: PME# disabled
[    0.073337] pci 0000:00:1d.0: reg 20 io port: [0x18a0-0x18bf]
[    0.073423] pci 0000:00:1d.1: reg 20 io port: [0x18c0-0x18df]
[    0.074015] pci 0000:00:1d.2: reg 20 io port: [0x18e0-0x18ff]
[    0.074101] pci 0000:00:1d.7: reg 10 32bit mmio: [0xfe227000-0xfe2273ff]
[    0.074198] pci 0000:00:1d.7: PME# supported from D0 D3hot D3cold
[    0.074295] pci 0000:00:1d.7: PME# disabled
[    0.074578] pci 0000:00:1f.0: quirk: region 1000-107f claimed by ICH6 ACPI/GPIO/TCO
[    0.074702] pci 0000:00:1f.0: quirk: region 1180-11bf claimed by ICH6 GPIO
[    0.074788] pci 0000:00:1f.0: ICH7 LPC Generic IO decode 1 PIO at 1600 (mask 007f)
[    0.074908] pci 0000:00:1f.0: ICH7 LPC Generic IO decode 2 PIO at 15e0 (mask 000f)
[    0.074998] pci 0000:00:1f.0: ICH7 LPC Generic IO decode 3 PIO at 1680 (mask 001f)
[    0.075193] pci 0000:00:1f.1: reg 10 io port: [0x00-0x07]
[    0.075202] pci 0000:00:1f.1: reg 14 io port: [0x00-0x03]
[    0.075213] pci 0000:00:1f.1: reg 18 io port: [0x00-0x07]
[    0.075221] pci 0000:00:1f.1: reg 1c io port: [0x00-0x03]
[    0.075230] pci 0000:00:1f.1: reg 20 io port: [0x1c00-0x1c0f]
[    0.075309] pci 0000:00:1f.2: reg 10 io port: [0x1c50-0x1c57]
[    0.075318] pci 0000:00:1f.2: reg 14 io port: [0x1c44-0x1c47]
[    0.075327] pci 0000:00:1f.2: reg 18 io port: [0x1c48-0x1c4f]
[    0.075336] pci 0000:00:1f.2: reg 1c io port: [0x1c40-0x1c43]
[    0.075344] pci 0000:00:1f.2: reg 20 io port: [0x1c20-0x1c3f]
[    0.075354] pci 0000:00:1f.2: reg 24 32bit mmio: [0xfe226000-0xfe2267ff]
[    0.075419] pci 0000:00:1f.2: PME# supported from D3hot
[    0.075500] pci 0000:00:1f.2: PME# disabled
[    0.075621] pci 0000:00:1f.3: reg 10 32bit mmio: [0xfe227400-0xfe2274ff]
[    0.075646] pci 0000:00:1f.3: reg 20 io port: [0x1c60-0x1c7f]
[    0.075737] pci 0000:00:1c.0: bridge io port: [0x2000-0x2fff]
[    0.075743] pci 0000:00:1c.0: bridge 32bit mmio: [0xfc000000-0xfdffffff]
[    0.075750] pci 0000:00:1c.0: bridge 64bit mmio pref: [0xf8000000-0xf80fffff]
[    0.075823] pci 0000:03:00.0: reg 10 64bit mmio: [0xdf3f0000-0xdf3fffff]
[    0.076051] pci 0000:00:1c.1: bridge io port: [0x3000-0x3fff]
[    0.076058] pci 0000:00:1c.1: bridge 32bit mmio: [0xdc000000-0xdf3fffff]
[    0.076066] pci 0000:00:1c.1: bridge 64bit mmio pref: [0xdfe00000-0xdfefffff]
[    0.076123] pci 0000:00:1c.2: bridge io port: [0x4000-0x4fff]
[    0.076129] pci 0000:00:1c.2: bridge 32bit mmio: [0xd8000000-0xd9ffffff]
[    0.076138] pci 0000:00:1c.2: bridge 64bit mmio pref: [0xdfb00000-0xdfbfffff]
[    0.076194] pci 0000:00:1c.3: bridge io port: [0x5000-0x5fff]
[    0.076201] pci 0000:00:1c.3: bridge 32bit mmio: [0xd4000000-0xd5ffffff]
[    0.076208] pci 0000:00:1c.3: bridge 64bit mmio pref: [0xdf800000-0xdf8fffff]
[    0.076264] pci 0000:00:1c.4: bridge io port: [0x6000-0x6fff]
[    0.076268] pci 0000:00:1c.4: bridge 32bit mmio: [0xd0000000-0xd1ffffff]
[    0.076275] pci 0000:00:1c.4: bridge 64bit mmio pref: [0xdf500000-0xdf5fffff]
[    0.076340] pci 0000:15:00.0: reg 10 32bit mmio: [0xf8300000-0xf8300fff]
[    0.076388] pci 0000:15:00.0: supports D1 D2
[    0.076389] pci 0000:15:00.0: PME# supported from D0 D1 D2 D3hot D3cold
[    0.076484] pci 0000:15:00.0: PME# disabled
[    0.076621] pci 0000:15:00.1: reg 10 32bit mmio: [0xf8301000-0xf83017ff]
[    0.076720] pci 0000:15:00.1: supports D1 D2
[    0.076721] pci 0000:15:00.1: PME# supported from D0 D1 D2 D3hot D3cold
[    0.076806] pci 0000:15:00.1: PME# disabled
[    0.076972] pci 0000:00:1e.0: transparent bridge
[    0.076997] pci 0000:00:1e.0: bridge io port: [0x7000-0xafff]
[    0.077001] pci 0000:00:1e.0: bridge 32bit mmio: [0xf8300000-0xfbffffff]
[    0.077010] pci 0000:00:1e.0: bridge 64bit mmio pref: [0xf4000000-0xf7ffffff]
[    0.077074] pci_bus 0000:00: on NUMA node 0
[    0.077078] ACPI: PCI Interrupt Routing Table [\_SB_.PCI0._PRT]
[    0.077212] ACPI: PCI Interrupt Routing Table [\_SB_.PCI0.EXP0._PRT]
[    0.077271] ACPI: PCI Interrupt Routing Table [\_SB_.PCI0.EXP1._PRT]
[    0.077329] ACPI: PCI Interrupt Routing Table [\_SB_.PCI0.EXP2._PRT]
[    0.077387] ACPI: PCI Interrupt Routing Table [\_SB_.PCI0.EXP3._PRT]
[    0.077450] ACPI: PCI Interrupt Routing Table [\_SB_.PCI0.EXP4._PRT]
[    0.077512] ACPI: PCI Interrupt Routing Table [\_SB_.PCI0.PCI1._PRT]
[    0.083049] ACPI: PCI Interrupt Link [LNKA] (IRQs 3 4 5 6 7 9 *10 11)
[    0.083777] ACPI: PCI Interrupt Link [LNKB] (IRQs 3 4 5 6 7 9 10 *11)
[    0.084468] ACPI: PCI Interrupt Link [LNKC] (IRQs 3 4 5 6 7 9 10 *11)
[    0.085158] ACPI: PCI Interrupt Link [LNKD] (IRQs 3 4 5 6 7 9 10 *11)
[    0.085883] ACPI: PCI Interrupt Link [LNKE] (IRQs 3 4 5 6 7 9 10 *11)
[    0.086618] ACPI: PCI Interrupt Link [LNKF] (IRQs 3 4 5 6 7 9 10 *11)
[    0.087324] ACPI: PCI Interrupt Link [LNKG] (IRQs 3 4 5 6 7 9 10 *11)
[    0.088067] ACPI: PCI Interrupt Link [LNKH] (IRQs 3 4 5 6 7 9 10 *11)
[    0.088761] vgaarb: device added: PCI:0000:00:02.0,decodes=io+mem,owns=io+mem,locks=none
[    0.088883] vgaarb: loaded
[    0.089064] SCSI subsystem initialized
[    0.089153] libata version 3.00 loaded.
[    0.089202] usbcore: registered new interface driver usbfs
[    0.089321] usbcore: registered new interface driver hub
[    0.089423] usbcore: registered new device driver usb
[    0.106038] raid6: int32x1    941 MB/s
[    0.123059] raid6: int32x2    890 MB/s
[    0.140067] raid6: int32x4    750 MB/s
[    0.157077] raid6: int32x8    660 MB/s
[    0.173985] raid6: mmxx1     2878 MB/s
[    0.190986] raid6: mmxx2     3253 MB/s
[    0.207992] raid6: sse1x1    1937 MB/s
[    0.224999] raid6: sse1x2    2535 MB/s
[    0.241974] raid6: sse2x1    3507 MB/s
[    0.258987] raid6: sse2x2    3828 MB/s
[    0.259069] raid6: using algorithm sse2x2 (3828 MB/s)
[    0.259152] PCI: Using ACPI for IRQ routing
[    0.259459] HPET: 3 timers in total, 0 timers will be used for per-cpu timer
[    0.259990] Switching to clocksource tsc
[    0.260080] pnp: PnP ACPI init
[    0.260164] ACPI: bus type pnp registered
[    0.263816] pnp: PnP ACPI: found 11 devices
[    0.263914] ACPI: ACPI bus type pnp unregistered
[    0.263999] system 00:00: iomem range 0x0-0x9ffff could not be reserved
[    0.264081] system 00:00: iomem range 0xc0000-0xc3fff could not be reserved
[    0.264174] system 00:00: iomem range 0xc4000-0xc7fff could not be reserved
[    0.264257] system 00:00: iomem range 0xc8000-0xcbfff could not be reserved
[    0.264346] system 00:00: iomem range 0xcc000-0xcffff could not be reserved
[    0.264443] system 00:00: iomem range 0xd0000-0xd3fff could not be reserved
[    0.264535] system 00:00: iomem range 0xe0000-0xe3fff could not be reserved
[    0.264631] system 00:00: iomem range 0xe4000-0xe7fff could not be reserved
[    0.264714] system 00:00: iomem range 0xe8000-0xebfff could not be reserved
[    0.264798] system 00:00: iomem range 0xec000-0xeffff could not be reserved
[    0.264884] system 00:00: iomem range 0xf0000-0xfffff could not be reserved
[    0.264970] system 00:00: iomem range 0x100000-0x3dffffff could not be reserved
[    0.265082] system 00:00: iomem range 0xfec00000-0xfed3ffff could not be reserved
[    0.265200] system 00:00: iomem range 0xfed4c000-0xffffffff could not be reserved
[    0.265319] system 00:02: ioport range 0x164e-0x164f has been reserved
[    0.265401] system 00:02: ioport range 0x1000-0x107f has been reserved
[    0.265485] system 00:02: ioport range 0x1180-0x11bf has been reserved
[    0.265567] system 00:02: ioport range 0x800-0x80f has been reserved
[    0.265651] system 00:02: ioport range 0x15e0-0x15ef has been reserved
[    0.265740] system 00:02: ioport range 0x1600-0x165f could not be reserved
[    0.265822] system 00:02: iomem range 0xf0000000-0xf3ffffff has been reserved
[    0.265908] system 00:02: iomem range 0xfed1c000-0xfed1ffff has been reserved
[    0.265991] system 00:02: iomem range 0xfed14000-0xfed17fff has been reserved
[    0.266087] system 00:02: iomem range 0xfed18000-0xfed18fff has been reserved
[    0.266178] system 00:02: iomem range 0xfed19000-0xfed19fff has been reserved
[    0.266261] system 00:02: iomem range 0xfed45000-0xfed4bfff has been reserved
[    0.301299] pci 0000:00:1c.0: PCI bridge, secondary bus 0000:02
[    0.301381] pci 0000:00:1c.0:   IO window: 0x2000-0x2fff
[    0.301482] pci 0000:00:1c.0:   MEM window: 0xfc000000-0xfdffffff
[    0.301566] pci 0000:00:1c.0:   PREFETCH window: 0x000000f8000000-0x000000f80fffff
[    0.301683] pci 0000:00:1c.1: PCI bridge, secondary bus 0000:03
[    0.301777] pci 0000:00:1c.1:   IO window: 0x3000-0x3fff
[    0.301876] pci 0000:00:1c.1:   MEM window: 0xdc000000-0xdf3fffff
[    0.301968] pci 0000:00:1c.1:   PREFETCH window: 0x000000dfe00000-0x000000dfefffff
[    0.302090] pci 0000:00:1c.2: PCI bridge, secondary bus 0000:04
[    0.302172] pci 0000:00:1c.2:   IO window: 0x4000-0x4fff
[    0.302260] pci 0000:00:1c.2:   MEM window: 0xd8000000-0xd9ffffff
[    0.302344] pci 0000:00:1c.2:   PREFETCH window: 0x000000dfb00000-0x000000dfbfffff
[    0.302463] pci 0000:00:1c.3: PCI bridge, secondary bus 0000:05
[    0.302545] pci 0000:00:1c.3:   IO window: 0x5000-0x5fff
[    0.302635] pci 0000:00:1c.3:   MEM window: 0xd4000000-0xd5ffffff
[    0.302728] pci 0000:00:1c.3:   PREFETCH window: 0x000000df800000-0x000000df8fffff
[    0.302852] pci 0000:00:1c.4: PCI bridge, secondary bus 0000:0d
[    0.302938] pci 0000:00:1c.4:   IO window: 0x6000-0x6fff
[    0.303020] pci 0000:00:1c.4:   MEM window: 0xd0000000-0xd1ffffff
[    0.303111] pci 0000:00:1c.4:   PREFETCH window: 0x000000df500000-0x000000df5fffff
[    0.303232] pci 0000:15:00.0: CardBus bridge, secondary bus 0000:16
[    0.303311] pci 0000:15:00.0:   IO window: 0x007000-0x0070ff
[    0.303395] pci 0000:15:00.0:   IO window: 0x007400-0x0074ff
[    0.303483] pci 0000:15:00.0:   PREFETCH window: 0xf4000000-0xf7ffffff
[    0.303573] pci 0000:15:00.0:   MEM window: 0x40000000-0x43ffffff
[    0.303661] pci 0000:00:1e.0: PCI bridge, secondary bus 0000:15
[    0.303745] pci 0000:00:1e.0:   IO window: 0x7000-0xafff
[    0.303840] pci 0000:00:1e.0:   MEM window: 0xf8300000-0xfbffffff
[    0.303929] pci 0000:00:1e.0:   PREFETCH window: 0x000000f4000000-0x000000f7ffffff
[    0.304063] pci 0000:00:1c.0: PCI INT A -> GSI 20 (level, low) -> IRQ 20
[    0.304154] pci 0000:00:1c.0: setting latency timer to 64
[    0.304163] pci 0000:00:1c.1: PCI INT B -> GSI 21 (level, low) -> IRQ 21
[    0.304247] pci 0000:00:1c.1: setting latency timer to 64
[    0.304259] pci 0000:00:1c.2: PCI INT C -> GSI 22 (level, low) -> IRQ 22
[    0.304346] pci 0000:00:1c.2: setting latency timer to 64
[    0.304360] pci 0000:00:1c.3: PCI INT D -> GSI 23 (level, low) -> IRQ 23
[    0.304449] pci 0000:00:1c.3: setting latency timer to 64
[    0.304457] pci 0000:00:1c.4: PCI INT A -> GSI 20 (level, low) -> IRQ 20
[    0.304546] pci 0000:00:1c.4: setting latency timer to 64
[    0.304551] pci 0000:00:1e.0: enabling device (0005 -> 0007)
[    0.304635] pci 0000:00:1e.0: setting latency timer to 64
[    0.304651] pci 0000:15:00.0: PCI INT A -> GSI 16 (level, low) -> IRQ 16
[    0.304743] pci 0000:15:00.0: setting latency timer to 64
[    0.304748] pci_bus 0000:00: resource 0 io:  [0x00-0xffff]
[    0.304750] pci_bus 0000:00: resource 1 mem: [0x000000-0xffffffff]
[    0.304752] pci_bus 0000:02: resource 0 io:  [0x2000-0x2fff]
[    0.304753] pci_bus 0000:02: resource 1 mem: [0xfc000000-0xfdffffff]
[    0.304755] pci_bus 0000:02: resource 2 pref mem [0xf8000000-0xf80fffff]
[    0.304757] pci_bus 0000:03: resource 0 io:  [0x3000-0x3fff]
[    0.304759] pci_bus 0000:03: resource 1 mem: [0xdc000000-0xdf3fffff]
[    0.304761] pci_bus 0000:03: resource 2 pref mem [0xdfe00000-0xdfefffff]
[    0.304763] pci_bus 0000:04: resource 0 io:  [0x4000-0x4fff]
[    0.304765] pci_bus 0000:04: resource 1 mem: [0xd8000000-0xd9ffffff]
[    0.304766] pci_bus 0000:04: resource 2 pref mem [0xdfb00000-0xdfbfffff]
[    0.304768] pci_bus 0000:05: resource 0 io:  [0x5000-0x5fff]
[    0.304770] pci_bus 0000:05: resource 1 mem: [0xd4000000-0xd5ffffff]
[    0.304772] pci_bus 0000:05: resource 2 pref mem [0xdf800000-0xdf8fffff]
[    0.304774] pci_bus 0000:0d: resource 0 io:  [0x6000-0x6fff]
[    0.304776] pci_bus 0000:0d: resource 1 mem: [0xd0000000-0xd1ffffff]
[    0.304777] pci_bus 0000:0d: resource 2 pref mem [0xdf500000-0xdf5fffff]
[    0.304779] pci_bus 0000:15: resource 0 io:  [0x7000-0xafff]
[    0.304781] pci_bus 0000:15: resource 1 mem: [0xf8300000-0xfbffffff]
[    0.304783] pci_bus 0000:15: resource 2 pref mem [0xf4000000-0xf7ffffff]
[    0.304785] pci_bus 0000:15: resource 3 io:  [0x00-0xffff]
[    0.304786] pci_bus 0000:15: resource 4 mem: [0x000000-0xffffffff]
[    0.304788] pci_bus 0000:16: resource 0 io:  [0x7000-0x70ff]
[    0.304790] pci_bus 0000:16: resource 1 io:  [0x7400-0x74ff]
[    0.304792] pci_bus 0000:16: resource 2 pref mem [0xf4000000-0xf7ffffff]
[    0.304794] pci_bus 0000:16: resource 3 mem: [0x40000000-0x43ffffff]
[    0.304802] NET: Registered protocol family 2
[    0.304895] RANDOM - __random32 called. Change num 7.  Value: 437d97bf	f373de51	f3b0f986
[    0.304896] RANDOM - random32 called.  Value: 437d97bf	f373de51	f3b0f986
[    0.304901] random 0000 0000 0000 5f8db4e5 4cfdf2a8: rand_read_num 3 get_random_bytes(4): sig fffffb64 5f8db4e5 4cfdf2a8
[    0.304903] random 0000 0000 0000 5f8db4e5 4cfdf2a8: extract_entropy(.. 4 ..)
[    0.304906] random 0000 0000 0000 5f8db4e5 4cfdf2a8: going to reseed nonblocking with 64 bits (32 of 0 requested)
[    0.304908] random 0000 0000 0000 5f8db4e5 4cfdf2a8: extract_entropy(.. 8 ..)
[    0.304910] random 0000 0000 0000 5f8db4e5 4cfdf2a8: trying to extract 64 bits from input
[    0.304912] random 0000 0000 0000 5f8db4e5 4cfdf2a8: debiting 0 entropy credits from input
[    0.304914] random 0000 0000 0000 5f8db4e5 4cfdf2a8: extract_entropy account returned: 0 
[    0.304917] random 0000 0000 0000 5f8db4e5 4cfdf2a8: urand_change_num 5 xfer_secondary_pool(4): pool_sig fffffb64, data_sig 00000000, bytes_mixed 0 5f8db4e5 4cfdf2a8
[    0.304920] random 0000 0000 0000 5f8db4e5 4cfdf2a8: trying to extract 32 bits from nonblocking
[    0.304922] random 0000 0000 0000 5f8db4e5 4cfdf2a8: debiting 32 entropy credits from nonblocking (unlimited)
[    0.304925] random 0000 0000 0000 5f8db4e5 4cfdf2a8: extract_entropy account returned: 4 
[    0.304929] random 0000 0000 0000 5f8db4e5 4cfdf2a8: urand_change_num 6 extract_buf: pool_sig fffffb64, data_sig 00000241, bytes_mixed 20 5f8db4e5 4cfdf2a8
[    0.304939] IP route cache hash table entries: 32768 (order: 5, 131072 bytes)
[    0.305070] RANDOM - __random32 called. Change num 8.  Value: d97bfe31	373de51f	f30dc6e6
[    0.305072] RANDOM - random32 called.  Value: d97bfe31	373de51f	f30dc6e6
[    0.305083] RANDOM - __random32 called. Change num 9.  Value: bfe314d7	73de51f5	8dcd6c7e
[    0.305085] RANDOM - random32 called.  Value: bfe314d7	73de51f5	8dcd6c7e
[    0.305086] RANDOM - __random32 called. Change num 10.  Value: 314d7baf	3de51f5e	d8fc74c1
[    0.305088] RANDOM - random32 called.  Value: 314d7baf	3de51f5e	d8fc74c1
[    0.305099] RANDOM - __random32 called. Change num 11.  Value: d7baf3c7	de51f5e5	e983e3fa
[    0.305100] RANDOM - random32 called.  Value: d7baf3c7	de51f5e5	e983e3fa
[    0.305110] TCP established hash table entries: 131072 (order: 8, 1048576 bytes)
[    0.305588] TCP bind hash table entries: 65536 (order: 6, 262144 bytes)
[    0.305769] TCP: Hash tables configured (established 131072 bind 65536)
[    0.305851] TCP reno registered
[    0.305958] NET: Registered protocol family 1
[    0.306063] RPC: Registered udp transport module.
[    0.306150] RPC: Registered tcp transport module.
[    0.306229] RPC: Registered tcp NFSv4.1 backchannel transport module.
[    0.306321] pci 0000:00:02.0: Boot video device
[    0.306538] Simple Boot Flag at 0x35 set to 0x1
[    0.307096] highmem bounce pool size: 64 pages
[    0.308575] VFS: Disk quotas dquot_6.5.2
[    0.308689] Dquot-cache hash table entries: 1024 (order 0, 4096 bytes)
[    0.309432] NTFS driver 2.1.29 [Flags: R/W].
[    0.309596] ROMFS MTD (C) 2007 Red Hat, Inc.
[    0.309795] JFS: nTxBlock = 7695, nTxLock = 61562
[    0.312227] SGI XFS with ACLs, security attributes, large block/inode numbers, no debug enabled
[    0.312703] SGI XFS Quota Management subsystem
[    0.313046] Slow work thread pool: Starting up
[    0.313138] Slow work thread pool: Ready
[    0.313232] GFS2 (built May 24 2013 02:47:17) installed
[    0.313321] msgmni has been set to 1734
[    0.313478] alg: No test for cipher_null (cipher_null-generic)
[    0.313571] alg: No test for ecb(cipher_null) (ecb-cipher_null)
[    0.313661] alg: No test for digest_null (digest_null-generic)
[    0.313757] alg: No test for compress_null (compress_null-generic)
[    0.314299] alg: No test for fcrypt (fcrypt-generic)
[    0.315703] alg: No test for stdrng (krng)
[    0.315790] async_tx: api initialized (async)
[    0.315949] Block layer SCSI generic (bsg) driver version 0.4 loaded (major 254)
[    0.316063] io scheduler noop registered
[    0.316139] io scheduler anticipatory registered
[    0.316218] io scheduler deadline registered
[    0.316348] io scheduler cfq registered (default)
[    0.316581] pcieport 0000:00:1c.0: irq 24 for MSI/MSI-X
[    0.316599] pcieport 0000:00:1c.0: setting latency timer to 64
[    0.316790] pcieport 0000:00:1c.1: irq 25 for MSI/MSI-X
[    0.316802] pcieport 0000:00:1c.1: setting latency timer to 64
[    0.317000] pcieport 0000:00:1c.2: irq 26 for MSI/MSI-X
[    0.317011] pcieport 0000:00:1c.2: setting latency timer to 64
[    0.317186] pcieport 0000:00:1c.3: irq 27 for MSI/MSI-X
[    0.317197] pcieport 0000:00:1c.3: setting latency timer to 64
[    0.317384] pcieport 0000:00:1c.4: irq 28 for MSI/MSI-X
[    0.317396] pcieport 0000:00:1c.4: setting latency timer to 64
[    0.317544] pci_hotplug: PCI Hot Plug PCI Core version: 0.5
[    0.317735] isapnp: Scanning for PnP cards...
[    0.678248] isapnp: No Plug & Play device found
[    0.678334] random 0000 0000 0000 5f8db4e5 4cfdf2a8: initializing
[    0.678336] RANDOM init_std_data for input now value: 1370021443678336591
[    0.678338] RANDOM init_std_data for blocking now value: 1370021443678338576
[    0.678340] RANDOM init_std_data for nonblocking now value: 1370021443678340300
[    0.697908] Serial: 8250/16550 driver, 4 ports, IRQ sharing enabled
[    3.708958] floppy0: no floppy controllers found
[    3.709900] brd: module loaded
[    3.710403] loop: module loaded
[    3.710483] Compaq SMART2 Driver (v 2.6.0)
[    3.710604] HP CISS Driver (v 3.6.20)
[    3.710843] input: Macintosh mouse button emulation as /devices/virtual/input/input0
[    3.710981] Uniform Multi-Platform E-IDE driver
[    3.711200] piix 0000:00:1f.1: IDE controller (0x8086:0x2850 rev 0x03)
[    3.711298] pci 0000:00:1f.1: PCI INT C -> GSI 16 (level, low) -> IRQ 16
[    3.711401] piix 0000:00:1f.1: IDE port disabled
[    3.711493] piix 0000:00:1f.1: not 100% native mode: will probe irqs later
[    3.711589]     ide0: BM-DMA at 0x1c00-0x1c07
[    3.711680] Probing IDE interface ide0...
[    4.383192] hda: HL-DT-ST DVDRAM GSA-U10N, ATAPI CD/DVD-ROM drive
[    4.690011] hda: host max PIO4 wanted PIO255(auto-tune) selected PIO4
[    4.690784] hda: UDMA/33 mode selected
[    4.691253] ide0 at 0x1f0-0x1f7,0x3f6 on irq 14
[    4.695113] ide-gd driver 1.18
[    4.695216] ide-cd driver 5.00
[    4.696595] random 0000 0000 0000 00000000 00000000: add_disk_randomness(0:0) 00000000 00000000
[    4.696600] random 0000 0000 0000 00000000 00000000: add_timer_randomness(.. 256) with jiffies: 17485127988788559480, cycles: -961616089215664119
[    4.696602] random 0000 0000 0000 00000000 00000000: added 11 entropy credits to input
[    4.696606] ide-cd: hda: ATAPI 24X DVD-ROM DVD-R/RAM CD-R/RW drive, 2048kB Cache
[    4.697020] Uniform CD-ROM driver Revision: 3.20
[    4.699894] random 0011 0000 0000 00000000 00000000: add_disk_randomness(0:0) 00000000 00000000
[    4.699898] random 0011 0000 0000 00000000 00000000: add_timer_randomness(.. 256) with jiffies: 17514809494158933627, cycles: -931934583845289975
[    4.699900] random 0011 0000 0000 00000000 00000000: added 1 entropy credits to input
[    4.699903] random 0012 0000 0000 00000000 00000000: add_disk_randomness(0:0) 00000000 00000000
[    4.699906] random 0012 0000 0000 00000000 00000000: add_timer_randomness(.. 256) with jiffies: 17514887288901566075, cycles: -931856789102657527
[    4.701896] random 0012 0000 0000 00000000 00000000: add_disk_randomness(0:0) 00000000 00000000
[    4.701899] random 0012 0000 0000 00000000 00000000: add_timer_randomness(.. 256) with jiffies: 17532819541866544765, cycles: -913924536137678839
[    4.701902] random 0012 0000 0000 00000000 00000000: added 1 entropy credits to input
[    4.701905] random 0013 0000 0000 00000000 00000000: add_disk_randomness(0:0) 00000000 00000000
[    4.701908] random 0013 0000 0000 00000000 00000000: add_timer_randomness(.. 256) with jiffies: 17532894536290500221, cycles: -913849541713723383
[    4.703895] random 0013 0000 0000 00000000 00000000: add_disk_randomness(0:0) 00000000 00000000
[    4.703898] random 0013 0000 0000 00000000 00000000: add_timer_randomness(.. 256) with jiffies: 17550799370184261247, cycles: -895944707819962359
[    4.703901] random 0013 0000 0000 00000000 00000000: added 1 entropy credits to input
[    4.703903] random 0014 0000 0000 00000000 00000000: add_disk_randomness(0:0) 00000000 00000000
[    4.703906] random 0014 0000 0000 00000000 00000000: add_timer_randomness(.. 256) with jiffies: 17550872294433980031, cycles: -895871783570243575
[    4.704181] Loading iSCSI transport class v2.0-870.
[    4.704461] rdac: device handler registered
[    4.704542] hp_sw: device handler registered
[    4.704626] emc: device handler registered
[    4.704707] alua: device handler registered
[    4.705685] Adaptec aacraid driver 1.1-5[2461]-ms
[    4.706100] scsi: <fdomain> Detection failed (no card)
[    4.706187] sym53c416.c: Version 1.0.0-ac
[    4.706288] qlogicfas: no cards were found, please specify I/O address and IRQ using iobase= and irq= options
[    4.706401] QLogic Fibre Channel HBA Driver: 8.03.01-k6
[    4.706621] iscsi: registered transport (qla4xxx)
[    4.706722] QLogic iSCSI HBA Driver
[    4.706807] Emulex LightPulse Fibre Channel SCSI driver 8.3.4
[    4.706892] Copyright(c) 2004-2009 Emulex.  All rights reserved.
[    4.728998] Failed initialization of WD-7000 SCSI card!
[    4.818250] DC390: clustering now enabled by default. If you get problems load
[    4.818371]        with "disable_clustering=1" and report to maintainers
[    4.818496] megaraid cmm: 2.20.2.7 (Release Date: Sun Jul 16 00:01:03 EST 2006)
[    4.818639] megaraid: 2.20.5.1 (Release Date: Thu Nov 16 15:32:35 EST 2006)
[    4.818755] megasas: 00.00.04.01 Thu July 24 11:41:51 PST 2008
[    4.818878] GDT-HA: Storage RAID Controller Driver. Version: 3.05
[    4.819026] 3ware Storage Controller device driver for Linux v1.26.02.002.
[    4.819128] 3ware 9000 Storage Controller device driver for Linux v2.26.02.012.
[    4.819260] nsp32: loading...
[    4.819373] ipr: IBM Power RAID SCSI Device Driver version: 2.4.3 (June 10, 2009)
[    4.819506] RocketRAID 3xxx/4xxx Controller driver v1.6 (090910)
[    4.819607] stex: Promise SuperTrak EX Driver version: 4.6.0000.3
[    4.819731] st: Version 20081215, fixed bufsize 32768, s/g segs 256
[    4.819910] ahci 0000:00:1f.2: version 3.0
[    4.819923] ahci 0000:00:1f.2: PCI INT B -> GSI 16 (level, low) -> IRQ 16
[    4.820064] ahci 0000:00:1f.2: irq 29 for MSI/MSI-X
[    4.820126] ahci 0000:00:1f.2: AHCI 0001.0100 32 slots 3 ports 1.5 Gbps 0x5 impl SATA mode
[    4.820240] ahci 0000:00:1f.2: flags: 64bit ncq sntf pm led clo pio slum part ccc 
[    4.820360] ahci 0000:00:1f.2: setting latency timer to 64
[    4.820503] scsi2 : ahci
[    4.820658] scsi3 : ahci
[    4.820799] scsi4 : ahci
[    4.820972] ata1: SATA max UDMA/133 abar m2048@0xfe226000 port 0xfe226100 irq 29
[    4.821113] ata2: DUMMY
[    4.821197] ata3: SATA max UDMA/133 abar m2048@0xfe226000 port 0xfe226200 irq 29
[    4.821797] I2O subsystem v1.325
[    4.821881] i2o: max drivers = 8
[    4.822029] I2O Configuration OSM v1.323
[    4.822132] I2O Bus Adapter OSM v1.317
[    4.822230] I2O Block Device OSM v1.325
[    4.822370] I2O SCSI Peripheral OSM v1.316
[    4.822472] I2O ProcFS OSM v1.316
[    4.822585] Fusion MPT base driver 3.04.12
[    4.822666] Copyright (c) 1999-2008 LSI Corporation
[    4.822756] Fusion MPT SPI Host driver 3.04.12
[    4.822861] Fusion MPT FC Host driver 3.04.12
[    4.822964] Fusion MPT SAS Host driver 3.04.12
[    4.823156] ohci1394 0000:15:00.1: PCI INT B -> GSI 17 (level, low) -> IRQ 17
[    4.823248] ohci1394 0000:15:00.1: setting latency timer to 64
[    4.877024] ohci1394: fw-host0: OHCI-1394 1.1 (PCI): IRQ=[17]  MMIO=[f8301000-f83017ff]  Max Packet=[2048]  IR/IT contexts=[4/4]
[    4.880284] ehci_hcd: USB 2.0 'Enhanced' Host Controller (EHCI) Driver
[    4.880553] ehci_hcd 0000:00:1a.7: power state changed by ACPI to D0
[    4.880787] ehci_hcd 0000:00:1a.7: power state changed by ACPI to D0
[    4.880883] ehci_hcd 0000:00:1a.7: PCI INT C -> GSI 22 (level, low) -> IRQ 22
[    4.880985] ehci_hcd 0000:00:1a.7: setting latency timer to 64
[    4.880990] ehci_hcd 0000:00:1a.7: EHCI Host Controller
[    4.881118] ehci_hcd 0000:00:1a.7: new USB bus registered, assigned bus number 1
[    4.885143] ehci_hcd 0000:00:1a.7: cache line size of 32 is not supported
[    4.885152] ehci_hcd 0000:00:1a.7: irq 22, io mem 0xfe226c00
[    4.894986] ehci_hcd 0000:00:1a.7: USB 2.0 started, EHCI 1.00
[    4.895093] usb usb1: New USB device found, idVendor=1d6b, idProduct=0002
[    4.895176] usb usb1: New USB device strings: Mfr=3, Product=2, SerialNumber=1
[    4.895293] usb usb1: Product: EHCI Host Controller
[    4.895376] usb usb1: Manufacturer: Linux 2.6.32.57 ehci_hcd
[    4.895464] usb usb1: SerialNumber: 0000:00:1a.7
[    4.895594] usb usb1: configuration #1 chosen from 1 choice
[    4.895710] hub 1-0:1.0: USB hub found
[    4.895800] hub 1-0:1.0: 4 ports detected
[    4.896137] ehci_hcd 0000:00:1d.7: power state changed by ACPI to D0
[    4.896372] ehci_hcd 0000:00:1d.7: power state changed by ACPI to D0
[    4.896462] ehci_hcd 0000:00:1d.7: PCI INT D -> GSI 19 (level, low) -> IRQ 19
[    4.896559] ehci_hcd 0000:00:1d.7: setting latency timer to 64
[    4.896564] ehci_hcd 0000:00:1d.7: EHCI Host Controller
[    4.896685] ehci_hcd 0000:00:1d.7: new USB bus registered, assigned bus number 2
[    4.896828] ehci_hcd 0000:00:1d.7: debug port 1
[    4.900803] ehci_hcd 0000:00:1d.7: cache line size of 32 is not supported
[    4.900811] ehci_hcd 0000:00:1d.7: irq 19, io mem 0xfe227000
[    4.910986] ehci_hcd 0000:00:1d.7: USB 2.0 started, EHCI 1.00
[    4.911078] usb usb2: New USB device found, idVendor=1d6b, idProduct=0002
[    4.911160] usb usb2: New USB device strings: Mfr=3, Product=2, SerialNumber=1
[    4.911272] usb usb2: Product: EHCI Host Controller
[    4.911361] usb usb2: Manufacturer: Linux 2.6.32.57 ehci_hcd
[    4.911448] usb usb2: SerialNumber: 0000:00:1d.7
[    4.911584] usb usb2: configuration #1 chosen from 1 choice
[    4.911704] hub 2-0:1.0: USB hub found
[    4.911787] hub 2-0:1.0: 6 ports detected
[    4.911961] 116x: driver isp116x-hcd, 03 Nov 2005
[    4.912075] ohci_hcd: USB 1.1 'Open' Host Controller (OHCI) Driver
[    4.912178] uhci_hcd: USB Universal Host Controller Interface driver
[    4.912289] uhci_hcd 0000:00:1a.0: PCI INT A -> GSI 20 (level, low) -> IRQ 20
[    4.912382] uhci_hcd 0000:00:1a.0: setting latency timer to 64
[    4.912387] uhci_hcd 0000:00:1a.0: UHCI Host Controller
[    4.912509] uhci_hcd 0000:00:1a.0: new USB bus registered, assigned bus number 3
[    4.912651] uhci_hcd 0000:00:1a.0: irq 20, io base 0x00001860
[    4.912765] usb usb3: New USB device found, idVendor=1d6b, idProduct=0001
[    4.912846] usb usb3: New USB device strings: Mfr=3, Product=2, SerialNumber=1
[    4.912961] usb usb3: Product: UHCI Host Controller
[    4.913052] usb usb3: Manufacturer: Linux 2.6.32.57 uhci_hcd
[    4.913138] usb usb3: SerialNumber: 0000:00:1a.0
[    4.913266] usb usb3: configuration #1 chosen from 1 choice
[    4.913380] hub 3-0:1.0: USB hub found
[    4.913467] hub 3-0:1.0: 2 ports detected
[    4.913767] uhci_hcd 0000:00:1a.1: power state changed by ACPI to D0
[    4.914013] uhci_hcd 0000:00:1a.1: power state changed by ACPI to D0
[    4.914103] uhci_hcd 0000:00:1a.1: PCI INT B -> GSI 21 (level, low) -> IRQ 21
[    4.914197] uhci_hcd 0000:00:1a.1: setting latency timer to 64
[    4.914201] uhci_hcd 0000:00:1a.1: UHCI Host Controller
[    4.914332] uhci_hcd 0000:00:1a.1: new USB bus registered, assigned bus number 4
[    4.914492] uhci_hcd 0000:00:1a.1: irq 21, io base 0x00001880
[    4.914608] usb usb4: New USB device found, idVendor=1d6b, idProduct=0001
[    4.914689] usb usb4: New USB device strings: Mfr=3, Product=2, SerialNumber=1
[    4.914803] usb usb4: Product: UHCI Host Controller
[    4.914889] usb usb4: Manufacturer: Linux 2.6.32.57 uhci_hcd
[    4.914971] usb usb4: SerialNumber: 0000:00:1a.1
[    4.915117] usb usb4: configuration #1 chosen from 1 choice
[    4.915227] hub 4-0:1.0: USB hub found
[    4.915308] hub 4-0:1.0: 2 ports detected
[    4.915646] uhci_hcd 0000:00:1d.0: power state changed by ACPI to D0
[    4.915897] uhci_hcd 0000:00:1d.0: power state changed by ACPI to D0
[    4.915993] uhci_hcd 0000:00:1d.0: PCI INT A -> GSI 16 (level, low) -> IRQ 16
[    4.916079] uhci_hcd 0000:00:1d.0: setting latency timer to 64
[    4.916082] uhci_hcd 0000:00:1d.0: UHCI Host Controller
[    4.916209] uhci_hcd 0000:00:1d.0: new USB bus registered, assigned bus number 5
[    4.916351] uhci_hcd 0000:00:1d.0: irq 16, io base 0x000018a0
[    4.916468] usb usb5: New USB device found, idVendor=1d6b, idProduct=0001
[    4.916556] usb usb5: New USB device strings: Mfr=3, Product=2, SerialNumber=1
[    4.916669] usb usb5: Product: UHCI Host Controller
[    4.916754] usb usb5: Manufacturer: Linux 2.6.32.57 uhci_hcd
[    4.916839] usb usb5: SerialNumber: 0000:00:1d.0
[    4.916972] usb usb5: configuration #1 chosen from 1 choice
[    4.917106] hub 5-0:1.0: USB hub found
[    4.917186] hub 5-0:1.0: 2 ports detected
[    4.917331] uhci_hcd 0000:00:1d.1: PCI INT B -> GSI 17 (level, low) -> IRQ 17
[    4.917420] uhci_hcd 0000:00:1d.1: setting latency timer to 64
[    4.917425] uhci_hcd 0000:00:1d.1: UHCI Host Controller
[    4.917550] uhci_hcd 0000:00:1d.1: new USB bus registered, assigned bus number 6
[    4.917692] uhci_hcd 0000:00:1d.1: irq 17, io base 0x000018c0
[    4.917804] usb usb6: New USB device found, idVendor=1d6b, idProduct=0001
[    4.917897] usb usb6: New USB device strings: Mfr=3, Product=2, SerialNumber=1
[    4.918024] usb usb6: Product: UHCI Host Controller
[    4.918114] usb usb6: Manufacturer: Linux 2.6.32.57 uhci_hcd
[    4.918196] usb usb6: SerialNumber: 0000:00:1d.1
[    4.918327] usb usb6: configuration #1 chosen from 1 choice
[    4.918435] hub 6-0:1.0: USB hub found
[    4.918521] hub 6-0:1.0: 2 ports detected
[    4.918811] uhci_hcd 0000:00:1d.2: power state changed by ACPI to D0
[    4.919059] uhci_hcd 0000:00:1d.2: power state changed by ACPI to D0
[    4.919145] uhci_hcd 0000:00:1d.2: PCI INT C -> GSI 18 (level, low) -> IRQ 18
[    4.919236] uhci_hcd 0000:00:1d.2: setting latency timer to 64
[    4.919239] uhci_hcd 0000:00:1d.2: UHCI Host Controller
[    4.919358] uhci_hcd 0000:00:1d.2: new USB bus registered, assigned bus number 7
[    4.919509] uhci_hcd 0000:00:1d.2: irq 18, io base 0x000018e0
[    4.919615] usb usb7: New USB device found, idVendor=1d6b, idProduct=0001
[    4.919698] usb usb7: New USB device strings: Mfr=3, Product=2, SerialNumber=1
[    4.919818] usb usb7: Product: UHCI Host Controller
[    4.919902] usb usb7: Manufacturer: Linux 2.6.32.57 uhci_hcd
[    4.919989] usb usb7: SerialNumber: 0000:00:1d.2
[    4.920776] usb usb7: configuration #1 chosen from 1 choice
[    4.920889] hub 7-0:1.0: USB hub found
[    4.920971] hub 7-0:1.0: 2 ports detected
[    4.921144] sl811: driver sl811-hcd, 19 May 2005
[    4.921242] r8a66597_hcd: driver r8a66597_hcd, 2009-05-26
[    4.921408] Initializing USB Mass Storage driver...
[    4.921523] usbcore: registered new interface driver usb-storage
[    4.921611] USB Mass Storage support registered.
[    4.921714] usbcore: registered new interface driver ums-alauda
[    4.921813] usbcore: registered new interface driver ums-cypress
[    4.921912] usbcore: registered new interface driver ums-datafab
[    4.922017] usbcore: registered new interface driver ums-freecom
[    4.922121] usbcore: registered new interface driver ums-isd200
[    4.922224] usbcore: registered new interface driver ums-jumpshot
[    4.922333] usbcore: registered new interface driver ums-karma
[    4.922435] usbcore: registered new interface driver ums-onetouch
[    4.922539] usbcore: registered new interface driver ums-sddr09
[    4.922640] usbcore: registered new interface driver ums-sddr55
[    4.922742] usbcore: registered new interface driver ums-usbat
[    4.922884] PNP: PS/2 Controller [PNP0303:KBD,PNP0f13:MOU] at 0x60,0x64 irq 1,12
[    4.931875] serio: i8042 KBD port at 0x60,0x64 irq 1
[    4.931956] serio: i8042 AUX port at 0x60,0x64 irq 12
[    4.932196] mice: PS/2 mouse device common for all mice
[    4.932306] i2c /dev entries driver
[    4.932434] md: linear personality registered for level -1
[    4.932514] md: raid0 personality registered for level 0
[    4.932595] md: raid1 personality registered for level 1
[    4.932679] md: raid10 personality registered for level 10
[    4.932763] md: raid6 personality registered for level 6
[    4.932843] md: raid5 personality registered for level 5
[    4.932924] md: raid4 personality registered for level 4
[    4.933013] md: multipath personality registered for level -4
[    4.933198] device-mapper: ioctl: 4.15.0-ioctl (2009-04-01) initialised: dm-devel@redhat.com
[    4.933407] cpuidle: using governor ladder
[    4.934008] usbcore: registered new interface driver usbhid
[    4.934089] usbhid: v2.6:USB HID core driver
[    4.934238] random 0014 0000 0000 00000000 00000000: rand_read_num 4 get_random_bytes(136): sig 00000000 00000000 00000000
[    4.934241] random 0014 0000 0000 00000000 00000000: extract_entropy(.. 136 ..)
[    4.934243] random 0014 0000 0000 00000000 00000000: going to reseed nonblocking with 1024 bits (1088 of 0 requested)
[    4.934245] random 0014 0000 0000 00000000 00000000: extract_entropy(.. 128 ..)
[    4.934248] random 0014 0000 0000 00000000 00000000: trying to extract 1024 bits from input
[    4.934250] random 0014 0000 0000 00000000 00000000: debiting 0 entropy credits from input
[    4.934252] random 0014 0000 0000 00000000 00000000: extract_entropy account returned: 0 
[    4.934255] random 0014 0000 0000 00000000 00000000: urand_change_num 7 xfer_secondary_pool(136): pool_sig 00000000, data_sig 00000000, bytes_mixed 0 00000000 00000000
[    4.934258] random 0014 0000 0000 00000000 00000000: trying to extract 1088 bits from nonblocking
[    4.934260] random 0014 0000 0000 00000000 00000000: debiting 1088 entropy credits from nonblocking (unlimited)
[    4.934263] random 0014 0000 0000 00000000 00000000: extract_entropy account returned: 136 
[    4.934267] random 0014 0000 0000 00000000 00000000: urand_change_num 8 extract_buf: pool_sig 00000000, data_sig fffffff9, bytes_mixed 20 00000000 00000000
[    4.934272] random 0014 0000 0000 b7c35b56 be4dc95d: urand_change_num 9 extract_buf: pool_sig fffffd1e, data_sig 000000c5, bytes_mixed 20 b7c35b56 be4dc95d
[    4.934278] random 0014 0000 0000 ed9f5c47 c48487fb: urand_change_num 10 extract_buf: pool_sig fffff8ec, data_sig ffffff68, bytes_mixed 20 ed9f5c47 c48487fb
[    4.934283] random 0014 0000 0000 ed9f5c47 c48487fb: urand_change_num 11 extract_buf: pool_sig fffffaed, data_sig 000001aa, bytes_mixed 20 ed9f5c47 c48487fb
[    4.934288] random 0014 0000 0000 1b4f7c0a 91bd6a48: urand_change_num 12 extract_buf: pool_sig fffffdd8, data_sig 00000064, bytes_mixed 20 1b4f7c0a 91bd6a48
[    4.934293] random 0014 0000 0000 a254b9bc 20e9a24f: urand_change_num 13 extract_buf: pool_sig fffffbe6, data_sig 000001dd, bytes_mixed 20 a254b9bc 20e9a24f
[    4.934299] random 0014 0000 0000 a254b9bc 20e9a24f: urand_change_num 14 extract_buf: pool_sig fffff940, data_sig fffffe20, bytes_mixed 20 a254b9bc 20e9a24f
[    4.934304] random 0014 0000 0000 2831a66b 5fa2a3ad: urand_change_num 15 extract_buf: pool_sig fffffbce, data_sig 0000007e, bytes_mixed 20 2831a66b 5fa2a3ad
[    4.934309] random 0014 0000 0000 2831a66b 5fa2a3ad: urand_change_num 16 extract_buf: pool_sig 000004df, data_sig fffffe8f, bytes_mixed 20 2831a66b 5fa2a3ad
[    4.934314] random 0014 0000 0000 d4512bfd c9a54e0b: urand_change_num 17 extract_buf: pool_sig 00000485, data_sig fffffe68, bytes_mixed 20 d4512bfd c9a54e0b
[    4.934320] random 0014 0000 0000 c7371be6 f9ffea11: urand_change_num 18 extract_buf: pool_sig 00000095, data_sig ffffffed, bytes_mixed 20 c7371be6 f9ffea11
[    4.934325] random 0014 0000 0000 c7371be6 f9ffea11: urand_change_num 19 extract_buf: pool_sig 000003a7, data_sig fffffefa, bytes_mixed 20 c7371be6 f9ffea11
[    4.934330] random 0014 0000 0000 8fb4b62c d1ddba54: urand_change_num 20 extract_buf: pool_sig 00000179, data_sig ffffff78, bytes_mixed 20 8fb4b62c d1ddba54
[    4.934335] random 0014 0000 0000 9ff19f9c c07a1d2a: urand_change_num 21 extract_buf: pool_sig fffffe88, data_sig 00000126, bytes_mixed 20 9ff19f9c c07a1d2a
[    4.934340] TCP cubic registered
[    4.934417] Initializing XFRM netlink socket
[    4.934512] NET: Registered protocol family 17
[    4.934599] Using IPI Shortcut mode
[    4.934679] random 0014 0000 0000 9ff19f9c c07a1d2a: rand_read_num 5 get_random_bytes(8): sig 0000031b 9ff19f9c c07a1d2a
[    4.934682] random 0014 0000 0000 9ff19f9c c07a1d2a: extract_entropy(.. 8 ..)
[    4.934684] random 0014 0000 0000 9ff19f9c c07a1d2a: going to reseed nonblocking with 64 bits (64 of 0 requested)
[    4.934687] random 0014 0000 0000 9ff19f9c c07a1d2a: extract_entropy(.. 8 ..)
[    4.934689] random 0014 0000 0000 9ff19f9c c07a1d2a: trying to extract 64 bits from input
[    4.934691] random 0014 0000 0000 9ff19f9c c07a1d2a: debiting 0 entropy credits from input
[    4.934693] random 0014 0000 0000 9ff19f9c c07a1d2a: extract_entropy account returned: 0 
[    4.934696] random 0014 0000 0000 9ff19f9c c07a1d2a: urand_change_num 22 xfer_secondary_pool(8): pool_sig 0000031b, data_sig 00000000, bytes_mixed 0 9ff19f9c c07a1d2a
[    4.934699] random 0014 0000 0000 9ff19f9c c07a1d2a: trying to extract 64 bits from nonblocking
[    4.934701] random 0014 0000 0000 9ff19f9c c07a1d2a: debiting 64 entropy credits from nonblocking (unlimited)
[    4.934703] random 0014 0000 0000 9ff19f9c c07a1d2a: extract_entropy account returned: 8 
[    4.934708] random 0014 0000 0000 9ff19f9c c07a1d2a: urand_change_num 23 extract_buf: pool_sig 0000031b, data_sig ffffffb3, bytes_mixed 20 9ff19f9c c07a1d2a
[    4.936841] input: AT Translated Set 2 keyboard as /devices/platform/i8042/serio0/input/input1
[    5.126002] ata3: SATA link down (SStatus 0 SControl 300)
[    5.126108] ata1: SATA link up 1.5 Gbps (SStatus 113 SControl 300)
[    5.128845] ata1.00: ACPI cmd ef/02:00:00:00:00:a0 (SET FEATURES) succeeded
[    5.128848] ata1.00: ACPI cmd f5/00:00:00:00:00:a0 (SECURITY FREEZE LOCK) filtered out
[    5.130238] ata1.00: ACPI cmd ef/5f:00:00:00:00:a0 (SET FEATURES) succeeded
[    5.130241] ata1.00: ACPI cmd ef/10:03:00:00:00:a0 (SET FEATURES) filtered out
[    5.132152] ata1.00: ATA-7: ST910021AS, 4.06, max UDMA/100
[    5.132237] ata1.00: 195371568 sectors, multi 16: LBA48 
[    5.134390] ata1.00: ACPI cmd ef/02:00:00:00:00:a0 (SET FEATURES) succeeded
[    5.134393] ata1.00: ACPI cmd f5/00:00:00:00:00:a0 (SECURITY FREEZE LOCK) filtered out
[    5.135780] ata1.00: ACPI cmd ef/5f:00:00:00:00:a0 (SET FEATURES) succeeded
[    5.135783] ata1.00: ACPI cmd ef/10:03:00:00:00:a0 (SET FEATURES) filtered out
[    5.137711] ata1.00: configured for UDMA/100
[    5.148056] scsi 2:0:0:0: Direct-Access     ATA      ST910021AS       4.06 PQ: 0 ANSI: 5
[    5.148328] sd 2:0:0:0: [sda] 195371568 512-byte logical blocks: (100 GB/93.1 GiB)
[    5.148466] sd 2:0:0:0: [sda] Write Protect is off
[    5.148554] sd 2:0:0:0: [sda] Mode Sense: 00 3a 00 00
[    5.148566] sd 2:0:0:0: [sda] Write cache: enabled, read cache: enabled, doesn't support DPO or FUA
[    5.148744]  sda:
[    5.579139] random 0014 0000 0000 277f73c3 42024bb9: add_disk_randomness(8:0) 277f73c3 42024bb9
[    5.579215] random 0014 0000 0000 277f73c3 42024bb9: add_timer_randomness(.. 8388864) with jiffies: 6978499936698204564, cycles: 6978499932403531786
[    5.579218] random 0014 0000 0000 277f73c3 42024bb9: added 11 entropy credits to input
[    5.579222]  sda1 sda2
[    5.579507] random 0025 0000 0000 277f73c3 42024bb9: add_disk_randomness(8:0) 277f73c3 42024bb9
[    5.579510] random 0025 0000 0000 277f73c3 42024bb9: add_timer_randomness(.. 8388864) with jiffies: 6981162653212967316, cycles: 6981162648918294538
[    5.579662] sd 2:0:0:0: [sda] Attached SCSI disk
[    5.579746] random 0025 0000 0000 277f73c3 42024bb9: rand_read_num 6 get_random_bytes(12): sig 000007e9 277f73c3 42024bb9
[    5.579749] random 0025 0000 0000 277f73c3 42024bb9: extract_entropy(.. 12 ..)
[    5.579751] random 0025 0000 0000 277f73c3 42024bb9: going to reseed nonblocking with 96 bits (96 of 0 requested)
[    5.579754] random 0025 0000 0000 277f73c3 42024bb9: extract_entropy(.. 12 ..)
[    5.579756] random 0025 0000 0000 277f73c3 42024bb9: trying to extract 96 bits from input
[    5.579758] random 0025 0000 0000 277f73c3 42024bb9: debiting 0 entropy credits from input
[    5.579760] random 0025 0000 0000 277f73c3 42024bb9: extract_entropy account returned: 0 
[    5.579763] random 0025 0000 0000 277f73c3 42024bb9: urand_change_num 24 xfer_secondary_pool(12): pool_sig 000007e9, data_sig 00000000, bytes_mixed 0 277f73c3 42024bb9
[    5.579766] random 0025 0000 0000 277f73c3 42024bb9: trying to extract 96 bits from nonblocking
[    5.579769] random 0025 0000 0000 277f73c3 42024bb9: debiting 96 entropy credits from nonblocking (unlimited)
[    5.579771] random 0025 0000 0000 277f73c3 42024bb9: extract_entropy account returned: 12 
[    5.579775] random 0025 0000 0000 277f73c3 42024bb9: urand_change_num 25 extract_buf: pool_sig 000007e9, data_sig 00000088, bytes_mixed 20 277f73c3 42024bb9
[    5.579780] random 0025 0000 0000 277f73c3 42024bb9: urand_change_num 26 extract_buf: pool_sig 00000498, data_sig fffffefb, bytes_mixed 20 277f73c3 42024bb9
[    5.579783] RANDOM - __seed init called.
[    5.579784] RANDOM - __seed init called.
[    5.579785] RANDOM - __seed init called.
[    5.579787] RANDOM - __random32 called. Change num 12.  Value: 87f14767	f0d7351	b1e48bd3
[    5.579789] RANDOM - random32_reseed called.  Value: 87f14767	f0d7351	b1e48bd3
[    5.579792] Pid: 1, comm: swapper Not tainted 2.6.32.57 #6
[    5.579873] Call Trace:
[    5.579955]  [<c1923ca4>] ? random32_reseed+0xa0/0xb1
[    5.580045]  [<c1923c04>] ? random32_reseed+0x0/0xb1
[    5.580133]  [<c100111e>] ? do_one_initcall+0x2e/0x180
[    5.580220]  [<c1907265>] ? kernel_init+0xad/0x103
[    5.580306]  [<c19071b8>] ? kernel_init+0x0/0x103
[    5.580391]  [<c1003787>] ? kernel_thread_helper+0x7/0x10
[    5.580930] random 0025 0000 0000 386b4e60 ee4d4880: rand_read_num 7 get_random_bytes(64): sig fffffea5 386b4e60 ee4d4880
[    5.580932] random 0025 0000 0000 386b4e60 ee4d4880: extract_entropy(.. 64 ..)
[    5.580935] random 0025 0000 0000 386b4e60 ee4d4880: going to reseed nonblocking with 512 bits (512 of 0 requested)
[    5.580937] random 0025 0000 0000 386b4e60 ee4d4880: extract_entropy(.. 64 ..)
[    5.580939] random 0025 0000 0000 386b4e60 ee4d4880: trying to extract 512 bits from input
[    5.580941] random 0025 0000 0000 386b4e60 ee4d4880: debiting 0 entropy credits from input
[    5.580943] random 0025 0000 0000 386b4e60 ee4d4880: extract_entropy account returned: 0 
[    5.580946] random 0025 0000 0000 386b4e60 ee4d4880: urand_change_num 27 xfer_secondary_pool(64): pool_sig fffffea5, data_sig 00000000, bytes_mixed 0 386b4e60 ee4d4880
[    5.580949] random 0025 0000 0000 386b4e60 ee4d4880: trying to extract 512 bits from nonblocking
[    5.580952] random 0025 0000 0000 386b4e60 ee4d4880: debiting 512 entropy credits from nonblocking (unlimited)
[    5.580954] random 0025 0000 0000 386b4e60 ee4d4880: extract_entropy account returned: 64 
[    5.580958] random 0025 0000 0000 386b4e60 ee4d4880: urand_change_num 28 extract_buf: pool_sig fffffea5, data_sig 00000173, bytes_mixed 20 386b4e60 ee4d4880
[    5.580963] random 0025 0000 0000 412698f6 0cc8689a: urand_change_num 29 extract_buf: pool_sig 00000122, data_sig ffffff63, bytes_mixed 20 412698f6 0cc8689a
[    5.580969] random 0025 0000 0000 412698f6 0cc8689a: urand_change_num 30 extract_buf: pool_sig 000001f7, data_sig 00000012, bytes_mixed 20 412698f6 0cc8689a
[    5.580974] random 0025 0000 0000 9669941e 06f768b1: urand_change_num 31 extract_buf: pool_sig fffffb5b, data_sig 0000003f, bytes_mixed 20 9669941e 06f768b1
[    5.580980] random 0025 0000 0000 98486520 995551f0: urand_change_num 32 extract_buf: pool_sig fffffb39, data_sig 0000000e, bytes_mixed 20 98486520 995551f0
[    5.580985] random 0025 0000 0000 98486520 995551f0: urand_change_num 33 extract_buf: pool_sig fffffd8d, data_sig 000001a6, bytes_mixed 20 98486520 995551f0
[    5.580990] random 0025 0000 0000 61fc8914 d5882ed2: urand_change_num 34 extract_buf: pool_sig fffffa58, data_sig 0000023e, bytes_mixed 20 61fc8914 d5882ed2
[    5.581024] random 0025 0000 0000 61fc8914 d5882ed2: rand_read_num 8 get_random_bytes(64): sig fffff9ee 61fc8914 d5882ed2
[    5.581026] random 0025 0000 0000 61fc8914 d5882ed2: extract_entropy(.. 64 ..)
[    5.581029] random 0025 0000 0000 61fc8914 d5882ed2: going to reseed nonblocking with 512 bits (512 of 0 requested)
[    5.581031] random 0025 0000 0000 61fc8914 d5882ed2: extract_entropy(.. 64 ..)
[    5.581033] random 0025 0000 0000 61fc8914 d5882ed2: trying to extract 512 bits from input
[    5.581035] random 0025 0000 0000 61fc8914 d5882ed2: debiting 0 entropy credits from input
[    5.581037] random 0025 0000 0000 61fc8914 d5882ed2: extract_entropy account returned: 0 
[    5.581041] random 0025 0000 0000 61fc8914 d5882ed2: urand_change_num 35 xfer_secondary_pool(64): pool_sig fffff9ee, data_sig 00000000, bytes_mixed 0 61fc8914 d5882ed2
[    5.581044] random 0025 0000 0000 61fc8914 d5882ed2: trying to extract 512 bits from nonblocking
[    5.581046] random 0025 0000 0000 61fc8914 d5882ed2: debiting 512 entropy credits from nonblocking (unlimited)
[    5.581048] random 0025 0000 0000 61fc8914 d5882ed2: extract_entropy account returned: 64 
[    5.581052] random 0025 0000 0000 61fc8914 d5882ed2: urand_change_num 36 extract_buf: pool_sig fffff9ee, data_sig ffffff85, bytes_mixed 20 61fc8914 d5882ed2
[    5.581057] random 0025 0000 0000 70cfd302 e5edec11: urand_change_num 37 extract_buf: pool_sig fffffdc1, data_sig ffffffde, bytes_mixed 20 70cfd302 e5edec11
[    5.581063] random 0025 0000 0000 00dab838 eafd2b30: urand_change_num 38 extract_buf: pool_sig 000003da, data_sig ffffff61, bytes_mixed 20 00dab838 eafd2b30
[    5.581068] random 0025 0000 0000 00dab838 eafd2b30: urand_change_num 39 extract_buf: pool_sig 00000314, data_sig 00000121, bytes_mixed 20 00dab838 eafd2b30
[    5.581073] random 0025 0000 0000 5fcdf66a 6442b608: urand_change_num 40 extract_buf: pool_sig 0000028b, data_sig fffffefd, bytes_mixed 20 5fcdf66a 6442b608
[    5.581079] random 0025 0000 0000 61333f6b 8fae0f9b: urand_change_num 41 extract_buf: pool_sig 000000cb, data_sig 000000b3, bytes_mixed 20 61333f6b 8fae0f9b
[    5.581084] random 0025 0000 0000 61333f6b 8fae0f9b: urand_change_num 42 extract_buf: pool_sig fffffef8, data_sig 00000051, bytes_mixed 20 61333f6b 8fae0f9b
[    5.581087] BEGIN NET_SECRET:
[    5.581088] \xffffffe0
[    5.581089] \xffffffb6
[    5.581089] \x36
[    5.581090] \xffffffb5
[    5.581091] \xffffff94
[    5.581092] \xffffffb2
[    5.581093] \xffffffa8
[    5.581094] \xffffffda
[    5.581094] \x5b
[    5.581095] \x19
[    5.581096] \x18
[    5.581097] \x5c
[    5.581097] \x2b
[    5.581098] \x1
[    5.581099] \xffffff90
[    5.581100] \x19
[    5.581100] \x3c
[    5.581101] \xfffffff2
[    5.581102] \xffffff82
[    5.581103] \x2a
[    5.581104] \xffffffb3
[    5.581104] \xffffffa2
[    5.581105] \x3f
[    5.581106] \x5
[    5.581107] \x52
[    5.581107] \x77
[    5.581108] \x57
[    5.581109] \x79
[    5.581110] \x16
[    5.581110] \x43
[    5.581111] \xffffff84
[    5.581112] \xffffffc3
[    5.581113] \xffffffe9
[    5.581113] \x79
[    5.581114] \x50
[    5.581115] \xffffff8e
[    5.581116] \x3f
[    5.581116] \xfffffff3
[    5.581117] \x19
[    5.581118] \x2a
[    5.581119] \xfffffffd
[    5.581120] \xfffffffb
[    5.581120] \x62
[    5.581121] \x3c
[    5.581122] \xffffffac
[    5.581123] \x1c
[    5.581123] \x3b
[    5.581124] \x3b
[    5.581125] \x15
[    5.581125] \x27
[    5.581126] \xffffffa8
[    5.581127] \x22
[    5.581128] \xffffffc5
[    5.581129] \xffffff9a
[    5.581129] \x5
[    5.581130] \x6c
[    5.581131] \xffffffa8
[    5.581132] \x3a
[    5.581132] \x44
[    5.581133] \xffffffaf
[    5.581134] \x13
[    5.581135] \xffffffe0
[    5.581136] \xffffff9d
[    5.581136] \x22
[    5.581137] 
[    5.581138] END NET_SECRET
[    5.581140] random 0025 0000 0000 e7f555d9 e8ce5c3c: rand_read_num 9 get_random_bytes(4): sig 0000068c e7f555d9 e8ce5c3c
[    5.581143] random 0025 0000 0000 e7f555d9 e8ce5c3c: extract_entropy(.. 4 ..)
[    5.581145] random 0025 0000 0000 e7f555d9 e8ce5c3c: going to reseed nonblocking with 64 bits (32 of 0 requested)
[    5.581147] random 0025 0000 0000 e7f555d9 e8ce5c3c: extract_entropy(.. 8 ..)
[    5.581149] random 0025 0000 0000 e7f555d9 e8ce5c3c: trying to extract 64 bits from input
[    5.581151] random 0025 0000 0000 e7f555d9 e8ce5c3c: debiting 0 entropy credits from input
[    5.581153] random 0025 0000 0000 e7f555d9 e8ce5c3c: extract_entropy account returned: 0 
[    5.581157] random 0025 0000 0000 e7f555d9 e8ce5c3c: urand_change_num 43 xfer_secondary_pool(4): pool_sig 0000068c, data_sig 00000000, bytes_mixed 0 e7f555d9 e8ce5c3c
[    5.581159] random 0025 0000 0000 e7f555d9 e8ce5c3c: trying to extract 32 bits from nonblocking
[    5.581162] random 0025 0000 0000 e7f555d9 e8ce5c3c: debiting 32 entropy credits from nonblocking (unlimited)
[    5.581164] random 0025 0000 0000 e7f555d9 e8ce5c3c: extract_entropy account returned: 4 
[    5.581168] random 0025 0000 0000 e7f555d9 e8ce5c3c: urand_change_num 44 extract_buf: pool_sig 0000068c, data_sig fffffdcb, bytes_mixed 20 e7f555d9 e8ce5c3c
[    5.581179] md: Waiting for all devices to be available before autodetect
[    5.581273] md: If you don't use raid, use raid=noautodetect
[    5.581425] md: Autodetecting RAID arrays.
[    5.581508] md: Scanned 0 and added 0 devices.
[    5.581597] md: autorun ...
[    5.581675] md: ... autorun DONE.
[    5.597151] random 0025 0000 0000 e7f555d9 e8ce5c3c: add_disk_randomness(8:0) e7f555d9 e8ce5c3c
[    5.597154] random 0025 0000 0000 e7f555d9 e8ce5c3c: add_timer_randomness(.. 8388864) with jiffies: 7139888546935701926, cycles: 7139888542641029130
[    5.597157] random 0025 0000 0000 e7f555d9 e8ce5c3c: added 4 entropy credits to input
[    5.598272] random 0029 0000 0000 e7f555d9 e8ce5c3c: add_disk_randomness(8:0) e7f555d9 e8ce5c3c
[    5.598275] random 0029 0000 0000 e7f555d9 e8ce5c3c: add_timer_randomness(.. 8388864) with jiffies: 7149974929738006951, cycles: 7149974925443334154
[    5.598386] random 0029 0000 0000 e7f555d9 e8ce5c3c: add_disk_randomness(8:0) e7f555d9 e8ce5c3c
[    5.598389] random 0029 0000 0000 e7f555d9 e8ce5c3c: add_timer_randomness(.. 8388864) with jiffies: 7151005086233887143, cycles: 7151005081939214346
[    5.598394] EXT3-fs: sda2: couldn't mount because of unsupported optional features (240).
[    5.598611] random 0029 0000 0000 e7f555d9 e8ce5c3c: add_disk_randomness(8:0) e7f555d9 e8ce5c3c
[    5.598614] random 0029 0000 0000 e7f555d9 e8ce5c3c: add_timer_randomness(.. 8388864) with jiffies: 7153033328704848295, cycles: 7153033324410175498
[    5.598619] EXT2-fs: sda2: couldn't mount because of unsupported optional features (240).
[    5.598837] random 0029 0000 0000 e7f555d9 e8ce5c3c: add_disk_randomness(8:0) e7f555d9 e8ce5c3c
[    5.598840] random 0029 0000 0000 e7f555d9 e8ce5c3c: add_timer_randomness(.. 8388864) with jiffies: 7155071269211963815, cycles: 7155071264917291018
[    5.598973] random 0029 0000 0000 e7f555d9 e8ce5c3c: add_disk_randomness(8:0) e7f555d9 e8ce5c3c
[    5.598976] random 0029 0000 0000 e7f555d9 e8ce5c3c: add_timer_randomness(.. 8388864) with jiffies: 7156296876784583079, cycles: 7156296872489910282
[    5.599104] random 0029 0000 0000 e7f555d9 e8ce5c3c: add_disk_randomness(8:0) e7f555d9 e8ce5c3c
[    5.599107] random 0029 0000 0000 e7f555d9 e8ce5c3c: add_timer_randomness(.. 8388864) with jiffies: 7157458081322598824, cycles: 7157458077027926026
[    5.599255] random 0029 0000 0000 e7f555d9 e8ce5c3c: add_disk_randomness(8:0) e7f555d9 e8ce5c3c
[    5.599257] random 0029 0000 0000 e7f555d9 e8ce5c3c: add_timer_randomness(.. 8388864) with jiffies: 7158814290260754856, cycles: 7158814285966082058
[    5.599377] random 0029 0000 0000 e7f555d9 e8ce5c3c: add_disk_randomness(8:0) e7f555d9 e8ce5c3c
[    5.599380] random 0029 0000 0000 e7f555d9 e8ce5c3c: add_timer_randomness(.. 8388864) with jiffies: 7159917048883806632, cycles: 7159917044589133834
[    5.599495] random 0029 0000 0000 e7f555d9 e8ce5c3c: add_disk_randomness(8:0) e7f555d9 e8ce5c3c
[    5.599499] random 0029 0000 0000 e7f555d9 e8ce5c3c: add_timer_randomness(.. 8388864) with jiffies: 7160986843632861608, cycles: 7160986839338188810
[    5.599610] random 0029 0000 0000 e7f555d9 e8ce5c3c: add_disk_randomness(8:0) e7f555d9 e8ce5c3c
[    5.599612] random 0029 0000 0000 e7f555d9 e8ce5c3c: add_timer_randomness(.. 8388864) with jiffies: 7162014384493658536, cycles: 7162014380198985738
[    5.599723] random 0029 0000 0000 e7f555d9 e8ce5c3c: add_disk_randomness(8:0) e7f555d9 e8ce5c3c
[    5.599726] random 0029 0000 0000 e7f555d9 e8ce5c3c: add_timer_randomness(.. 8388864) with jiffies: 7163039082086105512, cycles: 7163039077791432714
[    5.599963] random 0029 0000 0000 e7f555d9 e8ce5c3c: rand_read_num 10 get_random_bytes(4): sig ffffff72 e7f555d9 e8ce5c3c
[    5.599965] random 0029 0000 0000 e7f555d9 e8ce5c3c: extract_entropy(.. 4 ..)
[    5.599968] random 0029 0000 0000 e7f555d9 e8ce5c3c: going to reseed nonblocking with 64 bits (32 of 0 requested)
[    5.599970] random 0029 0000 0000 e7f555d9 e8ce5c3c: extract_entropy(.. 8 ..)
[    5.599972] random 0029 0000 0000 e7f555d9 e8ce5c3c: trying to extract 64 bits from input
[    5.599974] random 0029 0000 0000 e7f555d9 e8ce5c3c: debiting 0 entropy credits from input
[    5.599976] random 0029 0000 0000 e7f555d9 e8ce5c3c: extract_entropy account returned: 0 
[    5.599979] random 0029 0000 0000 e7f555d9 e8ce5c3c: urand_change_num 45 xfer_secondary_pool(4): pool_sig ffffff72, data_sig 00000000, bytes_mixed 0 e7f555d9 e8ce5c3c
[    5.599982] random 0029 0000 0000 e7f555d9 e8ce5c3c: trying to extract 32 bits from nonblocking
[    5.599985] random 0029 0000 0000 e7f555d9 e8ce5c3c: debiting 32 entropy credits from nonblocking (unlimited)
[    5.599987] random 0029 0000 0000 e7f555d9 e8ce5c3c: extract_entropy account returned: 4 
[    5.599991] random 0029 0000 0000 e7f555d9 e8ce5c3c: urand_change_num 46 extract_buf: pool_sig ffffff72, data_sig ffffff72, bytes_mixed 20 e7f555d9 e8ce5c3c
[    5.611599] random 0029 0000 0000 91716c54 eeb6a1e7: add_disk_randomness(8:0) 91716c54 eeb6a1e7
[    5.611602] random 0029 0000 0000 91716c54 eeb6a1e7: add_timer_randomness(.. 8388864) with jiffies: 7269871901038313908, cycles: 7269871896743641098
[    5.611605] random 0029 0000 0000 91716c54 eeb6a1e7: added 3 entropy credits to input
[    5.629877] random 0032 0000 0000 91716c54 eeb6a1e7: add_disk_randomness(8:0) 91716c54 eeb6a1e7
[    5.629880] random 0032 0000 0000 91716c54 eeb6a1e7: add_timer_randomness(.. 8388864) with jiffies: 7434311918035894726, cycles: 7434311913741221898
[    5.629883] random 0032 0000 0000 91716c54 eeb6a1e7: added 2 entropy credits to input
[    5.634511] EXT4-fs (sda2): mounted filesystem with ordered data mode
[    5.634695] VFS: Mounted root (ext4 filesystem) readonly on device 8:2.
[    5.634797] Freeing unused kernel memory: 448k freed
[    5.655069] random 0034 0000 0000 91716c54 eeb6a1e7: add_disk_randomness(8:0) 91716c54 eeb6a1e7
[    5.655072] random 0034 0000 0000 91716c54 eeb6a1e7: add_timer_randomness(.. 8388864) with jiffies: 7660924451386261984, cycles: 7660924447091589130
[    5.655075] random 0034 0000 0000 91716c54 eeb6a1e7: added 1 entropy credits to input
[    5.655759] random 0035 0000 0000 91716c54 eeb6a1e7: add_disk_randomness(8:0) 91716c54 eeb6a1e7
[    5.655762] random 0035 0000 0000 91716c54 eeb6a1e7: add_timer_randomness(.. 8388864) with jiffies: 7667145964917588448, cycles: 7667145960622915594
[    5.660482] random 0035 0000 0000 91716c54 eeb6a1e7: add_disk_randomness(8:0) 91716c54 eeb6a1e7
[    5.660485] random 0035 0000 0000 91716c54 eeb6a1e7: add_timer_randomness(.. 8388864) with jiffies: 7709627082715398629, cycles: 7709627078420725770
[    5.660487] random 0035 0000 0000 91716c54 eeb6a1e7: added 2 entropy credits to input
[    5.668683] random 0037 0000 0000 91716c54 eeb6a1e7: add_disk_randomness(8:0) 91716c54 eeb6a1e7
[    5.668686] random 0037 0000 0000 91716c54 eeb6a1e7: add_timer_randomness(.. 8388864) with jiffies: 7783410540641747437, cycles: 7783410536347074570
[    5.668689] random 0037 0000 0000 91716c54 eeb6a1e7: added 1 entropy credits to input
[    5.672111] random 0038 0000 0000 91716c54 eeb6a1e7: add_disk_randomness(8:0) 91716c54 eeb6a1e7
[    5.672115] random 0038 0000 0000 91716c54 eeb6a1e7: add_timer_randomness(.. 8388864) with jiffies: 7814242745060131313, cycles: 7814242740765458442
[    5.672117] random 0038 0000 0000 91716c54 eeb6a1e7: added 2 entropy credits to input
[    5.681007] random 0040 0000 0000 91716c54 eeb6a1e7: add_disk_randomness(8:0) 91716c54 eeb6a1e7
[    5.681010] random 0040 0000 0000 91716c54 eeb6a1e7: add_timer_randomness(.. 8388864) with jiffies: 7894266837712208378, cycles: 7894266833417535498
[    5.681013] random 0040 0000 0000 91716c54 eeb6a1e7: added 2 entropy credits to input
[    5.694286] random 0042 0000 0000 91716c54 eeb6a1e7: add_disk_randomness(8:0) 91716c54 eeb6a1e7
[    5.694289] random 0042 0000 0000 91716c54 eeb6a1e7: add_timer_randomness(.. 8388864) with jiffies: 8013729970070979079, cycles: 8013729965776306186
[    5.702365] random 0042 0000 0000 91716c54 eeb6a1e7: add_disk_randomness(8:0) 91716c54 eeb6a1e7
[    5.702368] random 0042 0000 0000 91716c54 eeb6a1e7: add_timer_randomness(.. 8388864) with jiffies: 8086414637924057615, cycles: 8086414633629384714
[    5.702371] random 0042 0000 0000 91716c54 eeb6a1e7: added 2 entropy credits to input
[    5.702393] RANDOM get_random_int call with cycles 44832490941, jiffies 4294672911 and pid 1
[    5.702396] RANDOM get_random_int call with cycles 44832497965, jiffies 4294672911 and pid 1
[    5.702398] ASLR stack rand value: 7794688 after shift for pid: 1
[    5.702400] RANDOM get_random_int call with cycles 44832505767, jiffies 4294672911 and pid 1
[    5.714012] random 0044 0000 0000 91716c54 eeb6a1e7: add_disk_randomness(8:0) 91716c54 eeb6a1e7
[    5.714015] random 0044 0000 0000 91716c54 eeb6a1e7: add_timer_randomness(.. 8388864) with jiffies: 8191180787332907547, cycles: 8191180783038234634
[    5.714018] random 0044 0000 0000 91716c54 eeb6a1e7: added 2 entropy credits to input
[    5.714027] RANDOM get_random_int call with cycles 44856859026, jiffies 4294672923 and pid 1
[    5.714033] random 0046 0000 0000 91716c54 eeb6a1e7: rand_read_num 11 get_random_bytes(16): sig fffffcad 91716c54 eeb6a1e7
[    5.714035] random 0046 0000 0000 91716c54 eeb6a1e7: extract_entropy(.. 16 ..)
[    5.714038] random 0046 0000 0000 91716c54 eeb6a1e7: going to reseed nonblocking with 128 bits (128 of 0 requested)
[    5.714040] random 0046 0000 0000 91716c54 eeb6a1e7: extract_entropy(.. 16 ..)
[    5.714042] random 0046 0000 0000 91716c54 eeb6a1e7: trying to extract 128 bits from input
[    5.714044] random 0046 0000 0000 91716c54 eeb6a1e7: debiting 0 entropy credits from input
[    5.714046] random 0046 0000 0000 91716c54 eeb6a1e7: extract_entropy account returned: 0 
[    5.714050] random 0046 0000 0000 91716c54 eeb6a1e7: urand_change_num 47 xfer_secondary_pool(16): pool_sig fffffcad, data_sig 00000000, bytes_mixed 0 91716c54 eeb6a1e7
[    5.714053] random 0046 0000 0000 91716c54 eeb6a1e7: trying to extract 128 bits from nonblocking
[    5.714055] random 0046 0000 0000 91716c54 eeb6a1e7: debiting 128 entropy credits from nonblocking (unlimited)
[    5.714057] random 0046 0000 0000 91716c54 eeb6a1e7: extract_entropy account returned: 16 
[    5.714062] random 0046 0000 0000 91716c54 eeb6a1e7: urand_change_num 48 extract_buf: pool_sig fffffcad, data_sig ffffff19, bytes_mixed 20 91716c54 eeb6a1e7
[    5.714067] random 0046 0000 0000 fd637b06 6cf47bc1: urand_change_num 49 extract_buf: pool_sig fffffede, data_sig ffffffc1, bytes_mixed 20 fd637b06 6cf47bc1
[    5.715022] random 0046 0000 0000 fd637b06 6cf47bc1: add_disk_randomness(8:0) fd637b06 6cf47bc1
[    5.715025] random 0046 0000 0000 fd637b06 6cf47bc1: add_timer_randomness(.. 8388864) with jiffies: 8200271291773321756, cycles: 8200271287478648842
[    5.716164] random 0046 0000 0000 fd637b06 6cf47bc1: add_disk_randomness(8:0) fd637b06 6cf47bc1
[    5.716167] random 0046 0000 0000 fd637b06 6cf47bc1: add_timer_randomness(.. 8388864) with jiffies: 8210548349648732701, cycles: 8210548345354059786
[    5.717321] random 0046 0000 0000 fd637b06 6cf47bc1: add_disk_randomness(8:0) fd637b06 6cf47bc1
[    5.717324] random 0046 0000 0000 fd637b06 6cf47bc1: add_timer_randomness(.. 8388864) with jiffies: 8220953616592896542, cycles: 8220953612298223626
[    5.718195] random 0046 0000 0000 fd637b06 6cf47bc1: add_disk_randomness(8:0) fd637b06 6cf47bc1
[    5.718198] random 0046 0000 0000 fd637b06 6cf47bc1: add_timer_randomness(.. 8388864) with jiffies: 8228815043127116319, cycles: 8228815038832443402
[    5.718377] random 0046 0000 0000 fd637b06 6cf47bc1: add_disk_randomness(8:0) fd637b06 6cf47bc1
[    5.718380] random 0046 0000 0000 fd637b06 6cf47bc1: add_timer_randomness(.. 8388864) with jiffies: 8230456669821960735, cycles: 8230456665527287818
[    5.718588] random 0046 0000 0000 fd637b06 6cf47bc1: add_disk_randomness(8:0) fd637b06 6cf47bc1
[    5.718591] random 0046 0000 0000 fd637b06 6cf47bc1: add_timer_randomness(.. 8388864) with jiffies: 8232355122676204063, cycles: 8232355118381531146
[    5.729080] random 0046 0000 0000 fd637b06 6cf47bc1: add_disk_randomness(8:0) fd637b06 6cf47bc1
[    5.729083] random 0046 0000 0000 fd637b06 6cf47bc1: add_timer_randomness(.. 8388864) with jiffies: 8326736887271883306, cycles: 8326736882977210378
[    5.729086] random 0046 0000 0000 fd637b06 6cf47bc1: added 3 entropy credits to input
[    5.729512] random 0049 0000 0000 fd637b06 6cf47bc1: add_disk_randomness(8:0) fd637b06 6cf47bc1
[    5.729515] random 0049 0000 0000 fd637b06 6cf47bc1: add_timer_randomness(.. 8388864) with jiffies: 8330627826994348586, cycles: 8330627822699675658
[    5.739257] random 0049 0000 0000 fd637b06 6cf47bc1: add_disk_randomness(8:0) fd637b06 6cf47bc1
[    5.739260] random 0049 0000 0000 fd637b06 6cf47bc1: add_timer_randomness(.. 8388864) with jiffies: 8418299044492444212, cycles: 8418299040197771274
[    5.739263] random 0049 0000 0000 fd637b06 6cf47bc1: added 3 entropy credits to input
[    5.739316] RANDOM get_random_int call with cycles 44909828250, jiffies 4294672948 and pid 1
[    5.743860] random 0052 0000 0000 fd637b06 6cf47bc1: add_disk_randomness(8:0) fd637b06 6cf47bc1
[    5.743863] random 0052 0000 0000 fd637b06 6cf47bc1: add_timer_randomness(.. 8388864) with jiffies: 8459714151407387192, cycles: 8459714147112714250
[    5.743866] random 0052 0000 0000 fd637b06 6cf47bc1: added 2 entropy credits to input
[    5.756684] random 0054 0000 0000 fd637b06 6cf47bc1: add_disk_randomness(8:0) fd637b06 6cf47bc1
[    5.756687] random 0054 0000 0000 fd637b06 6cf47bc1: add_timer_randomness(.. 8388864) with jiffies: 8575079129051529797, cycles: 8575079124756856842
[    5.756690] random 0054 0000 0000 fd637b06 6cf47bc1: added 3 entropy credits to input
[    5.756826] random 0057 0000 0000 fd637b06 6cf47bc1: add_disk_randomness(8:0) fd637b06 6cf47bc1
[    5.756829] random 0057 0000 0000 fd637b06 6cf47bc1: add_timer_randomness(.. 8388864) with jiffies: 8576352131588260421, cycles: 8576352127293587466
[    5.758990] random 0057 0000 0000 fd637b06 6cf47bc1: add_disk_randomness(8:0) fd637b06 6cf47bc1
[    5.758993] random 0057 0000 0000 fd637b06 6cf47bc1: add_timer_randomness(.. 8388864) with jiffies: 8595825895560413767, cycles: 8595825891265740810
[    5.758996] random 0057 0000 0000 fd637b06 6cf47bc1: added 1 entropy credits to input
[    5.759232] random 0058 0000 0000 fd637b06 6cf47bc1: add_disk_randomness(8:0) fd637b06 6cf47bc1
[    5.759235] random 0058 0000 0000 fd637b06 6cf47bc1: add_timer_randomness(.. 8388864) with jiffies: 8597990602027270728, cycles: 8597990597732597770
[    5.759375] random 0058 0000 0000 fd637b06 6cf47bc1: add_disk_randomness(8:0) fd637b06 6cf47bc1
[    5.759378] random 0058 0000 0000 fd637b06 6cf47bc1: add_timer_randomness(.. 8388864) with jiffies: 8599279886785020488, cycles: 8599279882490347530
[    5.762542] random 0058 0000 0000 fd637b06 6cf47bc1: add_disk_randomness(8:0) fd637b06 6cf47bc1
[    5.762545] random 0058 0000 0000 fd637b06 6cf47bc1: add_timer_randomness(.. 8388864) with jiffies: 8627771007609569867, cycles: 8627771003314896906
[    5.762547] random 0058 0000 0000 fd637b06 6cf47bc1: added 1 entropy credits to input
[    5.764555] random 0059 0000 0000 fd637b06 6cf47bc1: add_disk_randomness(8:0) fd637b06 6cf47bc1
[    5.764558] random 0059 0000 0000 fd637b06 6cf47bc1: add_timer_randomness(.. 8388864) with jiffies: 8645882158847328845, cycles: 8645882154552655882
[    5.772386] random 0059 0000 0000 fd637b06 6cf47bc1: add_disk_randomness(8:0) fd637b06 6cf47bc1
[    5.772389] random 0059 0000 0000 fd637b06 6cf47bc1: add_timer_randomness(.. 8388864) with jiffies: 8716331450841662037, cycles: 8716331446546989066
[    5.772392] random 0059 0000 0000 fd637b06 6cf47bc1: added 2 entropy credits to input
[    5.772522] random 0061 0000 0000 fd637b06 6cf47bc1: add_disk_randomness(8:0) fd637b06 6cf47bc1
[    5.772524] random 0061 0000 0000 fd637b06 6cf47bc1: add_timer_randomness(.. 8388864) with jiffies: 8717550199351509589, cycles: 8717550195056836618
[    5.776087] random 0061 0000 0000 fd637b06 6cf47bc1: add_disk_randomness(8:0) fd637b06 6cf47bc1
[    5.776090] random 0061 0000 0000 fd637b06 6cf47bc1: add_timer_randomness(.. 8388864) with jiffies: 8749622304993673817, cycles: 8749622300699000842
[    5.776093] random 0061 0000 0000 fd637b06 6cf47bc1: added 2 entropy credits to input
[    5.780583] random 0063 0000 0000 fd637b06 6cf47bc1: add_disk_randomness(8:0) fd637b06 6cf47bc1
[    5.780586] random 0063 0000 0000 fd637b06 6cf47bc1: add_timer_randomness(.. 8388864) with jiffies: 8790071748641653341, cycles: 8790071744346980362
[    5.786164] random 0063 0000 0000 fd637b06 6cf47bc1: add_disk_randomness(8:0) fd637b06 6cf47bc1
[    5.786167] random 0063 0000 0000 fd637b06 6cf47bc1: add_timer_randomness(.. 8388864) with jiffies: 8840272056541741667, cycles: 8840272052247068682
[    5.786169] random 0063 0000 0000 fd637b06 6cf47bc1: added 1 entropy credits to input
[    5.792444] random 0064 0000 0000 fd637b06 6cf47bc1: add_disk_randomness(8:0) fd637b06 6cf47bc1
[    5.792447] random 0064 0000 0000 fd637b06 6cf47bc1: add_timer_randomness(.. 8388864) with jiffies: 8896770586089063017, cycles: 8896770581794390026
[    5.792458] random 0064 0000 0000 fd637b06 6cf47bc1: rand_read_num 12 get_random_bytes(16): sig 0000033b fd637b06 6cf47bc1
[    5.792460] random 0064 0000 0000 fd637b06 6cf47bc1: extract_entropy(.. 16 ..)
[    5.792463] random 0064 0000 0000 fd637b06 6cf47bc1: going to reseed nonblocking with 128 bits (128 of 0 requested)
[    5.792465] random 0064 0000 0000 fd637b06 6cf47bc1: extract_entropy(.. 16 ..)
[    5.792467] random 0064 0000 0000 fd637b06 6cf47bc1: trying to extract 128 bits from input
[    5.792469] random 0064 0000 0000 fd637b06 6cf47bc1: debiting 0 entropy credits from input
[    5.792471] random 0064 0000 0000 fd637b06 6cf47bc1: extract_entropy account returned: 0 
[    5.792474] random 0064 0000 0000 fd637b06 6cf47bc1: urand_change_num 50 xfer_secondary_pool(16): pool_sig 0000033b, data_sig 00000000, bytes_mixed 0 fd637b06 6cf47bc1
[    5.792477] random 0064 0000 0000 fd637b06 6cf47bc1: trying to extract 128 bits from nonblocking
[    5.792480] random 0064 0000 0000 fd637b06 6cf47bc1: debiting 128 entropy credits from nonblocking (unlimited)
[    5.792482] random 0064 0000 0000 fd637b06 6cf47bc1: extract_entropy account returned: 16 
[    5.792486] random 0064 0000 0000 fd637b06 6cf47bc1: urand_change_num 51 extract_buf: pool_sig 0000033b, data_sig 000000d8, bytes_mixed 20 fd637b06 6cf47bc1
[    5.792492] random 0064 0000 0000 0ec1f012 d4727ca8: urand_change_num 52 extract_buf: pool_sig fffffcf5, data_sig 00000016, bytes_mixed 20 0ec1f012 d4727ca8
[    5.799187] random 0064 0000 0000 45b1d0b1 845a73f7: add_disk_randomness(8:0) 45b1d0b1 845a73f7
[    5.799190] random 0064 0000 0000 45b1d0b1 845a73f7: add_timer_randomness(.. 8388864) with jiffies: 8957434018437759600, cycles: 8957434014143086602
[    5.806414] random 0064 0000 0000 45b1d0b1 845a73f7: add_disk_randomness(8:0) 45b1d0b1 845a73f7
[    5.806417] random 0064 0000 0000 45b1d0b1 845a73f7: add_timer_randomness(.. 8388864) with jiffies: 9022455141784846967, cycles: 9022455137490173962
[    5.812010] random 0064 0000 0000 45b1d0b1 845a73f7: add_disk_randomness(8:0) 45b1d0b1 845a73f7
[    5.812013] random 0064 0000 0000 45b1d0b1 845a73f7: add_timer_randomness(.. 8388864) with jiffies: 9072782937199182461, cycles: 9072782932904509450
[    5.823830] random 0064 0000 0000 45b1d0b1 845a73f7: add_disk_randomness(8:0) 45b1d0b1 845a73f7
[    5.823833] random 0064 0000 0000 45b1d0b1 845a73f7: add_timer_randomness(.. 8388864) with jiffies: 9179137094931153544, cycles: 9179137090636480522
[    5.823836] random 0064 0000 0000 45b1d0b1 845a73f7: added 2 entropy credits to input
[    5.826980] random 0066 0000 0000 45b1d0b1 845a73f7: add_disk_randomness(8:0) 45b1d0b1 845a73f7
[    5.826983] random 0066 0000 0000 45b1d0b1 845a73f7: add_timer_randomness(.. 8388864) with jiffies: 9207474975617548939, cycles: 9207474971322875914
[    5.826986] random 0066 0000 0000 45b1d0b1 845a73f7: added 1 entropy credits to input
[    5.841250] random 0067 0000 0000 45b1d0b1 845a73f7: add_disk_randomness(8:0) 45b1d0b1 845a73f7
[    5.841253] random 0067 0000 0000 45b1d0b1 845a73f7: add_timer_randomness(.. 8388864) with jiffies: 9335838439854801562, cycles: -9110905638149423094
[    5.841256] random 0067 0000 0000 45b1d0b1 845a73f7: added 3 entropy credits to input
[    5.846647] random 0070 0000 0000 45b1d0b1 845a73f7: add_disk_randomness(8:0) 45b1d0b1 845a73f7
[    5.846650] random 0070 0000 0000 45b1d0b1 845a73f7: add_timer_randomness(.. 8388864) with jiffies: 9384396489699852959, cycles: -9062347588304371702
[    5.846653] random 0070 0000 0000 45b1d0b1 845a73f7: added 2 entropy credits to input
[    5.851820] random 0072 0000 0000 45b1d0b1 845a73f7: add_disk_randomness(8:0) 45b1d0b1 845a73f7
[    5.851823] random 0072 0000 0000 45b1d0b1 845a73f7: add_timer_randomness(.. 8388864) with jiffies: 9430933959295599268, cycles: -9015810118708625398
[    5.860046] random 0072 0000 0000 45b1d0b1 845a73f7: add_disk_randomness(8:0) 45b1d0b1 845a73f7
[    5.860049] random 0072 0000 0000 45b1d0b1 845a73f7: add_timer_randomness(.. 8388864) with jiffies: 9504922068118635181, cycles: -8941822009885589494
[    5.860052] random 0072 0000 0000 45b1d0b1 845a73f7: added 2 entropy credits to input
[    5.869649] random 0074 0000 0000 45b1d0b1 845a73f7: add_disk_randomness(8:0) 45b1d0b1 845a73f7
[    5.869652] random 0074 0000 0000 45b1d0b1 845a73f7: add_timer_randomness(.. 8388864) with jiffies: 9591326506487612086, cycles: -8855417571516612598
[    5.889155] random 0074 0000 0000 45b1d0b1 845a73f7: add_disk_randomness(8:0) 45b1d0b1 845a73f7
[    5.889158] random 0074 0000 0000 45b1d0b1 845a73f7: add_timer_randomness(.. 8388864) with jiffies: 9766798640906207946, cycles: -8679945437098016758
[    5.889161] random 0074 0000 0000 45b1d0b1 845a73f7: added 3 entropy credits to input
[    5.902439] random 0077 0000 0000 45b1d0b1 845a73f7: add_disk_randomness(8:0) 45b1d0b1 845a73f7
[    5.902442] random 0077 0000 0000 45b1d0b1 845a73f7: add_timer_randomness(.. 8388864) with jiffies: 9886302858922132183, cycles: -8560441219082092534
[    5.902444] random 0077 0000 0000 45b1d0b1 845a73f7: added 2 entropy credits to input
[    5.910462] random 0079 0000 0000 45b1d0b1 845a73f7: add_disk_randomness(8:0) 45b1d0b1 845a73f7
[    5.910465] random 0079 0000 0000 45b1d0b1 845a73f7: add_timer_randomness(.. 8388864) with jiffies: 9958477701272273631, cycles: -8488266376731951094
[    5.910467] random 0079 0000 0000 45b1d0b1 845a73f7: added 1 entropy credits to input
[    5.920472] random 0080 0000 0000 45b1d0b1 845a73f7: add_disk_randomness(8:0) 45b1d0b1 845a73f7
[    5.920475] random 0080 0000 0000 45b1d0b1 845a73f7: add_timer_randomness(.. 8388864) with jiffies: 10048527523198501609, cycles: -8398216554805723126
[    5.920477] random 0080 0000 0000 45b1d0b1 845a73f7: added 1 entropy credits to input
[    5.933358] random 0081 0000 0000 45b1d0b1 845a73f7: add_disk_randomness(8:0) 45b1d0b1 845a73f7
[    5.933362] random 0081 0000 0000 45b1d0b1 845a73f7: add_timer_randomness(.. 8388864) with jiffies: 10164459144467940086, cycles: -8282284933536284662
[    5.940720] random 0081 0000 0000 45b1d0b1 845a73f7: add_disk_randomness(8:0) 45b1d0b1 845a73f7
[    5.940723] random 0081 0000 0000 45b1d0b1 845a73f7: add_timer_randomness(.. 8388864) with jiffies: 10230686165782725373, cycles: -8216057912221499382
[    5.940725] random 0081 0000 0000 45b1d0b1 845a73f7: added 2 entropy credits to input
[    5.946012] random 0083 0000 0000 45b1d0b1 845a73f7: add_disk_randomness(8:0) 45b1d0b1 845a73f7
[    5.946015] random 0083 0000 0000 45b1d0b1 845a73f7: add_timer_randomness(.. 8388864) with jiffies: 10278284908912411395, cycles: -8168459169091813366
[    5.952408] random 0083 0000 0000 45b1d0b1 845a73f7: add_disk_randomness(8:0) 45b1d0b1 845a73f7
[    5.952411] random 0083 0000 0000 45b1d0b1 845a73f7: add_timer_randomness(.. 8388864) with jiffies: 10335827300196254473, cycles: -8110916777807970294
[    5.957469] random 0083 0000 0000 45b1d0b1 845a73f7: add_disk_randomness(8:0) 45b1d0b1 845a73f7
[    5.957472] random 0083 0000 0000 45b1d0b1 845a73f7: add_timer_randomness(.. 8388864) with jiffies: 10381358922811015950, cycles: -8065385155193208822
[    5.963362] random 0083 0000 0000 45b1d0b1 845a73f7: add_disk_randomness(8:0) 45b1d0b1 845a73f7
[    5.963365] random 0083 0000 0000 45b1d0b1 845a73f7: add_timer_randomness(.. 8388864) with jiffies: 10434371940368745236, cycles: -8012372137635479542
[    5.972718] random 0083 0000 0000 45b1d0b1 845a73f7: add_disk_randomness(8:0) 45b1d0b1 845a73f7
[    5.972721] random 0083 0000 0000 45b1d0b1 845a73f7: add_timer_randomness(.. 8388864) with jiffies: 10518545963566203677, cycles: -7928198114438021110
[    5.972724] random 0083 0000 0000 45b1d0b1 845a73f7: added 1 entropy credits to input
[    5.977594] random 0084 0000 0000 45b1d0b1 845a73f7: add_disk_randomness(8:0) 45b1d0b1 845a73f7
[    5.977597] random 0084 0000 0000 45b1d0b1 845a73f7: add_timer_randomness(.. 8388864) with jiffies: 10562410705078420258, cycles: -7884333372925804534
[    5.977600] random 0084 0000 0000 45b1d0b1 845a73f7: added 2 entropy credits to input
[    5.985031] random 0086 0000 0000 45b1d0b1 845a73f7: add_disk_randomness(8:0) 45b1d0b1 845a73f7
[    5.985034] random 0086 0000 0000 45b1d0b1 845a73f7: add_timer_randomness(.. 8388864) with jiffies: 10629307286024848170, cycles: -7817436791979376630
[    5.985037] random 0086 0000 0000 45b1d0b1 845a73f7: added 1 entropy credits to input
[    5.991250] random 0087 0000 0000 45b1d0b1 845a73f7: add_disk_randomness(8:0) 45b1d0b1 845a73f7
[    5.991253] random 0087 0000 0000 45b1d0b1 845a73f7: add_timer_randomness(.. 8388864) with jiffies: 10685254277346853680, cycles: -7761489800657371126
[    5.991255] random 0087 0000 0000 45b1d0b1 845a73f7: added 1 entropy credits to input
[    5.991403] random 0088 0000 0000 45b1d0b1 845a73f7: add_disk_randomness(8:0) 45b1d0b1 845a73f7
[    5.991407] random 0088 0000 0000 45b1d0b1 845a73f7: add_timer_randomness(.. 8388864) with jiffies: 10686639030637658928, cycles: -7760105047366565878
[    6.005810] random 0088 0000 0000 45b1d0b1 845a73f7: add_disk_randomness(8:0) 45b1d0b1 845a73f7
[    6.005813] random 0088 0000 0000 45b1d0b1 845a73f7: add_timer_randomness(.. 8388864) with jiffies: 10816249521449435966, cycles: -7630494556554788854
[    6.005816] random 0088 0000 0000 45b1d0b1 845a73f7: added 3 entropy credits to input
[    6.013230] random 0091 0000 0000 45b1d0b1 845a73f7: add_disk_randomness(8:0) 45b1d0b1 845a73f7
[    6.013233] random 0091 0000 0000 45b1d0b1 845a73f7: add_timer_randomness(.. 8388864) with jiffies: 10882987270210290502, cycles: -7563756807793934326
[    6.013235] random 0091 0000 0000 45b1d0b1 845a73f7: added 2 entropy credits to input
[    6.022911] random 0093 0000 0000 45b1d0b1 845a73f7: add_disk_randomness(8:0) 45b1d0b1 845a73f7
[    6.022915] random 0093 0000 0000 45b1d0b1 845a73f7: add_timer_randomness(.. 8388864) with jiffies: 10970097839857435471, cycles: -7476646238146789366
[    6.033543] random 0093 0000 0000 45b1d0b1 845a73f7: add_disk_randomness(8:0) 45b1d0b1 845a73f7
[    6.033546] random 0093 0000 0000 45b1d0b1 845a73f7: add_timer_randomness(.. 8388864) with jiffies: 11065736372013466458, cycles: -7381007705990758390
[    6.046063] random 0093 0000 0000 45b1d0b1 845a73f7: add_disk_randomness(8:0) 45b1d0b1 845a73f7
[    6.046066] random 0093 0000 0000 45b1d0b1 845a73f7: add_timer_randomness(.. 8388864) with jiffies: 11178361379566093159, cycles: -7268382698438131702
[    6.047274] random 0093 0000 0000 45b1d0b1 845a73f7: add_disk_randomness(8:0) 45b1d0b1 845a73f7
[    6.047277] random 0093 0000 0000 45b1d0b1 845a73f7: add_timer_randomness(.. 8388864) with jiffies: 11189251934865032040, cycles: -7257492143139192822
[    6.051285] random 0093 0000 0000 45b1d0b1 845a73f7: add_disk_randomness(8:0) 45b1d0b1 845a73f7
[    6.051288] random 0093 0000 0000 45b1d0b1 845a73f7: add_timer_randomness(.. 8388864) with jiffies: 11225337554301322092, cycles: -7221406523702902774
[    6.051290] random 0093 0000 0000 45b1d0b1 845a73f7: added 1 entropy credits to input
[    6.060628] random 0094 0000 0000 45b1d0b1 845a73f7: add_disk_randomness(8:0) 45b1d0b1 845a73f7
[    6.060632] random 0094 0000 0000 45b1d0b1 845a73f7: add_timer_randomness(.. 8388864) with jiffies: 11309400277716271989, cycles: -7137343800287952886
[    6.060634] random 0094 0000 0000 45b1d0b1 845a73f7: added 1 entropy credits to input
[    6.061020] random 0095 0000 0000 45b1d0b1 845a73f7: add_disk_randomness(8:0) 45b1d0b1 845a73f7
[    6.061023] random 0095 0000 0000 45b1d0b1 845a73f7: add_timer_randomness(.. 8388864) with jiffies: 11312908338284168054, cycles: -7133835739720056822
[    6.076640] random 0095 0000 0000 45b1d0b1 845a73f7: add_disk_randomness(8:0) 45b1d0b1 845a73f7
[    6.076643] random 0095 0000 0000 45b1d0b1 845a73f7: add_timer_randomness(.. 8388864) with jiffies: 11453437619509887877, cycles: -6993306458494337014
[    6.076645] random 0095 0000 0000 45b1d0b1 845a73f7: added 3 entropy credits to input
[    6.078271] random 0098 0000 0000 45b1d0b1 845a73f7: add_disk_randomness(8:0) 45b1d0b1 845a73f7
[    6.078274] random 0098 0000 0000 45b1d0b1 845a73f7: add_timer_randomness(.. 8388864) with jiffies: 11468107677309830023, cycles: -6978636400694394870
[    6.078277] random 0098 0000 0000 45b1d0b1 845a73f7: added 1 entropy credits to input
[    6.078423] random 0099 0000 0000 45b1d0b1 845a73f7: add_disk_randomness(8:0) 45b1d0b1 845a73f7
[    6.078427] random 0099 0000 0000 45b1d0b1 845a73f7: add_timer_randomness(.. 8388864) with jiffies: 11469483140586374023, cycles: -6977260937417850870
[    6.089295] random 0099 0000 0000 45b1d0b1 845a73f7: add_disk_randomness(8:0) 45b1d0b1 845a73f7
[    6.089298] random 0099 0000 0000 45b1d0b1 845a73f7: add_timer_randomness(.. 8388864) with jiffies: 11567284171596071826, cycles: -6879459906408153078
[    6.089301] random 0099 0000 0000 45b1d0b1 845a73f7: added 3 entropy credits to input
[    6.089862] random 0102 0000 0000 45b1d0b1 845a73f7: add_disk_randomness(8:0) 45b1d0b1 845a73f7
[    6.089865] random 0102 0000 0000 45b1d0b1 845a73f7: add_timer_randomness(.. 8388864) with jiffies: 11572394718821843858, cycles: -6874349359182381046
[    6.095092] random 0102 0000 0000 45b1d0b1 845a73f7: add_disk_randomness(8:0) 45b1d0b1 845a73f7
[    6.095095] random 0102 0000 0000 45b1d0b1 845a73f7: add_timer_randomness(.. 8388864) with jiffies: 11619426586398000024, cycles: -6827317491606224886
[    6.095097] random 0102 0000 0000 45b1d0b1 845a73f7: added 2 entropy credits to input
[    6.096844] random 0104 0000 0000 45b1d0b1 845a73f7: add_disk_randomness(8:0) 45b1d0b1 845a73f7
[    6.096847] random 0104 0000 0000 45b1d0b1 845a73f7: add_timer_randomness(.. 8388864) with jiffies: 11635204007025935257, cycles: -6811540070978289654
[    6.107074] random 0104 0000 0000 45b1d0b1 845a73f7: add_disk_randomness(8:0) 45b1d0b1 845a73f7
[    6.107077] random 0104 0000 0000 45b1d0b1 845a73f7: add_timer_randomness(.. 8388864) with jiffies: 11727221374945297316, cycles: -6719522703058927606
[    6.107080] random 0104 0000 0000 45b1d0b1 845a73f7: added 3 entropy credits to input
[    6.121016] random 0107 0000 0000 45b1d0b1 845a73f7: add_disk_randomness(8:0) 45b1d0b1 845a73f7
[    6.121019] random 0107 0000 0000 45b1d0b1 845a73f7: add_timer_randomness(.. 8388864) with jiffies: 11852643241851323314, cycles: -6594100836152901622
[    6.121022] random 0107 0000 0000 45b1d0b1 845a73f7: added 1 entropy credits to input
[    6.133534] random 0108 0000 0000 45b1d0b1 845a73f7: add_disk_randomness(8:0) 45b1d0b1 845a73f7
[    6.133537] random 0108 0000 0000 45b1d0b1 845a73f7: add_timer_randomness(.. 8388864) with jiffies: 11965262610111890366, cycles: -6481481467892334582
