[    0.000000] random 0000 0000 0000 00000000 00000000: rand_read_num 1 get_random_bytes(8): sig 00000000 00000000 00000000
[    0.000000] random 0000 0000 0000 00000000 00000000: extract_entropy(.. 8 ..)
[    0.000000] random 0000 0000 0000 00000000 00000000: going to reseed nonblocking with 64 bits (64 of 0 requested)
[    0.000000] random 0000 0000 0000 00000000 00000000: extract_entropy(.. 8 ..)
[    0.000000] random 0000 0000 0000 00000000 00000000: trying to extract 64 bits from input
[    0.000000] random 0000 0000 0000 00000000 00000000: debiting 0 entropy credits from input
[    0.000000] random 0000 0000 0000 00000000 00000000: extract_entropy account returned: 0 
[    0.000000] random 0000 0000 0000 00000000 00000000: urand_change_num 1 xfer_secondary_pool(8): pool_sig 00000000, data_sig 00000000, bytes_mixed 0 00000000 00000000
[    0.000000] random 0000 0000 0000 00000000 00000000: trying to extract 64 bits from nonblocking
[    0.000000] random 0000 0000 0000 00000000 00000000: debiting 64 entropy credits from nonblocking (unlimited)
[    0.000000] random 0000 0000 0000 00000000 00000000: extract_entropy account returned: 8 
[    0.000000] random 0000 0000 0000 00000000 00000000: urand_change_num 2 extract_buf: pool_sig 00000000, data_sig fffffff9, bytes_mixed 20 00000000 00000000
[    0.000000] Linux version 2.6.32.57 (dcashman@dcashman-02) (gcc version 4.3.3 (GCC) ) #6 Thu May 30 09:02:12 PDT 2013
[    0.000000] KERNEL supported cpus:
[    0.000000]   Intel GenuineIntel
[    0.000000]   AMD AuthenticAMD
[    0.000000]   NSC Geode by NSC
[    0.000000]   Cyrix CyrixInstead
[    0.000000]   Centaur CentaurHauls
[    0.000000]   Transmeta GenuineTMx86
[    0.000000]   Transmeta TransmetaCPU
[    0.000000]   UMC UMC UMC UMC
[    0.000000] BIOS-provided physical RAM map:
[    0.000000]  BIOS-e820: 0000000000000000 - 000000000009d800 (usable)
[    0.000000]  BIOS-e820: 000000000009d800 - 00000000000a0000 (reserved)
[    0.000000]  BIOS-e820: 00000000000d2000 - 00000000000d4000 (reserved)
[    0.000000]  BIOS-e820: 00000000000e0000 - 0000000000100000 (reserved)
[    0.000000]  BIOS-e820: 0000000000100000 - 000000003d6b0000 (usable)
[    0.000000]  BIOS-e820: 000000003d6b0000 - 000000003d6cc000 (ACPI data)
[    0.000000]  BIOS-e820: 000000003d6cc000 - 000000003d700000 (ACPI NVS)
[    0.000000]  BIOS-e820: 000000003d700000 - 000000003e000000 (reserved)
[    0.000000]  BIOS-e820: 00000000f0000000 - 00000000f4000000 (reserved)
[    0.000000]  BIOS-e820: 00000000fec00000 - 00000000fec10000 (reserved)
[    0.000000]  BIOS-e820: 00000000fed00000 - 00000000fed00400 (reserved)
[    0.000000]  BIOS-e820: 00000000fed14000 - 00000000fed1a000 (reserved)
[    0.000000]  BIOS-e820: 00000000fed1c000 - 00000000fed90000 (reserved)
[    0.000000]  BIOS-e820: 00000000fee00000 - 00000000fee01000 (reserved)
[    0.000000]  BIOS-e820: 00000000ff000000 - 0000000100000000 (reserved)
[    0.000000] DMI present.
[    0.000000] last_pfn = 0x3d6b0 max_arch_pfn = 0x100000
[    0.000000] MTRR default type: uncachable
[    0.000000] MTRR fixed ranges enabled:
[    0.000000]   00000-9FFFF write-back
[    0.000000]   A0000-BFFFF uncachable
[    0.000000]   C0000-CFFFF write-protect
[    0.000000]   D0000-DFFFF uncachable
[    0.000000]   E0000-FFFFF write-protect
[    0.000000] MTRR variable ranges enabled:
[    0.000000]   0 base 03E000000 mask FFE000000 uncachable
[    0.000000]   1 base 000000000 mask FC0000000 write-back
[    0.000000]   2 base 03D700000 mask FFFF00000 uncachable
[    0.000000]   3 base 03D800000 mask FFF800000 uncachable
[    0.000000]   4 disabled
[    0.000000]   5 disabled
[    0.000000]   6 disabled
[    0.000000]   7 disabled
[    0.000000] initial memory mapped : 0 - 02000000
[    0.000000] init_memory_mapping: 0000000000000000-00000000377fe000
[    0.000000]  0000000000 - 0000400000 page 4k
[    0.000000]  0000400000 - 0037400000 page 2M
[    0.000000]  0037400000 - 00377fe000 page 4k
[    0.000000] kernel direct mapping tables up to 377fe000 @ 7000-c000
[    0.000000] ACPI: RSDP 000f68d0 00024 (v02 LENOVO)
[    0.000000] ACPI: XSDT 3d6bb77f 00094 (v01 LENOVO TP-7L    00002170  LTP 00000000)
[    0.000000] ACPI: FACP 3d6bb900 000F4 (v03 LENOVO TP-7L    00002170 LNVO 00000001)
[    0.000000] ACPI Warning: 32/64X length mismatch in Gpe1Block: 0/32 (20090903/tbfadt-526)
[    0.000000] ACPI Warning: Optional field Gpe1Block has zero address or length: 000000000000102C/0 (20090903/tbfadt-557)
[    0.000000] ACPI: DSDT 3d6bbd1d 0FED1 (v01 LENOVO TP-7L    00002170 MSFT 03000000)
[    0.000000] ACPI: FACS 3d6e4000 00040
[    0.000000] ACPI: SSDT 3d6bbab4 00269 (v01 LENOVO TP-7L    00002170 MSFT 03000000)
[    0.000000] ACPI: ECDT 3d6cbbee 00052 (v01 LENOVO TP-7L    00002170 LNVO 00000001)
[    0.000000] ACPI: TCPA 3d6cbc40 00032 (v02 LENOVO TP-7L    00002170 LNVO 00000001)
[    0.000000] ACPI: APIC 3d6cbc72 00068 (v01 LENOVO TP-7L    00002170 LNVO 00000001)
[    0.000000] ACPI: MCFG 3d6cbcda 0003C (v01 LENOVO TP-7L    00002170 LNVO 00000001)
[    0.000000] ACPI: HPET 3d6cbd16 00038 (v01 LENOVO TP-7L    00002170 LNVO 00000001)
[    0.000000] ACPI: SLIC 3d6cbdf0 00176 (v01 LENOVO TP-7L    00002170  LTP 00000000)
[    0.000000] ACPI: BOOT 3d6cbf66 00028 (v01 LENOVO TP-7L    00002170  LTP 00000001)
[    0.000000] ACPI: ASF! 3d6cbf8e 00072 (v16 LENOVO TP-7L    00002170 PTL  00000001)
[    0.000000] ACPI: SSDT 3d6e26d9 0025F (v01 LENOVO TP-7L    00002170 INTL 20050513)
[    0.000000] ACPI: SSDT 3d6e2938 000A6 (v01 LENOVO TP-7L    00002170 INTL 20050513)
[    0.000000] ACPI: SSDT 3d6e29de 004F7 (v01 LENOVO TP-7L    00002170 INTL 20050513)
[    0.000000] ACPI: SSDT 3d6e2ed5 001D8 (v01 LENOVO TP-7L    00002170 INTL 20050513)
[    0.000000] ACPI: DMI detected: Lenovo ThinkPad R61
[    0.000000] ACPI: Added _OSI(Linux)
[    0.000000] ACPI: Local APIC address 0xfee00000
[    0.000000] 94MB HIGHMEM available.
[    0.000000] 887MB LOWMEM available.
[    0.000000]   mapped low ram: 0 - 377fe000
[    0.000000]   low ram: 0 - 377fe000
[    0.000000]   node 0 low ram: 00000000 - 377fe000
[    0.000000]   node 0 bootmap 00008000 - 0000ef00
[    0.000000] (6 early reservations) ==> bootmem [0000000000 - 00377fe000]
[    0.000000]   #0 [0000000000 - 0000001000]   BIOS data page ==> [0000000000 - 0000001000]
[    0.000000]   #1 [0001000000 - 0001bdc180]    TEXT DATA BSS ==> [0001000000 - 0001bdc180]
[    0.000000]   #2 [000009d800 - 0000100000]    BIOS reserved ==> [000009d800 - 0000100000]
[    0.000000]   #3 [0001bdd000 - 0001be516c]              BRK ==> [0001bdd000 - 0001be516c]
[    0.000000]   #4 [0000007000 - 0000008000]          PGTABLE ==> [0000007000 - 0000008000]
[    0.000000]   #5 [0000008000 - 000000f000]          BOOTMAP ==> [0000008000 - 000000f000]
[    0.000000] found SMP MP-table at [c00f6900] f6900
[    0.000000] Zone PFN ranges:
[    0.000000]   DMA      0x00000000 -> 0x00001000
[    0.000000]   Normal   0x00001000 -> 0x000377fe
[    0.000000]   HighMem  0x000377fe -> 0x0003d6b0
[    0.000000] Movable zone start PFN for each node
[    0.000000] early_node_map[2] active PFN ranges
[    0.000000]     0: 0x00000000 -> 0x0000009d
[    0.000000]     0: 0x00000100 -> 0x0003d6b0
[    0.000000] On node 0 totalpages: 251469
[    0.000000] free_area_init_node: node 0, pgdat c1901ea0, node_mem_map c1be7000
[    0.000000]   DMA zone: 32 pages used for memmap
[    0.000000]   DMA zone: 0 pages reserved
[    0.000000]   DMA zone: 3965 pages, LIFO batch:0
[    0.000000]   Normal zone: 1744 pages used for memmap
[    0.000000]   Normal zone: 221486 pages, LIFO batch:31
[    0.000000]   HighMem zone: 190 pages used for memmap
[    0.000000]   HighMem zone: 24052 pages, LIFO batch:3
[    0.000000] Using APIC driver default
[    0.000000] ACPI: PM-Timer IO Port: 0x1008
[    0.000000] ACPI: Local APIC address 0xfee00000
[    0.000000] ACPI: LAPIC (acpi_id[0x00] lapic_id[0x00] enabled)
[    0.000000] ACPI: LAPIC (acpi_id[0x01] lapic_id[0x01] enabled)
[    0.000000] ACPI: NR_CPUS/possible_cpus limit of 1 reached.  Processor 1/0x1 ignored.
[    0.000000] ACPI: LAPIC_NMI (acpi_id[0x00] high edge lint[0x1])
[    0.000000] ACPI: LAPIC_NMI (acpi_id[0x01] high edge lint[0x1])
[    0.000000] ACPI: IOAPIC (id[0x01] address[0xfec00000] gsi_base[0])
[    0.000000] IOAPIC[0]: apic_id 1, version 32, address 0xfec00000, GSI 0-23
[    0.000000] ACPI: INT_SRC_OVR (bus 0 bus_irq 0 global_irq 2 dfl dfl)
[    0.000000] ACPI: INT_SRC_OVR (bus 0 bus_irq 9 global_irq 9 high level)
[    0.000000] ACPI: IRQ0 used by override.
[    0.000000] ACPI: IRQ2 used by override.
[    0.000000] ACPI: IRQ9 used by override.
[    0.000000] Using ACPI (MADT) for SMP configuration information
[    0.000000] ACPI: HPET id: 0x8086a201 base: 0xfed00000
[    0.000000] nr_irqs_gsi: 24
[    0.000000] PM: Registered nosave memory: 000000000009d000 - 000000000009e000
[    0.000000] PM: Registered nosave memory: 000000000009e000 - 00000000000a0000
[    0.000000] PM: Registered nosave memory: 00000000000a0000 - 00000000000d2000
[    0.000000] PM: Registered nosave memory: 00000000000d2000 - 00000000000d4000
[    0.000000] PM: Registered nosave memory: 00000000000d4000 - 00000000000e0000
[    0.000000] PM: Registered nosave memory: 00000000000e0000 - 0000000000100000
[    0.000000] Allocating PCI resources starting at 3e000000 (gap: 3e000000:b2000000)
[    0.000000] Built 1 zonelists in Zone order, mobility grouping on.  Total pages: 249503
[    0.000000] Kernel command line: auto BOOT_IMAGE=Linux ro root=802 vt.default_utf8=0 maxcpus=0
[    0.000000] PID hash table entries: 4096 (order: 2, 16384 bytes)
[    0.000000] Dentry cache hash table entries: 131072 (order: 7, 524288 bytes)
[    0.000000] Inode-cache hash table entries: 65536 (order: 6, 262144 bytes)
[    0.000000] Enabling fast FPU save and restore... done.
[    0.000000] Enabling unmasked SIMD FPU exception support... done.
[    0.000000] Initializing CPU#0
[    0.000000] Initializing HighMem for node 0 (000377fe:0003d6b0)
[    0.000000] Memory: 984800k/1006272k available (6915k kernel code, 20876k reserved, 2327k data, 448k init, 96968k highmem)
[    0.000000] virtual kernel memory layout:
[    0.000000]     fixmap  : 0xfffa3000 - 0xfffff000   ( 368 kB)
[    0.000000]     pkmap   : 0xff800000 - 0xffc00000   (4096 kB)
[    0.000000]     vmalloc : 0xf7ffe000 - 0xff7fe000   ( 120 MB)
[    0.000000]     lowmem  : 0xc0000000 - 0xf77fe000   ( 887 MB)
[    0.000000]       .init : 0xc1907000 - 0xc1977000   ( 448 kB)
[    0.000000]       .data : 0xc16c0d3f - 0xc1906c64   (2327 kB)
[    0.000000]       .text : 0xc1000000 - 0xc16c0d3f   (6915 kB)
[    0.000000] Checking if this processor honours the WP bit even in supervisor mode...Ok.
[    0.000000] SLUB: Genslabs=13, HWalign=64, Order=0-3, MinObjects=0, CPUs=1, Nodes=1
[    0.000000] Hierarchical RCU implementation.
[    0.000000] NR_IRQS:288
[    0.000000] Extended CMOS year: 2000
[    0.000000] Console: colour VGA+ 80x25
[    0.000000] console [tty0] enabled
[    0.000000] hpet clockevent registered
[    0.000000] Fast TSC calibration using PIT
[    0.000000] Detected 2094.651 MHz processor.
[    0.001002] Calibrating delay loop (skipped), value calculated using timer frequency.. 4189.30 BogoMIPS (lpj=2094651)
[    0.001175] Security Framework initialized
[    0.001257] Mount-cache hash table entries: 512
[    0.001406] CPU: L1 I cache: 32K, L1 D cache: 32K
[    0.001540] CPU: L2 cache: 3072K
[    0.001622] mce: CPU supports 6 MCE banks
[    0.001707] CPU0: Thermal monitoring enabled (TM2)
[    0.002005] using mwait in idle threads.
[    0.002085] CPU: Intel(R) Core(TM)2 Duo CPU     T8100  @ 2.10GHz stepping 06
[    0.002270] Checking 'hlt' instruction... OK.
[    0.006936] ACPI: Core revision 20090903
[    0.026010] RANDOM get_random_int first call with cycles 32590572871, jiffies 4294667322 and pid 0
[    0.026018] CANARY value: 62ad53b2 for PID: 1
[    0.026025] CANARY value: a9e32aa0 for PID: 2
[    0.026048] Enabling APIC mode:  Flat.  Using 1 I/O APICs
[    0.026511] ..TIMER: vector=0x30 apic1=0 pin1=2 apic2=-1 pin2=-1
[    0.037997] xor: automatically using best checksumming function: pIII_sse
[    0.041998]    pIII_sse  :  8568.000 MB/sec
[    0.042083] xor: using function: pIII_sse (8568.000 MB/sec)
[    0.042173] RANDOM - __seed init called.
[    0.042174] RANDOM - __seed init called.
[    0.042175] RANDOM - __seed init called.
[    0.042177] RANDOM - __random32 called. Change num 1.  Value: f7943846	49e73df3	af36cd0d
[    0.042179] RANDOM - __random32 called. Change num 2.  Value: 43846e13	9e73df37	9a1ad014
[    0.042180] RANDOM - __random32 called. Change num 3.  Value: 46e139c8	e73df373	a029598a
[    0.042182] RANDOM - __random32 called. Change num 4.  Value: 139c8c3b	73df373d	b3142c72
[    0.042184] RANDOM - __random32 called. Change num 5.  Value: c8c3b043	3df373de	58e576a9
[    0.042186] RANDOM - __random32 called. Change num 6.  Value: 3b0437d9	df373de5	ed53f9d8
[    0.042187] RANDOM - random32 init called.  Value: 3b0437d9	df373de5	ed53f9d8
[    0.042204] NET: Registered protocol family 16
[    0.042472] ACPI FADT declares the system doesn't support PCIe ASPM, so disable it
[    0.042601] ACPI: bus type pci registered
[    0.042768] PCI: MCFG configuration 0: base f0000000 segment 0 buses 0 - 63
[    0.042862] PCI: MCFG area at f0000000 reserved in E820
[    0.042951] PCI: Using MMCONFIG for extended config space
[    0.043002] PCI: Using configuration type 1 for base access
[    0.046157] bio: create slab <bio-0> at 0
[    0.046973] ACPI: EC: EC description table is found, configuring boot EC
[    0.052171] ACPI: BIOS _OSI(Linux) query honored via DMI
[    0.052898] random 0000 0000 0000 00000000 00000000: rand_read_num 2 get_random_bytes(8): sig fffffe1a 00000000 00000000
[    0.052900] random 0000 0000 0000 00000000 00000000: extract_entropy(.. 8 ..)
[    0.052903] random 0000 0000 0000 00000000 00000000: going to reseed nonblocking with 64 bits (64 of 0 requested)
[    0.052905] random 0000 0000 0000 00000000 00000000: extract_entropy(.. 8 ..)
[    0.052908] random 0000 0000 0000 00000000 00000000: trying to extract 64 bits from input
[    0.052910] random 0000 0000 0000 00000000 00000000: debiting 0 entropy credits from input
[    0.052912] random 0000 0000 0000 00000000 00000000: extract_entropy account returned: 0 
[    0.052939] random 0000 0000 0000 00000000 00000000: urand_change_num 3 xfer_secondary_pool(8): pool_sig fffffe1a, data_sig 00000000, bytes_mixed 0 00000000 00000000
[    0.052942] random 0000 0000 0000 00000000 00000000: trying to extract 64 bits from nonblocking
[    0.052944] random 0000 0000 0000 00000000 00000000: debiting 64 entropy credits from nonblocking (unlimited)
[    0.052947] random 0000 0000 0000 00000000 00000000: extract_entropy account returned: 8 
[    0.052951] random 0000 0000 0000 00000000 00000000: urand_change_num 4 extract_buf: pool_sig fffffe1a, data_sig fffffed7, bytes_mixed 20 00000000 00000000
[    0.058711] ACPI: Interpreter enabled
[    0.058799] ACPI: (supports S0 S3 S4 S5)
[    0.059153] ACPI: Using IOAPIC for interrupt routing
[    0.068666] ACPI: EC: GPE = 0x12, I/O: command/status = 0x66, data = 0x62
[    0.068951] ACPI: Power Resource [PUBS] (on)
[    0.071102] ACPI: ACPI Dock Station Driver: 3 docks/bays found
[    0.071510] ACPI: PCI Root Bridge [PCI0] (0000:00)
[    0.071682] pci 0000:00:02.0: reg 10 64bit mmio: [0xf8100000-0xf81fffff]
[    0.071688] pci 0000:00:02.0: reg 18 64bit mmio pref: [0xe0000000-0xefffffff]
[    0.071692] pci 0000:00:02.0: reg 20 io port: [0x1800-0x1807]
[    0.071727] pci 0000:00:02.1: reg 10 64bit mmio: [0xf8200000-0xf82fffff]
[    0.071829] pci 0000:00:19.0: reg 10 32bit mmio: [0xfe000000-0xfe01ffff]
[    0.071838] pci 0000:00:19.0: reg 14 32bit mmio: [0xfe025000-0xfe025fff]
[    0.071847] pci 0000:00:19.0: reg 18 io port: [0x1840-0x185f]
[    0.071914] pci 0000:00:19.0: PME# supported from D0 D3hot D3cold
[    0.072004] pci 0000:00:19.0: PME# disabled
[    0.072151] pci 0000:00:1a.0: reg 20 io port: [0x1860-0x187f]
[    0.072227] pci 0000:00:1a.1: reg 20 io port: [0x1880-0x189f]
[    0.072313] pci 0000:00:1a.7: reg 10 32bit mmio: [0xfe226c00-0xfe226fff]
[    0.072398] pci 0000:00:1a.7: PME# supported from D0 D3hot D3cold
[    0.072499] pci 0000:00:1a.7: PME# disabled
[    0.072642] pci 0000:00:1b.0: reg 10 64bit mmio: [0xfe020000-0xfe023fff]
[    0.072726] pci 0000:00:1b.0: PME# supported from D0 D3hot D3cold
[    0.072816] pci 0000:00:1b.0: PME# disabled
[    0.073034] pci 0000:00:1c.0: PME# supported from D0 D3hot D3cold
[    0.073137] pci 0000:00:1c.0: PME# disabled
[    0.073339] pci 0000:00:1c.1: PME# supported from D0 D3hot D3cold
[    0.073435] pci 0000:00:1c.1: PME# disabled
[    0.073646] pci 0000:00:1c.2: PME# supported from D0 D3hot D3cold
[    0.073745] pci 0000:00:1c.2: PME# disabled
[    0.073943] pci 0000:00:1c.3: PME# supported from D0 D3hot D3cold
[    0.073999] pci 0000:00:1c.3: PME# disabled
[    0.074856] pci 0000:00:1c.4: PME# supported from D0 D3hot D3cold
[    0.074994] pci 0000:00:1c.4: PME# disabled
[    0.075156] pci 0000:00:1d.0: reg 20 io port: [0x18a0-0x18bf]
[    0.075242] pci 0000:00:1d.1: reg 20 io port: [0x18c0-0x18df]
[    0.075324] pci 0000:00:1d.2: reg 20 io port: [0x18e0-0x18ff]
[    0.075417] pci 0000:00:1d.7: reg 10 32bit mmio: [0xfe227000-0xfe2273ff]
[    0.075514] pci 0000:00:1d.7: PME# supported from D0 D3hot D3cold
[    0.075608] pci 0000:00:1d.7: PME# disabled
[    0.075920] pci 0000:00:1f.0: quirk: region 1000-107f claimed by ICH6 ACPI/GPIO/TCO
[    0.076000] pci 0000:00:1f.0: quirk: region 1180-11bf claimed by ICH6 GPIO
[    0.076093] pci 0000:00:1f.0: ICH7 LPC Generic IO decode 1 PIO at 1600 (mask 007f)
[    0.076222] pci 0000:00:1f.0: ICH7 LPC Generic IO decode 2 PIO at 15e0 (mask 000f)
[    0.076344] pci 0000:00:1f.0: ICH7 LPC Generic IO decode 3 PIO at 1680 (mask 001f)
[    0.076546] pci 0000:00:1f.1: reg 10 io port: [0x00-0x07]
[    0.076555] pci 0000:00:1f.1: reg 14 io port: [0x00-0x03]
[    0.076564] pci 0000:00:1f.1: reg 18 io port: [0x00-0x07]
[    0.076573] pci 0000:00:1f.1: reg 1c io port: [0x00-0x03]
[    0.076583] pci 0000:00:1f.1: reg 20 io port: [0x1c00-0x1c0f]
[    0.076668] pci 0000:00:1f.2: reg 10 io port: [0x1c50-0x1c57]
[    0.076675] pci 0000:00:1f.2: reg 14 io port: [0x1c44-0x1c47]
[    0.076683] pci 0000:00:1f.2: reg 18 io port: [0x1c48-0x1c4f]
[    0.076692] pci 0000:00:1f.2: reg 1c io port: [0x1c40-0x1c43]
[    0.076701] pci 0000:00:1f.2: reg 20 io port: [0x1c20-0x1c3f]
[    0.076708] pci 0000:00:1f.2: reg 24 32bit mmio: [0xfe226000-0xfe2267ff]
[    0.076765] pci 0000:00:1f.2: PME# supported from D3hot
[    0.076864] pci 0000:00:1f.2: PME# disabled
[    0.077029] pci 0000:00:1f.3: reg 10 32bit mmio: [0xfe227400-0xfe2274ff]
[    0.077056] pci 0000:00:1f.3: reg 20 io port: [0x1c60-0x1c7f]
[    0.077144] pci 0000:00:1c.0: bridge io port: [0x2000-0x2fff]
[    0.077150] pci 0000:00:1c.0: bridge 32bit mmio: [0xfc000000-0xfdffffff]
[    0.077159] pci 0000:00:1c.0: bridge 64bit mmio pref: [0xf8000000-0xf80fffff]
[    0.077230] pci 0000:03:00.0: reg 10 64bit mmio: [0xdf3f0000-0xdf3fffff]
[    0.077423] pci 0000:00:1c.1: bridge io port: [0x3000-0x3fff]
[    0.077429] pci 0000:00:1c.1: bridge 32bit mmio: [0xdc000000-0xdf3fffff]
[    0.077438] pci 0000:00:1c.1: bridge 64bit mmio pref: [0xdfe00000-0xdfefffff]
[    0.077494] pci 0000:00:1c.2: bridge io port: [0x4000-0x4fff]
[    0.077501] pci 0000:00:1c.2: bridge 32bit mmio: [0xd8000000-0xd9ffffff]
[    0.077508] pci 0000:00:1c.2: bridge 64bit mmio pref: [0xdfb00000-0xdfbfffff]
[    0.077564] pci 0000:00:1c.3: bridge io port: [0x5000-0x5fff]
[    0.077568] pci 0000:00:1c.3: bridge 32bit mmio: [0xd4000000-0xd5ffffff]
[    0.077577] pci 0000:00:1c.3: bridge 64bit mmio pref: [0xdf800000-0xdf8fffff]
[    0.077633] pci 0000:00:1c.4: bridge io port: [0x6000-0x6fff]
[    0.077637] pci 0000:00:1c.4: bridge 32bit mmio: [0xd0000000-0xd1ffffff]
[    0.077646] pci 0000:00:1c.4: bridge 64bit mmio pref: [0xdf500000-0xdf5fffff]
[    0.077705] pci 0000:15:00.0: reg 10 32bit mmio: [0xf8300000-0xf8300fff]
[    0.077760] pci 0000:15:00.0: supports D1 D2
[    0.077762] pci 0000:15:00.0: PME# supported from D0 D1 D2 D3hot D3cold
[    0.077856] pci 0000:15:00.0: PME# disabled
[    0.078013] pci 0000:15:00.1: reg 10 32bit mmio: [0xf8301000-0xf83017ff]
[    0.078112] pci 0000:15:00.1: supports D1 D2
[    0.078113] pci 0000:15:00.1: PME# supported from D0 D1 D2 D3hot D3cold
[    0.078207] pci 0000:15:00.1: PME# disabled
[    0.078393] pci 0000:00:1e.0: transparent bridge
[    0.078484] pci 0000:00:1e.0: bridge io port: [0x7000-0xafff]
[    0.078491] pci 0000:00:1e.0: bridge 32bit mmio: [0xf8300000-0xfbffffff]
[    0.078500] pci 0000:00:1e.0: bridge 64bit mmio pref: [0xf4000000-0xf7ffffff]
[    0.078564] pci_bus 0000:00: on NUMA node 0
[    0.078567] ACPI: PCI Interrupt Routing Table [\_SB_.PCI0._PRT]
[    0.078701] ACPI: PCI Interrupt Routing Table [\_SB_.PCI0.EXP0._PRT]
[    0.078760] ACPI: PCI Interrupt Routing Table [\_SB_.PCI0.EXP1._PRT]
[    0.078818] ACPI: PCI Interrupt Routing Table [\_SB_.PCI0.EXP2._PRT]
[    0.078876] ACPI: PCI Interrupt Routing Table [\_SB_.PCI0.EXP3._PRT]
[    0.078939] ACPI: PCI Interrupt Routing Table [\_SB_.PCI0.EXP4._PRT]
[    0.079010] ACPI: PCI Interrupt Routing Table [\_SB_.PCI0.PCI1._PRT]
[    0.084465] ACPI: PCI Interrupt Link [LNKA] (IRQs 3 4 5 6 7 9 *10 11)
[    0.085252] ACPI: PCI Interrupt Link [LNKB] (IRQs 3 4 5 6 7 9 10 *11)
[    0.086094] ACPI: PCI Interrupt Link [LNKC] (IRQs 3 4 5 6 7 9 10 *11)
[    0.086921] ACPI: PCI Interrupt Link [LNKD] (IRQs 3 4 5 6 7 9 10 *11)
[    0.087700] ACPI: PCI Interrupt Link [LNKE] (IRQs 3 4 5 6 7 9 10 *11)
[    0.088531] ACPI: PCI Interrupt Link [LNKF] (IRQs 3 4 5 6 7 9 10 *11)
[    0.089350] ACPI: PCI Interrupt Link [LNKG] (IRQs 3 4 5 6 7 9 10 *11)
[    0.090174] ACPI: PCI Interrupt Link [LNKH] (IRQs 3 4 5 6 7 9 10 *11)
[    0.090944] vgaarb: device added: PCI:0000:00:02.0,decodes=io+mem,owns=io+mem,locks=none
[    0.091001] vgaarb: loaded
[    0.091181] SCSI subsystem initialized
[    0.091280] libata version 3.00 loaded.
[    0.091326] usbcore: registered new interface driver usbfs
[    0.091454] usbcore: registered new interface driver hub
[    0.091572] usbcore: registered new device driver usb
[    0.108043] raid6: int32x1    941 MB/s
[    0.125058] raid6: int32x2    890 MB/s
[    0.142064] raid6: int32x4    750 MB/s
[    0.159079] raid6: int32x8    660 MB/s
[    0.175987] raid6: mmxx1     2878 MB/s
[    0.192986] raid6: mmxx2     3253 MB/s
[    0.210003] raid6: sse1x1    1937 MB/s
[    0.226998] raid6: sse1x2    2535 MB/s
[    0.243987] raid6: sse2x1    3511 MB/s
[    0.260972] raid6: sse2x2    3828 MB/s
[    0.261059] raid6: using algorithm sse2x2 (3828 MB/s)
[    0.261158] PCI: Using ACPI for IRQ routing
[    0.261459] HPET: 3 timers in total, 0 timers will be used for per-cpu timer
[    0.261990] Switching to clocksource tsc
[    0.262091] pnp: PnP ACPI init
[    0.262185] ACPI: bus type pnp registered
[    0.265827] pnp: PnP ACPI: found 11 devices
[    0.265929] ACPI: ACPI bus type pnp unregistered
[    0.266022] system 00:00: iomem range 0x0-0x9ffff could not be reserved
[    0.266115] system 00:00: iomem range 0xc0000-0xc3fff could not be reserved
[    0.266214] system 00:00: iomem range 0xc4000-0xc7fff could not be reserved
[    0.266307] system 00:00: iomem range 0xc8000-0xcbfff has been reserved
[    0.266406] system 00:00: iomem range 0xcc000-0xcffff has been reserved
[    0.266506] system 00:00: iomem range 0xd0000-0xd3fff could not be reserved
[    0.266604] system 00:00: iomem range 0xe0000-0xe3fff could not be reserved
[    0.266693] system 00:00: iomem range 0xe4000-0xe7fff could not be reserved
[    0.266787] system 00:00: iomem range 0xe8000-0xebfff could not be reserved
[    0.266886] system 00:00: iomem range 0xec000-0xeffff could not be reserved
[    0.266987] system 00:00: iomem range 0xf0000-0xfffff could not be reserved
[    0.267081] system 00:00: iomem range 0x100000-0x3dffffff could not be reserved
[    0.267203] system 00:00: iomem range 0xfec00000-0xfed3ffff could not be reserved
[    0.267325] system 00:00: iomem range 0xfed4c000-0xffffffff could not be reserved
[    0.267453] system 00:02: ioport range 0x164e-0x164f has been reserved
[    0.267546] system 00:02: ioport range 0x1000-0x107f has been reserved
[    0.267637] system 00:02: ioport range 0x1180-0x11bf has been reserved
[    0.267727] system 00:02: ioport range 0x800-0x80f has been reserved
[    0.267818] system 00:02: ioport range 0x15e0-0x15ef has been reserved
[    0.267910] system 00:02: ioport range 0x1600-0x165f could not be reserved
[    0.268001] system 00:02: iomem range 0xf0000000-0xf3ffffff has been reserved
[    0.268094] system 00:02: iomem range 0xfed1c000-0xfed1ffff has been reserved
[    0.268192] system 00:02: iomem range 0xfed14000-0xfed17fff has been reserved
[    0.268285] system 00:02: iomem range 0xfed18000-0xfed18fff has been reserved
[    0.268374] system 00:02: iomem range 0xfed19000-0xfed19fff has been reserved
[    0.268464] system 00:02: iomem range 0xfed45000-0xfed4bfff has been reserved
[    0.303511] pci 0000:00:1c.0: PCI bridge, secondary bus 0000:02
[    0.303603] pci 0000:00:1c.0:   IO window: 0x2000-0x2fff
[    0.303703] pci 0000:00:1c.0:   MEM window: 0xfc000000-0xfdffffff
[    0.303799] pci 0000:00:1c.0:   PREFETCH window: 0x000000f8000000-0x000000f80fffff
[    0.303930] pci 0000:00:1c.1: PCI bridge, secondary bus 0000:03
[    0.304021] pci 0000:00:1c.1:   IO window: 0x3000-0x3fff
[    0.304119] pci 0000:00:1c.1:   MEM window: 0xdc000000-0xdf3fffff
[    0.304215] pci 0000:00:1c.1:   PREFETCH window: 0x000000dfe00000-0x000000dfefffff
[    0.304347] pci 0000:00:1c.2: PCI bridge, secondary bus 0000:04
[    0.304441] pci 0000:00:1c.2:   IO window: 0x4000-0x4fff
[    0.304534] pci 0000:00:1c.2:   MEM window: 0xd8000000-0xd9ffffff
[    0.304628] pci 0000:00:1c.2:   PREFETCH window: 0x000000dfb00000-0x000000dfbfffff
[    0.304763] pci 0000:00:1c.3: PCI bridge, secondary bus 0000:05
[    0.304860] pci 0000:00:1c.3:   IO window: 0x5000-0x5fff
[    0.304953] pci 0000:00:1c.3:   MEM window: 0xd4000000-0xd5ffffff
[    0.305052] pci 0000:00:1c.3:   PREFETCH window: 0x000000df800000-0x000000df8fffff
[    0.305190] pci 0000:00:1c.4: PCI bridge, secondary bus 0000:0d
[    0.305281] pci 0000:00:1c.4:   IO window: 0x6000-0x6fff
[    0.305381] pci 0000:00:1c.4:   MEM window: 0xd0000000-0xd1ffffff
[    0.305484] pci 0000:00:1c.4:   PREFETCH window: 0x000000df500000-0x000000df5fffff
[    0.305615] pci 0000:15:00.0: CardBus bridge, secondary bus 0000:16
[    0.305708] pci 0000:15:00.0:   IO window: 0x007000-0x0070ff
[    0.305802] pci 0000:15:00.0:   IO window: 0x007400-0x0074ff
[    0.305905] pci 0000:15:00.0:   PREFETCH window: 0xf4000000-0xf7ffffff
[    0.305997] pci 0000:15:00.0:   MEM window: 0x40000000-0x43ffffff
[    0.306098] pci 0000:00:1e.0: PCI bridge, secondary bus 0000:15
[    0.306192] pci 0000:00:1e.0:   IO window: 0x7000-0xafff
[    0.306288] pci 0000:00:1e.0:   MEM window: 0xf8300000-0xfbffffff
[    0.306383] pci 0000:00:1e.0:   PREFETCH window: 0x000000f4000000-0x000000f7ffffff
[    0.306524] pci 0000:00:1c.0: PCI INT A -> GSI 20 (level, low) -> IRQ 20
[    0.306619] pci 0000:00:1c.0: setting latency timer to 64
[    0.306632] pci 0000:00:1c.1: PCI INT B -> GSI 21 (level, low) -> IRQ 21
[    0.306727] pci 0000:00:1c.1: setting latency timer to 64
[    0.306739] pci 0000:00:1c.2: PCI INT C -> GSI 22 (level, low) -> IRQ 22
[    0.306834] pci 0000:00:1c.2: setting latency timer to 64
[    0.306843] pci 0000:00:1c.3: PCI INT D -> GSI 23 (level, low) -> IRQ 23
[    0.306951] pci 0000:00:1c.3: setting latency timer to 64
[    0.306964] pci 0000:00:1c.4: PCI INT A -> GSI 20 (level, low) -> IRQ 20
[    0.307057] pci 0000:00:1c.4: setting latency timer to 64
[    0.307064] pci 0000:00:1e.0: enabling device (0005 -> 0007)
[    0.307160] pci 0000:00:1e.0: setting latency timer to 64
[    0.307172] pci 0000:15:00.0: PCI INT A -> GSI 16 (level, low) -> IRQ 16
[    0.307270] pci 0000:15:00.0: setting latency timer to 64
[    0.307276] pci_bus 0000:00: resource 0 io:  [0x00-0xffff]
[    0.307278] pci_bus 0000:00: resource 1 mem: [0x000000-0xffffffff]
[    0.307280] pci_bus 0000:02: resource 0 io:  [0x2000-0x2fff]
[    0.307282] pci_bus 0000:02: resource 1 mem: [0xfc000000-0xfdffffff]
[    0.307284] pci_bus 0000:02: resource 2 pref mem [0xf8000000-0xf80fffff]
[    0.307286] pci_bus 0000:03: resource 0 io:  [0x3000-0x3fff]
[    0.307288] pci_bus 0000:03: resource 1 mem: [0xdc000000-0xdf3fffff]
[    0.307289] pci_bus 0000:03: resource 2 pref mem [0xdfe00000-0xdfefffff]
[    0.307291] pci_bus 0000:04: resource 0 io:  [0x4000-0x4fff]
[    0.307293] pci_bus 0000:04: resource 1 mem: [0xd8000000-0xd9ffffff]
[    0.307295] pci_bus 0000:04: resource 2 pref mem [0xdfb00000-0xdfbfffff]
[    0.307297] pci_bus 0000:05: resource 0 io:  [0x5000-0x5fff]
[    0.307299] pci_bus 0000:05: resource 1 mem: [0xd4000000-0xd5ffffff]
[    0.307300] pci_bus 0000:05: resource 2 pref mem [0xdf800000-0xdf8fffff]
[    0.307302] pci_bus 0000:0d: resource 0 io:  [0x6000-0x6fff]
[    0.307304] pci_bus 0000:0d: resource 1 mem: [0xd0000000-0xd1ffffff]
[    0.307306] pci_bus 0000:0d: resource 2 pref mem [0xdf500000-0xdf5fffff]
[    0.307308] pci_bus 0000:15: resource 0 io:  [0x7000-0xafff]
[    0.307309] pci_bus 0000:15: resource 1 mem: [0xf8300000-0xfbffffff]
[    0.307311] pci_bus 0000:15: resource 2 pref mem [0xf4000000-0xf7ffffff]
[    0.307313] pci_bus 0000:15: resource 3 io:  [0x00-0xffff]
[    0.307315] pci_bus 0000:15: resource 4 mem: [0x000000-0xffffffff]
[    0.307317] pci_bus 0000:16: resource 0 io:  [0x7000-0x70ff]
[    0.307318] pci_bus 0000:16: resource 1 io:  [0x7400-0x74ff]
[    0.307320] pci_bus 0000:16: resource 2 pref mem [0xf4000000-0xf7ffffff]
[    0.307322] pci_bus 0000:16: resource 3 mem: [0x40000000-0x43ffffff]
[    0.307330] NET: Registered protocol family 2
[    0.307427] RANDOM - __random32 called. Change num 7.  Value: 437d97bf	f373de51	f3b0f986
[    0.307428] RANDOM - random32 called.  Value: 437d97bf	f373de51	f3b0f986
[    0.307433] random 0000 0000 0000 5f8db4e5 4cfdf2a8: rand_read_num 3 get_random_bytes(4): sig fffffb64 5f8db4e5 4cfdf2a8
[    0.307435] random 0000 0000 0000 5f8db4e5 4cfdf2a8: extract_entropy(.. 4 ..)
[    0.307438] random 0000 0000 0000 5f8db4e5 4cfdf2a8: going to reseed nonblocking with 64 bits (32 of 0 requested)
[    0.307440] random 0000 0000 0000 5f8db4e5 4cfdf2a8: extract_entropy(.. 8 ..)
[    0.307442] random 0000 0000 0000 5f8db4e5 4cfdf2a8: trying to extract 64 bits from input
[    0.307445] random 0000 0000 0000 5f8db4e5 4cfdf2a8: debiting 0 entropy credits from input
[    0.307446] random 0000 0000 0000 5f8db4e5 4cfdf2a8: extract_entropy account returned: 0 
[    0.307450] random 0000 0000 0000 5f8db4e5 4cfdf2a8: urand_change_num 5 xfer_secondary_pool(4): pool_sig fffffb64, data_sig 00000000, bytes_mixed 0 5f8db4e5 4cfdf2a8
[    0.307453] random 0000 0000 0000 5f8db4e5 4cfdf2a8: trying to extract 32 bits from nonblocking
[    0.307455] random 0000 0000 0000 5f8db4e5 4cfdf2a8: debiting 32 entropy credits from nonblocking (unlimited)
[    0.307457] random 0000 0000 0000 5f8db4e5 4cfdf2a8: extract_entropy account returned: 4 
[    0.307461] random 0000 0000 0000 5f8db4e5 4cfdf2a8: urand_change_num 6 extract_buf: pool_sig fffffb64, data_sig 00000241, bytes_mixed 20 5f8db4e5 4cfdf2a8
[    0.307471] IP route cache hash table entries: 32768 (order: 5, 131072 bytes)
[    0.307604] RANDOM - __random32 called. Change num 8.  Value: d97bfe31	373de51f	f30dc6e6
[    0.307605] RANDOM - random32 called.  Value: d97bfe31	373de51f	f30dc6e6
[    0.307615] RANDOM - __random32 called. Change num 9.  Value: bfe314d7	73de51f5	8dcd6c7e
[    0.307617] RANDOM - random32 called.  Value: bfe314d7	73de51f5	8dcd6c7e
[    0.307619] RANDOM - __random32 called. Change num 10.  Value: 314d7baf	3de51f5e	d8fc74c1
[    0.307621] RANDOM - random32 called.  Value: 314d7baf	3de51f5e	d8fc74c1
[    0.307631] RANDOM - __random32 called. Change num 11.  Value: d7baf3c7	de51f5e5	e983e3fa
[    0.307633] RANDOM - random32 called.  Value: d7baf3c7	de51f5e5	e983e3fa
[    0.307643] TCP established hash table entries: 131072 (order: 8, 1048576 bytes)
[    0.308132] TCP bind hash table entries: 65536 (order: 6, 262144 bytes)
[    0.308322] TCP: Hash tables configured (established 131072 bind 65536)
[    0.308413] TCP reno registered
[    0.308526] NET: Registered protocol family 1
[    0.308647] RPC: Registered udp transport module.
[    0.308737] RPC: Registered tcp transport module.
[    0.308824] RPC: Registered tcp NFSv4.1 backchannel transport module.
[    0.308926] pci 0000:00:02.0: Boot video device
[    0.309140] Simple Boot Flag at 0x35 set to 0x1
[    0.309659] highmem bounce pool size: 64 pages
[    0.311234] VFS: Disk quotas dquot_6.5.2
[    0.311355] Dquot-cache hash table entries: 1024 (order 0, 4096 bytes)
[    0.312037] NTFS driver 2.1.29 [Flags: R/W].
[    0.312198] ROMFS MTD (C) 2007 Red Hat, Inc.
[    0.312408] JFS: nTxBlock = 7695, nTxLock = 61562
[    0.314901] SGI XFS with ACLs, security attributes, large block/inode numbers, no debug enabled
[    0.315387] SGI XFS Quota Management subsystem
[    0.315685] Slow work thread pool: Starting up
[    0.315786] Slow work thread pool: Ready
[    0.315894] GFS2 (built May 24 2013 02:47:17) installed
[    0.315986] msgmni has been set to 1734
[    0.316154] alg: No test for cipher_null (cipher_null-generic)
[    0.316254] alg: No test for ecb(cipher_null) (ecb-cipher_null)
[    0.316353] alg: No test for digest_null (digest_null-generic)
[    0.316454] alg: No test for compress_null (compress_null-generic)
[    0.317018] alg: No test for fcrypt (fcrypt-generic)
[    0.318437] alg: No test for stdrng (krng)
[    0.318527] async_tx: api initialized (async)
[    0.318689] Block layer SCSI generic (bsg) driver version 0.4 loaded (major 254)
[    0.318813] io scheduler noop registered
[    0.318912] io scheduler anticipatory registered
[    0.319005] io scheduler deadline registered
[    0.319145] io scheduler cfq registered (default)
[    0.319380] pcieport 0000:00:1c.0: irq 24 for MSI/MSI-X
[    0.319396] pcieport 0000:00:1c.0: setting latency timer to 64
[    0.319575] pcieport 0000:00:1c.1: irq 25 for MSI/MSI-X
[    0.319586] pcieport 0000:00:1c.1: setting latency timer to 64
[    0.319761] pcieport 0000:00:1c.2: irq 26 for MSI/MSI-X
[    0.319773] pcieport 0000:00:1c.2: setting latency timer to 64
[    0.319961] pcieport 0000:00:1c.3: irq 27 for MSI/MSI-X
[    0.319972] pcieport 0000:00:1c.3: setting latency timer to 64
[    0.320153] pcieport 0000:00:1c.4: irq 28 for MSI/MSI-X
[    0.320163] pcieport 0000:00:1c.4: setting latency timer to 64
[    0.320308] pci_hotplug: PCI Hot Plug PCI Core version: 0.5
[    0.320496] isapnp: Scanning for PnP cards...
[    0.681026] isapnp: No Plug & Play device found
[    0.681115] random 0000 0000 0000 5f8db4e5 4cfdf2a8: initializing
[    0.681117] RANDOM init_std_data for input now value: 1370023433681117601
[    0.681119] RANDOM init_std_data for blocking now value: 1370023433681119586
[    0.681121] RANDOM init_std_data for nonblocking now value: 1370023433681121325
[    0.700691] Serial: 8250/16550 driver, 4 ports, IRQ sharing enabled
[    3.711821] floppy0: no floppy controllers found
[    3.712772] brd: module loaded
[    3.713278] loop: module loaded
[    3.713365] Compaq SMART2 Driver (v 2.6.0)
[    3.713489] HP CISS Driver (v 3.6.20)
[    3.713734] input: Macintosh mouse button emulation as /devices/virtual/input/input0
[    3.713880] Uniform Multi-Platform E-IDE driver
[    3.714108] piix 0000:00:1f.1: IDE controller (0x8086:0x2850 rev 0x03)
[    3.714213] pci 0000:00:1f.1: PCI INT C -> GSI 16 (level, low) -> IRQ 16
[    3.714321] piix 0000:00:1f.1: IDE port disabled
[    3.714414] piix 0000:00:1f.1: not 100% native mode: will probe irqs later
[    3.714514]     ide0: BM-DMA at 0x1c00-0x1c07
[    3.714615] Probing IDE interface ide0...
[    4.386032] hda: HL-DT-ST DVDRAM GSA-U10N, ATAPI CD/DVD-ROM drive
[    4.692838] hda: host max PIO4 wanted PIO255(auto-tune) selected PIO4
[    4.693608] hda: UDMA/33 mode selected
[    4.694064] ide0 at 0x1f0-0x1f7,0x3f6 on irq 14
[    4.697972] ide-gd driver 1.18
[    4.698080] ide-cd driver 5.00
[    4.699470] random 0000 0000 0000 00000000 00000000: add_disk_randomness(0:0) 00000000 00000000
[    4.699474] random 0000 0000 0000 00000000 00000000: add_timer_randomness(.. 256) with jiffies: 17544544081030119035, cycles: -902199996974104567
[    4.699477] random 0000 0000 0000 00000000 00000000: added 11 entropy credits to input
[    4.699480] ide-cd: hda: ATAPI 24X DVD-ROM DVD-R/RAM CD-R/RW drive, 2048kB Cache
[    4.699930] Uniform CD-ROM driver Revision: 3.20
[    4.702727] random 0011 0000 0000 00000000 00000000: add_disk_randomness(0:0) 00000000 00000000
[    4.702730] random 0011 0000 0000 00000000 00000000: add_timer_randomness(.. 256) with jiffies: 17573850919223393918, cycles: -872893158780829687
[    4.702733] random 0011 0000 0000 00000000 00000000: added 1 entropy credits to input
[    4.702736] random 0012 0000 0000 00000000 00000000: add_disk_randomness(0:0) 00000000 00000000
[    4.702739] random 0012 0000 0000 00000000 00000000: add_timer_randomness(.. 256) with jiffies: 17573927897922240126, cycles: -872816180081983479
[    4.704721] random 0012 0000 0000 00000000 00000000: add_disk_randomness(0:0) 00000000 00000000
[    4.704724] random 0012 0000 0000 00000000 00000000: add_timer_randomness(.. 256) with jiffies: 17591786509377961600, cycles: -854957568626262007
[    4.704726] random 0012 0000 0000 00000000 00000000: added 1 entropy credits to input
[    4.704729] random 0013 0000 0000 00000000 00000000: add_disk_randomness(0:0) 00000000 00000000
[    4.704732] random 0013 0000 0000 00000000 00000000: add_timer_randomness(.. 256) with jiffies: 17591861684190543488, cycles: -854882393813680119
[    4.706721] random 0013 0000 0000 00000000 00000000: add_disk_randomness(0:0) 00000000 00000000
[    4.706724] random 0013 0000 0000 00000000 00000000: add_timer_randomness(.. 256) with jiffies: 17609779553310047874, cycles: -836964524694175735
[    4.706726] random 0013 0000 0000 00000000 00000000: added 1 entropy credits to input
[    4.706729] random 0014 0000 0000 00000000 00000000: add_disk_randomness(0:0) 00000000 00000000
[    4.706732] random 0014 0000 0000 00000000 00000000: add_timer_randomness(.. 256) with jiffies: 17609853512646884994, cycles: -836890565357338615
[    4.707010] Loading iSCSI transport class v2.0-870.
[    4.707300] rdac: device handler registered
[    4.707389] hp_sw: device handler registered
[    4.707480] emc: device handler registered
[    4.707574] alua: device handler registered
[    4.708562] Adaptec aacraid driver 1.1-5[2461]-ms
[    4.708993] scsi: <fdomain> Detection failed (no card)
[    4.709091] sym53c416.c: Version 1.0.0-ac
[    4.709208] qlogicfas: no cards were found, please specify I/O address and IRQ using iobase= and irq= options
[    4.709342] QLogic Fibre Channel HBA Driver: 8.03.01-k6
[    4.709564] iscsi: registered transport (qla4xxx)
[    4.709677] QLogic iSCSI HBA Driver
[    4.709768] Emulex LightPulse Fibre Channel SCSI driver 8.3.4
[    4.709863] Copyright(c) 2004-2009 Emulex.  All rights reserved.
[    4.731826] Failed initialization of WD-7000 SCSI card!
[    4.821102] DC390: clustering now enabled by default. If you get problems load
[    4.821231]        with "disable_clustering=1" and report to maintainers
[    4.821360] megaraid cmm: 2.20.2.7 (Release Date: Sun Jul 16 00:01:03 EST 2006)
[    4.821513] megaraid: 2.20.5.1 (Release Date: Thu Nov 16 15:32:35 EST 2006)
[    4.821630] megasas: 00.00.04.01 Thu July 24 11:41:51 PST 2008
[    4.821764] GDT-HA: Storage RAID Controller Driver. Version: 3.05
[    4.821915] 3ware Storage Controller device driver for Linux v1.26.02.002.
[    4.822023] 3ware 9000 Storage Controller device driver for Linux v2.26.02.012.
[    4.822172] nsp32: loading...
[    4.822283] ipr: IBM Power RAID SCSI Device Driver version: 2.4.3 (June 10, 2009)
[    4.822425] RocketRAID 3xxx/4xxx Controller driver v1.6 (090910)
[    4.822538] stex: Promise SuperTrak EX Driver version: 4.6.0000.3
[    4.822669] st: Version 20081215, fixed bufsize 32768, s/g segs 256
[    4.822875] ahci 0000:00:1f.2: version 3.0
[    4.822891] ahci 0000:00:1f.2: PCI INT B -> GSI 16 (level, low) -> IRQ 16
[    4.823028] ahci 0000:00:1f.2: irq 29 for MSI/MSI-X
[    4.823084] ahci 0000:00:1f.2: AHCI 0001.0100 32 slots 3 ports 1.5 Gbps 0x5 impl SATA mode
[    4.823212] ahci 0000:00:1f.2: flags: 64bit ncq sntf pm led clo pio slum part ccc 
[    4.823341] ahci 0000:00:1f.2: setting latency timer to 64
[    4.823481] scsi2 : ahci
[    4.823642] scsi3 : ahci
[    4.823782] scsi4 : ahci
[    4.823965] ata1: SATA max UDMA/133 abar m2048@0xfe226000 port 0xfe226100 irq 29
[    4.824087] ata2: DUMMY
[    4.824174] ata3: SATA max UDMA/133 abar m2048@0xfe226000 port 0xfe226200 irq 29
[    4.824786] I2O subsystem v1.325
[    4.824887] i2o: max drivers = 8
[    4.825039] I2O Configuration OSM v1.323
[    4.825143] I2O Bus Adapter OSM v1.317
[    4.825244] I2O Block Device OSM v1.325
[    4.825402] I2O SCSI Peripheral OSM v1.316
[    4.825506] I2O ProcFS OSM v1.316
[    4.825610] Fusion MPT base driver 3.04.12
[    4.825705] Copyright (c) 1999-2008 LSI Corporation
[    4.825817] Fusion MPT SPI Host driver 3.04.12
[    4.825961] Fusion MPT FC Host driver 3.04.12
[    4.826082] Fusion MPT SAS Host driver 3.04.12
[    4.826232] ohci1394 0000:15:00.1: PCI INT B -> GSI 17 (level, low) -> IRQ 17
[    4.826331] ohci1394 0000:15:00.1: setting latency timer to 64
[    4.879845] ohci1394: fw-host0: OHCI-1394 1.1 (PCI): IRQ=[17]  MMIO=[f8301000-f83017ff]  Max Packet=[2048]  IR/IT contexts=[4/4]
[    4.883113] ehci_hcd: USB 2.0 'Enhanced' Host Controller (EHCI) Driver
[    4.883384] ehci_hcd 0000:00:1a.7: power state changed by ACPI to D0
[    4.883632] ehci_hcd 0000:00:1a.7: power state changed by ACPI to D0
[    4.883739] ehci_hcd 0000:00:1a.7: PCI INT C -> GSI 22 (level, low) -> IRQ 22
[    4.883848] ehci_hcd 0000:00:1a.7: setting latency timer to 64
[    4.883854] ehci_hcd 0000:00:1a.7: EHCI Host Controller
[    4.883988] ehci_hcd 0000:00:1a.7: new USB bus registered, assigned bus number 1
[    4.888033] ehci_hcd 0000:00:1a.7: cache line size of 32 is not supported
[    4.888040] ehci_hcd 0000:00:1a.7: irq 22, io mem 0xfe226c00
[    4.897806] ehci_hcd 0000:00:1a.7: USB 2.0 started, EHCI 1.00
[    4.897912] usb usb1: New USB device found, idVendor=1d6b, idProduct=0002
[    4.898002] usb usb1: New USB device strings: Mfr=3, Product=2, SerialNumber=1
[    4.898131] usb usb1: Product: EHCI Host Controller
[    4.898228] usb usb1: Manufacturer: Linux 2.6.32.57 ehci_hcd
[    4.898325] usb usb1: SerialNumber: 0000:00:1a.7
[    4.898473] usb usb1: configuration #1 chosen from 1 choice
[    4.898592] hub 1-0:1.0: USB hub found
[    4.898692] hub 1-0:1.0: 4 ports detected
[    4.899024] ehci_hcd 0000:00:1d.7: power state changed by ACPI to D0
[    4.899283] ehci_hcd 0000:00:1d.7: power state changed by ACPI to D0
[    4.899387] ehci_hcd 0000:00:1d.7: PCI INT D -> GSI 19 (level, low) -> IRQ 19
[    4.899483] ehci_hcd 0000:00:1d.7: setting latency timer to 64
[    4.899488] ehci_hcd 0000:00:1d.7: EHCI Host Controller
[    4.899624] ehci_hcd 0000:00:1d.7: new USB bus registered, assigned bus number 2
[    4.899779] ehci_hcd 0000:00:1d.7: debug port 1
[    4.903752] ehci_hcd 0000:00:1d.7: cache line size of 32 is not supported
[    4.903759] ehci_hcd 0000:00:1d.7: irq 19, io mem 0xfe227000
[    4.913806] ehci_hcd 0000:00:1d.7: USB 2.0 started, EHCI 1.00
[    4.913903] usb usb2: New USB device found, idVendor=1d6b, idProduct=0002
[    4.913997] usb usb2: New USB device strings: Mfr=3, Product=2, SerialNumber=1
[    4.914118] usb usb2: Product: EHCI Host Controller
[    4.914204] usb usb2: Manufacturer: Linux 2.6.32.57 ehci_hcd
[    4.914299] usb usb2: SerialNumber: 0000:00:1d.7
[    4.914437] usb usb2: configuration #1 chosen from 1 choice
[    4.914557] hub 2-0:1.0: USB hub found
[    4.914646] hub 2-0:1.0: 6 ports detected
[    4.914830] 116x: driver isp116x-hcd, 03 Nov 2005
[    4.914939] ohci_hcd: USB 1.1 'Open' Host Controller (OHCI) Driver
[    4.915051] uhci_hcd: USB Universal Host Controller Interface driver
[    4.915160] uhci_hcd 0000:00:1a.0: PCI INT A -> GSI 20 (level, low) -> IRQ 20
[    4.915255] uhci_hcd 0000:00:1a.0: setting latency timer to 64
[    4.915260] uhci_hcd 0000:00:1a.0: UHCI Host Controller
[    4.915392] uhci_hcd 0000:00:1a.0: new USB bus registered, assigned bus number 3
[    4.915550] uhci_hcd 0000:00:1a.0: irq 20, io base 0x00001860
[    4.915663] usb usb3: New USB device found, idVendor=1d6b, idProduct=0001
[    4.915756] usb usb3: New USB device strings: Mfr=3, Product=2, SerialNumber=1
[    4.915891] usb usb3: Product: UHCI Host Controller
[    4.915988] usb usb3: Manufacturer: Linux 2.6.32.57 uhci_hcd
[    4.916078] usb usb3: SerialNumber: 0000:00:1a.0
[    4.916217] usb usb3: configuration #1 chosen from 1 choice
[    4.916332] hub 3-0:1.0: USB hub found
[    4.916425] hub 3-0:1.0: 2 ports detected
[    4.916729] uhci_hcd 0000:00:1a.1: power state changed by ACPI to D0
[    4.916978] uhci_hcd 0000:00:1a.1: power state changed by ACPI to D0
[    4.917073] uhci_hcd 0000:00:1a.1: PCI INT B -> GSI 21 (level, low) -> IRQ 21
[    4.917169] uhci_hcd 0000:00:1a.1: setting latency timer to 64
[    4.917174] uhci_hcd 0000:00:1a.1: UHCI Host Controller
[    4.917297] uhci_hcd 0000:00:1a.1: new USB bus registered, assigned bus number 4
[    4.917447] uhci_hcd 0000:00:1a.1: irq 21, io base 0x00001880
[    4.917561] usb usb4: New USB device found, idVendor=1d6b, idProduct=0001
[    4.917653] usb usb4: New USB device strings: Mfr=3, Product=2, SerialNumber=1
[    4.917772] usb usb4: Product: UHCI Host Controller
[    4.917875] usb usb4: Manufacturer: Linux 2.6.32.57 uhci_hcd
[    4.917971] usb usb4: SerialNumber: 0000:00:1a.1
[    4.918114] usb usb4: configuration #1 chosen from 1 choice
[    4.918236] hub 4-0:1.0: USB hub found
[    4.918328] hub 4-0:1.0: 2 ports detected
[    4.918643] uhci_hcd 0000:00:1d.0: power state changed by ACPI to D0
[    4.918900] uhci_hcd 0000:00:1d.0: power state changed by ACPI to D0
[    4.918996] uhci_hcd 0000:00:1d.0: PCI INT A -> GSI 16 (level, low) -> IRQ 16
[    4.919095] uhci_hcd 0000:00:1d.0: setting latency timer to 64
[    4.919099] uhci_hcd 0000:00:1d.0: UHCI Host Controller
[    4.919237] uhci_hcd 0000:00:1d.0: new USB bus registered, assigned bus number 5
[    4.919397] uhci_hcd 0000:00:1d.0: irq 16, io base 0x000018a0
[    4.919516] usb usb5: New USB device found, idVendor=1d6b, idProduct=0001
[    4.919608] usb usb5: New USB device strings: Mfr=3, Product=2, SerialNumber=1
[    4.919728] usb usb5: Product: UHCI Host Controller
[    4.919825] usb usb5: Manufacturer: Linux 2.6.32.57 uhci_hcd
[    4.919917] usb usb5: SerialNumber: 0000:00:1d.0
[    4.920052] usb usb5: configuration #1 chosen from 1 choice
[    4.920169] hub 5-0:1.0: USB hub found
[    4.920260] hub 5-0:1.0: 2 ports detected
[    4.920408] uhci_hcd 0000:00:1d.1: PCI INT B -> GSI 17 (level, low) -> IRQ 17
[    4.920511] uhci_hcd 0000:00:1d.1: setting latency timer to 64
[    4.920516] uhci_hcd 0000:00:1d.1: UHCI Host Controller
[    4.920648] uhci_hcd 0000:00:1d.1: new USB bus registered, assigned bus number 6
[    4.920810] uhci_hcd 0000:00:1d.1: irq 17, io base 0x000018c0
[    4.920925] usb usb6: New USB device found, idVendor=1d6b, idProduct=0001
[    4.921026] usb usb6: New USB device strings: Mfr=3, Product=2, SerialNumber=1
[    4.921154] usb usb6: Product: UHCI Host Controller
[    4.921238] usb usb6: Manufacturer: Linux 2.6.32.57 uhci_hcd
[    4.921328] usb usb6: SerialNumber: 0000:00:1d.1
[    4.921462] usb usb6: configuration #1 chosen from 1 choice
[    4.921583] hub 6-0:1.0: USB hub found
[    4.921673] hub 6-0:1.0: 2 ports detected
[    4.921994] uhci_hcd 0000:00:1d.2: power state changed by ACPI to D0
[    4.922264] uhci_hcd 0000:00:1d.2: power state changed by ACPI to D0
[    4.922360] uhci_hcd 0000:00:1d.2: PCI INT C -> GSI 18 (level, low) -> IRQ 18
[    4.922459] uhci_hcd 0000:00:1d.2: setting latency timer to 64
[    4.922464] uhci_hcd 0000:00:1d.2: UHCI Host Controller
[    4.922589] uhci_hcd 0000:00:1d.2: new USB bus registered, assigned bus number 7
[    4.922744] uhci_hcd 0000:00:1d.2: irq 18, io base 0x000018e0
[    4.922865] usb usb7: New USB device found, idVendor=1d6b, idProduct=0001
[    4.922956] usb usb7: New USB device strings: Mfr=3, Product=2, SerialNumber=1
[    4.923076] usb usb7: Product: UHCI Host Controller
[    4.923169] usb usb7: Manufacturer: Linux 2.6.32.57 uhci_hcd
[    4.923259] usb usb7: SerialNumber: 0000:00:1d.2
[    4.924051] usb usb7: configuration #1 chosen from 1 choice
[    4.924179] hub 7-0:1.0: USB hub found
[    4.924274] hub 7-0:1.0: 2 ports detected
[    4.924432] sl811: driver sl811-hcd, 19 May 2005
[    4.924536] r8a66597_hcd: driver r8a66597_hcd, 2009-05-26
[    4.924704] Initializing USB Mass Storage driver...
[    4.924837] usbcore: registered new interface driver usb-storage
[    4.924931] USB Mass Storage support registered.
[    4.925035] usbcore: registered new interface driver ums-alauda
[    4.925145] usbcore: registered new interface driver ums-cypress
[    4.925255] usbcore: registered new interface driver ums-datafab
[    4.925367] usbcore: registered new interface driver ums-freecom
[    4.925477] usbcore: registered new interface driver ums-isd200
[    4.925587] usbcore: registered new interface driver ums-jumpshot
[    4.925695] usbcore: registered new interface driver ums-karma
[    4.925816] usbcore: registered new interface driver ums-onetouch
[    4.925931] usbcore: registered new interface driver ums-sddr09
[    4.926040] usbcore: registered new interface driver ums-sddr55
[    4.926152] usbcore: registered new interface driver ums-usbat
[    4.926298] PNP: PS/2 Controller [PNP0303:KBD,PNP0f13:MOU] at 0x60,0x64 irq 1,12
[    4.935153] serio: i8042 KBD port at 0x60,0x64 irq 1
[    4.935244] serio: i8042 AUX port at 0x60,0x64 irq 12
[    4.935489] mice: PS/2 mouse device common for all mice
[    4.935603] i2c /dev entries driver
[    4.935740] md: linear personality registered for level -1
[    4.935842] md: raid0 personality registered for level 0
[    4.935930] md: raid1 personality registered for level 1
[    4.936021] md: raid10 personality registered for level 10
[    4.936108] md: raid6 personality registered for level 6
[    4.936216] md: raid5 personality registered for level 5
[    4.936304] md: raid4 personality registered for level 4
[    4.936395] md: multipath personality registered for level -4
[    4.936590] device-mapper: ioctl: 4.15.0-ioctl (2009-04-01) initialised: dm-devel@redhat.com
[    4.936795] cpuidle: using governor ladder
[    4.937404] usbcore: registered new interface driver usbhid
[    4.937493] usbhid: v2.6:USB HID core driver
[    4.937635] random 0014 0000 0000 00000000 00000000: rand_read_num 4 get_random_bytes(136): sig 00000000 00000000 00000000
[    4.937637] random 0014 0000 0000 00000000 00000000: extract_entropy(.. 136 ..)
[    4.937640] random 0014 0000 0000 00000000 00000000: going to reseed nonblocking with 1024 bits (1088 of 0 requested)
[    4.937642] random 0014 0000 0000 00000000 00000000: extract_entropy(.. 128 ..)
[    4.937645] random 0014 0000 0000 00000000 00000000: trying to extract 1024 bits from input
[    4.937647] random 0014 0000 0000 00000000 00000000: debiting 0 entropy credits from input
[    4.937649] random 0014 0000 0000 00000000 00000000: extract_entropy account returned: 0 
[    4.937652] random 0014 0000 0000 00000000 00000000: urand_change_num 7 xfer_secondary_pool(136): pool_sig 00000000, data_sig 00000000, bytes_mixed 0 00000000 00000000
[    4.937655] random 0014 0000 0000 00000000 00000000: trying to extract 1088 bits from nonblocking
[    4.937658] random 0014 0000 0000 00000000 00000000: debiting 1088 entropy credits from nonblocking (unlimited)
[    4.937660] random 0014 0000 0000 00000000 00000000: extract_entropy account returned: 136 
[    4.937664] random 0014 0000 0000 00000000 00000000: urand_change_num 8 extract_buf: pool_sig 00000000, data_sig fffffff9, bytes_mixed 20 00000000 00000000
[    4.937670] random 0014 0000 0000 b7c35b56 be4dc95d: urand_change_num 9 extract_buf: pool_sig fffffd1e, data_sig 000000c5, bytes_mixed 20 b7c35b56 be4dc95d
[    4.937675] random 0014 0000 0000 ed9f5c47 c48487fb: urand_change_num 10 extract_buf: pool_sig fffff8ec, data_sig ffffff68, bytes_mixed 20 ed9f5c47 c48487fb
[    4.937680] random 0014 0000 0000 ed9f5c47 c48487fb: urand_change_num 11 extract_buf: pool_sig fffffaed, data_sig 000001aa, bytes_mixed 20 ed9f5c47 c48487fb
[    4.937686] random 0014 0000 0000 1b4f7c0a 91bd6a48: urand_change_num 12 extract_buf: pool_sig fffffdd8, data_sig 00000064, bytes_mixed 20 1b4f7c0a 91bd6a48
[    4.937691] random 0014 0000 0000 a254b9bc 20e9a24f: urand_change_num 13 extract_buf: pool_sig fffffbe6, data_sig 000001dd, bytes_mixed 20 a254b9bc 20e9a24f
[    4.937702] random 0014 0000 0000 a254b9bc 20e9a24f: urand_change_num 14 extract_buf: pool_sig fffff940, data_sig fffffe20, bytes_mixed 20 a254b9bc 20e9a24f
[    4.937708] random 0014 0000 0000 2831a66b 5fa2a3ad: urand_change_num 15 extract_buf: pool_sig fffffbce, data_sig 0000007e, bytes_mixed 20 2831a66b 5fa2a3ad
[    4.937713] random 0014 0000 0000 2831a66b 5fa2a3ad: urand_change_num 16 extract_buf: pool_sig 000004df, data_sig fffffe8f, bytes_mixed 20 2831a66b 5fa2a3ad
[    4.937718] random 0014 0000 0000 d4512bfd c9a54e0b: urand_change_num 17 extract_buf: pool_sig 00000485, data_sig fffffe68, bytes_mixed 20 d4512bfd c9a54e0b
[    4.937723] random 0014 0000 0000 c7371be6 f9ffea11: urand_change_num 18 extract_buf: pool_sig 00000095, data_sig ffffffed, bytes_mixed 20 c7371be6 f9ffea11
[    4.937728] random 0014 0000 0000 c7371be6 f9ffea11: urand_change_num 19 extract_buf: pool_sig 000003a7, data_sig fffffefa, bytes_mixed 20 c7371be6 f9ffea11
[    4.937734] random 0014 0000 0000 8fb4b62c d1ddba54: urand_change_num 20 extract_buf: pool_sig 00000179, data_sig ffffff78, bytes_mixed 20 8fb4b62c d1ddba54
[    4.937739] random 0014 0000 0000 9ff19f9c c07a1d2a: urand_change_num 21 extract_buf: pool_sig fffffe88, data_sig 00000126, bytes_mixed 20 9ff19f9c c07a1d2a
[    4.937743] TCP cubic registered
[    4.937839] Initializing XFRM netlink socket
[    4.937932] NET: Registered protocol family 17
[    4.938026] Using IPI Shortcut mode
[    4.938114] random 0014 0000 0000 9ff19f9c c07a1d2a: rand_read_num 5 get_random_bytes(8): sig 0000031b 9ff19f9c c07a1d2a
[    4.938116] random 0014 0000 0000 9ff19f9c c07a1d2a: extract_entropy(.. 8 ..)
[    4.938119] random 0014 0000 0000 9ff19f9c c07a1d2a: going to reseed nonblocking with 64 bits (64 of 0 requested)
[    4.938121] random 0014 0000 0000 9ff19f9c c07a1d2a: extract_entropy(.. 8 ..)
[    4.938123] random 0014 0000 0000 9ff19f9c c07a1d2a: trying to extract 64 bits from input
[    4.938125] random 0014 0000 0000 9ff19f9c c07a1d2a: debiting 0 entropy credits from input
[    4.938127] random 0014 0000 0000 9ff19f9c c07a1d2a: extract_entropy account returned: 0 
[    4.938130] random 0014 0000 0000 9ff19f9c c07a1d2a: urand_change_num 22 xfer_secondary_pool(8): pool_sig 0000031b, data_sig 00000000, bytes_mixed 0 9ff19f9c c07a1d2a
[    4.938133] random 0014 0000 0000 9ff19f9c c07a1d2a: trying to extract 64 bits from nonblocking
[    4.938136] random 0014 0000 0000 9ff19f9c c07a1d2a: debiting 64 entropy credits from nonblocking (unlimited)
[    4.938138] random 0014 0000 0000 9ff19f9c c07a1d2a: extract_entropy account returned: 8 
[    4.938142] random 0014 0000 0000 9ff19f9c c07a1d2a: urand_change_num 23 extract_buf: pool_sig 0000031b, data_sig ffffffb3, bytes_mixed 20 9ff19f9c c07a1d2a
[    4.940083] input: AT Translated Set 2 keyboard as /devices/platform/i8042/serio0/input/input1
[    5.128816] ata3: SATA link down (SStatus 0 SControl 300)
[    5.128930] ata1: SATA link up 1.5 Gbps (SStatus 113 SControl 300)
[    5.130598] ata1.00: ACPI cmd ef/02:00:00:00:00:a0 (SET FEATURES) succeeded
[    5.130601] ata1.00: ACPI cmd f5/00:00:00:00:00:a0 (SECURITY FREEZE LOCK) filtered out
[    5.131995] ata1.00: ACPI cmd ef/5f:00:00:00:00:a0 (SET FEATURES) succeeded
[    5.131997] ata1.00: ACPI cmd ef/10:03:00:00:00:a0 (SET FEATURES) filtered out
[    5.133903] ata1.00: ATA-7: ST910021AS, 4.06, max UDMA/100
[    5.133995] ata1.00: 195371568 sectors, multi 16: LBA48 
[    5.136141] ata1.00: ACPI cmd ef/02:00:00:00:00:a0 (SET FEATURES) succeeded
[    5.136144] ata1.00: ACPI cmd f5/00:00:00:00:00:a0 (SECURITY FREEZE LOCK) filtered out
[    5.137538] ata1.00: ACPI cmd ef/5f:00:00:00:00:a0 (SET FEATURES) succeeded
[    5.137540] ata1.00: ACPI cmd ef/10:03:00:00:00:a0 (SET FEATURES) filtered out
[    5.139464] ata1.00: configured for UDMA/100
[    5.149867] scsi 2:0:0:0: Direct-Access     ATA      ST910021AS       4.06 PQ: 0 ANSI: 5
[    5.150148] sd 2:0:0:0: [sda] 195371568 512-byte logical blocks: (100 GB/93.1 GiB)
[    5.150291] sd 2:0:0:0: [sda] Write Protect is off
[    5.150381] sd 2:0:0:0: [sda] Mode Sense: 00 3a 00 00
[    5.150394] sd 2:0:0:0: [sda] Write cache: enabled, read cache: enabled, doesn't support DPO or FUA
[    5.150583]  sda:
[    5.581273] random 0014 0000 0000 277f73c3 42024bb9: add_disk_randomness(8:0) 277f73c3 42024bb9
[    5.581364] random 0014 0000 0000 277f73c3 42024bb9: add_timer_randomness(.. 8388864) with jiffies: 7031691088024535446, cycles: 7031691083729862666
[    5.581367] random 0014 0000 0000 277f73c3 42024bb9: added 11 entropy credits to input
[    5.581372]  sda1 sda2
[    5.581844] random 0025 0000 0000 277f73c3 42024bb9: add_disk_randomness(8:0) 277f73c3 42024bb9
[    5.581847] random 0025 0000 0000 277f73c3 42024bb9: add_timer_randomness(.. 8388864) with jiffies: 7036031508959429015, cycles: 7036031504664756234
[    5.581999] sd 2:0:0:0: [sda] Attached SCSI disk
[    5.582090] random 0025 0000 0000 277f73c3 42024bb9: rand_read_num 6 get_random_bytes(12): sig 000007e9 277f73c3 42024bb9
[    5.582093] random 0025 0000 0000 277f73c3 42024bb9: extract_entropy(.. 12 ..)
[    5.582095] random 0025 0000 0000 277f73c3 42024bb9: going to reseed nonblocking with 96 bits (96 of 0 requested)
[    5.582097] random 0025 0000 0000 277f73c3 42024bb9: extract_entropy(.. 12 ..)
[    5.582100] random 0025 0000 0000 277f73c3 42024bb9: trying to extract 96 bits from input
[    5.582102] random 0025 0000 0000 277f73c3 42024bb9: debiting 0 entropy credits from input
[    5.582104] random 0025 0000 0000 277f73c3 42024bb9: extract_entropy account returned: 0 
[    5.582107] random 0025 0000 0000 277f73c3 42024bb9: urand_change_num 24 xfer_secondary_pool(12): pool_sig 000007e9, data_sig 00000000, bytes_mixed 0 277f73c3 42024bb9
[    5.582110] random 0025 0000 0000 277f73c3 42024bb9: trying to extract 96 bits from nonblocking
[    5.582112] random 0025 0000 0000 277f73c3 42024bb9: debiting 96 entropy credits from nonblocking (unlimited)
[    5.582115] random 0025 0000 0000 277f73c3 42024bb9: extract_entropy account returned: 12 
[    5.582119] random 0025 0000 0000 277f73c3 42024bb9: urand_change_num 25 extract_buf: pool_sig 000007e9, data_sig 00000088, bytes_mixed 20 277f73c3 42024bb9
[    5.582124] random 0025 0000 0000 277f73c3 42024bb9: urand_change_num 26 extract_buf: pool_sig 00000498, data_sig fffffefb, bytes_mixed 20 277f73c3 42024bb9
[    5.582127] RANDOM - __seed init called.
[    5.582128] RANDOM - __seed init called.
[    5.582129] RANDOM - __seed init called.
[    5.582131] RANDOM - __random32 called. Change num 12.  Value: 87f14767	f0d7351	b1e48bd3
[    5.582133] RANDOM - random32_reseed called.  Value: 87f14767	f0d7351	b1e48bd3
[    5.582135] Pid: 1, comm: swapper Not tainted 2.6.32.57 #6
[    5.582228] Call Trace:
[    5.582321]  [<c1923ca4>] ? random32_reseed+0xa0/0xb1
[    5.582416]  [<c1923c04>] ? random32_reseed+0x0/0xb1
[    5.582508]  [<c100111e>] ? do_one_initcall+0x2e/0x180
[    5.582595]  [<c1907265>] ? kernel_init+0xad/0x103
[    5.582686]  [<c19071b8>] ? kernel_init+0x0/0x103
[    5.582777]  [<c1003787>] ? kernel_thread_helper+0x7/0x10
[    5.583302] random 0025 0000 0000 386b4e60 ee4d4880: rand_read_num 7 get_random_bytes(64): sig fffffea5 386b4e60 ee4d4880
[    5.583305] random 0025 0000 0000 386b4e60 ee4d4880: extract_entropy(.. 64 ..)
[    5.583307] random 0025 0000 0000 386b4e60 ee4d4880: going to reseed nonblocking with 512 bits (512 of 0 requested)
[    5.583309] random 0025 0000 0000 386b4e60 ee4d4880: extract_entropy(.. 64 ..)
[    5.583311] random 0025 0000 0000 386b4e60 ee4d4880: trying to extract 512 bits from input
[    5.583314] random 0025 0000 0000 386b4e60 ee4d4880: debiting 0 entropy credits from input
[    5.583316] random 0025 0000 0000 386b4e60 ee4d4880: extract_entropy account returned: 0 
[    5.583319] random 0025 0000 0000 386b4e60 ee4d4880: urand_change_num 27 xfer_secondary_pool(64): pool_sig fffffea5, data_sig 00000000, bytes_mixed 0 386b4e60 ee4d4880
[    5.583322] random 0025 0000 0000 386b4e60 ee4d4880: trying to extract 512 bits from nonblocking
[    5.583324] random 0025 0000 0000 386b4e60 ee4d4880: debiting 512 entropy credits from nonblocking (unlimited)
[    5.583327] random 0025 0000 0000 386b4e60 ee4d4880: extract_entropy account returned: 64 
[    5.583331] random 0025 0000 0000 386b4e60 ee4d4880: urand_change_num 28 extract_buf: pool_sig fffffea5, data_sig 00000173, bytes_mixed 20 386b4e60 ee4d4880
[    5.583336] random 0025 0000 0000 412698f6 0cc8689a: urand_change_num 29 extract_buf: pool_sig 00000122, data_sig ffffff63, bytes_mixed 20 412698f6 0cc8689a
[    5.583341] random 0025 0000 0000 412698f6 0cc8689a: urand_change_num 30 extract_buf: pool_sig 000001f7, data_sig 00000012, bytes_mixed 20 412698f6 0cc8689a
[    5.583347] random 0025 0000 0000 9669941e 06f768b1: urand_change_num 31 extract_buf: pool_sig fffffb5b, data_sig 0000003f, bytes_mixed 20 9669941e 06f768b1
[    5.583352] random 0025 0000 0000 98486520 995551f0: urand_change_num 32 extract_buf: pool_sig fffffb39, data_sig 0000000e, bytes_mixed 20 98486520 995551f0
[    5.583357] random 0025 0000 0000 98486520 995551f0: urand_change_num 33 extract_buf: pool_sig fffffd8d, data_sig 000001a6, bytes_mixed 20 98486520 995551f0
[    5.583362] random 0025 0000 0000 61fc8914 d5882ed2: urand_change_num 34 extract_buf: pool_sig fffffa58, data_sig 0000023e, bytes_mixed 20 61fc8914 d5882ed2
[    5.583393] random 0025 0000 0000 61fc8914 d5882ed2: rand_read_num 8 get_random_bytes(64): sig fffff9ee 61fc8914 d5882ed2
[    5.583396] random 0025 0000 0000 61fc8914 d5882ed2: extract_entropy(.. 64 ..)
[    5.583398] random 0025 0000 0000 61fc8914 d5882ed2: going to reseed nonblocking with 512 bits (512 of 0 requested)
[    5.583400] random 0025 0000 0000 61fc8914 d5882ed2: extract_entropy(.. 64 ..)
[    5.583403] random 0025 0000 0000 61fc8914 d5882ed2: trying to extract 512 bits from input
[    5.583405] random 0025 0000 0000 61fc8914 d5882ed2: debiting 0 entropy credits from input
[    5.583407] random 0025 0000 0000 61fc8914 d5882ed2: extract_entropy account returned: 0 
[    5.583410] random 0025 0000 0000 61fc8914 d5882ed2: urand_change_num 35 xfer_secondary_pool(64): pool_sig fffff9ee, data_sig 00000000, bytes_mixed 0 61fc8914 d5882ed2
[    5.583413] random 0025 0000 0000 61fc8914 d5882ed2: trying to extract 512 bits from nonblocking
[    5.583415] random 0025 0000 0000 61fc8914 d5882ed2: debiting 512 entropy credits from nonblocking (unlimited)
[    5.583417] random 0025 0000 0000 61fc8914 d5882ed2: extract_entropy account returned: 64 
[    5.583421] random 0025 0000 0000 61fc8914 d5882ed2: urand_change_num 36 extract_buf: pool_sig fffff9ee, data_sig ffffff85, bytes_mixed 20 61fc8914 d5882ed2
[    5.583427] random 0025 0000 0000 70cfd302 e5edec11: urand_change_num 37 extract_buf: pool_sig fffffdc1, data_sig ffffffde, bytes_mixed 20 70cfd302 e5edec11
[    5.583432] random 0025 0000 0000 00dab838 eafd2b30: urand_change_num 38 extract_buf: pool_sig 000003da, data_sig ffffff61, bytes_mixed 20 00dab838 eafd2b30
[    5.583437] random 0025 0000 0000 00dab838 eafd2b30: urand_change_num 39 extract_buf: pool_sig 00000314, data_sig 00000121, bytes_mixed 20 00dab838 eafd2b30
[    5.583443] random 0025 0000 0000 5fcdf66a 6442b608: urand_change_num 40 extract_buf: pool_sig 0000028b, data_sig fffffefd, bytes_mixed 20 5fcdf66a 6442b608
[    5.583448] random 0025 0000 0000 61333f6b 8fae0f9b: urand_change_num 41 extract_buf: pool_sig 000000cb, data_sig 000000b3, bytes_mixed 20 61333f6b 8fae0f9b
[    5.583453] random 0025 0000 0000 61333f6b 8fae0f9b: urand_change_num 42 extract_buf: pool_sig fffffef8, data_sig 00000051, bytes_mixed 20 61333f6b 8fae0f9b
[    5.583456] BEGIN NET_SECRET:
[    5.583457] \xffffffe0
[    5.583458] \xffffffb6
[    5.583459] \x36
[    5.583459] \xffffffb5
[    5.583460] \xffffff94
[    5.583461] \xffffffb2
[    5.583462] \xffffffa8
[    5.583463] \xffffffda
[    5.583464] \x5b
[    5.583464] \x19
[    5.583465] \x18
[    5.583466] \x5c
[    5.583466] \x2b
[    5.583467] \x1
[    5.583468] \xffffff90
[    5.583469] \x19
[    5.583470] \x3c
[    5.583470] \xfffffff2
[    5.583471] \xffffff82
[    5.583472] \x2a
[    5.583473] \xffffffb3
[    5.583474] \xffffffa2
[    5.583474] \x3f
[    5.583475] \x5
[    5.583476] \x52
[    5.583476] \x77
[    5.583477] \x57
[    5.583478] \x79
[    5.583479] \x16
[    5.583479] \x43
[    5.583480] \xffffff84
[    5.583481] \xffffffc3
[    5.583482] \xffffffe9
[    5.583482] \x79
[    5.583483] \x50
[    5.583484] \xffffff8e
[    5.583485] \x3f
[    5.583486] \xfffffff3
[    5.583486] \x19
[    5.583487] \x2a
[    5.583488] \xfffffffd
[    5.583489] \xfffffffb
[    5.583489] \x62
[    5.583490] \x3c
[    5.583491] \xffffffac
[    5.583492] \x1c
[    5.583492] \x3b
[    5.583493] \x3b
[    5.583494] \x15
[    5.583495] \x27
[    5.583495] \xffffffa8
[    5.583496] \x22
[    5.583497] \xffffffc5
[    5.583498] \xffffff9a
[    5.583498] \x5
[    5.583499] \x6c
[    5.583500] \xffffffa8
[    5.583501] \x3a
[    5.583502] \x44
[    5.583502] \xffffffaf
[    5.583503] \x13
[    5.583504] \xffffffe0
[    5.583505] \xffffff9d
[    5.583505] \x22
[    5.583506] 
[    5.583507] END NET_SECRET
[    5.583509] random 0025 0000 0000 e7f555d9 e8ce5c3c: rand_read_num 9 get_random_bytes(4): sig 0000068c e7f555d9 e8ce5c3c
[    5.583512] random 0025 0000 0000 e7f555d9 e8ce5c3c: extract_entropy(.. 4 ..)
[    5.583514] random 0025 0000 0000 e7f555d9 e8ce5c3c: going to reseed nonblocking with 64 bits (32 of 0 requested)
[    5.583516] random 0025 0000 0000 e7f555d9 e8ce5c3c: extract_entropy(.. 8 ..)
[    5.583518] random 0025 0000 0000 e7f555d9 e8ce5c3c: trying to extract 64 bits from input
[    5.583520] random 0025 0000 0000 e7f555d9 e8ce5c3c: debiting 0 entropy credits from input
[    5.583522] random 0025 0000 0000 e7f555d9 e8ce5c3c: extract_entropy account returned: 0 
[    5.583526] random 0025 0000 0000 e7f555d9 e8ce5c3c: urand_change_num 43 xfer_secondary_pool(4): pool_sig 0000068c, data_sig 00000000, bytes_mixed 0 e7f555d9 e8ce5c3c
[    5.583528] random 0025 0000 0000 e7f555d9 e8ce5c3c: trying to extract 32 bits from nonblocking
[    5.583531] random 0025 0000 0000 e7f555d9 e8ce5c3c: debiting 32 entropy credits from nonblocking (unlimited)
[    5.583533] random 0025 0000 0000 e7f555d9 e8ce5c3c: extract_entropy account returned: 4 
[    5.583537] random 0025 0000 0000 e7f555d9 e8ce5c3c: urand_change_num 44 extract_buf: pool_sig 0000068c, data_sig fffffdcb, bytes_mixed 20 e7f555d9 e8ce5c3c
[    5.583548] md: Waiting for all devices to be available before autodetect
[    5.583646] md: If you don't use raid, use raid=noautodetect
[    5.583816] md: Autodetecting RAID arrays.
[    5.583912] md: Scanned 0 and added 0 devices.
[    5.584004] md: autorun ...
[    5.584090] md: ... autorun DONE.
[    5.605804] random 0025 0000 0000 e7f555d9 e8ce5c3c: add_disk_randomness(8:0) e7f555d9 e8ce5c3c
[    5.605807] random 0025 0000 0000 e7f555d9 e8ce5c3c: add_timer_randomness(.. 8388864) with jiffies: 7251586717725721007, cycles: 7251586713431048202
[    5.605810] random 0025 0000 0000 e7f555d9 e8ce5c3c: added 4 entropy credits to input
[    5.606931] random 0029 0000 0000 e7f555d9 e8ce5c3c: add_disk_randomness(8:0) e7f555d9 e8ce5c3c
[    5.606935] random 0029 0000 0000 e7f555d9 e8ce5c3c: add_timer_randomness(.. 8388864) with jiffies: 7261730691744498096, cycles: 7261730687449825290
[    5.614017] random 0029 0000 0000 e7f555d9 e8ce5c3c: add_disk_randomness(8:0) e7f555d9 e8ce5c3c
[    5.614020] random 0029 0000 0000 e7f555d9 e8ce5c3c: add_timer_randomness(.. 8388864) with jiffies: 7325477730223096247, cycles: 7325477725928423434
[    5.614023] random 0029 0000 0000 e7f555d9 e8ce5c3c: added 2 entropy credits to input
[    5.614027] EXT3-fs: sda2: couldn't mount because of unsupported optional features (240).
[    5.614254] random 0031 0000 0000 e7f555d9 e8ce5c3c: add_disk_randomness(8:0) e7f555d9 e8ce5c3c
[    5.614257] random 0031 0000 0000 e7f555d9 e8ce5c3c: add_timer_randomness(.. 8388864) with jiffies: 7327614931719389623, cycles: 7327614927424716810
[    5.614262] EXT2-fs: sda2: couldn't mount because of unsupported optional features (240).
[    5.614485] random 0031 0000 0000 e7f555d9 e8ce5c3c: add_disk_randomness(8:0) e7f555d9 e8ce5c3c
[    5.614488] random 0031 0000 0000 e7f555d9 e8ce5c3c: add_timer_randomness(.. 8388864) with jiffies: 7329691879119487415, cycles: 7329691874824814602
[    5.614617] random 0031 0000 0000 e7f555d9 e8ce5c3c: add_disk_randomness(8:0) e7f555d9 e8ce5c3c
[    5.614620] random 0031 0000 0000 e7f555d9 e8ce5c3c: add_timer_randomness(.. 8388864) with jiffies: 7330880236440748471, cycles: 7330880232146075658
[    5.614773] random 0031 0000 0000 e7f555d9 e8ce5c3c: add_disk_randomness(8:0) e7f555d9 e8ce5c3c
[    5.614776] random 0031 0000 0000 e7f555d9 e8ce5c3c: add_timer_randomness(.. 8388864) with jiffies: 7332292812529697207, cycles: 7332292808235024394
[    5.614896] random 0031 0000 0000 e7f555d9 e8ce5c3c: add_disk_randomness(8:0) e7f555d9 e8ce5c3c
[    5.614899] random 0031 0000 0000 e7f555d9 e8ce5c3c: add_timer_randomness(.. 8388864) with jiffies: 7333383128632492472, cycles: 7333383124337819658
[    5.615013] random 0031 0000 0000 e7f555d9 e8ce5c3c: add_disk_randomness(8:0) e7f555d9 e8ce5c3c
[    5.615016] random 0031 0000 0000 e7f555d9 e8ce5c3c: add_timer_randomness(.. 8388864) with jiffies: 7334433441409892792, cycles: 7334433437115219978
[    5.615131] random 0031 0000 0000 e7f555d9 e8ce5c3c: add_disk_randomness(8:0) e7f555d9 e8ce5c3c
[    5.615134] random 0031 0000 0000 e7f555d9 e8ce5c3c: add_timer_randomness(.. 8388864) with jiffies: 7335498408615707064, cycles: 7335498404321034250
[    5.615240] random 0031 0000 0000 e7f555d9 e8ce5c3c: add_disk_randomness(8:0) e7f555d9 e8ce5c3c
[    5.615243] random 0031 0000 0000 e7f555d9 e8ce5c3c: add_timer_randomness(.. 8388864) with jiffies: 7336487526699073976, cycles: 7336487522404401162
[    5.615392] random 0031 0000 0000 e7f555d9 e8ce5c3c: add_disk_randomness(8:0) e7f555d9 e8ce5c3c
[    5.615395] random 0031 0000 0000 e7f555d9 e8ce5c3c: add_timer_randomness(.. 8388864) with jiffies: 7337853880349983160, cycles: 7337853876055310346
[    5.615635] random 0031 0000 0000 e7f555d9 e8ce5c3c: rand_read_num 10 get_random_bytes(4): sig ffffff72 e7f555d9 e8ce5c3c
[    5.615638] random 0031 0000 0000 e7f555d9 e8ce5c3c: extract_entropy(.. 4 ..)
[    5.615640] random 0031 0000 0000 e7f555d9 e8ce5c3c: going to reseed nonblocking with 64 bits (32 of 0 requested)
[    5.615642] random 0031 0000 0000 e7f555d9 e8ce5c3c: extract_entropy(.. 8 ..)
[    5.615644] random 0031 0000 0000 e7f555d9 e8ce5c3c: trying to extract 64 bits from input
[    5.615647] random 0031 0000 0000 e7f555d9 e8ce5c3c: debiting 0 entropy credits from input
[    5.615648] random 0031 0000 0000 e7f555d9 e8ce5c3c: extract_entropy account returned: 0 
[    5.615652] random 0031 0000 0000 e7f555d9 e8ce5c3c: urand_change_num 45 xfer_secondary_pool(4): pool_sig ffffff72, data_sig 00000000, bytes_mixed 0 e7f555d9 e8ce5c3c
[    5.615654] random 0031 0000 0000 e7f555d9 e8ce5c3c: trying to extract 32 bits from nonblocking
[    5.615657] random 0031 0000 0000 e7f555d9 e8ce5c3c: debiting 32 entropy credits from nonblocking (unlimited)
[    5.615659] random 0031 0000 0000 e7f555d9 e8ce5c3c: extract_entropy account returned: 4 
[    5.615663] random 0031 0000 0000 e7f555d9 e8ce5c3c: urand_change_num 46 extract_buf: pool_sig ffffff72, data_sig ffffff72, bytes_mixed 20 e7f555d9 e8ce5c3c
[    5.620259] random 0031 0000 0000 91716c54 eeb6a1e7: add_disk_randomness(8:0) 91716c54 eeb6a1e7
[    5.620262] random 0031 0000 0000 91716c54 eeb6a1e7: add_timer_randomness(.. 8388864) with jiffies: 7381633791963136445, cycles: 7381633787668463626
[    5.620264] random 0031 0000 0000 91716c54 eeb6a1e7: added 2 entropy credits to input
[    5.638532] random 0033 0000 0000 91716c54 eeb6a1e7: add_disk_randomness(8:0) 91716c54 eeb6a1e7
[    5.638535] random 0033 0000 0000 91716c54 eeb6a1e7: add_timer_randomness(.. 8388864) with jiffies: 7546036245176746447, cycles: 7546036240882073610
[    5.638538] random 0033 0000 0000 91716c54 eeb6a1e7: added 3 entropy credits to input
[    5.643176] EXT4-fs (sda2): mounted filesystem with ordered data mode
[    5.643382] VFS: Mounted root (ext4 filesystem) readonly on device 8:2.
[    5.643487] Freeing unused kernel memory: 448k freed
[    5.663684] random 0036 0000 0000 91716c54 eeb6a1e7: add_disk_randomness(8:0) 91716c54 eeb6a1e7
[    5.663687] random 0036 0000 0000 91716c54 eeb6a1e7: add_timer_randomness(.. 8388864) with jiffies: 7772313844092469736, cycles: 7772313839797796874
[    5.663690] random 0036 0000 0000 91716c54 eeb6a1e7: added 2 entropy credits to input
[    5.664414] random 0038 0000 0000 91716c54 eeb6a1e7: add_disk_randomness(8:0) 91716c54 eeb6a1e7
[    5.664417] random 0038 0000 0000 91716c54 eeb6a1e7: add_timer_randomness(.. 8388864) with jiffies: 7778879221295448553, cycles: 7778879217000775690
[    5.669141] random 0038 0000 0000 91716c54 eeb6a1e7: add_disk_randomness(8:0) 91716c54 eeb6a1e7
[    5.669144] random 0038 0000 0000 91716c54 eeb6a1e7: add_timer_randomness(.. 8388864) with jiffies: 7821397000934097390, cycles: 7821396996639424522
[    5.669146] random 0038 0000 0000 91716c54 eeb6a1e7: added 2 entropy credits to input
[    5.677341] random 0040 0000 0000 91716c54 eeb6a1e7: add_disk_randomness(8:0) 91716c54 eeb6a1e7
[    5.677344] random 0040 0000 0000 91716c54 eeb6a1e7: add_timer_randomness(.. 8388864) with jiffies: 7895174776618713590, cycles: 7895174772324040714
[    5.680761] random 0040 0000 0000 91716c54 eeb6a1e7: add_disk_randomness(8:0) 91716c54 eeb6a1e7
[    5.680764] random 0040 0000 0000 91716c54 eeb6a1e7: add_timer_randomness(.. 8388864) with jiffies: 7925949797842518521, cycles: 7925949793547845642
[    5.680767] random 0040 0000 0000 91716c54 eeb6a1e7: added 1 entropy credits to input
[    5.689660] random 0041 0000 0000 91716c54 eeb6a1e7: add_disk_randomness(8:0) 91716c54 eeb6a1e7
[    5.689663] random 0041 0000 0000 91716c54 eeb6a1e7: add_timer_randomness(.. 8388864) with jiffies: 8006006270253040130, cycles: 8006006265958367242
[    5.689666] random 0041 0000 0000 91716c54 eeb6a1e7: added 2 entropy credits to input
[    5.694615] random 0043 0000 0000 91716c54 eeb6a1e7: add_disk_randomness(8:0) 91716c54 eeb6a1e7
[    5.694618] random 0043 0000 0000 91716c54 eeb6a1e7: add_timer_randomness(.. 8388864) with jiffies: 8050582825285157383, cycles: 8050582820990484490
[    5.694621] random 0043 0000 0000 91716c54 eeb6a1e7: added 2 entropy credits to input
[    5.702697] random 0045 0000 0000 91716c54 eeb6a1e7: add_disk_randomness(8:0) 91716c54 eeb6a1e7
[    5.702699] random 0045 0000 0000 91716c54 eeb6a1e7: add_timer_randomness(.. 8388864) with jiffies: 8123288778996154895, cycles: 8123288774701481994
[    5.702702] random 0045 0000 0000 91716c54 eeb6a1e7: added 1 entropy credits to input
[    5.702725] RANDOM get_random_int call with cycles 44841078586, jiffies 4294672911 and pid 1
[    5.702728] RANDOM get_random_int call with cycles 44841085674, jiffies 4294672911 and pid 1
[    5.702730] ASLR stack rand value: 4780032 after shift for pid: 1
[    5.702732] RANDOM get_random_int call with cycles 44841093444, jiffies 4294672911 and pid 1
[    5.714342] random 0046 0000 0000 91716c54 eeb6a1e7: add_disk_randomness(8:0) 91716c54 eeb6a1e7
[    5.714345] random 0046 0000 0000 91716c54 eeb6a1e7: add_timer_randomness(.. 8388864) with jiffies: 8228052673547174427, cycles: 8228052669252501514
[    5.714355] RANDOM get_random_int call with cycles 44865438912, jiffies 4294672923 and pid 1
[    5.714358] random 0046 0000 0000 91716c54 eeb6a1e7: rand_read_num 11 get_random_bytes(16): sig fffffcad 91716c54 eeb6a1e7
[    5.714361] random 0046 0000 0000 91716c54 eeb6a1e7: extract_entropy(.. 16 ..)
[    5.714363] random 0046 0000 0000 91716c54 eeb6a1e7: going to reseed nonblocking with 128 bits (128 of 0 requested)
[    5.714366] random 0046 0000 0000 91716c54 eeb6a1e7: extract_entropy(.. 16 ..)
[    5.714368] random 0046 0000 0000 91716c54 eeb6a1e7: trying to extract 128 bits from input
[    5.714370] random 0046 0000 0000 91716c54 eeb6a1e7: debiting 0 entropy credits from input
[    5.714372] random 0046 0000 0000 91716c54 eeb6a1e7: extract_entropy account returned: 0 
[    5.714375] random 0046 0000 0000 91716c54 eeb6a1e7: urand_change_num 47 xfer_secondary_pool(16): pool_sig fffffcad, data_sig 00000000, bytes_mixed 0 91716c54 eeb6a1e7
[    5.714378] random 0046 0000 0000 91716c54 eeb6a1e7: trying to extract 128 bits from nonblocking
[    5.714380] random 0046 0000 0000 91716c54 eeb6a1e7: debiting 128 entropy credits from nonblocking (unlimited)
[    5.714383] random 0046 0000 0000 91716c54 eeb6a1e7: extract_entropy account returned: 16 
[    5.714387] random 0046 0000 0000 91716c54 eeb6a1e7: urand_change_num 48 extract_buf: pool_sig fffffcad, data_sig ffffff19, bytes_mixed 20 91716c54 eeb6a1e7
[    5.714392] random 0046 0000 0000 fd637b06 6cf47bc1: urand_change_num 49 extract_buf: pool_sig fffffede, data_sig ffffffc1, bytes_mixed 20 fd637b06 6cf47bc1
[    5.715355] random 0046 0000 0000 fd637b06 6cf47bc1: add_disk_randomness(8:0) fd637b06 6cf47bc1
[    5.715358] random 0046 0000 0000 fd637b06 6cf47bc1: add_timer_randomness(.. 8388864) with jiffies: 8237164824622760476, cycles: 8237164820328087562
[    5.716544] random 0046 0000 0000 fd637b06 6cf47bc1: add_disk_randomness(8:0) fd637b06 6cf47bc1
[    5.716547] random 0046 0000 0000 fd637b06 6cf47bc1: add_timer_randomness(.. 8388864) with jiffies: 8247866199497212445, cycles: 8247866195202539530
[    5.717667] random 0046 0000 0000 fd637b06 6cf47bc1: add_disk_randomness(8:0) fd637b06 6cf47bc1
[    5.717670] random 0046 0000 0000 fd637b06 6cf47bc1: add_timer_randomness(.. 8388864) with jiffies: 8257974143035343390, cycles: 8257974138740670474
[    5.718534] random 0046 0000 0000 fd637b06 6cf47bc1: add_disk_randomness(8:0) fd637b06 6cf47bc1
[    5.718537] random 0046 0000 0000 fd637b06 6cf47bc1: add_timer_randomness(.. 8388864) with jiffies: 8265765488588194335, cycles: 8265765484293521418
[    5.718710] random 0046 0000 0000 fd637b06 6cf47bc1: add_disk_randomness(8:0) fd637b06 6cf47bc1
[    5.718714] random 0046 0000 0000 fd637b06 6cf47bc1: add_timer_randomness(.. 8388864) with jiffies: 8267358453303575071, cycles: 8267358449008902154
[    5.718920] random 0046 0000 0000 fd637b06 6cf47bc1: add_disk_randomness(8:0) fd637b06 6cf47bc1
[    5.718923] random 0046 0000 0000 fd637b06 6cf47bc1: add_timer_randomness(.. 8388864) with jiffies: 8269230797051626016, cycles: 8269230792756953098
[    5.729404] random 0046 0000 0000 fd637b06 6cf47bc1: add_disk_randomness(8:0) fd637b06 6cf47bc1
[    5.729407] random 0046 0000 0000 fd637b06 6cf47bc1: add_timer_randomness(.. 8388864) with jiffies: 8363560429334266410, cycles: 8363560425039593482
[    5.729410] random 0046 0000 0000 fd637b06 6cf47bc1: added 3 entropy credits to input
[    5.729840] random 0049 0000 0000 fd637b06 6cf47bc1: add_disk_randomness(8:0) fd637b06 6cf47bc1
[    5.729843] random 0049 0000 0000 fd637b06 6cf47bc1: add_timer_randomness(.. 8388864) with jiffies: 8367469541063361067, cycles: 8367469536768688138
[    5.739585] random 0049 0000 0000 fd637b06 6cf47bc1: add_disk_randomness(8:0) fd637b06 6cf47bc1
[    5.739588] random 0049 0000 0000 fd637b06 6cf47bc1: add_timer_randomness(.. 8388864) with jiffies: 8455153793787200052, cycles: 8455153789492527114
[    5.739591] random 0049 0000 0000 fd637b06 6cf47bc1: added 3 entropy credits to input
[    5.739643] RANDOM get_random_int call with cycles 44918408598, jiffies 4294672948 and pid 1
[    5.744194] random 0052 0000 0000 fd637b06 6cf47bc1: add_disk_randomness(8:0) fd637b06 6cf47bc1
[    5.744197] random 0052 0000 0000 fd637b06 6cf47bc1: add_timer_randomness(.. 8388864) with jiffies: 8496610347136549433, cycles: 8496610342841876490
[    5.744200] random 0052 0000 0000 fd637b06 6cf47bc1: added 2 entropy credits to input
[    5.757021] random 0054 0000 0000 fd637b06 6cf47bc1: add_disk_randomness(8:0) fd637b06 6cf47bc1
[    5.757024] random 0054 0000 0000 fd637b06 6cf47bc1: add_timer_randomness(.. 8388864) with jiffies: 8612004951465099846, cycles: 8612004947170426890
[    5.757027] random 0054 0000 0000 fd637b06 6cf47bc1: added 3 entropy credits to input
[    5.757162] random 0057 0000 0000 fd637b06 6cf47bc1: add_disk_randomness(8:0) fd637b06 6cf47bc1
[    5.757165] random 0057 0000 0000 fd637b06 6cf47bc1: add_timer_randomness(.. 8388864) with jiffies: 8613273036264276550, cycles: 8613273031969603594
[    5.759322] random 0057 0000 0000 fd637b06 6cf47bc1: add_disk_randomness(8:0) fd637b06 6cf47bc1
[    5.759325] random 0057 0000 0000 fd637b06 6cf47bc1: add_timer_randomness(.. 8388864) with jiffies: 8632714197139685960, cycles: 8632714192845013002
[    5.759328] random 0057 0000 0000 fd637b06 6cf47bc1: added 1 entropy credits to input
[    5.759567] random 0058 0000 0000 fd637b06 6cf47bc1: add_disk_randomness(8:0) fd637b06 6cf47bc1
[    5.759570] random 0058 0000 0000 fd637b06 6cf47bc1: add_timer_randomness(.. 8388864) with jiffies: 8634923236258972232, cycles: 8634923231964299274
[    5.759705] random 0058 0000 0000 fd637b06 6cf47bc1: add_disk_randomness(8:0) fd637b06 6cf47bc1
[    5.759708] random 0058 0000 0000 fd637b06 6cf47bc1: add_timer_randomness(.. 8388864) with jiffies: 8636161827517727304, cycles: 8636161823223054346
[    5.762877] random 0058 0000 0000 fd637b06 6cf47bc1: add_disk_randomness(8:0) fd637b06 6cf47bc1
[    5.762880] random 0058 0000 0000 fd637b06 6cf47bc1: add_timer_randomness(.. 8388864) with jiffies: 8664686139849540172, cycles: 8664686135554867210
[    5.762883] random 0058 0000 0000 fd637b06 6cf47bc1: added 2 entropy credits to input
[    5.764890] random 0060 0000 0000 fd637b06 6cf47bc1: add_disk_randomness(8:0) fd637b06 6cf47bc1
[    5.764893] random 0060 0000 0000 fd637b06 6cf47bc1: add_timer_randomness(.. 8388864) with jiffies: 8682795624639988302, cycles: 8682795620345315338
[    5.764896] random 0060 0000 0000 fd637b06 6cf47bc1: added 1 entropy credits to input
[    5.772719] random 0061 0000 0000 fd637b06 6cf47bc1: add_disk_randomness(8:0) fd637b06 6cf47bc1
[    5.772722] random 0061 0000 0000 fd637b06 6cf47bc1: add_timer_randomness(.. 8388864) with jiffies: 8753239728313827925, cycles: 8753239724019154954
[    5.772724] random 0061 0000 0000 fd637b06 6cf47bc1: added 2 entropy credits to input
[    5.772857] random 0063 0000 0000 fd637b06 6cf47bc1: add_disk_randomness(8:0) fd637b06 6cf47bc1
[    5.772860] random 0063 0000 0000 fd637b06 6cf47bc1: add_timer_randomness(.. 8388864) with jiffies: 8754472143409611350, cycles: 8754472139114938378
[    5.776416] random 0063 0000 0000 fd637b06 6cf47bc1: add_disk_randomness(8:0) fd637b06 6cf47bc1
[    5.776419] random 0063 0000 0000 fd637b06 6cf47bc1: add_timer_randomness(.. 8388864) with jiffies: 8786497167620276825, cycles: 8786497163325603850
[    5.776421] random 0063 0000 0000 fd637b06 6cf47bc1: added 1 entropy credits to input
[    5.780915] random 0064 0000 0000 fd637b06 6cf47bc1: add_disk_randomness(8:0) fd637b06 6cf47bc1
[    5.780918] random 0064 0000 0000 fd637b06 6cf47bc1: add_timer_randomness(.. 8388864) with jiffies: 8826966724600103518, cycles: 8826966720305430538
[    5.786494] random 0064 0000 0000 fd637b06 6cf47bc1: add_disk_randomness(8:0) fd637b06 6cf47bc1
[    5.786497] random 0064 0000 0000 fd637b06 6cf47bc1: add_timer_randomness(.. 8388864) with jiffies: 8877165950168433251, cycles: 8877165945873760266
[    5.792770] random 0064 0000 0000 fd637b06 6cf47bc1: add_disk_randomness(8:0) fd637b06 6cf47bc1
[    5.792773] random 0064 0000 0000 fd637b06 6cf47bc1: add_timer_randomness(.. 8388864) with jiffies: 8933635119319319145, cycles: 8933635115024646154
[    5.792787] random 0064 0000 0000 fd637b06 6cf47bc1: rand_read_num 12 get_random_bytes(16): sig 0000033b fd637b06 6cf47bc1
[    5.792793] random 0064 0000 0000 fd637b06 6cf47bc1: extract_entropy(.. 16 ..)
[    5.792795] random 0064 0000 0000 fd637b06 6cf47bc1: going to reseed nonblocking with 128 bits (128 of 0 requested)
[    5.792798] random 0064 0000 0000 fd637b06 6cf47bc1: extract_entropy(.. 16 ..)
[    5.792800] random 0064 0000 0000 fd637b06 6cf47bc1: trying to extract 128 bits from input
[    5.792802] random 0064 0000 0000 fd637b06 6cf47bc1: debiting 0 entropy credits from input
[    5.792804] random 0064 0000 0000 fd637b06 6cf47bc1: extract_entropy account returned: 0 
[    5.792807] random 0064 0000 0000 fd637b06 6cf47bc1: urand_change_num 50 xfer_secondary_pool(16): pool_sig 0000033b, data_sig 00000000, bytes_mixed 0 fd637b06 6cf47bc1
[    5.792810] random 0064 0000 0000 fd637b06 6cf47bc1: trying to extract 128 bits from nonblocking
[    5.792812] random 0064 0000 0000 fd637b06 6cf47bc1: debiting 128 entropy credits from nonblocking (unlimited)
[    5.792815] random 0064 0000 0000 fd637b06 6cf47bc1: extract_entropy account returned: 16 
[    5.792819] random 0064 0000 0000 fd637b06 6cf47bc1: urand_change_num 51 extract_buf: pool_sig 0000033b, data_sig 000000d8, bytes_mixed 20 fd637b06 6cf47bc1
[    5.792825] random 0064 0000 0000 0ec1f012 d4727ca8: urand_change_num 52 extract_buf: pool_sig fffffcf5, data_sig 00000016, bytes_mixed 20 0ec1f012 d4727ca8
[    5.799518] random 0064 0000 0000 45b1d0b1 845a73f7: add_disk_randomness(8:0) 45b1d0b1 845a73f7
[    5.799522] random 0064 0000 0000 45b1d0b1 845a73f7: add_timer_randomness(.. 8388864) with jiffies: 8994342205715612272, cycles: 8994342201420939274
[    5.806738] random 0064 0000 0000 45b1d0b1 845a73f7: add_disk_randomness(8:0) 45b1d0b1 845a73f7
[    5.806741] random 0064 0000 0000 45b1d0b1 845a73f7: add_timer_randomness(.. 8388864) with jiffies: 9059293475714597495, cycles: 9059293471419924490
[    5.812339] random 0064 0000 0000 45b1d0b1 845a73f7: add_disk_randomness(8:0) 45b1d0b1 845a73f7
[    5.812342] random 0064 0000 0000 45b1d0b1 845a73f7: add_timer_randomness(.. 8388864) with jiffies: 9109679944677163645, cycles: 9109679940382490634
[    5.824168] random 0064 0000 0000 45b1d0b1 845a73f7: add_disk_randomness(8:0) 45b1d0b1 845a73f7
[    5.824171] random 0064 0000 0000 45b1d0b1 845a73f7: add_timer_randomness(.. 8388864) with jiffies: 9216092367935472265, cycles: 9216092363640799242
[    5.824173] random 0064 0000 0000 45b1d0b1 845a73f7: added 2 entropy credits to input
[    5.827308] random 0066 0000 0000 45b1d0b1 845a73f7: add_disk_randomness(8:0) 45b1d0b1 845a73f7
[    5.827311] random 0066 0000 0000 45b1d0b1 845a73f7: add_timer_randomness(.. 8388864) with jiffies: 9244341359978709644, cycles: -9202402718025514998
[    5.827314] random 0066 0000 0000 45b1d0b1 845a73f7: added 1 entropy credits to input
[    5.841578] random 0067 0000 0000 45b1d0b1 845a73f7: add_disk_randomness(8:0) 45b1d0b1 845a73f7
[    5.841581] random 0067 0000 0000 45b1d0b1 845a73f7: add_timer_randomness(.. 8388864) with jiffies: 9372726470851134106, cycles: -9074017607153090550
[    5.841584] random 0067 0000 0000 45b1d0b1 845a73f7: added 3 entropy credits to input
[    5.846974] random 0070 0000 0000 45b1d0b1 845a73f7: add_disk_randomness(8:0) 45b1d0b1 845a73f7
[    5.846977] random 0070 0000 0000 45b1d0b1 845a73f7: add_timer_randomness(.. 8388864) with jiffies: 9421263956392772256, cycles: -9025480121611452406
[    5.846980] random 0070 0000 0000 45b1d0b1 845a73f7: added 2 entropy credits to input
[    5.852148] random 0072 0000 0000 45b1d0b1 845a73f7: add_disk_randomness(8:0) 45b1d0b1 845a73f7
[    5.852151] random 0072 0000 0000 45b1d0b1 845a73f7: add_timer_randomness(.. 8388864) with jiffies: 9467811257168659109, cycles: -8978932820835565558
[    5.860375] random 0072 0000 0000 45b1d0b1 845a73f7: add_disk_randomness(8:0) 45b1d0b1 845a73f7
[    5.860378] random 0072 0000 0000 45b1d0b1 845a73f7: add_timer_randomness(.. 8388864) with jiffies: 9541829490892309165, cycles: -8904914587111915510
[    5.860381] random 0072 0000 0000 45b1d0b1 845a73f7: added 1 entropy credits to input
[    5.869979] random 0073 0000 0000 45b1d0b1 845a73f7: add_disk_randomness(8:0) 45b1d0b1 845a73f7
[    5.869982] random 0073 0000 0000 45b1d0b1 845a73f7: add_timer_randomness(.. 8388864) with jiffies: 9628229870517191351, cycles: -8818514207487033334
[    5.889481] random 0073 0000 0000 45b1d0b1 845a73f7: add_disk_randomness(8:0) 45b1d0b1 845a73f7
[    5.889484] random 0073 0000 0000 45b1d0b1 845a73f7: add_timer_randomness(.. 8388864) with jiffies: 9803686762096853706, cycles: -8643057315907370998
[    5.889487] random 0073 0000 0000 45b1d0b1 845a73f7: added 2 entropy credits to input
[    5.902767] random 0075 0000 0000 45b1d0b1 845a73f7: add_disk_randomness(8:0) 45b1d0b1 845a73f7
[    5.902770] random 0075 0000 0000 45b1d0b1 845a73f7: add_timer_randomness(.. 8388864) with jiffies: 9923217449996223191, cycles: -8523526628008001526
[    5.902773] random 0075 0000 0000 45b1d0b1 845a73f7: added 2 entropy credits to input
[    5.910792] random 0077 0000 0000 45b1d0b1 845a73f7: add_disk_randomness(8:0) 45b1d0b1 845a73f7
[    5.910795] random 0077 0000 0000 45b1d0b1 845a73f7: add_timer_randomness(.. 8388864) with jiffies: 9995396982450651872, cycles: -8451347095553572854
[    5.910798] random 0077 0000 0000 45b1d0b1 845a73f7: added 1 entropy credits to input
[    5.920804] random 0078 0000 0000 45b1d0b1 845a73f7: add_disk_randomness(8:0) 45b1d0b1 845a73f7
[    5.920807] random 0078 0000 0000 45b1d0b1 845a73f7: add_timer_randomness(.. 8388864) with jiffies: 10085472690144772842, cycles: -8361271387859451894
[    5.933688] random 0078 0000 0000 45b1d0b1 845a73f7: add_disk_randomness(8:0) 45b1d0b1 845a73f7
[    5.933691] random 0078 0000 0000 45b1d0b1 845a73f7: add_timer_randomness(.. 8388864) with jiffies: 10201397095869154038, cycles: -8245346982135070710
[    5.941048] random 0078 0000 0000 45b1d0b1 845a73f7: add_disk_randomness(8:0) 45b1d0b1 845a73f7
[    5.941051] random 0078 0000 0000 45b1d0b1 845a73f7: add_timer_randomness(.. 8388864) with jiffies: 10267594537744171774, cycles: -8179149540260052982
[    5.941053] random 0078 0000 0000 45b1d0b1 845a73f7: added 2 entropy credits to input
[    5.946295] random 0080 0000 0000 45b1d0b1 845a73f7: add_disk_randomness(8:0) 45b1d0b1 845a73f7
[    5.946298] random 0080 0000 0000 45b1d0b1 845a73f7: add_timer_randomness(.. 8388864) with jiffies: 10314809860553409283, cycles: -8131934217450815478
[    5.952735] random 0080 0000 0000 45b1d0b1 845a73f7: add_disk_randomness(8:0) 45b1d0b1 845a73f7
[    5.952738] random 0080 0000 0000 45b1d0b1 845a73f7: add_timer_randomness(.. 8388864) with jiffies: 10372751048140620553, cycles: -8073993029863604214
[    5.957792] random 0080 0000 0000 45b1d0b1 845a73f7: add_disk_randomness(8:0) 45b1d0b1 845a73f7
[    5.957795] random 0080 0000 0000 45b1d0b1 845a73f7: add_timer_randomness(.. 8388864) with jiffies: 10418230675881296655, cycles: -8028513402122928118
[    5.963689] random 0080 0000 0000 45b1d0b1 845a73f7: add_disk_randomness(8:0) 45b1d0b1 845a73f7
[    5.963692] random 0080 0000 0000 45b1d0b1 845a73f7: add_timer_randomness(.. 8388864) with jiffies: 10471296229478990612, cycles: -7975447848525234166
[    5.973041] random 0080 0000 0000 45b1d0b1 845a73f7: add_disk_randomness(8:0) 45b1d0b1 845a73f7
[    5.973044] random 0080 0000 0000 45b1d0b1 845a73f7: add_timer_randomness(.. 8388864) with jiffies: 10555422041668551454, cycles: -7891322036335673334
[    5.973047] random 0080 0000 0000 45b1d0b1 845a73f7: added 2 entropy credits to input
[    5.977923] random 0082 0000 0000 45b1d0b1 845a73f7: add_disk_randomness(8:0) 45b1d0b1 845a73f7
[    5.977926] random 0082 0000 0000 45b1d0b1 845a73f7: add_timer_randomness(.. 8388864) with jiffies: 10599341891906143011, cycles: -7847402186098081782
[    5.977929] random 0082 0000 0000 45b1d0b1 845a73f7: added 2 entropy credits to input
[    5.985358] random 0084 0000 0000 45b1d0b1 845a73f7: add_disk_randomness(8:0) 45b1d0b1 845a73f7
[    5.985361] random 0084 0000 0000 45b1d0b1 845a73f7: add_timer_randomness(.. 8388864) with jiffies: 10666239735572955946, cycles: -7780504342431268854
[    5.985364] random 0084 0000 0000 45b1d0b1 845a73f7: added 1 entropy credits to input
[    5.991571] random 0085 0000 0000 45b1d0b1 845a73f7: add_disk_randomness(8:0) 45b1d0b1 845a73f7
[    5.991574] random 0085 0000 0000 45b1d0b1 845a73f7: add_timer_randomness(.. 8388864) with jiffies: 10722136398468186928, cycles: -7724607679536037878
[    5.991721] random 0085 0000 0000 45b1d0b1 845a73f7: add_disk_randomness(8:0) 45b1d0b1 845a73f7
[    5.991724] random 0085 0000 0000 45b1d0b1 845a73f7: add_timer_randomness(.. 8388864) with jiffies: 10723483540730381104, cycles: -7723260537273843702
[    6.006139] random 0085 0000 0000 45b1d0b1 845a73f7: add_disk_randomness(8:0) 45b1d0b1 845a73f7
[    6.006142] random 0085 0000 0000 45b1d0b1 845a73f7: add_timer_randomness(.. 8388864) with jiffies: 10853185578770072383, cycles: -7593558499234152438
[    6.006145] random 0085 0000 0000 45b1d0b1 845a73f7: added 3 entropy credits to input
[    6.013558] random 0088 0000 0000 45b1d0b1 845a73f7: add_disk_randomness(8:0) 45b1d0b1 845a73f7
[    6.013561] random 0088 0000 0000 45b1d0b1 845a73f7: add_timer_randomness(.. 8388864) with jiffies: 10919936495900656454, cycles: -7526807582103568374
[    6.013564] random 0088 0000 0000 45b1d0b1 845a73f7: added 2 entropy credits to input
[    6.023238] random 0090 0000 0000 45b1d0b1 845a73f7: add_disk_randomness(8:0) 45b1d0b1 845a73f7
[    6.023241] random 0090 0000 0000 45b1d0b1 845a73f7: add_timer_randomness(.. 8388864) with jiffies: 11007019375893644112, cycles: -7439724702110580726
[    6.023244] random 0090 0000 0000 45b1d0b1 845a73f7: added 1 entropy credits to input
[    6.033871] random 0091 0000 0000 45b1d0b1 845a73f7: add_disk_randomness(8:0) 45b1d0b1 845a73f7
[    6.033874] random 0091 0000 0000 45b1d0b1 845a73f7: add_timer_randomness(.. 8388864) with jiffies: 11102674821630886747, cycles: -7344069256373338102
[    6.046387] random 0091 0000 0000 45b1d0b1 845a73f7: add_disk_randomness(8:0) 45b1d0b1 845a73f7
[    6.046390] random 0091 0000 0000 45b1d0b1 845a73f7: add_timer_randomness(.. 8388864) with jiffies: 11215278272742654823, cycles: -7231465805261570038
[    6.047601] random 0091 0000 0000 45b1d0b1 845a73f7: add_disk_randomness(8:0) 45b1d0b1 845a73f7
[    6.047604] random 0091 0000 0000 45b1d0b1 845a73f7: add_timer_randomness(.. 8388864) with jiffies: 11226205403983086440, cycles: -7220538674021138422
[    6.051612] random 0091 0000 0000 45b1d0b1 845a73f7: add_disk_randomness(8:0) 45b1d0b1 845a73f7
[    6.051616] random 0091 0000 0000 45b1d0b1 845a73f7: add_timer_randomness(.. 8388864) with jiffies: 11262295215307457388, cycles: -7184448862696767478
[    6.051618] random 0091 0000 0000 45b1d0b1 845a73f7: added 1 entropy credits to input
[    6.060955] random 0092 0000 0000 45b1d0b1 845a73f7: add_disk_randomness(8:0) 45b1d0b1 845a73f7
[    6.060958] random 0092 0000 0000 45b1d0b1 845a73f7: add_timer_randomness(.. 8388864) with jiffies: 11346335750921356150, cycles: -7100408327082868726
[    6.060961] random 0092 0000 0000 45b1d0b1 845a73f7: added 1 entropy credits to input
[    6.061307] random 0093 0000 0000 45b1d0b1 845a73f7: add_disk_randomness(8:0) 45b1d0b1 845a73f7
[    6.061310] random 0093 0000 0000 45b1d0b1 845a73f7: add_timer_randomness(.. 8388864) with jiffies: 11349502606402356086, cycles: -7097241471601868790
[    6.076966] random 0093 0000 0000 45b1d0b1 845a73f7: add_disk_randomness(8:0) 45b1d0b1 845a73f7
[    6.076969] random 0093 0000 0000 45b1d0b1 845a73f7: add_timer_randomness(.. 8388864) with jiffies: 11490373135664644998, cycles: -6956370942339579894
[    6.076971] random 0093 0000 0000 45b1d0b1 845a73f7: added 4 entropy credits to input
[    6.078595] random 0097 0000 0000 45b1d0b1 845a73f7: add_disk_randomness(8:0) 45b1d0b1 845a73f7
[    6.078598] random 0097 0000 0000 45b1d0b1 845a73f7: add_timer_randomness(.. 8388864) with jiffies: 11505046397510189959, cycles: -6941697680494034934
[    6.078742] random 0097 0000 0000 45b1d0b1 845a73f7: add_disk_randomness(8:0) 45b1d0b1 845a73f7
[    6.078745] random 0097 0000 0000 45b1d0b1 845a73f7: add_timer_randomness(.. 8388864) with jiffies: 11506370179445261191, cycles: -6940373898558963702
[    6.089619] random 0097 0000 0000 45b1d0b1 845a73f7: add_disk_randomness(8:0) 45b1d0b1 845a73f7
[    6.089622] random 0097 0000 0000 45b1d0b1 845a73f7: add_timer_randomness(.. 8388864) with jiffies: 11604215676251374482, cycles: -6842528401752850422
[    6.089624] random 0097 0000 0000 45b1d0b1 845a73f7: added 3 entropy credits to input
[    6.090188] random 0100 0000 0000 45b1d0b1 845a73f7: add_disk_randomness(8:0) 45b1d0b1 845a73f7
[    6.090191] random 0100 0000 0000 45b1d0b1 845a73f7: add_timer_randomness(.. 8388864) with jiffies: 11609333932943442835, cycles: -6837410145060782070
[    6.095417] random 0100 0000 0000 45b1d0b1 845a73f7: add_disk_randomness(8:0) 45b1d0b1 845a73f7
[    6.095420] random 0100 0000 0000 45b1d0b1 845a73f7: add_timer_randomness(.. 8388864) with jiffies: 11656375137778500504, cycles: -6790368940225724406
[    6.095422] random 0100 0000 0000 45b1d0b1 845a73f7: added 2 entropy credits to input
[    6.097170] random 0102 0000 0000 45b1d0b1 845a73f7: add_disk_randomness(8:0) 45b1d0b1 845a73f7
[    6.097173] random 0102 0000 0000 45b1d0b1 845a73f7: add_timer_randomness(.. 8388864) with jiffies: 11672146833215030170, cycles: -6774597244789194742
[    6.097176] random 0102 0000 0000 45b1d0b1 845a73f7: added 1 entropy credits to input
[    6.107397] random 0103 0000 0000 45b1d0b1 845a73f7: add_disk_randomness(8:0) 45b1d0b1 845a73f7
[    6.107400] random 0103 0000 0000 45b1d0b1 845a73f7: add_timer_randomness(.. 8388864) with jiffies: 11764154275464971172, cycles: -6682589802539253750
[    6.107403] random 0103 0000 0000 45b1d0b1 845a73f7: added 3 entropy credits to input
[    6.121335] random 0106 0000 0000 45b1d0b1 845a73f7: add_disk_randomness(8:0) 45b1d0b1 845a73f7
[    6.121338] random 0106 0000 0000 45b1d0b1 845a73f7: add_timer_randomness(.. 8388864) with jiffies: 11889546919413515186, cycles: -6557197158590709750
[    6.121341] random 0106 0000 0000 45b1d0b1 845a73f7: added 2 entropy credits to input
[    6.133858] random 0108 0000 0000 45b1d0b1 845a73f7: add_disk_randomness(8:0) 45b1d0b1 845a73f7
[    6.133861] random 0108 0000 0000 45b1d0b1 845a73f7: add_timer_randomness(.. 8388864) with jiffies: 12002200608757744575, cycles: -6444543469246480374
[    6.139668] random 0108 0000 0000 45b1d0b1 845a73f7: add_disk_randomness(8:0) 45b1d0b1 845a73f7
