[    0.000000] random 0000 0000 0000 00000000 00000000: rand_read_num 1 get_random_bytes(8): sig 00000000 00000000 00000000
[    0.000000] random 0000 0000 0000 00000000 00000000: extract_entropy(.. 8 ..)
[    0.000000] random 0000 0000 0000 00000000 00000000: going to reseed nonblocking with 64 bits (64 of 0 requested)
[    0.000000] random 0000 0000 0000 00000000 00000000: extract_entropy(.. 8 ..)
[    0.000000] random 0000 0000 0000 00000000 00000000: trying to extract 64 bits from input
[    0.000000] random 0000 0000 0000 00000000 00000000: debiting 0 entropy credits from input
[    0.000000] random 0000 0000 0000 00000000 00000000: extract_entropy account returned: 0 
[    0.000000] random 0000 0000 0000 00000000 00000000: urand_change_num 1 xfer_secondary_pool(8): pool_sig 00000000, data_sig 00000000, bytes_mixed 0 00000000 00000000
[    0.000000] random 0000 0000 0000 00000000 00000000: trying to extract 64 bits from nonblocking
[    0.000000] random 0000 0000 0000 00000000 00000000: debiting 64 entropy credits from nonblocking (unlimited)
[    0.000000] random 0000 0000 0000 00000000 00000000: extract_entropy account returned: 8 
[    0.000000] random 0000 0000 0000 00000000 00000000: urand_change_num 2 extract_buf: pool_sig 00000000, data_sig fffffff9, bytes_mixed 20 00000000 00000000
[    0.000000] Linux version 2.6.32.57 (dcashman@dcashman-02) (gcc version 4.3.3 (GCC) ) #6 Thu May 30 09:02:12 PDT 2013
[    0.000000] KERNEL supported cpus:
[    0.000000]   Intel GenuineIntel
[    0.000000]   AMD AuthenticAMD
[    0.000000]   NSC Geode by NSC
[    0.000000]   Cyrix CyrixInstead
[    0.000000]   Centaur CentaurHauls
[    0.000000]   Transmeta GenuineTMx86
[    0.000000]   Transmeta TransmetaCPU
[    0.000000]   UMC UMC UMC UMC
[    0.000000] BIOS-provided physical RAM map:
[    0.000000]  BIOS-e820: 0000000000000000 - 000000000009d800 (usable)
[    0.000000]  BIOS-e820: 000000000009d800 - 00000000000a0000 (reserved)
[    0.000000]  BIOS-e820: 00000000000d2000 - 00000000000d4000 (reserved)
[    0.000000]  BIOS-e820: 00000000000e0000 - 0000000000100000 (reserved)
[    0.000000]  BIOS-e820: 0000000000100000 - 000000003d6b0000 (usable)
[    0.000000]  BIOS-e820: 000000003d6b0000 - 000000003d6cc000 (ACPI data)
[    0.000000]  BIOS-e820: 000000003d6cc000 - 000000003d700000 (ACPI NVS)
[    0.000000]  BIOS-e820: 000000003d700000 - 000000003e000000 (reserved)
[    0.000000]  BIOS-e820: 00000000f0000000 - 00000000f4000000 (reserved)
[    0.000000]  BIOS-e820: 00000000fec00000 - 00000000fec10000 (reserved)
[    0.000000]  BIOS-e820: 00000000fed00000 - 00000000fed00400 (reserved)
[    0.000000]  BIOS-e820: 00000000fed14000 - 00000000fed1a000 (reserved)
[    0.000000]  BIOS-e820: 00000000fed1c000 - 00000000fed90000 (reserved)
[    0.000000]  BIOS-e820: 00000000fee00000 - 00000000fee01000 (reserved)
[    0.000000]  BIOS-e820: 00000000ff000000 - 0000000100000000 (reserved)
[    0.000000] DMI present.
[    0.000000] last_pfn = 0x3d6b0 max_arch_pfn = 0x100000
[    0.000000] MTRR default type: uncachable
[    0.000000] MTRR fixed ranges enabled:
[    0.000000]   00000-9FFFF write-back
[    0.000000]   A0000-BFFFF uncachable
[    0.000000]   C0000-CFFFF write-protect
[    0.000000]   D0000-DFFFF uncachable
[    0.000000]   E0000-FFFFF write-protect
[    0.000000] MTRR variable ranges enabled:
[    0.000000]   0 base 03E000000 mask FFE000000 uncachable
[    0.000000]   1 base 000000000 mask FC0000000 write-back
[    0.000000]   2 base 03D700000 mask FFFF00000 uncachable
[    0.000000]   3 base 03D800000 mask FFF800000 uncachable
[    0.000000]   4 disabled
[    0.000000]   5 disabled
[    0.000000]   6 disabled
[    0.000000]   7 disabled
[    0.000000] initial memory mapped : 0 - 02000000
[    0.000000] init_memory_mapping: 0000000000000000-00000000377fe000
[    0.000000]  0000000000 - 0000400000 page 4k
[    0.000000]  0000400000 - 0037400000 page 2M
[    0.000000]  0037400000 - 00377fe000 page 4k
[    0.000000] kernel direct mapping tables up to 377fe000 @ 7000-c000
[    0.000000] ACPI: RSDP 000f68d0 00024 (v02 LENOVO)
[    0.000000] ACPI: XSDT 3d6bb77f 00094 (v01 LENOVO TP-7L    00002170  LTP 00000000)
[    0.000000] ACPI: FACP 3d6bb900 000F4 (v03 LENOVO TP-7L    00002170 LNVO 00000001)
[    0.000000] ACPI Warning: 32/64X length mismatch in Gpe1Block: 0/32 (20090903/tbfadt-526)
[    0.000000] ACPI Warning: Optional field Gpe1Block has zero address or length: 000000000000102C/0 (20090903/tbfadt-557)
[    0.000000] ACPI: DSDT 3d6bbd1d 0FED1 (v01 LENOVO TP-7L    00002170 MSFT 03000000)
[    0.000000] ACPI: FACS 3d6e4000 00040
[    0.000000] ACPI: SSDT 3d6bbab4 00269 (v01 LENOVO TP-7L    00002170 MSFT 03000000)
[    0.000000] ACPI: ECDT 3d6cbbee 00052 (v01 LENOVO TP-7L    00002170 LNVO 00000001)
[    0.000000] ACPI: TCPA 3d6cbc40 00032 (v02 LENOVO TP-7L    00002170 LNVO 00000001)
[    0.000000] ACPI: APIC 3d6cbc72 00068 (v01 LENOVO TP-7L    00002170 LNVO 00000001)
[    0.000000] ACPI: MCFG 3d6cbcda 0003C (v01 LENOVO TP-7L    00002170 LNVO 00000001)
[    0.000000] ACPI: HPET 3d6cbd16 00038 (v01 LENOVO TP-7L    00002170 LNVO 00000001)
[    0.000000] ACPI: SLIC 3d6cbdf0 00176 (v01 LENOVO TP-7L    00002170  LTP 00000000)
[    0.000000] ACPI: BOOT 3d6cbf66 00028 (v01 LENOVO TP-7L    00002170  LTP 00000001)
[    0.000000] ACPI: ASF! 3d6cbf8e 00072 (v16 LENOVO TP-7L    00002170 PTL  00000001)
[    0.000000] ACPI: SSDT 3d6e26d9 0025F (v01 LENOVO TP-7L    00002170 INTL 20050513)
[    0.000000] ACPI: SSDT 3d6e2938 000A6 (v01 LENOVO TP-7L    00002170 INTL 20050513)
[    0.000000] ACPI: SSDT 3d6e29de 004F7 (v01 LENOVO TP-7L    00002170 INTL 20050513)
[    0.000000] ACPI: SSDT 3d6e2ed5 001D8 (v01 LENOVO TP-7L    00002170 INTL 20050513)
[    0.000000] ACPI: DMI detected: Lenovo ThinkPad R61
[    0.000000] ACPI: Added _OSI(Linux)
[    0.000000] ACPI: Local APIC address 0xfee00000
[    0.000000] 94MB HIGHMEM available.
[    0.000000] 887MB LOWMEM available.
[    0.000000]   mapped low ram: 0 - 377fe000
[    0.000000]   low ram: 0 - 377fe000
[    0.000000]   node 0 low ram: 00000000 - 377fe000
[    0.000000]   node 0 bootmap 00008000 - 0000ef00
[    0.000000] (6 early reservations) ==> bootmem [0000000000 - 00377fe000]
[    0.000000]   #0 [0000000000 - 0000001000]   BIOS data page ==> [0000000000 - 0000001000]
[    0.000000]   #1 [0001000000 - 0001bdc180]    TEXT DATA BSS ==> [0001000000 - 0001bdc180]
[    0.000000]   #2 [000009d800 - 0000100000]    BIOS reserved ==> [000009d800 - 0000100000]
[    0.000000]   #3 [0001bdd000 - 0001be516c]              BRK ==> [0001bdd000 - 0001be516c]
[    0.000000]   #4 [0000007000 - 0000008000]          PGTABLE ==> [0000007000 - 0000008000]
[    0.000000]   #5 [0000008000 - 000000f000]          BOOTMAP ==> [0000008000 - 000000f000]
[    0.000000] found SMP MP-table at [c00f6900] f6900
[    0.000000] Zone PFN ranges:
[    0.000000]   DMA      0x00000000 -> 0x00001000
[    0.000000]   Normal   0x00001000 -> 0x000377fe
[    0.000000]   HighMem  0x000377fe -> 0x0003d6b0
[    0.000000] Movable zone start PFN for each node
[    0.000000] early_node_map[2] active PFN ranges
[    0.000000]     0: 0x00000000 -> 0x0000009d
[    0.000000]     0: 0x00000100 -> 0x0003d6b0
[    0.000000] On node 0 totalpages: 251469
[    0.000000] free_area_init_node: node 0, pgdat c1901ea0, node_mem_map c1be7000
[    0.000000]   DMA zone: 32 pages used for memmap
[    0.000000]   DMA zone: 0 pages reserved
[    0.000000]   DMA zone: 3965 pages, LIFO batch:0
[    0.000000]   Normal zone: 1744 pages used for memmap
[    0.000000]   Normal zone: 221486 pages, LIFO batch:31
[    0.000000]   HighMem zone: 190 pages used for memmap
[    0.000000]   HighMem zone: 24052 pages, LIFO batch:3
[    0.000000] Using APIC driver default
[    0.000000] ACPI: PM-Timer IO Port: 0x1008
[    0.000000] ACPI: Local APIC address 0xfee00000
[    0.000000] ACPI: LAPIC (acpi_id[0x00] lapic_id[0x00] enabled)
[    0.000000] ACPI: LAPIC (acpi_id[0x01] lapic_id[0x01] enabled)
[    0.000000] ACPI: NR_CPUS/possible_cpus limit of 1 reached.  Processor 1/0x1 ignored.
[    0.000000] ACPI: LAPIC_NMI (acpi_id[0x00] high edge lint[0x1])
[    0.000000] ACPI: LAPIC_NMI (acpi_id[0x01] high edge lint[0x1])
[    0.000000] ACPI: IOAPIC (id[0x01] address[0xfec00000] gsi_base[0])
[    0.000000] IOAPIC[0]: apic_id 1, version 32, address 0xfec00000, GSI 0-23
[    0.000000] ACPI: INT_SRC_OVR (bus 0 bus_irq 0 global_irq 2 dfl dfl)
[    0.000000] ACPI: INT_SRC_OVR (bus 0 bus_irq 9 global_irq 9 high level)
[    0.000000] ACPI: IRQ0 used by override.
[    0.000000] ACPI: IRQ2 used by override.
[    0.000000] ACPI: IRQ9 used by override.
[    0.000000] Using ACPI (MADT) for SMP configuration information
[    0.000000] ACPI: HPET id: 0x8086a201 base: 0xfed00000
[    0.000000] nr_irqs_gsi: 24
[    0.000000] PM: Registered nosave memory: 000000000009d000 - 000000000009e000
[    0.000000] PM: Registered nosave memory: 000000000009e000 - 00000000000a0000
[    0.000000] PM: Registered nosave memory: 00000000000a0000 - 00000000000d2000
[    0.000000] PM: Registered nosave memory: 00000000000d2000 - 00000000000d4000
[    0.000000] PM: Registered nosave memory: 00000000000d4000 - 00000000000e0000
[    0.000000] PM: Registered nosave memory: 00000000000e0000 - 0000000000100000
[    0.000000] Allocating PCI resources starting at 3e000000 (gap: 3e000000:b2000000)
[    0.000000] Built 1 zonelists in Zone order, mobility grouping on.  Total pages: 249503
[    0.000000] Kernel command line: auto BOOT_IMAGE=Linux ro root=802 vt.default_utf8=0 maxcpus=0
[    0.000000] PID hash table entries: 4096 (order: 2, 16384 bytes)
[    0.000000] Dentry cache hash table entries: 131072 (order: 7, 524288 bytes)
[    0.000000] Inode-cache hash table entries: 65536 (order: 6, 262144 bytes)
[    0.000000] Enabling fast FPU save and restore... done.
[    0.000000] Enabling unmasked SIMD FPU exception support... done.
[    0.000000] Initializing CPU#0
[    0.000000] Initializing HighMem for node 0 (000377fe:0003d6b0)
[    0.000000] Memory: 984800k/1006272k available (6915k kernel code, 20876k reserved, 2327k data, 448k init, 96968k highmem)
[    0.000000] virtual kernel memory layout:
[    0.000000]     fixmap  : 0xfffa3000 - 0xfffff000   ( 368 kB)
[    0.000000]     pkmap   : 0xff800000 - 0xffc00000   (4096 kB)
[    0.000000]     vmalloc : 0xf7ffe000 - 0xff7fe000   ( 120 MB)
[    0.000000]     lowmem  : 0xc0000000 - 0xf77fe000   ( 887 MB)
[    0.000000]       .init : 0xc1907000 - 0xc1977000   ( 448 kB)
[    0.000000]       .data : 0xc16c0d3f - 0xc1906c64   (2327 kB)
[    0.000000]       .text : 0xc1000000 - 0xc16c0d3f   (6915 kB)
[    0.000000] Checking if this processor honours the WP bit even in supervisor mode...Ok.
[    0.000000] SLUB: Genslabs=13, HWalign=64, Order=0-3, MinObjects=0, CPUs=1, Nodes=1
[    0.000000] Hierarchical RCU implementation.
[    0.000000] NR_IRQS:288
[    0.000000] Extended CMOS year: 2000
[    0.000000] Console: colour VGA+ 80x25
[    0.000000] console [tty0] enabled
[    0.000000] hpet clockevent registered
[    0.000000] Fast TSC calibration using PIT
[    0.000000] Detected 2095.204 MHz processor.
[    0.001002] Calibrating delay loop (skipped), value calculated using timer frequency.. 4190.40 BogoMIPS (lpj=2095204)
[    0.001168] Security Framework initialized
[    0.001249] Mount-cache hash table entries: 512
[    0.001398] CPU: L1 I cache: 32K, L1 D cache: 32K
[    0.001519] CPU: L2 cache: 3072K
[    0.001602] mce: CPU supports 6 MCE banks
[    0.001684] CPU0: Thermal monitoring enabled (TM2)
[    0.001768] using mwait in idle threads.
[    0.002005] CPU: Intel(R) Core(TM)2 Duo CPU     T8100  @ 2.10GHz stepping 06
[    0.002177] Checking 'hlt' instruction... OK.
[    0.006941] ACPI: Core revision 20090903
[    0.026013] RANDOM get_random_int first call with cycles 32577646363, jiffies 4294667322 and pid 0
[    0.026020] CANARY value: f16c86c4 for PID: 1
[    0.026027] CANARY value: 53264e6c for PID: 2
[    0.026050] Enabling APIC mode:  Flat.  Using 1 I/O APICs
[    0.027364] ..TIMER: vector=0x30 apic1=0 pin1=2 apic2=-1 pin2=-1
[    0.037997] xor: automatically using best checksumming function: pIII_sse
[    0.041998]    pIII_sse  :  8568.000 MB/sec
[    0.042081] xor: using function: pIII_sse (8568.000 MB/sec)
[    0.042168] RANDOM - __seed init called.
[    0.042169] RANDOM - __seed init called.
[    0.042170] RANDOM - __seed init called.
[    0.042172] RANDOM - __random32 called. Change num 1.  Value: f7943846	49e73df3	af36cd0d
[    0.042173] RANDOM - __random32 called. Change num 2.  Value: 43846e13	9e73df37	9a1ad014
[    0.042175] RANDOM - __random32 called. Change num 3.  Value: 46e139c8	e73df373	a029598a
[    0.042177] RANDOM - __random32 called. Change num 4.  Value: 139c8c3b	73df373d	b3142c72
[    0.042179] RANDOM - __random32 called. Change num 5.  Value: c8c3b043	3df373de	58e576a9
[    0.042180] RANDOM - __random32 called. Change num 6.  Value: 3b0437d9	df373de5	ed53f9d8
[    0.042182] RANDOM - random32 init called.  Value: 3b0437d9	df373de5	ed53f9d8
[    0.042199] NET: Registered protocol family 16
[    0.042464] ACPI FADT declares the system doesn't support PCIe ASPM, so disable it
[    0.042576] ACPI: bus type pci registered
[    0.042738] PCI: MCFG configuration 0: base f0000000 segment 0 buses 0 - 63
[    0.042829] PCI: MCFG area at f0000000 reserved in E820
[    0.042909] PCI: Using MMCONFIG for extended config space
[    0.042993] PCI: Using configuration type 1 for base access
[    0.046096] bio: create slab <bio-0> at 0
[    0.046903] ACPI: EC: EC description table is found, configuring boot EC
[    0.052055] ACPI: BIOS _OSI(Linux) query honored via DMI
[    0.052777] random 0000 0000 0000 00000000 00000000: rand_read_num 2 get_random_bytes(8): sig fffffe1a 00000000 00000000
[    0.052779] random 0000 0000 0000 00000000 00000000: extract_entropy(.. 8 ..)
[    0.052782] random 0000 0000 0000 00000000 00000000: going to reseed nonblocking with 64 bits (64 of 0 requested)
[    0.052784] random 0000 0000 0000 00000000 00000000: extract_entropy(.. 8 ..)
[    0.052786] random 0000 0000 0000 00000000 00000000: trying to extract 64 bits from input
[    0.052789] random 0000 0000 0000 00000000 00000000: debiting 0 entropy credits from input
[    0.052791] random 0000 0000 0000 00000000 00000000: extract_entropy account returned: 0 
[    0.052820] random 0000 0000 0000 00000000 00000000: urand_change_num 3 xfer_secondary_pool(8): pool_sig fffffe1a, data_sig 00000000, bytes_mixed 0 00000000 00000000
[    0.052823] random 0000 0000 0000 00000000 00000000: trying to extract 64 bits from nonblocking
[    0.052826] random 0000 0000 0000 00000000 00000000: debiting 64 entropy credits from nonblocking (unlimited)
[    0.052828] random 0000 0000 0000 00000000 00000000: extract_entropy account returned: 8 
[    0.052832] random 0000 0000 0000 00000000 00000000: urand_change_num 4 extract_buf: pool_sig fffffe1a, data_sig fffffed7, bytes_mixed 20 00000000 00000000
[    0.058610] ACPI: Interpreter enabled
[    0.058700] ACPI: (supports S0 S3 S4 S5)
[    0.058990] ACPI: Using IOAPIC for interrupt routing
[    0.068537] ACPI: EC: GPE = 0x12, I/O: command/status = 0x66, data = 0x62
[    0.068801] ACPI: Power Resource [PUBS] (on)
[    0.070899] ACPI: ACPI Dock Station Driver: 3 docks/bays found
[    0.071322] ACPI: PCI Root Bridge [PCI0] (0000:00)
[    0.071484] pci 0000:00:02.0: reg 10 64bit mmio: [0xf8100000-0xf81fffff]
[    0.071490] pci 0000:00:02.0: reg 18 64bit mmio pref: [0xe0000000-0xefffffff]
[    0.071494] pci 0000:00:02.0: reg 20 io port: [0x1800-0x1807]
[    0.071528] pci 0000:00:02.1: reg 10 64bit mmio: [0xf8200000-0xf82fffff]
[    0.071630] pci 0000:00:19.0: reg 10 32bit mmio: [0xfe000000-0xfe01ffff]
[    0.071640] pci 0000:00:19.0: reg 14 32bit mmio: [0xfe025000-0xfe025fff]
[    0.071649] pci 0000:00:19.0: reg 18 io port: [0x1840-0x185f]
[    0.071715] pci 0000:00:19.0: PME# supported from D0 D3hot D3cold
[    0.071814] pci 0000:00:19.0: PME# disabled
[    0.071952] pci 0000:00:1a.0: reg 20 io port: [0x1860-0x187f]
[    0.072031] pci 0000:00:1a.1: reg 20 io port: [0x1880-0x189f]
[    0.072119] pci 0000:00:1a.7: reg 10 32bit mmio: [0xfe226c00-0xfe226fff]
[    0.072210] pci 0000:00:1a.7: PME# supported from D0 D3hot D3cold
[    0.072297] pci 0000:00:1a.7: PME# disabled
[    0.072433] pci 0000:00:1b.0: reg 10 64bit mmio: [0xfe020000-0xfe023fff]
[    0.072515] pci 0000:00:1b.0: PME# supported from D0 D3hot D3cold
[    0.072610] pci 0000:00:1b.0: PME# disabled
[    0.072815] pci 0000:00:1c.0: PME# supported from D0 D3hot D3cold
[    0.072899] pci 0000:00:1c.0: PME# disabled
[    0.073106] pci 0000:00:1c.1: PME# supported from D0 D3hot D3cold
[    0.073195] pci 0000:00:1c.1: PME# disabled
[    0.073381] pci 0000:00:1c.2: PME# supported from D0 D3hot D3cold
[    0.073468] pci 0000:00:1c.2: PME# disabled
[    0.073670] pci 0000:00:1c.3: PME# supported from D0 D3hot D3cold
[    0.073761] pci 0000:00:1c.3: PME# disabled
[    0.074114] pci 0000:00:1c.4: PME# supported from D0 D3hot D3cold
[    0.074206] pci 0000:00:1c.4: PME# disabled
[    0.074362] pci 0000:00:1d.0: reg 20 io port: [0x18a0-0x18bf]
[    0.074443] pci 0000:00:1d.1: reg 20 io port: [0x18c0-0x18df]
[    0.075031] pci 0000:00:1d.2: reg 20 io port: [0x18e0-0x18ff]
[    0.075119] pci 0000:00:1d.7: reg 10 32bit mmio: [0xfe227000-0xfe2273ff]
[    0.075214] pci 0000:00:1d.7: PME# supported from D0 D3hot D3cold
[    0.075299] pci 0000:00:1d.7: PME# disabled
[    0.075584] pci 0000:00:1f.0: quirk: region 1000-107f claimed by ICH6 ACPI/GPIO/TCO
[    0.075701] pci 0000:00:1f.0: quirk: region 1180-11bf claimed by ICH6 GPIO
[    0.075796] pci 0000:00:1f.0: ICH7 LPC Generic IO decode 1 PIO at 1600 (mask 007f)
[    0.075907] pci 0000:00:1f.0: ICH7 LPC Generic IO decode 2 PIO at 15e0 (mask 000f)
[    0.075998] pci 0000:00:1f.0: ICH7 LPC Generic IO decode 3 PIO at 1680 (mask 001f)
[    0.076201] pci 0000:00:1f.1: reg 10 io port: [0x00-0x07]
[    0.076210] pci 0000:00:1f.1: reg 14 io port: [0x00-0x03]
[    0.076222] pci 0000:00:1f.1: reg 18 io port: [0x00-0x07]
[    0.076231] pci 0000:00:1f.1: reg 1c io port: [0x00-0x03]
[    0.076238] pci 0000:00:1f.1: reg 20 io port: [0x1c00-0x1c0f]
[    0.076318] pci 0000:00:1f.2: reg 10 io port: [0x1c50-0x1c57]
[    0.076327] pci 0000:00:1f.2: reg 14 io port: [0x1c44-0x1c47]
[    0.076334] pci 0000:00:1f.2: reg 18 io port: [0x1c48-0x1c4f]
[    0.076342] pci 0000:00:1f.2: reg 1c io port: [0x1c40-0x1c43]
[    0.076351] pci 0000:00:1f.2: reg 20 io port: [0x1c20-0x1c3f]
[    0.076360] pci 0000:00:1f.2: reg 24 32bit mmio: [0xfe226000-0xfe2267ff]
[    0.076425] pci 0000:00:1f.2: PME# supported from D3hot
[    0.076511] pci 0000:00:1f.2: PME# disabled
[    0.076631] pci 0000:00:1f.3: reg 10 32bit mmio: [0xfe227400-0xfe2274ff]
[    0.076656] pci 0000:00:1f.3: reg 20 io port: [0x1c60-0x1c7f]
[    0.076742] pci 0000:00:1c.0: bridge io port: [0x2000-0x2fff]
[    0.076749] pci 0000:00:1c.0: bridge 32bit mmio: [0xfc000000-0xfdffffff]
[    0.076758] pci 0000:00:1c.0: bridge 64bit mmio pref: [0xf8000000-0xf80fffff]
[    0.076830] pci 0000:03:00.0: reg 10 64bit mmio: [0xdf3f0000-0xdf3fffff]
[    0.077055] pci 0000:00:1c.1: bridge io port: [0x3000-0x3fff]
[    0.077062] pci 0000:00:1c.1: bridge 32bit mmio: [0xdc000000-0xdf3fffff]
[    0.077070] pci 0000:00:1c.1: bridge 64bit mmio pref: [0xdfe00000-0xdfefffff]
[    0.077131] pci 0000:00:1c.2: bridge io port: [0x4000-0x4fff]
[    0.077138] pci 0000:00:1c.2: bridge 32bit mmio: [0xd8000000-0xd9ffffff]
[    0.077147] pci 0000:00:1c.2: bridge 64bit mmio pref: [0xdfb00000-0xdfbfffff]
[    0.077201] pci 0000:00:1c.3: bridge io port: [0x5000-0x5fff]
[    0.077207] pci 0000:00:1c.3: bridge 32bit mmio: [0xd4000000-0xd5ffffff]
[    0.077215] pci 0000:00:1c.3: bridge 64bit mmio pref: [0xdf800000-0xdf8fffff]
[    0.077273] pci 0000:00:1c.4: bridge io port: [0x6000-0x6fff]
[    0.077278] pci 0000:00:1c.4: bridge 32bit mmio: [0xd0000000-0xd1ffffff]
[    0.077285] pci 0000:00:1c.4: bridge 64bit mmio pref: [0xdf500000-0xdf5fffff]
[    0.077347] pci 0000:15:00.0: reg 10 32bit mmio: [0xf8300000-0xf8300fff]
[    0.077395] pci 0000:15:00.0: supports D1 D2
[    0.077397] pci 0000:15:00.0: PME# supported from D0 D1 D2 D3hot D3cold
[    0.077489] pci 0000:15:00.0: PME# disabled
[    0.077625] pci 0000:15:00.1: reg 10 32bit mmio: [0xf8301000-0xf83017ff]
[    0.077720] pci 0000:15:00.1: supports D1 D2
[    0.077721] pci 0000:15:00.1: PME# supported from D0 D1 D2 D3hot D3cold
[    0.077816] pci 0000:15:00.1: PME# disabled
[    0.078002] pci 0000:00:1e.0: transparent bridge
[    0.078100] pci 0000:00:1e.0: bridge io port: [0x7000-0xafff]
[    0.078106] pci 0000:00:1e.0: bridge 32bit mmio: [0xf8300000-0xfbffffff]
[    0.078115] pci 0000:00:1e.0: bridge 64bit mmio pref: [0xf4000000-0xf7ffffff]
[    0.078179] pci_bus 0000:00: on NUMA node 0
[    0.078183] ACPI: PCI Interrupt Routing Table [\_SB_.PCI0._PRT]
[    0.078316] ACPI: PCI Interrupt Routing Table [\_SB_.PCI0.EXP0._PRT]
[    0.078375] ACPI: PCI Interrupt Routing Table [\_SB_.PCI0.EXP1._PRT]
[    0.078434] ACPI: PCI Interrupt Routing Table [\_SB_.PCI0.EXP2._PRT]
[    0.078492] ACPI: PCI Interrupt Routing Table [\_SB_.PCI0.EXP3._PRT]
[    0.078555] ACPI: PCI Interrupt Routing Table [\_SB_.PCI0.EXP4._PRT]
[    0.078617] ACPI: PCI Interrupt Routing Table [\_SB_.PCI0.PCI1._PRT]
[    0.084092] ACPI: PCI Interrupt Link [LNKA] (IRQs 3 4 5 6 7 9 *10 11)
[    0.084796] ACPI: PCI Interrupt Link [LNKB] (IRQs 3 4 5 6 7 9 10 *11)
[    0.085512] ACPI: PCI Interrupt Link [LNKC] (IRQs 3 4 5 6 7 9 10 *11)
[    0.086158] ACPI: PCI Interrupt Link [LNKD] (IRQs 3 4 5 6 7 9 10 *11)
[    0.086857] ACPI: PCI Interrupt Link [LNKE] (IRQs 3 4 5 6 7 9 10 *11)
[    0.087629] ACPI: PCI Interrupt Link [LNKF] (IRQs 3 4 5 6 7 9 10 *11)
[    0.088374] ACPI: PCI Interrupt Link [LNKG] (IRQs 3 4 5 6 7 9 10 *11)
[    0.089122] ACPI: PCI Interrupt Link [LNKH] (IRQs 3 4 5 6 7 9 10 *11)
[    0.089816] vgaarb: device added: PCI:0000:00:02.0,decodes=io+mem,owns=io+mem,locks=none
[    0.089933] vgaarb: loaded
[    0.090090] SCSI subsystem initialized
[    0.090180] libata version 3.00 loaded.
[    0.090229] usbcore: registered new interface driver usbfs
[    0.090354] usbcore: registered new interface driver hub
[    0.090456] usbcore: registered new device driver usb
[    0.107041] raid6: int32x1    941 MB/s
[    0.124057] raid6: int32x2    890 MB/s
[    0.141067] raid6: int32x4    750 MB/s
[    0.157989] raid6: int32x8    656 MB/s
[    0.174998] raid6: mmxx1     2882 MB/s
[    0.191987] raid6: mmxx2     3253 MB/s
[    0.209002] raid6: sse1x1    1937 MB/s
[    0.225991] raid6: sse1x2    2535 MB/s
[    0.242979] raid6: sse2x1    3500 MB/s
[    0.259979] raid6: sse2x2    3828 MB/s
[    0.260057] raid6: using algorithm sse2x2 (3828 MB/s)
[    0.260141] PCI: Using ACPI for IRQ routing
[    0.260451] HPET: 3 timers in total, 0 timers will be used for per-cpu timer
[    0.260990] Switching to clocksource tsc
[    0.261089] pnp: PnP ACPI init
[    0.261178] ACPI: bus type pnp registered
[    0.264817] pnp: PnP ACPI: found 11 devices
[    0.264921] ACPI: ACPI bus type pnp unregistered
[    0.265016] system 00:00: iomem range 0x0-0x9ffff could not be reserved
[    0.265113] system 00:00: iomem range 0xc0000-0xc3fff could not be reserved
[    0.265206] system 00:00: iomem range 0xc4000-0xc7fff could not be reserved
[    0.265295] system 00:00: iomem range 0xc8000-0xcbfff has been reserved
[    0.265377] system 00:00: iomem range 0xcc000-0xcffff has been reserved
[    0.265462] system 00:00: iomem range 0xd0000-0xd3fff could not be reserved
[    0.265544] system 00:00: iomem range 0xe0000-0xe3fff could not be reserved
[    0.265631] system 00:00: iomem range 0xe4000-0xe7fff could not be reserved
[    0.265714] system 00:00: iomem range 0xe8000-0xebfff could not be reserved
[    0.265798] system 00:00: iomem range 0xec000-0xeffff could not be reserved
[    0.265883] system 00:00: iomem range 0xf0000-0xfffff could not be reserved
[    0.265967] system 00:00: iomem range 0x100000-0x3dffffff could not be reserved
[    0.266081] system 00:00: iomem range 0xfec00000-0xfed3ffff could not be reserved
[    0.266192] system 00:00: iomem range 0xfed4c000-0xffffffff could not be reserved
[    0.266308] system 00:02: ioport range 0x164e-0x164f has been reserved
[    0.266388] system 00:02: ioport range 0x1000-0x107f has been reserved
[    0.266479] system 00:02: ioport range 0x1180-0x11bf has been reserved
[    0.266560] system 00:02: ioport range 0x800-0x80f has been reserved
[    0.266652] system 00:02: ioport range 0x15e0-0x15ef has been reserved
[    0.266735] system 00:02: ioport range 0x1600-0x165f could not be reserved
[    0.266819] system 00:02: iomem range 0xf0000000-0xf3ffffff has been reserved
[    0.266909] system 00:02: iomem range 0xfed1c000-0xfed1ffff has been reserved
[    0.267000] system 00:02: iomem range 0xfed14000-0xfed17fff has been reserved
[    0.267087] system 00:02: iomem range 0xfed18000-0xfed18fff has been reserved
[    0.267185] system 00:02: iomem range 0xfed19000-0xfed19fff has been reserved
[    0.267280] system 00:02: iomem range 0xfed45000-0xfed4bfff has been reserved
[    0.302311] pci 0000:00:1c.0: PCI bridge, secondary bus 0000:02
[    0.302402] pci 0000:00:1c.0:   IO window: 0x2000-0x2fff
[    0.302498] pci 0000:00:1c.0:   MEM window: 0xfc000000-0xfdffffff
[    0.302591] pci 0000:00:1c.0:   PREFETCH window: 0x000000f8000000-0x000000f80fffff
[    0.302709] pci 0000:00:1c.1: PCI bridge, secondary bus 0000:03
[    0.302798] pci 0000:00:1c.1:   IO window: 0x3000-0x3fff
[    0.302889] pci 0000:00:1c.1:   MEM window: 0xdc000000-0xdf3fffff
[    0.302975] pci 0000:00:1c.1:   PREFETCH window: 0x000000dfe00000-0x000000dfefffff
[    0.303098] pci 0000:00:1c.2: PCI bridge, secondary bus 0000:04
[    0.303188] pci 0000:00:1c.2:   IO window: 0x4000-0x4fff
[    0.303272] pci 0000:00:1c.2:   MEM window: 0xd8000000-0xd9ffffff
[    0.303355] pci 0000:00:1c.2:   PREFETCH window: 0x000000dfb00000-0x000000dfbfffff
[    0.303478] pci 0000:00:1c.3: PCI bridge, secondary bus 0000:05
[    0.303567] pci 0000:00:1c.3:   IO window: 0x5000-0x5fff
[    0.303657] pci 0000:00:1c.3:   MEM window: 0xd4000000-0xd5ffffff
[    0.303741] pci 0000:00:1c.3:   PREFETCH window: 0x000000df800000-0x000000df8fffff
[    0.303863] pci 0000:00:1c.4: PCI bridge, secondary bus 0000:0d
[    0.303952] pci 0000:00:1c.4:   IO window: 0x6000-0x6fff
[    0.304043] pci 0000:00:1c.4:   MEM window: 0xd0000000-0xd1ffffff
[    0.304133] pci 0000:00:1c.4:   PREFETCH window: 0x000000df500000-0x000000df5fffff
[    0.304264] pci 0000:15:00.0: CardBus bridge, secondary bus 0000:16
[    0.304353] pci 0000:15:00.0:   IO window: 0x007000-0x0070ff
[    0.304441] pci 0000:15:00.0:   IO window: 0x007400-0x0074ff
[    0.304538] pci 0000:15:00.0:   PREFETCH window: 0xf4000000-0xf7ffffff
[    0.304624] pci 0000:15:00.0:   MEM window: 0x40000000-0x43ffffff
[    0.304708] pci 0000:00:1e.0: PCI bridge, secondary bus 0000:15
[    0.304798] pci 0000:00:1e.0:   IO window: 0x7000-0xafff
[    0.304891] pci 0000:00:1e.0:   MEM window: 0xf8300000-0xfbffffff
[    0.304979] pci 0000:00:1e.0:   PREFETCH window: 0x000000f4000000-0x000000f7ffffff
[    0.305113] pci 0000:00:1c.0: PCI INT A -> GSI 20 (level, low) -> IRQ 20
[    0.305200] pci 0000:00:1c.0: setting latency timer to 64
[    0.305211] pci 0000:00:1c.1: PCI INT B -> GSI 21 (level, low) -> IRQ 21
[    0.305295] pci 0000:00:1c.1: setting latency timer to 64
[    0.305309] pci 0000:00:1c.2: PCI INT C -> GSI 22 (level, low) -> IRQ 22
[    0.305394] pci 0000:00:1c.2: setting latency timer to 64
[    0.305407] pci 0000:00:1c.3: PCI INT D -> GSI 23 (level, low) -> IRQ 23
[    0.305497] pci 0000:00:1c.3: setting latency timer to 64
[    0.305508] pci 0000:00:1c.4: PCI INT A -> GSI 20 (level, low) -> IRQ 20
[    0.305591] pci 0000:00:1c.4: setting latency timer to 64
[    0.305600] pci 0000:00:1e.0: enabling device (0005 -> 0007)
[    0.305692] pci 0000:00:1e.0: setting latency timer to 64
[    0.305706] pci 0000:15:00.0: PCI INT A -> GSI 16 (level, low) -> IRQ 16
[    0.305799] pci 0000:15:00.0: setting latency timer to 64
[    0.305803] pci_bus 0000:00: resource 0 io:  [0x00-0xffff]
[    0.305805] pci_bus 0000:00: resource 1 mem: [0x000000-0xffffffff]
[    0.305807] pci_bus 0000:02: resource 0 io:  [0x2000-0x2fff]
[    0.305809] pci_bus 0000:02: resource 1 mem: [0xfc000000-0xfdffffff]
[    0.305811] pci_bus 0000:02: resource 2 pref mem [0xf8000000-0xf80fffff]
[    0.305812] pci_bus 0000:03: resource 0 io:  [0x3000-0x3fff]
[    0.305814] pci_bus 0000:03: resource 1 mem: [0xdc000000-0xdf3fffff]
[    0.305816] pci_bus 0000:03: resource 2 pref mem [0xdfe00000-0xdfefffff]
[    0.305818] pci_bus 0000:04: resource 0 io:  [0x4000-0x4fff]
[    0.305820] pci_bus 0000:04: resource 1 mem: [0xd8000000-0xd9ffffff]
[    0.305822] pci_bus 0000:04: resource 2 pref mem [0xdfb00000-0xdfbfffff]
[    0.305824] pci_bus 0000:05: resource 0 io:  [0x5000-0x5fff]
[    0.305826] pci_bus 0000:05: resource 1 mem: [0xd4000000-0xd5ffffff]
[    0.305827] pci_bus 0000:05: resource 2 pref mem [0xdf800000-0xdf8fffff]
[    0.305829] pci_bus 0000:0d: resource 0 io:  [0x6000-0x6fff]
[    0.305831] pci_bus 0000:0d: resource 1 mem: [0xd0000000-0xd1ffffff]
[    0.305833] pci_bus 0000:0d: resource 2 pref mem [0xdf500000-0xdf5fffff]
[    0.305835] pci_bus 0000:15: resource 0 io:  [0x7000-0xafff]
[    0.305837] pci_bus 0000:15: resource 1 mem: [0xf8300000-0xfbffffff]
[    0.305838] pci_bus 0000:15: resource 2 pref mem [0xf4000000-0xf7ffffff]
[    0.305840] pci_bus 0000:15: resource 3 io:  [0x00-0xffff]
[    0.305842] pci_bus 0000:15: resource 4 mem: [0x000000-0xffffffff]
[    0.305844] pci_bus 0000:16: resource 0 io:  [0x7000-0x70ff]
[    0.305846] pci_bus 0000:16: resource 1 io:  [0x7400-0x74ff]
[    0.305850] pci_bus 0000:16: resource 2 pref mem [0xf4000000-0xf7ffffff]
[    0.305852] pci_bus 0000:16: resource 3 mem: [0x40000000-0x43ffffff]
[    0.305860] NET: Registered protocol family 2
[    0.305942] RANDOM - __random32 called. Change num 7.  Value: 437d97bf	f373de51	f3b0f986
[    0.305943] RANDOM - random32 called.  Value: 437d97bf	f373de51	f3b0f986
[    0.305948] random 0000 0000 0000 5f8db4e5 4cfdf2a8: rand_read_num 3 get_random_bytes(4): sig fffffb64 5f8db4e5 4cfdf2a8
[    0.305950] random 0000 0000 0000 5f8db4e5 4cfdf2a8: extract_entropy(.. 4 ..)
[    0.305953] random 0000 0000 0000 5f8db4e5 4cfdf2a8: going to reseed nonblocking with 64 bits (32 of 0 requested)
[    0.305955] random 0000 0000 0000 5f8db4e5 4cfdf2a8: extract_entropy(.. 8 ..)
[    0.305957] random 0000 0000 0000 5f8db4e5 4cfdf2a8: trying to extract 64 bits from input
[    0.305959] random 0000 0000 0000 5f8db4e5 4cfdf2a8: debiting 0 entropy credits from input
[    0.305961] random 0000 0000 0000 5f8db4e5 4cfdf2a8: extract_entropy account returned: 0 
[    0.305964] random 0000 0000 0000 5f8db4e5 4cfdf2a8: urand_change_num 5 xfer_secondary_pool(4): pool_sig fffffb64, data_sig 00000000, bytes_mixed 0 5f8db4e5 4cfdf2a8
[    0.305967] random 0000 0000 0000 5f8db4e5 4cfdf2a8: trying to extract 32 bits from nonblocking
[    0.305970] random 0000 0000 0000 5f8db4e5 4cfdf2a8: debiting 32 entropy credits from nonblocking (unlimited)
[    0.305972] random 0000 0000 0000 5f8db4e5 4cfdf2a8: extract_entropy account returned: 4 
[    0.305976] random 0000 0000 0000 5f8db4e5 4cfdf2a8: urand_change_num 6 extract_buf: pool_sig fffffb64, data_sig 00000241, bytes_mixed 20 5f8db4e5 4cfdf2a8
[    0.305985] IP route cache hash table entries: 32768 (order: 5, 131072 bytes)
[    0.306117] RANDOM - __random32 called. Change num 8.  Value: d97bfe31	373de51f	f30dc6e6
[    0.306119] RANDOM - random32 called.  Value: d97bfe31	373de51f	f30dc6e6
[    0.306129] RANDOM - __random32 called. Change num 9.  Value: bfe314d7	73de51f5	8dcd6c7e
[    0.306131] RANDOM - random32 called.  Value: bfe314d7	73de51f5	8dcd6c7e
[    0.306133] RANDOM - __random32 called. Change num 10.  Value: 314d7baf	3de51f5e	d8fc74c1
[    0.306135] RANDOM - random32 called.  Value: 314d7baf	3de51f5e	d8fc74c1
[    0.306145] RANDOM - __random32 called. Change num 11.  Value: d7baf3c7	de51f5e5	e983e3fa
[    0.306147] RANDOM - random32 called.  Value: d7baf3c7	de51f5e5	e983e3fa
[    0.306156] TCP established hash table entries: 131072 (order: 8, 1048576 bytes)
[    0.306644] TCP bind hash table entries: 65536 (order: 6, 262144 bytes)
[    0.306827] TCP: Hash tables configured (established 131072 bind 65536)
[    0.306918] TCP reno registered
[    0.307020] NET: Registered protocol family 1
[    0.307130] RPC: Registered udp transport module.
[    0.307214] RPC: Registered tcp transport module.
[    0.307291] RPC: Registered tcp NFSv4.1 backchannel transport module.
[    0.307393] pci 0000:00:02.0: Boot video device
[    0.307608] Simple Boot Flag at 0x35 set to 0x1
[    0.308157] highmem bounce pool size: 64 pages
[    0.309648] VFS: Disk quotas dquot_6.5.2
[    0.309762] Dquot-cache hash table entries: 1024 (order 0, 4096 bytes)
[    0.310505] NTFS driver 2.1.29 [Flags: R/W].
[    0.310666] ROMFS MTD (C) 2007 Red Hat, Inc.
[    0.310871] JFS: nTxBlock = 7695, nTxLock = 61562
[    0.313335] SGI XFS with ACLs, security attributes, large block/inode numbers, no debug enabled
[    0.313807] SGI XFS Quota Management subsystem
[    0.314099] Slow work thread pool: Starting up
[    0.314203] Slow work thread pool: Ready
[    0.314292] GFS2 (built May 24 2013 02:47:17) installed
[    0.314379] msgmni has been set to 1734
[    0.314548] alg: No test for cipher_null (cipher_null-generic)
[    0.314641] alg: No test for ecb(cipher_null) (ecb-cipher_null)
[    0.314747] alg: No test for digest_null (digest_null-generic)
[    0.314870] alg: No test for compress_null (compress_null-generic)
[    0.315411] alg: No test for fcrypt (fcrypt-generic)
[    0.316828] alg: No test for stdrng (krng)
[    0.316930] async_tx: api initialized (async)
[    0.317083] Block layer SCSI generic (bsg) driver version 0.4 loaded (major 254)
[    0.317196] io scheduler noop registered
[    0.317286] io scheduler anticipatory registered
[    0.317365] io scheduler deadline registered
[    0.317491] io scheduler cfq registered (default)
[    0.317730] pcieport 0000:00:1c.0: irq 24 for MSI/MSI-X
[    0.317748] pcieport 0000:00:1c.0: setting latency timer to 64
[    0.317950] pcieport 0000:00:1c.1: irq 25 for MSI/MSI-X
[    0.317962] pcieport 0000:00:1c.1: setting latency timer to 64
[    0.318139] pcieport 0000:00:1c.2: irq 26 for MSI/MSI-X
[    0.318150] pcieport 0000:00:1c.2: setting latency timer to 64
[    0.318325] pcieport 0000:00:1c.3: irq 27 for MSI/MSI-X
[    0.318335] pcieport 0000:00:1c.3: setting latency timer to 64
[    0.318514] pcieport 0000:00:1c.4: irq 28 for MSI/MSI-X
[    0.318526] pcieport 0000:00:1c.4: setting latency timer to 64
[    0.318668] pci_hotplug: PCI Hot Plug PCI Core version: 0.5
[    0.318876] isapnp: Scanning for PnP cards...
[    0.679428] isapnp: No Plug & Play device found
[    0.679514] random 0000 0000 0000 5f8db4e5 4cfdf2a8: initializing
[    0.679516] RANDOM init_std_data for input now value: 1370009761679517092
[    0.679518] RANDOM init_std_data for blocking now value: 1370009761679519107
[    0.679520] RANDOM init_std_data for nonblocking now value: 1370009761679520841
[    0.699074] Serial: 8250/16550 driver, 4 ports, IRQ sharing enabled
[    3.709912] floppy0: no floppy controllers found
[    3.710856] brd: module loaded
[    3.711353] loop: module loaded
[    3.711446] Compaq SMART2 Driver (v 2.6.0)
[    3.711574] HP CISS Driver (v 3.6.20)
[    3.711813] input: Macintosh mouse button emulation as /devices/virtual/input/input0
[    3.711955] Uniform Multi-Platform E-IDE driver
[    3.712174] piix 0000:00:1f.1: IDE controller (0x8086:0x2850 rev 0x03)
[    3.712270] pci 0000:00:1f.1: PCI INT C -> GSI 16 (level, low) -> IRQ 16
[    3.712372] piix 0000:00:1f.1: IDE port disabled
[    3.712458] piix 0000:00:1f.1: not 100% native mode: will probe irqs later
[    3.712546]     ide0: BM-DMA at 0x1c00-0x1c07
[    3.712640] Probing IDE interface ide0...
[    4.383944] hda: HL-DT-ST DVDRAM GSA-U10N, ATAPI CD/DVD-ROM drive
[    4.690670] hda: host max PIO4 wanted PIO255(auto-tune) selected PIO4
[    4.691443] hda: UDMA/33 mode selected
[    4.691907] ide0 at 0x1f0-0x1f7,0x3f6 on irq 14
[    4.695786] ide-gd driver 1.18
[    4.695882] ide-cd driver 5.00
[    4.697270] random 0000 0000 0000 00000000 00000000: add_disk_randomness(0:0) 00000000 00000000
[    4.697274] random 0000 0000 0000 00000000 00000000: add_timer_randomness(.. 256) with jiffies: 17475200347977514618, cycles: -971543730026708983
[    4.697277] random 0000 0000 0000 00000000 00000000: added 11 entropy credits to input
[    4.697280] ide-cd: hda: ATAPI 24X DVD-ROM DVD-R/RAM CD-R/RW drive, 2048kB Cache
[    4.697707] Uniform CD-ROM driver Revision: 3.20
[    4.700549] random 0011 0000 0000 00000000 00000000: add_disk_randomness(0:0) 00000000 00000000
[    4.700552] random 0011 0000 0000 00000000 00000000: add_timer_randomness(.. 256) with jiffies: 17504715625228631677, cycles: -942028452775591927
[    4.700555] random 0011 0000 0000 00000000 00000000: added 1 entropy credits to input
[    4.700558] random 0012 0000 0000 00000000 00000000: add_disk_randomness(0:0) 00000000 00000000
[    4.700561] random 0012 0000 0000 00000000 00000000: add_timer_randomness(.. 256) with jiffies: 17504792019811925629, cycles: -941952058192297975
[    4.702548] random 0012 0000 0000 00000000 00000000: add_disk_randomness(0:0) 00000000 00000000
[    4.702551] random 0012 0000 0000 00000000 00000000: add_timer_randomness(.. 256) with jiffies: 17522698880930250367, cycles: -924045197073973239
[    4.702553] random 0012 0000 0000 00000000 00000000: added 1 entropy credits to input
[    4.702556] random 0013 0000 0000 00000000 00000000: add_disk_randomness(0:0) 00000000 00000000
[    4.702559] random 0013 0000 0000 00000000 00000000: add_timer_randomness(.. 256) with jiffies: 17522774914736291455, cycles: -923969163267932151
[    4.704548] random 0013 0000 0000 00000000 00000000: add_disk_randomness(0:0) 00000000 00000000
[    4.704551] random 0013 0000 0000 00000000 00000000: add_timer_randomness(.. 256) with jiffies: 17540700042350526081, cycles: -906044035653697527
[    4.704554] random 0013 0000 0000 00000000 00000000: added 1 entropy credits to input
[    4.704557] random 0014 0000 0000 00000000 00000000: add_disk_randomness(0:0) 00000000 00000000
[    4.704559] random 0014 0000 0000 00000000 00000000: add_timer_randomness(.. 256) with jiffies: 17540774633047555713, cycles: -905969444956667895
[    4.704826] Loading iSCSI transport class v2.0-870.
[    4.705123] rdac: device handler registered
[    4.705212] hp_sw: device handler registered
[    4.705294] emc: device handler registered
[    4.705374] alua: device handler registered
[    4.706360] Adaptec aacraid driver 1.1-5[2461]-ms
[    4.706778] scsi: <fdomain> Detection failed (no card)
[    4.706866] sym53c416.c: Version 1.0.0-ac
[    4.706972] qlogicfas: no cards were found, please specify I/O address and IRQ using iobase= and irq= options
[    4.707084] QLogic Fibre Channel HBA Driver: 8.03.01-k6
[    4.707295] iscsi: registered transport (qla4xxx)
[    4.707395] QLogic iSCSI HBA Driver
[    4.707476] Emulex LightPulse Fibre Channel SCSI driver 8.3.4
[    4.707557] Copyright(c) 2004-2009 Emulex.  All rights reserved.
[    4.729645] Failed initialization of WD-7000 SCSI card!
[    4.818957] DC390: clustering now enabled by default. If you get problems load
[    4.819074]        with "disable_clustering=1" and report to maintainers
[    4.819198] megaraid cmm: 2.20.2.7 (Release Date: Sun Jul 16 00:01:03 EST 2006)
[    4.819340] megaraid: 2.20.5.1 (Release Date: Thu Nov 16 15:32:35 EST 2006)
[    4.819443] megasas: 00.00.04.01 Thu July 24 11:41:51 PST 2008
[    4.819577] GDT-HA: Storage RAID Controller Driver. Version: 3.05
[    4.819720] 3ware Storage Controller device driver for Linux v1.26.02.002.
[    4.819830] 3ware 9000 Storage Controller device driver for Linux v2.26.02.012.
[    4.819972] nsp32: loading...
[    4.820074] ipr: IBM Power RAID SCSI Device Driver version: 2.4.3 (June 10, 2009)
[    4.820212] RocketRAID 3xxx/4xxx Controller driver v1.6 (090910)
[    4.820319] stex: Promise SuperTrak EX Driver version: 4.6.0000.3
[    4.820446] st: Version 20081215, fixed bufsize 32768, s/g segs 256
[    4.820642] ahci 0000:00:1f.2: version 3.0
[    4.820658] ahci 0000:00:1f.2: PCI INT B -> GSI 16 (level, low) -> IRQ 16
[    4.820781] ahci 0000:00:1f.2: irq 29 for MSI/MSI-X
[    4.820838] ahci 0000:00:1f.2: AHCI 0001.0100 32 slots 3 ports 1.5 Gbps 0x5 impl SATA mode
[    4.820957] ahci 0000:00:1f.2: flags: 64bit ncq sntf pm led clo pio slum part ccc 
[    4.821074] ahci 0000:00:1f.2: setting latency timer to 64
[    4.821219] scsi2 : ahci
[    4.821368] scsi3 : ahci
[    4.821502] scsi4 : ahci
[    4.821680] ata1: SATA max UDMA/133 abar m2048@0xfe226000 port 0xfe226100 irq 29
[    4.821792] ata2: DUMMY
[    4.821876] ata3: SATA max UDMA/133 abar m2048@0xfe226000 port 0xfe226200 irq 29
[    4.822477] I2O subsystem v1.325
[    4.822555] i2o: max drivers = 8
[    4.822713] I2O Configuration OSM v1.323
[    4.822807] I2O Bus Adapter OSM v1.317
[    4.822904] I2O Block Device OSM v1.325
[    4.823048] I2O SCSI Peripheral OSM v1.316
[    4.823143] I2O ProcFS OSM v1.316
[    4.823242] Fusion MPT base driver 3.04.12
[    4.823321] Copyright (c) 1999-2008 LSI Corporation
[    4.823415] Fusion MPT SPI Host driver 3.04.12
[    4.823525] Fusion MPT FC Host driver 3.04.12
[    4.823681] Fusion MPT SAS Host driver 3.04.12
[    4.823835] ohci1394 0000:15:00.1: PCI INT B -> GSI 17 (level, low) -> IRQ 17
[    4.823927] ohci1394 0000:15:00.1: setting latency timer to 64
[    4.877627] ohci1394: fw-host0: OHCI-1394 1.1 (PCI): IRQ=[17]  MMIO=[f8301000-f83017ff]  Max Packet=[2048]  IR/IT contexts=[4/4]
[    4.880881] ehci_hcd: USB 2.0 'Enhanced' Host Controller (EHCI) Driver
[    4.881155] ehci_hcd 0000:00:1a.7: power state changed by ACPI to D0
[    4.881404] ehci_hcd 0000:00:1a.7: power state changed by ACPI to D0
[    4.881495] ehci_hcd 0000:00:1a.7: PCI INT C -> GSI 22 (level, low) -> IRQ 22
[    4.881590] ehci_hcd 0000:00:1a.7: setting latency timer to 64
[    4.881595] ehci_hcd 0000:00:1a.7: EHCI Host Controller
[    4.881725] ehci_hcd 0000:00:1a.7: new USB bus registered, assigned bus number 1
[    4.885765] ehci_hcd 0000:00:1a.7: cache line size of 32 is not supported
[    4.885774] ehci_hcd 0000:00:1a.7: irq 22, io mem 0xfe226c00
[    4.895583] ehci_hcd 0000:00:1a.7: USB 2.0 started, EHCI 1.00
[    4.895679] usb usb1: New USB device found, idVendor=1d6b, idProduct=0002
[    4.895765] usb usb1: New USB device strings: Mfr=3, Product=2, SerialNumber=1
[    4.895888] usb usb1: Product: EHCI Host Controller
[    4.895967] usb usb1: Manufacturer: Linux 2.6.32.57 ehci_hcd
[    4.896047] usb usb1: SerialNumber: 0000:00:1a.7
[    4.896184] usb usb1: configuration #1 chosen from 1 choice
[    4.896293] hub 1-0:1.0: USB hub found
[    4.896376] hub 1-0:1.0: 4 ports detected
[    4.896678] ehci_hcd 0000:00:1d.7: power state changed by ACPI to D0
[    4.896919] ehci_hcd 0000:00:1d.7: power state changed by ACPI to D0
[    4.897018] ehci_hcd 0000:00:1d.7: PCI INT D -> GSI 19 (level, low) -> IRQ 19
[    4.897122] ehci_hcd 0000:00:1d.7: setting latency timer to 64
[    4.897127] ehci_hcd 0000:00:1d.7: EHCI Host Controller
[    4.897250] ehci_hcd 0000:00:1d.7: new USB bus registered, assigned bus number 2
[    4.897398] ehci_hcd 0000:00:1d.7: debug port 1
[    4.901390] ehci_hcd 0000:00:1d.7: cache line size of 32 is not supported
[    4.901399] ehci_hcd 0000:00:1d.7: irq 19, io mem 0xfe227000
[    4.911579] ehci_hcd 0000:00:1d.7: USB 2.0 started, EHCI 1.00
[    4.911673] usb usb2: New USB device found, idVendor=1d6b, idProduct=0002
[    4.911756] usb usb2: New USB device strings: Mfr=3, Product=2, SerialNumber=1
[    4.911878] usb usb2: Product: EHCI Host Controller
[    4.911963] usb usb2: Manufacturer: Linux 2.6.32.57 ehci_hcd
[    4.912046] usb usb2: SerialNumber: 0000:00:1d.7
[    4.912181] usb usb2: configuration #1 chosen from 1 choice
[    4.912297] hub 2-0:1.0: USB hub found
[    4.912388] hub 2-0:1.0: 6 ports detected
[    4.912569] 116x: driver isp116x-hcd, 03 Nov 2005
[    4.912669] ohci_hcd: USB 1.1 'Open' Host Controller (OHCI) Driver
[    4.912776] uhci_hcd: USB Universal Host Controller Interface driver
[    4.912890] uhci_hcd 0000:00:1a.0: PCI INT A -> GSI 20 (level, low) -> IRQ 20
[    4.912979] uhci_hcd 0000:00:1a.0: setting latency timer to 64
[    4.912984] uhci_hcd 0000:00:1a.0: UHCI Host Controller
[    4.913108] uhci_hcd 0000:00:1a.0: new USB bus registered, assigned bus number 3
[    4.913259] uhci_hcd 0000:00:1a.0: irq 20, io base 0x00001860
[    4.913371] usb usb3: New USB device found, idVendor=1d6b, idProduct=0001
[    4.913453] usb usb3: New USB device strings: Mfr=3, Product=2, SerialNumber=1
[    4.913581] usb usb3: Product: UHCI Host Controller
[    4.913663] usb usb3: Manufacturer: Linux 2.6.32.57 uhci_hcd
[    4.913745] usb usb3: SerialNumber: 0000:00:1a.0
[    4.913872] usb usb3: configuration #1 chosen from 1 choice
[    4.913989] hub 3-0:1.0: USB hub found
[    4.914073] hub 3-0:1.0: 2 ports detected
[    4.914360] uhci_hcd 0000:00:1a.1: power state changed by ACPI to D0
[    4.914595] uhci_hcd 0000:00:1a.1: power state changed by ACPI to D0
[    4.914685] uhci_hcd 0000:00:1a.1: PCI INT B -> GSI 21 (level, low) -> IRQ 21
[    4.914782] uhci_hcd 0000:00:1a.1: setting latency timer to 64
[    4.914787] uhci_hcd 0000:00:1a.1: UHCI Host Controller
[    4.914911] uhci_hcd 0000:00:1a.1: new USB bus registered, assigned bus number 4
[    4.915057] uhci_hcd 0000:00:1a.1: irq 21, io base 0x00001880
[    4.915161] usb usb4: New USB device found, idVendor=1d6b, idProduct=0001
[    4.915243] usb usb4: New USB device strings: Mfr=3, Product=2, SerialNumber=1
[    4.915355] usb usb4: Product: UHCI Host Controller
[    4.915436] usb usb4: Manufacturer: Linux 2.6.32.57 uhci_hcd
[    4.915522] usb usb4: SerialNumber: 0000:00:1a.1
[    4.915656] usb usb4: configuration #1 chosen from 1 choice
[    4.915764] hub 4-0:1.0: USB hub found
[    4.915856] hub 4-0:1.0: 2 ports detected
[    4.916145] uhci_hcd 0000:00:1d.0: power state changed by ACPI to D0
[    4.916385] uhci_hcd 0000:00:1d.0: power state changed by ACPI to D0
[    4.916473] uhci_hcd 0000:00:1d.0: PCI INT A -> GSI 16 (level, low) -> IRQ 16
[    4.916566] uhci_hcd 0000:00:1d.0: setting latency timer to 64
[    4.916569] uhci_hcd 0000:00:1d.0: UHCI Host Controller
[    4.916695] uhci_hcd 0000:00:1d.0: new USB bus registered, assigned bus number 5
[    4.916844] uhci_hcd 0000:00:1d.0: irq 16, io base 0x000018a0
[    4.916950] usb usb5: New USB device found, idVendor=1d6b, idProduct=0001
[    4.917043] usb usb5: New USB device strings: Mfr=3, Product=2, SerialNumber=1
[    4.917157] usb usb5: Product: UHCI Host Controller
[    4.917235] usb usb5: Manufacturer: Linux 2.6.32.57 uhci_hcd
[    4.917321] usb usb5: SerialNumber: 0000:00:1d.0
[    4.917452] usb usb5: configuration #1 chosen from 1 choice
[    4.917563] hub 5-0:1.0: USB hub found
[    4.917652] hub 5-0:1.0: 2 ports detected
[    4.917790] uhci_hcd 0000:00:1d.1: PCI INT B -> GSI 17 (level, low) -> IRQ 17
[    4.917879] uhci_hcd 0000:00:1d.1: setting latency timer to 64
[    4.917883] uhci_hcd 0000:00:1d.1: UHCI Host Controller
[    4.918006] uhci_hcd 0000:00:1d.1: new USB bus registered, assigned bus number 6
[    4.918144] uhci_hcd 0000:00:1d.1: irq 17, io base 0x000018c0
[    4.918246] usb usb6: New USB device found, idVendor=1d6b, idProduct=0001
[    4.918334] usb usb6: New USB device strings: Mfr=3, Product=2, SerialNumber=1
[    4.918454] usb usb6: Product: UHCI Host Controller
[    4.918545] usb usb6: Manufacturer: Linux 2.6.32.57 uhci_hcd
[    4.918639] usb usb6: SerialNumber: 0000:00:1d.1
[    4.918782] usb usb6: configuration #1 chosen from 1 choice
[    4.918897] hub 6-0:1.0: USB hub found
[    4.918979] hub 6-0:1.0: 2 ports detected
[    4.919312] uhci_hcd 0000:00:1d.2: power state changed by ACPI to D0
[    4.919555] uhci_hcd 0000:00:1d.2: power state changed by ACPI to D0
[    4.919650] uhci_hcd 0000:00:1d.2: PCI INT C -> GSI 18 (level, low) -> IRQ 18
[    4.919740] uhci_hcd 0000:00:1d.2: setting latency timer to 64
[    4.919745] uhci_hcd 0000:00:1d.2: UHCI Host Controller
[    4.919864] uhci_hcd 0000:00:1d.2: new USB bus registered, assigned bus number 7
[    4.920006] uhci_hcd 0000:00:1d.2: irq 18, io base 0x000018e0
[    4.920112] usb usb7: New USB device found, idVendor=1d6b, idProduct=0001
[    4.920202] usb usb7: New USB device strings: Mfr=3, Product=2, SerialNumber=1
[    4.920314] usb usb7: Product: UHCI Host Controller
[    4.920398] usb usb7: Manufacturer: Linux 2.6.32.57 uhci_hcd
[    4.920493] usb usb7: SerialNumber: 0000:00:1d.2
[    4.921293] usb usb7: configuration #1 chosen from 1 choice
[    4.921411] hub 7-0:1.0: USB hub found
[    4.921495] hub 7-0:1.0: 2 ports detected
[    4.921650] sl811: driver sl811-hcd, 19 May 2005
[    4.921751] r8a66597_hcd: driver r8a66597_hcd, 2009-05-26
[    4.921920] Initializing USB Mass Storage driver...
[    4.922042] usbcore: registered new interface driver usb-storage
[    4.922124] USB Mass Storage support registered.
[    4.922224] usbcore: registered new interface driver ums-alauda
[    4.922334] usbcore: registered new interface driver ums-cypress
[    4.922434] usbcore: registered new interface driver ums-datafab
[    4.922533] usbcore: registered new interface driver ums-freecom
[    4.922652] usbcore: registered new interface driver ums-isd200
[    4.922752] usbcore: registered new interface driver ums-jumpshot
[    4.922857] usbcore: registered new interface driver ums-karma
[    4.922962] usbcore: registered new interface driver ums-onetouch
[    4.923065] usbcore: registered new interface driver ums-sddr09
[    4.923165] usbcore: registered new interface driver ums-sddr55
[    4.923265] usbcore: registered new interface driver ums-usbat
[    4.923413] PNP: PS/2 Controller [PNP0303:KBD,PNP0f13:MOU] at 0x60,0x64 irq 1,12
[    4.932054] serio: i8042 KBD port at 0x60,0x64 irq 1
[    4.932143] serio: i8042 AUX port at 0x60,0x64 irq 12
[    4.932385] mice: PS/2 mouse device common for all mice
[    4.932489] i2c /dev entries driver
[    4.932623] md: linear personality registered for level -1
[    4.932713] md: raid0 personality registered for level 0
[    4.932799] md: raid1 personality registered for level 1
[    4.932879] md: raid10 personality registered for level 10
[    4.932958] md: raid6 personality registered for level 6
[    4.933038] md: raid5 personality registered for level 5
[    4.933116] md: raid4 personality registered for level 4
[    4.933219] md: multipath personality registered for level -4
[    4.933407] device-mapper: ioctl: 4.15.0-ioctl (2009-04-01) initialised: dm-devel@redhat.com
[    4.933616] cpuidle: using governor ladder
[    4.934206] usbcore: registered new interface driver usbhid
[    4.934287] usbhid: v2.6:USB HID core driver
[    4.934430] random 0014 0000 0000 00000000 00000000: rand_read_num 4 get_random_bytes(136): sig 00000000 00000000 00000000
[    4.934433] random 0014 0000 0000 00000000 00000000: extract_entropy(.. 136 ..)
[    4.934435] random 0014 0000 0000 00000000 00000000: going to reseed nonblocking with 1024 bits (1088 of 0 requested)
[    4.934437] random 0014 0000 0000 00000000 00000000: extract_entropy(.. 128 ..)
[    4.934440] random 0014 0000 0000 00000000 00000000: trying to extract 1024 bits from input
[    4.934442] random 0014 0000 0000 00000000 00000000: debiting 0 entropy credits from input
[    4.934444] random 0014 0000 0000 00000000 00000000: extract_entropy account returned: 0 
[    4.934447] random 0014 0000 0000 00000000 00000000: urand_change_num 7 xfer_secondary_pool(136): pool_sig 00000000, data_sig 00000000, bytes_mixed 0 00000000 00000000
[    4.934450] random 0014 0000 0000 00000000 00000000: trying to extract 1088 bits from nonblocking
[    4.934453] random 0014 0000 0000 00000000 00000000: debiting 1088 entropy credits from nonblocking (unlimited)
[    4.934455] random 0014 0000 0000 00000000 00000000: extract_entropy account returned: 136 
[    4.934459] random 0014 0000 0000 00000000 00000000: urand_change_num 8 extract_buf: pool_sig 00000000, data_sig fffffff9, bytes_mixed 20 00000000 00000000
[    4.934465] random 0014 0000 0000 b7c35b56 be4dc95d: urand_change_num 9 extract_buf: pool_sig fffffd1e, data_sig 000000c5, bytes_mixed 20 b7c35b56 be4dc95d
[    4.934470] random 0014 0000 0000 ed9f5c47 c48487fb: urand_change_num 10 extract_buf: pool_sig fffff8ec, data_sig ffffff68, bytes_mixed 20 ed9f5c47 c48487fb
[    4.934475] random 0014 0000 0000 ed9f5c47 c48487fb: urand_change_num 11 extract_buf: pool_sig fffffaed, data_sig 000001aa, bytes_mixed 20 ed9f5c47 c48487fb
[    4.934481] random 0014 0000 0000 1b4f7c0a 91bd6a48: urand_change_num 12 extract_buf: pool_sig fffffdd8, data_sig 00000064, bytes_mixed 20 1b4f7c0a 91bd6a48
[    4.934486] random 0014 0000 0000 a254b9bc 20e9a24f: urand_change_num 13 extract_buf: pool_sig fffffbe6, data_sig 000001dd, bytes_mixed 20 a254b9bc 20e9a24f
[    4.934491] random 0014 0000 0000 a254b9bc 20e9a24f: urand_change_num 14 extract_buf: pool_sig fffff940, data_sig fffffe20, bytes_mixed 20 a254b9bc 20e9a24f
[    4.934496] random 0014 0000 0000 2831a66b 5fa2a3ad: urand_change_num 15 extract_buf: pool_sig fffffbce, data_sig 0000007e, bytes_mixed 20 2831a66b 5fa2a3ad
[    4.934502] random 0014 0000 0000 2831a66b 5fa2a3ad: urand_change_num 16 extract_buf: pool_sig 000004df, data_sig fffffe8f, bytes_mixed 20 2831a66b 5fa2a3ad
[    4.934507] random 0014 0000 0000 d4512bfd c9a54e0b: urand_change_num 17 extract_buf: pool_sig 00000485, data_sig fffffe68, bytes_mixed 20 d4512bfd c9a54e0b
[    4.934512] random 0014 0000 0000 c7371be6 f9ffea11: urand_change_num 18 extract_buf: pool_sig 00000095, data_sig ffffffed, bytes_mixed 20 c7371be6 f9ffea11
[    4.934517] random 0014 0000 0000 c7371be6 f9ffea11: urand_change_num 19 extract_buf: pool_sig 000003a7, data_sig fffffefa, bytes_mixed 20 c7371be6 f9ffea11
[    4.934522] random 0014 0000 0000 8fb4b62c d1ddba54: urand_change_num 20 extract_buf: pool_sig 00000179, data_sig ffffff78, bytes_mixed 20 8fb4b62c d1ddba54
[    4.934528] random 0014 0000 0000 9ff19f9c c07a1d2a: urand_change_num 21 extract_buf: pool_sig fffffe88, data_sig 00000126, bytes_mixed 20 9ff19f9c c07a1d2a
[    4.934532] TCP cubic registered
[    4.934628] Initializing XFRM netlink socket
[    4.934713] NET: Registered protocol family 17
[    4.934807] Using IPI Shortcut mode
[    4.934894] random 0014 0000 0000 9ff19f9c c07a1d2a: rand_read_num 5 get_random_bytes(8): sig 0000031b 9ff19f9c c07a1d2a
[    4.934896] random 0014 0000 0000 9ff19f9c c07a1d2a: extract_entropy(.. 8 ..)
[    4.934898] random 0014 0000 0000 9ff19f9c c07a1d2a: going to reseed nonblocking with 64 bits (64 of 0 requested)
[    4.934901] random 0014 0000 0000 9ff19f9c c07a1d2a: extract_entropy(.. 8 ..)
[    4.934903] random 0014 0000 0000 9ff19f9c c07a1d2a: trying to extract 64 bits from input
[    4.934905] random 0014 0000 0000 9ff19f9c c07a1d2a: debiting 0 entropy credits from input
[    4.934907] random 0014 0000 0000 9ff19f9c c07a1d2a: extract_entropy account returned: 0 
[    4.934910] random 0014 0000 0000 9ff19f9c c07a1d2a: urand_change_num 22 xfer_secondary_pool(8): pool_sig 0000031b, data_sig 00000000, bytes_mixed 0 9ff19f9c c07a1d2a
[    4.934913] random 0014 0000 0000 9ff19f9c c07a1d2a: trying to extract 64 bits from nonblocking
[    4.934915] random 0014 0000 0000 9ff19f9c c07a1d2a: debiting 64 entropy credits from nonblocking (unlimited)
[    4.934917] random 0014 0000 0000 9ff19f9c c07a1d2a: extract_entropy account returned: 8 
[    4.934921] random 0014 0000 0000 9ff19f9c c07a1d2a: urand_change_num 23 extract_buf: pool_sig 0000031b, data_sig ffffffb3, bytes_mixed 20 9ff19f9c c07a1d2a
[    4.937250] input: AT Translated Set 2 keyboard as /devices/platform/i8042/serio0/input/input1
[    5.126533] ata3: SATA link down (SStatus 0 SControl 300)
[    5.126637] ata1: SATA link up 1.5 Gbps (SStatus 113 SControl 300)
[    5.128579] ata1.00: ACPI cmd ef/02:00:00:00:00:a0 (SET FEATURES) succeeded
[    5.128582] ata1.00: ACPI cmd f5/00:00:00:00:00:a0 (SECURITY FREEZE LOCK) filtered out
[    5.129970] ata1.00: ACPI cmd ef/5f:00:00:00:00:a0 (SET FEATURES) succeeded
[    5.129973] ata1.00: ACPI cmd ef/10:03:00:00:00:a0 (SET FEATURES) filtered out
[    5.131882] ata1.00: ATA-7: ST910021AS, 4.06, max UDMA/100
[    5.131969] ata1.00: 195371568 sectors, multi 16: LBA48 
[    5.134116] ata1.00: ACPI cmd ef/02:00:00:00:00:a0 (SET FEATURES) succeeded
[    5.134119] ata1.00: ACPI cmd f5/00:00:00:00:00:a0 (SECURITY FREEZE LOCK) filtered out
[    5.135510] ata1.00: ACPI cmd ef/5f:00:00:00:00:a0 (SET FEATURES) succeeded
[    5.135515] ata1.00: ACPI cmd ef/10:03:00:00:00:a0 (SET FEATURES) filtered out
[    5.137440] ata1.00: configured for UDMA/100
[    5.148577] scsi 2:0:0:0: Direct-Access     ATA      ST910021AS       4.06 PQ: 0 ANSI: 5
[    5.148864] sd 2:0:0:0: [sda] 195371568 512-byte logical blocks: (100 GB/93.1 GiB)
[    5.148998] sd 2:0:0:0: [sda] Write Protect is off
[    5.149080] sd 2:0:0:0: [sda] Mode Sense: 00 3a 00 00
[    5.149093] sd 2:0:0:0: [sda] Write cache: enabled, read cache: enabled, doesn't support DPO or FUA
[    5.149278]  sda:
[    5.580508] random 0014 0000 0000 277f73c3 42024bb9: add_disk_randomness(8:0) 277f73c3 42024bb9
[    5.580595] random 0014 0000 0000 277f73c3 42024bb9: add_timer_randomness(.. 8388864) with jiffies: 6977310140562899351, cycles: 6977310136268226570
[    5.580598] random 0014 0000 0000 277f73c3 42024bb9: added 11 entropy credits to input
[    5.580602]  sda1 sda2
[    5.581075] random 0025 0000 0000 277f73c3 42024bb9: add_disk_randomness(8:0) 277f73c3 42024bb9
[    5.581078] random 0025 0000 0000 277f73c3 42024bb9: add_timer_randomness(.. 8388864) with jiffies: 6981674012019229079, cycles: 6981674007724556298
[    5.581231] sd 2:0:0:0: [sda] Attached SCSI disk
[    5.581322] random 0025 0000 0000 277f73c3 42024bb9: rand_read_num 6 get_random_bytes(12): sig 000007e9 277f73c3 42024bb9
[    5.581324] random 0025 0000 0000 277f73c3 42024bb9: extract_entropy(.. 12 ..)
[    5.581327] random 0025 0000 0000 277f73c3 42024bb9: going to reseed nonblocking with 96 bits (96 of 0 requested)
[    5.581329] random 0025 0000 0000 277f73c3 42024bb9: extract_entropy(.. 12 ..)
[    5.581331] random 0025 0000 0000 277f73c3 42024bb9: trying to extract 96 bits from input
[    5.581333] random 0025 0000 0000 277f73c3 42024bb9: debiting 0 entropy credits from input
[    5.581335] random 0025 0000 0000 277f73c3 42024bb9: extract_entropy account returned: 0 
[    5.581338] random 0025 0000 0000 277f73c3 42024bb9: urand_change_num 24 xfer_secondary_pool(12): pool_sig 000007e9, data_sig 00000000, bytes_mixed 0 277f73c3 42024bb9
[    5.581341] random 0025 0000 0000 277f73c3 42024bb9: trying to extract 96 bits from nonblocking
[    5.581344] random 0025 0000 0000 277f73c3 42024bb9: debiting 96 entropy credits from nonblocking (unlimited)
[    5.581346] random 0025 0000 0000 277f73c3 42024bb9: extract_entropy account returned: 12 
[    5.581350] random 0025 0000 0000 277f73c3 42024bb9: urand_change_num 25 extract_buf: pool_sig 000007e9, data_sig 00000088, bytes_mixed 20 277f73c3 42024bb9
[    5.581356] random 0025 0000 0000 277f73c3 42024bb9: urand_change_num 26 extract_buf: pool_sig 00000498, data_sig fffffefb, bytes_mixed 20 277f73c3 42024bb9
[    5.581358] RANDOM - __seed init called.
[    5.581359] RANDOM - __seed init called.
[    5.581360] RANDOM - __seed init called.
[    5.581362] RANDOM - __random32 called. Change num 12.  Value: 87f14767	f0d7351	b1e48bd3
[    5.581364] RANDOM - random32_reseed called.  Value: 87f14767	f0d7351	b1e48bd3
[    5.581366] Pid: 1, comm: swapper Not tainted 2.6.32.57 #6
[    5.581450] Call Trace:
[    5.581533]  [<c1923ca4>] ? random32_reseed+0xa0/0xb1
[    5.581613]  [<c1923c04>] ? random32_reseed+0x0/0xb1
[    5.581699]  [<c100111e>] ? do_one_initcall+0x2e/0x180
[    5.581783]  [<c1907265>] ? kernel_init+0xad/0x103
[    5.581867]  [<c19071b8>] ? kernel_init+0x0/0x103
[    5.581947]  [<c1003787>] ? kernel_thread_helper+0x7/0x10
[    5.582469] random 0025 0000 0000 386b4e60 ee4d4880: rand_read_num 7 get_random_bytes(64): sig fffffea5 386b4e60 ee4d4880
[    5.582471] random 0025 0000 0000 386b4e60 ee4d4880: extract_entropy(.. 64 ..)
[    5.582473] random 0025 0000 0000 386b4e60 ee4d4880: going to reseed nonblocking with 512 bits (512 of 0 requested)
[    5.582476] random 0025 0000 0000 386b4e60 ee4d4880: extract_entropy(.. 64 ..)
[    5.582478] random 0025 0000 0000 386b4e60 ee4d4880: trying to extract 512 bits from input
[    5.582480] random 0025 0000 0000 386b4e60 ee4d4880: debiting 0 entropy credits from input
[    5.582482] random 0025 0000 0000 386b4e60 ee4d4880: extract_entropy account returned: 0 
[    5.582485] random 0025 0000 0000 386b4e60 ee4d4880: urand_change_num 27 xfer_secondary_pool(64): pool_sig fffffea5, data_sig 00000000, bytes_mixed 0 386b4e60 ee4d4880
[    5.582488] random 0025 0000 0000 386b4e60 ee4d4880: trying to extract 512 bits from nonblocking
[    5.582491] random 0025 0000 0000 386b4e60 ee4d4880: debiting 512 entropy credits from nonblocking (unlimited)
[    5.582493] random 0025 0000 0000 386b4e60 ee4d4880: extract_entropy account returned: 64 
[    5.582497] random 0025 0000 0000 386b4e60 ee4d4880: urand_change_num 28 extract_buf: pool_sig fffffea5, data_sig 00000173, bytes_mixed 20 386b4e60 ee4d4880
[    5.582502] random 0025 0000 0000 412698f6 0cc8689a: urand_change_num 29 extract_buf: pool_sig 00000122, data_sig ffffff63, bytes_mixed 20 412698f6 0cc8689a
[    5.582508] random 0025 0000 0000 412698f6 0cc8689a: urand_change_num 30 extract_buf: pool_sig 000001f7, data_sig 00000012, bytes_mixed 20 412698f6 0cc8689a
[    5.582513] random 0025 0000 0000 9669941e 06f768b1: urand_change_num 31 extract_buf: pool_sig fffffb5b, data_sig 0000003f, bytes_mixed 20 9669941e 06f768b1
[    5.582518] random 0025 0000 0000 98486520 995551f0: urand_change_num 32 extract_buf: pool_sig fffffb39, data_sig 0000000e, bytes_mixed 20 98486520 995551f0
[    5.582524] random 0025 0000 0000 98486520 995551f0: urand_change_num 33 extract_buf: pool_sig fffffd8d, data_sig 000001a6, bytes_mixed 20 98486520 995551f0
[    5.582529] random 0025 0000 0000 61fc8914 d5882ed2: urand_change_num 34 extract_buf: pool_sig fffffa58, data_sig 0000023e, bytes_mixed 20 61fc8914 d5882ed2
[    5.582560] random 0025 0000 0000 61fc8914 d5882ed2: rand_read_num 8 get_random_bytes(64): sig fffff9ee 61fc8914 d5882ed2
[    5.582562] random 0025 0000 0000 61fc8914 d5882ed2: extract_entropy(.. 64 ..)
[    5.582564] random 0025 0000 0000 61fc8914 d5882ed2: going to reseed nonblocking with 512 bits (512 of 0 requested)
[    5.582567] random 0025 0000 0000 61fc8914 d5882ed2: extract_entropy(.. 64 ..)
[    5.582569] random 0025 0000 0000 61fc8914 d5882ed2: trying to extract 512 bits from input
[    5.582571] random 0025 0000 0000 61fc8914 d5882ed2: debiting 0 entropy credits from input
[    5.582573] random 0025 0000 0000 61fc8914 d5882ed2: extract_entropy account returned: 0 
[    5.582576] random 0025 0000 0000 61fc8914 d5882ed2: urand_change_num 35 xfer_secondary_pool(64): pool_sig fffff9ee, data_sig 00000000, bytes_mixed 0 61fc8914 d5882ed2
[    5.582579] random 0025 0000 0000 61fc8914 d5882ed2: trying to extract 512 bits from nonblocking
[    5.582582] random 0025 0000 0000 61fc8914 d5882ed2: debiting 512 entropy credits from nonblocking (unlimited)
[    5.582584] random 0025 0000 0000 61fc8914 d5882ed2: extract_entropy account returned: 64 
[    5.582588] random 0025 0000 0000 61fc8914 d5882ed2: urand_change_num 36 extract_buf: pool_sig fffff9ee, data_sig ffffff85, bytes_mixed 20 61fc8914 d5882ed2
[    5.582593] random 0025 0000 0000 70cfd302 e5edec11: urand_change_num 37 extract_buf: pool_sig fffffdc1, data_sig ffffffde, bytes_mixed 20 70cfd302 e5edec11
[    5.582599] random 0025 0000 0000 00dab838 eafd2b30: urand_change_num 38 extract_buf: pool_sig 000003da, data_sig ffffff61, bytes_mixed 20 00dab838 eafd2b30
[    5.582604] random 0025 0000 0000 00dab838 eafd2b30: urand_change_num 39 extract_buf: pool_sig 00000314, data_sig 00000121, bytes_mixed 20 00dab838 eafd2b30
[    5.582609] random 0025 0000 0000 5fcdf66a 6442b608: urand_change_num 40 extract_buf: pool_sig 0000028b, data_sig fffffefd, bytes_mixed 20 5fcdf66a 6442b608
[    5.582614] random 0025 0000 0000 61333f6b 8fae0f9b: urand_change_num 41 extract_buf: pool_sig 000000cb, data_sig 000000b3, bytes_mixed 20 61333f6b 8fae0f9b
[    5.582619] random 0025 0000 0000 61333f6b 8fae0f9b: urand_change_num 42 extract_buf: pool_sig fffffef8, data_sig 00000051, bytes_mixed 20 61333f6b 8fae0f9b
[    5.582622] BEGIN NET_SECRET:
[    5.582623] \xffffffe0
[    5.582624] \xffffffb6
[    5.582625] \x36
[    5.582626] \xffffffb5
[    5.582627] \xffffff94
[    5.582628] \xffffffb2
[    5.582628] \xffffffa8
[    5.582629] \xffffffda
[    5.582630] \x5b
[    5.582631] \x19
[    5.582632] \x18
[    5.582632] \x5c
[    5.582633] \x2b
[    5.582634] \x1
[    5.582635] \xffffff90
[    5.582635] \x19
[    5.582636] \x3c
[    5.582637] \xfffffff2
[    5.582638] \xffffff82
[    5.582638] \x2a
[    5.582639] \xffffffb3
[    5.582640] \xffffffa2
[    5.582641] \x3f
[    5.582642] \x5
[    5.582642] \x52
[    5.582643] \x77
[    5.582644] \x57
[    5.582644] \x79
[    5.582645] \x16
[    5.582646] \x43
[    5.582647] \xffffff84
[    5.582647] \xffffffc3
[    5.582648] \xffffffe9
[    5.582649] \x79
[    5.582650] \x50
[    5.582651] \xffffff8e
[    5.582651] \x3f
[    5.582652] \xfffffff3
[    5.582653] \x19
[    5.582654] \x2a
[    5.582654] \xfffffffd
[    5.582655] \xfffffffb
[    5.582656] \x62
[    5.582657] \x3c
[    5.582657] \xffffffac
[    5.582658] \x1c
[    5.582659] \x3b
[    5.582660] \x3b
[    5.582660] \x15
[    5.582661] \x27
[    5.582662] \xffffffa8
[    5.582663] \x22
[    5.582663] \xffffffc5
[    5.582664] \xffffff9a
[    5.582665] \x5
[    5.582666] \x6c
[    5.582667] \xffffffa8
[    5.582667] \x3a
[    5.582668] \x44
[    5.582669] \xffffffaf
[    5.582670] \x13
[    5.582670] \xffffffe0
[    5.582671] \xffffff9d
[    5.582672] \x22
[    5.582673] 
[    5.582673] END NET_SECRET
[    5.582676] random 0025 0000 0000 e7f555d9 e8ce5c3c: rand_read_num 9 get_random_bytes(4): sig 0000068c e7f555d9 e8ce5c3c
[    5.582678] random 0025 0000 0000 e7f555d9 e8ce5c3c: extract_entropy(.. 4 ..)
[    5.582681] random 0025 0000 0000 e7f555d9 e8ce5c3c: going to reseed nonblocking with 64 bits (32 of 0 requested)
[    5.582683] random 0025 0000 0000 e7f555d9 e8ce5c3c: extract_entropy(.. 8 ..)
[    5.582685] random 0025 0000 0000 e7f555d9 e8ce5c3c: trying to extract 64 bits from input
[    5.582687] random 0025 0000 0000 e7f555d9 e8ce5c3c: debiting 0 entropy credits from input
[    5.582689] random 0025 0000 0000 e7f555d9 e8ce5c3c: extract_entropy account returned: 0 
[    5.582692] random 0025 0000 0000 e7f555d9 e8ce5c3c: urand_change_num 43 xfer_secondary_pool(4): pool_sig 0000068c, data_sig 00000000, bytes_mixed 0 e7f555d9 e8ce5c3c
[    5.582695] random 0025 0000 0000 e7f555d9 e8ce5c3c: trying to extract 32 bits from nonblocking
[    5.582698] random 0025 0000 0000 e7f555d9 e8ce5c3c: debiting 32 entropy credits from nonblocking (unlimited)
[    5.582700] random 0025 0000 0000 e7f555d9 e8ce5c3c: extract_entropy account returned: 4 
[    5.582704] random 0025 0000 0000 e7f555d9 e8ce5c3c: urand_change_num 44 extract_buf: pool_sig 0000068c, data_sig fffffdcb, bytes_mixed 20 e7f555d9 e8ce5c3c
[    5.582715] md: Waiting for all devices to be available before autodetect
[    5.582805] md: If you don't use raid, use raid=noautodetect
[    5.582960] md: Autodetecting RAID arrays.
[    5.583037] md: Scanned 0 and added 0 devices.
[    5.583115] md: autorun ...
[    5.583196] md: ... autorun DONE.
[    5.596711] random 0025 0000 0000 e7f555d9 e8ce5c3c: add_disk_randomness(8:0) e7f555d9 e8ce5c3c
[    5.596714] random 0025 0000 0000 e7f555d9 e8ce5c3c: add_timer_randomness(.. 8388864) with jiffies: 7122373124841767335, cycles: 7122373120547094538
[    5.596717] random 0025 0000 0000 e7f555d9 e8ce5c3c: added 4 entropy credits to input
[    5.597835] random 0029 0000 0000 e7f555d9 e8ce5c3c: add_disk_randomness(8:0) e7f555d9 e8ce5c3c
[    5.597838] random 0029 0000 0000 e7f555d9 e8ce5c3c: add_timer_randomness(.. 8388864) with jiffies: 7132490989754352040, cycles: 7132490985459679242
[    5.597954] random 0029 0000 0000 e7f555d9 e8ce5c3c: add_disk_randomness(8:0) e7f555d9 e8ce5c3c
[    5.597957] random 0029 0000 0000 e7f555d9 e8ce5c3c: add_timer_randomness(.. 8388864) with jiffies: 7133560333531840936, cycles: 7133560329237168138
[    5.597962] EXT3-fs: sda2: couldn't mount because of unsupported optional features (240).
[    5.598185] random 0029 0000 0000 e7f555d9 e8ce5c3c: add_disk_randomness(8:0) e7f555d9 e8ce5c3c
[    5.598188] random 0029 0000 0000 e7f555d9 e8ce5c3c: add_timer_randomness(.. 8388864) with jiffies: 7135647833666585000, cycles: 7135647829371912202
[    5.598193] EXT2-fs: sda2: couldn't mount because of unsupported optional features (240).
[    5.598422] random 0029 0000 0000 e7f555d9 e8ce5c3c: add_disk_randomness(8:0) e7f555d9 e8ce5c3c
[    5.598425] random 0029 0000 0000 e7f555d9 e8ce5c3c: add_timer_randomness(.. 8388864) with jiffies: 7137764831636717993, cycles: 7137764827342045194
[    5.598550] random 0029 0000 0000 e7f555d9 e8ce5c3c: add_disk_randomness(8:0) e7f555d9 e8ce5c3c
[    5.598553] random 0029 0000 0000 e7f555d9 e8ce5c3c: add_timer_randomness(.. 8388864) with jiffies: 7138923510733963689, cycles: 7138923506439290890
[    5.598712] random 0029 0000 0000 e7f555d9 e8ce5c3c: add_disk_randomness(8:0) e7f555d9 e8ce5c3c
[    5.598715] random 0029 0000 0000 e7f555d9 e8ce5c3c: add_timer_randomness(.. 8388864) with jiffies: 7140378753028030889, cycles: 7140378748733358090
[    5.598829] random 0029 0000 0000 e7f555d9 e8ce5c3c: add_disk_randomness(8:0) e7f555d9 e8ce5c3c
[    5.598832] random 0029 0000 0000 e7f555d9 e8ce5c3c: add_timer_randomness(.. 8388864) with jiffies: 7141432944160899497, cycles: 7141432939866226698
[    5.598946] random 0029 0000 0000 e7f555d9 e8ce5c3c: add_disk_randomness(8:0) e7f555d9 e8ce5c3c
[    5.598949] random 0029 0000 0000 e7f555d9 e8ce5c3c: add_timer_randomness(.. 8388864) with jiffies: 7142490876210282921, cycles: 7142490871915610122
[    5.599059] random 0029 0000 0000 e7f555d9 e8ce5c3c: add_disk_randomness(8:0) e7f555d9 e8ce5c3c
[    5.599062] random 0029 0000 0000 e7f555d9 e8ce5c3c: add_timer_randomness(.. 8388864) with jiffies: 7143508268063359401, cycles: 7143508263768686602
[    5.599212] random 0029 0000 0000 e7f555d9 e8ce5c3c: add_disk_randomness(8:0) e7f555d9 e8ce5c3c
[    5.599215] random 0029 0000 0000 e7f555d9 e8ce5c3c: add_timer_randomness(.. 8388864) with jiffies: 7144883460756963753, cycles: 7144883456462290954
[    5.599328] random 0029 0000 0000 e7f555d9 e8ce5c3c: add_disk_randomness(8:0) e7f555d9 e8ce5c3c
[    5.599331] random 0029 0000 0000 e7f555d9 e8ce5c3c: add_timer_randomness(.. 8388864) with jiffies: 7145931157899280809, cycles: 7145931153604608010
[    5.599568] random 0029 0000 0000 e7f555d9 e8ce5c3c: rand_read_num 10 get_random_bytes(4): sig ffffff72 e7f555d9 e8ce5c3c
[    5.599571] random 0029 0000 0000 e7f555d9 e8ce5c3c: extract_entropy(.. 4 ..)
[    5.599573] random 0029 0000 0000 e7f555d9 e8ce5c3c: going to reseed nonblocking with 64 bits (32 of 0 requested)
[    5.599576] random 0029 0000 0000 e7f555d9 e8ce5c3c: extract_entropy(.. 8 ..)
[    5.599578] random 0029 0000 0000 e7f555d9 e8ce5c3c: trying to extract 64 bits from input
[    5.599580] random 0029 0000 0000 e7f555d9 e8ce5c3c: debiting 0 entropy credits from input
[    5.599582] random 0029 0000 0000 e7f555d9 e8ce5c3c: extract_entropy account returned: 0 
[    5.599585] random 0029 0000 0000 e7f555d9 e8ce5c3c: urand_change_num 45 xfer_secondary_pool(4): pool_sig ffffff72, data_sig 00000000, bytes_mixed 0 e7f555d9 e8ce5c3c
[    5.599588] random 0029 0000 0000 e7f555d9 e8ce5c3c: trying to extract 32 bits from nonblocking
[    5.599590] random 0029 0000 0000 e7f555d9 e8ce5c3c: debiting 32 entropy credits from nonblocking (unlimited)
[    5.599592] random 0029 0000 0000 e7f555d9 e8ce5c3c: extract_entropy account returned: 4 
[    5.599596] random 0029 0000 0000 e7f555d9 e8ce5c3c: urand_change_num 46 extract_buf: pool_sig ffffff72, data_sig ffffff72, bytes_mixed 20 e7f555d9 e8ce5c3c
[    5.611161] random 0029 0000 0000 91716c54 eeb6a1e7: add_disk_randomness(8:0) 91716c54 eeb6a1e7
[    5.611164] random 0029 0000 0000 91716c54 eeb6a1e7: add_timer_randomness(.. 8388864) with jiffies: 7252414430938104245, cycles: 7252414426643431434
[    5.611167] random 0029 0000 0000 91716c54 eeb6a1e7: added 3 entropy credits to input
[    5.629434] random 0032 0000 0000 91716c54 eeb6a1e7: add_disk_randomness(8:0) 91716c54 eeb6a1e7
[    5.629437] random 0032 0000 0000 91716c54 eeb6a1e7: add_timer_randomness(.. 8388864) with jiffies: 7416836769850294728, cycles: 7416836765555621898
[    5.629439] random 0032 0000 0000 91716c54 eeb6a1e7: added 2 entropy credits to input
[    5.634104] EXT4-fs (sda2): mounted filesystem with ordered data mode
[    5.634278] VFS: Mounted root (ext4 filesystem) readonly on device 8:2.
[    5.634374] Freeing unused kernel memory: 448k freed
[    5.654575] random 0034 0000 0000 91716c54 eeb6a1e7: add_disk_randomness(8:0) 91716c54 eeb6a1e7
[    5.654578] random 0034 0000 0000 91716c54 eeb6a1e7: add_timer_randomness(.. 8388864) with jiffies: 7643083161533645281, cycles: 7643083157238972426
[    5.655307] random 0034 0000 0000 91716c54 eeb6a1e7: add_disk_randomness(8:0) 91716c54 eeb6a1e7
[    5.655310] random 0034 0000 0000 91716c54 eeb6a1e7: add_timer_randomness(.. 8388864) with jiffies: 7649681146128335329, cycles: 7649681141833662474
[    5.660029] random 0034 0000 0000 91716c54 eeb6a1e7: add_disk_randomness(8:0) 91716c54 eeb6a1e7
[    5.660032] random 0034 0000 0000 91716c54 eeb6a1e7: add_timer_randomness(.. 8388864) with jiffies: 7692162620408431078, cycles: 7692162616113758218
[    5.660034] random 0034 0000 0000 91716c54 eeb6a1e7: added 2 entropy credits to input
[    5.668230] random 0036 0000 0000 91716c54 eeb6a1e7: add_disk_randomness(8:0) 91716c54 eeb6a1e7
[    5.668233] random 0036 0000 0000 91716c54 eeb6a1e7: add_timer_randomness(.. 8388864) with jiffies: 7765964705607942638, cycles: 7765964701313269770
[    5.668235] random 0036 0000 0000 91716c54 eeb6a1e7: added 1 entropy credits to input
[    5.671656] random 0037 0000 0000 91716c54 eeb6a1e7: add_disk_randomness(8:0) 91716c54 eeb6a1e7
[    5.671659] random 0037 0000 0000 91716c54 eeb6a1e7: add_timer_randomness(.. 8388864) with jiffies: 7796790639374074354, cycles: 7796790635079401482
[    5.671662] random 0037 0000 0000 91716c54 eeb6a1e7: added 2 entropy credits to input
[    5.680545] random 0039 0000 0000 91716c54 eeb6a1e7: add_disk_randomness(8:0) 91716c54 eeb6a1e7
[    5.680548] random 0039 0000 0000 91716c54 eeb6a1e7: add_timer_randomness(.. 8388864) with jiffies: 7876777120997540347, cycles: 7876777116702867466
[    5.680550] random 0039 0000 0000 91716c54 eeb6a1e7: added 2 entropy credits to input
[    5.685503] random 0041 0000 0000 91716c54 eeb6a1e7: add_disk_randomness(8:0) 91716c54 eeb6a1e7
[    5.685506] random 0041 0000 0000 91716c54 eeb6a1e7: add_timer_randomness(.. 8388864) with jiffies: 7921395977162555904, cycles: 7921395972867883018
[    5.685509] random 0041 0000 0000 91716c54 eeb6a1e7: added 2 entropy credits to input
[    5.693580] random 0043 0000 0000 91716c54 eeb6a1e7: add_disk_randomness(8:0) 91716c54 eeb6a1e7
[    5.693583] random 0043 0000 0000 91716c54 eeb6a1e7: add_timer_randomness(.. 8388864) with jiffies: 7994083982205223432, cycles: 7994083977910550538
[    5.693586] random 0043 0000 0000 91716c54 eeb6a1e7: added 1 entropy credits to input
[    5.693609] RANDOM get_random_int call with cycles 44810995330, jiffies 4294672904 and pid 1
[    5.693612] RANDOM get_random_int call with cycles 44811002554, jiffies 4294672904 and pid 1
[    5.693614] ASLR stack rand value: 7356416 after shift for pid: 1
[    5.693616] RANDOM get_random_int call with cycles 44811010576, jiffies 4294672904 and pid 1
[    5.705223] random 0044 0000 0000 91716c54 eeb6a1e7: add_disk_randomness(8:0) 91716c54 eeb6a1e7
[    5.705226] random 0044 0000 0000 91716c54 eeb6a1e7: add_timer_randomness(.. 8388864) with jiffies: 8098858249102262803, cycles: 8098858244807589898
[    5.705236] RANDOM get_random_int call with cycles 44835359992, jiffies 4294672915 and pid 1
[    5.705239] random 0044 0000 0000 91716c54 eeb6a1e7: rand_read_num 11 get_random_bytes(16): sig fffffcad 91716c54 eeb6a1e7
[    5.705242] random 0044 0000 0000 91716c54 eeb6a1e7: extract_entropy(.. 16 ..)
[    5.705244] random 0044 0000 0000 91716c54 eeb6a1e7: going to reseed nonblocking with 128 bits (128 of 0 requested)
[    5.705247] random 0044 0000 0000 91716c54 eeb6a1e7: extract_entropy(.. 16 ..)
[    5.705249] random 0044 0000 0000 91716c54 eeb6a1e7: trying to extract 128 bits from input
[    5.705251] random 0044 0000 0000 91716c54 eeb6a1e7: debiting 0 entropy credits from input
[    5.705253] random 0044 0000 0000 91716c54 eeb6a1e7: extract_entropy account returned: 0 
[    5.705256] random 0044 0000 0000 91716c54 eeb6a1e7: urand_change_num 47 xfer_secondary_pool(16): pool_sig fffffcad, data_sig 00000000, bytes_mixed 0 91716c54 eeb6a1e7
[    5.705259] random 0044 0000 0000 91716c54 eeb6a1e7: trying to extract 128 bits from nonblocking
[    5.705262] random 0044 0000 0000 91716c54 eeb6a1e7: debiting 128 entropy credits from nonblocking (unlimited)
[    5.705264] random 0044 0000 0000 91716c54 eeb6a1e7: extract_entropy account returned: 16 
[    5.705268] random 0044 0000 0000 91716c54 eeb6a1e7: urand_change_num 48 extract_buf: pool_sig fffffcad, data_sig ffffff19, bytes_mixed 20 91716c54 eeb6a1e7
[    5.705274] random 0044 0000 0000 fd637b06 6cf47bc1: urand_change_num 49 extract_buf: pool_sig fffffede, data_sig ffffffc1, bytes_mixed 20 fd637b06 6cf47bc1
[    5.706230] random 0044 0000 0000 fd637b06 6cf47bc1: add_disk_randomness(8:0) fd637b06 6cf47bc1
[    5.706233] random 0044 0000 0000 fd637b06 6cf47bc1: add_timer_randomness(.. 8388864) with jiffies: 8107923636573930004, cycles: 8107923632279257098
[    5.707431] random 0044 0000 0000 fd637b06 6cf47bc1: add_disk_randomness(8:0) fd637b06 6cf47bc1
[    5.707434] random 0044 0000 0000 fd637b06 6cf47bc1: add_timer_randomness(.. 8388864) with jiffies: 8118717370425115158, cycles: 8118717366130442250
[    5.708583] random 0044 0000 0000 fd637b06 6cf47bc1: add_disk_randomness(8:0) fd637b06 6cf47bc1
[    5.708586] random 0044 0000 0000 fd637b06 6cf47bc1: add_timer_randomness(.. 8388864) with jiffies: 8129092916195590679, cycles: 8129092911900917770
[    5.709462] random 0044 0000 0000 fd637b06 6cf47bc1: add_disk_randomness(8:0) fd637b06 6cf47bc1
[    5.709465] random 0044 0000 0000 fd637b06 6cf47bc1: add_timer_randomness(.. 8388864) with jiffies: 8137000479268504088, cycles: 8137000474973831178
[    5.718216] random 0044 0000 0000 fd637b06 6cf47bc1: add_disk_randomness(8:0) fd637b06 6cf47bc1
[    5.718219] random 0044 0000 0000 fd637b06 6cf47bc1: add_timer_randomness(.. 8388864) with jiffies: 8215783631314715168, cycles: 8215783627020042250
[    5.718222] random 0044 0000 0000 fd637b06 6cf47bc1: added 2 entropy credits to input
[    5.718417] random 0046 0000 0000 fd637b06 6cf47bc1: add_disk_randomness(8:0) fd637b06 6cf47bc1
[    5.718420] random 0046 0000 0000 fd637b06 6cf47bc1: add_timer_randomness(.. 8388864) with jiffies: 8217585082332578337, cycles: 8217585078037905418
[    5.728602] random 0046 0000 0000 fd637b06 6cf47bc1: add_disk_randomness(8:0) fd637b06 6cf47bc1
[    5.728605] random 0046 0000 0000 fd637b06 6cf47bc1: add_timer_randomness(.. 8388864) with jiffies: 8309236802506162731, cycles: 8309236798211489802
[    5.728608] random 0046 0000 0000 fd637b06 6cf47bc1: added 3 entropy credits to input
[    5.729041] random 0049 0000 0000 fd637b06 6cf47bc1: add_disk_randomness(8:0) fd637b06 6cf47bc1
[    5.729044] random 0049 0000 0000 fd637b06 6cf47bc1: add_timer_randomness(.. 8388864) with jiffies: 8313192587644863019, cycles: 8313192583350190090
[    5.738782] random 0049 0000 0000 fd637b06 6cf47bc1: add_disk_randomness(8:0) fd637b06 6cf47bc1
[    5.738785] random 0049 0000 0000 fd637b06 6cf47bc1: add_timer_randomness(.. 8388864) with jiffies: 8400849193664217653, cycles: 8400849189369544714
[    5.738788] random 0049 0000 0000 fd637b06 6cf47bc1: added 3 entropy credits to input
[    5.738842] RANDOM get_random_int call with cycles 44905767889, jiffies 4294672949 and pid 1
[    5.743384] random 0052 0000 0000 fd637b06 6cf47bc1: add_disk_randomness(8:0) fd637b06 6cf47bc1
[    5.743388] random 0052 0000 0000 fd637b06 6cf47bc1: add_timer_randomness(.. 8388864) with jiffies: 8442259567525200442, cycles: 8442259563230527498
[    5.743390] random 0052 0000 0000 fd637b06 6cf47bc1: added 2 entropy credits to input
[    5.756207] random 0054 0000 0000 fd637b06 6cf47bc1: add_disk_randomness(8:0) fd637b06 6cf47bc1
[    5.756210] random 0054 0000 0000 fd637b06 6cf47bc1: add_timer_randomness(.. 8388864) with jiffies: 8557662830507819590, cycles: 8557662826213146634
[    5.756213] random 0054 0000 0000 fd637b06 6cf47bc1: added 2 entropy credits to input
[    5.756352] random 0056 0000 0000 fd637b06 6cf47bc1: add_disk_randomness(8:0) fd637b06 6cf47bc1
[    5.756355] random 0056 0000 0000 fd637b06 6cf47bc1: add_timer_randomness(.. 8388864) with jiffies: 8558949722968785479, cycles: 8558949718674112522
[    5.758510] random 0056 0000 0000 fd637b06 6cf47bc1: add_disk_randomness(8:0) fd637b06 6cf47bc1
[    5.758513] random 0056 0000 0000 fd637b06 6cf47bc1: add_timer_randomness(.. 8388864) with jiffies: 8578371221483913801, cycles: 8578371217189240842
[    5.758757] random 0056 0000 0000 fd637b06 6cf47bc1: add_disk_randomness(8:0) fd637b06 6cf47bc1
[    5.758760] random 0056 0000 0000 fd637b06 6cf47bc1: add_timer_randomness(.. 8388864) with jiffies: 8580597758299963977, cycles: 8580597754005291018
[    5.758900] random 0056 0000 0000 fd637b06 6cf47bc1: add_disk_randomness(8:0) fd637b06 6cf47bc1
[    5.758903] random 0056 0000 0000 fd637b06 6cf47bc1: add_timer_randomness(.. 8388864) with jiffies: 8581892179838599753, cycles: 8581892175543926794
[    5.762062] random 0056 0000 0000 fd637b06 6cf47bc1: add_disk_randomness(8:0) fd637b06 6cf47bc1
[    5.762065] random 0056 0000 0000 fd637b06 6cf47bc1: add_timer_randomness(.. 8388864) with jiffies: 8610347583715115596, cycles: 8610347579420442634
[    5.762068] random 0056 0000 0000 fd637b06 6cf47bc1: added 1 entropy credits to input
[    5.764079] random 0057 0000 0000 fd637b06 6cf47bc1: add_disk_randomness(8:0) fd637b06 6cf47bc1
[    5.764082] random 0057 0000 0000 fd637b06 6cf47bc1: add_timer_randomness(.. 8388864) with jiffies: 8628499910804341326, cycles: 8628499906509668362
[    5.771905] random 0057 0000 0000 fd637b06 6cf47bc1: add_disk_randomness(8:0) fd637b06 6cf47bc1
[    5.771908] random 0057 0000 0000 fd637b06 6cf47bc1: add_timer_randomness(.. 8388864) with jiffies: 8698920383568118358, cycles: 8698920379273445386
[    5.771911] random 0057 0000 0000 fd637b06 6cf47bc1: added 2 entropy credits to input
[    5.772042] random 0059 0000 0000 fd637b06 6cf47bc1: add_disk_randomness(8:0) fd637b06 6cf47bc1
[    5.772044] random 0059 0000 0000 fd637b06 6cf47bc1: add_timer_randomness(.. 8388864) with jiffies: 8700148379142554198, cycles: 8700148374847881226
[    5.775609] random 0059 0000 0000 fd637b06 6cf47bc1: add_disk_randomness(8:0) fd637b06 6cf47bc1
[    5.775612] random 0059 0000 0000 fd637b06 6cf47bc1: add_timer_randomness(.. 8388864) with jiffies: 8732243892356481626, cycles: 8732243888061808650
[    5.775614] random 0059 0000 0000 fd637b06 6cf47bc1: added 2 entropy credits to input
[    5.780099] random 0061 0000 0000 fd637b06 6cf47bc1: add_disk_randomness(8:0) fd637b06 6cf47bc1
[    5.780102] random 0061 0000 0000 fd637b06 6cf47bc1: add_timer_randomness(.. 8388864) with jiffies: 8772658924726485598, cycles: 8772658920431812618
[    5.785675] random 0061 0000 0000 fd637b06 6cf47bc1: add_disk_randomness(8:0) fd637b06 6cf47bc1
[    5.785678] random 0061 0000 0000 fd637b06 6cf47bc1: add_timer_randomness(.. 8388864) with jiffies: 8822826444846236260, cycles: 8822826440551563274
[    5.785681] random 0061 0000 0000 fd637b06 6cf47bc1: added 1 entropy credits to input
[    5.791953] random 0062 0000 0000 fd637b06 6cf47bc1: add_disk_randomness(8:0) fd637b06 6cf47bc1
[    5.791956] random 0062 0000 0000 fd637b06 6cf47bc1: add_timer_randomness(.. 8388864) with jiffies: 8879326507696882282, cycles: 8879326503402209290
[    5.791967] random 0062 0000 0000 fd637b06 6cf47bc1: rand_read_num 12 get_random_bytes(16): sig 0000033b fd637b06 6cf47bc1
[    5.791969] random 0062 0000 0000 fd637b06 6cf47bc1: extract_entropy(.. 16 ..)
[    5.791972] random 0062 0000 0000 fd637b06 6cf47bc1: going to reseed nonblocking with 128 bits (128 of 0 requested)
[    5.791974] random 0062 0000 0000 fd637b06 6cf47bc1: extract_entropy(.. 16 ..)
[    5.791976] random 0062 0000 0000 fd637b06 6cf47bc1: trying to extract 128 bits from input
[    5.791978] random 0062 0000 0000 fd637b06 6cf47bc1: debiting 0 entropy credits from input
[    5.791980] random 0062 0000 0000 fd637b06 6cf47bc1: extract_entropy account returned: 0 
[    5.791984] random 0062 0000 0000 fd637b06 6cf47bc1: urand_change_num 50 xfer_secondary_pool(16): pool_sig 0000033b, data_sig 00000000, bytes_mixed 0 fd637b06 6cf47bc1
[    5.791986] random 0062 0000 0000 fd637b06 6cf47bc1: trying to extract 128 bits from nonblocking
[    5.791989] random 0062 0000 0000 fd637b06 6cf47bc1: debiting 128 entropy credits from nonblocking (unlimited)
[    5.791991] random 0062 0000 0000 fd637b06 6cf47bc1: extract_entropy account returned: 16 
[    5.791995] random 0062 0000 0000 fd637b06 6cf47bc1: urand_change_num 51 extract_buf: pool_sig 0000033b, data_sig 000000d8, bytes_mixed 20 fd637b06 6cf47bc1
[    5.792001] random 0062 0000 0000 0ec1f012 d4727ca8: urand_change_num 52 extract_buf: pool_sig fffffcf5, data_sig 00000016, bytes_mixed 20 0ec1f012 d4727ca8
[    5.798695] random 0062 0000 0000 45b1d0b1 845a73f7: add_disk_randomness(8:0) 45b1d0b1 845a73f7
[    5.798698] random 0062 0000 0000 45b1d0b1 845a73f7: add_timer_randomness(.. 8388864) with jiffies: 8939993187040854641, cycles: 8939993182746181642
[    5.805920] random 0062 0000 0000 45b1d0b1 845a73f7: add_disk_randomness(8:0) 45b1d0b1 845a73f7
[    5.805923] random 0062 0000 0000 45b1d0b1 845a73f7: add_timer_randomness(.. 8388864) with jiffies: 9005013773517030008, cycles: 9005013769222357002
[    5.813935] random 0062 0000 0000 45b1d0b1 845a73f7: add_disk_randomness(8:0) 45b1d0b1 845a73f7
[    5.813938] random 0062 0000 0000 45b1d0b1 845a73f7: add_timer_randomness(.. 8388864) with jiffies: 9077136706892432000, cycles: 9077136702597758986
[    5.823337] random 0062 0000 0000 45b1d0b1 845a73f7: add_disk_randomness(8:0) 45b1d0b1 845a73f7
[    5.823340] random 0062 0000 0000 45b1d0b1 845a73f7: add_timer_randomness(.. 8388864) with jiffies: 9161742941238821514, cycles: 9161742936944148490
[    5.826482] random 0062 0000 0000 45b1d0b1 845a73f7: add_disk_randomness(8:0) 45b1d0b1 845a73f7
[    5.826485] random 0062 0000 0000 45b1d0b1 845a73f7: add_timer_randomness(.. 8388864) with jiffies: 9190039152152511117, cycles: 9190039147857838090
[    5.826487] random 0062 0000 0000 45b1d0b1 845a73f7: added 1 entropy credits to input
[    5.840745] random 0063 0000 0000 45b1d0b1 845a73f7: add_disk_randomness(8:0) 45b1d0b1 845a73f7
[    5.840748] random 0063 0000 0000 45b1d0b1 845a73f7: add_timer_randomness(.. 8388864) with jiffies: 9318395400844706459, cycles: -9128348677159518198
[    5.840751] random 0063 0000 0000 45b1d0b1 845a73f7: added 3 entropy credits to input
[    5.846141] random 0066 0000 0000 45b1d0b1 845a73f7: add_disk_randomness(8:0) 45b1d0b1 845a73f7
[    5.846144] random 0066 0000 0000 45b1d0b1 845a73f7: add_timer_randomness(.. 8388864) with jiffies: 9366955525158961824, cycles: -9079788552845262838
[    5.846146] random 0066 0000 0000 45b1d0b1 845a73f7: added 2 entropy credits to input
[    5.851309] random 0068 0000 0000 45b1d0b1 845a73f7: add_disk_randomness(8:0) 45b1d0b1 845a73f7
[    5.851315] random 0068 0000 0000 45b1d0b1 845a73f7: add_timer_randomness(.. 8388864) with jiffies: 9413480457745171110, cycles: -9033263620259053558
[    5.859541] random 0068 0000 0000 45b1d0b1 845a73f7: add_disk_randomness(8:0) 45b1d0b1 845a73f7
[    5.859544] random 0068 0000 0000 45b1d0b1 845a73f7: add_timer_randomness(.. 8388864) with jiffies: 9487537294634877614, cycles: -8959206783369347062
[    5.869140] random 0068 0000 0000 45b1d0b1 845a73f7: add_disk_randomness(8:0) 45b1d0b1 845a73f7
[    5.869143] random 0068 0000 0000 45b1d0b1 845a73f7: add_timer_randomness(.. 8388864) with jiffies: 9573924909616956087, cycles: -8872819168387268598
[    5.888640] random 0068 0000 0000 45b1d0b1 845a73f7: add_disk_randomness(8:0) 45b1d0b1 845a73f7
[    5.888643] random 0068 0000 0000 45b1d0b1 845a73f7: add_timer_randomness(.. 8388864) with jiffies: 9749396773452612299, cycles: -8697347304551612406
[    5.888646] random 0068 0000 0000 45b1d0b1 845a73f7: added 3 entropy credits to input
[    5.901921] random 0071 0000 0000 45b1d0b1 845a73f7: add_disk_randomness(8:0) 45b1d0b1 845a73f7
[    5.901924] random 0071 0000 0000 45b1d0b1 845a73f7: add_timer_randomness(.. 8388864) with jiffies: 9868912987312194264, cycles: -8577831090692030454
[    5.901927] random 0071 0000 0000 45b1d0b1 845a73f7: added 2 entropy credits to input
[    5.909939] random 0073 0000 0000 45b1d0b1 845a73f7: add_disk_randomness(8:0) 45b1d0b1 845a73f7
[    5.909942] random 0073 0000 0000 45b1d0b1 845a73f7: add_timer_randomness(.. 8388864) with jiffies: 9941062081333396192, cycles: -8505681996670828534
[    5.909944] random 0073 0000 0000 45b1d0b1 845a73f7: added 1 entropy credits to input
[    5.919951] random 0074 0000 0000 45b1d0b1 845a73f7: add_disk_randomness(8:0) 45b1d0b1 845a73f7
[    5.919954] random 0074 0000 0000 45b1d0b1 845a73f7: add_timer_randomness(.. 8388864) with jiffies: 10031162274636071658, cycles: -8415581803368153078
[    5.919957] random 0074 0000 0000 45b1d0b1 845a73f7: added 1 entropy credits to input
[    5.924520] random 0075 0000 0000 45b1d0b1 845a73f7: add_disk_randomness(8:0) 45b1d0b1 845a73f7
[    5.924522] random 0075 0000 0000 45b1d0b1 845a73f7: add_timer_randomness(.. 8388864) with jiffies: 10072266846825579247, cycles: -8374477231178645494
[    5.924525] random 0075 0000 0000 45b1d0b1 845a73f7: added 2 entropy credits to input
[    5.931870] random 0077 0000 0000 45b1d0b1 845a73f7: add_disk_randomness(8:0) 45b1d0b1 845a73f7
[    5.931873] random 0077 0000 0000 45b1d0b1 845a73f7: add_timer_randomness(.. 8388864) with jiffies: 10138419775659541238, cycles: -8308324302344683510
[    5.931876] random 0077 0000 0000 45b1d0b1 845a73f7: added 1 entropy credits to input
[    5.937118] random 0078 0000 0000 45b1d0b1 845a73f7: add_disk_randomness(8:0) 45b1d0b1 845a73f7
[    5.937121] random 0078 0000 0000 45b1d0b1 845a73f7: add_timer_randomness(.. 8388864) with jiffies: 10185642271064163067, cycles: -8261101806940061686
[    5.937123] random 0078 0000 0000 45b1d0b1 845a73f7: added 1 entropy credits to input
[    5.943558] random 0079 0000 0000 45b1d0b1 845a73f7: add_disk_randomness(8:0) 45b1d0b1 845a73f7
[    5.943561] random 0079 0000 0000 45b1d0b1 845a73f7: add_timer_randomness(.. 8388864) with jiffies: 10243588732871213826, cycles: -8203155345133010934
[    5.943563] random 0079 0000 0000 45b1d0b1 845a73f7: added 1 entropy credits to input
[    5.948608] random 0080 0000 0000 45b1d0b1 845a73f7: add_disk_randomness(8:0) 45b1d0b1 845a73f7
[    5.948611] random 0080 0000 0000 45b1d0b1 845a73f7: add_timer_randomness(.. 8388864) with jiffies: 10289036882796577543, cycles: -8157707195207647222
[    5.948614] random 0080 0000 0000 45b1d0b1 845a73f7: added 1 entropy credits to input
[    5.954509] random 0081 0000 0000 45b1d0b1 845a73f7: add_disk_randomness(8:0) 45b1d0b1 845a73f7
[    5.954512] random 0081 0000 0000 45b1d0b1 845a73f7: add_timer_randomness(.. 8388864) with jiffies: 10342135447512908557, cycles: -8104608630491316214
[    5.963863] random 0081 0000 0000 45b1d0b1 845a73f7: add_disk_randomness(8:0) 45b1d0b1 845a73f7
[    5.963866] random 0081 0000 0000 45b1d0b1 845a73f7: add_timer_randomness(.. 8388864) with jiffies: 10426314384152953622, cycles: -8020429693851271158
[    5.963868] random 0081 0000 0000 45b1d0b1 845a73f7: added 1 entropy credits to input
[    5.968745] random 0082 0000 0000 45b1d0b1 845a73f7: add_disk_randomness(8:0) 45b1d0b1 845a73f7
[    5.968748] random 0082 0000 0000 45b1d0b1 845a73f7: add_timer_randomness(.. 8388864) with jiffies: 10470247312565961499, cycles: -7976496765438263286
[    5.968751] random 0082 0000 0000 45b1d0b1 845a73f7: added 2 entropy credits to input
[    5.976170] random 0084 0000 0000 45b1d0b1 845a73f7: add_disk_randomness(8:0) 45b1d0b1 845a73f7
[    5.976173] random 0084 0000 0000 45b1d0b1 845a73f7: add_timer_randomness(.. 8388864) with jiffies: 10537071965695083298, cycles: -7909672112309141494
[    5.976176] random 0084 0000 0000 45b1d0b1 845a73f7: added 1 entropy credits to input
[    5.982389] random 0085 0000 0000 45b1d0b1 845a73f7: add_disk_randomness(8:0) 45b1d0b1 845a73f7
[    5.982392] random 0085 0000 0000 45b1d0b1 845a73f7: add_timer_randomness(.. 8388864) with jiffies: 10593022204012364585, cycles: -7853721873991860214
[    5.987852] random 0085 0000 0000 45b1d0b1 845a73f7: add_disk_randomness(8:0) 45b1d0b1 845a73f7
[    5.987856] random 0085 0000 0000 45b1d0b1 845a73f7: add_timer_randomness(.. 8388864) with jiffies: 10642194339691463470, cycles: -7804549738312761334
[    5.987858] random 0085 0000 0000 45b1d0b1 845a73f7: added 1 entropy credits to input
[    5.996944] random 0086 0000 0000 45b1d0b1 845a73f7: add_disk_randomness(8:0) 45b1d0b1 845a73f7
[    5.996947] random 0086 0000 0000 45b1d0b1 845a73f7: add_timer_randomness(.. 8388864) with jiffies: 10724007977712059191, cycles: -7722736100292165622
[    5.996950] random 0086 0000 0000 45b1d0b1 845a73f7: added 2 entropy credits to input
[    6.004365] random 0088 0000 0000 45b1d0b1 845a73f7: add_disk_randomness(8:0) 45b1d0b1 845a73f7
[    6.004368] random 0088 0000 0000 45b1d0b1 845a73f7: add_timer_randomness(.. 8388864) with jiffies: 10790779729728996159, cycles: -7655964348275228662
[    6.014043] random 0088 0000 0000 45b1d0b1 845a73f7: add_disk_randomness(8:0) 45b1d0b1 845a73f7
[    6.014046] random 0088 0000 0000 45b1d0b1 845a73f7: add_timer_randomness(.. 8388864) with jiffies: 10877878436676469576, cycles: -7568865641327755254
[    6.024669] random 0088 0000 0000 45b1d0b1 845a73f7: add_disk_randomness(8:0) 45b1d0b1 845a73f7
[    6.024672] random 0088 0000 0000 45b1d0b1 845a73f7: add_timer_randomness(.. 8388864) with jiffies: 10973494467498836819, cycles: -7473249610505388022
[    6.037186] random 0088 0000 0000 45b1d0b1 845a73f7: add_disk_randomness(8:0) 45b1d0b1 845a73f7
[    6.037189] random 0088 0000 0000 45b1d0b1 845a73f7: add_timer_randomness(.. 8388864) with jiffies: 11086144007904658271, cycles: -7360600070099566582
[    6.038405] random 0088 0000 0000 45b1d0b1 845a73f7: add_disk_randomness(8:0) 45b1d0b1 845a73f7
[    6.038408] random 0088 0000 0000 45b1d0b1 845a73f7: add_timer_randomness(.. 8388864) with jiffies: 11097098197439054689, cycles: -7349645880565170166
[    6.038410] random 0088 0000 0000 45b1d0b1 845a73f7: added 1 entropy credits to input
[    6.042414] random 0089 0000 0000 45b1d0b1 845a73f7: add_disk_randomness(8:0) 45b1d0b1 845a73f7
[    6.042417] random 0089 0000 0000 45b1d0b1 845a73f7: add_timer_randomness(.. 8388864) with jiffies: 11133180385196475237, cycles: -7313563692807749622
[    6.042420] random 0089 0000 0000 45b1d0b1 845a73f7: added 1 entropy credits to input
[    6.051749] random 0090 0000 0000 45b1d0b1 845a73f7: add_disk_randomness(8:0) 45b1d0b1 845a73f7
[    6.051752] random 0090 0000 0000 45b1d0b1 845a73f7: add_timer_randomness(.. 8388864) with jiffies: 11217188227519316846, cycles: -7229555850484908022
[    6.051755] random 0090 0000 0000 45b1d0b1 845a73f7: added 1 entropy credits to input
[    6.052139] random 0091 0000 0000 45b1d0b1 845a73f7: add_disk_randomness(8:0) 45b1d0b1 845a73f7
[    6.052142] random 0091 0000 0000 45b1d0b1 845a73f7: add_timer_randomness(.. 8388864) with jiffies: 11220699444888175470, cycles: -7226044633116049398
[    6.067756] random 0091 0000 0000 45b1d0b1 845a73f7: add_disk_randomness(8:0) 45b1d0b1 845a73f7
[    6.067759] random 0091 0000 0000 45b1d0b1 845a73f7: add_timer_randomness(.. 8388864) with jiffies: 11361229537862714238, cycles: -7085514540141510646
[    6.067762] random 0091 0000 0000 45b1d0b1 845a73f7: added 4 entropy credits to input
[    6.069388] random 0095 0000 0000 45b1d0b1 845a73f7: add_disk_randomness(8:0) 45b1d0b1 845a73f7
[    6.069391] random 0095 0000 0000 45b1d0b1 845a73f7: add_timer_randomness(.. 8388864) with jiffies: 11375915560056095616, cycles: -7070828517948129270
[    6.069394] random 0095 0000 0000 45b1d0b1 845a73f7: added 1 entropy credits to input
[    6.069544] random 0096 0000 0000 45b1d0b1 845a73f7: add_disk_randomness(8:0) 45b1d0b1 845a73f7
[    6.069547] random 0096 0000 0000 45b1d0b1 845a73f7: add_timer_randomness(.. 8388864) with jiffies: 11377318219065557888, cycles: -7069425858938666998
[    6.080405] random 0096 0000 0000 45b1d0b1 845a73f7: add_disk_randomness(8:0) 45b1d0b1 845a73f7
[    6.080408] random 0096 0000 0000 45b1d0b1 845a73f7: add_timer_randomness(.. 8388864) with jiffies: 11475053949392487307, cycles: -6971690128611737590
[    6.080411] random 0096 0000 0000 45b1d0b1 845a73f7: added 3 entropy credits to input
[    6.080972] random 0099 0000 0000 45b1d0b1 845a73f7: add_disk_randomness(8:0) 45b1d0b1 845a73f7
[    6.080975] random 0099 0000 0000 45b1d0b1 845a73f7: add_timer_randomness(.. 8388864) with jiffies: 11480163637624800139, cycles: -6966580440379424758
[    6.086201] random 0099 0000 0000 45b1d0b1 845a73f7: add_disk_randomness(8:0) 45b1d0b1 845a73f7
[    6.086204] random 0099 0000 0000 45b1d0b1 845a73f7: add_timer_randomness(.. 8388864) with jiffies: 11527222653689234320, cycles: -6919521424314990582
[    6.086207] random 0099 0000 0000 45b1d0b1 845a73f7: added 2 entropy credits to input
[    6.087957] random 0101 0000 0000 45b1d0b1 845a73f7: add_disk_randomness(8:0) 45b1d0b1 845a73f7
[    6.087960] random 0101 0000 0000 45b1d0b1 845a73f7: add_timer_randomness(.. 8388864) with jiffies: 11543021317225415570, cycles: -6903722760778809334
[    6.087963] random 0101 0000 0000 45b1d0b1 845a73f7: added 1 entropy credits to input
[    6.098187] random 0102 0000 0000 45b1d0b1 845a73f7: add_disk_randomness(8:0) 45b1d0b1 845a73f7
[    6.098190] random 0102 0000 0000 45b1d0b1 845a73f7: add_timer_randomness(.. 8388864) with jiffies: 11635084456611251100, cycles: -6811659621392973814
[    6.098193] random 0102 0000 0000 45b1d0b1 845a73f7: added 3 entropy credits to input
[    6.112114] random 0105 0000 0000 45b1d0b1 845a73f7: add_disk_randomness(8:0) 45b1d0b1 845a73f7
[    6.112117] random 0105 0000 0000 45b1d0b1 845a73f7: add_timer_randomness(.. 8388864) with jiffies: 11760405396080788394, cycles: -6686338681923436534
[    6.112120] random 0105 0000 0000 45b1d0b1 845a73f7: added 2 entropy credits to input
[    6.124631] random 0107 0000 0000 45b1d0b1 845a73f7: add_disk_randomness(8:0) 45b1d0b1 845a73f7
