[    0.000000] random 0000 0000 0000 00000000 00000000: rand_read_num 1 get_random_bytes(8): sig 00000000 00000000 00000000
[    0.000000] random 0000 0000 0000 00000000 00000000: extract_entropy(.. 8 ..)
[    0.000000] random 0000 0000 0000 00000000 00000000: going to reseed nonblocking with 64 bits (64 of 0 requested)
[    0.000000] random 0000 0000 0000 00000000 00000000: extract_entropy(.. 8 ..)
[    0.000000] random 0000 0000 0000 00000000 00000000: trying to extract 64 bits from input
[    0.000000] random 0000 0000 0000 00000000 00000000: debiting 0 entropy credits from input
[    0.000000] random 0000 0000 0000 00000000 00000000: extract_entropy account returned: 0 
[    0.000000] random 0000 0000 0000 00000000 00000000: urand_change_num 1 xfer_secondary_pool(8): pool_sig 00000000, data_sig 00000000, bytes_mixed 0 00000000 00000000
[    0.000000] random 0000 0000 0000 00000000 00000000: trying to extract 64 bits from nonblocking
[    0.000000] random 0000 0000 0000 00000000 00000000: debiting 64 entropy credits from nonblocking (unlimited)
[    0.000000] random 0000 0000 0000 00000000 00000000: extract_entropy account returned: 8 
[    0.000000] random 0000 0000 0000 00000000 00000000: urand_change_num 2 extract_buf: pool_sig 00000000, data_sig fffffff9, bytes_mixed 20 00000000 00000000
[    0.000000] Linux version 2.6.32.57 (dcashman@dcashman-02) (gcc version 4.3.3 (GCC) ) #6 Thu May 30 09:02:12 PDT 2013
[    0.000000] KERNEL supported cpus:
[    0.000000]   Intel GenuineIntel
[    0.000000]   AMD AuthenticAMD
[    0.000000]   NSC Geode by NSC
[    0.000000]   Cyrix CyrixInstead
[    0.000000]   Centaur CentaurHauls
[    0.000000]   Transmeta GenuineTMx86
[    0.000000]   Transmeta TransmetaCPU
[    0.000000]   UMC UMC UMC UMC
[    0.000000] BIOS-provided physical RAM map:
[    0.000000]  BIOS-e820: 0000000000000000 - 000000000009d800 (usable)
[    0.000000]  BIOS-e820: 000000000009d800 - 00000000000a0000 (reserved)
[    0.000000]  BIOS-e820: 00000000000d2000 - 00000000000d4000 (reserved)
[    0.000000]  BIOS-e820: 00000000000e0000 - 0000000000100000 (reserved)
[    0.000000]  BIOS-e820: 0000000000100000 - 000000003d6b0000 (usable)
[    0.000000]  BIOS-e820: 000000003d6b0000 - 000000003d6cc000 (ACPI data)
[    0.000000]  BIOS-e820: 000000003d6cc000 - 000000003d700000 (ACPI NVS)
[    0.000000]  BIOS-e820: 000000003d700000 - 000000003e000000 (reserved)
[    0.000000]  BIOS-e820: 00000000f0000000 - 00000000f4000000 (reserved)
[    0.000000]  BIOS-e820: 00000000fec00000 - 00000000fec10000 (reserved)
[    0.000000]  BIOS-e820: 00000000fed00000 - 00000000fed00400 (reserved)
[    0.000000]  BIOS-e820: 00000000fed14000 - 00000000fed1a000 (reserved)
[    0.000000]  BIOS-e820: 00000000fed1c000 - 00000000fed90000 (reserved)
[    0.000000]  BIOS-e820: 00000000fee00000 - 00000000fee01000 (reserved)
[    0.000000]  BIOS-e820: 00000000ff000000 - 0000000100000000 (reserved)
[    0.000000] DMI present.
[    0.000000] last_pfn = 0x3d6b0 max_arch_pfn = 0x100000
[    0.000000] MTRR default type: uncachable
[    0.000000] MTRR fixed ranges enabled:
[    0.000000]   00000-9FFFF write-back
[    0.000000]   A0000-BFFFF uncachable
[    0.000000]   C0000-CFFFF write-protect
[    0.000000]   D0000-DFFFF uncachable
[    0.000000]   E0000-FFFFF write-protect
[    0.000000] MTRR variable ranges enabled:
[    0.000000]   0 base 03E000000 mask FFE000000 uncachable
[    0.000000]   1 base 000000000 mask FC0000000 write-back
[    0.000000]   2 base 03D700000 mask FFFF00000 uncachable
[    0.000000]   3 base 03D800000 mask FFF800000 uncachable
[    0.000000]   4 disabled
[    0.000000]   5 disabled
[    0.000000]   6 disabled
[    0.000000]   7 disabled
[    0.000000] initial memory mapped : 0 - 02000000
[    0.000000] init_memory_mapping: 0000000000000000-00000000377fe000
[    0.000000]  0000000000 - 0000400000 page 4k
[    0.000000]  0000400000 - 0037400000 page 2M
[    0.000000]  0037400000 - 00377fe000 page 4k
[    0.000000] kernel direct mapping tables up to 377fe000 @ 7000-c000
[    0.000000] ACPI: RSDP 000f68d0 00024 (v02 LENOVO)
[    0.000000] ACPI: XSDT 3d6bb77f 00094 (v01 LENOVO TP-7L    00002170  LTP 00000000)
[    0.000000] ACPI: FACP 3d6bb900 000F4 (v03 LENOVO TP-7L    00002170 LNVO 00000001)
[    0.000000] ACPI Warning: 32/64X length mismatch in Gpe1Block: 0/32 (20090903/tbfadt-526)
[    0.000000] ACPI Warning: Optional field Gpe1Block has zero address or length: 000000000000102C/0 (20090903/tbfadt-557)
[    0.000000] ACPI: DSDT 3d6bbd1d 0FED1 (v01 LENOVO TP-7L    00002170 MSFT 03000000)
[    0.000000] ACPI: FACS 3d6e4000 00040
[    0.000000] ACPI: SSDT 3d6bbab4 00269 (v01 LENOVO TP-7L    00002170 MSFT 03000000)
[    0.000000] ACPI: ECDT 3d6cbbee 00052 (v01 LENOVO TP-7L    00002170 LNVO 00000001)
[    0.000000] ACPI: TCPA 3d6cbc40 00032 (v02 LENOVO TP-7L    00002170 LNVO 00000001)
[    0.000000] ACPI: APIC 3d6cbc72 00068 (v01 LENOVO TP-7L    00002170 LNVO 00000001)
[    0.000000] ACPI: MCFG 3d6cbcda 0003C (v01 LENOVO TP-7L    00002170 LNVO 00000001)
[    0.000000] ACPI: HPET 3d6cbd16 00038 (v01 LENOVO TP-7L    00002170 LNVO 00000001)
[    0.000000] ACPI: SLIC 3d6cbdf0 00176 (v01 LENOVO TP-7L    00002170  LTP 00000000)
[    0.000000] ACPI: BOOT 3d6cbf66 00028 (v01 LENOVO TP-7L    00002170  LTP 00000001)
[    0.000000] ACPI: ASF! 3d6cbf8e 00072 (v16 LENOVO TP-7L    00002170 PTL  00000001)
[    0.000000] ACPI: SSDT 3d6e26d9 0025F (v01 LENOVO TP-7L    00002170 INTL 20050513)
[    0.000000] ACPI: SSDT 3d6e2938 000A6 (v01 LENOVO TP-7L    00002170 INTL 20050513)
[    0.000000] ACPI: SSDT 3d6e29de 004F7 (v01 LENOVO TP-7L    00002170 INTL 20050513)
[    0.000000] ACPI: SSDT 3d6e2ed5 001D8 (v01 LENOVO TP-7L    00002170 INTL 20050513)
[    0.000000] ACPI: DMI detected: Lenovo ThinkPad R61
[    0.000000] ACPI: Added _OSI(Linux)
[    0.000000] ACPI: Local APIC address 0xfee00000
[    0.000000] 94MB HIGHMEM available.
[    0.000000] 887MB LOWMEM available.
[    0.000000]   mapped low ram: 0 - 377fe000
[    0.000000]   low ram: 0 - 377fe000
[    0.000000]   node 0 low ram: 00000000 - 377fe000
[    0.000000]   node 0 bootmap 00008000 - 0000ef00
[    0.000000] (6 early reservations) ==> bootmem [0000000000 - 00377fe000]
[    0.000000]   #0 [0000000000 - 0000001000]   BIOS data page ==> [0000000000 - 0000001000]
[    0.000000]   #1 [0001000000 - 0001bdc180]    TEXT DATA BSS ==> [0001000000 - 0001bdc180]
[    0.000000]   #2 [000009d800 - 0000100000]    BIOS reserved ==> [000009d800 - 0000100000]
[    0.000000]   #3 [0001bdd000 - 0001be516c]              BRK ==> [0001bdd000 - 0001be516c]
[    0.000000]   #4 [0000007000 - 0000008000]          PGTABLE ==> [0000007000 - 0000008000]
[    0.000000]   #5 [0000008000 - 000000f000]          BOOTMAP ==> [0000008000 - 000000f000]
[    0.000000] found SMP MP-table at [c00f6900] f6900
[    0.000000] Zone PFN ranges:
[    0.000000]   DMA      0x00000000 -> 0x00001000
[    0.000000]   Normal   0x00001000 -> 0x000377fe
[    0.000000]   HighMem  0x000377fe -> 0x0003d6b0
[    0.000000] Movable zone start PFN for each node
[    0.000000] early_node_map[2] active PFN ranges
[    0.000000]     0: 0x00000000 -> 0x0000009d
[    0.000000]     0: 0x00000100 -> 0x0003d6b0
[    0.000000] On node 0 totalpages: 251469
[    0.000000] free_area_init_node: node 0, pgdat c1901ea0, node_mem_map c1be7000
[    0.000000]   DMA zone: 32 pages used for memmap
[    0.000000]   DMA zone: 0 pages reserved
[    0.000000]   DMA zone: 3965 pages, LIFO batch:0
[    0.000000]   Normal zone: 1744 pages used for memmap
[    0.000000]   Normal zone: 221486 pages, LIFO batch:31
[    0.000000]   HighMem zone: 190 pages used for memmap
[    0.000000]   HighMem zone: 24052 pages, LIFO batch:3
[    0.000000] Using APIC driver default
[    0.000000] ACPI: PM-Timer IO Port: 0x1008
[    0.000000] ACPI: Local APIC address 0xfee00000
[    0.000000] ACPI: LAPIC (acpi_id[0x00] lapic_id[0x00] enabled)
[    0.000000] ACPI: LAPIC (acpi_id[0x01] lapic_id[0x01] enabled)
[    0.000000] ACPI: NR_CPUS/possible_cpus limit of 1 reached.  Processor 1/0x1 ignored.
[    0.000000] ACPI: LAPIC_NMI (acpi_id[0x00] high edge lint[0x1])
[    0.000000] ACPI: LAPIC_NMI (acpi_id[0x01] high edge lint[0x1])
[    0.000000] ACPI: IOAPIC (id[0x01] address[0xfec00000] gsi_base[0])
[    0.000000] IOAPIC[0]: apic_id 1, version 32, address 0xfec00000, GSI 0-23
[    0.000000] ACPI: INT_SRC_OVR (bus 0 bus_irq 0 global_irq 2 dfl dfl)
[    0.000000] ACPI: INT_SRC_OVR (bus 0 bus_irq 9 global_irq 9 high level)
[    0.000000] ACPI: IRQ0 used by override.
[    0.000000] ACPI: IRQ2 used by override.
[    0.000000] ACPI: IRQ9 used by override.
[    0.000000] Using ACPI (MADT) for SMP configuration information
[    0.000000] ACPI: HPET id: 0x8086a201 base: 0xfed00000
[    0.000000] nr_irqs_gsi: 24
[    0.000000] PM: Registered nosave memory: 000000000009d000 - 000000000009e000
[    0.000000] PM: Registered nosave memory: 000000000009e000 - 00000000000a0000
[    0.000000] PM: Registered nosave memory: 00000000000a0000 - 00000000000d2000
[    0.000000] PM: Registered nosave memory: 00000000000d2000 - 00000000000d4000
[    0.000000] PM: Registered nosave memory: 00000000000d4000 - 00000000000e0000
[    0.000000] PM: Registered nosave memory: 00000000000e0000 - 0000000000100000
[    0.000000] Allocating PCI resources starting at 3e000000 (gap: 3e000000:b2000000)
[    0.000000] Built 1 zonelists in Zone order, mobility grouping on.  Total pages: 249503
[    0.000000] Kernel command line: auto BOOT_IMAGE=Linux ro root=802 vt.default_utf8=0 maxcpus=0
[    0.000000] PID hash table entries: 4096 (order: 2, 16384 bytes)
[    0.000000] Dentry cache hash table entries: 131072 (order: 7, 524288 bytes)
[    0.000000] Inode-cache hash table entries: 65536 (order: 6, 262144 bytes)
[    0.000000] Enabling fast FPU save and restore... done.
[    0.000000] Enabling unmasked SIMD FPU exception support... done.
[    0.000000] Initializing CPU#0
[    0.000000] Initializing HighMem for node 0 (000377fe:0003d6b0)
[    0.000000] Memory: 984800k/1006272k available (6915k kernel code, 20876k reserved, 2327k data, 448k init, 96968k highmem)
[    0.000000] virtual kernel memory layout:
[    0.000000]     fixmap  : 0xfffa3000 - 0xfffff000   ( 368 kB)
[    0.000000]     pkmap   : 0xff800000 - 0xffc00000   (4096 kB)
[    0.000000]     vmalloc : 0xf7ffe000 - 0xff7fe000   ( 120 MB)
[    0.000000]     lowmem  : 0xc0000000 - 0xf77fe000   ( 887 MB)
[    0.000000]       .init : 0xc1907000 - 0xc1977000   ( 448 kB)
[    0.000000]       .data : 0xc16c0d3f - 0xc1906c64   (2327 kB)
[    0.000000]       .text : 0xc1000000 - 0xc16c0d3f   (6915 kB)
[    0.000000] Checking if this processor honours the WP bit even in supervisor mode...Ok.
[    0.000000] SLUB: Genslabs=13, HWalign=64, Order=0-3, MinObjects=0, CPUs=1, Nodes=1
[    0.000000] Hierarchical RCU implementation.
[    0.000000] NR_IRQS:288
[    0.000000] Extended CMOS year: 2000
[    0.000000] Console: colour VGA+ 80x25
[    0.000000] console [tty0] enabled
[    0.000000] hpet clockevent registered
[    0.000000] Fast TSC calibration using PIT
[    0.000000] Detected 2094.544 MHz processor.
[    0.001002] Calibrating delay loop (skipped), value calculated using timer frequency.. 4189.08 BogoMIPS (lpj=2094544)
[    0.001170] Security Framework initialized
[    0.001259] Mount-cache hash table entries: 512
[    0.001411] CPU: L1 I cache: 32K, L1 D cache: 32K
[    0.001541] CPU: L2 cache: 3072K
[    0.001617] mce: CPU supports 6 MCE banks
[    0.001701] CPU0: Thermal monitoring enabled (TM2)
[    0.002003] using mwait in idle threads.
[    0.002087] CPU: Intel(R) Core(TM)2 Duo CPU     T8100  @ 2.10GHz stepping 06
[    0.002269] Checking 'hlt' instruction... OK.
[    0.006943] ACPI: Core revision 20090903
[    0.026011] RANDOM get_random_int first call with cycles 32572305601, jiffies 4294667322 and pid 0
[    0.026019] CANARY value: 6b9efc24 for PID: 1
[    0.026026] CANARY value: 3b872a5b for PID: 2
[    0.026050] Enabling APIC mode:  Flat.  Using 1 I/O APICs
[    0.026512] ..TIMER: vector=0x30 apic1=0 pin1=2 apic2=-1 pin2=-1
[    0.036997] xor: automatically using best checksumming function: pIII_sse
[    0.040998]    pIII_sse  :  8568.000 MB/sec
[    0.041105] xor: using function: pIII_sse (8568.000 MB/sec)
[    0.041195] RANDOM - __seed init called.
[    0.041196] RANDOM - __seed init called.
[    0.041196] RANDOM - __seed init called.
[    0.041198] RANDOM - __random32 called. Change num 1.  Value: e6b75c0e	845fdb3c	4764ecc7
[    0.041200] RANDOM - __random32 called. Change num 2.  Value: 75c0e1a6	45fdb3ca	d98f8871
[    0.041202] RANDOM - __random32 called. Change num 3.  Value: e1a6d3e	5fdb3ca9	10e2be79
[    0.041204] RANDOM - __random32 called. Change num 4.  Value: a6d3e877	fdb3ca90	7cf2fee9
[    0.041205] RANDOM - __random32 called. Change num 5.  Value: 3e877b7b	db3ca905	fdd36ca1
[    0.041207] RANDOM - __random32 called. Change num 6.  Value: 77b7ba3d	b3ca905b	d9426901
[    0.041209] RANDOM - random32 init called.  Value: 77b7ba3d	b3ca905b	d9426901
[    0.041226] NET: Registered protocol family 16
[    0.041494] ACPI FADT declares the system doesn't support PCIe ASPM, so disable it
[    0.041631] ACPI: bus type pci registered
[    0.041798] PCI: MCFG configuration 0: base f0000000 segment 0 buses 0 - 63
[    0.041894] PCI: MCFG area at f0000000 reserved in E820
[    0.041984] PCI: Using MMCONFIG for extended config space
[    0.042002] PCI: Using configuration type 1 for base access
[    0.045179] bio: create slab <bio-0> at 0
[    0.046021] ACPI: EC: EC description table is found, configuring boot EC
[    0.051184] ACPI: BIOS _OSI(Linux) query honored via DMI
[    0.051913] random 0000 0000 0000 00000000 00000000: rand_read_num 2 get_random_bytes(8): sig fffffe1a 00000000 00000000
[    0.051916] random 0000 0000 0000 00000000 00000000: extract_entropy(.. 8 ..)
[    0.051919] random 0000 0000 0000 00000000 00000000: going to reseed nonblocking with 64 bits (64 of 0 requested)
[    0.051921] random 0000 0000 0000 00000000 00000000: extract_entropy(.. 8 ..)
[    0.051923] random 0000 0000 0000 00000000 00000000: trying to extract 64 bits from input
[    0.051925] random 0000 0000 0000 00000000 00000000: debiting 0 entropy credits from input
[    0.051927] random 0000 0000 0000 00000000 00000000: extract_entropy account returned: 0 
[    0.051957] random 0000 0000 0000 00000000 00000000: urand_change_num 3 xfer_secondary_pool(8): pool_sig fffffe1a, data_sig 00000000, bytes_mixed 0 00000000 00000000
[    0.051960] random 0000 0000 0000 00000000 00000000: trying to extract 64 bits from nonblocking
[    0.051963] random 0000 0000 0000 00000000 00000000: debiting 64 entropy credits from nonblocking (unlimited)
[    0.051965] random 0000 0000 0000 00000000 00000000: extract_entropy account returned: 8 
[    0.051969] random 0000 0000 0000 00000000 00000000: urand_change_num 4 extract_buf: pool_sig fffffe1a, data_sig fffffed7, bytes_mixed 20 00000000 00000000
[    0.057712] ACPI: Interpreter enabled
[    0.057806] ACPI: (supports S0 S3 S4 S5)
[    0.058143] ACPI: Using IOAPIC for interrupt routing
[    0.067624] ACPI: EC: GPE = 0x12, I/O: command/status = 0x66, data = 0x62
[    0.067892] ACPI: Power Resource [PUBS] (on)
[    0.070023] ACPI: ACPI Dock Station Driver: 3 docks/bays found
[    0.070437] ACPI: PCI Root Bridge [PCI0] (0000:00)
[    0.070608] pci 0000:00:02.0: reg 10 64bit mmio: [0xf8100000-0xf81fffff]
[    0.070613] pci 0000:00:02.0: reg 18 64bit mmio pref: [0xe0000000-0xefffffff]
[    0.070617] pci 0000:00:02.0: reg 20 io port: [0x1800-0x1807]
[    0.070652] pci 0000:00:02.1: reg 10 64bit mmio: [0xf8200000-0xf82fffff]
[    0.070755] pci 0000:00:19.0: reg 10 32bit mmio: [0xfe000000-0xfe01ffff]
[    0.070764] pci 0000:00:19.0: reg 14 32bit mmio: [0xfe025000-0xfe025fff]
[    0.070773] pci 0000:00:19.0: reg 18 io port: [0x1840-0x185f]
[    0.070848] pci 0000:00:19.0: PME# supported from D0 D3hot D3cold
[    0.070947] pci 0000:00:19.0: PME# disabled
[    0.071059] pci 0000:00:1a.0: reg 20 io port: [0x1860-0x187f]
[    0.071130] pci 0000:00:1a.1: reg 20 io port: [0x1880-0x189f]
[    0.071212] pci 0000:00:1a.7: reg 10 32bit mmio: [0xfe226c00-0xfe226fff]
[    0.071294] pci 0000:00:1a.7: PME# supported from D0 D3hot D3cold
[    0.071387] pci 0000:00:1a.7: PME# disabled
[    0.071540] pci 0000:00:1b.0: reg 10 64bit mmio: [0xfe020000-0xfe023fff]
[    0.071623] pci 0000:00:1b.0: PME# supported from D0 D3hot D3cold
[    0.071716] pci 0000:00:1b.0: PME# disabled
[    0.071921] pci 0000:00:1c.0: PME# supported from D0 D3hot D3cold
[    0.071999] pci 0000:00:1c.0: PME# disabled
[    0.072197] pci 0000:00:1c.1: PME# supported from D0 D3hot D3cold
[    0.072289] pci 0000:00:1c.1: PME# disabled
[    0.072508] pci 0000:00:1c.2: PME# supported from D0 D3hot D3cold
[    0.072607] pci 0000:00:1c.2: PME# disabled
[    0.072805] pci 0000:00:1c.3: PME# supported from D0 D3hot D3cold
[    0.072901] pci 0000:00:1c.3: PME# disabled
[    0.073114] pci 0000:00:1c.4: PME# supported from D0 D3hot D3cold
[    0.073210] pci 0000:00:1c.4: PME# disabled
[    0.074053] pci 0000:00:1d.0: reg 20 io port: [0x18a0-0x18bf]
[    0.074129] pci 0000:00:1d.1: reg 20 io port: [0x18c0-0x18df]
[    0.074212] pci 0000:00:1d.2: reg 20 io port: [0x18e0-0x18ff]
[    0.074311] pci 0000:00:1d.7: reg 10 32bit mmio: [0xfe227000-0xfe2273ff]
[    0.074406] pci 0000:00:1d.7: PME# supported from D0 D3hot D3cold
[    0.074504] pci 0000:00:1d.7: PME# disabled
[    0.074799] pci 0000:00:1f.0: quirk: region 1000-107f claimed by ICH6 ACPI/GPIO/TCO
[    0.074936] pci 0000:00:1f.0: quirk: region 1180-11bf claimed by ICH6 GPIO
[    0.074998] pci 0000:00:1f.0: ICH7 LPC Generic IO decode 1 PIO at 1600 (mask 007f)
[    0.075135] pci 0000:00:1f.0: ICH7 LPC Generic IO decode 2 PIO at 15e0 (mask 000f)
[    0.075263] pci 0000:00:1f.0: ICH7 LPC Generic IO decode 3 PIO at 1680 (mask 001f)
[    0.075464] pci 0000:00:1f.1: reg 10 io port: [0x00-0x07]
[    0.075476] pci 0000:00:1f.1: reg 14 io port: [0x00-0x03]
[    0.075488] pci 0000:00:1f.1: reg 18 io port: [0x00-0x07]
[    0.075495] pci 0000:00:1f.1: reg 1c io port: [0x00-0x03]
[    0.075505] pci 0000:00:1f.1: reg 20 io port: [0x1c00-0x1c0f]
[    0.075585] pci 0000:00:1f.2: reg 10 io port: [0x1c50-0x1c57]
[    0.075594] pci 0000:00:1f.2: reg 14 io port: [0x1c44-0x1c47]
[    0.075603] pci 0000:00:1f.2: reg 18 io port: [0x1c48-0x1c4f]
[    0.075612] pci 0000:00:1f.2: reg 1c io port: [0x1c40-0x1c43]
[    0.075620] pci 0000:00:1f.2: reg 20 io port: [0x1c20-0x1c3f]
[    0.075628] pci 0000:00:1f.2: reg 24 32bit mmio: [0xfe226000-0xfe2267ff]
[    0.075690] pci 0000:00:1f.2: PME# supported from D3hot
[    0.075787] pci 0000:00:1f.2: PME# disabled
[    0.075900] pci 0000:00:1f.3: reg 10 32bit mmio: [0xfe227400-0xfe2274ff]
[    0.075926] pci 0000:00:1f.3: reg 20 io port: [0x1c60-0x1c7f]
[    0.076083] pci 0000:00:1c.0: bridge io port: [0x2000-0x2fff]
[    0.076090] pci 0000:00:1c.0: bridge 32bit mmio: [0xfc000000-0xfdffffff]
[    0.076101] pci 0000:00:1c.0: bridge 64bit mmio pref: [0xf8000000-0xf80fffff]
[    0.076172] pci 0000:03:00.0: reg 10 64bit mmio: [0xdf3f0000-0xdf3fffff]
[    0.076366] pci 0000:00:1c.1: bridge io port: [0x3000-0x3fff]
[    0.076372] pci 0000:00:1c.1: bridge 32bit mmio: [0xdc000000-0xdf3fffff]
[    0.076379] pci 0000:00:1c.1: bridge 64bit mmio pref: [0xdfe00000-0xdfefffff]
[    0.076436] pci 0000:00:1c.2: bridge io port: [0x4000-0x4fff]
[    0.076442] pci 0000:00:1c.2: bridge 32bit mmio: [0xd8000000-0xd9ffffff]
[    0.076449] pci 0000:00:1c.2: bridge 64bit mmio pref: [0xdfb00000-0xdfbfffff]
[    0.076505] pci 0000:00:1c.3: bridge io port: [0x5000-0x5fff]
[    0.076510] pci 0000:00:1c.3: bridge 32bit mmio: [0xd4000000-0xd5ffffff]
[    0.076519] pci 0000:00:1c.3: bridge 64bit mmio pref: [0xdf800000-0xdf8fffff]
[    0.076576] pci 0000:00:1c.4: bridge io port: [0x6000-0x6fff]
[    0.076582] pci 0000:00:1c.4: bridge 32bit mmio: [0xd0000000-0xd1ffffff]
[    0.076590] pci 0000:00:1c.4: bridge 64bit mmio pref: [0xdf500000-0xdf5fffff]
[    0.076653] pci 0000:15:00.0: reg 10 32bit mmio: [0xf8300000-0xf8300fff]
[    0.076706] pci 0000:15:00.0: supports D1 D2
[    0.076708] pci 0000:15:00.0: PME# supported from D0 D1 D2 D3hot D3cold
[    0.076812] pci 0000:15:00.0: PME# disabled
[    0.076955] pci 0000:15:00.1: reg 10 32bit mmio: [0xf8301000-0xf83017ff]
[    0.077068] pci 0000:15:00.1: supports D1 D2
[    0.077069] pci 0000:15:00.1: PME# supported from D0 D1 D2 D3hot D3cold
[    0.077162] pci 0000:15:00.1: PME# disabled
[    0.077343] pci 0000:00:1e.0: transparent bridge
[    0.077435] pci 0000:00:1e.0: bridge io port: [0x7000-0xafff]
[    0.077441] pci 0000:00:1e.0: bridge 32bit mmio: [0xf8300000-0xfbffffff]
[    0.077450] pci 0000:00:1e.0: bridge 64bit mmio pref: [0xf4000000-0xf7ffffff]
[    0.077520] pci_bus 0000:00: on NUMA node 0
[    0.077524] ACPI: PCI Interrupt Routing Table [\_SB_.PCI0._PRT]
[    0.077658] ACPI: PCI Interrupt Routing Table [\_SB_.PCI0.EXP0._PRT]
[    0.077717] ACPI: PCI Interrupt Routing Table [\_SB_.PCI0.EXP1._PRT]
[    0.077775] ACPI: PCI Interrupt Routing Table [\_SB_.PCI0.EXP2._PRT]
[    0.077833] ACPI: PCI Interrupt Routing Table [\_SB_.PCI0.EXP3._PRT]
[    0.077896] ACPI: PCI Interrupt Routing Table [\_SB_.PCI0.EXP4._PRT]
[    0.077958] ACPI: PCI Interrupt Routing Table [\_SB_.PCI0.PCI1._PRT]
[    0.083425] ACPI: PCI Interrupt Link [LNKA] (IRQs 3 4 5 6 7 9 *10 11)
[    0.084169] ACPI: PCI Interrupt Link [LNKB] (IRQs 3 4 5 6 7 9 10 *11)
[    0.085051] ACPI: PCI Interrupt Link [LNKC] (IRQs 3 4 5 6 7 9 10 *11)
[    0.085876] ACPI: PCI Interrupt Link [LNKD] (IRQs 3 4 5 6 7 9 10 *11)
[    0.086686] ACPI: PCI Interrupt Link [LNKE] (IRQs 3 4 5 6 7 9 10 *11)
[    0.087465] ACPI: PCI Interrupt Link [LNKF] (IRQs 3 4 5 6 7 9 10 *11)
[    0.088240] ACPI: PCI Interrupt Link [LNKG] (IRQs 3 4 5 6 7 9 10 *11)
[    0.089122] ACPI: PCI Interrupt Link [LNKH] (IRQs 3 4 5 6 7 9 10 *11)
[    0.089878] vgaarb: device added: PCI:0000:00:02.0,decodes=io+mem,owns=io+mem,locks=none
[    0.090000] vgaarb: loaded
[    0.090183] SCSI subsystem initialized
[    0.090283] libata version 3.00 loaded.
[    0.090330] usbcore: registered new interface driver usbfs
[    0.090462] usbcore: registered new interface driver hub
[    0.090579] usbcore: registered new device driver usb
[    0.107042] raid6: int32x1    941 MB/s
[    0.124058] raid6: int32x2    890 MB/s
[    0.141063] raid6: int32x4    750 MB/s
[    0.157989] raid6: int32x8    656 MB/s
[    0.174984] raid6: mmxx1     2878 MB/s
[    0.191987] raid6: mmxx2     3253 MB/s
[    0.209000] raid6: sse1x1    1937 MB/s
[    0.225977] raid6: sse1x2    2531 MB/s
[    0.242979] raid6: sse2x1    3511 MB/s
[    0.259974] raid6: sse2x2    3824 MB/s
[    0.260063] raid6: using algorithm sse2x2 (3824 MB/s)
[    0.260156] PCI: Using ACPI for IRQ routing
[    0.260474] HPET: 3 timers in total, 0 timers will be used for per-cpu timer
[    0.260989] Switching to clocksource tsc
[    0.261091] pnp: PnP ACPI init
[    0.261181] ACPI: bus type pnp registered
[    0.264844] pnp: PnP ACPI: found 11 devices
[    0.264945] ACPI: ACPI bus type pnp unregistered
[    0.265048] system 00:00: iomem range 0x0-0x9ffff could not be reserved
[    0.265141] system 00:00: iomem range 0xc0000-0xc3fff could not be reserved
[    0.265231] system 00:00: iomem range 0xc4000-0xc7fff could not be reserved
[    0.265322] system 00:00: iomem range 0xc8000-0xcbfff has been reserved
[    0.265413] system 00:00: iomem range 0xcc000-0xcffff has been reserved
[    0.265505] system 00:00: iomem range 0xd0000-0xd3fff could not be reserved
[    0.265595] system 00:00: iomem range 0xe0000-0xe3fff could not be reserved
[    0.265684] system 00:00: iomem range 0xe4000-0xe7fff could not be reserved
[    0.265776] system 00:00: iomem range 0xe8000-0xebfff could not be reserved
[    0.265873] system 00:00: iomem range 0xec000-0xeffff could not be reserved
[    0.265966] system 00:00: iomem range 0xf0000-0xfffff could not be reserved
[    0.266054] system 00:00: iomem range 0x100000-0x3dffffff could not be reserved
[    0.266179] system 00:00: iomem range 0xfec00000-0xfed3ffff could not be reserved
[    0.266299] system 00:00: iomem range 0xfed4c000-0xffffffff could not be reserved
[    0.266424] system 00:02: ioport range 0x164e-0x164f has been reserved
[    0.266525] system 00:02: ioport range 0x1000-0x107f has been reserved
[    0.266613] system 00:02: ioport range 0x1180-0x11bf has been reserved
[    0.266717] system 00:02: ioport range 0x800-0x80f has been reserved
[    0.266806] system 00:02: ioport range 0x15e0-0x15ef has been reserved
[    0.266899] system 00:02: ioport range 0x1600-0x165f could not be reserved
[    0.266990] system 00:02: iomem range 0xf0000000-0xf3ffffff has been reserved
[    0.267088] system 00:02: iomem range 0xfed1c000-0xfed1ffff has been reserved
[    0.267188] system 00:02: iomem range 0xfed14000-0xfed17fff has been reserved
[    0.267280] system 00:02: iomem range 0xfed18000-0xfed18fff has been reserved
[    0.267370] system 00:02: iomem range 0xfed19000-0xfed19fff has been reserved
[    0.267467] system 00:02: iomem range 0xfed45000-0xfed4bfff has been reserved
[    0.302518] pci 0000:00:1c.0: PCI bridge, secondary bus 0000:02
[    0.302619] pci 0000:00:1c.0:   IO window: 0x2000-0x2fff
[    0.302712] pci 0000:00:1c.0:   MEM window: 0xfc000000-0xfdffffff
[    0.302815] pci 0000:00:1c.0:   PREFETCH window: 0x000000f8000000-0x000000f80fffff
[    0.302947] pci 0000:00:1c.1: PCI bridge, secondary bus 0000:03
[    0.303047] pci 0000:00:1c.1:   IO window: 0x3000-0x3fff
[    0.303141] pci 0000:00:1c.1:   MEM window: 0xdc000000-0xdf3fffff
[    0.303236] pci 0000:00:1c.1:   PREFETCH window: 0x000000dfe00000-0x000000dfefffff
[    0.303364] pci 0000:00:1c.2: PCI bridge, secondary bus 0000:04
[    0.303463] pci 0000:00:1c.2:   IO window: 0x4000-0x4fff
[    0.303564] pci 0000:00:1c.2:   MEM window: 0xd8000000-0xd9ffffff
[    0.303657] pci 0000:00:1c.2:   PREFETCH window: 0x000000dfb00000-0x000000dfbfffff
[    0.303781] pci 0000:00:1c.3: PCI bridge, secondary bus 0000:05
[    0.303876] pci 0000:00:1c.3:   IO window: 0x5000-0x5fff
[    0.303972] pci 0000:00:1c.3:   MEM window: 0xd4000000-0xd5ffffff
[    0.304067] pci 0000:00:1c.3:   PREFETCH window: 0x000000df800000-0x000000df8fffff
[    0.304193] pci 0000:00:1c.4: PCI bridge, secondary bus 0000:0d
[    0.304297] pci 0000:00:1c.4:   IO window: 0x6000-0x6fff
[    0.304392] pci 0000:00:1c.4:   MEM window: 0xd0000000-0xd1ffffff
[    0.304486] pci 0000:00:1c.4:   PREFETCH window: 0x000000df500000-0x000000df5fffff
[    0.304622] pci 0000:15:00.0: CardBus bridge, secondary bus 0000:16
[    0.304720] pci 0000:15:00.0:   IO window: 0x007000-0x0070ff
[    0.304815] pci 0000:15:00.0:   IO window: 0x007400-0x0074ff
[    0.304915] pci 0000:15:00.0:   PREFETCH window: 0xf4000000-0xf7ffffff
[    0.305016] pci 0000:15:00.0:   MEM window: 0x40000000-0x43ffffff
[    0.305117] pci 0000:00:1e.0: PCI bridge, secondary bus 0000:15
[    0.305212] pci 0000:00:1e.0:   IO window: 0x7000-0xafff
[    0.305308] pci 0000:00:1e.0:   MEM window: 0xf8300000-0xfbffffff
[    0.305401] pci 0000:00:1e.0:   PREFETCH window: 0x000000f4000000-0x000000f7ffffff
[    0.305551] pci 0000:00:1c.0: PCI INT A -> GSI 20 (level, low) -> IRQ 20
[    0.305657] pci 0000:00:1c.0: setting latency timer to 64
[    0.305671] pci 0000:00:1c.1: PCI INT B -> GSI 21 (level, low) -> IRQ 21
[    0.305772] pci 0000:00:1c.1: setting latency timer to 64
[    0.305788] pci 0000:00:1c.2: PCI INT C -> GSI 22 (level, low) -> IRQ 22
[    0.305895] pci 0000:00:1c.2: setting latency timer to 64
[    0.305907] pci 0000:00:1c.3: PCI INT D -> GSI 23 (level, low) -> IRQ 23
[    0.306007] pci 0000:00:1c.3: setting latency timer to 64
[    0.306022] pci 0000:00:1c.4: PCI INT A -> GSI 20 (level, low) -> IRQ 20
[    0.306129] pci 0000:00:1c.4: setting latency timer to 64
[    0.306134] pci 0000:00:1e.0: enabling device (0005 -> 0007)
[    0.306230] pci 0000:00:1e.0: setting latency timer to 64
[    0.306244] pci 0000:15:00.0: PCI INT A -> GSI 16 (level, low) -> IRQ 16
[    0.306349] pci 0000:15:00.0: setting latency timer to 64
[    0.306355] pci_bus 0000:00: resource 0 io:  [0x00-0xffff]
[    0.306357] pci_bus 0000:00: resource 1 mem: [0x000000-0xffffffff]
[    0.306359] pci_bus 0000:02: resource 0 io:  [0x2000-0x2fff]
[    0.306361] pci_bus 0000:02: resource 1 mem: [0xfc000000-0xfdffffff]
[    0.306363] pci_bus 0000:02: resource 2 pref mem [0xf8000000-0xf80fffff]
[    0.306364] pci_bus 0000:03: resource 0 io:  [0x3000-0x3fff]
[    0.306366] pci_bus 0000:03: resource 1 mem: [0xdc000000-0xdf3fffff]
[    0.306368] pci_bus 0000:03: resource 2 pref mem [0xdfe00000-0xdfefffff]
[    0.306370] pci_bus 0000:04: resource 0 io:  [0x4000-0x4fff]
[    0.306372] pci_bus 0000:04: resource 1 mem: [0xd8000000-0xd9ffffff]
[    0.306374] pci_bus 0000:04: resource 2 pref mem [0xdfb00000-0xdfbfffff]
[    0.306376] pci_bus 0000:05: resource 0 io:  [0x5000-0x5fff]
[    0.306377] pci_bus 0000:05: resource 1 mem: [0xd4000000-0xd5ffffff]
[    0.306379] pci_bus 0000:05: resource 2 pref mem [0xdf800000-0xdf8fffff]
[    0.306381] pci_bus 0000:0d: resource 0 io:  [0x6000-0x6fff]
[    0.306383] pci_bus 0000:0d: resource 1 mem: [0xd0000000-0xd1ffffff]
[    0.306385] pci_bus 0000:0d: resource 2 pref mem [0xdf500000-0xdf5fffff]
[    0.306386] pci_bus 0000:15: resource 0 io:  [0x7000-0xafff]
[    0.306388] pci_bus 0000:15: resource 1 mem: [0xf8300000-0xfbffffff]
[    0.306390] pci_bus 0000:15: resource 2 pref mem [0xf4000000-0xf7ffffff]
[    0.306392] pci_bus 0000:15: resource 3 io:  [0x00-0xffff]
[    0.306394] pci_bus 0000:15: resource 4 mem: [0x000000-0xffffffff]
[    0.306396] pci_bus 0000:16: resource 0 io:  [0x7000-0x70ff]
[    0.306397] pci_bus 0000:16: resource 1 io:  [0x7400-0x74ff]
[    0.306399] pci_bus 0000:16: resource 2 pref mem [0xf4000000-0xf7ffffff]
[    0.306401] pci_bus 0000:16: resource 3 mem: [0x40000000-0x43ffffff]
[    0.306409] NET: Registered protocol family 2
[    0.306502] RANDOM - __random32 called. Change num 7.  Value: 7ba3d01e	3ca905be	d2026a24
[    0.306504] RANDOM - random32 called.  Value: 7ba3d01e	3ca905be	d2026a24
[    0.306508] random 0000 0000 0000 5f8db4e5 4cfdf2a8: rand_read_num 3 get_random_bytes(4): sig fffffb64 5f8db4e5 4cfdf2a8
[    0.306510] random 0000 0000 0000 5f8db4e5 4cfdf2a8: extract_entropy(.. 4 ..)
[    0.306513] random 0000 0000 0000 5f8db4e5 4cfdf2a8: going to reseed nonblocking with 64 bits (32 of 0 requested)
[    0.306515] random 0000 0000 0000 5f8db4e5 4cfdf2a8: extract_entropy(.. 8 ..)
[    0.306517] random 0000 0000 0000 5f8db4e5 4cfdf2a8: trying to extract 64 bits from input
[    0.306519] random 0000 0000 0000 5f8db4e5 4cfdf2a8: debiting 0 entropy credits from input
[    0.306521] random 0000 0000 0000 5f8db4e5 4cfdf2a8: extract_entropy account returned: 0 
[    0.306524] random 0000 0000 0000 5f8db4e5 4cfdf2a8: urand_change_num 5 xfer_secondary_pool(4): pool_sig fffffb64, data_sig 00000000, bytes_mixed 0 5f8db4e5 4cfdf2a8
[    0.306527] random 0000 0000 0000 5f8db4e5 4cfdf2a8: trying to extract 32 bits from nonblocking
[    0.306530] random 0000 0000 0000 5f8db4e5 4cfdf2a8: debiting 32 entropy credits from nonblocking (unlimited)
[    0.306532] random 0000 0000 0000 5f8db4e5 4cfdf2a8: extract_entropy account returned: 4 
[    0.306536] random 0000 0000 0000 5f8db4e5 4cfdf2a8: urand_change_num 6 extract_buf: pool_sig fffffb64, data_sig 00000241, bytes_mixed 20 5f8db4e5 4cfdf2a8
[    0.306546] IP route cache hash table entries: 32768 (order: 5, 131072 bytes)
[    0.306682] RANDOM - __random32 called. Change num 8.  Value: 3d01e034	ca905be7	d4484227
[    0.306684] RANDOM - random32 called.  Value: 3d01e034	ca905be7	d4484227
[    0.306694] RANDOM - __random32 called. Change num 9.  Value: 1e034020	a905be70	844ec14a
[    0.306696] RANDOM - random32 called.  Value: 1e034020	a905be70	844ec14a
[    0.306698] RANDOM - __random32 called. Change num 10.  Value: 34020ec0	905be706	8294c719
[    0.306699] RANDOM - random32 called.  Value: 34020ec0	905be706	8294c719
[    0.306710] RANDOM - __random32 called. Change num 11.  Value: 20ec0ebb	5be7068	8e32c65f
[    0.306712] RANDOM - random32 called.  Value: 20ec0ebb	5be7068	8e32c65f
[    0.306721] TCP established hash table entries: 131072 (order: 8, 1048576 bytes)
[    0.307221] TCP bind hash table entries: 65536 (order: 6, 262144 bytes)
[    0.307410] TCP: Hash tables configured (established 131072 bind 65536)
[    0.307503] TCP reno registered
[    0.307618] NET: Registered protocol family 1
[    0.307731] RPC: Registered udp transport module.
[    0.307824] RPC: Registered tcp transport module.
[    0.307923] RPC: Registered tcp NFSv4.1 backchannel transport module.
[    0.308018] pci 0000:00:02.0: Boot video device
[    0.308232] Simple Boot Flag at 0x35 set to 0x1
[    0.308743] highmem bounce pool size: 64 pages
[    0.310315] VFS: Disk quotas dquot_6.5.2
[    0.310436] Dquot-cache hash table entries: 1024 (order 0, 4096 bytes)
[    0.311123] NTFS driver 2.1.29 [Flags: R/W].
[    0.311290] ROMFS MTD (C) 2007 Red Hat, Inc.
[    0.311505] JFS: nTxBlock = 7695, nTxLock = 61562
[    0.313970] SGI XFS with ACLs, security attributes, large block/inode numbers, no debug enabled
[    0.314450] SGI XFS Quota Management subsystem
[    0.314738] Slow work thread pool: Starting up
[    0.314839] Slow work thread pool: Ready
[    0.314962] GFS2 (built May 24 2013 02:47:17) installed
[    0.315055] msgmni has been set to 1734
[    0.315219] alg: No test for cipher_null (cipher_null-generic)
[    0.315318] alg: No test for ecb(cipher_null) (ecb-cipher_null)
[    0.315416] alg: No test for digest_null (digest_null-generic)
[    0.315514] alg: No test for compress_null (compress_null-generic)
[    0.316086] alg: No test for fcrypt (fcrypt-generic)
[    0.317496] alg: No test for stdrng (krng)
[    0.317587] async_tx: api initialized (async)
[    0.317742] Block layer SCSI generic (bsg) driver version 0.4 loaded (major 254)
[    0.317886] io scheduler noop registered
[    0.317973] io scheduler anticipatory registered
[    0.318069] io scheduler deadline registered
[    0.318203] io scheduler cfq registered (default)
[    0.318455] pcieport 0000:00:1c.0: irq 24 for MSI/MSI-X
[    0.318468] pcieport 0000:00:1c.0: setting latency timer to 64
[    0.318655] pcieport 0000:00:1c.1: irq 25 for MSI/MSI-X
[    0.318667] pcieport 0000:00:1c.1: setting latency timer to 64
[    0.318853] pcieport 0000:00:1c.2: irq 26 for MSI/MSI-X
[    0.318880] pcieport 0000:00:1c.2: setting latency timer to 64
[    0.319057] pcieport 0000:00:1c.3: irq 27 for MSI/MSI-X
[    0.319066] pcieport 0000:00:1c.3: setting latency timer to 64
[    0.319245] pcieport 0000:00:1c.4: irq 28 for MSI/MSI-X
[    0.319257] pcieport 0000:00:1c.4: setting latency timer to 64
[    0.319401] pci_hotplug: PCI Hot Plug PCI Core version: 0.5
[    0.319598] isapnp: Scanning for PnP cards...
[    0.680125] isapnp: No Plug & Play device found
[    0.680218] random 0000 0000 0000 5f8db4e5 4cfdf2a8: initializing
[    0.680220] RANDOM init_std_data for input now value: 1370017301680219923
[    0.680221] RANDOM init_std_data for blocking now value: 1370017301680221928
[    0.680223] RANDOM init_std_data for nonblocking now value: 1370017301680223658
[    0.699823] Serial: 8250/16550 driver, 4 ports, IRQ sharing enabled
[    3.710998] floppy0: no floppy controllers found
[    3.711945] brd: module loaded
[    3.712458] loop: module loaded
[    3.712545] Compaq SMART2 Driver (v 2.6.0)
[    3.712676] HP CISS Driver (v 3.6.20)
[    3.712917] input: Macintosh mouse button emulation as /devices/virtual/input/input0
[    3.713059] Uniform Multi-Platform E-IDE driver
[    3.713294] piix 0000:00:1f.1: IDE controller (0x8086:0x2850 rev 0x03)
[    3.713396] pci 0000:00:1f.1: PCI INT C -> GSI 16 (level, low) -> IRQ 16
[    3.713496] piix 0000:00:1f.1: IDE port disabled
[    3.713597] piix 0000:00:1f.1: not 100% native mode: will probe irqs later
[    3.713696]     ide0: BM-DMA at 0x1c00-0x1c07
[    3.713789] Probing IDE interface ide0...
[    4.385243] hda: HL-DT-ST DVDRAM GSA-U10N, ATAPI CD/DVD-ROM drive
[    4.692066] hda: host max PIO4 wanted PIO255(auto-tune) selected PIO4
[    4.692833] hda: UDMA/33 mode selected
[    4.693297] ide0 at 0x1f0-0x1f7,0x3f6 on irq 14
[    4.697211] ide-gd driver 1.18
[    4.697316] ide-cd driver 5.00
[    4.698703] random 0000 0000 0000 00000000 00000000: add_disk_randomness(0:0) 00000000 00000000
[    4.698708] random 0000 0000 0000 00000000 00000000: add_timer_randomness(.. 256) with jiffies: 17458184872961736314, cycles: -988559205042487287
[    4.698710] random 0000 0000 0000 00000000 00000000: added 11 entropy credits to input
[    4.698714] ide-cd: hda: ATAPI 24X DVD-ROM DVD-R/RAM CD-R/RW drive, 2048kB Cache
[    4.699173] Uniform CD-ROM driver Revision: 3.20
[    4.701951] random 0011 0000 0000 00000000 00000000: add_disk_randomness(0:0) 00000000 00000000
[    4.701954] random 0011 0000 0000 00000000 00000000: add_timer_randomness(.. 256) with jiffies: 17487403548361326205, cycles: -959340529642897399
[    4.701957] random 0011 0000 0000 00000000 00000000: added 1 entropy credits to input
[    4.701960] random 0012 0000 0000 00000000 00000000: add_disk_randomness(0:0) 00000000 00000000
[    4.701963] random 0012 0000 0000 00000000 00000000: add_timer_randomness(.. 256) with jiffies: 17487479534922727037, cycles: -959264543081496567
[    4.703948] random 0012 0000 0000 00000000 00000000: add_disk_randomness(0:0) 00000000 00000000
[    4.703951] random 0012 0000 0000 00000000 00000000: add_timer_randomness(.. 256) with jiffies: 17505370616331206271, cycles: -941373461673017335
[    4.703954] random 0012 0000 0000 00000000 00000000: added 1 entropy credits to input
[    4.703957] random 0013 0000 0000 00000000 00000000: add_disk_randomness(0:0) 00000000 00000000
[    4.703960] random 0013 0000 0000 00000000 00000000: add_timer_randomness(.. 256) with jiffies: 17505446379554307711, cycles: -941297698449915895
[    4.705946] random 0013 0000 0000 00000000 00000000: add_disk_randomness(0:0) 00000000 00000000
[    4.705949] random 0013 0000 0000 00000000 00000000: add_timer_randomness(.. 256) with jiffies: 17523339531137023617, cycles: -923404546867199991
[    4.705951] random 0013 0000 0000 00000000 00000000: added 1 entropy credits to input
[    4.705954] random 0014 0000 0000 00000000 00000000: add_disk_randomness(0:0) 00000000 00000000
[    4.705957] random 0014 0000 0000 00000000 00000000: add_timer_randomness(.. 256) with jiffies: 17523412455386742401, cycles: -923331622617481207
[    4.706232] Loading iSCSI transport class v2.0-870.
[    4.706515] rdac: device handler registered
[    4.706606] hp_sw: device handler registered
[    4.706693] emc: device handler registered
[    4.706780] alua: device handler registered
[    4.707769] Adaptec aacraid driver 1.1-5[2461]-ms
[    4.708200] scsi: <fdomain> Detection failed (no card)
[    4.708297] sym53c416.c: Version 1.0.0-ac
[    4.708404] qlogicfas: no cards were found, please specify I/O address and IRQ using iobase= and irq= options
[    4.708529] QLogic Fibre Channel HBA Driver: 8.03.01-k6
[    4.708769] iscsi: registered transport (qla4xxx)
[    4.708881] QLogic iSCSI HBA Driver
[    4.708965] Emulex LightPulse Fibre Channel SCSI driver 8.3.4
[    4.709060] Copyright(c) 2004-2009 Emulex.  All rights reserved.
[    4.731051] Failed initialization of WD-7000 SCSI card!
[    4.820815] DC390: clustering now enabled by default. If you get problems load
[    4.820943]        with "disable_clustering=1" and report to maintainers
[    4.821079] megaraid cmm: 2.20.2.7 (Release Date: Sun Jul 16 00:01:03 EST 2006)
[    4.821233] megaraid: 2.20.5.1 (Release Date: Thu Nov 16 15:32:35 EST 2006)
[    4.821347] megasas: 00.00.04.01 Thu July 24 11:41:51 PST 2008
[    4.821479] GDT-HA: Storage RAID Controller Driver. Version: 3.05
[    4.821625] 3ware Storage Controller device driver for Linux v1.26.02.002.
[    4.821738] 3ware 9000 Storage Controller device driver for Linux v2.26.02.012.
[    4.821885] nsp32: loading...
[    4.821994] ipr: IBM Power RAID SCSI Device Driver version: 2.4.3 (June 10, 2009)
[    4.822149] RocketRAID 3xxx/4xxx Controller driver v1.6 (090910)
[    4.822259] stex: Promise SuperTrak EX Driver version: 4.6.0000.3
[    4.822406] st: Version 20081215, fixed bufsize 32768, s/g segs 256
[    4.822596] ahci 0000:00:1f.2: version 3.0
[    4.822608] ahci 0000:00:1f.2: PCI INT B -> GSI 16 (level, low) -> IRQ 16
[    4.822742] ahci 0000:00:1f.2: irq 29 for MSI/MSI-X
[    4.822804] ahci 0000:00:1f.2: AHCI 0001.0100 32 slots 3 ports 1.5 Gbps 0x5 impl SATA mode
[    4.822928] ahci 0000:00:1f.2: flags: 64bit ncq sntf pm led clo pio slum part ccc 
[    4.823080] ahci 0000:00:1f.2: setting latency timer to 64
[    4.823222] scsi2 : ahci
[    4.823379] scsi3 : ahci
[    4.823517] scsi4 : ahci
[    4.823689] ata1: SATA max UDMA/133 abar m2048@0xfe226000 port 0xfe226100 irq 29
[    4.823813] ata2: DUMMY
[    4.823899] ata3: SATA max UDMA/133 abar m2048@0xfe226000 port 0xfe226200 irq 29
[    4.824518] I2O subsystem v1.325
[    4.824605] i2o: max drivers = 8
[    4.824747] I2O Configuration OSM v1.323
[    4.824851] I2O Bus Adapter OSM v1.317
[    4.824952] I2O Block Device OSM v1.325
[    4.825117] I2O SCSI Peripheral OSM v1.316
[    4.825230] I2O ProcFS OSM v1.316
[    4.825334] Fusion MPT base driver 3.04.12
[    4.825422] Copyright (c) 1999-2008 LSI Corporation
[    4.825526] Fusion MPT SPI Host driver 3.04.12
[    4.825632] Fusion MPT FC Host driver 3.04.12
[    4.825750] Fusion MPT SAS Host driver 3.04.12
[    4.825911] ohci1394 0000:15:00.1: PCI INT B -> GSI 17 (level, low) -> IRQ 17
[    4.826006] ohci1394 0000:15:00.1: setting latency timer to 64
[    4.880078] ohci1394: fw-host0: OHCI-1394 1.1 (PCI): IRQ=[17]  MMIO=[f8301000-f83017ff]  Max Packet=[2048]  IR/IT contexts=[4/4]
[    4.884355] ehci_hcd: USB 2.0 'Enhanced' Host Controller (EHCI) Driver
[    4.884633] ehci_hcd 0000:00:1a.7: power state changed by ACPI to D0
[    4.884885] ehci_hcd 0000:00:1a.7: power state changed by ACPI to D0
[    4.884987] ehci_hcd 0000:00:1a.7: PCI INT C -> GSI 22 (level, low) -> IRQ 22
[    4.885097] ehci_hcd 0000:00:1a.7: setting latency timer to 64
[    4.885100] ehci_hcd 0000:00:1a.7: EHCI Host Controller
[    4.885247] ehci_hcd 0000:00:1a.7: new USB bus registered, assigned bus number 1
[    4.889287] ehci_hcd 0000:00:1a.7: cache line size of 32 is not supported
[    4.889296] ehci_hcd 0000:00:1a.7: irq 22, io mem 0xfe226c00
[    4.899042] ehci_hcd 0000:00:1a.7: USB 2.0 started, EHCI 1.00
[    4.899152] usb usb1: New USB device found, idVendor=1d6b, idProduct=0002
[    4.899248] usb usb1: New USB device strings: Mfr=3, Product=2, SerialNumber=1
[    4.899369] usb usb1: Product: EHCI Host Controller
[    4.899455] usb usb1: Manufacturer: Linux 2.6.32.57 ehci_hcd
[    4.899544] usb usb1: SerialNumber: 0000:00:1a.7
[    4.899683] usb usb1: configuration #1 chosen from 1 choice
[    4.899814] hub 1-0:1.0: USB hub found
[    4.899907] hub 1-0:1.0: 4 ports detected
[    4.900226] ehci_hcd 0000:00:1d.7: power state changed by ACPI to D0
[    4.900490] ehci_hcd 0000:00:1d.7: power state changed by ACPI to D0
[    4.900590] ehci_hcd 0000:00:1d.7: PCI INT D -> GSI 19 (level, low) -> IRQ 19
[    4.900697] ehci_hcd 0000:00:1d.7: setting latency timer to 64
[    4.900702] ehci_hcd 0000:00:1d.7: EHCI Host Controller
[    4.900830] ehci_hcd 0000:00:1d.7: new USB bus registered, assigned bus number 2
[    4.900991] ehci_hcd 0000:00:1d.7: debug port 1
[    4.904999] ehci_hcd 0000:00:1d.7: cache line size of 32 is not supported
[    4.905008] ehci_hcd 0000:00:1d.7: irq 19, io mem 0xfe227000
[    4.915043] ehci_hcd 0000:00:1d.7: USB 2.0 started, EHCI 1.00
[    4.915140] usb usb2: New USB device found, idVendor=1d6b, idProduct=0002
[    4.915232] usb usb2: New USB device strings: Mfr=3, Product=2, SerialNumber=1
[    4.915359] usb usb2: Product: EHCI Host Controller
[    4.915455] usb usb2: Manufacturer: Linux 2.6.32.57 ehci_hcd
[    4.915540] usb usb2: SerialNumber: 0000:00:1d.7
[    4.915679] usb usb2: configuration #1 chosen from 1 choice
[    4.915810] hub 2-0:1.0: USB hub found
[    4.915900] hub 2-0:1.0: 6 ports detected
[    4.916084] 116x: driver isp116x-hcd, 03 Nov 2005
[    4.916195] ohci_hcd: USB 1.1 'Open' Host Controller (OHCI) Driver
[    4.916307] uhci_hcd: USB Universal Host Controller Interface driver
[    4.916427] uhci_hcd 0000:00:1a.0: PCI INT A -> GSI 20 (level, low) -> IRQ 20
[    4.916525] uhci_hcd 0000:00:1a.0: setting latency timer to 64
[    4.916529] uhci_hcd 0000:00:1a.0: UHCI Host Controller
[    4.916659] uhci_hcd 0000:00:1a.0: new USB bus registered, assigned bus number 3
[    4.916809] uhci_hcd 0000:00:1a.0: irq 20, io base 0x00001860
[    4.916927] usb usb3: New USB device found, idVendor=1d6b, idProduct=0001
[    4.917015] usb usb3: New USB device strings: Mfr=3, Product=2, SerialNumber=1
[    4.917145] usb usb3: Product: UHCI Host Controller
[    4.917234] usb usb3: Manufacturer: Linux 2.6.32.57 uhci_hcd
[    4.917321] usb usb3: SerialNumber: 0000:00:1a.0
[    4.917468] usb usb3: configuration #1 chosen from 1 choice
[    4.917585] hub 3-0:1.0: USB hub found
[    4.917681] hub 3-0:1.0: 2 ports detected
[    4.917968] uhci_hcd 0000:00:1a.1: power state changed by ACPI to D0
[    4.918221] uhci_hcd 0000:00:1a.1: power state changed by ACPI to D0
[    4.918323] uhci_hcd 0000:00:1a.1: PCI INT B -> GSI 21 (level, low) -> IRQ 21
[    4.918420] uhci_hcd 0000:00:1a.1: setting latency timer to 64
[    4.918425] uhci_hcd 0000:00:1a.1: UHCI Host Controller
[    4.918553] uhci_hcd 0000:00:1a.1: new USB bus registered, assigned bus number 4
[    4.918702] uhci_hcd 0000:00:1a.1: irq 21, io base 0x00001880
[    4.918822] usb usb4: New USB device found, idVendor=1d6b, idProduct=0001
[    4.918912] usb usb4: New USB device strings: Mfr=3, Product=2, SerialNumber=1
[    4.919045] usb usb4: Product: UHCI Host Controller
[    4.919135] usb usb4: Manufacturer: Linux 2.6.32.57 uhci_hcd
[    4.919221] usb usb4: SerialNumber: 0000:00:1a.1
[    4.919357] usb usb4: configuration #1 chosen from 1 choice
[    4.919482] hub 4-0:1.0: USB hub found
[    4.919573] hub 4-0:1.0: 2 ports detected
[    4.919861] uhci_hcd 0000:00:1d.0: power state changed by ACPI to D0
[    4.920116] uhci_hcd 0000:00:1d.0: power state changed by ACPI to D0
[    4.920217] uhci_hcd 0000:00:1d.0: PCI INT A -> GSI 16 (level, low) -> IRQ 16
[    4.920319] uhci_hcd 0000:00:1d.0: setting latency timer to 64
[    4.920324] uhci_hcd 0000:00:1d.0: UHCI Host Controller
[    4.920449] uhci_hcd 0000:00:1d.0: new USB bus registered, assigned bus number 5
[    4.920608] uhci_hcd 0000:00:1d.0: irq 16, io base 0x000018a0
[    4.920725] usb usb5: New USB device found, idVendor=1d6b, idProduct=0001
[    4.920818] usb usb5: New USB device strings: Mfr=3, Product=2, SerialNumber=1
[    4.920942] usb usb5: Product: UHCI Host Controller
[    4.921030] usb usb5: Manufacturer: Linux 2.6.32.57 uhci_hcd
[    4.921130] usb usb5: SerialNumber: 0000:00:1d.0
[    4.921266] usb usb5: configuration #1 chosen from 1 choice
[    4.921386] hub 5-0:1.0: USB hub found
[    4.921476] hub 5-0:1.0: 2 ports detected
[    4.921618] uhci_hcd 0000:00:1d.1: PCI INT B -> GSI 17 (level, low) -> IRQ 17
[    4.921717] uhci_hcd 0000:00:1d.1: setting latency timer to 64
[    4.921720] uhci_hcd 0000:00:1d.1: UHCI Host Controller
[    4.921843] uhci_hcd 0000:00:1d.1: new USB bus registered, assigned bus number 6
[    4.921988] uhci_hcd 0000:00:1d.1: irq 17, io base 0x000018c0
[    4.922110] usb usb6: New USB device found, idVendor=1d6b, idProduct=0001
[    4.922202] usb usb6: New USB device strings: Mfr=3, Product=2, SerialNumber=1
[    4.922331] usb usb6: Product: UHCI Host Controller
[    4.922424] usb usb6: Manufacturer: Linux 2.6.32.57 uhci_hcd
[    4.922518] usb usb6: SerialNumber: 0000:00:1d.1
[    4.922664] usb usb6: configuration #1 chosen from 1 choice
[    4.922780] hub 6-0:1.0: USB hub found
[    4.922869] hub 6-0:1.0: 2 ports detected
[    4.923172] uhci_hcd 0000:00:1d.2: power state changed by ACPI to D0
[    4.923440] uhci_hcd 0000:00:1d.2: power state changed by ACPI to D0
[    4.923536] uhci_hcd 0000:00:1d.2: PCI INT C -> GSI 18 (level, low) -> IRQ 18
[    4.923641] uhci_hcd 0000:00:1d.2: setting latency timer to 64
[    4.923646] uhci_hcd 0000:00:1d.2: UHCI Host Controller
[    4.923788] uhci_hcd 0000:00:1d.2: new USB bus registered, assigned bus number 7
[    4.923938] uhci_hcd 0000:00:1d.2: irq 18, io base 0x000018e0
[    4.924061] usb usb7: New USB device found, idVendor=1d6b, idProduct=0001
[    4.924156] usb usb7: New USB device strings: Mfr=3, Product=2, SerialNumber=1
[    4.924281] usb usb7: Product: UHCI Host Controller
[    4.924367] usb usb7: Manufacturer: Linux 2.6.32.57 uhci_hcd
[    4.924474] usb usb7: SerialNumber: 0000:00:1d.2
[    4.925273] usb usb7: configuration #1 chosen from 1 choice
[    4.925390] hub 7-0:1.0: USB hub found
[    4.925480] hub 7-0:1.0: 2 ports detected
[    4.925642] sl811: driver sl811-hcd, 19 May 2005
[    4.925750] r8a66597_hcd: driver r8a66597_hcd, 2009-05-26
[    4.925914] Initializing USB Mass Storage driver...
[    4.926054] usbcore: registered new interface driver usb-storage
[    4.926141] USB Mass Storage support registered.
[    4.926252] usbcore: registered new interface driver ums-alauda
[    4.926361] usbcore: registered new interface driver ums-cypress
[    4.926474] usbcore: registered new interface driver ums-datafab
[    4.926580] usbcore: registered new interface driver ums-freecom
[    4.926689] usbcore: registered new interface driver ums-isd200
[    4.926810] usbcore: registered new interface driver ums-jumpshot
[    4.926927] usbcore: registered new interface driver ums-karma
[    4.927050] usbcore: registered new interface driver ums-onetouch
[    4.927161] usbcore: registered new interface driver ums-sddr09
[    4.927269] usbcore: registered new interface driver ums-sddr55
[    4.927383] usbcore: registered new interface driver ums-usbat
[    4.927530] PNP: PS/2 Controller [PNP0303:KBD,PNP0f13:MOU] at 0x60,0x64 irq 1,12
[    4.936931] serio: i8042 KBD port at 0x60,0x64 irq 1
[    4.937020] serio: i8042 AUX port at 0x60,0x64 irq 12
[    4.937272] mice: PS/2 mouse device common for all mice
[    4.937385] i2c /dev entries driver
[    4.937528] md: linear personality registered for level -1
[    4.937617] md: raid0 personality registered for level 0
[    4.937709] md: raid1 personality registered for level 1
[    4.937799] md: raid10 personality registered for level 10
[    4.937889] md: raid6 personality registered for level 6
[    4.937979] md: raid5 personality registered for level 5
[    4.938094] md: raid4 personality registered for level 4
[    4.938184] md: multipath personality registered for level -4
[    4.938385] device-mapper: ioctl: 4.15.0-ioctl (2009-04-01) initialised: dm-devel@redhat.com
[    4.938589] cpuidle: using governor ladder
[    4.939202] usbcore: registered new interface driver usbhid
[    4.939290] usbhid: v2.6:USB HID core driver
[    4.939448] random 0014 0000 0000 00000000 00000000: rand_read_num 4 get_random_bytes(136): sig 00000000 00000000 00000000
[    4.939451] random 0014 0000 0000 00000000 00000000: extract_entropy(.. 136 ..)
[    4.939453] random 0014 0000 0000 00000000 00000000: going to reseed nonblocking with 1024 bits (1088 of 0 requested)
[    4.939455] random 0014 0000 0000 00000000 00000000: extract_entropy(.. 128 ..)
[    4.939458] random 0014 0000 0000 00000000 00000000: trying to extract 1024 bits from input
[    4.939460] random 0014 0000 0000 00000000 00000000: debiting 0 entropy credits from input
[    4.939462] random 0014 0000 0000 00000000 00000000: extract_entropy account returned: 0 
[    4.939465] random 0014 0000 0000 00000000 00000000: urand_change_num 7 xfer_secondary_pool(136): pool_sig 00000000, data_sig 00000000, bytes_mixed 0 00000000 00000000
[    4.939468] random 0014 0000 0000 00000000 00000000: trying to extract 1088 bits from nonblocking
[    4.939470] random 0014 0000 0000 00000000 00000000: debiting 1088 entropy credits from nonblocking (unlimited)
[    4.939473] random 0014 0000 0000 00000000 00000000: extract_entropy account returned: 136 
[    4.939477] random 0014 0000 0000 00000000 00000000: urand_change_num 8 extract_buf: pool_sig 00000000, data_sig fffffff9, bytes_mixed 20 00000000 00000000
[    4.939482] random 0014 0000 0000 b7c35b56 be4dc95d: urand_change_num 9 extract_buf: pool_sig fffffd1e, data_sig 000000c5, bytes_mixed 20 b7c35b56 be4dc95d
[    4.939488] random 0014 0000 0000 ed9f5c47 c48487fb: urand_change_num 10 extract_buf: pool_sig fffff8ec, data_sig ffffff68, bytes_mixed 20 ed9f5c47 c48487fb
[    4.939493] random 0014 0000 0000 ed9f5c47 c48487fb: urand_change_num 11 extract_buf: pool_sig fffffaed, data_sig 000001aa, bytes_mixed 20 ed9f5c47 c48487fb
[    4.939498] random 0014 0000 0000 1b4f7c0a 91bd6a48: urand_change_num 12 extract_buf: pool_sig fffffdd8, data_sig 00000064, bytes_mixed 20 1b4f7c0a 91bd6a48
[    4.939503] random 0014 0000 0000 a254b9bc 20e9a24f: urand_change_num 13 extract_buf: pool_sig fffffbe6, data_sig 000001dd, bytes_mixed 20 a254b9bc 20e9a24f
[    4.939509] random 0014 0000 0000 a254b9bc 20e9a24f: urand_change_num 14 extract_buf: pool_sig fffff940, data_sig fffffe20, bytes_mixed 20 a254b9bc 20e9a24f
[    4.939514] random 0014 0000 0000 2831a66b 5fa2a3ad: urand_change_num 15 extract_buf: pool_sig fffffbce, data_sig 0000007e, bytes_mixed 20 2831a66b 5fa2a3ad
[    4.939519] random 0014 0000 0000 2831a66b 5fa2a3ad: urand_change_num 16 extract_buf: pool_sig 000004df, data_sig fffffe8f, bytes_mixed 20 2831a66b 5fa2a3ad
[    4.939524] random 0014 0000 0000 d4512bfd c9a54e0b: urand_change_num 17 extract_buf: pool_sig 00000485, data_sig fffffe68, bytes_mixed 20 d4512bfd c9a54e0b
[    4.939537] random 0014 0000 0000 c7371be6 f9ffea11: urand_change_num 18 extract_buf: pool_sig 00000095, data_sig ffffffed, bytes_mixed 20 c7371be6 f9ffea11
[    4.939542] random 0014 0000 0000 c7371be6 f9ffea11: urand_change_num 19 extract_buf: pool_sig 000003a7, data_sig fffffefa, bytes_mixed 20 c7371be6 f9ffea11
[    4.939547] random 0014 0000 0000 8fb4b62c d1ddba54: urand_change_num 20 extract_buf: pool_sig 00000179, data_sig ffffff78, bytes_mixed 20 8fb4b62c d1ddba54
[    4.939552] random 0014 0000 0000 9ff19f9c c07a1d2a: urand_change_num 21 extract_buf: pool_sig fffffe88, data_sig 00000126, bytes_mixed 20 9ff19f9c c07a1d2a
[    4.939556] TCP cubic registered
[    4.939649] Initializing XFRM netlink socket
[    4.939748] NET: Registered protocol family 17
[    4.939848] Using IPI Shortcut mode
[    4.939934] random 0014 0000 0000 9ff19f9c c07a1d2a: rand_read_num 5 get_random_bytes(8): sig 0000031b 9ff19f9c c07a1d2a
[    4.939936] random 0014 0000 0000 9ff19f9c c07a1d2a: extract_entropy(.. 8 ..)
[    4.939939] random 0014 0000 0000 9ff19f9c c07a1d2a: going to reseed nonblocking with 64 bits (64 of 0 requested)
[    4.939941] random 0014 0000 0000 9ff19f9c c07a1d2a: extract_entropy(.. 8 ..)
[    4.939943] random 0014 0000 0000 9ff19f9c c07a1d2a: trying to extract 64 bits from input
[    4.939945] random 0014 0000 0000 9ff19f9c c07a1d2a: debiting 0 entropy credits from input
[    4.939947] random 0014 0000 0000 9ff19f9c c07a1d2a: extract_entropy account returned: 0 
[    4.939950] random 0014 0000 0000 9ff19f9c c07a1d2a: urand_change_num 22 xfer_secondary_pool(8): pool_sig 0000031b, data_sig 00000000, bytes_mixed 0 9ff19f9c c07a1d2a
[    4.939953] random 0014 0000 0000 9ff19f9c c07a1d2a: trying to extract 64 bits from nonblocking
[    4.939956] random 0014 0000 0000 9ff19f9c c07a1d2a: debiting 64 entropy credits from nonblocking (unlimited)
[    4.939958] random 0014 0000 0000 9ff19f9c c07a1d2a: extract_entropy account returned: 8 
[    4.939962] random 0014 0000 0000 9ff19f9c c07a1d2a: urand_change_num 23 extract_buf: pool_sig 0000031b, data_sig ffffffb3, bytes_mixed 20 9ff19f9c c07a1d2a
[    4.941918] input: AT Translated Set 2 keyboard as /devices/platform/i8042/serio0/input/input1
[    5.131063] ata3: SATA link down (SStatus 0 SControl 300)
[    5.131178] ata1: SATA link up 1.5 Gbps (SStatus 113 SControl 300)
[    5.133687] ata1.00: ACPI cmd ef/02:00:00:00:00:a0 (SET FEATURES) succeeded
[    5.133690] ata1.00: ACPI cmd f5/00:00:00:00:00:a0 (SECURITY FREEZE LOCK) filtered out
[    5.135081] ata1.00: ACPI cmd ef/5f:00:00:00:00:a0 (SET FEATURES) succeeded
[    5.135084] ata1.00: ACPI cmd ef/10:03:00:00:00:a0 (SET FEATURES) filtered out
[    5.136992] ata1.00: ATA-7: ST910021AS, 4.06, max UDMA/100
[    5.137093] ata1.00: 195371568 sectors, multi 16: LBA48 
[    5.139232] ata1.00: ACPI cmd ef/02:00:00:00:00:a0 (SET FEATURES) succeeded
[    5.139235] ata1.00: ACPI cmd f5/00:00:00:00:00:a0 (SECURITY FREEZE LOCK) filtered out
[    5.140628] ata1.00: ACPI cmd ef/5f:00:00:00:00:a0 (SET FEATURES) succeeded
[    5.140630] ata1.00: ACPI cmd ef/10:03:00:00:00:a0 (SET FEATURES) filtered out
[    5.142554] ata1.00: configured for UDMA/100
[    5.153117] scsi 2:0:0:0: Direct-Access     ATA      ST910021AS       4.06 PQ: 0 ANSI: 5
[    5.153399] sd 2:0:0:0: [sda] 195371568 512-byte logical blocks: (100 GB/93.1 GiB)
[    5.153545] sd 2:0:0:0: [sda] Write Protect is off
[    5.153635] sd 2:0:0:0: [sda] Mode Sense: 00 3a 00 00
[    5.153647] sd 2:0:0:0: [sda] Write cache: enabled, read cache: enabled, doesn't support DPO or FUA
[    5.153834]  sda:
[    5.581611] random 0014 0000 0000 277f73c3 42024bb9: add_disk_randomness(8:0) 277f73c3 42024bb9
[    5.581697] random 0014 0000 0000 277f73c3 42024bb9: add_timer_randomness(.. 8388864) with jiffies: 6954808596445757844, cycles: 6954808592151085066
[    5.581699] random 0014 0000 0000 277f73c3 42024bb9: added 11 entropy credits to input
[    5.581704]  sda1 sda2
[    5.582179] random 0025 0000 0000 277f73c3 42024bb9: add_disk_randomness(8:0) 277f73c3 42024bb9
[    5.582182] random 0025 0000 0000 277f73c3 42024bb9: add_timer_randomness(.. 8388864) with jiffies: 6959172197319147925, cycles: 6959172193024475146
[    5.582335] sd 2:0:0:0: [sda] Attached SCSI disk
[    5.582434] random 0025 0000 0000 277f73c3 42024bb9: rand_read_num 6 get_random_bytes(12): sig 000007e9 277f73c3 42024bb9
[    5.582436] random 0025 0000 0000 277f73c3 42024bb9: extract_entropy(.. 12 ..)
[    5.582439] random 0025 0000 0000 277f73c3 42024bb9: going to reseed nonblocking with 96 bits (96 of 0 requested)
[    5.582441] random 0025 0000 0000 277f73c3 42024bb9: extract_entropy(.. 12 ..)
[    5.582443] random 0025 0000 0000 277f73c3 42024bb9: trying to extract 96 bits from input
[    5.582446] random 0025 0000 0000 277f73c3 42024bb9: debiting 0 entropy credits from input
[    5.582448] random 0025 0000 0000 277f73c3 42024bb9: extract_entropy account returned: 0 
[    5.582451] random 0025 0000 0000 277f73c3 42024bb9: urand_change_num 24 xfer_secondary_pool(12): pool_sig 000007e9, data_sig 00000000, bytes_mixed 0 277f73c3 42024bb9
[    5.582454] random 0025 0000 0000 277f73c3 42024bb9: trying to extract 96 bits from nonblocking
[    5.582456] random 0025 0000 0000 277f73c3 42024bb9: debiting 96 entropy credits from nonblocking (unlimited)
[    5.582458] random 0025 0000 0000 277f73c3 42024bb9: extract_entropy account returned: 12 
[    5.582463] random 0025 0000 0000 277f73c3 42024bb9: urand_change_num 25 extract_buf: pool_sig 000007e9, data_sig 00000088, bytes_mixed 20 277f73c3 42024bb9
[    5.582468] random 0025 0000 0000 277f73c3 42024bb9: urand_change_num 26 extract_buf: pool_sig 00000498, data_sig fffffefb, bytes_mixed 20 277f73c3 42024bb9
[    5.582471] RANDOM - __seed init called.
[    5.582472] RANDOM - __seed init called.
[    5.582473] RANDOM - __seed init called.
[    5.582475] RANDOM - __random32 called. Change num 12.  Value: 87f14767	f0d7351	b1e48bd3
[    5.582477] RANDOM - random32_reseed called.  Value: 87f14767	f0d7351	b1e48bd3
[    5.582479] Pid: 1, comm: swapper Not tainted 2.6.32.57 #6
[    5.582569] Call Trace:
[    5.582657]  [<c1923ca4>] ? random32_reseed+0xa0/0xb1
[    5.582757]  [<c1923c04>] ? random32_reseed+0x0/0xb1
[    5.582848]  [<c100111e>] ? do_one_initcall+0x2e/0x180
[    5.582941]  [<c1907265>] ? kernel_init+0xad/0x103
[    5.583031]  [<c19071b8>] ? kernel_init+0x0/0x103
[    5.583126]  [<c1003787>] ? kernel_thread_helper+0x7/0x10
[    5.583649] random 0025 0000 0000 386b4e60 ee4d4880: rand_read_num 7 get_random_bytes(64): sig fffffea5 386b4e60 ee4d4880
[    5.583651] random 0025 0000 0000 386b4e60 ee4d4880: extract_entropy(.. 64 ..)
[    5.583654] random 0025 0000 0000 386b4e60 ee4d4880: going to reseed nonblocking with 512 bits (512 of 0 requested)
[    5.583656] random 0025 0000 0000 386b4e60 ee4d4880: extract_entropy(.. 64 ..)
[    5.583658] random 0025 0000 0000 386b4e60 ee4d4880: trying to extract 512 bits from input
[    5.583660] random 0025 0000 0000 386b4e60 ee4d4880: debiting 0 entropy credits from input
[    5.583662] random 0025 0000 0000 386b4e60 ee4d4880: extract_entropy account returned: 0 
[    5.583666] random 0025 0000 0000 386b4e60 ee4d4880: urand_change_num 27 xfer_secondary_pool(64): pool_sig fffffea5, data_sig 00000000, bytes_mixed 0 386b4e60 ee4d4880
[    5.583669] random 0025 0000 0000 386b4e60 ee4d4880: trying to extract 512 bits from nonblocking
[    5.583671] random 0025 0000 0000 386b4e60 ee4d4880: debiting 512 entropy credits from nonblocking (unlimited)
[    5.583673] random 0025 0000 0000 386b4e60 ee4d4880: extract_entropy account returned: 64 
[    5.583677] random 0025 0000 0000 386b4e60 ee4d4880: urand_change_num 28 extract_buf: pool_sig fffffea5, data_sig 00000173, bytes_mixed 20 386b4e60 ee4d4880
[    5.583682] random 0025 0000 0000 412698f6 0cc8689a: urand_change_num 29 extract_buf: pool_sig 00000122, data_sig ffffff63, bytes_mixed 20 412698f6 0cc8689a
[    5.583688] random 0025 0000 0000 412698f6 0cc8689a: urand_change_num 30 extract_buf: pool_sig 000001f7, data_sig 00000012, bytes_mixed 20 412698f6 0cc8689a
[    5.583693] random 0025 0000 0000 9669941e 06f768b1: urand_change_num 31 extract_buf: pool_sig fffffb5b, data_sig 0000003f, bytes_mixed 20 9669941e 06f768b1
[    5.583698] random 0025 0000 0000 98486520 995551f0: urand_change_num 32 extract_buf: pool_sig fffffb39, data_sig 0000000e, bytes_mixed 20 98486520 995551f0
[    5.583703] random 0025 0000 0000 98486520 995551f0: urand_change_num 33 extract_buf: pool_sig fffffd8d, data_sig 000001a6, bytes_mixed 20 98486520 995551f0
[    5.583709] random 0025 0000 0000 61fc8914 d5882ed2: urand_change_num 34 extract_buf: pool_sig fffffa58, data_sig 0000023e, bytes_mixed 20 61fc8914 d5882ed2
[    5.583740] random 0025 0000 0000 61fc8914 d5882ed2: rand_read_num 8 get_random_bytes(64): sig fffff9ee 61fc8914 d5882ed2
[    5.583742] random 0025 0000 0000 61fc8914 d5882ed2: extract_entropy(.. 64 ..)
[    5.583744] random 0025 0000 0000 61fc8914 d5882ed2: going to reseed nonblocking with 512 bits (512 of 0 requested)
[    5.583747] random 0025 0000 0000 61fc8914 d5882ed2: extract_entropy(.. 64 ..)
[    5.583749] random 0025 0000 0000 61fc8914 d5882ed2: trying to extract 512 bits from input
[    5.583751] random 0025 0000 0000 61fc8914 d5882ed2: debiting 0 entropy credits from input
[    5.583753] random 0025 0000 0000 61fc8914 d5882ed2: extract_entropy account returned: 0 
[    5.583756] random 0025 0000 0000 61fc8914 d5882ed2: urand_change_num 35 xfer_secondary_pool(64): pool_sig fffff9ee, data_sig 00000000, bytes_mixed 0 61fc8914 d5882ed2
[    5.583759] random 0025 0000 0000 61fc8914 d5882ed2: trying to extract 512 bits from nonblocking
[    5.583761] random 0025 0000 0000 61fc8914 d5882ed2: debiting 512 entropy credits from nonblocking (unlimited)
[    5.583764] random 0025 0000 0000 61fc8914 d5882ed2: extract_entropy account returned: 64 
[    5.583768] random 0025 0000 0000 61fc8914 d5882ed2: urand_change_num 36 extract_buf: pool_sig fffff9ee, data_sig ffffff85, bytes_mixed 20 61fc8914 d5882ed2
[    5.583773] random 0025 0000 0000 70cfd302 e5edec11: urand_change_num 37 extract_buf: pool_sig fffffdc1, data_sig ffffffde, bytes_mixed 20 70cfd302 e5edec11
[    5.583778] random 0025 0000 0000 00dab838 eafd2b30: urand_change_num 38 extract_buf: pool_sig 000003da, data_sig ffffff61, bytes_mixed 20 00dab838 eafd2b30
[    5.583783] random 0025 0000 0000 00dab838 eafd2b30: urand_change_num 39 extract_buf: pool_sig 00000314, data_sig 00000121, bytes_mixed 20 00dab838 eafd2b30
[    5.583789] random 0025 0000 0000 5fcdf66a 6442b608: urand_change_num 40 extract_buf: pool_sig 0000028b, data_sig fffffefd, bytes_mixed 20 5fcdf66a 6442b608
[    5.583794] random 0025 0000 0000 61333f6b 8fae0f9b: urand_change_num 41 extract_buf: pool_sig 000000cb, data_sig 000000b3, bytes_mixed 20 61333f6b 8fae0f9b
[    5.583799] random 0025 0000 0000 61333f6b 8fae0f9b: urand_change_num 42 extract_buf: pool_sig fffffef8, data_sig 00000051, bytes_mixed 20 61333f6b 8fae0f9b
[    5.583802] BEGIN NET_SECRET:
[    5.583803] \xffffffe0
[    5.583804] \xffffffb6
[    5.583805] \x36
[    5.583806] \xffffffb5
[    5.583806] \xffffff94
[    5.583807] \xffffffb2
[    5.583808] \xffffffa8
[    5.583809] \xffffffda
[    5.583810] \x5b
[    5.583811] \x19
[    5.583811] \x18
[    5.583812] \x5c
[    5.583813] \x2b
[    5.583813] \x1
[    5.583814] \xffffff90
[    5.583815] \x19
[    5.583816] \x3c
[    5.583816] \xfffffff2
[    5.583817] \xffffff82
[    5.583818] \x2a
[    5.583819] \xffffffb3
[    5.583820] \xffffffa2
[    5.583820] \x3f
[    5.583821] \x5
[    5.583822] \x52
[    5.583823] \x77
[    5.583823] \x57
[    5.583824] \x79
[    5.583825] \x16
[    5.583825] \x43
[    5.583826] \xffffff84
[    5.583827] \xffffffc3
[    5.583828] \xffffffe9
[    5.583829] \x79
[    5.583829] \x50
[    5.583830] \xffffff8e
[    5.583831] \x3f
[    5.583832] \xfffffff3
[    5.583833] \x19
[    5.583833] \x2a
[    5.583834] \xfffffffd
[    5.583835] \xfffffffb
[    5.583836] \x62
[    5.583836] \x3c
[    5.583837] \xffffffac
[    5.583838] \x1c
[    5.583839] \x3b
[    5.583839] \x3b
[    5.583840] \x15
[    5.583841] \x27
[    5.583841] \xffffffa8
[    5.583842] \x22
[    5.583843] \xffffffc5
[    5.583844] \xffffff9a
[    5.583845] \x5
[    5.583845] \x6c
[    5.583846] \xffffffa8
[    5.583847] \x3a
[    5.583848] \x44
[    5.583848] \xffffffaf
[    5.583849] \x13
[    5.583850] \xffffffe0
[    5.583851] \xffffff9d
[    5.583852] \x22
[    5.583852] 
[    5.583853] END NET_SECRET
[    5.583856] random 0025 0000 0000 e7f555d9 e8ce5c3c: rand_read_num 9 get_random_bytes(4): sig 0000068c e7f555d9 e8ce5c3c
[    5.583858] random 0025 0000 0000 e7f555d9 e8ce5c3c: extract_entropy(.. 4 ..)
[    5.583860] random 0025 0000 0000 e7f555d9 e8ce5c3c: going to reseed nonblocking with 64 bits (32 of 0 requested)
[    5.583863] random 0025 0000 0000 e7f555d9 e8ce5c3c: extract_entropy(.. 8 ..)
[    5.583865] random 0025 0000 0000 e7f555d9 e8ce5c3c: trying to extract 64 bits from input
[    5.583867] random 0025 0000 0000 e7f555d9 e8ce5c3c: debiting 0 entropy credits from input
[    5.583869] random 0025 0000 0000 e7f555d9 e8ce5c3c: extract_entropy account returned: 0 
[    5.583872] random 0025 0000 0000 e7f555d9 e8ce5c3c: urand_change_num 43 xfer_secondary_pool(4): pool_sig 0000068c, data_sig 00000000, bytes_mixed 0 e7f555d9 e8ce5c3c
[    5.583875] random 0025 0000 0000 e7f555d9 e8ce5c3c: trying to extract 32 bits from nonblocking
[    5.583877] random 0025 0000 0000 e7f555d9 e8ce5c3c: debiting 32 entropy credits from nonblocking (unlimited)
[    5.583879] random 0025 0000 0000 e7f555d9 e8ce5c3c: extract_entropy account returned: 4 
[    5.583883] random 0025 0000 0000 e7f555d9 e8ce5c3c: urand_change_num 44 extract_buf: pool_sig 0000068c, data_sig fffffdcb, bytes_mixed 20 e7f555d9 e8ce5c3c
[    5.583895] md: Waiting for all devices to be available before autodetect
[    5.583985] md: If you don't use raid, use raid=noautodetect
[    5.584153] md: Autodetecting RAID arrays.
[    5.584245] md: Scanned 0 and added 0 devices.
[    5.584335] md: autorun ...
[    5.584425] md: ... autorun DONE.
[    5.597820] random 0025 0000 0000 e7f555d9 e8ce5c3c: add_disk_randomness(8:0) e7f555d9 e8ce5c3c
[    5.597823] random 0025 0000 0000 e7f555d9 e8ce5c3c: add_timer_randomness(.. 8388864) with jiffies: 7099888541550477732, cycles: 7099888537255804938
[    5.597826] random 0025 0000 0000 e7f555d9 e8ce5c3c: added 3 entropy credits to input
[    5.598945] random 0028 0000 0000 e7f555d9 e8ce5c3c: add_disk_randomness(8:0) e7f555d9 e8ce5c3c
[    5.598948] random 0028 0000 0000 e7f555d9 e8ce5c3c: add_timer_randomness(.. 8388864) with jiffies: 7110018398011752869, cycles: 7110018393717080074
[    5.599057] random 0028 0000 0000 e7f555d9 e8ce5c3c: add_disk_randomness(8:0) e7f555d9 e8ce5c3c
[    5.599060] random 0028 0000 0000 e7f555d9 e8ce5c3c: add_timer_randomness(.. 8388864) with jiffies: 7111023433243918757, cycles: 7111023428949245962
[    5.599069] EXT3-fs: sda2: couldn't mount because of unsupported optional features (240).
[    5.599298] random 0028 0000 0000 e7f555d9 e8ce5c3c: add_disk_randomness(8:0) e7f555d9 e8ce5c3c
[    5.599301] random 0028 0000 0000 e7f555d9 e8ce5c3c: add_timer_randomness(.. 8388864) with jiffies: 7113178716552528294, cycles: 7113178712257855498
[    5.599305] EXT2-fs: sda2: couldn't mount because of unsupported optional features (240).
[    5.599567] random 0028 0000 0000 e7f555d9 e8ce5c3c: add_disk_randomness(8:0) e7f555d9 e8ce5c3c
[    5.599570] random 0028 0000 0000 e7f555d9 e8ce5c3c: add_timer_randomness(.. 8388864) with jiffies: 7115606927852929446, cycles: 7115606923558256650
[    5.599703] random 0028 0000 0000 e7f555d9 e8ce5c3c: add_disk_randomness(8:0) e7f555d9 e8ce5c3c
[    5.599706] random 0028 0000 0000 e7f555d9 e8ce5c3c: add_timer_randomness(.. 8388864) with jiffies: 7116829331379945894, cycles: 7116829327085273098
[    5.599827] random 0028 0000 0000 e7f555d9 e8ce5c3c: add_disk_randomness(8:0) e7f555d9 e8ce5c3c
[    5.599830] random 0028 0000 0000 e7f555d9 e8ce5c3c: add_timer_randomness(.. 8388864) with jiffies: 7117947878302777766, cycles: 7117947874008104970
[    5.599940] random 0028 0000 0000 e7f555d9 e8ce5c3c: add_disk_randomness(8:0) e7f555d9 e8ce5c3c
[    5.599943] random 0028 0000 0000 e7f555d9 e8ce5c3c: add_timer_randomness(.. 8388864) with jiffies: 7118964368212722086, cycles: 7118964363918049290
[    5.600096] random 0028 0000 0000 e7f555d9 e8ce5c3c: add_disk_randomness(8:0) e7f555d9 e8ce5c3c
[    5.600099] random 0028 0000 0000 e7f555d9 e8ce5c3c: add_timer_randomness(.. 8388864) with jiffies: 7120356156659958183, cycles: 7120356152365285386
[    5.600220] random 0028 0000 0000 e7f555d9 e8ce5c3c: add_disk_randomness(8:0) e7f555d9 e8ce5c3c
[    5.600223] random 0028 0000 0000 e7f555d9 e8ce5c3c: add_timer_randomness(.. 8388864) with jiffies: 7121475420842328487, cycles: 7121475416547655690
[    5.600373] random 0028 0000 0000 e7f555d9 e8ce5c3c: add_disk_randomness(8:0) e7f555d9 e8ce5c3c
[    5.600376] random 0028 0000 0000 e7f555d9 e8ce5c3c: add_timer_randomness(.. 8388864) with jiffies: 7122853907775848871, cycles: 7122853903481176074
[    5.600500] random 0028 0000 0000 e7f555d9 e8ce5c3c: add_disk_randomness(8:0) e7f555d9 e8ce5c3c
[    5.600502] random 0028 0000 0000 e7f555d9 e8ce5c3c: add_timer_randomness(.. 8388864) with jiffies: 7123991571598115239, cycles: 7123991567303442442
[    5.600740] random 0028 0000 0000 e7f555d9 e8ce5c3c: rand_read_num 10 get_random_bytes(4): sig ffffff72 e7f555d9 e8ce5c3c
[    5.600742] random 0028 0000 0000 e7f555d9 e8ce5c3c: extract_entropy(.. 4 ..)
[    5.600745] random 0028 0000 0000 e7f555d9 e8ce5c3c: going to reseed nonblocking with 64 bits (32 of 0 requested)
[    5.600747] random 0028 0000 0000 e7f555d9 e8ce5c3c: extract_entropy(.. 8 ..)
[    5.600749] random 0028 0000 0000 e7f555d9 e8ce5c3c: trying to extract 64 bits from input
[    5.600751] random 0028 0000 0000 e7f555d9 e8ce5c3c: debiting 0 entropy credits from input
[    5.600753] random 0028 0000 0000 e7f555d9 e8ce5c3c: extract_entropy account returned: 0 
[    5.600756] random 0028 0000 0000 e7f555d9 e8ce5c3c: urand_change_num 45 xfer_secondary_pool(4): pool_sig ffffff72, data_sig 00000000, bytes_mixed 0 e7f555d9 e8ce5c3c
[    5.600759] random 0028 0000 0000 e7f555d9 e8ce5c3c: trying to extract 32 bits from nonblocking
[    5.600761] random 0028 0000 0000 e7f555d9 e8ce5c3c: debiting 32 entropy credits from nonblocking (unlimited)
[    5.600763] random 0028 0000 0000 e7f555d9 e8ce5c3c: extract_entropy account returned: 4 
[    5.600768] random 0028 0000 0000 e7f555d9 e8ce5c3c: urand_change_num 46 extract_buf: pool_sig ffffff72, data_sig ffffff72, bytes_mixed 20 e7f555d9 e8ce5c3c
[    5.612277] random 0028 0000 0000 91716c54 eeb6a1e7: add_disk_randomness(8:0) 91716c54 eeb6a1e7
[    5.612281] random 0028 0000 0000 91716c54 eeb6a1e7: add_timer_randomness(.. 8388864) with jiffies: 7229943101915890099, cycles: 7229943097621217290
[    5.612283] random 0028 0000 0000 91716c54 eeb6a1e7: added 3 entropy credits to input
[    5.630552] random 0031 0000 0000 91716c54 eeb6a1e7: add_disk_randomness(8:0) 91716c54 eeb6a1e7
[    5.630556] random 0031 0000 0000 91716c54 eeb6a1e7: add_timer_randomness(.. 8388864) with jiffies: 7394349343290655173, cycles: 7394349338995982346
[    5.630558] random 0031 0000 0000 91716c54 eeb6a1e7: added 2 entropy credits to input
[    5.635200] EXT4-fs (sda2): mounted filesystem with ordered data mode
[    5.635400] VFS: Mounted root (ext4 filesystem) readonly on device 8:2.
[    5.635503] Freeing unused kernel memory: 448k freed
[    5.655703] random 0033 0000 0000 91716c54 eeb6a1e7: add_disk_randomness(8:0) 91716c54 eeb6a1e7
[    5.655706] random 0033 0000 0000 91716c54 eeb6a1e7: add_timer_randomness(.. 8388864) with jiffies: 7620603264051675614, cycles: 7620603259757002762
[    5.656436] random 0033 0000 0000 91716c54 eeb6a1e7: add_disk_randomness(8:0) 91716c54 eeb6a1e7
[    5.656439] random 0033 0000 0000 91716c54 eeb6a1e7: add_timer_randomness(.. 8388864) with jiffies: 7627194123295621599, cycles: 7627194119000948746
[    5.661163] random 0033 0000 0000 91716c54 eeb6a1e7: add_disk_randomness(8:0) 91716c54 eeb6a1e7
[    5.661166] random 0033 0000 0000 91716c54 eeb6a1e7: add_timer_randomness(.. 8388864) with jiffies: 7669719118479327716, cycles: 7669719114184654858
[    5.661169] random 0033 0000 0000 91716c54 eeb6a1e7: added 2 entropy credits to input
[    5.669362] random 0035 0000 0000 91716c54 eeb6a1e7: add_disk_randomness(8:0) 91716c54 eeb6a1e7
[    5.669365] random 0035 0000 0000 91716c54 eeb6a1e7: add_timer_randomness(.. 8388864) with jiffies: 7743474976945832428, cycles: 7743474972651159562
[    5.672784] random 0035 0000 0000 91716c54 eeb6a1e7: add_disk_randomness(8:0) 91716c54 eeb6a1e7
[    5.672787] random 0035 0000 0000 91716c54 eeb6a1e7: add_timer_randomness(.. 8388864) with jiffies: 7774266323340329455, cycles: 7774266319045656586
[    5.672790] random 0035 0000 0000 91716c54 eeb6a1e7: added 1 entropy credits to input
[    5.681679] random 0036 0000 0000 91716c54 eeb6a1e7: add_disk_randomness(8:0) 91716c54 eeb6a1e7
[    5.681682] random 0036 0000 0000 91716c54 eeb6a1e7: add_timer_randomness(.. 8388864) with jiffies: 7854285682938446328, cycles: 7854285678643773450
[    5.681685] random 0036 0000 0000 91716c54 eeb6a1e7: added 2 entropy credits to input
[    5.686639] random 0038 0000 0000 91716c54 eeb6a1e7: add_disk_randomness(8:0) 91716c54 eeb6a1e7
[    5.686642] random 0038 0000 0000 91716c54 eeb6a1e7: add_timer_randomness(.. 8388864) with jiffies: 7898906115356459517, cycles: 7898906111061786634
[    5.686645] random 0038 0000 0000 91716c54 eeb6a1e7: added 2 entropy credits to input
[    5.694717] random 0040 0000 0000 91716c54 eeb6a1e7: add_disk_randomness(8:0) 91716c54 eeb6a1e7
[    5.694720] random 0040 0000 0000 91716c54 eeb6a1e7: add_timer_randomness(.. 8388864) with jiffies: 7971572022792389125, cycles: 7971572018497716234
[    5.694722] random 0040 0000 0000 91716c54 eeb6a1e7: added 1 entropy credits to input
[    5.694745] RANDOM get_random_int call with cycles 44805752932, jiffies 4294672901 and pid 1
[    5.694748] RANDOM get_random_int call with cycles 44805760324, jiffies 4294672901 and pid 1
[    5.694750] ASLR stack rand value: 1527808 after shift for pid: 1
[    5.694751] RANDOM get_random_int call with cycles 44805768115, jiffies 4294672901 and pid 1
[    5.706365] random 0041 0000 0000 91716c54 eeb6a1e7: add_disk_randomness(8:0) 91716c54 eeb6a1e7
[    5.706368] random 0041 0000 0000 91716c54 eeb6a1e7: add_timer_randomness(.. 8388864) with jiffies: 8076352109370114577, cycles: 8076352105075441674
[    5.706378] RANDOM get_random_int call with cycles 44830119138, jiffies 4294672913 and pid 1
[    5.706384] random 0041 0000 0000 91716c54 eeb6a1e7: rand_read_num 11 get_random_bytes(16): sig fffffcad 91716c54 eeb6a1e7
[    5.706387] random 0041 0000 0000 91716c54 eeb6a1e7: extract_entropy(.. 16 ..)
[    5.706389] random 0041 0000 0000 91716c54 eeb6a1e7: going to reseed nonblocking with 128 bits (128 of 0 requested)
[    5.706391] random 0041 0000 0000 91716c54 eeb6a1e7: extract_entropy(.. 16 ..)
[    5.706394] random 0041 0000 0000 91716c54 eeb6a1e7: trying to extract 128 bits from input
[    5.706396] random 0041 0000 0000 91716c54 eeb6a1e7: debiting 0 entropy credits from input
[    5.706398] random 0041 0000 0000 91716c54 eeb6a1e7: extract_entropy account returned: 0 
[    5.706401] random 0041 0000 0000 91716c54 eeb6a1e7: urand_change_num 47 xfer_secondary_pool(16): pool_sig fffffcad, data_sig 00000000, bytes_mixed 0 91716c54 eeb6a1e7
[    5.706404] random 0041 0000 0000 91716c54 eeb6a1e7: trying to extract 128 bits from nonblocking
[    5.706406] random 0041 0000 0000 91716c54 eeb6a1e7: debiting 128 entropy credits from nonblocking (unlimited)
[    5.706408] random 0041 0000 0000 91716c54 eeb6a1e7: extract_entropy account returned: 16 
[    5.706413] random 0041 0000 0000 91716c54 eeb6a1e7: urand_change_num 48 extract_buf: pool_sig fffffcad, data_sig ffffff19, bytes_mixed 20 91716c54 eeb6a1e7
[    5.706418] random 0041 0000 0000 fd637b06 6cf47bc1: urand_change_num 49 extract_buf: pool_sig fffffede, data_sig ffffffc1, bytes_mixed 20 fd637b06 6cf47bc1
[    5.707371] random 0041 0000 0000 fd637b06 6cf47bc1: add_disk_randomness(8:0) fd637b06 6cf47bc1
[    5.707374] random 0041 0000 0000 fd637b06 6cf47bc1: add_timer_randomness(.. 8388864) with jiffies: 8085404865342964242, cycles: 8085404861048291338
[    5.708574] random 0041 0000 0000 fd637b06 6cf47bc1: add_disk_randomness(8:0) fd637b06 6cf47bc1
[    5.708577] random 0041 0000 0000 fd637b06 6cf47bc1: add_timer_randomness(.. 8388864) with jiffies: 8096231339729846803, cycles: 8096231335435173898
[    5.709729] random 0041 0000 0000 fd637b06 6cf47bc1: add_disk_randomness(8:0) fd637b06 6cf47bc1
[    5.709732] random 0041 0000 0000 fd637b06 6cf47bc1: add_timer_randomness(.. 8388864) with jiffies: 8106624116909113876, cycles: 8106624112614440970
[    5.710607] random 0041 0000 0000 fd637b06 6cf47bc1: add_disk_randomness(8:0) fd637b06 6cf47bc1
[    5.710610] random 0041 0000 0000 fd637b06 6cf47bc1: add_timer_randomness(.. 8388864) with jiffies: 8114523876026450453, cycles: 8114523871731777546
[    5.710791] random 0041 0000 0000 fd637b06 6cf47bc1: add_disk_randomness(8:0) fd637b06 6cf47bc1
[    5.710794] random 0041 0000 0000 fd637b06 6cf47bc1: add_timer_randomness(.. 8388864) with jiffies: 8116174792735556117, cycles: 8116174788440883210
[    5.711003] random 0041 0000 0000 fd637b06 6cf47bc1: add_disk_randomness(8:0) fd637b06 6cf47bc1
[    5.711006] random 0041 0000 0000 fd637b06 6cf47bc1: add_timer_randomness(.. 8388864) with jiffies: 8118087406096974357, cycles: 8118087401802301450
[    5.721428] random 0041 0000 0000 fd637b06 6cf47bc1: add_disk_randomness(8:0) fd637b06 6cf47bc1
[    5.721431] random 0041 0000 0000 fd637b06 6cf47bc1: add_timer_randomness(.. 8388864) with jiffies: 8211866402097431072, cycles: 8211866397802758154
[    5.721434] random 0041 0000 0000 fd637b06 6cf47bc1: added 3 entropy credits to input
[    5.721867] random 0044 0000 0000 fd637b06 6cf47bc1: add_disk_randomness(8:0) fd637b06 6cf47bc1
[    5.721870] random 0044 0000 0000 fd637b06 6cf47bc1: add_timer_randomness(.. 8388864) with jiffies: 8215818222981317152, cycles: 8215818218686644234
[    5.731610] random 0044 0000 0000 fd637b06 6cf47bc1: add_disk_randomness(8:0) fd637b06 6cf47bc1
[    5.731613] random 0044 0000 0000 fd637b06 6cf47bc1: add_timer_randomness(.. 8388864) with jiffies: 8303464817431904810, cycles: 8303464813137231882
[    5.731616] random 0044 0000 0000 fd637b06 6cf47bc1: added 3 entropy credits to input
[    5.731668] RANDOM get_random_int call with cycles 44883089895, jiffies 4294672938 and pid 1
[    5.744258] random 0047 0000 0000 fd637b06 6cf47bc1: add_disk_randomness(8:0) fd637b06 6cf47bc1
[    5.744261] random 0047 0000 0000 fd637b06 6cf47bc1: add_timer_randomness(.. 8388864) with jiffies: 8417241919896912439, cycles: 8417241915602239498
[    5.744264] random 0047 0000 0000 fd637b06 6cf47bc1: added 1 entropy credits to input
[    5.757369] random 0048 0000 0000 fd637b06 6cf47bc1: add_disk_randomness(8:0) fd637b06 6cf47bc1
[    5.757372] random 0048 0000 0000 fd637b06 6cf47bc1: add_timer_randomness(.. 8388864) with jiffies: 8535184152796561988, cycles: 8535184148501889034
[    5.757508] random 0048 0000 0000 fd637b06 6cf47bc1: add_disk_randomness(8:0) fd637b06 6cf47bc1
[    5.757511] random 0048 0000 0000 fd637b06 6cf47bc1: add_timer_randomness(.. 8388864) with jiffies: 8536436457885893188, cycles: 8536436453591220234
[    5.759672] random 0048 0000 0000 fd637b06 6cf47bc1: add_disk_randomness(8:0) fd637b06 6cf47bc1
[    5.759675] random 0048 0000 0000 fd637b06 6cf47bc1: add_timer_randomness(.. 8388864) with jiffies: 8555909229720601158, cycles: 8555909225425928202
[    5.759678] random 0048 0000 0000 fd637b06 6cf47bc1: added 1 entropy credits to input
[    5.759916] random 0049 0000 0000 fd637b06 6cf47bc1: add_disk_randomness(8:0) fd637b06 6cf47bc1
[    5.759919] random 0049 0000 0000 fd637b06 6cf47bc1: add_timer_randomness(.. 8388864) with jiffies: 8558111457021755974, cycles: 8558111452727083018
[    5.760097] random 0049 0000 0000 fd637b06 6cf47bc1: add_disk_randomness(8:0) fd637b06 6cf47bc1
[    5.760100] random 0049 0000 0000 fd637b06 6cf47bc1: add_timer_randomness(.. 8388864) with jiffies: 8559719982403650119, cycles: 8559719978108977162
[    5.763227] random 0049 0000 0000 fd637b06 6cf47bc1: add_disk_randomness(8:0) fd637b06 6cf47bc1
[    5.763230] random 0049 0000 0000 fd637b06 6cf47bc1: add_timer_randomness(.. 8388864) with jiffies: 8587885682146116170, cycles: 8587885677851443210
[    5.765241] random 0049 0000 0000 fd637b06 6cf47bc1: add_disk_randomness(8:0) fd637b06 6cf47bc1
[    5.765244] random 0049 0000 0000 fd637b06 6cf47bc1: add_timer_randomness(.. 8388864) with jiffies: 8606005135555658316, cycles: 8606005131260985354
[    5.773121] random 0049 0000 0000 fd637b06 6cf47bc1: add_disk_randomness(8:0) fd637b06 6cf47bc1
[    5.773124] random 0049 0000 0000 fd637b06 6cf47bc1: add_timer_randomness(.. 8388864) with jiffies: 8676892634473267796, cycles: 8676892630178594826
[    5.773127] random 0049 0000 0000 fd637b06 6cf47bc1: added 2 entropy credits to input
[    5.773253] random 0051 0000 0000 fd637b06 6cf47bc1: add_disk_randomness(8:0) fd637b06 6cf47bc1
[    5.773256] random 0051 0000 0000 fd637b06 6cf47bc1: add_timer_randomness(.. 8388864) with jiffies: 8678080403384009300, cycles: 8678080399089336330
[    5.776767] random 0051 0000 0000 fd637b06 6cf47bc1: add_disk_randomness(8:0) fd637b06 6cf47bc1
[    5.776770] random 0051 0000 0000 fd637b06 6cf47bc1: add_timer_randomness(.. 8388864) with jiffies: 8709698380659130967, cycles: 8709698376364457994
[    5.776773] random 0051 0000 0000 fd637b06 6cf47bc1: added 1 entropy credits to input
[    5.781265] random 0052 0000 0000 fd637b06 6cf47bc1: add_disk_randomness(8:0) fd637b06 6cf47bc1
[    5.781268] random 0052 0000 0000 fd637b06 6cf47bc1: add_timer_randomness(.. 8388864) with jiffies: 8750155310435107420, cycles: 8750155306140434442
[    5.786842] random 0052 0000 0000 fd637b06 6cf47bc1: add_disk_randomness(8:0) fd637b06 6cf47bc1
[    5.786845] random 0052 0000 0000 fd637b06 6cf47bc1: add_timer_randomness(.. 8388864) with jiffies: 8800332524296045153, cycles: 8800332520001372170
[    5.793121] random 0052 0000 0000 fd637b06 6cf47bc1: add_disk_randomness(8:0) fd637b06 6cf47bc1
[    5.793124] random 0052 0000 0000 fd637b06 6cf47bc1: add_timer_randomness(.. 8388864) with jiffies: 8856808685653688936, cycles: 8856808681359015946
[    5.793127] random 0052 0000 0000 fd637b06 6cf47bc1: added 1 entropy credits to input
[    5.793143] random 0053 0000 0000 fd637b06 6cf47bc1: rand_read_num 12 get_random_bytes(16): sig 0000033b fd637b06 6cf47bc1
[    5.793145] random 0053 0000 0000 fd637b06 6cf47bc1: extract_entropy(.. 16 ..)
[    5.793148] random 0053 0000 0000 fd637b06 6cf47bc1: going to reseed nonblocking with 128 bits (128 of 0 requested)
[    5.793150] random 0053 0000 0000 fd637b06 6cf47bc1: extract_entropy(.. 16 ..)
[    5.793152] random 0053 0000 0000 fd637b06 6cf47bc1: trying to extract 128 bits from input
[    5.793155] random 0053 0000 0000 fd637b06 6cf47bc1: debiting 0 entropy credits from input
[    5.793156] random 0053 0000 0000 fd637b06 6cf47bc1: extract_entropy account returned: 0 
[    5.793160] random 0053 0000 0000 fd637b06 6cf47bc1: urand_change_num 50 xfer_secondary_pool(16): pool_sig 0000033b, data_sig 00000000, bytes_mixed 0 fd637b06 6cf47bc1
[    5.793162] random 0053 0000 0000 fd637b06 6cf47bc1: trying to extract 128 bits from nonblocking
[    5.793165] random 0053 0000 0000 fd637b06 6cf47bc1: debiting 128 entropy credits from nonblocking (unlimited)
[    5.793167] random 0053 0000 0000 fd637b06 6cf47bc1: extract_entropy account returned: 16 
[    5.793171] random 0053 0000 0000 fd637b06 6cf47bc1: urand_change_num 51 extract_buf: pool_sig 0000033b, data_sig 000000d8, bytes_mixed 20 fd637b06 6cf47bc1
[    5.793177] random 0053 0000 0000 0ec1f012 d4727ca8: urand_change_num 52 extract_buf: pool_sig fffffcf5, data_sig 00000016, bytes_mixed 20 0ec1f012 d4727ca8
[    5.799866] random 0053 0000 0000 45b1d0b1 845a73f7: add_disk_randomness(8:0) 45b1d0b1 845a73f7
[    5.799869] random 0053 0000 0000 45b1d0b1 845a73f7: add_timer_randomness(.. 8388864) with jiffies: 8917498682375111278, cycles: 8917498678080438282
[    5.807089] random 0053 0000 0000 45b1d0b1 845a73f7: add_disk_randomness(8:0) 45b1d0b1 845a73f7
[    5.807092] random 0053 0000 0000 45b1d0b1 845a73f7: add_timer_randomness(.. 8388864) with jiffies: 8982467450070860406, cycles: 8982467445776187402
[    5.807095] random 0053 0000 0000 45b1d0b1 845a73f7: added 1 entropy credits to input
[    5.812690] random 0054 0000 0000 45b1d0b1 845a73f7: add_disk_randomness(8:0) 45b1d0b1 845a73f7
[    5.812693] random 0054 0000 0000 45b1d0b1 845a73f7: add_timer_randomness(.. 8388864) with jiffies: 9032855856063677051, cycles: 9032855851769004042
[    5.812695] random 0054 0000 0000 45b1d0b1 845a73f7: added 1 entropy credits to input
[    5.824516] random 0055 0000 0000 45b1d0b1 845a73f7: add_disk_randomness(8:0) 45b1d0b1 845a73f7
[    5.824519] random 0055 0000 0000 45b1d0b1 845a73f7: add_timer_randomness(.. 8388864) with jiffies: 9139248346378764935, cycles: 9139248342084091914
[    5.824522] random 0055 0000 0000 45b1d0b1 845a73f7: added 2 entropy credits to input
[    5.827656] random 0057 0000 0000 45b1d0b1 845a73f7: add_disk_randomness(8:0) 45b1d0b1 845a73f7
[    5.827659] random 0057 0000 0000 45b1d0b1 845a73f7: add_timer_randomness(.. 8388864) with jiffies: 9167495805118677642, cycles: 9167495800824004618
[    5.827662] random 0057 0000 0000 45b1d0b1 845a73f7: added 1 entropy credits to input
[    5.841929] random 0058 0000 0000 45b1d0b1 845a73f7: add_disk_randomness(8:0) 45b1d0b1 845a73f7
[    5.841932] random 0058 0000 0000 45b1d0b1 845a73f7: add_timer_randomness(.. 8388864) with jiffies: 9295896115880362648, cycles: -9150847962123862006
[    5.841935] random 0058 0000 0000 45b1d0b1 845a73f7: added 3 entropy credits to input
[    5.847331] random 0061 0000 0000 45b1d0b1 845a73f7: add_disk_randomness(8:0) 45b1d0b1 845a73f7
[    5.847334] random 0061 0000 0000 45b1d0b1 845a73f7: add_timer_randomness(.. 8388864) with jiffies: 9344487400182350494, cycles: -9102256677821874166
[    5.847337] random 0061 0000 0000 45b1d0b1 845a73f7: added 2 entropy credits to input
[    5.852499] random 0063 0000 0000 45b1d0b1 845a73f7: add_disk_randomness(8:0) 45b1d0b1 845a73f7
[    5.852502] random 0063 0000 0000 45b1d0b1 845a73f7: add_timer_randomness(.. 8388864) with jiffies: 9390975984460333731, cycles: -9055768093543890934
[    5.869052] random 0063 0000 0000 45b1d0b1 845a73f7: add_disk_randomness(8:0) 45b1d0b1 845a73f7
[    5.869055] random 0063 0000 0000 45b1d0b1 845a73f7: add_timer_randomness(.. 8388864) with jiffies: 9539900097093665459, cycles: -8906843980910559222
[    5.869058] random 0063 0000 0000 45b1d0b1 845a73f7: added 3 entropy credits to input
[    5.878655] random 0066 0000 0000 45b1d0b1 845a73f7: add_disk_randomness(8:0) 45b1d0b1 845a73f7
[    5.878658] random 0066 0000 0000 45b1d0b1 845a73f7: add_timer_randomness(.. 8388864) with jiffies: 9626278696939389629, cycles: -8820465381064835062
[    5.878660] random 0066 0000 0000 45b1d0b1 845a73f7: added 2 entropy credits to input
[    5.898159] random 0068 0000 0000 45b1d0b1 845a73f7: add_disk_randomness(8:0) 45b1d0b1 845a73f7
[    5.898162] random 0068 0000 0000 45b1d0b1 845a73f7: add_timer_randomness(.. 8388864) with jiffies: 9801730718026138321, cycles: -8645013359978086390
[    5.898165] random 0068 0000 0000 45b1d0b1 845a73f7: added 3 entropy credits to input
[    5.911449] random 0071 0000 0000 45b1d0b1 845a73f7: add_disk_randomness(8:0) 45b1d0b1 845a73f7
[    5.911452] random 0071 0000 0000 45b1d0b1 845a73f7: add_timer_randomness(.. 8388864) with jiffies: 9921289997522797278, cycles: -8525454080481427446
[    5.911454] random 0071 0000 0000 45b1d0b1 845a73f7: added 2 entropy credits to input
[    5.919467] random 0073 0000 0000 45b1d0b1 845a73f7: add_disk_randomness(8:0) 45b1d0b1 845a73f7
[    5.919470] random 0073 0000 0000 45b1d0b1 845a73f7: add_timer_randomness(.. 8388864) with jiffies: 9993418299607319270, cycles: -8453325778396905462
[    5.919472] random 0073 0000 0000 45b1d0b1 845a73f7: added 1 entropy credits to input
[    5.929481] random 0074 0000 0000 45b1d0b1 845a73f7: add_disk_randomness(8:0) 45b1d0b1 845a73f7
[    5.929484] random 0074 0000 0000 45b1d0b1 845a73f7: add_timer_randomness(.. 8388864) with jiffies: 10083509069751747312, cycles: -8363235008252477430
[    5.929487] random 0074 0000 0000 45b1d0b1 845a73f7: added 1 entropy credits to input
[    5.942366] random 0075 0000 0000 45b1d0b1 845a73f7: add_disk_randomness(8:0) 45b1d0b1 845a73f7
[    5.942369] random 0075 0000 0000 45b1d0b1 845a73f7: add_timer_randomness(.. 8388864) with jiffies: 10199423373713048317, cycles: -8247320704291176438
[    5.949727] random 0075 0000 0000 45b1d0b1 845a73f7: add_disk_randomness(8:0) 45b1d0b1 845a73f7
[    5.949730] random 0075 0000 0000 45b1d0b1 845a73f7: add_timer_randomness(.. 8388864) with jiffies: 10265647285471511300, cycles: -8181096792532713462
[    5.949733] random 0075 0000 0000 45b1d0b1 845a73f7: added 2 entropy credits to input
[    5.954974] random 0077 0000 0000 45b1d0b1 845a73f7: add_disk_randomness(8:0) 45b1d0b1 845a73f7
[    5.954977] random 0077 0000 0000 45b1d0b1 845a73f7: add_timer_randomness(.. 8388864) with jiffies: 10312850569487418121, cycles: -8133893508516806646
[    5.954980] random 0077 0000 0000 45b1d0b1 845a73f7: added 1 entropy credits to input
[    5.961411] random 0078 0000 0000 45b1d0b1 845a73f7: add_disk_randomness(8:0) 45b1d0b1 845a73f7
[    5.961414] random 0078 0000 0000 45b1d0b1 845a73f7: add_timer_randomness(.. 8388864) with jiffies: 10370753153908572944, cycles: -8075990924095651830
[    5.961417] random 0078 0000 0000 45b1d0b1 845a73f7: added 1 entropy credits to input
[    5.966470] random 0079 0000 0000 45b1d0b1 845a73f7: add_disk_randomness(8:0) 45b1d0b1 845a73f7
[    5.966473] random 0079 0000 0000 45b1d0b1 845a73f7: add_timer_randomness(.. 8388864) with jiffies: 10416259298777334549, cycles: -8030484779226890230
[    5.966475] random 0079 0000 0000 45b1d0b1 845a73f7: added 1 entropy credits to input
[    5.972370] random 0080 0000 0000 45b1d0b1 845a73f7: add_disk_randomness(8:0) 45b1d0b1 845a73f7
[    5.972373] random 0080 0000 0000 45b1d0b1 845a73f7: add_timer_randomness(.. 8388864) with jiffies: 10469335946275554075, cycles: -7977408131728670710
[    5.981723] random 0080 0000 0000 45b1d0b1 845a73f7: add_disk_randomness(8:0) 45b1d0b1 845a73f7
[    5.981726] random 0080 0000 0000 45b1d0b1 845a73f7: add_timer_randomness(.. 8388864) with jiffies: 10553484577626358564, cycles: -7893259500377866230
[    5.981729] random 0080 0000 0000 45b1d0b1 845a73f7: added 1 entropy credits to input
[    5.986646] random 0081 0000 0000 45b1d0b1 845a73f7: add_disk_randomness(8:0) 45b1d0b1 845a73f7
[    5.986649] random 0081 0000 0000 45b1d0b1 845a73f7: add_timer_randomness(.. 8388864) with jiffies: 10597763177892250409, cycles: -7848980900111974390
[    5.986651] random 0081 0000 0000 45b1d0b1 845a73f7: added 2 entropy credits to input
[    5.994033] random 0083 0000 0000 45b1d0b1 845a73f7: add_disk_randomness(8:0) 45b1d0b1 845a73f7
[    5.994036] random 0083 0000 0000 45b1d0b1 845a73f7: add_timer_randomness(.. 8388864) with jiffies: 10664229892741890864, cycles: -7782514185262333942
[    5.994039] random 0083 0000 0000 45b1d0b1 845a73f7: added 1 entropy credits to input
[    6.000253] random 0084 0000 0000 45b1d0b1 845a73f7: add_disk_randomness(8:0) 45b1d0b1 845a73f7
[    6.000256] random 0084 0000 0000 45b1d0b1 845a73f7: add_timer_randomness(.. 8388864) with jiffies: 10720172507492221751, cycles: -7726571570512003062
[    6.000409] random 0084 0000 0000 45b1d0b1 845a73f7: add_disk_randomness(8:0) 45b1d0b1 845a73f7
[    6.000412] random 0084 0000 0000 45b1d0b1 845a73f7: add_timer_randomness(.. 8388864) with jiffies: 10721573543004046135, cycles: -7725170535000178678
[    6.014820] random 0084 0000 0000 45b1d0b1 845a73f7: add_disk_randomness(8:0) 45b1d0b1 845a73f7
[    6.014823] random 0084 0000 0000 45b1d0b1 845a73f7: add_timer_randomness(.. 8388864) with jiffies: 10851222319154299717, cycles: -7595521758849925110
[    6.014826] random 0084 0000 0000 45b1d0b1 845a73f7: added 3 entropy credits to input
[    6.022242] random 0087 0000 0000 45b1d0b1 845a73f7: add_disk_randomness(8:0) 45b1d0b1 845a73f7
[    6.022245] random 0087 0000 0000 45b1d0b1 845a73f7: add_timer_randomness(.. 8388864) with jiffies: 10917981040240460621, cycles: -7528763037763764214
[    6.022248] random 0087 0000 0000 45b1d0b1 845a73f7: added 2 entropy credits to input
[    6.031919] random 0089 0000 0000 45b1d0b1 845a73f7: add_disk_randomness(8:0) 45b1d0b1 845a73f7
[    6.031922] random 0089 0000 0000 45b1d0b1 845a73f7: add_timer_randomness(.. 8388864) with jiffies: 11005049712481633110, cycles: -7441694365522591734
[    6.042552] random 0089 0000 0000 45b1d0b1 845a73f7: add_disk_randomness(8:0) 45b1d0b1 845a73f7
[    6.042555] random 0089 0000 0000 45b1d0b1 845a73f7: add_timer_randomness(.. 8388864) with jiffies: 11100697985623491425, cycles: -7346046092380733430
[    6.055072] random 0089 0000 0000 45b1d0b1 845a73f7: add_disk_randomness(8:0) 45b1d0b1 845a73f7
[    6.055075] random 0089 0000 0000 45b1d0b1 845a73f7: add_timer_randomness(.. 8388864) with jiffies: 11213332691212272493, cycles: -7233411386791952374
[    6.056282] random 0089 0000 0000 45b1d0b1 845a73f7: add_disk_randomness(8:0) 45b1d0b1 845a73f7
[    6.056285] random 0089 0000 0000 45b1d0b1 845a73f7: add_timer_randomness(.. 8388864) with jiffies: 11224209536975602543, cycles: -7222534541028622326
[    6.056288] random 0089 0000 0000 45b1d0b1 845a73f7: added 1 entropy credits to input
[    6.060300] random 0090 0000 0000 45b1d0b1 845a73f7: add_disk_randomness(8:0) 45b1d0b1 845a73f7
[    6.060303] random 0090 0000 0000 45b1d0b1 845a73f7: add_timer_randomness(.. 8388864) with jiffies: 11260356621688865651, cycles: -7186387456315359222
[    6.060306] random 0090 0000 0000 45b1d0b1 845a73f7: added 1 entropy credits to input
[    6.069641] random 0091 0000 0000 45b1d0b1 845a73f7: add_disk_randomness(8:0) 45b1d0b1 845a73f7
[    6.069644] random 0091 0000 0000 45b1d0b1 845a73f7: add_timer_randomness(.. 8388864) with jiffies: 11344393506580562812, cycles: -7102350571423662070
[    6.069647] random 0091 0000 0000 45b1d0b1 845a73f7: added 1 entropy credits to input
[    6.069986] random 0092 0000 0000 45b1d0b1 845a73f7: add_disk_randomness(8:0) 45b1d0b1 845a73f7
[    6.069989] random 0092 0000 0000 45b1d0b1 845a73f7: add_timer_randomness(.. 8388864) with jiffies: 11347502727895417724, cycles: -7099241350108807158
[    6.085648] random 0092 0000 0000 45b1d0b1 845a73f7: add_disk_randomness(8:0) 45b1d0b1 845a73f7
[    6.085651] random 0092 0000 0000 45b1d0b1 845a73f7: add_timer_randomness(.. 8388864) with jiffies: 11488390170738918284, cycles: -6958353907265306614
[    6.085654] random 0092 0000 0000 45b1d0b1 845a73f7: added 4 entropy credits to input
[    6.087282] random 0096 0000 0000 45b1d0b1 845a73f7: add_disk_randomness(8:0) 45b1d0b1 845a73f7
[    6.087285] random 0096 0000 0000 45b1d0b1 845a73f7: add_timer_randomness(.. 8388864) with jiffies: 11503082326145598350, cycles: -6943661751858626550
[    6.087288] random 0096 0000 0000 45b1d0b1 845a73f7: added 1 entropy credits to input
[    6.087439] random 0097 0000 0000 45b1d0b1 845a73f7: add_disk_randomness(8:0) 45b1d0b1 845a73f7
[    6.087442] random 0097 0000 0000 45b1d0b1 845a73f7: add_timer_randomness(.. 8388864) with jiffies: 11504494455557948302, cycles: -6942249622446276598
[    6.098306] random 0097 0000 0000 45b1d0b1 845a73f7: add_disk_randomness(8:0) 45b1d0b1 845a73f7
[    6.098309] random 0097 0000 0000 45b1d0b1 845a73f7: add_timer_randomness(.. 8388864) with jiffies: 11602256252041397145, cycles: -6844487825962827766
[    6.098312] random 0097 0000 0000 45b1d0b1 845a73f7: added 3 entropy credits to input
[    6.098869] random 0100 0000 0000 45b1d0b1 845a73f7: add_disk_randomness(8:0) 45b1d0b1 845a73f7
[    6.098872] random 0100 0000 0000 45b1d0b1 845a73f7: add_timer_randomness(.. 8388864) with jiffies: 11607329682159797145, cycles: -6839414395844427766
[    6.104102] random 0100 0000 0000 45b1d0b1 845a73f7: add_disk_randomness(8:0) 45b1d0b1 845a73f7
[    6.104105] random 0100 0000 0000 45b1d0b1 845a73f7: add_timer_randomness(.. 8388864) with jiffies: 11654391313859314591, cycles: -6792352764144910326
[    6.104108] random 0100 0000 0000 45b1d0b1 845a73f7: added 2 entropy credits to input
[    6.105902] random 0102 0000 0000 45b1d0b1 845a73f7: add_disk_randomness(8:0) 45b1d0b1 845a73f7
[    6.105905] random 0102 0000 0000 45b1d0b1 845a73f7: add_timer_randomness(.. 8388864) with jiffies: 11670595083005821856, cycles: -6776148994998403062
[    6.116094] random 0102 0000 0000 45b1d0b1 845a73f7: add_disk_randomness(8:0) 45b1d0b1 845a73f7
[    6.116097] random 0102 0000 0000 45b1d0b1 845a73f7: add_timer_randomness(.. 8388864) with jiffies: 11762270434089468843, cycles: -6684473643914756086
[    6.116100] random 0102 0000 0000 45b1d0b1 845a73f7: added 3 entropy credits to input
[    6.130020] random 0105 0000 0000 45b1d0b1 845a73f7: add_disk_randomness(8:0) 45b1d0b1 845a73f7
[    6.130023] random 0105 0000 0000 45b1d0b1 845a73f7: add_timer_randomness(.. 8388864) with jiffies: 11887563052544656312, cycles: -6559181025459568630
[    6.130026] random 0105 0000 0000 45b1d0b1 845a73f7: added 1 entropy credits to input
[    6.142546] random 0106 0000 0000 45b1d0b1 845a73f7: add_disk_randomness(8:0) 45b1d0b1 845a73f7
