[    0.000000] random 0000 0000 0000 00000000 00000000: rand_read_num 1 get_random_bytes(8): sig 00000000 00000000 00000000
[    0.000000] random 0000 0000 0000 00000000 00000000: extract_entropy(.. 8 ..)
[    0.000000] random 0000 0000 0000 00000000 00000000: going to reseed nonblocking with 64 bits (64 of 0 requested)
[    0.000000] random 0000 0000 0000 00000000 00000000: extract_entropy(.. 8 ..)
[    0.000000] random 0000 0000 0000 00000000 00000000: trying to extract 64 bits from input
[    0.000000] random 0000 0000 0000 00000000 00000000: debiting 0 entropy credits from input
[    0.000000] random 0000 0000 0000 00000000 00000000: extract_entropy account returned: 0 
[    0.000000] random 0000 0000 0000 00000000 00000000: urand_change_num 1 xfer_secondary_pool(8): pool_sig 00000000, data_sig 00000000, bytes_mixed 0 00000000 00000000
[    0.000000] random 0000 0000 0000 00000000 00000000: trying to extract 64 bits from nonblocking
[    0.000000] random 0000 0000 0000 00000000 00000000: debiting 64 entropy credits from nonblocking (unlimited)
[    0.000000] random 0000 0000 0000 00000000 00000000: extract_entropy account returned: 8 
[    0.000000] random 0000 0000 0000 00000000 00000000: urand_change_num 2 extract_buf: pool_sig 00000000, data_sig fffffff9, bytes_mixed 20 00000000 00000000
[    0.000000] Linux version 2.6.32.57 (dcashman@dcashman-02) (gcc version 4.3.3 (GCC) ) #6 Thu May 30 09:02:12 PDT 2013
[    0.000000] KERNEL supported cpus:
[    0.000000]   Intel GenuineIntel
[    0.000000]   AMD AuthenticAMD
[    0.000000]   NSC Geode by NSC
[    0.000000]   Cyrix CyrixInstead
[    0.000000]   Centaur CentaurHauls
[    0.000000]   Transmeta GenuineTMx86
[    0.000000]   Transmeta TransmetaCPU
[    0.000000]   UMC UMC UMC UMC
[    0.000000] BIOS-provided physical RAM map:
[    0.000000]  BIOS-e820: 0000000000000000 - 000000000009d800 (usable)
[    0.000000]  BIOS-e820: 000000000009d800 - 00000000000a0000 (reserved)
[    0.000000]  BIOS-e820: 00000000000d2000 - 00000000000d4000 (reserved)
[    0.000000]  BIOS-e820: 00000000000e0000 - 0000000000100000 (reserved)
[    0.000000]  BIOS-e820: 0000000000100000 - 000000003d6b0000 (usable)
[    0.000000]  BIOS-e820: 000000003d6b0000 - 000000003d6cc000 (ACPI data)
[    0.000000]  BIOS-e820: 000000003d6cc000 - 000000003d700000 (ACPI NVS)
[    0.000000]  BIOS-e820: 000000003d700000 - 000000003e000000 (reserved)
[    0.000000]  BIOS-e820: 00000000f0000000 - 00000000f4000000 (reserved)
[    0.000000]  BIOS-e820: 00000000fec00000 - 00000000fec10000 (reserved)
[    0.000000]  BIOS-e820: 00000000fed00000 - 00000000fed00400 (reserved)
[    0.000000]  BIOS-e820: 00000000fed14000 - 00000000fed1a000 (reserved)
[    0.000000]  BIOS-e820: 00000000fed1c000 - 00000000fed90000 (reserved)
[    0.000000]  BIOS-e820: 00000000fee00000 - 00000000fee01000 (reserved)
[    0.000000]  BIOS-e820: 00000000ff000000 - 0000000100000000 (reserved)
[    0.000000] DMI present.
[    0.000000] last_pfn = 0x3d6b0 max_arch_pfn = 0x100000
[    0.000000] MTRR default type: uncachable
[    0.000000] MTRR fixed ranges enabled:
[    0.000000]   00000-9FFFF write-back
[    0.000000]   A0000-BFFFF uncachable
[    0.000000]   C0000-CFFFF write-protect
[    0.000000]   D0000-DFFFF uncachable
[    0.000000]   E0000-FFFFF write-protect
[    0.000000] MTRR variable ranges enabled:
[    0.000000]   0 base 03E000000 mask FFE000000 uncachable
[    0.000000]   1 base 000000000 mask FC0000000 write-back
[    0.000000]   2 base 03D700000 mask FFFF00000 uncachable
[    0.000000]   3 base 03D800000 mask FFF800000 uncachable
[    0.000000]   4 disabled
[    0.000000]   5 disabled
[    0.000000]   6 disabled
[    0.000000]   7 disabled
[    0.000000] initial memory mapped : 0 - 02000000
[    0.000000] init_memory_mapping: 0000000000000000-00000000377fe000
[    0.000000]  0000000000 - 0000400000 page 4k
[    0.000000]  0000400000 - 0037400000 page 2M
[    0.000000]  0037400000 - 00377fe000 page 4k
[    0.000000] kernel direct mapping tables up to 377fe000 @ 7000-c000
[    0.000000] ACPI: RSDP 000f68d0 00024 (v02 LENOVO)
[    0.000000] ACPI: XSDT 3d6bb77f 00094 (v01 LENOVO TP-7L    00002170  LTP 00000000)
[    0.000000] ACPI: FACP 3d6bb900 000F4 (v03 LENOVO TP-7L    00002170 LNVO 00000001)
[    0.000000] ACPI Warning: 32/64X length mismatch in Gpe1Block: 0/32 (20090903/tbfadt-526)
[    0.000000] ACPI Warning: Optional field Gpe1Block has zero address or length: 000000000000102C/0 (20090903/tbfadt-557)
[    0.000000] ACPI: DSDT 3d6bbd1d 0FED1 (v01 LENOVO TP-7L    00002170 MSFT 03000000)
[    0.000000] ACPI: FACS 3d6e4000 00040
[    0.000000] ACPI: SSDT 3d6bbab4 00269 (v01 LENOVO TP-7L    00002170 MSFT 03000000)
[    0.000000] ACPI: ECDT 3d6cbbee 00052 (v01 LENOVO TP-7L    00002170 LNVO 00000001)
[    0.000000] ACPI: TCPA 3d6cbc40 00032 (v02 LENOVO TP-7L    00002170 LNVO 00000001)
[    0.000000] ACPI: APIC 3d6cbc72 00068 (v01 LENOVO TP-7L    00002170 LNVO 00000001)
[    0.000000] ACPI: MCFG 3d6cbcda 0003C (v01 LENOVO TP-7L    00002170 LNVO 00000001)
[    0.000000] ACPI: HPET 3d6cbd16 00038 (v01 LENOVO TP-7L    00002170 LNVO 00000001)
[    0.000000] ACPI: SLIC 3d6cbdf0 00176 (v01 LENOVO TP-7L    00002170  LTP 00000000)
[    0.000000] ACPI: BOOT 3d6cbf66 00028 (v01 LENOVO TP-7L    00002170  LTP 00000001)
[    0.000000] ACPI: ASF! 3d6cbf8e 00072 (v16 LENOVO TP-7L    00002170 PTL  00000001)
[    0.000000] ACPI: SSDT 3d6e26d9 0025F (v01 LENOVO TP-7L    00002170 INTL 20050513)
[    0.000000] ACPI: SSDT 3d6e2938 000A6 (v01 LENOVO TP-7L    00002170 INTL 20050513)
[    0.000000] ACPI: SSDT 3d6e29de 004F7 (v01 LENOVO TP-7L    00002170 INTL 20050513)
[    0.000000] ACPI: SSDT 3d6e2ed5 001D8 (v01 LENOVO TP-7L    00002170 INTL 20050513)
[    0.000000] ACPI: DMI detected: Lenovo ThinkPad R61
[    0.000000] ACPI: Added _OSI(Linux)
[    0.000000] ACPI: Local APIC address 0xfee00000
[    0.000000] 94MB HIGHMEM available.
[    0.000000] 887MB LOWMEM available.
[    0.000000]   mapped low ram: 0 - 377fe000
[    0.000000]   low ram: 0 - 377fe000
[    0.000000]   node 0 low ram: 00000000 - 377fe000
[    0.000000]   node 0 bootmap 00008000 - 0000ef00
[    0.000000] (6 early reservations) ==> bootmem [0000000000 - 00377fe000]
[    0.000000]   #0 [0000000000 - 0000001000]   BIOS data page ==> [0000000000 - 0000001000]
[    0.000000]   #1 [0001000000 - 0001bdc180]    TEXT DATA BSS ==> [0001000000 - 0001bdc180]
[    0.000000]   #2 [000009d800 - 0000100000]    BIOS reserved ==> [000009d800 - 0000100000]
[    0.000000]   #3 [0001bdd000 - 0001be516c]              BRK ==> [0001bdd000 - 0001be516c]
[    0.000000]   #4 [0000007000 - 0000008000]          PGTABLE ==> [0000007000 - 0000008000]
[    0.000000]   #5 [0000008000 - 000000f000]          BOOTMAP ==> [0000008000 - 000000f000]
[    0.000000] found SMP MP-table at [c00f6900] f6900
[    0.000000] Zone PFN ranges:
[    0.000000]   DMA      0x00000000 -> 0x00001000
[    0.000000]   Normal   0x00001000 -> 0x000377fe
[    0.000000]   HighMem  0x000377fe -> 0x0003d6b0
[    0.000000] Movable zone start PFN for each node
[    0.000000] early_node_map[2] active PFN ranges
[    0.000000]     0: 0x00000000 -> 0x0000009d
[    0.000000]     0: 0x00000100 -> 0x0003d6b0
[    0.000000] On node 0 totalpages: 251469
[    0.000000] free_area_init_node: node 0, pgdat c1901ea0, node_mem_map c1be7000
[    0.000000]   DMA zone: 32 pages used for memmap
[    0.000000]   DMA zone: 0 pages reserved
[    0.000000]   DMA zone: 3965 pages, LIFO batch:0
[    0.000000]   Normal zone: 1744 pages used for memmap
[    0.000000]   Normal zone: 221486 pages, LIFO batch:31
[    0.000000]   HighMem zone: 190 pages used for memmap
[    0.000000]   HighMem zone: 24052 pages, LIFO batch:3
[    0.000000] Using APIC driver default
[    0.000000] ACPI: PM-Timer IO Port: 0x1008
[    0.000000] ACPI: Local APIC address 0xfee00000
[    0.000000] ACPI: LAPIC (acpi_id[0x00] lapic_id[0x00] enabled)
[    0.000000] ACPI: LAPIC (acpi_id[0x01] lapic_id[0x01] enabled)
[    0.000000] ACPI: NR_CPUS/possible_cpus limit of 1 reached.  Processor 1/0x1 ignored.
[    0.000000] ACPI: LAPIC_NMI (acpi_id[0x00] high edge lint[0x1])
[    0.000000] ACPI: LAPIC_NMI (acpi_id[0x01] high edge lint[0x1])
[    0.000000] ACPI: IOAPIC (id[0x01] address[0xfec00000] gsi_base[0])
[    0.000000] IOAPIC[0]: apic_id 1, version 32, address 0xfec00000, GSI 0-23
[    0.000000] ACPI: INT_SRC_OVR (bus 0 bus_irq 0 global_irq 2 dfl dfl)
[    0.000000] ACPI: INT_SRC_OVR (bus 0 bus_irq 9 global_irq 9 high level)
[    0.000000] ACPI: IRQ0 used by override.
[    0.000000] ACPI: IRQ2 used by override.
[    0.000000] ACPI: IRQ9 used by override.
[    0.000000] Using ACPI (MADT) for SMP configuration information
[    0.000000] ACPI: HPET id: 0x8086a201 base: 0xfed00000
[    0.000000] nr_irqs_gsi: 24
[    0.000000] PM: Registered nosave memory: 000000000009d000 - 000000000009e000
[    0.000000] PM: Registered nosave memory: 000000000009e000 - 00000000000a0000
[    0.000000] PM: Registered nosave memory: 00000000000a0000 - 00000000000d2000
[    0.000000] PM: Registered nosave memory: 00000000000d2000 - 00000000000d4000
[    0.000000] PM: Registered nosave memory: 00000000000d4000 - 00000000000e0000
[    0.000000] PM: Registered nosave memory: 00000000000e0000 - 0000000000100000
[    0.000000] Allocating PCI resources starting at 3e000000 (gap: 3e000000:b2000000)
[    0.000000] Built 1 zonelists in Zone order, mobility grouping on.  Total pages: 249503
[    0.000000] Kernel command line: auto BOOT_IMAGE=Linux ro root=802 vt.default_utf8=0 maxcpus=0
[    0.000000] PID hash table entries: 4096 (order: 2, 16384 bytes)
[    0.000000] Dentry cache hash table entries: 131072 (order: 7, 524288 bytes)
[    0.000000] Inode-cache hash table entries: 65536 (order: 6, 262144 bytes)
[    0.000000] Enabling fast FPU save and restore... done.
[    0.000000] Enabling unmasked SIMD FPU exception support... done.
[    0.000000] Initializing CPU#0
[    0.000000] Initializing HighMem for node 0 (000377fe:0003d6b0)
[    0.000000] Memory: 984800k/1006272k available (6915k kernel code, 20876k reserved, 2327k data, 448k init, 96968k highmem)
[    0.000000] virtual kernel memory layout:
[    0.000000]     fixmap  : 0xfffa3000 - 0xfffff000   ( 368 kB)
[    0.000000]     pkmap   : 0xff800000 - 0xffc00000   (4096 kB)
[    0.000000]     vmalloc : 0xf7ffe000 - 0xff7fe000   ( 120 MB)
[    0.000000]     lowmem  : 0xc0000000 - 0xf77fe000   ( 887 MB)
[    0.000000]       .init : 0xc1907000 - 0xc1977000   ( 448 kB)
[    0.000000]       .data : 0xc16c0d3f - 0xc1906c64   (2327 kB)
[    0.000000]       .text : 0xc1000000 - 0xc16c0d3f   (6915 kB)
[    0.000000] Checking if this processor honours the WP bit even in supervisor mode...Ok.
[    0.000000] SLUB: Genslabs=13, HWalign=64, Order=0-3, MinObjects=0, CPUs=1, Nodes=1
[    0.000000] Hierarchical RCU implementation.
[    0.000000] NR_IRQS:288
[    0.000000] Extended CMOS year: 2000
[    0.000000] Console: colour VGA+ 80x25
[    0.000000] console [tty0] enabled
[    0.000000] hpet clockevent registered
[    0.000000] Fast TSC calibration using PIT
[    0.000000] Detected 2094.870 MHz processor.
[    0.001001] Calibrating delay loop (skipped), value calculated using timer frequency.. 4189.74 BogoMIPS (lpj=2094870)
[    0.002007] Security Framework initialized
[    0.002093] Mount-cache hash table entries: 512
[    0.002238] CPU: L1 I cache: 32K, L1 D cache: 32K
[    0.002367] CPU: L2 cache: 3072K
[    0.002447] mce: CPU supports 6 MCE banks
[    0.002536] CPU0: Thermal monitoring enabled (TM2)
[    0.002621] using mwait in idle threads.
[    0.002705] CPU: Intel(R) Core(TM)2 Duo CPU     T8100  @ 2.10GHz stepping 06
[    0.002886] Checking 'hlt' instruction... OK.
[    0.006941] ACPI: Core revision 20090903
[    0.026013] RANDOM get_random_int first call with cycles 38322191607, jiffies 4294667322 and pid 0
[    0.026021] CANARY value: 5dd7dde5 for PID: 1
[    0.026027] CANARY value: 385e2e80 for PID: 2
[    0.026050] Enabling APIC mode:  Flat.  Using 1 I/O APICs
[    0.026508] ..TIMER: vector=0x30 apic1=0 pin1=2 apic2=-1 pin2=-1
[    0.036997] xor: automatically using best checksumming function: pIII_sse
[    0.040998]    pIII_sse  :  8568.000 MB/sec
[    0.041085] xor: using function: pIII_sse (8568.000 MB/sec)
[    0.041182] RANDOM - __seed init called.
[    0.041183] RANDOM - __seed init called.
[    0.041184] RANDOM - __seed init called.
[    0.041186] RANDOM - __random32 called. Change num 1.  Value: e6b75c0e	845fdb3c	4764ecc7
[    0.041188] RANDOM - __random32 called. Change num 2.  Value: 75c0e1a6	45fdb3ca	d98f8871
[    0.041190] RANDOM - __random32 called. Change num 3.  Value: e1a6d3e	5fdb3ca9	10e2be79
[    0.041191] RANDOM - __random32 called. Change num 4.  Value: a6d3e877	fdb3ca90	7cf2fee9
[    0.041193] RANDOM - __random32 called. Change num 5.  Value: 3e877b7b	db3ca905	fdd36ca1
[    0.041195] RANDOM - __random32 called. Change num 6.  Value: 77b7ba3d	b3ca905b	d9426901
[    0.041196] RANDOM - random32 init called.  Value: 77b7ba3d	b3ca905b	d9426901
[    0.041214] NET: Registered protocol family 16
[    0.041481] ACPI FADT declares the system doesn't support PCIe ASPM, so disable it
[    0.041610] ACPI: bus type pci registered
[    0.041785] PCI: MCFG configuration 0: base f0000000 segment 0 buses 0 - 63
[    0.041878] PCI: MCFG area at f0000000 reserved in E820
[    0.041967] PCI: Using MMCONFIG for extended config space
[    0.042002] PCI: Using configuration type 1 for base access
[    0.045152] bio: create slab <bio-0> at 0
[    0.045962] ACPI: EC: EC description table is found, configuring boot EC
[    0.051151] ACPI: BIOS _OSI(Linux) query honored via DMI
[    0.051864] random 0000 0000 0000 00000000 00000000: rand_read_num 2 get_random_bytes(8): sig fffffe1a 00000000 00000000
[    0.051867] random 0000 0000 0000 00000000 00000000: extract_entropy(.. 8 ..)
[    0.051870] random 0000 0000 0000 00000000 00000000: going to reseed nonblocking with 64 bits (64 of 0 requested)
[    0.051872] random 0000 0000 0000 00000000 00000000: extract_entropy(.. 8 ..)
[    0.051874] random 0000 0000 0000 00000000 00000000: trying to extract 64 bits from input
[    0.051876] random 0000 0000 0000 00000000 00000000: debiting 0 entropy credits from input
[    0.051878] random 0000 0000 0000 00000000 00000000: extract_entropy account returned: 0 
[    0.051881] random 0000 0000 0000 00000000 00000000: urand_change_num 3 xfer_secondary_pool(8): pool_sig fffffe1a, data_sig 00000000, bytes_mixed 0 00000000 00000000
[    0.051908] random 0000 0000 0000 00000000 00000000: trying to extract 64 bits from nonblocking
[    0.051910] random 0000 0000 0000 00000000 00000000: debiting 64 entropy credits from nonblocking (unlimited)
[    0.051912] random 0000 0000 0000 00000000 00000000: extract_entropy account returned: 8 
[    0.051917] random 0000 0000 0000 00000000 00000000: urand_change_num 4 extract_buf: pool_sig fffffe1a, data_sig fffffed7, bytes_mixed 20 00000000 00000000
[    0.057674] ACPI: Interpreter enabled
[    0.057762] ACPI: (supports S0 S3 S4 S5)
[    0.057998] ACPI: Using IOAPIC for interrupt routing
[    0.067834] ACPI: EC: GPE = 0x12, I/O: command/status = 0x66, data = 0x62
[    0.068106] ACPI: Power Resource [PUBS] (on)
[    0.070198] ACPI: ACPI Dock Station Driver: 3 docks/bays found
[    0.070610] ACPI: PCI Root Bridge [PCI0] (0000:00)
[    0.070785] pci 0000:00:02.0: reg 10 64bit mmio: [0xf8100000-0xf81fffff]
[    0.070791] pci 0000:00:02.0: reg 18 64bit mmio pref: [0xe0000000-0xefffffff]
[    0.070795] pci 0000:00:02.0: reg 20 io port: [0x1800-0x1807]
[    0.070830] pci 0000:00:02.1: reg 10 64bit mmio: [0xf8200000-0xf82fffff]
[    0.070934] pci 0000:00:19.0: reg 10 32bit mmio: [0xfe000000-0xfe01ffff]
[    0.070943] pci 0000:00:19.0: reg 14 32bit mmio: [0xfe025000-0xfe025fff]
[    0.070952] pci 0000:00:19.0: reg 18 io port: [0x1840-0x185f]
[    0.071029] pci 0000:00:19.0: PME# supported from D0 D3hot D3cold
[    0.071127] pci 0000:00:19.0: PME# disabled
[    0.071279] pci 0000:00:1a.0: reg 20 io port: [0x1860-0x187f]
[    0.071367] pci 0000:00:1a.1: reg 20 io port: [0x1880-0x189f]
[    0.071445] pci 0000:00:1a.7: reg 10 32bit mmio: [0xfe226c00-0xfe226fff]
[    0.071526] pci 0000:00:1a.7: PME# supported from D0 D3hot D3cold
[    0.071622] pci 0000:00:1a.7: PME# disabled
[    0.071775] pci 0000:00:1b.0: reg 10 64bit mmio: [0xfe020000-0xfe023fff]
[    0.071860] pci 0000:00:1b.0: PME# supported from D0 D3hot D3cold
[    0.071961] pci 0000:00:1b.0: PME# disabled
[    0.072106] pci 0000:00:1c.0: PME# supported from D0 D3hot D3cold
[    0.072197] pci 0000:00:1c.0: PME# disabled
[    0.072408] pci 0000:00:1c.1: PME# supported from D0 D3hot D3cold
[    0.072504] pci 0000:00:1c.1: PME# disabled
[    0.072713] pci 0000:00:1c.2: PME# supported from D0 D3hot D3cold
[    0.072804] pci 0000:00:1c.2: PME# disabled
[    0.073071] pci 0000:00:1c.3: PME# supported from D0 D3hot D3cold
[    0.073166] pci 0000:00:1c.3: PME# disabled
[    0.074033] pci 0000:00:1c.4: PME# supported from D0 D3hot D3cold
[    0.074124] pci 0000:00:1c.4: PME# disabled
[    0.074279] pci 0000:00:1d.0: reg 20 io port: [0x18a0-0x18bf]
[    0.074364] pci 0000:00:1d.1: reg 20 io port: [0x18c0-0x18df]
[    0.074447] pci 0000:00:1d.2: reg 20 io port: [0x18e0-0x18ff]
[    0.074540] pci 0000:00:1d.7: reg 10 32bit mmio: [0xfe227000-0xfe2273ff]
[    0.074637] pci 0000:00:1d.7: PME# supported from D0 D3hot D3cold
[    0.074731] pci 0000:00:1d.7: PME# disabled
[    0.075020] pci 0000:00:1f.0: quirk: region 1000-107f claimed by ICH6 ACPI/GPIO/TCO
[    0.075145] pci 0000:00:1f.0: quirk: region 1180-11bf claimed by ICH6 GPIO
[    0.075237] pci 0000:00:1f.0: ICH7 LPC Generic IO decode 1 PIO at 1600 (mask 007f)
[    0.075359] pci 0000:00:1f.0: ICH7 LPC Generic IO decode 2 PIO at 15e0 (mask 000f)
[    0.075487] pci 0000:00:1f.0: ICH7 LPC Generic IO decode 3 PIO at 1680 (mask 001f)
[    0.075694] pci 0000:00:1f.1: reg 10 io port: [0x00-0x07]
[    0.075706] pci 0000:00:1f.1: reg 14 io port: [0x00-0x03]
[    0.075715] pci 0000:00:1f.1: reg 18 io port: [0x00-0x07]
[    0.075722] pci 0000:00:1f.1: reg 1c io port: [0x00-0x03]
[    0.075736] pci 0000:00:1f.1: reg 20 io port: [0x1c00-0x1c0f]
[    0.075821] pci 0000:00:1f.2: reg 10 io port: [0x1c50-0x1c57]
[    0.075829] pci 0000:00:1f.2: reg 14 io port: [0x1c44-0x1c47]
[    0.075838] pci 0000:00:1f.2: reg 18 io port: [0x1c48-0x1c4f]
[    0.075847] pci 0000:00:1f.2: reg 1c io port: [0x1c40-0x1c43]
[    0.075854] pci 0000:00:1f.2: reg 20 io port: [0x1c20-0x1c3f]
[    0.075863] pci 0000:00:1f.2: reg 24 32bit mmio: [0xfe226000-0xfe2267ff]
[    0.075925] pci 0000:00:1f.2: PME# supported from D3hot
[    0.075997] pci 0000:00:1f.2: PME# disabled
[    0.076121] pci 0000:00:1f.3: reg 10 32bit mmio: [0xfe227400-0xfe2274ff]
[    0.076144] pci 0000:00:1f.3: reg 20 io port: [0x1c60-0x1c7f]
[    0.076232] pci 0000:00:1c.0: bridge io port: [0x2000-0x2fff]
[    0.076238] pci 0000:00:1c.0: bridge 32bit mmio: [0xfc000000-0xfdffffff]
[    0.076250] pci 0000:00:1c.0: bridge 64bit mmio pref: [0xf8000000-0xf80fffff]
[    0.076322] pci 0000:03:00.0: reg 10 64bit mmio: [0xdf3f0000-0xdf3fffff]
[    0.076516] pci 0000:00:1c.1: bridge io port: [0x3000-0x3fff]
[    0.076521] pci 0000:00:1c.1: bridge 32bit mmio: [0xdc000000-0xdf3fffff]
[    0.076530] pci 0000:00:1c.1: bridge 64bit mmio pref: [0xdfe00000-0xdfefffff]
[    0.076586] pci 0000:00:1c.2: bridge io port: [0x4000-0x4fff]
[    0.076593] pci 0000:00:1c.2: bridge 32bit mmio: [0xd8000000-0xd9ffffff]
[    0.076602] pci 0000:00:1c.2: bridge 64bit mmio pref: [0xdfb00000-0xdfbfffff]
[    0.076658] pci 0000:00:1c.3: bridge io port: [0x5000-0x5fff]
[    0.076664] pci 0000:00:1c.3: bridge 32bit mmio: [0xd4000000-0xd5ffffff]
[    0.076673] pci 0000:00:1c.3: bridge 64bit mmio pref: [0xdf800000-0xdf8fffff]
[    0.076728] pci 0000:00:1c.4: bridge io port: [0x6000-0x6fff]
[    0.076734] pci 0000:00:1c.4: bridge 32bit mmio: [0xd0000000-0xd1ffffff]
[    0.076743] pci 0000:00:1c.4: bridge 64bit mmio pref: [0xdf500000-0xdf5fffff]
[    0.076807] pci 0000:15:00.0: reg 10 32bit mmio: [0xf8300000-0xf8300fff]
[    0.076856] pci 0000:15:00.0: supports D1 D2
[    0.076858] pci 0000:15:00.0: PME# supported from D0 D1 D2 D3hot D3cold
[    0.076951] pci 0000:15:00.0: PME# disabled
[    0.077055] pci 0000:15:00.1: reg 10 32bit mmio: [0xf8301000-0xf83017ff]
[    0.077149] pci 0000:15:00.1: supports D1 D2
[    0.077150] pci 0000:15:00.1: PME# supported from D0 D1 D2 D3hot D3cold
[    0.077246] pci 0000:15:00.1: PME# disabled
[    0.077427] pci 0000:00:1e.0: transparent bridge
[    0.077519] pci 0000:00:1e.0: bridge io port: [0x7000-0xafff]
[    0.077524] pci 0000:00:1e.0: bridge 32bit mmio: [0xf8300000-0xfbffffff]
[    0.077531] pci 0000:00:1e.0: bridge 64bit mmio pref: [0xf4000000-0xf7ffffff]
[    0.077597] pci_bus 0000:00: on NUMA node 0
[    0.077601] ACPI: PCI Interrupt Routing Table [\_SB_.PCI0._PRT]
[    0.077735] ACPI: PCI Interrupt Routing Table [\_SB_.PCI0.EXP0._PRT]
[    0.077794] ACPI: PCI Interrupt Routing Table [\_SB_.PCI0.EXP1._PRT]
[    0.077852] ACPI: PCI Interrupt Routing Table [\_SB_.PCI0.EXP2._PRT]
[    0.077910] ACPI: PCI Interrupt Routing Table [\_SB_.PCI0.EXP3._PRT]
[    0.078051] ACPI: PCI Interrupt Routing Table [\_SB_.PCI0.EXP4._PRT]
[    0.078114] ACPI: PCI Interrupt Routing Table [\_SB_.PCI0.PCI1._PRT]
[    0.083570] ACPI: PCI Interrupt Link [LNKA] (IRQs 3 4 5 6 7 9 *10 11)
[    0.084352] ACPI: PCI Interrupt Link [LNKB] (IRQs 3 4 5 6 7 9 10 *11)
[    0.085159] ACPI: PCI Interrupt Link [LNKC] (IRQs 3 4 5 6 7 9 10 *11)
[    0.085940] ACPI: PCI Interrupt Link [LNKD] (IRQs 3 4 5 6 7 9 10 *11)
[    0.086729] ACPI: PCI Interrupt Link [LNKE] (IRQs 3 4 5 6 7 9 10 *11)
[    0.087507] ACPI: PCI Interrupt Link [LNKF] (IRQs 3 4 5 6 7 9 10 *11)
[    0.088299] ACPI: PCI Interrupt Link [LNKG] (IRQs 3 4 5 6 7 9 10 *11)
[    0.089135] ACPI: PCI Interrupt Link [LNKH] (IRQs 3 4 5 6 7 9 10 *11)
[    0.089906] vgaarb: device added: PCI:0000:00:02.0,decodes=io+mem,owns=io+mem,locks=none
[    0.090001] vgaarb: loaded
[    0.090188] SCSI subsystem initialized
[    0.090296] libata version 3.00 loaded.
[    0.090344] usbcore: registered new interface driver usbfs
[    0.090474] usbcore: registered new interface driver hub
[    0.090586] usbcore: registered new device driver usb
[    0.107036] raid6: int32x1    941 MB/s
[    0.123991] raid6: int32x2    886 MB/s
[    0.141069] raid6: int32x4    750 MB/s
[    0.157988] raid6: int32x8    656 MB/s
[    0.174987] raid6: mmxx1     2878 MB/s
[    0.191987] raid6: mmxx2     3253 MB/s
[    0.208994] raid6: sse1x1    1937 MB/s
[    0.225976] raid6: sse1x2    2531 MB/s
[    0.242980] raid6: sse2x1    3507 MB/s
[    0.259971] raid6: sse2x2    3824 MB/s
[    0.260062] raid6: using algorithm sse2x2 (3824 MB/s)
[    0.260155] PCI: Using ACPI for IRQ routing
[    0.260473] HPET: 3 timers in total, 0 timers will be used for per-cpu timer
[    0.260990] Switching to clocksource tsc
[    0.261092] pnp: PnP ACPI init
[    0.261185] ACPI: bus type pnp registered
[    0.264822] pnp: PnP ACPI: found 11 devices
[    0.264924] ACPI: ACPI bus type pnp unregistered
[    0.265019] system 00:00: iomem range 0x0-0x9ffff could not be reserved
[    0.265111] system 00:00: iomem range 0xc0000-0xc3fff could not be reserved
[    0.265211] system 00:00: iomem range 0xc4000-0xc7fff could not be reserved
[    0.265306] system 00:00: iomem range 0xc8000-0xcbfff has been reserved
[    0.265396] system 00:00: iomem range 0xcc000-0xcffff has been reserved
[    0.265484] system 00:00: iomem range 0xd0000-0xd3fff could not be reserved
[    0.265578] system 00:00: iomem range 0xe0000-0xe3fff could not be reserved
[    0.265670] system 00:00: iomem range 0xe4000-0xe7fff could not be reserved
[    0.265762] system 00:00: iomem range 0xe8000-0xebfff could not be reserved
[    0.265852] system 00:00: iomem range 0xec000-0xeffff could not be reserved
[    0.265951] system 00:00: iomem range 0xf0000-0xfffff could not be reserved
[    0.266047] system 00:00: iomem range 0x100000-0x3dffffff could not be reserved
[    0.266170] system 00:00: iomem range 0xfec00000-0xfed3ffff could not be reserved
[    0.266292] system 00:00: iomem range 0xfed4c000-0xffffffff could not be reserved
[    0.266411] system 00:02: ioport range 0x164e-0x164f has been reserved
[    0.266505] system 00:02: ioport range 0x1000-0x107f has been reserved
[    0.266598] system 00:02: ioport range 0x1180-0x11bf has been reserved
[    0.266688] system 00:02: ioport range 0x800-0x80f has been reserved
[    0.266784] system 00:02: ioport range 0x15e0-0x15ef has been reserved
[    0.266873] system 00:02: ioport range 0x1600-0x165f could not be reserved
[    0.266966] system 00:02: iomem range 0xf0000000-0xf3ffffff has been reserved
[    0.267063] system 00:02: iomem range 0xfed1c000-0xfed1ffff has been reserved
[    0.267166] system 00:02: iomem range 0xfed14000-0xfed17fff has been reserved
[    0.267264] system 00:02: iomem range 0xfed18000-0xfed18fff has been reserved
[    0.267359] system 00:02: iomem range 0xfed19000-0xfed19fff has been reserved
[    0.267452] system 00:02: iomem range 0xfed45000-0xfed4bfff has been reserved
[    0.302498] pci 0000:00:1c.0: PCI bridge, secondary bus 0000:02
[    0.302593] pci 0000:00:1c.0:   IO window: 0x2000-0x2fff
[    0.302695] pci 0000:00:1c.0:   MEM window: 0xfc000000-0xfdffffff
[    0.302798] pci 0000:00:1c.0:   PREFETCH window: 0x000000f8000000-0x000000f80fffff
[    0.302938] pci 0000:00:1c.1: PCI bridge, secondary bus 0000:03
[    0.303031] pci 0000:00:1c.1:   IO window: 0x3000-0x3fff
[    0.303128] pci 0000:00:1c.1:   MEM window: 0xdc000000-0xdf3fffff
[    0.303220] pci 0000:00:1c.1:   PREFETCH window: 0x000000dfe00000-0x000000dfefffff
[    0.303351] pci 0000:00:1c.2: PCI bridge, secondary bus 0000:04
[    0.303453] pci 0000:00:1c.2:   IO window: 0x4000-0x4fff
[    0.303546] pci 0000:00:1c.2:   MEM window: 0xd8000000-0xd9ffffff
[    0.303646] pci 0000:00:1c.2:   PREFETCH window: 0x000000dfb00000-0x000000dfbfffff
[    0.303775] pci 0000:00:1c.3: PCI bridge, secondary bus 0000:05
[    0.303875] pci 0000:00:1c.3:   IO window: 0x5000-0x5fff
[    0.303976] pci 0000:00:1c.3:   MEM window: 0xd4000000-0xd5ffffff
[    0.304077] pci 0000:00:1c.3:   PREFETCH window: 0x000000df800000-0x000000df8fffff
[    0.304204] pci 0000:00:1c.4: PCI bridge, secondary bus 0000:0d
[    0.304304] pci 0000:00:1c.4:   IO window: 0x6000-0x6fff
[    0.304396] pci 0000:00:1c.4:   MEM window: 0xd0000000-0xd1ffffff
[    0.304493] pci 0000:00:1c.4:   PREFETCH window: 0x000000df500000-0x000000df5fffff
[    0.304628] pci 0000:15:00.0: CardBus bridge, secondary bus 0000:16
[    0.304724] pci 0000:15:00.0:   IO window: 0x007000-0x0070ff
[    0.304820] pci 0000:15:00.0:   IO window: 0x007400-0x0074ff
[    0.304919] pci 0000:15:00.0:   PREFETCH window: 0xf4000000-0xf7ffffff
[    0.305015] pci 0000:15:00.0:   MEM window: 0x40000000-0x43ffffff
[    0.305116] pci 0000:00:1e.0: PCI bridge, secondary bus 0000:15
[    0.305209] pci 0000:00:1e.0:   IO window: 0x7000-0xafff
[    0.305302] pci 0000:00:1e.0:   MEM window: 0xf8300000-0xfbffffff
[    0.305398] pci 0000:00:1e.0:   PREFETCH window: 0x000000f4000000-0x000000f7ffffff
[    0.305535] pci 0000:00:1c.0: PCI INT A -> GSI 20 (level, low) -> IRQ 20
[    0.305630] pci 0000:00:1c.0: setting latency timer to 64
[    0.305644] pci 0000:00:1c.1: PCI INT B -> GSI 21 (level, low) -> IRQ 21
[    0.305744] pci 0000:00:1c.1: setting latency timer to 64
[    0.305757] pci 0000:00:1c.2: PCI INT C -> GSI 22 (level, low) -> IRQ 22
[    0.305849] pci 0000:00:1c.2: setting latency timer to 64
[    0.305864] pci 0000:00:1c.3: PCI INT D -> GSI 23 (level, low) -> IRQ 23
[    0.305958] pci 0000:00:1c.3: setting latency timer to 64
[    0.305969] pci 0000:00:1c.4: PCI INT A -> GSI 20 (level, low) -> IRQ 20
[    0.306067] pci 0000:00:1c.4: setting latency timer to 64
[    0.306073] pci 0000:00:1e.0: enabling device (0005 -> 0007)
[    0.306167] pci 0000:00:1e.0: setting latency timer to 64
[    0.306184] pci 0000:15:00.0: PCI INT A -> GSI 16 (level, low) -> IRQ 16
[    0.306276] pci 0000:15:00.0: setting latency timer to 64
[    0.306282] pci_bus 0000:00: resource 0 io:  [0x00-0xffff]
[    0.306284] pci_bus 0000:00: resource 1 mem: [0x000000-0xffffffff]
[    0.306286] pci_bus 0000:02: resource 0 io:  [0x2000-0x2fff]
[    0.306288] pci_bus 0000:02: resource 1 mem: [0xfc000000-0xfdffffff]
[    0.306289] pci_bus 0000:02: resource 2 pref mem [0xf8000000-0xf80fffff]
[    0.306291] pci_bus 0000:03: resource 0 io:  [0x3000-0x3fff]
[    0.306293] pci_bus 0000:03: resource 1 mem: [0xdc000000-0xdf3fffff]
[    0.306295] pci_bus 0000:03: resource 2 pref mem [0xdfe00000-0xdfefffff]
[    0.306297] pci_bus 0000:04: resource 0 io:  [0x4000-0x4fff]
[    0.306299] pci_bus 0000:04: resource 1 mem: [0xd8000000-0xd9ffffff]
[    0.306300] pci_bus 0000:04: resource 2 pref mem [0xdfb00000-0xdfbfffff]
[    0.306302] pci_bus 0000:05: resource 0 io:  [0x5000-0x5fff]
[    0.306304] pci_bus 0000:05: resource 1 mem: [0xd4000000-0xd5ffffff]
[    0.306306] pci_bus 0000:05: resource 2 pref mem [0xdf800000-0xdf8fffff]
[    0.306308] pci_bus 0000:0d: resource 0 io:  [0x6000-0x6fff]
[    0.306310] pci_bus 0000:0d: resource 1 mem: [0xd0000000-0xd1ffffff]
[    0.306311] pci_bus 0000:0d: resource 2 pref mem [0xdf500000-0xdf5fffff]
[    0.306313] pci_bus 0000:15: resource 0 io:  [0x7000-0xafff]
[    0.306315] pci_bus 0000:15: resource 1 mem: [0xf8300000-0xfbffffff]
[    0.306317] pci_bus 0000:15: resource 2 pref mem [0xf4000000-0xf7ffffff]
[    0.306319] pci_bus 0000:15: resource 3 io:  [0x00-0xffff]
[    0.306321] pci_bus 0000:15: resource 4 mem: [0x000000-0xffffffff]
[    0.306322] pci_bus 0000:16: resource 0 io:  [0x7000-0x70ff]
[    0.306324] pci_bus 0000:16: resource 1 io:  [0x7400-0x74ff]
[    0.306326] pci_bus 0000:16: resource 2 pref mem [0xf4000000-0xf7ffffff]
[    0.306328] pci_bus 0000:16: resource 3 mem: [0x40000000-0x43ffffff]
[    0.306336] NET: Registered protocol family 2
[    0.306427] RANDOM - __random32 called. Change num 7.  Value: 7ba3d01e	3ca905be	d2026a24
[    0.306428] RANDOM - random32 called.  Value: 7ba3d01e	3ca905be	d2026a24
[    0.306433] random 0000 0000 0000 5f8db4e5 4cfdf2a8: rand_read_num 3 get_random_bytes(4): sig fffffb64 5f8db4e5 4cfdf2a8
[    0.306435] random 0000 0000 0000 5f8db4e5 4cfdf2a8: extract_entropy(.. 4 ..)
[    0.306438] random 0000 0000 0000 5f8db4e5 4cfdf2a8: going to reseed nonblocking with 64 bits (32 of 0 requested)
[    0.306440] random 0000 0000 0000 5f8db4e5 4cfdf2a8: extract_entropy(.. 8 ..)
[    0.306442] random 0000 0000 0000 5f8db4e5 4cfdf2a8: trying to extract 64 bits from input
[    0.306444] random 0000 0000 0000 5f8db4e5 4cfdf2a8: debiting 0 entropy credits from input
[    0.306446] random 0000 0000 0000 5f8db4e5 4cfdf2a8: extract_entropy account returned: 0 
[    0.306449] random 0000 0000 0000 5f8db4e5 4cfdf2a8: urand_change_num 5 xfer_secondary_pool(4): pool_sig fffffb64, data_sig 00000000, bytes_mixed 0 5f8db4e5 4cfdf2a8
[    0.306452] random 0000 0000 0000 5f8db4e5 4cfdf2a8: trying to extract 32 bits from nonblocking
[    0.306455] random 0000 0000 0000 5f8db4e5 4cfdf2a8: debiting 32 entropy credits from nonblocking (unlimited)
[    0.306457] random 0000 0000 0000 5f8db4e5 4cfdf2a8: extract_entropy account returned: 4 
[    0.306461] random 0000 0000 0000 5f8db4e5 4cfdf2a8: urand_change_num 6 extract_buf: pool_sig fffffb64, data_sig 00000241, bytes_mixed 20 5f8db4e5 4cfdf2a8
[    0.306470] IP route cache hash table entries: 32768 (order: 5, 131072 bytes)
[    0.306611] RANDOM - __random32 called. Change num 8.  Value: 3d01e034	ca905be7	d4484227
[    0.306612] RANDOM - random32 called.  Value: 3d01e034	ca905be7	d4484227
[    0.306623] RANDOM - __random32 called. Change num 9.  Value: 1e034020	a905be70	844ec14a
[    0.306625] RANDOM - random32 called.  Value: 1e034020	a905be70	844ec14a
[    0.306627] RANDOM - __random32 called. Change num 10.  Value: 34020ec0	905be706	8294c719
[    0.306628] RANDOM - random32 called.  Value: 34020ec0	905be706	8294c719
[    0.306638] RANDOM - __random32 called. Change num 11.  Value: 20ec0ebb	5be7068	8e32c65f
[    0.306640] RANDOM - random32 called.  Value: 20ec0ebb	5be7068	8e32c65f
[    0.306650] TCP established hash table entries: 131072 (order: 8, 1048576 bytes)
[    0.307144] TCP bind hash table entries: 65536 (order: 6, 262144 bytes)
[    0.307339] TCP: Hash tables configured (established 131072 bind 65536)
[    0.307431] TCP reno registered
[    0.307549] NET: Registered protocol family 1
[    0.307664] RPC: Registered udp transport module.
[    0.307753] RPC: Registered tcp transport module.
[    0.307847] RPC: Registered tcp NFSv4.1 backchannel transport module.
[    0.307961] pci 0000:00:02.0: Boot video device
[    0.308185] Simple Boot Flag at 0x35 set to 0x1
[    0.308702] highmem bounce pool size: 64 pages
[    0.310273] VFS: Disk quotas dquot_6.5.2
[    0.310396] Dquot-cache hash table entries: 1024 (order 0, 4096 bytes)
[    0.311075] NTFS driver 2.1.29 [Flags: R/W].
[    0.311242] ROMFS MTD (C) 2007 Red Hat, Inc.
[    0.311452] JFS: nTxBlock = 7695, nTxLock = 61562
[    0.313917] SGI XFS with ACLs, security attributes, large block/inode numbers, no debug enabled
[    0.314402] SGI XFS Quota Management subsystem
[    0.314692] Slow work thread pool: Starting up
[    0.314794] Slow work thread pool: Ready
[    0.314918] GFS2 (built May 24 2013 02:47:17) installed
[    0.315014] msgmni has been set to 1734
[    0.315182] alg: No test for cipher_null (cipher_null-generic)
[    0.315281] alg: No test for ecb(cipher_null) (ecb-cipher_null)
[    0.315382] alg: No test for digest_null (digest_null-generic)
[    0.315483] alg: No test for compress_null (compress_null-generic)
[    0.316072] alg: No test for fcrypt (fcrypt-generic)
[    0.317481] alg: No test for stdrng (krng)
[    0.317571] async_tx: api initialized (async)
[    0.317726] Block layer SCSI generic (bsg) driver version 0.4 loaded (major 254)
[    0.317869] io scheduler noop registered
[    0.317956] io scheduler anticipatory registered
[    0.318044] io scheduler deadline registered
[    0.318176] io scheduler cfq registered (default)
[    0.318417] pcieport 0000:00:1c.0: irq 24 for MSI/MSI-X
[    0.318435] pcieport 0000:00:1c.0: setting latency timer to 64
[    0.318621] pcieport 0000:00:1c.1: irq 25 for MSI/MSI-X
[    0.318632] pcieport 0000:00:1c.1: setting latency timer to 64
[    0.318817] pcieport 0000:00:1c.2: irq 26 for MSI/MSI-X
[    0.318828] pcieport 0000:00:1c.2: setting latency timer to 64
[    0.319018] pcieport 0000:00:1c.3: irq 27 for MSI/MSI-X
[    0.319030] pcieport 0000:00:1c.3: setting latency timer to 64
[    0.319210] pcieport 0000:00:1c.4: irq 28 for MSI/MSI-X
[    0.319219] pcieport 0000:00:1c.4: setting latency timer to 64
[    0.319363] pci_hotplug: PCI Hot Plug PCI Core version: 0.5
[    0.319555] isapnp: Scanning for PnP cards...
[    0.680098] isapnp: No Plug & Play device found
[    0.680188] random 0000 0000 0000 5f8db4e5 4cfdf2a8: initializing
[    0.680190] RANDOM init_std_data for input now value: 1369947733680190694
[    0.680192] RANDOM init_std_data for blocking now value: 1369947733680192699
[    0.680194] RANDOM init_std_data for nonblocking now value: 1369947733680194423
[    0.699760] Serial: 8250/16550 driver, 4 ports, IRQ sharing enabled
[    3.710461] floppy0: no floppy controllers found
[    3.711409] brd: module loaded
[    3.711916] loop: module loaded
[    3.712007] Compaq SMART2 Driver (v 2.6.0)
[    3.712131] HP CISS Driver (v 3.6.20)
[    3.712369] input: Macintosh mouse button emulation as /devices/virtual/input/input0
[    3.712513] Uniform Multi-Platform E-IDE driver
[    3.712740] piix 0000:00:1f.1: IDE controller (0x8086:0x2850 rev 0x03)
[    3.712849] pci 0000:00:1f.1: PCI INT C -> GSI 16 (level, low) -> IRQ 16
[    3.712955] piix 0000:00:1f.1: IDE port disabled
[    3.713048] piix 0000:00:1f.1: not 100% native mode: will probe irqs later
[    3.713142]     ide0: BM-DMA at 0x1c00-0x1c07
[    3.713240] Probing IDE interface ide0...
[    4.384601] hda: HL-DT-ST DVDRAM GSA-U10N, ATAPI CD/DVD-ROM drive
[    4.691375] hda: host max PIO4 wanted PIO255(auto-tune) selected PIO4
[    4.692143] hda: UDMA/33 mode selected
[    4.692608] ide0 at 0x1f0-0x1f7,0x3f6 on irq 14
[    4.696514] ide-gd driver 1.18
[    4.696619] ide-cd driver 5.00
[    4.698003] random 0000 0000 0000 00000000 00000000: add_disk_randomness(0:0) 00000000 00000000
[    4.698007] random 0000 0000 0000 00000000 00000000: add_timer_randomness(.. 256) with jiffies: 5261504468548812410, cycles: 5261504464254140427
[    4.698010] random 0000 0000 0000 00000000 00000000: added 11 entropy credits to input
[    4.698013] ide-cd: hda: ATAPI 24X DVD-ROM DVD-R/RAM CD-R/RW drive, 2048kB Cache
[    4.698493] Uniform CD-ROM driver Revision: 3.20
[    4.701259] random 0011 0000 0000 00000000 00000000: add_disk_randomness(0:0) 00000000 00000000
[    4.701262] random 0011 0000 0000 00000000 00000000: add_timer_randomness(.. 256) with jiffies: 5290806479198846589, cycles: 5290806474904174603
[    4.701265] random 0011 0000 0000 00000000 00000000: added 1 entropy credits to input
[    4.701268] random 0012 0000 0000 00000000 00000000: add_disk_randomness(0:0) 00000000 00000000
[    4.701271] random 0012 0000 0000 00000000 00000000: add_timer_randomness(.. 256) with jiffies: 5290882830832467581, cycles: 5290882826537795595
[    4.703257] random 0012 0000 0000 00000000 00000000: add_disk_randomness(0:0) 00000000 00000000
[    4.703260] random 0012 0000 0000 00000000 00000000: add_timer_randomness(.. 256) with jiffies: 5308779547238039167, cycles: 5308779542943367179
[    4.703263] random 0012 0000 0000 00000000 00000000: added 1 entropy credits to input
[    4.703265] random 0013 0000 0000 00000000 00000000: add_disk_randomness(0:0) 00000000 00000000
[    4.703268] random 0013 0000 0000 00000000 00000000: add_timer_randomness(.. 256) with jiffies: 5308854271079054975, cycles: 5308854266784382987
[    4.705252] random 0013 0000 0000 00000000 00000000: add_disk_randomness(0:0) 00000000 00000000
[    4.705255] random 0013 0000 0000 00000000 00000000: add_timer_randomness(.. 256) with jiffies: 5326733129010609793, cycles: 5326733124715937803
[    4.705258] random 0013 0000 0000 00000000 00000000: added 1 entropy credits to input
[    4.705261] random 0014 0000 0000 00000000 00000000: add_disk_randomness(0:0) 00000000 00000000
[    4.705263] random 0014 0000 0000 00000000 00000000: add_timer_randomness(.. 256) with jiffies: 5326806547181567617, cycles: 5326806542886895627
[    4.705536] Loading iSCSI transport class v2.0-870.
[    4.705820] rdac: device handler registered
[    4.705910] hp_sw: device handler registered
[    4.706003] emc: device handler registered
[    4.706091] alua: device handler registered
[    4.707087] Adaptec aacraid driver 1.1-5[2461]-ms
[    4.707505] scsi: <fdomain> Detection failed (no card)
[    4.707603] sym53c416.c: Version 1.0.0-ac
[    4.707707] qlogicfas: no cards were found, please specify I/O address and IRQ using iobase= and irq= options
[    4.707829] QLogic Fibre Channel HBA Driver: 8.03.01-k6
[    4.708059] iscsi: registered transport (qla4xxx)
[    4.708167] QLogic iSCSI HBA Driver
[    4.708261] Emulex LightPulse Fibre Channel SCSI driver 8.3.4
[    4.708357] Copyright(c) 2004-2009 Emulex.  All rights reserved.
[    4.730358] Failed initialization of WD-7000 SCSI card!
[    4.819528] DC390: clustering now enabled by default. If you get problems load
[    4.819649]        with "disable_clustering=1" and report to maintainers
[    4.819788] megaraid cmm: 2.20.2.7 (Release Date: Sun Jul 16 00:01:03 EST 2006)
[    4.819945] megaraid: 2.20.5.1 (Release Date: Thu Nov 16 15:32:35 EST 2006)
[    4.820068] megasas: 00.00.04.01 Thu July 24 11:41:51 PST 2008
[    4.820208] GDT-HA: Storage RAID Controller Driver. Version: 3.05
[    4.820364] 3ware Storage Controller device driver for Linux v1.26.02.002.
[    4.820475] 3ware 9000 Storage Controller device driver for Linux v2.26.02.012.
[    4.820624] nsp32: loading...
[    4.820733] ipr: IBM Power RAID SCSI Device Driver version: 2.4.3 (June 10, 2009)
[    4.820875] RocketRAID 3xxx/4xxx Controller driver v1.6 (090910)
[    4.820991] stex: Promise SuperTrak EX Driver version: 4.6.0000.3
[    4.821130] st: Version 20081215, fixed bufsize 32768, s/g segs 256
[    4.821318] ahci 0000:00:1f.2: version 3.0
[    4.821346] ahci 0000:00:1f.2: PCI INT B -> GSI 16 (level, low) -> IRQ 16
[    4.821475] ahci 0000:00:1f.2: irq 29 for MSI/MSI-X
[    4.821535] ahci 0000:00:1f.2: AHCI 0001.0100 32 slots 3 ports 1.5 Gbps 0x5 impl SATA mode
[    4.821667] ahci 0000:00:1f.2: flags: 64bit ncq sntf pm led clo pio slum part ccc 
[    4.821805] ahci 0000:00:1f.2: setting latency timer to 64
[    4.821948] scsi2 : ahci
[    4.822115] scsi3 : ahci
[    4.822268] scsi4 : ahci
[    4.822454] ata1: SATA max UDMA/133 abar m2048@0xfe226000 port 0xfe226100 irq 29
[    4.822576] ata2: DUMMY
[    4.822660] ata3: SATA max UDMA/133 abar m2048@0xfe226000 port 0xfe226200 irq 29
[    4.823258] I2O subsystem v1.325
[    4.823356] i2o: max drivers = 8
[    4.823504] I2O Configuration OSM v1.323
[    4.823608] I2O Bus Adapter OSM v1.317
[    4.823721] I2O Block Device OSM v1.325
[    4.823875] I2O SCSI Peripheral OSM v1.316
[    4.823983] I2O ProcFS OSM v1.316
[    4.824093] Fusion MPT base driver 3.04.12
[    4.824180] Copyright (c) 1999-2008 LSI Corporation
[    4.824274] Fusion MPT SPI Host driver 3.04.12
[    4.824439] Fusion MPT FC Host driver 3.04.12
[    4.824556] Fusion MPT SAS Host driver 3.04.12
[    4.824708] ohci1394 0000:15:00.1: PCI INT B -> GSI 17 (level, low) -> IRQ 17
[    4.824811] ohci1394 0000:15:00.1: setting latency timer to 64
[    4.878361] ohci1394: fw-host0: OHCI-1394 1.1 (PCI): IRQ=[17]  MMIO=[f8301000-f83017ff]  Max Packet=[2048]  IR/IT contexts=[4/4]
[    4.882632] ehci_hcd: USB 2.0 'Enhanced' Host Controller (EHCI) Driver
[    4.882950] ehci_hcd 0000:00:1a.7: power state changed by ACPI to D0
[    4.883196] ehci_hcd 0000:00:1a.7: power state changed by ACPI to D0
[    4.883294] ehci_hcd 0000:00:1a.7: PCI INT C -> GSI 22 (level, low) -> IRQ 22
[    4.883395] ehci_hcd 0000:00:1a.7: setting latency timer to 64
[    4.883400] ehci_hcd 0000:00:1a.7: EHCI Host Controller
[    4.883538] ehci_hcd 0000:00:1a.7: new USB bus registered, assigned bus number 1
[    4.887589] ehci_hcd 0000:00:1a.7: cache line size of 32 is not supported
[    4.887599] ehci_hcd 0000:00:1a.7: irq 22, io mem 0xfe226c00
[    4.897321] ehci_hcd 0000:00:1a.7: USB 2.0 started, EHCI 1.00
[    4.897426] usb usb1: New USB device found, idVendor=1d6b, idProduct=0002
[    4.897516] usb usb1: New USB device strings: Mfr=3, Product=2, SerialNumber=1
[    4.897639] usb usb1: Product: EHCI Host Controller
[    4.897737] usb usb1: Manufacturer: Linux 2.6.32.57 ehci_hcd
[    4.897827] usb usb1: SerialNumber: 0000:00:1a.7
[    4.897971] usb usb1: configuration #1 chosen from 1 choice
[    4.898094] hub 1-0:1.0: USB hub found
[    4.898192] hub 1-0:1.0: 4 ports detected
[    4.898498] ehci_hcd 0000:00:1d.7: power state changed by ACPI to D0
[    4.898749] ehci_hcd 0000:00:1d.7: power state changed by ACPI to D0
[    4.898848] ehci_hcd 0000:00:1d.7: PCI INT D -> GSI 19 (level, low) -> IRQ 19
[    4.898947] ehci_hcd 0000:00:1d.7: setting latency timer to 64
[    4.898952] ehci_hcd 0000:00:1d.7: EHCI Host Controller
[    4.899079] ehci_hcd 0000:00:1d.7: new USB bus registered, assigned bus number 2
[    4.899239] ehci_hcd 0000:00:1d.7: debug port 1
[    4.903213] ehci_hcd 0000:00:1d.7: cache line size of 32 is not supported
[    4.903222] ehci_hcd 0000:00:1d.7: irq 19, io mem 0xfe227000
[    4.913320] ehci_hcd 0000:00:1d.7: USB 2.0 started, EHCI 1.00
[    4.913428] usb usb2: New USB device found, idVendor=1d6b, idProduct=0002
[    4.913517] usb usb2: New USB device strings: Mfr=3, Product=2, SerialNumber=1
[    4.913637] usb usb2: Product: EHCI Host Controller
[    4.913725] usb usb2: Manufacturer: Linux 2.6.32.57 ehci_hcd
[    4.913814] usb usb2: SerialNumber: 0000:00:1d.7
[    4.913961] usb usb2: configuration #1 chosen from 1 choice
[    4.914076] hub 2-0:1.0: USB hub found
[    4.914168] hub 2-0:1.0: 6 ports detected
[    4.914356] 116x: driver isp116x-hcd, 03 Nov 2005
[    4.914461] ohci_hcd: USB 1.1 'Open' Host Controller (OHCI) Driver
[    4.914579] uhci_hcd: USB Universal Host Controller Interface driver
[    4.914687] uhci_hcd 0000:00:1a.0: PCI INT A -> GSI 20 (level, low) -> IRQ 20
[    4.914789] uhci_hcd 0000:00:1a.0: setting latency timer to 64
[    4.914794] uhci_hcd 0000:00:1a.0: UHCI Host Controller
[    4.914926] uhci_hcd 0000:00:1a.0: new USB bus registered, assigned bus number 3
[    4.915075] uhci_hcd 0000:00:1a.0: irq 20, io base 0x00001860
[    4.915192] usb usb3: New USB device found, idVendor=1d6b, idProduct=0001
[    4.915296] usb usb3: New USB device strings: Mfr=3, Product=2, SerialNumber=1
[    4.915424] usb usb3: Product: UHCI Host Controller
[    4.915513] usb usb3: Manufacturer: Linux 2.6.32.57 uhci_hcd
[    4.915603] usb usb3: SerialNumber: 0000:00:1a.0
[    4.915743] usb usb3: configuration #1 chosen from 1 choice
[    4.915871] hub 3-0:1.0: USB hub found
[    4.915963] hub 3-0:1.0: 2 ports detected
[    4.916249] uhci_hcd 0000:00:1a.1: power state changed by ACPI to D0
[    4.916503] uhci_hcd 0000:00:1a.1: power state changed by ACPI to D0
[    4.916603] uhci_hcd 0000:00:1a.1: PCI INT B -> GSI 21 (level, low) -> IRQ 21
[    4.916699] uhci_hcd 0000:00:1a.1: setting latency timer to 64
[    4.916704] uhci_hcd 0000:00:1a.1: UHCI Host Controller
[    4.916844] uhci_hcd 0000:00:1a.1: new USB bus registered, assigned bus number 4
[    4.916989] uhci_hcd 0000:00:1a.1: irq 21, io base 0x00001880
[    4.917103] usb usb4: New USB device found, idVendor=1d6b, idProduct=0001
[    4.917196] usb usb4: New USB device strings: Mfr=3, Product=2, SerialNumber=1
[    4.917322] usb usb4: Product: UHCI Host Controller
[    4.917408] usb usb4: Manufacturer: Linux 2.6.32.57 uhci_hcd
[    4.917496] usb usb4: SerialNumber: 0000:00:1a.1
[    4.917632] usb usb4: configuration #1 chosen from 1 choice
[    4.917751] hub 4-0:1.0: USB hub found
[    4.917842] hub 4-0:1.0: 2 ports detected
[    4.918133] uhci_hcd 0000:00:1d.0: power state changed by ACPI to D0
[    4.918412] uhci_hcd 0000:00:1d.0: power state changed by ACPI to D0
[    4.918507] uhci_hcd 0000:00:1d.0: PCI INT A -> GSI 16 (level, low) -> IRQ 16
[    4.918605] uhci_hcd 0000:00:1d.0: setting latency timer to 64
[    4.918610] uhci_hcd 0000:00:1d.0: UHCI Host Controller
[    4.918736] uhci_hcd 0000:00:1d.0: new USB bus registered, assigned bus number 5
[    4.918888] uhci_hcd 0000:00:1d.0: irq 16, io base 0x000018a0
[    4.919008] usb usb5: New USB device found, idVendor=1d6b, idProduct=0001
[    4.919097] usb usb5: New USB device strings: Mfr=3, Product=2, SerialNumber=1
[    4.919219] usb usb5: Product: UHCI Host Controller
[    4.919307] usb usb5: Manufacturer: Linux 2.6.32.57 uhci_hcd
[    4.919404] usb usb5: SerialNumber: 0000:00:1d.0
[    4.919540] usb usb5: configuration #1 chosen from 1 choice
[    4.919662] hub 5-0:1.0: USB hub found
[    4.919769] hub 5-0:1.0: 2 ports detected
[    4.919913] uhci_hcd 0000:00:1d.1: PCI INT B -> GSI 17 (level, low) -> IRQ 17
[    4.920011] uhci_hcd 0000:00:1d.1: setting latency timer to 64
[    4.920016] uhci_hcd 0000:00:1d.1: UHCI Host Controller
[    4.920144] uhci_hcd 0000:00:1d.1: new USB bus registered, assigned bus number 6
[    4.920298] uhci_hcd 0000:00:1d.1: irq 17, io base 0x000018c0
[    4.920427] usb usb6: New USB device found, idVendor=1d6b, idProduct=0001
[    4.920518] usb usb6: New USB device strings: Mfr=3, Product=2, SerialNumber=1
[    4.920637] usb usb6: Product: UHCI Host Controller
[    4.920726] usb usb6: Manufacturer: Linux 2.6.32.57 uhci_hcd
[    4.920821] usb usb6: SerialNumber: 0000:00:1d.1
[    4.920956] usb usb6: configuration #1 chosen from 1 choice
[    4.921078] hub 6-0:1.0: USB hub found
[    4.921168] hub 6-0:1.0: 2 ports detected
[    4.921470] uhci_hcd 0000:00:1d.2: power state changed by ACPI to D0
[    4.921726] uhci_hcd 0000:00:1d.2: power state changed by ACPI to D0
[    4.921826] uhci_hcd 0000:00:1d.2: PCI INT C -> GSI 18 (level, low) -> IRQ 18
[    4.921922] uhci_hcd 0000:00:1d.2: setting latency timer to 64
[    4.921927] uhci_hcd 0000:00:1d.2: UHCI Host Controller
[    4.922056] uhci_hcd 0000:00:1d.2: new USB bus registered, assigned bus number 7
[    4.922203] uhci_hcd 0000:00:1d.2: irq 18, io base 0x000018e0
[    4.922325] usb usb7: New USB device found, idVendor=1d6b, idProduct=0001
[    4.922417] usb usb7: New USB device strings: Mfr=3, Product=2, SerialNumber=1
[    4.922536] usb usb7: Product: UHCI Host Controller
[    4.922624] usb usb7: Manufacturer: Linux 2.6.32.57 uhci_hcd
[    4.922717] usb usb7: SerialNumber: 0000:00:1d.2
[    4.923513] usb usb7: configuration #1 chosen from 1 choice
[    4.923630] hub 7-0:1.0: USB hub found
[    4.923732] hub 7-0:1.0: 2 ports detected
[    4.923898] sl811: driver sl811-hcd, 19 May 2005
[    4.924002] r8a66597_hcd: driver r8a66597_hcd, 2009-05-26
[    4.924170] Initializing USB Mass Storage driver...
[    4.924306] usbcore: registered new interface driver usb-storage
[    4.924401] USB Mass Storage support registered.
[    4.924517] usbcore: registered new interface driver ums-alauda
[    4.924626] usbcore: registered new interface driver ums-cypress
[    4.924736] usbcore: registered new interface driver ums-datafab
[    4.924846] usbcore: registered new interface driver ums-freecom
[    4.924962] usbcore: registered new interface driver ums-isd200
[    4.925075] usbcore: registered new interface driver ums-jumpshot
[    4.925185] usbcore: registered new interface driver ums-karma
[    4.925300] usbcore: registered new interface driver ums-onetouch
[    4.925422] usbcore: registered new interface driver ums-sddr09
[    4.925528] usbcore: registered new interface driver ums-sddr55
[    4.925637] usbcore: registered new interface driver ums-usbat
[    4.925787] PNP: PS/2 Controller [PNP0303:KBD,PNP0f13:MOU] at 0x60,0x64 irq 1,12
[    4.934054] serio: i8042 KBD port at 0x60,0x64 irq 1
[    4.934147] serio: i8042 AUX port at 0x60,0x64 irq 12
[    4.934405] mice: PS/2 mouse device common for all mice
[    4.934517] i2c /dev entries driver
[    4.934654] md: linear personality registered for level -1
[    4.934745] md: raid0 personality registered for level 0
[    4.934834] md: raid1 personality registered for level 1
[    4.934923] md: raid10 personality registered for level 10
[    4.935013] md: raid6 personality registered for level 6
[    4.935107] md: raid5 personality registered for level 5
[    4.935197] md: raid4 personality registered for level 4
[    4.935290] md: multipath personality registered for level -4
[    4.935497] device-mapper: ioctl: 4.15.0-ioctl (2009-04-01) initialised: dm-devel@redhat.com
[    4.935696] cpuidle: using governor ladder
[    4.936298] usbcore: registered new interface driver usbhid
[    4.936399] usbhid: v2.6:USB HID core driver
[    4.936544] random 0014 0000 0000 00000000 00000000: rand_read_num 4 get_random_bytes(136): sig 00000000 00000000 00000000
[    4.936547] random 0014 0000 0000 00000000 00000000: extract_entropy(.. 136 ..)
[    4.936549] random 0014 0000 0000 00000000 00000000: going to reseed nonblocking with 1024 bits (1088 of 0 requested)
[    4.936551] random 0014 0000 0000 00000000 00000000: extract_entropy(.. 128 ..)
[    4.936554] random 0014 0000 0000 00000000 00000000: trying to extract 1024 bits from input
[    4.936556] random 0014 0000 0000 00000000 00000000: debiting 0 entropy credits from input
[    4.936558] random 0014 0000 0000 00000000 00000000: extract_entropy account returned: 0 
[    4.936561] random 0014 0000 0000 00000000 00000000: urand_change_num 7 xfer_secondary_pool(136): pool_sig 00000000, data_sig 00000000, bytes_mixed 0 00000000 00000000
[    4.936564] random 0014 0000 0000 00000000 00000000: trying to extract 1088 bits from nonblocking
[    4.936567] random 0014 0000 0000 00000000 00000000: debiting 1088 entropy credits from nonblocking (unlimited)
[    4.936569] random 0014 0000 0000 00000000 00000000: extract_entropy account returned: 136 
[    4.936573] random 0014 0000 0000 00000000 00000000: urand_change_num 8 extract_buf: pool_sig 00000000, data_sig fffffff9, bytes_mixed 20 00000000 00000000
[    4.936579] random 0014 0000 0000 b7c35b56 be4dc95d: urand_change_num 9 extract_buf: pool_sig fffffd1e, data_sig 000000c5, bytes_mixed 20 b7c35b56 be4dc95d
[    4.936584] random 0014 0000 0000 ed9f5c47 c48487fb: urand_change_num 10 extract_buf: pool_sig fffff8ec, data_sig ffffff68, bytes_mixed 20 ed9f5c47 c48487fb
[    4.936589] random 0014 0000 0000 ed9f5c47 c48487fb: urand_change_num 11 extract_buf: pool_sig fffffaed, data_sig 000001aa, bytes_mixed 20 ed9f5c47 c48487fb
[    4.936594] random 0014 0000 0000 1b4f7c0a 91bd6a48: urand_change_num 12 extract_buf: pool_sig fffffdd8, data_sig 00000064, bytes_mixed 20 1b4f7c0a 91bd6a48
[    4.936600] random 0014 0000 0000 a254b9bc 20e9a24f: urand_change_num 13 extract_buf: pool_sig fffffbe6, data_sig 000001dd, bytes_mixed 20 a254b9bc 20e9a24f
[    4.936605] random 0014 0000 0000 a254b9bc 20e9a24f: urand_change_num 14 extract_buf: pool_sig fffff940, data_sig fffffe20, bytes_mixed 20 a254b9bc 20e9a24f
[    4.936610] random 0014 0000 0000 2831a66b 5fa2a3ad: urand_change_num 15 extract_buf: pool_sig fffffbce, data_sig 0000007e, bytes_mixed 20 2831a66b 5fa2a3ad
[    4.936615] random 0014 0000 0000 2831a66b 5fa2a3ad: urand_change_num 16 extract_buf: pool_sig 000004df, data_sig fffffe8f, bytes_mixed 20 2831a66b 5fa2a3ad
[    4.936621] random 0014 0000 0000 d4512bfd c9a54e0b: urand_change_num 17 extract_buf: pool_sig 00000485, data_sig fffffe68, bytes_mixed 20 d4512bfd c9a54e0b
[    4.936626] random 0014 0000 0000 c7371be6 f9ffea11: urand_change_num 18 extract_buf: pool_sig 00000095, data_sig ffffffed, bytes_mixed 20 c7371be6 f9ffea11
[    4.936631] random 0014 0000 0000 c7371be6 f9ffea11: urand_change_num 19 extract_buf: pool_sig 000003a7, data_sig fffffefa, bytes_mixed 20 c7371be6 f9ffea11
[    4.936636] random 0014 0000 0000 8fb4b62c d1ddba54: urand_change_num 20 extract_buf: pool_sig 00000179, data_sig ffffff78, bytes_mixed 20 8fb4b62c d1ddba54
[    4.936642] random 0014 0000 0000 9ff19f9c c07a1d2a: urand_change_num 21 extract_buf: pool_sig fffffe88, data_sig 00000126, bytes_mixed 20 9ff19f9c c07a1d2a
[    4.936646] TCP cubic registered
[    4.936733] Initializing XFRM netlink socket
[    4.936825] NET: Registered protocol family 17
[    4.936925] Using IPI Shortcut mode
[    4.937016] random 0014 0000 0000 9ff19f9c c07a1d2a: rand_read_num 5 get_random_bytes(8): sig 0000031b 9ff19f9c c07a1d2a
[    4.937018] random 0014 0000 0000 9ff19f9c c07a1d2a: extract_entropy(.. 8 ..)
[    4.937021] random 0014 0000 0000 9ff19f9c c07a1d2a: going to reseed nonblocking with 64 bits (64 of 0 requested)
[    4.937023] random 0014 0000 0000 9ff19f9c c07a1d2a: extract_entropy(.. 8 ..)
[    4.937025] random 0014 0000 0000 9ff19f9c c07a1d2a: trying to extract 64 bits from input
[    4.937027] random 0014 0000 0000 9ff19f9c c07a1d2a: debiting 0 entropy credits from input
[    4.937029] random 0014 0000 0000 9ff19f9c c07a1d2a: extract_entropy account returned: 0 
[    4.937032] random 0014 0000 0000 9ff19f9c c07a1d2a: urand_change_num 22 xfer_secondary_pool(8): pool_sig 0000031b, data_sig 00000000, bytes_mixed 0 9ff19f9c c07a1d2a
[    4.937035] random 0014 0000 0000 9ff19f9c c07a1d2a: trying to extract 64 bits from nonblocking
[    4.937038] random 0014 0000 0000 9ff19f9c c07a1d2a: debiting 64 entropy credits from nonblocking (unlimited)
[    4.937040] random 0014 0000 0000 9ff19f9c c07a1d2a: extract_entropy account returned: 8 
[    4.937044] random 0014 0000 0000 9ff19f9c c07a1d2a: urand_change_num 23 extract_buf: pool_sig 0000031b, data_sig ffffffb3, bytes_mixed 20 9ff19f9c c07a1d2a
[    4.939509] input: AT Translated Set 2 keyboard as /devices/platform/i8042/serio0/input/input1
[    5.128309] ata1: SATA link up 1.5 Gbps (SStatus 113 SControl 300)
[    5.128419] ata3: SATA link down (SStatus 0 SControl 300)
[    5.130309] ata1.00: ACPI cmd ef/02:00:00:00:00:a0 (SET FEATURES) succeeded
[    5.130312] ata1.00: ACPI cmd f5/00:00:00:00:00:a0 (SECURITY FREEZE LOCK) filtered out
[    5.131703] ata1.00: ACPI cmd ef/5f:00:00:00:00:a0 (SET FEATURES) succeeded
[    5.131706] ata1.00: ACPI cmd ef/10:03:00:00:00:a0 (SET FEATURES) filtered out
[    5.133613] ata1.00: ATA-7: ST910021AS, 4.06, max UDMA/100
[    5.133705] ata1.00: 195371568 sectors, multi 16: LBA48 
[    5.135854] ata1.00: ACPI cmd ef/02:00:00:00:00:a0 (SET FEATURES) succeeded
[    5.135856] ata1.00: ACPI cmd f5/00:00:00:00:00:a0 (SECURITY FREEZE LOCK) filtered out
[    5.137246] ata1.00: ACPI cmd ef/5f:00:00:00:00:a0 (SET FEATURES) succeeded
[    5.137248] ata1.00: ACPI cmd ef/10:03:00:00:00:a0 (SET FEATURES) filtered out
[    5.139174] ata1.00: configured for UDMA/100
[    5.149356] scsi 2:0:0:0: Direct-Access     ATA      ST910021AS       4.06 PQ: 0 ANSI: 5
[    5.149638] sd 2:0:0:0: [sda] 195371568 512-byte logical blocks: (100 GB/93.1 GiB)
[    5.149782] sd 2:0:0:0: [sda] Write Protect is off
[    5.149872] sd 2:0:0:0: [sda] Mode Sense: 00 3a 00 00
[    5.149884] sd 2:0:0:0: [sda] Write cache: enabled, read cache: enabled, doesn't support DPO or FUA
[    5.150079]  sda:
[    5.216286] usb 2-1: new high speed USB device using ehci_hcd and address 2
[    5.365834] usb 2-1: New USB device found, idVendor=0e8d, idProduct=1806
[    5.365925] usb 2-1: New USB device strings: Mfr=1, Product=2, SerialNumber=3
[    5.366011] usb 2-1: Product: MT1806 
[    5.366094] usb 2-1: Manufacturer: MediaTek Inc
[    5.366180] usb 2-1: SerialNumber: R8KN6GAC800AEB 
[    5.366318] usb 2-1: configuration #1 chosen from 1 choice
[    5.372624] scsi5 : SCSI emulation for USB Mass Storage devices
[    5.372792] usb-storage: device found at 2
[    5.372794] usb-storage: waiting for device to settle before scanning
[    5.564301] random 0014 0000 0000 277f73c3 42024bb9: add_disk_randomness(8:0) 277f73c3 42024bb9
[    5.564305] random 0014 0000 0000 277f73c3 42024bb9: add_timer_randomness(.. 8388864) with jiffies: 13055924835731603845, cycles: -5390819242272620533
[    5.564308] random 0014 0000 0000 277f73c3 42024bb9: added 11 entropy credits to input
[    5.564313]  sda1 sda2
[    5.564870] random 0025 0000 0000 277f73c3 42024bb9: add_disk_randomness(8:0) 277f73c3 42024bb9
[    5.564873] random 0025 0000 0000 277f73c3 42024bb9: add_timer_randomness(.. 8388864) with jiffies: 13061051974416040325, cycles: -5385692103588184053
[    5.565029] sd 2:0:0:0: [sda] Attached SCSI disk
[    5.565127] random 0025 0000 0000 277f73c3 42024bb9: rand_read_num 6 get_random_bytes(12): sig 000007e9 277f73c3 42024bb9
[    5.565130] random 0025 0000 0000 277f73c3 42024bb9: extract_entropy(.. 12 ..)
[    5.565132] random 0025 0000 0000 277f73c3 42024bb9: going to reseed nonblocking with 96 bits (96 of 0 requested)
[    5.565135] random 0025 0000 0000 277f73c3 42024bb9: extract_entropy(.. 12 ..)
[    5.565137] random 0025 0000 0000 277f73c3 42024bb9: trying to extract 96 bits from input
[    5.565139] random 0025 0000 0000 277f73c3 42024bb9: debiting 0 entropy credits from input
[    5.565141] random 0025 0000 0000 277f73c3 42024bb9: extract_entropy account returned: 0 
[    5.565144] random 0025 0000 0000 277f73c3 42024bb9: urand_change_num 24 xfer_secondary_pool(12): pool_sig 000007e9, data_sig 00000000, bytes_mixed 0 277f73c3 42024bb9
[    5.565147] random 0025 0000 0000 277f73c3 42024bb9: trying to extract 96 bits from nonblocking
[    5.565150] random 0025 0000 0000 277f73c3 42024bb9: debiting 96 entropy credits from nonblocking (unlimited)
[    5.565152] random 0025 0000 0000 277f73c3 42024bb9: extract_entropy account returned: 12 
[    5.565156] random 0025 0000 0000 277f73c3 42024bb9: urand_change_num 25 extract_buf: pool_sig 000007e9, data_sig 00000088, bytes_mixed 20 277f73c3 42024bb9
[    5.565161] random 0025 0000 0000 277f73c3 42024bb9: urand_change_num 26 extract_buf: pool_sig 00000498, data_sig fffffefb, bytes_mixed 20 277f73c3 42024bb9
[    5.565164] RANDOM - __seed init called.
[    5.565165] RANDOM - __seed init called.
[    5.565166] RANDOM - __seed init called.
[    5.565168] RANDOM - __random32 called. Change num 12.  Value: 87f14767	f0d7351	b1e48bd3
[    5.565170] RANDOM - random32_reseed called.  Value: 87f14767	f0d7351	b1e48bd3
[    5.565172] Pid: 1, comm: swapper Not tainted 2.6.32.57 #6
[    5.565267] Call Trace:
[    5.565358]  [<c1923ca4>] ? random32_reseed+0xa0/0xb1
[    5.565448]  [<c1923c04>] ? random32_reseed+0x0/0xb1
[    5.565547]  [<c100111e>] ? do_one_initcall+0x2e/0x180
[    5.565641]  [<c1907265>] ? kernel_init+0xad/0x103
[    5.565737]  [<c19071b8>] ? kernel_init+0x0/0x103
[    5.565826]  [<c1003787>] ? kernel_thread_helper+0x7/0x10
[    5.566359] random 0025 0000 0000 386b4e60 ee4d4880: rand_read_num 7 get_random_bytes(64): sig fffffea5 386b4e60 ee4d4880
[    5.566362] random 0025 0000 0000 386b4e60 ee4d4880: extract_entropy(.. 64 ..)
[    5.566364] random 0025 0000 0000 386b4e60 ee4d4880: going to reseed nonblocking with 512 bits (512 of 0 requested)
[    5.566366] random 0025 0000 0000 386b4e60 ee4d4880: extract_entropy(.. 64 ..)
[    5.566369] random 0025 0000 0000 386b4e60 ee4d4880: trying to extract 512 bits from input
[    5.566371] random 0025 0000 0000 386b4e60 ee4d4880: debiting 0 entropy credits from input
[    5.566373] random 0025 0000 0000 386b4e60 ee4d4880: extract_entropy account returned: 0 
[    5.566376] random 0025 0000 0000 386b4e60 ee4d4880: urand_change_num 27 xfer_secondary_pool(64): pool_sig fffffea5, data_sig 00000000, bytes_mixed 0 386b4e60 ee4d4880
[    5.566379] random 0025 0000 0000 386b4e60 ee4d4880: trying to extract 512 bits from nonblocking
[    5.566381] random 0025 0000 0000 386b4e60 ee4d4880: debiting 512 entropy credits from nonblocking (unlimited)
[    5.566384] random 0025 0000 0000 386b4e60 ee4d4880: extract_entropy account returned: 64 
[    5.566388] random 0025 0000 0000 386b4e60 ee4d4880: urand_change_num 28 extract_buf: pool_sig fffffea5, data_sig 00000173, bytes_mixed 20 386b4e60 ee4d4880
[    5.566393] random 0025 0000 0000 412698f6 0cc8689a: urand_change_num 29 extract_buf: pool_sig 00000122, data_sig ffffff63, bytes_mixed 20 412698f6 0cc8689a
[    5.566398] random 0025 0000 0000 412698f6 0cc8689a: urand_change_num 30 extract_buf: pool_sig 000001f7, data_sig 00000012, bytes_mixed 20 412698f6 0cc8689a
[    5.566404] random 0025 0000 0000 9669941e 06f768b1: urand_change_num 31 extract_buf: pool_sig fffffb5b, data_sig 0000003f, bytes_mixed 20 9669941e 06f768b1
[    5.566409] random 0025 0000 0000 98486520 995551f0: urand_change_num 32 extract_buf: pool_sig fffffb39, data_sig 0000000e, bytes_mixed 20 98486520 995551f0
[    5.566414] random 0025 0000 0000 98486520 995551f0: urand_change_num 33 extract_buf: pool_sig fffffd8d, data_sig 000001a6, bytes_mixed 20 98486520 995551f0
[    5.566420] random 0025 0000 0000 61fc8914 d5882ed2: urand_change_num 34 extract_buf: pool_sig fffffa58, data_sig 0000023e, bytes_mixed 20 61fc8914 d5882ed2
[    5.566449] random 0025 0000 0000 61fc8914 d5882ed2: rand_read_num 8 get_random_bytes(64): sig fffff9ee 61fc8914 d5882ed2
[    5.566451] random 0025 0000 0000 61fc8914 d5882ed2: extract_entropy(.. 64 ..)
[    5.566453] random 0025 0000 0000 61fc8914 d5882ed2: going to reseed nonblocking with 512 bits (512 of 0 requested)
[    5.566455] random 0025 0000 0000 61fc8914 d5882ed2: extract_entropy(.. 64 ..)
[    5.566458] random 0025 0000 0000 61fc8914 d5882ed2: trying to extract 512 bits from input
[    5.566460] random 0025 0000 0000 61fc8914 d5882ed2: debiting 0 entropy credits from input
[    5.566462] random 0025 0000 0000 61fc8914 d5882ed2: extract_entropy account returned: 0 
[    5.566465] random 0025 0000 0000 61fc8914 d5882ed2: urand_change_num 35 xfer_secondary_pool(64): pool_sig fffff9ee, data_sig 00000000, bytes_mixed 0 61fc8914 d5882ed2
[    5.566468] random 0025 0000 0000 61fc8914 d5882ed2: trying to extract 512 bits from nonblocking
[    5.566470] random 0025 0000 0000 61fc8914 d5882ed2: debiting 512 entropy credits from nonblocking (unlimited)
[    5.566472] random 0025 0000 0000 61fc8914 d5882ed2: extract_entropy account returned: 64 
[    5.566476] random 0025 0000 0000 61fc8914 d5882ed2: urand_change_num 36 extract_buf: pool_sig fffff9ee, data_sig ffffff85, bytes_mixed 20 61fc8914 d5882ed2
[    5.566482] random 0025 0000 0000 70cfd302 e5edec11: urand_change_num 37 extract_buf: pool_sig fffffdc1, data_sig ffffffde, bytes_mixed 20 70cfd302 e5edec11
[    5.566487] random 0025 0000 0000 00dab838 eafd2b30: urand_change_num 38 extract_buf: pool_sig 000003da, data_sig ffffff61, bytes_mixed 20 00dab838 eafd2b30
[    5.566492] random 0025 0000 0000 00dab838 eafd2b30: urand_change_num 39 extract_buf: pool_sig 00000314, data_sig 00000121, bytes_mixed 20 00dab838 eafd2b30
[    5.566497] random 0025 0000 0000 5fcdf66a 6442b608: urand_change_num 40 extract_buf: pool_sig 0000028b, data_sig fffffefd, bytes_mixed 20 5fcdf66a 6442b608
[    5.566503] random 0025 0000 0000 61333f6b 8fae0f9b: urand_change_num 41 extract_buf: pool_sig 000000cb, data_sig 000000b3, bytes_mixed 20 61333f6b 8fae0f9b
[    5.566508] random 0025 0000 0000 61333f6b 8fae0f9b: urand_change_num 42 extract_buf: pool_sig fffffef8, data_sig 00000051, bytes_mixed 20 61333f6b 8fae0f9b
[    5.566511] BEGIN NET_SECRET:
[    5.566512] \xffffffe0
[    5.566513] \xffffffb6
[    5.566514] \x36
[    5.566514] \xffffffb5
[    5.566515] \xffffff94
[    5.566516] \xffffffb2
[    5.566517] \xffffffa8
[    5.566518] \xffffffda
[    5.566519] \x5b
[    5.566519] \x19
[    5.566520] \x18
[    5.566521] \x5c
[    5.566521] \x2b
[    5.566522] \x1
[    5.566523] \xffffff90
[    5.566524] \x19
[    5.566524] \x3c
[    5.566525] \xfffffff2
[    5.566526] \xffffff82
[    5.566527] \x2a
[    5.566528] \xffffffb3
[    5.566528] \xffffffa2
[    5.566529] \x3f
[    5.566530] \x5
[    5.566531] \x52
[    5.566531] \x77
[    5.566532] \x57
[    5.566533] \x79
[    5.566534] \x16
[    5.566534] \x43
[    5.566535] \xffffff84
[    5.566536] \xffffffc3
[    5.566537] \xffffffe9
[    5.566537] \x79
[    5.566538] \x50
[    5.566539] \xffffff8e
[    5.566540] \x3f
[    5.566541] \xfffffff3
[    5.566541] \x19
[    5.566542] \x2a
[    5.566543] \xfffffffd
[    5.566544] \xfffffffb
[    5.566544] \x62
[    5.566545] \x3c
[    5.566546] \xffffffac
[    5.566547] \x1c
[    5.566547] \x3b
[    5.566548] \x3b
[    5.566549] \x15
[    5.566550] \x27
[    5.566550] \xffffffa8
[    5.566551] \x22
[    5.566552] \xffffffc5
[    5.566553] \xffffff9a
[    5.566554] \x5
[    5.566554] \x6c
[    5.566555] \xffffffa8
[    5.566556] \x3a
[    5.566557] \x44
[    5.566557] \xffffffaf
[    5.566558] \x13
[    5.566559] \xffffffe0
[    5.566560] \xffffff9d
[    5.566560] \x22
[    5.566561] 
[    5.566562] END NET_SECRET
[    5.566565] random 0025 0000 0000 e7f555d9 e8ce5c3c: rand_read_num 9 get_random_bytes(4): sig 0000068c e7f555d9 e8ce5c3c
[    5.566567] random 0025 0000 0000 e7f555d9 e8ce5c3c: extract_entropy(.. 4 ..)
[    5.566569] random 0025 0000 0000 e7f555d9 e8ce5c3c: going to reseed nonblocking with 64 bits (32 of 0 requested)
[    5.566572] random 0025 0000 0000 e7f555d9 e8ce5c3c: extract_entropy(.. 8 ..)
[    5.566574] random 0025 0000 0000 e7f555d9 e8ce5c3c: trying to extract 64 bits from input
[    5.566576] random 0025 0000 0000 e7f555d9 e8ce5c3c: debiting 0 entropy credits from input
[    5.566578] random 0025 0000 0000 e7f555d9 e8ce5c3c: extract_entropy account returned: 0 
[    5.566581] random 0025 0000 0000 e7f555d9 e8ce5c3c: urand_change_num 43 xfer_secondary_pool(4): pool_sig 0000068c, data_sig 00000000, bytes_mixed 0 e7f555d9 e8ce5c3c
[    5.566584] random 0025 0000 0000 e7f555d9 e8ce5c3c: trying to extract 32 bits from nonblocking
[    5.566586] random 0025 0000 0000 e7f555d9 e8ce5c3c: debiting 32 entropy credits from nonblocking (unlimited)
[    5.566589] random 0025 0000 0000 e7f555d9 e8ce5c3c: extract_entropy account returned: 4 
[    5.566593] random 0025 0000 0000 e7f555d9 e8ce5c3c: urand_change_num 44 extract_buf: pool_sig 0000068c, data_sig fffffdcb, bytes_mixed 20 e7f555d9 e8ce5c3c
[    5.566604] md: Waiting for all devices to be available before autodetect
[    5.566701] md: If you don't use raid, use raid=noautodetect
[    5.566867] md: Autodetecting RAID arrays.
[    5.566955] md: Scanned 0 and added 0 devices.
[    5.567041] md: autorun ...
[    5.567127] md: ... autorun DONE.
[    5.580512] random 0025 0000 0000 e7f555d9 e8ce5c3c: add_disk_randomness(8:0) e7f555d9 e8ce5c3c
[    5.580516] random 0025 0000 0000 e7f555d9 e8ce5c3c: add_timer_randomness(.. 8388864) with jiffies: 13201786400459686293, cycles: -5244957677544538101
[    5.580519] random 0025 0000 0000 e7f555d9 e8ce5c3c: added 4 entropy credits to input
[    5.589954] random 0029 0000 0000 e7f555d9 e8ce5c3c: add_disk_randomness(8:0) e7f555d9 e8ce5c3c
[    5.589957] random 0029 0000 0000 e7f555d9 e8ce5c3c: add_timer_randomness(.. 8388864) with jiffies: 13286743851461738910, cycles: -5160000226542485493
[    5.589960] random 0029 0000 0000 e7f555d9 e8ce5c3c: added 2 entropy credits to input
[    5.597038] random 0031 0000 0000 e7f555d9 e8ce5c3c: add_disk_randomness(8:0) e7f555d9 e8ce5c3c
[    5.597041] random 0031 0000 0000 e7f555d9 e8ce5c3c: add_timer_randomness(.. 8388864) with jiffies: 13350479800334778789, cycles: -5096264277669445621
[    5.597044] random 0031 0000 0000 e7f555d9 e8ce5c3c: added 1 entropy credits to input
[    5.597048] EXT3-fs: sda2: couldn't mount because of unsupported optional features (240).
[    5.597280] random 0032 0000 0000 e7f555d9 e8ce5c3c: add_disk_randomness(8:0) e7f555d9 e8ce5c3c
[    5.597283] random 0032 0000 0000 e7f555d9 e8ce5c3c: add_timer_randomness(.. 8388864) with jiffies: 13352642432332431782, cycles: -5094101645671792629
[    5.597287] EXT2-fs: sda2: couldn't mount because of unsupported optional features (240).
[    5.597553] random 0032 0000 0000 e7f555d9 e8ce5c3c: add_disk_randomness(8:0) e7f555d9 e8ce5c3c
[    5.597556] random 0032 0000 0000 e7f555d9 e8ce5c3c: add_timer_randomness(.. 8388864) with jiffies: 13355103701996110246, cycles: -5091640376008114165
[    5.597688] random 0032 0000 0000 e7f555d9 e8ce5c3c: add_disk_randomness(8:0) e7f555d9 e8ce5c3c
[    5.597691] random 0032 0000 0000 e7f555d9 e8ce5c3c: add_timer_randomness(.. 8388864) with jiffies: 13356319882115514790, cycles: -5090424195888709621
[    5.597808] random 0032 0000 0000 e7f555d9 e8ce5c3c: add_disk_randomness(8:0) e7f555d9 e8ce5c3c
[    5.597811] random 0032 0000 0000 e7f555d9 e8ce5c3c: add_timer_randomness(.. 8388864) with jiffies: 13357409249030537638, cycles: -5089334828973686773
[    5.597926] random 0032 0000 0000 e7f555d9 e8ce5c3c: add_disk_randomness(8:0) e7f555d9 e8ce5c3c
[    5.597929] random 0032 0000 0000 e7f555d9 e8ce5c3c: add_timer_randomness(.. 8388864) with jiffies: 13358467361468547494, cycles: -5088276716535676917
[    5.598042] random 0032 0000 0000 e7f555d9 e8ce5c3c: add_disk_randomness(8:0) e7f555d9 e8ce5c3c
[    5.598044] random 0032 0000 0000 e7f555d9 e8ce5c3c: add_timer_randomness(.. 8388864) with jiffies: 13359509604002398630, cycles: -5087234474001825781
[    5.598151] random 0032 0000 0000 e7f555d9 e8ce5c3c: add_disk_randomness(8:0) e7f555d9 e8ce5c3c
[    5.598155] random 0032 0000 0000 e7f555d9 e8ce5c3c: add_timer_randomness(.. 8388864) with jiffies: 13360500882454315430, cycles: -5086243195549908981
[    5.598267] random 0032 0000 0000 e7f555d9 e8ce5c3c: add_disk_randomness(8:0) e7f555d9 e8ce5c3c
[    5.598270] random 0032 0000 0000 e7f555d9 e8ce5c3c: add_timer_randomness(.. 8388864) with jiffies: 13361528513509425575, cycles: -5085215564494798837
[    5.598377] random 0032 0000 0000 e7f555d9 e8ce5c3c: add_disk_randomness(8:0) e7f555d9 e8ce5c3c
[    5.598380] random 0032 0000 0000 e7f555d9 e8ce5c3c: add_timer_randomness(.. 8388864) with jiffies: 13362516815549006247, cycles: -5084227262455218165
[    5.598615] random 0032 0000 0000 e7f555d9 e8ce5c3c: rand_read_num 10 get_random_bytes(4): sig ffffff72 e7f555d9 e8ce5c3c
[    5.598618] random 0032 0000 0000 e7f555d9 e8ce5c3c: extract_entropy(.. 4 ..)
[    5.598620] random 0032 0000 0000 e7f555d9 e8ce5c3c: going to reseed nonblocking with 64 bits (32 of 0 requested)
[    5.598623] random 0032 0000 0000 e7f555d9 e8ce5c3c: extract_entropy(.. 8 ..)
[    5.598625] random 0032 0000 0000 e7f555d9 e8ce5c3c: trying to extract 64 bits from input
[    5.598627] random 0032 0000 0000 e7f555d9 e8ce5c3c: debiting 0 entropy credits from input
[    5.598629] random 0032 0000 0000 e7f555d9 e8ce5c3c: extract_entropy account returned: 0 
[    5.598632] random 0032 0000 0000 e7f555d9 e8ce5c3c: urand_change_num 45 xfer_secondary_pool(4): pool_sig ffffff72, data_sig 00000000, bytes_mixed 0 e7f555d9 e8ce5c3c
[    5.598635] random 0032 0000 0000 e7f555d9 e8ce5c3c: trying to extract 32 bits from nonblocking
[    5.598637] random 0032 0000 0000 e7f555d9 e8ce5c3c: debiting 32 entropy credits from nonblocking (unlimited)
[    5.598639] random 0032 0000 0000 e7f555d9 e8ce5c3c: extract_entropy account returned: 4 
[    5.598644] random 0032 0000 0000 e7f555d9 e8ce5c3c: urand_change_num 46 extract_buf: pool_sig ffffff72, data_sig ffffff72, bytes_mixed 20 e7f555d9 e8ce5c3c
[    5.603281] random 0032 0000 0000 91716c54 eeb6a1e7: add_disk_randomness(8:0) 91716c54 eeb6a1e7
[    5.603284] random 0032 0000 0000 91716c54 eeb6a1e7: add_timer_randomness(.. 8388864) with jiffies: 13406636175607431596, cycles: -5040107902396792821
[    5.603286] random 0032 0000 0000 91716c54 eeb6a1e7: added 2 entropy credits to input
[    5.621554] random 0034 0000 0000 91716c54 eeb6a1e7: add_disk_randomness(8:0) 91716c54 eeb6a1e7
[    5.621557] random 0034 0000 0000 91716c54 eeb6a1e7: add_timer_randomness(.. 8388864) with jiffies: 13571055989078852030, cycles: -4875688088925372405
[    5.621560] random 0034 0000 0000 91716c54 eeb6a1e7: added 3 entropy credits to input
[    5.626235] EXT4-fs (sda2): mounted filesystem with ordered data mode
[    5.626440] VFS: Mounted root (ext4 filesystem) readonly on device 8:2.
[    5.626546] Freeing unused kernel memory: 448k freed
[    5.646749] random 0037 0000 0000 91716c54 eeb6a1e7: add_disk_randomness(8:0) 91716c54 eeb6a1e7
[    5.646752] random 0037 0000 0000 91716c54 eeb6a1e7: add_timer_randomness(.. 8388864) with jiffies: 13797745552667673047, cycles: -4648998525336551413
[    5.646755] random 0037 0000 0000 91716c54 eeb6a1e7: added 2 entropy credits to input
[    5.647436] random 0039 0000 0000 91716c54 eeb6a1e7: add_disk_randomness(8:0) 91716c54 eeb6a1e7
[    5.647439] random 0039 0000 0000 91716c54 eeb6a1e7: add_timer_randomness(.. 8388864) with jiffies: 13803919035579728344, cycles: -4642825042424496117
[    5.652164] random 0039 0000 0000 91716c54 eeb6a1e7: add_disk_randomness(8:0) 91716c54 eeb6a1e7
[    5.652168] random 0039 0000 0000 91716c54 eeb6a1e7: add_timer_randomness(.. 8388864) with jiffies: 13846476818543772124, cycles: -4600267259460452341
[    5.652170] random 0039 0000 0000 91716c54 eeb6a1e7: added 1 entropy credits to input
[    5.660360] random 0040 0000 0000 91716c54 eeb6a1e7: add_disk_randomness(8:0) 91716c54 eeb6a1e7
[    5.660363] random 0040 0000 0000 91716c54 eeb6a1e7: add_timer_randomness(.. 8388864) with jiffies: 13920200430395818469, cycles: -4526543647608406005
[    5.660365] random 0040 0000 0000 91716c54 eeb6a1e7: added 1 entropy credits to input
[    5.663781] random 0041 0000 0000 91716c54 eeb6a1e7: add_disk_randomness(8:0) 91716c54 eeb6a1e7
[    5.663784] random 0041 0000 0000 91716c54 eeb6a1e7: add_timer_randomness(.. 8388864) with jiffies: 13950989521932485096, cycles: -4495754556071739381
[    5.663787] random 0041 0000 0000 91716c54 eeb6a1e7: added 1 entropy credits to input
[    5.672677] random 0042 0000 0000 91716c54 eeb6a1e7: add_disk_randomness(8:0) 91716c54 eeb6a1e7
[    5.672680] random 0042 0000 0000 91716c54 eeb6a1e7: add_timer_randomness(.. 8388864) with jiffies: 14031025069262340593, cycles: -4415719008741883893
[    5.672682] random 0042 0000 0000 91716c54 eeb6a1e7: added 2 entropy credits to input
[    5.685955] random 0044 0000 0000 91716c54 eeb6a1e7: add_disk_randomness(8:0) 91716c54 eeb6a1e7
[    5.685958] random 0044 0000 0000 91716c54 eeb6a1e7: add_timer_randomness(.. 8388864) with jiffies: 14150497946901905918, cycles: -4296246131102318581
[    5.685960] random 0044 0000 0000 91716c54 eeb6a1e7: added 1 entropy credits to input
[    5.694028] random 0045 0000 0000 91716c54 eeb6a1e7: add_disk_randomness(8:0) 91716c54 eeb6a1e7
[    5.694031] random 0045 0000 0000 91716c54 eeb6a1e7: add_timer_randomness(.. 8388864) with jiffies: 14223134176113820166, cycles: -4223609901890404341
[    5.694033] random 0045 0000 0000 91716c54 eeb6a1e7: added 2 entropy credits to input
[    5.694056] RANDOM get_random_int call with cycles 50556276750, jiffies 4294672902 and pid 1
[    5.694059] RANDOM get_random_int call with cycles 50556283722, jiffies 4294672902 and pid 1
[    5.694061] ASLR stack rand value: 290816 after shift for pid: 1
[    5.694063] RANDOM get_random_int call with cycles 50556291534, jiffies 4294672902 and pid 1
[    5.705678] random 0047 0000 0000 91716c54 eeb6a1e7: add_disk_randomness(8:0) 91716c54 eeb6a1e7
[    5.705681] random 0047 0000 0000 91716c54 eeb6a1e7: add_timer_randomness(.. 8388864) with jiffies: 14327950477855785490, cycles: -4118793600148439029
[    5.705684] random 0047 0000 0000 91716c54 eeb6a1e7: added 2 entropy credits to input
[    5.705693] RANDOM get_random_int call with cycles 50580654064, jiffies 4294672914 and pid 1
[    5.705699] random 0049 0000 0000 91716c54 eeb6a1e7: rand_read_num 11 get_random_bytes(16): sig fffffcad 91716c54 eeb6a1e7
[    5.705702] random 0049 0000 0000 91716c54 eeb6a1e7: extract_entropy(.. 16 ..)
[    5.705704] random 0049 0000 0000 91716c54 eeb6a1e7: going to reseed nonblocking with 128 bits (128 of 0 requested)
[    5.705706] random 0049 0000 0000 91716c54 eeb6a1e7: extract_entropy(.. 16 ..)
[    5.705708] random 0049 0000 0000 91716c54 eeb6a1e7: trying to extract 128 bits from input
[    5.705711] random 0049 0000 0000 91716c54 eeb6a1e7: debiting 0 entropy credits from input
[    5.705713] random 0049 0000 0000 91716c54 eeb6a1e7: extract_entropy account returned: 0 
[    5.705716] random 0049 0000 0000 91716c54 eeb6a1e7: urand_change_num 47 xfer_secondary_pool(16): pool_sig fffffcad, data_sig 00000000, bytes_mixed 0 91716c54 eeb6a1e7
[    5.705719] random 0049 0000 0000 91716c54 eeb6a1e7: trying to extract 128 bits from nonblocking
[    5.705721] random 0049 0000 0000 91716c54 eeb6a1e7: debiting 128 entropy credits from nonblocking (unlimited)
[    5.705723] random 0049 0000 0000 91716c54 eeb6a1e7: extract_entropy account returned: 16 
[    5.705728] random 0049 0000 0000 91716c54 eeb6a1e7: urand_change_num 48 extract_buf: pool_sig fffffcad, data_sig ffffff19, bytes_mixed 20 91716c54 eeb6a1e7
[    5.705733] random 0049 0000 0000 fd637b06 6cf47bc1: urand_change_num 49 extract_buf: pool_sig fffffede, data_sig ffffffc1, bytes_mixed 20 fd637b06 6cf47bc1
[    5.706685] random 0049 0000 0000 fd637b06 6cf47bc1: add_disk_randomness(8:0) fd637b06 6cf47bc1
[    5.706688] random 0049 0000 0000 fd637b06 6cf47bc1: add_timer_randomness(.. 8388864) with jiffies: 14337014284779487763, cycles: -4109729793224736757
[    5.707833] random 0049 0000 0000 fd637b06 6cf47bc1: add_disk_randomness(8:0) fd637b06 6cf47bc1
[    5.707836] random 0049 0000 0000 fd637b06 6cf47bc1: add_timer_randomness(.. 8388864) with jiffies: 14347344462810415636, cycles: -4099399615193808885
[    5.708984] random 0049 0000 0000 fd637b06 6cf47bc1: add_disk_randomness(8:0) fd637b06 6cf47bc1
[    5.708987] random 0049 0000 0000 fd637b06 6cf47bc1: add_timer_randomness(.. 8388864) with jiffies: 14357701926768574997, cycles: -4089042151235649525
[    5.709861] random 0049 0000 0000 fd637b06 6cf47bc1: add_disk_randomness(8:0) fd637b06 6cf47bc1
[    5.709864] random 0049 0000 0000 fd637b06 6cf47bc1: add_timer_randomness(.. 8388864) with jiffies: 14365589329265000982, cycles: -4081154748739223541
[    5.718671] random 0049 0000 0000 fd637b06 6cf47bc1: add_disk_randomness(8:0) fd637b06 6cf47bc1
[    5.718675] random 0049 0000 0000 fd637b06 6cf47bc1: add_timer_randomness(.. 8388864) with jiffies: 14444859534897545759, cycles: -4001884543106678773
[    5.718677] random 0049 0000 0000 fd637b06 6cf47bc1: added 3 entropy credits to input
[    5.718873] random 0052 0000 0000 fd637b06 6cf47bc1: add_disk_randomness(8:0) fd637b06 6cf47bc1
[    5.718877] random 0052 0000 0000 fd637b06 6cf47bc1: add_timer_randomness(.. 8388864) with jiffies: 14446679879476544031, cycles: -4000064198527680501
[    5.729062] random 0052 0000 0000 fd637b06 6cf47bc1: add_disk_randomness(8:0) fd637b06 6cf47bc1
[    5.729065] random 0052 0000 0000 fd637b06 6cf47bc1: add_timer_randomness(.. 8388864) with jiffies: 14538354822538297897, cycles: -3908389255465926645
[    5.729068] random 0052 0000 0000 fd637b06 6cf47bc1: added 3 entropy credits to input
[    5.729546] random 0055 0000 0000 fd637b06 6cf47bc1: add_disk_randomness(8:0) fd637b06 6cf47bc1
[    5.729549] random 0055 0000 0000 fd637b06 6cf47bc1: add_timer_randomness(.. 8388864) with jiffies: 14542703902127260202, cycles: -3904040175876964341
[    5.739240] random 0055 0000 0000 fd637b06 6cf47bc1: add_disk_randomness(8:0) fd637b06 6cf47bc1
[    5.739243] random 0055 0000 0000 fd637b06 6cf47bc1: add_timer_randomness(.. 8388864) with jiffies: 14629914544512401972, cycles: -3816829533491822581
[    5.739245] random 0055 0000 0000 fd637b06 6cf47bc1: added 3 entropy credits to input
[    5.739298] RANDOM get_random_int call with cycles 50651050474, jiffies 4294672948 and pid 1
[    5.743845] random 0058 0000 0000 fd637b06 6cf47bc1: add_disk_randomness(8:0) fd637b06 6cf47bc1
[    5.743849] random 0058 0000 0000 fd637b06 6cf47bc1: add_timer_randomness(.. 8388864) with jiffies: 14671363611733754424, cycles: -3775380466270470133
[    5.743852] random 0058 0000 0000 fd637b06 6cf47bc1: added 2 entropy credits to input
[    5.756671] random 0060 0000 0000 fd637b06 6cf47bc1: add_disk_randomness(8:0) fd637b06 6cf47bc1
[    5.756674] random 0060 0000 0000 fd637b06 6cf47bc1: add_timer_randomness(.. 8388864) with jiffies: 14786754969067029061, cycles: -3659989108937195509
[    5.756677] random 0060 0000 0000 fd637b06 6cf47bc1: added 3 entropy credits to input
[    5.756808] random 0063 0000 0000 fd637b06 6cf47bc1: add_disk_randomness(8:0) fd637b06 6cf47bc1
[    5.756811] random 0063 0000 0000 fd637b06 6cf47bc1: add_timer_randomness(.. 8388864) with jiffies: 14787989007660450373, cycles: -3658755070343774197
[    5.758972] random 0063 0000 0000 fd637b06 6cf47bc1: add_disk_randomness(8:0) fd637b06 6cf47bc1
[    5.758975] random 0063 0000 0000 fd637b06 6cf47bc1: add_timer_randomness(.. 8388864) with jiffies: 14807463583381422663, cycles: -3639280494622801909
[    5.758978] random 0063 0000 0000 fd637b06 6cf47bc1: added 1 entropy credits to input
[    5.759213] random 0064 0000 0000 fd637b06 6cf47bc1: add_disk_randomness(8:0) fd637b06 6cf47bc1
[    5.759219] random 0064 0000 0000 fd637b06 6cf47bc1: add_timer_randomness(.. 8388864) with jiffies: 14809645787545043528, cycles: -3637098290459181045
[    5.759357] random 0064 0000 0000 fd637b06 6cf47bc1: add_disk_randomness(8:0) fd637b06 6cf47bc1
[    5.759360] random 0064 0000 0000 fd637b06 6cf47bc1: add_timer_randomness(.. 8388864) with jiffies: 14810922217465676360, cycles: -3635821860538548213
[    5.770848] random 0064 0000 0000 fd637b06 6cf47bc1: add_disk_randomness(8:0) fd637b06 6cf47bc1
[    5.770851] random 0064 0000 0000 fd637b06 6cf47bc1: add_timer_randomness(.. 8388864) with jiffies: 14914314711779213907, cycles: -3532429366225010677
[    5.770854] random 0064 0000 0000 fd637b06 6cf47bc1: added 3 entropy credits to input
[    5.772857] random 0067 0000 0000 fd637b06 6cf47bc1: add_disk_randomness(8:0) fd637b06 6cf47bc1
[    5.772860] random 0067 0000 0000 fd637b06 6cf47bc1: add_timer_randomness(.. 8388864) with jiffies: 14932392851898335829, cycles: -3514351226105888757
[    5.772863] random 0067 0000 0000 fd637b06 6cf47bc1: added 1 entropy credits to input
[    5.780687] random 0068 0000 0000 fd637b06 6cf47bc1: add_disk_randomness(8:0) fd637b06 6cf47bc1
[    5.780690] random 0068 0000 0000 fd637b06 6cf47bc1: add_timer_randomness(.. 8388864) with jiffies: 15002839481012945501, cycles: -3443904596991279093
[    5.780693] random 0068 0000 0000 fd637b06 6cf47bc1: added 2 entropy credits to input
[    5.780821] random 0070 0000 0000 fd637b06 6cf47bc1: add_disk_randomness(8:0) fd637b06 6cf47bc1
[    5.780824] random 0070 0000 0000 fd637b06 6cf47bc1: add_timer_randomness(.. 8388864) with jiffies: 15004049978890617437, cycles: -3442694099113607157
[    5.784386] random 0070 0000 0000 fd637b06 6cf47bc1: add_disk_randomness(8:0) fd637b06 6cf47bc1
[    5.784389] random 0070 0000 0000 fd637b06 6cf47bc1: add_timer_randomness(.. 8388864) with jiffies: 15036111218265522785, cycles: -3410632859738701813
[    5.784391] random 0070 0000 0000 fd637b06 6cf47bc1: added 2 entropy credits to input
[    5.788883] random 0072 0000 0000 fd637b06 6cf47bc1: add_disk_randomness(8:0) fd637b06 6cf47bc1
[    5.788886] random 0072 0000 0000 fd637b06 6cf47bc1: add_timer_randomness(.. 8388864) with jiffies: 15076582669325927013, cycles: -3370161408678297589
[    5.794462] random 0072 0000 0000 fd637b06 6cf47bc1: add_disk_randomness(8:0) fd637b06 6cf47bc1
[    5.794465] random 0072 0000 0000 fd637b06 6cf47bc1: add_timer_randomness(.. 8388864) with jiffies: 15126772690779341419, cycles: -3319971387224883189
[    5.794468] random 0072 0000 0000 fd637b06 6cf47bc1: added 1 entropy credits to input
[    5.800738] random 0073 0000 0000 fd637b06 6cf47bc1: add_disk_randomness(8:0) fd637b06 6cf47bc1
[    5.800741] random 0073 0000 0000 fd637b06 6cf47bc1: add_timer_randomness(.. 8388864) with jiffies: 15183241726786241137, cycles: -3263502351217983477
[    5.800754] random 0073 0000 0000 fd637b06 6cf47bc1: rand_read_num 12 get_random_bytes(16): sig 0000033b fd637b06 6cf47bc1
[    5.800757] random 0073 0000 0000 fd637b06 6cf47bc1: extract_entropy(.. 16 ..)
[    5.800759] random 0073 0000 0000 fd637b06 6cf47bc1: going to reseed nonblocking with 128 bits (128 of 0 requested)
[    5.800762] random 0073 0000 0000 fd637b06 6cf47bc1: extract_entropy(.. 16 ..)
[    5.800764] random 0073 0000 0000 fd637b06 6cf47bc1: trying to extract 128 bits from input
[    5.800766] random 0073 0000 0000 fd637b06 6cf47bc1: debiting 0 entropy credits from input
[    5.800768] random 0073 0000 0000 fd637b06 6cf47bc1: extract_entropy account returned: 0 
[    5.800771] random 0073 0000 0000 fd637b06 6cf47bc1: urand_change_num 50 xfer_secondary_pool(16): pool_sig 0000033b, data_sig 00000000, bytes_mixed 0 fd637b06 6cf47bc1
[    5.800774] random 0073 0000 0000 fd637b06 6cf47bc1: trying to extract 128 bits from nonblocking
[    5.800776] random 0073 0000 0000 fd637b06 6cf47bc1: debiting 128 entropy credits from nonblocking (unlimited)
[    5.800779] random 0073 0000 0000 fd637b06 6cf47bc1: extract_entropy account returned: 16 
[    5.800783] random 0073 0000 0000 fd637b06 6cf47bc1: urand_change_num 51 extract_buf: pool_sig 0000033b, data_sig 000000d8, bytes_mixed 20 fd637b06 6cf47bc1
[    5.800789] random 0073 0000 0000 0ec1f012 d4727ca8: urand_change_num 52 extract_buf: pool_sig fffffcf5, data_sig 00000016, bytes_mixed 20 0ec1f012 d4727ca8
[    5.807484] random 0073 0000 0000 45b1d0b1 845a73f7: add_disk_randomness(8:0) 45b1d0b1 845a73f7
[    5.807487] random 0073 0000 0000 45b1d0b1 845a73f7: add_timer_randomness(.. 8388864) with jiffies: 15243938801613767288, cycles: -3202805276390457333
[    5.814706] random 0073 0000 0000 45b1d0b1 845a73f7: add_disk_randomness(8:0) 45b1d0b1 845a73f7
[    5.814709] random 0073 0000 0000 45b1d0b1 845a73f7: add_timer_randomness(.. 8388864) with jiffies: 15308917447734297215, cycles: -3137826630269927413
[    5.824351] random 0073 0000 0000 45b1d0b1 845a73f7: add_disk_randomness(8:0) 45b1d0b1 845a73f7
[    5.824354] random 0073 0000 0000 45b1d0b1 845a73f7: add_timer_randomness(.. 8388864) with jiffies: 15395699710081335945, cycles: -3051044367922888693
[    5.824357] random 0073 0000 0000 45b1d0b1 845a73f7: added 1 entropy credits to input
[    5.832126] random 0074 0000 0000 45b1d0b1 845a73f7: add_disk_randomness(8:0) 45b1d0b1 845a73f7
[    5.832129] random 0074 0000 0000 45b1d0b1 845a73f7: add_timer_randomness(.. 8388864) with jiffies: 15465666097427743376, cycles: -2981077980576481269
[    5.832132] random 0074 0000 0000 45b1d0b1 845a73f7: added 1 entropy credits to input
[    5.843591] random 0075 0000 0000 45b1d0b1 845a73f7: add_disk_randomness(8:0) 45b1d0b1 845a73f7
[    5.843594] random 0075 0000 0000 45b1d0b1 845a73f7: add_timer_randomness(.. 8388864) with jiffies: 15568806769218781852, cycles: -2877937308785442805
[    5.843597] random 0075 0000 0000 45b1d0b1 845a73f7: added 2 entropy credits to input
[    5.857856] random 0077 0000 0000 45b1d0b1 845a73f7: add_disk_randomness(8:0) 45b1d0b1 845a73f7
[    5.857860] random 0077 0000 0000 45b1d0b1 845a73f7: add_timer_randomness(.. 8388864) with jiffies: 15697165994323313322, cycles: -2749578083680911349
[    5.857862] random 0077 0000 0000 45b1d0b1 845a73f7: added 1 entropy credits to input
[    5.863255] random 0078 0000 0000 45b1d0b1 845a73f7: add_disk_randomness(8:0) 45b1d0b1 845a73f7
[    5.863258] random 0078 0000 0000 45b1d0b1 845a73f7: add_timer_randomness(.. 8388864) with jiffies: 15745725079255483056, cycles: -2701018998748741621
[    5.863260] random 0078 0000 0000 45b1d0b1 845a73f7: added 2 entropy credits to input
[    5.880799] random 0080 0000 0000 45b1d0b1 845a73f7: add_disk_randomness(8:0) 45b1d0b1 845a73f7
[    5.880802] random 0080 0000 0000 45b1d0b1 845a73f7: add_timer_randomness(.. 8388864) with jiffies: 15903585691686896321, cycles: -2543158386317328373
[    5.880805] random 0080 0000 0000 45b1d0b1 845a73f7: added 3 entropy credits to input
[    5.894079] random 0083 0000 0000 45b1d0b1 845a73f7: add_disk_randomness(8:0) 45b1d0b1 845a73f7
[    5.894082] random 0083 0000 0000 45b1d0b1 845a73f7: add_timer_randomness(.. 8388864) with jiffies: 16023077235254330062, cycles: -2423666842749894645
[    5.894085] random 0083 0000 0000 45b1d0b1 845a73f7: added 2 entropy credits to input
[    5.901704] random 0085 0000 0000 45b1d0b1 845a73f7: add_disk_randomness(8:0) 45b1d0b1 845a73f7
[    5.901707] random 0085 0000 0000 45b1d0b1 845a73f7: add_timer_randomness(.. 8388864) with jiffies: 16091679390663672534, cycles: -2355064687340552181
[    5.909932] random 0085 0000 0000 45b1d0b1 845a73f7: add_disk_randomness(8:0) 45b1d0b1 845a73f7
[    5.909935] random 0085 0000 0000 45b1d0b1 845a73f7: add_timer_randomness(.. 8388864) with jiffies: 16165707545761776350, cycles: -2281036532242448373
[    5.919533] random 0085 0000 0000 45b1d0b1 845a73f7: add_disk_randomness(8:0) 45b1d0b1 845a73f7
[    5.919535] random 0085 0000 0000 45b1d0b1 845a73f7: add_timer_randomness(.. 8388864) with jiffies: 16252083349583790824, cycles: -2194660728420433909
[    5.919538] random 0085 0000 0000 45b1d0b1 845a73f7: added 1 entropy credits to input
[    5.927059] random 0086 0000 0000 45b1d0b1 845a73f7: add_disk_randomness(8:0) 45b1d0b1 845a73f7
[    5.927062] random 0086 0000 0000 45b1d0b1 845a73f7: add_timer_randomness(.. 8388864) with jiffies: 16319814678899032815, cycles: -2126929399105191925
[    5.927065] random 0086 0000 0000 45b1d0b1 845a73f7: added 1 entropy credits to input
[    5.937069] random 0087 0000 0000 45b1d0b1 845a73f7: add_disk_randomness(8:0) 45b1d0b1 845a73f7
[    5.937072] random 0087 0000 0000 45b1d0b1 845a73f7: add_timer_randomness(.. 8388864) with jiffies: 16409875457286832889, cycles: -2036868620717391861
[    5.937075] random 0087 0000 0000 45b1d0b1 845a73f7: added 1 entropy credits to input
[    5.949951] random 0088 0000 0000 45b1d0b1 845a73f7: add_disk_randomness(8:0) 45b1d0b1 845a73f7
[    5.949954] random 0088 0000 0000 45b1d0b1 845a73f7: add_timer_randomness(.. 8388864) with jiffies: 16525778577153295110, cycles: -1920965500850929653
[    5.957315] random 0088 0000 0000 45b1d0b1 845a73f7: add_disk_randomness(8:0) 45b1d0b1 845a73f7
[    5.957318] random 0088 0000 0000 45b1d0b1 845a73f7: add_timer_randomness(.. 8388864) with jiffies: 16592026300210447118, cycles: -1854717777793777653
[    5.957321] random 0088 0000 0000 45b1d0b1 845a73f7: added 2 entropy credits to input
[    5.962558] random 0090 0000 0000 45b1d0b1 845a73f7: add_disk_randomness(8:0) 45b1d0b1 845a73f7
[    5.962561] random 0090 0000 0000 45b1d0b1 845a73f7: add_timer_randomness(.. 8388864) with jiffies: 16639204106480354067, cycles: -1807539971523870709
[    5.962564] random 0090 0000 0000 45b1d0b1 845a73f7: added 1 entropy credits to input
[    5.968999] random 0091 0000 0000 45b1d0b1 845a73f7: add_disk_randomness(8:0) 45b1d0b1 845a73f7
[    5.969002] random 0091 0000 0000 45b1d0b1 845a73f7: add_timer_randomness(.. 8388864) with jiffies: 16697162654325375769, cycles: -1749581423678849013
[    5.974053] random 0091 0000 0000 45b1d0b1 845a73f7: add_disk_randomness(8:0) 45b1d0b1 845a73f7
[    5.974056] random 0091 0000 0000 45b1d0b1 845a73f7: add_timer_randomness(.. 8388864) with jiffies: 16742635019276354334, cycles: -1704109058727870453
[    5.979951] random 0091 0000 0000 45b1d0b1 845a73f7: add_disk_randomness(8:0) 45b1d0b1 845a73f7
[    5.979954] random 0091 0000 0000 45b1d0b1 845a73f7: add_timer_randomness(.. 8388864) with jiffies: 16795701023845614372, cycles: -1651043054158610421
[    5.989302] random 0091 0000 0000 45b1d0b1 845a73f7: add_disk_randomness(8:0) 45b1d0b1 845a73f7
[    5.989305] random 0091 0000 0000 45b1d0b1 845a73f7: add_timer_randomness(.. 8388864) with jiffies: 16879824946249564974, cycles: -1566919131754659829
[    5.989308] random 0091 0000 0000 45b1d0b1 845a73f7: added 1 entropy credits to input
[    5.994182] random 0092 0000 0000 45b1d0b1 845a73f7: add_disk_randomness(8:0) 45b1d0b1 845a73f7
[    5.994185] random 0092 0000 0000 45b1d0b1 845a73f7: add_timer_randomness(.. 8388864) with jiffies: 16923743486522131250, cycles: -1523000591482093557
[    5.994190] random 0092 0000 0000 45b1d0b1 845a73f7: added 2 entropy credits to input
[    6.001618] random 0094 0000 0000 45b1d0b1 845a73f7: add_disk_randomness(8:0) 45b1d0b1 845a73f7
[    6.001621] random 0094 0000 0000 45b1d0b1 845a73f7: add_timer_randomness(.. 8388864) with jiffies: 16990638942187127610, cycles: -1456105135817097205
[    6.001623] random 0094 0000 0000 45b1d0b1 845a73f7: added 2 entropy credits to input
[    6.007832] random 0096 0000 0000 45b1d0b1 845a73f7: add_disk_randomness(8:0) 45b1d0b1 845a73f7
[    6.007835] random 0096 0000 0000 45b1d0b1 845a73f7: add_timer_randomness(.. 8388864) with jiffies: 17046557792883409728, cycles: -1400186285120815093
[    6.007838] random 0096 0000 0000 45b1d0b1 845a73f7: added 1 entropy credits to input
[    6.013305] random 0097 0000 0000 45b1d0b1 845a73f7: add_disk_randomness(8:0) 45b1d0b1 845a73f7
[    6.013308] random 0097 0000 0000 45b1d0b1 845a73f7: add_timer_randomness(.. 8388864) with jiffies: 17095788327232832326, cycles: -1350955750771392501
[    6.022396] random 0097 0000 0000 45b1d0b1 845a73f7: add_disk_randomness(8:0) 45b1d0b1 845a73f7
[    6.022399] random 0097 0000 0000 45b1d0b1 845a73f7: add_timer_randomness(.. 8388864) with jiffies: 17177582844059026255, cycles: -1269161233945198581
[    6.022402] random 0097 0000 0000 45b1d0b1 845a73f7: added 1 entropy credits to input
[    6.029814] random 0098 0000 0000 45b1d0b1 845a73f7: add_disk_randomness(8:0) 45b1d0b1 845a73f7
[    6.029817] random 0098 0000 0000 45b1d0b1 845a73f7: add_timer_randomness(.. 8388864) with jiffies: 17244335655270187862, cycles: -1202408422734036981
[    6.029820] random 0098 0000 0000 45b1d0b1 845a73f7: added 1 entropy credits to input
[    6.039497] random 0099 0000 0000 45b1d0b1 845a73f7: add_disk_randomness(8:0) 45b1d0b1 845a73f7
[    6.039500] random 0099 0000 0000 45b1d0b1 845a73f7: add_timer_randomness(.. 8388864) with jiffies: 17331449789740188512, cycles: -1115294288264036341
[    6.039503] random 0099 0000 0000 45b1d0b1 845a73f7: added 1 entropy credits to input
[    6.050123] random 0100 0000 0000 45b1d0b1 845a73f7: add_disk_randomness(8:0) 45b1d0b1 845a73f7
[    6.050126] random 0100 0000 0000 45b1d0b1 845a73f7: add_timer_randomness(.. 8388864) with jiffies: 17427065635878962026, cycles: -1019678442125262837
[    6.062639] random 0100 0000 0000 45b1d0b1 845a73f7: add_disk_randomness(8:0) 45b1d0b1 845a73f7
[    6.062642] random 0100 0000 0000 45b1d0b1 845a73f7: add_timer_randomness(.. 8388864) with jiffies: 17539670757733008247, cycles: -907073320271216629
[    6.062645] random 0100 0000 0000 45b1d0b1 845a73f7: added 1 entropy credits to input
[    6.063854] random 0101 0000 0000 45b1d0b1 845a73f7: add_disk_randomness(8:0) 45b1d0b1 845a73f7
[    6.063857] random 0101 0000 0000 45b1d0b1 845a73f7: add_timer_randomness(.. 8388864) with jiffies: 17550610606371603320, cycles: -896133471632621557
[    6.067864] random 0101 0000 0000 45b1d0b1 845a73f7: add_disk_randomness(8:0) 45b1d0b1 845a73f7
[    6.067867] random 0101 0000 0000 45b1d0b1 845a73f7: add_timer_randomness(.. 8388864) with jiffies: 17586684272913908604, cycles: -860059805090316277
[    6.067869] random 0101 0000 0000 45b1d0b1 845a73f7: added 1 entropy credits to input
[    6.077205] random 0102 0000 0000 45b1d0b1 845a73f7: add_disk_randomness(8:0) 45b1d0b1 845a73f7
[    6.077208] random 0102 0000 0000 45b1d0b1 845a73f7: add_timer_randomness(.. 8388864) with jiffies: 17670724580894540678, cycles: -776019497109684213
[    6.077211] random 0102 0000 0000 45b1d0b1 845a73f7: added 1 entropy credits to input
[    6.077554] random 0103 0000 0000 45b1d0b1 845a73f7: add_disk_randomness(8:0) 45b1d0b1 845a73f7
[    6.077557] random 0103 0000 0000 45b1d0b1 845a73f7: add_timer_randomness(.. 8388864) with jiffies: 17673866048823853958, cycles: -772878029180370933
[    6.093214] random 0103 0000 0000 45b1d0b1 845a73f7: add_disk_randomness(8:0) 45b1d0b1 845a73f7
[    6.093217] random 0103 0000 0000 45b1d0b1 845a73f7: add_timer_randomness(.. 8388864) with jiffies: 17814759624880653206, cycles: -631984453123571701
[    6.093220] random 0103 0000 0000 45b1d0b1 845a73f7: added 4 entropy credits to input
[    6.094844] random 0107 0000 0000 45b1d0b1 845a73f7: add_disk_randomness(8:0) 45b1d0b1 845a73f7
[    6.094847] random 0107 0000 0000 45b1d0b1 845a73f7: add_timer_randomness(.. 8388864) with jiffies: 17829436133721473943, cycles: -617307944282750965
[    6.094991] random 0107 0000 0000 45b1d0b1 845a73f7: add_disk_randomness(8:0) 45b1d0b1 845a73f7
[    6.094994] random 0107 0000 0000 45b1d0b1 845a73f7: add_timer_randomness(.. 8388864) with jiffies: 17830757523359761303, cycles: -615986554644463605
[    6.105866] random 0107 0000 0000 45b1d0b1 845a73f7: add_disk_randomness(8:0) 45b1d0b1 845a73f7
[    6.105869] random 0107 0000 0000 45b1d0b1 845a73f7: add_timer_randomness(.. 8388864) with jiffies: 17928608612213293986, cycles: -518135465790930933
[    6.105872] random 0107 0000 0000 45b1d0b1 845a73f7: added 3 entropy credits to input
[    6.106433] random 0110 0000 0000 45b1d0b1 845a73f7: add_disk_randomness(8:0) 45b1d0b1 845a73f7
[    6.106436] random 0110 0000 0000 45b1d0b1 845a73f7: add_timer_randomness(.. 8388864) with jiffies: 17933697422609580963, cycles: -513046655394643957
[    6.111660] random 0110 0000 0000 45b1d0b1 845a73f7: add_disk_randomness(8:0) 45b1d0b1 845a73f7
