[    0.000000] random 0000 0000 0000 00000000 00000000: rand_read_num 1 get_random_bytes(8): sig 00000000 00000000 00000000
[    0.000000] random 0000 0000 0000 00000000 00000000: extract_entropy(.. 8 ..)
[    0.000000] random 0000 0000 0000 00000000 00000000: going to reseed nonblocking with 64 bits (64 of 0 requested)
[    0.000000] random 0000 0000 0000 00000000 00000000: extract_entropy(.. 8 ..)
[    0.000000] random 0000 0000 0000 00000000 00000000: trying to extract 64 bits from input
[    0.000000] random 0000 0000 0000 00000000 00000000: debiting 0 entropy credits from input
[    0.000000] random 0000 0000 0000 00000000 00000000: extract_entropy account returned: 0 
[    0.000000] random 0000 0000 0000 00000000 00000000: urand_change_num 1 xfer_secondary_pool(8): pool_sig 00000000, data_sig 00000000, bytes_mixed 0 00000000 00000000
[    0.000000] random 0000 0000 0000 00000000 00000000: trying to extract 64 bits from nonblocking
[    0.000000] random 0000 0000 0000 00000000 00000000: debiting 64 entropy credits from nonblocking (unlimited)
[    0.000000] random 0000 0000 0000 00000000 00000000: extract_entropy account returned: 8 
[    0.000000] random 0000 0000 0000 00000000 00000000: urand_change_num 2 extract_buf: pool_sig 00000000, data_sig fffffff9, bytes_mixed 20 00000000 00000000
[    0.000000] Linux version 2.6.32.57 (dcashman@dcashman-02) (gcc version 4.3.3 (GCC) ) #6 Thu May 30 09:02:12 PDT 2013
[    0.000000] KERNEL supported cpus:
[    0.000000]   Intel GenuineIntel
[    0.000000]   AMD AuthenticAMD
[    0.000000]   NSC Geode by NSC
[    0.000000]   Cyrix CyrixInstead
[    0.000000]   Centaur CentaurHauls
[    0.000000]   Transmeta GenuineTMx86
[    0.000000]   Transmeta TransmetaCPU
[    0.000000]   UMC UMC UMC UMC
[    0.000000] BIOS-provided physical RAM map:
[    0.000000]  BIOS-e820: 0000000000000000 - 000000000009d800 (usable)
[    0.000000]  BIOS-e820: 000000000009d800 - 00000000000a0000 (reserved)
[    0.000000]  BIOS-e820: 00000000000d2000 - 00000000000d4000 (reserved)
[    0.000000]  BIOS-e820: 00000000000e0000 - 0000000000100000 (reserved)
[    0.000000]  BIOS-e820: 0000000000100000 - 000000003d6b0000 (usable)
[    0.000000]  BIOS-e820: 000000003d6b0000 - 000000003d6cc000 (ACPI data)
[    0.000000]  BIOS-e820: 000000003d6cc000 - 000000003d700000 (ACPI NVS)
[    0.000000]  BIOS-e820: 000000003d700000 - 000000003e000000 (reserved)
[    0.000000]  BIOS-e820: 00000000f0000000 - 00000000f4000000 (reserved)
[    0.000000]  BIOS-e820: 00000000fec00000 - 00000000fec10000 (reserved)
[    0.000000]  BIOS-e820: 00000000fed00000 - 00000000fed00400 (reserved)
[    0.000000]  BIOS-e820: 00000000fed14000 - 00000000fed1a000 (reserved)
[    0.000000]  BIOS-e820: 00000000fed1c000 - 00000000fed90000 (reserved)
[    0.000000]  BIOS-e820: 00000000fee00000 - 00000000fee01000 (reserved)
[    0.000000]  BIOS-e820: 00000000ff000000 - 0000000100000000 (reserved)
[    0.000000] DMI present.
[    0.000000] last_pfn = 0x3d6b0 max_arch_pfn = 0x100000
[    0.000000] MTRR default type: uncachable
[    0.000000] MTRR fixed ranges enabled:
[    0.000000]   00000-9FFFF write-back
[    0.000000]   A0000-BFFFF uncachable
[    0.000000]   C0000-CFFFF write-protect
[    0.000000]   D0000-DFFFF uncachable
[    0.000000]   E0000-FFFFF write-protect
[    0.000000] MTRR variable ranges enabled:
[    0.000000]   0 base 03E000000 mask FFE000000 uncachable
[    0.000000]   1 base 000000000 mask FC0000000 write-back
[    0.000000]   2 base 03D700000 mask FFFF00000 uncachable
[    0.000000]   3 base 03D800000 mask FFF800000 uncachable
[    0.000000]   4 disabled
[    0.000000]   5 disabled
[    0.000000]   6 disabled
[    0.000000]   7 disabled
[    0.000000] initial memory mapped : 0 - 02000000
[    0.000000] init_memory_mapping: 0000000000000000-00000000377fe000
[    0.000000]  0000000000 - 0000400000 page 4k
[    0.000000]  0000400000 - 0037400000 page 2M
[    0.000000]  0037400000 - 00377fe000 page 4k
[    0.000000] kernel direct mapping tables up to 377fe000 @ 7000-c000
[    0.000000] ACPI: RSDP 000f68d0 00024 (v02 LENOVO)
[    0.000000] ACPI: XSDT 3d6bb77f 00094 (v01 LENOVO TP-7L    00002170  LTP 00000000)
[    0.000000] ACPI: FACP 3d6bb900 000F4 (v03 LENOVO TP-7L    00002170 LNVO 00000001)
[    0.000000] ACPI Warning: 32/64X length mismatch in Gpe1Block: 0/32 (20090903/tbfadt-526)
[    0.000000] ACPI Warning: Optional field Gpe1Block has zero address or length: 000000000000102C/0 (20090903/tbfadt-557)
[    0.000000] ACPI: DSDT 3d6bbd1d 0FED1 (v01 LENOVO TP-7L    00002170 MSFT 03000000)
[    0.000000] ACPI: FACS 3d6e4000 00040
[    0.000000] ACPI: SSDT 3d6bbab4 00269 (v01 LENOVO TP-7L    00002170 MSFT 03000000)
[    0.000000] ACPI: ECDT 3d6cbbee 00052 (v01 LENOVO TP-7L    00002170 LNVO 00000001)
[    0.000000] ACPI: TCPA 3d6cbc40 00032 (v02 LENOVO TP-7L    00002170 LNVO 00000001)
[    0.000000] ACPI: APIC 3d6cbc72 00068 (v01 LENOVO TP-7L    00002170 LNVO 00000001)
[    0.000000] ACPI: MCFG 3d6cbcda 0003C (v01 LENOVO TP-7L    00002170 LNVO 00000001)
[    0.000000] ACPI: HPET 3d6cbd16 00038 (v01 LENOVO TP-7L    00002170 LNVO 00000001)
[    0.000000] ACPI: SLIC 3d6cbdf0 00176 (v01 LENOVO TP-7L    00002170  LTP 00000000)
[    0.000000] ACPI: BOOT 3d6cbf66 00028 (v01 LENOVO TP-7L    00002170  LTP 00000001)
[    0.000000] ACPI: ASF! 3d6cbf8e 00072 (v16 LENOVO TP-7L    00002170 PTL  00000001)
[    0.000000] ACPI: SSDT 3d6e26d9 0025F (v01 LENOVO TP-7L    00002170 INTL 20050513)
[    0.000000] ACPI: SSDT 3d6e2938 000A6 (v01 LENOVO TP-7L    00002170 INTL 20050513)
[    0.000000] ACPI: SSDT 3d6e29de 004F7 (v01 LENOVO TP-7L    00002170 INTL 20050513)
[    0.000000] ACPI: SSDT 3d6e2ed5 001D8 (v01 LENOVO TP-7L    00002170 INTL 20050513)
[    0.000000] ACPI: DMI detected: Lenovo ThinkPad R61
[    0.000000] ACPI: Added _OSI(Linux)
[    0.000000] ACPI: Local APIC address 0xfee00000
[    0.000000] 94MB HIGHMEM available.
[    0.000000] 887MB LOWMEM available.
[    0.000000]   mapped low ram: 0 - 377fe000
[    0.000000]   low ram: 0 - 377fe000
[    0.000000]   node 0 low ram: 00000000 - 377fe000
[    0.000000]   node 0 bootmap 00008000 - 0000ef00
[    0.000000] (6 early reservations) ==> bootmem [0000000000 - 00377fe000]
[    0.000000]   #0 [0000000000 - 0000001000]   BIOS data page ==> [0000000000 - 0000001000]
[    0.000000]   #1 [0001000000 - 0001bdc180]    TEXT DATA BSS ==> [0001000000 - 0001bdc180]
[    0.000000]   #2 [000009d800 - 0000100000]    BIOS reserved ==> [000009d800 - 0000100000]
[    0.000000]   #3 [0001bdd000 - 0001be516c]              BRK ==> [0001bdd000 - 0001be516c]
[    0.000000]   #4 [0000007000 - 0000008000]          PGTABLE ==> [0000007000 - 0000008000]
[    0.000000]   #5 [0000008000 - 000000f000]          BOOTMAP ==> [0000008000 - 000000f000]
[    0.000000] found SMP MP-table at [c00f6900] f6900
[    0.000000] Zone PFN ranges:
[    0.000000]   DMA      0x00000000 -> 0x00001000
[    0.000000]   Normal   0x00001000 -> 0x000377fe
[    0.000000]   HighMem  0x000377fe -> 0x0003d6b0
[    0.000000] Movable zone start PFN for each node
[    0.000000] early_node_map[2] active PFN ranges
[    0.000000]     0: 0x00000000 -> 0x0000009d
[    0.000000]     0: 0x00000100 -> 0x0003d6b0
[    0.000000] On node 0 totalpages: 251469
[    0.000000] free_area_init_node: node 0, pgdat c1901ea0, node_mem_map c1be7000
[    0.000000]   DMA zone: 32 pages used for memmap
[    0.000000]   DMA zone: 0 pages reserved
[    0.000000]   DMA zone: 3965 pages, LIFO batch:0
[    0.000000]   Normal zone: 1744 pages used for memmap
[    0.000000]   Normal zone: 221486 pages, LIFO batch:31
[    0.000000]   HighMem zone: 190 pages used for memmap
[    0.000000]   HighMem zone: 24052 pages, LIFO batch:3
[    0.000000] Using APIC driver default
[    0.000000] ACPI: PM-Timer IO Port: 0x1008
[    0.000000] ACPI: Local APIC address 0xfee00000
[    0.000000] ACPI: LAPIC (acpi_id[0x00] lapic_id[0x00] enabled)
[    0.000000] ACPI: LAPIC (acpi_id[0x01] lapic_id[0x01] enabled)
[    0.000000] ACPI: NR_CPUS/possible_cpus limit of 1 reached.  Processor 1/0x1 ignored.
[    0.000000] ACPI: LAPIC_NMI (acpi_id[0x00] high edge lint[0x1])
[    0.000000] ACPI: LAPIC_NMI (acpi_id[0x01] high edge lint[0x1])
[    0.000000] ACPI: IOAPIC (id[0x01] address[0xfec00000] gsi_base[0])
[    0.000000] IOAPIC[0]: apic_id 1, version 32, address 0xfec00000, GSI 0-23
[    0.000000] ACPI: INT_SRC_OVR (bus 0 bus_irq 0 global_irq 2 dfl dfl)
[    0.000000] ACPI: INT_SRC_OVR (bus 0 bus_irq 9 global_irq 9 high level)
[    0.000000] ACPI: IRQ0 used by override.
[    0.000000] ACPI: IRQ2 used by override.
[    0.000000] ACPI: IRQ9 used by override.
[    0.000000] Using ACPI (MADT) for SMP configuration information
[    0.000000] ACPI: HPET id: 0x8086a201 base: 0xfed00000
[    0.000000] nr_irqs_gsi: 24
[    0.000000] PM: Registered nosave memory: 000000000009d000 - 000000000009e000
[    0.000000] PM: Registered nosave memory: 000000000009e000 - 00000000000a0000
[    0.000000] PM: Registered nosave memory: 00000000000a0000 - 00000000000d2000
[    0.000000] PM: Registered nosave memory: 00000000000d2000 - 00000000000d4000
[    0.000000] PM: Registered nosave memory: 00000000000d4000 - 00000000000e0000
[    0.000000] PM: Registered nosave memory: 00000000000e0000 - 0000000000100000
[    0.000000] Allocating PCI resources starting at 3e000000 (gap: 3e000000:b2000000)
[    0.000000] Built 1 zonelists in Zone order, mobility grouping on.  Total pages: 249503
[    0.000000] Kernel command line: auto BOOT_IMAGE=Linux ro root=802 vt.default_utf8=0 maxcpus=0
[    0.000000] PID hash table entries: 4096 (order: 2, 16384 bytes)
[    0.000000] Dentry cache hash table entries: 131072 (order: 7, 524288 bytes)
[    0.000000] Inode-cache hash table entries: 65536 (order: 6, 262144 bytes)
[    0.000000] Enabling fast FPU save and restore... done.
[    0.000000] Enabling unmasked SIMD FPU exception support... done.
[    0.000000] Initializing CPU#0
[    0.000000] Initializing HighMem for node 0 (000377fe:0003d6b0)
[    0.000000] Memory: 984800k/1006272k available (6915k kernel code, 20876k reserved, 2327k data, 448k init, 96968k highmem)
[    0.000000] virtual kernel memory layout:
[    0.000000]     fixmap  : 0xfffa3000 - 0xfffff000   ( 368 kB)
[    0.000000]     pkmap   : 0xff800000 - 0xffc00000   (4096 kB)
[    0.000000]     vmalloc : 0xf7ffe000 - 0xff7fe000   ( 120 MB)
[    0.000000]     lowmem  : 0xc0000000 - 0xf77fe000   ( 887 MB)
[    0.000000]       .init : 0xc1907000 - 0xc1977000   ( 448 kB)
[    0.000000]       .data : 0xc16c0d3f - 0xc1906c64   (2327 kB)
[    0.000000]       .text : 0xc1000000 - 0xc16c0d3f   (6915 kB)
[    0.000000] Checking if this processor honours the WP bit even in supervisor mode...Ok.
[    0.000000] SLUB: Genslabs=13, HWalign=64, Order=0-3, MinObjects=0, CPUs=1, Nodes=1
[    0.000000] Hierarchical RCU implementation.
[    0.000000] NR_IRQS:288
[    0.000000] Extended CMOS year: 2000
[    0.000000] Console: colour VGA+ 80x25
[    0.000000] console [tty0] enabled
[    0.000000] hpet clockevent registered
[    0.000000] Fast TSC calibration using PIT
[    0.000000] Detected 2094.490 MHz processor.
[    0.001002] Calibrating delay loop (skipped), value calculated using timer frequency.. 4188.98 BogoMIPS (lpj=2094490)
[    0.001175] Security Framework initialized
[    0.001258] Mount-cache hash table entries: 512
[    0.002067] CPU: L1 I cache: 32K, L1 D cache: 32K
[    0.002191] CPU: L2 cache: 3072K
[    0.002271] mce: CPU supports 6 MCE banks
[    0.002352] CPU0: Thermal monitoring enabled (TM2)
[    0.002436] using mwait in idle threads.
[    0.002519] CPU: Intel(R) Core(TM)2 Duo CPU     T8100  @ 2.10GHz stepping 06
[    0.002696] Checking 'hlt' instruction... OK.
[    0.006932] ACPI: Core revision 20090903
[    0.026009] RANDOM get_random_int first call with cycles 32587536019, jiffies 4294667322 and pid 0
[    0.026017] CANARY value: 5b2c35d7 for PID: 1
[    0.026023] CANARY value: 6414c51a for PID: 2
[    0.026048] Enabling APIC mode:  Flat.  Using 1 I/O APICs
[    0.027263] ..TIMER: vector=0x30 apic1=0 pin1=2 apic2=-1 pin2=-1
[    0.037997] xor: automatically using best checksumming function: pIII_sse
[    0.041998]    pIII_sse  :  8568.000 MB/sec
[    0.042082] xor: using function: pIII_sse (8568.000 MB/sec)
[    0.042164] RANDOM - __seed init called.
[    0.042165] RANDOM - __seed init called.
[    0.042166] RANDOM - __seed init called.
[    0.042167] RANDOM - __random32 called. Change num 1.  Value: f7943846	49e73df3	af36cd0d
[    0.042169] RANDOM - __random32 called. Change num 2.  Value: 43846e13	9e73df37	9a1ad014
[    0.042171] RANDOM - __random32 called. Change num 3.  Value: 46e139c8	e73df373	a029598a
[    0.042173] RANDOM - __random32 called. Change num 4.  Value: 139c8c3b	73df373d	b3142c72
[    0.042174] RANDOM - __random32 called. Change num 5.  Value: c8c3b043	3df373de	58e576a9
[    0.042176] RANDOM - __random32 called. Change num 6.  Value: 3b0437d9	df373de5	ed53f9d8
[    0.042178] RANDOM - random32 init called.  Value: 3b0437d9	df373de5	ed53f9d8
[    0.042195] NET: Registered protocol family 16
[    0.042453] ACPI FADT declares the system doesn't support PCIe ASPM, so disable it
[    0.042579] ACPI: bus type pci registered
[    0.042753] PCI: MCFG configuration 0: base f0000000 segment 0 buses 0 - 63
[    0.042835] PCI: MCFG area at f0000000 reserved in E820
[    0.042915] PCI: Using MMCONFIG for extended config space
[    0.043002] PCI: Using configuration type 1 for base access
[    0.046101] bio: create slab <bio-0> at 0
[    0.046909] ACPI: EC: EC description table is found, configuring boot EC
[    0.052067] ACPI: BIOS _OSI(Linux) query honored via DMI
[    0.052793] random 0000 0000 0000 00000000 00000000: rand_read_num 2 get_random_bytes(8): sig fffffe1a 00000000 00000000
[    0.052795] random 0000 0000 0000 00000000 00000000: extract_entropy(.. 8 ..)
[    0.052798] random 0000 0000 0000 00000000 00000000: going to reseed nonblocking with 64 bits (64 of 0 requested)
[    0.052800] random 0000 0000 0000 00000000 00000000: extract_entropy(.. 8 ..)
[    0.052803] random 0000 0000 0000 00000000 00000000: trying to extract 64 bits from input
[    0.052805] random 0000 0000 0000 00000000 00000000: debiting 0 entropy credits from input
[    0.052807] random 0000 0000 0000 00000000 00000000: extract_entropy account returned: 0 
[    0.052836] random 0000 0000 0000 00000000 00000000: urand_change_num 3 xfer_secondary_pool(8): pool_sig fffffe1a, data_sig 00000000, bytes_mixed 0 00000000 00000000
[    0.052839] random 0000 0000 0000 00000000 00000000: trying to extract 64 bits from nonblocking
[    0.052841] random 0000 0000 0000 00000000 00000000: debiting 64 entropy credits from nonblocking (unlimited)
[    0.052844] random 0000 0000 0000 00000000 00000000: extract_entropy account returned: 8 
[    0.052848] random 0000 0000 0000 00000000 00000000: urand_change_num 4 extract_buf: pool_sig fffffe1a, data_sig fffffed7, bytes_mixed 20 00000000 00000000
[    0.057583] ACPI: Interpreter enabled
[    0.057663] ACPI: (supports S0 S3 S4 S5)
[    0.057953] ACPI: Using IOAPIC for interrupt routing
[    0.067421] ACPI: EC: GPE = 0x12, I/O: command/status = 0x66, data = 0x62
[    0.067740] ACPI: Power Resource [PUBS] (on)
[    0.069888] ACPI: ACPI Dock Station Driver: 3 docks/bays found
[    0.070299] ACPI: PCI Root Bridge [PCI0] (0000:00)
[    0.070467] pci 0000:00:02.0: reg 10 64bit mmio: [0xf8100000-0xf81fffff]
[    0.070472] pci 0000:00:02.0: reg 18 64bit mmio pref: [0xe0000000-0xefffffff]
[    0.070476] pci 0000:00:02.0: reg 20 io port: [0x1800-0x1807]
[    0.070511] pci 0000:00:02.1: reg 10 64bit mmio: [0xf8200000-0xf82fffff]
[    0.070615] pci 0000:00:19.0: reg 10 32bit mmio: [0xfe000000-0xfe01ffff]
[    0.070624] pci 0000:00:19.0: reg 14 32bit mmio: [0xfe025000-0xfe025fff]
[    0.070633] pci 0000:00:19.0: reg 18 io port: [0x1840-0x185f]
[    0.070706] pci 0000:00:19.0: PME# supported from D0 D3hot D3cold
[    0.070793] pci 0000:00:19.0: PME# disabled
[    0.070953] pci 0000:00:1a.0: reg 20 io port: [0x1860-0x187f]
[    0.071047] pci 0000:00:1a.1: reg 20 io port: [0x1880-0x189f]
[    0.071131] pci 0000:00:1a.7: reg 10 32bit mmio: [0xfe226c00-0xfe226fff]
[    0.071214] pci 0000:00:1a.7: PME# supported from D0 D3hot D3cold
[    0.071308] pci 0000:00:1a.7: PME# disabled
[    0.071446] pci 0000:00:1b.0: reg 10 64bit mmio: [0xfe020000-0xfe023fff]
[    0.071532] pci 0000:00:1b.0: PME# supported from D0 D3hot D3cold
[    0.071620] pci 0000:00:1b.0: PME# disabled
[    0.071817] pci 0000:00:1c.0: PME# supported from D0 D3hot D3cold
[    0.071901] pci 0000:00:1c.0: PME# disabled
[    0.072101] pci 0000:00:1c.1: PME# supported from D0 D3hot D3cold
[    0.072186] pci 0000:00:1c.1: PME# disabled
[    0.072382] pci 0000:00:1c.2: PME# supported from D0 D3hot D3cold
[    0.072466] pci 0000:00:1c.2: PME# disabled
[    0.072659] pci 0000:00:1c.3: PME# supported from D0 D3hot D3cold
[    0.072744] pci 0000:00:1c.3: PME# disabled
[    0.073108] pci 0000:00:1c.4: PME# supported from D0 D3hot D3cold
[    0.073199] pci 0000:00:1c.4: PME# disabled
[    0.073341] pci 0000:00:1d.0: reg 20 io port: [0x18a0-0x18bf]
[    0.073423] pci 0000:00:1d.1: reg 20 io port: [0x18c0-0x18df]
[    0.074009] pci 0000:00:1d.2: reg 20 io port: [0x18e0-0x18ff]
[    0.074101] pci 0000:00:1d.7: reg 10 32bit mmio: [0xfe227000-0xfe2273ff]
[    0.074205] pci 0000:00:1d.7: PME# supported from D0 D3hot D3cold
[    0.074291] pci 0000:00:1d.7: PME# disabled
[    0.074567] pci 0000:00:1f.0: quirk: region 1000-107f claimed by ICH6 ACPI/GPIO/TCO
[    0.074694] pci 0000:00:1f.0: quirk: region 1180-11bf claimed by ICH6 GPIO
[    0.074785] pci 0000:00:1f.0: ICH7 LPC Generic IO decode 1 PIO at 1600 (mask 007f)
[    0.074909] pci 0000:00:1f.0: ICH7 LPC Generic IO decode 2 PIO at 15e0 (mask 000f)
[    0.074998] pci 0000:00:1f.0: ICH7 LPC Generic IO decode 3 PIO at 1680 (mask 001f)
[    0.075193] pci 0000:00:1f.1: reg 10 io port: [0x00-0x07]
[    0.075203] pci 0000:00:1f.1: reg 14 io port: [0x00-0x03]
[    0.075214] pci 0000:00:1f.1: reg 18 io port: [0x00-0x07]
[    0.075223] pci 0000:00:1f.1: reg 1c io port: [0x00-0x03]
[    0.075235] pci 0000:00:1f.1: reg 20 io port: [0x1c00-0x1c0f]
[    0.075315] pci 0000:00:1f.2: reg 10 io port: [0x1c50-0x1c57]
[    0.075322] pci 0000:00:1f.2: reg 14 io port: [0x1c44-0x1c47]
[    0.075331] pci 0000:00:1f.2: reg 18 io port: [0x1c48-0x1c4f]
[    0.075340] pci 0000:00:1f.2: reg 1c io port: [0x1c40-0x1c43]
[    0.075349] pci 0000:00:1f.2: reg 20 io port: [0x1c20-0x1c3f]
[    0.075356] pci 0000:00:1f.2: reg 24 32bit mmio: [0xfe226000-0xfe2267ff]
[    0.075423] pci 0000:00:1f.2: PME# supported from D3hot
[    0.075508] pci 0000:00:1f.2: PME# disabled
[    0.075624] pci 0000:00:1f.3: reg 10 32bit mmio: [0xfe227400-0xfe2274ff]
[    0.075648] pci 0000:00:1f.3: reg 20 io port: [0x1c60-0x1c7f]
[    0.075737] pci 0000:00:1c.0: bridge io port: [0x2000-0x2fff]
[    0.075743] pci 0000:00:1c.0: bridge 32bit mmio: [0xfc000000-0xfdffffff]
[    0.075751] pci 0000:00:1c.0: bridge 64bit mmio pref: [0xf8000000-0xf80fffff]
[    0.075825] pci 0000:03:00.0: reg 10 64bit mmio: [0xdf3f0000-0xdf3fffff]
[    0.076060] pci 0000:00:1c.1: bridge io port: [0x3000-0x3fff]
[    0.076066] pci 0000:00:1c.1: bridge 32bit mmio: [0xdc000000-0xdf3fffff]
[    0.076075] pci 0000:00:1c.1: bridge 64bit mmio pref: [0xdfe00000-0xdfefffff]
[    0.076134] pci 0000:00:1c.2: bridge io port: [0x4000-0x4fff]
[    0.076140] pci 0000:00:1c.2: bridge 32bit mmio: [0xd8000000-0xd9ffffff]
[    0.076149] pci 0000:00:1c.2: bridge 64bit mmio pref: [0xdfb00000-0xdfbfffff]
[    0.076210] pci 0000:00:1c.3: bridge io port: [0x5000-0x5fff]
[    0.076214] pci 0000:00:1c.3: bridge 32bit mmio: [0xd4000000-0xd5ffffff]
[    0.076223] pci 0000:00:1c.3: bridge 64bit mmio pref: [0xdf800000-0xdf8fffff]
[    0.076283] pci 0000:00:1c.4: bridge io port: [0x6000-0x6fff]
[    0.076289] pci 0000:00:1c.4: bridge 32bit mmio: [0xd0000000-0xd1ffffff]
[    0.076298] pci 0000:00:1c.4: bridge 64bit mmio pref: [0xdf500000-0xdf5fffff]
[    0.076356] pci 0000:15:00.0: reg 10 32bit mmio: [0xf8300000-0xf8300fff]
[    0.076406] pci 0000:15:00.0: supports D1 D2
[    0.076407] pci 0000:15:00.0: PME# supported from D0 D1 D2 D3hot D3cold
[    0.076500] pci 0000:15:00.0: PME# disabled
[    0.076640] pci 0000:15:00.1: reg 10 32bit mmio: [0xf8301000-0xf83017ff]
[    0.076736] pci 0000:15:00.1: supports D1 D2
[    0.076737] pci 0000:15:00.1: PME# supported from D0 D1 D2 D3hot D3cold
[    0.076833] pci 0000:15:00.1: PME# disabled
[    0.076998] pci 0000:00:1e.0: transparent bridge
[    0.077090] pci 0000:00:1e.0: bridge io port: [0x7000-0xafff]
[    0.077096] pci 0000:00:1e.0: bridge 32bit mmio: [0xf8300000-0xfbffffff]
[    0.077105] pci 0000:00:1e.0: bridge 64bit mmio pref: [0xf4000000-0xf7ffffff]
[    0.077168] pci_bus 0000:00: on NUMA node 0
[    0.077172] ACPI: PCI Interrupt Routing Table [\_SB_.PCI0._PRT]
[    0.077305] ACPI: PCI Interrupt Routing Table [\_SB_.PCI0.EXP0._PRT]
[    0.077364] ACPI: PCI Interrupt Routing Table [\_SB_.PCI0.EXP1._PRT]
[    0.077422] ACPI: PCI Interrupt Routing Table [\_SB_.PCI0.EXP2._PRT]
[    0.077480] ACPI: PCI Interrupt Routing Table [\_SB_.PCI0.EXP3._PRT]
[    0.077542] ACPI: PCI Interrupt Routing Table [\_SB_.PCI0.EXP4._PRT]
[    0.077605] ACPI: PCI Interrupt Routing Table [\_SB_.PCI0.PCI1._PRT]
[    0.083086] ACPI: PCI Interrupt Link [LNKA] (IRQs 3 4 5 6 7 9 *10 11)
[    0.083832] ACPI: PCI Interrupt Link [LNKB] (IRQs 3 4 5 6 7 9 10 *11)
[    0.084510] ACPI: PCI Interrupt Link [LNKC] (IRQs 3 4 5 6 7 9 10 *11)
[    0.085289] ACPI: PCI Interrupt Link [LNKD] (IRQs 3 4 5 6 7 9 10 *11)
[    0.085997] ACPI: PCI Interrupt Link [LNKE] (IRQs 3 4 5 6 7 9 10 *11)
[    0.086706] ACPI: PCI Interrupt Link [LNKF] (IRQs 3 4 5 6 7 9 10 *11)
[    0.087427] ACPI: PCI Interrupt Link [LNKG] (IRQs 3 4 5 6 7 9 10 *11)
[    0.088142] ACPI: PCI Interrupt Link [LNKH] (IRQs 3 4 5 6 7 9 10 *11)
[    0.088823] vgaarb: device added: PCI:0000:00:02.0,decodes=io+mem,owns=io+mem,locks=none
[    0.088942] vgaarb: loaded
[    0.089090] SCSI subsystem initialized
[    0.089180] libata version 3.00 loaded.
[    0.089228] usbcore: registered new interface driver usbfs
[    0.089342] usbcore: registered new interface driver hub
[    0.089457] usbcore: registered new device driver usb
[    0.106041] raid6: int32x1    941 MB/s
[    0.123059] raid6: int32x2    890 MB/s
[    0.140068] raid6: int32x4    750 MB/s
[    0.156999] raid6: int32x8    656 MB/s
[    0.173986] raid6: mmxx1     2878 MB/s
[    0.190986] raid6: mmxx2     3253 MB/s
[    0.207998] raid6: sse1x1    1937 MB/s
[    0.224995] raid6: sse1x2    2535 MB/s
[    0.241987] raid6: sse2x1    3503 MB/s
[    0.258976] raid6: sse2x2    3824 MB/s
[    0.259059] raid6: using algorithm sse2x2 (3824 MB/s)
[    0.259152] PCI: Using ACPI for IRQ routing
[    0.259454] HPET: 3 timers in total, 0 timers will be used for per-cpu timer
[    0.259989] Switching to clocksource tsc
[    0.260081] pnp: PnP ACPI init
[    0.260170] ACPI: bus type pnp registered
[    0.263827] pnp: PnP ACPI: found 11 devices
[    0.263926] ACPI: ACPI bus type pnp unregistered
[    0.264011] system 00:00: iomem range 0x0-0x9ffff could not be reserved
[    0.264093] system 00:00: iomem range 0xc0000-0xc3fff could not be reserved
[    0.264180] system 00:00: iomem range 0xc4000-0xc7fff could not be reserved
[    0.264263] system 00:00: iomem range 0xc8000-0xcbfff has been reserved
[    0.264346] system 00:00: iomem range 0xcc000-0xcffff has been reserved
[    0.264428] system 00:00: iomem range 0xd0000-0xd3fff could not be reserved
[    0.264511] system 00:00: iomem range 0xe0000-0xe3fff could not be reserved
[    0.264597] system 00:00: iomem range 0xe4000-0xe7fff could not be reserved
[    0.264682] system 00:00: iomem range 0xe8000-0xebfff could not be reserved
[    0.264776] system 00:00: iomem range 0xec000-0xeffff could not be reserved
[    0.264859] system 00:00: iomem range 0xf0000-0xfffff could not be reserved
[    0.264951] system 00:00: iomem range 0x100000-0x3dffffff could not be reserved
[    0.265066] system 00:00: iomem range 0xfec00000-0xfed3ffff could not be reserved
[    0.265182] system 00:00: iomem range 0xfed4c000-0xffffffff could not be reserved
[    0.265311] system 00:02: ioport range 0x164e-0x164f has been reserved
[    0.265397] system 00:02: ioport range 0x1000-0x107f has been reserved
[    0.265489] system 00:02: ioport range 0x1180-0x11bf has been reserved
[    0.265571] system 00:02: ioport range 0x800-0x80f has been reserved
[    0.265657] system 00:02: ioport range 0x15e0-0x15ef has been reserved
[    0.265739] system 00:02: ioport range 0x1600-0x165f could not be reserved
[    0.265826] system 00:02: iomem range 0xf0000000-0xf3ffffff has been reserved
[    0.265925] system 00:02: iomem range 0xfed1c000-0xfed1ffff has been reserved
[    0.266008] system 00:02: iomem range 0xfed14000-0xfed17fff has been reserved
[    0.266095] system 00:02: iomem range 0xfed18000-0xfed18fff has been reserved
[    0.266187] system 00:02: iomem range 0xfed19000-0xfed19fff has been reserved
[    0.266270] system 00:02: iomem range 0xfed45000-0xfed4bfff has been reserved
[    0.301311] pci 0000:00:1c.0: PCI bridge, secondary bus 0000:02
[    0.301402] pci 0000:00:1c.0:   IO window: 0x2000-0x2fff
[    0.301487] pci 0000:00:1c.0:   MEM window: 0xfc000000-0xfdffffff
[    0.301578] pci 0000:00:1c.0:   PREFETCH window: 0x000000f8000000-0x000000f80fffff
[    0.301703] pci 0000:00:1c.1: PCI bridge, secondary bus 0000:03
[    0.301797] pci 0000:00:1c.1:   IO window: 0x3000-0x3fff
[    0.301884] pci 0000:00:1c.1:   MEM window: 0xdc000000-0xdf3fffff
[    0.301969] pci 0000:00:1c.1:   PREFETCH window: 0x000000dfe00000-0x000000dfefffff
[    0.302087] pci 0000:00:1c.2: PCI bridge, secondary bus 0000:04
[    0.302174] pci 0000:00:1c.2:   IO window: 0x4000-0x4fff
[    0.302258] pci 0000:00:1c.2:   MEM window: 0xd8000000-0xd9ffffff
[    0.302344] pci 0000:00:1c.2:   PREFETCH window: 0x000000dfb00000-0x000000dfbfffff
[    0.302461] pci 0000:00:1c.3: PCI bridge, secondary bus 0000:05
[    0.302551] pci 0000:00:1c.3:   IO window: 0x5000-0x5fff
[    0.302634] pci 0000:00:1c.3:   MEM window: 0xd4000000-0xd5ffffff
[    0.302719] pci 0000:00:1c.3:   PREFETCH window: 0x000000df800000-0x000000df8fffff
[    0.302850] pci 0000:00:1c.4: PCI bridge, secondary bus 0000:0d
[    0.302942] pci 0000:00:1c.4:   IO window: 0x6000-0x6fff
[    0.303028] pci 0000:00:1c.4:   MEM window: 0xd0000000-0xd1ffffff
[    0.303111] pci 0000:00:1c.4:   PREFETCH window: 0x000000df500000-0x000000df5fffff
[    0.303233] pci 0000:15:00.0: CardBus bridge, secondary bus 0000:16
[    0.303319] pci 0000:15:00.0:   IO window: 0x007000-0x0070ff
[    0.303406] pci 0000:15:00.0:   IO window: 0x007400-0x0074ff
[    0.303499] pci 0000:15:00.0:   PREFETCH window: 0xf4000000-0xf7ffffff
[    0.303592] pci 0000:15:00.0:   MEM window: 0x40000000-0x43ffffff
[    0.303679] pci 0000:00:1e.0: PCI bridge, secondary bus 0000:15
[    0.303769] pci 0000:00:1e.0:   IO window: 0x7000-0xafff
[    0.303869] pci 0000:00:1e.0:   MEM window: 0xf8300000-0xfbffffff
[    0.303956] pci 0000:00:1e.0:   PREFETCH window: 0x000000f4000000-0x000000f7ffffff
[    0.304091] pci 0000:00:1c.0: PCI INT A -> GSI 20 (level, low) -> IRQ 20
[    0.304187] pci 0000:00:1c.0: setting latency timer to 64
[    0.304201] pci 0000:00:1c.1: PCI INT B -> GSI 21 (level, low) -> IRQ 21
[    0.304294] pci 0000:00:1c.1: setting latency timer to 64
[    0.304307] pci 0000:00:1c.2: PCI INT C -> GSI 22 (level, low) -> IRQ 22
[    0.304412] pci 0000:00:1c.2: setting latency timer to 64
[    0.304426] pci 0000:00:1c.3: PCI INT D -> GSI 23 (level, low) -> IRQ 23
[    0.304510] pci 0000:00:1c.3: setting latency timer to 64
[    0.304524] pci 0000:00:1c.4: PCI INT A -> GSI 20 (level, low) -> IRQ 20
[    0.304611] pci 0000:00:1c.4: setting latency timer to 64
[    0.304620] pci 0000:00:1e.0: enabling device (0005 -> 0007)
[    0.304720] pci 0000:00:1e.0: setting latency timer to 64
[    0.304734] pci 0000:15:00.0: PCI INT A -> GSI 16 (level, low) -> IRQ 16
[    0.304830] pci 0000:15:00.0: setting latency timer to 64
[    0.304836] pci_bus 0000:00: resource 0 io:  [0x00-0xffff]
[    0.304838] pci_bus 0000:00: resource 1 mem: [0x000000-0xffffffff]
[    0.304840] pci_bus 0000:02: resource 0 io:  [0x2000-0x2fff]
[    0.304842] pci_bus 0000:02: resource 1 mem: [0xfc000000-0xfdffffff]
[    0.304843] pci_bus 0000:02: resource 2 pref mem [0xf8000000-0xf80fffff]
[    0.304845] pci_bus 0000:03: resource 0 io:  [0x3000-0x3fff]
[    0.304847] pci_bus 0000:03: resource 1 mem: [0xdc000000-0xdf3fffff]
[    0.304849] pci_bus 0000:03: resource 2 pref mem [0xdfe00000-0xdfefffff]
[    0.304851] pci_bus 0000:04: resource 0 io:  [0x4000-0x4fff]
[    0.304853] pci_bus 0000:04: resource 1 mem: [0xd8000000-0xd9ffffff]
[    0.304855] pci_bus 0000:04: resource 2 pref mem [0xdfb00000-0xdfbfffff]
[    0.304857] pci_bus 0000:05: resource 0 io:  [0x5000-0x5fff]
[    0.304859] pci_bus 0000:05: resource 1 mem: [0xd4000000-0xd5ffffff]
[    0.304860] pci_bus 0000:05: resource 2 pref mem [0xdf800000-0xdf8fffff]
[    0.304862] pci_bus 0000:0d: resource 0 io:  [0x6000-0x6fff]
[    0.304864] pci_bus 0000:0d: resource 1 mem: [0xd0000000-0xd1ffffff]
[    0.304866] pci_bus 0000:0d: resource 2 pref mem [0xdf500000-0xdf5fffff]
[    0.304868] pci_bus 0000:15: resource 0 io:  [0x7000-0xafff]
[    0.304870] pci_bus 0000:15: resource 1 mem: [0xf8300000-0xfbffffff]
[    0.304875] pci_bus 0000:15: resource 2 pref mem [0xf4000000-0xf7ffffff]
[    0.304876] pci_bus 0000:15: resource 3 io:  [0x00-0xffff]
[    0.304878] pci_bus 0000:15: resource 4 mem: [0x000000-0xffffffff]
[    0.304880] pci_bus 0000:16: resource 0 io:  [0x7000-0x70ff]
[    0.304882] pci_bus 0000:16: resource 1 io:  [0x7400-0x74ff]
[    0.304884] pci_bus 0000:16: resource 2 pref mem [0xf4000000-0xf7ffffff]
[    0.304886] pci_bus 0000:16: resource 3 mem: [0x40000000-0x43ffffff]
[    0.304893] NET: Registered protocol family 2
[    0.304978] RANDOM - __random32 called. Change num 7.  Value: 437d97bf	f373de51	f3b0f986
[    0.304980] RANDOM - random32 called.  Value: 437d97bf	f373de51	f3b0f986
[    0.304984] random 0000 0000 0000 5f8db4e5 4cfdf2a8: rand_read_num 3 get_random_bytes(4): sig fffffb64 5f8db4e5 4cfdf2a8
[    0.304987] random 0000 0000 0000 5f8db4e5 4cfdf2a8: extract_entropy(.. 4 ..)
[    0.304989] random 0000 0000 0000 5f8db4e5 4cfdf2a8: going to reseed nonblocking with 64 bits (32 of 0 requested)
[    0.304992] random 0000 0000 0000 5f8db4e5 4cfdf2a8: extract_entropy(.. 8 ..)
[    0.304994] random 0000 0000 0000 5f8db4e5 4cfdf2a8: trying to extract 64 bits from input
[    0.304996] random 0000 0000 0000 5f8db4e5 4cfdf2a8: debiting 0 entropy credits from input
[    0.304998] random 0000 0000 0000 5f8db4e5 4cfdf2a8: extract_entropy account returned: 0 
[    0.305001] random 0000 0000 0000 5f8db4e5 4cfdf2a8: urand_change_num 5 xfer_secondary_pool(4): pool_sig fffffb64, data_sig 00000000, bytes_mixed 0 5f8db4e5 4cfdf2a8
[    0.305004] random 0000 0000 0000 5f8db4e5 4cfdf2a8: trying to extract 32 bits from nonblocking
[    0.305006] random 0000 0000 0000 5f8db4e5 4cfdf2a8: debiting 32 entropy credits from nonblocking (unlimited)
[    0.305008] random 0000 0000 0000 5f8db4e5 4cfdf2a8: extract_entropy account returned: 4 
[    0.305013] random 0000 0000 0000 5f8db4e5 4cfdf2a8: urand_change_num 6 extract_buf: pool_sig fffffb64, data_sig 00000241, bytes_mixed 20 5f8db4e5 4cfdf2a8
[    0.305022] IP route cache hash table entries: 32768 (order: 5, 131072 bytes)
[    0.305145] RANDOM - __random32 called. Change num 8.  Value: d97bfe31	373de51f	f30dc6e6
[    0.305147] RANDOM - random32 called.  Value: d97bfe31	373de51f	f30dc6e6
[    0.305158] RANDOM - __random32 called. Change num 9.  Value: bfe314d7	73de51f5	8dcd6c7e
[    0.305160] RANDOM - random32 called.  Value: bfe314d7	73de51f5	8dcd6c7e
[    0.305161] RANDOM - __random32 called. Change num 10.  Value: 314d7baf	3de51f5e	d8fc74c1
[    0.305163] RANDOM - random32 called.  Value: 314d7baf	3de51f5e	d8fc74c1
[    0.305173] RANDOM - __random32 called. Change num 11.  Value: d7baf3c7	de51f5e5	e983e3fa
[    0.305175] RANDOM - random32 called.  Value: d7baf3c7	de51f5e5	e983e3fa
[    0.305185] TCP established hash table entries: 131072 (order: 8, 1048576 bytes)
[    0.305668] TCP bind hash table entries: 65536 (order: 6, 262144 bytes)
[    0.305845] TCP: Hash tables configured (established 131072 bind 65536)
[    0.305939] TCP reno registered
[    0.306040] NET: Registered protocol family 1
[    0.306148] RPC: Registered udp transport module.
[    0.306228] RPC: Registered tcp transport module.
[    0.306308] RPC: Registered tcp NFSv4.1 backchannel transport module.
[    0.306393] pci 0000:00:02.0: Boot video device
[    0.306605] Simple Boot Flag at 0x35 set to 0x1
[    0.307155] highmem bounce pool size: 64 pages
[    0.308649] VFS: Disk quotas dquot_6.5.2
[    0.308763] Dquot-cache hash table entries: 1024 (order 0, 4096 bytes)
[    0.309503] NTFS driver 2.1.29 [Flags: R/W].
[    0.309653] ROMFS MTD (C) 2007 Red Hat, Inc.
[    0.309862] JFS: nTxBlock = 7695, nTxLock = 61562
[    0.312288] SGI XFS with ACLs, security attributes, large block/inode numbers, no debug enabled
[    0.312760] SGI XFS Quota Management subsystem
[    0.313101] Slow work thread pool: Starting up
[    0.313193] Slow work thread pool: Ready
[    0.313277] GFS2 (built May 24 2013 02:47:17) installed
[    0.313364] msgmni has been set to 1734
[    0.313525] alg: No test for cipher_null (cipher_null-generic)
[    0.313616] alg: No test for ecb(cipher_null) (ecb-cipher_null)
[    0.313706] alg: No test for digest_null (digest_null-generic)
[    0.313796] alg: No test for compress_null (compress_null-generic)
[    0.314343] alg: No test for fcrypt (fcrypt-generic)
[    0.315754] alg: No test for stdrng (krng)
[    0.315835] async_tx: api initialized (async)
[    0.315995] Block layer SCSI generic (bsg) driver version 0.4 loaded (major 254)
[    0.316113] io scheduler noop registered
[    0.316201] io scheduler anticipatory registered
[    0.316286] io scheduler deadline registered
[    0.316409] io scheduler cfq registered (default)
[    0.316655] pcieport 0000:00:1c.0: irq 24 for MSI/MSI-X
[    0.316668] pcieport 0000:00:1c.0: setting latency timer to 64
[    0.316856] pcieport 0000:00:1c.1: irq 25 for MSI/MSI-X
[    0.316868] pcieport 0000:00:1c.1: setting latency timer to 64
[    0.317066] pcieport 0000:00:1c.2: irq 26 for MSI/MSI-X
[    0.317077] pcieport 0000:00:1c.2: setting latency timer to 64
[    0.317256] pcieport 0000:00:1c.3: irq 27 for MSI/MSI-X
[    0.317265] pcieport 0000:00:1c.3: setting latency timer to 64
[    0.317442] pcieport 0000:00:1c.4: irq 28 for MSI/MSI-X
[    0.317453] pcieport 0000:00:1c.4: setting latency timer to 64
[    0.317596] pci_hotplug: PCI Hot Plug PCI Core version: 0.5
[    0.317778] isapnp: Scanning for PnP cards...
[    0.678313] isapnp: No Plug & Play device found
[    0.678393] random 0000 0000 0000 5f8db4e5 4cfdf2a8: initializing
[    0.678395] RANDOM init_std_data for input now value: 1370010177678395444
[    0.678397] RANDOM init_std_data for blocking now value: 1370010177678397454
[    0.678398] RANDOM init_std_data for nonblocking now value: 1370010177678399174
[    0.697994] Serial: 8250/16550 driver, 4 ports, IRQ sharing enabled
[    3.709097] floppy0: no floppy controllers found
[    3.710045] brd: module loaded
[    3.710548] loop: module loaded
[    3.710636] Compaq SMART2 Driver (v 2.6.0)
[    3.710752] HP CISS Driver (v 3.6.20)
[    3.710989] input: Macintosh mouse button emulation as /devices/virtual/input/input0
[    3.711122] Uniform Multi-Platform E-IDE driver
[    3.711343] piix 0000:00:1f.1: IDE controller (0x8086:0x2850 rev 0x03)
[    3.711438] pci 0000:00:1f.1: PCI INT C -> GSI 16 (level, low) -> IRQ 16
[    3.711533] piix 0000:00:1f.1: IDE port disabled
[    3.711619] piix 0000:00:1f.1: not 100% native mode: will probe irqs later
[    3.711718]     ide0: BM-DMA at 0x1c00-0x1c07
[    3.711809] Probing IDE interface ide0...
[    4.383360] hda: HL-DT-ST DVDRAM GSA-U10N, ATAPI CD/DVD-ROM drive
[    4.690190] hda: host max PIO4 wanted PIO255(auto-tune) selected PIO4
[    4.690957] hda: UDMA/33 mode selected
[    4.691417] ide0 at 0x1f0-0x1f7,0x3f6 on irq 14
[    4.695300] ide-gd driver 1.18
[    4.695396] ide-cd driver 5.00
[    4.696775] random 0000 0000 0000 00000000 00000000: add_disk_randomness(0:0) 00000000 00000000
[    4.696779] random 0000 0000 0000 00000000 00000000: add_timer_randomness(.. 256) with jiffies: 17509879743581486712, cycles: -936864334422736887
[    4.696782] random 0000 0000 0000 00000000 00000000: added 11 entropy credits to input
[    4.696785] ide-cd: hda: ATAPI 24X DVD-ROM DVD-R/RAM CD-R/RW drive, 2048kB Cache
[    4.697190] Uniform CD-ROM driver Revision: 3.20
[    4.700076] random 0011 0000 0000 00000000 00000000: add_disk_randomness(0:0) 00000000 00000000
[    4.700079] random 0011 0000 0000 00000000 00000000: add_timer_randomness(.. 256) with jiffies: 17539585511222115963, cycles: -907158566782107639
[    4.700082] random 0011 0000 0000 00000000 00000000: added 1 entropy credits to input
[    4.700085] random 0012 0000 0000 00000000 00000000: add_disk_randomness(0:0) 00000000 00000000
[    4.700088] random 0012 0000 0000 00000000 00000000: add_timer_randomness(.. 256) with jiffies: 17539662223632989819, cycles: -907081854371233783
[    4.702075] random 0012 0000 0000 00000000 00000000: add_disk_randomness(0:0) 00000000 00000000
[    4.702078] random 0012 0000 0000 00000000 00000000: add_timer_randomness(.. 256) with jiffies: 17557563222120955517, cycles: -889180855883268087
[    4.702080] random 0012 0000 0000 00000000 00000000: added 1 entropy credits to input
[    4.702083] random 0013 0000 0000 00000000 00000000: add_disk_randomness(0:0) 00000000 00000000
[    4.702086] random 0013 0000 0000 00000000 00000000: add_timer_randomness(.. 256) with jiffies: 17557637812817985149, cycles: -889106265186238455
[    4.704073] random 0013 0000 0000 00000000 00000000: add_disk_randomness(0:0) 00000000 00000000
[    4.704076] random 0013 0000 0000 00000000 00000000: add_timer_randomness(.. 256) with jiffies: 17575540799875808895, cycles: -871203278128414711
[    4.704079] random 0013 0000 0000 00000000 00000000: added 1 entropy credits to input
[    4.704082] random 0014 0000 0000 00000000 00000000: add_disk_randomness(0:0) 00000000 00000000
[    4.704084] random 0014 0000 0000 00000000 00000000: add_timer_randomness(.. 256) with jiffies: 17575613810024873599, cycles: -871130267979350007
[    4.704361] Loading iSCSI transport class v2.0-870.
[    4.704641] rdac: device handler registered
[    4.704720] hp_sw: device handler registered
[    4.704807] emc: device handler registered
[    4.704885] alua: device handler registered
[    4.705866] Adaptec aacraid driver 1.1-5[2461]-ms
[    4.706282] scsi: <fdomain> Detection failed (no card)
[    4.706391] sym53c416.c: Version 1.0.0-ac
[    4.706492] qlogicfas: no cards were found, please specify I/O address and IRQ using iobase= and irq= options
[    4.706618] QLogic Fibre Channel HBA Driver: 8.03.01-k6
[    4.706822] iscsi: registered transport (qla4xxx)
[    4.706932] QLogic iSCSI HBA Driver
[    4.707011] Emulex LightPulse Fibre Channel SCSI driver 8.3.4
[    4.707091] Copyright(c) 2004-2009 Emulex.  All rights reserved.
[    4.729177] Failed initialization of WD-7000 SCSI card!
[    4.818950] DC390: clustering now enabled by default. If you get problems load
[    4.819061]        with "disable_clustering=1" and report to maintainers
[    4.819189] megaraid cmm: 2.20.2.7 (Release Date: Sun Jul 16 00:01:03 EST 2006)
[    4.819337] megaraid: 2.20.5.1 (Release Date: Thu Nov 16 15:32:35 EST 2006)
[    4.819440] megasas: 00.00.04.01 Thu July 24 11:41:51 PST 2008
[    4.819564] GDT-HA: Storage RAID Controller Driver. Version: 3.05
[    4.819704] 3ware Storage Controller device driver for Linux v1.26.02.002.
[    4.819813] 3ware 9000 Storage Controller device driver for Linux v2.26.02.012.
[    4.819952] nsp32: loading...
[    4.820049] ipr: IBM Power RAID SCSI Device Driver version: 2.4.3 (June 10, 2009)
[    4.820193] RocketRAID 3xxx/4xxx Controller driver v1.6 (090910)
[    4.820295] stex: Promise SuperTrak EX Driver version: 4.6.0000.3
[    4.820419] st: Version 20081215, fixed bufsize 32768, s/g segs 256
[    4.820602] ahci 0000:00:1f.2: version 3.0
[    4.820623] ahci 0000:00:1f.2: PCI INT B -> GSI 16 (level, low) -> IRQ 16
[    4.820747] ahci 0000:00:1f.2: irq 29 for MSI/MSI-X
[    4.820811] ahci 0000:00:1f.2: AHCI 0001.0100 32 slots 3 ports 1.5 Gbps 0x5 impl SATA mode
[    4.820931] ahci 0000:00:1f.2: flags: 64bit ncq sntf pm led clo pio slum part ccc 
[    4.821048] ahci 0000:00:1f.2: setting latency timer to 64
[    4.821205] scsi2 : ahci
[    4.821360] scsi3 : ahci
[    4.821491] scsi4 : ahci
[    4.821648] ata1: SATA max UDMA/133 abar m2048@0xfe226000 port 0xfe226100 irq 29
[    4.821764] ata2: DUMMY
[    4.821842] ata3: SATA max UDMA/133 abar m2048@0xfe226000 port 0xfe226200 irq 29
[    4.822444] I2O subsystem v1.325
[    4.822528] i2o: max drivers = 8
[    4.822667] I2O Configuration OSM v1.323
[    4.822761] I2O Bus Adapter OSM v1.317
[    4.822856] I2O Block Device OSM v1.325
[    4.822998] I2O SCSI Peripheral OSM v1.316
[    4.823092] I2O ProcFS OSM v1.316
[    4.823241] Fusion MPT base driver 3.04.12
[    4.823322] Copyright (c) 1999-2008 LSI Corporation
[    4.823409] Fusion MPT SPI Host driver 3.04.12
[    4.823514] Fusion MPT FC Host driver 3.04.12
[    4.823626] Fusion MPT SAS Host driver 3.04.12
[    4.823771] ohci1394 0000:15:00.1: PCI INT B -> GSI 17 (level, low) -> IRQ 17
[    4.823869] ohci1394 0000:15:00.1: setting latency timer to 64
[    4.877211] ohci1394: fw-host0: OHCI-1394 1.1 (PCI): IRQ=[17]  MMIO=[f8301000-f83017ff]  Max Packet=[2048]  IR/IT contexts=[4/4]
[    4.880478] ehci_hcd: USB 2.0 'Enhanced' Host Controller (EHCI) Driver
[    4.880744] ehci_hcd 0000:00:1a.7: power state changed by ACPI to D0
[    4.881046] ehci_hcd 0000:00:1a.7: power state changed by ACPI to D0
[    4.881139] ehci_hcd 0000:00:1a.7: PCI INT C -> GSI 22 (level, low) -> IRQ 22
[    4.881242] ehci_hcd 0000:00:1a.7: setting latency timer to 64
[    4.881246] ehci_hcd 0000:00:1a.7: EHCI Host Controller
[    4.881378] ehci_hcd 0000:00:1a.7: new USB bus registered, assigned bus number 1
[    4.885418] ehci_hcd 0000:00:1a.7: cache line size of 32 is not supported
[    4.885426] ehci_hcd 0000:00:1a.7: irq 22, io mem 0xfe226c00
[    4.895173] ehci_hcd 0000:00:1a.7: USB 2.0 started, EHCI 1.00
[    4.895268] usb usb1: New USB device found, idVendor=1d6b, idProduct=0002
[    4.895350] usb usb1: New USB device strings: Mfr=3, Product=2, SerialNumber=1
[    4.895464] usb usb1: Product: EHCI Host Controller
[    4.895543] usb usb1: Manufacturer: Linux 2.6.32.57 ehci_hcd
[    4.895630] usb usb1: SerialNumber: 0000:00:1a.7
[    4.895777] usb usb1: configuration #1 chosen from 1 choice
[    4.895891] hub 1-0:1.0: USB hub found
[    4.895973] hub 1-0:1.0: 4 ports detected
[    4.896277] ehci_hcd 0000:00:1d.7: power state changed by ACPI to D0
[    4.896553] ehci_hcd 0000:00:1d.7: power state changed by ACPI to D0
[    4.896655] ehci_hcd 0000:00:1d.7: PCI INT D -> GSI 19 (level, low) -> IRQ 19
[    4.896756] ehci_hcd 0000:00:1d.7: setting latency timer to 64
[    4.896761] ehci_hcd 0000:00:1d.7: EHCI Host Controller
[    4.896888] ehci_hcd 0000:00:1d.7: new USB bus registered, assigned bus number 2
[    4.897036] ehci_hcd 0000:00:1d.7: debug port 1
[    4.901011] ehci_hcd 0000:00:1d.7: cache line size of 32 is not supported
[    4.901018] ehci_hcd 0000:00:1d.7: irq 19, io mem 0xfe227000
[    4.911174] ehci_hcd 0000:00:1d.7: USB 2.0 started, EHCI 1.00
[    4.911263] usb usb2: New USB device found, idVendor=1d6b, idProduct=0002
[    4.911352] usb usb2: New USB device strings: Mfr=3, Product=2, SerialNumber=1
[    4.911476] usb usb2: Product: EHCI Host Controller
[    4.911554] usb usb2: Manufacturer: Linux 2.6.32.57 ehci_hcd
[    4.911634] usb usb2: SerialNumber: 0000:00:1d.7
[    4.911776] usb usb2: configuration #1 chosen from 1 choice
[    4.911894] hub 2-0:1.0: USB hub found
[    4.911976] hub 2-0:1.0: 6 ports detected
[    4.912147] 116x: driver isp116x-hcd, 03 Nov 2005
[    4.912249] ohci_hcd: USB 1.1 'Open' Host Controller (OHCI) Driver
[    4.912353] uhci_hcd: USB Universal Host Controller Interface driver
[    4.912458] uhci_hcd 0000:00:1a.0: PCI INT A -> GSI 20 (level, low) -> IRQ 20
[    4.912552] uhci_hcd 0000:00:1a.0: setting latency timer to 64
[    4.912557] uhci_hcd 0000:00:1a.0: UHCI Host Controller
[    4.912683] uhci_hcd 0000:00:1a.0: new USB bus registered, assigned bus number 3
[    4.912825] uhci_hcd 0000:00:1a.0: irq 20, io base 0x00001860
[    4.912942] usb usb3: New USB device found, idVendor=1d6b, idProduct=0001
[    4.913029] usb usb3: New USB device strings: Mfr=3, Product=2, SerialNumber=1
[    4.913146] usb usb3: Product: UHCI Host Controller
[    4.913239] usb usb3: Manufacturer: Linux 2.6.32.57 uhci_hcd
[    4.913320] usb usb3: SerialNumber: 0000:00:1a.0
[    4.913455] usb usb3: configuration #1 chosen from 1 choice
[    4.913563] hub 3-0:1.0: USB hub found
[    4.913658] hub 3-0:1.0: 2 ports detected
[    4.913964] uhci_hcd 0000:00:1a.1: power state changed by ACPI to D0
[    4.914206] uhci_hcd 0000:00:1a.1: power state changed by ACPI to D0
[    4.914301] uhci_hcd 0000:00:1a.1: PCI INT B -> GSI 21 (level, low) -> IRQ 21
[    4.914400] uhci_hcd 0000:00:1a.1: setting latency timer to 64
[    4.914403] uhci_hcd 0000:00:1a.1: UHCI Host Controller
[    4.914519] uhci_hcd 0000:00:1a.1: new USB bus registered, assigned bus number 4
[    4.914670] uhci_hcd 0000:00:1a.1: irq 21, io base 0x00001880
[    4.914775] usb usb4: New USB device found, idVendor=1d6b, idProduct=0001
[    4.914857] usb usb4: New USB device strings: Mfr=3, Product=2, SerialNumber=1
[    4.914969] usb usb4: Product: UHCI Host Controller
[    4.915048] usb usb4: Manufacturer: Linux 2.6.32.57 uhci_hcd
[    4.915133] usb usb4: SerialNumber: 0000:00:1a.1
[    4.915271] usb usb4: configuration #1 chosen from 1 choice
[    4.915379] hub 4-0:1.0: USB hub found
[    4.915473] hub 4-0:1.0: 2 ports detected
[    4.915770] uhci_hcd 0000:00:1d.0: power state changed by ACPI to D0
[    4.916070] uhci_hcd 0000:00:1d.0: power state changed by ACPI to D0
[    4.916175] uhci_hcd 0000:00:1d.0: PCI INT A -> GSI 16 (level, low) -> IRQ 16
[    4.916269] uhci_hcd 0000:00:1d.0: setting latency timer to 64
[    4.916274] uhci_hcd 0000:00:1d.0: UHCI Host Controller
[    4.916397] uhci_hcd 0000:00:1d.0: new USB bus registered, assigned bus number 5
[    4.916546] uhci_hcd 0000:00:1d.0: irq 16, io base 0x000018a0
[    4.916652] usb usb5: New USB device found, idVendor=1d6b, idProduct=0001
[    4.916734] usb usb5: New USB device strings: Mfr=3, Product=2, SerialNumber=1
[    4.916846] usb usb5: Product: UHCI Host Controller
[    4.916931] usb usb5: Manufacturer: Linux 2.6.32.57 uhci_hcd
[    4.917029] usb usb5: SerialNumber: 0000:00:1d.0
[    4.917158] usb usb5: configuration #1 chosen from 1 choice
[    4.917277] hub 5-0:1.0: USB hub found
[    4.917365] hub 5-0:1.0: 2 ports detected
[    4.917499] uhci_hcd 0000:00:1d.1: PCI INT B -> GSI 17 (level, low) -> IRQ 17
[    4.917607] uhci_hcd 0000:00:1d.1: setting latency timer to 64
[    4.917612] uhci_hcd 0000:00:1d.1: UHCI Host Controller
[    4.917732] uhci_hcd 0000:00:1d.1: new USB bus registered, assigned bus number 6
[    4.917872] uhci_hcd 0000:00:1d.1: irq 17, io base 0x000018c0
[    4.917982] usb usb6: New USB device found, idVendor=1d6b, idProduct=0001
[    4.918066] usb usb6: New USB device strings: Mfr=3, Product=2, SerialNumber=1
[    4.918184] usb usb6: Product: UHCI Host Controller
[    4.918267] usb usb6: Manufacturer: Linux 2.6.32.57 uhci_hcd
[    4.918357] usb usb6: SerialNumber: 0000:00:1d.1
[    4.918490] usb usb6: configuration #1 chosen from 1 choice
[    4.918598] hub 6-0:1.0: USB hub found
[    4.918682] hub 6-0:1.0: 2 ports detected
[    4.918967] uhci_hcd 0000:00:1d.2: power state changed by ACPI to D0
[    4.919209] uhci_hcd 0000:00:1d.2: power state changed by ACPI to D0
[    4.919305] uhci_hcd 0000:00:1d.2: PCI INT C -> GSI 18 (level, low) -> IRQ 18
[    4.919401] uhci_hcd 0000:00:1d.2: setting latency timer to 64
[    4.919403] uhci_hcd 0000:00:1d.2: UHCI Host Controller
[    4.919524] uhci_hcd 0000:00:1d.2: new USB bus registered, assigned bus number 7
[    4.919674] uhci_hcd 0000:00:1d.2: irq 18, io base 0x000018e0
[    4.919789] usb usb7: New USB device found, idVendor=1d6b, idProduct=0001
[    4.919875] usb usb7: New USB device strings: Mfr=3, Product=2, SerialNumber=1
[    4.919998] usb usb7: Product: UHCI Host Controller
[    4.920077] usb usb7: Manufacturer: Linux 2.6.32.57 uhci_hcd
[    4.920162] usb usb7: SerialNumber: 0000:00:1d.2
[    4.920953] usb usb7: configuration #1 chosen from 1 choice
[    4.921061] hub 7-0:1.0: USB hub found
[    4.921143] hub 7-0:1.0: 2 ports detected
[    4.921302] sl811: driver sl811-hcd, 19 May 2005
[    4.921414] r8a66597_hcd: driver r8a66597_hcd, 2009-05-26
[    4.921576] Initializing USB Mass Storage driver...
[    4.921692] usbcore: registered new interface driver usb-storage
[    4.921778] USB Mass Storage support registered.
[    4.921874] usbcore: registered new interface driver ums-alauda
[    4.921974] usbcore: registered new interface driver ums-cypress
[    4.922074] usbcore: registered new interface driver ums-datafab
[    4.922183] usbcore: registered new interface driver ums-freecom
[    4.922285] usbcore: registered new interface driver ums-isd200
[    4.922386] usbcore: registered new interface driver ums-jumpshot
[    4.922502] usbcore: registered new interface driver ums-karma
[    4.922600] usbcore: registered new interface driver ums-onetouch
[    4.922712] usbcore: registered new interface driver ums-sddr09
[    4.922817] usbcore: registered new interface driver ums-sddr55
[    4.922919] usbcore: registered new interface driver ums-usbat
[    4.923065] PNP: PS/2 Controller [PNP0303:KBD,PNP0f13:MOU] at 0x60,0x64 irq 1,12
[    4.931619] serio: i8042 KBD port at 0x60,0x64 irq 1
[    4.931711] serio: i8042 AUX port at 0x60,0x64 irq 12
[    4.931944] mice: PS/2 mouse device common for all mice
[    4.932048] i2c /dev entries driver
[    4.932181] md: linear personality registered for level -1
[    4.932265] md: raid0 personality registered for level 0
[    4.932347] md: raid1 personality registered for level 1
[    4.932430] md: raid10 personality registered for level 10
[    4.932517] md: raid6 personality registered for level 6
[    4.932598] md: raid5 personality registered for level 5
[    4.932683] md: raid4 personality registered for level 4
[    4.932783] md: multipath personality registered for level -4
[    4.932965] device-mapper: ioctl: 4.15.0-ioctl (2009-04-01) initialised: dm-devel@redhat.com
[    4.933160] cpuidle: using governor ladder
[    4.933769] usbcore: registered new interface driver usbhid
[    4.933855] usbhid: v2.6:USB HID core driver
[    4.933987] random 0014 0000 0000 00000000 00000000: rand_read_num 4 get_random_bytes(136): sig 00000000 00000000 00000000
[    4.933990] random 0014 0000 0000 00000000 00000000: extract_entropy(.. 136 ..)
[    4.933992] random 0014 0000 0000 00000000 00000000: going to reseed nonblocking with 1024 bits (1088 of 0 requested)
[    4.933994] random 0014 0000 0000 00000000 00000000: extract_entropy(.. 128 ..)
[    4.933997] random 0014 0000 0000 00000000 00000000: trying to extract 1024 bits from input
[    4.933999] random 0014 0000 0000 00000000 00000000: debiting 0 entropy credits from input
[    4.934001] random 0014 0000 0000 00000000 00000000: extract_entropy account returned: 0 
[    4.934004] random 0014 0000 0000 00000000 00000000: urand_change_num 7 xfer_secondary_pool(136): pool_sig 00000000, data_sig 00000000, bytes_mixed 0 00000000 00000000
[    4.934007] random 0014 0000 0000 00000000 00000000: trying to extract 1088 bits from nonblocking
[    4.934009] random 0014 0000 0000 00000000 00000000: debiting 1088 entropy credits from nonblocking (unlimited)
[    4.934011] random 0014 0000 0000 00000000 00000000: extract_entropy account returned: 136 
[    4.934016] random 0014 0000 0000 00000000 00000000: urand_change_num 8 extract_buf: pool_sig 00000000, data_sig fffffff9, bytes_mixed 20 00000000 00000000
[    4.934021] random 0014 0000 0000 b7c35b56 be4dc95d: urand_change_num 9 extract_buf: pool_sig fffffd1e, data_sig 000000c5, bytes_mixed 20 b7c35b56 be4dc95d
[    4.934027] random 0014 0000 0000 ed9f5c47 c48487fb: urand_change_num 10 extract_buf: pool_sig fffff8ec, data_sig ffffff68, bytes_mixed 20 ed9f5c47 c48487fb
[    4.934032] random 0014 0000 0000 ed9f5c47 c48487fb: urand_change_num 11 extract_buf: pool_sig fffffaed, data_sig 000001aa, bytes_mixed 20 ed9f5c47 c48487fb
[    4.934037] random 0014 0000 0000 1b4f7c0a 91bd6a48: urand_change_num 12 extract_buf: pool_sig fffffdd8, data_sig 00000064, bytes_mixed 20 1b4f7c0a 91bd6a48
[    4.934043] random 0014 0000 0000 a254b9bc 20e9a24f: urand_change_num 13 extract_buf: pool_sig fffffbe6, data_sig 000001dd, bytes_mixed 20 a254b9bc 20e9a24f
[    4.934048] random 0014 0000 0000 a254b9bc 20e9a24f: urand_change_num 14 extract_buf: pool_sig fffff940, data_sig fffffe20, bytes_mixed 20 a254b9bc 20e9a24f
[    4.934053] random 0014 0000 0000 2831a66b 5fa2a3ad: urand_change_num 15 extract_buf: pool_sig fffffbce, data_sig 0000007e, bytes_mixed 20 2831a66b 5fa2a3ad
[    4.934058] random 0014 0000 0000 2831a66b 5fa2a3ad: urand_change_num 16 extract_buf: pool_sig 000004df, data_sig fffffe8f, bytes_mixed 20 2831a66b 5fa2a3ad
[    4.934064] random 0014 0000 0000 d4512bfd c9a54e0b: urand_change_num 17 extract_buf: pool_sig 00000485, data_sig fffffe68, bytes_mixed 20 d4512bfd c9a54e0b
[    4.934069] random 0014 0000 0000 c7371be6 f9ffea11: urand_change_num 18 extract_buf: pool_sig 00000095, data_sig ffffffed, bytes_mixed 20 c7371be6 f9ffea11
[    4.934074] random 0014 0000 0000 c7371be6 f9ffea11: urand_change_num 19 extract_buf: pool_sig 000003a7, data_sig fffffefa, bytes_mixed 20 c7371be6 f9ffea11
[    4.934079] random 0014 0000 0000 8fb4b62c d1ddba54: urand_change_num 20 extract_buf: pool_sig 00000179, data_sig ffffff78, bytes_mixed 20 8fb4b62c d1ddba54
[    4.934085] random 0014 0000 0000 9ff19f9c c07a1d2a: urand_change_num 21 extract_buf: pool_sig fffffe88, data_sig 00000126, bytes_mixed 20 9ff19f9c c07a1d2a
[    4.934089] TCP cubic registered
[    4.934176] Initializing XFRM netlink socket
[    4.934265] NET: Registered protocol family 17
[    4.934369] Using IPI Shortcut mode
[    4.934454] random 0014 0000 0000 9ff19f9c c07a1d2a: rand_read_num 5 get_random_bytes(8): sig 0000031b 9ff19f9c c07a1d2a
[    4.934457] random 0014 0000 0000 9ff19f9c c07a1d2a: extract_entropy(.. 8 ..)
[    4.934459] random 0014 0000 0000 9ff19f9c c07a1d2a: going to reseed nonblocking with 64 bits (64 of 0 requested)
[    4.934461] random 0014 0000 0000 9ff19f9c c07a1d2a: extract_entropy(.. 8 ..)
[    4.934463] random 0014 0000 0000 9ff19f9c c07a1d2a: trying to extract 64 bits from input
[    4.934465] random 0014 0000 0000 9ff19f9c c07a1d2a: debiting 0 entropy credits from input
[    4.934467] random 0014 0000 0000 9ff19f9c c07a1d2a: extract_entropy account returned: 0 
[    4.934471] random 0014 0000 0000 9ff19f9c c07a1d2a: urand_change_num 22 xfer_secondary_pool(8): pool_sig 0000031b, data_sig 00000000, bytes_mixed 0 9ff19f9c c07a1d2a
[    4.934474] random 0014 0000 0000 9ff19f9c c07a1d2a: trying to extract 64 bits from nonblocking
[    4.934476] random 0014 0000 0000 9ff19f9c c07a1d2a: debiting 64 entropy credits from nonblocking (unlimited)
[    4.934478] random 0014 0000 0000 9ff19f9c c07a1d2a: extract_entropy account returned: 8 
[    4.934482] random 0014 0000 0000 9ff19f9c c07a1d2a: urand_change_num 23 extract_buf: pool_sig 0000031b, data_sig ffffffb3, bytes_mixed 20 9ff19f9c c07a1d2a
[    4.937437] input: AT Translated Set 2 keyboard as /devices/platform/i8042/serio0/input/input1
[    5.127199] ata3: SATA link down (SStatus 0 SControl 300)
[    5.127305] ata1: SATA link up 1.5 Gbps (SStatus 113 SControl 300)
[    5.129192] ata1.00: ACPI cmd ef/02:00:00:00:00:a0 (SET FEATURES) succeeded
[    5.129195] ata1.00: ACPI cmd f5/00:00:00:00:00:a0 (SECURITY FREEZE LOCK) filtered out
[    5.130582] ata1.00: ACPI cmd ef/5f:00:00:00:00:a0 (SET FEATURES) succeeded
[    5.130584] ata1.00: ACPI cmd ef/10:03:00:00:00:a0 (SET FEATURES) filtered out
[    5.132495] ata1.00: ATA-7: ST910021AS, 4.06, max UDMA/100
[    5.132576] ata1.00: 195371568 sectors, multi 16: LBA48 
[    5.134731] ata1.00: ACPI cmd ef/02:00:00:00:00:a0 (SET FEATURES) succeeded
[    5.134734] ata1.00: ACPI cmd f5/00:00:00:00:00:a0 (SECURITY FREEZE LOCK) filtered out
[    5.136126] ata1.00: ACPI cmd ef/5f:00:00:00:00:a0 (SET FEATURES) succeeded
[    5.136128] ata1.00: ACPI cmd ef/10:03:00:00:00:a0 (SET FEATURES) filtered out
[    5.138052] ata1.00: configured for UDMA/100
[    5.148254] scsi 2:0:0:0: Direct-Access     ATA      ST910021AS       4.06 PQ: 0 ANSI: 5
[    5.148527] sd 2:0:0:0: [sda] 195371568 512-byte logical blocks: (100 GB/93.1 GiB)
[    5.148663] sd 2:0:0:0: [sda] Write Protect is off
[    5.148754] sd 2:0:0:0: [sda] Mode Sense: 00 3a 00 00
[    5.148767] sd 2:0:0:0: [sda] Write cache: enabled, read cache: enabled, doesn't support DPO or FUA
[    5.148957]  sda:
[    5.581273] random 0014 0000 0000 277f73c3 42024bb9: add_disk_randomness(8:0) 277f73c3 42024bb9
[    5.581355] random 0014 0000 0000 277f73c3 42024bb9: add_timer_randomness(.. 8388864) with jiffies: 7020574097754784149, cycles: 7020574093460111370
[    5.581358] random 0014 0000 0000 277f73c3 42024bb9: added 11 entropy credits to input
[    5.581363]  sda1 sda2
[    5.581846] random 0025 0000 0000 277f73c3 42024bb9: add_disk_randomness(8:0) 277f73c3 42024bb9
[    5.581849] random 0025 0000 0000 277f73c3 42024bb9: add_timer_randomness(.. 8388864) with jiffies: 7025028116279689621, cycles: 7025028111985016842
[    5.582001] sd 2:0:0:0: [sda] Attached SCSI disk
[    5.582090] random 0025 0000 0000 277f73c3 42024bb9: rand_read_num 6 get_random_bytes(12): sig 000007e9 277f73c3 42024bb9
[    5.582093] random 0025 0000 0000 277f73c3 42024bb9: extract_entropy(.. 12 ..)
[    5.582095] random 0025 0000 0000 277f73c3 42024bb9: going to reseed nonblocking with 96 bits (96 of 0 requested)
[    5.582098] random 0025 0000 0000 277f73c3 42024bb9: extract_entropy(.. 12 ..)
[    5.582100] random 0025 0000 0000 277f73c3 42024bb9: trying to extract 96 bits from input
[    5.582102] random 0025 0000 0000 277f73c3 42024bb9: debiting 0 entropy credits from input
[    5.582104] random 0025 0000 0000 277f73c3 42024bb9: extract_entropy account returned: 0 
[    5.582107] random 0025 0000 0000 277f73c3 42024bb9: urand_change_num 24 xfer_secondary_pool(12): pool_sig 000007e9, data_sig 00000000, bytes_mixed 0 277f73c3 42024bb9
[    5.582110] random 0025 0000 0000 277f73c3 42024bb9: trying to extract 96 bits from nonblocking
[    5.582113] random 0025 0000 0000 277f73c3 42024bb9: debiting 96 entropy credits from nonblocking (unlimited)
[    5.582115] random 0025 0000 0000 277f73c3 42024bb9: extract_entropy account returned: 12 
[    5.582119] random 0025 0000 0000 277f73c3 42024bb9: urand_change_num 25 extract_buf: pool_sig 000007e9, data_sig 00000088, bytes_mixed 20 277f73c3 42024bb9
[    5.582124] random 0025 0000 0000 277f73c3 42024bb9: urand_change_num 26 extract_buf: pool_sig 00000498, data_sig fffffefb, bytes_mixed 20 277f73c3 42024bb9
[    5.582127] RANDOM - __seed init called.
[    5.582128] RANDOM - __seed init called.
[    5.582129] RANDOM - __seed init called.
[    5.582131] RANDOM - __random32 called. Change num 12.  Value: 87f14767	f0d7351	b1e48bd3
[    5.582133] RANDOM - random32_reseed called.  Value: 87f14767	f0d7351	b1e48bd3
[    5.582135] Pid: 1, comm: swapper Not tainted 2.6.32.57 #6
[    5.582226] Call Trace:
[    5.582317]  [<c1923ca4>] ? random32_reseed+0xa0/0xb1
[    5.582408]  [<c1923c04>] ? random32_reseed+0x0/0xb1
[    5.582494]  [<c100111e>] ? do_one_initcall+0x2e/0x180
[    5.582575]  [<c1907265>] ? kernel_init+0xad/0x103
[    5.582662]  [<c19071b8>] ? kernel_init+0x0/0x103
[    5.582748]  [<c1003787>] ? kernel_thread_helper+0x7/0x10
[    5.583264] random 0025 0000 0000 386b4e60 ee4d4880: rand_read_num 7 get_random_bytes(64): sig fffffea5 386b4e60 ee4d4880
[    5.583266] random 0025 0000 0000 386b4e60 ee4d4880: extract_entropy(.. 64 ..)
[    5.583268] random 0025 0000 0000 386b4e60 ee4d4880: going to reseed nonblocking with 512 bits (512 of 0 requested)
[    5.583271] random 0025 0000 0000 386b4e60 ee4d4880: extract_entropy(.. 64 ..)
[    5.583273] random 0025 0000 0000 386b4e60 ee4d4880: trying to extract 512 bits from input
[    5.583275] random 0025 0000 0000 386b4e60 ee4d4880: debiting 0 entropy credits from input
[    5.583277] random 0025 0000 0000 386b4e60 ee4d4880: extract_entropy account returned: 0 
[    5.583280] random 0025 0000 0000 386b4e60 ee4d4880: urand_change_num 27 xfer_secondary_pool(64): pool_sig fffffea5, data_sig 00000000, bytes_mixed 0 386b4e60 ee4d4880
[    5.583283] random 0025 0000 0000 386b4e60 ee4d4880: trying to extract 512 bits from nonblocking
[    5.583285] random 0025 0000 0000 386b4e60 ee4d4880: debiting 512 entropy credits from nonblocking (unlimited)
[    5.583287] random 0025 0000 0000 386b4e60 ee4d4880: extract_entropy account returned: 64 
[    5.583292] random 0025 0000 0000 386b4e60 ee4d4880: urand_change_num 28 extract_buf: pool_sig fffffea5, data_sig 00000173, bytes_mixed 20 386b4e60 ee4d4880
[    5.583297] random 0025 0000 0000 412698f6 0cc8689a: urand_change_num 29 extract_buf: pool_sig 00000122, data_sig ffffff63, bytes_mixed 20 412698f6 0cc8689a
[    5.583303] random 0025 0000 0000 412698f6 0cc8689a: urand_change_num 30 extract_buf: pool_sig 000001f7, data_sig 00000012, bytes_mixed 20 412698f6 0cc8689a
[    5.583308] random 0025 0000 0000 9669941e 06f768b1: urand_change_num 31 extract_buf: pool_sig fffffb5b, data_sig 0000003f, bytes_mixed 20 9669941e 06f768b1
[    5.583313] random 0025 0000 0000 98486520 995551f0: urand_change_num 32 extract_buf: pool_sig fffffb39, data_sig 0000000e, bytes_mixed 20 98486520 995551f0
[    5.583318] random 0025 0000 0000 98486520 995551f0: urand_change_num 33 extract_buf: pool_sig fffffd8d, data_sig 000001a6, bytes_mixed 20 98486520 995551f0
[    5.583323] random 0025 0000 0000 61fc8914 d5882ed2: urand_change_num 34 extract_buf: pool_sig fffffa58, data_sig 0000023e, bytes_mixed 20 61fc8914 d5882ed2
[    5.583354] random 0025 0000 0000 61fc8914 d5882ed2: rand_read_num 8 get_random_bytes(64): sig fffff9ee 61fc8914 d5882ed2
[    5.583356] random 0025 0000 0000 61fc8914 d5882ed2: extract_entropy(.. 64 ..)
[    5.583359] random 0025 0000 0000 61fc8914 d5882ed2: going to reseed nonblocking with 512 bits (512 of 0 requested)
[    5.583361] random 0025 0000 0000 61fc8914 d5882ed2: extract_entropy(.. 64 ..)
[    5.583363] random 0025 0000 0000 61fc8914 d5882ed2: trying to extract 512 bits from input
[    5.583366] random 0025 0000 0000 61fc8914 d5882ed2: debiting 0 entropy credits from input
[    5.583368] random 0025 0000 0000 61fc8914 d5882ed2: extract_entropy account returned: 0 
[    5.583371] random 0025 0000 0000 61fc8914 d5882ed2: urand_change_num 35 xfer_secondary_pool(64): pool_sig fffff9ee, data_sig 00000000, bytes_mixed 0 61fc8914 d5882ed2
[    5.583374] random 0025 0000 0000 61fc8914 d5882ed2: trying to extract 512 bits from nonblocking
[    5.583376] random 0025 0000 0000 61fc8914 d5882ed2: debiting 512 entropy credits from nonblocking (unlimited)
[    5.583378] random 0025 0000 0000 61fc8914 d5882ed2: extract_entropy account returned: 64 
[    5.583382] random 0025 0000 0000 61fc8914 d5882ed2: urand_change_num 36 extract_buf: pool_sig fffff9ee, data_sig ffffff85, bytes_mixed 20 61fc8914 d5882ed2
[    5.583388] random 0025 0000 0000 70cfd302 e5edec11: urand_change_num 37 extract_buf: pool_sig fffffdc1, data_sig ffffffde, bytes_mixed 20 70cfd302 e5edec11
[    5.583393] random 0025 0000 0000 00dab838 eafd2b30: urand_change_num 38 extract_buf: pool_sig 000003da, data_sig ffffff61, bytes_mixed 20 00dab838 eafd2b30
[    5.583398] random 0025 0000 0000 00dab838 eafd2b30: urand_change_num 39 extract_buf: pool_sig 00000314, data_sig 00000121, bytes_mixed 20 00dab838 eafd2b30
[    5.583404] random 0025 0000 0000 5fcdf66a 6442b608: urand_change_num 40 extract_buf: pool_sig 0000028b, data_sig fffffefd, bytes_mixed 20 5fcdf66a 6442b608
[    5.583409] random 0025 0000 0000 61333f6b 8fae0f9b: urand_change_num 41 extract_buf: pool_sig 000000cb, data_sig 000000b3, bytes_mixed 20 61333f6b 8fae0f9b
[    5.583414] random 0025 0000 0000 61333f6b 8fae0f9b: urand_change_num 42 extract_buf: pool_sig fffffef8, data_sig 00000051, bytes_mixed 20 61333f6b 8fae0f9b
[    5.583417] BEGIN NET_SECRET:
[    5.583418] \xffffffe0
[    5.583419] \xffffffb6
[    5.583420] \x36
[    5.583420] \xffffffb5
[    5.583421] \xffffff94
[    5.583422] \xffffffb2
[    5.583423] \xffffffa8
[    5.583424] \xffffffda
[    5.583425] \x5b
[    5.583425] \x19
[    5.583426] \x18
[    5.583427] \x5c
[    5.583427] \x2b
[    5.583428] \x1
[    5.583429] \xffffff90
[    5.583430] \x19
[    5.583431] \x3c
[    5.583431] \xfffffff2
[    5.583432] \xffffff82
[    5.583433] \x2a
[    5.583434] \xffffffb3
[    5.583435] \xffffffa2
[    5.583435] \x3f
[    5.583436] \x5
[    5.583437] \x52
[    5.583438] \x77
[    5.583438] \x57
[    5.583439] \x79
[    5.583440] \x16
[    5.583440] \x43
[    5.583441] \xffffff84
[    5.583442] \xffffffc3
[    5.583443] \xffffffe9
[    5.583444] \x79
[    5.583444] \x50
[    5.583445] \xffffff8e
[    5.583446] \x3f
[    5.583447] \xfffffff3
[    5.583447] \x19
[    5.583448] \x2a
[    5.583449] \xfffffffd
[    5.583450] \xfffffffb
[    5.583450] \x62
[    5.583451] \x3c
[    5.583452] \xffffffac
[    5.583453] \x1c
[    5.583453] \x3b
[    5.583454] \x3b
[    5.583455] \x15
[    5.583456] \x27
[    5.583456] \xffffffa8
[    5.583457] \x22
[    5.583458] \xffffffc5
[    5.583459] \xffffff9a
[    5.583460] \x5
[    5.583460] \x6c
[    5.583461] \xffffffa8
[    5.583462] \x3a
[    5.583463] \x44
[    5.583463] \xffffffaf
[    5.583464] \x13
[    5.583465] \xffffffe0
[    5.583466] \xffffff9d
[    5.583467] \x22
[    5.583467] 
[    5.583468] END NET_SECRET
[    5.583470] random 0025 0000 0000 e7f555d9 e8ce5c3c: rand_read_num 9 get_random_bytes(4): sig 0000068c e7f555d9 e8ce5c3c
[    5.583473] random 0025 0000 0000 e7f555d9 e8ce5c3c: extract_entropy(.. 4 ..)
[    5.583475] random 0025 0000 0000 e7f555d9 e8ce5c3c: going to reseed nonblocking with 64 bits (32 of 0 requested)
[    5.583477] random 0025 0000 0000 e7f555d9 e8ce5c3c: extract_entropy(.. 8 ..)
[    5.583479] random 0025 0000 0000 e7f555d9 e8ce5c3c: trying to extract 64 bits from input
[    5.583482] random 0025 0000 0000 e7f555d9 e8ce5c3c: debiting 0 entropy credits from input
[    5.583484] random 0025 0000 0000 e7f555d9 e8ce5c3c: extract_entropy account returned: 0 
[    5.583487] random 0025 0000 0000 e7f555d9 e8ce5c3c: urand_change_num 43 xfer_secondary_pool(4): pool_sig 0000068c, data_sig 00000000, bytes_mixed 0 e7f555d9 e8ce5c3c
[    5.583490] random 0025 0000 0000 e7f555d9 e8ce5c3c: trying to extract 32 bits from nonblocking
[    5.583492] random 0025 0000 0000 e7f555d9 e8ce5c3c: debiting 32 entropy credits from nonblocking (unlimited)
[    5.583494] random 0025 0000 0000 e7f555d9 e8ce5c3c: extract_entropy account returned: 4 
[    5.583498] random 0025 0000 0000 e7f555d9 e8ce5c3c: urand_change_num 44 extract_buf: pool_sig 0000068c, data_sig fffffdcb, bytes_mixed 20 e7f555d9 e8ce5c3c
[    5.583509] md: Waiting for all devices to be available before autodetect
[    5.583591] md: If you don't use raid, use raid=noautodetect
[    5.583746] md: Autodetecting RAID arrays.
[    5.583824] md: Scanned 0 and added 0 devices.
[    5.583904] md: autorun ...
[    5.583980] md: ... autorun DONE.
[    5.597484] random 0025 0000 0000 e7f555d9 e8ce5c3c: add_disk_randomness(8:0) e7f555d9 e8ce5c3c
[    5.597487] random 0025 0000 0000 e7f555d9 e8ce5c3c: add_timer_randomness(.. 8388864) with jiffies: 7165700669024469413, cycles: 7165700664729796618
[    5.597490] random 0025 0000 0000 e7f555d9 e8ce5c3c: added 4 entropy credits to input
[    5.598606] random 0029 0000 0000 e7f555d9 e8ce5c3c: add_disk_randomness(8:0) e7f555d9 e8ce5c3c
[    5.598609] random 0029 0000 0000 e7f555d9 e8ce5c3c: add_timer_randomness(.. 8388864) with jiffies: 7175794542249738662, cycles: 7175794537955065866
[    5.598725] random 0029 0000 0000 e7f555d9 e8ce5c3c: add_disk_randomness(8:0) e7f555d9 e8ce5c3c
[    5.598728] random 0029 0000 0000 e7f555d9 e8ce5c3c: add_timer_randomness(.. 8388864) with jiffies: 7176866862439563686, cycles: 7176866858144890890
[    5.598733] EXT3-fs: sda2: couldn't mount because of unsupported optional features (240).
[    5.598964] random 0029 0000 0000 e7f555d9 e8ce5c3c: add_disk_randomness(8:0) e7f555d9 e8ce5c3c
[    5.598967] random 0029 0000 0000 e7f555d9 e8ce5c3c: add_timer_randomness(.. 8388864) with jiffies: 7179022867302678950, cycles: 7179022863008006154
[    5.598972] EXT2-fs: sda2: couldn't mount because of unsupported optional features (240).
[    5.599187] random 0029 0000 0000 e7f555d9 e8ce5c3c: add_disk_randomness(8:0) e7f555d9 e8ce5c3c
[    5.599190] random 0029 0000 0000 e7f555d9 e8ce5c3c: add_timer_randomness(.. 8388864) with jiffies: 7181028969217229222, cycles: 7181028964922556426
[    5.599320] random 0029 0000 0000 e7f555d9 e8ce5c3c: add_disk_randomness(8:0) e7f555d9 e8ce5c3c
[    5.599323] random 0029 0000 0000 e7f555d9 e8ce5c3c: add_timer_randomness(.. 8388864) with jiffies: 7182211326469177767, cycles: 7182211322174504970
[    5.599482] random 0029 0000 0000 e7f555d9 e8ce5c3c: add_disk_randomness(8:0) e7f555d9 e8ce5c3c
[    5.599485] random 0029 0000 0000 e7f555d9 e8ce5c3c: add_timer_randomness(.. 8388864) with jiffies: 7183671752788771239, cycles: 7183671748494098442
[    5.599598] random 0029 0000 0000 e7f555d9 e8ce5c3c: add_disk_randomness(8:0) e7f555d9 e8ce5c3c
[    5.599600] random 0029 0000 0000 e7f555d9 e8ce5c3c: add_timer_randomness(.. 8388864) with jiffies: 7184714171416281511, cycles: 7184714167121608714
[    5.599717] random 0029 0000 0000 e7f555d9 e8ce5c3c: add_disk_randomness(8:0) e7f555d9 e8ce5c3c
[    5.599720] random 0029 0000 0000 e7f555d9 e8ce5c3c: add_timer_randomness(.. 8388864) with jiffies: 7185794248317043111, cycles: 7185794244022370314
[    5.599870] random 0029 0000 0000 e7f555d9 e8ce5c3c: add_disk_randomness(8:0) e7f555d9 e8ce5c3c
[    5.599873] random 0029 0000 0000 e7f555d9 e8ce5c3c: add_timer_randomness(.. 8388864) with jiffies: 7187172507617296807, cycles: 7187172503322624010
[    5.600002] random 0029 0000 0000 e7f555d9 e8ce5c3c: add_disk_randomness(8:0) e7f555d9 e8ce5c3c
[    5.600005] random 0029 0000 0000 e7f555d9 e8ce5c3c: add_timer_randomness(.. 8388864) with jiffies: 7188362441191555495, cycles: 7188362436896882698
[    5.600115] random 0029 0000 0000 e7f555d9 e8ce5c3c: add_disk_randomness(8:0) e7f555d9 e8ce5c3c
[    5.600118] random 0029 0000 0000 e7f555d9 e8ce5c3c: add_timer_randomness(.. 8388864) with jiffies: 7189376315466416551, cycles: 7189376311171743754
[    5.600360] random 0029 0000 0000 e7f555d9 e8ce5c3c: rand_read_num 10 get_random_bytes(4): sig ffffff72 e7f555d9 e8ce5c3c
[    5.600363] random 0029 0000 0000 e7f555d9 e8ce5c3c: extract_entropy(.. 4 ..)
[    5.600365] random 0029 0000 0000 e7f555d9 e8ce5c3c: going to reseed nonblocking with 64 bits (32 of 0 requested)
[    5.600367] random 0029 0000 0000 e7f555d9 e8ce5c3c: extract_entropy(.. 8 ..)
[    5.600369] random 0029 0000 0000 e7f555d9 e8ce5c3c: trying to extract 64 bits from input
[    5.600371] random 0029 0000 0000 e7f555d9 e8ce5c3c: debiting 0 entropy credits from input
[    5.600373] random 0029 0000 0000 e7f555d9 e8ce5c3c: extract_entropy account returned: 0 
[    5.600377] random 0029 0000 0000 e7f555d9 e8ce5c3c: urand_change_num 45 xfer_secondary_pool(4): pool_sig ffffff72, data_sig 00000000, bytes_mixed 0 e7f555d9 e8ce5c3c
[    5.600379] random 0029 0000 0000 e7f555d9 e8ce5c3c: trying to extract 32 bits from nonblocking
[    5.600382] random 0029 0000 0000 e7f555d9 e8ce5c3c: debiting 32 entropy credits from nonblocking (unlimited)
[    5.600384] random 0029 0000 0000 e7f555d9 e8ce5c3c: extract_entropy account returned: 4 
[    5.600388] random 0029 0000 0000 e7f555d9 e8ce5c3c: urand_change_num 46 extract_buf: pool_sig ffffff72, data_sig ffffff72, bytes_mixed 20 e7f555d9 e8ce5c3c
[    5.611937] random 0029 0000 0000 91716c54 eeb6a1e7: add_disk_randomness(8:0) 91716c54 eeb6a1e7
[    5.611940] random 0029 0000 0000 91716c54 eeb6a1e7: add_timer_randomness(.. 8388864) with jiffies: 7295720418679947699, cycles: 7295720414385274890
[    5.611943] random 0029 0000 0000 91716c54 eeb6a1e7: added 3 entropy credits to input
[    5.630219] random 0032 0000 0000 91716c54 eeb6a1e7: add_disk_randomness(8:0) 91716c54 eeb6a1e7
[    5.630222] random 0032 0000 0000 91716c54 eeb6a1e7: add_timer_randomness(.. 8388864) with jiffies: 7460171482333413830, cycles: 7460171478038741002
[    5.630225] random 0032 0000 0000 91716c54 eeb6a1e7: added 2 entropy credits to input
[    5.634885] EXT4-fs (sda2): mounted filesystem with ordered data mode
[    5.635069] VFS: Mounted root (ext4 filesystem) readonly on device 8:2.
[    5.635168] Freeing unused kernel memory: 448k freed
[    5.655370] random 0034 0000 0000 91716c54 eeb6a1e7: add_disk_randomness(8:0) 91716c54 eeb6a1e7
[    5.655373] random 0034 0000 0000 91716c54 eeb6a1e7: add_timer_randomness(.. 8388864) with jiffies: 7686424234863329759, cycles: 7686424230568656906
[    5.656100] random 0034 0000 0000 91716c54 eeb6a1e7: add_disk_randomness(8:0) 91716c54 eeb6a1e7
[    5.656103] random 0034 0000 0000 91716c54 eeb6a1e7: add_timer_randomness(.. 8388864) with jiffies: 7693005035293868511, cycles: 7693005030999195658
[    5.660828] random 0034 0000 0000 91716c54 eeb6a1e7: add_disk_randomness(8:0) 91716c54 eeb6a1e7
[    5.660831] random 0034 0000 0000 91716c54 eeb6a1e7: add_timer_randomness(.. 8388864) with jiffies: 7735534540193235428, cycles: 7735534535898562570
[    5.660834] random 0034 0000 0000 91716c54 eeb6a1e7: added 2 entropy credits to input
[    5.669026] random 0036 0000 0000 91716c54 eeb6a1e7: add_disk_randomness(8:0) 91716c54 eeb6a1e7
[    5.669030] random 0036 0000 0000 91716c54 eeb6a1e7: add_timer_randomness(.. 8388864) with jiffies: 7809288191046549996, cycles: 7809288186751877130
[    5.669032] random 0036 0000 0000 91716c54 eeb6a1e7: added 1 entropy credits to input
[    5.672454] random 0037 0000 0000 91716c54 eeb6a1e7: add_disk_randomness(8:0) 91716c54 eeb6a1e7
[    5.672457] random 0037 0000 0000 91716c54 eeb6a1e7: add_timer_randomness(.. 8388864) with jiffies: 7840114215006994928, cycles: 7840114210712322058
[    5.672460] random 0037 0000 0000 91716c54 eeb6a1e7: added 2 entropy credits to input
[    5.681348] random 0039 0000 0000 91716c54 eeb6a1e7: add_disk_randomness(8:0) 91716c54 eeb6a1e7
[    5.681351] random 0039 0000 0000 91716c54 eeb6a1e7: add_timer_randomness(.. 8388864) with jiffies: 7920119276658983417, cycles: 7920119272364310538
[    5.681354] random 0039 0000 0000 91716c54 eeb6a1e7: added 2 entropy credits to input
[    5.686306] random 0041 0000 0000 91716c54 eeb6a1e7: add_disk_randomness(8:0) 91716c54 eeb6a1e7
[    5.686309] random 0041 0000 0000 91716c54 eeb6a1e7: add_timer_randomness(.. 8388864) with jiffies: 7964716172656214526, cycles: 7964716168361541642
[    5.686312] random 0041 0000 0000 91716c54 eeb6a1e7: added 2 entropy credits to input
[    5.694383] random 0043 0000 0000 91716c54 eeb6a1e7: add_disk_randomness(8:0) 91716c54 eeb6a1e7
[    5.694386] random 0043 0000 0000 91716c54 eeb6a1e7: add_timer_randomness(.. 8388864) with jiffies: 8037377072160276998, cycles: 8037377067865604106
[    5.694388] random 0043 0000 0000 91716c54 eeb6a1e7: added 1 entropy credits to input
[    5.694411] RANDOM get_random_int call with cycles 44821074060, jiffies 4294672902 and pid 1
[    5.694414] RANDOM get_random_int call with cycles 44821080990, jiffies 4294672902 and pid 1
[    5.694416] ASLR stack rand value: 5873664 after shift for pid: 1
[    5.694417] RANDOM get_random_int call with cycles 44821088802, jiffies 4294672902 and pid 1
[    5.706031] random 0044 0000 0000 91716c54 eeb6a1e7: add_disk_randomness(8:0) 91716c54 eeb6a1e7
[    5.706034] random 0044 0000 0000 91716c54 eeb6a1e7: add_timer_randomness(.. 8388864) with jiffies: 8142174248412873233, cycles: 8142174244118200330
[    5.706045] RANDOM get_random_int call with cycles 44845444906, jiffies 4294672913 and pid 1
[    5.706051] random 0044 0000 0000 91716c54 eeb6a1e7: rand_read_num 11 get_random_bytes(16): sig fffffcad 91716c54 eeb6a1e7
[    5.706053] random 0044 0000 0000 91716c54 eeb6a1e7: extract_entropy(.. 16 ..)
[    5.706056] random 0044 0000 0000 91716c54 eeb6a1e7: going to reseed nonblocking with 128 bits (128 of 0 requested)
[    5.706058] random 0044 0000 0000 91716c54 eeb6a1e7: extract_entropy(.. 16 ..)
[    5.706060] random 0044 0000 0000 91716c54 eeb6a1e7: trying to extract 128 bits from input
[    5.706062] random 0044 0000 0000 91716c54 eeb6a1e7: debiting 0 entropy credits from input
[    5.706064] random 0044 0000 0000 91716c54 eeb6a1e7: extract_entropy account returned: 0 
[    5.706068] random 0044 0000 0000 91716c54 eeb6a1e7: urand_change_num 47 xfer_secondary_pool(16): pool_sig fffffcad, data_sig 00000000, bytes_mixed 0 91716c54 eeb6a1e7
[    5.706071] random 0044 0000 0000 91716c54 eeb6a1e7: trying to extract 128 bits from nonblocking
[    5.706073] random 0044 0000 0000 91716c54 eeb6a1e7: debiting 128 entropy credits from nonblocking (unlimited)
[    5.706075] random 0044 0000 0000 91716c54 eeb6a1e7: extract_entropy account returned: 16 
[    5.706080] random 0044 0000 0000 91716c54 eeb6a1e7: urand_change_num 48 extract_buf: pool_sig fffffcad, data_sig ffffff19, bytes_mixed 20 91716c54 eeb6a1e7
[    5.706085] random 0044 0000 0000 fd637b06 6cf47bc1: urand_change_num 49 extract_buf: pool_sig fffffede, data_sig ffffffc1, bytes_mixed 20 fd637b06 6cf47bc1
[    5.707039] random 0044 0000 0000 fd637b06 6cf47bc1: add_disk_randomness(8:0) fd637b06 6cf47bc1
[    5.707042] random 0044 0000 0000 fd637b06 6cf47bc1: add_timer_randomness(.. 8388864) with jiffies: 8151241980936684050, cycles: 8151241976642011146
[    5.708238] random 0044 0000 0000 fd637b06 6cf47bc1: add_disk_randomness(8:0) fd637b06 6cf47bc1
[    5.708241] random 0044 0000 0000 fd637b06 6cf47bc1: add_timer_randomness(.. 8388864) with jiffies: 8162014020908057108, cycles: 8162014016613384202
[    5.709395] random 0044 0000 0000 fd637b06 6cf47bc1: add_disk_randomness(8:0) fd637b06 6cf47bc1
[    5.709398] random 0044 0000 0000 fd637b06 6cf47bc1: add_timer_randomness(.. 8388864) with jiffies: 8172422805430436373, cycles: 8172422801135763466
[    5.710273] random 0044 0000 0000 fd637b06 6cf47bc1: add_disk_randomness(8:0) fd637b06 6cf47bc1
[    5.710276] random 0044 0000 0000 fd637b06 6cf47bc1: add_timer_randomness(.. 8388864) with jiffies: 8180317243083293206, cycles: 8180317238788620298
[    5.710455] random 0044 0000 0000 fd637b06 6cf47bc1: add_disk_randomness(8:0) fd637b06 6cf47bc1
[    5.710458] random 0044 0000 0000 fd637b06 6cf47bc1: add_timer_randomness(.. 8388864) with jiffies: 8181962073823740438, cycles: 8181962069529067530
[    5.710671] random 0044 0000 0000 fd637b06 6cf47bc1: add_disk_randomness(8:0) fd637b06 6cf47bc1
[    5.710674] random 0044 0000 0000 fd637b06 6cf47bc1: add_timer_randomness(.. 8388864) with jiffies: 8183908918074507798, cycles: 8183908913779834890
[    5.721094] random 0044 0000 0000 fd637b06 6cf47bc1: add_disk_randomness(8:0) fd637b06 6cf47bc1
[    5.721097] random 0044 0000 0000 fd637b06 6cf47bc1: add_timer_randomness(.. 8388864) with jiffies: 8277677361340318240, cycles: 8277677357045645322
[    5.721100] random 0044 0000 0000 fd637b06 6cf47bc1: added 3 entropy credits to input
[    5.721534] random 0047 0000 0000 fd637b06 6cf47bc1: add_disk_randomness(8:0) fd637b06 6cf47bc1
[    5.721537] random 0047 0000 0000 fd637b06 6cf47bc1: add_timer_randomness(.. 8388864) with jiffies: 8281627554431599137, cycles: 8281627550136926218
[    5.731281] random 0047 0000 0000 fd637b06 6cf47bc1: add_disk_randomness(8:0) fd637b06 6cf47bc1
[    5.731284] random 0047 0000 0000 fd637b06 6cf47bc1: add_timer_randomness(.. 8388864) with jiffies: 8369306438446318123, cycles: 8369306434151645194
[    5.731287] random 0047 0000 0000 fd637b06 6cf47bc1: added 3 entropy credits to input
[    5.731340] RANDOM get_random_int call with cycles 44898420672, jiffies 4294672939 and pid 1
[    5.735880] random 0050 0000 0000 fd637b06 6cf47bc1: add_disk_randomness(8:0) fd637b06 6cf47bc1
[    5.735883] random 0050 0000 0000 fd637b06 6cf47bc1: add_timer_randomness(.. 8388864) with jiffies: 8410687048183939631, cycles: 8410687043889266698
[    5.735886] random 0050 0000 0000 fd637b06 6cf47bc1: added 2 entropy credits to input
[    5.748711] random 0052 0000 0000 fd637b06 6cf47bc1: add_disk_randomness(8:0) fd637b06 6cf47bc1
[    5.748714] random 0052 0000 0000 fd637b06 6cf47bc1: add_timer_randomness(.. 8388864) with jiffies: 8526108169640575548, cycles: 8526108165345902602
[    5.748717] random 0052 0000 0000 fd637b06 6cf47bc1: added 3 entropy credits to input
[    5.748854] random 0055 0000 0000 fd637b06 6cf47bc1: add_disk_randomness(8:0) fd637b06 6cf47bc1
[    5.748857] random 0055 0000 0000 fd637b06 6cf47bc1: add_timer_randomness(.. 8388864) with jiffies: 8527389921025688124, cycles: 8527389916731015178
[    5.751015] random 0055 0000 0000 fd637b06 6cf47bc1: add_disk_randomness(8:0) fd637b06 6cf47bc1
[    5.751018] random 0055 0000 0000 fd637b06 6cf47bc1: add_timer_randomness(.. 8388864) with jiffies: 8546835681811071550, cycles: 8546835677516398602
[    5.751021] random 0055 0000 0000 fd637b06 6cf47bc1: added 1 entropy credits to input
[    5.751262] random 0056 0000 0000 fd637b06 6cf47bc1: add_disk_randomness(8:0) fd637b06 6cf47bc1
[    5.751265] random 0056 0000 0000 fd637b06 6cf47bc1: add_timer_randomness(.. 8388864) with jiffies: 8549049952200524351, cycles: 8549049947905851402
[    5.751437] random 0056 0000 0000 fd637b06 6cf47bc1: add_disk_randomness(8:0) fd637b06 6cf47bc1
[    5.751441] random 0056 0000 0000 fd637b06 6cf47bc1: add_timer_randomness(.. 8388864) with jiffies: 8550627944659911231, cycles: 8550627940365238282
[    5.754571] random 0056 0000 0000 fd637b06 6cf47bc1: add_disk_randomness(8:0) fd637b06 6cf47bc1
[    5.754574] random 0056 0000 0000 fd637b06 6cf47bc1: add_timer_randomness(.. 8388864) with jiffies: 8578814346144744002, cycles: 8578814341850071050
[    5.754576] random 0056 0000 0000 fd637b06 6cf47bc1: added 1 entropy credits to input
[    5.756583] random 0057 0000 0000 fd637b06 6cf47bc1: add_disk_randomness(8:0) fd637b06 6cf47bc1
[    5.756586] random 0057 0000 0000 fd637b06 6cf47bc1: add_timer_randomness(.. 8388864) with jiffies: 8596920987666842180, cycles: 8596920983372169226
[    5.764414] random 0057 0000 0000 fd637b06 6cf47bc1: add_disk_randomness(8:0) fd637b06 6cf47bc1
[    5.764417] random 0057 0000 0000 fd637b06 6cf47bc1: add_timer_randomness(.. 8388864) with jiffies: 8667364417030816332, cycles: 8667364412736143370
[    5.764420] random 0057 0000 0000 fd637b06 6cf47bc1: added 2 entropy credits to input
[    5.764551] random 0059 0000 0000 fd637b06 6cf47bc1: add_disk_randomness(8:0) fd637b06 6cf47bc1
[    5.764554] random 0059 0000 0000 fd637b06 6cf47bc1: add_timer_randomness(.. 8388864) with jiffies: 8668591463417479756, cycles: 8668591459122806794
[    5.768114] random 0059 0000 0000 fd637b06 6cf47bc1: add_disk_randomness(8:0) fd637b06 6cf47bc1
[    5.768117] random 0059 0000 0000 fd637b06 6cf47bc1: add_timer_randomness(.. 8388864) with jiffies: 8700659377171563087, cycles: 8700659372876890122
[    5.768120] random 0059 0000 0000 fd637b06 6cf47bc1: added 1 entropy credits to input
[    5.772608] random 0060 0000 0000 fd637b06 6cf47bc1: add_disk_randomness(8:0) fd637b06 6cf47bc1
[    5.772611] random 0060 0000 0000 fd637b06 6cf47bc1: add_timer_randomness(.. 8388864) with jiffies: 8741075131096072788, cycles: 8741075126801399818
[    5.778189] random 0060 0000 0000 fd637b06 6cf47bc1: add_disk_randomness(8:0) fd637b06 6cf47bc1
[    5.778192] random 0060 0000 0000 fd637b06 6cf47bc1: add_timer_randomness(.. 8388864) with jiffies: 8791295191550755417, cycles: 8791295187256082442
[    5.784465] random 0060 0000 0000 fd637b06 6cf47bc1: add_disk_randomness(8:0) fd637b06 6cf47bc1
[    5.784468] random 0060 0000 0000 fd637b06 6cf47bc1: add_timer_randomness(.. 8388864) with jiffies: 8847737302407676512, cycles: 8847737298113003530
[    5.784471] random 0060 0000 0000 fd637b06 6cf47bc1: added 1 entropy credits to input
[    5.784484] random 0061 0000 0000 fd637b06 6cf47bc1: rand_read_num 12 get_random_bytes(16): sig 0000033b fd637b06 6cf47bc1
[    5.784487] random 0061 0000 0000 fd637b06 6cf47bc1: extract_entropy(.. 16 ..)
[    5.784489] random 0061 0000 0000 fd637b06 6cf47bc1: going to reseed nonblocking with 128 bits (128 of 0 requested)
[    5.784491] random 0061 0000 0000 fd637b06 6cf47bc1: extract_entropy(.. 16 ..)
[    5.784494] random 0061 0000 0000 fd637b06 6cf47bc1: trying to extract 128 bits from input
[    5.784496] random 0061 0000 0000 fd637b06 6cf47bc1: debiting 0 entropy credits from input
[    5.784498] random 0061 0000 0000 fd637b06 6cf47bc1: extract_entropy account returned: 0 
[    5.784501] random 0061 0000 0000 fd637b06 6cf47bc1: urand_change_num 50 xfer_secondary_pool(16): pool_sig 0000033b, data_sig 00000000, bytes_mixed 0 fd637b06 6cf47bc1
[    5.784504] random 0061 0000 0000 fd637b06 6cf47bc1: trying to extract 128 bits from nonblocking
[    5.784506] random 0061 0000 0000 fd637b06 6cf47bc1: debiting 128 entropy credits from nonblocking (unlimited)
[    5.784509] random 0061 0000 0000 fd637b06 6cf47bc1: extract_entropy account returned: 16 
[    5.784513] random 0061 0000 0000 fd637b06 6cf47bc1: urand_change_num 51 extract_buf: pool_sig 0000033b, data_sig 000000d8, bytes_mixed 20 fd637b06 6cf47bc1
[    5.784518] random 0061 0000 0000 0ec1f012 d4727ca8: urand_change_num 52 extract_buf: pool_sig fffffcf5, data_sig 00000016, bytes_mixed 20 0ec1f012 d4727ca8
[    5.791214] random 0061 0000 0000 45b1d0b1 845a73f7: add_disk_randomness(8:0) 45b1d0b1 845a73f7
[    5.791217] random 0061 0000 0000 45b1d0b1 845a73f7: add_timer_randomness(.. 8388864) with jiffies: 8908462517860926054, cycles: 8908462513566253066
[    5.798438] random 0061 0000 0000 45b1d0b1 845a73f7: add_disk_randomness(8:0) 45b1d0b1 845a73f7
[    5.798441] random 0061 0000 0000 45b1d0b1 845a73f7: add_timer_randomness(.. 8388864) with jiffies: 8973437869741539950, cycles: 8973437865446866954
[    5.798444] random 0061 0000 0000 45b1d0b1 845a73f7: added 1 entropy credits to input
[    5.804034] random 0062 0000 0000 45b1d0b1 845a73f7: add_disk_randomness(8:0) 45b1d0b1 845a73f7
[    5.804037] random 0062 0000 0000 45b1d0b1 845a73f7: add_timer_randomness(.. 8388864) with jiffies: 9023780233684943475, cycles: 9023780229390270474
[    5.804039] random 0062 0000 0000 45b1d0b1 845a73f7: added 1 entropy credits to input
[    5.815862] random 0063 0000 0000 45b1d0b1 845a73f7: add_disk_randomness(8:0) 45b1d0b1 845a73f7
[    5.815865] random 0063 0000 0000 45b1d0b1 845a73f7: add_timer_randomness(.. 8388864) with jiffies: 9130183229490037375, cycles: 9130183225195364362
[    5.815868] random 0063 0000 0000 45b1d0b1 845a73f7: added 2 entropy credits to input
[    5.819001] random 0065 0000 0000 45b1d0b1 845a73f7: add_disk_randomness(8:0) 45b1d0b1 845a73f7
[    5.819004] random 0065 0000 0000 45b1d0b1 845a73f7: add_timer_randomness(.. 8388864) with jiffies: 9158427265141015170, cycles: 9158427260846342154
[    5.819007] random 0065 0000 0000 45b1d0b1 845a73f7: added 1 entropy credits to input
[    5.833279] random 0066 0000 0000 45b1d0b1 845a73f7: add_disk_randomness(8:0) 45b1d0b1 845a73f7
[    5.833283] random 0066 0000 0000 45b1d0b1 845a73f7: add_timer_randomness(.. 8388864) with jiffies: 9286857335731094161, cycles: -9159886742273130486
[    5.833285] random 0066 0000 0000 45b1d0b1 845a73f7: added 3 entropy credits to input
[    5.838673] random 0069 0000 0000 45b1d0b1 845a73f7: add_disk_randomness(8:0) 45b1d0b1 845a73f7
[    5.838676] random 0069 0000 0000 45b1d0b1 845a73f7: add_timer_randomness(.. 8388864) with jiffies: 9335381652903002774, cycles: -9111362425101221878
[    5.838679] random 0069 0000 0000 45b1d0b1 845a73f7: added 2 entropy credits to input
[    5.843852] random 0071 0000 0000 45b1d0b1 845a73f7: add_disk_randomness(8:0) 45b1d0b1 845a73f7
[    5.843855] random 0071 0000 0000 45b1d0b1 845a73f7: add_timer_randomness(.. 8388864) with jiffies: 9381972740870472347, cycles: -9064771337133752310
[    5.852078] random 0071 0000 0000 45b1d0b1 845a73f7: add_disk_randomness(8:0) 45b1d0b1 845a73f7
[    5.852081] random 0071 0000 0000 45b1d0b1 845a73f7: add_timer_randomness(.. 8388864) with jiffies: 9455977896418706083, cycles: -8990766181585518582
[    5.852084] random 0071 0000 0000 45b1d0b1 845a73f7: added 1 entropy credits to input
[    5.861682] random 0072 0000 0000 45b1d0b1 845a73f7: add_disk_randomness(8:0) 45b1d0b1 845a73f7
[    5.861685] random 0072 0000 0000 45b1d0b1 845a73f7: add_timer_randomness(.. 8388864) with jiffies: 9542365425501438637, cycles: -8904378652502786038
[    5.881185] random 0072 0000 0000 45b1d0b1 845a73f7: add_disk_randomness(8:0) 45b1d0b1 845a73f7
[    5.881188] random 0072 0000 0000 45b1d0b1 845a73f7: add_timer_randomness(.. 8388864) with jiffies: 9717816407206101696, cycles: -8728927670798122998
[    5.881190] random 0072 0000 0000 45b1d0b1 845a73f7: added 2 entropy credits to input
[    5.894474] random 0074 0000 0000 45b1d0b1 845a73f7: add_disk_randomness(8:0) 45b1d0b1 845a73f7
[    5.894477] random 0074 0000 0000 45b1d0b1 845a73f7: add_timer_randomness(.. 8388864) with jiffies: 9837350436590027470, cycles: -8609393641414197238
[    5.894480] random 0074 0000 0000 45b1d0b1 845a73f7: added 2 entropy credits to input
[    5.902497] random 0076 0000 0000 45b1d0b1 845a73f7: add_disk_randomness(8:0) 45b1d0b1 845a73f7
[    5.902500] random 0076 0000 0000 45b1d0b1 845a73f7: add_timer_randomness(.. 8388864) with jiffies: 9909527714186625750, cycles: -8537216363817598966
[    5.912517] random 0076 0000 0000 45b1d0b1 845a73f7: add_disk_randomness(8:0) 45b1d0b1 845a73f7
[    5.912520] random 0076 0000 0000 45b1d0b1 845a73f7: add_timer_randomness(.. 8388864) with jiffies: 9999660785463952096, cycles: -8447083292540272630
[    5.912523] random 0076 0000 0000 45b1d0b1 845a73f7: added 1 entropy credits to input
[    5.925400] random 0077 0000 0000 45b1d0b1 845a73f7: add_disk_randomness(8:0) 45b1d0b1 845a73f7
[    5.925403] random 0077 0000 0000 45b1d0b1 845a73f7: add_timer_randomness(.. 8388864) with jiffies: 10115548752685794029, cycles: -8331195325318430710
[    5.932758] random 0077 0000 0000 45b1d0b1 845a73f7: add_disk_randomness(8:0) 45b1d0b1 845a73f7
[    5.932761] random 0077 0000 0000 45b1d0b1 845a73f7: add_timer_randomness(.. 8388864) with jiffies: 10181750296254579444, cycles: -8264993781749645302
[    5.932764] random 0077 0000 0000 45b1d0b1 845a73f7: added 2 entropy credits to input
[    5.938004] random 0079 0000 0000 45b1d0b1 845a73f7: add_disk_randomness(8:0) 45b1d0b1 845a73f7
[    5.938007] random 0079 0000 0000 45b1d0b1 845a73f7: add_timer_randomness(.. 8388864) with jiffies: 10228949972497957625, cycles: -8217794105506267126
[    5.938010] random 0079 0000 0000 45b1d0b1 845a73f7: added 1 entropy credits to input
[    5.944447] random 0080 0000 0000 45b1d0b1 845a73f7: add_disk_randomness(8:0) 45b1d0b1 845a73f7
[    5.944450] random 0080 0000 0000 45b1d0b1 845a73f7: add_timer_randomness(.. 8388864) with jiffies: 10286892646143853312, cycles: -8159851431860371446
[    5.944452] random 0080 0000 0000 45b1d0b1 845a73f7: added 1 entropy credits to input
[    5.949501] random 0081 0000 0000 45b1d0b1 845a73f7: add_disk_randomness(8:0) 45b1d0b1 845a73f7
[    5.949504] random 0081 0000 0000 45b1d0b1 845a73f7: add_timer_randomness(.. 8388864) with jiffies: 10332361450566943493, cycles: -8114382627437281270
[    5.949507] random 0081 0000 0000 45b1d0b1 845a73f7: added 1 entropy credits to input
[    5.955405] random 0082 0000 0000 45b1d0b1 845a73f7: add_disk_randomness(8:0) 45b1d0b1 845a73f7
[    5.955408] random 0082 0000 0000 45b1d0b1 845a73f7: add_timer_randomness(.. 8388864) with jiffies: 10385469438441521931, cycles: -8061274639562702838
[    5.964756] random 0082 0000 0000 45b1d0b1 845a73f7: add_disk_randomness(8:0) 45b1d0b1 845a73f7
[    5.964759] random 0082 0000 0000 45b1d0b1 845a73f7: add_timer_randomness(.. 8388864) with jiffies: 10469595478264349460, cycles: -7977148599739875318
[    5.964762] random 0082 0000 0000 45b1d0b1 845a73f7: added 1 entropy credits to input
[    5.969635] random 0083 0000 0000 45b1d0b1 845a73f7: add_disk_randomness(8:0) 45b1d0b1 845a73f7
[    5.969638] random 0083 0000 0000 45b1d0b1 845a73f7: add_timer_randomness(.. 8388864) with jiffies: 10513482678160556825, cycles: -7933261399843667958
[    5.969640] random 0083 0000 0000 45b1d0b1 845a73f7: added 2 entropy credits to input
[    5.977071] random 0085 0000 0000 45b1d0b1 845a73f7: add_disk_randomness(8:0) 45b1d0b1 845a73f7
[    5.977074] random 0085 0000 0000 45b1d0b1 845a73f7: add_timer_randomness(.. 8388864) with jiffies: 10580382914124153632, cycles: -7866361163880071158
[    5.977077] random 0085 0000 0000 45b1d0b1 845a73f7: added 1 entropy credits to input
[    5.983291] random 0086 0000 0000 45b1d0b1 845a73f7: add_disk_randomness(8:0) 45b1d0b1 845a73f7
[    5.983294] random 0086 0000 0000 45b1d0b1 845a73f7: add_timer_randomness(.. 8388864) with jiffies: 10636329274085966631, cycles: -7810414803918258166
[    5.983439] random 0086 0000 0000 45b1d0b1 845a73f7: add_disk_randomness(8:0) 45b1d0b1 845a73f7
[    5.983442] random 0086 0000 0000 45b1d0b1 845a73f7: add_timer_randomness(.. 8388864) with jiffies: 10637660494904394535, cycles: -7809083583099830262
[    5.997851] random 0086 0000 0000 45b1d0b1 845a73f7: add_disk_randomness(8:0) 45b1d0b1 845a73f7
[    5.997854] random 0086 0000 0000 45b1d0b1 845a73f7: add_timer_randomness(.. 8388864) with jiffies: 10767313737820635957, cycles: -7679430340183588854
[    5.997857] random 0086 0000 0000 45b1d0b1 845a73f7: added 3 entropy credits to input
[    6.005275] random 0089 0000 0000 45b1d0b1 845a73f7: add_disk_randomness(8:0) 45b1d0b1 845a73f7
[    6.005278] random 0089 0000 0000 45b1d0b1 845a73f7: add_timer_randomness(.. 8388864) with jiffies: 10834087160579851069, cycles: -7612656917424373750
[    6.005281] random 0089 0000 0000 45b1d0b1 845a73f7: added 2 entropy credits to input
[    6.014954] random 0091 0000 0000 45b1d0b1 845a73f7: add_disk_randomness(8:0) 45b1d0b1 845a73f7
[    6.014957] random 0091 0000 0000 45b1d0b1 845a73f7: add_timer_randomness(.. 8388864) with jiffies: 10921167064160502598, cycles: -7525577013843722230
[    6.025588] random 0091 0000 0000 45b1d0b1 845a73f7: add_disk_randomness(8:0) 45b1d0b1 845a73f7
[    6.025591] random 0091 0000 0000 45b1d0b1 845a73f7: add_timer_randomness(.. 8388864) with jiffies: 11016823858517476177, cycles: -7429920219486748662
[    6.038108] random 0091 0000 0000 45b1d0b1 845a73f7: add_disk_randomness(8:0) 45b1d0b1 845a73f7
[    6.038111] random 0091 0000 0000 45b1d0b1 845a73f7: add_timer_randomness(.. 8388864) with jiffies: 11129457752357438301, cycles: -7317286325646786550
[    6.039319] random 0091 0000 0000 45b1d0b1 845a73f7: add_disk_randomness(8:0) 45b1d0b1 845a73f7
[    6.039322] random 0091 0000 0000 45b1d0b1 845a73f7: add_timer_randomness(.. 8388864) with jiffies: 11140343166580523871, cycles: -7306400911423700982
[    6.039325] random 0091 0000 0000 45b1d0b1 845a73f7: added 1 entropy credits to input
[    6.043333] random 0092 0000 0000 45b1d0b1 845a73f7: add_disk_randomness(8:0) 45b1d0b1 845a73f7
[    6.043336] random 0092 0000 0000 45b1d0b1 845a73f7: add_timer_randomness(.. 8388864) with jiffies: 11176448852104020835, cycles: -7270295225900204022
[    6.043339] random 0092 0000 0000 45b1d0b1 845a73f7: added 1 entropy credits to input
[    6.052677] random 0093 0000 0000 45b1d0b1 845a73f7: add_disk_randomness(8:0) 45b1d0b1 845a73f7
[    6.052680] random 0093 0000 0000 45b1d0b1 845a73f7: add_timer_randomness(.. 8388864) with jiffies: 11260514779564573548, cycles: -7186229298439651318
[    6.052683] random 0093 0000 0000 45b1d0b1 845a73f7: added 1 entropy credits to input
[    6.053064] random 0094 0000 0000 45b1d0b1 845a73f7: add_disk_randomness(8:0) 45b1d0b1 845a73f7
[    6.053067] random 0094 0000 0000 45b1d0b1 845a73f7: add_timer_randomness(.. 8388864) with jiffies: 11264003225016828780, cycles: -7182740852987396086
[    6.068687] random 0094 0000 0000 45b1d0b1 845a73f7: add_disk_randomness(8:0) 45b1d0b1 845a73f7
[    6.068690] random 0094 0000 0000 45b1d0b1 845a73f7: add_timer_randomness(.. 8388864) with jiffies: 11404534846999724924, cycles: -7042209231004499958
[    6.068693] random 0094 0000 0000 45b1d0b1 845a73f7: added 4 entropy credits to input
[    6.070322] random 0098 0000 0000 45b1d0b1 845a73f7: add_disk_randomness(8:0) 45b1d0b1 845a73f7
[    6.070325] random 0098 0000 0000 45b1d0b1 845a73f7: add_timer_randomness(.. 8388864) with jiffies: 11419234986750608254, cycles: -7027509091253616630
[    6.070327] random 0098 0000 0000 45b1d0b1 845a73f7: added 1 entropy credits to input
[    6.070477] random 0099 0000 0000 45b1d0b1 845a73f7: add_disk_randomness(8:0) 45b1d0b1 845a73f7
[    6.070480] random 0099 0000 0000 45b1d0b1 845a73f7: add_timer_randomness(.. 8388864) with jiffies: 11420629708660507518, cycles: -7026114369343717366
[    6.081344] random 0099 0000 0000 45b1d0b1 845a73f7: add_disk_randomness(8:0) 45b1d0b1 845a73f7
[    6.081347] random 0099 0000 0000 45b1d0b1 845a73f7: add_timer_randomness(.. 8388864) with jiffies: 11518386905233982345, cycles: -6928357172770242550
[    6.081350] random 0099 0000 0000 45b1d0b1 845a73f7: added 3 entropy credits to input
[    6.081908] random 0102 0000 0000 45b1d0b1 845a73f7: add_disk_randomness(8:0) 45b1d0b1 845a73f7
[    6.081911] random 0102 0000 0000 45b1d0b1 845a73f7: add_timer_randomness(.. 8388864) with jiffies: 11523469895949583241, cycles: -6923274182054641654
[    6.087139] random 0102 0000 0000 45b1d0b1 845a73f7: add_disk_randomness(8:0) 45b1d0b1 845a73f7
[    6.087142] random 0102 0000 0000 45b1d0b1 845a73f7: add_timer_randomness(.. 8388864) with jiffies: 11570535856976135054, cycles: -6876208221028089846
[    6.087145] random 0102 0000 0000 45b1d0b1 845a73f7: added 2 entropy credits to input
[    6.088895] random 0104 0000 0000 45b1d0b1 845a73f7: add_disk_randomness(8:0) 45b1d0b1 845a73f7
[    6.088898] random 0104 0000 0000 45b1d0b1 845a73f7: add_timer_randomness(.. 8388864) with jiffies: 11586324371504595856, cycles: -6860419706499629046
[    6.088901] random 0104 0000 0000 45b1d0b1 845a73f7: added 1 entropy credits to input
[    6.099122] random 0105 0000 0000 45b1d0b1 845a73f7: add_disk_randomness(8:0) 45b1d0b1 845a73f7
[    6.099125] random 0105 0000 0000 45b1d0b1 845a73f7: add_timer_randomness(.. 8388864) with jiffies: 11678327170894889882, cycles: -6768416907109335030
[    6.099128] random 0105 0000 0000 45b1d0b1 845a73f7: added 3 entropy credits to input
[    6.113060] random 0108 0000 0000 45b1d0b1 845a73f7: add_disk_randomness(8:0) 45b1d0b1 845a73f7
[    6.113064] random 0108 0000 0000 45b1d0b1 845a73f7: add_timer_randomness(.. 8388864) with jiffies: 11803712509104063400, cycles: -6643031568900161526
