[    0.000000] random 0000 0000 0000 00000000 00000000: rand_read_num 1 get_random_bytes(8): sig 00000000 00000000 00000000
[    0.000000] random 0000 0000 0000 00000000 00000000: extract_entropy(.. 8 ..)
[    0.000000] random 0000 0000 0000 00000000 00000000: going to reseed nonblocking with 64 bits (64 of 0 requested)
[    0.000000] random 0000 0000 0000 00000000 00000000: extract_entropy(.. 8 ..)
[    0.000000] random 0000 0000 0000 00000000 00000000: trying to extract 64 bits from input
[    0.000000] random 0000 0000 0000 00000000 00000000: debiting 0 entropy credits from input
[    0.000000] random 0000 0000 0000 00000000 00000000: extract_entropy account returned: 0 
[    0.000000] random 0000 0000 0000 00000000 00000000: urand_change_num 1 xfer_secondary_pool(8): pool_sig 00000000, data_sig 00000000, bytes_mixed 0 00000000 00000000
[    0.000000] random 0000 0000 0000 00000000 00000000: trying to extract 64 bits from nonblocking
[    0.000000] random 0000 0000 0000 00000000 00000000: debiting 64 entropy credits from nonblocking (unlimited)
[    0.000000] random 0000 0000 0000 00000000 00000000: extract_entropy account returned: 8 
[    0.000000] random 0000 0000 0000 00000000 00000000: urand_change_num 2 extract_buf: pool_sig 00000000, data_sig fffffff9, bytes_mixed 20 00000000 00000000
[    0.000000] Linux version 2.6.32.57 (dcashman@dcashman-02) (gcc version 4.3.3 (GCC) ) #6 Thu May 30 09:02:12 PDT 2013
[    0.000000] KERNEL supported cpus:
[    0.000000]   Intel GenuineIntel
[    0.000000]   AMD AuthenticAMD
[    0.000000]   NSC Geode by NSC
[    0.000000]   Cyrix CyrixInstead
[    0.000000]   Centaur CentaurHauls
[    0.000000]   Transmeta GenuineTMx86
[    0.000000]   Transmeta TransmetaCPU
[    0.000000]   UMC UMC UMC UMC
[    0.000000] BIOS-provided physical RAM map:
[    0.000000]  BIOS-e820: 0000000000000000 - 000000000009d800 (usable)
[    0.000000]  BIOS-e820: 000000000009d800 - 00000000000a0000 (reserved)
[    0.000000]  BIOS-e820: 00000000000d2000 - 00000000000d4000 (reserved)
[    0.000000]  BIOS-e820: 00000000000e0000 - 0000000000100000 (reserved)
[    0.000000]  BIOS-e820: 0000000000100000 - 000000003d6b0000 (usable)
[    0.000000]  BIOS-e820: 000000003d6b0000 - 000000003d6cc000 (ACPI data)
[    0.000000]  BIOS-e820: 000000003d6cc000 - 000000003d700000 (ACPI NVS)
[    0.000000]  BIOS-e820: 000000003d700000 - 000000003e000000 (reserved)
[    0.000000]  BIOS-e820: 00000000f0000000 - 00000000f4000000 (reserved)
[    0.000000]  BIOS-e820: 00000000fec00000 - 00000000fec10000 (reserved)
[    0.000000]  BIOS-e820: 00000000fed00000 - 00000000fed00400 (reserved)
[    0.000000]  BIOS-e820: 00000000fed14000 - 00000000fed1a000 (reserved)
[    0.000000]  BIOS-e820: 00000000fed1c000 - 00000000fed90000 (reserved)
[    0.000000]  BIOS-e820: 00000000fee00000 - 00000000fee01000 (reserved)
[    0.000000]  BIOS-e820: 00000000ff000000 - 0000000100000000 (reserved)
[    0.000000] DMI present.
[    0.000000] last_pfn = 0x3d6b0 max_arch_pfn = 0x100000
[    0.000000] MTRR default type: uncachable
[    0.000000] MTRR fixed ranges enabled:
[    0.000000]   00000-9FFFF write-back
[    0.000000]   A0000-BFFFF uncachable
[    0.000000]   C0000-CFFFF write-protect
[    0.000000]   D0000-DFFFF uncachable
[    0.000000]   E0000-FFFFF write-protect
[    0.000000] MTRR variable ranges enabled:
[    0.000000]   0 base 03E000000 mask FFE000000 uncachable
[    0.000000]   1 base 000000000 mask FC0000000 write-back
[    0.000000]   2 base 03D700000 mask FFFF00000 uncachable
[    0.000000]   3 base 03D800000 mask FFF800000 uncachable
[    0.000000]   4 disabled
[    0.000000]   5 disabled
[    0.000000]   6 disabled
[    0.000000]   7 disabled
[    0.000000] initial memory mapped : 0 - 02000000
[    0.000000] init_memory_mapping: 0000000000000000-00000000377fe000
[    0.000000]  0000000000 - 0000400000 page 4k
[    0.000000]  0000400000 - 0037400000 page 2M
[    0.000000]  0037400000 - 00377fe000 page 4k
[    0.000000] kernel direct mapping tables up to 377fe000 @ 7000-c000
[    0.000000] ACPI: RSDP 000f68d0 00024 (v02 LENOVO)
[    0.000000] ACPI: XSDT 3d6bb77f 00094 (v01 LENOVO TP-7L    00002170  LTP 00000000)
[    0.000000] ACPI: FACP 3d6bb900 000F4 (v03 LENOVO TP-7L    00002170 LNVO 00000001)
[    0.000000] ACPI Warning: 32/64X length mismatch in Gpe1Block: 0/32 (20090903/tbfadt-526)
[    0.000000] ACPI Warning: Optional field Gpe1Block has zero address or length: 000000000000102C/0 (20090903/tbfadt-557)
[    0.000000] ACPI: DSDT 3d6bbd1d 0FED1 (v01 LENOVO TP-7L    00002170 MSFT 03000000)
[    0.000000] ACPI: FACS 3d6e4000 00040
[    0.000000] ACPI: SSDT 3d6bbab4 00269 (v01 LENOVO TP-7L    00002170 MSFT 03000000)
[    0.000000] ACPI: ECDT 3d6cbbee 00052 (v01 LENOVO TP-7L    00002170 LNVO 00000001)
[    0.000000] ACPI: TCPA 3d6cbc40 00032 (v02 LENOVO TP-7L    00002170 LNVO 00000001)
[    0.000000] ACPI: APIC 3d6cbc72 00068 (v01 LENOVO TP-7L    00002170 LNVO 00000001)
[    0.000000] ACPI: MCFG 3d6cbcda 0003C (v01 LENOVO TP-7L    00002170 LNVO 00000001)
[    0.000000] ACPI: HPET 3d6cbd16 00038 (v01 LENOVO TP-7L    00002170 LNVO 00000001)
[    0.000000] ACPI: SLIC 3d6cbdf0 00176 (v01 LENOVO TP-7L    00002170  LTP 00000000)
[    0.000000] ACPI: BOOT 3d6cbf66 00028 (v01 LENOVO TP-7L    00002170  LTP 00000001)
[    0.000000] ACPI: ASF! 3d6cbf8e 00072 (v16 LENOVO TP-7L    00002170 PTL  00000001)
[    0.000000] ACPI: SSDT 3d6e26d9 0025F (v01 LENOVO TP-7L    00002170 INTL 20050513)
[    0.000000] ACPI: SSDT 3d6e2938 000A6 (v01 LENOVO TP-7L    00002170 INTL 20050513)
[    0.000000] ACPI: SSDT 3d6e29de 004F7 (v01 LENOVO TP-7L    00002170 INTL 20050513)
[    0.000000] ACPI: SSDT 3d6e2ed5 001D8 (v01 LENOVO TP-7L    00002170 INTL 20050513)
[    0.000000] ACPI: DMI detected: Lenovo ThinkPad R61
[    0.000000] ACPI: Added _OSI(Linux)
[    0.000000] ACPI: Local APIC address 0xfee00000
[    0.000000] 94MB HIGHMEM available.
[    0.000000] 887MB LOWMEM available.
[    0.000000]   mapped low ram: 0 - 377fe000
[    0.000000]   low ram: 0 - 377fe000
[    0.000000]   node 0 low ram: 00000000 - 377fe000
[    0.000000]   node 0 bootmap 00008000 - 0000ef00
[    0.000000] (6 early reservations) ==> bootmem [0000000000 - 00377fe000]
[    0.000000]   #0 [0000000000 - 0000001000]   BIOS data page ==> [0000000000 - 0000001000]
[    0.000000]   #1 [0001000000 - 0001bdc180]    TEXT DATA BSS ==> [0001000000 - 0001bdc180]
[    0.000000]   #2 [000009d800 - 0000100000]    BIOS reserved ==> [000009d800 - 0000100000]
[    0.000000]   #3 [0001bdd000 - 0001be516c]              BRK ==> [0001bdd000 - 0001be516c]
[    0.000000]   #4 [0000007000 - 0000008000]          PGTABLE ==> [0000007000 - 0000008000]
[    0.000000]   #5 [0000008000 - 000000f000]          BOOTMAP ==> [0000008000 - 000000f000]
[    0.000000] found SMP MP-table at [c00f6900] f6900
[    0.000000] Zone PFN ranges:
[    0.000000]   DMA      0x00000000 -> 0x00001000
[    0.000000]   Normal   0x00001000 -> 0x000377fe
[    0.000000]   HighMem  0x000377fe -> 0x0003d6b0
[    0.000000] Movable zone start PFN for each node
[    0.000000] early_node_map[2] active PFN ranges
[    0.000000]     0: 0x00000000 -> 0x0000009d
[    0.000000]     0: 0x00000100 -> 0x0003d6b0
[    0.000000] On node 0 totalpages: 251469
[    0.000000] free_area_init_node: node 0, pgdat c1901ea0, node_mem_map c1be7000
[    0.000000]   DMA zone: 32 pages used for memmap
[    0.000000]   DMA zone: 0 pages reserved
[    0.000000]   DMA zone: 3965 pages, LIFO batch:0
[    0.000000]   Normal zone: 1744 pages used for memmap
[    0.000000]   Normal zone: 221486 pages, LIFO batch:31
[    0.000000]   HighMem zone: 190 pages used for memmap
[    0.000000]   HighMem zone: 24052 pages, LIFO batch:3
[    0.000000] Using APIC driver default
[    0.000000] ACPI: PM-Timer IO Port: 0x1008
[    0.000000] ACPI: Local APIC address 0xfee00000
[    0.000000] ACPI: LAPIC (acpi_id[0x00] lapic_id[0x00] enabled)
[    0.000000] ACPI: LAPIC (acpi_id[0x01] lapic_id[0x01] enabled)
[    0.000000] ACPI: NR_CPUS/possible_cpus limit of 1 reached.  Processor 1/0x1 ignored.
[    0.000000] ACPI: LAPIC_NMI (acpi_id[0x00] high edge lint[0x1])
[    0.000000] ACPI: LAPIC_NMI (acpi_id[0x01] high edge lint[0x1])
[    0.000000] ACPI: IOAPIC (id[0x01] address[0xfec00000] gsi_base[0])
[    0.000000] IOAPIC[0]: apic_id 1, version 32, address 0xfec00000, GSI 0-23
[    0.000000] ACPI: INT_SRC_OVR (bus 0 bus_irq 0 global_irq 2 dfl dfl)
[    0.000000] ACPI: INT_SRC_OVR (bus 0 bus_irq 9 global_irq 9 high level)
[    0.000000] ACPI: IRQ0 used by override.
[    0.000000] ACPI: IRQ2 used by override.
[    0.000000] ACPI: IRQ9 used by override.
[    0.000000] Using ACPI (MADT) for SMP configuration information
[    0.000000] ACPI: HPET id: 0x8086a201 base: 0xfed00000
[    0.000000] nr_irqs_gsi: 24
[    0.000000] PM: Registered nosave memory: 000000000009d000 - 000000000009e000
[    0.000000] PM: Registered nosave memory: 000000000009e000 - 00000000000a0000
[    0.000000] PM: Registered nosave memory: 00000000000a0000 - 00000000000d2000
[    0.000000] PM: Registered nosave memory: 00000000000d2000 - 00000000000d4000
[    0.000000] PM: Registered nosave memory: 00000000000d4000 - 00000000000e0000
[    0.000000] PM: Registered nosave memory: 00000000000e0000 - 0000000000100000
[    0.000000] Allocating PCI resources starting at 3e000000 (gap: 3e000000:b2000000)
[    0.000000] Built 1 zonelists in Zone order, mobility grouping on.  Total pages: 249503
[    0.000000] Kernel command line: auto BOOT_IMAGE=Linux ro root=802 vt.default_utf8=0 maxcpus=0
[    0.000000] PID hash table entries: 4096 (order: 2, 16384 bytes)
[    0.000000] Dentry cache hash table entries: 131072 (order: 7, 524288 bytes)
[    0.000000] Inode-cache hash table entries: 65536 (order: 6, 262144 bytes)
[    0.000000] Enabling fast FPU save and restore... done.
[    0.000000] Enabling unmasked SIMD FPU exception support... done.
[    0.000000] Initializing CPU#0
[    0.000000] Initializing HighMem for node 0 (000377fe:0003d6b0)
[    0.000000] Memory: 984800k/1006272k available (6915k kernel code, 20876k reserved, 2327k data, 448k init, 96968k highmem)
[    0.000000] virtual kernel memory layout:
[    0.000000]     fixmap  : 0xfffa3000 - 0xfffff000   ( 368 kB)
[    0.000000]     pkmap   : 0xff800000 - 0xffc00000   (4096 kB)
[    0.000000]     vmalloc : 0xf7ffe000 - 0xff7fe000   ( 120 MB)
[    0.000000]     lowmem  : 0xc0000000 - 0xf77fe000   ( 887 MB)
[    0.000000]       .init : 0xc1907000 - 0xc1977000   ( 448 kB)
[    0.000000]       .data : 0xc16c0d3f - 0xc1906c64   (2327 kB)
[    0.000000]       .text : 0xc1000000 - 0xc16c0d3f   (6915 kB)
[    0.000000] Checking if this processor honours the WP bit even in supervisor mode...Ok.
[    0.000000] SLUB: Genslabs=13, HWalign=64, Order=0-3, MinObjects=0, CPUs=1, Nodes=1
[    0.000000] Hierarchical RCU implementation.
[    0.000000] NR_IRQS:288
[    0.000000] Extended CMOS year: 2000
[    0.000000] Console: colour VGA+ 80x25
[    0.000000] console [tty0] enabled
[    0.000000] hpet clockevent registered
[    0.000000] Fast TSC calibration using PIT
[    0.000000] Detected 2094.822 MHz processor.
[    0.001001] Calibrating delay loop (skipped), value calculated using timer frequency.. 4189.64 BogoMIPS (lpj=2094822)
[    0.002010] Security Framework initialized
[    0.002096] Mount-cache hash table entries: 512
[    0.002243] CPU: L1 I cache: 32K, L1 D cache: 32K
[    0.002375] CPU: L2 cache: 3072K
[    0.002456] mce: CPU supports 6 MCE banks
[    0.002546] CPU0: Thermal monitoring enabled (TM2)
[    0.002632] using mwait in idle threads.
[    0.002713] CPU: Intel(R) Core(TM)2 Duo CPU     T8100  @ 2.10GHz stepping 06
[    0.002891] Checking 'hlt' instruction... OK.
[    0.006939] ACPI: Core revision 20090903
[    0.026013] RANDOM get_random_int first call with cycles 38329611169, jiffies 4294667322 and pid 0
[    0.026021] CANARY value: c4731d87 for PID: 1
[    0.026027] CANARY value: 9c735dcd for PID: 2
[    0.026052] Enabling APIC mode:  Flat.  Using 1 I/O APICs
[    0.027283] ..TIMER: vector=0x30 apic1=0 pin1=2 apic2=-1 pin2=-1
[    0.037997] xor: automatically using best checksumming function: pIII_sse
[    0.041998]    pIII_sse  :  8568.000 MB/sec
[    0.042085] xor: using function: pIII_sse (8568.000 MB/sec)
[    0.042177] RANDOM - __seed init called.
[    0.042178] RANDOM - __seed init called.
[    0.042178] RANDOM - __seed init called.
[    0.042180] RANDOM - __random32 called. Change num 1.  Value: f7943846	49e73df3	af36cd0d
[    0.042182] RANDOM - __random32 called. Change num 2.  Value: 43846e13	9e73df37	9a1ad014
[    0.042184] RANDOM - __random32 called. Change num 3.  Value: 46e139c8	e73df373	a029598a
[    0.042186] RANDOM - __random32 called. Change num 4.  Value: 139c8c3b	73df373d	b3142c72
[    0.042187] RANDOM - __random32 called. Change num 5.  Value: c8c3b043	3df373de	58e576a9
[    0.042189] RANDOM - __random32 called. Change num 6.  Value: 3b0437d9	df373de5	ed53f9d8
[    0.042191] RANDOM - random32 init called.  Value: 3b0437d9	df373de5	ed53f9d8
[    0.042208] NET: Registered protocol family 16
[    0.042471] ACPI FADT declares the system doesn't support PCIe ASPM, so disable it
[    0.042603] ACPI: bus type pci registered
[    0.042775] PCI: MCFG configuration 0: base f0000000 segment 0 buses 0 - 63
[    0.042872] PCI: MCFG area at f0000000 reserved in E820
[    0.042969] PCI: Using MMCONFIG for extended config space
[    0.043002] PCI: Using configuration type 1 for base access
[    0.046164] bio: create slab <bio-0> at 0
[    0.046973] ACPI: EC: EC description table is found, configuring boot EC
[    0.052154] ACPI: BIOS _OSI(Linux) query honored via DMI
[    0.052886] random 0000 0000 0000 00000000 00000000: rand_read_num 2 get_random_bytes(8): sig fffffe1a 00000000 00000000
[    0.052888] random 0000 0000 0000 00000000 00000000: extract_entropy(.. 8 ..)
[    0.052891] random 0000 0000 0000 00000000 00000000: going to reseed nonblocking with 64 bits (64 of 0 requested)
[    0.052893] random 0000 0000 0000 00000000 00000000: extract_entropy(.. 8 ..)
[    0.052895] random 0000 0000 0000 00000000 00000000: trying to extract 64 bits from input
[    0.052898] random 0000 0000 0000 00000000 00000000: debiting 0 entropy credits from input
[    0.052900] random 0000 0000 0000 00000000 00000000: extract_entropy account returned: 0 
[    0.052929] random 0000 0000 0000 00000000 00000000: urand_change_num 3 xfer_secondary_pool(8): pool_sig fffffe1a, data_sig 00000000, bytes_mixed 0 00000000 00000000
[    0.052932] random 0000 0000 0000 00000000 00000000: trying to extract 64 bits from nonblocking
[    0.052934] random 0000 0000 0000 00000000 00000000: debiting 64 entropy credits from nonblocking (unlimited)
[    0.052936] random 0000 0000 0000 00000000 00000000: extract_entropy account returned: 8 
[    0.052941] random 0000 0000 0000 00000000 00000000: urand_change_num 4 extract_buf: pool_sig fffffe1a, data_sig fffffed7, bytes_mixed 20 00000000 00000000
[    0.058573] ACPI: Interpreter enabled
[    0.058664] ACPI: (supports S0 S3 S4 S5)
[    0.058998] ACPI: Using IOAPIC for interrupt routing
[    0.068812] ACPI: EC: GPE = 0x12, I/O: command/status = 0x66, data = 0x62
[    0.069082] ACPI: Power Resource [PUBS] (on)
[    0.071203] ACPI: ACPI Dock Station Driver: 3 docks/bays found
[    0.071612] ACPI: PCI Root Bridge [PCI0] (0000:00)
[    0.071797] pci 0000:00:02.0: reg 10 64bit mmio: [0xf8100000-0xf81fffff]
[    0.071803] pci 0000:00:02.0: reg 18 64bit mmio pref: [0xe0000000-0xefffffff]
[    0.071807] pci 0000:00:02.0: reg 20 io port: [0x1800-0x1807]
[    0.071842] pci 0000:00:02.1: reg 10 64bit mmio: [0xf8200000-0xf82fffff]
[    0.071945] pci 0000:00:19.0: reg 10 32bit mmio: [0xfe000000-0xfe01ffff]
[    0.071954] pci 0000:00:19.0: reg 14 32bit mmio: [0xfe025000-0xfe025fff]
[    0.071964] pci 0000:00:19.0: reg 18 io port: [0x1840-0x185f]
[    0.072040] pci 0000:00:19.0: PME# supported from D0 D3hot D3cold
[    0.072141] pci 0000:00:19.0: PME# disabled
[    0.072288] pci 0000:00:1a.0: reg 20 io port: [0x1860-0x187f]
[    0.072365] pci 0000:00:1a.1: reg 20 io port: [0x1880-0x189f]
[    0.072446] pci 0000:00:1a.7: reg 10 32bit mmio: [0xfe226c00-0xfe226fff]
[    0.072525] pci 0000:00:1a.7: PME# supported from D0 D3hot D3cold
[    0.072627] pci 0000:00:1a.7: PME# disabled
[    0.072774] pci 0000:00:1b.0: reg 10 64bit mmio: [0xfe020000-0xfe023fff]
[    0.072852] pci 0000:00:1b.0: PME# supported from D0 D3hot D3cold
[    0.072949] pci 0000:00:1b.0: PME# disabled
[    0.073105] pci 0000:00:1c.0: PME# supported from D0 D3hot D3cold
[    0.073202] pci 0000:00:1c.0: PME# disabled
[    0.073405] pci 0000:00:1c.1: PME# supported from D0 D3hot D3cold
[    0.073508] pci 0000:00:1c.1: PME# disabled
[    0.073726] pci 0000:00:1c.2: PME# supported from D0 D3hot D3cold
[    0.073822] pci 0000:00:1c.2: PME# disabled
[    0.074086] pci 0000:00:1c.3: PME# supported from D0 D3hot D3cold
[    0.074183] pci 0000:00:1c.3: PME# disabled
[    0.075058] pci 0000:00:1c.4: PME# supported from D0 D3hot D3cold
[    0.075153] pci 0000:00:1c.4: PME# disabled
[    0.075301] pci 0000:00:1d.0: reg 20 io port: [0x18a0-0x18bf]
[    0.075376] pci 0000:00:1d.1: reg 20 io port: [0x18c0-0x18df]
[    0.075458] pci 0000:00:1d.2: reg 20 io port: [0x18e0-0x18ff]
[    0.075548] pci 0000:00:1d.7: reg 10 32bit mmio: [0xfe227000-0xfe2273ff]
[    0.075643] pci 0000:00:1d.7: PME# supported from D0 D3hot D3cold
[    0.075735] pci 0000:00:1d.7: PME# disabled
[    0.076044] pci 0000:00:1f.0: quirk: region 1000-107f claimed by ICH6 ACPI/GPIO/TCO
[    0.076174] pci 0000:00:1f.0: quirk: region 1180-11bf claimed by ICH6 GPIO
[    0.076270] pci 0000:00:1f.0: ICH7 LPC Generic IO decode 1 PIO at 1600 (mask 007f)
[    0.076393] pci 0000:00:1f.0: ICH7 LPC Generic IO decode 2 PIO at 15e0 (mask 000f)
[    0.076524] pci 0000:00:1f.0: ICH7 LPC Generic IO decode 3 PIO at 1680 (mask 001f)
[    0.076733] pci 0000:00:1f.1: reg 10 io port: [0x00-0x07]
[    0.076743] pci 0000:00:1f.1: reg 14 io port: [0x00-0x03]
[    0.076752] pci 0000:00:1f.1: reg 18 io port: [0x00-0x07]
[    0.076762] pci 0000:00:1f.1: reg 1c io port: [0x00-0x03]
[    0.076773] pci 0000:00:1f.1: reg 20 io port: [0x1c00-0x1c0f]
[    0.076850] pci 0000:00:1f.2: reg 10 io port: [0x1c50-0x1c57]
[    0.076857] pci 0000:00:1f.2: reg 14 io port: [0x1c44-0x1c47]
[    0.076866] pci 0000:00:1f.2: reg 18 io port: [0x1c48-0x1c4f]
[    0.076875] pci 0000:00:1f.2: reg 1c io port: [0x1c40-0x1c43]
[    0.076883] pci 0000:00:1f.2: reg 20 io port: [0x1c20-0x1c3f]
[    0.076890] pci 0000:00:1f.2: reg 24 32bit mmio: [0xfe226000-0xfe2267ff]
[    0.076952] pci 0000:00:1f.2: PME# supported from D3hot
[    0.076999] pci 0000:00:1f.2: PME# disabled
[    0.077111] pci 0000:00:1f.3: reg 10 32bit mmio: [0xfe227400-0xfe2274ff]
[    0.077136] pci 0000:00:1f.3: reg 20 io port: [0x1c60-0x1c7f]
[    0.077228] pci 0000:00:1c.0: bridge io port: [0x2000-0x2fff]
[    0.077233] pci 0000:00:1c.0: bridge 32bit mmio: [0xfc000000-0xfdffffff]
[    0.077242] pci 0000:00:1c.0: bridge 64bit mmio pref: [0xf8000000-0xf80fffff]
[    0.077315] pci 0000:03:00.0: reg 10 64bit mmio: [0xdf3f0000-0xdf3fffff]
[    0.077512] pci 0000:00:1c.1: bridge io port: [0x3000-0x3fff]
[    0.077518] pci 0000:00:1c.1: bridge 32bit mmio: [0xdc000000-0xdf3fffff]
[    0.077527] pci 0000:00:1c.1: bridge 64bit mmio pref: [0xdfe00000-0xdfefffff]
[    0.077586] pci 0000:00:1c.2: bridge io port: [0x4000-0x4fff]
[    0.077592] pci 0000:00:1c.2: bridge 32bit mmio: [0xd8000000-0xd9ffffff]
[    0.077601] pci 0000:00:1c.2: bridge 64bit mmio pref: [0xdfb00000-0xdfbfffff]
[    0.077658] pci 0000:00:1c.3: bridge io port: [0x5000-0x5fff]
[    0.077662] pci 0000:00:1c.3: bridge 32bit mmio: [0xd4000000-0xd5ffffff]
[    0.077671] pci 0000:00:1c.3: bridge 64bit mmio pref: [0xdf800000-0xdf8fffff]
[    0.077728] pci 0000:00:1c.4: bridge io port: [0x6000-0x6fff]
[    0.077734] pci 0000:00:1c.4: bridge 32bit mmio: [0xd0000000-0xd1ffffff]
[    0.077743] pci 0000:00:1c.4: bridge 64bit mmio pref: [0xdf500000-0xdf5fffff]
[    0.077796] pci 0000:15:00.0: reg 10 32bit mmio: [0xf8300000-0xf8300fff]
[    0.077843] pci 0000:15:00.0: supports D1 D2
[    0.077845] pci 0000:15:00.0: PME# supported from D0 D1 D2 D3hot D3cold
[    0.077999] pci 0000:15:00.0: PME# disabled
[    0.078168] pci 0000:15:00.1: reg 10 32bit mmio: [0xf8301000-0xf83017ff]
[    0.078263] pci 0000:15:00.1: supports D1 D2
[    0.078264] pci 0000:15:00.1: PME# supported from D0 D1 D2 D3hot D3cold
[    0.078360] pci 0000:15:00.1: PME# disabled
[    0.078548] pci 0000:00:1e.0: transparent bridge
[    0.078638] pci 0000:00:1e.0: bridge io port: [0x7000-0xafff]
[    0.078644] pci 0000:00:1e.0: bridge 32bit mmio: [0xf8300000-0xfbffffff]
[    0.078653] pci 0000:00:1e.0: bridge 64bit mmio pref: [0xf4000000-0xf7ffffff]
[    0.078720] pci_bus 0000:00: on NUMA node 0
[    0.078724] ACPI: PCI Interrupt Routing Table [\_SB_.PCI0._PRT]
[    0.078857] ACPI: PCI Interrupt Routing Table [\_SB_.PCI0.EXP0._PRT]
[    0.078916] ACPI: PCI Interrupt Routing Table [\_SB_.PCI0.EXP1._PRT]
[    0.078975] ACPI: PCI Interrupt Routing Table [\_SB_.PCI0.EXP2._PRT]
[    0.079041] ACPI: PCI Interrupt Routing Table [\_SB_.PCI0.EXP3._PRT]
[    0.079105] ACPI: PCI Interrupt Routing Table [\_SB_.PCI0.EXP4._PRT]
[    0.079168] ACPI: PCI Interrupt Routing Table [\_SB_.PCI0.PCI1._PRT]
[    0.084629] ACPI: PCI Interrupt Link [LNKA] (IRQs 3 4 5 6 7 9 *10 11)
[    0.085436] ACPI: PCI Interrupt Link [LNKB] (IRQs 3 4 5 6 7 9 10 *11)
[    0.086242] ACPI: PCI Interrupt Link [LNKC] (IRQs 3 4 5 6 7 9 10 *11)
[    0.087131] ACPI: PCI Interrupt Link [LNKD] (IRQs 3 4 5 6 7 9 10 *11)
[    0.087940] ACPI: PCI Interrupt Link [LNKE] (IRQs 3 4 5 6 7 9 10 *11)
[    0.088753] ACPI: PCI Interrupt Link [LNKF] (IRQs 3 4 5 6 7 9 10 *11)
[    0.089587] ACPI: PCI Interrupt Link [LNKG] (IRQs 3 4 5 6 7 9 10 *11)
[    0.090425] ACPI: PCI Interrupt Link [LNKH] (IRQs 3 4 5 6 7 9 10 *11)
[    0.091209] vgaarb: device added: PCI:0000:00:02.0,decodes=io+mem,owns=io+mem,locks=none
[    0.091345] vgaarb: loaded
[    0.091523] SCSI subsystem initialized
[    0.091633] libata version 3.00 loaded.
[    0.091680] usbcore: registered new interface driver usbfs
[    0.091806] usbcore: registered new interface driver hub
[    0.091919] usbcore: registered new device driver usb
[    0.109046] raid6: int32x1    941 MB/s
[    0.126058] raid6: int32x2    890 MB/s
[    0.142989] raid6: int32x4    746 MB/s
[    0.159990] raid6: int32x8    656 MB/s
[    0.176988] raid6: mmxx1     2878 MB/s
[    0.193987] raid6: mmxx2     3253 MB/s
[    0.210987] raid6: sse1x1    1937 MB/s
[    0.227999] raid6: sse1x2    2535 MB/s
[    0.244979] raid6: sse2x1    3507 MB/s
[    0.261975] raid6: sse2x2    3828 MB/s
[    0.262069] raid6: using algorithm sse2x2 (3828 MB/s)
[    0.262164] PCI: Using ACPI for IRQ routing
[    0.262474] HPET: 3 timers in total, 0 timers will be used for per-cpu timer
[    0.262982] Switching to clocksource tsc
[    0.263083] pnp: PnP ACPI init
[    0.263172] ACPI: bus type pnp registered
[    0.266817] pnp: PnP ACPI: found 11 devices
[    0.266920] ACPI: ACPI bus type pnp unregistered
[    0.267017] system 00:00: iomem range 0x0-0x9ffff could not be reserved
[    0.267113] system 00:00: iomem range 0xc0000-0xc3fff could not be reserved
[    0.267212] system 00:00: iomem range 0xc4000-0xc7fff could not be reserved
[    0.267304] system 00:00: iomem range 0xc8000-0xcbfff has been reserved
[    0.267403] system 00:00: iomem range 0xcc000-0xcffff has been reserved
[    0.267495] system 00:00: iomem range 0xd0000-0xd3fff could not be reserved
[    0.267596] system 00:00: iomem range 0xe0000-0xe3fff could not be reserved
[    0.267686] system 00:00: iomem range 0xe4000-0xe7fff could not be reserved
[    0.267782] system 00:00: iomem range 0xe8000-0xebfff could not be reserved
[    0.267887] system 00:00: iomem range 0xec000-0xeffff could not be reserved
[    0.267985] system 00:00: iomem range 0xf0000-0xfffff could not be reserved
[    0.268088] system 00:00: iomem range 0x100000-0x3dffffff could not be reserved
[    0.268209] system 00:00: iomem range 0xfec00000-0xfed3ffff could not be reserved
[    0.268332] system 00:00: iomem range 0xfed4c000-0xffffffff could not be reserved
[    0.268457] system 00:02: ioport range 0x164e-0x164f has been reserved
[    0.268549] system 00:02: ioport range 0x1000-0x107f has been reserved
[    0.268651] system 00:02: ioport range 0x1180-0x11bf has been reserved
[    0.268747] system 00:02: ioport range 0x800-0x80f has been reserved
[    0.268835] system 00:02: ioport range 0x15e0-0x15ef has been reserved
[    0.268939] system 00:02: ioport range 0x1600-0x165f could not be reserved
[    0.269038] system 00:02: iomem range 0xf0000000-0xf3ffffff has been reserved
[    0.269130] system 00:02: iomem range 0xfed1c000-0xfed1ffff has been reserved
[    0.269221] system 00:02: iomem range 0xfed14000-0xfed17fff has been reserved
[    0.269312] system 00:02: iomem range 0xfed18000-0xfed18fff has been reserved
[    0.269405] system 00:02: iomem range 0xfed19000-0xfed19fff has been reserved
[    0.269493] system 00:02: iomem range 0xfed45000-0xfed4bfff has been reserved
[    0.304543] pci 0000:00:1c.0: PCI bridge, secondary bus 0000:02
[    0.304635] pci 0000:00:1c.0:   IO window: 0x2000-0x2fff
[    0.304731] pci 0000:00:1c.0:   MEM window: 0xfc000000-0xfdffffff
[    0.304824] pci 0000:00:1c.0:   PREFETCH window: 0x000000f8000000-0x000000f80fffff
[    0.304956] pci 0000:00:1c.1: PCI bridge, secondary bus 0000:03
[    0.305054] pci 0000:00:1c.1:   IO window: 0x3000-0x3fff
[    0.305147] pci 0000:00:1c.1:   MEM window: 0xdc000000-0xdf3fffff
[    0.305241] pci 0000:00:1c.1:   PREFETCH window: 0x000000dfe00000-0x000000dfefffff
[    0.305372] pci 0000:00:1c.2: PCI bridge, secondary bus 0000:04
[    0.305472] pci 0000:00:1c.2:   IO window: 0x4000-0x4fff
[    0.305572] pci 0000:00:1c.2:   MEM window: 0xd8000000-0xd9ffffff
[    0.305670] pci 0000:00:1c.2:   PREFETCH window: 0x000000dfb00000-0x000000dfbfffff
[    0.305799] pci 0000:00:1c.3: PCI bridge, secondary bus 0000:05
[    0.305901] pci 0000:00:1c.3:   IO window: 0x5000-0x5fff
[    0.306001] pci 0000:00:1c.3:   MEM window: 0xd4000000-0xd5ffffff
[    0.306097] pci 0000:00:1c.3:   PREFETCH window: 0x000000df800000-0x000000df8fffff
[    0.306224] pci 0000:00:1c.4: PCI bridge, secondary bus 0000:0d
[    0.306316] pci 0000:00:1c.4:   IO window: 0x6000-0x6fff
[    0.306410] pci 0000:00:1c.4:   MEM window: 0xd0000000-0xd1ffffff
[    0.306517] pci 0000:00:1c.4:   PREFETCH window: 0x000000df500000-0x000000df5fffff
[    0.306646] pci 0000:15:00.0: CardBus bridge, secondary bus 0000:16
[    0.306737] pci 0000:15:00.0:   IO window: 0x007000-0x0070ff
[    0.306836] pci 0000:15:00.0:   IO window: 0x007400-0x0074ff
[    0.306931] pci 0000:15:00.0:   PREFETCH window: 0xf4000000-0xf7ffffff
[    0.307023] pci 0000:15:00.0:   MEM window: 0x40000000-0x43ffffff
[    0.307118] pci 0000:00:1e.0: PCI bridge, secondary bus 0000:15
[    0.307215] pci 0000:00:1e.0:   IO window: 0x7000-0xafff
[    0.307311] pci 0000:00:1e.0:   MEM window: 0xf8300000-0xfbffffff
[    0.307405] pci 0000:00:1e.0:   PREFETCH window: 0x000000f4000000-0x000000f7ffffff
[    0.307545] pci 0000:00:1c.0: PCI INT A -> GSI 20 (level, low) -> IRQ 20
[    0.307644] pci 0000:00:1c.0: setting latency timer to 64
[    0.307658] pci 0000:00:1c.1: PCI INT B -> GSI 21 (level, low) -> IRQ 21
[    0.307760] pci 0000:00:1c.1: setting latency timer to 64
[    0.307773] pci 0000:00:1c.2: PCI INT C -> GSI 22 (level, low) -> IRQ 22
[    0.307877] pci 0000:00:1c.2: setting latency timer to 64
[    0.307891] pci 0000:00:1c.3: PCI INT D -> GSI 23 (level, low) -> IRQ 23
[    0.307989] pci 0000:00:1c.3: setting latency timer to 64
[    0.308000] pci 0000:00:1c.4: PCI INT A -> GSI 20 (level, low) -> IRQ 20
[    0.308096] pci 0000:00:1c.4: setting latency timer to 64
[    0.308105] pci 0000:00:1e.0: enabling device (0005 -> 0007)
[    0.308207] pci 0000:00:1e.0: setting latency timer to 64
[    0.308222] pci 0000:15:00.0: PCI INT A -> GSI 16 (level, low) -> IRQ 16
[    0.308318] pci 0000:15:00.0: setting latency timer to 64
[    0.308324] pci_bus 0000:00: resource 0 io:  [0x00-0xffff]
[    0.308326] pci_bus 0000:00: resource 1 mem: [0x000000-0xffffffff]
[    0.308328] pci_bus 0000:02: resource 0 io:  [0x2000-0x2fff]
[    0.308330] pci_bus 0000:02: resource 1 mem: [0xfc000000-0xfdffffff]
[    0.308332] pci_bus 0000:02: resource 2 pref mem [0xf8000000-0xf80fffff]
[    0.308334] pci_bus 0000:03: resource 0 io:  [0x3000-0x3fff]
[    0.308336] pci_bus 0000:03: resource 1 mem: [0xdc000000-0xdf3fffff]
[    0.308338] pci_bus 0000:03: resource 2 pref mem [0xdfe00000-0xdfefffff]
[    0.308340] pci_bus 0000:04: resource 0 io:  [0x4000-0x4fff]
[    0.308341] pci_bus 0000:04: resource 1 mem: [0xd8000000-0xd9ffffff]
[    0.308343] pci_bus 0000:04: resource 2 pref mem [0xdfb00000-0xdfbfffff]
[    0.308345] pci_bus 0000:05: resource 0 io:  [0x5000-0x5fff]
[    0.308347] pci_bus 0000:05: resource 1 mem: [0xd4000000-0xd5ffffff]
[    0.308349] pci_bus 0000:05: resource 2 pref mem [0xdf800000-0xdf8fffff]
[    0.308351] pci_bus 0000:0d: resource 0 io:  [0x6000-0x6fff]
[    0.308352] pci_bus 0000:0d: resource 1 mem: [0xd0000000-0xd1ffffff]
[    0.308354] pci_bus 0000:0d: resource 2 pref mem [0xdf500000-0xdf5fffff]
[    0.308356] pci_bus 0000:15: resource 0 io:  [0x7000-0xafff]
[    0.308358] pci_bus 0000:15: resource 1 mem: [0xf8300000-0xfbffffff]
[    0.308360] pci_bus 0000:15: resource 2 pref mem [0xf4000000-0xf7ffffff]
[    0.308362] pci_bus 0000:15: resource 3 io:  [0x00-0xffff]
[    0.308363] pci_bus 0000:15: resource 4 mem: [0x000000-0xffffffff]
[    0.308365] pci_bus 0000:16: resource 0 io:  [0x7000-0x70ff]
[    0.308367] pci_bus 0000:16: resource 1 io:  [0x7400-0x74ff]
[    0.308369] pci_bus 0000:16: resource 2 pref mem [0xf4000000-0xf7ffffff]
[    0.308371] pci_bus 0000:16: resource 3 mem: [0x40000000-0x43ffffff]
[    0.308378] NET: Registered protocol family 2
[    0.308473] RANDOM - __random32 called. Change num 7.  Value: 437d97bf	f373de51	f3b0f986
[    0.308475] RANDOM - random32 called.  Value: 437d97bf	f373de51	f3b0f986
[    0.308479] random 0000 0000 0000 5f8db4e5 4cfdf2a8: rand_read_num 3 get_random_bytes(4): sig fffffb64 5f8db4e5 4cfdf2a8
[    0.308482] random 0000 0000 0000 5f8db4e5 4cfdf2a8: extract_entropy(.. 4 ..)
[    0.308484] random 0000 0000 0000 5f8db4e5 4cfdf2a8: going to reseed nonblocking with 64 bits (32 of 0 requested)
[    0.308487] random 0000 0000 0000 5f8db4e5 4cfdf2a8: extract_entropy(.. 8 ..)
[    0.308489] random 0000 0000 0000 5f8db4e5 4cfdf2a8: trying to extract 64 bits from input
[    0.308491] random 0000 0000 0000 5f8db4e5 4cfdf2a8: debiting 0 entropy credits from input
[    0.308493] random 0000 0000 0000 5f8db4e5 4cfdf2a8: extract_entropy account returned: 0 
[    0.308496] random 0000 0000 0000 5f8db4e5 4cfdf2a8: urand_change_num 5 xfer_secondary_pool(4): pool_sig fffffb64, data_sig 00000000, bytes_mixed 0 5f8db4e5 4cfdf2a8
[    0.308499] random 0000 0000 0000 5f8db4e5 4cfdf2a8: trying to extract 32 bits from nonblocking
[    0.308501] random 0000 0000 0000 5f8db4e5 4cfdf2a8: debiting 32 entropy credits from nonblocking (unlimited)
[    0.308503] random 0000 0000 0000 5f8db4e5 4cfdf2a8: extract_entropy account returned: 4 
[    0.308508] random 0000 0000 0000 5f8db4e5 4cfdf2a8: urand_change_num 6 extract_buf: pool_sig fffffb64, data_sig 00000241, bytes_mixed 20 5f8db4e5 4cfdf2a8
[    0.308517] IP route cache hash table entries: 32768 (order: 5, 131072 bytes)
[    0.308648] RANDOM - __random32 called. Change num 8.  Value: d97bfe31	373de51f	f30dc6e6
[    0.308650] RANDOM - random32 called.  Value: d97bfe31	373de51f	f30dc6e6
[    0.308660] RANDOM - __random32 called. Change num 9.  Value: bfe314d7	73de51f5	8dcd6c7e
[    0.308662] RANDOM - random32 called.  Value: bfe314d7	73de51f5	8dcd6c7e
[    0.308664] RANDOM - __random32 called. Change num 10.  Value: 314d7baf	3de51f5e	d8fc74c1
[    0.308666] RANDOM - random32 called.  Value: 314d7baf	3de51f5e	d8fc74c1
[    0.308676] RANDOM - __random32 called. Change num 11.  Value: d7baf3c7	de51f5e5	e983e3fa
[    0.308678] RANDOM - random32 called.  Value: d7baf3c7	de51f5e5	e983e3fa
[    0.308688] TCP established hash table entries: 131072 (order: 8, 1048576 bytes)
[    0.309189] TCP bind hash table entries: 65536 (order: 6, 262144 bytes)
[    0.309378] TCP: Hash tables configured (established 131072 bind 65536)
[    0.309473] TCP reno registered
[    0.309579] NET: Registered protocol family 1
[    0.309693] RPC: Registered udp transport module.
[    0.309785] RPC: Registered tcp transport module.
[    0.309891] RPC: Registered tcp NFSv4.1 backchannel transport module.
[    0.309983] pci 0000:00:02.0: Boot video device
[    0.310194] Simple Boot Flag at 0x35 set to 0x1
[    0.310714] highmem bounce pool size: 64 pages
[    0.312283] VFS: Disk quotas dquot_6.5.2
[    0.312407] Dquot-cache hash table entries: 1024 (order 0, 4096 bytes)
[    0.313086] NTFS driver 2.1.29 [Flags: R/W].
[    0.313256] ROMFS MTD (C) 2007 Red Hat, Inc.
[    0.313469] JFS: nTxBlock = 7695, nTxLock = 61562
[    0.315942] SGI XFS with ACLs, security attributes, large block/inode numbers, no debug enabled
[    0.316426] SGI XFS Quota Management subsystem
[    0.316716] Slow work thread pool: Starting up
[    0.316822] Slow work thread pool: Ready
[    0.316944] GFS2 (built May 24 2013 02:47:17) installed
[    0.317037] msgmni has been set to 1734
[    0.317206] alg: No test for cipher_null (cipher_null-generic)
[    0.317309] alg: No test for ecb(cipher_null) (ecb-cipher_null)
[    0.317407] alg: No test for digest_null (digest_null-generic)
[    0.317505] alg: No test for compress_null (compress_null-generic)
[    0.318088] alg: No test for fcrypt (fcrypt-generic)
[    0.319500] alg: No test for stdrng (krng)
[    0.319600] async_tx: api initialized (async)
[    0.319756] Block layer SCSI generic (bsg) driver version 0.4 loaded (major 254)
[    0.319895] io scheduler noop registered
[    0.319982] io scheduler anticipatory registered
[    0.320072] io scheduler deadline registered
[    0.320205] io scheduler cfq registered (default)
[    0.320441] pcieport 0000:00:1c.0: irq 24 for MSI/MSI-X
[    0.320455] pcieport 0000:00:1c.0: setting latency timer to 64
[    0.320641] pcieport 0000:00:1c.1: irq 25 for MSI/MSI-X
[    0.320653] pcieport 0000:00:1c.1: setting latency timer to 64
[    0.320835] pcieport 0000:00:1c.2: irq 26 for MSI/MSI-X
[    0.320846] pcieport 0000:00:1c.2: setting latency timer to 64
[    0.321035] pcieport 0000:00:1c.3: irq 27 for MSI/MSI-X
[    0.321047] pcieport 0000:00:1c.3: setting latency timer to 64
[    0.321226] pcieport 0000:00:1c.4: irq 28 for MSI/MSI-X
[    0.321237] pcieport 0000:00:1c.4: setting latency timer to 64
[    0.321381] pci_hotplug: PCI Hot Plug PCI Core version: 0.5
[    0.321572] isapnp: Scanning for PnP cards...
[    0.682121] isapnp: No Plug & Play device found
[    0.682221] random 0000 0000 0000 5f8db4e5 4cfdf2a8: initializing
[    0.682223] RANDOM init_std_data for input now value: 1369922650682223093
[    0.682224] RANDOM init_std_data for blocking now value: 1369922650682225068
[    0.682226] RANDOM init_std_data for nonblocking now value: 1369922650682226772
[    0.701790] Serial: 8250/16550 driver, 4 ports, IRQ sharing enabled
[    3.712548] floppy0: no floppy controllers found
[    3.713501] brd: module loaded
[    3.714009] loop: module loaded
[    3.714097] Compaq SMART2 Driver (v 2.6.0)
[    3.714221] HP CISS Driver (v 3.6.20)
[    3.714465] input: Macintosh mouse button emulation as /devices/virtual/input/input0
[    3.714616] Uniform Multi-Platform E-IDE driver
[    3.714848] piix 0000:00:1f.1: IDE controller (0x8086:0x2850 rev 0x03)
[    3.714949] pci 0000:00:1f.1: PCI INT C -> GSI 16 (level, low) -> IRQ 16
[    3.715065] piix 0000:00:1f.1: IDE port disabled
[    3.715168] piix 0000:00:1f.1: not 100% native mode: will probe irqs later
[    3.715270]     ide0: BM-DMA at 0x1c00-0x1c07
[    3.715365] Probing IDE interface ide0...
[    4.386702] hda: HL-DT-ST DVDRAM GSA-U10N, ATAPI CD/DVD-ROM drive
[    4.693486] hda: host max PIO4 wanted PIO255(auto-tune) selected PIO4
[    4.694259] hda: UDMA/33 mode selected
[    4.694725] ide0 at 0x1f0-0x1f7,0x3f6 on irq 14
[    4.698643] ide-gd driver 1.18
[    4.698751] ide-cd driver 5.00
[    4.700136] random 0000 0000 0000 00000000 00000000: add_disk_randomness(0:0) 00000000 00000000
[    4.700140] random 0000 0000 0000 00000000 00000000: add_timer_randomness(.. 256) with jiffies: 5305900995731750524, cycles: 5305900991437078539
[    4.700143] random 0000 0000 0000 00000000 00000000: added 11 entropy credits to input
[    4.700146] ide-cd: hda: ATAPI 24X DVD-ROM DVD-R/RAM CD-R/RW drive, 2048kB Cache
[    4.700596] Uniform CD-ROM driver Revision: 3.20
[    4.703372] random 0011 0000 0000 00000000 00000000: add_disk_randomness(0:0) 00000000 00000000
[    4.703375] random 0011 0000 0000 00000000 00000000: add_timer_randomness(.. 256) with jiffies: 5335018919788510847, cycles: 5335018915493838859
[    4.703378] random 0011 0000 0000 00000000 00000000: added 1 entropy credits to input
[    4.703381] random 0012 0000 0000 00000000 00000000: add_disk_randomness(0:0) 00000000 00000000
[    4.703384] random 0012 0000 0000 00000000 00000000: add_timer_randomness(.. 256) with jiffies: 5335095812588011135, cycles: 5335095808293339147
[    4.705368] random 0012 0000 0000 00000000 00000000: add_disk_randomness(0:0) 00000000 00000000
[    4.705371] random 0012 0000 0000 00000000 00000000: add_timer_randomness(.. 256) with jiffies: 5352978772213333633, cycles: 5352978767918661643
[    4.705374] random 0012 0000 0000 00000000 00000000: added 1 entropy credits to input
[    4.705377] random 0013 0000 0000 00000000 00000000: add_disk_randomness(0:0) 00000000 00000000
[    4.705380] random 0013 0000 0000 00000000 00000000: add_timer_randomness(.. 256) with jiffies: 5353054174659182209, cycles: 5353054170364510219
[    4.707366] random 0013 0000 0000 00000000 00000000: add_disk_randomness(0:0) 00000000 00000000
[    4.707368] random 0013 0000 0000 00000000 00000000: add_timer_randomness(.. 256) with jiffies: 5370948636206923395, cycles: 5370948631912251403
[    4.707371] random 0013 0000 0000 00000000 00000000: added 1 entropy credits to input
[    4.707374] random 0014 0000 0000 00000000 00000000: add_disk_randomness(0:0) 00000000 00000000
[    4.707377] random 0014 0000 0000 00000000 00000000: add_timer_randomness(.. 256) with jiffies: 5371021921233895043, cycles: 5371021916939223051
[    4.707652] Loading iSCSI transport class v2.0-870.
[    4.707940] rdac: device handler registered
[    4.708028] hp_sw: device handler registered
[    4.708119] emc: device handler registered
[    4.708210] alua: device handler registered
[    4.709211] Adaptec aacraid driver 1.1-5[2461]-ms
[    4.709645] scsi: <fdomain> Detection failed (no card)
[    4.709744] sym53c416.c: Version 1.0.0-ac
[    4.709854] qlogicfas: no cards were found, please specify I/O address and IRQ using iobase= and irq= options
[    4.709984] QLogic Fibre Channel HBA Driver: 8.03.01-k6
[    4.710209] iscsi: registered transport (qla4xxx)
[    4.710317] QLogic iSCSI HBA Driver
[    4.710403] Emulex LightPulse Fibre Channel SCSI driver 8.3.4
[    4.710505] Copyright(c) 2004-2009 Emulex.  All rights reserved.
[    4.732466] Failed initialization of WD-7000 SCSI card!
[    4.821319] DC390: clustering now enabled by default. If you get problems load
[    4.821448]        with "disable_clustering=1" and report to maintainers
[    4.821586] megaraid cmm: 2.20.2.7 (Release Date: Sun Jul 16 00:01:03 EST 2006)
[    4.821741] megaraid: 2.20.5.1 (Release Date: Thu Nov 16 15:32:35 EST 2006)
[    4.821858] megasas: 00.00.04.01 Thu July 24 11:41:51 PST 2008
[    4.821993] GDT-HA: Storage RAID Controller Driver. Version: 3.05
[    4.822140] 3ware Storage Controller device driver for Linux v1.26.02.002.
[    4.822255] 3ware 9000 Storage Controller device driver for Linux v2.26.02.012.
[    4.822404] nsp32: loading...
[    4.822518] ipr: IBM Power RAID SCSI Device Driver version: 2.4.3 (June 10, 2009)
[    4.822660] RocketRAID 3xxx/4xxx Controller driver v1.6 (090910)
[    4.822779] stex: Promise SuperTrak EX Driver version: 4.6.0000.3
[    4.822913] st: Version 20081215, fixed bufsize 32768, s/g segs 256
[    4.823103] ahci 0000:00:1f.2: version 3.0
[    4.823121] ahci 0000:00:1f.2: PCI INT B -> GSI 16 (level, low) -> IRQ 16
[    4.823256] ahci 0000:00:1f.2: irq 29 for MSI/MSI-X
[    4.823315] ahci 0000:00:1f.2: AHCI 0001.0100 32 slots 3 ports 1.5 Gbps 0x5 impl SATA mode
[    4.823458] ahci 0000:00:1f.2: flags: 64bit ncq sntf pm led clo pio slum part ccc 
[    4.823589] ahci 0000:00:1f.2: setting latency timer to 64
[    4.823733] scsi2 : ahci
[    4.823896] scsi3 : ahci
[    4.824047] scsi4 : ahci
[    4.824215] ata1: SATA max UDMA/133 abar m2048@0xfe226000 port 0xfe226100 irq 29
[    4.824341] ata2: DUMMY
[    4.824451] ata3: SATA max UDMA/133 abar m2048@0xfe226000 port 0xfe226200 irq 29
[    4.825055] I2O subsystem v1.325
[    4.825143] i2o: max drivers = 8
[    4.825288] I2O Configuration OSM v1.323
[    4.825395] I2O Bus Adapter OSM v1.317
[    4.825508] I2O Block Device OSM v1.325
[    4.825658] I2O SCSI Peripheral OSM v1.316
[    4.825761] I2O ProcFS OSM v1.316
[    4.825873] Fusion MPT base driver 3.04.12
[    4.825961] Copyright (c) 1999-2008 LSI Corporation
[    4.826053] Fusion MPT SPI Host driver 3.04.12
[    4.826166] Fusion MPT FC Host driver 3.04.12
[    4.826285] Fusion MPT SAS Host driver 3.04.12
[    4.826454] ohci1394 0000:15:00.1: PCI INT B -> GSI 17 (level, low) -> IRQ 17
[    4.826558] ohci1394 0000:15:00.1: setting latency timer to 64
[    4.880476] ohci1394: fw-host0: OHCI-1394 1.1 (PCI): IRQ=[17]  MMIO=[f8301000-f83017ff]  Max Packet=[2048]  IR/IT contexts=[4/4]
[    4.884747] ehci_hcd: USB 2.0 'Enhanced' Host Controller (EHCI) Driver
[    4.885013] ehci_hcd 0000:00:1a.7: power state changed by ACPI to D0
[    4.885255] ehci_hcd 0000:00:1a.7: power state changed by ACPI to D0
[    4.885367] ehci_hcd 0000:00:1a.7: PCI INT C -> GSI 22 (level, low) -> IRQ 22
[    4.885472] ehci_hcd 0000:00:1a.7: setting latency timer to 64
[    4.885477] ehci_hcd 0000:00:1a.7: EHCI Host Controller
[    4.885614] ehci_hcd 0000:00:1a.7: new USB bus registered, assigned bus number 1
[    4.889661] ehci_hcd 0000:00:1a.7: cache line size of 32 is not supported
[    4.889670] ehci_hcd 0000:00:1a.7: irq 22, io mem 0xfe226c00
[    4.899436] ehci_hcd 0000:00:1a.7: USB 2.0 started, EHCI 1.00
[    4.899545] usb usb1: New USB device found, idVendor=1d6b, idProduct=0002
[    4.899637] usb usb1: New USB device strings: Mfr=3, Product=2, SerialNumber=1
[    4.899766] usb usb1: Product: EHCI Host Controller
[    4.899850] usb usb1: Manufacturer: Linux 2.6.32.57 ehci_hcd
[    4.899944] usb usb1: SerialNumber: 0000:00:1a.7
[    4.900084] usb usb1: configuration #1 chosen from 1 choice
[    4.900207] hub 1-0:1.0: USB hub found
[    4.900298] hub 1-0:1.0: 4 ports detected
[    4.900603] ehci_hcd 0000:00:1d.7: power state changed by ACPI to D0
[    4.900853] ehci_hcd 0000:00:1d.7: power state changed by ACPI to D0
[    4.900958] ehci_hcd 0000:00:1d.7: PCI INT D -> GSI 19 (level, low) -> IRQ 19
[    4.901055] ehci_hcd 0000:00:1d.7: setting latency timer to 64
[    4.901060] ehci_hcd 0000:00:1d.7: EHCI Host Controller
[    4.901187] ehci_hcd 0000:00:1d.7: new USB bus registered, assigned bus number 2
[    4.901341] ehci_hcd 0000:00:1d.7: debug port 1
[    4.905319] ehci_hcd 0000:00:1d.7: cache line size of 32 is not supported
[    4.905328] ehci_hcd 0000:00:1d.7: irq 19, io mem 0xfe227000
[    4.915435] ehci_hcd 0000:00:1d.7: USB 2.0 started, EHCI 1.00
[    4.915550] usb usb2: New USB device found, idVendor=1d6b, idProduct=0002
[    4.915646] usb usb2: New USB device strings: Mfr=3, Product=2, SerialNumber=1
[    4.915766] usb usb2: Product: EHCI Host Controller
[    4.915854] usb usb2: Manufacturer: Linux 2.6.32.57 ehci_hcd
[    4.915951] usb usb2: SerialNumber: 0000:00:1d.7
[    4.916089] usb usb2: configuration #1 chosen from 1 choice
[    4.916207] hub 2-0:1.0: USB hub found
[    4.916296] hub 2-0:1.0: 6 ports detected
[    4.916491] 116x: driver isp116x-hcd, 03 Nov 2005
[    4.916607] ohci_hcd: USB 1.1 'Open' Host Controller (OHCI) Driver
[    4.916720] uhci_hcd: USB Universal Host Controller Interface driver
[    4.916835] uhci_hcd 0000:00:1a.0: PCI INT A -> GSI 20 (level, low) -> IRQ 20
[    4.916939] uhci_hcd 0000:00:1a.0: setting latency timer to 64
[    4.916944] uhci_hcd 0000:00:1a.0: UHCI Host Controller
[    4.917071] uhci_hcd 0000:00:1a.0: new USB bus registered, assigned bus number 3
[    4.917222] uhci_hcd 0000:00:1a.0: irq 20, io base 0x00001860
[    4.917336] usb usb3: New USB device found, idVendor=1d6b, idProduct=0001
[    4.917427] usb usb3: New USB device strings: Mfr=3, Product=2, SerialNumber=1
[    4.917551] usb usb3: Product: UHCI Host Controller
[    4.917643] usb usb3: Manufacturer: Linux 2.6.32.57 uhci_hcd
[    4.917733] usb usb3: SerialNumber: 0000:00:1a.0
[    4.917874] usb usb3: configuration #1 chosen from 1 choice
[    4.917999] hub 3-0:1.0: USB hub found
[    4.918092] hub 3-0:1.0: 2 ports detected
[    4.918437] uhci_hcd 0000:00:1a.1: power state changed by ACPI to D0
[    4.918677] uhci_hcd 0000:00:1a.1: power state changed by ACPI to D0
[    4.918779] uhci_hcd 0000:00:1a.1: PCI INT B -> GSI 21 (level, low) -> IRQ 21
[    4.918885] uhci_hcd 0000:00:1a.1: setting latency timer to 64
[    4.918890] uhci_hcd 0000:00:1a.1: UHCI Host Controller
[    4.919017] uhci_hcd 0000:00:1a.1: new USB bus registered, assigned bus number 4
[    4.919167] uhci_hcd 0000:00:1a.1: irq 21, io base 0x00001880
[    4.919279] usb usb4: New USB device found, idVendor=1d6b, idProduct=0001
[    4.919370] usb usb4: New USB device strings: Mfr=3, Product=2, SerialNumber=1
[    4.919498] usb usb4: Product: UHCI Host Controller
[    4.919586] usb usb4: Manufacturer: Linux 2.6.32.57 uhci_hcd
[    4.919683] usb usb4: SerialNumber: 0000:00:1a.1
[    4.919819] usb usb4: configuration #1 chosen from 1 choice
[    4.919940] hub 4-0:1.0: USB hub found
[    4.920032] hub 4-0:1.0: 2 ports detected
[    4.920333] uhci_hcd 0000:00:1d.0: power state changed by ACPI to D0
[    4.920583] uhci_hcd 0000:00:1d.0: power state changed by ACPI to D0
[    4.920686] uhci_hcd 0000:00:1d.0: PCI INT A -> GSI 16 (level, low) -> IRQ 16
[    4.920783] uhci_hcd 0000:00:1d.0: setting latency timer to 64
[    4.920786] uhci_hcd 0000:00:1d.0: UHCI Host Controller
[    4.920923] uhci_hcd 0000:00:1d.0: new USB bus registered, assigned bus number 5
[    4.921071] uhci_hcd 0000:00:1d.0: irq 16, io base 0x000018a0
[    4.921195] usb usb5: New USB device found, idVendor=1d6b, idProduct=0001
[    4.921287] usb usb5: New USB device strings: Mfr=3, Product=2, SerialNumber=1
[    4.921408] usb usb5: Product: UHCI Host Controller
[    4.921512] usb usb5: Manufacturer: Linux 2.6.32.57 uhci_hcd
[    4.921609] usb usb5: SerialNumber: 0000:00:1d.0
[    4.921746] usb usb5: configuration #1 chosen from 1 choice
[    4.921872] hub 5-0:1.0: USB hub found
[    4.921964] hub 5-0:1.0: 2 ports detected
[    4.922109] uhci_hcd 0000:00:1d.1: PCI INT B -> GSI 17 (level, low) -> IRQ 17
[    4.922207] uhci_hcd 0000:00:1d.1: setting latency timer to 64
[    4.922211] uhci_hcd 0000:00:1d.1: UHCI Host Controller
[    4.922342] uhci_hcd 0000:00:1d.1: new USB bus registered, assigned bus number 6
[    4.922493] uhci_hcd 0000:00:1d.1: irq 17, io base 0x000018c0
[    4.922606] usb usb6: New USB device found, idVendor=1d6b, idProduct=0001
[    4.922699] usb usb6: New USB device strings: Mfr=3, Product=2, SerialNumber=1
[    4.922820] usb usb6: Product: UHCI Host Controller
[    4.922904] usb usb6: Manufacturer: Linux 2.6.32.57 uhci_hcd
[    4.922993] usb usb6: SerialNumber: 0000:00:1d.1
[    4.923127] usb usb6: configuration #1 chosen from 1 choice
[    4.923247] hub 6-0:1.0: USB hub found
[    4.923337] hub 6-0:1.0: 2 ports detected
[    4.923649] uhci_hcd 0000:00:1d.2: power state changed by ACPI to D0
[    4.923937] uhci_hcd 0000:00:1d.2: power state changed by ACPI to D0
[    4.924034] uhci_hcd 0000:00:1d.2: PCI INT C -> GSI 18 (level, low) -> IRQ 18
[    4.924127] uhci_hcd 0000:00:1d.2: setting latency timer to 64
[    4.924132] uhci_hcd 0000:00:1d.2: UHCI Host Controller
[    4.924259] uhci_hcd 0000:00:1d.2: new USB bus registered, assigned bus number 7
[    4.924408] uhci_hcd 0000:00:1d.2: irq 18, io base 0x000018e0
[    4.924535] usb usb7: New USB device found, idVendor=1d6b, idProduct=0001
[    4.924625] usb usb7: New USB device strings: Mfr=3, Product=2, SerialNumber=1
[    4.924744] usb usb7: Product: UHCI Host Controller
[    4.924832] usb usb7: Manufacturer: Linux 2.6.32.57 uhci_hcd
[    4.924930] usb usb7: SerialNumber: 0000:00:1d.2
[    4.925731] usb usb7: configuration #1 chosen from 1 choice
[    4.925852] hub 7-0:1.0: USB hub found
[    4.925947] hub 7-0:1.0: 2 ports detected
[    4.926111] sl811: driver sl811-hcd, 19 May 2005
[    4.926214] r8a66597_hcd: driver r8a66597_hcd, 2009-05-26
[    4.926380] Initializing USB Mass Storage driver...
[    4.926515] usbcore: registered new interface driver usb-storage
[    4.926609] USB Mass Storage support registered.
[    4.926715] usbcore: registered new interface driver ums-alauda
[    4.926823] usbcore: registered new interface driver ums-cypress
[    4.926935] usbcore: registered new interface driver ums-datafab
[    4.927047] usbcore: registered new interface driver ums-freecom
[    4.927156] usbcore: registered new interface driver ums-isd200
[    4.927273] usbcore: registered new interface driver ums-jumpshot
[    4.927380] usbcore: registered new interface driver ums-karma
[    4.927499] usbcore: registered new interface driver ums-onetouch
[    4.927614] usbcore: registered new interface driver ums-sddr09
[    4.927728] usbcore: registered new interface driver ums-sddr55
[    4.927836] usbcore: registered new interface driver ums-usbat
[    4.927987] PNP: PS/2 Controller [PNP0303:KBD,PNP0f13:MOU] at 0x60,0x64 irq 1,12
[    4.936302] serio: i8042 KBD port at 0x60,0x64 irq 1
[    4.936390] serio: i8042 AUX port at 0x60,0x64 irq 12
[    4.936644] mice: PS/2 mouse device common for all mice
[    4.936756] i2c /dev entries driver
[    4.936894] md: linear personality registered for level -1
[    4.936993] md: raid0 personality registered for level 0
[    4.937085] md: raid1 personality registered for level 1
[    4.937176] md: raid10 personality registered for level 10
[    4.937264] md: raid6 personality registered for level 6
[    4.937354] md: raid5 personality registered for level 5
[    4.937454] md: raid4 personality registered for level 4
[    4.937549] md: multipath personality registered for level -4
[    4.937754] device-mapper: ioctl: 4.15.0-ioctl (2009-04-01) initialised: dm-devel@redhat.com
[    4.937962] cpuidle: using governor ladder
[    4.938576] usbcore: registered new interface driver usbhid
[    4.938665] usbhid: v2.6:USB HID core driver
[    4.938807] random 0014 0000 0000 00000000 00000000: rand_read_num 4 get_random_bytes(136): sig 00000000 00000000 00000000
[    4.938810] random 0014 0000 0000 00000000 00000000: extract_entropy(.. 136 ..)
[    4.938813] random 0014 0000 0000 00000000 00000000: going to reseed nonblocking with 1024 bits (1088 of 0 requested)
[    4.938815] random 0014 0000 0000 00000000 00000000: extract_entropy(.. 128 ..)
[    4.938817] random 0014 0000 0000 00000000 00000000: trying to extract 1024 bits from input
[    4.938820] random 0014 0000 0000 00000000 00000000: debiting 0 entropy credits from input
[    4.938821] random 0014 0000 0000 00000000 00000000: extract_entropy account returned: 0 
[    4.938824] random 0014 0000 0000 00000000 00000000: urand_change_num 7 xfer_secondary_pool(136): pool_sig 00000000, data_sig 00000000, bytes_mixed 0 00000000 00000000
[    4.938828] random 0014 0000 0000 00000000 00000000: trying to extract 1088 bits from nonblocking
[    4.938830] random 0014 0000 0000 00000000 00000000: debiting 1088 entropy credits from nonblocking (unlimited)
[    4.938832] random 0014 0000 0000 00000000 00000000: extract_entropy account returned: 136 
[    4.938837] random 0014 0000 0000 00000000 00000000: urand_change_num 8 extract_buf: pool_sig 00000000, data_sig fffffff9, bytes_mixed 20 00000000 00000000
[    4.938842] random 0014 0000 0000 b7c35b56 be4dc95d: urand_change_num 9 extract_buf: pool_sig fffffd1e, data_sig 000000c5, bytes_mixed 20 b7c35b56 be4dc95d
[    4.938848] random 0014 0000 0000 ed9f5c47 c48487fb: urand_change_num 10 extract_buf: pool_sig fffff8ec, data_sig ffffff68, bytes_mixed 20 ed9f5c47 c48487fb
[    4.938853] random 0014 0000 0000 ed9f5c47 c48487fb: urand_change_num 11 extract_buf: pool_sig fffffaed, data_sig 000001aa, bytes_mixed 20 ed9f5c47 c48487fb
[    4.938858] random 0014 0000 0000 1b4f7c0a 91bd6a48: urand_change_num 12 extract_buf: pool_sig fffffdd8, data_sig 00000064, bytes_mixed 20 1b4f7c0a 91bd6a48
[    4.938864] random 0014 0000 0000 a254b9bc 20e9a24f: urand_change_num 13 extract_buf: pool_sig fffffbe6, data_sig 000001dd, bytes_mixed 20 a254b9bc 20e9a24f
[    4.938869] random 0014 0000 0000 a254b9bc 20e9a24f: urand_change_num 14 extract_buf: pool_sig fffff940, data_sig fffffe20, bytes_mixed 20 a254b9bc 20e9a24f
[    4.938874] random 0014 0000 0000 2831a66b 5fa2a3ad: urand_change_num 15 extract_buf: pool_sig fffffbce, data_sig 0000007e, bytes_mixed 20 2831a66b 5fa2a3ad
[    4.938879] random 0014 0000 0000 2831a66b 5fa2a3ad: urand_change_num 16 extract_buf: pool_sig 000004df, data_sig fffffe8f, bytes_mixed 20 2831a66b 5fa2a3ad
[    4.938885] random 0014 0000 0000 d4512bfd c9a54e0b: urand_change_num 17 extract_buf: pool_sig 00000485, data_sig fffffe68, bytes_mixed 20 d4512bfd c9a54e0b
[    4.938890] random 0014 0000 0000 c7371be6 f9ffea11: urand_change_num 18 extract_buf: pool_sig 00000095, data_sig ffffffed, bytes_mixed 20 c7371be6 f9ffea11
[    4.938895] random 0014 0000 0000 c7371be6 f9ffea11: urand_change_num 19 extract_buf: pool_sig 000003a7, data_sig fffffefa, bytes_mixed 20 c7371be6 f9ffea11
[    4.938900] random 0014 0000 0000 8fb4b62c d1ddba54: urand_change_num 20 extract_buf: pool_sig 00000179, data_sig ffffff78, bytes_mixed 20 8fb4b62c d1ddba54
[    4.938906] random 0014 0000 0000 9ff19f9c c07a1d2a: urand_change_num 21 extract_buf: pool_sig fffffe88, data_sig 00000126, bytes_mixed 20 9ff19f9c c07a1d2a
[    4.938910] TCP cubic registered
[    4.939003] Initializing XFRM netlink socket
[    4.939110] NET: Registered protocol family 17
[    4.939208] Using IPI Shortcut mode
[    4.939296] random 0014 0000 0000 9ff19f9c c07a1d2a: rand_read_num 5 get_random_bytes(8): sig 0000031b 9ff19f9c c07a1d2a
[    4.939298] random 0014 0000 0000 9ff19f9c c07a1d2a: extract_entropy(.. 8 ..)
[    4.939301] random 0014 0000 0000 9ff19f9c c07a1d2a: going to reseed nonblocking with 64 bits (64 of 0 requested)
[    4.939303] random 0014 0000 0000 9ff19f9c c07a1d2a: extract_entropy(.. 8 ..)
[    4.939305] random 0014 0000 0000 9ff19f9c c07a1d2a: trying to extract 64 bits from input
[    4.939307] random 0014 0000 0000 9ff19f9c c07a1d2a: debiting 0 entropy credits from input
[    4.939309] random 0014 0000 0000 9ff19f9c c07a1d2a: extract_entropy account returned: 0 
[    4.939312] random 0014 0000 0000 9ff19f9c c07a1d2a: urand_change_num 22 xfer_secondary_pool(8): pool_sig 0000031b, data_sig 00000000, bytes_mixed 0 9ff19f9c c07a1d2a
[    4.939315] random 0014 0000 0000 9ff19f9c c07a1d2a: trying to extract 64 bits from nonblocking
[    4.939318] random 0014 0000 0000 9ff19f9c c07a1d2a: debiting 64 entropy credits from nonblocking (unlimited)
[    4.939320] random 0014 0000 0000 9ff19f9c c07a1d2a: extract_entropy account returned: 8 
[    4.939324] random 0014 0000 0000 9ff19f9c c07a1d2a: urand_change_num 23 extract_buf: pool_sig 0000031b, data_sig ffffffb3, bytes_mixed 20 9ff19f9c c07a1d2a
[    4.941591] input: AT Translated Set 2 keyboard as /devices/platform/i8042/serio0/input/input1
[    5.130425] ata3: SATA link down (SStatus 0 SControl 300)
[    5.130536] ata1: SATA link up 1.5 Gbps (SStatus 113 SControl 300)
[    5.133444] ata1.00: ACPI cmd ef/02:00:00:00:00:a0 (SET FEATURES) succeeded
[    5.133447] ata1.00: ACPI cmd f5/00:00:00:00:00:a0 (SECURITY FREEZE LOCK) filtered out
[    5.134838] ata1.00: ACPI cmd ef/5f:00:00:00:00:a0 (SET FEATURES) succeeded
[    5.134840] ata1.00: ACPI cmd ef/10:03:00:00:00:a0 (SET FEATURES) filtered out
[    5.136748] ata1.00: ATA-7: ST910021AS, 4.06, max UDMA/100
[    5.136837] ata1.00: 195371568 sectors, multi 16: LBA48 
[    5.138986] ata1.00: ACPI cmd ef/02:00:00:00:00:a0 (SET FEATURES) succeeded
[    5.138988] ata1.00: ACPI cmd f5/00:00:00:00:00:a0 (SECURITY FREEZE LOCK) filtered out
[    5.140381] ata1.00: ACPI cmd ef/5f:00:00:00:00:a0 (SET FEATURES) succeeded
[    5.140383] ata1.00: ACPI cmd ef/10:03:00:00:00:a0 (SET FEATURES) filtered out
[    5.142307] ata1.00: configured for UDMA/100
[    5.152477] scsi 2:0:0:0: Direct-Access     ATA      ST910021AS       4.06 PQ: 0 ANSI: 5
[    5.152758] sd 2:0:0:0: [sda] 195371568 512-byte logical blocks: (100 GB/93.1 GiB)
[    5.152901] sd 2:0:0:0: [sda] Write Protect is off
[    5.152993] sd 2:0:0:0: [sda] Mode Sense: 00 3a 00 00
[    5.153005] sd 2:0:0:0: [sda] Write cache: enabled, read cache: enabled, doesn't support DPO or FUA
[    5.153205]  sda:
[    5.218408] usb 2-1: new high speed USB device using ehci_hcd and address 2
[    5.367699] usb 2-1: New USB device found, idVendor=0e8d, idProduct=1806
[    5.367784] usb 2-1: New USB device strings: Mfr=1, Product=2, SerialNumber=3
[    5.367877] usb 2-1: Product: MT1806 
[    5.367961] usb 2-1: Manufacturer: MediaTek Inc
[    5.368046] usb 2-1: SerialNumber: R8KN6GAC800AEB 
[    5.368183] usb 2-1: configuration #1 chosen from 1 choice
[    5.374491] scsi5 : SCSI emulation for USB Mass Storage devices
[    5.374661] usb-storage: device found at 2
[    5.374662] usb-storage: waiting for device to settle before scanning
[    5.572980] random 0014 0000 0000 277f73c3 42024bb9: add_disk_randomness(8:0) 277f73c3 42024bb9
[    5.572984] random 0014 0000 0000 277f73c3 42024bb9: add_timer_randomness(.. 8388864) with jiffies: 13159043001894011278, cycles: -5287701076110213109
[    5.572987] random 0014 0000 0000 277f73c3 42024bb9: added 11 entropy credits to input
[    5.572991]  sda1 sda2
[    5.573554] random 0025 0000 0000 277f73c3 42024bb9: add_disk_randomness(8:0) 277f73c3 42024bb9
[    5.573557] random 0025 0000 0000 277f73c3 42024bb9: add_timer_randomness(.. 8388864) with jiffies: 13164198689226064271, cycles: -5282545388778160117
[    5.573712] sd 2:0:0:0: [sda] Attached SCSI disk
[    5.573807] random 0025 0000 0000 277f73c3 42024bb9: rand_read_num 6 get_random_bytes(12): sig 000007e9 277f73c3 42024bb9
[    5.573810] random 0025 0000 0000 277f73c3 42024bb9: extract_entropy(.. 12 ..)
[    5.573812] random 0025 0000 0000 277f73c3 42024bb9: going to reseed nonblocking with 96 bits (96 of 0 requested)
[    5.573815] random 0025 0000 0000 277f73c3 42024bb9: extract_entropy(.. 12 ..)
[    5.573817] random 0025 0000 0000 277f73c3 42024bb9: trying to extract 96 bits from input
[    5.573819] random 0025 0000 0000 277f73c3 42024bb9: debiting 0 entropy credits from input
[    5.573821] random 0025 0000 0000 277f73c3 42024bb9: extract_entropy account returned: 0 
[    5.573824] random 0025 0000 0000 277f73c3 42024bb9: urand_change_num 24 xfer_secondary_pool(12): pool_sig 000007e9, data_sig 00000000, bytes_mixed 0 277f73c3 42024bb9
[    5.573827] random 0025 0000 0000 277f73c3 42024bb9: trying to extract 96 bits from nonblocking
[    5.573829] random 0025 0000 0000 277f73c3 42024bb9: debiting 96 entropy credits from nonblocking (unlimited)
[    5.573832] random 0025 0000 0000 277f73c3 42024bb9: extract_entropy account returned: 12 
[    5.573836] random 0025 0000 0000 277f73c3 42024bb9: urand_change_num 25 extract_buf: pool_sig 000007e9, data_sig 00000088, bytes_mixed 20 277f73c3 42024bb9
[    5.573841] random 0025 0000 0000 277f73c3 42024bb9: urand_change_num 26 extract_buf: pool_sig 00000498, data_sig fffffefb, bytes_mixed 20 277f73c3 42024bb9
[    5.573844] RANDOM - __seed init called.
[    5.573845] RANDOM - __seed init called.
[    5.573846] RANDOM - __seed init called.
[    5.573848] RANDOM - __random32 called. Change num 12.  Value: 87f14767	f0d7351	b1e48bd3
[    5.573850] RANDOM - random32_reseed called.  Value: 87f14767	f0d7351	b1e48bd3
[    5.573853] Pid: 1, comm: swapper Not tainted 2.6.32.57 #6
[    5.573945] Call Trace:
[    5.574045]  [<c1923ca4>] ? random32_reseed+0xa0/0xb1
[    5.574139]  [<c1923c04>] ? random32_reseed+0x0/0xb1
[    5.574233]  [<c100111e>] ? do_one_initcall+0x2e/0x180
[    5.574324]  [<c1907265>] ? kernel_init+0xad/0x103
[    5.574417]  [<c19071b8>] ? kernel_init+0x0/0x103
[    5.574506]  [<c1003787>] ? kernel_thread_helper+0x7/0x10
[    5.575031] random 0025 0000 0000 386b4e60 ee4d4880: rand_read_num 7 get_random_bytes(64): sig fffffea5 386b4e60 ee4d4880
[    5.575033] random 0025 0000 0000 386b4e60 ee4d4880: extract_entropy(.. 64 ..)
[    5.575035] random 0025 0000 0000 386b4e60 ee4d4880: going to reseed nonblocking with 512 bits (512 of 0 requested)
[    5.575038] random 0025 0000 0000 386b4e60 ee4d4880: extract_entropy(.. 64 ..)
[    5.575040] random 0025 0000 0000 386b4e60 ee4d4880: trying to extract 512 bits from input
[    5.575042] random 0025 0000 0000 386b4e60 ee4d4880: debiting 0 entropy credits from input
[    5.575044] random 0025 0000 0000 386b4e60 ee4d4880: extract_entropy account returned: 0 
[    5.575047] random 0025 0000 0000 386b4e60 ee4d4880: urand_change_num 27 xfer_secondary_pool(64): pool_sig fffffea5, data_sig 00000000, bytes_mixed 0 386b4e60 ee4d4880
[    5.575050] random 0025 0000 0000 386b4e60 ee4d4880: trying to extract 512 bits from nonblocking
[    5.575053] random 0025 0000 0000 386b4e60 ee4d4880: debiting 512 entropy credits from nonblocking (unlimited)
[    5.575055] random 0025 0000 0000 386b4e60 ee4d4880: extract_entropy account returned: 64 
[    5.575059] random 0025 0000 0000 386b4e60 ee4d4880: urand_change_num 28 extract_buf: pool_sig fffffea5, data_sig 00000173, bytes_mixed 20 386b4e60 ee4d4880
[    5.575064] random 0025 0000 0000 412698f6 0cc8689a: urand_change_num 29 extract_buf: pool_sig 00000122, data_sig ffffff63, bytes_mixed 20 412698f6 0cc8689a
[    5.575070] random 0025 0000 0000 412698f6 0cc8689a: urand_change_num 30 extract_buf: pool_sig 000001f7, data_sig 00000012, bytes_mixed 20 412698f6 0cc8689a
[    5.575075] random 0025 0000 0000 9669941e 06f768b1: urand_change_num 31 extract_buf: pool_sig fffffb5b, data_sig 0000003f, bytes_mixed 20 9669941e 06f768b1
[    5.575080] random 0025 0000 0000 98486520 995551f0: urand_change_num 32 extract_buf: pool_sig fffffb39, data_sig 0000000e, bytes_mixed 20 98486520 995551f0
[    5.575085] random 0025 0000 0000 98486520 995551f0: urand_change_num 33 extract_buf: pool_sig fffffd8d, data_sig 000001a6, bytes_mixed 20 98486520 995551f0
[    5.575091] random 0025 0000 0000 61fc8914 d5882ed2: urand_change_num 34 extract_buf: pool_sig fffffa58, data_sig 0000023e, bytes_mixed 20 61fc8914 d5882ed2
[    5.575120] random 0025 0000 0000 61fc8914 d5882ed2: rand_read_num 8 get_random_bytes(64): sig fffff9ee 61fc8914 d5882ed2
[    5.575122] random 0025 0000 0000 61fc8914 d5882ed2: extract_entropy(.. 64 ..)
[    5.575125] random 0025 0000 0000 61fc8914 d5882ed2: going to reseed nonblocking with 512 bits (512 of 0 requested)
[    5.575127] random 0025 0000 0000 61fc8914 d5882ed2: extract_entropy(.. 64 ..)
[    5.575129] random 0025 0000 0000 61fc8914 d5882ed2: trying to extract 512 bits from input
[    5.575131] random 0025 0000 0000 61fc8914 d5882ed2: debiting 0 entropy credits from input
[    5.575133] random 0025 0000 0000 61fc8914 d5882ed2: extract_entropy account returned: 0 
[    5.575136] random 0025 0000 0000 61fc8914 d5882ed2: urand_change_num 35 xfer_secondary_pool(64): pool_sig fffff9ee, data_sig 00000000, bytes_mixed 0 61fc8914 d5882ed2
[    5.575139] random 0025 0000 0000 61fc8914 d5882ed2: trying to extract 512 bits from nonblocking
[    5.575142] random 0025 0000 0000 61fc8914 d5882ed2: debiting 512 entropy credits from nonblocking (unlimited)
[    5.575144] random 0025 0000 0000 61fc8914 d5882ed2: extract_entropy account returned: 64 
[    5.575148] random 0025 0000 0000 61fc8914 d5882ed2: urand_change_num 36 extract_buf: pool_sig fffff9ee, data_sig ffffff85, bytes_mixed 20 61fc8914 d5882ed2
[    5.575153] random 0025 0000 0000 70cfd302 e5edec11: urand_change_num 37 extract_buf: pool_sig fffffdc1, data_sig ffffffde, bytes_mixed 20 70cfd302 e5edec11
[    5.575159] random 0025 0000 0000 00dab838 eafd2b30: urand_change_num 38 extract_buf: pool_sig 000003da, data_sig ffffff61, bytes_mixed 20 00dab838 eafd2b30
[    5.575164] random 0025 0000 0000 00dab838 eafd2b30: urand_change_num 39 extract_buf: pool_sig 00000314, data_sig 00000121, bytes_mixed 20 00dab838 eafd2b30
[    5.575169] random 0025 0000 0000 5fcdf66a 6442b608: urand_change_num 40 extract_buf: pool_sig 0000028b, data_sig fffffefd, bytes_mixed 20 5fcdf66a 6442b608
[    5.575175] random 0025 0000 0000 61333f6b 8fae0f9b: urand_change_num 41 extract_buf: pool_sig 000000cb, data_sig 000000b3, bytes_mixed 20 61333f6b 8fae0f9b
[    5.575180] random 0025 0000 0000 61333f6b 8fae0f9b: urand_change_num 42 extract_buf: pool_sig fffffef8, data_sig 00000051, bytes_mixed 20 61333f6b 8fae0f9b
[    5.575183] BEGIN NET_SECRET:
[    5.575184] \xffffffe0
[    5.575184] \xffffffb6
[    5.575185] \x36
[    5.575186] \xffffffb5
[    5.575187] \xffffff94
[    5.575188] \xffffffb2
[    5.575189] \xffffffa8
[    5.575189] \xffffffda
[    5.575190] \x5b
[    5.575191] \x19
[    5.575192] \x18
[    5.575192] \x5c
[    5.575193] \x2b
[    5.575194] \x1
[    5.575195] \xffffff90
[    5.575195] \x19
[    5.575196] \x3c
[    5.575197] \xfffffff2
[    5.575198] \xffffff82
[    5.575199] \x2a
[    5.575199] \xffffffb3
[    5.575200] \xffffffa2
[    5.575201] \x3f
[    5.575202] \x5
[    5.575202] \x52
[    5.575203] \x77
[    5.575204] \x57
[    5.575205] \x79
[    5.575205] \x16
[    5.575206] \x43
[    5.575207] \xffffff84
[    5.575208] \xffffffc3
[    5.575208] \xffffffe9
[    5.575209] \x79
[    5.575210] \x50
[    5.575211] \xffffff8e
[    5.575211] \x3f
[    5.575212] \xfffffff3
[    5.575213] \x19
[    5.575214] \x2a
[    5.575215] \xfffffffd
[    5.575215] \xfffffffb
[    5.575216] \x62
[    5.575217] \x3c
[    5.575218] \xffffffac
[    5.575218] \x1c
[    5.575219] \x3b
[    5.575220] \x3b
[    5.575221] \x15
[    5.575221] \x27
[    5.575222] \xffffffa8
[    5.575223] \x22
[    5.575224] \xffffffc5
[    5.575224] \xffffff9a
[    5.575225] \x5
[    5.575226] \x6c
[    5.575227] \xffffffa8
[    5.575228] \x3a
[    5.575228] \x44
[    5.575229] \xffffffaf
[    5.575230] \x13
[    5.575231] \xffffffe0
[    5.575231] \xffffff9d
[    5.575232] \x22
[    5.575233] 
[    5.575233] END NET_SECRET
[    5.575236] random 0025 0000 0000 e7f555d9 e8ce5c3c: rand_read_num 9 get_random_bytes(4): sig 0000068c e7f555d9 e8ce5c3c
[    5.575238] random 0025 0000 0000 e7f555d9 e8ce5c3c: extract_entropy(.. 4 ..)
[    5.575241] random 0025 0000 0000 e7f555d9 e8ce5c3c: going to reseed nonblocking with 64 bits (32 of 0 requested)
[    5.575243] random 0025 0000 0000 e7f555d9 e8ce5c3c: extract_entropy(.. 8 ..)
[    5.575245] random 0025 0000 0000 e7f555d9 e8ce5c3c: trying to extract 64 bits from input
[    5.575247] random 0025 0000 0000 e7f555d9 e8ce5c3c: debiting 0 entropy credits from input
[    5.575249] random 0025 0000 0000 e7f555d9 e8ce5c3c: extract_entropy account returned: 0 
[    5.575253] random 0025 0000 0000 e7f555d9 e8ce5c3c: urand_change_num 43 xfer_secondary_pool(4): pool_sig 0000068c, data_sig 00000000, bytes_mixed 0 e7f555d9 e8ce5c3c
[    5.575256] random 0025 0000 0000 e7f555d9 e8ce5c3c: trying to extract 32 bits from nonblocking
[    5.575258] random 0025 0000 0000 e7f555d9 e8ce5c3c: debiting 32 entropy credits from nonblocking (unlimited)
[    5.575260] random 0025 0000 0000 e7f555d9 e8ce5c3c: extract_entropy account returned: 4 
[    5.575264] random 0025 0000 0000 e7f555d9 e8ce5c3c: urand_change_num 44 extract_buf: pool_sig 0000068c, data_sig fffffdcb, bytes_mixed 20 e7f555d9 e8ce5c3c
[    5.575275] md: Waiting for all devices to be available before autodetect
[    5.575379] md: If you don't use raid, use raid=noautodetect
[    5.575543] md: Autodetecting RAID arrays.
[    5.575632] md: Scanned 0 and added 0 devices.
[    5.575718] md: autorun ...
[    5.575804] md: ... autorun DONE.
[    5.589189] random 0025 0000 0000 e7f555d9 e8ce5c3c: add_disk_randomness(8:0) e7f555d9 e8ce5c3c
[    5.589192] random 0025 0000 0000 e7f555d9 e8ce5c3c: add_timer_randomness(.. 8388864) with jiffies: 13304878049494008222, cycles: -5141866028510216181
[    5.589195] random 0025 0000 0000 e7f555d9 e8ce5c3c: added 3 entropy credits to input
[    5.590311] random 0028 0000 0000 e7f555d9 e8ce5c3c: add_disk_randomness(8:0) e7f555d9 e8ce5c3c
[    5.590314] random 0028 0000 0000 e7f555d9 e8ce5c3c: add_timer_randomness(.. 8388864) with jiffies: 13314979992962826655, cycles: -5131764085041397749
[    5.590395] random 0028 0000 0000 e7f555d9 e8ce5c3c: add_disk_randomness(8:0) e7f555d9 e8ce5c3c
[    5.590398] random 0028 0000 0000 e7f555d9 e8ce5c3c: add_timer_randomness(.. 8388864) with jiffies: 13315720535518970272, cycles: -5131023542485254133
[    5.590403] EXT3-fs: sda2: couldn't mount because of unsupported optional features (240).
[    5.590656] random 0028 0000 0000 e7f555d9 e8ce5c3c: add_disk_randomness(8:0) e7f555d9 e8ce5c3c
[    5.590659] random 0028 0000 0000 e7f555d9 e8ce5c3c: add_timer_randomness(.. 8388864) with jiffies: 13318073748100448672, cycles: -5128670329903775733
[    5.590664] EXT2-fs: sda2: couldn't mount because of unsupported optional features (240).
[    5.590893] random 0028 0000 0000 e7f555d9 e8ce5c3c: add_disk_randomness(8:0) e7f555d9 e8ce5c3c
[    5.590896] random 0028 0000 0000 e7f555d9 e8ce5c3c: add_timer_randomness(.. 8388864) with jiffies: 13320209459243090336, cycles: -5126534618761134069
[    5.591025] random 0028 0000 0000 e7f555d9 e8ce5c3c: add_disk_randomness(8:0) e7f555d9 e8ce5c3c
[    5.591028] random 0028 0000 0000 e7f555d9 e8ce5c3c: add_timer_randomness(.. 8388864) with jiffies: 13321394792907375008, cycles: -5125349285096849397
[    5.591185] random 0028 0000 0000 e7f555d9 e8ce5c3c: add_disk_randomness(8:0) e7f555d9 e8ce5c3c
[    5.591188] random 0028 0000 0000 e7f555d9 e8ce5c3c: add_timer_randomness(.. 8388864) with jiffies: 13322841960662925728, cycles: -5123902117341298677
[    5.591303] random 0028 0000 0000 e7f555d9 e8ce5c3c: add_disk_randomness(8:0) e7f555d9 e8ce5c3c
[    5.591306] random 0028 0000 0000 e7f555d9 e8ce5c3c: add_timer_randomness(.. 8388864) with jiffies: 13323899716618650016, cycles: -5122844361385574389
[    5.591424] random 0028 0000 0000 e7f555d9 e8ce5c3c: add_disk_randomness(8:0) e7f555d9 e8ce5c3c
[    5.591427] random 0028 0000 0000 e7f555d9 e8ce5c3c: add_timer_randomness(.. 8388864) with jiffies: 13324978260216086945, cycles: -5121765817788137461
[    5.591541] random 0028 0000 0000 e7f555d9 e8ce5c3c: add_disk_randomness(8:0) e7f555d9 e8ce5c3c
[    5.591544] random 0028 0000 0000 e7f555d9 e8ce5c3c: add_timer_randomness(.. 8388864) with jiffies: 13326031549405823393, cycles: -5120712528598401013
[    5.591689] random 0028 0000 0000 e7f555d9 e8ce5c3c: add_disk_randomness(8:0) e7f555d9 e8ce5c3c
[    5.591692] random 0028 0000 0000 e7f555d9 e8ce5c3c: add_timer_randomness(.. 8388864) with jiffies: 13327362005720072609, cycles: -5119382072284151797
[    5.591812] random 0028 0000 0000 e7f555d9 e8ce5c3c: add_disk_randomness(8:0) e7f555d9 e8ce5c3c
[    5.591815] random 0028 0000 0000 e7f555d9 e8ce5c3c: add_timer_randomness(.. 8388864) with jiffies: 13328478521123373473, cycles: -5118265556880850933
[    5.592051] random 0028 0000 0000 e7f555d9 e8ce5c3c: rand_read_num 10 get_random_bytes(4): sig ffffff72 e7f555d9 e8ce5c3c
[    5.592053] random 0028 0000 0000 e7f555d9 e8ce5c3c: extract_entropy(.. 4 ..)
[    5.592056] random 0028 0000 0000 e7f555d9 e8ce5c3c: going to reseed nonblocking with 64 bits (32 of 0 requested)
[    5.592058] random 0028 0000 0000 e7f555d9 e8ce5c3c: extract_entropy(.. 8 ..)
[    5.592060] random 0028 0000 0000 e7f555d9 e8ce5c3c: trying to extract 64 bits from input
[    5.592062] random 0028 0000 0000 e7f555d9 e8ce5c3c: debiting 0 entropy credits from input
[    5.592064] random 0028 0000 0000 e7f555d9 e8ce5c3c: extract_entropy account returned: 0 
[    5.592067] random 0028 0000 0000 e7f555d9 e8ce5c3c: urand_change_num 45 xfer_secondary_pool(4): pool_sig ffffff72, data_sig 00000000, bytes_mixed 0 e7f555d9 e8ce5c3c
[    5.592070] random 0028 0000 0000 e7f555d9 e8ce5c3c: trying to extract 32 bits from nonblocking
[    5.592072] random 0028 0000 0000 e7f555d9 e8ce5c3c: debiting 32 entropy credits from nonblocking (unlimited)
[    5.592075] random 0028 0000 0000 e7f555d9 e8ce5c3c: extract_entropy account returned: 4 
[    5.592079] random 0028 0000 0000 e7f555d9 e8ce5c3c: urand_change_num 46 extract_buf: pool_sig ffffff72, data_sig ffffff72, bytes_mixed 20 e7f555d9 e8ce5c3c
[    5.603643] random 0028 0000 0000 91716c54 eeb6a1e7: add_disk_randomness(8:0) 91716c54 eeb6a1e7
[    5.603646] random 0028 0000 0000 91716c54 eeb6a1e7: add_timer_randomness(.. 8388864) with jiffies: 13434916649760948653, cycles: -5011827428243275765
[    5.603649] random 0028 0000 0000 91716c54 eeb6a1e7: added 3 entropy credits to input
[    5.621915] random 0031 0000 0000 91716c54 eeb6a1e7: add_disk_randomness(8:0) 91716c54 eeb6a1e7
[    5.621918] random 0031 0000 0000 91716c54 eeb6a1e7: add_timer_randomness(.. 8388864) with jiffies: 13599316800872087999, cycles: -4847427277132136437
[    5.621921] random 0031 0000 0000 91716c54 eeb6a1e7: added 2 entropy credits to input
[    5.626649] EXT4-fs (sda2): mounted filesystem with ordered data mode
[    5.626869] VFS: Mounted root (ext4 filesystem) readonly on device 8:2.
[    5.626970] Freeing unused kernel memory: 448k freed
[    5.647109] random 0033 0000 0000 91716c54 eeb6a1e7: add_disk_randomness(8:0) 91716c54 eeb6a1e7
[    5.647112] random 0033 0000 0000 91716c54 eeb6a1e7: add_timer_randomness(.. 8388864) with jiffies: 13825994183933657560, cycles: -4620749894070566901
[    5.647841] random 0033 0000 0000 91716c54 eeb6a1e7: add_disk_randomness(8:0) 91716c54 eeb6a1e7
[    5.647844] random 0033 0000 0000 91716c54 eeb6a1e7: add_timer_randomness(.. 8388864) with jiffies: 13832578506237379033, cycles: -4614165571766845429
[    5.652525] random 0033 0000 0000 91716c54 eeb6a1e7: add_disk_randomness(8:0) 91716c54 eeb6a1e7
[    5.652528] random 0033 0000 0000 91716c54 eeb6a1e7: add_timer_randomness(.. 8388864) with jiffies: 13874716520572748254, cycles: -4572027557431476213
[    5.652531] random 0033 0000 0000 91716c54 eeb6a1e7: added 2 entropy credits to input
[    5.660722] random 0035 0000 0000 91716c54 eeb6a1e7: add_disk_randomness(8:0) 91716c54 eeb6a1e7
[    5.660725] random 0035 0000 0000 91716c54 eeb6a1e7: add_timer_randomness(.. 8388864) with jiffies: 13948470351814689254, cycles: -4498273726189535221
[    5.664144] random 0035 0000 0000 91716c54 eeb6a1e7: add_disk_randomness(8:0) 91716c54 eeb6a1e7
[    5.664147] random 0035 0000 0000 91716c54 eeb6a1e7: add_timer_randomness(.. 8388864) with jiffies: 13979266839285039593, cycles: -4467477238719184885
[    5.664150] random 0035 0000 0000 91716c54 eeb6a1e7: added 1 entropy credits to input
[    5.673040] random 0036 0000 0000 91716c54 eeb6a1e7: add_disk_randomness(8:0) 91716c54 eeb6a1e7
[    5.673043] random 0036 0000 0000 91716c54 eeb6a1e7: add_timer_randomness(.. 8388864) with jiffies: 14059303962867892722, cycles: -4387440115136331765
[    5.673046] random 0036 0000 0000 91716c54 eeb6a1e7: added 2 entropy credits to input
[    5.677996] random 0038 0000 0000 91716c54 eeb6a1e7: add_disk_randomness(8:0) 91716c54 eeb6a1e7
[    5.677999] random 0038 0000 0000 91716c54 eeb6a1e7: add_timer_randomness(.. 8388864) with jiffies: 14103886878746575351, cycles: -4342857199257649141
[    5.678001] random 0038 0000 0000 91716c54 eeb6a1e7: added 2 entropy credits to input
[    5.686073] random 0040 0000 0000 91716c54 eeb6a1e7: add_disk_randomness(8:0) 91716c54 eeb6a1e7
[    5.686076] random 0040 0000 0000 91716c54 eeb6a1e7: add_timer_randomness(.. 8388864) with jiffies: 14176561758369186303, cycles: -4270182319635038197
[    5.686079] random 0040 0000 0000 91716c54 eeb6a1e7: added 1 entropy credits to input
[    5.686101] RANDOM get_random_int call with cycles 50545432612, jiffies 4294672895 and pid 1
[    5.686104] RANDOM get_random_int call with cycles 50545439679, jiffies 4294672895 and pid 1
[    5.686106] ASLR stack rand value: 2715648 after shift for pid: 1
[    5.686108] RANDOM get_random_int call with cycles 50545447627, jiffies 4294672895 and pid 1
[    5.697724] random 0041 0000 0000 91716c54 eeb6a1e7: add_disk_randomness(8:0) 91716c54 eeb6a1e7
[    5.697728] random 0041 0000 0000 91716c54 eeb6a1e7: add_timer_randomness(.. 8388864) with jiffies: 14281387753852338699, cycles: -4165356324151885813
[    5.697738] RANDOM get_random_int call with cycles 50569808415, jiffies 4294672907 and pid 1
[    5.697744] random 0041 0000 0000 91716c54 eeb6a1e7: rand_read_num 11 get_random_bytes(16): sig fffffcad 91716c54 eeb6a1e7
[    5.697746] random 0041 0000 0000 91716c54 eeb6a1e7: extract_entropy(.. 16 ..)
[    5.697749] random 0041 0000 0000 91716c54 eeb6a1e7: going to reseed nonblocking with 128 bits (128 of 0 requested)
[    5.697751] random 0041 0000 0000 91716c54 eeb6a1e7: extract_entropy(.. 16 ..)
[    5.697753] random 0041 0000 0000 91716c54 eeb6a1e7: trying to extract 128 bits from input
[    5.697755] random 0041 0000 0000 91716c54 eeb6a1e7: debiting 0 entropy credits from input
[    5.697757] random 0041 0000 0000 91716c54 eeb6a1e7: extract_entropy account returned: 0 
[    5.697760] random 0041 0000 0000 91716c54 eeb6a1e7: urand_change_num 47 xfer_secondary_pool(16): pool_sig fffffcad, data_sig 00000000, bytes_mixed 0 91716c54 eeb6a1e7
[    5.697763] random 0041 0000 0000 91716c54 eeb6a1e7: trying to extract 128 bits from nonblocking
[    5.697766] random 0041 0000 0000 91716c54 eeb6a1e7: debiting 128 entropy credits from nonblocking (unlimited)
[    5.697768] random 0041 0000 0000 91716c54 eeb6a1e7: extract_entropy account returned: 16 
[    5.697772] random 0041 0000 0000 91716c54 eeb6a1e7: urand_change_num 48 extract_buf: pool_sig fffffcad, data_sig ffffff19, bytes_mixed 20 91716c54 eeb6a1e7
[    5.697778] random 0041 0000 0000 fd637b06 6cf47bc1: urand_change_num 49 extract_buf: pool_sig fffffede, data_sig ffffffc1, bytes_mixed 20 fd637b06 6cf47bc1
[    5.698734] random 0041 0000 0000 fd637b06 6cf47bc1: add_disk_randomness(8:0) fd637b06 6cf47bc1
[    5.698738] random 0041 0000 0000 fd637b06 6cf47bc1: add_timer_randomness(.. 8388864) with jiffies: 14290475234635776524, cycles: -4156268843368447989
[    5.699926] random 0041 0000 0000 fd637b06 6cf47bc1: add_disk_randomness(8:0) fd637b06 6cf47bc1
[    5.699929] random 0041 0000 0000 fd637b06 6cf47bc1: add_timer_randomness(.. 8388864) with jiffies: 14301201142363423245, cycles: -4145542935640801269
[    5.701080] random 0041 0000 0000 fd637b06 6cf47bc1: add_disk_randomness(8:0) fd637b06 6cf47bc1
[    5.701083] random 0041 0000 0000 fd637b06 6cf47bc1: add_timer_randomness(.. 8388864) with jiffies: 14311585802054500878, cycles: -4135158275949723637
[    5.701957] random 0041 0000 0000 fd637b06 6cf47bc1: add_disk_randomness(8:0) fd637b06 6cf47bc1
[    5.701960] random 0041 0000 0000 fd637b06 6cf47bc1: add_timer_randomness(.. 8388864) with jiffies: 14319473337694913039, cycles: -4127270740309311477
[    5.702144] random 0041 0000 0000 fd637b06 6cf47bc1: add_disk_randomness(8:0) fd637b06 6cf47bc1
[    5.702147] random 0041 0000 0000 fd637b06 6cf47bc1: add_timer_randomness(.. 8388864) with jiffies: 14321156273385210383, cycles: -4125587804619014133
[    5.702361] random 0041 0000 0000 fd637b06 6cf47bc1: add_disk_randomness(8:0) fd637b06 6cf47bc1
[    5.702365] random 0041 0000 0000 fd637b06 6cf47bc1: add_timer_randomness(.. 8388864) with jiffies: 14323102576470098448, cycles: -4123641501534126069
[    5.712782] random 0041 0000 0000 fd637b06 6cf47bc1: add_disk_randomness(8:0) fd637b06 6cf47bc1
[    5.712786] random 0041 0000 0000 fd637b06 6cf47bc1: add_timer_randomness(.. 8388864) with jiffies: 14416867910179586586, cycles: -4029876167824637941
[    5.712788] random 0041 0000 0000 fd637b06 6cf47bc1: added 3 entropy credits to input
[    5.713224] random 0044 0000 0000 fd637b06 6cf47bc1: add_disk_randomness(8:0) fd637b06 6cf47bc1
[    5.713227] random 0044 0000 0000 fd637b06 6cf47bc1: add_timer_randomness(.. 8388864) with jiffies: 14420848004833182234, cycles: -4025896073171042293
[    5.722963] random 0044 0000 0000 fd637b06 6cf47bc1: add_disk_randomness(8:0) fd637b06 6cf47bc1
[    5.722966] random 0044 0000 0000 fd637b06 6cf47bc1: add_timer_randomness(.. 8388864) with jiffies: 14508466140830466596, cycles: -3938277937173757941
[    5.722969] random 0044 0000 0000 fd637b06 6cf47bc1: added 3 entropy credits to input
[    5.723021] RANDOM get_random_int call with cycles 50622772567, jiffies 4294672932 and pid 1
[    5.727852] random 0047 0000 0000 fd637b06 6cf47bc1: add_disk_randomness(8:0) fd637b06 6cf47bc1
[    5.727856] random 0047 0000 0000 fd637b06 6cf47bc1: add_timer_randomness(.. 8388864) with jiffies: 14552457562403078697, cycles: -3894286515601145845
[    5.727859] random 0047 0000 0000 fd637b06 6cf47bc1: added 2 entropy credits to input
[    5.740397] random 0049 0000 0000 fd637b06 6cf47bc1: add_disk_randomness(8:0) fd637b06 6cf47bc1
[    5.740400] random 0049 0000 0000 fd637b06 6cf47bc1: add_timer_randomness(.. 8388864) with jiffies: 14665318471034438198, cycles: -3781425606969786357
[    5.740403] random 0049 0000 0000 fd637b06 6cf47bc1: added 3 entropy credits to input
[    5.740538] random 0052 0000 0000 fd637b06 6cf47bc1: add_disk_randomness(8:0) fd637b06 6cf47bc1
[    5.740541] random 0052 0000 0000 fd637b06 6cf47bc1: add_timer_randomness(.. 8388864) with jiffies: 14666586740517208630, cycles: -3780157337487015925
[    5.742702] random 0052 0000 0000 fd637b06 6cf47bc1: add_disk_randomness(8:0) fd637b06 6cf47bc1
[    5.742705] random 0052 0000 0000 fd637b06 6cf47bc1: add_timer_randomness(.. 8388864) with jiffies: 14686057888854278712, cycles: -3760686189149945845
[    5.742708] random 0052 0000 0000 fd637b06 6cf47bc1: added 1 entropy credits to input
[    5.742943] random 0053 0000 0000 fd637b06 6cf47bc1: add_disk_randomness(8:0) fd637b06 6cf47bc1
[    5.742946] random 0053 0000 0000 fd637b06 6cf47bc1: add_timer_randomness(.. 8388864) with jiffies: 14688229720671879736, cycles: -3758514357332344821
[    5.743081] random 0053 0000 0000 fd637b06 6cf47bc1: add_disk_randomness(8:0) fd637b06 6cf47bc1
[    5.743084] random 0053 0000 0000 fd637b06 6cf47bc1: add_timer_randomness(.. 8388864) with jiffies: 14689476837440717368, cycles: -3757267240563507189
[    5.746250] random 0053 0000 0000 fd637b06 6cf47bc1: add_disk_randomness(8:0) fd637b06 6cf47bc1
[    5.746253] random 0053 0000 0000 fd637b06 6cf47bc1: add_timer_randomness(.. 8388864) with jiffies: 14717991769563955771, cycles: -3728752308440268789
[    5.746256] random 0053 0000 0000 fd637b06 6cf47bc1: added 1 entropy credits to input
[    5.748264] random 0054 0000 0000 fd637b06 6cf47bc1: add_disk_randomness(8:0) fd637b06 6cf47bc1
[    5.748267] random 0054 0000 0000 fd637b06 6cf47bc1: add_timer_randomness(.. 8388864) with jiffies: 14736110003202785853, cycles: -3710634074801438709
[    5.756094] random 0054 0000 0000 fd637b06 6cf47bc1: add_disk_randomness(8:0) fd637b06 6cf47bc1
[    5.756097] random 0054 0000 0000 fd637b06 6cf47bc1: add_timer_randomness(.. 8388864) with jiffies: 14806558303059673669, cycles: -3640185774944550901
[    5.756100] random 0054 0000 0000 fd637b06 6cf47bc1: added 2 entropy credits to input
[    5.756231] random 0056 0000 0000 fd637b06 6cf47bc1: add_disk_randomness(8:0) fd637b06 6cf47bc1
[    5.756234] random 0056 0000 0000 fd637b06 6cf47bc1: add_timer_randomness(.. 8388864) with jiffies: 14807790086795264581, cycles: -3638953991208959989
[    5.759791] random 0056 0000 0000 fd637b06 6cf47bc1: add_disk_randomness(8:0) fd637b06 6cf47bc1
[    5.759794] random 0056 0000 0000 fd637b06 6cf47bc1: add_timer_randomness(.. 8388864) with jiffies: 14839816373726315081, cycles: -3606927704277909493
[    5.759797] random 0056 0000 0000 fd637b06 6cf47bc1: added 2 entropy credits to input
[    5.764289] random 0058 0000 0000 fd637b06 6cf47bc1: add_disk_randomness(8:0) fd637b06 6cf47bc1
[    5.764292] random 0058 0000 0000 fd637b06 6cf47bc1: add_timer_randomness(.. 8388864) with jiffies: 14880291793336500813, cycles: -3566452284667723765
[    5.769869] random 0058 0000 0000 fd637b06 6cf47bc1: add_disk_randomness(8:0) fd637b06 6cf47bc1
[    5.769872] random 0058 0000 0000 fd637b06 6cf47bc1: add_timer_randomness(.. 8388864) with jiffies: 14930488806996673107, cycles: -3516255271007551477
[    5.769875] random 0058 0000 0000 fd637b06 6cf47bc1: added 1 entropy credits to input
[    5.776145] random 0059 0000 0000 fd637b06 6cf47bc1: add_disk_randomness(8:0) fd637b06 6cf47bc1
[    5.776148] random 0059 0000 0000 fd637b06 6cf47bc1: add_timer_randomness(.. 8388864) with jiffies: 14986955631095415385, cycles: -3459788446908809205
[    5.776161] random 0059 0000 0000 fd637b06 6cf47bc1: rand_read_num 12 get_random_bytes(16): sig 0000033b fd637b06 6cf47bc1
[    5.776164] random 0059 0000 0000 fd637b06 6cf47bc1: extract_entropy(.. 16 ..)
[    5.776166] random 0059 0000 0000 fd637b06 6cf47bc1: going to reseed nonblocking with 128 bits (128 of 0 requested)
[    5.776168] random 0059 0000 0000 fd637b06 6cf47bc1: extract_entropy(.. 16 ..)
[    5.776170] random 0059 0000 0000 fd637b06 6cf47bc1: trying to extract 128 bits from input
[    5.776173] random 0059 0000 0000 fd637b06 6cf47bc1: debiting 0 entropy credits from input
[    5.776175] random 0059 0000 0000 fd637b06 6cf47bc1: extract_entropy account returned: 0 
[    5.776178] random 0059 0000 0000 fd637b06 6cf47bc1: urand_change_num 50 xfer_secondary_pool(16): pool_sig 0000033b, data_sig 00000000, bytes_mixed 0 fd637b06 6cf47bc1
[    5.776181] random 0059 0000 0000 fd637b06 6cf47bc1: trying to extract 128 bits from nonblocking
[    5.776183] random 0059 0000 0000 fd637b06 6cf47bc1: debiting 128 entropy credits from nonblocking (unlimited)
[    5.776185] random 0059 0000 0000 fd637b06 6cf47bc1: extract_entropy account returned: 16 
[    5.776190] random 0059 0000 0000 fd637b06 6cf47bc1: urand_change_num 51 extract_buf: pool_sig 0000033b, data_sig 000000d8, bytes_mixed 20 fd637b06 6cf47bc1
[    5.776195] random 0059 0000 0000 0ec1f012 d4727ca8: urand_change_num 52 extract_buf: pool_sig fffffcf5, data_sig 00000016, bytes_mixed 20 0ec1f012 d4727ca8
[    5.782895] random 0059 0000 0000 45b1d0b1 845a73f7: add_disk_randomness(8:0) 45b1d0b1 845a73f7
[    5.782898] random 0059 0000 0000 45b1d0b1 845a73f7: add_timer_randomness(.. 8388864) with jiffies: 15047687971899408992, cycles: -3399056106104815605
[    5.790110] random 0059 0000 0000 45b1d0b1 845a73f7: add_disk_randomness(8:0) 45b1d0b1 845a73f7
[    5.790113] random 0059 0000 0000 45b1d0b1 845a73f7: add_timer_randomness(.. 8388864) with jiffies: 15112603975921926759, cycles: -3334140102082297845
[    5.798132] random 0059 0000 0000 45b1d0b1 845a73f7: add_disk_randomness(8:0) 45b1d0b1 845a73f7
[    5.798135] random 0059 0000 0000 45b1d0b1 845a73f7: add_timer_randomness(.. 8388864) with jiffies: 15184779630020887151, cycles: -3261964447983337461
[    5.807540] random 0059 0000 0000 45b1d0b1 845a73f7: add_disk_randomness(8:0) 45b1d0b1 845a73f7
[    5.807543] random 0059 0000 0000 45b1d0b1 845a73f7: add_timer_randomness(.. 8388864) with jiffies: 15269414636353192569, cycles: -3177329441651032053
[    5.810682] random 0059 0000 0000 45b1d0b1 845a73f7: add_disk_randomness(8:0) 45b1d0b1 845a73f7
[    5.810686] random 0059 0000 0000 45b1d0b1 845a73f7: add_timer_randomness(.. 8388864) with jiffies: 15297692043900060284, cycles: -3149052034104164341
[    5.810688] random 0059 0000 0000 45b1d0b1 845a73f7: added 1 entropy credits to input
[    5.824951] random 0060 0000 0000 45b1d0b1 845a73f7: add_disk_randomness(8:0) 45b1d0b1 845a73f7
[    5.824954] random 0060 0000 0000 45b1d0b1 845a73f7: add_timer_randomness(.. 8388864) with jiffies: 15426070480393306762, cycles: -3020673597610917877
[    5.824956] random 0060 0000 0000 45b1d0b1 845a73f7: added 3 entropy credits to input
[    5.830346] random 0063 0000 0000 45b1d0b1 845a73f7: add_disk_randomness(8:0) 45b1d0b1 845a73f7
[    5.830349] random 0063 0000 0000 45b1d0b1 845a73f7: add_timer_randomness(.. 8388864) with jiffies: 15474607240085471888, cycles: -2972136837918752757
[    5.830352] random 0063 0000 0000 45b1d0b1 845a73f7: added 2 entropy credits to input
[    5.835518] random 0065 0000 0000 45b1d0b1 845a73f7: add_disk_randomness(8:0) 45b1d0b1 845a73f7
[    5.835521] random 0065 0000 0000 45b1d0b1 845a73f7: add_timer_randomness(.. 8388864) with jiffies: 15521136862775968405, cycles: -2925607215228256245
[    5.843747] random 0065 0000 0000 45b1d0b1 845a73f7: add_disk_randomness(8:0) 45b1d0b1 845a73f7
[    5.843750] random 0065 0000 0000 45b1d0b1 845a73f7: add_timer_randomness(.. 8388864) with jiffies: 15595180488346272413, cycles: -2851563589657952245
[    5.843753] random 0065 0000 0000 45b1d0b1 845a73f7: added 1 entropy credits to input
[    5.853350] random 0066 0000 0000 45b1d0b1 845a73f7: add_disk_randomness(8:0) 45b1d0b1 845a73f7
[    5.853353] random 0066 0000 0000 45b1d0b1 845a73f7: add_timer_randomness(.. 8388864) with jiffies: 15681570899352060583, cycles: -2765173178652164085
[    5.872846] random 0066 0000 0000 45b1d0b1 845a73f7: add_disk_randomness(8:0) 45b1d0b1 845a73f7
[    5.872849] random 0066 0000 0000 45b1d0b1 845a73f7: add_timer_randomness(.. 8388864) with jiffies: 15856995140590338746, cycles: -2589748937413885941
[    5.872852] random 0066 0000 0000 45b1d0b1 845a73f7: added 2 entropy credits to input
[    5.886360] random 0068 0000 0000 45b1d0b1 845a73f7: add_disk_randomness(8:0) 45b1d0b1 845a73f7
[    5.886363] random 0068 0000 0000 45b1d0b1 845a73f7: add_timer_randomness(.. 8388864) with jiffies: 15978574008198857416, cycles: -2468170069805367285
[    5.886366] random 0068 0000 0000 45b1d0b1 845a73f7: added 2 entropy credits to input
[    5.894153] random 0070 0000 0000 45b1d0b1 845a73f7: add_disk_randomness(8:0) 45b1d0b1 845a73f7
[    5.894156] random 0070 0000 0000 45b1d0b1 845a73f7: add_timer_randomness(.. 8388864) with jiffies: 16048702929992647375, cycles: -2398041148011577333
[    5.894159] random 0070 0000 0000 45b1d0b1 845a73f7: added 1 entropy credits to input
[    5.904163] random 0071 0000 0000 45b1d0b1 845a73f7: add_disk_randomness(8:0) 45b1d0b1 845a73f7
[    5.904166] random 0071 0000 0000 45b1d0b1 845a73f7: add_timer_randomness(.. 8388864) with jiffies: 16138765422072398553, cycles: -2307978655931826165
[    5.904169] random 0071 0000 0000 45b1d0b1 845a73f7: added 1 entropy credits to input
[    5.908734] random 0072 0000 0000 45b1d0b1 845a73f7: add_disk_randomness(8:0) 45b1d0b1 845a73f7
[    5.908737] random 0072 0000 0000 45b1d0b1 845a73f7: add_timer_randomness(.. 8388864) with jiffies: 16179882484026802910, cycles: -2266861593977421813
[    5.908740] random 0072 0000 0000 45b1d0b1 845a73f7: added 2 entropy credits to input
[    5.916092] random 0074 0000 0000 45b1d0b1 845a73f7: add_disk_randomness(8:0) 45b1d0b1 845a73f7
[    5.916095] random 0074 0000 0000 45b1d0b1 845a73f7: add_timer_randomness(.. 8388864) with jiffies: 16246090070614573797, cycles: -2200654007389650933
[    5.916098] random 0074 0000 0000 45b1d0b1 845a73f7: added 1 entropy credits to input
[    5.921339] random 0075 0000 0000 45b1d0b1 845a73f7: add_disk_randomness(8:0) 45b1d0b1 845a73f7
[    5.921342] random 0075 0000 0000 45b1d0b1 845a73f7: add_timer_randomness(.. 8388864) with jiffies: 16293283433256026859, cycles: -2153460644748197877
[    5.927780] random 0075 0000 0000 45b1d0b1 845a73f7: add_disk_randomness(8:0) 45b1d0b1 845a73f7
[    5.927783] random 0075 0000 0000 45b1d0b1 845a73f7: add_timer_randomness(.. 8388864) with jiffies: 16351238330378846961, cycles: -2095505747625377781
[    5.932833] random 0075 0000 0000 45b1d0b1 845a73f7: add_disk_randomness(8:0) 45b1d0b1 845a73f7
[    5.932836] random 0075 0000 0000 45b1d0b1 845a73f7: add_timer_randomness(.. 8388864) with jiffies: 16396707946550756086, cycles: -2050036131453468661
[    5.938736] random 0075 0000 0000 45b1d0b1 845a73f7: add_disk_randomness(8:0) 45b1d0b1 845a73f7
[    5.938739] random 0075 0000 0000 45b1d0b1 845a73f7: add_timer_randomness(.. 8388864) with jiffies: 16449814718949589756, cycles: -1996929359054634997
[    5.948086] random 0075 0000 0000 45b1d0b1 845a73f7: add_disk_randomness(8:0) 45b1d0b1 845a73f7
[    5.948089] random 0075 0000 0000 45b1d0b1 845a73f7: add_timer_randomness(.. 8388864) with jiffies: 16533939629196018437, cycles: -1912804448808206325
[    5.948091] random 0075 0000 0000 45b1d0b1 845a73f7: added 1 entropy credits to input
[    5.952963] random 0076 0000 0000 45b1d0b1 845a73f7: add_disk_randomness(8:0) 45b1d0b1 845a73f7
[    5.952966] random 0076 0000 0000 45b1d0b1 845a73f7: add_timer_randomness(.. 8388864) with jiffies: 16577822860542444298, cycles: -1868921217461780469
[    5.952969] random 0076 0000 0000 45b1d0b1 845a73f7: added 2 entropy credits to input
[    5.960400] random 0078 0000 0000 45b1d0b1 845a73f7: add_disk_randomness(8:0) 45b1d0b1 845a73f7
[    5.960403] random 0078 0000 0000 45b1d0b1 845a73f7: add_timer_randomness(.. 8388864) with jiffies: 16644724131593159442, cycles: -1802019946411065333
[    5.960406] random 0078 0000 0000 45b1d0b1 845a73f7: added 1 entropy credits to input
[    5.966619] random 0079 0000 0000 45b1d0b1 845a73f7: add_disk_randomness(8:0) 45b1d0b1 845a73f7
[    5.966621] random 0079 0000 0000 45b1d0b1 845a73f7: add_timer_randomness(.. 8388864) with jiffies: 16700676311235658520, cycles: -1746067766768566261
[    5.966624] random 0079 0000 0000 45b1d0b1 845a73f7: added 1 entropy credits to input
[    5.972082] random 0080 0000 0000 45b1d0b1 845a73f7: add_disk_randomness(8:0) 45b1d0b1 845a73f7
[    5.972085] random 0080 0000 0000 45b1d0b1 845a73f7: add_timer_randomness(.. 8388864) with jiffies: 16749842584284398365, cycles: -1696901493719826421
[    5.981178] random 0080 0000 0000 45b1d0b1 845a73f7: add_disk_randomness(8:0) 45b1d0b1 845a73f7
[    5.981181] random 0080 0000 0000 45b1d0b1 845a73f7: add_timer_randomness(.. 8388864) with jiffies: 16831679084415910694, cycles: -1615064993588314101
[    5.981184] random 0080 0000 0000 45b1d0b1 845a73f7: added 2 entropy credits to input
[    5.988596] random 0082 0000 0000 45b1d0b1 845a73f7: add_disk_randomness(8:0) 45b1d0b1 845a73f7
[    5.988599] random 0082 0000 0000 45b1d0b1 845a73f7: add_timer_randomness(.. 8388864) with jiffies: 16898414805952201518, cycles: -1548329272052023285
[    5.998278] random 0082 0000 0000 45b1d0b1 845a73f7: add_disk_randomness(8:0) 45b1d0b1 845a73f7
[    5.998282] random 0082 0000 0000 45b1d0b1 845a73f7: add_timer_randomness(.. 8388864) with jiffies: 16985537551831630647, cycles: -1461206526172594165
[    6.008908] random 0082 0000 0000 45b1d0b1 845a73f7: add_disk_randomness(8:0) 45b1d0b1 845a73f7
[    6.008912] random 0082 0000 0000 45b1d0b1 845a73f7: add_timer_randomness(.. 8388864) with jiffies: 17081172068193239874, cycles: -1365572009810984949
[    6.021425] random 0082 0000 0000 45b1d0b1 845a73f7: add_disk_randomness(8:0) 45b1d0b1 845a73f7
[    6.021428] random 0082 0000 0000 45b1d0b1 845a73f7: add_timer_randomness(.. 8388864) with jiffies: 17193780570186548047, cycles: -1252963507817676789
[    6.022637] random 0082 0000 0000 45b1d0b1 845a73f7: add_disk_randomness(8:0) 45b1d0b1 845a73f7
[    6.022640] random 0082 0000 0000 45b1d0b1 845a73f7: add_timer_randomness(.. 8388864) with jiffies: 17204690972529361744, cycles: -1242053105474863093
[    6.026649] random 0082 0000 0000 45b1d0b1 845a73f7: add_disk_randomness(8:0) 45b1d0b1 845a73f7
[    6.026652] random 0082 0000 0000 45b1d0b1 845a73f7: add_timer_randomness(.. 8388864) with jiffies: 17240780916997718868, cycles: -1205963161006505973
[    6.026654] random 0082 0000 0000 45b1d0b1 845a73f7: added 1 entropy credits to input
[    6.035988] random 0083 0000 0000 45b1d0b1 845a73f7: add_disk_randomness(8:0) 45b1d0b1 845a73f7
[    6.035991] random 0083 0000 0000 45b1d0b1 845a73f7: add_timer_randomness(.. 8388864) with jiffies: 17324815950758511453, cycles: -1121928127245713397
[    6.035994] random 0083 0000 0000 45b1d0b1 845a73f7: added 1 entropy credits to input
[    6.036383] random 0084 0000 0000 45b1d0b1 845a73f7: add_disk_randomness(8:0) 45b1d0b1 845a73f7
[    6.036386] random 0084 0000 0000 45b1d0b1 845a73f7: add_timer_randomness(.. 8388864) with jiffies: 17328359414741828446, cycles: -1118384663262396405
[    6.052001] random 0084 0000 0000 45b1d0b1 845a73f7: add_disk_randomness(8:0) 45b1d0b1 845a73f7
[    6.052004] random 0084 0000 0000 45b1d0b1 845a73f7: add_timer_randomness(.. 8388864) with jiffies: 17468881390228177773, cycles: -977862687776047093
[    6.052006] random 0084 0000 0000 45b1d0b1 845a73f7: added 3 entropy credits to input
[    6.053632] random 0087 0000 0000 45b1d0b1 845a73f7: add_disk_randomness(8:0) 45b1d0b1 845a73f7
[    6.053635] random 0087 0000 0000 45b1d0b1 845a73f7: add_timer_randomness(.. 8388864) with jiffies: 17483554695023395695, cycles: -963189382980829173
[    6.053638] random 0087 0000 0000 45b1d0b1 845a73f7: added 1 entropy credits to input
[    6.053780] random 0088 0000 0000 45b1d0b1 845a73f7: add_disk_randomness(8:0) 45b1d0b1 845a73f7
[    6.053783] random 0088 0000 0000 45b1d0b1 845a73f7: add_timer_randomness(.. 8388864) with jiffies: 17484890382607811439, cycles: -961853695396413429
[    6.064655] random 0088 0000 0000 45b1d0b1 845a73f7: add_disk_randomness(8:0) 45b1d0b1 845a73f7
[    6.064658] random 0088 0000 0000 45b1d0b1 845a73f7: add_timer_randomness(.. 8388864) with jiffies: 17582730244416832378, cycles: -864013833587392501
[    6.064661] random 0088 0000 0000 45b1d0b1 845a73f7: added 3 entropy credits to input
[    6.065220] random 0091 0000 0000 45b1d0b1 845a73f7: add_disk_randomness(8:0) 45b1d0b1 845a73f7
[    6.065223] random 0091 0000 0000 45b1d0b1 845a73f7: add_timer_randomness(.. 8388864) with jiffies: 17587823199456559994, cycles: -858920878547664885
[    6.070452] random 0091 0000 0000 45b1d0b1 845a73f7: add_disk_randomness(8:0) 45b1d0b1 845a73f7
[    6.070455] random 0091 0000 0000 45b1d0b1 845a73f7: add_timer_randomness(.. 8388864) with jiffies: 17634883662924972928, cycles: -811860415079251957
[    6.070458] random 0091 0000 0000 45b1d0b1 845a73f7: added 2 entropy credits to input
[    6.072204] random 0093 0000 0000 45b1d0b1 845a73f7: add_disk_randomness(8:0) 45b1d0b1 845a73f7
[    6.072207] random 0093 0000 0000 45b1d0b1 845a73f7: add_timer_randomness(.. 8388864) with jiffies: 17650660632581342081, cycles: -796083445422882805
[    6.082431] random 0093 0000 0000 45b1d0b1 845a73f7: add_disk_randomness(8:0) 45b1d0b1 845a73f7
[    6.082434] random 0093 0000 0000 45b1d0b1 845a73f7: add_timer_randomness(.. 8388864) with jiffies: 17742660318120346508, cycles: -704083759883878389
[    6.082437] random 0093 0000 0000 45b1d0b1 845a73f7: added 3 entropy credits to input
[    6.096369] random 0096 0000 0000 45b1d0b1 845a73f7: add_disk_randomness(8:0) 45b1d0b1 845a73f7
