[    0.000000] random 0000 0000 0000 00000000 00000000: rand_read_num 1 get_random_bytes(8): sig 00000000 00000000 00000000
[    0.000000] random 0000 0000 0000 00000000 00000000: extract_entropy(.. 8 ..)
[    0.000000] random 0000 0000 0000 00000000 00000000: going to reseed nonblocking with 64 bits (64 of 0 requested)
[    0.000000] random 0000 0000 0000 00000000 00000000: extract_entropy(.. 8 ..)
[    0.000000] random 0000 0000 0000 00000000 00000000: trying to extract 64 bits from input
[    0.000000] random 0000 0000 0000 00000000 00000000: debiting 0 entropy credits from input
[    0.000000] random 0000 0000 0000 00000000 00000000: extract_entropy account returned: 0 
[    0.000000] random 0000 0000 0000 00000000 00000000: urand_change_num 1 xfer_secondary_pool(8): pool_sig 00000000, data_sig 00000000, bytes_mixed 0 00000000 00000000
[    0.000000] random 0000 0000 0000 00000000 00000000: trying to extract 64 bits from nonblocking
[    0.000000] random 0000 0000 0000 00000000 00000000: debiting 64 entropy credits from nonblocking (unlimited)
[    0.000000] random 0000 0000 0000 00000000 00000000: extract_entropy account returned: 8 
[    0.000000] random 0000 0000 0000 00000000 00000000: urand_change_num 2 extract_buf: pool_sig 00000000, data_sig fffffff9, bytes_mixed 20 00000000 00000000
[    0.000000] Linux version 2.6.32.57 (dcashman@dcashman-02) (gcc version 4.3.3 (GCC) ) #6 Thu May 30 09:02:12 PDT 2013
[    0.000000] KERNEL supported cpus:
[    0.000000]   Intel GenuineIntel
[    0.000000]   AMD AuthenticAMD
[    0.000000]   NSC Geode by NSC
[    0.000000]   Cyrix CyrixInstead
[    0.000000]   Centaur CentaurHauls
[    0.000000]   Transmeta GenuineTMx86
[    0.000000]   Transmeta TransmetaCPU
[    0.000000]   UMC UMC UMC UMC
[    0.000000] BIOS-provided physical RAM map:
[    0.000000]  BIOS-e820: 0000000000000000 - 000000000009d800 (usable)
[    0.000000]  BIOS-e820: 000000000009d800 - 00000000000a0000 (reserved)
[    0.000000]  BIOS-e820: 00000000000d2000 - 00000000000d4000 (reserved)
[    0.000000]  BIOS-e820: 00000000000e0000 - 0000000000100000 (reserved)
[    0.000000]  BIOS-e820: 0000000000100000 - 000000003d6b0000 (usable)
[    0.000000]  BIOS-e820: 000000003d6b0000 - 000000003d6cc000 (ACPI data)
[    0.000000]  BIOS-e820: 000000003d6cc000 - 000000003d700000 (ACPI NVS)
[    0.000000]  BIOS-e820: 000000003d700000 - 000000003e000000 (reserved)
[    0.000000]  BIOS-e820: 00000000f0000000 - 00000000f4000000 (reserved)
[    0.000000]  BIOS-e820: 00000000fec00000 - 00000000fec10000 (reserved)
[    0.000000]  BIOS-e820: 00000000fed00000 - 00000000fed00400 (reserved)
[    0.000000]  BIOS-e820: 00000000fed14000 - 00000000fed1a000 (reserved)
[    0.000000]  BIOS-e820: 00000000fed1c000 - 00000000fed90000 (reserved)
[    0.000000]  BIOS-e820: 00000000fee00000 - 00000000fee01000 (reserved)
[    0.000000]  BIOS-e820: 00000000ff000000 - 0000000100000000 (reserved)
[    0.000000] DMI present.
[    0.000000] last_pfn = 0x3d6b0 max_arch_pfn = 0x100000
[    0.000000] MTRR default type: uncachable
[    0.000000] MTRR fixed ranges enabled:
[    0.000000]   00000-9FFFF write-back
[    0.000000]   A0000-BFFFF uncachable
[    0.000000]   C0000-CFFFF write-protect
[    0.000000]   D0000-DFFFF uncachable
[    0.000000]   E0000-FFFFF write-protect
[    0.000000] MTRR variable ranges enabled:
[    0.000000]   0 base 03E000000 mask FFE000000 uncachable
[    0.000000]   1 base 000000000 mask FC0000000 write-back
[    0.000000]   2 base 03D700000 mask FFFF00000 uncachable
[    0.000000]   3 base 03D800000 mask FFF800000 uncachable
[    0.000000]   4 disabled
[    0.000000]   5 disabled
[    0.000000]   6 disabled
[    0.000000]   7 disabled
[    0.000000] initial memory mapped : 0 - 02000000
[    0.000000] init_memory_mapping: 0000000000000000-00000000377fe000
[    0.000000]  0000000000 - 0000400000 page 4k
[    0.000000]  0000400000 - 0037400000 page 2M
[    0.000000]  0037400000 - 00377fe000 page 4k
[    0.000000] kernel direct mapping tables up to 377fe000 @ 7000-c000
[    0.000000] ACPI: RSDP 000f68d0 00024 (v02 LENOVO)
[    0.000000] ACPI: XSDT 3d6bb77f 00094 (v01 LENOVO TP-7L    00002170  LTP 00000000)
[    0.000000] ACPI: FACP 3d6bb900 000F4 (v03 LENOVO TP-7L    00002170 LNVO 00000001)
[    0.000000] ACPI Warning: 32/64X length mismatch in Gpe1Block: 0/32 (20090903/tbfadt-526)
[    0.000000] ACPI Warning: Optional field Gpe1Block has zero address or length: 000000000000102C/0 (20090903/tbfadt-557)
[    0.000000] ACPI: DSDT 3d6bbd1d 0FED1 (v01 LENOVO TP-7L    00002170 MSFT 03000000)
[    0.000000] ACPI: FACS 3d6e4000 00040
[    0.000000] ACPI: SSDT 3d6bbab4 00269 (v01 LENOVO TP-7L    00002170 MSFT 03000000)
[    0.000000] ACPI: ECDT 3d6cbbee 00052 (v01 LENOVO TP-7L    00002170 LNVO 00000001)
[    0.000000] ACPI: TCPA 3d6cbc40 00032 (v02 LENOVO TP-7L    00002170 LNVO 00000001)
[    0.000000] ACPI: APIC 3d6cbc72 00068 (v01 LENOVO TP-7L    00002170 LNVO 00000001)
[    0.000000] ACPI: MCFG 3d6cbcda 0003C (v01 LENOVO TP-7L    00002170 LNVO 00000001)
[    0.000000] ACPI: HPET 3d6cbd16 00038 (v01 LENOVO TP-7L    00002170 LNVO 00000001)
[    0.000000] ACPI: SLIC 3d6cbdf0 00176 (v01 LENOVO TP-7L    00002170  LTP 00000000)
[    0.000000] ACPI: BOOT 3d6cbf66 00028 (v01 LENOVO TP-7L    00002170  LTP 00000001)
[    0.000000] ACPI: ASF! 3d6cbf8e 00072 (v16 LENOVO TP-7L    00002170 PTL  00000001)
[    0.000000] ACPI: SSDT 3d6e26d9 0025F (v01 LENOVO TP-7L    00002170 INTL 20050513)
[    0.000000] ACPI: SSDT 3d6e2938 000A6 (v01 LENOVO TP-7L    00002170 INTL 20050513)
[    0.000000] ACPI: SSDT 3d6e29de 004F7 (v01 LENOVO TP-7L    00002170 INTL 20050513)
[    0.000000] ACPI: SSDT 3d6e2ed5 001D8 (v01 LENOVO TP-7L    00002170 INTL 20050513)
[    0.000000] ACPI: DMI detected: Lenovo ThinkPad R61
[    0.000000] ACPI: Added _OSI(Linux)
[    0.000000] ACPI: Local APIC address 0xfee00000
[    0.000000] 94MB HIGHMEM available.
[    0.000000] 887MB LOWMEM available.
[    0.000000]   mapped low ram: 0 - 377fe000
[    0.000000]   low ram: 0 - 377fe000
[    0.000000]   node 0 low ram: 00000000 - 377fe000
[    0.000000]   node 0 bootmap 00008000 - 0000ef00
[    0.000000] (6 early reservations) ==> bootmem [0000000000 - 00377fe000]
[    0.000000]   #0 [0000000000 - 0000001000]   BIOS data page ==> [0000000000 - 0000001000]
[    0.000000]   #1 [0001000000 - 0001bdc180]    TEXT DATA BSS ==> [0001000000 - 0001bdc180]
[    0.000000]   #2 [000009d800 - 0000100000]    BIOS reserved ==> [000009d800 - 0000100000]
[    0.000000]   #3 [0001bdd000 - 0001be516c]              BRK ==> [0001bdd000 - 0001be516c]
[    0.000000]   #4 [0000007000 - 0000008000]          PGTABLE ==> [0000007000 - 0000008000]
[    0.000000]   #5 [0000008000 - 000000f000]          BOOTMAP ==> [0000008000 - 000000f000]
[    0.000000] found SMP MP-table at [c00f6900] f6900
[    0.000000] Zone PFN ranges:
[    0.000000]   DMA      0x00000000 -> 0x00001000
[    0.000000]   Normal   0x00001000 -> 0x000377fe
[    0.000000]   HighMem  0x000377fe -> 0x0003d6b0
[    0.000000] Movable zone start PFN for each node
[    0.000000] early_node_map[2] active PFN ranges
[    0.000000]     0: 0x00000000 -> 0x0000009d
[    0.000000]     0: 0x00000100 -> 0x0003d6b0
[    0.000000] On node 0 totalpages: 251469
[    0.000000] free_area_init_node: node 0, pgdat c1901ea0, node_mem_map c1be7000
[    0.000000]   DMA zone: 32 pages used for memmap
[    0.000000]   DMA zone: 0 pages reserved
[    0.000000]   DMA zone: 3965 pages, LIFO batch:0
[    0.000000]   Normal zone: 1744 pages used for memmap
[    0.000000]   Normal zone: 221486 pages, LIFO batch:31
[    0.000000]   HighMem zone: 190 pages used for memmap
[    0.000000]   HighMem zone: 24052 pages, LIFO batch:3
[    0.000000] Using APIC driver default
[    0.000000] ACPI: PM-Timer IO Port: 0x1008
[    0.000000] ACPI: Local APIC address 0xfee00000
[    0.000000] ACPI: LAPIC (acpi_id[0x00] lapic_id[0x00] enabled)
[    0.000000] ACPI: LAPIC (acpi_id[0x01] lapic_id[0x01] enabled)
[    0.000000] ACPI: NR_CPUS/possible_cpus limit of 1 reached.  Processor 1/0x1 ignored.
[    0.000000] ACPI: LAPIC_NMI (acpi_id[0x00] high edge lint[0x1])
[    0.000000] ACPI: LAPIC_NMI (acpi_id[0x01] high edge lint[0x1])
[    0.000000] ACPI: IOAPIC (id[0x01] address[0xfec00000] gsi_base[0])
[    0.000000] IOAPIC[0]: apic_id 1, version 32, address 0xfec00000, GSI 0-23
[    0.000000] ACPI: INT_SRC_OVR (bus 0 bus_irq 0 global_irq 2 dfl dfl)
[    0.000000] ACPI: INT_SRC_OVR (bus 0 bus_irq 9 global_irq 9 high level)
[    0.000000] ACPI: IRQ0 used by override.
[    0.000000] ACPI: IRQ2 used by override.
[    0.000000] ACPI: IRQ9 used by override.
[    0.000000] Using ACPI (MADT) for SMP configuration information
[    0.000000] ACPI: HPET id: 0x8086a201 base: 0xfed00000
[    0.000000] nr_irqs_gsi: 24
[    0.000000] PM: Registered nosave memory: 000000000009d000 - 000000000009e000
[    0.000000] PM: Registered nosave memory: 000000000009e000 - 00000000000a0000
[    0.000000] PM: Registered nosave memory: 00000000000a0000 - 00000000000d2000
[    0.000000] PM: Registered nosave memory: 00000000000d2000 - 00000000000d4000
[    0.000000] PM: Registered nosave memory: 00000000000d4000 - 00000000000e0000
[    0.000000] PM: Registered nosave memory: 00000000000e0000 - 0000000000100000
[    0.000000] Allocating PCI resources starting at 3e000000 (gap: 3e000000:b2000000)
[    0.000000] Built 1 zonelists in Zone order, mobility grouping on.  Total pages: 249503
[    0.000000] Kernel command line: auto BOOT_IMAGE=Linux ro root=802 vt.default_utf8=0 maxcpus=0
[    0.000000] PID hash table entries: 4096 (order: 2, 16384 bytes)
[    0.000000] Dentry cache hash table entries: 131072 (order: 7, 524288 bytes)
[    0.000000] Inode-cache hash table entries: 65536 (order: 6, 262144 bytes)
[    0.000000] Enabling fast FPU save and restore... done.
[    0.000000] Enabling unmasked SIMD FPU exception support... done.
[    0.000000] Initializing CPU#0
[    0.000000] Initializing HighMem for node 0 (000377fe:0003d6b0)
[    0.000000] Memory: 984800k/1006272k available (6915k kernel code, 20876k reserved, 2327k data, 448k init, 96968k highmem)
[    0.000000] virtual kernel memory layout:
[    0.000000]     fixmap  : 0xfffa3000 - 0xfffff000   ( 368 kB)
[    0.000000]     pkmap   : 0xff800000 - 0xffc00000   (4096 kB)
[    0.000000]     vmalloc : 0xf7ffe000 - 0xff7fe000   ( 120 MB)
[    0.000000]     lowmem  : 0xc0000000 - 0xf77fe000   ( 887 MB)
[    0.000000]       .init : 0xc1907000 - 0xc1977000   ( 448 kB)
[    0.000000]       .data : 0xc16c0d3f - 0xc1906c64   (2327 kB)
[    0.000000]       .text : 0xc1000000 - 0xc16c0d3f   (6915 kB)
[    0.000000] Checking if this processor honours the WP bit even in supervisor mode...Ok.
[    0.000000] SLUB: Genslabs=13, HWalign=64, Order=0-3, MinObjects=0, CPUs=1, Nodes=1
[    0.000000] Hierarchical RCU implementation.
[    0.000000] NR_IRQS:288
[    0.000000] Extended CMOS year: 2000
[    0.000000] Console: colour VGA+ 80x25
[    0.000000] console [tty0] enabled
[    0.000000] hpet clockevent registered
[    0.000000] Fast TSC calibration using PIT
[    0.000000] Detected 2094.754 MHz processor.
[    0.001002] Calibrating delay loop (skipped), value calculated using timer frequency.. 4189.50 BogoMIPS (lpj=2094754)
[    0.002007] Security Framework initialized
[    0.002091] Mount-cache hash table entries: 512
[    0.002240] CPU: L1 I cache: 32K, L1 D cache: 32K
[    0.002371] CPU: L2 cache: 3072K
[    0.002456] mce: CPU supports 6 MCE banks
[    0.002542] CPU0: Thermal monitoring enabled (TM2)
[    0.002627] using mwait in idle threads.
[    0.002708] CPU: Intel(R) Core(TM)2 Duo CPU     T8100  @ 2.10GHz stepping 06
[    0.002887] Checking 'hlt' instruction... OK.
[    0.006938] ACPI: Core revision 20090903
[    0.026011] RANDOM get_random_int first call with cycles 32590775165, jiffies 4294667322 and pid 0
[    0.026019] CANARY value: 824fcbb7 for PID: 1
[    0.026026] CANARY value: a74aefa2 for PID: 2
[    0.026050] Enabling APIC mode:  Flat.  Using 1 I/O APICs
[    0.027212] ..TIMER: vector=0x30 apic1=0 pin1=2 apic2=-1 pin2=-1
[    0.037997] xor: automatically using best checksumming function: pIII_sse
[    0.041998]    pIII_sse  :  8568.000 MB/sec
[    0.042086] xor: using function: pIII_sse (8568.000 MB/sec)
[    0.042177] RANDOM - __seed init called.
[    0.042178] RANDOM - __seed init called.
[    0.042179] RANDOM - __seed init called.
[    0.042180] RANDOM - __random32 called. Change num 1.  Value: f7943846	49e73df3	af36cd0d
[    0.042182] RANDOM - __random32 called. Change num 2.  Value: 43846e13	9e73df37	9a1ad014
[    0.042184] RANDOM - __random32 called. Change num 3.  Value: 46e139c8	e73df373	a029598a
[    0.042186] RANDOM - __random32 called. Change num 4.  Value: 139c8c3b	73df373d	b3142c72
[    0.042188] RANDOM - __random32 called. Change num 5.  Value: c8c3b043	3df373de	58e576a9
[    0.042189] RANDOM - __random32 called. Change num 6.  Value: 3b0437d9	df373de5	ed53f9d8
[    0.042191] RANDOM - random32 init called.  Value: 3b0437d9	df373de5	ed53f9d8
[    0.042208] NET: Registered protocol family 16
[    0.042479] ACPI FADT declares the system doesn't support PCIe ASPM, so disable it
[    0.042603] ACPI: bus type pci registered
[    0.042774] PCI: MCFG configuration 0: base f0000000 segment 0 buses 0 - 63
[    0.042871] PCI: MCFG area at f0000000 reserved in E820
[    0.042968] PCI: Using MMCONFIG for extended config space
[    0.043002] PCI: Using configuration type 1 for base access
[    0.046161] bio: create slab <bio-0> at 0
[    0.046968] ACPI: EC: EC description table is found, configuring boot EC
[    0.052158] ACPI: BIOS _OSI(Linux) query honored via DMI
[    0.052882] random 0000 0000 0000 00000000 00000000: rand_read_num 2 get_random_bytes(8): sig fffffe1a 00000000 00000000
[    0.052885] random 0000 0000 0000 00000000 00000000: extract_entropy(.. 8 ..)
[    0.052887] random 0000 0000 0000 00000000 00000000: going to reseed nonblocking with 64 bits (64 of 0 requested)
[    0.052890] random 0000 0000 0000 00000000 00000000: extract_entropy(.. 8 ..)
[    0.052892] random 0000 0000 0000 00000000 00000000: trying to extract 64 bits from input
[    0.052894] random 0000 0000 0000 00000000 00000000: debiting 0 entropy credits from input
[    0.052896] random 0000 0000 0000 00000000 00000000: extract_entropy account returned: 0 
[    0.052899] random 0000 0000 0000 00000000 00000000: urand_change_num 3 xfer_secondary_pool(8): pool_sig fffffe1a, data_sig 00000000, bytes_mixed 0 00000000 00000000
[    0.052902] random 0000 0000 0000 00000000 00000000: trying to extract 64 bits from nonblocking
[    0.052904] random 0000 0000 0000 00000000 00000000: debiting 64 entropy credits from nonblocking (unlimited)
[    0.052906] random 0000 0000 0000 00000000 00000000: extract_entropy account returned: 8 
[    0.052911] random 0000 0000 0000 00000000 00000000: urand_change_num 4 extract_buf: pool_sig fffffe1a, data_sig fffffed7, bytes_mixed 20 00000000 00000000
[    0.058700] ACPI: Interpreter enabled
[    0.058790] ACPI: (supports S0 S3 S4 S5)
[    0.059084] ACPI: Using IOAPIC for interrupt routing
[    0.068662] ACPI: EC: GPE = 0x12, I/O: command/status = 0x66, data = 0x62
[    0.068935] ACPI: Power Resource [PUBS] (on)
[    0.071064] ACPI: ACPI Dock Station Driver: 3 docks/bays found
[    0.071471] ACPI: PCI Root Bridge [PCI0] (0000:00)
[    0.071639] pci 0000:00:02.0: reg 10 64bit mmio: [0xf8100000-0xf81fffff]
[    0.071645] pci 0000:00:02.0: reg 18 64bit mmio pref: [0xe0000000-0xefffffff]
[    0.071649] pci 0000:00:02.0: reg 20 io port: [0x1800-0x1807]
[    0.071684] pci 0000:00:02.1: reg 10 64bit mmio: [0xf8200000-0xf82fffff]
[    0.071791] pci 0000:00:19.0: reg 10 32bit mmio: [0xfe000000-0xfe01ffff]
[    0.071800] pci 0000:00:19.0: reg 14 32bit mmio: [0xfe025000-0xfe025fff]
[    0.071808] pci 0000:00:19.0: reg 18 io port: [0x1840-0x185f]
[    0.071873] pci 0000:00:19.0: PME# supported from D0 D3hot D3cold
[    0.071971] pci 0000:00:19.0: PME# disabled
[    0.072066] pci 0000:00:1a.0: reg 20 io port: [0x1860-0x187f]
[    0.072140] pci 0000:00:1a.1: reg 20 io port: [0x1880-0x189f]
[    0.072227] pci 0000:00:1a.7: reg 10 32bit mmio: [0xfe226c00-0xfe226fff]
[    0.072313] pci 0000:00:1a.7: PME# supported from D0 D3hot D3cold
[    0.072414] pci 0000:00:1a.7: PME# disabled
[    0.072560] pci 0000:00:1b.0: reg 10 64bit mmio: [0xfe020000-0xfe023fff]
[    0.072647] pci 0000:00:1b.0: PME# supported from D0 D3hot D3cold
[    0.072747] pci 0000:00:1b.0: PME# disabled
[    0.073041] pci 0000:00:1c.0: PME# supported from D0 D3hot D3cold
[    0.073136] pci 0000:00:1c.0: PME# disabled
[    0.073335] pci 0000:00:1c.1: PME# supported from D0 D3hot D3cold
[    0.073431] pci 0000:00:1c.1: PME# disabled
[    0.073630] pci 0000:00:1c.2: PME# supported from D0 D3hot D3cold
[    0.073725] pci 0000:00:1c.2: PME# disabled
[    0.073944] pci 0000:00:1c.3: PME# supported from D0 D3hot D3cold
[    0.073999] pci 0000:00:1c.3: PME# disabled
[    0.074865] pci 0000:00:1c.4: PME# supported from D0 D3hot D3cold
[    0.074999] pci 0000:00:1c.4: PME# disabled
[    0.075161] pci 0000:00:1d.0: reg 20 io port: [0x18a0-0x18bf]
[    0.075235] pci 0000:00:1d.1: reg 20 io port: [0x18c0-0x18df]
[    0.075321] pci 0000:00:1d.2: reg 20 io port: [0x18e0-0x18ff]
[    0.075411] pci 0000:00:1d.7: reg 10 32bit mmio: [0xfe227000-0xfe2273ff]
[    0.075504] pci 0000:00:1d.7: PME# supported from D0 D3hot D3cold
[    0.075611] pci 0000:00:1d.7: PME# disabled
[    0.075901] pci 0000:00:1f.0: quirk: region 1000-107f claimed by ICH6 ACPI/GPIO/TCO
[    0.076000] pci 0000:00:1f.0: quirk: region 1180-11bf claimed by ICH6 GPIO
[    0.076096] pci 0000:00:1f.0: ICH7 LPC Generic IO decode 1 PIO at 1600 (mask 007f)
[    0.076227] pci 0000:00:1f.0: ICH7 LPC Generic IO decode 2 PIO at 15e0 (mask 000f)
[    0.076354] pci 0000:00:1f.0: ICH7 LPC Generic IO decode 3 PIO at 1680 (mask 001f)
[    0.076556] pci 0000:00:1f.1: reg 10 io port: [0x00-0x07]
[    0.076564] pci 0000:00:1f.1: reg 14 io port: [0x00-0x03]
[    0.076574] pci 0000:00:1f.1: reg 18 io port: [0x00-0x07]
[    0.076583] pci 0000:00:1f.1: reg 1c io port: [0x00-0x03]
[    0.076592] pci 0000:00:1f.1: reg 20 io port: [0x1c00-0x1c0f]
[    0.076671] pci 0000:00:1f.2: reg 10 io port: [0x1c50-0x1c57]
[    0.076680] pci 0000:00:1f.2: reg 14 io port: [0x1c44-0x1c47]
[    0.076689] pci 0000:00:1f.2: reg 18 io port: [0x1c48-0x1c4f]
[    0.076695] pci 0000:00:1f.2: reg 1c io port: [0x1c40-0x1c43]
[    0.076704] pci 0000:00:1f.2: reg 20 io port: [0x1c20-0x1c3f]
[    0.076713] pci 0000:00:1f.2: reg 24 32bit mmio: [0xfe226000-0xfe2267ff]
[    0.076773] pci 0000:00:1f.2: PME# supported from D3hot
[    0.076872] pci 0000:00:1f.2: PME# disabled
[    0.077026] pci 0000:00:1f.3: reg 10 32bit mmio: [0xfe227400-0xfe2274ff]
[    0.077051] pci 0000:00:1f.3: reg 20 io port: [0x1c60-0x1c7f]
[    0.077141] pci 0000:00:1c.0: bridge io port: [0x2000-0x2fff]
[    0.077147] pci 0000:00:1c.0: bridge 32bit mmio: [0xfc000000-0xfdffffff]
[    0.077154] pci 0000:00:1c.0: bridge 64bit mmio pref: [0xf8000000-0xf80fffff]
[    0.077228] pci 0000:03:00.0: reg 10 64bit mmio: [0xdf3f0000-0xdf3fffff]
[    0.077425] pci 0000:00:1c.1: bridge io port: [0x3000-0x3fff]
[    0.077431] pci 0000:00:1c.1: bridge 32bit mmio: [0xdc000000-0xdf3fffff]
[    0.077440] pci 0000:00:1c.1: bridge 64bit mmio pref: [0xdfe00000-0xdfefffff]
[    0.077494] pci 0000:00:1c.2: bridge io port: [0x4000-0x4fff]
[    0.077500] pci 0000:00:1c.2: bridge 32bit mmio: [0xd8000000-0xd9ffffff]
[    0.077510] pci 0000:00:1c.2: bridge 64bit mmio pref: [0xdfb00000-0xdfbfffff]
[    0.077566] pci 0000:00:1c.3: bridge io port: [0x5000-0x5fff]
[    0.077572] pci 0000:00:1c.3: bridge 32bit mmio: [0xd4000000-0xd5ffffff]
[    0.077579] pci 0000:00:1c.3: bridge 64bit mmio pref: [0xdf800000-0xdf8fffff]
[    0.077635] pci 0000:00:1c.4: bridge io port: [0x6000-0x6fff]
[    0.077639] pci 0000:00:1c.4: bridge 32bit mmio: [0xd0000000-0xd1ffffff]
[    0.077646] pci 0000:00:1c.4: bridge 64bit mmio pref: [0xdf500000-0xdf5fffff]
[    0.077706] pci 0000:15:00.0: reg 10 32bit mmio: [0xf8300000-0xf8300fff]
[    0.077761] pci 0000:15:00.0: supports D1 D2
[    0.077763] pci 0000:15:00.0: PME# supported from D0 D1 D2 D3hot D3cold
[    0.077868] pci 0000:15:00.0: PME# disabled
[    0.078051] pci 0000:15:00.1: reg 10 32bit mmio: [0xf8301000-0xf83017ff]
[    0.078151] pci 0000:15:00.1: supports D1 D2
[    0.078153] pci 0000:15:00.1: PME# supported from D0 D1 D2 D3hot D3cold
[    0.078245] pci 0000:15:00.1: PME# disabled
[    0.078433] pci 0000:00:1e.0: transparent bridge
[    0.078533] pci 0000:00:1e.0: bridge io port: [0x7000-0xafff]
[    0.078540] pci 0000:00:1e.0: bridge 32bit mmio: [0xf8300000-0xfbffffff]
[    0.078549] pci 0000:00:1e.0: bridge 64bit mmio pref: [0xf4000000-0xf7ffffff]
[    0.078611] pci_bus 0000:00: on NUMA node 0
[    0.078615] ACPI: PCI Interrupt Routing Table [\_SB_.PCI0._PRT]
[    0.078749] ACPI: PCI Interrupt Routing Table [\_SB_.PCI0.EXP0._PRT]
[    0.078808] ACPI: PCI Interrupt Routing Table [\_SB_.PCI0.EXP1._PRT]
[    0.078866] ACPI: PCI Interrupt Routing Table [\_SB_.PCI0.EXP2._PRT]
[    0.078924] ACPI: PCI Interrupt Routing Table [\_SB_.PCI0.EXP3._PRT]
[    0.078986] ACPI: PCI Interrupt Routing Table [\_SB_.PCI0.EXP4._PRT]
[    0.079057] ACPI: PCI Interrupt Routing Table [\_SB_.PCI0.PCI1._PRT]
[    0.084512] ACPI: PCI Interrupt Link [LNKA] (IRQs 3 4 5 6 7 9 *10 11)
[    0.085317] ACPI: PCI Interrupt Link [LNKB] (IRQs 3 4 5 6 7 9 10 *11)
[    0.086128] ACPI: PCI Interrupt Link [LNKC] (IRQs 3 4 5 6 7 9 10 *11)
[    0.086919] ACPI: PCI Interrupt Link [LNKD] (IRQs 3 4 5 6 7 9 10 *11)
[    0.087670] ACPI: PCI Interrupt Link [LNKE] (IRQs 3 4 5 6 7 9 10 *11)
[    0.088463] ACPI: PCI Interrupt Link [LNKF] (IRQs 3 4 5 6 7 9 10 *11)
[    0.089309] ACPI: PCI Interrupt Link [LNKG] (IRQs 3 4 5 6 7 9 10 *11)
[    0.090153] ACPI: PCI Interrupt Link [LNKH] (IRQs 3 4 5 6 7 9 10 *11)
[    0.090908] vgaarb: device added: PCI:0000:00:02.0,decodes=io+mem,owns=io+mem,locks=none
[    0.091001] vgaarb: loaded
[    0.091187] SCSI subsystem initialized
[    0.091293] libata version 3.00 loaded.
[    0.091339] usbcore: registered new interface driver usbfs
[    0.091474] usbcore: registered new interface driver hub
[    0.091587] usbcore: registered new device driver usb
[    0.108039] raid6: int32x1    941 MB/s
[    0.125057] raid6: int32x2    890 MB/s
[    0.142069] raid6: int32x4    750 MB/s
[    0.158995] raid6: int32x8    656 MB/s
[    0.175988] raid6: mmxx1     2878 MB/s
[    0.192987] raid6: mmxx2     3253 MB/s
[    0.210002] raid6: sse1x1    1937 MB/s
[    0.226983] raid6: sse1x2    2531 MB/s
[    0.243973] raid6: sse2x1    3503 MB/s
[    0.260986] raid6: sse2x2    3832 MB/s
[    0.261072] raid6: using algorithm sse2x2 (3832 MB/s)
[    0.261167] PCI: Using ACPI for IRQ routing
[    0.261489] HPET: 3 timers in total, 0 timers will be used for per-cpu timer
[    0.261990] Switching to clocksource tsc
[    0.262093] pnp: PnP ACPI init
[    0.262184] ACPI: bus type pnp registered
[    0.265833] pnp: PnP ACPI: found 11 devices
[    0.265936] ACPI: ACPI bus type pnp unregistered
[    0.266030] system 00:00: iomem range 0x0-0x9ffff could not be reserved
[    0.266125] system 00:00: iomem range 0xc0000-0xc3fff could not be reserved
[    0.266216] system 00:00: iomem range 0xc4000-0xc7fff could not be reserved
[    0.266312] system 00:00: iomem range 0xc8000-0xcbfff has been reserved
[    0.266404] system 00:00: iomem range 0xcc000-0xcffff has been reserved
[    0.266494] system 00:00: iomem range 0xd0000-0xd3fff could not be reserved
[    0.266587] system 00:00: iomem range 0xe0000-0xe3fff could not be reserved
[    0.266675] system 00:00: iomem range 0xe4000-0xe7fff could not be reserved
[    0.266763] system 00:00: iomem range 0xe8000-0xebfff could not be reserved
[    0.266861] system 00:00: iomem range 0xec000-0xeffff could not be reserved
[    0.266955] system 00:00: iomem range 0xf0000-0xfffff could not be reserved
[    0.267051] system 00:00: iomem range 0x100000-0x3dffffff could not be reserved
[    0.267173] system 00:00: iomem range 0xfec00000-0xfed3ffff could not be reserved
[    0.267293] system 00:00: iomem range 0xfed4c000-0xffffffff could not be reserved
[    0.267418] system 00:02: ioport range 0x164e-0x164f has been reserved
[    0.267510] system 00:02: ioport range 0x1000-0x107f has been reserved
[    0.267608] system 00:02: ioport range 0x1180-0x11bf has been reserved
[    0.267700] system 00:02: ioport range 0x800-0x80f has been reserved
[    0.267789] system 00:02: ioport range 0x15e0-0x15ef has been reserved
[    0.267885] system 00:02: ioport range 0x1600-0x165f could not be reserved
[    0.267977] system 00:02: iomem range 0xf0000000-0xf3ffffff has been reserved
[    0.268069] system 00:02: iomem range 0xfed1c000-0xfed1ffff has been reserved
[    0.268162] system 00:02: iomem range 0xfed14000-0xfed17fff has been reserved
[    0.268251] system 00:02: iomem range 0xfed18000-0xfed18fff has been reserved
[    0.268352] system 00:02: iomem range 0xfed19000-0xfed19fff has been reserved
[    0.268444] system 00:02: iomem range 0xfed45000-0xfed4bfff has been reserved
[    0.303494] pci 0000:00:1c.0: PCI bridge, secondary bus 0000:02
[    0.303588] pci 0000:00:1c.0:   IO window: 0x2000-0x2fff
[    0.303680] pci 0000:00:1c.0:   MEM window: 0xfc000000-0xfdffffff
[    0.303773] pci 0000:00:1c.0:   PREFETCH window: 0x000000f8000000-0x000000f80fffff
[    0.303907] pci 0000:00:1c.1: PCI bridge, secondary bus 0000:03
[    0.304005] pci 0000:00:1c.1:   IO window: 0x3000-0x3fff
[    0.304098] pci 0000:00:1c.1:   MEM window: 0xdc000000-0xdf3fffff
[    0.304191] pci 0000:00:1c.1:   PREFETCH window: 0x000000dfe00000-0x000000dfefffff
[    0.304318] pci 0000:00:1c.2: PCI bridge, secondary bus 0000:04
[    0.304413] pci 0000:00:1c.2:   IO window: 0x4000-0x4fff
[    0.304510] pci 0000:00:1c.2:   MEM window: 0xd8000000-0xd9ffffff
[    0.304603] pci 0000:00:1c.2:   PREFETCH window: 0x000000dfb00000-0x000000dfbfffff
[    0.304741] pci 0000:00:1c.3: PCI bridge, secondary bus 0000:05
[    0.304842] pci 0000:00:1c.3:   IO window: 0x5000-0x5fff
[    0.304943] pci 0000:00:1c.3:   MEM window: 0xd4000000-0xd5ffffff
[    0.305039] pci 0000:00:1c.3:   PREFETCH window: 0x000000df800000-0x000000df8fffff
[    0.305169] pci 0000:00:1c.4: PCI bridge, secondary bus 0000:0d
[    0.305268] pci 0000:00:1c.4:   IO window: 0x6000-0x6fff
[    0.305363] pci 0000:00:1c.4:   MEM window: 0xd0000000-0xd1ffffff
[    0.305454] pci 0000:00:1c.4:   PREFETCH window: 0x000000df500000-0x000000df5fffff
[    0.305586] pci 0000:15:00.0: CardBus bridge, secondary bus 0000:16
[    0.305673] pci 0000:15:00.0:   IO window: 0x007000-0x0070ff
[    0.305770] pci 0000:15:00.0:   IO window: 0x007400-0x0074ff
[    0.305865] pci 0000:15:00.0:   PREFETCH window: 0xf4000000-0xf7ffffff
[    0.305960] pci 0000:15:00.0:   MEM window: 0x40000000-0x43ffffff
[    0.306056] pci 0000:00:1e.0: PCI bridge, secondary bus 0000:15
[    0.306148] pci 0000:00:1e.0:   IO window: 0x7000-0xafff
[    0.306238] pci 0000:00:1e.0:   MEM window: 0xf8300000-0xfbffffff
[    0.306333] pci 0000:00:1e.0:   PREFETCH window: 0x000000f4000000-0x000000f7ffffff
[    0.306471] pci 0000:00:1c.0: PCI INT A -> GSI 20 (level, low) -> IRQ 20
[    0.306568] pci 0000:00:1c.0: setting latency timer to 64
[    0.306582] pci 0000:00:1c.1: PCI INT B -> GSI 21 (level, low) -> IRQ 21
[    0.306675] pci 0000:00:1c.1: setting latency timer to 64
[    0.306686] pci 0000:00:1c.2: PCI INT C -> GSI 22 (level, low) -> IRQ 22
[    0.306791] pci 0000:00:1c.2: setting latency timer to 64
[    0.306804] pci 0000:00:1c.3: PCI INT D -> GSI 23 (level, low) -> IRQ 23
[    0.306909] pci 0000:00:1c.3: setting latency timer to 64
[    0.306918] pci 0000:00:1c.4: PCI INT A -> GSI 20 (level, low) -> IRQ 20
[    0.307014] pci 0000:00:1c.4: setting latency timer to 64
[    0.307023] pci 0000:00:1e.0: enabling device (0005 -> 0007)
[    0.307119] pci 0000:00:1e.0: setting latency timer to 64
[    0.307136] pci 0000:15:00.0: PCI INT A -> GSI 16 (level, low) -> IRQ 16
[    0.307237] pci 0000:15:00.0: setting latency timer to 64
[    0.307242] pci_bus 0000:00: resource 0 io:  [0x00-0xffff]
[    0.307244] pci_bus 0000:00: resource 1 mem: [0x000000-0xffffffff]
[    0.307245] pci_bus 0000:02: resource 0 io:  [0x2000-0x2fff]
[    0.307247] pci_bus 0000:02: resource 1 mem: [0xfc000000-0xfdffffff]
[    0.307249] pci_bus 0000:02: resource 2 pref mem [0xf8000000-0xf80fffff]
[    0.307251] pci_bus 0000:03: resource 0 io:  [0x3000-0x3fff]
[    0.307253] pci_bus 0000:03: resource 1 mem: [0xdc000000-0xdf3fffff]
[    0.307255] pci_bus 0000:03: resource 2 pref mem [0xdfe00000-0xdfefffff]
[    0.307257] pci_bus 0000:04: resource 0 io:  [0x4000-0x4fff]
[    0.307259] pci_bus 0000:04: resource 1 mem: [0xd8000000-0xd9ffffff]
[    0.307260] pci_bus 0000:04: resource 2 pref mem [0xdfb00000-0xdfbfffff]
[    0.307262] pci_bus 0000:05: resource 0 io:  [0x5000-0x5fff]
[    0.307264] pci_bus 0000:05: resource 1 mem: [0xd4000000-0xd5ffffff]
[    0.307266] pci_bus 0000:05: resource 2 pref mem [0xdf800000-0xdf8fffff]
[    0.307268] pci_bus 0000:0d: resource 0 io:  [0x6000-0x6fff]
[    0.307269] pci_bus 0000:0d: resource 1 mem: [0xd0000000-0xd1ffffff]
[    0.307271] pci_bus 0000:0d: resource 2 pref mem [0xdf500000-0xdf5fffff]
[    0.307273] pci_bus 0000:15: resource 0 io:  [0x7000-0xafff]
[    0.307275] pci_bus 0000:15: resource 1 mem: [0xf8300000-0xfbffffff]
[    0.307277] pci_bus 0000:15: resource 2 pref mem [0xf4000000-0xf7ffffff]
[    0.307279] pci_bus 0000:15: resource 3 io:  [0x00-0xffff]
[    0.307280] pci_bus 0000:15: resource 4 mem: [0x000000-0xffffffff]
[    0.307282] pci_bus 0000:16: resource 0 io:  [0x7000-0x70ff]
[    0.307284] pci_bus 0000:16: resource 1 io:  [0x7400-0x74ff]
[    0.307286] pci_bus 0000:16: resource 2 pref mem [0xf4000000-0xf7ffffff]
[    0.307288] pci_bus 0000:16: resource 3 mem: [0x40000000-0x43ffffff]
[    0.307295] NET: Registered protocol family 2
[    0.307388] RANDOM - __random32 called. Change num 7.  Value: 437d97bf	f373de51	f3b0f986
[    0.307390] RANDOM - random32 called.  Value: 437d97bf	f373de51	f3b0f986
[    0.307394] random 0000 0000 0000 5f8db4e5 4cfdf2a8: rand_read_num 3 get_random_bytes(4): sig fffffb64 5f8db4e5 4cfdf2a8
[    0.307396] random 0000 0000 0000 5f8db4e5 4cfdf2a8: extract_entropy(.. 4 ..)
[    0.307399] random 0000 0000 0000 5f8db4e5 4cfdf2a8: going to reseed nonblocking with 64 bits (32 of 0 requested)
[    0.307401] random 0000 0000 0000 5f8db4e5 4cfdf2a8: extract_entropy(.. 8 ..)
[    0.307403] random 0000 0000 0000 5f8db4e5 4cfdf2a8: trying to extract 64 bits from input
[    0.307405] random 0000 0000 0000 5f8db4e5 4cfdf2a8: debiting 0 entropy credits from input
[    0.307407] random 0000 0000 0000 5f8db4e5 4cfdf2a8: extract_entropy account returned: 0 
[    0.307410] random 0000 0000 0000 5f8db4e5 4cfdf2a8: urand_change_num 5 xfer_secondary_pool(4): pool_sig fffffb64, data_sig 00000000, bytes_mixed 0 5f8db4e5 4cfdf2a8
[    0.307413] random 0000 0000 0000 5f8db4e5 4cfdf2a8: trying to extract 32 bits from nonblocking
[    0.307415] random 0000 0000 0000 5f8db4e5 4cfdf2a8: debiting 32 entropy credits from nonblocking (unlimited)
[    0.307418] random 0000 0000 0000 5f8db4e5 4cfdf2a8: extract_entropy account returned: 4 
[    0.307422] random 0000 0000 0000 5f8db4e5 4cfdf2a8: urand_change_num 6 extract_buf: pool_sig fffffb64, data_sig 00000241, bytes_mixed 20 5f8db4e5 4cfdf2a8
[    0.307431] IP route cache hash table entries: 32768 (order: 5, 131072 bytes)
[    0.307577] RANDOM - __random32 called. Change num 8.  Value: d97bfe31	373de51f	f30dc6e6
[    0.307578] RANDOM - random32 called.  Value: d97bfe31	373de51f	f30dc6e6
[    0.307589] RANDOM - __random32 called. Change num 9.  Value: bfe314d7	73de51f5	8dcd6c7e
[    0.307591] RANDOM - random32 called.  Value: bfe314d7	73de51f5	8dcd6c7e
[    0.307592] RANDOM - __random32 called. Change num 10.  Value: 314d7baf	3de51f5e	d8fc74c1
[    0.307594] RANDOM - random32 called.  Value: 314d7baf	3de51f5e	d8fc74c1
[    0.307604] RANDOM - __random32 called. Change num 11.  Value: d7baf3c7	de51f5e5	e983e3fa
[    0.307606] RANDOM - random32 called.  Value: d7baf3c7	de51f5e5	e983e3fa
[    0.307616] TCP established hash table entries: 131072 (order: 8, 1048576 bytes)
[    0.308114] TCP bind hash table entries: 65536 (order: 6, 262144 bytes)
[    0.308308] TCP: Hash tables configured (established 131072 bind 65536)
[    0.308399] TCP reno registered
[    0.308504] NET: Registered protocol family 1
[    0.308617] RPC: Registered udp transport module.
[    0.308715] RPC: Registered tcp transport module.
[    0.308802] RPC: Registered tcp NFSv4.1 backchannel transport module.
[    0.308920] pci 0000:00:02.0: Boot video device
[    0.309139] Simple Boot Flag at 0x35 set to 0x1
[    0.309655] highmem bounce pool size: 64 pages
[    0.311233] VFS: Disk quotas dquot_6.5.2
[    0.311356] Dquot-cache hash table entries: 1024 (order 0, 4096 bytes)
[    0.312033] NTFS driver 2.1.29 [Flags: R/W].
[    0.312197] ROMFS MTD (C) 2007 Red Hat, Inc.
[    0.312404] JFS: nTxBlock = 7695, nTxLock = 61562
[    0.314891] SGI XFS with ACLs, security attributes, large block/inode numbers, no debug enabled
[    0.315363] SGI XFS Quota Management subsystem
[    0.315655] Slow work thread pool: Starting up
[    0.315758] Slow work thread pool: Ready
[    0.315866] GFS2 (built May 24 2013 02:47:17) installed
[    0.315962] msgmni has been set to 1734
[    0.316130] alg: No test for cipher_null (cipher_null-generic)
[    0.316230] alg: No test for ecb(cipher_null) (ecb-cipher_null)
[    0.316331] alg: No test for digest_null (digest_null-generic)
[    0.316428] alg: No test for compress_null (compress_null-generic)
[    0.316994] alg: No test for fcrypt (fcrypt-generic)
[    0.318410] alg: No test for stdrng (krng)
[    0.318501] async_tx: api initialized (async)
[    0.318656] Block layer SCSI generic (bsg) driver version 0.4 loaded (major 254)
[    0.318779] io scheduler noop registered
[    0.318884] io scheduler anticipatory registered
[    0.318971] io scheduler deadline registered
[    0.319111] io scheduler cfq registered (default)
[    0.319363] pcieport 0000:00:1c.0: irq 24 for MSI/MSI-X
[    0.319376] pcieport 0000:00:1c.0: setting latency timer to 64
[    0.319555] pcieport 0000:00:1c.1: irq 25 for MSI/MSI-X
[    0.319566] pcieport 0000:00:1c.1: setting latency timer to 64
[    0.319743] pcieport 0000:00:1c.2: irq 26 for MSI/MSI-X
[    0.319755] pcieport 0000:00:1c.2: setting latency timer to 64
[    0.319948] pcieport 0000:00:1c.3: irq 27 for MSI/MSI-X
[    0.319959] pcieport 0000:00:1c.3: setting latency timer to 64
[    0.320137] pcieport 0000:00:1c.4: irq 28 for MSI/MSI-X
[    0.320148] pcieport 0000:00:1c.4: setting latency timer to 64
[    0.320293] pci_hotplug: PCI Hot Plug PCI Core version: 0.5
[    0.320494] isapnp: Scanning for PnP cards...
[    0.681035] isapnp: No Plug & Play device found
[    0.681132] random 0000 0000 0000 5f8db4e5 4cfdf2a8: initializing
[    0.681135] RANDOM init_std_data for input now value: 1370004293681134780
[    0.681136] RANDOM init_std_data for blocking now value: 1370004293681136770
[    0.681138] RANDOM init_std_data for nonblocking now value: 1370004293681138485
[    0.700699] Serial: 8250/16550 driver, 4 ports, IRQ sharing enabled
[    3.711650] floppy0: no floppy controllers found
[    3.712599] brd: module loaded
[    3.713106] loop: module loaded
[    3.713194] Compaq SMART2 Driver (v 2.6.0)
[    3.713317] HP CISS Driver (v 3.6.20)
[    3.713558] input: Macintosh mouse button emulation as /devices/virtual/input/input0
[    3.713701] Uniform Multi-Platform E-IDE driver
[    3.713930] piix 0000:00:1f.1: IDE controller (0x8086:0x2850 rev 0x03)
[    3.714039] pci 0000:00:1f.1: PCI INT C -> GSI 16 (level, low) -> IRQ 16
[    3.714139] piix 0000:00:1f.1: IDE port disabled
[    3.714235] piix 0000:00:1f.1: not 100% native mode: will probe irqs later
[    3.714337]     ide0: BM-DMA at 0x1c00-0x1c07
[    3.714431] Probing IDE interface ide0...
[    4.385826] hda: HL-DT-ST DVDRAM GSA-U10N, ATAPI CD/DVD-ROM drive
[    4.692619] hda: host max PIO4 wanted PIO255(auto-tune) selected PIO4
[    4.693391] hda: UDMA/33 mode selected
[    4.693861] ide0 at 0x1f0-0x1f7,0x3f6 on irq 14
[    4.697777] ide-gd driver 1.18
[    4.697888] ide-cd driver 5.00
[    4.699279] random 0000 0000 0000 00000000 00000000: add_disk_randomness(0:0) 00000000 00000000
[    4.699283] random 0000 0000 0000 00000000 00000000: add_timer_randomness(.. 256) with jiffies: 17542921893357256315, cycles: -903822184646967287
[    4.699286] random 0000 0000 0000 00000000 00000000: added 11 entropy credits to input
[    4.699289] ide-cd: hda: ATAPI 24X DVD-ROM DVD-R/RAM CD-R/RW drive, 2048kB Cache
[    4.699740] Uniform CD-ROM driver Revision: 3.20
[    4.702503] random 0011 0000 0000 00000000 00000000: add_disk_randomness(0:0) 00000000 00000000
[    4.702506] random 0011 0000 0000 00000000 00000000: add_timer_randomness(.. 256) with jiffies: 17571931811871424126, cycles: -874812266132799479
[    4.702509] random 0011 0000 0000 00000000 00000000: added 1 entropy credits to input
[    4.702512] random 0012 0000 0000 00000000 00000000: add_disk_randomness(0:0) 00000000 00000000
[    4.702515] random 0012 0000 0000 00000000 00000000: add_timer_randomness(.. 256) with jiffies: 17572009018203537022, cycles: -874735059800686583
[    4.704500] random 0012 0000 0000 00000000 00000000: add_disk_randomness(0:0) 00000000 00000000
[    4.704503] random 0012 0000 0000 00000000 00000000: add_timer_randomness(.. 256) with jiffies: 17589900275705675392, cycles: -856843802298548215
[    4.704506] random 0012 0000 0000 00000000 00000000: added 1 entropy credits to input
[    4.704509] random 0013 0000 0000 00000000 00000000: add_disk_randomness(0:0) 00000000 00000000
[    4.704512] random 0013 0000 0000 00000000 00000000: add_timer_randomness(.. 256) with jiffies: 17589975317374271104, cycles: -856768760629952503
[    4.706500] random 0013 0000 0000 00000000 00000000: add_disk_randomness(0:0) 00000000 00000000
[    4.706503] random 0013 0000 0000 00000000 00000000: add_timer_randomness(.. 256) with jiffies: 17607893727659654786, cycles: -838850350344568823
[    4.706506] random 0013 0000 0000 00000000 00000000: added 1 entropy credits to input
[    4.706509] random 0014 0000 0000 00000000 00000000: add_disk_randomness(0:0) 00000000 00000000
[    4.706512] random 0014 0000 0000 00000000 00000000: add_timer_randomness(.. 256) with jiffies: 17607968541694983810, cycles: -838775536309239799
[    4.706791] Loading iSCSI transport class v2.0-870.
[    4.707082] rdac: device handler registered
[    4.707175] hp_sw: device handler registered
[    4.707261] emc: device handler registered
[    4.707353] alua: device handler registered
[    4.708346] Adaptec aacraid driver 1.1-5[2461]-ms
[    4.708768] scsi: <fdomain> Detection failed (no card)
[    4.708866] sym53c416.c: Version 1.0.0-ac
[    4.708969] qlogicfas: no cards were found, please specify I/O address and IRQ using iobase= and irq= options
[    4.709095] QLogic Fibre Channel HBA Driver: 8.03.01-k6
[    4.709325] iscsi: registered transport (qla4xxx)
[    4.709436] QLogic iSCSI HBA Driver
[    4.709522] Emulex LightPulse Fibre Channel SCSI driver 8.3.4
[    4.709614] Copyright(c) 2004-2009 Emulex.  All rights reserved.
[    4.731600] Failed initialization of WD-7000 SCSI card!
[    4.820916] DC390: clustering now enabled by default. If you get problems load
[    4.821038]        with "disable_clustering=1" and report to maintainers
[    4.821174] megaraid cmm: 2.20.2.7 (Release Date: Sun Jul 16 00:01:03 EST 2006)
[    4.821330] megaraid: 2.20.5.1 (Release Date: Thu Nov 16 15:32:35 EST 2006)
[    4.821441] megasas: 00.00.04.01 Thu July 24 11:41:51 PST 2008
[    4.821571] GDT-HA: Storage RAID Controller Driver. Version: 3.05
[    4.821724] 3ware Storage Controller device driver for Linux v1.26.02.002.
[    4.821838] 3ware 9000 Storage Controller device driver for Linux v2.26.02.012.
[    4.821980] nsp32: loading...
[    4.822091] ipr: IBM Power RAID SCSI Device Driver version: 2.4.3 (June 10, 2009)
[    4.822243] RocketRAID 3xxx/4xxx Controller driver v1.6 (090910)
[    4.822354] stex: Promise SuperTrak EX Driver version: 4.6.0000.3
[    4.822489] st: Version 20081215, fixed bufsize 32768, s/g segs 256
[    4.822690] ahci 0000:00:1f.2: version 3.0
[    4.822704] ahci 0000:00:1f.2: PCI INT B -> GSI 16 (level, low) -> IRQ 16
[    4.822843] ahci 0000:00:1f.2: irq 29 for MSI/MSI-X
[    4.822905] ahci 0000:00:1f.2: AHCI 0001.0100 32 slots 3 ports 1.5 Gbps 0x5 impl SATA mode
[    4.823031] ahci 0000:00:1f.2: flags: 64bit ncq sntf pm led clo pio slum part ccc 
[    4.823159] ahci 0000:00:1f.2: setting latency timer to 64
[    4.823302] scsi2 : ahci
[    4.823467] scsi3 : ahci
[    4.823618] scsi4 : ahci
[    4.823788] ata1: SATA max UDMA/133 abar m2048@0xfe226000 port 0xfe226100 irq 29
[    4.823910] ata2: DUMMY
[    4.823997] ata3: SATA max UDMA/133 abar m2048@0xfe226000 port 0xfe226200 irq 29
[    4.824622] I2O subsystem v1.325
[    4.824709] i2o: max drivers = 8
[    4.824856] I2O Configuration OSM v1.323
[    4.824959] I2O Bus Adapter OSM v1.317
[    4.825059] I2O Block Device OSM v1.325
[    4.825207] I2O SCSI Peripheral OSM v1.316
[    4.825310] I2O ProcFS OSM v1.316
[    4.825414] Fusion MPT base driver 3.04.12
[    4.825504] Copyright (c) 1999-2008 LSI Corporation
[    4.825611] Fusion MPT SPI Host driver 3.04.12
[    4.825757] Fusion MPT FC Host driver 3.04.12
[    4.825878] Fusion MPT SAS Host driver 3.04.12
[    4.826032] ohci1394 0000:15:00.1: PCI INT B -> GSI 17 (level, low) -> IRQ 17
[    4.826125] ohci1394 0000:15:00.1: setting latency timer to 64
[    4.879614] ohci1394: fw-host0: OHCI-1394 1.1 (PCI): IRQ=[17]  MMIO=[f8301000-f83017ff]  Max Packet=[2048]  IR/IT contexts=[4/4]
[    4.882880] ehci_hcd: USB 2.0 'Enhanced' Host Controller (EHCI) Driver
[    4.883179] ehci_hcd 0000:00:1a.7: power state changed by ACPI to D0
[    4.883436] ehci_hcd 0000:00:1a.7: power state changed by ACPI to D0
[    4.883538] ehci_hcd 0000:00:1a.7: PCI INT C -> GSI 22 (level, low) -> IRQ 22
[    4.883639] ehci_hcd 0000:00:1a.7: setting latency timer to 64
[    4.883644] ehci_hcd 0000:00:1a.7: EHCI Host Controller
[    4.883781] ehci_hcd 0000:00:1a.7: new USB bus registered, assigned bus number 1
[    4.887835] ehci_hcd 0000:00:1a.7: cache line size of 32 is not supported
[    4.887844] ehci_hcd 0000:00:1a.7: irq 22, io mem 0xfe226c00
[    4.897576] ehci_hcd 0000:00:1a.7: USB 2.0 started, EHCI 1.00
[    4.897682] usb usb1: New USB device found, idVendor=1d6b, idProduct=0002
[    4.897781] usb usb1: New USB device strings: Mfr=3, Product=2, SerialNumber=1
[    4.897900] usb usb1: Product: EHCI Host Controller
[    4.897988] usb usb1: Manufacturer: Linux 2.6.32.57 ehci_hcd
[    4.898078] usb usb1: SerialNumber: 0000:00:1a.7
[    4.898217] usb usb1: configuration #1 chosen from 1 choice
[    4.898341] hub 1-0:1.0: USB hub found
[    4.898438] hub 1-0:1.0: 4 ports detected
[    4.898741] ehci_hcd 0000:00:1d.7: power state changed by ACPI to D0
[    4.898987] ehci_hcd 0000:00:1d.7: power state changed by ACPI to D0
[    4.899087] ehci_hcd 0000:00:1d.7: PCI INT D -> GSI 19 (level, low) -> IRQ 19
[    4.899189] ehci_hcd 0000:00:1d.7: setting latency timer to 64
[    4.899194] ehci_hcd 0000:00:1d.7: EHCI Host Controller
[    4.899331] ehci_hcd 0000:00:1d.7: new USB bus registered, assigned bus number 2
[    4.899487] ehci_hcd 0000:00:1d.7: debug port 1
[    4.903458] ehci_hcd 0000:00:1d.7: cache line size of 32 is not supported
[    4.903466] ehci_hcd 0000:00:1d.7: irq 19, io mem 0xfe227000
[    4.913575] ehci_hcd 0000:00:1d.7: USB 2.0 started, EHCI 1.00
[    4.913670] usb usb2: New USB device found, idVendor=1d6b, idProduct=0002
[    4.913760] usb usb2: New USB device strings: Mfr=3, Product=2, SerialNumber=1
[    4.913888] usb usb2: Product: EHCI Host Controller
[    4.913982] usb usb2: Manufacturer: Linux 2.6.32.57 ehci_hcd
[    4.914071] usb usb2: SerialNumber: 0000:00:1d.7
[    4.914209] usb usb2: configuration #1 chosen from 1 choice
[    4.914326] hub 2-0:1.0: USB hub found
[    4.914425] hub 2-0:1.0: 6 ports detected
[    4.914615] 116x: driver isp116x-hcd, 03 Nov 2005
[    4.914718] ohci_hcd: USB 1.1 'Open' Host Controller (OHCI) Driver
[    4.914832] uhci_hcd: USB Universal Host Controller Interface driver
[    4.914949] uhci_hcd 0000:00:1a.0: PCI INT A -> GSI 20 (level, low) -> IRQ 20
[    4.915044] uhci_hcd 0000:00:1a.0: setting latency timer to 64
[    4.915049] uhci_hcd 0000:00:1a.0: UHCI Host Controller
[    4.915176] uhci_hcd 0000:00:1a.0: new USB bus registered, assigned bus number 3
[    4.915323] uhci_hcd 0000:00:1a.0: irq 20, io base 0x00001860
[    4.915437] usb usb3: New USB device found, idVendor=1d6b, idProduct=0001
[    4.915535] usb usb3: New USB device strings: Mfr=3, Product=2, SerialNumber=1
[    4.915665] usb usb3: Product: UHCI Host Controller
[    4.915754] usb usb3: Manufacturer: Linux 2.6.32.57 uhci_hcd
[    4.915843] usb usb3: SerialNumber: 0000:00:1a.0
[    4.915988] usb usb3: configuration #1 chosen from 1 choice
[    4.916105] hub 3-0:1.0: USB hub found
[    4.916196] hub 3-0:1.0: 2 ports detected
[    4.916498] uhci_hcd 0000:00:1a.1: power state changed by ACPI to D0
[    4.916759] uhci_hcd 0000:00:1a.1: power state changed by ACPI to D0
[    4.916852] uhci_hcd 0000:00:1a.1: PCI INT B -> GSI 21 (level, low) -> IRQ 21
[    4.916955] uhci_hcd 0000:00:1a.1: setting latency timer to 64
[    4.916959] uhci_hcd 0000:00:1a.1: UHCI Host Controller
[    4.917084] uhci_hcd 0000:00:1a.1: new USB bus registered, assigned bus number 4
[    4.917234] uhci_hcd 0000:00:1a.1: irq 21, io base 0x00001880
[    4.917355] usb usb4: New USB device found, idVendor=1d6b, idProduct=0001
[    4.917449] usb usb4: New USB device strings: Mfr=3, Product=2, SerialNumber=1
[    4.917580] usb usb4: Product: UHCI Host Controller
[    4.917667] usb usb4: Manufacturer: Linux 2.6.32.57 uhci_hcd
[    4.917763] usb usb4: SerialNumber: 0000:00:1a.1
[    4.917899] usb usb4: configuration #1 chosen from 1 choice
[    4.918017] hub 4-0:1.0: USB hub found
[    4.918116] hub 4-0:1.0: 2 ports detected
[    4.918401] uhci_hcd 0000:00:1d.0: power state changed by ACPI to D0
[    4.918647] uhci_hcd 0000:00:1d.0: power state changed by ACPI to D0
[    4.918741] uhci_hcd 0000:00:1d.0: PCI INT A -> GSI 16 (level, low) -> IRQ 16
[    4.918838] uhci_hcd 0000:00:1d.0: setting latency timer to 64
[    4.918841] uhci_hcd 0000:00:1d.0: UHCI Host Controller
[    4.918976] uhci_hcd 0000:00:1d.0: new USB bus registered, assigned bus number 5
[    4.919124] uhci_hcd 0000:00:1d.0: irq 16, io base 0x000018a0
[    4.919245] usb usb5: New USB device found, idVendor=1d6b, idProduct=0001
[    4.919336] usb usb5: New USB device strings: Mfr=3, Product=2, SerialNumber=1
[    4.919460] usb usb5: Product: UHCI Host Controller
[    4.919547] usb usb5: Manufacturer: Linux 2.6.32.57 uhci_hcd
[    4.919643] usb usb5: SerialNumber: 0000:00:1d.0
[    4.919784] usb usb5: configuration #1 chosen from 1 choice
[    4.919900] hub 5-0:1.0: USB hub found
[    4.919991] hub 5-0:1.0: 2 ports detected
[    4.920142] uhci_hcd 0000:00:1d.1: PCI INT B -> GSI 17 (level, low) -> IRQ 17
[    4.920238] uhci_hcd 0000:00:1d.1: setting latency timer to 64
[    4.920241] uhci_hcd 0000:00:1d.1: UHCI Host Controller
[    4.920369] uhci_hcd 0000:00:1d.1: new USB bus registered, assigned bus number 6
[    4.920516] uhci_hcd 0000:00:1d.1: irq 17, io base 0x000018c0
[    4.920637] usb usb6: New USB device found, idVendor=1d6b, idProduct=0001
[    4.920730] usb usb6: New USB device strings: Mfr=3, Product=2, SerialNumber=1
[    4.920862] usb usb6: Product: UHCI Host Controller
[    4.920952] usb usb6: Manufacturer: Linux 2.6.32.57 uhci_hcd
[    4.921041] usb usb6: SerialNumber: 0000:00:1d.1
[    4.921183] usb usb6: configuration #1 chosen from 1 choice
[    4.921301] hub 6-0:1.0: USB hub found
[    4.921405] hub 6-0:1.0: 2 ports detected
[    4.921695] uhci_hcd 0000:00:1d.2: power state changed by ACPI to D0
[    4.921929] uhci_hcd 0000:00:1d.2: power state changed by ACPI to D0
[    4.922026] uhci_hcd 0000:00:1d.2: PCI INT C -> GSI 18 (level, low) -> IRQ 18
[    4.922129] uhci_hcd 0000:00:1d.2: setting latency timer to 64
[    4.922134] uhci_hcd 0000:00:1d.2: UHCI Host Controller
[    4.922271] uhci_hcd 0000:00:1d.2: new USB bus registered, assigned bus number 7
[    4.922424] uhci_hcd 0000:00:1d.2: irq 18, io base 0x000018e0
[    4.922546] usb usb7: New USB device found, idVendor=1d6b, idProduct=0001
[    4.922645] usb usb7: New USB device strings: Mfr=3, Product=2, SerialNumber=1
[    4.922764] usb usb7: Product: UHCI Host Controller
[    4.922852] usb usb7: Manufacturer: Linux 2.6.32.57 uhci_hcd
[    4.922944] usb usb7: SerialNumber: 0000:00:1d.2
[    4.923734] usb usb7: configuration #1 chosen from 1 choice
[    4.923862] hub 7-0:1.0: USB hub found
[    4.923953] hub 7-0:1.0: 2 ports detected
[    4.924116] sl811: driver sl811-hcd, 19 May 2005
[    4.924223] r8a66597_hcd: driver r8a66597_hcd, 2009-05-26
[    4.924389] Initializing USB Mass Storage driver...
[    4.924513] usbcore: registered new interface driver usb-storage
[    4.924608] USB Mass Storage support registered.
[    4.924718] usbcore: registered new interface driver ums-alauda
[    4.924824] usbcore: registered new interface driver ums-cypress
[    4.924932] usbcore: registered new interface driver ums-datafab
[    4.925039] usbcore: registered new interface driver ums-freecom
[    4.925157] usbcore: registered new interface driver ums-isd200
[    4.925267] usbcore: registered new interface driver ums-jumpshot
[    4.925382] usbcore: registered new interface driver ums-karma
[    4.925491] usbcore: registered new interface driver ums-onetouch
[    4.925616] usbcore: registered new interface driver ums-sddr09
[    4.925727] usbcore: registered new interface driver ums-sddr55
[    4.925835] usbcore: registered new interface driver ums-usbat
[    4.925979] PNP: PS/2 Controller [PNP0303:KBD,PNP0f13:MOU] at 0x60,0x64 irq 1,12
[    4.934620] serio: i8042 KBD port at 0x60,0x64 irq 1
[    4.934709] serio: i8042 AUX port at 0x60,0x64 irq 12
[    4.934958] mice: PS/2 mouse device common for all mice
[    4.935071] i2c /dev entries driver
[    4.935202] md: linear personality registered for level -1
[    4.935296] md: raid0 personality registered for level 0
[    4.935392] md: raid1 personality registered for level 1
[    4.935482] md: raid10 personality registered for level 10
[    4.935582] md: raid6 personality registered for level 6
[    4.935674] md: raid5 personality registered for level 5
[    4.935759] md: raid4 personality registered for level 4
[    4.935855] md: multipath personality registered for level -4
[    4.936055] device-mapper: ioctl: 4.15.0-ioctl (2009-04-01) initialised: dm-devel@redhat.com
[    4.936256] cpuidle: using governor ladder
[    4.936864] usbcore: registered new interface driver usbhid
[    4.936960] usbhid: v2.6:USB HID core driver
[    4.937111] random 0014 0000 0000 00000000 00000000: rand_read_num 4 get_random_bytes(136): sig 00000000 00000000 00000000
[    4.937113] random 0014 0000 0000 00000000 00000000: extract_entropy(.. 136 ..)
[    4.937116] random 0014 0000 0000 00000000 00000000: going to reseed nonblocking with 1024 bits (1088 of 0 requested)
[    4.937118] random 0014 0000 0000 00000000 00000000: extract_entropy(.. 128 ..)
[    4.937120] random 0014 0000 0000 00000000 00000000: trying to extract 1024 bits from input
[    4.937123] random 0014 0000 0000 00000000 00000000: debiting 0 entropy credits from input
[    4.937125] random 0014 0000 0000 00000000 00000000: extract_entropy account returned: 0 
[    4.937128] random 0014 0000 0000 00000000 00000000: urand_change_num 7 xfer_secondary_pool(136): pool_sig 00000000, data_sig 00000000, bytes_mixed 0 00000000 00000000
[    4.937131] random 0014 0000 0000 00000000 00000000: trying to extract 1088 bits from nonblocking
[    4.937133] random 0014 0000 0000 00000000 00000000: debiting 1088 entropy credits from nonblocking (unlimited)
[    4.937135] random 0014 0000 0000 00000000 00000000: extract_entropy account returned: 136 
[    4.937140] random 0014 0000 0000 00000000 00000000: urand_change_num 8 extract_buf: pool_sig 00000000, data_sig fffffff9, bytes_mixed 20 00000000 00000000
[    4.937145] random 0014 0000 0000 b7c35b56 be4dc95d: urand_change_num 9 extract_buf: pool_sig fffffd1e, data_sig 000000c5, bytes_mixed 20 b7c35b56 be4dc95d
[    4.937150] random 0014 0000 0000 ed9f5c47 c48487fb: urand_change_num 10 extract_buf: pool_sig fffff8ec, data_sig ffffff68, bytes_mixed 20 ed9f5c47 c48487fb
[    4.937156] random 0014 0000 0000 ed9f5c47 c48487fb: urand_change_num 11 extract_buf: pool_sig fffffaed, data_sig 000001aa, bytes_mixed 20 ed9f5c47 c48487fb
[    4.937161] random 0014 0000 0000 1b4f7c0a 91bd6a48: urand_change_num 12 extract_buf: pool_sig fffffdd8, data_sig 00000064, bytes_mixed 20 1b4f7c0a 91bd6a48
[    4.937166] random 0014 0000 0000 a254b9bc 20e9a24f: urand_change_num 13 extract_buf: pool_sig fffffbe6, data_sig 000001dd, bytes_mixed 20 a254b9bc 20e9a24f
[    4.937171] random 0014 0000 0000 a254b9bc 20e9a24f: urand_change_num 14 extract_buf: pool_sig fffff940, data_sig fffffe20, bytes_mixed 20 a254b9bc 20e9a24f
[    4.937177] random 0014 0000 0000 2831a66b 5fa2a3ad: urand_change_num 15 extract_buf: pool_sig fffffbce, data_sig 0000007e, bytes_mixed 20 2831a66b 5fa2a3ad
[    4.937182] random 0014 0000 0000 2831a66b 5fa2a3ad: urand_change_num 16 extract_buf: pool_sig 000004df, data_sig fffffe8f, bytes_mixed 20 2831a66b 5fa2a3ad
[    4.937187] random 0014 0000 0000 d4512bfd c9a54e0b: urand_change_num 17 extract_buf: pool_sig 00000485, data_sig fffffe68, bytes_mixed 20 d4512bfd c9a54e0b
[    4.937192] random 0014 0000 0000 c7371be6 f9ffea11: urand_change_num 18 extract_buf: pool_sig 00000095, data_sig ffffffed, bytes_mixed 20 c7371be6 f9ffea11
[    4.937197] random 0014 0000 0000 c7371be6 f9ffea11: urand_change_num 19 extract_buf: pool_sig 000003a7, data_sig fffffefa, bytes_mixed 20 c7371be6 f9ffea11
[    4.937203] random 0014 0000 0000 8fb4b62c d1ddba54: urand_change_num 20 extract_buf: pool_sig 00000179, data_sig ffffff78, bytes_mixed 20 8fb4b62c d1ddba54
[    4.937208] random 0014 0000 0000 9ff19f9c c07a1d2a: urand_change_num 21 extract_buf: pool_sig fffffe88, data_sig 00000126, bytes_mixed 20 9ff19f9c c07a1d2a
[    4.937212] TCP cubic registered
[    4.937301] Initializing XFRM netlink socket
[    4.937394] NET: Registered protocol family 17
[    4.937497] Using IPI Shortcut mode
[    4.937608] random 0014 0000 0000 9ff19f9c c07a1d2a: rand_read_num 5 get_random_bytes(8): sig 0000031b 9ff19f9c c07a1d2a
[    4.937610] random 0014 0000 0000 9ff19f9c c07a1d2a: extract_entropy(.. 8 ..)
[    4.937613] random 0014 0000 0000 9ff19f9c c07a1d2a: going to reseed nonblocking with 64 bits (64 of 0 requested)
[    4.937615] random 0014 0000 0000 9ff19f9c c07a1d2a: extract_entropy(.. 8 ..)
[    4.937617] random 0014 0000 0000 9ff19f9c c07a1d2a: trying to extract 64 bits from input
[    4.937619] random 0014 0000 0000 9ff19f9c c07a1d2a: debiting 0 entropy credits from input
[    4.937621] random 0014 0000 0000 9ff19f9c c07a1d2a: extract_entropy account returned: 0 
[    4.937624] random 0014 0000 0000 9ff19f9c c07a1d2a: urand_change_num 22 xfer_secondary_pool(8): pool_sig 0000031b, data_sig 00000000, bytes_mixed 0 9ff19f9c c07a1d2a
[    4.937627] random 0014 0000 0000 9ff19f9c c07a1d2a: trying to extract 64 bits from nonblocking
[    4.937630] random 0014 0000 0000 9ff19f9c c07a1d2a: debiting 64 entropy credits from nonblocking (unlimited)
[    4.937632] random 0014 0000 0000 9ff19f9c c07a1d2a: extract_entropy account returned: 8 
[    4.937636] random 0014 0000 0000 9ff19f9c c07a1d2a: urand_change_num 23 extract_buf: pool_sig 0000031b, data_sig ffffffb3, bytes_mixed 20 9ff19f9c c07a1d2a
[    4.940038] input: AT Translated Set 2 keyboard as /devices/platform/i8042/serio0/input/input1
[    5.128580] ata1: SATA link up 1.5 Gbps (SStatus 113 SControl 300)
[    5.128690] ata3: SATA link down (SStatus 0 SControl 300)
[    5.130898] ata1.00: ACPI cmd ef/02:00:00:00:00:a0 (SET FEATURES) succeeded
[    5.130901] ata1.00: ACPI cmd f5/00:00:00:00:00:a0 (SECURITY FREEZE LOCK) filtered out
[    5.132292] ata1.00: ACPI cmd ef/5f:00:00:00:00:a0 (SET FEATURES) succeeded
[    5.132295] ata1.00: ACPI cmd ef/10:03:00:00:00:a0 (SET FEATURES) filtered out
[    5.134202] ata1.00: ATA-7: ST910021AS, 4.06, max UDMA/100
[    5.134289] ata1.00: 195371568 sectors, multi 16: LBA48 
[    5.136437] ata1.00: ACPI cmd ef/02:00:00:00:00:a0 (SET FEATURES) succeeded
[    5.136440] ata1.00: ACPI cmd f5/00:00:00:00:00:a0 (SECURITY FREEZE LOCK) filtered out
[    5.137838] ata1.00: ACPI cmd ef/5f:00:00:00:00:a0 (SET FEATURES) succeeded
[    5.137840] ata1.00: ACPI cmd ef/10:03:00:00:00:a0 (SET FEATURES) filtered out
[    5.139764] ata1.00: configured for UDMA/100
[    5.150624] scsi 2:0:0:0: Direct-Access     ATA      ST910021AS       4.06 PQ: 0 ANSI: 5
[    5.150908] sd 2:0:0:0: [sda] 195371568 512-byte logical blocks: (100 GB/93.1 GiB)
[    5.151050] sd 2:0:0:0: [sda] Write Protect is off
[    5.151149] sd 2:0:0:0: [sda] Mode Sense: 00 3a 00 00
[    5.151161] sd 2:0:0:0: [sda] Write cache: enabled, read cache: enabled, doesn't support DPO or FUA
[    5.151358]  sda:
[    5.581544] random 0014 0000 0000 277f73c3 42024bb9: add_disk_randomness(8:0) 277f73c3 42024bb9
[    5.581629] random 0014 0000 0000 277f73c3 42024bb9: add_timer_randomness(.. 8388864) with jiffies: 7034552502611313047, cycles: 7034552498316640266
[    5.581632] random 0014 0000 0000 277f73c3 42024bb9: added 11 entropy credits to input
[    5.581637]  sda1 sda2
[    5.582117] random 0025 0000 0000 277f73c3 42024bb9: add_disk_randomness(8:0) 277f73c3 42024bb9
[    5.582120] random 0025 0000 0000 277f73c3 42024bb9: add_timer_randomness(.. 8388864) with jiffies: 7038981855139037591, cycles: 7038981850844364810
[    5.582273] sd 2:0:0:0: [sda] Attached SCSI disk
[    5.582364] random 0025 0000 0000 277f73c3 42024bb9: rand_read_num 6 get_random_bytes(12): sig 000007e9 277f73c3 42024bb9
[    5.582366] random 0025 0000 0000 277f73c3 42024bb9: extract_entropy(.. 12 ..)
[    5.582369] random 0025 0000 0000 277f73c3 42024bb9: going to reseed nonblocking with 96 bits (96 of 0 requested)
[    5.582371] random 0025 0000 0000 277f73c3 42024bb9: extract_entropy(.. 12 ..)
[    5.582373] random 0025 0000 0000 277f73c3 42024bb9: trying to extract 96 bits from input
[    5.582376] random 0025 0000 0000 277f73c3 42024bb9: debiting 0 entropy credits from input
[    5.582378] random 0025 0000 0000 277f73c3 42024bb9: extract_entropy account returned: 0 
[    5.582381] random 0025 0000 0000 277f73c3 42024bb9: urand_change_num 24 xfer_secondary_pool(12): pool_sig 000007e9, data_sig 00000000, bytes_mixed 0 277f73c3 42024bb9
[    5.582384] random 0025 0000 0000 277f73c3 42024bb9: trying to extract 96 bits from nonblocking
[    5.582386] random 0025 0000 0000 277f73c3 42024bb9: debiting 96 entropy credits from nonblocking (unlimited)
[    5.582388] random 0025 0000 0000 277f73c3 42024bb9: extract_entropy account returned: 12 
[    5.582393] random 0025 0000 0000 277f73c3 42024bb9: urand_change_num 25 extract_buf: pool_sig 000007e9, data_sig 00000088, bytes_mixed 20 277f73c3 42024bb9
[    5.582398] random 0025 0000 0000 277f73c3 42024bb9: urand_change_num 26 extract_buf: pool_sig 00000498, data_sig fffffefb, bytes_mixed 20 277f73c3 42024bb9
[    5.582401] RANDOM - __seed init called.
[    5.582402] RANDOM - __seed init called.
[    5.582403] RANDOM - __seed init called.
[    5.582405] RANDOM - __random32 called. Change num 12.  Value: 87f14767	f0d7351	b1e48bd3
[    5.582406] RANDOM - random32_reseed called.  Value: 87f14767	f0d7351	b1e48bd3
[    5.582409] Pid: 1, comm: swapper Not tainted 2.6.32.57 #6
[    5.582501] Call Trace:
[    5.582596]  [<c1923ca4>] ? random32_reseed+0xa0/0xb1
[    5.582686]  [<c1923c04>] ? random32_reseed+0x0/0xb1
[    5.582777]  [<c100111e>] ? do_one_initcall+0x2e/0x180
[    5.582865]  [<c1907265>] ? kernel_init+0xad/0x103
[    5.582955]  [<c19071b8>] ? kernel_init+0x0/0x103
[    5.583044]  [<c1003787>] ? kernel_thread_helper+0x7/0x10
[    5.583562] random 0025 0000 0000 386b4e60 ee4d4880: rand_read_num 7 get_random_bytes(64): sig fffffea5 386b4e60 ee4d4880
[    5.583565] random 0025 0000 0000 386b4e60 ee4d4880: extract_entropy(.. 64 ..)
[    5.583567] random 0025 0000 0000 386b4e60 ee4d4880: going to reseed nonblocking with 512 bits (512 of 0 requested)
[    5.583569] random 0025 0000 0000 386b4e60 ee4d4880: extract_entropy(.. 64 ..)
[    5.583571] random 0025 0000 0000 386b4e60 ee4d4880: trying to extract 512 bits from input
[    5.583573] random 0025 0000 0000 386b4e60 ee4d4880: debiting 0 entropy credits from input
[    5.583575] random 0025 0000 0000 386b4e60 ee4d4880: extract_entropy account returned: 0 
[    5.583579] random 0025 0000 0000 386b4e60 ee4d4880: urand_change_num 27 xfer_secondary_pool(64): pool_sig fffffea5, data_sig 00000000, bytes_mixed 0 386b4e60 ee4d4880
[    5.583582] random 0025 0000 0000 386b4e60 ee4d4880: trying to extract 512 bits from nonblocking
[    5.583584] random 0025 0000 0000 386b4e60 ee4d4880: debiting 512 entropy credits from nonblocking (unlimited)
[    5.583586] random 0025 0000 0000 386b4e60 ee4d4880: extract_entropy account returned: 64 
[    5.583590] random 0025 0000 0000 386b4e60 ee4d4880: urand_change_num 28 extract_buf: pool_sig fffffea5, data_sig 00000173, bytes_mixed 20 386b4e60 ee4d4880
[    5.583596] random 0025 0000 0000 412698f6 0cc8689a: urand_change_num 29 extract_buf: pool_sig 00000122, data_sig ffffff63, bytes_mixed 20 412698f6 0cc8689a
[    5.583601] random 0025 0000 0000 412698f6 0cc8689a: urand_change_num 30 extract_buf: pool_sig 000001f7, data_sig 00000012, bytes_mixed 20 412698f6 0cc8689a
[    5.583606] random 0025 0000 0000 9669941e 06f768b1: urand_change_num 31 extract_buf: pool_sig fffffb5b, data_sig 0000003f, bytes_mixed 20 9669941e 06f768b1
[    5.583612] random 0025 0000 0000 98486520 995551f0: urand_change_num 32 extract_buf: pool_sig fffffb39, data_sig 0000000e, bytes_mixed 20 98486520 995551f0
[    5.583617] random 0025 0000 0000 98486520 995551f0: urand_change_num 33 extract_buf: pool_sig fffffd8d, data_sig 000001a6, bytes_mixed 20 98486520 995551f0
[    5.583622] random 0025 0000 0000 61fc8914 d5882ed2: urand_change_num 34 extract_buf: pool_sig fffffa58, data_sig 0000023e, bytes_mixed 20 61fc8914 d5882ed2
[    5.583653] random 0025 0000 0000 61fc8914 d5882ed2: rand_read_num 8 get_random_bytes(64): sig fffff9ee 61fc8914 d5882ed2
[    5.583656] random 0025 0000 0000 61fc8914 d5882ed2: extract_entropy(.. 64 ..)
[    5.583658] random 0025 0000 0000 61fc8914 d5882ed2: going to reseed nonblocking with 512 bits (512 of 0 requested)
[    5.583660] random 0025 0000 0000 61fc8914 d5882ed2: extract_entropy(.. 64 ..)
[    5.583663] random 0025 0000 0000 61fc8914 d5882ed2: trying to extract 512 bits from input
[    5.583665] random 0025 0000 0000 61fc8914 d5882ed2: debiting 0 entropy credits from input
[    5.583667] random 0025 0000 0000 61fc8914 d5882ed2: extract_entropy account returned: 0 
[    5.583670] random 0025 0000 0000 61fc8914 d5882ed2: urand_change_num 35 xfer_secondary_pool(64): pool_sig fffff9ee, data_sig 00000000, bytes_mixed 0 61fc8914 d5882ed2
[    5.583673] random 0025 0000 0000 61fc8914 d5882ed2: trying to extract 512 bits from nonblocking
[    5.583675] random 0025 0000 0000 61fc8914 d5882ed2: debiting 512 entropy credits from nonblocking (unlimited)
[    5.583677] random 0025 0000 0000 61fc8914 d5882ed2: extract_entropy account returned: 64 
[    5.583681] random 0025 0000 0000 61fc8914 d5882ed2: urand_change_num 36 extract_buf: pool_sig fffff9ee, data_sig ffffff85, bytes_mixed 20 61fc8914 d5882ed2
[    5.583687] random 0025 0000 0000 70cfd302 e5edec11: urand_change_num 37 extract_buf: pool_sig fffffdc1, data_sig ffffffde, bytes_mixed 20 70cfd302 e5edec11
[    5.583692] random 0025 0000 0000 00dab838 eafd2b30: urand_change_num 38 extract_buf: pool_sig 000003da, data_sig ffffff61, bytes_mixed 20 00dab838 eafd2b30
[    5.583697] random 0025 0000 0000 00dab838 eafd2b30: urand_change_num 39 extract_buf: pool_sig 00000314, data_sig 00000121, bytes_mixed 20 00dab838 eafd2b30
[    5.583703] random 0025 0000 0000 5fcdf66a 6442b608: urand_change_num 40 extract_buf: pool_sig 0000028b, data_sig fffffefd, bytes_mixed 20 5fcdf66a 6442b608
[    5.583708] random 0025 0000 0000 61333f6b 8fae0f9b: urand_change_num 41 extract_buf: pool_sig 000000cb, data_sig 000000b3, bytes_mixed 20 61333f6b 8fae0f9b
[    5.583713] random 0025 0000 0000 61333f6b 8fae0f9b: urand_change_num 42 extract_buf: pool_sig fffffef8, data_sig 00000051, bytes_mixed 20 61333f6b 8fae0f9b
[    5.583716] BEGIN NET_SECRET:
[    5.583717] \xffffffe0
[    5.583718] \xffffffb6
[    5.583719] \x36
[    5.583719] \xffffffb5
[    5.583720] \xffffff94
[    5.583721] \xffffffb2
[    5.583722] \xffffffa8
[    5.583723] \xffffffda
[    5.583724] \x5b
[    5.583724] \x19
[    5.583725] \x18
[    5.583726] \x5c
[    5.583727] \x2b
[    5.583727] \x1
[    5.583728] \xffffff90
[    5.583729] \x19
[    5.583730] \x3c
[    5.583730] \xfffffff2
[    5.583731] \xffffff82
[    5.583732] \x2a
[    5.583733] \xffffffb3
[    5.583734] \xffffffa2
[    5.583734] \x3f
[    5.583735] \x5
[    5.583736] \x52
[    5.583737] \x77
[    5.583737] \x57
[    5.583738] \x79
[    5.583739] \x16
[    5.583739] \x43
[    5.583740] \xffffff84
[    5.583741] \xffffffc3
[    5.583742] \xffffffe9
[    5.583743] \x79
[    5.583743] \x50
[    5.583744] \xffffff8e
[    5.583745] \x3f
[    5.583746] \xfffffff3
[    5.583746] \x19
[    5.583747] \x2a
[    5.583748] \xfffffffd
[    5.583749] \xfffffffb
[    5.583750] \x62
[    5.583750] \x3c
[    5.583751] \xffffffac
[    5.583752] \x1c
[    5.583753] \x3b
[    5.583753] \x3b
[    5.583754] \x15
[    5.583755] \x27
[    5.583755] \xffffffa8
[    5.583756] \x22
[    5.583757] \xffffffc5
[    5.583758] \xffffff9a
[    5.583759] \x5
[    5.583759] \x6c
[    5.583760] \xffffffa8
[    5.583761] \x3a
[    5.583762] \x44
[    5.583762] \xffffffaf
[    5.583763] \x13
[    5.583764] \xffffffe0
[    5.583765] \xffffff9d
[    5.583766] \x22
[    5.583766] 
[    5.583767] END NET_SECRET
[    5.583770] random 0025 0000 0000 e7f555d9 e8ce5c3c: rand_read_num 9 get_random_bytes(4): sig 0000068c e7f555d9 e8ce5c3c
[    5.583772] random 0025 0000 0000 e7f555d9 e8ce5c3c: extract_entropy(.. 4 ..)
[    5.583774] random 0025 0000 0000 e7f555d9 e8ce5c3c: going to reseed nonblocking with 64 bits (32 of 0 requested)
[    5.583777] random 0025 0000 0000 e7f555d9 e8ce5c3c: extract_entropy(.. 8 ..)
[    5.583779] random 0025 0000 0000 e7f555d9 e8ce5c3c: trying to extract 64 bits from input
[    5.583781] random 0025 0000 0000 e7f555d9 e8ce5c3c: debiting 0 entropy credits from input
[    5.583783] random 0025 0000 0000 e7f555d9 e8ce5c3c: extract_entropy account returned: 0 
[    5.583786] random 0025 0000 0000 e7f555d9 e8ce5c3c: urand_change_num 43 xfer_secondary_pool(4): pool_sig 0000068c, data_sig 00000000, bytes_mixed 0 e7f555d9 e8ce5c3c
[    5.583789] random 0025 0000 0000 e7f555d9 e8ce5c3c: trying to extract 32 bits from nonblocking
[    5.583791] random 0025 0000 0000 e7f555d9 e8ce5c3c: debiting 32 entropy credits from nonblocking (unlimited)
[    5.583793] random 0025 0000 0000 e7f555d9 e8ce5c3c: extract_entropy account returned: 4 
[    5.583797] random 0025 0000 0000 e7f555d9 e8ce5c3c: urand_change_num 44 extract_buf: pool_sig 0000068c, data_sig fffffdcb, bytes_mixed 20 e7f555d9 e8ce5c3c
[    5.583809] md: Waiting for all devices to be available before autodetect
[    5.583907] md: If you don't use raid, use raid=noautodetect
[    5.584070] md: Autodetecting RAID arrays.
[    5.584167] md: Scanned 0 and added 0 devices.
[    5.584253] md: autorun ...
[    5.584342] md: ... autorun DONE.
[    5.597754] random 0025 0000 0000 e7f555d9 e8ce5c3c: add_disk_randomness(8:0) e7f555d9 e8ce5c3c
[    5.597757] random 0025 0000 0000 e7f555d9 e8ce5c3c: add_timer_randomness(.. 8388864) with jiffies: 7179655400021262759, cycles: 7179655395726589962
[    5.597760] random 0025 0000 0000 e7f555d9 e8ce5c3c: added 4 entropy credits to input
[    5.598875] random 0029 0000 0000 e7f555d9 e8ce5c3c: add_disk_randomness(8:0) e7f555d9 e8ce5c3c
[    5.598878] random 0029 0000 0000 e7f555d9 e8ce5c3c: add_timer_randomness(.. 8388864) with jiffies: 7189745665474003368, cycles: 7189745661179330570
[    5.598996] random 0029 0000 0000 e7f555d9 e8ce5c3c: add_disk_randomness(8:0) e7f555d9 e8ce5c3c
[    5.598999] random 0029 0000 0000 e7f555d9 e8ce5c3c: add_timer_randomness(.. 8388864) with jiffies: 7190838953694167464, cycles: 7190838949399494666
[    5.599005] EXT3-fs: sda2: couldn't mount because of unsupported optional features (240).
[    5.599237] random 0029 0000 0000 e7f555d9 e8ce5c3c: add_disk_randomness(8:0) e7f555d9 e8ce5c3c
[    5.599240] random 0029 0000 0000 e7f555d9 e8ce5c3c: add_timer_randomness(.. 8388864) with jiffies: 7193005829119508904, cycles: 7193005824824836106
[    5.599244] EXT2-fs: sda2: couldn't mount because of unsupported optional features (240).
[    5.599500] random 0029 0000 0000 e7f555d9 e8ce5c3c: add_disk_randomness(8:0) e7f555d9 e8ce5c3c
[    5.599503] random 0029 0000 0000 e7f555d9 e8ce5c3c: add_timer_randomness(.. 8388864) with jiffies: 7195374013956981160, cycles: 7195374009662308362
[    5.599634] random 0029 0000 0000 e7f555d9 e8ce5c3c: add_disk_randomness(8:0) e7f555d9 e8ce5c3c
[    5.599637] random 0029 0000 0000 e7f555d9 e8ce5c3c: add_timer_randomness(.. 8388864) with jiffies: 7196572743624262057, cycles: 7196572739329589258
[    5.599763] random 0029 0000 0000 e7f555d9 e8ce5c3c: add_disk_randomness(8:0) e7f555d9 e8ce5c3c
[    5.599766] random 0029 0000 0000 e7f555d9 e8ce5c3c: add_timer_randomness(.. 8388864) with jiffies: 7197732956024832425, cycles: 7197732951730159626
[    5.599877] random 0029 0000 0000 e7f555d9 e8ce5c3c: add_disk_randomness(8:0) e7f555d9 e8ce5c3c
[    5.599880] random 0029 0000 0000 e7f555d9 e8ce5c3c: add_timer_randomness(.. 8388864) with jiffies: 7198764465435410857, cycles: 7198764461140738058
[    5.600026] random 0029 0000 0000 e7f555d9 e8ce5c3c: add_disk_randomness(8:0) e7f555d9 e8ce5c3c
[    5.600029] random 0029 0000 0000 e7f555d9 e8ce5c3c: add_timer_randomness(.. 8388864) with jiffies: 7200099744997933481, cycles: 7200099740703260682
[    5.600154] random 0029 0000 0000 e7f555d9 e8ce5c3c: add_disk_randomness(8:0) e7f555d9 e8ce5c3c
[    5.600157] random 0029 0000 0000 e7f555d9 e8ce5c3c: add_timer_randomness(.. 8388864) with jiffies: 7201254502790037929, cycles: 7201254498495365130
[    5.600310] random 0029 0000 0000 e7f555d9 e8ce5c3c: add_disk_randomness(8:0) e7f555d9 e8ce5c3c
[    5.600313] random 0029 0000 0000 e7f555d9 e8ce5c3c: add_timer_randomness(.. 8388864) with jiffies: 7202662483263979945, cycles: 7202662478969307146
[    5.600433] random 0029 0000 0000 e7f555d9 e8ce5c3c: add_disk_randomness(8:0) e7f555d9 e8ce5c3c
[    5.600436] random 0029 0000 0000 e7f555d9 e8ce5c3c: add_timer_randomness(.. 8388864) with jiffies: 7203772006460522921, cycles: 7203772002165850122
[    5.600678] random 0029 0000 0000 e7f555d9 e8ce5c3c: rand_read_num 10 get_random_bytes(4): sig ffffff72 e7f555d9 e8ce5c3c
[    5.600681] random 0029 0000 0000 e7f555d9 e8ce5c3c: extract_entropy(.. 4 ..)
[    5.600683] random 0029 0000 0000 e7f555d9 e8ce5c3c: going to reseed nonblocking with 64 bits (32 of 0 requested)
[    5.600685] random 0029 0000 0000 e7f555d9 e8ce5c3c: extract_entropy(.. 8 ..)
[    5.600687] random 0029 0000 0000 e7f555d9 e8ce5c3c: trying to extract 64 bits from input
[    5.600689] random 0029 0000 0000 e7f555d9 e8ce5c3c: debiting 0 entropy credits from input
[    5.600691] random 0029 0000 0000 e7f555d9 e8ce5c3c: extract_entropy account returned: 0 
[    5.600695] random 0029 0000 0000 e7f555d9 e8ce5c3c: urand_change_num 45 xfer_secondary_pool(4): pool_sig ffffff72, data_sig 00000000, bytes_mixed 0 e7f555d9 e8ce5c3c
[    5.600697] random 0029 0000 0000 e7f555d9 e8ce5c3c: trying to extract 32 bits from nonblocking
[    5.600700] random 0029 0000 0000 e7f555d9 e8ce5c3c: debiting 32 entropy credits from nonblocking (unlimited)
[    5.600702] random 0029 0000 0000 e7f555d9 e8ce5c3c: extract_entropy account returned: 4 
[    5.600706] random 0029 0000 0000 e7f555d9 e8ce5c3c: urand_change_num 46 extract_buf: pool_sig ffffff72, data_sig ffffff72, bytes_mixed 20 e7f555d9 e8ce5c3c
[    5.612204] random 0029 0000 0000 91716c54 eeb6a1e7: add_disk_randomness(8:0) 91716c54 eeb6a1e7
[    5.612207] random 0029 0000 0000 91716c54 eeb6a1e7: add_timer_randomness(.. 8388864) with jiffies: 7309674157539295669, cycles: 7309674153244622858
[    5.612210] random 0029 0000 0000 91716c54 eeb6a1e7: added 3 entropy credits to input
[    5.630481] random 0032 0000 0000 91716c54 eeb6a1e7: add_disk_randomness(8:0) 91716c54 eeb6a1e7
[    5.630484] random 0032 0000 0000 91716c54 eeb6a1e7: add_timer_randomness(.. 8388864) with jiffies: 7474114445119816135, cycles: 7474114440825143306
[    5.630487] random 0032 0000 0000 91716c54 eeb6a1e7: added 2 entropy credits to input
[    5.635151] EXT4-fs (sda2): mounted filesystem with ordered data mode
[    5.635355] VFS: Mounted root (ext4 filesystem) readonly on device 8:2.
[    5.635458] Freeing unused kernel memory: 448k freed
[    5.655632] random 0034 0000 0000 91716c54 eeb6a1e7: add_disk_randomness(8:0) 91716c54 eeb6a1e7
[    5.655635] random 0034 0000 0000 91716c54 eeb6a1e7: add_timer_randomness(.. 8388864) with jiffies: 7700380993084686817, cycles: 7700380988790013962
[    5.655638] random 0034 0000 0000 91716c54 eeb6a1e7: added 1 entropy credits to input
[    5.656362] random 0035 0000 0000 91716c54 eeb6a1e7: add_disk_randomness(8:0) 91716c54 eeb6a1e7
[    5.656365] random 0035 0000 0000 91716c54 eeb6a1e7: add_timer_randomness(.. 8388864) with jiffies: 7706959856484975073, cycles: 7706959852190302218
[    5.661090] random 0035 0000 0000 91716c54 eeb6a1e7: add_disk_randomness(8:0) 91716c54 eeb6a1e7
[    5.661092] random 0035 0000 0000 91716c54 eeb6a1e7: add_timer_randomness(.. 8388864) with jiffies: 7749485620467827174, cycles: 7749485616173154314
[    5.661095] random 0035 0000 0000 91716c54 eeb6a1e7: added 2 entropy credits to input
[    5.669288] random 0037 0000 0000 91716c54 eeb6a1e7: add_disk_randomness(8:0) 91716c54 eeb6a1e7
[    5.669290] random 0037 0000 0000 91716c54 eeb6a1e7: add_timer_randomness(.. 8388864) with jiffies: 7823245490433786350, cycles: 7823245486139113482
[    5.669293] random 0037 0000 0000 91716c54 eeb6a1e7: added 1 entropy credits to input
[    5.672711] random 0038 0000 0000 91716c54 eeb6a1e7: add_disk_randomness(8:0) 91716c54 eeb6a1e7
[    5.672714] random 0038 0000 0000 91716c54 eeb6a1e7: add_timer_randomness(.. 8388864) with jiffies: 7854038550520234482, cycles: 7854038546225561610
[    5.672717] random 0038 0000 0000 91716c54 eeb6a1e7: added 2 entropy credits to input
[    5.681608] random 0040 0000 0000 91716c54 eeb6a1e7: add_disk_randomness(8:0) 91716c54 eeb6a1e7
[    5.681610] random 0040 0000 0000 91716c54 eeb6a1e7: add_timer_randomness(.. 8388864) with jiffies: 7934076580341187067, cycles: 7934076576046514186
[    5.681613] random 0040 0000 0000 91716c54 eeb6a1e7: added 2 entropy credits to input
[    5.694885] random 0042 0000 0000 91716c54 eeb6a1e7: add_disk_randomness(8:0) 91716c54 eeb6a1e7
[    5.694888] random 0042 0000 0000 91716c54 eeb6a1e7: add_timer_randomness(.. 8388864) with jiffies: 8053534120652538376, cycles: 8053534116357865482
[    5.702962] random 0042 0000 0000 91716c54 eeb6a1e7: add_disk_randomness(8:0) 91716c54 eeb6a1e7
[    5.702965] random 0042 0000 0000 91716c54 eeb6a1e7: add_timer_randomness(.. 8388864) with jiffies: 8126206655223005712, cycles: 8126206650928332810
[    5.702968] random 0042 0000 0000 91716c54 eeb6a1e7: added 2 entropy credits to input
[    5.702991] RANDOM get_random_int call with cycles 44841758136, jiffies 4294672912 and pid 1
[    5.702994] RANDOM get_random_int call with cycles 44841764961, jiffies 4294672912 and pid 1
[    5.702996] ASLR stack rand value: 6242304 after shift for pid: 1
[    5.702997] RANDOM get_random_int call with cycles 44841772721, jiffies 4294672912 and pid 1
[    5.714611] random 0044 0000 0000 91716c54 eeb6a1e7: add_disk_randomness(8:0) 91716c54 eeb6a1e7
[    5.714614] random 0044 0000 0000 91716c54 eeb6a1e7: add_timer_randomness(.. 8388864) with jiffies: 8231006494355325468, cycles: 8231006490060652554
[    5.714617] random 0044 0000 0000 91716c54 eeb6a1e7: added 2 entropy credits to input
[    5.714627] RANDOM get_random_int call with cycles 44866131818, jiffies 4294672924 and pid 1
[    5.714630] random 0046 0000 0000 91716c54 eeb6a1e7: rand_read_num 11 get_random_bytes(16): sig fffffcad 91716c54 eeb6a1e7
[    5.714632] random 0046 0000 0000 91716c54 eeb6a1e7: extract_entropy(.. 16 ..)
[    5.714635] random 0046 0000 0000 91716c54 eeb6a1e7: going to reseed nonblocking with 128 bits (128 of 0 requested)
[    5.714637] random 0046 0000 0000 91716c54 eeb6a1e7: extract_entropy(.. 16 ..)
[    5.714639] random 0046 0000 0000 91716c54 eeb6a1e7: trying to extract 128 bits from input
[    5.714641] random 0046 0000 0000 91716c54 eeb6a1e7: debiting 0 entropy credits from input
[    5.714643] random 0046 0000 0000 91716c54 eeb6a1e7: extract_entropy account returned: 0 
[    5.714646] random 0046 0000 0000 91716c54 eeb6a1e7: urand_change_num 47 xfer_secondary_pool(16): pool_sig fffffcad, data_sig 00000000, bytes_mixed 0 91716c54 eeb6a1e7
[    5.714649] random 0046 0000 0000 91716c54 eeb6a1e7: trying to extract 128 bits from nonblocking
[    5.714652] random 0046 0000 0000 91716c54 eeb6a1e7: debiting 128 entropy credits from nonblocking (unlimited)
[    5.714654] random 0046 0000 0000 91716c54 eeb6a1e7: extract_entropy account returned: 16 
[    5.714658] random 0046 0000 0000 91716c54 eeb6a1e7: urand_change_num 48 extract_buf: pool_sig fffffcad, data_sig ffffff19, bytes_mixed 20 91716c54 eeb6a1e7
[    5.714664] random 0046 0000 0000 fd637b06 6cf47bc1: urand_change_num 49 extract_buf: pool_sig fffffede, data_sig ffffffc1, bytes_mixed 20 fd637b06 6cf47bc1
[    5.715627] random 0046 0000 0000 fd637b06 6cf47bc1: add_disk_randomness(8:0) fd637b06 6cf47bc1
[    5.715630] random 0046 0000 0000 fd637b06 6cf47bc1: add_timer_randomness(.. 8388864) with jiffies: 8240143496111686173, cycles: 8240143491817013258
[    5.716755] random 0046 0000 0000 fd637b06 6cf47bc1: add_disk_randomness(8:0) fd637b06 6cf47bc1
[    5.716758] random 0046 0000 0000 fd637b06 6cf47bc1: add_timer_randomness(.. 8388864) with jiffies: 8250295179596759582, cycles: 8250295175302086666
[    5.717880] random 0046 0000 0000 fd637b06 6cf47bc1: add_disk_randomness(8:0) fd637b06 6cf47bc1
[    5.717883] random 0046 0000 0000 fd637b06 6cf47bc1: add_timer_randomness(.. 8388864) with jiffies: 8260417824807944735, cycles: 8260417820513271818
[    5.718744] random 0046 0000 0000 fd637b06 6cf47bc1: add_disk_randomness(8:0) fd637b06 6cf47bc1
[    5.718747] random 0046 0000 0000 fd637b06 6cf47bc1: add_timer_randomness(.. 8388864) with jiffies: 8268189099978621472, cycles: 8268189095683948554
[    5.727607] random 0046 0000 0000 fd637b06 6cf47bc1: add_disk_randomness(8:0) fd637b06 6cf47bc1
[    5.727610] random 0046 0000 0000 fd637b06 6cf47bc1: add_timer_randomness(.. 8388864) with jiffies: 8347925880793432617, cycles: 8347925876498759690
[    5.727612] random 0046 0000 0000 fd637b06 6cf47bc1: added 3 entropy credits to input
[    5.727806] random 0049 0000 0000 fd637b06 6cf47bc1: add_disk_randomness(8:0) fd637b06 6cf47bc1
[    5.727809] random 0049 0000 0000 fd637b06 6cf47bc1: add_timer_randomness(.. 8388864) with jiffies: 8349722371124068905, cycles: 8349722366829395978
[    5.737994] random 0049 0000 0000 fd637b06 6cf47bc1: add_disk_randomness(8:0) fd637b06 6cf47bc1
[    5.737997] random 0049 0000 0000 fd637b06 6cf47bc1: add_timer_randomness(.. 8388864) with jiffies: 8441388384948814387, cycles: 8441388380654141450
[    5.738000] random 0049 0000 0000 fd637b06 6cf47bc1: added 3 entropy credits to input
[    5.738431] random 0052 0000 0000 fd637b06 6cf47bc1: add_disk_randomness(8:0) fd637b06 6cf47bc1
[    5.738434] random 0052 0000 0000 fd637b06 6cf47bc1: add_timer_randomness(.. 8388864) with jiffies: 8445321668753850931, cycles: 8445321664459177994
[    5.748175] random 0052 0000 0000 fd637b06 6cf47bc1: add_disk_randomness(8:0) fd637b06 6cf47bc1
[    5.748178] random 0052 0000 0000 fd637b06 6cf47bc1: add_timer_randomness(.. 8388864) with jiffies: 8532984858958070333, cycles: 8532984854663397386
[    5.748180] random 0052 0000 0000 fd637b06 6cf47bc1: added 3 entropy credits to input
[    5.748233] RANDOM get_random_int call with cycles 44936530842, jiffies 4294672957 and pid 1
[    5.752781] random 0055 0000 0000 fd637b06 6cf47bc1: add_disk_randomness(8:0) fd637b06 6cf47bc1
[    5.752784] random 0055 0000 0000 fd637b06 6cf47bc1: add_timer_randomness(.. 8388864) with jiffies: 8574419314700681794, cycles: 8574419310406008842
[    5.752787] random 0055 0000 0000 fd637b06 6cf47bc1: added 2 entropy credits to input
[    5.765609] random 0057 0000 0000 fd637b06 6cf47bc1: add_disk_randomness(8:0) fd637b06 6cf47bc1
[    5.765612] random 0057 0000 0000 fd637b06 6cf47bc1: add_timer_randomness(.. 8388864) with jiffies: 8689826048016876111, cycles: 8689826043722203146
[    5.765614] random 0057 0000 0000 fd637b06 6cf47bc1: added 3 entropy credits to input
[    5.765750] random 0060 0000 0000 fd637b06 6cf47bc1: add_disk_randomness(8:0) fd637b06 6cf47bc1
[    5.765753] random 0060 0000 0000 fd637b06 6cf47bc1: add_timer_randomness(.. 8388864) with jiffies: 8691101352656077391, cycles: 8691101348361404426
[    5.767910] random 0060 0000 0000 fd637b06 6cf47bc1: add_disk_randomness(8:0) fd637b06 6cf47bc1
[    5.767913] random 0060 0000 0000 fd637b06 6cf47bc1: add_timer_randomness(.. 8388864) with jiffies: 8710538360298111569, cycles: 8710538356003438602
[    5.767916] random 0060 0000 0000 fd637b06 6cf47bc1: added 1 entropy credits to input
[    5.768156] random 0061 0000 0000 fd637b06 6cf47bc1: add_disk_randomness(8:0) fd637b06 6cf47bc1
[    5.768160] random 0061 0000 0000 fd637b06 6cf47bc1: add_timer_randomness(.. 8388864) with jiffies: 8712757277842178641, cycles: 8712757273547505674
[    5.768295] random 0061 0000 0000 fd637b06 6cf47bc1: add_disk_randomness(8:0) fd637b06 6cf47bc1
[    5.768298] random 0061 0000 0000 fd637b06 6cf47bc1: add_timer_randomness(.. 8388864) with jiffies: 8714004033833763409, cycles: 8714004029539090442
[    5.771464] random 0061 0000 0000 fd637b06 6cf47bc1: add_disk_randomness(8:0) fd637b06 6cf47bc1
[    5.771467] random 0061 0000 0000 fd637b06 6cf47bc1: add_timer_randomness(.. 8388864) with jiffies: 8742520271627059796, cycles: 8742520267332386826
[    5.771470] random 0061 0000 0000 fd637b06 6cf47bc1: added 1 entropy credits to input
[    5.773476] random 0062 0000 0000 fd637b06 6cf47bc1: add_disk_randomness(8:0) fd637b06 6cf47bc1
[    5.773479] random 0062 0000 0000 fd637b06 6cf47bc1: add_timer_randomness(.. 8388864) with jiffies: 8760622089900884566, cycles: 8760622085606211594
[    5.781307] random 0062 0000 0000 fd637b06 6cf47bc1: add_disk_randomness(8:0) fd637b06 6cf47bc1
[    5.781310] random 0062 0000 0000 fd637b06 6cf47bc1: add_timer_randomness(.. 8388864) with jiffies: 8831077064136950366, cycles: 8831077059842277386
[    5.781313] random 0062 0000 0000 fd637b06 6cf47bc1: added 2 entropy credits to input
[    5.781445] random 0064 0000 0000 fd637b06 6cf47bc1: add_disk_randomness(8:0) fd637b06 6cf47bc1
[    5.781448] random 0064 0000 0000 fd637b06 6cf47bc1: add_timer_randomness(.. 8388864) with jiffies: 8832313628171141726, cycles: 8832313623876468746
[    5.785011] random 0064 0000 0000 fd637b06 6cf47bc1: add_disk_randomness(8:0) fd637b06 6cf47bc1
[    5.785014] random 0064 0000 0000 fd637b06 6cf47bc1: add_timer_randomness(.. 8388864) with jiffies: 8864396376742265442, cycles: 8864396372447592458
[    5.785017] random 0064 0000 0000 fd637b06 6cf47bc1: added 2 entropy credits to input
[    5.789501] random 0066 0000 0000 fd637b06 6cf47bc1: add_disk_randomness(8:0) fd637b06 6cf47bc1
[    5.789504] random 0066 0000 0000 fd637b06 6cf47bc1: add_timer_randomness(.. 8388864) with jiffies: 8904797837015614054, cycles: 8904797832720941066
[    5.795081] random 0066 0000 0000 fd637b06 6cf47bc1: add_disk_randomness(8:0) fd637b06 6cf47bc1
[    5.795084] random 0066 0000 0000 fd637b06 6cf47bc1: add_timer_randomness(.. 8388864) with jiffies: 8954993136983835244, cycles: 8954993132689162250
[    5.795087] random 0066 0000 0000 fd637b06 6cf47bc1: added 1 entropy credits to input
[    5.801354] random 0067 0000 0000 fd637b06 6cf47bc1: add_disk_randomness(8:0) fd637b06 6cf47bc1
[    5.801357] random 0067 0000 0000 fd637b06 6cf47bc1: add_timer_randomness(.. 8388864) with jiffies: 9011434977257816690, cycles: 9011434972963143690
[    5.801371] random 0067 0000 0000 fd637b06 6cf47bc1: rand_read_num 12 get_random_bytes(16): sig 0000033b fd637b06 6cf47bc1
[    5.801373] random 0067 0000 0000 fd637b06 6cf47bc1: extract_entropy(.. 16 ..)
[    5.801376] random 0067 0000 0000 fd637b06 6cf47bc1: going to reseed nonblocking with 128 bits (128 of 0 requested)
[    5.801378] random 0067 0000 0000 fd637b06 6cf47bc1: extract_entropy(.. 16 ..)
[    5.801380] random 0067 0000 0000 fd637b06 6cf47bc1: trying to extract 128 bits from input
[    5.801382] random 0067 0000 0000 fd637b06 6cf47bc1: debiting 0 entropy credits from input
[    5.801384] random 0067 0000 0000 fd637b06 6cf47bc1: extract_entropy account returned: 0 
[    5.801387] random 0067 0000 0000 fd637b06 6cf47bc1: urand_change_num 50 xfer_secondary_pool(16): pool_sig 0000033b, data_sig 00000000, bytes_mixed 0 fd637b06 6cf47bc1
[    5.801390] random 0067 0000 0000 fd637b06 6cf47bc1: trying to extract 128 bits from nonblocking
[    5.801393] random 0067 0000 0000 fd637b06 6cf47bc1: debiting 128 entropy credits from nonblocking (unlimited)
[    5.801395] random 0067 0000 0000 fd637b06 6cf47bc1: extract_entropy account returned: 16 
[    5.801399] random 0067 0000 0000 fd637b06 6cf47bc1: urand_change_num 51 extract_buf: pool_sig 0000033b, data_sig 000000d8, bytes_mixed 20 fd637b06 6cf47bc1
[    5.801405] random 0067 0000 0000 0ec1f012 d4727ca8: urand_change_num 52 extract_buf: pool_sig fffffcf5, data_sig 00000016, bytes_mixed 20 0ec1f012 d4727ca8
[    5.808104] random 0067 0000 0000 45b1d0b1 845a73f7: add_disk_randomness(8:0) 45b1d0b1 845a73f7
[    5.808107] random 0067 0000 0000 45b1d0b1 845a73f7: add_timer_randomness(.. 8388864) with jiffies: 9072157985097876089, cycles: 9072157980803203082
[    5.815320] random 0067 0000 0000 45b1d0b1 845a73f7: add_disk_randomness(8:0) 45b1d0b1 845a73f7
[    5.815323] random 0067 0000 0000 45b1d0b1 845a73f7: add_timer_randomness(.. 8388864) with jiffies: 9137089184714687104, cycles: 9137089180420014090
[    5.824972] random 0067 0000 0000 45b1d0b1 845a73f7: add_disk_randomness(8:0) 45b1d0b1 845a73f7
[    5.824975] random 0067 0000 0000 45b1d0b1 845a73f7: add_timer_randomness(.. 8388864) with jiffies: 9223917265772839562, cycles: -9222826812231385078
[    5.824978] random 0067 0000 0000 45b1d0b1 845a73f7: added 1 entropy credits to input
[    5.832748] random 0068 0000 0000 45b1d0b1 845a73f7: add_disk_randomness(8:0) 45b1d0b1 845a73f7
[    5.832751] random 0068 0000 0000 45b1d0b1 845a73f7: add_timer_randomness(.. 8388864) with jiffies: 9293876935790396050, cycles: -9152867142213828598
[    5.832754] random 0068 0000 0000 45b1d0b1 845a73f7: added 1 entropy credits to input
[    5.835887] random 0069 0000 0000 45b1d0b1 845a73f7: add_disk_randomness(8:0) 45b1d0b1 845a73f7
[    5.835890] random 0069 0000 0000 45b1d0b1 845a73f7: add_timer_randomness(.. 8388864) with jiffies: 9322116324286759573, cycles: -9124627753717465078
[    5.835893] random 0069 0000 0000 45b1d0b1 845a73f7: added 1 entropy credits to input
[    5.850158] random 0070 0000 0000 45b1d0b1 845a73f7: add_disk_randomness(8:0) 45b1d0b1 845a73f7
[    5.850161] random 0070 0000 0000 45b1d0b1 845a73f7: add_timer_randomness(.. 8388864) with jiffies: 9450518348740395683, cycles: -8996225729263828982
[    5.850164] random 0070 0000 0000 45b1d0b1 845a73f7: added 3 entropy credits to input
[    5.855562] random 0073 0000 0000 45b1d0b1 845a73f7: add_disk_randomness(8:0) 45b1d0b1 845a73f7
[    5.855565] random 0073 0000 0000 45b1d0b1 845a73f7: add_timer_randomness(.. 8388864) with jiffies: 9499130016957170345, cycles: -8947614061047054326
[    5.855568] random 0073 0000 0000 45b1d0b1 845a73f7: added 2 entropy credits to input
[    5.860731] random 0075 0000 0000 45b1d0b1 845a73f7: add_disk_randomness(8:0) 45b1d0b1 845a73f7
[    5.860734] random 0075 0000 0000 45b1d0b1 845a73f7: add_timer_randomness(.. 8388864) with jiffies: 9545637451846615726, cycles: -8901106626157608950
[    5.868960] random 0075 0000 0000 45b1d0b1 845a73f7: add_disk_randomness(8:0) 45b1d0b1 845a73f7
[    5.868963] random 0075 0000 0000 45b1d0b1 845a73f7: add_timer_randomness(.. 8388864) with jiffies: 9619676610650931894, cycles: -8827067467353292790
[    5.868966] random 0075 0000 0000 45b1d0b1 845a73f7: added 1 entropy credits to input
[    5.878562] random 0076 0000 0000 45b1d0b1 845a73f7: add_disk_randomness(8:0) 45b1d0b1 845a73f7
[    5.878565] random 0076 0000 0000 45b1d0b1 845a73f7: add_timer_randomness(.. 8388864) with jiffies: 9706058951413170880, cycles: -8740685126591053814
[    5.898066] random 0076 0000 0000 45b1d0b1 845a73f7: add_disk_randomness(8:0) 45b1d0b1 845a73f7
[    5.898069] random 0076 0000 0000 45b1d0b1 845a73f7: add_timer_randomness(.. 8388864) with jiffies: 9881537983549244115, cycles: -8565206094454980598
[    5.898072] random 0076 0000 0000 45b1d0b1 845a73f7: added 2 entropy credits to input
[    5.911348] random 0078 0000 0000 45b1d0b1 845a73f7: add_disk_randomness(8:0) 45b1d0b1 845a73f7
[    5.911351] random 0078 0000 0000 45b1d0b1 845a73f7: add_timer_randomness(.. 8388864) with jiffies: 10001041797838242528, cycles: -8445702280165982198
[    5.911354] random 0078 0000 0000 45b1d0b1 845a73f7: added 2 entropy credits to input
[    5.919363] random 0080 0000 0000 45b1d0b1 845a73f7: add_disk_randomness(8:0) 45b1d0b1 845a73f7
[    5.919366] random 0080 0000 0000 45b1d0b1 845a73f7: add_timer_randomness(.. 8388864) with jiffies: 10073154766889517800, cycles: -8373589311114706934
[    5.929382] random 0080 0000 0000 45b1d0b1 845a73f7: add_disk_randomness(8:0) 45b1d0b1 845a73f7
[    5.929385] random 0080 0000 0000 45b1d0b1 845a73f7: add_timer_randomness(.. 8388864) with jiffies: 10163292841803743986, cycles: -8283451236200480758
[    5.929388] random 0080 0000 0000 45b1d0b1 845a73f7: added 1 entropy credits to input
[    5.942269] random 0081 0000 0000 45b1d0b1 845a73f7: add_disk_randomness(8:0) 45b1d0b1 845a73f7
[    5.942272] random 0081 0000 0000 45b1d0b1 845a73f7: add_timer_randomness(.. 8388864) with jiffies: 10279229561199362815, cycles: -8167514516804861942
[    5.949628] random 0081 0000 0000 45b1d0b1 845a73f7: add_disk_randomness(8:0) 45b1d0b1 845a73f7
[    5.949631] random 0081 0000 0000 45b1d0b1 845a73f7: add_timer_randomness(.. 8388864) with jiffies: 10345428759716004615, cycles: -8101315318288220150
[    5.949634] random 0081 0000 0000 45b1d0b1 845a73f7: added 2 entropy credits to input
[    5.954918] random 0083 0000 0000 45b1d0b1 845a73f7: add_disk_randomness(8:0) 45b1d0b1 845a73f7
[    5.954921] random 0083 0000 0000 45b1d0b1 845a73f7: add_timer_randomness(.. 8388864) with jiffies: 10393032008266384140, cycles: -8053712069737840630
[    5.954924] random 0083 0000 0000 45b1d0b1 845a73f7: added 1 entropy credits to input
[    5.961314] random 0084 0000 0000 45b1d0b1 845a73f7: add_disk_randomness(8:0) 45b1d0b1 845a73f7
[    5.961317] random 0084 0000 0000 45b1d0b1 845a73f7: add_timer_randomness(.. 8388864) with jiffies: 10450577019480277778, cycles: -7996167058523946998
[    5.966366] random 0084 0000 0000 45b1d0b1 845a73f7: add_disk_randomness(8:0) 45b1d0b1 845a73f7
[    5.966369] random 0084 0000 0000 45b1d0b1 845a73f7: add_timer_randomness(.. 8388864) with jiffies: 10496029855214961431, cycles: -7950714222789263350
[    5.972267] random 0084 0000 0000 45b1d0b1 845a73f7: add_disk_randomness(8:0) 45b1d0b1 845a73f7
[    5.972270] random 0084 0000 0000 45b1d0b1 845a73f7: add_timer_randomness(.. 8388864) with jiffies: 10549121835746427677, cycles: -7897622242257797110
[    5.981619] random 0084 0000 0000 45b1d0b1 845a73f7: add_disk_randomness(8:0) 45b1d0b1 845a73f7
[    5.981622] random 0084 0000 0000 45b1d0b1 845a73f7: add_timer_randomness(.. 8388864) with jiffies: 10633246118927631143, cycles: -7813497959076593654
[    5.981624] random 0084 0000 0000 45b1d0b1 845a73f7: added 1 entropy credits to input
[    5.986498] random 0085 0000 0000 45b1d0b1 845a73f7: add_disk_randomness(8:0) 45b1d0b1 845a73f7
[    5.986501] random 0085 0000 0000 45b1d0b1 845a73f7: add_timer_randomness(.. 8388864) with jiffies: 10677159835951924011, cycles: -7769584242052300790
[    5.986506] random 0085 0000 0000 45b1d0b1 845a73f7: added 2 entropy credits to input
[    5.993932] random 0087 0000 0000 45b1d0b1 845a73f7: add_disk_randomness(8:0) 45b1d0b1 845a73f7
[    5.993935] random 0087 0000 0000 45b1d0b1 845a73f7: add_timer_randomness(.. 8388864) with jiffies: 10744033778125734707, cycles: -7702710299878490102
[    5.993938] random 0087 0000 0000 45b1d0b1 845a73f7: added 2 entropy credits to input
[    6.000151] random 0089 0000 0000 45b1d0b1 845a73f7: add_disk_randomness(8:0) 45b1d0b1 845a73f7
[    6.000153] random 0089 0000 0000 45b1d0b1 845a73f7: add_timer_randomness(.. 8388864) with jiffies: 10799984016443015993, cycles: -7646760061561208822
[    6.000156] random 0089 0000 0000 45b1d0b1 845a73f7: added 1 entropy credits to input
[    6.000303] random 0090 0000 0000 45b1d0b1 845a73f7: add_disk_randomness(8:0) 45b1d0b1 845a73f7
[    6.000306] random 0090 0000 0000 45b1d0b1 845a73f7: add_timer_randomness(.. 8388864) with jiffies: 10801360785389617977, cycles: -7645383292614606838
[    6.014710] random 0090 0000 0000 45b1d0b1 845a73f7: add_disk_randomness(8:0) 45b1d0b1 845a73f7
[    6.014713] random 0090 0000 0000 45b1d0b1 845a73f7: add_timer_randomness(.. 8388864) with jiffies: 10930968119400432456, cycles: -7515775958603792374
[    6.014716] random 0090 0000 0000 45b1d0b1 845a73f7: added 3 entropy credits to input
[    6.022132] random 0093 0000 0000 45b1d0b1 845a73f7: add_disk_randomness(8:0) 45b1d0b1 845a73f7
[    6.022135] random 0093 0000 0000 45b1d0b1 845a73f7: add_timer_randomness(.. 8388864) with jiffies: 10997745914436354895, cycles: -7448998163567869942
[    6.022137] random 0093 0000 0000 45b1d0b1 845a73f7: added 2 entropy credits to input
[    6.031814] random 0095 0000 0000 45b1d0b1 845a73f7: add_disk_randomness(8:0) 45b1d0b1 845a73f7
[    6.031817] random 0095 0000 0000 45b1d0b1 845a73f7: add_timer_randomness(.. 8388864) with jiffies: 11084852021612479321, cycles: -7361892056391745526
[    6.031820] random 0095 0000 0000 45b1d0b1 845a73f7: added 1 entropy credits to input
[    6.042444] random 0096 0000 0000 45b1d0b1 845a73f7: add_disk_randomness(8:0) 45b1d0b1 845a73f7
[    6.042447] random 0096 0000 0000 45b1d0b1 845a73f7: add_timer_randomness(.. 8388864) with jiffies: 11180500157315384163, cycles: -7266243920688840694
[    6.054963] random 0096 0000 0000 45b1d0b1 845a73f7: add_disk_randomness(8:0) 45b1d0b1 845a73f7
[    6.054966] random 0096 0000 0000 45b1d0b1 845a73f7: add_timer_randomness(.. 8388864) with jiffies: 11293124941529711472, cycles: -7153619136474513398
[    6.054969] random 0096 0000 0000 45b1d0b1 845a73f7: added 1 entropy credits to input
[    6.056173] random 0097 0000 0000 45b1d0b1 845a73f7: add_disk_randomness(8:0) 45b1d0b1 845a73f7
[    6.056176] random 0097 0000 0000 45b1d0b1 845a73f7: add_timer_randomness(.. 8388864) with jiffies: 11304010763774690161, cycles: -7142733314229534710
[    6.060187] random 0097 0000 0000 45b1d0b1 845a73f7: add_disk_randomness(8:0) 45b1d0b1 845a73f7
[    6.060190] random 0097 0000 0000 45b1d0b1 845a73f7: add_timer_randomness(.. 8388864) with jiffies: 11340121951151293301, cycles: -7106622126852931574
[    6.060192] random 0097 0000 0000 45b1d0b1 845a73f7: added 1 entropy credits to input
[    6.069529] random 0098 0000 0000 45b1d0b1 845a73f7: add_disk_randomness(8:0) 45b1d0b1 845a73f7
[    6.069532] random 0098 0000 0000 45b1d0b1 845a73f7: add_timer_randomness(.. 8388864) with jiffies: 11424163208319697791, cycles: -7022580869684527094
[    6.069534] random 0098 0000 0000 45b1d0b1 845a73f7: added 1 entropy credits to input
[    6.069876] random 0099 0000 0000 45b1d0b1 845a73f7: add_disk_randomness(8:0) 45b1d0b1 845a73f7
[    6.069879] random 0099 0000 0000 45b1d0b1 845a73f7: add_timer_randomness(.. 8388864) with jiffies: 11427295747012002687, cycles: -7019448330992222198
[    6.085539] random 0099 0000 0000 45b1d0b1 845a73f7: add_disk_randomness(8:0) 45b1d0b1 845a73f7
[    6.085542] random 0099 0000 0000 45b1d0b1 845a73f7: add_timer_randomness(.. 8388864) with jiffies: 11568205192972960655, cycles: -6878538885031264246
[    6.085545] random 0099 0000 0000 45b1d0b1 845a73f7: added 4 entropy credits to input
[    6.087166] random 0103 0000 0000 45b1d0b1 845a73f7: add_disk_randomness(8:0) 45b1d0b1 845a73f7
[    6.087169] random 0103 0000 0000 45b1d0b1 845a73f7: add_timer_randomness(.. 8388864) with jiffies: 11582855906240201616, cycles: -6863888171764023286
[    6.087314] random 0103 0000 0000 45b1d0b1 845a73f7: add_disk_randomness(8:0) 45b1d0b1 845a73f7
[    6.087318] random 0103 0000 0000 45b1d0b1 845a73f7: add_timer_randomness(.. 8388864) with jiffies: 11584192633206702992, cycles: -6862551444797521910
[    6.098192] random 0103 0000 0000 45b1d0b1 845a73f7: add_disk_randomness(8:0) 45b1d0b1 845a73f7
[    6.098194] random 0103 0000 0000 45b1d0b1 845a73f7: add_timer_randomness(.. 8388864) with jiffies: 11682048953330402203, cycles: -6764695124673822710
[    6.098197] random 0103 0000 0000 45b1d0b1 845a73f7: added 3 entropy credits to input
[    6.098760] random 0106 0000 0000 45b1d0b1 845a73f7: add_disk_randomness(8:0) 45b1d0b1 845a73f7
[    6.098763] random 0106 0000 0000 45b1d0b1 845a73f7: add_timer_randomness(.. 8388864) with jiffies: 11687161527780737948, cycles: -6759582550223486966
[    6.103988] random 0106 0000 0000 45b1d0b1 845a73f7: add_disk_randomness(8:0) 45b1d0b1 845a73f7
[    6.103991] random 0106 0000 0000 45b1d0b1 845a73f7: add_timer_randomness(.. 8388864) with jiffies: 11734198897210000289, cycles: -6712545180794224630
[    6.103994] random 0106 0000 0000 45b1d0b1 845a73f7: added 2 entropy credits to input
[    6.105744] random 0108 0000 0000 45b1d0b1 845a73f7: add_disk_randomness(8:0) 45b1d0b1 845a73f7
[    6.105747] random 0108 0000 0000 45b1d0b1 845a73f7: add_timer_randomness(.. 8388864) with jiffies: 11749992552814314403, cycles: -6696751525189910518
[    6.105750] random 0108 0000 0000 45b1d0b1 845a73f7: added 1 entropy credits to input
[    6.115969] random 0109 0000 0000 45b1d0b1 845a73f7: add_disk_randomness(8:0) 45b1d0b1 845a73f7
[    6.115972] random 0109 0000 0000 45b1d0b1 845a73f7: add_timer_randomness(.. 8388864) with jiffies: 11841990979927901101, cycles: -6604753098076323830
[    6.115975] random 0109 0000 0000 45b1d0b1 845a73f7: added 3 entropy credits to input
[    6.129910] random 0112 0000 0000 45b1d0b1 845a73f7: add_disk_randomness(8:0) 45b1d0b1 845a73f7
[    6.129914] random 0112 0000 0000 45b1d0b1 845a73f7: add_timer_randomness(.. 8388864) with jiffies: 11967416768139068347, cycles: -6479327309865156598
