[    0.000000] random 0000 0000 0000 00000000 00000000: rand_read_num 1 get_random_bytes(8): sig 00000000 00000000 00000000
[    0.000000] random 0000 0000 0000 00000000 00000000: extract_entropy(.. 8 ..)
[    0.000000] random 0000 0000 0000 00000000 00000000: going to reseed nonblocking with 64 bits (64 of 0 requested)
[    0.000000] random 0000 0000 0000 00000000 00000000: extract_entropy(.. 8 ..)
[    0.000000] random 0000 0000 0000 00000000 00000000: trying to extract 64 bits from input
[    0.000000] random 0000 0000 0000 00000000 00000000: debiting 0 entropy credits from input
[    0.000000] random 0000 0000 0000 00000000 00000000: extract_entropy account returned: 0 
[    0.000000] random 0000 0000 0000 00000000 00000000: urand_change_num 1 xfer_secondary_pool(8): pool_sig 00000000, data_sig 00000000, bytes_mixed 0 00000000 00000000
[    0.000000] random 0000 0000 0000 00000000 00000000: trying to extract 64 bits from nonblocking
[    0.000000] random 0000 0000 0000 00000000 00000000: debiting 64 entropy credits from nonblocking (unlimited)
[    0.000000] random 0000 0000 0000 00000000 00000000: extract_entropy account returned: 8 
[    0.000000] random 0000 0000 0000 00000000 00000000: urand_change_num 2 extract_buf: pool_sig 00000000, data_sig fffffff9, bytes_mixed 20 00000000 00000000
[    0.000000] Linux version 2.6.32.57 (dcashman@dcashman-02) (gcc version 4.3.3 (GCC) ) #6 Thu May 30 09:02:12 PDT 2013
[    0.000000] KERNEL supported cpus:
[    0.000000]   Intel GenuineIntel
[    0.000000]   AMD AuthenticAMD
[    0.000000]   NSC Geode by NSC
[    0.000000]   Cyrix CyrixInstead
[    0.000000]   Centaur CentaurHauls
[    0.000000]   Transmeta GenuineTMx86
[    0.000000]   Transmeta TransmetaCPU
[    0.000000]   UMC UMC UMC UMC
[    0.000000] BIOS-provided physical RAM map:
[    0.000000]  BIOS-e820: 0000000000000000 - 000000000009d800 (usable)
[    0.000000]  BIOS-e820: 000000000009d800 - 00000000000a0000 (reserved)
[    0.000000]  BIOS-e820: 00000000000d2000 - 00000000000d4000 (reserved)
[    0.000000]  BIOS-e820: 00000000000e0000 - 0000000000100000 (reserved)
[    0.000000]  BIOS-e820: 0000000000100000 - 000000003d6b0000 (usable)
[    0.000000]  BIOS-e820: 000000003d6b0000 - 000000003d6cc000 (ACPI data)
[    0.000000]  BIOS-e820: 000000003d6cc000 - 000000003d700000 (ACPI NVS)
[    0.000000]  BIOS-e820: 000000003d700000 - 000000003e000000 (reserved)
[    0.000000]  BIOS-e820: 00000000f0000000 - 00000000f4000000 (reserved)
[    0.000000]  BIOS-e820: 00000000fec00000 - 00000000fec10000 (reserved)
[    0.000000]  BIOS-e820: 00000000fed00000 - 00000000fed00400 (reserved)
[    0.000000]  BIOS-e820: 00000000fed14000 - 00000000fed1a000 (reserved)
[    0.000000]  BIOS-e820: 00000000fed1c000 - 00000000fed90000 (reserved)
[    0.000000]  BIOS-e820: 00000000fee00000 - 00000000fee01000 (reserved)
[    0.000000]  BIOS-e820: 00000000ff000000 - 0000000100000000 (reserved)
[    0.000000] DMI present.
[    0.000000] last_pfn = 0x3d6b0 max_arch_pfn = 0x100000
[    0.000000] MTRR default type: uncachable
[    0.000000] MTRR fixed ranges enabled:
[    0.000000]   00000-9FFFF write-back
[    0.000000]   A0000-BFFFF uncachable
[    0.000000]   C0000-CFFFF write-protect
[    0.000000]   D0000-DFFFF uncachable
[    0.000000]   E0000-FFFFF write-protect
[    0.000000] MTRR variable ranges enabled:
[    0.000000]   0 base 03E000000 mask FFE000000 uncachable
[    0.000000]   1 base 000000000 mask FC0000000 write-back
[    0.000000]   2 base 03D700000 mask FFFF00000 uncachable
[    0.000000]   3 base 03D800000 mask FFF800000 uncachable
[    0.000000]   4 disabled
[    0.000000]   5 disabled
[    0.000000]   6 disabled
[    0.000000]   7 disabled
[    0.000000] initial memory mapped : 0 - 02000000
[    0.000000] init_memory_mapping: 0000000000000000-00000000377fe000
[    0.000000]  0000000000 - 0000400000 page 4k
[    0.000000]  0000400000 - 0037400000 page 2M
[    0.000000]  0037400000 - 00377fe000 page 4k
[    0.000000] kernel direct mapping tables up to 377fe000 @ 7000-c000
[    0.000000] ACPI: RSDP 000f68d0 00024 (v02 LENOVO)
[    0.000000] ACPI: XSDT 3d6bb77f 00094 (v01 LENOVO TP-7L    00002170  LTP 00000000)
[    0.000000] ACPI: FACP 3d6bb900 000F4 (v03 LENOVO TP-7L    00002170 LNVO 00000001)
[    0.000000] ACPI Warning: 32/64X length mismatch in Gpe1Block: 0/32 (20090903/tbfadt-526)
[    0.000000] ACPI Warning: Optional field Gpe1Block has zero address or length: 000000000000102C/0 (20090903/tbfadt-557)
[    0.000000] ACPI: DSDT 3d6bbd1d 0FED1 (v01 LENOVO TP-7L    00002170 MSFT 03000000)
[    0.000000] ACPI: FACS 3d6e4000 00040
[    0.000000] ACPI: SSDT 3d6bbab4 00269 (v01 LENOVO TP-7L    00002170 MSFT 03000000)
[    0.000000] ACPI: ECDT 3d6cbbee 00052 (v01 LENOVO TP-7L    00002170 LNVO 00000001)
[    0.000000] ACPI: TCPA 3d6cbc40 00032 (v02 LENOVO TP-7L    00002170 LNVO 00000001)
[    0.000000] ACPI: APIC 3d6cbc72 00068 (v01 LENOVO TP-7L    00002170 LNVO 00000001)
[    0.000000] ACPI: MCFG 3d6cbcda 0003C (v01 LENOVO TP-7L    00002170 LNVO 00000001)
[    0.000000] ACPI: HPET 3d6cbd16 00038 (v01 LENOVO TP-7L    00002170 LNVO 00000001)
[    0.000000] ACPI: SLIC 3d6cbdf0 00176 (v01 LENOVO TP-7L    00002170  LTP 00000000)
[    0.000000] ACPI: BOOT 3d6cbf66 00028 (v01 LENOVO TP-7L    00002170  LTP 00000001)
[    0.000000] ACPI: ASF! 3d6cbf8e 00072 (v16 LENOVO TP-7L    00002170 PTL  00000001)
[    0.000000] ACPI: SSDT 3d6e26d9 0025F (v01 LENOVO TP-7L    00002170 INTL 20050513)
[    0.000000] ACPI: SSDT 3d6e2938 000A6 (v01 LENOVO TP-7L    00002170 INTL 20050513)
[    0.000000] ACPI: SSDT 3d6e29de 004F7 (v01 LENOVO TP-7L    00002170 INTL 20050513)
[    0.000000] ACPI: SSDT 3d6e2ed5 001D8 (v01 LENOVO TP-7L    00002170 INTL 20050513)
[    0.000000] ACPI: DMI detected: Lenovo ThinkPad R61
[    0.000000] ACPI: Added _OSI(Linux)
[    0.000000] ACPI: Local APIC address 0xfee00000
[    0.000000] 94MB HIGHMEM available.
[    0.000000] 887MB LOWMEM available.
[    0.000000]   mapped low ram: 0 - 377fe000
[    0.000000]   low ram: 0 - 377fe000
[    0.000000]   node 0 low ram: 00000000 - 377fe000
[    0.000000]   node 0 bootmap 00008000 - 0000ef00
[    0.000000] (6 early reservations) ==> bootmem [0000000000 - 00377fe000]
[    0.000000]   #0 [0000000000 - 0000001000]   BIOS data page ==> [0000000000 - 0000001000]
[    0.000000]   #1 [0001000000 - 0001bdc180]    TEXT DATA BSS ==> [0001000000 - 0001bdc180]
[    0.000000]   #2 [000009d800 - 0000100000]    BIOS reserved ==> [000009d800 - 0000100000]
[    0.000000]   #3 [0001bdd000 - 0001be516c]              BRK ==> [0001bdd000 - 0001be516c]
[    0.000000]   #4 [0000007000 - 0000008000]          PGTABLE ==> [0000007000 - 0000008000]
[    0.000000]   #5 [0000008000 - 000000f000]          BOOTMAP ==> [0000008000 - 000000f000]
[    0.000000] found SMP MP-table at [c00f6900] f6900
[    0.000000] Zone PFN ranges:
[    0.000000]   DMA      0x00000000 -> 0x00001000
[    0.000000]   Normal   0x00001000 -> 0x000377fe
[    0.000000]   HighMem  0x000377fe -> 0x0003d6b0
[    0.000000] Movable zone start PFN for each node
[    0.000000] early_node_map[2] active PFN ranges
[    0.000000]     0: 0x00000000 -> 0x0000009d
[    0.000000]     0: 0x00000100 -> 0x0003d6b0
[    0.000000] On node 0 totalpages: 251469
[    0.000000] free_area_init_node: node 0, pgdat c1901ea0, node_mem_map c1be7000
[    0.000000]   DMA zone: 32 pages used for memmap
[    0.000000]   DMA zone: 0 pages reserved
[    0.000000]   DMA zone: 3965 pages, LIFO batch:0
[    0.000000]   Normal zone: 1744 pages used for memmap
[    0.000000]   Normal zone: 221486 pages, LIFO batch:31
[    0.000000]   HighMem zone: 190 pages used for memmap
[    0.000000]   HighMem zone: 24052 pages, LIFO batch:3
[    0.000000] Using APIC driver default
[    0.000000] ACPI: PM-Timer IO Port: 0x1008
[    0.000000] ACPI: Local APIC address 0xfee00000
[    0.000000] ACPI: LAPIC (acpi_id[0x00] lapic_id[0x00] enabled)
[    0.000000] ACPI: LAPIC (acpi_id[0x01] lapic_id[0x01] enabled)
[    0.000000] ACPI: NR_CPUS/possible_cpus limit of 1 reached.  Processor 1/0x1 ignored.
[    0.000000] ACPI: LAPIC_NMI (acpi_id[0x00] high edge lint[0x1])
[    0.000000] ACPI: LAPIC_NMI (acpi_id[0x01] high edge lint[0x1])
[    0.000000] ACPI: IOAPIC (id[0x01] address[0xfec00000] gsi_base[0])
[    0.000000] IOAPIC[0]: apic_id 1, version 32, address 0xfec00000, GSI 0-23
[    0.000000] ACPI: INT_SRC_OVR (bus 0 bus_irq 0 global_irq 2 dfl dfl)
[    0.000000] ACPI: INT_SRC_OVR (bus 0 bus_irq 9 global_irq 9 high level)
[    0.000000] ACPI: IRQ0 used by override.
[    0.000000] ACPI: IRQ2 used by override.
[    0.000000] ACPI: IRQ9 used by override.
[    0.000000] Using ACPI (MADT) for SMP configuration information
[    0.000000] ACPI: HPET id: 0x8086a201 base: 0xfed00000
[    0.000000] nr_irqs_gsi: 24
[    0.000000] PM: Registered nosave memory: 000000000009d000 - 000000000009e000
[    0.000000] PM: Registered nosave memory: 000000000009e000 - 00000000000a0000
[    0.000000] PM: Registered nosave memory: 00000000000a0000 - 00000000000d2000
[    0.000000] PM: Registered nosave memory: 00000000000d2000 - 00000000000d4000
[    0.000000] PM: Registered nosave memory: 00000000000d4000 - 00000000000e0000
[    0.000000] PM: Registered nosave memory: 00000000000e0000 - 0000000000100000
[    0.000000] Allocating PCI resources starting at 3e000000 (gap: 3e000000:b2000000)
[    0.000000] Built 1 zonelists in Zone order, mobility grouping on.  Total pages: 249503
[    0.000000] Kernel command line: auto BOOT_IMAGE=Linux ro root=802 vt.default_utf8=0 maxcpus=0
[    0.000000] PID hash table entries: 4096 (order: 2, 16384 bytes)
[    0.000000] Dentry cache hash table entries: 131072 (order: 7, 524288 bytes)
[    0.000000] Inode-cache hash table entries: 65536 (order: 6, 262144 bytes)
[    0.000000] Enabling fast FPU save and restore... done.
[    0.000000] Enabling unmasked SIMD FPU exception support... done.
[    0.000000] Initializing CPU#0
[    0.000000] Initializing HighMem for node 0 (000377fe:0003d6b0)
[    0.000000] Memory: 984800k/1006272k available (6915k kernel code, 20876k reserved, 2327k data, 448k init, 96968k highmem)
[    0.000000] virtual kernel memory layout:
[    0.000000]     fixmap  : 0xfffa3000 - 0xfffff000   ( 368 kB)
[    0.000000]     pkmap   : 0xff800000 - 0xffc00000   (4096 kB)
[    0.000000]     vmalloc : 0xf7ffe000 - 0xff7fe000   ( 120 MB)
[    0.000000]     lowmem  : 0xc0000000 - 0xf77fe000   ( 887 MB)
[    0.000000]       .init : 0xc1907000 - 0xc1977000   ( 448 kB)
[    0.000000]       .data : 0xc16c0d3f - 0xc1906c64   (2327 kB)
[    0.000000]       .text : 0xc1000000 - 0xc16c0d3f   (6915 kB)
[    0.000000] Checking if this processor honours the WP bit even in supervisor mode...Ok.
[    0.000000] SLUB: Genslabs=13, HWalign=64, Order=0-3, MinObjects=0, CPUs=1, Nodes=1
[    0.000000] Hierarchical RCU implementation.
[    0.000000] NR_IRQS:288
[    0.000000] Extended CMOS year: 2000
[    0.000000] Console: colour VGA+ 80x25
[    0.000000] console [tty0] enabled
[    0.000000] hpet clockevent registered
[    0.000000] Fast TSC calibration using PIT
[    0.000000] Detected 2094.812 MHz processor.
[    0.002002] Calibrating delay loop (skipped), value calculated using timer frequency.. 4189.62 BogoMIPS (lpj=2094812)
[    0.002173] Security Framework initialized
[    0.002256] Mount-cache hash table entries: 512
[    0.002401] CPU: L1 I cache: 32K, L1 D cache: 32K
[    0.002529] CPU: L2 cache: 3072K
[    0.002611] mce: CPU supports 6 MCE banks
[    0.002698] CPU0: Thermal monitoring enabled (TM2)
[    0.002783] using mwait in idle threads.
[    0.002867] CPU: Intel(R) Core(TM)2 Duo CPU     T8100  @ 2.10GHz stepping 06
[    0.003131] Checking 'hlt' instruction... OK.
[    0.007938] ACPI: Core revision 20090903
[    0.027009] RANDOM get_random_int first call with cycles 32697621505, jiffies 4294667323 and pid 0
[    0.027017] CANARY value: 7b3a0c4f for PID: 1
[    0.027023] CANARY value: 59c71e0b for PID: 2
[    0.027047] Enabling APIC mode:  Flat.  Using 1 I/O APICs
[    0.028368] ..TIMER: vector=0x30 apic1=0 pin1=2 apic2=-1 pin2=-1
[    0.038997] xor: automatically using best checksumming function: pIII_sse
[    0.042998]    pIII_sse  :  8568.000 MB/sec
[    0.043087] xor: using function: pIII_sse (8568.000 MB/sec)
[    0.043178] RANDOM - __seed init called.
[    0.043179] RANDOM - __seed init called.
[    0.043180] RANDOM - __seed init called.
[    0.043182] RANDOM - __random32 called. Change num 1.  Value: 870e7b8	f6ea009	16c0ad5a
[    0.043183] RANDOM - __random32 called. Change num 2.  Value: e7b8290	f6ea0099	5ab418b8
[    0.043185] RANDOM - __random32 called. Change num 3.  Value: b8290fc5	6ea00996	3171e29b
[    0.043187] RANDOM - __random32 called. Change num 4.  Value: 90fc533a	ea00996a	c5375fde
[    0.043189] RANDOM - __random32 called. Change num 5.  Value: c533a353	a00996a1	bfbd91b4
[    0.043190] RANDOM - __random32 called. Change num 6.  Value: 3a35362b	996a10	23684a23
[    0.043192] RANDOM - random32 init called.  Value: 3a35362b	996a10	23684a23
[    0.043209] NET: Registered protocol family 16
[    0.043469] ACPI FADT declares the system doesn't support PCIe ASPM, so disable it
[    0.043593] ACPI: bus type pci registered
[    0.043763] PCI: MCFG configuration 0: base f0000000 segment 0 buses 0 - 63
[    0.043859] PCI: MCFG area at f0000000 reserved in E820
[    0.043946] PCI: Using MMCONFIG for extended config space
[    0.044002] PCI: Using configuration type 1 for base access
[    0.047141] bio: create slab <bio-0> at 0
[    0.047947] ACPI: EC: EC description table is found, configuring boot EC
[    0.053119] ACPI: BIOS _OSI(Linux) query honored via DMI
[    0.053844] random 0000 0000 0000 00000000 00000000: rand_read_num 2 get_random_bytes(8): sig fffffe1a 00000000 00000000
[    0.053847] random 0000 0000 0000 00000000 00000000: extract_entropy(.. 8 ..)
[    0.053850] random 0000 0000 0000 00000000 00000000: going to reseed nonblocking with 64 bits (64 of 0 requested)
[    0.053852] random 0000 0000 0000 00000000 00000000: extract_entropy(.. 8 ..)
[    0.053854] random 0000 0000 0000 00000000 00000000: trying to extract 64 bits from input
[    0.053856] random 0000 0000 0000 00000000 00000000: debiting 0 entropy credits from input
[    0.053858] random 0000 0000 0000 00000000 00000000: extract_entropy account returned: 0 
[    0.053888] random 0000 0000 0000 00000000 00000000: urand_change_num 3 xfer_secondary_pool(8): pool_sig fffffe1a, data_sig 00000000, bytes_mixed 0 00000000 00000000
[    0.053891] random 0000 0000 0000 00000000 00000000: trying to extract 64 bits from nonblocking
[    0.053893] random 0000 0000 0000 00000000 00000000: debiting 64 entropy credits from nonblocking (unlimited)
[    0.053895] random 0000 0000 0000 00000000 00000000: extract_entropy account returned: 8 
[    0.053899] random 0000 0000 0000 00000000 00000000: urand_change_num 4 extract_buf: pool_sig fffffe1a, data_sig fffffed7, bytes_mixed 20 00000000 00000000
[    0.059544] ACPI: Interpreter enabled
[    0.059633] ACPI: (supports S0 S3 S4 S5)
[    0.059950] ACPI: Using IOAPIC for interrupt routing
[    0.069399] ACPI: EC: GPE = 0x12, I/O: command/status = 0x66, data = 0x62
[    0.069668] ACPI: Power Resource [PUBS] (on)
[    0.071773] ACPI: ACPI Dock Station Driver: 3 docks/bays found
[    0.072194] ACPI: PCI Root Bridge [PCI0] (0000:00)
[    0.072366] pci 0000:00:02.0: reg 10 64bit mmio: [0xf8100000-0xf81fffff]
[    0.072371] pci 0000:00:02.0: reg 18 64bit mmio pref: [0xe0000000-0xefffffff]
[    0.072375] pci 0000:00:02.0: reg 20 io port: [0x1800-0x1807]
[    0.072410] pci 0000:00:02.1: reg 10 64bit mmio: [0xf8200000-0xf82fffff]
[    0.072512] pci 0000:00:19.0: reg 10 32bit mmio: [0xfe000000-0xfe01ffff]
[    0.072521] pci 0000:00:19.0: reg 14 32bit mmio: [0xfe025000-0xfe025fff]
[    0.072528] pci 0000:00:19.0: reg 18 io port: [0x1840-0x185f]
[    0.072594] pci 0000:00:19.0: PME# supported from D0 D3hot D3cold
[    0.072701] pci 0000:00:19.0: PME# disabled
[    0.072843] pci 0000:00:1a.0: reg 20 io port: [0x1860-0x187f]
[    0.072913] pci 0000:00:1a.1: reg 20 io port: [0x1880-0x189f]
[    0.073005] pci 0000:00:1a.7: reg 10 32bit mmio: [0xfe226c00-0xfe226fff]
[    0.073086] pci 0000:00:1a.7: PME# supported from D0 D3hot D3cold
[    0.073183] pci 0000:00:1a.7: PME# disabled
[    0.073325] pci 0000:00:1b.0: reg 10 64bit mmio: [0xfe020000-0xfe023fff]
[    0.073407] pci 0000:00:1b.0: PME# supported from D0 D3hot D3cold
[    0.073497] pci 0000:00:1b.0: PME# disabled
[    0.073699] pci 0000:00:1c.0: PME# supported from D0 D3hot D3cold
[    0.073790] pci 0000:00:1c.0: PME# disabled
[    0.074005] pci 0000:00:1c.1: PME# supported from D0 D3hot D3cold
[    0.074104] pci 0000:00:1c.1: PME# disabled
[    0.074310] pci 0000:00:1c.2: PME# supported from D0 D3hot D3cold
[    0.074406] pci 0000:00:1c.2: PME# disabled
[    0.074607] pci 0000:00:1c.3: PME# supported from D0 D3hot D3cold
[    0.074701] pci 0000:00:1c.3: PME# disabled
[    0.075110] pci 0000:00:1c.4: PME# supported from D0 D3hot D3cold
[    0.075203] pci 0000:00:1c.4: PME# disabled
[    0.075357] pci 0000:00:1d.0: reg 20 io port: [0x18a0-0x18bf]
[    0.075443] pci 0000:00:1d.1: reg 20 io port: [0x18c0-0x18df]
[    0.075521] pci 0000:00:1d.2: reg 20 io port: [0x18e0-0x18ff]
[    0.076063] pci 0000:00:1d.7: reg 10 32bit mmio: [0xfe227000-0xfe2273ff]
[    0.076159] pci 0000:00:1d.7: PME# supported from D0 D3hot D3cold
[    0.076256] pci 0000:00:1d.7: PME# disabled
[    0.076552] pci 0000:00:1f.0: quirk: region 1000-107f claimed by ICH6 ACPI/GPIO/TCO
[    0.076678] pci 0000:00:1f.0: quirk: region 1180-11bf claimed by ICH6 GPIO
[    0.076772] pci 0000:00:1f.0: ICH7 LPC Generic IO decode 1 PIO at 1600 (mask 007f)
[    0.076895] pci 0000:00:1f.0: ICH7 LPC Generic IO decode 2 PIO at 15e0 (mask 000f)
[    0.076998] pci 0000:00:1f.0: ICH7 LPC Generic IO decode 3 PIO at 1680 (mask 001f)
[    0.077208] pci 0000:00:1f.1: reg 10 io port: [0x00-0x07]
[    0.077217] pci 0000:00:1f.1: reg 14 io port: [0x00-0x03]
[    0.077227] pci 0000:00:1f.1: reg 18 io port: [0x00-0x07]
[    0.077236] pci 0000:00:1f.1: reg 1c io port: [0x00-0x03]
[    0.077248] pci 0000:00:1f.1: reg 20 io port: [0x1c00-0x1c0f]
[    0.077325] pci 0000:00:1f.2: reg 10 io port: [0x1c50-0x1c57]
[    0.077334] pci 0000:00:1f.2: reg 14 io port: [0x1c44-0x1c47]
[    0.077341] pci 0000:00:1f.2: reg 18 io port: [0x1c48-0x1c4f]
[    0.077349] pci 0000:00:1f.2: reg 1c io port: [0x1c40-0x1c43]
[    0.077358] pci 0000:00:1f.2: reg 20 io port: [0x1c20-0x1c3f]
[    0.077367] pci 0000:00:1f.2: reg 24 32bit mmio: [0xfe226000-0xfe2267ff]
[    0.077425] pci 0000:00:1f.2: PME# supported from D3hot
[    0.077517] pci 0000:00:1f.2: PME# disabled
[    0.077643] pci 0000:00:1f.3: reg 10 32bit mmio: [0xfe227400-0xfe2274ff]
[    0.077668] pci 0000:00:1f.3: reg 20 io port: [0x1c60-0x1c7f]
[    0.077763] pci 0000:00:1c.0: bridge io port: [0x2000-0x2fff]
[    0.077770] pci 0000:00:1c.0: bridge 32bit mmio: [0xfc000000-0xfdffffff]
[    0.077779] pci 0000:00:1c.0: bridge 64bit mmio pref: [0xf8000000-0xf80fffff]
[    0.077852] pci 0000:03:00.0: reg 10 64bit mmio: [0xdf3f0000-0xdf3fffff]
[    0.078070] pci 0000:00:1c.1: bridge io port: [0x3000-0x3fff]
[    0.078076] pci 0000:00:1c.1: bridge 32bit mmio: [0xdc000000-0xdf3fffff]
[    0.078083] pci 0000:00:1c.1: bridge 64bit mmio pref: [0xdfe00000-0xdfefffff]
[    0.078139] pci 0000:00:1c.2: bridge io port: [0x4000-0x4fff]
[    0.078145] pci 0000:00:1c.2: bridge 32bit mmio: [0xd8000000-0xd9ffffff]
[    0.078152] pci 0000:00:1c.2: bridge 64bit mmio pref: [0xdfb00000-0xdfbfffff]
[    0.078210] pci 0000:00:1c.3: bridge io port: [0x5000-0x5fff]
[    0.078214] pci 0000:00:1c.3: bridge 32bit mmio: [0xd4000000-0xd5ffffff]
[    0.078224] pci 0000:00:1c.3: bridge 64bit mmio pref: [0xdf800000-0xdf8fffff]
[    0.078280] pci 0000:00:1c.4: bridge io port: [0x6000-0x6fff]
[    0.078287] pci 0000:00:1c.4: bridge 32bit mmio: [0xd0000000-0xd1ffffff]
[    0.078296] pci 0000:00:1c.4: bridge 64bit mmio pref: [0xdf500000-0xdf5fffff]
[    0.078356] pci 0000:15:00.0: reg 10 32bit mmio: [0xf8300000-0xf8300fff]
[    0.078406] pci 0000:15:00.0: supports D1 D2
[    0.078408] pci 0000:15:00.0: PME# supported from D0 D1 D2 D3hot D3cold
[    0.078502] pci 0000:15:00.0: PME# disabled
[    0.078645] pci 0000:15:00.1: reg 10 32bit mmio: [0xf8301000-0xf83017ff]
[    0.078742] pci 0000:15:00.1: supports D1 D2
[    0.078743] pci 0000:15:00.1: PME# supported from D0 D1 D2 D3hot D3cold
[    0.078839] pci 0000:15:00.1: PME# disabled
[    0.079026] pci 0000:00:1e.0: transparent bridge
[    0.079119] pci 0000:00:1e.0: bridge io port: [0x7000-0xafff]
[    0.079125] pci 0000:00:1e.0: bridge 32bit mmio: [0xf8300000-0xfbffffff]
[    0.079134] pci 0000:00:1e.0: bridge 64bit mmio pref: [0xf4000000-0xf7ffffff]
[    0.079198] pci_bus 0000:00: on NUMA node 0
[    0.079202] ACPI: PCI Interrupt Routing Table [\_SB_.PCI0._PRT]
[    0.079335] ACPI: PCI Interrupt Routing Table [\_SB_.PCI0.EXP0._PRT]
[    0.079395] ACPI: PCI Interrupt Routing Table [\_SB_.PCI0.EXP1._PRT]
[    0.079453] ACPI: PCI Interrupt Routing Table [\_SB_.PCI0.EXP2._PRT]
[    0.079510] ACPI: PCI Interrupt Routing Table [\_SB_.PCI0.EXP3._PRT]
[    0.079573] ACPI: PCI Interrupt Routing Table [\_SB_.PCI0.EXP4._PRT]
[    0.079636] ACPI: PCI Interrupt Routing Table [\_SB_.PCI0.PCI1._PRT]
[    0.085115] ACPI: PCI Interrupt Link [LNKA] (IRQs 3 4 5 6 7 9 *10 11)
[    0.085911] ACPI: PCI Interrupt Link [LNKB] (IRQs 3 4 5 6 7 9 10 *11)
[    0.086669] ACPI: PCI Interrupt Link [LNKC] (IRQs 3 4 5 6 7 9 10 *11)
[    0.087453] ACPI: PCI Interrupt Link [LNKD] (IRQs 3 4 5 6 7 9 10 *11)
[    0.088242] ACPI: PCI Interrupt Link [LNKE] (IRQs 3 4 5 6 7 9 10 *11)
[    0.089058] ACPI: PCI Interrupt Link [LNKF] (IRQs 3 4 5 6 7 9 10 *11)
[    0.089838] ACPI: PCI Interrupt Link [LNKG] (IRQs 3 4 5 6 7 9 10 *11)
[    0.090636] ACPI: PCI Interrupt Link [LNKH] (IRQs 3 4 5 6 7 9 10 *11)
[    0.091368] vgaarb: device added: PCI:0000:00:02.0,decodes=io+mem,owns=io+mem,locks=none
[    0.091497] vgaarb: loaded
[    0.091674] SCSI subsystem initialized
[    0.091772] libata version 3.00 loaded.
[    0.091820] usbcore: registered new interface driver usbfs
[    0.091943] usbcore: registered new interface driver hub
[    0.092016] usbcore: registered new device driver usb
[    0.109050] raid6: int32x1    941 MB/s
[    0.125990] raid6: int32x2    886 MB/s
[    0.143062] raid6: int32x4    750 MB/s
[    0.160078] raid6: int32x8    660 MB/s
[    0.177002] raid6: mmxx1     2882 MB/s
[    0.193985] raid6: mmxx2     3253 MB/s
[    0.210999] raid6: sse1x1    1937 MB/s
[    0.227976] raid6: sse1x2    2531 MB/s
[    0.244982] raid6: sse2x1    3507 MB/s
[    0.261986] raid6: sse2x2    3828 MB/s
[    0.262073] raid6: using algorithm sse2x2 (3828 MB/s)
[    0.262166] PCI: Using ACPI for IRQ routing
[    0.262473] HPET: 3 timers in total, 0 timers will be used for per-cpu timer
[    0.262983] Switching to clocksource tsc
[    0.263084] pnp: PnP ACPI init
[    0.263175] ACPI: bus type pnp registered
[    0.266833] pnp: PnP ACPI: found 11 devices
[    0.266939] ACPI: ACPI bus type pnp unregistered
[    0.267035] system 00:00: iomem range 0x0-0x9ffff could not be reserved
[    0.267128] system 00:00: iomem range 0xc0000-0xc3fff could not be reserved
[    0.267218] system 00:00: iomem range 0xc4000-0xc7fff could not be reserved
[    0.267311] system 00:00: iomem range 0xc8000-0xcbfff has been reserved
[    0.267405] system 00:00: iomem range 0xcc000-0xcffff has been reserved
[    0.267496] system 00:00: iomem range 0xd0000-0xd3fff could not be reserved
[    0.267589] system 00:00: iomem range 0xe0000-0xe3fff could not be reserved
[    0.267679] system 00:00: iomem range 0xe4000-0xe7fff could not be reserved
[    0.267774] system 00:00: iomem range 0xe8000-0xebfff could not be reserved
[    0.267870] system 00:00: iomem range 0xec000-0xeffff could not be reserved
[    0.267962] system 00:00: iomem range 0xf0000-0xfffff could not be reserved
[    0.268055] system 00:00: iomem range 0x100000-0x3dffffff could not be reserved
[    0.268178] system 00:00: iomem range 0xfec00000-0xfed3ffff could not be reserved
[    0.268300] system 00:00: iomem range 0xfed4c000-0xffffffff could not be reserved
[    0.268427] system 00:02: ioport range 0x164e-0x164f has been reserved
[    0.268516] system 00:02: ioport range 0x1000-0x107f has been reserved
[    0.268607] system 00:02: ioport range 0x1180-0x11bf has been reserved
[    0.268699] system 00:02: ioport range 0x800-0x80f has been reserved
[    0.268790] system 00:02: ioport range 0x15e0-0x15ef has been reserved
[    0.268880] system 00:02: ioport range 0x1600-0x165f could not be reserved
[    0.268973] system 00:02: iomem range 0xf0000000-0xf3ffffff has been reserved
[    0.269065] system 00:02: iomem range 0xfed1c000-0xfed1ffff has been reserved
[    0.269161] system 00:02: iomem range 0xfed14000-0xfed17fff has been reserved
[    0.269255] system 00:02: iomem range 0xfed18000-0xfed18fff has been reserved
[    0.269344] system 00:02: iomem range 0xfed19000-0xfed19fff has been reserved
[    0.269439] system 00:02: iomem range 0xfed45000-0xfed4bfff has been reserved
[    0.304486] pci 0000:00:1c.0: PCI bridge, secondary bus 0000:02
[    0.304578] pci 0000:00:1c.0:   IO window: 0x2000-0x2fff
[    0.304676] pci 0000:00:1c.0:   MEM window: 0xfc000000-0xfdffffff
[    0.304774] pci 0000:00:1c.0:   PREFETCH window: 0x000000f8000000-0x000000f80fffff
[    0.304910] pci 0000:00:1c.1: PCI bridge, secondary bus 0000:03
[    0.305002] pci 0000:00:1c.1:   IO window: 0x3000-0x3fff
[    0.305094] pci 0000:00:1c.1:   MEM window: 0xdc000000-0xdf3fffff
[    0.305189] pci 0000:00:1c.1:   PREFETCH window: 0x000000dfe00000-0x000000dfefffff
[    0.305315] pci 0000:00:1c.2: PCI bridge, secondary bus 0000:04
[    0.305407] pci 0000:00:1c.2:   IO window: 0x4000-0x4fff
[    0.305501] pci 0000:00:1c.2:   MEM window: 0xd8000000-0xd9ffffff
[    0.305597] pci 0000:00:1c.2:   PREFETCH window: 0x000000dfb00000-0x000000dfbfffff
[    0.305723] pci 0000:00:1c.3: PCI bridge, secondary bus 0000:05
[    0.305812] pci 0000:00:1c.3:   IO window: 0x5000-0x5fff
[    0.305912] pci 0000:00:1c.3:   MEM window: 0xd4000000-0xd5ffffff
[    0.306007] pci 0000:00:1c.3:   PREFETCH window: 0x000000df800000-0x000000df8fffff
[    0.306138] pci 0000:00:1c.4: PCI bridge, secondary bus 0000:0d
[    0.306233] pci 0000:00:1c.4:   IO window: 0x6000-0x6fff
[    0.306325] pci 0000:00:1c.4:   MEM window: 0xd0000000-0xd1ffffff
[    0.306423] pci 0000:00:1c.4:   PREFETCH window: 0x000000df500000-0x000000df5fffff
[    0.306555] pci 0000:15:00.0: CardBus bridge, secondary bus 0000:16
[    0.306646] pci 0000:15:00.0:   IO window: 0x007000-0x0070ff
[    0.306739] pci 0000:15:00.0:   IO window: 0x007400-0x0074ff
[    0.306835] pci 0000:15:00.0:   PREFETCH window: 0xf4000000-0xf7ffffff
[    0.306938] pci 0000:15:00.0:   MEM window: 0x40000000-0x43ffffff
[    0.307036] pci 0000:00:1e.0: PCI bridge, secondary bus 0000:15
[    0.307128] pci 0000:00:1e.0:   IO window: 0x7000-0xafff
[    0.307224] pci 0000:00:1e.0:   MEM window: 0xf8300000-0xfbffffff
[    0.307320] pci 0000:00:1e.0:   PREFETCH window: 0x000000f4000000-0x000000f7ffffff
[    0.307458] pci 0000:00:1c.0: PCI INT A -> GSI 20 (level, low) -> IRQ 20
[    0.307556] pci 0000:00:1c.0: setting latency timer to 64
[    0.307570] pci 0000:00:1c.1: PCI INT B -> GSI 21 (level, low) -> IRQ 21
[    0.307663] pci 0000:00:1c.1: setting latency timer to 64
[    0.307673] pci 0000:00:1c.2: PCI INT C -> GSI 22 (level, low) -> IRQ 22
[    0.307769] pci 0000:00:1c.2: setting latency timer to 64
[    0.307782] pci 0000:00:1c.3: PCI INT D -> GSI 23 (level, low) -> IRQ 23
[    0.307881] pci 0000:00:1c.3: setting latency timer to 64
[    0.307894] pci 0000:00:1c.4: PCI INT A -> GSI 20 (level, low) -> IRQ 20
[    0.307990] pci 0000:00:1c.4: setting latency timer to 64
[    0.307997] pci 0000:00:1e.0: enabling device (0005 -> 0007)
[    0.308094] pci 0000:00:1e.0: setting latency timer to 64
[    0.308110] pci 0000:15:00.0: PCI INT A -> GSI 16 (level, low) -> IRQ 16
[    0.308206] pci 0000:15:00.0: setting latency timer to 64
[    0.308213] pci_bus 0000:00: resource 0 io:  [0x00-0xffff]
[    0.308214] pci_bus 0000:00: resource 1 mem: [0x000000-0xffffffff]
[    0.308216] pci_bus 0000:02: resource 0 io:  [0x2000-0x2fff]
[    0.308218] pci_bus 0000:02: resource 1 mem: [0xfc000000-0xfdffffff]
[    0.308220] pci_bus 0000:02: resource 2 pref mem [0xf8000000-0xf80fffff]
[    0.308222] pci_bus 0000:03: resource 0 io:  [0x3000-0x3fff]
[    0.308224] pci_bus 0000:03: resource 1 mem: [0xdc000000-0xdf3fffff]
[    0.308226] pci_bus 0000:03: resource 2 pref mem [0xdfe00000-0xdfefffff]
[    0.308228] pci_bus 0000:04: resource 0 io:  [0x4000-0x4fff]
[    0.308230] pci_bus 0000:04: resource 1 mem: [0xd8000000-0xd9ffffff]
[    0.308232] pci_bus 0000:04: resource 2 pref mem [0xdfb00000-0xdfbfffff]
[    0.308233] pci_bus 0000:05: resource 0 io:  [0x5000-0x5fff]
[    0.308235] pci_bus 0000:05: resource 1 mem: [0xd4000000-0xd5ffffff]
[    0.308237] pci_bus 0000:05: resource 2 pref mem [0xdf800000-0xdf8fffff]
[    0.308239] pci_bus 0000:0d: resource 0 io:  [0x6000-0x6fff]
[    0.308241] pci_bus 0000:0d: resource 1 mem: [0xd0000000-0xd1ffffff]
[    0.308242] pci_bus 0000:0d: resource 2 pref mem [0xdf500000-0xdf5fffff]
[    0.308244] pci_bus 0000:15: resource 0 io:  [0x7000-0xafff]
[    0.308246] pci_bus 0000:15: resource 1 mem: [0xf8300000-0xfbffffff]
[    0.308248] pci_bus 0000:15: resource 2 pref mem [0xf4000000-0xf7ffffff]
[    0.308250] pci_bus 0000:15: resource 3 io:  [0x00-0xffff]
[    0.308251] pci_bus 0000:15: resource 4 mem: [0x000000-0xffffffff]
[    0.308253] pci_bus 0000:16: resource 0 io:  [0x7000-0x70ff]
[    0.308255] pci_bus 0000:16: resource 1 io:  [0x7400-0x74ff]
[    0.308257] pci_bus 0000:16: resource 2 pref mem [0xf4000000-0xf7ffffff]
[    0.308259] pci_bus 0000:16: resource 3 mem: [0x40000000-0x43ffffff]
[    0.308266] NET: Registered protocol family 2
[    0.308358] RANDOM - __random32 called. Change num 7.  Value: 5362b39e	996a101	94470543
[    0.308360] RANDOM - random32 called.  Value: 5362b39e	996a101	94470543
[    0.308364] random 0000 0000 0000 5f8db4e5 4cfdf2a8: rand_read_num 3 get_random_bytes(4): sig fffffb64 5f8db4e5 4cfdf2a8
[    0.308366] random 0000 0000 0000 5f8db4e5 4cfdf2a8: extract_entropy(.. 4 ..)
[    0.308369] random 0000 0000 0000 5f8db4e5 4cfdf2a8: going to reseed nonblocking with 64 bits (32 of 0 requested)
[    0.308371] random 0000 0000 0000 5f8db4e5 4cfdf2a8: extract_entropy(.. 8 ..)
[    0.308373] random 0000 0000 0000 5f8db4e5 4cfdf2a8: trying to extract 64 bits from input
[    0.308375] random 0000 0000 0000 5f8db4e5 4cfdf2a8: debiting 0 entropy credits from input
[    0.308377] random 0000 0000 0000 5f8db4e5 4cfdf2a8: extract_entropy account returned: 0 
[    0.308380] random 0000 0000 0000 5f8db4e5 4cfdf2a8: urand_change_num 5 xfer_secondary_pool(4): pool_sig fffffb64, data_sig 00000000, bytes_mixed 0 5f8db4e5 4cfdf2a8
[    0.308383] random 0000 0000 0000 5f8db4e5 4cfdf2a8: trying to extract 32 bits from nonblocking
[    0.308385] random 0000 0000 0000 5f8db4e5 4cfdf2a8: debiting 32 entropy credits from nonblocking (unlimited)
[    0.308388] random 0000 0000 0000 5f8db4e5 4cfdf2a8: extract_entropy account returned: 4 
[    0.308392] random 0000 0000 0000 5f8db4e5 4cfdf2a8: urand_change_num 6 extract_buf: pool_sig fffffb64, data_sig 00000241, bytes_mixed 20 5f8db4e5 4cfdf2a8
[    0.308401] IP route cache hash table entries: 32768 (order: 5, 131072 bytes)
[    0.308530] RANDOM - __random32 called. Change num 8.  Value: 2b39e0a2	996a1017	a86cfe5
[    0.308531] RANDOM - random32 called.  Value: 2b39e0a2	996a1017	a86cfe5
[    0.308542] RANDOM - __random32 called. Change num 9.  Value: 9e0a22e5	96a1017e	9fcbd616
[    0.308544] RANDOM - random32 called.  Value: 9e0a22e5	96a1017e	9fcbd616
[    0.308545] RANDOM - __random32 called. Change num 10.  Value: a22e5b4a	6a1017e6	ac2c32ac
[    0.308547] RANDOM - random32 called.  Value: a22e5b4a	6a1017e6	ac2c32ac
[    0.308558] RANDOM - __random32 called. Change num 11.  Value: e5b4ad28	a1017e61	6559a9b4
[    0.308559] RANDOM - random32 called.  Value: e5b4ad28	a1017e61	6559a9b4
[    0.308570] TCP established hash table entries: 131072 (order: 8, 1048576 bytes)
[    0.309077] TCP bind hash table entries: 65536 (order: 6, 262144 bytes)
[    0.309260] TCP: Hash tables configured (established 131072 bind 65536)
[    0.309351] TCP reno registered
[    0.309456] NET: Registered protocol family 1
[    0.309570] RPC: Registered udp transport module.
[    0.309657] RPC: Registered tcp transport module.
[    0.309747] RPC: Registered tcp NFSv4.1 backchannel transport module.
[    0.309844] pci 0000:00:02.0: Boot video device
[    0.310077] Simple Boot Flag at 0x35 set to 0x1
[    0.310588] highmem bounce pool size: 64 pages
[    0.312174] VFS: Disk quotas dquot_6.5.2
[    0.312296] Dquot-cache hash table entries: 1024 (order 0, 4096 bytes)
[    0.312971] NTFS driver 2.1.29 [Flags: R/W].
[    0.313133] ROMFS MTD (C) 2007 Red Hat, Inc.
[    0.313345] JFS: nTxBlock = 7695, nTxLock = 61562
[    0.315801] SGI XFS with ACLs, security attributes, large block/inode numbers, no debug enabled
[    0.316306] SGI XFS Quota Management subsystem
[    0.316592] Slow work thread pool: Starting up
[    0.316701] Slow work thread pool: Ready
[    0.316794] GFS2 (built May 24 2013 02:47:17) installed
[    0.316899] msgmni has been set to 1734
[    0.317069] alg: No test for cipher_null (cipher_null-generic)
[    0.317174] alg: No test for ecb(cipher_null) (ecb-cipher_null)
[    0.317274] alg: No test for digest_null (digest_null-generic)
[    0.317375] alg: No test for compress_null (compress_null-generic)
[    0.317938] alg: No test for fcrypt (fcrypt-generic)
[    0.319357] alg: No test for stdrng (krng)
[    0.319447] async_tx: api initialized (async)
[    0.319604] Block layer SCSI generic (bsg) driver version 0.4 loaded (major 254)
[    0.319726] io scheduler noop registered
[    0.319814] io scheduler anticipatory registered
[    0.319915] io scheduler deadline registered
[    0.320051] io scheduler cfq registered (default)
[    0.320291] pcieport 0000:00:1c.0: irq 24 for MSI/MSI-X
[    0.320307] pcieport 0000:00:1c.0: setting latency timer to 64
[    0.320489] pcieport 0000:00:1c.1: irq 25 for MSI/MSI-X
[    0.320501] pcieport 0000:00:1c.1: setting latency timer to 64
[    0.320679] pcieport 0000:00:1c.2: irq 26 for MSI/MSI-X
[    0.320691] pcieport 0000:00:1c.2: setting latency timer to 64
[    0.320885] pcieport 0000:00:1c.3: irq 27 for MSI/MSI-X
[    0.320896] pcieport 0000:00:1c.3: setting latency timer to 64
[    0.321074] pcieport 0000:00:1c.4: irq 28 for MSI/MSI-X
[    0.321085] pcieport 0000:00:1c.4: setting latency timer to 64
[    0.321228] pci_hotplug: PCI Hot Plug PCI Core version: 0.5
[    0.321422] isapnp: Scanning for PnP cards...
[    0.681954] isapnp: No Plug & Play device found
[    0.682045] random 0000 0000 0000 5f8db4e5 4cfdf2a8: initializing
[    0.682047] RANDOM init_std_data for input now value: 1370006037682047458
[    0.682049] RANDOM init_std_data for blocking now value: 1370006037682049518
[    0.682051] RANDOM init_std_data for nonblocking now value: 1370006037682051227
[    0.701644] Serial: 8250/16550 driver, 4 ports, IRQ sharing enabled
[    3.712563] floppy0: no floppy controllers found
[    3.713511] brd: module loaded
[    3.714018] loop: module loaded
[    3.714103] Compaq SMART2 Driver (v 2.6.0)
[    3.714223] HP CISS Driver (v 3.6.20)
[    3.714471] input: Macintosh mouse button emulation as /devices/virtual/input/input0
[    3.714618] Uniform Multi-Platform E-IDE driver
[    3.714847] piix 0000:00:1f.1: IDE controller (0x8086:0x2850 rev 0x03)
[    3.714951] pci 0000:00:1f.1: PCI INT C -> GSI 16 (level, low) -> IRQ 16
[    3.715059] piix 0000:00:1f.1: IDE port disabled
[    3.715153] piix 0000:00:1f.1: not 100% native mode: will probe irqs later
[    3.715254]     ide0: BM-DMA at 0x1c00-0x1c07
[    3.715350] Probing IDE interface ide0...
[    4.386722] hda: HL-DT-ST DVDRAM GSA-U10N, ATAPI CD/DVD-ROM drive
[    4.693504] hda: host max PIO4 wanted PIO255(auto-tune) selected PIO4
[    4.694272] hda: UDMA/33 mode selected
[    4.694738] ide0 at 0x1f0-0x1f7,0x3f6 on irq 14
[    4.698643] ide-gd driver 1.18
[    4.698747] ide-cd driver 5.00
[    4.700133] random 0000 0000 0000 00000000 00000000: add_disk_randomness(0:0) 00000000 00000000
[    4.700137] random 0000 0000 0000 00000000 00000000: add_timer_randomness(.. 256) with jiffies: 17999620570693205628, cycles: -447123507311017975
[    4.700140] random 0000 0000 0000 00000000 00000000: added 11 entropy credits to input
[    4.700143] ide-cd: hda: ATAPI 24X DVD-ROM DVD-R/RAM CD-R/RW drive, 2048kB Cache
[    4.700584] Uniform CD-ROM driver Revision: 3.20
[    4.703390] random 0011 0000 0000 00000000 00000000: add_disk_randomness(0:0) 00000000 00000000
[    4.703393] random 0011 0000 0000 00000000 00000000: add_timer_randomness(.. 256) with jiffies: 18028930836270382719, cycles: -417813241733840887
[    4.703396] random 0011 0000 0000 00000000 00000000: added 1 entropy credits to input
[    4.703399] random 0012 0000 0000 00000000 00000000: add_disk_randomness(0:0) 00000000 00000000
[    4.703401] random 0012 0000 0000 00000000 00000000: add_timer_randomness(.. 256) with jiffies: 18029007501436616319, cycles: -417736576567607287
[    4.705387] random 0012 0000 0000 00000000 00000000: add_disk_randomness(0:0) 00000000 00000000
[    4.705390] random 0012 0000 0000 00000000 00000000: add_timer_randomness(.. 256) with jiffies: 18046895288605179521, cycles: -399848789399044087
[    4.705392] random 0012 0000 0000 00000000 00000000: added 1 entropy credits to input
[    4.705395] random 0013 0000 0000 00000000 00000000: add_disk_randomness(0:0) 00000000 00000000
[    4.705398] random 0013 0000 0000 00000000 00000000: add_timer_randomness(.. 256) with jiffies: 18046970059690835585, cycles: -399774018313388023
[    4.707384] random 0013 0000 0000 00000000 00000000: add_disk_randomness(0:0) 00000000 00000000
[    4.707387] random 0013 0000 0000 00000000 00000000: add_timer_randomness(.. 256) with jiffies: 18064866909240393347, cycles: -381877168763830263
[    4.707390] random 0013 0000 0000 00000000 00000000: added 1 entropy credits to input
[    4.707393] random 0014 0000 0000 00000000 00000000: add_disk_randomness(0:0) 00000000 00000000
[    4.707395] random 0014 0000 0000 00000000 00000000: add_timer_randomness(.. 256) with jiffies: 18064940013878738563, cycles: -381804064125485047
[    4.707671] Loading iSCSI transport class v2.0-870.
[    4.707955] rdac: device handler registered
[    4.708042] hp_sw: device handler registered
[    4.708129] emc: device handler registered
[    4.708216] alua: device handler registered
[    4.709209] Adaptec aacraid driver 1.1-5[2461]-ms
[    4.709631] scsi: <fdomain> Detection failed (no card)
[    4.709726] sym53c416.c: Version 1.0.0-ac
[    4.709831] qlogicfas: no cards were found, please specify I/O address and IRQ using iobase= and irq= options
[    4.709956] QLogic Fibre Channel HBA Driver: 8.03.01-k6
[    4.710182] iscsi: registered transport (qla4xxx)
[    4.710292] QLogic iSCSI HBA Driver
[    4.710383] Emulex LightPulse Fibre Channel SCSI driver 8.3.4
[    4.710476] Copyright(c) 2004-2009 Emulex.  All rights reserved.
[    4.732487] Failed initialization of WD-7000 SCSI card!
[    4.821787] DC390: clustering now enabled by default. If you get problems load
[    4.821910]        with "disable_clustering=1" and report to maintainers
[    4.822045] megaraid cmm: 2.20.2.7 (Release Date: Sun Jul 16 00:01:03 EST 2006)
[    4.822202] megaraid: 2.20.5.1 (Release Date: Thu Nov 16 15:32:35 EST 2006)
[    4.822311] megasas: 00.00.04.01 Thu July 24 11:41:51 PST 2008
[    4.822444] GDT-HA: Storage RAID Controller Driver. Version: 3.05
[    4.822597] 3ware Storage Controller device driver for Linux v1.26.02.002.
[    4.822710] 3ware 9000 Storage Controller device driver for Linux v2.26.02.012.
[    4.822851] nsp32: loading...
[    4.822956] ipr: IBM Power RAID SCSI Device Driver version: 2.4.3 (June 10, 2009)
[    4.823103] RocketRAID 3xxx/4xxx Controller driver v1.6 (090910)
[    4.823214] stex: Promise SuperTrak EX Driver version: 4.6.0000.3
[    4.823347] st: Version 20081215, fixed bufsize 32768, s/g segs 256
[    4.823545] ahci 0000:00:1f.2: version 3.0
[    4.823561] ahci 0000:00:1f.2: PCI INT B -> GSI 16 (level, low) -> IRQ 16
[    4.823693] ahci 0000:00:1f.2: irq 29 for MSI/MSI-X
[    4.823749] ahci 0000:00:1f.2: AHCI 0001.0100 32 slots 3 ports 1.5 Gbps 0x5 impl SATA mode
[    4.823873] ahci 0000:00:1f.2: flags: 64bit ncq sntf pm led clo pio slum part ccc 
[    4.824000] ahci 0000:00:1f.2: setting latency timer to 64
[    4.824142] scsi2 : ahci
[    4.824299] scsi3 : ahci
[    4.824439] scsi4 : ahci
[    4.824621] ata1: SATA max UDMA/133 abar m2048@0xfe226000 port 0xfe226100 irq 29
[    4.824743] ata2: DUMMY
[    4.824829] ata3: SATA max UDMA/133 abar m2048@0xfe226000 port 0xfe226200 irq 29
[    4.825431] I2O subsystem v1.325
[    4.825530] i2o: max drivers = 8
[    4.825676] I2O Configuration OSM v1.323
[    4.825778] I2O Bus Adapter OSM v1.317
[    4.825879] I2O Block Device OSM v1.325
[    4.826027] I2O SCSI Peripheral OSM v1.316
[    4.826132] I2O ProcFS OSM v1.316
[    4.826240] Fusion MPT base driver 3.04.12
[    4.826327] Copyright (c) 1999-2008 LSI Corporation
[    4.826420] Fusion MPT SPI Host driver 3.04.12
[    4.826580] Fusion MPT FC Host driver 3.04.12
[    4.826690] Fusion MPT SAS Host driver 3.04.12
[    4.826842] ohci1394 0000:15:00.1: PCI INT B -> GSI 17 (level, low) -> IRQ 17
[    4.826935] ohci1394 0000:15:00.1: setting latency timer to 64
[    4.880495] ohci1394: fw-host0: OHCI-1394 1.1 (PCI): IRQ=[17]  MMIO=[f8301000-f83017ff]  Max Packet=[2048]  IR/IT contexts=[4/4]
[    4.884768] ehci_hcd: USB 2.0 'Enhanced' Host Controller (EHCI) Driver
[    4.885036] ehci_hcd 0000:00:1a.7: power state changed by ACPI to D0
[    4.885283] ehci_hcd 0000:00:1a.7: power state changed by ACPI to D0
[    4.885381] ehci_hcd 0000:00:1a.7: PCI INT C -> GSI 22 (level, low) -> IRQ 22
[    4.885487] ehci_hcd 0000:00:1a.7: setting latency timer to 64
[    4.885490] ehci_hcd 0000:00:1a.7: EHCI Host Controller
[    4.885626] ehci_hcd 0000:00:1a.7: new USB bus registered, assigned bus number 1
[    4.889662] ehci_hcd 0000:00:1a.7: cache line size of 32 is not supported
[    4.889671] ehci_hcd 0000:00:1a.7: irq 22, io mem 0xfe226c00
[    4.899456] ehci_hcd 0000:00:1a.7: USB 2.0 started, EHCI 1.00
[    4.899560] usb usb1: New USB device found, idVendor=1d6b, idProduct=0002
[    4.899648] usb usb1: New USB device strings: Mfr=3, Product=2, SerialNumber=1
[    4.899772] usb usb1: Product: EHCI Host Controller
[    4.899862] usb usb1: Manufacturer: Linux 2.6.32.57 ehci_hcd
[    4.899956] usb usb1: SerialNumber: 0000:00:1a.7
[    4.900096] usb usb1: configuration #1 chosen from 1 choice
[    4.900218] hub 1-0:1.0: USB hub found
[    4.900307] hub 1-0:1.0: 4 ports detected
[    4.900616] ehci_hcd 0000:00:1d.7: power state changed by ACPI to D0
[    4.900894] ehci_hcd 0000:00:1d.7: power state changed by ACPI to D0
[    4.900993] ehci_hcd 0000:00:1d.7: PCI INT D -> GSI 19 (level, low) -> IRQ 19
[    4.901092] ehci_hcd 0000:00:1d.7: setting latency timer to 64
[    4.901097] ehci_hcd 0000:00:1d.7: EHCI Host Controller
[    4.901224] ehci_hcd 0000:00:1d.7: new USB bus registered, assigned bus number 2
[    4.901377] ehci_hcd 0000:00:1d.7: debug port 1
[    4.905383] ehci_hcd 0000:00:1d.7: cache line size of 32 is not supported
[    4.905392] ehci_hcd 0000:00:1d.7: irq 19, io mem 0xfe227000
[    4.915455] ehci_hcd 0000:00:1d.7: USB 2.0 started, EHCI 1.00
[    4.915557] usb usb2: New USB device found, idVendor=1d6b, idProduct=0002
[    4.915650] usb usb2: New USB device strings: Mfr=3, Product=2, SerialNumber=1
[    4.915766] usb usb2: Product: EHCI Host Controller
[    4.915855] usb usb2: Manufacturer: Linux 2.6.32.57 ehci_hcd
[    4.915945] usb usb2: SerialNumber: 0000:00:1d.7
[    4.916086] usb usb2: configuration #1 chosen from 1 choice
[    4.916205] hub 2-0:1.0: USB hub found
[    4.916296] hub 2-0:1.0: 6 ports detected
[    4.916479] 116x: driver isp116x-hcd, 03 Nov 2005
[    4.916583] ohci_hcd: USB 1.1 'Open' Host Controller (OHCI) Driver
[    4.916696] uhci_hcd: USB Universal Host Controller Interface driver
[    4.916803] uhci_hcd 0000:00:1a.0: PCI INT A -> GSI 20 (level, low) -> IRQ 20
[    4.916900] uhci_hcd 0000:00:1a.0: setting latency timer to 64
[    4.916903] uhci_hcd 0000:00:1a.0: UHCI Host Controller
[    4.917035] uhci_hcd 0000:00:1a.0: new USB bus registered, assigned bus number 3
[    4.917186] uhci_hcd 0000:00:1a.0: irq 20, io base 0x00001860
[    4.917300] usb usb3: New USB device found, idVendor=1d6b, idProduct=0001
[    4.917392] usb usb3: New USB device strings: Mfr=3, Product=2, SerialNumber=1
[    4.917519] usb usb3: Product: UHCI Host Controller
[    4.917608] usb usb3: Manufacturer: Linux 2.6.32.57 uhci_hcd
[    4.917698] usb usb3: SerialNumber: 0000:00:1a.0
[    4.917834] usb usb3: configuration #1 chosen from 1 choice
[    4.917951] hub 3-0:1.0: USB hub found
[    4.918046] hub 3-0:1.0: 2 ports detected
[    4.918334] uhci_hcd 0000:00:1a.1: power state changed by ACPI to D0
[    4.918580] uhci_hcd 0000:00:1a.1: power state changed by ACPI to D0
[    4.918676] uhci_hcd 0000:00:1a.1: PCI INT B -> GSI 21 (level, low) -> IRQ 21
[    4.918771] uhci_hcd 0000:00:1a.1: setting latency timer to 64
[    4.918774] uhci_hcd 0000:00:1a.1: UHCI Host Controller
[    4.918897] uhci_hcd 0000:00:1a.1: new USB bus registered, assigned bus number 4
[    4.919049] uhci_hcd 0000:00:1a.1: irq 21, io base 0x00001880
[    4.919164] usb usb4: New USB device found, idVendor=1d6b, idProduct=0001
[    4.919254] usb usb4: New USB device strings: Mfr=3, Product=2, SerialNumber=1
[    4.919379] usb usb4: Product: UHCI Host Controller
[    4.919475] usb usb4: Manufacturer: Linux 2.6.32.57 uhci_hcd
[    4.919564] usb usb4: SerialNumber: 0000:00:1a.1
[    4.919699] usb usb4: configuration #1 chosen from 1 choice
[    4.919823] hub 4-0:1.0: USB hub found
[    4.919913] hub 4-0:1.0: 2 ports detected
[    4.920203] uhci_hcd 0000:00:1d.0: power state changed by ACPI to D0
[    4.920444] uhci_hcd 0000:00:1d.0: power state changed by ACPI to D0
[    4.920549] uhci_hcd 0000:00:1d.0: PCI INT A -> GSI 16 (level, low) -> IRQ 16
[    4.920645] uhci_hcd 0000:00:1d.0: setting latency timer to 64
[    4.920648] uhci_hcd 0000:00:1d.0: UHCI Host Controller
[    4.920778] uhci_hcd 0000:00:1d.0: new USB bus registered, assigned bus number 5
[    4.920930] uhci_hcd 0000:00:1d.0: irq 16, io base 0x000018a0
[    4.921047] usb usb5: New USB device found, idVendor=1d6b, idProduct=0001
[    4.921144] usb usb5: New USB device strings: Mfr=3, Product=2, SerialNumber=1
[    4.921267] usb usb5: Product: UHCI Host Controller
[    4.921357] usb usb5: Manufacturer: Linux 2.6.32.57 uhci_hcd
[    4.921446] usb usb5: SerialNumber: 0000:00:1d.0
[    4.921590] usb usb5: configuration #1 chosen from 1 choice
[    4.921709] hub 5-0:1.0: USB hub found
[    4.921801] hub 5-0:1.0: 2 ports detected
[    4.921943] uhci_hcd 0000:00:1d.1: PCI INT B -> GSI 17 (level, low) -> IRQ 17
[    4.922042] uhci_hcd 0000:00:1d.1: setting latency timer to 64
[    4.922047] uhci_hcd 0000:00:1d.1: UHCI Host Controller
[    4.922174] uhci_hcd 0000:00:1d.1: new USB bus registered, assigned bus number 6
[    4.922316] uhci_hcd 0000:00:1d.1: irq 17, io base 0x000018c0
[    4.922431] usb usb6: New USB device found, idVendor=1d6b, idProduct=0001
[    4.922530] usb usb6: New USB device strings: Mfr=3, Product=2, SerialNumber=1
[    4.922650] usb usb6: Product: UHCI Host Controller
[    4.922743] usb usb6: Manufacturer: Linux 2.6.32.57 uhci_hcd
[    4.922835] usb usb6: SerialNumber: 0000:00:1d.1
[    4.922969] usb usb6: configuration #1 chosen from 1 choice
[    4.923085] hub 6-0:1.0: USB hub found
[    4.923176] hub 6-0:1.0: 2 ports detected
[    4.923475] uhci_hcd 0000:00:1d.2: power state changed by ACPI to D0
[    4.923724] uhci_hcd 0000:00:1d.2: power state changed by ACPI to D0
[    4.923823] uhci_hcd 0000:00:1d.2: PCI INT C -> GSI 18 (level, low) -> IRQ 18
[    4.923920] uhci_hcd 0000:00:1d.2: setting latency timer to 64
[    4.923925] uhci_hcd 0000:00:1d.2: UHCI Host Controller
[    4.924053] uhci_hcd 0000:00:1d.2: new USB bus registered, assigned bus number 7
[    4.924205] uhci_hcd 0000:00:1d.2: irq 18, io base 0x000018e0
[    4.924323] usb usb7: New USB device found, idVendor=1d6b, idProduct=0001
[    4.924412] usb usb7: New USB device strings: Mfr=3, Product=2, SerialNumber=1
[    4.924538] usb usb7: Product: UHCI Host Controller
[    4.924628] usb usb7: Manufacturer: Linux 2.6.32.57 uhci_hcd
[    4.924719] usb usb7: SerialNumber: 0000:00:1d.2
[    4.925511] usb usb7: configuration #1 chosen from 1 choice
[    4.925628] hub 7-0:1.0: USB hub found
[    4.925719] hub 7-0:1.0: 2 ports detected
[    4.925879] sl811: driver sl811-hcd, 19 May 2005
[    4.925985] r8a66597_hcd: driver r8a66597_hcd, 2009-05-26
[    4.926154] Initializing USB Mass Storage driver...
[    4.926280] usbcore: registered new interface driver usb-storage
[    4.926371] USB Mass Storage support registered.
[    4.926486] usbcore: registered new interface driver ums-alauda
[    4.926596] usbcore: registered new interface driver ums-cypress
[    4.926707] usbcore: registered new interface driver ums-datafab
[    4.926816] usbcore: registered new interface driver ums-freecom
[    4.926924] usbcore: registered new interface driver ums-isd200
[    4.927032] usbcore: registered new interface driver ums-jumpshot
[    4.927145] usbcore: registered new interface driver ums-karma
[    4.927258] usbcore: registered new interface driver ums-onetouch
[    4.927367] usbcore: registered new interface driver ums-sddr09
[    4.927491] usbcore: registered new interface driver ums-sddr55
[    4.927599] usbcore: registered new interface driver ums-usbat
[    4.927742] PNP: PS/2 Controller [PNP0303:KBD,PNP0f13:MOU] at 0x60,0x64 irq 1,12
[    4.935957] serio: i8042 KBD port at 0x60,0x64 irq 1
[    4.936054] serio: i8042 AUX port at 0x60,0x64 irq 12
[    4.936298] mice: PS/2 mouse device common for all mice
[    4.936411] i2c /dev entries driver
[    4.936555] md: linear personality registered for level -1
[    4.936644] md: raid0 personality registered for level 0
[    4.936735] md: raid1 personality registered for level 1
[    4.936827] md: raid10 personality registered for level 10
[    4.936917] md: raid6 personality registered for level 6
[    4.937006] md: raid5 personality registered for level 5
[    4.937099] md: raid4 personality registered for level 4
[    4.937190] md: multipath personality registered for level -4
[    4.937375] device-mapper: ioctl: 4.15.0-ioctl (2009-04-01) initialised: dm-devel@redhat.com
[    4.937587] cpuidle: using governor ladder
[    4.938189] usbcore: registered new interface driver usbhid
[    4.938281] usbhid: v2.6:USB HID core driver
[    4.938427] random 0014 0000 0000 00000000 00000000: rand_read_num 4 get_random_bytes(136): sig 00000000 00000000 00000000
[    4.938430] random 0014 0000 0000 00000000 00000000: extract_entropy(.. 136 ..)
[    4.938433] random 0014 0000 0000 00000000 00000000: going to reseed nonblocking with 1024 bits (1088 of 0 requested)
[    4.938435] random 0014 0000 0000 00000000 00000000: extract_entropy(.. 128 ..)
[    4.938437] random 0014 0000 0000 00000000 00000000: trying to extract 1024 bits from input
[    4.938440] random 0014 0000 0000 00000000 00000000: debiting 0 entropy credits from input
[    4.938442] random 0014 0000 0000 00000000 00000000: extract_entropy account returned: 0 
[    4.938444] random 0014 0000 0000 00000000 00000000: urand_change_num 7 xfer_secondary_pool(136): pool_sig 00000000, data_sig 00000000, bytes_mixed 0 00000000 00000000
[    4.938458] random 0014 0000 0000 00000000 00000000: trying to extract 1088 bits from nonblocking
[    4.938460] random 0014 0000 0000 00000000 00000000: debiting 1088 entropy credits from nonblocking (unlimited)
[    4.938462] random 0014 0000 0000 00000000 00000000: extract_entropy account returned: 136 
[    4.938467] random 0014 0000 0000 00000000 00000000: urand_change_num 8 extract_buf: pool_sig 00000000, data_sig fffffff9, bytes_mixed 20 00000000 00000000
[    4.938472] random 0014 0000 0000 b7c35b56 be4dc95d: urand_change_num 9 extract_buf: pool_sig fffffd1e, data_sig 000000c5, bytes_mixed 20 b7c35b56 be4dc95d
[    4.938478] random 0014 0000 0000 ed9f5c47 c48487fb: urand_change_num 10 extract_buf: pool_sig fffff8ec, data_sig ffffff68, bytes_mixed 20 ed9f5c47 c48487fb
[    4.938483] random 0014 0000 0000 ed9f5c47 c48487fb: urand_change_num 11 extract_buf: pool_sig fffffaed, data_sig 000001aa, bytes_mixed 20 ed9f5c47 c48487fb
[    4.938488] random 0014 0000 0000 1b4f7c0a 91bd6a48: urand_change_num 12 extract_buf: pool_sig fffffdd8, data_sig 00000064, bytes_mixed 20 1b4f7c0a 91bd6a48
[    4.938493] random 0014 0000 0000 a254b9bc 20e9a24f: urand_change_num 13 extract_buf: pool_sig fffffbe6, data_sig 000001dd, bytes_mixed 20 a254b9bc 20e9a24f
[    4.938499] random 0014 0000 0000 a254b9bc 20e9a24f: urand_change_num 14 extract_buf: pool_sig fffff940, data_sig fffffe20, bytes_mixed 20 a254b9bc 20e9a24f
[    4.938504] random 0014 0000 0000 2831a66b 5fa2a3ad: urand_change_num 15 extract_buf: pool_sig fffffbce, data_sig 0000007e, bytes_mixed 20 2831a66b 5fa2a3ad
[    4.938509] random 0014 0000 0000 2831a66b 5fa2a3ad: urand_change_num 16 extract_buf: pool_sig 000004df, data_sig fffffe8f, bytes_mixed 20 2831a66b 5fa2a3ad
[    4.938514] random 0014 0000 0000 d4512bfd c9a54e0b: urand_change_num 17 extract_buf: pool_sig 00000485, data_sig fffffe68, bytes_mixed 20 d4512bfd c9a54e0b
[    4.938520] random 0014 0000 0000 c7371be6 f9ffea11: urand_change_num 18 extract_buf: pool_sig 00000095, data_sig ffffffed, bytes_mixed 20 c7371be6 f9ffea11
[    4.938525] random 0014 0000 0000 c7371be6 f9ffea11: urand_change_num 19 extract_buf: pool_sig 000003a7, data_sig fffffefa, bytes_mixed 20 c7371be6 f9ffea11
[    4.938530] random 0014 0000 0000 8fb4b62c d1ddba54: urand_change_num 20 extract_buf: pool_sig 00000179, data_sig ffffff78, bytes_mixed 20 8fb4b62c d1ddba54
[    4.938535] random 0014 0000 0000 9ff19f9c c07a1d2a: urand_change_num 21 extract_buf: pool_sig fffffe88, data_sig 00000126, bytes_mixed 20 9ff19f9c c07a1d2a
[    4.938539] TCP cubic registered
[    4.938628] Initializing XFRM netlink socket
[    4.938728] NET: Registered protocol family 17
[    4.938825] Using IPI Shortcut mode
[    4.938912] random 0014 0000 0000 9ff19f9c c07a1d2a: rand_read_num 5 get_random_bytes(8): sig 0000031b 9ff19f9c c07a1d2a
[    4.938915] random 0014 0000 0000 9ff19f9c c07a1d2a: extract_entropy(.. 8 ..)
[    4.938917] random 0014 0000 0000 9ff19f9c c07a1d2a: going to reseed nonblocking with 64 bits (64 of 0 requested)
[    4.938919] random 0014 0000 0000 9ff19f9c c07a1d2a: extract_entropy(.. 8 ..)
[    4.938921] random 0014 0000 0000 9ff19f9c c07a1d2a: trying to extract 64 bits from input
[    4.938924] random 0014 0000 0000 9ff19f9c c07a1d2a: debiting 0 entropy credits from input
[    4.938926] random 0014 0000 0000 9ff19f9c c07a1d2a: extract_entropy account returned: 0 
[    4.938929] random 0014 0000 0000 9ff19f9c c07a1d2a: urand_change_num 22 xfer_secondary_pool(8): pool_sig 0000031b, data_sig 00000000, bytes_mixed 0 9ff19f9c c07a1d2a
[    4.938932] random 0014 0000 0000 9ff19f9c c07a1d2a: trying to extract 64 bits from nonblocking
[    4.938934] random 0014 0000 0000 9ff19f9c c07a1d2a: debiting 64 entropy credits from nonblocking (unlimited)
[    4.938936] random 0014 0000 0000 9ff19f9c c07a1d2a: extract_entropy account returned: 8 
[    4.938940] random 0014 0000 0000 9ff19f9c c07a1d2a: urand_change_num 23 extract_buf: pool_sig 0000031b, data_sig ffffffb3, bytes_mixed 20 9ff19f9c c07a1d2a
[    4.941527] input: AT Translated Set 2 keyboard as /devices/platform/i8042/serio0/input/input1
[    5.130453] ata1: SATA link up 1.5 Gbps (SStatus 113 SControl 300)
[    5.130563] ata3: SATA link down (SStatus 0 SControl 300)
[    5.133238] ata1.00: ACPI cmd ef/02:00:00:00:00:a0 (SET FEATURES) succeeded
[    5.133240] ata1.00: ACPI cmd f5/00:00:00:00:00:a0 (SECURITY FREEZE LOCK) filtered out
[    5.134631] ata1.00: ACPI cmd ef/5f:00:00:00:00:a0 (SET FEATURES) succeeded
[    5.134634] ata1.00: ACPI cmd ef/10:03:00:00:00:a0 (SET FEATURES) filtered out
[    5.136543] ata1.00: ATA-7: ST910021AS, 4.06, max UDMA/100
[    5.136633] ata1.00: 195371568 sectors, multi 16: LBA48 
[    5.138782] ata1.00: ACPI cmd ef/02:00:00:00:00:a0 (SET FEATURES) succeeded
[    5.138785] ata1.00: ACPI cmd f5/00:00:00:00:00:a0 (SECURITY FREEZE LOCK) filtered out
[    5.140176] ata1.00: ACPI cmd ef/5f:00:00:00:00:a0 (SET FEATURES) succeeded
[    5.140178] ata1.00: ACPI cmd ef/10:03:00:00:00:a0 (SET FEATURES) filtered out
[    5.142102] ata1.00: configured for UDMA/100
[    5.152498] scsi 2:0:0:0: Direct-Access     ATA      ST910021AS       4.06 PQ: 0 ANSI: 5
[    5.152781] sd 2:0:0:0: [sda] 195371568 512-byte logical blocks: (100 GB/93.1 GiB)
[    5.152925] sd 2:0:0:0: [sda] Write Protect is off
[    5.153016] sd 2:0:0:0: [sda] Mode Sense: 00 3a 00 00
[    5.153029] sd 2:0:0:0: [sda] Write cache: enabled, read cache: enabled, doesn't support DPO or FUA
[    5.153216]  sda:
[    5.574177] random 0014 0000 0000 277f73c3 42024bb9: add_disk_randomness(8:0) 277f73c3 42024bb9
[    5.574270] random 0014 0000 0000 277f73c3 42024bb9: add_timer_randomness(.. 8388864) with jiffies: 7417590704114467214, cycles: 7417590699819794442
[    5.574273] random 0014 0000 0000 277f73c3 42024bb9: added 11 entropy credits to input
[    5.574278]  sda1 sda2
[    5.574750] random 0025 0000 0000 277f73c3 42024bb9: add_disk_randomness(8:0) 277f73c3 42024bb9
[    5.574753] random 0025 0000 0000 277f73c3 42024bb9: add_timer_randomness(.. 8388864) with jiffies: 7421936218880573839, cycles: 7421936214585901066
[    5.574906] sd 2:0:0:0: [sda] Attached SCSI disk
[    5.574998] random 0025 0000 0000 277f73c3 42024bb9: rand_read_num 6 get_random_bytes(12): sig 000007e9 277f73c3 42024bb9
[    5.575001] random 0025 0000 0000 277f73c3 42024bb9: extract_entropy(.. 12 ..)
[    5.575003] random 0025 0000 0000 277f73c3 42024bb9: going to reseed nonblocking with 96 bits (96 of 0 requested)
[    5.575005] random 0025 0000 0000 277f73c3 42024bb9: extract_entropy(.. 12 ..)
[    5.575008] random 0025 0000 0000 277f73c3 42024bb9: trying to extract 96 bits from input
[    5.575010] random 0025 0000 0000 277f73c3 42024bb9: debiting 0 entropy credits from input
[    5.575012] random 0025 0000 0000 277f73c3 42024bb9: extract_entropy account returned: 0 
[    5.575015] random 0025 0000 0000 277f73c3 42024bb9: urand_change_num 24 xfer_secondary_pool(12): pool_sig 000007e9, data_sig 00000000, bytes_mixed 0 277f73c3 42024bb9
[    5.575018] random 0025 0000 0000 277f73c3 42024bb9: trying to extract 96 bits from nonblocking
[    5.575020] random 0025 0000 0000 277f73c3 42024bb9: debiting 96 entropy credits from nonblocking (unlimited)
[    5.575023] random 0025 0000 0000 277f73c3 42024bb9: extract_entropy account returned: 12 
[    5.575027] random 0025 0000 0000 277f73c3 42024bb9: urand_change_num 25 extract_buf: pool_sig 000007e9, data_sig 00000088, bytes_mixed 20 277f73c3 42024bb9
[    5.575032] random 0025 0000 0000 277f73c3 42024bb9: urand_change_num 26 extract_buf: pool_sig 00000498, data_sig fffffefb, bytes_mixed 20 277f73c3 42024bb9
[    5.575035] RANDOM - __seed init called.
[    5.575036] RANDOM - __seed init called.
[    5.575037] RANDOM - __seed init called.
[    5.575039] RANDOM - __random32 called. Change num 12.  Value: 87f14767	f0d7351	b1e48bd3
[    5.575041] RANDOM - random32_reseed called.  Value: 87f14767	f0d7351	b1e48bd3
[    5.575043] Pid: 1, comm: swapper Not tainted 2.6.32.57 #6
[    5.575133] Call Trace:
[    5.575221]  [<c1923ca4>] ? random32_reseed+0xa0/0xb1
[    5.575310]  [<c1923c04>] ? random32_reseed+0x0/0xb1
[    5.575402]  [<c100111e>] ? do_one_initcall+0x2e/0x180
[    5.575495]  [<c1907265>] ? kernel_init+0xad/0x103
[    5.575586]  [<c19071b8>] ? kernel_init+0x0/0x103
[    5.575677]  [<c1003787>] ? kernel_thread_helper+0x7/0x10
[    5.576201] random 0025 0000 0000 386b4e60 ee4d4880: rand_read_num 7 get_random_bytes(64): sig fffffea5 386b4e60 ee4d4880
[    5.576204] random 0025 0000 0000 386b4e60 ee4d4880: extract_entropy(.. 64 ..)
[    5.576206] random 0025 0000 0000 386b4e60 ee4d4880: going to reseed nonblocking with 512 bits (512 of 0 requested)
[    5.576208] random 0025 0000 0000 386b4e60 ee4d4880: extract_entropy(.. 64 ..)
[    5.576210] random 0025 0000 0000 386b4e60 ee4d4880: trying to extract 512 bits from input
[    5.576213] random 0025 0000 0000 386b4e60 ee4d4880: debiting 0 entropy credits from input
[    5.576215] random 0025 0000 0000 386b4e60 ee4d4880: extract_entropy account returned: 0 
[    5.576218] random 0025 0000 0000 386b4e60 ee4d4880: urand_change_num 27 xfer_secondary_pool(64): pool_sig fffffea5, data_sig 00000000, bytes_mixed 0 386b4e60 ee4d4880
[    5.576221] random 0025 0000 0000 386b4e60 ee4d4880: trying to extract 512 bits from nonblocking
[    5.576223] random 0025 0000 0000 386b4e60 ee4d4880: debiting 512 entropy credits from nonblocking (unlimited)
[    5.576225] random 0025 0000 0000 386b4e60 ee4d4880: extract_entropy account returned: 64 
[    5.576229] random 0025 0000 0000 386b4e60 ee4d4880: urand_change_num 28 extract_buf: pool_sig fffffea5, data_sig 00000173, bytes_mixed 20 386b4e60 ee4d4880
[    5.576235] random 0025 0000 0000 412698f6 0cc8689a: urand_change_num 29 extract_buf: pool_sig 00000122, data_sig ffffff63, bytes_mixed 20 412698f6 0cc8689a
[    5.576240] random 0025 0000 0000 412698f6 0cc8689a: urand_change_num 30 extract_buf: pool_sig 000001f7, data_sig 00000012, bytes_mixed 20 412698f6 0cc8689a
[    5.576246] random 0025 0000 0000 9669941e 06f768b1: urand_change_num 31 extract_buf: pool_sig fffffb5b, data_sig 0000003f, bytes_mixed 20 9669941e 06f768b1
[    5.576251] random 0025 0000 0000 98486520 995551f0: urand_change_num 32 extract_buf: pool_sig fffffb39, data_sig 0000000e, bytes_mixed 20 98486520 995551f0
[    5.576256] random 0025 0000 0000 98486520 995551f0: urand_change_num 33 extract_buf: pool_sig fffffd8d, data_sig 000001a6, bytes_mixed 20 98486520 995551f0
[    5.576261] random 0025 0000 0000 61fc8914 d5882ed2: urand_change_num 34 extract_buf: pool_sig fffffa58, data_sig 0000023e, bytes_mixed 20 61fc8914 d5882ed2
[    5.576292] random 0025 0000 0000 61fc8914 d5882ed2: rand_read_num 8 get_random_bytes(64): sig fffff9ee 61fc8914 d5882ed2
[    5.576295] random 0025 0000 0000 61fc8914 d5882ed2: extract_entropy(.. 64 ..)
[    5.576297] random 0025 0000 0000 61fc8914 d5882ed2: going to reseed nonblocking with 512 bits (512 of 0 requested)
[    5.576299] random 0025 0000 0000 61fc8914 d5882ed2: extract_entropy(.. 64 ..)
[    5.576301] random 0025 0000 0000 61fc8914 d5882ed2: trying to extract 512 bits from input
[    5.576303] random 0025 0000 0000 61fc8914 d5882ed2: debiting 0 entropy credits from input
[    5.576305] random 0025 0000 0000 61fc8914 d5882ed2: extract_entropy account returned: 0 
[    5.576309] random 0025 0000 0000 61fc8914 d5882ed2: urand_change_num 35 xfer_secondary_pool(64): pool_sig fffff9ee, data_sig 00000000, bytes_mixed 0 61fc8914 d5882ed2
[    5.576311] random 0025 0000 0000 61fc8914 d5882ed2: trying to extract 512 bits from nonblocking
[    5.576314] random 0025 0000 0000 61fc8914 d5882ed2: debiting 512 entropy credits from nonblocking (unlimited)
[    5.576316] random 0025 0000 0000 61fc8914 d5882ed2: extract_entropy account returned: 64 
[    5.576320] random 0025 0000 0000 61fc8914 d5882ed2: urand_change_num 36 extract_buf: pool_sig fffff9ee, data_sig ffffff85, bytes_mixed 20 61fc8914 d5882ed2
[    5.576325] random 0025 0000 0000 70cfd302 e5edec11: urand_change_num 37 extract_buf: pool_sig fffffdc1, data_sig ffffffde, bytes_mixed 20 70cfd302 e5edec11
[    5.576331] random 0025 0000 0000 00dab838 eafd2b30: urand_change_num 38 extract_buf: pool_sig 000003da, data_sig ffffff61, bytes_mixed 20 00dab838 eafd2b30
[    5.576336] random 0025 0000 0000 00dab838 eafd2b30: urand_change_num 39 extract_buf: pool_sig 00000314, data_sig 00000121, bytes_mixed 20 00dab838 eafd2b30
[    5.576341] random 0025 0000 0000 5fcdf66a 6442b608: urand_change_num 40 extract_buf: pool_sig 0000028b, data_sig fffffefd, bytes_mixed 20 5fcdf66a 6442b608
[    5.576347] random 0025 0000 0000 61333f6b 8fae0f9b: urand_change_num 41 extract_buf: pool_sig 000000cb, data_sig 000000b3, bytes_mixed 20 61333f6b 8fae0f9b
[    5.576352] random 0025 0000 0000 61333f6b 8fae0f9b: urand_change_num 42 extract_buf: pool_sig fffffef8, data_sig 00000051, bytes_mixed 20 61333f6b 8fae0f9b
[    5.576355] BEGIN NET_SECRET:
[    5.576356] \xffffffe0
[    5.576356] \xffffffb6
[    5.576357] \x36
[    5.576358] \xffffffb5
[    5.576359] \xffffff94
[    5.576360] \xffffffb2
[    5.576361] \xffffffa8
[    5.576362] \xffffffda
[    5.576362] \x5b
[    5.576363] \x19
[    5.576364] \x18
[    5.576365] \x5c
[    5.576365] \x2b
[    5.576366] \x1
[    5.576367] \xffffff90
[    5.576368] \x19
[    5.576368] \x3c
[    5.576369] \xfffffff2
[    5.576370] \xffffff82
[    5.576371] \x2a
[    5.576371] \xffffffb3
[    5.576372] \xffffffa2
[    5.576373] \x3f
[    5.576374] \x5
[    5.576375] \x52
[    5.576375] \x77
[    5.576376] \x57
[    5.576377] \x79
[    5.576377] \x16
[    5.576378] \x43
[    5.576379] \xffffff84
[    5.576380] \xffffffc3
[    5.576380] \xffffffe9
[    5.576381] \x79
[    5.576382] \x50
[    5.576383] \xffffff8e
[    5.576384] \x3f
[    5.576384] \xfffffff3
[    5.576385] \x19
[    5.576386] \x2a
[    5.576387] \xfffffffd
[    5.576391] \xfffffffb
[    5.576391] \x62
[    5.576392] \x3c
[    5.576393] \xffffffac
[    5.576394] \x1c
[    5.576394] \x3b
[    5.576395] \x3b
[    5.576396] \x15
[    5.576396] \x27
[    5.576397] \xffffffa8
[    5.576398] \x22
[    5.576399] \xffffffc5
[    5.576400] \xffffff9a
[    5.576400] \x5
[    5.576401] \x6c
[    5.576402] \xffffffa8
[    5.576403] \x3a
[    5.576403] \x44
[    5.576404] \xffffffaf
[    5.576405] \x13
[    5.576406] \xffffffe0
[    5.576407] \xffffff9d
[    5.576407] \x22
[    5.576408] 
[    5.576409] END NET_SECRET
[    5.576411] random 0025 0000 0000 e7f555d9 e8ce5c3c: rand_read_num 9 get_random_bytes(4): sig 0000068c e7f555d9 e8ce5c3c
[    5.576414] random 0025 0000 0000 e7f555d9 e8ce5c3c: extract_entropy(.. 4 ..)
[    5.576416] random 0025 0000 0000 e7f555d9 e8ce5c3c: going to reseed nonblocking with 64 bits (32 of 0 requested)
[    5.576418] random 0025 0000 0000 e7f555d9 e8ce5c3c: extract_entropy(.. 8 ..)
[    5.576420] random 0025 0000 0000 e7f555d9 e8ce5c3c: trying to extract 64 bits from input
[    5.576423] random 0025 0000 0000 e7f555d9 e8ce5c3c: debiting 0 entropy credits from input
[    5.576425] random 0025 0000 0000 e7f555d9 e8ce5c3c: extract_entropy account returned: 0 
[    5.576428] random 0025 0000 0000 e7f555d9 e8ce5c3c: urand_change_num 43 xfer_secondary_pool(4): pool_sig 0000068c, data_sig 00000000, bytes_mixed 0 e7f555d9 e8ce5c3c
[    5.576431] random 0025 0000 0000 e7f555d9 e8ce5c3c: trying to extract 32 bits from nonblocking
[    5.576433] random 0025 0000 0000 e7f555d9 e8ce5c3c: debiting 32 entropy credits from nonblocking (unlimited)
[    5.576435] random 0025 0000 0000 e7f555d9 e8ce5c3c: extract_entropy account returned: 4 
[    5.576439] random 0025 0000 0000 e7f555d9 e8ce5c3c: urand_change_num 44 extract_buf: pool_sig 0000068c, data_sig fffffdcb, bytes_mixed 20 e7f555d9 e8ce5c3c
[    5.576450] md: Waiting for all devices to be available before autodetect
[    5.576543] md: If you don't use raid, use raid=noautodetect
[    5.576705] md: Autodetecting RAID arrays.
[    5.576793] md: Scanned 0 and added 0 devices.
[    5.576881] md: autorun ...
[    5.576967] md: ... autorun DONE.
[    5.590385] random 0025 0000 0000 e7f555d9 e8ce5c3c: add_disk_randomness(8:0) e7f555d9 e8ce5c3c
[    5.590391] random 0025 0000 0000 e7f555d9 e8ce5c3c: add_timer_randomness(.. 8388864) with jiffies: 7562620677274698143, cycles: 7562620672980025354
[    5.590393] random 0025 0000 0000 e7f555d9 e8ce5c3c: added 3 entropy credits to input
[    5.591510] random 0028 0000 0000 e7f555d9 e8ce5c3c: add_disk_randomness(8:0) e7f555d9 e8ce5c3c
[    5.591514] random 0028 0000 0000 e7f555d9 e8ce5c3c: add_timer_randomness(.. 8388864) with jiffies: 7572726499098984864, cycles: 7572726494804312074
[    5.591591] random 0028 0000 0000 e7f555d9 e8ce5c3c: add_disk_randomness(8:0) e7f555d9 e8ce5c3c
[    5.591594] random 0028 0000 0000 e7f555d9 e8ce5c3c: add_timer_randomness(.. 8388864) with jiffies: 7573448504576278944, cycles: 7573448500281606154
[    5.591599] EXT3-fs: sda2: couldn't mount because of unsupported optional features (240).
[    5.591853] random 0028 0000 0000 e7f555d9 e8ce5c3c: add_disk_randomness(8:0) e7f555d9 e8ce5c3c
[    5.591856] random 0028 0000 0000 e7f555d9 e8ce5c3c: add_timer_randomness(.. 8388864) with jiffies: 7575814348656574880, cycles: 7575814344361902090
[    5.591861] EXT2-fs: sda2: couldn't mount because of unsupported optional features (240).
[    5.592084] random 0028 0000 0000 e7f555d9 e8ce5c3c: add_disk_randomness(8:0) e7f555d9 e8ce5c3c
[    5.592087] random 0028 0000 0000 e7f555d9 e8ce5c3c: add_timer_randomness(.. 8388864) with jiffies: 7577895986160959904, cycles: 7577895981866287114
[    5.592218] random 0028 0000 0000 e7f555d9 e8ce5c3c: add_disk_randomness(8:0) e7f555d9 e8ce5c3c
[    5.592221] random 0028 0000 0000 e7f555d9 e8ce5c3c: add_timer_randomness(.. 8388864) with jiffies: 7579103417431982496, cycles: 7579103413137309706
[    5.592380] random 0028 0000 0000 e7f555d9 e8ce5c3c: add_disk_randomness(8:0) e7f555d9 e8ce5c3c
[    5.592383] random 0028 0000 0000 e7f555d9 e8ce5c3c: add_timer_randomness(.. 8388864) with jiffies: 7580561004778193312, cycles: 7580561000483520522
[    5.592504] random 0028 0000 0000 e7f555d9 e8ce5c3c: add_disk_randomness(8:0) e7f555d9 e8ce5c3c
[    5.592507] random 0028 0000 0000 e7f555d9 e8ce5c3c: add_timer_randomness(.. 8388864) with jiffies: 7581667418418413985, cycles: 7581667414123741194
[    5.592621] random 0028 0000 0000 e7f555d9 e8ce5c3c: add_disk_randomness(8:0) e7f555d9 e8ce5c3c
[    5.592625] random 0028 0000 0000 e7f555d9 e8ce5c3c: add_timer_randomness(.. 8388864) with jiffies: 7582725487906750881, cycles: 7582725483612078090
[    5.592775] random 0028 0000 0000 e7f555d9 e8ce5c3c: add_disk_randomness(8:0) e7f555d9 e8ce5c3c
[    5.592778] random 0028 0000 0000 e7f555d9 e8ce5c3c: add_timer_randomness(.. 8388864) with jiffies: 7584106586180387233, cycles: 7584106581885714442
[    5.592896] random 0028 0000 0000 e7f555d9 e8ce5c3c: add_disk_randomness(8:0) e7f555d9 e8ce5c3c
[    5.592899] random 0028 0000 0000 e7f555d9 e8ce5c3c: add_timer_randomness(.. 8388864) with jiffies: 7585198207953240481, cycles: 7585198203658567690
[    5.593010] random 0028 0000 0000 e7f555d9 e8ce5c3c: add_disk_randomness(8:0) e7f555d9 e8ce5c3c
[    5.593013] random 0028 0000 0000 e7f555d9 e8ce5c3c: add_timer_randomness(.. 8388864) with jiffies: 7586222952790327713, cycles: 7586222948495654922
[    5.593248] random 0028 0000 0000 e7f555d9 e8ce5c3c: rand_read_num 10 get_random_bytes(4): sig ffffff72 e7f555d9 e8ce5c3c
[    5.593251] random 0028 0000 0000 e7f555d9 e8ce5c3c: extract_entropy(.. 4 ..)
[    5.593253] random 0028 0000 0000 e7f555d9 e8ce5c3c: going to reseed nonblocking with 64 bits (32 of 0 requested)
[    5.593255] random 0028 0000 0000 e7f555d9 e8ce5c3c: extract_entropy(.. 8 ..)
[    5.593257] random 0028 0000 0000 e7f555d9 e8ce5c3c: trying to extract 64 bits from input
[    5.593260] random 0028 0000 0000 e7f555d9 e8ce5c3c: debiting 0 entropy credits from input
[    5.593262] random 0028 0000 0000 e7f555d9 e8ce5c3c: extract_entropy account returned: 0 
[    5.593265] random 0028 0000 0000 e7f555d9 e8ce5c3c: urand_change_num 45 xfer_secondary_pool(4): pool_sig ffffff72, data_sig 00000000, bytes_mixed 0 e7f555d9 e8ce5c3c
[    5.593267] random 0028 0000 0000 e7f555d9 e8ce5c3c: trying to extract 32 bits from nonblocking
[    5.593270] random 0028 0000 0000 e7f555d9 e8ce5c3c: debiting 32 entropy credits from nonblocking (unlimited)
[    5.593272] random 0028 0000 0000 e7f555d9 e8ce5c3c: extract_entropy account returned: 4 
[    5.593276] random 0028 0000 0000 e7f555d9 e8ce5c3c: urand_change_num 46 extract_buf: pool_sig ffffff72, data_sig ffffff72, bytes_mixed 20 e7f555d9 e8ce5c3c
[    5.604839] random 0028 0000 0000 91716c54 eeb6a1e7: add_disk_randomness(8:0) 91716c54 eeb6a1e7
[    5.604842] random 0028 0000 0000 91716c54 eeb6a1e7: add_timer_randomness(.. 8388864) with jiffies: 7692650618887569837, cycles: 7692650614592897034
[    5.604845] random 0028 0000 0000 91716c54 eeb6a1e7: added 3 entropy credits to input
[    5.623111] random 0031 0000 0000 91716c54 eeb6a1e7: add_disk_randomness(8:0) 91716c54 eeb6a1e7
[    5.623115] random 0031 0000 0000 91716c54 eeb6a1e7: add_timer_randomness(.. 8388864) with jiffies: 7857054691303850431, cycles: 7857054687009177610
[    5.623117] random 0031 0000 0000 91716c54 eeb6a1e7: added 2 entropy credits to input
[    5.627772] EXT4-fs (sda2): mounted filesystem with ordered data mode
[    5.627974] VFS: Mounted root (ext4 filesystem) readonly on device 8:2.
[    5.628076] Freeing unused kernel memory: 448k freed
[    5.648299] random 0033 0000 0000 91716c54 eeb6a1e7: add_disk_randomness(8:0) 91716c54 eeb6a1e7
[    5.648302] random 0033 0000 0000 91716c54 eeb6a1e7: add_timer_randomness(.. 8388864) with jiffies: 8083670566138773976, cycles: 8083670561844101130
[    5.648990] random 0033 0000 0000 91716c54 eeb6a1e7: add_disk_randomness(8:0) 91716c54 eeb6a1e7
[    5.648993] random 0033 0000 0000 91716c54 eeb6a1e7: add_timer_randomness(.. 8388864) with jiffies: 8089883644354331097, cycles: 8089883640059658250
[    5.653718] random 0033 0000 0000 91716c54 eeb6a1e7: add_disk_randomness(8:0) 91716c54 eeb6a1e7
[    5.653721] random 0033 0000 0000 91716c54 eeb6a1e7: add_timer_randomness(.. 8388864) with jiffies: 8132417525825372638, cycles: 8132417521530699786
[    5.653723] random 0033 0000 0000 91716c54 eeb6a1e7: added 2 entropy credits to input
[    5.661916] random 0035 0000 0000 91716c54 eeb6a1e7: add_disk_randomness(8:0) 91716c54 eeb6a1e7
[    5.661919] random 0035 0000 0000 91716c54 eeb6a1e7: add_timer_randomness(.. 8388864) with jiffies: 8206182584111825382, cycles: 8206182579817152522
[    5.665344] random 0035 0000 0000 91716c54 eeb6a1e7: add_disk_randomness(8:0) 91716c54 eeb6a1e7
[    5.665347] random 0035 0000 0000 91716c54 eeb6a1e7: add_timer_randomness(.. 8388864) with jiffies: 8237026827323539945, cycles: 8237026823028867082
[    5.665349] random 0035 0000 0000 91716c54 eeb6a1e7: added 1 entropy credits to input
[    5.674236] random 0036 0000 0000 91716c54 eeb6a1e7: add_disk_randomness(8:0) 91716c54 eeb6a1e7
[    5.674239] random 0036 0000 0000 91716c54 eeb6a1e7: add_timer_randomness(.. 8388864) with jiffies: 8317029092951818738, cycles: 8317029088657145866
[    5.674241] random 0036 0000 0000 91716c54 eeb6a1e7: added 2 entropy credits to input
[    5.679193] random 0038 0000 0000 91716c54 eeb6a1e7: add_disk_randomness(8:0) 91716c54 eeb6a1e7
[    5.679196] random 0038 0000 0000 91716c54 eeb6a1e7: add_timer_randomness(.. 8388864) with jiffies: 8361630722003010039, cycles: 8361630717708337162
[    5.679199] random 0038 0000 0000 91716c54 eeb6a1e7: added 2 entropy credits to input
[    5.687269] random 0040 0000 0000 91716c54 eeb6a1e7: add_disk_randomness(8:0) 91716c54 eeb6a1e7
[    5.687272] random 0040 0000 0000 91716c54 eeb6a1e7: add_timer_randomness(.. 8388864) with jiffies: 8434295950834106879, cycles: 8434295946539433994
[    5.687275] random 0040 0000 0000 91716c54 eeb6a1e7: added 1 entropy credits to input
[    5.687298] RANDOM get_random_int call with cycles 44913491206, jiffies 4294672895 and pid 1
[    5.687301] RANDOM get_random_int call with cycles 44913498073, jiffies 4294672895 and pid 1
[    5.687303] ASLR stack rand value: 151552 after shift for pid: 1
[    5.687305] RANDOM get_random_int call with cycles 44913505875, jiffies 4294672895 and pid 1
[    5.698915] random 0041 0000 0000 91716c54 eeb6a1e7: add_disk_randomness(8:0) 91716c54 eeb6a1e7
[    5.698918] random 0041 0000 0000 91716c54 eeb6a1e7: add_timer_randomness(.. 8388864) with jiffies: 8539062959236416011, cycles: 8539062954941743114
[    5.698928] RANDOM get_random_int call with cycles 44937852151, jiffies 4294672907 and pid 1
[    5.698934] random 0041 0000 0000 91716c54 eeb6a1e7: rand_read_num 11 get_random_bytes(16): sig fffffcad 91716c54 eeb6a1e7
[    5.698936] random 0041 0000 0000 91716c54 eeb6a1e7: extract_entropy(.. 16 ..)
[    5.698939] random 0041 0000 0000 91716c54 eeb6a1e7: going to reseed nonblocking with 128 bits (128 of 0 requested)
[    5.698941] random 0041 0000 0000 91716c54 eeb6a1e7: extract_entropy(.. 16 ..)
[    5.698943] random 0041 0000 0000 91716c54 eeb6a1e7: trying to extract 128 bits from input
[    5.698945] random 0041 0000 0000 91716c54 eeb6a1e7: debiting 0 entropy credits from input
[    5.698947] random 0041 0000 0000 91716c54 eeb6a1e7: extract_entropy account returned: 0 
[    5.698950] random 0041 0000 0000 91716c54 eeb6a1e7: urand_change_num 47 xfer_secondary_pool(16): pool_sig fffffcad, data_sig 00000000, bytes_mixed 0 91716c54 eeb6a1e7
[    5.698953] random 0041 0000 0000 91716c54 eeb6a1e7: trying to extract 128 bits from nonblocking
[    5.698956] random 0041 0000 0000 91716c54 eeb6a1e7: debiting 128 entropy credits from nonblocking (unlimited)
[    5.698958] random 0041 0000 0000 91716c54 eeb6a1e7: extract_entropy account returned: 16 
[    5.698962] random 0041 0000 0000 91716c54 eeb6a1e7: urand_change_num 48 extract_buf: pool_sig fffffcad, data_sig ffffff19, bytes_mixed 20 91716c54 eeb6a1e7
[    5.698968] random 0041 0000 0000 fd637b06 6cf47bc1: urand_change_num 49 extract_buf: pool_sig fffffede, data_sig ffffffc1, bytes_mixed 20 fd637b06 6cf47bc1
[    5.699928] random 0041 0000 0000 fd637b06 6cf47bc1: add_disk_randomness(8:0) fd637b06 6cf47bc1
[    5.699931] random 0041 0000 0000 fd637b06 6cf47bc1: add_timer_randomness(.. 8388864) with jiffies: 8548182643684639244, cycles: 8548182639389966346
[    5.701120] random 0041 0000 0000 fd637b06 6cf47bc1: add_disk_randomness(8:0) fd637b06 6cf47bc1
[    5.701123] random 0041 0000 0000 fd637b06 6cf47bc1: add_timer_randomness(.. 8388864) with jiffies: 8558908504167645709, cycles: 8558908499872972810
[    5.702279] random 0041 0000 0000 fd637b06 6cf47bc1: add_disk_randomness(8:0) fd637b06 6cf47bc1
[    5.702282] random 0041 0000 0000 fd637b06 6cf47bc1: add_timer_randomness(.. 8388864) with jiffies: 8569341550960280078, cycles: 8569341546665607178
[    5.703154] random 0041 0000 0000 fd637b06 6cf47bc1: add_disk_randomness(8:0) fd637b06 6cf47bc1
[    5.703157] random 0041 0000 0000 fd637b06 6cf47bc1: add_timer_randomness(.. 8388864) with jiffies: 8577211816537195023, cycles: 8577211812242522122
[    5.703340] random 0041 0000 0000 fd637b06 6cf47bc1: add_disk_randomness(8:0) fd637b06 6cf47bc1
[    5.703343] random 0041 0000 0000 fd637b06 6cf47bc1: add_timer_randomness(.. 8388864) with jiffies: 8578884470075785743, cycles: 8578884465781112842
[    5.703551] random 0041 0000 0000 fd637b06 6cf47bc1: add_disk_randomness(8:0) fd637b06 6cf47bc1
[    5.703554] random 0041 0000 0000 fd637b06 6cf47bc1: add_timer_randomness(.. 8388864) with jiffies: 8580776703817384464, cycles: 8580776699522711562
[    5.713976] random 0041 0000 0000 fd637b06 6cf47bc1: add_disk_randomness(8:0) fd637b06 6cf47bc1
[    5.713979] random 0041 0000 0000 fd637b06 6cf47bc1: add_timer_randomness(.. 8388864) with jiffies: 8674574189652050458, cycles: 8674574185357377546
[    5.713982] random 0041 0000 0000 fd637b06 6cf47bc1: added 3 entropy credits to input
[    5.714418] random 0044 0000 0000 fd637b06 6cf47bc1: add_disk_randomness(8:0) fd637b06 6cf47bc1
[    5.714421] random 0044 0000 0000 fd637b06 6cf47bc1: add_timer_randomness(.. 8388864) with jiffies: 8678540707914023451, cycles: 8678540703619350538
[    5.724159] random 0044 0000 0000 fd637b06 6cf47bc1: add_disk_randomness(8:0) fd637b06 6cf47bc1
[    5.724162] random 0044 0000 0000 fd637b06 6cf47bc1: add_timer_randomness(.. 8388864) with jiffies: 8766193663211176484, cycles: 8766193658916503562
[    5.724164] random 0044 0000 0000 fd637b06 6cf47bc1: added 3 entropy credits to input
[    5.724217] RANDOM get_random_int call with cycles 44990829114, jiffies 4294672932 and pid 1
[    5.728765] random 0047 0000 0000 fd637b06 6cf47bc1: add_disk_randomness(8:0) fd637b06 6cf47bc1
[    5.728769] random 0047 0000 0000 fd637b06 6cf47bc1: add_timer_randomness(.. 8388864) with jiffies: 8807635918614397481, cycles: 8807635914319724554
[    5.728772] random 0047 0000 0000 fd637b06 6cf47bc1: added 2 entropy credits to input
[    5.741592] random 0049 0000 0000 fd637b06 6cf47bc1: add_disk_randomness(8:0) fd637b06 6cf47bc1
[    5.741595] random 0049 0000 0000 fd637b06 6cf47bc1: add_timer_randomness(.. 8388864) with jiffies: 8923034762075669046, cycles: 8923034757780996106
[    5.741598] random 0049 0000 0000 fd637b06 6cf47bc1: added 3 entropy credits to input
[    5.741731] random 0052 0000 0000 fd637b06 6cf47bc1: add_disk_randomness(8:0) fd637b06 6cf47bc1
[    5.741734] random 0052 0000 0000 fd637b06 6cf47bc1: add_timer_randomness(.. 8388864) with jiffies: 8924287878913819190, cycles: 8924287874619146250
[    5.743895] random 0052 0000 0000 fd637b06 6cf47bc1: add_disk_randomness(8:0) fd637b06 6cf47bc1
[    5.743898] random 0052 0000 0000 fd637b06 6cf47bc1: add_timer_randomness(.. 8388864) with jiffies: 8943755870449926712, cycles: 8943755866155253770
[    5.743900] random 0052 0000 0000 fd637b06 6cf47bc1: added 1 entropy credits to input
[    5.744134] random 0053 0000 0000 fd637b06 6cf47bc1: add_disk_randomness(8:0) fd637b06 6cf47bc1
[    5.744138] random 0053 0000 0000 fd637b06 6cf47bc1: add_timer_randomness(.. 8388864) with jiffies: 8945917286971834936, cycles: 8945917282677161994
[    5.744275] random 0053 0000 0000 fd637b06 6cf47bc1: add_disk_randomness(8:0) fd637b06 6cf47bc1
[    5.744278] random 0053 0000 0000 fd637b06 6cf47bc1: add_timer_randomness(.. 8388864) with jiffies: 8947182665941615160, cycles: 8947182661646942218
[    5.747449] random 0053 0000 0000 fd637b06 6cf47bc1: add_disk_randomness(8:0) fd637b06 6cf47bc1
[    5.747452] random 0053 0000 0000 fd637b06 6cf47bc1: add_timer_randomness(.. 8388864) with jiffies: 8975725876129530428, cycles: 8975725871834857482
[    5.747455] random 0053 0000 0000 fd637b06 6cf47bc1: added 2 entropy credits to input
[    5.749461] random 0055 0000 0000 fd637b06 6cf47bc1: add_disk_randomness(8:0) fd637b06 6cf47bc1
[    5.749464] random 0055 0000 0000 fd637b06 6cf47bc1: add_timer_randomness(.. 8388864) with jiffies: 8993831435319870014, cycles: 8993831431025197066
[    5.749467] random 0055 0000 0000 fd637b06 6cf47bc1: added 1 entropy credits to input
[    5.757288] random 0056 0000 0000 fd637b06 6cf47bc1: add_disk_randomness(8:0) fd637b06 6cf47bc1
[    5.757291] random 0056 0000 0000 fd637b06 6cf47bc1: add_timer_randomness(.. 8388864) with jiffies: 9064265484475269701, cycles: 9064265480180596746
[    5.757294] random 0056 0000 0000 fd637b06 6cf47bc1: added 2 entropy credits to input
[    5.757423] random 0058 0000 0000 fd637b06 6cf47bc1: add_disk_randomness(8:0) fd637b06 6cf47bc1
[    5.757426] random 0058 0000 0000 fd637b06 6cf47bc1: add_timer_randomness(.. 8388864) with jiffies: 9065469621506376262, cycles: 9065469617211703306
[    5.760989] random 0058 0000 0000 fd637b06 6cf47bc1: add_disk_randomness(8:0) fd637b06 6cf47bc1
[    5.760992] random 0058 0000 0000 fd637b06 6cf47bc1: add_timer_randomness(.. 8388864) with jiffies: 9097555303540163145, cycles: 9097555299245490186
[    5.760994] random 0058 0000 0000 fd637b06 6cf47bc1: added 1 entropy credits to input
[    5.765483] random 0059 0000 0000 fd637b06 6cf47bc1: add_disk_randomness(8:0) fd637b06 6cf47bc1
[    5.765486] random 0059 0000 0000 fd637b06 6cf47bc1: add_timer_randomness(.. 8388864) with jiffies: 9137986119914979918, cycles: 9137986115620306954
[    5.771064] random 0059 0000 0000 fd637b06 6cf47bc1: add_disk_randomness(8:0) fd637b06 6cf47bc1
[    5.771067] random 0059 0000 0000 fd637b06 6cf47bc1: add_timer_randomness(.. 8388864) with jiffies: 9188205188232217171, cycles: 9188205183937544202
[    5.777343] random 0059 0000 0000 fd637b06 6cf47bc1: add_disk_randomness(8:0) fd637b06 6cf47bc1
[    5.777346] random 0059 0000 0000 fd637b06 6cf47bc1: add_timer_randomness(.. 8388864) with jiffies: 9244706376364294745, cycles: -9202037701639929846
[    5.777360] random 0059 0000 0000 fd637b06 6cf47bc1: rand_read_num 12 get_random_bytes(16): sig 0000033b fd637b06 6cf47bc1
[    5.777363] random 0059 0000 0000 fd637b06 6cf47bc1: extract_entropy(.. 16 ..)
[    5.777365] random 0059 0000 0000 fd637b06 6cf47bc1: going to reseed nonblocking with 128 bits (128 of 0 requested)
[    5.777367] random 0059 0000 0000 fd637b06 6cf47bc1: extract_entropy(.. 16 ..)
[    5.777370] random 0059 0000 0000 fd637b06 6cf47bc1: trying to extract 128 bits from input
[    5.777371] random 0059 0000 0000 fd637b06 6cf47bc1: debiting 0 entropy credits from input
[    5.777377] random 0059 0000 0000 fd637b06 6cf47bc1: extract_entropy account returned: 0 
[    5.777380] random 0059 0000 0000 fd637b06 6cf47bc1: urand_change_num 50 xfer_secondary_pool(16): pool_sig 0000033b, data_sig 00000000, bytes_mixed 0 fd637b06 6cf47bc1
[    5.777383] random 0059 0000 0000 fd637b06 6cf47bc1: trying to extract 128 bits from nonblocking
[    5.777386] random 0059 0000 0000 fd637b06 6cf47bc1: debiting 128 entropy credits from nonblocking (unlimited)
[    5.777388] random 0059 0000 0000 fd637b06 6cf47bc1: extract_entropy account returned: 16 
[    5.777392] random 0059 0000 0000 fd637b06 6cf47bc1: urand_change_num 51 extract_buf: pool_sig 0000033b, data_sig 000000d8, bytes_mixed 20 fd637b06 6cf47bc1
[    5.777398] random 0059 0000 0000 0ec1f012 d4727ca8: urand_change_num 52 extract_buf: pool_sig fffffcf5, data_sig 00000016, bytes_mixed 20 0ec1f012 d4727ca8
[    5.784087] random 0059 0000 0000 45b1d0b1 845a73f7: add_disk_randomness(8:0) 45b1d0b1 845a73f7
[    5.784090] random 0059 0000 0000 45b1d0b1 845a73f7: add_timer_randomness(.. 8388864) with jiffies: 9305373596874146400, cycles: -9141370481130078198
[    5.791314] random 0059 0000 0000 45b1d0b1 845a73f7: add_disk_randomness(8:0) 45b1d0b1 845a73f7
[    5.791317] random 0059 0000 0000 45b1d0b1 845a73f7: add_timer_randomness(.. 8388864) with jiffies: 9370397022323704423, cycles: -9076347055680520182
[    5.799322] random 0059 0000 0000 45b1d0b1 845a73f7: add_disk_randomness(8:0) 45b1d0b1 845a73f7
[    5.799325] random 0059 0000 0000 45b1d0b1 845a73f7: add_timer_randomness(.. 8388864) with jiffies: 9442451906237268591, cycles: -9004292171766956022
[    5.808729] random 0059 0000 0000 45b1d0b1 845a73f7: add_disk_randomness(8:0) 45b1d0b1 845a73f7
[    5.808733] random 0059 0000 0000 45b1d0b1 845a73f7: add_timer_randomness(.. 8388864) with jiffies: 9527082673436852857, cycles: -8919661404567371766
[    5.811875] random 0059 0000 0000 45b1d0b1 845a73f7: add_disk_randomness(8:0) 45b1d0b1 845a73f7
[    5.811878] random 0059 0000 0000 45b1d0b1 845a73f7: add_timer_randomness(.. 8388864) with jiffies: 9555386958889058940, cycles: -8891357119115165686
[    5.811881] random 0059 0000 0000 45b1d0b1 845a73f7: added 1 entropy credits to input
[    5.826138] random 0060 0000 0000 45b1d0b1 845a73f7: add_disk_randomness(8:0) 45b1d0b1 845a73f7
[    5.826141] random 0060 0000 0000 45b1d0b1 845a73f7: add_timer_randomness(.. 8388864) with jiffies: 9683715427732783754, cycles: -8763028650271440886
[    5.826144] random 0060 0000 0000 45b1d0b1 845a73f7: added 3 entropy credits to input
[    5.831540] random 0063 0000 0000 45b1d0b1 845a73f7: add_disk_randomness(8:0) 45b1d0b1 845a73f7
[    5.831543] random 0063 0000 0000 45b1d0b1 845a73f7: add_timer_randomness(.. 8388864) with jiffies: 9732311041361805968, cycles: -8714433036642418678
[    5.831546] random 0063 0000 0000 45b1d0b1 845a73f7: added 2 entropy credits to input
[    5.836713] random 0065 0000 0000 45b1d0b1 845a73f7: add_disk_randomness(8:0) 45b1d0b1 845a73f7
[    5.836716] random 0065 0000 0000 45b1d0b1 845a73f7: add_timer_randomness(.. 8388864) with jiffies: 9778856491006788245, cycles: -8667887586997436406
[    5.844939] random 0065 0000 0000 45b1d0b1 845a73f7: add_disk_randomness(8:0) 45b1d0b1 845a73f7
[    5.844942] random 0065 0000 0000 45b1d0b1 845a73f7: add_timer_randomness(.. 8388864) with jiffies: 9852870305209090717, cycles: -8593873772795133942
[    5.844945] random 0065 0000 0000 45b1d0b1 845a73f7: added 1 entropy credits to input
[    5.854543] random 0066 0000 0000 45b1d0b1 845a73f7: add_disk_randomness(8:0) 45b1d0b1 845a73f7
[    5.854546] random 0066 0000 0000 45b1d0b1 845a73f7: add_timer_randomness(.. 8388864) with jiffies: 9939270053473780391, cycles: -8507474024530444278
[    5.874044] random 0066 0000 0000 45b1d0b1 845a73f7: add_disk_randomness(8:0) 45b1d0b1 845a73f7
[    5.874048] random 0066 0000 0000 45b1d0b1 845a73f7: add_timer_randomness(.. 8388864) with jiffies: 10114736282312344250, cycles: -8332007795691880438
[    5.874050] random 0066 0000 0000 45b1d0b1 845a73f7: added 2 entropy credits to input
[    5.887500] random 0068 0000 0000 45b1d0b1 845a73f7: add_disk_randomness(8:0) 45b1d0b1 845a73f7
[    5.887504] random 0068 0000 0000 45b1d0b1 845a73f7: add_timer_randomness(.. 8388864) with jiffies: 10235792022904210120, cycles: -8210952055100014582
[    5.887506] random 0068 0000 0000 45b1d0b1 845a73f7: added 2 entropy credits to input
[    5.895349] random 0070 0000 0000 45b1d0b1 845a73f7: add_disk_randomness(8:0) 45b1d0b1 845a73f7
[    5.895352] random 0070 0000 0000 45b1d0b1 845a73f7: add_timer_randomness(.. 8388864) with jiffies: 10306420075732370127, cycles: -8140324002271854582
[    5.895355] random 0070 0000 0000 45b1d0b1 845a73f7: added 1 entropy credits to input
[    5.905363] random 0071 0000 0000 45b1d0b1 845a73f7: add_disk_randomness(8:0) 45b1d0b1 845a73f7
[    5.905366] random 0071 0000 0000 45b1d0b1 845a73f7: add_timer_randomness(.. 8388864) with jiffies: 10396504171497620186, cycles: -8050239906506604534
[    5.905369] random 0071 0000 0000 45b1d0b1 845a73f7: added 2 entropy credits to input
[    5.909927] random 0073 0000 0000 45b1d0b1 845a73f7: add_disk_randomness(8:0) 45b1d0b1 845a73f7
[    5.909930] random 0073 0000 0000 45b1d0b1 845a73f7: add_timer_randomness(.. 8388864) with jiffies: 10437570454053683934, cycles: -8009173623950540790
[    5.909932] random 0073 0000 0000 45b1d0b1 845a73f7: added 2 entropy credits to input
[    5.917287] random 0075 0000 0000 45b1d0b1 845a73f7: add_disk_randomness(8:0) 45b1d0b1 845a73f7
[    5.917290] random 0075 0000 0000 45b1d0b1 845a73f7: add_timer_randomness(.. 8388864) with jiffies: 10503801851940143845, cycles: -7942942226064080886
[    5.917293] random 0075 0000 0000 45b1d0b1 845a73f7: added 1 entropy credits to input
[    5.922531] random 0076 0000 0000 45b1d0b1 845a73f7: add_disk_randomness(8:0) 45b1d0b1 845a73f7
[    5.922534] random 0076 0000 0000 45b1d0b1 845a73f7: add_timer_randomness(.. 8388864) with jiffies: 10550969869979583211, cycles: -7895774208024641526
[    5.928972] random 0076 0000 0000 45b1d0b1 845a73f7: add_disk_randomness(8:0) 45b1d0b1 845a73f7
[    5.928975] random 0076 0000 0000 45b1d0b1 845a73f7: add_timer_randomness(.. 8388864) with jiffies: 10608929684839957233, cycles: -7837814393164267510
[    5.934029] random 0076 0000 0000 45b1d0b1 845a73f7: add_disk_randomness(8:0) 45b1d0b1 845a73f7
[    5.934032] random 0076 0000 0000 45b1d0b1 845a73f7: add_timer_randomness(.. 8388864) with jiffies: 10654421982734156534, cycles: -7792322095270068214
[    5.939925] random 0076 0000 0000 45b1d0b1 845a73f7: add_disk_randomness(8:0) 45b1d0b1 845a73f7
[    5.939928] random 0076 0000 0000 45b1d0b1 845a73f7: add_timer_randomness(.. 8388864) with jiffies: 10707474007184868092, cycles: -7739270070819356662
[    5.949277] random 0076 0000 0000 45b1d0b1 845a73f7: add_disk_randomness(8:0) 45b1d0b1 845a73f7
[    5.949280] random 0076 0000 0000 45b1d0b1 845a73f7: add_timer_randomness(.. 8388864) with jiffies: 10791614207514870533, cycles: -7655129870489354230
[    5.949282] random 0076 0000 0000 45b1d0b1 845a73f7: added 1 entropy credits to input
[    5.954165] random 0077 0000 0000 45b1d0b1 845a73f7: add_disk_randomness(8:0) 45b1d0b1 845a73f7
[    5.954168] random 0077 0000 0000 45b1d0b1 845a73f7: add_timer_randomness(.. 8388864) with jiffies: 10835590158615282442, cycles: -7611153919388942326
[    5.954170] random 0077 0000 0000 45b1d0b1 845a73f7: added 2 entropy credits to input
[    5.961595] random 0079 0000 0000 45b1d0b1 845a73f7: add_disk_randomness(8:0) 45b1d0b1 845a73f7
[    5.961598] random 0079 0000 0000 45b1d0b1 845a73f7: add_timer_randomness(.. 8388864) with jiffies: 10902437222883754770, cycles: -7544306855120470006
[    5.961601] random 0079 0000 0000 45b1d0b1 845a73f7: added 1 entropy credits to input
[    5.967811] random 0080 0000 0000 45b1d0b1 845a73f7: add_disk_randomness(8:0) 45b1d0b1 845a73f7
[    5.967813] random 0080 0000 0000 45b1d0b1 845a73f7: add_timer_randomness(.. 8388864) with jiffies: 10958358869603746584, cycles: -7488385208400478198
[    5.967816] random 0080 0000 0000 45b1d0b1 845a73f7: added 1 entropy credits to input
[    5.973274] random 0081 0000 0000 45b1d0b1 845a73f7: add_disk_randomness(8:0) 45b1d0b1 845a73f7
[    5.973277] random 0081 0000 0000 45b1d0b1 845a73f7: add_timer_randomness(.. 8388864) with jiffies: 11007523699543474973, cycles: -7439220378460749814
[    5.982375] random 0081 0000 0000 45b1d0b1 845a73f7: add_disk_randomness(8:0) 45b1d0b1 845a73f7
[    5.982378] random 0081 0000 0000 45b1d0b1 845a73f7: add_timer_randomness(.. 8388864) with jiffies: 11089388387545350951, cycles: -7357355690458873846
[    5.982381] random 0081 0000 0000 45b1d0b1 845a73f7: added 2 entropy credits to input
[    5.989794] random 0083 0000 0000 45b1d0b1 845a73f7: add_disk_randomness(8:0) 45b1d0b1 845a73f7
[    5.989797] random 0083 0000 0000 45b1d0b1 845a73f7: add_timer_randomness(.. 8388864) with jiffies: 11156146202393412398, cycles: -7290597875610812406
[    5.989800] random 0083 0000 0000 45b1d0b1 845a73f7: added 1 entropy credits to input
[    5.999475] random 0084 0000 0000 45b1d0b1 845a73f7: add_disk_randomness(8:0) 45b1d0b1 845a73f7
[    5.999478] random 0084 0000 0000 45b1d0b1 845a73f7: add_timer_randomness(.. 8388864) with jiffies: 11243241799784563512, cycles: -7203502278219661302
[    5.999480] random 0084 0000 0000 45b1d0b1 845a73f7: added 1 entropy credits to input
[    6.010103] random 0085 0000 0000 45b1d0b1 845a73f7: add_disk_randomness(8:0) 45b1d0b1 845a73f7
[    6.010106] random 0085 0000 0000 45b1d0b1 845a73f7: add_timer_randomness(.. 8388864) with jiffies: 11338874288921609026, cycles: -7107869789082615798
[    6.022623] random 0085 0000 0000 45b1d0b1 845a73f7: add_disk_randomness(8:0) 45b1d0b1 845a73f7
[    6.022626] random 0085 0000 0000 45b1d0b1 845a73f7: add_timer_randomness(.. 8388864) with jiffies: 11451509488431629135, cycles: -6995234589572595702
[    6.022628] random 0085 0000 0000 45b1d0b1 845a73f7: added 1 entropy credits to input
[    6.023829] random 0086 0000 0000 45b1d0b1 845a73f7: add_disk_randomness(8:0) 45b1d0b1 845a73f7
[    6.023832] random 0086 0000 0000 45b1d0b1 845a73f7: add_timer_randomness(.. 8388864) with jiffies: 11462369875880280912, cycles: -6984374202123943926
[    6.027846] random 0086 0000 0000 45b1d0b1 845a73f7: add_disk_randomness(8:0) 45b1d0b1 845a73f7
[    6.027849] random 0086 0000 0000 45b1d0b1 845a73f7: add_timer_randomness(.. 8388864) with jiffies: 11498504831605900116, cycles: -6948239246398324726
[    6.027851] random 0086 0000 0000 45b1d0b1 845a73f7: added 1 entropy credits to input
[    6.037186] random 0087 0000 0000 45b1d0b1 845a73f7: add_disk_randomness(8:0) 45b1d0b1 845a73f7
[    6.037189] random 0087 0000 0000 45b1d0b1 845a73f7: add_timer_randomness(.. 8388864) with jiffies: 11582549559107879773, cycles: -6864194518896345078
[    6.037192] random 0087 0000 0000 45b1d0b1 845a73f7: added 1 entropy credits to input
[    6.037536] random 0088 0000 0000 45b1d0b1 845a73f7: add_disk_randomness(8:0) 45b1d0b1 845a73f7
[    6.037539] random 0088 0000 0000 45b1d0b1 845a73f7: add_timer_randomness(.. 8388864) with jiffies: 11585684803629581150, cycles: -6861059274374643702
[    6.053194] random 0088 0000 0000 45b1d0b1 845a73f7: add_disk_randomness(8:0) 45b1d0b1 845a73f7
[    6.053197] random 0088 0000 0000 45b1d0b1 845a73f7: add_timer_randomness(.. 8388864) with jiffies: 11726575897195283309, cycles: -6720168180808941558
[    6.053200] random 0088 0000 0000 45b1d0b1 845a73f7: added 3 entropy credits to input
[    6.054831] random 0091 0000 0000 45b1d0b1 845a73f7: add_disk_randomness(8:0) 45b1d0b1 845a73f7
[    6.054834] random 0091 0000 0000 45b1d0b1 845a73f7: add_timer_randomness(.. 8388864) with jiffies: 11741296962026832751, cycles: -6705447115977392118
[    6.054837] random 0091 0000 0000 45b1d0b1 845a73f7: added 1 entropy credits to input
[    6.054985] random 0092 0000 0000 45b1d0b1 845a73f7: add_disk_randomness(8:0) 45b1d0b1 845a73f7
[    6.054988] random 0092 0000 0000 45b1d0b1 845a73f7: add_timer_randomness(.. 8388864) with jiffies: 11742683746837169007, cycles: -6704060331167055862
[    6.065850] random 0092 0000 0000 45b1d0b1 845a73f7: add_disk_randomness(8:0) 45b1d0b1 845a73f7
[    6.065853] random 0092 0000 0000 45b1d0b1 845a73f7: add_timer_randomness(.. 8388864) with jiffies: 11840436837421908858, cycles: -6606307240582316022
[    6.065856] random 0092 0000 0000 45b1d0b1 845a73f7: added 3 entropy credits to input
[    6.066415] random 0095 0000 0000 45b1d0b1 845a73f7: add_disk_randomness(8:0) 45b1d0b1 845a73f7
[    6.066418] random 0095 0000 0000 45b1d0b1 845a73f7: add_timer_randomness(.. 8388864) with jiffies: 11845508553848357755, cycles: -6601235524155867126
[    6.071645] random 0095 0000 0000 45b1d0b1 845a73f7: add_disk_randomness(8:0) 45b1d0b1 845a73f7
[    6.071648] random 0095 0000 0000 45b1d0b1 845a73f7: add_timer_randomness(.. 8388864) with jiffies: 11892573166255178624, cycles: -6554170911749046262
[    6.071651] random 0095 0000 0000 45b1d0b1 845a73f7: added 2 entropy credits to input
[    6.073404] random 0097 0000 0000 45b1d0b1 845a73f7: add_disk_randomness(8:0) 45b1d0b1 845a73f7
[    6.073407] random 0097 0000 0000 45b1d0b1 845a73f7: add_timer_randomness(.. 8388864) with jiffies: 11908389503581782914, cycles: -6538354574422441974
[    6.073409] random 0097 0000 0000 45b1d0b1 845a73f7: added 1 entropy credits to input
[    6.083626] random 0098 0000 0000 45b1d0b1 845a73f7: add_disk_randomness(8:0) 45b1d0b1 845a73f7
[    6.083629] random 0098 0000 0000 45b1d0b1 845a73f7: add_timer_randomness(.. 8388864) with jiffies: 12000369350666847116, cycles: -6446374727337377782
[    6.083632] random 0098 0000 0000 45b1d0b1 845a73f7: added 3 entropy credits to input
[    6.097563] random 0101 0000 0000 45b1d0b1 845a73f7: add_disk_randomness(8:0) 45b1d0b1 845a73f7
[    6.097566] random 0101 0000 0000 45b1d0b1 845a73f7: add_timer_randomness(.. 8388864) with jiffies: 12125755453380199322, cycles: -6320988624624025590
[    6.097569] random 0101 0000 0000 45b1d0b1 845a73f7: added 2 entropy credits to input
[    6.110085] random 0103 0000 0000 45b1d0b1 845a73f7: add_disk_randomness(8:0) 45b1d0b1 845a73f7
[    6.110088] random 0103 0000 0000 45b1d0b1 845a73f7: add_timer_randomness(.. 8388864) with jiffies: 12238428173724517286, cycles: -6208315904279707638
