[    0.000000] random 0000 0000 0000 00000000 00000000: rand_read_num 1 get_random_bytes(8): sig 00000000 00000000 00000000
[    0.000000] random 0000 0000 0000 00000000 00000000: extract_entropy(.. 8 ..)
[    0.000000] random 0000 0000 0000 00000000 00000000: going to reseed nonblocking with 64 bits (64 of 0 requested)
[    0.000000] random 0000 0000 0000 00000000 00000000: extract_entropy(.. 8 ..)
[    0.000000] random 0000 0000 0000 00000000 00000000: trying to extract 64 bits from input
[    0.000000] random 0000 0000 0000 00000000 00000000: debiting 0 entropy credits from input
[    0.000000] random 0000 0000 0000 00000000 00000000: extract_entropy account returned: 0 
[    0.000000] random 0000 0000 0000 00000000 00000000: urand_change_num 1 xfer_secondary_pool(8): pool_sig 00000000, data_sig 00000000, bytes_mixed 0 00000000 00000000
[    0.000000] random 0000 0000 0000 00000000 00000000: trying to extract 64 bits from nonblocking
[    0.000000] random 0000 0000 0000 00000000 00000000: debiting 64 entropy credits from nonblocking (unlimited)
[    0.000000] random 0000 0000 0000 00000000 00000000: extract_entropy account returned: 8 
[    0.000000] random 0000 0000 0000 00000000 00000000: urand_change_num 2 extract_buf: pool_sig 00000000, data_sig fffffff9, bytes_mixed 20 00000000 00000000
[    0.000000] Linux version 2.6.32.57 (dcashman@dcashman-02) (gcc version 4.3.3 (GCC) ) #6 Thu May 30 09:02:12 PDT 2013
[    0.000000] KERNEL supported cpus:
[    0.000000]   Intel GenuineIntel
[    0.000000]   AMD AuthenticAMD
[    0.000000]   NSC Geode by NSC
[    0.000000]   Cyrix CyrixInstead
[    0.000000]   Centaur CentaurHauls
[    0.000000]   Transmeta GenuineTMx86
[    0.000000]   Transmeta TransmetaCPU
[    0.000000]   UMC UMC UMC UMC
[    0.000000] BIOS-provided physical RAM map:
[    0.000000]  BIOS-e820: 0000000000000000 - 000000000009d800 (usable)
[    0.000000]  BIOS-e820: 000000000009d800 - 00000000000a0000 (reserved)
[    0.000000]  BIOS-e820: 00000000000d2000 - 00000000000d4000 (reserved)
[    0.000000]  BIOS-e820: 00000000000e0000 - 0000000000100000 (reserved)
[    0.000000]  BIOS-e820: 0000000000100000 - 000000003d6b0000 (usable)
[    0.000000]  BIOS-e820: 000000003d6b0000 - 000000003d6cc000 (ACPI data)
[    0.000000]  BIOS-e820: 000000003d6cc000 - 000000003d700000 (ACPI NVS)
[    0.000000]  BIOS-e820: 000000003d700000 - 000000003e000000 (reserved)
[    0.000000]  BIOS-e820: 00000000f0000000 - 00000000f4000000 (reserved)
[    0.000000]  BIOS-e820: 00000000fec00000 - 00000000fec10000 (reserved)
[    0.000000]  BIOS-e820: 00000000fed00000 - 00000000fed00400 (reserved)
[    0.000000]  BIOS-e820: 00000000fed14000 - 00000000fed1a000 (reserved)
[    0.000000]  BIOS-e820: 00000000fed1c000 - 00000000fed90000 (reserved)
[    0.000000]  BIOS-e820: 00000000fee00000 - 00000000fee01000 (reserved)
[    0.000000]  BIOS-e820: 00000000ff000000 - 0000000100000000 (reserved)
[    0.000000] DMI present.
[    0.000000] last_pfn = 0x3d6b0 max_arch_pfn = 0x100000
[    0.000000] MTRR default type: uncachable
[    0.000000] MTRR fixed ranges enabled:
[    0.000000]   00000-9FFFF write-back
[    0.000000]   A0000-BFFFF uncachable
[    0.000000]   C0000-CFFFF write-protect
[    0.000000]   D0000-DFFFF uncachable
[    0.000000]   E0000-FFFFF write-protect
[    0.000000] MTRR variable ranges enabled:
[    0.000000]   0 base 03E000000 mask FFE000000 uncachable
[    0.000000]   1 base 000000000 mask FC0000000 write-back
[    0.000000]   2 base 03D700000 mask FFFF00000 uncachable
[    0.000000]   3 base 03D800000 mask FFF800000 uncachable
[    0.000000]   4 disabled
[    0.000000]   5 disabled
[    0.000000]   6 disabled
[    0.000000]   7 disabled
[    0.000000] initial memory mapped : 0 - 02000000
[    0.000000] init_memory_mapping: 0000000000000000-00000000377fe000
[    0.000000]  0000000000 - 0000400000 page 4k
[    0.000000]  0000400000 - 0037400000 page 2M
[    0.000000]  0037400000 - 00377fe000 page 4k
[    0.000000] kernel direct mapping tables up to 377fe000 @ 7000-c000
[    0.000000] ACPI: RSDP 000f68d0 00024 (v02 LENOVO)
[    0.000000] ACPI: XSDT 3d6bb77f 00094 (v01 LENOVO TP-7L    00002170  LTP 00000000)
[    0.000000] ACPI: FACP 3d6bb900 000F4 (v03 LENOVO TP-7L    00002170 LNVO 00000001)
[    0.000000] ACPI Warning: 32/64X length mismatch in Gpe1Block: 0/32 (20090903/tbfadt-526)
[    0.000000] ACPI Warning: Optional field Gpe1Block has zero address or length: 000000000000102C/0 (20090903/tbfadt-557)
[    0.000000] ACPI: DSDT 3d6bbd1d 0FED1 (v01 LENOVO TP-7L    00002170 MSFT 03000000)
[    0.000000] ACPI: FACS 3d6e4000 00040
[    0.000000] ACPI: SSDT 3d6bbab4 00269 (v01 LENOVO TP-7L    00002170 MSFT 03000000)
[    0.000000] ACPI: ECDT 3d6cbbee 00052 (v01 LENOVO TP-7L    00002170 LNVO 00000001)
[    0.000000] ACPI: TCPA 3d6cbc40 00032 (v02 LENOVO TP-7L    00002170 LNVO 00000001)
[    0.000000] ACPI: APIC 3d6cbc72 00068 (v01 LENOVO TP-7L    00002170 LNVO 00000001)
[    0.000000] ACPI: MCFG 3d6cbcda 0003C (v01 LENOVO TP-7L    00002170 LNVO 00000001)
[    0.000000] ACPI: HPET 3d6cbd16 00038 (v01 LENOVO TP-7L    00002170 LNVO 00000001)
[    0.000000] ACPI: SLIC 3d6cbdf0 00176 (v01 LENOVO TP-7L    00002170  LTP 00000000)
[    0.000000] ACPI: BOOT 3d6cbf66 00028 (v01 LENOVO TP-7L    00002170  LTP 00000001)
[    0.000000] ACPI: ASF! 3d6cbf8e 00072 (v16 LENOVO TP-7L    00002170 PTL  00000001)
[    0.000000] ACPI: SSDT 3d6e26d9 0025F (v01 LENOVO TP-7L    00002170 INTL 20050513)
[    0.000000] ACPI: SSDT 3d6e2938 000A6 (v01 LENOVO TP-7L    00002170 INTL 20050513)
[    0.000000] ACPI: SSDT 3d6e29de 004F7 (v01 LENOVO TP-7L    00002170 INTL 20050513)
[    0.000000] ACPI: SSDT 3d6e2ed5 001D8 (v01 LENOVO TP-7L    00002170 INTL 20050513)
[    0.000000] ACPI: DMI detected: Lenovo ThinkPad R61
[    0.000000] ACPI: Added _OSI(Linux)
[    0.000000] ACPI: Local APIC address 0xfee00000
[    0.000000] 94MB HIGHMEM available.
[    0.000000] 887MB LOWMEM available.
[    0.000000]   mapped low ram: 0 - 377fe000
[    0.000000]   low ram: 0 - 377fe000
[    0.000000]   node 0 low ram: 00000000 - 377fe000
[    0.000000]   node 0 bootmap 00008000 - 0000ef00
[    0.000000] (6 early reservations) ==> bootmem [0000000000 - 00377fe000]
[    0.000000]   #0 [0000000000 - 0000001000]   BIOS data page ==> [0000000000 - 0000001000]
[    0.000000]   #1 [0001000000 - 0001bdc180]    TEXT DATA BSS ==> [0001000000 - 0001bdc180]
[    0.000000]   #2 [000009d800 - 0000100000]    BIOS reserved ==> [000009d800 - 0000100000]
[    0.000000]   #3 [0001bdd000 - 0001be516c]              BRK ==> [0001bdd000 - 0001be516c]
[    0.000000]   #4 [0000007000 - 0000008000]          PGTABLE ==> [0000007000 - 0000008000]
[    0.000000]   #5 [0000008000 - 000000f000]          BOOTMAP ==> [0000008000 - 000000f000]
[    0.000000] found SMP MP-table at [c00f6900] f6900
[    0.000000] Zone PFN ranges:
[    0.000000]   DMA      0x00000000 -> 0x00001000
[    0.000000]   Normal   0x00001000 -> 0x000377fe
[    0.000000]   HighMem  0x000377fe -> 0x0003d6b0
[    0.000000] Movable zone start PFN for each node
[    0.000000] early_node_map[2] active PFN ranges
[    0.000000]     0: 0x00000000 -> 0x0000009d
[    0.000000]     0: 0x00000100 -> 0x0003d6b0
[    0.000000] On node 0 totalpages: 251469
[    0.000000] free_area_init_node: node 0, pgdat c1901ea0, node_mem_map c1be7000
[    0.000000]   DMA zone: 32 pages used for memmap
[    0.000000]   DMA zone: 0 pages reserved
[    0.000000]   DMA zone: 3965 pages, LIFO batch:0
[    0.000000]   Normal zone: 1744 pages used for memmap
[    0.000000]   Normal zone: 221486 pages, LIFO batch:31
[    0.000000]   HighMem zone: 190 pages used for memmap
[    0.000000]   HighMem zone: 24052 pages, LIFO batch:3
[    0.000000] Using APIC driver default
[    0.000000] ACPI: PM-Timer IO Port: 0x1008
[    0.000000] ACPI: Local APIC address 0xfee00000
[    0.000000] ACPI: LAPIC (acpi_id[0x00] lapic_id[0x00] enabled)
[    0.000000] ACPI: LAPIC (acpi_id[0x01] lapic_id[0x01] enabled)
[    0.000000] ACPI: NR_CPUS/possible_cpus limit of 1 reached.  Processor 1/0x1 ignored.
[    0.000000] ACPI: LAPIC_NMI (acpi_id[0x00] high edge lint[0x1])
[    0.000000] ACPI: LAPIC_NMI (acpi_id[0x01] high edge lint[0x1])
[    0.000000] ACPI: IOAPIC (id[0x01] address[0xfec00000] gsi_base[0])
[    0.000000] IOAPIC[0]: apic_id 1, version 32, address 0xfec00000, GSI 0-23
[    0.000000] ACPI: INT_SRC_OVR (bus 0 bus_irq 0 global_irq 2 dfl dfl)
[    0.000000] ACPI: INT_SRC_OVR (bus 0 bus_irq 9 global_irq 9 high level)
[    0.000000] ACPI: IRQ0 used by override.
[    0.000000] ACPI: IRQ2 used by override.
[    0.000000] ACPI: IRQ9 used by override.
[    0.000000] Using ACPI (MADT) for SMP configuration information
[    0.000000] ACPI: HPET id: 0x8086a201 base: 0xfed00000
[    0.000000] nr_irqs_gsi: 24
[    0.000000] PM: Registered nosave memory: 000000000009d000 - 000000000009e000
[    0.000000] PM: Registered nosave memory: 000000000009e000 - 00000000000a0000
[    0.000000] PM: Registered nosave memory: 00000000000a0000 - 00000000000d2000
[    0.000000] PM: Registered nosave memory: 00000000000d2000 - 00000000000d4000
[    0.000000] PM: Registered nosave memory: 00000000000d4000 - 00000000000e0000
[    0.000000] PM: Registered nosave memory: 00000000000e0000 - 0000000000100000
[    0.000000] Allocating PCI resources starting at 3e000000 (gap: 3e000000:b2000000)
[    0.000000] Built 1 zonelists in Zone order, mobility grouping on.  Total pages: 249503
[    0.000000] Kernel command line: auto BOOT_IMAGE=Linux ro root=802 vt.default_utf8=0 maxcpus=0
[    0.000000] PID hash table entries: 4096 (order: 2, 16384 bytes)
[    0.000000] Dentry cache hash table entries: 131072 (order: 7, 524288 bytes)
[    0.000000] Inode-cache hash table entries: 65536 (order: 6, 262144 bytes)
[    0.000000] Enabling fast FPU save and restore... done.
[    0.000000] Enabling unmasked SIMD FPU exception support... done.
[    0.000000] Initializing CPU#0
[    0.000000] Initializing HighMem for node 0 (000377fe:0003d6b0)
[    0.000000] Memory: 984800k/1006272k available (6915k kernel code, 20876k reserved, 2327k data, 448k init, 96968k highmem)
[    0.000000] virtual kernel memory layout:
[    0.000000]     fixmap  : 0xfffa3000 - 0xfffff000   ( 368 kB)
[    0.000000]     pkmap   : 0xff800000 - 0xffc00000   (4096 kB)
[    0.000000]     vmalloc : 0xf7ffe000 - 0xff7fe000   ( 120 MB)
[    0.000000]     lowmem  : 0xc0000000 - 0xf77fe000   ( 887 MB)
[    0.000000]       .init : 0xc1907000 - 0xc1977000   ( 448 kB)
[    0.000000]       .data : 0xc16c0d3f - 0xc1906c64   (2327 kB)
[    0.000000]       .text : 0xc1000000 - 0xc16c0d3f   (6915 kB)
[    0.000000] Checking if this processor honours the WP bit even in supervisor mode...Ok.
[    0.000000] SLUB: Genslabs=13, HWalign=64, Order=0-3, MinObjects=0, CPUs=1, Nodes=1
[    0.000000] Hierarchical RCU implementation.
[    0.000000] NR_IRQS:288
[    0.000000] Extended CMOS year: 2000
[    0.000000] Console: colour VGA+ 80x25
[    0.000000] console [tty0] enabled
[    0.000000] hpet clockevent registered
[    0.000000] Fast TSC calibration using PIT
[    0.000000] Detected 2094.474 MHz processor.
[    0.001002] Calibrating delay loop (skipped), value calculated using timer frequency.. 4188.94 BogoMIPS (lpj=2094474)
[    0.001177] Security Framework initialized
[    0.001263] Mount-cache hash table entries: 512
[    0.001411] CPU: L1 I cache: 32K, L1 D cache: 32K
[    0.001540] CPU: L2 cache: 3072K
[    0.001621] mce: CPU supports 6 MCE banks
[    0.001708] CPU0: Thermal monitoring enabled (TM2)
[    0.002003] using mwait in idle threads.
[    0.002088] CPU: Intel(R) Core(TM)2 Duo CPU     T8100  @ 2.10GHz stepping 06
[    0.002270] Checking 'hlt' instruction... OK.
[    0.006937] ACPI: Core revision 20090903
[    0.026012] RANDOM get_random_int first call with cycles 38321677170, jiffies 4294667322 and pid 0
[    0.026020] CANARY value: ba904436 for PID: 1
[    0.026026] CANARY value: 2d940635 for PID: 2
[    0.026051] Enabling APIC mode:  Flat.  Using 1 I/O APICs
[    0.026517] ..TIMER: vector=0x30 apic1=0 pin1=2 apic2=-1 pin2=-1
[    0.036997] xor: automatically using best checksumming function: pIII_sse
[    0.040998]    pIII_sse  :  8568.000 MB/sec
[    0.041091] xor: using function: pIII_sse (8568.000 MB/sec)
[    0.041178] RANDOM - __seed init called.
[    0.041179] RANDOM - __seed init called.
[    0.041180] RANDOM - __seed init called.
[    0.041182] RANDOM - __random32 called. Change num 1.  Value: e6b75c0e	845fdb3c	4764ecc7
[    0.041184] RANDOM - __random32 called. Change num 2.  Value: 75c0e1a6	45fdb3ca	d98f8871
[    0.041186] RANDOM - __random32 called. Change num 3.  Value: e1a6d3e	5fdb3ca9	10e2be79
[    0.041187] RANDOM - __random32 called. Change num 4.  Value: a6d3e877	fdb3ca90	7cf2fee9
[    0.041189] RANDOM - __random32 called. Change num 5.  Value: 3e877b7b	db3ca905	fdd36ca1
[    0.041191] RANDOM - __random32 called. Change num 6.  Value: 77b7ba3d	b3ca905b	d9426901
[    0.041192] RANDOM - random32 init called.  Value: 77b7ba3d	b3ca905b	d9426901
[    0.041210] NET: Registered protocol family 16
[    0.041471] ACPI FADT declares the system doesn't support PCIe ASPM, so disable it
[    0.041593] ACPI: bus type pci registered
[    0.041764] PCI: MCFG configuration 0: base f0000000 segment 0 buses 0 - 63
[    0.041861] PCI: MCFG area at f0000000 reserved in E820
[    0.041950] PCI: Using MMCONFIG for extended config space
[    0.042002] PCI: Using configuration type 1 for base access
[    0.045141] bio: create slab <bio-0> at 0
[    0.045958] ACPI: EC: EC description table is found, configuring boot EC
[    0.051120] ACPI: BIOS _OSI(Linux) query honored via DMI
[    0.051844] random 0000 0000 0000 00000000 00000000: rand_read_num 2 get_random_bytes(8): sig fffffe1a 00000000 00000000
[    0.051847] random 0000 0000 0000 00000000 00000000: extract_entropy(.. 8 ..)
[    0.051850] random 0000 0000 0000 00000000 00000000: going to reseed nonblocking with 64 bits (64 of 0 requested)
[    0.051852] random 0000 0000 0000 00000000 00000000: extract_entropy(.. 8 ..)
[    0.051855] random 0000 0000 0000 00000000 00000000: trying to extract 64 bits from input
[    0.051857] random 0000 0000 0000 00000000 00000000: debiting 0 entropy credits from input
[    0.051859] random 0000 0000 0000 00000000 00000000: extract_entropy account returned: 0 
[    0.051888] random 0000 0000 0000 00000000 00000000: urand_change_num 3 xfer_secondary_pool(8): pool_sig fffffe1a, data_sig 00000000, bytes_mixed 0 00000000 00000000
[    0.051891] random 0000 0000 0000 00000000 00000000: trying to extract 64 bits from nonblocking
[    0.051894] random 0000 0000 0000 00000000 00000000: debiting 64 entropy credits from nonblocking (unlimited)
[    0.051896] random 0000 0000 0000 00000000 00000000: extract_entropy account returned: 8 
[    0.051900] random 0000 0000 0000 00000000 00000000: urand_change_num 4 extract_buf: pool_sig fffffe1a, data_sig fffffed7, bytes_mixed 20 00000000 00000000
[    0.056569] ACPI: Interpreter enabled
[    0.056664] ACPI: (supports S0 S3 S4 S5)
[    0.056975] ACPI: Using IOAPIC for interrupt routing
[    0.066768] ACPI: EC: GPE = 0x12, I/O: command/status = 0x66, data = 0x62
[    0.067067] ACPI: Power Resource [PUBS] (on)
[    0.069182] ACPI: ACPI Dock Station Driver: 3 docks/bays found
[    0.069596] ACPI: PCI Root Bridge [PCI0] (0000:00)
[    0.069767] pci 0000:00:02.0: reg 10 64bit mmio: [0xf8100000-0xf81fffff]
[    0.069773] pci 0000:00:02.0: reg 18 64bit mmio pref: [0xe0000000-0xefffffff]
[    0.069777] pci 0000:00:02.0: reg 20 io port: [0x1800-0x1807]
[    0.069811] pci 0000:00:02.1: reg 10 64bit mmio: [0xf8200000-0xf82fffff]
[    0.069912] pci 0000:00:19.0: reg 10 32bit mmio: [0xfe000000-0xfe01ffff]
[    0.069921] pci 0000:00:19.0: reg 14 32bit mmio: [0xfe025000-0xfe025fff]
[    0.069930] pci 0000:00:19.0: reg 18 io port: [0x1840-0x185f]
[    0.070010] pci 0000:00:19.0: PME# supported from D0 D3hot D3cold
[    0.070105] pci 0000:00:19.0: PME# disabled
[    0.070267] pci 0000:00:1a.0: reg 20 io port: [0x1860-0x187f]
[    0.070347] pci 0000:00:1a.1: reg 20 io port: [0x1880-0x189f]
[    0.070433] pci 0000:00:1a.7: reg 10 32bit mmio: [0xfe226c00-0xfe226fff]
[    0.070515] pci 0000:00:1a.7: PME# supported from D0 D3hot D3cold
[    0.070609] pci 0000:00:1a.7: PME# disabled
[    0.070766] pci 0000:00:1b.0: reg 10 64bit mmio: [0xfe020000-0xfe023fff]
[    0.070847] pci 0000:00:1b.0: PME# supported from D0 D3hot D3cold
[    0.070940] pci 0000:00:1b.0: PME# disabled
[    0.071104] pci 0000:00:1c.0: PME# supported from D0 D3hot D3cold
[    0.071201] pci 0000:00:1c.0: PME# disabled
[    0.071400] pci 0000:00:1c.1: PME# supported from D0 D3hot D3cold
[    0.071498] pci 0000:00:1c.1: PME# disabled
[    0.071695] pci 0000:00:1c.2: PME# supported from D0 D3hot D3cold
[    0.071790] pci 0000:00:1c.2: PME# disabled
[    0.072050] pci 0000:00:1c.3: PME# supported from D0 D3hot D3cold
[    0.072151] pci 0000:00:1c.3: PME# disabled
[    0.073025] pci 0000:00:1c.4: PME# supported from D0 D3hot D3cold
[    0.073119] pci 0000:00:1c.4: PME# disabled
[    0.073267] pci 0000:00:1d.0: reg 20 io port: [0x18a0-0x18bf]
[    0.073353] pci 0000:00:1d.1: reg 20 io port: [0x18c0-0x18df]
[    0.073435] pci 0000:00:1d.2: reg 20 io port: [0x18e0-0x18ff]
[    0.073522] pci 0000:00:1d.7: reg 10 32bit mmio: [0xfe227000-0xfe2273ff]
[    0.073616] pci 0000:00:1d.7: PME# supported from D0 D3hot D3cold
[    0.073710] pci 0000:00:1d.7: PME# disabled
[    0.074013] pci 0000:00:1f.0: quirk: region 1000-107f claimed by ICH6 ACPI/GPIO/TCO
[    0.074152] pci 0000:00:1f.0: quirk: region 1180-11bf claimed by ICH6 GPIO
[    0.074258] pci 0000:00:1f.0: ICH7 LPC Generic IO decode 1 PIO at 1600 (mask 007f)
[    0.074385] pci 0000:00:1f.0: ICH7 LPC Generic IO decode 2 PIO at 15e0 (mask 000f)
[    0.074519] pci 0000:00:1f.0: ICH7 LPC Generic IO decode 3 PIO at 1680 (mask 001f)
[    0.074739] pci 0000:00:1f.1: reg 10 io port: [0x00-0x07]
[    0.074749] pci 0000:00:1f.1: reg 14 io port: [0x00-0x03]
[    0.074756] pci 0000:00:1f.1: reg 18 io port: [0x00-0x07]
[    0.074768] pci 0000:00:1f.1: reg 1c io port: [0x00-0x03]
[    0.074777] pci 0000:00:1f.1: reg 20 io port: [0x1c00-0x1c0f]
[    0.074862] pci 0000:00:1f.2: reg 10 io port: [0x1c50-0x1c57]
[    0.074870] pci 0000:00:1f.2: reg 14 io port: [0x1c44-0x1c47]
[    0.074879] pci 0000:00:1f.2: reg 18 io port: [0x1c48-0x1c4f]
[    0.074888] pci 0000:00:1f.2: reg 1c io port: [0x1c40-0x1c43]
[    0.074897] pci 0000:00:1f.2: reg 20 io port: [0x1c20-0x1c3f]
[    0.074906] pci 0000:00:1f.2: reg 24 32bit mmio: [0xfe226000-0xfe2267ff]
[    0.074963] pci 0000:00:1f.2: PME# supported from D3hot
[    0.074998] pci 0000:00:1f.2: PME# disabled
[    0.075130] pci 0000:00:1f.3: reg 10 32bit mmio: [0xfe227400-0xfe2274ff]
[    0.075154] pci 0000:00:1f.3: reg 20 io port: [0x1c60-0x1c7f]
[    0.075245] pci 0000:00:1c.0: bridge io port: [0x2000-0x2fff]
[    0.075251] pci 0000:00:1c.0: bridge 32bit mmio: [0xfc000000-0xfdffffff]
[    0.075258] pci 0000:00:1c.0: bridge 64bit mmio pref: [0xf8000000-0xf80fffff]
[    0.075333] pci 0000:03:00.0: reg 10 64bit mmio: [0xdf3f0000-0xdf3fffff]
[    0.075526] pci 0000:00:1c.1: bridge io port: [0x3000-0x3fff]
[    0.075533] pci 0000:00:1c.1: bridge 32bit mmio: [0xdc000000-0xdf3fffff]
[    0.075541] pci 0000:00:1c.1: bridge 64bit mmio pref: [0xdfe00000-0xdfefffff]
[    0.075598] pci 0000:00:1c.2: bridge io port: [0x4000-0x4fff]
[    0.075605] pci 0000:00:1c.2: bridge 32bit mmio: [0xd8000000-0xd9ffffff]
[    0.075614] pci 0000:00:1c.2: bridge 64bit mmio pref: [0xdfb00000-0xdfbfffff]
[    0.075670] pci 0000:00:1c.3: bridge io port: [0x5000-0x5fff]
[    0.075676] pci 0000:00:1c.3: bridge 32bit mmio: [0xd4000000-0xd5ffffff]
[    0.075683] pci 0000:00:1c.3: bridge 64bit mmio pref: [0xdf800000-0xdf8fffff]
[    0.075739] pci 0000:00:1c.4: bridge io port: [0x6000-0x6fff]
[    0.075744] pci 0000:00:1c.4: bridge 32bit mmio: [0xd0000000-0xd1ffffff]
[    0.075750] pci 0000:00:1c.4: bridge 64bit mmio pref: [0xdf500000-0xdf5fffff]
[    0.075809] pci 0000:15:00.0: reg 10 32bit mmio: [0xf8300000-0xf8300fff]
[    0.075863] pci 0000:15:00.0: supports D1 D2
[    0.075864] pci 0000:15:00.0: PME# supported from D0 D1 D2 D3hot D3cold
[    0.076000] pci 0000:15:00.0: PME# disabled
[    0.076149] pci 0000:15:00.1: reg 10 32bit mmio: [0xf8301000-0xf83017ff]
[    0.076246] pci 0000:15:00.1: supports D1 D2
[    0.076248] pci 0000:15:00.1: PME# supported from D0 D1 D2 D3hot D3cold
[    0.076341] pci 0000:15:00.1: PME# disabled
[    0.076524] pci 0000:00:1e.0: transparent bridge
[    0.076618] pci 0000:00:1e.0: bridge io port: [0x7000-0xafff]
[    0.076624] pci 0000:00:1e.0: bridge 32bit mmio: [0xf8300000-0xfbffffff]
[    0.076633] pci 0000:00:1e.0: bridge 64bit mmio pref: [0xf4000000-0xf7ffffff]
[    0.076697] pci_bus 0000:00: on NUMA node 0
[    0.076701] ACPI: PCI Interrupt Routing Table [\_SB_.PCI0._PRT]
[    0.076835] ACPI: PCI Interrupt Routing Table [\_SB_.PCI0.EXP0._PRT]
[    0.076894] ACPI: PCI Interrupt Routing Table [\_SB_.PCI0.EXP1._PRT]
[    0.076952] ACPI: PCI Interrupt Routing Table [\_SB_.PCI0.EXP2._PRT]
[    0.077046] ACPI: PCI Interrupt Routing Table [\_SB_.PCI0.EXP3._PRT]
[    0.077109] ACPI: PCI Interrupt Routing Table [\_SB_.PCI0.EXP4._PRT]
[    0.077171] ACPI: PCI Interrupt Routing Table [\_SB_.PCI0.PCI1._PRT]
[    0.082636] ACPI: PCI Interrupt Link [LNKA] (IRQs 3 4 5 6 7 9 *10 11)
[    0.083474] ACPI: PCI Interrupt Link [LNKB] (IRQs 3 4 5 6 7 9 10 *11)
[    0.084256] ACPI: PCI Interrupt Link [LNKC] (IRQs 3 4 5 6 7 9 10 *11)
[    0.085131] ACPI: PCI Interrupt Link [LNKD] (IRQs 3 4 5 6 7 9 10 *11)
[    0.085943] ACPI: PCI Interrupt Link [LNKE] (IRQs 3 4 5 6 7 9 10 *11)
[    0.086764] ACPI: PCI Interrupt Link [LNKF] (IRQs 3 4 5 6 7 9 10 *11)
[    0.087576] ACPI: PCI Interrupt Link [LNKG] (IRQs 3 4 5 6 7 9 10 *11)
[    0.088374] ACPI: PCI Interrupt Link [LNKH] (IRQs 3 4 5 6 7 9 10 *11)
[    0.089128] vgaarb: device added: PCI:0000:00:02.0,decodes=io+mem,owns=io+mem,locks=none
[    0.089253] vgaarb: loaded
[    0.089440] SCSI subsystem initialized
[    0.089548] libata version 3.00 loaded.
[    0.089596] usbcore: registered new interface driver usbfs
[    0.089728] usbcore: registered new interface driver hub
[    0.089840] usbcore: registered new device driver usb
[    0.107048] raid6: int32x1    941 MB/s
[    0.123990] raid6: int32x2    886 MB/s
[    0.141063] raid6: int32x4    750 MB/s
[    0.157986] raid6: int32x8    656 MB/s
[    0.174984] raid6: mmxx1     2878 MB/s
[    0.191987] raid6: mmxx2     3253 MB/s
[    0.209000] raid6: sse1x1    1937 MB/s
[    0.225980] raid6: sse1x2    2531 MB/s
[    0.242976] raid6: sse2x1    3507 MB/s
[    0.259976] raid6: sse2x2    3828 MB/s
[    0.260078] raid6: using algorithm sse2x2 (3828 MB/s)
[    0.260177] PCI: Using ACPI for IRQ routing
[    0.260480] HPET: 3 timers in total, 0 timers will be used for per-cpu timer
[    0.260982] Switching to clocksource tsc
[    0.261088] pnp: PnP ACPI init
[    0.261179] ACPI: bus type pnp registered
[    0.264900] pnp: PnP ACPI: found 11 devices
[    0.264994] ACPI: ACPI bus type pnp unregistered
[    0.265089] system 00:00: iomem range 0x0-0x9ffff could not be reserved
[    0.265186] system 00:00: iomem range 0xc0000-0xc3fff could not be reserved
[    0.265280] system 00:00: iomem range 0xc4000-0xc7fff could not be reserved
[    0.265374] system 00:00: iomem range 0xc8000-0xcbfff has been reserved
[    0.265474] system 00:00: iomem range 0xcc000-0xcffff has been reserved
[    0.265564] system 00:00: iomem range 0xd0000-0xd3fff could not be reserved
[    0.265664] system 00:00: iomem range 0xe0000-0xe3fff could not be reserved
[    0.265760] system 00:00: iomem range 0xe4000-0xe7fff could not be reserved
[    0.265850] system 00:00: iomem range 0xe8000-0xebfff could not be reserved
[    0.265943] system 00:00: iomem range 0xec000-0xeffff could not be reserved
[    0.266035] system 00:00: iomem range 0xf0000-0xfffff could not be reserved
[    0.266128] system 00:00: iomem range 0x100000-0x3dffffff could not be reserved
[    0.266258] system 00:00: iomem range 0xfec00000-0xfed3ffff could not be reserved
[    0.266380] system 00:00: iomem range 0xfed4c000-0xffffffff could not be reserved
[    0.266509] system 00:02: ioport range 0x164e-0x164f has been reserved
[    0.266605] system 00:02: ioport range 0x1000-0x107f has been reserved
[    0.266700] system 00:02: ioport range 0x1180-0x11bf has been reserved
[    0.266794] system 00:02: ioport range 0x800-0x80f has been reserved
[    0.266889] system 00:02: ioport range 0x15e0-0x15ef has been reserved
[    0.266979] system 00:02: ioport range 0x1600-0x165f could not be reserved
[    0.267072] system 00:02: iomem range 0xf0000000-0xf3ffffff has been reserved
[    0.267173] system 00:02: iomem range 0xfed1c000-0xfed1ffff has been reserved
[    0.267261] system 00:02: iomem range 0xfed14000-0xfed17fff has been reserved
[    0.267357] system 00:02: iomem range 0xfed18000-0xfed18fff has been reserved
[    0.267451] system 00:02: iomem range 0xfed19000-0xfed19fff has been reserved
[    0.267544] system 00:02: iomem range 0xfed45000-0xfed4bfff has been reserved
[    0.302586] pci 0000:00:1c.0: PCI bridge, secondary bus 0000:02
[    0.302688] pci 0000:00:1c.0:   IO window: 0x2000-0x2fff
[    0.302792] pci 0000:00:1c.0:   MEM window: 0xfc000000-0xfdffffff
[    0.302903] pci 0000:00:1c.0:   PREFETCH window: 0x000000f8000000-0x000000f80fffff
[    0.303038] pci 0000:00:1c.1: PCI bridge, secondary bus 0000:03
[    0.303140] pci 0000:00:1c.1:   IO window: 0x3000-0x3fff
[    0.303246] pci 0000:00:1c.1:   MEM window: 0xdc000000-0xdf3fffff
[    0.303349] pci 0000:00:1c.1:   PREFETCH window: 0x000000dfe00000-0x000000dfefffff
[    0.303477] pci 0000:00:1c.2: PCI bridge, secondary bus 0000:04
[    0.303569] pci 0000:00:1c.2:   IO window: 0x4000-0x4fff
[    0.303664] pci 0000:00:1c.2:   MEM window: 0xd8000000-0xd9ffffff
[    0.303762] pci 0000:00:1c.2:   PREFETCH window: 0x000000dfb00000-0x000000dfbfffff
[    0.303891] pci 0000:00:1c.3: PCI bridge, secondary bus 0000:05
[    0.303983] pci 0000:00:1c.3:   IO window: 0x5000-0x5fff
[    0.304074] pci 0000:00:1c.3:   MEM window: 0xd4000000-0xd5ffffff
[    0.304176] pci 0000:00:1c.3:   PREFETCH window: 0x000000df800000-0x000000df8fffff
[    0.304305] pci 0000:00:1c.4: PCI bridge, secondary bus 0000:0d
[    0.304403] pci 0000:00:1c.4:   IO window: 0x6000-0x6fff
[    0.304504] pci 0000:00:1c.4:   MEM window: 0xd0000000-0xd1ffffff
[    0.304596] pci 0000:00:1c.4:   PREFETCH window: 0x000000df500000-0x000000df5fffff
[    0.304738] pci 0000:15:00.0: CardBus bridge, secondary bus 0000:16
[    0.304826] pci 0000:15:00.0:   IO window: 0x007000-0x0070ff
[    0.304928] pci 0000:15:00.0:   IO window: 0x007400-0x0074ff
[    0.305023] pci 0000:15:00.0:   PREFETCH window: 0xf4000000-0xf7ffffff
[    0.305131] pci 0000:15:00.0:   MEM window: 0x40000000-0x43ffffff
[    0.305242] pci 0000:00:1e.0: PCI bridge, secondary bus 0000:15
[    0.305333] pci 0000:00:1e.0:   IO window: 0x7000-0xafff
[    0.305434] pci 0000:00:1e.0:   MEM window: 0xf8300000-0xfbffffff
[    0.305527] pci 0000:00:1e.0:   PREFETCH window: 0x000000f4000000-0x000000f7ffffff
[    0.305666] pci 0000:00:1c.0: PCI INT A -> GSI 20 (level, low) -> IRQ 20
[    0.305777] pci 0000:00:1c.0: setting latency timer to 64
[    0.305792] pci 0000:00:1c.1: PCI INT B -> GSI 21 (level, low) -> IRQ 21
[    0.305896] pci 0000:00:1c.1: setting latency timer to 64
[    0.305909] pci 0000:00:1c.2: PCI INT C -> GSI 22 (level, low) -> IRQ 22
[    0.306010] pci 0000:00:1c.2: setting latency timer to 64
[    0.306022] pci 0000:00:1c.3: PCI INT D -> GSI 23 (level, low) -> IRQ 23
[    0.306123] pci 0000:00:1c.3: setting latency timer to 64
[    0.306134] pci 0000:00:1c.4: PCI INT A -> GSI 20 (level, low) -> IRQ 20
[    0.306230] pci 0000:00:1c.4: setting latency timer to 64
[    0.306239] pci 0000:00:1e.0: enabling device (0005 -> 0007)
[    0.306345] pci 0000:00:1e.0: setting latency timer to 64
[    0.306359] pci 0000:15:00.0: PCI INT A -> GSI 16 (level, low) -> IRQ 16
[    0.306456] pci 0000:15:00.0: setting latency timer to 64
[    0.306462] pci_bus 0000:00: resource 0 io:  [0x00-0xffff]
[    0.306464] pci_bus 0000:00: resource 1 mem: [0x000000-0xffffffff]
[    0.306466] pci_bus 0000:02: resource 0 io:  [0x2000-0x2fff]
[    0.306468] pci_bus 0000:02: resource 1 mem: [0xfc000000-0xfdffffff]
[    0.306470] pci_bus 0000:02: resource 2 pref mem [0xf8000000-0xf80fffff]
[    0.306471] pci_bus 0000:03: resource 0 io:  [0x3000-0x3fff]
[    0.306473] pci_bus 0000:03: resource 1 mem: [0xdc000000-0xdf3fffff]
[    0.306475] pci_bus 0000:03: resource 2 pref mem [0xdfe00000-0xdfefffff]
[    0.306477] pci_bus 0000:04: resource 0 io:  [0x4000-0x4fff]
[    0.306479] pci_bus 0000:04: resource 1 mem: [0xd8000000-0xd9ffffff]
[    0.306480] pci_bus 0000:04: resource 2 pref mem [0xdfb00000-0xdfbfffff]
[    0.306482] pci_bus 0000:05: resource 0 io:  [0x5000-0x5fff]
[    0.306484] pci_bus 0000:05: resource 1 mem: [0xd4000000-0xd5ffffff]
[    0.306486] pci_bus 0000:05: resource 2 pref mem [0xdf800000-0xdf8fffff]
[    0.306488] pci_bus 0000:0d: resource 0 io:  [0x6000-0x6fff]
[    0.306489] pci_bus 0000:0d: resource 1 mem: [0xd0000000-0xd1ffffff]
[    0.306491] pci_bus 0000:0d: resource 2 pref mem [0xdf500000-0xdf5fffff]
[    0.306493] pci_bus 0000:15: resource 0 io:  [0x7000-0xafff]
[    0.306495] pci_bus 0000:15: resource 1 mem: [0xf8300000-0xfbffffff]
[    0.306497] pci_bus 0000:15: resource 2 pref mem [0xf4000000-0xf7ffffff]
[    0.306498] pci_bus 0000:15: resource 3 io:  [0x00-0xffff]
[    0.306500] pci_bus 0000:15: resource 4 mem: [0x000000-0xffffffff]
[    0.306502] pci_bus 0000:16: resource 0 io:  [0x7000-0x70ff]
[    0.306504] pci_bus 0000:16: resource 1 io:  [0x7400-0x74ff]
[    0.306506] pci_bus 0000:16: resource 2 pref mem [0xf4000000-0xf7ffffff]
[    0.306507] pci_bus 0000:16: resource 3 mem: [0x40000000-0x43ffffff]
[    0.306515] NET: Registered protocol family 2
[    0.306607] RANDOM - __random32 called. Change num 7.  Value: 7ba3d01e	3ca905be	d2026a24
[    0.306608] RANDOM - random32 called.  Value: 7ba3d01e	3ca905be	d2026a24
[    0.306613] random 0000 0000 0000 5f8db4e5 4cfdf2a8: rand_read_num 3 get_random_bytes(4): sig fffffb64 5f8db4e5 4cfdf2a8
[    0.306615] random 0000 0000 0000 5f8db4e5 4cfdf2a8: extract_entropy(.. 4 ..)
[    0.306618] random 0000 0000 0000 5f8db4e5 4cfdf2a8: going to reseed nonblocking with 64 bits (32 of 0 requested)
[    0.306620] random 0000 0000 0000 5f8db4e5 4cfdf2a8: extract_entropy(.. 8 ..)
[    0.306622] random 0000 0000 0000 5f8db4e5 4cfdf2a8: trying to extract 64 bits from input
[    0.306624] random 0000 0000 0000 5f8db4e5 4cfdf2a8: debiting 0 entropy credits from input
[    0.306626] random 0000 0000 0000 5f8db4e5 4cfdf2a8: extract_entropy account returned: 0 
[    0.306629] random 0000 0000 0000 5f8db4e5 4cfdf2a8: urand_change_num 5 xfer_secondary_pool(4): pool_sig fffffb64, data_sig 00000000, bytes_mixed 0 5f8db4e5 4cfdf2a8
[    0.306632] random 0000 0000 0000 5f8db4e5 4cfdf2a8: trying to extract 32 bits from nonblocking
[    0.306634] random 0000 0000 0000 5f8db4e5 4cfdf2a8: debiting 32 entropy credits from nonblocking (unlimited)
[    0.306636] random 0000 0000 0000 5f8db4e5 4cfdf2a8: extract_entropy account returned: 4 
[    0.306641] random 0000 0000 0000 5f8db4e5 4cfdf2a8: urand_change_num 6 extract_buf: pool_sig fffffb64, data_sig 00000241, bytes_mixed 20 5f8db4e5 4cfdf2a8
[    0.306650] IP route cache hash table entries: 32768 (order: 5, 131072 bytes)
[    0.306781] RANDOM - __random32 called. Change num 8.  Value: 3d01e034	ca905be7	d4484227
[    0.306782] RANDOM - random32 called.  Value: 3d01e034	ca905be7	d4484227
[    0.306793] RANDOM - __random32 called. Change num 9.  Value: 1e034020	a905be70	844ec14a
[    0.306794] RANDOM - random32 called.  Value: 1e034020	a905be70	844ec14a
[    0.306796] RANDOM - __random32 called. Change num 10.  Value: 34020ec0	905be706	8294c719
[    0.306798] RANDOM - random32 called.  Value: 34020ec0	905be706	8294c719
[    0.306808] RANDOM - __random32 called. Change num 11.  Value: 20ec0ebb	5be7068	8e32c65f
[    0.306810] RANDOM - random32 called.  Value: 20ec0ebb	5be7068	8e32c65f
[    0.306819] TCP established hash table entries: 131072 (order: 8, 1048576 bytes)
[    0.307314] TCP bind hash table entries: 65536 (order: 6, 262144 bytes)
[    0.307499] TCP: Hash tables configured (established 131072 bind 65536)
[    0.307600] TCP reno registered
[    0.307707] NET: Registered protocol family 1
[    0.307828] RPC: Registered udp transport module.
[    0.307927] RPC: Registered tcp transport module.
[    0.308016] RPC: Registered tcp NFSv4.1 backchannel transport module.
[    0.308121] pci 0000:00:02.0: Boot video device
[    0.308332] Simple Boot Flag at 0x35 set to 0x1
[    0.308852] highmem bounce pool size: 64 pages
[    0.310416] VFS: Disk quotas dquot_6.5.2
[    0.310538] Dquot-cache hash table entries: 1024 (order 0, 4096 bytes)
[    0.311223] NTFS driver 2.1.29 [Flags: R/W].
[    0.311384] ROMFS MTD (C) 2007 Red Hat, Inc.
[    0.311600] JFS: nTxBlock = 7695, nTxLock = 61562
[    0.314075] SGI XFS with ACLs, security attributes, large block/inode numbers, no debug enabled
[    0.314553] SGI XFS Quota Management subsystem
[    0.314844] Slow work thread pool: Starting up
[    0.315005] Slow work thread pool: Ready
[    0.315105] GFS2 (built May 24 2013 02:47:17) installed
[    0.315199] msgmni has been set to 1734
[    0.315369] alg: No test for cipher_null (cipher_null-generic)
[    0.315470] alg: No test for ecb(cipher_null) (ecb-cipher_null)
[    0.315570] alg: No test for digest_null (digest_null-generic)
[    0.315673] alg: No test for compress_null (compress_null-generic)
[    0.316231] alg: No test for fcrypt (fcrypt-generic)
[    0.317645] alg: No test for stdrng (krng)
[    0.317736] async_tx: api initialized (async)
[    0.317899] Block layer SCSI generic (bsg) driver version 0.4 loaded (major 254)
[    0.318030] io scheduler noop registered
[    0.318115] io scheduler anticipatory registered
[    0.318205] io scheduler deadline registered
[    0.318338] io scheduler cfq registered (default)
[    0.318573] pcieport 0000:00:1c.0: irq 24 for MSI/MSI-X
[    0.318589] pcieport 0000:00:1c.0: setting latency timer to 64
[    0.318772] pcieport 0000:00:1c.1: irq 25 for MSI/MSI-X
[    0.318783] pcieport 0000:00:1c.1: setting latency timer to 64
[    0.318990] pcieport 0000:00:1c.2: irq 26 for MSI/MSI-X
[    0.319002] pcieport 0000:00:1c.2: setting latency timer to 64
[    0.319182] pcieport 0000:00:1c.3: irq 27 for MSI/MSI-X
[    0.319191] pcieport 0000:00:1c.3: setting latency timer to 64
[    0.319369] pcieport 0000:00:1c.4: irq 28 for MSI/MSI-X
[    0.319381] pcieport 0000:00:1c.4: setting latency timer to 64
[    0.319524] pci_hotplug: PCI Hot Plug PCI Core version: 0.5
[    0.319717] isapnp: Scanning for PnP cards...
[    0.680246] isapnp: No Plug & Play device found
[    0.680338] random 0000 0000 0000 5f8db4e5 4cfdf2a8: initializing
[    0.680340] RANDOM init_std_data for input now value: 1369913281680340817
[    0.680342] RANDOM init_std_data for blocking now value: 1369913281680342903
[    0.680344] RANDOM init_std_data for nonblocking now value: 1369913281680344612
[    0.699967] Serial: 8250/16550 driver, 4 ports, IRQ sharing enabled
[    3.711116] floppy0: no floppy controllers found
[    3.712068] brd: module loaded
[    3.712572] loop: module loaded
[    3.712665] Compaq SMART2 Driver (v 2.6.0)
[    3.712787] HP CISS Driver (v 3.6.20)
[    3.713030] input: Macintosh mouse button emulation as /devices/virtual/input/input0
[    3.713183] Uniform Multi-Platform E-IDE driver
[    3.713407] piix 0000:00:1f.1: IDE controller (0x8086:0x2850 rev 0x03)
[    3.713515] pci 0000:00:1f.1: PCI INT C -> GSI 16 (level, low) -> IRQ 16
[    3.713622] piix 0000:00:1f.1: IDE port disabled
[    3.713721] piix 0000:00:1f.1: not 100% native mode: will probe irqs later
[    3.713822]     ide0: BM-DMA at 0x1c00-0x1c07
[    3.713917] Probing IDE interface ide0...
[    4.385382] hda: HL-DT-ST DVDRAM GSA-U10N, ATAPI CD/DVD-ROM drive
[    4.692216] hda: host max PIO4 wanted PIO255(auto-tune) selected PIO4
[    4.692988] hda: UDMA/33 mode selected
[    4.693457] ide0 at 0x1f0-0x1f7,0x3f6 on irq 14
[    4.697375] ide-gd driver 1.18
[    4.697486] ide-cd driver 5.00
[    4.698881] random 0000 0000 0000 00000000 00000000: add_disk_randomness(0:0) 00000000 00000000
[    4.698885] random 0000 0000 0000 00000000 00000000: add_timer_randomness(.. 256) with jiffies: 5268733048831835770, cycles: 5268733044537163787
[    4.698888] random 0000 0000 0000 00000000 00000000: added 11 entropy credits to input
[    4.698891] ide-cd: hda: ATAPI 24X DVD-ROM DVD-R/RAM CD-R/RW drive, 2048kB Cache
[    4.699358] Uniform CD-ROM driver Revision: 3.20
[    4.702100] random 0011 0000 0000 00000000 00000000: add_disk_randomness(0:0) 00000000 00000000
[    4.702103] random 0011 0000 0000 00000000 00000000: add_timer_randomness(.. 256) with jiffies: 5297691015421591165, cycles: 5297691011126919179
[    4.702105] random 0011 0000 0000 00000000 00000000: added 1 entropy credits to input
[    4.702108] random 0012 0000 0000 00000000 00000000: add_disk_randomness(0:0) 00000000 00000000
[    4.702111] random 0012 0000 0000 00000000 00000000: add_timer_randomness(.. 256) with jiffies: 5297767951170764413, cycles: 5297767946876092427
[    4.704098] random 0012 0000 0000 00000000 00000000: add_disk_randomness(0:0) 00000000 00000000
[    4.704101] random 0012 0000 0000 00000000 00000000: add_timer_randomness(.. 256) with jiffies: 5315670079235128959, cycles: 5315670074940456971
[    4.704104] random 0012 0000 0000 00000000 00000000: added 1 entropy credits to input
[    4.704107] random 0013 0000 0000 00000000 00000000: add_disk_randomness(0:0) 00000000 00000000
[    4.704110] random 0013 0000 0000 00000000 00000000: add_timer_randomness(.. 256) with jiffies: 5315746065796529791, cycles: 5315746061501857803
[    4.706099] random 0013 0000 0000 00000000 00000000: add_disk_randomness(0:0) 00000000 00000000
[    4.706102] random 0013 0000 0000 00000000 00000000: add_timer_randomness(.. 256) with jiffies: 5333670201273319041, cycles: 5333670196978647051
[    4.706105] random 0013 0000 0000 00000000 00000000: added 1 entropy credits to input
[    4.706108] random 0014 0000 0000 00000000 00000000: add_disk_randomness(0:0) 00000000 00000000
[    4.706110] random 0014 0000 0000 00000000 00000000: add_timer_randomness(.. 256) with jiffies: 5333743529249963649, cycles: 5333743524955291659
[    4.706389] Loading iSCSI transport class v2.0-870.
[    4.706677] rdac: device handler registered
[    4.706765] hp_sw: device handler registered
[    4.706853] emc: device handler registered
[    4.706943] alua: device handler registered
[    4.707941] Adaptec aacraid driver 1.1-5[2461]-ms
[    4.708369] scsi: <fdomain> Detection failed (no card)
[    4.708468] sym53c416.c: Version 1.0.0-ac
[    4.708576] qlogicfas: no cards were found, please specify I/O address and IRQ using iobase= and irq= options
[    4.708705] QLogic Fibre Channel HBA Driver: 8.03.01-k6
[    4.708933] iscsi: registered transport (qla4xxx)
[    4.709041] QLogic iSCSI HBA Driver
[    4.709127] Emulex LightPulse Fibre Channel SCSI driver 8.3.4
[    4.709222] Copyright(c) 2004-2009 Emulex.  All rights reserved.
[    4.731205] Failed initialization of WD-7000 SCSI card!
[    4.820647] DC390: clustering now enabled by default. If you get problems load
[    4.820768]        with "disable_clustering=1" and report to maintainers
[    4.820898] megaraid cmm: 2.20.2.7 (Release Date: Sun Jul 16 00:01:03 EST 2006)
[    4.821053] megaraid: 2.20.5.1 (Release Date: Thu Nov 16 15:32:35 EST 2006)
[    4.821169] megasas: 00.00.04.01 Thu July 24 11:41:51 PST 2008
[    4.821305] GDT-HA: Storage RAID Controller Driver. Version: 3.05
[    4.821451] 3ware Storage Controller device driver for Linux v1.26.02.002.
[    4.821565] 3ware 9000 Storage Controller device driver for Linux v2.26.02.012.
[    4.821711] nsp32: loading...
[    4.821828] ipr: IBM Power RAID SCSI Device Driver version: 2.4.3 (June 10, 2009)
[    4.821971] RocketRAID 3xxx/4xxx Controller driver v1.6 (090910)
[    4.822080] stex: Promise SuperTrak EX Driver version: 4.6.0000.3
[    4.822221] st: Version 20081215, fixed bufsize 32768, s/g segs 256
[    4.822411] ahci 0000:00:1f.2: version 3.0
[    4.822430] ahci 0000:00:1f.2: PCI INT B -> GSI 16 (level, low) -> IRQ 16
[    4.822563] ahci 0000:00:1f.2: irq 29 for MSI/MSI-X
[    4.822625] ahci 0000:00:1f.2: AHCI 0001.0100 32 slots 3 ports 1.5 Gbps 0x5 impl SATA mode
[    4.822755] ahci 0000:00:1f.2: flags: 64bit ncq sntf pm led clo pio slum part ccc 
[    4.822881] ahci 0000:00:1f.2: setting latency timer to 64
[    4.823024] scsi2 : ahci
[    4.823184] scsi3 : ahci
[    4.823336] scsi4 : ahci
[    4.823510] ata1: SATA max UDMA/133 abar m2048@0xfe226000 port 0xfe226100 irq 29
[    4.823631] ata2: DUMMY
[    4.823713] ata3: SATA max UDMA/133 abar m2048@0xfe226000 port 0xfe226200 irq 29
[    4.824327] I2O subsystem v1.325
[    4.824415] i2o: max drivers = 8
[    4.824557] I2O Configuration OSM v1.323
[    4.824660] I2O Bus Adapter OSM v1.317
[    4.824762] I2O Block Device OSM v1.325
[    4.824919] I2O SCSI Peripheral OSM v1.316
[    4.825026] I2O ProcFS OSM v1.316
[    4.825131] Fusion MPT base driver 3.04.12
[    4.825246] Copyright (c) 1999-2008 LSI Corporation
[    4.825346] Fusion MPT SPI Host driver 3.04.12
[    4.825492] Fusion MPT FC Host driver 3.04.12
[    4.825607] Fusion MPT SAS Host driver 3.04.12
[    4.825759] ohci1394 0000:15:00.1: PCI INT B -> GSI 17 (level, low) -> IRQ 17
[    4.825853] ohci1394 0000:15:00.1: setting latency timer to 64
[    4.879237] ohci1394: fw-host0: OHCI-1394 1.1 (PCI): IRQ=[17]  MMIO=[f8301000-f83017ff]  Max Packet=[2048]  IR/IT contexts=[4/4]
[    4.882501] ehci_hcd: USB 2.0 'Enhanced' Host Controller (EHCI) Driver
[    4.882772] ehci_hcd 0000:00:1a.7: power state changed by ACPI to D0
[    4.883066] ehci_hcd 0000:00:1a.7: power state changed by ACPI to D0
[    4.883163] ehci_hcd 0000:00:1a.7: PCI INT C -> GSI 22 (level, low) -> IRQ 22
[    4.883266] ehci_hcd 0000:00:1a.7: setting latency timer to 64
[    4.883269] ehci_hcd 0000:00:1a.7: EHCI Host Controller
[    4.883414] ehci_hcd 0000:00:1a.7: new USB bus registered, assigned bus number 1
[    4.887444] ehci_hcd 0000:00:1a.7: cache line size of 32 is not supported
[    4.887451] ehci_hcd 0000:00:1a.7: irq 22, io mem 0xfe226c00
[    4.897200] ehci_hcd 0000:00:1a.7: USB 2.0 started, EHCI 1.00
[    4.897313] usb usb1: New USB device found, idVendor=1d6b, idProduct=0002
[    4.897403] usb usb1: New USB device strings: Mfr=3, Product=2, SerialNumber=1
[    4.897524] usb usb1: Product: EHCI Host Controller
[    4.897612] usb usb1: Manufacturer: Linux 2.6.32.57 ehci_hcd
[    4.897706] usb usb1: SerialNumber: 0000:00:1a.7
[    4.897843] usb usb1: configuration #1 chosen from 1 choice
[    4.897963] hub 1-0:1.0: USB hub found
[    4.898067] hub 1-0:1.0: 4 ports detected
[    4.898374] ehci_hcd 0000:00:1d.7: power state changed by ACPI to D0
[    4.898613] ehci_hcd 0000:00:1d.7: power state changed by ACPI to D0
[    4.898720] ehci_hcd 0000:00:1d.7: PCI INT D -> GSI 19 (level, low) -> IRQ 19
[    4.898832] ehci_hcd 0000:00:1d.7: setting latency timer to 64
[    4.898837] ehci_hcd 0000:00:1d.7: EHCI Host Controller
[    4.898964] ehci_hcd 0000:00:1d.7: new USB bus registered, assigned bus number 2
[    4.899117] ehci_hcd 0000:00:1d.7: debug port 1
[    4.903098] ehci_hcd 0000:00:1d.7: cache line size of 32 is not supported
[    4.903105] ehci_hcd 0000:00:1d.7: irq 19, io mem 0xfe227000
[    4.913202] ehci_hcd 0000:00:1d.7: USB 2.0 started, EHCI 1.00
[    4.913309] usb usb2: New USB device found, idVendor=1d6b, idProduct=0002
[    4.913402] usb usb2: New USB device strings: Mfr=3, Product=2, SerialNumber=1
[    4.913536] usb usb2: Product: EHCI Host Controller
[    4.913625] usb usb2: Manufacturer: Linux 2.6.32.57 ehci_hcd
[    4.913722] usb usb2: SerialNumber: 0000:00:1d.7
[    4.913862] usb usb2: configuration #1 chosen from 1 choice
[    4.913980] hub 2-0:1.0: USB hub found
[    4.914081] hub 2-0:1.0: 6 ports detected
[    4.914278] 116x: driver isp116x-hcd, 03 Nov 2005
[    4.914380] ohci_hcd: USB 1.1 'Open' Host Controller (OHCI) Driver
[    4.914503] uhci_hcd: USB Universal Host Controller Interface driver
[    4.914619] uhci_hcd 0000:00:1a.0: PCI INT A -> GSI 20 (level, low) -> IRQ 20
[    4.914725] uhci_hcd 0000:00:1a.0: setting latency timer to 64
[    4.914730] uhci_hcd 0000:00:1a.0: UHCI Host Controller
[    4.914862] uhci_hcd 0000:00:1a.0: new USB bus registered, assigned bus number 3
[    4.915021] uhci_hcd 0000:00:1a.0: irq 20, io base 0x00001860
[    4.915140] usb usb3: New USB device found, idVendor=1d6b, idProduct=0001
[    4.915243] usb usb3: New USB device strings: Mfr=3, Product=2, SerialNumber=1
[    4.915375] usb usb3: Product: UHCI Host Controller
[    4.915472] usb usb3: Manufacturer: Linux 2.6.32.57 uhci_hcd
[    4.915559] usb usb3: SerialNumber: 0000:00:1a.0
[    4.915700] usb usb3: configuration #1 chosen from 1 choice
[    4.915817] hub 3-0:1.0: USB hub found
[    4.915915] hub 3-0:1.0: 2 ports detected
[    4.916216] uhci_hcd 0000:00:1a.1: power state changed by ACPI to D0
[    4.916482] uhci_hcd 0000:00:1a.1: power state changed by ACPI to D0
[    4.916589] uhci_hcd 0000:00:1a.1: PCI INT B -> GSI 21 (level, low) -> IRQ 21
[    4.916685] uhci_hcd 0000:00:1a.1: setting latency timer to 64
[    4.916688] uhci_hcd 0000:00:1a.1: UHCI Host Controller
[    4.916815] uhci_hcd 0000:00:1a.1: new USB bus registered, assigned bus number 4
[    4.916975] uhci_hcd 0000:00:1a.1: irq 21, io base 0x00001880
[    4.917091] usb usb4: New USB device found, idVendor=1d6b, idProduct=0001
[    4.917182] usb usb4: New USB device strings: Mfr=3, Product=2, SerialNumber=1
[    4.917318] usb usb4: Product: UHCI Host Controller
[    4.917407] usb usb4: Manufacturer: Linux 2.6.32.57 uhci_hcd
[    4.917494] usb usb4: SerialNumber: 0000:00:1a.1
[    4.917631] usb usb4: configuration #1 chosen from 1 choice
[    4.917753] hub 4-0:1.0: USB hub found
[    4.917843] hub 4-0:1.0: 2 ports detected
[    4.918149] uhci_hcd 0000:00:1d.0: power state changed by ACPI to D0
[    4.918398] uhci_hcd 0000:00:1d.0: power state changed by ACPI to D0
[    4.918498] uhci_hcd 0000:00:1d.0: PCI INT A -> GSI 16 (level, low) -> IRQ 16
[    4.918601] uhci_hcd 0000:00:1d.0: setting latency timer to 64
[    4.918606] uhci_hcd 0000:00:1d.0: UHCI Host Controller
[    4.918736] uhci_hcd 0000:00:1d.0: new USB bus registered, assigned bus number 5
[    4.918887] uhci_hcd 0000:00:1d.0: irq 16, io base 0x000018a0
[    4.919000] usb usb5: New USB device found, idVendor=1d6b, idProduct=0001
[    4.919097] usb usb5: New USB device strings: Mfr=3, Product=2, SerialNumber=1
[    4.919227] usb usb5: Product: UHCI Host Controller
[    4.919323] usb usb5: Manufacturer: Linux 2.6.32.57 uhci_hcd
[    4.919413] usb usb5: SerialNumber: 0000:00:1d.0
[    4.919555] usb usb5: configuration #1 chosen from 1 choice
[    4.919673] hub 5-0:1.0: USB hub found
[    4.919770] hub 5-0:1.0: 2 ports detected
[    4.919916] uhci_hcd 0000:00:1d.1: PCI INT B -> GSI 17 (level, low) -> IRQ 17
[    4.920012] uhci_hcd 0000:00:1d.1: setting latency timer to 64
[    4.920017] uhci_hcd 0000:00:1d.1: UHCI Host Controller
[    4.920142] uhci_hcd 0000:00:1d.1: new USB bus registered, assigned bus number 6
[    4.920294] uhci_hcd 0000:00:1d.1: irq 17, io base 0x000018c0
[    4.920411] usb usb6: New USB device found, idVendor=1d6b, idProduct=0001
[    4.920503] usb usb6: New USB device strings: Mfr=3, Product=2, SerialNumber=1
[    4.920619] usb usb6: Product: UHCI Host Controller
[    4.920718] usb usb6: Manufacturer: Linux 2.6.32.57 uhci_hcd
[    4.920814] usb usb6: SerialNumber: 0000:00:1d.1
[    4.920962] usb usb6: configuration #1 chosen from 1 choice
[    4.921087] hub 6-0:1.0: USB hub found
[    4.921186] hub 6-0:1.0: 2 ports detected
[    4.921494] uhci_hcd 0000:00:1d.2: power state changed by ACPI to D0
[    4.921741] uhci_hcd 0000:00:1d.2: power state changed by ACPI to D0
[    4.921840] uhci_hcd 0000:00:1d.2: PCI INT C -> GSI 18 (level, low) -> IRQ 18
[    4.921941] uhci_hcd 0000:00:1d.2: setting latency timer to 64
[    4.921946] uhci_hcd 0000:00:1d.2: UHCI Host Controller
[    4.922077] uhci_hcd 0000:00:1d.2: new USB bus registered, assigned bus number 7
[    4.922238] uhci_hcd 0000:00:1d.2: irq 18, io base 0x000018e0
[    4.922356] usb usb7: New USB device found, idVendor=1d6b, idProduct=0001
[    4.922451] usb usb7: New USB device strings: Mfr=3, Product=2, SerialNumber=1
[    4.922575] usb usb7: Product: UHCI Host Controller
[    4.922661] usb usb7: Manufacturer: Linux 2.6.32.57 uhci_hcd
[    4.922758] usb usb7: SerialNumber: 0000:00:1d.2
[    4.923550] usb usb7: configuration #1 chosen from 1 choice
[    4.923679] hub 7-0:1.0: USB hub found
[    4.923770] hub 7-0:1.0: 2 ports detected
[    4.923928] sl811: driver sl811-hcd, 19 May 2005
[    4.924040] r8a66597_hcd: driver r8a66597_hcd, 2009-05-26
[    4.924216] Initializing USB Mass Storage driver...
[    4.924345] usbcore: registered new interface driver usb-storage
[    4.924431] USB Mass Storage support registered.
[    4.924537] usbcore: registered new interface driver ums-alauda
[    4.924647] usbcore: registered new interface driver ums-cypress
[    4.924754] usbcore: registered new interface driver ums-datafab
[    4.924866] usbcore: registered new interface driver ums-freecom
[    4.924978] usbcore: registered new interface driver ums-isd200
[    4.925095] usbcore: registered new interface driver ums-jumpshot
[    4.925221] usbcore: registered new interface driver ums-karma
[    4.925334] usbcore: registered new interface driver ums-onetouch
[    4.925447] usbcore: registered new interface driver ums-sddr09
[    4.925560] usbcore: registered new interface driver ums-sddr55
[    4.925666] usbcore: registered new interface driver ums-usbat
[    4.925821] PNP: PS/2 Controller [PNP0303:KBD,PNP0f13:MOU] at 0x60,0x64 irq 1,12
[    4.934033] serio: i8042 KBD port at 0x60,0x64 irq 1
[    4.934124] serio: i8042 AUX port at 0x60,0x64 irq 12
[    4.934376] mice: PS/2 mouse device common for all mice
[    4.934496] i2c /dev entries driver
[    4.934630] md: linear personality registered for level -1
[    4.934719] md: raid0 personality registered for level 0
[    4.934809] md: raid1 personality registered for level 1
[    4.934893] md: raid10 personality registered for level 10
[    4.934984] md: raid6 personality registered for level 6
[    4.935075] md: raid5 personality registered for level 5
[    4.935177] md: raid4 personality registered for level 4
[    4.935284] md: multipath personality registered for level -4
[    4.935476] device-mapper: ioctl: 4.15.0-ioctl (2009-04-01) initialised: dm-devel@redhat.com
[    4.935688] cpuidle: using governor ladder
[    4.936296] usbcore: registered new interface driver usbhid
[    4.936386] usbhid: v2.6:USB HID core driver
[    4.936536] random 0014 0000 0000 00000000 00000000: rand_read_num 4 get_random_bytes(136): sig 00000000 00000000 00000000
[    4.936538] random 0014 0000 0000 00000000 00000000: extract_entropy(.. 136 ..)
[    4.936541] random 0014 0000 0000 00000000 00000000: going to reseed nonblocking with 1024 bits (1088 of 0 requested)
[    4.936543] random 0014 0000 0000 00000000 00000000: extract_entropy(.. 128 ..)
[    4.936545] random 0014 0000 0000 00000000 00000000: trying to extract 1024 bits from input
[    4.936548] random 0014 0000 0000 00000000 00000000: debiting 0 entropy credits from input
[    4.936550] random 0014 0000 0000 00000000 00000000: extract_entropy account returned: 0 
[    4.936553] random 0014 0000 0000 00000000 00000000: urand_change_num 7 xfer_secondary_pool(136): pool_sig 00000000, data_sig 00000000, bytes_mixed 0 00000000 00000000
[    4.936556] random 0014 0000 0000 00000000 00000000: trying to extract 1088 bits from nonblocking
[    4.936558] random 0014 0000 0000 00000000 00000000: debiting 1088 entropy credits from nonblocking (unlimited)
[    4.936560] random 0014 0000 0000 00000000 00000000: extract_entropy account returned: 136 
[    4.936565] random 0014 0000 0000 00000000 00000000: urand_change_num 8 extract_buf: pool_sig 00000000, data_sig fffffff9, bytes_mixed 20 00000000 00000000
[    4.936570] random 0014 0000 0000 b7c35b56 be4dc95d: urand_change_num 9 extract_buf: pool_sig fffffd1e, data_sig 000000c5, bytes_mixed 20 b7c35b56 be4dc95d
[    4.936575] random 0014 0000 0000 ed9f5c47 c48487fb: urand_change_num 10 extract_buf: pool_sig fffff8ec, data_sig ffffff68, bytes_mixed 20 ed9f5c47 c48487fb
[    4.936581] random 0014 0000 0000 ed9f5c47 c48487fb: urand_change_num 11 extract_buf: pool_sig fffffaed, data_sig 000001aa, bytes_mixed 20 ed9f5c47 c48487fb
[    4.936586] random 0014 0000 0000 1b4f7c0a 91bd6a48: urand_change_num 12 extract_buf: pool_sig fffffdd8, data_sig 00000064, bytes_mixed 20 1b4f7c0a 91bd6a48
[    4.936591] random 0014 0000 0000 a254b9bc 20e9a24f: urand_change_num 13 extract_buf: pool_sig fffffbe6, data_sig 000001dd, bytes_mixed 20 a254b9bc 20e9a24f
[    4.936597] random 0014 0000 0000 a254b9bc 20e9a24f: urand_change_num 14 extract_buf: pool_sig fffff940, data_sig fffffe20, bytes_mixed 20 a254b9bc 20e9a24f
[    4.936602] random 0014 0000 0000 2831a66b 5fa2a3ad: urand_change_num 15 extract_buf: pool_sig fffffbce, data_sig 0000007e, bytes_mixed 20 2831a66b 5fa2a3ad
[    4.936607] random 0014 0000 0000 2831a66b 5fa2a3ad: urand_change_num 16 extract_buf: pool_sig 000004df, data_sig fffffe8f, bytes_mixed 20 2831a66b 5fa2a3ad
[    4.936612] random 0014 0000 0000 d4512bfd c9a54e0b: urand_change_num 17 extract_buf: pool_sig 00000485, data_sig fffffe68, bytes_mixed 20 d4512bfd c9a54e0b
[    4.936617] random 0014 0000 0000 c7371be6 f9ffea11: urand_change_num 18 extract_buf: pool_sig 00000095, data_sig ffffffed, bytes_mixed 20 c7371be6 f9ffea11
[    4.936623] random 0014 0000 0000 c7371be6 f9ffea11: urand_change_num 19 extract_buf: pool_sig 000003a7, data_sig fffffefa, bytes_mixed 20 c7371be6 f9ffea11
[    4.936628] random 0014 0000 0000 8fb4b62c d1ddba54: urand_change_num 20 extract_buf: pool_sig 00000179, data_sig ffffff78, bytes_mixed 20 8fb4b62c d1ddba54
[    4.936633] random 0014 0000 0000 9ff19f9c c07a1d2a: urand_change_num 21 extract_buf: pool_sig fffffe88, data_sig 00000126, bytes_mixed 20 9ff19f9c c07a1d2a
[    4.936637] TCP cubic registered
[    4.936724] Initializing XFRM netlink socket
[    4.936817] NET: Registered protocol family 17
[    4.936920] Using IPI Shortcut mode
[    4.937009] random 0014 0000 0000 9ff19f9c c07a1d2a: rand_read_num 5 get_random_bytes(8): sig 0000031b 9ff19f9c c07a1d2a
[    4.937012] random 0014 0000 0000 9ff19f9c c07a1d2a: extract_entropy(.. 8 ..)
[    4.937014] random 0014 0000 0000 9ff19f9c c07a1d2a: going to reseed nonblocking with 64 bits (64 of 0 requested)
[    4.937016] random 0014 0000 0000 9ff19f9c c07a1d2a: extract_entropy(.. 8 ..)
[    4.937018] random 0014 0000 0000 9ff19f9c c07a1d2a: trying to extract 64 bits from input
[    4.937020] random 0014 0000 0000 9ff19f9c c07a1d2a: debiting 0 entropy credits from input
[    4.937022] random 0014 0000 0000 9ff19f9c c07a1d2a: extract_entropy account returned: 0 
[    4.937025] random 0014 0000 0000 9ff19f9c c07a1d2a: urand_change_num 22 xfer_secondary_pool(8): pool_sig 0000031b, data_sig 00000000, bytes_mixed 0 9ff19f9c c07a1d2a
[    4.937028] random 0014 0000 0000 9ff19f9c c07a1d2a: trying to extract 64 bits from nonblocking
[    4.937031] random 0014 0000 0000 9ff19f9c c07a1d2a: debiting 64 entropy credits from nonblocking (unlimited)
[    4.937033] random 0014 0000 0000 9ff19f9c c07a1d2a: extract_entropy account returned: 8 
[    4.937037] random 0014 0000 0000 9ff19f9c c07a1d2a: urand_change_num 23 extract_buf: pool_sig 0000031b, data_sig ffffffb3, bytes_mixed 20 9ff19f9c c07a1d2a
[    4.939626] input: AT Translated Set 2 keyboard as /devices/platform/i8042/serio0/input/input1
[    5.129228] ata3: SATA link down (SStatus 0 SControl 300)
[    5.129343] ata1: SATA link up 1.5 Gbps (SStatus 113 SControl 300)
[    5.131460] ata1.00: ACPI cmd ef/02:00:00:00:00:a0 (SET FEATURES) succeeded
[    5.131463] ata1.00: ACPI cmd f5/00:00:00:00:00:a0 (SECURITY FREEZE LOCK) filtered out
[    5.132854] ata1.00: ACPI cmd ef/5f:00:00:00:00:a0 (SET FEATURES) succeeded
[    5.132857] ata1.00: ACPI cmd ef/10:03:00:00:00:a0 (SET FEATURES) filtered out
[    5.134767] ata1.00: ATA-7: ST910021AS, 4.06, max UDMA/100
[    5.134859] ata1.00: 195371568 sectors, multi 16: LBA48 
[    5.137006] ata1.00: ACPI cmd ef/02:00:00:00:00:a0 (SET FEATURES) succeeded
[    5.137008] ata1.00: ACPI cmd f5/00:00:00:00:00:a0 (SECURITY FREEZE LOCK) filtered out
[    5.138400] ata1.00: ACPI cmd ef/5f:00:00:00:00:a0 (SET FEATURES) succeeded
[    5.138403] ata1.00: ACPI cmd ef/10:03:00:00:00:a0 (SET FEATURES) filtered out
[    5.140326] ata1.00: configured for UDMA/100
[    5.151285] scsi 2:0:0:0: Direct-Access     ATA      ST910021AS       4.06 PQ: 0 ANSI: 5
[    5.151565] sd 2:0:0:0: [sda] 195371568 512-byte logical blocks: (100 GB/93.1 GiB)
[    5.151708] sd 2:0:0:0: [sda] Write Protect is off
[    5.151808] sd 2:0:0:0: [sda] Mode Sense: 00 3a 00 00
[    5.151821] sd 2:0:0:0: [sda] Write cache: enabled, read cache: enabled, doesn't support DPO or FUA
[    5.152010]  sda:
[    5.217226] usb 2-1: new high speed USB device using ehci_hcd and address 2
[    5.364562] usb 2-1: New USB device found, idVendor=0e8d, idProduct=1806
[    5.364648] usb 2-1: New USB device strings: Mfr=1, Product=2, SerialNumber=3
[    5.364743] usb 2-1: Product: MT1806 
[    5.364827] usb 2-1: Manufacturer: MediaTek Inc
[    5.364914] usb 2-1: SerialNumber: R8KN6GAC800AEB 
[    5.365049] usb 2-1: configuration #1 chosen from 1 choice
[    5.371356] scsi5 : SCSI emulation for USB Mass Storage devices
[    5.371526] usb-storage: device found at 2
[    5.371527] usb-storage: waiting for device to settle before scanning
[    5.530607] random 0014 0000 0000 277f73c3 42024bb9: add_disk_randomness(8:0) 277f73c3 42024bb9
[    5.530611] random 0014 0000 0000 277f73c3 42024bb9: add_timer_randomness(.. 8388864) with jiffies: 12750687437059752290, cycles: -5696056640944472053
[    5.530614] random 0014 0000 0000 277f73c3 42024bb9: added 11 entropy credits to input
[    5.530619]  sda1 sda2
[    5.530970] random 0025 0000 0000 277f73c3 42024bb9: add_disk_randomness(8:0) 277f73c3 42024bb9
[    5.530973] random 0025 0000 0000 277f73c3 42024bb9: add_timer_randomness(.. 8388864) with jiffies: 12753956529942266210, cycles: -5692787548061958133
[    5.531129] sd 2:0:0:0: [sda] Attached SCSI disk
[    5.531226] random 0025 0000 0000 277f73c3 42024bb9: rand_read_num 6 get_random_bytes(12): sig 000007e9 277f73c3 42024bb9
[    5.531229] random 0025 0000 0000 277f73c3 42024bb9: extract_entropy(.. 12 ..)
[    5.531231] random 0025 0000 0000 277f73c3 42024bb9: going to reseed nonblocking with 96 bits (96 of 0 requested)
[    5.531234] random 0025 0000 0000 277f73c3 42024bb9: extract_entropy(.. 12 ..)
[    5.531236] random 0025 0000 0000 277f73c3 42024bb9: trying to extract 96 bits from input
[    5.531238] random 0025 0000 0000 277f73c3 42024bb9: debiting 0 entropy credits from input
[    5.531244] random 0025 0000 0000 277f73c3 42024bb9: extract_entropy account returned: 0 
[    5.531247] random 0025 0000 0000 277f73c3 42024bb9: urand_change_num 24 xfer_secondary_pool(12): pool_sig 000007e9, data_sig 00000000, bytes_mixed 0 277f73c3 42024bb9
[    5.531250] random 0025 0000 0000 277f73c3 42024bb9: trying to extract 96 bits from nonblocking
[    5.531252] random 0025 0000 0000 277f73c3 42024bb9: debiting 96 entropy credits from nonblocking (unlimited)
[    5.531254] random 0025 0000 0000 277f73c3 42024bb9: extract_entropy account returned: 12 
[    5.531259] random 0025 0000 0000 277f73c3 42024bb9: urand_change_num 25 extract_buf: pool_sig 000007e9, data_sig 00000088, bytes_mixed 20 277f73c3 42024bb9
[    5.531264] random 0025 0000 0000 277f73c3 42024bb9: urand_change_num 26 extract_buf: pool_sig 00000498, data_sig fffffefb, bytes_mixed 20 277f73c3 42024bb9
[    5.531267] RANDOM - __seed init called.
[    5.531268] RANDOM - __seed init called.
[    5.531269] RANDOM - __seed init called.
[    5.531271] RANDOM - __random32 called. Change num 12.  Value: 87f14767	f0d7351	b1e48bd3
[    5.531273] RANDOM - random32_reseed called.  Value: 87f14767	f0d7351	b1e48bd3
[    5.531275] Pid: 1, comm: swapper Not tainted 2.6.32.57 #6
[    5.531365] Call Trace:
[    5.531465]  [<c1923ca4>] ? random32_reseed+0xa0/0xb1
[    5.531559]  [<c1923c04>] ? random32_reseed+0x0/0xb1
[    5.531650]  [<c100111e>] ? do_one_initcall+0x2e/0x180
[    5.531736]  [<c1907265>] ? kernel_init+0xad/0x103
[    5.531830]  [<c19071b8>] ? kernel_init+0x0/0x103
[    5.531921]  [<c1003787>] ? kernel_thread_helper+0x7/0x10
[    5.532446] random 0025 0000 0000 386b4e60 ee4d4880: rand_read_num 7 get_random_bytes(64): sig fffffea5 386b4e60 ee4d4880
[    5.532448] random 0025 0000 0000 386b4e60 ee4d4880: extract_entropy(.. 64 ..)
[    5.532450] random 0025 0000 0000 386b4e60 ee4d4880: going to reseed nonblocking with 512 bits (512 of 0 requested)
[    5.532453] random 0025 0000 0000 386b4e60 ee4d4880: extract_entropy(.. 64 ..)
[    5.532455] random 0025 0000 0000 386b4e60 ee4d4880: trying to extract 512 bits from input
[    5.532457] random 0025 0000 0000 386b4e60 ee4d4880: debiting 0 entropy credits from input
[    5.532459] random 0025 0000 0000 386b4e60 ee4d4880: extract_entropy account returned: 0 
[    5.532462] random 0025 0000 0000 386b4e60 ee4d4880: urand_change_num 27 xfer_secondary_pool(64): pool_sig fffffea5, data_sig 00000000, bytes_mixed 0 386b4e60 ee4d4880
[    5.532465] random 0025 0000 0000 386b4e60 ee4d4880: trying to extract 512 bits from nonblocking
[    5.532467] random 0025 0000 0000 386b4e60 ee4d4880: debiting 512 entropy credits from nonblocking (unlimited)
[    5.532470] random 0025 0000 0000 386b4e60 ee4d4880: extract_entropy account returned: 64 
[    5.532474] random 0025 0000 0000 386b4e60 ee4d4880: urand_change_num 28 extract_buf: pool_sig fffffea5, data_sig 00000173, bytes_mixed 20 386b4e60 ee4d4880
[    5.532479] random 0025 0000 0000 412698f6 0cc8689a: urand_change_num 29 extract_buf: pool_sig 00000122, data_sig ffffff63, bytes_mixed 20 412698f6 0cc8689a
[    5.532485] random 0025 0000 0000 412698f6 0cc8689a: urand_change_num 30 extract_buf: pool_sig 000001f7, data_sig 00000012, bytes_mixed 20 412698f6 0cc8689a
[    5.532490] random 0025 0000 0000 9669941e 06f768b1: urand_change_num 31 extract_buf: pool_sig fffffb5b, data_sig 0000003f, bytes_mixed 20 9669941e 06f768b1
[    5.532495] random 0025 0000 0000 98486520 995551f0: urand_change_num 32 extract_buf: pool_sig fffffb39, data_sig 0000000e, bytes_mixed 20 98486520 995551f0
[    5.532501] random 0025 0000 0000 98486520 995551f0: urand_change_num 33 extract_buf: pool_sig fffffd8d, data_sig 000001a6, bytes_mixed 20 98486520 995551f0
[    5.532506] random 0025 0000 0000 61fc8914 d5882ed2: urand_change_num 34 extract_buf: pool_sig fffffa58, data_sig 0000023e, bytes_mixed 20 61fc8914 d5882ed2
[    5.532536] random 0025 0000 0000 61fc8914 d5882ed2: rand_read_num 8 get_random_bytes(64): sig fffff9ee 61fc8914 d5882ed2
[    5.532538] random 0025 0000 0000 61fc8914 d5882ed2: extract_entropy(.. 64 ..)
[    5.532540] random 0025 0000 0000 61fc8914 d5882ed2: going to reseed nonblocking with 512 bits (512 of 0 requested)
[    5.532542] random 0025 0000 0000 61fc8914 d5882ed2: extract_entropy(.. 64 ..)
[    5.532545] random 0025 0000 0000 61fc8914 d5882ed2: trying to extract 512 bits from input
[    5.532547] random 0025 0000 0000 61fc8914 d5882ed2: debiting 0 entropy credits from input
[    5.532549] random 0025 0000 0000 61fc8914 d5882ed2: extract_entropy account returned: 0 
[    5.532552] random 0025 0000 0000 61fc8914 d5882ed2: urand_change_num 35 xfer_secondary_pool(64): pool_sig fffff9ee, data_sig 00000000, bytes_mixed 0 61fc8914 d5882ed2
[    5.532555] random 0025 0000 0000 61fc8914 d5882ed2: trying to extract 512 bits from nonblocking
[    5.532557] random 0025 0000 0000 61fc8914 d5882ed2: debiting 512 entropy credits from nonblocking (unlimited)
[    5.532559] random 0025 0000 0000 61fc8914 d5882ed2: extract_entropy account returned: 64 
[    5.532563] random 0025 0000 0000 61fc8914 d5882ed2: urand_change_num 36 extract_buf: pool_sig fffff9ee, data_sig ffffff85, bytes_mixed 20 61fc8914 d5882ed2
[    5.532569] random 0025 0000 0000 70cfd302 e5edec11: urand_change_num 37 extract_buf: pool_sig fffffdc1, data_sig ffffffde, bytes_mixed 20 70cfd302 e5edec11
[    5.532574] random 0025 0000 0000 00dab838 eafd2b30: urand_change_num 38 extract_buf: pool_sig 000003da, data_sig ffffff61, bytes_mixed 20 00dab838 eafd2b30
[    5.532579] random 0025 0000 0000 00dab838 eafd2b30: urand_change_num 39 extract_buf: pool_sig 00000314, data_sig 00000121, bytes_mixed 20 00dab838 eafd2b30
[    5.532585] random 0025 0000 0000 5fcdf66a 6442b608: urand_change_num 40 extract_buf: pool_sig 0000028b, data_sig fffffefd, bytes_mixed 20 5fcdf66a 6442b608
[    5.532590] random 0025 0000 0000 61333f6b 8fae0f9b: urand_change_num 41 extract_buf: pool_sig 000000cb, data_sig 000000b3, bytes_mixed 20 61333f6b 8fae0f9b
[    5.532595] random 0025 0000 0000 61333f6b 8fae0f9b: urand_change_num 42 extract_buf: pool_sig fffffef8, data_sig 00000051, bytes_mixed 20 61333f6b 8fae0f9b
[    5.532598] BEGIN NET_SECRET:
[    5.532599] \xffffffe0
[    5.532600] \xffffffb6
[    5.532601] \x36
[    5.532602] \xffffffb5
[    5.532602] \xffffff94
[    5.532603] \xffffffb2
[    5.532604] \xffffffa8
[    5.532605] \xffffffda
[    5.532606] \x5b
[    5.532606] \x19
[    5.532607] \x18
[    5.532608] \x5c
[    5.532609] \x2b
[    5.532609] \x1
[    5.532610] \xffffff90
[    5.532611] \x19
[    5.532612] \x3c
[    5.532612] \xfffffff2
[    5.532613] \xffffff82
[    5.532614] \x2a
[    5.532615] \xffffffb3
[    5.532616] \xffffffa2
[    5.532616] \x3f
[    5.532617] \x5
[    5.532618] \x52
[    5.532619] \x77
[    5.532619] \x57
[    5.532620] \x79
[    5.532621] \x16
[    5.532621] \x43
[    5.532622] \xffffff84
[    5.532623] \xffffffc3
[    5.532624] \xffffffe9
[    5.532625] \x79
[    5.532625] \x50
[    5.532626] \xffffff8e
[    5.532627] \x3f
[    5.532628] \xfffffff3
[    5.532628] \x19
[    5.532629] \x2a
[    5.532630] \xfffffffd
[    5.532631] \xfffffffb
[    5.532632] \x62
[    5.532632] \x3c
[    5.532633] \xffffffac
[    5.532634] \x1c
[    5.532635] \x3b
[    5.532635] \x3b
[    5.532636] \x15
[    5.532637] \x27
[    5.532638] \xffffffa8
[    5.532638] \x22
[    5.532639] \xffffffc5
[    5.532640] \xffffff9a
[    5.532641] \x5
[    5.532641] \x6c
[    5.532642] \xffffffa8
[    5.532643] \x3a
[    5.532644] \x44
[    5.532645] \xffffffaf
[    5.532645] \x13
[    5.532646] \xffffffe0
[    5.532647] \xffffff9d
[    5.532648] \x22
[    5.532648] 
[    5.532649] END NET_SECRET
[    5.532652] random 0025 0000 0000 e7f555d9 e8ce5c3c: rand_read_num 9 get_random_bytes(4): sig 0000068c e7f555d9 e8ce5c3c
[    5.532654] random 0025 0000 0000 e7f555d9 e8ce5c3c: extract_entropy(.. 4 ..)
[    5.532656] random 0025 0000 0000 e7f555d9 e8ce5c3c: going to reseed nonblocking with 64 bits (32 of 0 requested)
[    5.532659] random 0025 0000 0000 e7f555d9 e8ce5c3c: extract_entropy(.. 8 ..)
[    5.532661] random 0025 0000 0000 e7f555d9 e8ce5c3c: trying to extract 64 bits from input
[    5.532663] random 0025 0000 0000 e7f555d9 e8ce5c3c: debiting 0 entropy credits from input
[    5.532665] random 0025 0000 0000 e7f555d9 e8ce5c3c: extract_entropy account returned: 0 
[    5.532668] random 0025 0000 0000 e7f555d9 e8ce5c3c: urand_change_num 43 xfer_secondary_pool(4): pool_sig 0000068c, data_sig 00000000, bytes_mixed 0 e7f555d9 e8ce5c3c
[    5.532671] random 0025 0000 0000 e7f555d9 e8ce5c3c: trying to extract 32 bits from nonblocking
[    5.532673] random 0025 0000 0000 e7f555d9 e8ce5c3c: debiting 32 entropy credits from nonblocking (unlimited)
[    5.532675] random 0025 0000 0000 e7f555d9 e8ce5c3c: extract_entropy account returned: 4 
[    5.532679] random 0025 0000 0000 e7f555d9 e8ce5c3c: urand_change_num 44 extract_buf: pool_sig 0000068c, data_sig fffffdcb, bytes_mixed 20 e7f555d9 e8ce5c3c
[    5.532690] md: Waiting for all devices to be available before autodetect
[    5.532785] md: If you don't use raid, use raid=noautodetect
[    5.532947] md: Autodetecting RAID arrays.
[    5.533036] md: Scanned 0 and added 0 devices.
[    5.533133] md: autorun ...
[    5.533224] md: ... autorun DONE.
[    5.547101] random 0025 0000 0000 e7f555d9 e8ce5c3c: add_disk_randomness(8:0) e7f555d9 e8ce5c3c
[    5.547104] random 0025 0000 0000 e7f555d9 e8ce5c3c: add_timer_randomness(.. 8388864) with jiffies: 12899065289982574962, cycles: -5547678788021649397
[    5.547107] random 0025 0000 0000 e7f555d9 e8ce5c3c: added 4 entropy credits to input
[    5.548223] random 0029 0000 0000 e7f555d9 e8ce5c3c: add_disk_randomness(8:0) e7f555d9 e8ce5c3c
[    5.548226] random 0029 0000 0000 e7f555d9 e8ce5c3c: add_timer_randomness(.. 8388864) with jiffies: 12909160649266528627, cycles: -5537583428737695733
[    5.548345] random 0029 0000 0000 e7f555d9 e8ce5c3c: add_disk_randomness(8:0) e7f555d9 e8ce5c3c
[    5.548348] random 0029 0000 0000 e7f555d9 e8ce5c3c: add_timer_randomness(.. 8388864) with jiffies: 12910247310352154996, cycles: -5536496767652069365
[    5.548353] EXT3-fs: sda2: couldn't mount because of unsupported optional features (240).
[    5.548585] random 0029 0000 0000 e7f555d9 e8ce5c3c: add_disk_randomness(8:0) e7f555d9 e8ce5c3c
[    5.548588] random 0029 0000 0000 e7f555d9 e8ce5c3c: add_timer_randomness(.. 8388864) with jiffies: 12912407644542304628, cycles: -5534336433461919733
[    5.548593] EXT2-fs: sda2: couldn't mount because of unsupported optional features (240).
[    5.548850] random 0029 0000 0000 e7f555d9 e8ce5c3c: add_disk_randomness(8:0) e7f555d9 e8ce5c3c
[    5.548853] random 0029 0000 0000 e7f555d9 e8ce5c3c: add_timer_randomness(.. 8388864) with jiffies: 12914792472378048884, cycles: -5531951605626175477
[    5.548985] random 0029 0000 0000 e7f555d9 e8ce5c3c: add_disk_randomness(8:0) e7f555d9 e8ce5c3c
[    5.548988] random 0029 0000 0000 e7f555d9 e8ce5c3c: add_timer_randomness(.. 8388864) with jiffies: 12916013793573306740, cycles: -5530730284430917621
[    5.549110] random 0029 0000 0000 e7f555d9 e8ce5c3c: add_disk_randomness(8:0) e7f555d9 e8ce5c3c
[    5.549113] random 0029 0000 0000 e7f555d9 e8ce5c3c: add_timer_randomness(.. 8388864) with jiffies: 12917135901024026996, cycles: -5529608176980197365
[    5.549221] random 0029 0000 0000 e7f555d9 e8ce5c3c: add_disk_randomness(8:0) e7f555d9 e8ce5c3c
[    5.549224] random 0029 0000 0000 e7f555d9 e8ce5c3c: add_timer_randomness(.. 8388864) with jiffies: 12918138140232483188, cycles: -5528605937771741173
[    5.549337] random 0029 0000 0000 e7f555d9 e8ce5c3c: add_disk_randomness(8:0) e7f555d9 e8ce5c3c
[    5.549340] random 0029 0000 0000 e7f555d9 e8ce5c3c: add_timer_randomness(.. 8388864) with jiffies: 12919169782787047797, cycles: -5527574295217176565
[    5.549486] random 0029 0000 0000 e7f555d9 e8ce5c3c: add_disk_randomness(8:0) e7f555d9 e8ce5c3c
[    5.549489] random 0029 0000 0000 e7f555d9 e8ce5c3c: add_timer_randomness(.. 8388864) with jiffies: 12920509889892811125, cycles: -5526234188111413237
[    5.549614] random 0029 0000 0000 e7f555d9 e8ce5c3c: add_disk_randomness(8:0) e7f555d9 e8ce5c3c
[    5.549617] random 0029 0000 0000 e7f555d9 e8ce5c3c: add_timer_randomness(.. 8388864) with jiffies: 12921665416484061557, cycles: -5525078661520162805
[    5.549732] random 0029 0000 0000 e7f555d9 e8ce5c3c: add_disk_randomness(8:0) e7f555d9 e8ce5c3c
[    5.549735] random 0029 0000 0000 e7f555d9 e8ce5c3c: add_timer_randomness(.. 8388864) with jiffies: 12922731285633007989, cycles: -5524012792371216373
[    5.549972] random 0029 0000 0000 e7f555d9 e8ce5c3c: rand_read_num 10 get_random_bytes(4): sig ffffff72 e7f555d9 e8ce5c3c
[    5.549975] random 0029 0000 0000 e7f555d9 e8ce5c3c: extract_entropy(.. 4 ..)
[    5.549977] random 0029 0000 0000 e7f555d9 e8ce5c3c: going to reseed nonblocking with 64 bits (32 of 0 requested)
[    5.549979] random 0029 0000 0000 e7f555d9 e8ce5c3c: extract_entropy(.. 8 ..)
[    5.549982] random 0029 0000 0000 e7f555d9 e8ce5c3c: trying to extract 64 bits from input
[    5.549984] random 0029 0000 0000 e7f555d9 e8ce5c3c: debiting 0 entropy credits from input
[    5.549986] random 0029 0000 0000 e7f555d9 e8ce5c3c: extract_entropy account returned: 0 
[    5.549989] random 0029 0000 0000 e7f555d9 e8ce5c3c: urand_change_num 45 xfer_secondary_pool(4): pool_sig ffffff72, data_sig 00000000, bytes_mixed 0 e7f555d9 e8ce5c3c
[    5.549992] random 0029 0000 0000 e7f555d9 e8ce5c3c: trying to extract 32 bits from nonblocking
[    5.549994] random 0029 0000 0000 e7f555d9 e8ce5c3c: debiting 32 entropy credits from nonblocking (unlimited)
[    5.549996] random 0029 0000 0000 e7f555d9 e8ce5c3c: extract_entropy account returned: 4 
[    5.550000] random 0029 0000 0000 e7f555d9 e8ce5c3c: urand_change_num 46 extract_buf: pool_sig ffffff72, data_sig ffffff72, bytes_mixed 20 e7f555d9 e8ce5c3c
[    5.561556] random 0029 0000 0000 91716c54 eeb6a1e7: add_disk_randomness(8:0) 91716c54 eeb6a1e7
[    5.561559] random 0029 0000 0000 91716c54 eeb6a1e7: add_timer_randomness(.. 8388864) with jiffies: 13029090270908219777, cycles: -5417653807096004597
[    5.561562] random 0029 0000 0000 91716c54 eeb6a1e7: added 3 entropy credits to input
[    5.579833] random 0032 0000 0000 91716c54 eeb6a1e7: add_disk_randomness(8:0) 91716c54 eeb6a1e7
[    5.579836] random 0032 0000 0000 91716c54 eeb6a1e7: add_timer_randomness(.. 8388864) with jiffies: 13193509946940686739, cycles: -5253234131063537653
[    5.579839] random 0032 0000 0000 91716c54 eeb6a1e7: added 2 entropy credits to input
[    5.584585] EXT4-fs (sda2): mounted filesystem with ordered data mode
[    5.584795] VFS: Mounted root (ext4 filesystem) readonly on device 8:2.
[    5.584900] Freeing unused kernel memory: 448k freed
[    5.604985] random 0034 0000 0000 91716c54 eeb6a1e7: add_disk_randomness(8:0) 91716c54 eeb6a1e7
[    5.604988] random 0034 0000 0000 91716c54 eeb6a1e7: add_timer_randomness(.. 8388864) with jiffies: 13419767569963516332, cycles: -5026976508040708085
[    5.605717] random 0034 0000 0000 91716c54 eeb6a1e7: add_disk_randomness(8:0) 91716c54 eeb6a1e7
[    5.605720] random 0034 0000 0000 91716c54 eeb6a1e7: add_timer_randomness(.. 8388864) with jiffies: 13426350131330646445, cycles: -5020393946673577973
[    5.610440] random 0034 0000 0000 91716c54 eeb6a1e7: add_disk_randomness(8:0) 91716c54 eeb6a1e7
[    5.610443] random 0034 0000 0000 91716c54 eeb6a1e7: add_timer_randomness(.. 8388864) with jiffies: 13468830613473296818, cycles: -4977913464530927605
[    5.610445] random 0034 0000 0000 91716c54 eeb6a1e7: added 2 entropy credits to input
[    5.618644] random 0036 0000 0000 91716c54 eeb6a1e7: add_disk_randomness(8:0) 91716c54 eeb6a1e7
[    5.618647] random 0036 0000 0000 91716c54 eeb6a1e7: add_timer_randomness(.. 8388864) with jiffies: 13542636439589323194, cycles: -4904107638414901237
[    5.622065] random 0036 0000 0000 91716c54 eeb6a1e7: add_disk_randomness(8:0) 91716c54 eeb6a1e7
[    5.622068] random 0036 0000 0000 91716c54 eeb6a1e7: add_timer_randomness(.. 8388864) with jiffies: 13573421021410329021, cycles: -4873323056593895413
[    5.622071] random 0036 0000 0000 91716c54 eeb6a1e7: added 1 entropy credits to input
[    5.630962] random 0037 0000 0000 91716c54 eeb6a1e7: add_disk_randomness(8:0) 91716c54 eeb6a1e7
[    5.630965] random 0037 0000 0000 91716c54 eeb6a1e7: add_timer_randomness(.. 8388864) with jiffies: 13653453411939221958, cycles: -4793290666065002485
[    5.630968] random 0037 0000 0000 91716c54 eeb6a1e7: added 2 entropy credits to input
[    5.644239] random 0039 0000 0000 91716c54 eeb6a1e7: add_disk_randomness(8:0) 91716c54 eeb6a1e7
[    5.644242] random 0039 0000 0000 91716c54 eeb6a1e7: add_timer_randomness(.. 8388864) with jiffies: 13772889443054354899, cycles: -4673854634949869557
[    5.644244] random 0039 0000 0000 91716c54 eeb6a1e7: added 1 entropy credits to input
[    5.652322] random 0040 0000 0000 91716c54 eeb6a1e7: add_disk_randomness(8:0) 91716c54 eeb6a1e7
[    5.652325] random 0040 0000 0000 91716c54 eeb6a1e7: add_timer_randomness(.. 8388864) with jiffies: 13845585024419332572, cycles: -4601159053584891893
[    5.652327] random 0040 0000 0000 91716c54 eeb6a1e7: added 2 entropy credits to input
[    5.652350] RANDOM get_random_int call with cycles 50468371422, jiffies 4294672860 and pid 1
[    5.652353] RANDOM get_random_int call with cycles 50468378363, jiffies 4294672860 and pid 1
[    5.652355] ASLR stack rand value: 2998272 after shift for pid: 1
[    5.652357] RANDOM get_random_int call with cycles 50468386227, jiffies 4294672860 and pid 1
[    5.663969] random 0042 0000 0000 91716c54 eeb6a1e7: add_disk_randomness(8:0) 91716c54 eeb6a1e7
[    5.663972] random 0042 0000 0000 91716c54 eeb6a1e7: add_timer_randomness(.. 8388864) with jiffies: 13950376836257776103, cycles: -4496367241746448373
[    5.663975] random 0042 0000 0000 91716c54 eeb6a1e7: added 1 entropy credits to input
[    5.663985] RANDOM get_random_int call with cycles 50492743193, jiffies 4294672871 and pid 1
[    5.663991] random 0043 0000 0000 91716c54 eeb6a1e7: rand_read_num 11 get_random_bytes(16): sig fffffcad 91716c54 eeb6a1e7
[    5.663993] random 0043 0000 0000 91716c54 eeb6a1e7: extract_entropy(.. 16 ..)
[    5.663996] random 0043 0000 0000 91716c54 eeb6a1e7: going to reseed nonblocking with 128 bits (128 of 0 requested)
[    5.663998] random 0043 0000 0000 91716c54 eeb6a1e7: extract_entropy(.. 16 ..)
[    5.664000] random 0043 0000 0000 91716c54 eeb6a1e7: trying to extract 128 bits from input
[    5.664002] random 0043 0000 0000 91716c54 eeb6a1e7: debiting 0 entropy credits from input
[    5.664004] random 0043 0000 0000 91716c54 eeb6a1e7: extract_entropy account returned: 0 
[    5.664007] random 0043 0000 0000 91716c54 eeb6a1e7: urand_change_num 47 xfer_secondary_pool(16): pool_sig fffffcad, data_sig 00000000, bytes_mixed 0 91716c54 eeb6a1e7
[    5.664010] random 0043 0000 0000 91716c54 eeb6a1e7: trying to extract 128 bits from nonblocking
[    5.664013] random 0043 0000 0000 91716c54 eeb6a1e7: debiting 128 entropy credits from nonblocking (unlimited)
[    5.664015] random 0043 0000 0000 91716c54 eeb6a1e7: extract_entropy account returned: 16 
[    5.664019] random 0043 0000 0000 91716c54 eeb6a1e7: urand_change_num 48 extract_buf: pool_sig fffffcad, data_sig ffffff19, bytes_mixed 20 91716c54 eeb6a1e7
[    5.664025] random 0043 0000 0000 fd637b06 6cf47bc1: urand_change_num 49 extract_buf: pool_sig fffffede, data_sig ffffffc1, bytes_mixed 20 fd637b06 6cf47bc1
[    5.664979] random 0043 0000 0000 fd637b06 6cf47bc1: add_disk_randomness(8:0) fd637b06 6cf47bc1
[    5.664982] random 0043 0000 0000 fd637b06 6cf47bc1: add_timer_randomness(.. 8388864) with jiffies: 13959455525243159016, cycles: -4487288552761065461
[    5.666126] random 0043 0000 0000 fd637b06 6cf47bc1: add_disk_randomness(8:0) fd637b06 6cf47bc1
[    5.666129] random 0043 0000 0000 fd637b06 6cf47bc1: add_timer_randomness(.. 8388864) with jiffies: 13969776503454138857, cycles: -4476967574550085621
[    5.667275] random 0043 0000 0000 fd637b06 6cf47bc1: add_disk_randomness(8:0) fd637b06 6cf47bc1
[    5.667278] random 0043 0000 0000 fd637b06 6cf47bc1: add_timer_randomness(.. 8388864) with jiffies: 13980103348590445035, cycles: -4466640729413779445
[    5.668152] random 0043 0000 0000 fd637b06 6cf47bc1: add_disk_randomness(8:0) fd637b06 6cf47bc1
[    5.668155] random 0043 0000 0000 fd637b06 6cf47bc1: add_timer_randomness(.. 8388864) with jiffies: 13988008609560887787, cycles: -4458735468443336693
[    5.676968] random 0043 0000 0000 fd637b06 6cf47bc1: add_disk_randomness(8:0) fd637b06 6cf47bc1
[    5.676971] random 0043 0000 0000 fd637b06 6cf47bc1: add_timer_randomness(.. 8388864) with jiffies: 14067303751773553140, cycles: -4379440326230671349
[    5.676973] random 0043 0000 0000 fd637b06 6cf47bc1: added 3 entropy credits to input
[    5.677167] random 0046 0000 0000 fd637b06 6cf47bc1: add_disk_randomness(8:0) fd637b06 6cf47bc1
[    5.677170] random 0046 0000 0000 fd637b06 6cf47bc1: add_timer_randomness(.. 8388864) with jiffies: 14069103261466198516, cycles: -4377640816538025973
[    5.687357] random 0046 0000 0000 fd637b06 6cf47bc1: add_disk_randomness(8:0) fd637b06 6cf47bc1
[    5.687360] random 0046 0000 0000 fd637b06 6cf47bc1: add_timer_randomness(.. 8388864) with jiffies: 14160757056108986879, cycles: -4285987021895237621
[    5.687363] random 0046 0000 0000 fd637b06 6cf47bc1: added 3 entropy credits to input
[    5.687841] random 0049 0000 0000 fd637b06 6cf47bc1: add_disk_randomness(8:0) fd637b06 6cf47bc1
[    5.687844] random 0049 0000 0000 fd637b06 6cf47bc1: add_timer_randomness(.. 8388864) with jiffies: 14165115155129270783, cycles: -4281628922874953717
[    5.697538] random 0049 0000 0000 fd637b06 6cf47bc1: add_disk_randomness(8:0) fd637b06 6cf47bc1
[    5.697541] random 0049 0000 0000 fd637b06 6cf47bc1: add_timer_randomness(.. 8388864) with jiffies: 14252344510686921225, cycles: -4194399567317303285
[    5.697544] random 0049 0000 0000 fd637b06 6cf47bc1: added 3 entropy credits to input
[    5.697597] RANDOM get_random_int call with cycles 50563141178, jiffies 4294672905 and pid 1
[    5.702143] random 0052 0000 0000 fd637b06 6cf47bc1: add_disk_randomness(8:0) fd637b06 6cf47bc1
[    5.702147] random 0052 0000 0000 fd637b06 6cf47bc1: add_timer_randomness(.. 8388864) with jiffies: 14293780632876843533, cycles: -4152963445127380981
[    5.702149] random 0052 0000 0000 fd637b06 6cf47bc1: added 2 entropy credits to input
[    5.714973] random 0054 0000 0000 fd637b06 6cf47bc1: add_disk_randomness(8:0) fd637b06 6cf47bc1
[    5.714976] random 0054 0000 0000 fd637b06 6cf47bc1: add_timer_randomness(.. 8388864) with jiffies: 14409190389850014234, cycles: -4037553688154210293
[    5.714979] random 0054 0000 0000 fd637b06 6cf47bc1: added 3 entropy credits to input
[    5.715109] random 0057 0000 0000 fd637b06 6cf47bc1: add_disk_randomness(8:0) fd637b06 6cf47bc1
[    5.715113] random 0057 0000 0000 fd637b06 6cf47bc1: add_timer_randomness(.. 8388864) with jiffies: 14410420820670906906, cycles: -4036323257333317621
[    5.717277] random 0057 0000 0000 fd637b06 6cf47bc1: add_disk_randomness(8:0) fd637b06 6cf47bc1
[    5.717281] random 0057 0000 0000 fd637b06 6cf47bc1: add_timer_randomness(.. 8388864) with jiffies: 14429908341423309341, cycles: -4016835736580915189
[    5.717283] random 0057 0000 0000 fd637b06 6cf47bc1: added 1 entropy credits to input
[    5.717517] random 0058 0000 0000 fd637b06 6cf47bc1: add_disk_randomness(8:0) fd637b06 6cf47bc1
[    5.717520] random 0058 0000 0000 fd637b06 6cf47bc1: add_timer_randomness(.. 8388864) with jiffies: 14432064165897798173, cycles: -4014679912106426357
[    5.717659] random 0058 0000 0000 fd637b06 6cf47bc1: add_disk_randomness(8:0) fd637b06 6cf47bc1
[    5.717662] random 0058 0000 0000 fd637b06 6cf47bc1: add_timer_randomness(.. 8388864) with jiffies: 14433344697512198685, cycles: -4013399380492025845
[    5.720832] random 0058 0000 0000 fd637b06 6cf47bc1: add_disk_randomness(8:0) fd637b06 6cf47bc1
[    5.720835] random 0058 0000 0000 fd637b06 6cf47bc1: add_timer_randomness(.. 8388864) with jiffies: 14461891515472642592, cycles: -3984852562531581941
[    5.720838] random 0058 0000 0000 fd637b06 6cf47bc1: added 1 entropy credits to input
[    5.722840] random 0059 0000 0000 fd637b06 6cf47bc1: add_disk_randomness(8:0) fd637b06 6cf47bc1
[    5.722843] random 0059 0000 0000 fd637b06 6cf47bc1: add_timer_randomness(.. 8388864) with jiffies: 14479958608935879202, cycles: -3966785469068345333
[    5.730672] random 0059 0000 0000 fd637b06 6cf47bc1: add_disk_randomness(8:0) fd637b06 6cf47bc1
[    5.730675] random 0059 0000 0000 fd637b06 6cf47bc1: add_timer_randomness(.. 8388864) with jiffies: 14550404288862716458, cycles: -3896339789141508085
[    5.730677] random 0059 0000 0000 fd637b06 6cf47bc1: added 2 entropy credits to input
[    5.730811] random 0061 0000 0000 fd637b06 6cf47bc1: add_disk_randomness(8:0) fd637b06 6cf47bc1
[    5.730814] random 0061 0000 0000 fd637b06 6cf47bc1: add_timer_randomness(.. 8388864) with jiffies: 14551660923279082026, cycles: -3895083154725142517
[    5.734373] random 0061 0000 0000 fd637b06 6cf47bc1: add_disk_randomness(8:0) fd637b06 6cf47bc1
[    5.734376] random 0061 0000 0000 fd637b06 6cf47bc1: add_timer_randomness(.. 8388864) with jiffies: 14583693523812057646, cycles: -3863050554192166901
[    5.734378] random 0061 0000 0000 fd637b06 6cf47bc1: added 2 entropy credits to input
[    5.738869] random 0063 0000 0000 fd637b06 6cf47bc1: add_disk_randomness(8:0) fd637b06 6cf47bc1
[    5.738872] random 0063 0000 0000 fd637b06 6cf47bc1: add_timer_randomness(.. 8388864) with jiffies: 14624151218092212786, cycles: -3822592859912011765
[    5.744450] random 0063 0000 0000 fd637b06 6cf47bc1: add_disk_randomness(8:0) fd637b06 6cf47bc1
[    5.744453] random 0063 0000 0000 fd637b06 6cf47bc1: add_timer_randomness(.. 8388864) with jiffies: 14674350894632108600, cycles: -3772393183372115957
[    5.744456] random 0063 0000 0000 fd637b06 6cf47bc1: added 1 entropy credits to input
[    5.750727] random 0064 0000 0000 fd637b06 6cf47bc1: add_disk_randomness(8:0) fd637b06 6cf47bc1
[    5.750730] random 0064 0000 0000 fd637b06 6cf47bc1: add_timer_randomness(.. 8388864) with jiffies: 14730818350091043390, cycles: -3715925727913181173
[    5.750741] random 0064 0000 0000 fd637b06 6cf47bc1: rand_read_num 12 get_random_bytes(16): sig 0000033b fd637b06 6cf47bc1
[    5.750744] random 0064 0000 0000 fd637b06 6cf47bc1: extract_entropy(.. 16 ..)
[    5.750746] random 0064 0000 0000 fd637b06 6cf47bc1: going to reseed nonblocking with 128 bits (128 of 0 requested)
[    5.750748] random 0064 0000 0000 fd637b06 6cf47bc1: extract_entropy(.. 16 ..)
[    5.750750] random 0064 0000 0000 fd637b06 6cf47bc1: trying to extract 128 bits from input
[    5.750753] random 0064 0000 0000 fd637b06 6cf47bc1: debiting 0 entropy credits from input
[    5.750755] random 0064 0000 0000 fd637b06 6cf47bc1: extract_entropy account returned: 0 
[    5.750758] random 0064 0000 0000 fd637b06 6cf47bc1: urand_change_num 50 xfer_secondary_pool(16): pool_sig 0000033b, data_sig 00000000, bytes_mixed 0 fd637b06 6cf47bc1
[    5.750761] random 0064 0000 0000 fd637b06 6cf47bc1: trying to extract 128 bits from nonblocking
[    5.750763] random 0064 0000 0000 fd637b06 6cf47bc1: debiting 128 entropy credits from nonblocking (unlimited)
[    5.750765] random 0064 0000 0000 fd637b06 6cf47bc1: extract_entropy account returned: 16 
[    5.750770] random 0064 0000 0000 fd637b06 6cf47bc1: urand_change_num 51 extract_buf: pool_sig 0000033b, data_sig 000000d8, bytes_mixed 20 fd637b06 6cf47bc1
[    5.750775] random 0064 0000 0000 0ec1f012 d4727ca8: urand_change_num 52 extract_buf: pool_sig fffffcf5, data_sig 00000016, bytes_mixed 20 0ec1f012 d4727ca8
[    5.757475] random 0064 0000 0000 45b1d0b1 845a73f7: add_disk_randomness(8:0) 45b1d0b1 845a73f7
[    5.757479] random 0064 0000 0000 45b1d0b1 845a73f7: add_timer_randomness(.. 8388864) with jiffies: 14791520432850436677, cycles: -3655223645153787893
[    5.764698] random 0064 0000 0000 45b1d0b1 845a73f7: add_disk_randomness(8:0) 45b1d0b1 845a73f7
[    5.764701] random 0064 0000 0000 45b1d0b1 845a73f7: add_timer_randomness(.. 8388864) with jiffies: 14856498713898746444, cycles: -3590245364105478133
[    5.772714] random 0064 0000 0000 45b1d0b1 845a73f7: add_disk_randomness(8:0) 45b1d0b1 845a73f7
[    5.772717] random 0064 0000 0000 45b1d0b1 845a73f7: add_timer_randomness(.. 8388864) with jiffies: 14928605820319662676, cycles: -3518138257684561909
[    5.782116] random 0064 0000 0000 45b1d0b1 845a73f7: add_disk_randomness(8:0) 45b1d0b1 845a73f7
[    5.782119] random 0064 0000 0000 45b1d0b1 845a73f7: add_timer_randomness(.. 8388864) with jiffies: 15013188062978736733, cycles: -3433556015025487861
[    5.785270] random 0064 0000 0000 45b1d0b1 845a73f7: add_disk_randomness(8:0) 45b1d0b1 845a73f7
[    5.785274] random 0064 0000 0000 45b1d0b1 845a73f7: add_timer_randomness(.. 8388864) with jiffies: 15041553680563929697, cycles: -3405190397440294901
[    5.785276] random 0064 0000 0000 45b1d0b1 845a73f7: added 2 entropy credits to input
[    5.799536] random 0066 0000 0000 45b1d0b1 845a73f7: add_disk_randomness(8:0) 45b1d0b1 845a73f7
[    5.799539] random 0066 0000 0000 45b1d0b1 845a73f7: add_timer_randomness(.. 8388864) with jiffies: 15169885168769663599, cycles: -3276858909234561013
[    5.799542] random 0066 0000 0000 45b1d0b1 845a73f7: added 3 entropy credits to input
[    5.804933] random 0069 0000 0000 45b1d0b1 845a73f7: add_disk_randomness(8:0) 45b1d0b1 845a73f7
[    5.804936] random 0069 0000 0000 45b1d0b1 845a73f7: add_timer_randomness(.. 8388864) with jiffies: 15218438528510427764, cycles: -3228305549493796853
[    5.804938] random 0069 0000 0000 45b1d0b1 845a73f7: added 2 entropy credits to input
[    5.810105] random 0071 0000 0000 45b1d0b1 845a73f7: add_disk_randomness(8:0) 45b1d0b1 845a73f7
[    5.810108] random 0071 0000 0000 45b1d0b1 845a73f7: add_timer_randomness(.. 8388864) with jiffies: 15264968194150597241, cycles: -3181775883853627381
[    5.818335] random 0071 0000 0000 45b1d0b1 845a73f7: add_disk_randomness(8:0) 45b1d0b1 845a73f7
[    5.818338] random 0071 0000 0000 45b1d0b1 845a73f7: add_timer_randomness(.. 8388864) with jiffies: 15338988639782404738, cycles: -3107755438221819893
[    5.818341] random 0071 0000 0000 45b1d0b1 845a73f7: added 2 entropy credits to input
[    5.827936] random 0073 0000 0000 45b1d0b1 845a73f7: add_disk_randomness(8:0) 45b1d0b1 845a73f7
[    5.827939] random 0073 0000 0000 45b1d0b1 845a73f7: add_timer_randomness(.. 8388864) with jiffies: 15425371113688629899, cycles: -3021372964315594741
[    5.847443] random 0073 0000 0000 45b1d0b1 845a73f7: add_disk_randomness(8:0) 45b1d0b1 845a73f7
[    5.847447] random 0073 0000 0000 45b1d0b1 845a73f7: add_timer_randomness(.. 8388864) with jiffies: 15600845412770742943, cycles: -2845898665233481717
[    5.847449] random 0073 0000 0000 45b1d0b1 845a73f7: added 3 entropy credits to input
[    5.860729] random 0076 0000 0000 45b1d0b1 845a73f7: add_disk_randomness(8:0) 45b1d0b1 845a73f7
[    5.860732] random 0076 0000 0000 45b1d0b1 845a73f7: add_timer_randomness(.. 8388864) with jiffies: 15720365371841807020, cycles: -2726378706162417653
[    5.860735] random 0076 0000 0000 45b1d0b1 845a73f7: added 2 entropy credits to input
[    5.868749] random 0078 0000 0000 45b1d0b1 845a73f7: add_disk_randomness(8:0) 45b1d0b1 845a73f7
[    5.868752] random 0078 0000 0000 45b1d0b1 845a73f7: add_timer_randomness(.. 8388864) with jiffies: 15792507155828671156, cycles: -2654236922175553525
[    5.868755] random 0078 0000 0000 45b1d0b1 845a73f7: added 1 entropy credits to input
[    5.878763] random 0079 0000 0000 45b1d0b1 845a73f7: add_disk_randomness(8:0) 45b1d0b1 845a73f7
[    5.878766] random 0079 0000 0000 45b1d0b1 845a73f7: add_timer_randomness(.. 8388864) with jiffies: 15882591659615814334, cycles: -2564152418388410357
[    5.878769] random 0079 0000 0000 45b1d0b1 845a73f7: added 1 entropy credits to input
[    5.891653] random 0080 0000 0000 45b1d0b1 845a73f7: add_disk_randomness(8:0) 45b1d0b1 845a73f7
[    5.891656] random 0080 0000 0000 45b1d0b1 845a73f7: add_timer_randomness(.. 8388864) with jiffies: 15998541362697568971, cycles: -2448202715306655733
[    5.899009] random 0080 0000 0000 45b1d0b1 845a73f7: add_disk_randomness(8:0) 45b1d0b1 845a73f7
[    5.899012] random 0080 0000 0000 45b1d0b1 845a73f7: add_timer_randomness(.. 8388864) with jiffies: 16064723020567773906, cycles: -2382021057436450805
[    5.899015] random 0080 0000 0000 45b1d0b1 845a73f7: added 2 entropy credits to input
[    5.904263] random 0082 0000 0000 45b1d0b1 845a73f7: add_disk_randomness(8:0) 45b1d0b1 845a73f7
[    5.904266] random 0082 0000 0000 45b1d0b1 845a73f7: add_timer_randomness(.. 8388864) with jiffies: 16111988581609472727, cycles: -2334755496394751989
[    5.904271] random 0082 0000 0000 45b1d0b1 845a73f7: added 1 entropy credits to input
[    5.910698] random 0083 0000 0000 45b1d0b1 845a73f7: add_disk_randomness(8:0) 45b1d0b1 845a73f7
[    5.910701] random 0083 0000 0000 45b1d0b1 845a73f7: add_timer_randomness(.. 8388864) with jiffies: 16169869068423889630, cycles: -2276875009580335093
[    5.910704] random 0083 0000 0000 45b1d0b1 845a73f7: added 1 entropy credits to input
[    5.915754] random 0084 0000 0000 45b1d0b1 845a73f7: add_disk_randomness(8:0) 45b1d0b1 845a73f7
[    5.915757] random 0084 0000 0000 45b1d0b1 845a73f7: add_timer_randomness(.. 8388864) with jiffies: 16215354511550284515, cycles: -2231389566453940213
[    5.915760] random 0084 0000 0000 45b1d0b1 845a73f7: added 1 entropy credits to input
[    5.921653] random 0085 0000 0000 45b1d0b1 845a73f7: add_disk_randomness(8:0) 45b1d0b1 845a73f7
[    5.921656] random 0085 0000 0000 45b1d0b1 845a73f7: add_timer_randomness(.. 8388864) with jiffies: 16268410912572670697, cycles: -2178333165431554037
[    5.931008] random 0085 0000 0000 45b1d0b1 845a73f7: add_disk_randomness(8:0) 45b1d0b1 845a73f7
[    5.931011] random 0085 0000 0000 45b1d0b1 845a73f7: add_timer_randomness(.. 8388864) with jiffies: 16352577041620239090, cycles: -2094167036383985653
[    5.931014] random 0085 0000 0000 45b1d0b1 845a73f7: added 1 entropy credits to input
[    5.935887] random 0086 0000 0000 45b1d0b1 845a73f7: add_disk_randomness(8:0) 45b1d0b1 845a73f7
[    5.935890] random 0086 0000 0000 45b1d0b1 845a73f7: add_timer_randomness(.. 8388864) with jiffies: 16396462755457762039, cycles: -2050281322546462709
[    5.935893] random 0086 0000 0000 45b1d0b1 845a73f7: added 2 entropy credits to input
[    5.943325] random 0088 0000 0000 45b1d0b1 845a73f7: add_disk_randomness(8:0) 45b1d0b1 845a73f7
[    5.943328] random 0088 0000 0000 45b1d0b1 845a73f7: add_timer_randomness(.. 8388864) with jiffies: 16463360689318888191, cycles: -1983383388685336565
[    5.943330] random 0088 0000 0000 45b1d0b1 845a73f7: added 1 entropy credits to input
[    5.949540] random 0089 0000 0000 45b1d0b1 845a73f7: add_disk_randomness(8:0) 45b1d0b1 845a73f7
[    5.949543] random 0089 0000 0000 45b1d0b1 845a73f7: add_timer_randomness(.. 8388864) with jiffies: 16519274579327943429, cycles: -1927469498676281333
[    5.949546] random 0089 0000 0000 45b1d0b1 845a73f7: added 1 entropy credits to input
[    5.949697] random 0090 0000 0000 45b1d0b1 845a73f7: add_disk_randomness(8:0) 45b1d0b1 845a73f7
[    5.949700] random 0090 0000 0000 45b1d0b1 845a73f7: add_timer_randomness(.. 8388864) with jiffies: 16520690359462494981, cycles: -1926053718541729781
[    5.964105] random 0090 0000 0000 45b1d0b1 845a73f7: add_disk_randomness(8:0) 45b1d0b1 845a73f7
[    5.964108] random 0090 0000 0000 45b1d0b1 845a73f7: add_timer_randomness(.. 8388864) with jiffies: 16650306936242930451, cycles: -1796437141761294325
[    5.964111] random 0090 0000 0000 45b1d0b1 845a73f7: added 3 entropy credits to input
[    5.971524] random 0093 0000 0000 45b1d0b1 845a73f7: add_disk_randomness(8:0) 45b1d0b1 845a73f7
[    5.971527] random 0093 0000 0000 45b1d0b1 845a73f7: add_timer_randomness(.. 8388864) with jiffies: 16717041124475896603, cycles: -1729702953528328181
[    5.971530] random 0093 0000 0000 45b1d0b1 845a73f7: added 2 entropy credits to input
[    5.981207] random 0095 0000 0000 45b1d0b1 845a73f7: add_disk_randomness(8:0) 45b1d0b1 845a73f7
[    5.981210] random 0095 0000 0000 45b1d0b1 845a73f7: add_timer_randomness(.. 8388864) with jiffies: 16804157058537194276, cycles: -1642587019467030517
[    5.991839] random 0095 0000 0000 45b1d0b1 845a73f7: add_disk_randomness(8:0) 45b1d0b1 845a73f7
[    5.991842] random 0095 0000 0000 45b1d0b1 845a73f7: add_timer_randomness(.. 8388864) with jiffies: 16899791892726383407, cycles: -1546952185277841397
[    6.004360] random 0095 0000 0000 45b1d0b1 845a73f7: add_disk_randomness(8:0) 45b1d0b1 845a73f7
[    6.004363] random 0095 0000 0000 45b1d0b1 845a73f7: add_timer_randomness(.. 8388864) with jiffies: 17012415143637386044, cycles: -1434328934366838773
[    6.005570] random 0095 0000 0000 45b1d0b1 845a73f7: add_disk_randomness(8:0) 45b1d0b1 845a73f7
[    6.005573] random 0095 0000 0000 45b1d0b1 845a73f7: add_timer_randomness(.. 8388864) with jiffies: 17023303671711761213, cycles: -1423440406292463605
[    6.009588] random 0095 0000 0000 45b1d0b1 845a73f7: add_disk_randomness(8:0) 45b1d0b1 845a73f7
[    6.009591] random 0095 0000 0000 45b1d0b1 845a73f7: add_timer_randomness(.. 8388864) with jiffies: 17059453324815467329, cycles: -1387290753188757493
[    6.009594] random 0095 0000 0000 45b1d0b1 845a73f7: added 1 entropy credits to input
[    6.018924] random 0096 0000 0000 45b1d0b1 845a73f7: add_disk_randomness(8:0) 45b1d0b1 845a73f7
[    6.018927] random 0096 0000 0000 45b1d0b1 845a73f7: add_timer_randomness(.. 8388864) with jiffies: 17143437398789292874, cycles: -1303306679214931957
[    6.018930] random 0096 0000 0000 45b1d0b1 845a73f7: added 1 entropy credits to input
[    6.019317] random 0097 0000 0000 45b1d0b1 845a73f7: add_disk_randomness(8:0) 45b1d0b1 845a73f7
[    6.019320] random 0097 0000 0000 45b1d0b1 845a73f7: add_timer_randomness(.. 8388864) with jiffies: 17146966208344195915, cycles: -1299777869660028917
[    6.034938] random 0097 0000 0000 45b1d0b1 845a73f7: add_disk_randomness(8:0) 45b1d0b1 845a73f7
[    6.034941] random 0097 0000 0000 45b1d0b1 845a73f7: add_timer_randomness(.. 8388864) with jiffies: 17287495803102528346, cycles: -1159248274901696501
[    6.034943] random 0097 0000 0000 45b1d0b1 845a73f7: added 3 entropy credits to input
[    6.036569] random 0100 0000 0000 45b1d0b1 845a73f7: add_disk_randomness(8:0) 45b1d0b1 845a73f7
[    6.036572] random 0100 0000 0000 45b1d0b1 845a73f7: add_timer_randomness(.. 8388864) with jiffies: 17302166268924363612, cycles: -1144577809079861237
[    6.036575] random 0100 0000 0000 45b1d0b1 845a73f7: added 1 entropy credits to input
[    6.036716] random 0101 0000 0000 45b1d0b1 845a73f7: add_disk_randomness(8:0) 45b1d0b1 845a73f7
[    6.036719] random 0101 0000 0000 45b1d0b1 845a73f7: add_timer_randomness(.. 8388864) with jiffies: 17303490544780673884, cycles: -1143253533223550965
[    6.047594] random 0101 0000 0000 45b1d0b1 845a73f7: add_disk_randomness(8:0) 45b1d0b1 845a73f7
[    6.047597] random 0101 0000 0000 45b1d0b1 845a73f7: add_timer_randomness(.. 8388864) with jiffies: 17401340641496761191, cycles: -1045403436507463669
[    6.047600] random 0101 0000 0000 45b1d0b1 845a73f7: added 3 entropy credits to input
[    6.048159] random 0104 0000 0000 45b1d0b1 845a73f7: add_disk_randomness(8:0) 45b1d0b1 845a73f7
[    6.048161] random 0104 0000 0000 45b1d0b1 845a73f7: add_timer_randomness(.. 8388864) with jiffies: 17406428232122336103, cycles: -1040315845881888757
[    6.053391] random 0104 0000 0000 45b1d0b1 845a73f7: add_disk_randomness(8:0) 45b1d0b1 845a73f7
[    6.053394] random 0104 0000 0000 45b1d0b1 845a73f7: add_timer_randomness(.. 8388864) with jiffies: 17453487926791603053, cycles: -993256151212621813
[    6.053397] random 0104 0000 0000 45b1d0b1 845a73f7: added 2 entropy credits to input
[    6.055143] random 0106 0000 0000 45b1d0b1 845a73f7: add_disk_randomness(8:0) 45b1d0b1 845a73f7
[    6.055146] random 0106 0000 0000 45b1d0b1 845a73f7: add_timer_randomness(.. 8388864) with jiffies: 17469257006593049454, cycles: -977487071411175413
[    6.065377] random 0106 0000 0000 45b1d0b1 845a73f7: add_disk_randomness(8:0) 45b1d0b1 845a73f7
