[    0.000000] random 0000 0000 0000 00000000 00000000: rand_read_num 1 get_random_bytes(8): sig 00000000 00000000 00000000
[    0.000000] random 0000 0000 0000 00000000 00000000: extract_entropy(.. 8 ..)
[    0.000000] random 0000 0000 0000 00000000 00000000: going to reseed nonblocking with 64 bits (64 of 0 requested)
[    0.000000] random 0000 0000 0000 00000000 00000000: extract_entropy(.. 8 ..)
[    0.000000] random 0000 0000 0000 00000000 00000000: trying to extract 64 bits from input
[    0.000000] random 0000 0000 0000 00000000 00000000: debiting 0 entropy credits from input
[    0.000000] random 0000 0000 0000 00000000 00000000: extract_entropy account returned: 0 
[    0.000000] random 0000 0000 0000 00000000 00000000: urand_change_num 1 xfer_secondary_pool(8): pool_sig 00000000, data_sig 00000000, bytes_mixed 0 00000000 00000000
[    0.000000] random 0000 0000 0000 00000000 00000000: trying to extract 64 bits from nonblocking
[    0.000000] random 0000 0000 0000 00000000 00000000: debiting 64 entropy credits from nonblocking (unlimited)
[    0.000000] random 0000 0000 0000 00000000 00000000: extract_entropy account returned: 8 
[    0.000000] random 0000 0000 0000 00000000 00000000: urand_change_num 2 extract_buf: pool_sig 00000000, data_sig fffffff9, bytes_mixed 20 00000000 00000000
[    0.000000] Linux version 2.6.32.57 (dcashman@dcashman-02) (gcc version 4.3.3 (GCC) ) #6 Thu May 30 09:02:12 PDT 2013
[    0.000000] KERNEL supported cpus:
[    0.000000]   Intel GenuineIntel
[    0.000000]   AMD AuthenticAMD
[    0.000000]   NSC Geode by NSC
[    0.000000]   Cyrix CyrixInstead
[    0.000000]   Centaur CentaurHauls
[    0.000000]   Transmeta GenuineTMx86
[    0.000000]   Transmeta TransmetaCPU
[    0.000000]   UMC UMC UMC UMC
[    0.000000] BIOS-provided physical RAM map:
[    0.000000]  BIOS-e820: 0000000000000000 - 000000000009d800 (usable)
[    0.000000]  BIOS-e820: 000000000009d800 - 00000000000a0000 (reserved)
[    0.000000]  BIOS-e820: 00000000000d2000 - 00000000000d4000 (reserved)
[    0.000000]  BIOS-e820: 00000000000e0000 - 0000000000100000 (reserved)
[    0.000000]  BIOS-e820: 0000000000100000 - 000000003d6b0000 (usable)
[    0.000000]  BIOS-e820: 000000003d6b0000 - 000000003d6cc000 (ACPI data)
[    0.000000]  BIOS-e820: 000000003d6cc000 - 000000003d700000 (ACPI NVS)
[    0.000000]  BIOS-e820: 000000003d700000 - 000000003e000000 (reserved)
[    0.000000]  BIOS-e820: 00000000f0000000 - 00000000f4000000 (reserved)
[    0.000000]  BIOS-e820: 00000000fec00000 - 00000000fec10000 (reserved)
[    0.000000]  BIOS-e820: 00000000fed00000 - 00000000fed00400 (reserved)
[    0.000000]  BIOS-e820: 00000000fed14000 - 00000000fed1a000 (reserved)
[    0.000000]  BIOS-e820: 00000000fed1c000 - 00000000fed90000 (reserved)
[    0.000000]  BIOS-e820: 00000000fee00000 - 00000000fee01000 (reserved)
[    0.000000]  BIOS-e820: 00000000ff000000 - 0000000100000000 (reserved)
[    0.000000] DMI present.
[    0.000000] last_pfn = 0x3d6b0 max_arch_pfn = 0x100000
[    0.000000] MTRR default type: uncachable
[    0.000000] MTRR fixed ranges enabled:
[    0.000000]   00000-9FFFF write-back
[    0.000000]   A0000-BFFFF uncachable
[    0.000000]   C0000-CFFFF write-protect
[    0.000000]   D0000-DFFFF uncachable
[    0.000000]   E0000-FFFFF write-protect
[    0.000000] MTRR variable ranges enabled:
[    0.000000]   0 base 03E000000 mask FFE000000 uncachable
[    0.000000]   1 base 000000000 mask FC0000000 write-back
[    0.000000]   2 base 03D700000 mask FFFF00000 uncachable
[    0.000000]   3 base 03D800000 mask FFF800000 uncachable
[    0.000000]   4 disabled
[    0.000000]   5 disabled
[    0.000000]   6 disabled
[    0.000000]   7 disabled
[    0.000000] initial memory mapped : 0 - 02000000
[    0.000000] init_memory_mapping: 0000000000000000-00000000377fe000
[    0.000000]  0000000000 - 0000400000 page 4k
[    0.000000]  0000400000 - 0037400000 page 2M
[    0.000000]  0037400000 - 00377fe000 page 4k
[    0.000000] kernel direct mapping tables up to 377fe000 @ 7000-c000
[    0.000000] ACPI: RSDP 000f68d0 00024 (v02 LENOVO)
[    0.000000] ACPI: XSDT 3d6bb77f 00094 (v01 LENOVO TP-7L    00002170  LTP 00000000)
[    0.000000] ACPI: FACP 3d6bb900 000F4 (v03 LENOVO TP-7L    00002170 LNVO 00000001)
[    0.000000] ACPI Warning: 32/64X length mismatch in Gpe1Block: 0/32 (20090903/tbfadt-526)
[    0.000000] ACPI Warning: Optional field Gpe1Block has zero address or length: 000000000000102C/0 (20090903/tbfadt-557)
[    0.000000] ACPI: DSDT 3d6bbd1d 0FED1 (v01 LENOVO TP-7L    00002170 MSFT 03000000)
[    0.000000] ACPI: FACS 3d6e4000 00040
[    0.000000] ACPI: SSDT 3d6bbab4 00269 (v01 LENOVO TP-7L    00002170 MSFT 03000000)
[    0.000000] ACPI: ECDT 3d6cbbee 00052 (v01 LENOVO TP-7L    00002170 LNVO 00000001)
[    0.000000] ACPI: TCPA 3d6cbc40 00032 (v02 LENOVO TP-7L    00002170 LNVO 00000001)
[    0.000000] ACPI: APIC 3d6cbc72 00068 (v01 LENOVO TP-7L    00002170 LNVO 00000001)
[    0.000000] ACPI: MCFG 3d6cbcda 0003C (v01 LENOVO TP-7L    00002170 LNVO 00000001)
[    0.000000] ACPI: HPET 3d6cbd16 00038 (v01 LENOVO TP-7L    00002170 LNVO 00000001)
[    0.000000] ACPI: SLIC 3d6cbdf0 00176 (v01 LENOVO TP-7L    00002170  LTP 00000000)
[    0.000000] ACPI: BOOT 3d6cbf66 00028 (v01 LENOVO TP-7L    00002170  LTP 00000001)
[    0.000000] ACPI: ASF! 3d6cbf8e 00072 (v16 LENOVO TP-7L    00002170 PTL  00000001)
[    0.000000] ACPI: SSDT 3d6e26d9 0025F (v01 LENOVO TP-7L    00002170 INTL 20050513)
[    0.000000] ACPI: SSDT 3d6e2938 000A6 (v01 LENOVO TP-7L    00002170 INTL 20050513)
[    0.000000] ACPI: SSDT 3d6e29de 004F7 (v01 LENOVO TP-7L    00002170 INTL 20050513)
[    0.000000] ACPI: SSDT 3d6e2ed5 001D8 (v01 LENOVO TP-7L    00002170 INTL 20050513)
[    0.000000] ACPI: DMI detected: Lenovo ThinkPad R61
[    0.000000] ACPI: Added _OSI(Linux)
[    0.000000] ACPI: Local APIC address 0xfee00000
[    0.000000] 94MB HIGHMEM available.
[    0.000000] 887MB LOWMEM available.
[    0.000000]   mapped low ram: 0 - 377fe000
[    0.000000]   low ram: 0 - 377fe000
[    0.000000]   node 0 low ram: 00000000 - 377fe000
[    0.000000]   node 0 bootmap 00008000 - 0000ef00
[    0.000000] (6 early reservations) ==> bootmem [0000000000 - 00377fe000]
[    0.000000]   #0 [0000000000 - 0000001000]   BIOS data page ==> [0000000000 - 0000001000]
[    0.000000]   #1 [0001000000 - 0001bdc180]    TEXT DATA BSS ==> [0001000000 - 0001bdc180]
[    0.000000]   #2 [000009d800 - 0000100000]    BIOS reserved ==> [000009d800 - 0000100000]
[    0.000000]   #3 [0001bdd000 - 0001be516c]              BRK ==> [0001bdd000 - 0001be516c]
[    0.000000]   #4 [0000007000 - 0000008000]          PGTABLE ==> [0000007000 - 0000008000]
[    0.000000]   #5 [0000008000 - 000000f000]          BOOTMAP ==> [0000008000 - 000000f000]
[    0.000000] found SMP MP-table at [c00f6900] f6900
[    0.000000] Zone PFN ranges:
[    0.000000]   DMA      0x00000000 -> 0x00001000
[    0.000000]   Normal   0x00001000 -> 0x000377fe
[    0.000000]   HighMem  0x000377fe -> 0x0003d6b0
[    0.000000] Movable zone start PFN for each node
[    0.000000] early_node_map[2] active PFN ranges
[    0.000000]     0: 0x00000000 -> 0x0000009d
[    0.000000]     0: 0x00000100 -> 0x0003d6b0
[    0.000000] On node 0 totalpages: 251469
[    0.000000] free_area_init_node: node 0, pgdat c1901ea0, node_mem_map c1be7000
[    0.000000]   DMA zone: 32 pages used for memmap
[    0.000000]   DMA zone: 0 pages reserved
[    0.000000]   DMA zone: 3965 pages, LIFO batch:0
[    0.000000]   Normal zone: 1744 pages used for memmap
[    0.000000]   Normal zone: 221486 pages, LIFO batch:31
[    0.000000]   HighMem zone: 190 pages used for memmap
[    0.000000]   HighMem zone: 24052 pages, LIFO batch:3
[    0.000000] Using APIC driver default
[    0.000000] ACPI: PM-Timer IO Port: 0x1008
[    0.000000] ACPI: Local APIC address 0xfee00000
[    0.000000] ACPI: LAPIC (acpi_id[0x00] lapic_id[0x00] enabled)
[    0.000000] ACPI: LAPIC (acpi_id[0x01] lapic_id[0x01] enabled)
[    0.000000] ACPI: NR_CPUS/possible_cpus limit of 1 reached.  Processor 1/0x1 ignored.
[    0.000000] ACPI: LAPIC_NMI (acpi_id[0x00] high edge lint[0x1])
[    0.000000] ACPI: LAPIC_NMI (acpi_id[0x01] high edge lint[0x1])
[    0.000000] ACPI: IOAPIC (id[0x01] address[0xfec00000] gsi_base[0])
[    0.000000] IOAPIC[0]: apic_id 1, version 32, address 0xfec00000, GSI 0-23
[    0.000000] ACPI: INT_SRC_OVR (bus 0 bus_irq 0 global_irq 2 dfl dfl)
[    0.000000] ACPI: INT_SRC_OVR (bus 0 bus_irq 9 global_irq 9 high level)
[    0.000000] ACPI: IRQ0 used by override.
[    0.000000] ACPI: IRQ2 used by override.
[    0.000000] ACPI: IRQ9 used by override.
[    0.000000] Using ACPI (MADT) for SMP configuration information
[    0.000000] ACPI: HPET id: 0x8086a201 base: 0xfed00000
[    0.000000] nr_irqs_gsi: 24
[    0.000000] PM: Registered nosave memory: 000000000009d000 - 000000000009e000
[    0.000000] PM: Registered nosave memory: 000000000009e000 - 00000000000a0000
[    0.000000] PM: Registered nosave memory: 00000000000a0000 - 00000000000d2000
[    0.000000] PM: Registered nosave memory: 00000000000d2000 - 00000000000d4000
[    0.000000] PM: Registered nosave memory: 00000000000d4000 - 00000000000e0000
[    0.000000] PM: Registered nosave memory: 00000000000e0000 - 0000000000100000
[    0.000000] Allocating PCI resources starting at 3e000000 (gap: 3e000000:b2000000)
[    0.000000] Built 1 zonelists in Zone order, mobility grouping on.  Total pages: 249503
[    0.000000] Kernel command line: auto BOOT_IMAGE=Linux ro root=802 vt.default_utf8=0 maxcpus=0
[    0.000000] PID hash table entries: 4096 (order: 2, 16384 bytes)
[    0.000000] Dentry cache hash table entries: 131072 (order: 7, 524288 bytes)
[    0.000000] Inode-cache hash table entries: 65536 (order: 6, 262144 bytes)
[    0.000000] Enabling fast FPU save and restore... done.
[    0.000000] Enabling unmasked SIMD FPU exception support... done.
[    0.000000] Initializing CPU#0
[    0.000000] Initializing HighMem for node 0 (000377fe:0003d6b0)
[    0.000000] Memory: 984800k/1006272k available (6915k kernel code, 20876k reserved, 2327k data, 448k init, 96968k highmem)
[    0.000000] virtual kernel memory layout:
[    0.000000]     fixmap  : 0xfffa3000 - 0xfffff000   ( 368 kB)
[    0.000000]     pkmap   : 0xff800000 - 0xffc00000   (4096 kB)
[    0.000000]     vmalloc : 0xf7ffe000 - 0xff7fe000   ( 120 MB)
[    0.000000]     lowmem  : 0xc0000000 - 0xf77fe000   ( 887 MB)
[    0.000000]       .init : 0xc1907000 - 0xc1977000   ( 448 kB)
[    0.000000]       .data : 0xc16c0d3f - 0xc1906c64   (2327 kB)
[    0.000000]       .text : 0xc1000000 - 0xc16c0d3f   (6915 kB)
[    0.000000] Checking if this processor honours the WP bit even in supervisor mode...Ok.
[    0.000000] SLUB: Genslabs=13, HWalign=64, Order=0-3, MinObjects=0, CPUs=1, Nodes=1
[    0.000000] Hierarchical RCU implementation.
[    0.000000] NR_IRQS:288
[    0.000000] Extended CMOS year: 2000
[    0.000000] Console: colour VGA+ 80x25
[    0.000000] console [tty0] enabled
[    0.000000] hpet clockevent registered
[    0.000000] Fast TSC calibration using PIT
[    0.000000] Detected 2094.338 MHz processor.
[    0.002002] Calibrating delay loop (skipped), value calculated using timer frequency.. 4188.67 BogoMIPS (lpj=2094338)
[    0.002166] Security Framework initialized
[    0.002249] Mount-cache hash table entries: 512
[    0.002397] CPU: L1 I cache: 32K, L1 D cache: 32K
[    0.002526] CPU: L2 cache: 3072K
[    0.002608] mce: CPU supports 6 MCE banks
[    0.002693] CPU0: Thermal monitoring enabled (TM2)
[    0.002774] using mwait in idle threads.
[    0.002853] CPU: Intel(R) Core(TM)2 Duo CPU     T8100  @ 2.10GHz stepping 06
[    0.003073] Checking 'hlt' instruction... OK.
[    0.007935] ACPI: Core revision 20090903
[    0.027013] RANDOM get_random_int first call with cycles 32700762874, jiffies 4294667323 and pid 0
[    0.027021] CANARY value: 7545fc6d for PID: 1
[    0.027027] CANARY value: 446e47b4 for PID: 2
[    0.027050] Enabling APIC mode:  Flat.  Using 1 I/O APICs
[    0.027500] ..TIMER: vector=0x30 apic1=0 pin1=2 apic2=-1 pin2=-1
[    0.037997] xor: automatically using best checksumming function: pIII_sse
[    0.041998]    pIII_sse  :  8568.000 MB/sec
[    0.042077] xor: using function: pIII_sse (8568.000 MB/sec)
[    0.042164] RANDOM - __seed init called.
[    0.042165] RANDOM - __seed init called.
[    0.042165] RANDOM - __seed init called.
[    0.042167] RANDOM - __random32 called. Change num 1.  Value: f7943846	49e73df3	af36cd0d
[    0.042169] RANDOM - __random32 called. Change num 2.  Value: 43846e13	9e73df37	9a1ad014
[    0.042171] RANDOM - __random32 called. Change num 3.  Value: 46e139c8	e73df373	a029598a
[    0.042173] RANDOM - __random32 called. Change num 4.  Value: 139c8c3b	73df373d	b3142c72
[    0.042174] RANDOM - __random32 called. Change num 5.  Value: c8c3b043	3df373de	58e576a9
[    0.042176] RANDOM - __random32 called. Change num 6.  Value: 3b0437d9	df373de5	ed53f9d8
[    0.042178] RANDOM - random32 init called.  Value: 3b0437d9	df373de5	ed53f9d8
[    0.042195] NET: Registered protocol family 16
[    0.042452] ACPI FADT declares the system doesn't support PCIe ASPM, so disable it
[    0.042567] ACPI: bus type pci registered
[    0.042737] PCI: MCFG configuration 0: base f0000000 segment 0 buses 0 - 63
[    0.042820] PCI: MCFG area at f0000000 reserved in E820
[    0.042912] PCI: Using MMCONFIG for extended config space
[    0.042992] PCI: Using configuration type 1 for base access
[    0.046090] bio: create slab <bio-0> at 0
[    0.046915] ACPI: EC: EC description table is found, configuring boot EC
[    0.052077] ACPI: BIOS _OSI(Linux) query honored via DMI
[    0.052804] random 0000 0000 0000 00000000 00000000: rand_read_num 2 get_random_bytes(8): sig fffffe1a 00000000 00000000
[    0.052807] random 0000 0000 0000 00000000 00000000: extract_entropy(.. 8 ..)
[    0.052810] random 0000 0000 0000 00000000 00000000: going to reseed nonblocking with 64 bits (64 of 0 requested)
[    0.052812] random 0000 0000 0000 00000000 00000000: extract_entropy(.. 8 ..)
[    0.052814] random 0000 0000 0000 00000000 00000000: trying to extract 64 bits from input
[    0.052817] random 0000 0000 0000 00000000 00000000: debiting 0 entropy credits from input
[    0.052818] random 0000 0000 0000 00000000 00000000: extract_entropy account returned: 0 
[    0.052848] random 0000 0000 0000 00000000 00000000: urand_change_num 3 xfer_secondary_pool(8): pool_sig fffffe1a, data_sig 00000000, bytes_mixed 0 00000000 00000000
[    0.052851] random 0000 0000 0000 00000000 00000000: trying to extract 64 bits from nonblocking
[    0.052854] random 0000 0000 0000 00000000 00000000: debiting 64 entropy credits from nonblocking (unlimited)
[    0.052856] random 0000 0000 0000 00000000 00000000: extract_entropy account returned: 8 
[    0.052860] random 0000 0000 0000 00000000 00000000: urand_change_num 4 extract_buf: pool_sig fffffe1a, data_sig fffffed7, bytes_mixed 20 00000000 00000000
[    0.058356] ACPI: Interpreter enabled
[    0.058436] ACPI: (supports S0 S3 S4 S5)
[    0.058756] ACPI: Using IOAPIC for interrupt routing
[    0.068248] ACPI: EC: GPE = 0x12, I/O: command/status = 0x66, data = 0x62
[    0.068532] ACPI: Power Resource [PUBS] (on)
[    0.070627] ACPI: ACPI Dock Station Driver: 3 docks/bays found
[    0.071040] ACPI: PCI Root Bridge [PCI0] (0000:00)
[    0.071205] pci 0000:00:02.0: reg 10 64bit mmio: [0xf8100000-0xf81fffff]
[    0.071211] pci 0000:00:02.0: reg 18 64bit mmio pref: [0xe0000000-0xefffffff]
[    0.071215] pci 0000:00:02.0: reg 20 io port: [0x1800-0x1807]
[    0.071249] pci 0000:00:02.1: reg 10 64bit mmio: [0xf8200000-0xf82fffff]
[    0.071354] pci 0000:00:19.0: reg 10 32bit mmio: [0xfe000000-0xfe01ffff]
[    0.071363] pci 0000:00:19.0: reg 14 32bit mmio: [0xfe025000-0xfe025fff]
[    0.071370] pci 0000:00:19.0: reg 18 io port: [0x1840-0x185f]
[    0.071436] pci 0000:00:19.0: PME# supported from D0 D3hot D3cold
[    0.071536] pci 0000:00:19.0: PME# disabled
[    0.071666] pci 0000:00:1a.0: reg 20 io port: [0x1860-0x187f]
[    0.071749] pci 0000:00:1a.1: reg 20 io port: [0x1880-0x189f]
[    0.071842] pci 0000:00:1a.7: reg 10 32bit mmio: [0xfe226c00-0xfe226fff]
[    0.071927] pci 0000:00:1a.7: PME# supported from D0 D3hot D3cold
[    0.072005] pci 0000:00:1a.7: PME# disabled
[    0.072141] pci 0000:00:1b.0: reg 10 64bit mmio: [0xfe020000-0xfe023fff]
[    0.072222] pci 0000:00:1b.0: PME# supported from D0 D3hot D3cold
[    0.072316] pci 0000:00:1b.0: PME# disabled
[    0.072515] pci 0000:00:1c.0: PME# supported from D0 D3hot D3cold
[    0.072615] pci 0000:00:1c.0: PME# disabled
[    0.072807] pci 0000:00:1c.1: PME# supported from D0 D3hot D3cold
[    0.072899] pci 0000:00:1c.1: PME# disabled
[    0.073110] pci 0000:00:1c.2: PME# supported from D0 D3hot D3cold
[    0.073200] pci 0000:00:1c.2: PME# disabled
[    0.073393] pci 0000:00:1c.3: PME# supported from D0 D3hot D3cold
[    0.073489] pci 0000:00:1c.3: PME# disabled
[    0.074115] pci 0000:00:1c.4: PME# supported from D0 D3hot D3cold
[    0.074198] pci 0000:00:1c.4: PME# disabled
[    0.074340] pci 0000:00:1d.0: reg 20 io port: [0x18a0-0x18bf]
[    0.074416] pci 0000:00:1d.1: reg 20 io port: [0x18c0-0x18df]
[    0.074510] pci 0000:00:1d.2: reg 20 io port: [0x18e0-0x18ff]
[    0.074598] pci 0000:00:1d.7: reg 10 32bit mmio: [0xfe227000-0xfe2273ff]
[    0.074696] pci 0000:00:1d.7: PME# supported from D0 D3hot D3cold
[    0.074999] pci 0000:00:1d.7: PME# disabled
[    0.075278] pci 0000:00:1f.0: quirk: region 1000-107f claimed by ICH6 ACPI/GPIO/TCO
[    0.075395] pci 0000:00:1f.0: quirk: region 1180-11bf claimed by ICH6 GPIO
[    0.075482] pci 0000:00:1f.0: ICH7 LPC Generic IO decode 1 PIO at 1600 (mask 007f)
[    0.075601] pci 0000:00:1f.0: ICH7 LPC Generic IO decode 2 PIO at 15e0 (mask 000f)
[    0.075715] pci 0000:00:1f.0: ICH7 LPC Generic IO decode 3 PIO at 1680 (mask 001f)
[    0.075905] pci 0000:00:1f.1: reg 10 io port: [0x00-0x07]
[    0.075915] pci 0000:00:1f.1: reg 14 io port: [0x00-0x03]
[    0.075925] pci 0000:00:1f.1: reg 18 io port: [0x00-0x07]
[    0.075934] pci 0000:00:1f.1: reg 1c io port: [0x00-0x03]
[    0.075942] pci 0000:00:1f.1: reg 20 io port: [0x1c00-0x1c0f]
[    0.076059] pci 0000:00:1f.2: reg 10 io port: [0x1c50-0x1c57]
[    0.076068] pci 0000:00:1f.2: reg 14 io port: [0x1c44-0x1c47]
[    0.076075] pci 0000:00:1f.2: reg 18 io port: [0x1c48-0x1c4f]
[    0.076084] pci 0000:00:1f.2: reg 1c io port: [0x1c40-0x1c43]
[    0.076093] pci 0000:00:1f.2: reg 20 io port: [0x1c20-0x1c3f]
[    0.076102] pci 0000:00:1f.2: reg 24 32bit mmio: [0xfe226000-0xfe2267ff]
[    0.076167] pci 0000:00:1f.2: PME# supported from D3hot
[    0.076259] pci 0000:00:1f.2: PME# disabled
[    0.076375] pci 0000:00:1f.3: reg 10 32bit mmio: [0xfe227400-0xfe2274ff]
[    0.076401] pci 0000:00:1f.3: reg 20 io port: [0x1c60-0x1c7f]
[    0.076484] pci 0000:00:1c.0: bridge io port: [0x2000-0x2fff]
[    0.076490] pci 0000:00:1c.0: bridge 32bit mmio: [0xfc000000-0xfdffffff]
[    0.076500] pci 0000:00:1c.0: bridge 64bit mmio pref: [0xf8000000-0xf80fffff]
[    0.076572] pci 0000:03:00.0: reg 10 64bit mmio: [0xdf3f0000-0xdf3fffff]
[    0.076767] pci 0000:00:1c.1: bridge io port: [0x3000-0x3fff]
[    0.076773] pci 0000:00:1c.1: bridge 32bit mmio: [0xdc000000-0xdf3fffff]
[    0.076782] pci 0000:00:1c.1: bridge 64bit mmio pref: [0xdfe00000-0xdfefffff]
[    0.076838] pci 0000:00:1c.2: bridge io port: [0x4000-0x4fff]
[    0.076845] pci 0000:00:1c.2: bridge 32bit mmio: [0xd8000000-0xd9ffffff]
[    0.076853] pci 0000:00:1c.2: bridge 64bit mmio pref: [0xdfb00000-0xdfbfffff]
[    0.076914] pci 0000:00:1c.3: bridge io port: [0x5000-0x5fff]
[    0.076920] pci 0000:00:1c.3: bridge 32bit mmio: [0xd4000000-0xd5ffffff]
[    0.076927] pci 0000:00:1c.3: bridge 64bit mmio pref: [0xdf800000-0xdf8fffff]
[    0.076983] pci 0000:00:1c.4: bridge io port: [0x6000-0x6fff]
[    0.076990] pci 0000:00:1c.4: bridge 32bit mmio: [0xd0000000-0xd1ffffff]
[    0.077000] pci 0000:00:1c.4: bridge 64bit mmio pref: [0xdf500000-0xdf5fffff]
[    0.077056] pci 0000:15:00.0: reg 10 32bit mmio: [0xf8300000-0xf8300fff]
[    0.077102] pci 0000:15:00.0: supports D1 D2
[    0.077103] pci 0000:15:00.0: PME# supported from D0 D1 D2 D3hot D3cold
[    0.077189] pci 0000:15:00.0: PME# disabled
[    0.077321] pci 0000:15:00.1: reg 10 32bit mmio: [0xf8301000-0xf83017ff]
[    0.077419] pci 0000:15:00.1: supports D1 D2
[    0.077420] pci 0000:15:00.1: PME# supported from D0 D1 D2 D3hot D3cold
[    0.077512] pci 0000:15:00.1: PME# disabled
[    0.077681] pci 0000:00:1e.0: transparent bridge
[    0.077764] pci 0000:00:1e.0: bridge io port: [0x7000-0xafff]
[    0.077771] pci 0000:00:1e.0: bridge 32bit mmio: [0xf8300000-0xfbffffff]
[    0.077780] pci 0000:00:1e.0: bridge 64bit mmio pref: [0xf4000000-0xf7ffffff]
[    0.077844] pci_bus 0000:00: on NUMA node 0
[    0.077848] ACPI: PCI Interrupt Routing Table [\_SB_.PCI0._PRT]
[    0.077982] ACPI: PCI Interrupt Routing Table [\_SB_.PCI0.EXP0._PRT]
[    0.078048] ACPI: PCI Interrupt Routing Table [\_SB_.PCI0.EXP1._PRT]
[    0.078106] ACPI: PCI Interrupt Routing Table [\_SB_.PCI0.EXP2._PRT]
[    0.078164] ACPI: PCI Interrupt Routing Table [\_SB_.PCI0.EXP3._PRT]
[    0.078227] ACPI: PCI Interrupt Routing Table [\_SB_.PCI0.EXP4._PRT]
[    0.078289] ACPI: PCI Interrupt Routing Table [\_SB_.PCI0.PCI1._PRT]
[    0.083750] ACPI: PCI Interrupt Link [LNKA] (IRQs 3 4 5 6 7 9 *10 11)
[    0.084481] ACPI: PCI Interrupt Link [LNKB] (IRQs 3 4 5 6 7 9 10 *11)
[    0.085159] ACPI: PCI Interrupt Link [LNKC] (IRQs 3 4 5 6 7 9 10 *11)
[    0.085894] ACPI: PCI Interrupt Link [LNKD] (IRQs 3 4 5 6 7 9 10 *11)
[    0.086680] ACPI: PCI Interrupt Link [LNKE] (IRQs 3 4 5 6 7 9 10 *11)
[    0.087423] ACPI: PCI Interrupt Link [LNKF] (IRQs 3 4 5 6 7 9 10 *11)
[    0.088159] ACPI: PCI Interrupt Link [LNKG] (IRQs 3 4 5 6 7 9 10 *11)
[    0.088893] ACPI: PCI Interrupt Link [LNKH] (IRQs 3 4 5 6 7 9 10 *11)
[    0.089574] vgaarb: device added: PCI:0000:00:02.0,decodes=io+mem,owns=io+mem,locks=none
[    0.089697] vgaarb: loaded
[    0.089866] SCSI subsystem initialized
[    0.089955] libata version 3.00 loaded.
[    0.090032] usbcore: registered new interface driver usbfs
[    0.090159] usbcore: registered new interface driver hub
[    0.090267] usbcore: registered new device driver usb
[    0.107038] raid6: int32x1    941 MB/s
[    0.124056] raid6: int32x2    890 MB/s
[    0.140988] raid6: int32x4    746 MB/s
[    0.158001] raid6: int32x8    656 MB/s
[    0.174999] raid6: mmxx1     2882 MB/s
[    0.191985] raid6: mmxx2     3253 MB/s
[    0.209000] raid6: sse1x1    1937 MB/s
[    0.225979] raid6: sse1x2    2531 MB/s
[    0.242985] raid6: sse2x1    3511 MB/s
[    0.259977] raid6: sse2x2    3835 MB/s
[    0.260062] raid6: using algorithm sse2x2 (3835 MB/s)
[    0.260147] PCI: Using ACPI for IRQ routing
[    0.260449] HPET: 3 timers in total, 0 timers will be used for per-cpu timer
[    0.260987] Switching to clocksource tsc
[    0.261089] pnp: PnP ACPI init
[    0.261170] ACPI: bus type pnp registered
[    0.264828] pnp: PnP ACPI: found 11 devices
[    0.264922] ACPI: ACPI bus type pnp unregistered
[    0.265021] system 00:00: iomem range 0x0-0x9ffff could not be reserved
[    0.265103] system 00:00: iomem range 0xc0000-0xc3fff could not be reserved
[    0.265187] system 00:00: iomem range 0xc4000-0xc7fff could not be reserved
[    0.265270] system 00:00: iomem range 0xc8000-0xcbfff has been reserved
[    0.265357] system 00:00: iomem range 0xcc000-0xcffff has been reserved
[    0.265444] system 00:00: iomem range 0xd0000-0xd3fff could not be reserved
[    0.265530] system 00:00: iomem range 0xe0000-0xe3fff could not be reserved
[    0.265614] system 00:00: iomem range 0xe4000-0xe7fff could not be reserved
[    0.265697] system 00:00: iomem range 0xe8000-0xebfff could not be reserved
[    0.265783] system 00:00: iomem range 0xec000-0xeffff could not be reserved
[    0.265869] system 00:00: iomem range 0xf0000-0xfffff could not be reserved
[    0.265951] system 00:00: iomem range 0x100000-0x3dffffff could not be reserved
[    0.266064] system 00:00: iomem range 0xfec00000-0xfed3ffff could not be reserved
[    0.266179] system 00:00: iomem range 0xfed4c000-0xffffffff could not be reserved
[    0.266297] system 00:02: ioport range 0x164e-0x164f has been reserved
[    0.266379] system 00:02: ioport range 0x1000-0x107f has been reserved
[    0.266469] system 00:02: ioport range 0x1180-0x11bf has been reserved
[    0.266552] system 00:02: ioport range 0x800-0x80f has been reserved
[    0.266644] system 00:02: ioport range 0x15e0-0x15ef has been reserved
[    0.266731] system 00:02: ioport range 0x1600-0x165f could not be reserved
[    0.266820] system 00:02: iomem range 0xf0000000-0xf3ffffff has been reserved
[    0.266917] system 00:02: iomem range 0xfed1c000-0xfed1ffff has been reserved
[    0.266999] system 00:02: iomem range 0xfed14000-0xfed17fff has been reserved
[    0.267097] system 00:02: iomem range 0xfed18000-0xfed18fff has been reserved
[    0.267184] system 00:02: iomem range 0xfed19000-0xfed19fff has been reserved
[    0.267267] system 00:02: iomem range 0xfed45000-0xfed4bfff has been reserved
[    0.302315] pci 0000:00:1c.0: PCI bridge, secondary bus 0000:02
[    0.302408] pci 0000:00:1c.0:   IO window: 0x2000-0x2fff
[    0.302492] pci 0000:00:1c.0:   MEM window: 0xfc000000-0xfdffffff
[    0.302580] pci 0000:00:1c.0:   PREFETCH window: 0x000000f8000000-0x000000f80fffff
[    0.302708] pci 0000:00:1c.1: PCI bridge, secondary bus 0000:03
[    0.302797] pci 0000:00:1c.1:   IO window: 0x3000-0x3fff
[    0.302887] pci 0000:00:1c.1:   MEM window: 0xdc000000-0xdf3fffff
[    0.302976] pci 0000:00:1c.1:   PREFETCH window: 0x000000dfe00000-0x000000dfefffff
[    0.303099] pci 0000:00:1c.2: PCI bridge, secondary bus 0000:04
[    0.303188] pci 0000:00:1c.2:   IO window: 0x4000-0x4fff
[    0.303278] pci 0000:00:1c.2:   MEM window: 0xd8000000-0xd9ffffff
[    0.303370] pci 0000:00:1c.2:   PREFETCH window: 0x000000dfb00000-0x000000dfbfffff
[    0.303487] pci 0000:00:1c.3: PCI bridge, secondary bus 0000:05
[    0.303580] pci 0000:00:1c.3:   IO window: 0x5000-0x5fff
[    0.303665] pci 0000:00:1c.3:   MEM window: 0xd4000000-0xd5ffffff
[    0.303748] pci 0000:00:1c.3:   PREFETCH window: 0x000000df800000-0x000000df8fffff
[    0.303874] pci 0000:00:1c.4: PCI bridge, secondary bus 0000:0d
[    0.303957] pci 0000:00:1c.4:   IO window: 0x6000-0x6fff
[    0.304043] pci 0000:00:1c.4:   MEM window: 0xd0000000-0xd1ffffff
[    0.304140] pci 0000:00:1c.4:   PREFETCH window: 0x000000df500000-0x000000df5fffff
[    0.304272] pci 0000:15:00.0: CardBus bridge, secondary bus 0000:16
[    0.304354] pci 0000:15:00.0:   IO window: 0x007000-0x0070ff
[    0.304437] pci 0000:15:00.0:   IO window: 0x007400-0x0074ff
[    0.304529] pci 0000:15:00.0:   PREFETCH window: 0xf4000000-0xf7ffffff
[    0.304615] pci 0000:15:00.0:   MEM window: 0x40000000-0x43ffffff
[    0.304707] pci 0000:00:1e.0: PCI bridge, secondary bus 0000:15
[    0.304790] pci 0000:00:1e.0:   IO window: 0x7000-0xafff
[    0.304879] pci 0000:00:1e.0:   MEM window: 0xf8300000-0xfbffffff
[    0.304970] pci 0000:00:1e.0:   PREFETCH window: 0x000000f4000000-0x000000f7ffffff
[    0.305106] pci 0000:00:1c.0: PCI INT A -> GSI 20 (level, low) -> IRQ 20
[    0.305194] pci 0000:00:1c.0: setting latency timer to 64
[    0.305206] pci 0000:00:1c.1: PCI INT B -> GSI 21 (level, low) -> IRQ 21
[    0.305290] pci 0000:00:1c.1: setting latency timer to 64
[    0.305304] pci 0000:00:1c.2: PCI INT C -> GSI 22 (level, low) -> IRQ 22
[    0.305394] pci 0000:00:1c.2: setting latency timer to 64
[    0.305405] pci 0000:00:1c.3: PCI INT D -> GSI 23 (level, low) -> IRQ 23
[    0.305488] pci 0000:00:1c.3: setting latency timer to 64
[    0.305502] pci 0000:00:1c.4: PCI INT A -> GSI 20 (level, low) -> IRQ 20
[    0.305585] pci 0000:00:1c.4: setting latency timer to 64
[    0.305594] pci 0000:00:1e.0: enabling device (0005 -> 0007)
[    0.305678] pci 0000:00:1e.0: setting latency timer to 64
[    0.305695] pci 0000:15:00.0: PCI INT A -> GSI 16 (level, low) -> IRQ 16
[    0.305781] pci 0000:15:00.0: setting latency timer to 64
[    0.305787] pci_bus 0000:00: resource 0 io:  [0x00-0xffff]
[    0.305789] pci_bus 0000:00: resource 1 mem: [0x000000-0xffffffff]
[    0.305791] pci_bus 0000:02: resource 0 io:  [0x2000-0x2fff]
[    0.305793] pci_bus 0000:02: resource 1 mem: [0xfc000000-0xfdffffff]
[    0.305795] pci_bus 0000:02: resource 2 pref mem [0xf8000000-0xf80fffff]
[    0.305796] pci_bus 0000:03: resource 0 io:  [0x3000-0x3fff]
[    0.305798] pci_bus 0000:03: resource 1 mem: [0xdc000000-0xdf3fffff]
[    0.305800] pci_bus 0000:03: resource 2 pref mem [0xdfe00000-0xdfefffff]
[    0.305802] pci_bus 0000:04: resource 0 io:  [0x4000-0x4fff]
[    0.305804] pci_bus 0000:04: resource 1 mem: [0xd8000000-0xd9ffffff]
[    0.305806] pci_bus 0000:04: resource 2 pref mem [0xdfb00000-0xdfbfffff]
[    0.305808] pci_bus 0000:05: resource 0 io:  [0x5000-0x5fff]
[    0.305809] pci_bus 0000:05: resource 1 mem: [0xd4000000-0xd5ffffff]
[    0.305811] pci_bus 0000:05: resource 2 pref mem [0xdf800000-0xdf8fffff]
[    0.305813] pci_bus 0000:0d: resource 0 io:  [0x6000-0x6fff]
[    0.305815] pci_bus 0000:0d: resource 1 mem: [0xd0000000-0xd1ffffff]
[    0.305817] pci_bus 0000:0d: resource 2 pref mem [0xdf500000-0xdf5fffff]
[    0.305819] pci_bus 0000:15: resource 0 io:  [0x7000-0xafff]
[    0.305820] pci_bus 0000:15: resource 1 mem: [0xf8300000-0xfbffffff]
[    0.305822] pci_bus 0000:15: resource 2 pref mem [0xf4000000-0xf7ffffff]
[    0.305824] pci_bus 0000:15: resource 3 io:  [0x00-0xffff]
[    0.305826] pci_bus 0000:15: resource 4 mem: [0x000000-0xffffffff]
[    0.305828] pci_bus 0000:16: resource 0 io:  [0x7000-0x70ff]
[    0.305830] pci_bus 0000:16: resource 1 io:  [0x7400-0x74ff]
[    0.305831] pci_bus 0000:16: resource 2 pref mem [0xf4000000-0xf7ffffff]
[    0.305833] pci_bus 0000:16: resource 3 mem: [0x40000000-0x43ffffff]
[    0.305841] NET: Registered protocol family 2
[    0.305946] RANDOM - __random32 called. Change num 7.  Value: 437d97bf	f373de51	f3b0f986
[    0.305947] RANDOM - random32 called.  Value: 437d97bf	f373de51	f3b0f986
[    0.305952] random 0000 0000 0000 5f8db4e5 4cfdf2a8: rand_read_num 3 get_random_bytes(4): sig fffffb64 5f8db4e5 4cfdf2a8
[    0.305954] random 0000 0000 0000 5f8db4e5 4cfdf2a8: extract_entropy(.. 4 ..)
[    0.305957] random 0000 0000 0000 5f8db4e5 4cfdf2a8: going to reseed nonblocking with 64 bits (32 of 0 requested)
[    0.305959] random 0000 0000 0000 5f8db4e5 4cfdf2a8: extract_entropy(.. 8 ..)
[    0.305961] random 0000 0000 0000 5f8db4e5 4cfdf2a8: trying to extract 64 bits from input
[    0.305963] random 0000 0000 0000 5f8db4e5 4cfdf2a8: debiting 0 entropy credits from input
[    0.305965] random 0000 0000 0000 5f8db4e5 4cfdf2a8: extract_entropy account returned: 0 
[    0.305968] random 0000 0000 0000 5f8db4e5 4cfdf2a8: urand_change_num 5 xfer_secondary_pool(4): pool_sig fffffb64, data_sig 00000000, bytes_mixed 0 5f8db4e5 4cfdf2a8
[    0.305971] random 0000 0000 0000 5f8db4e5 4cfdf2a8: trying to extract 32 bits from nonblocking
[    0.305973] random 0000 0000 0000 5f8db4e5 4cfdf2a8: debiting 32 entropy credits from nonblocking (unlimited)
[    0.305975] random 0000 0000 0000 5f8db4e5 4cfdf2a8: extract_entropy account returned: 4 
[    0.305980] random 0000 0000 0000 5f8db4e5 4cfdf2a8: urand_change_num 6 extract_buf: pool_sig fffffb64, data_sig 00000241, bytes_mixed 20 5f8db4e5 4cfdf2a8
[    0.305989] IP route cache hash table entries: 32768 (order: 5, 131072 bytes)
[    0.306119] RANDOM - __random32 called. Change num 8.  Value: d97bfe31	373de51f	f30dc6e6
[    0.306120] RANDOM - random32 called.  Value: d97bfe31	373de51f	f30dc6e6
[    0.306131] RANDOM - __random32 called. Change num 9.  Value: bfe314d7	73de51f5	8dcd6c7e
[    0.306133] RANDOM - random32 called.  Value: bfe314d7	73de51f5	8dcd6c7e
[    0.306135] RANDOM - __random32 called. Change num 10.  Value: 314d7baf	3de51f5e	d8fc74c1
[    0.306136] RANDOM - random32 called.  Value: 314d7baf	3de51f5e	d8fc74c1
[    0.306147] RANDOM - __random32 called. Change num 11.  Value: d7baf3c7	de51f5e5	e983e3fa
[    0.306149] RANDOM - random32 called.  Value: d7baf3c7	de51f5e5	e983e3fa
[    0.306159] TCP established hash table entries: 131072 (order: 8, 1048576 bytes)
[    0.306648] TCP bind hash table entries: 65536 (order: 6, 262144 bytes)
[    0.306824] TCP: Hash tables configured (established 131072 bind 65536)
[    0.306910] TCP reno registered
[    0.307006] NET: Registered protocol family 1
[    0.307117] RPC: Registered udp transport module.
[    0.307196] RPC: Registered tcp transport module.
[    0.307275] RPC: Registered tcp NFSv4.1 backchannel transport module.
[    0.307360] pci 0000:00:02.0: Boot video device
[    0.307576] Simple Boot Flag at 0x35 set to 0x1
[    0.308134] highmem bounce pool size: 64 pages
[    0.309616] VFS: Disk quotas dquot_6.5.2
[    0.309730] Dquot-cache hash table entries: 1024 (order 0, 4096 bytes)
[    0.310466] NTFS driver 2.1.29 [Flags: R/W].
[    0.310622] ROMFS MTD (C) 2007 Red Hat, Inc.
[    0.310825] JFS: nTxBlock = 7695, nTxLock = 61562
[    0.313263] SGI XFS with ACLs, security attributes, large block/inode numbers, no debug enabled
[    0.313748] SGI XFS Quota Management subsystem
[    0.314092] Slow work thread pool: Starting up
[    0.314185] Slow work thread pool: Ready
[    0.314270] GFS2 (built May 24 2013 02:47:17) installed
[    0.314359] msgmni has been set to 1734
[    0.314516] alg: No test for cipher_null (cipher_null-generic)
[    0.314606] alg: No test for ecb(cipher_null) (ecb-cipher_null)
[    0.314699] alg: No test for digest_null (digest_null-generic)
[    0.314796] alg: No test for compress_null (compress_null-generic)
[    0.315339] alg: No test for fcrypt (fcrypt-generic)
[    0.316752] alg: No test for stdrng (krng)
[    0.316834] async_tx: api initialized (async)
[    0.316992] Block layer SCSI generic (bsg) driver version 0.4 loaded (major 254)
[    0.317105] io scheduler noop registered
[    0.317185] io scheduler anticipatory registered
[    0.317267] io scheduler deadline registered
[    0.317389] io scheduler cfq registered (default)
[    0.317634] pcieport 0000:00:1c.0: irq 24 for MSI/MSI-X
[    0.317650] pcieport 0000:00:1c.0: setting latency timer to 64
[    0.317839] pcieport 0000:00:1c.1: irq 25 for MSI/MSI-X
[    0.317851] pcieport 0000:00:1c.1: setting latency timer to 64
[    0.318049] pcieport 0000:00:1c.2: irq 26 for MSI/MSI-X
[    0.318060] pcieport 0000:00:1c.2: setting latency timer to 64
[    0.318235] pcieport 0000:00:1c.3: irq 27 for MSI/MSI-X
[    0.318246] pcieport 0000:00:1c.3: setting latency timer to 64
[    0.318426] pcieport 0000:00:1c.4: irq 28 for MSI/MSI-X
[    0.318435] pcieport 0000:00:1c.4: setting latency timer to 64
[    0.318582] pci_hotplug: PCI Hot Plug PCI Core version: 0.5
[    0.318767] isapnp: Scanning for PnP cards...
[    0.679301] isapnp: No Plug & Play device found
[    0.679380] random 0000 0000 0000 5f8db4e5 4cfdf2a8: initializing
[    0.679382] RANDOM init_std_data for input now value: 1369988399679382523
[    0.679384] RANDOM init_std_data for blocking now value: 1369988399679384528
[    0.679385] RANDOM init_std_data for nonblocking now value: 1369988399679386258
[    0.698957] Serial: 8250/16550 driver, 4 ports, IRQ sharing enabled
[    3.710339] floppy0: no floppy controllers found
[    3.711284] brd: module loaded
[    3.711786] loop: module loaded
[    3.711877] Compaq SMART2 Driver (v 2.6.0)
[    3.711997] HP CISS Driver (v 3.6.20)
[    3.712227] input: Macintosh mouse button emulation as /devices/virtual/input/input0
[    3.712359] Uniform Multi-Platform E-IDE driver
[    3.712581] piix 0000:00:1f.1: IDE controller (0x8086:0x2850 rev 0x03)
[    3.712676] pci 0000:00:1f.1: PCI INT C -> GSI 16 (level, low) -> IRQ 16
[    3.712774] piix 0000:00:1f.1: IDE port disabled
[    3.712861] piix 0000:00:1f.1: not 100% native mode: will probe irqs later
[    3.712957]     ide0: BM-DMA at 0x1c00-0x1c07
[    3.713041] Probing IDE interface ide0...
[    4.384648] hda: HL-DT-ST DVDRAM GSA-U10N, ATAPI CD/DVD-ROM drive
[    4.691502] hda: host max PIO4 wanted PIO255(auto-tune) selected PIO4
[    4.692269] hda: UDMA/33 mode selected
[    4.692729] ide0 at 0x1f0-0x1f7,0x3f6 on irq 14
[    4.696604] ide-gd driver 1.18
[    4.696700] ide-cd driver 5.00
[    4.698090] random 0000 0000 0000 00000000 00000000: add_disk_randomness(0:0) 00000000 00000000
[    4.698094] random 0000 0000 0000 00000000 00000000: add_timer_randomness(.. 256) with jiffies: 17992113470370971257, cycles: -454630607633252343
[    4.698097] random 0000 0000 0000 00000000 00000000: added 11 entropy credits to input
[    4.698100] ide-cd: hda: ATAPI 24X DVD-ROM DVD-R/RAM CD-R/RW drive, 2048kB Cache
[    4.698521] Uniform CD-ROM driver Revision: 3.20
[    4.701387] random 0011 0000 0000 00000000 00000000: add_disk_randomness(0:0) 00000000 00000000
[    4.701390] random 0011 0000 0000 00000000 00000000: add_timer_randomness(.. 256) with jiffies: 18021777615483534972, cycles: -424966462520688631
[    4.701393] random 0011 0000 0000 00000000 00000000: added 1 entropy credits to input
[    4.701396] random 0012 0000 0000 00000000 00000000: add_disk_randomness(0:0) 00000000 00000000
[    4.701399] random 0012 0000 0000 00000000 00000000: add_timer_randomness(.. 256) with jiffies: 18021854100261142140, cycles: -424889977743081463
[    4.703386] random 0012 0000 0000 00000000 00000000: add_disk_randomness(0:0) 00000000 00000000
[    4.703389] random 0012 0000 0000 00000000 00000000: add_timer_randomness(.. 256) with jiffies: 18039755236188061310, cycles: -406988841816162295
[    4.703391] random 0012 0000 0000 00000000 00000000: added 1 entropy credits to input
[    4.703394] random 0013 0000 0000 00000000 00000000: add_disk_randomness(0:0) 00000000 00000000
[    4.703397] random 0013 0000 0000 00000000 00000000: add_timer_randomness(.. 256) with jiffies: 18039830187662343806, cycles: -406913890341879799
[    4.705386] random 0013 0000 0000 00000000 00000000: add_disk_randomness(0:0) 00000000 00000000
[    4.705389] random 0013 0000 0000 00000000 00000000: add_timer_randomness(.. 256) with jiffies: 18057749903617785472, cycles: -388994174386438135
[    4.705392] random 0013 0000 0000 00000000 00000000: added 1 entropy credits to input
[    4.705395] random 0014 0000 0000 00000000 00000000: add_disk_randomness(0:0) 00000000 00000000
[    4.705397] random 0014 0000 0000 00000000 00000000: add_timer_randomness(.. 256) with jiffies: 18057822780622864000, cycles: -388921297381359607
[    4.705676] Loading iSCSI transport class v2.0-870.
[    4.705967] rdac: device handler registered
[    4.706045] hp_sw: device handler registered
[    4.706134] emc: device handler registered
[    4.706212] alua: device handler registered
[    4.707204] Adaptec aacraid driver 1.1-5[2461]-ms
[    4.707631] scsi: <fdomain> Detection failed (no card)
[    4.707724] sym53c416.c: Version 1.0.0-ac
[    4.707824] qlogicfas: no cards were found, please specify I/O address and IRQ using iobase= and irq= options
[    4.707947] QLogic Fibre Channel HBA Driver: 8.03.01-k6
[    4.708163] iscsi: registered transport (qla4xxx)
[    4.708265] QLogic iSCSI HBA Driver
[    4.708345] Emulex LightPulse Fibre Channel SCSI driver 8.3.4
[    4.708428] Copyright(c) 2004-2009 Emulex.  All rights reserved.
[    4.730494] Failed initialization of WD-7000 SCSI card!
[    4.819953] DC390: clustering now enabled by default. If you get problems load
[    4.820066]        with "disable_clustering=1" and report to maintainers
[    4.820196] megaraid cmm: 2.20.2.7 (Release Date: Sun Jul 16 00:01:03 EST 2006)
[    4.820346] megaraid: 2.20.5.1 (Release Date: Thu Nov 16 15:32:35 EST 2006)
[    4.820448] megasas: 00.00.04.01 Thu July 24 11:41:51 PST 2008
[    4.820575] GDT-HA: Storage RAID Controller Driver. Version: 3.05
[    4.820713] 3ware Storage Controller device driver for Linux v1.26.02.002.
[    4.820814] 3ware 9000 Storage Controller device driver for Linux v2.26.02.012.
[    4.820954] nsp32: loading...
[    4.821050] ipr: IBM Power RAID SCSI Device Driver version: 2.4.3 (June 10, 2009)
[    4.821188] RocketRAID 3xxx/4xxx Controller driver v1.6 (090910)
[    4.821289] stex: Promise SuperTrak EX Driver version: 4.6.0000.3
[    4.821416] st: Version 20081215, fixed bufsize 32768, s/g segs 256
[    4.821621] ahci 0000:00:1f.2: version 3.0
[    4.821639] ahci 0000:00:1f.2: PCI INT B -> GSI 16 (level, low) -> IRQ 16
[    4.821778] ahci 0000:00:1f.2: irq 29 for MSI/MSI-X
[    4.821844] ahci 0000:00:1f.2: AHCI 0001.0100 32 slots 3 ports 1.5 Gbps 0x5 impl SATA mode
[    4.821972] ahci 0000:00:1f.2: flags: 64bit ncq sntf pm led clo pio slum part ccc 
[    4.822089] ahci 0000:00:1f.2: setting latency timer to 64
[    4.822231] scsi2 : ahci
[    4.822385] scsi3 : ahci
[    4.822537] scsi4 : ahci
[    4.822699] ata1: SATA max UDMA/133 abar m2048@0xfe226000 port 0xfe226100 irq 29
[    4.822817] ata2: DUMMY
[    4.822895] ata3: SATA max UDMA/133 abar m2048@0xfe226000 port 0xfe226200 irq 29
[    4.823514] I2O subsystem v1.325
[    4.823593] i2o: max drivers = 8
[    4.823736] I2O Configuration OSM v1.323
[    4.823838] I2O Bus Adapter OSM v1.317
[    4.823931] I2O Block Device OSM v1.325
[    4.824075] I2O SCSI Peripheral OSM v1.316
[    4.824170] I2O ProcFS OSM v1.316
[    4.824265] Fusion MPT base driver 3.04.12
[    4.824346] Copyright (c) 1999-2008 LSI Corporation
[    4.824428] Fusion MPT SPI Host driver 3.04.12
[    4.824581] Fusion MPT FC Host driver 3.04.12
[    4.824692] Fusion MPT SAS Host driver 3.04.12
[    4.824840] ohci1394 0000:15:00.1: PCI INT B -> GSI 17 (level, low) -> IRQ 17
[    4.824928] ohci1394 0000:15:00.1: setting latency timer to 64
[    4.878533] ohci1394: fw-host0: OHCI-1394 1.1 (PCI): IRQ=[17]  MMIO=[f8301000-f83017ff]  Max Packet=[2048]  IR/IT contexts=[4/4]
[    4.882804] ehci_hcd: USB 2.0 'Enhanced' Host Controller (EHCI) Driver
[    4.883061] ehci_hcd 0000:00:1a.7: power state changed by ACPI to D0
[    4.883303] ehci_hcd 0000:00:1a.7: power state changed by ACPI to D0
[    4.883397] ehci_hcd 0000:00:1a.7: PCI INT C -> GSI 22 (level, low) -> IRQ 22
[    4.883490] ehci_hcd 0000:00:1a.7: setting latency timer to 64
[    4.883499] ehci_hcd 0000:00:1a.7: EHCI Host Controller
[    4.883638] ehci_hcd 0000:00:1a.7: new USB bus registered, assigned bus number 1
[    4.887686] ehci_hcd 0000:00:1a.7: cache line size of 32 is not supported
[    4.887695] ehci_hcd 0000:00:1a.7: irq 22, io mem 0xfe226c00
[    4.897500] ehci_hcd 0000:00:1a.7: USB 2.0 started, EHCI 1.00
[    4.897598] usb usb1: New USB device found, idVendor=1d6b, idProduct=0002
[    4.897683] usb usb1: New USB device strings: Mfr=3, Product=2, SerialNumber=1
[    4.897800] usb usb1: Product: EHCI Host Controller
[    4.897881] usb usb1: Manufacturer: Linux 2.6.32.57 ehci_hcd
[    4.897962] usb usb1: SerialNumber: 0000:00:1a.7
[    4.898104] usb usb1: configuration #1 chosen from 1 choice
[    4.898222] hub 1-0:1.0: USB hub found
[    4.898313] hub 1-0:1.0: 4 ports detected
[    4.898599] ehci_hcd 0000:00:1d.7: power state changed by ACPI to D0
[    4.898830] ehci_hcd 0000:00:1d.7: power state changed by ACPI to D0
[    4.898920] ehci_hcd 0000:00:1d.7: PCI INT D -> GSI 19 (level, low) -> IRQ 19
[    4.899020] ehci_hcd 0000:00:1d.7: setting latency timer to 64
[    4.899025] ehci_hcd 0000:00:1d.7: EHCI Host Controller
[    4.899147] ehci_hcd 0000:00:1d.7: new USB bus registered, assigned bus number 2
[    4.899289] ehci_hcd 0000:00:1d.7: debug port 1
[    4.903259] ehci_hcd 0000:00:1d.7: cache line size of 32 is not supported
[    4.903268] ehci_hcd 0000:00:1d.7: irq 19, io mem 0xfe227000
[    4.913502] ehci_hcd 0000:00:1d.7: USB 2.0 started, EHCI 1.00
[    4.913589] usb usb2: New USB device found, idVendor=1d6b, idProduct=0002
[    4.913678] usb usb2: New USB device strings: Mfr=3, Product=2, SerialNumber=1
[    4.913792] usb usb2: Product: EHCI Host Controller
[    4.913873] usb usb2: Manufacturer: Linux 2.6.32.57 ehci_hcd
[    4.913965] usb usb2: SerialNumber: 0000:00:1d.7
[    4.914095] usb usb2: configuration #1 chosen from 1 choice
[    4.914207] hub 2-0:1.0: USB hub found
[    4.914288] hub 2-0:1.0: 6 ports detected
[    4.914463] 116x: driver isp116x-hcd, 03 Nov 2005
[    4.914577] ohci_hcd: USB 1.1 'Open' Host Controller (OHCI) Driver
[    4.914686] uhci_hcd: USB Universal Host Controller Interface driver
[    4.914785] uhci_hcd 0000:00:1a.0: PCI INT A -> GSI 20 (level, low) -> IRQ 20
[    4.914873] uhci_hcd 0000:00:1a.0: setting latency timer to 64
[    4.914878] uhci_hcd 0000:00:1a.0: UHCI Host Controller
[    4.915001] uhci_hcd 0000:00:1a.0: new USB bus registered, assigned bus number 3
[    4.915142] uhci_hcd 0000:00:1a.0: irq 20, io base 0x00001860
[    4.915253] usb usb3: New USB device found, idVendor=1d6b, idProduct=0001
[    4.915343] usb usb3: New USB device strings: Mfr=3, Product=2, SerialNumber=1
[    4.915460] usb usb3: Product: UHCI Host Controller
[    4.915554] usb usb3: Manufacturer: Linux 2.6.32.57 uhci_hcd
[    4.915634] usb usb3: SerialNumber: 0000:00:1a.0
[    4.915764] usb usb3: configuration #1 chosen from 1 choice
[    4.915873] hub 3-0:1.0: USB hub found
[    4.915955] hub 3-0:1.0: 2 ports detected
[    4.916245] uhci_hcd 0000:00:1a.1: power state changed by ACPI to D0
[    4.916476] uhci_hcd 0000:00:1a.1: power state changed by ACPI to D0
[    4.916568] uhci_hcd 0000:00:1a.1: PCI INT B -> GSI 21 (level, low) -> IRQ 21
[    4.916658] uhci_hcd 0000:00:1a.1: setting latency timer to 64
[    4.916661] uhci_hcd 0000:00:1a.1: UHCI Host Controller
[    4.916783] uhci_hcd 0000:00:1a.1: new USB bus registered, assigned bus number 4
[    4.916930] uhci_hcd 0000:00:1a.1: irq 21, io base 0x00001880
[    4.917047] usb usb4: New USB device found, idVendor=1d6b, idProduct=0001
[    4.917131] usb usb4: New USB device strings: Mfr=3, Product=2, SerialNumber=1
[    4.917255] usb usb4: Product: UHCI Host Controller
[    4.917338] usb usb4: Manufacturer: Linux 2.6.32.57 uhci_hcd
[    4.917425] usb usb4: SerialNumber: 0000:00:1a.1
[    4.917559] usb usb4: configuration #1 chosen from 1 choice
[    4.917666] hub 4-0:1.0: USB hub found
[    4.917762] hub 4-0:1.0: 2 ports detected
[    4.918047] uhci_hcd 0000:00:1d.0: power state changed by ACPI to D0
[    4.918274] uhci_hcd 0000:00:1d.0: power state changed by ACPI to D0
[    4.918362] uhci_hcd 0000:00:1d.0: PCI INT A -> GSI 16 (level, low) -> IRQ 16
[    4.918458] uhci_hcd 0000:00:1d.0: setting latency timer to 64
[    4.918463] uhci_hcd 0000:00:1d.0: UHCI Host Controller
[    4.918595] uhci_hcd 0000:00:1d.0: new USB bus registered, assigned bus number 5
[    4.918740] uhci_hcd 0000:00:1d.0: irq 16, io base 0x000018a0
[    4.918845] usb usb5: New USB device found, idVendor=1d6b, idProduct=0001
[    4.918934] usb usb5: New USB device strings: Mfr=3, Product=2, SerialNumber=1
[    4.919048] usb usb5: Product: UHCI Host Controller
[    4.919132] usb usb5: Manufacturer: Linux 2.6.32.57 uhci_hcd
[    4.919213] usb usb5: SerialNumber: 0000:00:1d.0
[    4.919341] usb usb5: configuration #1 chosen from 1 choice
[    4.919452] hub 5-0:1.0: USB hub found
[    4.919552] hub 5-0:1.0: 2 ports detected
[    4.919690] uhci_hcd 0000:00:1d.1: PCI INT B -> GSI 17 (level, low) -> IRQ 17
[    4.919781] uhci_hcd 0000:00:1d.1: setting latency timer to 64
[    4.919785] uhci_hcd 0000:00:1d.1: UHCI Host Controller
[    4.919905] uhci_hcd 0000:00:1d.1: new USB bus registered, assigned bus number 6
[    4.920049] uhci_hcd 0000:00:1d.1: irq 17, io base 0x000018c0
[    4.920152] usb usb6: New USB device found, idVendor=1d6b, idProduct=0001
[    4.920240] usb usb6: New USB device strings: Mfr=3, Product=2, SerialNumber=1
[    4.920362] usb usb6: Product: UHCI Host Controller
[    4.920442] usb usb6: Manufacturer: Linux 2.6.32.57 uhci_hcd
[    4.920535] usb usb6: SerialNumber: 0000:00:1d.1
[    4.920670] usb usb6: configuration #1 chosen from 1 choice
[    4.920786] hub 6-0:1.0: USB hub found
[    4.920879] hub 6-0:1.0: 2 ports detected
[    4.921169] uhci_hcd 0000:00:1d.2: power state changed by ACPI to D0
[    4.921451] uhci_hcd 0000:00:1d.2: power state changed by ACPI to D0
[    4.921556] uhci_hcd 0000:00:1d.2: PCI INT C -> GSI 18 (level, low) -> IRQ 18
[    4.921654] uhci_hcd 0000:00:1d.2: setting latency timer to 64
[    4.921659] uhci_hcd 0000:00:1d.2: UHCI Host Controller
[    4.921795] uhci_hcd 0000:00:1d.2: new USB bus registered, assigned bus number 7
[    4.921936] uhci_hcd 0000:00:1d.2: irq 18, io base 0x000018e0
[    4.922041] usb usb7: New USB device found, idVendor=1d6b, idProduct=0001
[    4.922123] usb usb7: New USB device strings: Mfr=3, Product=2, SerialNumber=1
[    4.922234] usb usb7: Product: UHCI Host Controller
[    4.922313] usb usb7: Manufacturer: Linux 2.6.32.57 uhci_hcd
[    4.922403] usb usb7: SerialNumber: 0000:00:1d.2
[    4.923198] usb usb7: configuration #1 chosen from 1 choice
[    4.923311] hub 7-0:1.0: USB hub found
[    4.923392] hub 7-0:1.0: 2 ports detected
[    4.923553] sl811: driver sl811-hcd, 19 May 2005
[    4.923657] r8a66597_hcd: driver r8a66597_hcd, 2009-05-26
[    4.923825] Initializing USB Mass Storage driver...
[    4.923942] usbcore: registered new interface driver usb-storage
[    4.924023] USB Mass Storage support registered.
[    4.924122] usbcore: registered new interface driver ums-alauda
[    4.924221] usbcore: registered new interface driver ums-cypress
[    4.924324] usbcore: registered new interface driver ums-datafab
[    4.924422] usbcore: registered new interface driver ums-freecom
[    4.924538] usbcore: registered new interface driver ums-isd200
[    4.924650] usbcore: registered new interface driver ums-jumpshot
[    4.924753] usbcore: registered new interface driver ums-karma
[    4.924861] usbcore: registered new interface driver ums-onetouch
[    4.924965] usbcore: registered new interface driver ums-sddr09
[    4.925068] usbcore: registered new interface driver ums-sddr55
[    4.925174] usbcore: registered new interface driver ums-usbat
[    4.925315] PNP: PS/2 Controller [PNP0303:KBD,PNP0f13:MOU] at 0x60,0x64 irq 1,12
[    4.933033] serio: i8042 KBD port at 0x60,0x64 irq 1
[    4.933121] serio: i8042 AUX port at 0x60,0x64 irq 12
[    4.933355] mice: PS/2 mouse device common for all mice
[    4.933469] i2c /dev entries driver
[    4.933603] md: linear personality registered for level -1
[    4.933684] md: raid0 personality registered for level 0
[    4.933764] md: raid1 personality registered for level 1
[    4.933851] md: raid10 personality registered for level 10
[    4.933940] md: raid6 personality registered for level 6
[    4.934027] md: raid5 personality registered for level 5
[    4.934113] md: raid4 personality registered for level 4
[    4.934202] md: multipath personality registered for level -4
[    4.934402] device-mapper: ioctl: 4.15.0-ioctl (2009-04-01) initialised: dm-devel@redhat.com
[    4.934613] cpuidle: using governor ladder
[    4.935193] usbcore: registered new interface driver usbhid
[    4.935284] usbhid: v2.6:USB HID core driver
[    4.935431] random 0014 0000 0000 00000000 00000000: rand_read_num 4 get_random_bytes(136): sig 00000000 00000000 00000000
[    4.935434] random 0014 0000 0000 00000000 00000000: extract_entropy(.. 136 ..)
[    4.935437] random 0014 0000 0000 00000000 00000000: going to reseed nonblocking with 1024 bits (1088 of 0 requested)
[    4.935439] random 0014 0000 0000 00000000 00000000: extract_entropy(.. 128 ..)
[    4.935441] random 0014 0000 0000 00000000 00000000: trying to extract 1024 bits from input
[    4.935443] random 0014 0000 0000 00000000 00000000: debiting 0 entropy credits from input
[    4.935445] random 0014 0000 0000 00000000 00000000: extract_entropy account returned: 0 
[    4.935448] random 0014 0000 0000 00000000 00000000: urand_change_num 7 xfer_secondary_pool(136): pool_sig 00000000, data_sig 00000000, bytes_mixed 0 00000000 00000000
[    4.935451] random 0014 0000 0000 00000000 00000000: trying to extract 1088 bits from nonblocking
[    4.935454] random 0014 0000 0000 00000000 00000000: debiting 1088 entropy credits from nonblocking (unlimited)
[    4.935456] random 0014 0000 0000 00000000 00000000: extract_entropy account returned: 136 
[    4.935460] random 0014 0000 0000 00000000 00000000: urand_change_num 8 extract_buf: pool_sig 00000000, data_sig fffffff9, bytes_mixed 20 00000000 00000000
[    4.935466] random 0014 0000 0000 b7c35b56 be4dc95d: urand_change_num 9 extract_buf: pool_sig fffffd1e, data_sig 000000c5, bytes_mixed 20 b7c35b56 be4dc95d
[    4.935471] random 0014 0000 0000 ed9f5c47 c48487fb: urand_change_num 10 extract_buf: pool_sig fffff8ec, data_sig ffffff68, bytes_mixed 20 ed9f5c47 c48487fb
[    4.935477] random 0014 0000 0000 ed9f5c47 c48487fb: urand_change_num 11 extract_buf: pool_sig fffffaed, data_sig 000001aa, bytes_mixed 20 ed9f5c47 c48487fb
[    4.935482] random 0014 0000 0000 1b4f7c0a 91bd6a48: urand_change_num 12 extract_buf: pool_sig fffffdd8, data_sig 00000064, bytes_mixed 20 1b4f7c0a 91bd6a48
[    4.935487] random 0014 0000 0000 a254b9bc 20e9a24f: urand_change_num 13 extract_buf: pool_sig fffffbe6, data_sig 000001dd, bytes_mixed 20 a254b9bc 20e9a24f
[    4.935492] random 0014 0000 0000 a254b9bc 20e9a24f: urand_change_num 14 extract_buf: pool_sig fffff940, data_sig fffffe20, bytes_mixed 20 a254b9bc 20e9a24f
[    4.935498] random 0014 0000 0000 2831a66b 5fa2a3ad: urand_change_num 15 extract_buf: pool_sig fffffbce, data_sig 0000007e, bytes_mixed 20 2831a66b 5fa2a3ad
[    4.935514] random 0014 0000 0000 2831a66b 5fa2a3ad: urand_change_num 16 extract_buf: pool_sig 000004df, data_sig fffffe8f, bytes_mixed 20 2831a66b 5fa2a3ad
[    4.935519] random 0014 0000 0000 d4512bfd c9a54e0b: urand_change_num 17 extract_buf: pool_sig 00000485, data_sig fffffe68, bytes_mixed 20 d4512bfd c9a54e0b
[    4.935524] random 0014 0000 0000 c7371be6 f9ffea11: urand_change_num 18 extract_buf: pool_sig 00000095, data_sig ffffffed, bytes_mixed 20 c7371be6 f9ffea11
[    4.935529] random 0014 0000 0000 c7371be6 f9ffea11: urand_change_num 19 extract_buf: pool_sig 000003a7, data_sig fffffefa, bytes_mixed 20 c7371be6 f9ffea11
[    4.935534] random 0014 0000 0000 8fb4b62c d1ddba54: urand_change_num 20 extract_buf: pool_sig 00000179, data_sig ffffff78, bytes_mixed 20 8fb4b62c d1ddba54
[    4.935540] random 0014 0000 0000 9ff19f9c c07a1d2a: urand_change_num 21 extract_buf: pool_sig fffffe88, data_sig 00000126, bytes_mixed 20 9ff19f9c c07a1d2a
[    4.935544] TCP cubic registered
[    4.935623] Initializing XFRM netlink socket
[    4.935706] NET: Registered protocol family 17
[    4.935806] Using IPI Shortcut mode
[    4.935889] random 0014 0000 0000 9ff19f9c c07a1d2a: rand_read_num 5 get_random_bytes(8): sig 0000031b 9ff19f9c c07a1d2a
[    4.935891] random 0014 0000 0000 9ff19f9c c07a1d2a: extract_entropy(.. 8 ..)
[    4.935893] random 0014 0000 0000 9ff19f9c c07a1d2a: going to reseed nonblocking with 64 bits (64 of 0 requested)
[    4.935896] random 0014 0000 0000 9ff19f9c c07a1d2a: extract_entropy(.. 8 ..)
[    4.935898] random 0014 0000 0000 9ff19f9c c07a1d2a: trying to extract 64 bits from input
[    4.935900] random 0014 0000 0000 9ff19f9c c07a1d2a: debiting 0 entropy credits from input
[    4.935902] random 0014 0000 0000 9ff19f9c c07a1d2a: extract_entropy account returned: 0 
[    4.935905] random 0014 0000 0000 9ff19f9c c07a1d2a: urand_change_num 22 xfer_secondary_pool(8): pool_sig 0000031b, data_sig 00000000, bytes_mixed 0 9ff19f9c c07a1d2a
[    4.935908] random 0014 0000 0000 9ff19f9c c07a1d2a: trying to extract 64 bits from nonblocking
[    4.935910] random 0014 0000 0000 9ff19f9c c07a1d2a: debiting 64 entropy credits from nonblocking (unlimited)
[    4.935912] random 0014 0000 0000 9ff19f9c c07a1d2a: extract_entropy account returned: 8 
[    4.935916] random 0014 0000 0000 9ff19f9c c07a1d2a: urand_change_num 23 extract_buf: pool_sig 0000031b, data_sig ffffffb3, bytes_mixed 20 9ff19f9c c07a1d2a
[    4.938599] input: AT Translated Set 2 keyboard as /devices/platform/i8042/serio0/input/input1
[    5.128545] ata3: SATA link down (SStatus 0 SControl 300)
[    5.128661] ata1: SATA link up 1.5 Gbps (SStatus 113 SControl 300)
[    5.131154] ata1.00: ACPI cmd ef/02:00:00:00:00:a0 (SET FEATURES) succeeded
[    5.131157] ata1.00: ACPI cmd f5/00:00:00:00:00:a0 (SECURITY FREEZE LOCK) filtered out
[    5.132550] ata1.00: ACPI cmd ef/5f:00:00:00:00:a0 (SET FEATURES) succeeded
[    5.132552] ata1.00: ACPI cmd ef/10:03:00:00:00:a0 (SET FEATURES) filtered out
[    5.134461] ata1.00: ATA-7: ST910021AS, 4.06, max UDMA/100
[    5.134546] ata1.00: 195371568 sectors, multi 16: LBA48 
[    5.136701] ata1.00: ACPI cmd ef/02:00:00:00:00:a0 (SET FEATURES) succeeded
[    5.136704] ata1.00: ACPI cmd f5/00:00:00:00:00:a0 (SECURITY FREEZE LOCK) filtered out
[    5.138090] ata1.00: ACPI cmd ef/5f:00:00:00:00:a0 (SET FEATURES) succeeded
[    5.138092] ata1.00: ACPI cmd ef/10:03:00:00:00:a0 (SET FEATURES) filtered out
[    5.140021] ata1.00: configured for UDMA/100
[    5.150599] scsi 2:0:0:0: Direct-Access     ATA      ST910021AS       4.06 PQ: 0 ANSI: 5
[    5.150873] sd 2:0:0:0: [sda] 195371568 512-byte logical blocks: (100 GB/93.1 GiB)
[    5.151006] sd 2:0:0:0: [sda] Write Protect is off
[    5.151095] sd 2:0:0:0: [sda] Mode Sense: 00 3a 00 00
[    5.151107] sd 2:0:0:0: [sda] Write cache: enabled, read cache: enabled, doesn't support DPO or FUA
[    5.151293]  sda:
[    5.574953] random 0014 0000 0000 277f73c3 42024bb9: add_disk_randomness(8:0) 277f73c3 42024bb9
[    5.575036] random 0014 0000 0000 277f73c3 42024bb9: add_timer_randomness(.. 8388864) with jiffies: 7433563936596394382, cycles: 7433563932301721610
[    5.575039] random 0014 0000 0000 277f73c3 42024bb9: added 11 entropy credits to input
[    5.575043]  sda1 sda2
[    5.575522] random 0025 0000 0000 277f73c3 42024bb9: add_disk_randomness(8:0) 277f73c3 42024bb9
[    5.575525] random 0025 0000 0000 277f73c3 42024bb9: add_timer_randomness(.. 8388864) with jiffies: 7437974528706969998, cycles: 7437974524412297226
[    5.575682] sd 2:0:0:0: [sda] Attached SCSI disk
[    5.575774] random 0025 0000 0000 277f73c3 42024bb9: rand_read_num 6 get_random_bytes(12): sig 000007e9 277f73c3 42024bb9
[    5.575777] random 0025 0000 0000 277f73c3 42024bb9: extract_entropy(.. 12 ..)
[    5.575779] random 0025 0000 0000 277f73c3 42024bb9: going to reseed nonblocking with 96 bits (96 of 0 requested)
[    5.575782] random 0025 0000 0000 277f73c3 42024bb9: extract_entropy(.. 12 ..)
[    5.575784] random 0025 0000 0000 277f73c3 42024bb9: trying to extract 96 bits from input
[    5.575786] random 0025 0000 0000 277f73c3 42024bb9: debiting 0 entropy credits from input
[    5.575788] random 0025 0000 0000 277f73c3 42024bb9: extract_entropy account returned: 0 
[    5.575791] random 0025 0000 0000 277f73c3 42024bb9: urand_change_num 24 xfer_secondary_pool(12): pool_sig 000007e9, data_sig 00000000, bytes_mixed 0 277f73c3 42024bb9
[    5.575794] random 0025 0000 0000 277f73c3 42024bb9: trying to extract 96 bits from nonblocking
[    5.575797] random 0025 0000 0000 277f73c3 42024bb9: debiting 96 entropy credits from nonblocking (unlimited)
[    5.575799] random 0025 0000 0000 277f73c3 42024bb9: extract_entropy account returned: 12 
[    5.575803] random 0025 0000 0000 277f73c3 42024bb9: urand_change_num 25 extract_buf: pool_sig 000007e9, data_sig 00000088, bytes_mixed 20 277f73c3 42024bb9
[    5.575808] random 0025 0000 0000 277f73c3 42024bb9: urand_change_num 26 extract_buf: pool_sig 00000498, data_sig fffffefb, bytes_mixed 20 277f73c3 42024bb9
[    5.575811] RANDOM - __seed init called.
[    5.575812] RANDOM - __seed init called.
[    5.575813] RANDOM - __seed init called.
[    5.575815] RANDOM - __random32 called. Change num 12.  Value: 87f14767	f0d7351	b1e48bd3
[    5.575817] RANDOM - random32_reseed called.  Value: 87f14767	f0d7351	b1e48bd3
[    5.575819] Pid: 1, comm: swapper Not tainted 2.6.32.57 #6
[    5.575911] Call Trace:
[    5.575994]  [<c1923ca4>] ? random32_reseed+0xa0/0xb1
[    5.576080]  [<c1923c04>] ? random32_reseed+0x0/0xb1
[    5.576161]  [<c100111e>] ? do_one_initcall+0x2e/0x180
[    5.576242]  [<c1907265>] ? kernel_init+0xad/0x103
[    5.576332]  [<c19071b8>] ? kernel_init+0x0/0x103
[    5.576416]  [<c1003787>] ? kernel_thread_helper+0x7/0x10
[    5.576947] random 0025 0000 0000 386b4e60 ee4d4880: rand_read_num 7 get_random_bytes(64): sig fffffea5 386b4e60 ee4d4880
[    5.576949] random 0025 0000 0000 386b4e60 ee4d4880: extract_entropy(.. 64 ..)
[    5.576952] random 0025 0000 0000 386b4e60 ee4d4880: going to reseed nonblocking with 512 bits (512 of 0 requested)
[    5.576954] random 0025 0000 0000 386b4e60 ee4d4880: extract_entropy(.. 64 ..)
[    5.576956] random 0025 0000 0000 386b4e60 ee4d4880: trying to extract 512 bits from input
[    5.576958] random 0025 0000 0000 386b4e60 ee4d4880: debiting 0 entropy credits from input
[    5.576960] random 0025 0000 0000 386b4e60 ee4d4880: extract_entropy account returned: 0 
[    5.576964] random 0025 0000 0000 386b4e60 ee4d4880: urand_change_num 27 xfer_secondary_pool(64): pool_sig fffffea5, data_sig 00000000, bytes_mixed 0 386b4e60 ee4d4880
[    5.576967] random 0025 0000 0000 386b4e60 ee4d4880: trying to extract 512 bits from nonblocking
[    5.576969] random 0025 0000 0000 386b4e60 ee4d4880: debiting 512 entropy credits from nonblocking (unlimited)
[    5.576971] random 0025 0000 0000 386b4e60 ee4d4880: extract_entropy account returned: 64 
[    5.576975] random 0025 0000 0000 386b4e60 ee4d4880: urand_change_num 28 extract_buf: pool_sig fffffea5, data_sig 00000173, bytes_mixed 20 386b4e60 ee4d4880
[    5.576981] random 0025 0000 0000 412698f6 0cc8689a: urand_change_num 29 extract_buf: pool_sig 00000122, data_sig ffffff63, bytes_mixed 20 412698f6 0cc8689a
[    5.576986] random 0025 0000 0000 412698f6 0cc8689a: urand_change_num 30 extract_buf: pool_sig 000001f7, data_sig 00000012, bytes_mixed 20 412698f6 0cc8689a
[    5.576992] random 0025 0000 0000 9669941e 06f768b1: urand_change_num 31 extract_buf: pool_sig fffffb5b, data_sig 0000003f, bytes_mixed 20 9669941e 06f768b1
[    5.576997] random 0025 0000 0000 98486520 995551f0: urand_change_num 32 extract_buf: pool_sig fffffb39, data_sig 0000000e, bytes_mixed 20 98486520 995551f0
[    5.577002] random 0025 0000 0000 98486520 995551f0: urand_change_num 33 extract_buf: pool_sig fffffd8d, data_sig 000001a6, bytes_mixed 20 98486520 995551f0
[    5.577007] random 0025 0000 0000 61fc8914 d5882ed2: urand_change_num 34 extract_buf: pool_sig fffffa58, data_sig 0000023e, bytes_mixed 20 61fc8914 d5882ed2
[    5.577038] random 0025 0000 0000 61fc8914 d5882ed2: rand_read_num 8 get_random_bytes(64): sig fffff9ee 61fc8914 d5882ed2
[    5.577040] random 0025 0000 0000 61fc8914 d5882ed2: extract_entropy(.. 64 ..)
[    5.577043] random 0025 0000 0000 61fc8914 d5882ed2: going to reseed nonblocking with 512 bits (512 of 0 requested)
[    5.577045] random 0025 0000 0000 61fc8914 d5882ed2: extract_entropy(.. 64 ..)
[    5.577047] random 0025 0000 0000 61fc8914 d5882ed2: trying to extract 512 bits from input
[    5.577049] random 0025 0000 0000 61fc8914 d5882ed2: debiting 0 entropy credits from input
[    5.577051] random 0025 0000 0000 61fc8914 d5882ed2: extract_entropy account returned: 0 
[    5.577055] random 0025 0000 0000 61fc8914 d5882ed2: urand_change_num 35 xfer_secondary_pool(64): pool_sig fffff9ee, data_sig 00000000, bytes_mixed 0 61fc8914 d5882ed2
[    5.577057] random 0025 0000 0000 61fc8914 d5882ed2: trying to extract 512 bits from nonblocking
[    5.577060] random 0025 0000 0000 61fc8914 d5882ed2: debiting 512 entropy credits from nonblocking (unlimited)
[    5.577062] random 0025 0000 0000 61fc8914 d5882ed2: extract_entropy account returned: 64 
[    5.577066] random 0025 0000 0000 61fc8914 d5882ed2: urand_change_num 36 extract_buf: pool_sig fffff9ee, data_sig ffffff85, bytes_mixed 20 61fc8914 d5882ed2
[    5.577071] random 0025 0000 0000 70cfd302 e5edec11: urand_change_num 37 extract_buf: pool_sig fffffdc1, data_sig ffffffde, bytes_mixed 20 70cfd302 e5edec11
[    5.577077] random 0025 0000 0000 00dab838 eafd2b30: urand_change_num 38 extract_buf: pool_sig 000003da, data_sig ffffff61, bytes_mixed 20 00dab838 eafd2b30
[    5.577082] random 0025 0000 0000 00dab838 eafd2b30: urand_change_num 39 extract_buf: pool_sig 00000314, data_sig 00000121, bytes_mixed 20 00dab838 eafd2b30
[    5.577087] random 0025 0000 0000 5fcdf66a 6442b608: urand_change_num 40 extract_buf: pool_sig 0000028b, data_sig fffffefd, bytes_mixed 20 5fcdf66a 6442b608
[    5.577093] random 0025 0000 0000 61333f6b 8fae0f9b: urand_change_num 41 extract_buf: pool_sig 000000cb, data_sig 000000b3, bytes_mixed 20 61333f6b 8fae0f9b
[    5.577098] random 0025 0000 0000 61333f6b 8fae0f9b: urand_change_num 42 extract_buf: pool_sig fffffef8, data_sig 00000051, bytes_mixed 20 61333f6b 8fae0f9b
[    5.577101] BEGIN NET_SECRET:
[    5.577102] \xffffffe0
[    5.577103] \xffffffb6
[    5.577103] \x36
[    5.577104] \xffffffb5
[    5.577105] \xffffff94
[    5.577106] \xffffffb2
[    5.577107] \xffffffa8
[    5.577108] \xffffffda
[    5.577108] \x5b
[    5.577109] \x19
[    5.577110] \x18
[    5.577111] \x5c
[    5.577111] \x2b
[    5.577112] \x1
[    5.577113] \xffffff90
[    5.577114] \x19
[    5.577114] \x3c
[    5.577115] \xfffffff2
[    5.577116] \xffffff82
[    5.577117] \x2a
[    5.577118] \xffffffb3
[    5.577118] \xffffffa2
[    5.577119] \x3f
[    5.577120] \x5
[    5.577121] \x52
[    5.577121] \x77
[    5.577122] \x57
[    5.577123] \x79
[    5.577123] \x16
[    5.577124] \x43
[    5.577125] \xffffff84
[    5.577126] \xffffffc3
[    5.577127] \xffffffe9
[    5.577127] \x79
[    5.577128] \x50
[    5.577129] \xffffff8e
[    5.577130] \x3f
[    5.577130] \xfffffff3
[    5.577131] \x19
[    5.577132] \x2a
[    5.577133] \xfffffffd
[    5.577133] \xfffffffb
[    5.577134] \x62
[    5.577135] \x3c
[    5.577136] \xffffffac
[    5.577137] \x1c
[    5.577137] \x3b
[    5.577138] \x3b
[    5.577139] \x15
[    5.577139] \x27
[    5.577140] \xffffffa8
[    5.577141] \x22
[    5.577142] \xffffffc5
[    5.577143] \xffffff9a
[    5.577143] \x5
[    5.577144] \x6c
[    5.577145] \xffffffa8
[    5.577146] \x3a
[    5.577146] \x44
[    5.577147] \xffffffaf
[    5.577148] \x13
[    5.577149] \xffffffe0
[    5.577150] \xffffff9d
[    5.577150] \x22
[    5.577151] 
[    5.577151] END NET_SECRET
[    5.577154] random 0025 0000 0000 e7f555d9 e8ce5c3c: rand_read_num 9 get_random_bytes(4): sig 0000068c e7f555d9 e8ce5c3c
[    5.577157] random 0025 0000 0000 e7f555d9 e8ce5c3c: extract_entropy(.. 4 ..)
[    5.577159] random 0025 0000 0000 e7f555d9 e8ce5c3c: going to reseed nonblocking with 64 bits (32 of 0 requested)
[    5.577161] random 0025 0000 0000 e7f555d9 e8ce5c3c: extract_entropy(.. 8 ..)
[    5.577163] random 0025 0000 0000 e7f555d9 e8ce5c3c: trying to extract 64 bits from input
[    5.577165] random 0025 0000 0000 e7f555d9 e8ce5c3c: debiting 0 entropy credits from input
[    5.577167] random 0025 0000 0000 e7f555d9 e8ce5c3c: extract_entropy account returned: 0 
[    5.577171] random 0025 0000 0000 e7f555d9 e8ce5c3c: urand_change_num 43 xfer_secondary_pool(4): pool_sig 0000068c, data_sig 00000000, bytes_mixed 0 e7f555d9 e8ce5c3c
[    5.577174] random 0025 0000 0000 e7f555d9 e8ce5c3c: trying to extract 32 bits from nonblocking
[    5.577176] random 0025 0000 0000 e7f555d9 e8ce5c3c: debiting 32 entropy credits from nonblocking (unlimited)
[    5.577178] random 0025 0000 0000 e7f555d9 e8ce5c3c: extract_entropy account returned: 4 
[    5.577182] random 0025 0000 0000 e7f555d9 e8ce5c3c: urand_change_num 44 extract_buf: pool_sig 0000068c, data_sig fffffdcb, bytes_mixed 20 e7f555d9 e8ce5c3c
[    5.577193] md: Waiting for all devices to be available before autodetect
[    5.577275] md: If you don't use raid, use raid=noautodetect
[    5.577440] md: Autodetecting RAID arrays.
[    5.577523] md: Scanned 0 and added 0 devices.
[    5.577615] md: autorun ...
[    5.577705] md: ... autorun DONE.
[    5.591164] random 0025 0000 0000 e7f555d9 e8ce5c3c: add_disk_randomness(8:0) e7f555d9 e8ce5c3c
[    5.591167] random 0025 0000 0000 e7f555d9 e8ce5c3c: add_timer_randomness(.. 8388864) with jiffies: 7578667418121896350, cycles: 7578667413827223562
[    5.591170] random 0025 0000 0000 e7f555d9 e8ce5c3c: added 4 entropy credits to input
[    5.592284] random 0029 0000 0000 e7f555d9 e8ce5c3c: add_disk_randomness(8:0) e7f555d9 e8ce5c3c
[    5.592288] random 0029 0000 0000 e7f555d9 e8ce5c3c: add_timer_randomness(.. 8388864) with jiffies: 7588751099389772191, cycles: 7588751095095099402
[    5.599373] random 0029 0000 0000 e7f555d9 e8ce5c3c: add_disk_randomness(8:0) e7f555d9 e8ce5c3c
[    5.599376] random 0029 0000 0000 e7f555d9 e8ce5c3c: add_timer_randomness(.. 8388864) with jiffies: 7652518659222110630, cycles: 7652518654927437834
[    5.599379] random 0029 0000 0000 e7f555d9 e8ce5c3c: added 2 entropy credits to input
[    5.599384] EXT3-fs: sda2: couldn't mount because of unsupported optional features (240).
[    5.599605] random 0031 0000 0000 e7f555d9 e8ce5c3c: add_disk_randomness(8:0) e7f555d9 e8ce5c3c
[    5.599608] random 0031 0000 0000 e7f555d9 e8ce5c3c: add_timer_randomness(.. 8388864) with jiffies: 7654584469772009895, cycles: 7654584465477337098
[    5.599612] EXT2-fs: sda2: couldn't mount because of unsupported optional features (240).
[    5.599832] random 0031 0000 0000 e7f555d9 e8ce5c3c: add_disk_randomness(8:0) e7f555d9 e8ce5c3c
[    5.599835] random 0031 0000 0000 e7f555d9 e8ce5c3c: add_timer_randomness(.. 8388864) with jiffies: 7656630480522674599, cycles: 7656630476228001802
[    5.599964] random 0031 0000 0000 e7f555d9 e8ce5c3c: add_disk_randomness(8:0) e7f555d9 e8ce5c3c
[    5.599967] random 0031 0000 0000 e7f555d9 e8ce5c3c: add_timer_randomness(.. 8388864) with jiffies: 7657825061251547559, cycles: 7657825056956874762
[    5.600090] random 0031 0000 0000 e7f555d9 e8ce5c3c: add_disk_randomness(8:0) e7f555d9 e8ce5c3c
[    5.600093] random 0031 0000 0000 e7f555d9 e8ce5c3c: add_timer_randomness(.. 8388864) with jiffies: 7658963987794198951, cycles: 7658963983499526154
[    5.600209] random 0031 0000 0000 e7f555d9 e8ce5c3c: add_disk_randomness(8:0) e7f555d9 e8ce5c3c
[    5.600212] random 0031 0000 0000 e7f555d9 e8ce5c3c: add_timer_randomness(.. 8388864) with jiffies: 7660034955069325735, cycles: 7660034950774652938
[    5.600356] random 0031 0000 0000 e7f555d9 e8ce5c3c: add_disk_randomness(8:0) e7f555d9 e8ce5c3c
[    5.600359] random 0031 0000 0000 e7f555d9 e8ce5c3c: add_timer_randomness(.. 8388864) with jiffies: 7661354545116316071, cycles: 7661354540821643274
[    5.600483] random 0031 0000 0000 e7f555d9 e8ce5c3c: add_disk_randomness(8:0) e7f555d9 e8ce5c3c
[    5.600486] random 0031 0000 0000 e7f555d9 e8ce5c3c: add_timer_randomness(.. 8388864) with jiffies: 7662498883317760423, cycles: 7662498879023087626
[    5.600602] random 0031 0000 0000 e7f555d9 e8ce5c3c: add_disk_randomness(8:0) e7f555d9 e8ce5c3c
[    5.600605] random 0031 0000 0000 e7f555d9 e8ce5c3c: add_timer_randomness(.. 8388864) with jiffies: 7663560788211892648, cycles: 7663560783917219850
[    5.600751] random 0031 0000 0000 e7f555d9 e8ce5c3c: add_disk_randomness(8:0) e7f555d9 e8ce5c3c
[    5.600754] random 0031 0000 0000 e7f555d9 e8ce5c3c: add_timer_randomness(.. 8388864) with jiffies: 7664896969717547432, cycles: 7664896965422874634
[    5.600992] random 0031 0000 0000 e7f555d9 e8ce5c3c: rand_read_num 10 get_random_bytes(4): sig ffffff72 e7f555d9 e8ce5c3c
[    5.600994] random 0031 0000 0000 e7f555d9 e8ce5c3c: extract_entropy(.. 4 ..)
[    5.600997] random 0031 0000 0000 e7f555d9 e8ce5c3c: going to reseed nonblocking with 64 bits (32 of 0 requested)
[    5.600999] random 0031 0000 0000 e7f555d9 e8ce5c3c: extract_entropy(.. 8 ..)
[    5.601001] random 0031 0000 0000 e7f555d9 e8ce5c3c: trying to extract 64 bits from input
[    5.601003] random 0031 0000 0000 e7f555d9 e8ce5c3c: debiting 0 entropy credits from input
[    5.601005] random 0031 0000 0000 e7f555d9 e8ce5c3c: extract_entropy account returned: 0 
[    5.601008] random 0031 0000 0000 e7f555d9 e8ce5c3c: urand_change_num 45 xfer_secondary_pool(4): pool_sig ffffff72, data_sig 00000000, bytes_mixed 0 e7f555d9 e8ce5c3c
[    5.601011] random 0031 0000 0000 e7f555d9 e8ce5c3c: trying to extract 32 bits from nonblocking
[    5.601014] random 0031 0000 0000 e7f555d9 e8ce5c3c: debiting 32 entropy credits from nonblocking (unlimited)
[    5.601016] random 0031 0000 0000 e7f555d9 e8ce5c3c: extract_entropy account returned: 4 
[    5.601020] random 0031 0000 0000 e7f555d9 e8ce5c3c: urand_change_num 46 extract_buf: pool_sig ffffff72, data_sig ffffff72, bytes_mixed 20 e7f555d9 e8ce5c3c
[    5.605621] random 0031 0000 0000 91716c54 eeb6a1e7: add_disk_randomness(8:0) 91716c54 eeb6a1e7
[    5.605625] random 0031 0000 0000 91716c54 eeb6a1e7: add_timer_randomness(.. 8388864) with jiffies: 7708708135807713709, cycles: 7708708131513040906
[    5.605627] random 0031 0000 0000 91716c54 eeb6a1e7: added 2 entropy credits to input
[    5.623900] random 0033 0000 0000 91716c54 eeb6a1e7: add_disk_randomness(8:0) 91716c54 eeb6a1e7
[    5.623903] random 0033 0000 0000 91716c54 eeb6a1e7: add_timer_randomness(.. 8388864) with jiffies: 7873132506239435199, cycles: 7873132501944762378
[    5.623906] random 0033 0000 0000 91716c54 eeb6a1e7: added 3 entropy credits to input
[    5.628567] EXT4-fs (sda2): mounted filesystem with ordered data mode
[    5.628757] VFS: Mounted root (ext4 filesystem) readonly on device 8:2.
[    5.628862] Freeing unused kernel memory: 448k freed
[    5.649052] random 0036 0000 0000 91716c54 eeb6a1e7: add_disk_randomness(8:0) 91716c54 eeb6a1e7
[    5.649055] random 0036 0000 0000 91716c54 eeb6a1e7: add_timer_randomness(.. 8388864) with jiffies: 8099376011704762840, cycles: 8099376007410089994
[    5.649058] random 0036 0000 0000 91716c54 eeb6a1e7: added 2 entropy credits to input
[    5.649825] random 0038 0000 0000 91716c54 eeb6a1e7: add_disk_randomness(8:0) 91716c54 eeb6a1e7
[    5.649828] random 0038 0000 0000 91716c54 eeb6a1e7: add_timer_randomness(.. 8388864) with jiffies: 8106330354030969305, cycles: 8106330349736296458
[    5.654507] random 0038 0000 0000 91716c54 eeb6a1e7: add_disk_randomness(8:0) 91716c54 eeb6a1e7
[    5.654510] random 0038 0000 0000 91716c54 eeb6a1e7: add_timer_randomness(.. 8388864) with jiffies: 8148457051127513565, cycles: 8148457046832840714
[    5.654513] random 0038 0000 0000 91716c54 eeb6a1e7: added 1 entropy credits to input
[    5.662714] random 0039 0000 0000 91716c54 eeb6a1e7: add_disk_randomness(8:0) 91716c54 eeb6a1e7
[    5.662717] random 0039 0000 0000 91716c54 eeb6a1e7: add_timer_randomness(.. 8388864) with jiffies: 8222258908693758438, cycles: 8222258904399085578
[    5.662719] random 0039 0000 0000 91716c54 eeb6a1e7: added 1 entropy credits to input
[    5.666136] random 0040 0000 0000 91716c54 eeb6a1e7: add_disk_randomness(8:0) 91716c54 eeb6a1e7
[    5.666139] random 0040 0000 0000 91716c54 eeb6a1e7: add_timer_randomness(.. 8388864) with jiffies: 8253050796254134761, cycles: 8253050791959461898
[    5.666142] random 0040 0000 0000 91716c54 eeb6a1e7: added 1 entropy credits to input
[    5.675032] random 0041 0000 0000 91716c54 eeb6a1e7: add_disk_randomness(8:0) 91716c54 eeb6a1e7
[    5.675035] random 0041 0000 0000 91716c54 eeb6a1e7: add_timer_randomness(.. 8388864) with jiffies: 8333069657636045298, cycles: 8333069653341372426
[    5.675037] random 0041 0000 0000 91716c54 eeb6a1e7: added 2 entropy credits to input
[    5.679992] random 0043 0000 0000 91716c54 eeb6a1e7: add_disk_randomness(8:0) 91716c54 eeb6a1e7
[    5.679995] random 0043 0000 0000 91716c54 eeb6a1e7: add_timer_randomness(.. 8388864) with jiffies: 8377685039172518391, cycles: 8377685034877845514
[    5.679998] random 0043 0000 0000 91716c54 eeb6a1e7: added 2 entropy credits to input
[    5.688069] random 0045 0000 0000 91716c54 eeb6a1e7: add_disk_randomness(8:0) 91716c54 eeb6a1e7
[    5.688072] random 0045 0000 0000 91716c54 eeb6a1e7: add_timer_randomness(.. 8388864) with jiffies: 8450341386011247103, cycles: 8450341381716574218
[    5.688075] random 0045 0000 0000 91716c54 eeb6a1e7: added 1 entropy credits to input
[    5.688098] RANDOM get_random_int call with cycles 44917226623, jiffies 4294672895 and pid 1
[    5.688101] RANDOM get_random_int call with cycles 44917234267, jiffies 4294672895 and pid 1
[    5.688103] ASLR stack rand value: 3760128 after shift for pid: 1
[    5.688105] RANDOM get_random_int call with cycles 44917242058, jiffies 4294672895 and pid 1
[    5.699720] random 0046 0000 0000 91716c54 eeb6a1e7: add_disk_randomness(8:0) 91716c54 eeb6a1e7
[    5.699723] random 0046 0000 0000 91716c54 eeb6a1e7: add_timer_randomness(.. 8388864) with jiffies: 8555140456344420875, cycles: 8555140452049747978
[    5.699734] RANDOM get_random_int call with cycles 44941595391, jiffies 4294672907 and pid 1
[    5.699740] random 0046 0000 0000 91716c54 eeb6a1e7: rand_read_num 11 get_random_bytes(16): sig fffffcad 91716c54 eeb6a1e7
[    5.699742] random 0046 0000 0000 91716c54 eeb6a1e7: extract_entropy(.. 16 ..)
[    5.699745] random 0046 0000 0000 91716c54 eeb6a1e7: going to reseed nonblocking with 128 bits (128 of 0 requested)
[    5.699747] random 0046 0000 0000 91716c54 eeb6a1e7: extract_entropy(.. 16 ..)
[    5.699749] random 0046 0000 0000 91716c54 eeb6a1e7: trying to extract 128 bits from input
[    5.699751] random 0046 0000 0000 91716c54 eeb6a1e7: debiting 0 entropy credits from input
[    5.699753] random 0046 0000 0000 91716c54 eeb6a1e7: extract_entropy account returned: 0 
[    5.699756] random 0046 0000 0000 91716c54 eeb6a1e7: urand_change_num 47 xfer_secondary_pool(16): pool_sig fffffcad, data_sig 00000000, bytes_mixed 0 91716c54 eeb6a1e7
[    5.699759] random 0046 0000 0000 91716c54 eeb6a1e7: trying to extract 128 bits from nonblocking
[    5.699762] random 0046 0000 0000 91716c54 eeb6a1e7: debiting 128 entropy credits from nonblocking (unlimited)
[    5.699764] random 0046 0000 0000 91716c54 eeb6a1e7: extract_entropy account returned: 16 
[    5.699768] random 0046 0000 0000 91716c54 eeb6a1e7: urand_change_num 48 extract_buf: pool_sig fffffcad, data_sig ffffff19, bytes_mixed 20 91716c54 eeb6a1e7
[    5.699774] random 0046 0000 0000 fd637b06 6cf47bc1: urand_change_num 49 extract_buf: pool_sig fffffede, data_sig ffffffc1, bytes_mixed 20 fd637b06 6cf47bc1
[    5.700726] random 0046 0000 0000 fd637b06 6cf47bc1: add_disk_randomness(8:0) fd637b06 6cf47bc1
[    5.700729] random 0046 0000 0000 fd637b06 6cf47bc1: add_timer_randomness(.. 8388864) with jiffies: 8564182303100338700, cycles: 8564182298805665802
[    5.701926] random 0046 0000 0000 fd637b06 6cf47bc1: add_disk_randomness(8:0) fd637b06 6cf47bc1
[    5.701929] random 0046 0000 0000 fd637b06 6cf47bc1: add_timer_randomness(.. 8388864) with jiffies: 8574985279721144845, cycles: 8574985275426471946
[    5.703082] random 0046 0000 0000 fd637b06 6cf47bc1: add_disk_randomness(8:0) fd637b06 6cf47bc1
[    5.703085] random 0046 0000 0000 fd637b06 6cf47bc1: add_timer_randomness(.. 8388864) with jiffies: 8585386487921213966, cycles: 8585386483626541066
[    5.703953] random 0046 0000 0000 fd637b06 6cf47bc1: add_disk_randomness(8:0) fd637b06 6cf47bc1
[    5.703956] random 0046 0000 0000 fd637b06 6cf47bc1: add_timer_randomness(.. 8388864) with jiffies: 8593218197576712719, cycles: 8593218193282039818
[    5.704144] random 0046 0000 0000 fd637b06 6cf47bc1: add_disk_randomness(8:0) fd637b06 6cf47bc1
[    5.704147] random 0046 0000 0000 fd637b06 6cf47bc1: add_timer_randomness(.. 8388864) with jiffies: 8594940230354305551, cycles: 8594940226059632650
[    5.704358] random 0046 0000 0000 fd637b06 6cf47bc1: add_disk_randomness(8:0) fd637b06 6cf47bc1
[    5.704362] random 0046 0000 0000 fd637b06 6cf47bc1: add_timer_randomness(.. 8388864) with jiffies: 8596871200405946895, cycles: 8596871196111273994
[    5.714785] random 0046 0000 0000 fd637b06 6cf47bc1: add_disk_randomness(8:0) fd637b06 6cf47bc1
[    5.714788] random 0046 0000 0000 fd637b06 6cf47bc1: add_timer_randomness(.. 8388864) with jiffies: 8690651325982802458, cycles: 8690651321688129546
[    5.714791] random 0046 0000 0000 fd637b06 6cf47bc1: added 3 entropy credits to input
[    5.715223] random 0049 0000 0000 fd637b06 6cf47bc1: add_disk_randomness(8:0) fd637b06 6cf47bc1
[    5.715226] random 0049 0000 0000 fd637b06 6cf47bc1: add_timer_randomness(.. 8388864) with jiffies: 8694595385860784666, cycles: 8694595381566111754
[    5.724967] random 0049 0000 0000 fd637b06 6cf47bc1: add_disk_randomness(8:0) fd637b06 6cf47bc1
[    5.724971] random 0049 0000 0000 fd637b06 6cf47bc1: add_timer_randomness(.. 8388864) with jiffies: 8782244776335082020, cycles: 8782244772040409098
[    5.724973] random 0049 0000 0000 fd637b06 6cf47bc1: added 3 entropy credits to input
[    5.725026] RANDOM get_random_int call with cycles 44994565770, jiffies 4294672932 and pid 1
[    5.729739] random 0052 0000 0000 fd637b06 6cf47bc1: add_disk_randomness(8:0) fd637b06 6cf47bc1
[    5.729742] random 0052 0000 0000 fd637b06 6cf47bc1: add_timer_randomness(.. 8388864) with jiffies: 8825163156163363369, cycles: 8825163151868690442
[    5.729745] random 0052 0000 0000 fd637b06 6cf47bc1: added 2 entropy credits to input
[    5.742404] random 0054 0000 0000 fd637b06 6cf47bc1: add_disk_randomness(8:0) fd637b06 6cf47bc1
[    5.742407] random 0054 0000 0000 fd637b06 6cf47bc1: add_timer_randomness(.. 8388864) with jiffies: 8939092914650972725, cycles: 8939092910356299786
[    5.742409] random 0054 0000 0000 fd637b06 6cf47bc1: added 2 entropy credits to input
[    5.742543] random 0056 0000 0000 fd637b06 6cf47bc1: add_disk_randomness(8:0) fd637b06 6cf47bc1
[    5.742546] random 0056 0000 0000 fd637b06 6cf47bc1: add_timer_randomness(.. 8388864) with jiffies: 8940351889824514613, cycles: 8940351885529841674
[    5.744710] random 0056 0000 0000 fd637b06 6cf47bc1: add_disk_randomness(8:0) fd637b06 6cf47bc1
[    5.744713] random 0056 0000 0000 fd637b06 6cf47bc1: add_timer_randomness(.. 8388864) with jiffies: 8959826242207187512, cycles: 8959826237912514570
[    5.744716] random 0056 0000 0000 fd637b06 6cf47bc1: added 1 entropy credits to input
[    5.744953] random 0057 0000 0000 fd637b06 6cf47bc1: add_disk_randomness(8:0) fd637b06 6cf47bc1
[    5.744956] random 0057 0000 0000 fd637b06 6cf47bc1: add_timer_randomness(.. 8388864) with jiffies: 8962016563858997816, cycles: 8962016559564324874
[    5.745133] random 0057 0000 0000 fd637b06 6cf47bc1: add_disk_randomness(8:0) fd637b06 6cf47bc1
[    5.745136] random 0057 0000 0000 fd637b06 6cf47bc1: add_timer_randomness(.. 8388864) with jiffies: 8963638214660948536, cycles: 8963638210366275594
[    5.748260] random 0057 0000 0000 fd637b06 6cf47bc1: add_disk_randomness(8:0) fd637b06 6cf47bc1
[    5.748263] random 0057 0000 0000 fd637b06 6cf47bc1: add_timer_randomness(.. 8388864) with jiffies: 8991767158073295419, cycles: 8991767153778622474
[    5.748266] random 0057 0000 0000 fd637b06 6cf47bc1: added 1 entropy credits to input
[    5.750274] random 0058 0000 0000 fd637b06 6cf47bc1: add_disk_randomness(8:0) fd637b06 6cf47bc1
[    5.750277] random 0058 0000 0000 fd637b06 6cf47bc1: add_timer_randomness(.. 8388864) with jiffies: 9009887062454403645, cycles: 9009887058159730698
[    5.758107] random 0058 0000 0000 fd637b06 6cf47bc1: add_disk_randomness(8:0) fd637b06 6cf47bc1
[    5.758110] random 0058 0000 0000 fd637b06 6cf47bc1: add_timer_randomness(.. 8388864) with jiffies: 9080341852006875717, cycles: 9080341847712202762
[    5.758113] random 0058 0000 0000 fd637b06 6cf47bc1: added 2 entropy credits to input
[    5.758243] random 0060 0000 0000 fd637b06 6cf47bc1: add_disk_randomness(8:0) fd637b06 6cf47bc1
[    5.758246] random 0060 0000 0000 fd637b06 6cf47bc1: add_timer_randomness(.. 8388864) with jiffies: 9081567141751915077, cycles: 9081567137457242122
[    5.761809] random 0060 0000 0000 fd637b06 6cf47bc1: add_disk_randomness(8:0) fd637b06 6cf47bc1
[    5.761811] random 0060 0000 0000 fd637b06 6cf47bc1: add_timer_randomness(.. 8388864) with jiffies: 9113630949517263433, cycles: 9113630945222590474
[    5.761814] random 0060 0000 0000 fd637b06 6cf47bc1: added 2 entropy credits to input
[    5.766302] random 0062 0000 0000 fd637b06 6cf47bc1: add_disk_randomness(8:0) fd637b06 6cf47bc1
[    5.766305] random 0062 0000 0000 fd637b06 6cf47bc1: add_timer_randomness(.. 8388864) with jiffies: 9154062221158613581, cycles: 9154062216863940618
[    5.771882] random 0062 0000 0000 fd637b06 6cf47bc1: add_disk_randomness(8:0) fd637b06 6cf47bc1
[    5.771885] random 0062 0000 0000 fd637b06 6cf47bc1: add_timer_randomness(.. 8388864) with jiffies: 9204244215318151763, cycles: 9204244211023478794
[    5.771888] random 0062 0000 0000 fd637b06 6cf47bc1: added 1 entropy credits to input
[    5.778161] random 0063 0000 0000 fd637b06 6cf47bc1: add_disk_randomness(8:0) fd637b06 6cf47bc1
[    5.778164] random 0063 0000 0000 fd637b06 6cf47bc1: add_timer_randomness(.. 8388864) with jiffies: 9260729533546070617, cycles: -9186014544458153974
[    5.778175] random 0063 0000 0000 fd637b06 6cf47bc1: rand_read_num 12 get_random_bytes(16): sig 0000033b fd637b06 6cf47bc1
[    5.778177] random 0063 0000 0000 fd637b06 6cf47bc1: extract_entropy(.. 16 ..)
[    5.778180] random 0063 0000 0000 fd637b06 6cf47bc1: going to reseed nonblocking with 128 bits (128 of 0 requested)
[    5.778182] random 0063 0000 0000 fd637b06 6cf47bc1: extract_entropy(.. 16 ..)
[    5.778184] random 0063 0000 0000 fd637b06 6cf47bc1: trying to extract 128 bits from input
[    5.778187] random 0063 0000 0000 fd637b06 6cf47bc1: debiting 0 entropy credits from input
[    5.778189] random 0063 0000 0000 fd637b06 6cf47bc1: extract_entropy account returned: 0 
[    5.778192] random 0063 0000 0000 fd637b06 6cf47bc1: urand_change_num 50 xfer_secondary_pool(16): pool_sig 0000033b, data_sig 00000000, bytes_mixed 0 fd637b06 6cf47bc1
[    5.778195] random 0063 0000 0000 fd637b06 6cf47bc1: trying to extract 128 bits from nonblocking
[    5.778197] random 0063 0000 0000 fd637b06 6cf47bc1: debiting 128 entropy credits from nonblocking (unlimited)
[    5.778199] random 0063 0000 0000 fd637b06 6cf47bc1: extract_entropy account returned: 16 
[    5.778204] random 0063 0000 0000 fd637b06 6cf47bc1: urand_change_num 51 extract_buf: pool_sig 0000033b, data_sig 000000d8, bytes_mixed 20 fd637b06 6cf47bc1
[    5.778209] random 0063 0000 0000 0ec1f012 d4727ca8: urand_change_num 52 extract_buf: pool_sig fffffcf5, data_sig 00000016, bytes_mixed 20 0ec1f012 d4727ca8
[    5.784908] random 0063 0000 0000 45b1d0b1 845a73f7: add_disk_randomness(8:0) 45b1d0b1 845a73f7
[    5.784911] random 0063 0000 0000 45b1d0b1 845a73f7: add_timer_randomness(.. 8388864) with jiffies: 9321415918199997024, cycles: -9125328159804227574
[    5.792130] random 0063 0000 0000 45b1d0b1 845a73f7: add_disk_randomness(8:0) 45b1d0b1 845a73f7
[    5.792134] random 0063 0000 0000 45b1d0b1 845a73f7: add_timer_randomness(.. 8388864) with jiffies: 9386386537026650727, cycles: -9060357540977573878
[    5.800154] random 0063 0000 0000 45b1d0b1 845a73f7: add_disk_randomness(8:0) 45b1d0b1 845a73f7
[    5.800157] random 0063 0000 0000 45b1d0b1 845a73f7: add_timer_randomness(.. 8388864) with jiffies: 9458558626302755439, cycles: -8988185451701469174
[    5.809566] random 0063 0000 0000 45b1d0b1 845a73f7: add_disk_randomness(8:0) 45b1d0b1 845a73f7
[    5.809569] random 0063 0000 0000 45b1d0b1 845a73f7: add_timer_randomness(.. 8388864) with jiffies: 9543227953718723192, cycles: -8903516124285501430
[    5.812706] random 0063 0000 0000 45b1d0b1 845a73f7: add_disk_randomness(8:0) 45b1d0b1 845a73f7
[    5.812709] random 0063 0000 0000 45b1d0b1 845a73f7: add_timer_randomness(.. 8388864) with jiffies: 9571455118738162300, cycles: -8875288959266062326
[    5.812712] random 0063 0000 0000 45b1d0b1 845a73f7: added 2 entropy credits to input
[    5.826975] random 0065 0000 0000 45b1d0b1 845a73f7: add_disk_randomness(8:0) 45b1d0b1 845a73f7
[    5.826978] random 0065 0000 0000 45b1d0b1 845a73f7: add_timer_randomness(.. 8388864) with jiffies: 9699815924390658698, cycles: -8746928153613565942
[    5.826981] random 0065 0000 0000 45b1d0b1 845a73f7: added 3 entropy credits to input
[    5.832373] random 0068 0000 0000 45b1d0b1 845a73f7: add_disk_randomness(8:0) 45b1d0b1 845a73f7
[    5.832376] random 0068 0000 0000 45b1d0b1 845a73f7: add_timer_randomness(.. 8388864) with jiffies: 9748374781689561743, cycles: -8698369296314662902
[    5.832379] random 0068 0000 0000 45b1d0b1 845a73f7: added 2 entropy credits to input
[    5.837544] random 0070 0000 0000 45b1d0b1 845a73f7: add_disk_randomness(8:0) 45b1d0b1 845a73f7
[    5.837547] random 0070 0000 0000 45b1d0b1 845a73f7: add_timer_randomness(.. 8388864) with jiffies: 9794895161610437268, cycles: -8651848916393787382
[    5.845779] random 0070 0000 0000 45b1d0b1 845a73f7: add_disk_randomness(8:0) 45b1d0b1 845a73f7
[    5.845783] random 0070 0000 0000 45b1d0b1 845a73f7: add_timer_randomness(.. 8388864) with jiffies: 9868959707966440093, cycles: -8577784370037784566
[    5.845786] random 0070 0000 0000 45b1d0b1 845a73f7: added 2 entropy credits to input
[    5.855378] random 0072 0000 0000 45b1d0b1 845a73f7: add_disk_randomness(8:0) 45b1d0b1 845a73f7
[    5.855381] random 0072 0000 0000 45b1d0b1 845a73f7: add_timer_randomness(.. 8388864) with jiffies: 9955307280968417958, cycles: -8491436797035806710
[    5.874891] random 0072 0000 0000 45b1d0b1 845a73f7: add_disk_randomness(8:0) 45b1d0b1 845a73f7
[    5.874894] random 0072 0000 0000 45b1d0b1 845a73f7: add_timer_randomness(.. 8388864) with jiffies: 10130821445936972474, cycles: -8315922632067252214
[    5.874897] random 0072 0000 0000 45b1d0b1 845a73f7: added 3 entropy credits to input
[    5.888174] random 0075 0000 0000 45b1d0b1 845a73f7: add_disk_randomness(8:0) 45b1d0b1 845a73f7
[    5.888177] random 0075 0000 0000 45b1d0b1 845a73f7: add_timer_randomness(.. 8388864) with jiffies: 10250307805478879943, cycles: -8196436272525344758
[    5.888180] random 0075 0000 0000 45b1d0b1 845a73f7: added 2 entropy credits to input
[    5.896195] random 0077 0000 0000 45b1d0b1 845a73f7: add_disk_randomness(8:0) 45b1d0b1 845a73f7
[    5.896198] random 0077 0000 0000 45b1d0b1 845a73f7: add_timer_randomness(.. 8388864) with jiffies: 10322454958174864079, cycles: -8124289119829360630
[    5.896200] random 0077 0000 0000 45b1d0b1 845a73f7: added 1 entropy credits to input
[    5.906214] random 0078 0000 0000 45b1d0b1 845a73f7: add_disk_randomness(8:0) 45b1d0b1 845a73f7
[    5.906217] random 0078 0000 0000 45b1d0b1 845a73f7: add_timer_randomness(.. 8388864) with jiffies: 10412581715850265305, cycles: -8034162362153959414
[    5.906220] random 0078 0000 0000 45b1d0b1 845a73f7: added 1 entropy credits to input
[    5.919103] random 0079 0000 0000 45b1d0b1 845a73f7: add_disk_randomness(8:0) 45b1d0b1 845a73f7
[    5.919106] random 0079 0000 0000 45b1d0b1 845a73f7: add_timer_randomness(.. 8388864) with jiffies: 10528517619202097894, cycles: -7918226458802126838
[    5.926458] random 0079 0000 0000 45b1d0b1 845a73f7: add_disk_randomness(8:0) 45b1d0b1 845a73f7
[    5.926461] random 0079 0000 0000 45b1d0b1 845a73f7: add_timer_randomness(.. 8388864) with jiffies: 10594685971263619821, cycles: -7852058106740604918
[    5.926464] random 0079 0000 0000 45b1d0b1 845a73f7: added 2 entropy credits to input
[    5.931712] random 0081 0000 0000 45b1d0b1 845a73f7: add_disk_randomness(8:0) 45b1d0b1 845a73f7
[    5.931715] random 0081 0000 0000 45b1d0b1 845a73f7: add_timer_randomness(.. 8388864) with jiffies: 10641929348799234803, cycles: -7804814729204989942
[    5.938152] random 0081 0000 0000 45b1d0b1 845a73f7: add_disk_randomness(8:0) 45b1d0b1 845a73f7
[    5.938155] random 0081 0000 0000 45b1d0b1 845a73f7: add_timer_randomness(.. 8388864) with jiffies: 10699869454054687481, cycles: -7746874623949537270
[    5.943205] random 0081 0000 0000 45b1d0b1 845a73f7: add_disk_randomness(8:0) 45b1d0b1 845a73f7
[    5.943208] random 0081 0000 0000 45b1d0b1 845a73f7: add_timer_randomness(.. 8388864) with jiffies: 10745323509560083198, cycles: -7701420568444141558
[    5.949108] random 0081 0000 0000 45b1d0b1 845a73f7: add_disk_randomness(8:0) 45b1d0b1 845a73f7
[    5.949111] random 0081 0000 0000 45b1d0b1 845a73f7: add_timer_randomness(.. 8388864) with jiffies: 10798416976150233860, cycles: -7648327101853990902
[    5.958458] random 0081 0000 0000 45b1d0b1 845a73f7: add_disk_randomness(8:0) 45b1d0b1 845a73f7
[    5.958461] random 0081 0000 0000 45b1d0b1 845a73f7: add_timer_randomness(.. 8388864) with jiffies: 10882528181156021005, cycles: -7564215896848203766
[    5.958464] random 0081 0000 0000 45b1d0b1 845a73f7: added 1 entropy credits to input
[    5.963339] random 0082 0000 0000 45b1d0b1 845a73f7: add_disk_randomness(8:0) 45b1d0b1 845a73f7
[    5.963342] random 0082 0000 0000 45b1d0b1 845a73f7: add_timer_randomness(.. 8388864) with jiffies: 10926433059137618706, cycles: -7520311018866606070
[    5.963345] random 0082 0000 0000 45b1d0b1 845a73f7: added 2 entropy credits to input
[    5.970778] random 0084 0000 0000 45b1d0b1 845a73f7: add_disk_randomness(8:0) 45b1d0b1 845a73f7
[    5.970781] random 0084 0000 0000 45b1d0b1 845a73f7: add_timer_randomness(.. 8388864) with jiffies: 10993334012360753946, cycles: -7453410065643470838
[    5.970784] random 0084 0000 0000 45b1d0b1 845a73f7: added 1 entropy credits to input
[    5.976994] random 0085 0000 0000 45b1d0b1 845a73f7: add_disk_randomness(8:0) 45b1d0b1 845a73f7
[    5.976997] random 0085 0000 0000 45b1d0b1 845a73f7: add_timer_randomness(.. 8388864) with jiffies: 11049250835832472352, cycles: -7397493242171752438
[    5.976999] random 0085 0000 0000 45b1d0b1 845a73f7: added 1 entropy credits to input
[    5.977150] random 0086 0000 0000 45b1d0b1 845a73f7: add_disk_randomness(8:0) 45b1d0b1 845a73f7
[    5.977154] random 0086 0000 0000 45b1d0b1 845a73f7: add_timer_randomness(.. 8388864) with jiffies: 11050662149201036064, cycles: -7396081928803188726
[    5.991562] random 0086 0000 0000 45b1d0b1 845a73f7: add_disk_randomness(8:0) 45b1d0b1 845a73f7
[    5.991565] random 0086 0000 0000 45b1d0b1 845a73f7: add_timer_randomness(.. 8388864) with jiffies: 11180305427793150766, cycles: -7266438650211074038
[    5.991568] random 0086 0000 0000 45b1d0b1 845a73f7: added 3 entropy credits to input
[    5.998985] random 0089 0000 0000 45b1d0b1 845a73f7: add_disk_randomness(8:0) 45b1d0b1 845a73f7
[    5.998988] random 0089 0000 0000 45b1d0b1 845a73f7: add_timer_randomness(.. 8388864) with jiffies: 11247066356492501814, cycles: -7199677721511722998
[    5.998991] random 0089 0000 0000 45b1d0b1 845a73f7: added 2 entropy credits to input
[    6.008669] random 0091 0000 0000 45b1d0b1 845a73f7: add_disk_randomness(8:0) 45b1d0b1 845a73f7
[    6.008672] random 0091 0000 0000 45b1d0b1 845a73f7: add_timer_randomness(.. 8388864) with jiffies: 11334165965383107392, cycles: -7112578112621117430
[    6.008675] random 0091 0000 0000 45b1d0b1 845a73f7: added 1 entropy credits to input
[    6.019297] random 0092 0000 0000 45b1d0b1 845a73f7: add_disk_randomness(8:0) 45b1d0b1 845a73f7
[    6.019300] random 0092 0000 0000 45b1d0b1 845a73f7: add_timer_randomness(.. 8388864) with jiffies: 11429775635358909258, cycles: -7016968442645315574
[    6.031821] random 0092 0000 0000 45b1d0b1 845a73f7: add_disk_randomness(8:0) 45b1d0b1 845a73f7
[    6.031824] random 0092 0000 0000 45b1d0b1 845a73f7: add_timer_randomness(.. 8388864) with jiffies: 11542424183627285335, cycles: -6904319894376939510
[    6.031827] random 0092 0000 0000 45b1d0b1 845a73f7: added 1 entropy credits to input
[    6.033032] random 0093 0000 0000 45b1d0b1 845a73f7: add_disk_randomness(8:0) 45b1d0b1 845a73f7
[    6.033035] random 0093 0000 0000 45b1d0b1 845a73f7: add_timer_randomness(.. 8388864) with jiffies: 11553323762652513112, cycles: -6893420315351711734
[    6.037049] random 0093 0000 0000 45b1d0b1 845a73f7: add_disk_randomness(8:0) 45b1d0b1 845a73f7
[    6.037052] random 0093 0000 0000 45b1d0b1 845a73f7: add_timer_randomness(.. 8388864) with jiffies: 11589456145692722012, cycles: -6857287932311502838
[    6.037055] random 0093 0000 0000 45b1d0b1 845a73f7: added 1 entropy credits to input
[    6.046388] random 0094 0000 0000 45b1d0b1 845a73f7: add_disk_randomness(8:0) 45b1d0b1 845a73f7
[    6.046391] random 0094 0000 0000 45b1d0b1 845a73f7: add_timer_randomness(.. 8388864) with jiffies: 11673465564268561253, cycles: -6773278513735663606
[    6.046394] random 0094 0000 0000 45b1d0b1 845a73f7: added 1 entropy credits to input
[    6.046735] random 0095 0000 0000 45b1d0b1 845a73f7: add_disk_randomness(8:0) 45b1d0b1 845a73f7
[    6.046738] random 0095 0000 0000 45b1d0b1 845a73f7: add_timer_randomness(.. 8388864) with jiffies: 11676579342543717222, cycles: -6770164735460507638
[    6.062402] random 0095 0000 0000 45b1d0b1 845a73f7: add_disk_randomness(8:0) 45b1d0b1 845a73f7
[    6.062405] random 0095 0000 0000 45b1d0b1 845a73f7: add_timer_randomness(.. 8388864) with jiffies: 11817510705722786677, cycles: -6629233372281438198
[    6.062407] random 0095 0000 0000 45b1d0b1 845a73f7: added 3 entropy credits to input
[    6.064033] random 0098 0000 0000 45b1d0b1 845a73f7: add_disk_randomness(8:0) 45b1d0b1 845a73f7
[    6.064036] random 0098 0000 0000 45b1d0b1 845a73f7: add_timer_randomness(.. 8388864) with jiffies: 11832178873737118583, cycles: -6614565204267106294
[    6.064039] random 0098 0000 0000 45b1d0b1 845a73f7: added 1 entropy credits to input
[    6.064179] random 0099 0000 0000 45b1d0b1 845a73f7: add_disk_randomness(8:0) 45b1d0b1 845a73f7
[    6.064182] random 0099 0000 0000 45b1d0b1 845a73f7: add_timer_randomness(.. 8388864) with jiffies: 11833497286963069815, cycles: -6613246791041155062
[    6.075021] random 0099 0000 0000 45b1d0b1 845a73f7: add_disk_randomness(8:0) 45b1d0b1 845a73f7
[    6.075023] random 0099 0000 0000 45b1d0b1 845a73f7: add_timer_randomness(.. 8388864) with jiffies: 11931010868696548226, cycles: -6515733209307676662
[    6.075026] random 0099 0000 0000 45b1d0b1 845a73f7: added 3 entropy credits to input
[    6.075623] random 0102 0000 0000 45b1d0b1 845a73f7: add_disk_randomness(8:0) 45b1d0b1 845a73f7
[    6.075627] random 0102 0000 0000 45b1d0b1 845a73f7: add_timer_randomness(.. 8388864) with jiffies: 11936445844866958210, cycles: -6510298233137266678
[    6.080857] random 0102 0000 0000 45b1d0b1 845a73f7: add_disk_randomness(8:0) 45b1d0b1 845a73f7
[    6.080860] random 0102 0000 0000 45b1d0b1 845a73f7: add_timer_randomness(.. 8388864) with jiffies: 11983507386372162440, cycles: -6463236691632062454
[    6.080863] random 0102 0000 0000 45b1d0b1 845a73f7: added 2 entropy credits to input
[    6.082611] random 0104 0000 0000 45b1d0b1 845a73f7: add_disk_randomness(8:0) 45b1d0b1 845a73f7
[    6.082614] random 0104 0000 0000 45b1d0b1 845a73f7: add_timer_randomness(.. 8388864) with jiffies: 11999298606730019721, cycles: -6447445471274205174
[    6.092841] random 0104 0000 0000 45b1d0b1 845a73f7: add_disk_randomness(8:0) 45b1d0b1 845a73f7
[    6.092844] random 0104 0000 0000 45b1d0b1 845a73f7: add_timer_randomness(.. 8388864) with jiffies: 12091304472726963092, cycles: -6355439605277261814
[    6.092847] random 0104 0000 0000 45b1d0b1 845a73f7: added 3 entropy credits to input
[    6.106780] random 0107 0000 0000 45b1d0b1 845a73f7: add_disk_randomness(8:0) 45b1d0b1 845a73f7
[    6.106784] random 0107 0000 0000 45b1d0b1 845a73f7: add_timer_randomness(.. 8388864) with jiffies: 12216691073656521634, cycles: -6230053004347703286
[    6.106786] random 0107 0000 0000 45b1d0b1 845a73f7: added 1 entropy credits to input
[    6.119300] random 0108 0000 0000 45b1d0b1 845a73f7: add_disk_randomness(8:0) 45b1d0b1 845a73f7
