[    0.000000] random 0000 0000 0000 00000000 00000000: rand_read_num 1 get_random_bytes(8): sig 00000000 00000000 00000000
[    0.000000] random 0000 0000 0000 00000000 00000000: extract_entropy(.. 8 ..)
[    0.000000] random 0000 0000 0000 00000000 00000000: going to reseed nonblocking with 64 bits (64 of 0 requested)
[    0.000000] random 0000 0000 0000 00000000 00000000: extract_entropy(.. 8 ..)
[    0.000000] random 0000 0000 0000 00000000 00000000: trying to extract 64 bits from input
[    0.000000] random 0000 0000 0000 00000000 00000000: debiting 0 entropy credits from input
[    0.000000] random 0000 0000 0000 00000000 00000000: extract_entropy account returned: 0 
[    0.000000] random 0000 0000 0000 00000000 00000000: urand_change_num 1 xfer_secondary_pool(8): pool_sig 00000000, data_sig 00000000, bytes_mixed 0 00000000 00000000
[    0.000000] random 0000 0000 0000 00000000 00000000: trying to extract 64 bits from nonblocking
[    0.000000] random 0000 0000 0000 00000000 00000000: debiting 64 entropy credits from nonblocking (unlimited)
[    0.000000] random 0000 0000 0000 00000000 00000000: extract_entropy account returned: 8 
[    0.000000] random 0000 0000 0000 00000000 00000000: urand_change_num 2 extract_buf: pool_sig 00000000, data_sig fffffff9, bytes_mixed 20 00000000 00000000
[    0.000000] Linux version 2.6.32.57 (dcashman@dcashman-02) (gcc version 4.3.3 (GCC) ) #6 Thu May 30 09:02:12 PDT 2013
[    0.000000] KERNEL supported cpus:
[    0.000000]   Intel GenuineIntel
[    0.000000]   AMD AuthenticAMD
[    0.000000]   NSC Geode by NSC
[    0.000000]   Cyrix CyrixInstead
[    0.000000]   Centaur CentaurHauls
[    0.000000]   Transmeta GenuineTMx86
[    0.000000]   Transmeta TransmetaCPU
[    0.000000]   UMC UMC UMC UMC
[    0.000000] BIOS-provided physical RAM map:
[    0.000000]  BIOS-e820: 0000000000000000 - 000000000009d800 (usable)
[    0.000000]  BIOS-e820: 000000000009d800 - 00000000000a0000 (reserved)
[    0.000000]  BIOS-e820: 00000000000d2000 - 00000000000d4000 (reserved)
[    0.000000]  BIOS-e820: 00000000000e0000 - 0000000000100000 (reserved)
[    0.000000]  BIOS-e820: 0000000000100000 - 000000003d6b0000 (usable)
[    0.000000]  BIOS-e820: 000000003d6b0000 - 000000003d6cc000 (ACPI data)
[    0.000000]  BIOS-e820: 000000003d6cc000 - 000000003d700000 (ACPI NVS)
[    0.000000]  BIOS-e820: 000000003d700000 - 000000003e000000 (reserved)
[    0.000000]  BIOS-e820: 00000000f0000000 - 00000000f4000000 (reserved)
[    0.000000]  BIOS-e820: 00000000fec00000 - 00000000fec10000 (reserved)
[    0.000000]  BIOS-e820: 00000000fed00000 - 00000000fed00400 (reserved)
[    0.000000]  BIOS-e820: 00000000fed14000 - 00000000fed1a000 (reserved)
[    0.000000]  BIOS-e820: 00000000fed1c000 - 00000000fed90000 (reserved)
[    0.000000]  BIOS-e820: 00000000fee00000 - 00000000fee01000 (reserved)
[    0.000000]  BIOS-e820: 00000000ff000000 - 0000000100000000 (reserved)
[    0.000000] DMI present.
[    0.000000] last_pfn = 0x3d6b0 max_arch_pfn = 0x100000
[    0.000000] MTRR default type: uncachable
[    0.000000] MTRR fixed ranges enabled:
[    0.000000]   00000-9FFFF write-back
[    0.000000]   A0000-BFFFF uncachable
[    0.000000]   C0000-CFFFF write-protect
[    0.000000]   D0000-DFFFF uncachable
[    0.000000]   E0000-FFFFF write-protect
[    0.000000] MTRR variable ranges enabled:
[    0.000000]   0 base 03E000000 mask FFE000000 uncachable
[    0.000000]   1 base 000000000 mask FC0000000 write-back
[    0.000000]   2 base 03D700000 mask FFFF00000 uncachable
[    0.000000]   3 base 03D800000 mask FFF800000 uncachable
[    0.000000]   4 disabled
[    0.000000]   5 disabled
[    0.000000]   6 disabled
[    0.000000]   7 disabled
[    0.000000] initial memory mapped : 0 - 02000000
[    0.000000] init_memory_mapping: 0000000000000000-00000000377fe000
[    0.000000]  0000000000 - 0000400000 page 4k
[    0.000000]  0000400000 - 0037400000 page 2M
[    0.000000]  0037400000 - 00377fe000 page 4k
[    0.000000] kernel direct mapping tables up to 377fe000 @ 7000-c000
[    0.000000] ACPI: RSDP 000f68d0 00024 (v02 LENOVO)
[    0.000000] ACPI: XSDT 3d6bb77f 00094 (v01 LENOVO TP-7L    00002170  LTP 00000000)
[    0.000000] ACPI: FACP 3d6bb900 000F4 (v03 LENOVO TP-7L    00002170 LNVO 00000001)
[    0.000000] ACPI Warning: 32/64X length mismatch in Gpe1Block: 0/32 (20090903/tbfadt-526)
[    0.000000] ACPI Warning: Optional field Gpe1Block has zero address or length: 000000000000102C/0 (20090903/tbfadt-557)
[    0.000000] ACPI: DSDT 3d6bbd1d 0FED1 (v01 LENOVO TP-7L    00002170 MSFT 03000000)
[    0.000000] ACPI: FACS 3d6e4000 00040
[    0.000000] ACPI: SSDT 3d6bbab4 00269 (v01 LENOVO TP-7L    00002170 MSFT 03000000)
[    0.000000] ACPI: ECDT 3d6cbbee 00052 (v01 LENOVO TP-7L    00002170 LNVO 00000001)
[    0.000000] ACPI: TCPA 3d6cbc40 00032 (v02 LENOVO TP-7L    00002170 LNVO 00000001)
[    0.000000] ACPI: APIC 3d6cbc72 00068 (v01 LENOVO TP-7L    00002170 LNVO 00000001)
[    0.000000] ACPI: MCFG 3d6cbcda 0003C (v01 LENOVO TP-7L    00002170 LNVO 00000001)
[    0.000000] ACPI: HPET 3d6cbd16 00038 (v01 LENOVO TP-7L    00002170 LNVO 00000001)
[    0.000000] ACPI: SLIC 3d6cbdf0 00176 (v01 LENOVO TP-7L    00002170  LTP 00000000)
[    0.000000] ACPI: BOOT 3d6cbf66 00028 (v01 LENOVO TP-7L    00002170  LTP 00000001)
[    0.000000] ACPI: ASF! 3d6cbf8e 00072 (v16 LENOVO TP-7L    00002170 PTL  00000001)
[    0.000000] ACPI: SSDT 3d6e26d9 0025F (v01 LENOVO TP-7L    00002170 INTL 20050513)
[    0.000000] ACPI: SSDT 3d6e2938 000A6 (v01 LENOVO TP-7L    00002170 INTL 20050513)
[    0.000000] ACPI: SSDT 3d6e29de 004F7 (v01 LENOVO TP-7L    00002170 INTL 20050513)
[    0.000000] ACPI: SSDT 3d6e2ed5 001D8 (v01 LENOVO TP-7L    00002170 INTL 20050513)
[    0.000000] ACPI: DMI detected: Lenovo ThinkPad R61
[    0.000000] ACPI: Added _OSI(Linux)
[    0.000000] ACPI: Local APIC address 0xfee00000
[    0.000000] 94MB HIGHMEM available.
[    0.000000] 887MB LOWMEM available.
[    0.000000]   mapped low ram: 0 - 377fe000
[    0.000000]   low ram: 0 - 377fe000
[    0.000000]   node 0 low ram: 00000000 - 377fe000
[    0.000000]   node 0 bootmap 00008000 - 0000ef00
[    0.000000] (6 early reservations) ==> bootmem [0000000000 - 00377fe000]
[    0.000000]   #0 [0000000000 - 0000001000]   BIOS data page ==> [0000000000 - 0000001000]
[    0.000000]   #1 [0001000000 - 0001bdc180]    TEXT DATA BSS ==> [0001000000 - 0001bdc180]
[    0.000000]   #2 [000009d800 - 0000100000]    BIOS reserved ==> [000009d800 - 0000100000]
[    0.000000]   #3 [0001bdd000 - 0001be516c]              BRK ==> [0001bdd000 - 0001be516c]
[    0.000000]   #4 [0000007000 - 0000008000]          PGTABLE ==> [0000007000 - 0000008000]
[    0.000000]   #5 [0000008000 - 000000f000]          BOOTMAP ==> [0000008000 - 000000f000]
[    0.000000] found SMP MP-table at [c00f6900] f6900
[    0.000000] Zone PFN ranges:
[    0.000000]   DMA      0x00000000 -> 0x00001000
[    0.000000]   Normal   0x00001000 -> 0x000377fe
[    0.000000]   HighMem  0x000377fe -> 0x0003d6b0
[    0.000000] Movable zone start PFN for each node
[    0.000000] early_node_map[2] active PFN ranges
[    0.000000]     0: 0x00000000 -> 0x0000009d
[    0.000000]     0: 0x00000100 -> 0x0003d6b0
[    0.000000] On node 0 totalpages: 251469
[    0.000000] free_area_init_node: node 0, pgdat c1901ea0, node_mem_map c1be7000
[    0.000000]   DMA zone: 32 pages used for memmap
[    0.000000]   DMA zone: 0 pages reserved
[    0.000000]   DMA zone: 3965 pages, LIFO batch:0
[    0.000000]   Normal zone: 1744 pages used for memmap
[    0.000000]   Normal zone: 221486 pages, LIFO batch:31
[    0.000000]   HighMem zone: 190 pages used for memmap
[    0.000000]   HighMem zone: 24052 pages, LIFO batch:3
[    0.000000] Using APIC driver default
[    0.000000] ACPI: PM-Timer IO Port: 0x1008
[    0.000000] ACPI: Local APIC address 0xfee00000
[    0.000000] ACPI: LAPIC (acpi_id[0x00] lapic_id[0x00] enabled)
[    0.000000] ACPI: LAPIC (acpi_id[0x01] lapic_id[0x01] enabled)
[    0.000000] ACPI: NR_CPUS/possible_cpus limit of 1 reached.  Processor 1/0x1 ignored.
[    0.000000] ACPI: LAPIC_NMI (acpi_id[0x00] high edge lint[0x1])
[    0.000000] ACPI: LAPIC_NMI (acpi_id[0x01] high edge lint[0x1])
[    0.000000] ACPI: IOAPIC (id[0x01] address[0xfec00000] gsi_base[0])
[    0.000000] IOAPIC[0]: apic_id 1, version 32, address 0xfec00000, GSI 0-23
[    0.000000] ACPI: INT_SRC_OVR (bus 0 bus_irq 0 global_irq 2 dfl dfl)
[    0.000000] ACPI: INT_SRC_OVR (bus 0 bus_irq 9 global_irq 9 high level)
[    0.000000] ACPI: IRQ0 used by override.
[    0.000000] ACPI: IRQ2 used by override.
[    0.000000] ACPI: IRQ9 used by override.
[    0.000000] Using ACPI (MADT) for SMP configuration information
[    0.000000] ACPI: HPET id: 0x8086a201 base: 0xfed00000
[    0.000000] nr_irqs_gsi: 24
[    0.000000] PM: Registered nosave memory: 000000000009d000 - 000000000009e000
[    0.000000] PM: Registered nosave memory: 000000000009e000 - 00000000000a0000
[    0.000000] PM: Registered nosave memory: 00000000000a0000 - 00000000000d2000
[    0.000000] PM: Registered nosave memory: 00000000000d2000 - 00000000000d4000
[    0.000000] PM: Registered nosave memory: 00000000000d4000 - 00000000000e0000
[    0.000000] PM: Registered nosave memory: 00000000000e0000 - 0000000000100000
[    0.000000] Allocating PCI resources starting at 3e000000 (gap: 3e000000:b2000000)
[    0.000000] Built 1 zonelists in Zone order, mobility grouping on.  Total pages: 249503
[    0.000000] Kernel command line: auto BOOT_IMAGE=Linux ro root=802 vt.default_utf8=0 maxcpus=0
[    0.000000] PID hash table entries: 4096 (order: 2, 16384 bytes)
[    0.000000] Dentry cache hash table entries: 131072 (order: 7, 524288 bytes)
[    0.000000] Inode-cache hash table entries: 65536 (order: 6, 262144 bytes)
[    0.000000] Enabling fast FPU save and restore... done.
[    0.000000] Enabling unmasked SIMD FPU exception support... done.
[    0.000000] Initializing CPU#0
[    0.000000] Initializing HighMem for node 0 (000377fe:0003d6b0)
[    0.000000] Memory: 984800k/1006272k available (6915k kernel code, 20876k reserved, 2327k data, 448k init, 96968k highmem)
[    0.000000] virtual kernel memory layout:
[    0.000000]     fixmap  : 0xfffa3000 - 0xfffff000   ( 368 kB)
[    0.000000]     pkmap   : 0xff800000 - 0xffc00000   (4096 kB)
[    0.000000]     vmalloc : 0xf7ffe000 - 0xff7fe000   ( 120 MB)
[    0.000000]     lowmem  : 0xc0000000 - 0xf77fe000   ( 887 MB)
[    0.000000]       .init : 0xc1907000 - 0xc1977000   ( 448 kB)
[    0.000000]       .data : 0xc16c0d3f - 0xc1906c64   (2327 kB)
[    0.000000]       .text : 0xc1000000 - 0xc16c0d3f   (6915 kB)
[    0.000000] Checking if this processor honours the WP bit even in supervisor mode...Ok.
[    0.000000] SLUB: Genslabs=13, HWalign=64, Order=0-3, MinObjects=0, CPUs=1, Nodes=1
[    0.000000] Hierarchical RCU implementation.
[    0.000000] NR_IRQS:288
[    0.000000] Extended CMOS year: 2000
[    0.000000] Console: colour VGA+ 80x25
[    0.000000] console [tty0] enabled
[    0.000000] hpet clockevent registered
[    0.000000] Fast TSC calibration using PIT
[    0.000000] Detected 2094.750 MHz processor.
[    0.001002] Calibrating delay loop (skipped), value calculated using timer frequency.. 4189.50 BogoMIPS (lpj=2094750)
[    0.001175] Security Framework initialized
[    0.001258] Mount-cache hash table entries: 512
[    0.001410] CPU: L1 I cache: 32K, L1 D cache: 32K
[    0.001541] CPU: L2 cache: 3072K
[    0.002004] mce: CPU supports 6 MCE banks
[    0.002092] CPU0: Thermal monitoring enabled (TM2)
[    0.002178] using mwait in idle threads.
[    0.002259] CPU: Intel(R) Core(TM)2 Duo CPU     T8100  @ 2.10GHz stepping 06
[    0.002440] Checking 'hlt' instruction... OK.
[    0.006938] ACPI: Core revision 20090903
[    0.026010] RANDOM get_random_int first call with cycles 32583893076, jiffies 4294667322 and pid 0
[    0.026018] CANARY value: cc47abb for PID: 1
[    0.026025] CANARY value: 1d928092 for PID: 2
[    0.026047] Enabling APIC mode:  Flat.  Using 1 I/O APICs
[    0.027289] ..TIMER: vector=0x30 apic1=0 pin1=2 apic2=-1 pin2=-1
[    0.037997] xor: automatically using best checksumming function: pIII_sse
[    0.041998]    pIII_sse  :  8568.000 MB/sec
[    0.042085] xor: using function: pIII_sse (8568.000 MB/sec)
[    0.042176] RANDOM - __seed init called.
[    0.042177] RANDOM - __seed init called.
[    0.042178] RANDOM - __seed init called.
[    0.042179] RANDOM - __random32 called. Change num 1.  Value: f7943846	49e73df3	af36cd0d
[    0.042181] RANDOM - __random32 called. Change num 2.  Value: 43846e13	9e73df37	9a1ad014
[    0.042183] RANDOM - __random32 called. Change num 3.  Value: 46e139c8	e73df373	a029598a
[    0.042185] RANDOM - __random32 called. Change num 4.  Value: 139c8c3b	73df373d	b3142c72
[    0.042186] RANDOM - __random32 called. Change num 5.  Value: c8c3b043	3df373de	58e576a9
[    0.042188] RANDOM - __random32 called. Change num 6.  Value: 3b0437d9	df373de5	ed53f9d8
[    0.042190] RANDOM - random32 init called.  Value: 3b0437d9	df373de5	ed53f9d8
[    0.042207] NET: Registered protocol family 16
[    0.042478] ACPI FADT declares the system doesn't support PCIe ASPM, so disable it
[    0.042605] ACPI: bus type pci registered
[    0.042775] PCI: MCFG configuration 0: base f0000000 segment 0 buses 0 - 63
[    0.042872] PCI: MCFG area at f0000000 reserved in E820
[    0.042960] PCI: Using MMCONFIG for extended config space
[    0.043002] PCI: Using configuration type 1 for base access
[    0.046150] bio: create slab <bio-0> at 0
[    0.046968] ACPI: EC: EC description table is found, configuring boot EC
[    0.052164] ACPI: BIOS _OSI(Linux) query honored via DMI
[    0.052901] random 0000 0000 0000 00000000 00000000: rand_read_num 2 get_random_bytes(8): sig fffffe1a 00000000 00000000
[    0.052904] random 0000 0000 0000 00000000 00000000: extract_entropy(.. 8 ..)
[    0.052907] random 0000 0000 0000 00000000 00000000: going to reseed nonblocking with 64 bits (64 of 0 requested)
[    0.052909] random 0000 0000 0000 00000000 00000000: extract_entropy(.. 8 ..)
[    0.052911] random 0000 0000 0000 00000000 00000000: trying to extract 64 bits from input
[    0.052914] random 0000 0000 0000 00000000 00000000: debiting 0 entropy credits from input
[    0.052915] random 0000 0000 0000 00000000 00000000: extract_entropy account returned: 0 
[    0.052918] random 0000 0000 0000 00000000 00000000: urand_change_num 3 xfer_secondary_pool(8): pool_sig fffffe1a, data_sig 00000000, bytes_mixed 0 00000000 00000000
[    0.052948] random 0000 0000 0000 00000000 00000000: trying to extract 64 bits from nonblocking
[    0.052950] random 0000 0000 0000 00000000 00000000: debiting 64 entropy credits from nonblocking (unlimited)
[    0.052952] random 0000 0000 0000 00000000 00000000: extract_entropy account returned: 8 
[    0.052957] random 0000 0000 0000 00000000 00000000: urand_change_num 4 extract_buf: pool_sig fffffe1a, data_sig fffffed7, bytes_mixed 20 00000000 00000000
[    0.058690] ACPI: Interpreter enabled
[    0.058780] ACPI: (supports S0 S3 S4 S5)
[    0.059079] ACPI: Using IOAPIC for interrupt routing
[    0.068587] ACPI: EC: GPE = 0x12, I/O: command/status = 0x66, data = 0x62
[    0.068867] ACPI: Power Resource [PUBS] (on)
[    0.070979] ACPI: ACPI Dock Station Driver: 3 docks/bays found
[    0.071325] ACPI: PCI Root Bridge [PCI0] (0000:00)
[    0.071496] pci 0000:00:02.0: reg 10 64bit mmio: [0xf8100000-0xf81fffff]
[    0.071502] pci 0000:00:02.0: reg 18 64bit mmio pref: [0xe0000000-0xefffffff]
[    0.071506] pci 0000:00:02.0: reg 20 io port: [0x1800-0x1807]
[    0.071540] pci 0000:00:02.1: reg 10 64bit mmio: [0xf8200000-0xf82fffff]
[    0.071641] pci 0000:00:19.0: reg 10 32bit mmio: [0xfe000000-0xfe01ffff]
[    0.071651] pci 0000:00:19.0: reg 14 32bit mmio: [0xfe025000-0xfe025fff]
[    0.071658] pci 0000:00:19.0: reg 18 io port: [0x1840-0x185f]
[    0.071724] pci 0000:00:19.0: PME# supported from D0 D3hot D3cold
[    0.071818] pci 0000:00:19.0: PME# disabled
[    0.072052] pci 0000:00:1a.0: reg 20 io port: [0x1860-0x187f]
[    0.072131] pci 0000:00:1a.1: reg 20 io port: [0x1880-0x189f]
[    0.072212] pci 0000:00:1a.7: reg 10 32bit mmio: [0xfe226c00-0xfe226fff]
[    0.072293] pci 0000:00:1a.7: PME# supported from D0 D3hot D3cold
[    0.072389] pci 0000:00:1a.7: PME# disabled
[    0.072535] pci 0000:00:1b.0: reg 10 64bit mmio: [0xfe020000-0xfe023fff]
[    0.072626] pci 0000:00:1b.0: PME# supported from D0 D3hot D3cold
[    0.072724] pci 0000:00:1b.0: PME# disabled
[    0.072929] pci 0000:00:1c.0: PME# supported from D0 D3hot D3cold
[    0.072999] pci 0000:00:1c.0: PME# disabled
[    0.073198] pci 0000:00:1c.1: PME# supported from D0 D3hot D3cold
[    0.073301] pci 0000:00:1c.1: PME# disabled
[    0.073520] pci 0000:00:1c.2: PME# supported from D0 D3hot D3cold
[    0.073616] pci 0000:00:1c.2: PME# disabled
[    0.073814] pci 0000:00:1c.3: PME# supported from D0 D3hot D3cold
[    0.073905] pci 0000:00:1c.3: PME# disabled
[    0.074114] pci 0000:00:1c.4: PME# supported from D0 D3hot D3cold
[    0.074208] pci 0000:00:1c.4: PME# disabled
[    0.075052] pci 0000:00:1d.0: reg 20 io port: [0x18a0-0x18bf]
[    0.075122] pci 0000:00:1d.1: reg 20 io port: [0x18c0-0x18df]
[    0.075203] pci 0000:00:1d.2: reg 20 io port: [0x18e0-0x18ff]
[    0.075296] pci 0000:00:1d.7: reg 10 32bit mmio: [0xfe227000-0xfe2273ff]
[    0.075391] pci 0000:00:1d.7: PME# supported from D0 D3hot D3cold
[    0.075488] pci 0000:00:1d.7: PME# disabled
[    0.075781] pci 0000:00:1f.0: quirk: region 1000-107f claimed by ICH6 ACPI/GPIO/TCO
[    0.075908] pci 0000:00:1f.0: quirk: region 1180-11bf claimed by ICH6 GPIO
[    0.075998] pci 0000:00:1f.0: ICH7 LPC Generic IO decode 1 PIO at 1600 (mask 007f)
[    0.076128] pci 0000:00:1f.0: ICH7 LPC Generic IO decode 2 PIO at 15e0 (mask 000f)
[    0.076252] pci 0000:00:1f.0: ICH7 LPC Generic IO decode 3 PIO at 1680 (mask 001f)
[    0.076459] pci 0000:00:1f.1: reg 10 io port: [0x00-0x07]
[    0.076466] pci 0000:00:1f.1: reg 14 io port: [0x00-0x03]
[    0.076475] pci 0000:00:1f.1: reg 18 io port: [0x00-0x07]
[    0.076487] pci 0000:00:1f.1: reg 1c io port: [0x00-0x03]
[    0.076496] pci 0000:00:1f.1: reg 20 io port: [0x1c00-0x1c0f]
[    0.076572] pci 0000:00:1f.2: reg 10 io port: [0x1c50-0x1c57]
[    0.076581] pci 0000:00:1f.2: reg 14 io port: [0x1c44-0x1c47]
[    0.076589] pci 0000:00:1f.2: reg 18 io port: [0x1c48-0x1c4f]
[    0.076598] pci 0000:00:1f.2: reg 1c io port: [0x1c40-0x1c43]
[    0.076607] pci 0000:00:1f.2: reg 20 io port: [0x1c20-0x1c3f]
[    0.076616] pci 0000:00:1f.2: reg 24 32bit mmio: [0xfe226000-0xfe2267ff]
[    0.076673] pci 0000:00:1f.2: PME# supported from D3hot
[    0.076766] pci 0000:00:1f.2: PME# disabled
[    0.076894] pci 0000:00:1f.3: reg 10 32bit mmio: [0xfe227400-0xfe2274ff]
[    0.076918] pci 0000:00:1f.3: reg 20 io port: [0x1c60-0x1c7f]
[    0.077010] pci 0000:00:1c.0: bridge io port: [0x2000-0x2fff]
[    0.077017] pci 0000:00:1c.0: bridge 32bit mmio: [0xfc000000-0xfdffffff]
[    0.077026] pci 0000:00:1c.0: bridge 64bit mmio pref: [0xf8000000-0xf80fffff]
[    0.077096] pci 0000:03:00.0: reg 10 64bit mmio: [0xdf3f0000-0xdf3fffff]
[    0.077290] pci 0000:00:1c.1: bridge io port: [0x3000-0x3fff]
[    0.077294] pci 0000:00:1c.1: bridge 32bit mmio: [0xdc000000-0xdf3fffff]
[    0.077303] pci 0000:00:1c.1: bridge 64bit mmio pref: [0xdfe00000-0xdfefffff]
[    0.077360] pci 0000:00:1c.2: bridge io port: [0x4000-0x4fff]
[    0.077366] pci 0000:00:1c.2: bridge 32bit mmio: [0xd8000000-0xd9ffffff]
[    0.077376] pci 0000:00:1c.2: bridge 64bit mmio pref: [0xdfb00000-0xdfbfffff]
[    0.077434] pci 0000:00:1c.3: bridge io port: [0x5000-0x5fff]
[    0.077441] pci 0000:00:1c.3: bridge 32bit mmio: [0xd4000000-0xd5ffffff]
[    0.077449] pci 0000:00:1c.3: bridge 64bit mmio pref: [0xdf800000-0xdf8fffff]
[    0.077506] pci 0000:00:1c.4: bridge io port: [0x6000-0x6fff]
[    0.077513] pci 0000:00:1c.4: bridge 32bit mmio: [0xd0000000-0xd1ffffff]
[    0.077522] pci 0000:00:1c.4: bridge 64bit mmio pref: [0xdf500000-0xdf5fffff]
[    0.077580] pci 0000:15:00.0: reg 10 32bit mmio: [0xf8300000-0xf8300fff]
[    0.077626] pci 0000:15:00.0: supports D1 D2
[    0.077628] pci 0000:15:00.0: PME# supported from D0 D1 D2 D3hot D3cold
[    0.077722] pci 0000:15:00.0: PME# disabled
[    0.077873] pci 0000:15:00.1: reg 10 32bit mmio: [0xf8301000-0xf83017ff]
[    0.077969] pci 0000:15:00.1: supports D1 D2
[    0.077970] pci 0000:15:00.1: PME# supported from D0 D1 D2 D3hot D3cold
[    0.077999] pci 0000:15:00.1: PME# disabled
[    0.078188] pci 0000:00:1e.0: transparent bridge
[    0.078279] pci 0000:00:1e.0: bridge io port: [0x7000-0xafff]
[    0.078287] pci 0000:00:1e.0: bridge 32bit mmio: [0xf8300000-0xfbffffff]
[    0.078296] pci 0000:00:1e.0: bridge 64bit mmio pref: [0xf4000000-0xf7ffffff]
[    0.078361] pci_bus 0000:00: on NUMA node 0
[    0.078365] ACPI: PCI Interrupt Routing Table [\_SB_.PCI0._PRT]
[    0.078499] ACPI: PCI Interrupt Routing Table [\_SB_.PCI0.EXP0._PRT]
[    0.078558] ACPI: PCI Interrupt Routing Table [\_SB_.PCI0.EXP1._PRT]
[    0.078616] ACPI: PCI Interrupt Routing Table [\_SB_.PCI0.EXP2._PRT]
[    0.078674] ACPI: PCI Interrupt Routing Table [\_SB_.PCI0.EXP3._PRT]
[    0.078737] ACPI: PCI Interrupt Routing Table [\_SB_.PCI0.EXP4._PRT]
[    0.078799] ACPI: PCI Interrupt Routing Table [\_SB_.PCI0.PCI1._PRT]
[    0.084350] ACPI: PCI Interrupt Link [LNKA] (IRQs 3 4 5 6 7 9 *10 11)
[    0.085172] ACPI: PCI Interrupt Link [LNKB] (IRQs 3 4 5 6 7 9 10 *11)
[    0.085975] ACPI: PCI Interrupt Link [LNKC] (IRQs 3 4 5 6 7 9 10 *11)
[    0.086764] ACPI: PCI Interrupt Link [LNKD] (IRQs 3 4 5 6 7 9 10 *11)
[    0.087650] ACPI: PCI Interrupt Link [LNKE] (IRQs 3 4 5 6 7 9 10 *11)
[    0.088474] ACPI: PCI Interrupt Link [LNKF] (IRQs 3 4 5 6 7 9 10 *11)
[    0.089238] ACPI: PCI Interrupt Link [LNKG] (IRQs 3 4 5 6 7 9 10 *11)
[    0.090083] ACPI: PCI Interrupt Link [LNKH] (IRQs 3 4 5 6 7 9 10 *11)
[    0.090854] vgaarb: device added: PCI:0000:00:02.0,decodes=io+mem,owns=io+mem,locks=none
[    0.090981] vgaarb: loaded
[    0.091090] SCSI subsystem initialized
[    0.091205] libata version 3.00 loaded.
[    0.091252] usbcore: registered new interface driver usbfs
[    0.091383] usbcore: registered new interface driver hub
[    0.091500] usbcore: registered new device driver usb
[    0.108041] raid6: int32x1    941 MB/s
[    0.125059] raid6: int32x2    890 MB/s
[    0.141987] raid6: int32x4    746 MB/s
[    0.159009] raid6: int32x8    656 MB/s
[    0.175985] raid6: mmxx1     2878 MB/s
[    0.192986] raid6: mmxx2     3253 MB/s
[    0.209997] raid6: sse1x1    1937 MB/s
[    0.226989] raid6: sse1x2    2535 MB/s
[    0.243985] raid6: sse2x1    3507 MB/s
[    0.260973] raid6: sse2x2    3828 MB/s
[    0.261060] raid6: using algorithm sse2x2 (3828 MB/s)
[    0.261161] PCI: Using ACPI for IRQ routing
[    0.261470] HPET: 3 timers in total, 0 timers will be used for per-cpu timer
[    0.261990] Switching to clocksource tsc
[    0.262089] pnp: PnP ACPI init
[    0.262189] ACPI: bus type pnp registered
[    0.265840] pnp: PnP ACPI: found 11 devices
[    0.265943] ACPI: ACPI bus type pnp unregistered
[    0.266036] system 00:00: iomem range 0x0-0x9ffff could not be reserved
[    0.266127] system 00:00: iomem range 0xc0000-0xc3fff could not be reserved
[    0.266224] system 00:00: iomem range 0xc4000-0xc7fff could not be reserved
[    0.266323] system 00:00: iomem range 0xc8000-0xcbfff has been reserved
[    0.266422] system 00:00: iomem range 0xcc000-0xcffff has been reserved
[    0.266520] system 00:00: iomem range 0xd0000-0xd3fff could not be reserved
[    0.266619] system 00:00: iomem range 0xe0000-0xe3fff could not be reserved
[    0.266712] system 00:00: iomem range 0xe4000-0xe7fff could not be reserved
[    0.266804] system 00:00: iomem range 0xe8000-0xebfff could not be reserved
[    0.266901] system 00:00: iomem range 0xec000-0xeffff could not be reserved
[    0.267002] system 00:00: iomem range 0xf0000-0xfffff could not be reserved
[    0.267096] system 00:00: iomem range 0x100000-0x3dffffff could not be reserved
[    0.267215] system 00:00: iomem range 0xfec00000-0xfed3ffff could not be reserved
[    0.267337] system 00:00: iomem range 0xfed4c000-0xffffffff could not be reserved
[    0.267471] system 00:02: ioport range 0x164e-0x164f has been reserved
[    0.267562] system 00:02: ioport range 0x1000-0x107f has been reserved
[    0.267665] system 00:02: ioport range 0x1180-0x11bf has been reserved
[    0.267767] system 00:02: ioport range 0x800-0x80f has been reserved
[    0.267855] system 00:02: ioport range 0x15e0-0x15ef has been reserved
[    0.267947] system 00:02: ioport range 0x1600-0x165f could not be reserved
[    0.268041] system 00:02: iomem range 0xf0000000-0xf3ffffff has been reserved
[    0.268140] system 00:02: iomem range 0xfed1c000-0xfed1ffff has been reserved
[    0.268232] system 00:02: iomem range 0xfed14000-0xfed17fff has been reserved
[    0.268325] system 00:02: iomem range 0xfed18000-0xfed18fff has been reserved
[    0.268415] system 00:02: iomem range 0xfed19000-0xfed19fff has been reserved
[    0.268520] system 00:02: iomem range 0xfed45000-0xfed4bfff has been reserved
[    0.303572] pci 0000:00:1c.0: PCI bridge, secondary bus 0000:02
[    0.303668] pci 0000:00:1c.0:   IO window: 0x2000-0x2fff
[    0.303759] pci 0000:00:1c.0:   MEM window: 0xfc000000-0xfdffffff
[    0.303852] pci 0000:00:1c.0:   PREFETCH window: 0x000000f8000000-0x000000f80fffff
[    0.303984] pci 0000:00:1c.1: PCI bridge, secondary bus 0000:03
[    0.304078] pci 0000:00:1c.1:   IO window: 0x3000-0x3fff
[    0.304168] pci 0000:00:1c.1:   MEM window: 0xdc000000-0xdf3fffff
[    0.304267] pci 0000:00:1c.1:   PREFETCH window: 0x000000dfe00000-0x000000dfefffff
[    0.304406] pci 0000:00:1c.2: PCI bridge, secondary bus 0000:04
[    0.304509] pci 0000:00:1c.2:   IO window: 0x4000-0x4fff
[    0.304606] pci 0000:00:1c.2:   MEM window: 0xd8000000-0xd9ffffff
[    0.304704] pci 0000:00:1c.2:   PREFETCH window: 0x000000dfb00000-0x000000dfbfffff
[    0.304832] pci 0000:00:1c.3: PCI bridge, secondary bus 0000:05
[    0.304924] pci 0000:00:1c.3:   IO window: 0x5000-0x5fff
[    0.305026] pci 0000:00:1c.3:   MEM window: 0xd4000000-0xd5ffffff
[    0.305121] pci 0000:00:1c.3:   PREFETCH window: 0x000000df800000-0x000000df8fffff
[    0.305260] pci 0000:00:1c.4: PCI bridge, secondary bus 0000:0d
[    0.305361] pci 0000:00:1c.4:   IO window: 0x6000-0x6fff
[    0.305454] pci 0000:00:1c.4:   MEM window: 0xd0000000-0xd1ffffff
[    0.305549] pci 0000:00:1c.4:   PREFETCH window: 0x000000df500000-0x000000df5fffff
[    0.305690] pci 0000:15:00.0: CardBus bridge, secondary bus 0000:16
[    0.305787] pci 0000:15:00.0:   IO window: 0x007000-0x0070ff
[    0.305890] pci 0000:15:00.0:   IO window: 0x007400-0x0074ff
[    0.305991] pci 0000:15:00.0:   PREFETCH window: 0xf4000000-0xf7ffffff
[    0.306092] pci 0000:15:00.0:   MEM window: 0x40000000-0x43ffffff
[    0.306187] pci 0000:00:1e.0: PCI bridge, secondary bus 0000:15
[    0.306285] pci 0000:00:1e.0:   IO window: 0x7000-0xafff
[    0.306382] pci 0000:00:1e.0:   MEM window: 0xf8300000-0xfbffffff
[    0.306475] pci 0000:00:1e.0:   PREFETCH window: 0x000000f4000000-0x000000f7ffffff
[    0.306615] pci 0000:00:1c.0: PCI INT A -> GSI 20 (level, low) -> IRQ 20
[    0.306710] pci 0000:00:1c.0: setting latency timer to 64
[    0.306719] pci 0000:00:1c.1: PCI INT B -> GSI 21 (level, low) -> IRQ 21
[    0.306818] pci 0000:00:1c.1: setting latency timer to 64
[    0.306832] pci 0000:00:1c.2: PCI INT C -> GSI 22 (level, low) -> IRQ 22
[    0.306933] pci 0000:00:1c.2: setting latency timer to 64
[    0.306945] pci 0000:00:1c.3: PCI INT D -> GSI 23 (level, low) -> IRQ 23
[    0.307040] pci 0000:00:1c.3: setting latency timer to 64
[    0.307048] pci 0000:00:1c.4: PCI INT A -> GSI 20 (level, low) -> IRQ 20
[    0.307142] pci 0000:00:1c.4: setting latency timer to 64
[    0.307151] pci 0000:00:1e.0: enabling device (0005 -> 0007)
[    0.307249] pci 0000:00:1e.0: setting latency timer to 64
[    0.307266] pci 0000:15:00.0: PCI INT A -> GSI 16 (level, low) -> IRQ 16
[    0.307358] pci 0000:15:00.0: setting latency timer to 64
[    0.307364] pci_bus 0000:00: resource 0 io:  [0x00-0xffff]
[    0.307366] pci_bus 0000:00: resource 1 mem: [0x000000-0xffffffff]
[    0.307368] pci_bus 0000:02: resource 0 io:  [0x2000-0x2fff]
[    0.307370] pci_bus 0000:02: resource 1 mem: [0xfc000000-0xfdffffff]
[    0.307372] pci_bus 0000:02: resource 2 pref mem [0xf8000000-0xf80fffff]
[    0.307374] pci_bus 0000:03: resource 0 io:  [0x3000-0x3fff]
[    0.307375] pci_bus 0000:03: resource 1 mem: [0xdc000000-0xdf3fffff]
[    0.307377] pci_bus 0000:03: resource 2 pref mem [0xdfe00000-0xdfefffff]
[    0.307379] pci_bus 0000:04: resource 0 io:  [0x4000-0x4fff]
[    0.307381] pci_bus 0000:04: resource 1 mem: [0xd8000000-0xd9ffffff]
[    0.307383] pci_bus 0000:04: resource 2 pref mem [0xdfb00000-0xdfbfffff]
[    0.307384] pci_bus 0000:05: resource 0 io:  [0x5000-0x5fff]
[    0.307386] pci_bus 0000:05: resource 1 mem: [0xd4000000-0xd5ffffff]
[    0.307388] pci_bus 0000:05: resource 2 pref mem [0xdf800000-0xdf8fffff]
[    0.307390] pci_bus 0000:0d: resource 0 io:  [0x6000-0x6fff]
[    0.307391] pci_bus 0000:0d: resource 1 mem: [0xd0000000-0xd1ffffff]
[    0.307393] pci_bus 0000:0d: resource 2 pref mem [0xdf500000-0xdf5fffff]
[    0.307395] pci_bus 0000:15: resource 0 io:  [0x7000-0xafff]
[    0.307397] pci_bus 0000:15: resource 1 mem: [0xf8300000-0xfbffffff]
[    0.307399] pci_bus 0000:15: resource 2 pref mem [0xf4000000-0xf7ffffff]
[    0.307401] pci_bus 0000:15: resource 3 io:  [0x00-0xffff]
[    0.307402] pci_bus 0000:15: resource 4 mem: [0x000000-0xffffffff]
[    0.307404] pci_bus 0000:16: resource 0 io:  [0x7000-0x70ff]
[    0.307406] pci_bus 0000:16: resource 1 io:  [0x7400-0x74ff]
[    0.307408] pci_bus 0000:16: resource 2 pref mem [0xf4000000-0xf7ffffff]
[    0.307410] pci_bus 0000:16: resource 3 mem: [0x40000000-0x43ffffff]
[    0.307417] NET: Registered protocol family 2
[    0.307506] RANDOM - __random32 called. Change num 7.  Value: 437d97bf	f373de51	f3b0f986
[    0.307508] RANDOM - random32 called.  Value: 437d97bf	f373de51	f3b0f986
[    0.307512] random 0000 0000 0000 5f8db4e5 4cfdf2a8: rand_read_num 3 get_random_bytes(4): sig fffffb64 5f8db4e5 4cfdf2a8
[    0.307514] random 0000 0000 0000 5f8db4e5 4cfdf2a8: extract_entropy(.. 4 ..)
[    0.307517] random 0000 0000 0000 5f8db4e5 4cfdf2a8: going to reseed nonblocking with 64 bits (32 of 0 requested)
[    0.307519] random 0000 0000 0000 5f8db4e5 4cfdf2a8: extract_entropy(.. 8 ..)
[    0.307521] random 0000 0000 0000 5f8db4e5 4cfdf2a8: trying to extract 64 bits from input
[    0.307523] random 0000 0000 0000 5f8db4e5 4cfdf2a8: debiting 0 entropy credits from input
[    0.307525] random 0000 0000 0000 5f8db4e5 4cfdf2a8: extract_entropy account returned: 0 
[    0.307528] random 0000 0000 0000 5f8db4e5 4cfdf2a8: urand_change_num 5 xfer_secondary_pool(4): pool_sig fffffb64, data_sig 00000000, bytes_mixed 0 5f8db4e5 4cfdf2a8
[    0.307531] random 0000 0000 0000 5f8db4e5 4cfdf2a8: trying to extract 32 bits from nonblocking
[    0.307533] random 0000 0000 0000 5f8db4e5 4cfdf2a8: debiting 32 entropy credits from nonblocking (unlimited)
[    0.307536] random 0000 0000 0000 5f8db4e5 4cfdf2a8: extract_entropy account returned: 4 
[    0.307540] random 0000 0000 0000 5f8db4e5 4cfdf2a8: urand_change_num 6 extract_buf: pool_sig fffffb64, data_sig 00000241, bytes_mixed 20 5f8db4e5 4cfdf2a8
[    0.307549] IP route cache hash table entries: 32768 (order: 5, 131072 bytes)
[    0.307689] RANDOM - __random32 called. Change num 8.  Value: d97bfe31	373de51f	f30dc6e6
[    0.307690] RANDOM - random32 called.  Value: d97bfe31	373de51f	f30dc6e6
[    0.307701] RANDOM - __random32 called. Change num 9.  Value: bfe314d7	73de51f5	8dcd6c7e
[    0.307702] RANDOM - random32 called.  Value: bfe314d7	73de51f5	8dcd6c7e
[    0.307704] RANDOM - __random32 called. Change num 10.  Value: 314d7baf	3de51f5e	d8fc74c1
[    0.307706] RANDOM - random32 called.  Value: 314d7baf	3de51f5e	d8fc74c1
[    0.307716] RANDOM - __random32 called. Change num 11.  Value: d7baf3c7	de51f5e5	e983e3fa
[    0.307718] RANDOM - random32 called.  Value: d7baf3c7	de51f5e5	e983e3fa
[    0.307727] TCP established hash table entries: 131072 (order: 8, 1048576 bytes)
[    0.308230] TCP bind hash table entries: 65536 (order: 6, 262144 bytes)
[    0.308415] TCP: Hash tables configured (established 131072 bind 65536)
[    0.308514] TCP reno registered
[    0.308625] NET: Registered protocol family 1
[    0.308739] RPC: Registered udp transport module.
[    0.308832] RPC: Registered tcp transport module.
[    0.308930] RPC: Registered tcp NFSv4.1 backchannel transport module.
[    0.309024] pci 0000:00:02.0: Boot video device
[    0.309235] Simple Boot Flag at 0x35 set to 0x1
[    0.309765] highmem bounce pool size: 64 pages
[    0.311329] VFS: Disk quotas dquot_6.5.2
[    0.311458] Dquot-cache hash table entries: 1024 (order 0, 4096 bytes)
[    0.312139] NTFS driver 2.1.29 [Flags: R/W].
[    0.312306] ROMFS MTD (C) 2007 Red Hat, Inc.
[    0.312515] JFS: nTxBlock = 7695, nTxLock = 61562
[    0.314980] SGI XFS with ACLs, security attributes, large block/inode numbers, no debug enabled
[    0.315463] SGI XFS Quota Management subsystem
[    0.315751] Slow work thread pool: Starting up
[    0.315850] Slow work thread pool: Ready
[    0.315978] GFS2 (built May 24 2013 02:47:17) installed
[    0.316074] msgmni has been set to 1734
[    0.316241] alg: No test for cipher_null (cipher_null-generic)
[    0.316349] alg: No test for ecb(cipher_null) (ecb-cipher_null)
[    0.316449] alg: No test for digest_null (digest_null-generic)
[    0.316548] alg: No test for compress_null (compress_null-generic)
[    0.317127] alg: No test for fcrypt (fcrypt-generic)
[    0.318535] alg: No test for stdrng (krng)
[    0.318628] async_tx: api initialized (async)
[    0.318782] Block layer SCSI generic (bsg) driver version 0.4 loaded (major 254)
[    0.318917] io scheduler noop registered
[    0.319008] io scheduler anticipatory registered
[    0.319094] io scheduler deadline registered
[    0.319229] io scheduler cfq registered (default)
[    0.319482] pcieport 0000:00:1c.0: irq 24 for MSI/MSI-X
[    0.319500] pcieport 0000:00:1c.0: setting latency timer to 64
[    0.319690] pcieport 0000:00:1c.1: irq 25 for MSI/MSI-X
[    0.319702] pcieport 0000:00:1c.1: setting latency timer to 64
[    0.319895] pcieport 0000:00:1c.2: irq 26 for MSI/MSI-X
[    0.319907] pcieport 0000:00:1c.2: setting latency timer to 64
[    0.320086] pcieport 0000:00:1c.3: irq 27 for MSI/MSI-X
[    0.320097] pcieport 0000:00:1c.3: setting latency timer to 64
[    0.320275] pcieport 0000:00:1c.4: irq 28 for MSI/MSI-X
[    0.320286] pcieport 0000:00:1c.4: setting latency timer to 64
[    0.320430] pci_hotplug: PCI Hot Plug PCI Core version: 0.5
[    0.320622] isapnp: Scanning for PnP cards...
[    0.681163] isapnp: No Plug & Play device found
[    0.681250] random 0000 0000 0000 5f8db4e5 4cfdf2a8: initializing
[    0.681252] RANDOM init_std_data for input now value: 1370019130681252430
[    0.681254] RANDOM init_std_data for blocking now value: 1370019130681254485
[    0.681256] RANDOM init_std_data for nonblocking now value: 1370019130681256205
[    0.700829] Serial: 8250/16550 driver, 4 ports, IRQ sharing enabled
[    3.711659] floppy0: no floppy controllers found
[    3.712611] brd: module loaded
[    3.713116] loop: module loaded
[    3.713212] Compaq SMART2 Driver (v 2.6.0)
[    3.713341] HP CISS Driver (v 3.6.20)
[    3.713584] input: Macintosh mouse button emulation as /devices/virtual/input/input0
[    3.713726] Uniform Multi-Platform E-IDE driver
[    3.713949] piix 0000:00:1f.1: IDE controller (0x8086:0x2850 rev 0x03)
[    3.714051] pci 0000:00:1f.1: PCI INT C -> GSI 16 (level, low) -> IRQ 16
[    3.714157] piix 0000:00:1f.1: IDE port disabled
[    3.714259] piix 0000:00:1f.1: not 100% native mode: will probe irqs later
[    3.714368]     ide0: BM-DMA at 0x1c00-0x1c07
[    3.714461] Probing IDE interface ide0...
[    4.385838] hda: HL-DT-ST DVDRAM GSA-U10N, ATAPI CD/DVD-ROM drive
[    4.692630] hda: host max PIO4 wanted PIO255(auto-tune) selected PIO4
[    4.693402] hda: UDMA/33 mode selected
[    4.693866] ide0 at 0x1f0-0x1f7,0x3f6 on irq 14
[    4.697782] ide-gd driver 1.18
[    4.697892] ide-cd driver 5.00
[    4.699285] random 0000 0000 0000 00000000 00000000: add_disk_randomness(0:0) 00000000 00000000
[    4.699289] random 0000 0000 0000 00000000 00000000: add_timer_randomness(.. 256) with jiffies: 17512719421338779259, cycles: -934024656665444343
[    4.699292] random 0000 0000 0000 00000000 00000000: added 11 entropy credits to input
[    4.699295] ide-cd: hda: ATAPI 24X DVD-ROM DVD-R/RAM CD-R/RW drive, 2048kB Cache
[    4.699740] Uniform CD-ROM driver Revision: 3.20
[    4.702513] random 0011 0000 0000 00000000 00000000: add_disk_randomness(0:0) 00000000 00000000
[    4.702516] random 0011 0000 0000 00000000 00000000: add_timer_randomness(.. 256) with jiffies: 17541766276571692670, cycles: -904977801432530935
[    4.702519] random 0011 0000 0000 00000000 00000000: added 1 entropy credits to input
[    4.702522] random 0012 0000 0000 00000000 00000000: add_disk_randomness(0:0) 00000000 00000000
[    4.702525] random 0012 0000 0000 00000000 00000000: add_timer_randomness(.. 256) with jiffies: 17541843886630731390, cycles: -904900191373492215
[    4.704509] random 0012 0000 0000 00000000 00000000: add_disk_randomness(0:0) 00000000 00000000
[    4.704512] random 0012 0000 0000 00000000 00000000: add_timer_randomness(.. 256) with jiffies: 17559721709475167872, cycles: -887022368529055735
[    4.704514] random 0012 0000 0000 00000000 00000000: added 1 entropy credits to input
[    4.704517] random 0013 0000 0000 00000000 00000000: add_disk_randomness(0:0) 00000000 00000000
[    4.704520] random 0013 0000 0000 00000000 00000000: add_timer_randomness(.. 256) with jiffies: 17559796300172197504, cycles: -886947777832026103
[    4.706511] random 0013 0000 0000 00000000 00000000: add_disk_randomness(0:0) 00000000 00000000
[    4.706513] random 0013 0000 0000 00000000 00000000: add_timer_randomness(.. 256) with jiffies: 17577729227447041666, cycles: -869014850557181943
[    4.706516] random 0013 0000 0000 00000000 00000000: added 1 entropy credits to input
[    4.706519] random 0014 0000 0000 00000000 00000000: add_disk_randomness(0:0) 00000000 00000000
[    4.706522] random 0014 0000 0000 00000000 00000000: add_timer_randomness(.. 256) with jiffies: 17577803324222832258, cycles: -868940753781391351
[    4.706801] Loading iSCSI transport class v2.0-870.
[    4.707086] rdac: device handler registered
[    4.707177] hp_sw: device handler registered
[    4.707269] emc: device handler registered
[    4.707359] alua: device handler registered
[    4.708352] Adaptec aacraid driver 1.1-5[2461]-ms
[    4.708772] scsi: <fdomain> Detection failed (no card)
[    4.708874] sym53c416.c: Version 1.0.0-ac
[    4.708982] qlogicfas: no cards were found, please specify I/O address and IRQ using iobase= and irq= options
[    4.709113] QLogic Fibre Channel HBA Driver: 8.03.01-k6
[    4.709344] iscsi: registered transport (qla4xxx)
[    4.709457] QLogic iSCSI HBA Driver
[    4.709542] Emulex LightPulse Fibre Channel SCSI driver 8.3.4
[    4.709639] Copyright(c) 2004-2009 Emulex.  All rights reserved.
[    4.731613] Failed initialization of WD-7000 SCSI card!
[    4.820376] DC390: clustering now enabled by default. If you get problems load
[    4.820497]        with "disable_clustering=1" and report to maintainers
[    4.820635] megaraid cmm: 2.20.2.7 (Release Date: Sun Jul 16 00:01:03 EST 2006)
[    4.820788] megaraid: 2.20.5.1 (Release Date: Thu Nov 16 15:32:35 EST 2006)
[    4.820905] megasas: 00.00.04.01 Thu July 24 11:41:51 PST 2008
[    4.821044] GDT-HA: Storage RAID Controller Driver. Version: 3.05
[    4.821196] 3ware Storage Controller device driver for Linux v1.26.02.002.
[    4.821307] 3ware 9000 Storage Controller device driver for Linux v2.26.02.012.
[    4.821460] nsp32: loading...
[    4.821566] ipr: IBM Power RAID SCSI Device Driver version: 2.4.3 (June 10, 2009)
[    4.821718] RocketRAID 3xxx/4xxx Controller driver v1.6 (090910)
[    4.821828] stex: Promise SuperTrak EX Driver version: 4.6.0000.3
[    4.821967] st: Version 20081215, fixed bufsize 32768, s/g segs 256
[    4.822155] ahci 0000:00:1f.2: version 3.0
[    4.822168] ahci 0000:00:1f.2: PCI INT B -> GSI 16 (level, low) -> IRQ 16
[    4.822297] ahci 0000:00:1f.2: irq 29 for MSI/MSI-X
[    4.822359] ahci 0000:00:1f.2: AHCI 0001.0100 32 slots 3 ports 1.5 Gbps 0x5 impl SATA mode
[    4.822487] ahci 0000:00:1f.2: flags: 64bit ncq sntf pm led clo pio slum part ccc 
[    4.822631] ahci 0000:00:1f.2: setting latency timer to 64
[    4.822777] scsi2 : ahci
[    4.822936] scsi3 : ahci
[    4.823075] scsi4 : ahci
[    4.823242] ata1: SATA max UDMA/133 abar m2048@0xfe226000 port 0xfe226100 irq 29
[    4.823363] ata2: DUMMY
[    4.823450] ata3: SATA max UDMA/133 abar m2048@0xfe226000 port 0xfe226200 irq 29
[    4.824064] I2O subsystem v1.325
[    4.824151] i2o: max drivers = 8
[    4.824303] I2O Configuration OSM v1.323
[    4.824417] I2O Bus Adapter OSM v1.317
[    4.824529] I2O Block Device OSM v1.325
[    4.824692] I2O SCSI Peripheral OSM v1.316
[    4.824795] I2O ProcFS OSM v1.316
[    4.824908] Fusion MPT base driver 3.04.12
[    4.824995] Copyright (c) 1999-2008 LSI Corporation
[    4.825095] Fusion MPT SPI Host driver 3.04.12
[    4.825208] Fusion MPT FC Host driver 3.04.12
[    4.825320] Fusion MPT SAS Host driver 3.04.12
[    4.825479] ohci1394 0000:15:00.1: PCI INT B -> GSI 17 (level, low) -> IRQ 17
[    4.825580] ohci1394 0000:15:00.1: setting latency timer to 64
[    4.879627] ohci1394: fw-host0: OHCI-1394 1.1 (PCI): IRQ=[17]  MMIO=[f8301000-f83017ff]  Max Packet=[2048]  IR/IT contexts=[4/4]
[    4.882895] ehci_hcd: USB 2.0 'Enhanced' Host Controller (EHCI) Driver
[    4.883178] ehci_hcd 0000:00:1a.7: power state changed by ACPI to D0
[    4.883452] ehci_hcd 0000:00:1a.7: power state changed by ACPI to D0
[    4.883549] ehci_hcd 0000:00:1a.7: PCI INT C -> GSI 22 (level, low) -> IRQ 22
[    4.883652] ehci_hcd 0000:00:1a.7: setting latency timer to 64
[    4.883658] ehci_hcd 0000:00:1a.7: EHCI Host Controller
[    4.883795] ehci_hcd 0000:00:1a.7: new USB bus registered, assigned bus number 1
[    4.887851] ehci_hcd 0000:00:1a.7: cache line size of 32 is not supported
[    4.887860] ehci_hcd 0000:00:1a.7: irq 22, io mem 0xfe226c00
[    4.897587] ehci_hcd 0000:00:1a.7: USB 2.0 started, EHCI 1.00
[    4.897689] usb usb1: New USB device found, idVendor=1d6b, idProduct=0002
[    4.897786] usb usb1: New USB device strings: Mfr=3, Product=2, SerialNumber=1
[    4.897906] usb usb1: Product: EHCI Host Controller
[    4.897996] usb usb1: Manufacturer: Linux 2.6.32.57 ehci_hcd
[    4.898091] usb usb1: SerialNumber: 0000:00:1a.7
[    4.898232] usb usb1: configuration #1 chosen from 1 choice
[    4.898354] hub 1-0:1.0: USB hub found
[    4.898446] hub 1-0:1.0: 4 ports detected
[    4.898747] ehci_hcd 0000:00:1d.7: power state changed by ACPI to D0
[    4.898999] ehci_hcd 0000:00:1d.7: power state changed by ACPI to D0
[    4.899105] ehci_hcd 0000:00:1d.7: PCI INT D -> GSI 19 (level, low) -> IRQ 19
[    4.899210] ehci_hcd 0000:00:1d.7: setting latency timer to 64
[    4.899215] ehci_hcd 0000:00:1d.7: EHCI Host Controller
[    4.899342] ehci_hcd 0000:00:1d.7: new USB bus registered, assigned bus number 2
[    4.899492] ehci_hcd 0000:00:1d.7: debug port 1
[    4.903475] ehci_hcd 0000:00:1d.7: cache line size of 32 is not supported
[    4.903484] ehci_hcd 0000:00:1d.7: irq 19, io mem 0xfe227000
[    4.913586] ehci_hcd 0000:00:1d.7: USB 2.0 started, EHCI 1.00
[    4.913689] usb usb2: New USB device found, idVendor=1d6b, idProduct=0002
[    4.913780] usb usb2: New USB device strings: Mfr=3, Product=2, SerialNumber=1
[    4.913909] usb usb2: Product: EHCI Host Controller
[    4.913999] usb usb2: Manufacturer: Linux 2.6.32.57 ehci_hcd
[    4.914086] usb usb2: SerialNumber: 0000:00:1d.7
[    4.914224] usb usb2: configuration #1 chosen from 1 choice
[    4.914341] hub 2-0:1.0: USB hub found
[    4.914433] hub 2-0:1.0: 6 ports detected
[    4.914619] 116x: driver isp116x-hcd, 03 Nov 2005
[    4.914724] ohci_hcd: USB 1.1 'Open' Host Controller (OHCI) Driver
[    4.914841] uhci_hcd: USB Universal Host Controller Interface driver
[    4.914950] uhci_hcd 0000:00:1a.0: PCI INT A -> GSI 20 (level, low) -> IRQ 20
[    4.915052] uhci_hcd 0000:00:1a.0: setting latency timer to 64
[    4.915057] uhci_hcd 0000:00:1a.0: UHCI Host Controller
[    4.915189] uhci_hcd 0000:00:1a.0: new USB bus registered, assigned bus number 3
[    4.915347] uhci_hcd 0000:00:1a.0: irq 20, io base 0x00001860
[    4.915467] usb usb3: New USB device found, idVendor=1d6b, idProduct=0001
[    4.915562] usb usb3: New USB device strings: Mfr=3, Product=2, SerialNumber=1
[    4.915691] usb usb3: Product: UHCI Host Controller
[    4.915780] usb usb3: Manufacturer: Linux 2.6.32.57 uhci_hcd
[    4.915876] usb usb3: SerialNumber: 0000:00:1a.0
[    4.916031] usb usb3: configuration #1 chosen from 1 choice
[    4.916156] hub 3-0:1.0: USB hub found
[    4.916247] hub 3-0:1.0: 2 ports detected
[    4.916616] uhci_hcd 0000:00:1a.1: power state changed by ACPI to D0
[    4.916864] uhci_hcd 0000:00:1a.1: power state changed by ACPI to D0
[    4.916957] uhci_hcd 0000:00:1a.1: PCI INT B -> GSI 21 (level, low) -> IRQ 21
[    4.917052] uhci_hcd 0000:00:1a.1: setting latency timer to 64
[    4.917057] uhci_hcd 0000:00:1a.1: UHCI Host Controller
[    4.917194] uhci_hcd 0000:00:1a.1: new USB bus registered, assigned bus number 4
[    4.917348] uhci_hcd 0000:00:1a.1: irq 21, io base 0x00001880
[    4.917461] usb usb4: New USB device found, idVendor=1d6b, idProduct=0001
[    4.917551] usb usb4: New USB device strings: Mfr=3, Product=2, SerialNumber=1
[    4.917686] usb usb4: Product: UHCI Host Controller
[    4.917772] usb usb4: Manufacturer: Linux 2.6.32.57 uhci_hcd
[    4.917866] usb usb4: SerialNumber: 0000:00:1a.1
[    4.918006] usb usb4: configuration #1 chosen from 1 choice
[    4.918123] hub 4-0:1.0: USB hub found
[    4.918219] hub 4-0:1.0: 2 ports detected
[    4.918567] uhci_hcd 0000:00:1d.0: power state changed by ACPI to D0
[    4.918814] uhci_hcd 0000:00:1d.0: power state changed by ACPI to D0
[    4.918909] uhci_hcd 0000:00:1d.0: PCI INT A -> GSI 16 (level, low) -> IRQ 16
[    4.919005] uhci_hcd 0000:00:1d.0: setting latency timer to 64
[    4.919008] uhci_hcd 0000:00:1d.0: UHCI Host Controller
[    4.919149] uhci_hcd 0000:00:1d.0: new USB bus registered, assigned bus number 5
[    4.919301] uhci_hcd 0000:00:1d.0: irq 16, io base 0x000018a0
[    4.919420] usb usb5: New USB device found, idVendor=1d6b, idProduct=0001
[    4.919516] usb usb5: New USB device strings: Mfr=3, Product=2, SerialNumber=1
[    4.919649] usb usb5: Product: UHCI Host Controller
[    4.919738] usb usb5: Manufacturer: Linux 2.6.32.57 uhci_hcd
[    4.919828] usb usb5: SerialNumber: 0000:00:1d.0
[    4.919962] usb usb5: configuration #1 chosen from 1 choice
[    4.920080] hub 5-0:1.0: USB hub found
[    4.920176] hub 5-0:1.0: 2 ports detected
[    4.920322] uhci_hcd 0000:00:1d.1: PCI INT B -> GSI 17 (level, low) -> IRQ 17
[    4.920420] uhci_hcd 0000:00:1d.1: setting latency timer to 64
[    4.920423] uhci_hcd 0000:00:1d.1: UHCI Host Controller
[    4.920551] uhci_hcd 0000:00:1d.1: new USB bus registered, assigned bus number 6
[    4.920702] uhci_hcd 0000:00:1d.1: irq 17, io base 0x000018c0
[    4.920815] usb usb6: New USB device found, idVendor=1d6b, idProduct=0001
[    4.920904] usb usb6: New USB device strings: Mfr=3, Product=2, SerialNumber=1
[    4.921023] usb usb6: Product: UHCI Host Controller
[    4.921113] usb usb6: Manufacturer: Linux 2.6.32.57 uhci_hcd
[    4.921203] usb usb6: SerialNumber: 0000:00:1d.1
[    4.921336] usb usb6: configuration #1 chosen from 1 choice
[    4.921454] hub 6-0:1.0: USB hub found
[    4.921546] hub 6-0:1.0: 2 ports detected
[    4.921843] uhci_hcd 0000:00:1d.2: power state changed by ACPI to D0
[    4.922084] uhci_hcd 0000:00:1d.2: power state changed by ACPI to D0
[    4.922180] uhci_hcd 0000:00:1d.2: PCI INT C -> GSI 18 (level, low) -> IRQ 18
[    4.922282] uhci_hcd 0000:00:1d.2: setting latency timer to 64
[    4.922287] uhci_hcd 0000:00:1d.2: UHCI Host Controller
[    4.922418] uhci_hcd 0000:00:1d.2: new USB bus registered, assigned bus number 7
[    4.922577] uhci_hcd 0000:00:1d.2: irq 18, io base 0x000018e0
[    4.922696] usb usb7: New USB device found, idVendor=1d6b, idProduct=0001
[    4.922788] usb usb7: New USB device strings: Mfr=3, Product=2, SerialNumber=1
[    4.922914] usb usb7: Product: UHCI Host Controller
[    4.923008] usb usb7: Manufacturer: Linux 2.6.32.57 uhci_hcd
[    4.923101] usb usb7: SerialNumber: 0000:00:1d.2
[    4.923893] usb usb7: configuration #1 chosen from 1 choice
[    4.924018] hub 7-0:1.0: USB hub found
[    4.924109] hub 7-0:1.0: 2 ports detected
[    4.924268] sl811: driver sl811-hcd, 19 May 2005
[    4.924372] r8a66597_hcd: driver r8a66597_hcd, 2009-05-26
[    4.924543] Initializing USB Mass Storage driver...
[    4.924677] usbcore: registered new interface driver usb-storage
[    4.924774] USB Mass Storage support registered.
[    4.924881] usbcore: registered new interface driver ums-alauda
[    4.924990] usbcore: registered new interface driver ums-cypress
[    4.925098] usbcore: registered new interface driver ums-datafab
[    4.925205] usbcore: registered new interface driver ums-freecom
[    4.925317] usbcore: registered new interface driver ums-isd200
[    4.925434] usbcore: registered new interface driver ums-jumpshot
[    4.925545] usbcore: registered new interface driver ums-karma
[    4.925663] usbcore: registered new interface driver ums-onetouch
[    4.925777] usbcore: registered new interface driver ums-sddr09
[    4.925888] usbcore: registered new interface driver ums-sddr55
[    4.925996] usbcore: registered new interface driver ums-usbat
[    4.926142] PNP: PS/2 Controller [PNP0303:KBD,PNP0f13:MOU] at 0x60,0x64 irq 1,12
[    4.934855] serio: i8042 KBD port at 0x60,0x64 irq 1
[    4.934949] serio: i8042 AUX port at 0x60,0x64 irq 12
[    4.935198] mice: PS/2 mouse device common for all mice
[    4.935310] i2c /dev entries driver
[    4.935441] md: linear personality registered for level -1
[    4.935530] md: raid0 personality registered for level 0
[    4.935640] md: raid1 personality registered for level 1
[    4.935746] md: raid10 personality registered for level 10
[    4.935844] md: raid6 personality registered for level 6
[    4.935928] md: raid5 personality registered for level 5
[    4.936028] md: raid4 personality registered for level 4
[    4.936126] md: multipath personality registered for level -4
[    4.936323] device-mapper: ioctl: 4.15.0-ioctl (2009-04-01) initialised: dm-devel@redhat.com
[    4.936527] cpuidle: using governor ladder
[    4.937141] usbcore: registered new interface driver usbhid
[    4.937231] usbhid: v2.6:USB HID core driver
[    4.937381] random 0014 0000 0000 00000000 00000000: rand_read_num 4 get_random_bytes(136): sig 00000000 00000000 00000000
[    4.937384] random 0014 0000 0000 00000000 00000000: extract_entropy(.. 136 ..)
[    4.937387] random 0014 0000 0000 00000000 00000000: going to reseed nonblocking with 1024 bits (1088 of 0 requested)
[    4.937389] random 0014 0000 0000 00000000 00000000: extract_entropy(.. 128 ..)
[    4.937391] random 0014 0000 0000 00000000 00000000: trying to extract 1024 bits from input
[    4.937393] random 0014 0000 0000 00000000 00000000: debiting 0 entropy credits from input
[    4.937395] random 0014 0000 0000 00000000 00000000: extract_entropy account returned: 0 
[    4.937398] random 0014 0000 0000 00000000 00000000: urand_change_num 7 xfer_secondary_pool(136): pool_sig 00000000, data_sig 00000000, bytes_mixed 0 00000000 00000000
[    4.937401] random 0014 0000 0000 00000000 00000000: trying to extract 1088 bits from nonblocking
[    4.937404] random 0014 0000 0000 00000000 00000000: debiting 1088 entropy credits from nonblocking (unlimited)
[    4.937406] random 0014 0000 0000 00000000 00000000: extract_entropy account returned: 136 
[    4.937410] random 0014 0000 0000 00000000 00000000: urand_change_num 8 extract_buf: pool_sig 00000000, data_sig fffffff9, bytes_mixed 20 00000000 00000000
[    4.937416] random 0014 0000 0000 b7c35b56 be4dc95d: urand_change_num 9 extract_buf: pool_sig fffffd1e, data_sig 000000c5, bytes_mixed 20 b7c35b56 be4dc95d
[    4.937421] random 0014 0000 0000 ed9f5c47 c48487fb: urand_change_num 10 extract_buf: pool_sig fffff8ec, data_sig ffffff68, bytes_mixed 20 ed9f5c47 c48487fb
[    4.937426] random 0014 0000 0000 ed9f5c47 c48487fb: urand_change_num 11 extract_buf: pool_sig fffffaed, data_sig 000001aa, bytes_mixed 20 ed9f5c47 c48487fb
[    4.937431] random 0014 0000 0000 1b4f7c0a 91bd6a48: urand_change_num 12 extract_buf: pool_sig fffffdd8, data_sig 00000064, bytes_mixed 20 1b4f7c0a 91bd6a48
[    4.937437] random 0014 0000 0000 a254b9bc 20e9a24f: urand_change_num 13 extract_buf: pool_sig fffffbe6, data_sig 000001dd, bytes_mixed 20 a254b9bc 20e9a24f
[    4.937442] random 0014 0000 0000 a254b9bc 20e9a24f: urand_change_num 14 extract_buf: pool_sig fffff940, data_sig fffffe20, bytes_mixed 20 a254b9bc 20e9a24f
[    4.937447] random 0014 0000 0000 2831a66b 5fa2a3ad: urand_change_num 15 extract_buf: pool_sig fffffbce, data_sig 0000007e, bytes_mixed 20 2831a66b 5fa2a3ad
[    4.937452] random 0014 0000 0000 2831a66b 5fa2a3ad: urand_change_num 16 extract_buf: pool_sig 000004df, data_sig fffffe8f, bytes_mixed 20 2831a66b 5fa2a3ad
[    4.937458] random 0014 0000 0000 d4512bfd c9a54e0b: urand_change_num 17 extract_buf: pool_sig 00000485, data_sig fffffe68, bytes_mixed 20 d4512bfd c9a54e0b
[    4.937463] random 0014 0000 0000 c7371be6 f9ffea11: urand_change_num 18 extract_buf: pool_sig 00000095, data_sig ffffffed, bytes_mixed 20 c7371be6 f9ffea11
[    4.937468] random 0014 0000 0000 c7371be6 f9ffea11: urand_change_num 19 extract_buf: pool_sig 000003a7, data_sig fffffefa, bytes_mixed 20 c7371be6 f9ffea11
[    4.937473] random 0014 0000 0000 8fb4b62c d1ddba54: urand_change_num 20 extract_buf: pool_sig 00000179, data_sig ffffff78, bytes_mixed 20 8fb4b62c d1ddba54
[    4.937479] random 0014 0000 0000 9ff19f9c c07a1d2a: urand_change_num 21 extract_buf: pool_sig fffffe88, data_sig 00000126, bytes_mixed 20 9ff19f9c c07a1d2a
[    4.937483] TCP cubic registered
[    4.937569] Initializing XFRM netlink socket
[    4.937669] NET: Registered protocol family 17
[    4.937766] Using IPI Shortcut mode
[    4.937860] random 0014 0000 0000 9ff19f9c c07a1d2a: rand_read_num 5 get_random_bytes(8): sig 0000031b 9ff19f9c c07a1d2a
[    4.937862] random 0014 0000 0000 9ff19f9c c07a1d2a: extract_entropy(.. 8 ..)
[    4.937864] random 0014 0000 0000 9ff19f9c c07a1d2a: going to reseed nonblocking with 64 bits (64 of 0 requested)
[    4.937867] random 0014 0000 0000 9ff19f9c c07a1d2a: extract_entropy(.. 8 ..)
[    4.937869] random 0014 0000 0000 9ff19f9c c07a1d2a: trying to extract 64 bits from input
[    4.937871] random 0014 0000 0000 9ff19f9c c07a1d2a: debiting 0 entropy credits from input
[    4.937873] random 0014 0000 0000 9ff19f9c c07a1d2a: extract_entropy account returned: 0 
[    4.937876] random 0014 0000 0000 9ff19f9c c07a1d2a: urand_change_num 22 xfer_secondary_pool(8): pool_sig 0000031b, data_sig 00000000, bytes_mixed 0 9ff19f9c c07a1d2a
[    4.937879] random 0014 0000 0000 9ff19f9c c07a1d2a: trying to extract 64 bits from nonblocking
[    4.937881] random 0014 0000 0000 9ff19f9c c07a1d2a: debiting 64 entropy credits from nonblocking (unlimited)
[    4.937883] random 0014 0000 0000 9ff19f9c c07a1d2a: extract_entropy account returned: 8 
[    4.937887] random 0014 0000 0000 9ff19f9c c07a1d2a: urand_change_num 23 extract_buf: pool_sig 0000031b, data_sig ffffffb3, bytes_mixed 20 9ff19f9c c07a1d2a
[    4.941497] input: AT Translated Set 2 keyboard as /devices/platform/i8042/serio0/input/input1
[    5.129584] ata3: SATA link down (SStatus 0 SControl 300)
[    5.129699] ata1: SATA link up 1.5 Gbps (SStatus 113 SControl 300)
[    5.132338] ata1.00: ACPI cmd ef/02:00:00:00:00:a0 (SET FEATURES) succeeded
[    5.132340] ata1.00: ACPI cmd f5/00:00:00:00:00:a0 (SECURITY FREEZE LOCK) filtered out
[    5.133733] ata1.00: ACPI cmd ef/5f:00:00:00:00:a0 (SET FEATURES) succeeded
[    5.133736] ata1.00: ACPI cmd ef/10:03:00:00:00:a0 (SET FEATURES) filtered out
[    5.135646] ata1.00: ATA-7: ST910021AS, 4.06, max UDMA/100
[    5.135735] ata1.00: 195371568 sectors, multi 16: LBA48 
[    5.137884] ata1.00: ACPI cmd ef/02:00:00:00:00:a0 (SET FEATURES) succeeded
[    5.137887] ata1.00: ACPI cmd f5/00:00:00:00:00:a0 (SECURITY FREEZE LOCK) filtered out
[    5.139274] ata1.00: ACPI cmd ef/5f:00:00:00:00:a0 (SET FEATURES) succeeded
[    5.139276] ata1.00: ACPI cmd ef/10:03:00:00:00:a0 (SET FEATURES) filtered out
[    5.141203] ata1.00: configured for UDMA/100
[    5.151637] scsi 2:0:0:0: Direct-Access     ATA      ST910021AS       4.06 PQ: 0 ANSI: 5
[    5.151919] sd 2:0:0:0: [sda] 195371568 512-byte logical blocks: (100 GB/93.1 GiB)
[    5.152075] sd 2:0:0:0: [sda] Write Protect is off
[    5.152164] sd 2:0:0:0: [sda] Mode Sense: 00 3a 00 00
[    5.152177] sd 2:0:0:0: [sda] Write cache: enabled, read cache: enabled, doesn't support DPO or FUA
[    5.152365]  sda:
[    5.581607] random 0014 0000 0000 277f73c3 42024bb9: add_disk_randomness(8:0) 277f73c3 42024bb9
[    5.581703] random 0014 0000 0000 277f73c3 42024bb9: add_timer_randomness(.. 8388864) with jiffies: 7004946623025086871, cycles: 7004946618730414090
[    5.581706] random 0014 0000 0000 277f73c3 42024bb9: added 11 entropy credits to input
[    5.581710]  sda1 sda2
[    5.582175] random 0025 0000 0000 277f73c3 42024bb9: add_disk_randomness(8:0) 277f73c3 42024bb9
[    5.582178] random 0025 0000 0000 277f73c3 42024bb9: add_timer_randomness(.. 8388864) with jiffies: 7009233648926556567, cycles: 7009233644631883786
[    5.582330] sd 2:0:0:0: [sda] Attached SCSI disk
[    5.582428] random 0025 0000 0000 277f73c3 42024bb9: rand_read_num 6 get_random_bytes(12): sig 000007e9 277f73c3 42024bb9
[    5.582430] random 0025 0000 0000 277f73c3 42024bb9: extract_entropy(.. 12 ..)
[    5.582433] random 0025 0000 0000 277f73c3 42024bb9: going to reseed nonblocking with 96 bits (96 of 0 requested)
[    5.582435] random 0025 0000 0000 277f73c3 42024bb9: extract_entropy(.. 12 ..)
[    5.582437] random 0025 0000 0000 277f73c3 42024bb9: trying to extract 96 bits from input
[    5.582440] random 0025 0000 0000 277f73c3 42024bb9: debiting 0 entropy credits from input
[    5.582442] random 0025 0000 0000 277f73c3 42024bb9: extract_entropy account returned: 0 
[    5.582445] random 0025 0000 0000 277f73c3 42024bb9: urand_change_num 24 xfer_secondary_pool(12): pool_sig 000007e9, data_sig 00000000, bytes_mixed 0 277f73c3 42024bb9
[    5.582448] random 0025 0000 0000 277f73c3 42024bb9: trying to extract 96 bits from nonblocking
[    5.582450] random 0025 0000 0000 277f73c3 42024bb9: debiting 96 entropy credits from nonblocking (unlimited)
[    5.582452] random 0025 0000 0000 277f73c3 42024bb9: extract_entropy account returned: 12 
[    5.582457] random 0025 0000 0000 277f73c3 42024bb9: urand_change_num 25 extract_buf: pool_sig 000007e9, data_sig 00000088, bytes_mixed 20 277f73c3 42024bb9
[    5.582462] random 0025 0000 0000 277f73c3 42024bb9: urand_change_num 26 extract_buf: pool_sig 00000498, data_sig fffffefb, bytes_mixed 20 277f73c3 42024bb9
[    5.582465] RANDOM - __seed init called.
[    5.582466] RANDOM - __seed init called.
[    5.582467] RANDOM - __seed init called.
[    5.582468] RANDOM - __random32 called. Change num 12.  Value: 87f14767	f0d7351	b1e48bd3
[    5.582470] RANDOM - random32_reseed called.  Value: 87f14767	f0d7351	b1e48bd3
[    5.582473] Pid: 1, comm: swapper Not tainted 2.6.32.57 #6
[    5.582566] Call Trace:
[    5.582669]  [<c1923ca4>] ? random32_reseed+0xa0/0xb1
[    5.582761]  [<c1923c04>] ? random32_reseed+0x0/0xb1
[    5.582847]  [<c100111e>] ? do_one_initcall+0x2e/0x180
[    5.582944]  [<c1907265>] ? kernel_init+0xad/0x103
[    5.583035]  [<c19071b8>] ? kernel_init+0x0/0x103
[    5.583125]  [<c1003787>] ? kernel_thread_helper+0x7/0x10
[    5.583659] random 0025 0000 0000 386b4e60 ee4d4880: rand_read_num 7 get_random_bytes(64): sig fffffea5 386b4e60 ee4d4880
[    5.583661] random 0025 0000 0000 386b4e60 ee4d4880: extract_entropy(.. 64 ..)
[    5.583664] random 0025 0000 0000 386b4e60 ee4d4880: going to reseed nonblocking with 512 bits (512 of 0 requested)
[    5.583666] random 0025 0000 0000 386b4e60 ee4d4880: extract_entropy(.. 64 ..)
[    5.583668] random 0025 0000 0000 386b4e60 ee4d4880: trying to extract 512 bits from input
[    5.583670] random 0025 0000 0000 386b4e60 ee4d4880: debiting 0 entropy credits from input
[    5.583672] random 0025 0000 0000 386b4e60 ee4d4880: extract_entropy account returned: 0 
[    5.583676] random 0025 0000 0000 386b4e60 ee4d4880: urand_change_num 27 xfer_secondary_pool(64): pool_sig fffffea5, data_sig 00000000, bytes_mixed 0 386b4e60 ee4d4880
[    5.583679] random 0025 0000 0000 386b4e60 ee4d4880: trying to extract 512 bits from nonblocking
[    5.583681] random 0025 0000 0000 386b4e60 ee4d4880: debiting 512 entropy credits from nonblocking (unlimited)
[    5.583683] random 0025 0000 0000 386b4e60 ee4d4880: extract_entropy account returned: 64 
[    5.583687] random 0025 0000 0000 386b4e60 ee4d4880: urand_change_num 28 extract_buf: pool_sig fffffea5, data_sig 00000173, bytes_mixed 20 386b4e60 ee4d4880
[    5.583693] random 0025 0000 0000 412698f6 0cc8689a: urand_change_num 29 extract_buf: pool_sig 00000122, data_sig ffffff63, bytes_mixed 20 412698f6 0cc8689a
[    5.583698] random 0025 0000 0000 412698f6 0cc8689a: urand_change_num 30 extract_buf: pool_sig 000001f7, data_sig 00000012, bytes_mixed 20 412698f6 0cc8689a
[    5.583703] random 0025 0000 0000 9669941e 06f768b1: urand_change_num 31 extract_buf: pool_sig fffffb5b, data_sig 0000003f, bytes_mixed 20 9669941e 06f768b1
[    5.583709] random 0025 0000 0000 98486520 995551f0: urand_change_num 32 extract_buf: pool_sig fffffb39, data_sig 0000000e, bytes_mixed 20 98486520 995551f0
[    5.583714] random 0025 0000 0000 98486520 995551f0: urand_change_num 33 extract_buf: pool_sig fffffd8d, data_sig 000001a6, bytes_mixed 20 98486520 995551f0
[    5.583719] random 0025 0000 0000 61fc8914 d5882ed2: urand_change_num 34 extract_buf: pool_sig fffffa58, data_sig 0000023e, bytes_mixed 20 61fc8914 d5882ed2
[    5.583750] random 0025 0000 0000 61fc8914 d5882ed2: rand_read_num 8 get_random_bytes(64): sig fffff9ee 61fc8914 d5882ed2
[    5.583753] random 0025 0000 0000 61fc8914 d5882ed2: extract_entropy(.. 64 ..)
[    5.583755] random 0025 0000 0000 61fc8914 d5882ed2: going to reseed nonblocking with 512 bits (512 of 0 requested)
[    5.583757] random 0025 0000 0000 61fc8914 d5882ed2: extract_entropy(.. 64 ..)
[    5.583759] random 0025 0000 0000 61fc8914 d5882ed2: trying to extract 512 bits from input
[    5.583762] random 0025 0000 0000 61fc8914 d5882ed2: debiting 0 entropy credits from input
[    5.583764] random 0025 0000 0000 61fc8914 d5882ed2: extract_entropy account returned: 0 
[    5.583767] random 0025 0000 0000 61fc8914 d5882ed2: urand_change_num 35 xfer_secondary_pool(64): pool_sig fffff9ee, data_sig 00000000, bytes_mixed 0 61fc8914 d5882ed2
[    5.583770] random 0025 0000 0000 61fc8914 d5882ed2: trying to extract 512 bits from nonblocking
[    5.583772] random 0025 0000 0000 61fc8914 d5882ed2: debiting 512 entropy credits from nonblocking (unlimited)
[    5.583774] random 0025 0000 0000 61fc8914 d5882ed2: extract_entropy account returned: 64 
[    5.583778] random 0025 0000 0000 61fc8914 d5882ed2: urand_change_num 36 extract_buf: pool_sig fffff9ee, data_sig ffffff85, bytes_mixed 20 61fc8914 d5882ed2
[    5.583784] random 0025 0000 0000 70cfd302 e5edec11: urand_change_num 37 extract_buf: pool_sig fffffdc1, data_sig ffffffde, bytes_mixed 20 70cfd302 e5edec11
[    5.583789] random 0025 0000 0000 00dab838 eafd2b30: urand_change_num 38 extract_buf: pool_sig 000003da, data_sig ffffff61, bytes_mixed 20 00dab838 eafd2b30
[    5.583794] random 0025 0000 0000 00dab838 eafd2b30: urand_change_num 39 extract_buf: pool_sig 00000314, data_sig 00000121, bytes_mixed 20 00dab838 eafd2b30
[    5.583799] random 0025 0000 0000 5fcdf66a 6442b608: urand_change_num 40 extract_buf: pool_sig 0000028b, data_sig fffffefd, bytes_mixed 20 5fcdf66a 6442b608
[    5.583805] random 0025 0000 0000 61333f6b 8fae0f9b: urand_change_num 41 extract_buf: pool_sig 000000cb, data_sig 000000b3, bytes_mixed 20 61333f6b 8fae0f9b
[    5.583810] random 0025 0000 0000 61333f6b 8fae0f9b: urand_change_num 42 extract_buf: pool_sig fffffef8, data_sig 00000051, bytes_mixed 20 61333f6b 8fae0f9b
[    5.583813] BEGIN NET_SECRET:
[    5.583814] \xffffffe0
[    5.583815] \xffffffb6
[    5.583816] \x36
[    5.583816] \xffffffb5
[    5.583817] \xffffff94
[    5.583818] \xffffffb2
[    5.583819] \xffffffa8
[    5.583820] \xffffffda
[    5.583821] \x5b
[    5.583821] \x19
[    5.583822] \x18
[    5.583823] \x5c
[    5.583823] \x2b
[    5.583824] \x1
[    5.583825] \xffffff90
[    5.583826] \x19
[    5.583827] \x3c
[    5.583827] \xfffffff2
[    5.583828] \xffffff82
[    5.583829] \x2a
[    5.583830] \xffffffb3
[    5.583830] \xffffffa2
[    5.583831] \x3f
[    5.583832] \x5
[    5.583833] \x52
[    5.583833] \x77
[    5.583834] \x57
[    5.583835] \x79
[    5.583836] \x16
[    5.583836] \x43
[    5.583837] \xffffff84
[    5.583838] \xffffffc3
[    5.583839] \xffffffe9
[    5.583839] \x79
[    5.583840] \x50
[    5.583841] \xffffff8e
[    5.583842] \x3f
[    5.583843] \xfffffff3
[    5.583843] \x19
[    5.583844] \x2a
[    5.583845] \xfffffffd
[    5.583846] \xfffffffb
[    5.583846] \x62
[    5.583847] \x3c
[    5.583848] \xffffffac
[    5.583849] \x1c
[    5.583849] \x3b
[    5.583850] \x3b
[    5.583851] \x15
[    5.583852] \x27
[    5.583852] \xffffffa8
[    5.583853] \x22
[    5.583854] \xffffffc5
[    5.583855] \xffffff9a
[    5.583855] \x5
[    5.583856] \x6c
[    5.583857] \xffffffa8
[    5.583858] \x3a
[    5.583859] \x44
[    5.583859] \xffffffaf
[    5.583860] \x13
[    5.583861] \xffffffe0
[    5.583862] \xffffff9d
[    5.583862] \x22
[    5.583863] 
[    5.583864] END NET_SECRET
[    5.583867] random 0025 0000 0000 e7f555d9 e8ce5c3c: rand_read_num 9 get_random_bytes(4): sig 0000068c e7f555d9 e8ce5c3c
[    5.583869] random 0025 0000 0000 e7f555d9 e8ce5c3c: extract_entropy(.. 4 ..)
[    5.583871] random 0025 0000 0000 e7f555d9 e8ce5c3c: going to reseed nonblocking with 64 bits (32 of 0 requested)
[    5.583874] random 0025 0000 0000 e7f555d9 e8ce5c3c: extract_entropy(.. 8 ..)
[    5.583876] random 0025 0000 0000 e7f555d9 e8ce5c3c: trying to extract 64 bits from input
[    5.583878] random 0025 0000 0000 e7f555d9 e8ce5c3c: debiting 0 entropy credits from input
[    5.583880] random 0025 0000 0000 e7f555d9 e8ce5c3c: extract_entropy account returned: 0 
[    5.583883] random 0025 0000 0000 e7f555d9 e8ce5c3c: urand_change_num 43 xfer_secondary_pool(4): pool_sig 0000068c, data_sig 00000000, bytes_mixed 0 e7f555d9 e8ce5c3c
[    5.583886] random 0025 0000 0000 e7f555d9 e8ce5c3c: trying to extract 32 bits from nonblocking
[    5.583888] random 0025 0000 0000 e7f555d9 e8ce5c3c: debiting 32 entropy credits from nonblocking (unlimited)
[    5.583890] random 0025 0000 0000 e7f555d9 e8ce5c3c: extract_entropy account returned: 4 
[    5.583894] random 0025 0000 0000 e7f555d9 e8ce5c3c: urand_change_num 44 extract_buf: pool_sig 0000068c, data_sig fffffdcb, bytes_mixed 20 e7f555d9 e8ce5c3c
[    5.583906] md: Waiting for all devices to be available before autodetect
[    5.584002] md: If you don't use raid, use raid=noautodetect
[    5.584172] md: Autodetecting RAID arrays.
[    5.584259] md: Scanned 0 and added 0 devices.
[    5.584349] md: autorun ...
[    5.584432] md: ... autorun DONE.
[    5.597814] random 0025 0000 0000 e7f555d9 e8ce5c3c: add_disk_randomness(8:0) e7f555d9 e8ce5c3c
[    5.597817] random 0025 0000 0000 e7f555d9 e8ce5c3c: add_timer_randomness(.. 8388864) with jiffies: 7149927938500821415, cycles: 7149927934206148618
[    5.597820] random 0025 0000 0000 e7f555d9 e8ce5c3c: added 4 entropy credits to input
[    5.598939] random 0029 0000 0000 e7f555d9 e8ce5c3c: add_disk_randomness(8:0) e7f555d9 e8ce5c3c
[    5.598942] random 0029 0000 0000 e7f555d9 e8ce5c3c: add_timer_randomness(.. 8388864) with jiffies: 7160054462067474856, cycles: 7160054457772802058
[    5.599052] random 0029 0000 0000 e7f555d9 e8ce5c3c: add_disk_randomness(8:0) e7f555d9 e8ce5c3c
[    5.599055] random 0029 0000 0000 e7f555d9 e8ce5c3c: add_timer_randomness(.. 8388864) with jiffies: 7161073790950801832, cycles: 7161073786656129034
[    5.599060] EXT3-fs: sda2: couldn't mount because of unsupported optional features (240).
[    5.599278] random 0029 0000 0000 e7f555d9 e8ce5c3c: add_disk_randomness(8:0) e7f555d9 e8ce5c3c
[    5.599281] random 0029 0000 0000 e7f555d9 e8ce5c3c: add_timer_randomness(.. 8388864) with jiffies: 7163105374906319272, cycles: 7163105370611646474
[    5.599285] EXT2-fs: sda2: couldn't mount because of unsupported optional features (240).
[    5.599511] random 0029 0000 0000 e7f555d9 e8ce5c3c: add_disk_randomness(8:0) e7f555d9 e8ce5c3c
[    5.599514] random 0029 0000 0000 e7f555d9 e8ce5c3c: add_timer_randomness(.. 8388864) with jiffies: 7165204961079034280, cycles: 7165204956784361482
[    5.599652] random 0029 0000 0000 e7f555d9 e8ce5c3c: add_disk_randomness(8:0) e7f555d9 e8ce5c3c
[    5.599655] random 0029 0000 0000 e7f555d9 e8ce5c3c: add_timer_randomness(.. 8388864) with jiffies: 7166465606994854313, cycles: 7166465602700181514
[    5.599814] random 0029 0000 0000 e7f555d9 e8ce5c3c: add_disk_randomness(8:0) e7f555d9 e8ce5c3c
[    5.599817] random 0029 0000 0000 e7f555d9 e8ce5c3c: add_timer_randomness(.. 8388864) with jiffies: 7167925539393208745, cycles: 7167925535098535946
[    5.599931] random 0029 0000 0000 e7f555d9 e8ce5c3c: add_disk_randomness(8:0) e7f555d9 e8ce5c3c
[    5.599934] random 0029 0000 0000 e7f555d9 e8ce5c3c: add_timer_randomness(.. 8388864) with jiffies: 7168981173635088809, cycles: 7168981169340416010
[    5.600051] random 0029 0000 0000 e7f555d9 e8ce5c3c: add_disk_randomness(8:0) e7f555d9 e8ce5c3c
[    5.600054] random 0029 0000 0000 e7f555d9 e8ce5c3c: add_timer_randomness(.. 8388864) with jiffies: 7170063999314919849, cycles: 7170063995020247050
[    5.600163] random 0029 0000 0000 e7f555d9 e8ce5c3c: add_disk_randomness(8:0) e7f555d9 e8ce5c3c
[    5.600166] random 0029 0000 0000 e7f555d9 e8ce5c3c: add_timer_randomness(.. 8388864) with jiffies: 7171073591507386793, cycles: 7171073587212713994
[    5.600313] random 0029 0000 0000 e7f555d9 e8ce5c3c: add_disk_randomness(8:0) e7f555d9 e8ce5c3c
[    5.600316] random 0029 0000 0000 e7f555d9 e8ce5c3c: add_timer_randomness(.. 8388864) with jiffies: 7172425694456807849, cycles: 7172425690162135050
[    5.600431] random 0029 0000 0000 e7f555d9 e8ce5c3c: add_disk_randomness(8:0) e7f555d9 e8ce5c3c
[    5.600434] random 0029 0000 0000 e7f555d9 e8ce5c3c: add_timer_randomness(.. 8388864) with jiffies: 7173489355992564137, cycles: 7173489351697891338
[    5.600678] random 0029 0000 0000 e7f555d9 e8ce5c3c: rand_read_num 10 get_random_bytes(4): sig ffffff72 e7f555d9 e8ce5c3c
[    5.600681] random 0029 0000 0000 e7f555d9 e8ce5c3c: extract_entropy(.. 4 ..)
[    5.600683] random 0029 0000 0000 e7f555d9 e8ce5c3c: going to reseed nonblocking with 64 bits (32 of 0 requested)
[    5.600685] random 0029 0000 0000 e7f555d9 e8ce5c3c: extract_entropy(.. 8 ..)
[    5.600687] random 0029 0000 0000 e7f555d9 e8ce5c3c: trying to extract 64 bits from input
[    5.600690] random 0029 0000 0000 e7f555d9 e8ce5c3c: debiting 0 entropy credits from input
[    5.600691] random 0029 0000 0000 e7f555d9 e8ce5c3c: extract_entropy account returned: 0 
[    5.600695] random 0029 0000 0000 e7f555d9 e8ce5c3c: urand_change_num 45 xfer_secondary_pool(4): pool_sig ffffff72, data_sig 00000000, bytes_mixed 0 e7f555d9 e8ce5c3c
[    5.600697] random 0029 0000 0000 e7f555d9 e8ce5c3c: trying to extract 32 bits from nonblocking
[    5.600700] random 0029 0000 0000 e7f555d9 e8ce5c3c: debiting 32 entropy credits from nonblocking (unlimited)
[    5.600702] random 0029 0000 0000 e7f555d9 e8ce5c3c: extract_entropy account returned: 4 
[    5.600706] random 0029 0000 0000 e7f555d9 e8ce5c3c: urand_change_num 46 extract_buf: pool_sig ffffff72, data_sig ffffff72, bytes_mixed 20 e7f555d9 e8ce5c3c
[    5.612270] random 0029 0000 0000 91716c54 eeb6a1e7: add_disk_randomness(8:0) 91716c54 eeb6a1e7
[    5.612273] random 0029 0000 0000 91716c54 eeb6a1e7: add_timer_randomness(.. 8388864) with jiffies: 7279994992926097845, cycles: 7279994988631425034
[    5.612276] random 0029 0000 0000 91716c54 eeb6a1e7: added 3 entropy credits to input
[    5.630544] random 0032 0000 0000 91716c54 eeb6a1e7: add_disk_randomness(8:0) 91716c54 eeb6a1e7
[    5.630548] random 0032 0000 0000 91716c54 eeb6a1e7: add_timer_randomness(.. 8388864) with jiffies: 7444398167694213576, cycles: 7444398163399540746
[    5.630550] random 0032 0000 0000 91716c54 eeb6a1e7: added 2 entropy credits to input
[    5.635197] EXT4-fs (sda2): mounted filesystem with ordered data mode
[    5.635411] VFS: Mounted root (ext4 filesystem) readonly on device 8:2.
[    5.635514] Freeing unused kernel memory: 448k freed
[    5.655692] random 0034 0000 0000 91716c54 eeb6a1e7: add_disk_randomness(8:0) 91716c54 eeb6a1e7
[    5.655695] random 0034 0000 0000 91716c54 eeb6a1e7: add_timer_randomness(.. 8388864) with jiffies: 7670651143562428897, cycles: 7670651139267756042
[    5.656420] random 0034 0000 0000 91716c54 eeb6a1e7: add_disk_randomness(8:0) 91716c54 eeb6a1e7
[    5.656423] random 0034 0000 0000 91716c54 eeb6a1e7: add_timer_randomness(.. 8388864) with jiffies: 7677207952305652193, cycles: 7677207948010979338
[    5.661147] random 0034 0000 0000 91716c54 eeb6a1e7: add_disk_randomness(8:0) 91716c54 eeb6a1e7
[    5.661150] random 0034 0000 0000 91716c54 eeb6a1e7: add_timer_randomness(.. 8388864) with jiffies: 7719732316129165798, cycles: 7719732311834492938
[    5.661152] random 0034 0000 0000 91716c54 eeb6a1e7: added 2 entropy credits to input
[    5.669347] random 0036 0000 0000 91716c54 eeb6a1e7: add_disk_randomness(8:0) 91716c54 eeb6a1e7
[    5.669350] random 0036 0000 0000 91716c54 eeb6a1e7: add_timer_randomness(.. 8388864) with jiffies: 7793508919287710190, cycles: 7793508914993037322
[    5.669352] random 0036 0000 0000 91716c54 eeb6a1e7: added 1 entropy credits to input
[    5.672771] random 0037 0000 0000 91716c54 eeb6a1e7: add_disk_randomness(8:0) 91716c54 eeb6a1e7
[    5.672774] random 0037 0000 0000 91716c54 eeb6a1e7: add_timer_randomness(.. 8388864) with jiffies: 7824306218506879474, cycles: 7824306214212206602
[    5.672776] random 0037 0000 0000 91716c54 eeb6a1e7: added 2 entropy credits to input
[    5.681667] random 0039 0000 0000 91716c54 eeb6a1e7: add_disk_randomness(8:0) 91716c54 eeb6a1e7
[    5.681670] random 0039 0000 0000 91716c54 eeb6a1e7: add_timer_randomness(.. 8388864) with jiffies: 7904344652054757883, cycles: 7904344647760085002
[    5.681673] random 0039 0000 0000 91716c54 eeb6a1e7: added 2 entropy credits to input
[    5.686621] random 0041 0000 0000 91716c54 eeb6a1e7: add_disk_randomness(8:0) 91716c54 eeb6a1e7
[    5.686624] random 0041 0000 0000 91716c54 eeb6a1e7: add_timer_randomness(.. 8388864) with jiffies: 7948914713096323584, cycles: 7948914708801650698
[    5.686627] random 0041 0000 0000 91716c54 eeb6a1e7: added 2 entropy credits to input
[    5.694698] random 0043 0000 0000 91716c54 eeb6a1e7: add_disk_randomness(8:0) 91716c54 eeb6a1e7
[    5.694701] random 0043 0000 0000 91716c54 eeb6a1e7: add_timer_randomness(.. 8388864) with jiffies: 8021584769470661128, cycles: 8021584765175988234
[    5.694704] random 0043 0000 0000 91716c54 eeb6a1e7: added 1 entropy credits to input
[    5.694727] RANDOM get_random_int call with cycles 44817398283, jiffies 4294672904 and pid 1
[    5.694730] RANDOM get_random_int call with cycles 44817405129, jiffies 4294672904 and pid 1
[    5.694732] ASLR stack rand value: 7913472 after shift for pid: 1
[    5.694733] RANDOM get_random_int call with cycles 44817413182, jiffies 4294672904 and pid 1
[    5.706347] random 0044 0000 0000 91716c54 eeb6a1e7: add_disk_randomness(8:0) 91716c54 eeb6a1e7
[    5.706350] random 0044 0000 0000 91716c54 eeb6a1e7: add_timer_randomness(.. 8388864) with jiffies: 8126395251531940371, cycles: 8126395247237267466
[    5.706360] RANDOM get_random_int call with cycles 44841770085, jiffies 4294672915 and pid 1
[    5.706366] random 0044 0000 0000 91716c54 eeb6a1e7: rand_read_num 11 get_random_bytes(16): sig fffffcad 91716c54 eeb6a1e7
[    5.706368] random 0044 0000 0000 91716c54 eeb6a1e7: extract_entropy(.. 16 ..)
[    5.706371] random 0044 0000 0000 91716c54 eeb6a1e7: going to reseed nonblocking with 128 bits (128 of 0 requested)
[    5.706373] random 0044 0000 0000 91716c54 eeb6a1e7: extract_entropy(.. 16 ..)
[    5.706375] random 0044 0000 0000 91716c54 eeb6a1e7: trying to extract 128 bits from input
[    5.706378] random 0044 0000 0000 91716c54 eeb6a1e7: debiting 0 entropy credits from input
[    5.706380] random 0044 0000 0000 91716c54 eeb6a1e7: extract_entropy account returned: 0 
[    5.706383] random 0044 0000 0000 91716c54 eeb6a1e7: urand_change_num 47 xfer_secondary_pool(16): pool_sig fffffcad, data_sig 00000000, bytes_mixed 0 91716c54 eeb6a1e7
[    5.706386] random 0044 0000 0000 91716c54 eeb6a1e7: trying to extract 128 bits from nonblocking
[    5.706388] random 0044 0000 0000 91716c54 eeb6a1e7: debiting 128 entropy credits from nonblocking (unlimited)
[    5.706390] random 0044 0000 0000 91716c54 eeb6a1e7: extract_entropy account returned: 16 
[    5.706395] random 0044 0000 0000 91716c54 eeb6a1e7: urand_change_num 48 extract_buf: pool_sig fffffcad, data_sig ffffff19, bytes_mixed 20 91716c54 eeb6a1e7
[    5.706400] random 0044 0000 0000 fd637b06 6cf47bc1: urand_change_num 49 extract_buf: pool_sig fffffede, data_sig ffffffc1, bytes_mixed 20 fd637b06 6cf47bc1
[    5.707356] random 0044 0000 0000 fd637b06 6cf47bc1: add_disk_randomness(8:0) fd637b06 6cf47bc1
[    5.707359] random 0044 0000 0000 fd637b06 6cf47bc1: add_timer_randomness(.. 8388864) with jiffies: 8135478222599717396, cycles: 8135478218305044490
[    5.708557] random 0044 0000 0000 fd637b06 6cf47bc1: add_disk_randomness(8:0) fd637b06 6cf47bc1
[    5.708560] random 0044 0000 0000 fd637b06 6cf47bc1: add_timer_randomness(.. 8388864) with jiffies: 8146270874119143958, cycles: 8146270869824471050
[    5.709710] random 0044 0000 0000 fd637b06 6cf47bc1: add_disk_randomness(8:0) fd637b06 6cf47bc1
[    5.709713] random 0044 0000 0000 fd637b06 6cf47bc1: add_timer_randomness(.. 8388864) with jiffies: 8156642636023431703, cycles: 8156642631728758794
[    5.710583] random 0044 0000 0000 fd637b06 6cf47bc1: add_disk_randomness(8:0) fd637b06 6cf47bc1
[    5.710585] random 0044 0000 0000 fd637b06 6cf47bc1: add_timer_randomness(.. 8388864) with jiffies: 8164491568497787416, cycles: 8164491564203114506
[    5.710771] random 0044 0000 0000 fd637b06 6cf47bc1: add_disk_randomness(8:0) fd637b06 6cf47bc1
[    5.710774] random 0044 0000 0000 fd637b06 6cf47bc1: add_timer_randomness(.. 8388864) with jiffies: 8166193311849873944, cycles: 8166193307555201034
[    5.710985] random 0044 0000 0000 fd637b06 6cf47bc1: add_disk_randomness(8:0) fd637b06 6cf47bc1
[    5.710988] random 0044 0000 0000 fd637b06 6cf47bc1: add_timer_randomness(.. 8388864) with jiffies: 8168118642609455640, cycles: 8168118638314782730
[    5.721408] random 0044 0000 0000 fd637b06 6cf47bc1: add_disk_randomness(8:0) fd637b06 6cf47bc1
[    5.721411] random 0044 0000 0000 fd637b06 6cf47bc1: add_timer_randomness(.. 8388864) with jiffies: 8261899442496176674, cycles: 8261899438201503754
[    5.721414] random 0044 0000 0000 fd637b06 6cf47bc1: added 3 entropy credits to input
[    5.721904] random 0047 0000 0000 fd637b06 6cf47bc1: add_disk_randomness(8:0) fd637b06 6cf47bc1
[    5.721908] random 0047 0000 0000 fd637b06 6cf47bc1: add_timer_randomness(.. 8388864) with jiffies: 8266359370896081443, cycles: 8266359366601408522
[    5.731590] random 0047 0000 0000 fd637b06 6cf47bc1: add_disk_randomness(8:0) fd637b06 6cf47bc1
[    5.731594] random 0047 0000 0000 fd637b06 6cf47bc1: add_timer_randomness(.. 8388864) with jiffies: 8353498712529142317, cycles: 8353498708234469386
[    5.731596] random 0047 0000 0000 fd637b06 6cf47bc1: added 3 entropy credits to input
[    5.731649] RANDOM get_random_int call with cycles 44894741010, jiffies 4294672941 and pid 1
[    5.736195] random 0050 0000 0000 fd637b06 6cf47bc1: add_disk_randomness(8:0) fd637b06 6cf47bc1
[    5.736199] random 0050 0000 0000 fd637b06 6cf47bc1: add_timer_randomness(.. 8388864) with jiffies: 8394938579930546737, cycles: 8394938575635873802
[    5.736202] random 0050 0000 0000 fd637b06 6cf47bc1: added 2 entropy credits to input
[    5.749023] random 0052 0000 0000 fd637b06 6cf47bc1: add_disk_randomness(8:0) fd637b06 6cf47bc1
[    5.749026] random 0052 0000 0000 fd637b06 6cf47bc1: add_timer_randomness(.. 8388864) with jiffies: 8510347211622285886, cycles: 8510347207327612938
[    5.749029] random 0052 0000 0000 fd637b06 6cf47bc1: added 3 entropy credits to input
[    5.749125] random 0055 0000 0000 fd637b06 6cf47bc1: add_disk_randomness(8:0) fd637b06 6cf47bc1
[    5.749128] random 0055 0000 0000 fd637b06 6cf47bc1: add_timer_randomness(.. 8388864) with jiffies: 8511258174185767486, cycles: 8511258169891094538
[    5.751324] random 0055 0000 0000 fd637b06 6cf47bc1: add_disk_randomness(8:0) fd637b06 6cf47bc1
[    5.751327] random 0055 0000 0000 fd637b06 6cf47bc1: add_timer_randomness(.. 8388864) with jiffies: 8531053931856101952, cycles: 8531053927561429002
[    5.751330] random 0055 0000 0000 fd637b06 6cf47bc1: added 1 entropy credits to input
[    5.751572] random 0056 0000 0000 fd637b06 6cf47bc1: add_disk_randomness(8:0) fd637b06 6cf47bc1
[    5.751575] random 0056 0000 0000 fd637b06 6cf47bc1: add_timer_randomness(.. 8388864) with jiffies: 8533272170795336257, cycles: 8533272166500663306
[    5.751752] random 0056 0000 0000 fd637b06 6cf47bc1: add_disk_randomness(8:0) fd637b06 6cf47bc1
[    5.751755] random 0056 0000 0000 fd637b06 6cf47bc1: add_timer_randomness(.. 8388864) with jiffies: 8534890209529791041, cycles: 8534890205235118090
[    5.754880] random 0056 0000 0000 fd637b06 6cf47bc1: add_disk_randomness(8:0) fd637b06 6cf47bc1
[    5.754883] random 0056 0000 0000 fd637b06 6cf47bc1: add_timer_randomness(.. 8388864) with jiffies: 8563039584101564996, cycles: 8563039579806892042
[    5.754886] random 0056 0000 0000 fd637b06 6cf47bc1: added 1 entropy credits to input
[    5.756890] random 0057 0000 0000 fd637b06 6cf47bc1: add_disk_randomness(8:0) fd637b06 6cf47bc1
[    5.756893] random 0057 0000 0000 fd637b06 6cf47bc1: add_timer_randomness(.. 8388864) with jiffies: 8581122100792361542, cycles: 8581122096497688586
[    5.764723] random 0057 0000 0000 fd637b06 6cf47bc1: add_disk_randomness(8:0) fd637b06 6cf47bc1
[    5.764726] random 0057 0000 0000 fd637b06 6cf47bc1: add_timer_randomness(.. 8388864) with jiffies: 8651588168928952910, cycles: 8651588164634279946
[    5.764729] random 0057 0000 0000 fd637b06 6cf47bc1: added 2 entropy credits to input
[    5.764860] random 0059 0000 0000 fd637b06 6cf47bc1: add_disk_randomness(8:0) fd637b06 6cf47bc1
[    5.764863] random 0059 0000 0000 fd637b06 6cf47bc1: add_timer_randomness(.. 8388864) with jiffies: 8652824462380204622, cycles: 8652824458085531658
[    5.768418] random 0059 0000 0000 fd637b06 6cf47bc1: add_disk_randomness(8:0) fd637b06 6cf47bc1
[    5.768421] random 0059 0000 0000 fd637b06 6cf47bc1: add_timer_randomness(.. 8388864) with jiffies: 8684841412052353617, cycles: 8684841407757680650
[    5.768423] random 0059 0000 0000 fd637b06 6cf47bc1: added 1 entropy credits to input
[    5.772917] random 0060 0000 0000 fd637b06 6cf47bc1: add_disk_randomness(8:0) fd637b06 6cf47bc1
[    5.772920] random 0060 0000 0000 fd637b06 6cf47bc1: add_timer_randomness(.. 8388864) with jiffies: 8725313812300530262, cycles: 8725313808005857290
[    5.778493] random 0060 0000 0000 fd637b06 6cf47bc1: add_disk_randomness(8:0) fd637b06 6cf47bc1
[    5.778496] random 0060 0000 0000 fd637b06 6cf47bc1: add_timer_randomness(.. 8388864) with jiffies: 8775489540102783579, cycles: 8775489535808110602
[    5.784774] random 0060 0000 0000 fd637b06 6cf47bc1: add_disk_randomness(8:0) fd637b06 6cf47bc1
[    5.784777] random 0060 0000 0000 fd637b06 6cf47bc1: add_timer_randomness(.. 8388864) with jiffies: 8831983242106864226, cycles: 8831983237812191242
[    5.784779] random 0060 0000 0000 fd637b06 6cf47bc1: added 1 entropy credits to input
[    5.784789] random 0061 0000 0000 fd637b06 6cf47bc1: rand_read_num 12 get_random_bytes(16): sig 0000033b fd637b06 6cf47bc1
[    5.784792] random 0061 0000 0000 fd637b06 6cf47bc1: extract_entropy(.. 16 ..)
[    5.784794] random 0061 0000 0000 fd637b06 6cf47bc1: going to reseed nonblocking with 128 bits (128 of 0 requested)
[    5.784797] random 0061 0000 0000 fd637b06 6cf47bc1: extract_entropy(.. 16 ..)
[    5.784799] random 0061 0000 0000 fd637b06 6cf47bc1: trying to extract 128 bits from input
[    5.784801] random 0061 0000 0000 fd637b06 6cf47bc1: debiting 0 entropy credits from input
[    5.784803] random 0061 0000 0000 fd637b06 6cf47bc1: extract_entropy account returned: 0 
[    5.784806] random 0061 0000 0000 fd637b06 6cf47bc1: urand_change_num 50 xfer_secondary_pool(16): pool_sig 0000033b, data_sig 00000000, bytes_mixed 0 fd637b06 6cf47bc1
[    5.784809] random 0061 0000 0000 fd637b06 6cf47bc1: trying to extract 128 bits from nonblocking
[    5.784811] random 0061 0000 0000 fd637b06 6cf47bc1: debiting 128 entropy credits from nonblocking (unlimited)
[    5.784814] random 0061 0000 0000 fd637b06 6cf47bc1: extract_entropy account returned: 16 
[    5.784818] random 0061 0000 0000 fd637b06 6cf47bc1: urand_change_num 51 extract_buf: pool_sig 0000033b, data_sig 000000d8, bytes_mixed 20 fd637b06 6cf47bc1
[    5.784824] random 0061 0000 0000 0ec1f012 d4727ca8: urand_change_num 52 extract_buf: pool_sig fffffcf5, data_sig 00000016, bytes_mixed 20 0ec1f012 d4727ca8
[    5.791519] random 0061 0000 0000 45b1d0b1 845a73f7: add_disk_randomness(8:0) 45b1d0b1 845a73f7
[    5.791522] random 0061 0000 0000 45b1d0b1 845a73f7: add_timer_randomness(.. 8388864) with jiffies: 8892683070008427112, cycles: 8892683065713754122
[    5.798747] random 0061 0000 0000 45b1d0b1 845a73f7: add_disk_randomness(8:0) 45b1d0b1 845a73f7
[    5.798750] random 0061 0000 0000 45b1d0b1 845a73f7: add_timer_randomness(.. 8388864) with jiffies: 8957704644327080560, cycles: 8957704640032407562
[    5.798753] random 0061 0000 0000 45b1d0b1 845a73f7: added 1 entropy credits to input
[    5.804340] random 0062 0000 0000 45b1d0b1 845a73f7: add_disk_randomness(8:0) 45b1d0b1 845a73f7
[    5.804343] random 0062 0000 0000 45b1d0b1 845a73f7: add_timer_randomness(.. 8388864) with jiffies: 9008026263578444405, cycles: 9008026259283771402
[    5.804345] random 0062 0000 0000 45b1d0b1 845a73f7: added 1 entropy credits to input
[    5.816164] random 0063 0000 0000 45b1d0b1 845a73f7: add_disk_randomness(8:0) 45b1d0b1 845a73f7
[    5.816166] random 0063 0000 0000 45b1d0b1 845a73f7: add_timer_randomness(.. 8388864) with jiffies: 9114401208952128129, cycles: 9114401204657455114
[    5.816169] random 0063 0000 0000 45b1d0b1 845a73f7: added 2 entropy credits to input
[    5.819308] random 0065 0000 0000 45b1d0b1 845a73f7: add_disk_randomness(8:0) 45b1d0b1 845a73f7
[    5.819311] random 0065 0000 0000 45b1d0b1 845a73f7: add_timer_randomness(.. 8388864) with jiffies: 9142691153508532868, cycles: 9142691149213859850
[    5.819314] random 0065 0000 0000 45b1d0b1 845a73f7: added 1 entropy credits to input
[    5.833581] random 0066 0000 0000 45b1d0b1 845a73f7: add_disk_randomness(8:0) 45b1d0b1 845a73f7
[    5.833584] random 0066 0000 0000 45b1d0b1 845a73f7: add_timer_randomness(.. 8388864) with jiffies: 9271092452112695955, cycles: -9175651625891528694
[    5.833587] random 0066 0000 0000 45b1d0b1 845a73f7: added 3 entropy credits to input
[    5.838974] random 0069 0000 0000 45b1d0b1 845a73f7: add_disk_randomness(8:0) 45b1d0b1 845a73f7
[    5.838977] random 0069 0000 0000 45b1d0b1 845a73f7: add_timer_randomness(.. 8388864) with jiffies: 9319624388556587672, cycles: -9127119689447636982
[    5.838980] random 0069 0000 0000 45b1d0b1 845a73f7: added 2 entropy credits to input
[    5.844148] random 0071 0000 0000 45b1d0b1 845a73f7: add_disk_randomness(8:0) 45b1d0b1 845a73f7
[    5.844151] random 0071 0000 0000 45b1d0b1 845a73f7: add_timer_randomness(.. 8388864) with jiffies: 9366175026522063517, cycles: -9080569051482161142
[    5.852376] random 0071 0000 0000 45b1d0b1 845a73f7: add_disk_randomness(8:0) 45b1d0b1 845a73f7
[    5.852379] random 0071 0000 0000 45b1d0b1 845a73f7: add_timer_randomness(.. 8388864) with jiffies: 9440204444340552357, cycles: -9006539633663672310
[    5.852382] random 0071 0000 0000 45b1d0b1 845a73f7: added 1 entropy credits to input
[    5.861976] random 0072 0000 0000 45b1d0b1 845a73f7: add_disk_randomness(8:0) 45b1d0b1 845a73f7
[    5.861979] random 0072 0000 0000 45b1d0b1 845a73f7: add_timer_randomness(.. 8388864) with jiffies: 9526568522901848751, cycles: -8920175555102375926
[    5.881481] random 0072 0000 0000 45b1d0b1 845a73f7: add_disk_randomness(8:0) 45b1d0b1 845a73f7
[    5.881484] random 0072 0000 0000 45b1d0b1 845a73f7: add_timer_randomness(.. 8388864) with jiffies: 9702057974628582082, cycles: -8744686103375642614
[    5.881487] random 0072 0000 0000 45b1d0b1 845a73f7: added 2 entropy credits to input
[    5.894765] random 0074 0000 0000 45b1d0b1 845a73f7: add_disk_randomness(8:0) 45b1d0b1 845a73f7
[    5.894768] random 0074 0000 0000 45b1d0b1 845a73f7: add_timer_randomness(.. 8388864) with jiffies: 9821559577009423056, cycles: -8625184500994801654
[    5.894770] random 0074 0000 0000 45b1d0b1 845a73f7: added 2 entropy credits to input
[    5.902786] random 0076 0000 0000 45b1d0b1 845a73f7: add_disk_randomness(8:0) 45b1d0b1 845a73f7
[    5.902789] random 0076 0000 0000 45b1d0b1 845a73f7: add_timer_randomness(.. 8388864) with jiffies: 9893729188089397976, cycles: -8553014889914826742
[    5.912801] random 0076 0000 0000 45b1d0b1 845a73f7: add_disk_randomness(8:0) 45b1d0b1 845a73f7
[    5.912804] random 0076 0000 0000 45b1d0b1 845a73f7: add_timer_randomness(.. 8388864) with jiffies: 9983830691357098722, cycles: -8462913386647126006
[    5.912807] random 0076 0000 0000 45b1d0b1 845a73f7: added 1 entropy credits to input
[    5.925690] random 0077 0000 0000 45b1d0b1 845a73f7: add_disk_randomness(8:0) 45b1d0b1 845a73f7
[    5.925693] random 0077 0000 0000 45b1d0b1 845a73f7: add_timer_randomness(.. 8388864) with jiffies: 10099790856979186415, cycles: -8346953221025038326
[    5.933045] random 0077 0000 0000 45b1d0b1 845a73f7: add_disk_randomness(8:0) 45b1d0b1 845a73f7
[    5.933048] random 0077 0000 0000 45b1d0b1 845a73f7: add_timer_randomness(.. 8388864) with jiffies: 10165972875626644214, cycles: -8280771202377580534
[    5.933051] random 0077 0000 0000 45b1d0b1 845a73f7: added 2 entropy credits to input
[    5.938292] random 0079 0000 0000 45b1d0b1 845a73f7: add_disk_randomness(8:0) 45b1d0b1 845a73f7
[    5.938295] random 0079 0000 0000 45b1d0b1 845a73f7: add_timer_randomness(.. 8388864) with jiffies: 10213175210454778619, cycles: -8233568867549446134
[    5.938297] random 0079 0000 0000 45b1d0b1 845a73f7: added 1 entropy credits to input
[    5.944732] random 0080 0000 0000 45b1d0b1 845a73f7: add_disk_randomness(8:0) 45b1d0b1 845a73f7
[    5.944735] random 0080 0000 0000 45b1d0b1 845a73f7: add_timer_randomness(.. 8388864) with jiffies: 10271108237604127490, cycles: -8175635840400097270
[    5.944737] random 0080 0000 0000 45b1d0b1 845a73f7: added 1 entropy credits to input
[    5.949785] random 0081 0000 0000 45b1d0b1 845a73f7: add_disk_randomness(8:0) 45b1d0b1 845a73f7
[    5.949788] random 0081 0000 0000 45b1d0b1 845a73f7: add_timer_randomness(.. 8388864) with jiffies: 10316574692680106759, cycles: -8130169385324118006
[    5.949791] random 0081 0000 0000 45b1d0b1 845a73f7: added 1 entropy credits to input
[    5.955685] random 0082 0000 0000 45b1d0b1 845a73f7: add_disk_randomness(8:0) 45b1d0b1 845a73f7
[    5.955688] random 0082 0000 0000 45b1d0b1 845a73f7: add_timer_randomness(.. 8388864) with jiffies: 10369652242121458445, cycles: -8077091835882766326
[    5.965037] random 0082 0000 0000 45b1d0b1 845a73f7: add_disk_randomness(8:0) 45b1d0b1 845a73f7
[    5.965040] random 0082 0000 0000 45b1d0b1 845a73f7: add_timer_randomness(.. 8388864) with jiffies: 10453800516989977366, cycles: -7992943561014247414
[    5.965043] random 0082 0000 0000 45b1d0b1 845a73f7: added 1 entropy credits to input
[    5.969916] random 0083 0000 0000 45b1d0b1 845a73f7: add_disk_randomness(8:0) 45b1d0b1 845a73f7
[    5.969919] random 0083 0000 0000 45b1d0b1 845a73f7: add_timer_randomness(.. 8388864) with jiffies: 10497689250189509403, cycles: -7949054827814715382
[    5.969921] random 0083 0000 0000 45b1d0b1 845a73f7: added 2 entropy credits to input
[    5.977350] random 0085 0000 0000 45b1d0b1 845a73f7: add_disk_randomness(8:0) 45b1d0b1 845a73f7
[    5.977353] random 0085 0000 0000 45b1d0b1 845a73f7: add_timer_randomness(.. 8388864) with jiffies: 10564576854654288674, cycles: -7882167223349936118
[    5.977355] random 0085 0000 0000 45b1d0b1 845a73f7: added 1 entropy credits to input
[    5.983569] random 0086 0000 0000 45b1d0b1 845a73f7: add_disk_randomness(8:0) 45b1d0b1 845a73f7
[    5.983572] random 0086 0000 0000 45b1d0b1 845a73f7: add_timer_randomness(.. 8388864) with jiffies: 10620522450111922985, cycles: -7826221627892301814
[    5.983725] random 0086 0000 0000 45b1d0b1 845a73f7: add_disk_randomness(8:0) 45b1d0b1 845a73f7
[    5.983728] random 0086 0000 0000 45b1d0b1 845a73f7: add_timer_randomness(.. 8388864) with jiffies: 10621926144208503593, cycles: -7824817933795721206
[    5.998131] random 0086 0000 0000 45b1d0b1 845a73f7: add_disk_randomness(8:0) 45b1d0b1 845a73f7
[    5.998134] random 0086 0000 0000 45b1d0b1 845a73f7: add_timer_randomness(.. 8388864) with jiffies: 10751542901377565495, cycles: -7695201176626659318
[    5.998137] random 0086 0000 0000 45b1d0b1 845a73f7: added 3 entropy credits to input
[    6.005552] random 0089 0000 0000 45b1d0b1 845a73f7: add_disk_randomness(8:0) 45b1d0b1 845a73f7
[    6.005555] random 0089 0000 0000 45b1d0b1 845a73f7: add_timer_randomness(.. 8388864) with jiffies: 10818296661776499519, cycles: -7628447416227725302
[    6.005557] random 0089 0000 0000 45b1d0b1 845a73f7: added 2 entropy credits to input
[    6.015231] random 0091 0000 0000 45b1d0b1 845a73f7: add_disk_randomness(8:0) 45b1d0b1 845a73f7
[    6.015235] random 0091 0000 0000 45b1d0b1 845a73f7: add_timer_randomness(.. 8388864) with jiffies: 10905394694414107464, cycles: -7541349383590117366
[    6.025862] random 0091 0000 0000 45b1d0b1 845a73f7: add_disk_randomness(8:0) 45b1d0b1 845a73f7
[    6.025865] random 0091 0000 0000 45b1d0b1 845a73f7: add_timer_randomness(.. 8388864) with jiffies: 11001024477721756499, cycles: -7445719600282468342
[    6.038380] random 0091 0000 0000 45b1d0b1 845a73f7: add_disk_randomness(8:0) 45b1d0b1 845a73f7
[    6.038383] random 0091 0000 0000 45b1d0b1 845a73f7: add_timer_randomness(.. 8388864) with jiffies: 11113656924157739871, cycles: -7333087153846484982
[    6.039595] random 0091 0000 0000 45b1d0b1 845a73f7: add_disk_randomness(8:0) 45b1d0b1 845a73f7
[    6.039598] random 0091 0000 0000 45b1d0b1 845a73f7: add_timer_randomness(.. 8388864) with jiffies: 11124576930047427425, cycles: -7322167147956797430
[    6.039600] random 0091 0000 0000 45b1d0b1 845a73f7: added 1 entropy credits to input
[    6.043605] random 0092 0000 0000 45b1d0b1 845a73f7: add_disk_randomness(8:0) 45b1d0b1 845a73f7
[    6.043608] random 0092 0000 0000 45b1d0b1 845a73f7: add_timer_randomness(.. 8388864) with jiffies: 11160654114167948133, cycles: -7286089963836276726
[    6.043610] random 0092 0000 0000 45b1d0b1 845a73f7: added 1 entropy credits to input
[    6.052948] random 0093 0000 0000 45b1d0b1 845a73f7: add_disk_randomness(8:0) 45b1d0b1 845a73f7
[    6.052951] random 0093 0000 0000 45b1d0b1 845a73f7: add_timer_randomness(.. 8388864) with jiffies: 11244718912052101998, cycles: -7202025165952122870
[    6.052954] random 0093 0000 0000 45b1d0b1 845a73f7: added 1 entropy credits to input
[    6.053291] random 0094 0000 0000 45b1d0b1 845a73f7: add_disk_randomness(8:0) 45b1d0b1 845a73f7
[    6.053294] random 0094 0000 0000 45b1d0b1 845a73f7: add_timer_randomness(.. 8388864) with jiffies: 11247811314275025774, cycles: -7198932763729199094
[    6.068953] random 0094 0000 0000 45b1d0b1 845a73f7: add_disk_randomness(8:0) 45b1d0b1 845a73f7
[    6.068956] random 0094 0000 0000 45b1d0b1 845a73f7: add_timer_randomness(.. 8388864) with jiffies: 11388717470291035006, cycles: -7058026607713189878
[    6.068959] random 0094 0000 0000 45b1d0b1 845a73f7: added 4 entropy credits to input
[    6.070590] random 0098 0000 0000 45b1d0b1 845a73f7: add_disk_randomness(8:0) 45b1d0b1 845a73f7
[    6.070593] random 0098 0000 0000 45b1d0b1 845a73f7: add_timer_randomness(.. 8388864) with jiffies: 11403435064789009280, cycles: -7043309013215215606
[    6.070595] random 0098 0000 0000 45b1d0b1 845a73f7: added 1 entropy credits to input
[    6.070744] random 0099 0000 0000 45b1d0b1 845a73f7: add_disk_randomness(8:0) 45b1d0b1 845a73f7
[    6.070747] random 0099 0000 0000 45b1d0b1 845a73f7: add_timer_randomness(.. 8388864) with jiffies: 11404828566928196480, cycles: -7041915511076028406
[    6.081610] random 0099 0000 0000 45b1d0b1 845a73f7: add_disk_randomness(8:0) 45b1d0b1 845a73f7
[    6.081613] random 0099 0000 0000 45b1d0b1 845a73f7: add_timer_randomness(.. 8388864) with jiffies: 11502580532231504779, cycles: -6944163545772720118
[    6.081615] random 0099 0000 0000 45b1d0b1 845a73f7: added 3 entropy credits to input
[    6.082175] random 0102 0000 0000 45b1d0b1 845a73f7: add_disk_randomness(8:0) 45b1d0b1 845a73f7
[    6.082178] random 0102 0000 0000 45b1d0b1 845a73f7: add_timer_randomness(.. 8388864) with jiffies: 11507676012712002443, cycles: -6939068065292222454
[    6.087403] random 0102 0000 0000 45b1d0b1 845a73f7: add_disk_randomness(8:0) 45b1d0b1 845a73f7
[    6.087406] random 0102 0000 0000 45b1d0b1 845a73f7: add_timer_randomness(.. 8388864) with jiffies: 11554714198185051024, cycles: -6892029879819173878
[    6.087409] random 0102 0000 0000 45b1d0b1 845a73f7: added 2 entropy credits to input
[    6.089198] random 0104 0000 0000 45b1d0b1 845a73f7: add_disk_randomness(8:0) 45b1d0b1 845a73f7
[    6.089201] random 0104 0000 0000 45b1d0b1 845a73f7: add_timer_randomness(.. 8388864) with jiffies: 11570859431222281106, cycles: -6875884646781943798
[    6.089203] random 0104 0000 0000 45b1d0b1 845a73f7: added 1 entropy credits to input
[    6.099390] random 0105 0000 0000 45b1d0b1 845a73f7: add_disk_randomness(8:0) 45b1d0b1 845a73f7
[    6.099393] random 0105 0000 0000 45b1d0b1 845a73f7: add_timer_randomness(.. 8388864) with jiffies: 11662562377470804892, cycles: -6784181700533420022
[    6.099396] random 0105 0000 0000 45b1d0b1 845a73f7: added 3 entropy credits to input
[    6.113320] random 0108 0000 0000 45b1d0b1 845a73f7: add_disk_randomness(8:0) 45b1d0b1 845a73f7
[    6.113323] random 0108 0000 0000 45b1d0b1 845a73f7: add_timer_randomness(.. 8388864) with jiffies: 11787888818793448362, cycles: -6658855259210776566
