[    0.000000] random 0000 0000 0000 00000000 00000000: rand_read_num 1 get_random_bytes(8): sig 00000000 00000000 00000000
[    0.000000] random 0000 0000 0000 00000000 00000000: extract_entropy(.. 8 ..)
[    0.000000] random 0000 0000 0000 00000000 00000000: going to reseed nonblocking with 64 bits (64 of 0 requested)
[    0.000000] random 0000 0000 0000 00000000 00000000: extract_entropy(.. 8 ..)
[    0.000000] random 0000 0000 0000 00000000 00000000: trying to extract 64 bits from input
[    0.000000] random 0000 0000 0000 00000000 00000000: debiting 0 entropy credits from input
[    0.000000] random 0000 0000 0000 00000000 00000000: extract_entropy account returned: 0 
[    0.000000] random 0000 0000 0000 00000000 00000000: urand_change_num 1 xfer_secondary_pool(8): pool_sig 00000000, data_sig 00000000, bytes_mixed 0 00000000 00000000
[    0.000000] random 0000 0000 0000 00000000 00000000: trying to extract 64 bits from nonblocking
[    0.000000] random 0000 0000 0000 00000000 00000000: debiting 64 entropy credits from nonblocking (unlimited)
[    0.000000] random 0000 0000 0000 00000000 00000000: extract_entropy account returned: 8 
[    0.000000] random 0000 0000 0000 00000000 00000000: urand_change_num 2 extract_buf: pool_sig 00000000, data_sig fffffff9, bytes_mixed 20 00000000 00000000
[    0.000000] Linux version 2.6.32.57 (dcashman@dcashman-02) (gcc version 4.3.3 (GCC) ) #6 Thu May 30 09:02:12 PDT 2013
[    0.000000] KERNEL supported cpus:
[    0.000000]   Intel GenuineIntel
[    0.000000]   AMD AuthenticAMD
[    0.000000]   NSC Geode by NSC
[    0.000000]   Cyrix CyrixInstead
[    0.000000]   Centaur CentaurHauls
[    0.000000]   Transmeta GenuineTMx86
[    0.000000]   Transmeta TransmetaCPU
[    0.000000]   UMC UMC UMC UMC
[    0.000000] BIOS-provided physical RAM map:
[    0.000000]  BIOS-e820: 0000000000000000 - 000000000009d800 (usable)
[    0.000000]  BIOS-e820: 000000000009d800 - 00000000000a0000 (reserved)
[    0.000000]  BIOS-e820: 00000000000d2000 - 00000000000d4000 (reserved)
[    0.000000]  BIOS-e820: 00000000000e0000 - 0000000000100000 (reserved)
[    0.000000]  BIOS-e820: 0000000000100000 - 000000003d6b0000 (usable)
[    0.000000]  BIOS-e820: 000000003d6b0000 - 000000003d6cc000 (ACPI data)
[    0.000000]  BIOS-e820: 000000003d6cc000 - 000000003d700000 (ACPI NVS)
[    0.000000]  BIOS-e820: 000000003d700000 - 000000003e000000 (reserved)
[    0.000000]  BIOS-e820: 00000000f0000000 - 00000000f4000000 (reserved)
[    0.000000]  BIOS-e820: 00000000fec00000 - 00000000fec10000 (reserved)
[    0.000000]  BIOS-e820: 00000000fed00000 - 00000000fed00400 (reserved)
[    0.000000]  BIOS-e820: 00000000fed14000 - 00000000fed1a000 (reserved)
[    0.000000]  BIOS-e820: 00000000fed1c000 - 00000000fed90000 (reserved)
[    0.000000]  BIOS-e820: 00000000fee00000 - 00000000fee01000 (reserved)
[    0.000000]  BIOS-e820: 00000000ff000000 - 0000000100000000 (reserved)
[    0.000000] DMI present.
[    0.000000] last_pfn = 0x3d6b0 max_arch_pfn = 0x100000
[    0.000000] MTRR default type: uncachable
[    0.000000] MTRR fixed ranges enabled:
[    0.000000]   00000-9FFFF write-back
[    0.000000]   A0000-BFFFF uncachable
[    0.000000]   C0000-CFFFF write-protect
[    0.000000]   D0000-DFFFF uncachable
[    0.000000]   E0000-FFFFF write-protect
[    0.000000] MTRR variable ranges enabled:
[    0.000000]   0 base 03E000000 mask FFE000000 uncachable
[    0.000000]   1 base 000000000 mask FC0000000 write-back
[    0.000000]   2 base 03D700000 mask FFFF00000 uncachable
[    0.000000]   3 base 03D800000 mask FFF800000 uncachable
[    0.000000]   4 disabled
[    0.000000]   5 disabled
[    0.000000]   6 disabled
[    0.000000]   7 disabled
[    0.000000] initial memory mapped : 0 - 02000000
[    0.000000] init_memory_mapping: 0000000000000000-00000000377fe000
[    0.000000]  0000000000 - 0000400000 page 4k
[    0.000000]  0000400000 - 0037400000 page 2M
[    0.000000]  0037400000 - 00377fe000 page 4k
[    0.000000] kernel direct mapping tables up to 377fe000 @ 7000-c000
[    0.000000] ACPI: RSDP 000f68d0 00024 (v02 LENOVO)
[    0.000000] ACPI: XSDT 3d6bb77f 00094 (v01 LENOVO TP-7L    00002170  LTP 00000000)
[    0.000000] ACPI: FACP 3d6bb900 000F4 (v03 LENOVO TP-7L    00002170 LNVO 00000001)
[    0.000000] ACPI Warning: 32/64X length mismatch in Gpe1Block: 0/32 (20090903/tbfadt-526)
[    0.000000] ACPI Warning: Optional field Gpe1Block has zero address or length: 000000000000102C/0 (20090903/tbfadt-557)
[    0.000000] ACPI: DSDT 3d6bbd1d 0FED1 (v01 LENOVO TP-7L    00002170 MSFT 03000000)
[    0.000000] ACPI: FACS 3d6e4000 00040
[    0.000000] ACPI: SSDT 3d6bbab4 00269 (v01 LENOVO TP-7L    00002170 MSFT 03000000)
[    0.000000] ACPI: ECDT 3d6cbbee 00052 (v01 LENOVO TP-7L    00002170 LNVO 00000001)
[    0.000000] ACPI: TCPA 3d6cbc40 00032 (v02 LENOVO TP-7L    00002170 LNVO 00000001)
[    0.000000] ACPI: APIC 3d6cbc72 00068 (v01 LENOVO TP-7L    00002170 LNVO 00000001)
[    0.000000] ACPI: MCFG 3d6cbcda 0003C (v01 LENOVO TP-7L    00002170 LNVO 00000001)
[    0.000000] ACPI: HPET 3d6cbd16 00038 (v01 LENOVO TP-7L    00002170 LNVO 00000001)
[    0.000000] ACPI: SLIC 3d6cbdf0 00176 (v01 LENOVO TP-7L    00002170  LTP 00000000)
[    0.000000] ACPI: BOOT 3d6cbf66 00028 (v01 LENOVO TP-7L    00002170  LTP 00000001)
[    0.000000] ACPI: ASF! 3d6cbf8e 00072 (v16 LENOVO TP-7L    00002170 PTL  00000001)
[    0.000000] ACPI: SSDT 3d6e26d9 0025F (v01 LENOVO TP-7L    00002170 INTL 20050513)
[    0.000000] ACPI: SSDT 3d6e2938 000A6 (v01 LENOVO TP-7L    00002170 INTL 20050513)
[    0.000000] ACPI: SSDT 3d6e29de 004F7 (v01 LENOVO TP-7L    00002170 INTL 20050513)
[    0.000000] ACPI: SSDT 3d6e2ed5 001D8 (v01 LENOVO TP-7L    00002170 INTL 20050513)
[    0.000000] ACPI: DMI detected: Lenovo ThinkPad R61
[    0.000000] ACPI: Added _OSI(Linux)
[    0.000000] ACPI: Local APIC address 0xfee00000
[    0.000000] 94MB HIGHMEM available.
[    0.000000] 887MB LOWMEM available.
[    0.000000]   mapped low ram: 0 - 377fe000
[    0.000000]   low ram: 0 - 377fe000
[    0.000000]   node 0 low ram: 00000000 - 377fe000
[    0.000000]   node 0 bootmap 00008000 - 0000ef00
[    0.000000] (6 early reservations) ==> bootmem [0000000000 - 00377fe000]
[    0.000000]   #0 [0000000000 - 0000001000]   BIOS data page ==> [0000000000 - 0000001000]
[    0.000000]   #1 [0001000000 - 0001bdc180]    TEXT DATA BSS ==> [0001000000 - 0001bdc180]
[    0.000000]   #2 [000009d800 - 0000100000]    BIOS reserved ==> [000009d800 - 0000100000]
[    0.000000]   #3 [0001bdd000 - 0001be516c]              BRK ==> [0001bdd000 - 0001be516c]
[    0.000000]   #4 [0000007000 - 0000008000]          PGTABLE ==> [0000007000 - 0000008000]
[    0.000000]   #5 [0000008000 - 000000f000]          BOOTMAP ==> [0000008000 - 000000f000]
[    0.000000] found SMP MP-table at [c00f6900] f6900
[    0.000000] Zone PFN ranges:
[    0.000000]   DMA      0x00000000 -> 0x00001000
[    0.000000]   Normal   0x00001000 -> 0x000377fe
[    0.000000]   HighMem  0x000377fe -> 0x0003d6b0
[    0.000000] Movable zone start PFN for each node
[    0.000000] early_node_map[2] active PFN ranges
[    0.000000]     0: 0x00000000 -> 0x0000009d
[    0.000000]     0: 0x00000100 -> 0x0003d6b0
[    0.000000] On node 0 totalpages: 251469
[    0.000000] free_area_init_node: node 0, pgdat c1901ea0, node_mem_map c1be7000
[    0.000000]   DMA zone: 32 pages used for memmap
[    0.000000]   DMA zone: 0 pages reserved
[    0.000000]   DMA zone: 3965 pages, LIFO batch:0
[    0.000000]   Normal zone: 1744 pages used for memmap
[    0.000000]   Normal zone: 221486 pages, LIFO batch:31
[    0.000000]   HighMem zone: 190 pages used for memmap
[    0.000000]   HighMem zone: 24052 pages, LIFO batch:3
[    0.000000] Using APIC driver default
[    0.000000] ACPI: PM-Timer IO Port: 0x1008
[    0.000000] ACPI: Local APIC address 0xfee00000
[    0.000000] ACPI: LAPIC (acpi_id[0x00] lapic_id[0x00] enabled)
[    0.000000] ACPI: LAPIC (acpi_id[0x01] lapic_id[0x01] enabled)
[    0.000000] ACPI: NR_CPUS/possible_cpus limit of 1 reached.  Processor 1/0x1 ignored.
[    0.000000] ACPI: LAPIC_NMI (acpi_id[0x00] high edge lint[0x1])
[    0.000000] ACPI: LAPIC_NMI (acpi_id[0x01] high edge lint[0x1])
[    0.000000] ACPI: IOAPIC (id[0x01] address[0xfec00000] gsi_base[0])
[    0.000000] IOAPIC[0]: apic_id 1, version 32, address 0xfec00000, GSI 0-23
[    0.000000] ACPI: INT_SRC_OVR (bus 0 bus_irq 0 global_irq 2 dfl dfl)
[    0.000000] ACPI: INT_SRC_OVR (bus 0 bus_irq 9 global_irq 9 high level)
[    0.000000] ACPI: IRQ0 used by override.
[    0.000000] ACPI: IRQ2 used by override.
[    0.000000] ACPI: IRQ9 used by override.
[    0.000000] Using ACPI (MADT) for SMP configuration information
[    0.000000] ACPI: HPET id: 0x8086a201 base: 0xfed00000
[    0.000000] nr_irqs_gsi: 24
[    0.000000] PM: Registered nosave memory: 000000000009d000 - 000000000009e000
[    0.000000] PM: Registered nosave memory: 000000000009e000 - 00000000000a0000
[    0.000000] PM: Registered nosave memory: 00000000000a0000 - 00000000000d2000
[    0.000000] PM: Registered nosave memory: 00000000000d2000 - 00000000000d4000
[    0.000000] PM: Registered nosave memory: 00000000000d4000 - 00000000000e0000
[    0.000000] PM: Registered nosave memory: 00000000000e0000 - 0000000000100000
[    0.000000] Allocating PCI resources starting at 3e000000 (gap: 3e000000:b2000000)
[    0.000000] Built 1 zonelists in Zone order, mobility grouping on.  Total pages: 249503
[    0.000000] Kernel command line: auto BOOT_IMAGE=Linux ro root=802 vt.default_utf8=0 maxcpus=0
[    0.000000] PID hash table entries: 4096 (order: 2, 16384 bytes)
[    0.000000] Dentry cache hash table entries: 131072 (order: 7, 524288 bytes)
[    0.000000] Inode-cache hash table entries: 65536 (order: 6, 262144 bytes)
[    0.000000] Enabling fast FPU save and restore... done.
[    0.000000] Enabling unmasked SIMD FPU exception support... done.
[    0.000000] Initializing CPU#0
[    0.000000] Initializing HighMem for node 0 (000377fe:0003d6b0)
[    0.000000] Memory: 984800k/1006272k available (6915k kernel code, 20876k reserved, 2327k data, 448k init, 96968k highmem)
[    0.000000] virtual kernel memory layout:
[    0.000000]     fixmap  : 0xfffa3000 - 0xfffff000   ( 368 kB)
[    0.000000]     pkmap   : 0xff800000 - 0xffc00000   (4096 kB)
[    0.000000]     vmalloc : 0xf7ffe000 - 0xff7fe000   ( 120 MB)
[    0.000000]     lowmem  : 0xc0000000 - 0xf77fe000   ( 887 MB)
[    0.000000]       .init : 0xc1907000 - 0xc1977000   ( 448 kB)
[    0.000000]       .data : 0xc16c0d3f - 0xc1906c64   (2327 kB)
[    0.000000]       .text : 0xc1000000 - 0xc16c0d3f   (6915 kB)
[    0.000000] Checking if this processor honours the WP bit even in supervisor mode...Ok.
[    0.000000] SLUB: Genslabs=13, HWalign=64, Order=0-3, MinObjects=0, CPUs=1, Nodes=1
[    0.000000] Hierarchical RCU implementation.
[    0.000000] NR_IRQS:288
[    0.000000] Extended CMOS year: 2000
[    0.000000] Console: colour VGA+ 80x25
[    0.000000] console [tty0] enabled
[    0.000000] hpet clockevent registered
[    0.000000] Fast TSC calibration using PIT
[    0.000000] Detected 2095.090 MHz processor.
[    0.002002] Calibrating delay loop (skipped), value calculated using timer frequency.. 4190.18 BogoMIPS (lpj=2095090)
[    0.002172] Security Framework initialized
[    0.002257] Mount-cache hash table entries: 512
[    0.002402] CPU: L1 I cache: 32K, L1 D cache: 32K
[    0.002530] CPU: L2 cache: 3072K
[    0.002614] mce: CPU supports 6 MCE banks
[    0.002700] CPU0: Thermal monitoring enabled (TM2)
[    0.002787] using mwait in idle threads.
[    0.002868] CPU: Intel(R) Core(TM)2 Duo CPU     T8100  @ 2.10GHz stepping 06
[    0.003128] Checking 'hlt' instruction... OK.
[    0.007937] ACPI: Core revision 20090903
[    0.027009] RANDOM get_random_int first call with cycles 32705544616, jiffies 4294667323 and pid 0
[    0.027017] CANARY value: 24aa204 for PID: 1
[    0.027023] CANARY value: 733b74cf for PID: 2
[    0.027045] Enabling APIC mode:  Flat.  Using 1 I/O APICs
[    0.027507] ..TIMER: vector=0x30 apic1=0 pin1=2 apic2=-1 pin2=-1
[    0.037997] xor: automatically using best checksumming function: pIII_sse
[    0.041998]    pIII_sse  :  8568.000 MB/sec
[    0.042085] xor: using function: pIII_sse (8568.000 MB/sec)
[    0.042175] RANDOM - __seed init called.
[    0.042176] RANDOM - __seed init called.
[    0.042177] RANDOM - __seed init called.
[    0.042179] RANDOM - __random32 called. Change num 1.  Value: f7943846	49e73df3	af36cd0d
[    0.042180] RANDOM - __random32 called. Change num 2.  Value: 43846e13	9e73df37	9a1ad014
[    0.042182] RANDOM - __random32 called. Change num 3.  Value: 46e139c8	e73df373	a029598a
[    0.042184] RANDOM - __random32 called. Change num 4.  Value: 139c8c3b	73df373d	b3142c72
[    0.042186] RANDOM - __random32 called. Change num 5.  Value: c8c3b043	3df373de	58e576a9
[    0.042187] RANDOM - __random32 called. Change num 6.  Value: 3b0437d9	df373de5	ed53f9d8
[    0.042189] RANDOM - random32 init called.  Value: 3b0437d9	df373de5	ed53f9d8
[    0.042206] NET: Registered protocol family 16
[    0.042469] ACPI FADT declares the system doesn't support PCIe ASPM, so disable it
[    0.042590] ACPI: bus type pci registered
[    0.042762] PCI: MCFG configuration 0: base f0000000 segment 0 buses 0 - 63
[    0.042853] PCI: MCFG area at f0000000 reserved in E820
[    0.042942] PCI: Using MMCONFIG for extended config space
[    0.043002] PCI: Using configuration type 1 for base access
[    0.046134] bio: create slab <bio-0> at 0
[    0.046943] ACPI: EC: EC description table is found, configuring boot EC
[    0.052106] ACPI: BIOS _OSI(Linux) query honored via DMI
[    0.052827] random 0000 0000 0000 00000000 00000000: rand_read_num 2 get_random_bytes(8): sig fffffe1a 00000000 00000000
[    0.052830] random 0000 0000 0000 00000000 00000000: extract_entropy(.. 8 ..)
[    0.052832] random 0000 0000 0000 00000000 00000000: going to reseed nonblocking with 64 bits (64 of 0 requested)
[    0.052834] random 0000 0000 0000 00000000 00000000: extract_entropy(.. 8 ..)
[    0.052837] random 0000 0000 0000 00000000 00000000: trying to extract 64 bits from input
[    0.052839] random 0000 0000 0000 00000000 00000000: debiting 0 entropy credits from input
[    0.052841] random 0000 0000 0000 00000000 00000000: extract_entropy account returned: 0 
[    0.052870] random 0000 0000 0000 00000000 00000000: urand_change_num 3 xfer_secondary_pool(8): pool_sig fffffe1a, data_sig 00000000, bytes_mixed 0 00000000 00000000
[    0.052873] random 0000 0000 0000 00000000 00000000: trying to extract 64 bits from nonblocking
[    0.052875] random 0000 0000 0000 00000000 00000000: debiting 64 entropy credits from nonblocking (unlimited)
[    0.052877] random 0000 0000 0000 00000000 00000000: extract_entropy account returned: 8 
[    0.052882] random 0000 0000 0000 00000000 00000000: urand_change_num 4 extract_buf: pool_sig fffffe1a, data_sig fffffed7, bytes_mixed 20 00000000 00000000
[    0.057411] ACPI: Interpreter enabled
[    0.057497] ACPI: (supports S0 S3 S4 S5)
[    0.057806] ACPI: Using IOAPIC for interrupt routing
[    0.067351] ACPI: EC: GPE = 0x12, I/O: command/status = 0x66, data = 0x62
[    0.067658] ACPI: Power Resource [PUBS] (on)
[    0.069767] ACPI: ACPI Dock Station Driver: 3 docks/bays found
[    0.070189] ACPI: PCI Root Bridge [PCI0] (0000:00)
[    0.070367] pci 0000:00:02.0: reg 10 64bit mmio: [0xf8100000-0xf81fffff]
[    0.070373] pci 0000:00:02.0: reg 18 64bit mmio pref: [0xe0000000-0xefffffff]
[    0.070377] pci 0000:00:02.0: reg 20 io port: [0x1800-0x1807]
[    0.070412] pci 0000:00:02.1: reg 10 64bit mmio: [0xf8200000-0xf82fffff]
[    0.070515] pci 0000:00:19.0: reg 10 32bit mmio: [0xfe000000-0xfe01ffff]
[    0.070524] pci 0000:00:19.0: reg 14 32bit mmio: [0xfe025000-0xfe025fff]
[    0.070533] pci 0000:00:19.0: reg 18 io port: [0x1840-0x185f]
[    0.070608] pci 0000:00:19.0: PME# supported from D0 D3hot D3cold
[    0.070708] pci 0000:00:19.0: PME# disabled
[    0.070850] pci 0000:00:1a.0: reg 20 io port: [0x1860-0x187f]
[    0.070932] pci 0000:00:1a.1: reg 20 io port: [0x1880-0x189f]
[    0.071015] pci 0000:00:1a.7: reg 10 32bit mmio: [0xfe226c00-0xfe226fff]
[    0.071107] pci 0000:00:1a.7: PME# supported from D0 D3hot D3cold
[    0.071202] pci 0000:00:1a.7: PME# disabled
[    0.071349] pci 0000:00:1b.0: reg 10 64bit mmio: [0xfe020000-0xfe023fff]
[    0.071431] pci 0000:00:1b.0: PME# supported from D0 D3hot D3cold
[    0.071528] pci 0000:00:1b.0: PME# disabled
[    0.071734] pci 0000:00:1c.0: PME# supported from D0 D3hot D3cold
[    0.071822] pci 0000:00:1c.0: PME# disabled
[    0.072036] pci 0000:00:1c.1: PME# supported from D0 D3hot D3cold
[    0.072131] pci 0000:00:1c.1: PME# disabled
[    0.072329] pci 0000:00:1c.2: PME# supported from D0 D3hot D3cold
[    0.072426] pci 0000:00:1c.2: PME# disabled
[    0.072624] pci 0000:00:1c.3: PME# supported from D0 D3hot D3cold
[    0.072719] pci 0000:00:1c.3: PME# disabled
[    0.073110] pci 0000:00:1c.4: PME# supported from D0 D3hot D3cold
[    0.073202] pci 0000:00:1c.4: PME# disabled
[    0.073373] pci 0000:00:1d.0: reg 20 io port: [0x18a0-0x18bf]
[    0.073456] pci 0000:00:1d.1: reg 20 io port: [0x18c0-0x18df]
[    0.074014] pci 0000:00:1d.2: reg 20 io port: [0x18e0-0x18ff]
[    0.074113] pci 0000:00:1d.7: reg 10 32bit mmio: [0xfe227000-0xfe2273ff]
[    0.074218] pci 0000:00:1d.7: PME# supported from D0 D3hot D3cold
[    0.074314] pci 0000:00:1d.7: PME# disabled
[    0.074612] pci 0000:00:1f.0: quirk: region 1000-107f claimed by ICH6 ACPI/GPIO/TCO
[    0.074735] pci 0000:00:1f.0: quirk: region 1180-11bf claimed by ICH6 GPIO
[    0.074829] pci 0000:00:1f.0: ICH7 LPC Generic IO decode 1 PIO at 1600 (mask 007f)
[    0.074947] pci 0000:00:1f.0: ICH7 LPC Generic IO decode 2 PIO at 15e0 (mask 000f)
[    0.074998] pci 0000:00:1f.0: ICH7 LPC Generic IO decode 3 PIO at 1680 (mask 001f)
[    0.075202] pci 0000:00:1f.1: reg 10 io port: [0x00-0x07]
[    0.075211] pci 0000:00:1f.1: reg 14 io port: [0x00-0x03]
[    0.075225] pci 0000:00:1f.1: reg 18 io port: [0x00-0x07]
[    0.075237] pci 0000:00:1f.1: reg 1c io port: [0x00-0x03]
[    0.075246] pci 0000:00:1f.1: reg 20 io port: [0x1c00-0x1c0f]
[    0.075327] pci 0000:00:1f.2: reg 10 io port: [0x1c50-0x1c57]
[    0.075335] pci 0000:00:1f.2: reg 14 io port: [0x1c44-0x1c47]
[    0.075343] pci 0000:00:1f.2: reg 18 io port: [0x1c48-0x1c4f]
[    0.075351] pci 0000:00:1f.2: reg 1c io port: [0x1c40-0x1c43]
[    0.075360] pci 0000:00:1f.2: reg 20 io port: [0x1c20-0x1c3f]
[    0.075369] pci 0000:00:1f.2: reg 24 32bit mmio: [0xfe226000-0xfe2267ff]
[    0.075427] pci 0000:00:1f.2: PME# supported from D3hot
[    0.075519] pci 0000:00:1f.2: PME# disabled
[    0.075646] pci 0000:00:1f.3: reg 10 32bit mmio: [0xfe227400-0xfe2274ff]
[    0.075670] pci 0000:00:1f.3: reg 20 io port: [0x1c60-0x1c7f]
[    0.075771] pci 0000:00:1c.0: bridge io port: [0x2000-0x2fff]
[    0.075777] pci 0000:00:1c.0: bridge 32bit mmio: [0xfc000000-0xfdffffff]
[    0.075786] pci 0000:00:1c.0: bridge 64bit mmio pref: [0xf8000000-0xf80fffff]
[    0.075858] pci 0000:03:00.0: reg 10 64bit mmio: [0xdf3f0000-0xdf3fffff]
[    0.076138] pci 0000:00:1c.1: bridge io port: [0x3000-0x3fff]
[    0.076144] pci 0000:00:1c.1: bridge 32bit mmio: [0xdc000000-0xdf3fffff]
[    0.076151] pci 0000:00:1c.1: bridge 64bit mmio pref: [0xdfe00000-0xdfefffff]
[    0.076207] pci 0000:00:1c.2: bridge io port: [0x4000-0x4fff]
[    0.076212] pci 0000:00:1c.2: bridge 32bit mmio: [0xd8000000-0xd9ffffff]
[    0.076218] pci 0000:00:1c.2: bridge 64bit mmio pref: [0xdfb00000-0xdfbfffff]
[    0.076276] pci 0000:00:1c.3: bridge io port: [0x5000-0x5fff]
[    0.076280] pci 0000:00:1c.3: bridge 32bit mmio: [0xd4000000-0xd5ffffff]
[    0.076289] pci 0000:00:1c.3: bridge 64bit mmio pref: [0xdf800000-0xdf8fffff]
[    0.076345] pci 0000:00:1c.4: bridge io port: [0x6000-0x6fff]
[    0.076352] pci 0000:00:1c.4: bridge 32bit mmio: [0xd0000000-0xd1ffffff]
[    0.076360] pci 0000:00:1c.4: bridge 64bit mmio pref: [0xdf500000-0xdf5fffff]
[    0.076424] pci 0000:15:00.0: reg 10 32bit mmio: [0xf8300000-0xf8300fff]
[    0.076475] pci 0000:15:00.0: supports D1 D2
[    0.076477] pci 0000:15:00.0: PME# supported from D0 D1 D2 D3hot D3cold
[    0.076573] pci 0000:15:00.0: PME# disabled
[    0.076721] pci 0000:15:00.1: reg 10 32bit mmio: [0xf8301000-0xf83017ff]
[    0.076823] pci 0000:15:00.1: supports D1 D2
[    0.076825] pci 0000:15:00.1: PME# supported from D0 D1 D2 D3hot D3cold
[    0.076919] pci 0000:15:00.1: PME# disabled
[    0.077089] pci 0000:00:1e.0: transparent bridge
[    0.077181] pci 0000:00:1e.0: bridge io port: [0x7000-0xafff]
[    0.077186] pci 0000:00:1e.0: bridge 32bit mmio: [0xf8300000-0xfbffffff]
[    0.077195] pci 0000:00:1e.0: bridge 64bit mmio pref: [0xf4000000-0xf7ffffff]
[    0.077261] pci_bus 0000:00: on NUMA node 0
[    0.077265] ACPI: PCI Interrupt Routing Table [\_SB_.PCI0._PRT]
[    0.077399] ACPI: PCI Interrupt Routing Table [\_SB_.PCI0.EXP0._PRT]
[    0.077458] ACPI: PCI Interrupt Routing Table [\_SB_.PCI0.EXP1._PRT]
[    0.077516] ACPI: PCI Interrupt Routing Table [\_SB_.PCI0.EXP2._PRT]
[    0.077574] ACPI: PCI Interrupt Routing Table [\_SB_.PCI0.EXP3._PRT]
[    0.077637] ACPI: PCI Interrupt Routing Table [\_SB_.PCI0.EXP4._PRT]
[    0.077699] ACPI: PCI Interrupt Routing Table [\_SB_.PCI0.PCI1._PRT]
[    0.083199] ACPI: PCI Interrupt Link [LNKA] (IRQs 3 4 5 6 7 9 *10 11)
[    0.083979] ACPI: PCI Interrupt Link [LNKB] (IRQs 3 4 5 6 7 9 10 *11)
[    0.084726] ACPI: PCI Interrupt Link [LNKC] (IRQs 3 4 5 6 7 9 10 *11)
[    0.085568] ACPI: PCI Interrupt Link [LNKD] (IRQs 3 4 5 6 7 9 10 *11)
[    0.086348] ACPI: PCI Interrupt Link [LNKE] (IRQs 3 4 5 6 7 9 10 *11)
[    0.087150] ACPI: PCI Interrupt Link [LNKF] (IRQs 3 4 5 6 7 9 10 *11)
[    0.087934] ACPI: PCI Interrupt Link [LNKG] (IRQs 3 4 5 6 7 9 10 *11)
[    0.088717] ACPI: PCI Interrupt Link [LNKH] (IRQs 3 4 5 6 7 9 10 *11)
[    0.089476] vgaarb: device added: PCI:0000:00:02.0,decodes=io+mem,owns=io+mem,locks=none
[    0.089604] vgaarb: loaded
[    0.089782] SCSI subsystem initialized
[    0.089880] libata version 3.00 loaded.
[    0.089927] usbcore: registered new interface driver usbfs
[    0.090031] usbcore: registered new interface driver hub
[    0.090145] usbcore: registered new device driver usb
[    0.107046] raid6: int32x1    941 MB/s
[    0.124060] raid6: int32x2    890 MB/s
[    0.141064] raid6: int32x4    750 MB/s
[    0.157988] raid6: int32x8    656 MB/s
[    0.174988] raid6: mmxx1     2878 MB/s
[    0.191988] raid6: mmxx2     3253 MB/s
[    0.208992] raid6: sse1x1    1937 MB/s
[    0.225998] raid6: sse1x2    2535 MB/s
[    0.242991] raid6: sse2x1    3511 MB/s
[    0.259982] raid6: sse2x2    3828 MB/s
[    0.260074] raid6: using algorithm sse2x2 (3828 MB/s)
[    0.260166] PCI: Using ACPI for IRQ routing
[    0.260472] HPET: 3 timers in total, 0 timers will be used for per-cpu timer
[    0.260985] Switching to clocksource tsc
[    0.261087] pnp: PnP ACPI init
[    0.261177] ACPI: bus type pnp registered
[    0.264851] pnp: PnP ACPI: found 11 devices
[    0.264954] ACPI: ACPI bus type pnp unregistered
[    0.265052] system 00:00: iomem range 0x0-0x9ffff could not be reserved
[    0.265143] system 00:00: iomem range 0xc0000-0xc3fff could not be reserved
[    0.265234] system 00:00: iomem range 0xc4000-0xc7fff could not be reserved
[    0.265326] system 00:00: iomem range 0xc8000-0xcbfff has been reserved
[    0.265420] system 00:00: iomem range 0xcc000-0xcffff has been reserved
[    0.265510] system 00:00: iomem range 0xd0000-0xd3fff could not be reserved
[    0.265606] system 00:00: iomem range 0xe0000-0xe3fff could not be reserved
[    0.265696] system 00:00: iomem range 0xe4000-0xe7fff could not be reserved
[    0.265791] system 00:00: iomem range 0xe8000-0xebfff could not be reserved
[    0.265885] system 00:00: iomem range 0xec000-0xeffff could not be reserved
[    0.265983] system 00:00: iomem range 0xf0000-0xfffff could not be reserved
[    0.266079] system 00:00: iomem range 0x100000-0x3dffffff could not be reserved
[    0.266199] system 00:00: iomem range 0xfec00000-0xfed3ffff could not be reserved
[    0.266319] system 00:00: iomem range 0xfed4c000-0xffffffff could not be reserved
[    0.266442] system 00:02: ioport range 0x164e-0x164f has been reserved
[    0.266535] system 00:02: ioport range 0x1000-0x107f has been reserved
[    0.266627] system 00:02: ioport range 0x1180-0x11bf has been reserved
[    0.266719] system 00:02: ioport range 0x800-0x80f has been reserved
[    0.266814] system 00:02: ioport range 0x15e0-0x15ef has been reserved
[    0.266907] system 00:02: ioport range 0x1600-0x165f could not be reserved
[    0.267003] system 00:02: iomem range 0xf0000000-0xf3ffffff has been reserved
[    0.267093] system 00:02: iomem range 0xfed1c000-0xfed1ffff has been reserved
[    0.267183] system 00:02: iomem range 0xfed14000-0xfed17fff has been reserved
[    0.267273] system 00:02: iomem range 0xfed18000-0xfed18fff has been reserved
[    0.267365] system 00:02: iomem range 0xfed19000-0xfed19fff has been reserved
[    0.267458] system 00:02: iomem range 0xfed45000-0xfed4bfff has been reserved
[    0.302494] pci 0000:00:1c.0: PCI bridge, secondary bus 0000:02
[    0.302588] pci 0000:00:1c.0:   IO window: 0x2000-0x2fff
[    0.302684] pci 0000:00:1c.0:   MEM window: 0xfc000000-0xfdffffff
[    0.302780] pci 0000:00:1c.0:   PREFETCH window: 0x000000f8000000-0x000000f80fffff
[    0.302914] pci 0000:00:1c.1: PCI bridge, secondary bus 0000:03
[    0.303010] pci 0000:00:1c.1:   IO window: 0x3000-0x3fff
[    0.303103] pci 0000:00:1c.1:   MEM window: 0xdc000000-0xdf3fffff
[    0.303198] pci 0000:00:1c.1:   PREFETCH window: 0x000000dfe00000-0x000000dfefffff
[    0.303327] pci 0000:00:1c.2: PCI bridge, secondary bus 0000:04
[    0.303421] pci 0000:00:1c.2:   IO window: 0x4000-0x4fff
[    0.303510] pci 0000:00:1c.2:   MEM window: 0xd8000000-0xd9ffffff
[    0.303603] pci 0000:00:1c.2:   PREFETCH window: 0x000000dfb00000-0x000000dfbfffff
[    0.303731] pci 0000:00:1c.3: PCI bridge, secondary bus 0000:05
[    0.303825] pci 0000:00:1c.3:   IO window: 0x5000-0x5fff
[    0.303919] pci 0000:00:1c.3:   MEM window: 0xd4000000-0xd5ffffff
[    0.304014] pci 0000:00:1c.3:   PREFETCH window: 0x000000df800000-0x000000df8fffff
[    0.304138] pci 0000:00:1c.4: PCI bridge, secondary bus 0000:0d
[    0.304231] pci 0000:00:1c.4:   IO window: 0x6000-0x6fff
[    0.304326] pci 0000:00:1c.4:   MEM window: 0xd0000000-0xd1ffffff
[    0.304423] pci 0000:00:1c.4:   PREFETCH window: 0x000000df500000-0x000000df5fffff
[    0.304552] pci 0000:15:00.0: CardBus bridge, secondary bus 0000:16
[    0.304649] pci 0000:15:00.0:   IO window: 0x007000-0x0070ff
[    0.304741] pci 0000:15:00.0:   IO window: 0x007400-0x0074ff
[    0.304837] pci 0000:15:00.0:   PREFETCH window: 0xf4000000-0xf7ffffff
[    0.304934] pci 0000:15:00.0:   MEM window: 0x40000000-0x43ffffff
[    0.305027] pci 0000:00:1e.0: PCI bridge, secondary bus 0000:15
[    0.305119] pci 0000:00:1e.0:   IO window: 0x7000-0xafff
[    0.305212] pci 0000:00:1e.0:   MEM window: 0xf8300000-0xfbffffff
[    0.305310] pci 0000:00:1e.0:   PREFETCH window: 0x000000f4000000-0x000000f7ffffff
[    0.305451] pci 0000:00:1c.0: PCI INT A -> GSI 20 (level, low) -> IRQ 20
[    0.305547] pci 0000:00:1c.0: setting latency timer to 64
[    0.305561] pci 0000:00:1c.1: PCI INT B -> GSI 21 (level, low) -> IRQ 21
[    0.305651] pci 0000:00:1c.1: setting latency timer to 64
[    0.305663] pci 0000:00:1c.2: PCI INT C -> GSI 22 (level, low) -> IRQ 22
[    0.305757] pci 0000:00:1c.2: setting latency timer to 64
[    0.305766] pci 0000:00:1c.3: PCI INT D -> GSI 23 (level, low) -> IRQ 23
[    0.305866] pci 0000:00:1c.3: setting latency timer to 64
[    0.305879] pci 0000:00:1c.4: PCI INT A -> GSI 20 (level, low) -> IRQ 20
[    0.305973] pci 0000:00:1c.4: setting latency timer to 64
[    0.305982] pci 0000:00:1e.0: enabling device (0005 -> 0007)
[    0.306077] pci 0000:00:1e.0: setting latency timer to 64
[    0.306093] pci 0000:15:00.0: PCI INT A -> GSI 16 (level, low) -> IRQ 16
[    0.306189] pci 0000:15:00.0: setting latency timer to 64
[    0.306195] pci_bus 0000:00: resource 0 io:  [0x00-0xffff]
[    0.306197] pci_bus 0000:00: resource 1 mem: [0x000000-0xffffffff]
[    0.306199] pci_bus 0000:02: resource 0 io:  [0x2000-0x2fff]
[    0.306201] pci_bus 0000:02: resource 1 mem: [0xfc000000-0xfdffffff]
[    0.306203] pci_bus 0000:02: resource 2 pref mem [0xf8000000-0xf80fffff]
[    0.306205] pci_bus 0000:03: resource 0 io:  [0x3000-0x3fff]
[    0.306206] pci_bus 0000:03: resource 1 mem: [0xdc000000-0xdf3fffff]
[    0.306208] pci_bus 0000:03: resource 2 pref mem [0xdfe00000-0xdfefffff]
[    0.306210] pci_bus 0000:04: resource 0 io:  [0x4000-0x4fff]
[    0.306212] pci_bus 0000:04: resource 1 mem: [0xd8000000-0xd9ffffff]
[    0.306214] pci_bus 0000:04: resource 2 pref mem [0xdfb00000-0xdfbfffff]
[    0.306216] pci_bus 0000:05: resource 0 io:  [0x5000-0x5fff]
[    0.306217] pci_bus 0000:05: resource 1 mem: [0xd4000000-0xd5ffffff]
[    0.306219] pci_bus 0000:05: resource 2 pref mem [0xdf800000-0xdf8fffff]
[    0.306221] pci_bus 0000:0d: resource 0 io:  [0x6000-0x6fff]
[    0.306223] pci_bus 0000:0d: resource 1 mem: [0xd0000000-0xd1ffffff]
[    0.306225] pci_bus 0000:0d: resource 2 pref mem [0xdf500000-0xdf5fffff]
[    0.306227] pci_bus 0000:15: resource 0 io:  [0x7000-0xafff]
[    0.306228] pci_bus 0000:15: resource 1 mem: [0xf8300000-0xfbffffff]
[    0.306230] pci_bus 0000:15: resource 2 pref mem [0xf4000000-0xf7ffffff]
[    0.306232] pci_bus 0000:15: resource 3 io:  [0x00-0xffff]
[    0.306234] pci_bus 0000:15: resource 4 mem: [0x000000-0xffffffff]
[    0.306236] pci_bus 0000:16: resource 0 io:  [0x7000-0x70ff]
[    0.306237] pci_bus 0000:16: resource 1 io:  [0x7400-0x74ff]
[    0.306239] pci_bus 0000:16: resource 2 pref mem [0xf4000000-0xf7ffffff]
[    0.306241] pci_bus 0000:16: resource 3 mem: [0x40000000-0x43ffffff]
[    0.306249] NET: Registered protocol family 2
[    0.306340] RANDOM - __random32 called. Change num 7.  Value: 437d97bf	f373de51	f3b0f986
[    0.306342] RANDOM - random32 called.  Value: 437d97bf	f373de51	f3b0f986
[    0.306346] random 0000 0000 0000 5f8db4e5 4cfdf2a8: rand_read_num 3 get_random_bytes(4): sig fffffb64 5f8db4e5 4cfdf2a8
[    0.306348] random 0000 0000 0000 5f8db4e5 4cfdf2a8: extract_entropy(.. 4 ..)
[    0.306351] random 0000 0000 0000 5f8db4e5 4cfdf2a8: going to reseed nonblocking with 64 bits (32 of 0 requested)
[    0.306353] random 0000 0000 0000 5f8db4e5 4cfdf2a8: extract_entropy(.. 8 ..)
[    0.306355] random 0000 0000 0000 5f8db4e5 4cfdf2a8: trying to extract 64 bits from input
[    0.306357] random 0000 0000 0000 5f8db4e5 4cfdf2a8: debiting 0 entropy credits from input
[    0.306359] random 0000 0000 0000 5f8db4e5 4cfdf2a8: extract_entropy account returned: 0 
[    0.306362] random 0000 0000 0000 5f8db4e5 4cfdf2a8: urand_change_num 5 xfer_secondary_pool(4): pool_sig fffffb64, data_sig 00000000, bytes_mixed 0 5f8db4e5 4cfdf2a8
[    0.306365] random 0000 0000 0000 5f8db4e5 4cfdf2a8: trying to extract 32 bits from nonblocking
[    0.306367] random 0000 0000 0000 5f8db4e5 4cfdf2a8: debiting 32 entropy credits from nonblocking (unlimited)
[    0.306370] random 0000 0000 0000 5f8db4e5 4cfdf2a8: extract_entropy account returned: 4 
[    0.306374] random 0000 0000 0000 5f8db4e5 4cfdf2a8: urand_change_num 6 extract_buf: pool_sig fffffb64, data_sig 00000241, bytes_mixed 20 5f8db4e5 4cfdf2a8
[    0.306383] IP route cache hash table entries: 32768 (order: 5, 131072 bytes)
[    0.306514] RANDOM - __random32 called. Change num 8.  Value: d97bfe31	373de51f	f30dc6e6
[    0.306516] RANDOM - random32 called.  Value: d97bfe31	373de51f	f30dc6e6
[    0.306526] RANDOM - __random32 called. Change num 9.  Value: bfe314d7	73de51f5	8dcd6c7e
[    0.306528] RANDOM - random32 called.  Value: bfe314d7	73de51f5	8dcd6c7e
[    0.306530] RANDOM - __random32 called. Change num 10.  Value: 314d7baf	3de51f5e	d8fc74c1
[    0.306531] RANDOM - random32 called.  Value: 314d7baf	3de51f5e	d8fc74c1
[    0.306542] RANDOM - __random32 called. Change num 11.  Value: d7baf3c7	de51f5e5	e983e3fa
[    0.306543] RANDOM - random32 called.  Value: d7baf3c7	de51f5e5	e983e3fa
[    0.306553] TCP established hash table entries: 131072 (order: 8, 1048576 bytes)
[    0.307053] TCP bind hash table entries: 65536 (order: 6, 262144 bytes)
[    0.307238] TCP: Hash tables configured (established 131072 bind 65536)
[    0.307332] TCP reno registered
[    0.307439] NET: Registered protocol family 1
[    0.307553] RPC: Registered udp transport module.
[    0.307645] RPC: Registered tcp transport module.
[    0.307736] RPC: Registered tcp NFSv4.1 backchannel transport module.
[    0.307832] pci 0000:00:02.0: Boot video device
[    0.308075] Simple Boot Flag at 0x35 set to 0x1
[    0.308591] highmem bounce pool size: 64 pages
[    0.310169] VFS: Disk quotas dquot_6.5.2
[    0.310294] Dquot-cache hash table entries: 1024 (order 0, 4096 bytes)
[    0.310970] NTFS driver 2.1.29 [Flags: R/W].
[    0.311137] ROMFS MTD (C) 2007 Red Hat, Inc.
[    0.311346] JFS: nTxBlock = 7695, nTxLock = 61562
[    0.313807] SGI XFS with ACLs, security attributes, large block/inode numbers, no debug enabled
[    0.314307] SGI XFS Quota Management subsystem
[    0.314596] Slow work thread pool: Starting up
[    0.314700] Slow work thread pool: Ready
[    0.314797] GFS2 (built May 24 2013 02:47:17) installed
[    0.314902] msgmni has been set to 1734
[    0.315065] alg: No test for cipher_null (cipher_null-generic)
[    0.315165] alg: No test for ecb(cipher_null) (ecb-cipher_null)
[    0.315265] alg: No test for digest_null (digest_null-generic)
[    0.315367] alg: No test for compress_null (compress_null-generic)
[    0.315930] alg: No test for fcrypt (fcrypt-generic)
[    0.317345] alg: No test for stdrng (krng)
[    0.317440] async_tx: api initialized (async)
[    0.317595] Block layer SCSI generic (bsg) driver version 0.4 loaded (major 254)
[    0.317719] io scheduler noop registered
[    0.317806] io scheduler anticipatory registered
[    0.317907] io scheduler deadline registered
[    0.318042] io scheduler cfq registered (default)
[    0.318279] pcieport 0000:00:1c.0: irq 24 for MSI/MSI-X
[    0.318292] pcieport 0000:00:1c.0: setting latency timer to 64
[    0.318474] pcieport 0000:00:1c.1: irq 25 for MSI/MSI-X
[    0.318486] pcieport 0000:00:1c.1: setting latency timer to 64
[    0.318662] pcieport 0000:00:1c.2: irq 26 for MSI/MSI-X
[    0.318673] pcieport 0000:00:1c.2: setting latency timer to 64
[    0.318848] pcieport 0000:00:1c.3: irq 27 for MSI/MSI-X
[    0.318873] pcieport 0000:00:1c.3: setting latency timer to 64
[    0.319050] pcieport 0000:00:1c.4: irq 28 for MSI/MSI-X
[    0.319061] pcieport 0000:00:1c.4: setting latency timer to 64
[    0.319209] pci_hotplug: PCI Hot Plug PCI Core version: 0.5
[    0.319408] isapnp: Scanning for PnP cards...
[    0.679951] isapnp: No Plug & Play device found
[    0.680039] random 0000 0000 0000 5f8db4e5 4cfdf2a8: initializing
[    0.680041] RANDOM init_std_data for input now value: 1369987745680040837
[    0.680042] RANDOM init_std_data for blocking now value: 1369987745680042826
[    0.680044] RANDOM init_std_data for nonblocking now value: 1369987745680044555
[    0.699642] Serial: 8250/16550 driver, 4 ports, IRQ sharing enabled
[    3.710102] floppy0: no floppy controllers found
[    3.711047] brd: module loaded
[    3.711555] loop: module loaded
[    3.711642] Compaq SMART2 Driver (v 2.6.0)
[    3.711763] HP CISS Driver (v 3.6.20)
[    3.712008] input: Macintosh mouse button emulation as /devices/virtual/input/input0
[    3.712152] Uniform Multi-Platform E-IDE driver
[    3.712376] piix 0000:00:1f.1: IDE controller (0x8086:0x2850 rev 0x03)
[    3.712475] pci 0000:00:1f.1: PCI INT C -> GSI 16 (level, low) -> IRQ 16
[    3.712578] piix 0000:00:1f.1: IDE port disabled
[    3.712675] piix 0000:00:1f.1: not 100% native mode: will probe irqs later
[    3.712774]     ide0: BM-DMA at 0x1c00-0x1c07
[    3.712867] Probing IDE interface ide0...
[    4.384172] hda: HL-DT-ST DVDRAM GSA-U10N, ATAPI CD/DVD-ROM drive
[    4.690914] hda: host max PIO4 wanted PIO255(auto-tune) selected PIO4
[    4.691683] hda: UDMA/33 mode selected
[    4.692150] ide0 at 0x1f0-0x1f7,0x3f6 on irq 14
[    4.696050] ide-gd driver 1.18
[    4.696156] ide-cd driver 5.00
[    4.697544] random 0000 0000 0000 00000000 00000000: add_disk_randomness(0:0) 00000000 00000000
[    4.697548] random 0000 0000 0000 00000000 00000000: add_timer_randomness(.. 256) with jiffies: 18029829304774000250, cycles: -416914773230223351
[    4.697551] random 0000 0000 0000 00000000 00000000: added 11 entropy credits to input
[    4.697555] ide-cd: hda: ATAPI 24X DVD-ROM DVD-R/RAM CD-R/RW drive, 2048kB Cache
[    4.698003] Uniform CD-ROM driver Revision: 3.20
[    4.700799] random 0011 0000 0000 00000000 00000000: add_disk_randomness(0:0) 00000000 00000000
[    4.700802] random 0011 0000 0000 00000000 00000000: add_timer_randomness(.. 256) with jiffies: 18059120316012789373, cycles: -387623761991434231
[    4.700805] random 0011 0000 0000 00000000 00000000: added 1 entropy credits to input
[    4.700808] random 0012 0000 0000 00000000 00000000: add_disk_randomness(0:0) 00000000 00000000
[    4.700810] random 0012 0000 0000 00000000 00000000: add_timer_randomness(.. 256) with jiffies: 18059197883122155133, cycles: -387546194882068471
[    4.702794] random 0012 0000 0000 00000000 00000000: add_disk_randomness(0:0) 00000000 00000000
[    4.702797] random 0012 0000 0000 00000000 00000000: add_timer_randomness(.. 256) with jiffies: 18077073356619480703, cycles: -369670721384742903
[    4.702800] random 0012 0000 0000 00000000 00000000: added 1 entropy credits to input
[    4.702803] random 0013 0000 0000 00000000 00000000: add_disk_randomness(0:0) 00000000 00000000
[    4.702805] random 0013 0000 0000 00000000 00000000: add_timer_randomness(.. 256) with jiffies: 18077149390425521791, cycles: -369594687578701815
[    4.704791] random 0013 0000 0000 00000000 00000000: add_disk_randomness(0:0) 00000000 00000000
[    4.704794] random 0013 0000 0000 00000000 00000000: add_timer_randomness(.. 256) with jiffies: 18095040154006421121, cycles: -351703923997802487
[    4.704796] random 0013 0000 0000 00000000 00000000: added 1 entropy credits to input
[    4.704799] random 0014 0000 0000 00000000 00000000: add_disk_randomness(0:0) 00000000 00000000
[    4.704802] random 0014 0000 0000 00000000 00000000: add_timer_randomness(.. 256) with jiffies: 18095114474120511105, cycles: -351629603883712503
[    4.705079] Loading iSCSI transport class v2.0-870.
[    4.705363] rdac: device handler registered
[    4.705455] hp_sw: device handler registered
[    4.705547] emc: device handler registered
[    4.705635] alua: device handler registered
[    4.706623] Adaptec aacraid driver 1.1-5[2461]-ms
[    4.707061] scsi: <fdomain> Detection failed (no card)
[    4.707158] sym53c416.c: Version 1.0.0-ac
[    4.707266] qlogicfas: no cards were found, please specify I/O address and IRQ using iobase= and irq= options
[    4.707387] QLogic Fibre Channel HBA Driver: 8.03.01-k6
[    4.707607] iscsi: registered transport (qla4xxx)
[    4.707715] QLogic iSCSI HBA Driver
[    4.707800] Emulex LightPulse Fibre Channel SCSI driver 8.3.4
[    4.707899] Copyright(c) 2004-2009 Emulex.  All rights reserved.
[    4.729892] Failed initialization of WD-7000 SCSI card!
[    4.818967] DC390: clustering now enabled by default. If you get problems load
[    4.819089]        with "disable_clustering=1" and report to maintainers
[    4.819220] megaraid cmm: 2.20.2.7 (Release Date: Sun Jul 16 00:01:03 EST 2006)
[    4.819373] megaraid: 2.20.5.1 (Release Date: Thu Nov 16 15:32:35 EST 2006)
[    4.819489] megasas: 00.00.04.01 Thu July 24 11:41:51 PST 2008
[    4.819621] GDT-HA: Storage RAID Controller Driver. Version: 3.05
[    4.819767] 3ware Storage Controller device driver for Linux v1.26.02.002.
[    4.819885] 3ware 9000 Storage Controller device driver for Linux v2.26.02.012.
[    4.820028] nsp32: loading...
[    4.820133] ipr: IBM Power RAID SCSI Device Driver version: 2.4.3 (June 10, 2009)
[    4.820276] RocketRAID 3xxx/4xxx Controller driver v1.6 (090910)
[    4.820387] stex: Promise SuperTrak EX Driver version: 4.6.0000.3
[    4.820517] st: Version 20081215, fixed bufsize 32768, s/g segs 256
[    4.820708] ahci 0000:00:1f.2: version 3.0
[    4.820723] ahci 0000:00:1f.2: PCI INT B -> GSI 16 (level, low) -> IRQ 16
[    4.820873] ahci 0000:00:1f.2: irq 29 for MSI/MSI-X
[    4.820929] ahci 0000:00:1f.2: AHCI 0001.0100 32 slots 3 ports 1.5 Gbps 0x5 impl SATA mode
[    4.821052] ahci 0000:00:1f.2: flags: 64bit ncq sntf pm led clo pio slum part ccc 
[    4.821182] ahci 0000:00:1f.2: setting latency timer to 64
[    4.821318] scsi2 : ahci
[    4.821478] scsi3 : ahci
[    4.821617] scsi4 : ahci
[    4.821785] ata1: SATA max UDMA/133 abar m2048@0xfe226000 port 0xfe226100 irq 29
[    4.821922] ata2: DUMMY
[    4.822018] ata3: SATA max UDMA/133 abar m2048@0xfe226000 port 0xfe226200 irq 29
[    4.822619] I2O subsystem v1.325
[    4.822703] i2o: max drivers = 8
[    4.822859] I2O Configuration OSM v1.323
[    4.822961] I2O Bus Adapter OSM v1.317
[    4.823063] I2O Block Device OSM v1.325
[    4.823212] I2O SCSI Peripheral OSM v1.316
[    4.823315] I2O ProcFS OSM v1.316
[    4.823420] Fusion MPT base driver 3.04.12
[    4.823507] Copyright (c) 1999-2008 LSI Corporation
[    4.823597] Fusion MPT SPI Host driver 3.04.12
[    4.823705] Fusion MPT FC Host driver 3.04.12
[    4.823816] Fusion MPT SAS Host driver 3.04.12
[    4.824022] ohci1394 0000:15:00.1: PCI INT B -> GSI 17 (level, low) -> IRQ 17
[    4.824122] ohci1394 0000:15:00.1: setting latency timer to 64
[    4.877879] ohci1394: fw-host0: OHCI-1394 1.1 (PCI): IRQ=[17]  MMIO=[f8301000-f83017ff]  Max Packet=[2048]  IR/IT contexts=[4/4]
[    4.882152] ehci_hcd: USB 2.0 'Enhanced' Host Controller (EHCI) Driver
[    4.882465] ehci_hcd 0000:00:1a.7: power state changed by ACPI to D0
[    4.882708] ehci_hcd 0000:00:1a.7: power state changed by ACPI to D0
[    4.882807] ehci_hcd 0000:00:1a.7: PCI INT C -> GSI 22 (level, low) -> IRQ 22
[    4.882911] ehci_hcd 0000:00:1a.7: setting latency timer to 64
[    4.882917] ehci_hcd 0000:00:1a.7: EHCI Host Controller
[    4.883051] ehci_hcd 0000:00:1a.7: new USB bus registered, assigned bus number 1
[    4.887077] ehci_hcd 0000:00:1a.7: cache line size of 32 is not supported
[    4.887086] ehci_hcd 0000:00:1a.7: irq 22, io mem 0xfe226c00
[    4.896837] ehci_hcd 0000:00:1a.7: USB 2.0 started, EHCI 1.00
[    4.896943] usb usb1: New USB device found, idVendor=1d6b, idProduct=0002
[    4.897035] usb usb1: New USB device strings: Mfr=3, Product=2, SerialNumber=1
[    4.897159] usb usb1: Product: EHCI Host Controller
[    4.897245] usb usb1: Manufacturer: Linux 2.6.32.57 ehci_hcd
[    4.897334] usb usb1: SerialNumber: 0000:00:1a.7
[    4.897475] usb usb1: configuration #1 chosen from 1 choice
[    4.897596] hub 1-0:1.0: USB hub found
[    4.897686] hub 1-0:1.0: 4 ports detected
[    4.897977] ehci_hcd 0000:00:1d.7: power state changed by ACPI to D0
[    4.898216] ehci_hcd 0000:00:1d.7: power state changed by ACPI to D0
[    4.898318] ehci_hcd 0000:00:1d.7: PCI INT D -> GSI 19 (level, low) -> IRQ 19
[    4.898419] ehci_hcd 0000:00:1d.7: setting latency timer to 64
[    4.898424] ehci_hcd 0000:00:1d.7: EHCI Host Controller
[    4.898552] ehci_hcd 0000:00:1d.7: new USB bus registered, assigned bus number 2
[    4.898710] ehci_hcd 0000:00:1d.7: debug port 1
[    4.902702] ehci_hcd 0000:00:1d.7: cache line size of 32 is not supported
[    4.902709] ehci_hcd 0000:00:1d.7: irq 19, io mem 0xfe227000
[    4.912834] ehci_hcd 0000:00:1d.7: USB 2.0 started, EHCI 1.00
[    4.912932] usb usb2: New USB device found, idVendor=1d6b, idProduct=0002
[    4.913033] usb usb2: New USB device strings: Mfr=3, Product=2, SerialNumber=1
[    4.913154] usb usb2: Product: EHCI Host Controller
[    4.913243] usb usb2: Manufacturer: Linux 2.6.32.57 ehci_hcd
[    4.913336] usb usb2: SerialNumber: 0000:00:1d.7
[    4.913473] usb usb2: configuration #1 chosen from 1 choice
[    4.913594] hub 2-0:1.0: USB hub found
[    4.913684] hub 2-0:1.0: 6 ports detected
[    4.913865] 116x: driver isp116x-hcd, 03 Nov 2005
[    4.913969] ohci_hcd: USB 1.1 'Open' Host Controller (OHCI) Driver
[    4.914081] uhci_hcd: USB Universal Host Controller Interface driver
[    4.914192] uhci_hcd 0000:00:1a.0: PCI INT A -> GSI 20 (level, low) -> IRQ 20
[    4.914297] uhci_hcd 0000:00:1a.0: setting latency timer to 64
[    4.914302] uhci_hcd 0000:00:1a.0: UHCI Host Controller
[    4.914429] uhci_hcd 0000:00:1a.0: new USB bus registered, assigned bus number 3
[    4.914579] uhci_hcd 0000:00:1a.0: irq 20, io base 0x00001860
[    4.914697] usb usb3: New USB device found, idVendor=1d6b, idProduct=0001
[    4.914787] usb usb3: New USB device strings: Mfr=3, Product=2, SerialNumber=1
[    4.914914] usb usb3: Product: UHCI Host Controller
[    4.915003] usb usb3: Manufacturer: Linux 2.6.32.57 uhci_hcd
[    4.915100] usb usb3: SerialNumber: 0000:00:1a.0
[    4.915236] usb usb3: configuration #1 chosen from 1 choice
[    4.915354] hub 3-0:1.0: USB hub found
[    4.915444] hub 3-0:1.0: 2 ports detected
[    4.915732] uhci_hcd 0000:00:1a.1: power state changed by ACPI to D0
[    4.915984] uhci_hcd 0000:00:1a.1: power state changed by ACPI to D0
[    4.916080] uhci_hcd 0000:00:1a.1: PCI INT B -> GSI 21 (level, low) -> IRQ 21
[    4.916177] uhci_hcd 0000:00:1a.1: setting latency timer to 64
[    4.916182] uhci_hcd 0000:00:1a.1: UHCI Host Controller
[    4.916307] uhci_hcd 0000:00:1a.1: new USB bus registered, assigned bus number 4
[    4.916460] uhci_hcd 0000:00:1a.1: irq 21, io base 0x00001880
[    4.916571] usb usb4: New USB device found, idVendor=1d6b, idProduct=0001
[    4.916658] usb usb4: New USB device strings: Mfr=3, Product=2, SerialNumber=1
[    4.916782] usb usb4: Product: UHCI Host Controller
[    4.916878] usb usb4: Manufacturer: Linux 2.6.32.57 uhci_hcd
[    4.916969] usb usb4: SerialNumber: 0000:00:1a.1
[    4.917103] usb usb4: configuration #1 chosen from 1 choice
[    4.917223] hub 4-0:1.0: USB hub found
[    4.917318] hub 4-0:1.0: 2 ports detected
[    4.917609] uhci_hcd 0000:00:1d.0: power state changed by ACPI to D0
[    4.917850] uhci_hcd 0000:00:1d.0: power state changed by ACPI to D0
[    4.917949] uhci_hcd 0000:00:1d.0: PCI INT A -> GSI 16 (level, low) -> IRQ 16
[    4.918048] uhci_hcd 0000:00:1d.0: setting latency timer to 64
[    4.918053] uhci_hcd 0000:00:1d.0: UHCI Host Controller
[    4.918181] uhci_hcd 0000:00:1d.0: new USB bus registered, assigned bus number 5
[    4.918333] uhci_hcd 0000:00:1d.0: irq 16, io base 0x000018a0
[    4.918449] usb usb5: New USB device found, idVendor=1d6b, idProduct=0001
[    4.918538] usb usb5: New USB device strings: Mfr=3, Product=2, SerialNumber=1
[    4.918660] usb usb5: Product: UHCI Host Controller
[    4.918749] usb usb5: Manufacturer: Linux 2.6.32.57 uhci_hcd
[    4.918848] usb usb5: SerialNumber: 0000:00:1d.0
[    4.918984] usb usb5: configuration #1 chosen from 1 choice
[    4.919104] hub 5-0:1.0: USB hub found
[    4.919193] hub 5-0:1.0: 2 ports detected
[    4.919338] uhci_hcd 0000:00:1d.1: PCI INT B -> GSI 17 (level, low) -> IRQ 17
[    4.919437] uhci_hcd 0000:00:1d.1: setting latency timer to 64
[    4.919440] uhci_hcd 0000:00:1d.1: UHCI Host Controller
[    4.919562] uhci_hcd 0000:00:1d.1: new USB bus registered, assigned bus number 6
[    4.919705] uhci_hcd 0000:00:1d.1: irq 17, io base 0x000018c0
[    4.919818] usb usb6: New USB device found, idVendor=1d6b, idProduct=0001
[    4.919915] usb usb6: New USB device strings: Mfr=3, Product=2, SerialNumber=1
[    4.920045] usb usb6: Product: UHCI Host Controller
[    4.920134] usb usb6: Manufacturer: Linux 2.6.32.57 uhci_hcd
[    4.920224] usb usb6: SerialNumber: 0000:00:1d.1
[    4.920357] usb usb6: configuration #1 chosen from 1 choice
[    4.920479] hub 6-0:1.0: USB hub found
[    4.920570] hub 6-0:1.0: 2 ports detected
[    4.920870] uhci_hcd 0000:00:1d.2: power state changed by ACPI to D0
[    4.921121] uhci_hcd 0000:00:1d.2: power state changed by ACPI to D0
[    4.921217] uhci_hcd 0000:00:1d.2: PCI INT C -> GSI 18 (level, low) -> IRQ 18
[    4.921315] uhci_hcd 0000:00:1d.2: setting latency timer to 64
[    4.921317] uhci_hcd 0000:00:1d.2: UHCI Host Controller
[    4.921446] uhci_hcd 0000:00:1d.2: new USB bus registered, assigned bus number 7
[    4.921598] uhci_hcd 0000:00:1d.2: irq 18, io base 0x000018e0
[    4.921713] usb usb7: New USB device found, idVendor=1d6b, idProduct=0001
[    4.921812] usb usb7: New USB device strings: Mfr=3, Product=2, SerialNumber=1
[    4.921938] usb usb7: Product: UHCI Host Controller
[    4.922024] usb usb7: Manufacturer: Linux 2.6.32.57 uhci_hcd
[    4.922113] usb usb7: SerialNumber: 0000:00:1d.2
[    4.922905] usb usb7: configuration #1 chosen from 1 choice
[    4.923025] hub 7-0:1.0: USB hub found
[    4.923113] hub 7-0:1.0: 2 ports detected
[    4.923271] sl811: driver sl811-hcd, 19 May 2005
[    4.923375] r8a66597_hcd: driver r8a66597_hcd, 2009-05-26
[    4.923545] Initializing USB Mass Storage driver...
[    4.923668] usbcore: registered new interface driver usb-storage
[    4.923760] USB Mass Storage support registered.
[    4.923873] usbcore: registered new interface driver ums-alauda
[    4.923981] usbcore: registered new interface driver ums-cypress
[    4.924089] usbcore: registered new interface driver ums-datafab
[    4.924198] usbcore: registered new interface driver ums-freecom
[    4.924306] usbcore: registered new interface driver ums-isd200
[    4.924415] usbcore: registered new interface driver ums-jumpshot
[    4.924526] usbcore: registered new interface driver ums-karma
[    4.924637] usbcore: registered new interface driver ums-onetouch
[    4.924748] usbcore: registered new interface driver ums-sddr09
[    4.924869] usbcore: registered new interface driver ums-sddr55
[    4.924978] usbcore: registered new interface driver ums-usbat
[    4.925123] PNP: PS/2 Controller [PNP0303:KBD,PNP0f13:MOU] at 0x60,0x64 irq 1,12
[    4.932849] serio: i8042 KBD port at 0x60,0x64 irq 1
[    4.932940] serio: i8042 AUX port at 0x60,0x64 irq 12
[    4.933182] mice: PS/2 mouse device common for all mice
[    4.933298] i2c /dev entries driver
[    4.933434] md: linear personality registered for level -1
[    4.933523] md: raid0 personality registered for level 0
[    4.933613] md: raid1 personality registered for level 1
[    4.933701] md: raid10 personality registered for level 10
[    4.933790] md: raid6 personality registered for level 6
[    4.933892] md: raid5 personality registered for level 5
[    4.933980] md: raid4 personality registered for level 4
[    4.934071] md: multipath personality registered for level -4
[    4.934267] device-mapper: ioctl: 4.15.0-ioctl (2009-04-01) initialised: dm-devel@redhat.com
[    4.934461] cpuidle: using governor ladder
[    4.935064] usbcore: registered new interface driver usbhid
[    4.935154] usbhid: v2.6:USB HID core driver
[    4.935312] random 0014 0000 0000 00000000 00000000: rand_read_num 4 get_random_bytes(136): sig 00000000 00000000 00000000
[    4.935315] random 0014 0000 0000 00000000 00000000: extract_entropy(.. 136 ..)
[    4.935317] random 0014 0000 0000 00000000 00000000: going to reseed nonblocking with 1024 bits (1088 of 0 requested)
[    4.935319] random 0014 0000 0000 00000000 00000000: extract_entropy(.. 128 ..)
[    4.935322] random 0014 0000 0000 00000000 00000000: trying to extract 1024 bits from input
[    4.935324] random 0014 0000 0000 00000000 00000000: debiting 0 entropy credits from input
[    4.935326] random 0014 0000 0000 00000000 00000000: extract_entropy account returned: 0 
[    4.935329] random 0014 0000 0000 00000000 00000000: urand_change_num 7 xfer_secondary_pool(136): pool_sig 00000000, data_sig 00000000, bytes_mixed 0 00000000 00000000
[    4.935332] random 0014 0000 0000 00000000 00000000: trying to extract 1088 bits from nonblocking
[    4.935335] random 0014 0000 0000 00000000 00000000: debiting 1088 entropy credits from nonblocking (unlimited)
[    4.935337] random 0014 0000 0000 00000000 00000000: extract_entropy account returned: 136 
[    4.935341] random 0014 0000 0000 00000000 00000000: urand_change_num 8 extract_buf: pool_sig 00000000, data_sig fffffff9, bytes_mixed 20 00000000 00000000
[    4.935347] random 0014 0000 0000 b7c35b56 be4dc95d: urand_change_num 9 extract_buf: pool_sig fffffd1e, data_sig 000000c5, bytes_mixed 20 b7c35b56 be4dc95d
[    4.935352] random 0014 0000 0000 ed9f5c47 c48487fb: urand_change_num 10 extract_buf: pool_sig fffff8ec, data_sig ffffff68, bytes_mixed 20 ed9f5c47 c48487fb
[    4.935357] random 0014 0000 0000 ed9f5c47 c48487fb: urand_change_num 11 extract_buf: pool_sig fffffaed, data_sig 000001aa, bytes_mixed 20 ed9f5c47 c48487fb
[    4.935362] random 0014 0000 0000 1b4f7c0a 91bd6a48: urand_change_num 12 extract_buf: pool_sig fffffdd8, data_sig 00000064, bytes_mixed 20 1b4f7c0a 91bd6a48
[    4.935367] random 0014 0000 0000 a254b9bc 20e9a24f: urand_change_num 13 extract_buf: pool_sig fffffbe6, data_sig 000001dd, bytes_mixed 20 a254b9bc 20e9a24f
[    4.935373] random 0014 0000 0000 a254b9bc 20e9a24f: urand_change_num 14 extract_buf: pool_sig fffff940, data_sig fffffe20, bytes_mixed 20 a254b9bc 20e9a24f
[    4.935378] random 0014 0000 0000 2831a66b 5fa2a3ad: urand_change_num 15 extract_buf: pool_sig fffffbce, data_sig 0000007e, bytes_mixed 20 2831a66b 5fa2a3ad
[    4.935383] random 0014 0000 0000 2831a66b 5fa2a3ad: urand_change_num 16 extract_buf: pool_sig 000004df, data_sig fffffe8f, bytes_mixed 20 2831a66b 5fa2a3ad
[    4.935388] random 0014 0000 0000 d4512bfd c9a54e0b: urand_change_num 17 extract_buf: pool_sig 00000485, data_sig fffffe68, bytes_mixed 20 d4512bfd c9a54e0b
[    4.935394] random 0014 0000 0000 c7371be6 f9ffea11: urand_change_num 18 extract_buf: pool_sig 00000095, data_sig ffffffed, bytes_mixed 20 c7371be6 f9ffea11
[    4.935399] random 0014 0000 0000 c7371be6 f9ffea11: urand_change_num 19 extract_buf: pool_sig 000003a7, data_sig fffffefa, bytes_mixed 20 c7371be6 f9ffea11
[    4.935404] random 0014 0000 0000 8fb4b62c d1ddba54: urand_change_num 20 extract_buf: pool_sig 00000179, data_sig ffffff78, bytes_mixed 20 8fb4b62c d1ddba54
[    4.935409] random 0014 0000 0000 9ff19f9c c07a1d2a: urand_change_num 21 extract_buf: pool_sig fffffe88, data_sig 00000126, bytes_mixed 20 9ff19f9c c07a1d2a
[    4.935414] TCP cubic registered
[    4.935502] Initializing XFRM netlink socket
[    4.935592] NET: Registered protocol family 17
[    4.935688] Using IPI Shortcut mode
[    4.935774] random 0014 0000 0000 9ff19f9c c07a1d2a: rand_read_num 5 get_random_bytes(8): sig 0000031b 9ff19f9c c07a1d2a
[    4.935776] random 0014 0000 0000 9ff19f9c c07a1d2a: extract_entropy(.. 8 ..)
[    4.935779] random 0014 0000 0000 9ff19f9c c07a1d2a: going to reseed nonblocking with 64 bits (64 of 0 requested)
[    4.935781] random 0014 0000 0000 9ff19f9c c07a1d2a: extract_entropy(.. 8 ..)
[    4.935783] random 0014 0000 0000 9ff19f9c c07a1d2a: trying to extract 64 bits from input
[    4.935785] random 0014 0000 0000 9ff19f9c c07a1d2a: debiting 0 entropy credits from input
[    4.935787] random 0014 0000 0000 9ff19f9c c07a1d2a: extract_entropy account returned: 0 
[    4.935790] random 0014 0000 0000 9ff19f9c c07a1d2a: urand_change_num 22 xfer_secondary_pool(8): pool_sig 0000031b, data_sig 00000000, bytes_mixed 0 9ff19f9c c07a1d2a
[    4.935793] random 0014 0000 0000 9ff19f9c c07a1d2a: trying to extract 64 bits from nonblocking
[    4.935796] random 0014 0000 0000 9ff19f9c c07a1d2a: debiting 64 entropy credits from nonblocking (unlimited)
[    4.935798] random 0014 0000 0000 9ff19f9c c07a1d2a: extract_entropy account returned: 8 
[    4.935802] random 0014 0000 0000 9ff19f9c c07a1d2a: urand_change_num 23 extract_buf: pool_sig 0000031b, data_sig ffffffb3, bytes_mixed 20 9ff19f9c c07a1d2a
[    4.938456] input: AT Translated Set 2 keyboard as /devices/platform/i8042/serio0/input/input1
[    5.127795] ata3: SATA link down (SStatus 0 SControl 300)
[    5.127910] ata1: SATA link up 1.5 Gbps (SStatus 113 SControl 300)
[    5.129852] ata1.00: ACPI cmd ef/02:00:00:00:00:a0 (SET FEATURES) succeeded
[    5.129855] ata1.00: ACPI cmd f5/00:00:00:00:00:a0 (SECURITY FREEZE LOCK) filtered out
[    5.131246] ata1.00: ACPI cmd ef/5f:00:00:00:00:a0 (SET FEATURES) succeeded
[    5.131249] ata1.00: ACPI cmd ef/10:03:00:00:00:a0 (SET FEATURES) filtered out
[    5.133156] ata1.00: ATA-7: ST910021AS, 4.06, max UDMA/100
[    5.133243] ata1.00: 195371568 sectors, multi 16: LBA48 
[    5.135394] ata1.00: ACPI cmd ef/02:00:00:00:00:a0 (SET FEATURES) succeeded
[    5.135397] ata1.00: ACPI cmd f5/00:00:00:00:00:a0 (SECURITY FREEZE LOCK) filtered out
[    5.136786] ata1.00: ACPI cmd ef/5f:00:00:00:00:a0 (SET FEATURES) succeeded
[    5.136789] ata1.00: ACPI cmd ef/10:03:00:00:00:a0 (SET FEATURES) filtered out
[    5.138715] ata1.00: configured for UDMA/100
[    5.149842] scsi 2:0:0:0: Direct-Access     ATA      ST910021AS       4.06 PQ: 0 ANSI: 5
[    5.150122] sd 2:0:0:0: [sda] 195371568 512-byte logical blocks: (100 GB/93.1 GiB)
[    5.150265] sd 2:0:0:0: [sda] Write Protect is off
[    5.150358] sd 2:0:0:0: [sda] Mode Sense: 00 3a 00 00
[    5.150371] sd 2:0:0:0: [sda] Write cache: enabled, read cache: enabled, doesn't support DPO or FUA
[    5.150561]  sda:
[    5.580046] random 0014 0000 0000 277f73c3 42024bb9: add_disk_randomness(8:0) 277f73c3 42024bb9
[    5.580133] random 0014 0000 0000 277f73c3 42024bb9: add_timer_randomness(.. 8388864) with jiffies: 7524887525563531669, cycles: 7524887521268858890
[    5.580136] random 0014 0000 0000 277f73c3 42024bb9: added 11 entropy credits to input
[    5.580140]  sda1 sda2
[    5.580464] random 0025 0000 0000 277f73c3 42024bb9: add_disk_randomness(8:0) 277f73c3 42024bb9
[    5.580467] random 0025 0000 0000 277f73c3 42024bb9: add_timer_randomness(.. 8388864) with jiffies: 7527907501752942997, cycles: 7527907497458270218
[    5.580620] sd 2:0:0:0: [sda] Attached SCSI disk
[    5.580713] random 0025 0000 0000 277f73c3 42024bb9: rand_read_num 6 get_random_bytes(12): sig 000007e9 277f73c3 42024bb9
[    5.580716] random 0025 0000 0000 277f73c3 42024bb9: extract_entropy(.. 12 ..)
[    5.580719] random 0025 0000 0000 277f73c3 42024bb9: going to reseed nonblocking with 96 bits (96 of 0 requested)
[    5.580721] random 0025 0000 0000 277f73c3 42024bb9: extract_entropy(.. 12 ..)
[    5.580723] random 0025 0000 0000 277f73c3 42024bb9: trying to extract 96 bits from input
[    5.580725] random 0025 0000 0000 277f73c3 42024bb9: debiting 0 entropy credits from input
[    5.580727] random 0025 0000 0000 277f73c3 42024bb9: extract_entropy account returned: 0 
[    5.580730] random 0025 0000 0000 277f73c3 42024bb9: urand_change_num 24 xfer_secondary_pool(12): pool_sig 000007e9, data_sig 00000000, bytes_mixed 0 277f73c3 42024bb9
[    5.580733] random 0025 0000 0000 277f73c3 42024bb9: trying to extract 96 bits from nonblocking
[    5.580736] random 0025 0000 0000 277f73c3 42024bb9: debiting 96 entropy credits from nonblocking (unlimited)
[    5.580738] random 0025 0000 0000 277f73c3 42024bb9: extract_entropy account returned: 12 
[    5.580742] random 0025 0000 0000 277f73c3 42024bb9: urand_change_num 25 extract_buf: pool_sig 000007e9, data_sig 00000088, bytes_mixed 20 277f73c3 42024bb9
[    5.580747] random 0025 0000 0000 277f73c3 42024bb9: urand_change_num 26 extract_buf: pool_sig 00000498, data_sig fffffefb, bytes_mixed 20 277f73c3 42024bb9
[    5.580750] RANDOM - __seed init called.
[    5.580751] RANDOM - __seed init called.
[    5.580752] RANDOM - __seed init called.
[    5.580754] RANDOM - __random32 called. Change num 12.  Value: 87f14767	f0d7351	b1e48bd3
[    5.580756] RANDOM - random32_reseed called.  Value: 87f14767	f0d7351	b1e48bd3
[    5.580759] Pid: 1, comm: swapper Not tainted 2.6.32.57 #6
[    5.580849] Call Trace:
[    5.580940]  [<c1923ca4>] ? random32_reseed+0xa0/0xb1
[    5.581032]  [<c1923c04>] ? random32_reseed+0x0/0xb1
[    5.581122]  [<c100111e>] ? do_one_initcall+0x2e/0x180
[    5.581218]  [<c1907265>] ? kernel_init+0xad/0x103
[    5.581305]  [<c19071b8>] ? kernel_init+0x0/0x103
[    5.581397]  [<c1003787>] ? kernel_thread_helper+0x7/0x10
[    5.581940] random 0025 0000 0000 386b4e60 ee4d4880: rand_read_num 7 get_random_bytes(64): sig fffffea5 386b4e60 ee4d4880
[    5.581943] random 0025 0000 0000 386b4e60 ee4d4880: extract_entropy(.. 64 ..)
[    5.581945] random 0025 0000 0000 386b4e60 ee4d4880: going to reseed nonblocking with 512 bits (512 of 0 requested)
[    5.581948] random 0025 0000 0000 386b4e60 ee4d4880: extract_entropy(.. 64 ..)
[    5.581950] random 0025 0000 0000 386b4e60 ee4d4880: trying to extract 512 bits from input
[    5.581952] random 0025 0000 0000 386b4e60 ee4d4880: debiting 0 entropy credits from input
[    5.581954] random 0025 0000 0000 386b4e60 ee4d4880: extract_entropy account returned: 0 
[    5.581957] random 0025 0000 0000 386b4e60 ee4d4880: urand_change_num 27 xfer_secondary_pool(64): pool_sig fffffea5, data_sig 00000000, bytes_mixed 0 386b4e60 ee4d4880
[    5.581960] random 0025 0000 0000 386b4e60 ee4d4880: trying to extract 512 bits from nonblocking
[    5.581962] random 0025 0000 0000 386b4e60 ee4d4880: debiting 512 entropy credits from nonblocking (unlimited)
[    5.581965] random 0025 0000 0000 386b4e60 ee4d4880: extract_entropy account returned: 64 
[    5.581969] random 0025 0000 0000 386b4e60 ee4d4880: urand_change_num 28 extract_buf: pool_sig fffffea5, data_sig 00000173, bytes_mixed 20 386b4e60 ee4d4880
[    5.581974] random 0025 0000 0000 412698f6 0cc8689a: urand_change_num 29 extract_buf: pool_sig 00000122, data_sig ffffff63, bytes_mixed 20 412698f6 0cc8689a
[    5.581979] random 0025 0000 0000 412698f6 0cc8689a: urand_change_num 30 extract_buf: pool_sig 000001f7, data_sig 00000012, bytes_mixed 20 412698f6 0cc8689a
[    5.581985] random 0025 0000 0000 9669941e 06f768b1: urand_change_num 31 extract_buf: pool_sig fffffb5b, data_sig 0000003f, bytes_mixed 20 9669941e 06f768b1
[    5.581990] random 0025 0000 0000 98486520 995551f0: urand_change_num 32 extract_buf: pool_sig fffffb39, data_sig 0000000e, bytes_mixed 20 98486520 995551f0
[    5.581995] random 0025 0000 0000 98486520 995551f0: urand_change_num 33 extract_buf: pool_sig fffffd8d, data_sig 000001a6, bytes_mixed 20 98486520 995551f0
[    5.582000] random 0025 0000 0000 61fc8914 d5882ed2: urand_change_num 34 extract_buf: pool_sig fffffa58, data_sig 0000023e, bytes_mixed 20 61fc8914 d5882ed2
[    5.582032] random 0025 0000 0000 61fc8914 d5882ed2: rand_read_num 8 get_random_bytes(64): sig fffff9ee 61fc8914 d5882ed2
[    5.582034] random 0025 0000 0000 61fc8914 d5882ed2: extract_entropy(.. 64 ..)
[    5.582036] random 0025 0000 0000 61fc8914 d5882ed2: going to reseed nonblocking with 512 bits (512 of 0 requested)
[    5.582039] random 0025 0000 0000 61fc8914 d5882ed2: extract_entropy(.. 64 ..)
[    5.582041] random 0025 0000 0000 61fc8914 d5882ed2: trying to extract 512 bits from input
[    5.582043] random 0025 0000 0000 61fc8914 d5882ed2: debiting 0 entropy credits from input
[    5.582045] random 0025 0000 0000 61fc8914 d5882ed2: extract_entropy account returned: 0 
[    5.582048] random 0025 0000 0000 61fc8914 d5882ed2: urand_change_num 35 xfer_secondary_pool(64): pool_sig fffff9ee, data_sig 00000000, bytes_mixed 0 61fc8914 d5882ed2
[    5.582051] random 0025 0000 0000 61fc8914 d5882ed2: trying to extract 512 bits from nonblocking
[    5.582053] random 0025 0000 0000 61fc8914 d5882ed2: debiting 512 entropy credits from nonblocking (unlimited)
[    5.582056] random 0025 0000 0000 61fc8914 d5882ed2: extract_entropy account returned: 64 
[    5.582060] random 0025 0000 0000 61fc8914 d5882ed2: urand_change_num 36 extract_buf: pool_sig fffff9ee, data_sig ffffff85, bytes_mixed 20 61fc8914 d5882ed2
[    5.582065] random 0025 0000 0000 70cfd302 e5edec11: urand_change_num 37 extract_buf: pool_sig fffffdc1, data_sig ffffffde, bytes_mixed 20 70cfd302 e5edec11
[    5.582070] random 0025 0000 0000 00dab838 eafd2b30: urand_change_num 38 extract_buf: pool_sig 000003da, data_sig ffffff61, bytes_mixed 20 00dab838 eafd2b30
[    5.582076] random 0025 0000 0000 00dab838 eafd2b30: urand_change_num 39 extract_buf: pool_sig 00000314, data_sig 00000121, bytes_mixed 20 00dab838 eafd2b30
[    5.582081] random 0025 0000 0000 5fcdf66a 6442b608: urand_change_num 40 extract_buf: pool_sig 0000028b, data_sig fffffefd, bytes_mixed 20 5fcdf66a 6442b608
[    5.582086] random 0025 0000 0000 61333f6b 8fae0f9b: urand_change_num 41 extract_buf: pool_sig 000000cb, data_sig 000000b3, bytes_mixed 20 61333f6b 8fae0f9b
[    5.582091] random 0025 0000 0000 61333f6b 8fae0f9b: urand_change_num 42 extract_buf: pool_sig fffffef8, data_sig 00000051, bytes_mixed 20 61333f6b 8fae0f9b
[    5.582094] BEGIN NET_SECRET:
[    5.582095] \xffffffe0
[    5.582096] \xffffffb6
[    5.582097] \x36
[    5.582098] \xffffffb5
[    5.582099] \xffffff94
[    5.582100] \xffffffb2
[    5.582100] \xffffffa8
[    5.582101] \xffffffda
[    5.582102] \x5b
[    5.582103] \x19
[    5.582104] \x18
[    5.582104] \x5c
[    5.582105] \x2b
[    5.582106] \x1
[    5.582107] \xffffff90
[    5.582107] \x19
[    5.582108] \x3c
[    5.582109] \xfffffff2
[    5.582110] \xffffff82
[    5.582110] \x2a
[    5.582111] \xffffffb3
[    5.582112] \xffffffa2
[    5.582113] \x3f
[    5.582114] \x5
[    5.582114] \x52
[    5.582115] \x77
[    5.582116] \x57
[    5.582116] \x79
[    5.582117] \x16
[    5.582118] \x43
[    5.582119] \xffffff84
[    5.582119] \xffffffc3
[    5.582120] \xffffffe9
[    5.582121] \x79
[    5.582122] \x50
[    5.582123] \xffffff8e
[    5.582123] \x3f
[    5.582124] \xfffffff3
[    5.582125] \x19
[    5.582126] \x2a
[    5.582126] \xfffffffd
[    5.582127] \xfffffffb
[    5.582128] \x62
[    5.582129] \x3c
[    5.582130] \xffffffac
[    5.582130] \x1c
[    5.582131] \x3b
[    5.582132] \x3b
[    5.582133] \x15
[    5.582133] \x27
[    5.582134] \xffffffa8
[    5.582135] \x22
[    5.582136] \xffffffc5
[    5.582136] \xffffff9a
[    5.582137] \x5
[    5.582138] \x6c
[    5.582139] \xffffffa8
[    5.582140] \x3a
[    5.582140] \x44
[    5.582141] \xffffffaf
[    5.582142] \x13
[    5.582143] \xffffffe0
[    5.582143] \xffffff9d
[    5.582144] \x22
[    5.582145] 
[    5.582145] END NET_SECRET
[    5.582148] random 0025 0000 0000 e7f555d9 e8ce5c3c: rand_read_num 9 get_random_bytes(4): sig 0000068c e7f555d9 e8ce5c3c
[    5.582151] random 0025 0000 0000 e7f555d9 e8ce5c3c: extract_entropy(.. 4 ..)
[    5.582153] random 0025 0000 0000 e7f555d9 e8ce5c3c: going to reseed nonblocking with 64 bits (32 of 0 requested)
[    5.582155] random 0025 0000 0000 e7f555d9 e8ce5c3c: extract_entropy(.. 8 ..)
[    5.582157] random 0025 0000 0000 e7f555d9 e8ce5c3c: trying to extract 64 bits from input
[    5.582159] random 0025 0000 0000 e7f555d9 e8ce5c3c: debiting 0 entropy credits from input
[    5.582161] random 0025 0000 0000 e7f555d9 e8ce5c3c: extract_entropy account returned: 0 
[    5.582164] random 0025 0000 0000 e7f555d9 e8ce5c3c: urand_change_num 43 xfer_secondary_pool(4): pool_sig 0000068c, data_sig 00000000, bytes_mixed 0 e7f555d9 e8ce5c3c
[    5.582167] random 0025 0000 0000 e7f555d9 e8ce5c3c: trying to extract 32 bits from nonblocking
[    5.582170] random 0025 0000 0000 e7f555d9 e8ce5c3c: debiting 32 entropy credits from nonblocking (unlimited)
[    5.582172] random 0025 0000 0000 e7f555d9 e8ce5c3c: extract_entropy account returned: 4 
[    5.582176] random 0025 0000 0000 e7f555d9 e8ce5c3c: urand_change_num 44 extract_buf: pool_sig 0000068c, data_sig fffffdcb, bytes_mixed 20 e7f555d9 e8ce5c3c
[    5.582187] md: Waiting for all devices to be available before autodetect
[    5.582283] md: If you don't use raid, use raid=noautodetect
[    5.582444] md: Autodetecting RAID arrays.
[    5.582533] md: Scanned 0 and added 0 devices.
[    5.582620] md: autorun ...
[    5.582709] md: ... autorun DONE.
[    5.596642] random 0025 0000 0000 e7f555d9 e8ce5c3c: add_disk_randomness(8:0) e7f555d9 e8ce5c3c
[    5.596646] random 0025 0000 0000 e7f555d9 e8ce5c3c: add_timer_randomness(.. 8388864) with jiffies: 7673486041021120933, cycles: 7673486036726448138
[    5.596648] random 0025 0000 0000 e7f555d9 e8ce5c3c: added 4 entropy credits to input
[    5.597772] random 0029 0000 0000 e7f555d9 e8ce5c3c: add_disk_randomness(8:0) e7f555d9 e8ce5c3c
[    5.597775] random 0029 0000 0000 e7f555d9 e8ce5c3c: add_timer_randomness(.. 8388864) with jiffies: 7683636281397182887, cycles: 7683636277102510090
[    5.597778] random 0029 0000 0000 e7f555d9 e8ce5c3c: added 1 entropy credits to input
[    5.604853] random 0030 0000 0000 e7f555d9 e8ce5c3c: add_disk_randomness(8:0) e7f555d9 e8ce5c3c
[    5.604856] random 0030 0000 0000 e7f555d9 e8ce5c3c: add_timer_randomness(.. 8388864) with jiffies: 7747354552184832430, cycles: 7747354547890159626
[    5.604859] random 0030 0000 0000 e7f555d9 e8ce5c3c: added 2 entropy credits to input
[    5.604863] EXT3-fs: sda2: couldn't mount because of unsupported optional features (240).
[    5.605092] random 0032 0000 0000 e7f555d9 e8ce5c3c: add_disk_randomness(8:0) e7f555d9 e8ce5c3c
[    5.605095] random 0032 0000 0000 e7f555d9 e8ce5c3c: add_timer_randomness(.. 8388864) with jiffies: 7749512270739898798, cycles: 7749512266445225994
[    5.605100] EXT2-fs: sda2: couldn't mount because of unsupported optional features (240).
[    5.605324] random 0032 0000 0000 e7f555d9 e8ce5c3c: add_disk_randomness(8:0) e7f555d9 e8ce5c3c
[    5.605327] random 0032 0000 0000 e7f555d9 e8ce5c3c: add_timer_randomness(.. 8388864) with jiffies: 7751599998507909550, cycles: 7751599994213236746
[    5.605456] random 0032 0000 0000 e7f555d9 e8ce5c3c: add_disk_randomness(8:0) e7f555d9 e8ce5c3c
[    5.605459] random 0032 0000 0000 e7f555d9 e8ce5c3c: add_timer_randomness(.. 8388864) with jiffies: 7752787449591071150, cycles: 7752787445296398346
[    5.605611] random 0032 0000 0000 e7f555d9 e8ce5c3c: add_disk_randomness(8:0) e7f555d9 e8ce5c3c
[    5.605614] random 0032 0000 0000 e7f555d9 e8ce5c3c: add_timer_randomness(.. 8388864) with jiffies: 7754184739891413422, cycles: 7754184735596740618
[    5.605735] random 0032 0000 0000 e7f555d9 e8ce5c3c: add_disk_randomness(8:0) e7f555d9 e8ce5c3c
[    5.605738] random 0032 0000 0000 e7f555d9 e8ce5c3c: add_timer_randomness(.. 8388864) with jiffies: 7755295392664355247, cycles: 7755295388369682442
[    5.605851] random 0032 0000 0000 e7f555d9 e8ce5c3c: add_disk_randomness(8:0) e7f555d9 e8ce5c3c
[    5.605854] random 0032 0000 0000 e7f555d9 e8ce5c3c: add_timer_randomness(.. 8388864) with jiffies: 7756338537141338543, cycles: 7756338532846665738
[    5.605968] random 0032 0000 0000 e7f555d9 e8ce5c3c: add_disk_randomness(8:0) e7f555d9 e8ce5c3c
[    5.605971] random 0032 0000 0000 e7f555d9 e8ce5c3c: add_timer_randomness(.. 8388864) with jiffies: 7757387767586980271, cycles: 7757387763292307466
[    5.606080] random 0032 0000 0000 e7f555d9 e8ce5c3c: add_disk_randomness(8:0) e7f555d9 e8ce5c3c
[    5.606083] random 0032 0000 0000 e7f555d9 e8ce5c3c: add_timer_randomness(.. 8388864) with jiffies: 7758401100695962031, cycles: 7758401096401289226
[    5.606230] random 0032 0000 0000 e7f555d9 e8ce5c3c: add_disk_randomness(8:0) e7f555d9 e8ce5c3c
[    5.606233] random 0032 0000 0000 e7f555d9 e8ce5c3c: add_timer_randomness(.. 8388864) with jiffies: 7759753293839696303, cycles: 7759753289545023498
[    5.606468] random 0032 0000 0000 e7f555d9 e8ce5c3c: rand_read_num 10 get_random_bytes(4): sig ffffff72 e7f555d9 e8ce5c3c
[    5.606470] random 0032 0000 0000 e7f555d9 e8ce5c3c: extract_entropy(.. 4 ..)
[    5.606473] random 0032 0000 0000 e7f555d9 e8ce5c3c: going to reseed nonblocking with 64 bits (32 of 0 requested)
[    5.606475] random 0032 0000 0000 e7f555d9 e8ce5c3c: extract_entropy(.. 8 ..)
[    5.606477] random 0032 0000 0000 e7f555d9 e8ce5c3c: trying to extract 64 bits from input
[    5.606479] random 0032 0000 0000 e7f555d9 e8ce5c3c: debiting 0 entropy credits from input
[    5.606481] random 0032 0000 0000 e7f555d9 e8ce5c3c: extract_entropy account returned: 0 
[    5.606484] random 0032 0000 0000 e7f555d9 e8ce5c3c: urand_change_num 45 xfer_secondary_pool(4): pool_sig ffffff72, data_sig 00000000, bytes_mixed 0 e7f555d9 e8ce5c3c
[    5.606487] random 0032 0000 0000 e7f555d9 e8ce5c3c: trying to extract 32 bits from nonblocking
[    5.606490] random 0032 0000 0000 e7f555d9 e8ce5c3c: debiting 32 entropy credits from nonblocking (unlimited)
[    5.606492] random 0032 0000 0000 e7f555d9 e8ce5c3c: extract_entropy account returned: 4 
[    5.606496] random 0032 0000 0000 e7f555d9 e8ce5c3c: urand_change_num 46 extract_buf: pool_sig ffffff72, data_sig ffffff72, bytes_mixed 20 e7f555d9 e8ce5c3c
[    5.611095] random 0032 0000 0000 91716c54 eeb6a1e7: add_disk_randomness(8:0) 91716c54 eeb6a1e7
[    5.611098] random 0032 0000 0000 91716c54 eeb6a1e7: add_timer_randomness(.. 8388864) with jiffies: 7803526217541058996, cycles: 7803526213246386186
[    5.611101] random 0032 0000 0000 91716c54 eeb6a1e7: added 2 entropy credits to input
[    5.629365] random 0034 0000 0000 91716c54 eeb6a1e7: add_disk_randomness(8:0) 91716c54 eeb6a1e7
[    5.629368] random 0034 0000 0000 91716c54 eeb6a1e7: add_timer_randomness(.. 8388864) with jiffies: 7967930968562172358, cycles: 7967930964267499530
[    5.629371] random 0034 0000 0000 91716c54 eeb6a1e7: added 3 entropy credits to input
[    5.634023] EXT4-fs (sda2): mounted filesystem with ordered data mode
[    5.634222] VFS: Mounted root (ext4 filesystem) readonly on device 8:2.
[    5.634325] Freeing unused kernel memory: 448k freed
[    5.654511] random 0037 0000 0000 91716c54 eeb6a1e7: add_disk_randomness(8:0) 91716c54 eeb6a1e7
[    5.654514] random 0037 0000 0000 91716c54 eeb6a1e7: add_timer_randomness(.. 8388864) with jiffies: 8194204641877787103, cycles: 8194204637583114250
[    5.654517] random 0037 0000 0000 91716c54 eeb6a1e7: added 2 entropy credits to input
[    5.655243] random 0039 0000 0000 91716c54 eeb6a1e7: add_disk_randomness(8:0) 91716c54 eeb6a1e7
[    5.655246] random 0039 0000 0000 91716c54 eeb6a1e7: add_timer_randomness(.. 8388864) with jiffies: 8200786258352112096, cycles: 8200786254057439242
[    5.659966] random 0039 0000 0000 91716c54 eeb6a1e7: add_disk_randomness(8:0) 91716c54 eeb6a1e7
[    5.659969] random 0039 0000 0000 91716c54 eeb6a1e7: add_timer_randomness(.. 8388864) with jiffies: 8243287575381115365, cycles: 8243287571086442506
[    5.659972] random 0039 0000 0000 91716c54 eeb6a1e7: added 2 entropy credits to input
[    5.668165] random 0041 0000 0000 91716c54 eeb6a1e7: add_disk_randomness(8:0) 91716c54 eeb6a1e7
[    5.668168] random 0041 0000 0000 91716c54 eeb6a1e7: add_timer_randomness(.. 8388864) with jiffies: 8317062284459082221, cycles: 8317062280164409354
[    5.671586] random 0041 0000 0000 91716c54 eeb6a1e7: add_disk_randomness(8:0) 91716c54 eeb6a1e7
[    5.671589] random 0041 0000 0000 91716c54 eeb6a1e7: add_timer_randomness(.. 8388864) with jiffies: 8347857015287808496, cycles: 8347857010993135626
[    5.671592] random 0041 0000 0000 91716c54 eeb6a1e7: added 1 entropy credits to input
[    5.680481] random 0042 0000 0000 91716c54 eeb6a1e7: add_disk_randomness(8:0) 91716c54 eeb6a1e7
[    5.680484] random 0042 0000 0000 91716c54 eeb6a1e7: add_timer_randomness(.. 8388864) with jiffies: 8427895762368299513, cycles: 8427895758073626634
[    5.680487] random 0042 0000 0000 91716c54 eeb6a1e7: added 2 entropy credits to input
[    5.693757] random 0044 0000 0000 91716c54 eeb6a1e7: add_disk_randomness(8:0) 91716c54 eeb6a1e7
[    5.693761] random 0044 0000 0000 91716c54 eeb6a1e7: add_timer_randomness(.. 8388864) with jiffies: 8547348750014317063, cycles: 8547348745719644170
[    5.701830] random 0044 0000 0000 91716c54 eeb6a1e7: add_disk_randomness(8:0) 91716c54 eeb6a1e7
[    5.701833] random 0044 0000 0000 91716c54 eeb6a1e7: add_timer_randomness(.. 8388864) with jiffies: 8619990167546724879, cycles: 8619990163252051978
[    5.701836] random 0044 0000 0000 91716c54 eeb6a1e7: added 2 entropy credits to input
[    5.701859] RANDOM get_random_int call with cycles 44956725681, jiffies 4294672911 and pid 1
[    5.701861] RANDOM get_random_int call with cycles 44956732338, jiffies 4294672911 and pid 1
[    5.701863] ASLR stack rand value: 3534848 after shift for pid: 1
[    5.701865] RANDOM get_random_int call with cycles 44956740097, jiffies 4294672911 and pid 1
[    5.713475] random 0046 0000 0000 91716c54 eeb6a1e7: add_disk_randomness(8:0) 91716c54 eeb6a1e7
[    5.713478] random 0046 0000 0000 91716c54 eeb6a1e7: add_timer_randomness(.. 8388864) with jiffies: 8724779591383351834, cycles: 8724779587088678922
[    5.713480] random 0046 0000 0000 91716c54 eeb6a1e7: added 1 entropy credits to input
[    5.713490] RANDOM get_random_int call with cycles 44981097094, jiffies 4294672922 and pid 1
[    5.713496] random 0047 0000 0000 91716c54 eeb6a1e7: rand_read_num 11 get_random_bytes(16): sig fffffcad 91716c54 eeb6a1e7
[    5.713499] random 0047 0000 0000 91716c54 eeb6a1e7: extract_entropy(.. 16 ..)
[    5.713501] random 0047 0000 0000 91716c54 eeb6a1e7: going to reseed nonblocking with 128 bits (128 of 0 requested)
[    5.713503] random 0047 0000 0000 91716c54 eeb6a1e7: extract_entropy(.. 16 ..)
[    5.713506] random 0047 0000 0000 91716c54 eeb6a1e7: trying to extract 128 bits from input
[    5.713508] random 0047 0000 0000 91716c54 eeb6a1e7: debiting 0 entropy credits from input
[    5.713510] random 0047 0000 0000 91716c54 eeb6a1e7: extract_entropy account returned: 0 
[    5.713513] random 0047 0000 0000 91716c54 eeb6a1e7: urand_change_num 47 xfer_secondary_pool(16): pool_sig fffffcad, data_sig 00000000, bytes_mixed 0 91716c54 eeb6a1e7
[    5.713516] random 0047 0000 0000 91716c54 eeb6a1e7: trying to extract 128 bits from nonblocking
[    5.713518] random 0047 0000 0000 91716c54 eeb6a1e7: debiting 128 entropy credits from nonblocking (unlimited)
[    5.713521] random 0047 0000 0000 91716c54 eeb6a1e7: extract_entropy account returned: 16 
[    5.713525] random 0047 0000 0000 91716c54 eeb6a1e7: urand_change_num 48 extract_buf: pool_sig fffffcad, data_sig ffffff19, bytes_mixed 20 91716c54 eeb6a1e7
[    5.713530] random 0047 0000 0000 fd637b06 6cf47bc1: urand_change_num 49 extract_buf: pool_sig fffffede, data_sig ffffffc1, bytes_mixed 20 fd637b06 6cf47bc1
[    5.714486] random 0047 0000 0000 fd637b06 6cf47bc1: add_disk_randomness(8:0) fd637b06 6cf47bc1
[    5.714489] random 0047 0000 0000 fd637b06 6cf47bc1: add_timer_randomness(.. 8388864) with jiffies: 8733884118891987483, cycles: 8733884114597314570
[    5.715622] random 0047 0000 0000 fd637b06 6cf47bc1: add_disk_randomness(8:0) fd637b06 6cf47bc1
[    5.715625] random 0047 0000 0000 fd637b06 6cf47bc1: add_timer_randomness(.. 8388864) with jiffies: 8744108456043840028, cycles: 8744108451749167114
[    5.716786] random 0047 0000 0000 fd637b06 6cf47bc1: add_disk_randomness(8:0) fd637b06 6cf47bc1
[    5.716789] random 0047 0000 0000 fd637b06 6cf47bc1: add_timer_randomness(.. 8388864) with jiffies: 8754563467299226142, cycles: 8754563463004553226
[    5.717660] random 0047 0000 0000 fd637b06 6cf47bc1: add_disk_randomness(8:0) fd637b06 6cf47bc1
[    5.717663] random 0047 0000 0000 fd637b06 6cf47bc1: add_timer_randomness(.. 8388864) with jiffies: 8762432289767129631, cycles: 8762432285472456714
[    5.717832] random 0047 0000 0000 fd637b06 6cf47bc1: add_disk_randomness(8:0) fd637b06 6cf47bc1
[    5.717835] random 0047 0000 0000 fd637b06 6cf47bc1: add_timer_randomness(.. 8388864) with jiffies: 8763979122238784031, cycles: 8763979117944111114
[    5.718055] random 0047 0000 0000 fd637b06 6cf47bc1: add_disk_randomness(8:0) fd637b06 6cf47bc1
[    5.718058] random 0047 0000 0000 fd637b06 6cf47bc1: add_timer_randomness(.. 8388864) with jiffies: 8765988784681222687, cycles: 8765988780386549770
[    5.728536] random 0047 0000 0000 fd637b06 6cf47bc1: add_disk_randomness(8:0) fd637b06 6cf47bc1
[    5.728539] random 0047 0000 0000 fd637b06 6cf47bc1: add_timer_randomness(.. 8388864) with jiffies: 8860311248663446057, cycles: 8860311244368773130
[    5.728542] random 0047 0000 0000 fd637b06 6cf47bc1: added 3 entropy credits to input
[    5.728973] random 0050 0000 0000 fd637b06 6cf47bc1: add_disk_randomness(8:0) fd637b06 6cf47bc1
[    5.728976] random 0050 0000 0000 fd637b06 6cf47bc1: add_timer_randomness(.. 8388864) with jiffies: 8864233618956583466, cycles: 8864233614661910538
[    5.738716] random 0050 0000 0000 fd637b06 6cf47bc1: add_disk_randomness(8:0) fd637b06 6cf47bc1
[    5.738719] random 0050 0000 0000 fd637b06 6cf47bc1: add_timer_randomness(.. 8388864) with jiffies: 8951904608821412404, cycles: 8951904604526739466
[    5.738722] random 0050 0000 0000 fd637b06 6cf47bc1: added 3 entropy credits to input
[    5.738775] RANDOM get_random_int call with cycles 45034067725, jiffies 4294672948 and pid 1
[    5.751356] random 0053 0000 0000 fd637b06 6cf47bc1: add_disk_randomness(8:0) fd637b06 6cf47bc1
[    5.751360] random 0053 0000 0000 fd637b06 6cf47bc1: add_timer_randomness(.. 8388864) with jiffies: 9065653033789784640, cycles: 9065653029495111690
[    5.751362] random 0053 0000 0000 fd637b06 6cf47bc1: added 1 entropy credits to input
[    5.764466] random 0054 0000 0000 fd637b06 6cf47bc1: add_disk_randomness(8:0) fd637b06 6cf47bc1
[    5.764469] random 0054 0000 0000 fd637b06 6cf47bc1: add_timer_randomness(.. 8388864) with jiffies: 9183619438765376077, cycles: 9183619434470703114
[    5.764607] random 0054 0000 0000 fd637b06 6cf47bc1: add_disk_randomness(8:0) fd637b06 6cf47bc1
[    5.764610] random 0054 0000 0000 fd637b06 6cf47bc1: add_timer_randomness(.. 8388864) with jiffies: 9184886127700181581, cycles: 9184886123405508618
[    5.766768] random 0054 0000 0000 fd637b06 6cf47bc1: add_disk_randomness(8:0) fd637b06 6cf47bc1
[    5.766771] random 0054 0000 0000 fd637b06 6cf47bc1: add_timer_randomness(.. 8388864) with jiffies: 9204325570588672592, cycles: 9204325566293999626
[    5.766774] random 0054 0000 0000 fd637b06 6cf47bc1: added 1 entropy credits to input
[    5.767016] random 0055 0000 0000 fd637b06 6cf47bc1: add_disk_randomness(8:0) fd637b06 6cf47bc1
[    5.767019] random 0055 0000 0000 fd637b06 6cf47bc1: add_timer_randomness(.. 8388864) with jiffies: 9206558060229395024, cycles: 9206558055934722058
[    5.767189] random 0055 0000 0000 fd637b06 6cf47bc1: add_disk_randomness(8:0) fd637b06 6cf47bc1
[    5.767192] random 0055 0000 0000 fd637b06 6cf47bc1: add_timer_randomness(.. 8388864) with jiffies: 9208112606462313040, cycles: 9208112602167640074
[    5.770321] random 0055 0000 0000 fd637b06 6cf47bc1: add_disk_randomness(8:0) fd637b06 6cf47bc1
[    5.770325] random 0055 0000 0000 fd637b06 6cf47bc1: add_timer_randomness(.. 8388864) with jiffies: 9236305635081683539, cycles: -9210438442922541046
[    5.770327] random 0055 0000 0000 fd637b06 6cf47bc1: added 1 entropy credits to input
[    5.772333] random 0056 0000 0000 fd637b06 6cf47bc1: add_disk_randomness(8:0) fd637b06 6cf47bc1
[    5.772336] random 0056 0000 0000 fd637b06 6cf47bc1: add_timer_randomness(.. 8388864) with jiffies: 9254404429698531925, cycles: -9192339648305692662
[    5.780162] random 0056 0000 0000 fd637b06 6cf47bc1: add_disk_randomness(8:0) fd637b06 6cf47bc1
[    5.780165] random 0056 0000 0000 fd637b06 6cf47bc1: add_timer_randomness(.. 8388864) with jiffies: 9324849482560143965, cycles: -9121894595444080630
[    5.780168] random 0056 0000 0000 fd637b06 6cf47bc1: added 2 entropy credits to input
[    5.780298] random 0058 0000 0000 fd637b06 6cf47bc1: add_disk_randomness(8:0) fd637b06 6cf47bc1
[    5.780301] random 0058 0000 0000 fd637b06 6cf47bc1: add_timer_randomness(.. 8388864) with jiffies: 9326078423027384925, cycles: -9120665654976839670
[    5.783858] random 0058 0000 0000 fd637b06 6cf47bc1: add_disk_randomness(8:0) fd637b06 6cf47bc1
[    5.783861] random 0058 0000 0000 fd637b06 6cf47bc1: add_timer_randomness(.. 8388864) with jiffies: 9358103988403929697, cycles: -9088640089600294902
[    5.783863] random 0058 0000 0000 fd637b06 6cf47bc1: added 2 entropy credits to input
[    5.788355] random 0060 0000 0000 fd637b06 6cf47bc1: add_disk_randomness(8:0) fd637b06 6cf47bc1
[    5.788358] random 0060 0000 0000 fd637b06 6cf47bc1: add_timer_randomness(.. 8388864) with jiffies: 9398575667097600613, cycles: -9048168410906623990
[    5.793931] random 0060 0000 0000 fd637b06 6cf47bc1: add_disk_randomness(8:0) fd637b06 6cf47bc1
[    5.793934] random 0060 0000 0000 fd637b06 6cf47bc1: add_timer_randomness(.. 8388864) with jiffies: 9448745935996420715, cycles: -8997998142007803894
[    5.793937] random 0060 0000 0000 fd637b06 6cf47bc1: added 1 entropy credits to input
[    5.800208] random 0061 0000 0000 fd637b06 6cf47bc1: add_disk_randomness(8:0) fd637b06 6cf47bc1
[    5.800211] random 0061 0000 0000 fd637b06 6cf47bc1: add_timer_randomness(.. 8388864) with jiffies: 9505237928603517553, cycles: -8941506149400707062
[    5.800223] random 0061 0000 0000 fd637b06 6cf47bc1: rand_read_num 12 get_random_bytes(16): sig 0000033b fd637b06 6cf47bc1
[    5.800225] random 0061 0000 0000 fd637b06 6cf47bc1: extract_entropy(.. 16 ..)
[    5.800228] random 0061 0000 0000 fd637b06 6cf47bc1: going to reseed nonblocking with 128 bits (128 of 0 requested)
[    5.800230] random 0061 0000 0000 fd637b06 6cf47bc1: extract_entropy(.. 16 ..)
[    5.800232] random 0061 0000 0000 fd637b06 6cf47bc1: trying to extract 128 bits from input
[    5.800234] random 0061 0000 0000 fd637b06 6cf47bc1: debiting 0 entropy credits from input
[    5.800236] random 0061 0000 0000 fd637b06 6cf47bc1: extract_entropy account returned: 0 
[    5.800239] random 0061 0000 0000 fd637b06 6cf47bc1: urand_change_num 50 xfer_secondary_pool(16): pool_sig 0000033b, data_sig 00000000, bytes_mixed 0 fd637b06 6cf47bc1
[    5.800242] random 0061 0000 0000 fd637b06 6cf47bc1: trying to extract 128 bits from nonblocking
[    5.800245] random 0061 0000 0000 fd637b06 6cf47bc1: debiting 128 entropy credits from nonblocking (unlimited)
[    5.800247] random 0061 0000 0000 fd637b06 6cf47bc1: extract_entropy account returned: 16 
[    5.800251] random 0061 0000 0000 fd637b06 6cf47bc1: urand_change_num 51 extract_buf: pool_sig 0000033b, data_sig 000000d8, bytes_mixed 20 fd637b06 6cf47bc1
[    5.800257] random 0061 0000 0000 0ec1f012 d4727ca8: urand_change_num 52 extract_buf: pool_sig fffffcf5, data_sig 00000016, bytes_mixed 20 0ec1f012 d4727ca8
[    5.806957] random 0061 0000 0000 45b1d0b1 845a73f7: add_disk_randomness(8:0) 45b1d0b1 845a73f7
[    5.806961] random 0061 0000 0000 45b1d0b1 845a73f7: add_timer_randomness(.. 8388864) with jiffies: 9565965128331657848, cycles: -8880778949672566774
[    5.814175] random 0061 0000 0000 45b1d0b1 845a73f7: add_disk_randomness(8:0) 45b1d0b1 845a73f7
[    5.814178] random 0061 0000 0000 45b1d0b1 845a73f7: add_timer_randomness(.. 8388864) with jiffies: 9630916711863255679, cycles: -8815827366140968950
[    5.823823] random 0061 0000 0000 45b1d0b1 845a73f7: add_disk_randomness(8:0) 45b1d0b1 845a73f7
[    5.823826] random 0061 0000 0000 45b1d0b1 845a73f7: add_timer_randomness(.. 8388864) with jiffies: 9717721028867359369, cycles: -8729023049136865270
[    5.823828] random 0061 0000 0000 45b1d0b1 845a73f7: added 1 entropy credits to input
[    5.831661] random 0062 0000 0000 45b1d0b1 845a73f7: add_disk_randomness(8:0) 45b1d0b1 845a73f7
[    5.831664] random 0062 0000 0000 45b1d0b1 845a73f7: add_timer_randomness(.. 8388864) with jiffies: 9788251809276199569, cycles: -8658492268728025078
[    5.831667] random 0062 0000 0000 45b1d0b1 845a73f7: added 1 entropy credits to input
[    5.843056] random 0063 0000 0000 45b1d0b1 845a73f7: add_disk_randomness(8:0) 45b1d0b1 845a73f7
[    5.843059] random 0063 0000 0000 45b1d0b1 845a73f7: add_timer_randomness(.. 8388864) with jiffies: 9890793904360096412, cycles: -8555950173644128246
[    5.843062] random 0063 0000 0000 45b1d0b1 845a73f7: added 1 entropy credits to input
[    5.857321] random 0064 0000 0000 45b1d0b1 845a73f7: add_disk_randomness(8:0) 45b1d0b1 845a73f7
[    5.857324] random 0064 0000 0000 45b1d0b1 845a73f7: add_timer_randomness(.. 8388864) with jiffies: 10019156286265590442, cycles: -8427587791738634230
[    5.862720] random 0064 0000 0000 45b1d0b1 845a73f7: add_disk_randomness(8:0) 45b1d0b1 845a73f7
[    5.862723] random 0064 0000 0000 45b1d0b1 845a73f7: add_timer_randomness(.. 8388864) with jiffies: 10067728268984550064, cycles: -8379015809019674614
[    5.862725] random 0064 0000 0000 45b1d0b1 845a73f7: added 2 entropy credits to input
[    5.867890] random 0066 0000 0000 45b1d0b1 845a73f7: add_disk_randomness(8:0) 45b1d0b1 845a73f7
[    5.867893] random 0066 0000 0000 45b1d0b1 845a73f7: add_timer_randomness(.. 8388864) with jiffies: 10114253291765072565, cycles: -8332490786239152118
[    5.880260] random 0066 0000 0000 45b1d0b1 845a73f7: add_disk_randomness(8:0) 45b1d0b1 845a73f7
[    5.880263] random 0066 0000 0000 45b1d0b1 845a73f7: add_timer_randomness(.. 8388864) with jiffies: 10225573501138076353, cycles: -8221170576866148342
[    5.880266] random 0066 0000 0000 45b1d0b1 845a73f7: added 2 entropy credits to input
[    5.893538] random 0068 0000 0000 45b1d0b1 845a73f7: add_disk_randomness(8:0) 45b1d0b1 845a73f7
[    5.893541] random 0068 0000 0000 45b1d0b1 845a73f7: add_timer_randomness(.. 8388864) with jiffies: 10345053684517012174, cycles: -8101690393487212534
[    5.901073] random 0068 0000 0000 45b1d0b1 845a73f7: add_disk_randomness(8:0) 45b1d0b1 845a73f7
[    5.901076] random 0068 0000 0000 45b1d0b1 845a73f7: add_timer_randomness(.. 8388864) with jiffies: 10412847110469419734, cycles: -8033896967534804982
[    5.901078] random 0068 0000 0000 45b1d0b1 845a73f7: added 2 entropy credits to input
[    5.910671] random 0070 0000 0000 45b1d0b1 845a73f7: add_disk_randomness(8:0) 45b1d0b1 845a73f7
[    5.910674] random 0070 0000 0000 45b1d0b1 845a73f7: add_timer_randomness(.. 8388864) with jiffies: 10499207310675247840, cycles: -7947536767328976886
[    5.910676] random 0070 0000 0000 45b1d0b1 845a73f7: added 1 entropy credits to input
[    5.918197] random 0071 0000 0000 45b1d0b1 845a73f7: add_disk_randomness(8:0) 45b1d0b1 845a73f7
[    5.918200] random 0071 0000 0000 45b1d0b1 845a73f7: add_timer_randomness(.. 8388864) with jiffies: 10566940937797993191, cycles: -7879803140206231542
[    5.918203] random 0071 0000 0000 45b1d0b1 845a73f7: added 1 entropy credits to input
[    5.928209] random 0072 0000 0000 45b1d0b1 845a73f7: add_disk_randomness(8:0) 45b1d0b1 845a73f7
[    5.928212] random 0072 0000 0000 45b1d0b1 845a73f7: add_timer_randomness(.. 8388864) with jiffies: 10657035315714949873, cycles: -7789708762289274870
[    5.928215] random 0072 0000 0000 45b1d0b1 845a73f7: added 1 entropy credits to input
[    5.941097] random 0073 0000 0000 45b1d0b1 845a73f7: add_disk_randomness(8:0) 45b1d0b1 845a73f7
[    5.941100] random 0073 0000 0000 45b1d0b1 845a73f7: add_timer_randomness(.. 8388864) with jiffies: 10772996250136183550, cycles: -7673747827868041206
[    5.948448] random 0073 0000 0000 45b1d0b1 845a73f7: add_disk_randomness(8:0) 45b1d0b1 845a73f7
[    5.948451] random 0073 0000 0000 45b1d0b1 845a73f7: add_timer_randomness(.. 8388864) with jiffies: 10839156171176903429, cycles: -7607587906827321334
[    5.948454] random 0073 0000 0000 45b1d0b1 845a73f7: added 2 entropy credits to input
[    5.953740] random 0075 0000 0000 45b1d0b1 845a73f7: add_disk_randomness(8:0) 45b1d0b1 845a73f7
[    5.953743] random 0075 0000 0000 45b1d0b1 845a73f7: add_timer_randomness(.. 8388864) with jiffies: 10886762623772885771, cycles: -7559981454231338998
[    5.960135] random 0075 0000 0000 45b1d0b1 845a73f7: add_disk_randomness(8:0) 45b1d0b1 845a73f7
[    5.960138] random 0075 0000 0000 45b1d0b1 845a73f7: add_timer_randomness(.. 8388864) with jiffies: 10944311826874860305, cycles: -7502432251129364470
[    5.965194] random 0075 0000 0000 45b1d0b1 845a73f7: add_disk_randomness(8:0) 45b1d0b1 845a73f7
[    5.965197] random 0075 0000 0000 45b1d0b1 845a73f7: add_timer_randomness(.. 8388864) with jiffies: 10989838849579647766, cycles: -7456905228424577014
[    5.971087] random 0075 0000 0000 45b1d0b1 845a73f7: add_disk_randomness(8:0) 45b1d0b1 845a73f7
[    5.971090] random 0075 0000 0000 45b1d0b1 845a73f7: add_timer_randomness(.. 8388864) with jiffies: 11042857231551529756, cycles: -7403886846452695030
[    5.980437] random 0075 0000 0000 45b1d0b1 845a73f7: add_disk_randomness(8:0) 45b1d0b1 845a73f7
[    5.980439] random 0075 0000 0000 45b1d0b1 845a73f7: add_timer_randomness(.. 8388864) with jiffies: 11126995851333567269, cycles: -7319748226670657526
[    5.980442] random 0075 0000 0000 45b1d0b1 845a73f7: added 1 entropy credits to input
[    5.985313] random 0076 0000 0000 45b1d0b1 845a73f7: add_disk_randomness(8:0) 45b1d0b1 845a73f7
[    5.985316] random 0076 0000 0000 45b1d0b1 845a73f7: add_timer_randomness(.. 8388864) with jiffies: 11170871824185262890, cycles: -7275872253818961910
[    5.985318] random 0076 0000 0000 45b1d0b1 845a73f7: added 2 entropy credits to input
[    5.992745] random 0078 0000 0000 45b1d0b1 845a73f7: add_disk_randomness(8:0) 45b1d0b1 845a73f7
[    5.992748] random 0078 0000 0000 45b1d0b1 845a73f7: add_timer_randomness(.. 8388864) with jiffies: 11237745087754240818, cycles: -7208998990249983990
[    5.992751] random 0078 0000 0000 45b1d0b1 845a73f7: added 1 entropy credits to input
[    5.998967] random 0079 0000 0000 45b1d0b1 845a73f7: add_disk_randomness(8:0) 45b1d0b1 845a73f7
[    5.998970] random 0079 0000 0000 45b1d0b1 845a73f7: add_timer_randomness(.. 8388864) with jiffies: 11293736141145735992, cycles: -7153007936858488822
[    5.998973] random 0079 0000 0000 45b1d0b1 845a73f7: added 1 entropy credits to input
[    5.999119] random 0080 0000 0000 45b1d0b1 845a73f7: add_disk_randomness(8:0) 45b1d0b1 845a73f7
[    5.999122] random 0080 0000 0000 45b1d0b1 845a73f7: add_timer_randomness(.. 8388864) with jiffies: 11295105471208981304, cycles: -7151638606795243510
[    6.013520] random 0080 0000 0000 45b1d0b1 845a73f7: add_disk_randomness(8:0) 45b1d0b1 845a73f7
[    6.013524] random 0080 0000 0000 45b1d0b1 845a73f7: add_timer_randomness(.. 8388864) with jiffies: 11424698644712620870, cycles: -7022045433291603958
[    6.013527] random 0080 0000 0000 45b1d0b1 845a73f7: added 3 entropy credits to input
[    6.020944] random 0083 0000 0000 45b1d0b1 845a73f7: add_disk_randomness(8:0) 45b1d0b1 845a73f7
[    6.020947] random 0083 0000 0000 45b1d0b1 845a73f7: add_timer_randomness(.. 8388864) with jiffies: 11491491231615910734, cycles: -6955252846388314102
[    6.020950] random 0083 0000 0000 45b1d0b1 845a73f7: added 2 entropy credits to input
[    6.030624] random 0085 0000 0000 45b1d0b1 845a73f7: add_disk_randomness(8:0) 45b1d0b1 845a73f7
[    6.030627] random 0085 0000 0000 45b1d0b1 845a73f7: add_timer_randomness(.. 8388864) with jiffies: 11578592511248794456, cycles: -6868151566755430390
[    6.030630] random 0085 0000 0000 45b1d0b1 845a73f7: added 1 entropy credits to input
[    6.041247] random 0086 0000 0000 45b1d0b1 845a73f7: add_disk_randomness(8:0) 45b1d0b1 845a73f7
[    6.041250] random 0086 0000 0000 45b1d0b1 845a73f7: add_timer_randomness(.. 8388864) with jiffies: 11674189687164732258, cycles: -6772554390839492598
[    6.053767] random 0086 0000 0000 45b1d0b1 845a73f7: add_disk_randomness(8:0) 45b1d0b1 845a73f7
[    6.053770] random 0086 0000 0000 45b1d0b1 845a73f7: add_timer_randomness(.. 8388864) with jiffies: 11786839678542119791, cycles: -6659904399462105078
[    6.053773] random 0086 0000 0000 45b1d0b1 845a73f7: added 1 entropy credits to input
[    6.054977] random 0087 0000 0000 45b1d0b1 845a73f7: add_disk_randomness(8:0) 45b1d0b1 845a73f7
[    6.054980] random 0087 0000 0000 45b1d0b1 845a73f7: add_timer_randomness(.. 8388864) with jiffies: 11797733124354048880, cycles: -6649010953650175990
[    6.058990] random 0087 0000 0000 45b1d0b1 845a73f7: add_disk_randomness(8:0) 45b1d0b1 845a73f7
[    6.058993] random 0087 0000 0000 45b1d0b1 845a73f7: add_timer_randomness(.. 8388864) with jiffies: 11833839303798784884, cycles: -6612904774205439990
[    6.058995] random 0087 0000 0000 45b1d0b1 845a73f7: added 1 entropy credits to input
[    6.068328] random 0088 0000 0000 45b1d0b1 845a73f7: add_disk_randomness(8:0) 45b1d0b1 845a73f7
[    6.068332] random 0088 0000 0000 45b1d0b1 845a73f7: add_timer_randomness(.. 8388864) with jiffies: 11917877000439300989, cycles: -6528867077564923894
[    6.068334] random 0088 0000 0000 45b1d0b1 845a73f7: added 1 entropy credits to input
[    6.068675] random 0089 0000 0000 45b1d0b1 845a73f7: add_disk_randomness(8:0) 45b1d0b1 845a73f7
[    6.068678] random 0089 0000 0000 45b1d0b1 845a73f7: add_timer_randomness(.. 8388864) with jiffies: 11920986943308661630, cycles: -6525757134695563254
[    6.084332] random 0089 0000 0000 45b1d0b1 845a73f7: add_disk_randomness(8:0) 45b1d0b1 845a73f7
[    6.084336] random 0089 0000 0000 45b1d0b1 845a73f7: add_timer_randomness(.. 8388864) with jiffies: 12061886515139806093, cycles: -6384857562864418806
[    6.084338] random 0089 0000 0000 45b1d0b1 845a73f7: added 3 entropy credits to input
[    6.085966] random 0092 0000 0000 45b1d0b1 845a73f7: add_disk_randomness(8:0) 45b1d0b1 845a73f7
[    6.085969] random 0092 0000 0000 45b1d0b1 845a73f7: add_timer_randomness(.. 8388864) with jiffies: 12076582372808295311, cycles: -6370161705195929590
[    6.085972] random 0092 0000 0000 45b1d0b1 845a73f7: added 1 entropy credits to input
[    6.086124] random 0093 0000 0000 45b1d0b1 845a73f7: add_disk_randomness(8:0) 45b1d0b1 845a73f7
[    6.086127] random 0093 0000 0000 45b1d0b1 845a73f7: add_timer_randomness(.. 8388864) with jiffies: 12078005097904964495, cycles: -6368738980099260406
[    6.096986] random 0093 0000 0000 45b1d0b1 845a73f7: add_disk_randomness(8:0) 45b1d0b1 845a73f7
[    6.096989] random 0093 0000 0000 45b1d0b1 845a73f7: add_timer_randomness(.. 8388864) with jiffies: 12175745471091540890, cycles: -6270998606912684022
[    6.096992] random 0093 0000 0000 45b1d0b1 845a73f7: added 3 entropy credits to input
[    6.097549] random 0096 0000 0000 45b1d0b1 845a73f7: add_disk_randomness(8:0) 45b1d0b1 845a73f7
[    6.097552] random 0096 0000 0000 45b1d0b1 845a73f7: add_timer_randomness(.. 8388864) with jiffies: 12180815881847931802, cycles: -6265928196156293110
[    6.102783] random 0096 0000 0000 45b1d0b1 845a73f7: add_disk_randomness(8:0) 45b1d0b1 845a73f7
[    6.102786] random 0096 0000 0000 45b1d0b1 845a73f7: add_timer_randomness(.. 8388864) with jiffies: 12227901281896465312, cycles: -6218842796107759606
[    6.102789] random 0096 0000 0000 45b1d0b1 845a73f7: added 2 entropy credits to input
[    6.104537] random 0098 0000 0000 45b1d0b1 845a73f7: add_disk_randomness(8:0) 45b1d0b1 845a73f7
[    6.104541] random 0098 0000 0000 45b1d0b1 845a73f7: add_timer_randomness(.. 8388864) with jiffies: 12243701341297017761, cycles: -6203042736707207158
[    6.114762] random 0098 0000 0000 45b1d0b1 845a73f7: add_disk_randomness(8:0) 45b1d0b1 845a73f7
[    6.114765] random 0098 0000 0000 45b1d0b1 845a73f7: add_timer_randomness(.. 8388864) with jiffies: 12335693630902338476, cycles: -6111050447101886454
[    6.114768] random 0098 0000 0000 45b1d0b1 845a73f7: added 3 entropy credits to input
[    6.128693] random 0101 0000 0000 45b1d0b1 845a73f7: add_disk_randomness(8:0) 45b1d0b1 845a73f7
[    6.128696] random 0101 0000 0000 45b1d0b1 845a73f7: add_timer_randomness(.. 8388864) with jiffies: 12461045464071635898, cycles: -5985698613932589046
[    6.128698] random 0101 0000 0000 45b1d0b1 845a73f7: added 1 entropy credits to input
[    6.141215] random 0102 0000 0000 45b1d0b1 845a73f7: add_disk_randomness(8:0) 45b1d0b1 845a73f7
