[    0.000000] random 0000 0000 0000 00000000 00000000: rand_read_num 1 get_random_bytes(8): sig 00000000 00000000 00000000
[    0.000000] random 0000 0000 0000 00000000 00000000: extract_entropy(.. 8 ..)
[    0.000000] random 0000 0000 0000 00000000 00000000: going to reseed nonblocking with 64 bits (64 of 0 requested)
[    0.000000] random 0000 0000 0000 00000000 00000000: extract_entropy(.. 8 ..)
[    0.000000] random 0000 0000 0000 00000000 00000000: trying to extract 64 bits from input
[    0.000000] random 0000 0000 0000 00000000 00000000: debiting 0 entropy credits from input
[    0.000000] random 0000 0000 0000 00000000 00000000: extract_entropy account returned: 0 
[    0.000000] random 0000 0000 0000 00000000 00000000: urand_change_num 1 xfer_secondary_pool(8): pool_sig 00000000, data_sig 00000000, bytes_mixed 0 00000000 00000000
[    0.000000] random 0000 0000 0000 00000000 00000000: trying to extract 64 bits from nonblocking
[    0.000000] random 0000 0000 0000 00000000 00000000: debiting 64 entropy credits from nonblocking (unlimited)
[    0.000000] random 0000 0000 0000 00000000 00000000: extract_entropy account returned: 8 
[    0.000000] random 0000 0000 0000 00000000 00000000: urand_change_num 2 extract_buf: pool_sig 00000000, data_sig fffffff9, bytes_mixed 20 00000000 00000000
[    0.000000] Linux version 2.6.32.57 (dcashman@dcashman-02) (gcc version 4.3.3 (GCC) ) #6 Thu May 30 09:02:12 PDT 2013
[    0.000000] KERNEL supported cpus:
[    0.000000]   Intel GenuineIntel
[    0.000000]   AMD AuthenticAMD
[    0.000000]   NSC Geode by NSC
[    0.000000]   Cyrix CyrixInstead
[    0.000000]   Centaur CentaurHauls
[    0.000000]   Transmeta GenuineTMx86
[    0.000000]   Transmeta TransmetaCPU
[    0.000000]   UMC UMC UMC UMC
[    0.000000] BIOS-provided physical RAM map:
[    0.000000]  BIOS-e820: 0000000000000000 - 000000000009d800 (usable)
[    0.000000]  BIOS-e820: 000000000009d800 - 00000000000a0000 (reserved)
[    0.000000]  BIOS-e820: 00000000000d2000 - 00000000000d4000 (reserved)
[    0.000000]  BIOS-e820: 00000000000e0000 - 0000000000100000 (reserved)
[    0.000000]  BIOS-e820: 0000000000100000 - 000000003d6b0000 (usable)
[    0.000000]  BIOS-e820: 000000003d6b0000 - 000000003d6cc000 (ACPI data)
[    0.000000]  BIOS-e820: 000000003d6cc000 - 000000003d700000 (ACPI NVS)
[    0.000000]  BIOS-e820: 000000003d700000 - 000000003e000000 (reserved)
[    0.000000]  BIOS-e820: 00000000f0000000 - 00000000f4000000 (reserved)
[    0.000000]  BIOS-e820: 00000000fec00000 - 00000000fec10000 (reserved)
[    0.000000]  BIOS-e820: 00000000fed00000 - 00000000fed00400 (reserved)
[    0.000000]  BIOS-e820: 00000000fed14000 - 00000000fed1a000 (reserved)
[    0.000000]  BIOS-e820: 00000000fed1c000 - 00000000fed90000 (reserved)
[    0.000000]  BIOS-e820: 00000000fee00000 - 00000000fee01000 (reserved)
[    0.000000]  BIOS-e820: 00000000ff000000 - 0000000100000000 (reserved)
[    0.000000] DMI present.
[    0.000000] last_pfn = 0x3d6b0 max_arch_pfn = 0x100000
[    0.000000] MTRR default type: uncachable
[    0.000000] MTRR fixed ranges enabled:
[    0.000000]   00000-9FFFF write-back
[    0.000000]   A0000-BFFFF uncachable
[    0.000000]   C0000-CFFFF write-protect
[    0.000000]   D0000-DFFFF uncachable
[    0.000000]   E0000-FFFFF write-protect
[    0.000000] MTRR variable ranges enabled:
[    0.000000]   0 base 03E000000 mask FFE000000 uncachable
[    0.000000]   1 base 000000000 mask FC0000000 write-back
[    0.000000]   2 base 03D700000 mask FFFF00000 uncachable
[    0.000000]   3 base 03D800000 mask FFF800000 uncachable
[    0.000000]   4 disabled
[    0.000000]   5 disabled
[    0.000000]   6 disabled
[    0.000000]   7 disabled
[    0.000000] initial memory mapped : 0 - 02000000
[    0.000000] init_memory_mapping: 0000000000000000-00000000377fe000
[    0.000000]  0000000000 - 0000400000 page 4k
[    0.000000]  0000400000 - 0037400000 page 2M
[    0.000000]  0037400000 - 00377fe000 page 4k
[    0.000000] kernel direct mapping tables up to 377fe000 @ 7000-c000
[    0.000000] ACPI: RSDP 000f68d0 00024 (v02 LENOVO)
[    0.000000] ACPI: XSDT 3d6bb77f 00094 (v01 LENOVO TP-7L    00002170  LTP 00000000)
[    0.000000] ACPI: FACP 3d6bb900 000F4 (v03 LENOVO TP-7L    00002170 LNVO 00000001)
[    0.000000] ACPI Warning: 32/64X length mismatch in Gpe1Block: 0/32 (20090903/tbfadt-526)
[    0.000000] ACPI Warning: Optional field Gpe1Block has zero address or length: 000000000000102C/0 (20090903/tbfadt-557)
[    0.000000] ACPI: DSDT 3d6bbd1d 0FED1 (v01 LENOVO TP-7L    00002170 MSFT 03000000)
[    0.000000] ACPI: FACS 3d6e4000 00040
[    0.000000] ACPI: SSDT 3d6bbab4 00269 (v01 LENOVO TP-7L    00002170 MSFT 03000000)
[    0.000000] ACPI: ECDT 3d6cbbee 00052 (v01 LENOVO TP-7L    00002170 LNVO 00000001)
[    0.000000] ACPI: TCPA 3d6cbc40 00032 (v02 LENOVO TP-7L    00002170 LNVO 00000001)
[    0.000000] ACPI: APIC 3d6cbc72 00068 (v01 LENOVO TP-7L    00002170 LNVO 00000001)
[    0.000000] ACPI: MCFG 3d6cbcda 0003C (v01 LENOVO TP-7L    00002170 LNVO 00000001)
[    0.000000] ACPI: HPET 3d6cbd16 00038 (v01 LENOVO TP-7L    00002170 LNVO 00000001)
[    0.000000] ACPI: SLIC 3d6cbdf0 00176 (v01 LENOVO TP-7L    00002170  LTP 00000000)
[    0.000000] ACPI: BOOT 3d6cbf66 00028 (v01 LENOVO TP-7L    00002170  LTP 00000001)
[    0.000000] ACPI: ASF! 3d6cbf8e 00072 (v16 LENOVO TP-7L    00002170 PTL  00000001)
[    0.000000] ACPI: SSDT 3d6e26d9 0025F (v01 LENOVO TP-7L    00002170 INTL 20050513)
[    0.000000] ACPI: SSDT 3d6e2938 000A6 (v01 LENOVO TP-7L    00002170 INTL 20050513)
[    0.000000] ACPI: SSDT 3d6e29de 004F7 (v01 LENOVO TP-7L    00002170 INTL 20050513)
[    0.000000] ACPI: SSDT 3d6e2ed5 001D8 (v01 LENOVO TP-7L    00002170 INTL 20050513)
[    0.000000] ACPI: DMI detected: Lenovo ThinkPad R61
[    0.000000] ACPI: Added _OSI(Linux)
[    0.000000] ACPI: Local APIC address 0xfee00000
[    0.000000] 94MB HIGHMEM available.
[    0.000000] 887MB LOWMEM available.
[    0.000000]   mapped low ram: 0 - 377fe000
[    0.000000]   low ram: 0 - 377fe000
[    0.000000]   node 0 low ram: 00000000 - 377fe000
[    0.000000]   node 0 bootmap 00008000 - 0000ef00
[    0.000000] (6 early reservations) ==> bootmem [0000000000 - 00377fe000]
[    0.000000]   #0 [0000000000 - 0000001000]   BIOS data page ==> [0000000000 - 0000001000]
[    0.000000]   #1 [0001000000 - 0001bdc180]    TEXT DATA BSS ==> [0001000000 - 0001bdc180]
[    0.000000]   #2 [000009d800 - 0000100000]    BIOS reserved ==> [000009d800 - 0000100000]
[    0.000000]   #3 [0001bdd000 - 0001be516c]              BRK ==> [0001bdd000 - 0001be516c]
[    0.000000]   #4 [0000007000 - 0000008000]          PGTABLE ==> [0000007000 - 0000008000]
[    0.000000]   #5 [0000008000 - 000000f000]          BOOTMAP ==> [0000008000 - 000000f000]
[    0.000000] found SMP MP-table at [c00f6900] f6900
[    0.000000] Zone PFN ranges:
[    0.000000]   DMA      0x00000000 -> 0x00001000
[    0.000000]   Normal   0x00001000 -> 0x000377fe
[    0.000000]   HighMem  0x000377fe -> 0x0003d6b0
[    0.000000] Movable zone start PFN for each node
[    0.000000] early_node_map[2] active PFN ranges
[    0.000000]     0: 0x00000000 -> 0x0000009d
[    0.000000]     0: 0x00000100 -> 0x0003d6b0
[    0.000000] On node 0 totalpages: 251469
[    0.000000] free_area_init_node: node 0, pgdat c1901ea0, node_mem_map c1be7000
[    0.000000]   DMA zone: 32 pages used for memmap
[    0.000000]   DMA zone: 0 pages reserved
[    0.000000]   DMA zone: 3965 pages, LIFO batch:0
[    0.000000]   Normal zone: 1744 pages used for memmap
[    0.000000]   Normal zone: 221486 pages, LIFO batch:31
[    0.000000]   HighMem zone: 190 pages used for memmap
[    0.000000]   HighMem zone: 24052 pages, LIFO batch:3
[    0.000000] Using APIC driver default
[    0.000000] ACPI: PM-Timer IO Port: 0x1008
[    0.000000] ACPI: Local APIC address 0xfee00000
[    0.000000] ACPI: LAPIC (acpi_id[0x00] lapic_id[0x00] enabled)
[    0.000000] ACPI: LAPIC (acpi_id[0x01] lapic_id[0x01] enabled)
[    0.000000] ACPI: NR_CPUS/possible_cpus limit of 1 reached.  Processor 1/0x1 ignored.
[    0.000000] ACPI: LAPIC_NMI (acpi_id[0x00] high edge lint[0x1])
[    0.000000] ACPI: LAPIC_NMI (acpi_id[0x01] high edge lint[0x1])
[    0.000000] ACPI: IOAPIC (id[0x01] address[0xfec00000] gsi_base[0])
[    0.000000] IOAPIC[0]: apic_id 1, version 32, address 0xfec00000, GSI 0-23
[    0.000000] ACPI: INT_SRC_OVR (bus 0 bus_irq 0 global_irq 2 dfl dfl)
[    0.000000] ACPI: INT_SRC_OVR (bus 0 bus_irq 9 global_irq 9 high level)
[    0.000000] ACPI: IRQ0 used by override.
[    0.000000] ACPI: IRQ2 used by override.
[    0.000000] ACPI: IRQ9 used by override.
[    0.000000] Using ACPI (MADT) for SMP configuration information
[    0.000000] ACPI: HPET id: 0x8086a201 base: 0xfed00000
[    0.000000] nr_irqs_gsi: 24
[    0.000000] PM: Registered nosave memory: 000000000009d000 - 000000000009e000
[    0.000000] PM: Registered nosave memory: 000000000009e000 - 00000000000a0000
[    0.000000] PM: Registered nosave memory: 00000000000a0000 - 00000000000d2000
[    0.000000] PM: Registered nosave memory: 00000000000d2000 - 00000000000d4000
[    0.000000] PM: Registered nosave memory: 00000000000d4000 - 00000000000e0000
[    0.000000] PM: Registered nosave memory: 00000000000e0000 - 0000000000100000
[    0.000000] Allocating PCI resources starting at 3e000000 (gap: 3e000000:b2000000)
[    0.000000] Built 1 zonelists in Zone order, mobility grouping on.  Total pages: 249503
[    0.000000] Kernel command line: auto BOOT_IMAGE=Linux ro root=802 vt.default_utf8=0 maxcpus=0
[    0.000000] PID hash table entries: 4096 (order: 2, 16384 bytes)
[    0.000000] Dentry cache hash table entries: 131072 (order: 7, 524288 bytes)
[    0.000000] Inode-cache hash table entries: 65536 (order: 6, 262144 bytes)
[    0.000000] Enabling fast FPU save and restore... done.
[    0.000000] Enabling unmasked SIMD FPU exception support... done.
[    0.000000] Initializing CPU#0
[    0.000000] Initializing HighMem for node 0 (000377fe:0003d6b0)
[    0.000000] Memory: 984800k/1006272k available (6915k kernel code, 20876k reserved, 2327k data, 448k init, 96968k highmem)
[    0.000000] virtual kernel memory layout:
[    0.000000]     fixmap  : 0xfffa3000 - 0xfffff000   ( 368 kB)
[    0.000000]     pkmap   : 0xff800000 - 0xffc00000   (4096 kB)
[    0.000000]     vmalloc : 0xf7ffe000 - 0xff7fe000   ( 120 MB)
[    0.000000]     lowmem  : 0xc0000000 - 0xf77fe000   ( 887 MB)
[    0.000000]       .init : 0xc1907000 - 0xc1977000   ( 448 kB)
[    0.000000]       .data : 0xc16c0d3f - 0xc1906c64   (2327 kB)
[    0.000000]       .text : 0xc1000000 - 0xc16c0d3f   (6915 kB)
[    0.000000] Checking if this processor honours the WP bit even in supervisor mode...Ok.
[    0.000000] SLUB: Genslabs=13, HWalign=64, Order=0-3, MinObjects=0, CPUs=1, Nodes=1
[    0.000000] Hierarchical RCU implementation.
[    0.000000] NR_IRQS:288
[    0.000000] Extended CMOS year: 2000
[    0.000000] Console: colour VGA+ 80x25
[    0.000000] console [tty0] enabled
[    0.000000] hpet clockevent registered
[    0.000000] Fast TSC calibration failed
[    0.000000] TSC: PIT calibration matches HPET. 1 loops
[    0.000000] Detected 2094.736 MHz processor.
[    0.002002] Calibrating delay loop (skipped), value calculated using timer frequency.. 4189.47 BogoMIPS (lpj=2094736)
[    0.002174] Security Framework initialized
[    0.002259] Mount-cache hash table entries: 512
[    0.002407] CPU: L1 I cache: 32K, L1 D cache: 32K
[    0.002528] CPU: L2 cache: 3072K
[    0.002607] mce: CPU supports 6 MCE banks
[    0.003006] CPU0: Thermal monitoring enabled (TM2)
[    0.003088] using mwait in idle threads.
[    0.003164] CPU: Intel(R) Core(TM)2 Duo CPU     T8100  @ 2.10GHz stepping 06
[    0.003347] Checking 'hlt' instruction... OK.
[    0.007937] ACPI: Core revision 20090903
[    0.027011] RANDOM get_random_int first call with cycles 32589174817, jiffies 4294667323 and pid 0
[    0.027019] CANARY value: e0a0ddb for PID: 1
[    0.027026] CANARY value: 28f42846 for PID: 2
[    0.027048] Enabling APIC mode:  Flat.  Using 1 I/O APICs
[    0.027499] ..TIMER: vector=0x30 apic1=0 pin1=2 apic2=-1 pin2=-1
[    0.037997] xor: automatically using best checksumming function: pIII_sse
[    0.041998]    pIII_sse  :  8568.000 MB/sec
[    0.042079] xor: using function: pIII_sse (8568.000 MB/sec)
[    0.042163] RANDOM - __seed init called.
[    0.042164] RANDOM - __seed init called.
[    0.042165] RANDOM - __seed init called.
[    0.042167] RANDOM - __random32 called. Change num 1.  Value: f7943846	49e73df3	af36cd0d
[    0.042169] RANDOM - __random32 called. Change num 2.  Value: 43846e13	9e73df37	9a1ad014
[    0.042171] RANDOM - __random32 called. Change num 3.  Value: 46e139c8	e73df373	a029598a
[    0.042172] RANDOM - __random32 called. Change num 4.  Value: 139c8c3b	73df373d	b3142c72
[    0.042174] RANDOM - __random32 called. Change num 5.  Value: c8c3b043	3df373de	58e576a9
[    0.042176] RANDOM - __random32 called. Change num 6.  Value: 3b0437d9	df373de5	ed53f9d8
[    0.042177] RANDOM - random32 init called.  Value: 3b0437d9	df373de5	ed53f9d8
[    0.042195] NET: Registered protocol family 16
[    0.042451] ACPI FADT declares the system doesn't support PCIe ASPM, so disable it
[    0.042563] ACPI: bus type pci registered
[    0.042729] PCI: MCFG configuration 0: base f0000000 segment 0 buses 0 - 63
[    0.042826] PCI: MCFG area at f0000000 reserved in E820
[    0.042921] PCI: Using MMCONFIG for extended config space
[    0.043002] PCI: Using configuration type 1 for base access
[    0.046111] bio: create slab <bio-0> at 0
[    0.046921] ACPI: EC: EC description table is found, configuring boot EC
[    0.052082] ACPI: BIOS _OSI(Linux) query honored via DMI
[    0.052795] random 0000 0000 0000 00000000 00000000: rand_read_num 2 get_random_bytes(8): sig fffffe1a 00000000 00000000
[    0.052798] random 0000 0000 0000 00000000 00000000: extract_entropy(.. 8 ..)
[    0.052801] random 0000 0000 0000 00000000 00000000: going to reseed nonblocking with 64 bits (64 of 0 requested)
[    0.052803] random 0000 0000 0000 00000000 00000000: extract_entropy(.. 8 ..)
[    0.052805] random 0000 0000 0000 00000000 00000000: trying to extract 64 bits from input
[    0.052807] random 0000 0000 0000 00000000 00000000: debiting 0 entropy credits from input
[    0.052809] random 0000 0000 0000 00000000 00000000: extract_entropy account returned: 0 
[    0.052839] random 0000 0000 0000 00000000 00000000: urand_change_num 3 xfer_secondary_pool(8): pool_sig fffffe1a, data_sig 00000000, bytes_mixed 0 00000000 00000000
[    0.052842] random 0000 0000 0000 00000000 00000000: trying to extract 64 bits from nonblocking
[    0.052844] random 0000 0000 0000 00000000 00000000: debiting 64 entropy credits from nonblocking (unlimited)
[    0.052846] random 0000 0000 0000 00000000 00000000: extract_entropy account returned: 8 
[    0.052850] random 0000 0000 0000 00000000 00000000: urand_change_num 4 extract_buf: pool_sig fffffe1a, data_sig fffffed7, bytes_mixed 20 00000000 00000000
[    0.057626] ACPI: Interpreter enabled
[    0.057705] ACPI: (supports S0 S3 S4 S5)
[    0.057982] ACPI: Using IOAPIC for interrupt routing
[    0.067521] ACPI: EC: GPE = 0x12, I/O: command/status = 0x66, data = 0x62
[    0.067779] ACPI: Power Resource [PUBS] (on)
[    0.069917] ACPI: ACPI Dock Station Driver: 3 docks/bays found
[    0.070321] ACPI: PCI Root Bridge [PCI0] (0000:00)
[    0.070485] pci 0000:00:02.0: reg 10 64bit mmio: [0xf8100000-0xf81fffff]
[    0.070491] pci 0000:00:02.0: reg 18 64bit mmio pref: [0xe0000000-0xefffffff]
[    0.070495] pci 0000:00:02.0: reg 20 io port: [0x1800-0x1807]
[    0.070530] pci 0000:00:02.1: reg 10 64bit mmio: [0xf8200000-0xf82fffff]
[    0.070639] pci 0000:00:19.0: reg 10 32bit mmio: [0xfe000000-0xfe01ffff]
[    0.070648] pci 0000:00:19.0: reg 14 32bit mmio: [0xfe025000-0xfe025fff]
[    0.070657] pci 0000:00:19.0: reg 18 io port: [0x1840-0x185f]
[    0.070730] pci 0000:00:19.0: PME# supported from D0 D3hot D3cold
[    0.070818] pci 0000:00:19.0: PME# disabled
[    0.070963] pci 0000:00:1a.0: reg 20 io port: [0x1860-0x187f]
[    0.071061] pci 0000:00:1a.1: reg 20 io port: [0x1880-0x189f]
[    0.071141] pci 0000:00:1a.7: reg 10 32bit mmio: [0xfe226c00-0xfe226fff]
[    0.071226] pci 0000:00:1a.7: PME# supported from D0 D3hot D3cold
[    0.071312] pci 0000:00:1a.7: PME# disabled
[    0.071457] pci 0000:00:1b.0: reg 10 64bit mmio: [0xfe020000-0xfe023fff]
[    0.071536] pci 0000:00:1b.0: PME# supported from D0 D3hot D3cold
[    0.071635] pci 0000:00:1b.0: PME# disabled
[    0.071832] pci 0000:00:1c.0: PME# supported from D0 D3hot D3cold
[    0.071925] pci 0000:00:1c.0: PME# disabled
[    0.072113] pci 0000:00:1c.1: PME# supported from D0 D3hot D3cold
[    0.072198] pci 0000:00:1c.1: PME# disabled
[    0.072406] pci 0000:00:1c.2: PME# supported from D0 D3hot D3cold
[    0.072496] pci 0000:00:1c.2: PME# disabled
[    0.072699] pci 0000:00:1c.3: PME# supported from D0 D3hot D3cold
[    0.072999] pci 0000:00:1c.3: PME# disabled
[    0.073191] pci 0000:00:1c.4: PME# supported from D0 D3hot D3cold
[    0.073283] pci 0000:00:1c.4: PME# disabled
[    0.073423] pci 0000:00:1d.0: reg 20 io port: [0x18a0-0x18bf]
[    0.073515] pci 0000:00:1d.1: reg 20 io port: [0x18c0-0x18df]
[    0.074060] pci 0000:00:1d.2: reg 20 io port: [0x18e0-0x18ff]
[    0.074157] pci 0000:00:1d.7: reg 10 32bit mmio: [0xfe227000-0xfe2273ff]
[    0.074255] pci 0000:00:1d.7: PME# supported from D0 D3hot D3cold
[    0.074352] pci 0000:00:1d.7: PME# disabled
[    0.074633] pci 0000:00:1f.0: quirk: region 1000-107f claimed by ICH6 ACPI/GPIO/TCO
[    0.074757] pci 0000:00:1f.0: quirk: region 1180-11bf claimed by ICH6 GPIO
[    0.074840] pci 0000:00:1f.0: ICH7 LPC Generic IO decode 1 PIO at 1600 (mask 007f)
[    0.074962] pci 0000:00:1f.0: ICH7 LPC Generic IO decode 2 PIO at 15e0 (mask 000f)
[    0.074998] pci 0000:00:1f.0: ICH7 LPC Generic IO decode 3 PIO at 1680 (mask 001f)
[    0.075200] pci 0000:00:1f.1: reg 10 io port: [0x00-0x07]
[    0.075209] pci 0000:00:1f.1: reg 14 io port: [0x00-0x03]
[    0.075219] pci 0000:00:1f.1: reg 18 io port: [0x00-0x07]
[    0.075226] pci 0000:00:1f.1: reg 1c io port: [0x00-0x03]
[    0.075235] pci 0000:00:1f.1: reg 20 io port: [0x1c00-0x1c0f]
[    0.075324] pci 0000:00:1f.2: reg 10 io port: [0x1c50-0x1c57]
[    0.075333] pci 0000:00:1f.2: reg 14 io port: [0x1c44-0x1c47]
[    0.075342] pci 0000:00:1f.2: reg 18 io port: [0x1c48-0x1c4f]
[    0.075351] pci 0000:00:1f.2: reg 1c io port: [0x1c40-0x1c43]
[    0.075358] pci 0000:00:1f.2: reg 20 io port: [0x1c20-0x1c3f]
[    0.075367] pci 0000:00:1f.2: reg 24 32bit mmio: [0xfe226000-0xfe2267ff]
[    0.075427] pci 0000:00:1f.2: PME# supported from D3hot
[    0.075509] pci 0000:00:1f.2: PME# disabled
[    0.075623] pci 0000:00:1f.3: reg 10 32bit mmio: [0xfe227400-0xfe2274ff]
[    0.075648] pci 0000:00:1f.3: reg 20 io port: [0x1c60-0x1c7f]
[    0.075736] pci 0000:00:1c.0: bridge io port: [0x2000-0x2fff]
[    0.075742] pci 0000:00:1c.0: bridge 32bit mmio: [0xfc000000-0xfdffffff]
[    0.075750] pci 0000:00:1c.0: bridge 64bit mmio pref: [0xf8000000-0xf80fffff]
[    0.075823] pci 0000:03:00.0: reg 10 64bit mmio: [0xdf3f0000-0xdf3fffff]
[    0.076109] pci 0000:00:1c.1: bridge io port: [0x3000-0x3fff]
[    0.076115] pci 0000:00:1c.1: bridge 32bit mmio: [0xdc000000-0xdf3fffff]
[    0.076124] pci 0000:00:1c.1: bridge 64bit mmio pref: [0xdfe00000-0xdfefffff]
[    0.076180] pci 0000:00:1c.2: bridge io port: [0x4000-0x4fff]
[    0.076186] pci 0000:00:1c.2: bridge 32bit mmio: [0xd8000000-0xd9ffffff]
[    0.076196] pci 0000:00:1c.2: bridge 64bit mmio pref: [0xdfb00000-0xdfbfffff]
[    0.076250] pci 0000:00:1c.3: bridge io port: [0x5000-0x5fff]
[    0.076256] pci 0000:00:1c.3: bridge 32bit mmio: [0xd4000000-0xd5ffffff]
[    0.076263] pci 0000:00:1c.3: bridge 64bit mmio pref: [0xdf800000-0xdf8fffff]
[    0.076321] pci 0000:00:1c.4: bridge io port: [0x6000-0x6fff]
[    0.076326] pci 0000:00:1c.4: bridge 32bit mmio: [0xd0000000-0xd1ffffff]
[    0.076333] pci 0000:00:1c.4: bridge 64bit mmio pref: [0xdf500000-0xdf5fffff]
[    0.076390] pci 0000:15:00.0: reg 10 32bit mmio: [0xf8300000-0xf8300fff]
[    0.076438] pci 0000:15:00.0: supports D1 D2
[    0.076440] pci 0000:15:00.0: PME# supported from D0 D1 D2 D3hot D3cold
[    0.076540] pci 0000:15:00.0: PME# disabled
[    0.076671] pci 0000:15:00.1: reg 10 32bit mmio: [0xf8301000-0xf83017ff]
[    0.076769] pci 0000:15:00.1: supports D1 D2
[    0.076770] pci 0000:15:00.1: PME# supported from D0 D1 D2 D3hot D3cold
[    0.076869] pci 0000:15:00.1: PME# disabled
[    0.077049] pci 0000:00:1e.0: transparent bridge
[    0.077142] pci 0000:00:1e.0: bridge io port: [0x7000-0xafff]
[    0.077148] pci 0000:00:1e.0: bridge 32bit mmio: [0xf8300000-0xfbffffff]
[    0.077155] pci 0000:00:1e.0: bridge 64bit mmio pref: [0xf4000000-0xf7ffffff]
[    0.077219] pci_bus 0000:00: on NUMA node 0
[    0.077222] ACPI: PCI Interrupt Routing Table [\_SB_.PCI0._PRT]
[    0.077356] ACPI: PCI Interrupt Routing Table [\_SB_.PCI0.EXP0._PRT]
[    0.077416] ACPI: PCI Interrupt Routing Table [\_SB_.PCI0.EXP1._PRT]
[    0.077473] ACPI: PCI Interrupt Routing Table [\_SB_.PCI0.EXP2._PRT]
[    0.077532] ACPI: PCI Interrupt Routing Table [\_SB_.PCI0.EXP3._PRT]
[    0.077594] ACPI: PCI Interrupt Routing Table [\_SB_.PCI0.EXP4._PRT]
[    0.077657] ACPI: PCI Interrupt Routing Table [\_SB_.PCI0.PCI1._PRT]
[    0.083137] ACPI: PCI Interrupt Link [LNKA] (IRQs 3 4 5 6 7 9 *10 11)
[    0.083881] ACPI: PCI Interrupt Link [LNKB] (IRQs 3 4 5 6 7 9 10 *11)
[    0.084629] ACPI: PCI Interrupt Link [LNKC] (IRQs 3 4 5 6 7 9 10 *11)
[    0.085333] ACPI: PCI Interrupt Link [LNKD] (IRQs 3 4 5 6 7 9 10 *11)
[    0.086081] ACPI: PCI Interrupt Link [LNKE] (IRQs 3 4 5 6 7 9 10 *11)
[    0.086799] ACPI: PCI Interrupt Link [LNKF] (IRQs 3 4 5 6 7 9 10 *11)
[    0.087522] ACPI: PCI Interrupt Link [LNKG] (IRQs 3 4 5 6 7 9 10 *11)
[    0.088230] ACPI: PCI Interrupt Link [LNKH] (IRQs 3 4 5 6 7 9 10 *11)
[    0.088917] vgaarb: device added: PCI:0000:00:02.0,decodes=io+mem,owns=io+mem,locks=none
[    0.089002] vgaarb: loaded
[    0.089180] SCSI subsystem initialized
[    0.089277] libata version 3.00 loaded.
[    0.089324] usbcore: registered new interface driver usbfs
[    0.089438] usbcore: registered new interface driver hub
[    0.089549] usbcore: registered new device driver usb
[    0.106038] raid6: int32x1    941 MB/s
[    0.123057] raid6: int32x2    890 MB/s
[    0.140066] raid6: int32x4    750 MB/s
[    0.156996] raid6: int32x8    656 MB/s
[    0.173987] raid6: mmxx1     2878 MB/s
[    0.190986] raid6: mmxx2     3253 MB/s
[    0.208002] raid6: sse1x1    1937 MB/s
[    0.224977] raid6: sse1x2    2531 MB/s
[    0.241985] raid6: sse2x1    3507 MB/s
[    0.258978] raid6: sse2x2    3828 MB/s
[    0.259056] raid6: using algorithm sse2x2 (3828 MB/s)
[    0.259145] PCI: Using ACPI for IRQ routing
[    0.259455] HPET: 3 timers in total, 0 timers will be used for per-cpu timer
[    0.259990] Switching to clocksource tsc
[    0.260081] pnp: PnP ACPI init
[    0.260161] ACPI: bus type pnp registered
[    0.263805] pnp: PnP ACPI: found 11 devices
[    0.263898] ACPI: ACPI bus type pnp unregistered
[    0.263983] system 00:00: iomem range 0x0-0x9ffff could not be reserved
[    0.264072] system 00:00: iomem range 0xc0000-0xc3fff could not be reserved
[    0.264170] system 00:00: iomem range 0xc4000-0xc7fff could not be reserved
[    0.264265] system 00:00: iomem range 0xc8000-0xcbfff has been reserved
[    0.264349] system 00:00: iomem range 0xcc000-0xcffff has been reserved
[    0.264437] system 00:00: iomem range 0xd0000-0xd3fff could not be reserved
[    0.264526] system 00:00: iomem range 0xe0000-0xe3fff could not be reserved
[    0.264611] system 00:00: iomem range 0xe4000-0xe7fff could not be reserved
[    0.264699] system 00:00: iomem range 0xe8000-0xebfff could not be reserved
[    0.264790] system 00:00: iomem range 0xec000-0xeffff could not be reserved
[    0.264878] system 00:00: iomem range 0xf0000-0xfffff could not be reserved
[    0.264964] system 00:00: iomem range 0x100000-0x3dffffff could not be reserved
[    0.265079] system 00:00: iomem range 0xfec00000-0xfed3ffff could not be reserved
[    0.265190] system 00:00: iomem range 0xfed4c000-0xffffffff could not be reserved
[    0.265316] system 00:02: ioport range 0x164e-0x164f has been reserved
[    0.265400] system 00:02: ioport range 0x1000-0x107f has been reserved
[    0.265481] system 00:02: ioport range 0x1180-0x11bf has been reserved
[    0.265563] system 00:02: ioport range 0x800-0x80f has been reserved
[    0.265647] system 00:02: ioport range 0x15e0-0x15ef has been reserved
[    0.265730] system 00:02: ioport range 0x1600-0x165f could not be reserved
[    0.265812] system 00:02: iomem range 0xf0000000-0xf3ffffff has been reserved
[    0.265906] system 00:02: iomem range 0xfed1c000-0xfed1ffff has been reserved
[    0.265989] system 00:02: iomem range 0xfed14000-0xfed17fff has been reserved
[    0.266074] system 00:02: iomem range 0xfed18000-0xfed18fff has been reserved
[    0.266157] system 00:02: iomem range 0xfed19000-0xfed19fff has been reserved
[    0.266240] system 00:02: iomem range 0xfed45000-0xfed4bfff has been reserved
[    0.301272] pci 0000:00:1c.0: PCI bridge, secondary bus 0000:02
[    0.301359] pci 0000:00:1c.0:   IO window: 0x2000-0x2fff
[    0.301449] pci 0000:00:1c.0:   MEM window: 0xfc000000-0xfdffffff
[    0.301539] pci 0000:00:1c.0:   PREFETCH window: 0x000000f8000000-0x000000f80fffff
[    0.301660] pci 0000:00:1c.1: PCI bridge, secondary bus 0000:03
[    0.301749] pci 0000:00:1c.1:   IO window: 0x3000-0x3fff
[    0.301845] pci 0000:00:1c.1:   MEM window: 0xdc000000-0xdf3fffff
[    0.301933] pci 0000:00:1c.1:   PREFETCH window: 0x000000dfe00000-0x000000dfefffff
[    0.302057] pci 0000:00:1c.2: PCI bridge, secondary bus 0000:04
[    0.302145] pci 0000:00:1c.2:   IO window: 0x4000-0x4fff
[    0.302235] pci 0000:00:1c.2:   MEM window: 0xd8000000-0xd9ffffff
[    0.302317] pci 0000:00:1c.2:   PREFETCH window: 0x000000dfb00000-0x000000dfbfffff
[    0.302437] pci 0000:00:1c.3: PCI bridge, secondary bus 0000:05
[    0.302524] pci 0000:00:1c.3:   IO window: 0x5000-0x5fff
[    0.302615] pci 0000:00:1c.3:   MEM window: 0xd4000000-0xd5ffffff
[    0.302702] pci 0000:00:1c.3:   PREFETCH window: 0x000000df800000-0x000000df8fffff
[    0.302827] pci 0000:00:1c.4: PCI bridge, secondary bus 0000:0d
[    0.302916] pci 0000:00:1c.4:   IO window: 0x6000-0x6fff
[    0.303008] pci 0000:00:1c.4:   MEM window: 0xd0000000-0xd1ffffff
[    0.303097] pci 0000:00:1c.4:   PREFETCH window: 0x000000df500000-0x000000df5fffff
[    0.303224] pci 0000:15:00.0: CardBus bridge, secondary bus 0000:16
[    0.303305] pci 0000:15:00.0:   IO window: 0x007000-0x0070ff
[    0.303391] pci 0000:15:00.0:   IO window: 0x007400-0x0074ff
[    0.303475] pci 0000:15:00.0:   PREFETCH window: 0xf4000000-0xf7ffffff
[    0.303569] pci 0000:15:00.0:   MEM window: 0x40000000-0x43ffffff
[    0.303654] pci 0000:00:1e.0: PCI bridge, secondary bus 0000:15
[    0.303752] pci 0000:00:1e.0:   IO window: 0x7000-0xafff
[    0.303839] pci 0000:00:1e.0:   MEM window: 0xf8300000-0xfbffffff
[    0.303934] pci 0000:00:1e.0:   PREFETCH window: 0x000000f4000000-0x000000f7ffffff
[    0.304067] pci 0000:00:1c.0: PCI INT A -> GSI 20 (level, low) -> IRQ 20
[    0.304157] pci 0000:00:1c.0: setting latency timer to 64
[    0.304171] pci 0000:00:1c.1: PCI INT B -> GSI 21 (level, low) -> IRQ 21
[    0.304260] pci 0000:00:1c.1: setting latency timer to 64
[    0.304273] pci 0000:00:1c.2: PCI INT C -> GSI 22 (level, low) -> IRQ 22
[    0.304362] pci 0000:00:1c.2: setting latency timer to 64
[    0.304376] pci 0000:00:1c.3: PCI INT D -> GSI 23 (level, low) -> IRQ 23
[    0.304466] pci 0000:00:1c.3: setting latency timer to 64
[    0.304477] pci 0000:00:1c.4: PCI INT A -> GSI 20 (level, low) -> IRQ 20
[    0.304561] pci 0000:00:1c.4: setting latency timer to 64
[    0.304570] pci 0000:00:1e.0: enabling device (0005 -> 0007)
[    0.304660] pci 0000:00:1e.0: setting latency timer to 64
[    0.304675] pci 0000:15:00.0: PCI INT A -> GSI 16 (level, low) -> IRQ 16
[    0.304764] pci 0000:15:00.0: setting latency timer to 64
[    0.304769] pci_bus 0000:00: resource 0 io:  [0x00-0xffff]
[    0.304770] pci_bus 0000:00: resource 1 mem: [0x000000-0xffffffff]
[    0.304772] pci_bus 0000:02: resource 0 io:  [0x2000-0x2fff]
[    0.304774] pci_bus 0000:02: resource 1 mem: [0xfc000000-0xfdffffff]
[    0.304776] pci_bus 0000:02: resource 2 pref mem [0xf8000000-0xf80fffff]
[    0.304778] pci_bus 0000:03: resource 0 io:  [0x3000-0x3fff]
[    0.304780] pci_bus 0000:03: resource 1 mem: [0xdc000000-0xdf3fffff]
[    0.304782] pci_bus 0000:03: resource 2 pref mem [0xdfe00000-0xdfefffff]
[    0.304784] pci_bus 0000:04: resource 0 io:  [0x4000-0x4fff]
[    0.304785] pci_bus 0000:04: resource 1 mem: [0xd8000000-0xd9ffffff]
[    0.304787] pci_bus 0000:04: resource 2 pref mem [0xdfb00000-0xdfbfffff]
[    0.304789] pci_bus 0000:05: resource 0 io:  [0x5000-0x5fff]
[    0.304791] pci_bus 0000:05: resource 1 mem: [0xd4000000-0xd5ffffff]
[    0.304793] pci_bus 0000:05: resource 2 pref mem [0xdf800000-0xdf8fffff]
[    0.304794] pci_bus 0000:0d: resource 0 io:  [0x6000-0x6fff]
[    0.304796] pci_bus 0000:0d: resource 1 mem: [0xd0000000-0xd1ffffff]
[    0.304798] pci_bus 0000:0d: resource 2 pref mem [0xdf500000-0xdf5fffff]
[    0.304800] pci_bus 0000:15: resource 0 io:  [0x7000-0xafff]
[    0.304802] pci_bus 0000:15: resource 1 mem: [0xf8300000-0xfbffffff]
[    0.304804] pci_bus 0000:15: resource 2 pref mem [0xf4000000-0xf7ffffff]
[    0.304805] pci_bus 0000:15: resource 3 io:  [0x00-0xffff]
[    0.304807] pci_bus 0000:15: resource 4 mem: [0x000000-0xffffffff]
[    0.304809] pci_bus 0000:16: resource 0 io:  [0x7000-0x70ff]
[    0.304811] pci_bus 0000:16: resource 1 io:  [0x7400-0x74ff]
[    0.304813] pci_bus 0000:16: resource 2 pref mem [0xf4000000-0xf7ffffff]
[    0.304814] pci_bus 0000:16: resource 3 mem: [0x40000000-0x43ffffff]
[    0.304822] NET: Registered protocol family 2
[    0.304911] RANDOM - __random32 called. Change num 7.  Value: 437d97bf	f373de51	f3b0f986
[    0.304913] RANDOM - random32 called.  Value: 437d97bf	f373de51	f3b0f986
[    0.304917] random 0000 0000 0000 5f8db4e5 4cfdf2a8: rand_read_num 3 get_random_bytes(4): sig fffffb64 5f8db4e5 4cfdf2a8
[    0.304919] random 0000 0000 0000 5f8db4e5 4cfdf2a8: extract_entropy(.. 4 ..)
[    0.304922] random 0000 0000 0000 5f8db4e5 4cfdf2a8: going to reseed nonblocking with 64 bits (32 of 0 requested)
[    0.304924] random 0000 0000 0000 5f8db4e5 4cfdf2a8: extract_entropy(.. 8 ..)
[    0.304926] random 0000 0000 0000 5f8db4e5 4cfdf2a8: trying to extract 64 bits from input
[    0.304928] random 0000 0000 0000 5f8db4e5 4cfdf2a8: debiting 0 entropy credits from input
[    0.304930] random 0000 0000 0000 5f8db4e5 4cfdf2a8: extract_entropy account returned: 0 
[    0.304933] random 0000 0000 0000 5f8db4e5 4cfdf2a8: urand_change_num 5 xfer_secondary_pool(4): pool_sig fffffb64, data_sig 00000000, bytes_mixed 0 5f8db4e5 4cfdf2a8
[    0.304936] random 0000 0000 0000 5f8db4e5 4cfdf2a8: trying to extract 32 bits from nonblocking
[    0.304939] random 0000 0000 0000 5f8db4e5 4cfdf2a8: debiting 32 entropy credits from nonblocking (unlimited)
[    0.304941] random 0000 0000 0000 5f8db4e5 4cfdf2a8: extract_entropy account returned: 4 
[    0.304945] random 0000 0000 0000 5f8db4e5 4cfdf2a8: urand_change_num 6 extract_buf: pool_sig fffffb64, data_sig 00000241, bytes_mixed 20 5f8db4e5 4cfdf2a8
[    0.304955] IP route cache hash table entries: 32768 (order: 5, 131072 bytes)
[    0.305086] RANDOM - __random32 called. Change num 8.  Value: d97bfe31	373de51f	f30dc6e6
[    0.305088] RANDOM - random32 called.  Value: d97bfe31	373de51f	f30dc6e6
[    0.305098] RANDOM - __random32 called. Change num 9.  Value: bfe314d7	73de51f5	8dcd6c7e
[    0.305100] RANDOM - random32 called.  Value: bfe314d7	73de51f5	8dcd6c7e
[    0.305102] RANDOM - __random32 called. Change num 10.  Value: 314d7baf	3de51f5e	d8fc74c1
[    0.305104] RANDOM - random32 called.  Value: 314d7baf	3de51f5e	d8fc74c1
[    0.305114] RANDOM - __random32 called. Change num 11.  Value: d7baf3c7	de51f5e5	e983e3fa
[    0.305116] RANDOM - random32 called.  Value: d7baf3c7	de51f5e5	e983e3fa
[    0.305125] TCP established hash table entries: 131072 (order: 8, 1048576 bytes)
[    0.305616] TCP bind hash table entries: 65536 (order: 6, 262144 bytes)
[    0.305794] TCP: Hash tables configured (established 131072 bind 65536)
[    0.305886] TCP reno registered
[    0.305983] NET: Registered protocol family 1
[    0.306092] RPC: Registered udp transport module.
[    0.306181] RPC: Registered tcp transport module.
[    0.306273] RPC: Registered tcp NFSv4.1 backchannel transport module.
[    0.306362] pci 0000:00:02.0: Boot video device
[    0.306578] Simple Boot Flag at 0x35 set to 0x1
[    0.307139] highmem bounce pool size: 64 pages
[    0.308629] VFS: Disk quotas dquot_6.5.2
[    0.308744] Dquot-cache hash table entries: 1024 (order 0, 4096 bytes)
[    0.309479] NTFS driver 2.1.29 [Flags: R/W].
[    0.309629] ROMFS MTD (C) 2007 Red Hat, Inc.
[    0.309838] JFS: nTxBlock = 7695, nTxLock = 61562
[    0.312267] SGI XFS with ACLs, security attributes, large block/inode numbers, no debug enabled
[    0.312736] SGI XFS Quota Management subsystem
[    0.313074] Slow work thread pool: Starting up
[    0.313172] Slow work thread pool: Ready
[    0.313258] GFS2 (built May 24 2013 02:47:17) installed
[    0.313347] msgmni has been set to 1734
[    0.313503] alg: No test for cipher_null (cipher_null-generic)
[    0.313601] alg: No test for ecb(cipher_null) (ecb-cipher_null)
[    0.313702] alg: No test for digest_null (digest_null-generic)
[    0.313792] alg: No test for compress_null (compress_null-generic)
[    0.314333] alg: No test for fcrypt (fcrypt-generic)
[    0.315751] alg: No test for stdrng (krng)
[    0.315839] async_tx: api initialized (async)
[    0.315999] Block layer SCSI generic (bsg) driver version 0.4 loaded (major 254)
[    0.316115] io scheduler noop registered
[    0.316193] io scheduler anticipatory registered
[    0.316272] io scheduler deadline registered
[    0.316402] io scheduler cfq registered (default)
[    0.316639] pcieport 0000:00:1c.0: irq 24 for MSI/MSI-X
[    0.316655] pcieport 0000:00:1c.0: setting latency timer to 64
[    0.316856] pcieport 0000:00:1c.1: irq 25 for MSI/MSI-X
[    0.316884] pcieport 0000:00:1c.1: setting latency timer to 64
[    0.317065] pcieport 0000:00:1c.2: irq 26 for MSI/MSI-X
[    0.317077] pcieport 0000:00:1c.2: setting latency timer to 64
[    0.317254] pcieport 0000:00:1c.3: irq 27 for MSI/MSI-X
[    0.317265] pcieport 0000:00:1c.3: setting latency timer to 64
[    0.317439] pcieport 0000:00:1c.4: irq 28 for MSI/MSI-X
[    0.317450] pcieport 0000:00:1c.4: setting latency timer to 64
[    0.317595] pci_hotplug: PCI Hot Plug PCI Core version: 0.5
[    0.317776] isapnp: Scanning for PnP cards...
[    0.678318] isapnp: No Plug & Play device found
[    0.678404] random 0000 0000 0000 5f8db4e5 4cfdf2a8: initializing
[    0.678406] RANDOM init_std_data for input now value: 1370014978678406537
[    0.678408] RANDOM init_std_data for blocking now value: 1370014978678408557
[    0.678409] RANDOM init_std_data for nonblocking now value: 1370014978678410332
[    0.698000] Serial: 8250/16550 driver, 4 ports, IRQ sharing enabled
[    3.708692] floppy0: no floppy controllers found
[    3.709631] brd: module loaded
[    3.710134] loop: module loaded
[    3.710220] Compaq SMART2 Driver (v 2.6.0)
[    3.710347] HP CISS Driver (v 3.6.20)
[    3.710582] input: Macintosh mouse button emulation as /devices/virtual/input/input0
[    3.710725] Uniform Multi-Platform E-IDE driver
[    3.710951] piix 0000:00:1f.1: IDE controller (0x8086:0x2850 rev 0x03)
[    3.711043] pci 0000:00:1f.1: PCI INT C -> GSI 16 (level, low) -> IRQ 16
[    3.711134] piix 0000:00:1f.1: IDE port disabled
[    3.711226] piix 0000:00:1f.1: not 100% native mode: will probe irqs later
[    3.711316]     ide0: BM-DMA at 0x1c00-0x1c07
[    3.712073] Probing IDE interface ide0...
[    4.383875] hda: HL-DT-ST DVDRAM GSA-U10N, ATAPI CD/DVD-ROM drive
[    4.689670] hda: host max PIO4 wanted PIO255(auto-tune) selected PIO4
[    4.690441] hda: UDMA/33 mode selected
[    4.690896] ide0 at 0x1f0-0x1f7,0x3f6 on irq 14
[    4.694762] ide-gd driver 1.18
[    4.694859] ide-cd driver 5.00
[    4.696234] random 0000 0000 0000 00000000 00000000: add_disk_randomness(0:0) 00000000 00000000
[    4.696238] random 0000 0000 0000 00000000 00000000: add_timer_randomness(.. 256) with jiffies: 17511014568430370424, cycles: -935729509573853175
[    4.696241] random 0000 0000 0000 00000000 00000000: added 11 entropy credits to input
[    4.696244] ide-cd: hda: ATAPI 24X DVD-ROM DVD-R/RAM CD-R/RW drive, 2048kB Cache
[    4.696651] Uniform CD-ROM driver Revision: 3.20
[    4.699553] random 0011 0000 0000 00000000 00000000: add_disk_randomness(0:0) 00000000 00000000
[    4.699556] random 0011 0000 0000 00000000 00000000: add_timer_randomness(.. 256) with jiffies: 17540875380095417979, cycles: -905868697908805623
[    4.699559] random 0011 0000 0000 00000000 00000000: added 1 entropy credits to input
[    4.699562] random 0012 0000 0000 00000000 00000000: add_disk_randomness(0:0) 00000000 00000000
[    4.699564] random 0012 0000 0000 00000000 00000000: add_timer_randomness(.. 256) with jiffies: 17540953578564976251, cycles: -905790499439247351
[    4.701549] random 0012 0000 0000 00000000 00000000: add_disk_randomness(0:0) 00000000 00000000
[    4.701552] random 0012 0000 0000 00000000 00000000: add_timer_randomness(.. 256) with jiffies: 17558836765823565437, cycles: -887907312180658167
[    4.701555] random 0012 0000 0000 00000000 00000000: added 1 entropy credits to input
[    4.701558] random 0013 0000 0000 00000000 00000000: add_disk_randomness(0:0) 00000000 00000000
[    4.701560] random 0013 0000 0000 00000000 00000000: add_timer_randomness(.. 256) with jiffies: 17558912168269414013, cycles: -887831909734809591
[    4.703551] random 0013 0000 0000 00000000 00000000: add_disk_randomness(0:0) 00000000 00000000
[    4.703554] random 0013 0000 0000 00000000 00000000: add_timer_randomness(.. 256) with jiffies: 17576849429166259839, cycles: -869894648837963767
[    4.703557] random 0013 0000 0000 00000000 00000000: added 1 entropy credits to input
[    4.703560] random 0014 0000 0000 00000000 00000000: add_disk_randomness(0:0) 00000000 00000000
[    4.703562] random 0014 0000 0000 00000000 00000000: add_timer_randomness(.. 256) with jiffies: 17576922847337217663, cycles: -869821230667005943
[    4.703841] Loading iSCSI transport class v2.0-870.
[    4.704125] rdac: device handler registered
[    4.704204] hp_sw: device handler registered
[    4.704292] emc: device handler registered
[    4.704372] alua: device handler registered
[    4.705355] Adaptec aacraid driver 1.1-5[2461]-ms
[    4.705769] scsi: <fdomain> Detection failed (no card)
[    4.705873] sym53c416.c: Version 1.0.0-ac
[    4.705970] qlogicfas: no cards were found, please specify I/O address and IRQ using iobase= and irq= options
[    4.706091] QLogic Fibre Channel HBA Driver: 8.03.01-k6
[    4.706295] iscsi: registered transport (qla4xxx)
[    4.706395] QLogic iSCSI HBA Driver
[    4.706480] Emulex LightPulse Fibre Channel SCSI driver 8.3.4
[    4.706566] Copyright(c) 2004-2009 Emulex.  All rights reserved.
[    4.728653] Failed initialization of WD-7000 SCSI card!
[    4.817924] DC390: clustering now enabled by default. If you get problems load
[    4.818038]        with "disable_clustering=1" and report to maintainers
[    4.818163] megaraid cmm: 2.20.2.7 (Release Date: Sun Jul 16 00:01:03 EST 2006)
[    4.818314] megaraid: 2.20.5.1 (Release Date: Thu Nov 16 15:32:35 EST 2006)
[    4.818425] megasas: 00.00.04.01 Thu July 24 11:41:51 PST 2008
[    4.818549] GDT-HA: Storage RAID Controller Driver. Version: 3.05
[    4.818700] 3ware Storage Controller device driver for Linux v1.26.02.002.
[    4.818807] 3ware 9000 Storage Controller device driver for Linux v2.26.02.012.
[    4.818943] nsp32: loading...
[    4.819040] ipr: IBM Power RAID SCSI Device Driver version: 2.4.3 (June 10, 2009)
[    4.819181] RocketRAID 3xxx/4xxx Controller driver v1.6 (090910)
[    4.819287] stex: Promise SuperTrak EX Driver version: 4.6.0000.3
[    4.819415] st: Version 20081215, fixed bufsize 32768, s/g segs 256
[    4.819594] ahci 0000:00:1f.2: version 3.0
[    4.819607] ahci 0000:00:1f.2: PCI INT B -> GSI 16 (level, low) -> IRQ 16
[    4.819753] ahci 0000:00:1f.2: irq 29 for MSI/MSI-X
[    4.819815] ahci 0000:00:1f.2: AHCI 0001.0100 32 slots 3 ports 1.5 Gbps 0x5 impl SATA mode
[    4.819935] ahci 0000:00:1f.2: flags: 64bit ncq sntf pm led clo pio slum part ccc 
[    4.820056] ahci 0000:00:1f.2: setting latency timer to 64
[    4.820200] scsi2 : ahci
[    4.820349] scsi3 : ahci
[    4.820483] scsi4 : ahci
[    4.820662] ata1: SATA max UDMA/133 abar m2048@0xfe226000 port 0xfe226100 irq 29
[    4.820786] ata2: DUMMY
[    4.820873] ata3: SATA max UDMA/133 abar m2048@0xfe226000 port 0xfe226200 irq 29
[    4.821482] I2O subsystem v1.325
[    4.821570] i2o: max drivers = 8
[    4.821722] I2O Configuration OSM v1.323
[    4.821828] I2O Bus Adapter OSM v1.317
[    4.821923] I2O Block Device OSM v1.325
[    4.822064] I2O SCSI Peripheral OSM v1.316
[    4.822168] I2O ProcFS OSM v1.316
[    4.822278] Fusion MPT base driver 3.04.12
[    4.822356] Copyright (c) 1999-2008 LSI Corporation
[    4.822442] Fusion MPT SPI Host driver 3.04.12
[    4.822543] Fusion MPT FC Host driver 3.04.12
[    4.822695] Fusion MPT SAS Host driver 3.04.12
[    4.822839] ohci1394 0000:15:00.1: PCI INT B -> GSI 17 (level, low) -> IRQ 17
[    4.822929] ohci1394 0000:15:00.1: setting latency timer to 64
[    4.876667] ohci1394: fw-host0: OHCI-1394 1.1 (PCI): IRQ=[17]  MMIO=[f8301000-f83017ff]  Max Packet=[2048]  IR/IT contexts=[4/4]
[    4.880940] ehci_hcd: USB 2.0 'Enhanced' Host Controller (EHCI) Driver
[    4.881246] ehci_hcd 0000:00:1a.7: power state changed by ACPI to D0
[    4.881487] ehci_hcd 0000:00:1a.7: power state changed by ACPI to D0
[    4.881573] ehci_hcd 0000:00:1a.7: PCI INT C -> GSI 22 (level, low) -> IRQ 22
[    4.881670] ehci_hcd 0000:00:1a.7: setting latency timer to 64
[    4.881673] ehci_hcd 0000:00:1a.7: EHCI Host Controller
[    4.881808] ehci_hcd 0000:00:1a.7: new USB bus registered, assigned bus number 1
[    4.885828] ehci_hcd 0000:00:1a.7: cache line size of 32 is not supported
[    4.885837] ehci_hcd 0000:00:1a.7: irq 22, io mem 0xfe226c00
[    4.895628] ehci_hcd 0000:00:1a.7: USB 2.0 started, EHCI 1.00
[    4.895724] usb usb1: New USB device found, idVendor=1d6b, idProduct=0002
[    4.895816] usb usb1: New USB device strings: Mfr=3, Product=2, SerialNumber=1
[    4.895926] usb usb1: Product: EHCI Host Controller
[    4.896006] usb usb1: Manufacturer: Linux 2.6.32.57 ehci_hcd
[    4.896096] usb usb1: SerialNumber: 0000:00:1a.7
[    4.896233] usb usb1: configuration #1 chosen from 1 choice
[    4.896347] hub 1-0:1.0: USB hub found
[    4.896437] hub 1-0:1.0: 4 ports detected
[    4.896741] ehci_hcd 0000:00:1d.7: power state changed by ACPI to D0
[    4.896992] ehci_hcd 0000:00:1d.7: power state changed by ACPI to D0
[    4.897082] ehci_hcd 0000:00:1d.7: PCI INT D -> GSI 19 (level, low) -> IRQ 19
[    4.897181] ehci_hcd 0000:00:1d.7: setting latency timer to 64
[    4.897186] ehci_hcd 0000:00:1d.7: EHCI Host Controller
[    4.897312] ehci_hcd 0000:00:1d.7: new USB bus registered, assigned bus number 2
[    4.897460] ehci_hcd 0000:00:1d.7: debug port 1
[    4.901424] ehci_hcd 0000:00:1d.7: cache line size of 32 is not supported
[    4.901433] ehci_hcd 0000:00:1d.7: irq 19, io mem 0xfe227000
[    4.911628] ehci_hcd 0000:00:1d.7: USB 2.0 started, EHCI 1.00
[    4.911717] usb usb2: New USB device found, idVendor=1d6b, idProduct=0002
[    4.911808] usb usb2: New USB device strings: Mfr=3, Product=2, SerialNumber=1
[    4.911919] usb usb2: Product: EHCI Host Controller
[    4.912004] usb usb2: Manufacturer: Linux 2.6.32.57 ehci_hcd
[    4.912084] usb usb2: SerialNumber: 0000:00:1d.7
[    4.912225] usb usb2: configuration #1 chosen from 1 choice
[    4.912335] hub 2-0:1.0: USB hub found
[    4.912417] hub 2-0:1.0: 6 ports detected
[    4.912594] 116x: driver isp116x-hcd, 03 Nov 2005
[    4.912692] ohci_hcd: USB 1.1 'Open' Host Controller (OHCI) Driver
[    4.912805] uhci_hcd: USB Universal Host Controller Interface driver
[    4.912905] uhci_hcd 0000:00:1a.0: PCI INT A -> GSI 20 (level, low) -> IRQ 20
[    4.913002] uhci_hcd 0000:00:1a.0: setting latency timer to 64
[    4.913007] uhci_hcd 0000:00:1a.0: UHCI Host Controller
[    4.913134] uhci_hcd 0000:00:1a.0: new USB bus registered, assigned bus number 3
[    4.913276] uhci_hcd 0000:00:1a.0: irq 20, io base 0x00001860
[    4.913385] usb usb3: New USB device found, idVendor=1d6b, idProduct=0001
[    4.913467] usb usb3: New USB device strings: Mfr=3, Product=2, SerialNumber=1
[    4.913580] usb usb3: Product: UHCI Host Controller
[    4.913667] usb usb3: Manufacturer: Linux 2.6.32.57 uhci_hcd
[    4.913748] usb usb3: SerialNumber: 0000:00:1a.0
[    4.913889] usb usb3: configuration #1 chosen from 1 choice
[    4.914002] hub 3-0:1.0: USB hub found
[    4.914095] hub 3-0:1.0: 2 ports detected
[    4.914387] uhci_hcd 0000:00:1a.1: power state changed by ACPI to D0
[    4.914617] uhci_hcd 0000:00:1a.1: power state changed by ACPI to D0
[    4.914715] uhci_hcd 0000:00:1a.1: PCI INT B -> GSI 21 (level, low) -> IRQ 21
[    4.914814] uhci_hcd 0000:00:1a.1: setting latency timer to 64
[    4.914819] uhci_hcd 0000:00:1a.1: UHCI Host Controller
[    4.914950] uhci_hcd 0000:00:1a.1: new USB bus registered, assigned bus number 4
[    4.915093] uhci_hcd 0000:00:1a.1: irq 21, io base 0x00001880
[    4.915197] usb usb4: New USB device found, idVendor=1d6b, idProduct=0001
[    4.915278] usb usb4: New USB device strings: Mfr=3, Product=2, SerialNumber=1
[    4.915397] usb usb4: Product: UHCI Host Controller
[    4.915476] usb usb4: Manufacturer: Linux 2.6.32.57 uhci_hcd
[    4.915562] usb usb4: SerialNumber: 0000:00:1a.1
[    4.915696] usb usb4: configuration #1 chosen from 1 choice
[    4.915804] hub 4-0:1.0: USB hub found
[    4.915894] hub 4-0:1.0: 2 ports detected
[    4.916211] uhci_hcd 0000:00:1d.0: power state changed by ACPI to D0
[    4.916441] uhci_hcd 0000:00:1d.0: power state changed by ACPI to D0
[    4.916535] uhci_hcd 0000:00:1d.0: PCI INT A -> GSI 16 (level, low) -> IRQ 16
[    4.916631] uhci_hcd 0000:00:1d.0: setting latency timer to 64
[    4.916634] uhci_hcd 0000:00:1d.0: UHCI Host Controller
[    4.916760] uhci_hcd 0000:00:1d.0: new USB bus registered, assigned bus number 5
[    4.916911] uhci_hcd 0000:00:1d.0: irq 16, io base 0x000018a0
[    4.917018] usb usb5: New USB device found, idVendor=1d6b, idProduct=0001
[    4.917110] usb usb5: New USB device strings: Mfr=3, Product=2, SerialNumber=1
[    4.917225] usb usb5: Product: UHCI Host Controller
[    4.917311] usb usb5: Manufacturer: Linux 2.6.32.57 uhci_hcd
[    4.917399] usb usb5: SerialNumber: 0000:00:1d.0
[    4.917531] usb usb5: configuration #1 chosen from 1 choice
[    4.917652] hub 5-0:1.0: USB hub found
[    4.917747] hub 5-0:1.0: 2 ports detected
[    4.917889] uhci_hcd 0000:00:1d.1: PCI INT B -> GSI 17 (level, low) -> IRQ 17
[    4.917981] uhci_hcd 0000:00:1d.1: setting latency timer to 64
[    4.917983] uhci_hcd 0000:00:1d.1: UHCI Host Controller
[    4.918104] uhci_hcd 0000:00:1d.1: new USB bus registered, assigned bus number 6
[    4.918252] uhci_hcd 0000:00:1d.1: irq 17, io base 0x000018c0
[    4.918363] usb usb6: New USB device found, idVendor=1d6b, idProduct=0001
[    4.918446] usb usb6: New USB device strings: Mfr=3, Product=2, SerialNumber=1
[    4.918557] usb usb6: Product: UHCI Host Controller
[    4.918645] usb usb6: Manufacturer: Linux 2.6.32.57 uhci_hcd
[    4.918725] usb usb6: SerialNumber: 0000:00:1d.1
[    4.918856] usb usb6: configuration #1 chosen from 1 choice
[    4.918968] hub 6-0:1.0: USB hub found
[    4.919053] hub 6-0:1.0: 2 ports detected
[    4.919345] uhci_hcd 0000:00:1d.2: power state changed by ACPI to D0
[    4.919594] uhci_hcd 0000:00:1d.2: power state changed by ACPI to D0
[    4.919690] uhci_hcd 0000:00:1d.2: PCI INT C -> GSI 18 (level, low) -> IRQ 18
[    4.919779] uhci_hcd 0000:00:1d.2: setting latency timer to 64
[    4.919784] uhci_hcd 0000:00:1d.2: UHCI Host Controller
[    4.919906] uhci_hcd 0000:00:1d.2: new USB bus registered, assigned bus number 7
[    4.920047] uhci_hcd 0000:00:1d.2: irq 18, io base 0x000018e0
[    4.920154] usb usb7: New USB device found, idVendor=1d6b, idProduct=0001
[    4.920236] usb usb7: New USB device strings: Mfr=3, Product=2, SerialNumber=1
[    4.920348] usb usb7: Product: UHCI Host Controller
[    4.920431] usb usb7: Manufacturer: Linux 2.6.32.57 uhci_hcd
[    4.921174] usb usb7: SerialNumber: 0000:00:1d.2
[    4.921308] usb usb7: configuration #1 chosen from 1 choice
[    4.921420] hub 7-0:1.0: USB hub found
[    4.921503] hub 7-0:1.0: 2 ports detected
[    4.921659] sl811: driver sl811-hcd, 19 May 2005
[    4.921756] r8a66597_hcd: driver r8a66597_hcd, 2009-05-26
[    4.921916] Initializing USB Mass Storage driver...
[    4.922047] usbcore: registered new interface driver usb-storage
[    4.922129] USB Mass Storage support registered.
[    4.922227] usbcore: registered new interface driver ums-alauda
[    4.922326] usbcore: registered new interface driver ums-cypress
[    4.922431] usbcore: registered new interface driver ums-datafab
[    4.922530] usbcore: registered new interface driver ums-freecom
[    4.922642] usbcore: registered new interface driver ums-isd200
[    4.922752] usbcore: registered new interface driver ums-jumpshot
[    4.922851] usbcore: registered new interface driver ums-karma
[    4.922959] usbcore: registered new interface driver ums-onetouch
[    4.923063] usbcore: registered new interface driver ums-sddr09
[    4.923175] usbcore: registered new interface driver ums-sddr55
[    4.923282] usbcore: registered new interface driver ums-usbat
[    4.923417] PNP: PS/2 Controller [PNP0303:KBD,PNP0f13:MOU] at 0x60,0x64 irq 1,12
[    4.931527] serio: i8042 KBD port at 0x60,0x64 irq 1
[    4.931617] serio: i8042 AUX port at 0x60,0x64 irq 12
[    4.931872] mice: PS/2 mouse device common for all mice
[    4.931986] i2c /dev entries driver
[    4.932108] md: linear personality registered for level -1
[    4.932195] md: raid0 personality registered for level 0
[    4.932286] md: raid1 personality registered for level 1
[    4.932368] md: raid10 personality registered for level 10
[    4.932454] md: raid6 personality registered for level 6
[    4.932536] md: raid5 personality registered for level 5
[    4.932618] md: raid4 personality registered for level 4
[    4.932726] md: multipath personality registered for level -4
[    4.932915] device-mapper: ioctl: 4.15.0-ioctl (2009-04-01) initialised: dm-devel@redhat.com
[    4.933113] cpuidle: using governor ladder
[    4.933724] usbcore: registered new interface driver usbhid
[    4.933812] usbhid: v2.6:USB HID core driver
[    4.933965] random 0014 0000 0000 00000000 00000000: rand_read_num 4 get_random_bytes(136): sig 00000000 00000000 00000000
[    4.933967] random 0014 0000 0000 00000000 00000000: extract_entropy(.. 136 ..)
[    4.933970] random 0014 0000 0000 00000000 00000000: going to reseed nonblocking with 1024 bits (1088 of 0 requested)
[    4.933972] random 0014 0000 0000 00000000 00000000: extract_entropy(.. 128 ..)
[    4.933975] random 0014 0000 0000 00000000 00000000: trying to extract 1024 bits from input
[    4.933977] random 0014 0000 0000 00000000 00000000: debiting 0 entropy credits from input
[    4.933979] random 0014 0000 0000 00000000 00000000: extract_entropy account returned: 0 
[    4.933982] random 0014 0000 0000 00000000 00000000: urand_change_num 7 xfer_secondary_pool(136): pool_sig 00000000, data_sig 00000000, bytes_mixed 0 00000000 00000000
[    4.933985] random 0014 0000 0000 00000000 00000000: trying to extract 1088 bits from nonblocking
[    4.933987] random 0014 0000 0000 00000000 00000000: debiting 1088 entropy credits from nonblocking (unlimited)
[    4.933990] random 0014 0000 0000 00000000 00000000: extract_entropy account returned: 136 
[    4.933994] random 0014 0000 0000 00000000 00000000: urand_change_num 8 extract_buf: pool_sig 00000000, data_sig fffffff9, bytes_mixed 20 00000000 00000000
[    4.933999] random 0014 0000 0000 b7c35b56 be4dc95d: urand_change_num 9 extract_buf: pool_sig fffffd1e, data_sig 000000c5, bytes_mixed 20 b7c35b56 be4dc95d
[    4.934005] random 0014 0000 0000 ed9f5c47 c48487fb: urand_change_num 10 extract_buf: pool_sig fffff8ec, data_sig ffffff68, bytes_mixed 20 ed9f5c47 c48487fb
[    4.934010] random 0014 0000 0000 ed9f5c47 c48487fb: urand_change_num 11 extract_buf: pool_sig fffffaed, data_sig 000001aa, bytes_mixed 20 ed9f5c47 c48487fb
[    4.934015] random 0014 0000 0000 1b4f7c0a 91bd6a48: urand_change_num 12 extract_buf: pool_sig fffffdd8, data_sig 00000064, bytes_mixed 20 1b4f7c0a 91bd6a48
[    4.934021] random 0014 0000 0000 a254b9bc 20e9a24f: urand_change_num 13 extract_buf: pool_sig fffffbe6, data_sig 000001dd, bytes_mixed 20 a254b9bc 20e9a24f
[    4.934026] random 0014 0000 0000 a254b9bc 20e9a24f: urand_change_num 14 extract_buf: pool_sig fffff940, data_sig fffffe20, bytes_mixed 20 a254b9bc 20e9a24f
[    4.934031] random 0014 0000 0000 2831a66b 5fa2a3ad: urand_change_num 15 extract_buf: pool_sig fffffbce, data_sig 0000007e, bytes_mixed 20 2831a66b 5fa2a3ad
[    4.934036] random 0014 0000 0000 2831a66b 5fa2a3ad: urand_change_num 16 extract_buf: pool_sig 000004df, data_sig fffffe8f, bytes_mixed 20 2831a66b 5fa2a3ad
[    4.934042] random 0014 0000 0000 d4512bfd c9a54e0b: urand_change_num 17 extract_buf: pool_sig 00000485, data_sig fffffe68, bytes_mixed 20 d4512bfd c9a54e0b
[    4.934047] random 0014 0000 0000 c7371be6 f9ffea11: urand_change_num 18 extract_buf: pool_sig 00000095, data_sig ffffffed, bytes_mixed 20 c7371be6 f9ffea11
[    4.934052] random 0014 0000 0000 c7371be6 f9ffea11: urand_change_num 19 extract_buf: pool_sig 000003a7, data_sig fffffefa, bytes_mixed 20 c7371be6 f9ffea11
[    4.934057] random 0014 0000 0000 8fb4b62c d1ddba54: urand_change_num 20 extract_buf: pool_sig 00000179, data_sig ffffff78, bytes_mixed 20 8fb4b62c d1ddba54
[    4.934062] random 0014 0000 0000 9ff19f9c c07a1d2a: urand_change_num 21 extract_buf: pool_sig fffffe88, data_sig 00000126, bytes_mixed 20 9ff19f9c c07a1d2a
[    4.934067] TCP cubic registered
[    4.934149] Initializing XFRM netlink socket
[    4.934238] NET: Registered protocol family 17
[    4.934324] Using IPI Shortcut mode
[    4.934411] random 0014 0000 0000 9ff19f9c c07a1d2a: rand_read_num 5 get_random_bytes(8): sig 0000031b 9ff19f9c c07a1d2a
[    4.934414] random 0014 0000 0000 9ff19f9c c07a1d2a: extract_entropy(.. 8 ..)
[    4.934416] random 0014 0000 0000 9ff19f9c c07a1d2a: going to reseed nonblocking with 64 bits (64 of 0 requested)
[    4.934418] random 0014 0000 0000 9ff19f9c c07a1d2a: extract_entropy(.. 8 ..)
[    4.934420] random 0014 0000 0000 9ff19f9c c07a1d2a: trying to extract 64 bits from input
[    4.934423] random 0014 0000 0000 9ff19f9c c07a1d2a: debiting 0 entropy credits from input
[    4.934425] random 0014 0000 0000 9ff19f9c c07a1d2a: extract_entropy account returned: 0 
[    4.934428] random 0014 0000 0000 9ff19f9c c07a1d2a: urand_change_num 22 xfer_secondary_pool(8): pool_sig 0000031b, data_sig 00000000, bytes_mixed 0 9ff19f9c c07a1d2a
[    4.934431] random 0014 0000 0000 9ff19f9c c07a1d2a: trying to extract 64 bits from nonblocking
[    4.934433] random 0014 0000 0000 9ff19f9c c07a1d2a: debiting 64 entropy credits from nonblocking (unlimited)
[    4.934435] random 0014 0000 0000 9ff19f9c c07a1d2a: extract_entropy account returned: 8 
[    4.934439] random 0014 0000 0000 9ff19f9c c07a1d2a: urand_change_num 23 extract_buf: pool_sig 0000031b, data_sig ffffffb3, bytes_mixed 20 9ff19f9c c07a1d2a
[    4.936822] input: AT Translated Set 2 keyboard as /devices/platform/i8042/serio0/input/input1
[    5.125628] ata3: SATA link down (SStatus 0 SControl 300)
[    5.125739] ata1: SATA link up 1.5 Gbps (SStatus 113 SControl 300)
[    5.128103] ata1.00: ACPI cmd ef/02:00:00:00:00:a0 (SET FEATURES) succeeded
[    5.128106] ata1.00: ACPI cmd f5/00:00:00:00:00:a0 (SECURITY FREEZE LOCK) filtered out
[    5.129497] ata1.00: ACPI cmd ef/5f:00:00:00:00:a0 (SET FEATURES) succeeded
[    5.129500] ata1.00: ACPI cmd ef/10:03:00:00:00:a0 (SET FEATURES) filtered out
[    5.131407] ata1.00: ATA-7: ST910021AS, 4.06, max UDMA/100
[    5.131486] ata1.00: 195371568 sectors, multi 16: LBA48 
[    5.133647] ata1.00: ACPI cmd ef/02:00:00:00:00:a0 (SET FEATURES) succeeded
[    5.133650] ata1.00: ACPI cmd f5/00:00:00:00:00:a0 (SECURITY FREEZE LOCK) filtered out
[    5.135042] ata1.00: ACPI cmd ef/5f:00:00:00:00:a0 (SET FEATURES) succeeded
[    5.135044] ata1.00: ACPI cmd ef/10:03:00:00:00:a0 (SET FEATURES) filtered out
[    5.136968] ata1.00: configured for UDMA/100
[    5.147679] scsi 2:0:0:0: Direct-Access     ATA      ST910021AS       4.06 PQ: 0 ANSI: 5
[    5.147962] sd 2:0:0:0: [sda] 195371568 512-byte logical blocks: (100 GB/93.1 GiB)
[    5.148096] sd 2:0:0:0: [sda] Write Protect is off
[    5.148176] sd 2:0:0:0: [sda] Mode Sense: 00 3a 00 00
[    5.148189] sd 2:0:0:0: [sda] Write cache: enabled, read cache: enabled, doesn't support DPO or FUA
[    5.148374]  sda:
[    5.581528] random 0014 0000 0000 277f73c3 42024bb9: add_disk_randomness(8:0) 277f73c3 42024bb9
[    5.581607] random 0014 0000 0000 277f73c3 42024bb9: add_timer_randomness(.. 8388864) with jiffies: 7029767827439190423, cycles: 7029767823144517642
[    5.581610] random 0014 0000 0000 277f73c3 42024bb9: added 11 entropy credits to input
[    5.581615]  sda1 sda2
[    5.582101] random 0025 0000 0000 277f73c3 42024bb9: add_disk_randomness(8:0) 277f73c3 42024bb9
[    5.582104] random 0025 0000 0000 277f73c3 42024bb9: add_timer_randomness(.. 8388864) with jiffies: 7034257249379516823, cycles: 7034257245084844042
[    5.582257] sd 2:0:0:0: [sda] Attached SCSI disk
[    5.582348] random 0025 0000 0000 277f73c3 42024bb9: rand_read_num 6 get_random_bytes(12): sig 000007e9 277f73c3 42024bb9
[    5.582351] random 0025 0000 0000 277f73c3 42024bb9: extract_entropy(.. 12 ..)
[    5.582353] random 0025 0000 0000 277f73c3 42024bb9: going to reseed nonblocking with 96 bits (96 of 0 requested)
[    5.582355] random 0025 0000 0000 277f73c3 42024bb9: extract_entropy(.. 12 ..)
[    5.582357] random 0025 0000 0000 277f73c3 42024bb9: trying to extract 96 bits from input
[    5.582360] random 0025 0000 0000 277f73c3 42024bb9: debiting 0 entropy credits from input
[    5.582362] random 0025 0000 0000 277f73c3 42024bb9: extract_entropy account returned: 0 
[    5.582365] random 0025 0000 0000 277f73c3 42024bb9: urand_change_num 24 xfer_secondary_pool(12): pool_sig 000007e9, data_sig 00000000, bytes_mixed 0 277f73c3 42024bb9
[    5.582368] random 0025 0000 0000 277f73c3 42024bb9: trying to extract 96 bits from nonblocking
[    5.582371] random 0025 0000 0000 277f73c3 42024bb9: debiting 96 entropy credits from nonblocking (unlimited)
[    5.582373] random 0025 0000 0000 277f73c3 42024bb9: extract_entropy account returned: 12 
[    5.582377] random 0025 0000 0000 277f73c3 42024bb9: urand_change_num 25 extract_buf: pool_sig 000007e9, data_sig 00000088, bytes_mixed 20 277f73c3 42024bb9
[    5.582382] random 0025 0000 0000 277f73c3 42024bb9: urand_change_num 26 extract_buf: pool_sig 00000498, data_sig fffffefb, bytes_mixed 20 277f73c3 42024bb9
[    5.582385] RANDOM - __seed init called.
[    5.582386] RANDOM - __seed init called.
[    5.582387] RANDOM - __seed init called.
[    5.582389] RANDOM - __random32 called. Change num 12.  Value: 87f14767	f0d7351	b1e48bd3
[    5.582391] RANDOM - random32_reseed called.  Value: 87f14767	f0d7351	b1e48bd3
[    5.582393] Pid: 1, comm: swapper Not tainted 2.6.32.57 #6
[    5.582478] Call Trace:
[    5.582567]  [<c1923ca4>] ? random32_reseed+0xa0/0xb1
[    5.582652]  [<c1923c04>] ? random32_reseed+0x0/0xb1
[    5.582746]  [<c100111e>] ? do_one_initcall+0x2e/0x180
[    5.582828]  [<c1907265>] ? kernel_init+0xad/0x103
[    5.582914]  [<c19071b8>] ? kernel_init+0x0/0x103
[    5.582994]  [<c1003787>] ? kernel_thread_helper+0x7/0x10
[    5.583511] random 0025 0000 0000 386b4e60 ee4d4880: rand_read_num 7 get_random_bytes(64): sig fffffea5 386b4e60 ee4d4880
[    5.583514] random 0025 0000 0000 386b4e60 ee4d4880: extract_entropy(.. 64 ..)
[    5.583516] random 0025 0000 0000 386b4e60 ee4d4880: going to reseed nonblocking with 512 bits (512 of 0 requested)
[    5.583518] random 0025 0000 0000 386b4e60 ee4d4880: extract_entropy(.. 64 ..)
[    5.583521] random 0025 0000 0000 386b4e60 ee4d4880: trying to extract 512 bits from input
[    5.583523] random 0025 0000 0000 386b4e60 ee4d4880: debiting 0 entropy credits from input
[    5.583525] random 0025 0000 0000 386b4e60 ee4d4880: extract_entropy account returned: 0 
[    5.583528] random 0025 0000 0000 386b4e60 ee4d4880: urand_change_num 27 xfer_secondary_pool(64): pool_sig fffffea5, data_sig 00000000, bytes_mixed 0 386b4e60 ee4d4880
[    5.583531] random 0025 0000 0000 386b4e60 ee4d4880: trying to extract 512 bits from nonblocking
[    5.583533] random 0025 0000 0000 386b4e60 ee4d4880: debiting 512 entropy credits from nonblocking (unlimited)
[    5.583536] random 0025 0000 0000 386b4e60 ee4d4880: extract_entropy account returned: 64 
[    5.583540] random 0025 0000 0000 386b4e60 ee4d4880: urand_change_num 28 extract_buf: pool_sig fffffea5, data_sig 00000173, bytes_mixed 20 386b4e60 ee4d4880
[    5.583545] random 0025 0000 0000 412698f6 0cc8689a: urand_change_num 29 extract_buf: pool_sig 00000122, data_sig ffffff63, bytes_mixed 20 412698f6 0cc8689a
[    5.583550] random 0025 0000 0000 412698f6 0cc8689a: urand_change_num 30 extract_buf: pool_sig 000001f7, data_sig 00000012, bytes_mixed 20 412698f6 0cc8689a
[    5.583556] random 0025 0000 0000 9669941e 06f768b1: urand_change_num 31 extract_buf: pool_sig fffffb5b, data_sig 0000003f, bytes_mixed 20 9669941e 06f768b1
[    5.583561] random 0025 0000 0000 98486520 995551f0: urand_change_num 32 extract_buf: pool_sig fffffb39, data_sig 0000000e, bytes_mixed 20 98486520 995551f0
[    5.583566] random 0025 0000 0000 98486520 995551f0: urand_change_num 33 extract_buf: pool_sig fffffd8d, data_sig 000001a6, bytes_mixed 20 98486520 995551f0
[    5.583572] random 0025 0000 0000 61fc8914 d5882ed2: urand_change_num 34 extract_buf: pool_sig fffffa58, data_sig 0000023e, bytes_mixed 20 61fc8914 d5882ed2
[    5.583606] random 0025 0000 0000 61fc8914 d5882ed2: rand_read_num 8 get_random_bytes(64): sig fffff9ee 61fc8914 d5882ed2
[    5.583608] random 0025 0000 0000 61fc8914 d5882ed2: extract_entropy(.. 64 ..)
[    5.583611] random 0025 0000 0000 61fc8914 d5882ed2: going to reseed nonblocking with 512 bits (512 of 0 requested)
[    5.583613] random 0025 0000 0000 61fc8914 d5882ed2: extract_entropy(.. 64 ..)
[    5.583615] random 0025 0000 0000 61fc8914 d5882ed2: trying to extract 512 bits from input
[    5.583617] random 0025 0000 0000 61fc8914 d5882ed2: debiting 0 entropy credits from input
[    5.583619] random 0025 0000 0000 61fc8914 d5882ed2: extract_entropy account returned: 0 
[    5.583623] random 0025 0000 0000 61fc8914 d5882ed2: urand_change_num 35 xfer_secondary_pool(64): pool_sig fffff9ee, data_sig 00000000, bytes_mixed 0 61fc8914 d5882ed2
[    5.583626] random 0025 0000 0000 61fc8914 d5882ed2: trying to extract 512 bits from nonblocking
[    5.583628] random 0025 0000 0000 61fc8914 d5882ed2: debiting 512 entropy credits from nonblocking (unlimited)
[    5.583630] random 0025 0000 0000 61fc8914 d5882ed2: extract_entropy account returned: 64 
[    5.583634] random 0025 0000 0000 61fc8914 d5882ed2: urand_change_num 36 extract_buf: pool_sig fffff9ee, data_sig ffffff85, bytes_mixed 20 61fc8914 d5882ed2
[    5.583639] random 0025 0000 0000 70cfd302 e5edec11: urand_change_num 37 extract_buf: pool_sig fffffdc1, data_sig ffffffde, bytes_mixed 20 70cfd302 e5edec11
[    5.583645] random 0025 0000 0000 00dab838 eafd2b30: urand_change_num 38 extract_buf: pool_sig 000003da, data_sig ffffff61, bytes_mixed 20 00dab838 eafd2b30
[    5.583650] random 0025 0000 0000 00dab838 eafd2b30: urand_change_num 39 extract_buf: pool_sig 00000314, data_sig 00000121, bytes_mixed 20 00dab838 eafd2b30
[    5.583655] random 0025 0000 0000 5fcdf66a 6442b608: urand_change_num 40 extract_buf: pool_sig 0000028b, data_sig fffffefd, bytes_mixed 20 5fcdf66a 6442b608
[    5.583661] random 0025 0000 0000 61333f6b 8fae0f9b: urand_change_num 41 extract_buf: pool_sig 000000cb, data_sig 000000b3, bytes_mixed 20 61333f6b 8fae0f9b
[    5.583666] random 0025 0000 0000 61333f6b 8fae0f9b: urand_change_num 42 extract_buf: pool_sig fffffef8, data_sig 00000051, bytes_mixed 20 61333f6b 8fae0f9b
[    5.583669] BEGIN NET_SECRET:
[    5.583670] \xffffffe0
[    5.583671] \xffffffb6
[    5.583671] \x36
[    5.583672] \xffffffb5
[    5.583673] \xffffff94
[    5.583674] \xffffffb2
[    5.583675] \xffffffa8
[    5.583676] \xffffffda
[    5.583676] \x5b
[    5.583677] \x19
[    5.583678] \x18
[    5.583679] \x5c
[    5.583679] \x2b
[    5.583680] \x1
[    5.583681] \xffffff90
[    5.583682] \x19
[    5.583682] \x3c
[    5.583683] \xfffffff2
[    5.583684] \xffffff82
[    5.583685] \x2a
[    5.583686] \xffffffb3
[    5.583686] \xffffffa2
[    5.583687] \x3f
[    5.583688] \x5
[    5.583689] \x52
[    5.583689] \x77
[    5.583690] \x57
[    5.583691] \x79
[    5.583691] \x16
[    5.583692] \x43
[    5.583693] \xffffff84
[    5.583694] \xffffffc3
[    5.583694] \xffffffe9
[    5.583695] \x79
[    5.583696] \x50
[    5.583697] \xffffff8e
[    5.583698] \x3f
[    5.583698] \xfffffff3
[    5.583699] \x19
[    5.583700] \x2a
[    5.583701] \xfffffffd
[    5.583701] \xfffffffb
[    5.583702] \x62
[    5.583703] \x3c
[    5.583704] \xffffffac
[    5.583705] \x1c
[    5.583705] \x3b
[    5.583706] \x3b
[    5.583707] \x15
[    5.583707] \x27
[    5.583708] \xffffffa8
[    5.583709] \x22
[    5.583710] \xffffffc5
[    5.583710] \xffffff9a
[    5.583711] \x5
[    5.583712] \x6c
[    5.583713] \xffffffa8
[    5.583714] \x3a
[    5.583714] \x44
[    5.583715] \xffffffaf
[    5.583716] \x13
[    5.583717] \xffffffe0
[    5.583717] \xffffff9d
[    5.583718] \x22
[    5.583719] 
[    5.583719] END NET_SECRET
[    5.583722] random 0025 0000 0000 e7f555d9 e8ce5c3c: rand_read_num 9 get_random_bytes(4): sig 0000068c e7f555d9 e8ce5c3c
[    5.583725] random 0025 0000 0000 e7f555d9 e8ce5c3c: extract_entropy(.. 4 ..)
[    5.583727] random 0025 0000 0000 e7f555d9 e8ce5c3c: going to reseed nonblocking with 64 bits (32 of 0 requested)
[    5.583729] random 0025 0000 0000 e7f555d9 e8ce5c3c: extract_entropy(.. 8 ..)
[    5.583731] random 0025 0000 0000 e7f555d9 e8ce5c3c: trying to extract 64 bits from input
[    5.583733] random 0025 0000 0000 e7f555d9 e8ce5c3c: debiting 0 entropy credits from input
[    5.583736] random 0025 0000 0000 e7f555d9 e8ce5c3c: extract_entropy account returned: 0 
[    5.583739] random 0025 0000 0000 e7f555d9 e8ce5c3c: urand_change_num 43 xfer_secondary_pool(4): pool_sig 0000068c, data_sig 00000000, bytes_mixed 0 e7f555d9 e8ce5c3c
[    5.583742] random 0025 0000 0000 e7f555d9 e8ce5c3c: trying to extract 32 bits from nonblocking
[    5.583744] random 0025 0000 0000 e7f555d9 e8ce5c3c: debiting 32 entropy credits from nonblocking (unlimited)
[    5.583746] random 0025 0000 0000 e7f555d9 e8ce5c3c: extract_entropy account returned: 4 
[    5.583750] random 0025 0000 0000 e7f555d9 e8ce5c3c: urand_change_num 44 extract_buf: pool_sig 0000068c, data_sig fffffdcb, bytes_mixed 20 e7f555d9 e8ce5c3c
[    5.583761] md: Waiting for all devices to be available before autodetect
[    5.583843] md: If you don't use raid, use raid=noautodetect
[    5.584006] md: Autodetecting RAID arrays.
[    5.584094] md: Scanned 0 and added 0 devices.
[    5.584171] md: autorun ...
[    5.584248] md: ... autorun DONE.
[    5.606059] random 0025 0000 0000 e7f555d9 e8ce5c3c: add_disk_randomness(8:0) e7f555d9 e8ce5c3c
[    5.606063] random 0025 0000 0000 e7f555d9 e8ce5c3c: add_timer_randomness(.. 8388864) with jiffies: 7249802313433055663, cycles: 7249802309138382858
[    5.606065] random 0025 0000 0000 e7f555d9 e8ce5c3c: added 4 entropy credits to input
[    5.607186] random 0029 0000 0000 e7f555d9 e8ce5c3c: add_disk_randomness(8:0) e7f555d9 e8ce5c3c
[    5.607189] random 0029 0000 0000 e7f555d9 e8ce5c3c: add_timer_randomness(.. 8388864) with jiffies: 7259943130650870192, cycles: 7259943126356197386
[    5.614272] random 0029 0000 0000 e7f555d9 e8ce5c3c: add_disk_randomness(8:0) e7f555d9 e8ce5c3c
[    5.614275] random 0029 0000 0000 e7f555d9 e8ce5c3c: add_timer_randomness(.. 8388864) with jiffies: 7323695400399634871, cycles: 7323695396104962058
[    5.614278] random 0029 0000 0000 e7f555d9 e8ce5c3c: added 2 entropy credits to input
[    5.614283] EXT3-fs: sda2: couldn't mount because of unsupported optional features (240).
[    5.614508] random 0031 0000 0000 e7f555d9 e8ce5c3c: add_disk_randomness(8:0) e7f555d9 e8ce5c3c
[    5.614511] random 0031 0000 0000 e7f555d9 e8ce5c3c: add_timer_randomness(.. 8388864) with jiffies: 7325817131423728055, cycles: 7325817127129055242
[    5.614515] EXT2-fs: sda2: couldn't mount because of unsupported optional features (240).
[    5.614736] random 0031 0000 0000 e7f555d9 e8ce5c3c: add_disk_randomness(8:0) e7f555d9 e8ce5c3c
[    5.614739] random 0031 0000 0000 e7f555d9 e8ce5c3c: add_timer_randomness(.. 8388864) with jiffies: 7327859087725265336, cycles: 7327859083430592522
[    5.614871] random 0031 0000 0000 e7f555d9 e8ce5c3c: add_disk_randomness(8:0) e7f555d9 e8ce5c3c
[    5.614874] random 0031 0000 0000 e7f555d9 e8ce5c3c: add_timer_randomness(.. 8388864) with jiffies: 7329071118906261944, cycles: 7329071114611589130
[    5.614992] random 0031 0000 0000 e7f555d9 e8ce5c3c: add_disk_randomness(8:0) e7f555d9 e8ce5c3c
[    5.614995] random 0031 0000 0000 e7f555d9 e8ce5c3c: add_timer_randomness(.. 8388864) with jiffies: 7330167834510328248, cycles: 7330167830215655434
[    5.615138] random 0031 0000 0000 e7f555d9 e8ce5c3c: add_disk_randomness(8:0) e7f555d9 e8ce5c3c
[    5.615140] random 0031 0000 0000 e7f555d9 e8ce5c3c: add_timer_randomness(.. 8388864) with jiffies: 7331476824578032056, cycles: 7331476820283359242
[    5.615264] random 0031 0000 0000 e7f555d9 e8ce5c3c: add_disk_randomness(8:0) e7f555d9 e8ce5c3c
[    5.615267] random 0031 0000 0000 e7f555d9 e8ce5c3c: add_timer_randomness(.. 8388864) with jiffies: 7332618594389033400, cycles: 7332618590094360586
[    5.615383] random 0031 0000 0000 e7f555d9 e8ce5c3c: add_disk_randomness(8:0) e7f555d9 e8ce5c3c
[    5.615386] random 0031 0000 0000 e7f555d9 e8ce5c3c: add_timer_randomness(.. 8388864) with jiffies: 7333685502920065464, cycles: 7333685498625392650
[    5.615531] random 0031 0000 0000 e7f555d9 e8ce5c3c: add_disk_randomness(8:0) e7f555d9 e8ce5c3c
[    5.615533] random 0031 0000 0000 e7f555d9 e8ce5c3c: add_timer_randomness(.. 8388864) with jiffies: 7335018665063711160, cycles: 7335018660769038346
[    5.615659] random 0031 0000 0000 e7f555d9 e8ce5c3c: add_disk_randomness(8:0) e7f555d9 e8ce5c3c
[    5.615662] random 0031 0000 0000 e7f555d9 e8ce5c3c: add_timer_randomness(.. 8388864) with jiffies: 7336161925228364217, cycles: 7336161920933691402
[    5.615899] random 0031 0000 0000 e7f555d9 e8ce5c3c: rand_read_num 10 get_random_bytes(4): sig ffffff72 e7f555d9 e8ce5c3c
[    5.615902] random 0031 0000 0000 e7f555d9 e8ce5c3c: extract_entropy(.. 4 ..)
[    5.615904] random 0031 0000 0000 e7f555d9 e8ce5c3c: going to reseed nonblocking with 64 bits (32 of 0 requested)
[    5.615906] random 0031 0000 0000 e7f555d9 e8ce5c3c: extract_entropy(.. 8 ..)
[    5.615908] random 0031 0000 0000 e7f555d9 e8ce5c3c: trying to extract 64 bits from input
[    5.615911] random 0031 0000 0000 e7f555d9 e8ce5c3c: debiting 0 entropy credits from input
[    5.615913] random 0031 0000 0000 e7f555d9 e8ce5c3c: extract_entropy account returned: 0 
[    5.615916] random 0031 0000 0000 e7f555d9 e8ce5c3c: urand_change_num 45 xfer_secondary_pool(4): pool_sig ffffff72, data_sig 00000000, bytes_mixed 0 e7f555d9 e8ce5c3c
[    5.615919] random 0031 0000 0000 e7f555d9 e8ce5c3c: trying to extract 32 bits from nonblocking
[    5.615921] random 0031 0000 0000 e7f555d9 e8ce5c3c: debiting 32 entropy credits from nonblocking (unlimited)
[    5.615923] random 0031 0000 0000 e7f555d9 e8ce5c3c: extract_entropy account returned: 4 
[    5.615927] random 0031 0000 0000 e7f555d9 e8ce5c3c: urand_change_num 46 extract_buf: pool_sig ffffff72, data_sig ffffff72, bytes_mixed 20 e7f555d9 e8ce5c3c
[    5.620514] random 0031 0000 0000 91716c54 eeb6a1e7: add_disk_randomness(8:0) 91716c54 eeb6a1e7
[    5.620517] random 0031 0000 0000 91716c54 eeb6a1e7: add_timer_randomness(.. 8388864) with jiffies: 7379853854436458941, cycles: 7379853850141786122
[    5.620520] random 0031 0000 0000 91716c54 eeb6a1e7: added 1 entropy credits to input
[    5.638791] random 0032 0000 0000 91716c54 eeb6a1e7: add_disk_randomness(8:0) 91716c54 eeb6a1e7
[    5.638794] random 0032 0000 0000 91716c54 eeb6a1e7: add_timer_randomness(.. 8388864) with jiffies: 7544276506881262032, cycles: 7544276502586589194
[    5.638796] random 0032 0000 0000 91716c54 eeb6a1e7: added 3 entropy credits to input
[    5.643442] EXT4-fs (sda2): mounted filesystem with ordered data mode
[    5.643633] VFS: Mounted root (ext4 filesystem) readonly on device 8:2.
[    5.643734] Freeing unused kernel memory: 448k freed
[    5.663939] random 0035 0000 0000 91716c54 eeb6a1e7: add_disk_randomness(8:0) 91716c54 eeb6a1e7
[    5.663942] random 0035 0000 0000 91716c54 eeb6a1e7: add_timer_randomness(.. 8388864) with jiffies: 7770536745539174889, cycles: 7770536741244502026
[    5.663945] random 0035 0000 0000 91716c54 eeb6a1e7: added 2 entropy credits to input
[    5.664669] random 0037 0000 0000 91716c54 eeb6a1e7: add_disk_randomness(8:0) 91716c54 eeb6a1e7
[    5.664672] random 0037 0000 0000 91716c54 eeb6a1e7: add_timer_randomness(.. 8388864) with jiffies: 7777099734740337130, cycles: 7777099730445664266
[    5.669399] random 0037 0000 0000 91716c54 eeb6a1e7: add_disk_randomness(8:0) 91716c54 eeb6a1e7
[    5.669402] random 0037 0000 0000 91716c54 eeb6a1e7: add_timer_randomness(.. 8388864) with jiffies: 7819661619398148590, cycles: 7819661615103475722
[    5.669405] random 0037 0000 0000 91716c54 eeb6a1e7: added 1 entropy credits to input
[    5.677594] random 0038 0000 0000 91716c54 eeb6a1e7: add_disk_randomness(8:0) 91716c54 eeb6a1e7
[    5.677597] random 0038 0000 0000 91716c54 eeb6a1e7: add_timer_randomness(.. 8388864) with jiffies: 7893383113831318007, cycles: 7893383109536645130
[    5.677600] random 0038 0000 0000 91716c54 eeb6a1e7: added 1 entropy credits to input
[    5.681016] random 0039 0000 0000 91716c54 eeb6a1e7: add_disk_randomness(8:0) 91716c54 eeb6a1e7
[    5.681019] random 0039 0000 0000 91716c54 eeb6a1e7: add_timer_randomness(.. 8388864) with jiffies: 7924170264042766842, cycles: 7924170259748093962
[    5.681021] random 0039 0000 0000 91716c54 eeb6a1e7: added 1 entropy credits to input
[    5.689914] random 0040 0000 0000 91716c54 eeb6a1e7: add_disk_randomness(8:0) 91716c54 eeb6a1e7
[    5.689917] random 0040 0000 0000 91716c54 eeb6a1e7: add_timer_randomness(.. 8388864) with jiffies: 8004227367813480963, cycles: 8004227363518808074
[    5.689920] random 0040 0000 0000 91716c54 eeb6a1e7: added 2 entropy credits to input
[    5.703194] random 0042 0000 0000 91716c54 eeb6a1e7: add_disk_randomness(8:0) 91716c54 eeb6a1e7
[    5.703197] random 0042 0000 0000 91716c54 eeb6a1e7: add_timer_randomness(.. 8388864) with jiffies: 8123703355009368592, cycles: 8123703350714695690
[    5.703199] random 0042 0000 0000 91716c54 eeb6a1e7: added 1 entropy credits to input
[    5.711270] random 0043 0000 0000 91716c54 eeb6a1e7: add_disk_randomness(8:0) 91716c54 eeb6a1e7
[    5.711273] random 0043 0000 0000 91716c54 eeb6a1e7: add_timer_randomness(.. 8388864) with jiffies: 8196363442764612120, cycles: 8196363438469939210
[    5.711275] random 0043 0000 0000 91716c54 eeb6a1e7: added 2 entropy credits to input
[    5.711299] RANDOM get_random_int call with cycles 44858092776, jiffies 4294672920 and pid 1
[    5.711302] RANDOM get_random_int call with cycles 44858100283, jiffies 4294672920 and pid 1
[    5.711304] ASLR stack rand value: 1429504 after shift for pid: 1
[    5.711305] RANDOM get_random_int call with cycles 44858108032, jiffies 4294672920 and pid 1
[    5.722915] random 0045 0000 0000 91716c54 eeb6a1e7: add_disk_randomness(8:0) 91716c54 eeb6a1e7
[    5.722918] random 0045 0000 0000 91716c54 eeb6a1e7: add_timer_randomness(.. 8388864) with jiffies: 8301132255053185572, cycles: 8301132250758512650
[    5.722921] random 0045 0000 0000 91716c54 eeb6a1e7: added 2 entropy credits to input
[    5.722931] RANDOM get_random_int call with cycles 44882459034, jiffies 4294672932 and pid 1
[    5.722934] random 0047 0000 0000 91716c54 eeb6a1e7: rand_read_num 11 get_random_bytes(16): sig fffffcad 91716c54 eeb6a1e7
[    5.722936] random 0047 0000 0000 91716c54 eeb6a1e7: extract_entropy(.. 16 ..)
[    5.722939] random 0047 0000 0000 91716c54 eeb6a1e7: going to reseed nonblocking with 128 bits (128 of 0 requested)
[    5.722941] random 0047 0000 0000 91716c54 eeb6a1e7: extract_entropy(.. 16 ..)
[    5.722943] random 0047 0000 0000 91716c54 eeb6a1e7: trying to extract 128 bits from input
[    5.722945] random 0047 0000 0000 91716c54 eeb6a1e7: debiting 0 entropy credits from input
[    5.722947] random 0047 0000 0000 91716c54 eeb6a1e7: extract_entropy account returned: 0 
[    5.722951] random 0047 0000 0000 91716c54 eeb6a1e7: urand_change_num 47 xfer_secondary_pool(16): pool_sig fffffcad, data_sig 00000000, bytes_mixed 0 91716c54 eeb6a1e7
[    5.722954] random 0047 0000 0000 91716c54 eeb6a1e7: trying to extract 128 bits from nonblocking
[    5.722956] random 0047 0000 0000 91716c54 eeb6a1e7: debiting 128 entropy credits from nonblocking (unlimited)
[    5.722958] random 0047 0000 0000 91716c54 eeb6a1e7: extract_entropy account returned: 16 
[    5.722963] random 0047 0000 0000 91716c54 eeb6a1e7: urand_change_num 48 extract_buf: pool_sig fffffcad, data_sig ffffff19, bytes_mixed 20 91716c54 eeb6a1e7
[    5.722968] random 0047 0000 0000 fd637b06 6cf47bc1: urand_change_num 49 extract_buf: pool_sig fffffede, data_sig ffffffc1, bytes_mixed 20 fd637b06 6cf47bc1
[    5.723930] random 0047 0000 0000 fd637b06 6cf47bc1: add_disk_randomness(8:0) fd637b06 6cf47bc1
[    5.723933] random 0047 0000 0000 fd637b06 6cf47bc1: add_timer_randomness(.. 8388864) with jiffies: 8310262895962980901, cycles: 8310262891668307978
[    5.725074] random 0047 0000 0000 fd637b06 6cf47bc1: add_disk_randomness(8:0) fd637b06 6cf47bc1
[    5.725077] random 0047 0000 0000 fd637b06 6cf47bc1: add_timer_randomness(.. 8388864) with jiffies: 8320553573179687462, cycles: 8320553568885014538
[    5.726223] random 0047 0000 0000 fd637b06 6cf47bc1: add_disk_randomness(8:0) fd637b06 6cf47bc1
[    5.726226] random 0047 0000 0000 fd637b06 6cf47bc1: add_timer_randomness(.. 8388864) with jiffies: 8330892500058997287, cycles: 8330892495764324362
[    5.727097] random 0047 0000 0000 fd637b06 6cf47bc1: add_disk_randomness(8:0) fd637b06 6cf47bc1
[    5.727100] random 0047 0000 0000 fd637b06 6cf47bc1: add_timer_randomness(.. 8388864) with jiffies: 8338756138501374504, cycles: 8338756134206701578
[    5.735911] random 0047 0000 0000 fd637b06 6cf47bc1: add_disk_randomness(8:0) fd637b06 6cf47bc1
[    5.735914] random 0047 0000 0000 fd637b06 6cf47bc1: add_timer_randomness(.. 8388864) with jiffies: 8418051821879919153, cycles: 8418051817585246218
[    5.735917] random 0047 0000 0000 fd637b06 6cf47bc1: added 3 entropy credits to input
[    5.736110] random 0050 0000 0000 fd637b06 6cf47bc1: add_disk_randomness(8:0) fd637b06 6cf47bc1
[    5.736113] random 0050 0000 0000 fd637b06 6cf47bc1: add_timer_randomness(.. 8388864) with jiffies: 8419843261329015345, cycles: 8419843257034342410
[    5.746299] random 0050 0000 0000 fd637b06 6cf47bc1: add_disk_randomness(8:0) fd637b06 6cf47bc1
[    5.746302] random 0050 0000 0000 fd637b06 6cf47bc1: add_timer_randomness(.. 8388864) with jiffies: 8511513647430468155, cycles: 8511513643135795210
[    5.746304] random 0050 0000 0000 fd637b06 6cf47bc1: added 3 entropy credits to input
[    5.746741] random 0053 0000 0000 fd637b06 6cf47bc1: add_disk_randomness(8:0) fd637b06 6cf47bc1
[    5.746744] random 0053 0000 0000 fd637b06 6cf47bc1: add_timer_randomness(.. 8388864) with jiffies: 8515482515039552060, cycles: 8515482510744879114
[    5.756481] random 0053 0000 0000 fd637b06 6cf47bc1: add_disk_randomness(8:0) fd637b06 6cf47bc1
[    5.756484] random 0053 0000 0000 fd637b06 6cf47bc1: add_timer_randomness(.. 8388864) with jiffies: 8603128160302367301, cycles: 8603128156007694346
[    5.756487] random 0053 0000 0000 fd637b06 6cf47bc1: added 3 entropy credits to input
[    5.756540] RANDOM get_random_int call with cycles 44952862300, jiffies 4294672965 and pid 1
[    5.761089] random 0056 0000 0000 fd637b06 6cf47bc1: add_disk_randomness(8:0) fd637b06 6cf47bc1
[    5.761093] random 0056 0000 0000 fd637b06 6cf47bc1: add_timer_randomness(.. 8388864) with jiffies: 8644582007822320202, cycles: 8644582003527647242
[    5.761096] random 0056 0000 0000 fd637b06 6cf47bc1: added 2 entropy credits to input
[    5.773915] random 0058 0000 0000 fd637b06 6cf47bc1: add_disk_randomness(8:0) fd637b06 6cf47bc1
[    5.773918] random 0058 0000 0000 fd637b06 6cf47bc1: add_timer_randomness(.. 8388864) with jiffies: 8759967051553669719, cycles: 8759967047258996746
[    5.773921] random 0058 0000 0000 fd637b06 6cf47bc1: added 3 entropy credits to input
[    5.774054] random 0061 0000 0000 fd637b06 6cf47bc1: add_disk_randomness(8:0) fd637b06 6cf47bc1
[    5.774057] random 0061 0000 0000 fd637b06 6cf47bc1: add_timer_randomness(.. 8388864) with jiffies: 8761217144734843479, cycles: 8761217140440170506
[    5.776217] random 0061 0000 0000 fd637b06 6cf47bc1: add_disk_randomness(8:0) fd637b06 6cf47bc1
[    5.776220] random 0061 0000 0000 fd637b06 6cf47bc1: add_timer_randomness(.. 8388864) with jiffies: 8780683920795206233, cycles: 8780683916500533258
[    5.776223] random 0061 0000 0000 fd637b06 6cf47bc1: added 1 entropy credits to input
[    5.776460] random 0062 0000 0000 fd637b06 6cf47bc1: add_disk_randomness(8:0) fd637b06 6cf47bc1
[    5.776463] random 0062 0000 0000 fd637b06 6cf47bc1: add_timer_randomness(.. 8388864) with jiffies: 8782871897394872921, cycles: 8782871893100199946
[    5.776606] random 0062 0000 0000 fd637b06 6cf47bc1: add_disk_randomness(8:0) fd637b06 6cf47bc1
[    5.776609] random 0062 0000 0000 fd637b06 6cf47bc1: add_timer_randomness(.. 8388864) with jiffies: 8784174260328039002, cycles: 8784174256033366026
[    5.779771] random 0062 0000 0000 fd637b06 6cf47bc1: add_disk_randomness(8:0) fd637b06 6cf47bc1
[    5.779774] random 0062 0000 0000 fd637b06 6cf47bc1: add_timer_randomness(.. 8388864) with jiffies: 8812652706704097885, cycles: 8812652702409424906
[    5.781782] random 0062 0000 0000 fd637b06 6cf47bc1: add_disk_randomness(8:0) fd637b06 6cf47bc1
[    5.781785] random 0062 0000 0000 fd637b06 6cf47bc1: add_timer_randomness(.. 8388864) with jiffies: 8830739913499181663, cycles: 8830739909204508682
[    5.789614] random 0062 0000 0000 fd637b06 6cf47bc1: add_disk_randomness(8:0) fd637b06 6cf47bc1
[    5.789617] random 0062 0000 0000 fd637b06 6cf47bc1: add_timer_randomness(.. 8388864) with jiffies: 8901206836334264935, cycles: 8901206832039591946
[    5.789620] random 0062 0000 0000 fd637b06 6cf47bc1: added 2 entropy credits to input
[    5.789747] random 0064 0000 0000 fd637b06 6cf47bc1: add_disk_randomness(8:0) fd637b06 6cf47bc1
[    5.789750] random 0064 0000 0000 fd637b06 6cf47bc1: add_timer_randomness(.. 8388864) with jiffies: 8902403354093388391, cycles: 8902403349798715402
[    5.793318] random 0064 0000 0000 fd637b06 6cf47bc1: add_disk_randomness(8:0) fd637b06 6cf47bc1
[    5.793320] random 0064 0000 0000 fd637b06 6cf47bc1: add_timer_randomness(.. 8388864) with jiffies: 8934533635067576938, cycles: 8934533630772903946
[    5.793323] random 0064 0000 0000 fd637b06 6cf47bc1: added 1 entropy credits to input
[    5.797807] random 0065 0000 0000 fd637b06 6cf47bc1: add_disk_randomness(8:0) fd637b06 6cf47bc1
[    5.797810] random 0065 0000 0000 fd637b06 6cf47bc1: add_timer_randomness(.. 8388864) with jiffies: 8974914982009078383, cycles: 8974914977714405386
[    5.803386] random 0065 0000 0000 fd637b06 6cf47bc1: add_disk_randomness(8:0) fd637b06 6cf47bc1
[    5.803389] random 0065 0000 0000 fd637b06 6cf47bc1: add_timer_randomness(.. 8388864) with jiffies: 9025123811124281972, cycles: 9025123806829608970
[    5.809665] random 0065 0000 0000 fd637b06 6cf47bc1: add_disk_randomness(8:0) fd637b06 6cf47bc1
[    5.809668] random 0065 0000 0000 fd637b06 6cf47bc1: add_timer_randomness(.. 8388864) with jiffies: 9081598937394807419, cycles: 9081598933100134410
[    5.809671] random 0065 0000 0000 fd637b06 6cf47bc1: added 1 entropy credits to input
[    5.809684] random 0066 0000 0000 fd637b06 6cf47bc1: rand_read_num 12 get_random_bytes(16): sig 0000033b fd637b06 6cf47bc1
[    5.809686] random 0066 0000 0000 fd637b06 6cf47bc1: extract_entropy(.. 16 ..)
[    5.809689] random 0066 0000 0000 fd637b06 6cf47bc1: going to reseed nonblocking with 128 bits (128 of 0 requested)
[    5.809691] random 0066 0000 0000 fd637b06 6cf47bc1: extract_entropy(.. 16 ..)
[    5.809693] random 0066 0000 0000 fd637b06 6cf47bc1: trying to extract 128 bits from input
[    5.809695] random 0066 0000 0000 fd637b06 6cf47bc1: debiting 0 entropy credits from input
[    5.809697] random 0066 0000 0000 fd637b06 6cf47bc1: extract_entropy account returned: 0 
[    5.809701] random 0066 0000 0000 fd637b06 6cf47bc1: urand_change_num 50 xfer_secondary_pool(16): pool_sig 0000033b, data_sig 00000000, bytes_mixed 0 fd637b06 6cf47bc1
[    5.809703] random 0066 0000 0000 fd637b06 6cf47bc1: trying to extract 128 bits from nonblocking
[    5.809706] random 0066 0000 0000 fd637b06 6cf47bc1: debiting 128 entropy credits from nonblocking (unlimited)
[    5.809708] random 0066 0000 0000 fd637b06 6cf47bc1: extract_entropy account returned: 16 
[    5.809712] random 0066 0000 0000 fd637b06 6cf47bc1: urand_change_num 51 extract_buf: pool_sig 0000033b, data_sig 000000d8, bytes_mixed 20 fd637b06 6cf47bc1
[    5.809718] random 0066 0000 0000 0ec1f012 d4727ca8: urand_change_num 52 extract_buf: pool_sig fffffcf5, data_sig 00000016, bytes_mixed 20 0ec1f012 d4727ca8
[    5.816414] random 0066 0000 0000 45b1d0b1 845a73f7: add_disk_randomness(8:0) 45b1d0b1 845a73f7
[    5.816417] random 0066 0000 0000 45b1d0b1 845a73f7: add_timer_randomness(.. 8388864) with jiffies: 9142327893764571777, cycles: 9142327889469898762
[    5.823638] random 0066 0000 0000 45b1d0b1 845a73f7: add_disk_randomness(8:0) 45b1d0b1 845a73f7
[    5.823641] random 0066 0000 0000 45b1d0b1 845a73f7: add_timer_randomness(.. 8388864) with jiffies: 9207311633716314761, cycles: 9207311629421641738
[    5.823644] random 0066 0000 0000 45b1d0b1 845a73f7: added 1 entropy credits to input
[    5.831650] random 0067 0000 0000 45b1d0b1 845a73f7: add_disk_randomness(8:0) 45b1d0b1 845a73f7
[    5.831653] random 0067 0000 0000 45b1d0b1 845a73f7: add_timer_randomness(.. 8388864) with jiffies: 9279395336860435089, cycles: -9167348741143789558
[    5.841056] random 0067 0000 0000 45b1d0b1 845a73f7: add_disk_randomness(8:0) 45b1d0b1 845a73f7
[    5.841059] random 0067 0000 0000 45b1d0b1 845a73f7: add_timer_randomness(.. 8388864) with jiffies: 9364023711763235482, cycles: -9082720366240989174
[    5.844195] random 0067 0000 0000 45b1d0b1 845a73f7: add_disk_randomness(8:0) 45b1d0b1 845a73f7
[    5.844198] random 0067 0000 0000 45b1d0b1 845a73f7: add_timer_randomness(.. 8388864) with jiffies: 9392266304305201821, cycles: -9054477773699022838
[    5.844201] random 0067 0000 0000 45b1d0b1 845a73f7: added 1 entropy credits to input
[    5.858466] random 0068 0000 0000 45b1d0b1 845a73f7: add_disk_randomness(8:0) 45b1d0b1 845a73f7
[    5.858469] random 0068 0000 0000 45b1d0b1 845a73f7: add_timer_randomness(.. 8388864) with jiffies: 9520666610771919531, cycles: -8926077467232305142
[    5.858472] random 0068 0000 0000 45b1d0b1 845a73f7: added 3 entropy credits to input
[    5.863868] random 0071 0000 0000 45b1d0b1 845a73f7: add_disk_randomness(8:0) 45b1d0b1 845a73f7
[    5.863871] random 0071 0000 0000 45b1d0b1 845a73f7: add_timer_randomness(.. 8388864) with jiffies: 9569256091187643057, cycles: -8877487986816581622
[    5.863874] random 0071 0000 0000 45b1d0b1 845a73f7: added 2 entropy credits to input
[    5.869037] random 0073 0000 0000 45b1d0b1 845a73f7: add_disk_randomness(8:0) 45b1d0b1 845a73f7
[    5.869040] random 0073 0000 0000 45b1d0b1 845a73f7: add_timer_randomness(.. 8388864) with jiffies: 9615764294876234422, cycles: -8830979783127990262
[    5.877266] random 0073 0000 0000 45b1d0b1 845a73f7: add_disk_randomness(8:0) 45b1d0b1 845a73f7
[    5.877269] random 0073 0000 0000 45b1d0b1 845a73f7: add_timer_randomness(.. 8388864) with jiffies: 9689803496630223550, cycles: -8756940581374001142
[    5.877272] random 0073 0000 0000 45b1d0b1 845a73f7: added 1 entropy credits to input
[    5.886868] random 0074 0000 0000 45b1d0b1 845a73f7: add_disk_randomness(8:0) 45b1d0b1 845a73f7
[    5.886871] random 0074 0000 0000 45b1d0b1 845a73f7: add_timer_randomness(.. 8388864) with jiffies: 9776185657003836104, cycles: -8670558421000388598
[    5.906371] random 0074 0000 0000 45b1d0b1 845a73f7: add_disk_randomness(8:0) 45b1d0b1 845a73f7
[    5.906374] random 0074 0000 0000 45b1d0b1 845a73f7: add_timer_randomness(.. 8388864) with jiffies: 9951658920998830811, cycles: -8495085157005393910
[    5.906377] random 0074 0000 0000 45b1d0b1 845a73f7: added 2 entropy credits to input
[    5.919655] random 0076 0000 0000 45b1d0b1 845a73f7: add_disk_randomness(8:0) 45b1d0b1 845a73f7
[    5.919658] random 0076 0000 0000 45b1d0b1 845a73f7: add_timer_randomness(.. 8388864) with jiffies: 10071161786100056809, cycles: -8375582291904167926
[    5.919661] random 0076 0000 0000 45b1d0b1 845a73f7: added 2 entropy credits to input
[    5.927677] random 0078 0000 0000 45b1d0b1 845a73f7: add_disk_randomness(8:0) 45b1d0b1 845a73f7
[    5.927680] random 0078 0000 0000 45b1d0b1 845a73f7: add_timer_randomness(.. 8388864) with jiffies: 10143336448061571825, cycles: -8303407629942652918
[    5.937689] random 0078 0000 0000 45b1d0b1 845a73f7: add_disk_randomness(8:0) 45b1d0b1 845a73f7
[    5.937692] random 0078 0000 0000 45b1d0b1 845a73f7: add_timer_randomness(.. 8388864) with jiffies: 10233411116373607163, cycles: -8213332961630617590
[    5.937695] random 0078 0000 0000 45b1d0b1 845a73f7: added 1 entropy credits to input
[    5.950575] random 0079 0000 0000 45b1d0b1 845a73f7: add_disk_randomness(8:0) 45b1d0b1 845a73f7
[    5.950578] random 0079 0000 0000 45b1d0b1 845a73f7: add_timer_randomness(.. 8388864) with jiffies: 10349343326053565192, cycles: -8097400751950659574
[    5.957934] random 0079 0000 0000 45b1d0b1 845a73f7: add_disk_randomness(8:0) 45b1d0b1 845a73f7
[    5.957937] random 0079 0000 0000 45b1d0b1 845a73f7: add_timer_randomness(.. 8388864) with jiffies: 10415554833946477327, cycles: -8031189244057747446
[    5.957940] random 0079 0000 0000 45b1d0b1 845a73f7: added 2 entropy credits to input
[    5.963178] random 0081 0000 0000 45b1d0b1 845a73f7: add_disk_randomness(8:0) 45b1d0b1 845a73f7
[    5.963181] random 0081 0000 0000 45b1d0b1 845a73f7: add_timer_randomness(.. 8388864) with jiffies: 10462732730410697492, cycles: -7984011347593527286
[    5.963183] random 0081 0000 0000 45b1d0b1 845a73f7: added 1 entropy credits to input
[    5.969621] random 0082 0000 0000 45b1d0b1 845a73f7: add_disk_randomness(8:0) 45b1d0b1 845a73f7
[    5.969624] random 0082 0000 0000 45b1d0b1 845a73f7: add_timer_randomness(.. 8388864) with jiffies: 10520693262530609947, cycles: -7926050815473614838
[    5.969627] random 0082 0000 0000 45b1d0b1 845a73f7: added 1 entropy credits to input
[    5.974675] random 0083 0000 0000 45b1d0b1 845a73f7: add_disk_randomness(8:0) 45b1d0b1 845a73f7
[    5.974678] random 0083 0000 0000 45b1d0b1 845a73f7: add_timer_randomness(.. 8388864) with jiffies: 10566163419868398368, cycles: -7880580658135826422
[    5.974680] random 0083 0000 0000 45b1d0b1 845a73f7: added 1 entropy credits to input
[    5.980574] random 0084 0000 0000 45b1d0b1 845a73f7: add_disk_randomness(8:0) 45b1d0b1 845a73f7
[    5.980577] random 0084 0000 0000 45b1d0b1 845a73f7: add_timer_randomness(.. 8388864) with jiffies: 10619236820371342118, cycles: -7827507257632882678
[    5.989927] random 0084 0000 0000 45b1d0b1 845a73f7: add_disk_randomness(8:0) 45b1d0b1 845a73f7
[    5.989930] random 0084 0000 0000 45b1d0b1 845a73f7: add_timer_randomness(.. 8388864) with jiffies: 10703386220521292591, cycles: -7743357857482932214
[    5.989932] random 0084 0000 0000 45b1d0b1 845a73f7: added 1 entropy credits to input
[    5.994805] random 0085 0000 0000 45b1d0b1 845a73f7: add_disk_randomness(8:0) 45b1d0b1 845a73f7
[    5.994808] random 0085 0000 0000 45b1d0b1 845a73f7: add_timer_randomness(.. 8388864) with jiffies: 10747269765400331060, cycles: -7699474312603893750
[    5.994810] random 0085 0000 0000 45b1d0b1 845a73f7: added 2 entropy credits to input
[    6.002239] random 0087 0000 0000 45b1d0b1 845a73f7: add_disk_randomness(8:0) 45b1d0b1 845a73f7
[    6.002243] random 0087 0000 0000 45b1d0b1 845a73f7: add_timer_randomness(.. 8388864) with jiffies: 10814167879650083643, cycles: -7632576198354141174
[    6.002245] random 0087 0000 0000 45b1d0b1 845a73f7: added 1 entropy credits to input
[    6.008456] random 0088 0000 0000 45b1d0b1 845a73f7: add_disk_randomness(8:0) 45b1d0b1 845a73f7
[    6.008459] random 0088 0000 0000 45b1d0b1 845a73f7: add_timer_randomness(.. 8388864) with jiffies: 10870096561526506305, cycles: -7576647516477718518
[    6.008607] random 0088 0000 0000 45b1d0b1 845a73f7: add_disk_randomness(8:0) 45b1d0b1 845a73f7
[    6.008610] random 0088 0000 0000 45b1d0b1 845a73f7: add_timer_randomness(.. 8388864) with jiffies: 10871448213504361282, cycles: -7575295864499863542
[    6.023019] random 0088 0000 0000 45b1d0b1 845a73f7: add_disk_randomness(8:0) 45b1d0b1 845a73f7
[    6.023023] random 0088 0000 0000 45b1d0b1 845a73f7: add_timer_randomness(.. 8388864) with jiffies: 11001118279807501136, cycles: -7445625798196723702
[    6.023026] random 0088 0000 0000 45b1d0b1 845a73f7: added 3 entropy credits to input
[    6.030439] random 0091 0000 0000 45b1d0b1 845a73f7: add_disk_randomness(8:0) 45b1d0b1 845a73f7
[    6.030442] random 0091 0000 0000 45b1d0b1 845a73f7: add_timer_randomness(.. 8388864) with jiffies: 11067875510540010327, cycles: -7378868567464214518
[    6.030445] random 0091 0000 0000 45b1d0b1 845a73f7: added 2 entropy credits to input
[    6.040121] random 0093 0000 0000 45b1d0b1 845a73f7: add_disk_randomness(8:0) 45b1d0b1 845a73f7
[    6.040124] random 0093 0000 0000 45b1d0b1 845a73f7: add_timer_randomness(.. 8388864) with jiffies: 11154974445120750433, cycles: -7291769632883474422
[    6.040126] random 0093 0000 0000 45b1d0b1 845a73f7: added 1 entropy credits to input
[    6.050750] random 0094 0000 0000 45b1d0b1 845a73f7: add_disk_randomness(8:0) 45b1d0b1 845a73f7
[    6.050753] random 0094 0000 0000 45b1d0b1 845a73f7: add_timer_randomness(.. 8388864) with jiffies: 11250600259878617964, cycles: -7196143818125606902
[    6.063266] random 0094 0000 0000 45b1d0b1 845a73f7: add_disk_randomness(8:0) 45b1d0b1 845a73f7
[    6.063269] random 0094 0000 0000 45b1d0b1 845a73f7: add_timer_randomness(.. 8388864) with jiffies: 11363213181393273720, cycles: -7083530896610951158
[    6.064479] random 0094 0000 0000 45b1d0b1 845a73f7: add_disk_randomness(8:0) 45b1d0b1 845a73f7
[    6.064482] random 0094 0000 0000 45b1d0b1 845a73f7: add_timer_randomness(.. 8388864) with jiffies: 11374128046207107961, cycles: -7072616031797116918
[    6.068492] random 0094 0000 0000 45b1d0b1 845a73f7: add_disk_randomness(8:0) 45b1d0b1 845a73f7
[    6.068495] random 0094 0000 0000 45b1d0b1 845a73f7: add_timer_randomness(.. 8388864) with jiffies: 11410231116095521661, cycles: -7036512961908703222
[    6.068497] random 0094 0000 0000 45b1d0b1 845a73f7: added 1 entropy credits to input
[    6.077834] random 0095 0000 0000 45b1d0b1 845a73f7: add_disk_randomness(8:0) 45b1d0b1 845a73f7
[    6.077837] random 0095 0000 0000 45b1d0b1 845a73f7: add_timer_randomness(.. 8388864) with jiffies: 11494273769128297351, cycles: -6952470308875927542
[    6.077840] random 0095 0000 0000 45b1d0b1 845a73f7: added 1 entropy credits to input
[    6.078181] random 0096 0000 0000 45b1d0b1 845a73f7: add_disk_randomness(8:0) 45b1d0b1 845a73f7
[    6.078184] random 0096 0000 0000 45b1d0b1 845a73f7: add_timer_randomness(.. 8388864) with jiffies: 11497397155245294471, cycles: -6949346922758930422
[    6.093844] random 0096 0000 0000 45b1d0b1 845a73f7: add_disk_randomness(8:0) 45b1d0b1 845a73f7
[    6.093847] random 0096 0000 0000 45b1d0b1 845a73f7: add_timer_randomness(.. 8388864) with jiffies: 11638312103059358615, cycles: -6808431974944866294
[    6.093850] random 0096 0000 0000 45b1d0b1 845a73f7: added 4 entropy credits to input
[    6.095474] random 0100 0000 0000 45b1d0b1 845a73f7: add_disk_randomness(8:0) 45b1d0b1 845a73f7
[    6.095477] random 0100 0000 0000 45b1d0b1 845a73f7: add_timer_randomness(.. 8388864) with jiffies: 11652983470824326040, cycles: -6793760607179898870
[    6.095619] random 0100 0000 0000 45b1d0b1 845a73f7: add_disk_randomness(8:0) 45b1d0b1 845a73f7
[    6.095623] random 0100 0000 0000 45b1d0b1 845a73f7: add_timer_randomness(.. 8388864) with jiffies: 11654281053458891673, cycles: -6792463024545333238
[    6.106503] random 0100 0000 0000 45b1d0b1 845a73f7: add_disk_randomness(8:0) 45b1d0b1 845a73f7
[    6.106506] random 0100 0000 0000 45b1d0b1 845a73f7: add_timer_randomness(.. 8388864) with jiffies: 11752214803253003171, cycles: -6694529274751221750
[    6.106509] random 0100 0000 0000 45b1d0b1 845a73f7: added 3 entropy credits to input
[    6.107063] random 0103 0000 0000 45b1d0b1 845a73f7: add_disk_randomness(8:0) 45b1d0b1 845a73f7
[    6.107066] random 0103 0000 0000 45b1d0b1 845a73f7: add_timer_randomness(.. 8388864) with jiffies: 11757244806957073316, cycles: -6689499271047151606
[    6.112294] random 0103 0000 0000 45b1d0b1 845a73f7: add_disk_randomness(8:0) 45b1d0b1 845a73f7
[    6.112297] random 0103 0000 0000 45b1d0b1 845a73f7: add_timer_randomness(.. 8388864) with jiffies: 11804305085741892521, cycles: -6642438992262332406
[    6.112299] random 0103 0000 0000 45b1d0b1 845a73f7: added 2 entropy credits to input
[    6.114048] random 0105 0000 0000 45b1d0b1 845a73f7: add_disk_randomness(8:0) 45b1d0b1 845a73f7
[    6.114051] random 0105 0000 0000 45b1d0b1 845a73f7: add_timer_randomness(.. 8388864) with jiffies: 11820085212199224235, cycles: -6626658865805000694
[    6.114054] random 0105 0000 0000 45b1d0b1 845a73f7: added 1 entropy credits to input
[    6.124277] random 0106 0000 0000 45b1d0b1 845a73f7: add_disk_randomness(8:0) 45b1d0b1 845a73f7
[    6.124280] random 0106 0000 0000 45b1d0b1 845a73f7: add_timer_randomness(.. 8388864) with jiffies: 11912114034796364725, cycles: -6534630043207860214
[    6.124282] random 0106 0000 0000 45b1d0b1 845a73f7: added 3 entropy credits to input
[    6.138215] random 0109 0000 0000 45b1d0b1 845a73f7: add_disk_randomness(8:0) 45b1d0b1 845a73f7
[    6.138218] random 0109 0000 0000 45b1d0b1 845a73f7: add_timer_randomness(.. 8388864) with jiffies: 12037515741125903299, cycles: -6409228336878321654
