[    0.000000] random 0000 0000 0000 00000000 00000000: rand_read_num 1 get_random_bytes(8): sig 00000000 00000000 00000000
[    0.000000] random 0000 0000 0000 00000000 00000000: extract_entropy(.. 8 ..)
[    0.000000] random 0000 0000 0000 00000000 00000000: going to reseed nonblocking with 64 bits (64 of 0 requested)
[    0.000000] random 0000 0000 0000 00000000 00000000: extract_entropy(.. 8 ..)
[    0.000000] random 0000 0000 0000 00000000 00000000: trying to extract 64 bits from input
[    0.000000] random 0000 0000 0000 00000000 00000000: debiting 0 entropy credits from input
[    0.000000] random 0000 0000 0000 00000000 00000000: extract_entropy account returned: 0 
[    0.000000] random 0000 0000 0000 00000000 00000000: urand_change_num 1 xfer_secondary_pool(8): pool_sig 00000000, data_sig 00000000, bytes_mixed 0 00000000 00000000
[    0.000000] random 0000 0000 0000 00000000 00000000: trying to extract 64 bits from nonblocking
[    0.000000] random 0000 0000 0000 00000000 00000000: debiting 64 entropy credits from nonblocking (unlimited)
[    0.000000] random 0000 0000 0000 00000000 00000000: extract_entropy account returned: 8 
[    0.000000] random 0000 0000 0000 00000000 00000000: urand_change_num 2 extract_buf: pool_sig 00000000, data_sig fffffff9, bytes_mixed 20 00000000 00000000
[    0.000000] Linux version 2.6.32.57 (dcashman@dcashman-02) (gcc version 4.3.3 (GCC) ) #6 Thu May 30 09:02:12 PDT 2013
[    0.000000] KERNEL supported cpus:
[    0.000000]   Intel GenuineIntel
[    0.000000]   AMD AuthenticAMD
[    0.000000]   NSC Geode by NSC
[    0.000000]   Cyrix CyrixInstead
[    0.000000]   Centaur CentaurHauls
[    0.000000]   Transmeta GenuineTMx86
[    0.000000]   Transmeta TransmetaCPU
[    0.000000]   UMC UMC UMC UMC
[    0.000000] BIOS-provided physical RAM map:
[    0.000000]  BIOS-e820: 0000000000000000 - 000000000009d800 (usable)
[    0.000000]  BIOS-e820: 000000000009d800 - 00000000000a0000 (reserved)
[    0.000000]  BIOS-e820: 00000000000d2000 - 00000000000d4000 (reserved)
[    0.000000]  BIOS-e820: 00000000000e0000 - 0000000000100000 (reserved)
[    0.000000]  BIOS-e820: 0000000000100000 - 000000003d6b0000 (usable)
[    0.000000]  BIOS-e820: 000000003d6b0000 - 000000003d6cc000 (ACPI data)
[    0.000000]  BIOS-e820: 000000003d6cc000 - 000000003d700000 (ACPI NVS)
[    0.000000]  BIOS-e820: 000000003d700000 - 000000003e000000 (reserved)
[    0.000000]  BIOS-e820: 00000000f0000000 - 00000000f4000000 (reserved)
[    0.000000]  BIOS-e820: 00000000fec00000 - 00000000fec10000 (reserved)
[    0.000000]  BIOS-e820: 00000000fed00000 - 00000000fed00400 (reserved)
[    0.000000]  BIOS-e820: 00000000fed14000 - 00000000fed1a000 (reserved)
[    0.000000]  BIOS-e820: 00000000fed1c000 - 00000000fed90000 (reserved)
[    0.000000]  BIOS-e820: 00000000fee00000 - 00000000fee01000 (reserved)
[    0.000000]  BIOS-e820: 00000000ff000000 - 0000000100000000 (reserved)
[    0.000000] DMI present.
[    0.000000] last_pfn = 0x3d6b0 max_arch_pfn = 0x100000
[    0.000000] MTRR default type: uncachable
[    0.000000] MTRR fixed ranges enabled:
[    0.000000]   00000-9FFFF write-back
[    0.000000]   A0000-BFFFF uncachable
[    0.000000]   C0000-CFFFF write-protect
[    0.000000]   D0000-DFFFF uncachable
[    0.000000]   E0000-FFFFF write-protect
[    0.000000] MTRR variable ranges enabled:
[    0.000000]   0 base 03E000000 mask FFE000000 uncachable
[    0.000000]   1 base 000000000 mask FC0000000 write-back
[    0.000000]   2 base 03D700000 mask FFFF00000 uncachable
[    0.000000]   3 base 03D800000 mask FFF800000 uncachable
[    0.000000]   4 disabled
[    0.000000]   5 disabled
[    0.000000]   6 disabled
[    0.000000]   7 disabled
[    0.000000] initial memory mapped : 0 - 02000000
[    0.000000] init_memory_mapping: 0000000000000000-00000000377fe000
[    0.000000]  0000000000 - 0000400000 page 4k
[    0.000000]  0000400000 - 0037400000 page 2M
[    0.000000]  0037400000 - 00377fe000 page 4k
[    0.000000] kernel direct mapping tables up to 377fe000 @ 7000-c000
[    0.000000] ACPI: RSDP 000f68d0 00024 (v02 LENOVO)
[    0.000000] ACPI: XSDT 3d6bb77f 00094 (v01 LENOVO TP-7L    00002170  LTP 00000000)
[    0.000000] ACPI: FACP 3d6bb900 000F4 (v03 LENOVO TP-7L    00002170 LNVO 00000001)
[    0.000000] ACPI Warning: 32/64X length mismatch in Gpe1Block: 0/32 (20090903/tbfadt-526)
[    0.000000] ACPI Warning: Optional field Gpe1Block has zero address or length: 000000000000102C/0 (20090903/tbfadt-557)
[    0.000000] ACPI: DSDT 3d6bbd1d 0FED1 (v01 LENOVO TP-7L    00002170 MSFT 03000000)
[    0.000000] ACPI: FACS 3d6e4000 00040
[    0.000000] ACPI: SSDT 3d6bbab4 00269 (v01 LENOVO TP-7L    00002170 MSFT 03000000)
[    0.000000] ACPI: ECDT 3d6cbbee 00052 (v01 LENOVO TP-7L    00002170 LNVO 00000001)
[    0.000000] ACPI: TCPA 3d6cbc40 00032 (v02 LENOVO TP-7L    00002170 LNVO 00000001)
[    0.000000] ACPI: APIC 3d6cbc72 00068 (v01 LENOVO TP-7L    00002170 LNVO 00000001)
[    0.000000] ACPI: MCFG 3d6cbcda 0003C (v01 LENOVO TP-7L    00002170 LNVO 00000001)
[    0.000000] ACPI: HPET 3d6cbd16 00038 (v01 LENOVO TP-7L    00002170 LNVO 00000001)
[    0.000000] ACPI: SLIC 3d6cbdf0 00176 (v01 LENOVO TP-7L    00002170  LTP 00000000)
[    0.000000] ACPI: BOOT 3d6cbf66 00028 (v01 LENOVO TP-7L    00002170  LTP 00000001)
[    0.000000] ACPI: ASF! 3d6cbf8e 00072 (v16 LENOVO TP-7L    00002170 PTL  00000001)
[    0.000000] ACPI: SSDT 3d6e26d9 0025F (v01 LENOVO TP-7L    00002170 INTL 20050513)
[    0.000000] ACPI: SSDT 3d6e2938 000A6 (v01 LENOVO TP-7L    00002170 INTL 20050513)
[    0.000000] ACPI: SSDT 3d6e29de 004F7 (v01 LENOVO TP-7L    00002170 INTL 20050513)
[    0.000000] ACPI: SSDT 3d6e2ed5 001D8 (v01 LENOVO TP-7L    00002170 INTL 20050513)
[    0.000000] ACPI: DMI detected: Lenovo ThinkPad R61
[    0.000000] ACPI: Added _OSI(Linux)
[    0.000000] ACPI: Local APIC address 0xfee00000
[    0.000000] 94MB HIGHMEM available.
[    0.000000] 887MB LOWMEM available.
[    0.000000]   mapped low ram: 0 - 377fe000
[    0.000000]   low ram: 0 - 377fe000
[    0.000000]   node 0 low ram: 00000000 - 377fe000
[    0.000000]   node 0 bootmap 00008000 - 0000ef00
[    0.000000] (6 early reservations) ==> bootmem [0000000000 - 00377fe000]
[    0.000000]   #0 [0000000000 - 0000001000]   BIOS data page ==> [0000000000 - 0000001000]
[    0.000000]   #1 [0001000000 - 0001bdc180]    TEXT DATA BSS ==> [0001000000 - 0001bdc180]
[    0.000000]   #2 [000009d800 - 0000100000]    BIOS reserved ==> [000009d800 - 0000100000]
[    0.000000]   #3 [0001bdd000 - 0001be516c]              BRK ==> [0001bdd000 - 0001be516c]
[    0.000000]   #4 [0000007000 - 0000008000]          PGTABLE ==> [0000007000 - 0000008000]
[    0.000000]   #5 [0000008000 - 000000f000]          BOOTMAP ==> [0000008000 - 000000f000]
[    0.000000] found SMP MP-table at [c00f6900] f6900
[    0.000000] Zone PFN ranges:
[    0.000000]   DMA      0x00000000 -> 0x00001000
[    0.000000]   Normal   0x00001000 -> 0x000377fe
[    0.000000]   HighMem  0x000377fe -> 0x0003d6b0
[    0.000000] Movable zone start PFN for each node
[    0.000000] early_node_map[2] active PFN ranges
[    0.000000]     0: 0x00000000 -> 0x0000009d
[    0.000000]     0: 0x00000100 -> 0x0003d6b0
[    0.000000] On node 0 totalpages: 251469
[    0.000000] free_area_init_node: node 0, pgdat c1901ea0, node_mem_map c1be7000
[    0.000000]   DMA zone: 32 pages used for memmap
[    0.000000]   DMA zone: 0 pages reserved
[    0.000000]   DMA zone: 3965 pages, LIFO batch:0
[    0.000000]   Normal zone: 1744 pages used for memmap
[    0.000000]   Normal zone: 221486 pages, LIFO batch:31
[    0.000000]   HighMem zone: 190 pages used for memmap
[    0.000000]   HighMem zone: 24052 pages, LIFO batch:3
[    0.000000] Using APIC driver default
[    0.000000] ACPI: PM-Timer IO Port: 0x1008
[    0.000000] ACPI: Local APIC address 0xfee00000
[    0.000000] ACPI: LAPIC (acpi_id[0x00] lapic_id[0x00] enabled)
[    0.000000] ACPI: LAPIC (acpi_id[0x01] lapic_id[0x01] enabled)
[    0.000000] ACPI: NR_CPUS/possible_cpus limit of 1 reached.  Processor 1/0x1 ignored.
[    0.000000] ACPI: LAPIC_NMI (acpi_id[0x00] high edge lint[0x1])
[    0.000000] ACPI: LAPIC_NMI (acpi_id[0x01] high edge lint[0x1])
[    0.000000] ACPI: IOAPIC (id[0x01] address[0xfec00000] gsi_base[0])
[    0.000000] IOAPIC[0]: apic_id 1, version 32, address 0xfec00000, GSI 0-23
[    0.000000] ACPI: INT_SRC_OVR (bus 0 bus_irq 0 global_irq 2 dfl dfl)
[    0.000000] ACPI: INT_SRC_OVR (bus 0 bus_irq 9 global_irq 9 high level)
[    0.000000] ACPI: IRQ0 used by override.
[    0.000000] ACPI: IRQ2 used by override.
[    0.000000] ACPI: IRQ9 used by override.
[    0.000000] Using ACPI (MADT) for SMP configuration information
[    0.000000] ACPI: HPET id: 0x8086a201 base: 0xfed00000
[    0.000000] nr_irqs_gsi: 24
[    0.000000] PM: Registered nosave memory: 000000000009d000 - 000000000009e000
[    0.000000] PM: Registered nosave memory: 000000000009e000 - 00000000000a0000
[    0.000000] PM: Registered nosave memory: 00000000000a0000 - 00000000000d2000
[    0.000000] PM: Registered nosave memory: 00000000000d2000 - 00000000000d4000
[    0.000000] PM: Registered nosave memory: 00000000000d4000 - 00000000000e0000
[    0.000000] PM: Registered nosave memory: 00000000000e0000 - 0000000000100000
[    0.000000] Allocating PCI resources starting at 3e000000 (gap: 3e000000:b2000000)
[    0.000000] Built 1 zonelists in Zone order, mobility grouping on.  Total pages: 249503
[    0.000000] Kernel command line: auto BOOT_IMAGE=Linux ro root=802 vt.default_utf8=0 maxcpus=0
[    0.000000] PID hash table entries: 4096 (order: 2, 16384 bytes)
[    0.000000] Dentry cache hash table entries: 131072 (order: 7, 524288 bytes)
[    0.000000] Inode-cache hash table entries: 65536 (order: 6, 262144 bytes)
[    0.000000] Enabling fast FPU save and restore... done.
[    0.000000] Enabling unmasked SIMD FPU exception support... done.
[    0.000000] Initializing CPU#0
[    0.000000] Initializing HighMem for node 0 (000377fe:0003d6b0)
[    0.000000] Memory: 984800k/1006272k available (6915k kernel code, 20876k reserved, 2327k data, 448k init, 96968k highmem)
[    0.000000] virtual kernel memory layout:
[    0.000000]     fixmap  : 0xfffa3000 - 0xfffff000   ( 368 kB)
[    0.000000]     pkmap   : 0xff800000 - 0xffc00000   (4096 kB)
[    0.000000]     vmalloc : 0xf7ffe000 - 0xff7fe000   ( 120 MB)
[    0.000000]     lowmem  : 0xc0000000 - 0xf77fe000   ( 887 MB)
[    0.000000]       .init : 0xc1907000 - 0xc1977000   ( 448 kB)
[    0.000000]       .data : 0xc16c0d3f - 0xc1906c64   (2327 kB)
[    0.000000]       .text : 0xc1000000 - 0xc16c0d3f   (6915 kB)
[    0.000000] Checking if this processor honours the WP bit even in supervisor mode...Ok.
[    0.000000] SLUB: Genslabs=13, HWalign=64, Order=0-3, MinObjects=0, CPUs=1, Nodes=1
[    0.000000] Hierarchical RCU implementation.
[    0.000000] NR_IRQS:288
[    0.000000] Extended CMOS year: 2000
[    0.000000] Console: colour VGA+ 80x25
[    0.000000] console [tty0] enabled
[    0.000000] hpet clockevent registered
[    0.000000] Fast TSC calibration failed
[    0.000000] TSC: PIT calibration matches HPET. 1 loops
[    0.000000] Detected 2094.730 MHz processor.
[    0.002002] Calibrating delay loop (skipped), value calculated using timer frequency.. 4189.46 BogoMIPS (lpj=2094730)
[    0.002171] Security Framework initialized
[    0.003005] Mount-cache hash table entries: 512
[    0.003149] CPU: L1 I cache: 32K, L1 D cache: 32K
[    0.003273] CPU: L2 cache: 3072K
[    0.003349] mce: CPU supports 6 MCE banks
[    0.003433] CPU0: Thermal monitoring enabled (TM2)
[    0.003516] using mwait in idle threads.
[    0.003598] CPU: Intel(R) Core(TM)2 Duo CPU     T8100  @ 2.10GHz stepping 06
[    0.003761] Checking 'hlt' instruction... OK.
[    0.007936] ACPI: Core revision 20090903
[    0.027013] RANDOM get_random_int first call with cycles 32579215630, jiffies 4294667323 and pid 0
[    0.027021] CANARY value: 3897795b for PID: 1
[    0.027027] CANARY value: 1ba1df46 for PID: 2
[    0.027052] Enabling APIC mode:  Flat.  Using 1 I/O APICs
[    0.027509] ..TIMER: vector=0x30 apic1=0 pin1=2 apic2=-1 pin2=-1
[    0.037997] xor: automatically using best checksumming function: pIII_sse
[    0.041998]    pIII_sse  :  8568.000 MB/sec
[    0.042079] xor: using function: pIII_sse (8568.000 MB/sec)
[    0.042162] RANDOM - __seed init called.
[    0.042163] RANDOM - __seed init called.
[    0.042163] RANDOM - __seed init called.
[    0.042165] RANDOM - __random32 called. Change num 1.  Value: f7943846	49e73df3	af36cd0d
[    0.042167] RANDOM - __random32 called. Change num 2.  Value: 43846e13	9e73df37	9a1ad014
[    0.042169] RANDOM - __random32 called. Change num 3.  Value: 46e139c8	e73df373	a029598a
[    0.042170] RANDOM - __random32 called. Change num 4.  Value: 139c8c3b	73df373d	b3142c72
[    0.042172] RANDOM - __random32 called. Change num 5.  Value: c8c3b043	3df373de	58e576a9
[    0.042174] RANDOM - __random32 called. Change num 6.  Value: 3b0437d9	df373de5	ed53f9d8
[    0.042176] RANDOM - random32 init called.  Value: 3b0437d9	df373de5	ed53f9d8
[    0.042193] NET: Registered protocol family 16
[    0.042444] ACPI FADT declares the system doesn't support PCIe ASPM, so disable it
[    0.042561] ACPI: bus type pci registered
[    0.042723] PCI: MCFG configuration 0: base f0000000 segment 0 buses 0 - 63
[    0.042812] PCI: MCFG area at f0000000 reserved in E820
[    0.042891] PCI: Using MMCONFIG for extended config space
[    0.042972] PCI: Using configuration type 1 for base access
[    0.046082] bio: create slab <bio-0> at 0
[    0.046893] ACPI: EC: EC description table is found, configuring boot EC
[    0.052049] ACPI: BIOS _OSI(Linux) query honored via DMI
[    0.052762] random 0000 0000 0000 00000000 00000000: rand_read_num 2 get_random_bytes(8): sig fffffe1a 00000000 00000000
[    0.052764] random 0000 0000 0000 00000000 00000000: extract_entropy(.. 8 ..)
[    0.052767] random 0000 0000 0000 00000000 00000000: going to reseed nonblocking with 64 bits (64 of 0 requested)
[    0.052769] random 0000 0000 0000 00000000 00000000: extract_entropy(.. 8 ..)
[    0.052772] random 0000 0000 0000 00000000 00000000: trying to extract 64 bits from input
[    0.052774] random 0000 0000 0000 00000000 00000000: debiting 0 entropy credits from input
[    0.052776] random 0000 0000 0000 00000000 00000000: extract_entropy account returned: 0 
[    0.052805] random 0000 0000 0000 00000000 00000000: urand_change_num 3 xfer_secondary_pool(8): pool_sig fffffe1a, data_sig 00000000, bytes_mixed 0 00000000 00000000
[    0.052809] random 0000 0000 0000 00000000 00000000: trying to extract 64 bits from nonblocking
[    0.052811] random 0000 0000 0000 00000000 00000000: debiting 64 entropy credits from nonblocking (unlimited)
[    0.052813] random 0000 0000 0000 00000000 00000000: extract_entropy account returned: 8 
[    0.052817] random 0000 0000 0000 00000000 00000000: urand_change_num 4 extract_buf: pool_sig fffffe1a, data_sig fffffed7, bytes_mixed 20 00000000 00000000
[    0.058709] ACPI: Interpreter enabled
[    0.058793] ACPI: (supports S0 S3 S4 S5)
[    0.059080] ACPI: Using IOAPIC for interrupt routing
[    0.068533] ACPI: EC: GPE = 0x12, I/O: command/status = 0x66, data = 0x62
[    0.068795] ACPI: Power Resource [PUBS] (on)
[    0.070934] ACPI: ACPI Dock Station Driver: 3 docks/bays found
[    0.071317] ACPI: PCI Root Bridge [PCI0] (0000:00)
[    0.071484] pci 0000:00:02.0: reg 10 64bit mmio: [0xf8100000-0xf81fffff]
[    0.071490] pci 0000:00:02.0: reg 18 64bit mmio pref: [0xe0000000-0xefffffff]
[    0.071494] pci 0000:00:02.0: reg 20 io port: [0x1800-0x1807]
[    0.071529] pci 0000:00:02.1: reg 10 64bit mmio: [0xf8200000-0xf82fffff]
[    0.071635] pci 0000:00:19.0: reg 10 32bit mmio: [0xfe000000-0xfe01ffff]
[    0.071643] pci 0000:00:19.0: reg 14 32bit mmio: [0xfe025000-0xfe025fff]
[    0.071652] pci 0000:00:19.0: reg 18 io port: [0x1840-0x185f]
[    0.071724] pci 0000:00:19.0: PME# supported from D0 D3hot D3cold
[    0.071816] pci 0000:00:19.0: PME# disabled
[    0.072002] pci 0000:00:1a.0: reg 20 io port: [0x1860-0x187f]
[    0.072076] pci 0000:00:1a.1: reg 20 io port: [0x1880-0x189f]
[    0.072160] pci 0000:00:1a.7: reg 10 32bit mmio: [0xfe226c00-0xfe226fff]
[    0.072245] pci 0000:00:1a.7: PME# supported from D0 D3hot D3cold
[    0.072330] pci 0000:00:1a.7: PME# disabled
[    0.072479] pci 0000:00:1b.0: reg 10 64bit mmio: [0xfe020000-0xfe023fff]
[    0.072560] pci 0000:00:1b.0: PME# supported from D0 D3hot D3cold
[    0.072649] pci 0000:00:1b.0: PME# disabled
[    0.072857] pci 0000:00:1c.0: PME# supported from D0 D3hot D3cold
[    0.072940] pci 0000:00:1c.0: PME# disabled
[    0.073110] pci 0000:00:1c.1: PME# supported from D0 D3hot D3cold
[    0.073195] pci 0000:00:1c.1: PME# disabled
[    0.073390] pci 0000:00:1c.2: PME# supported from D0 D3hot D3cold
[    0.073486] pci 0000:00:1c.2: PME# disabled
[    0.073681] pci 0000:00:1c.3: PME# supported from D0 D3hot D3cold
[    0.073999] pci 0000:00:1c.3: PME# disabled
[    0.074191] pci 0000:00:1c.4: PME# supported from D0 D3hot D3cold
[    0.074276] pci 0000:00:1c.4: PME# disabled
[    0.074436] pci 0000:00:1d.0: reg 20 io port: [0x18a0-0x18bf]
[    0.074514] pci 0000:00:1d.1: reg 20 io port: [0x18c0-0x18df]
[    0.075066] pci 0000:00:1d.2: reg 20 io port: [0x18e0-0x18ff]
[    0.075159] pci 0000:00:1d.7: reg 10 32bit mmio: [0xfe227000-0xfe2273ff]
[    0.075259] pci 0000:00:1d.7: PME# supported from D0 D3hot D3cold
[    0.075350] pci 0000:00:1d.7: PME# disabled
[    0.075631] pci 0000:00:1f.0: quirk: region 1000-107f claimed by ICH6 ACPI/GPIO/TCO
[    0.075748] pci 0000:00:1f.0: quirk: region 1180-11bf claimed by ICH6 GPIO
[    0.075847] pci 0000:00:1f.0: ICH7 LPC Generic IO decode 1 PIO at 1600 (mask 007f)
[    0.075959] pci 0000:00:1f.0: ICH7 LPC Generic IO decode 2 PIO at 15e0 (mask 000f)
[    0.075999] pci 0000:00:1f.0: ICH7 LPC Generic IO decode 3 PIO at 1680 (mask 001f)
[    0.076190] pci 0000:00:1f.1: reg 10 io port: [0x00-0x07]
[    0.076200] pci 0000:00:1f.1: reg 14 io port: [0x00-0x03]
[    0.076209] pci 0000:00:1f.1: reg 18 io port: [0x00-0x07]
[    0.076218] pci 0000:00:1f.1: reg 1c io port: [0x00-0x03]
[    0.076225] pci 0000:00:1f.1: reg 20 io port: [0x1c00-0x1c0f]
[    0.076314] pci 0000:00:1f.2: reg 10 io port: [0x1c50-0x1c57]
[    0.076321] pci 0000:00:1f.2: reg 14 io port: [0x1c44-0x1c47]
[    0.076330] pci 0000:00:1f.2: reg 18 io port: [0x1c48-0x1c4f]
[    0.076339] pci 0000:00:1f.2: reg 1c io port: [0x1c40-0x1c43]
[    0.076348] pci 0000:00:1f.2: reg 20 io port: [0x1c20-0x1c3f]
[    0.076355] pci 0000:00:1f.2: reg 24 32bit mmio: [0xfe226000-0xfe2267ff]
[    0.076420] pci 0000:00:1f.2: PME# supported from D3hot
[    0.076502] pci 0000:00:1f.2: PME# disabled
[    0.076628] pci 0000:00:1f.3: reg 10 32bit mmio: [0xfe227400-0xfe2274ff]
[    0.076653] pci 0000:00:1f.3: reg 20 io port: [0x1c60-0x1c7f]
[    0.076744] pci 0000:00:1c.0: bridge io port: [0x2000-0x2fff]
[    0.076748] pci 0000:00:1c.0: bridge 32bit mmio: [0xfc000000-0xfdffffff]
[    0.076757] pci 0000:00:1c.0: bridge 64bit mmio pref: [0xf8000000-0xf80fffff]
[    0.076832] pci 0000:03:00.0: reg 10 64bit mmio: [0xdf3f0000-0xdf3fffff]
[    0.077119] pci 0000:00:1c.1: bridge io port: [0x3000-0x3fff]
[    0.077126] pci 0000:00:1c.1: bridge 32bit mmio: [0xdc000000-0xdf3fffff]
[    0.077135] pci 0000:00:1c.1: bridge 64bit mmio pref: [0xdfe00000-0xdfefffff]
[    0.077191] pci 0000:00:1c.2: bridge io port: [0x4000-0x4fff]
[    0.077198] pci 0000:00:1c.2: bridge 32bit mmio: [0xd8000000-0xd9ffffff]
[    0.077205] pci 0000:00:1c.2: bridge 64bit mmio pref: [0xdfb00000-0xdfbfffff]
[    0.077265] pci 0000:00:1c.3: bridge io port: [0x5000-0x5fff]
[    0.077272] pci 0000:00:1c.3: bridge 32bit mmio: [0xd4000000-0xd5ffffff]
[    0.077280] pci 0000:00:1c.3: bridge 64bit mmio pref: [0xdf800000-0xdf8fffff]
[    0.077337] pci 0000:00:1c.4: bridge io port: [0x6000-0x6fff]
[    0.077343] pci 0000:00:1c.4: bridge 32bit mmio: [0xd0000000-0xd1ffffff]
[    0.077352] pci 0000:00:1c.4: bridge 64bit mmio pref: [0xdf500000-0xdf5fffff]
[    0.077410] pci 0000:15:00.0: reg 10 32bit mmio: [0xf8300000-0xf8300fff]
[    0.077461] pci 0000:15:00.0: supports D1 D2
[    0.077463] pci 0000:15:00.0: PME# supported from D0 D1 D2 D3hot D3cold
[    0.077548] pci 0000:15:00.0: PME# disabled
[    0.077686] pci 0000:15:00.1: reg 10 32bit mmio: [0xf8301000-0xf83017ff]
[    0.077781] pci 0000:15:00.1: supports D1 D2
[    0.077782] pci 0000:15:00.1: PME# supported from D0 D1 D2 D3hot D3cold
[    0.077874] pci 0000:15:00.1: PME# disabled
[    0.078044] pci 0000:00:1e.0: transparent bridge
[    0.078131] pci 0000:00:1e.0: bridge io port: [0x7000-0xafff]
[    0.078137] pci 0000:00:1e.0: bridge 32bit mmio: [0xf8300000-0xfbffffff]
[    0.078145] pci 0000:00:1e.0: bridge 64bit mmio pref: [0xf4000000-0xf7ffffff]
[    0.078210] pci_bus 0000:00: on NUMA node 0
[    0.078214] ACPI: PCI Interrupt Routing Table [\_SB_.PCI0._PRT]
[    0.078347] ACPI: PCI Interrupt Routing Table [\_SB_.PCI0.EXP0._PRT]
[    0.078407] ACPI: PCI Interrupt Routing Table [\_SB_.PCI0.EXP1._PRT]
[    0.078465] ACPI: PCI Interrupt Routing Table [\_SB_.PCI0.EXP2._PRT]
[    0.078523] ACPI: PCI Interrupt Routing Table [\_SB_.PCI0.EXP3._PRT]
[    0.078585] ACPI: PCI Interrupt Routing Table [\_SB_.PCI0.EXP4._PRT]
[    0.078648] ACPI: PCI Interrupt Routing Table [\_SB_.PCI0.PCI1._PRT]
[    0.084131] ACPI: PCI Interrupt Link [LNKA] (IRQs 3 4 5 6 7 9 *10 11)
[    0.084834] ACPI: PCI Interrupt Link [LNKB] (IRQs 3 4 5 6 7 9 10 *11)
[    0.085543] ACPI: PCI Interrupt Link [LNKC] (IRQs 3 4 5 6 7 9 10 *11)
[    0.086286] ACPI: PCI Interrupt Link [LNKD] (IRQs 3 4 5 6 7 9 10 *11)
[    0.087018] ACPI: PCI Interrupt Link [LNKE] (IRQs 3 4 5 6 7 9 10 *11)
[    0.087738] ACPI: PCI Interrupt Link [LNKF] (IRQs 3 4 5 6 7 9 10 *11)
[    0.088418] ACPI: PCI Interrupt Link [LNKG] (IRQs 3 4 5 6 7 9 10 *11)
[    0.089158] ACPI: PCI Interrupt Link [LNKH] (IRQs 3 4 5 6 7 9 10 *11)
[    0.089856] vgaarb: device added: PCI:0000:00:02.0,decodes=io+mem,owns=io+mem,locks=none
[    0.089973] vgaarb: loaded
[    0.090091] SCSI subsystem initialized
[    0.090185] libata version 3.00 loaded.
[    0.090232] usbcore: registered new interface driver usbfs
[    0.090346] usbcore: registered new interface driver hub
[    0.090450] usbcore: registered new device driver usb
[    0.107036] raid6: int32x1    941 MB/s
[    0.124057] raid6: int32x2    890 MB/s
[    0.141068] raid6: int32x4    750 MB/s
[    0.157991] raid6: int32x8    656 MB/s
[    0.174989] raid6: mmxx1     2878 MB/s
[    0.191987] raid6: mmxx2     3253 MB/s
[    0.208997] raid6: sse1x1    1937 MB/s
[    0.225979] raid6: sse1x2    2531 MB/s
[    0.242975] raid6: sse2x1    3507 MB/s
[    0.259981] raid6: sse2x2    3832 MB/s
[    0.260060] raid6: using algorithm sse2x2 (3832 MB/s)
[    0.260142] PCI: Using ACPI for IRQ routing
[    0.260440] HPET: 3 timers in total, 0 timers will be used for per-cpu timer
[    0.260990] Switching to clocksource tsc
[    0.261081] pnp: PnP ACPI init
[    0.261167] ACPI: bus type pnp registered
[    0.264850] pnp: PnP ACPI: found 11 devices
[    0.264951] ACPI: ACPI bus type pnp unregistered
[    0.265036] system 00:00: iomem range 0x0-0x9ffff could not be reserved
[    0.265118] system 00:00: iomem range 0xc0000-0xc3fff could not be reserved
[    0.265208] system 00:00: iomem range 0xc4000-0xc7fff could not be reserved
[    0.265291] system 00:00: iomem range 0xc8000-0xcbfff has been reserved
[    0.265373] system 00:00: iomem range 0xcc000-0xcffff has been reserved
[    0.265459] system 00:00: iomem range 0xd0000-0xd3fff could not be reserved
[    0.265542] system 00:00: iomem range 0xe0000-0xe3fff could not be reserved
[    0.265640] system 00:00: iomem range 0xe4000-0xe7fff could not be reserved
[    0.265730] system 00:00: iomem range 0xe8000-0xebfff could not be reserved
[    0.265820] system 00:00: iomem range 0xec000-0xeffff could not be reserved
[    0.265914] system 00:00: iomem range 0xf0000-0xfffff could not be reserved
[    0.266003] system 00:00: iomem range 0x100000-0x3dffffff could not be reserved
[    0.266118] system 00:00: iomem range 0xfec00000-0xfed3ffff could not be reserved
[    0.266241] system 00:00: iomem range 0xfed4c000-0xffffffff could not be reserved
[    0.266363] system 00:02: ioport range 0x164e-0x164f has been reserved
[    0.266447] system 00:02: ioport range 0x1000-0x107f has been reserved
[    0.266529] system 00:02: ioport range 0x1180-0x11bf has been reserved
[    0.266612] system 00:02: ioport range 0x800-0x80f has been reserved
[    0.266694] system 00:02: ioport range 0x15e0-0x15ef has been reserved
[    0.266774] system 00:02: ioport range 0x1600-0x165f could not be reserved
[    0.266857] system 00:02: iomem range 0xf0000000-0xf3ffffff has been reserved
[    0.266952] system 00:02: iomem range 0xfed1c000-0xfed1ffff has been reserved
[    0.267047] system 00:02: iomem range 0xfed14000-0xfed17fff has been reserved
[    0.267138] system 00:02: iomem range 0xfed18000-0xfed18fff has been reserved
[    0.267221] system 00:02: iomem range 0xfed19000-0xfed19fff has been reserved
[    0.267309] system 00:02: iomem range 0xfed45000-0xfed4bfff has been reserved
[    0.302341] pci 0000:00:1c.0: PCI bridge, secondary bus 0000:02
[    0.302435] pci 0000:00:1c.0:   IO window: 0x2000-0x2fff
[    0.302519] pci 0000:00:1c.0:   MEM window: 0xfc000000-0xfdffffff
[    0.302610] pci 0000:00:1c.0:   PREFETCH window: 0x000000f8000000-0x000000f80fffff
[    0.302731] pci 0000:00:1c.1: PCI bridge, secondary bus 0000:03
[    0.302818] pci 0000:00:1c.1:   IO window: 0x3000-0x3fff
[    0.302906] pci 0000:00:1c.1:   MEM window: 0xdc000000-0xdf3fffff
[    0.302988] pci 0000:00:1c.1:   PREFETCH window: 0x000000dfe00000-0x000000dfefffff
[    0.303105] pci 0000:00:1c.2: PCI bridge, secondary bus 0000:04
[    0.303189] pci 0000:00:1c.2:   IO window: 0x4000-0x4fff
[    0.303275] pci 0000:00:1c.2:   MEM window: 0xd8000000-0xd9ffffff
[    0.303362] pci 0000:00:1c.2:   PREFETCH window: 0x000000dfb00000-0x000000dfbfffff
[    0.303481] pci 0000:00:1c.3: PCI bridge, secondary bus 0000:05
[    0.303563] pci 0000:00:1c.3:   IO window: 0x5000-0x5fff
[    0.303649] pci 0000:00:1c.3:   MEM window: 0xd4000000-0xd5ffffff
[    0.303735] pci 0000:00:1c.3:   PREFETCH window: 0x000000df800000-0x000000df8fffff
[    0.303852] pci 0000:00:1c.4: PCI bridge, secondary bus 0000:0d
[    0.303955] pci 0000:00:1c.4:   IO window: 0x6000-0x6fff
[    0.304040] pci 0000:00:1c.4:   MEM window: 0xd0000000-0xd1ffffff
[    0.304123] pci 0000:00:1c.4:   PREFETCH window: 0x000000df500000-0x000000df5fffff
[    0.304241] pci 0000:15:00.0: CardBus bridge, secondary bus 0000:16
[    0.304324] pci 0000:15:00.0:   IO window: 0x007000-0x0070ff
[    0.304414] pci 0000:15:00.0:   IO window: 0x007400-0x0074ff
[    0.304503] pci 0000:15:00.0:   PREFETCH window: 0xf4000000-0xf7ffffff
[    0.304596] pci 0000:15:00.0:   MEM window: 0x40000000-0x43ffffff
[    0.304681] pci 0000:00:1e.0: PCI bridge, secondary bus 0000:15
[    0.304767] pci 0000:00:1e.0:   IO window: 0x7000-0xafff
[    0.304852] pci 0000:00:1e.0:   MEM window: 0xf8300000-0xfbffffff
[    0.304949] pci 0000:00:1e.0:   PREFETCH window: 0x000000f4000000-0x000000f7ffffff
[    0.305079] pci 0000:00:1c.0: PCI INT A -> GSI 20 (level, low) -> IRQ 20
[    0.305171] pci 0000:00:1c.0: setting latency timer to 64
[    0.305182] pci 0000:00:1c.1: PCI INT B -> GSI 21 (level, low) -> IRQ 21
[    0.305267] pci 0000:00:1c.1: setting latency timer to 64
[    0.305281] pci 0000:00:1c.2: PCI INT C -> GSI 22 (level, low) -> IRQ 22
[    0.305375] pci 0000:00:1c.2: setting latency timer to 64
[    0.305384] pci 0000:00:1c.3: PCI INT D -> GSI 23 (level, low) -> IRQ 23
[    0.305475] pci 0000:00:1c.3: setting latency timer to 64
[    0.305483] pci 0000:00:1c.4: PCI INT A -> GSI 20 (level, low) -> IRQ 20
[    0.305567] pci 0000:00:1c.4: setting latency timer to 64
[    0.305574] pci 0000:00:1e.0: enabling device (0005 -> 0007)
[    0.305660] pci 0000:00:1e.0: setting latency timer to 64
[    0.305675] pci 0000:15:00.0: PCI INT A -> GSI 16 (level, low) -> IRQ 16
[    0.305772] pci 0000:15:00.0: setting latency timer to 64
[    0.305778] pci_bus 0000:00: resource 0 io:  [0x00-0xffff]
[    0.305780] pci_bus 0000:00: resource 1 mem: [0x000000-0xffffffff]
[    0.305782] pci_bus 0000:02: resource 0 io:  [0x2000-0x2fff]
[    0.305784] pci_bus 0000:02: resource 1 mem: [0xfc000000-0xfdffffff]
[    0.305786] pci_bus 0000:02: resource 2 pref mem [0xf8000000-0xf80fffff]
[    0.305788] pci_bus 0000:03: resource 0 io:  [0x3000-0x3fff]
[    0.305790] pci_bus 0000:03: resource 1 mem: [0xdc000000-0xdf3fffff]
[    0.305792] pci_bus 0000:03: resource 2 pref mem [0xdfe00000-0xdfefffff]
[    0.305794] pci_bus 0000:04: resource 0 io:  [0x4000-0x4fff]
[    0.305795] pci_bus 0000:04: resource 1 mem: [0xd8000000-0xd9ffffff]
[    0.305797] pci_bus 0000:04: resource 2 pref mem [0xdfb00000-0xdfbfffff]
[    0.305799] pci_bus 0000:05: resource 0 io:  [0x5000-0x5fff]
[    0.305801] pci_bus 0000:05: resource 1 mem: [0xd4000000-0xd5ffffff]
[    0.305803] pci_bus 0000:05: resource 2 pref mem [0xdf800000-0xdf8fffff]
[    0.305805] pci_bus 0000:0d: resource 0 io:  [0x6000-0x6fff]
[    0.305806] pci_bus 0000:0d: resource 1 mem: [0xd0000000-0xd1ffffff]
[    0.305808] pci_bus 0000:0d: resource 2 pref mem [0xdf500000-0xdf5fffff]
[    0.305810] pci_bus 0000:15: resource 0 io:  [0x7000-0xafff]
[    0.305812] pci_bus 0000:15: resource 1 mem: [0xf8300000-0xfbffffff]
[    0.305814] pci_bus 0000:15: resource 2 pref mem [0xf4000000-0xf7ffffff]
[    0.305815] pci_bus 0000:15: resource 3 io:  [0x00-0xffff]
[    0.305817] pci_bus 0000:15: resource 4 mem: [0x000000-0xffffffff]
[    0.305819] pci_bus 0000:16: resource 0 io:  [0x7000-0x70ff]
[    0.305821] pci_bus 0000:16: resource 1 io:  [0x7400-0x74ff]
[    0.305823] pci_bus 0000:16: resource 2 pref mem [0xf4000000-0xf7ffffff]
[    0.305825] pci_bus 0000:16: resource 3 mem: [0x40000000-0x43ffffff]
[    0.305832] NET: Registered protocol family 2
[    0.305928] RANDOM - __random32 called. Change num 7.  Value: 437d97bf	f373de51	f3b0f986
[    0.305930] RANDOM - random32 called.  Value: 437d97bf	f373de51	f3b0f986
[    0.305935] random 0000 0000 0000 5f8db4e5 4cfdf2a8: rand_read_num 3 get_random_bytes(4): sig fffffb64 5f8db4e5 4cfdf2a8
[    0.305937] random 0000 0000 0000 5f8db4e5 4cfdf2a8: extract_entropy(.. 4 ..)
[    0.305939] random 0000 0000 0000 5f8db4e5 4cfdf2a8: going to reseed nonblocking with 64 bits (32 of 0 requested)
[    0.305941] random 0000 0000 0000 5f8db4e5 4cfdf2a8: extract_entropy(.. 8 ..)
[    0.305944] random 0000 0000 0000 5f8db4e5 4cfdf2a8: trying to extract 64 bits from input
[    0.305946] random 0000 0000 0000 5f8db4e5 4cfdf2a8: debiting 0 entropy credits from input
[    0.305948] random 0000 0000 0000 5f8db4e5 4cfdf2a8: extract_entropy account returned: 0 
[    0.305951] random 0000 0000 0000 5f8db4e5 4cfdf2a8: urand_change_num 5 xfer_secondary_pool(4): pool_sig fffffb64, data_sig 00000000, bytes_mixed 0 5f8db4e5 4cfdf2a8
[    0.305954] random 0000 0000 0000 5f8db4e5 4cfdf2a8: trying to extract 32 bits from nonblocking
[    0.305956] random 0000 0000 0000 5f8db4e5 4cfdf2a8: debiting 32 entropy credits from nonblocking (unlimited)
[    0.305958] random 0000 0000 0000 5f8db4e5 4cfdf2a8: extract_entropy account returned: 4 
[    0.305963] random 0000 0000 0000 5f8db4e5 4cfdf2a8: urand_change_num 6 extract_buf: pool_sig fffffb64, data_sig 00000241, bytes_mixed 20 5f8db4e5 4cfdf2a8
[    0.305972] IP route cache hash table entries: 32768 (order: 5, 131072 bytes)
[    0.306094] RANDOM - __random32 called. Change num 8.  Value: d97bfe31	373de51f	f30dc6e6
[    0.306096] RANDOM - random32 called.  Value: d97bfe31	373de51f	f30dc6e6
[    0.306106] RANDOM - __random32 called. Change num 9.  Value: bfe314d7	73de51f5	8dcd6c7e
[    0.306108] RANDOM - random32 called.  Value: bfe314d7	73de51f5	8dcd6c7e
[    0.306109] RANDOM - __random32 called. Change num 10.  Value: 314d7baf	3de51f5e	d8fc74c1
[    0.306111] RANDOM - random32 called.  Value: 314d7baf	3de51f5e	d8fc74c1
[    0.306122] RANDOM - __random32 called. Change num 11.  Value: d7baf3c7	de51f5e5	e983e3fa
[    0.306123] RANDOM - random32 called.  Value: d7baf3c7	de51f5e5	e983e3fa
[    0.306133] TCP established hash table entries: 131072 (order: 8, 1048576 bytes)
[    0.306620] TCP bind hash table entries: 65536 (order: 6, 262144 bytes)
[    0.306802] TCP: Hash tables configured (established 131072 bind 65536)
[    0.306908] TCP reno registered
[    0.307005] NET: Registered protocol family 1
[    0.307112] RPC: Registered udp transport module.
[    0.307196] RPC: Registered tcp transport module.
[    0.307278] RPC: Registered tcp NFSv4.1 backchannel transport module.
[    0.307370] pci 0000:00:02.0: Boot video device
[    0.307587] Simple Boot Flag at 0x35 set to 0x1
[    0.308144] highmem bounce pool size: 64 pages
[    0.309626] VFS: Disk quotas dquot_6.5.2
[    0.309740] Dquot-cache hash table entries: 1024 (order 0, 4096 bytes)
[    0.310477] NTFS driver 2.1.29 [Flags: R/W].
[    0.310635] ROMFS MTD (C) 2007 Red Hat, Inc.
[    0.310839] JFS: nTxBlock = 7695, nTxLock = 61562
[    0.313264] SGI XFS with ACLs, security attributes, large block/inode numbers, no debug enabled
[    0.313748] SGI XFS Quota Management subsystem
[    0.314092] Slow work thread pool: Starting up
[    0.314194] Slow work thread pool: Ready
[    0.314278] GFS2 (built May 24 2013 02:47:17) installed
[    0.314362] msgmni has been set to 1734
[    0.314518] alg: No test for cipher_null (cipher_null-generic)
[    0.314609] alg: No test for ecb(cipher_null) (ecb-cipher_null)
[    0.314699] alg: No test for digest_null (digest_null-generic)
[    0.314791] alg: No test for compress_null (compress_null-generic)
[    0.315337] alg: No test for fcrypt (fcrypt-generic)
[    0.316759] alg: No test for stdrng (krng)
[    0.316840] async_tx: api initialized (async)
[    0.317002] Block layer SCSI generic (bsg) driver version 0.4 loaded (major 254)
[    0.317124] io scheduler noop registered
[    0.317210] io scheduler anticipatory registered
[    0.317298] io scheduler deadline registered
[    0.317420] io scheduler cfq registered (default)
[    0.317665] pcieport 0000:00:1c.0: irq 24 for MSI/MSI-X
[    0.317678] pcieport 0000:00:1c.0: setting latency timer to 64
[    0.317863] pcieport 0000:00:1c.1: irq 25 for MSI/MSI-X
[    0.317888] pcieport 0000:00:1c.1: setting latency timer to 64
[    0.318072] pcieport 0000:00:1c.2: irq 26 for MSI/MSI-X
[    0.318081] pcieport 0000:00:1c.2: setting latency timer to 64
[    0.318256] pcieport 0000:00:1c.3: irq 27 for MSI/MSI-X
[    0.318268] pcieport 0000:00:1c.3: setting latency timer to 64
[    0.318440] pcieport 0000:00:1c.4: irq 28 for MSI/MSI-X
[    0.318451] pcieport 0000:00:1c.4: setting latency timer to 64
[    0.318599] pci_hotplug: PCI Hot Plug PCI Core version: 0.5
[    0.318786] isapnp: Scanning for PnP cards...
[    0.679329] isapnp: No Plug & Play device found
[    0.679414] random 0000 0000 0000 5f8db4e5 4cfdf2a8: initializing
[    0.679416] RANDOM init_std_data for input now value: 1370017711679416333
[    0.679417] RANDOM init_std_data for blocking now value: 1370017711679418313
[    0.679419] RANDOM init_std_data for nonblocking now value: 1370017711679420097
[    0.698993] Serial: 8250/16550 driver, 4 ports, IRQ sharing enabled
[    3.709701] floppy0: no floppy controllers found
[    3.710653] brd: module loaded
[    3.711155] loop: module loaded
[    3.711238] Compaq SMART2 Driver (v 2.6.0)
[    3.711354] HP CISS Driver (v 3.6.20)
[    3.711602] input: Macintosh mouse button emulation as /devices/virtual/input/input0
[    3.711739] Uniform Multi-Platform E-IDE driver
[    3.711963] piix 0000:00:1f.1: IDE controller (0x8086:0x2850 rev 0x03)
[    3.712076] pci 0000:00:1f.1: PCI INT C -> GSI 16 (level, low) -> IRQ 16
[    3.712177] piix 0000:00:1f.1: IDE port disabled
[    3.712269] piix 0000:00:1f.1: not 100% native mode: will probe irqs later
[    3.712366]     ide0: BM-DMA at 0x1c00-0x1c07
[    3.713111] Probing IDE interface ide0...
[    4.384884] hda: HL-DT-ST DVDRAM GSA-U10N, ATAPI CD/DVD-ROM drive
[    4.690681] hda: host max PIO4 wanted PIO255(auto-tune) selected PIO4
[    4.691454] hda: UDMA/33 mode selected
[    4.691918] ide0 at 0x1f0-0x1f7,0x3f6 on irq 14
[    4.695784] ide-gd driver 1.18
[    4.695879] ide-cd driver 5.00
[    4.697267] random 0000 0000 0000 00000000 00000000: add_disk_randomness(0:0) 00000000 00000000
[    4.697271] random 0000 0000 0000 00000000 00000000: add_timer_randomness(.. 256) with jiffies: 17468897341736713849, cycles: -977846736267509751
[    4.697274] random 0000 0000 0000 00000000 00000000: added 11 entropy credits to input
[    4.697278] ide-cd: hda: ATAPI 24X DVD-ROM DVD-R/RAM CD-R/RW drive, 2048kB Cache
[    4.697693] Uniform CD-ROM driver Revision: 3.20
[    4.700564] random 0011 0000 0000 00000000 00000000: add_disk_randomness(0:0) 00000000 00000000
[    4.700567] random 0011 0000 0000 00000000 00000000: add_timer_randomness(.. 256) with jiffies: 17498554000721280636, cycles: -948190077282942967
[    4.700569] random 0011 0000 0000 00000000 00000000: added 1 entropy credits to input
[    4.700572] random 0012 0000 0000 00000000 00000000: add_disk_randomness(0:0) 00000000 00000000
[    4.700575] random 0012 0000 0000 00000000 00000000: add_timer_randomness(.. 256) with jiffies: 17498631069614440060, cycles: -948113008389783543
[    4.702559] random 0012 0000 0000 00000000 00000000: add_disk_randomness(0:0) 00000000 00000000
[    4.702562] random 0012 0000 0000 00000000 00000000: add_timer_randomness(.. 256) with jiffies: 17516508574631296638, cycles: -930235503372926967
[    4.702565] random 0012 0000 0000 00000000 00000000: added 1 entropy credits to input
[    4.702568] random 0013 0000 0000 00000000 00000000: add_disk_randomness(0:0) 00000000 00000000
[    4.702570] random 0013 0000 0000 00000000 00000000: add_timer_randomness(.. 256) with jiffies: 17516583616299892350, cycles: -930160461704331255
[    4.704562] random 0013 0000 0000 00000000 00000000: add_disk_randomness(0:0) 00000000 00000000
[    4.704565] random 0013 0000 0000 00000000 00000000: add_timer_randomness(.. 256) with jiffies: 17534525880833638016, cycles: -912218197170585591
[    4.704567] random 0013 0000 0000 00000000 00000000: added 1 entropy credits to input
[    4.704570] random 0014 0000 0000 00000000 00000000: add_disk_randomness(0:0) 00000000 00000000
[    4.704573] random 0014 0000 0000 00000000 00000000: add_timer_randomness(.. 256) with jiffies: 17534599075666296448, cycles: -912145002337927159
[    4.704850] Loading iSCSI transport class v2.0-870.
[    4.705136] rdac: device handler registered
[    4.705215] hp_sw: device handler registered
[    4.705300] emc: device handler registered
[    4.705382] alua: device handler registered
[    4.706362] Adaptec aacraid driver 1.1-5[2461]-ms
[    4.706786] scsi: <fdomain> Detection failed (no card)
[    4.706873] sym53c416.c: Version 1.0.0-ac
[    4.706975] qlogicfas: no cards were found, please specify I/O address and IRQ using iobase= and irq= options
[    4.707094] QLogic Fibre Channel HBA Driver: 8.03.01-k6
[    4.707307] iscsi: registered transport (qla4xxx)
[    4.707411] QLogic iSCSI HBA Driver
[    4.707494] Emulex LightPulse Fibre Channel SCSI driver 8.3.4
[    4.707579] Copyright(c) 2004-2009 Emulex.  All rights reserved.
[    4.729664] Failed initialization of WD-7000 SCSI card!
[    4.819213] DC390: clustering now enabled by default. If you get problems load
[    4.819325]        with "disable_clustering=1" and report to maintainers
[    4.819455] megaraid cmm: 2.20.2.7 (Release Date: Sun Jul 16 00:01:03 EST 2006)
[    4.819608] megaraid: 2.20.5.1 (Release Date: Thu Nov 16 15:32:35 EST 2006)
[    4.819713] megasas: 00.00.04.01 Thu July 24 11:41:51 PST 2008
[    4.819843] GDT-HA: Storage RAID Controller Driver. Version: 3.05
[    4.819989] 3ware Storage Controller device driver for Linux v1.26.02.002.
[    4.820099] 3ware 9000 Storage Controller device driver for Linux v2.26.02.012.
[    4.820238] nsp32: loading...
[    4.820334] ipr: IBM Power RAID SCSI Device Driver version: 2.4.3 (June 10, 2009)
[    4.820467] RocketRAID 3xxx/4xxx Controller driver v1.6 (090910)
[    4.820568] stex: Promise SuperTrak EX Driver version: 4.6.0000.3
[    4.820700] st: Version 20081215, fixed bufsize 32768, s/g segs 256
[    4.820880] ahci 0000:00:1f.2: version 3.0
[    4.820893] ahci 0000:00:1f.2: PCI INT B -> GSI 16 (level, low) -> IRQ 16
[    4.821015] ahci 0000:00:1f.2: irq 29 for MSI/MSI-X
[    4.821080] ahci 0000:00:1f.2: AHCI 0001.0100 32 slots 3 ports 1.5 Gbps 0x5 impl SATA mode
[    4.821196] ahci 0000:00:1f.2: flags: 64bit ncq sntf pm led clo pio slum part ccc 
[    4.821321] ahci 0000:00:1f.2: setting latency timer to 64
[    4.821462] scsi2 : ahci
[    4.821619] scsi3 : ahci
[    4.821764] scsi4 : ahci
[    4.821923] ata1: SATA max UDMA/133 abar m2048@0xfe226000 port 0xfe226100 irq 29
[    4.822051] ata2: DUMMY
[    4.822129] ata3: SATA max UDMA/133 abar m2048@0xfe226000 port 0xfe226200 irq 29
[    4.822742] I2O subsystem v1.325
[    4.822835] i2o: max drivers = 8
[    4.822977] I2O Configuration OSM v1.323
[    4.823075] I2O Bus Adapter OSM v1.317
[    4.823168] I2O Block Device OSM v1.325
[    4.823307] I2O SCSI Peripheral OSM v1.316
[    4.823402] I2O ProcFS OSM v1.316
[    4.823502] Fusion MPT base driver 3.04.12
[    4.823581] Copyright (c) 1999-2008 LSI Corporation
[    4.823681] Fusion MPT SPI Host driver 3.04.12
[    4.823826] Fusion MPT FC Host driver 3.04.12
[    4.823928] Fusion MPT SAS Host driver 3.04.12
[    4.824073] ohci1394 0000:15:00.1: PCI INT B -> GSI 17 (level, low) -> IRQ 17
[    4.824166] ohci1394 0000:15:00.1: setting latency timer to 64
[    4.877679] ohci1394: fw-host0: OHCI-1394 1.1 (PCI): IRQ=[17]  MMIO=[f8301000-f83017ff]  Max Packet=[2048]  IR/IT contexts=[4/4]
[    4.880945] ehci_hcd: USB 2.0 'Enhanced' Host Controller (EHCI) Driver
[    4.881211] ehci_hcd 0000:00:1a.7: power state changed by ACPI to D0
[    4.881450] ehci_hcd 0000:00:1a.7: power state changed by ACPI to D0
[    4.881537] ehci_hcd 0000:00:1a.7: PCI INT C -> GSI 22 (level, low) -> IRQ 22
[    4.881629] ehci_hcd 0000:00:1a.7: setting latency timer to 64
[    4.881633] ehci_hcd 0000:00:1a.7: EHCI Host Controller
[    4.881762] ehci_hcd 0000:00:1a.7: new USB bus registered, assigned bus number 1
[    4.885784] ehci_hcd 0000:00:1a.7: cache line size of 32 is not supported
[    4.885793] ehci_hcd 0000:00:1a.7: irq 22, io mem 0xfe226c00
[    4.895640] ehci_hcd 0000:00:1a.7: USB 2.0 started, EHCI 1.00
[    4.895735] usb usb1: New USB device found, idVendor=1d6b, idProduct=0002
[    4.895831] usb usb1: New USB device strings: Mfr=3, Product=2, SerialNumber=1
[    4.895944] usb usb1: Product: EHCI Host Controller
[    4.896027] usb usb1: Manufacturer: Linux 2.6.32.57 ehci_hcd
[    4.896110] usb usb1: SerialNumber: 0000:00:1a.7
[    4.896242] usb usb1: configuration #1 chosen from 1 choice
[    4.896355] hub 1-0:1.0: USB hub found
[    4.896437] hub 1-0:1.0: 4 ports detected
[    4.896737] ehci_hcd 0000:00:1d.7: power state changed by ACPI to D0
[    4.896977] ehci_hcd 0000:00:1d.7: power state changed by ACPI to D0
[    4.897066] ehci_hcd 0000:00:1d.7: PCI INT D -> GSI 19 (level, low) -> IRQ 19
[    4.897156] ehci_hcd 0000:00:1d.7: setting latency timer to 64
[    4.897159] ehci_hcd 0000:00:1d.7: EHCI Host Controller
[    4.897280] ehci_hcd 0000:00:1d.7: new USB bus registered, assigned bus number 2
[    4.897432] ehci_hcd 0000:00:1d.7: debug port 1
[    4.901410] ehci_hcd 0000:00:1d.7: cache line size of 32 is not supported
[    4.901419] ehci_hcd 0000:00:1d.7: irq 19, io mem 0xfe227000
[    4.911639] ehci_hcd 0000:00:1d.7: USB 2.0 started, EHCI 1.00
[    4.911733] usb usb2: New USB device found, idVendor=1d6b, idProduct=0002
[    4.911821] usb usb2: New USB device strings: Mfr=3, Product=2, SerialNumber=1
[    4.911947] usb usb2: Product: EHCI Host Controller
[    4.912037] usb usb2: Manufacturer: Linux 2.6.32.57 ehci_hcd
[    4.912118] usb usb2: SerialNumber: 0000:00:1d.7
[    4.912256] usb usb2: configuration #1 chosen from 1 choice
[    4.912364] hub 2-0:1.0: USB hub found
[    4.912445] hub 2-0:1.0: 6 ports detected
[    4.912614] 116x: driver isp116x-hcd, 03 Nov 2005
[    4.912727] ohci_hcd: USB 1.1 'Open' Host Controller (OHCI) Driver
[    4.912830] uhci_hcd: USB Universal Host Controller Interface driver
[    4.912932] uhci_hcd 0000:00:1a.0: PCI INT A -> GSI 20 (level, low) -> IRQ 20
[    4.913021] uhci_hcd 0000:00:1a.0: setting latency timer to 64
[    4.913026] uhci_hcd 0000:00:1a.0: UHCI Host Controller
[    4.913145] uhci_hcd 0000:00:1a.0: new USB bus registered, assigned bus number 3
[    4.913297] uhci_hcd 0000:00:1a.0: irq 20, io base 0x00001860
[    4.913413] usb usb3: New USB device found, idVendor=1d6b, idProduct=0001
[    4.913495] usb usb3: New USB device strings: Mfr=3, Product=2, SerialNumber=1
[    4.913607] usb usb3: Product: UHCI Host Controller
[    4.913695] usb usb3: Manufacturer: Linux 2.6.32.57 uhci_hcd
[    4.913786] usb usb3: SerialNumber: 0000:00:1a.0
[    4.913917] usb usb3: configuration #1 chosen from 1 choice
[    4.914025] hub 3-0:1.0: USB hub found
[    4.914117] hub 3-0:1.0: 2 ports detected
[    4.914421] uhci_hcd 0000:00:1a.1: power state changed by ACPI to D0
[    4.914662] uhci_hcd 0000:00:1a.1: power state changed by ACPI to D0
[    4.914748] uhci_hcd 0000:00:1a.1: PCI INT B -> GSI 21 (level, low) -> IRQ 21
[    4.914841] uhci_hcd 0000:00:1a.1: setting latency timer to 64
[    4.914846] uhci_hcd 0000:00:1a.1: UHCI Host Controller
[    4.914970] uhci_hcd 0000:00:1a.1: new USB bus registered, assigned bus number 4
[    4.915127] uhci_hcd 0000:00:1a.1: irq 21, io base 0x00001880
[    4.915231] usb usb4: New USB device found, idVendor=1d6b, idProduct=0001
[    4.915316] usb usb4: New USB device strings: Mfr=3, Product=2, SerialNumber=1
[    4.915426] usb usb4: Product: UHCI Host Controller
[    4.915506] usb usb4: Manufacturer: Linux 2.6.32.57 uhci_hcd
[    4.915597] usb usb4: SerialNumber: 0000:00:1a.1
[    4.915741] usb usb4: configuration #1 chosen from 1 choice
[    4.915849] hub 4-0:1.0: USB hub found
[    4.915929] hub 4-0:1.0: 2 ports detected
[    4.916221] uhci_hcd 0000:00:1d.0: power state changed by ACPI to D0
[    4.916460] uhci_hcd 0000:00:1d.0: power state changed by ACPI to D0
[    4.916554] uhci_hcd 0000:00:1d.0: PCI INT A -> GSI 16 (level, low) -> IRQ 16
[    4.916655] uhci_hcd 0000:00:1d.0: setting latency timer to 64
[    4.916659] uhci_hcd 0000:00:1d.0: UHCI Host Controller
[    4.916782] uhci_hcd 0000:00:1d.0: new USB bus registered, assigned bus number 5
[    4.916933] uhci_hcd 0000:00:1d.0: irq 16, io base 0x000018a0
[    4.917040] usb usb5: New USB device found, idVendor=1d6b, idProduct=0001
[    4.917123] usb usb5: New USB device strings: Mfr=3, Product=2, SerialNumber=1
[    4.917243] usb usb5: Product: UHCI Host Controller
[    4.917332] usb usb5: Manufacturer: Linux 2.6.32.57 uhci_hcd
[    4.917412] usb usb5: SerialNumber: 0000:00:1d.0
[    4.917545] usb usb5: configuration #1 chosen from 1 choice
[    4.917674] hub 5-0:1.0: USB hub found
[    4.917763] hub 5-0:1.0: 2 ports detected
[    4.917905] uhci_hcd 0000:00:1d.1: PCI INT B -> GSI 17 (level, low) -> IRQ 17
[    4.918009] uhci_hcd 0000:00:1d.1: setting latency timer to 64
[    4.918012] uhci_hcd 0000:00:1d.1: UHCI Host Controller
[    4.918133] uhci_hcd 0000:00:1d.1: new USB bus registered, assigned bus number 6
[    4.918273] uhci_hcd 0000:00:1d.1: irq 17, io base 0x000018c0
[    4.918379] usb usb6: New USB device found, idVendor=1d6b, idProduct=0001
[    4.918460] usb usb6: New USB device strings: Mfr=3, Product=2, SerialNumber=1
[    4.918581] usb usb6: Product: UHCI Host Controller
[    4.918667] usb usb6: Manufacturer: Linux 2.6.32.57 uhci_hcd
[    4.918754] usb usb6: SerialNumber: 0000:00:1d.1
[    4.918893] usb usb6: configuration #1 chosen from 1 choice
[    4.919001] hub 6-0:1.0: USB hub found
[    4.919088] hub 6-0:1.0: 2 ports detected
[    4.919437] uhci_hcd 0000:00:1d.2: power state changed by ACPI to D0
[    4.919677] uhci_hcd 0000:00:1d.2: power state changed by ACPI to D0
[    4.919765] uhci_hcd 0000:00:1d.2: PCI INT C -> GSI 18 (level, low) -> IRQ 18
[    4.919858] uhci_hcd 0000:00:1d.2: setting latency timer to 64
[    4.919863] uhci_hcd 0000:00:1d.2: UHCI Host Controller
[    4.919982] uhci_hcd 0000:00:1d.2: new USB bus registered, assigned bus number 7
[    4.920133] uhci_hcd 0000:00:1d.2: irq 18, io base 0x000018e0
[    4.920241] usb usb7: New USB device found, idVendor=1d6b, idProduct=0001
[    4.920330] usb usb7: New USB device strings: Mfr=3, Product=2, SerialNumber=1
[    4.920442] usb usb7: Product: UHCI Host Controller
[    4.920527] usb usb7: Manufacturer: Linux 2.6.32.57 uhci_hcd
[    4.921270] usb usb7: SerialNumber: 0000:00:1d.2
[    4.921400] usb usb7: configuration #1 chosen from 1 choice
[    4.921515] hub 7-0:1.0: USB hub found
[    4.921600] hub 7-0:1.0: 2 ports detected
[    4.921760] sl811: driver sl811-hcd, 19 May 2005
[    4.921865] r8a66597_hcd: driver r8a66597_hcd, 2009-05-26
[    4.922026] Initializing USB Mass Storage driver...
[    4.922142] usbcore: registered new interface driver usb-storage
[    4.922228] USB Mass Storage support registered.
[    4.922326] usbcore: registered new interface driver ums-alauda
[    4.922427] usbcore: registered new interface driver ums-cypress
[    4.922539] usbcore: registered new interface driver ums-datafab
[    4.922656] usbcore: registered new interface driver ums-freecom
[    4.922759] usbcore: registered new interface driver ums-isd200
[    4.922860] usbcore: registered new interface driver ums-jumpshot
[    4.922959] usbcore: registered new interface driver ums-karma
[    4.923064] usbcore: registered new interface driver ums-onetouch
[    4.923178] usbcore: registered new interface driver ums-sddr09
[    4.923283] usbcore: registered new interface driver ums-sddr55
[    4.923382] usbcore: registered new interface driver ums-usbat
[    4.923518] PNP: PS/2 Controller [PNP0303:KBD,PNP0f13:MOU] at 0x60,0x64 irq 1,12
[    4.931629] serio: i8042 KBD port at 0x60,0x64 irq 1
[    4.931714] serio: i8042 AUX port at 0x60,0x64 irq 12
[    4.931953] mice: PS/2 mouse device common for all mice
[    4.932068] i2c /dev entries driver
[    4.932202] md: linear personality registered for level -1
[    4.932289] md: raid0 personality registered for level 0
[    4.932369] md: raid1 personality registered for level 1
[    4.932457] md: raid10 personality registered for level 10
[    4.932547] md: raid6 personality registered for level 6
[    4.932625] md: raid5 personality registered for level 5
[    4.932713] md: raid4 personality registered for level 4
[    4.932802] md: multipath personality registered for level -4
[    4.932984] device-mapper: ioctl: 4.15.0-ioctl (2009-04-01) initialised: dm-devel@redhat.com
[    4.933170] cpuidle: using governor ladder
[    4.933776] usbcore: registered new interface driver usbhid
[    4.933868] usbhid: v2.6:USB HID core driver
[    4.934008] random 0014 0000 0000 00000000 00000000: rand_read_num 4 get_random_bytes(136): sig 00000000 00000000 00000000
[    4.934011] random 0014 0000 0000 00000000 00000000: extract_entropy(.. 136 ..)
[    4.934014] random 0014 0000 0000 00000000 00000000: going to reseed nonblocking with 1024 bits (1088 of 0 requested)
[    4.934016] random 0014 0000 0000 00000000 00000000: extract_entropy(.. 128 ..)
[    4.934018] random 0014 0000 0000 00000000 00000000: trying to extract 1024 bits from input
[    4.934020] random 0014 0000 0000 00000000 00000000: debiting 0 entropy credits from input
[    4.934022] random 0014 0000 0000 00000000 00000000: extract_entropy account returned: 0 
[    4.934025] random 0014 0000 0000 00000000 00000000: urand_change_num 7 xfer_secondary_pool(136): pool_sig 00000000, data_sig 00000000, bytes_mixed 0 00000000 00000000
[    4.934028] random 0014 0000 0000 00000000 00000000: trying to extract 1088 bits from nonblocking
[    4.934031] random 0014 0000 0000 00000000 00000000: debiting 1088 entropy credits from nonblocking (unlimited)
[    4.934033] random 0014 0000 0000 00000000 00000000: extract_entropy account returned: 136 
[    4.934037] random 0014 0000 0000 00000000 00000000: urand_change_num 8 extract_buf: pool_sig 00000000, data_sig fffffff9, bytes_mixed 20 00000000 00000000
[    4.934043] random 0014 0000 0000 b7c35b56 be4dc95d: urand_change_num 9 extract_buf: pool_sig fffffd1e, data_sig 000000c5, bytes_mixed 20 b7c35b56 be4dc95d
[    4.934048] random 0014 0000 0000 ed9f5c47 c48487fb: urand_change_num 10 extract_buf: pool_sig fffff8ec, data_sig ffffff68, bytes_mixed 20 ed9f5c47 c48487fb
[    4.934054] random 0014 0000 0000 ed9f5c47 c48487fb: urand_change_num 11 extract_buf: pool_sig fffffaed, data_sig 000001aa, bytes_mixed 20 ed9f5c47 c48487fb
[    4.934059] random 0014 0000 0000 1b4f7c0a 91bd6a48: urand_change_num 12 extract_buf: pool_sig fffffdd8, data_sig 00000064, bytes_mixed 20 1b4f7c0a 91bd6a48
[    4.934064] random 0014 0000 0000 a254b9bc 20e9a24f: urand_change_num 13 extract_buf: pool_sig fffffbe6, data_sig 000001dd, bytes_mixed 20 a254b9bc 20e9a24f
[    4.934069] random 0014 0000 0000 a254b9bc 20e9a24f: urand_change_num 14 extract_buf: pool_sig fffff940, data_sig fffffe20, bytes_mixed 20 a254b9bc 20e9a24f
[    4.934075] random 0014 0000 0000 2831a66b 5fa2a3ad: urand_change_num 15 extract_buf: pool_sig fffffbce, data_sig 0000007e, bytes_mixed 20 2831a66b 5fa2a3ad
[    4.934080] random 0014 0000 0000 2831a66b 5fa2a3ad: urand_change_num 16 extract_buf: pool_sig 000004df, data_sig fffffe8f, bytes_mixed 20 2831a66b 5fa2a3ad
[    4.934085] random 0014 0000 0000 d4512bfd c9a54e0b: urand_change_num 17 extract_buf: pool_sig 00000485, data_sig fffffe68, bytes_mixed 20 d4512bfd c9a54e0b
[    4.934090] random 0014 0000 0000 c7371be6 f9ffea11: urand_change_num 18 extract_buf: pool_sig 00000095, data_sig ffffffed, bytes_mixed 20 c7371be6 f9ffea11
[    4.934095] random 0014 0000 0000 c7371be6 f9ffea11: urand_change_num 19 extract_buf: pool_sig 000003a7, data_sig fffffefa, bytes_mixed 20 c7371be6 f9ffea11
[    4.934101] random 0014 0000 0000 8fb4b62c d1ddba54: urand_change_num 20 extract_buf: pool_sig 00000179, data_sig ffffff78, bytes_mixed 20 8fb4b62c d1ddba54
[    4.934106] random 0014 0000 0000 9ff19f9c c07a1d2a: urand_change_num 21 extract_buf: pool_sig fffffe88, data_sig 00000126, bytes_mixed 20 9ff19f9c c07a1d2a
[    4.934110] TCP cubic registered
[    4.934190] Initializing XFRM netlink socket
[    4.934272] NET: Registered protocol family 17
[    4.934360] Using IPI Shortcut mode
[    4.934448] random 0014 0000 0000 9ff19f9c c07a1d2a: rand_read_num 5 get_random_bytes(8): sig 0000031b 9ff19f9c c07a1d2a
[    4.934450] random 0014 0000 0000 9ff19f9c c07a1d2a: extract_entropy(.. 8 ..)
[    4.934453] random 0014 0000 0000 9ff19f9c c07a1d2a: going to reseed nonblocking with 64 bits (64 of 0 requested)
[    4.934455] random 0014 0000 0000 9ff19f9c c07a1d2a: extract_entropy(.. 8 ..)
[    4.934457] random 0014 0000 0000 9ff19f9c c07a1d2a: trying to extract 64 bits from input
[    4.934459] random 0014 0000 0000 9ff19f9c c07a1d2a: debiting 0 entropy credits from input
[    4.934461] random 0014 0000 0000 9ff19f9c c07a1d2a: extract_entropy account returned: 0 
[    4.934464] random 0014 0000 0000 9ff19f9c c07a1d2a: urand_change_num 22 xfer_secondary_pool(8): pool_sig 0000031b, data_sig 00000000, bytes_mixed 0 9ff19f9c c07a1d2a
[    4.934467] random 0014 0000 0000 9ff19f9c c07a1d2a: trying to extract 64 bits from nonblocking
[    4.934469] random 0014 0000 0000 9ff19f9c c07a1d2a: debiting 64 entropy credits from nonblocking (unlimited)
[    4.934472] random 0014 0000 0000 9ff19f9c c07a1d2a: extract_entropy account returned: 8 
[    4.934476] random 0014 0000 0000 9ff19f9c c07a1d2a: urand_change_num 23 extract_buf: pool_sig 0000031b, data_sig ffffffb3, bytes_mixed 20 9ff19f9c c07a1d2a
[    4.937494] input: AT Translated Set 2 keyboard as /devices/platform/i8042/serio0/input/input1
[    5.128639] ata3: SATA link down (SStatus 0 SControl 300)
[    5.128750] ata1: SATA link up 1.5 Gbps (SStatus 113 SControl 300)
[    5.131670] ata1.00: ACPI cmd ef/02:00:00:00:00:a0 (SET FEATURES) succeeded
[    5.131673] ata1.00: ACPI cmd f5/00:00:00:00:00:a0 (SECURITY FREEZE LOCK) filtered out
[    5.133067] ata1.00: ACPI cmd ef/5f:00:00:00:00:a0 (SET FEATURES) succeeded
[    5.133070] ata1.00: ACPI cmd ef/10:03:00:00:00:a0 (SET FEATURES) filtered out
[    5.134977] ata1.00: ATA-7: ST910021AS, 4.06, max UDMA/100
[    5.135066] ata1.00: 195371568 sectors, multi 16: LBA48 
[    5.137215] ata1.00: ACPI cmd ef/02:00:00:00:00:a0 (SET FEATURES) succeeded
[    5.137218] ata1.00: ACPI cmd f5/00:00:00:00:00:a0 (SECURITY FREEZE LOCK) filtered out
[    5.138608] ata1.00: ACPI cmd ef/5f:00:00:00:00:a0 (SET FEATURES) succeeded
[    5.138610] ata1.00: ACPI cmd ef/10:03:00:00:00:a0 (SET FEATURES) filtered out
[    5.140534] ata1.00: configured for UDMA/100
[    5.150690] scsi 2:0:0:0: Direct-Access     ATA      ST910021AS       4.06 PQ: 0 ANSI: 5
[    5.150976] sd 2:0:0:0: [sda] 195371568 512-byte logical blocks: (100 GB/93.1 GiB)
[    5.151118] sd 2:0:0:0: [sda] Write Protect is off
[    5.151198] sd 2:0:0:0: [sda] Mode Sense: 00 3a 00 00
[    5.151210] sd 2:0:0:0: [sda] Write cache: enabled, read cache: enabled, doesn't support DPO or FUA
[    5.151388]  sda:
[    5.582325] random 0014 0000 0000 277f73c3 42024bb9: add_disk_randomness(8:0) 277f73c3 42024bb9
[    5.582408] random 0014 0000 0000 277f73c3 42024bb9: add_timer_randomness(.. 8388864) with jiffies: 6985556649569911189, cycles: 6985556645275238410
[    5.582411] random 0014 0000 0000 277f73c3 42024bb9: added 11 entropy credits to input
[    5.582416]  sda1 sda2
[    5.582896] random 0025 0000 0000 277f73c3 42024bb9: add_disk_randomness(8:0) 277f73c3 42024bb9
[    5.582899] random 0025 0000 0000 277f73c3 42024bb9: add_timer_randomness(.. 8388864) with jiffies: 6989965214455923094, cycles: 6989965210161250314
[    5.583051] sd 2:0:0:0: [sda] Attached SCSI disk
[    5.583136] random 0025 0000 0000 277f73c3 42024bb9: rand_read_num 6 get_random_bytes(12): sig 000007e9 277f73c3 42024bb9
[    5.583138] random 0025 0000 0000 277f73c3 42024bb9: extract_entropy(.. 12 ..)
[    5.583141] random 0025 0000 0000 277f73c3 42024bb9: going to reseed nonblocking with 96 bits (96 of 0 requested)
[    5.583143] random 0025 0000 0000 277f73c3 42024bb9: extract_entropy(.. 12 ..)
[    5.583145] random 0025 0000 0000 277f73c3 42024bb9: trying to extract 96 bits from input
[    5.583148] random 0025 0000 0000 277f73c3 42024bb9: debiting 0 entropy credits from input
[    5.583150] random 0025 0000 0000 277f73c3 42024bb9: extract_entropy account returned: 0 
[    5.583153] random 0025 0000 0000 277f73c3 42024bb9: urand_change_num 24 xfer_secondary_pool(12): pool_sig 000007e9, data_sig 00000000, bytes_mixed 0 277f73c3 42024bb9
[    5.583156] random 0025 0000 0000 277f73c3 42024bb9: trying to extract 96 bits from nonblocking
[    5.583158] random 0025 0000 0000 277f73c3 42024bb9: debiting 96 entropy credits from nonblocking (unlimited)
[    5.583160] random 0025 0000 0000 277f73c3 42024bb9: extract_entropy account returned: 12 
[    5.583164] random 0025 0000 0000 277f73c3 42024bb9: urand_change_num 25 extract_buf: pool_sig 000007e9, data_sig 00000088, bytes_mixed 20 277f73c3 42024bb9
[    5.583170] random 0025 0000 0000 277f73c3 42024bb9: urand_change_num 26 extract_buf: pool_sig 00000498, data_sig fffffefb, bytes_mixed 20 277f73c3 42024bb9
[    5.583173] RANDOM - __seed init called.
[    5.583174] RANDOM - __seed init called.
[    5.583175] RANDOM - __seed init called.
[    5.583176] RANDOM - __random32 called. Change num 12.  Value: 87f14767	f0d7351	b1e48bd3
[    5.583178] RANDOM - random32_reseed called.  Value: 87f14767	f0d7351	b1e48bd3
[    5.583181] Pid: 1, comm: swapper Not tainted 2.6.32.57 #6
[    5.583263] Call Trace:
[    5.583344]  [<c1923ca4>] ? random32_reseed+0xa0/0xb1
[    5.583427]  [<c1923c04>] ? random32_reseed+0x0/0xb1
[    5.583508]  [<c100111e>] ? do_one_initcall+0x2e/0x180
[    5.583592]  [<c1907265>] ? kernel_init+0xad/0x103
[    5.583675]  [<c19071b8>] ? kernel_init+0x0/0x103
[    5.583768]  [<c1003787>] ? kernel_thread_helper+0x7/0x10
[    5.584293] random 0025 0000 0000 386b4e60 ee4d4880: rand_read_num 7 get_random_bytes(64): sig fffffea5 386b4e60 ee4d4880
[    5.584296] random 0025 0000 0000 386b4e60 ee4d4880: extract_entropy(.. 64 ..)
[    5.584298] random 0025 0000 0000 386b4e60 ee4d4880: going to reseed nonblocking with 512 bits (512 of 0 requested)
[    5.584300] random 0025 0000 0000 386b4e60 ee4d4880: extract_entropy(.. 64 ..)
[    5.584303] random 0025 0000 0000 386b4e60 ee4d4880: trying to extract 512 bits from input
[    5.584305] random 0025 0000 0000 386b4e60 ee4d4880: debiting 0 entropy credits from input
[    5.584307] random 0025 0000 0000 386b4e60 ee4d4880: extract_entropy account returned: 0 
[    5.584310] random 0025 0000 0000 386b4e60 ee4d4880: urand_change_num 27 xfer_secondary_pool(64): pool_sig fffffea5, data_sig 00000000, bytes_mixed 0 386b4e60 ee4d4880
[    5.584313] random 0025 0000 0000 386b4e60 ee4d4880: trying to extract 512 bits from nonblocking
[    5.584315] random 0025 0000 0000 386b4e60 ee4d4880: debiting 512 entropy credits from nonblocking (unlimited)
[    5.584318] random 0025 0000 0000 386b4e60 ee4d4880: extract_entropy account returned: 64 
[    5.584322] random 0025 0000 0000 386b4e60 ee4d4880: urand_change_num 28 extract_buf: pool_sig fffffea5, data_sig 00000173, bytes_mixed 20 386b4e60 ee4d4880
[    5.584327] random 0025 0000 0000 412698f6 0cc8689a: urand_change_num 29 extract_buf: pool_sig 00000122, data_sig ffffff63, bytes_mixed 20 412698f6 0cc8689a
[    5.584332] random 0025 0000 0000 412698f6 0cc8689a: urand_change_num 30 extract_buf: pool_sig 000001f7, data_sig 00000012, bytes_mixed 20 412698f6 0cc8689a
[    5.584338] random 0025 0000 0000 9669941e 06f768b1: urand_change_num 31 extract_buf: pool_sig fffffb5b, data_sig 0000003f, bytes_mixed 20 9669941e 06f768b1
[    5.584343] random 0025 0000 0000 98486520 995551f0: urand_change_num 32 extract_buf: pool_sig fffffb39, data_sig 0000000e, bytes_mixed 20 98486520 995551f0
[    5.584348] random 0025 0000 0000 98486520 995551f0: urand_change_num 33 extract_buf: pool_sig fffffd8d, data_sig 000001a6, bytes_mixed 20 98486520 995551f0
[    5.584353] random 0025 0000 0000 61fc8914 d5882ed2: urand_change_num 34 extract_buf: pool_sig fffffa58, data_sig 0000023e, bytes_mixed 20 61fc8914 d5882ed2
[    5.584384] random 0025 0000 0000 61fc8914 d5882ed2: rand_read_num 8 get_random_bytes(64): sig fffff9ee 61fc8914 d5882ed2
[    5.584387] random 0025 0000 0000 61fc8914 d5882ed2: extract_entropy(.. 64 ..)
[    5.584389] random 0025 0000 0000 61fc8914 d5882ed2: going to reseed nonblocking with 512 bits (512 of 0 requested)
[    5.584391] random 0025 0000 0000 61fc8914 d5882ed2: extract_entropy(.. 64 ..)
[    5.584394] random 0025 0000 0000 61fc8914 d5882ed2: trying to extract 512 bits from input
[    5.584396] random 0025 0000 0000 61fc8914 d5882ed2: debiting 0 entropy credits from input
[    5.584398] random 0025 0000 0000 61fc8914 d5882ed2: extract_entropy account returned: 0 
[    5.584401] random 0025 0000 0000 61fc8914 d5882ed2: urand_change_num 35 xfer_secondary_pool(64): pool_sig fffff9ee, data_sig 00000000, bytes_mixed 0 61fc8914 d5882ed2
[    5.584404] random 0025 0000 0000 61fc8914 d5882ed2: trying to extract 512 bits from nonblocking
[    5.584406] random 0025 0000 0000 61fc8914 d5882ed2: debiting 512 entropy credits from nonblocking (unlimited)
[    5.584408] random 0025 0000 0000 61fc8914 d5882ed2: extract_entropy account returned: 64 
[    5.584412] random 0025 0000 0000 61fc8914 d5882ed2: urand_change_num 36 extract_buf: pool_sig fffff9ee, data_sig ffffff85, bytes_mixed 20 61fc8914 d5882ed2
[    5.584418] random 0025 0000 0000 70cfd302 e5edec11: urand_change_num 37 extract_buf: pool_sig fffffdc1, data_sig ffffffde, bytes_mixed 20 70cfd302 e5edec11
[    5.584423] random 0025 0000 0000 00dab838 eafd2b30: urand_change_num 38 extract_buf: pool_sig 000003da, data_sig ffffff61, bytes_mixed 20 00dab838 eafd2b30
[    5.584428] random 0025 0000 0000 00dab838 eafd2b30: urand_change_num 39 extract_buf: pool_sig 00000314, data_sig 00000121, bytes_mixed 20 00dab838 eafd2b30
[    5.584434] random 0025 0000 0000 5fcdf66a 6442b608: urand_change_num 40 extract_buf: pool_sig 0000028b, data_sig fffffefd, bytes_mixed 20 5fcdf66a 6442b608
[    5.584439] random 0025 0000 0000 61333f6b 8fae0f9b: urand_change_num 41 extract_buf: pool_sig 000000cb, data_sig 000000b3, bytes_mixed 20 61333f6b 8fae0f9b
[    5.584444] random 0025 0000 0000 61333f6b 8fae0f9b: urand_change_num 42 extract_buf: pool_sig fffffef8, data_sig 00000051, bytes_mixed 20 61333f6b 8fae0f9b
[    5.584447] BEGIN NET_SECRET:
[    5.584448] \xffffffe0
[    5.584449] \xffffffb6
[    5.584450] \x36
[    5.584450] \xffffffb5
[    5.584451] \xffffff94
[    5.584452] \xffffffb2
[    5.584453] \xffffffa8
[    5.584454] \xffffffda
[    5.584455] \x5b
[    5.584455] \x19
[    5.584456] \x18
[    5.584457] \x5c
[    5.584458] \x2b
[    5.584458] \x1
[    5.584459] \xffffff90
[    5.584460] \x19
[    5.584461] \x3c
[    5.584461] \xfffffff2
[    5.584462] \xffffff82
[    5.584463] \x2a
[    5.584464] \xffffffb3
[    5.584465] \xffffffa2
[    5.584465] \x3f
[    5.584466] \x5
[    5.584467] \x52
[    5.584468] \x77
[    5.584468] \x57
[    5.584469] \x79
[    5.584470] \x16
[    5.584470] \x43
[    5.584471] \xffffff84
[    5.584472] \xffffffc3
[    5.584473] \xffffffe9
[    5.584474] \x79
[    5.584474] \x50
[    5.584475] \xffffff8e
[    5.584476] \x3f
[    5.584477] \xfffffff3
[    5.584477] \x19
[    5.584478] \x2a
[    5.584479] \xfffffffd
[    5.584480] \xfffffffb
[    5.584480] \x62
[    5.584481] \x3c
[    5.584482] \xffffffac
[    5.584483] \x1c
[    5.584483] \x3b
[    5.584484] \x3b
[    5.584485] \x15
[    5.584486] \x27
[    5.584486] \xffffffa8
[    5.584487] \x22
[    5.584488] \xffffffc5
[    5.584489] \xffffff9a
[    5.584490] \x5
[    5.584490] \x6c
[    5.584491] \xffffffa8
[    5.584492] \x3a
[    5.584493] \x44
[    5.584493] \xffffffaf
[    5.584494] \x13
[    5.584495] \xffffffe0
[    5.584496] \xffffff9d
[    5.584497] \x22
[    5.584497] 
[    5.584498] END NET_SECRET
[    5.584500] random 0025 0000 0000 e7f555d9 e8ce5c3c: rand_read_num 9 get_random_bytes(4): sig 0000068c e7f555d9 e8ce5c3c
[    5.584503] random 0025 0000 0000 e7f555d9 e8ce5c3c: extract_entropy(.. 4 ..)
[    5.584505] random 0025 0000 0000 e7f555d9 e8ce5c3c: going to reseed nonblocking with 64 bits (32 of 0 requested)
[    5.584508] random 0025 0000 0000 e7f555d9 e8ce5c3c: extract_entropy(.. 8 ..)
[    5.584510] random 0025 0000 0000 e7f555d9 e8ce5c3c: trying to extract 64 bits from input
[    5.584512] random 0025 0000 0000 e7f555d9 e8ce5c3c: debiting 0 entropy credits from input
[    5.584514] random 0025 0000 0000 e7f555d9 e8ce5c3c: extract_entropy account returned: 0 
[    5.584517] random 0025 0000 0000 e7f555d9 e8ce5c3c: urand_change_num 43 xfer_secondary_pool(4): pool_sig 0000068c, data_sig 00000000, bytes_mixed 0 e7f555d9 e8ce5c3c
[    5.584520] random 0025 0000 0000 e7f555d9 e8ce5c3c: trying to extract 32 bits from nonblocking
[    5.584522] random 0025 0000 0000 e7f555d9 e8ce5c3c: debiting 32 entropy credits from nonblocking (unlimited)
[    5.584524] random 0025 0000 0000 e7f555d9 e8ce5c3c: extract_entropy account returned: 4 
[    5.584528] random 0025 0000 0000 e7f555d9 e8ce5c3c: urand_change_num 44 extract_buf: pool_sig 0000068c, data_sig fffffdcb, bytes_mixed 20 e7f555d9 e8ce5c3c
[    5.584539] md: Waiting for all devices to be available before autodetect
[    5.584634] md: If you don't use raid, use raid=noautodetect
[    5.584789] md: Autodetecting RAID arrays.
[    5.584872] md: Scanned 0 and added 0 devices.
[    5.584950] md: autorun ...
[    5.585031] md: ... autorun DONE.
[    5.598533] random 0025 0000 0000 e7f555d9 e8ce5c3c: add_disk_randomness(8:0) e7f555d9 e8ce5c3c
[    5.598537] random 0025 0000 0000 e7f555d9 e8ce5c3c: add_timer_randomness(.. 8388864) with jiffies: 7130666539186618789, cycles: 7130666534891945994
[    5.598540] random 0025 0000 0000 e7f555d9 e8ce5c3c: added 3 entropy credits to input
[    5.599659] random 0028 0000 0000 e7f555d9 e8ce5c3c: add_disk_randomness(8:0) e7f555d9 e8ce5c3c
[    5.599662] random 0028 0000 0000 e7f555d9 e8ce5c3c: add_timer_randomness(.. 8388864) with jiffies: 7140778764807143847, cycles: 7140778760512471050
[    5.599665] random 0028 0000 0000 e7f555d9 e8ce5c3c: added 1 entropy credits to input
[    5.599773] random 0029 0000 0000 e7f555d9 e8ce5c3c: add_disk_randomness(8:0) e7f555d9 e8ce5c3c
[    5.599776] random 0029 0000 0000 e7f555d9 e8ce5c3c: add_timer_randomness(.. 8388864) with jiffies: 7141802560456458663, cycles: 7141802556161785866
[    5.599781] EXT3-fs: sda2: couldn't mount because of unsupported optional features (240).
[    5.599998] random 0029 0000 0000 e7f555d9 e8ce5c3c: add_disk_randomness(8:0) e7f555d9 e8ce5c3c
[    5.600001] random 0029 0000 0000 e7f555d9 e8ce5c3c: add_timer_randomness(.. 8388864) with jiffies: 7143835269693407655, cycles: 7143835265398734858
[    5.600006] EXT2-fs: sda2: couldn't mount because of unsupported optional features (240).
[    5.600188] random 0029 0000 0000 e7f555d9 e8ce5c3c: add_disk_randomness(8:0) e7f555d9 e8ce5c3c
[    5.600191] random 0029 0000 0000 e7f555d9 e8ce5c3c: add_timer_randomness(.. 8388864) with jiffies: 7145542330215006631, cycles: 7145542325920333834
[    5.600317] random 0029 0000 0000 e7f555d9 e8ce5c3c: add_disk_randomness(8:0) e7f555d9 e8ce5c3c
[    5.600320] random 0029 0000 0000 e7f555d9 e8ce5c3c: add_timer_randomness(.. 8388864) with jiffies: 7146706154683072935, cycles: 7146706150388400138
[    5.600430] random 0029 0000 0000 e7f555d9 e8ce5c3c: add_disk_randomness(8:0) e7f555d9 e8ce5c3c
[    5.600433] random 0029 0000 0000 e7f555d9 e8ce5c3c: add_timer_randomness(.. 8388864) with jiffies: 7147726613142798759, cycles: 7147726608848125962
[    5.600547] random 0029 0000 0000 e7f555d9 e8ce5c3c: add_disk_randomness(8:0) e7f555d9 e8ce5c3c
[    5.600550] random 0029 0000 0000 e7f555d9 e8ce5c3c: add_timer_randomness(.. 8388864) with jiffies: 7148777918057644455, cycles: 7148777913762971658
[    5.600694] random 0029 0000 0000 e7f555d9 e8ce5c3c: add_disk_randomness(8:0) e7f555d9 e8ce5c3c
[    5.600697] random 0029 0000 0000 e7f555d9 e8ce5c3c: add_timer_randomness(.. 8388864) with jiffies: 7150090468653236648, cycles: 7150090464358563850
[    5.600820] random 0029 0000 0000 e7f555d9 e8ce5c3c: add_disk_randomness(8:0) e7f555d9 e8ce5c3c
[    5.600823] random 0029 0000 0000 e7f555d9 e8ce5c3c: add_timer_randomness(.. 8388864) with jiffies: 7151222768061350312, cycles: 7151222763766677514
[    5.600938] random 0029 0000 0000 e7f555d9 e8ce5c3c: add_disk_randomness(8:0) e7f555d9 e8ce5c3c
[    5.600941] random 0029 0000 0000 e7f555d9 e8ce5c3c: add_timer_randomness(.. 8388864) with jiffies: 7152291888500539816, cycles: 7152291884205867018
[    5.601087] random 0029 0000 0000 e7f555d9 e8ce5c3c: add_disk_randomness(8:0) e7f555d9 e8ce5c3c
[    5.601090] random 0029 0000 0000 e7f555d9 e8ce5c3c: add_timer_randomness(.. 8388864) with jiffies: 7153633077938061736, cycles: 7153633073643388938
[    5.601327] random 0029 0000 0000 e7f555d9 e8ce5c3c: rand_read_num 10 get_random_bytes(4): sig ffffff72 e7f555d9 e8ce5c3c
[    5.601329] random 0029 0000 0000 e7f555d9 e8ce5c3c: extract_entropy(.. 4 ..)
[    5.601332] random 0029 0000 0000 e7f555d9 e8ce5c3c: going to reseed nonblocking with 64 bits (32 of 0 requested)
[    5.601334] random 0029 0000 0000 e7f555d9 e8ce5c3c: extract_entropy(.. 8 ..)
[    5.601336] random 0029 0000 0000 e7f555d9 e8ce5c3c: trying to extract 64 bits from input
[    5.601338] random 0029 0000 0000 e7f555d9 e8ce5c3c: debiting 0 entropy credits from input
[    5.601340] random 0029 0000 0000 e7f555d9 e8ce5c3c: extract_entropy account returned: 0 
[    5.601343] random 0029 0000 0000 e7f555d9 e8ce5c3c: urand_change_num 45 xfer_secondary_pool(4): pool_sig ffffff72, data_sig 00000000, bytes_mixed 0 e7f555d9 e8ce5c3c
[    5.601346] random 0029 0000 0000 e7f555d9 e8ce5c3c: trying to extract 32 bits from nonblocking
[    5.601348] random 0029 0000 0000 e7f555d9 e8ce5c3c: debiting 32 entropy credits from nonblocking (unlimited)
[    5.601351] random 0029 0000 0000 e7f555d9 e8ce5c3c: extract_entropy account returned: 4 
[    5.601355] random 0029 0000 0000 e7f555d9 e8ce5c3c: urand_change_num 46 extract_buf: pool_sig ffffff72, data_sig ffffff72, bytes_mixed 20 e7f555d9 e8ce5c3c
[    5.612990] random 0029 0000 0000 91716c54 eeb6a1e7: add_disk_randomness(8:0) 91716c54 eeb6a1e7
[    5.612994] random 0029 0000 0000 91716c54 eeb6a1e7: add_timer_randomness(.. 8388864) with jiffies: 7260724754569200052, cycles: 7260724750274527242
[    5.612996] random 0029 0000 0000 91716c54 eeb6a1e7: added 3 entropy credits to input
[    5.631264] random 0032 0000 0000 91716c54 eeb6a1e7: add_disk_randomness(8:0) 91716c54 eeb6a1e7
[    5.631267] random 0032 0000 0000 91716c54 eeb6a1e7: add_timer_randomness(.. 8388864) with jiffies: 7425127744653722054, cycles: 7425127740359049226
[    5.631269] random 0032 0000 0000 91716c54 eeb6a1e7: added 2 entropy credits to input
[    5.635914] EXT4-fs (sda2): mounted filesystem with ordered data mode
[    5.636087] VFS: Mounted root (ext4 filesystem) readonly on device 8:2.
[    5.636179] Freeing unused kernel memory: 448k freed
[    5.656410] random 0034 0000 0000 91716c54 eeb6a1e7: add_disk_randomness(8:0) 91716c54 eeb6a1e7
[    5.656413] random 0034 0000 0000 91716c54 eeb6a1e7: add_timer_randomness(.. 8388864) with jiffies: 7651368501339980255, cycles: 7651368497045307402
[    5.657144] random 0034 0000 0000 91716c54 eeb6a1e7: add_disk_randomness(8:0) 91716c54 eeb6a1e7
[    5.657147] random 0034 0000 0000 91716c54 eeb6a1e7: add_timer_randomness(.. 8388864) with jiffies: 7657968740792500704, cycles: 7657968736497827850
[    5.661867] random 0034 0000 0000 91716c54 eeb6a1e7: add_disk_randomness(8:0) 91716c54 eeb6a1e7
[    5.661870] random 0034 0000 0000 91716c54 eeb6a1e7: add_timer_randomness(.. 8388864) with jiffies: 7700451795620561381, cycles: 7700451791325888522
[    5.661872] random 0034 0000 0000 91716c54 eeb6a1e7: added 2 entropy credits to input
[    5.670070] random 0036 0000 0000 91716c54 eeb6a1e7: add_disk_randomness(8:0) 91716c54 eeb6a1e7
[    5.670073] random 0036 0000 0000 91716c54 eeb6a1e7: add_timer_randomness(.. 8388864) with jiffies: 7774256762743128557, cycles: 7774256758448455690
[    5.673491] random 0036 0000 0000 91716c54 eeb6a1e7: add_disk_randomness(8:0) 91716c54 eeb6a1e7
[    5.673494] random 0036 0000 0000 91716c54 eeb6a1e7: add_timer_randomness(.. 8388864) with jiffies: 7805044548609737200, cycles: 7805044544315064330
[    5.673497] random 0036 0000 0000 91716c54 eeb6a1e7: added 1 entropy credits to input
[    5.682386] random 0037 0000 0000 91716c54 eeb6a1e7: add_disk_randomness(8:0) 91716c54 eeb6a1e7
[    5.682389] random 0037 0000 0000 91716c54 eeb6a1e7: add_timer_randomness(.. 8388864) with jiffies: 7885065617604837881, cycles: 7885065613310165002
[    5.682392] random 0037 0000 0000 91716c54 eeb6a1e7: added 2 entropy credits to input
[    5.687345] random 0039 0000 0000 91716c54 eeb6a1e7: add_disk_randomness(8:0) 91716c54 eeb6a1e7
[    5.687348] random 0039 0000 0000 91716c54 eeb6a1e7: add_timer_randomness(.. 8388864) with jiffies: 7929684070042927614, cycles: 7929684065748254730
[    5.687351] random 0039 0000 0000 91716c54 eeb6a1e7: added 2 entropy credits to input
[    5.695419] random 0041 0000 0000 91716c54 eeb6a1e7: add_disk_randomness(8:0) 91716c54 eeb6a1e7
[    5.695422] random 0041 0000 0000 91716c54 eeb6a1e7: add_timer_randomness(.. 8388864) with jiffies: 8002326569907094022, cycles: 8002326565612421130
[    5.695425] random 0041 0000 0000 91716c54 eeb6a1e7: added 1 entropy credits to input
[    5.695448] RANDOM get_random_int call with cycles 44812914583, jiffies 4294672902 and pid 1
[    5.695451] RANDOM get_random_int call with cycles 44812921566, jiffies 4294672902 and pid 1
[    5.695453] ASLR stack rand value: 3194880 after shift for pid: 1
[    5.695455] RANDOM get_random_int call with cycles 44812929409, jiffies 4294672902 and pid 1
[    5.707070] random 0042 0000 0000 91716c54 eeb6a1e7: add_disk_randomness(8:0) 91716c54 eeb6a1e7
[    5.707074] random 0042 0000 0000 91716c54 eeb6a1e7: add_timer_randomness(.. 8388864) with jiffies: 8107144130074477074, cycles: 8107144125779804170
[    5.707084] RANDOM get_random_int call with cycles 44837288044, jiffies 4294672914 and pid 1
[    5.707087] random 0042 0000 0000 91716c54 eeb6a1e7: rand_read_num 11 get_random_bytes(16): sig fffffcad 91716c54 eeb6a1e7
[    5.707089] random 0042 0000 0000 91716c54 eeb6a1e7: extract_entropy(.. 16 ..)
[    5.707092] random 0042 0000 0000 91716c54 eeb6a1e7: going to reseed nonblocking with 128 bits (128 of 0 requested)
[    5.707094] random 0042 0000 0000 91716c54 eeb6a1e7: extract_entropy(.. 16 ..)
[    5.707096] random 0042 0000 0000 91716c54 eeb6a1e7: trying to extract 128 bits from input
[    5.707099] random 0042 0000 0000 91716c54 eeb6a1e7: debiting 0 entropy credits from input
[    5.707101] random 0042 0000 0000 91716c54 eeb6a1e7: extract_entropy account returned: 0 
[    5.707104] random 0042 0000 0000 91716c54 eeb6a1e7: urand_change_num 47 xfer_secondary_pool(16): pool_sig fffffcad, data_sig 00000000, bytes_mixed 0 91716c54 eeb6a1e7
[    5.707107] random 0042 0000 0000 91716c54 eeb6a1e7: trying to extract 128 bits from nonblocking
[    5.707109] random 0042 0000 0000 91716c54 eeb6a1e7: debiting 128 entropy credits from nonblocking (unlimited)
[    5.707111] random 0042 0000 0000 91716c54 eeb6a1e7: extract_entropy account returned: 16 
[    5.707116] random 0042 0000 0000 91716c54 eeb6a1e7: urand_change_num 48 extract_buf: pool_sig fffffcad, data_sig ffffff19, bytes_mixed 20 91716c54 eeb6a1e7
[    5.707121] random 0042 0000 0000 fd637b06 6cf47bc1: urand_change_num 49 extract_buf: pool_sig fffffede, data_sig ffffffc1, bytes_mixed 20 fd637b06 6cf47bc1
[    5.708079] random 0042 0000 0000 fd637b06 6cf47bc1: add_disk_randomness(8:0) fd637b06 6cf47bc1
[    5.708082] random 0042 0000 0000 fd637b06 6cf47bc1: add_timer_randomness(.. 8388864) with jiffies: 8116216415263621651, cycles: 8116216410968948746
[    5.709279] random 0042 0000 0000 fd637b06 6cf47bc1: add_disk_randomness(8:0) fd637b06 6cf47bc1
[    5.709282] random 0042 0000 0000 fd637b06 6cf47bc1: add_timer_randomness(.. 8388864) with jiffies: 8127018674624889364, cycles: 8127018670330216458
[    5.710433] random 0042 0000 0000 fd637b06 6cf47bc1: add_disk_randomness(8:0) fd637b06 6cf47bc1
[    5.710436] random 0042 0000 0000 fd637b06 6cf47bc1: add_timer_randomness(.. 8388864) with jiffies: 8137399859687424533, cycles: 8137399855392751626
[    5.711302] random 0042 0000 0000 fd637b06 6cf47bc1: add_disk_randomness(8:0) fd637b06 6cf47bc1
[    5.711305] random 0042 0000 0000 fd637b06 6cf47bc1: add_timer_randomness(.. 8388864) with jiffies: 8145218714505806358, cycles: 8145218710211133450
[    5.711493] random 0042 0000 0000 fd637b06 6cf47bc1: add_disk_randomness(8:0) fd637b06 6cf47bc1
[    5.711496] random 0042 0000 0000 fd637b06 6cf47bc1: add_timer_randomness(.. 8388864) with jiffies: 8146939574757327382, cycles: 8146939570462654474
[    5.711709] random 0042 0000 0000 fd637b06 6cf47bc1: add_disk_randomness(8:0) fd637b06 6cf47bc1
[    5.711712] random 0042 0000 0000 fd637b06 6cf47bc1: add_timer_randomness(.. 8388864) with jiffies: 8148873027300065815, cycles: 8148873023005392906
[    5.722132] random 0042 0000 0000 fd637b06 6cf47bc1: add_disk_randomness(8:0) fd637b06 6cf47bc1
[    5.722135] random 0042 0000 0000 fd637b06 6cf47bc1: add_timer_randomness(.. 8388864) with jiffies: 8242651391940330017, cycles: 8242651387645657098
[    5.722138] random 0042 0000 0000 fd637b06 6cf47bc1: added 3 entropy credits to input
[    5.722516] random 0045 0000 0000 fd637b06 6cf47bc1: add_disk_randomness(8:0) fd637b06 6cf47bc1
[    5.722519] random 0045 0000 0000 fd637b06 6cf47bc1: add_timer_randomness(.. 8388864) with jiffies: 8246108810548838945, cycles: 8246108806254166026
[    5.732316] random 0045 0000 0000 fd637b06 6cf47bc1: add_disk_randomness(8:0) fd637b06 6cf47bc1
[    5.732319] random 0045 0000 0000 fd637b06 6cf47bc1: add_timer_randomness(.. 8388864) with jiffies: 8334279433959211563, cycles: 8334279429664538634
[    5.732322] random 0045 0000 0000 fd637b06 6cf47bc1: added 3 entropy credits to input
[    5.732374] RANDOM get_random_int call with cycles 44890264923, jiffies 4294672939 and pid 1
[    5.736920] random 0048 0000 0000 fd637b06 6cf47bc1: add_disk_randomness(8:0) fd637b06 6cf47bc1
[    5.736924] random 0048 0000 0000 fd637b06 6cf47bc1: add_timer_randomness(.. 8388864) with jiffies: 8375695399867613744, cycles: 8375695395572940810
[    5.736926] random 0048 0000 0000 fd637b06 6cf47bc1: added 2 entropy credits to input
[    5.749747] random 0050 0000 0000 fd637b06 6cf47bc1: add_disk_randomness(8:0) fd637b06 6cf47bc1
[    5.749750] random 0050 0000 0000 fd637b06 6cf47bc1: add_timer_randomness(.. 8388864) with jiffies: 8491094737250124349, cycles: 8491094732955451402
[    5.749753] random 0050 0000 0000 fd637b06 6cf47bc1: added 3 entropy credits to input
[    5.749885] random 0053 0000 0000 fd637b06 6cf47bc1: add_disk_randomness(8:0) fd637b06 6cf47bc1
[    5.749888] random 0053 0000 0000 fd637b06 6cf47bc1: add_timer_randomness(.. 8388864) with jiffies: 8492331030701376061, cycles: 8492331026406703114
[    5.752046] random 0053 0000 0000 fd637b06 6cf47bc1: add_disk_randomness(8:0) fd637b06 6cf47bc1
[    5.752049] random 0053 0000 0000 fd637b06 6cf47bc1: add_timer_randomness(.. 8388864) with jiffies: 8511782967649731135, cycles: 8511782963355058186
[    5.752052] random 0053 0000 0000 fd637b06 6cf47bc1: added 1 entropy credits to input
[    5.752295] random 0054 0000 0000 fd637b06 6cf47bc1: add_disk_randomness(8:0) fd637b06 6cf47bc1
[    5.752298] random 0054 0000 0000 fd637b06 6cf47bc1: add_timer_randomness(.. 8388864) with jiffies: 8514027633522737727, cycles: 8514027629228064778
[    5.752476] random 0054 0000 0000 fd637b06 6cf47bc1: add_disk_randomness(8:0) fd637b06 6cf47bc1
[    5.752479] random 0054 0000 0000 fd637b06 6cf47bc1: add_timer_randomness(.. 8388864) with jiffies: 8515652754658263615, cycles: 8515652750363590666
[    5.755604] random 0054 0000 0000 fd637b06 6cf47bc1: add_disk_randomness(8:0) fd637b06 6cf47bc1
[    5.755607] random 0054 0000 0000 fd637b06 6cf47bc1: add_timer_randomness(.. 8388864) with jiffies: 8543779537702060611, cycles: 8543779533407387658
[    5.755609] random 0054 0000 0000 fd637b06 6cf47bc1: added 2 entropy credits to input
[    5.757614] random 0056 0000 0000 fd637b06 6cf47bc1: add_disk_randomness(8:0) fd637b06 6cf47bc1
[    5.757617] random 0056 0000 0000 fd637b06 6cf47bc1: add_timer_randomness(.. 8388864) with jiffies: 8561869493276213829, cycles: 8561869488981540874
[    5.757620] random 0056 0000 0000 fd637b06 6cf47bc1: added 1 entropy credits to input
[    5.765445] random 0057 0000 0000 fd637b06 6cf47bc1: add_disk_randomness(8:0) fd637b06 6cf47bc1
[    5.765448] random 0057 0000 0000 fd637b06 6cf47bc1: add_timer_randomness(.. 8388864) with jiffies: 8632332494806155852, cycles: 8632332490511482890
[    5.765451] random 0057 0000 0000 fd637b06 6cf47bc1: added 2 entropy credits to input
[    5.765583] random 0059 0000 0000 fd637b06 6cf47bc1: add_disk_randomness(8:0) fd637b06 6cf47bc1
[    5.765586] random 0059 0000 0000 fd637b06 6cf47bc1: add_timer_randomness(.. 8388864) with jiffies: 8633575192053645900, cycles: 8633575187758972938
[    5.769144] random 0059 0000 0000 fd637b06 6cf47bc1: add_disk_randomness(8:0) fd637b06 6cf47bc1
[    5.769147] random 0059 0000 0000 fd637b06 6cf47bc1: add_timer_randomness(.. 8388864) with jiffies: 8665604455397032528, cycles: 8665604451102359562
[    5.769149] random 0059 0000 0000 fd637b06 6cf47bc1: added 2 entropy credits to input
[    5.773642] random 0061 0000 0000 fd637b06 6cf47bc1: add_disk_randomness(8:0) fd637b06 6cf47bc1
[    5.773645] random 0061 0000 0000 fd637b06 6cf47bc1: add_timer_randomness(.. 8388864) with jiffies: 8706069996582437461, cycles: 8706069992287764490
[    5.779218] random 0061 0000 0000 fd637b06 6cf47bc1: add_disk_randomness(8:0) fd637b06 6cf47bc1
[    5.779221] random 0061 0000 0000 fd637b06 6cf47bc1: add_timer_randomness(.. 8388864) with jiffies: 8756242434439742042, cycles: 8756242430145069066
[    5.785500] random 0061 0000 0000 fd637b06 6cf47bc1: add_disk_randomness(8:0) fd637b06 6cf47bc1
[    5.785503] random 0061 0000 0000 fd637b06 6cf47bc1: add_timer_randomness(.. 8388864) with jiffies: 8812762249844982368, cycles: 8812762245550309386
[    5.785514] random 0061 0000 0000 fd637b06 6cf47bc1: rand_read_num 12 get_random_bytes(16): sig 0000033b fd637b06 6cf47bc1
[    5.785516] random 0061 0000 0000 fd637b06 6cf47bc1: extract_entropy(.. 16 ..)
[    5.785519] random 0061 0000 0000 fd637b06 6cf47bc1: going to reseed nonblocking with 128 bits (128 of 0 requested)
[    5.785521] random 0061 0000 0000 fd637b06 6cf47bc1: extract_entropy(.. 16 ..)
[    5.785523] random 0061 0000 0000 fd637b06 6cf47bc1: trying to extract 128 bits from input
[    5.785525] random 0061 0000 0000 fd637b06 6cf47bc1: debiting 0 entropy credits from input
[    5.785527] random 0061 0000 0000 fd637b06 6cf47bc1: extract_entropy account returned: 0 
[    5.785530] random 0061 0000 0000 fd637b06 6cf47bc1: urand_change_num 50 xfer_secondary_pool(16): pool_sig 0000033b, data_sig 00000000, bytes_mixed 0 fd637b06 6cf47bc1
[    5.785533] random 0061 0000 0000 fd637b06 6cf47bc1: trying to extract 128 bits from nonblocking
[    5.785536] random 0061 0000 0000 fd637b06 6cf47bc1: debiting 128 entropy credits from nonblocking (unlimited)
[    5.785538] random 0061 0000 0000 fd637b06 6cf47bc1: extract_entropy account returned: 16 
[    5.785542] random 0061 0000 0000 fd637b06 6cf47bc1: urand_change_num 51 extract_buf: pool_sig 0000033b, data_sig 000000d8, bytes_mixed 20 fd637b06 6cf47bc1
[    5.785548] random 0061 0000 0000 0ec1f012 d4727ca8: urand_change_num 52 extract_buf: pool_sig fffffcf5, data_sig 00000016, bytes_mixed 20 0ec1f012 d4727ca8
[    5.792240] random 0061 0000 0000 45b1d0b1 845a73f7: add_disk_randomness(8:0) 45b1d0b1 845a73f7
[    5.792243] random 0061 0000 0000 45b1d0b1 845a73f7: add_timer_randomness(.. 8388864) with jiffies: 8873397812150895207, cycles: 8873397807856222218
[    5.799462] random 0061 0000 0000 45b1d0b1 845a73f7: add_disk_randomness(8:0) 45b1d0b1 845a73f7
[    5.799465] random 0061 0000 0000 45b1d0b1 845a73f7: add_timer_randomness(.. 8388864) with jiffies: 8938378124718735982, cycles: 8938378120424062986
[    5.807485] random 0061 0000 0000 45b1d0b1 845a73f7: add_disk_randomness(8:0) 45b1d0b1 845a73f7
[    5.807488] random 0061 0000 0000 45b1d0b1 845a73f7: add_timer_randomness(.. 8388864) with jiffies: 9010561758866932342, cycles: 9010561754572259338
[    5.816889] random 0061 0000 0000 45b1d0b1 845a73f7: add_disk_randomness(8:0) 45b1d0b1 845a73f7
[    5.816892] random 0061 0000 0000 45b1d0b1 845a73f7: add_timer_randomness(.. 8388864) with jiffies: 9095156856363123328, cycles: 9095156852068450314
[    5.820035] random 0061 0000 0000 45b1d0b1 845a73f7: add_disk_randomness(8:0) 45b1d0b1 845a73f7
[    5.820038] random 0061 0000 0000 45b1d0b1 845a73f7: add_timer_randomness(.. 8388864) with jiffies: 9123466278596215427, cycles: 9123466274301542410
[    5.820041] random 0061 0000 0000 45b1d0b1 845a73f7: added 1 entropy credits to input
[    5.834304] random 0062 0000 0000 45b1d0b1 845a73f7: add_disk_randomness(8:0) 45b1d0b1 845a73f7
[    5.834307] random 0062 0000 0000 45b1d0b1 845a73f7: add_timer_randomness(.. 8388864) with jiffies: 9251843860390970001, cycles: -9194900217613254646
[    5.834310] random 0062 0000 0000 45b1d0b1 845a73f7: added 3 entropy credits to input
[    5.839699] random 0065 0000 0000 45b1d0b1 845a73f7: add_disk_randomness(8:0) 45b1d0b1 845a73f7
[    5.839702] random 0065 0000 0000 45b1d0b1 845a73f7: add_timer_randomness(.. 8388864) with jiffies: 9300370475370381975, cycles: -9146373602633842678
[    5.839705] random 0065 0000 0000 45b1d0b1 845a73f7: added 2 entropy credits to input
[    5.844870] random 0067 0000 0000 45b1d0b1 845a73f7: add_disk_randomness(8:0) 45b1d0b1 845a73f7
[    5.844873] random 0067 0000 0000 45b1d0b1 845a73f7: add_timer_randomness(.. 8388864) with jiffies: 9346894548963132060, cycles: -9099849529041092598
[    5.853100] random 0067 0000 0000 45b1d0b1 845a73f7: add_disk_randomness(8:0) 45b1d0b1 845a73f7
[    5.853104] random 0067 0000 0000 45b1d0b1 845a73f7: add_timer_randomness(.. 8388864) with jiffies: 9420948138857562788, cycles: -9025795939146661878
[    5.853107] random 0067 0000 0000 45b1d0b1 845a73f7: added 1 entropy credits to input
[    5.862701] random 0068 0000 0000 45b1d0b1 845a73f7: add_disk_randomness(8:0) 45b1d0b1 845a73f7
[    5.862704] random 0068 0000 0000 45b1d0b1 845a73f7: add_timer_randomness(.. 8388864) with jiffies: 9507317719271965358, cycles: -8939426358732259318
[    5.882202] random 0068 0000 0000 45b1d0b1 845a73f7: add_disk_randomness(8:0) 45b1d0b1 845a73f7
[    5.882205] random 0068 0000 0000 45b1d0b1 845a73f7: add_timer_randomness(.. 8388864) with jiffies: 9682772759720723137, cycles: -8763971318283501558
[    5.882208] random 0068 0000 0000 45b1d0b1 845a73f7: added 2 entropy credits to input
[    5.895488] random 0070 0000 0000 45b1d0b1 845a73f7: add_disk_randomness(8:0) 45b1d0b1 845a73f7
[    5.895491] random 0070 0000 0000 45b1d0b1 845a73f7: add_timer_randomness(.. 8388864) with jiffies: 9802304534246818510, cycles: -8644439543757406198
[    5.895494] random 0070 0000 0000 45b1d0b1 845a73f7: added 2 entropy credits to input
[    5.903512] random 0072 0000 0000 45b1d0b1 845a73f7: add_disk_randomness(8:0) 45b1d0b1 845a73f7
[    5.903515] random 0072 0000 0000 45b1d0b1 845a73f7: add_timer_randomness(.. 8388864) with jiffies: 9874497144876663510, cycles: -8572246933127561206
[    5.913524] random 0072 0000 0000 45b1d0b1 845a73f7: add_disk_randomness(8:0) 45b1d0b1 845a73f7
[    5.913527] random 0072 0000 0000 45b1d0b1 845a73f7: add_timer_randomness(.. 8388864) with jiffies: 9964574068046529248, cycles: -8482170009957695478
[    5.913530] random 0072 0000 0000 45b1d0b1 845a73f7: added 1 entropy credits to input
[    5.926414] random 0073 0000 0000 45b1d0b1 845a73f7: add_disk_randomness(8:0) 45b1d0b1 845a73f7
[    5.926417] random 0073 0000 0000 45b1d0b1 845a73f7: add_timer_randomness(.. 8388864) with jiffies: 10080536222238474989, cycles: -8366207855765749750
[    5.933771] random 0073 0000 0000 45b1d0b1 845a73f7: add_disk_randomness(8:0) 45b1d0b1 845a73f7
[    5.933774] random 0073 0000 0000 45b1d0b1 845a73f7: add_timer_randomness(.. 8388864) with jiffies: 10146715801344508661, cycles: -8300028276659716086
[    5.933776] random 0073 0000 0000 45b1d0b1 845a73f7: added 2 entropy credits to input
[    5.939017] random 0075 0000 0000 45b1d0b1 845a73f7: add_disk_randomness(8:0) 45b1d0b1 845a73f7
[    5.939020] random 0075 0000 0000 45b1d0b1 845a73f7: add_timer_randomness(.. 8388864) with jiffies: 10193916336581346042, cycles: -8252827741422878710
[    5.939022] random 0075 0000 0000 45b1d0b1 845a73f7: added 1 entropy credits to input
[    5.945456] random 0076 0000 0000 45b1d0b1 845a73f7: add_disk_randomness(8:0) 45b1d0b1 845a73f7
[    5.945459] random 0076 0000 0000 45b1d0b1 845a73f7: add_timer_randomness(.. 8388864) with jiffies: 10251857927895483136, cycles: -8194886150108741622
[    5.950510] random 0076 0000 0000 45b1d0b1 845a73f7: add_disk_randomness(8:0) 45b1d0b1 845a73f7
[    5.950513] random 0076 0000 0000 45b1d0b1 845a73f7: add_timer_randomness(.. 8388864) with jiffies: 10297331104595280645, cycles: -8149412973408944118
[    5.956410] random 0076 0000 0000 45b1d0b1 845a73f7: add_disk_randomness(8:0) 45b1d0b1 845a73f7
[    5.956412] random 0076 0000 0000 45b1d0b1 845a73f7: add_timer_randomness(.. 8388864) with jiffies: 10350402791406273291, cycles: -8096341286597951478
[    5.965764] random 0076 0000 0000 45b1d0b1 845a73f7: add_disk_randomness(8:0) 45b1d0b1 845a73f7
[    5.965767] random 0076 0000 0000 45b1d0b1 845a73f7: add_timer_randomness(.. 8388864) with jiffies: 10434551878023611157, cycles: -8012192199980613622
[    5.965770] random 0076 0000 0000 45b1d0b1 845a73f7: added 1 entropy credits to input
[    5.970651] random 0077 0000 0000 45b1d0b1 845a73f7: add_disk_randomness(8:0) 45b1d0b1 845a73f7
[    5.970654] random 0077 0000 0000 45b1d0b1 845a73f7: add_timer_randomness(.. 8388864) with jiffies: 10478514703703966490, cycles: -7968229374300258294
[    5.970656] random 0077 0000 0000 45b1d0b1 845a73f7: added 2 entropy credits to input
[    5.978075] random 0079 0000 0000 45b1d0b1 845a73f7: add_disk_randomness(8:0) 45b1d0b1 845a73f7
[    5.978078] random 0079 0000 0000 45b1d0b1 845a73f7: add_timer_randomness(.. 8388864) with jiffies: 10545313290676568865, cycles: -7901430787327655926
[    5.978080] random 0079 0000 0000 45b1d0b1 845a73f7: added 1 entropy credits to input
[    5.984291] random 0080 0000 0000 45b1d0b1 845a73f7: add_disk_randomness(8:0) 45b1d0b1 845a73f7
[    5.984293] random 0080 0000 0000 45b1d0b1 845a73f7: add_timer_randomness(.. 8388864) with jiffies: 10601240168666727207, cycles: -7845503909337497590
[    5.984443] random 0080 0000 0000 45b1d0b1 845a73f7: add_disk_randomness(8:0) 45b1d0b1 845a73f7
[    5.984446] random 0080 0000 0000 45b1d0b1 845a73f7: add_timer_randomness(.. 8388864) with jiffies: 10602617749362148135, cycles: -7844126328642076662
[    5.998857] random 0080 0000 0000 45b1d0b1 845a73f7: add_disk_randomness(8:0) 45b1d0b1 845a73f7
[    5.998860] random 0080 0000 0000 45b1d0b1 845a73f7: add_timer_randomness(.. 8388864) with jiffies: 10732287003916469046, cycles: -7714457074087755766
[    5.998863] random 0080 0000 0000 45b1d0b1 845a73f7: added 3 entropy credits to input
[    6.006277] random 0083 0000 0000 45b1d0b1 845a73f7: add_disk_randomness(8:0) 45b1d0b1 845a73f7
[    6.006280] random 0083 0000 0000 45b1d0b1 845a73f7: add_timer_randomness(.. 8388864) with jiffies: 10799046399312495421, cycles: -7647697678691729398
[    6.006283] random 0083 0000 0000 45b1d0b1 845a73f7: added 2 entropy credits to input
[    6.015959] random 0085 0000 0000 45b1d0b1 845a73f7: add_disk_randomness(8:0) 45b1d0b1 845a73f7
[    6.015962] random 0085 0000 0000 45b1d0b1 845a73f7: add_timer_randomness(.. 8388864) with jiffies: 10886152549438292807, cycles: -7560591528565932022
[    6.015965] random 0085 0000 0000 45b1d0b1 845a73f7: added 1 entropy credits to input
[    6.026589] random 0086 0000 0000 45b1d0b1 845a73f7: add_disk_randomness(8:0) 45b1d0b1 845a73f7
[    6.026592] random 0086 0000 0000 45b1d0b1 845a73f7: add_timer_randomness(.. 8388864) with jiffies: 10981782736472867666, cycles: -7464961341531357174
[    6.039107] random 0086 0000 0000 45b1d0b1 845a73f7: add_disk_randomness(8:0) 45b1d0b1 845a73f7
[    6.039110] random 0086 0000 0000 45b1d0b1 845a73f7: add_timer_randomness(.. 8388864) with jiffies: 11094413336072913758, cycles: -7352330741931311094
[    6.040318] random 0086 0000 0000 45b1d0b1 845a73f7: add_disk_randomness(8:0) 45b1d0b1 845a73f7
[    6.040321] random 0086 0000 0000 45b1d0b1 845a73f7: add_timer_randomness(.. 8388864) with jiffies: 11105308538526466911, cycles: -7341435539477757942
[    6.044330] random 0086 0000 0000 45b1d0b1 845a73f7: add_disk_randomness(8:0) 45b1d0b1 845a73f7
[    6.044333] random 0086 0000 0000 45b1d0b1 845a73f7: add_timer_randomness(.. 8388864) with jiffies: 11141404302675510115, cycles: -7305339775328714742
[    6.044336] random 0086 0000 0000 45b1d0b1 845a73f7: added 1 entropy credits to input
[    6.053676] random 0087 0000 0000 45b1d0b1 845a73f7: add_disk_randomness(8:0) 45b1d0b1 845a73f7
[    6.053679] random 0087 0000 0000 45b1d0b1 845a73f7: add_timer_randomness(.. 8388864) with jiffies: 11225474649657410413, cycles: -7221269428346814454
[    6.053681] random 0087 0000 0000 45b1d0b1 845a73f7: added 1 entropy credits to input
[    6.054019] random 0088 0000 0000 45b1d0b1 845a73f7: add_disk_randomness(8:0) 45b1d0b1 845a73f7
[    6.054022] random 0088 0000 0000 45b1d0b1 845a73f7: add_timer_randomness(.. 8388864) with jiffies: 11228567275218633581, cycles: -7218176802785591286
[    6.069681] random 0088 0000 0000 45b1d0b1 845a73f7: add_disk_randomness(8:0) 45b1d0b1 845a73f7
[    6.069684] random 0088 0000 0000 45b1d0b1 845a73f7: add_timer_randomness(.. 8388864) with jiffies: 11369474062594835325, cycles: -7077270015409389558
[    6.069687] random 0088 0000 0000 45b1d0b1 845a73f7: added 4 entropy credits to input
[    6.071316] random 0092 0000 0000 45b1d0b1 845a73f7: add_disk_randomness(8:0) 45b1d0b1 845a73f7
[    6.071319] random 0092 0000 0000 45b1d0b1 845a73f7: add_timer_randomness(.. 8388864) with jiffies: 11384194496066192254, cycles: -7062549581938032630
[    6.071470] random 0092 0000 0000 45b1d0b1 845a73f7: add_disk_randomness(8:0) 45b1d0b1 845a73f7
[    6.071474] random 0092 0000 0000 45b1d0b1 845a73f7: add_timer_randomness(.. 8388864) with jiffies: 11385583535734358910, cycles: -7061160542269865974
[    6.082336] random 0092 0000 0000 45b1d0b1 845a73f7: add_disk_randomness(8:0) 45b1d0b1 845a73f7
[    6.082339] random 0092 0000 0000 45b1d0b1 845a73f7: add_timer_randomness(.. 8388864) with jiffies: 11483337485312557961, cycles: -6963406592691666934
[    6.082342] random 0092 0000 0000 45b1d0b1 845a73f7: added 3 entropy credits to input
[    6.082901] random 0095 0000 0000 45b1d0b1 845a73f7: add_disk_randomness(8:0) 45b1d0b1 845a73f7
[    6.082904] random 0095 0000 0000 45b1d0b1 845a73f7: add_timer_randomness(.. 8388864) with jiffies: 11488409064300053386, cycles: -6958335013704171510
[    6.088132] random 0095 0000 0000 45b1d0b1 845a73f7: add_disk_randomness(8:0) 45b1d0b1 845a73f7
[    6.088135] random 0095 0000 0000 45b1d0b1 845a73f7: add_timer_randomness(.. 8388864) with jiffies: 11535476653119210383, cycles: -6911267424885014518
[    6.088137] random 0095 0000 0000 45b1d0b1 845a73f7: added 2 entropy credits to input
[    6.089889] random 0097 0000 0000 45b1d0b1 845a73f7: add_disk_randomness(8:0) 45b1d0b1 845a73f7
[    6.089892] random 0097 0000 0000 45b1d0b1 845a73f7: add_timer_randomness(.. 8388864) with jiffies: 11551282845733061521, cycles: -6895461232271163382
[    6.089895] random 0097 0000 0000 45b1d0b1 845a73f7: added 1 entropy credits to input
[    6.100114] random 0098 0000 0000 45b1d0b1 845a73f7: add_disk_randomness(8:0) 45b1d0b1 845a73f7
[    6.100117] random 0098 0000 0000 45b1d0b1 845a73f7: add_timer_randomness(.. 8388864) with jiffies: 11643276986469286811, cycles: -6803467091534938102
[    6.100120] random 0098 0000 0000 45b1d0b1 845a73f7: added 3 entropy credits to input
[    6.114049] random 0101 0000 0000 45b1d0b1 845a73f7: add_disk_randomness(8:0) 45b1d0b1 845a73f7
[    6.114052] random 0101 0000 0000 45b1d0b1 845a73f7: add_timer_randomness(.. 8388864) with jiffies: 11768651363921920937, cycles: -6678092714082303990
[    6.114055] random 0101 0000 0000 45b1d0b1 845a73f7: added 2 entropy credits to input
[    6.126575] random 0103 0000 0000 45b1d0b1 845a73f7: add_disk_randomness(8:0) 45b1d0b1 845a73f7
[    6.126578] random 0103 0000 0000 45b1d0b1 845a73f7: add_timer_randomness(.. 8388864) with jiffies: 11881331029228356534, cycles: -6565413048775868406
[    6.132386] random 0103 0000 0000 45b1d0b1 845a73f7: add_disk_randomness(8:0) 45b1d0b1 845a73f7
