[    0.000000] random 0000 0000 0000 00000000 00000000: rand_read_num 1 get_random_bytes(8): sig 00000000 00000000 00000000
[    0.000000] random 0000 0000 0000 00000000 00000000: extract_entropy(.. 8 ..)
[    0.000000] random 0000 0000 0000 00000000 00000000: going to reseed nonblocking with 64 bits (64 of 0 requested)
[    0.000000] random 0000 0000 0000 00000000 00000000: extract_entropy(.. 8 ..)
[    0.000000] random 0000 0000 0000 00000000 00000000: trying to extract 64 bits from input
[    0.000000] random 0000 0000 0000 00000000 00000000: debiting 0 entropy credits from input
[    0.000000] random 0000 0000 0000 00000000 00000000: extract_entropy account returned: 0 
[    0.000000] random 0000 0000 0000 00000000 00000000: urand_change_num 1 xfer_secondary_pool(8): pool_sig 00000000, data_sig 00000000, bytes_mixed 0 00000000 00000000
[    0.000000] random 0000 0000 0000 00000000 00000000: trying to extract 64 bits from nonblocking
[    0.000000] random 0000 0000 0000 00000000 00000000: debiting 64 entropy credits from nonblocking (unlimited)
[    0.000000] random 0000 0000 0000 00000000 00000000: extract_entropy account returned: 8 
[    0.000000] random 0000 0000 0000 00000000 00000000: urand_change_num 2 extract_buf: pool_sig 00000000, data_sig fffffff9, bytes_mixed 20 00000000 00000000
[    0.000000] Linux version 2.6.32.57 (dcashman@dcashman-02) (gcc version 4.3.3 (GCC) ) #6 Thu May 30 09:02:12 PDT 2013
[    0.000000] KERNEL supported cpus:
[    0.000000]   Intel GenuineIntel
[    0.000000]   AMD AuthenticAMD
[    0.000000]   NSC Geode by NSC
[    0.000000]   Cyrix CyrixInstead
[    0.000000]   Centaur CentaurHauls
[    0.000000]   Transmeta GenuineTMx86
[    0.000000]   Transmeta TransmetaCPU
[    0.000000]   UMC UMC UMC UMC
[    0.000000] BIOS-provided physical RAM map:
[    0.000000]  BIOS-e820: 0000000000000000 - 000000000009d800 (usable)
[    0.000000]  BIOS-e820: 000000000009d800 - 00000000000a0000 (reserved)
[    0.000000]  BIOS-e820: 00000000000d2000 - 00000000000d4000 (reserved)
[    0.000000]  BIOS-e820: 00000000000e0000 - 0000000000100000 (reserved)
[    0.000000]  BIOS-e820: 0000000000100000 - 000000003d6b0000 (usable)
[    0.000000]  BIOS-e820: 000000003d6b0000 - 000000003d6cc000 (ACPI data)
[    0.000000]  BIOS-e820: 000000003d6cc000 - 000000003d700000 (ACPI NVS)
[    0.000000]  BIOS-e820: 000000003d700000 - 000000003e000000 (reserved)
[    0.000000]  BIOS-e820: 00000000f0000000 - 00000000f4000000 (reserved)
[    0.000000]  BIOS-e820: 00000000fec00000 - 00000000fec10000 (reserved)
[    0.000000]  BIOS-e820: 00000000fed00000 - 00000000fed00400 (reserved)
[    0.000000]  BIOS-e820: 00000000fed14000 - 00000000fed1a000 (reserved)
[    0.000000]  BIOS-e820: 00000000fed1c000 - 00000000fed90000 (reserved)
[    0.000000]  BIOS-e820: 00000000fee00000 - 00000000fee01000 (reserved)
[    0.000000]  BIOS-e820: 00000000ff000000 - 0000000100000000 (reserved)
[    0.000000] DMI present.
[    0.000000] last_pfn = 0x3d6b0 max_arch_pfn = 0x100000
[    0.000000] MTRR default type: uncachable
[    0.000000] MTRR fixed ranges enabled:
[    0.000000]   00000-9FFFF write-back
[    0.000000]   A0000-BFFFF uncachable
[    0.000000]   C0000-CFFFF write-protect
[    0.000000]   D0000-DFFFF uncachable
[    0.000000]   E0000-FFFFF write-protect
[    0.000000] MTRR variable ranges enabled:
[    0.000000]   0 base 03E000000 mask FFE000000 uncachable
[    0.000000]   1 base 000000000 mask FC0000000 write-back
[    0.000000]   2 base 03D700000 mask FFFF00000 uncachable
[    0.000000]   3 base 03D800000 mask FFF800000 uncachable
[    0.000000]   4 disabled
[    0.000000]   5 disabled
[    0.000000]   6 disabled
[    0.000000]   7 disabled
[    0.000000] initial memory mapped : 0 - 02000000
[    0.000000] init_memory_mapping: 0000000000000000-00000000377fe000
[    0.000000]  0000000000 - 0000400000 page 4k
[    0.000000]  0000400000 - 0037400000 page 2M
[    0.000000]  0037400000 - 00377fe000 page 4k
[    0.000000] kernel direct mapping tables up to 377fe000 @ 7000-c000
[    0.000000] ACPI: RSDP 000f68d0 00024 (v02 LENOVO)
[    0.000000] ACPI: XSDT 3d6bb77f 00094 (v01 LENOVO TP-7L    00002170  LTP 00000000)
[    0.000000] ACPI: FACP 3d6bb900 000F4 (v03 LENOVO TP-7L    00002170 LNVO 00000001)
[    0.000000] ACPI Warning: 32/64X length mismatch in Gpe1Block: 0/32 (20090903/tbfadt-526)
[    0.000000] ACPI Warning: Optional field Gpe1Block has zero address or length: 000000000000102C/0 (20090903/tbfadt-557)
[    0.000000] ACPI: DSDT 3d6bbd1d 0FED1 (v01 LENOVO TP-7L    00002170 MSFT 03000000)
[    0.000000] ACPI: FACS 3d6e4000 00040
[    0.000000] ACPI: SSDT 3d6bbab4 00269 (v01 LENOVO TP-7L    00002170 MSFT 03000000)
[    0.000000] ACPI: ECDT 3d6cbbee 00052 (v01 LENOVO TP-7L    00002170 LNVO 00000001)
[    0.000000] ACPI: TCPA 3d6cbc40 00032 (v02 LENOVO TP-7L    00002170 LNVO 00000001)
[    0.000000] ACPI: APIC 3d6cbc72 00068 (v01 LENOVO TP-7L    00002170 LNVO 00000001)
[    0.000000] ACPI: MCFG 3d6cbcda 0003C (v01 LENOVO TP-7L    00002170 LNVO 00000001)
[    0.000000] ACPI: HPET 3d6cbd16 00038 (v01 LENOVO TP-7L    00002170 LNVO 00000001)
[    0.000000] ACPI: SLIC 3d6cbdf0 00176 (v01 LENOVO TP-7L    00002170  LTP 00000000)
[    0.000000] ACPI: BOOT 3d6cbf66 00028 (v01 LENOVO TP-7L    00002170  LTP 00000001)
[    0.000000] ACPI: ASF! 3d6cbf8e 00072 (v16 LENOVO TP-7L    00002170 PTL  00000001)
[    0.000000] ACPI: SSDT 3d6e26d9 0025F (v01 LENOVO TP-7L    00002170 INTL 20050513)
[    0.000000] ACPI: SSDT 3d6e2938 000A6 (v01 LENOVO TP-7L    00002170 INTL 20050513)
[    0.000000] ACPI: SSDT 3d6e29de 004F7 (v01 LENOVO TP-7L    00002170 INTL 20050513)
[    0.000000] ACPI: SSDT 3d6e2ed5 001D8 (v01 LENOVO TP-7L    00002170 INTL 20050513)
[    0.000000] ACPI: DMI detected: Lenovo ThinkPad R61
[    0.000000] ACPI: Added _OSI(Linux)
[    0.000000] ACPI: Local APIC address 0xfee00000
[    0.000000] 94MB HIGHMEM available.
[    0.000000] 887MB LOWMEM available.
[    0.000000]   mapped low ram: 0 - 377fe000
[    0.000000]   low ram: 0 - 377fe000
[    0.000000]   node 0 low ram: 00000000 - 377fe000
[    0.000000]   node 0 bootmap 00008000 - 0000ef00
[    0.000000] (6 early reservations) ==> bootmem [0000000000 - 00377fe000]
[    0.000000]   #0 [0000000000 - 0000001000]   BIOS data page ==> [0000000000 - 0000001000]
[    0.000000]   #1 [0001000000 - 0001bdc180]    TEXT DATA BSS ==> [0001000000 - 0001bdc180]
[    0.000000]   #2 [000009d800 - 0000100000]    BIOS reserved ==> [000009d800 - 0000100000]
[    0.000000]   #3 [0001bdd000 - 0001be516c]              BRK ==> [0001bdd000 - 0001be516c]
[    0.000000]   #4 [0000007000 - 0000008000]          PGTABLE ==> [0000007000 - 0000008000]
[    0.000000]   #5 [0000008000 - 000000f000]          BOOTMAP ==> [0000008000 - 000000f000]
[    0.000000] found SMP MP-table at [c00f6900] f6900
[    0.000000] Zone PFN ranges:
[    0.000000]   DMA      0x00000000 -> 0x00001000
[    0.000000]   Normal   0x00001000 -> 0x000377fe
[    0.000000]   HighMem  0x000377fe -> 0x0003d6b0
[    0.000000] Movable zone start PFN for each node
[    0.000000] early_node_map[2] active PFN ranges
[    0.000000]     0: 0x00000000 -> 0x0000009d
[    0.000000]     0: 0x00000100 -> 0x0003d6b0
[    0.000000] On node 0 totalpages: 251469
[    0.000000] free_area_init_node: node 0, pgdat c1901ea0, node_mem_map c1be7000
[    0.000000]   DMA zone: 32 pages used for memmap
[    0.000000]   DMA zone: 0 pages reserved
[    0.000000]   DMA zone: 3965 pages, LIFO batch:0
[    0.000000]   Normal zone: 1744 pages used for memmap
[    0.000000]   Normal zone: 221486 pages, LIFO batch:31
[    0.000000]   HighMem zone: 190 pages used for memmap
[    0.000000]   HighMem zone: 24052 pages, LIFO batch:3
[    0.000000] Using APIC driver default
[    0.000000] ACPI: PM-Timer IO Port: 0x1008
[    0.000000] ACPI: Local APIC address 0xfee00000
[    0.000000] ACPI: LAPIC (acpi_id[0x00] lapic_id[0x00] enabled)
[    0.000000] ACPI: LAPIC (acpi_id[0x01] lapic_id[0x01] enabled)
[    0.000000] ACPI: NR_CPUS/possible_cpus limit of 1 reached.  Processor 1/0x1 ignored.
[    0.000000] ACPI: LAPIC_NMI (acpi_id[0x00] high edge lint[0x1])
[    0.000000] ACPI: LAPIC_NMI (acpi_id[0x01] high edge lint[0x1])
[    0.000000] ACPI: IOAPIC (id[0x01] address[0xfec00000] gsi_base[0])
[    0.000000] IOAPIC[0]: apic_id 1, version 32, address 0xfec00000, GSI 0-23
[    0.000000] ACPI: INT_SRC_OVR (bus 0 bus_irq 0 global_irq 2 dfl dfl)
[    0.000000] ACPI: INT_SRC_OVR (bus 0 bus_irq 9 global_irq 9 high level)
[    0.000000] ACPI: IRQ0 used by override.
[    0.000000] ACPI: IRQ2 used by override.
[    0.000000] ACPI: IRQ9 used by override.
[    0.000000] Using ACPI (MADT) for SMP configuration information
[    0.000000] ACPI: HPET id: 0x8086a201 base: 0xfed00000
[    0.000000] nr_irqs_gsi: 24
[    0.000000] PM: Registered nosave memory: 000000000009d000 - 000000000009e000
[    0.000000] PM: Registered nosave memory: 000000000009e000 - 00000000000a0000
[    0.000000] PM: Registered nosave memory: 00000000000a0000 - 00000000000d2000
[    0.000000] PM: Registered nosave memory: 00000000000d2000 - 00000000000d4000
[    0.000000] PM: Registered nosave memory: 00000000000d4000 - 00000000000e0000
[    0.000000] PM: Registered nosave memory: 00000000000e0000 - 0000000000100000
[    0.000000] Allocating PCI resources starting at 3e000000 (gap: 3e000000:b2000000)
[    0.000000] Built 1 zonelists in Zone order, mobility grouping on.  Total pages: 249503
[    0.000000] Kernel command line: auto BOOT_IMAGE=Linux ro root=802 vt.default_utf8=0 maxcpus=0
[    0.000000] PID hash table entries: 4096 (order: 2, 16384 bytes)
[    0.000000] Dentry cache hash table entries: 131072 (order: 7, 524288 bytes)
[    0.000000] Inode-cache hash table entries: 65536 (order: 6, 262144 bytes)
[    0.000000] Enabling fast FPU save and restore... done.
[    0.000000] Enabling unmasked SIMD FPU exception support... done.
[    0.000000] Initializing CPU#0
[    0.000000] Initializing HighMem for node 0 (000377fe:0003d6b0)
[    0.000000] Memory: 984800k/1006272k available (6915k kernel code, 20876k reserved, 2327k data, 448k init, 96968k highmem)
[    0.000000] virtual kernel memory layout:
[    0.000000]     fixmap  : 0xfffa3000 - 0xfffff000   ( 368 kB)
[    0.000000]     pkmap   : 0xff800000 - 0xffc00000   (4096 kB)
[    0.000000]     vmalloc : 0xf7ffe000 - 0xff7fe000   ( 120 MB)
[    0.000000]     lowmem  : 0xc0000000 - 0xf77fe000   ( 887 MB)
[    0.000000]       .init : 0xc1907000 - 0xc1977000   ( 448 kB)
[    0.000000]       .data : 0xc16c0d3f - 0xc1906c64   (2327 kB)
[    0.000000]       .text : 0xc1000000 - 0xc16c0d3f   (6915 kB)
[    0.000000] Checking if this processor honours the WP bit even in supervisor mode...Ok.
[    0.000000] SLUB: Genslabs=13, HWalign=64, Order=0-3, MinObjects=0, CPUs=1, Nodes=1
[    0.000000] Hierarchical RCU implementation.
[    0.000000] NR_IRQS:288
[    0.000000] Extended CMOS year: 2000
[    0.000000] Console: colour VGA+ 80x25
[    0.000000] console [tty0] enabled
[    0.000000] hpet clockevent registered
[    0.000000] Fast TSC calibration using PIT
[    0.000000] Detected 2094.708 MHz processor.
[    0.001002] Calibrating delay loop (skipped), value calculated using timer frequency.. 4189.41 BogoMIPS (lpj=2094708)
[    0.001173] Security Framework initialized
[    0.001257] Mount-cache hash table entries: 512
[    0.001401] CPU: L1 I cache: 32K, L1 D cache: 32K
[    0.001525] CPU: L2 cache: 3072K
[    0.002004] mce: CPU supports 6 MCE banks
[    0.002090] CPU0: Thermal monitoring enabled (TM2)
[    0.002172] using mwait in idle threads.
[    0.002255] CPU: Intel(R) Core(TM)2 Duo CPU     T8100  @ 2.10GHz stepping 06
[    0.002428] Checking 'hlt' instruction... OK.
[    0.006937] ACPI: Core revision 20090903
[    0.026013] RANDOM get_random_int first call with cycles 32578752339, jiffies 4294667322 and pid 0
[    0.026021] CANARY value: c6215c2b for PID: 1
[    0.026027] CANARY value: 368d51aa for PID: 2
[    0.026050] Enabling APIC mode:  Flat.  Using 1 I/O APICs
[    0.027333] ..TIMER: vector=0x30 apic1=0 pin1=2 apic2=-1 pin2=-1
[    0.037997] xor: automatically using best checksumming function: pIII_sse
[    0.041998]    pIII_sse  :  8568.000 MB/sec
[    0.042077] xor: using function: pIII_sse (8568.000 MB/sec)
[    0.042164] RANDOM - __seed init called.
[    0.042165] RANDOM - __seed init called.
[    0.042166] RANDOM - __seed init called.
[    0.042168] RANDOM - __random32 called. Change num 1.  Value: f7943846	49e73df3	af36cd0d
[    0.042169] RANDOM - __random32 called. Change num 2.  Value: 43846e13	9e73df37	9a1ad014
[    0.042171] RANDOM - __random32 called. Change num 3.  Value: 46e139c8	e73df373	a029598a
[    0.042173] RANDOM - __random32 called. Change num 4.  Value: 139c8c3b	73df373d	b3142c72
[    0.042175] RANDOM - __random32 called. Change num 5.  Value: c8c3b043	3df373de	58e576a9
[    0.042176] RANDOM - __random32 called. Change num 6.  Value: 3b0437d9	df373de5	ed53f9d8
[    0.042178] RANDOM - random32 init called.  Value: 3b0437d9	df373de5	ed53f9d8
[    0.042195] NET: Registered protocol family 16
[    0.042459] ACPI FADT declares the system doesn't support PCIe ASPM, so disable it
[    0.042573] ACPI: bus type pci registered
[    0.042735] PCI: MCFG configuration 0: base f0000000 segment 0 buses 0 - 63
[    0.042824] PCI: MCFG area at f0000000 reserved in E820
[    0.042904] PCI: Using MMCONFIG for extended config space
[    0.042993] PCI: Using configuration type 1 for base access
[    0.046101] bio: create slab <bio-0> at 0
[    0.046911] ACPI: EC: EC description table is found, configuring boot EC
[    0.052070] ACPI: BIOS _OSI(Linux) query honored via DMI
[    0.052783] random 0000 0000 0000 00000000 00000000: rand_read_num 2 get_random_bytes(8): sig fffffe1a 00000000 00000000
[    0.052786] random 0000 0000 0000 00000000 00000000: extract_entropy(.. 8 ..)
[    0.052788] random 0000 0000 0000 00000000 00000000: going to reseed nonblocking with 64 bits (64 of 0 requested)
[    0.052791] random 0000 0000 0000 00000000 00000000: extract_entropy(.. 8 ..)
[    0.052793] random 0000 0000 0000 00000000 00000000: trying to extract 64 bits from input
[    0.052795] random 0000 0000 0000 00000000 00000000: debiting 0 entropy credits from input
[    0.052797] random 0000 0000 0000 00000000 00000000: extract_entropy account returned: 0 
[    0.052824] random 0000 0000 0000 00000000 00000000: urand_change_num 3 xfer_secondary_pool(8): pool_sig fffffe1a, data_sig 00000000, bytes_mixed 0 00000000 00000000
[    0.052827] random 0000 0000 0000 00000000 00000000: trying to extract 64 bits from nonblocking
[    0.052830] random 0000 0000 0000 00000000 00000000: debiting 64 entropy credits from nonblocking (unlimited)
[    0.052832] random 0000 0000 0000 00000000 00000000: extract_entropy account returned: 8 
[    0.052836] random 0000 0000 0000 00000000 00000000: urand_change_num 4 extract_buf: pool_sig fffffe1a, data_sig fffffed7, bytes_mixed 20 00000000 00000000
[    0.057465] ACPI: Interpreter enabled
[    0.057545] ACPI: (supports S0 S3 S4 S5)
[    0.057836] ACPI: Using IOAPIC for interrupt routing
[    0.067307] ACPI: EC: GPE = 0x12, I/O: command/status = 0x66, data = 0x62
[    0.067582] ACPI: Power Resource [PUBS] (on)
[    0.069699] ACPI: ACPI Dock Station Driver: 3 docks/bays found
[    0.070110] ACPI: PCI Root Bridge [PCI0] (0000:00)
[    0.070272] pci 0000:00:02.0: reg 10 64bit mmio: [0xf8100000-0xf81fffff]
[    0.070278] pci 0000:00:02.0: reg 18 64bit mmio pref: [0xe0000000-0xefffffff]
[    0.070282] pci 0000:00:02.0: reg 20 io port: [0x1800-0x1807]
[    0.070316] pci 0000:00:02.1: reg 10 64bit mmio: [0xf8200000-0xf82fffff]
[    0.070417] pci 0000:00:19.0: reg 10 32bit mmio: [0xfe000000-0xfe01ffff]
[    0.070426] pci 0000:00:19.0: reg 14 32bit mmio: [0xfe025000-0xfe025fff]
[    0.070435] pci 0000:00:19.0: reg 18 io port: [0x1840-0x185f]
[    0.070506] pci 0000:00:19.0: PME# supported from D0 D3hot D3cold
[    0.070594] pci 0000:00:19.0: PME# disabled
[    0.070731] pci 0000:00:1a.0: reg 20 io port: [0x1860-0x187f]
[    0.070812] pci 0000:00:1a.1: reg 20 io port: [0x1880-0x189f]
[    0.070889] pci 0000:00:1a.7: reg 10 32bit mmio: [0xfe226c00-0xfe226fff]
[    0.070972] pci 0000:00:1a.7: PME# supported from D0 D3hot D3cold
[    0.071001] pci 0000:00:1a.7: PME# disabled
[    0.071138] pci 0000:00:1b.0: reg 10 64bit mmio: [0xfe020000-0xfe023fff]
[    0.071222] pci 0000:00:1b.0: PME# supported from D0 D3hot D3cold
[    0.071319] pci 0000:00:1b.0: PME# disabled
[    0.071508] pci 0000:00:1c.0: PME# supported from D0 D3hot D3cold
[    0.071601] pci 0000:00:1c.0: PME# disabled
[    0.071791] pci 0000:00:1c.1: PME# supported from D0 D3hot D3cold
[    0.071874] pci 0000:00:1c.1: PME# disabled
[    0.072110] pci 0000:00:1c.2: PME# supported from D0 D3hot D3cold
[    0.072195] pci 0000:00:1c.2: PME# disabled
[    0.072389] pci 0000:00:1c.3: PME# supported from D0 D3hot D3cold
[    0.072472] pci 0000:00:1c.3: PME# disabled
[    0.073113] pci 0000:00:1c.4: PME# supported from D0 D3hot D3cold
[    0.073198] pci 0000:00:1c.4: PME# disabled
[    0.073350] pci 0000:00:1d.0: reg 20 io port: [0x18a0-0x18bf]
[    0.073427] pci 0000:00:1d.1: reg 20 io port: [0x18c0-0x18df]
[    0.073506] pci 0000:00:1d.2: reg 20 io port: [0x18e0-0x18ff]
[    0.073602] pci 0000:00:1d.7: reg 10 32bit mmio: [0xfe227000-0xfe2273ff]
[    0.073705] pci 0000:00:1d.7: PME# supported from D0 D3hot D3cold
[    0.074000] pci 0000:00:1d.7: PME# disabled
[    0.074284] pci 0000:00:1f.0: quirk: region 1000-107f claimed by ICH6 ACPI/GPIO/TCO
[    0.074406] pci 0000:00:1f.0: quirk: region 1180-11bf claimed by ICH6 GPIO
[    0.074490] pci 0000:00:1f.0: ICH7 LPC Generic IO decode 1 PIO at 1600 (mask 007f)
[    0.074604] pci 0000:00:1f.0: ICH7 LPC Generic IO decode 2 PIO at 15e0 (mask 000f)
[    0.074724] pci 0000:00:1f.0: ICH7 LPC Generic IO decode 3 PIO at 1680 (mask 001f)
[    0.074925] pci 0000:00:1f.1: reg 10 io port: [0x00-0x07]
[    0.074998] pci 0000:00:1f.1: reg 14 io port: [0x00-0x03]
[    0.075008] pci 0000:00:1f.1: reg 18 io port: [0x00-0x07]
[    0.075017] pci 0000:00:1f.1: reg 1c io port: [0x00-0x03]
[    0.075026] pci 0000:00:1f.1: reg 20 io port: [0x1c00-0x1c0f]
[    0.075104] pci 0000:00:1f.2: reg 10 io port: [0x1c50-0x1c57]
[    0.075113] pci 0000:00:1f.2: reg 14 io port: [0x1c44-0x1c47]
[    0.075120] pci 0000:00:1f.2: reg 18 io port: [0x1c48-0x1c4f]
[    0.075129] pci 0000:00:1f.2: reg 1c io port: [0x1c40-0x1c43]
[    0.075137] pci 0000:00:1f.2: reg 20 io port: [0x1c20-0x1c3f]
[    0.075146] pci 0000:00:1f.2: reg 24 32bit mmio: [0xfe226000-0xfe2267ff]
[    0.075213] pci 0000:00:1f.2: PME# supported from D3hot
[    0.075302] pci 0000:00:1f.2: PME# disabled
[    0.075417] pci 0000:00:1f.3: reg 10 32bit mmio: [0xfe227400-0xfe2274ff]
[    0.075442] pci 0000:00:1f.3: reg 20 io port: [0x1c60-0x1c7f]
[    0.075531] pci 0000:00:1c.0: bridge io port: [0x2000-0x2fff]
[    0.075537] pci 0000:00:1c.0: bridge 32bit mmio: [0xfc000000-0xfdffffff]
[    0.075547] pci 0000:00:1c.0: bridge 64bit mmio pref: [0xf8000000-0xf80fffff]
[    0.075621] pci 0000:03:00.0: reg 10 64bit mmio: [0xdf3f0000-0xdf3fffff]
[    0.075816] pci 0000:00:1c.1: bridge io port: [0x3000-0x3fff]
[    0.075822] pci 0000:00:1c.1: bridge 32bit mmio: [0xdc000000-0xdf3fffff]
[    0.075830] pci 0000:00:1c.1: bridge 64bit mmio pref: [0xdfe00000-0xdfefffff]
[    0.075885] pci 0000:00:1c.2: bridge io port: [0x4000-0x4fff]
[    0.075892] pci 0000:00:1c.2: bridge 32bit mmio: [0xd8000000-0xd9ffffff]
[    0.075901] pci 0000:00:1c.2: bridge 64bit mmio pref: [0xdfb00000-0xdfbfffff]
[    0.075958] pci 0000:00:1c.3: bridge io port: [0x5000-0x5fff]
[    0.075965] pci 0000:00:1c.3: bridge 32bit mmio: [0xd4000000-0xd5ffffff]
[    0.075972] pci 0000:00:1c.3: bridge 64bit mmio pref: [0xdf800000-0xdf8fffff]
[    0.076036] pci 0000:00:1c.4: bridge io port: [0x6000-0x6fff]
[    0.076040] pci 0000:00:1c.4: bridge 32bit mmio: [0xd0000000-0xd1ffffff]
[    0.076049] pci 0000:00:1c.4: bridge 64bit mmio pref: [0xdf500000-0xdf5fffff]
[    0.076108] pci 0000:15:00.0: reg 10 32bit mmio: [0xf8300000-0xf8300fff]
[    0.076158] pci 0000:15:00.0: supports D1 D2
[    0.076160] pci 0000:15:00.0: PME# supported from D0 D1 D2 D3hot D3cold
[    0.076247] pci 0000:15:00.0: PME# disabled
[    0.076396] pci 0000:15:00.1: reg 10 32bit mmio: [0xf8301000-0xf83017ff]
[    0.076490] pci 0000:15:00.1: supports D1 D2
[    0.076491] pci 0000:15:00.1: PME# supported from D0 D1 D2 D3hot D3cold
[    0.076576] pci 0000:15:00.1: PME# disabled
[    0.076744] pci 0000:00:1e.0: transparent bridge
[    0.076831] pci 0000:00:1e.0: bridge io port: [0x7000-0xafff]
[    0.076837] pci 0000:00:1e.0: bridge 32bit mmio: [0xf8300000-0xfbffffff]
[    0.076846] pci 0000:00:1e.0: bridge 64bit mmio pref: [0xf4000000-0xf7ffffff]
[    0.076916] pci_bus 0000:00: on NUMA node 0
[    0.076920] ACPI: PCI Interrupt Routing Table [\_SB_.PCI0._PRT]
[    0.077059] ACPI: PCI Interrupt Routing Table [\_SB_.PCI0.EXP0._PRT]
[    0.077119] ACPI: PCI Interrupt Routing Table [\_SB_.PCI0.EXP1._PRT]
[    0.077177] ACPI: PCI Interrupt Routing Table [\_SB_.PCI0.EXP2._PRT]
[    0.077235] ACPI: PCI Interrupt Routing Table [\_SB_.PCI0.EXP3._PRT]
[    0.077297] ACPI: PCI Interrupt Routing Table [\_SB_.PCI0.EXP4._PRT]
[    0.077360] ACPI: PCI Interrupt Routing Table [\_SB_.PCI0.PCI1._PRT]
[    0.082824] ACPI: PCI Interrupt Link [LNKA] (IRQs 3 4 5 6 7 9 *10 11)
[    0.083522] ACPI: PCI Interrupt Link [LNKB] (IRQs 3 4 5 6 7 9 10 *11)
[    0.084243] ACPI: PCI Interrupt Link [LNKC] (IRQs 3 4 5 6 7 9 10 *11)
[    0.084958] ACPI: PCI Interrupt Link [LNKD] (IRQs 3 4 5 6 7 9 10 *11)
[    0.085658] ACPI: PCI Interrupt Link [LNKE] (IRQs 3 4 5 6 7 9 10 *11)
[    0.086369] ACPI: PCI Interrupt Link [LNKF] (IRQs 3 4 5 6 7 9 10 *11)
[    0.087137] ACPI: PCI Interrupt Link [LNKG] (IRQs 3 4 5 6 7 9 10 *11)
[    0.087839] ACPI: PCI Interrupt Link [LNKH] (IRQs 3 4 5 6 7 9 10 *11)
[    0.088505] vgaarb: device added: PCI:0000:00:02.0,decodes=io+mem,owns=io+mem,locks=none
[    0.088623] vgaarb: loaded
[    0.088794] SCSI subsystem initialized
[    0.088893] libata version 3.00 loaded.
[    0.088997] usbcore: registered new interface driver usbfs
[    0.089114] usbcore: registered new interface driver hub
[    0.089219] usbcore: registered new device driver usb
[    0.106042] raid6: int32x1    941 MB/s
[    0.122992] raid6: int32x2    886 MB/s
[    0.140064] raid6: int32x4    750 MB/s
[    0.156991] raid6: int32x8    656 MB/s
[    0.173986] raid6: mmxx1     2878 MB/s
[    0.190986] raid6: mmxx2     3253 MB/s
[    0.207993] raid6: sse1x1    1937 MB/s
[    0.224997] raid6: sse1x2    2535 MB/s
[    0.241981] raid6: sse2x1    3511 MB/s
[    0.258987] raid6: sse2x2    3824 MB/s
[    0.259066] raid6: using algorithm sse2x2 (3824 MB/s)
[    0.259149] PCI: Using ACPI for IRQ routing
[    0.259448] HPET: 3 timers in total, 0 timers will be used for per-cpu timer
[    0.259985] Switching to clocksource tsc
[    0.260089] pnp: PnP ACPI init
[    0.260176] ACPI: bus type pnp registered
[    0.263854] pnp: PnP ACPI: found 11 devices
[    0.263951] ACPI: ACPI bus type pnp unregistered
[    0.264041] system 00:00: iomem range 0x0-0x9ffff could not be reserved
[    0.264124] system 00:00: iomem range 0xc0000-0xc3fff could not be reserved
[    0.264206] system 00:00: iomem range 0xc4000-0xc7fff could not be reserved
[    0.264297] system 00:00: iomem range 0xc8000-0xcbfff has been reserved
[    0.264389] system 00:00: iomem range 0xcc000-0xcffff has been reserved
[    0.264471] system 00:00: iomem range 0xd0000-0xd3fff could not be reserved
[    0.264555] system 00:00: iomem range 0xe0000-0xe3fff could not be reserved
[    0.264639] system 00:00: iomem range 0xe4000-0xe7fff could not be reserved
[    0.264721] system 00:00: iomem range 0xe8000-0xebfff could not be reserved
[    0.264805] system 00:00: iomem range 0xec000-0xeffff could not be reserved
[    0.264898] system 00:00: iomem range 0xf0000-0xfffff could not be reserved
[    0.264984] system 00:00: iomem range 0x100000-0x3dffffff could not be reserved
[    0.265099] system 00:00: iomem range 0xfec00000-0xfed3ffff could not be reserved
[    0.265219] system 00:00: iomem range 0xfed4c000-0xffffffff could not be reserved
[    0.265344] system 00:02: ioport range 0x164e-0x164f has been reserved
[    0.265428] system 00:02: ioport range 0x1000-0x107f has been reserved
[    0.265509] system 00:02: ioport range 0x1180-0x11bf has been reserved
[    0.265598] system 00:02: ioport range 0x800-0x80f has been reserved
[    0.265680] system 00:02: ioport range 0x15e0-0x15ef has been reserved
[    0.265762] system 00:02: ioport range 0x1600-0x165f could not be reserved
[    0.265855] system 00:02: iomem range 0xf0000000-0xf3ffffff has been reserved
[    0.265943] system 00:02: iomem range 0xfed1c000-0xfed1ffff has been reserved
[    0.266037] system 00:02: iomem range 0xfed14000-0xfed17fff has been reserved
[    0.266131] system 00:02: iomem range 0xfed18000-0xfed18fff has been reserved
[    0.266214] system 00:02: iomem range 0xfed19000-0xfed19fff has been reserved
[    0.266304] system 00:02: iomem range 0xfed45000-0xfed4bfff has been reserved
[    0.301340] pci 0000:00:1c.0: PCI bridge, secondary bus 0000:02
[    0.301428] pci 0000:00:1c.0:   IO window: 0x2000-0x2fff
[    0.301514] pci 0000:00:1c.0:   MEM window: 0xfc000000-0xfdffffff
[    0.301604] pci 0000:00:1c.0:   PREFETCH window: 0x000000f8000000-0x000000f80fffff
[    0.301721] pci 0000:00:1c.1: PCI bridge, secondary bus 0000:03
[    0.301804] pci 0000:00:1c.1:   IO window: 0x3000-0x3fff
[    0.301894] pci 0000:00:1c.1:   MEM window: 0xdc000000-0xdf3fffff
[    0.301979] pci 0000:00:1c.1:   PREFETCH window: 0x000000dfe00000-0x000000dfefffff
[    0.302096] pci 0000:00:1c.2: PCI bridge, secondary bus 0000:04
[    0.302186] pci 0000:00:1c.2:   IO window: 0x4000-0x4fff
[    0.302280] pci 0000:00:1c.2:   MEM window: 0xd8000000-0xd9ffffff
[    0.302372] pci 0000:00:1c.2:   PREFETCH window: 0x000000dfb00000-0x000000dfbfffff
[    0.302495] pci 0000:00:1c.3: PCI bridge, secondary bus 0000:05
[    0.302580] pci 0000:00:1c.3:   IO window: 0x5000-0x5fff
[    0.302668] pci 0000:00:1c.3:   MEM window: 0xd4000000-0xd5ffffff
[    0.302752] pci 0000:00:1c.3:   PREFETCH window: 0x000000df800000-0x000000df8fffff
[    0.302880] pci 0000:00:1c.4: PCI bridge, secondary bus 0000:0d
[    0.302966] pci 0000:00:1c.4:   IO window: 0x6000-0x6fff
[    0.303056] pci 0000:00:1c.4:   MEM window: 0xd0000000-0xd1ffffff
[    0.303148] pci 0000:00:1c.4:   PREFETCH window: 0x000000df500000-0x000000df5fffff
[    0.303276] pci 0000:15:00.0: CardBus bridge, secondary bus 0000:16
[    0.303362] pci 0000:15:00.0:   IO window: 0x007000-0x0070ff
[    0.303453] pci 0000:15:00.0:   IO window: 0x007400-0x0074ff
[    0.303540] pci 0000:15:00.0:   PREFETCH window: 0xf4000000-0xf7ffffff
[    0.303626] pci 0000:15:00.0:   MEM window: 0x40000000-0x43ffffff
[    0.303717] pci 0000:00:1e.0: PCI bridge, secondary bus 0000:15
[    0.303798] pci 0000:00:1e.0:   IO window: 0x7000-0xafff
[    0.303899] pci 0000:00:1e.0:   MEM window: 0xf8300000-0xfbffffff
[    0.303992] pci 0000:00:1e.0:   PREFETCH window: 0x000000f4000000-0x000000f7ffffff
[    0.304121] pci 0000:00:1c.0: PCI INT A -> GSI 20 (level, low) -> IRQ 20
[    0.304214] pci 0000:00:1c.0: setting latency timer to 64
[    0.304230] pci 0000:00:1c.1: PCI INT B -> GSI 21 (level, low) -> IRQ 21
[    0.304314] pci 0000:00:1c.1: setting latency timer to 64
[    0.304327] pci 0000:00:1c.2: PCI INT C -> GSI 22 (level, low) -> IRQ 22
[    0.304412] pci 0000:00:1c.2: setting latency timer to 64
[    0.304425] pci 0000:00:1c.3: PCI INT D -> GSI 23 (level, low) -> IRQ 23
[    0.304518] pci 0000:00:1c.3: setting latency timer to 64
[    0.304531] pci 0000:00:1c.4: PCI INT A -> GSI 20 (level, low) -> IRQ 20
[    0.304620] pci 0000:00:1c.4: setting latency timer to 64
[    0.304629] pci 0000:00:1e.0: enabling device (0005 -> 0007)
[    0.304721] pci 0000:00:1e.0: setting latency timer to 64
[    0.304736] pci 0000:15:00.0: PCI INT A -> GSI 16 (level, low) -> IRQ 16
[    0.304831] pci 0000:15:00.0: setting latency timer to 64
[    0.304835] pci_bus 0000:00: resource 0 io:  [0x00-0xffff]
[    0.304837] pci_bus 0000:00: resource 1 mem: [0x000000-0xffffffff]
[    0.304839] pci_bus 0000:02: resource 0 io:  [0x2000-0x2fff]
[    0.304840] pci_bus 0000:02: resource 1 mem: [0xfc000000-0xfdffffff]
[    0.304842] pci_bus 0000:02: resource 2 pref mem [0xf8000000-0xf80fffff]
[    0.304844] pci_bus 0000:03: resource 0 io:  [0x3000-0x3fff]
[    0.304846] pci_bus 0000:03: resource 1 mem: [0xdc000000-0xdf3fffff]
[    0.304848] pci_bus 0000:03: resource 2 pref mem [0xdfe00000-0xdfefffff]
[    0.304850] pci_bus 0000:04: resource 0 io:  [0x4000-0x4fff]
[    0.304852] pci_bus 0000:04: resource 1 mem: [0xd8000000-0xd9ffffff]
[    0.304853] pci_bus 0000:04: resource 2 pref mem [0xdfb00000-0xdfbfffff]
[    0.304855] pci_bus 0000:05: resource 0 io:  [0x5000-0x5fff]
[    0.304857] pci_bus 0000:05: resource 1 mem: [0xd4000000-0xd5ffffff]
[    0.304862] pci_bus 0000:05: resource 2 pref mem [0xdf800000-0xdf8fffff]
[    0.304864] pci_bus 0000:0d: resource 0 io:  [0x6000-0x6fff]
[    0.304866] pci_bus 0000:0d: resource 1 mem: [0xd0000000-0xd1ffffff]
[    0.304867] pci_bus 0000:0d: resource 2 pref mem [0xdf500000-0xdf5fffff]
[    0.304869] pci_bus 0000:15: resource 0 io:  [0x7000-0xafff]
[    0.304871] pci_bus 0000:15: resource 1 mem: [0xf8300000-0xfbffffff]
[    0.304873] pci_bus 0000:15: resource 2 pref mem [0xf4000000-0xf7ffffff]
[    0.304875] pci_bus 0000:15: resource 3 io:  [0x00-0xffff]
[    0.304876] pci_bus 0000:15: resource 4 mem: [0x000000-0xffffffff]
[    0.304878] pci_bus 0000:16: resource 0 io:  [0x7000-0x70ff]
[    0.304880] pci_bus 0000:16: resource 1 io:  [0x7400-0x74ff]
[    0.304882] pci_bus 0000:16: resource 2 pref mem [0xf4000000-0xf7ffffff]
[    0.304884] pci_bus 0000:16: resource 3 mem: [0x40000000-0x43ffffff]
[    0.304892] NET: Registered protocol family 2
[    0.304977] RANDOM - __random32 called. Change num 7.  Value: 437d97bf	f373de51	f3b0f986
[    0.304978] RANDOM - random32 called.  Value: 437d97bf	f373de51	f3b0f986
[    0.304983] random 0000 0000 0000 5f8db4e5 4cfdf2a8: rand_read_num 3 get_random_bytes(4): sig fffffb64 5f8db4e5 4cfdf2a8
[    0.304985] random 0000 0000 0000 5f8db4e5 4cfdf2a8: extract_entropy(.. 4 ..)
[    0.304988] random 0000 0000 0000 5f8db4e5 4cfdf2a8: going to reseed nonblocking with 64 bits (32 of 0 requested)
[    0.304990] random 0000 0000 0000 5f8db4e5 4cfdf2a8: extract_entropy(.. 8 ..)
[    0.304992] random 0000 0000 0000 5f8db4e5 4cfdf2a8: trying to extract 64 bits from input
[    0.304994] random 0000 0000 0000 5f8db4e5 4cfdf2a8: debiting 0 entropy credits from input
[    0.304996] random 0000 0000 0000 5f8db4e5 4cfdf2a8: extract_entropy account returned: 0 
[    0.304999] random 0000 0000 0000 5f8db4e5 4cfdf2a8: urand_change_num 5 xfer_secondary_pool(4): pool_sig fffffb64, data_sig 00000000, bytes_mixed 0 5f8db4e5 4cfdf2a8
[    0.305002] random 0000 0000 0000 5f8db4e5 4cfdf2a8: trying to extract 32 bits from nonblocking
[    0.305004] random 0000 0000 0000 5f8db4e5 4cfdf2a8: debiting 32 entropy credits from nonblocking (unlimited)
[    0.305007] random 0000 0000 0000 5f8db4e5 4cfdf2a8: extract_entropy account returned: 4 
[    0.305011] random 0000 0000 0000 5f8db4e5 4cfdf2a8: urand_change_num 6 extract_buf: pool_sig fffffb64, data_sig 00000241, bytes_mixed 20 5f8db4e5 4cfdf2a8
[    0.305021] IP route cache hash table entries: 32768 (order: 5, 131072 bytes)
[    0.305142] RANDOM - __random32 called. Change num 8.  Value: d97bfe31	373de51f	f30dc6e6
[    0.305144] RANDOM - random32 called.  Value: d97bfe31	373de51f	f30dc6e6
[    0.305155] RANDOM - __random32 called. Change num 9.  Value: bfe314d7	73de51f5	8dcd6c7e
[    0.305157] RANDOM - random32 called.  Value: bfe314d7	73de51f5	8dcd6c7e
[    0.305158] RANDOM - __random32 called. Change num 10.  Value: 314d7baf	3de51f5e	d8fc74c1
[    0.305160] RANDOM - random32 called.  Value: 314d7baf	3de51f5e	d8fc74c1
[    0.305170] RANDOM - __random32 called. Change num 11.  Value: d7baf3c7	de51f5e5	e983e3fa
[    0.305172] RANDOM - random32 called.  Value: d7baf3c7	de51f5e5	e983e3fa
[    0.305182] TCP established hash table entries: 131072 (order: 8, 1048576 bytes)
[    0.305665] TCP bind hash table entries: 65536 (order: 6, 262144 bytes)
[    0.305841] TCP: Hash tables configured (established 131072 bind 65536)
[    0.305932] TCP reno registered
[    0.306029] NET: Registered protocol family 1
[    0.306146] RPC: Registered udp transport module.
[    0.306232] RPC: Registered tcp transport module.
[    0.306313] RPC: Registered tcp NFSv4.1 backchannel transport module.
[    0.306409] pci 0000:00:02.0: Boot video device
[    0.306622] Simple Boot Flag at 0x35 set to 0x1
[    0.307175] highmem bounce pool size: 64 pages
[    0.308677] VFS: Disk quotas dquot_6.5.2
[    0.308799] Dquot-cache hash table entries: 1024 (order 0, 4096 bytes)
[    0.309541] NTFS driver 2.1.29 [Flags: R/W].
[    0.309691] ROMFS MTD (C) 2007 Red Hat, Inc.
[    0.309902] JFS: nTxBlock = 7695, nTxLock = 61562
[    0.312364] SGI XFS with ACLs, security attributes, large block/inode numbers, no debug enabled
[    0.312849] SGI XFS Quota Management subsystem
[    0.313148] Slow work thread pool: Starting up
[    0.313242] Slow work thread pool: Ready
[    0.313338] GFS2 (built May 24 2013 02:47:17) installed
[    0.313431] msgmni has been set to 1734
[    0.313587] alg: No test for cipher_null (cipher_null-generic)
[    0.313677] alg: No test for ecb(cipher_null) (ecb-cipher_null)
[    0.313776] alg: No test for digest_null (digest_null-generic)
[    0.313890] alg: No test for compress_null (compress_null-generic)
[    0.314422] alg: No test for fcrypt (fcrypt-generic)
[    0.315835] alg: No test for stdrng (krng)
[    0.315934] async_tx: api initialized (async)
[    0.316087] Block layer SCSI generic (bsg) driver version 0.4 loaded (major 254)
[    0.316199] io scheduler noop registered
[    0.316290] io scheduler anticipatory registered
[    0.316381] io scheduler deadline registered
[    0.316505] io scheduler cfq registered (default)
[    0.316744] pcieport 0000:00:1c.0: irq 24 for MSI/MSI-X
[    0.316761] pcieport 0000:00:1c.0: setting latency timer to 64
[    0.316968] pcieport 0000:00:1c.1: irq 25 for MSI/MSI-X
[    0.316978] pcieport 0000:00:1c.1: setting latency timer to 64
[    0.317164] pcieport 0000:00:1c.2: irq 26 for MSI/MSI-X
[    0.317174] pcieport 0000:00:1c.2: setting latency timer to 64
[    0.317349] pcieport 0000:00:1c.3: irq 27 for MSI/MSI-X
[    0.317360] pcieport 0000:00:1c.3: setting latency timer to 64
[    0.317538] pcieport 0000:00:1c.4: irq 28 for MSI/MSI-X
[    0.317550] pcieport 0000:00:1c.4: setting latency timer to 64
[    0.317694] pci_hotplug: PCI Hot Plug PCI Core version: 0.5
[    0.317897] isapnp: Scanning for PnP cards...
[    0.678426] isapnp: No Plug & Play device found
[    0.678507] random 0000 0000 0000 5f8db4e5 4cfdf2a8: initializing
[    0.678509] RANDOM init_std_data for input now value: 1370025428678509691
[    0.678511] RANDOM init_std_data for blocking now value: 1370025428678511676
[    0.678512] RANDOM init_std_data for nonblocking now value: 1370025428678513416
[    0.698091] Serial: 8250/16550 driver, 4 ports, IRQ sharing enabled
[    3.708728] floppy0: no floppy controllers found
[    3.709671] brd: module loaded
[    3.710166] loop: module loaded
[    3.710249] Compaq SMART2 Driver (v 2.6.0)
[    3.710374] HP CISS Driver (v 3.6.20)
[    3.710612] input: Macintosh mouse button emulation as /devices/virtual/input/input0
[    3.710746] Uniform Multi-Platform E-IDE driver
[    3.710975] piix 0000:00:1f.1: IDE controller (0x8086:0x2850 rev 0x03)
[    3.711071] pci 0000:00:1f.1: PCI INT C -> GSI 16 (level, low) -> IRQ 16
[    3.711172] piix 0000:00:1f.1: IDE port disabled
[    3.711271] piix 0000:00:1f.1: not 100% native mode: will probe irqs later
[    3.711371]     ide0: BM-DMA at 0x1c00-0x1c07
[    3.711454] Probing IDE interface ide0...
[    4.382922] hda: HL-DT-ST DVDRAM GSA-U10N, ATAPI CD/DVD-ROM drive
[    4.689719] hda: host max PIO4 wanted PIO255(auto-tune) selected PIO4
[    4.690491] hda: UDMA/33 mode selected
[    4.690956] ide0 at 0x1f0-0x1f7,0x3f6 on irq 14
[    4.694851] ide-gd driver 1.18
[    4.694946] ide-cd driver 5.00
[    4.696330] random 0000 0000 0000 00000000 00000000: add_disk_randomness(0:0) 00000000 00000000
[    4.696334] random 0000 0000 0000 00000000 00000000: add_timer_randomness(.. 256) with jiffies: 17471743152707305080, cycles: -975000925296918519
[    4.696337] random 0000 0000 0000 00000000 00000000: added 11 entropy credits to input
[    4.696340] ide-cd: hda: ATAPI 24X DVD-ROM DVD-R/RAM CD-R/RW drive, 2048kB Cache
[    4.696742] Uniform CD-ROM driver Revision: 3.20
[    4.699602] random 0011 0000 0000 00000000 00000000: add_disk_randomness(0:0) 00000000 00000000
[    4.699605] random 0011 0000 0000 00000000 00000000: add_timer_randomness(.. 256) with jiffies: 17501179870711611003, cycles: -945564207292612599
[    4.699607] random 0011 0000 0000 00000000 00000000: added 1 entropy credits to input
[    4.699610] random 0012 0000 0000 00000000 00000000: add_disk_randomness(0:0) 00000000 00000000
[    4.699613] random 0012 0000 0000 00000000 00000000: add_timer_randomness(.. 256) with jiffies: 17501257845842869883, cycles: -945486232161353719
[    4.701601] random 0012 0000 0000 00000000 00000000: add_disk_randomness(0:0) 00000000 00000000
[    4.701604] random 0012 0000 0000 00000000 00000000: add_timer_randomness(.. 256) with jiffies: 17519170256058941053, cycles: -927573821945282551
[    4.701607] random 0012 0000 0000 00000000 00000000: added 1 entropy credits to input
[    4.701610] random 0013 0000 0000 00000000 00000000: add_disk_randomness(0:0) 00000000 00000000
[    4.701613] random 0013 0000 0000 00000000 00000000: add_timer_randomness(.. 256) with jiffies: 17519246242620341885, cycles: -927497835383881719
[    4.703600] random 0013 0000 0000 00000000 00000000: add_disk_randomness(0:0) 00000000 00000000
[    4.703602] random 0013 0000 0000 00000000 00000000: add_timer_randomness(.. 256) with jiffies: 17537148370684706431, cycles: -909595707319517175
[    4.703605] random 0013 0000 0000 00000000 00000000: added 1 entropy credits to input
[    4.703608] random 0014 0000 0000 00000000 00000000: add_disk_randomness(0:0) 00000000 00000000
[    4.703611] random 0014 0000 0000 00000000 00000000: add_timer_randomness(.. 256) with jiffies: 17537222420215856767, cycles: -909521657788366839
[    4.703886] Loading iSCSI transport class v2.0-870.
[    4.704166] rdac: device handler registered
[    4.704244] hp_sw: device handler registered
[    4.704323] emc: device handler registered
[    4.704401] alua: device handler registered
[    4.705380] Adaptec aacraid driver 1.1-5[2461]-ms
[    4.705788] scsi: <fdomain> Detection failed (no card)
[    4.705881] sym53c416.c: Version 1.0.0-ac
[    4.705983] qlogicfas: no cards were found, please specify I/O address and IRQ using iobase= and irq= options
[    4.706103] QLogic Fibre Channel HBA Driver: 8.03.01-k6
[    4.706321] iscsi: registered transport (qla4xxx)
[    4.706420] QLogic iSCSI HBA Driver
[    4.706497] Emulex LightPulse Fibre Channel SCSI driver 8.3.4
[    4.706590] Copyright(c) 2004-2009 Emulex.  All rights reserved.
[    4.728703] Failed initialization of WD-7000 SCSI card!
[    4.817935] DC390: clustering now enabled by default. If you get problems load
[    4.818049]        with "disable_clustering=1" and report to maintainers
[    4.818179] megaraid cmm: 2.20.2.7 (Release Date: Sun Jul 16 00:01:03 EST 2006)
[    4.818324] megaraid: 2.20.5.1 (Release Date: Thu Nov 16 15:32:35 EST 2006)
[    4.818433] megasas: 00.00.04.01 Thu July 24 11:41:51 PST 2008
[    4.818557] GDT-HA: Storage RAID Controller Driver. Version: 3.05
[    4.818700] 3ware Storage Controller device driver for Linux v1.26.02.002.
[    4.818803] 3ware 9000 Storage Controller device driver for Linux v2.26.02.012.
[    4.818939] nsp32: loading...
[    4.819036] ipr: IBM Power RAID SCSI Device Driver version: 2.4.3 (June 10, 2009)
[    4.819169] RocketRAID 3xxx/4xxx Controller driver v1.6 (090910)
[    4.819280] stex: Promise SuperTrak EX Driver version: 4.6.0000.3
[    4.819413] st: Version 20081215, fixed bufsize 32768, s/g segs 256
[    4.819608] ahci 0000:00:1f.2: version 3.0
[    4.819624] ahci 0000:00:1f.2: PCI INT B -> GSI 16 (level, low) -> IRQ 16
[    4.819769] ahci 0000:00:1f.2: irq 29 for MSI/MSI-X
[    4.819832] ahci 0000:00:1f.2: AHCI 0001.0100 32 slots 3 ports 1.5 Gbps 0x5 impl SATA mode
[    4.819950] ahci 0000:00:1f.2: flags: 64bit ncq sntf pm led clo pio slum part ccc 
[    4.820078] ahci 0000:00:1f.2: setting latency timer to 64
[    4.820221] scsi2 : ahci
[    4.820375] scsi3 : ahci
[    4.820510] scsi4 : ahci
[    4.820667] ata1: SATA max UDMA/133 abar m2048@0xfe226000 port 0xfe226100 irq 29
[    4.820796] ata2: DUMMY
[    4.820874] ata3: SATA max UDMA/133 abar m2048@0xfe226000 port 0xfe226200 irq 29
[    4.821474] I2O subsystem v1.325
[    4.821555] i2o: max drivers = 8
[    4.821705] I2O Configuration OSM v1.323
[    4.821804] I2O Bus Adapter OSM v1.317
[    4.821905] I2O Block Device OSM v1.325
[    4.822055] I2O SCSI Peripheral OSM v1.316
[    4.822156] I2O ProcFS OSM v1.316
[    4.822262] Fusion MPT base driver 3.04.12
[    4.822350] Copyright (c) 1999-2008 LSI Corporation
[    4.822436] Fusion MPT SPI Host driver 3.04.12
[    4.822536] Fusion MPT FC Host driver 3.04.12
[    4.822639] Fusion MPT SAS Host driver 3.04.12
[    4.822839] ohci1394 0000:15:00.1: PCI INT B -> GSI 17 (level, low) -> IRQ 17
[    4.822932] ohci1394 0000:15:00.1: setting latency timer to 64
[    4.876719] ohci1394: fw-host0: OHCI-1394 1.1 (PCI): IRQ=[17]  MMIO=[f8301000-f83017ff]  Max Packet=[2048]  IR/IT contexts=[4/4]
[    4.880992] ehci_hcd: USB 2.0 'Enhanced' Host Controller (EHCI) Driver
[    4.881253] ehci_hcd 0000:00:1a.7: power state changed by ACPI to D0
[    4.881485] ehci_hcd 0000:00:1a.7: power state changed by ACPI to D0
[    4.881574] ehci_hcd 0000:00:1a.7: PCI INT C -> GSI 22 (level, low) -> IRQ 22
[    4.881665] ehci_hcd 0000:00:1a.7: setting latency timer to 64
[    4.881670] ehci_hcd 0000:00:1a.7: EHCI Host Controller
[    4.881800] ehci_hcd 0000:00:1a.7: new USB bus registered, assigned bus number 1
[    4.885843] ehci_hcd 0000:00:1a.7: cache line size of 32 is not supported
[    4.885852] ehci_hcd 0000:00:1a.7: irq 22, io mem 0xfe226c00
[    4.895680] ehci_hcd 0000:00:1a.7: USB 2.0 started, EHCI 1.00
[    4.895785] usb usb1: New USB device found, idVendor=1d6b, idProduct=0002
[    4.895868] usb usb1: New USB device strings: Mfr=3, Product=2, SerialNumber=1
[    4.895979] usb usb1: Product: EHCI Host Controller
[    4.896065] usb usb1: Manufacturer: Linux 2.6.32.57 ehci_hcd
[    4.896148] usb usb1: SerialNumber: 0000:00:1a.7
[    4.896295] usb usb1: configuration #1 chosen from 1 choice
[    4.896409] hub 1-0:1.0: USB hub found
[    4.896506] hub 1-0:1.0: 4 ports detected
[    4.896794] ehci_hcd 0000:00:1d.7: power state changed by ACPI to D0
[    4.897051] ehci_hcd 0000:00:1d.7: power state changed by ACPI to D0
[    4.897150] ehci_hcd 0000:00:1d.7: PCI INT D -> GSI 19 (level, low) -> IRQ 19
[    4.897246] ehci_hcd 0000:00:1d.7: setting latency timer to 64
[    4.897251] ehci_hcd 0000:00:1d.7: EHCI Host Controller
[    4.897377] ehci_hcd 0000:00:1d.7: new USB bus registered, assigned bus number 2
[    4.897521] ehci_hcd 0000:00:1d.7: debug port 1
[    4.901498] ehci_hcd 0000:00:1d.7: cache line size of 32 is not supported
[    4.901507] ehci_hcd 0000:00:1d.7: irq 19, io mem 0xfe227000
[    4.911679] ehci_hcd 0000:00:1d.7: USB 2.0 started, EHCI 1.00
[    4.911772] usb usb2: New USB device found, idVendor=1d6b, idProduct=0002
[    4.911854] usb usb2: New USB device strings: Mfr=3, Product=2, SerialNumber=1
[    4.911964] usb usb2: Product: EHCI Host Controller
[    4.912043] usb usb2: Manufacturer: Linux 2.6.32.57 ehci_hcd
[    4.912126] usb usb2: SerialNumber: 0000:00:1d.7
[    4.912262] usb usb2: configuration #1 chosen from 1 choice
[    4.912371] hub 2-0:1.0: USB hub found
[    4.912457] hub 2-0:1.0: 6 ports detected
[    4.912625] 116x: driver isp116x-hcd, 03 Nov 2005
[    4.912724] ohci_hcd: USB 1.1 'Open' Host Controller (OHCI) Driver
[    4.912839] uhci_hcd: USB Universal Host Controller Interface driver
[    4.912947] uhci_hcd 0000:00:1a.0: PCI INT A -> GSI 20 (level, low) -> IRQ 20
[    4.913035] uhci_hcd 0000:00:1a.0: setting latency timer to 64
[    4.913038] uhci_hcd 0000:00:1a.0: UHCI Host Controller
[    4.913163] uhci_hcd 0000:00:1a.0: new USB bus registered, assigned bus number 3
[    4.913315] uhci_hcd 0000:00:1a.0: irq 20, io base 0x00001860
[    4.913434] usb usb3: New USB device found, idVendor=1d6b, idProduct=0001
[    4.913526] usb usb3: New USB device strings: Mfr=3, Product=2, SerialNumber=1
[    4.913650] usb usb3: Product: UHCI Host Controller
[    4.913738] usb usb3: Manufacturer: Linux 2.6.32.57 uhci_hcd
[    4.913818] usb usb3: SerialNumber: 0000:00:1a.0
[    4.913952] usb usb3: configuration #1 chosen from 1 choice
[    4.914065] hub 3-0:1.0: USB hub found
[    4.914146] hub 3-0:1.0: 2 ports detected
[    4.914427] uhci_hcd 0000:00:1a.1: power state changed by ACPI to D0
[    4.914669] uhci_hcd 0000:00:1a.1: power state changed by ACPI to D0
[    4.914778] uhci_hcd 0000:00:1a.1: PCI INT B -> GSI 21 (level, low) -> IRQ 21
[    4.914869] uhci_hcd 0000:00:1a.1: setting latency timer to 64
[    4.914873] uhci_hcd 0000:00:1a.1: UHCI Host Controller
[    4.914998] uhci_hcd 0000:00:1a.1: new USB bus registered, assigned bus number 4
[    4.915146] uhci_hcd 0000:00:1a.1: irq 21, io base 0x00001880
[    4.915254] usb usb4: New USB device found, idVendor=1d6b, idProduct=0001
[    4.915347] usb usb4: New USB device strings: Mfr=3, Product=2, SerialNumber=1
[    4.915465] usb usb4: Product: UHCI Host Controller
[    4.915555] usb usb4: Manufacturer: Linux 2.6.32.57 uhci_hcd
[    4.915644] usb usb4: SerialNumber: 0000:00:1a.1
[    4.915786] usb usb4: configuration #1 chosen from 1 choice
[    4.915900] hub 4-0:1.0: USB hub found
[    4.915982] hub 4-0:1.0: 2 ports detected
[    4.916272] uhci_hcd 0000:00:1d.0: power state changed by ACPI to D0
[    4.916502] uhci_hcd 0000:00:1d.0: power state changed by ACPI to D0
[    4.916589] uhci_hcd 0000:00:1d.0: PCI INT A -> GSI 16 (level, low) -> IRQ 16
[    4.916698] uhci_hcd 0000:00:1d.0: setting latency timer to 64
[    4.916703] uhci_hcd 0000:00:1d.0: UHCI Host Controller
[    4.916839] uhci_hcd 0000:00:1d.0: new USB bus registered, assigned bus number 5
[    4.916980] uhci_hcd 0000:00:1d.0: irq 16, io base 0x000018a0
[    4.917093] usb usb5: New USB device found, idVendor=1d6b, idProduct=0001
[    4.917184] usb usb5: New USB device strings: Mfr=3, Product=2, SerialNumber=1
[    4.917306] usb usb5: Product: UHCI Host Controller
[    4.917388] usb usb5: Manufacturer: Linux 2.6.32.57 uhci_hcd
[    4.917474] usb usb5: SerialNumber: 0000:00:1d.0
[    4.917609] usb usb5: configuration #1 chosen from 1 choice
[    4.917729] hub 5-0:1.0: USB hub found
[    4.917819] hub 5-0:1.0: 2 ports detected
[    4.917960] uhci_hcd 0000:00:1d.1: PCI INT B -> GSI 17 (level, low) -> IRQ 17
[    4.918052] uhci_hcd 0000:00:1d.1: setting latency timer to 64
[    4.918057] uhci_hcd 0000:00:1d.1: UHCI Host Controller
[    4.918179] uhci_hcd 0000:00:1d.1: new USB bus registered, assigned bus number 6
[    4.918316] uhci_hcd 0000:00:1d.1: irq 17, io base 0x000018c0
[    4.918430] usb usb6: New USB device found, idVendor=1d6b, idProduct=0001
[    4.918513] usb usb6: New USB device strings: Mfr=3, Product=2, SerialNumber=1
[    4.918624] usb usb6: Product: UHCI Host Controller
[    4.918719] usb usb6: Manufacturer: Linux 2.6.32.57 uhci_hcd
[    4.918805] usb usb6: SerialNumber: 0000:00:1d.1
[    4.918943] usb usb6: configuration #1 chosen from 1 choice
[    4.919066] hub 6-0:1.0: USB hub found
[    4.919157] hub 6-0:1.0: 2 ports detected
[    4.919441] uhci_hcd 0000:00:1d.2: power state changed by ACPI to D0
[    4.919683] uhci_hcd 0000:00:1d.2: power state changed by ACPI to D0
[    4.919775] uhci_hcd 0000:00:1d.2: PCI INT C -> GSI 18 (level, low) -> IRQ 18
[    4.919868] uhci_hcd 0000:00:1d.2: setting latency timer to 64
[    4.919873] uhci_hcd 0000:00:1d.2: UHCI Host Controller
[    4.920000] uhci_hcd 0000:00:1d.2: new USB bus registered, assigned bus number 7
[    4.920154] uhci_hcd 0000:00:1d.2: irq 18, io base 0x000018e0
[    4.920266] usb usb7: New USB device found, idVendor=1d6b, idProduct=0001
[    4.920351] usb usb7: New USB device strings: Mfr=3, Product=2, SerialNumber=1
[    4.920465] usb usb7: Product: UHCI Host Controller
[    4.920551] usb usb7: Manufacturer: Linux 2.6.32.57 uhci_hcd
[    4.920632] usb usb7: SerialNumber: 0000:00:1d.2
[    4.921431] usb usb7: configuration #1 chosen from 1 choice
[    4.921539] hub 7-0:1.0: USB hub found
[    4.921621] hub 7-0:1.0: 2 ports detected
[    4.921783] sl811: driver sl811-hcd, 19 May 2005
[    4.921889] r8a66597_hcd: driver r8a66597_hcd, 2009-05-26
[    4.922059] Initializing USB Mass Storage driver...
[    4.922185] usbcore: registered new interface driver usb-storage
[    4.922285] USB Mass Storage support registered.
[    4.922390] usbcore: registered new interface driver ums-alauda
[    4.922491] usbcore: registered new interface driver ums-cypress
[    4.922603] usbcore: registered new interface driver ums-datafab
[    4.922718] usbcore: registered new interface driver ums-freecom
[    4.922816] usbcore: registered new interface driver ums-isd200
[    4.922931] usbcore: registered new interface driver ums-jumpshot
[    4.923030] usbcore: registered new interface driver ums-karma
[    4.923133] usbcore: registered new interface driver ums-onetouch
[    4.923237] usbcore: registered new interface driver ums-sddr09
[    4.923351] usbcore: registered new interface driver ums-sddr55
[    4.923455] usbcore: registered new interface driver ums-usbat
[    4.923595] PNP: PS/2 Controller [PNP0303:KBD,PNP0f13:MOU] at 0x60,0x64 irq 1,12
[    4.932318] serio: i8042 KBD port at 0x60,0x64 irq 1
[    4.932408] serio: i8042 AUX port at 0x60,0x64 irq 12
[    4.932646] mice: PS/2 mouse device common for all mice
[    4.932766] i2c /dev entries driver
[    4.932895] md: linear personality registered for level -1
[    4.932982] md: raid0 personality registered for level 0
[    4.933061] md: raid1 personality registered for level 1
[    4.933142] md: raid10 personality registered for level 10
[    4.933222] md: raid6 personality registered for level 6
[    4.933305] md: raid5 personality registered for level 5
[    4.933384] md: raid4 personality registered for level 4
[    4.933474] md: multipath personality registered for level -4
[    4.933662] device-mapper: ioctl: 4.15.0-ioctl (2009-04-01) initialised: dm-devel@redhat.com
[    4.933875] cpuidle: using governor ladder
[    4.934457] usbcore: registered new interface driver usbhid
[    4.934538] usbhid: v2.6:USB HID core driver
[    4.934689] random 0014 0000 0000 00000000 00000000: rand_read_num 4 get_random_bytes(136): sig 00000000 00000000 00000000
[    4.934692] random 0014 0000 0000 00000000 00000000: extract_entropy(.. 136 ..)
[    4.934695] random 0014 0000 0000 00000000 00000000: going to reseed nonblocking with 1024 bits (1088 of 0 requested)
[    4.934697] random 0014 0000 0000 00000000 00000000: extract_entropy(.. 128 ..)
[    4.934699] random 0014 0000 0000 00000000 00000000: trying to extract 1024 bits from input
[    4.934702] random 0014 0000 0000 00000000 00000000: debiting 0 entropy credits from input
[    4.934703] random 0014 0000 0000 00000000 00000000: extract_entropy account returned: 0 
[    4.934706] random 0014 0000 0000 00000000 00000000: urand_change_num 7 xfer_secondary_pool(136): pool_sig 00000000, data_sig 00000000, bytes_mixed 0 00000000 00000000
[    4.934710] random 0014 0000 0000 00000000 00000000: trying to extract 1088 bits from nonblocking
[    4.934712] random 0014 0000 0000 00000000 00000000: debiting 1088 entropy credits from nonblocking (unlimited)
[    4.934715] random 0014 0000 0000 00000000 00000000: extract_entropy account returned: 136 
[    4.934719] random 0014 0000 0000 00000000 00000000: urand_change_num 8 extract_buf: pool_sig 00000000, data_sig fffffff9, bytes_mixed 20 00000000 00000000
[    4.934724] random 0014 0000 0000 b7c35b56 be4dc95d: urand_change_num 9 extract_buf: pool_sig fffffd1e, data_sig 000000c5, bytes_mixed 20 b7c35b56 be4dc95d
[    4.934730] random 0014 0000 0000 ed9f5c47 c48487fb: urand_change_num 10 extract_buf: pool_sig fffff8ec, data_sig ffffff68, bytes_mixed 20 ed9f5c47 c48487fb
[    4.934735] random 0014 0000 0000 ed9f5c47 c48487fb: urand_change_num 11 extract_buf: pool_sig fffffaed, data_sig 000001aa, bytes_mixed 20 ed9f5c47 c48487fb
[    4.934740] random 0014 0000 0000 1b4f7c0a 91bd6a48: urand_change_num 12 extract_buf: pool_sig fffffdd8, data_sig 00000064, bytes_mixed 20 1b4f7c0a 91bd6a48
[    4.934745] random 0014 0000 0000 a254b9bc 20e9a24f: urand_change_num 13 extract_buf: pool_sig fffffbe6, data_sig 000001dd, bytes_mixed 20 a254b9bc 20e9a24f
[    4.934751] random 0014 0000 0000 a254b9bc 20e9a24f: urand_change_num 14 extract_buf: pool_sig fffff940, data_sig fffffe20, bytes_mixed 20 a254b9bc 20e9a24f
[    4.934756] random 0014 0000 0000 2831a66b 5fa2a3ad: urand_change_num 15 extract_buf: pool_sig fffffbce, data_sig 0000007e, bytes_mixed 20 2831a66b 5fa2a3ad
[    4.934761] random 0014 0000 0000 2831a66b 5fa2a3ad: urand_change_num 16 extract_buf: pool_sig 000004df, data_sig fffffe8f, bytes_mixed 20 2831a66b 5fa2a3ad
[    4.934766] random 0014 0000 0000 d4512bfd c9a54e0b: urand_change_num 17 extract_buf: pool_sig 00000485, data_sig fffffe68, bytes_mixed 20 d4512bfd c9a54e0b
[    4.934771] random 0014 0000 0000 c7371be6 f9ffea11: urand_change_num 18 extract_buf: pool_sig 00000095, data_sig ffffffed, bytes_mixed 20 c7371be6 f9ffea11
[    4.934777] random 0014 0000 0000 c7371be6 f9ffea11: urand_change_num 19 extract_buf: pool_sig 000003a7, data_sig fffffefa, bytes_mixed 20 c7371be6 f9ffea11
[    4.934782] random 0014 0000 0000 8fb4b62c d1ddba54: urand_change_num 20 extract_buf: pool_sig 00000179, data_sig ffffff78, bytes_mixed 20 8fb4b62c d1ddba54
[    4.934787] random 0014 0000 0000 9ff19f9c c07a1d2a: urand_change_num 21 extract_buf: pool_sig fffffe88, data_sig 00000126, bytes_mixed 20 9ff19f9c c07a1d2a
[    4.934791] TCP cubic registered
[    4.934880] Initializing XFRM netlink socket
[    4.934964] NET: Registered protocol family 17
[    4.935064] Using IPI Shortcut mode
[    4.935153] random 0014 0000 0000 9ff19f9c c07a1d2a: rand_read_num 5 get_random_bytes(8): sig 0000031b 9ff19f9c c07a1d2a
[    4.935155] random 0014 0000 0000 9ff19f9c c07a1d2a: extract_entropy(.. 8 ..)
[    4.935158] random 0014 0000 0000 9ff19f9c c07a1d2a: going to reseed nonblocking with 64 bits (64 of 0 requested)
[    4.935160] random 0014 0000 0000 9ff19f9c c07a1d2a: extract_entropy(.. 8 ..)
[    4.935162] random 0014 0000 0000 9ff19f9c c07a1d2a: trying to extract 64 bits from input
[    4.935164] random 0014 0000 0000 9ff19f9c c07a1d2a: debiting 0 entropy credits from input
[    4.935166] random 0014 0000 0000 9ff19f9c c07a1d2a: extract_entropy account returned: 0 
[    4.935169] random 0014 0000 0000 9ff19f9c c07a1d2a: urand_change_num 22 xfer_secondary_pool(8): pool_sig 0000031b, data_sig 00000000, bytes_mixed 0 9ff19f9c c07a1d2a
[    4.935172] random 0014 0000 0000 9ff19f9c c07a1d2a: trying to extract 64 bits from nonblocking
[    4.935175] random 0014 0000 0000 9ff19f9c c07a1d2a: debiting 64 entropy credits from nonblocking (unlimited)
[    4.935177] random 0014 0000 0000 9ff19f9c c07a1d2a: extract_entropy account returned: 8 
[    4.935181] random 0014 0000 0000 9ff19f9c c07a1d2a: urand_change_num 23 extract_buf: pool_sig 0000031b, data_sig ffffffb3, bytes_mixed 20 9ff19f9c c07a1d2a
[    4.938656] input: AT Translated Set 2 keyboard as /devices/platform/i8042/serio0/input/input1
[    5.126689] ata1: SATA link up 1.5 Gbps (SStatus 113 SControl 300)
[    5.126802] ata3: SATA link down (SStatus 0 SControl 300)
[    5.128809] ata1.00: ACPI cmd ef/02:00:00:00:00:a0 (SET FEATURES) succeeded
[    5.128812] ata1.00: ACPI cmd f5/00:00:00:00:00:a0 (SECURITY FREEZE LOCK) filtered out
[    5.130203] ata1.00: ACPI cmd ef/5f:00:00:00:00:a0 (SET FEATURES) succeeded
[    5.130206] ata1.00: ACPI cmd ef/10:03:00:00:00:a0 (SET FEATURES) filtered out
[    5.132116] ata1.00: ATA-7: ST910021AS, 4.06, max UDMA/100
[    5.132199] ata1.00: 195371568 sectors, multi 16: LBA48 
[    5.134354] ata1.00: ACPI cmd ef/02:00:00:00:00:a0 (SET FEATURES) succeeded
[    5.134356] ata1.00: ACPI cmd f5/00:00:00:00:00:a0 (SECURITY FREEZE LOCK) filtered out
[    5.135746] ata1.00: ACPI cmd ef/5f:00:00:00:00:a0 (SET FEATURES) succeeded
[    5.135748] ata1.00: ACPI cmd ef/10:03:00:00:00:a0 (SET FEATURES) filtered out
[    5.137676] ata1.00: configured for UDMA/100
[    5.148734] scsi 2:0:0:0: Direct-Access     ATA      ST910021AS       4.06 PQ: 0 ANSI: 5
[    5.149018] sd 2:0:0:0: [sda] 195371568 512-byte logical blocks: (100 GB/93.1 GiB)
[    5.149152] sd 2:0:0:0: [sda] Write Protect is off
[    5.149247] sd 2:0:0:0: [sda] Mode Sense: 00 3a 00 00
[    5.149259] sd 2:0:0:0: [sda] Write cache: enabled, read cache: enabled, doesn't support DPO or FUA
[    5.149442]  sda:
[    5.572534] random 0014 0000 0000 277f73c3 42024bb9: add_disk_randomness(8:0) 277f73c3 42024bb9
[    5.572608] random 0014 0000 0000 277f73c3 42024bb9: add_timer_randomness(.. 8388864) with jiffies: 6908588520638218636, cycles: 6908588516343545866
[    5.572611] random 0014 0000 0000 277f73c3 42024bb9: added 11 entropy credits to input
[    5.572616]  sda1 sda2
[    5.573104] random 0025 0000 0000 277f73c3 42024bb9: add_disk_randomness(8:0) 277f73c3 42024bb9
[    5.573107] random 0025 0000 0000 277f73c3 42024bb9: add_timer_randomness(.. 8388864) with jiffies: 6913074742827909517, cycles: 6913074738533236746
[    5.573261] sd 2:0:0:0: [sda] Attached SCSI disk
[    5.573349] random 0025 0000 0000 277f73c3 42024bb9: rand_read_num 6 get_random_bytes(12): sig 000007e9 277f73c3 42024bb9
[    5.573352] random 0025 0000 0000 277f73c3 42024bb9: extract_entropy(.. 12 ..)
[    5.573354] random 0025 0000 0000 277f73c3 42024bb9: going to reseed nonblocking with 96 bits (96 of 0 requested)
[    5.573357] random 0025 0000 0000 277f73c3 42024bb9: extract_entropy(.. 12 ..)
[    5.573359] random 0025 0000 0000 277f73c3 42024bb9: trying to extract 96 bits from input
[    5.573361] random 0025 0000 0000 277f73c3 42024bb9: debiting 0 entropy credits from input
[    5.573363] random 0025 0000 0000 277f73c3 42024bb9: extract_entropy account returned: 0 
[    5.573366] random 0025 0000 0000 277f73c3 42024bb9: urand_change_num 24 xfer_secondary_pool(12): pool_sig 000007e9, data_sig 00000000, bytes_mixed 0 277f73c3 42024bb9
[    5.573369] random 0025 0000 0000 277f73c3 42024bb9: trying to extract 96 bits from nonblocking
[    5.573372] random 0025 0000 0000 277f73c3 42024bb9: debiting 96 entropy credits from nonblocking (unlimited)
[    5.573374] random 0025 0000 0000 277f73c3 42024bb9: extract_entropy account returned: 12 
[    5.573378] random 0025 0000 0000 277f73c3 42024bb9: urand_change_num 25 extract_buf: pool_sig 000007e9, data_sig 00000088, bytes_mixed 20 277f73c3 42024bb9
[    5.573384] random 0025 0000 0000 277f73c3 42024bb9: urand_change_num 26 extract_buf: pool_sig 00000498, data_sig fffffefb, bytes_mixed 20 277f73c3 42024bb9
[    5.573387] RANDOM - __seed init called.
[    5.573387] RANDOM - __seed init called.
[    5.573388] RANDOM - __seed init called.
[    5.573390] RANDOM - __random32 called. Change num 12.  Value: 87f14767	f0d7351	b1e48bd3
[    5.573392] RANDOM - random32_reseed called.  Value: 87f14767	f0d7351	b1e48bd3
[    5.573395] Pid: 1, comm: swapper Not tainted 2.6.32.57 #6
[    5.573486] Call Trace:
[    5.573571]  [<c1923ca4>] ? random32_reseed+0xa0/0xb1
[    5.573660]  [<c1923c04>] ? random32_reseed+0x0/0xb1
[    5.573746]  [<c100111e>] ? do_one_initcall+0x2e/0x180
[    5.573841]  [<c1907265>] ? kernel_init+0xad/0x103
[    5.573924]  [<c19071b8>] ? kernel_init+0x0/0x103
[    5.574013]  [<c1003787>] ? kernel_thread_helper+0x7/0x10
[    5.574528] random 0025 0000 0000 386b4e60 ee4d4880: rand_read_num 7 get_random_bytes(64): sig fffffea5 386b4e60 ee4d4880
[    5.574531] random 0025 0000 0000 386b4e60 ee4d4880: extract_entropy(.. 64 ..)
[    5.574533] random 0025 0000 0000 386b4e60 ee4d4880: going to reseed nonblocking with 512 bits (512 of 0 requested)
[    5.574535] random 0025 0000 0000 386b4e60 ee4d4880: extract_entropy(.. 64 ..)
[    5.574537] random 0025 0000 0000 386b4e60 ee4d4880: trying to extract 512 bits from input
[    5.574540] random 0025 0000 0000 386b4e60 ee4d4880: debiting 0 entropy credits from input
[    5.574542] random 0025 0000 0000 386b4e60 ee4d4880: extract_entropy account returned: 0 
[    5.574545] random 0025 0000 0000 386b4e60 ee4d4880: urand_change_num 27 xfer_secondary_pool(64): pool_sig fffffea5, data_sig 00000000, bytes_mixed 0 386b4e60 ee4d4880
[    5.574548] random 0025 0000 0000 386b4e60 ee4d4880: trying to extract 512 bits from nonblocking
[    5.574550] random 0025 0000 0000 386b4e60 ee4d4880: debiting 512 entropy credits from nonblocking (unlimited)
[    5.574552] random 0025 0000 0000 386b4e60 ee4d4880: extract_entropy account returned: 64 
[    5.574556] random 0025 0000 0000 386b4e60 ee4d4880: urand_change_num 28 extract_buf: pool_sig fffffea5, data_sig 00000173, bytes_mixed 20 386b4e60 ee4d4880
[    5.574562] random 0025 0000 0000 412698f6 0cc8689a: urand_change_num 29 extract_buf: pool_sig 00000122, data_sig ffffff63, bytes_mixed 20 412698f6 0cc8689a
[    5.574567] random 0025 0000 0000 412698f6 0cc8689a: urand_change_num 30 extract_buf: pool_sig 000001f7, data_sig 00000012, bytes_mixed 20 412698f6 0cc8689a
[    5.574572] random 0025 0000 0000 9669941e 06f768b1: urand_change_num 31 extract_buf: pool_sig fffffb5b, data_sig 0000003f, bytes_mixed 20 9669941e 06f768b1
[    5.574578] random 0025 0000 0000 98486520 995551f0: urand_change_num 32 extract_buf: pool_sig fffffb39, data_sig 0000000e, bytes_mixed 20 98486520 995551f0
[    5.574583] random 0025 0000 0000 98486520 995551f0: urand_change_num 33 extract_buf: pool_sig fffffd8d, data_sig 000001a6, bytes_mixed 20 98486520 995551f0
[    5.574588] random 0025 0000 0000 61fc8914 d5882ed2: urand_change_num 34 extract_buf: pool_sig fffffa58, data_sig 0000023e, bytes_mixed 20 61fc8914 d5882ed2
[    5.574619] random 0025 0000 0000 61fc8914 d5882ed2: rand_read_num 8 get_random_bytes(64): sig fffff9ee 61fc8914 d5882ed2
[    5.574621] random 0025 0000 0000 61fc8914 d5882ed2: extract_entropy(.. 64 ..)
[    5.574623] random 0025 0000 0000 61fc8914 d5882ed2: going to reseed nonblocking with 512 bits (512 of 0 requested)
[    5.574626] random 0025 0000 0000 61fc8914 d5882ed2: extract_entropy(.. 64 ..)
[    5.574628] random 0025 0000 0000 61fc8914 d5882ed2: trying to extract 512 bits from input
[    5.574630] random 0025 0000 0000 61fc8914 d5882ed2: debiting 0 entropy credits from input
[    5.574632] random 0025 0000 0000 61fc8914 d5882ed2: extract_entropy account returned: 0 
[    5.574635] random 0025 0000 0000 61fc8914 d5882ed2: urand_change_num 35 xfer_secondary_pool(64): pool_sig fffff9ee, data_sig 00000000, bytes_mixed 0 61fc8914 d5882ed2
[    5.574638] random 0025 0000 0000 61fc8914 d5882ed2: trying to extract 512 bits from nonblocking
[    5.574640] random 0025 0000 0000 61fc8914 d5882ed2: debiting 512 entropy credits from nonblocking (unlimited)
[    5.574642] random 0025 0000 0000 61fc8914 d5882ed2: extract_entropy account returned: 64 
[    5.574650] random 0025 0000 0000 61fc8914 d5882ed2: urand_change_num 36 extract_buf: pool_sig fffff9ee, data_sig ffffff85, bytes_mixed 20 61fc8914 d5882ed2
[    5.574655] random 0025 0000 0000 70cfd302 e5edec11: urand_change_num 37 extract_buf: pool_sig fffffdc1, data_sig ffffffde, bytes_mixed 20 70cfd302 e5edec11
[    5.574660] random 0025 0000 0000 00dab838 eafd2b30: urand_change_num 38 extract_buf: pool_sig 000003da, data_sig ffffff61, bytes_mixed 20 00dab838 eafd2b30
[    5.574666] random 0025 0000 0000 00dab838 eafd2b30: urand_change_num 39 extract_buf: pool_sig 00000314, data_sig 00000121, bytes_mixed 20 00dab838 eafd2b30
[    5.574671] random 0025 0000 0000 5fcdf66a 6442b608: urand_change_num 40 extract_buf: pool_sig 0000028b, data_sig fffffefd, bytes_mixed 20 5fcdf66a 6442b608
[    5.574676] random 0025 0000 0000 61333f6b 8fae0f9b: urand_change_num 41 extract_buf: pool_sig 000000cb, data_sig 000000b3, bytes_mixed 20 61333f6b 8fae0f9b
[    5.574681] random 0025 0000 0000 61333f6b 8fae0f9b: urand_change_num 42 extract_buf: pool_sig fffffef8, data_sig 00000051, bytes_mixed 20 61333f6b 8fae0f9b
[    5.574684] BEGIN NET_SECRET:
[    5.574685] \xffffffe0
[    5.574686] \xffffffb6
[    5.574687] \x36
[    5.574688] \xffffffb5
[    5.574689] \xffffff94
[    5.574690] \xffffffb2
[    5.574690] \xffffffa8
[    5.574691] \xffffffda
[    5.574692] \x5b
[    5.574693] \x19
[    5.574693] \x18
[    5.574694] \x5c
[    5.574695] \x2b
[    5.574696] \x1
[    5.574697] \xffffff90
[    5.574697] \x19
[    5.574698] \x3c
[    5.574699] \xfffffff2
[    5.574700] \xffffff82
[    5.574700] \x2a
[    5.574701] \xffffffb3
[    5.574702] \xffffffa2
[    5.574703] \x3f
[    5.574704] \x5
[    5.574704] \x52
[    5.574705] \x77
[    5.574706] \x57
[    5.574706] \x79
[    5.574707] \x16
[    5.574708] \x43
[    5.574709] \xffffff84
[    5.574709] \xffffffc3
[    5.574710] \xffffffe9
[    5.574711] \x79
[    5.574712] \x50
[    5.574712] \xffffff8e
[    5.574713] \x3f
[    5.574714] \xfffffff3
[    5.574715] \x19
[    5.574716] \x2a
[    5.574716] \xfffffffd
[    5.574717] \xfffffffb
[    5.574718] \x62
[    5.574719] \x3c
[    5.574719] \xffffffac
[    5.574720] \x1c
[    5.574721] \x3b
[    5.574722] \x3b
[    5.574722] \x15
[    5.574723] \x27
[    5.574724] \xffffffa8
[    5.574725] \x22
[    5.574725] \xffffffc5
[    5.574726] \xffffff9a
[    5.574727] \x5
[    5.574728] \x6c
[    5.574729] \xffffffa8
[    5.574729] \x3a
[    5.574730] \x44
[    5.574731] \xffffffaf
[    5.574732] \x13
[    5.574732] \xffffffe0
[    5.574733] \xffffff9d
[    5.574734] \x22
[    5.574735] 
[    5.574735] END NET_SECRET
[    5.574738] random 0025 0000 0000 e7f555d9 e8ce5c3c: rand_read_num 9 get_random_bytes(4): sig 0000068c e7f555d9 e8ce5c3c
[    5.574740] random 0025 0000 0000 e7f555d9 e8ce5c3c: extract_entropy(.. 4 ..)
[    5.574743] random 0025 0000 0000 e7f555d9 e8ce5c3c: going to reseed nonblocking with 64 bits (32 of 0 requested)
[    5.574745] random 0025 0000 0000 e7f555d9 e8ce5c3c: extract_entropy(.. 8 ..)
[    5.574747] random 0025 0000 0000 e7f555d9 e8ce5c3c: trying to extract 64 bits from input
[    5.574749] random 0025 0000 0000 e7f555d9 e8ce5c3c: debiting 0 entropy credits from input
[    5.574751] random 0025 0000 0000 e7f555d9 e8ce5c3c: extract_entropy account returned: 0 
[    5.574754] random 0025 0000 0000 e7f555d9 e8ce5c3c: urand_change_num 43 xfer_secondary_pool(4): pool_sig 0000068c, data_sig 00000000, bytes_mixed 0 e7f555d9 e8ce5c3c
[    5.574757] random 0025 0000 0000 e7f555d9 e8ce5c3c: trying to extract 32 bits from nonblocking
[    5.574759] random 0025 0000 0000 e7f555d9 e8ce5c3c: debiting 32 entropy credits from nonblocking (unlimited)
[    5.574762] random 0025 0000 0000 e7f555d9 e8ce5c3c: extract_entropy account returned: 4 
[    5.574766] random 0025 0000 0000 e7f555d9 e8ce5c3c: urand_change_num 44 extract_buf: pool_sig 0000068c, data_sig fffffdcb, bytes_mixed 20 e7f555d9 e8ce5c3c
[    5.574776] md: Waiting for all devices to be available before autodetect
[    5.574871] md: If you don't use raid, use raid=noautodetect
[    5.575028] md: Autodetecting RAID arrays.
[    5.575109] md: Scanned 0 and added 0 devices.
[    5.575209] md: autorun ...
[    5.575286] md: ... autorun DONE.
[    5.588744] random 0025 0000 0000 e7f555d9 e8ce5c3c: add_disk_randomness(8:0) e7f555d9 e8ce5c3c
[    5.588747] random 0025 0000 0000 e7f555d9 e8ce5c3c: add_timer_randomness(.. 8388864) with jiffies: 7053774126233387421, cycles: 7053774121938714634
[    5.588750] random 0025 0000 0000 e7f555d9 e8ce5c3c: added 3 entropy credits to input
[    5.589867] random 0028 0000 0000 e7f555d9 e8ce5c3c: add_disk_randomness(8:0) e7f555d9 e8ce5c3c
[    5.589870] random 0028 0000 0000 e7f555d9 e8ce5c3c: add_timer_randomness(.. 8388864) with jiffies: 7063881438411325854, cycles: 7063881434116653066
[    5.596954] random 0028 0000 0000 e7f555d9 e8ce5c3c: add_disk_randomness(8:0) e7f555d9 e8ce5c3c
[    5.596957] random 0028 0000 0000 e7f555d9 e8ce5c3c: add_timer_randomness(.. 8388864) with jiffies: 7127641825648279973, cycles: 7127641821353607178
[    5.596960] random 0028 0000 0000 e7f555d9 e8ce5c3c: added 2 entropy credits to input
[    5.596964] EXT3-fs: sda2: couldn't mount because of unsupported optional features (240).
[    5.597186] random 0030 0000 0000 e7f555d9 e8ce5c3c: add_disk_randomness(8:0) e7f555d9 e8ce5c3c
[    5.597189] random 0030 0000 0000 e7f555d9 e8ce5c3c: add_timer_randomness(.. 8388864) with jiffies: 7129732349440000421, cycles: 7129732345145327626
[    5.597194] EXT2-fs: sda2: couldn't mount because of unsupported optional features (240).
[    5.597416] random 0030 0000 0000 e7f555d9 e8ce5c3c: add_disk_randomness(8:0) e7f555d9 e8ce5c3c
[    5.597419] random 0030 0000 0000 e7f555d9 e8ce5c3c: add_timer_randomness(.. 8388864) with jiffies: 7131803752037319077, cycles: 7131803747742646282
[    5.597553] random 0030 0000 0000 e7f555d9 e8ce5c3c: add_disk_randomness(8:0) e7f555d9 e8ce5c3c
[    5.597556] random 0030 0000 0000 e7f555d9 e8ce5c3c: add_timer_randomness(.. 8388864) with jiffies: 7133040857237389733, cycles: 7133040852942716938
[    5.597711] random 0030 0000 0000 e7f555d9 e8ce5c3c: add_disk_randomness(8:0) e7f555d9 e8ce5c3c
[    5.597714] random 0030 0000 0000 e7f555d9 e8ce5c3c: add_timer_randomness(.. 8388864) with jiffies: 7134451315907461542, cycles: 7134451311612788746
[    5.597831] random 0030 0000 0000 e7f555d9 e8ce5c3c: add_disk_randomness(8:0) e7f555d9 e8ce5c3c
[    5.597834] random 0030 0000 0000 e7f555d9 e8ce5c3c: add_timer_randomness(.. 8388864) with jiffies: 7135526479365636518, cycles: 7135526475070963722
[    5.597950] random 0030 0000 0000 e7f555d9 e8ce5c3c: add_disk_randomness(8:0) e7f555d9 e8ce5c3c
[    5.597953] random 0030 0000 0000 e7f555d9 e8ce5c3c: add_timer_randomness(.. 8388864) with jiffies: 7136598979944087974, cycles: 7136598975649415178
[    5.598103] random 0030 0000 0000 e7f555d9 e8ce5c3c: add_disk_randomness(8:0) e7f555d9 e8ce5c3c
[    5.598106] random 0030 0000 0000 e7f555d9 e8ce5c3c: add_timer_randomness(.. 8388864) with jiffies: 7137984407544758694, cycles: 7137984403250085898
[    5.598226] random 0030 0000 0000 e7f555d9 e8ce5c3c: add_disk_randomness(8:0) e7f555d9 e8ce5c3c
[    5.598228] random 0030 0000 0000 e7f555d9 e8ce5c3c: add_timer_randomness(.. 8388864) with jiffies: 7139085409526186406, cycles: 7139085405231513610
[    5.598345] random 0030 0000 0000 e7f555d9 e8ce5c3c: add_disk_randomness(8:0) e7f555d9 e8ce5c3c
[    5.598347] random 0030 0000 0000 e7f555d9 e8ce5c3c: add_timer_randomness(.. 8388864) with jiffies: 7140158047543591334, cycles: 7140158043248918538
[    5.598583] random 0030 0000 0000 e7f555d9 e8ce5c3c: rand_read_num 10 get_random_bytes(4): sig ffffff72 e7f555d9 e8ce5c3c
[    5.598585] random 0030 0000 0000 e7f555d9 e8ce5c3c: extract_entropy(.. 4 ..)
[    5.598587] random 0030 0000 0000 e7f555d9 e8ce5c3c: going to reseed nonblocking with 64 bits (32 of 0 requested)
[    5.598590] random 0030 0000 0000 e7f555d9 e8ce5c3c: extract_entropy(.. 8 ..)
[    5.598592] random 0030 0000 0000 e7f555d9 e8ce5c3c: trying to extract 64 bits from input
[    5.598594] random 0030 0000 0000 e7f555d9 e8ce5c3c: debiting 0 entropy credits from input
[    5.598596] random 0030 0000 0000 e7f555d9 e8ce5c3c: extract_entropy account returned: 0 
[    5.598599] random 0030 0000 0000 e7f555d9 e8ce5c3c: urand_change_num 45 xfer_secondary_pool(4): pool_sig ffffff72, data_sig 00000000, bytes_mixed 0 e7f555d9 e8ce5c3c
[    5.598602] random 0030 0000 0000 e7f555d9 e8ce5c3c: trying to extract 32 bits from nonblocking
[    5.598604] random 0030 0000 0000 e7f555d9 e8ce5c3c: debiting 32 entropy credits from nonblocking (unlimited)
[    5.598606] random 0030 0000 0000 e7f555d9 e8ce5c3c: extract_entropy account returned: 4 
[    5.598610] random 0030 0000 0000 e7f555d9 e8ce5c3c: urand_change_num 46 extract_buf: pool_sig ffffff72, data_sig ffffff72, bytes_mixed 20 e7f555d9 e8ce5c3c
[    5.603194] random 0030 0000 0000 91716c54 eeb6a1e7: add_disk_randomness(8:0) 91716c54 eeb6a1e7
[    5.603197] random 0030 0000 0000 91716c54 eeb6a1e7: add_timer_randomness(.. 8388864) with jiffies: 7183781609462268331, cycles: 7183781605167595530
[    5.603200] random 0030 0000 0000 91716c54 eeb6a1e7: added 2 entropy credits to input
[    5.621472] random 0032 0000 0000 91716c54 eeb6a1e7: add_disk_randomness(8:0) 91716c54 eeb6a1e7
[    5.621475] random 0032 0000 0000 91716c54 eeb6a1e7: add_timer_randomness(.. 8388864) with jiffies: 7348230508452217277, cycles: 7348230504157544458
[    5.621478] random 0032 0000 0000 91716c54 eeb6a1e7: added 3 entropy credits to input
[    5.626102] EXT4-fs (sda2): mounted filesystem with ordered data mode
[    5.626284] VFS: Mounted root (ext4 filesystem) readonly on device 8:2.
[    5.626384] Freeing unused kernel memory: 448k freed
[    5.646663] random 0035 0000 0000 91716c54 eeb6a1e7: add_disk_randomness(8:0) 91716c54 eeb6a1e7
[    5.646666] random 0035 0000 0000 91716c54 eeb6a1e7: add_timer_randomness(.. 8388864) with jiffies: 7574850532225548759, cycles: 7574850527930875914
[    5.646668] random 0035 0000 0000 91716c54 eeb6a1e7: added 2 entropy credits to input
[    5.647392] random 0037 0000 0000 91716c54 eeb6a1e7: add_disk_randomness(8:0) 91716c54 eeb6a1e7
[    5.647395] random 0037 0000 0000 91716c54 eeb6a1e7: add_timer_randomness(.. 8388864) with jiffies: 7581426642551800279, cycles: 7581426638257127434
[    5.652084] random 0037 0000 0000 91716c54 eeb6a1e7: add_disk_randomness(8:0) 91716c54 eeb6a1e7
[    5.652087] random 0037 0000 0000 91716c54 eeb6a1e7: add_timer_randomness(.. 8388864) with jiffies: 7623630503030784476, cycles: 7623630498736111626
[    5.652090] random 0037 0000 0000 91716c54 eeb6a1e7: added 2 entropy credits to input
[    5.660274] random 0039 0000 0000 91716c54 eeb6a1e7: add_disk_randomness(8:0) 91716c54 eeb6a1e7
[    5.660277] random 0039 0000 0000 91716c54 eeb6a1e7: add_timer_randomness(.. 8388864) with jiffies: 7697317676380291556, cycles: 7697317672085618698
[    5.660280] random 0039 0000 0000 91716c54 eeb6a1e7: added 1 entropy credits to input
[    5.663705] random 0040 0000 0000 91716c54 eeb6a1e7: add_disk_randomness(8:0) 91716c54 eeb6a1e7
[    5.663708] random 0040 0000 0000 91716c54 eeb6a1e7: add_timer_randomness(.. 8388864) with jiffies: 7728176896142967272, cycles: 7728176891848294410
[    5.663711] random 0040 0000 0000 91716c54 eeb6a1e7: added 2 entropy credits to input
[    5.672595] random 0042 0000 0000 91716c54 eeb6a1e7: add_disk_randomness(8:0) 91716c54 eeb6a1e7
[    5.672598] random 0042 0000 0000 91716c54 eeb6a1e7: add_timer_randomness(.. 8388864) with jiffies: 7808172938363634160, cycles: 7808172934068961290
[    5.672601] random 0042 0000 0000 91716c54 eeb6a1e7: added 2 entropy credits to input
[    5.685915] random 0044 0000 0000 91716c54 eeb6a1e7: add_disk_randomness(8:0) 91716c54 eeb6a1e7
[    5.685918] random 0044 0000 0000 91716c54 eeb6a1e7: add_timer_randomness(.. 8388864) with jiffies: 7927995404866257406, cycles: 7927995400571584522
[    5.685921] random 0044 0000 0000 91716c54 eeb6a1e7: added 1 entropy credits to input
[    5.693956] random 0045 0000 0000 91716c54 eeb6a1e7: add_disk_randomness(8:0) 91716c54 eeb6a1e7
[    5.693959] random 0045 0000 0000 91716c54 eeb6a1e7: add_timer_randomness(.. 8388864) with jiffies: 8000342247771701766, cycles: 8000342243477028874
[    5.693962] random 0045 0000 0000 91716c54 eeb6a1e7: added 2 entropy credits to input
[    5.693985] RANDOM get_random_int call with cycles 44812453161, jiffies 4294672902 and pid 1
[    5.693988] RANDOM get_random_int call with cycles 44812460091, jiffies 4294672902 and pid 1
[    5.693990] ASLR stack rand value: 4575232 after shift for pid: 1
[    5.693992] RANDOM get_random_int call with cycles 44812467840, jiffies 4294672902 and pid 1
[    5.705600] random 0047 0000 0000 91716c54 eeb6a1e7: add_disk_randomness(8:0) 91716c54 eeb6a1e7
[    5.705603] random 0047 0000 0000 91716c54 eeb6a1e7: add_timer_randomness(.. 8388864) with jiffies: 8105109213224337937, cycles: 8105109208929665034
[    5.705606] random 0047 0000 0000 91716c54 eeb6a1e7: added 1 entropy credits to input
[    5.705616] RANDOM get_random_int call with cycles 44836818862, jiffies 4294672913 and pid 1
[    5.705622] random 0048 0000 0000 91716c54 eeb6a1e7: rand_read_num 11 get_random_bytes(16): sig fffffcad 91716c54 eeb6a1e7
[    5.705625] random 0048 0000 0000 91716c54 eeb6a1e7: extract_entropy(.. 16 ..)
[    5.705627] random 0048 0000 0000 91716c54 eeb6a1e7: going to reseed nonblocking with 128 bits (128 of 0 requested)
[    5.705629] random 0048 0000 0000 91716c54 eeb6a1e7: extract_entropy(.. 16 ..)
[    5.705631] random 0048 0000 0000 91716c54 eeb6a1e7: trying to extract 128 bits from input
[    5.705634] random 0048 0000 0000 91716c54 eeb6a1e7: debiting 0 entropy credits from input
[    5.705636] random 0048 0000 0000 91716c54 eeb6a1e7: extract_entropy account returned: 0 
[    5.705639] random 0048 0000 0000 91716c54 eeb6a1e7: urand_change_num 47 xfer_secondary_pool(16): pool_sig fffffcad, data_sig 00000000, bytes_mixed 0 91716c54 eeb6a1e7
[    5.705645] random 0048 0000 0000 91716c54 eeb6a1e7: trying to extract 128 bits from nonblocking
[    5.705647] random 0048 0000 0000 91716c54 eeb6a1e7: debiting 128 entropy credits from nonblocking (unlimited)
[    5.705650] random 0048 0000 0000 91716c54 eeb6a1e7: extract_entropy account returned: 16 
[    5.705654] random 0048 0000 0000 91716c54 eeb6a1e7: urand_change_num 48 extract_buf: pool_sig fffffcad, data_sig ffffff19, bytes_mixed 20 91716c54 eeb6a1e7
[    5.705659] random 0048 0000 0000 fd637b06 6cf47bc1: urand_change_num 49 extract_buf: pool_sig fffffede, data_sig ffffffc1, bytes_mixed 20 fd637b06 6cf47bc1
[    5.706606] random 0048 0000 0000 fd637b06 6cf47bc1: add_disk_randomness(8:0) fd637b06 6cf47bc1
[    5.706609] random 0048 0000 0000 fd637b06 6cf47bc1: add_timer_randomness(.. 8388864) with jiffies: 8114160796671115794, cycles: 8114160792376442890
[    5.707755] random 0048 0000 0000 fd637b06 6cf47bc1: add_disk_randomness(8:0) fd637b06 6cf47bc1
[    5.707757] random 0048 0000 0000 fd637b06 6cf47bc1: add_timer_randomness(.. 8388864) with jiffies: 8124477991015907860, cycles: 8124477986721234954
[    5.708904] random 0048 0000 0000 fd637b06 6cf47bc1: add_disk_randomness(8:0) fd637b06 6cf47bc1
[    5.708907] random 0048 0000 0000 fd637b06 6cf47bc1: add_timer_randomness(.. 8388864) with jiffies: 8134821878582444565, cycles: 8134821874287771658
[    5.709790] random 0048 0000 0000 fd637b06 6cf47bc1: add_disk_randomness(8:0) fd637b06 6cf47bc1
[    5.709793] random 0048 0000 0000 fd637b06 6cf47bc1: add_timer_randomness(.. 8388864) with jiffies: 8142792036508729878, cycles: 8142792032214056970
[    5.718598] random 0048 0000 0000 fd637b06 6cf47bc1: add_disk_randomness(8:0) fd637b06 6cf47bc1
[    5.718601] random 0048 0000 0000 fd637b06 6cf47bc1: add_timer_randomness(.. 8388864) with jiffies: 8222043838206411294, cycles: 8222043833911738378
[    5.718603] random 0048 0000 0000 fd637b06 6cf47bc1: added 2 entropy credits to input
[    5.718804] random 0050 0000 0000 fd637b06 6cf47bc1: add_disk_randomness(8:0) fd637b06 6cf47bc1
[    5.718807] random 0050 0000 0000 fd637b06 6cf47bc1: add_timer_randomness(.. 8388864) with jiffies: 8223888853077557791, cycles: 8223888848782884874
[    5.728986] random 0050 0000 0000 fd637b06 6cf47bc1: add_disk_randomness(8:0) fd637b06 6cf47bc1
[    5.728989] random 0050 0000 0000 fd637b06 6cf47bc1: add_timer_randomness(.. 8388864) with jiffies: 8315495338655580713, cycles: 8315495334360907786
[    5.728992] random 0050 0000 0000 fd637b06 6cf47bc1: added 3 entropy credits to input
[    5.729424] random 0053 0000 0000 fd637b06 6cf47bc1: add_disk_randomness(8:0) fd637b06 6cf47bc1
[    5.729427] random 0053 0000 0000 fd637b06 6cf47bc1: add_timer_randomness(.. 8388864) with jiffies: 8319445355653202473, cycles: 8319445351358529546
[    5.739165] random 0053 0000 0000 fd637b06 6cf47bc1: add_disk_randomness(8:0) fd637b06 6cf47bc1
[    5.739168] random 0053 0000 0000 fd637b06 6cf47bc1: add_timer_randomness(.. 8388864) with jiffies: 8407071926966256179, cycles: 8407071922671583242
[    5.739170] random 0053 0000 0000 fd637b06 6cf47bc1: added 3 entropy credits to input
[    5.739223] RANDOM get_random_int call with cycles 44907214296, jiffies 4294672947 and pid 1
[    5.743767] random 0056 0000 0000 fd637b06 6cf47bc1: add_disk_randomness(8:0) fd637b06 6cf47bc1
[    5.743770] random 0056 0000 0000 fd637b06 6cf47bc1: add_timer_randomness(.. 8388864) with jiffies: 8448472061625205304, cycles: 8448472057330532362
[    5.743773] random 0056 0000 0000 fd637b06 6cf47bc1: added 2 entropy credits to input
[    5.756598] random 0058 0000 0000 fd637b06 6cf47bc1: add_disk_randomness(8:0) fd637b06 6cf47bc1
[    5.756601] random 0058 0000 0000 fd637b06 6cf47bc1: add_timer_randomness(.. 8388864) with jiffies: 8563925610084926020, cycles: 8563925605790253066
[    5.756604] random 0058 0000 0000 fd637b06 6cf47bc1: added 2 entropy credits to input
[    5.756743] random 0060 0000 0000 fd637b06 6cf47bc1: add_disk_randomness(8:0) fd637b06 6cf47bc1
[    5.756746] random 0060 0000 0000 fd637b06 6cf47bc1: add_timer_randomness(.. 8388864) with jiffies: 8565210788853940805, cycles: 8565210784559267850
[    5.758901] random 0060 0000 0000 fd637b06 6cf47bc1: add_disk_randomness(8:0) fd637b06 6cf47bc1
[    5.758904] random 0060 0000 0000 fd637b06 6cf47bc1: add_timer_randomness(.. 8388864) with jiffies: 8584630028216271431, cycles: 8584630023921598474
[    5.759147] random 0060 0000 0000 fd637b06 6cf47bc1: add_disk_randomness(8:0) fd637b06 6cf47bc1
[    5.759150] random 0060 0000 0000 fd637b06 6cf47bc1: add_timer_randomness(.. 8388864) with jiffies: 8586850882790588999, cycles: 8586850878495916042
[    5.759290] random 0060 0000 0000 fd637b06 6cf47bc1: add_disk_randomness(8:0) fd637b06 6cf47bc1
[    5.759293] random 0060 0000 0000 fd637b06 6cf47bc1: add_timer_randomness(.. 8388864) with jiffies: 8588134979227845191, cycles: 8588134974933172234
[    5.762453] random 0060 0000 0000 fd637b06 6cf47bc1: add_disk_randomness(8:0) fd637b06 6cf47bc1
[    5.762456] random 0060 0000 0000 fd637b06 6cf47bc1: add_timer_randomness(.. 8388864) with jiffies: 8616593539905323594, cycles: 8616593535610650634
[    5.762459] random 0060 0000 0000 fd637b06 6cf47bc1: added 1 entropy credits to input
[    5.764469] random 0061 0000 0000 fd637b06 6cf47bc1: add_disk_randomness(8:0) fd637b06 6cf47bc1
[    5.764472] random 0061 0000 0000 fd637b06 6cf47bc1: add_timer_randomness(.. 8388864) with jiffies: 8634731796681687628, cycles: 8634731792387014666
[    5.772300] random 0061 0000 0000 fd637b06 6cf47bc1: add_disk_randomness(8:0) fd637b06 6cf47bc1
[    5.772303] random 0061 0000 0000 fd637b06 6cf47bc1: add_timer_randomness(.. 8388864) with jiffies: 8705179057156489812, cycles: 8705179052861816842
[    5.772305] random 0061 0000 0000 fd637b06 6cf47bc1: added 2 entropy credits to input
[    5.772436] random 0063 0000 0000 fd637b06 6cf47bc1: add_disk_randomness(8:0) fd637b06 6cf47bc1
[    5.772439] random 0063 0000 0000 fd637b06 6cf47bc1: add_timer_randomness(.. 8388864) with jiffies: 8706410617553781332, cycles: 8706410613259108362
[    5.775998] random 0063 0000 0000 fd637b06 6cf47bc1: add_disk_randomness(8:0) fd637b06 6cf47bc1
[    5.776001] random 0063 0000 0000 fd637b06 6cf47bc1: add_timer_randomness(.. 8388864) with jiffies: 8738446688420332120, cycles: 8738446684125659146
[    5.776003] random 0063 0000 0000 fd637b06 6cf47bc1: added 2 entropy credits to input
[    5.780494] random 0065 0000 0000 fd637b06 6cf47bc1: add_disk_randomness(8:0) fd637b06 6cf47bc1
[    5.780497] random 0065 0000 0000 fd637b06 6cf47bc1: add_timer_randomness(.. 8388864) with jiffies: 8778903077030429276, cycles: 8778903072735756298
[    5.786075] random 0065 0000 0000 fd637b06 6cf47bc1: add_disk_randomness(8:0) fd637b06 6cf47bc1
[    5.786078] random 0065 0000 0000 fd637b06 6cf47bc1: add_timer_randomness(.. 8388864) with jiffies: 8829105910371287650, cycles: 8829105906076614666
[    5.786081] random 0065 0000 0000 fd637b06 6cf47bc1: added 1 entropy credits to input
[    5.792348] random 0066 0000 0000 fd637b06 6cf47bc1: add_disk_randomness(8:0) fd637b06 6cf47bc1
[    5.792352] random 0066 0000 0000 fd637b06 6cf47bc1: add_timer_randomness(.. 8388864) with jiffies: 8885554875996013160, cycles: 8885554871701340170
[    5.792362] random 0066 0000 0000 fd637b06 6cf47bc1: rand_read_num 12 get_random_bytes(16): sig 0000033b fd637b06 6cf47bc1
[    5.792365] random 0066 0000 0000 fd637b06 6cf47bc1: extract_entropy(.. 16 ..)
[    5.792367] random 0066 0000 0000 fd637b06 6cf47bc1: going to reseed nonblocking with 128 bits (128 of 0 requested)
[    5.792369] random 0066 0000 0000 fd637b06 6cf47bc1: extract_entropy(.. 16 ..)
[    5.792372] random 0066 0000 0000 fd637b06 6cf47bc1: trying to extract 128 bits from input
[    5.792374] random 0066 0000 0000 fd637b06 6cf47bc1: debiting 0 entropy credits from input
[    5.792376] random 0066 0000 0000 fd637b06 6cf47bc1: extract_entropy account returned: 0 
[    5.792379] random 0066 0000 0000 fd637b06 6cf47bc1: urand_change_num 50 xfer_secondary_pool(16): pool_sig 0000033b, data_sig 00000000, bytes_mixed 0 fd637b06 6cf47bc1
[    5.792382] random 0066 0000 0000 fd637b06 6cf47bc1: trying to extract 128 bits from nonblocking
[    5.792384] random 0066 0000 0000 fd637b06 6cf47bc1: debiting 128 entropy credits from nonblocking (unlimited)
[    5.792386] random 0066 0000 0000 fd637b06 6cf47bc1: extract_entropy account returned: 16 
[    5.792391] random 0066 0000 0000 fd637b06 6cf47bc1: urand_change_num 51 extract_buf: pool_sig 0000033b, data_sig 000000d8, bytes_mixed 20 fd637b06 6cf47bc1
[    5.792396] random 0066 0000 0000 0ec1f012 d4727ca8: urand_change_num 52 extract_buf: pool_sig fffffcf5, data_sig 00000016, bytes_mixed 20 0ec1f012 d4727ca8
[    5.799101] random 0066 0000 0000 45b1d0b1 845a73f7: add_disk_randomness(8:0) 45b1d0b1 845a73f7
[    5.799104] random 0066 0000 0000 45b1d0b1 845a73f7: add_timer_randomness(.. 8388864) with jiffies: 8946297859728966255, cycles: 8946297855434293258
[    5.806320] random 0066 0000 0000 45b1d0b1 845a73f7: add_disk_randomness(8:0) 45b1d0b1 845a73f7
[    5.806323] random 0066 0000 0000 45b1d0b1 845a73f7: add_timer_randomness(.. 8388864) with jiffies: 9011254541386744438, cycles: 9011254537092071434
[    5.811915] random 0066 0000 0000 45b1d0b1 845a73f7: add_disk_randomness(8:0) 45b1d0b1 845a73f7
[    5.811918] random 0066 0000 0000 45b1d0b1 845a73f7: add_timer_randomness(.. 8388864) with jiffies: 9061585673990668924, cycles: 9061585669695995914
[    5.823746] random 0066 0000 0000 45b1d0b1 845a73f7: add_disk_randomness(8:0) 45b1d0b1 845a73f7
[    5.823749] random 0066 0000 0000 45b1d0b1 845a73f7: add_timer_randomness(.. 8388864) with jiffies: 9168019791128789640, cycles: 9168019786834116618
[    5.823752] random 0066 0000 0000 45b1d0b1 845a73f7: added 2 entropy credits to input
[    5.826887] random 0068 0000 0000 45b1d0b1 845a73f7: add_disk_randomness(8:0) 45b1d0b1 845a73f7
[    5.826890] random 0068 0000 0000 45b1d0b1 845a73f7: add_timer_randomness(.. 8388864) with jiffies: 9196282810535215755, cycles: 9196282806240542730
[    5.826893] random 0068 0000 0000 45b1d0b1 845a73f7: added 1 entropy credits to input
[    5.841156] random 0069 0000 0000 45b1d0b1 845a73f7: add_disk_randomness(8:0) 45b1d0b1 845a73f7
[    5.841159] random 0069 0000 0000 45b1d0b1 845a73f7: add_timer_randomness(.. 8388864) with jiffies: 9324654933426537113, cycles: -9122089144577687542
[    5.841162] random 0069 0000 0000 45b1d0b1 845a73f7: added 3 entropy credits to input
[    5.846549] random 0072 0000 0000 45b1d0b1 845a73f7: add_disk_randomness(8:0) 45b1d0b1 845a73f7
[    5.846552] random 0072 0000 0000 45b1d0b1 845a73f7: add_timer_randomness(.. 8388864) with jiffies: 9373181501161308830, cycles: -9073562576842915830
[    5.846554] random 0072 0000 0000 45b1d0b1 845a73f7: added 2 entropy credits to input
[    5.851726] random 0074 0000 0000 45b1d0b1 845a73f7: add_disk_randomness(8:0) 45b1d0b1 845a73f7
[    5.851729] random 0074 0000 0000 45b1d0b1 845a73f7: add_timer_randomness(.. 8388864) with jiffies: 9419743641049203364, cycles: -9027000436955021302
[    5.859954] random 0074 0000 0000 45b1d0b1 845a73f7: add_disk_randomness(8:0) 45b1d0b1 845a73f7
[    5.859957] random 0074 0000 0000 45b1d0b1 845a73f7: add_timer_randomness(.. 8388864) with jiffies: 9493777568583353004, cycles: -8952966509420871670
[    5.869555] random 0074 0000 0000 45b1d0b1 845a73f7: add_disk_randomness(8:0) 45b1d0b1 845a73f7
[    5.869558] random 0074 0000 0000 45b1d0b1 845a73f7: add_timer_randomness(.. 8388864) with jiffies: 9580165230810071733, cycles: -8866578847194152950
[    5.889061] random 0074 0000 0000 45b1d0b1 845a73f7: add_disk_randomness(8:0) 45b1d0b1 845a73f7
[    5.889064] random 0074 0000 0000 45b1d0b1 845a73f7: add_timer_randomness(.. 8388864) with jiffies: 9755648231495926473, cycles: -8691095846508298230
[    5.889067] random 0074 0000 0000 45b1d0b1 845a73f7: added 3 entropy credits to input
[    5.902344] random 0077 0000 0000 45b1d0b1 845a73f7: add_disk_randomness(8:0) 45b1d0b1 845a73f7
[    5.902347] random 0077 0000 0000 45b1d0b1 845a73f7: add_timer_randomness(.. 8388864) with jiffies: 9875150332092973782, cycles: -8571593745911250934
[    5.902350] random 0077 0000 0000 45b1d0b1 845a73f7: added 2 entropy credits to input
[    5.910364] random 0079 0000 0000 45b1d0b1 845a73f7: add_disk_randomness(8:0) 45b1d0b1 845a73f7
[    5.910367] random 0079 0000 0000 45b1d0b1 845a73f7: add_timer_randomness(.. 8388864) with jiffies: 9947305692471460574, cycles: -8499438385532764150
[    5.910370] random 0079 0000 0000 45b1d0b1 845a73f7: added 1 entropy credits to input
[    5.920378] random 0080 0000 0000 45b1d0b1 845a73f7: add_disk_randomness(8:0) 45b1d0b1 845a73f7
[    5.920381] random 0080 0000 0000 45b1d0b1 845a73f7: add_timer_randomness(.. 8388864) with jiffies: 10037402999556113128, cycles: -8409341078448111606
[    5.920384] random 0080 0000 0000 45b1d0b1 845a73f7: added 1 entropy credits to input
[    5.933264] random 0081 0000 0000 45b1d0b1 845a73f7: add_disk_randomness(8:0) 45b1d0b1 845a73f7
[    5.933267] random 0081 0000 0000 45b1d0b1 845a73f7: add_timer_randomness(.. 8388864) with jiffies: 10153331554218902261, cycles: -8293412523785322486
[    5.940620] random 0081 0000 0000 45b1d0b1 845a73f7: add_disk_randomness(8:0) 45b1d0b1 845a73f7
[    5.940623] random 0081 0000 0000 45b1d0b1 845a73f7: add_timer_randomness(.. 8388864) with jiffies: 10219515737529877244, cycles: -8227228340474347510
[    5.940626] random 0081 0000 0000 45b1d0b1 845a73f7: added 2 entropy credits to input
[    5.945914] random 0083 0000 0000 45b1d0b1 845a73f7: add_disk_randomness(8:0) 45b1d0b1 845a73f7
[    5.945917] random 0083 0000 0000 45b1d0b1 845a73f7: add_timer_randomness(.. 8388864) with jiffies: 10267128503727784706, cycles: -8179615574276440054
[    5.952307] random 0083 0000 0000 45b1d0b1 845a73f7: add_disk_randomness(8:0) 45b1d0b1 845a73f7
[    5.952310] random 0083 0000 0000 45b1d0b1 845a73f7: add_timer_randomness(.. 8388864) with jiffies: 10324656420971840264, cycles: -8122087657032384502
[    5.957362] random 0083 0000 0000 45b1d0b1 845a73f7: add_disk_randomness(8:0) 45b1d0b1 845a73f7
[    5.957365] random 0083 0000 0000 45b1d0b1 845a73f7: add_timer_randomness(.. 8388864) with jiffies: 10370129099455431437, cycles: -8076614978548793334
[    5.963264] random 0083 0000 0000 45b1d0b1 845a73f7: add_disk_randomness(8:0) 45b1d0b1 845a73f7
[    5.963267] random 0083 0000 0000 45b1d0b1 845a73f7: add_timer_randomness(.. 8388864) with jiffies: 10423230417245799187, cycles: -8023513660758425590
[    5.972615] random 0083 0000 0000 45b1d0b1 845a73f7: add_disk_randomness(8:0) 45b1d0b1 845a73f7
[    5.972618] random 0083 0000 0000 45b1d0b1 845a73f7: add_timer_randomness(.. 8388864) with jiffies: 10507365068478055196, cycles: -7939379009526169590
[    5.972621] random 0083 0000 0000 45b1d0b1 845a73f7: added 1 entropy credits to input
[    5.977492] random 0084 0000 0000 45b1d0b1 845a73f7: add_disk_randomness(8:0) 45b1d0b1 845a73f7
[    5.977495] random 0084 0000 0000 45b1d0b1 845a73f7: add_timer_randomness(.. 8388864) with jiffies: 10551236664758076193, cycles: -7895507413246148598
[    5.977498] random 0084 0000 0000 45b1d0b1 845a73f7: added 2 entropy credits to input
[    5.984932] random 0086 0000 0000 45b1d0b1 845a73f7: add_disk_randomness(8:0) 45b1d0b1 845a73f7
[    5.984935] random 0086 0000 0000 45b1d0b1 845a73f7: add_timer_randomness(.. 8388864) with jiffies: 10618165311930336041, cycles: -7828578766073888758
[    5.984938] random 0086 0000 0000 45b1d0b1 845a73f7: added 1 entropy credits to input
[    5.991150] random 0087 0000 0000 45b1d0b1 845a73f7: add_disk_randomness(8:0) 45b1d0b1 845a73f7
[    5.991153] random 0087 0000 0000 45b1d0b1 845a73f7: add_timer_randomness(.. 8388864) with jiffies: 10674110318977450799, cycles: -7772633759026774006
[    5.991156] random 0087 0000 0000 45b1d0b1 845a73f7: added 1 entropy credits to input
[    5.991302] random 0088 0000 0000 45b1d0b1 845a73f7: add_disk_randomness(8:0) 45b1d0b1 845a73f7
[    5.991305] random 0088 0000 0000 45b1d0b1 845a73f7: add_timer_randomness(.. 8388864) with jiffies: 10675479511601742639, cycles: -7771264566402482166
[    6.005709] random 0088 0000 0000 45b1d0b1 845a73f7: add_disk_randomness(8:0) 45b1d0b1 845a73f7
[    6.005713] random 0088 0000 0000 45b1d0b1 845a73f7: add_timer_randomness(.. 8388864) with jiffies: 10805091673155797822, cycles: -7641652404848426998
[    6.005716] random 0088 0000 0000 45b1d0b1 845a73f7: added 3 entropy credits to input
[    6.013131] random 0091 0000 0000 45b1d0b1 845a73f7: add_disk_randomness(8:0) 45b1d0b1 845a73f7
[    6.013134] random 0091 0000 0000 45b1d0b1 845a73f7: add_timer_randomness(.. 8388864) with jiffies: 10871862162452349765, cycles: -7574881915551875062
[    6.013136] random 0091 0000 0000 45b1d0b1 845a73f7: added 2 entropy credits to input
[    6.022813] random 0093 0000 0000 45b1d0b1 845a73f7: add_disk_randomness(8:0) 45b1d0b1 845a73f7
[    6.022816] random 0093 0000 0000 45b1d0b1 845a73f7: add_timer_randomness(.. 8388864) with jiffies: 10958964704805618511, cycles: -7487779373198606326
[    6.022819] random 0093 0000 0000 45b1d0b1 845a73f7: added 1 entropy credits to input
[    6.033444] random 0094 0000 0000 45b1d0b1 845a73f7: add_disk_randomness(8:0) 45b1d0b1 845a73f7
[    6.033448] random 0094 0000 0000 45b1d0b1 845a73f7: add_timer_randomness(.. 8388864) with jiffies: 11054626597288772441, cycles: -7392117480715452406
[    6.045961] random 0094 0000 0000 45b1d0b1 845a73f7: add_disk_randomness(8:0) 45b1d0b1 845a73f7
[    6.045964] random 0094 0000 0000 45b1d0b1 845a73f7: add_timer_randomness(.. 8388864) with jiffies: 11167225491440239462, cycles: -7279518586563985398
[    6.045967] random 0094 0000 0000 45b1d0b1 845a73f7: added 1 entropy credits to input
[    6.047172] random 0095 0000 0000 45b1d0b1 845a73f7: add_disk_randomness(8:0) 45b1d0b1 845a73f7
[    6.047175] random 0095 0000 0000 45b1d0b1 845a73f7: add_timer_randomness(.. 8388864) with jiffies: 11178122858557309799, cycles: -7268621219446915062
[    6.051185] random 0095 0000 0000 45b1d0b1 845a73f7: add_disk_randomness(8:0) 45b1d0b1 845a73f7
[    6.051188] random 0095 0000 0000 45b1d0b1 845a73f7: add_timer_randomness(.. 8388864) with jiffies: 11214223630638220139, cycles: -7232520447366004726
[    6.051190] random 0095 0000 0000 45b1d0b1 845a73f7: added 1 entropy credits to input
[    6.060528] random 0096 0000 0000 45b1d0b1 845a73f7: add_disk_randomness(8:0) 45b1d0b1 845a73f7
[    6.060531] random 0096 0000 0000 45b1d0b1 845a73f7: add_timer_randomness(.. 8388864) with jiffies: 11298291087107130228, cycles: -7148452990897094646
[    6.060534] random 0096 0000 0000 45b1d0b1 845a73f7: added 1 entropy credits to input
[    6.060873] random 0097 0000 0000 45b1d0b1 845a73f7: add_disk_randomness(8:0) 45b1d0b1 845a73f7
[    6.060876] random 0097 0000 0000 45b1d0b1 845a73f7: add_timer_randomness(.. 8388864) with jiffies: 11301380603112031093, cycles: -7145363474892193782
[    6.076536] random 0097 0000 0000 45b1d0b1 845a73f7: add_disk_randomness(8:0) 45b1d0b1 845a73f7
[    6.076539] random 0097 0000 0000 45b1d0b1 845a73f7: add_timer_randomness(.. 8388864) with jiffies: 11442306601876947844, cycles: -7004437476127277046
[    6.076541] random 0097 0000 0000 45b1d0b1 845a73f7: added 3 entropy credits to input
[    6.078168] random 0100 0000 0000 45b1d0b1 845a73f7: add_disk_randomness(8:0) 45b1d0b1 845a73f7
[    6.078171] random 0100 0000 0000 45b1d0b1 845a73f7: add_timer_randomness(.. 8388864) with jiffies: 11456986044180431750, cycles: -6989758033823793142
[    6.078174] random 0100 0000 0000 45b1d0b1 845a73f7: added 1 entropy credits to input
[    6.078324] random 0101 0000 0000 45b1d0b1 845a73f7: add_disk_randomness(8:0) 45b1d0b1 845a73f7
[    6.078327] random 0101 0000 0000 45b1d0b1 845a73f7: add_timer_randomness(.. 8388864) with jiffies: 11458390502781191046, cycles: -6988353575223033846
[    6.089189] random 0101 0000 0000 45b1d0b1 845a73f7: add_disk_randomness(8:0) 45b1d0b1 845a73f7
[    6.089192] random 0101 0000 0000 45b1d0b1 845a73f7: add_timer_randomness(.. 8388864) with jiffies: 11556137958368838545, cycles: -6890606119635386358
[    6.089195] random 0101 0000 0000 45b1d0b1 845a73f7: added 3 entropy credits to input
[    6.089760] random 0104 0000 0000 45b1d0b1 845a73f7: add_disk_randomness(8:0) 45b1d0b1 845a73f7
[    6.089763] random 0104 0000 0000 45b1d0b1 845a73f7: add_timer_randomness(.. 8388864) with jiffies: 11561265865852421010, cycles: -6885478212151803894
[    6.094987] random 0104 0000 0000 45b1d0b1 845a73f7: add_disk_randomness(8:0) 45b1d0b1 845a73f7
[    6.094990] random 0104 0000 0000 45b1d0b1 845a73f7: add_timer_randomness(.. 8388864) with jiffies: 11608299271026869143, cycles: -6838444806977355766
[    6.094993] random 0104 0000 0000 45b1d0b1 845a73f7: added 2 entropy credits to input
[    6.096743] random 0106 0000 0000 45b1d0b1 845a73f7: add_disk_randomness(8:0) 45b1d0b1 845a73f7
[    6.096746] random 0106 0000 0000 45b1d0b1 845a73f7: add_timer_randomness(.. 8388864) with jiffies: 11624093330358109081, cycles: -6822650747646115830
[    6.096749] random 0106 0000 0000 45b1d0b1 845a73f7: added 1 entropy credits to input
[    6.106968] random 0107 0000 0000 45b1d0b1 845a73f7: add_disk_randomness(8:0) 45b1d0b1 845a73f7
[    6.106971] random 0107 0000 0000 45b1d0b1 845a73f7: add_timer_randomness(.. 8388864) with jiffies: 11716087471094334371, cycles: -6730656606909890550
[    6.106974] random 0107 0000 0000 45b1d0b1 845a73f7: added 3 entropy credits to input
[    6.120906] random 0110 0000 0000 45b1d0b1 845a73f7: add_disk_randomness(8:0) 45b1d0b1 845a73f7
[    6.120909] random 0110 0000 0000 45b1d0b1 845a73f7: add_timer_randomness(.. 8388864) with jiffies: 11841484083592659889, cycles: -6605259994411565046
