[    0.000000] random 0000 0000 0000 00000000 00000000: rand_read_num 1 get_random_bytes(8): sig 00000000 00000000 00000000
[    0.000000] random 0000 0000 0000 00000000 00000000: extract_entropy(.. 8 ..)
[    0.000000] random 0000 0000 0000 00000000 00000000: going to reseed nonblocking with 64 bits (64 of 0 requested)
[    0.000000] random 0000 0000 0000 00000000 00000000: extract_entropy(.. 8 ..)
[    0.000000] random 0000 0000 0000 00000000 00000000: trying to extract 64 bits from input
[    0.000000] random 0000 0000 0000 00000000 00000000: debiting 0 entropy credits from input
[    0.000000] random 0000 0000 0000 00000000 00000000: extract_entropy account returned: 0 
[    0.000000] random 0000 0000 0000 00000000 00000000: urand_change_num 1 xfer_secondary_pool(8): pool_sig 00000000, data_sig 00000000, bytes_mixed 0 00000000 00000000
[    0.000000] random 0000 0000 0000 00000000 00000000: trying to extract 64 bits from nonblocking
[    0.000000] random 0000 0000 0000 00000000 00000000: debiting 64 entropy credits from nonblocking (unlimited)
[    0.000000] random 0000 0000 0000 00000000 00000000: extract_entropy account returned: 8 
[    0.000000] random 0000 0000 0000 00000000 00000000: urand_change_num 2 extract_buf: pool_sig 00000000, data_sig fffffff9, bytes_mixed 20 00000000 00000000
[    0.000000] Linux version 2.6.32.57 (dcashman@dcashman-02) (gcc version 4.3.3 (GCC) ) #6 Thu May 30 09:02:12 PDT 2013
[    0.000000] KERNEL supported cpus:
[    0.000000]   Intel GenuineIntel
[    0.000000]   AMD AuthenticAMD
[    0.000000]   NSC Geode by NSC
[    0.000000]   Cyrix CyrixInstead
[    0.000000]   Centaur CentaurHauls
[    0.000000]   Transmeta GenuineTMx86
[    0.000000]   Transmeta TransmetaCPU
[    0.000000]   UMC UMC UMC UMC
[    0.000000] BIOS-provided physical RAM map:
[    0.000000]  BIOS-e820: 0000000000000000 - 000000000009d800 (usable)
[    0.000000]  BIOS-e820: 000000000009d800 - 00000000000a0000 (reserved)
[    0.000000]  BIOS-e820: 00000000000d2000 - 00000000000d4000 (reserved)
[    0.000000]  BIOS-e820: 00000000000e0000 - 0000000000100000 (reserved)
[    0.000000]  BIOS-e820: 0000000000100000 - 000000003d6b0000 (usable)
[    0.000000]  BIOS-e820: 000000003d6b0000 - 000000003d6cc000 (ACPI data)
[    0.000000]  BIOS-e820: 000000003d6cc000 - 000000003d700000 (ACPI NVS)
[    0.000000]  BIOS-e820: 000000003d700000 - 000000003e000000 (reserved)
[    0.000000]  BIOS-e820: 00000000f0000000 - 00000000f4000000 (reserved)
[    0.000000]  BIOS-e820: 00000000fec00000 - 00000000fec10000 (reserved)
[    0.000000]  BIOS-e820: 00000000fed00000 - 00000000fed00400 (reserved)
[    0.000000]  BIOS-e820: 00000000fed14000 - 00000000fed1a000 (reserved)
[    0.000000]  BIOS-e820: 00000000fed1c000 - 00000000fed90000 (reserved)
[    0.000000]  BIOS-e820: 00000000fee00000 - 00000000fee01000 (reserved)
[    0.000000]  BIOS-e820: 00000000ff000000 - 0000000100000000 (reserved)
[    0.000000] DMI present.
[    0.000000] last_pfn = 0x3d6b0 max_arch_pfn = 0x100000
[    0.000000] MTRR default type: uncachable
[    0.000000] MTRR fixed ranges enabled:
[    0.000000]   00000-9FFFF write-back
[    0.000000]   A0000-BFFFF uncachable
[    0.000000]   C0000-CFFFF write-protect
[    0.000000]   D0000-DFFFF uncachable
[    0.000000]   E0000-FFFFF write-protect
[    0.000000] MTRR variable ranges enabled:
[    0.000000]   0 base 03E000000 mask FFE000000 uncachable
[    0.000000]   1 base 000000000 mask FC0000000 write-back
[    0.000000]   2 base 03D700000 mask FFFF00000 uncachable
[    0.000000]   3 base 03D800000 mask FFF800000 uncachable
[    0.000000]   4 disabled
[    0.000000]   5 disabled
[    0.000000]   6 disabled
[    0.000000]   7 disabled
[    0.000000] initial memory mapped : 0 - 02000000
[    0.000000] init_memory_mapping: 0000000000000000-00000000377fe000
[    0.000000]  0000000000 - 0000400000 page 4k
[    0.000000]  0000400000 - 0037400000 page 2M
[    0.000000]  0037400000 - 00377fe000 page 4k
[    0.000000] kernel direct mapping tables up to 377fe000 @ 7000-c000
[    0.000000] ACPI: RSDP 000f68d0 00024 (v02 LENOVO)
[    0.000000] ACPI: XSDT 3d6bb77f 00094 (v01 LENOVO TP-7L    00002170  LTP 00000000)
[    0.000000] ACPI: FACP 3d6bb900 000F4 (v03 LENOVO TP-7L    00002170 LNVO 00000001)
[    0.000000] ACPI Warning: 32/64X length mismatch in Gpe1Block: 0/32 (20090903/tbfadt-526)
[    0.000000] ACPI Warning: Optional field Gpe1Block has zero address or length: 000000000000102C/0 (20090903/tbfadt-557)
[    0.000000] ACPI: DSDT 3d6bbd1d 0FED1 (v01 LENOVO TP-7L    00002170 MSFT 03000000)
[    0.000000] ACPI: FACS 3d6e4000 00040
[    0.000000] ACPI: SSDT 3d6bbab4 00269 (v01 LENOVO TP-7L    00002170 MSFT 03000000)
[    0.000000] ACPI: ECDT 3d6cbbee 00052 (v01 LENOVO TP-7L    00002170 LNVO 00000001)
[    0.000000] ACPI: TCPA 3d6cbc40 00032 (v02 LENOVO TP-7L    00002170 LNVO 00000001)
[    0.000000] ACPI: APIC 3d6cbc72 00068 (v01 LENOVO TP-7L    00002170 LNVO 00000001)
[    0.000000] ACPI: MCFG 3d6cbcda 0003C (v01 LENOVO TP-7L    00002170 LNVO 00000001)
[    0.000000] ACPI: HPET 3d6cbd16 00038 (v01 LENOVO TP-7L    00002170 LNVO 00000001)
[    0.000000] ACPI: SLIC 3d6cbdf0 00176 (v01 LENOVO TP-7L    00002170  LTP 00000000)
[    0.000000] ACPI: BOOT 3d6cbf66 00028 (v01 LENOVO TP-7L    00002170  LTP 00000001)
[    0.000000] ACPI: ASF! 3d6cbf8e 00072 (v16 LENOVO TP-7L    00002170 PTL  00000001)
[    0.000000] ACPI: SSDT 3d6e26d9 0025F (v01 LENOVO TP-7L    00002170 INTL 20050513)
[    0.000000] ACPI: SSDT 3d6e2938 000A6 (v01 LENOVO TP-7L    00002170 INTL 20050513)
[    0.000000] ACPI: SSDT 3d6e29de 004F7 (v01 LENOVO TP-7L    00002170 INTL 20050513)
[    0.000000] ACPI: SSDT 3d6e2ed5 001D8 (v01 LENOVO TP-7L    00002170 INTL 20050513)
[    0.000000] ACPI: DMI detected: Lenovo ThinkPad R61
[    0.000000] ACPI: Added _OSI(Linux)
[    0.000000] ACPI: Local APIC address 0xfee00000
[    0.000000] 94MB HIGHMEM available.
[    0.000000] 887MB LOWMEM available.
[    0.000000]   mapped low ram: 0 - 377fe000
[    0.000000]   low ram: 0 - 377fe000
[    0.000000]   node 0 low ram: 00000000 - 377fe000
[    0.000000]   node 0 bootmap 00008000 - 0000ef00
[    0.000000] (6 early reservations) ==> bootmem [0000000000 - 00377fe000]
[    0.000000]   #0 [0000000000 - 0000001000]   BIOS data page ==> [0000000000 - 0000001000]
[    0.000000]   #1 [0001000000 - 0001bdc180]    TEXT DATA BSS ==> [0001000000 - 0001bdc180]
[    0.000000]   #2 [000009d800 - 0000100000]    BIOS reserved ==> [000009d800 - 0000100000]
[    0.000000]   #3 [0001bdd000 - 0001be516c]              BRK ==> [0001bdd000 - 0001be516c]
[    0.000000]   #4 [0000007000 - 0000008000]          PGTABLE ==> [0000007000 - 0000008000]
[    0.000000]   #5 [0000008000 - 000000f000]          BOOTMAP ==> [0000008000 - 000000f000]
[    0.000000] found SMP MP-table at [c00f6900] f6900
[    0.000000] Zone PFN ranges:
[    0.000000]   DMA      0x00000000 -> 0x00001000
[    0.000000]   Normal   0x00001000 -> 0x000377fe
[    0.000000]   HighMem  0x000377fe -> 0x0003d6b0
[    0.000000] Movable zone start PFN for each node
[    0.000000] early_node_map[2] active PFN ranges
[    0.000000]     0: 0x00000000 -> 0x0000009d
[    0.000000]     0: 0x00000100 -> 0x0003d6b0
[    0.000000] On node 0 totalpages: 251469
[    0.000000] free_area_init_node: node 0, pgdat c1901ea0, node_mem_map c1be7000
[    0.000000]   DMA zone: 32 pages used for memmap
[    0.000000]   DMA zone: 0 pages reserved
[    0.000000]   DMA zone: 3965 pages, LIFO batch:0
[    0.000000]   Normal zone: 1744 pages used for memmap
[    0.000000]   Normal zone: 221486 pages, LIFO batch:31
[    0.000000]   HighMem zone: 190 pages used for memmap
[    0.000000]   HighMem zone: 24052 pages, LIFO batch:3
[    0.000000] Using APIC driver default
[    0.000000] ACPI: PM-Timer IO Port: 0x1008
[    0.000000] ACPI: Local APIC address 0xfee00000
[    0.000000] ACPI: LAPIC (acpi_id[0x00] lapic_id[0x00] enabled)
[    0.000000] ACPI: LAPIC (acpi_id[0x01] lapic_id[0x01] enabled)
[    0.000000] ACPI: NR_CPUS/possible_cpus limit of 1 reached.  Processor 1/0x1 ignored.
[    0.000000] ACPI: LAPIC_NMI (acpi_id[0x00] high edge lint[0x1])
[    0.000000] ACPI: LAPIC_NMI (acpi_id[0x01] high edge lint[0x1])
[    0.000000] ACPI: IOAPIC (id[0x01] address[0xfec00000] gsi_base[0])
[    0.000000] IOAPIC[0]: apic_id 1, version 32, address 0xfec00000, GSI 0-23
[    0.000000] ACPI: INT_SRC_OVR (bus 0 bus_irq 0 global_irq 2 dfl dfl)
[    0.000000] ACPI: INT_SRC_OVR (bus 0 bus_irq 9 global_irq 9 high level)
[    0.000000] ACPI: IRQ0 used by override.
[    0.000000] ACPI: IRQ2 used by override.
[    0.000000] ACPI: IRQ9 used by override.
[    0.000000] Using ACPI (MADT) for SMP configuration information
[    0.000000] ACPI: HPET id: 0x8086a201 base: 0xfed00000
[    0.000000] nr_irqs_gsi: 24
[    0.000000] PM: Registered nosave memory: 000000000009d000 - 000000000009e000
[    0.000000] PM: Registered nosave memory: 000000000009e000 - 00000000000a0000
[    0.000000] PM: Registered nosave memory: 00000000000a0000 - 00000000000d2000
[    0.000000] PM: Registered nosave memory: 00000000000d2000 - 00000000000d4000
[    0.000000] PM: Registered nosave memory: 00000000000d4000 - 00000000000e0000
[    0.000000] PM: Registered nosave memory: 00000000000e0000 - 0000000000100000
[    0.000000] Allocating PCI resources starting at 3e000000 (gap: 3e000000:b2000000)
[    0.000000] Built 1 zonelists in Zone order, mobility grouping on.  Total pages: 249503
[    0.000000] Kernel command line: auto BOOT_IMAGE=Linux ro root=802 vt.default_utf8=0 maxcpus=0
[    0.000000] PID hash table entries: 4096 (order: 2, 16384 bytes)
[    0.000000] Dentry cache hash table entries: 131072 (order: 7, 524288 bytes)
[    0.000000] Inode-cache hash table entries: 65536 (order: 6, 262144 bytes)
[    0.000000] Enabling fast FPU save and restore... done.
[    0.000000] Enabling unmasked SIMD FPU exception support... done.
[    0.000000] Initializing CPU#0
[    0.000000] Initializing HighMem for node 0 (000377fe:0003d6b0)
[    0.000000] Memory: 984800k/1006272k available (6915k kernel code, 20876k reserved, 2327k data, 448k init, 96968k highmem)
[    0.000000] virtual kernel memory layout:
[    0.000000]     fixmap  : 0xfffa3000 - 0xfffff000   ( 368 kB)
[    0.000000]     pkmap   : 0xff800000 - 0xffc00000   (4096 kB)
[    0.000000]     vmalloc : 0xf7ffe000 - 0xff7fe000   ( 120 MB)
[    0.000000]     lowmem  : 0xc0000000 - 0xf77fe000   ( 887 MB)
[    0.000000]       .init : 0xc1907000 - 0xc1977000   ( 448 kB)
[    0.000000]       .data : 0xc16c0d3f - 0xc1906c64   (2327 kB)
[    0.000000]       .text : 0xc1000000 - 0xc16c0d3f   (6915 kB)
[    0.000000] Checking if this processor honours the WP bit even in supervisor mode...Ok.
[    0.000000] SLUB: Genslabs=13, HWalign=64, Order=0-3, MinObjects=0, CPUs=1, Nodes=1
[    0.000000] Hierarchical RCU implementation.
[    0.000000] NR_IRQS:288
[    0.000000] Extended CMOS year: 2000
[    0.000000] Console: colour VGA+ 80x25
[    0.000000] console [tty0] enabled
[    0.000000] hpet clockevent registered
[    0.000000] Fast TSC calibration using PIT
[    0.000000] Detected 2094.737 MHz processor.
[    0.002002] Calibrating delay loop (skipped), value calculated using timer frequency.. 4189.47 BogoMIPS (lpj=2094737)
[    0.002173] Security Framework initialized
[    0.002259] Mount-cache hash table entries: 512
[    0.002409] CPU: L1 I cache: 32K, L1 D cache: 32K
[    0.002536] CPU: L2 cache: 3072K
[    0.002622] mce: CPU supports 6 MCE banks
[    0.002709] CPU0: Thermal monitoring enabled (TM2)
[    0.002793] using mwait in idle threads.
[    0.002875] CPU: Intel(R) Core(TM)2 Duo CPU     T8100  @ 2.10GHz stepping 06
[    0.003131] Checking 'hlt' instruction... OK.
[    0.007944] ACPI: Core revision 20090903
[    0.027009] RANDOM get_random_int first call with cycles 32576925255, jiffies 4294667323 and pid 0
[    0.027017] CANARY value: 1b58e35a for PID: 1
[    0.027023] CANARY value: e1553683 for PID: 2
[    0.027046] Enabling APIC mode:  Flat.  Using 1 I/O APICs
[    0.028152] ..TIMER: vector=0x30 apic1=0 pin1=2 apic2=-1 pin2=-1
[    0.038997] xor: automatically using best checksumming function: pIII_sse
[    0.042998]    pIII_sse  :  8568.000 MB/sec
[    0.043085] xor: using function: pIII_sse (8568.000 MB/sec)
[    0.043184] RANDOM - __seed init called.
[    0.043185] RANDOM - __seed init called.
[    0.043185] RANDOM - __seed init called.
[    0.043187] RANDOM - __random32 called. Change num 1.  Value: 870e7b8	f6ea009	16c0ad5a
[    0.043189] RANDOM - __random32 called. Change num 2.  Value: e7b8290	f6ea0099	5ab418b8
[    0.043191] RANDOM - __random32 called. Change num 3.  Value: b8290fc5	6ea00996	3171e29b
[    0.043192] RANDOM - __random32 called. Change num 4.  Value: 90fc533a	ea00996a	c5375fde
[    0.043194] RANDOM - __random32 called. Change num 5.  Value: c533a353	a00996a1	bfbd91b4
[    0.043196] RANDOM - __random32 called. Change num 6.  Value: 3a35362b	996a10	23684a23
[    0.043198] RANDOM - random32 init called.  Value: 3a35362b	996a10	23684a23
[    0.043215] NET: Registered protocol family 16
[    0.043476] ACPI FADT declares the system doesn't support PCIe ASPM, so disable it
[    0.043603] ACPI: bus type pci registered
[    0.043778] PCI: MCFG configuration 0: base f0000000 segment 0 buses 0 - 63
[    0.043869] PCI: MCFG area at f0000000 reserved in E820
[    0.043965] PCI: Using MMCONFIG for extended config space
[    0.044002] PCI: Using configuration type 1 for base access
[    0.047166] bio: create slab <bio-0> at 0
[    0.047975] ACPI: EC: EC description table is found, configuring boot EC
[    0.053148] ACPI: BIOS _OSI(Linux) query honored via DMI
[    0.053872] random 0000 0000 0000 00000000 00000000: rand_read_num 2 get_random_bytes(8): sig fffffe1a 00000000 00000000
[    0.053875] random 0000 0000 0000 00000000 00000000: extract_entropy(.. 8 ..)
[    0.053878] random 0000 0000 0000 00000000 00000000: going to reseed nonblocking with 64 bits (64 of 0 requested)
[    0.053880] random 0000 0000 0000 00000000 00000000: extract_entropy(.. 8 ..)
[    0.053882] random 0000 0000 0000 00000000 00000000: trying to extract 64 bits from input
[    0.053884] random 0000 0000 0000 00000000 00000000: debiting 0 entropy credits from input
[    0.053886] random 0000 0000 0000 00000000 00000000: extract_entropy account returned: 0 
[    0.053915] random 0000 0000 0000 00000000 00000000: urand_change_num 3 xfer_secondary_pool(8): pool_sig fffffe1a, data_sig 00000000, bytes_mixed 0 00000000 00000000
[    0.053918] random 0000 0000 0000 00000000 00000000: trying to extract 64 bits from nonblocking
[    0.053921] random 0000 0000 0000 00000000 00000000: debiting 64 entropy credits from nonblocking (unlimited)
[    0.053923] random 0000 0000 0000 00000000 00000000: extract_entropy account returned: 8 
[    0.053927] random 0000 0000 0000 00000000 00000000: urand_change_num 4 extract_buf: pool_sig fffffe1a, data_sig fffffed7, bytes_mixed 20 00000000 00000000
[    0.059696] ACPI: Interpreter enabled
[    0.059788] ACPI: (supports S0 S3 S4 S5)
[    0.060093] ACPI: Using IOAPIC for interrupt routing
[    0.069609] ACPI: EC: GPE = 0x12, I/O: command/status = 0x66, data = 0x62
[    0.069877] ACPI: Power Resource [PUBS] (on)
[    0.072019] ACPI: ACPI Dock Station Driver: 3 docks/bays found
[    0.072426] ACPI: PCI Root Bridge [PCI0] (0000:00)
[    0.072607] pci 0000:00:02.0: reg 10 64bit mmio: [0xf8100000-0xf81fffff]
[    0.072613] pci 0000:00:02.0: reg 18 64bit mmio pref: [0xe0000000-0xefffffff]
[    0.072616] pci 0000:00:02.0: reg 20 io port: [0x1800-0x1807]
[    0.072651] pci 0000:00:02.1: reg 10 64bit mmio: [0xf8200000-0xf82fffff]
[    0.072756] pci 0000:00:19.0: reg 10 32bit mmio: [0xfe000000-0xfe01ffff]
[    0.072765] pci 0000:00:19.0: reg 14 32bit mmio: [0xfe025000-0xfe025fff]
[    0.072772] pci 0000:00:19.0: reg 18 io port: [0x1840-0x185f]
[    0.072838] pci 0000:00:19.0: PME# supported from D0 D3hot D3cold
[    0.072932] pci 0000:00:19.0: PME# disabled
[    0.073064] pci 0000:00:1a.0: reg 20 io port: [0x1860-0x187f]
[    0.073146] pci 0000:00:1a.1: reg 20 io port: [0x1880-0x189f]
[    0.073235] pci 0000:00:1a.7: reg 10 32bit mmio: [0xfe226c00-0xfe226fff]
[    0.073324] pci 0000:00:1a.7: PME# supported from D0 D3hot D3cold
[    0.073427] pci 0000:00:1a.7: PME# disabled
[    0.073563] pci 0000:00:1b.0: reg 10 64bit mmio: [0xfe020000-0xfe023fff]
[    0.073646] pci 0000:00:1b.0: PME# supported from D0 D3hot D3cold
[    0.073749] pci 0000:00:1b.0: PME# disabled
[    0.073994] pci 0000:00:1c.0: PME# supported from D0 D3hot D3cold
[    0.074086] pci 0000:00:1c.0: PME# disabled
[    0.074289] pci 0000:00:1c.1: PME# supported from D0 D3hot D3cold
[    0.074386] pci 0000:00:1c.1: PME# disabled
[    0.074587] pci 0000:00:1c.2: PME# supported from D0 D3hot D3cold
[    0.074682] pci 0000:00:1c.2: PME# disabled
[    0.074895] pci 0000:00:1c.3: PME# supported from D0 D3hot D3cold
[    0.074999] pci 0000:00:1c.3: PME# disabled
[    0.075853] pci 0000:00:1c.4: PME# supported from D0 D3hot D3cold
[    0.075955] pci 0000:00:1c.4: PME# disabled
[    0.076065] pci 0000:00:1d.0: reg 20 io port: [0x18a0-0x18bf]
[    0.076146] pci 0000:00:1d.1: reg 20 io port: [0x18c0-0x18df]
[    0.076223] pci 0000:00:1d.2: reg 20 io port: [0x18e0-0x18ff]
[    0.076317] pci 0000:00:1d.7: reg 10 32bit mmio: [0xfe227000-0xfe2273ff]
[    0.076406] pci 0000:00:1d.7: PME# supported from D0 D3hot D3cold
[    0.076501] pci 0000:00:1d.7: PME# disabled
[    0.076797] pci 0000:00:1f.0: quirk: region 1000-107f claimed by ICH6 ACPI/GPIO/TCO
[    0.076921] pci 0000:00:1f.0: quirk: region 1180-11bf claimed by ICH6 GPIO
[    0.076998] pci 0000:00:1f.0: ICH7 LPC Generic IO decode 1 PIO at 1600 (mask 007f)
[    0.077121] pci 0000:00:1f.0: ICH7 LPC Generic IO decode 2 PIO at 15e0 (mask 000f)
[    0.077252] pci 0000:00:1f.0: ICH7 LPC Generic IO decode 3 PIO at 1680 (mask 001f)
[    0.077455] pci 0000:00:1f.1: reg 10 io port: [0x00-0x07]
[    0.077464] pci 0000:00:1f.1: reg 14 io port: [0x00-0x03]
[    0.077476] pci 0000:00:1f.1: reg 18 io port: [0x00-0x07]
[    0.077485] pci 0000:00:1f.1: reg 1c io port: [0x00-0x03]
[    0.077494] pci 0000:00:1f.1: reg 20 io port: [0x1c00-0x1c0f]
[    0.077576] pci 0000:00:1f.2: reg 10 io port: [0x1c50-0x1c57]
[    0.077584] pci 0000:00:1f.2: reg 14 io port: [0x1c44-0x1c47]
[    0.077592] pci 0000:00:1f.2: reg 18 io port: [0x1c48-0x1c4f]
[    0.077601] pci 0000:00:1f.2: reg 1c io port: [0x1c40-0x1c43]
[    0.077609] pci 0000:00:1f.2: reg 20 io port: [0x1c20-0x1c3f]
[    0.077617] pci 0000:00:1f.2: reg 24 32bit mmio: [0xfe226000-0xfe2267ff]
[    0.077676] pci 0000:00:1f.2: PME# supported from D3hot
[    0.077766] pci 0000:00:1f.2: PME# disabled
[    0.077996] pci 0000:00:1f.3: reg 10 32bit mmio: [0xfe227400-0xfe2274ff]
[    0.078018] pci 0000:00:1f.3: reg 20 io port: [0x1c60-0x1c7f]
[    0.078106] pci 0000:00:1c.0: bridge io port: [0x2000-0x2fff]
[    0.078112] pci 0000:00:1c.0: bridge 32bit mmio: [0xfc000000-0xfdffffff]
[    0.078121] pci 0000:00:1c.0: bridge 64bit mmio pref: [0xf8000000-0xf80fffff]
[    0.078193] pci 0000:03:00.0: reg 10 64bit mmio: [0xdf3f0000-0xdf3fffff]
[    0.078387] pci 0000:00:1c.1: bridge io port: [0x3000-0x3fff]
[    0.078391] pci 0000:00:1c.1: bridge 32bit mmio: [0xdc000000-0xdf3fffff]
[    0.078398] pci 0000:00:1c.1: bridge 64bit mmio pref: [0xdfe00000-0xdfefffff]
[    0.078454] pci 0000:00:1c.2: bridge io port: [0x4000-0x4fff]
[    0.078459] pci 0000:00:1c.2: bridge 32bit mmio: [0xd8000000-0xd9ffffff]
[    0.078468] pci 0000:00:1c.2: bridge 64bit mmio pref: [0xdfb00000-0xdfbfffff]
[    0.078524] pci 0000:00:1c.3: bridge io port: [0x5000-0x5fff]
[    0.078531] pci 0000:00:1c.3: bridge 32bit mmio: [0xd4000000-0xd5ffffff]
[    0.078539] pci 0000:00:1c.3: bridge 64bit mmio pref: [0xdf800000-0xdf8fffff]
[    0.078598] pci 0000:00:1c.4: bridge io port: [0x6000-0x6fff]
[    0.078604] pci 0000:00:1c.4: bridge 32bit mmio: [0xd0000000-0xd1ffffff]
[    0.078613] pci 0000:00:1c.4: bridge 64bit mmio pref: [0xdf500000-0xdf5fffff]
[    0.078680] pci 0000:15:00.0: reg 10 32bit mmio: [0xf8300000-0xf8300fff]
[    0.078732] pci 0000:15:00.0: supports D1 D2
[    0.078733] pci 0000:15:00.0: PME# supported from D0 D1 D2 D3hot D3cold
[    0.078835] pci 0000:15:00.0: PME# disabled
[    0.078985] pci 0000:15:00.1: reg 10 32bit mmio: [0xf8301000-0xf83017ff]
[    0.079093] pci 0000:15:00.1: supports D1 D2
[    0.079094] pci 0000:15:00.1: PME# supported from D0 D1 D2 D3hot D3cold
[    0.079190] pci 0000:15:00.1: PME# disabled
[    0.079373] pci 0000:00:1e.0: transparent bridge
[    0.079470] pci 0000:00:1e.0: bridge io port: [0x7000-0xafff]
[    0.079475] pci 0000:00:1e.0: bridge 32bit mmio: [0xf8300000-0xfbffffff]
[    0.079482] pci 0000:00:1e.0: bridge 64bit mmio pref: [0xf4000000-0xf7ffffff]
[    0.079552] pci_bus 0000:00: on NUMA node 0
[    0.079556] ACPI: PCI Interrupt Routing Table [\_SB_.PCI0._PRT]
[    0.079689] ACPI: PCI Interrupt Routing Table [\_SB_.PCI0.EXP0._PRT]
[    0.079748] ACPI: PCI Interrupt Routing Table [\_SB_.PCI0.EXP1._PRT]
[    0.079807] ACPI: PCI Interrupt Routing Table [\_SB_.PCI0.EXP2._PRT]
[    0.079864] ACPI: PCI Interrupt Routing Table [\_SB_.PCI0.EXP3._PRT]
[    0.079927] ACPI: PCI Interrupt Routing Table [\_SB_.PCI0.EXP4._PRT]
[    0.079989] ACPI: PCI Interrupt Routing Table [\_SB_.PCI0.PCI1._PRT]
[    0.085460] ACPI: PCI Interrupt Link [LNKA] (IRQs 3 4 5 6 7 9 *10 11)
[    0.086250] ACPI: PCI Interrupt Link [LNKB] (IRQs 3 4 5 6 7 9 10 *11)
[    0.087111] ACPI: PCI Interrupt Link [LNKC] (IRQs 3 4 5 6 7 9 10 *11)
[    0.087905] ACPI: PCI Interrupt Link [LNKD] (IRQs 3 4 5 6 7 9 10 *11)
[    0.088692] ACPI: PCI Interrupt Link [LNKE] (IRQs 3 4 5 6 7 9 10 *11)
[    0.089525] ACPI: PCI Interrupt Link [LNKF] (IRQs 3 4 5 6 7 9 10 *11)
[    0.090357] ACPI: PCI Interrupt Link [LNKG] (IRQs 3 4 5 6 7 9 10 *11)
[    0.091176] ACPI: PCI Interrupt Link [LNKH] (IRQs 3 4 5 6 7 9 10 *11)
[    0.091935] vgaarb: device added: PCI:0000:00:02.0,decodes=io+mem,owns=io+mem,locks=none
[    0.092001] vgaarb: loaded
[    0.092190] SCSI subsystem initialized
[    0.092298] libata version 3.00 loaded.
[    0.092346] usbcore: registered new interface driver usbfs
[    0.092471] usbcore: registered new interface driver hub
[    0.092587] usbcore: registered new device driver usb
[    0.109039] raid6: int32x1    941 MB/s
[    0.125990] raid6: int32x2    886 MB/s
[    0.143069] raid6: int32x4    750 MB/s
[    0.159989] raid6: int32x8    656 MB/s
[    0.177003] raid6: mmxx1     2882 MB/s
[    0.193984] raid6: mmxx2     3253 MB/s
[    0.210985] raid6: sse1x1    1937 MB/s
[    0.227981] raid6: sse1x2    2531 MB/s
[    0.244978] raid6: sse2x1    3507 MB/s
[    0.261973] raid6: sse2x2    3824 MB/s
[    0.262070] raid6: using algorithm sse2x2 (3824 MB/s)
[    0.262167] PCI: Using ACPI for IRQ routing
[    0.262470] HPET: 3 timers in total, 0 timers will be used for per-cpu timer
[    0.262989] Switching to clocksource tsc
[    0.263089] pnp: PnP ACPI init
[    0.263188] ACPI: bus type pnp registered
[    0.266829] pnp: PnP ACPI: found 11 devices
[    0.266940] ACPI: ACPI bus type pnp unregistered
[    0.267044] system 00:00: iomem range 0x0-0x9ffff could not be reserved
[    0.267134] system 00:00: iomem range 0xc0000-0xc3fff could not be reserved
[    0.267228] system 00:00: iomem range 0xc4000-0xc7fff could not be reserved
[    0.267321] system 00:00: iomem range 0xc8000-0xcbfff has been reserved
[    0.267418] system 00:00: iomem range 0xcc000-0xcffff has been reserved
[    0.267513] system 00:00: iomem range 0xd0000-0xd3fff could not be reserved
[    0.267617] system 00:00: iomem range 0xe0000-0xe3fff could not be reserved
[    0.267721] system 00:00: iomem range 0xe4000-0xe7fff could not be reserved
[    0.267813] system 00:00: iomem range 0xe8000-0xebfff could not be reserved
[    0.267914] system 00:00: iomem range 0xec000-0xeffff could not be reserved
[    0.268012] system 00:00: iomem range 0xf0000-0xfffff could not be reserved
[    0.268112] system 00:00: iomem range 0x100000-0x3dffffff could not be reserved
[    0.268229] system 00:00: iomem range 0xfec00000-0xfed3ffff could not be reserved
[    0.268353] system 00:00: iomem range 0xfed4c000-0xffffffff could not be reserved
[    0.268476] system 00:02: ioport range 0x164e-0x164f has been reserved
[    0.268571] system 00:02: ioport range 0x1000-0x107f has been reserved
[    0.268660] system 00:02: ioport range 0x1180-0x11bf has been reserved
[    0.268753] system 00:02: ioport range 0x800-0x80f has been reserved
[    0.268846] system 00:02: ioport range 0x15e0-0x15ef has been reserved
[    0.268939] system 00:02: ioport range 0x1600-0x165f could not be reserved
[    0.269035] system 00:02: iomem range 0xf0000000-0xf3ffffff has been reserved
[    0.269127] system 00:02: iomem range 0xfed1c000-0xfed1ffff has been reserved
[    0.269228] system 00:02: iomem range 0xfed14000-0xfed17fff has been reserved
[    0.269316] system 00:02: iomem range 0xfed18000-0xfed18fff has been reserved
[    0.269417] system 00:02: iomem range 0xfed19000-0xfed19fff has been reserved
[    0.269514] system 00:02: iomem range 0xfed45000-0xfed4bfff has been reserved
[    0.304565] pci 0000:00:1c.0: PCI bridge, secondary bus 0000:02
[    0.304660] pci 0000:00:1c.0:   IO window: 0x2000-0x2fff
[    0.304756] pci 0000:00:1c.0:   MEM window: 0xfc000000-0xfdffffff
[    0.304850] pci 0000:00:1c.0:   PREFETCH window: 0x000000f8000000-0x000000f80fffff
[    0.304988] pci 0000:00:1c.1: PCI bridge, secondary bus 0000:03
[    0.305084] pci 0000:00:1c.1:   IO window: 0x3000-0x3fff
[    0.305191] pci 0000:00:1c.1:   MEM window: 0xdc000000-0xdf3fffff
[    0.305288] pci 0000:00:1c.1:   PREFETCH window: 0x000000dfe00000-0x000000dfefffff
[    0.305414] pci 0000:00:1c.2: PCI bridge, secondary bus 0000:04
[    0.305507] pci 0000:00:1c.2:   IO window: 0x4000-0x4fff
[    0.305600] pci 0000:00:1c.2:   MEM window: 0xd8000000-0xd9ffffff
[    0.305694] pci 0000:00:1c.2:   PREFETCH window: 0x000000dfb00000-0x000000dfbfffff
[    0.305819] pci 0000:00:1c.3: PCI bridge, secondary bus 0000:05
[    0.305920] pci 0000:00:1c.3:   IO window: 0x5000-0x5fff
[    0.306021] pci 0000:00:1c.3:   MEM window: 0xd4000000-0xd5ffffff
[    0.306115] pci 0000:00:1c.3:   PREFETCH window: 0x000000df800000-0x000000df8fffff
[    0.306244] pci 0000:00:1c.4: PCI bridge, secondary bus 0000:0d
[    0.306339] pci 0000:00:1c.4:   IO window: 0x6000-0x6fff
[    0.306433] pci 0000:00:1c.4:   MEM window: 0xd0000000-0xd1ffffff
[    0.306526] pci 0000:00:1c.4:   PREFETCH window: 0x000000df500000-0x000000df5fffff
[    0.306662] pci 0000:15:00.0: CardBus bridge, secondary bus 0000:16
[    0.306754] pci 0000:15:00.0:   IO window: 0x007000-0x0070ff
[    0.306848] pci 0000:15:00.0:   IO window: 0x007400-0x0074ff
[    0.306944] pci 0000:15:00.0:   PREFETCH window: 0xf4000000-0xf7ffffff
[    0.307045] pci 0000:15:00.0:   MEM window: 0x40000000-0x43ffffff
[    0.307144] pci 0000:00:1e.0: PCI bridge, secondary bus 0000:15
[    0.307244] pci 0000:00:1e.0:   IO window: 0x7000-0xafff
[    0.307344] pci 0000:00:1e.0:   MEM window: 0xf8300000-0xfbffffff
[    0.307446] pci 0000:00:1e.0:   PREFETCH window: 0x000000f4000000-0x000000f7ffffff
[    0.307597] pci 0000:00:1c.0: PCI INT A -> GSI 20 (level, low) -> IRQ 20
[    0.307696] pci 0000:00:1c.0: setting latency timer to 64
[    0.307712] pci 0000:00:1c.1: PCI INT B -> GSI 21 (level, low) -> IRQ 21
[    0.307819] pci 0000:00:1c.1: setting latency timer to 64
[    0.307832] pci 0000:00:1c.2: PCI INT C -> GSI 22 (level, low) -> IRQ 22
[    0.307929] pci 0000:00:1c.2: setting latency timer to 64
[    0.307942] pci 0000:00:1c.3: PCI INT D -> GSI 23 (level, low) -> IRQ 23
[    0.308035] pci 0000:00:1c.3: setting latency timer to 64
[    0.308046] pci 0000:00:1c.4: PCI INT A -> GSI 20 (level, low) -> IRQ 20
[    0.308141] pci 0000:00:1c.4: setting latency timer to 64
[    0.308147] pci 0000:00:1e.0: enabling device (0005 -> 0007)
[    0.308243] pci 0000:00:1e.0: setting latency timer to 64
[    0.308260] pci 0000:15:00.0: PCI INT A -> GSI 16 (level, low) -> IRQ 16
[    0.308359] pci 0000:15:00.0: setting latency timer to 64
[    0.308365] pci_bus 0000:00: resource 0 io:  [0x00-0xffff]
[    0.308367] pci_bus 0000:00: resource 1 mem: [0x000000-0xffffffff]
[    0.308369] pci_bus 0000:02: resource 0 io:  [0x2000-0x2fff]
[    0.308371] pci_bus 0000:02: resource 1 mem: [0xfc000000-0xfdffffff]
[    0.308373] pci_bus 0000:02: resource 2 pref mem [0xf8000000-0xf80fffff]
[    0.308375] pci_bus 0000:03: resource 0 io:  [0x3000-0x3fff]
[    0.308376] pci_bus 0000:03: resource 1 mem: [0xdc000000-0xdf3fffff]
[    0.308378] pci_bus 0000:03: resource 2 pref mem [0xdfe00000-0xdfefffff]
[    0.308380] pci_bus 0000:04: resource 0 io:  [0x4000-0x4fff]
[    0.308382] pci_bus 0000:04: resource 1 mem: [0xd8000000-0xd9ffffff]
[    0.308384] pci_bus 0000:04: resource 2 pref mem [0xdfb00000-0xdfbfffff]
[    0.308386] pci_bus 0000:05: resource 0 io:  [0x5000-0x5fff]
[    0.308387] pci_bus 0000:05: resource 1 mem: [0xd4000000-0xd5ffffff]
[    0.308389] pci_bus 0000:05: resource 2 pref mem [0xdf800000-0xdf8fffff]
[    0.308391] pci_bus 0000:0d: resource 0 io:  [0x6000-0x6fff]
[    0.308393] pci_bus 0000:0d: resource 1 mem: [0xd0000000-0xd1ffffff]
[    0.308395] pci_bus 0000:0d: resource 2 pref mem [0xdf500000-0xdf5fffff]
[    0.308397] pci_bus 0000:15: resource 0 io:  [0x7000-0xafff]
[    0.308398] pci_bus 0000:15: resource 1 mem: [0xf8300000-0xfbffffff]
[    0.308400] pci_bus 0000:15: resource 2 pref mem [0xf4000000-0xf7ffffff]
[    0.308402] pci_bus 0000:15: resource 3 io:  [0x00-0xffff]
[    0.308404] pci_bus 0000:15: resource 4 mem: [0x000000-0xffffffff]
[    0.308406] pci_bus 0000:16: resource 0 io:  [0x7000-0x70ff]
[    0.308407] pci_bus 0000:16: resource 1 io:  [0x7400-0x74ff]
[    0.308409] pci_bus 0000:16: resource 2 pref mem [0xf4000000-0xf7ffffff]
[    0.308411] pci_bus 0000:16: resource 3 mem: [0x40000000-0x43ffffff]
[    0.308419] NET: Registered protocol family 2
[    0.308508] RANDOM - __random32 called. Change num 7.  Value: 5362b39e	996a101	94470543
[    0.308510] RANDOM - random32 called.  Value: 5362b39e	996a101	94470543
[    0.308515] random 0000 0000 0000 5f8db4e5 4cfdf2a8: rand_read_num 3 get_random_bytes(4): sig fffffb64 5f8db4e5 4cfdf2a8
[    0.308517] random 0000 0000 0000 5f8db4e5 4cfdf2a8: extract_entropy(.. 4 ..)
[    0.308519] random 0000 0000 0000 5f8db4e5 4cfdf2a8: going to reseed nonblocking with 64 bits (32 of 0 requested)
[    0.308521] random 0000 0000 0000 5f8db4e5 4cfdf2a8: extract_entropy(.. 8 ..)
[    0.308524] random 0000 0000 0000 5f8db4e5 4cfdf2a8: trying to extract 64 bits from input
[    0.308526] random 0000 0000 0000 5f8db4e5 4cfdf2a8: debiting 0 entropy credits from input
[    0.308528] random 0000 0000 0000 5f8db4e5 4cfdf2a8: extract_entropy account returned: 0 
[    0.308531] random 0000 0000 0000 5f8db4e5 4cfdf2a8: urand_change_num 5 xfer_secondary_pool(4): pool_sig fffffb64, data_sig 00000000, bytes_mixed 0 5f8db4e5 4cfdf2a8
[    0.308534] random 0000 0000 0000 5f8db4e5 4cfdf2a8: trying to extract 32 bits from nonblocking
[    0.308536] random 0000 0000 0000 5f8db4e5 4cfdf2a8: debiting 32 entropy credits from nonblocking (unlimited)
[    0.308538] random 0000 0000 0000 5f8db4e5 4cfdf2a8: extract_entropy account returned: 4 
[    0.308542] random 0000 0000 0000 5f8db4e5 4cfdf2a8: urand_change_num 6 extract_buf: pool_sig fffffb64, data_sig 00000241, bytes_mixed 20 5f8db4e5 4cfdf2a8
[    0.308552] IP route cache hash table entries: 32768 (order: 5, 131072 bytes)
[    0.308682] RANDOM - __random32 called. Change num 8.  Value: 2b39e0a2	996a1017	a86cfe5
[    0.308683] RANDOM - random32 called.  Value: 2b39e0a2	996a1017	a86cfe5
[    0.308694] RANDOM - __random32 called. Change num 9.  Value: 9e0a22e5	96a1017e	9fcbd616
[    0.308695] RANDOM - random32 called.  Value: 9e0a22e5	96a1017e	9fcbd616
[    0.308697] RANDOM - __random32 called. Change num 10.  Value: a22e5b4a	6a1017e6	ac2c32ac
[    0.308699] RANDOM - random32 called.  Value: a22e5b4a	6a1017e6	ac2c32ac
[    0.308709] RANDOM - __random32 called. Change num 11.  Value: e5b4ad28	a1017e61	6559a9b4
[    0.308711] RANDOM - random32 called.  Value: e5b4ad28	a1017e61	6559a9b4
[    0.308720] TCP established hash table entries: 131072 (order: 8, 1048576 bytes)
[    0.309224] TCP bind hash table entries: 65536 (order: 6, 262144 bytes)
[    0.309411] TCP: Hash tables configured (established 131072 bind 65536)
[    0.309505] TCP reno registered
[    0.309608] NET: Registered protocol family 1
[    0.309733] RPC: Registered udp transport module.
[    0.309828] RPC: Registered tcp transport module.
[    0.309927] RPC: Registered tcp NFSv4.1 backchannel transport module.
[    0.310021] pci 0000:00:02.0: Boot video device
[    0.310231] Simple Boot Flag at 0x35 set to 0x1
[    0.310752] highmem bounce pool size: 64 pages
[    0.312323] VFS: Disk quotas dquot_6.5.2
[    0.312445] Dquot-cache hash table entries: 1024 (order 0, 4096 bytes)
[    0.313125] NTFS driver 2.1.29 [Flags: R/W].
[    0.313285] ROMFS MTD (C) 2007 Red Hat, Inc.
[    0.313497] JFS: nTxBlock = 7695, nTxLock = 61562
[    0.315970] SGI XFS with ACLs, security attributes, large block/inode numbers, no debug enabled
[    0.316454] SGI XFS Quota Management subsystem
[    0.316747] Slow work thread pool: Starting up
[    0.316888] Slow work thread pool: Ready
[    0.316991] GFS2 (built May 24 2013 02:47:17) installed
[    0.317084] msgmni has been set to 1734
[    0.317255] alg: No test for cipher_null (cipher_null-generic)
[    0.317359] alg: No test for ecb(cipher_null) (ecb-cipher_null)
[    0.317457] alg: No test for digest_null (digest_null-generic)
[    0.317558] alg: No test for compress_null (compress_null-generic)
[    0.318138] alg: No test for fcrypt (fcrypt-generic)
[    0.319548] alg: No test for stdrng (krng)
[    0.319638] async_tx: api initialized (async)
[    0.319793] Block layer SCSI generic (bsg) driver version 0.4 loaded (major 254)
[    0.319927] io scheduler noop registered
[    0.320016] io scheduler anticipatory registered
[    0.320107] io scheduler deadline registered
[    0.320236] io scheduler cfq registered (default)
[    0.320490] pcieport 0000:00:1c.0: irq 24 for MSI/MSI-X
[    0.320505] pcieport 0000:00:1c.0: setting latency timer to 64
[    0.320692] pcieport 0000:00:1c.1: irq 25 for MSI/MSI-X
[    0.320704] pcieport 0000:00:1c.1: setting latency timer to 64
[    0.320903] pcieport 0000:00:1c.2: irq 26 for MSI/MSI-X
[    0.320915] pcieport 0000:00:1c.2: setting latency timer to 64
[    0.321096] pcieport 0000:00:1c.3: irq 27 for MSI/MSI-X
[    0.321106] pcieport 0000:00:1c.3: setting latency timer to 64
[    0.321287] pcieport 0000:00:1c.4: irq 28 for MSI/MSI-X
[    0.321299] pcieport 0000:00:1c.4: setting latency timer to 64
[    0.321444] pci_hotplug: PCI Hot Plug PCI Core version: 0.5
[    0.321639] isapnp: Scanning for PnP cards...
[    0.682168] isapnp: No Plug & Play device found
[    0.682264] random 0000 0000 0000 5f8db4e5 4cfdf2a8: initializing
[    0.682266] RANDOM init_std_data for input now value: 1370020193682266837
[    0.682268] RANDOM init_std_data for blocking now value: 1370020193682268907
[    0.682270] RANDOM init_std_data for nonblocking now value: 1370020193682270637
[    0.701856] Serial: 8250/16550 driver, 4 ports, IRQ sharing enabled
[    3.712681] floppy0: no floppy controllers found
[    3.713636] brd: module loaded
[    3.714138] loop: module loaded
[    3.714239] Compaq SMART2 Driver (v 2.6.0)
[    3.714372] HP CISS Driver (v 3.6.20)
[    3.714623] input: Macintosh mouse button emulation as /devices/virtual/input/input0
[    3.714763] Uniform Multi-Platform E-IDE driver
[    3.714997] piix 0000:00:1f.1: IDE controller (0x8086:0x2850 rev 0x03)
[    3.715101] pci 0000:00:1f.1: PCI INT C -> GSI 16 (level, low) -> IRQ 16
[    3.715208] piix 0000:00:1f.1: IDE port disabled
[    3.715305] piix 0000:00:1f.1: not 100% native mode: will probe irqs later
[    3.715404]     ide0: BM-DMA at 0x1c00-0x1c07
[    3.715498] Probing IDE interface ide0...
[    4.386864] hda: HL-DT-ST DVDRAM GSA-U10N, ATAPI CD/DVD-ROM drive
[    4.693658] hda: host max PIO4 wanted PIO255(auto-tune) selected PIO4
[    4.694429] hda: UDMA/33 mode selected
[    4.694899] ide0 at 0x1f0-0x1f7,0x3f6 on irq 14
[    4.698807] ide-gd driver 1.18
[    4.698920] ide-cd driver 5.00
[    4.700308] random 0000 0000 0000 00000000 00000000: add_disk_randomness(0:0) 00000000 00000000
[    4.700313] random 0000 0000 0000 00000000 00000000: add_timer_randomness(.. 256) with jiffies: 17483961415541423740, cycles: -962782662462799863
[    4.700315] random 0000 0000 0000 00000000 00000000: added 11 entropy credits to input
[    4.700319] ide-cd: hda: ATAPI 24X DVD-ROM DVD-R/RAM CD-R/RW drive, 2048kB Cache
[    4.700779] Uniform CD-ROM driver Revision: 3.20
[    4.703539] random 0011 0000 0000 00000000 00000000: add_disk_randomness(0:0) 00000000 00000000
[    4.703542] random 0011 0000 0000 00000000 00000000: add_timer_randomness(.. 256) with jiffies: 17513028066278604415, cycles: -933716011725619191
[    4.703545] random 0011 0000 0000 00000000 00000000: added 1 entropy credits to input
[    4.703548] random 0012 0000 0000 00000000 00000000: add_disk_randomness(0:0) 00000000 00000000
[    4.703550] random 0012 0000 0000 00000000 00000000: add_timer_randomness(.. 256) with jiffies: 17513105813776596607, cycles: -933638264227626999
[    4.705538] random 0012 0000 0000 00000000 00000000: add_disk_randomness(0:0) 00000000 00000000
[    4.705541] random 0012 0000 0000 00000000 00000000: add_timer_randomness(.. 256) with jiffies: 17531015475213598337, cycles: -915728602790625271
[    4.705544] random 0012 0000 0000 00000000 00000000: added 1 entropy credits to input
[    4.705547] random 0013 0000 0000 00000000 00000000: add_disk_randomness(0:0) 00000000 00000000
[    4.705550] random 0013 0000 0000 00000000 00000000: add_timer_randomness(.. 256) with jiffies: 17531091461774999169, cycles: -915652616229224439
[    4.707541] random 0013 0000 0000 00000000 00000000: add_disk_randomness(0:0) 00000000 00000000
[    4.707543] random 0013 0000 0000 00000000 00000000: add_timer_randomness(.. 256) with jiffies: 17549030118536216195, cycles: -897713959468007415
[    4.707546] random 0013 0000 0000 00000000 00000000: added 1 entropy credits to input
[    4.707549] random 0014 0000 0000 00000000 00000000: add_disk_randomness(0:0) 00000000 00000000
[    4.707552] random 0014 0000 0000 00000000 00000000: add_timer_randomness(.. 256) with jiffies: 17549104168067366531, cycles: -897639909936857079
[    4.707832] Loading iSCSI transport class v2.0-870.
[    4.708115] rdac: device handler registered
[    4.708202] hp_sw: device handler registered
[    4.708289] emc: device handler registered
[    4.708382] alua: device handler registered
[    4.709373] Adaptec aacraid driver 1.1-5[2461]-ms
[    4.709798] scsi: <fdomain> Detection failed (no card)
[    4.709889] sym53c416.c: Version 1.0.0-ac
[    4.709998] qlogicfas: no cards were found, please specify I/O address and IRQ using iobase= and irq= options
[    4.710129] QLogic Fibre Channel HBA Driver: 8.03.01-k6
[    4.710355] iscsi: registered transport (qla4xxx)
[    4.710473] QLogic iSCSI HBA Driver
[    4.710563] Emulex LightPulse Fibre Channel SCSI driver 8.3.4
[    4.710658] Copyright(c) 2004-2009 Emulex.  All rights reserved.
[    4.732642] Failed initialization of WD-7000 SCSI card!
[    4.822605] DC390: clustering now enabled by default. If you get problems load
[    4.822738]        with "disable_clustering=1" and report to maintainers
[    4.822870] megaraid cmm: 2.20.2.7 (Release Date: Sun Jul 16 00:01:03 EST 2006)
[    4.823021] megaraid: 2.20.5.1 (Release Date: Thu Nov 16 15:32:35 EST 2006)
[    4.823135] megasas: 00.00.04.01 Thu July 24 11:41:51 PST 2008
[    4.823266] GDT-HA: Storage RAID Controller Driver. Version: 3.05
[    4.823411] 3ware Storage Controller device driver for Linux v1.26.02.002.
[    4.823522] 3ware 9000 Storage Controller device driver for Linux v2.26.02.012.
[    4.823673] nsp32: loading...
[    4.823781] ipr: IBM Power RAID SCSI Device Driver version: 2.4.3 (June 10, 2009)
[    4.823926] RocketRAID 3xxx/4xxx Controller driver v1.6 (090910)
[    4.824042] stex: Promise SuperTrak EX Driver version: 4.6.0000.3
[    4.824178] st: Version 20081215, fixed bufsize 32768, s/g segs 256
[    4.824371] ahci 0000:00:1f.2: version 3.0
[    4.824386] ahci 0000:00:1f.2: PCI INT B -> GSI 16 (level, low) -> IRQ 16
[    4.824529] ahci 0000:00:1f.2: irq 29 for MSI/MSI-X
[    4.824592] ahci 0000:00:1f.2: AHCI 0001.0100 32 slots 3 ports 1.5 Gbps 0x5 impl SATA mode
[    4.824729] ahci 0000:00:1f.2: flags: 64bit ncq sntf pm led clo pio slum part ccc 
[    4.824854] ahci 0000:00:1f.2: setting latency timer to 64
[    4.824998] scsi2 : ahci
[    4.825159] scsi3 : ahci
[    4.825298] scsi4 : ahci
[    4.825465] ata1: SATA max UDMA/133 abar m2048@0xfe226000 port 0xfe226100 irq 29
[    4.825584] ata2: DUMMY
[    4.825686] ata3: SATA max UDMA/133 abar m2048@0xfe226000 port 0xfe226200 irq 29
[    4.826294] I2O subsystem v1.325
[    4.826385] i2o: max drivers = 8
[    4.826535] I2O Configuration OSM v1.323
[    4.826650] I2O Bus Adapter OSM v1.317
[    4.826763] I2O Block Device OSM v1.325
[    4.826914] I2O SCSI Peripheral OSM v1.316
[    4.827014] I2O ProcFS OSM v1.316
[    4.827122] Fusion MPT base driver 3.04.12
[    4.827219] Copyright (c) 1999-2008 LSI Corporation
[    4.827315] Fusion MPT SPI Host driver 3.04.12
[    4.827427] Fusion MPT FC Host driver 3.04.12
[    4.827539] Fusion MPT SAS Host driver 3.04.12
[    4.827759] ohci1394 0000:15:00.1: PCI INT B -> GSI 17 (level, low) -> IRQ 17
[    4.827857] ohci1394 0000:15:00.1: setting latency timer to 64
[    4.881656] ohci1394: fw-host0: OHCI-1394 1.1 (PCI): IRQ=[17]  MMIO=[f8301000-f83017ff]  Max Packet=[2048]  IR/IT contexts=[4/4]
[    4.884923] ehci_hcd: USB 2.0 'Enhanced' Host Controller (EHCI) Driver
[    4.885202] ehci_hcd 0000:00:1a.7: power state changed by ACPI to D0
[    4.885441] ehci_hcd 0000:00:1a.7: power state changed by ACPI to D0
[    4.885537] ehci_hcd 0000:00:1a.7: PCI INT C -> GSI 22 (level, low) -> IRQ 22
[    4.885642] ehci_hcd 0000:00:1a.7: setting latency timer to 64
[    4.885647] ehci_hcd 0000:00:1a.7: EHCI Host Controller
[    4.885783] ehci_hcd 0000:00:1a.7: new USB bus registered, assigned bus number 1
[    4.889817] ehci_hcd 0000:00:1a.7: cache line size of 32 is not supported
[    4.889826] ehci_hcd 0000:00:1a.7: irq 22, io mem 0xfe226c00
[    4.899617] ehci_hcd 0000:00:1a.7: USB 2.0 started, EHCI 1.00
[    4.899722] usb usb1: New USB device found, idVendor=1d6b, idProduct=0002
[    4.899811] usb usb1: New USB device strings: Mfr=3, Product=2, SerialNumber=1
[    4.899932] usb usb1: Product: EHCI Host Controller
[    4.900020] usb usb1: Manufacturer: Linux 2.6.32.57 ehci_hcd
[    4.900115] usb usb1: SerialNumber: 0000:00:1a.7
[    4.900263] usb usb1: configuration #1 chosen from 1 choice
[    4.900380] hub 1-0:1.0: USB hub found
[    4.900471] hub 1-0:1.0: 4 ports detected
[    4.900780] ehci_hcd 0000:00:1d.7: power state changed by ACPI to D0
[    4.901039] ehci_hcd 0000:00:1d.7: power state changed by ACPI to D0
[    4.901138] ehci_hcd 0000:00:1d.7: PCI INT D -> GSI 19 (level, low) -> IRQ 19
[    4.901239] ehci_hcd 0000:00:1d.7: setting latency timer to 64
[    4.901244] ehci_hcd 0000:00:1d.7: EHCI Host Controller
[    4.901381] ehci_hcd 0000:00:1d.7: new USB bus registered, assigned bus number 2
[    4.901540] ehci_hcd 0000:00:1d.7: debug port 1
[    4.905533] ehci_hcd 0000:00:1d.7: cache line size of 32 is not supported
[    4.905542] ehci_hcd 0000:00:1d.7: irq 19, io mem 0xfe227000
[    4.915617] ehci_hcd 0000:00:1d.7: USB 2.0 started, EHCI 1.00
[    4.915712] usb usb2: New USB device found, idVendor=1d6b, idProduct=0002
[    4.915809] usb usb2: New USB device strings: Mfr=3, Product=2, SerialNumber=1
[    4.915933] usb usb2: Product: EHCI Host Controller
[    4.916021] usb usb2: Manufacturer: Linux 2.6.32.57 ehci_hcd
[    4.916119] usb usb2: SerialNumber: 0000:00:1d.7
[    4.916259] usb usb2: configuration #1 chosen from 1 choice
[    4.916377] hub 2-0:1.0: USB hub found
[    4.916470] hub 2-0:1.0: 6 ports detected
[    4.916657] 116x: driver isp116x-hcd, 03 Nov 2005
[    4.916762] ohci_hcd: USB 1.1 'Open' Host Controller (OHCI) Driver
[    4.916885] uhci_hcd: USB Universal Host Controller Interface driver
[    4.916995] uhci_hcd 0000:00:1a.0: PCI INT A -> GSI 20 (level, low) -> IRQ 20
[    4.917094] uhci_hcd 0000:00:1a.0: setting latency timer to 64
[    4.917098] uhci_hcd 0000:00:1a.0: UHCI Host Controller
[    4.917229] uhci_hcd 0000:00:1a.0: new USB bus registered, assigned bus number 3
[    4.917382] uhci_hcd 0000:00:1a.0: irq 20, io base 0x00001860
[    4.917502] usb usb3: New USB device found, idVendor=1d6b, idProduct=0001
[    4.917594] usb usb3: New USB device strings: Mfr=3, Product=2, SerialNumber=1
[    4.917728] usb usb3: Product: UHCI Host Controller
[    4.917816] usb usb3: Manufacturer: Linux 2.6.32.57 uhci_hcd
[    4.917910] usb usb3: SerialNumber: 0000:00:1a.0
[    4.918047] usb usb3: configuration #1 chosen from 1 choice
[    4.918169] hub 3-0:1.0: USB hub found
[    4.918269] hub 3-0:1.0: 2 ports detected
[    4.918624] uhci_hcd 0000:00:1a.1: power state changed by ACPI to D0
[    4.918859] uhci_hcd 0000:00:1a.1: power state changed by ACPI to D0
[    4.918953] uhci_hcd 0000:00:1a.1: PCI INT B -> GSI 21 (level, low) -> IRQ 21
[    4.919050] uhci_hcd 0000:00:1a.1: setting latency timer to 64
[    4.919053] uhci_hcd 0000:00:1a.1: UHCI Host Controller
[    4.919183] uhci_hcd 0000:00:1a.1: new USB bus registered, assigned bus number 4
[    4.919335] uhci_hcd 0000:00:1a.1: irq 21, io base 0x00001880
[    4.919446] usb usb4: New USB device found, idVendor=1d6b, idProduct=0001
[    4.919546] usb usb4: New USB device strings: Mfr=3, Product=2, SerialNumber=1
[    4.919675] usb usb4: Product: UHCI Host Controller
[    4.919763] usb usb4: Manufacturer: Linux 2.6.32.57 uhci_hcd
[    4.919856] usb usb4: SerialNumber: 0000:00:1a.1
[    4.919989] usb usb4: configuration #1 chosen from 1 choice
[    4.920110] hub 4-0:1.0: USB hub found
[    4.920203] hub 4-0:1.0: 2 ports detected
[    4.920497] uhci_hcd 0000:00:1d.0: power state changed by ACPI to D0
[    4.920741] uhci_hcd 0000:00:1d.0: power state changed by ACPI to D0
[    4.920835] uhci_hcd 0000:00:1d.0: PCI INT A -> GSI 16 (level, low) -> IRQ 16
[    4.920934] uhci_hcd 0000:00:1d.0: setting latency timer to 64
[    4.920939] uhci_hcd 0000:00:1d.0: UHCI Host Controller
[    4.921069] uhci_hcd 0000:00:1d.0: new USB bus registered, assigned bus number 5
[    4.921219] uhci_hcd 0000:00:1d.0: irq 16, io base 0x000018a0
[    4.921343] usb usb5: New USB device found, idVendor=1d6b, idProduct=0001
[    4.921443] usb usb5: New USB device strings: Mfr=3, Product=2, SerialNumber=1
[    4.921563] usb usb5: Product: UHCI Host Controller
[    4.921662] usb usb5: Manufacturer: Linux 2.6.32.57 uhci_hcd
[    4.921751] usb usb5: SerialNumber: 0000:00:1d.0
[    4.921888] usb usb5: configuration #1 chosen from 1 choice
[    4.922005] hub 5-0:1.0: USB hub found
[    4.922100] hub 5-0:1.0: 2 ports detected
[    4.922250] uhci_hcd 0000:00:1d.1: PCI INT B -> GSI 17 (level, low) -> IRQ 17
[    4.922347] uhci_hcd 0000:00:1d.1: setting latency timer to 64
[    4.922352] uhci_hcd 0000:00:1d.1: UHCI Host Controller
[    4.922479] uhci_hcd 0000:00:1d.1: new USB bus registered, assigned bus number 6
[    4.922633] uhci_hcd 0000:00:1d.1: irq 17, io base 0x000018c0
[    4.922757] usb usb6: New USB device found, idVendor=1d6b, idProduct=0001
[    4.922854] usb usb6: New USB device strings: Mfr=3, Product=2, SerialNumber=1
[    4.922985] usb usb6: Product: UHCI Host Controller
[    4.923083] usb usb6: Manufacturer: Linux 2.6.32.57 uhci_hcd
[    4.923176] usb usb6: SerialNumber: 0000:00:1d.1
[    4.923309] usb usb6: configuration #1 chosen from 1 choice
[    4.923431] hub 6-0:1.0: USB hub found
[    4.923527] hub 6-0:1.0: 2 ports detected
[    4.923840] uhci_hcd 0000:00:1d.2: power state changed by ACPI to D0
[    4.924141] uhci_hcd 0000:00:1d.2: power state changed by ACPI to D0
[    4.924246] uhci_hcd 0000:00:1d.2: PCI INT C -> GSI 18 (level, low) -> IRQ 18
[    4.924338] uhci_hcd 0000:00:1d.2: setting latency timer to 64
[    4.924343] uhci_hcd 0000:00:1d.2: UHCI Host Controller
[    4.924470] uhci_hcd 0000:00:1d.2: new USB bus registered, assigned bus number 7
[    4.924628] uhci_hcd 0000:00:1d.2: irq 18, io base 0x000018e0
[    4.924745] usb usb7: New USB device found, idVendor=1d6b, idProduct=0001
[    4.924840] usb usb7: New USB device strings: Mfr=3, Product=2, SerialNumber=1
[    4.924960] usb usb7: Product: UHCI Host Controller
[    4.925048] usb usb7: Manufacturer: Linux 2.6.32.57 uhci_hcd
[    4.925138] usb usb7: SerialNumber: 0000:00:1d.2
[    4.925931] usb usb7: configuration #1 chosen from 1 choice
[    4.926049] hub 7-0:1.0: USB hub found
[    4.926140] hub 7-0:1.0: 2 ports detected
[    4.926299] sl811: driver sl811-hcd, 19 May 2005
[    4.926408] r8a66597_hcd: driver r8a66597_hcd, 2009-05-26
[    4.926576] Initializing USB Mass Storage driver...
[    4.926706] usbcore: registered new interface driver usb-storage
[    4.926797] USB Mass Storage support registered.
[    4.926907] usbcore: registered new interface driver ums-alauda
[    4.927017] usbcore: registered new interface driver ums-cypress
[    4.927130] usbcore: registered new interface driver ums-datafab
[    4.927237] usbcore: registered new interface driver ums-freecom
[    4.927344] usbcore: registered new interface driver ums-isd200
[    4.927453] usbcore: registered new interface driver ums-jumpshot
[    4.927579] usbcore: registered new interface driver ums-karma
[    4.927699] usbcore: registered new interface driver ums-onetouch
[    4.927819] usbcore: registered new interface driver ums-sddr09
[    4.927930] usbcore: registered new interface driver ums-sddr55
[    4.928046] usbcore: registered new interface driver ums-usbat
[    4.928191] PNP: PS/2 Controller [PNP0303:KBD,PNP0f13:MOU] at 0x60,0x64 irq 1,12
[    4.936405] serio: i8042 KBD port at 0x60,0x64 irq 1
[    4.936501] serio: i8042 AUX port at 0x60,0x64 irq 12
[    4.936761] mice: PS/2 mouse device common for all mice
[    4.936873] i2c /dev entries driver
[    4.937011] md: linear personality registered for level -1
[    4.937101] md: raid0 personality registered for level 0
[    4.937193] md: raid1 personality registered for level 1
[    4.937286] md: raid10 personality registered for level 10
[    4.937381] md: raid6 personality registered for level 6
[    4.937471] md: raid5 personality registered for level 5
[    4.937560] md: raid4 personality registered for level 4
[    4.937663] md: multipath personality registered for level -4
[    4.937855] device-mapper: ioctl: 4.15.0-ioctl (2009-04-01) initialised: dm-devel@redhat.com
[    4.938074] cpuidle: using governor ladder
[    4.938681] usbcore: registered new interface driver usbhid
[    4.938788] usbhid: v2.6:USB HID core driver
[    4.938939] random 0014 0000 0000 00000000 00000000: rand_read_num 4 get_random_bytes(136): sig 00000000 00000000 00000000
[    4.938941] random 0014 0000 0000 00000000 00000000: extract_entropy(.. 136 ..)
[    4.938944] random 0014 0000 0000 00000000 00000000: going to reseed nonblocking with 1024 bits (1088 of 0 requested)
[    4.938946] random 0014 0000 0000 00000000 00000000: extract_entropy(.. 128 ..)
[    4.938949] random 0014 0000 0000 00000000 00000000: trying to extract 1024 bits from input
[    4.938951] random 0014 0000 0000 00000000 00000000: debiting 0 entropy credits from input
[    4.938953] random 0014 0000 0000 00000000 00000000: extract_entropy account returned: 0 
[    4.938956] random 0014 0000 0000 00000000 00000000: urand_change_num 7 xfer_secondary_pool(136): pool_sig 00000000, data_sig 00000000, bytes_mixed 0 00000000 00000000
[    4.938959] random 0014 0000 0000 00000000 00000000: trying to extract 1088 bits from nonblocking
[    4.938961] random 0014 0000 0000 00000000 00000000: debiting 1088 entropy credits from nonblocking (unlimited)
[    4.938964] random 0014 0000 0000 00000000 00000000: extract_entropy account returned: 136 
[    4.938968] random 0014 0000 0000 00000000 00000000: urand_change_num 8 extract_buf: pool_sig 00000000, data_sig fffffff9, bytes_mixed 20 00000000 00000000
[    4.938973] random 0014 0000 0000 b7c35b56 be4dc95d: urand_change_num 9 extract_buf: pool_sig fffffd1e, data_sig 000000c5, bytes_mixed 20 b7c35b56 be4dc95d
[    4.938979] random 0014 0000 0000 ed9f5c47 c48487fb: urand_change_num 10 extract_buf: pool_sig fffff8ec, data_sig ffffff68, bytes_mixed 20 ed9f5c47 c48487fb
[    4.938984] random 0014 0000 0000 ed9f5c47 c48487fb: urand_change_num 11 extract_buf: pool_sig fffffaed, data_sig 000001aa, bytes_mixed 20 ed9f5c47 c48487fb
[    4.938989] random 0014 0000 0000 1b4f7c0a 91bd6a48: urand_change_num 12 extract_buf: pool_sig fffffdd8, data_sig 00000064, bytes_mixed 20 1b4f7c0a 91bd6a48
[    4.938995] random 0014 0000 0000 a254b9bc 20e9a24f: urand_change_num 13 extract_buf: pool_sig fffffbe6, data_sig 000001dd, bytes_mixed 20 a254b9bc 20e9a24f
[    4.939000] random 0014 0000 0000 a254b9bc 20e9a24f: urand_change_num 14 extract_buf: pool_sig fffff940, data_sig fffffe20, bytes_mixed 20 a254b9bc 20e9a24f
[    4.939005] random 0014 0000 0000 2831a66b 5fa2a3ad: urand_change_num 15 extract_buf: pool_sig fffffbce, data_sig 0000007e, bytes_mixed 20 2831a66b 5fa2a3ad
[    4.939010] random 0014 0000 0000 2831a66b 5fa2a3ad: urand_change_num 16 extract_buf: pool_sig 000004df, data_sig fffffe8f, bytes_mixed 20 2831a66b 5fa2a3ad
[    4.939016] random 0014 0000 0000 d4512bfd c9a54e0b: urand_change_num 17 extract_buf: pool_sig 00000485, data_sig fffffe68, bytes_mixed 20 d4512bfd c9a54e0b
[    4.939021] random 0014 0000 0000 c7371be6 f9ffea11: urand_change_num 18 extract_buf: pool_sig 00000095, data_sig ffffffed, bytes_mixed 20 c7371be6 f9ffea11
[    4.939026] random 0014 0000 0000 c7371be6 f9ffea11: urand_change_num 19 extract_buf: pool_sig 000003a7, data_sig fffffefa, bytes_mixed 20 c7371be6 f9ffea11
[    4.939031] random 0014 0000 0000 8fb4b62c d1ddba54: urand_change_num 20 extract_buf: pool_sig 00000179, data_sig ffffff78, bytes_mixed 20 8fb4b62c d1ddba54
[    4.939037] random 0014 0000 0000 9ff19f9c c07a1d2a: urand_change_num 21 extract_buf: pool_sig fffffe88, data_sig 00000126, bytes_mixed 20 9ff19f9c c07a1d2a
[    4.939041] TCP cubic registered
[    4.939131] Initializing XFRM netlink socket
[    4.939221] NET: Registered protocol family 17
[    4.939317] Using IPI Shortcut mode
[    4.939418] random 0014 0000 0000 9ff19f9c c07a1d2a: rand_read_num 5 get_random_bytes(8): sig 0000031b 9ff19f9c c07a1d2a
[    4.939420] random 0014 0000 0000 9ff19f9c c07a1d2a: extract_entropy(.. 8 ..)
[    4.939423] random 0014 0000 0000 9ff19f9c c07a1d2a: going to reseed nonblocking with 64 bits (64 of 0 requested)
[    4.939425] random 0014 0000 0000 9ff19f9c c07a1d2a: extract_entropy(.. 8 ..)
[    4.939427] random 0014 0000 0000 9ff19f9c c07a1d2a: trying to extract 64 bits from input
[    4.939429] random 0014 0000 0000 9ff19f9c c07a1d2a: debiting 0 entropy credits from input
[    4.939431] random 0014 0000 0000 9ff19f9c c07a1d2a: extract_entropy account returned: 0 
[    4.939434] random 0014 0000 0000 9ff19f9c c07a1d2a: urand_change_num 22 xfer_secondary_pool(8): pool_sig 0000031b, data_sig 00000000, bytes_mixed 0 9ff19f9c c07a1d2a
[    4.939437] random 0014 0000 0000 9ff19f9c c07a1d2a: trying to extract 64 bits from nonblocking
[    4.939440] random 0014 0000 0000 9ff19f9c c07a1d2a: debiting 64 entropy credits from nonblocking (unlimited)
[    4.939442] random 0014 0000 0000 9ff19f9c c07a1d2a: extract_entropy account returned: 8 
[    4.939446] random 0014 0000 0000 9ff19f9c c07a1d2a: urand_change_num 23 extract_buf: pool_sig 0000031b, data_sig ffffffb3, bytes_mixed 20 9ff19f9c c07a1d2a
[    4.941719] input: AT Translated Set 2 keyboard as /devices/platform/i8042/serio0/input/input1
[    5.130623] ata1: SATA link up 1.5 Gbps (SStatus 113 SControl 300)
[    5.130736] ata3: SATA link down (SStatus 0 SControl 300)
[    5.133378] ata1.00: ACPI cmd ef/02:00:00:00:00:a0 (SET FEATURES) succeeded
[    5.133381] ata1.00: ACPI cmd f5/00:00:00:00:00:a0 (SECURITY FREEZE LOCK) filtered out
[    5.134771] ata1.00: ACPI cmd ef/5f:00:00:00:00:a0 (SET FEATURES) succeeded
[    5.134773] ata1.00: ACPI cmd ef/10:03:00:00:00:a0 (SET FEATURES) filtered out
[    5.136684] ata1.00: ATA-7: ST910021AS, 4.06, max UDMA/100
[    5.136780] ata1.00: 195371568 sectors, multi 16: LBA48 
[    5.138922] ata1.00: ACPI cmd ef/02:00:00:00:00:a0 (SET FEATURES) succeeded
[    5.138925] ata1.00: ACPI cmd f5/00:00:00:00:00:a0 (SECURITY FREEZE LOCK) filtered out
[    5.140314] ata1.00: ACPI cmd ef/5f:00:00:00:00:a0 (SET FEATURES) succeeded
[    5.140317] ata1.00: ACPI cmd ef/10:03:00:00:00:a0 (SET FEATURES) filtered out
[    5.142243] ata1.00: configured for UDMA/100
[    5.152667] scsi 2:0:0:0: Direct-Access     ATA      ST910021AS       4.06 PQ: 0 ANSI: 5
[    5.152951] sd 2:0:0:0: [sda] 195371568 512-byte logical blocks: (100 GB/93.1 GiB)
[    5.153098] sd 2:0:0:0: [sda] Write Protect is off
[    5.153187] sd 2:0:0:0: [sda] Mode Sense: 00 3a 00 00
[    5.153199] sd 2:0:0:0: [sda] Write cache: enabled, read cache: enabled, doesn't support DPO or FUA
[    5.153387]  sda:
[    5.582643] random 0014 0000 0000 277f73c3 42024bb9: add_disk_randomness(8:0) 277f73c3 42024bb9
[    5.582729] random 0014 0000 0000 277f73c3 42024bb9: add_timer_randomness(.. 8388864) with jiffies: 6976163633402970520, cycles: 6976163629108297738
[    5.582732] random 0014 0000 0000 277f73c3 42024bb9: added 11 entropy credits to input
[    5.582737]  sda1 sda2
[    5.583213] random 0025 0000 0000 277f73c3 42024bb9: add_disk_randomness(8:0) 277f73c3 42024bb9
[    5.583216] random 0025 0000 0000 277f73c3 42024bb9: add_timer_randomness(.. 8388864) with jiffies: 6980554069232026008, cycles: 6980554064937353226
[    5.583368] sd 2:0:0:0: [sda] Attached SCSI disk
[    5.583464] random 0025 0000 0000 277f73c3 42024bb9: rand_read_num 6 get_random_bytes(12): sig 000007e9 277f73c3 42024bb9
[    5.583467] random 0025 0000 0000 277f73c3 42024bb9: extract_entropy(.. 12 ..)
[    5.583469] random 0025 0000 0000 277f73c3 42024bb9: going to reseed nonblocking with 96 bits (96 of 0 requested)
[    5.583471] random 0025 0000 0000 277f73c3 42024bb9: extract_entropy(.. 12 ..)
[    5.583474] random 0025 0000 0000 277f73c3 42024bb9: trying to extract 96 bits from input
[    5.583476] random 0025 0000 0000 277f73c3 42024bb9: debiting 0 entropy credits from input
[    5.583478] random 0025 0000 0000 277f73c3 42024bb9: extract_entropy account returned: 0 
[    5.583481] random 0025 0000 0000 277f73c3 42024bb9: urand_change_num 24 xfer_secondary_pool(12): pool_sig 000007e9, data_sig 00000000, bytes_mixed 0 277f73c3 42024bb9
[    5.583484] random 0025 0000 0000 277f73c3 42024bb9: trying to extract 96 bits from nonblocking
[    5.583486] random 0025 0000 0000 277f73c3 42024bb9: debiting 96 entropy credits from nonblocking (unlimited)
[    5.583489] random 0025 0000 0000 277f73c3 42024bb9: extract_entropy account returned: 12 
[    5.583493] random 0025 0000 0000 277f73c3 42024bb9: urand_change_num 25 extract_buf: pool_sig 000007e9, data_sig 00000088, bytes_mixed 20 277f73c3 42024bb9
[    5.583498] random 0025 0000 0000 277f73c3 42024bb9: urand_change_num 26 extract_buf: pool_sig 00000498, data_sig fffffefb, bytes_mixed 20 277f73c3 42024bb9
[    5.583501] RANDOM - __seed init called.
[    5.583502] RANDOM - __seed init called.
[    5.583503] RANDOM - __seed init called.
[    5.583505] RANDOM - __random32 called. Change num 12.  Value: 87f14767	f0d7351	b1e48bd3
[    5.583507] RANDOM - random32_reseed called.  Value: 87f14767	f0d7351	b1e48bd3
[    5.583509] Pid: 1, comm: swapper Not tainted 2.6.32.57 #6
[    5.583603] Call Trace:
[    5.583704]  [<c1923ca4>] ? random32_reseed+0xa0/0xb1
[    5.583795]  [<c1923c04>] ? random32_reseed+0x0/0xb1
[    5.583887]  [<c100111e>] ? do_one_initcall+0x2e/0x180
[    5.583977]  [<c1907265>] ? kernel_init+0xad/0x103
[    5.584069]  [<c19071b8>] ? kernel_init+0x0/0x103
[    5.584161]  [<c1003787>] ? kernel_thread_helper+0x7/0x10
[    5.584697] random 0025 0000 0000 386b4e60 ee4d4880: rand_read_num 7 get_random_bytes(64): sig fffffea5 386b4e60 ee4d4880
[    5.584699] random 0025 0000 0000 386b4e60 ee4d4880: extract_entropy(.. 64 ..)
[    5.584702] random 0025 0000 0000 386b4e60 ee4d4880: going to reseed nonblocking with 512 bits (512 of 0 requested)
[    5.584704] random 0025 0000 0000 386b4e60 ee4d4880: extract_entropy(.. 64 ..)
[    5.584706] random 0025 0000 0000 386b4e60 ee4d4880: trying to extract 512 bits from input
[    5.584708] random 0025 0000 0000 386b4e60 ee4d4880: debiting 0 entropy credits from input
[    5.584710] random 0025 0000 0000 386b4e60 ee4d4880: extract_entropy account returned: 0 
[    5.584713] random 0025 0000 0000 386b4e60 ee4d4880: urand_change_num 27 xfer_secondary_pool(64): pool_sig fffffea5, data_sig 00000000, bytes_mixed 0 386b4e60 ee4d4880
[    5.584716] random 0025 0000 0000 386b4e60 ee4d4880: trying to extract 512 bits from nonblocking
[    5.584719] random 0025 0000 0000 386b4e60 ee4d4880: debiting 512 entropy credits from nonblocking (unlimited)
[    5.584721] random 0025 0000 0000 386b4e60 ee4d4880: extract_entropy account returned: 64 
[    5.584725] random 0025 0000 0000 386b4e60 ee4d4880: urand_change_num 28 extract_buf: pool_sig fffffea5, data_sig 00000173, bytes_mixed 20 386b4e60 ee4d4880
[    5.584730] random 0025 0000 0000 412698f6 0cc8689a: urand_change_num 29 extract_buf: pool_sig 00000122, data_sig ffffff63, bytes_mixed 20 412698f6 0cc8689a
[    5.584736] random 0025 0000 0000 412698f6 0cc8689a: urand_change_num 30 extract_buf: pool_sig 000001f7, data_sig 00000012, bytes_mixed 20 412698f6 0cc8689a
[    5.584741] random 0025 0000 0000 9669941e 06f768b1: urand_change_num 31 extract_buf: pool_sig fffffb5b, data_sig 0000003f, bytes_mixed 20 9669941e 06f768b1
[    5.584746] random 0025 0000 0000 98486520 995551f0: urand_change_num 32 extract_buf: pool_sig fffffb39, data_sig 0000000e, bytes_mixed 20 98486520 995551f0
[    5.584752] random 0025 0000 0000 98486520 995551f0: urand_change_num 33 extract_buf: pool_sig fffffd8d, data_sig 000001a6, bytes_mixed 20 98486520 995551f0
[    5.584757] random 0025 0000 0000 61fc8914 d5882ed2: urand_change_num 34 extract_buf: pool_sig fffffa58, data_sig 0000023e, bytes_mixed 20 61fc8914 d5882ed2
[    5.584788] random 0025 0000 0000 61fc8914 d5882ed2: rand_read_num 8 get_random_bytes(64): sig fffff9ee 61fc8914 d5882ed2
[    5.584790] random 0025 0000 0000 61fc8914 d5882ed2: extract_entropy(.. 64 ..)
[    5.584792] random 0025 0000 0000 61fc8914 d5882ed2: going to reseed nonblocking with 512 bits (512 of 0 requested)
[    5.584795] random 0025 0000 0000 61fc8914 d5882ed2: extract_entropy(.. 64 ..)
[    5.584797] random 0025 0000 0000 61fc8914 d5882ed2: trying to extract 512 bits from input
[    5.584799] random 0025 0000 0000 61fc8914 d5882ed2: debiting 0 entropy credits from input
[    5.584801] random 0025 0000 0000 61fc8914 d5882ed2: extract_entropy account returned: 0 
[    5.584804] random 0025 0000 0000 61fc8914 d5882ed2: urand_change_num 35 xfer_secondary_pool(64): pool_sig fffff9ee, data_sig 00000000, bytes_mixed 0 61fc8914 d5882ed2
[    5.584807] random 0025 0000 0000 61fc8914 d5882ed2: trying to extract 512 bits from nonblocking
[    5.584809] random 0025 0000 0000 61fc8914 d5882ed2: debiting 512 entropy credits from nonblocking (unlimited)
[    5.584812] random 0025 0000 0000 61fc8914 d5882ed2: extract_entropy account returned: 64 
[    5.584816] random 0025 0000 0000 61fc8914 d5882ed2: urand_change_num 36 extract_buf: pool_sig fffff9ee, data_sig ffffff85, bytes_mixed 20 61fc8914 d5882ed2
[    5.584821] random 0025 0000 0000 70cfd302 e5edec11: urand_change_num 37 extract_buf: pool_sig fffffdc1, data_sig ffffffde, bytes_mixed 20 70cfd302 e5edec11
[    5.584826] random 0025 0000 0000 00dab838 eafd2b30: urand_change_num 38 extract_buf: pool_sig 000003da, data_sig ffffff61, bytes_mixed 20 00dab838 eafd2b30
[    5.584832] random 0025 0000 0000 00dab838 eafd2b30: urand_change_num 39 extract_buf: pool_sig 00000314, data_sig 00000121, bytes_mixed 20 00dab838 eafd2b30
[    5.584837] random 0025 0000 0000 5fcdf66a 6442b608: urand_change_num 40 extract_buf: pool_sig 0000028b, data_sig fffffefd, bytes_mixed 20 5fcdf66a 6442b608
[    5.584842] random 0025 0000 0000 61333f6b 8fae0f9b: urand_change_num 41 extract_buf: pool_sig 000000cb, data_sig 000000b3, bytes_mixed 20 61333f6b 8fae0f9b
[    5.584848] random 0025 0000 0000 61333f6b 8fae0f9b: urand_change_num 42 extract_buf: pool_sig fffffef8, data_sig 00000051, bytes_mixed 20 61333f6b 8fae0f9b
[    5.584850] BEGIN NET_SECRET:
[    5.584851] \xffffffe0
[    5.584852] \xffffffb6
[    5.584853] \x36
[    5.584854] \xffffffb5
[    5.584855] \xffffff94
[    5.584856] \xffffffb2
[    5.584856] \xffffffa8
[    5.584857] \xffffffda
[    5.584858] \x5b
[    5.584859] \x19
[    5.584860] \x18
[    5.584860] \x5c
[    5.584861] \x2b
[    5.584862] \x1
[    5.584863] \xffffff90
[    5.584863] \x19
[    5.584864] \x3c
[    5.584865] \xfffffff2
[    5.584866] \xffffff82
[    5.584866] \x2a
[    5.584867] \xffffffb3
[    5.584868] \xffffffa2
[    5.584869] \x3f
[    5.584870] \x5
[    5.584870] \x52
[    5.584871] \x77
[    5.584872] \x57
[    5.584872] \x79
[    5.584873] \x16
[    5.584874] \x43
[    5.584875] \xffffff84
[    5.584875] \xffffffc3
[    5.584876] \xffffffe9
[    5.584877] \x79
[    5.584878] \x50
[    5.584878] \xffffff8e
[    5.584879] \x3f
[    5.584880] \xfffffff3
[    5.584881] \x19
[    5.584882] \x2a
[    5.584882] \xfffffffd
[    5.584883] \xfffffffb
[    5.584884] \x62
[    5.584885] \x3c
[    5.584885] \xffffffac
[    5.584886] \x1c
[    5.584887] \x3b
[    5.584888] \x3b
[    5.584888] \x15
[    5.584889] \x27
[    5.584890] \xffffffa8
[    5.584891] \x22
[    5.584891] \xffffffc5
[    5.584892] \xffffff9a
[    5.584893] \x5
[    5.584894] \x6c
[    5.584894] \xffffffa8
[    5.584895] \x3a
[    5.584896] \x44
[    5.584897] \xffffffaf
[    5.584898] \x13
[    5.584898] \xffffffe0
[    5.584899] \xffffff9d
[    5.584900] \x22
[    5.584901] 
[    5.584901] END NET_SECRET
[    5.584904] random 0025 0000 0000 e7f555d9 e8ce5c3c: rand_read_num 9 get_random_bytes(4): sig 0000068c e7f555d9 e8ce5c3c
[    5.584906] random 0025 0000 0000 e7f555d9 e8ce5c3c: extract_entropy(.. 4 ..)
[    5.584909] random 0025 0000 0000 e7f555d9 e8ce5c3c: going to reseed nonblocking with 64 bits (32 of 0 requested)
[    5.584911] random 0025 0000 0000 e7f555d9 e8ce5c3c: extract_entropy(.. 8 ..)
[    5.584913] random 0025 0000 0000 e7f555d9 e8ce5c3c: trying to extract 64 bits from input
[    5.584915] random 0025 0000 0000 e7f555d9 e8ce5c3c: debiting 0 entropy credits from input
[    5.584917] random 0025 0000 0000 e7f555d9 e8ce5c3c: extract_entropy account returned: 0 
[    5.584920] random 0025 0000 0000 e7f555d9 e8ce5c3c: urand_change_num 43 xfer_secondary_pool(4): pool_sig 0000068c, data_sig 00000000, bytes_mixed 0 e7f555d9 e8ce5c3c
[    5.584923] random 0025 0000 0000 e7f555d9 e8ce5c3c: trying to extract 32 bits from nonblocking
[    5.584925] random 0025 0000 0000 e7f555d9 e8ce5c3c: debiting 32 entropy credits from nonblocking (unlimited)
[    5.584928] random 0025 0000 0000 e7f555d9 e8ce5c3c: extract_entropy account returned: 4 
[    5.584932] random 0025 0000 0000 e7f555d9 e8ce5c3c: urand_change_num 44 extract_buf: pool_sig 0000068c, data_sig fffffdcb, bytes_mixed 20 e7f555d9 e8ce5c3c
[    5.584943] md: Waiting for all devices to be available before autodetect
[    5.585044] md: If you don't use raid, use raid=noautodetect
[    5.585203] md: Autodetecting RAID arrays.
[    5.585297] md: Scanned 0 and added 0 devices.
[    5.585384] md: autorun ...
[    5.585468] md: ... autorun DONE.
[    5.598852] random 0025 0000 0000 e7f555d9 e8ce5c3c: add_disk_randomness(8:0) e7f555d9 e8ce5c3c
[    5.598855] random 0025 0000 0000 e7f555d9 e8ce5c3c: add_timer_randomness(.. 8388864) with jiffies: 7121248311561650600, cycles: 7121248307266977802
[    5.598858] random 0025 0000 0000 e7f555d9 e8ce5c3c: added 4 entropy credits to input
[    5.599977] random 0029 0000 0000 e7f555d9 e8ce5c3c: add_disk_randomness(8:0) e7f555d9 e8ce5c3c
[    5.599980] random 0029 0000 0000 e7f555d9 e8ce5c3c: add_timer_randomness(.. 8388864) with jiffies: 7131376548820255145, cycles: 7131376544525582346
[    5.600095] random 0029 0000 0000 e7f555d9 e8ce5c3c: add_disk_randomness(8:0) e7f555d9 e8ce5c3c
[    5.600098] random 0029 0000 0000 e7f555d9 e8ce5c3c: add_timer_randomness(.. 8388864) with jiffies: 7132434437919965609, cycles: 7132434433625292810
[    5.600103] EXT3-fs: sda2: couldn't mount because of unsupported optional features (240).
[    5.600327] random 0029 0000 0000 e7f555d9 e8ce5c3c: add_disk_randomness(8:0) e7f555d9 e8ce5c3c
[    5.600330] random 0029 0000 0000 e7f555d9 e8ce5c3c: add_timer_randomness(.. 8388864) with jiffies: 7134528930261467561, cycles: 7134528925966794762
[    5.600335] EXT2-fs: sda2: couldn't mount because of unsupported optional features (240).
[    5.600601] random 0029 0000 0000 e7f555d9 e8ce5c3c: add_disk_randomness(8:0) e7f555d9 e8ce5c3c
[    5.600604] random 0029 0000 0000 e7f555d9 e8ce5c3c: add_timer_randomness(.. 8388864) with jiffies: 7136982215580942762, cycles: 7136982211286269962
[    5.600738] random 0029 0000 0000 e7f555d9 e8ce5c3c: add_disk_randomness(8:0) e7f555d9 e8ce5c3c
[    5.600741] random 0029 0000 0000 e7f555d9 e8ce5c3c: add_timer_randomness(.. 8388864) with jiffies: 7138217379455795626, cycles: 7138217375161122826
[    5.600862] random 0029 0000 0000 e7f555d9 e8ce5c3c: add_disk_randomness(8:0) e7f555d9 e8ce5c3c
[    5.600864] random 0029 0000 0000 e7f555d9 e8ce5c3c: add_timer_randomness(.. 8388864) with jiffies: 7139330377280881066, cycles: 7139330372986208266
[    5.601015] random 0029 0000 0000 e7f555d9 e8ce5c3c: add_disk_randomness(8:0) e7f555d9 e8ce5c3c
[    5.601018] random 0029 0000 0000 e7f555d9 e8ce5c3c: add_timer_randomness(.. 8388864) with jiffies: 7140710848489292202, cycles: 7140710844194619402
[    5.601134] random 0029 0000 0000 e7f555d9 e8ce5c3c: add_disk_randomness(8:0) e7f555d9 e8ce5c3c
[    5.601137] random 0029 0000 0000 e7f555d9 e8ce5c3c: add_timer_randomness(.. 8388864) with jiffies: 7141782266735985066, cycles: 7141782262441312266
[    5.601255] random 0029 0000 0000 e7f555d9 e8ce5c3c: add_disk_randomness(8:0) e7f555d9 e8ce5c3c
[    5.601258] random 0029 0000 0000 e7f555d9 e8ce5c3c: add_timer_randomness(.. 8388864) with jiffies: 7142876053172355498, cycles: 7142876048877682698
[    5.601409] random 0029 0000 0000 e7f555d9 e8ce5c3c: add_disk_randomness(8:0) e7f555d9 e8ce5c3c
[    5.601412] random 0029 0000 0000 e7f555d9 e8ce5c3c: add_timer_randomness(.. 8388864) with jiffies: 7144261257434726826, cycles: 7144261253140054026
[    5.601527] random 0029 0000 0000 e7f555d9 e8ce5c3c: add_disk_randomness(8:0) e7f555d9 e8ce5c3c
[    5.601530] random 0029 0000 0000 e7f555d9 e8ce5c3c: add_timer_randomness(.. 8388864) with jiffies: 7145328165965758890, cycles: 7145328161671086090
[    5.601769] random 0029 0000 0000 e7f555d9 e8ce5c3c: rand_read_num 10 get_random_bytes(4): sig ffffff72 e7f555d9 e8ce5c3c
[    5.601771] random 0029 0000 0000 e7f555d9 e8ce5c3c: extract_entropy(.. 4 ..)
[    5.601774] random 0029 0000 0000 e7f555d9 e8ce5c3c: going to reseed nonblocking with 64 bits (32 of 0 requested)
[    5.601776] random 0029 0000 0000 e7f555d9 e8ce5c3c: extract_entropy(.. 8 ..)
[    5.601778] random 0029 0000 0000 e7f555d9 e8ce5c3c: trying to extract 64 bits from input
[    5.601780] random 0029 0000 0000 e7f555d9 e8ce5c3c: debiting 0 entropy credits from input
[    5.601782] random 0029 0000 0000 e7f555d9 e8ce5c3c: extract_entropy account returned: 0 
[    5.601785] random 0029 0000 0000 e7f555d9 e8ce5c3c: urand_change_num 45 xfer_secondary_pool(4): pool_sig ffffff72, data_sig 00000000, bytes_mixed 0 e7f555d9 e8ce5c3c
[    5.601788] random 0029 0000 0000 e7f555d9 e8ce5c3c: trying to extract 32 bits from nonblocking
[    5.601790] random 0029 0000 0000 e7f555d9 e8ce5c3c: debiting 32 entropy credits from nonblocking (unlimited)
[    5.601793] random 0029 0000 0000 e7f555d9 e8ce5c3c: extract_entropy account returned: 4 
[    5.601797] random 0029 0000 0000 e7f555d9 e8ce5c3c: urand_change_num 46 extract_buf: pool_sig ffffff72, data_sig ffffff72, bytes_mixed 20 e7f555d9 e8ce5c3c
[    5.613305] random 0029 0000 0000 91716c54 eeb6a1e7: add_disk_randomness(8:0) 91716c54 eeb6a1e7
[    5.613308] random 0029 0000 0000 91716c54 eeb6a1e7: add_timer_randomness(.. 8388864) with jiffies: 7251289076492108214, cycles: 7251289072197435402
[    5.613311] random 0029 0000 0000 91716c54 eeb6a1e7: added 3 entropy credits to input
[    5.631582] random 0032 0000 0000 91716c54 eeb6a1e7: add_disk_randomness(8:0) 91716c54 eeb6a1e7
[    5.631585] random 0032 0000 0000 91716c54 eeb6a1e7: add_timer_randomness(.. 8388864) with jiffies: 7415713670262129097, cycles: 7415713665967456266
[    5.631588] random 0032 0000 0000 91716c54 eeb6a1e7: added 2 entropy credits to input
[    5.636239] EXT4-fs (sda2): mounted filesystem with ordered data mode
[    5.636446] VFS: Mounted root (ext4 filesystem) readonly on device 8:2.
[    5.636545] Freeing unused kernel memory: 448k freed
[    5.656731] random 0034 0000 0000 91716c54 eeb6a1e7: add_disk_randomness(8:0) 91716c54 eeb6a1e7
[    5.656734] random 0034 0000 0000 91716c54 eeb6a1e7: add_timer_randomness(.. 8388864) with jiffies: 7641975936144605666, cycles: 7641975931849932810
[    5.657461] random 0034 0000 0000 91716c54 eeb6a1e7: add_disk_randomness(8:0) 91716c54 eeb6a1e7
[    5.657464] random 0034 0000 0000 91716c54 eeb6a1e7: add_timer_randomness(.. 8388864) with jiffies: 7648555654243385826, cycles: 7648555649948712970
[    5.662185] random 0034 0000 0000 91716c54 eeb6a1e7: add_disk_randomness(8:0) 91716c54 eeb6a1e7
[    5.662188] random 0034 0000 0000 91716c54 eeb6a1e7: add_timer_randomness(.. 8388864) with jiffies: 7691054720709525991, cycles: 7691054716414853130
[    5.662191] random 0034 0000 0000 91716c54 eeb6a1e7: added 2 entropy credits to input
[    5.670386] random 0036 0000 0000 91716c54 eeb6a1e7: add_disk_randomness(8:0) 91716c54 eeb6a1e7
[    5.670389] random 0036 0000 0000 91716c54 eeb6a1e7: add_timer_randomness(.. 8388864) with jiffies: 7764838268830188015, cycles: 7764838264535515146
[    5.670392] random 0036 0000 0000 91716c54 eeb6a1e7: added 1 entropy credits to input
[    5.673809] random 0037 0000 0000 91716c54 eeb6a1e7: add_disk_randomness(8:0) 91716c54 eeb6a1e7
[    5.673812] random 0037 0000 0000 91716c54 eeb6a1e7: add_timer_randomness(.. 8388864) with jiffies: 7795629026814165491, cycles: 7795629022519492618
[    5.673815] random 0037 0000 0000 91716c54 eeb6a1e7: added 2 entropy credits to input
[    5.682704] random 0039 0000 0000 91716c54 eeb6a1e7: add_disk_randomness(8:0) 91716c54 eeb6a1e7
[    5.682707] random 0039 0000 0000 91716c54 eeb6a1e7: add_timer_randomness(.. 8388864) with jiffies: 7875652084379124220, cycles: 7875652080084451338
[    5.682710] random 0039 0000 0000 91716c54 eeb6a1e7: added 2 entropy credits to input
[    5.696021] random 0041 0000 0000 91716c54 eeb6a1e7: add_disk_randomness(8:0) 91716c54 eeb6a1e7
[    5.696024] random 0041 0000 0000 91716c54 eeb6a1e7: add_timer_randomness(.. 8388864) with jiffies: 7995469049028641289, cycles: 7995469044733968394
[    5.704061] random 0041 0000 0000 91716c54 eeb6a1e7: add_disk_randomness(8:0) 91716c54 eeb6a1e7
[    5.704064] random 0041 0000 0000 91716c54 eeb6a1e7: add_timer_randomness(.. 8388864) with jiffies: 8067800966922732049, cycles: 8067800962628059146
[    5.704067] random 0041 0000 0000 91716c54 eeb6a1e7: added 2 entropy credits to input
[    5.704090] RANDOM get_random_int call with cycles 44828159197, jiffies 4294672913 and pid 1
[    5.704093] RANDOM get_random_int call with cycles 44828166232, jiffies 4294672913 and pid 1
[    5.704095] ASLR stack rand value: 421888 after shift for pid: 1
[    5.704096] RANDOM get_random_int call with cycles 44828174107, jiffies 4294672913 and pid 1
[    5.715711] random 0043 0000 0000 91716c54 eeb6a1e7: add_disk_randomness(8:0) 91716c54 eeb6a1e7
[    5.715715] random 0043 0000 0000 91716c54 eeb6a1e7: add_timer_randomness(.. 8388864) with jiffies: 8172613613647528477, cycles: 8172613609352855562
[    5.715717] random 0043 0000 0000 91716c54 eeb6a1e7: added 2 entropy credits to input
[    5.715727] RANDOM get_random_int call with cycles 44852536113, jiffies 4294672925 and pid 1
[    5.715730] random 0045 0000 0000 91716c54 eeb6a1e7: rand_read_num 11 get_random_bytes(16): sig fffffcad 91716c54 eeb6a1e7
[    5.715733] random 0045 0000 0000 91716c54 eeb6a1e7: extract_entropy(.. 16 ..)
[    5.715735] random 0045 0000 0000 91716c54 eeb6a1e7: going to reseed nonblocking with 128 bits (128 of 0 requested)
[    5.715737] random 0045 0000 0000 91716c54 eeb6a1e7: extract_entropy(.. 16 ..)
[    5.715740] random 0045 0000 0000 91716c54 eeb6a1e7: trying to extract 128 bits from input
[    5.715742] random 0045 0000 0000 91716c54 eeb6a1e7: debiting 0 entropy credits from input
[    5.715744] random 0045 0000 0000 91716c54 eeb6a1e7: extract_entropy account returned: 0 
[    5.715747] random 0045 0000 0000 91716c54 eeb6a1e7: urand_change_num 47 xfer_secondary_pool(16): pool_sig fffffcad, data_sig 00000000, bytes_mixed 0 91716c54 eeb6a1e7
[    5.715750] random 0045 0000 0000 91716c54 eeb6a1e7: trying to extract 128 bits from nonblocking
[    5.715752] random 0045 0000 0000 91716c54 eeb6a1e7: debiting 128 entropy credits from nonblocking (unlimited)
[    5.715754] random 0045 0000 0000 91716c54 eeb6a1e7: extract_entropy account returned: 16 
[    5.715759] random 0045 0000 0000 91716c54 eeb6a1e7: urand_change_num 48 extract_buf: pool_sig fffffcad, data_sig ffffff19, bytes_mixed 20 91716c54 eeb6a1e7
[    5.715764] random 0045 0000 0000 fd637b06 6cf47bc1: urand_change_num 49 extract_buf: pool_sig fffffede, data_sig ffffffc1, bytes_mixed 20 fd637b06 6cf47bc1
[    5.716720] random 0045 0000 0000 fd637b06 6cf47bc1: add_disk_randomness(8:0) fd637b06 6cf47bc1
[    5.716724] random 0045 0000 0000 fd637b06 6cf47bc1: add_timer_randomness(.. 8388864) with jiffies: 8181690137969394206, cycles: 8181690133674721290
[    5.717863] random 0045 0000 0000 fd637b06 6cf47bc1: add_disk_randomness(8:0) fd637b06 6cf47bc1
[    5.717866] random 0045 0000 0000 fd637b06 6cf47bc1: add_timer_randomness(.. 8388864) with jiffies: 8191972513014317599, cycles: 8191972508719644682
[    5.719015] random 0045 0000 0000 fd637b06 6cf47bc1: add_disk_randomness(8:0) fd637b06 6cf47bc1
[    5.719017] random 0045 0000 0000 fd637b06 6cf47bc1: add_timer_randomness(.. 8388864) with jiffies: 8202334173155525152, cycles: 8202334168860852234
[    5.719890] random 0045 0000 0000 fd637b06 6cf47bc1: add_disk_randomness(8:0) fd637b06 6cf47bc1
[    5.719893] random 0045 0000 0000 fd637b06 6cf47bc1: add_timer_randomness(.. 8388864) with jiffies: 8210211787421483553, cycles: 8210211783126810634
[    5.720063] random 0045 0000 0000 fd637b06 6cf47bc1: add_disk_randomness(8:0) fd637b06 6cf47bc1
[    5.720066] random 0045 0000 0000 fd637b06 6cf47bc1: add_timer_randomness(.. 8388864) with jiffies: 8211772239234433569, cycles: 8211772234939760650
[    5.720291] random 0045 0000 0000 fd637b06 6cf47bc1: add_disk_randomness(8:0) fd637b06 6cf47bc1
[    5.720294] random 0045 0000 0000 fd637b06 6cf47bc1: add_timer_randomness(.. 8388864) with jiffies: 8213821050303775265, cycles: 8213821046009102346
[    5.730771] random 0045 0000 0000 fd637b06 6cf47bc1: add_disk_randomness(8:0) fd637b06 6cf47bc1
[    5.730774] random 0045 0000 0000 fd637b06 6cf47bc1: add_timer_randomness(.. 8388864) with jiffies: 8308104232515109420, cycles: 8308104228220436490
[    5.730777] random 0045 0000 0000 fd637b06 6cf47bc1: added 3 entropy credits to input
[    5.731209] random 0048 0000 0000 fd637b06 6cf47bc1: add_disk_randomness(8:0) fd637b06 6cf47bc1
[    5.731213] random 0048 0000 0000 fd637b06 6cf47bc1: add_timer_randomness(.. 8388864) with jiffies: 8312052217993200172, cycles: 8312052213698527242
[    5.740950] random 0048 0000 0000 fd637b06 6cf47bc1: add_disk_randomness(8:0) fd637b06 6cf47bc1
[    5.740953] random 0048 0000 0000 fd637b06 6cf47bc1: add_timer_randomness(.. 8388864) with jiffies: 8399684063526093366, cycles: 8399684059231420426
[    5.740956] random 0048 0000 0000 fd637b06 6cf47bc1: added 3 entropy credits to input
[    5.741008] RANDOM get_random_int call with cycles 44905493440, jiffies 4294672950 and pid 1
[    5.745556] random 0051 0000 0000 fd637b06 6cf47bc1: add_disk_randomness(8:0) fd637b06 6cf47bc1
[    5.745559] random 0051 0000 0000 fd637b06 6cf47bc1: add_timer_randomness(.. 8388864) with jiffies: 8441133989740905018, cycles: 8441133985446232074
[    5.745562] random 0051 0000 0000 fd637b06 6cf47bc1: added 2 entropy credits to input
[    5.758384] random 0053 0000 0000 fd637b06 6cf47bc1: add_disk_randomness(8:0) fd637b06 6cf47bc1
[    5.758387] random 0053 0000 0000 fd637b06 6cf47bc1: add_timer_randomness(.. 8388864) with jiffies: 8556537566256136775, cycles: 8556537561961463818
[    5.758390] random 0053 0000 0000 fd637b06 6cf47bc1: added 3 entropy credits to input
[    5.758526] random 0056 0000 0000 fd637b06 6cf47bc1: add_disk_randomness(8:0) fd637b06 6cf47bc1
[    5.758529] random 0056 0000 0000 fd637b06 6cf47bc1: add_timer_randomness(.. 8388864) with jiffies: 8557821800132346439, cycles: 8557821795837673482
[    5.760686] random 0056 0000 0000 fd637b06 6cf47bc1: add_disk_randomness(8:0) fd637b06 6cf47bc1
[    5.760689] random 0056 0000 0000 fd637b06 6cf47bc1: add_timer_randomness(.. 8388864) with jiffies: 8577238063082340938, cycles: 8577238058787667978
[    5.760692] random 0056 0000 0000 fd637b06 6cf47bc1: added 1 entropy credits to input
[    5.760936] random 0057 0000 0000 fd637b06 6cf47bc1: add_disk_randomness(8:0) fd637b06 6cf47bc1
[    5.760939] random 0057 0000 0000 fd637b06 6cf47bc1: add_timer_randomness(.. 8388864) with jiffies: 8579493732661559882, cycles: 8579493728366886922
[    5.761112] random 0057 0000 0000 fd637b06 6cf47bc1: add_disk_randomness(8:0) fd637b06 6cf47bc1
[    5.761115] random 0057 0000 0000 fd637b06 6cf47bc1: add_timer_randomness(.. 8388864) with jiffies: 8581076733052813898, cycles: 8581076728758140938
[    5.764239] random 0057 0000 0000 fd637b06 6cf47bc1: add_disk_randomness(8:0) fd637b06 6cf47bc1
[    5.764242] random 0057 0000 0000 fd637b06 6cf47bc1: add_timer_randomness(.. 8388864) with jiffies: 8609218531302277709, cycles: 8609218527007604746
[    5.764245] random 0057 0000 0000 fd637b06 6cf47bc1: added 1 entropy credits to input
[    5.766258] random 0058 0000 0000 fd637b06 6cf47bc1: add_disk_randomness(8:0) fd637b06 6cf47bc1
[    5.766260] random 0058 0000 0000 fd637b06 6cf47bc1: add_timer_randomness(.. 8388864) with jiffies: 8627375007329911375, cycles: 8627375003035238410
[    5.774085] random 0058 0000 0000 fd637b06 6cf47bc1: add_disk_randomness(8:0) fd637b06 6cf47bc1
[    5.774088] random 0058 0000 0000 fd637b06 6cf47bc1: add_timer_randomness(.. 8388864) with jiffies: 8697794174423630423, cycles: 8697794170128957450
[    5.774091] random 0058 0000 0000 fd637b06 6cf47bc1: added 2 entropy credits to input
[    5.774222] random 0060 0000 0000 fd637b06 6cf47bc1: add_disk_randomness(8:0) fd637b06 6cf47bc1
[    5.774225] random 0060 0000 0000 fd637b06 6cf47bc1: add_timer_randomness(.. 8388864) with jiffies: 8699028032628425303, cycles: 8699028028333752330
[    5.777784] random 0060 0000 0000 fd637b06 6cf47bc1: add_disk_randomness(8:0) fd637b06 6cf47bc1
[    5.777787] random 0060 0000 0000 fd637b06 6cf47bc1: add_timer_randomness(.. 8388864) with jiffies: 8731068660455277147, cycles: 8731068656160604170
[    5.777789] random 0060 0000 0000 fd637b06 6cf47bc1: added 2 entropy credits to input
[    5.782280] random 0062 0000 0000 fd637b06 6cf47bc1: add_disk_randomness(8:0) fd637b06 6cf47bc1
[    5.782283] random 0062 0000 0000 fd637b06 6cf47bc1: add_timer_randomness(.. 8388864) with jiffies: 8771530731307106911, cycles: 8771530727012433930
[    5.787857] random 0062 0000 0000 fd637b06 6cf47bc1: add_disk_randomness(8:0) fd637b06 6cf47bc1
[    5.787860] random 0062 0000 0000 fd637b06 6cf47bc1: add_timer_randomness(.. 8388864) with jiffies: 8821694012294136421, cycles: 8821694007999463434
[    5.787863] random 0062 0000 0000 fd637b06 6cf47bc1: added 1 entropy credits to input
[    5.794134] random 0063 0000 0000 fd637b06 6cf47bc1: add_disk_randomness(8:0) fd637b06 6cf47bc1
[    5.794137] random 0063 0000 0000 fd637b06 6cf47bc1: add_timer_randomness(.. 8388864) with jiffies: 8878169224464007787, cycles: 8878169220169334794
[    5.794150] random 0063 0000 0000 fd637b06 6cf47bc1: rand_read_num 12 get_random_bytes(16): sig 0000033b fd637b06 6cf47bc1
[    5.794152] random 0063 0000 0000 fd637b06 6cf47bc1: extract_entropy(.. 16 ..)
[    5.794155] random 0063 0000 0000 fd637b06 6cf47bc1: going to reseed nonblocking with 128 bits (128 of 0 requested)
[    5.794157] random 0063 0000 0000 fd637b06 6cf47bc1: extract_entropy(.. 16 ..)
[    5.794159] random 0063 0000 0000 fd637b06 6cf47bc1: trying to extract 128 bits from input
[    5.794161] random 0063 0000 0000 fd637b06 6cf47bc1: debiting 0 entropy credits from input
[    5.794163] random 0063 0000 0000 fd637b06 6cf47bc1: extract_entropy account returned: 0 
[    5.794167] random 0063 0000 0000 fd637b06 6cf47bc1: urand_change_num 50 xfer_secondary_pool(16): pool_sig 0000033b, data_sig 00000000, bytes_mixed 0 fd637b06 6cf47bc1
[    5.794170] random 0063 0000 0000 fd637b06 6cf47bc1: trying to extract 128 bits from nonblocking
[    5.794172] random 0063 0000 0000 fd637b06 6cf47bc1: debiting 128 entropy credits from nonblocking (unlimited)
[    5.794174] random 0063 0000 0000 fd637b06 6cf47bc1: extract_entropy account returned: 16 
[    5.794178] random 0063 0000 0000 fd637b06 6cf47bc1: urand_change_num 51 extract_buf: pool_sig 0000033b, data_sig 000000d8, bytes_mixed 20 fd637b06 6cf47bc1
[    5.794184] random 0063 0000 0000 0ec1f012 d4727ca8: urand_change_num 52 extract_buf: pool_sig fffffcf5, data_sig 00000016, bytes_mixed 20 0ec1f012 d4727ca8
[    5.800880] random 0063 0000 0000 45b1d0b1 845a73f7: add_disk_randomness(8:0) 45b1d0b1 845a73f7
[    5.800883] random 0063 0000 0000 45b1d0b1 845a73f7: add_timer_randomness(.. 8388864) with jiffies: 8938861025071694450, cycles: 8938861020777021450
[    5.808104] random 0063 0000 0000 45b1d0b1 845a73f7: add_disk_randomness(8:0) 45b1d0b1 845a73f7
[    5.808107] random 0063 0000 0000 45b1d0b1 845a73f7: add_timer_randomness(.. 8388864) with jiffies: 9003858066537153145, cycles: 9003858062242480138
[    5.817749] random 0063 0000 0000 45b1d0b1 845a73f7: add_disk_randomness(8:0) 45b1d0b1 845a73f7
[    5.817752] random 0063 0000 0000 45b1d0b1 845a73f7: add_timer_randomness(.. 8388864) with jiffies: 9090623642936246915, cycles: 9090623638641573898
[    5.817754] random 0063 0000 0000 45b1d0b1 845a73f7: added 1 entropy credits to input
[    5.825533] random 0064 0000 0000 45b1d0b1 845a73f7: add_disk_randomness(8:0) 45b1d0b1 845a73f7
[    5.825536] random 0064 0000 0000 45b1d0b1 845a73f7: add_timer_randomness(.. 8388864) with jiffies: 9160669766350504586, cycles: 9160669762055831562
[    5.825539] random 0064 0000 0000 45b1d0b1 845a73f7: added 1 entropy credits to input
[    5.828669] random 0065 0000 0000 45b1d0b1 845a73f7: add_disk_randomness(8:0) 45b1d0b1 845a73f7
[    5.828672] random 0065 0000 0000 45b1d0b1 845a73f7: add_timer_randomness(.. 8388864) with jiffies: 9188873437898834574, cycles: 9188873433604161546
[    5.842942] random 0065 0000 0000 45b1d0b1 845a73f7: add_disk_randomness(8:0) 45b1d0b1 845a73f7
[    5.842946] random 0065 0000 0000 45b1d0b1 845a73f7: add_timer_randomness(.. 8388864) with jiffies: 9317292101055775388, cycles: -9129451976948449270
[    5.842948] random 0065 0000 0000 45b1d0b1 845a73f7: added 3 entropy credits to input
[    5.848336] random 0068 0000 0000 45b1d0b1 845a73f7: add_disk_randomness(8:0) 45b1d0b1 845a73f7
[    5.848339] random 0068 0000 0000 45b1d0b1 845a73f7: add_timer_randomness(.. 8388864) with jiffies: 9365822143419089569, cycles: -9080921934585135094
[    5.848342] random 0068 0000 0000 45b1d0b1 845a73f7: added 2 entropy credits to input
[    5.853506] random 0070 0000 0000 45b1d0b1 845a73f7: add_disk_randomness(8:0) 45b1d0b1 845a73f7
[    5.853509] random 0070 0000 0000 45b1d0b1 845a73f7: add_timer_randomness(.. 8388864) with jiffies: 9412342248462058150, cycles: -9034401829542166518
[    5.861740] random 0070 0000 0000 45b1d0b1 845a73f7: add_disk_randomness(8:0) 45b1d0b1 845a73f7
[    5.861743] random 0070 0000 0000 45b1d0b1 845a73f7: add_timer_randomness(.. 8388864) with jiffies: 9486404995226763951, cycles: -8960339082777460726
[    5.861746] random 0070 0000 0000 45b1d0b1 845a73f7: added 2 entropy credits to input
[    5.871340] random 0072 0000 0000 45b1d0b1 845a73f7: add_disk_randomness(8:0) 45b1d0b1 845a73f7
[    5.871343] random 0072 0000 0000 45b1d0b1 845a73f7: add_timer_randomness(.. 8388864) with jiffies: 9572788010298868408, cycles: -8873956067705356278
[    5.890846] random 0072 0000 0000 45b1d0b1 845a73f7: add_disk_randomness(8:0) 45b1d0b1 845a73f7
[    5.890849] random 0072 0000 0000 45b1d0b1 845a73f7: add_timer_randomness(.. 8388864) with jiffies: 9748268580033233612, cycles: -8698475497970991094
[    5.890852] random 0072 0000 0000 45b1d0b1 845a73f7: added 3 entropy credits to input
[    5.904131] random 0075 0000 0000 45b1d0b1 845a73f7: add_disk_randomness(8:0) 45b1d0b1 845a73f7
[    5.904134] random 0075 0000 0000 45b1d0b1 845a73f7: add_timer_randomness(.. 8388864) with jiffies: 9867800126926062297, cycles: -8578943951078162422
[    5.904137] random 0075 0000 0000 45b1d0b1 845a73f7: added 2 entropy credits to input
[    5.912147] random 0077 0000 0000 45b1d0b1 845a73f7: add_disk_randomness(8:0) 45b1d0b1 845a73f7
[    5.912150] random 0077 0000 0000 45b1d0b1 845a73f7: add_timer_randomness(.. 8388864) with jiffies: 9939919589967889121, cycles: -8506824488036335606
[    5.912153] random 0077 0000 0000 45b1d0b1 845a73f7: added 1 entropy credits to input
[    5.922162] random 0078 0000 0000 45b1d0b1 845a73f7: add_disk_randomness(8:0) 45b1d0b1 845a73f7
[    5.922165] random 0078 0000 0000 45b1d0b1 845a73f7: add_timer_randomness(.. 8388864) with jiffies: 10030017438218420971, cycles: -8416726639785803766
[    5.922168] random 0078 0000 0000 45b1d0b1 845a73f7: added 1 entropy credits to input
[    5.935051] random 0079 0000 0000 45b1d0b1 845a73f7: add_disk_randomness(8:0) 45b1d0b1 845a73f7
[    5.935054] random 0079 0000 0000 45b1d0b1 845a73f7: add_timer_randomness(.. 8388864) with jiffies: 10145981709829243640, cycles: -8300762368174981110
[    5.942404] random 0079 0000 0000 45b1d0b1 845a73f7: add_disk_randomness(8:0) 45b1d0b1 845a73f7
[    5.942407] random 0079 0000 0000 45b1d0b1 845a73f7: add_timer_randomness(.. 8388864) with jiffies: 10212137344492602111, cycles: -8234606733511622646
[    5.942410] random 0079 0000 0000 45b1d0b1 845a73f7: added 2 entropy credits to input
[    5.947654] random 0081 0000 0000 45b1d0b1 845a73f7: add_disk_randomness(8:0) 45b1d0b1 845a73f7
[    5.947657] random 0081 0000 0000 45b1d0b1 845a73f7: add_timer_randomness(.. 8388864) with jiffies: 10259358173449913093, cycles: -8187385904554311670
[    5.954094] random 0081 0000 0000 45b1d0b1 845a73f7: add_disk_randomness(8:0) 45b1d0b1 845a73f7
[    5.954096] random 0081 0000 0000 45b1d0b1 845a73f7: add_timer_randomness(.. 8388864) with jiffies: 10317300443368882955, cycles: -8129443634635341814
[    5.959146] random 0081 0000 0000 45b1d0b1 845a73f7: add_disk_randomness(8:0) 45b1d0b1 845a73f7
[    5.959149] random 0081 0000 0000 45b1d0b1 845a73f7: add_timer_randomness(.. 8388864) with jiffies: 10362758510373733136, cycles: -8083985567630491638
[    5.965048] random 0081 0000 0000 45b1d0b1 845a73f7: add_disk_randomness(8:0) 45b1d0b1 845a73f7
[    5.965051] random 0081 0000 0000 45b1d0b1 845a73f7: add_timer_randomness(.. 8388864) with jiffies: 10415853106540282646, cycles: -8030890971463942134
[    5.974399] random 0081 0000 0000 45b1d0b1 845a73f7: add_disk_randomness(8:0) 45b1d0b1 845a73f7
[    5.974402] random 0081 0000 0000 45b1d0b1 845a73f7: add_timer_randomness(.. 8388864) with jiffies: 10499987311095939871, cycles: -7946756766908284918
[    5.974405] random 0081 0000 0000 45b1d0b1 845a73f7: added 1 entropy credits to input
[    5.979275] random 0082 0000 0000 45b1d0b1 845a73f7: add_disk_randomness(8:0) 45b1d0b1 845a73f7
[    5.979278] random 0082 0000 0000 45b1d0b1 845a73f7: add_timer_randomness(.. 8388864) with jiffies: 10543859087764587300, cycles: -7902884990239637494
[    5.979281] random 0082 0000 0000 45b1d0b1 845a73f7: added 2 entropy credits to input
[    5.986712] random 0084 0000 0000 45b1d0b1 845a73f7: add_disk_randomness(8:0) 45b1d0b1 845a73f7
[    5.986715] random 0084 0000 0000 45b1d0b1 845a73f7: add_timer_randomness(.. 8388864) with jiffies: 10610761531341374252, cycles: -7835982546662850550
[    5.986718] random 0084 0000 0000 45b1d0b1 845a73f7: added 1 entropy credits to input
[    5.992927] random 0085 0000 0000 45b1d0b1 845a73f7: add_disk_randomness(8:0) 45b1d0b1 845a73f7
[    5.992930] random 0085 0000 0000 45b1d0b1 845a73f7: add_timer_randomness(.. 8388864) with jiffies: 10666679570288837426, cycles: -7780064507715387382
[    5.992933] random 0085 0000 0000 45b1d0b1 845a73f7: added 1 entropy credits to input
[    5.993084] random 0086 0000 0000 45b1d0b1 845a73f7: add_disk_randomness(8:0) 45b1d0b1 845a73f7
[    5.993087] random 0086 0000 0000 45b1d0b1 845a73f7: add_timer_randomness(.. 8388864) with jiffies: 10668090522880148274, cycles: -7778653555124076534
[    6.007493] random 0086 0000 0000 45b1d0b1 845a73f7: add_disk_randomness(8:0) 45b1d0b1 845a73f7
[    6.007497] random 0086 0000 0000 45b1d0b1 845a73f7: add_timer_randomness(.. 8388864) with jiffies: 10797736730639958848, cycles: -7649007347364265974
[    6.007499] random 0086 0000 0000 45b1d0b1 845a73f7: added 3 entropy credits to input
[    6.014914] random 0089 0000 0000 45b1d0b1 845a73f7: add_disk_randomness(8:0) 45b1d0b1 845a73f7
[    6.014917] random 0089 0000 0000 45b1d0b1 845a73f7: add_timer_randomness(.. 8388864) with jiffies: 10864488910490927944, cycles: -7582255167513296886
[    6.014920] random 0089 0000 0000 45b1d0b1 845a73f7: added 2 entropy credits to input
[    6.024595] random 0091 0000 0000 45b1d0b1 845a73f7: add_disk_randomness(8:0) 45b1d0b1 845a73f7
[    6.024598] random 0091 0000 0000 45b1d0b1 845a73f7: add_timer_randomness(.. 8388864) with jiffies: 10951582570851828562, cycles: -7495161507152396278
[    6.024601] random 0091 0000 0000 45b1d0b1 845a73f7: added 1 entropy credits to input
[    6.035222] random 0092 0000 0000 45b1d0b1 845a73f7: add_disk_randomness(8:0) 45b1d0b1 845a73f7
[    6.035225] random 0092 0000 0000 45b1d0b1 845a73f7: add_timer_randomness(.. 8388864) with jiffies: 11047198103457989468, cycles: -7399545974546235382
[    6.047744] random 0092 0000 0000 45b1d0b1 845a73f7: add_disk_randomness(8:0) 45b1d0b1 845a73f7
[    6.047747] random 0092 0000 0000 45b1d0b1 845a73f7: add_timer_randomness(.. 8388864) with jiffies: 11159848816389882729, cycles: -7286895261614342134
[    6.047749] random 0092 0000 0000 45b1d0b1 845a73f7: added 1 entropy credits to input
[    6.048946] random 0093 0000 0000 45b1d0b1 845a73f7: add_disk_randomness(8:0) 45b1d0b1 845a73f7
[    6.048949] random 0093 0000 0000 45b1d0b1 845a73f7: add_timer_randomness(.. 8388864) with jiffies: 11170673529840173930, cycles: -7276070548164050934
[    6.052970] random 0093 0000 0000 45b1d0b1 845a73f7: add_disk_randomness(8:0) 45b1d0b1 845a73f7
[    6.052973] random 0093 0000 0000 45b1d0b1 845a73f7: add_timer_randomness(.. 8388864) with jiffies: 11206874821335679854, cycles: -7239869256668545014
[    6.052976] random 0093 0000 0000 45b1d0b1 845a73f7: added 1 entropy credits to input
[    6.062307] random 0094 0000 0000 45b1d0b1 845a73f7: add_disk_randomness(8:0) 45b1d0b1 845a73f7
[    6.062310] random 0094 0000 0000 45b1d0b1 845a73f7: add_timer_randomness(.. 8388864) with jiffies: 11290882075248001911, cycles: -7155862002756222966
[    6.062313] random 0094 0000 0000 45b1d0b1 845a73f7: added 1 entropy credits to input
[    6.062654] random 0095 0000 0000 45b1d0b1 845a73f7: add_disk_randomness(8:0) 45b1d0b1 845a73f7
[    6.062657] random 0095 0000 0000 45b1d0b1 845a73f7: add_timer_randomness(.. 8388864) with jiffies: 11293997296632169336, cycles: -7152746781372055542
[    6.078317] random 0095 0000 0000 45b1d0b1 845a73f7: add_disk_randomness(8:0) 45b1d0b1 845a73f7
[    6.078320] random 0095 0000 0000 45b1d0b1 845a73f7: add_timer_randomness(.. 8388864) with jiffies: 11434918424904172423, cycles: -7011825653100052470
[    6.078322] random 0095 0000 0000 45b1d0b1 845a73f7: added 3 entropy credits to input
[    6.079949] random 0098 0000 0000 45b1d0b1 845a73f7: add_disk_randomness(8:0) 45b1d0b1 845a73f7
[    6.079952] random 0098 0000 0000 45b1d0b1 845a73f7: add_timer_randomness(.. 8388864) with jiffies: 11449594121996174217, cycles: -6997149956008050678
[    6.079954] random 0098 0000 0000 45b1d0b1 845a73f7: added 1 entropy credits to input
[    6.080096] random 0099 0000 0000 45b1d0b1 845a73f7: add_disk_randomness(8:0) 45b1d0b1 845a73f7
[    6.080099] random 0099 0000 0000 45b1d0b1 845a73f7: add_timer_randomness(.. 8388864) with jiffies: 11450923315590038409, cycles: -6995820762414186486
[    6.090970] random 0099 0000 0000 45b1d0b1 845a73f7: add_disk_randomness(8:0) 45b1d0b1 845a73f7
[    6.090973] random 0099 0000 0000 45b1d0b1 845a73f7: add_timer_randomness(.. 8388864) with jiffies: 11548749961784689556, cycles: -6897994116219535350
[    6.090975] random 0099 0000 0000 45b1d0b1 845a73f7: added 3 entropy credits to input
[    6.091539] random 0102 0000 0000 45b1d0b1 845a73f7: add_disk_randomness(8:0) 45b1d0b1 845a73f7
[    6.091542] random 0102 0000 0000 45b1d0b1 845a73f7: add_timer_randomness(.. 8388864) with jiffies: 11553884092675883924, cycles: -6892859985328340982
[    6.096770] random 0102 0000 0000 45b1d0b1 845a73f7: add_disk_randomness(8:0) 45b1d0b1 845a73f7
[    6.096773] random 0102 0000 0000 45b1d0b1 845a73f7: add_timer_randomness(.. 8388864) with jiffies: 11600927870196351898, cycles: -6845816207807873014
[    6.096775] random 0102 0000 0000 45b1d0b1 845a73f7: added 2 entropy credits to input
[    6.098523] random 0104 0000 0000 45b1d0b1 845a73f7: add_disk_randomness(8:0) 45b1d0b1 845a73f7
[    6.098526] random 0104 0000 0000 45b1d0b1 845a73f7: add_timer_randomness(.. 8388864) with jiffies: 11616710882871706523, cycles: -6830033195132518390
[    6.108750] random 0104 0000 0000 45b1d0b1 845a73f7: add_disk_randomness(8:0) 45b1d0b1 845a73f7
[    6.108753] random 0104 0000 0000 45b1d0b1 845a73f7: add_timer_randomness(.. 8388864) with jiffies: 11708712101714035622, cycles: -6738031976290189302
[    6.108756] random 0104 0000 0000 45b1d0b1 845a73f7: added 3 entropy credits to input
[    6.122691] random 0107 0000 0000 45b1d0b1 845a73f7: add_disk_randomness(8:0) 45b1d0b1 845a73f7
[    6.122694] random 0107 0000 0000 45b1d0b1 845a73f7: add_timer_randomness(.. 8388864) with jiffies: 11834134419591627700, cycles: -6612609658412597238
[    6.122696] random 0107 0000 0000 45b1d0b1 845a73f7: added 1 entropy credits to input
[    6.135207] random 0108 0000 0000 45b1d0b1 845a73f7: add_disk_randomness(8:0) 45b1d0b1 845a73f7
[    6.135210] random 0108 0000 0000 45b1d0b1 845a73f7: add_timer_randomness(.. 8388864) with jiffies: 11946750454957573056, cycles: -6499993623046651894
