[    0.000000] random 0000 0000 0000 00000000 00000000: rand_read_num 1 get_random_bytes(8): sig 00000000 00000000 00000000
[    0.000000] random 0000 0000 0000 00000000 00000000: extract_entropy(.. 8 ..)
[    0.000000] random 0000 0000 0000 00000000 00000000: going to reseed nonblocking with 64 bits (64 of 0 requested)
[    0.000000] random 0000 0000 0000 00000000 00000000: extract_entropy(.. 8 ..)
[    0.000000] random 0000 0000 0000 00000000 00000000: trying to extract 64 bits from input
[    0.000000] random 0000 0000 0000 00000000 00000000: debiting 0 entropy credits from input
[    0.000000] random 0000 0000 0000 00000000 00000000: extract_entropy account returned: 0 
[    0.000000] random 0000 0000 0000 00000000 00000000: urand_change_num 1 xfer_secondary_pool(8): pool_sig 00000000, data_sig 00000000, bytes_mixed 0 00000000 00000000
[    0.000000] random 0000 0000 0000 00000000 00000000: trying to extract 64 bits from nonblocking
[    0.000000] random 0000 0000 0000 00000000 00000000: debiting 64 entropy credits from nonblocking (unlimited)
[    0.000000] random 0000 0000 0000 00000000 00000000: extract_entropy account returned: 8 
[    0.000000] random 0000 0000 0000 00000000 00000000: urand_change_num 2 extract_buf: pool_sig 00000000, data_sig fffffff9, bytes_mixed 20 00000000 00000000
[    0.000000] Linux version 2.6.32.57 (dcashman@dcashman-02) (gcc version 4.3.3 (GCC) ) #6 Thu May 30 09:02:12 PDT 2013
[    0.000000] KERNEL supported cpus:
[    0.000000]   Intel GenuineIntel
[    0.000000]   AMD AuthenticAMD
[    0.000000]   NSC Geode by NSC
[    0.000000]   Cyrix CyrixInstead
[    0.000000]   Centaur CentaurHauls
[    0.000000]   Transmeta GenuineTMx86
[    0.000000]   Transmeta TransmetaCPU
[    0.000000]   UMC UMC UMC UMC
[    0.000000] BIOS-provided physical RAM map:
[    0.000000]  BIOS-e820: 0000000000000000 - 000000000009d800 (usable)
[    0.000000]  BIOS-e820: 000000000009d800 - 00000000000a0000 (reserved)
[    0.000000]  BIOS-e820: 00000000000d2000 - 00000000000d4000 (reserved)
[    0.000000]  BIOS-e820: 00000000000e0000 - 0000000000100000 (reserved)
[    0.000000]  BIOS-e820: 0000000000100000 - 000000003d6b0000 (usable)
[    0.000000]  BIOS-e820: 000000003d6b0000 - 000000003d6cc000 (ACPI data)
[    0.000000]  BIOS-e820: 000000003d6cc000 - 000000003d700000 (ACPI NVS)
[    0.000000]  BIOS-e820: 000000003d700000 - 000000003e000000 (reserved)
[    0.000000]  BIOS-e820: 00000000f0000000 - 00000000f4000000 (reserved)
[    0.000000]  BIOS-e820: 00000000fec00000 - 00000000fec10000 (reserved)
[    0.000000]  BIOS-e820: 00000000fed00000 - 00000000fed00400 (reserved)
[    0.000000]  BIOS-e820: 00000000fed14000 - 00000000fed1a000 (reserved)
[    0.000000]  BIOS-e820: 00000000fed1c000 - 00000000fed90000 (reserved)
[    0.000000]  BIOS-e820: 00000000fee00000 - 00000000fee01000 (reserved)
[    0.000000]  BIOS-e820: 00000000ff000000 - 0000000100000000 (reserved)
[    0.000000] DMI present.
[    0.000000] last_pfn = 0x3d6b0 max_arch_pfn = 0x100000
[    0.000000] MTRR default type: uncachable
[    0.000000] MTRR fixed ranges enabled:
[    0.000000]   00000-9FFFF write-back
[    0.000000]   A0000-BFFFF uncachable
[    0.000000]   C0000-CFFFF write-protect
[    0.000000]   D0000-DFFFF uncachable
[    0.000000]   E0000-FFFFF write-protect
[    0.000000] MTRR variable ranges enabled:
[    0.000000]   0 base 03E000000 mask FFE000000 uncachable
[    0.000000]   1 base 000000000 mask FC0000000 write-back
[    0.000000]   2 base 03D700000 mask FFFF00000 uncachable
[    0.000000]   3 base 03D800000 mask FFF800000 uncachable
[    0.000000]   4 disabled
[    0.000000]   5 disabled
[    0.000000]   6 disabled
[    0.000000]   7 disabled
[    0.000000] initial memory mapped : 0 - 02000000
[    0.000000] init_memory_mapping: 0000000000000000-00000000377fe000
[    0.000000]  0000000000 - 0000400000 page 4k
[    0.000000]  0000400000 - 0037400000 page 2M
[    0.000000]  0037400000 - 00377fe000 page 4k
[    0.000000] kernel direct mapping tables up to 377fe000 @ 7000-c000
[    0.000000] ACPI: RSDP 000f68d0 00024 (v02 LENOVO)
[    0.000000] ACPI: XSDT 3d6bb77f 00094 (v01 LENOVO TP-7L    00002170  LTP 00000000)
[    0.000000] ACPI: FACP 3d6bb900 000F4 (v03 LENOVO TP-7L    00002170 LNVO 00000001)
[    0.000000] ACPI Warning: 32/64X length mismatch in Gpe1Block: 0/32 (20090903/tbfadt-526)
[    0.000000] ACPI Warning: Optional field Gpe1Block has zero address or length: 000000000000102C/0 (20090903/tbfadt-557)
[    0.000000] ACPI: DSDT 3d6bbd1d 0FED1 (v01 LENOVO TP-7L    00002170 MSFT 03000000)
[    0.000000] ACPI: FACS 3d6e4000 00040
[    0.000000] ACPI: SSDT 3d6bbab4 00269 (v01 LENOVO TP-7L    00002170 MSFT 03000000)
[    0.000000] ACPI: ECDT 3d6cbbee 00052 (v01 LENOVO TP-7L    00002170 LNVO 00000001)
[    0.000000] ACPI: TCPA 3d6cbc40 00032 (v02 LENOVO TP-7L    00002170 LNVO 00000001)
[    0.000000] ACPI: APIC 3d6cbc72 00068 (v01 LENOVO TP-7L    00002170 LNVO 00000001)
[    0.000000] ACPI: MCFG 3d6cbcda 0003C (v01 LENOVO TP-7L    00002170 LNVO 00000001)
[    0.000000] ACPI: HPET 3d6cbd16 00038 (v01 LENOVO TP-7L    00002170 LNVO 00000001)
[    0.000000] ACPI: SLIC 3d6cbdf0 00176 (v01 LENOVO TP-7L    00002170  LTP 00000000)
[    0.000000] ACPI: BOOT 3d6cbf66 00028 (v01 LENOVO TP-7L    00002170  LTP 00000001)
[    0.000000] ACPI: ASF! 3d6cbf8e 00072 (v16 LENOVO TP-7L    00002170 PTL  00000001)
[    0.000000] ACPI: SSDT 3d6e26d9 0025F (v01 LENOVO TP-7L    00002170 INTL 20050513)
[    0.000000] ACPI: SSDT 3d6e2938 000A6 (v01 LENOVO TP-7L    00002170 INTL 20050513)
[    0.000000] ACPI: SSDT 3d6e29de 004F7 (v01 LENOVO TP-7L    00002170 INTL 20050513)
[    0.000000] ACPI: SSDT 3d6e2ed5 001D8 (v01 LENOVO TP-7L    00002170 INTL 20050513)
[    0.000000] ACPI: DMI detected: Lenovo ThinkPad R61
[    0.000000] ACPI: Added _OSI(Linux)
[    0.000000] ACPI: Local APIC address 0xfee00000
[    0.000000] 94MB HIGHMEM available.
[    0.000000] 887MB LOWMEM available.
[    0.000000]   mapped low ram: 0 - 377fe000
[    0.000000]   low ram: 0 - 377fe000
[    0.000000]   node 0 low ram: 00000000 - 377fe000
[    0.000000]   node 0 bootmap 00008000 - 0000ef00
[    0.000000] (6 early reservations) ==> bootmem [0000000000 - 00377fe000]
[    0.000000]   #0 [0000000000 - 0000001000]   BIOS data page ==> [0000000000 - 0000001000]
[    0.000000]   #1 [0001000000 - 0001bdc180]    TEXT DATA BSS ==> [0001000000 - 0001bdc180]
[    0.000000]   #2 [000009d800 - 0000100000]    BIOS reserved ==> [000009d800 - 0000100000]
[    0.000000]   #3 [0001bdd000 - 0001be516c]              BRK ==> [0001bdd000 - 0001be516c]
[    0.000000]   #4 [0000007000 - 0000008000]          PGTABLE ==> [0000007000 - 0000008000]
[    0.000000]   #5 [0000008000 - 000000f000]          BOOTMAP ==> [0000008000 - 000000f000]
[    0.000000] found SMP MP-table at [c00f6900] f6900
[    0.000000] Zone PFN ranges:
[    0.000000]   DMA      0x00000000 -> 0x00001000
[    0.000000]   Normal   0x00001000 -> 0x000377fe
[    0.000000]   HighMem  0x000377fe -> 0x0003d6b0
[    0.000000] Movable zone start PFN for each node
[    0.000000] early_node_map[2] active PFN ranges
[    0.000000]     0: 0x00000000 -> 0x0000009d
[    0.000000]     0: 0x00000100 -> 0x0003d6b0
[    0.000000] On node 0 totalpages: 251469
[    0.000000] free_area_init_node: node 0, pgdat c1901ea0, node_mem_map c1be7000
[    0.000000]   DMA zone: 32 pages used for memmap
[    0.000000]   DMA zone: 0 pages reserved
[    0.000000]   DMA zone: 3965 pages, LIFO batch:0
[    0.000000]   Normal zone: 1744 pages used for memmap
[    0.000000]   Normal zone: 221486 pages, LIFO batch:31
[    0.000000]   HighMem zone: 190 pages used for memmap
[    0.000000]   HighMem zone: 24052 pages, LIFO batch:3
[    0.000000] Using APIC driver default
[    0.000000] ACPI: PM-Timer IO Port: 0x1008
[    0.000000] ACPI: Local APIC address 0xfee00000
[    0.000000] ACPI: LAPIC (acpi_id[0x00] lapic_id[0x00] enabled)
[    0.000000] ACPI: LAPIC (acpi_id[0x01] lapic_id[0x01] enabled)
[    0.000000] ACPI: NR_CPUS/possible_cpus limit of 1 reached.  Processor 1/0x1 ignored.
[    0.000000] ACPI: LAPIC_NMI (acpi_id[0x00] high edge lint[0x1])
[    0.000000] ACPI: LAPIC_NMI (acpi_id[0x01] high edge lint[0x1])
[    0.000000] ACPI: IOAPIC (id[0x01] address[0xfec00000] gsi_base[0])
[    0.000000] IOAPIC[0]: apic_id 1, version 32, address 0xfec00000, GSI 0-23
[    0.000000] ACPI: INT_SRC_OVR (bus 0 bus_irq 0 global_irq 2 dfl dfl)
[    0.000000] ACPI: INT_SRC_OVR (bus 0 bus_irq 9 global_irq 9 high level)
[    0.000000] ACPI: IRQ0 used by override.
[    0.000000] ACPI: IRQ2 used by override.
[    0.000000] ACPI: IRQ9 used by override.
[    0.000000] Using ACPI (MADT) for SMP configuration information
[    0.000000] ACPI: HPET id: 0x8086a201 base: 0xfed00000
[    0.000000] nr_irqs_gsi: 24
[    0.000000] PM: Registered nosave memory: 000000000009d000 - 000000000009e000
[    0.000000] PM: Registered nosave memory: 000000000009e000 - 00000000000a0000
[    0.000000] PM: Registered nosave memory: 00000000000a0000 - 00000000000d2000
[    0.000000] PM: Registered nosave memory: 00000000000d2000 - 00000000000d4000
[    0.000000] PM: Registered nosave memory: 00000000000d4000 - 00000000000e0000
[    0.000000] PM: Registered nosave memory: 00000000000e0000 - 0000000000100000
[    0.000000] Allocating PCI resources starting at 3e000000 (gap: 3e000000:b2000000)
[    0.000000] Built 1 zonelists in Zone order, mobility grouping on.  Total pages: 249503
[    0.000000] Kernel command line: auto BOOT_IMAGE=Linux ro root=802 vt.default_utf8=0 maxcpus=0
[    0.000000] PID hash table entries: 4096 (order: 2, 16384 bytes)
[    0.000000] Dentry cache hash table entries: 131072 (order: 7, 524288 bytes)
[    0.000000] Inode-cache hash table entries: 65536 (order: 6, 262144 bytes)
[    0.000000] Enabling fast FPU save and restore... done.
[    0.000000] Enabling unmasked SIMD FPU exception support... done.
[    0.000000] Initializing CPU#0
[    0.000000] Initializing HighMem for node 0 (000377fe:0003d6b0)
[    0.000000] Memory: 984800k/1006272k available (6915k kernel code, 20876k reserved, 2327k data, 448k init, 96968k highmem)
[    0.000000] virtual kernel memory layout:
[    0.000000]     fixmap  : 0xfffa3000 - 0xfffff000   ( 368 kB)
[    0.000000]     pkmap   : 0xff800000 - 0xffc00000   (4096 kB)
[    0.000000]     vmalloc : 0xf7ffe000 - 0xff7fe000   ( 120 MB)
[    0.000000]     lowmem  : 0xc0000000 - 0xf77fe000   ( 887 MB)
[    0.000000]       .init : 0xc1907000 - 0xc1977000   ( 448 kB)
[    0.000000]       .data : 0xc16c0d3f - 0xc1906c64   (2327 kB)
[    0.000000]       .text : 0xc1000000 - 0xc16c0d3f   (6915 kB)
[    0.000000] Checking if this processor honours the WP bit even in supervisor mode...Ok.
[    0.000000] SLUB: Genslabs=13, HWalign=64, Order=0-3, MinObjects=0, CPUs=1, Nodes=1
[    0.000000] Hierarchical RCU implementation.
[    0.000000] NR_IRQS:288
[    0.000000] Extended CMOS year: 2000
[    0.000000] Console: colour VGA+ 80x25
[    0.000000] console [tty0] enabled
[    0.000000] hpet clockevent registered
[    0.000000] Fast TSC calibration using PIT
[    0.000000] Detected 2094.585 MHz processor.
[    0.001002] Calibrating delay loop (skipped), value calculated using timer frequency.. 4189.17 BogoMIPS (lpj=2094585)
[    0.002085] Security Framework initialized
[    0.002170] Mount-cache hash table entries: 512
[    0.002317] CPU: L1 I cache: 32K, L1 D cache: 32K
[    0.002446] CPU: L2 cache: 3072K
[    0.002530] mce: CPU supports 6 MCE banks
[    0.002618] CPU0: Thermal monitoring enabled (TM2)
[    0.002704] using mwait in idle threads.
[    0.002790] CPU: Intel(R) Core(TM)2 Duo CPU     T8100  @ 2.10GHz stepping 06
[    0.003006] Checking 'hlt' instruction... OK.
[    0.007935] ACPI: Core revision 20090903
[    0.027009] RANDOM get_random_int first call with cycles 32584988635, jiffies 4294667323 and pid 0
[    0.027017] CANARY value: 87a605fd for PID: 1
[    0.027024] CANARY value: 3812a73e for PID: 2
[    0.027048] Enabling APIC mode:  Flat.  Using 1 I/O APICs
[    0.027507] ..TIMER: vector=0x30 apic1=0 pin1=2 apic2=-1 pin2=-1
[    0.038997] xor: automatically using best checksumming function: pIII_sse
[    0.042998]    pIII_sse  :  8568.000 MB/sec
[    0.043096] xor: using function: pIII_sse (8568.000 MB/sec)
[    0.043181] RANDOM - __seed init called.
[    0.043182] RANDOM - __seed init called.
[    0.043183] RANDOM - __seed init called.
[    0.043184] RANDOM - __random32 called. Change num 1.  Value: 870e7b8	f6ea009	16c0ad5a
[    0.043186] RANDOM - __random32 called. Change num 2.  Value: e7b8290	f6ea0099	5ab418b8
[    0.043188] RANDOM - __random32 called. Change num 3.  Value: b8290fc5	6ea00996	3171e29b
[    0.043190] RANDOM - __random32 called. Change num 4.  Value: 90fc533a	ea00996a	c5375fde
[    0.043191] RANDOM - __random32 called. Change num 5.  Value: c533a353	a00996a1	bfbd91b4
[    0.043193] RANDOM - __random32 called. Change num 6.  Value: 3a35362b	996a10	23684a23
[    0.043195] RANDOM - random32 init called.  Value: 3a35362b	996a10	23684a23
[    0.043212] NET: Registered protocol family 16
[    0.043477] ACPI FADT declares the system doesn't support PCIe ASPM, so disable it
[    0.043597] ACPI: bus type pci registered
[    0.043765] PCI: MCFG configuration 0: base f0000000 segment 0 buses 0 - 63
[    0.043861] PCI: MCFG area at f0000000 reserved in E820
[    0.043950] PCI: Using MMCONFIG for extended config space
[    0.044002] PCI: Using configuration type 1 for base access
[    0.047152] bio: create slab <bio-0> at 0
[    0.047961] ACPI: EC: EC description table is found, configuring boot EC
[    0.053155] ACPI: BIOS _OSI(Linux) query honored via DMI
[    0.053873] random 0000 0000 0000 00000000 00000000: rand_read_num 2 get_random_bytes(8): sig fffffe1a 00000000 00000000
[    0.053876] random 0000 0000 0000 00000000 00000000: extract_entropy(.. 8 ..)
[    0.053878] random 0000 0000 0000 00000000 00000000: going to reseed nonblocking with 64 bits (64 of 0 requested)
[    0.053881] random 0000 0000 0000 00000000 00000000: extract_entropy(.. 8 ..)
[    0.053883] random 0000 0000 0000 00000000 00000000: trying to extract 64 bits from input
[    0.053885] random 0000 0000 0000 00000000 00000000: debiting 0 entropy credits from input
[    0.053887] random 0000 0000 0000 00000000 00000000: extract_entropy account returned: 0 
[    0.053890] random 0000 0000 0000 00000000 00000000: urand_change_num 3 xfer_secondary_pool(8): pool_sig fffffe1a, data_sig 00000000, bytes_mixed 0 00000000 00000000
[    0.053919] random 0000 0000 0000 00000000 00000000: trying to extract 64 bits from nonblocking
[    0.053921] random 0000 0000 0000 00000000 00000000: debiting 64 entropy credits from nonblocking (unlimited)
[    0.053923] random 0000 0000 0000 00000000 00000000: extract_entropy account returned: 8 
[    0.053928] random 0000 0000 0000 00000000 00000000: urand_change_num 4 extract_buf: pool_sig fffffe1a, data_sig fffffed7, bytes_mixed 20 00000000 00000000
[    0.059706] ACPI: Interpreter enabled
[    0.059997] ACPI: (supports S0 S3 S4 S5)
[    0.060332] ACPI: Using IOAPIC for interrupt routing
[    0.069851] ACPI: EC: GPE = 0x12, I/O: command/status = 0x66, data = 0x62
[    0.070130] ACPI: Power Resource [PUBS] (on)
[    0.072287] ACPI: ACPI Dock Station Driver: 3 docks/bays found
[    0.072705] ACPI: PCI Root Bridge [PCI0] (0000:00)
[    0.072881] pci 0000:00:02.0: reg 10 64bit mmio: [0xf8100000-0xf81fffff]
[    0.072887] pci 0000:00:02.0: reg 18 64bit mmio pref: [0xe0000000-0xefffffff]
[    0.072891] pci 0000:00:02.0: reg 20 io port: [0x1800-0x1807]
[    0.072925] pci 0000:00:02.1: reg 10 64bit mmio: [0xf8200000-0xf82fffff]
[    0.073040] pci 0000:00:19.0: reg 10 32bit mmio: [0xfe000000-0xfe01ffff]
[    0.073050] pci 0000:00:19.0: reg 14 32bit mmio: [0xfe025000-0xfe025fff]
[    0.073061] pci 0000:00:19.0: reg 18 io port: [0x1840-0x185f]
[    0.073137] pci 0000:00:19.0: PME# supported from D0 D3hot D3cold
[    0.073241] pci 0000:00:19.0: PME# disabled
[    0.073399] pci 0000:00:1a.0: reg 20 io port: [0x1860-0x187f]
[    0.073470] pci 0000:00:1a.1: reg 20 io port: [0x1880-0x189f]
[    0.073555] pci 0000:00:1a.7: reg 10 32bit mmio: [0xfe226c00-0xfe226fff]
[    0.073636] pci 0000:00:1a.7: PME# supported from D0 D3hot D3cold
[    0.073732] pci 0000:00:1a.7: PME# disabled
[    0.073881] pci 0000:00:1b.0: reg 10 64bit mmio: [0xfe020000-0xfe023fff]
[    0.073962] pci 0000:00:1b.0: PME# supported from D0 D3hot D3cold
[    0.073999] pci 0000:00:1b.0: PME# disabled
[    0.074210] pci 0000:00:1c.0: PME# supported from D0 D3hot D3cold
[    0.074304] pci 0000:00:1c.0: PME# disabled
[    0.074512] pci 0000:00:1c.1: PME# supported from D0 D3hot D3cold
[    0.074607] pci 0000:00:1c.1: PME# disabled
[    0.074807] pci 0000:00:1c.2: PME# supported from D0 D3hot D3cold
[    0.074902] pci 0000:00:1c.2: PME# disabled
[    0.075106] pci 0000:00:1c.3: PME# supported from D0 D3hot D3cold
[    0.075207] pci 0000:00:1c.3: PME# disabled
[    0.076106] pci 0000:00:1c.4: PME# supported from D0 D3hot D3cold
[    0.076199] pci 0000:00:1c.4: PME# disabled
[    0.076364] pci 0000:00:1d.0: reg 20 io port: [0x18a0-0x18bf]
[    0.076436] pci 0000:00:1d.1: reg 20 io port: [0x18c0-0x18df]
[    0.076524] pci 0000:00:1d.2: reg 20 io port: [0x18e0-0x18ff]
[    0.076609] pci 0000:00:1d.7: reg 10 32bit mmio: [0xfe227000-0xfe2273ff]
[    0.076709] pci 0000:00:1d.7: PME# supported from D0 D3hot D3cold
[    0.076807] pci 0000:00:1d.7: PME# disabled
[    0.077125] pci 0000:00:1f.0: quirk: region 1000-107f claimed by ICH6 ACPI/GPIO/TCO
[    0.077251] pci 0000:00:1f.0: quirk: region 1180-11bf claimed by ICH6 GPIO
[    0.077344] pci 0000:00:1f.0: ICH7 LPC Generic IO decode 1 PIO at 1600 (mask 007f)
[    0.077468] pci 0000:00:1f.0: ICH7 LPC Generic IO decode 2 PIO at 15e0 (mask 000f)
[    0.077593] pci 0000:00:1f.0: ICH7 LPC Generic IO decode 3 PIO at 1680 (mask 001f)
[    0.077796] pci 0000:00:1f.1: reg 10 io port: [0x00-0x07]
[    0.077808] pci 0000:00:1f.1: reg 14 io port: [0x00-0x03]
[    0.077817] pci 0000:00:1f.1: reg 18 io port: [0x00-0x07]
[    0.077825] pci 0000:00:1f.1: reg 1c io port: [0x00-0x03]
[    0.077838] pci 0000:00:1f.1: reg 20 io port: [0x1c00-0x1c0f]
[    0.077922] pci 0000:00:1f.2: reg 10 io port: [0x1c50-0x1c57]
[    0.077931] pci 0000:00:1f.2: reg 14 io port: [0x1c44-0x1c47]
[    0.077939] pci 0000:00:1f.2: reg 18 io port: [0x1c48-0x1c4f]
[    0.077948] pci 0000:00:1f.2: reg 1c io port: [0x1c40-0x1c43]
[    0.077955] pci 0000:00:1f.2: reg 20 io port: [0x1c20-0x1c3f]
[    0.077964] pci 0000:00:1f.2: reg 24 32bit mmio: [0xfe226000-0xfe2267ff]
[    0.078029] pci 0000:00:1f.2: PME# supported from D3hot
[    0.078124] pci 0000:00:1f.2: PME# disabled
[    0.078246] pci 0000:00:1f.3: reg 10 32bit mmio: [0xfe227400-0xfe2274ff]
[    0.078269] pci 0000:00:1f.3: reg 20 io port: [0x1c60-0x1c7f]
[    0.078358] pci 0000:00:1c.0: bridge io port: [0x2000-0x2fff]
[    0.078364] pci 0000:00:1c.0: bridge 32bit mmio: [0xfc000000-0xfdffffff]
[    0.078376] pci 0000:00:1c.0: bridge 64bit mmio pref: [0xf8000000-0xf80fffff]
[    0.078446] pci 0000:03:00.0: reg 10 64bit mmio: [0xdf3f0000-0xdf3fffff]
[    0.078647] pci 0000:00:1c.1: bridge io port: [0x3000-0x3fff]
[    0.078654] pci 0000:00:1c.1: bridge 32bit mmio: [0xdc000000-0xdf3fffff]
[    0.078662] pci 0000:00:1c.1: bridge 64bit mmio pref: [0xdfe00000-0xdfefffff]
[    0.078717] pci 0000:00:1c.2: bridge io port: [0x4000-0x4fff]
[    0.078723] pci 0000:00:1c.2: bridge 32bit mmio: [0xd8000000-0xd9ffffff]
[    0.078732] pci 0000:00:1c.2: bridge 64bit mmio pref: [0xdfb00000-0xdfbfffff]
[    0.078790] pci 0000:00:1c.3: bridge io port: [0x5000-0x5fff]
[    0.078797] pci 0000:00:1c.3: bridge 32bit mmio: [0xd4000000-0xd5ffffff]
[    0.078806] pci 0000:00:1c.3: bridge 64bit mmio pref: [0xdf800000-0xdf8fffff]
[    0.078862] pci 0000:00:1c.4: bridge io port: [0x6000-0x6fff]
[    0.078868] pci 0000:00:1c.4: bridge 32bit mmio: [0xd0000000-0xd1ffffff]
[    0.078876] pci 0000:00:1c.4: bridge 64bit mmio pref: [0xdf500000-0xdf5fffff]
[    0.078944] pci 0000:15:00.0: reg 10 32bit mmio: [0xf8300000-0xf8300fff]
[    0.078998] pci 0000:15:00.0: supports D1 D2
[    0.078999] pci 0000:15:00.0: PME# supported from D0 D1 D2 D3hot D3cold
[    0.079094] pci 0000:15:00.0: PME# disabled
[    0.079237] pci 0000:15:00.1: reg 10 32bit mmio: [0xf8301000-0xf83017ff]
[    0.079332] pci 0000:15:00.1: supports D1 D2
[    0.079334] pci 0000:15:00.1: PME# supported from D0 D1 D2 D3hot D3cold
[    0.079429] pci 0000:15:00.1: PME# disabled
[    0.079622] pci 0000:00:1e.0: transparent bridge
[    0.079722] pci 0000:00:1e.0: bridge io port: [0x7000-0xafff]
[    0.079726] pci 0000:00:1e.0: bridge 32bit mmio: [0xf8300000-0xfbffffff]
[    0.079733] pci 0000:00:1e.0: bridge 64bit mmio pref: [0xf4000000-0xf7ffffff]
[    0.079802] pci_bus 0000:00: on NUMA node 0
[    0.079806] ACPI: PCI Interrupt Routing Table [\_SB_.PCI0._PRT]
[    0.079940] ACPI: PCI Interrupt Routing Table [\_SB_.PCI0.EXP0._PRT]
[    0.080007] ACPI: PCI Interrupt Routing Table [\_SB_.PCI0.EXP1._PRT]
[    0.080066] ACPI: PCI Interrupt Routing Table [\_SB_.PCI0.EXP2._PRT]
[    0.080124] ACPI: PCI Interrupt Routing Table [\_SB_.PCI0.EXP3._PRT]
[    0.080187] ACPI: PCI Interrupt Routing Table [\_SB_.PCI0.EXP4._PRT]
[    0.080249] ACPI: PCI Interrupt Routing Table [\_SB_.PCI0.PCI1._PRT]
[    0.085712] ACPI: PCI Interrupt Link [LNKA] (IRQs 3 4 5 6 7 9 *10 11)
[    0.086455] ACPI: PCI Interrupt Link [LNKB] (IRQs 3 4 5 6 7 9 10 *11)
[    0.087245] ACPI: PCI Interrupt Link [LNKC] (IRQs 3 4 5 6 7 9 10 *11)
[    0.088083] ACPI: PCI Interrupt Link [LNKD] (IRQs 3 4 5 6 7 9 10 *11)
[    0.088880] ACPI: PCI Interrupt Link [LNKE] (IRQs 3 4 5 6 7 9 10 *11)
[    0.089687] ACPI: PCI Interrupt Link [LNKF] (IRQs 3 4 5 6 7 9 10 *11)
[    0.090460] ACPI: PCI Interrupt Link [LNKG] (IRQs 3 4 5 6 7 9 10 *11)
[    0.091258] ACPI: PCI Interrupt Link [LNKH] (IRQs 3 4 5 6 7 9 10 *11)
[    0.092077] vgaarb: device added: PCI:0000:00:02.0,decodes=io+mem,owns=io+mem,locks=none
[    0.092203] vgaarb: loaded
[    0.092389] SCSI subsystem initialized
[    0.092498] libata version 3.00 loaded.
[    0.092546] usbcore: registered new interface driver usbfs
[    0.092675] usbcore: registered new interface driver hub
[    0.092786] usbcore: registered new device driver usb
[    0.109037] raid6: int32x1    941 MB/s
[    0.126059] raid6: int32x2    890 MB/s
[    0.143067] raid6: int32x4    750 MB/s
[    0.159986] raid6: int32x8    656 MB/s
[    0.177001] raid6: mmxx1     2882 MB/s
[    0.193986] raid6: mmxx2     3253 MB/s
[    0.211000] raid6: sse1x1    1937 MB/s
[    0.227975] raid6: sse1x2    2531 MB/s
[    0.244990] raid6: sse2x1    3503 MB/s
[    0.261971] raid6: sse2x2    3820 MB/s
[    0.262067] raid6: using algorithm sse2x2 (3820 MB/s)
[    0.262159] PCI: Using ACPI for IRQ routing
[    0.262475] HPET: 3 timers in total, 0 timers will be used for per-cpu timer
[    0.262996] Switching to clocksource tsc
[    0.263095] pnp: PnP ACPI init
[    0.263186] ACPI: bus type pnp registered
[    0.266834] pnp: PnP ACPI: found 11 devices
[    0.266937] ACPI: ACPI bus type pnp unregistered
[    0.267037] system 00:00: iomem range 0x0-0x9ffff could not be reserved
[    0.267130] system 00:00: iomem range 0xc0000-0xc3fff could not be reserved
[    0.267230] system 00:00: iomem range 0xc4000-0xc7fff could not be reserved
[    0.267328] system 00:00: iomem range 0xc8000-0xcbfff has been reserved
[    0.267422] system 00:00: iomem range 0xcc000-0xcffff has been reserved
[    0.267520] system 00:00: iomem range 0xd0000-0xd3fff could not be reserved
[    0.267612] system 00:00: iomem range 0xe0000-0xe3fff could not be reserved
[    0.267704] system 00:00: iomem range 0xe4000-0xe7fff could not be reserved
[    0.267796] system 00:00: iomem range 0xe8000-0xebfff could not be reserved
[    0.267897] system 00:00: iomem range 0xec000-0xeffff could not be reserved
[    0.267988] system 00:00: iomem range 0xf0000-0xfffff could not be reserved
[    0.268081] system 00:00: iomem range 0x100000-0x3dffffff could not be reserved
[    0.268201] system 00:00: iomem range 0xfec00000-0xfed3ffff could not be reserved
[    0.268322] system 00:00: iomem range 0xfed4c000-0xffffffff could not be reserved
[    0.268449] system 00:02: ioport range 0x164e-0x164f has been reserved
[    0.268548] system 00:02: ioport range 0x1000-0x107f has been reserved
[    0.268644] system 00:02: ioport range 0x1180-0x11bf has been reserved
[    0.268740] system 00:02: ioport range 0x800-0x80f has been reserved
[    0.268836] system 00:02: ioport range 0x15e0-0x15ef has been reserved
[    0.268931] system 00:02: ioport range 0x1600-0x165f could not be reserved
[    0.269023] system 00:02: iomem range 0xf0000000-0xf3ffffff has been reserved
[    0.269116] system 00:02: iomem range 0xfed1c000-0xfed1ffff has been reserved
[    0.269215] system 00:02: iomem range 0xfed14000-0xfed17fff has been reserved
[    0.269308] system 00:02: iomem range 0xfed18000-0xfed18fff has been reserved
[    0.269396] system 00:02: iomem range 0xfed19000-0xfed19fff has been reserved
[    0.269491] system 00:02: iomem range 0xfed45000-0xfed4bfff has been reserved
[    0.304542] pci 0000:00:1c.0: PCI bridge, secondary bus 0000:02
[    0.304637] pci 0000:00:1c.0:   IO window: 0x2000-0x2fff
[    0.304733] pci 0000:00:1c.0:   MEM window: 0xfc000000-0xfdffffff
[    0.304824] pci 0000:00:1c.0:   PREFETCH window: 0x000000f8000000-0x000000f80fffff
[    0.304962] pci 0000:00:1c.1: PCI bridge, secondary bus 0000:03
[    0.305055] pci 0000:00:1c.1:   IO window: 0x3000-0x3fff
[    0.305155] pci 0000:00:1c.1:   MEM window: 0xdc000000-0xdf3fffff
[    0.305253] pci 0000:00:1c.1:   PREFETCH window: 0x000000dfe00000-0x000000dfefffff
[    0.305381] pci 0000:00:1c.2: PCI bridge, secondary bus 0000:04
[    0.305477] pci 0000:00:1c.2:   IO window: 0x4000-0x4fff
[    0.305571] pci 0000:00:1c.2:   MEM window: 0xd8000000-0xd9ffffff
[    0.305669] pci 0000:00:1c.2:   PREFETCH window: 0x000000dfb00000-0x000000dfbfffff
[    0.305796] pci 0000:00:1c.3: PCI bridge, secondary bus 0000:05
[    0.305892] pci 0000:00:1c.3:   IO window: 0x5000-0x5fff
[    0.305988] pci 0000:00:1c.3:   MEM window: 0xd4000000-0xd5ffffff
[    0.306079] pci 0000:00:1c.3:   PREFETCH window: 0x000000df800000-0x000000df8fffff
[    0.306207] pci 0000:00:1c.4: PCI bridge, secondary bus 0000:0d
[    0.306299] pci 0000:00:1c.4:   IO window: 0x6000-0x6fff
[    0.306396] pci 0000:00:1c.4:   MEM window: 0xd0000000-0xd1ffffff
[    0.306490] pci 0000:00:1c.4:   PREFETCH window: 0x000000df500000-0x000000df5fffff
[    0.306619] pci 0000:15:00.0: CardBus bridge, secondary bus 0000:16
[    0.306716] pci 0000:15:00.0:   IO window: 0x007000-0x0070ff
[    0.306810] pci 0000:15:00.0:   IO window: 0x007400-0x0074ff
[    0.306910] pci 0000:15:00.0:   PREFETCH window: 0xf4000000-0xf7ffffff
[    0.307008] pci 0000:15:00.0:   MEM window: 0x40000000-0x43ffffff
[    0.307102] pci 0000:00:1e.0: PCI bridge, secondary bus 0000:15
[    0.307193] pci 0000:00:1e.0:   IO window: 0x7000-0xafff
[    0.307292] pci 0000:00:1e.0:   MEM window: 0xf8300000-0xfbffffff
[    0.307392] pci 0000:00:1e.0:   PREFETCH window: 0x000000f4000000-0x000000f7ffffff
[    0.307532] pci 0000:00:1c.0: PCI INT A -> GSI 20 (level, low) -> IRQ 20
[    0.307630] pci 0000:00:1c.0: setting latency timer to 64
[    0.307639] pci 0000:00:1c.1: PCI INT B -> GSI 21 (level, low) -> IRQ 21
[    0.307748] pci 0000:00:1c.1: setting latency timer to 64
[    0.307761] pci 0000:00:1c.2: PCI INT C -> GSI 22 (level, low) -> IRQ 22
[    0.307867] pci 0000:00:1c.2: setting latency timer to 64
[    0.307880] pci 0000:00:1c.3: PCI INT D -> GSI 23 (level, low) -> IRQ 23
[    0.307976] pci 0000:00:1c.3: setting latency timer to 64
[    0.307989] pci 0000:00:1c.4: PCI INT A -> GSI 20 (level, low) -> IRQ 20
[    0.308090] pci 0000:00:1c.4: setting latency timer to 64
[    0.308095] pci 0000:00:1e.0: enabling device (0005 -> 0007)
[    0.308192] pci 0000:00:1e.0: setting latency timer to 64
[    0.308207] pci 0000:15:00.0: PCI INT A -> GSI 16 (level, low) -> IRQ 16
[    0.308306] pci 0000:15:00.0: setting latency timer to 64
[    0.308312] pci_bus 0000:00: resource 0 io:  [0x00-0xffff]
[    0.308314] pci_bus 0000:00: resource 1 mem: [0x000000-0xffffffff]
[    0.308316] pci_bus 0000:02: resource 0 io:  [0x2000-0x2fff]
[    0.308318] pci_bus 0000:02: resource 1 mem: [0xfc000000-0xfdffffff]
[    0.308320] pci_bus 0000:02: resource 2 pref mem [0xf8000000-0xf80fffff]
[    0.308322] pci_bus 0000:03: resource 0 io:  [0x3000-0x3fff]
[    0.308324] pci_bus 0000:03: resource 1 mem: [0xdc000000-0xdf3fffff]
[    0.308325] pci_bus 0000:03: resource 2 pref mem [0xdfe00000-0xdfefffff]
[    0.308327] pci_bus 0000:04: resource 0 io:  [0x4000-0x4fff]
[    0.308329] pci_bus 0000:04: resource 1 mem: [0xd8000000-0xd9ffffff]
[    0.308331] pci_bus 0000:04: resource 2 pref mem [0xdfb00000-0xdfbfffff]
[    0.308333] pci_bus 0000:05: resource 0 io:  [0x5000-0x5fff]
[    0.308335] pci_bus 0000:05: resource 1 mem: [0xd4000000-0xd5ffffff]
[    0.308336] pci_bus 0000:05: resource 2 pref mem [0xdf800000-0xdf8fffff]
[    0.308338] pci_bus 0000:0d: resource 0 io:  [0x6000-0x6fff]
[    0.308340] pci_bus 0000:0d: resource 1 mem: [0xd0000000-0xd1ffffff]
[    0.308342] pci_bus 0000:0d: resource 2 pref mem [0xdf500000-0xdf5fffff]
[    0.308344] pci_bus 0000:15: resource 0 io:  [0x7000-0xafff]
[    0.308345] pci_bus 0000:15: resource 1 mem: [0xf8300000-0xfbffffff]
[    0.308347] pci_bus 0000:15: resource 2 pref mem [0xf4000000-0xf7ffffff]
[    0.308349] pci_bus 0000:15: resource 3 io:  [0x00-0xffff]
[    0.308351] pci_bus 0000:15: resource 4 mem: [0x000000-0xffffffff]
[    0.308353] pci_bus 0000:16: resource 0 io:  [0x7000-0x70ff]
[    0.308355] pci_bus 0000:16: resource 1 io:  [0x7400-0x74ff]
[    0.308356] pci_bus 0000:16: resource 2 pref mem [0xf4000000-0xf7ffffff]
[    0.308358] pci_bus 0000:16: resource 3 mem: [0x40000000-0x43ffffff]
[    0.308366] NET: Registered protocol family 2
[    0.308456] RANDOM - __random32 called. Change num 7.  Value: 5362b39e	996a101	94470543
[    0.308458] RANDOM - random32 called.  Value: 5362b39e	996a101	94470543
[    0.308462] random 0000 0000 0000 5f8db4e5 4cfdf2a8: rand_read_num 3 get_random_bytes(4): sig fffffb64 5f8db4e5 4cfdf2a8
[    0.308465] random 0000 0000 0000 5f8db4e5 4cfdf2a8: extract_entropy(.. 4 ..)
[    0.308467] random 0000 0000 0000 5f8db4e5 4cfdf2a8: going to reseed nonblocking with 64 bits (32 of 0 requested)
[    0.308469] random 0000 0000 0000 5f8db4e5 4cfdf2a8: extract_entropy(.. 8 ..)
[    0.308471] random 0000 0000 0000 5f8db4e5 4cfdf2a8: trying to extract 64 bits from input
[    0.308474] random 0000 0000 0000 5f8db4e5 4cfdf2a8: debiting 0 entropy credits from input
[    0.308476] random 0000 0000 0000 5f8db4e5 4cfdf2a8: extract_entropy account returned: 0 
[    0.308479] random 0000 0000 0000 5f8db4e5 4cfdf2a8: urand_change_num 5 xfer_secondary_pool(4): pool_sig fffffb64, data_sig 00000000, bytes_mixed 0 5f8db4e5 4cfdf2a8
[    0.308481] random 0000 0000 0000 5f8db4e5 4cfdf2a8: trying to extract 32 bits from nonblocking
[    0.308484] random 0000 0000 0000 5f8db4e5 4cfdf2a8: debiting 32 entropy credits from nonblocking (unlimited)
[    0.308486] random 0000 0000 0000 5f8db4e5 4cfdf2a8: extract_entropy account returned: 4 
[    0.308490] random 0000 0000 0000 5f8db4e5 4cfdf2a8: urand_change_num 6 extract_buf: pool_sig fffffb64, data_sig 00000241, bytes_mixed 20 5f8db4e5 4cfdf2a8
[    0.308500] IP route cache hash table entries: 32768 (order: 5, 131072 bytes)
[    0.308641] RANDOM - __random32 called. Change num 8.  Value: 2b39e0a2	996a1017	a86cfe5
[    0.308643] RANDOM - random32 called.  Value: 2b39e0a2	996a1017	a86cfe5
[    0.308654] RANDOM - __random32 called. Change num 9.  Value: 9e0a22e5	96a1017e	9fcbd616
[    0.308656] RANDOM - random32 called.  Value: 9e0a22e5	96a1017e	9fcbd616
[    0.308657] RANDOM - __random32 called. Change num 10.  Value: a22e5b4a	6a1017e6	ac2c32ac
[    0.308659] RANDOM - random32 called.  Value: a22e5b4a	6a1017e6	ac2c32ac
[    0.308669] RANDOM - __random32 called. Change num 11.  Value: e5b4ad28	a1017e61	6559a9b4
[    0.308671] RANDOM - random32 called.  Value: e5b4ad28	a1017e61	6559a9b4
[    0.308681] TCP established hash table entries: 131072 (order: 8, 1048576 bytes)
[    0.309183] TCP bind hash table entries: 65536 (order: 6, 262144 bytes)
[    0.309371] TCP: Hash tables configured (established 131072 bind 65536)
[    0.309460] TCP reno registered
[    0.309568] NET: Registered protocol family 1
[    0.309695] RPC: Registered udp transport module.
[    0.309790] RPC: Registered tcp transport module.
[    0.309888] RPC: Registered tcp NFSv4.1 backchannel transport module.
[    0.309985] pci 0000:00:02.0: Boot video device
[    0.310192] Simple Boot Flag at 0x35 set to 0x1
[    0.310709] highmem bounce pool size: 64 pages
[    0.312282] VFS: Disk quotas dquot_6.5.2
[    0.312404] Dquot-cache hash table entries: 1024 (order 0, 4096 bytes)
[    0.313086] NTFS driver 2.1.29 [Flags: R/W].
[    0.313252] ROMFS MTD (C) 2007 Red Hat, Inc.
[    0.313465] JFS: nTxBlock = 7695, nTxLock = 61562
[    0.315928] SGI XFS with ACLs, security attributes, large block/inode numbers, no debug enabled
[    0.316411] SGI XFS Quota Management subsystem
[    0.316696] Slow work thread pool: Starting up
[    0.316796] Slow work thread pool: Ready
[    0.316921] GFS2 (built May 24 2013 02:47:17) installed
[    0.317014] msgmni has been set to 1734
[    0.317177] alg: No test for cipher_null (cipher_null-generic)
[    0.317277] alg: No test for ecb(cipher_null) (ecb-cipher_null)
[    0.317376] alg: No test for digest_null (digest_null-generic)
[    0.317476] alg: No test for compress_null (compress_null-generic)
[    0.318052] alg: No test for fcrypt (fcrypt-generic)
[    0.319456] alg: No test for stdrng (krng)
[    0.319550] async_tx: api initialized (async)
[    0.319707] Block layer SCSI generic (bsg) driver version 0.4 loaded (major 254)
[    0.319830] io scheduler noop registered
[    0.319928] io scheduler anticipatory registered
[    0.320018] io scheduler deadline registered
[    0.320156] io scheduler cfq registered (default)
[    0.320411] pcieport 0000:00:1c.0: irq 24 for MSI/MSI-X
[    0.320426] pcieport 0000:00:1c.0: setting latency timer to 64
[    0.320607] pcieport 0000:00:1c.1: irq 25 for MSI/MSI-X
[    0.320618] pcieport 0000:00:1c.1: setting latency timer to 64
[    0.320794] pcieport 0000:00:1c.2: irq 26 for MSI/MSI-X
[    0.320806] pcieport 0000:00:1c.2: setting latency timer to 64
[    0.320995] pcieport 0000:00:1c.3: irq 27 for MSI/MSI-X
[    0.321007] pcieport 0000:00:1c.3: setting latency timer to 64
[    0.321183] pcieport 0000:00:1c.4: irq 28 for MSI/MSI-X
[    0.321193] pcieport 0000:00:1c.4: setting latency timer to 64
[    0.321336] pci_hotplug: PCI Hot Plug PCI Core version: 0.5
[    0.321529] isapnp: Scanning for PnP cards...
[    0.682049] isapnp: No Plug & Play device found
[    0.682147] random 0000 0000 0000 5f8db4e5 4cfdf2a8: initializing
[    0.682149] RANDOM init_std_data for input now value: 1370007508682149217
[    0.682151] RANDOM init_std_data for blocking now value: 1370007508682151282
[    0.682153] RANDOM init_std_data for nonblocking now value: 1370007508682153007
[    0.701758] Serial: 8250/16550 driver, 4 ports, IRQ sharing enabled
[    3.712926] floppy0: no floppy controllers found
[    3.713876] brd: module loaded
[    3.714387] loop: module loaded
[    3.714473] Compaq SMART2 Driver (v 2.6.0)
[    3.714595] HP CISS Driver (v 3.6.20)
[    3.714844] input: Macintosh mouse button emulation as /devices/virtual/input/input0
[    3.714986] Uniform Multi-Platform E-IDE driver
[    3.715213] piix 0000:00:1f.1: IDE controller (0x8086:0x2850 rev 0x03)
[    3.715316] pci 0000:00:1f.1: PCI INT C -> GSI 16 (level, low) -> IRQ 16
[    3.715421] piix 0000:00:1f.1: IDE port disabled
[    3.715526] piix 0000:00:1f.1: not 100% native mode: will probe irqs later
[    3.715641]     ide0: BM-DMA at 0x1c00-0x1c07
[    3.715736] Probing IDE interface ide0...
[    4.387158] hda: HL-DT-ST DVDRAM GSA-U10N, ATAPI CD/DVD-ROM drive
[    4.693974] hda: host max PIO4 wanted PIO255(auto-tune) selected PIO4
[    4.694742] hda: UDMA/33 mode selected
[    4.695208] ide0 at 0x1f0-0x1f7,0x3f6 on irq 14
[    4.699118] ide-gd driver 1.18
[    4.699221] ide-cd driver 5.00
[    4.700608] random 0000 0000 0000 00000000 00000000: add_disk_randomness(0:0) 00000000 00000000
[    4.700612] random 0000 0000 0000 00000000 00000000: add_timer_randomness(.. 256) with jiffies: 17519434748734963324, cycles: -927309329269260279
[    4.700615] random 0000 0000 0000 00000000 00000000: added 11 entropy credits to input
[    4.700619] ide-cd: hda: ATAPI 24X DVD-ROM DVD-R/RAM CD-R/RW drive, 2048kB Cache
[    4.701062] Uniform CD-ROM driver Revision: 3.20
[    4.703858] random 0011 0000 0000 00000000 00000000: add_disk_randomness(0:0) 00000000 00000000
[    4.703861] random 0011 0000 0000 00000000 00000000: add_timer_randomness(.. 256) with jiffies: 17548670561054064255, cycles: -898073516950159351
[    4.703863] random 0011 0000 0000 00000000 00000000: added 1 entropy credits to input
[    4.703866] random 0012 0000 0000 00000000 00000000: add_disk_randomness(0:0) 00000000 00000000
[    4.703869] random 0012 0000 0000 00000000 00000000: add_timer_randomness(.. 256) with jiffies: 17548747539752910463, cycles: -897996538251313143
[    4.705858] random 0012 0000 0000 00000000 00000000: add_disk_randomness(0:0) 00000000 00000000
[    4.705861] random 0012 0000 0000 00000000 00000000: add_timer_randomness(.. 256) with jiffies: 17566666173376593537, cycles: -880077904627630071
[    4.705864] random 0012 0000 0000 00000000 00000000: added 1 entropy credits to input
[    4.705867] random 0013 0000 0000 00000000 00000000: add_disk_randomness(0:0) 00000000 00000000
[    4.705869] random 0013 0000 0000 00000000 00000000: add_timer_randomness(.. 256) with jiffies: 17566742026794008193, cycles: -880002051210215415
[    4.707855] random 0013 0000 0000 00000000 00000000: add_disk_randomness(0:0) 00000000 00000000
[    4.707857] random 0013 0000 0000 00000000 00000000: add_timer_randomness(.. 256) with jiffies: 17584626566967295619, cycles: -862117511036927991
[    4.707860] random 0013 0000 0000 00000000 00000000: added 1 entropy credits to input
[    4.707863] random 0014 0000 0000 00000000 00000000: add_disk_randomness(0:0) 00000000 00000000
[    4.707866] random 0014 0000 0000 00000000 00000000: add_timer_randomness(.. 256) with jiffies: 17584701024520339075, cycles: -862043053483884535
[    4.708139] Loading iSCSI transport class v2.0-870.
[    4.708423] rdac: device handler registered
[    4.708511] hp_sw: device handler registered
[    4.708601] emc: device handler registered
[    4.708688] alua: device handler registered
[    4.709679] Adaptec aacraid driver 1.1-5[2461]-ms
[    4.710104] scsi: <fdomain> Detection failed (no card)
[    4.710198] sym53c416.c: Version 1.0.0-ac
[    4.710304] qlogicfas: no cards were found, please specify I/O address and IRQ using iobase= and irq= options
[    4.710426] QLogic Fibre Channel HBA Driver: 8.03.01-k6
[    4.710646] iscsi: registered transport (qla4xxx)
[    4.710755] QLogic iSCSI HBA Driver
[    4.710848] Emulex LightPulse Fibre Channel SCSI driver 8.3.4
[    4.710946] Copyright(c) 2004-2009 Emulex.  All rights reserved.
[    4.732963] Failed initialization of WD-7000 SCSI card!
[    4.822437] DC390: clustering now enabled by default. If you get problems load
[    4.822559]        with "disable_clustering=1" and report to maintainers
[    4.822691] megaraid cmm: 2.20.2.7 (Release Date: Sun Jul 16 00:01:03 EST 2006)
[    4.822843] megaraid: 2.20.5.1 (Release Date: Thu Nov 16 15:32:35 EST 2006)
[    4.822962] megasas: 00.00.04.01 Thu July 24 11:41:51 PST 2008
[    4.823095] GDT-HA: Storage RAID Controller Driver. Version: 3.05
[    4.823245] 3ware Storage Controller device driver for Linux v1.26.02.002.
[    4.823362] 3ware 9000 Storage Controller device driver for Linux v2.26.02.012.
[    4.823504] nsp32: loading...
[    4.823613] ipr: IBM Power RAID SCSI Device Driver version: 2.4.3 (June 10, 2009)
[    4.823753] RocketRAID 3xxx/4xxx Controller driver v1.6 (090910)
[    4.823865] stex: Promise SuperTrak EX Driver version: 4.6.0000.3
[    4.824008] st: Version 20081215, fixed bufsize 32768, s/g segs 256
[    4.824199] ahci 0000:00:1f.2: version 3.0
[    4.824213] ahci 0000:00:1f.2: PCI INT B -> GSI 16 (level, low) -> IRQ 16
[    4.824346] ahci 0000:00:1f.2: irq 29 for MSI/MSI-X
[    4.824403] ahci 0000:00:1f.2: AHCI 0001.0100 32 slots 3 ports 1.5 Gbps 0x5 impl SATA mode
[    4.824524] ahci 0000:00:1f.2: flags: 64bit ncq sntf pm led clo pio slum part ccc 
[    4.824650] ahci 0000:00:1f.2: setting latency timer to 64
[    4.824793] scsi2 : ahci
[    4.824977] scsi3 : ahci
[    4.825116] scsi4 : ahci
[    4.825291] ata1: SATA max UDMA/133 abar m2048@0xfe226000 port 0xfe226100 irq 29
[    4.825417] ata2: DUMMY
[    4.825508] ata3: SATA max UDMA/133 abar m2048@0xfe226000 port 0xfe226200 irq 29
[    4.826130] I2O subsystem v1.325
[    4.826220] i2o: max drivers = 8
[    4.826376] I2O Configuration OSM v1.323
[    4.826479] I2O Bus Adapter OSM v1.317
[    4.826583] I2O Block Device OSM v1.325
[    4.826733] I2O SCSI Peripheral OSM v1.316
[    4.826834] I2O ProcFS OSM v1.316
[    4.826955] Fusion MPT base driver 3.04.12
[    4.827042] Copyright (c) 1999-2008 LSI Corporation
[    4.827134] Fusion MPT SPI Host driver 3.04.12
[    4.827279] Fusion MPT FC Host driver 3.04.12
[    4.827392] Fusion MPT SAS Host driver 3.04.12
[    4.827543] ohci1394 0000:15:00.1: PCI INT B -> GSI 17 (level, low) -> IRQ 17
[    4.827644] ohci1394 0000:15:00.1: setting latency timer to 64
[    4.880984] ohci1394: fw-host0: OHCI-1394 1.1 (PCI): IRQ=[17]  MMIO=[f8301000-f83017ff]  Max Packet=[2048]  IR/IT contexts=[4/4]
[    4.884253] ehci_hcd: USB 2.0 'Enhanced' Host Controller (EHCI) Driver
[    4.884522] ehci_hcd 0000:00:1a.7: power state changed by ACPI to D0
[    4.884763] ehci_hcd 0000:00:1a.7: power state changed by ACPI to D0
[    4.884861] ehci_hcd 0000:00:1a.7: PCI INT C -> GSI 22 (level, low) -> IRQ 22
[    4.884960] ehci_hcd 0000:00:1a.7: setting latency timer to 64
[    4.884963] ehci_hcd 0000:00:1a.7: EHCI Host Controller
[    4.885101] ehci_hcd 0000:00:1a.7: new USB bus registered, assigned bus number 1
[    4.889142] ehci_hcd 0000:00:1a.7: cache line size of 32 is not supported
[    4.889149] ehci_hcd 0000:00:1a.7: irq 22, io mem 0xfe226c00
[    4.898948] ehci_hcd 0000:00:1a.7: USB 2.0 started, EHCI 1.00
[    4.899052] usb usb1: New USB device found, idVendor=1d6b, idProduct=0002
[    4.899142] usb usb1: New USB device strings: Mfr=3, Product=2, SerialNumber=1
[    4.899263] usb usb1: Product: EHCI Host Controller
[    4.899359] usb usb1: Manufacturer: Linux 2.6.32.57 ehci_hcd
[    4.899453] usb usb1: SerialNumber: 0000:00:1a.7
[    4.899597] usb usb1: configuration #1 chosen from 1 choice
[    4.899722] hub 1-0:1.0: USB hub found
[    4.899813] hub 1-0:1.0: 4 ports detected
[    4.900127] ehci_hcd 0000:00:1d.7: power state changed by ACPI to D0
[    4.900368] ehci_hcd 0000:00:1d.7: power state changed by ACPI to D0
[    4.900464] ehci_hcd 0000:00:1d.7: PCI INT D -> GSI 19 (level, low) -> IRQ 19
[    4.900560] ehci_hcd 0000:00:1d.7: setting latency timer to 64
[    4.900564] ehci_hcd 0000:00:1d.7: EHCI Host Controller
[    4.900692] ehci_hcd 0000:00:1d.7: new USB bus registered, assigned bus number 2
[    4.900843] ehci_hcd 0000:00:1d.7: debug port 1
[    4.904821] ehci_hcd 0000:00:1d.7: cache line size of 32 is not supported
[    4.904830] ehci_hcd 0000:00:1d.7: irq 19, io mem 0xfe227000
[    4.914949] ehci_hcd 0000:00:1d.7: USB 2.0 started, EHCI 1.00
[    4.915047] usb usb2: New USB device found, idVendor=1d6b, idProduct=0002
[    4.915140] usb usb2: New USB device strings: Mfr=3, Product=2, SerialNumber=1
[    4.915262] usb usb2: Product: EHCI Host Controller
[    4.915358] usb usb2: Manufacturer: Linux 2.6.32.57 ehci_hcd
[    4.915444] usb usb2: SerialNumber: 0000:00:1d.7
[    4.915580] usb usb2: configuration #1 chosen from 1 choice
[    4.915699] hub 2-0:1.0: USB hub found
[    4.915789] hub 2-0:1.0: 6 ports detected
[    4.915970] 116x: driver isp116x-hcd, 03 Nov 2005
[    4.916074] ohci_hcd: USB 1.1 'Open' Host Controller (OHCI) Driver
[    4.916199] uhci_hcd: USB Universal Host Controller Interface driver
[    4.916307] uhci_hcd 0000:00:1a.0: PCI INT A -> GSI 20 (level, low) -> IRQ 20
[    4.916407] uhci_hcd 0000:00:1a.0: setting latency timer to 64
[    4.916410] uhci_hcd 0000:00:1a.0: UHCI Host Controller
[    4.916535] uhci_hcd 0000:00:1a.0: new USB bus registered, assigned bus number 3
[    4.916692] uhci_hcd 0000:00:1a.0: irq 20, io base 0x00001860
[    4.916808] usb usb3: New USB device found, idVendor=1d6b, idProduct=0001
[    4.916901] usb usb3: New USB device strings: Mfr=3, Product=2, SerialNumber=1
[    4.917034] usb usb3: Product: UHCI Host Controller
[    4.917122] usb usb3: Manufacturer: Linux 2.6.32.57 uhci_hcd
[    4.917216] usb usb3: SerialNumber: 0000:00:1a.0
[    4.917353] usb usb3: configuration #1 chosen from 1 choice
[    4.917470] hub 3-0:1.0: USB hub found
[    4.917561] hub 3-0:1.0: 2 ports detected
[    4.917886] uhci_hcd 0000:00:1a.1: power state changed by ACPI to D0
[    4.918143] uhci_hcd 0000:00:1a.1: power state changed by ACPI to D0
[    4.918238] uhci_hcd 0000:00:1a.1: PCI INT B -> GSI 21 (level, low) -> IRQ 21
[    4.918340] uhci_hcd 0000:00:1a.1: setting latency timer to 64
[    4.918345] uhci_hcd 0000:00:1a.1: UHCI Host Controller
[    4.918472] uhci_hcd 0000:00:1a.1: new USB bus registered, assigned bus number 4
[    4.918624] uhci_hcd 0000:00:1a.1: irq 21, io base 0x00001880
[    4.918739] usb usb4: New USB device found, idVendor=1d6b, idProduct=0001
[    4.918826] usb usb4: New USB device strings: Mfr=3, Product=2, SerialNumber=1
[    4.918960] usb usb4: Product: UHCI Host Controller
[    4.919050] usb usb4: Manufacturer: Linux 2.6.32.57 uhci_hcd
[    4.919144] usb usb4: SerialNumber: 0000:00:1a.1
[    4.919292] usb usb4: configuration #1 chosen from 1 choice
[    4.919416] hub 4-0:1.0: USB hub found
[    4.919506] hub 4-0:1.0: 2 ports detected
[    4.919797] uhci_hcd 0000:00:1d.0: power state changed by ACPI to D0
[    4.920046] uhci_hcd 0000:00:1d.0: power state changed by ACPI to D0
[    4.920144] uhci_hcd 0000:00:1d.0: PCI INT A -> GSI 16 (level, low) -> IRQ 16
[    4.920242] uhci_hcd 0000:00:1d.0: setting latency timer to 64
[    4.920246] uhci_hcd 0000:00:1d.0: UHCI Host Controller
[    4.920383] uhci_hcd 0000:00:1d.0: new USB bus registered, assigned bus number 5
[    4.920551] uhci_hcd 0000:00:1d.0: irq 16, io base 0x000018a0
[    4.920676] usb usb5: New USB device found, idVendor=1d6b, idProduct=0001
[    4.920771] usb usb5: New USB device strings: Mfr=3, Product=2, SerialNumber=1
[    4.920896] usb usb5: Product: UHCI Host Controller
[    4.920992] usb usb5: Manufacturer: Linux 2.6.32.57 uhci_hcd
[    4.921081] usb usb5: SerialNumber: 0000:00:1d.0
[    4.921216] usb usb5: configuration #1 chosen from 1 choice
[    4.921338] hub 5-0:1.0: USB hub found
[    4.921429] hub 5-0:1.0: 2 ports detected
[    4.921572] uhci_hcd 0000:00:1d.1: PCI INT B -> GSI 17 (level, low) -> IRQ 17
[    4.921666] uhci_hcd 0000:00:1d.1: setting latency timer to 64
[    4.921671] uhci_hcd 0000:00:1d.1: UHCI Host Controller
[    4.921795] uhci_hcd 0000:00:1d.1: new USB bus registered, assigned bus number 6
[    4.921956] uhci_hcd 0000:00:1d.1: irq 17, io base 0x000018c0
[    4.922073] usb usb6: New USB device found, idVendor=1d6b, idProduct=0001
[    4.922165] usb usb6: New USB device strings: Mfr=3, Product=2, SerialNumber=1
[    4.922284] usb usb6: Product: UHCI Host Controller
[    4.922373] usb usb6: Manufacturer: Linux 2.6.32.57 uhci_hcd
[    4.922462] usb usb6: SerialNumber: 0000:00:1d.1
[    4.922596] usb usb6: configuration #1 chosen from 1 choice
[    4.922716] hub 6-0:1.0: USB hub found
[    4.922808] hub 6-0:1.0: 2 ports detected
[    4.923114] uhci_hcd 0000:00:1d.2: power state changed by ACPI to D0
[    4.923417] uhci_hcd 0000:00:1d.2: power state changed by ACPI to D0
[    4.923514] uhci_hcd 0000:00:1d.2: PCI INT C -> GSI 18 (level, low) -> IRQ 18
[    4.923609] uhci_hcd 0000:00:1d.2: setting latency timer to 64
[    4.923612] uhci_hcd 0000:00:1d.2: UHCI Host Controller
[    4.923742] uhci_hcd 0000:00:1d.2: new USB bus registered, assigned bus number 7
[    4.923895] uhci_hcd 0000:00:1d.2: irq 18, io base 0x000018e0
[    4.924014] usb usb7: New USB device found, idVendor=1d6b, idProduct=0001
[    4.924106] usb usb7: New USB device strings: Mfr=3, Product=2, SerialNumber=1
[    4.924229] usb usb7: Product: UHCI Host Controller
[    4.924319] usb usb7: Manufacturer: Linux 2.6.32.57 uhci_hcd
[    4.924414] usb usb7: SerialNumber: 0000:00:1d.2
[    4.925209] usb usb7: configuration #1 chosen from 1 choice
[    4.925326] hub 7-0:1.0: USB hub found
[    4.925418] hub 7-0:1.0: 2 ports detected
[    4.925581] sl811: driver sl811-hcd, 19 May 2005
[    4.925688] r8a66597_hcd: driver r8a66597_hcd, 2009-05-26
[    4.925865] Initializing USB Mass Storage driver...
[    4.925998] usbcore: registered new interface driver usb-storage
[    4.926091] USB Mass Storage support registered.
[    4.926196] usbcore: registered new interface driver ums-alauda
[    4.926307] usbcore: registered new interface driver ums-cypress
[    4.926414] usbcore: registered new interface driver ums-datafab
[    4.926528] usbcore: registered new interface driver ums-freecom
[    4.926644] usbcore: registered new interface driver ums-isd200
[    4.926759] usbcore: registered new interface driver ums-jumpshot
[    4.926872] usbcore: registered new interface driver ums-karma
[    4.926996] usbcore: registered new interface driver ums-onetouch
[    4.927107] usbcore: registered new interface driver ums-sddr09
[    4.927214] usbcore: registered new interface driver ums-sddr55
[    4.927321] usbcore: registered new interface driver ums-usbat
[    4.927464] PNP: PS/2 Controller [PNP0303:KBD,PNP0f13:MOU] at 0x60,0x64 irq 1,12
[    4.935502] serio: i8042 KBD port at 0x60,0x64 irq 1
[    4.935592] serio: i8042 AUX port at 0x60,0x64 irq 12
[    4.935837] mice: PS/2 mouse device common for all mice
[    4.935965] i2c /dev entries driver
[    4.936100] md: linear personality registered for level -1
[    4.936196] md: raid0 personality registered for level 0
[    4.936287] md: raid1 personality registered for level 1
[    4.936375] md: raid10 personality registered for level 10
[    4.936467] md: raid6 personality registered for level 6
[    4.936557] md: raid5 personality registered for level 5
[    4.936648] md: raid4 personality registered for level 4
[    4.936738] md: multipath personality registered for level -4
[    4.936934] device-mapper: ioctl: 4.15.0-ioctl (2009-04-01) initialised: dm-devel@redhat.com
[    4.937143] cpuidle: using governor ladder
[    4.937732] usbcore: registered new interface driver usbhid
[    4.937827] usbhid: v2.6:USB HID core driver
[    4.937988] random 0014 0000 0000 00000000 00000000: rand_read_num 4 get_random_bytes(136): sig 00000000 00000000 00000000
[    4.937991] random 0014 0000 0000 00000000 00000000: extract_entropy(.. 136 ..)
[    4.937994] random 0014 0000 0000 00000000 00000000: going to reseed nonblocking with 1024 bits (1088 of 0 requested)
[    4.937996] random 0014 0000 0000 00000000 00000000: extract_entropy(.. 128 ..)
[    4.937998] random 0014 0000 0000 00000000 00000000: trying to extract 1024 bits from input
[    4.938001] random 0014 0000 0000 00000000 00000000: debiting 0 entropy credits from input
[    4.938003] random 0014 0000 0000 00000000 00000000: extract_entropy account returned: 0 
[    4.938006] random 0014 0000 0000 00000000 00000000: urand_change_num 7 xfer_secondary_pool(136): pool_sig 00000000, data_sig 00000000, bytes_mixed 0 00000000 00000000
[    4.938009] random 0014 0000 0000 00000000 00000000: trying to extract 1088 bits from nonblocking
[    4.938011] random 0014 0000 0000 00000000 00000000: debiting 1088 entropy credits from nonblocking (unlimited)
[    4.938013] random 0014 0000 0000 00000000 00000000: extract_entropy account returned: 136 
[    4.938017] random 0014 0000 0000 00000000 00000000: urand_change_num 8 extract_buf: pool_sig 00000000, data_sig fffffff9, bytes_mixed 20 00000000 00000000
[    4.938023] random 0014 0000 0000 b7c35b56 be4dc95d: urand_change_num 9 extract_buf: pool_sig fffffd1e, data_sig 000000c5, bytes_mixed 20 b7c35b56 be4dc95d
[    4.938028] random 0014 0000 0000 ed9f5c47 c48487fb: urand_change_num 10 extract_buf: pool_sig fffff8ec, data_sig ffffff68, bytes_mixed 20 ed9f5c47 c48487fb
[    4.938034] random 0014 0000 0000 ed9f5c47 c48487fb: urand_change_num 11 extract_buf: pool_sig fffffaed, data_sig 000001aa, bytes_mixed 20 ed9f5c47 c48487fb
[    4.938039] random 0014 0000 0000 1b4f7c0a 91bd6a48: urand_change_num 12 extract_buf: pool_sig fffffdd8, data_sig 00000064, bytes_mixed 20 1b4f7c0a 91bd6a48
[    4.938044] random 0014 0000 0000 a254b9bc 20e9a24f: urand_change_num 13 extract_buf: pool_sig fffffbe6, data_sig 000001dd, bytes_mixed 20 a254b9bc 20e9a24f
[    4.938049] random 0014 0000 0000 a254b9bc 20e9a24f: urand_change_num 14 extract_buf: pool_sig fffff940, data_sig fffffe20, bytes_mixed 20 a254b9bc 20e9a24f
[    4.938055] random 0014 0000 0000 2831a66b 5fa2a3ad: urand_change_num 15 extract_buf: pool_sig fffffbce, data_sig 0000007e, bytes_mixed 20 2831a66b 5fa2a3ad
[    4.938060] random 0014 0000 0000 2831a66b 5fa2a3ad: urand_change_num 16 extract_buf: pool_sig 000004df, data_sig fffffe8f, bytes_mixed 20 2831a66b 5fa2a3ad
[    4.938065] random 0014 0000 0000 d4512bfd c9a54e0b: urand_change_num 17 extract_buf: pool_sig 00000485, data_sig fffffe68, bytes_mixed 20 d4512bfd c9a54e0b
[    4.938070] random 0014 0000 0000 c7371be6 f9ffea11: urand_change_num 18 extract_buf: pool_sig 00000095, data_sig ffffffed, bytes_mixed 20 c7371be6 f9ffea11
[    4.938075] random 0014 0000 0000 c7371be6 f9ffea11: urand_change_num 19 extract_buf: pool_sig 000003a7, data_sig fffffefa, bytes_mixed 20 c7371be6 f9ffea11
[    4.938080] random 0014 0000 0000 8fb4b62c d1ddba54: urand_change_num 20 extract_buf: pool_sig 00000179, data_sig ffffff78, bytes_mixed 20 8fb4b62c d1ddba54
[    4.938086] random 0014 0000 0000 9ff19f9c c07a1d2a: urand_change_num 21 extract_buf: pool_sig fffffe88, data_sig 00000126, bytes_mixed 20 9ff19f9c c07a1d2a
[    4.938090] TCP cubic registered
[    4.938177] Initializing XFRM netlink socket
[    4.938276] NET: Registered protocol family 17
[    4.938373] Using IPI Shortcut mode
[    4.938462] random 0014 0000 0000 9ff19f9c c07a1d2a: rand_read_num 5 get_random_bytes(8): sig 0000031b 9ff19f9c c07a1d2a
[    4.938464] random 0014 0000 0000 9ff19f9c c07a1d2a: extract_entropy(.. 8 ..)
[    4.938466] random 0014 0000 0000 9ff19f9c c07a1d2a: going to reseed nonblocking with 64 bits (64 of 0 requested)
[    4.938469] random 0014 0000 0000 9ff19f9c c07a1d2a: extract_entropy(.. 8 ..)
[    4.938471] random 0014 0000 0000 9ff19f9c c07a1d2a: trying to extract 64 bits from input
[    4.938473] random 0014 0000 0000 9ff19f9c c07a1d2a: debiting 0 entropy credits from input
[    4.938475] random 0014 0000 0000 9ff19f9c c07a1d2a: extract_entropy account returned: 0 
[    4.938478] random 0014 0000 0000 9ff19f9c c07a1d2a: urand_change_num 22 xfer_secondary_pool(8): pool_sig 0000031b, data_sig 00000000, bytes_mixed 0 9ff19f9c c07a1d2a
[    4.938481] random 0014 0000 0000 9ff19f9c c07a1d2a: trying to extract 64 bits from nonblocking
[    4.938483] random 0014 0000 0000 9ff19f9c c07a1d2a: debiting 64 entropy credits from nonblocking (unlimited)
[    4.938485] random 0014 0000 0000 9ff19f9c c07a1d2a: extract_entropy account returned: 8 
[    4.938489] random 0014 0000 0000 9ff19f9c c07a1d2a: urand_change_num 23 extract_buf: pool_sig 0000031b, data_sig ffffffb3, bytes_mixed 20 9ff19f9c c07a1d2a
[    4.940859] input: AT Translated Set 2 keyboard as /devices/platform/i8042/serio0/input/input1
[    5.130968] ata1: SATA link up 1.5 Gbps (SStatus 113 SControl 300)
[    5.131092] ata3: SATA link down (SStatus 0 SControl 300)
[    5.133596] ata1.00: ACPI cmd ef/02:00:00:00:00:a0 (SET FEATURES) succeeded
[    5.133598] ata1.00: ACPI cmd f5/00:00:00:00:00:a0 (SECURITY FREEZE LOCK) filtered out
[    5.134987] ata1.00: ACPI cmd ef/5f:00:00:00:00:a0 (SET FEATURES) succeeded
[    5.134989] ata1.00: ACPI cmd ef/10:03:00:00:00:a0 (SET FEATURES) filtered out
[    5.136900] ata1.00: ATA-7: ST910021AS, 4.06, max UDMA/100
[    5.136992] ata1.00: 195371568 sectors, multi 16: LBA48 
[    5.139138] ata1.00: ACPI cmd ef/02:00:00:00:00:a0 (SET FEATURES) succeeded
[    5.139140] ata1.00: ACPI cmd f5/00:00:00:00:00:a0 (SECURITY FREEZE LOCK) filtered out
[    5.140533] ata1.00: ACPI cmd ef/5f:00:00:00:00:a0 (SET FEATURES) succeeded
[    5.140535] ata1.00: ACPI cmd ef/10:03:00:00:00:a0 (SET FEATURES) filtered out
[    5.142459] ata1.00: configured for UDMA/100
[    5.153018] scsi 2:0:0:0: Direct-Access     ATA      ST910021AS       4.06 PQ: 0 ANSI: 5
[    5.153302] sd 2:0:0:0: [sda] 195371568 512-byte logical blocks: (100 GB/93.1 GiB)
[    5.153447] sd 2:0:0:0: [sda] Write Protect is off
[    5.153536] sd 2:0:0:0: [sda] Mode Sense: 00 3a 00 00
[    5.153548] sd 2:0:0:0: [sda] Write cache: enabled, read cache: enabled, doesn't support DPO or FUA
[    5.153742]  sda:
[    5.591209] random 0014 0000 0000 277f73c3 42024bb9: add_disk_randomness(8:0) 277f73c3 42024bb9
[    5.591297] random 0014 0000 0000 277f73c3 42024bb9: add_timer_randomness(.. 8388864) with jiffies: 7085440357466079647, cycles: 7085440353171406858
[    5.591299] random 0014 0000 0000 277f73c3 42024bb9: added 11 entropy credits to input
[    5.591304]  sda1 sda2
[    5.591781] random 0025 0000 0000 277f73c3 42024bb9: add_disk_randomness(8:0) 277f73c3 42024bb9
[    5.591784] random 0025 0000 0000 277f73c3 42024bb9: add_timer_randomness(.. 8388864) with jiffies: 7089840306647695775, cycles: 7089840302353022986
[    5.591938] sd 2:0:0:0: [sda] Attached SCSI disk
[    5.592035] random 0025 0000 0000 277f73c3 42024bb9: rand_read_num 6 get_random_bytes(12): sig 000007e9 277f73c3 42024bb9
[    5.592037] random 0025 0000 0000 277f73c3 42024bb9: extract_entropy(.. 12 ..)
[    5.592040] random 0025 0000 0000 277f73c3 42024bb9: going to reseed nonblocking with 96 bits (96 of 0 requested)
[    5.592042] random 0025 0000 0000 277f73c3 42024bb9: extract_entropy(.. 12 ..)
[    5.592044] random 0025 0000 0000 277f73c3 42024bb9: trying to extract 96 bits from input
[    5.592047] random 0025 0000 0000 277f73c3 42024bb9: debiting 0 entropy credits from input
[    5.592049] random 0025 0000 0000 277f73c3 42024bb9: extract_entropy account returned: 0 
[    5.592052] random 0025 0000 0000 277f73c3 42024bb9: urand_change_num 24 xfer_secondary_pool(12): pool_sig 000007e9, data_sig 00000000, bytes_mixed 0 277f73c3 42024bb9
[    5.592055] random 0025 0000 0000 277f73c3 42024bb9: trying to extract 96 bits from nonblocking
[    5.592057] random 0025 0000 0000 277f73c3 42024bb9: debiting 96 entropy credits from nonblocking (unlimited)
[    5.592059] random 0025 0000 0000 277f73c3 42024bb9: extract_entropy account returned: 12 
[    5.592064] random 0025 0000 0000 277f73c3 42024bb9: urand_change_num 25 extract_buf: pool_sig 000007e9, data_sig 00000088, bytes_mixed 20 277f73c3 42024bb9
[    5.592069] random 0025 0000 0000 277f73c3 42024bb9: urand_change_num 26 extract_buf: pool_sig 00000498, data_sig fffffefb, bytes_mixed 20 277f73c3 42024bb9
[    5.592072] RANDOM - __seed init called.
[    5.592073] RANDOM - __seed init called.
[    5.592074] RANDOM - __seed init called.
[    5.592075] RANDOM - __random32 called. Change num 12.  Value: 87f14767	f0d7351	b1e48bd3
[    5.592077] RANDOM - random32_reseed called.  Value: 87f14767	f0d7351	b1e48bd3
[    5.592080] Pid: 1, comm: swapper Not tainted 2.6.32.57 #6
[    5.592170] Call Trace:
[    5.592261]  [<c1923ca4>] ? random32_reseed+0xa0/0xb1
[    5.592351]  [<c1923c04>] ? random32_reseed+0x0/0xb1
[    5.592451]  [<c100111e>] ? do_one_initcall+0x2e/0x180
[    5.592544]  [<c1907265>] ? kernel_init+0xad/0x103
[    5.592639]  [<c19071b8>] ? kernel_init+0x0/0x103
[    5.592735]  [<c1003787>] ? kernel_thread_helper+0x7/0x10
[    5.593253] random 0025 0000 0000 386b4e60 ee4d4880: rand_read_num 7 get_random_bytes(64): sig fffffea5 386b4e60 ee4d4880
[    5.593256] random 0025 0000 0000 386b4e60 ee4d4880: extract_entropy(.. 64 ..)
[    5.593258] random 0025 0000 0000 386b4e60 ee4d4880: going to reseed nonblocking with 512 bits (512 of 0 requested)
[    5.593260] random 0025 0000 0000 386b4e60 ee4d4880: extract_entropy(.. 64 ..)
[    5.593262] random 0025 0000 0000 386b4e60 ee4d4880: trying to extract 512 bits from input
[    5.593264] random 0025 0000 0000 386b4e60 ee4d4880: debiting 0 entropy credits from input
[    5.593267] random 0025 0000 0000 386b4e60 ee4d4880: extract_entropy account returned: 0 
[    5.593270] random 0025 0000 0000 386b4e60 ee4d4880: urand_change_num 27 xfer_secondary_pool(64): pool_sig fffffea5, data_sig 00000000, bytes_mixed 0 386b4e60 ee4d4880
[    5.593273] random 0025 0000 0000 386b4e60 ee4d4880: trying to extract 512 bits from nonblocking
[    5.593275] random 0025 0000 0000 386b4e60 ee4d4880: debiting 512 entropy credits from nonblocking (unlimited)
[    5.593277] random 0025 0000 0000 386b4e60 ee4d4880: extract_entropy account returned: 64 
[    5.593281] random 0025 0000 0000 386b4e60 ee4d4880: urand_change_num 28 extract_buf: pool_sig fffffea5, data_sig 00000173, bytes_mixed 20 386b4e60 ee4d4880
[    5.593287] random 0025 0000 0000 412698f6 0cc8689a: urand_change_num 29 extract_buf: pool_sig 00000122, data_sig ffffff63, bytes_mixed 20 412698f6 0cc8689a
[    5.593292] random 0025 0000 0000 412698f6 0cc8689a: urand_change_num 30 extract_buf: pool_sig 000001f7, data_sig 00000012, bytes_mixed 20 412698f6 0cc8689a
[    5.593297] random 0025 0000 0000 9669941e 06f768b1: urand_change_num 31 extract_buf: pool_sig fffffb5b, data_sig 0000003f, bytes_mixed 20 9669941e 06f768b1
[    5.593303] random 0025 0000 0000 98486520 995551f0: urand_change_num 32 extract_buf: pool_sig fffffb39, data_sig 0000000e, bytes_mixed 20 98486520 995551f0
[    5.593308] random 0025 0000 0000 98486520 995551f0: urand_change_num 33 extract_buf: pool_sig fffffd8d, data_sig 000001a6, bytes_mixed 20 98486520 995551f0
[    5.593313] random 0025 0000 0000 61fc8914 d5882ed2: urand_change_num 34 extract_buf: pool_sig fffffa58, data_sig 0000023e, bytes_mixed 20 61fc8914 d5882ed2
[    5.593344] random 0025 0000 0000 61fc8914 d5882ed2: rand_read_num 8 get_random_bytes(64): sig fffff9ee 61fc8914 d5882ed2
[    5.593346] random 0025 0000 0000 61fc8914 d5882ed2: extract_entropy(.. 64 ..)
[    5.593349] random 0025 0000 0000 61fc8914 d5882ed2: going to reseed nonblocking with 512 bits (512 of 0 requested)
[    5.593351] random 0025 0000 0000 61fc8914 d5882ed2: extract_entropy(.. 64 ..)
[    5.593353] random 0025 0000 0000 61fc8914 d5882ed2: trying to extract 512 bits from input
[    5.593355] random 0025 0000 0000 61fc8914 d5882ed2: debiting 0 entropy credits from input
[    5.593357] random 0025 0000 0000 61fc8914 d5882ed2: extract_entropy account returned: 0 
[    5.593361] random 0025 0000 0000 61fc8914 d5882ed2: urand_change_num 35 xfer_secondary_pool(64): pool_sig fffff9ee, data_sig 00000000, bytes_mixed 0 61fc8914 d5882ed2
[    5.593363] random 0025 0000 0000 61fc8914 d5882ed2: trying to extract 512 bits from nonblocking
[    5.593366] random 0025 0000 0000 61fc8914 d5882ed2: debiting 512 entropy credits from nonblocking (unlimited)
[    5.593368] random 0025 0000 0000 61fc8914 d5882ed2: extract_entropy account returned: 64 
[    5.593372] random 0025 0000 0000 61fc8914 d5882ed2: urand_change_num 36 extract_buf: pool_sig fffff9ee, data_sig ffffff85, bytes_mixed 20 61fc8914 d5882ed2
[    5.593377] random 0025 0000 0000 70cfd302 e5edec11: urand_change_num 37 extract_buf: pool_sig fffffdc1, data_sig ffffffde, bytes_mixed 20 70cfd302 e5edec11
[    5.593383] random 0025 0000 0000 00dab838 eafd2b30: urand_change_num 38 extract_buf: pool_sig 000003da, data_sig ffffff61, bytes_mixed 20 00dab838 eafd2b30
[    5.593388] random 0025 0000 0000 00dab838 eafd2b30: urand_change_num 39 extract_buf: pool_sig 00000314, data_sig 00000121, bytes_mixed 20 00dab838 eafd2b30
[    5.593394] random 0025 0000 0000 5fcdf66a 6442b608: urand_change_num 40 extract_buf: pool_sig 0000028b, data_sig fffffefd, bytes_mixed 20 5fcdf66a 6442b608
[    5.593399] random 0025 0000 0000 61333f6b 8fae0f9b: urand_change_num 41 extract_buf: pool_sig 000000cb, data_sig 000000b3, bytes_mixed 20 61333f6b 8fae0f9b
[    5.593404] random 0025 0000 0000 61333f6b 8fae0f9b: urand_change_num 42 extract_buf: pool_sig fffffef8, data_sig 00000051, bytes_mixed 20 61333f6b 8fae0f9b
[    5.593407] BEGIN NET_SECRET:
[    5.593408] \xffffffe0
[    5.593409] \xffffffb6
[    5.593410] \x36
[    5.593410] \xffffffb5
[    5.593411] \xffffff94
[    5.593412] \xffffffb2
[    5.593413] \xffffffa8
[    5.593414] \xffffffda
[    5.593415] \x5b
[    5.593415] \x19
[    5.593416] \x18
[    5.593417] \x5c
[    5.593417] \x2b
[    5.593418] \x1
[    5.593419] \xffffff90
[    5.593420] \x19
[    5.593420] \x3c
[    5.593421] \xfffffff2
[    5.593422] \xffffff82
[    5.593423] \x2a
[    5.593424] \xffffffb3
[    5.593424] \xffffffa2
[    5.593425] \x3f
[    5.593426] \x5
[    5.593427] \x52
[    5.593427] \x77
[    5.593428] \x57
[    5.593429] \x79
[    5.593429] \x16
[    5.593430] \x43
[    5.593431] \xffffff84
[    5.593432] \xffffffc3
[    5.593433] \xffffffe9
[    5.593433] \x79
[    5.593434] \x50
[    5.593435] \xffffff8e
[    5.593436] \x3f
[    5.593436] \xfffffff3
[    5.593437] \x19
[    5.593438] \x2a
[    5.593439] \xfffffffd
[    5.593439] \xfffffffb
[    5.593440] \x62
[    5.593441] \x3c
[    5.593442] \xffffffac
[    5.593443] \x1c
[    5.593443] \x3b
[    5.593444] \x3b
[    5.593445] \x15
[    5.593445] \x27
[    5.593446] \xffffffa8
[    5.593447] \x22
[    5.593448] \xffffffc5
[    5.593449] \xffffff9a
[    5.593449] \x5
[    5.593450] \x6c
[    5.593451] \xffffffa8
[    5.593452] \x3a
[    5.593452] \x44
[    5.593453] \xffffffaf
[    5.593454] \x13
[    5.593455] \xffffffe0
[    5.593456] \xffffff9d
[    5.593456] \x22
[    5.593457] 
[    5.593457] END NET_SECRET
[    5.593460] random 0025 0000 0000 e7f555d9 e8ce5c3c: rand_read_num 9 get_random_bytes(4): sig 0000068c e7f555d9 e8ce5c3c
[    5.593463] random 0025 0000 0000 e7f555d9 e8ce5c3c: extract_entropy(.. 4 ..)
[    5.593465] random 0025 0000 0000 e7f555d9 e8ce5c3c: going to reseed nonblocking with 64 bits (32 of 0 requested)
[    5.593467] random 0025 0000 0000 e7f555d9 e8ce5c3c: extract_entropy(.. 8 ..)
[    5.593469] random 0025 0000 0000 e7f555d9 e8ce5c3c: trying to extract 64 bits from input
[    5.593472] random 0025 0000 0000 e7f555d9 e8ce5c3c: debiting 0 entropy credits from input
[    5.593474] random 0025 0000 0000 e7f555d9 e8ce5c3c: extract_entropy account returned: 0 
[    5.593477] random 0025 0000 0000 e7f555d9 e8ce5c3c: urand_change_num 43 xfer_secondary_pool(4): pool_sig 0000068c, data_sig 00000000, bytes_mixed 0 e7f555d9 e8ce5c3c
[    5.593480] random 0025 0000 0000 e7f555d9 e8ce5c3c: trying to extract 32 bits from nonblocking
[    5.593482] random 0025 0000 0000 e7f555d9 e8ce5c3c: debiting 32 entropy credits from nonblocking (unlimited)
[    5.593484] random 0025 0000 0000 e7f555d9 e8ce5c3c: extract_entropy account returned: 4 
[    5.593488] random 0025 0000 0000 e7f555d9 e8ce5c3c: urand_change_num 44 extract_buf: pool_sig 0000068c, data_sig fffffdcb, bytes_mixed 20 e7f555d9 e8ce5c3c
[    5.593499] md: Waiting for all devices to be available before autodetect
[    5.593593] md: If you don't use raid, use raid=noautodetect
[    5.593759] md: Autodetecting RAID arrays.
[    5.593851] md: Scanned 0 and added 0 devices.
[    5.593936] md: autorun ...
[    5.594025] md: ... autorun DONE.
[    5.607419] random 0025 0000 0000 e7f555d9 e8ce5c3c: add_disk_randomness(8:0) e7f555d9 e8ce5c3c
[    5.607422] random 0025 0000 0000 e7f555d9 e8ce5c3c: add_timer_randomness(.. 8388864) with jiffies: 7230513851529920943, cycles: 7230513847235248138
[    5.607425] random 0025 0000 0000 e7f555d9 e8ce5c3c: added 4 entropy credits to input
[    5.608541] random 0029 0000 0000 e7f555d9 e8ce5c3c: add_disk_randomness(8:0) e7f555d9 e8ce5c3c
[    5.608544] random 0029 0000 0000 e7f555d9 e8ce5c3c: add_timer_randomness(.. 8388864) with jiffies: 7240608218676429232, cycles: 7240608214381756426
[    5.615627] random 0029 0000 0000 e7f555d9 e8ce5c3c: add_disk_randomness(8:0) e7f555d9 e8ce5c3c
[    5.615630] random 0029 0000 0000 e7f555d9 e8ce5c3c: add_timer_randomness(.. 8388864) with jiffies: 7304355665176920503, cycles: 7304355660882247690
[    5.615633] random 0029 0000 0000 e7f555d9 e8ce5c3c: added 2 entropy credits to input
[    5.615637] EXT3-fs: sda2: couldn't mount because of unsupported optional features (240).
[    5.615912] random 0031 0000 0000 e7f555d9 e8ce5c3c: add_disk_randomness(8:0) e7f555d9 e8ce5c3c
[    5.615915] random 0031 0000 0000 e7f555d9 e8ce5c3c: add_timer_randomness(.. 8388864) with jiffies: 7306923226691240375, cycles: 7306923222396567562
[    5.615919] EXT2-fs: sda2: couldn't mount because of unsupported optional features (240).
[    5.616139] random 0031 0000 0000 e7f555d9 e8ce5c3c: add_disk_randomness(8:0) e7f555d9 e8ce5c3c
[    5.616142] random 0031 0000 0000 e7f555d9 e8ce5c3c: add_timer_randomness(.. 8388864) with jiffies: 7308958869390852536, cycles: 7308958865096179722
[    5.616274] random 0031 0000 0000 e7f555d9 e8ce5c3c: add_disk_randomness(8:0) e7f555d9 e8ce5c3c
[    5.616277] random 0031 0000 0000 e7f555d9 e8ce5c3c: add_timer_randomness(.. 8388864) with jiffies: 7310169320023884216, cycles: 7310169315729211402
[    5.616399] random 0031 0000 0000 e7f555d9 e8ce5c3c: add_disk_randomness(8:0) e7f555d9 e8ce5c3c
[    5.616402] random 0031 0000 0000 e7f555d9 e8ce5c3c: add_timer_randomness(.. 8388864) with jiffies: 7311296705989411256, cycles: 7311296701694738442
[    5.616516] random 0031 0000 0000 e7f555d9 e8ce5c3c: add_disk_randomness(8:0) e7f555d9 e8ce5c3c
[    5.616518] random 0031 0000 0000 e7f555d9 e8ce5c3c: add_timer_randomness(.. 8388864) with jiffies: 7312348144048243128, cycles: 7312348139753570314
[    5.616628] random 0031 0000 0000 e7f555d9 e8ce5c3c: add_disk_randomness(8:0) e7f555d9 e8ce5c3c
[    5.616631] random 0031 0000 0000 e7f555d9 e8ce5c3c: add_timer_randomness(.. 8388864) with jiffies: 7313360171487166904, cycles: 7313360167192494090
[    5.616739] random 0031 0000 0000 e7f555d9 e8ce5c3c: add_disk_randomness(8:0) e7f555d9 e8ce5c3c
[    5.616742] random 0031 0000 0000 e7f555d9 e8ce5c3c: add_timer_randomness(.. 8388864) with jiffies: 7314359434283286968, cycles: 7314359429988614154
[    5.616856] random 0031 0000 0000 e7f555d9 e8ce5c3c: add_disk_randomness(8:0) e7f555d9 e8ce5c3c
[    5.616859] random 0031 0000 0000 e7f555d9 e8ce5c3c: add_timer_randomness(.. 8388864) with jiffies: 7315420299795333560, cycles: 7315420295500660746
[    5.616966] random 0031 0000 0000 e7f555d9 e8ce5c3c: add_disk_randomness(8:0) e7f555d9 e8ce5c3c
[    5.616969] random 0031 0000 0000 e7f555d9 e8ce5c3c: add_timer_randomness(.. 8388864) with jiffies: 7316390202195018169, cycles: 7316390197900345354
[    5.617205] random 0031 0000 0000 e7f555d9 e8ce5c3c: rand_read_num 10 get_random_bytes(4): sig ffffff72 e7f555d9 e8ce5c3c
[    5.617207] random 0031 0000 0000 e7f555d9 e8ce5c3c: extract_entropy(.. 4 ..)
[    5.617210] random 0031 0000 0000 e7f555d9 e8ce5c3c: going to reseed nonblocking with 64 bits (32 of 0 requested)
[    5.617212] random 0031 0000 0000 e7f555d9 e8ce5c3c: extract_entropy(.. 8 ..)
[    5.617214] random 0031 0000 0000 e7f555d9 e8ce5c3c: trying to extract 64 bits from input
[    5.617217] random 0031 0000 0000 e7f555d9 e8ce5c3c: debiting 0 entropy credits from input
[    5.617218] random 0031 0000 0000 e7f555d9 e8ce5c3c: extract_entropy account returned: 0 
[    5.617222] random 0031 0000 0000 e7f555d9 e8ce5c3c: urand_change_num 45 xfer_secondary_pool(4): pool_sig ffffff72, data_sig 00000000, bytes_mixed 0 e7f555d9 e8ce5c3c
[    5.617225] random 0031 0000 0000 e7f555d9 e8ce5c3c: trying to extract 32 bits from nonblocking
[    5.617227] random 0031 0000 0000 e7f555d9 e8ce5c3c: debiting 32 entropy credits from nonblocking (unlimited)
[    5.617229] random 0031 0000 0000 e7f555d9 e8ce5c3c: extract_entropy account returned: 4 
[    5.617233] random 0031 0000 0000 e7f555d9 e8ce5c3c: urand_change_num 46 extract_buf: pool_sig ffffff72, data_sig ffffff72, bytes_mixed 20 e7f555d9 e8ce5c3c
[    5.621868] random 0031 0000 0000 91716c54 eeb6a1e7: add_disk_randomness(8:0) 91716c54 eeb6a1e7
[    5.621871] random 0031 0000 0000 91716c54 eeb6a1e7: add_timer_randomness(.. 8388864) with jiffies: 7360504468422230461, cycles: 7360504464127557642
[    5.621873] random 0031 0000 0000 91716c54 eeb6a1e7: added 1 entropy credits to input
[    5.640151] random 0032 0000 0000 91716c54 eeb6a1e7: add_disk_randomness(8:0) 91716c54 eeb6a1e7
[    5.640154] random 0032 0000 0000 91716c54 eeb6a1e7: add_timer_randomness(.. 8388864) with jiffies: 7524968700445426128, cycles: 7524968696150753290
[    5.640156] random 0032 0000 0000 91716c54 eeb6a1e7: added 3 entropy credits to input
[    5.644829] EXT4-fs (sda2): mounted filesystem with ordered data mode
[    5.645048] VFS: Mounted root (ext4 filesystem) readonly on device 8:2.
[    5.645147] Freeing unused kernel memory: 448k freed
[    5.665301] random 0035 0000 0000 91716c54 eeb6a1e7: add_disk_randomness(8:0) 91716c54 eeb6a1e7
[    5.665305] random 0035 0000 0000 91716c54 eeb6a1e7: add_timer_randomness(.. 8388864) with jiffies: 7751233088041746921, cycles: 7751233083747074058
[    5.665307] random 0035 0000 0000 91716c54 eeb6a1e7: added 2 entropy credits to input
[    5.666033] random 0037 0000 0000 91716c54 eeb6a1e7: add_disk_randomness(8:0) 91716c54 eeb6a1e7
[    5.666036] random 0037 0000 0000 91716c54 eeb6a1e7: add_timer_randomness(.. 8388864) with jiffies: 7757813123968106986, cycles: 7757813119673434122
[    5.670764] random 0037 0000 0000 91716c54 eeb6a1e7: add_disk_randomness(8:0) 91716c54 eeb6a1e7
[    5.670767] random 0037 0000 0000 91716c54 eeb6a1e7: add_timer_randomness(.. 8388864) with jiffies: 7800378839736746478, cycles: 7800378835442073610
[    5.670769] random 0037 0000 0000 91716c54 eeb6a1e7: added 1 entropy credits to input
[    5.678955] random 0038 0000 0000 91716c54 eeb6a1e7: add_disk_randomness(8:0) 91716c54 eeb6a1e7
[    5.678961] random 0038 0000 0000 91716c54 eeb6a1e7: add_timer_randomness(.. 8388864) with jiffies: 7874081393364140535, cycles: 7874081389069467658
[    5.678963] random 0038 0000 0000 91716c54 eeb6a1e7: added 1 entropy credits to input
[    5.682382] random 0039 0000 0000 91716c54 eeb6a1e7: add_disk_randomness(8:0) 91716c54 eeb6a1e7
[    5.682385] random 0039 0000 0000 91716c54 eeb6a1e7: add_timer_randomness(.. 8388864) with jiffies: 7904894386393809402, cycles: 7904894382099136522
[    5.682388] random 0039 0000 0000 91716c54 eeb6a1e7: added 1 entropy credits to input
[    5.691278] random 0040 0000 0000 91716c54 eeb6a1e7: add_disk_randomness(8:0) 91716c54 eeb6a1e7
[    5.691281] random 0040 0000 0000 91716c54 eeb6a1e7: add_timer_randomness(.. 8388864) with jiffies: 7984925471252644355, cycles: 7984925466957971466
[    5.691284] random 0040 0000 0000 91716c54 eeb6a1e7: added 2 entropy credits to input
[    5.696236] random 0042 0000 0000 91716c54 eeb6a1e7: add_disk_randomness(8:0) 91716c54 eeb6a1e7
[    5.696239] random 0042 0000 0000 91716c54 eeb6a1e7: add_timer_randomness(.. 8388864) with jiffies: 8029524214085812744, cycles: 8029524209791139850
[    5.696242] random 0042 0000 0000 91716c54 eeb6a1e7: added 2 entropy credits to input
[    5.704315] random 0044 0000 0000 91716c54 eeb6a1e7: add_disk_randomness(8:0) 91716c54 eeb6a1e7
[    5.704318] random 0044 0000 0000 91716c54 eeb6a1e7: add_timer_randomness(.. 8388864) with jiffies: 8102207614923538960, cycles: 8102207610628866058
[    5.704321] random 0044 0000 0000 91716c54 eeb6a1e7: added 1 entropy credits to input
[    5.704344] RANDOM get_random_int call with cycles 44836170666, jiffies 4294672912 and pid 1
[    5.704347] RANDOM get_random_int call with cycles 44836177732, jiffies 4294672912 and pid 1
[    5.704349] ASLR stack rand value: 6770688 after shift for pid: 1
[    5.704351] RANDOM get_random_int call with cycles 44836185502, jiffies 4294672912 and pid 1
[    5.715962] random 0045 0000 0000 91716c54 eeb6a1e7: add_disk_randomness(8:0) 91716c54 eeb6a1e7
[    5.715965] random 0045 0000 0000 91716c54 eeb6a1e7: add_timer_randomness(.. 8388864) with jiffies: 8206978999897522716, cycles: 8206978995602849802
[    5.715976] RANDOM get_random_int call with cycles 44860533280, jiffies 4294672924 and pid 1
[    5.715982] random 0045 0000 0000 91716c54 eeb6a1e7: rand_read_num 11 get_random_bytes(16): sig fffffcad 91716c54 eeb6a1e7
[    5.715984] random 0045 0000 0000 91716c54 eeb6a1e7: extract_entropy(.. 16 ..)
[    5.715987] random 0045 0000 0000 91716c54 eeb6a1e7: going to reseed nonblocking with 128 bits (128 of 0 requested)
[    5.715989] random 0045 0000 0000 91716c54 eeb6a1e7: extract_entropy(.. 16 ..)
[    5.715991] random 0045 0000 0000 91716c54 eeb6a1e7: trying to extract 128 bits from input
[    5.715994] random 0045 0000 0000 91716c54 eeb6a1e7: debiting 0 entropy credits from input
[    5.715996] random 0045 0000 0000 91716c54 eeb6a1e7: extract_entropy account returned: 0 
[    5.715999] random 0045 0000 0000 91716c54 eeb6a1e7: urand_change_num 47 xfer_secondary_pool(16): pool_sig fffffcad, data_sig 00000000, bytes_mixed 0 91716c54 eeb6a1e7
[    5.716002] random 0045 0000 0000 91716c54 eeb6a1e7: trying to extract 128 bits from nonblocking
[    5.716004] random 0045 0000 0000 91716c54 eeb6a1e7: debiting 128 entropy credits from nonblocking (unlimited)
[    5.716007] random 0045 0000 0000 91716c54 eeb6a1e7: extract_entropy account returned: 16 
[    5.716011] random 0045 0000 0000 91716c54 eeb6a1e7: urand_change_num 48 extract_buf: pool_sig fffffcad, data_sig ffffff19, bytes_mixed 20 91716c54 eeb6a1e7
[    5.716016] random 0045 0000 0000 fd637b06 6cf47bc1: urand_change_num 49 extract_buf: pool_sig fffffede, data_sig ffffffc1, bytes_mixed 20 fd637b06 6cf47bc1
[    5.716965] random 0045 0000 0000 fd637b06 6cf47bc1: add_disk_randomness(8:0) fd637b06 6cf47bc1
[    5.716968] random 0045 0000 0000 fd637b06 6cf47bc1: add_timer_randomness(.. 8388864) with jiffies: 8216001270192505373, cycles: 8216001265897832458
[    5.718127] random 0045 0000 0000 fd637b06 6cf47bc1: add_disk_randomness(8:0) fd637b06 6cf47bc1
[    5.718130] random 0045 0000 0000 fd637b06 6cf47bc1: add_timer_randomness(.. 8388864) with jiffies: 8226460924307538462, cycles: 8226460920012865546
[    5.719263] random 0045 0000 0000 fd637b06 6cf47bc1: add_disk_randomness(8:0) fd637b06 6cf47bc1
[    5.719266] random 0045 0000 0000 fd637b06 6cf47bc1: add_timer_randomness(.. 8388864) with jiffies: 8236680889182683679, cycles: 8236680884888010762
[    5.720146] random 0045 0000 0000 fd637b06 6cf47bc1: add_disk_randomness(8:0) fd637b06 6cf47bc1
[    5.720149] random 0045 0000 0000 fd637b06 6cf47bc1: add_timer_randomness(.. 8388864) with jiffies: 8244618933638496800, cycles: 8244618929343823882
[    5.720313] random 0045 0000 0000 fd637b06 6cf47bc1: add_disk_randomness(8:0) fd637b06 6cf47bc1
[    5.720316] random 0045 0000 0000 fd637b06 6cf47bc1: add_timer_randomness(.. 8388864) with jiffies: 8246129778579178016, cycles: 8246129774284505098
[    5.720545] random 0045 0000 0000 fd637b06 6cf47bc1: add_disk_randomness(8:0) fd637b06 6cf47bc1
[    5.720548] random 0045 0000 0000 fd637b06 6cf47bc1: add_timer_randomness(.. 8388864) with jiffies: 8248216020288504352, cycles: 8248216015993831434
[    5.731031] random 0045 0000 0000 fd637b06 6cf47bc1: add_disk_randomness(8:0) fd637b06 6cf47bc1
[    5.731034] random 0045 0000 0000 fd637b06 6cf47bc1: add_timer_randomness(.. 8388864) with jiffies: 8342538978191966763, cycles: 8342538973897293834
[    5.731036] random 0045 0000 0000 fd637b06 6cf47bc1: added 3 entropy credits to input
[    5.731462] random 0048 0000 0000 fd637b06 6cf47bc1: add_disk_randomness(8:0) fd637b06 6cf47bc1
[    5.731465] random 0048 0000 0000 fd637b06 6cf47bc1: add_timer_randomness(.. 8388864) with jiffies: 8346430905756910123, cycles: 8346430901462237194
[    5.741209] random 0048 0000 0000 fd637b06 6cf47bc1: add_disk_randomness(8:0) fd637b06 6cf47bc1
[    5.741212] random 0048 0000 0000 fd637b06 6cf47bc1: add_timer_randomness(.. 8388864) with jiffies: 8434109068217123381, cycles: 8434109063922450442
[    5.741215] random 0048 0000 0000 fd637b06 6cf47bc1: added 3 entropy credits to input
[    5.741267] RANDOM get_random_int call with cycles 44913508762, jiffies 4294672949 and pid 1
[    5.745807] random 0051 0000 0000 fd637b06 6cf47bc1: add_disk_randomness(8:0) fd637b06 6cf47bc1
[    5.745811] random 0051 0000 0000 fd637b06 6cf47bc1: add_timer_randomness(.. 8388864) with jiffies: 8475487380147241529, cycles: 8475487375852568586
[    5.745814] random 0051 0000 0000 fd637b06 6cf47bc1: added 2 entropy credits to input
[    5.758638] random 0053 0000 0000 fd637b06 6cf47bc1: add_disk_randomness(8:0) fd637b06 6cf47bc1
[    5.758641] random 0053 0000 0000 fd637b06 6cf47bc1: add_timer_randomness(.. 8388864) with jiffies: 8590911027044647494, cycles: 8590911022749974538
[    5.758644] random 0053 0000 0000 fd637b06 6cf47bc1: added 3 entropy credits to input
[    5.758781] random 0056 0000 0000 fd637b06 6cf47bc1: add_disk_randomness(8:0) fd637b06 6cf47bc1
[    5.758784] random 0056 0000 0000 fd637b06 6cf47bc1: add_timer_randomness(.. 8388864) with jiffies: 8592196837173854790, cycles: 8592196832879181834
[    5.760939] random 0056 0000 0000 fd637b06 6cf47bc1: add_disk_randomness(8:0) fd637b06 6cf47bc1
[    5.760942] random 0056 0000 0000 fd637b06 6cf47bc1: add_timer_randomness(.. 8388864) with jiffies: 8611612245425357384, cycles: 8611612241130684426
[    5.760944] random 0056 0000 0000 fd637b06 6cf47bc1: added 1 entropy credits to input
[    5.761188] random 0057 0000 0000 fd637b06 6cf47bc1: add_disk_randomness(8:0) fd637b06 6cf47bc1
[    5.761191] random 0057 0000 0000 fd637b06 6cf47bc1: add_timer_randomness(.. 8388864) with jiffies: 8613842660596875849, cycles: 8613842656302202890
[    5.761363] random 0057 0000 0000 fd637b06 6cf47bc1: add_disk_randomness(8:0) fd637b06 6cf47bc1
[    5.761366] random 0057 0000 0000 fd637b06 6cf47bc1: add_timer_randomness(.. 8388864) with jiffies: 8615421963021288009, cycles: 8615421958726615050
[    5.764496] random 0057 0000 0000 fd637b06 6cf47bc1: add_disk_randomness(8:0) fd637b06 6cf47bc1
[    5.764499] random 0057 0000 0000 fd637b06 6cf47bc1: add_timer_randomness(.. 8388864) with jiffies: 8643610524874670668, cycles: 8643610520579997706
[    5.764502] random 0057 0000 0000 fd637b06 6cf47bc1: added 1 entropy credits to input
[    5.766509] random 0058 0000 0000 fd637b06 6cf47bc1: add_disk_randomness(8:0) fd637b06 6cf47bc1
[    5.766512] random 0058 0000 0000 fd637b06 6cf47bc1: add_timer_randomness(.. 8388864) with jiffies: 8661716401892590158, cycles: 8661716397597917194
[    5.774340] random 0058 0000 0000 fd637b06 6cf47bc1: add_disk_randomness(8:0) fd637b06 6cf47bc1
[    5.774343] random 0058 0000 0000 fd637b06 6cf47bc1: add_timer_randomness(.. 8388864) with jiffies: 8732166956607308374, cycles: 8732166952312635402
[    5.774346] random 0058 0000 0000 fd637b06 6cf47bc1: added 2 entropy credits to input
[    5.774476] random 0060 0000 0000 fd637b06 6cf47bc1: add_disk_randomness(8:0) fd637b06 6cf47bc1
[    5.774479] random 0060 0000 0000 fd637b06 6cf47bc1: add_timer_randomness(.. 8388864) with jiffies: 8733385301390230102, cycles: 8733385297095557130
[    5.778039] random 0060 0000 0000 fd637b06 6cf47bc1: add_disk_randomness(8:0) fd637b06 6cf47bc1
[    5.778042] random 0060 0000 0000 fd637b06 6cf47bc1: add_timer_randomness(.. 8388864) with jiffies: 8765437564283486810, cycles: 8765437559988813834
[    5.778045] random 0060 0000 0000 fd637b06 6cf47bc1: added 2 entropy credits to input
[    5.782535] random 0062 0000 0000 fd637b06 6cf47bc1: add_disk_randomness(8:0) fd637b06 6cf47bc1
[    5.782538] random 0062 0000 0000 fd637b06 6cf47bc1: add_timer_randomness(.. 8388864) with jiffies: 8805892960756138590, cycles: 8805892956461465610
[    5.788116] random 0062 0000 0000 fd637b06 6cf47bc1: add_disk_randomness(8:0) fd637b06 6cf47bc1
[    5.788119] random 0062 0000 0000 fd637b06 6cf47bc1: add_timer_randomness(.. 8388864) with jiffies: 8856091731057934948, cycles: 8856091726763261962
[    5.788122] random 0062 0000 0000 fd637b06 6cf47bc1: added 1 entropy credits to input
[    5.794396] random 0063 0000 0000 fd637b06 6cf47bc1: add_disk_randomness(8:0) fd637b06 6cf47bc1
[    5.794399] random 0063 0000 0000 fd637b06 6cf47bc1: add_timer_randomness(.. 8388864) with jiffies: 8912588594157945450, cycles: 8912588589863272458
[    5.794412] random 0063 0000 0000 fd637b06 6cf47bc1: rand_read_num 12 get_random_bytes(16): sig 0000033b fd637b06 6cf47bc1
[    5.794415] random 0063 0000 0000 fd637b06 6cf47bc1: extract_entropy(.. 16 ..)
[    5.794417] random 0063 0000 0000 fd637b06 6cf47bc1: going to reseed nonblocking with 128 bits (128 of 0 requested)
[    5.794420] random 0063 0000 0000 fd637b06 6cf47bc1: extract_entropy(.. 16 ..)
[    5.794422] random 0063 0000 0000 fd637b06 6cf47bc1: trying to extract 128 bits from input
[    5.794424] random 0063 0000 0000 fd637b06 6cf47bc1: debiting 0 entropy credits from input
[    5.794426] random 0063 0000 0000 fd637b06 6cf47bc1: extract_entropy account returned: 0 
[    5.794429] random 0063 0000 0000 fd637b06 6cf47bc1: urand_change_num 50 xfer_secondary_pool(16): pool_sig 0000033b, data_sig 00000000, bytes_mixed 0 fd637b06 6cf47bc1
[    5.794432] random 0063 0000 0000 fd637b06 6cf47bc1: trying to extract 128 bits from nonblocking
[    5.794434] random 0063 0000 0000 fd637b06 6cf47bc1: debiting 128 entropy credits from nonblocking (unlimited)
[    5.794436] random 0063 0000 0000 fd637b06 6cf47bc1: extract_entropy account returned: 16 
[    5.794441] random 0063 0000 0000 fd637b06 6cf47bc1: urand_change_num 51 extract_buf: pool_sig 0000033b, data_sig 000000d8, bytes_mixed 20 fd637b06 6cf47bc1
[    5.794446] random 0063 0000 0000 0ec1f012 d4727ca8: urand_change_num 52 extract_buf: pool_sig fffffcf5, data_sig 00000016, bytes_mixed 20 0ec1f012 d4727ca8
[    5.801140] random 0063 0000 0000 45b1d0b1 845a73f7: add_disk_randomness(8:0) 45b1d0b1 845a73f7
[    5.801143] random 0063 0000 0000 45b1d0b1 845a73f7: add_timer_randomness(.. 8388864) with jiffies: 8973257257776808561, cycles: 8973257253482135562
[    5.808359] random 0063 0000 0000 45b1d0b1 845a73f7: add_disk_randomness(8:0) 45b1d0b1 845a73f7
[    5.808362] random 0063 0000 0000 45b1d0b1 845a73f7: add_timer_randomness(.. 8388864) with jiffies: 9038208347387167352, cycles: 9038208343092494346
[    5.813957] random 0063 0000 0000 45b1d0b1 845a73f7: add_disk_randomness(8:0) 45b1d0b1 845a73f7
[    5.813963] random 0063 0000 0000 45b1d0b1 845a73f7: add_timer_randomness(.. 8388864) with jiffies: 9088581733879349886, cycles: 9088581729584676874
[    5.825789] random 0063 0000 0000 45b1d0b1 845a73f7: add_disk_randomness(8:0) 45b1d0b1 845a73f7
[    5.825792] random 0063 0000 0000 45b1d0b1 845a73f7: add_timer_randomness(.. 8388864) with jiffies: 9195014541052445321, cycles: 9195014536757772298
[    5.825795] random 0063 0000 0000 45b1d0b1 845a73f7: added 2 entropy credits to input
[    5.828928] random 0065 0000 0000 45b1d0b1 845a73f7: add_disk_randomness(8:0) 45b1d0b1 845a73f7
[    5.828931] random 0065 0000 0000 45b1d0b1 845a73f7: add_timer_randomness(.. 8388864) with jiffies: 9223259839423808140, cycles: 9223259835129135114
[    5.828934] random 0065 0000 0000 45b1d0b1 845a73f7: added 1 entropy credits to input
[    5.843201] random 0066 0000 0000 45b1d0b1 845a73f7: add_disk_randomness(8:0) 45b1d0b1 845a73f7
[    5.843204] random 0066 0000 0000 45b1d0b1 845a73f7: add_timer_randomness(.. 8388864) with jiffies: 9351646844376810139, cycles: -9095097233627414518
[    5.843207] random 0066 0000 0000 45b1d0b1 845a73f7: added 3 entropy credits to input
[    5.848594] random 0069 0000 0000 45b1d0b1 845a73f7: add_disk_randomness(8:0) 45b1d0b1 845a73f7
[    5.848597] random 0069 0000 0000 45b1d0b1 845a73f7: add_timer_randomness(.. 8388864) with jiffies: 9400173820133474976, cycles: -9046570257870749686
[    5.848600] random 0069 0000 0000 45b1d0b1 845a73f7: added 2 entropy credits to input
[    5.853770] random 0071 0000 0000 45b1d0b1 845a73f7: add_disk_randomness(8:0) 45b1d0b1 845a73f7
[    5.853773] random 0071 0000 0000 45b1d0b1 845a73f7: add_timer_randomness(.. 8388864) with jiffies: 9446736724525548197, cycles: -9000007353478676470
[    5.862001] random 0071 0000 0000 45b1d0b1 845a73f7: add_disk_randomness(8:0) 45b1d0b1 845a73f7
[    5.862004] random 0071 0000 0000 45b1d0b1 845a73f7: add_timer_randomness(.. 8388864) with jiffies: 9520774032198959790, cycles: -8925970045805264886
[    5.862007] random 0071 0000 0000 45b1d0b1 845a73f7: added 2 entropy credits to input
[    5.871602] random 0073 0000 0000 45b1d0b1 845a73f7: add_disk_randomness(8:0) 45b1d0b1 845a73f7
[    5.871605] random 0073 0000 0000 45b1d0b1 845a73f7: add_timer_randomness(.. 8388864) with jiffies: 9607157322148971191, cycles: -8839586755855253494
[    5.891110] random 0073 0000 0000 45b1d0b1 845a73f7: add_disk_randomness(8:0) 45b1d0b1 845a73f7
[    5.891113] random 0073 0000 0000 45b1d0b1 845a73f7: add_timer_randomness(.. 8388864) with jiffies: 9782641903382790859, cycles: -8664102174621433846
[    5.891116] random 0073 0000 0000 45b1d0b1 845a73f7: added 3 entropy credits to input
[    5.904393] random 0076 0000 0000 45b1d0b1 845a73f7: add_disk_randomness(8:0) 45b1d0b1 845a73f7
[    5.904396] random 0076 0000 0000 45b1d0b1 845a73f7: add_timer_randomness(.. 8388864) with jiffies: 9902139489969210072, cycles: -8544604588035014646
[    5.904398] random 0076 0000 0000 45b1d0b1 845a73f7: added 2 entropy credits to input
[    5.912416] random 0078 0000 0000 45b1d0b1 845a73f7: add_disk_randomness(8:0) 45b1d0b1 845a73f7
[    5.912418] random 0078 0000 0000 45b1d0b1 845a73f7: add_timer_randomness(.. 8388864) with jiffies: 9974315732478690016, cycles: -8472428345525534710
[    5.912421] random 0078 0000 0000 45b1d0b1 845a73f7: added 1 entropy credits to input
[    5.922429] random 0079 0000 0000 45b1d0b1 845a73f7: add_disk_randomness(8:0) 45b1d0b1 845a73f7
[    5.922432] random 0079 0000 0000 45b1d0b1 845a73f7: add_timer_randomness(.. 8388864) with jiffies: 10064400189021192938, cycles: -8382343888983031798
[    5.922435] random 0079 0000 0000 45b1d0b1 845a73f7: added 1 entropy credits to input
[    5.926996] random 0080 0000 0000 45b1d0b1 845a73f7: add_disk_randomness(8:0) 45b1d0b1 845a73f7
[    5.926999] random 0080 0000 0000 45b1d0b1 845a73f7: add_timer_randomness(.. 8388864) with jiffies: 10105480133868225263, cycles: -8341263944135999478
[    5.927002] random 0080 0000 0000 45b1d0b1 845a73f7: added 2 entropy credits to input
[    5.934353] random 0082 0000 0000 45b1d0b1 845a73f7: add_disk_randomness(8:0) 45b1d0b1 845a73f7
[    5.934356] random 0082 0000 0000 45b1d0b1 845a73f7: add_timer_randomness(.. 8388864) with jiffies: 10171666434598077174, cycles: -8275077643406147574
[    5.934358] random 0082 0000 0000 45b1d0b1 845a73f7: added 1 entropy credits to input
[    5.939601] random 0083 0000 0000 45b1d0b1 845a73f7: add_disk_randomness(8:0) 45b1d0b1 845a73f7
[    5.939604] random 0083 0000 0000 45b1d0b1 845a73f7: add_timer_randomness(.. 8388864) with jiffies: 10218884961452917499, cycles: -8227859116551307254
[    5.939607] random 0083 0000 0000 45b1d0b1 845a73f7: added 1 entropy credits to input
[    5.946043] random 0084 0000 0000 45b1d0b1 845a73f7: add_disk_randomness(8:0) 45b1d0b1 845a73f7
[    5.946046] random 0084 0000 0000 45b1d0b1 845a73f7: add_timer_randomness(.. 8388864) with jiffies: 10276825113953010434, cycles: -8169918964051214326
[    5.946048] random 0084 0000 0000 45b1d0b1 845a73f7: added 1 entropy credits to input
[    5.951094] random 0085 0000 0000 45b1d0b1 845a73f7: add_disk_randomness(8:0) 45b1d0b1 845a73f7
[    5.951097] random 0085 0000 0000 45b1d0b1 845a73f7: add_timer_randomness(.. 8388864) with jiffies: 10322272718417527559, cycles: -8124471359586697206
[    5.951100] random 0085 0000 0000 45b1d0b1 845a73f7: added 1 entropy credits to input
[    5.956997] random 0086 0000 0000 45b1d0b1 845a73f7: add_disk_randomness(8:0) 45b1d0b1 845a73f7
[    5.957000] random 0086 0000 0000 45b1d0b1 845a73f7: add_timer_randomness(.. 8388864) with jiffies: 10375372502904570637, cycles: -8071371575099654134
[    5.966350] random 0086 0000 0000 45b1d0b1 845a73f7: add_disk_randomness(8:0) 45b1d0b1 845a73f7
[    5.966353] random 0086 0000 0000 45b1d0b1 845a73f7: add_timer_randomness(.. 8388864) with jiffies: 10459520008973943574, cycles: -7987224069030281206
[    5.966356] random 0086 0000 0000 45b1d0b1 845a73f7: added 1 entropy credits to input
[    5.971227] random 0087 0000 0000 45b1d0b1 845a73f7: add_disk_randomness(8:0) 45b1d0b1 845a73f7
[    5.971230] random 0087 0000 0000 45b1d0b1 845a73f7: add_timer_randomness(.. 8388864) with jiffies: 10503394534421660443, cycles: -7943349543582564342
[    5.971233] random 0087 0000 0000 45b1d0b1 845a73f7: added 2 entropy credits to input
[    5.978662] random 0089 0000 0000 45b1d0b1 845a73f7: add_disk_randomness(8:0) 45b1d0b1 845a73f7
[    5.978665] random 0089 0000 0000 45b1d0b1 845a73f7: add_timer_randomness(.. 8388864) with jiffies: 10570281692209840930, cycles: -7876462385794383862
[    5.978667] random 0089 0000 0000 45b1d0b1 845a73f7: added 1 entropy credits to input
[    5.984884] random 0090 0000 0000 45b1d0b1 845a73f7: add_disk_randomness(8:0) 45b1d0b1 845a73f7
[    5.984887] random 0090 0000 0000 45b1d0b1 845a73f7: add_timer_randomness(.. 8388864) with jiffies: 10626262098377409320, cycles: -7820481979626815478
[    5.990351] random 0090 0000 0000 45b1d0b1 845a73f7: add_disk_randomness(8:0) 45b1d0b1 845a73f7
[    5.990354] random 0090 0000 0000 45b1d0b1 845a73f7: add_timer_randomness(.. 8388864) with jiffies: 10675437390857470766, cycles: -7771306687146754038
[    5.999444] random 0090 0000 0000 45b1d0b1 845a73f7: add_disk_randomness(8:0) 45b1d0b1 845a73f7
[    5.999447] random 0090 0000 0000 45b1d0b1 845a73f7: add_timer_randomness(.. 8388864) with jiffies: 10757239574200288055, cycles: -7689504503803936758
[    5.999450] random 0090 0000 0000 45b1d0b1 845a73f7: added 1 entropy credits to input
[    6.006866] random 0091 0000 0000 45b1d0b1 845a73f7: add_disk_randomness(8:0) 45b1d0b1 845a73f7
[    6.006869] random 0091 0000 0000 45b1d0b1 845a73f7: add_timer_randomness(.. 8388864) with jiffies: 10824020483087500094, cycles: -7622723594916724726
[    6.006872] random 0091 0000 0000 45b1d0b1 845a73f7: added 1 entropy credits to input
[    6.016546] random 0092 0000 0000 45b1d0b1 845a73f7: add_disk_randomness(8:0) 45b1d0b1 845a73f7
[    6.016549] random 0092 0000 0000 45b1d0b1 845a73f7: add_timer_randomness(.. 8388864) with jiffies: 10911091951352382280, cycles: -7535652126651842550
[    6.016551] random 0092 0000 0000 45b1d0b1 845a73f7: added 1 entropy credits to input
[    6.027179] random 0093 0000 0000 45b1d0b1 845a73f7: add_disk_randomness(8:0) 45b1d0b1 845a73f7
[    6.027182] random 0093 0000 0000 45b1d0b1 845a73f7: add_timer_randomness(.. 8388864) with jiffies: 11006743020517950291, cycles: -7440001057486274550
[    6.039698] random 0093 0000 0000 45b1d0b1 845a73f7: add_disk_randomness(8:0) 45b1d0b1 845a73f7
[    6.039701] random 0093 0000 0000 45b1d0b1 845a73f7: add_timer_randomness(.. 8388864) with jiffies: 11119379529992995679, cycles: -7327364548011229174
[    6.040910] random 0093 0000 0000 45b1d0b1 845a73f7: add_disk_randomness(8:0) 45b1d0b1 845a73f7
[    6.040913] random 0093 0000 0000 45b1d0b1 845a73f7: add_timer_randomness(.. 8388864) with jiffies: 11130281179192460128, cycles: -7316462898811764726
[    6.044923] random 0093 0000 0000 45b1d0b1 845a73f7: add_disk_randomness(8:0) 45b1d0b1 845a73f7
[    6.044926] random 0093 0000 0000 45b1d0b1 845a73f7: add_timer_randomness(.. 8388864) with jiffies: 11166386370794718052, cycles: -7280357707209506806
[    6.044929] random 0093 0000 0000 45b1d0b1 845a73f7: added 1 entropy credits to input
[    6.054265] random 0094 0000 0000 45b1d0b1 845a73f7: add_disk_randomness(8:0) 45b1d0b1 845a73f7
[    6.054268] random 0094 0000 0000 45b1d0b1 845a73f7: add_timer_randomness(.. 8388864) with jiffies: 11250419961446499182, cycles: -7196324116557725686
[    6.054271] random 0094 0000 0000 45b1d0b1 845a73f7: added 1 entropy credits to input
[    6.054655] random 0095 0000 0000 45b1d0b1 845a73f7: add_disk_randomness(8:0) 45b1d0b1 845a73f7
[    6.054658] random 0095 0000 0000 45b1d0b1 845a73f7: add_timer_randomness(.. 8388864) with jiffies: 11253930684894118766, cycles: -7192813393110106102
[    6.070277] random 0095 0000 0000 45b1d0b1 845a73f7: add_disk_randomness(8:0) 45b1d0b1 845a73f7
[    6.070280] random 0095 0000 0000 45b1d0b1 845a73f7: add_timer_randomness(.. 8388864) with jiffies: 11394460730624017278, cycles: -7052283347380207606
[    6.070282] random 0095 0000 0000 45b1d0b1 845a73f7: added 4 entropy credits to input
[    6.071905] random 0099 0000 0000 45b1d0b1 845a73f7: add_disk_randomness(8:0) 45b1d0b1 845a73f7
[    6.071908] random 0099 0000 0000 45b1d0b1 845a73f7: add_timer_randomness(.. 8388864) with jiffies: 11409116224189858687, cycles: -7037627853814366198
[    6.072055] random 0099 0000 0000 45b1d0b1 845a73f7: add_disk_randomness(8:0) 45b1d0b1 845a73f7
[    6.072058] random 0099 0000 0000 45b1d0b1 845a73f7: add_timer_randomness(.. 8388864) with jiffies: 11410452495889826688, cycles: -7036291582114398198
[    6.082930] random 0099 0000 0000 45b1d0b1 845a73f7: add_disk_randomness(8:0) 45b1d0b1 845a73f7
[    6.082933] random 0099 0000 0000 45b1d0b1 845a73f7: add_timer_randomness(.. 8388864) with jiffies: 11508300337748083594, cycles: -6938443740256141302
[    6.082935] random 0099 0000 0000 45b1d0b1 845a73f7: added 3 entropy credits to input
[    6.083497] random 0102 0000 0000 45b1d0b1 845a73f7: add_disk_randomness(8:0) 45b1d0b1 845a73f7
[    6.083500] random 0102 0000 0000 45b1d0b1 845a73f7: add_timer_randomness(.. 8388864) with jiffies: 11513400332239209355, cycles: -6933343745765015542
[    6.088726] random 0102 0000 0000 45b1d0b1 845a73f7: add_disk_randomness(8:0) 45b1d0b1 845a73f7
[    6.088729] random 0102 0000 0000 45b1d0b1 845a73f7: add_timer_randomness(.. 8388864) with jiffies: 11560443070377591696, cycles: -6886301007626633206
[    6.088732] random 0102 0000 0000 45b1d0b1 845a73f7: added 2 entropy credits to input
[    6.090484] random 0104 0000 0000 45b1d0b1 845a73f7: add_disk_randomness(8:0) 45b1d0b1 845a73f7
[    6.090487] random 0104 0000 0000 45b1d0b1 845a73f7: add_timer_randomness(.. 8388864) with jiffies: 11576253996045403026, cycles: -6870490081958821878
[    6.090490] random 0104 0000 0000 45b1d0b1 845a73f7: added 1 entropy credits to input
[    6.100710] random 0105 0000 0000 45b1d0b1 845a73f7: add_disk_randomness(8:0) 45b1d0b1 845a73f7
[    6.100714] random 0105 0000 0000 45b1d0b1 845a73f7: add_timer_randomness(.. 8388864) with jiffies: 11668254768211133340, cycles: -6778489309793091574
[    6.100716] random 0105 0000 0000 45b1d0b1 845a73f7: added 3 entropy credits to input
[    6.114649] random 0108 0000 0000 45b1d0b1 845a73f7: add_disk_randomness(8:0) 45b1d0b1 845a73f7
[    6.114652] random 0108 0000 0000 45b1d0b1 845a73f7: add_timer_randomness(.. 8388864) with jiffies: 11793644388502700970, cycles: -6653099689501523958
