[    0.000000] random 0000 0000 0000 00000000 00000000: rand_read_num 1 get_random_bytes(8): sig 00000000 00000000 00000000
[    0.000000] random 0000 0000 0000 00000000 00000000: extract_entropy(.. 8 ..)
[    0.000000] random 0000 0000 0000 00000000 00000000: going to reseed nonblocking with 64 bits (64 of 0 requested)
[    0.000000] random 0000 0000 0000 00000000 00000000: extract_entropy(.. 8 ..)
[    0.000000] random 0000 0000 0000 00000000 00000000: trying to extract 64 bits from input
[    0.000000] random 0000 0000 0000 00000000 00000000: debiting 0 entropy credits from input
[    0.000000] random 0000 0000 0000 00000000 00000000: extract_entropy account returned: 0 
[    0.000000] random 0000 0000 0000 00000000 00000000: urand_change_num 1 xfer_secondary_pool(8): pool_sig 00000000, data_sig 00000000, bytes_mixed 0 00000000 00000000
[    0.000000] random 0000 0000 0000 00000000 00000000: trying to extract 64 bits from nonblocking
[    0.000000] random 0000 0000 0000 00000000 00000000: debiting 64 entropy credits from nonblocking (unlimited)
[    0.000000] random 0000 0000 0000 00000000 00000000: extract_entropy account returned: 8 
[    0.000000] random 0000 0000 0000 00000000 00000000: urand_change_num 2 extract_buf: pool_sig 00000000, data_sig fffffff9, bytes_mixed 20 00000000 00000000
[    0.000000] Linux version 2.6.32.57 (dcashman@dcashman-02) (gcc version 4.3.3 (GCC) ) #6 Thu May 30 09:02:12 PDT 2013
[    0.000000] KERNEL supported cpus:
[    0.000000]   Intel GenuineIntel
[    0.000000]   AMD AuthenticAMD
[    0.000000]   NSC Geode by NSC
[    0.000000]   Cyrix CyrixInstead
[    0.000000]   Centaur CentaurHauls
[    0.000000]   Transmeta GenuineTMx86
[    0.000000]   Transmeta TransmetaCPU
[    0.000000]   UMC UMC UMC UMC
[    0.000000] BIOS-provided physical RAM map:
[    0.000000]  BIOS-e820: 0000000000000000 - 000000000009d800 (usable)
[    0.000000]  BIOS-e820: 000000000009d800 - 00000000000a0000 (reserved)
[    0.000000]  BIOS-e820: 00000000000d2000 - 00000000000d4000 (reserved)
[    0.000000]  BIOS-e820: 00000000000e0000 - 0000000000100000 (reserved)
[    0.000000]  BIOS-e820: 0000000000100000 - 000000003d6b0000 (usable)
[    0.000000]  BIOS-e820: 000000003d6b0000 - 000000003d6cc000 (ACPI data)
[    0.000000]  BIOS-e820: 000000003d6cc000 - 000000003d700000 (ACPI NVS)
[    0.000000]  BIOS-e820: 000000003d700000 - 000000003e000000 (reserved)
[    0.000000]  BIOS-e820: 00000000f0000000 - 00000000f4000000 (reserved)
[    0.000000]  BIOS-e820: 00000000fec00000 - 00000000fec10000 (reserved)
[    0.000000]  BIOS-e820: 00000000fed00000 - 00000000fed00400 (reserved)
[    0.000000]  BIOS-e820: 00000000fed14000 - 00000000fed1a000 (reserved)
[    0.000000]  BIOS-e820: 00000000fed1c000 - 00000000fed90000 (reserved)
[    0.000000]  BIOS-e820: 00000000fee00000 - 00000000fee01000 (reserved)
[    0.000000]  BIOS-e820: 00000000ff000000 - 0000000100000000 (reserved)
[    0.000000] DMI present.
[    0.000000] last_pfn = 0x3d6b0 max_arch_pfn = 0x100000
[    0.000000] MTRR default type: uncachable
[    0.000000] MTRR fixed ranges enabled:
[    0.000000]   00000-9FFFF write-back
[    0.000000]   A0000-BFFFF uncachable
[    0.000000]   C0000-CFFFF write-protect
[    0.000000]   D0000-DFFFF uncachable
[    0.000000]   E0000-FFFFF write-protect
[    0.000000] MTRR variable ranges enabled:
[    0.000000]   0 base 03E000000 mask FFE000000 uncachable
[    0.000000]   1 base 000000000 mask FC0000000 write-back
[    0.000000]   2 base 03D700000 mask FFFF00000 uncachable
[    0.000000]   3 base 03D800000 mask FFF800000 uncachable
[    0.000000]   4 disabled
[    0.000000]   5 disabled
[    0.000000]   6 disabled
[    0.000000]   7 disabled
[    0.000000] initial memory mapped : 0 - 02000000
[    0.000000] init_memory_mapping: 0000000000000000-00000000377fe000
[    0.000000]  0000000000 - 0000400000 page 4k
[    0.000000]  0000400000 - 0037400000 page 2M
[    0.000000]  0037400000 - 00377fe000 page 4k
[    0.000000] kernel direct mapping tables up to 377fe000 @ 7000-c000
[    0.000000] ACPI: RSDP 000f68d0 00024 (v02 LENOVO)
[    0.000000] ACPI: XSDT 3d6bb77f 00094 (v01 LENOVO TP-7L    00002170  LTP 00000000)
[    0.000000] ACPI: FACP 3d6bb900 000F4 (v03 LENOVO TP-7L    00002170 LNVO 00000001)
[    0.000000] ACPI Warning: 32/64X length mismatch in Gpe1Block: 0/32 (20090903/tbfadt-526)
[    0.000000] ACPI Warning: Optional field Gpe1Block has zero address or length: 000000000000102C/0 (20090903/tbfadt-557)
[    0.000000] ACPI: DSDT 3d6bbd1d 0FED1 (v01 LENOVO TP-7L    00002170 MSFT 03000000)
[    0.000000] ACPI: FACS 3d6e4000 00040
[    0.000000] ACPI: SSDT 3d6bbab4 00269 (v01 LENOVO TP-7L    00002170 MSFT 03000000)
[    0.000000] ACPI: ECDT 3d6cbbee 00052 (v01 LENOVO TP-7L    00002170 LNVO 00000001)
[    0.000000] ACPI: TCPA 3d6cbc40 00032 (v02 LENOVO TP-7L    00002170 LNVO 00000001)
[    0.000000] ACPI: APIC 3d6cbc72 00068 (v01 LENOVO TP-7L    00002170 LNVO 00000001)
[    0.000000] ACPI: MCFG 3d6cbcda 0003C (v01 LENOVO TP-7L    00002170 LNVO 00000001)
[    0.000000] ACPI: HPET 3d6cbd16 00038 (v01 LENOVO TP-7L    00002170 LNVO 00000001)
[    0.000000] ACPI: SLIC 3d6cbdf0 00176 (v01 LENOVO TP-7L    00002170  LTP 00000000)
[    0.000000] ACPI: BOOT 3d6cbf66 00028 (v01 LENOVO TP-7L    00002170  LTP 00000001)
[    0.000000] ACPI: ASF! 3d6cbf8e 00072 (v16 LENOVO TP-7L    00002170 PTL  00000001)
[    0.000000] ACPI: SSDT 3d6e26d9 0025F (v01 LENOVO TP-7L    00002170 INTL 20050513)
[    0.000000] ACPI: SSDT 3d6e2938 000A6 (v01 LENOVO TP-7L    00002170 INTL 20050513)
[    0.000000] ACPI: SSDT 3d6e29de 004F7 (v01 LENOVO TP-7L    00002170 INTL 20050513)
[    0.000000] ACPI: SSDT 3d6e2ed5 001D8 (v01 LENOVO TP-7L    00002170 INTL 20050513)
[    0.000000] ACPI: DMI detected: Lenovo ThinkPad R61
[    0.000000] ACPI: Added _OSI(Linux)
[    0.000000] ACPI: Local APIC address 0xfee00000
[    0.000000] 94MB HIGHMEM available.
[    0.000000] 887MB LOWMEM available.
[    0.000000]   mapped low ram: 0 - 377fe000
[    0.000000]   low ram: 0 - 377fe000
[    0.000000]   node 0 low ram: 00000000 - 377fe000
[    0.000000]   node 0 bootmap 00008000 - 0000ef00
[    0.000000] (6 early reservations) ==> bootmem [0000000000 - 00377fe000]
[    0.000000]   #0 [0000000000 - 0000001000]   BIOS data page ==> [0000000000 - 0000001000]
[    0.000000]   #1 [0001000000 - 0001bdc180]    TEXT DATA BSS ==> [0001000000 - 0001bdc180]
[    0.000000]   #2 [000009d800 - 0000100000]    BIOS reserved ==> [000009d800 - 0000100000]
[    0.000000]   #3 [0001bdd000 - 0001be516c]              BRK ==> [0001bdd000 - 0001be516c]
[    0.000000]   #4 [0000007000 - 0000008000]          PGTABLE ==> [0000007000 - 0000008000]
[    0.000000]   #5 [0000008000 - 000000f000]          BOOTMAP ==> [0000008000 - 000000f000]
[    0.000000] found SMP MP-table at [c00f6900] f6900
[    0.000000] Zone PFN ranges:
[    0.000000]   DMA      0x00000000 -> 0x00001000
[    0.000000]   Normal   0x00001000 -> 0x000377fe
[    0.000000]   HighMem  0x000377fe -> 0x0003d6b0
[    0.000000] Movable zone start PFN for each node
[    0.000000] early_node_map[2] active PFN ranges
[    0.000000]     0: 0x00000000 -> 0x0000009d
[    0.000000]     0: 0x00000100 -> 0x0003d6b0
[    0.000000] On node 0 totalpages: 251469
[    0.000000] free_area_init_node: node 0, pgdat c1901ea0, node_mem_map c1be7000
[    0.000000]   DMA zone: 32 pages used for memmap
[    0.000000]   DMA zone: 0 pages reserved
[    0.000000]   DMA zone: 3965 pages, LIFO batch:0
[    0.000000]   Normal zone: 1744 pages used for memmap
[    0.000000]   Normal zone: 221486 pages, LIFO batch:31
[    0.000000]   HighMem zone: 190 pages used for memmap
[    0.000000]   HighMem zone: 24052 pages, LIFO batch:3
[    0.000000] Using APIC driver default
[    0.000000] ACPI: PM-Timer IO Port: 0x1008
[    0.000000] ACPI: Local APIC address 0xfee00000
[    0.000000] ACPI: LAPIC (acpi_id[0x00] lapic_id[0x00] enabled)
[    0.000000] ACPI: LAPIC (acpi_id[0x01] lapic_id[0x01] enabled)
[    0.000000] ACPI: NR_CPUS/possible_cpus limit of 1 reached.  Processor 1/0x1 ignored.
[    0.000000] ACPI: LAPIC_NMI (acpi_id[0x00] high edge lint[0x1])
[    0.000000] ACPI: LAPIC_NMI (acpi_id[0x01] high edge lint[0x1])
[    0.000000] ACPI: IOAPIC (id[0x01] address[0xfec00000] gsi_base[0])
[    0.000000] IOAPIC[0]: apic_id 1, version 32, address 0xfec00000, GSI 0-23
[    0.000000] ACPI: INT_SRC_OVR (bus 0 bus_irq 0 global_irq 2 dfl dfl)
[    0.000000] ACPI: INT_SRC_OVR (bus 0 bus_irq 9 global_irq 9 high level)
[    0.000000] ACPI: IRQ0 used by override.
[    0.000000] ACPI: IRQ2 used by override.
[    0.000000] ACPI: IRQ9 used by override.
[    0.000000] Using ACPI (MADT) for SMP configuration information
[    0.000000] ACPI: HPET id: 0x8086a201 base: 0xfed00000
[    0.000000] nr_irqs_gsi: 24
[    0.000000] PM: Registered nosave memory: 000000000009d000 - 000000000009e000
[    0.000000] PM: Registered nosave memory: 000000000009e000 - 00000000000a0000
[    0.000000] PM: Registered nosave memory: 00000000000a0000 - 00000000000d2000
[    0.000000] PM: Registered nosave memory: 00000000000d2000 - 00000000000d4000
[    0.000000] PM: Registered nosave memory: 00000000000d4000 - 00000000000e0000
[    0.000000] PM: Registered nosave memory: 00000000000e0000 - 0000000000100000
[    0.000000] Allocating PCI resources starting at 3e000000 (gap: 3e000000:b2000000)
[    0.000000] Built 1 zonelists in Zone order, mobility grouping on.  Total pages: 249503
[    0.000000] Kernel command line: auto BOOT_IMAGE=Linux ro root=802 vt.default_utf8=0 maxcpus=0
[    0.000000] PID hash table entries: 4096 (order: 2, 16384 bytes)
[    0.000000] Dentry cache hash table entries: 131072 (order: 7, 524288 bytes)
[    0.000000] Inode-cache hash table entries: 65536 (order: 6, 262144 bytes)
[    0.000000] Enabling fast FPU save and restore... done.
[    0.000000] Enabling unmasked SIMD FPU exception support... done.
[    0.000000] Initializing CPU#0
[    0.000000] Initializing HighMem for node 0 (000377fe:0003d6b0)
[    0.000000] Memory: 984800k/1006272k available (6915k kernel code, 20876k reserved, 2327k data, 448k init, 96968k highmem)
[    0.000000] virtual kernel memory layout:
[    0.000000]     fixmap  : 0xfffa3000 - 0xfffff000   ( 368 kB)
[    0.000000]     pkmap   : 0xff800000 - 0xffc00000   (4096 kB)
[    0.000000]     vmalloc : 0xf7ffe000 - 0xff7fe000   ( 120 MB)
[    0.000000]     lowmem  : 0xc0000000 - 0xf77fe000   ( 887 MB)
[    0.000000]       .init : 0xc1907000 - 0xc1977000   ( 448 kB)
[    0.000000]       .data : 0xc16c0d3f - 0xc1906c64   (2327 kB)
[    0.000000]       .text : 0xc1000000 - 0xc16c0d3f   (6915 kB)
[    0.000000] Checking if this processor honours the WP bit even in supervisor mode...Ok.
[    0.000000] SLUB: Genslabs=13, HWalign=64, Order=0-3, MinObjects=0, CPUs=1, Nodes=1
[    0.000000] Hierarchical RCU implementation.
[    0.000000] NR_IRQS:288
[    0.000000] Extended CMOS year: 2000
[    0.000000] Console: colour VGA+ 80x25
[    0.000000] console [tty0] enabled
[    0.000000] hpet clockevent registered
[    0.000000] Fast TSC calibration using PIT
[    0.000000] Detected 2094.658 MHz processor.
[    0.002001] Calibrating delay loop (skipped), value calculated using timer frequency.. 4189.31 BogoMIPS (lpj=2094658)
[    0.002172] Security Framework initialized
[    0.002259] Mount-cache hash table entries: 512
[    0.002407] CPU: L1 I cache: 32K, L1 D cache: 32K
[    0.002536] CPU: L2 cache: 3072K
[    0.002621] mce: CPU supports 6 MCE banks
[    0.002707] CPU0: Thermal monitoring enabled (TM2)
[    0.002790] using mwait in idle threads.
[    0.002873] CPU: Intel(R) Core(TM)2 Duo CPU     T8100  @ 2.10GHz stepping 06
[    0.003003] Checking 'hlt' instruction... OK.
[    0.007936] ACPI: Core revision 20090903
[    0.027013] RANDOM get_random_int first call with cycles 32220733765, jiffies 4294667323 and pid 0
[    0.027020] CANARY value: 939a2e31 for PID: 1
[    0.027027] CANARY value: 2d3547cb for PID: 2
[    0.027051] Enabling APIC mode:  Flat.  Using 1 I/O APICs
[    0.027510] ..TIMER: vector=0x30 apic1=0 pin1=2 apic2=-1 pin2=-1
[    0.037997] xor: automatically using best checksumming function: pIII_sse
[    0.041998]    pIII_sse  :  8568.000 MB/sec
[    0.042089] xor: using function: pIII_sse (8568.000 MB/sec)
[    0.042179] RANDOM - __seed init called.
[    0.042180] RANDOM - __seed init called.
[    0.042181] RANDOM - __seed init called.
[    0.042183] RANDOM - __random32 called. Change num 1.  Value: f7943846	49e73df3	af36cd0d
[    0.042184] RANDOM - __random32 called. Change num 2.  Value: 43846e13	9e73df37	9a1ad014
[    0.042186] RANDOM - __random32 called. Change num 3.  Value: 46e139c8	e73df373	a029598a
[    0.042188] RANDOM - __random32 called. Change num 4.  Value: 139c8c3b	73df373d	b3142c72
[    0.042190] RANDOM - __random32 called. Change num 5.  Value: c8c3b043	3df373de	58e576a9
[    0.042191] RANDOM - __random32 called. Change num 6.  Value: 3b0437d9	df373de5	ed53f9d8
[    0.042193] RANDOM - random32 init called.  Value: 3b0437d9	df373de5	ed53f9d8
[    0.042210] NET: Registered protocol family 16
[    0.042477] ACPI FADT declares the system doesn't support PCIe ASPM, so disable it
[    0.042599] ACPI: bus type pci registered
[    0.042770] PCI: MCFG configuration 0: base f0000000 segment 0 buses 0 - 63
[    0.042862] PCI: MCFG area at f0000000 reserved in E820
[    0.042953] PCI: Using MMCONFIG for extended config space
[    0.043002] PCI: Using configuration type 1 for base access
[    0.046150] bio: create slab <bio-0> at 0
[    0.046961] ACPI: EC: EC description table is found, configuring boot EC
[    0.052150] ACPI: BIOS _OSI(Linux) query honored via DMI
[    0.052877] random 0000 0000 0000 00000000 00000000: rand_read_num 2 get_random_bytes(8): sig fffffe1a 00000000 00000000
[    0.052879] random 0000 0000 0000 00000000 00000000: extract_entropy(.. 8 ..)
[    0.052882] random 0000 0000 0000 00000000 00000000: going to reseed nonblocking with 64 bits (64 of 0 requested)
[    0.052884] random 0000 0000 0000 00000000 00000000: extract_entropy(.. 8 ..)
[    0.052886] random 0000 0000 0000 00000000 00000000: trying to extract 64 bits from input
[    0.052889] random 0000 0000 0000 00000000 00000000: debiting 0 entropy credits from input
[    0.052891] random 0000 0000 0000 00000000 00000000: extract_entropy account returned: 0 
[    0.052921] random 0000 0000 0000 00000000 00000000: urand_change_num 3 xfer_secondary_pool(8): pool_sig fffffe1a, data_sig 00000000, bytes_mixed 0 00000000 00000000
[    0.052924] random 0000 0000 0000 00000000 00000000: trying to extract 64 bits from nonblocking
[    0.052927] random 0000 0000 0000 00000000 00000000: debiting 64 entropy credits from nonblocking (unlimited)
[    0.052929] random 0000 0000 0000 00000000 00000000: extract_entropy account returned: 8 
[    0.052933] random 0000 0000 0000 00000000 00000000: urand_change_num 4 extract_buf: pool_sig fffffe1a, data_sig fffffed7, bytes_mixed 20 00000000 00000000
[    0.057618] ACPI: Interpreter enabled
[    0.057711] ACPI: (supports S0 S3 S4 S5)
[    0.057998] ACPI: Using IOAPIC for interrupt routing
[    0.067489] ACPI: EC: GPE = 0x12, I/O: command/status = 0x66, data = 0x62
[    0.067794] ACPI: Power Resource [PUBS] (on)
[    0.069941] ACPI: ACPI Dock Station Driver: 3 docks/bays found
[    0.070333] ACPI: PCI Root Bridge [PCI0] (0000:00)
[    0.070501] pci 0000:00:02.0: reg 10 64bit mmio: [0xf8100000-0xf81fffff]
[    0.070507] pci 0000:00:02.0: reg 18 64bit mmio pref: [0xe0000000-0xefffffff]
[    0.070511] pci 0000:00:02.0: reg 20 io port: [0x1800-0x1807]
[    0.070546] pci 0000:00:02.1: reg 10 64bit mmio: [0xf8200000-0xf82fffff]
[    0.070653] pci 0000:00:19.0: reg 10 32bit mmio: [0xfe000000-0xfe01ffff]
[    0.070662] pci 0000:00:19.0: reg 14 32bit mmio: [0xfe025000-0xfe025fff]
[    0.070672] pci 0000:00:19.0: reg 18 io port: [0x1840-0x185f]
[    0.070737] pci 0000:00:19.0: PME# supported from D0 D3hot D3cold
[    0.070832] pci 0000:00:19.0: PME# disabled
[    0.071023] pci 0000:00:1a.0: reg 20 io port: [0x1860-0x187f]
[    0.071114] pci 0000:00:1a.1: reg 20 io port: [0x1880-0x189f]
[    0.071198] pci 0000:00:1a.7: reg 10 32bit mmio: [0xfe226c00-0xfe226fff]
[    0.071285] pci 0000:00:1a.7: PME# supported from D0 D3hot D3cold
[    0.071381] pci 0000:00:1a.7: PME# disabled
[    0.071529] pci 0000:00:1b.0: reg 10 64bit mmio: [0xfe020000-0xfe023fff]
[    0.071616] pci 0000:00:1b.0: PME# supported from D0 D3hot D3cold
[    0.071714] pci 0000:00:1b.0: PME# disabled
[    0.071915] pci 0000:00:1c.0: PME# supported from D0 D3hot D3cold
[    0.071999] pci 0000:00:1c.0: PME# disabled
[    0.072196] pci 0000:00:1c.1: PME# supported from D0 D3hot D3cold
[    0.072292] pci 0000:00:1c.1: PME# disabled
[    0.072496] pci 0000:00:1c.2: PME# supported from D0 D3hot D3cold
[    0.072595] pci 0000:00:1c.2: PME# disabled
[    0.072800] pci 0000:00:1c.3: PME# supported from D0 D3hot D3cold
[    0.072895] pci 0000:00:1c.3: PME# disabled
[    0.073105] pci 0000:00:1c.4: PME# supported from D0 D3hot D3cold
[    0.073199] pci 0000:00:1c.4: PME# disabled
[    0.074015] pci 0000:00:1d.0: reg 20 io port: [0x18a0-0x18bf]
[    0.074093] pci 0000:00:1d.1: reg 20 io port: [0x18c0-0x18df]
[    0.074167] pci 0000:00:1d.2: reg 20 io port: [0x18e0-0x18ff]
[    0.074252] pci 0000:00:1d.7: reg 10 32bit mmio: [0xfe227000-0xfe2273ff]
[    0.074341] pci 0000:00:1d.7: PME# supported from D0 D3hot D3cold
[    0.074435] pci 0000:00:1d.7: PME# disabled
[    0.074727] pci 0000:00:1f.0: quirk: region 1000-107f claimed by ICH6 ACPI/GPIO/TCO
[    0.074856] pci 0000:00:1f.0: quirk: region 1180-11bf claimed by ICH6 GPIO
[    0.074954] pci 0000:00:1f.0: ICH7 LPC Generic IO decode 1 PIO at 1600 (mask 007f)
[    0.074998] pci 0000:00:1f.0: ICH7 LPC Generic IO decode 2 PIO at 15e0 (mask 000f)
[    0.075122] pci 0000:00:1f.0: ICH7 LPC Generic IO decode 3 PIO at 1680 (mask 001f)
[    0.075315] pci 0000:00:1f.1: reg 10 io port: [0x00-0x07]
[    0.075327] pci 0000:00:1f.1: reg 14 io port: [0x00-0x03]
[    0.075336] pci 0000:00:1f.1: reg 18 io port: [0x00-0x07]
[    0.075343] pci 0000:00:1f.1: reg 1c io port: [0x00-0x03]
[    0.075352] pci 0000:00:1f.1: reg 20 io port: [0x1c00-0x1c0f]
[    0.075441] pci 0000:00:1f.2: reg 10 io port: [0x1c50-0x1c57]
[    0.075450] pci 0000:00:1f.2: reg 14 io port: [0x1c44-0x1c47]
[    0.075459] pci 0000:00:1f.2: reg 18 io port: [0x1c48-0x1c4f]
[    0.075467] pci 0000:00:1f.2: reg 1c io port: [0x1c40-0x1c43]
[    0.075474] pci 0000:00:1f.2: reg 20 io port: [0x1c20-0x1c3f]
[    0.075483] pci 0000:00:1f.2: reg 24 32bit mmio: [0xfe226000-0xfe2267ff]
[    0.075543] pci 0000:00:1f.2: PME# supported from D3hot
[    0.075637] pci 0000:00:1f.2: PME# disabled
[    0.075762] pci 0000:00:1f.3: reg 10 32bit mmio: [0xfe227400-0xfe2274ff]
[    0.075785] pci 0000:00:1f.3: reg 20 io port: [0x1c60-0x1c7f]
[    0.075873] pci 0000:00:1c.0: bridge io port: [0x2000-0x2fff]
[    0.075879] pci 0000:00:1c.0: bridge 32bit mmio: [0xfc000000-0xfdffffff]
[    0.075891] pci 0000:00:1c.0: bridge 64bit mmio pref: [0xf8000000-0xf80fffff]
[    0.076046] pci 0000:03:00.0: reg 10 64bit mmio: [0xdf3f0000-0xdf3fffff]
[    0.076240] pci 0000:00:1c.1: bridge io port: [0x3000-0x3fff]
[    0.076245] pci 0000:00:1c.1: bridge 32bit mmio: [0xdc000000-0xdf3fffff]
[    0.076253] pci 0000:00:1c.1: bridge 64bit mmio pref: [0xdfe00000-0xdfefffff]
[    0.076310] pci 0000:00:1c.2: bridge io port: [0x4000-0x4fff]
[    0.076317] pci 0000:00:1c.2: bridge 32bit mmio: [0xd8000000-0xd9ffffff]
[    0.076325] pci 0000:00:1c.2: bridge 64bit mmio pref: [0xdfb00000-0xdfbfffff]
[    0.076380] pci 0000:00:1c.3: bridge io port: [0x5000-0x5fff]
[    0.076386] pci 0000:00:1c.3: bridge 32bit mmio: [0xd4000000-0xd5ffffff]
[    0.076395] pci 0000:00:1c.3: bridge 64bit mmio pref: [0xdf800000-0xdf8fffff]
[    0.076449] pci 0000:00:1c.4: bridge io port: [0x6000-0x6fff]
[    0.076455] pci 0000:00:1c.4: bridge 32bit mmio: [0xd0000000-0xd1ffffff]
[    0.076464] pci 0000:00:1c.4: bridge 64bit mmio pref: [0xdf500000-0xdf5fffff]
[    0.076530] pci 0000:15:00.0: reg 10 32bit mmio: [0xf8300000-0xf8300fff]
[    0.076574] pci 0000:15:00.0: supports D1 D2
[    0.076576] pci 0000:15:00.0: PME# supported from D0 D1 D2 D3hot D3cold
[    0.076671] pci 0000:15:00.0: PME# disabled
[    0.076819] pci 0000:15:00.1: reg 10 32bit mmio: [0xf8301000-0xf83017ff]
[    0.076918] pci 0000:15:00.1: supports D1 D2
[    0.076919] pci 0000:15:00.1: PME# supported from D0 D1 D2 D3hot D3cold
[    0.077000] pci 0000:15:00.1: PME# disabled
[    0.077183] pci 0000:00:1e.0: transparent bridge
[    0.077278] pci 0000:00:1e.0: bridge io port: [0x7000-0xafff]
[    0.077284] pci 0000:00:1e.0: bridge 32bit mmio: [0xf8300000-0xfbffffff]
[    0.077292] pci 0000:00:1e.0: bridge 64bit mmio pref: [0xf4000000-0xf7ffffff]
[    0.077365] pci_bus 0000:00: on NUMA node 0
[    0.077368] ACPI: PCI Interrupt Routing Table [\_SB_.PCI0._PRT]
[    0.077502] ACPI: PCI Interrupt Routing Table [\_SB_.PCI0.EXP0._PRT]
[    0.077561] ACPI: PCI Interrupt Routing Table [\_SB_.PCI0.EXP1._PRT]
[    0.077619] ACPI: PCI Interrupt Routing Table [\_SB_.PCI0.EXP2._PRT]
[    0.077677] ACPI: PCI Interrupt Routing Table [\_SB_.PCI0.EXP3._PRT]
[    0.077740] ACPI: PCI Interrupt Routing Table [\_SB_.PCI0.EXP4._PRT]
[    0.077802] ACPI: PCI Interrupt Routing Table [\_SB_.PCI0.PCI1._PRT]
[    0.083298] ACPI: PCI Interrupt Link [LNKA] (IRQs 3 4 5 6 7 9 *10 11)
[    0.084093] ACPI: PCI Interrupt Link [LNKB] (IRQs 3 4 5 6 7 9 10 *11)
[    0.084872] ACPI: PCI Interrupt Link [LNKC] (IRQs 3 4 5 6 7 9 10 *11)
[    0.085611] ACPI: PCI Interrupt Link [LNKD] (IRQs 3 4 5 6 7 9 10 *11)
[    0.086460] ACPI: PCI Interrupt Link [LNKE] (IRQs 3 4 5 6 7 9 10 *11)
[    0.087241] ACPI: PCI Interrupt Link [LNKF] (IRQs 3 4 5 6 7 9 10 *11)
[    0.088074] ACPI: PCI Interrupt Link [LNKG] (IRQs 3 4 5 6 7 9 10 *11)
[    0.088864] ACPI: PCI Interrupt Link [LNKH] (IRQs 3 4 5 6 7 9 10 *11)
[    0.089592] vgaarb: device added: PCI:0000:00:02.0,decodes=io+mem,owns=io+mem,locks=none
[    0.089722] vgaarb: loaded
[    0.089905] SCSI subsystem initialized
[    0.090008] libata version 3.00 loaded.
[    0.090056] usbcore: registered new interface driver usbfs
[    0.090182] usbcore: registered new interface driver hub
[    0.090296] usbcore: registered new device driver usb
[    0.107043] raid6: int32x1    941 MB/s
[    0.123992] raid6: int32x2    886 MB/s
[    0.140990] raid6: int32x4    746 MB/s
[    0.157988] raid6: int32x8    656 MB/s
[    0.174987] raid6: mmxx1     2878 MB/s
[    0.191987] raid6: mmxx2     3253 MB/s
[    0.209003] raid6: sse1x1    1937 MB/s
[    0.225997] raid6: sse1x2    2535 MB/s
[    0.242975] raid6: sse2x1    3511 MB/s
[    0.259979] raid6: sse2x2    3824 MB/s
[    0.260067] raid6: using algorithm sse2x2 (3824 MB/s)
[    0.260157] PCI: Using ACPI for IRQ routing
[    0.260468] HPET: 3 timers in total, 0 timers will be used for per-cpu timer
[    0.260987] Switching to clocksource tsc
[    0.261092] pnp: PnP ACPI init
[    0.261183] ACPI: bus type pnp registered
[    0.264829] pnp: PnP ACPI: found 11 devices
[    0.264932] ACPI: ACPI bus type pnp unregistered
[    0.265030] system 00:00: iomem range 0x0-0x9ffff could not be reserved
[    0.265119] system 00:00: iomem range 0xc0000-0xc3fff could not be reserved
[    0.265214] system 00:00: iomem range 0xc4000-0xc7fff could not be reserved
[    0.265304] system 00:00: iomem range 0xc8000-0xcbfff has been reserved
[    0.265399] system 00:00: iomem range 0xcc000-0xcffff has been reserved
[    0.265489] system 00:00: iomem range 0xd0000-0xd3fff could not be reserved
[    0.265579] system 00:00: iomem range 0xe0000-0xe3fff could not be reserved
[    0.265671] system 00:00: iomem range 0xe4000-0xe7fff could not be reserved
[    0.265764] system 00:00: iomem range 0xe8000-0xebfff could not be reserved
[    0.265859] system 00:00: iomem range 0xec000-0xeffff could not be reserved
[    0.265953] system 00:00: iomem range 0xf0000-0xfffff could not be reserved
[    0.266043] system 00:00: iomem range 0x100000-0x3dffffff could not be reserved
[    0.266165] system 00:00: iomem range 0xfec00000-0xfed3ffff could not be reserved
[    0.266287] system 00:00: iomem range 0xfed4c000-0xffffffff could not be reserved
[    0.266407] system 00:02: ioport range 0x164e-0x164f has been reserved
[    0.266503] system 00:02: ioport range 0x1000-0x107f has been reserved
[    0.266595] system 00:02: ioport range 0x1180-0x11bf has been reserved
[    0.266687] system 00:02: ioport range 0x800-0x80f has been reserved
[    0.266778] system 00:02: ioport range 0x15e0-0x15ef has been reserved
[    0.266870] system 00:02: ioport range 0x1600-0x165f could not be reserved
[    0.266966] system 00:02: iomem range 0xf0000000-0xf3ffffff has been reserved
[    0.267060] system 00:02: iomem range 0xfed1c000-0xfed1ffff has been reserved
[    0.267155] system 00:02: iomem range 0xfed14000-0xfed17fff has been reserved
[    0.267247] system 00:02: iomem range 0xfed18000-0xfed18fff has been reserved
[    0.267342] system 00:02: iomem range 0xfed19000-0xfed19fff has been reserved
[    0.267431] system 00:02: iomem range 0xfed45000-0xfed4bfff has been reserved
[    0.302474] pci 0000:00:1c.0: PCI bridge, secondary bus 0000:02
[    0.302570] pci 0000:00:1c.0:   IO window: 0x2000-0x2fff
[    0.302666] pci 0000:00:1c.0:   MEM window: 0xfc000000-0xfdffffff
[    0.302767] pci 0000:00:1c.0:   PREFETCH window: 0x000000f8000000-0x000000f80fffff
[    0.302899] pci 0000:00:1c.1: PCI bridge, secondary bus 0000:03
[    0.302994] pci 0000:00:1c.1:   IO window: 0x3000-0x3fff
[    0.303084] pci 0000:00:1c.1:   MEM window: 0xdc000000-0xdf3fffff
[    0.303179] pci 0000:00:1c.1:   PREFETCH window: 0x000000dfe00000-0x000000dfefffff
[    0.303308] pci 0000:00:1c.2: PCI bridge, secondary bus 0000:04
[    0.303401] pci 0000:00:1c.2:   IO window: 0x4000-0x4fff
[    0.303498] pci 0000:00:1c.2:   MEM window: 0xd8000000-0xd9ffffff
[    0.303590] pci 0000:00:1c.2:   PREFETCH window: 0x000000dfb00000-0x000000dfbfffff
[    0.303719] pci 0000:00:1c.3: PCI bridge, secondary bus 0000:05
[    0.303810] pci 0000:00:1c.3:   IO window: 0x5000-0x5fff
[    0.303908] pci 0000:00:1c.3:   MEM window: 0xd4000000-0xd5ffffff
[    0.304003] pci 0000:00:1c.3:   PREFETCH window: 0x000000df800000-0x000000df8fffff
[    0.304135] pci 0000:00:1c.4: PCI bridge, secondary bus 0000:0d
[    0.304235] pci 0000:00:1c.4:   IO window: 0x6000-0x6fff
[    0.304327] pci 0000:00:1c.4:   MEM window: 0xd0000000-0xd1ffffff
[    0.304428] pci 0000:00:1c.4:   PREFETCH window: 0x000000df500000-0x000000df5fffff
[    0.304557] pci 0000:15:00.0: CardBus bridge, secondary bus 0000:16
[    0.304648] pci 0000:15:00.0:   IO window: 0x007000-0x0070ff
[    0.304741] pci 0000:15:00.0:   IO window: 0x007400-0x0074ff
[    0.304835] pci 0000:15:00.0:   PREFETCH window: 0xf4000000-0xf7ffffff
[    0.304934] pci 0000:15:00.0:   MEM window: 0x40000000-0x43ffffff
[    0.305027] pci 0000:00:1e.0: PCI bridge, secondary bus 0000:15
[    0.305122] pci 0000:00:1e.0:   IO window: 0x7000-0xafff
[    0.305219] pci 0000:00:1e.0:   MEM window: 0xf8300000-0xfbffffff
[    0.305312] pci 0000:00:1e.0:   PREFETCH window: 0x000000f4000000-0x000000f7ffffff
[    0.305454] pci 0000:00:1c.0: PCI INT A -> GSI 20 (level, low) -> IRQ 20
[    0.305551] pci 0000:00:1c.0: setting latency timer to 64
[    0.305564] pci 0000:00:1c.1: PCI INT B -> GSI 21 (level, low) -> IRQ 21
[    0.305659] pci 0000:00:1c.1: setting latency timer to 64
[    0.305668] pci 0000:00:1c.2: PCI INT C -> GSI 22 (level, low) -> IRQ 22
[    0.305761] pci 0000:00:1c.2: setting latency timer to 64
[    0.305774] pci 0000:00:1c.3: PCI INT D -> GSI 23 (level, low) -> IRQ 23
[    0.305879] pci 0000:00:1c.3: setting latency timer to 64
[    0.305892] pci 0000:00:1c.4: PCI INT A -> GSI 20 (level, low) -> IRQ 20
[    0.305990] pci 0000:00:1c.4: setting latency timer to 64
[    0.305997] pci 0000:00:1e.0: enabling device (0005 -> 0007)
[    0.306091] pci 0000:00:1e.0: setting latency timer to 64
[    0.306106] pci 0000:15:00.0: PCI INT A -> GSI 16 (level, low) -> IRQ 16
[    0.306205] pci 0000:15:00.0: setting latency timer to 64
[    0.306211] pci_bus 0000:00: resource 0 io:  [0x00-0xffff]
[    0.306213] pci_bus 0000:00: resource 1 mem: [0x000000-0xffffffff]
[    0.306215] pci_bus 0000:02: resource 0 io:  [0x2000-0x2fff]
[    0.306217] pci_bus 0000:02: resource 1 mem: [0xfc000000-0xfdffffff]
[    0.306219] pci_bus 0000:02: resource 2 pref mem [0xf8000000-0xf80fffff]
[    0.306220] pci_bus 0000:03: resource 0 io:  [0x3000-0x3fff]
[    0.306222] pci_bus 0000:03: resource 1 mem: [0xdc000000-0xdf3fffff]
[    0.306224] pci_bus 0000:03: resource 2 pref mem [0xdfe00000-0xdfefffff]
[    0.306226] pci_bus 0000:04: resource 0 io:  [0x4000-0x4fff]
[    0.306228] pci_bus 0000:04: resource 1 mem: [0xd8000000-0xd9ffffff]
[    0.306230] pci_bus 0000:04: resource 2 pref mem [0xdfb00000-0xdfbfffff]
[    0.306232] pci_bus 0000:05: resource 0 io:  [0x5000-0x5fff]
[    0.306233] pci_bus 0000:05: resource 1 mem: [0xd4000000-0xd5ffffff]
[    0.306235] pci_bus 0000:05: resource 2 pref mem [0xdf800000-0xdf8fffff]
[    0.306237] pci_bus 0000:0d: resource 0 io:  [0x6000-0x6fff]
[    0.306239] pci_bus 0000:0d: resource 1 mem: [0xd0000000-0xd1ffffff]
[    0.306241] pci_bus 0000:0d: resource 2 pref mem [0xdf500000-0xdf5fffff]
[    0.306243] pci_bus 0000:15: resource 0 io:  [0x7000-0xafff]
[    0.306245] pci_bus 0000:15: resource 1 mem: [0xf8300000-0xfbffffff]
[    0.306246] pci_bus 0000:15: resource 2 pref mem [0xf4000000-0xf7ffffff]
[    0.306248] pci_bus 0000:15: resource 3 io:  [0x00-0xffff]
[    0.306250] pci_bus 0000:15: resource 4 mem: [0x000000-0xffffffff]
[    0.306252] pci_bus 0000:16: resource 0 io:  [0x7000-0x70ff]
[    0.306254] pci_bus 0000:16: resource 1 io:  [0x7400-0x74ff]
[    0.306256] pci_bus 0000:16: resource 2 pref mem [0xf4000000-0xf7ffffff]
[    0.306257] pci_bus 0000:16: resource 3 mem: [0x40000000-0x43ffffff]
[    0.306265] NET: Registered protocol family 2
[    0.306357] RANDOM - __random32 called. Change num 7.  Value: 437d97bf	f373de51	f3b0f986
[    0.306358] RANDOM - random32 called.  Value: 437d97bf	f373de51	f3b0f986
[    0.306363] random 0000 0000 0000 5f8db4e5 4cfdf2a8: rand_read_num 3 get_random_bytes(4): sig fffffb64 5f8db4e5 4cfdf2a8
[    0.306365] random 0000 0000 0000 5f8db4e5 4cfdf2a8: extract_entropy(.. 4 ..)
[    0.306368] random 0000 0000 0000 5f8db4e5 4cfdf2a8: going to reseed nonblocking with 64 bits (32 of 0 requested)
[    0.306370] random 0000 0000 0000 5f8db4e5 4cfdf2a8: extract_entropy(.. 8 ..)
[    0.306372] random 0000 0000 0000 5f8db4e5 4cfdf2a8: trying to extract 64 bits from input
[    0.306374] random 0000 0000 0000 5f8db4e5 4cfdf2a8: debiting 0 entropy credits from input
[    0.306376] random 0000 0000 0000 5f8db4e5 4cfdf2a8: extract_entropy account returned: 0 
[    0.306379] random 0000 0000 0000 5f8db4e5 4cfdf2a8: urand_change_num 5 xfer_secondary_pool(4): pool_sig fffffb64, data_sig 00000000, bytes_mixed 0 5f8db4e5 4cfdf2a8
[    0.306382] random 0000 0000 0000 5f8db4e5 4cfdf2a8: trying to extract 32 bits from nonblocking
[    0.306384] random 0000 0000 0000 5f8db4e5 4cfdf2a8: debiting 32 entropy credits from nonblocking (unlimited)
[    0.306386] random 0000 0000 0000 5f8db4e5 4cfdf2a8: extract_entropy account returned: 4 
[    0.306390] random 0000 0000 0000 5f8db4e5 4cfdf2a8: urand_change_num 6 extract_buf: pool_sig fffffb64, data_sig 00000241, bytes_mixed 20 5f8db4e5 4cfdf2a8
[    0.306399] IP route cache hash table entries: 32768 (order: 5, 131072 bytes)
[    0.306531] RANDOM - __random32 called. Change num 8.  Value: d97bfe31	373de51f	f30dc6e6
[    0.306533] RANDOM - random32 called.  Value: d97bfe31	373de51f	f30dc6e6
[    0.306543] RANDOM - __random32 called. Change num 9.  Value: bfe314d7	73de51f5	8dcd6c7e
[    0.306545] RANDOM - random32 called.  Value: bfe314d7	73de51f5	8dcd6c7e
[    0.306547] RANDOM - __random32 called. Change num 10.  Value: 314d7baf	3de51f5e	d8fc74c1
[    0.306549] RANDOM - random32 called.  Value: 314d7baf	3de51f5e	d8fc74c1
[    0.306559] RANDOM - __random32 called. Change num 11.  Value: d7baf3c7	de51f5e5	e983e3fa
[    0.306560] RANDOM - random32 called.  Value: d7baf3c7	de51f5e5	e983e3fa
[    0.306570] TCP established hash table entries: 131072 (order: 8, 1048576 bytes)
[    0.307063] TCP bind hash table entries: 65536 (order: 6, 262144 bytes)
[    0.307252] TCP: Hash tables configured (established 131072 bind 65536)
[    0.307345] TCP reno registered
[    0.307450] NET: Registered protocol family 1
[    0.307568] RPC: Registered udp transport module.
[    0.307660] RPC: Registered tcp transport module.
[    0.307747] RPC: Registered tcp NFSv4.1 backchannel transport module.
[    0.307844] pci 0000:00:02.0: Boot video device
[    0.308088] Simple Boot Flag at 0x35 set to 0x1
[    0.308602] highmem bounce pool size: 64 pages
[    0.310188] VFS: Disk quotas dquot_6.5.2
[    0.310317] Dquot-cache hash table entries: 1024 (order 0, 4096 bytes)
[    0.310992] NTFS driver 2.1.29 [Flags: R/W].
[    0.311153] ROMFS MTD (C) 2007 Red Hat, Inc.
[    0.311361] JFS: nTxBlock = 7695, nTxLock = 61562
[    0.313818] SGI XFS with ACLs, security attributes, large block/inode numbers, no debug enabled
[    0.314320] SGI XFS Quota Management subsystem
[    0.314611] Slow work thread pool: Starting up
[    0.314715] Slow work thread pool: Ready
[    0.314809] GFS2 (built May 24 2013 02:47:17) installed
[    0.314913] msgmni has been set to 1734
[    0.315079] alg: No test for cipher_null (cipher_null-generic)
[    0.315179] alg: No test for ecb(cipher_null) (ecb-cipher_null)
[    0.315278] alg: No test for digest_null (digest_null-generic)
[    0.315379] alg: No test for compress_null (compress_null-generic)
[    0.315943] alg: No test for fcrypt (fcrypt-generic)
[    0.317357] alg: No test for stdrng (krng)
[    0.317450] async_tx: api initialized (async)
[    0.317609] Block layer SCSI generic (bsg) driver version 0.4 loaded (major 254)
[    0.317731] io scheduler noop registered
[    0.317822] io scheduler anticipatory registered
[    0.317923] io scheduler deadline registered
[    0.318061] io scheduler cfq registered (default)
[    0.318310] pcieport 0000:00:1c.0: irq 24 for MSI/MSI-X
[    0.318323] pcieport 0000:00:1c.0: setting latency timer to 64
[    0.318504] pcieport 0000:00:1c.1: irq 25 for MSI/MSI-X
[    0.318516] pcieport 0000:00:1c.1: setting latency timer to 64
[    0.318690] pcieport 0000:00:1c.2: irq 26 for MSI/MSI-X
[    0.318701] pcieport 0000:00:1c.2: setting latency timer to 64
[    0.318895] pcieport 0000:00:1c.3: irq 27 for MSI/MSI-X
[    0.318907] pcieport 0000:00:1c.3: setting latency timer to 64
[    0.319084] pcieport 0000:00:1c.4: irq 28 for MSI/MSI-X
[    0.319095] pcieport 0000:00:1c.4: setting latency timer to 64
[    0.319240] pci_hotplug: PCI Hot Plug PCI Core version: 0.5
[    0.319435] isapnp: Scanning for PnP cards...
[    0.679957] isapnp: No Plug & Play device found
[    0.680044] random 0000 0000 0000 5f8db4e5 4cfdf2a8: initializing
[    0.680046] RANDOM init_std_data for input now value: 1370014471680046242
[    0.680048] RANDOM init_std_data for blocking now value: 1370014471680048232
[    0.680050] RANDOM init_std_data for nonblocking now value: 1370014471680049962
[    0.699631] Serial: 8250/16550 driver, 4 ports, IRQ sharing enabled
[    3.710808] floppy0: no floppy controllers found
[    3.711753] brd: module loaded
[    3.712255] loop: module loaded
[    3.712342] Compaq SMART2 Driver (v 2.6.0)
[    3.712466] HP CISS Driver (v 3.6.20)
[    3.712707] input: Macintosh mouse button emulation as /devices/virtual/input/input0
[    3.712848] Uniform Multi-Platform E-IDE driver
[    3.713078] piix 0000:00:1f.1: IDE controller (0x8086:0x2850 rev 0x03)
[    3.713178] pci 0000:00:1f.1: PCI INT C -> GSI 16 (level, low) -> IRQ 16
[    3.713281] piix 0000:00:1f.1: IDE port disabled
[    3.713382] piix 0000:00:1f.1: not 100% native mode: will probe irqs later
[    3.713488]     ide0: BM-DMA at 0x1c00-0x1c07
[    3.713588] Probing IDE interface ide0...
[    4.385017] hda: HL-DT-ST DVDRAM GSA-U10N, ATAPI CD/DVD-ROM drive
[    4.691822] hda: host max PIO4 wanted PIO255(auto-tune) selected PIO4
[    4.692589] hda: UDMA/33 mode selected
[    4.693062] ide0 at 0x1f0-0x1f7,0x3f6 on irq 14
[    4.696975] ide-gd driver 1.18
[    4.697081] ide-cd driver 5.00
[    4.698467] random 0000 0000 0000 00000000 00000000: add_disk_randomness(0:0) 00000000 00000000
[    4.698471] random 0000 0000 0000 00000000 00000000: add_timer_randomness(.. 256) with jiffies: 15948094635343838842, cycles: -2498649442660384759
[    4.698474] random 0000 0000 0000 00000000 00000000: added 11 entropy credits to input
[    4.698477] ide-cd: hda: ATAPI 24X DVD-ROM DVD-R/RAM CD-R/RW drive, 2048kB Cache
[    4.698942] Uniform CD-ROM driver Revision: 3.20
[    4.701708] random 0011 0000 0000 00000000 00000000: add_disk_randomness(0:0) 00000000 00000000
[    4.701711] random 0011 0000 0000 00000000 00000000: add_timer_randomness(.. 256) with jiffies: 15977254680144871037, cycles: -2469489397859352567
[    4.701714] random 0011 0000 0000 00000000 00000000: added 1 entropy credits to input
[    4.701717] random 0012 0000 0000 00000000 00000000: add_disk_randomness(0:0) 00000000 00000000
[    4.701719] random 0012 0000 0000 00000000 00000000: add_timer_randomness(.. 256) with jiffies: 15977332565081816701, cycles: -2469411512922406903
[    4.703703] random 0012 0000 0000 00000000 00000000: add_disk_randomness(0:0) 00000000 00000000
[    4.703706] random 0012 0000 0000 00000000 00000000: add_timer_randomness(.. 256) with jiffies: 15995203438669168255, cycles: -2451540639335055351
[    4.703709] random 0012 0000 0000 00000000 00000000: added 1 entropy credits to input
[    4.703712] random 0013 0000 0000 00000000 00000000: add_disk_randomness(0:0) 00000000 00000000
[    4.703714] random 0013 0000 0000 00000000 00000000: add_timer_randomness(.. 256) with jiffies: 15995279382280896127, cycles: -2451464695723327479
[    4.705705] random 0013 0000 0000 00000000 00000000: add_disk_randomness(0:0) 00000000 00000000
[    4.705708] random 0013 0000 0000 00000000 00000000: add_timer_randomness(.. 256) with jiffies: 16013213348937825921, cycles: -2433530729066397687
[    4.705710] random 0013 0000 0000 00000000 00000000: added 1 entropy credits to input
[    4.705713] random 0014 0000 0000 00000000 00000000: add_disk_randomness(0:0) 00000000 00000000
[    4.705716] random 0014 0000 0000 00000000 00000000: add_timer_randomness(.. 256) with jiffies: 16013288077073809025, cycles: -2433456000930414583
[    4.705995] Loading iSCSI transport class v2.0-870.
[    4.706277] rdac: device handler registered
[    4.706368] hp_sw: device handler registered
[    4.706456] emc: device handler registered
[    4.706541] alua: device handler registered
[    4.707531] Adaptec aacraid driver 1.1-5[2461]-ms
[    4.707954] scsi: <fdomain> Detection failed (no card)
[    4.708049] sym53c416.c: Version 1.0.0-ac
[    4.708157] qlogicfas: no cards were found, please specify I/O address and IRQ using iobase= and irq= options
[    4.708285] QLogic Fibre Channel HBA Driver: 8.03.01-k6
[    4.708506] iscsi: registered transport (qla4xxx)
[    4.708617] QLogic iSCSI HBA Driver
[    4.708711] Emulex LightPulse Fibre Channel SCSI driver 8.3.4
[    4.708809] Copyright(c) 2004-2009 Emulex.  All rights reserved.
[    4.730809] Failed initialization of WD-7000 SCSI card!
[    4.820062] DC390: clustering now enabled by default. If you get problems load
[    4.820186]        with "disable_clustering=1" and report to maintainers
[    4.820322] megaraid cmm: 2.20.2.7 (Release Date: Sun Jul 16 00:01:03 EST 2006)
[    4.820475] megaraid: 2.20.5.1 (Release Date: Thu Nov 16 15:32:35 EST 2006)
[    4.820588] megasas: 00.00.04.01 Thu July 24 11:41:51 PST 2008
[    4.820721] GDT-HA: Storage RAID Controller Driver. Version: 3.05
[    4.820873] 3ware Storage Controller device driver for Linux v1.26.02.002.
[    4.820989] 3ware 9000 Storage Controller device driver for Linux v2.26.02.012.
[    4.821136] nsp32: loading...
[    4.821241] ipr: IBM Power RAID SCSI Device Driver version: 2.4.3 (June 10, 2009)
[    4.821386] RocketRAID 3xxx/4xxx Controller driver v1.6 (090910)
[    4.821496] stex: Promise SuperTrak EX Driver version: 4.6.0000.3
[    4.821630] st: Version 20081215, fixed bufsize 32768, s/g segs 256
[    4.821831] ahci 0000:00:1f.2: version 3.0
[    4.821844] ahci 0000:00:1f.2: PCI INT B -> GSI 16 (level, low) -> IRQ 16
[    4.821974] ahci 0000:00:1f.2: irq 29 for MSI/MSI-X
[    4.822034] ahci 0000:00:1f.2: AHCI 0001.0100 32 slots 3 ports 1.5 Gbps 0x5 impl SATA mode
[    4.822158] ahci 0000:00:1f.2: flags: 64bit ncq sntf pm led clo pio slum part ccc 
[    4.822290] ahci 0000:00:1f.2: setting latency timer to 64
[    4.822432] scsi2 : ahci
[    4.822593] scsi3 : ahci
[    4.822731] scsi4 : ahci
[    4.822914] ata1: SATA max UDMA/133 abar m2048@0xfe226000 port 0xfe226100 irq 29
[    4.823038] ata2: DUMMY
[    4.823129] ata3: SATA max UDMA/133 abar m2048@0xfe226000 port 0xfe226200 irq 29
[    4.823735] I2O subsystem v1.325
[    4.823834] i2o: max drivers = 8
[    4.823980] I2O Configuration OSM v1.323
[    4.824088] I2O Bus Adapter OSM v1.317
[    4.824199] I2O Block Device OSM v1.325
[    4.824350] I2O SCSI Peripheral OSM v1.316
[    4.824453] I2O ProcFS OSM v1.316
[    4.824562] Fusion MPT base driver 3.04.12
[    4.824649] Copyright (c) 1999-2008 LSI Corporation
[    4.824740] Fusion MPT SPI Host driver 3.04.12
[    4.824899] Fusion MPT FC Host driver 3.04.12
[    4.825013] Fusion MPT SAS Host driver 3.04.12
[    4.825165] ohci1394 0000:15:00.1: PCI INT B -> GSI 17 (level, low) -> IRQ 17
[    4.825263] ohci1394 0000:15:00.1: setting latency timer to 64
[    4.878829] ohci1394: fw-host0: OHCI-1394 1.1 (PCI): IRQ=[17]  MMIO=[f8301000-f83017ff]  Max Packet=[2048]  IR/IT contexts=[4/4]
[    4.882098] ehci_hcd: USB 2.0 'Enhanced' Host Controller (EHCI) Driver
[    4.882371] ehci_hcd 0000:00:1a.7: power state changed by ACPI to D0
[    4.882623] ehci_hcd 0000:00:1a.7: power state changed by ACPI to D0
[    4.882721] ehci_hcd 0000:00:1a.7: PCI INT C -> GSI 22 (level, low) -> IRQ 22
[    4.882827] ehci_hcd 0000:00:1a.7: setting latency timer to 64
[    4.882830] ehci_hcd 0000:00:1a.7: EHCI Host Controller
[    4.882965] ehci_hcd 0000:00:1a.7: new USB bus registered, assigned bus number 1
[    4.887010] ehci_hcd 0000:00:1a.7: cache line size of 32 is not supported
[    4.887018] ehci_hcd 0000:00:1a.7: irq 22, io mem 0xfe226c00
[    4.896788] ehci_hcd 0000:00:1a.7: USB 2.0 started, EHCI 1.00
[    4.896891] usb usb1: New USB device found, idVendor=1d6b, idProduct=0002
[    4.896985] usb usb1: New USB device strings: Mfr=3, Product=2, SerialNumber=1
[    4.897107] usb usb1: Product: EHCI Host Controller
[    4.897194] usb usb1: Manufacturer: Linux 2.6.32.57 ehci_hcd
[    4.897284] usb usb1: SerialNumber: 0000:00:1a.7
[    4.897432] usb usb1: configuration #1 chosen from 1 choice
[    4.897555] hub 1-0:1.0: USB hub found
[    4.897646] hub 1-0:1.0: 4 ports detected
[    4.897952] ehci_hcd 0000:00:1d.7: power state changed by ACPI to D0
[    4.898222] ehci_hcd 0000:00:1d.7: power state changed by ACPI to D0
[    4.898323] ehci_hcd 0000:00:1d.7: PCI INT D -> GSI 19 (level, low) -> IRQ 19
[    4.898431] ehci_hcd 0000:00:1d.7: setting latency timer to 64
[    4.898436] ehci_hcd 0000:00:1d.7: EHCI Host Controller
[    4.898565] ehci_hcd 0000:00:1d.7: new USB bus registered, assigned bus number 2
[    4.898720] ehci_hcd 0000:00:1d.7: debug port 1
[    4.902697] ehci_hcd 0000:00:1d.7: cache line size of 32 is not supported
[    4.902704] ehci_hcd 0000:00:1d.7: irq 19, io mem 0xfe227000
[    4.912788] ehci_hcd 0000:00:1d.7: USB 2.0 started, EHCI 1.00
[    4.912885] usb usb2: New USB device found, idVendor=1d6b, idProduct=0002
[    4.912980] usb usb2: New USB device strings: Mfr=3, Product=2, SerialNumber=1
[    4.913103] usb usb2: Product: EHCI Host Controller
[    4.913192] usb usb2: Manufacturer: Linux 2.6.32.57 ehci_hcd
[    4.913282] usb usb2: SerialNumber: 0000:00:1d.7
[    4.913421] usb usb2: configuration #1 chosen from 1 choice
[    4.913542] hub 2-0:1.0: USB hub found
[    4.913629] hub 2-0:1.0: 6 ports detected
[    4.913815] 116x: driver isp116x-hcd, 03 Nov 2005
[    4.913919] ohci_hcd: USB 1.1 'Open' Host Controller (OHCI) Driver
[    4.914035] uhci_hcd: USB Universal Host Controller Interface driver
[    4.914143] uhci_hcd 0000:00:1a.0: PCI INT A -> GSI 20 (level, low) -> IRQ 20
[    4.914238] uhci_hcd 0000:00:1a.0: setting latency timer to 64
[    4.914241] uhci_hcd 0000:00:1a.0: UHCI Host Controller
[    4.914372] uhci_hcd 0000:00:1a.0: new USB bus registered, assigned bus number 3
[    4.914523] uhci_hcd 0000:00:1a.0: irq 20, io base 0x00001860
[    4.914639] usb usb3: New USB device found, idVendor=1d6b, idProduct=0001
[    4.914732] usb usb3: New USB device strings: Mfr=3, Product=2, SerialNumber=1
[    4.914858] usb usb3: Product: UHCI Host Controller
[    4.914948] usb usb3: Manufacturer: Linux 2.6.32.57 uhci_hcd
[    4.915040] usb usb3: SerialNumber: 0000:00:1a.0
[    4.915176] usb usb3: configuration #1 chosen from 1 choice
[    4.915293] hub 3-0:1.0: USB hub found
[    4.915384] hub 3-0:1.0: 2 ports detected
[    4.915712] uhci_hcd 0000:00:1a.1: power state changed by ACPI to D0
[    4.915958] uhci_hcd 0000:00:1a.1: power state changed by ACPI to D0
[    4.916053] uhci_hcd 0000:00:1a.1: PCI INT B -> GSI 21 (level, low) -> IRQ 21
[    4.916149] uhci_hcd 0000:00:1a.1: setting latency timer to 64
[    4.916152] uhci_hcd 0000:00:1a.1: UHCI Host Controller
[    4.916282] uhci_hcd 0000:00:1a.1: new USB bus registered, assigned bus number 4
[    4.916436] uhci_hcd 0000:00:1a.1: irq 21, io base 0x00001880
[    4.916553] usb usb4: New USB device found, idVendor=1d6b, idProduct=0001
[    4.916643] usb usb4: New USB device strings: Mfr=3, Product=2, SerialNumber=1
[    4.916768] usb usb4: Product: UHCI Host Controller
[    4.916865] usb usb4: Manufacturer: Linux 2.6.32.57 uhci_hcd
[    4.916956] usb usb4: SerialNumber: 0000:00:1a.1
[    4.917092] usb usb4: configuration #1 chosen from 1 choice
[    4.917208] hub 4-0:1.0: USB hub found
[    4.917299] hub 4-0:1.0: 2 ports detected
[    4.917587] uhci_hcd 0000:00:1d.0: power state changed by ACPI to D0
[    4.917837] uhci_hcd 0000:00:1d.0: power state changed by ACPI to D0
[    4.917935] uhci_hcd 0000:00:1d.0: PCI INT A -> GSI 16 (level, low) -> IRQ 16
[    4.918029] uhci_hcd 0000:00:1d.0: setting latency timer to 64
[    4.918034] uhci_hcd 0000:00:1d.0: UHCI Host Controller
[    4.918164] uhci_hcd 0000:00:1d.0: new USB bus registered, assigned bus number 5
[    4.918312] uhci_hcd 0000:00:1d.0: irq 16, io base 0x000018a0
[    4.918430] usb usb5: New USB device found, idVendor=1d6b, idProduct=0001
[    4.918522] usb usb5: New USB device strings: Mfr=3, Product=2, SerialNumber=1
[    4.918645] usb usb5: Product: UHCI Host Controller
[    4.918731] usb usb5: Manufacturer: Linux 2.6.32.57 uhci_hcd
[    4.918829] usb usb5: SerialNumber: 0000:00:1d.0
[    4.918965] usb usb5: configuration #1 chosen from 1 choice
[    4.919083] hub 5-0:1.0: USB hub found
[    4.919174] hub 5-0:1.0: 2 ports detected
[    4.919317] uhci_hcd 0000:00:1d.1: PCI INT B -> GSI 17 (level, low) -> IRQ 17
[    4.919416] uhci_hcd 0000:00:1d.1: setting latency timer to 64
[    4.919421] uhci_hcd 0000:00:1d.1: UHCI Host Controller
[    4.919548] uhci_hcd 0000:00:1d.1: new USB bus registered, assigned bus number 6
[    4.919690] uhci_hcd 0000:00:1d.1: irq 17, io base 0x000018c0
[    4.919810] usb usb6: New USB device found, idVendor=1d6b, idProduct=0001
[    4.919901] usb usb6: New USB device strings: Mfr=3, Product=2, SerialNumber=1
[    4.920027] usb usb6: Product: UHCI Host Controller
[    4.920114] usb usb6: Manufacturer: Linux 2.6.32.57 uhci_hcd
[    4.920203] usb usb6: SerialNumber: 0000:00:1d.1
[    4.920337] usb usb6: configuration #1 chosen from 1 choice
[    4.920454] hub 6-0:1.0: USB hub found
[    4.920543] hub 6-0:1.0: 2 ports detected
[    4.920858] uhci_hcd 0000:00:1d.2: power state changed by ACPI to D0
[    4.921103] uhci_hcd 0000:00:1d.2: power state changed by ACPI to D0
[    4.921202] uhci_hcd 0000:00:1d.2: PCI INT C -> GSI 18 (level, low) -> IRQ 18
[    4.921308] uhci_hcd 0000:00:1d.2: setting latency timer to 64
[    4.921313] uhci_hcd 0000:00:1d.2: UHCI Host Controller
[    4.921443] uhci_hcd 0000:00:1d.2: new USB bus registered, assigned bus number 7
[    4.921592] uhci_hcd 0000:00:1d.2: irq 18, io base 0x000018e0
[    4.921705] usb usb7: New USB device found, idVendor=1d6b, idProduct=0001
[    4.921804] usb usb7: New USB device strings: Mfr=3, Product=2, SerialNumber=1
[    4.921924] usb usb7: Product: UHCI Host Controller
[    4.922012] usb usb7: Manufacturer: Linux 2.6.32.57 uhci_hcd
[    4.922102] usb usb7: SerialNumber: 0000:00:1d.2
[    4.922894] usb usb7: configuration #1 chosen from 1 choice
[    4.923011] hub 7-0:1.0: USB hub found
[    4.923104] hub 7-0:1.0: 2 ports detected
[    4.923264] sl811: driver sl811-hcd, 19 May 2005
[    4.923369] r8a66597_hcd: driver r8a66597_hcd, 2009-05-26
[    4.923537] Initializing USB Mass Storage driver...
[    4.923665] usbcore: registered new interface driver usb-storage
[    4.923755] USB Mass Storage support registered.
[    4.923867] usbcore: registered new interface driver ums-alauda
[    4.923974] usbcore: registered new interface driver ums-cypress
[    4.924079] usbcore: registered new interface driver ums-datafab
[    4.924190] usbcore: registered new interface driver ums-freecom
[    4.924306] usbcore: registered new interface driver ums-isd200
[    4.924417] usbcore: registered new interface driver ums-jumpshot
[    4.924525] usbcore: registered new interface driver ums-karma
[    4.924634] usbcore: registered new interface driver ums-onetouch
[    4.924744] usbcore: registered new interface driver ums-sddr09
[    4.924865] usbcore: registered new interface driver ums-sddr55
[    4.924972] usbcore: registered new interface driver ums-usbat
[    4.925119] PNP: PS/2 Controller [PNP0303:KBD,PNP0f13:MOU] at 0x60,0x64 irq 1,12
[    4.933758] serio: i8042 KBD port at 0x60,0x64 irq 1
[    4.933852] serio: i8042 AUX port at 0x60,0x64 irq 12
[    4.934096] mice: PS/2 mouse device common for all mice
[    4.934206] i2c /dev entries driver
[    4.934338] md: linear personality registered for level -1
[    4.934428] md: raid0 personality registered for level 0
[    4.934516] md: raid1 personality registered for level 1
[    4.934606] md: raid10 personality registered for level 10
[    4.934702] md: raid6 personality registered for level 6
[    4.934806] md: raid5 personality registered for level 5
[    4.934896] md: raid4 personality registered for level 4
[    4.934983] md: multipath personality registered for level -4
[    4.935189] device-mapper: ioctl: 4.15.0-ioctl (2009-04-01) initialised: dm-devel@redhat.com
[    4.935387] cpuidle: using governor ladder
[    4.936012] usbcore: registered new interface driver usbhid
[    4.936102] usbhid: v2.6:USB HID core driver
[    4.936244] random 0014 0000 0000 00000000 00000000: rand_read_num 4 get_random_bytes(136): sig 00000000 00000000 00000000
[    4.936247] random 0014 0000 0000 00000000 00000000: extract_entropy(.. 136 ..)
[    4.936250] random 0014 0000 0000 00000000 00000000: going to reseed nonblocking with 1024 bits (1088 of 0 requested)
[    4.936252] random 0014 0000 0000 00000000 00000000: extract_entropy(.. 128 ..)
[    4.936254] random 0014 0000 0000 00000000 00000000: trying to extract 1024 bits from input
[    4.936256] random 0014 0000 0000 00000000 00000000: debiting 0 entropy credits from input
[    4.936258] random 0014 0000 0000 00000000 00000000: extract_entropy account returned: 0 
[    4.936261] random 0014 0000 0000 00000000 00000000: urand_change_num 7 xfer_secondary_pool(136): pool_sig 00000000, data_sig 00000000, bytes_mixed 0 00000000 00000000
[    4.936264] random 0014 0000 0000 00000000 00000000: trying to extract 1088 bits from nonblocking
[    4.936267] random 0014 0000 0000 00000000 00000000: debiting 1088 entropy credits from nonblocking (unlimited)
[    4.936269] random 0014 0000 0000 00000000 00000000: extract_entropy account returned: 136 
[    4.936273] random 0014 0000 0000 00000000 00000000: urand_change_num 8 extract_buf: pool_sig 00000000, data_sig fffffff9, bytes_mixed 20 00000000 00000000
[    4.936279] random 0014 0000 0000 b7c35b56 be4dc95d: urand_change_num 9 extract_buf: pool_sig fffffd1e, data_sig 000000c5, bytes_mixed 20 b7c35b56 be4dc95d
[    4.936284] random 0014 0000 0000 ed9f5c47 c48487fb: urand_change_num 10 extract_buf: pool_sig fffff8ec, data_sig ffffff68, bytes_mixed 20 ed9f5c47 c48487fb
[    4.936289] random 0014 0000 0000 ed9f5c47 c48487fb: urand_change_num 11 extract_buf: pool_sig fffffaed, data_sig 000001aa, bytes_mixed 20 ed9f5c47 c48487fb
[    4.936295] random 0014 0000 0000 1b4f7c0a 91bd6a48: urand_change_num 12 extract_buf: pool_sig fffffdd8, data_sig 00000064, bytes_mixed 20 1b4f7c0a 91bd6a48
[    4.936300] random 0014 0000 0000 a254b9bc 20e9a24f: urand_change_num 13 extract_buf: pool_sig fffffbe6, data_sig 000001dd, bytes_mixed 20 a254b9bc 20e9a24f
[    4.936305] random 0014 0000 0000 a254b9bc 20e9a24f: urand_change_num 14 extract_buf: pool_sig fffff940, data_sig fffffe20, bytes_mixed 20 a254b9bc 20e9a24f
[    4.936310] random 0014 0000 0000 2831a66b 5fa2a3ad: urand_change_num 15 extract_buf: pool_sig fffffbce, data_sig 0000007e, bytes_mixed 20 2831a66b 5fa2a3ad
[    4.936315] random 0014 0000 0000 2831a66b 5fa2a3ad: urand_change_num 16 extract_buf: pool_sig 000004df, data_sig fffffe8f, bytes_mixed 20 2831a66b 5fa2a3ad
[    4.936321] random 0014 0000 0000 d4512bfd c9a54e0b: urand_change_num 17 extract_buf: pool_sig 00000485, data_sig fffffe68, bytes_mixed 20 d4512bfd c9a54e0b
[    4.936326] random 0014 0000 0000 c7371be6 f9ffea11: urand_change_num 18 extract_buf: pool_sig 00000095, data_sig ffffffed, bytes_mixed 20 c7371be6 f9ffea11
[    4.936331] random 0014 0000 0000 c7371be6 f9ffea11: urand_change_num 19 extract_buf: pool_sig 000003a7, data_sig fffffefa, bytes_mixed 20 c7371be6 f9ffea11
[    4.936336] random 0014 0000 0000 8fb4b62c d1ddba54: urand_change_num 20 extract_buf: pool_sig 00000179, data_sig ffffff78, bytes_mixed 20 8fb4b62c d1ddba54
[    4.936342] random 0014 0000 0000 9ff19f9c c07a1d2a: urand_change_num 21 extract_buf: pool_sig fffffe88, data_sig 00000126, bytes_mixed 20 9ff19f9c c07a1d2a
[    4.936346] TCP cubic registered
[    4.936432] Initializing XFRM netlink socket
[    4.936527] NET: Registered protocol family 17
[    4.936626] Using IPI Shortcut mode
[    4.936715] random 0014 0000 0000 9ff19f9c c07a1d2a: rand_read_num 5 get_random_bytes(8): sig 0000031b 9ff19f9c c07a1d2a
[    4.936718] random 0014 0000 0000 9ff19f9c c07a1d2a: extract_entropy(.. 8 ..)
[    4.936720] random 0014 0000 0000 9ff19f9c c07a1d2a: going to reseed nonblocking with 64 bits (64 of 0 requested)
[    4.936722] random 0014 0000 0000 9ff19f9c c07a1d2a: extract_entropy(.. 8 ..)
[    4.936724] random 0014 0000 0000 9ff19f9c c07a1d2a: trying to extract 64 bits from input
[    4.936726] random 0014 0000 0000 9ff19f9c c07a1d2a: debiting 0 entropy credits from input
[    4.936728] random 0014 0000 0000 9ff19f9c c07a1d2a: extract_entropy account returned: 0 
[    4.936731] random 0014 0000 0000 9ff19f9c c07a1d2a: urand_change_num 22 xfer_secondary_pool(8): pool_sig 0000031b, data_sig 00000000, bytes_mixed 0 9ff19f9c c07a1d2a
[    4.936734] random 0014 0000 0000 9ff19f9c c07a1d2a: trying to extract 64 bits from nonblocking
[    4.936737] random 0014 0000 0000 9ff19f9c c07a1d2a: debiting 64 entropy credits from nonblocking (unlimited)
[    4.936739] random 0014 0000 0000 9ff19f9c c07a1d2a: extract_entropy account returned: 8 
[    4.936743] random 0014 0000 0000 9ff19f9c c07a1d2a: urand_change_num 23 extract_buf: pool_sig 0000031b, data_sig ffffffb3, bytes_mixed 20 9ff19f9c c07a1d2a
[    4.938899] input: AT Translated Set 2 keyboard as /devices/platform/i8042/serio0/input/input1
[    5.128795] ata3: SATA link down (SStatus 0 SControl 300)
[    5.128908] ata1: SATA link up 1.5 Gbps (SStatus 113 SControl 300)
[    5.130675] ata1.00: ACPI cmd ef/02:00:00:00:00:a0 (SET FEATURES) succeeded
[    5.130678] ata1.00: ACPI cmd f5/00:00:00:00:00:a0 (SECURITY FREEZE LOCK) filtered out
[    5.132073] ata1.00: ACPI cmd ef/5f:00:00:00:00:a0 (SET FEATURES) succeeded
[    5.132076] ata1.00: ACPI cmd ef/10:03:00:00:00:a0 (SET FEATURES) filtered out
[    5.133983] ata1.00: ATA-7: ST910021AS, 4.06, max UDMA/100
[    5.134076] ata1.00: 195371568 sectors, multi 16: LBA48 
[    5.136222] ata1.00: ACPI cmd ef/02:00:00:00:00:a0 (SET FEATURES) succeeded
[    5.136224] ata1.00: ACPI cmd f5/00:00:00:00:00:a0 (SECURITY FREEZE LOCK) filtered out
[    5.137615] ata1.00: ACPI cmd ef/5f:00:00:00:00:a0 (SET FEATURES) succeeded
[    5.137617] ata1.00: ACPI cmd ef/10:03:00:00:00:a0 (SET FEATURES) filtered out
[    5.139540] ata1.00: configured for UDMA/100
[    5.149847] scsi 2:0:0:0: Direct-Access     ATA      ST910021AS       4.06 PQ: 0 ANSI: 5
[    5.150131] sd 2:0:0:0: [sda] 195371568 512-byte logical blocks: (100 GB/93.1 GiB)
[    5.150275] sd 2:0:0:0: [sda] Write Protect is off
[    5.150366] sd 2:0:0:0: [sda] Mode Sense: 00 3a 00 00
[    5.150378] sd 2:0:0:0: [sda] Write cache: enabled, read cache: enabled, doesn't support DPO or FUA
[    5.150567]  sda:
[    5.573028] random 0014 0000 0000 277f73c3 42024bb9: add_disk_randomness(8:0) 277f73c3 42024bb9
[    5.573116] random 0014 0000 0000 277f73c3 42024bb9: add_timer_randomness(.. 8388864) with jiffies: 5370086984162967949, cycles: 5370086979868295178
[    5.573119] random 0014 0000 0000 277f73c3 42024bb9: added 11 entropy credits to input
[    5.573124]  sda1 sda2
[    5.573596] random 0025 0000 0000 277f73c3 42024bb9: add_disk_randomness(8:0) 277f73c3 42024bb9
[    5.573599] random 0025 0000 0000 277f73c3 42024bb9: add_timer_randomness(.. 8388864) with jiffies: 5374436604917809549, cycles: 5374436600623136778
[    5.573752] sd 2:0:0:0: [sda] Attached SCSI disk
[    5.573851] random 0025 0000 0000 277f73c3 42024bb9: rand_read_num 6 get_random_bytes(12): sig 000007e9 277f73c3 42024bb9
[    5.573853] random 0025 0000 0000 277f73c3 42024bb9: extract_entropy(.. 12 ..)
[    5.573856] random 0025 0000 0000 277f73c3 42024bb9: going to reseed nonblocking with 96 bits (96 of 0 requested)
[    5.573858] random 0025 0000 0000 277f73c3 42024bb9: extract_entropy(.. 12 ..)
[    5.573860] random 0025 0000 0000 277f73c3 42024bb9: trying to extract 96 bits from input
[    5.573863] random 0025 0000 0000 277f73c3 42024bb9: debiting 0 entropy credits from input
[    5.573865] random 0025 0000 0000 277f73c3 42024bb9: extract_entropy account returned: 0 
[    5.573868] random 0025 0000 0000 277f73c3 42024bb9: urand_change_num 24 xfer_secondary_pool(12): pool_sig 000007e9, data_sig 00000000, bytes_mixed 0 277f73c3 42024bb9
[    5.573871] random 0025 0000 0000 277f73c3 42024bb9: trying to extract 96 bits from nonblocking
[    5.573873] random 0025 0000 0000 277f73c3 42024bb9: debiting 96 entropy credits from nonblocking (unlimited)
[    5.573875] random 0025 0000 0000 277f73c3 42024bb9: extract_entropy account returned: 12 
[    5.573880] random 0025 0000 0000 277f73c3 42024bb9: urand_change_num 25 extract_buf: pool_sig 000007e9, data_sig 00000088, bytes_mixed 20 277f73c3 42024bb9
[    5.573885] random 0025 0000 0000 277f73c3 42024bb9: urand_change_num 26 extract_buf: pool_sig 00000498, data_sig fffffefb, bytes_mixed 20 277f73c3 42024bb9
[    5.573888] RANDOM - __seed init called.
[    5.573889] RANDOM - __seed init called.
[    5.573890] RANDOM - __seed init called.
[    5.573891] RANDOM - __random32 called. Change num 12.  Value: 87f14767	f0d7351	b1e48bd3
[    5.573893] RANDOM - random32_reseed called.  Value: 87f14767	f0d7351	b1e48bd3
[    5.573896] Pid: 1, comm: swapper Not tainted 2.6.32.57 #6
[    5.573984] Call Trace:
[    5.574071]  [<c1923ca4>] ? random32_reseed+0xa0/0xb1
[    5.574164]  [<c1923c04>] ? random32_reseed+0x0/0xb1
[    5.574254]  [<c100111e>] ? do_one_initcall+0x2e/0x180
[    5.574346]  [<c1907265>] ? kernel_init+0xad/0x103
[    5.574435]  [<c19071b8>] ? kernel_init+0x0/0x103
[    5.574524]  [<c1003787>] ? kernel_thread_helper+0x7/0x10
[    5.575070] random 0025 0000 0000 386b4e60 ee4d4880: rand_read_num 7 get_random_bytes(64): sig fffffea5 386b4e60 ee4d4880
[    5.575072] random 0025 0000 0000 386b4e60 ee4d4880: extract_entropy(.. 64 ..)
[    5.575075] random 0025 0000 0000 386b4e60 ee4d4880: going to reseed nonblocking with 512 bits (512 of 0 requested)
[    5.575077] random 0025 0000 0000 386b4e60 ee4d4880: extract_entropy(.. 64 ..)
[    5.575079] random 0025 0000 0000 386b4e60 ee4d4880: trying to extract 512 bits from input
[    5.575081] random 0025 0000 0000 386b4e60 ee4d4880: debiting 0 entropy credits from input
[    5.575083] random 0025 0000 0000 386b4e60 ee4d4880: extract_entropy account returned: 0 
[    5.575087] random 0025 0000 0000 386b4e60 ee4d4880: urand_change_num 27 xfer_secondary_pool(64): pool_sig fffffea5, data_sig 00000000, bytes_mixed 0 386b4e60 ee4d4880
[    5.575090] random 0025 0000 0000 386b4e60 ee4d4880: trying to extract 512 bits from nonblocking
[    5.575092] random 0025 0000 0000 386b4e60 ee4d4880: debiting 512 entropy credits from nonblocking (unlimited)
[    5.575094] random 0025 0000 0000 386b4e60 ee4d4880: extract_entropy account returned: 64 
[    5.575099] random 0025 0000 0000 386b4e60 ee4d4880: urand_change_num 28 extract_buf: pool_sig fffffea5, data_sig 00000173, bytes_mixed 20 386b4e60 ee4d4880
[    5.575104] random 0025 0000 0000 412698f6 0cc8689a: urand_change_num 29 extract_buf: pool_sig 00000122, data_sig ffffff63, bytes_mixed 20 412698f6 0cc8689a
[    5.575109] random 0025 0000 0000 412698f6 0cc8689a: urand_change_num 30 extract_buf: pool_sig 000001f7, data_sig 00000012, bytes_mixed 20 412698f6 0cc8689a
[    5.575115] random 0025 0000 0000 9669941e 06f768b1: urand_change_num 31 extract_buf: pool_sig fffffb5b, data_sig 0000003f, bytes_mixed 20 9669941e 06f768b1
[    5.575120] random 0025 0000 0000 98486520 995551f0: urand_change_num 32 extract_buf: pool_sig fffffb39, data_sig 0000000e, bytes_mixed 20 98486520 995551f0
[    5.575125] random 0025 0000 0000 98486520 995551f0: urand_change_num 33 extract_buf: pool_sig fffffd8d, data_sig 000001a6, bytes_mixed 20 98486520 995551f0
[    5.575130] random 0025 0000 0000 61fc8914 d5882ed2: urand_change_num 34 extract_buf: pool_sig fffffa58, data_sig 0000023e, bytes_mixed 20 61fc8914 d5882ed2
[    5.575161] random 0025 0000 0000 61fc8914 d5882ed2: rand_read_num 8 get_random_bytes(64): sig fffff9ee 61fc8914 d5882ed2
[    5.575164] random 0025 0000 0000 61fc8914 d5882ed2: extract_entropy(.. 64 ..)
[    5.575166] random 0025 0000 0000 61fc8914 d5882ed2: going to reseed nonblocking with 512 bits (512 of 0 requested)
[    5.575168] random 0025 0000 0000 61fc8914 d5882ed2: extract_entropy(.. 64 ..)
[    5.575170] random 0025 0000 0000 61fc8914 d5882ed2: trying to extract 512 bits from input
[    5.575173] random 0025 0000 0000 61fc8914 d5882ed2: debiting 0 entropy credits from input
[    5.575175] random 0025 0000 0000 61fc8914 d5882ed2: extract_entropy account returned: 0 
[    5.575178] random 0025 0000 0000 61fc8914 d5882ed2: urand_change_num 35 xfer_secondary_pool(64): pool_sig fffff9ee, data_sig 00000000, bytes_mixed 0 61fc8914 d5882ed2
[    5.575181] random 0025 0000 0000 61fc8914 d5882ed2: trying to extract 512 bits from nonblocking
[    5.575183] random 0025 0000 0000 61fc8914 d5882ed2: debiting 512 entropy credits from nonblocking (unlimited)
[    5.575185] random 0025 0000 0000 61fc8914 d5882ed2: extract_entropy account returned: 64 
[    5.575189] random 0025 0000 0000 61fc8914 d5882ed2: urand_change_num 36 extract_buf: pool_sig fffff9ee, data_sig ffffff85, bytes_mixed 20 61fc8914 d5882ed2
[    5.575195] random 0025 0000 0000 70cfd302 e5edec11: urand_change_num 37 extract_buf: pool_sig fffffdc1, data_sig ffffffde, bytes_mixed 20 70cfd302 e5edec11
[    5.575200] random 0025 0000 0000 00dab838 eafd2b30: urand_change_num 38 extract_buf: pool_sig 000003da, data_sig ffffff61, bytes_mixed 20 00dab838 eafd2b30
[    5.575205] random 0025 0000 0000 00dab838 eafd2b30: urand_change_num 39 extract_buf: pool_sig 00000314, data_sig 00000121, bytes_mixed 20 00dab838 eafd2b30
[    5.575211] random 0025 0000 0000 5fcdf66a 6442b608: urand_change_num 40 extract_buf: pool_sig 0000028b, data_sig fffffefd, bytes_mixed 20 5fcdf66a 6442b608
[    5.575216] random 0025 0000 0000 61333f6b 8fae0f9b: urand_change_num 41 extract_buf: pool_sig 000000cb, data_sig 000000b3, bytes_mixed 20 61333f6b 8fae0f9b
[    5.575221] random 0025 0000 0000 61333f6b 8fae0f9b: urand_change_num 42 extract_buf: pool_sig fffffef8, data_sig 00000051, bytes_mixed 20 61333f6b 8fae0f9b
[    5.575224] BEGIN NET_SECRET:
[    5.575225] \xffffffe0
[    5.575226] \xffffffb6
[    5.575227] \x36
[    5.575227] \xffffffb5
[    5.575228] \xffffff94
[    5.575229] \xffffffb2
[    5.575230] \xffffffa8
[    5.575231] \xffffffda
[    5.575232] \x5b
[    5.575232] \x19
[    5.575233] \x18
[    5.575234] \x5c
[    5.575235] \x2b
[    5.575235] \x1
[    5.575236] \xffffff90
[    5.575237] \x19
[    5.575238] \x3c
[    5.575238] \xfffffff2
[    5.575239] \xffffff82
[    5.575240] \x2a
[    5.575241] \xffffffb3
[    5.575242] \xffffffa2
[    5.575242] \x3f
[    5.575243] \x5
[    5.575244] \x52
[    5.575245] \x77
[    5.575245] \x57
[    5.575246] \x79
[    5.575247] \x16
[    5.575247] \x43
[    5.575248] \xffffff84
[    5.575249] \xffffffc3
[    5.575250] \xffffffe9
[    5.575251] \x79
[    5.575251] \x50
[    5.575252] \xffffff8e
[    5.575253] \x3f
[    5.575254] \xfffffff3
[    5.575255] \x19
[    5.575255] \x2a
[    5.575256] \xfffffffd
[    5.575257] \xfffffffb
[    5.575258] \x62
[    5.575258] \x3c
[    5.575259] \xffffffac
[    5.575260] \x1c
[    5.575261] \x3b
[    5.575261] \x3b
[    5.575262] \x15
[    5.575263] \x27
[    5.575264] \xffffffa8
[    5.575264] \x22
[    5.575265] \xffffffc5
[    5.575266] \xffffff9a
[    5.575267] \x5
[    5.575267] \x6c
[    5.575268] \xffffffa8
[    5.575269] \x3a
[    5.575270] \x44
[    5.575271] \xffffffaf
[    5.575271] \x13
[    5.575272] \xffffffe0
[    5.575273] \xffffff9d
[    5.575274] \x22
[    5.575274] 
[    5.575275] END NET_SECRET
[    5.575278] random 0025 0000 0000 e7f555d9 e8ce5c3c: rand_read_num 9 get_random_bytes(4): sig 0000068c e7f555d9 e8ce5c3c
[    5.575280] random 0025 0000 0000 e7f555d9 e8ce5c3c: extract_entropy(.. 4 ..)
[    5.575282] random 0025 0000 0000 e7f555d9 e8ce5c3c: going to reseed nonblocking with 64 bits (32 of 0 requested)
[    5.575284] random 0025 0000 0000 e7f555d9 e8ce5c3c: extract_entropy(.. 8 ..)
[    5.575287] random 0025 0000 0000 e7f555d9 e8ce5c3c: trying to extract 64 bits from input
[    5.575289] random 0025 0000 0000 e7f555d9 e8ce5c3c: debiting 0 entropy credits from input
[    5.575291] random 0025 0000 0000 e7f555d9 e8ce5c3c: extract_entropy account returned: 0 
[    5.575294] random 0025 0000 0000 e7f555d9 e8ce5c3c: urand_change_num 43 xfer_secondary_pool(4): pool_sig 0000068c, data_sig 00000000, bytes_mixed 0 e7f555d9 e8ce5c3c
[    5.575297] random 0025 0000 0000 e7f555d9 e8ce5c3c: trying to extract 32 bits from nonblocking
[    5.575299] random 0025 0000 0000 e7f555d9 e8ce5c3c: debiting 32 entropy credits from nonblocking (unlimited)
[    5.575301] random 0025 0000 0000 e7f555d9 e8ce5c3c: extract_entropy account returned: 4 
[    5.575305] random 0025 0000 0000 e7f555d9 e8ce5c3c: urand_change_num 44 extract_buf: pool_sig 0000068c, data_sig fffffdcb, bytes_mixed 20 e7f555d9 e8ce5c3c
[    5.575316] md: Waiting for all devices to be available before autodetect
[    5.575411] md: If you don't use raid, use raid=noautodetect
[    5.575574] md: Autodetecting RAID arrays.
[    5.575665] md: Scanned 0 and added 0 devices.
[    5.575750] md: autorun ...
[    5.575842] md: ... autorun DONE.
[    5.589242] random 0025 0000 0000 e7f555d9 e8ce5c3c: add_disk_randomness(8:0) e7f555d9 e8ce5c3c
[    5.589245] random 0025 0000 0000 e7f555d9 e8ce5c3c: add_timer_randomness(.. 8388864) with jiffies: 5515195426375696797, cycles: 5515195422081024010
[    5.589248] random 0025 0000 0000 e7f555d9 e8ce5c3c: added 4 entropy credits to input
[    5.598684] random 0029 0000 0000 e7f555d9 e8ce5c3c: add_disk_randomness(8:0) e7f555d9 e8ce5c3c
[    5.598687] random 0029 0000 0000 e7f555d9 e8ce5c3c: add_timer_randomness(.. 8388864) with jiffies: 5600145661832692134, cycles: 5600145657538019338
[    5.598690] random 0029 0000 0000 e7f555d9 e8ce5c3c: added 2 entropy credits to input
[    5.605773] random 0031 0000 0000 e7f555d9 e8ce5c3c: add_disk_randomness(8:0) e7f555d9 e8ce5c3c
[    5.605776] random 0031 0000 0000 e7f555d9 e8ce5c3c: add_timer_randomness(.. 8388864) with jiffies: 5663907449228984750, cycles: 5663907444934311946
[    5.605782] EXT3-fs: sda2: couldn't mount because of unsupported optional features (240).
[    5.606016] random 0031 0000 0000 e7f555d9 e8ce5c3c: add_disk_randomness(8:0) e7f555d9 e8ce5c3c
[    5.606019] random 0031 0000 0000 e7f555d9 e8ce5c3c: add_timer_randomness(.. 8388864) with jiffies: 5666093218215461294, cycles: 5666093213920788490
[    5.606023] EXT2-fs: sda2: couldn't mount because of unsupported optional features (240).
[    5.606278] random 0031 0000 0000 e7f555d9 e8ce5c3c: add_disk_randomness(8:0) e7f555d9 e8ce5c3c
[    5.606281] random 0031 0000 0000 e7f555d9 e8ce5c3c: add_timer_randomness(.. 8388864) with jiffies: 5668460999326007726, cycles: 5668460995031334922
[    5.606416] random 0031 0000 0000 e7f555d9 e8ce5c3c: add_disk_randomness(8:0) e7f555d9 e8ce5c3c
[    5.606419] random 0031 0000 0000 e7f555d9 e8ce5c3c: add_timer_randomness(.. 8388864) with jiffies: 5669702932069319086, cycles: 5669702927774646282
[    5.606538] random 0031 0000 0000 e7f555d9 e8ce5c3c: add_disk_randomness(8:0) e7f555d9 e8ce5c3c
[    5.606541] random 0031 0000 0000 e7f555d9 e8ce5c3c: add_timer_randomness(.. 8388864) with jiffies: 5670797981226074542, cycles: 5670797976931401738
[    5.606652] random 0031 0000 0000 e7f555d9 e8ce5c3c: add_disk_randomness(8:0) e7f555d9 e8ce5c3c
[    5.606655] random 0031 0000 0000 e7f555d9 e8ce5c3c: add_timer_randomness(.. 8388864) with jiffies: 5671827051095228846, cycles: 5671827046800556042
[    5.606774] random 0031 0000 0000 e7f555d9 e8ce5c3c: add_disk_randomness(8:0) e7f555d9 e8ce5c3c
[    5.606777] random 0031 0000 0000 e7f555d9 e8ce5c3c: add_timer_randomness(.. 8388864) with jiffies: 5672909653436760495, cycles: 5672909649142087690
[    5.606880] random 0031 0000 0000 e7f555d9 e8ce5c3c: add_disk_randomness(8:0) e7f555d9 e8ce5c3c
[    5.606883] random 0031 0000 0000 e7f555d9 e8ce5c3c: add_timer_randomness(.. 8388864) with jiffies: 5673869007396766127, cycles: 5673869003102093322
[    5.607036] random 0031 0000 0000 e7f555d9 e8ce5c3c: add_disk_randomness(8:0) e7f555d9 e8ce5c3c
[    5.607039] random 0031 0000 0000 e7f555d9 e8ce5c3c: add_timer_randomness(.. 8388864) with jiffies: 5675271571916947887, cycles: 5675271567622275082
[    5.607157] random 0031 0000 0000 e7f555d9 e8ce5c3c: add_disk_randomness(8:0) e7f555d9 e8ce5c3c
[    5.607160] random 0031 0000 0000 e7f555d9 e8ce5c3c: add_timer_randomness(.. 8388864) with jiffies: 5676367523016835503, cycles: 5676367518722162698
[    5.607396] random 0031 0000 0000 e7f555d9 e8ce5c3c: rand_read_num 10 get_random_bytes(4): sig ffffff72 e7f555d9 e8ce5c3c
[    5.607398] random 0031 0000 0000 e7f555d9 e8ce5c3c: extract_entropy(.. 4 ..)
[    5.607401] random 0031 0000 0000 e7f555d9 e8ce5c3c: going to reseed nonblocking with 64 bits (32 of 0 requested)
[    5.607403] random 0031 0000 0000 e7f555d9 e8ce5c3c: extract_entropy(.. 8 ..)
[    5.607405] random 0031 0000 0000 e7f555d9 e8ce5c3c: trying to extract 64 bits from input
[    5.607407] random 0031 0000 0000 e7f555d9 e8ce5c3c: debiting 0 entropy credits from input
[    5.607409] random 0031 0000 0000 e7f555d9 e8ce5c3c: extract_entropy account returned: 0 
[    5.607412] random 0031 0000 0000 e7f555d9 e8ce5c3c: urand_change_num 45 xfer_secondary_pool(4): pool_sig ffffff72, data_sig 00000000, bytes_mixed 0 e7f555d9 e8ce5c3c
[    5.607415] random 0031 0000 0000 e7f555d9 e8ce5c3c: trying to extract 32 bits from nonblocking
[    5.607418] random 0031 0000 0000 e7f555d9 e8ce5c3c: debiting 32 entropy credits from nonblocking (unlimited)
[    5.607420] random 0031 0000 0000 e7f555d9 e8ce5c3c: extract_entropy account returned: 4 
[    5.607424] random 0031 0000 0000 e7f555d9 e8ce5c3c: urand_change_num 46 extract_buf: pool_sig ffffff72, data_sig ffffff72, bytes_mixed 20 e7f555d9 e8ce5c3c
[    5.612012] random 0031 0000 0000 91716c54 eeb6a1e7: add_disk_randomness(8:0) 91716c54 eeb6a1e7
[    5.612015] random 0031 0000 0000 91716c54 eeb6a1e7: add_timer_randomness(.. 8388864) with jiffies: 5720037625201131956, cycles: 5720037620906459146
[    5.612017] random 0031 0000 0000 91716c54 eeb6a1e7: added 2 entropy credits to input
[    5.630289] random 0033 0000 0000 91716c54 eeb6a1e7: add_disk_randomness(8:0) 91716c54 eeb6a1e7
[    5.630292] random 0033 0000 0000 91716c54 eeb6a1e7: add_timer_randomness(.. 8388864) with jiffies: 5884475164002582982, cycles: 5884475159707910154
[    5.630295] random 0033 0000 0000 91716c54 eeb6a1e7: added 3 entropy credits to input
[    5.634931] EXT4-fs (sda2): mounted filesystem with ordered data mode
[    5.635134] VFS: Mounted root (ext4 filesystem) readonly on device 8:2.
[    5.635237] Freeing unused kernel memory: 448k freed
[    5.655439] random 0036 0000 0000 91716c54 eeb6a1e7: add_disk_randomness(8:0) 91716c54 eeb6a1e7
[    5.655442] random 0036 0000 0000 91716c54 eeb6a1e7: add_timer_randomness(.. 8388864) with jiffies: 6110741127851901407, cycles: 6110741123557228554
[    5.655445] random 0036 0000 0000 91716c54 eeb6a1e7: added 2 entropy credits to input
[    5.656171] random 0038 0000 0000 91716c54 eeb6a1e7: add_disk_randomness(8:0) 91716c54 eeb6a1e7
[    5.656175] random 0038 0000 0000 91716c54 eeb6a1e7: add_timer_randomness(.. 8388864) with jiffies: 6117322920419885536, cycles: 6117322916125212682
[    5.660896] random 0038 0000 0000 91716c54 eeb6a1e7: add_disk_randomness(8:0) 91716c54 eeb6a1e7
[    5.660899] random 0038 0000 0000 91716c54 eeb6a1e7: add_timer_randomness(.. 8388864) with jiffies: 6159825504464241125, cycles: 6159825500169568266
[    5.660902] random 0038 0000 0000 91716c54 eeb6a1e7: added 2 entropy credits to input
[    5.669097] random 0040 0000 0000 91716c54 eeb6a1e7: add_disk_randomness(8:0) 91716c54 eeb6a1e7
[    5.669100] random 0040 0000 0000 91716c54 eeb6a1e7: add_timer_randomness(.. 8388864) with jiffies: 6233609774139408877, cycles: 6233609769844736010
[    5.672519] random 0040 0000 0000 91716c54 eeb6a1e7: add_disk_randomness(8:0) 91716c54 eeb6a1e7
[    5.672522] random 0040 0000 0000 91716c54 eeb6a1e7: add_timer_randomness(.. 8388864) with jiffies: 6264397783344316912, cycles: 6264397779049644042
[    5.672525] random 0040 0000 0000 91716c54 eeb6a1e7: added 1 entropy credits to input
[    5.681414] random 0041 0000 0000 91716c54 eeb6a1e7: add_disk_randomness(8:0) 91716c54 eeb6a1e7
[    5.681417] random 0041 0000 0000 91716c54 eeb6a1e7: add_timer_randomness(.. 8388864) with jiffies: 6344423499494031865, cycles: 6344423495199358986
[    5.681420] random 0041 0000 0000 91716c54 eeb6a1e7: added 2 entropy credits to input
[    5.686413] random 0043 0000 0000 91716c54 eeb6a1e7: add_disk_randomness(8:0) 91716c54 eeb6a1e7
[    5.686416] random 0043 0000 0000 91716c54 eeb6a1e7: add_timer_randomness(.. 8388864) with jiffies: 6389398262418997758, cycles: 6389398258124324874
[    5.686419] random 0043 0000 0000 91716c54 eeb6a1e7: added 2 entropy credits to input
[    5.694450] random 0045 0000 0000 91716c54 eeb6a1e7: add_disk_randomness(8:0) 91716c54 eeb6a1e7
[    5.694454] random 0045 0000 0000 91716c54 eeb6a1e7: add_timer_randomness(.. 8388864) with jiffies: 6461704608077808134, cycles: 6461704603783135242
[    5.694456] random 0045 0000 0000 91716c54 eeb6a1e7: added 1 entropy credits to input
[    5.694480] RANDOM get_random_int call with cycles 44454211137, jiffies 4294672902 and pid 1
[    5.694482] RANDOM get_random_int call with cycles 44454218455, jiffies 4294672902 and pid 1
[    5.694484] ASLR stack rand value: 7663616 after shift for pid: 1
[    5.694486] RANDOM get_random_int call with cycles 44454226320, jiffies 4294672902 and pid 1
[    5.706098] random 0046 0000 0000 91716c54 eeb6a1e7: add_disk_randomness(8:0) 91716c54 eeb6a1e7
[    5.706101] random 0046 0000 0000 91716c54 eeb6a1e7: add_timer_randomness(.. 8388864) with jiffies: 6566485416210039314, cycles: 6566485411915366410
[    5.706111] RANDOM get_random_int call with cycles 44478575788, jiffies 4294672914 and pid 1
[    5.706117] random 0046 0000 0000 91716c54 eeb6a1e7: rand_read_num 11 get_random_bytes(16): sig fffffcad 91716c54 eeb6a1e7
[    5.706120] random 0046 0000 0000 91716c54 eeb6a1e7: extract_entropy(.. 16 ..)
[    5.706122] random 0046 0000 0000 91716c54 eeb6a1e7: going to reseed nonblocking with 128 bits (128 of 0 requested)
[    5.706125] random 0046 0000 0000 91716c54 eeb6a1e7: extract_entropy(.. 16 ..)
[    5.706127] random 0046 0000 0000 91716c54 eeb6a1e7: trying to extract 128 bits from input
[    5.706129] random 0046 0000 0000 91716c54 eeb6a1e7: debiting 0 entropy credits from input
[    5.706131] random 0046 0000 0000 91716c54 eeb6a1e7: extract_entropy account returned: 0 
[    5.706134] random 0046 0000 0000 91716c54 eeb6a1e7: urand_change_num 47 xfer_secondary_pool(16): pool_sig fffffcad, data_sig 00000000, bytes_mixed 0 91716c54 eeb6a1e7
[    5.706137] random 0046 0000 0000 91716c54 eeb6a1e7: trying to extract 128 bits from nonblocking
[    5.706140] random 0046 0000 0000 91716c54 eeb6a1e7: debiting 128 entropy credits from nonblocking (unlimited)
[    5.706142] random 0046 0000 0000 91716c54 eeb6a1e7: extract_entropy account returned: 16 
[    5.706146] random 0046 0000 0000 91716c54 eeb6a1e7: urand_change_num 48 extract_buf: pool_sig fffffcad, data_sig ffffff19, bytes_mixed 20 91716c54 eeb6a1e7
[    5.706151] random 0046 0000 0000 fd637b06 6cf47bc1: urand_change_num 49 extract_buf: pool_sig fffffede, data_sig ffffffc1, bytes_mixed 20 fd637b06 6cf47bc1
[    5.707115] random 0046 0000 0000 fd637b06 6cf47bc1: add_disk_randomness(8:0) fd637b06 6cf47bc1
[    5.707118] random 0046 0000 0000 fd637b06 6cf47bc1: add_timer_randomness(.. 8388864) with jiffies: 6575638244920885779, cycles: 6575638240626212874
[    5.708305] random 0046 0000 0000 fd637b06 6cf47bc1: add_disk_randomness(8:0) fd637b06 6cf47bc1
[    5.708308] random 0046 0000 0000 fd637b06 6cf47bc1: add_timer_randomness(.. 8388864) with jiffies: 6586340384299516436, cycles: 6586340380004843530
[    5.709460] random 0046 0000 0000 fd637b06 6cf47bc1: add_disk_randomness(8:0) fd637b06 6cf47bc1
[    5.709463] random 0046 0000 0000 fd637b06 6cf47bc1: add_timer_randomness(.. 8388864) with jiffies: 6596737894532743701, cycles: 6596737890238070794
[    5.710339] random 0046 0000 0000 fd637b06 6cf47bc1: add_disk_randomness(8:0) fd637b06 6cf47bc1
[    5.710342] random 0046 0000 0000 fd637b06 6cf47bc1: add_timer_randomness(.. 8388864) with jiffies: 6604646222109835798, cycles: 6604646217815162890
[    5.710519] random 0046 0000 0000 fd637b06 6cf47bc1: add_disk_randomness(8:0) fd637b06 6cf47bc1
[    5.710522] random 0046 0000 0000 fd637b06 6cf47bc1: add_timer_randomness(.. 8388864) with jiffies: 6606266429802775062, cycles: 6606266425508102154
[    5.710736] random 0046 0000 0000 fd637b06 6cf47bc1: add_disk_randomness(8:0) fd637b06 6cf47bc1
[    5.710739] random 0046 0000 0000 fd637b06 6cf47bc1: add_timer_randomness(.. 8388864) with jiffies: 6608220850375852566, cycles: 6608220846081179658
[    5.721161] random 0046 0000 0000 fd637b06 6cf47bc1: add_disk_randomness(8:0) fd637b06 6cf47bc1
[    5.721164] random 0046 0000 0000 fd637b06 6cf47bc1: add_timer_randomness(.. 8388864) with jiffies: 6701996371747766817, cycles: 6701996367453093898
[    5.721166] random 0046 0000 0000 fd637b06 6cf47bc1: added 3 entropy credits to input
[    5.721598] random 0049 0000 0000 fd637b06 6cf47bc1: add_disk_randomness(8:0) fd637b06 6cf47bc1
[    5.721601] random 0049 0000 0000 fd637b06 6cf47bc1: add_timer_randomness(.. 8388864) with jiffies: 6705941921979400737, cycles: 6705941917684727818
[    5.731339] random 0049 0000 0000 fd637b06 6cf47bc1: add_disk_randomness(8:0) fd637b06 6cf47bc1
[    5.731342] random 0049 0000 0000 fd637b06 6cf47bc1: add_timer_randomness(.. 8388864) with jiffies: 6793571740287730219, cycles: 6793571735993057290
[    5.731345] random 0049 0000 0000 fd637b06 6cf47bc1: added 3 entropy credits to input
[    5.731398] RANDOM get_random_int call with cycles 44531542135, jiffies 4294672939 and pid 1
[    5.735948] random 0052 0000 0000 fd637b06 6cf47bc1: add_disk_randomness(8:0) fd637b06 6cf47bc1
[    5.735951] random 0052 0000 0000 fd637b06 6cf47bc1: add_timer_randomness(.. 8388864) with jiffies: 6835031360243728944, cycles: 6835031355949056010
[    5.735954] random 0052 0000 0000 fd637b06 6cf47bc1: added 2 entropy credits to input
[    5.748775] random 0054 0000 0000 fd637b06 6cf47bc1: add_disk_randomness(8:0) fd637b06 6cf47bc1
[    5.748778] random 0054 0000 0000 fd637b06 6cf47bc1: add_timer_randomness(.. 8388864) with jiffies: 6950424298124968509, cycles: 6950424293830295562
[    5.748781] random 0054 0000 0000 fd637b06 6cf47bc1: added 3 entropy credits to input
[    5.748918] random 0057 0000 0000 fd637b06 6cf47bc1: add_disk_randomness(8:0) fd637b06 6cf47bc1
[    5.748921] random 0057 0000 0000 fd637b06 6cf47bc1: add_timer_randomness(.. 8388864) with jiffies: 6951712586450305597, cycles: 6951712582155632650
[    5.751076] random 0057 0000 0000 fd637b06 6cf47bc1: add_disk_randomness(8:0) fd637b06 6cf47bc1
[    5.751079] random 0057 0000 0000 fd637b06 6cf47bc1: add_timer_randomness(.. 8388864) with jiffies: 6971126689031750207, cycles: 6971126684737077258
[    5.751082] random 0057 0000 0000 fd637b06 6cf47bc1: added 1 entropy credits to input
[    5.751323] random 0058 0000 0000 fd637b06 6cf47bc1: add_disk_randomness(8:0) fd637b06 6cf47bc1
[    5.751326] random 0058 0000 0000 fd637b06 6cf47bc1: add_timer_randomness(.. 8388864) with jiffies: 6973353990351979071, cycles: 6973353986057306122
[    5.751500] random 0058 0000 0000 fd637b06 6cf47bc1: add_disk_randomness(8:0) fd637b06 6cf47bc1
[    5.751503] random 0058 0000 0000 fd637b06 6cf47bc1: add_timer_randomness(.. 8388864) with jiffies: 6974950249307275839, cycles: 6974950245012602890
[    5.754630] random 0058 0000 0000 fd637b06 6cf47bc1: add_disk_randomness(8:0) fd637b06 6cf47bc1
[    5.754633] random 0058 0000 0000 fd637b06 6cf47bc1: add_timer_randomness(.. 8388864) with jiffies: 7003108690555011650, cycles: 7003108686260338698
[    5.754636] random 0058 0000 0000 fd637b06 6cf47bc1: added 1 entropy credits to input
[    5.756647] random 0059 0000 0000 fd637b06 6cf47bc1: add_disk_randomness(8:0) fd637b06 6cf47bc1
[    5.756650] random 0059 0000 0000 fd637b06 6cf47bc1: add_timer_randomness(.. 8388864) with jiffies: 7021261060593910340, cycles: 7021261056299237386
[    5.764475] random 0059 0000 0000 fd637b06 6cf47bc1: add_disk_randomness(8:0) fd637b06 6cf47bc1
[    5.764478] random 0059 0000 0000 fd637b06 6cf47bc1: add_timer_randomness(.. 8388864) with jiffies: 7091678286362411596, cycles: 7091678282067738634
[    5.764481] random 0059 0000 0000 fd637b06 6cf47bc1: added 2 entropy credits to input
[    5.764612] random 0061 0000 0000 fd637b06 6cf47bc1: add_disk_randomness(8:0) fd637b06 6cf47bc1
[    5.764615] random 0061 0000 0000 fd637b06 6cf47bc1: add_timer_randomness(.. 8388864) with jiffies: 7092910568314208844, cycles: 7092910564019535882
[    5.768174] random 0061 0000 0000 fd637b06 6cf47bc1: add_disk_randomness(8:0) fd637b06 6cf47bc1
[    5.768177] random 0061 0000 0000 fd637b06 6cf47bc1: add_timer_randomness(.. 8388864) with jiffies: 7124951647112626768, cycles: 7124951642817953802
[    5.768180] random 0061 0000 0000 fd637b06 6cf47bc1: added 2 entropy credits to input
[    5.772670] random 0063 0000 0000 fd637b06 6cf47bc1: add_disk_randomness(8:0) fd637b06 6cf47bc1
[    5.772673] random 0063 0000 0000 fd637b06 6cf47bc1: add_timer_randomness(.. 8388864) with jiffies: 7165409431587095124, cycles: 7165409427292422154
[    5.778248] random 0063 0000 0000 fd637b06 6cf47bc1: add_disk_randomness(8:0) fd637b06 6cf47bc1
[    5.778251] random 0063 0000 0000 fd637b06 6cf47bc1: add_timer_randomness(.. 8388864) with jiffies: 7215584257446216282, cycles: 7215584253151543306
[    5.778254] random 0063 0000 0000 fd637b06 6cf47bc1: added 1 entropy credits to input
[    5.784524] random 0064 0000 0000 fd637b06 6cf47bc1: add_disk_randomness(8:0) fd637b06 6cf47bc1
[    5.784527] random 0064 0000 0000 fd637b06 6cf47bc1: add_timer_randomness(.. 8388864) with jiffies: 7272052348560310880, cycles: 7272052344265637898
[    5.784538] random 0064 0000 0000 fd637b06 6cf47bc1: rand_read_num 12 get_random_bytes(16): sig 0000033b fd637b06 6cf47bc1
[    5.784541] random 0064 0000 0000 fd637b06 6cf47bc1: extract_entropy(.. 16 ..)
[    5.784543] random 0064 0000 0000 fd637b06 6cf47bc1: going to reseed nonblocking with 128 bits (128 of 0 requested)
[    5.784546] random 0064 0000 0000 fd637b06 6cf47bc1: extract_entropy(.. 16 ..)
[    5.784548] random 0064 0000 0000 fd637b06 6cf47bc1: trying to extract 128 bits from input
[    5.784550] random 0064 0000 0000 fd637b06 6cf47bc1: debiting 0 entropy credits from input
[    5.784552] random 0064 0000 0000 fd637b06 6cf47bc1: extract_entropy account returned: 0 
[    5.784555] random 0064 0000 0000 fd637b06 6cf47bc1: urand_change_num 50 xfer_secondary_pool(16): pool_sig 0000033b, data_sig 00000000, bytes_mixed 0 fd637b06 6cf47bc1
[    5.784558] random 0064 0000 0000 fd637b06 6cf47bc1: trying to extract 128 bits from nonblocking
[    5.784560] random 0064 0000 0000 fd637b06 6cf47bc1: debiting 128 entropy credits from nonblocking (unlimited)
[    5.784562] random 0064 0000 0000 fd637b06 6cf47bc1: extract_entropy account returned: 16 
[    5.784567] random 0064 0000 0000 fd637b06 6cf47bc1: urand_change_num 51 extract_buf: pool_sig 0000033b, data_sig 000000d8, bytes_mixed 20 fd637b06 6cf47bc1
[    5.784572] random 0064 0000 0000 0ec1f012 d4727ca8: urand_change_num 52 extract_buf: pool_sig fffffcf5, data_sig 00000016, bytes_mixed 20 0ec1f012 d4727ca8
[    5.791272] random 0064 0000 0000 45b1d0b1 845a73f7: add_disk_randomness(8:0) 45b1d0b1 845a73f7
[    5.791275] random 0064 0000 0000 45b1d0b1 845a73f7: add_timer_randomness(.. 8388864) with jiffies: 7332752983915725415, cycles: 7332752979621052426
[    5.798496] random 0064 0000 0000 45b1d0b1 845a73f7: add_disk_randomness(8:0) 45b1d0b1 845a73f7
[    5.798499] random 0064 0000 0000 45b1d0b1 845a73f7: add_timer_randomness(.. 8388864) with jiffies: 7397747233652441710, cycles: 7397747229357768714
[    5.804094] random 0064 0000 0000 45b1d0b1 845a73f7: add_disk_randomness(8:0) 45b1d0b1 845a73f7
[    5.804098] random 0064 0000 0000 45b1d0b1 845a73f7: add_timer_randomness(.. 8388864) with jiffies: 7448109573488738932, cycles: 7448109569194065930
[    5.815919] random 0064 0000 0000 45b1d0b1 845a73f7: add_disk_randomness(8:0) 45b1d0b1 845a73f7
[    5.815922] random 0064 0000 0000 45b1d0b1 845a73f7: add_timer_randomness(.. 8388864) with jiffies: 7554490248348795520, cycles: 7554490244054122506
[    5.815925] random 0064 0000 0000 45b1d0b1 845a73f7: added 2 entropy credits to input
[    5.819061] random 0066 0000 0000 45b1d0b1 845a73f7: add_disk_randomness(8:0) 45b1d0b1 845a73f7
[    5.819064] random 0066 0000 0000 45b1d0b1 845a73f7: add_timer_randomness(.. 8388864) with jiffies: 7582753491093521027, cycles: 7582753486798848010
[    5.819067] random 0066 0000 0000 45b1d0b1 845a73f7: added 1 entropy credits to input
[    5.833332] random 0067 0000 0000 45b1d0b1 845a73f7: add_disk_randomness(8:0) 45b1d0b1 845a73f7
[    5.833335] random 0067 0000 0000 45b1d0b1 845a73f7: add_timer_randomness(.. 8388864) with jiffies: 7711150327226663569, cycles: 7711150322931990538
[    5.833338] random 0067 0000 0000 45b1d0b1 845a73f7: added 3 entropy credits to input
[    5.838730] random 0070 0000 0000 45b1d0b1 845a73f7: add_disk_randomness(8:0) 45b1d0b1 845a73f7
[    5.838733] random 0070 0000 0000 45b1d0b1 845a73f7: add_timer_randomness(.. 8388864) with jiffies: 7759721094469878422, cycles: 7759721090175205386
[    5.838736] random 0070 0000 0000 45b1d0b1 845a73f7: added 2 entropy credits to input
[    5.843901] random 0072 0000 0000 45b1d0b1 845a73f7: add_disk_randomness(8:0) 45b1d0b1 845a73f7
[    5.843904] random 0072 0000 0000 45b1d0b1 845a73f7: add_timer_randomness(.. 8388864) with jiffies: 7806225192169734812, cycles: 7806225187875061770
[    5.852132] random 0072 0000 0000 45b1d0b1 845a73f7: add_disk_randomness(8:0) 45b1d0b1 845a73f7
[    5.852136] random 0072 0000 0000 45b1d0b1 845a73f7: add_timer_randomness(.. 8388864) with jiffies: 7880284103528645284, cycles: 7880284099233972234
[    5.861734] random 0072 0000 0000 45b1d0b1 845a73f7: add_disk_randomness(8:0) 45b1d0b1 845a73f7
[    5.861737] random 0072 0000 0000 45b1d0b1 845a73f7: add_timer_randomness(.. 8388864) with jiffies: 7966677087219843757, cycles: 7966677082925170698
[    5.881237] random 0072 0000 0000 45b1d0b1 845a73f7: add_disk_randomness(8:0) 45b1d0b1 845a73f7
[    5.881240] random 0072 0000 0000 45b1d0b1 845a73f7: add_timer_randomness(.. 8388864) with jiffies: 8142124147619365569, cycles: 8142124143324692490
[    5.881243] random 0072 0000 0000 45b1d0b1 845a73f7: added 3 entropy credits to input
[    5.894524] random 0075 0000 0000 45b1d0b1 845a73f7: add_disk_randomness(8:0) 45b1d0b1 845a73f7
[    5.894527] random 0075 0000 0000 45b1d0b1 845a73f7: add_timer_randomness(.. 8388864) with jiffies: 8261666109807887054, cycles: 8261666105513213962
[    5.894530] random 0075 0000 0000 45b1d0b1 845a73f7: added 2 entropy credits to input
[    5.902543] random 0077 0000 0000 45b1d0b1 845a73f7: add_disk_randomness(8:0) 45b1d0b1 845a73f7
[    5.902546] random 0077 0000 0000 45b1d0b1 845a73f7: add_timer_randomness(.. 8388864) with jiffies: 8333810694113428182, cycles: 8333810689818755082
[    5.902549] random 0077 0000 0000 45b1d0b1 845a73f7: added 1 entropy credits to input
[    5.912558] random 0078 0000 0000 45b1d0b1 845a73f7: add_disk_randomness(8:0) 45b1d0b1 845a73f7
[    5.912561] random 0078 0000 0000 45b1d0b1 845a73f7: add_timer_randomness(.. 8388864) with jiffies: 8423908542363960032, cycles: 8423908538069286922
[    5.912564] random 0078 0000 0000 45b1d0b1 845a73f7: added 1 entropy credits to input
[    5.917129] random 0079 0000 0000 45b1d0b1 845a73f7: add_disk_randomness(8:0) 45b1d0b1 845a73f7
[    5.917131] random 0079 0000 0000 45b1d0b1 845a73f7: add_timer_randomness(.. 8388864) with jiffies: 8465019922076631781, cycles: 8465019917781958666
[    5.917134] random 0079 0000 0000 45b1d0b1 845a73f7: added 2 entropy credits to input
[    5.924479] random 0081 0000 0000 45b1d0b1 845a73f7: add_disk_randomness(8:0) 45b1d0b1 845a73f7
[    5.924482] random 0081 0000 0000 45b1d0b1 845a73f7: add_timer_randomness(.. 8388864) with jiffies: 8531154949486904044, cycles: 8531154945192230922
[    5.924485] random 0081 0000 0000 45b1d0b1 845a73f7: added 1 entropy credits to input
[    5.929730] random 0082 0000 0000 45b1d0b1 845a73f7: add_disk_randomness(8:0) 45b1d0b1 845a73f7
[    5.929733] random 0082 0000 0000 45b1d0b1 845a73f7: add_timer_randomness(.. 8388864) with jiffies: 8578397738611999473, cycles: 8578397734317326346
[    5.929736] random 0082 0000 0000 45b1d0b1 845a73f7: added 1 entropy credits to input
[    5.936171] random 0083 0000 0000 45b1d0b1 845a73f7: add_disk_randomness(8:0) 45b1d0b1 845a73f7
[    5.936174] random 0083 0000 0000 45b1d0b1 845a73f7: add_timer_randomness(.. 8388864) with jiffies: 8636335138038055672, cycles: 8636335133743382538
[    5.936177] random 0083 0000 0000 45b1d0b1 845a73f7: added 1 entropy credits to input
[    5.941223] random 0084 0000 0000 45b1d0b1 845a73f7: add_disk_randomness(8:0) 45b1d0b1 845a73f7
[    5.941226] random 0084 0000 0000 45b1d0b1 845a73f7: add_timer_randomness(.. 8388864) with jiffies: 8681789103349138173, cycles: 8681789099054465034
[    5.941229] random 0084 0000 0000 45b1d0b1 845a73f7: added 1 entropy credits to input
[    5.947125] random 0085 0000 0000 45b1d0b1 845a73f7: add_disk_randomness(8:0) 45b1d0b1 845a73f7
[    5.947128] random 0085 0000 0000 45b1d0b1 845a73f7: add_timer_randomness(.. 8388864) with jiffies: 8734883699515687683, cycles: 8734883695221014538
[    5.956476] random 0085 0000 0000 45b1d0b1 845a73f7: add_disk_randomness(8:0) 45b1d0b1 845a73f7
[    5.956479] random 0085 0000 0000 45b1d0b1 845a73f7: add_timer_randomness(.. 8388864) with jiffies: 8819011904002032396, cycles: 8819011899707359242
[    5.956481] random 0085 0000 0000 45b1d0b1 845a73f7: added 1 entropy credits to input
[    5.961355] random 0086 0000 0000 45b1d0b1 845a73f7: add_disk_randomness(8:0) 45b1d0b1 845a73f7
[    5.961358] random 0086 0000 0000 45b1d0b1 845a73f7: add_timer_randomness(.. 8388864) with jiffies: 8862908256473547537, cycles: 8862908252178874378
[    5.961361] random 0086 0000 0000 45b1d0b1 845a73f7: added 2 entropy credits to input
[    5.968795] random 0088 0000 0000 45b1d0b1 845a73f7: add_disk_randomness(8:0) 45b1d0b1 845a73f7
[    5.968798] random 0088 0000 0000 45b1d0b1 845a73f7: add_timer_randomness(.. 8388864) with jiffies: 8929827566386905881, cycles: 8929827562092232714
[    5.968800] random 0088 0000 0000 45b1d0b1 845a73f7: added 1 entropy credits to input
[    5.975010] random 0089 0000 0000 45b1d0b1 845a73f7: add_disk_randomness(8:0) 45b1d0b1 845a73f7
[    5.975013] random 0089 0000 0000 45b1d0b1 845a73f7: add_timer_randomness(.. 8388864) with jiffies: 8985748581746705183, cycles: 8985748577452032010
[    5.975016] random 0089 0000 0000 45b1d0b1 845a73f7: added 1 entropy credits to input
[    5.980479] random 0090 0000 0000 45b1d0b1 845a73f7: add_disk_randomness(8:0) 45b1d0b1 845a73f7
[    5.980482] random 0090 0000 0000 45b1d0b1 845a73f7: add_timer_randomness(.. 8388864) with jiffies: 9034958959814607652, cycles: 9034958955519934474
[    5.989571] random 0090 0000 0000 45b1d0b1 845a73f7: add_disk_randomness(8:0) 45b1d0b1 845a73f7
[    5.989575] random 0090 0000 0000 45b1d0b1 845a73f7: add_timer_randomness(.. 8388864) with jiffies: 9116759386515800877, cycles: 9116759382221127690
[    5.989577] random 0090 0000 0000 45b1d0b1 845a73f7: added 2 entropy credits to input
[    5.996994] random 0092 0000 0000 45b1d0b1 845a73f7: add_disk_randomness(8:0) 45b1d0b1 845a73f7
[    5.996997] random 0092 0000 0000 45b1d0b1 845a73f7: add_timer_randomness(.. 8388864) with jiffies: 9183529287401833269, cycles: 9183529283107160074
[    6.006675] random 0092 0000 0000 45b1d0b1 845a73f7: add_disk_randomness(8:0) 45b1d0b1 845a73f7
[    6.006678] random 0092 0000 0000 45b1d0b1 845a73f7: add_timer_randomness(.. 8388864) with jiffies: 9270631155445236542, cycles: -9176112922558988278
[    6.017304] random 0092 0000 0000 45b1d0b1 845a73f7: add_disk_randomness(8:0) 45b1d0b1 845a73f7
[    6.017308] random 0092 0000 0000 45b1d0b1 845a73f7: add_timer_randomness(.. 8388864) with jiffies: 9366254307323380553, cycles: -9080489770680844278
[    6.029826] random 0092 0000 0000 45b1d0b1 845a73f7: add_disk_randomness(8:0) 45b1d0b1 845a73f7
[    6.029829] random 0092 0000 0000 45b1d0b1 845a73f7: add_timer_randomness(.. 8388864) with jiffies: 9478896228457218902, cycles: -8967847849547005942
[    6.031039] random 0092 0000 0000 45b1d0b1 845a73f7: add_disk_randomness(8:0) 45b1d0b1 845a73f7
[    6.031042] random 0092 0000 0000 45b1d0b1 845a73f7: add_timer_randomness(.. 8388864) with jiffies: 9489813571467182935, cycles: -8956930506537041910
[    6.035050] random 0092 0000 0000 45b1d0b1 845a73f7: add_disk_randomness(8:0) 45b1d0b1 845a73f7
[    6.035053] random 0092 0000 0000 45b1d0b1 845a73f7: add_timer_randomness(.. 8388864) with jiffies: 9525896755657016155, cycles: -8920847322347208694
[    6.035056] random 0092 0000 0000 45b1d0b1 845a73f7: added 1 entropy credits to input
[    6.044391] random 0093 0000 0000 45b1d0b1 845a73f7: add_disk_randomness(8:0) 45b1d0b1 845a73f7
[    6.044394] random 0093 0000 0000 45b1d0b1 845a73f7: add_timer_randomness(.. 8388864) with jiffies: 9609940761604490084, cycles: -8836803316399734774
[    6.044397] random 0093 0000 0000 45b1d0b1 845a73f7: added 1 entropy credits to input
[    6.044739] random 0094 0000 0000 45b1d0b1 845a73f7: add_disk_randomness(8:0) 45b1d0b1 845a73f7
[    6.044742] random 0094 0000 0000 45b1d0b1 845a73f7: add_timer_randomness(.. 8388864) with jiffies: 9613072896569869156, cycles: -8833671181434355702
[    6.060402] random 0094 0000 0000 45b1d0b1 845a73f7: add_disk_randomness(8:0) 45b1d0b1 845a73f7
[    6.060405] random 0094 0000 0000 45b1d0b1 845a73f7: add_timer_randomness(.. 8388864) with jiffies: 9753983652495852404, cycles: -8692760425508372470
[    6.060408] random 0094 0000 0000 45b1d0b1 845a73f7: added 4 entropy credits to input
[    6.062032] random 0098 0000 0000 45b1d0b1 845a73f7: add_disk_randomness(8:0) 45b1d0b1 845a73f7
[    6.062035] random 0098 0000 0000 45b1d0b1 845a73f7: add_timer_randomness(.. 8388864) with jiffies: 9768636169649357686, cycles: -8678107908354867190
[    6.062037] random 0098 0000 0000 45b1d0b1 845a73f7: added 1 entropy credits to input
[    6.062182] random 0099 0000 0000 45b1d0b1 845a73f7: add_disk_randomness(8:0) 45b1d0b1 845a73f7
[    6.062185] random 0099 0000 0000 45b1d0b1 845a73f7: add_timer_randomness(.. 8388864) with jiffies: 9769994719344690038, cycles: -8676749358659534838
[    6.073055] random 0099 0000 0000 45b1d0b1 845a73f7: add_disk_randomness(8:0) 45b1d0b1 845a73f7
[    6.073058] random 0099 0000 0000 45b1d0b1 845a73f7: add_timer_randomness(.. 8388864) with jiffies: 9867808605191504769, cycles: -8578935472812720118
[    6.073061] random 0099 0000 0000 45b1d0b1 845a73f7: added 3 entropy credits to input
[    6.073622] random 0102 0000 0000 45b1d0b1 845a73f7: add_disk_randomness(8:0) 45b1d0b1 845a73f7
[    6.073625] random 0102 0000 0000 45b1d0b1 845a73f7: add_timer_randomness(.. 8388864) with jiffies: 9872922352167912321, cycles: -8573821725836312566
[    6.078854] random 0102 0000 0000 45b1d0b1 845a73f7: add_disk_randomness(8:0) 45b1d0b1 845a73f7
[    6.078857] random 0102 0000 0000 45b1d0b1 845a73f7: add_timer_randomness(.. 8388864) with jiffies: 9919978619453277063, cycles: -8526765458550947830
[    6.078860] random 0102 0000 0000 45b1d0b1 845a73f7: added 2 entropy credits to input
[    6.080609] random 0104 0000 0000 45b1d0b1 845a73f7: add_disk_randomness(8:0) 45b1d0b1 845a73f7
[    6.080612] random 0104 0000 0000 45b1d0b1 845a73f7: add_timer_randomness(.. 8388864) with jiffies: 9935774620109734792, cycles: -8510969457894490102
[    6.090837] random 0104 0000 0000 45b1d0b1 845a73f7: add_disk_randomness(8:0) 45b1d0b1 845a73f7
[    6.090840] random 0104 0000 0000 45b1d0b1 845a73f7: add_timer_randomness(.. 8388864) with jiffies: 10027779536918905747, cycles: -8418964541085319158
[    6.090843] random 0104 0000 0000 45b1d0b1 845a73f7: added 3 entropy credits to input
[    6.104774] random 0107 0000 0000 45b1d0b1 845a73f7: add_disk_randomness(8:0) 45b1d0b1 845a73f7
[    6.104777] random 0107 0000 0000 45b1d0b1 845a73f7: add_timer_randomness(.. 8388864) with jiffies: 10153166636064670625, cycles: -8293577441939554294
[    6.104780] random 0107 0000 0000 45b1d0b1 845a73f7: added 1 entropy credits to input
[    6.117293] random 0108 0000 0000 45b1d0b1 845a73f7: add_disk_randomness(8:0) 45b1d0b1 845a73f7
