[    0.000000] random 0000 0000 0000 00000000 00000000: rand_read_num 1 get_random_bytes(8): sig 00000000 00000000 00000000
[    0.000000] random 0000 0000 0000 00000000 00000000: extract_entropy(.. 8 ..)
[    0.000000] random 0000 0000 0000 00000000 00000000: going to reseed nonblocking with 64 bits (64 of 0 requested)
[    0.000000] random 0000 0000 0000 00000000 00000000: extract_entropy(.. 8 ..)
[    0.000000] random 0000 0000 0000 00000000 00000000: trying to extract 64 bits from input
[    0.000000] random 0000 0000 0000 00000000 00000000: debiting 0 entropy credits from input
[    0.000000] random 0000 0000 0000 00000000 00000000: extract_entropy account returned: 0 
[    0.000000] random 0000 0000 0000 00000000 00000000: urand_change_num 1 xfer_secondary_pool(8): pool_sig 00000000, data_sig 00000000, bytes_mixed 0 00000000 00000000
[    0.000000] random 0000 0000 0000 00000000 00000000: trying to extract 64 bits from nonblocking
[    0.000000] random 0000 0000 0000 00000000 00000000: debiting 64 entropy credits from nonblocking (unlimited)
[    0.000000] random 0000 0000 0000 00000000 00000000: extract_entropy account returned: 8 
[    0.000000] random 0000 0000 0000 00000000 00000000: urand_change_num 2 extract_buf: pool_sig 00000000, data_sig fffffff9, bytes_mixed 20 00000000 00000000
[    0.000000] Linux version 2.6.32.57 (dcashman@dcashman-02) (gcc version 4.3.3 (GCC) ) #6 Thu May 30 09:02:12 PDT 2013
[    0.000000] KERNEL supported cpus:
[    0.000000]   Intel GenuineIntel
[    0.000000]   AMD AuthenticAMD
[    0.000000]   NSC Geode by NSC
[    0.000000]   Cyrix CyrixInstead
[    0.000000]   Centaur CentaurHauls
[    0.000000]   Transmeta GenuineTMx86
[    0.000000]   Transmeta TransmetaCPU
[    0.000000]   UMC UMC UMC UMC
[    0.000000] BIOS-provided physical RAM map:
[    0.000000]  BIOS-e820: 0000000000000000 - 000000000009d800 (usable)
[    0.000000]  BIOS-e820: 000000000009d800 - 00000000000a0000 (reserved)
[    0.000000]  BIOS-e820: 00000000000d2000 - 00000000000d4000 (reserved)
[    0.000000]  BIOS-e820: 00000000000e0000 - 0000000000100000 (reserved)
[    0.000000]  BIOS-e820: 0000000000100000 - 000000003d6b0000 (usable)
[    0.000000]  BIOS-e820: 000000003d6b0000 - 000000003d6cc000 (ACPI data)
[    0.000000]  BIOS-e820: 000000003d6cc000 - 000000003d700000 (ACPI NVS)
[    0.000000]  BIOS-e820: 000000003d700000 - 000000003e000000 (reserved)
[    0.000000]  BIOS-e820: 00000000f0000000 - 00000000f4000000 (reserved)
[    0.000000]  BIOS-e820: 00000000fec00000 - 00000000fec10000 (reserved)
[    0.000000]  BIOS-e820: 00000000fed00000 - 00000000fed00400 (reserved)
[    0.000000]  BIOS-e820: 00000000fed14000 - 00000000fed1a000 (reserved)
[    0.000000]  BIOS-e820: 00000000fed1c000 - 00000000fed90000 (reserved)
[    0.000000]  BIOS-e820: 00000000fee00000 - 00000000fee01000 (reserved)
[    0.000000]  BIOS-e820: 00000000ff000000 - 0000000100000000 (reserved)
[    0.000000] DMI present.
[    0.000000] last_pfn = 0x3d6b0 max_arch_pfn = 0x100000
[    0.000000] MTRR default type: uncachable
[    0.000000] MTRR fixed ranges enabled:
[    0.000000]   00000-9FFFF write-back
[    0.000000]   A0000-BFFFF uncachable
[    0.000000]   C0000-CFFFF write-protect
[    0.000000]   D0000-DFFFF uncachable
[    0.000000]   E0000-FFFFF write-protect
[    0.000000] MTRR variable ranges enabled:
[    0.000000]   0 base 03E000000 mask FFE000000 uncachable
[    0.000000]   1 base 000000000 mask FC0000000 write-back
[    0.000000]   2 base 03D700000 mask FFFF00000 uncachable
[    0.000000]   3 base 03D800000 mask FFF800000 uncachable
[    0.000000]   4 disabled
[    0.000000]   5 disabled
[    0.000000]   6 disabled
[    0.000000]   7 disabled
[    0.000000] initial memory mapped : 0 - 02000000
[    0.000000] init_memory_mapping: 0000000000000000-00000000377fe000
[    0.000000]  0000000000 - 0000400000 page 4k
[    0.000000]  0000400000 - 0037400000 page 2M
[    0.000000]  0037400000 - 00377fe000 page 4k
[    0.000000] kernel direct mapping tables up to 377fe000 @ 7000-c000
[    0.000000] ACPI: RSDP 000f68d0 00024 (v02 LENOVO)
[    0.000000] ACPI: XSDT 3d6bb77f 00094 (v01 LENOVO TP-7L    00002170  LTP 00000000)
[    0.000000] ACPI: FACP 3d6bb900 000F4 (v03 LENOVO TP-7L    00002170 LNVO 00000001)
[    0.000000] ACPI Warning: 32/64X length mismatch in Gpe1Block: 0/32 (20090903/tbfadt-526)
[    0.000000] ACPI Warning: Optional field Gpe1Block has zero address or length: 000000000000102C/0 (20090903/tbfadt-557)
[    0.000000] ACPI: DSDT 3d6bbd1d 0FED1 (v01 LENOVO TP-7L    00002170 MSFT 03000000)
[    0.000000] ACPI: FACS 3d6e4000 00040
[    0.000000] ACPI: SSDT 3d6bbab4 00269 (v01 LENOVO TP-7L    00002170 MSFT 03000000)
[    0.000000] ACPI: ECDT 3d6cbbee 00052 (v01 LENOVO TP-7L    00002170 LNVO 00000001)
[    0.000000] ACPI: TCPA 3d6cbc40 00032 (v02 LENOVO TP-7L    00002170 LNVO 00000001)
[    0.000000] ACPI: APIC 3d6cbc72 00068 (v01 LENOVO TP-7L    00002170 LNVO 00000001)
[    0.000000] ACPI: MCFG 3d6cbcda 0003C (v01 LENOVO TP-7L    00002170 LNVO 00000001)
[    0.000000] ACPI: HPET 3d6cbd16 00038 (v01 LENOVO TP-7L    00002170 LNVO 00000001)
[    0.000000] ACPI: SLIC 3d6cbdf0 00176 (v01 LENOVO TP-7L    00002170  LTP 00000000)
[    0.000000] ACPI: BOOT 3d6cbf66 00028 (v01 LENOVO TP-7L    00002170  LTP 00000001)
[    0.000000] ACPI: ASF! 3d6cbf8e 00072 (v16 LENOVO TP-7L    00002170 PTL  00000001)
[    0.000000] ACPI: SSDT 3d6e26d9 0025F (v01 LENOVO TP-7L    00002170 INTL 20050513)
[    0.000000] ACPI: SSDT 3d6e2938 000A6 (v01 LENOVO TP-7L    00002170 INTL 20050513)
[    0.000000] ACPI: SSDT 3d6e29de 004F7 (v01 LENOVO TP-7L    00002170 INTL 20050513)
[    0.000000] ACPI: SSDT 3d6e2ed5 001D8 (v01 LENOVO TP-7L    00002170 INTL 20050513)
[    0.000000] ACPI: DMI detected: Lenovo ThinkPad R61
[    0.000000] ACPI: Added _OSI(Linux)
[    0.000000] ACPI: Local APIC address 0xfee00000
[    0.000000] 94MB HIGHMEM available.
[    0.000000] 887MB LOWMEM available.
[    0.000000]   mapped low ram: 0 - 377fe000
[    0.000000]   low ram: 0 - 377fe000
[    0.000000]   node 0 low ram: 00000000 - 377fe000
[    0.000000]   node 0 bootmap 00008000 - 0000ef00
[    0.000000] (6 early reservations) ==> bootmem [0000000000 - 00377fe000]
[    0.000000]   #0 [0000000000 - 0000001000]   BIOS data page ==> [0000000000 - 0000001000]
[    0.000000]   #1 [0001000000 - 0001bdc180]    TEXT DATA BSS ==> [0001000000 - 0001bdc180]
[    0.000000]   #2 [000009d800 - 0000100000]    BIOS reserved ==> [000009d800 - 0000100000]
[    0.000000]   #3 [0001bdd000 - 0001be516c]              BRK ==> [0001bdd000 - 0001be516c]
[    0.000000]   #4 [0000007000 - 0000008000]          PGTABLE ==> [0000007000 - 0000008000]
[    0.000000]   #5 [0000008000 - 000000f000]          BOOTMAP ==> [0000008000 - 000000f000]
[    0.000000] found SMP MP-table at [c00f6900] f6900
[    0.000000] Zone PFN ranges:
[    0.000000]   DMA      0x00000000 -> 0x00001000
[    0.000000]   Normal   0x00001000 -> 0x000377fe
[    0.000000]   HighMem  0x000377fe -> 0x0003d6b0
[    0.000000] Movable zone start PFN for each node
[    0.000000] early_node_map[2] active PFN ranges
[    0.000000]     0: 0x00000000 -> 0x0000009d
[    0.000000]     0: 0x00000100 -> 0x0003d6b0
[    0.000000] On node 0 totalpages: 251469
[    0.000000] free_area_init_node: node 0, pgdat c1901ea0, node_mem_map c1be7000
[    0.000000]   DMA zone: 32 pages used for memmap
[    0.000000]   DMA zone: 0 pages reserved
[    0.000000]   DMA zone: 3965 pages, LIFO batch:0
[    0.000000]   Normal zone: 1744 pages used for memmap
[    0.000000]   Normal zone: 221486 pages, LIFO batch:31
[    0.000000]   HighMem zone: 190 pages used for memmap
[    0.000000]   HighMem zone: 24052 pages, LIFO batch:3
[    0.000000] Using APIC driver default
[    0.000000] ACPI: PM-Timer IO Port: 0x1008
[    0.000000] ACPI: Local APIC address 0xfee00000
[    0.000000] ACPI: LAPIC (acpi_id[0x00] lapic_id[0x00] enabled)
[    0.000000] ACPI: LAPIC (acpi_id[0x01] lapic_id[0x01] enabled)
[    0.000000] ACPI: NR_CPUS/possible_cpus limit of 1 reached.  Processor 1/0x1 ignored.
[    0.000000] ACPI: LAPIC_NMI (acpi_id[0x00] high edge lint[0x1])
[    0.000000] ACPI: LAPIC_NMI (acpi_id[0x01] high edge lint[0x1])
[    0.000000] ACPI: IOAPIC (id[0x01] address[0xfec00000] gsi_base[0])
[    0.000000] IOAPIC[0]: apic_id 1, version 32, address 0xfec00000, GSI 0-23
[    0.000000] ACPI: INT_SRC_OVR (bus 0 bus_irq 0 global_irq 2 dfl dfl)
[    0.000000] ACPI: INT_SRC_OVR (bus 0 bus_irq 9 global_irq 9 high level)
[    0.000000] ACPI: IRQ0 used by override.
[    0.000000] ACPI: IRQ2 used by override.
[    0.000000] ACPI: IRQ9 used by override.
[    0.000000] Using ACPI (MADT) for SMP configuration information
[    0.000000] ACPI: HPET id: 0x8086a201 base: 0xfed00000
[    0.000000] nr_irqs_gsi: 24
[    0.000000] PM: Registered nosave memory: 000000000009d000 - 000000000009e000
[    0.000000] PM: Registered nosave memory: 000000000009e000 - 00000000000a0000
[    0.000000] PM: Registered nosave memory: 00000000000a0000 - 00000000000d2000
[    0.000000] PM: Registered nosave memory: 00000000000d2000 - 00000000000d4000
[    0.000000] PM: Registered nosave memory: 00000000000d4000 - 00000000000e0000
[    0.000000] PM: Registered nosave memory: 00000000000e0000 - 0000000000100000
[    0.000000] Allocating PCI resources starting at 3e000000 (gap: 3e000000:b2000000)
[    0.000000] Built 1 zonelists in Zone order, mobility grouping on.  Total pages: 249503
[    0.000000] Kernel command line: auto BOOT_IMAGE=Linux ro root=802 vt.default_utf8=0 maxcpus=0
[    0.000000] PID hash table entries: 4096 (order: 2, 16384 bytes)
[    0.000000] Dentry cache hash table entries: 131072 (order: 7, 524288 bytes)
[    0.000000] Inode-cache hash table entries: 65536 (order: 6, 262144 bytes)
[    0.000000] Enabling fast FPU save and restore... done.
[    0.000000] Enabling unmasked SIMD FPU exception support... done.
[    0.000000] Initializing CPU#0
[    0.000000] Initializing HighMem for node 0 (000377fe:0003d6b0)
[    0.000000] Memory: 984800k/1006272k available (6915k kernel code, 20876k reserved, 2327k data, 448k init, 96968k highmem)
[    0.000000] virtual kernel memory layout:
[    0.000000]     fixmap  : 0xfffa3000 - 0xfffff000   ( 368 kB)
[    0.000000]     pkmap   : 0xff800000 - 0xffc00000   (4096 kB)
[    0.000000]     vmalloc : 0xf7ffe000 - 0xff7fe000   ( 120 MB)
[    0.000000]     lowmem  : 0xc0000000 - 0xf77fe000   ( 887 MB)
[    0.000000]       .init : 0xc1907000 - 0xc1977000   ( 448 kB)
[    0.000000]       .data : 0xc16c0d3f - 0xc1906c64   (2327 kB)
[    0.000000]       .text : 0xc1000000 - 0xc16c0d3f   (6915 kB)
[    0.000000] Checking if this processor honours the WP bit even in supervisor mode...Ok.
[    0.000000] SLUB: Genslabs=13, HWalign=64, Order=0-3, MinObjects=0, CPUs=1, Nodes=1
[    0.000000] Hierarchical RCU implementation.
[    0.000000] NR_IRQS:288
[    0.000000] Extended CMOS year: 2000
[    0.000000] Console: colour VGA+ 80x25
[    0.000000] console [tty0] enabled
[    0.000000] hpet clockevent registered
[    0.000000] Fast TSC calibration using PIT
[    0.000000] Detected 2094.821 MHz processor.
[    0.001002] Calibrating delay loop (skipped), value calculated using timer frequency.. 4189.64 BogoMIPS (lpj=2094821)
[    0.001168] Security Framework initialized
[    0.001257] Mount-cache hash table entries: 512
[    0.001405] CPU: L1 I cache: 32K, L1 D cache: 32K
[    0.001529] CPU: L2 cache: 3072K
[    0.001606] mce: CPU supports 6 MCE banks
[    0.001690] CPU0: Thermal monitoring enabled (TM2)
[    0.002005] using mwait in idle threads.
[    0.002086] CPU: Intel(R) Core(TM)2 Duo CPU     T8100  @ 2.10GHz stepping 06
[    0.002255] Checking 'hlt' instruction... OK.
[    0.006934] ACPI: Core revision 20090903
[    0.026009] RANDOM get_random_int first call with cycles 32578019596, jiffies 4294667322 and pid 0
[    0.026017] CANARY value: bd7a9c22 for PID: 1
[    0.026024] CANARY value: 1b823fa3 for PID: 2
[    0.026046] Enabling APIC mode:  Flat.  Using 1 I/O APICs
[    0.027369] ..TIMER: vector=0x30 apic1=0 pin1=2 apic2=-1 pin2=-1
[    0.037997] xor: automatically using best checksumming function: pIII_sse
[    0.041998]    pIII_sse  :  8568.000 MB/sec
[    0.042081] xor: using function: pIII_sse (8568.000 MB/sec)
[    0.042161] RANDOM - __seed init called.
[    0.042162] RANDOM - __seed init called.
[    0.042163] RANDOM - __seed init called.
[    0.042165] RANDOM - __random32 called. Change num 1.  Value: f7943846	49e73df3	af36cd0d
[    0.042167] RANDOM - __random32 called. Change num 2.  Value: 43846e13	9e73df37	9a1ad014
[    0.042168] RANDOM - __random32 called. Change num 3.  Value: 46e139c8	e73df373	a029598a
[    0.042170] RANDOM - __random32 called. Change num 4.  Value: 139c8c3b	73df373d	b3142c72
[    0.042172] RANDOM - __random32 called. Change num 5.  Value: c8c3b043	3df373de	58e576a9
[    0.042174] RANDOM - __random32 called. Change num 6.  Value: 3b0437d9	df373de5	ed53f9d8
[    0.042175] RANDOM - random32 init called.  Value: 3b0437d9	df373de5	ed53f9d8
[    0.042193] NET: Registered protocol family 16
[    0.042446] ACPI FADT declares the system doesn't support PCIe ASPM, so disable it
[    0.042565] ACPI: bus type pci registered
[    0.042726] PCI: MCFG configuration 0: base f0000000 segment 0 buses 0 - 63
[    0.042814] PCI: MCFG area at f0000000 reserved in E820
[    0.042898] PCI: Using MMCONFIG for extended config space
[    0.042978] PCI: Using configuration type 1 for base access
[    0.046082] bio: create slab <bio-0> at 0
[    0.046902] ACPI: EC: EC description table is found, configuring boot EC
[    0.052058] ACPI: BIOS _OSI(Linux) query honored via DMI
[    0.052783] random 0000 0000 0000 00000000 00000000: rand_read_num 2 get_random_bytes(8): sig fffffe1a 00000000 00000000
[    0.052785] random 0000 0000 0000 00000000 00000000: extract_entropy(.. 8 ..)
[    0.052788] random 0000 0000 0000 00000000 00000000: going to reseed nonblocking with 64 bits (64 of 0 requested)
[    0.052790] random 0000 0000 0000 00000000 00000000: extract_entropy(.. 8 ..)
[    0.052792] random 0000 0000 0000 00000000 00000000: trying to extract 64 bits from input
[    0.052795] random 0000 0000 0000 00000000 00000000: debiting 0 entropy credits from input
[    0.052796] random 0000 0000 0000 00000000 00000000: extract_entropy account returned: 0 
[    0.052799] random 0000 0000 0000 00000000 00000000: urand_change_num 3 xfer_secondary_pool(8): pool_sig fffffe1a, data_sig 00000000, bytes_mixed 0 00000000 00000000
[    0.052803] random 0000 0000 0000 00000000 00000000: trying to extract 64 bits from nonblocking
[    0.052805] random 0000 0000 0000 00000000 00000000: debiting 64 entropy credits from nonblocking (unlimited)
[    0.052834] random 0000 0000 0000 00000000 00000000: extract_entropy account returned: 8 
[    0.052838] random 0000 0000 0000 00000000 00000000: urand_change_num 4 extract_buf: pool_sig fffffe1a, data_sig fffffed7, bytes_mixed 20 00000000 00000000
[    0.058648] ACPI: Interpreter enabled
[    0.058727] ACPI: (supports S0 S3 S4 S5)
[    0.058998] ACPI: Using IOAPIC for interrupt routing
[    0.068565] ACPI: EC: GPE = 0x12, I/O: command/status = 0x66, data = 0x62
[    0.068842] ACPI: Power Resource [PUBS] (on)
[    0.070958] ACPI: ACPI Dock Station Driver: 3 docks/bays found
[    0.071324] ACPI: PCI Root Bridge [PCI0] (0000:00)
[    0.071486] pci 0000:00:02.0: reg 10 64bit mmio: [0xf8100000-0xf81fffff]
[    0.071492] pci 0000:00:02.0: reg 18 64bit mmio pref: [0xe0000000-0xefffffff]
[    0.071496] pci 0000:00:02.0: reg 20 io port: [0x1800-0x1807]
[    0.071531] pci 0000:00:02.1: reg 10 64bit mmio: [0xf8200000-0xf82fffff]
[    0.071635] pci 0000:00:19.0: reg 10 32bit mmio: [0xfe000000-0xfe01ffff]
[    0.071642] pci 0000:00:19.0: reg 14 32bit mmio: [0xfe025000-0xfe025fff]
[    0.071651] pci 0000:00:19.0: reg 18 io port: [0x1840-0x185f]
[    0.071728] pci 0000:00:19.0: PME# supported from D0 D3hot D3cold
[    0.071817] pci 0000:00:19.0: PME# disabled
[    0.072024] pci 0000:00:1a.0: reg 20 io port: [0x1860-0x187f]
[    0.072119] pci 0000:00:1a.1: reg 20 io port: [0x1880-0x189f]
[    0.072203] pci 0000:00:1a.7: reg 10 32bit mmio: [0xfe226c00-0xfe226fff]
[    0.072285] pci 0000:00:1a.7: PME# supported from D0 D3hot D3cold
[    0.072371] pci 0000:00:1a.7: PME# disabled
[    0.072516] pci 0000:00:1b.0: reg 10 64bit mmio: [0xfe020000-0xfe023fff]
[    0.072597] pci 0000:00:1b.0: PME# supported from D0 D3hot D3cold
[    0.072693] pci 0000:00:1b.0: PME# disabled
[    0.072894] pci 0000:00:1c.0: PME# supported from D0 D3hot D3cold
[    0.072982] pci 0000:00:1c.0: PME# disabled
[    0.073114] pci 0000:00:1c.1: PME# supported from D0 D3hot D3cold
[    0.073204] pci 0000:00:1c.1: PME# disabled
[    0.073399] pci 0000:00:1c.2: PME# supported from D0 D3hot D3cold
[    0.073480] pci 0000:00:1c.2: PME# disabled
[    0.073678] pci 0000:00:1c.3: PME# supported from D0 D3hot D3cold
[    0.073769] pci 0000:00:1c.3: PME# disabled
[    0.074115] pci 0000:00:1c.4: PME# supported from D0 D3hot D3cold
[    0.074198] pci 0000:00:1c.4: PME# disabled
[    0.074332] pci 0000:00:1d.0: reg 20 io port: [0x18a0-0x18bf]
[    0.075001] pci 0000:00:1d.1: reg 20 io port: [0x18c0-0x18df]
[    0.075089] pci 0000:00:1d.2: reg 20 io port: [0x18e0-0x18ff]
[    0.075181] pci 0000:00:1d.7: reg 10 32bit mmio: [0xfe227000-0xfe2273ff]
[    0.075279] pci 0000:00:1d.7: PME# supported from D0 D3hot D3cold
[    0.075368] pci 0000:00:1d.7: PME# disabled
[    0.075651] pci 0000:00:1f.0: quirk: region 1000-107f claimed by ICH6 ACPI/GPIO/TCO
[    0.075778] pci 0000:00:1f.0: quirk: region 1180-11bf claimed by ICH6 GPIO
[    0.075861] pci 0000:00:1f.0: ICH7 LPC Generic IO decode 1 PIO at 1600 (mask 007f)
[    0.075976] pci 0000:00:1f.0: ICH7 LPC Generic IO decode 2 PIO at 15e0 (mask 000f)
[    0.075998] pci 0000:00:1f.0: ICH7 LPC Generic IO decode 3 PIO at 1680 (mask 001f)
[    0.076195] pci 0000:00:1f.1: reg 10 io port: [0x00-0x07]
[    0.076202] pci 0000:00:1f.1: reg 14 io port: [0x00-0x03]
[    0.076211] pci 0000:00:1f.1: reg 18 io port: [0x00-0x07]
[    0.076223] pci 0000:00:1f.1: reg 1c io port: [0x00-0x03]
[    0.076232] pci 0000:00:1f.1: reg 20 io port: [0x1c00-0x1c0f]
[    0.076320] pci 0000:00:1f.2: reg 10 io port: [0x1c50-0x1c57]
[    0.076329] pci 0000:00:1f.2: reg 14 io port: [0x1c44-0x1c47]
[    0.076336] pci 0000:00:1f.2: reg 18 io port: [0x1c48-0x1c4f]
[    0.076345] pci 0000:00:1f.2: reg 1c io port: [0x1c40-0x1c43]
[    0.076354] pci 0000:00:1f.2: reg 20 io port: [0x1c20-0x1c3f]
[    0.076363] pci 0000:00:1f.2: reg 24 32bit mmio: [0xfe226000-0xfe2267ff]
[    0.076427] pci 0000:00:1f.2: PME# supported from D3hot
[    0.076512] pci 0000:00:1f.2: PME# disabled
[    0.076639] pci 0000:00:1f.3: reg 10 32bit mmio: [0xfe227400-0xfe2274ff]
[    0.076663] pci 0000:00:1f.3: reg 20 io port: [0x1c60-0x1c7f]
[    0.076754] pci 0000:00:1c.0: bridge io port: [0x2000-0x2fff]
[    0.076758] pci 0000:00:1c.0: bridge 32bit mmio: [0xfc000000-0xfdffffff]
[    0.076767] pci 0000:00:1c.0: bridge 64bit mmio pref: [0xf8000000-0xf80fffff]
[    0.076842] pci 0000:03:00.0: reg 10 64bit mmio: [0xdf3f0000-0xdf3fffff]
[    0.077138] pci 0000:00:1c.1: bridge io port: [0x3000-0x3fff]
[    0.077144] pci 0000:00:1c.1: bridge 32bit mmio: [0xdc000000-0xdf3fffff]
[    0.077153] pci 0000:00:1c.1: bridge 64bit mmio pref: [0xdfe00000-0xdfefffff]
[    0.077210] pci 0000:00:1c.2: bridge io port: [0x4000-0x4fff]
[    0.077217] pci 0000:00:1c.2: bridge 32bit mmio: [0xd8000000-0xd9ffffff]
[    0.077224] pci 0000:00:1c.2: bridge 64bit mmio pref: [0xdfb00000-0xdfbfffff]
[    0.077280] pci 0000:00:1c.3: bridge io port: [0x5000-0x5fff]
[    0.077284] pci 0000:00:1c.3: bridge 32bit mmio: [0xd4000000-0xd5ffffff]
[    0.077293] pci 0000:00:1c.3: bridge 64bit mmio pref: [0xdf800000-0xdf8fffff]
[    0.077350] pci 0000:00:1c.4: bridge io port: [0x6000-0x6fff]
[    0.077354] pci 0000:00:1c.4: bridge 32bit mmio: [0xd0000000-0xd1ffffff]
[    0.077363] pci 0000:00:1c.4: bridge 64bit mmio pref: [0xdf500000-0xdf5fffff]
[    0.077422] pci 0000:15:00.0: reg 10 32bit mmio: [0xf8300000-0xf8300fff]
[    0.077471] pci 0000:15:00.0: supports D1 D2
[    0.077472] pci 0000:15:00.0: PME# supported from D0 D1 D2 D3hot D3cold
[    0.077574] pci 0000:15:00.0: PME# disabled
[    0.077714] pci 0000:15:00.1: reg 10 32bit mmio: [0xf8301000-0xf83017ff]
[    0.077815] pci 0000:15:00.1: supports D1 D2
[    0.077816] pci 0000:15:00.1: PME# supported from D0 D1 D2 D3hot D3cold
[    0.077901] pci 0000:15:00.1: PME# disabled
[    0.078070] pci 0000:00:1e.0: transparent bridge
[    0.078157] pci 0000:00:1e.0: bridge io port: [0x7000-0xafff]
[    0.078163] pci 0000:00:1e.0: bridge 32bit mmio: [0xf8300000-0xfbffffff]
[    0.078172] pci 0000:00:1e.0: bridge 64bit mmio pref: [0xf4000000-0xf7ffffff]
[    0.078237] pci_bus 0000:00: on NUMA node 0
[    0.078241] ACPI: PCI Interrupt Routing Table [\_SB_.PCI0._PRT]
[    0.078374] ACPI: PCI Interrupt Routing Table [\_SB_.PCI0.EXP0._PRT]
[    0.078433] ACPI: PCI Interrupt Routing Table [\_SB_.PCI0.EXP1._PRT]
[    0.078492] ACPI: PCI Interrupt Routing Table [\_SB_.PCI0.EXP2._PRT]
[    0.078550] ACPI: PCI Interrupt Routing Table [\_SB_.PCI0.EXP3._PRT]
[    0.078612] ACPI: PCI Interrupt Routing Table [\_SB_.PCI0.EXP4._PRT]
[    0.078675] ACPI: PCI Interrupt Routing Table [\_SB_.PCI0.PCI1._PRT]
[    0.084154] ACPI: PCI Interrupt Link [LNKA] (IRQs 3 4 5 6 7 9 *10 11)
[    0.084870] ACPI: PCI Interrupt Link [LNKB] (IRQs 3 4 5 6 7 9 10 *11)
[    0.085606] ACPI: PCI Interrupt Link [LNKC] (IRQs 3 4 5 6 7 9 10 *11)
[    0.086341] ACPI: PCI Interrupt Link [LNKD] (IRQs 3 4 5 6 7 9 10 *11)
[    0.087108] ACPI: PCI Interrupt Link [LNKE] (IRQs 3 4 5 6 7 9 10 *11)
[    0.087828] ACPI: PCI Interrupt Link [LNKF] (IRQs 3 4 5 6 7 9 10 *11)
[    0.088507] ACPI: PCI Interrupt Link [LNKG] (IRQs 3 4 5 6 7 9 10 *11)
[    0.089231] ACPI: PCI Interrupt Link [LNKH] (IRQs 3 4 5 6 7 9 10 *11)
[    0.089922] vgaarb: device added: PCI:0000:00:02.0,decodes=io+mem,owns=io+mem,locks=none
[    0.090001] vgaarb: loaded
[    0.090174] SCSI subsystem initialized
[    0.090269] libata version 3.00 loaded.
[    0.090316] usbcore: registered new interface driver usbfs
[    0.090440] usbcore: registered new interface driver hub
[    0.090544] usbcore: registered new device driver usb
[    0.107043] raid6: int32x1    941 MB/s
[    0.123990] raid6: int32x2    886 MB/s
[    0.141070] raid6: int32x4    750 MB/s
[    0.157992] raid6: int32x8    656 MB/s
[    0.174984] raid6: mmxx1     2878 MB/s
[    0.191985] raid6: mmxx2     3253 MB/s
[    0.208994] raid6: sse1x1    1937 MB/s
[    0.225978] raid6: sse1x2    2531 MB/s
[    0.242973] raid6: sse2x1    3507 MB/s
[    0.259981] raid6: sse2x2    3832 MB/s
[    0.260063] raid6: using algorithm sse2x2 (3832 MB/s)
[    0.260147] PCI: Using ACPI for IRQ routing
[    0.260442] HPET: 3 timers in total, 0 timers will be used for per-cpu timer
[    0.260990] Switching to clocksource tsc
[    0.261085] pnp: PnP ACPI init
[    0.261171] ACPI: bus type pnp registered
[    0.264844] pnp: PnP ACPI: found 11 devices
[    0.264949] ACPI: ACPI bus type pnp unregistered
[    0.265044] system 00:00: iomem range 0x0-0x9ffff could not be reserved
[    0.265132] system 00:00: iomem range 0xc0000-0xc3fff could not be reserved
[    0.265222] system 00:00: iomem range 0xc4000-0xc7fff could not be reserved
[    0.265309] system 00:00: iomem range 0xc8000-0xcbfff has been reserved
[    0.265390] system 00:00: iomem range 0xcc000-0xcffff has been reserved
[    0.265477] system 00:00: iomem range 0xd0000-0xd3fff could not be reserved
[    0.265562] system 00:00: iomem range 0xe0000-0xe3fff could not be reserved
[    0.265648] system 00:00: iomem range 0xe4000-0xe7fff could not be reserved
[    0.265739] system 00:00: iomem range 0xe8000-0xebfff could not be reserved
[    0.265829] system 00:00: iomem range 0xec000-0xeffff could not be reserved
[    0.265927] system 00:00: iomem range 0xf0000-0xfffff could not be reserved
[    0.266019] system 00:00: iomem range 0x100000-0x3dffffff could not be reserved
[    0.266132] system 00:00: iomem range 0xfec00000-0xfed3ffff could not be reserved
[    0.266243] system 00:00: iomem range 0xfed4c000-0xffffffff could not be reserved
[    0.266367] system 00:02: ioport range 0x164e-0x164f has been reserved
[    0.266450] system 00:02: ioport range 0x1000-0x107f has been reserved
[    0.266530] system 00:02: ioport range 0x1180-0x11bf has been reserved
[    0.266623] system 00:02: ioport range 0x800-0x80f has been reserved
[    0.266704] system 00:02: ioport range 0x15e0-0x15ef has been reserved
[    0.266793] system 00:02: ioport range 0x1600-0x165f could not be reserved
[    0.266889] system 00:02: iomem range 0xf0000000-0xf3ffffff has been reserved
[    0.266972] system 00:02: iomem range 0xfed1c000-0xfed1ffff has been reserved
[    0.267055] system 00:02: iomem range 0xfed14000-0xfed17fff has been reserved
[    0.267139] system 00:02: iomem range 0xfed18000-0xfed18fff has been reserved
[    0.267223] system 00:02: iomem range 0xfed19000-0xfed19fff has been reserved
[    0.267322] system 00:02: iomem range 0xfed45000-0xfed4bfff has been reserved
[    0.302357] pci 0000:00:1c.0: PCI bridge, secondary bus 0000:02
[    0.302448] pci 0000:00:1c.0:   IO window: 0x2000-0x2fff
[    0.302537] pci 0000:00:1c.0:   MEM window: 0xfc000000-0xfdffffff
[    0.302624] pci 0000:00:1c.0:   PREFETCH window: 0x000000f8000000-0x000000f80fffff
[    0.302752] pci 0000:00:1c.1: PCI bridge, secondary bus 0000:03
[    0.302834] pci 0000:00:1c.1:   IO window: 0x3000-0x3fff
[    0.302924] pci 0000:00:1c.1:   MEM window: 0xdc000000-0xdf3fffff
[    0.303009] pci 0000:00:1c.1:   PREFETCH window: 0x000000dfe00000-0x000000dfefffff
[    0.303126] pci 0000:00:1c.2: PCI bridge, secondary bus 0000:04
[    0.303208] pci 0000:00:1c.2:   IO window: 0x4000-0x4fff
[    0.303303] pci 0000:00:1c.2:   MEM window: 0xd8000000-0xd9ffffff
[    0.303391] pci 0000:00:1c.2:   PREFETCH window: 0x000000dfb00000-0x000000dfbfffff
[    0.303516] pci 0000:00:1c.3: PCI bridge, secondary bus 0000:05
[    0.303596] pci 0000:00:1c.3:   IO window: 0x5000-0x5fff
[    0.303682] pci 0000:00:1c.3:   MEM window: 0xd4000000-0xd5ffffff
[    0.303772] pci 0000:00:1c.3:   PREFETCH window: 0x000000df800000-0x000000df8fffff
[    0.303905] pci 0000:00:1c.4: PCI bridge, secondary bus 0000:0d
[    0.303994] pci 0000:00:1c.4:   IO window: 0x6000-0x6fff
[    0.304078] pci 0000:00:1c.4:   MEM window: 0xd0000000-0xd1ffffff
[    0.304161] pci 0000:00:1c.4:   PREFETCH window: 0x000000df500000-0x000000df5fffff
[    0.304282] pci 0000:15:00.0: CardBus bridge, secondary bus 0000:16
[    0.304378] pci 0000:15:00.0:   IO window: 0x007000-0x0070ff
[    0.304462] pci 0000:15:00.0:   IO window: 0x007400-0x0074ff
[    0.304555] pci 0000:15:00.0:   PREFETCH window: 0xf4000000-0xf7ffffff
[    0.304644] pci 0000:15:00.0:   MEM window: 0x40000000-0x43ffffff
[    0.304728] pci 0000:00:1e.0: PCI bridge, secondary bus 0000:15
[    0.304821] pci 0000:00:1e.0:   IO window: 0x7000-0xafff
[    0.304912] pci 0000:00:1e.0:   MEM window: 0xf8300000-0xfbffffff
[    0.304996] pci 0000:00:1e.0:   PREFETCH window: 0x000000f4000000-0x000000f7ffffff
[    0.305128] pci 0000:00:1c.0: PCI INT A -> GSI 20 (level, low) -> IRQ 20
[    0.305225] pci 0000:00:1c.0: setting latency timer to 64
[    0.305234] pci 0000:00:1c.1: PCI INT B -> GSI 21 (level, low) -> IRQ 21
[    0.305318] pci 0000:00:1c.1: setting latency timer to 64
[    0.305330] pci 0000:00:1c.2: PCI INT C -> GSI 22 (level, low) -> IRQ 22
[    0.305421] pci 0000:00:1c.2: setting latency timer to 64
[    0.305431] pci 0000:00:1c.3: PCI INT D -> GSI 23 (level, low) -> IRQ 23
[    0.305514] pci 0000:00:1c.3: setting latency timer to 64
[    0.305525] pci 0000:00:1c.4: PCI INT A -> GSI 20 (level, low) -> IRQ 20
[    0.305613] pci 0000:00:1c.4: setting latency timer to 64
[    0.305619] pci 0000:00:1e.0: enabling device (0005 -> 0007)
[    0.305718] pci 0000:00:1e.0: setting latency timer to 64
[    0.305730] pci 0000:15:00.0: PCI INT A -> GSI 16 (level, low) -> IRQ 16
[    0.305831] pci 0000:15:00.0: setting latency timer to 64
[    0.305837] pci_bus 0000:00: resource 0 io:  [0x00-0xffff]
[    0.305839] pci_bus 0000:00: resource 1 mem: [0x000000-0xffffffff]
[    0.305841] pci_bus 0000:02: resource 0 io:  [0x2000-0x2fff]
[    0.305843] pci_bus 0000:02: resource 1 mem: [0xfc000000-0xfdffffff]
[    0.305845] pci_bus 0000:02: resource 2 pref mem [0xf8000000-0xf80fffff]
[    0.305846] pci_bus 0000:03: resource 0 io:  [0x3000-0x3fff]
[    0.305848] pci_bus 0000:03: resource 1 mem: [0xdc000000-0xdf3fffff]
[    0.305850] pci_bus 0000:03: resource 2 pref mem [0xdfe00000-0xdfefffff]
[    0.305852] pci_bus 0000:04: resource 0 io:  [0x4000-0x4fff]
[    0.305854] pci_bus 0000:04: resource 1 mem: [0xd8000000-0xd9ffffff]
[    0.305856] pci_bus 0000:04: resource 2 pref mem [0xdfb00000-0xdfbfffff]
[    0.305858] pci_bus 0000:05: resource 0 io:  [0x5000-0x5fff]
[    0.305863] pci_bus 0000:05: resource 1 mem: [0xd4000000-0xd5ffffff]
[    0.305864] pci_bus 0000:05: resource 2 pref mem [0xdf800000-0xdf8fffff]
[    0.305866] pci_bus 0000:0d: resource 0 io:  [0x6000-0x6fff]
[    0.305868] pci_bus 0000:0d: resource 1 mem: [0xd0000000-0xd1ffffff]
[    0.305870] pci_bus 0000:0d: resource 2 pref mem [0xdf500000-0xdf5fffff]
[    0.305872] pci_bus 0000:15: resource 0 io:  [0x7000-0xafff]
[    0.305874] pci_bus 0000:15: resource 1 mem: [0xf8300000-0xfbffffff]
[    0.305876] pci_bus 0000:15: resource 2 pref mem [0xf4000000-0xf7ffffff]
[    0.305878] pci_bus 0000:15: resource 3 io:  [0x00-0xffff]
[    0.305879] pci_bus 0000:15: resource 4 mem: [0x000000-0xffffffff]
[    0.305881] pci_bus 0000:16: resource 0 io:  [0x7000-0x70ff]
[    0.305883] pci_bus 0000:16: resource 1 io:  [0x7400-0x74ff]
[    0.305885] pci_bus 0000:16: resource 2 pref mem [0xf4000000-0xf7ffffff]
[    0.305887] pci_bus 0000:16: resource 3 mem: [0x40000000-0x43ffffff]
[    0.305894] NET: Registered protocol family 2
[    0.305976] RANDOM - __random32 called. Change num 7.  Value: 437d97bf	f373de51	f3b0f986
[    0.305978] RANDOM - random32 called.  Value: 437d97bf	f373de51	f3b0f986
[    0.305982] random 0000 0000 0000 5f8db4e5 4cfdf2a8: rand_read_num 3 get_random_bytes(4): sig fffffb64 5f8db4e5 4cfdf2a8
[    0.305985] random 0000 0000 0000 5f8db4e5 4cfdf2a8: extract_entropy(.. 4 ..)
[    0.305987] random 0000 0000 0000 5f8db4e5 4cfdf2a8: going to reseed nonblocking with 64 bits (32 of 0 requested)
[    0.305989] random 0000 0000 0000 5f8db4e5 4cfdf2a8: extract_entropy(.. 8 ..)
[    0.305992] random 0000 0000 0000 5f8db4e5 4cfdf2a8: trying to extract 64 bits from input
[    0.305994] random 0000 0000 0000 5f8db4e5 4cfdf2a8: debiting 0 entropy credits from input
[    0.305996] random 0000 0000 0000 5f8db4e5 4cfdf2a8: extract_entropy account returned: 0 
[    0.305999] random 0000 0000 0000 5f8db4e5 4cfdf2a8: urand_change_num 5 xfer_secondary_pool(4): pool_sig fffffb64, data_sig 00000000, bytes_mixed 0 5f8db4e5 4cfdf2a8
[    0.306002] random 0000 0000 0000 5f8db4e5 4cfdf2a8: trying to extract 32 bits from nonblocking
[    0.306004] random 0000 0000 0000 5f8db4e5 4cfdf2a8: debiting 32 entropy credits from nonblocking (unlimited)
[    0.306006] random 0000 0000 0000 5f8db4e5 4cfdf2a8: extract_entropy account returned: 4 
[    0.306010] random 0000 0000 0000 5f8db4e5 4cfdf2a8: urand_change_num 6 extract_buf: pool_sig fffffb64, data_sig 00000241, bytes_mixed 20 5f8db4e5 4cfdf2a8
[    0.306020] IP route cache hash table entries: 32768 (order: 5, 131072 bytes)
[    0.306151] RANDOM - __random32 called. Change num 8.  Value: d97bfe31	373de51f	f30dc6e6
[    0.306153] RANDOM - random32 called.  Value: d97bfe31	373de51f	f30dc6e6
[    0.306163] RANDOM - __random32 called. Change num 9.  Value: bfe314d7	73de51f5	8dcd6c7e
[    0.306165] RANDOM - random32 called.  Value: bfe314d7	73de51f5	8dcd6c7e
[    0.306167] RANDOM - __random32 called. Change num 10.  Value: 314d7baf	3de51f5e	d8fc74c1
[    0.306168] RANDOM - random32 called.  Value: 314d7baf	3de51f5e	d8fc74c1
[    0.306179] RANDOM - __random32 called. Change num 11.  Value: d7baf3c7	de51f5e5	e983e3fa
[    0.306180] RANDOM - random32 called.  Value: d7baf3c7	de51f5e5	e983e3fa
[    0.306189] TCP established hash table entries: 131072 (order: 8, 1048576 bytes)
[    0.306675] TCP bind hash table entries: 65536 (order: 6, 262144 bytes)
[    0.306850] TCP: Hash tables configured (established 131072 bind 65536)
[    0.306943] TCP reno registered
[    0.307045] NET: Registered protocol family 1
[    0.307149] RPC: Registered udp transport module.
[    0.307244] RPC: Registered tcp transport module.
[    0.307322] RPC: Registered tcp NFSv4.1 backchannel transport module.
[    0.307417] pci 0000:00:02.0: Boot video device
[    0.307631] Simple Boot Flag at 0x35 set to 0x1
[    0.308185] highmem bounce pool size: 64 pages
[    0.309675] VFS: Disk quotas dquot_6.5.2
[    0.309790] Dquot-cache hash table entries: 1024 (order 0, 4096 bytes)
[    0.310529] NTFS driver 2.1.29 [Flags: R/W].
[    0.310680] ROMFS MTD (C) 2007 Red Hat, Inc.
[    0.310885] JFS: nTxBlock = 7695, nTxLock = 61562
[    0.313357] SGI XFS with ACLs, security attributes, large block/inode numbers, no debug enabled
[    0.313842] SGI XFS Quota Management subsystem
[    0.314132] Slow work thread pool: Starting up
[    0.314226] Slow work thread pool: Ready
[    0.314310] GFS2 (built May 24 2013 02:47:17) installed
[    0.314403] msgmni has been set to 1734
[    0.314570] alg: No test for cipher_null (cipher_null-generic)
[    0.314660] alg: No test for ecb(cipher_null) (ecb-cipher_null)
[    0.314754] alg: No test for digest_null (digest_null-generic)
[    0.314851] alg: No test for compress_null (compress_null-generic)
[    0.315410] alg: No test for fcrypt (fcrypt-generic)
[    0.316817] alg: No test for stdrng (krng)
[    0.316924] async_tx: api initialized (async)
[    0.317074] Block layer SCSI generic (bsg) driver version 0.4 loaded (major 254)
[    0.317192] io scheduler noop registered
[    0.317272] io scheduler anticipatory registered
[    0.317362] io scheduler deadline registered
[    0.317486] io scheduler cfq registered (default)
[    0.317736] pcieport 0000:00:1c.0: irq 24 for MSI/MSI-X
[    0.317753] pcieport 0000:00:1c.0: setting latency timer to 64
[    0.317954] pcieport 0000:00:1c.1: irq 25 for MSI/MSI-X
[    0.317964] pcieport 0000:00:1c.1: setting latency timer to 64
[    0.318152] pcieport 0000:00:1c.2: irq 26 for MSI/MSI-X
[    0.318162] pcieport 0000:00:1c.2: setting latency timer to 64
[    0.318339] pcieport 0000:00:1c.3: irq 27 for MSI/MSI-X
[    0.318351] pcieport 0000:00:1c.3: setting latency timer to 64
[    0.318531] pcieport 0000:00:1c.4: irq 28 for MSI/MSI-X
[    0.318543] pcieport 0000:00:1c.4: setting latency timer to 64
[    0.318685] pci_hotplug: PCI Hot Plug PCI Core version: 0.5
[    0.318881] isapnp: Scanning for PnP cards...
[    0.679419] isapnp: No Plug & Play device found
[    0.679500] random 0000 0000 0000 5f8db4e5 4cfdf2a8: initializing
[    0.679502] RANDOM init_std_data for input now value: 1370019623679502712
[    0.679504] RANDOM init_std_data for blocking now value: 1370019623679504717
[    0.679505] RANDOM init_std_data for nonblocking now value: 1370019623679506441
[    0.699088] Serial: 8250/16550 driver, 4 ports, IRQ sharing enabled
[    3.709547] floppy0: no floppy controllers found
[    3.710488] brd: module loaded
[    3.710984] loop: module loaded
[    3.711062] Compaq SMART2 Driver (v 2.6.0)
[    3.711177] HP CISS Driver (v 3.6.20)
[    3.711417] input: Macintosh mouse button emulation as /devices/virtual/input/input0
[    3.711534] Uniform Multi-Platform E-IDE driver
[    3.711770] piix 0000:00:1f.1: IDE controller (0x8086:0x2850 rev 0x03)
[    3.711869] pci 0000:00:1f.1: PCI INT C -> GSI 16 (level, low) -> IRQ 16
[    3.711971] piix 0000:00:1f.1: IDE port disabled
[    3.712060] piix 0000:00:1f.1: not 100% native mode: will probe irqs later
[    3.712147]     ide0: BM-DMA at 0x1c00-0x1c07
[    3.712233] Probing IDE interface ide0...
[    4.383702] hda: HL-DT-ST DVDRAM GSA-U10N, ATAPI CD/DVD-ROM drive
[    4.690484] hda: host max PIO4 wanted PIO255(auto-tune) selected PIO4
[    4.691253] hda: UDMA/33 mode selected
[    4.691713] ide0 at 0x1f0-0x1f7,0x3f6 on irq 14
[    4.695592] ide-gd driver 1.18
[    4.695689] ide-cd driver 5.00
[    4.697067] random 0000 0000 0000 00000000 00000000: add_disk_randomness(0:0) 00000000 00000000
[    4.697072] random 0000 0000 0000 00000000 00000000: add_timer_randomness(.. 256) with jiffies: 17467791920233938553, cycles: -978952157770285047
[    4.697074] random 0000 0000 0000 00000000 00000000: added 11 entropy credits to input
[    4.697078] ide-cd: hda: ATAPI 24X DVD-ROM DVD-R/RAM CD-R/RW drive, 2048kB Cache
[    4.697489] Uniform CD-ROM driver Revision: 3.20
[    4.700370] random 0011 0000 0000 00000000 00000000: add_disk_randomness(0:0) 00000000 00000000
[    4.700373] random 0011 0000 0000 00000000 00000000: add_timer_randomness(.. 256) with jiffies: 17497508601386466940, cycles: -949235476617756663
[    4.700375] random 0011 0000 0000 00000000 00000000: added 1 entropy credits to input
[    4.700378] random 0012 0000 0000 00000000 00000000: add_disk_randomness(0:0) 00000000 00000000
[    4.700381] random 0012 0000 0000 00000000 00000000: add_timer_randomness(.. 256) with jiffies: 17497585266552700540, cycles: -949158811451523063
[    4.702366] random 0012 0000 0000 00000000 00000000: add_disk_randomness(0:0) 00000000 00000000
[    4.702369] random 0012 0000 0000 00000000 00000000: add_timer_randomness(.. 256) with jiffies: 17515467461673844350, cycles: -931276616330379255
[    4.702372] random 0012 0000 0000 00000000 00000000: added 1 entropy credits to input
[    4.702374] random 0013 0000 0000 00000000 00000000: add_disk_randomness(0:0) 00000000 00000000
[    4.702377] random 0013 0000 0000 00000000 00000000: add_timer_randomness(.. 256) with jiffies: 17515542730975706750, cycles: -931201347028516855
[    4.704362] random 0013 0000 0000 00000000 00000000: add_disk_randomness(0:0) 00000000 00000000
[    4.704365] random 0013 0000 0000 00000000 00000000: add_timer_randomness(.. 256) with jiffies: 17533427541731933824, cycles: -913316536272289783
[    4.704368] random 0013 0000 0000 00000000 00000000: added 1 entropy credits to input
[    4.704370] random 0014 0000 0000 00000000 00000000: add_disk_randomness(0:0) 00000000 00000000
[    4.704373] random 0014 0000 0000 00000000 00000000: add_timer_randomness(.. 256) with jiffies: 17533500508931325568, cycles: -913243569072898039
[    4.704650] Loading iSCSI transport class v2.0-870.
[    4.704925] rdac: device handler registered
[    4.705007] hp_sw: device handler registered
[    4.705085] emc: device handler registered
[    4.705174] alua: device handler registered
[    4.706150] Adaptec aacraid driver 1.1-5[2461]-ms
[    4.706575] scsi: <fdomain> Detection failed (no card)
[    4.706677] sym53c416.c: Version 1.0.0-ac
[    4.706788] qlogicfas: no cards were found, please specify I/O address and IRQ using iobase= and irq= options
[    4.706903] QLogic Fibre Channel HBA Driver: 8.03.01-k6
[    4.707116] iscsi: registered transport (qla4xxx)
[    4.707222] QLogic iSCSI HBA Driver
[    4.707300] Emulex LightPulse Fibre Channel SCSI driver 8.3.4
[    4.707379] Copyright(c) 2004-2009 Emulex.  All rights reserved.
[    4.729467] Failed initialization of WD-7000 SCSI card!
[    4.818786] DC390: clustering now enabled by default. If you get problems load
[    4.818906]        with "disable_clustering=1" and report to maintainers
[    4.819038] megaraid cmm: 2.20.2.7 (Release Date: Sun Jul 16 00:01:03 EST 2006)
[    4.819181] megaraid: 2.20.5.1 (Release Date: Thu Nov 16 15:32:35 EST 2006)
[    4.819292] megasas: 00.00.04.01 Thu July 24 11:41:51 PST 2008
[    4.819423] GDT-HA: Storage RAID Controller Driver. Version: 3.05
[    4.819572] 3ware Storage Controller device driver for Linux v1.26.02.002.
[    4.819684] 3ware 9000 Storage Controller device driver for Linux v2.26.02.012.
[    4.819825] nsp32: loading...
[    4.819933] ipr: IBM Power RAID SCSI Device Driver version: 2.4.3 (June 10, 2009)
[    4.820073] RocketRAID 3xxx/4xxx Controller driver v1.6 (090910)
[    4.820182] stex: Promise SuperTrak EX Driver version: 4.6.0000.3
[    4.820306] st: Version 20081215, fixed bufsize 32768, s/g segs 256
[    4.820501] ahci 0000:00:1f.2: version 3.0
[    4.820517] ahci 0000:00:1f.2: PCI INT B -> GSI 16 (level, low) -> IRQ 16
[    4.820644] ahci 0000:00:1f.2: irq 29 for MSI/MSI-X
[    4.820706] ahci 0000:00:1f.2: AHCI 0001.0100 32 slots 3 ports 1.5 Gbps 0x5 impl SATA mode
[    4.820828] ahci 0000:00:1f.2: flags: 64bit ncq sntf pm led clo pio slum part ccc 
[    4.820952] ahci 0000:00:1f.2: setting latency timer to 64
[    4.821094] scsi2 : ahci
[    4.821248] scsi3 : ahci
[    4.821381] scsi4 : ahci
[    4.821557] ata1: SATA max UDMA/133 abar m2048@0xfe226000 port 0xfe226100 irq 29
[    4.821683] ata2: DUMMY
[    4.821775] ata3: SATA max UDMA/133 abar m2048@0xfe226000 port 0xfe226200 irq 29
[    4.822385] I2O subsystem v1.325
[    4.822480] i2o: max drivers = 8
[    4.822617] I2O Configuration OSM v1.323
[    4.822718] I2O Bus Adapter OSM v1.317
[    4.822811] I2O Block Device OSM v1.325
[    4.822955] I2O SCSI Peripheral OSM v1.316
[    4.823055] I2O ProcFS OSM v1.316
[    4.823155] Fusion MPT base driver 3.04.12
[    4.823234] Copyright (c) 1999-2008 LSI Corporation
[    4.823314] Fusion MPT SPI Host driver 3.04.12
[    4.823427] Fusion MPT FC Host driver 3.04.12
[    4.823598] Fusion MPT SAS Host driver 3.04.12
[    4.823738] ohci1394 0000:15:00.1: PCI INT B -> GSI 17 (level, low) -> IRQ 17
[    4.823824] ohci1394 0000:15:00.1: setting latency timer to 64
[    4.877473] ohci1394: fw-host0: OHCI-1394 1.1 (PCI): IRQ=[17]  MMIO=[f8301000-f83017ff]  Max Packet=[2048]  IR/IT contexts=[4/4]
[    4.880727] ehci_hcd: USB 2.0 'Enhanced' Host Controller (EHCI) Driver
[    4.880988] ehci_hcd 0000:00:1a.7: power state changed by ACPI to D0
[    4.881231] ehci_hcd 0000:00:1a.7: power state changed by ACPI to D0
[    4.881324] ehci_hcd 0000:00:1a.7: PCI INT C -> GSI 22 (level, low) -> IRQ 22
[    4.881436] ehci_hcd 0000:00:1a.7: setting latency timer to 64
[    4.881441] ehci_hcd 0000:00:1a.7: EHCI Host Controller
[    4.881582] ehci_hcd 0000:00:1a.7: new USB bus registered, assigned bus number 1
[    4.885621] ehci_hcd 0000:00:1a.7: cache line size of 32 is not supported
[    4.885629] ehci_hcd 0000:00:1a.7: irq 22, io mem 0xfe226c00
[    4.895434] ehci_hcd 0000:00:1a.7: USB 2.0 started, EHCI 1.00
[    4.895530] usb usb1: New USB device found, idVendor=1d6b, idProduct=0002
[    4.895629] usb usb1: New USB device strings: Mfr=3, Product=2, SerialNumber=1
[    4.895746] usb usb1: Product: EHCI Host Controller
[    4.895833] usb usb1: Manufacturer: Linux 2.6.32.57 ehci_hcd
[    4.895913] usb usb1: SerialNumber: 0000:00:1a.7
[    4.896048] usb usb1: configuration #1 chosen from 1 choice
[    4.896168] hub 1-0:1.0: USB hub found
[    4.896254] hub 1-0:1.0: 4 ports detected
[    4.896545] ehci_hcd 0000:00:1d.7: power state changed by ACPI to D0
[    4.896821] ehci_hcd 0000:00:1d.7: power state changed by ACPI to D0
[    4.896919] ehci_hcd 0000:00:1d.7: PCI INT D -> GSI 19 (level, low) -> IRQ 19
[    4.897007] ehci_hcd 0000:00:1d.7: setting latency timer to 64
[    4.897012] ehci_hcd 0000:00:1d.7: EHCI Host Controller
[    4.897130] ehci_hcd 0000:00:1d.7: new USB bus registered, assigned bus number 2
[    4.897282] ehci_hcd 0000:00:1d.7: debug port 1
[    4.901239] ehci_hcd 0000:00:1d.7: cache line size of 32 is not supported
[    4.901248] ehci_hcd 0000:00:1d.7: irq 19, io mem 0xfe227000
[    4.911433] ehci_hcd 0000:00:1d.7: USB 2.0 started, EHCI 1.00
[    4.911528] usb usb2: New USB device found, idVendor=1d6b, idProduct=0002
[    4.911613] usb usb2: New USB device strings: Mfr=3, Product=2, SerialNumber=1
[    4.911733] usb usb2: Product: EHCI Host Controller
[    4.911818] usb usb2: Manufacturer: Linux 2.6.32.57 ehci_hcd
[    4.911898] usb usb2: SerialNumber: 0000:00:1d.7
[    4.912033] usb usb2: configuration #1 chosen from 1 choice
[    4.912150] hub 2-0:1.0: USB hub found
[    4.912231] hub 2-0:1.0: 6 ports detected
[    4.912415] 116x: driver isp116x-hcd, 03 Nov 2005
[    4.912515] ohci_hcd: USB 1.1 'Open' Host Controller (OHCI) Driver
[    4.912624] uhci_hcd: USB Universal Host Controller Interface driver
[    4.912727] uhci_hcd 0000:00:1a.0: PCI INT A -> GSI 20 (level, low) -> IRQ 20
[    4.912815] uhci_hcd 0000:00:1a.0: setting latency timer to 64
[    4.912820] uhci_hcd 0000:00:1a.0: UHCI Host Controller
[    4.912950] uhci_hcd 0000:00:1a.0: new USB bus registered, assigned bus number 3
[    4.913099] uhci_hcd 0000:00:1a.0: irq 20, io base 0x00001860
[    4.913225] usb usb3: New USB device found, idVendor=1d6b, idProduct=0001
[    4.913307] usb usb3: New USB device strings: Mfr=3, Product=2, SerialNumber=1
[    4.913439] usb usb3: Product: UHCI Host Controller
[    4.913519] usb usb3: Manufacturer: Linux 2.6.32.57 uhci_hcd
[    4.913608] usb usb3: SerialNumber: 0000:00:1a.0
[    4.913736] usb usb3: configuration #1 chosen from 1 choice
[    4.913853] hub 3-0:1.0: USB hub found
[    4.913934] hub 3-0:1.0: 2 ports detected
[    4.914247] uhci_hcd 0000:00:1a.1: power state changed by ACPI to D0
[    4.914505] uhci_hcd 0000:00:1a.1: power state changed by ACPI to D0
[    4.914592] uhci_hcd 0000:00:1a.1: PCI INT B -> GSI 21 (level, low) -> IRQ 21
[    4.914686] uhci_hcd 0000:00:1a.1: setting latency timer to 64
[    4.914690] uhci_hcd 0000:00:1a.1: UHCI Host Controller
[    4.914811] uhci_hcd 0000:00:1a.1: new USB bus registered, assigned bus number 4
[    4.914953] uhci_hcd 0000:00:1a.1: irq 21, io base 0x00001880
[    4.915060] usb usb4: New USB device found, idVendor=1d6b, idProduct=0001
[    4.915146] usb usb4: New USB device strings: Mfr=3, Product=2, SerialNumber=1
[    4.915271] usb usb4: Product: UHCI Host Controller
[    4.915350] usb usb4: Manufacturer: Linux 2.6.32.57 uhci_hcd
[    4.915439] usb usb4: SerialNumber: 0000:00:1a.1
[    4.915568] usb usb4: configuration #1 chosen from 1 choice
[    4.915682] hub 4-0:1.0: USB hub found
[    4.915771] hub 4-0:1.0: 2 ports detected
[    4.916054] uhci_hcd 0000:00:1d.0: power state changed by ACPI to D0
[    4.916314] uhci_hcd 0000:00:1d.0: power state changed by ACPI to D0
[    4.916400] uhci_hcd 0000:00:1d.0: PCI INT A -> GSI 16 (level, low) -> IRQ 16
[    4.916497] uhci_hcd 0000:00:1d.0: setting latency timer to 64
[    4.916502] uhci_hcd 0000:00:1d.0: UHCI Host Controller
[    4.916626] uhci_hcd 0000:00:1d.0: new USB bus registered, assigned bus number 5
[    4.916773] uhci_hcd 0000:00:1d.0: irq 16, io base 0x000018a0
[    4.916888] usb usb5: New USB device found, idVendor=1d6b, idProduct=0001
[    4.916979] usb usb5: New USB device strings: Mfr=3, Product=2, SerialNumber=1
[    4.917090] usb usb5: Product: UHCI Host Controller
[    4.917182] usb usb5: Manufacturer: Linux 2.6.32.57 uhci_hcd
[    4.917263] usb usb5: SerialNumber: 0000:00:1d.0
[    4.917394] usb usb5: configuration #1 chosen from 1 choice
[    4.917514] hub 5-0:1.0: USB hub found
[    4.917596] hub 5-0:1.0: 2 ports detected
[    4.917730] uhci_hcd 0000:00:1d.1: PCI INT B -> GSI 17 (level, low) -> IRQ 17
[    4.917818] uhci_hcd 0000:00:1d.1: setting latency timer to 64
[    4.917823] uhci_hcd 0000:00:1d.1: UHCI Host Controller
[    4.917941] uhci_hcd 0000:00:1d.1: new USB bus registered, assigned bus number 6
[    4.918085] uhci_hcd 0000:00:1d.1: irq 17, io base 0x000018c0
[    4.918194] usb usb6: New USB device found, idVendor=1d6b, idProduct=0001
[    4.918276] usb usb6: New USB device strings: Mfr=3, Product=2, SerialNumber=1
[    4.918391] usb usb6: Product: UHCI Host Controller
[    4.918488] usb usb6: Manufacturer: Linux 2.6.32.57 uhci_hcd
[    4.918575] usb usb6: SerialNumber: 0000:00:1d.1
[    4.918704] usb usb6: configuration #1 chosen from 1 choice
[    4.918817] hub 6-0:1.0: USB hub found
[    4.918901] hub 6-0:1.0: 2 ports detected
[    4.919193] uhci_hcd 0000:00:1d.2: power state changed by ACPI to D0
[    4.919421] uhci_hcd 0000:00:1d.2: power state changed by ACPI to D0
[    4.919521] uhci_hcd 0000:00:1d.2: PCI INT C -> GSI 18 (level, low) -> IRQ 18
[    4.919610] uhci_hcd 0000:00:1d.2: setting latency timer to 64
[    4.919615] uhci_hcd 0000:00:1d.2: UHCI Host Controller
[    4.919749] uhci_hcd 0000:00:1d.2: new USB bus registered, assigned bus number 7
[    4.919909] uhci_hcd 0000:00:1d.2: irq 18, io base 0x000018e0
[    4.920014] usb usb7: New USB device found, idVendor=1d6b, idProduct=0001
[    4.920105] usb usb7: New USB device strings: Mfr=3, Product=2, SerialNumber=1
[    4.920216] usb usb7: Product: UHCI Host Controller
[    4.920301] usb usb7: Manufacturer: Linux 2.6.32.57 uhci_hcd
[    4.920382] usb usb7: SerialNumber: 0000:00:1d.2
[    4.921166] usb usb7: configuration #1 chosen from 1 choice
[    4.921278] hub 7-0:1.0: USB hub found
[    4.921366] hub 7-0:1.0: 2 ports detected
[    4.921524] sl811: driver sl811-hcd, 19 May 2005
[    4.921621] r8a66597_hcd: driver r8a66597_hcd, 2009-05-26
[    4.921781] Initializing USB Mass Storage driver...
[    4.921903] usbcore: registered new interface driver usb-storage
[    4.921994] USB Mass Storage support registered.
[    4.922095] usbcore: registered new interface driver ums-alauda
[    4.922199] usbcore: registered new interface driver ums-cypress
[    4.922302] usbcore: registered new interface driver ums-datafab
[    4.922408] usbcore: registered new interface driver ums-freecom
[    4.922515] usbcore: registered new interface driver ums-isd200
[    4.922624] usbcore: registered new interface driver ums-jumpshot
[    4.922729] usbcore: registered new interface driver ums-karma
[    4.922831] usbcore: registered new interface driver ums-onetouch
[    4.922932] usbcore: registered new interface driver ums-sddr09
[    4.923037] usbcore: registered new interface driver ums-sddr55
[    4.923136] usbcore: registered new interface driver ums-usbat
[    4.923281] PNP: PS/2 Controller [PNP0303:KBD,PNP0f13:MOU] at 0x60,0x64 irq 1,12
[    4.931984] serio: i8042 KBD port at 0x60,0x64 irq 1
[    4.932074] serio: i8042 AUX port at 0x60,0x64 irq 12
[    4.932307] mice: PS/2 mouse device common for all mice
[    4.932417] i2c /dev entries driver
[    4.932547] md: linear personality registered for level -1
[    4.932630] md: raid0 personality registered for level 0
[    4.932717] md: raid1 personality registered for level 1
[    4.932817] md: raid10 personality registered for level 10
[    4.932896] md: raid6 personality registered for level 6
[    4.932976] md: raid5 personality registered for level 5
[    4.933060] md: raid4 personality registered for level 4
[    4.933140] md: multipath personality registered for level -4
[    4.933334] device-mapper: ioctl: 4.15.0-ioctl (2009-04-01) initialised: dm-devel@redhat.com
[    4.933537] cpuidle: using governor ladder
[    4.934126] usbcore: registered new interface driver usbhid
[    4.934216] usbhid: v2.6:USB HID core driver
[    4.934356] random 0014 0000 0000 00000000 00000000: rand_read_num 4 get_random_bytes(136): sig 00000000 00000000 00000000
[    4.934359] random 0014 0000 0000 00000000 00000000: extract_entropy(.. 136 ..)
[    4.934361] random 0014 0000 0000 00000000 00000000: going to reseed nonblocking with 1024 bits (1088 of 0 requested)
[    4.934364] random 0014 0000 0000 00000000 00000000: extract_entropy(.. 128 ..)
[    4.934366] random 0014 0000 0000 00000000 00000000: trying to extract 1024 bits from input
[    4.934368] random 0014 0000 0000 00000000 00000000: debiting 0 entropy credits from input
[    4.934370] random 0014 0000 0000 00000000 00000000: extract_entropy account returned: 0 
[    4.934373] random 0014 0000 0000 00000000 00000000: urand_change_num 7 xfer_secondary_pool(136): pool_sig 00000000, data_sig 00000000, bytes_mixed 0 00000000 00000000
[    4.934376] random 0014 0000 0000 00000000 00000000: trying to extract 1088 bits from nonblocking
[    4.934379] random 0014 0000 0000 00000000 00000000: debiting 1088 entropy credits from nonblocking (unlimited)
[    4.934381] random 0014 0000 0000 00000000 00000000: extract_entropy account returned: 136 
[    4.934385] random 0014 0000 0000 00000000 00000000: urand_change_num 8 extract_buf: pool_sig 00000000, data_sig fffffff9, bytes_mixed 20 00000000 00000000
[    4.934391] random 0014 0000 0000 b7c35b56 be4dc95d: urand_change_num 9 extract_buf: pool_sig fffffd1e, data_sig 000000c5, bytes_mixed 20 b7c35b56 be4dc95d
[    4.934396] random 0014 0000 0000 ed9f5c47 c48487fb: urand_change_num 10 extract_buf: pool_sig fffff8ec, data_sig ffffff68, bytes_mixed 20 ed9f5c47 c48487fb
[    4.934401] random 0014 0000 0000 ed9f5c47 c48487fb: urand_change_num 11 extract_buf: pool_sig fffffaed, data_sig 000001aa, bytes_mixed 20 ed9f5c47 c48487fb
[    4.934407] random 0014 0000 0000 1b4f7c0a 91bd6a48: urand_change_num 12 extract_buf: pool_sig fffffdd8, data_sig 00000064, bytes_mixed 20 1b4f7c0a 91bd6a48
[    4.934412] random 0014 0000 0000 a254b9bc 20e9a24f: urand_change_num 13 extract_buf: pool_sig fffffbe6, data_sig 000001dd, bytes_mixed 20 a254b9bc 20e9a24f
[    4.934417] random 0014 0000 0000 a254b9bc 20e9a24f: urand_change_num 14 extract_buf: pool_sig fffff940, data_sig fffffe20, bytes_mixed 20 a254b9bc 20e9a24f
[    4.934422] random 0014 0000 0000 2831a66b 5fa2a3ad: urand_change_num 15 extract_buf: pool_sig fffffbce, data_sig 0000007e, bytes_mixed 20 2831a66b 5fa2a3ad
[    4.934436] random 0014 0000 0000 2831a66b 5fa2a3ad: urand_change_num 16 extract_buf: pool_sig 000004df, data_sig fffffe8f, bytes_mixed 20 2831a66b 5fa2a3ad
[    4.934442] random 0014 0000 0000 d4512bfd c9a54e0b: urand_change_num 17 extract_buf: pool_sig 00000485, data_sig fffffe68, bytes_mixed 20 d4512bfd c9a54e0b
[    4.934447] random 0014 0000 0000 c7371be6 f9ffea11: urand_change_num 18 extract_buf: pool_sig 00000095, data_sig ffffffed, bytes_mixed 20 c7371be6 f9ffea11
[    4.934452] random 0014 0000 0000 c7371be6 f9ffea11: urand_change_num 19 extract_buf: pool_sig 000003a7, data_sig fffffefa, bytes_mixed 20 c7371be6 f9ffea11
[    4.934458] random 0014 0000 0000 8fb4b62c d1ddba54: urand_change_num 20 extract_buf: pool_sig 00000179, data_sig ffffff78, bytes_mixed 20 8fb4b62c d1ddba54
[    4.934463] random 0014 0000 0000 9ff19f9c c07a1d2a: urand_change_num 21 extract_buf: pool_sig fffffe88, data_sig 00000126, bytes_mixed 20 9ff19f9c c07a1d2a
[    4.934467] TCP cubic registered
[    4.934548] Initializing XFRM netlink socket
[    4.934642] NET: Registered protocol family 17
[    4.934732] Using IPI Shortcut mode
[    4.934811] random 0014 0000 0000 9ff19f9c c07a1d2a: rand_read_num 5 get_random_bytes(8): sig 0000031b 9ff19f9c c07a1d2a
[    4.934813] random 0014 0000 0000 9ff19f9c c07a1d2a: extract_entropy(.. 8 ..)
[    4.934815] random 0014 0000 0000 9ff19f9c c07a1d2a: going to reseed nonblocking with 64 bits (64 of 0 requested)
[    4.934818] random 0014 0000 0000 9ff19f9c c07a1d2a: extract_entropy(.. 8 ..)
[    4.934820] random 0014 0000 0000 9ff19f9c c07a1d2a: trying to extract 64 bits from input
[    4.934822] random 0014 0000 0000 9ff19f9c c07a1d2a: debiting 0 entropy credits from input
[    4.934824] random 0014 0000 0000 9ff19f9c c07a1d2a: extract_entropy account returned: 0 
[    4.934827] random 0014 0000 0000 9ff19f9c c07a1d2a: urand_change_num 22 xfer_secondary_pool(8): pool_sig 0000031b, data_sig 00000000, bytes_mixed 0 9ff19f9c c07a1d2a
[    4.934830] random 0014 0000 0000 9ff19f9c c07a1d2a: trying to extract 64 bits from nonblocking
[    4.934832] random 0014 0000 0000 9ff19f9c c07a1d2a: debiting 64 entropy credits from nonblocking (unlimited)
[    4.934834] random 0014 0000 0000 9ff19f9c c07a1d2a: extract_entropy account returned: 8 
[    4.934838] random 0014 0000 0000 9ff19f9c c07a1d2a: urand_change_num 23 extract_buf: pool_sig 0000031b, data_sig ffffffb3, bytes_mixed 20 9ff19f9c c07a1d2a
[    4.937556] input: AT Translated Set 2 keyboard as /devices/platform/i8042/serio0/input/input1
[    5.128427] ata3: SATA link down (SStatus 0 SControl 300)
[    5.128547] ata1: SATA link up 1.5 Gbps (SStatus 113 SControl 300)
[    5.131049] ata1.00: ACPI cmd ef/02:00:00:00:00:a0 (SET FEATURES) succeeded
[    5.131052] ata1.00: ACPI cmd f5/00:00:00:00:00:a0 (SECURITY FREEZE LOCK) filtered out
[    5.132447] ata1.00: ACPI cmd ef/5f:00:00:00:00:a0 (SET FEATURES) succeeded
[    5.132450] ata1.00: ACPI cmd ef/10:03:00:00:00:a0 (SET FEATURES) filtered out
[    5.134356] ata1.00: ATA-7: ST910021AS, 4.06, max UDMA/100
[    5.134443] ata1.00: 195371568 sectors, multi 16: LBA48 
[    5.136595] ata1.00: ACPI cmd ef/02:00:00:00:00:a0 (SET FEATURES) succeeded
[    5.136598] ata1.00: ACPI cmd f5/00:00:00:00:00:a0 (SECURITY FREEZE LOCK) filtered out
[    5.137988] ata1.00: ACPI cmd ef/5f:00:00:00:00:a0 (SET FEATURES) succeeded
[    5.137991] ata1.00: ACPI cmd ef/10:03:00:00:00:a0 (SET FEATURES) filtered out
[    5.139914] ata1.00: configured for UDMA/100
[    5.150476] scsi 2:0:0:0: Direct-Access     ATA      ST910021AS       4.06 PQ: 0 ANSI: 5
[    5.150755] sd 2:0:0:0: [sda] 195371568 512-byte logical blocks: (100 GB/93.1 GiB)
[    5.150895] sd 2:0:0:0: [sda] Write Protect is off
[    5.150975] sd 2:0:0:0: [sda] Mode Sense: 00 3a 00 00
[    5.150987] sd 2:0:0:0: [sda] Write cache: enabled, read cache: enabled, doesn't support DPO or FUA
[    5.151168]  sda:
[    5.568902] random 0014 0000 0000 277f73c3 42024bb9: add_disk_randomness(8:0) 277f73c3 42024bb9
[    5.568985] random 0014 0000 0000 277f73c3 42024bb9: add_timer_randomness(.. 8388864) with jiffies: 6865826855576633736, cycles: 6865826851281960970
[    5.568988] random 0014 0000 0000 277f73c3 42024bb9: added 11 entropy credits to input
[    5.568992]  sda1 sda2
[    5.569325] random 0025 0000 0000 277f73c3 42024bb9: add_disk_randomness(8:0) 277f73c3 42024bb9
[    5.569328] random 0025 0000 0000 277f73c3 42024bb9: add_timer_randomness(.. 8388864) with jiffies: 6868920430325629320, cycles: 6868920426030956554
[    5.569485] sd 2:0:0:0: [sda] Attached SCSI disk
[    5.569572] random 0025 0000 0000 277f73c3 42024bb9: rand_read_num 6 get_random_bytes(12): sig 000007e9 277f73c3 42024bb9
[    5.569574] random 0025 0000 0000 277f73c3 42024bb9: extract_entropy(.. 12 ..)
[    5.569577] random 0025 0000 0000 277f73c3 42024bb9: going to reseed nonblocking with 96 bits (96 of 0 requested)
[    5.569579] random 0025 0000 0000 277f73c3 42024bb9: extract_entropy(.. 12 ..)
[    5.569581] random 0025 0000 0000 277f73c3 42024bb9: trying to extract 96 bits from input
[    5.569583] random 0025 0000 0000 277f73c3 42024bb9: debiting 0 entropy credits from input
[    5.569585] random 0025 0000 0000 277f73c3 42024bb9: extract_entropy account returned: 0 
[    5.569589] random 0025 0000 0000 277f73c3 42024bb9: urand_change_num 24 xfer_secondary_pool(12): pool_sig 000007e9, data_sig 00000000, bytes_mixed 0 277f73c3 42024bb9
[    5.569592] random 0025 0000 0000 277f73c3 42024bb9: trying to extract 96 bits from nonblocking
[    5.569594] random 0025 0000 0000 277f73c3 42024bb9: debiting 96 entropy credits from nonblocking (unlimited)
[    5.569596] random 0025 0000 0000 277f73c3 42024bb9: extract_entropy account returned: 12 
[    5.569600] random 0025 0000 0000 277f73c3 42024bb9: urand_change_num 25 extract_buf: pool_sig 000007e9, data_sig 00000088, bytes_mixed 20 277f73c3 42024bb9
[    5.569606] random 0025 0000 0000 277f73c3 42024bb9: urand_change_num 26 extract_buf: pool_sig 00000498, data_sig fffffefb, bytes_mixed 20 277f73c3 42024bb9
[    5.569609] RANDOM - __seed init called.
[    5.569610] RANDOM - __seed init called.
[    5.569611] RANDOM - __seed init called.
[    5.569612] RANDOM - __random32 called. Change num 12.  Value: 87f14767	f0d7351	b1e48bd3
[    5.569614] RANDOM - random32_reseed called.  Value: 87f14767	f0d7351	b1e48bd3
[    5.569617] Pid: 1, comm: swapper Not tainted 2.6.32.57 #6
[    5.569703] Call Trace:
[    5.569785]  [<c1923ca4>] ? random32_reseed+0xa0/0xb1
[    5.569868]  [<c1923c04>] ? random32_reseed+0x0/0xb1
[    5.569954]  [<c100111e>] ? do_one_initcall+0x2e/0x180
[    5.570036]  [<c1907265>] ? kernel_init+0xad/0x103
[    5.570127]  [<c19071b8>] ? kernel_init+0x0/0x103
[    5.570212]  [<c1003787>] ? kernel_thread_helper+0x7/0x10
[    5.570756] random 0025 0000 0000 386b4e60 ee4d4880: rand_read_num 7 get_random_bytes(64): sig fffffea5 386b4e60 ee4d4880
[    5.570758] random 0025 0000 0000 386b4e60 ee4d4880: extract_entropy(.. 64 ..)
[    5.570760] random 0025 0000 0000 386b4e60 ee4d4880: going to reseed nonblocking with 512 bits (512 of 0 requested)
[    5.570763] random 0025 0000 0000 386b4e60 ee4d4880: extract_entropy(.. 64 ..)
[    5.570765] random 0025 0000 0000 386b4e60 ee4d4880: trying to extract 512 bits from input
[    5.570767] random 0025 0000 0000 386b4e60 ee4d4880: debiting 0 entropy credits from input
[    5.570769] random 0025 0000 0000 386b4e60 ee4d4880: extract_entropy account returned: 0 
[    5.570772] random 0025 0000 0000 386b4e60 ee4d4880: urand_change_num 27 xfer_secondary_pool(64): pool_sig fffffea5, data_sig 00000000, bytes_mixed 0 386b4e60 ee4d4880
[    5.570775] random 0025 0000 0000 386b4e60 ee4d4880: trying to extract 512 bits from nonblocking
[    5.570778] random 0025 0000 0000 386b4e60 ee4d4880: debiting 512 entropy credits from nonblocking (unlimited)
[    5.570780] random 0025 0000 0000 386b4e60 ee4d4880: extract_entropy account returned: 64 
[    5.570784] random 0025 0000 0000 386b4e60 ee4d4880: urand_change_num 28 extract_buf: pool_sig fffffea5, data_sig 00000173, bytes_mixed 20 386b4e60 ee4d4880
[    5.570789] random 0025 0000 0000 412698f6 0cc8689a: urand_change_num 29 extract_buf: pool_sig 00000122, data_sig ffffff63, bytes_mixed 20 412698f6 0cc8689a
[    5.570795] random 0025 0000 0000 412698f6 0cc8689a: urand_change_num 30 extract_buf: pool_sig 000001f7, data_sig 00000012, bytes_mixed 20 412698f6 0cc8689a
[    5.570800] random 0025 0000 0000 9669941e 06f768b1: urand_change_num 31 extract_buf: pool_sig fffffb5b, data_sig 0000003f, bytes_mixed 20 9669941e 06f768b1
[    5.570805] random 0025 0000 0000 98486520 995551f0: urand_change_num 32 extract_buf: pool_sig fffffb39, data_sig 0000000e, bytes_mixed 20 98486520 995551f0
[    5.570811] random 0025 0000 0000 98486520 995551f0: urand_change_num 33 extract_buf: pool_sig fffffd8d, data_sig 000001a6, bytes_mixed 20 98486520 995551f0
[    5.570816] random 0025 0000 0000 61fc8914 d5882ed2: urand_change_num 34 extract_buf: pool_sig fffffa58, data_sig 0000023e, bytes_mixed 20 61fc8914 d5882ed2
[    5.570847] random 0025 0000 0000 61fc8914 d5882ed2: rand_read_num 8 get_random_bytes(64): sig fffff9ee 61fc8914 d5882ed2
[    5.570849] random 0025 0000 0000 61fc8914 d5882ed2: extract_entropy(.. 64 ..)
[    5.570851] random 0025 0000 0000 61fc8914 d5882ed2: going to reseed nonblocking with 512 bits (512 of 0 requested)
[    5.570854] random 0025 0000 0000 61fc8914 d5882ed2: extract_entropy(.. 64 ..)
[    5.570856] random 0025 0000 0000 61fc8914 d5882ed2: trying to extract 512 bits from input
[    5.570858] random 0025 0000 0000 61fc8914 d5882ed2: debiting 0 entropy credits from input
[    5.570860] random 0025 0000 0000 61fc8914 d5882ed2: extract_entropy account returned: 0 
[    5.570863] random 0025 0000 0000 61fc8914 d5882ed2: urand_change_num 35 xfer_secondary_pool(64): pool_sig fffff9ee, data_sig 00000000, bytes_mixed 0 61fc8914 d5882ed2
[    5.570866] random 0025 0000 0000 61fc8914 d5882ed2: trying to extract 512 bits from nonblocking
[    5.570868] random 0025 0000 0000 61fc8914 d5882ed2: debiting 512 entropy credits from nonblocking (unlimited)
[    5.570870] random 0025 0000 0000 61fc8914 d5882ed2: extract_entropy account returned: 64 
[    5.570875] random 0025 0000 0000 61fc8914 d5882ed2: urand_change_num 36 extract_buf: pool_sig fffff9ee, data_sig ffffff85, bytes_mixed 20 61fc8914 d5882ed2
[    5.570880] random 0025 0000 0000 70cfd302 e5edec11: urand_change_num 37 extract_buf: pool_sig fffffdc1, data_sig ffffffde, bytes_mixed 20 70cfd302 e5edec11
[    5.570885] random 0025 0000 0000 00dab838 eafd2b30: urand_change_num 38 extract_buf: pool_sig 000003da, data_sig ffffff61, bytes_mixed 20 00dab838 eafd2b30
[    5.570890] random 0025 0000 0000 00dab838 eafd2b30: urand_change_num 39 extract_buf: pool_sig 00000314, data_sig 00000121, bytes_mixed 20 00dab838 eafd2b30
[    5.570896] random 0025 0000 0000 5fcdf66a 6442b608: urand_change_num 40 extract_buf: pool_sig 0000028b, data_sig fffffefd, bytes_mixed 20 5fcdf66a 6442b608
[    5.570901] random 0025 0000 0000 61333f6b 8fae0f9b: urand_change_num 41 extract_buf: pool_sig 000000cb, data_sig 000000b3, bytes_mixed 20 61333f6b 8fae0f9b
[    5.570906] random 0025 0000 0000 61333f6b 8fae0f9b: urand_change_num 42 extract_buf: pool_sig fffffef8, data_sig 00000051, bytes_mixed 20 61333f6b 8fae0f9b
[    5.570909] BEGIN NET_SECRET:
[    5.570910] \xffffffe0
[    5.570911] \xffffffb6
[    5.570912] \x36
[    5.570913] \xffffffb5
[    5.570913] \xffffff94
[    5.570914] \xffffffb2
[    5.570915] \xffffffa8
[    5.570916] \xffffffda
[    5.570917] \x5b
[    5.570918] \x19
[    5.570918] \x18
[    5.570919] \x5c
[    5.570920] \x2b
[    5.570920] \x1
[    5.570921] \xffffff90
[    5.570922] \x19
[    5.570923] \x3c
[    5.570923] \xfffffff2
[    5.570924] \xffffff82
[    5.570925] \x2a
[    5.570926] \xffffffb3
[    5.570927] \xffffffa2
[    5.570928] \x3f
[    5.570928] \x5
[    5.570929] \x52
[    5.570930] \x77
[    5.570930] \x57
[    5.570931] \x79
[    5.570932] \x16
[    5.570933] \x43
[    5.570933] \xffffff84
[    5.570934] \xffffffc3
[    5.570935] \xffffffe9
[    5.570936] \x79
[    5.570936] \x50
[    5.570937] \xffffff8e
[    5.570938] \x3f
[    5.570939] \xfffffff3
[    5.570940] \x19
[    5.570940] \x2a
[    5.570941] \xfffffffd
[    5.570942] \xfffffffb
[    5.570943] \x62
[    5.570943] \x3c
[    5.570944] \xffffffac
[    5.570945] \x1c
[    5.570946] \x3b
[    5.570946] \x3b
[    5.570947] \x15
[    5.570948] \x27
[    5.570949] \xffffffa8
[    5.570949] \x22
[    5.570950] \xffffffc5
[    5.570951] \xffffff9a
[    5.570952] \x5
[    5.570952] \x6c
[    5.570953] \xffffffa8
[    5.570954] \x3a
[    5.570955] \x44
[    5.570956] \xffffffaf
[    5.570956] \x13
[    5.570957] \xffffffe0
[    5.570958] \xffffff9d
[    5.570959] \x22
[    5.570959] 
[    5.570960] END NET_SECRET
[    5.570963] random 0025 0000 0000 e7f555d9 e8ce5c3c: rand_read_num 9 get_random_bytes(4): sig 0000068c e7f555d9 e8ce5c3c
[    5.570965] random 0025 0000 0000 e7f555d9 e8ce5c3c: extract_entropy(.. 4 ..)
[    5.570967] random 0025 0000 0000 e7f555d9 e8ce5c3c: going to reseed nonblocking with 64 bits (32 of 0 requested)
[    5.570970] random 0025 0000 0000 e7f555d9 e8ce5c3c: extract_entropy(.. 8 ..)
[    5.570972] random 0025 0000 0000 e7f555d9 e8ce5c3c: trying to extract 64 bits from input
[    5.570974] random 0025 0000 0000 e7f555d9 e8ce5c3c: debiting 0 entropy credits from input
[    5.570976] random 0025 0000 0000 e7f555d9 e8ce5c3c: extract_entropy account returned: 0 
[    5.570979] random 0025 0000 0000 e7f555d9 e8ce5c3c: urand_change_num 43 xfer_secondary_pool(4): pool_sig 0000068c, data_sig 00000000, bytes_mixed 0 e7f555d9 e8ce5c3c
[    5.570982] random 0025 0000 0000 e7f555d9 e8ce5c3c: trying to extract 32 bits from nonblocking
[    5.570984] random 0025 0000 0000 e7f555d9 e8ce5c3c: debiting 32 entropy credits from nonblocking (unlimited)
[    5.570986] random 0025 0000 0000 e7f555d9 e8ce5c3c: extract_entropy account returned: 4 
[    5.570990] random 0025 0000 0000 e7f555d9 e8ce5c3c: urand_change_num 44 extract_buf: pool_sig 0000068c, data_sig fffffdcb, bytes_mixed 20 e7f555d9 e8ce5c3c
[    5.571002] md: Waiting for all devices to be available before autodetect
[    5.571084] md: If you don't use raid, use raid=noautodetect
[    5.571246] md: Autodetecting RAID arrays.
[    5.571326] md: Scanned 0 and added 0 devices.
[    5.571416] md: autorun ...
[    5.571492] md: ... autorun DONE.
[    5.589609] random 0025 0000 0000 e7f555d9 e8ce5c3c: add_disk_randomness(8:0) e7f555d9 e8ce5c3c
[    5.589613] random 0025 0000 0000 e7f555d9 e8ce5c3c: add_timer_randomness(.. 8388864) with jiffies: 7051413019502018973, cycles: 7051413015207346186
[    5.589616] random 0025 0000 0000 e7f555d9 e8ce5c3c: added 4 entropy credits to input
[    5.590733] random 0029 0000 0000 e7f555d9 e8ce5c3c: add_disk_randomness(8:0) e7f555d9 e8ce5c3c
[    5.590736] random 0029 0000 0000 e7f555d9 e8ce5c3c: add_timer_randomness(.. 8388864) with jiffies: 7061525021784244638, cycles: 7061525017489571850
[    5.590851] random 0029 0000 0000 e7f555d9 e8ce5c3c: add_disk_randomness(8:0) e7f555d9 e8ce5c3c
[    5.590854] random 0029 0000 0000 e7f555d9 e8ce5c3c: add_timer_randomness(.. 8388864) with jiffies: 7062587240210989470, cycles: 7062587235916316682
[    5.590859] EXT3-fs: sda2: couldn't mount because of unsupported optional features (240).
[    5.591084] random 0029 0000 0000 e7f555d9 e8ce5c3c: add_disk_randomness(8:0) e7f555d9 e8ce5c3c
[    5.591087] random 0029 0000 0000 e7f555d9 e8ce5c3c: add_timer_randomness(.. 8388864) with jiffies: 7064684751914500510, cycles: 7064684747619827722
[    5.591092] EXT2-fs: sda2: couldn't mount because of unsupported optional features (240).
[    5.591313] random 0029 0000 0000 e7f555d9 e8ce5c3c: add_disk_randomness(8:0) e7f555d9 e8ce5c3c
[    5.591316] random 0029 0000 0000 e7f555d9 e8ce5c3c: add_timer_randomness(.. 8388864) with jiffies: 7066746190187692446, cycles: 7066746185893019658
[    5.591448] random 0029 0000 0000 e7f555d9 e8ce5c3c: add_disk_randomness(8:0) e7f555d9 e8ce5c3c
[    5.591451] random 0029 0000 0000 e7f555d9 e8ce5c3c: add_timer_randomness(.. 8388864) with jiffies: 7067952268544016799, cycles: 7067952264249344010
[    5.591606] random 0029 0000 0000 e7f555d9 e8ce5c3c: add_disk_randomness(8:0) e7f555d9 e8ce5c3c
[    5.591609] random 0029 0000 0000 e7f555d9 e8ce5c3c: add_timer_randomness(.. 8388864) with jiffies: 7069379185528766879, cycles: 7069379181234094090
[    5.591726] random 0029 0000 0000 e7f555d9 e8ce5c3c: add_disk_randomness(8:0) e7f555d9 e8ce5c3c
[    5.591729] random 0029 0000 0000 e7f555d9 e8ce5c3c: add_timer_randomness(.. 8388864) with jiffies: 7070455160735760799, cycles: 7070455156441088010
[    5.591846] random 0029 0000 0000 e7f555d9 e8ce5c3c: add_disk_randomness(8:0) e7f555d9 e8ce5c3c
[    5.591850] random 0029 0000 0000 e7f555d9 e8ce5c3c: add_timer_randomness(.. 8388864) with jiffies: 7071543986484904351, cycles: 7071543982190231562
[    5.591954] random 0029 0000 0000 e7f555d9 e8ce5c3c: add_disk_randomness(8:0) e7f555d9 e8ce5c3c
[    5.591957] random 0029 0000 0000 e7f555d9 e8ce5c3c: add_timer_randomness(.. 8388864) with jiffies: 7072510238162387359, cycles: 7072510233867714570
[    5.592109] random 0029 0000 0000 e7f555d9 e8ce5c3c: add_disk_randomness(8:0) e7f555d9 e8ce5c3c
[    5.592112] random 0029 0000 0000 e7f555d9 e8ce5c3c: add_timer_randomness(.. 8388864) with jiffies: 7073907300829462943, cycles: 7073907296534790154
[    5.592233] random 0029 0000 0000 e7f555d9 e8ce5c3c: add_disk_randomness(8:0) e7f555d9 e8ce5c3c
[    5.592236] random 0029 0000 0000 e7f555d9 e8ce5c3c: add_timer_randomness(.. 8388864) with jiffies: 7075024765420536223, cycles: 7075024761125863434
[    5.592474] random 0029 0000 0000 e7f555d9 e8ce5c3c: rand_read_num 10 get_random_bytes(4): sig ffffff72 e7f555d9 e8ce5c3c
[    5.592476] random 0029 0000 0000 e7f555d9 e8ce5c3c: extract_entropy(.. 4 ..)
[    5.592479] random 0029 0000 0000 e7f555d9 e8ce5c3c: going to reseed nonblocking with 64 bits (32 of 0 requested)
[    5.592481] random 0029 0000 0000 e7f555d9 e8ce5c3c: extract_entropy(.. 8 ..)
[    5.592483] random 0029 0000 0000 e7f555d9 e8ce5c3c: trying to extract 64 bits from input
[    5.592485] random 0029 0000 0000 e7f555d9 e8ce5c3c: debiting 0 entropy credits from input
[    5.592487] random 0029 0000 0000 e7f555d9 e8ce5c3c: extract_entropy account returned: 0 
[    5.592490] random 0029 0000 0000 e7f555d9 e8ce5c3c: urand_change_num 45 xfer_secondary_pool(4): pool_sig ffffff72, data_sig 00000000, bytes_mixed 0 e7f555d9 e8ce5c3c
[    5.592493] random 0029 0000 0000 e7f555d9 e8ce5c3c: trying to extract 32 bits from nonblocking
[    5.592496] random 0029 0000 0000 e7f555d9 e8ce5c3c: debiting 32 entropy credits from nonblocking (unlimited)
[    5.592498] random 0029 0000 0000 e7f555d9 e8ce5c3c: extract_entropy account returned: 4 
[    5.592502] random 0029 0000 0000 e7f555d9 e8ce5c3c: urand_change_num 46 extract_buf: pool_sig ffffff72, data_sig ffffff72, bytes_mixed 20 e7f555d9 e8ce5c3c
[    5.604058] random 0029 0000 0000 91716c54 eeb6a1e7: add_disk_randomness(8:0) 91716c54 eeb6a1e7
[    5.604061] random 0029 0000 0000 91716c54 eeb6a1e7: add_timer_randomness(.. 8388864) with jiffies: 7181414953633153451, cycles: 7181414949338480650
[    5.604064] random 0029 0000 0000 91716c54 eeb6a1e7: added 3 entropy credits to input
[    5.622334] random 0032 0000 0000 91716c54 eeb6a1e7: add_disk_randomness(8:0) 91716c54 eeb6a1e7
[    5.622337] random 0032 0000 0000 91716c54 eeb6a1e7: add_timer_randomness(.. 8388864) with jiffies: 7345853484572049853, cycles: 7345853480277377034
[    5.622340] random 0032 0000 0000 91716c54 eeb6a1e7: added 2 entropy credits to input
[    5.626992] EXT4-fs (sda2): mounted filesystem with ordered data mode
[    5.627198] VFS: Mounted root (ext4 filesystem) readonly on device 8:2.
[    5.627295] Freeing unused kernel memory: 448k freed
[    5.647478] random 0034 0000 0000 91716c54 eeb6a1e7: add_disk_randomness(8:0) 91716c54 eeb6a1e7
[    5.647481] random 0034 0000 0000 91716c54 eeb6a1e7: add_timer_randomness(.. 8388864) with jiffies: 7572064249501680087, cycles: 7572064245207007242
[    5.647484] random 0034 0000 0000 91716c54 eeb6a1e7: added 1 entropy credits to input
[    5.648251] random 0035 0000 0000 91716c54 eeb6a1e7: add_disk_randomness(8:0) 91716c54 eeb6a1e7
[    5.648254] random 0035 0000 0000 91716c54 eeb6a1e7: add_timer_randomness(.. 8388864) with jiffies: 7579031532564349399, cycles: 7579031528269676554
[    5.652935] random 0035 0000 0000 91716c54 eeb6a1e7: add_disk_randomness(8:0) 91716c54 eeb6a1e7
[    5.652937] random 0035 0000 0000 91716c54 eeb6a1e7: add_timer_randomness(.. 8388864) with jiffies: 7621164410118832604, cycles: 7621164405824159754
[    5.652940] random 0035 0000 0000 91716c54 eeb6a1e7: added 2 entropy credits to input
[    5.661134] random 0037 0000 0000 91716c54 eeb6a1e7: add_disk_randomness(8:0) 91716c54 eeb6a1e7
[    5.661137] random 0037 0000 0000 91716c54 eeb6a1e7: add_timer_randomness(.. 8388864) with jiffies: 7694936997482955236, cycles: 7694936993188282378
[    5.661139] random 0037 0000 0000 91716c54 eeb6a1e7: added 1 entropy credits to input
[    5.664563] random 0038 0000 0000 91716c54 eeb6a1e7: add_disk_randomness(8:0) 91716c54 eeb6a1e7
[    5.664566] random 0038 0000 0000 91716c54 eeb6a1e7: add_timer_randomness(.. 8388864) with jiffies: 7725786566454116840, cycles: 7725786562159443978
[    5.664569] random 0038 0000 0000 91716c54 eeb6a1e7: added 2 entropy credits to input
[    5.673453] random 0040 0000 0000 91716c54 eeb6a1e7: add_disk_randomness(8:0) 91716c54 eeb6a1e7
[    5.673456] random 0040 0000 0000 91716c54 eeb6a1e7: add_timer_randomness(.. 8388864) with jiffies: 7805769122477474289, cycles: 7805769118182801418
[    5.673459] random 0040 0000 0000 91716c54 eeb6a1e7: added 2 entropy credits to input
[    5.686734] random 0042 0000 0000 91716c54 eeb6a1e7: add_disk_randomness(8:0) 91716c54 eeb6a1e7
[    5.686737] random 0042 0000 0000 91716c54 eeb6a1e7: add_timer_randomness(.. 8388864) with jiffies: 7925261842865947134, cycles: 7925261838571274250
[    5.694812] random 0042 0000 0000 91716c54 eeb6a1e7: add_disk_randomness(8:0) 91716c54 eeb6a1e7
[    5.694815] random 0042 0000 0000 91716c54 eeb6a1e7: add_timer_randomness(.. 8388864) with jiffies: 7997941502787158534, cycles: 7997941498492485642
[    5.694818] random 0042 0000 0000 91716c54 eeb6a1e7: added 2 entropy credits to input
[    5.694840] RANDOM get_random_int call with cycles 44811893070, jiffies 4294672902 and pid 1
[    5.694843] RANDOM get_random_int call with cycles 44811900420, jiffies 4294672902 and pid 1
[    5.694845] ASLR stack rand value: 3887104 after shift for pid: 1
[    5.694847] RANDOM get_random_int call with cycles 44811908211, jiffies 4294672902 and pid 1
[    5.706453] random 0044 0000 0000 91716c54 eeb6a1e7: add_disk_randomness(8:0) 91716c54 eeb6a1e7
[    5.706456] random 0044 0000 0000 91716c54 eeb6a1e7: add_timer_randomness(.. 8388864) with jiffies: 8102674821465997842, cycles: 8102674817171324938
[    5.706459] random 0044 0000 0000 91716c54 eeb6a1e7: added 2 entropy credits to input
[    5.706469] RANDOM get_random_int call with cycles 44836252377, jiffies 4294672914 and pid 1
[    5.706472] random 0046 0000 0000 91716c54 eeb6a1e7: rand_read_num 11 get_random_bytes(16): sig fffffcad 91716c54 eeb6a1e7
[    5.706474] random 0046 0000 0000 91716c54 eeb6a1e7: extract_entropy(.. 16 ..)
[    5.706477] random 0046 0000 0000 91716c54 eeb6a1e7: going to reseed nonblocking with 128 bits (128 of 0 requested)
[    5.706479] random 0046 0000 0000 91716c54 eeb6a1e7: extract_entropy(.. 16 ..)
[    5.706481] random 0046 0000 0000 91716c54 eeb6a1e7: trying to extract 128 bits from input
[    5.706484] random 0046 0000 0000 91716c54 eeb6a1e7: debiting 0 entropy credits from input
[    5.706486] random 0046 0000 0000 91716c54 eeb6a1e7: extract_entropy account returned: 0 
[    5.706489] random 0046 0000 0000 91716c54 eeb6a1e7: urand_change_num 47 xfer_secondary_pool(16): pool_sig fffffcad, data_sig 00000000, bytes_mixed 0 91716c54 eeb6a1e7
[    5.706492] random 0046 0000 0000 91716c54 eeb6a1e7: trying to extract 128 bits from nonblocking
[    5.706494] random 0046 0000 0000 91716c54 eeb6a1e7: debiting 128 entropy credits from nonblocking (unlimited)
[    5.706496] random 0046 0000 0000 91716c54 eeb6a1e7: extract_entropy account returned: 16 
[    5.706501] random 0046 0000 0000 91716c54 eeb6a1e7: urand_change_num 48 extract_buf: pool_sig fffffcad, data_sig ffffff19, bytes_mixed 20 91716c54 eeb6a1e7
[    5.706506] random 0046 0000 0000 fd637b06 6cf47bc1: urand_change_num 49 extract_buf: pool_sig fffffede, data_sig ffffffc1, bytes_mixed 20 fd637b06 6cf47bc1
[    5.707463] random 0046 0000 0000 fd637b06 6cf47bc1: add_disk_randomness(8:0) fd637b06 6cf47bc1
[    5.707466] random 0046 0000 0000 fd637b06 6cf47bc1: add_timer_randomness(.. 8388864) with jiffies: 8111763118293221907, cycles: 8111763113998549002
[    5.708609] random 0046 0000 0000 fd637b06 6cf47bc1: add_disk_randomness(8:0) fd637b06 6cf47bc1
[    5.708612] random 0046 0000 0000 fd637b06 6cf47bc1: add_timer_randomness(.. 8388864) with jiffies: 8122072508682437140, cycles: 8122072504387764234
[    5.709758] random 0046 0000 0000 fd637b06 6cf47bc1: add_disk_randomness(8:0) fd637b06 6cf47bc1
[    5.709761] random 0046 0000 0000 fd637b06 6cf47bc1: add_timer_randomness(.. 8388864) with jiffies: 8132410623812928021, cycles: 8132410619518255114
[    5.710639] random 0046 0000 0000 fd637b06 6cf47bc1: add_disk_randomness(8:0) fd637b06 6cf47bc1
[    5.710642] random 0046 0000 0000 fd637b06 6cf47bc1: add_timer_randomness(.. 8388864) with jiffies: 8140339966664999446, cycles: 8140339962370326538
[    5.710811] random 0046 0000 0000 fd637b06 6cf47bc1: add_disk_randomness(8:0) fd637b06 6cf47bc1
[    5.710814] random 0046 0000 0000 fd637b06 6cf47bc1: add_timer_randomness(.. 8388864) with jiffies: 8141889865743303190, cycles: 8141889861448630282
[    5.711043] random 0046 0000 0000 fd637b06 6cf47bc1: add_disk_randomness(8:0) fd637b06 6cf47bc1
[    5.711046] random 0046 0000 0000 fd637b06 6cf47bc1: add_timer_randomness(.. 8388864) with jiffies: 8143979758174831126, cycles: 8143979753880158218
[    5.721516] random 0046 0000 0000 fd637b06 6cf47bc1: add_disk_randomness(8:0) fd637b06 6cf47bc1
[    5.721519] random 0046 0000 0000 fd637b06 6cf47bc1: add_timer_randomness(.. 8388864) with jiffies: 8238202467246637601, cycles: 8238202462951964682
[    5.721522] random 0046 0000 0000 fd637b06 6cf47bc1: added 3 entropy credits to input
[    5.721952] random 0049 0000 0000 fd637b06 6cf47bc1: add_disk_randomness(8:0) fd637b06 6cf47bc1
[    5.721955] random 0049 0000 0000 fd637b06 6cf47bc1: add_timer_randomness(.. 8388864) with jiffies: 8242130201953927713, cycles: 8242130197659254794
[    5.731696] random 0049 0000 0000 fd637b06 6cf47bc1: add_disk_randomness(8:0) fd637b06 6cf47bc1
[    5.731699] random 0049 0000 0000 fd637b06 6cf47bc1: add_timer_randomness(.. 8388864) with jiffies: 8329794925461471787, cycles: 8329794921166798858
[    5.731702] random 0049 0000 0000 fd637b06 6cf47bc1: added 3 entropy credits to input
[    5.731754] RANDOM get_random_int call with cycles 44889221265, jiffies 4294672939 and pid 1
[    5.736302] random 0052 0000 0000 fd637b06 6cf47bc1: add_disk_randomness(8:0) fd637b06 6cf47bc1
[    5.736305] random 0052 0000 0000 fd637b06 6cf47bc1: add_timer_randomness(.. 8388864) with jiffies: 8371241334098068015, cycles: 8371241329803395082
[    5.736308] random 0052 0000 0000 fd637b06 6cf47bc1: added 2 entropy credits to input
[    5.749127] random 0054 0000 0000 fd637b06 6cf47bc1: add_disk_randomness(8:0) fd637b06 6cf47bc1
[    5.749130] random 0054 0000 0000 fd637b06 6cf47bc1: add_timer_randomness(.. 8388864) with jiffies: 8486627503110849084, cycles: 8486627498816176138
[    5.749133] random 0054 0000 0000 fd637b06 6cf47bc1: added 3 entropy credits to input
[    5.749265] random 0057 0000 0000 fd637b06 6cf47bc1: add_disk_randomness(8:0) fd637b06 6cf47bc1
[    5.749268] random 0057 0000 0000 fd637b06 6cf47bc1: add_timer_randomness(.. 8388864) with jiffies: 8487869255465534012, cycles: 8487869251170861066
[    5.751433] random 0057 0000 0000 fd637b06 6cf47bc1: add_disk_randomness(8:0) fd637b06 6cf47bc1
[    5.751437] random 0057 0000 0000 fd637b06 6cf47bc1: add_timer_randomness(.. 8388864) with jiffies: 8507371250257723967, cycles: 8507371245963051018
[    5.751439] random 0057 0000 0000 fd637b06 6cf47bc1: added 1 entropy credits to input
[    5.751678] random 0058 0000 0000 fd637b06 6cf47bc1: add_disk_randomness(8:0) fd637b06 6cf47bc1
[    5.751681] random 0058 0000 0000 fd637b06 6cf47bc1: add_timer_randomness(.. 8388864) with jiffies: 8509578034519179839, cycles: 8509578030224506890
[    5.751855] random 0058 0000 0000 fd637b06 6cf47bc1: add_disk_randomness(8:0) fd637b06 6cf47bc1
[    5.751859] random 0058 0000 0000 fd637b06 6cf47bc1: add_timer_randomness(.. 8388864) with jiffies: 8511174203280163391, cycles: 8511174198985490442
[    5.754983] random 0058 0000 0000 fd637b06 6cf47bc1: add_disk_randomness(8:0) fd637b06 6cf47bc1
[    5.754986] random 0058 0000 0000 fd637b06 6cf47bc1: add_timer_randomness(.. 8388864) with jiffies: 8539319338719216194, cycles: 8539319334424543242
[    5.754989] random 0058 0000 0000 fd637b06 6cf47bc1: added 1 entropy credits to input
[    5.756994] random 0059 0000 0000 fd637b06 6cf47bc1: add_disk_randomness(8:0) fd637b06 6cf47bc1
[    5.756997] random 0059 0000 0000 fd637b06 6cf47bc1: add_timer_randomness(.. 8388864) with jiffies: 8557407760990044740, cycles: 8557407756695371786
[    5.764823] random 0059 0000 0000 fd637b06 6cf47bc1: add_disk_randomness(8:0) fd637b06 6cf47bc1
[    5.764826] random 0059 0000 0000 fd637b06 6cf47bc1: add_timer_randomness(.. 8388864) with jiffies: 8627847805919789644, cycles: 8627847801625116682
[    5.764829] random 0059 0000 0000 fd637b06 6cf47bc1: added 2 entropy credits to input
[    5.764964] random 0061 0000 0000 fd637b06 6cf47bc1: add_disk_randomness(8:0) fd637b06 6cf47bc1
[    5.764966] random 0061 0000 0000 fd637b06 6cf47bc1: add_timer_randomness(.. 8388864) with jiffies: 8629110663743767116, cycles: 8629110659449094154
[    5.768524] random 0061 0000 0000 fd637b06 6cf47bc1: add_disk_randomness(8:0) fd637b06 6cf47bc1
[    5.768527] random 0061 0000 0000 fd637b06 6cf47bc1: add_timer_randomness(.. 8388864) with jiffies: 8661142542722237008, cycles: 8661142538427564042
[    5.768530] random 0061 0000 0000 fd637b06 6cf47bc1: added 2 entropy credits to input
[    5.773015] random 0063 0000 0000 fd637b06 6cf47bc1: add_disk_randomness(8:0) fd637b06 6cf47bc1
[    5.773018] random 0063 0000 0000 fd637b06 6cf47bc1: add_timer_randomness(.. 8388864) with jiffies: 8701555638061990484, cycles: 8701555633767317514
[    5.778599] random 0063 0000 0000 fd637b06 6cf47bc1: add_disk_randomness(8:0) fd637b06 6cf47bc1
[    5.778602] random 0063 0000 0000 fd637b06 6cf47bc1: add_timer_randomness(.. 8388864) with jiffies: 8751786925561184858, cycles: 8751786921266511882
[    5.778605] random 0063 0000 0000 fd637b06 6cf47bc1: added 1 entropy credits to input
[    5.784875] random 0064 0000 0000 fd637b06 6cf47bc1: add_disk_randomness(8:0) fd637b06 6cf47bc1
[    5.784878] random 0064 0000 0000 fd637b06 6cf47bc1: add_timer_randomness(.. 8388864) with jiffies: 8808254651603059296, cycles: 8808254647308386314
[    5.784891] random 0064 0000 0000 fd637b06 6cf47bc1: rand_read_num 12 get_random_bytes(16): sig 0000033b fd637b06 6cf47bc1
[    5.784894] random 0064 0000 0000 fd637b06 6cf47bc1: extract_entropy(.. 16 ..)
[    5.784896] random 0064 0000 0000 fd637b06 6cf47bc1: going to reseed nonblocking with 128 bits (128 of 0 requested)
[    5.784898] random 0064 0000 0000 fd637b06 6cf47bc1: extract_entropy(.. 16 ..)
[    5.784901] random 0064 0000 0000 fd637b06 6cf47bc1: trying to extract 128 bits from input
[    5.784903] random 0064 0000 0000 fd637b06 6cf47bc1: debiting 0 entropy credits from input
[    5.784905] random 0064 0000 0000 fd637b06 6cf47bc1: extract_entropy account returned: 0 
[    5.784908] random 0064 0000 0000 fd637b06 6cf47bc1: urand_change_num 50 xfer_secondary_pool(16): pool_sig 0000033b, data_sig 00000000, bytes_mixed 0 fd637b06 6cf47bc1
[    5.784911] random 0064 0000 0000 fd637b06 6cf47bc1: trying to extract 128 bits from nonblocking
[    5.784913] random 0064 0000 0000 fd637b06 6cf47bc1: debiting 128 entropy credits from nonblocking (unlimited)
[    5.784915] random 0064 0000 0000 fd637b06 6cf47bc1: extract_entropy account returned: 16 
[    5.784920] random 0064 0000 0000 fd637b06 6cf47bc1: urand_change_num 51 extract_buf: pool_sig 0000033b, data_sig 000000d8, bytes_mixed 20 fd637b06 6cf47bc1
[    5.784925] random 0064 0000 0000 0ec1f012 d4727ca8: urand_change_num 52 extract_buf: pool_sig fffffcf5, data_sig 00000016, bytes_mixed 20 0ec1f012 d4727ca8
[    5.791621] random 0064 0000 0000 45b1d0b1 845a73f7: add_disk_randomness(8:0) 45b1d0b1 845a73f7
[    5.791625] random 0064 0000 0000 45b1d0b1 845a73f7: add_timer_randomness(.. 8388864) with jiffies: 8868953848144429671, cycles: 8868953843849756682
[    5.798844] random 0064 0000 0000 45b1d0b1 845a73f7: add_disk_randomness(8:0) 45b1d0b1 845a73f7
[    5.798847] random 0064 0000 0000 45b1d0b1 845a73f7: add_timer_randomness(.. 8388864) with jiffies: 8933935874404221550, cycles: 8933935870109548554
[    5.804440] random 0064 0000 0000 45b1d0b1 845a73f7: add_disk_randomness(8:0) 45b1d0b1 845a73f7
[    5.804443] random 0064 0000 0000 45b1d0b1 845a73f7: add_timer_randomness(.. 8388864) with jiffies: 8984284775287849588, cycles: 8984284770993176586
[    5.816261] random 0064 0000 0000 45b1d0b1 845a73f7: add_disk_randomness(8:0) 45b1d0b1 845a73f7
[    5.816264] random 0064 0000 0000 45b1d0b1 845a73f7: add_timer_randomness(.. 8388864) with jiffies: 9090652775699415679, cycles: 9090652771404742666
[    5.816267] random 0064 0000 0000 45b1d0b1 845a73f7: added 2 entropy credits to input
[    5.819411] random 0066 0000 0000 45b1d0b1 845a73f7: add_disk_randomness(8:0) 45b1d0b1 845a73f7
[    5.819415] random 0066 0000 0000 45b1d0b1 845a73f7: add_timer_randomness(.. 8388864) with jiffies: 9118981143033250435, cycles: 9118981138738577418
[    5.819417] random 0066 0000 0000 45b1d0b1 845a73f7: added 2 entropy credits to input
[    5.833675] random 0068 0000 0000 45b1d0b1 845a73f7: add_disk_randomness(8:0) 45b1d0b1 845a73f7
[    5.833678] random 0068 0000 0000 45b1d0b1 845a73f7: add_timer_randomness(.. 8388864) with jiffies: 9247317050760331921, cycles: -9199427027243892726
[    5.833681] random 0068 0000 0000 45b1d0b1 845a73f7: added 3 entropy credits to input
[    5.839071] random 0071 0000 0000 45b1d0b1 845a73f7: add_disk_randomness(8:0) 45b1d0b1 845a73f7
[    5.839074] random 0071 0000 0000 45b1d0b1 845a73f7: add_timer_randomness(.. 8388864) with jiffies: 9295872304581673622, cycles: -9150871773422551030
[    5.839077] random 0071 0000 0000 45b1d0b1 845a73f7: added 2 entropy credits to input
[    5.844242] random 0073 0000 0000 45b1d0b1 845a73f7: add_disk_randomness(8:0) 45b1d0b1 845a73f7
[    5.844245] random 0073 0000 0000 45b1d0b1 845a73f7: add_timer_randomness(.. 8388864) with jiffies: 9342403593719480987, cycles: -9104340484284743670
[    5.852471] random 0073 0000 0000 45b1d0b1 845a73f7: add_disk_randomness(8:0) 45b1d0b1 845a73f7
[    5.852474] random 0073 0000 0000 45b1d0b1 845a73f7: add_timer_randomness(.. 8388864) with jiffies: 9416426835374998180, cycles: -9030317242629226486
[    5.852477] random 0073 0000 0000 45b1d0b1 845a73f7: added 2 entropy credits to input
[    5.862071] random 0075 0000 0000 45b1d0b1 845a73f7: add_disk_randomness(8:0) 45b1d0b1 845a73f7
[    5.862074] random 0075 0000 0000 45b1d0b1 845a73f7: add_timer_randomness(.. 8388864) with jiffies: 9502805838947648173, cycles: -8943938239056576502
[    5.881574] random 0075 0000 0000 45b1d0b1 845a73f7: add_disk_randomness(8:0) 45b1d0b1 845a73f7
[    5.881577] random 0075 0000 0000 45b1d0b1 845a73f7: add_timer_randomness(.. 8388864) with jiffies: 9678272063491244737, cycles: -8768472014512979958
[    5.881580] random 0075 0000 0000 45b1d0b1 845a73f7: added 3 entropy credits to input
[    5.894855] random 0078 0000 0000 45b1d0b1 845a73f7: add_disk_randomness(8:0) 45b1d0b1 845a73f7
[    5.894858] random 0078 0000 0000 45b1d0b1 845a73f7: add_timer_randomness(.. 8388864) with jiffies: 9797765007218016974, cycles: -8648979070786207734
[    5.894860] random 0078 0000 0000 45b1d0b1 845a73f7: added 2 entropy credits to input
[    5.902881] random 0080 0000 0000 45b1d0b1 845a73f7: add_disk_randomness(8:0) 45b1d0b1 845a73f7
[    5.902883] random 0080 0000 0000 45b1d0b1 845a73f7: add_timer_randomness(.. 8388864) with jiffies: 9869974982400639702, cycles: -8576769095603585014
[    5.902886] random 0080 0000 0000 45b1d0b1 845a73f7: added 1 entropy credits to input
[    5.912900] random 0081 0000 0000 45b1d0b1 845a73f7: add_disk_randomness(8:0) 45b1d0b1 845a73f7
[    5.912903] random 0081 0000 0000 45b1d0b1 845a73f7: add_timer_randomness(.. 8388864) with jiffies: 9960120229910250208, cycles: -8486623848093974518
[    5.912905] random 0081 0000 0000 45b1d0b1 845a73f7: added 1 entropy credits to input
[    5.925778] random 0082 0000 0000 45b1d0b1 845a73f7: add_disk_randomness(8:0) 45b1d0b1 845a73f7
[    5.925781] random 0082 0000 0000 45b1d0b1 845a73f7: add_timer_randomness(.. 8388864) with jiffies: 10075983213307331309, cycles: -8370760864696893430
[    5.933134] random 0082 0000 0000 45b1d0b1 845a73f7: add_disk_randomness(8:0) 45b1d0b1 845a73f7
[    5.933137] random 0082 0000 0000 45b1d0b1 845a73f7: add_timer_randomness(.. 8388864) with jiffies: 10142178894245757684, cycles: -8304565183758467062
[    5.933140] random 0082 0000 0000 45b1d0b1 845a73f7: added 2 entropy credits to input
[    5.938380] random 0084 0000 0000 45b1d0b1 845a73f7: add_disk_randomness(8:0) 45b1d0b1 845a73f7
[    5.938383] random 0084 0000 0000 45b1d0b1 845a73f7: add_timer_randomness(.. 8388864) with jiffies: 10189360935353418490, cycles: -8257383142650806262
[    5.944821] random 0084 0000 0000 45b1d0b1 845a73f7: add_disk_randomness(8:0) 45b1d0b1 845a73f7
[    5.944824] random 0084 0000 0000 45b1d0b1 845a73f7: add_timer_randomness(.. 8388864) with jiffies: 10247322914877309696, cycles: -8199421163126915062
[    5.949881] random 0084 0000 0000 45b1d0b1 845a73f7: add_disk_randomness(8:0) 45b1d0b1 845a73f7
[    5.949884] random 0084 0000 0000 45b1d0b1 845a73f7: add_timer_randomness(.. 8388864) with jiffies: 10292851290496795397, cycles: -8153892787507429366
[    5.955774] random 0084 0000 0000 45b1d0b1 845a73f7: add_disk_randomness(8:0) 45b1d0b1 845a73f7
[    5.955777] random 0084 0000 0000 45b1d0b1 845a73f7: add_timer_randomness(.. 8388864) with jiffies: 10345864303759557387, cycles: -8100879774244667382
[    5.965125] random 0084 0000 0000 45b1d0b1 845a73f7: add_disk_randomness(8:0) 45b1d0b1 845a73f7
[    5.965128] random 0084 0000 0000 45b1d0b1 845a73f7: add_timer_randomness(.. 8388864) with jiffies: 10430004684478186260, cycles: -8016739393526038518
[    5.965131] random 0084 0000 0000 45b1d0b1 845a73f7: added 1 entropy credits to input
[    5.970004] random 0085 0000 0000 45b1d0b1 845a73f7: add_disk_randomness(8:0) 45b1d0b1 845a73f7
[    5.970007] random 0085 0000 0000 45b1d0b1 845a73f7: add_timer_randomness(.. 8388864) with jiffies: 10473899641085330201, cycles: -7972844436918894582
[    5.970010] random 0085 0000 0000 45b1d0b1 845a73f7: added 2 entropy credits to input
[    5.977440] random 0087 0000 0000 45b1d0b1 845a73f7: add_disk_randomness(8:0) 45b1d0b1 845a73f7
[    5.977443] random 0087 0000 0000 45b1d0b1 845a73f7: add_timer_randomness(.. 8388864) with jiffies: 10540795320088625953, cycles: -7905948757915598838
[    5.977446] random 0087 0000 0000 45b1d0b1 845a73f7: added 1 entropy credits to input
[    5.983658] random 0088 0000 0000 45b1d0b1 845a73f7: add_disk_randomness(8:0) 45b1d0b1 845a73f7
[    5.983661] random 0088 0000 0000 45b1d0b1 845a73f7: add_timer_randomness(.. 8388864) with jiffies: 10596743032965137191, cycles: -7850001045039087606
[    5.983663] random 0088 0000 0000 45b1d0b1 845a73f7: added 1 entropy credits to input
[    5.983813] random 0089 0000 0000 45b1d0b1 845a73f7: add_disk_randomness(8:0) 45b1d0b1 845a73f7
[    5.983816] random 0089 0000 0000 45b1d0b1 845a73f7: add_timer_randomness(.. 8388864) with jiffies: 10598142715562263335, cycles: -7848601362441961462
[    5.998217] random 0089 0000 0000 45b1d0b1 845a73f7: add_disk_randomness(8:0) 45b1d0b1 845a73f7
[    5.998220] random 0089 0000 0000 45b1d0b1 845a73f7: add_timer_randomness(.. 8388864) with jiffies: 10727741884840248117, cycles: -7719002193163976694
[    5.998223] random 0089 0000 0000 45b1d0b1 845a73f7: added 3 entropy credits to input
[    6.005635] random 0092 0000 0000 45b1d0b1 845a73f7: add_disk_randomness(8:0) 45b1d0b1 845a73f7
[    6.005638] random 0092 0000 0000 45b1d0b1 845a73f7: add_timer_randomness(.. 8388864) with jiffies: 10794475845439947581, cycles: -7652268232564277238
[    6.005641] random 0092 0000 0000 45b1d0b1 845a73f7: added 2 entropy credits to input
[    6.015317] random 0094 0000 0000 45b1d0b1 845a73f7: add_disk_randomness(8:0) 45b1d0b1 845a73f7
[    6.015320] random 0094 0000 0000 45b1d0b1 845a73f7: add_timer_randomness(.. 8388864) with jiffies: 10881595301374427974, cycles: -7565148776629796854
[    6.025946] random 0094 0000 0000 45b1d0b1 845a73f7: add_disk_randomness(8:0) 45b1d0b1 845a73f7
[    6.025949] random 0094 0000 0000 45b1d0b1 845a73f7: add_timer_randomness(.. 8388864) with jiffies: 10977221025937982289, cycles: -7469523052066242550
[    6.038463] random 0094 0000 0000 45b1d0b1 845a73f7: add_disk_randomness(8:0) 45b1d0b1 845a73f7
[    6.038466] random 0094 0000 0000 45b1d0b1 845a73f7: add_timer_randomness(.. 8388864) with jiffies: 11089829347542664030, cycles: -7356914730461560822
[    6.039675] random 0094 0000 0000 45b1d0b1 845a73f7: add_disk_randomness(8:0) 45b1d0b1 845a73f7
[    6.039678] random 0094 0000 0000 45b1d0b1 845a73f7: add_timer_randomness(.. 8388864) with jiffies: 11100740376950702943, cycles: -7346003701053521910
[    6.043689] random 0094 0000 0000 45b1d0b1 845a73f7: add_disk_randomness(8:0) 45b1d0b1 845a73f7
[    6.043692] random 0094 0000 0000 45b1d0b1 845a73f7: add_timer_randomness(.. 8388864) with jiffies: 11136854587984282467, cycles: -7309889490019942390
[    6.043695] random 0094 0000 0000 45b1d0b1 845a73f7: added 1 entropy credits to input
[    6.053028] random 0095 0000 0000 45b1d0b1 845a73f7: add_disk_randomness(8:0) 45b1d0b1 845a73f7
[    6.053032] random 0095 0000 0000 45b1d0b1 845a73f7: add_timer_randomness(.. 8388864) with jiffies: 11220888582362989420, cycles: -7225855495641235446
[    6.053034] random 0095 0000 0000 45b1d0b1 845a73f7: added 1 entropy credits to input
[    6.053376] random 0096 0000 0000 45b1d0b1 845a73f7: add_disk_randomness(8:0) 45b1d0b1 845a73f7
[    6.053379] random 0096 0000 0000 45b1d0b1 845a73f7: add_timer_randomness(.. 8388864) with jiffies: 11224008541096084333, cycles: -7222735536908140534
[    6.069037] random 0096 0000 0000 45b1d0b1 845a73f7: add_disk_randomness(8:0) 45b1d0b1 845a73f7
[    6.069040] random 0096 0000 0000 45b1d0b1 845a73f7: add_timer_randomness(.. 8388864) with jiffies: 11364920018576573308, cycles: -7081824059427651574
[    6.069043] random 0096 0000 0000 45b1d0b1 845a73f7: added 3 entropy credits to input
[    6.070668] random 0099 0000 0000 45b1d0b1 845a73f7: add_disk_randomness(8:0) 45b1d0b1 845a73f7
[    6.070671] random 0099 0000 0000 45b1d0b1 845a73f7: add_timer_randomness(.. 8388864) with jiffies: 11379590845175661438, cycles: -7067153232828563446
[    6.070674] random 0099 0000 0000 45b1d0b1 845a73f7: added 1 entropy credits to input
[    6.070821] random 0100 0000 0000 45b1d0b1 845a73f7: add_disk_randomness(8:0) 45b1d0b1 845a73f7
[    6.070825] random 0100 0000 0000 45b1d0b1 845a73f7: add_timer_randomness(.. 8388864) with jiffies: 11380972484615177086, cycles: -7065771593389047798
[    6.081691] random 0100 0000 0000 45b1d0b1 845a73f7: add_disk_randomness(8:0) 45b1d0b1 845a73f7
[    6.081694] random 0100 0000 0000 45b1d0b1 845a73f7: add_timer_randomness(.. 8388864) with jiffies: 11478763143278855049, cycles: -6967980934725369846
[    6.081696] random 0100 0000 0000 45b1d0b1 845a73f7: added 3 entropy credits to input
[    6.082258] random 0103 0000 0000 45b1d0b1 845a73f7: add_disk_randomness(8:0) 45b1d0b1 845a73f7
[    6.082261] random 0103 0000 0000 45b1d0b1 845a73f7: add_timer_randomness(.. 8388864) with jiffies: 11483876035556770697, cycles: -6962868042447454198
[    6.087487] random 0103 0000 0000 45b1d0b1 845a73f7: add_disk_randomness(8:0) 45b1d0b1 845a73f7
[    6.087490] random 0103 0000 0000 45b1d0b1 845a73f7: add_timer_randomness(.. 8388864) with jiffies: 11530908762126386063, cycles: -6915835315877838838
[    6.087493] random 0103 0000 0000 45b1d0b1 845a73f7: added 2 entropy credits to input
[    6.089281] random 0105 0000 0000 45b1d0b1 845a73f7: add_disk_randomness(8:0) 45b1d0b1 845a73f7
[    6.089284] random 0105 0000 0000 45b1d0b1 845a73f7: add_timer_randomness(.. 8388864) with jiffies: 11547059587211035536, cycles: -6899684490793189366
[    6.099467] random 0105 0000 0000 45b1d0b1 845a73f7: add_disk_randomness(8:0) 45b1d0b1 845a73f7
[    6.099470] random 0105 0000 0000 45b1d0b1 845a73f7: add_timer_randomness(.. 8388864) with jiffies: 11638695385940853659, cycles: -6808048692063371254
[    6.099473] random 0105 0000 0000 45b1d0b1 845a73f7: added 3 entropy credits to input
[    6.113404] random 0108 0000 0000 45b1d0b1 845a73f7: add_disk_randomness(8:0) 45b1d0b1 845a73f7
[    6.113407] random 0108 0000 0000 45b1d0b1 845a73f7: add_timer_randomness(.. 8388864) with jiffies: 11764086226003133353, cycles: -6682657852001091574
[    6.113410] random 0108 0000 0000 45b1d0b1 845a73f7: added 1 entropy credits to input
[    6.125924] random 0109 0000 0000 45b1d0b1 845a73f7: add_disk_randomness(8:0) 45b1d0b1 845a73f7
[    6.125927] random 0109 0000 0000 45b1d0b1 845a73f7: add_timer_randomness(.. 8388864) with jiffies: 11876738562432664501, cycles: -6570005515571560438
[    6.125930] random 0109 0000 0000 45b1d0b1 845a73f7: added 1 entropy credits to input
