[    0.000000] random 0000 0000 0000 00000000 00000000: rand_read_num 1 get_random_bytes(8): sig 00000000 00000000 00000000
[    0.000000] random 0000 0000 0000 00000000 00000000: extract_entropy(.. 8 ..)
[    0.000000] random 0000 0000 0000 00000000 00000000: going to reseed nonblocking with 64 bits (64 of 0 requested)
[    0.000000] random 0000 0000 0000 00000000 00000000: extract_entropy(.. 8 ..)
[    0.000000] random 0000 0000 0000 00000000 00000000: trying to extract 64 bits from input
[    0.000000] random 0000 0000 0000 00000000 00000000: debiting 0 entropy credits from input
[    0.000000] random 0000 0000 0000 00000000 00000000: extract_entropy account returned: 0 
[    0.000000] random 0000 0000 0000 00000000 00000000: urand_change_num 1 xfer_secondary_pool(8): pool_sig 00000000, data_sig 00000000, bytes_mixed 0 00000000 00000000
[    0.000000] random 0000 0000 0000 00000000 00000000: trying to extract 64 bits from nonblocking
[    0.000000] random 0000 0000 0000 00000000 00000000: debiting 64 entropy credits from nonblocking (unlimited)
[    0.000000] random 0000 0000 0000 00000000 00000000: extract_entropy account returned: 8 
[    0.000000] random 0000 0000 0000 00000000 00000000: urand_change_num 2 extract_buf: pool_sig 00000000, data_sig fffffff9, bytes_mixed 20 00000000 00000000
[    0.000000] Linux version 2.6.32.57 (dcashman@dcashman-02) (gcc version 4.3.3 (GCC) ) #6 Thu May 30 09:02:12 PDT 2013
[    0.000000] KERNEL supported cpus:
[    0.000000]   Intel GenuineIntel
[    0.000000]   AMD AuthenticAMD
[    0.000000]   NSC Geode by NSC
[    0.000000]   Cyrix CyrixInstead
[    0.000000]   Centaur CentaurHauls
[    0.000000]   Transmeta GenuineTMx86
[    0.000000]   Transmeta TransmetaCPU
[    0.000000]   UMC UMC UMC UMC
[    0.000000] BIOS-provided physical RAM map:
[    0.000000]  BIOS-e820: 0000000000000000 - 000000000009d800 (usable)
[    0.000000]  BIOS-e820: 000000000009d800 - 00000000000a0000 (reserved)
[    0.000000]  BIOS-e820: 00000000000d2000 - 00000000000d4000 (reserved)
[    0.000000]  BIOS-e820: 00000000000e0000 - 0000000000100000 (reserved)
[    0.000000]  BIOS-e820: 0000000000100000 - 000000003d6b0000 (usable)
[    0.000000]  BIOS-e820: 000000003d6b0000 - 000000003d6cc000 (ACPI data)
[    0.000000]  BIOS-e820: 000000003d6cc000 - 000000003d700000 (ACPI NVS)
[    0.000000]  BIOS-e820: 000000003d700000 - 000000003e000000 (reserved)
[    0.000000]  BIOS-e820: 00000000f0000000 - 00000000f4000000 (reserved)
[    0.000000]  BIOS-e820: 00000000fec00000 - 00000000fec10000 (reserved)
[    0.000000]  BIOS-e820: 00000000fed00000 - 00000000fed00400 (reserved)
[    0.000000]  BIOS-e820: 00000000fed14000 - 00000000fed1a000 (reserved)
[    0.000000]  BIOS-e820: 00000000fed1c000 - 00000000fed90000 (reserved)
[    0.000000]  BIOS-e820: 00000000fee00000 - 00000000fee01000 (reserved)
[    0.000000]  BIOS-e820: 00000000ff000000 - 0000000100000000 (reserved)
[    0.000000] DMI present.
[    0.000000] last_pfn = 0x3d6b0 max_arch_pfn = 0x100000
[    0.000000] MTRR default type: uncachable
[    0.000000] MTRR fixed ranges enabled:
[    0.000000]   00000-9FFFF write-back
[    0.000000]   A0000-BFFFF uncachable
[    0.000000]   C0000-CFFFF write-protect
[    0.000000]   D0000-DFFFF uncachable
[    0.000000]   E0000-FFFFF write-protect
[    0.000000] MTRR variable ranges enabled:
[    0.000000]   0 base 03E000000 mask FFE000000 uncachable
[    0.000000]   1 base 000000000 mask FC0000000 write-back
[    0.000000]   2 base 03D700000 mask FFFF00000 uncachable
[    0.000000]   3 base 03D800000 mask FFF800000 uncachable
[    0.000000]   4 disabled
[    0.000000]   5 disabled
[    0.000000]   6 disabled
[    0.000000]   7 disabled
[    0.000000] initial memory mapped : 0 - 02000000
[    0.000000] init_memory_mapping: 0000000000000000-00000000377fe000
[    0.000000]  0000000000 - 0000400000 page 4k
[    0.000000]  0000400000 - 0037400000 page 2M
[    0.000000]  0037400000 - 00377fe000 page 4k
[    0.000000] kernel direct mapping tables up to 377fe000 @ 7000-c000
[    0.000000] ACPI: RSDP 000f68d0 00024 (v02 LENOVO)
[    0.000000] ACPI: XSDT 3d6bb77f 00094 (v01 LENOVO TP-7L    00002170  LTP 00000000)
[    0.000000] ACPI: FACP 3d6bb900 000F4 (v03 LENOVO TP-7L    00002170 LNVO 00000001)
[    0.000000] ACPI Warning: 32/64X length mismatch in Gpe1Block: 0/32 (20090903/tbfadt-526)
[    0.000000] ACPI Warning: Optional field Gpe1Block has zero address or length: 000000000000102C/0 (20090903/tbfadt-557)
[    0.000000] ACPI: DSDT 3d6bbd1d 0FED1 (v01 LENOVO TP-7L    00002170 MSFT 03000000)
[    0.000000] ACPI: FACS 3d6e4000 00040
[    0.000000] ACPI: SSDT 3d6bbab4 00269 (v01 LENOVO TP-7L    00002170 MSFT 03000000)
[    0.000000] ACPI: ECDT 3d6cbbee 00052 (v01 LENOVO TP-7L    00002170 LNVO 00000001)
[    0.000000] ACPI: TCPA 3d6cbc40 00032 (v02 LENOVO TP-7L    00002170 LNVO 00000001)
[    0.000000] ACPI: APIC 3d6cbc72 00068 (v01 LENOVO TP-7L    00002170 LNVO 00000001)
[    0.000000] ACPI: MCFG 3d6cbcda 0003C (v01 LENOVO TP-7L    00002170 LNVO 00000001)
[    0.000000] ACPI: HPET 3d6cbd16 00038 (v01 LENOVO TP-7L    00002170 LNVO 00000001)
[    0.000000] ACPI: SLIC 3d6cbdf0 00176 (v01 LENOVO TP-7L    00002170  LTP 00000000)
[    0.000000] ACPI: BOOT 3d6cbf66 00028 (v01 LENOVO TP-7L    00002170  LTP 00000001)
[    0.000000] ACPI: ASF! 3d6cbf8e 00072 (v16 LENOVO TP-7L    00002170 PTL  00000001)
[    0.000000] ACPI: SSDT 3d6e26d9 0025F (v01 LENOVO TP-7L    00002170 INTL 20050513)
[    0.000000] ACPI: SSDT 3d6e2938 000A6 (v01 LENOVO TP-7L    00002170 INTL 20050513)
[    0.000000] ACPI: SSDT 3d6e29de 004F7 (v01 LENOVO TP-7L    00002170 INTL 20050513)
[    0.000000] ACPI: SSDT 3d6e2ed5 001D8 (v01 LENOVO TP-7L    00002170 INTL 20050513)
[    0.000000] ACPI: DMI detected: Lenovo ThinkPad R61
[    0.000000] ACPI: Added _OSI(Linux)
[    0.000000] ACPI: Local APIC address 0xfee00000
[    0.000000] 94MB HIGHMEM available.
[    0.000000] 887MB LOWMEM available.
[    0.000000]   mapped low ram: 0 - 377fe000
[    0.000000]   low ram: 0 - 377fe000
[    0.000000]   node 0 low ram: 00000000 - 377fe000
[    0.000000]   node 0 bootmap 00008000 - 0000ef00
[    0.000000] (6 early reservations) ==> bootmem [0000000000 - 00377fe000]
[    0.000000]   #0 [0000000000 - 0000001000]   BIOS data page ==> [0000000000 - 0000001000]
[    0.000000]   #1 [0001000000 - 0001bdc180]    TEXT DATA BSS ==> [0001000000 - 0001bdc180]
[    0.000000]   #2 [000009d800 - 0000100000]    BIOS reserved ==> [000009d800 - 0000100000]
[    0.000000]   #3 [0001bdd000 - 0001be516c]              BRK ==> [0001bdd000 - 0001be516c]
[    0.000000]   #4 [0000007000 - 0000008000]          PGTABLE ==> [0000007000 - 0000008000]
[    0.000000]   #5 [0000008000 - 000000f000]          BOOTMAP ==> [0000008000 - 000000f000]
[    0.000000] found SMP MP-table at [c00f6900] f6900
[    0.000000] Zone PFN ranges:
[    0.000000]   DMA      0x00000000 -> 0x00001000
[    0.000000]   Normal   0x00001000 -> 0x000377fe
[    0.000000]   HighMem  0x000377fe -> 0x0003d6b0
[    0.000000] Movable zone start PFN for each node
[    0.000000] early_node_map[2] active PFN ranges
[    0.000000]     0: 0x00000000 -> 0x0000009d
[    0.000000]     0: 0x00000100 -> 0x0003d6b0
[    0.000000] On node 0 totalpages: 251469
[    0.000000] free_area_init_node: node 0, pgdat c1901ea0, node_mem_map c1be7000
[    0.000000]   DMA zone: 32 pages used for memmap
[    0.000000]   DMA zone: 0 pages reserved
[    0.000000]   DMA zone: 3965 pages, LIFO batch:0
[    0.000000]   Normal zone: 1744 pages used for memmap
[    0.000000]   Normal zone: 221486 pages, LIFO batch:31
[    0.000000]   HighMem zone: 190 pages used for memmap
[    0.000000]   HighMem zone: 24052 pages, LIFO batch:3
[    0.000000] Using APIC driver default
[    0.000000] ACPI: PM-Timer IO Port: 0x1008
[    0.000000] ACPI: Local APIC address 0xfee00000
[    0.000000] ACPI: LAPIC (acpi_id[0x00] lapic_id[0x00] enabled)
[    0.000000] ACPI: LAPIC (acpi_id[0x01] lapic_id[0x01] enabled)
[    0.000000] ACPI: NR_CPUS/possible_cpus limit of 1 reached.  Processor 1/0x1 ignored.
[    0.000000] ACPI: LAPIC_NMI (acpi_id[0x00] high edge lint[0x1])
[    0.000000] ACPI: LAPIC_NMI (acpi_id[0x01] high edge lint[0x1])
[    0.000000] ACPI: IOAPIC (id[0x01] address[0xfec00000] gsi_base[0])
[    0.000000] IOAPIC[0]: apic_id 1, version 32, address 0xfec00000, GSI 0-23
[    0.000000] ACPI: INT_SRC_OVR (bus 0 bus_irq 0 global_irq 2 dfl dfl)
[    0.000000] ACPI: INT_SRC_OVR (bus 0 bus_irq 9 global_irq 9 high level)
[    0.000000] ACPI: IRQ0 used by override.
[    0.000000] ACPI: IRQ2 used by override.
[    0.000000] ACPI: IRQ9 used by override.
[    0.000000] Using ACPI (MADT) for SMP configuration information
[    0.000000] ACPI: HPET id: 0x8086a201 base: 0xfed00000
[    0.000000] nr_irqs_gsi: 24
[    0.000000] PM: Registered nosave memory: 000000000009d000 - 000000000009e000
[    0.000000] PM: Registered nosave memory: 000000000009e000 - 00000000000a0000
[    0.000000] PM: Registered nosave memory: 00000000000a0000 - 00000000000d2000
[    0.000000] PM: Registered nosave memory: 00000000000d2000 - 00000000000d4000
[    0.000000] PM: Registered nosave memory: 00000000000d4000 - 00000000000e0000
[    0.000000] PM: Registered nosave memory: 00000000000e0000 - 0000000000100000
[    0.000000] Allocating PCI resources starting at 3e000000 (gap: 3e000000:b2000000)
[    0.000000] Built 1 zonelists in Zone order, mobility grouping on.  Total pages: 249503
[    0.000000] Kernel command line: auto BOOT_IMAGE=Linux ro root=802 vt.default_utf8=0 maxcpus=0
[    0.000000] PID hash table entries: 4096 (order: 2, 16384 bytes)
[    0.000000] Dentry cache hash table entries: 131072 (order: 7, 524288 bytes)
[    0.000000] Inode-cache hash table entries: 65536 (order: 6, 262144 bytes)
[    0.000000] Enabling fast FPU save and restore... done.
[    0.000000] Enabling unmasked SIMD FPU exception support... done.
[    0.000000] Initializing CPU#0
[    0.000000] Initializing HighMem for node 0 (000377fe:0003d6b0)
[    0.000000] Memory: 984800k/1006272k available (6915k kernel code, 20876k reserved, 2327k data, 448k init, 96968k highmem)
[    0.000000] virtual kernel memory layout:
[    0.000000]     fixmap  : 0xfffa3000 - 0xfffff000   ( 368 kB)
[    0.000000]     pkmap   : 0xff800000 - 0xffc00000   (4096 kB)
[    0.000000]     vmalloc : 0xf7ffe000 - 0xff7fe000   ( 120 MB)
[    0.000000]     lowmem  : 0xc0000000 - 0xf77fe000   ( 887 MB)
[    0.000000]       .init : 0xc1907000 - 0xc1977000   ( 448 kB)
[    0.000000]       .data : 0xc16c0d3f - 0xc1906c64   (2327 kB)
[    0.000000]       .text : 0xc1000000 - 0xc16c0d3f   (6915 kB)
[    0.000000] Checking if this processor honours the WP bit even in supervisor mode...Ok.
[    0.000000] SLUB: Genslabs=13, HWalign=64, Order=0-3, MinObjects=0, CPUs=1, Nodes=1
[    0.000000] Hierarchical RCU implementation.
[    0.000000] NR_IRQS:288
[    0.000000] Extended CMOS year: 2000
[    0.000000] Console: colour VGA+ 80x25
[    0.000000] console [tty0] enabled
[    0.000000] hpet clockevent registered
[    0.000000] Fast TSC calibration failed
[    0.000000] TSC: PIT calibration matches HPET. 1 loops
[    0.000000] Detected 2094.805 MHz processor.
[    0.002001] Calibrating delay loop (skipped), value calculated using timer frequency.. 4189.61 BogoMIPS (lpj=2094805)
[    0.002176] Security Framework initialized
[    0.002261] Mount-cache hash table entries: 512
[    0.003067] CPU: L1 I cache: 32K, L1 D cache: 32K
[    0.003193] CPU: L2 cache: 3072K
[    0.003274] mce: CPU supports 6 MCE banks
[    0.003361] CPU0: Thermal monitoring enabled (TM2)
[    0.003445] using mwait in idle threads.
[    0.003528] CPU: Intel(R) Core(TM)2 Duo CPU     T8100  @ 2.10GHz stepping 06
[    0.003708] Checking 'hlt' instruction... OK.
[    0.007943] ACPI: Core revision 20090903
[    0.027013] RANDOM get_random_int first call with cycles 32594191392, jiffies 4294667323 and pid 0
[    0.027020] CANARY value: 98f3fee0 for PID: 1
[    0.027027] CANARY value: a9196e2 for PID: 2
[    0.027049] Enabling APIC mode:  Flat.  Using 1 I/O APICs
[    0.027507] ..TIMER: vector=0x30 apic1=0 pin1=2 apic2=-1 pin2=-1
[    0.037997] xor: automatically using best checksumming function: pIII_sse
[    0.041998]    pIII_sse  :  8568.000 MB/sec
[    0.042095] xor: using function: pIII_sse (8568.000 MB/sec)
[    0.042182] RANDOM - __seed init called.
[    0.042183] RANDOM - __seed init called.
[    0.042184] RANDOM - __seed init called.
[    0.042185] RANDOM - __random32 called. Change num 1.  Value: f7943846	49e73df3	af36cd0d
[    0.042187] RANDOM - __random32 called. Change num 2.  Value: 43846e13	9e73df37	9a1ad014
[    0.042189] RANDOM - __random32 called. Change num 3.  Value: 46e139c8	e73df373	a029598a
[    0.042191] RANDOM - __random32 called. Change num 4.  Value: 139c8c3b	73df373d	b3142c72
[    0.042193] RANDOM - __random32 called. Change num 5.  Value: c8c3b043	3df373de	58e576a9
[    0.042194] RANDOM - __random32 called. Change num 6.  Value: 3b0437d9	df373de5	ed53f9d8
[    0.042196] RANDOM - random32 init called.  Value: 3b0437d9	df373de5	ed53f9d8
[    0.042213] NET: Registered protocol family 16
[    0.042483] ACPI FADT declares the system doesn't support PCIe ASPM, so disable it
[    0.042607] ACPI: bus type pci registered
[    0.042779] PCI: MCFG configuration 0: base f0000000 segment 0 buses 0 - 63
[    0.042871] PCI: MCFG area at f0000000 reserved in E820
[    0.042964] PCI: Using MMCONFIG for extended config space
[    0.043002] PCI: Using configuration type 1 for base access
[    0.046155] bio: create slab <bio-0> at 0
[    0.046971] ACPI: EC: EC description table is found, configuring boot EC
[    0.052152] ACPI: BIOS _OSI(Linux) query honored via DMI
[    0.052880] random 0000 0000 0000 00000000 00000000: rand_read_num 2 get_random_bytes(8): sig fffffe1a 00000000 00000000
[    0.052883] random 0000 0000 0000 00000000 00000000: extract_entropy(.. 8 ..)
[    0.052885] random 0000 0000 0000 00000000 00000000: going to reseed nonblocking with 64 bits (64 of 0 requested)
[    0.052887] random 0000 0000 0000 00000000 00000000: extract_entropy(.. 8 ..)
[    0.052890] random 0000 0000 0000 00000000 00000000: trying to extract 64 bits from input
[    0.052892] random 0000 0000 0000 00000000 00000000: debiting 0 entropy credits from input
[    0.052894] random 0000 0000 0000 00000000 00000000: extract_entropy account returned: 0 
[    0.052925] random 0000 0000 0000 00000000 00000000: urand_change_num 3 xfer_secondary_pool(8): pool_sig fffffe1a, data_sig 00000000, bytes_mixed 0 00000000 00000000
[    0.052929] random 0000 0000 0000 00000000 00000000: trying to extract 64 bits from nonblocking
[    0.052931] random 0000 0000 0000 00000000 00000000: debiting 64 entropy credits from nonblocking (unlimited)
[    0.052933] random 0000 0000 0000 00000000 00000000: extract_entropy account returned: 8 
[    0.052937] random 0000 0000 0000 00000000 00000000: urand_change_num 4 extract_buf: pool_sig fffffe1a, data_sig fffffed7, bytes_mixed 20 00000000 00000000
[    0.058710] ACPI: Interpreter enabled
[    0.058799] ACPI: (supports S0 S3 S4 S5)
[    0.059138] ACPI: Using IOAPIC for interrupt routing
[    0.068660] ACPI: EC: GPE = 0x12, I/O: command/status = 0x66, data = 0x62
[    0.068932] ACPI: Power Resource [PUBS] (on)
[    0.071061] ACPI: ACPI Dock Station Driver: 3 docks/bays found
[    0.071482] ACPI: PCI Root Bridge [PCI0] (0000:00)
[    0.071653] pci 0000:00:02.0: reg 10 64bit mmio: [0xf8100000-0xf81fffff]
[    0.071658] pci 0000:00:02.0: reg 18 64bit mmio pref: [0xe0000000-0xefffffff]
[    0.071662] pci 0000:00:02.0: reg 20 io port: [0x1800-0x1807]
[    0.071697] pci 0000:00:02.1: reg 10 64bit mmio: [0xf8200000-0xf82fffff]
[    0.071799] pci 0000:00:19.0: reg 10 32bit mmio: [0xfe000000-0xfe01ffff]
[    0.071808] pci 0000:00:19.0: reg 14 32bit mmio: [0xfe025000-0xfe025fff]
[    0.071817] pci 0000:00:19.0: reg 18 io port: [0x1840-0x185f]
[    0.071887] pci 0000:00:19.0: PME# supported from D0 D3hot D3cold
[    0.071981] pci 0000:00:19.0: PME# disabled
[    0.072056] pci 0000:00:1a.0: reg 20 io port: [0x1860-0x187f]
[    0.072141] pci 0000:00:1a.1: reg 20 io port: [0x1880-0x189f]
[    0.072223] pci 0000:00:1a.7: reg 10 32bit mmio: [0xfe226c00-0xfe226fff]
[    0.072305] pci 0000:00:1a.7: PME# supported from D0 D3hot D3cold
[    0.072408] pci 0000:00:1a.7: PME# disabled
[    0.072560] pci 0000:00:1b.0: reg 10 64bit mmio: [0xfe020000-0xfe023fff]
[    0.072640] pci 0000:00:1b.0: PME# supported from D0 D3hot D3cold
[    0.072732] pci 0000:00:1b.0: PME# disabled
[    0.073021] pci 0000:00:1c.0: PME# supported from D0 D3hot D3cold
[    0.073123] pci 0000:00:1c.0: PME# disabled
[    0.073330] pci 0000:00:1c.1: PME# supported from D0 D3hot D3cold
[    0.073434] pci 0000:00:1c.1: PME# disabled
[    0.073641] pci 0000:00:1c.2: PME# supported from D0 D3hot D3cold
[    0.073735] pci 0000:00:1c.2: PME# disabled
[    0.073941] pci 0000:00:1c.3: PME# supported from D0 D3hot D3cold
[    0.073999] pci 0000:00:1c.3: PME# disabled
[    0.074203] pci 0000:00:1c.4: PME# supported from D0 D3hot D3cold
[    0.074299] pci 0000:00:1c.4: PME# disabled
[    0.075053] pci 0000:00:1d.0: reg 20 io port: [0x18a0-0x18bf]
[    0.075135] pci 0000:00:1d.1: reg 20 io port: [0x18c0-0x18df]
[    0.075205] pci 0000:00:1d.2: reg 20 io port: [0x18e0-0x18ff]
[    0.075296] pci 0000:00:1d.7: reg 10 32bit mmio: [0xfe227000-0xfe2273ff]
[    0.075391] pci 0000:00:1d.7: PME# supported from D0 D3hot D3cold
[    0.075499] pci 0000:00:1d.7: PME# disabled
[    0.075793] pci 0000:00:1f.0: quirk: region 1000-107f claimed by ICH6 ACPI/GPIO/TCO
[    0.076000] pci 0000:00:1f.0: quirk: region 1180-11bf claimed by ICH6 GPIO
[    0.076094] pci 0000:00:1f.0: ICH7 LPC Generic IO decode 1 PIO at 1600 (mask 007f)
[    0.076223] pci 0000:00:1f.0: ICH7 LPC Generic IO decode 2 PIO at 15e0 (mask 000f)
[    0.076346] pci 0000:00:1f.0: ICH7 LPC Generic IO decode 3 PIO at 1680 (mask 001f)
[    0.076556] pci 0000:00:1f.1: reg 10 io port: [0x00-0x07]
[    0.076567] pci 0000:00:1f.1: reg 14 io port: [0x00-0x03]
[    0.076576] pci 0000:00:1f.1: reg 18 io port: [0x00-0x07]
[    0.076583] pci 0000:00:1f.1: reg 1c io port: [0x00-0x03]
[    0.076595] pci 0000:00:1f.1: reg 20 io port: [0x1c00-0x1c0f]
[    0.076680] pci 0000:00:1f.2: reg 10 io port: [0x1c50-0x1c57]
[    0.076688] pci 0000:00:1f.2: reg 14 io port: [0x1c44-0x1c47]
[    0.076697] pci 0000:00:1f.2: reg 18 io port: [0x1c48-0x1c4f]
[    0.076706] pci 0000:00:1f.2: reg 1c io port: [0x1c40-0x1c43]
[    0.076713] pci 0000:00:1f.2: reg 20 io port: [0x1c20-0x1c3f]
[    0.076722] pci 0000:00:1f.2: reg 24 32bit mmio: [0xfe226000-0xfe2267ff]
[    0.076781] pci 0000:00:1f.2: PME# supported from D3hot
[    0.076873] pci 0000:00:1f.2: PME# disabled
[    0.077024] pci 0000:00:1f.3: reg 10 32bit mmio: [0xfe227400-0xfe2274ff]
[    0.077048] pci 0000:00:1f.3: reg 20 io port: [0x1c60-0x1c7f]
[    0.077135] pci 0000:00:1c.0: bridge io port: [0x2000-0x2fff]
[    0.077141] pci 0000:00:1c.0: bridge 32bit mmio: [0xfc000000-0xfdffffff]
[    0.077151] pci 0000:00:1c.0: bridge 64bit mmio pref: [0xf8000000-0xf80fffff]
[    0.077223] pci 0000:03:00.0: reg 10 64bit mmio: [0xdf3f0000-0xdf3fffff]
[    0.077416] pci 0000:00:1c.1: bridge io port: [0x3000-0x3fff]
[    0.077422] pci 0000:00:1c.1: bridge 32bit mmio: [0xdc000000-0xdf3fffff]
[    0.077431] pci 0000:00:1c.1: bridge 64bit mmio pref: [0xdfe00000-0xdfefffff]
[    0.077485] pci 0000:00:1c.2: bridge io port: [0x4000-0x4fff]
[    0.077492] pci 0000:00:1c.2: bridge 32bit mmio: [0xd8000000-0xd9ffffff]
[    0.077500] pci 0000:00:1c.2: bridge 64bit mmio pref: [0xdfb00000-0xdfbfffff]
[    0.077555] pci 0000:00:1c.3: bridge io port: [0x5000-0x5fff]
[    0.077561] pci 0000:00:1c.3: bridge 32bit mmio: [0xd4000000-0xd5ffffff]
[    0.077569] pci 0000:00:1c.3: bridge 64bit mmio pref: [0xdf800000-0xdf8fffff]
[    0.077626] pci 0000:00:1c.4: bridge io port: [0x6000-0x6fff]
[    0.077632] pci 0000:00:1c.4: bridge 32bit mmio: [0xd0000000-0xd1ffffff]
[    0.077641] pci 0000:00:1c.4: bridge 64bit mmio pref: [0xdf500000-0xdf5fffff]
[    0.077700] pci 0000:15:00.0: reg 10 32bit mmio: [0xf8300000-0xf8300fff]
[    0.077748] pci 0000:15:00.0: supports D1 D2
[    0.077749] pci 0000:15:00.0: PME# supported from D0 D1 D2 D3hot D3cold
[    0.077854] pci 0000:15:00.0: PME# disabled
[    0.078004] pci 0000:15:00.1: reg 10 32bit mmio: [0xf8301000-0xf83017ff]
[    0.078109] pci 0000:15:00.1: supports D1 D2
[    0.078111] pci 0000:15:00.1: PME# supported from D0 D1 D2 D3hot D3cold
[    0.078211] pci 0000:15:00.1: PME# disabled
[    0.078397] pci 0000:00:1e.0: transparent bridge
[    0.078500] pci 0000:00:1e.0: bridge io port: [0x7000-0xafff]
[    0.078506] pci 0000:00:1e.0: bridge 32bit mmio: [0xf8300000-0xfbffffff]
[    0.078515] pci 0000:00:1e.0: bridge 64bit mmio pref: [0xf4000000-0xf7ffffff]
[    0.078589] pci_bus 0000:00: on NUMA node 0
[    0.078593] ACPI: PCI Interrupt Routing Table [\_SB_.PCI0._PRT]
[    0.078726] ACPI: PCI Interrupt Routing Table [\_SB_.PCI0.EXP0._PRT]
[    0.078785] ACPI: PCI Interrupt Routing Table [\_SB_.PCI0.EXP1._PRT]
[    0.078843] ACPI: PCI Interrupt Routing Table [\_SB_.PCI0.EXP2._PRT]
[    0.078901] ACPI: PCI Interrupt Routing Table [\_SB_.PCI0.EXP3._PRT]
[    0.078964] ACPI: PCI Interrupt Routing Table [\_SB_.PCI0.EXP4._PRT]
[    0.079034] ACPI: PCI Interrupt Routing Table [\_SB_.PCI0.PCI1._PRT]
[    0.084497] ACPI: PCI Interrupt Link [LNKA] (IRQs 3 4 5 6 7 9 *10 11)
[    0.085313] ACPI: PCI Interrupt Link [LNKB] (IRQs 3 4 5 6 7 9 10 *11)
[    0.086134] ACPI: PCI Interrupt Link [LNKC] (IRQs 3 4 5 6 7 9 10 *11)
[    0.086935] ACPI: PCI Interrupt Link [LNKD] (IRQs 3 4 5 6 7 9 10 *11)
[    0.087738] ACPI: PCI Interrupt Link [LNKE] (IRQs 3 4 5 6 7 9 10 *11)
[    0.088521] ACPI: PCI Interrupt Link [LNKF] (IRQs 3 4 5 6 7 9 10 *11)
[    0.089340] ACPI: PCI Interrupt Link [LNKG] (IRQs 3 4 5 6 7 9 10 *11)
[    0.090176] ACPI: PCI Interrupt Link [LNKH] (IRQs 3 4 5 6 7 9 10 *11)
[    0.091010] vgaarb: device added: PCI:0000:00:02.0,decodes=io+mem,owns=io+mem,locks=none
[    0.091137] vgaarb: loaded
[    0.091319] SCSI subsystem initialized
[    0.091431] libata version 3.00 loaded.
[    0.091478] usbcore: registered new interface driver usbfs
[    0.091605] usbcore: registered new interface driver hub
[    0.091721] usbcore: registered new device driver usb
[    0.108040] raid6: int32x1    941 MB/s
[    0.125059] raid6: int32x2    890 MB/s
[    0.142067] raid6: int32x4    750 MB/s
[    0.158989] raid6: int32x8    656 MB/s
[    0.175991] raid6: mmxx1     2878 MB/s
[    0.192987] raid6: mmxx2     3253 MB/s
[    0.210007] raid6: sse1x1    1937 MB/s
[    0.226999] raid6: sse1x2    2535 MB/s
[    0.243974] raid6: sse2x1    3507 MB/s
[    0.260985] raid6: sse2x2    3835 MB/s
[    0.261085] raid6: using algorithm sse2x2 (3835 MB/s)
[    0.261186] PCI: Using ACPI for IRQ routing
[    0.261507] HPET: 3 timers in total, 0 timers will be used for per-cpu timer
[    0.261991] Switching to clocksource tsc
[    0.262095] pnp: PnP ACPI init
[    0.262183] ACPI: bus type pnp registered
[    0.265826] pnp: PnP ACPI: found 11 devices
[    0.265927] ACPI: ACPI bus type pnp unregistered
[    0.266020] system 00:00: iomem range 0x0-0x9ffff could not be reserved
[    0.266116] system 00:00: iomem range 0xc0000-0xc3fff could not be reserved
[    0.266215] system 00:00: iomem range 0xc4000-0xc7fff could not be reserved
[    0.266305] system 00:00: iomem range 0xc8000-0xcbfff has been reserved
[    0.266397] system 00:00: iomem range 0xcc000-0xcffff has been reserved
[    0.266488] system 00:00: iomem range 0xd0000-0xd3fff could not be reserved
[    0.266582] system 00:00: iomem range 0xe0000-0xe3fff could not be reserved
[    0.266677] system 00:00: iomem range 0xe4000-0xe7fff could not be reserved
[    0.266769] system 00:00: iomem range 0xe8000-0xebfff could not be reserved
[    0.266868] system 00:00: iomem range 0xec000-0xeffff could not be reserved
[    0.266961] system 00:00: iomem range 0xf0000-0xfffff could not be reserved
[    0.267049] system 00:00: iomem range 0x100000-0x3dffffff could not be reserved
[    0.267182] system 00:00: iomem range 0xfec00000-0xfed3ffff could not be reserved
[    0.267314] system 00:00: iomem range 0xfed4c000-0xffffffff could not be reserved
[    0.267448] system 00:02: ioport range 0x164e-0x164f has been reserved
[    0.267544] system 00:02: ioport range 0x1000-0x107f has been reserved
[    0.267643] system 00:02: ioport range 0x1180-0x11bf has been reserved
[    0.267743] system 00:02: ioport range 0x800-0x80f has been reserved
[    0.267839] system 00:02: ioport range 0x15e0-0x15ef has been reserved
[    0.267930] system 00:02: ioport range 0x1600-0x165f could not be reserved
[    0.268020] system 00:02: iomem range 0xf0000000-0xf3ffffff has been reserved
[    0.268113] system 00:02: iomem range 0xfed1c000-0xfed1ffff has been reserved
[    0.268201] system 00:02: iomem range 0xfed14000-0xfed17fff has been reserved
[    0.268311] system 00:02: iomem range 0xfed18000-0xfed18fff has been reserved
[    0.268402] system 00:02: iomem range 0xfed19000-0xfed19fff has been reserved
[    0.268492] system 00:02: iomem range 0xfed45000-0xfed4bfff has been reserved
[    0.303541] pci 0000:00:1c.0: PCI bridge, secondary bus 0000:02
[    0.303637] pci 0000:00:1c.0:   IO window: 0x2000-0x2fff
[    0.303731] pci 0000:00:1c.0:   MEM window: 0xfc000000-0xfdffffff
[    0.303825] pci 0000:00:1c.0:   PREFETCH window: 0x000000f8000000-0x000000f80fffff
[    0.303962] pci 0000:00:1c.1: PCI bridge, secondary bus 0000:03
[    0.304061] pci 0000:00:1c.1:   IO window: 0x3000-0x3fff
[    0.304163] pci 0000:00:1c.1:   MEM window: 0xdc000000-0xdf3fffff
[    0.304271] pci 0000:00:1c.1:   PREFETCH window: 0x000000dfe00000-0x000000dfefffff
[    0.304398] pci 0000:00:1c.2: PCI bridge, secondary bus 0000:04
[    0.304490] pci 0000:00:1c.2:   IO window: 0x4000-0x4fff
[    0.304595] pci 0000:00:1c.2:   MEM window: 0xd8000000-0xd9ffffff
[    0.304687] pci 0000:00:1c.2:   PREFETCH window: 0x000000dfb00000-0x000000dfbfffff
[    0.304816] pci 0000:00:1c.3: PCI bridge, secondary bus 0000:05
[    0.304918] pci 0000:00:1c.3:   IO window: 0x5000-0x5fff
[    0.305019] pci 0000:00:1c.3:   MEM window: 0xd4000000-0xd5ffffff
[    0.305114] pci 0000:00:1c.3:   PREFETCH window: 0x000000df800000-0x000000df8fffff
[    0.305238] pci 0000:00:1c.4: PCI bridge, secondary bus 0000:0d
[    0.305346] pci 0000:00:1c.4:   IO window: 0x6000-0x6fff
[    0.305442] pci 0000:00:1c.4:   MEM window: 0xd0000000-0xd1ffffff
[    0.305534] pci 0000:00:1c.4:   PREFETCH window: 0x000000df500000-0x000000df5fffff
[    0.305673] pci 0000:15:00.0: CardBus bridge, secondary bus 0000:16
[    0.305771] pci 0000:15:00.0:   IO window: 0x007000-0x0070ff
[    0.305867] pci 0000:15:00.0:   IO window: 0x007400-0x0074ff
[    0.305964] pci 0000:15:00.0:   PREFETCH window: 0xf4000000-0xf7ffffff
[    0.306071] pci 0000:15:00.0:   MEM window: 0x40000000-0x43ffffff
[    0.306175] pci 0000:00:1e.0: PCI bridge, secondary bus 0000:15
[    0.306268] pci 0000:00:1e.0:   IO window: 0x7000-0xafff
[    0.306366] pci 0000:00:1e.0:   MEM window: 0xf8300000-0xfbffffff
[    0.306465] pci 0000:00:1e.0:   PREFETCH window: 0x000000f4000000-0x000000f7ffffff
[    0.306611] pci 0000:00:1c.0: PCI INT A -> GSI 20 (level, low) -> IRQ 20
[    0.306709] pci 0000:00:1c.0: setting latency timer to 64
[    0.306723] pci 0000:00:1c.1: PCI INT B -> GSI 21 (level, low) -> IRQ 21
[    0.306815] pci 0000:00:1c.1: setting latency timer to 64
[    0.306827] pci 0000:00:1c.2: PCI INT C -> GSI 22 (level, low) -> IRQ 22
[    0.306925] pci 0000:00:1c.2: setting latency timer to 64
[    0.306936] pci 0000:00:1c.3: PCI INT D -> GSI 23 (level, low) -> IRQ 23
[    0.307033] pci 0000:00:1c.3: setting latency timer to 64
[    0.307046] pci 0000:00:1c.4: PCI INT A -> GSI 20 (level, low) -> IRQ 20
[    0.307137] pci 0000:00:1c.4: setting latency timer to 64
[    0.307146] pci 0000:00:1e.0: enabling device (0005 -> 0007)
[    0.307253] pci 0000:00:1e.0: setting latency timer to 64
[    0.307268] pci 0000:15:00.0: PCI INT A -> GSI 16 (level, low) -> IRQ 16
[    0.307363] pci 0000:15:00.0: setting latency timer to 64
[    0.307369] pci_bus 0000:00: resource 0 io:  [0x00-0xffff]
[    0.307371] pci_bus 0000:00: resource 1 mem: [0x000000-0xffffffff]
[    0.307373] pci_bus 0000:02: resource 0 io:  [0x2000-0x2fff]
[    0.307375] pci_bus 0000:02: resource 1 mem: [0xfc000000-0xfdffffff]
[    0.307377] pci_bus 0000:02: resource 2 pref mem [0xf8000000-0xf80fffff]
[    0.307379] pci_bus 0000:03: resource 0 io:  [0x3000-0x3fff]
[    0.307381] pci_bus 0000:03: resource 1 mem: [0xdc000000-0xdf3fffff]
[    0.307383] pci_bus 0000:03: resource 2 pref mem [0xdfe00000-0xdfefffff]
[    0.307384] pci_bus 0000:04: resource 0 io:  [0x4000-0x4fff]
[    0.307386] pci_bus 0000:04: resource 1 mem: [0xd8000000-0xd9ffffff]
[    0.307388] pci_bus 0000:04: resource 2 pref mem [0xdfb00000-0xdfbfffff]
[    0.307390] pci_bus 0000:05: resource 0 io:  [0x5000-0x5fff]
[    0.307392] pci_bus 0000:05: resource 1 mem: [0xd4000000-0xd5ffffff]
[    0.307394] pci_bus 0000:05: resource 2 pref mem [0xdf800000-0xdf8fffff]
[    0.307395] pci_bus 0000:0d: resource 0 io:  [0x6000-0x6fff]
[    0.307397] pci_bus 0000:0d: resource 1 mem: [0xd0000000-0xd1ffffff]
[    0.307399] pci_bus 0000:0d: resource 2 pref mem [0xdf500000-0xdf5fffff]
[    0.307401] pci_bus 0000:15: resource 0 io:  [0x7000-0xafff]
[    0.307403] pci_bus 0000:15: resource 1 mem: [0xf8300000-0xfbffffff]
[    0.307405] pci_bus 0000:15: resource 2 pref mem [0xf4000000-0xf7ffffff]
[    0.307406] pci_bus 0000:15: resource 3 io:  [0x00-0xffff]
[    0.307408] pci_bus 0000:15: resource 4 mem: [0x000000-0xffffffff]
[    0.307410] pci_bus 0000:16: resource 0 io:  [0x7000-0x70ff]
[    0.307412] pci_bus 0000:16: resource 1 io:  [0x7400-0x74ff]
[    0.307414] pci_bus 0000:16: resource 2 pref mem [0xf4000000-0xf7ffffff]
[    0.307416] pci_bus 0000:16: resource 3 mem: [0x40000000-0x43ffffff]
[    0.307423] NET: Registered protocol family 2
[    0.307513] RANDOM - __random32 called. Change num 7.  Value: 437d97bf	f373de51	f3b0f986
[    0.307515] RANDOM - random32 called.  Value: 437d97bf	f373de51	f3b0f986
[    0.307519] random 0000 0000 0000 5f8db4e5 4cfdf2a8: rand_read_num 3 get_random_bytes(4): sig fffffb64 5f8db4e5 4cfdf2a8
[    0.307522] random 0000 0000 0000 5f8db4e5 4cfdf2a8: extract_entropy(.. 4 ..)
[    0.307524] random 0000 0000 0000 5f8db4e5 4cfdf2a8: going to reseed nonblocking with 64 bits (32 of 0 requested)
[    0.307526] random 0000 0000 0000 5f8db4e5 4cfdf2a8: extract_entropy(.. 8 ..)
[    0.307528] random 0000 0000 0000 5f8db4e5 4cfdf2a8: trying to extract 64 bits from input
[    0.307530] random 0000 0000 0000 5f8db4e5 4cfdf2a8: debiting 0 entropy credits from input
[    0.307532] random 0000 0000 0000 5f8db4e5 4cfdf2a8: extract_entropy account returned: 0 
[    0.307535] random 0000 0000 0000 5f8db4e5 4cfdf2a8: urand_change_num 5 xfer_secondary_pool(4): pool_sig fffffb64, data_sig 00000000, bytes_mixed 0 5f8db4e5 4cfdf2a8
[    0.307538] random 0000 0000 0000 5f8db4e5 4cfdf2a8: trying to extract 32 bits from nonblocking
[    0.307541] random 0000 0000 0000 5f8db4e5 4cfdf2a8: debiting 32 entropy credits from nonblocking (unlimited)
[    0.307543] random 0000 0000 0000 5f8db4e5 4cfdf2a8: extract_entropy account returned: 4 
[    0.307547] random 0000 0000 0000 5f8db4e5 4cfdf2a8: urand_change_num 6 extract_buf: pool_sig fffffb64, data_sig 00000241, bytes_mixed 20 5f8db4e5 4cfdf2a8
[    0.307557] IP route cache hash table entries: 32768 (order: 5, 131072 bytes)
[    0.307687] RANDOM - __random32 called. Change num 8.  Value: d97bfe31	373de51f	f30dc6e6
[    0.307688] RANDOM - random32 called.  Value: d97bfe31	373de51f	f30dc6e6
[    0.307699] RANDOM - __random32 called. Change num 9.  Value: bfe314d7	73de51f5	8dcd6c7e
[    0.307700] RANDOM - random32 called.  Value: bfe314d7	73de51f5	8dcd6c7e
[    0.307702] RANDOM - __random32 called. Change num 10.  Value: 314d7baf	3de51f5e	d8fc74c1
[    0.307704] RANDOM - random32 called.  Value: 314d7baf	3de51f5e	d8fc74c1
[    0.307714] RANDOM - __random32 called. Change num 11.  Value: d7baf3c7	de51f5e5	e983e3fa
[    0.307716] RANDOM - random32 called.  Value: d7baf3c7	de51f5e5	e983e3fa
[    0.307725] TCP established hash table entries: 131072 (order: 8, 1048576 bytes)
[    0.308224] TCP bind hash table entries: 65536 (order: 6, 262144 bytes)
[    0.308421] TCP: Hash tables configured (established 131072 bind 65536)
[    0.308512] TCP reno registered
[    0.308615] NET: Registered protocol family 1
[    0.308737] RPC: Registered udp transport module.
[    0.308826] RPC: Registered tcp transport module.
[    0.308918] RPC: Registered tcp NFSv4.1 backchannel transport module.
[    0.309018] pci 0000:00:02.0: Boot video device
[    0.309228] Simple Boot Flag at 0x35 set to 0x1
[    0.309746] highmem bounce pool size: 64 pages
[    0.311313] VFS: Disk quotas dquot_6.5.2
[    0.311434] Dquot-cache hash table entries: 1024 (order 0, 4096 bytes)
[    0.312114] NTFS driver 2.1.29 [Flags: R/W].
[    0.312279] ROMFS MTD (C) 2007 Red Hat, Inc.
[    0.312493] JFS: nTxBlock = 7695, nTxLock = 61562
[    0.314966] SGI XFS with ACLs, security attributes, large block/inode numbers, no debug enabled
[    0.315445] SGI XFS Quota Management subsystem
[    0.315732] Slow work thread pool: Starting up
[    0.315840] Slow work thread pool: Ready
[    0.315967] GFS2 (built May 24 2013 02:47:17) installed
[    0.316067] msgmni has been set to 1734
[    0.316240] alg: No test for cipher_null (cipher_null-generic)
[    0.316340] alg: No test for ecb(cipher_null) (ecb-cipher_null)
[    0.316438] alg: No test for digest_null (digest_null-generic)
[    0.316542] alg: No test for compress_null (compress_null-generic)
[    0.317120] alg: No test for fcrypt (fcrypt-generic)
[    0.318528] alg: No test for stdrng (krng)
[    0.318617] async_tx: api initialized (async)
[    0.318770] Block layer SCSI generic (bsg) driver version 0.4 loaded (major 254)
[    0.318907] io scheduler noop registered
[    0.318995] io scheduler anticipatory registered
[    0.319090] io scheduler deadline registered
[    0.319228] io scheduler cfq registered (default)
[    0.319471] pcieport 0000:00:1c.0: irq 24 for MSI/MSI-X
[    0.319487] pcieport 0000:00:1c.0: setting latency timer to 64
[    0.319668] pcieport 0000:00:1c.1: irq 25 for MSI/MSI-X
[    0.319679] pcieport 0000:00:1c.1: setting latency timer to 64
[    0.319869] pcieport 0000:00:1c.2: irq 26 for MSI/MSI-X
[    0.319880] pcieport 0000:00:1c.2: setting latency timer to 64
[    0.320054] pcieport 0000:00:1c.3: irq 27 for MSI/MSI-X
[    0.320065] pcieport 0000:00:1c.3: setting latency timer to 64
[    0.320246] pcieport 0000:00:1c.4: irq 28 for MSI/MSI-X
[    0.320257] pcieport 0000:00:1c.4: setting latency timer to 64
[    0.320401] pci_hotplug: PCI Hot Plug PCI Core version: 0.5
[    0.320606] isapnp: Scanning for PnP cards...
[    0.681135] isapnp: No Plug & Play device found
[    0.681227] random 0000 0000 0000 5f8db4e5 4cfdf2a8: initializing
[    0.681229] RANDOM init_std_data for input now value: 1369998911681229278
[    0.681231] RANDOM init_std_data for blocking now value: 1369998911681231343
[    0.681232] RANDOM init_std_data for nonblocking now value: 1369998911681233107
[    0.700833] Serial: 8250/16550 driver, 4 ports, IRQ sharing enabled
[    3.711564] floppy0: no floppy controllers found
[    3.712519] brd: module loaded
[    3.713036] loop: module loaded
[    3.713130] Compaq SMART2 Driver (v 2.6.0)
[    3.713254] HP CISS Driver (v 3.6.20)
[    3.713494] input: Macintosh mouse button emulation as /devices/virtual/input/input0
[    3.713635] Uniform Multi-Platform E-IDE driver
[    3.713871] piix 0000:00:1f.1: IDE controller (0x8086:0x2850 rev 0x03)
[    3.713981] pci 0000:00:1f.1: PCI INT C -> GSI 16 (level, low) -> IRQ 16
[    3.714089] piix 0000:00:1f.1: IDE port disabled
[    3.714199] piix 0000:00:1f.1: not 100% native mode: will probe irqs later
[    3.714303]     ide0: BM-DMA at 0x1c00-0x1c07
[    3.715060] Probing IDE interface ide0...
[    4.386723] hda: HL-DT-ST DVDRAM GSA-U10N, ATAPI CD/DVD-ROM drive
[    4.692509] hda: host max PIO4 wanted PIO255(auto-tune) selected PIO4
[    4.693277] hda: UDMA/33 mode selected
[    4.693744] ide0 at 0x1f0-0x1f7,0x3f6 on irq 14
[    4.697649] ide-gd driver 1.18
[    4.697759] ide-cd driver 5.00
[    4.699146] random 0000 0000 0000 00000000 00000000: add_disk_randomness(0:0) 00000000 00000000
[    4.699151] random 0000 0000 0000 00000000 00000000: add_timer_randomness(.. 256) with jiffies: 17553769017946898043, cycles: -892975060057325559
[    4.699153] random 0000 0000 0000 00000000 00000000: added 11 entropy credits to input
[    4.699157] ide-cd: hda: ATAPI 24X DVD-ROM DVD-R/RAM CD-R/RW drive, 2048kB Cache
[    4.699623] Uniform CD-ROM driver Revision: 3.20
[    4.702394] random 0011 0000 0000 00000000 00000000: add_disk_randomness(0:0) 00000000 00000000
[    4.702397] random 0011 0000 0000 00000000 00000000: add_timer_randomness(.. 256) with jiffies: 17582987512957861502, cycles: -863756565046362103
[    4.702399] random 0011 0000 0000 00000000 00000000: added 1 entropy credits to input
[    4.702402] random 0012 0000 0000 00000000 00000000: add_disk_randomness(0:0) 00000000 00000000
[    4.702405] random 0012 0000 0000 00000000 00000000: add_timer_randomness(.. 256) with jiffies: 17583064629095661182, cycles: -863679448908562423
[    4.704391] random 0012 0000 0000 00000000 00000000: add_disk_randomness(0:0) 00000000 00000000
[    4.704394] random 0012 0000 0000 00000000 00000000: add_timer_randomness(.. 256) with jiffies: 17600958729866149504, cycles: -845785348138074103
[    4.704397] random 0012 0000 0000 00000000 00000000: added 1 entropy credits to input
[    4.704400] random 0013 0000 0000 00000000 00000000: add_disk_randomness(0:0) 00000000 00000000
[    4.704403] random 0013 0000 0000 00000000 00000000: add_timer_randomness(.. 256) with jiffies: 17601035888953622144, cycles: -845708189050601463
[    4.706389] random 0013 0000 0000 00000000 00000000: add_disk_randomness(0:0) 00000000 00000000
[    4.706392] random 0013 0000 0000 00000000 00000000: add_timer_randomness(.. 256) with jiffies: 17618930440695676546, cycles: -827813637308547063
[    4.706394] random 0013 0000 0000 00000000 00000000: added 1 entropy credits to input
[    4.706397] random 0014 0000 0000 00000000 00000000: add_disk_randomness(0:0) 00000000 00000000
[    4.706400] random 0014 0000 0000 00000000 00000000: add_timer_randomness(.. 256) with jiffies: 17619003996305587842, cycles: -827740081698635767
[    4.706680] Loading iSCSI transport class v2.0-870.
[    4.706972] rdac: device handler registered
[    4.707060] hp_sw: device handler registered
[    4.707147] emc: device handler registered
[    4.707245] alua: device handler registered
[    4.708249] Adaptec aacraid driver 1.1-5[2461]-ms
[    4.708679] scsi: <fdomain> Detection failed (no card)
[    4.708774] sym53c416.c: Version 1.0.0-ac
[    4.708881] qlogicfas: no cards were found, please specify I/O address and IRQ using iobase= and irq= options
[    4.709006] QLogic Fibre Channel HBA Driver: 8.03.01-k6
[    4.709229] iscsi: registered transport (qla4xxx)
[    4.709338] QLogic iSCSI HBA Driver
[    4.709425] Emulex LightPulse Fibre Channel SCSI driver 8.3.4
[    4.709515] Copyright(c) 2004-2009 Emulex.  All rights reserved.
[    4.731492] Failed initialization of WD-7000 SCSI card!
[    4.820410] DC390: clustering now enabled by default. If you get problems load
[    4.820532]        with "disable_clustering=1" and report to maintainers
[    4.820669] megaraid cmm: 2.20.2.7 (Release Date: Sun Jul 16 00:01:03 EST 2006)
[    4.820822] megaraid: 2.20.5.1 (Release Date: Thu Nov 16 15:32:35 EST 2006)
[    4.820933] megasas: 00.00.04.01 Thu July 24 11:41:51 PST 2008
[    4.821070] GDT-HA: Storage RAID Controller Driver. Version: 3.05
[    4.821221] 3ware Storage Controller device driver for Linux v1.26.02.002.
[    4.821332] 3ware 9000 Storage Controller device driver for Linux v2.26.02.012.
[    4.821478] nsp32: loading...
[    4.821593] ipr: IBM Power RAID SCSI Device Driver version: 2.4.3 (June 10, 2009)
[    4.821736] RocketRAID 3xxx/4xxx Controller driver v1.6 (090910)
[    4.821848] stex: Promise SuperTrak EX Driver version: 4.6.0000.3
[    4.821988] st: Version 20081215, fixed bufsize 32768, s/g segs 256
[    4.822177] ahci 0000:00:1f.2: version 3.0
[    4.822195] ahci 0000:00:1f.2: PCI INT B -> GSI 16 (level, low) -> IRQ 16
[    4.822323] ahci 0000:00:1f.2: irq 29 for MSI/MSI-X
[    4.822383] ahci 0000:00:1f.2: AHCI 0001.0100 32 slots 3 ports 1.5 Gbps 0x5 impl SATA mode
[    4.822519] ahci 0000:00:1f.2: flags: 64bit ncq sntf pm led clo pio slum part ccc 
[    4.822658] ahci 0000:00:1f.2: setting latency timer to 64
[    4.822801] scsi2 : ahci
[    4.822960] scsi3 : ahci
[    4.823107] scsi4 : ahci
[    4.823273] ata1: SATA max UDMA/133 abar m2048@0xfe226000 port 0xfe226100 irq 29
[    4.823397] ata2: DUMMY
[    4.823499] ata3: SATA max UDMA/133 abar m2048@0xfe226000 port 0xfe226200 irq 29
[    4.824101] I2O subsystem v1.325
[    4.824193] i2o: max drivers = 8
[    4.824340] I2O Configuration OSM v1.323
[    4.824450] I2O Bus Adapter OSM v1.317
[    4.824567] I2O Block Device OSM v1.325
[    4.824718] I2O SCSI Peripheral OSM v1.316
[    4.824836] I2O ProcFS OSM v1.316
[    4.824939] Fusion MPT base driver 3.04.12
[    4.825028] Copyright (c) 1999-2008 LSI Corporation
[    4.825128] Fusion MPT SPI Host driver 3.04.12
[    4.825241] Fusion MPT FC Host driver 3.04.12
[    4.825370] Fusion MPT SAS Host driver 3.04.12
[    4.825576] ohci1394 0000:15:00.1: PCI INT B -> GSI 17 (level, low) -> IRQ 17
[    4.825672] ohci1394 0000:15:00.1: setting latency timer to 64
[    4.879501] ohci1394: fw-host0: OHCI-1394 1.1 (PCI): IRQ=[17]  MMIO=[f8301000-f83017ff]  Max Packet=[2048]  IR/IT contexts=[4/4]
[    4.882765] ehci_hcd: USB 2.0 'Enhanced' Host Controller (EHCI) Driver
[    4.883049] ehci_hcd 0000:00:1a.7: power state changed by ACPI to D0
[    4.883301] ehci_hcd 0000:00:1a.7: power state changed by ACPI to D0
[    4.883402] ehci_hcd 0000:00:1a.7: PCI INT C -> GSI 22 (level, low) -> IRQ 22
[    4.883509] ehci_hcd 0000:00:1a.7: setting latency timer to 64
[    4.883513] ehci_hcd 0000:00:1a.7: EHCI Host Controller
[    4.883656] ehci_hcd 0000:00:1a.7: new USB bus registered, assigned bus number 1
[    4.887698] ehci_hcd 0000:00:1a.7: cache line size of 32 is not supported
[    4.887707] ehci_hcd 0000:00:1a.7: irq 22, io mem 0xfe226c00
[    4.897461] ehci_hcd 0000:00:1a.7: USB 2.0 started, EHCI 1.00
[    4.897568] usb usb1: New USB device found, idVendor=1d6b, idProduct=0002
[    4.897658] usb usb1: New USB device strings: Mfr=3, Product=2, SerialNumber=1
[    4.897785] usb usb1: Product: EHCI Host Controller
[    4.897879] usb usb1: Manufacturer: Linux 2.6.32.57 ehci_hcd
[    4.897966] usb usb1: SerialNumber: 0000:00:1a.7
[    4.898105] usb usb1: configuration #1 chosen from 1 choice
[    4.898230] hub 1-0:1.0: USB hub found
[    4.898325] hub 1-0:1.0: 4 ports detected
[    4.898666] ehci_hcd 0000:00:1d.7: power state changed by ACPI to D0
[    4.898920] ehci_hcd 0000:00:1d.7: power state changed by ACPI to D0
[    4.899020] ehci_hcd 0000:00:1d.7: PCI INT D -> GSI 19 (level, low) -> IRQ 19
[    4.899117] ehci_hcd 0000:00:1d.7: setting latency timer to 64
[    4.899122] ehci_hcd 0000:00:1d.7: EHCI Host Controller
[    4.899254] ehci_hcd 0000:00:1d.7: new USB bus registered, assigned bus number 2
[    4.899417] ehci_hcd 0000:00:1d.7: debug port 1
[    4.903412] ehci_hcd 0000:00:1d.7: cache line size of 32 is not supported
[    4.903421] ehci_hcd 0000:00:1d.7: irq 19, io mem 0xfe227000
[    4.913460] ehci_hcd 0000:00:1d.7: USB 2.0 started, EHCI 1.00
[    4.913556] usb usb2: New USB device found, idVendor=1d6b, idProduct=0002
[    4.913646] usb usb2: New USB device strings: Mfr=3, Product=2, SerialNumber=1
[    4.913768] usb usb2: Product: EHCI Host Controller
[    4.913864] usb usb2: Manufacturer: Linux 2.6.32.57 ehci_hcd
[    4.913961] usb usb2: SerialNumber: 0000:00:1d.7
[    4.914098] usb usb2: configuration #1 chosen from 1 choice
[    4.914215] hub 2-0:1.0: USB hub found
[    4.914308] hub 2-0:1.0: 6 ports detected
[    4.914486] 116x: driver isp116x-hcd, 03 Nov 2005
[    4.914590] ohci_hcd: USB 1.1 'Open' Host Controller (OHCI) Driver
[    4.914702] uhci_hcd: USB Universal Host Controller Interface driver
[    4.914818] uhci_hcd 0000:00:1a.0: PCI INT A -> GSI 20 (level, low) -> IRQ 20
[    4.914920] uhci_hcd 0000:00:1a.0: setting latency timer to 64
[    4.914923] uhci_hcd 0000:00:1a.0: UHCI Host Controller
[    4.915058] uhci_hcd 0000:00:1a.0: new USB bus registered, assigned bus number 3
[    4.915209] uhci_hcd 0000:00:1a.0: irq 20, io base 0x00001860
[    4.915323] usb usb3: New USB device found, idVendor=1d6b, idProduct=0001
[    4.915414] usb usb3: New USB device strings: Mfr=3, Product=2, SerialNumber=1
[    4.915548] usb usb3: Product: UHCI Host Controller
[    4.915638] usb usb3: Manufacturer: Linux 2.6.32.57 uhci_hcd
[    4.915732] usb usb3: SerialNumber: 0000:00:1a.0
[    4.915879] usb usb3: configuration #1 chosen from 1 choice
[    4.916001] hub 3-0:1.0: USB hub found
[    4.916101] hub 3-0:1.0: 2 ports detected
[    4.916404] uhci_hcd 0000:00:1a.1: power state changed by ACPI to D0
[    4.916660] uhci_hcd 0000:00:1a.1: power state changed by ACPI to D0
[    4.916765] uhci_hcd 0000:00:1a.1: PCI INT B -> GSI 21 (level, low) -> IRQ 21
[    4.916872] uhci_hcd 0000:00:1a.1: setting latency timer to 64
[    4.916877] uhci_hcd 0000:00:1a.1: UHCI Host Controller
[    4.917010] uhci_hcd 0000:00:1a.1: new USB bus registered, assigned bus number 4
[    4.917162] uhci_hcd 0000:00:1a.1: irq 21, io base 0x00001880
[    4.917277] usb usb4: New USB device found, idVendor=1d6b, idProduct=0001
[    4.917373] usb usb4: New USB device strings: Mfr=3, Product=2, SerialNumber=1
[    4.917501] usb usb4: Product: UHCI Host Controller
[    4.917593] usb usb4: Manufacturer: Linux 2.6.32.57 uhci_hcd
[    4.917682] usb usb4: SerialNumber: 0000:00:1a.1
[    4.917824] usb usb4: configuration #1 chosen from 1 choice
[    4.917941] hub 4-0:1.0: USB hub found
[    4.918038] hub 4-0:1.0: 2 ports detected
[    4.918326] uhci_hcd 0000:00:1d.0: power state changed by ACPI to D0
[    4.918576] uhci_hcd 0000:00:1d.0: power state changed by ACPI to D0
[    4.918670] uhci_hcd 0000:00:1d.0: PCI INT A -> GSI 16 (level, low) -> IRQ 16
[    4.918767] uhci_hcd 0000:00:1d.0: setting latency timer to 64
[    4.918770] uhci_hcd 0000:00:1d.0: UHCI Host Controller
[    4.918901] uhci_hcd 0000:00:1d.0: new USB bus registered, assigned bus number 5
[    4.919059] uhci_hcd 0000:00:1d.0: irq 16, io base 0x000018a0
[    4.919171] usb usb5: New USB device found, idVendor=1d6b, idProduct=0001
[    4.919266] usb usb5: New USB device strings: Mfr=3, Product=2, SerialNumber=1
[    4.919393] usb usb5: Product: UHCI Host Controller
[    4.919489] usb usb5: Manufacturer: Linux 2.6.32.57 uhci_hcd
[    4.919585] usb usb5: SerialNumber: 0000:00:1d.0
[    4.919723] usb usb5: configuration #1 chosen from 1 choice
[    4.919842] hub 5-0:1.0: USB hub found
[    4.919942] hub 5-0:1.0: 2 ports detected
[    4.920096] uhci_hcd 0000:00:1d.1: PCI INT B -> GSI 17 (level, low) -> IRQ 17
[    4.920195] uhci_hcd 0000:00:1d.1: setting latency timer to 64
[    4.920200] uhci_hcd 0000:00:1d.1: UHCI Host Controller
[    4.920335] uhci_hcd 0000:00:1d.1: new USB bus registered, assigned bus number 6
[    4.920493] uhci_hcd 0000:00:1d.1: irq 17, io base 0x000018c0
[    4.920605] usb usb6: New USB device found, idVendor=1d6b, idProduct=0001
[    4.920706] usb usb6: New USB device strings: Mfr=3, Product=2, SerialNumber=1
[    4.920825] usb usb6: Product: UHCI Host Controller
[    4.920913] usb usb6: Manufacturer: Linux 2.6.32.57 uhci_hcd
[    4.921002] usb usb6: SerialNumber: 0000:00:1d.1
[    4.921138] usb usb6: configuration #1 chosen from 1 choice
[    4.921260] hub 6-0:1.0: USB hub found
[    4.921349] hub 6-0:1.0: 2 ports detected
[    4.921664] uhci_hcd 0000:00:1d.2: power state changed by ACPI to D0
[    4.921906] uhci_hcd 0000:00:1d.2: power state changed by ACPI to D0
[    4.922004] uhci_hcd 0000:00:1d.2: PCI INT C -> GSI 18 (level, low) -> IRQ 18
[    4.922104] uhci_hcd 0000:00:1d.2: setting latency timer to 64
[    4.922108] uhci_hcd 0000:00:1d.2: UHCI Host Controller
[    4.922249] uhci_hcd 0000:00:1d.2: new USB bus registered, assigned bus number 7
[    4.922408] uhci_hcd 0000:00:1d.2: irq 18, io base 0x000018e0
[    4.922526] usb usb7: New USB device found, idVendor=1d6b, idProduct=0001
[    4.922621] usb usb7: New USB device strings: Mfr=3, Product=2, SerialNumber=1
[    4.922743] usb usb7: Product: UHCI Host Controller
[    4.922841] usb usb7: Manufacturer: Linux 2.6.32.57 uhci_hcd
[    4.923601] usb usb7: SerialNumber: 0000:00:1d.2
[    4.923739] usb usb7: configuration #1 chosen from 1 choice
[    4.923857] hub 7-0:1.0: USB hub found
[    4.923948] hub 7-0:1.0: 2 ports detected
[    4.924110] sl811: driver sl811-hcd, 19 May 2005
[    4.924214] r8a66597_hcd: driver r8a66597_hcd, 2009-05-26
[    4.924386] Initializing USB Mass Storage driver...
[    4.924519] usbcore: registered new interface driver usb-storage
[    4.924610] USB Mass Storage support registered.
[    4.924719] usbcore: registered new interface driver ums-alauda
[    4.924834] usbcore: registered new interface driver ums-cypress
[    4.924941] usbcore: registered new interface driver ums-datafab
[    4.925048] usbcore: registered new interface driver ums-freecom
[    4.925163] usbcore: registered new interface driver ums-isd200
[    4.925269] usbcore: registered new interface driver ums-jumpshot
[    4.925392] usbcore: registered new interface driver ums-karma
[    4.925511] usbcore: registered new interface driver ums-onetouch
[    4.925624] usbcore: registered new interface driver ums-sddr09
[    4.925731] usbcore: registered new interface driver ums-sddr55
[    4.925851] usbcore: registered new interface driver ums-usbat
[    4.925996] PNP: PS/2 Controller [PNP0303:KBD,PNP0f13:MOU] at 0x60,0x64 irq 1,12
[    4.936542] serio: i8042 KBD port at 0x60,0x64 irq 1
[    4.936633] serio: i8042 AUX port at 0x60,0x64 irq 12
[    4.936878] mice: PS/2 mouse device common for all mice
[    4.937001] i2c /dev entries driver
[    4.937132] md: linear personality registered for level -1
[    4.937222] md: raid0 personality registered for level 0
[    4.937315] md: raid1 personality registered for level 1
[    4.937399] md: raid10 personality registered for level 10
[    4.937507] md: raid6 personality registered for level 6
[    4.937607] md: raid5 personality registered for level 5
[    4.937696] md: raid4 personality registered for level 4
[    4.937786] md: multipath personality registered for level -4
[    4.937990] device-mapper: ioctl: 4.15.0-ioctl (2009-04-01) initialised: dm-devel@redhat.com
[    4.938191] cpuidle: using governor ladder
[    4.938797] usbcore: registered new interface driver usbhid
[    4.938893] usbhid: v2.6:USB HID core driver
[    4.939051] random 0014 0000 0000 00000000 00000000: rand_read_num 4 get_random_bytes(136): sig 00000000 00000000 00000000
[    4.939054] random 0014 0000 0000 00000000 00000000: extract_entropy(.. 136 ..)
[    4.939056] random 0014 0000 0000 00000000 00000000: going to reseed nonblocking with 1024 bits (1088 of 0 requested)
[    4.939059] random 0014 0000 0000 00000000 00000000: extract_entropy(.. 128 ..)
[    4.939061] random 0014 0000 0000 00000000 00000000: trying to extract 1024 bits from input
[    4.939063] random 0014 0000 0000 00000000 00000000: debiting 0 entropy credits from input
[    4.939065] random 0014 0000 0000 00000000 00000000: extract_entropy account returned: 0 
[    4.939068] random 0014 0000 0000 00000000 00000000: urand_change_num 7 xfer_secondary_pool(136): pool_sig 00000000, data_sig 00000000, bytes_mixed 0 00000000 00000000
[    4.939071] random 0014 0000 0000 00000000 00000000: trying to extract 1088 bits from nonblocking
[    4.939074] random 0014 0000 0000 00000000 00000000: debiting 1088 entropy credits from nonblocking (unlimited)
[    4.939076] random 0014 0000 0000 00000000 00000000: extract_entropy account returned: 136 
[    4.939080] random 0014 0000 0000 00000000 00000000: urand_change_num 8 extract_buf: pool_sig 00000000, data_sig fffffff9, bytes_mixed 20 00000000 00000000
[    4.939086] random 0014 0000 0000 b7c35b56 be4dc95d: urand_change_num 9 extract_buf: pool_sig fffffd1e, data_sig 000000c5, bytes_mixed 20 b7c35b56 be4dc95d
[    4.939091] random 0014 0000 0000 ed9f5c47 c48487fb: urand_change_num 10 extract_buf: pool_sig fffff8ec, data_sig ffffff68, bytes_mixed 20 ed9f5c47 c48487fb
[    4.939096] random 0014 0000 0000 ed9f5c47 c48487fb: urand_change_num 11 extract_buf: pool_sig fffffaed, data_sig 000001aa, bytes_mixed 20 ed9f5c47 c48487fb
[    4.939101] random 0014 0000 0000 1b4f7c0a 91bd6a48: urand_change_num 12 extract_buf: pool_sig fffffdd8, data_sig 00000064, bytes_mixed 20 1b4f7c0a 91bd6a48
[    4.939107] random 0014 0000 0000 a254b9bc 20e9a24f: urand_change_num 13 extract_buf: pool_sig fffffbe6, data_sig 000001dd, bytes_mixed 20 a254b9bc 20e9a24f
[    4.939112] random 0014 0000 0000 a254b9bc 20e9a24f: urand_change_num 14 extract_buf: pool_sig fffff940, data_sig fffffe20, bytes_mixed 20 a254b9bc 20e9a24f
[    4.939117] random 0014 0000 0000 2831a66b 5fa2a3ad: urand_change_num 15 extract_buf: pool_sig fffffbce, data_sig 0000007e, bytes_mixed 20 2831a66b 5fa2a3ad
[    4.939122] random 0014 0000 0000 2831a66b 5fa2a3ad: urand_change_num 16 extract_buf: pool_sig 000004df, data_sig fffffe8f, bytes_mixed 20 2831a66b 5fa2a3ad
[    4.939127] random 0014 0000 0000 d4512bfd c9a54e0b: urand_change_num 17 extract_buf: pool_sig 00000485, data_sig fffffe68, bytes_mixed 20 d4512bfd c9a54e0b
[    4.939133] random 0014 0000 0000 c7371be6 f9ffea11: urand_change_num 18 extract_buf: pool_sig 00000095, data_sig ffffffed, bytes_mixed 20 c7371be6 f9ffea11
[    4.939138] random 0014 0000 0000 c7371be6 f9ffea11: urand_change_num 19 extract_buf: pool_sig 000003a7, data_sig fffffefa, bytes_mixed 20 c7371be6 f9ffea11
[    4.939143] random 0014 0000 0000 8fb4b62c d1ddba54: urand_change_num 20 extract_buf: pool_sig 00000179, data_sig ffffff78, bytes_mixed 20 8fb4b62c d1ddba54
[    4.939148] random 0014 0000 0000 9ff19f9c c07a1d2a: urand_change_num 21 extract_buf: pool_sig fffffe88, data_sig 00000126, bytes_mixed 20 9ff19f9c c07a1d2a
[    4.939153] TCP cubic registered
[    4.939239] Initializing XFRM netlink socket
[    4.939329] NET: Registered protocol family 17
[    4.939428] Using IPI Shortcut mode
[    4.939533] random 0014 0000 0000 9ff19f9c c07a1d2a: rand_read_num 5 get_random_bytes(8): sig 0000031b 9ff19f9c c07a1d2a
[    4.939536] random 0014 0000 0000 9ff19f9c c07a1d2a: extract_entropy(.. 8 ..)
[    4.939538] random 0014 0000 0000 9ff19f9c c07a1d2a: going to reseed nonblocking with 64 bits (64 of 0 requested)
[    4.939540] random 0014 0000 0000 9ff19f9c c07a1d2a: extract_entropy(.. 8 ..)
[    4.939542] random 0014 0000 0000 9ff19f9c c07a1d2a: trying to extract 64 bits from input
[    4.939545] random 0014 0000 0000 9ff19f9c c07a1d2a: debiting 0 entropy credits from input
[    4.939547] random 0014 0000 0000 9ff19f9c c07a1d2a: extract_entropy account returned: 0 
[    4.939550] random 0014 0000 0000 9ff19f9c c07a1d2a: urand_change_num 22 xfer_secondary_pool(8): pool_sig 0000031b, data_sig 00000000, bytes_mixed 0 9ff19f9c c07a1d2a
[    4.939553] random 0014 0000 0000 9ff19f9c c07a1d2a: trying to extract 64 bits from nonblocking
[    4.939555] random 0014 0000 0000 9ff19f9c c07a1d2a: debiting 64 entropy credits from nonblocking (unlimited)
[    4.939557] random 0014 0000 0000 9ff19f9c c07a1d2a: extract_entropy account returned: 8 
[    4.939561] random 0014 0000 0000 9ff19f9c c07a1d2a: urand_change_num 23 extract_buf: pool_sig 0000031b, data_sig ffffffb3, bytes_mixed 20 9ff19f9c c07a1d2a
[    4.942414] input: AT Translated Set 2 keyboard as /devices/platform/i8042/serio0/input/input1
[    5.131462] ata1: SATA link up 1.5 Gbps (SStatus 113 SControl 300)
[    5.131581] ata3: SATA link down (SStatus 0 SControl 300)
[    5.134150] ata1.00: ACPI cmd ef/02:00:00:00:00:a0 (SET FEATURES) succeeded
[    5.134153] ata1.00: ACPI cmd f5/00:00:00:00:00:a0 (SECURITY FREEZE LOCK) filtered out
[    5.135544] ata1.00: ACPI cmd ef/5f:00:00:00:00:a0 (SET FEATURES) succeeded
[    5.135546] ata1.00: ACPI cmd ef/10:03:00:00:00:a0 (SET FEATURES) filtered out
[    5.137454] ata1.00: ATA-7: ST910021AS, 4.06, max UDMA/100
[    5.137542] ata1.00: 195371568 sectors, multi 16: LBA48 
[    5.139692] ata1.00: ACPI cmd ef/02:00:00:00:00:a0 (SET FEATURES) succeeded
[    5.139695] ata1.00: ACPI cmd f5/00:00:00:00:00:a0 (SECURITY FREEZE LOCK) filtered out
[    5.141089] ata1.00: ACPI cmd ef/5f:00:00:00:00:a0 (SET FEATURES) succeeded
[    5.141091] ata1.00: ACPI cmd ef/10:03:00:00:00:a0 (SET FEATURES) filtered out
[    5.143015] ata1.00: configured for UDMA/100
[    5.153504] scsi 2:0:0:0: Direct-Access     ATA      ST910021AS       4.06 PQ: 0 ANSI: 5
[    5.153793] sd 2:0:0:0: [sda] 195371568 512-byte logical blocks: (100 GB/93.1 GiB)
[    5.153948] sd 2:0:0:0: [sda] Write Protect is off
[    5.154043] sd 2:0:0:0: [sda] Mode Sense: 00 3a 00 00
[    5.154056] sd 2:0:0:0: [sda] Write cache: enabled, read cache: enabled, doesn't support DPO or FUA
[    5.154241]  sda:
[    5.569230] random 0014 0000 0000 277f73c3 42024bb9: add_disk_randomness(8:0) 277f73c3 42024bb9
[    5.569315] random 0014 0000 0000 277f73c3 42024bb9: add_timer_randomness(.. 8388864) with jiffies: 6936006105797198216, cycles: 6936006101502525450
[    5.569318] random 0014 0000 0000 277f73c3 42024bb9: added 11 entropy credits to input
[    5.569322]  sda1 sda2
[    5.569712] random 0025 0000 0000 277f73c3 42024bb9: add_disk_randomness(8:0) 277f73c3 42024bb9
[    5.569715] random 0025 0000 0000 277f73c3 42024bb9: add_timer_randomness(.. 8388864) with jiffies: 6939598227465011593, cycles: 6939598223170338826
[    5.569868] sd 2:0:0:0: [sda] Attached SCSI disk
[    5.569964] random 0025 0000 0000 277f73c3 42024bb9: rand_read_num 6 get_random_bytes(12): sig 000007e9 277f73c3 42024bb9
[    5.569966] random 0025 0000 0000 277f73c3 42024bb9: extract_entropy(.. 12 ..)
[    5.569969] random 0025 0000 0000 277f73c3 42024bb9: going to reseed nonblocking with 96 bits (96 of 0 requested)
[    5.569971] random 0025 0000 0000 277f73c3 42024bb9: extract_entropy(.. 12 ..)
[    5.569973] random 0025 0000 0000 277f73c3 42024bb9: trying to extract 96 bits from input
[    5.569976] random 0025 0000 0000 277f73c3 42024bb9: debiting 0 entropy credits from input
[    5.569978] random 0025 0000 0000 277f73c3 42024bb9: extract_entropy account returned: 0 
[    5.569981] random 0025 0000 0000 277f73c3 42024bb9: urand_change_num 24 xfer_secondary_pool(12): pool_sig 000007e9, data_sig 00000000, bytes_mixed 0 277f73c3 42024bb9
[    5.569984] random 0025 0000 0000 277f73c3 42024bb9: trying to extract 96 bits from nonblocking
[    5.569986] random 0025 0000 0000 277f73c3 42024bb9: debiting 96 entropy credits from nonblocking (unlimited)
[    5.569988] random 0025 0000 0000 277f73c3 42024bb9: extract_entropy account returned: 12 
[    5.569993] random 0025 0000 0000 277f73c3 42024bb9: urand_change_num 25 extract_buf: pool_sig 000007e9, data_sig 00000088, bytes_mixed 20 277f73c3 42024bb9
[    5.569998] random 0025 0000 0000 277f73c3 42024bb9: urand_change_num 26 extract_buf: pool_sig 00000498, data_sig fffffefb, bytes_mixed 20 277f73c3 42024bb9
[    5.570001] RANDOM - __seed init called.
[    5.570002] RANDOM - __seed init called.
[    5.570003] RANDOM - __seed init called.
[    5.570004] RANDOM - __random32 called. Change num 12.  Value: 87f14767	f0d7351	b1e48bd3
[    5.570006] RANDOM - random32_reseed called.  Value: 87f14767	f0d7351	b1e48bd3
[    5.570009] Pid: 1, comm: swapper Not tainted 2.6.32.57 #6
[    5.570108] Call Trace:
[    5.570215]  [<c1923ca4>] ? random32_reseed+0xa0/0xb1
[    5.570304]  [<c1923c04>] ? random32_reseed+0x0/0xb1
[    5.570390]  [<c100111e>] ? do_one_initcall+0x2e/0x180
[    5.570487]  [<c1907265>] ? kernel_init+0xad/0x103
[    5.570580]  [<c19071b8>] ? kernel_init+0x0/0x103
[    5.570678]  [<c1003787>] ? kernel_thread_helper+0x7/0x10
[    5.571200] random 0025 0000 0000 386b4e60 ee4d4880: rand_read_num 7 get_random_bytes(64): sig fffffea5 386b4e60 ee4d4880
[    5.571203] random 0025 0000 0000 386b4e60 ee4d4880: extract_entropy(.. 64 ..)
[    5.571205] random 0025 0000 0000 386b4e60 ee4d4880: going to reseed nonblocking with 512 bits (512 of 0 requested)
[    5.571207] random 0025 0000 0000 386b4e60 ee4d4880: extract_entropy(.. 64 ..)
[    5.571209] random 0025 0000 0000 386b4e60 ee4d4880: trying to extract 512 bits from input
[    5.571212] random 0025 0000 0000 386b4e60 ee4d4880: debiting 0 entropy credits from input
[    5.571214] random 0025 0000 0000 386b4e60 ee4d4880: extract_entropy account returned: 0 
[    5.571217] random 0025 0000 0000 386b4e60 ee4d4880: urand_change_num 27 xfer_secondary_pool(64): pool_sig fffffea5, data_sig 00000000, bytes_mixed 0 386b4e60 ee4d4880
[    5.571220] random 0025 0000 0000 386b4e60 ee4d4880: trying to extract 512 bits from nonblocking
[    5.571222] random 0025 0000 0000 386b4e60 ee4d4880: debiting 512 entropy credits from nonblocking (unlimited)
[    5.571224] random 0025 0000 0000 386b4e60 ee4d4880: extract_entropy account returned: 64 
[    5.571228] random 0025 0000 0000 386b4e60 ee4d4880: urand_change_num 28 extract_buf: pool_sig fffffea5, data_sig 00000173, bytes_mixed 20 386b4e60 ee4d4880
[    5.571234] random 0025 0000 0000 412698f6 0cc8689a: urand_change_num 29 extract_buf: pool_sig 00000122, data_sig ffffff63, bytes_mixed 20 412698f6 0cc8689a
[    5.571239] random 0025 0000 0000 412698f6 0cc8689a: urand_change_num 30 extract_buf: pool_sig 000001f7, data_sig 00000012, bytes_mixed 20 412698f6 0cc8689a
[    5.571244] random 0025 0000 0000 9669941e 06f768b1: urand_change_num 31 extract_buf: pool_sig fffffb5b, data_sig 0000003f, bytes_mixed 20 9669941e 06f768b1
[    5.571250] random 0025 0000 0000 98486520 995551f0: urand_change_num 32 extract_buf: pool_sig fffffb39, data_sig 0000000e, bytes_mixed 20 98486520 995551f0
[    5.571255] random 0025 0000 0000 98486520 995551f0: urand_change_num 33 extract_buf: pool_sig fffffd8d, data_sig 000001a6, bytes_mixed 20 98486520 995551f0
[    5.571260] random 0025 0000 0000 61fc8914 d5882ed2: urand_change_num 34 extract_buf: pool_sig fffffa58, data_sig 0000023e, bytes_mixed 20 61fc8914 d5882ed2
[    5.571291] random 0025 0000 0000 61fc8914 d5882ed2: rand_read_num 8 get_random_bytes(64): sig fffff9ee 61fc8914 d5882ed2
[    5.571293] random 0025 0000 0000 61fc8914 d5882ed2: extract_entropy(.. 64 ..)
[    5.571295] random 0025 0000 0000 61fc8914 d5882ed2: going to reseed nonblocking with 512 bits (512 of 0 requested)
[    5.571298] random 0025 0000 0000 61fc8914 d5882ed2: extract_entropy(.. 64 ..)
[    5.571300] random 0025 0000 0000 61fc8914 d5882ed2: trying to extract 512 bits from input
[    5.571302] random 0025 0000 0000 61fc8914 d5882ed2: debiting 0 entropy credits from input
[    5.571304] random 0025 0000 0000 61fc8914 d5882ed2: extract_entropy account returned: 0 
[    5.571307] random 0025 0000 0000 61fc8914 d5882ed2: urand_change_num 35 xfer_secondary_pool(64): pool_sig fffff9ee, data_sig 00000000, bytes_mixed 0 61fc8914 d5882ed2
[    5.571310] random 0025 0000 0000 61fc8914 d5882ed2: trying to extract 512 bits from nonblocking
[    5.571312] random 0025 0000 0000 61fc8914 d5882ed2: debiting 512 entropy credits from nonblocking (unlimited)
[    5.571315] random 0025 0000 0000 61fc8914 d5882ed2: extract_entropy account returned: 64 
[    5.571319] random 0025 0000 0000 61fc8914 d5882ed2: urand_change_num 36 extract_buf: pool_sig fffff9ee, data_sig ffffff85, bytes_mixed 20 61fc8914 d5882ed2
[    5.571324] random 0025 0000 0000 70cfd302 e5edec11: urand_change_num 37 extract_buf: pool_sig fffffdc1, data_sig ffffffde, bytes_mixed 20 70cfd302 e5edec11
[    5.571329] random 0025 0000 0000 00dab838 eafd2b30: urand_change_num 38 extract_buf: pool_sig 000003da, data_sig ffffff61, bytes_mixed 20 00dab838 eafd2b30
[    5.571335] random 0025 0000 0000 00dab838 eafd2b30: urand_change_num 39 extract_buf: pool_sig 00000314, data_sig 00000121, bytes_mixed 20 00dab838 eafd2b30
[    5.571340] random 0025 0000 0000 5fcdf66a 6442b608: urand_change_num 40 extract_buf: pool_sig 0000028b, data_sig fffffefd, bytes_mixed 20 5fcdf66a 6442b608
[    5.571345] random 0025 0000 0000 61333f6b 8fae0f9b: urand_change_num 41 extract_buf: pool_sig 000000cb, data_sig 000000b3, bytes_mixed 20 61333f6b 8fae0f9b
[    5.571350] random 0025 0000 0000 61333f6b 8fae0f9b: urand_change_num 42 extract_buf: pool_sig fffffef8, data_sig 00000051, bytes_mixed 20 61333f6b 8fae0f9b
[    5.571353] BEGIN NET_SECRET:
[    5.571354] \xffffffe0
[    5.571355] \xffffffb6
[    5.571356] \x36
[    5.571357] \xffffffb5
[    5.571358] \xffffff94
[    5.571358] \xffffffb2
[    5.571359] \xffffffa8
[    5.571360] \xffffffda
[    5.571361] \x5b
[    5.571362] \x19
[    5.571362] \x18
[    5.571363] \x5c
[    5.571364] \x2b
[    5.571365] \x1
[    5.571365] \xffffff90
[    5.571366] \x19
[    5.571367] \x3c
[    5.571368] \xfffffff2
[    5.571368] \xffffff82
[    5.571369] \x2a
[    5.571370] \xffffffb3
[    5.571371] \xffffffa2
[    5.571372] \x3f
[    5.571372] \x5
[    5.571373] \x52
[    5.571374] \x77
[    5.571375] \x57
[    5.571375] \x79
[    5.571376] \x16
[    5.571377] \x43
[    5.571377] \xffffff84
[    5.571378] \xffffffc3
[    5.571379] \xffffffe9
[    5.571380] \x79
[    5.571381] \x50
[    5.571381] \xffffff8e
[    5.571382] \x3f
[    5.571383] \xfffffff3
[    5.571384] \x19
[    5.571384] \x2a
[    5.571385] \xfffffffd
[    5.571386] \xfffffffb
[    5.571387] \x62
[    5.571387] \x3c
[    5.571388] \xffffffac
[    5.571389] \x1c
[    5.571390] \x3b
[    5.571390] \x3b
[    5.571391] \x15
[    5.571392] \x27
[    5.571393] \xffffffa8
[    5.571393] \x22
[    5.571394] \xffffffc5
[    5.571395] \xffffff9a
[    5.571399] \x5
[    5.571399] \x6c
[    5.571400] \xffffffa8
[    5.571401] \x3a
[    5.571402] \x44
[    5.571403] \xffffffaf
[    5.571403] \x13
[    5.571404] \xffffffe0
[    5.571405] \xffffff9d
[    5.571406] \x22
[    5.571406] 
[    5.571407] END NET_SECRET
[    5.571410] random 0025 0000 0000 e7f555d9 e8ce5c3c: rand_read_num 9 get_random_bytes(4): sig 0000068c e7f555d9 e8ce5c3c
[    5.571412] random 0025 0000 0000 e7f555d9 e8ce5c3c: extract_entropy(.. 4 ..)
[    5.571414] random 0025 0000 0000 e7f555d9 e8ce5c3c: going to reseed nonblocking with 64 bits (32 of 0 requested)
[    5.571417] random 0025 0000 0000 e7f555d9 e8ce5c3c: extract_entropy(.. 8 ..)
[    5.571419] random 0025 0000 0000 e7f555d9 e8ce5c3c: trying to extract 64 bits from input
[    5.571421] random 0025 0000 0000 e7f555d9 e8ce5c3c: debiting 0 entropy credits from input
[    5.571423] random 0025 0000 0000 e7f555d9 e8ce5c3c: extract_entropy account returned: 0 
[    5.571426] random 0025 0000 0000 e7f555d9 e8ce5c3c: urand_change_num 43 xfer_secondary_pool(4): pool_sig 0000068c, data_sig 00000000, bytes_mixed 0 e7f555d9 e8ce5c3c
[    5.571429] random 0025 0000 0000 e7f555d9 e8ce5c3c: trying to extract 32 bits from nonblocking
[    5.571431] random 0025 0000 0000 e7f555d9 e8ce5c3c: debiting 32 entropy credits from nonblocking (unlimited)
[    5.571433] random 0025 0000 0000 e7f555d9 e8ce5c3c: extract_entropy account returned: 4 
[    5.571437] random 0025 0000 0000 e7f555d9 e8ce5c3c: urand_change_num 44 extract_buf: pool_sig 0000068c, data_sig fffffdcb, bytes_mixed 20 e7f555d9 e8ce5c3c
[    5.571449] md: Waiting for all devices to be available before autodetect
[    5.571539] md: If you don't use raid, use raid=noautodetect
[    5.571705] md: Autodetecting RAID arrays.
[    5.571794] md: Scanned 0 and added 0 devices.
[    5.571881] md: autorun ...
[    5.571964] md: ... autorun DONE.
[    5.589938] random 0025 0000 0000 e7f555d9 e8ce5c3c: add_disk_randomness(8:0) e7f555d9 e8ce5c3c
[    5.589941] random 0025 0000 0000 e7f555d9 e8ce5c3c: add_timer_randomness(.. 8388864) with jiffies: 7121578242359394717, cycles: 7121578238064721930
[    5.589944] random 0025 0000 0000 e7f555d9 e8ce5c3c: added 4 entropy credits to input
[    5.591061] random 0029 0000 0000 e7f555d9 e8ce5c3c: add_disk_randomness(8:0) e7f555d9 e8ce5c3c
[    5.591064] random 0029 0000 0000 e7f555d9 e8ce5c3c: add_timer_randomness(.. 8388864) with jiffies: 7131688170172416414, cycles: 7131688165877743626
[    5.591181] random 0029 0000 0000 e7f555d9 e8ce5c3c: add_disk_randomness(8:0) e7f555d9 e8ce5c3c
[    5.591184] random 0029 0000 0000 e7f555d9 e8ce5c3c: add_timer_randomness(.. 8388864) with jiffies: 7132761482499686814, cycles: 7132761478205014026
[    5.591189] EXT3-fs: sda2: couldn't mount because of unsupported optional features (240).
[    5.591415] random 0029 0000 0000 e7f555d9 e8ce5c3c: add_disk_randomness(8:0) e7f555d9 e8ce5c3c
[    5.591418] random 0029 0000 0000 e7f555d9 e8ce5c3c: add_timer_randomness(.. 8388864) with jiffies: 7134860347117896095, cycles: 7134860342823223306
[    5.591423] EXT2-fs: sda2: couldn't mount because of unsupported optional features (240).
[    5.591685] random 0029 0000 0000 e7f555d9 e8ce5c3c: add_disk_randomness(8:0) e7f555d9 e8ce5c3c
[    5.591688] random 0029 0000 0000 e7f555d9 e8ce5c3c: add_timer_randomness(.. 8388864) with jiffies: 7137292166190825887, cycles: 7137292161896153098
[    5.591819] random 0029 0000 0000 e7f555d9 e8ce5c3c: add_disk_randomness(8:0) e7f555d9 e8ce5c3c
[    5.591822] random 0029 0000 0000 e7f555d9 e8ce5c3c: add_timer_randomness(.. 8388864) with jiffies: 7138501178009813407, cycles: 7138501173715140618
[    5.591947] random 0029 0000 0000 e7f555d9 e8ce5c3c: add_disk_randomness(8:0) e7f555d9 e8ce5c3c
[    5.591950] random 0029 0000 0000 e7f555d9 e8ce5c3c: add_timer_randomness(.. 8388864) with jiffies: 7139655484830351775, cycles: 7139655480535678986
[    5.592101] random 0029 0000 0000 e7f555d9 e8ce5c3c: add_disk_randomness(8:0) e7f555d9 e8ce5c3c
[    5.592104] random 0029 0000 0000 e7f555d9 e8ce5c3c: add_timer_randomness(.. 8388864) with jiffies: 7141041140064289183, cycles: 7141041135769616394
[    5.592221] random 0029 0000 0000 e7f555d9 e8ce5c3c: add_disk_randomness(8:0) e7f555d9 e8ce5c3c
[    5.592224] random 0029 0000 0000 e7f555d9 e8ce5c3c: add_timer_randomness(.. 8388864) with jiffies: 7142123424578240927, cycles: 7142123420283568138
[    5.592338] random 0029 0000 0000 e7f555d9 e8ce5c3c: add_disk_randomness(8:0) e7f555d9 e8ce5c3c
[    5.592341] random 0029 0000 0000 e7f555d9 e8ce5c3c: add_timer_randomness(.. 8388864) with jiffies: 7143176262796411295, cycles: 7143176258501738506
[    5.592495] random 0029 0000 0000 e7f555d9 e8ce5c3c: add_disk_randomness(8:0) e7f555d9 e8ce5c3c
[    5.592498] random 0029 0000 0000 e7f555d9 e8ce5c3c: add_timer_randomness(.. 8388864) with jiffies: 7144579325532799392, cycles: 7144579321238126602
[    5.592617] random 0029 0000 0000 e7f555d9 e8ce5c3c: add_disk_randomness(8:0) e7f555d9 e8ce5c3c
[    5.592619] random 0029 0000 0000 e7f555d9 e8ce5c3c: add_timer_randomness(.. 8388864) with jiffies: 7145672076882051488, cycles: 7145672072587378698
[    5.592859] random 0029 0000 0000 e7f555d9 e8ce5c3c: rand_read_num 10 get_random_bytes(4): sig ffffff72 e7f555d9 e8ce5c3c
[    5.592861] random 0029 0000 0000 e7f555d9 e8ce5c3c: extract_entropy(.. 4 ..)
[    5.592863] random 0029 0000 0000 e7f555d9 e8ce5c3c: going to reseed nonblocking with 64 bits (32 of 0 requested)
[    5.592866] random 0029 0000 0000 e7f555d9 e8ce5c3c: extract_entropy(.. 8 ..)
[    5.592868] random 0029 0000 0000 e7f555d9 e8ce5c3c: trying to extract 64 bits from input
[    5.592870] random 0029 0000 0000 e7f555d9 e8ce5c3c: debiting 0 entropy credits from input
[    5.592872] random 0029 0000 0000 e7f555d9 e8ce5c3c: extract_entropy account returned: 0 
[    5.592875] random 0029 0000 0000 e7f555d9 e8ce5c3c: urand_change_num 45 xfer_secondary_pool(4): pool_sig ffffff72, data_sig 00000000, bytes_mixed 0 e7f555d9 e8ce5c3c
[    5.592878] random 0029 0000 0000 e7f555d9 e8ce5c3c: trying to extract 32 bits from nonblocking
[    5.592880] random 0029 0000 0000 e7f555d9 e8ce5c3c: debiting 32 entropy credits from nonblocking (unlimited)
[    5.592882] random 0029 0000 0000 e7f555d9 e8ce5c3c: extract_entropy account returned: 4 
[    5.592887] random 0029 0000 0000 e7f555d9 e8ce5c3c: urand_change_num 46 extract_buf: pool_sig ffffff72, data_sig ffffff72, bytes_mixed 20 e7f555d9 e8ce5c3c
[    5.604387] random 0029 0000 0000 91716c54 eeb6a1e7: add_disk_randomness(8:0) 91716c54 eeb6a1e7
[    5.604390] random 0029 0000 0000 91716c54 eeb6a1e7: add_timer_randomness(.. 8388864) with jiffies: 7251585858732261803, cycles: 7251585854437589002
[    5.604393] random 0029 0000 0000 91716c54 eeb6a1e7: added 3 entropy credits to input
[    5.622665] random 0032 0000 0000 91716c54 eeb6a1e7: add_disk_randomness(8:0) 91716c54 eeb6a1e7
[    5.622668] random 0032 0000 0000 91716c54 eeb6a1e7: add_timer_randomness(.. 8388864) with jiffies: 7416023260094759358, cycles: 7416023255800086538
[    5.622671] random 0032 0000 0000 91716c54 eeb6a1e7: added 1 entropy credits to input
[    5.627341] EXT4-fs (sda2): mounted filesystem with ordered data mode
[    5.627546] VFS: Mounted root (ext4 filesystem) readonly on device 8:2.
[    5.627647] Freeing unused kernel memory: 448k freed
[    5.647856] random 0033 0000 0000 91716c54 eeb6a1e7: add_disk_randomness(8:0) 91716c54 eeb6a1e7
[    5.647859] random 0033 0000 0000 91716c54 eeb6a1e7: add_timer_randomness(.. 8388864) with jiffies: 7642670702939308503, cycles: 7642670698644635658
[    5.647862] random 0033 0000 0000 91716c54 eeb6a1e7: added 1 entropy credits to input
[    5.648584] random 0034 0000 0000 91716c54 eeb6a1e7: add_disk_randomness(8:0) 91716c54 eeb6a1e7
[    5.648587] random 0034 0000 0000 91716c54 eeb6a1e7: add_timer_randomness(.. 8388864) with jiffies: 7649220433576427992, cycles: 7649220429281755146
[    5.653268] random 0034 0000 0000 91716c54 eeb6a1e7: add_disk_randomness(8:0) 91716c54 eeb6a1e7
[    5.653271] random 0034 0000 0000 91716c54 eeb6a1e7: add_timer_randomness(.. 8388864) with jiffies: 7691370533949768156, cycles: 7691370529655095306
[    5.653274] random 0034 0000 0000 91716c54 eeb6a1e7: added 1 entropy credits to input
[    5.661467] random 0035 0000 0000 91716c54 eeb6a1e7: add_disk_randomness(8:0) 91716c54 eeb6a1e7
[    5.661470] random 0035 0000 0000 91716c54 eeb6a1e7: add_timer_randomness(.. 8388864) with jiffies: 7765126710243852773, cycles: 7765126705949179914
[    5.661473] random 0035 0000 0000 91716c54 eeb6a1e7: added 1 entropy credits to input
[    5.664888] random 0036 0000 0000 91716c54 eeb6a1e7: add_disk_randomness(8:0) 91716c54 eeb6a1e7
[    5.664891] random 0036 0000 0000 91716c54 eeb6a1e7: add_timer_randomness(.. 8388864) with jiffies: 7795908809573761512, cycles: 7795908805279088650
[    5.664893] random 0036 0000 0000 91716c54 eeb6a1e7: added 1 entropy credits to input
[    5.673782] random 0037 0000 0000 91716c54 eeb6a1e7: add_disk_randomness(8:0) 91716c54 eeb6a1e7
[    5.673785] random 0037 0000 0000 91716c54 eeb6a1e7: add_timer_randomness(.. 8388864) with jiffies: 7875933804168970737, cycles: 7875933799874297866
[    5.673788] random 0037 0000 0000 91716c54 eeb6a1e7: added 2 entropy credits to input
[    5.687062] random 0039 0000 0000 91716c54 eeb6a1e7: add_disk_randomness(8:0) 91716c54 eeb6a1e7
[    5.687065] random 0039 0000 0000 91716c54 eeb6a1e7: add_timer_randomness(.. 8388864) with jiffies: 7995420073516564990, cycles: 7995420069221892106
[    5.687068] random 0039 0000 0000 91716c54 eeb6a1e7: added 1 entropy credits to input
[    5.695140] random 0040 0000 0000 91716c54 eeb6a1e7: add_disk_randomness(8:0) 91716c54 eeb6a1e7
[    5.695143] random 0040 0000 0000 91716c54 eeb6a1e7: add_timer_randomness(.. 8388864) with jiffies: 8068096757025440262, cycles: 8068096752730767370
[    5.695146] random 0040 0000 0000 91716c54 eeb6a1e7: added 2 entropy credits to input
[    5.695169] RANDOM get_random_int call with cycles 44828227636, jiffies 4294672902 and pid 1
[    5.695172] RANDOM get_random_int call with cycles 44828235228, jiffies 4294672902 and pid 1
[    5.695174] ASLR stack rand value: 4087808 after shift for pid: 1
[    5.695176] RANDOM get_random_int call with cycles 44828243523, jiffies 4294672902 and pid 1
[    5.706785] random 0042 0000 0000 91716c54 eeb6a1e7: add_disk_randomness(8:0) 91716c54 eeb6a1e7
[    5.706788] random 0042 0000 0000 91716c54 eeb6a1e7: add_timer_randomness(.. 8388864) with jiffies: 8172861961541485074, cycles: 8172861957246812170
[    5.706791] random 0042 0000 0000 91716c54 eeb6a1e7: added 2 entropy credits to input
[    5.706801] RANDOM get_random_int call with cycles 44852594577, jiffies 4294672914 and pid 1
[    5.706807] random 0044 0000 0000 91716c54 eeb6a1e7: rand_read_num 11 get_random_bytes(16): sig fffffcad 91716c54 eeb6a1e7
[    5.706809] random 0044 0000 0000 91716c54 eeb6a1e7: extract_entropy(.. 16 ..)
[    5.706812] random 0044 0000 0000 91716c54 eeb6a1e7: going to reseed nonblocking with 128 bits (128 of 0 requested)
[    5.706814] random 0044 0000 0000 91716c54 eeb6a1e7: extract_entropy(.. 16 ..)
[    5.706816] random 0044 0000 0000 91716c54 eeb6a1e7: trying to extract 128 bits from input
[    5.706818] random 0044 0000 0000 91716c54 eeb6a1e7: debiting 0 entropy credits from input
[    5.706820] random 0044 0000 0000 91716c54 eeb6a1e7: extract_entropy account returned: 0 
[    5.706823] random 0044 0000 0000 91716c54 eeb6a1e7: urand_change_num 47 xfer_secondary_pool(16): pool_sig fffffcad, data_sig 00000000, bytes_mixed 0 91716c54 eeb6a1e7
[    5.706826] random 0044 0000 0000 91716c54 eeb6a1e7: trying to extract 128 bits from nonblocking
[    5.706829] random 0044 0000 0000 91716c54 eeb6a1e7: debiting 128 entropy credits from nonblocking (unlimited)
[    5.706831] random 0044 0000 0000 91716c54 eeb6a1e7: extract_entropy account returned: 16 
[    5.706835] random 0044 0000 0000 91716c54 eeb6a1e7: urand_change_num 48 extract_buf: pool_sig fffffcad, data_sig ffffff19, bytes_mixed 20 91716c54 eeb6a1e7
[    5.706841] random 0044 0000 0000 fd637b06 6cf47bc1: urand_change_num 49 extract_buf: pool_sig fffffede, data_sig ffffffc1, bytes_mixed 20 fd637b06 6cf47bc1
[    5.707791] random 0044 0000 0000 fd637b06 6cf47bc1: add_disk_randomness(8:0) fd637b06 6cf47bc1
[    5.707795] random 0044 0000 0000 fd637b06 6cf47bc1: add_timer_randomness(.. 8388864) with jiffies: 8181918372531503635, cycles: 8181918368236830730
[    5.708931] random 0044 0000 0000 fd637b06 6cf47bc1: add_disk_randomness(8:0) fd637b06 6cf47bc1
[    5.708934] random 0044 0000 0000 fd637b06 6cf47bc1: add_timer_randomness(.. 8388864) with jiffies: 8192173242605863444, cycles: 8192173238311190538
[    5.710088] random 0044 0000 0000 fd637b06 6cf47bc1: add_disk_randomness(8:0) fd637b06 6cf47bc1
[    5.710091] random 0044 0000 0000 fd637b06 6cf47bc1: add_timer_randomness(.. 8388864) with jiffies: 8202587438787035669, cycles: 8202587434492362762
[    5.710965] random 0044 0000 0000 fd637b06 6cf47bc1: add_disk_randomness(8:0) fd637b06 6cf47bc1
[    5.710968] random 0044 0000 0000 fd637b06 6cf47bc1: add_timer_randomness(.. 8388864) with jiffies: 8210474884233134614, cycles: 8210474879938461706
[    5.711140] random 0044 0000 0000 fd637b06 6cf47bc1: add_disk_randomness(8:0) fd637b06 6cf47bc1
[    5.711143] random 0044 0000 0000 fd637b06 6cf47bc1: add_timer_randomness(.. 8388864) with jiffies: 8212051888850043414, cycles: 8212051884555370506
[    5.711365] random 0044 0000 0000 fd637b06 6cf47bc1: add_disk_randomness(8:0) fd637b06 6cf47bc1
[    5.711368] random 0044 0000 0000 fd637b06 6cf47bc1: add_timer_randomness(.. 8388864) with jiffies: 8214076072576909846, cycles: 8214076068282236938
[    5.721845] random 0044 0000 0000 fd637b06 6cf47bc1: add_disk_randomness(8:0) fd637b06 6cf47bc1
[    5.721849] random 0044 0000 0000 fd637b06 6cf47bc1: add_timer_randomness(.. 8388864) with jiffies: 8308363854698218017, cycles: 8308363850403545098
[    5.721851] random 0044 0000 0000 fd637b06 6cf47bc1: added 3 entropy credits to input
[    5.722288] random 0047 0000 0000 fd637b06 6cf47bc1: add_disk_randomness(8:0) fd637b06 6cf47bc1
[    5.722291] random 0047 0000 0000 fd637b06 6cf47bc1: add_timer_randomness(.. 8388864) with jiffies: 8312352745444835873, cycles: 8312352741150162954
[    5.732025] random 0047 0000 0000 fd637b06 6cf47bc1: add_disk_randomness(8:0) fd637b06 6cf47bc1
[    5.732028] random 0047 0000 0000 fd637b06 6cf47bc1: add_timer_randomness(.. 8388864) with jiffies: 8399954513321755179, cycles: 8399954509027082250
[    5.732031] random 0047 0000 0000 fd637b06 6cf47bc1: added 3 entropy credits to input
[    5.732083] RANDOM get_random_int call with cycles 44905556892, jiffies 4294672939 and pid 1
[    5.744671] random 0050 0000 0000 fd637b06 6cf47bc1: add_disk_randomness(8:0) fd637b06 6cf47bc1
[    5.744675] random 0050 0000 0000 fd637b06 6cf47bc1: add_timer_randomness(.. 8388864) with jiffies: 8513728867007693368, cycles: 8513728862713020426
[    5.744677] random 0050 0000 0000 fd637b06 6cf47bc1: added 1 entropy credits to input
[    5.757780] random 0051 0000 0000 fd637b06 6cf47bc1: add_disk_randomness(8:0) fd637b06 6cf47bc1
[    5.757783] random 0051 0000 0000 fd637b06 6cf47bc1: add_timer_randomness(.. 8388864) with jiffies: 8631671911656161861, cycles: 8631671907361488906
[    5.757915] random 0051 0000 0000 fd637b06 6cf47bc1: add_disk_randomness(8:0) fd637b06 6cf47bc1
[    5.757918] random 0051 0000 0000 fd637b06 6cf47bc1: add_timer_randomness(.. 8388864) with jiffies: 8632890617216336453, cycles: 8632890612921663498
[    5.760080] random 0051 0000 0000 fd637b06 6cf47bc1: add_disk_randomness(8:0) fd637b06 6cf47bc1
[    5.760083] random 0051 0000 0000 fd637b06 6cf47bc1: add_timer_randomness(.. 8388864) with jiffies: 8652369973235909191, cycles: 8652369968941236234
[    5.760086] random 0051 0000 0000 fd637b06 6cf47bc1: added 1 entropy credits to input
[    5.760325] random 0052 0000 0000 fd637b06 6cf47bc1: add_disk_randomness(8:0) fd637b06 6cf47bc1
[    5.760328] random 0052 0000 0000 fd637b06 6cf47bc1: add_timer_randomness(.. 8388864) with jiffies: 8654579506276434503, cycles: 8654579501981761546
[    5.760471] random 0052 0000 0000 fd637b06 6cf47bc1: add_disk_randomness(8:0) fd637b06 6cf47bc1
[    5.760474] random 0052 0000 0000 fd637b06 6cf47bc1: add_timer_randomness(.. 8388864) with jiffies: 8655875778945974856, cycles: 8655875774651301898
[    5.763633] random 0052 0000 0000 fd637b06 6cf47bc1: add_disk_randomness(8:0) fd637b06 6cf47bc1
[    5.763636] random 0052 0000 0000 fd637b06 6cf47bc1: add_timer_randomness(.. 8388864) with jiffies: 8684327983071855179, cycles: 8684327978777182218
[    5.765645] random 0052 0000 0000 fd637b06 6cf47bc1: add_disk_randomness(8:0) fd637b06 6cf47bc1
[    5.765647] random 0052 0000 0000 fd637b06 6cf47bc1: add_timer_randomness(.. 8388864) with jiffies: 8702425922990211661, cycles: 8702425918695538698
[    5.773473] random 0052 0000 0000 fd637b06 6cf47bc1: add_disk_randomness(8:0) fd637b06 6cf47bc1
[    5.773476] random 0052 0000 0000 fd637b06 6cf47bc1: add_timer_randomness(.. 8388864) with jiffies: 8772855638523609685, cycles: 8772855634228936714
[    5.773479] random 0052 0000 0000 fd637b06 6cf47bc1: added 2 entropy credits to input
[    5.773614] random 0054 0000 0000 fd637b06 6cf47bc1: add_disk_randomness(8:0) fd637b06 6cf47bc1
[    5.773617] random 0054 0000 0000 fd637b06 6cf47bc1: add_timer_randomness(.. 8388864) with jiffies: 8774128460671713877, cycles: 8774128456377040906
[    5.777173] random 0054 0000 0000 fd637b06 6cf47bc1: add_disk_randomness(8:0) fd637b06 6cf47bc1
[    5.777176] random 0054 0000 0000 fd637b06 6cf47bc1: add_timer_randomness(.. 8388864) with jiffies: 8806160339650183768, cycles: 8806160335355510794
[    5.777179] random 0054 0000 0000 fd637b06 6cf47bc1: added 1 entropy credits to input
[    5.781670] random 0055 0000 0000 fd637b06 6cf47bc1: add_disk_randomness(8:0) fd637b06 6cf47bc1
[    5.781673] random 0055 0000 0000 fd637b06 6cf47bc1: add_timer_randomness(.. 8388864) with jiffies: 8846612849904812637, cycles: 8846612845610139658
[    5.787247] random 0055 0000 0000 fd637b06 6cf47bc1: add_disk_randomness(8:0) fd637b06 6cf47bc1
[    5.787250] random 0055 0000 0000 fd637b06 6cf47bc1: add_timer_randomness(.. 8388864) with jiffies: 8896791601364042338, cycles: 8896791597069369354
[    5.793526] random 0055 0000 0000 fd637b06 6cf47bc1: add_disk_randomness(8:0) fd637b06 6cf47bc1
[    5.793529] random 0055 0000 0000 fd637b06 6cf47bc1: add_timer_randomness(.. 8388864) with jiffies: 8953278044873392745, cycles: 8953278040578719754
[    5.793532] random 0055 0000 0000 fd637b06 6cf47bc1: added 1 entropy credits to input
[    5.793545] random 0056 0000 0000 fd637b06 6cf47bc1: rand_read_num 12 get_random_bytes(16): sig 0000033b fd637b06 6cf47bc1
[    5.793547] random 0056 0000 0000 fd637b06 6cf47bc1: extract_entropy(.. 16 ..)
[    5.793550] random 0056 0000 0000 fd637b06 6cf47bc1: going to reseed nonblocking with 128 bits (128 of 0 requested)
[    5.793552] random 0056 0000 0000 fd637b06 6cf47bc1: extract_entropy(.. 16 ..)
[    5.793554] random 0056 0000 0000 fd637b06 6cf47bc1: trying to extract 128 bits from input
[    5.793556] random 0056 0000 0000 fd637b06 6cf47bc1: debiting 0 entropy credits from input
[    5.793558] random 0056 0000 0000 fd637b06 6cf47bc1: extract_entropy account returned: 0 
[    5.793562] random 0056 0000 0000 fd637b06 6cf47bc1: urand_change_num 50 xfer_secondary_pool(16): pool_sig 0000033b, data_sig 00000000, bytes_mixed 0 fd637b06 6cf47bc1
[    5.793564] random 0056 0000 0000 fd637b06 6cf47bc1: trying to extract 128 bits from nonblocking
[    5.793567] random 0056 0000 0000 fd637b06 6cf47bc1: debiting 128 entropy credits from nonblocking (unlimited)
[    5.793569] random 0056 0000 0000 fd637b06 6cf47bc1: extract_entropy account returned: 16 
[    5.793573] random 0056 0000 0000 fd637b06 6cf47bc1: urand_change_num 51 extract_buf: pool_sig 0000033b, data_sig 000000d8, bytes_mixed 20 fd637b06 6cf47bc1
[    5.793579] random 0056 0000 0000 0ec1f012 d4727ca8: urand_change_num 52 extract_buf: pool_sig fffffcf5, data_sig 00000016, bytes_mixed 20 0ec1f012 d4727ca8
[    5.800270] random 0056 0000 0000 45b1d0b1 845a73f7: add_disk_randomness(8:0) 45b1d0b1 845a73f7
[    5.800273] random 0056 0000 0000 45b1d0b1 845a73f7: add_timer_randomness(.. 8388864) with jiffies: 9013968445321740911, cycles: 9013968441027067914
[    5.807491] random 0056 0000 0000 45b1d0b1 845a73f7: add_disk_randomness(8:0) 45b1d0b1 845a73f7
[    5.807494] random 0056 0000 0000 45b1d0b1 845a73f7: add_timer_randomness(.. 8388864) with jiffies: 9078919397493146231, cycles: 9078919393198473226
[    5.807497] random 0056 0000 0000 45b1d0b1 845a73f7: added 1 entropy credits to input
[    5.817138] random 0057 0000 0000 45b1d0b1 845a73f7: add_disk_randomness(8:0) 45b1d0b1 845a73f7
[    5.817141] random 0057 0000 0000 45b1d0b1 845a73f7: add_timer_randomness(.. 8388864) with jiffies: 9165727141881152128, cycles: 9165727137586479114
[    5.824914] random 0057 0000 0000 45b1d0b1 845a73f7: add_disk_randomness(8:0) 45b1d0b1 845a73f7
[    5.824917] random 0057 0000 0000 45b1d0b1 845a73f7: add_timer_randomness(.. 8388864) with jiffies: 9235680859074036360, cycles: -9211063218930188278
[    5.828054] random 0057 0000 0000 45b1d0b1 845a73f7: add_disk_randomness(8:0) 45b1d0b1 845a73f7
[    5.828058] random 0057 0000 0000 45b1d0b1 845a73f7: add_timer_randomness(.. 8388864) with jiffies: 9263942117543871115, cycles: -9182801960460353526
[    5.828060] random 0057 0000 0000 45b1d0b1 845a73f7: added 1 entropy credits to input
[    5.842324] random 0058 0000 0000 45b1d0b1 845a73f7: add_disk_randomness(8:0) 45b1d0b1 845a73f7
[    5.842327] random 0058 0000 0000 45b1d0b1 845a73f7: add_timer_randomness(.. 8388864) with jiffies: 9392333091046654617, cycles: -9054410986957570038
[    5.842330] random 0058 0000 0000 45b1d0b1 845a73f7: added 3 entropy credits to input
[    5.847723] random 0061 0000 0000 45b1d0b1 845a73f7: add_disk_randomness(8:0) 45b1d0b1 845a73f7
[    5.847726] random 0061 0000 0000 45b1d0b1 845a73f7: add_timer_randomness(.. 8388864) with jiffies: 9440895332779786911, cycles: -9005848745224437750
[    5.847729] random 0061 0000 0000 45b1d0b1 845a73f7: added 2 entropy credits to input
[    5.852892] random 0063 0000 0000 45b1d0b1 845a73f7: add_disk_randomness(8:0) 45b1d0b1 845a73f7
[    5.852895] random 0063 0000 0000 45b1d0b1 845a73f7: add_timer_randomness(.. 8388864) with jiffies: 9487401642387800740, cycles: -8959342435616423926
[    5.861121] random 0063 0000 0000 45b1d0b1 845a73f7: add_disk_randomness(8:0) 45b1d0b1 845a73f7
[    5.861124] random 0063 0000 0000 45b1d0b1 845a73f7: add_timer_randomness(.. 8388864) with jiffies: 9561447746154234540, cycles: -8885296331849990134
[    5.861127] random 0063 0000 0000 45b1d0b1 845a73f7: added 1 entropy credits to input
[    5.870723] random 0064 0000 0000 45b1d0b1 845a73f7: add_disk_randomness(8:0) 45b1d0b1 845a73f7
[    5.870726] random 0064 0000 0000 45b1d0b1 845a73f7: add_timer_randomness(.. 8388864) with jiffies: 9647830851420652214, cycles: -8798913226583572470
[    5.890224] random 0064 0000 0000 45b1d0b1 845a73f7: add_disk_randomness(8:0) 45b1d0b1 845a73f7
[    5.890227] random 0064 0000 0000 45b1d0b1 845a73f7: add_timer_randomness(.. 8388864) with jiffies: 9823294464624132809, cycles: -8623449613380091894
[    5.890230] random 0064 0000 0000 45b1d0b1 845a73f7: added 2 entropy credits to input
[    5.903510] random 0066 0000 0000 45b1d0b1 845a73f7: add_disk_randomness(8:0) 45b1d0b1 845a73f7
[    5.903513] random 0066 0000 0000 45b1d0b1 845a73f7: add_timer_randomness(.. 8388864) with jiffies: 9942814376450556631, cycles: -8503929701553668086
[    5.903516] random 0066 0000 0000 45b1d0b1 845a73f7: added 2 entropy credits to input
[    5.911532] random 0068 0000 0000 45b1d0b1 845a73f7: add_disk_randomness(8:0) 45b1d0b1 845a73f7
[    5.911535] random 0068 0000 0000 45b1d0b1 845a73f7: add_timer_randomness(.. 8388864) with jiffies: 10014989532333310687, cycles: -8431754545670914038
[    5.921540] random 0068 0000 0000 45b1d0b1 845a73f7: add_disk_randomness(8:0) 45b1d0b1 845a73f7
[    5.921543] random 0068 0000 0000 45b1d0b1 845a73f7: add_timer_randomness(.. 8388864) with jiffies: 10105038632705032937, cycles: -8341705445299191798
[    5.921546] random 0068 0000 0000 45b1d0b1 845a73f7: added 1 entropy credits to input
[    5.934427] random 0069 0000 0000 45b1d0b1 845a73f7: add_disk_randomness(8:0) 45b1d0b1 845a73f7
[    5.934430] random 0069 0000 0000 45b1d0b1 845a73f7: add_timer_randomness(.. 8388864) with jiffies: 10220975034273071862, cycles: -8225769043731152886
[    5.941785] random 0069 0000 0000 45b1d0b1 845a73f7: add_disk_randomness(8:0) 45b1d0b1 845a73f7
[    5.941788] random 0069 0000 0000 45b1d0b1 845a73f7: add_timer_randomness(.. 8388864) with jiffies: 10287188981707408125, cycles: -8159555096296816630
[    5.941791] random 0069 0000 0000 45b1d0b1 845a73f7: added 2 entropy credits to input
[    5.947032] random 0071 0000 0000 45b1d0b1 845a73f7: add_disk_randomness(8:0) 45b1d0b1 845a73f7
[    5.947035] random 0071 0000 0000 45b1d0b1 845a73f7: add_timer_randomness(.. 8388864) with jiffies: 10334396096834142978, cycles: -8112347981170081782
[    5.947038] random 0071 0000 0000 45b1d0b1 845a73f7: added 1 entropy credits to input
[    5.953476] random 0072 0000 0000 45b1d0b1 845a73f7: add_disk_randomness(8:0) 45b1d0b1 845a73f7
[    5.953479] random 0072 0000 0000 45b1d0b1 845a73f7: add_timer_randomness(.. 8388864) with jiffies: 10392369573985485577, cycles: -8054374504018739190
[    5.953482] random 0072 0000 0000 45b1d0b1 845a73f7: added 1 entropy credits to input
[    5.958526] random 0073 0000 0000 45b1d0b1 845a73f7: add_disk_randomness(8:0) 45b1d0b1 845a73f7
[    5.958529] random 0073 0000 0000 45b1d0b1 845a73f7: add_timer_randomness(.. 8388864) with jiffies: 10437801579128783630, cycles: -8008942498875441142
[    5.958532] random 0073 0000 0000 45b1d0b1 845a73f7: added 1 entropy credits to input
[    5.964426] random 0074 0000 0000 45b1d0b1 845a73f7: add_disk_randomness(8:0) 45b1d0b1 845a73f7
[    5.964429] random 0074 0000 0000 45b1d0b1 845a73f7: add_timer_randomness(.. 8388864) with jiffies: 10490887739979563796, cycles: -7955856338024660982
[    5.973777] random 0074 0000 0000 45b1d0b1 845a73f7: add_disk_randomness(8:0) 45b1d0b1 845a73f7
[    5.973780] random 0074 0000 0000 45b1d0b1 845a73f7: add_timer_randomness(.. 8388864) with jiffies: 10575021403369341725, cycles: -7871722674634883062
[    5.973783] random 0074 0000 0000 45b1d0b1 845a73f7: added 1 entropy credits to input
[    5.978655] random 0075 0000 0000 45b1d0b1 845a73f7: add_disk_randomness(8:0) 45b1d0b1 845a73f7
[    5.978658] random 0075 0000 0000 45b1d0b1 845a73f7: add_timer_randomness(.. 8388864) with jiffies: 10618908916798161698, cycles: -7827835161206063094
[    5.978661] random 0075 0000 0000 45b1d0b1 845a73f7: added 2 entropy credits to input
[    5.986089] random 0077 0000 0000 45b1d0b1 845a73f7: add_disk_randomness(8:0) 45b1d0b1 845a73f7
[    5.986092] random 0077 0000 0000 45b1d0b1 845a73f7: add_timer_randomness(.. 8388864) with jiffies: 10685801125467882281, cycles: -7760942952536342518
[    5.986095] random 0077 0000 0000 45b1d0b1 845a73f7: added 1 entropy credits to input
[    5.992305] random 0078 0000 0000 45b1d0b1 845a73f7: add_disk_randomness(8:0) 45b1d0b1 845a73f7
[    5.992308] random 0078 0000 0000 45b1d0b1 845a73f7: add_timer_randomness(.. 8388864) with jiffies: 10741728364235293487, cycles: -7705015713768931318
[    5.992462] random 0078 0000 0000 45b1d0b1 845a73f7: add_disk_randomness(8:0) 45b1d0b1 845a73f7
[    5.992465] random 0078 0000 0000 45b1d0b1 845a73f7: add_timer_randomness(.. 8388864) with jiffies: 10743126646673081136, cycles: -7703617431331143670
[    6.006868] random 0078 0000 0000 45b1d0b1 845a73f7: add_disk_randomness(8:0) 45b1d0b1 845a73f7
[    6.006872] random 0078 0000 0000 45b1d0b1 845a73f7: add_timer_randomness(.. 8388864) with jiffies: 10872750666631840574, cycles: -7573993411372384246
[    6.006875] random 0078 0000 0000 45b1d0b1 845a73f7: added 3 entropy credits to input
[    6.014285] random 0081 0000 0000 45b1d0b1 845a73f7: add_disk_randomness(8:0) 45b1d0b1 845a73f7
[    6.014288] random 0081 0000 0000 45b1d0b1 845a73f7: add_timer_randomness(.. 8388864) with jiffies: 10939482101790769989, cycles: -7507261976213454838
[    6.014290] random 0081 0000 0000 45b1d0b1 845a73f7: added 2 entropy credits to input
[    6.023968] random 0083 0000 0000 45b1d0b1 845a73f7: add_disk_randomness(8:0) 45b1d0b1 845a73f7
[    6.023971] random 0083 0000 0000 45b1d0b1 845a73f7: add_timer_randomness(.. 8388864) with jiffies: 11026601373041656655, cycles: -7420142704962568182
[    6.023974] random 0083 0000 0000 45b1d0b1 845a73f7: added 1 entropy credits to input
[    6.034597] random 0084 0000 0000 45b1d0b1 845a73f7: add_disk_randomness(8:0) 45b1d0b1 845a73f7
[    6.034600] random 0084 0000 0000 45b1d0b1 845a73f7: add_timer_randomness(.. 8388864) with jiffies: 11122223850609935194, cycles: -7324520227394289654
[    6.047114] random 0084 0000 0000 45b1d0b1 845a73f7: add_disk_randomness(8:0) 45b1d0b1 845a73f7
[    6.047118] random 0084 0000 0000 45b1d0b1 845a73f7: add_timer_randomness(.. 8388864) with jiffies: 11234851521042285414, cycles: -7211892556961939446
[    6.048324] random 0084 0000 0000 45b1d0b1 845a73f7: add_disk_randomness(8:0) 45b1d0b1 845a73f7
[    6.048327] random 0084 0000 0000 45b1d0b1 845a73f7: add_timer_randomness(.. 8388864) with jiffies: 11245738606007649127, cycles: -7201005471996575734
[    6.052335] random 0084 0000 0000 45b1d0b1 845a73f7: add_disk_randomness(8:0) 45b1d0b1 845a73f7
[    6.052338] random 0084 0000 0000 45b1d0b1 845a73f7: add_timer_randomness(.. 8388864) with jiffies: 11281822868234273643, cycles: -7164921209769951222
[    6.052340] random 0084 0000 0000 45b1d0b1 845a73f7: added 1 entropy credits to input
[    6.061680] random 0085 0000 0000 45b1d0b1 845a73f7: add_disk_randomness(8:0) 45b1d0b1 845a73f7
[    6.061683] random 0085 0000 0000 45b1d0b1 845a73f7: add_timer_randomness(.. 8388864) with jiffies: 11365891634668209013, cycles: -7080852443336015862
[    6.061685] random 0085 0000 0000 45b1d0b1 845a73f7: added 1 entropy credits to input
[    6.062031] random 0086 0000 0000 45b1d0b1 845a73f7: add_disk_randomness(8:0) 45b1d0b1 845a73f7
[    6.062034] random 0086 0000 0000 45b1d0b1 845a73f7: add_timer_randomness(.. 8388864) with jiffies: 11369058176616596341, cycles: -7077685901387628534
[    6.077688] random 0086 0000 0000 45b1d0b1 845a73f7: add_disk_randomness(8:0) 45b1d0b1 845a73f7
[    6.077691] random 0086 0000 0000 45b1d0b1 845a73f7: add_timer_randomness(.. 8388864) with jiffies: 11509919957030503301, cycles: -6936824120973721590
[    6.077694] random 0086 0000 0000 45b1d0b1 845a73f7: added 4 entropy credits to input
[    6.079318] random 0090 0000 0000 45b1d0b1 845a73f7: add_disk_randomness(8:0) 45b1d0b1 845a73f7
[    6.079321] random 0090 0000 0000 45b1d0b1 845a73f7: add_timer_randomness(.. 8388864) with jiffies: 11524592587515855750, cycles: -6922151490488369142
[    6.079466] random 0090 0000 0000 45b1d0b1 845a73f7: add_disk_randomness(8:0) 45b1d0b1 845a73f7
[    6.079469] random 0090 0000 0000 45b1d0b1 845a73f7: add_timer_randomness(.. 8388864) with jiffies: 11525910193287955335, cycles: -6920833884716269558
[    6.090340] random 0090 0000 0000 45b1d0b1 845a73f7: add_disk_randomness(8:0) 45b1d0b1 845a73f7
[    6.090343] random 0090 0000 0000 45b1d0b1 845a73f7: add_timer_randomness(.. 8388864) with jiffies: 11623761505479787409, cycles: -6822982572524437494
[    6.090346] random 0090 0000 0000 45b1d0b1 845a73f7: added 3 entropy credits to input
[    6.090907] random 0093 0000 0000 45b1d0b1 845a73f7: add_disk_randomness(8:0) 45b1d0b1 845a73f7
[    6.090910] random 0093 0000 0000 45b1d0b1 845a73f7: add_timer_randomness(.. 8388864) with jiffies: 11628851982323385234, cycles: -6817892095680839670
[    6.096136] random 0093 0000 0000 45b1d0b1 845a73f7: add_disk_randomness(8:0) 45b1d0b1 845a73f7
[    6.096139] random 0093 0000 0000 45b1d0b1 845a73f7: add_timer_randomness(.. 8388864) with jiffies: 11675907575298884503, cycles: -6770836502705340406
[    6.096142] random 0093 0000 0000 45b1d0b1 845a73f7: added 2 entropy credits to input
[    6.097890] random 0095 0000 0000 45b1d0b1 845a73f7: add_disk_randomness(8:0) 45b1d0b1 845a73f7
[    6.097893] random 0095 0000 0000 45b1d0b1 845a73f7: add_timer_randomness(.. 8388864) with jiffies: 11691686529230144409, cycles: -6755057548774080502
[    6.097896] random 0095 0000 0000 45b1d0b1 845a73f7: added 1 entropy credits to input
[    6.108117] random 0096 0000 0000 45b1d0b1 845a73f7: add_disk_randomness(8:0) 45b1d0b1 845a73f7
[    6.108120] random 0096 0000 0000 45b1d0b1 845a73f7: add_timer_randomness(.. 8388864) with jiffies: 11783700151938024355, cycles: -6663043926066200566
[    6.108123] random 0096 0000 0000 45b1d0b1 845a73f7: added 3 entropy credits to input
[    6.122054] random 0099 0000 0000 45b1d0b1 845a73f7: add_disk_randomness(8:0) 45b1d0b1 845a73f7
[    6.122057] random 0099 0000 0000 45b1d0b1 845a73f7: add_timer_randomness(.. 8388864) with jiffies: 11909088780092146609, cycles: -6537655297912078326
[    6.122060] random 0099 0000 0000 45b1d0b1 845a73f7: added 2 entropy credits to input
[    6.134574] random 0101 0000 0000 45b1d0b1 845a73f7: add_disk_randomness(8:0) 45b1d0b1 845a73f7
