[    0.000000] random 0000 0000 0000 00000000 00000000: rand_read_num 1 get_random_bytes(8): sig 00000000 00000000 00000000
[    0.000000] random 0000 0000 0000 00000000 00000000: extract_entropy(.. 8 ..)
[    0.000000] random 0000 0000 0000 00000000 00000000: going to reseed nonblocking with 64 bits (64 of 0 requested)
[    0.000000] random 0000 0000 0000 00000000 00000000: extract_entropy(.. 8 ..)
[    0.000000] random 0000 0000 0000 00000000 00000000: trying to extract 64 bits from input
[    0.000000] random 0000 0000 0000 00000000 00000000: debiting 0 entropy credits from input
[    0.000000] random 0000 0000 0000 00000000 00000000: extract_entropy account returned: 0 
[    0.000000] random 0000 0000 0000 00000000 00000000: urand_change_num 1 xfer_secondary_pool(8): pool_sig 00000000, data_sig 00000000, bytes_mixed 0 00000000 00000000
[    0.000000] random 0000 0000 0000 00000000 00000000: trying to extract 64 bits from nonblocking
[    0.000000] random 0000 0000 0000 00000000 00000000: debiting 64 entropy credits from nonblocking (unlimited)
[    0.000000] random 0000 0000 0000 00000000 00000000: extract_entropy account returned: 8 
[    0.000000] random 0000 0000 0000 00000000 00000000: urand_change_num 2 extract_buf: pool_sig 00000000, data_sig fffffff9, bytes_mixed 20 00000000 00000000
[    0.000000] Linux version 2.6.32.57 (dcashman@dcashman-02) (gcc version 4.3.3 (GCC) ) #6 Thu May 30 09:02:12 PDT 2013
[    0.000000] KERNEL supported cpus:
[    0.000000]   Intel GenuineIntel
[    0.000000]   AMD AuthenticAMD
[    0.000000]   NSC Geode by NSC
[    0.000000]   Cyrix CyrixInstead
[    0.000000]   Centaur CentaurHauls
[    0.000000]   Transmeta GenuineTMx86
[    0.000000]   Transmeta TransmetaCPU
[    0.000000]   UMC UMC UMC UMC
[    0.000000] BIOS-provided physical RAM map:
[    0.000000]  BIOS-e820: 0000000000000000 - 000000000009d800 (usable)
[    0.000000]  BIOS-e820: 000000000009d800 - 00000000000a0000 (reserved)
[    0.000000]  BIOS-e820: 00000000000d2000 - 00000000000d4000 (reserved)
[    0.000000]  BIOS-e820: 00000000000e0000 - 0000000000100000 (reserved)
[    0.000000]  BIOS-e820: 0000000000100000 - 000000003d6b0000 (usable)
[    0.000000]  BIOS-e820: 000000003d6b0000 - 000000003d6cc000 (ACPI data)
[    0.000000]  BIOS-e820: 000000003d6cc000 - 000000003d700000 (ACPI NVS)
[    0.000000]  BIOS-e820: 000000003d700000 - 000000003e000000 (reserved)
[    0.000000]  BIOS-e820: 00000000f0000000 - 00000000f4000000 (reserved)
[    0.000000]  BIOS-e820: 00000000fec00000 - 00000000fec10000 (reserved)
[    0.000000]  BIOS-e820: 00000000fed00000 - 00000000fed00400 (reserved)
[    0.000000]  BIOS-e820: 00000000fed14000 - 00000000fed1a000 (reserved)
[    0.000000]  BIOS-e820: 00000000fed1c000 - 00000000fed90000 (reserved)
[    0.000000]  BIOS-e820: 00000000fee00000 - 00000000fee01000 (reserved)
[    0.000000]  BIOS-e820: 00000000ff000000 - 0000000100000000 (reserved)
[    0.000000] DMI present.
[    0.000000] last_pfn = 0x3d6b0 max_arch_pfn = 0x100000
[    0.000000] MTRR default type: uncachable
[    0.000000] MTRR fixed ranges enabled:
[    0.000000]   00000-9FFFF write-back
[    0.000000]   A0000-BFFFF uncachable
[    0.000000]   C0000-CFFFF write-protect
[    0.000000]   D0000-DFFFF uncachable
[    0.000000]   E0000-FFFFF write-protect
[    0.000000] MTRR variable ranges enabled:
[    0.000000]   0 base 03E000000 mask FFE000000 uncachable
[    0.000000]   1 base 000000000 mask FC0000000 write-back
[    0.000000]   2 base 03D700000 mask FFFF00000 uncachable
[    0.000000]   3 base 03D800000 mask FFF800000 uncachable
[    0.000000]   4 disabled
[    0.000000]   5 disabled
[    0.000000]   6 disabled
[    0.000000]   7 disabled
[    0.000000] initial memory mapped : 0 - 02000000
[    0.000000] init_memory_mapping: 0000000000000000-00000000377fe000
[    0.000000]  0000000000 - 0000400000 page 4k
[    0.000000]  0000400000 - 0037400000 page 2M
[    0.000000]  0037400000 - 00377fe000 page 4k
[    0.000000] kernel direct mapping tables up to 377fe000 @ 7000-c000
[    0.000000] ACPI: RSDP 000f68d0 00024 (v02 LENOVO)
[    0.000000] ACPI: XSDT 3d6bb77f 00094 (v01 LENOVO TP-7L    00002170  LTP 00000000)
[    0.000000] ACPI: FACP 3d6bb900 000F4 (v03 LENOVO TP-7L    00002170 LNVO 00000001)
[    0.000000] ACPI Warning: 32/64X length mismatch in Gpe1Block: 0/32 (20090903/tbfadt-526)
[    0.000000] ACPI Warning: Optional field Gpe1Block has zero address or length: 000000000000102C/0 (20090903/tbfadt-557)
[    0.000000] ACPI: DSDT 3d6bbd1d 0FED1 (v01 LENOVO TP-7L    00002170 MSFT 03000000)
[    0.000000] ACPI: FACS 3d6e4000 00040
[    0.000000] ACPI: SSDT 3d6bbab4 00269 (v01 LENOVO TP-7L    00002170 MSFT 03000000)
[    0.000000] ACPI: ECDT 3d6cbbee 00052 (v01 LENOVO TP-7L    00002170 LNVO 00000001)
[    0.000000] ACPI: TCPA 3d6cbc40 00032 (v02 LENOVO TP-7L    00002170 LNVO 00000001)
[    0.000000] ACPI: APIC 3d6cbc72 00068 (v01 LENOVO TP-7L    00002170 LNVO 00000001)
[    0.000000] ACPI: MCFG 3d6cbcda 0003C (v01 LENOVO TP-7L    00002170 LNVO 00000001)
[    0.000000] ACPI: HPET 3d6cbd16 00038 (v01 LENOVO TP-7L    00002170 LNVO 00000001)
[    0.000000] ACPI: SLIC 3d6cbdf0 00176 (v01 LENOVO TP-7L    00002170  LTP 00000000)
[    0.000000] ACPI: BOOT 3d6cbf66 00028 (v01 LENOVO TP-7L    00002170  LTP 00000001)
[    0.000000] ACPI: ASF! 3d6cbf8e 00072 (v16 LENOVO TP-7L    00002170 PTL  00000001)
[    0.000000] ACPI: SSDT 3d6e26d9 0025F (v01 LENOVO TP-7L    00002170 INTL 20050513)
[    0.000000] ACPI: SSDT 3d6e2938 000A6 (v01 LENOVO TP-7L    00002170 INTL 20050513)
[    0.000000] ACPI: SSDT 3d6e29de 004F7 (v01 LENOVO TP-7L    00002170 INTL 20050513)
[    0.000000] ACPI: SSDT 3d6e2ed5 001D8 (v01 LENOVO TP-7L    00002170 INTL 20050513)
[    0.000000] ACPI: DMI detected: Lenovo ThinkPad R61
[    0.000000] ACPI: Added _OSI(Linux)
[    0.000000] ACPI: Local APIC address 0xfee00000
[    0.000000] 94MB HIGHMEM available.
[    0.000000] 887MB LOWMEM available.
[    0.000000]   mapped low ram: 0 - 377fe000
[    0.000000]   low ram: 0 - 377fe000
[    0.000000]   node 0 low ram: 00000000 - 377fe000
[    0.000000]   node 0 bootmap 00008000 - 0000ef00
[    0.000000] (6 early reservations) ==> bootmem [0000000000 - 00377fe000]
[    0.000000]   #0 [0000000000 - 0000001000]   BIOS data page ==> [0000000000 - 0000001000]
[    0.000000]   #1 [0001000000 - 0001bdc180]    TEXT DATA BSS ==> [0001000000 - 0001bdc180]
[    0.000000]   #2 [000009d800 - 0000100000]    BIOS reserved ==> [000009d800 - 0000100000]
[    0.000000]   #3 [0001bdd000 - 0001be516c]              BRK ==> [0001bdd000 - 0001be516c]
[    0.000000]   #4 [0000007000 - 0000008000]          PGTABLE ==> [0000007000 - 0000008000]
[    0.000000]   #5 [0000008000 - 000000f000]          BOOTMAP ==> [0000008000 - 000000f000]
[    0.000000] found SMP MP-table at [c00f6900] f6900
[    0.000000] Zone PFN ranges:
[    0.000000]   DMA      0x00000000 -> 0x00001000
[    0.000000]   Normal   0x00001000 -> 0x000377fe
[    0.000000]   HighMem  0x000377fe -> 0x0003d6b0
[    0.000000] Movable zone start PFN for each node
[    0.000000] early_node_map[2] active PFN ranges
[    0.000000]     0: 0x00000000 -> 0x0000009d
[    0.000000]     0: 0x00000100 -> 0x0003d6b0
[    0.000000] On node 0 totalpages: 251469
[    0.000000] free_area_init_node: node 0, pgdat c1901ea0, node_mem_map c1be7000
[    0.000000]   DMA zone: 32 pages used for memmap
[    0.000000]   DMA zone: 0 pages reserved
[    0.000000]   DMA zone: 3965 pages, LIFO batch:0
[    0.000000]   Normal zone: 1744 pages used for memmap
[    0.000000]   Normal zone: 221486 pages, LIFO batch:31
[    0.000000]   HighMem zone: 190 pages used for memmap
[    0.000000]   HighMem zone: 24052 pages, LIFO batch:3
[    0.000000] Using APIC driver default
[    0.000000] ACPI: PM-Timer IO Port: 0x1008
[    0.000000] ACPI: Local APIC address 0xfee00000
[    0.000000] ACPI: LAPIC (acpi_id[0x00] lapic_id[0x00] enabled)
[    0.000000] ACPI: LAPIC (acpi_id[0x01] lapic_id[0x01] enabled)
[    0.000000] ACPI: NR_CPUS/possible_cpus limit of 1 reached.  Processor 1/0x1 ignored.
[    0.000000] ACPI: LAPIC_NMI (acpi_id[0x00] high edge lint[0x1])
[    0.000000] ACPI: LAPIC_NMI (acpi_id[0x01] high edge lint[0x1])
[    0.000000] ACPI: IOAPIC (id[0x01] address[0xfec00000] gsi_base[0])
[    0.000000] IOAPIC[0]: apic_id 1, version 32, address 0xfec00000, GSI 0-23
[    0.000000] ACPI: INT_SRC_OVR (bus 0 bus_irq 0 global_irq 2 dfl dfl)
[    0.000000] ACPI: INT_SRC_OVR (bus 0 bus_irq 9 global_irq 9 high level)
[    0.000000] ACPI: IRQ0 used by override.
[    0.000000] ACPI: IRQ2 used by override.
[    0.000000] ACPI: IRQ9 used by override.
[    0.000000] Using ACPI (MADT) for SMP configuration information
[    0.000000] ACPI: HPET id: 0x8086a201 base: 0xfed00000
[    0.000000] nr_irqs_gsi: 24
[    0.000000] PM: Registered nosave memory: 000000000009d000 - 000000000009e000
[    0.000000] PM: Registered nosave memory: 000000000009e000 - 00000000000a0000
[    0.000000] PM: Registered nosave memory: 00000000000a0000 - 00000000000d2000
[    0.000000] PM: Registered nosave memory: 00000000000d2000 - 00000000000d4000
[    0.000000] PM: Registered nosave memory: 00000000000d4000 - 00000000000e0000
[    0.000000] PM: Registered nosave memory: 00000000000e0000 - 0000000000100000
[    0.000000] Allocating PCI resources starting at 3e000000 (gap: 3e000000:b2000000)
[    0.000000] Built 1 zonelists in Zone order, mobility grouping on.  Total pages: 249503
[    0.000000] Kernel command line: auto BOOT_IMAGE=Linux ro root=802 vt.default_utf8=0 maxcpus=0
[    0.000000] PID hash table entries: 4096 (order: 2, 16384 bytes)
[    0.000000] Dentry cache hash table entries: 131072 (order: 7, 524288 bytes)
[    0.000000] Inode-cache hash table entries: 65536 (order: 6, 262144 bytes)
[    0.000000] Enabling fast FPU save and restore... done.
[    0.000000] Enabling unmasked SIMD FPU exception support... done.
[    0.000000] Initializing CPU#0
[    0.000000] Initializing HighMem for node 0 (000377fe:0003d6b0)
[    0.000000] Memory: 984800k/1006272k available (6915k kernel code, 20876k reserved, 2327k data, 448k init, 96968k highmem)
[    0.000000] virtual kernel memory layout:
[    0.000000]     fixmap  : 0xfffa3000 - 0xfffff000   ( 368 kB)
[    0.000000]     pkmap   : 0xff800000 - 0xffc00000   (4096 kB)
[    0.000000]     vmalloc : 0xf7ffe000 - 0xff7fe000   ( 120 MB)
[    0.000000]     lowmem  : 0xc0000000 - 0xf77fe000   ( 887 MB)
[    0.000000]       .init : 0xc1907000 - 0xc1977000   ( 448 kB)
[    0.000000]       .data : 0xc16c0d3f - 0xc1906c64   (2327 kB)
[    0.000000]       .text : 0xc1000000 - 0xc16c0d3f   (6915 kB)
[    0.000000] Checking if this processor honours the WP bit even in supervisor mode...Ok.
[    0.000000] SLUB: Genslabs=13, HWalign=64, Order=0-3, MinObjects=0, CPUs=1, Nodes=1
[    0.000000] Hierarchical RCU implementation.
[    0.000000] NR_IRQS:288
[    0.000000] Extended CMOS year: 2000
[    0.000000] Console: colour VGA+ 80x25
[    0.000000] console [tty0] enabled
[    0.000000] hpet clockevent registered
[    0.000000] Fast TSC calibration using PIT
[    0.000000] Detected 2094.703 MHz processor.
[    0.002002] Calibrating delay loop (skipped), value calculated using timer frequency.. 4189.40 BogoMIPS (lpj=2094703)
[    0.002175] Security Framework initialized
[    0.002259] Mount-cache hash table entries: 512
[    0.002405] CPU: L1 I cache: 32K, L1 D cache: 32K
[    0.002533] CPU: L2 cache: 3072K
[    0.002616] mce: CPU supports 6 MCE banks
[    0.002703] CPU0: Thermal monitoring enabled (TM2)
[    0.002785] using mwait in idle threads.
[    0.002868] CPU: Intel(R) Core(TM)2 Duo CPU     T8100  @ 2.10GHz stepping 06
[    0.003003] Checking 'hlt' instruction... OK.
[    0.007937] ACPI: Core revision 20090903
[    0.027013] RANDOM get_random_int first call with cycles 38331309544, jiffies 4294667323 and pid 0
[    0.027021] CANARY value: 8af79080 for PID: 1
[    0.027028] CANARY value: 69479e27 for PID: 2
[    0.027050] Enabling APIC mode:  Flat.  Using 1 I/O APICs
[    0.027509] ..TIMER: vector=0x30 apic1=0 pin1=2 apic2=-1 pin2=-1
[    0.038997] xor: automatically using best checksumming function: pIII_sse
[    0.042998]    pIII_sse  :  8568.000 MB/sec
[    0.043087] xor: using function: pIII_sse (8568.000 MB/sec)
[    0.043179] RANDOM - __seed init called.
[    0.043179] RANDOM - __seed init called.
[    0.043180] RANDOM - __seed init called.
[    0.043182] RANDOM - __random32 called. Change num 1.  Value: 870e7b8	f6ea009	16c0ad5a
[    0.043184] RANDOM - __random32 called. Change num 2.  Value: e7b8290	f6ea0099	5ab418b8
[    0.043186] RANDOM - __random32 called. Change num 3.  Value: b8290fc5	6ea00996	3171e29b
[    0.043187] RANDOM - __random32 called. Change num 4.  Value: 90fc533a	ea00996a	c5375fde
[    0.043189] RANDOM - __random32 called. Change num 5.  Value: c533a353	a00996a1	bfbd91b4
[    0.043191] RANDOM - __random32 called. Change num 6.  Value: 3a35362b	996a10	23684a23
[    0.043193] RANDOM - random32 init called.  Value: 3a35362b	996a10	23684a23
[    0.043210] NET: Registered protocol family 16
[    0.043472] ACPI FADT declares the system doesn't support PCIe ASPM, so disable it
[    0.043595] ACPI: bus type pci registered
[    0.043768] PCI: MCFG configuration 0: base f0000000 segment 0 buses 0 - 63
[    0.043870] PCI: MCFG area at f0000000 reserved in E820
[    0.043966] PCI: Using MMCONFIG for extended config space
[    0.044002] PCI: Using configuration type 1 for base access
[    0.047157] bio: create slab <bio-0> at 0
[    0.047966] ACPI: EC: EC description table is found, configuring boot EC
[    0.053151] ACPI: BIOS _OSI(Linux) query honored via DMI
[    0.053876] random 0000 0000 0000 00000000 00000000: rand_read_num 2 get_random_bytes(8): sig fffffe1a 00000000 00000000
[    0.053879] random 0000 0000 0000 00000000 00000000: extract_entropy(.. 8 ..)
[    0.053881] random 0000 0000 0000 00000000 00000000: going to reseed nonblocking with 64 bits (64 of 0 requested)
[    0.053884] random 0000 0000 0000 00000000 00000000: extract_entropy(.. 8 ..)
[    0.053886] random 0000 0000 0000 00000000 00000000: trying to extract 64 bits from input
[    0.053888] random 0000 0000 0000 00000000 00000000: debiting 0 entropy credits from input
[    0.053890] random 0000 0000 0000 00000000 00000000: extract_entropy account returned: 0 
[    0.053893] random 0000 0000 0000 00000000 00000000: urand_change_num 3 xfer_secondary_pool(8): pool_sig fffffe1a, data_sig 00000000, bytes_mixed 0 00000000 00000000
[    0.053896] random 0000 0000 0000 00000000 00000000: trying to extract 64 bits from nonblocking
[    0.053898] random 0000 0000 0000 00000000 00000000: debiting 64 entropy credits from nonblocking (unlimited)
[    0.053900] random 0000 0000 0000 00000000 00000000: extract_entropy account returned: 8 
[    0.053931] random 0000 0000 0000 00000000 00000000: urand_change_num 4 extract_buf: pool_sig fffffe1a, data_sig fffffed7, bytes_mixed 20 00000000 00000000
[    0.058505] ACPI: Interpreter enabled
[    0.058592] ACPI: (supports S0 S3 S4 S5)
[    0.058915] ACPI: Using IOAPIC for interrupt routing
[    0.068663] ACPI: EC: GPE = 0x12, I/O: command/status = 0x66, data = 0x62
[    0.068939] ACPI: Power Resource [PUBS] (on)
[    0.071057] ACPI: ACPI Dock Station Driver: 3 docks/bays found
[    0.071463] ACPI: PCI Root Bridge [PCI0] (0000:00)
[    0.071633] pci 0000:00:02.0: reg 10 64bit mmio: [0xf8100000-0xf81fffff]
[    0.071639] pci 0000:00:02.0: reg 18 64bit mmio pref: [0xe0000000-0xefffffff]
[    0.071643] pci 0000:00:02.0: reg 20 io port: [0x1800-0x1807]
[    0.071678] pci 0000:00:02.1: reg 10 64bit mmio: [0xf8200000-0xf82fffff]
[    0.071779] pci 0000:00:19.0: reg 10 32bit mmio: [0xfe000000-0xfe01ffff]
[    0.071789] pci 0000:00:19.0: reg 14 32bit mmio: [0xfe025000-0xfe025fff]
[    0.071798] pci 0000:00:19.0: reg 18 io port: [0x1840-0x185f]
[    0.071875] pci 0000:00:19.0: PME# supported from D0 D3hot D3cold
[    0.071974] pci 0000:00:19.0: PME# disabled
[    0.072052] pci 0000:00:1a.0: reg 20 io port: [0x1860-0x187f]
[    0.072139] pci 0000:00:1a.1: reg 20 io port: [0x1880-0x189f]
[    0.072220] pci 0000:00:1a.7: reg 10 32bit mmio: [0xfe226c00-0xfe226fff]
[    0.072309] pci 0000:00:1a.7: PME# supported from D0 D3hot D3cold
[    0.072405] pci 0000:00:1a.7: PME# disabled
[    0.072559] pci 0000:00:1b.0: reg 10 64bit mmio: [0xfe020000-0xfe023fff]
[    0.072640] pci 0000:00:1b.0: PME# supported from D0 D3hot D3cold
[    0.072736] pci 0000:00:1b.0: PME# disabled
[    0.073016] pci 0000:00:1c.0: PME# supported from D0 D3hot D3cold
[    0.073110] pci 0000:00:1c.0: PME# disabled
[    0.073313] pci 0000:00:1c.1: PME# supported from D0 D3hot D3cold
[    0.073406] pci 0000:00:1c.1: PME# disabled
[    0.073603] pci 0000:00:1c.2: PME# supported from D0 D3hot D3cold
[    0.073696] pci 0000:00:1c.2: PME# disabled
[    0.073895] pci 0000:00:1c.3: PME# supported from D0 D3hot D3cold
[    0.073994] pci 0000:00:1c.3: PME# disabled
[    0.074846] pci 0000:00:1c.4: PME# supported from D0 D3hot D3cold
[    0.074944] pci 0000:00:1c.4: PME# disabled
[    0.075053] pci 0000:00:1d.0: reg 20 io port: [0x18a0-0x18bf]
[    0.075121] pci 0000:00:1d.1: reg 20 io port: [0x18c0-0x18df]
[    0.075192] pci 0000:00:1d.2: reg 20 io port: [0x18e0-0x18ff]
[    0.075286] pci 0000:00:1d.7: reg 10 32bit mmio: [0xfe227000-0xfe2273ff]
[    0.075380] pci 0000:00:1d.7: PME# supported from D0 D3hot D3cold
[    0.075473] pci 0000:00:1d.7: PME# disabled
[    0.075779] pci 0000:00:1f.0: quirk: region 1000-107f claimed by ICH6 ACPI/GPIO/TCO
[    0.075903] pci 0000:00:1f.0: quirk: region 1180-11bf claimed by ICH6 GPIO
[    0.075998] pci 0000:00:1f.0: ICH7 LPC Generic IO decode 1 PIO at 1600 (mask 007f)
[    0.076125] pci 0000:00:1f.0: ICH7 LPC Generic IO decode 2 PIO at 15e0 (mask 000f)
[    0.076250] pci 0000:00:1f.0: ICH7 LPC Generic IO decode 3 PIO at 1680 (mask 001f)
[    0.076447] pci 0000:00:1f.1: reg 10 io port: [0x00-0x07]
[    0.076456] pci 0000:00:1f.1: reg 14 io port: [0x00-0x03]
[    0.076465] pci 0000:00:1f.1: reg 18 io port: [0x00-0x07]
[    0.076473] pci 0000:00:1f.1: reg 1c io port: [0x00-0x03]
[    0.076481] pci 0000:00:1f.1: reg 20 io port: [0x1c00-0x1c0f]
[    0.076563] pci 0000:00:1f.2: reg 10 io port: [0x1c50-0x1c57]
[    0.076570] pci 0000:00:1f.2: reg 14 io port: [0x1c44-0x1c47]
[    0.076579] pci 0000:00:1f.2: reg 18 io port: [0x1c48-0x1c4f]
[    0.076587] pci 0000:00:1f.2: reg 1c io port: [0x1c40-0x1c43]
[    0.076596] pci 0000:00:1f.2: reg 20 io port: [0x1c20-0x1c3f]
[    0.076603] pci 0000:00:1f.2: reg 24 32bit mmio: [0xfe226000-0xfe2267ff]
[    0.076663] pci 0000:00:1f.2: PME# supported from D3hot
[    0.076752] pci 0000:00:1f.2: PME# disabled
[    0.076875] pci 0000:00:1f.3: reg 10 32bit mmio: [0xfe227400-0xfe2274ff]
[    0.076900] pci 0000:00:1f.3: reg 20 io port: [0x1c60-0x1c7f]
[    0.077042] pci 0000:00:1c.0: bridge io port: [0x2000-0x2fff]
[    0.077048] pci 0000:00:1c.0: bridge 32bit mmio: [0xfc000000-0xfdffffff]
[    0.077060] pci 0000:00:1c.0: bridge 64bit mmio pref: [0xf8000000-0xf80fffff]
[    0.077131] pci 0000:03:00.0: reg 10 64bit mmio: [0xdf3f0000-0xdf3fffff]
[    0.077325] pci 0000:00:1c.1: bridge io port: [0x3000-0x3fff]
[    0.077331] pci 0000:00:1c.1: bridge 32bit mmio: [0xdc000000-0xdf3fffff]
[    0.077339] pci 0000:00:1c.1: bridge 64bit mmio pref: [0xdfe00000-0xdfefffff]
[    0.077395] pci 0000:00:1c.2: bridge io port: [0x4000-0x4fff]
[    0.077400] pci 0000:00:1c.2: bridge 32bit mmio: [0xd8000000-0xd9ffffff]
[    0.077407] pci 0000:00:1c.2: bridge 64bit mmio pref: [0xdfb00000-0xdfbfffff]
[    0.077463] pci 0000:00:1c.3: bridge io port: [0x5000-0x5fff]
[    0.077467] pci 0000:00:1c.3: bridge 32bit mmio: [0xd4000000-0xd5ffffff]
[    0.077476] pci 0000:00:1c.3: bridge 64bit mmio pref: [0xdf800000-0xdf8fffff]
[    0.077532] pci 0000:00:1c.4: bridge io port: [0x6000-0x6fff]
[    0.077539] pci 0000:00:1c.4: bridge 32bit mmio: [0xd0000000-0xd1ffffff]
[    0.077548] pci 0000:00:1c.4: bridge 64bit mmio pref: [0xdf500000-0xdf5fffff]
[    0.077603] pci 0000:15:00.0: reg 10 32bit mmio: [0xf8300000-0xf8300fff]
[    0.077654] pci 0000:15:00.0: supports D1 D2
[    0.077655] pci 0000:15:00.0: PME# supported from D0 D1 D2 D3hot D3cold
[    0.077753] pci 0000:15:00.0: PME# disabled
[    0.077900] pci 0000:15:00.1: reg 10 32bit mmio: [0xf8301000-0xf83017ff]
[    0.077999] pci 0000:15:00.1: supports D1 D2
[    0.078001] pci 0000:15:00.1: PME# supported from D0 D1 D2 D3hot D3cold
[    0.078094] pci 0000:15:00.1: PME# disabled
[    0.078277] pci 0000:00:1e.0: transparent bridge
[    0.078368] pci 0000:00:1e.0: bridge io port: [0x7000-0xafff]
[    0.078374] pci 0000:00:1e.0: bridge 32bit mmio: [0xf8300000-0xfbffffff]
[    0.078383] pci 0000:00:1e.0: bridge 64bit mmio pref: [0xf4000000-0xf7ffffff]
[    0.078447] pci_bus 0000:00: on NUMA node 0
[    0.078451] ACPI: PCI Interrupt Routing Table [\_SB_.PCI0._PRT]
[    0.078585] ACPI: PCI Interrupt Routing Table [\_SB_.PCI0.EXP0._PRT]
[    0.078644] ACPI: PCI Interrupt Routing Table [\_SB_.PCI0.EXP1._PRT]
[    0.078702] ACPI: PCI Interrupt Routing Table [\_SB_.PCI0.EXP2._PRT]
[    0.078760] ACPI: PCI Interrupt Routing Table [\_SB_.PCI0.EXP3._PRT]
[    0.078823] ACPI: PCI Interrupt Routing Table [\_SB_.PCI0.EXP4._PRT]
[    0.078885] ACPI: PCI Interrupt Routing Table [\_SB_.PCI0.PCI1._PRT]
[    0.084351] ACPI: PCI Interrupt Link [LNKA] (IRQs 3 4 5 6 7 9 *10 11)
[    0.085172] ACPI: PCI Interrupt Link [LNKB] (IRQs 3 4 5 6 7 9 10 *11)
[    0.086016] ACPI: PCI Interrupt Link [LNKC] (IRQs 3 4 5 6 7 9 10 *11)
[    0.086826] ACPI: PCI Interrupt Link [LNKD] (IRQs 3 4 5 6 7 9 10 *11)
[    0.087612] ACPI: PCI Interrupt Link [LNKE] (IRQs 3 4 5 6 7 9 10 *11)
[    0.088394] ACPI: PCI Interrupt Link [LNKF] (IRQs 3 4 5 6 7 9 10 *11)
[    0.089240] ACPI: PCI Interrupt Link [LNKG] (IRQs 3 4 5 6 7 9 10 *11)
[    0.090061] ACPI: PCI Interrupt Link [LNKH] (IRQs 3 4 5 6 7 9 10 *11)
[    0.090827] vgaarb: device added: PCI:0000:00:02.0,decodes=io+mem,owns=io+mem,locks=none
[    0.090953] vgaarb: loaded
[    0.091090] SCSI subsystem initialized
[    0.091188] libata version 3.00 loaded.
[    0.091235] usbcore: registered new interface driver usbfs
[    0.091359] usbcore: registered new interface driver hub
[    0.091471] usbcore: registered new device driver usb
[    0.108043] raid6: int32x1    941 MB/s
[    0.124992] raid6: int32x2    886 MB/s
[    0.142070] raid6: int32x4    750 MB/s
[    0.158996] raid6: int32x8    656 MB/s
[    0.175988] raid6: mmxx1     2878 MB/s
[    0.192985] raid6: mmxx2     3253 MB/s
[    0.209993] raid6: sse1x1    1937 MB/s
[    0.226999] raid6: sse1x2    2535 MB/s
[    0.243978] raid6: sse2x1    3507 MB/s
[    0.260976] raid6: sse2x2    3828 MB/s
[    0.261063] raid6: using algorithm sse2x2 (3828 MB/s)
[    0.261155] PCI: Using ACPI for IRQ routing
[    0.261464] HPET: 3 timers in total, 0 timers will be used for per-cpu timer
[    0.261989] Switching to clocksource tsc
[    0.262088] pnp: PnP ACPI init
[    0.262177] ACPI: bus type pnp registered
[    0.265820] pnp: PnP ACPI: found 11 devices
[    0.265925] ACPI: ACPI bus type pnp unregistered
[    0.266022] system 00:00: iomem range 0x0-0x9ffff could not be reserved
[    0.266112] system 00:00: iomem range 0xc0000-0xc3fff could not be reserved
[    0.266202] system 00:00: iomem range 0xc4000-0xc7fff could not be reserved
[    0.266302] system 00:00: iomem range 0xc8000-0xcbfff has been reserved
[    0.266401] system 00:00: iomem range 0xcc000-0xcffff has been reserved
[    0.266493] system 00:00: iomem range 0xd0000-0xd3fff could not be reserved
[    0.266584] system 00:00: iomem range 0xe0000-0xe3fff could not be reserved
[    0.266683] system 00:00: iomem range 0xe4000-0xe7fff could not be reserved
[    0.266777] system 00:00: iomem range 0xe8000-0xebfff could not be reserved
[    0.266872] system 00:00: iomem range 0xec000-0xeffff could not be reserved
[    0.266964] system 00:00: iomem range 0xf0000-0xfffff could not be reserved
[    0.267058] system 00:00: iomem range 0x100000-0x3dffffff could not be reserved
[    0.267184] system 00:00: iomem range 0xfec00000-0xfed3ffff could not be reserved
[    0.267305] system 00:00: iomem range 0xfed4c000-0xffffffff could not be reserved
[    0.267431] system 00:02: ioport range 0x164e-0x164f has been reserved
[    0.267522] system 00:02: ioport range 0x1000-0x107f has been reserved
[    0.267616] system 00:02: ioport range 0x1180-0x11bf has been reserved
[    0.267708] system 00:02: ioport range 0x800-0x80f has been reserved
[    0.267798] system 00:02: ioport range 0x15e0-0x15ef has been reserved
[    0.267891] system 00:02: ioport range 0x1600-0x165f could not be reserved
[    0.267990] system 00:02: iomem range 0xf0000000-0xf3ffffff has been reserved
[    0.268084] system 00:02: iomem range 0xfed1c000-0xfed1ffff has been reserved
[    0.268178] system 00:02: iomem range 0xfed14000-0xfed17fff has been reserved
[    0.268271] system 00:02: iomem range 0xfed18000-0xfed18fff has been reserved
[    0.268360] system 00:02: iomem range 0xfed19000-0xfed19fff has been reserved
[    0.268459] system 00:02: iomem range 0xfed45000-0xfed4bfff has been reserved
[    0.303504] pci 0000:00:1c.0: PCI bridge, secondary bus 0000:02
[    0.303598] pci 0000:00:1c.0:   IO window: 0x2000-0x2fff
[    0.303700] pci 0000:00:1c.0:   MEM window: 0xfc000000-0xfdffffff
[    0.303801] pci 0000:00:1c.0:   PREFETCH window: 0x000000f8000000-0x000000f80fffff
[    0.303931] pci 0000:00:1c.1: PCI bridge, secondary bus 0000:03
[    0.304025] pci 0000:00:1c.1:   IO window: 0x3000-0x3fff
[    0.304126] pci 0000:00:1c.1:   MEM window: 0xdc000000-0xdf3fffff
[    0.304222] pci 0000:00:1c.1:   PREFETCH window: 0x000000dfe00000-0x000000dfefffff
[    0.304356] pci 0000:00:1c.2: PCI bridge, secondary bus 0000:04
[    0.304448] pci 0000:00:1c.2:   IO window: 0x4000-0x4fff
[    0.304548] pci 0000:00:1c.2:   MEM window: 0xd8000000-0xd9ffffff
[    0.304650] pci 0000:00:1c.2:   PREFETCH window: 0x000000dfb00000-0x000000dfbfffff
[    0.304778] pci 0000:00:1c.3: PCI bridge, secondary bus 0000:05
[    0.304870] pci 0000:00:1c.3:   IO window: 0x5000-0x5fff
[    0.304964] pci 0000:00:1c.3:   MEM window: 0xd4000000-0xd5ffffff
[    0.305059] pci 0000:00:1c.3:   PREFETCH window: 0x000000df800000-0x000000df8fffff
[    0.305190] pci 0000:00:1c.4: PCI bridge, secondary bus 0000:0d
[    0.305283] pci 0000:00:1c.4:   IO window: 0x6000-0x6fff
[    0.305377] pci 0000:00:1c.4:   MEM window: 0xd0000000-0xd1ffffff
[    0.305473] pci 0000:00:1c.4:   PREFETCH window: 0x000000df500000-0x000000df5fffff
[    0.305605] pci 0000:15:00.0: CardBus bridge, secondary bus 0000:16
[    0.305697] pci 0000:15:00.0:   IO window: 0x007000-0x0070ff
[    0.305790] pci 0000:15:00.0:   IO window: 0x007400-0x0074ff
[    0.305892] pci 0000:15:00.0:   PREFETCH window: 0xf4000000-0xf7ffffff
[    0.305996] pci 0000:15:00.0:   MEM window: 0x40000000-0x43ffffff
[    0.306088] pci 0000:00:1e.0: PCI bridge, secondary bus 0000:15
[    0.306179] pci 0000:00:1e.0:   IO window: 0x7000-0xafff
[    0.306274] pci 0000:00:1e.0:   MEM window: 0xf8300000-0xfbffffff
[    0.306378] pci 0000:00:1e.0:   PREFETCH window: 0x000000f4000000-0x000000f7ffffff
[    0.306521] pci 0000:00:1c.0: PCI INT A -> GSI 20 (level, low) -> IRQ 20
[    0.306616] pci 0000:00:1c.0: setting latency timer to 64
[    0.306628] pci 0000:00:1c.1: PCI INT B -> GSI 21 (level, low) -> IRQ 21
[    0.306724] pci 0000:00:1c.1: setting latency timer to 64
[    0.306738] pci 0000:00:1c.2: PCI INT C -> GSI 22 (level, low) -> IRQ 22
[    0.306834] pci 0000:00:1c.2: setting latency timer to 64
[    0.306845] pci 0000:00:1c.3: PCI INT D -> GSI 23 (level, low) -> IRQ 23
[    0.306954] pci 0000:00:1c.3: setting latency timer to 64
[    0.306965] pci 0000:00:1c.4: PCI INT A -> GSI 20 (level, low) -> IRQ 20
[    0.307061] pci 0000:00:1c.4: setting latency timer to 64
[    0.307070] pci 0000:00:1e.0: enabling device (0005 -> 0007)
[    0.307172] pci 0000:00:1e.0: setting latency timer to 64
[    0.307187] pci 0000:15:00.0: PCI INT A -> GSI 16 (level, low) -> IRQ 16
[    0.307283] pci 0000:15:00.0: setting latency timer to 64
[    0.307287] pci_bus 0000:00: resource 0 io:  [0x00-0xffff]
[    0.307289] pci_bus 0000:00: resource 1 mem: [0x000000-0xffffffff]
[    0.307291] pci_bus 0000:02: resource 0 io:  [0x2000-0x2fff]
[    0.307293] pci_bus 0000:02: resource 1 mem: [0xfc000000-0xfdffffff]
[    0.307295] pci_bus 0000:02: resource 2 pref mem [0xf8000000-0xf80fffff]
[    0.307296] pci_bus 0000:03: resource 0 io:  [0x3000-0x3fff]
[    0.307298] pci_bus 0000:03: resource 1 mem: [0xdc000000-0xdf3fffff]
[    0.307300] pci_bus 0000:03: resource 2 pref mem [0xdfe00000-0xdfefffff]
[    0.307302] pci_bus 0000:04: resource 0 io:  [0x4000-0x4fff]
[    0.307304] pci_bus 0000:04: resource 1 mem: [0xd8000000-0xd9ffffff]
[    0.307306] pci_bus 0000:04: resource 2 pref mem [0xdfb00000-0xdfbfffff]
[    0.307307] pci_bus 0000:05: resource 0 io:  [0x5000-0x5fff]
[    0.307309] pci_bus 0000:05: resource 1 mem: [0xd4000000-0xd5ffffff]
[    0.307311] pci_bus 0000:05: resource 2 pref mem [0xdf800000-0xdf8fffff]
[    0.307313] pci_bus 0000:0d: resource 0 io:  [0x6000-0x6fff]
[    0.307315] pci_bus 0000:0d: resource 1 mem: [0xd0000000-0xd1ffffff]
[    0.307316] pci_bus 0000:0d: resource 2 pref mem [0xdf500000-0xdf5fffff]
[    0.307318] pci_bus 0000:15: resource 0 io:  [0x7000-0xafff]
[    0.307320] pci_bus 0000:15: resource 1 mem: [0xf8300000-0xfbffffff]
[    0.307322] pci_bus 0000:15: resource 2 pref mem [0xf4000000-0xf7ffffff]
[    0.307324] pci_bus 0000:15: resource 3 io:  [0x00-0xffff]
[    0.307325] pci_bus 0000:15: resource 4 mem: [0x000000-0xffffffff]
[    0.307327] pci_bus 0000:16: resource 0 io:  [0x7000-0x70ff]
[    0.307329] pci_bus 0000:16: resource 1 io:  [0x7400-0x74ff]
[    0.307331] pci_bus 0000:16: resource 2 pref mem [0xf4000000-0xf7ffffff]
[    0.307333] pci_bus 0000:16: resource 3 mem: [0x40000000-0x43ffffff]
[    0.307341] NET: Registered protocol family 2
[    0.307438] RANDOM - __random32 called. Change num 7.  Value: 5362b39e	996a101	94470543
[    0.307440] RANDOM - random32 called.  Value: 5362b39e	996a101	94470543
[    0.307444] random 0000 0000 0000 5f8db4e5 4cfdf2a8: rand_read_num 3 get_random_bytes(4): sig fffffb64 5f8db4e5 4cfdf2a8
[    0.307447] random 0000 0000 0000 5f8db4e5 4cfdf2a8: extract_entropy(.. 4 ..)
[    0.307449] random 0000 0000 0000 5f8db4e5 4cfdf2a8: going to reseed nonblocking with 64 bits (32 of 0 requested)
[    0.307451] random 0000 0000 0000 5f8db4e5 4cfdf2a8: extract_entropy(.. 8 ..)
[    0.307453] random 0000 0000 0000 5f8db4e5 4cfdf2a8: trying to extract 64 bits from input
[    0.307456] random 0000 0000 0000 5f8db4e5 4cfdf2a8: debiting 0 entropy credits from input
[    0.307457] random 0000 0000 0000 5f8db4e5 4cfdf2a8: extract_entropy account returned: 0 
[    0.307461] random 0000 0000 0000 5f8db4e5 4cfdf2a8: urand_change_num 5 xfer_secondary_pool(4): pool_sig fffffb64, data_sig 00000000, bytes_mixed 0 5f8db4e5 4cfdf2a8
[    0.307464] random 0000 0000 0000 5f8db4e5 4cfdf2a8: trying to extract 32 bits from nonblocking
[    0.307466] random 0000 0000 0000 5f8db4e5 4cfdf2a8: debiting 32 entropy credits from nonblocking (unlimited)
[    0.307468] random 0000 0000 0000 5f8db4e5 4cfdf2a8: extract_entropy account returned: 4 
[    0.307472] random 0000 0000 0000 5f8db4e5 4cfdf2a8: urand_change_num 6 extract_buf: pool_sig fffffb64, data_sig 00000241, bytes_mixed 20 5f8db4e5 4cfdf2a8
[    0.307482] IP route cache hash table entries: 32768 (order: 5, 131072 bytes)
[    0.307617] RANDOM - __random32 called. Change num 8.  Value: 2b39e0a2	996a1017	a86cfe5
[    0.307619] RANDOM - random32 called.  Value: 2b39e0a2	996a1017	a86cfe5
[    0.307629] RANDOM - __random32 called. Change num 9.  Value: 9e0a22e5	96a1017e	9fcbd616
[    0.307631] RANDOM - random32 called.  Value: 9e0a22e5	96a1017e	9fcbd616
[    0.307632] RANDOM - __random32 called. Change num 10.  Value: a22e5b4a	6a1017e6	ac2c32ac
[    0.307634] RANDOM - random32 called.  Value: a22e5b4a	6a1017e6	ac2c32ac
[    0.307644] RANDOM - __random32 called. Change num 11.  Value: e5b4ad28	a1017e61	6559a9b4
[    0.307646] RANDOM - random32 called.  Value: e5b4ad28	a1017e61	6559a9b4
[    0.307655] TCP established hash table entries: 131072 (order: 8, 1048576 bytes)
[    0.308156] TCP bind hash table entries: 65536 (order: 6, 262144 bytes)
[    0.308345] TCP: Hash tables configured (established 131072 bind 65536)
[    0.308445] TCP reno registered
[    0.308551] NET: Registered protocol family 1
[    0.308668] RPC: Registered udp transport module.
[    0.308763] RPC: Registered tcp transport module.
[    0.308852] RPC: Registered tcp NFSv4.1 backchannel transport module.
[    0.308955] pci 0000:00:02.0: Boot video device
[    0.309169] Simple Boot Flag at 0x35 set to 0x1
[    0.309694] highmem bounce pool size: 64 pages
[    0.311267] VFS: Disk quotas dquot_6.5.2
[    0.311390] Dquot-cache hash table entries: 1024 (order 0, 4096 bytes)
[    0.312075] NTFS driver 2.1.29 [Flags: R/W].
[    0.312235] ROMFS MTD (C) 2007 Red Hat, Inc.
[    0.312444] JFS: nTxBlock = 7695, nTxLock = 61562
[    0.314937] SGI XFS with ACLs, security attributes, large block/inode numbers, no debug enabled
[    0.315420] SGI XFS Quota Management subsystem
[    0.315708] Slow work thread pool: Starting up
[    0.315810] Slow work thread pool: Ready
[    0.315928] GFS2 (built May 24 2013 02:47:17) installed
[    0.316021] msgmni has been set to 1734
[    0.316192] alg: No test for cipher_null (cipher_null-generic)
[    0.316291] alg: No test for ecb(cipher_null) (ecb-cipher_null)
[    0.316397] alg: No test for digest_null (digest_null-generic)
[    0.316497] alg: No test for compress_null (compress_null-generic)
[    0.317059] alg: No test for fcrypt (fcrypt-generic)
[    0.318471] alg: No test for stdrng (krng)
[    0.318568] async_tx: api initialized (async)
[    0.318724] Block layer SCSI generic (bsg) driver version 0.4 loaded (major 254)
[    0.318846] io scheduler noop registered
[    0.318949] io scheduler anticipatory registered
[    0.319046] io scheduler deadline registered
[    0.319180] io scheduler cfq registered (default)
[    0.319434] pcieport 0000:00:1c.0: irq 24 for MSI/MSI-X
[    0.319449] pcieport 0000:00:1c.0: setting latency timer to 64
[    0.319630] pcieport 0000:00:1c.1: irq 25 for MSI/MSI-X
[    0.319642] pcieport 0000:00:1c.1: setting latency timer to 64
[    0.319820] pcieport 0000:00:1c.2: irq 26 for MSI/MSI-X
[    0.319831] pcieport 0000:00:1c.2: setting latency timer to 64
[    0.320024] pcieport 0000:00:1c.3: irq 27 for MSI/MSI-X
[    0.320035] pcieport 0000:00:1c.3: setting latency timer to 64
[    0.320210] pcieport 0000:00:1c.4: irq 28 for MSI/MSI-X
[    0.320222] pcieport 0000:00:1c.4: setting latency timer to 64
[    0.320366] pci_hotplug: PCI Hot Plug PCI Core version: 0.5
[    0.320564] isapnp: Scanning for PnP cards...
[    0.681093] isapnp: No Plug & Play device found
[    0.681190] random 0000 0000 0000 5f8db4e5 4cfdf2a8: initializing
[    0.681192] RANDOM init_std_data for input now value: 1369925483681192573
[    0.681194] RANDOM init_std_data for blocking now value: 1369925483681194643
[    0.681196] RANDOM init_std_data for nonblocking now value: 1369925483681196477
[    0.700804] Serial: 8250/16550 driver, 4 ports, IRQ sharing enabled
[    3.711739] floppy0: no floppy controllers found
[    3.712697] brd: module loaded
[    3.713204] loop: module loaded
[    3.713291] Compaq SMART2 Driver (v 2.6.0)
[    3.713418] HP CISS Driver (v 3.6.20)
[    3.713662] input: Macintosh mouse button emulation as /devices/virtual/input/input0
[    3.713801] Uniform Multi-Platform E-IDE driver
[    3.714033] piix 0000:00:1f.1: IDE controller (0x8086:0x2850 rev 0x03)
[    3.714135] pci 0000:00:1f.1: PCI INT C -> GSI 16 (level, low) -> IRQ 16
[    3.714238] piix 0000:00:1f.1: IDE port disabled
[    3.714339] piix 0000:00:1f.1: not 100% native mode: will probe irqs later
[    3.714442]     ide0: BM-DMA at 0x1c00-0x1c07
[    3.714541] Probing IDE interface ide0...
[    4.385931] hda: HL-DT-ST DVDRAM GSA-U10N, ATAPI CD/DVD-ROM drive
[    4.692731] hda: host max PIO4 wanted PIO255(auto-tune) selected PIO4
[    4.693505] hda: UDMA/33 mode selected
[    4.693971] ide0 at 0x1f0-0x1f7,0x3f6 on irq 14
[    4.697889] ide-gd driver 1.18
[    4.697998] ide-cd driver 5.00
[    4.699393] random 0000 0000 0000 00000000 00000000: add_disk_randomness(0:0) 00000000 00000000
[    4.699397] random 0000 0000 0000 00000000 00000000: add_timer_randomness(.. 256) with jiffies: 5307288858578878075, cycles: 5307288854284206091
[    4.699400] random 0000 0000 0000 00000000 00000000: added 11 entropy credits to input
[    4.699404] ide-cd: hda: ATAPI 24X DVD-ROM DVD-R/RAM CD-R/RW drive, 2048kB Cache
[    4.699871] Uniform CD-ROM driver Revision: 3.20
[    4.702617] random 0011 0000 0000 00000000 00000000: add_disk_randomness(0:0) 00000000 00000000
[    4.702620] random 0011 0000 0000 00000000 00000000: add_timer_randomness(.. 256) with jiffies: 5336289534323424894, cycles: 5336289530028752907
[    4.702622] random 0011 0000 0000 00000000 00000000: added 1 entropy credits to input
[    4.702625] random 0012 0000 0000 00000000 00000000: add_disk_randomness(0:0) 00000000 00000000
[    4.702628] random 0012 0000 0000 00000000 00000000: add_timer_randomness(.. 256) with jiffies: 5336365928906718846, cycles: 5336365924612046859
[    4.704613] random 0012 0000 0000 00000000 00000000: add_disk_randomness(0:0) 00000000 00000000
[    4.704616] random 0012 0000 0000 00000000 00000000: add_timer_randomness(.. 256) with jiffies: 5354253849219268224, cycles: 5354253844924596235
[    4.704619] random 0012 0000 0000 00000000 00000000: added 1 entropy credits to input
[    4.704622] random 0013 0000 0000 00000000 00000000: add_disk_randomness(0:0) 00000000 00000000
[    4.704625] random 0013 0000 0000 00000000 00000000: add_timer_randomness(.. 256) with jiffies: 5354329341859430016, cycles: 5354329337564758027
[    4.706612] random 0013 0000 0000 00000000 00000000: add_disk_randomness(0:0) 00000000 00000000
[    4.706615] random 0013 0000 0000 00000000 00000000: add_timer_randomness(.. 256) with jiffies: 5372232101283987074, cycles: 5372232096989315083
[    4.706617] random 0013 0000 0000 00000000 00000000: added 1 entropy credits to input
[    4.706620] random 0014 0000 0000 00000000 00000000: add_disk_randomness(0:0) 00000000 00000000
[    4.706623] random 0014 0000 0000 00000000 00000000: add_timer_randomness(.. 256) with jiffies: 5372305656893898370, cycles: 5372305652599226379
[    4.706897] Loading iSCSI transport class v2.0-870.
[    4.707184] rdac: device handler registered
[    4.707272] hp_sw: device handler registered
[    4.707360] emc: device handler registered
[    4.707447] alua: device handler registered
[    4.708442] Adaptec aacraid driver 1.1-5[2461]-ms
[    4.708865] scsi: <fdomain> Detection failed (no card)
[    4.708960] sym53c416.c: Version 1.0.0-ac
[    4.709069] qlogicfas: no cards were found, please specify I/O address and IRQ using iobase= and irq= options
[    4.709198] QLogic Fibre Channel HBA Driver: 8.03.01-k6
[    4.709422] iscsi: registered transport (qla4xxx)
[    4.709531] QLogic iSCSI HBA Driver
[    4.709622] Emulex LightPulse Fibre Channel SCSI driver 8.3.4
[    4.709721] Copyright(c) 2004-2009 Emulex.  All rights reserved.
[    4.731716] Failed initialization of WD-7000 SCSI card!
[    4.821354] DC390: clustering now enabled by default. If you get problems load
[    4.821476]        with "disable_clustering=1" and report to maintainers
[    4.821609] megaraid cmm: 2.20.2.7 (Release Date: Sun Jul 16 00:01:03 EST 2006)
[    4.821767] megaraid: 2.20.5.1 (Release Date: Thu Nov 16 15:32:35 EST 2006)
[    4.821881] megasas: 00.00.04.01 Thu July 24 11:41:51 PST 2008
[    4.822014] GDT-HA: Storage RAID Controller Driver. Version: 3.05
[    4.822164] 3ware Storage Controller device driver for Linux v1.26.02.002.
[    4.822279] 3ware 9000 Storage Controller device driver for Linux v2.26.02.012.
[    4.822426] nsp32: loading...
[    4.822542] ipr: IBM Power RAID SCSI Device Driver version: 2.4.3 (June 10, 2009)
[    4.822686] RocketRAID 3xxx/4xxx Controller driver v1.6 (090910)
[    4.822803] stex: Promise SuperTrak EX Driver version: 4.6.0000.3
[    4.822937] st: Version 20081215, fixed bufsize 32768, s/g segs 256
[    4.823129] ahci 0000:00:1f.2: version 3.0
[    4.823142] ahci 0000:00:1f.2: PCI INT B -> GSI 16 (level, low) -> IRQ 16
[    4.823268] ahci 0000:00:1f.2: irq 29 for MSI/MSI-X
[    4.823328] ahci 0000:00:1f.2: AHCI 0001.0100 32 slots 3 ports 1.5 Gbps 0x5 impl SATA mode
[    4.823455] ahci 0000:00:1f.2: flags: 64bit ncq sntf pm led clo pio slum part ccc 
[    4.823583] ahci 0000:00:1f.2: setting latency timer to 64
[    4.823740] scsi2 : ahci
[    4.823898] scsi3 : ahci
[    4.824047] scsi4 : ahci
[    4.824213] ata1: SATA max UDMA/133 abar m2048@0xfe226000 port 0xfe226100 irq 29
[    4.824336] ata2: DUMMY
[    4.824423] ata3: SATA max UDMA/133 abar m2048@0xfe226000 port 0xfe226200 irq 29
[    4.825037] I2O subsystem v1.325
[    4.825129] i2o: max drivers = 8
[    4.825274] I2O Configuration OSM v1.323
[    4.825390] I2O Bus Adapter OSM v1.317
[    4.825494] I2O Block Device OSM v1.325
[    4.825648] I2O SCSI Peripheral OSM v1.316
[    4.825805] I2O ProcFS OSM v1.316
[    4.825915] Fusion MPT base driver 3.04.12
[    4.826002] Copyright (c) 1999-2008 LSI Corporation
[    4.826090] Fusion MPT SPI Host driver 3.04.12
[    4.826199] Fusion MPT FC Host driver 3.04.12
[    4.826316] Fusion MPT SAS Host driver 3.04.12
[    4.826469] ohci1394 0000:15:00.1: PCI INT B -> GSI 17 (level, low) -> IRQ 17
[    4.826566] ohci1394 0000:15:00.1: setting latency timer to 64
[    4.879730] ohci1394: fw-host0: OHCI-1394 1.1 (PCI): IRQ=[17]  MMIO=[f8301000-f83017ff]  Max Packet=[2048]  IR/IT contexts=[4/4]
[    4.882997] ehci_hcd: USB 2.0 'Enhanced' Host Controller (EHCI) Driver
[    4.883279] ehci_hcd 0000:00:1a.7: power state changed by ACPI to D0
[    4.883526] ehci_hcd 0000:00:1a.7: power state changed by ACPI to D0
[    4.883623] ehci_hcd 0000:00:1a.7: PCI INT C -> GSI 22 (level, low) -> IRQ 22
[    4.883725] ehci_hcd 0000:00:1a.7: setting latency timer to 64
[    4.883730] ehci_hcd 0000:00:1a.7: EHCI Host Controller
[    4.883871] ehci_hcd 0000:00:1a.7: new USB bus registered, assigned bus number 1
[    4.887915] ehci_hcd 0000:00:1a.7: cache line size of 32 is not supported
[    4.887924] ehci_hcd 0000:00:1a.7: irq 22, io mem 0xfe226c00
[    4.897693] ehci_hcd 0000:00:1a.7: USB 2.0 started, EHCI 1.00
[    4.897798] usb usb1: New USB device found, idVendor=1d6b, idProduct=0002
[    4.897888] usb usb1: New USB device strings: Mfr=3, Product=2, SerialNumber=1
[    4.898019] usb usb1: Product: EHCI Host Controller
[    4.898112] usb usb1: Manufacturer: Linux 2.6.32.57 ehci_hcd
[    4.898202] usb usb1: SerialNumber: 0000:00:1a.7
[    4.898349] usb usb1: configuration #1 chosen from 1 choice
[    4.898475] hub 1-0:1.0: USB hub found
[    4.898573] hub 1-0:1.0: 4 ports detected
[    4.898869] ehci_hcd 0000:00:1d.7: power state changed by ACPI to D0
[    4.899146] ehci_hcd 0000:00:1d.7: power state changed by ACPI to D0
[    4.899247] ehci_hcd 0000:00:1d.7: PCI INT D -> GSI 19 (level, low) -> IRQ 19
[    4.899348] ehci_hcd 0000:00:1d.7: setting latency timer to 64
[    4.899351] ehci_hcd 0000:00:1d.7: EHCI Host Controller
[    4.899487] ehci_hcd 0000:00:1d.7: new USB bus registered, assigned bus number 2
[    4.899640] ehci_hcd 0000:00:1d.7: debug port 1
[    4.903632] ehci_hcd 0000:00:1d.7: cache line size of 32 is not supported
[    4.903641] ehci_hcd 0000:00:1d.7: irq 19, io mem 0xfe227000
[    4.913693] ehci_hcd 0000:00:1d.7: USB 2.0 started, EHCI 1.00
[    4.913803] usb usb2: New USB device found, idVendor=1d6b, idProduct=0002
[    4.913898] usb usb2: New USB device strings: Mfr=3, Product=2, SerialNumber=1
[    4.914019] usb usb2: Product: EHCI Host Controller
[    4.914108] usb usb2: Manufacturer: Linux 2.6.32.57 ehci_hcd
[    4.914195] usb usb2: SerialNumber: 0000:00:1d.7
[    4.914334] usb usb2: configuration #1 chosen from 1 choice
[    4.914453] hub 2-0:1.0: USB hub found
[    4.914544] hub 2-0:1.0: 6 ports detected
[    4.914725] 116x: driver isp116x-hcd, 03 Nov 2005
[    4.914829] ohci_hcd: USB 1.1 'Open' Host Controller (OHCI) Driver
[    4.914941] uhci_hcd: USB Universal Host Controller Interface driver
[    4.915051] uhci_hcd 0000:00:1a.0: PCI INT A -> GSI 20 (level, low) -> IRQ 20
[    4.915145] uhci_hcd 0000:00:1a.0: setting latency timer to 64
[    4.915150] uhci_hcd 0000:00:1a.0: UHCI Host Controller
[    4.915278] uhci_hcd 0000:00:1a.0: new USB bus registered, assigned bus number 3
[    4.915430] uhci_hcd 0000:00:1a.0: irq 20, io base 0x00001860
[    4.915545] usb usb3: New USB device found, idVendor=1d6b, idProduct=0001
[    4.915636] usb usb3: New USB device strings: Mfr=3, Product=2, SerialNumber=1
[    4.915765] usb usb3: Product: UHCI Host Controller
[    4.915855] usb usb3: Manufacturer: Linux 2.6.32.57 uhci_hcd
[    4.915948] usb usb3: SerialNumber: 0000:00:1a.0
[    4.916090] usb usb3: configuration #1 chosen from 1 choice
[    4.916205] hub 3-0:1.0: USB hub found
[    4.916295] hub 3-0:1.0: 2 ports detected
[    4.916589] uhci_hcd 0000:00:1a.1: power state changed by ACPI to D0
[    4.916847] uhci_hcd 0000:00:1a.1: power state changed by ACPI to D0
[    4.916942] uhci_hcd 0000:00:1a.1: PCI INT B -> GSI 21 (level, low) -> IRQ 21
[    4.917044] uhci_hcd 0000:00:1a.1: setting latency timer to 64
[    4.917047] uhci_hcd 0000:00:1a.1: UHCI Host Controller
[    4.917170] uhci_hcd 0000:00:1a.1: new USB bus registered, assigned bus number 4
[    4.917319] uhci_hcd 0000:00:1a.1: irq 21, io base 0x00001880
[    4.917432] usb usb4: New USB device found, idVendor=1d6b, idProduct=0001
[    4.917525] usb usb4: New USB device strings: Mfr=3, Product=2, SerialNumber=1
[    4.917645] usb usb4: Product: UHCI Host Controller
[    4.917749] usb usb4: Manufacturer: Linux 2.6.32.57 uhci_hcd
[    4.917838] usb usb4: SerialNumber: 0000:00:1a.1
[    4.917972] usb usb4: configuration #1 chosen from 1 choice
[    4.918094] hub 4-0:1.0: USB hub found
[    4.918184] hub 4-0:1.0: 2 ports detected
[    4.918492] uhci_hcd 0000:00:1d.0: power state changed by ACPI to D0
[    4.918754] uhci_hcd 0000:00:1d.0: power state changed by ACPI to D0
[    4.918855] uhci_hcd 0000:00:1d.0: PCI INT A -> GSI 16 (level, low) -> IRQ 16
[    4.918948] uhci_hcd 0000:00:1d.0: setting latency timer to 64
[    4.918953] uhci_hcd 0000:00:1d.0: UHCI Host Controller
[    4.919085] uhci_hcd 0000:00:1d.0: new USB bus registered, assigned bus number 5
[    4.919236] uhci_hcd 0000:00:1d.0: irq 16, io base 0x000018a0
[    4.919350] usb usb5: New USB device found, idVendor=1d6b, idProduct=0001
[    4.919442] usb usb5: New USB device strings: Mfr=3, Product=2, SerialNumber=1
[    4.919565] usb usb5: Product: UHCI Host Controller
[    4.919659] usb usb5: Manufacturer: Linux 2.6.32.57 uhci_hcd
[    4.919756] usb usb5: SerialNumber: 0000:00:1d.0
[    4.919900] usb usb5: configuration #1 chosen from 1 choice
[    4.920018] hub 5-0:1.0: USB hub found
[    4.920119] hub 5-0:1.0: 2 ports detected
[    4.920262] uhci_hcd 0000:00:1d.1: PCI INT B -> GSI 17 (level, low) -> IRQ 17
[    4.920359] uhci_hcd 0000:00:1d.1: setting latency timer to 64
[    4.920363] uhci_hcd 0000:00:1d.1: UHCI Host Controller
[    4.920488] uhci_hcd 0000:00:1d.1: new USB bus registered, assigned bus number 6
[    4.920639] uhci_hcd 0000:00:1d.1: irq 17, io base 0x000018c0
[    4.920758] usb usb6: New USB device found, idVendor=1d6b, idProduct=0001
[    4.920849] usb usb6: New USB device strings: Mfr=3, Product=2, SerialNumber=1
[    4.920975] usb usb6: Product: UHCI Host Controller
[    4.921063] usb usb6: Manufacturer: Linux 2.6.32.57 uhci_hcd
[    4.921161] usb usb6: SerialNumber: 0000:00:1d.1
[    4.921303] usb usb6: configuration #1 chosen from 1 choice
[    4.921421] hub 6-0:1.0: USB hub found
[    4.921508] hub 6-0:1.0: 2 ports detected
[    4.921805] uhci_hcd 0000:00:1d.2: power state changed by ACPI to D0
[    4.922045] uhci_hcd 0000:00:1d.2: power state changed by ACPI to D0
[    4.922146] uhci_hcd 0000:00:1d.2: PCI INT C -> GSI 18 (level, low) -> IRQ 18
[    4.922256] uhci_hcd 0000:00:1d.2: setting latency timer to 64
[    4.922261] uhci_hcd 0000:00:1d.2: UHCI Host Controller
[    4.922387] uhci_hcd 0000:00:1d.2: new USB bus registered, assigned bus number 7
[    4.922546] uhci_hcd 0000:00:1d.2: irq 18, io base 0x000018e0
[    4.922662] usb usb7: New USB device found, idVendor=1d6b, idProduct=0001
[    4.922768] usb usb7: New USB device strings: Mfr=3, Product=2, SerialNumber=1
[    4.922891] usb usb7: Product: UHCI Host Controller
[    4.922981] usb usb7: Manufacturer: Linux 2.6.32.57 uhci_hcd
[    4.923072] usb usb7: SerialNumber: 0000:00:1d.2
[    4.923860] usb usb7: configuration #1 chosen from 1 choice
[    4.923979] hub 7-0:1.0: USB hub found
[    4.924067] hub 7-0:1.0: 2 ports detected
[    4.924227] sl811: driver sl811-hcd, 19 May 2005
[    4.924335] r8a66597_hcd: driver r8a66597_hcd, 2009-05-26
[    4.924504] Initializing USB Mass Storage driver...
[    4.924632] usbcore: registered new interface driver usb-storage
[    4.924730] USB Mass Storage support registered.
[    4.924837] usbcore: registered new interface driver ums-alauda
[    4.924943] usbcore: registered new interface driver ums-cypress
[    4.925054] usbcore: registered new interface driver ums-datafab
[    4.925160] usbcore: registered new interface driver ums-freecom
[    4.925266] usbcore: registered new interface driver ums-isd200
[    4.925373] usbcore: registered new interface driver ums-jumpshot
[    4.925485] usbcore: registered new interface driver ums-karma
[    4.925597] usbcore: registered new interface driver ums-onetouch
[    4.925721] usbcore: registered new interface driver ums-sddr09
[    4.925833] usbcore: registered new interface driver ums-sddr55
[    4.925941] usbcore: registered new interface driver ums-usbat
[    4.926090] PNP: PS/2 Controller [PNP0303:KBD,PNP0f13:MOU] at 0x60,0x64 irq 1,12
[    4.934562] serio: i8042 KBD port at 0x60,0x64 irq 1
[    4.934653] serio: i8042 AUX port at 0x60,0x64 irq 12
[    4.934899] mice: PS/2 mouse device common for all mice
[    4.935011] i2c /dev entries driver
[    4.935143] md: linear personality registered for level -1
[    4.935233] md: raid0 personality registered for level 0
[    4.935325] md: raid1 personality registered for level 1
[    4.935412] md: raid10 personality registered for level 10
[    4.935504] md: raid6 personality registered for level 6
[    4.935594] md: raid5 personality registered for level 5
[    4.935703] md: raid4 personality registered for level 4
[    4.935796] md: multipath personality registered for level -4
[    4.935983] device-mapper: ioctl: 4.15.0-ioctl (2009-04-01) initialised: dm-devel@redhat.com
[    4.936189] cpuidle: using governor ladder
[    4.936806] usbcore: registered new interface driver usbhid
[    4.936899] usbhid: v2.6:USB HID core driver
[    4.937047] random 0014 0000 0000 00000000 00000000: rand_read_num 4 get_random_bytes(136): sig 00000000 00000000 00000000
[    4.937050] random 0014 0000 0000 00000000 00000000: extract_entropy(.. 136 ..)
[    4.937052] random 0014 0000 0000 00000000 00000000: going to reseed nonblocking with 1024 bits (1088 of 0 requested)
[    4.937055] random 0014 0000 0000 00000000 00000000: extract_entropy(.. 128 ..)
[    4.937057] random 0014 0000 0000 00000000 00000000: trying to extract 1024 bits from input
[    4.937059] random 0014 0000 0000 00000000 00000000: debiting 0 entropy credits from input
[    4.937061] random 0014 0000 0000 00000000 00000000: extract_entropy account returned: 0 
[    4.937064] random 0014 0000 0000 00000000 00000000: urand_change_num 7 xfer_secondary_pool(136): pool_sig 00000000, data_sig 00000000, bytes_mixed 0 00000000 00000000
[    4.937067] random 0014 0000 0000 00000000 00000000: trying to extract 1088 bits from nonblocking
[    4.937070] random 0014 0000 0000 00000000 00000000: debiting 1088 entropy credits from nonblocking (unlimited)
[    4.937072] random 0014 0000 0000 00000000 00000000: extract_entropy account returned: 136 
[    4.937076] random 0014 0000 0000 00000000 00000000: urand_change_num 8 extract_buf: pool_sig 00000000, data_sig fffffff9, bytes_mixed 20 00000000 00000000
[    4.937082] random 0014 0000 0000 b7c35b56 be4dc95d: urand_change_num 9 extract_buf: pool_sig fffffd1e, data_sig 000000c5, bytes_mixed 20 b7c35b56 be4dc95d
[    4.937087] random 0014 0000 0000 ed9f5c47 c48487fb: urand_change_num 10 extract_buf: pool_sig fffff8ec, data_sig ffffff68, bytes_mixed 20 ed9f5c47 c48487fb
[    4.937092] random 0014 0000 0000 ed9f5c47 c48487fb: urand_change_num 11 extract_buf: pool_sig fffffaed, data_sig 000001aa, bytes_mixed 20 ed9f5c47 c48487fb
[    4.937098] random 0014 0000 0000 1b4f7c0a 91bd6a48: urand_change_num 12 extract_buf: pool_sig fffffdd8, data_sig 00000064, bytes_mixed 20 1b4f7c0a 91bd6a48
[    4.937103] random 0014 0000 0000 a254b9bc 20e9a24f: urand_change_num 13 extract_buf: pool_sig fffffbe6, data_sig 000001dd, bytes_mixed 20 a254b9bc 20e9a24f
[    4.937108] random 0014 0000 0000 a254b9bc 20e9a24f: urand_change_num 14 extract_buf: pool_sig fffff940, data_sig fffffe20, bytes_mixed 20 a254b9bc 20e9a24f
[    4.937113] random 0014 0000 0000 2831a66b 5fa2a3ad: urand_change_num 15 extract_buf: pool_sig fffffbce, data_sig 0000007e, bytes_mixed 20 2831a66b 5fa2a3ad
[    4.937119] random 0014 0000 0000 2831a66b 5fa2a3ad: urand_change_num 16 extract_buf: pool_sig 000004df, data_sig fffffe8f, bytes_mixed 20 2831a66b 5fa2a3ad
[    4.937124] random 0014 0000 0000 d4512bfd c9a54e0b: urand_change_num 17 extract_buf: pool_sig 00000485, data_sig fffffe68, bytes_mixed 20 d4512bfd c9a54e0b
[    4.937129] random 0014 0000 0000 c7371be6 f9ffea11: urand_change_num 18 extract_buf: pool_sig 00000095, data_sig ffffffed, bytes_mixed 20 c7371be6 f9ffea11
[    4.937134] random 0014 0000 0000 c7371be6 f9ffea11: urand_change_num 19 extract_buf: pool_sig 000003a7, data_sig fffffefa, bytes_mixed 20 c7371be6 f9ffea11
[    4.937139] random 0014 0000 0000 8fb4b62c d1ddba54: urand_change_num 20 extract_buf: pool_sig 00000179, data_sig ffffff78, bytes_mixed 20 8fb4b62c d1ddba54
[    4.937145] random 0014 0000 0000 9ff19f9c c07a1d2a: urand_change_num 21 extract_buf: pool_sig fffffe88, data_sig 00000126, bytes_mixed 20 9ff19f9c c07a1d2a
[    4.937149] TCP cubic registered
[    4.937235] Initializing XFRM netlink socket
[    4.937326] NET: Registered protocol family 17
[    4.937432] Using IPI Shortcut mode
[    4.937518] random 0014 0000 0000 9ff19f9c c07a1d2a: rand_read_num 5 get_random_bytes(8): sig 0000031b 9ff19f9c c07a1d2a
[    4.937520] random 0014 0000 0000 9ff19f9c c07a1d2a: extract_entropy(.. 8 ..)
[    4.937523] random 0014 0000 0000 9ff19f9c c07a1d2a: going to reseed nonblocking with 64 bits (64 of 0 requested)
[    4.937525] random 0014 0000 0000 9ff19f9c c07a1d2a: extract_entropy(.. 8 ..)
[    4.937527] random 0014 0000 0000 9ff19f9c c07a1d2a: trying to extract 64 bits from input
[    4.937529] random 0014 0000 0000 9ff19f9c c07a1d2a: debiting 0 entropy credits from input
[    4.937531] random 0014 0000 0000 9ff19f9c c07a1d2a: extract_entropy account returned: 0 
[    4.937534] random 0014 0000 0000 9ff19f9c c07a1d2a: urand_change_num 22 xfer_secondary_pool(8): pool_sig 0000031b, data_sig 00000000, bytes_mixed 0 9ff19f9c c07a1d2a
[    4.937537] random 0014 0000 0000 9ff19f9c c07a1d2a: trying to extract 64 bits from nonblocking
[    4.937540] random 0014 0000 0000 9ff19f9c c07a1d2a: debiting 64 entropy credits from nonblocking (unlimited)
[    4.937542] random 0014 0000 0000 9ff19f9c c07a1d2a: extract_entropy account returned: 8 
[    4.937546] random 0014 0000 0000 9ff19f9c c07a1d2a: urand_change_num 23 extract_buf: pool_sig 0000031b, data_sig ffffffb3, bytes_mixed 20 9ff19f9c c07a1d2a
[    4.940285] input: AT Translated Set 2 keyboard as /devices/platform/i8042/serio0/input/input1
[    5.130703] ata1: SATA link up 1.5 Gbps (SStatus 113 SControl 300)
[    5.130810] ata3: SATA link down (SStatus 0 SControl 300)
[    5.133540] ata1.00: ACPI cmd ef/02:00:00:00:00:a0 (SET FEATURES) succeeded
[    5.133543] ata1.00: ACPI cmd f5/00:00:00:00:00:a0 (SECURITY FREEZE LOCK) filtered out
[    5.134938] ata1.00: ACPI cmd ef/5f:00:00:00:00:a0 (SET FEATURES) succeeded
[    5.134941] ata1.00: ACPI cmd ef/10:03:00:00:00:a0 (SET FEATURES) filtered out
[    5.136848] ata1.00: ATA-7: ST910021AS, 4.06, max UDMA/100
[    5.136940] ata1.00: 195371568 sectors, multi 16: LBA48 
[    5.139087] ata1.00: ACPI cmd ef/02:00:00:00:00:a0 (SET FEATURES) succeeded
[    5.139090] ata1.00: ACPI cmd f5/00:00:00:00:00:a0 (SECURITY FREEZE LOCK) filtered out
[    5.140480] ata1.00: ACPI cmd ef/5f:00:00:00:00:a0 (SET FEATURES) succeeded
[    5.140483] ata1.00: ACPI cmd ef/10:03:00:00:00:a0 (SET FEATURES) filtered out
[    5.142406] ata1.00: configured for UDMA/100
[    5.152750] scsi 2:0:0:0: Direct-Access     ATA      ST910021AS       4.06 PQ: 0 ANSI: 5
[    5.153034] sd 2:0:0:0: [sda] 195371568 512-byte logical blocks: (100 GB/93.1 GiB)
[    5.153177] sd 2:0:0:0: [sda] Write Protect is off
[    5.153266] sd 2:0:0:0: [sda] Mode Sense: 00 3a 00 00
[    5.153279] sd 2:0:0:0: [sda] Write cache: enabled, read cache: enabled, doesn't support DPO or FUA
[    5.153471]  sda:
[    5.217683] usb 2-1: new high speed USB device using ehci_hcd and address 2
[    5.354170] usb 2-1: New USB device found, idVendor=0e8d, idProduct=1806
[    5.354256] usb 2-1: New USB device strings: Mfr=1, Product=2, SerialNumber=3
[    5.354344] usb 2-1: Product: MT1806 
[    5.354430] usb 2-1: Manufacturer: MediaTek Inc
[    5.354516] usb 2-1: SerialNumber: R8KN6GAC800AEB 
[    5.354649] usb 2-1: configuration #1 chosen from 1 choice
[    5.358213] scsi5 : SCSI emulation for USB Mass Storage devices
[    5.358377] usb-storage: device found at 2
[    5.358378] usb-storage: waiting for device to settle before scanning
[    5.556479] random 0014 0000 0000 277f73c3 42024bb9: add_disk_randomness(8:0) 277f73c3 42024bb9
[    5.556482] random 0014 0000 0000 277f73c3 42024bb9: add_timer_randomness(.. 8388864) with jiffies: 13018212832439402875, cycles: -5428531245564821493
[    5.556485] random 0014 0000 0000 277f73c3 42024bb9: added 11 entropy credits to input
[    5.556490]  sda1 sda2
[    5.557049] random 0025 0000 0000 277f73c3 42024bb9: add_disk_randomness(8:0) 277f73c3 42024bb9
[    5.557052] random 0025 0000 0000 277f73c3 42024bb9: add_timer_randomness(.. 8388864) with jiffies: 13023334787098313084, cycles: -5423409290905911285
[    5.557207] sd 2:0:0:0: [sda] Attached SCSI disk
[    5.557300] random 0025 0000 0000 277f73c3 42024bb9: rand_read_num 6 get_random_bytes(12): sig 000007e9 277f73c3 42024bb9
[    5.557303] random 0025 0000 0000 277f73c3 42024bb9: extract_entropy(.. 12 ..)
[    5.557305] random 0025 0000 0000 277f73c3 42024bb9: going to reseed nonblocking with 96 bits (96 of 0 requested)
[    5.557308] random 0025 0000 0000 277f73c3 42024bb9: extract_entropy(.. 12 ..)
[    5.557310] random 0025 0000 0000 277f73c3 42024bb9: trying to extract 96 bits from input
[    5.557312] random 0025 0000 0000 277f73c3 42024bb9: debiting 0 entropy credits from input
[    5.557314] random 0025 0000 0000 277f73c3 42024bb9: extract_entropy account returned: 0 
[    5.557317] random 0025 0000 0000 277f73c3 42024bb9: urand_change_num 24 xfer_secondary_pool(12): pool_sig 000007e9, data_sig 00000000, bytes_mixed 0 277f73c3 42024bb9
[    5.557320] random 0025 0000 0000 277f73c3 42024bb9: trying to extract 96 bits from nonblocking
[    5.557322] random 0025 0000 0000 277f73c3 42024bb9: debiting 96 entropy credits from nonblocking (unlimited)
[    5.557324] random 0025 0000 0000 277f73c3 42024bb9: extract_entropy account returned: 12 
[    5.557329] random 0025 0000 0000 277f73c3 42024bb9: urand_change_num 25 extract_buf: pool_sig 000007e9, data_sig 00000088, bytes_mixed 20 277f73c3 42024bb9
[    5.557334] random 0025 0000 0000 277f73c3 42024bb9: urand_change_num 26 extract_buf: pool_sig 00000498, data_sig fffffefb, bytes_mixed 20 277f73c3 42024bb9
[    5.557337] RANDOM - __seed init called.
[    5.557338] RANDOM - __seed init called.
[    5.557339] RANDOM - __seed init called.
[    5.557341] RANDOM - __random32 called. Change num 12.  Value: 87f14767	f0d7351	b1e48bd3
[    5.557343] RANDOM - random32_reseed called.  Value: 87f14767	f0d7351	b1e48bd3
[    5.557345] Pid: 1, comm: swapper Not tainted 2.6.32.57 #6
[    5.557435] Call Trace:
[    5.557524]  [<c1923ca4>] ? random32_reseed+0xa0/0xb1
[    5.557613]  [<c1923c04>] ? random32_reseed+0x0/0xb1
[    5.557710]  [<c100111e>] ? do_one_initcall+0x2e/0x180
[    5.557801]  [<c1907265>] ? kernel_init+0xad/0x103
[    5.557899]  [<c19071b8>] ? kernel_init+0x0/0x103
[    5.557990]  [<c1003787>] ? kernel_thread_helper+0x7/0x10
[    5.558527] random 0025 0000 0000 386b4e60 ee4d4880: rand_read_num 7 get_random_bytes(64): sig fffffea5 386b4e60 ee4d4880
[    5.558530] random 0025 0000 0000 386b4e60 ee4d4880: extract_entropy(.. 64 ..)
[    5.558532] random 0025 0000 0000 386b4e60 ee4d4880: going to reseed nonblocking with 512 bits (512 of 0 requested)
[    5.558535] random 0025 0000 0000 386b4e60 ee4d4880: extract_entropy(.. 64 ..)
[    5.558537] random 0025 0000 0000 386b4e60 ee4d4880: trying to extract 512 bits from input
[    5.558539] random 0025 0000 0000 386b4e60 ee4d4880: debiting 0 entropy credits from input
[    5.558541] random 0025 0000 0000 386b4e60 ee4d4880: extract_entropy account returned: 0 
[    5.558544] random 0025 0000 0000 386b4e60 ee4d4880: urand_change_num 27 xfer_secondary_pool(64): pool_sig fffffea5, data_sig 00000000, bytes_mixed 0 386b4e60 ee4d4880
[    5.558547] random 0025 0000 0000 386b4e60 ee4d4880: trying to extract 512 bits from nonblocking
[    5.558549] random 0025 0000 0000 386b4e60 ee4d4880: debiting 512 entropy credits from nonblocking (unlimited)
[    5.558552] random 0025 0000 0000 386b4e60 ee4d4880: extract_entropy account returned: 64 
[    5.558556] random 0025 0000 0000 386b4e60 ee4d4880: urand_change_num 28 extract_buf: pool_sig fffffea5, data_sig 00000173, bytes_mixed 20 386b4e60 ee4d4880
[    5.558561] random 0025 0000 0000 412698f6 0cc8689a: urand_change_num 29 extract_buf: pool_sig 00000122, data_sig ffffff63, bytes_mixed 20 412698f6 0cc8689a
[    5.558567] random 0025 0000 0000 412698f6 0cc8689a: urand_change_num 30 extract_buf: pool_sig 000001f7, data_sig 00000012, bytes_mixed 20 412698f6 0cc8689a
[    5.558572] random 0025 0000 0000 9669941e 06f768b1: urand_change_num 31 extract_buf: pool_sig fffffb5b, data_sig 0000003f, bytes_mixed 20 9669941e 06f768b1
[    5.558577] random 0025 0000 0000 98486520 995551f0: urand_change_num 32 extract_buf: pool_sig fffffb39, data_sig 0000000e, bytes_mixed 20 98486520 995551f0
[    5.558582] random 0025 0000 0000 98486520 995551f0: urand_change_num 33 extract_buf: pool_sig fffffd8d, data_sig 000001a6, bytes_mixed 20 98486520 995551f0
[    5.558588] random 0025 0000 0000 61fc8914 d5882ed2: urand_change_num 34 extract_buf: pool_sig fffffa58, data_sig 0000023e, bytes_mixed 20 61fc8914 d5882ed2
[    5.558617] random 0025 0000 0000 61fc8914 d5882ed2: rand_read_num 8 get_random_bytes(64): sig fffff9ee 61fc8914 d5882ed2
[    5.558620] random 0025 0000 0000 61fc8914 d5882ed2: extract_entropy(.. 64 ..)
[    5.558622] random 0025 0000 0000 61fc8914 d5882ed2: going to reseed nonblocking with 512 bits (512 of 0 requested)
[    5.558624] random 0025 0000 0000 61fc8914 d5882ed2: extract_entropy(.. 64 ..)
[    5.558626] random 0025 0000 0000 61fc8914 d5882ed2: trying to extract 512 bits from input
[    5.558629] random 0025 0000 0000 61fc8914 d5882ed2: debiting 0 entropy credits from input
[    5.558631] random 0025 0000 0000 61fc8914 d5882ed2: extract_entropy account returned: 0 
[    5.558634] random 0025 0000 0000 61fc8914 d5882ed2: urand_change_num 35 xfer_secondary_pool(64): pool_sig fffff9ee, data_sig 00000000, bytes_mixed 0 61fc8914 d5882ed2
[    5.558637] random 0025 0000 0000 61fc8914 d5882ed2: trying to extract 512 bits from nonblocking
[    5.558639] random 0025 0000 0000 61fc8914 d5882ed2: debiting 512 entropy credits from nonblocking (unlimited)
[    5.558641] random 0025 0000 0000 61fc8914 d5882ed2: extract_entropy account returned: 64 
[    5.558645] random 0025 0000 0000 61fc8914 d5882ed2: urand_change_num 36 extract_buf: pool_sig fffff9ee, data_sig ffffff85, bytes_mixed 20 61fc8914 d5882ed2
[    5.558651] random 0025 0000 0000 70cfd302 e5edec11: urand_change_num 37 extract_buf: pool_sig fffffdc1, data_sig ffffffde, bytes_mixed 20 70cfd302 e5edec11
[    5.558656] random 0025 0000 0000 00dab838 eafd2b30: urand_change_num 38 extract_buf: pool_sig 000003da, data_sig ffffff61, bytes_mixed 20 00dab838 eafd2b30
[    5.558661] random 0025 0000 0000 00dab838 eafd2b30: urand_change_num 39 extract_buf: pool_sig 00000314, data_sig 00000121, bytes_mixed 20 00dab838 eafd2b30
[    5.558670] random 0025 0000 0000 5fcdf66a 6442b608: urand_change_num 40 extract_buf: pool_sig 0000028b, data_sig fffffefd, bytes_mixed 20 5fcdf66a 6442b608
[    5.558675] random 0025 0000 0000 61333f6b 8fae0f9b: urand_change_num 41 extract_buf: pool_sig 000000cb, data_sig 000000b3, bytes_mixed 20 61333f6b 8fae0f9b
[    5.558680] random 0025 0000 0000 61333f6b 8fae0f9b: urand_change_num 42 extract_buf: pool_sig fffffef8, data_sig 00000051, bytes_mixed 20 61333f6b 8fae0f9b
[    5.558683] BEGIN NET_SECRET:
[    5.558684] \xffffffe0
[    5.558685] \xffffffb6
[    5.558686] \x36
[    5.558687] \xffffffb5
[    5.558687] \xffffff94
[    5.558688] \xffffffb2
[    5.558689] \xffffffa8
[    5.558690] \xffffffda
[    5.558691] \x5b
[    5.558691] \x19
[    5.558692] \x18
[    5.558693] \x5c
[    5.558694] \x2b
[    5.558694] \x1
[    5.558695] \xffffff90
[    5.558696] \x19
[    5.558697] \x3c
[    5.558697] \xfffffff2
[    5.558698] \xffffff82
[    5.558699] \x2a
[    5.558700] \xffffffb3
[    5.558701] \xffffffa2
[    5.558701] \x3f
[    5.558702] \x5
[    5.558703] \x52
[    5.558704] \x77
[    5.558704] \x57
[    5.558705] \x79
[    5.558706] \x16
[    5.558706] \x43
[    5.558707] \xffffff84
[    5.558708] \xffffffc3
[    5.558709] \xffffffe9
[    5.558710] \x79
[    5.558710] \x50
[    5.558711] \xffffff8e
[    5.558712] \x3f
[    5.558713] \xfffffff3
[    5.558713] \x19
[    5.558714] \x2a
[    5.558715] \xfffffffd
[    5.558716] \xfffffffb
[    5.558717] \x62
[    5.558717] \x3c
[    5.558718] \xffffffac
[    5.558719] \x1c
[    5.558720] \x3b
[    5.558720] \x3b
[    5.558721] \x15
[    5.558722] \x27
[    5.558722] \xffffffa8
[    5.558723] \x22
[    5.558724] \xffffffc5
[    5.558725] \xffffff9a
[    5.558726] \x5
[    5.558726] \x6c
[    5.558727] \xffffffa8
[    5.558728] \x3a
[    5.558729] \x44
[    5.558729] \xffffffaf
[    5.558730] \x13
[    5.558731] \xffffffe0
[    5.558732] \xffffff9d
[    5.558733] \x22
[    5.558733] 
[    5.558734] END NET_SECRET
[    5.558737] random 0025 0000 0000 e7f555d9 e8ce5c3c: rand_read_num 9 get_random_bytes(4): sig 0000068c e7f555d9 e8ce5c3c
[    5.558739] random 0025 0000 0000 e7f555d9 e8ce5c3c: extract_entropy(.. 4 ..)
[    5.558741] random 0025 0000 0000 e7f555d9 e8ce5c3c: going to reseed nonblocking with 64 bits (32 of 0 requested)
[    5.558744] random 0025 0000 0000 e7f555d9 e8ce5c3c: extract_entropy(.. 8 ..)
[    5.558746] random 0025 0000 0000 e7f555d9 e8ce5c3c: trying to extract 64 bits from input
[    5.558748] random 0025 0000 0000 e7f555d9 e8ce5c3c: debiting 0 entropy credits from input
[    5.558750] random 0025 0000 0000 e7f555d9 e8ce5c3c: extract_entropy account returned: 0 
[    5.558753] random 0025 0000 0000 e7f555d9 e8ce5c3c: urand_change_num 43 xfer_secondary_pool(4): pool_sig 0000068c, data_sig 00000000, bytes_mixed 0 e7f555d9 e8ce5c3c
[    5.558756] random 0025 0000 0000 e7f555d9 e8ce5c3c: trying to extract 32 bits from nonblocking
[    5.558758] random 0025 0000 0000 e7f555d9 e8ce5c3c: debiting 32 entropy credits from nonblocking (unlimited)
[    5.558760] random 0025 0000 0000 e7f555d9 e8ce5c3c: extract_entropy account returned: 4 
[    5.558765] random 0025 0000 0000 e7f555d9 e8ce5c3c: urand_change_num 44 extract_buf: pool_sig 0000068c, data_sig fffffdcb, bytes_mixed 20 e7f555d9 e8ce5c3c
[    5.558776] md: Waiting for all devices to be available before autodetect
[    5.558867] md: If you don't use raid, use raid=noautodetect
[    5.559029] md: Autodetecting RAID arrays.
[    5.559125] md: Scanned 0 and added 0 devices.
[    5.559212] md: autorun ...
[    5.559299] md: ... autorun DONE.
[    5.572689] random 0025 0000 0000 e7f555d9 e8ce5c3c: add_disk_randomness(8:0) e7f555d9 e8ce5c3c
[    5.572692] random 0025 0000 0000 e7f555d9 e8ce5c3c: add_timer_randomness(.. 8388864) with jiffies: 13164039358824284556, cycles: -5282704719179939829
[    5.572695] random 0025 0000 0000 e7f555d9 e8ce5c3c: added 3 entropy credits to input
[    5.573812] random 0028 0000 0000 e7f555d9 e8ce5c3c: add_disk_randomness(8:0) e7f555d9 e8ce5c3c
[    5.573816] random 0028 0000 0000 e7f555d9 e8ce5c3c: add_timer_randomness(.. 8388864) with jiffies: 13174149647414559117, cycles: -5272594430589665269
[    5.573929] random 0028 0000 0000 e7f555d9 e8ce5c3c: add_disk_randomness(8:0) e7f555d9 e8ce5c3c
[    5.573932] random 0028 0000 0000 e7f555d9 e8ce5c3c: add_timer_randomness(.. 8388864) with jiffies: 13175202936604295565, cycles: -5271541141399928821
[    5.573938] EXT3-fs: sda2: couldn't mount because of unsupported optional features (240).
[    5.574163] random 0028 0000 0000 e7f555d9 e8ce5c3c: add_disk_randomness(8:0) e7f555d9 e8ce5c3c
[    5.574166] random 0028 0000 0000 e7f555d9 e8ce5c3c: add_timer_randomness(.. 8388864) with jiffies: 13177308703234949517, cycles: -5269435374769274869
[    5.574171] EXT2-fs: sda2: couldn't mount because of unsupported optional features (240).
[    5.574435] random 0028 0000 0000 e7f555d9 e8ce5c3c: add_disk_randomness(8:0) e7f555d9 e8ce5c3c
[    5.574438] random 0028 0000 0000 e7f555d9 e8ce5c3c: add_timer_randomness(.. 8388864) with jiffies: 13179761851115471245, cycles: -5266982226888753141
[    5.574532] random 0028 0000 0000 e7f555d9 e8ce5c3c: add_disk_randomness(8:0) e7f555d9 e8ce5c3c
[    5.574535] random 0028 0000 0000 e7f555d9 e8ce5c3c: add_timer_randomness(.. 8388864) with jiffies: 13180632724454211981, cycles: -5266111353550012405
[    5.574691] random 0028 0000 0000 e7f555d9 e8ce5c3c: add_disk_randomness(8:0) e7f555d9 e8ce5c3c
[    5.574694] random 0028 0000 0000 e7f555d9 e8ce5c3c: add_timer_randomness(.. 8388864) with jiffies: 13182048727927062926, cycles: -5264695350077161461
[    5.574805] random 0028 0000 0000 e7f555d9 e8ce5c3c: add_disk_randomness(8:0) e7f555d9 e8ce5c3c
[    5.574808] random 0028 0000 0000 e7f555d9 e8ce5c3c: add_timer_randomness(.. 8388864) with jiffies: 13183076221543219598, cycles: -5263667856461004789
[    5.574925] random 0028 0000 0000 e7f555d9 e8ce5c3c: add_disk_randomness(8:0) e7f555d9 e8ce5c3c
[    5.574928] random 0028 0000 0000 e7f555d9 e8ce5c3c: add_timer_randomness(.. 8388864) with jiffies: 13184160447382389134, cycles: -5262583630621835253
[    5.575036] random 0028 0000 0000 e7f555d9 e8ce5c3c: add_disk_randomness(8:0) e7f555d9 e8ce5c3c
[    5.575039] random 0028 0000 0000 e7f555d9 e8ce5c3c: add_timer_randomness(.. 8388864) with jiffies: 13185163768922603918, cycles: -5261580309081620469
[    5.575151] random 0028 0000 0000 e7f555d9 e8ce5c3c: add_disk_randomness(8:0) e7f555d9 e8ce5c3c
[    5.575154] random 0028 0000 0000 e7f555d9 e8ce5c3c: add_timer_randomness(.. 8388864) with jiffies: 13186197533191012750, cycles: -5260546544813211637
[    5.575261] random 0028 0000 0000 e7f555d9 e8ce5c3c: add_disk_randomness(8:0) e7f555d9 e8ce5c3c
[    5.575264] random 0028 0000 0000 e7f555d9 e8ce5c3c: add_timer_randomness(.. 8388864) with jiffies: 13187192466660098446, cycles: -5259551611344125941
[    5.575499] random 0028 0000 0000 e7f555d9 e8ce5c3c: rand_read_num 10 get_random_bytes(4): sig ffffff72 e7f555d9 e8ce5c3c
[    5.575502] random 0028 0000 0000 e7f555d9 e8ce5c3c: extract_entropy(.. 4 ..)
[    5.575504] random 0028 0000 0000 e7f555d9 e8ce5c3c: going to reseed nonblocking with 64 bits (32 of 0 requested)
[    5.575507] random 0028 0000 0000 e7f555d9 e8ce5c3c: extract_entropy(.. 8 ..)
[    5.575509] random 0028 0000 0000 e7f555d9 e8ce5c3c: trying to extract 64 bits from input
[    5.575511] random 0028 0000 0000 e7f555d9 e8ce5c3c: debiting 0 entropy credits from input
[    5.575513] random 0028 0000 0000 e7f555d9 e8ce5c3c: extract_entropy account returned: 0 
[    5.575516] random 0028 0000 0000 e7f555d9 e8ce5c3c: urand_change_num 45 xfer_secondary_pool(4): pool_sig ffffff72, data_sig 00000000, bytes_mixed 0 e7f555d9 e8ce5c3c
[    5.575519] random 0028 0000 0000 e7f555d9 e8ce5c3c: trying to extract 32 bits from nonblocking
[    5.575521] random 0028 0000 0000 e7f555d9 e8ce5c3c: debiting 32 entropy credits from nonblocking (unlimited)
[    5.575523] random 0028 0000 0000 e7f555d9 e8ce5c3c: extract_entropy account returned: 4 
[    5.575527] random 0028 0000 0000 e7f555d9 e8ce5c3c: urand_change_num 46 extract_buf: pool_sig ffffff72, data_sig ffffff72, bytes_mixed 20 e7f555d9 e8ce5c3c
[    5.587141] random 0028 0000 0000 91716c54 eeb6a1e7: add_disk_randomness(8:0) 91716c54 eeb6a1e7
[    5.587145] random 0028 0000 0000 91716c54 eeb6a1e7: add_timer_randomness(.. 8388864) with jiffies: 13294071417856033178, cycles: -5152672660148191221
[    5.587147] random 0028 0000 0000 91716c54 eeb6a1e7: added 3 entropy credits to input
[    5.605417] random 0031 0000 0000 91716c54 eeb6a1e7: add_disk_randomness(8:0) 91716c54 eeb6a1e7
[    5.605420] random 0031 0000 0000 91716c54 eeb6a1e7: add_timer_randomness(.. 8388864) with jiffies: 13458491682299019692, cycles: -4988252395705204725
[    5.605422] random 0031 0000 0000 91716c54 eeb6a1e7: added 2 entropy credits to input
[    5.610156] EXT4-fs (sda2): mounted filesystem with ordered data mode
[    5.610367] VFS: Mounted root (ext4 filesystem) readonly on device 8:2.
[    5.610467] Freeing unused kernel memory: 448k freed
[    5.630562] random 0033 0000 0000 91716c54 eeb6a1e7: add_disk_randomness(8:0) 91716c54 eeb6a1e7
[    5.630565] random 0033 0000 0000 91716c54 eeb6a1e7: add_timer_randomness(.. 8388864) with jiffies: 13684718592010715589, cycles: -4762025485993508853
[    5.631299] random 0033 0000 0000 91716c54 eeb6a1e7: add_disk_randomness(8:0) 91716c54 eeb6a1e7
[    5.631302] random 0033 0000 0000 91716c54 eeb6a1e7: add_timer_randomness(.. 8388864) with jiffies: 13691343952726950342, cycles: -4755400125277274101
[    5.636023] random 0033 0000 0000 91716c54 eeb6a1e7: add_disk_randomness(8:0) 91716c54 eeb6a1e7
[    5.636026] random 0033 0000 0000 91716c54 eeb6a1e7: add_timer_randomness(.. 8388864) with jiffies: 13733841348450812363, cycles: -4712902729553412085
[    5.636029] random 0033 0000 0000 91716c54 eeb6a1e7: added 2 entropy credits to input
[    5.644223] random 0035 0000 0000 91716c54 eeb6a1e7: add_disk_randomness(8:0) 91716c54 eeb6a1e7
[    5.644226] random 0035 0000 0000 91716c54 eeb6a1e7: add_timer_randomness(.. 8388864) with jiffies: 13807621108410319315, cycles: -4639122969593905141
[    5.647648] random 0035 0000 0000 91716c54 eeb6a1e7: add_disk_randomness(8:0) 91716c54 eeb6a1e7
[    5.647651] random 0035 0000 0000 91716c54 eeb6a1e7: add_timer_randomness(.. 8388864) with jiffies: 13838440685624852950, cycles: -4608303392379371509
[    5.647654] random 0035 0000 0000 91716c54 eeb6a1e7: added 1 entropy credits to input
[    5.656539] random 0036 0000 0000 91716c54 eeb6a1e7: add_disk_randomness(8:0) 91716c54 eeb6a1e7
[    5.656542] random 0036 0000 0000 91716c54 eeb6a1e7: add_timer_randomness(.. 8388864) with jiffies: 13918426759226425823, cycles: -4528317318777798645
[    5.656545] random 0036 0000 0000 91716c54 eeb6a1e7: added 2 entropy credits to input
[    5.661499] random 0038 0000 0000 91716c54 eeb6a1e7: add_disk_randomness(8:0) 91716c54 eeb6a1e7
[    5.661502] random 0038 0000 0000 91716c54 eeb6a1e7: add_timer_randomness(.. 8388864) with jiffies: 13963048278271164900, cycles: -4483695799733059573
[    5.661505] random 0038 0000 0000 91716c54 eeb6a1e7: added 2 entropy credits to input
[    5.669578] random 0040 0000 0000 91716c54 eeb6a1e7: add_disk_randomness(8:0) 91716c54 eeb6a1e7
[    5.669581] random 0040 0000 0000 91716c54 eeb6a1e7: add_timer_randomness(.. 8388864) with jiffies: 14035734883154493932, cycles: -4411009194849730549
[    5.669584] random 0040 0000 0000 91716c54 eeb6a1e7: added 1 entropy credits to input
[    5.669606] RANDOM get_random_int call with cycles 50512643181, jiffies 4294672876 and pid 1
[    5.669609] RANDOM get_random_int call with cycles 50512650163, jiffies 4294672876 and pid 1
[    5.669611] ASLR stack rand value: 2457600 after shift for pid: 1
[    5.669613] RANDOM get_random_int call with cycles 50512658017, jiffies 4294672876 and pid 1
[    5.681224] random 0041 0000 0000 91716c54 eeb6a1e7: add_disk_randomness(8:0) 91716c54 eeb6a1e7
[    5.681227] random 0041 0000 0000 91716c54 eeb6a1e7: add_timer_randomness(.. 8388864) with jiffies: 14140503828587053560, cycles: -4306240249417170933
[    5.681237] RANDOM get_random_int call with cycles 50537006394, jiffies 4294672888 and pid 1
[    5.681241] random 0041 0000 0000 91716c54 eeb6a1e7: rand_read_num 11 get_random_bytes(16): sig fffffcad 91716c54 eeb6a1e7
[    5.681243] random 0041 0000 0000 91716c54 eeb6a1e7: extract_entropy(.. 16 ..)
[    5.681245] random 0041 0000 0000 91716c54 eeb6a1e7: going to reseed nonblocking with 128 bits (128 of 0 requested)
[    5.681248] random 0041 0000 0000 91716c54 eeb6a1e7: extract_entropy(.. 16 ..)
[    5.681250] random 0041 0000 0000 91716c54 eeb6a1e7: trying to extract 128 bits from input
[    5.681252] random 0041 0000 0000 91716c54 eeb6a1e7: debiting 0 entropy credits from input
[    5.681254] random 0041 0000 0000 91716c54 eeb6a1e7: extract_entropy account returned: 0 
[    5.681257] random 0041 0000 0000 91716c54 eeb6a1e7: urand_change_num 47 xfer_secondary_pool(16): pool_sig fffffcad, data_sig 00000000, bytes_mixed 0 91716c54 eeb6a1e7
[    5.681260] random 0041 0000 0000 91716c54 eeb6a1e7: trying to extract 128 bits from nonblocking
[    5.681263] random 0041 0000 0000 91716c54 eeb6a1e7: debiting 128 entropy credits from nonblocking (unlimited)
[    5.681265] random 0041 0000 0000 91716c54 eeb6a1e7: extract_entropy account returned: 16 
[    5.681269] random 0041 0000 0000 91716c54 eeb6a1e7: urand_change_num 48 extract_buf: pool_sig fffffcad, data_sig ffffff19, bytes_mixed 20 91716c54 eeb6a1e7
[    5.681275] random 0041 0000 0000 fd637b06 6cf47bc1: urand_change_num 49 extract_buf: pool_sig fffffede, data_sig ffffffc1, bytes_mixed 20 fd637b06 6cf47bc1
[    5.682228] random 0041 0000 0000 fd637b06 6cf47bc1: add_disk_randomness(8:0) fd637b06 6cf47bc1
[    5.682231] random 0041 0000 0000 fd637b06 6cf47bc1: add_timer_randomness(.. 8388864) with jiffies: 14149538189214974457, cycles: -4297205888789250037
[    5.683432] random 0041 0000 0000 fd637b06 6cf47bc1: add_disk_randomness(8:0) fd637b06 6cf47bc1
[    5.683435] random 0041 0000 0000 fd637b06 6cf47bc1: add_timer_randomness(.. 8388864) with jiffies: 14160368000791446010, cycles: -4286376077212778485
[    5.684585] random 0041 0000 0000 fd637b06 6cf47bc1: add_disk_randomness(8:0) fd637b06 6cf47bc1
[    5.684588] random 0041 0000 0000 fd637b06 6cf47bc1: add_timer_randomness(.. 8388864) with jiffies: 14170746432779944443, cycles: -4275997645224280053
[    5.685458] random 0041 0000 0000 fd637b06 6cf47bc1: add_disk_randomness(8:0) fd637b06 6cf47bc1
[    5.685461] random 0041 0000 0000 fd637b06 6cf47bc1: add_timer_randomness(.. 8388864) with jiffies: 14178595730326520316, cycles: -4268148347677704181
[    5.685645] random 0041 0000 0000 fd637b06 6cf47bc1: add_disk_randomness(8:0) fd637b06 6cf47bc1
[    5.685648] random 0041 0000 0000 fd637b06 6cf47bc1: add_timer_randomness(.. 8388864) with jiffies: 14180280603047068156, cycles: -4266463474957156341
[    5.685864] random 0041 0000 0000 fd637b06 6cf47bc1: add_disk_randomness(8:0) fd637b06 6cf47bc1
[    5.685867] random 0041 0000 0000 fd637b06 6cf47bc1: add_timer_randomness(.. 8388864) with jiffies: 14182238721586987517, cycles: -4264505356417236981
[    5.696286] random 0041 0000 0000 fd637b06 6cf47bc1: add_disk_randomness(8:0) fd637b06 6cf47bc1
[    5.696289] random 0041 0000 0000 fd637b06 6cf47bc1: add_timer_randomness(.. 8388864) with jiffies: 14276010772625326599, cycles: -4170733305378897909
[    5.696292] random 0041 0000 0000 fd637b06 6cf47bc1: added 3 entropy credits to input
[    5.696726] random 0044 0000 0000 fd637b06 6cf47bc1: add_disk_randomness(8:0) fd637b06 6cf47bc1
[    5.696729] random 0044 0000 0000 fd637b06 6cf47bc1: add_timer_randomness(.. 8388864) with jiffies: 14279960832572621320, cycles: -4166783245431603189
[    5.706464] random 0044 0000 0000 fd637b06 6cf47bc1: add_disk_randomness(8:0) fd637b06 6cf47bc1
[    5.706468] random 0044 0000 0000 fd637b06 6cf47bc1: add_timer_randomness(.. 8388864) with jiffies: 14367588082490507793, cycles: -4079155995513716725
[    5.706470] random 0044 0000 0000 fd637b06 6cf47bc1: added 3 entropy credits to input
[    5.706523] RANDOM get_random_int call with cycles 50589971943, jiffies 4294672913 and pid 1
[    5.711235] random 0047 0000 0000 fd637b06 6cf47bc1: add_disk_randomness(8:0) fd637b06 6cf47bc1
[    5.711238] random 0047 0000 0000 fd637b06 6cf47bc1: add_timer_randomness(.. 8388864) with jiffies: 14410505603325329942, cycles: -4036238474678894581
[    5.711241] random 0047 0000 0000 fd637b06 6cf47bc1: added 2 entropy credits to input
[    5.723901] random 0049 0000 0000 fd637b06 6cf47bc1: add_disk_randomness(8:0) fd637b06 6cf47bc1
[    5.723904] random 0049 0000 0000 fd637b06 6cf47bc1: add_timer_randomness(.. 8388864) with jiffies: 14524452812265062947, cycles: -3922291265739161589
[    5.723907] random 0049 0000 0000 fd637b06 6cf47bc1: added 3 entropy credits to input
[    5.724043] random 0052 0000 0000 fd637b06 6cf47bc1: add_disk_randomness(8:0) fd637b06 6cf47bc1
[    5.724046] random 0052 0000 0000 fd637b06 6cf47bc1: add_timer_randomness(.. 8388864) with jiffies: 14525726944378192419, cycles: -3921017133626032117
[    5.726201] random 0052 0000 0000 fd637b06 6cf47bc1: add_disk_randomness(8:0) fd637b06 6cf47bc1
[    5.726204] random 0052 0000 0000 fd637b06 6cf47bc1: add_timer_randomness(.. 8388864) with jiffies: 14545148485842993701, cycles: -3901595592161230837
[    5.726207] random 0052 0000 0000 fd637b06 6cf47bc1: added 1 entropy credits to input
[    5.726449] random 0053 0000 0000 fd637b06 6cf47bc1: add_disk_randomness(8:0) fd637b06 6cf47bc1
[    5.726452] random 0053 0000 0000 fd637b06 6cf47bc1: add_timer_randomness(.. 8388864) with jiffies: 14547378402798305829, cycles: -3899365675205918709
[    5.726590] random 0053 0000 0000 fd637b06 6cf47bc1: add_disk_randomness(8:0) fd637b06 6cf47bc1
[    5.726593] random 0053 0000 0000 fd637b06 6cf47bc1: add_timer_randomness(.. 8388864) with jiffies: 14548654068214759973, cycles: -3898090009789464565
[    5.729759] random 0053 0000 0000 fd637b06 6cf47bc1: add_disk_randomness(8:0) fd637b06 6cf47bc1
[    5.729763] random 0053 0000 0000 fd637b06 6cf47bc1: add_timer_randomness(.. 8388864) with jiffies: 14577154071031677481, cycles: -3869590006972547061
[    5.729765] random 0053 0000 0000 fd637b06 6cf47bc1: added 2 entropy credits to input
[    5.731771] random 0055 0000 0000 fd637b06 6cf47bc1: add_disk_randomness(8:0) fd637b06 6cf47bc1
[    5.731774] random 0055 0000 0000 fd637b06 6cf47bc1: add_timer_randomness(.. 8388864) with jiffies: 14595249214926324267, cycles: -3851494863077900277
[    5.731776] random 0055 0000 0000 fd637b06 6cf47bc1: added 1 entropy credits to input
[    5.739600] random 0056 0000 0000 fd637b06 6cf47bc1: add_disk_randomness(8:0) fd637b06 6cf47bc1
[    5.739603] random 0056 0000 0000 fd637b06 6cf47bc1: add_timer_randomness(.. 8388864) with jiffies: 14665699181230522930, cycles: -3781044896773701621
[    5.739606] random 0056 0000 0000 fd637b06 6cf47bc1: added 2 entropy credits to input
[    5.739737] random 0058 0000 0000 fd637b06 6cf47bc1: add_disk_randomness(8:0) fd637b06 6cf47bc1
[    5.739740] random 0058 0000 0000 fd637b06 6cf47bc1: add_timer_randomness(.. 8388864) with jiffies: 14666920592620094003, cycles: -3779823485384130549
[    5.743296] random 0058 0000 0000 fd637b06 6cf47bc1: add_disk_randomness(8:0) fd637b06 6cf47bc1
[    5.743299] random 0058 0000 0000 fd637b06 6cf47bc1: add_timer_randomness(.. 8388864) with jiffies: 14698945346247819830, cycles: -3747798731756404725
[    5.743301] random 0058 0000 0000 fd637b06 6cf47bc1: added 1 entropy credits to input
[    5.747804] random 0059 0000 0000 fd637b06 6cf47bc1: add_disk_randomness(8:0) fd637b06 6cf47bc1
[    5.747807] random 0059 0000 0000 fd637b06 6cf47bc1: add_timer_randomness(.. 8388864) with jiffies: 14739497611412865595, cycles: -3707246466591358965
[    5.753370] random 0059 0000 0000 fd637b06 6cf47bc1: add_disk_randomness(8:0) fd637b06 6cf47bc1
[    5.753373] random 0059 0000 0000 fd637b06 6cf47bc1: add_timer_randomness(.. 8388864) with jiffies: 14789582513541710400, cycles: -3657161564462514165
[    5.759651] random 0059 0000 0000 fd637b06 6cf47bc1: add_disk_randomness(8:0) fd637b06 6cf47bc1
[    5.759654] random 0059 0000 0000 fd637b06 6cf47bc1: add_timer_randomness(.. 8388864) with jiffies: 14846093399709942342, cycles: -3600650678294282229
[    5.759668] random 0059 0000 0000 fd637b06 6cf47bc1: rand_read_num 12 get_random_bytes(16): sig 0000033b fd637b06 6cf47bc1
[    5.759670] random 0059 0000 0000 fd637b06 6cf47bc1: extract_entropy(.. 16 ..)
[    5.759673] random 0059 0000 0000 fd637b06 6cf47bc1: going to reseed nonblocking with 128 bits (128 of 0 requested)
[    5.759675] random 0059 0000 0000 fd637b06 6cf47bc1: extract_entropy(.. 16 ..)
[    5.759677] random 0059 0000 0000 fd637b06 6cf47bc1: trying to extract 128 bits from input
[    5.759679] random 0059 0000 0000 fd637b06 6cf47bc1: debiting 0 entropy credits from input
[    5.759681] random 0059 0000 0000 fd637b06 6cf47bc1: extract_entropy account returned: 0 
[    5.759684] random 0059 0000 0000 fd637b06 6cf47bc1: urand_change_num 50 xfer_secondary_pool(16): pool_sig 0000033b, data_sig 00000000, bytes_mixed 0 fd637b06 6cf47bc1
[    5.759687] random 0059 0000 0000 fd637b06 6cf47bc1: trying to extract 128 bits from nonblocking
[    5.759690] random 0059 0000 0000 fd637b06 6cf47bc1: debiting 128 entropy credits from nonblocking (unlimited)
[    5.759692] random 0059 0000 0000 fd637b06 6cf47bc1: extract_entropy account returned: 16 
[    5.759696] random 0059 0000 0000 fd637b06 6cf47bc1: urand_change_num 51 extract_buf: pool_sig 0000033b, data_sig 000000d8, bytes_mixed 20 fd637b06 6cf47bc1
[    5.759702] random 0059 0000 0000 0ec1f012 d4727ca8: urand_change_num 52 extract_buf: pool_sig fffffcf5, data_sig 00000016, bytes_mixed 20 0ec1f012 d4727ca8
[    5.766395] random 0059 0000 0000 45b1d0b1 845a73f7: add_disk_randomness(8:0) 45b1d0b1 845a73f7
[    5.766398] random 0059 0000 0000 45b1d0b1 845a73f7: add_timer_randomness(.. 8388864) with jiffies: 14906765357568721485, cycles: -3539978720435503093
[    5.773617] random 0059 0000 0000 45b1d0b1 845a73f7: add_disk_randomness(8:0) 45b1d0b1 845a73f7
[    5.773620] random 0059 0000 0000 45b1d0b1 845a73f7: add_timer_randomness(.. 8388864) with jiffies: 14971736831093867092, cycles: -3475007246910357493
[    5.783266] random 0059 0000 0000 45b1d0b1 845a73f7: add_disk_randomness(8:0) 45b1d0b1 845a73f7
[    5.783269] random 0059 0000 0000 45b1d0b1 845a73f7: add_timer_randomness(.. 8388864) with jiffies: 15058540740076077662, cycles: -3388203337928146933
[    5.783271] random 0059 0000 0000 45b1d0b1 845a73f7: added 1 entropy credits to input
[    5.791047] random 0060 0000 0000 45b1d0b1 845a73f7: add_disk_randomness(8:0) 45b1d0b1 845a73f7
[    5.791051] random 0060 0000 0000 45b1d0b1 845a73f7: add_timer_randomness(.. 8388864) with jiffies: 15128547942496698982, cycles: -3318196135507525621
[    5.791053] random 0060 0000 0000 45b1d0b1 845a73f7: added 1 entropy credits to input
[    5.794184] random 0061 0000 0000 45b1d0b1 845a73f7: add_disk_randomness(8:0) 45b1d0b1 845a73f7
[    5.794187] random 0061 0000 0000 45b1d0b1 845a73f7: add_timer_randomness(.. 8388864) with jiffies: 15156770778189103721, cycles: -3289973299815120885
[    5.794190] random 0061 0000 0000 45b1d0b1 845a73f7: added 1 entropy credits to input
[    5.808452] random 0062 0000 0000 45b1d0b1 845a73f7: add_disk_randomness(8:0) 45b1d0b1 845a73f7
[    5.808455] random 0062 0000 0000 45b1d0b1 845a73f7: add_timer_randomness(.. 8388864) with jiffies: 15285139340552536695, cycles: -3161604737451687925
[    5.808458] random 0062 0000 0000 45b1d0b1 845a73f7: added 3 entropy credits to input
[    5.813855] random 0065 0000 0000 45b1d0b1 845a73f7: add_disk_randomness(8:0) 45b1d0b1 845a73f7
[    5.813859] random 0065 0000 0000 45b1d0b1 845a73f7: add_timer_randomness(.. 8388864) with jiffies: 15333741581316096637, cycles: -3113002496688127989
[    5.813861] random 0065 0000 0000 45b1d0b1 845a73f7: added 2 entropy credits to input
[    5.819024] random 0067 0000 0000 45b1d0b1 845a73f7: add_disk_randomness(8:0) 45b1d0b1 845a73f7
[    5.819027] random 0067 0000 0000 45b1d0b1 845a73f7: add_timer_randomness(.. 8388864) with jiffies: 15380244777072820866, cycles: -3066499300931403765
[    5.827256] random 0067 0000 0000 45b1d0b1 845a73f7: add_disk_randomness(8:0) 45b1d0b1 845a73f7
[    5.827259] random 0067 0000 0000 45b1d0b1 845a73f7: add_timer_randomness(.. 8388864) with jiffies: 15454305943289561738, cycles: -2992438134714662901
[    5.827262] random 0067 0000 0000 45b1d0b1 845a73f7: added 1 entropy credits to input
[    5.836860] random 0068 0000 0000 45b1d0b1 845a73f7: add_disk_randomness(8:0) 45b1d0b1 845a73f7
[    5.836863] random 0068 0000 0000 45b1d0b1 845a73f7: add_timer_randomness(.. 8388864) with jiffies: 15540700507528725140, cycles: -2906043570475499509
[    5.856357] random 0068 0000 0000 45b1d0b1 845a73f7: add_disk_randomness(8:0) 45b1d0b1 845a73f7
[    5.856360] random 0068 0000 0000 45b1d0b1 845a73f7: add_timer_randomness(.. 8388864) with jiffies: 15716123395852305063, cycles: -2730620682151919605
[    5.856363] random 0068 0000 0000 45b1d0b1 845a73f7: added 2 entropy credits to input
[    5.869643] random 0070 0000 0000 45b1d0b1 845a73f7: add_disk_randomness(8:0) 45b1d0b1 845a73f7
[    5.869646] random 0070 0000 0000 45b1d0b1 845a73f7: add_timer_randomness(.. 8388864) with jiffies: 15835658322884395700, cycles: -2611085755119828981
[    5.869649] random 0070 0000 0000 45b1d0b1 845a73f7: added 2 entropy credits to input
[    5.877668] random 0072 0000 0000 45b1d0b1 845a73f7: add_disk_randomness(8:0) 45b1d0b1 845a73f7
[    5.877671] random 0072 0000 0000 45b1d0b1 845a73f7: add_timer_randomness(.. 8388864) with jiffies: 15907836188891513533, cycles: -2538907889112711157
[    5.877673] random 0072 0000 0000 45b1d0b1 845a73f7: added 1 entropy credits to input
[    5.887682] random 0073 0000 0000 45b1d0b1 845a73f7: add_disk_randomness(8:0) 45b1d0b1 845a73f7
[    5.887685] random 0073 0000 0000 45b1d0b1 845a73f7: add_timer_randomness(.. 8388864) with jiffies: 15997933946947732167, cycles: -2448810131056492533
[    5.900565] random 0073 0000 0000 45b1d0b1 845a73f7: add_disk_randomness(8:0) 45b1d0b1 845a73f7
[    5.900568] random 0073 0000 0000 45b1d0b1 845a73f7: add_timer_randomness(.. 8388864) with jiffies: 16113845996051202771, cycles: -2332898081953021941
[    5.907925] random 0073 0000 0000 45b1d0b1 845a73f7: add_disk_randomness(8:0) 45b1d0b1 845a73f7
[    5.907928] random 0073 0000 0000 45b1d0b1 845a73f7: add_timer_randomness(.. 8388864) with jiffies: 16180051916191662811, cycles: -2266692161812561909
[    5.907930] random 0073 0000 0000 45b1d0b1 845a73f7: added 2 entropy credits to input
[    5.913173] random 0075 0000 0000 45b1d0b1 845a73f7: add_disk_randomness(8:0) 45b1d0b1 845a73f7
[    5.913176] random 0075 0000 0000 45b1d0b1 845a73f7: add_timer_randomness(.. 8388864) with jiffies: 16227276889792414432, cycles: -2219467188211810293
[    5.919613] random 0075 0000 0000 45b1d0b1 845a73f7: add_disk_randomness(8:0) 45b1d0b1 845a73f7
[    5.919616] random 0075 0000 0000 45b1d0b1 845a73f7: add_timer_randomness(.. 8388864) with jiffies: 16285221685152154342, cycles: -2161522392852070389
[    5.924667] random 0075 0000 0000 45b1d0b1 845a73f7: add_disk_randomness(8:0) 45b1d0b1 845a73f7
[    5.924670] random 0075 0000 0000 45b1d0b1 845a73f7: add_timer_randomness(.. 8388864) with jiffies: 16330670058415817452, cycles: -2116074019588407285
[    5.930568] random 0075 0000 0000 45b1d0b1 845a73f7: add_disk_randomness(8:0) 45b1d0b1 845a73f7
[    5.930571] random 0075 0000 0000 45b1d0b1 845a73f7: add_timer_randomness(.. 8388864) with jiffies: 16383779403500061425, cycles: -2062964674504163317
[    5.939921] random 0075 0000 0000 45b1d0b1 845a73f7: add_disk_randomness(8:0) 45b1d0b1 845a73f7
[    5.939924] random 0075 0000 0000 45b1d0b1 845a73f7: add_timer_randomness(.. 8388864) with jiffies: 16467916489978774267, cycles: -1978827588025450485
[    5.939927] random 0075 0000 0000 45b1d0b1 845a73f7: added 2 entropy credits to input
[    5.944798] random 0077 0000 0000 45b1d0b1 845a73f7: add_disk_randomness(8:0) 45b1d0b1 845a73f7
[    5.944801] random 0077 0000 0000 45b1d0b1 845a73f7: add_timer_randomness(.. 8388864) with jiffies: 16511787725481542400, cycles: -1934956352522682357
[    5.944804] random 0077 0000 0000 45b1d0b1 845a73f7: added 2 entropy credits to input
[    5.952230] random 0079 0000 0000 45b1d0b1 845a73f7: add_disk_randomness(8:0) 45b1d0b1 845a73f7
[    5.952233] random 0079 0000 0000 45b1d0b1 845a73f7: add_timer_randomness(.. 8388864) with jiffies: 16578656887356752647, cycles: -1868087190647472117
[    5.952236] random 0079 0000 0000 45b1d0b1 845a73f7: added 1 entropy credits to input
[    5.958448] random 0080 0000 0000 45b1d0b1 845a73f7: add_disk_randomness(8:0) 45b1d0b1 845a73f7
[    5.958451] random 0080 0000 0000 45b1d0b1 845a73f7: add_timer_randomness(.. 8388864) with jiffies: 16634604467089277709, cycles: -1812139610914947061
[    5.958601] random 0080 0000 0000 45b1d0b1 845a73f7: add_disk_randomness(8:0) 45b1d0b1 845a73f7
[    5.958604] random 0080 0000 0000 45b1d0b1 845a73f7: add_timer_randomness(.. 8388864) with jiffies: 16635983718526976781, cycles: -1810760359477247989
[    5.973016] random 0080 0000 0000 45b1d0b1 845a73f7: add_disk_randomness(8:0) 45b1d0b1 845a73f7
[    5.973019] random 0080 0000 0000 45b1d0b1 845a73f7: add_timer_randomness(.. 8388864) with jiffies: 16765661674685039388, cycles: -1681082403319185397
[    5.973022] random 0080 0000 0000 45b1d0b1 845a73f7: added 3 entropy credits to input
[    5.980435] random 0083 0000 0000 45b1d0b1 845a73f7: add_disk_randomness(8:0) 45b1d0b1 845a73f7
[    5.980438] random 0083 0000 0000 45b1d0b1 845a73f7: add_timer_randomness(.. 8388864) with jiffies: 16832415160206066467, cycles: -1614328917798158325
[    5.980441] random 0083 0000 0000 45b1d0b1 845a73f7: added 2 entropy credits to input
[    5.990117] random 0085 0000 0000 45b1d0b1 845a73f7: add_disk_randomness(8:0) 45b1d0b1 845a73f7
[    5.990120] random 0085 0000 0000 45b1d0b1 845a73f7: add_timer_randomness(.. 8388864) with jiffies: 16919512338145182509, cycles: -1527231739859042293
[    5.990123] random 0085 0000 0000 45b1d0b1 845a73f7: added 1 entropy credits to input
[    6.000746] random 0086 0000 0000 45b1d0b1 845a73f7: add_disk_randomness(8:0) 45b1d0b1 845a73f7
[    6.000749] random 0086 0000 0000 45b1d0b1 845a73f7: add_timer_randomness(.. 8388864) with jiffies: 17015131701862171448, cycles: -1431612376142053365
[    6.013266] random 0086 0000 0000 45b1d0b1 845a73f7: add_disk_randomness(8:0) 45b1d0b1 845a73f7
[    6.013269] random 0086 0000 0000 45b1d0b1 845a73f7: add_timer_randomness(.. 8388864) with jiffies: 17127780340324860740, cycles: -1318963737679364085
[    6.014477] random 0086 0000 0000 45b1d0b1 845a73f7: add_disk_randomness(8:0) 45b1d0b1 845a73f7
[    6.014480] random 0086 0000 0000 45b1d0b1 845a73f7: add_timer_randomness(.. 8388864) with jiffies: 17138678476241077061, cycles: -1308065601763147765
[    6.018493] random 0086 0000 0000 45b1d0b1 845a73f7: add_disk_randomness(8:0) 45b1d0b1 845a73f7
[    6.018496] random 0086 0000 0000 45b1d0b1 845a73f7: add_timer_randomness(.. 8388864) with jiffies: 17174807023875490633, cycles: -1271937054128734197
[    6.018498] random 0086 0000 0000 45b1d0b1 845a73f7: added 1 entropy credits to input
[    6.027835] random 0087 0000 0000 45b1d0b1 845a73f7: add_disk_randomness(8:0) 45b1d0b1 845a73f7
[    6.027838] random 0087 0000 0000 45b1d0b1 845a73f7: add_timer_randomness(.. 8388864) with jiffies: 17258846477157630803, cycles: -1187897600846594037
[    6.027841] random 0087 0000 0000 45b1d0b1 845a73f7: added 1 entropy credits to input
[    6.028178] random 0088 0000 0000 45b1d0b1 845a73f7: add_disk_randomness(8:0) 45b1d0b1 845a73f7
[    6.028181] random 0088 0000 0000 45b1d0b1 845a73f7: add_timer_randomness(.. 8388864) with jiffies: 17261934459859206995, cycles: -1184809618145017845
[    6.043843] random 0088 0000 0000 45b1d0b1 845a73f7: add_disk_randomness(8:0) 45b1d0b1 845a73f7
[    6.043846] random 0088 0000 0000 45b1d0b1 845a73f7: add_timer_randomness(.. 8388864) with jiffies: 17402863254647833443, cycles: -1043880823356391413
[    6.043849] random 0088 0000 0000 45b1d0b1 845a73f7: added 4 entropy credits to input
[    6.045473] random 0092 0000 0000 45b1d0b1 845a73f7: add_disk_randomness(8:0) 45b1d0b1 845a73f7
[    6.045475] random 0092 0000 0000 45b1d0b1 845a73f7: add_timer_randomness(.. 8388864) with jiffies: 17417535343967306596, cycles: -1029208734036918261
[    6.045619] random 0092 0000 0000 45b1d0b1 845a73f7: add_disk_randomness(8:0) 45b1d0b1 845a73f7
[    6.045622] random 0092 0000 0000 45b1d0b1 845a73f7: add_timer_randomness(.. 8388864) with jiffies: 17418857141627487076, cycles: -1027886936376737781
[    6.056492] random 0092 0000 0000 45b1d0b1 845a73f7: add_disk_randomness(8:0) 45b1d0b1 845a73f7
[    6.056495] random 0092 0000 0000 45b1d0b1 845a73f7: add_timer_randomness(.. 8388864) with jiffies: 17516677834997465967, cycles: -930066243006758901
[    6.056498] random 0092 0000 0000 45b1d0b1 845a73f7: added 3 entropy credits to input
[    6.057062] random 0095 0000 0000 45b1d0b1 845a73f7: add_disk_randomness(8:0) 45b1d0b1 845a73f7
[    6.057065] random 0095 0000 0000 45b1d0b1 845a73f7: add_timer_randomness(.. 8388864) with jiffies: 17521796499711427440, cycles: -924947578292797429
[    6.062292] random 0095 0000 0000 45b1d0b1 845a73f7: add_disk_randomness(8:0) 45b1d0b1 845a73f7
[    6.062295] random 0095 0000 0000 45b1d0b1 845a73f7: add_timer_randomness(.. 8388864) with jiffies: 17568855021854622581, cycles: -877889056149602293
[    6.062298] random 0095 0000 0000 45b1d0b1 845a73f7: added 2 entropy credits to input
[    6.064049] random 0097 0000 0000 45b1d0b1 845a73f7: add_disk_randomness(8:0) 45b1d0b1 845a73f7
[    6.064052] random 0097 0000 0000 45b1d0b1 845a73f7: add_timer_randomness(.. 8388864) with jiffies: 17584654312456029047, cycles: -862089765548195829
[    6.064055] random 0097 0000 0000 45b1d0b1 845a73f7: added 1 entropy credits to input
[    6.074274] random 0098 0000 0000 45b1d0b1 845a73f7: add_disk_randomness(8:0) 45b1d0b1 845a73f7
[    6.074277] random 0098 0000 0000 45b1d0b1 845a73f7: add_timer_randomness(.. 8388864) with jiffies: 17676650665100411777, cycles: -770093412903813109
[    6.074280] random 0098 0000 0000 45b1d0b1 845a73f7: added 3 entropy credits to input
[    6.088220] random 0101 0000 0000 45b1d0b1 845a73f7: add_disk_randomness(8:0) 45b1d0b1 845a73f7
