[    0.000000] random 0000 0000 0000 00000000 00000000: rand_read_num 1 get_random_bytes(8): sig 00000000 00000000 00000000
[    0.000000] random 0000 0000 0000 00000000 00000000: extract_entropy(.. 8 ..)
[    0.000000] random 0000 0000 0000 00000000 00000000: going to reseed nonblocking with 64 bits (64 of 0 requested)
[    0.000000] random 0000 0000 0000 00000000 00000000: extract_entropy(.. 8 ..)
[    0.000000] random 0000 0000 0000 00000000 00000000: trying to extract 64 bits from input
[    0.000000] random 0000 0000 0000 00000000 00000000: debiting 0 entropy credits from input
[    0.000000] random 0000 0000 0000 00000000 00000000: extract_entropy account returned: 0 
[    0.000000] random 0000 0000 0000 00000000 00000000: urand_change_num 1 xfer_secondary_pool(8): pool_sig 00000000, data_sig 00000000, bytes_mixed 0 00000000 00000000
[    0.000000] random 0000 0000 0000 00000000 00000000: trying to extract 64 bits from nonblocking
[    0.000000] random 0000 0000 0000 00000000 00000000: debiting 64 entropy credits from nonblocking (unlimited)
[    0.000000] random 0000 0000 0000 00000000 00000000: extract_entropy account returned: 8 
[    0.000000] random 0000 0000 0000 00000000 00000000: urand_change_num 2 extract_buf: pool_sig 00000000, data_sig fffffff9, bytes_mixed 20 00000000 00000000
[    0.000000] Linux version 2.6.32.57 (dcashman@dcashman-02) (gcc version 4.3.3 (GCC) ) #6 Thu May 30 09:02:12 PDT 2013
[    0.000000] KERNEL supported cpus:
[    0.000000]   Intel GenuineIntel
[    0.000000]   AMD AuthenticAMD
[    0.000000]   NSC Geode by NSC
[    0.000000]   Cyrix CyrixInstead
[    0.000000]   Centaur CentaurHauls
[    0.000000]   Transmeta GenuineTMx86
[    0.000000]   Transmeta TransmetaCPU
[    0.000000]   UMC UMC UMC UMC
[    0.000000] BIOS-provided physical RAM map:
[    0.000000]  BIOS-e820: 0000000000000000 - 000000000009d800 (usable)
[    0.000000]  BIOS-e820: 000000000009d800 - 00000000000a0000 (reserved)
[    0.000000]  BIOS-e820: 00000000000d2000 - 00000000000d4000 (reserved)
[    0.000000]  BIOS-e820: 00000000000e0000 - 0000000000100000 (reserved)
[    0.000000]  BIOS-e820: 0000000000100000 - 000000003d6b0000 (usable)
[    0.000000]  BIOS-e820: 000000003d6b0000 - 000000003d6cc000 (ACPI data)
[    0.000000]  BIOS-e820: 000000003d6cc000 - 000000003d700000 (ACPI NVS)
[    0.000000]  BIOS-e820: 000000003d700000 - 000000003e000000 (reserved)
[    0.000000]  BIOS-e820: 00000000f0000000 - 00000000f4000000 (reserved)
[    0.000000]  BIOS-e820: 00000000fec00000 - 00000000fec10000 (reserved)
[    0.000000]  BIOS-e820: 00000000fed00000 - 00000000fed00400 (reserved)
[    0.000000]  BIOS-e820: 00000000fed14000 - 00000000fed1a000 (reserved)
[    0.000000]  BIOS-e820: 00000000fed1c000 - 00000000fed90000 (reserved)
[    0.000000]  BIOS-e820: 00000000fee00000 - 00000000fee01000 (reserved)
[    0.000000]  BIOS-e820: 00000000ff000000 - 0000000100000000 (reserved)
[    0.000000] DMI present.
[    0.000000] last_pfn = 0x3d6b0 max_arch_pfn = 0x100000
[    0.000000] MTRR default type: uncachable
[    0.000000] MTRR fixed ranges enabled:
[    0.000000]   00000-9FFFF write-back
[    0.000000]   A0000-BFFFF uncachable
[    0.000000]   C0000-CFFFF write-protect
[    0.000000]   D0000-DFFFF uncachable
[    0.000000]   E0000-FFFFF write-protect
[    0.000000] MTRR variable ranges enabled:
[    0.000000]   0 base 03E000000 mask FFE000000 uncachable
[    0.000000]   1 base 000000000 mask FC0000000 write-back
[    0.000000]   2 base 03D700000 mask FFFF00000 uncachable
[    0.000000]   3 base 03D800000 mask FFF800000 uncachable
[    0.000000]   4 disabled
[    0.000000]   5 disabled
[    0.000000]   6 disabled
[    0.000000]   7 disabled
[    0.000000] initial memory mapped : 0 - 02000000
[    0.000000] init_memory_mapping: 0000000000000000-00000000377fe000
[    0.000000]  0000000000 - 0000400000 page 4k
[    0.000000]  0000400000 - 0037400000 page 2M
[    0.000000]  0037400000 - 00377fe000 page 4k
[    0.000000] kernel direct mapping tables up to 377fe000 @ 7000-c000
[    0.000000] ACPI: RSDP 000f68d0 00024 (v02 LENOVO)
[    0.000000] ACPI: XSDT 3d6bb77f 00094 (v01 LENOVO TP-7L    00002170  LTP 00000000)
[    0.000000] ACPI: FACP 3d6bb900 000F4 (v03 LENOVO TP-7L    00002170 LNVO 00000001)
[    0.000000] ACPI Warning: 32/64X length mismatch in Gpe1Block: 0/32 (20090903/tbfadt-526)
[    0.000000] ACPI Warning: Optional field Gpe1Block has zero address or length: 000000000000102C/0 (20090903/tbfadt-557)
[    0.000000] ACPI: DSDT 3d6bbd1d 0FED1 (v01 LENOVO TP-7L    00002170 MSFT 03000000)
[    0.000000] ACPI: FACS 3d6e4000 00040
[    0.000000] ACPI: SSDT 3d6bbab4 00269 (v01 LENOVO TP-7L    00002170 MSFT 03000000)
[    0.000000] ACPI: ECDT 3d6cbbee 00052 (v01 LENOVO TP-7L    00002170 LNVO 00000001)
[    0.000000] ACPI: TCPA 3d6cbc40 00032 (v02 LENOVO TP-7L    00002170 LNVO 00000001)
[    0.000000] ACPI: APIC 3d6cbc72 00068 (v01 LENOVO TP-7L    00002170 LNVO 00000001)
[    0.000000] ACPI: MCFG 3d6cbcda 0003C (v01 LENOVO TP-7L    00002170 LNVO 00000001)
[    0.000000] ACPI: HPET 3d6cbd16 00038 (v01 LENOVO TP-7L    00002170 LNVO 00000001)
[    0.000000] ACPI: SLIC 3d6cbdf0 00176 (v01 LENOVO TP-7L    00002170  LTP 00000000)
[    0.000000] ACPI: BOOT 3d6cbf66 00028 (v01 LENOVO TP-7L    00002170  LTP 00000001)
[    0.000000] ACPI: ASF! 3d6cbf8e 00072 (v16 LENOVO TP-7L    00002170 PTL  00000001)
[    0.000000] ACPI: SSDT 3d6e26d9 0025F (v01 LENOVO TP-7L    00002170 INTL 20050513)
[    0.000000] ACPI: SSDT 3d6e2938 000A6 (v01 LENOVO TP-7L    00002170 INTL 20050513)
[    0.000000] ACPI: SSDT 3d6e29de 004F7 (v01 LENOVO TP-7L    00002170 INTL 20050513)
[    0.000000] ACPI: SSDT 3d6e2ed5 001D8 (v01 LENOVO TP-7L    00002170 INTL 20050513)
[    0.000000] ACPI: DMI detected: Lenovo ThinkPad R61
[    0.000000] ACPI: Added _OSI(Linux)
[    0.000000] ACPI: Local APIC address 0xfee00000
[    0.000000] 94MB HIGHMEM available.
[    0.000000] 887MB LOWMEM available.
[    0.000000]   mapped low ram: 0 - 377fe000
[    0.000000]   low ram: 0 - 377fe000
[    0.000000]   node 0 low ram: 00000000 - 377fe000
[    0.000000]   node 0 bootmap 00008000 - 0000ef00
[    0.000000] (6 early reservations) ==> bootmem [0000000000 - 00377fe000]
[    0.000000]   #0 [0000000000 - 0000001000]   BIOS data page ==> [0000000000 - 0000001000]
[    0.000000]   #1 [0001000000 - 0001bdc180]    TEXT DATA BSS ==> [0001000000 - 0001bdc180]
[    0.000000]   #2 [000009d800 - 0000100000]    BIOS reserved ==> [000009d800 - 0000100000]
[    0.000000]   #3 [0001bdd000 - 0001be516c]              BRK ==> [0001bdd000 - 0001be516c]
[    0.000000]   #4 [0000007000 - 0000008000]          PGTABLE ==> [0000007000 - 0000008000]
[    0.000000]   #5 [0000008000 - 000000f000]          BOOTMAP ==> [0000008000 - 000000f000]
[    0.000000] found SMP MP-table at [c00f6900] f6900
[    0.000000] Zone PFN ranges:
[    0.000000]   DMA      0x00000000 -> 0x00001000
[    0.000000]   Normal   0x00001000 -> 0x000377fe
[    0.000000]   HighMem  0x000377fe -> 0x0003d6b0
[    0.000000] Movable zone start PFN for each node
[    0.000000] early_node_map[2] active PFN ranges
[    0.000000]     0: 0x00000000 -> 0x0000009d
[    0.000000]     0: 0x00000100 -> 0x0003d6b0
[    0.000000] On node 0 totalpages: 251469
[    0.000000] free_area_init_node: node 0, pgdat c1901ea0, node_mem_map c1be7000
[    0.000000]   DMA zone: 32 pages used for memmap
[    0.000000]   DMA zone: 0 pages reserved
[    0.000000]   DMA zone: 3965 pages, LIFO batch:0
[    0.000000]   Normal zone: 1744 pages used for memmap
[    0.000000]   Normal zone: 221486 pages, LIFO batch:31
[    0.000000]   HighMem zone: 190 pages used for memmap
[    0.000000]   HighMem zone: 24052 pages, LIFO batch:3
[    0.000000] Using APIC driver default
[    0.000000] ACPI: PM-Timer IO Port: 0x1008
[    0.000000] ACPI: Local APIC address 0xfee00000
[    0.000000] ACPI: LAPIC (acpi_id[0x00] lapic_id[0x00] enabled)
[    0.000000] ACPI: LAPIC (acpi_id[0x01] lapic_id[0x01] enabled)
[    0.000000] ACPI: NR_CPUS/possible_cpus limit of 1 reached.  Processor 1/0x1 ignored.
[    0.000000] ACPI: LAPIC_NMI (acpi_id[0x00] high edge lint[0x1])
[    0.000000] ACPI: LAPIC_NMI (acpi_id[0x01] high edge lint[0x1])
[    0.000000] ACPI: IOAPIC (id[0x01] address[0xfec00000] gsi_base[0])
[    0.000000] IOAPIC[0]: apic_id 1, version 32, address 0xfec00000, GSI 0-23
[    0.000000] ACPI: INT_SRC_OVR (bus 0 bus_irq 0 global_irq 2 dfl dfl)
[    0.000000] ACPI: INT_SRC_OVR (bus 0 bus_irq 9 global_irq 9 high level)
[    0.000000] ACPI: IRQ0 used by override.
[    0.000000] ACPI: IRQ2 used by override.
[    0.000000] ACPI: IRQ9 used by override.
[    0.000000] Using ACPI (MADT) for SMP configuration information
[    0.000000] ACPI: HPET id: 0x8086a201 base: 0xfed00000
[    0.000000] nr_irqs_gsi: 24
[    0.000000] PM: Registered nosave memory: 000000000009d000 - 000000000009e000
[    0.000000] PM: Registered nosave memory: 000000000009e000 - 00000000000a0000
[    0.000000] PM: Registered nosave memory: 00000000000a0000 - 00000000000d2000
[    0.000000] PM: Registered nosave memory: 00000000000d2000 - 00000000000d4000
[    0.000000] PM: Registered nosave memory: 00000000000d4000 - 00000000000e0000
[    0.000000] PM: Registered nosave memory: 00000000000e0000 - 0000000000100000
[    0.000000] Allocating PCI resources starting at 3e000000 (gap: 3e000000:b2000000)
[    0.000000] Built 1 zonelists in Zone order, mobility grouping on.  Total pages: 249503
[    0.000000] Kernel command line: auto BOOT_IMAGE=Linux ro root=802 vt.default_utf8=0 maxcpus=0
[    0.000000] PID hash table entries: 4096 (order: 2, 16384 bytes)
[    0.000000] Dentry cache hash table entries: 131072 (order: 7, 524288 bytes)
[    0.000000] Inode-cache hash table entries: 65536 (order: 6, 262144 bytes)
[    0.000000] Enabling fast FPU save and restore... done.
[    0.000000] Enabling unmasked SIMD FPU exception support... done.
[    0.000000] Initializing CPU#0
[    0.000000] Initializing HighMem for node 0 (000377fe:0003d6b0)
[    0.000000] Memory: 984800k/1006272k available (6915k kernel code, 20876k reserved, 2327k data, 448k init, 96968k highmem)
[    0.000000] virtual kernel memory layout:
[    0.000000]     fixmap  : 0xfffa3000 - 0xfffff000   ( 368 kB)
[    0.000000]     pkmap   : 0xff800000 - 0xffc00000   (4096 kB)
[    0.000000]     vmalloc : 0xf7ffe000 - 0xff7fe000   ( 120 MB)
[    0.000000]     lowmem  : 0xc0000000 - 0xf77fe000   ( 887 MB)
[    0.000000]       .init : 0xc1907000 - 0xc1977000   ( 448 kB)
[    0.000000]       .data : 0xc16c0d3f - 0xc1906c64   (2327 kB)
[    0.000000]       .text : 0xc1000000 - 0xc16c0d3f   (6915 kB)
[    0.000000] Checking if this processor honours the WP bit even in supervisor mode...Ok.
[    0.000000] SLUB: Genslabs=13, HWalign=64, Order=0-3, MinObjects=0, CPUs=1, Nodes=1
[    0.000000] Hierarchical RCU implementation.
[    0.000000] NR_IRQS:288
[    0.000000] Extended CMOS year: 2000
[    0.000000] Console: colour VGA+ 80x25
[    0.000000] console [tty0] enabled
[    0.000000] hpet clockevent registered
[    0.000000] Fast TSC calibration using PIT
[    0.000000] Detected 2094.274 MHz processor.
[    0.001002] Calibrating delay loop (skipped), value calculated using timer frequency.. 4188.54 BogoMIPS (lpj=2094274)
[    0.001170] Security Framework initialized
[    0.001252] Mount-cache hash table entries: 512
[    0.001396] CPU: L1 I cache: 32K, L1 D cache: 32K
[    0.002002] CPU: L2 cache: 3072K
[    0.002086] mce: CPU supports 6 MCE banks
[    0.002173] CPU0: Thermal monitoring enabled (TM2)
[    0.002256] using mwait in idle threads.
[    0.002337] CPU: Intel(R) Core(TM)2 Duo CPU     T8100  @ 2.10GHz stepping 06
[    0.002505] Checking 'hlt' instruction... OK.
[    0.006935] ACPI: Core revision 20090903
[    0.026011] RANDOM get_random_int first call with cycles 38431000976, jiffies 4294667322 and pid 0
[    0.026018] CANARY value: d2999882 for PID: 1
[    0.026025] CANARY value: 6060307f for PID: 2
[    0.026049] Enabling APIC mode:  Flat.  Using 1 I/O APICs
[    0.027342] ..TIMER: vector=0x30 apic1=0 pin1=2 apic2=-1 pin2=-1
[    0.037997] xor: automatically using best checksumming function: pIII_sse
[    0.041998]    pIII_sse  :  8568.000 MB/sec
[    0.042076] xor: using function: pIII_sse (8568.000 MB/sec)
[    0.042166] RANDOM - __seed init called.
[    0.042167] RANDOM - __seed init called.
[    0.042168] RANDOM - __seed init called.
[    0.042169] RANDOM - __random32 called. Change num 1.  Value: f7943846	49e73df3	af36cd0d
[    0.042171] RANDOM - __random32 called. Change num 2.  Value: 43846e13	9e73df37	9a1ad014
[    0.042173] RANDOM - __random32 called. Change num 3.  Value: 46e139c8	e73df373	a029598a
[    0.042175] RANDOM - __random32 called. Change num 4.  Value: 139c8c3b	73df373d	b3142c72
[    0.042176] RANDOM - __random32 called. Change num 5.  Value: c8c3b043	3df373de	58e576a9
[    0.042178] RANDOM - __random32 called. Change num 6.  Value: 3b0437d9	df373de5	ed53f9d8
[    0.042180] RANDOM - random32 init called.  Value: 3b0437d9	df373de5	ed53f9d8
[    0.042197] NET: Registered protocol family 16
[    0.042449] ACPI FADT declares the system doesn't support PCIe ASPM, so disable it
[    0.042562] ACPI: bus type pci registered
[    0.042728] PCI: MCFG configuration 0: base f0000000 segment 0 buses 0 - 63
[    0.042810] PCI: MCFG area at f0000000 reserved in E820
[    0.042893] PCI: Using MMCONFIG for extended config space
[    0.042984] PCI: Using configuration type 1 for base access
[    0.046084] bio: create slab <bio-0> at 0
[    0.046894] ACPI: EC: EC description table is found, configuring boot EC
[    0.052054] ACPI: BIOS _OSI(Linux) query honored via DMI
[    0.052757] random 0000 0000 0000 00000000 00000000: rand_read_num 2 get_random_bytes(8): sig fffffe1a 00000000 00000000
[    0.052760] random 0000 0000 0000 00000000 00000000: extract_entropy(.. 8 ..)
[    0.052762] random 0000 0000 0000 00000000 00000000: going to reseed nonblocking with 64 bits (64 of 0 requested)
[    0.052765] random 0000 0000 0000 00000000 00000000: extract_entropy(.. 8 ..)
[    0.052767] random 0000 0000 0000 00000000 00000000: trying to extract 64 bits from input
[    0.052769] random 0000 0000 0000 00000000 00000000: debiting 0 entropy credits from input
[    0.052771] random 0000 0000 0000 00000000 00000000: extract_entropy account returned: 0 
[    0.052774] random 0000 0000 0000 00000000 00000000: urand_change_num 3 xfer_secondary_pool(8): pool_sig fffffe1a, data_sig 00000000, bytes_mixed 0 00000000 00000000
[    0.052777] random 0000 0000 0000 00000000 00000000: trying to extract 64 bits from nonblocking
[    0.052779] random 0000 0000 0000 00000000 00000000: debiting 64 entropy credits from nonblocking (unlimited)
[    0.052782] random 0000 0000 0000 00000000 00000000: extract_entropy account returned: 8 
[    0.052812] random 0000 0000 0000 00000000 00000000: urand_change_num 4 extract_buf: pool_sig fffffe1a, data_sig fffffed7, bytes_mixed 20 00000000 00000000
[    0.058402] ACPI: Interpreter enabled
[    0.058486] ACPI: (supports S0 S3 S4 S5)
[    0.058784] ACPI: Using IOAPIC for interrupt routing
[    0.068526] ACPI: EC: GPE = 0x12, I/O: command/status = 0x66, data = 0x62
[    0.068826] ACPI: Power Resource [PUBS] (on)
[    0.070920] ACPI: ACPI Dock Station Driver: 3 docks/bays found
[    0.071320] ACPI: PCI Root Bridge [PCI0] (0000:00)
[    0.071486] pci 0000:00:02.0: reg 10 64bit mmio: [0xf8100000-0xf81fffff]
[    0.071492] pci 0000:00:02.0: reg 18 64bit mmio pref: [0xe0000000-0xefffffff]
[    0.071495] pci 0000:00:02.0: reg 20 io port: [0x1800-0x1807]
[    0.071530] pci 0000:00:02.1: reg 10 64bit mmio: [0xf8200000-0xf82fffff]
[    0.071635] pci 0000:00:19.0: reg 10 32bit mmio: [0xfe000000-0xfe01ffff]
[    0.071644] pci 0000:00:19.0: reg 14 32bit mmio: [0xfe025000-0xfe025fff]
[    0.071653] pci 0000:00:19.0: reg 18 io port: [0x1840-0x185f]
[    0.071719] pci 0000:00:19.0: PME# supported from D0 D3hot D3cold
[    0.071807] pci 0000:00:19.0: PME# disabled
[    0.071952] pci 0000:00:1a.0: reg 20 io port: [0x1860-0x187f]
[    0.072083] pci 0000:00:1a.1: reg 20 io port: [0x1880-0x189f]
[    0.072160] pci 0000:00:1a.7: reg 10 32bit mmio: [0xfe226c00-0xfe226fff]
[    0.072252] pci 0000:00:1a.7: PME# supported from D0 D3hot D3cold
[    0.072336] pci 0000:00:1a.7: PME# disabled
[    0.072474] pci 0000:00:1b.0: reg 10 64bit mmio: [0xfe020000-0xfe023fff]
[    0.072563] pci 0000:00:1b.0: PME# supported from D0 D3hot D3cold
[    0.072654] pci 0000:00:1b.0: PME# disabled
[    0.072850] pci 0000:00:1c.0: PME# supported from D0 D3hot D3cold
[    0.072938] pci 0000:00:1c.0: PME# disabled
[    0.073112] pci 0000:00:1c.1: PME# supported from D0 D3hot D3cold
[    0.073198] pci 0000:00:1c.1: PME# disabled
[    0.073390] pci 0000:00:1c.2: PME# supported from D0 D3hot D3cold
[    0.073479] pci 0000:00:1c.2: PME# disabled
[    0.073685] pci 0000:00:1c.3: PME# supported from D0 D3hot D3cold
[    0.073784] pci 0000:00:1c.3: PME# disabled
[    0.074111] pci 0000:00:1c.4: PME# supported from D0 D3hot D3cold
[    0.074196] pci 0000:00:1c.4: PME# disabled
[    0.074337] pci 0000:00:1d.0: reg 20 io port: [0x18a0-0x18bf]
[    0.074417] pci 0000:00:1d.1: reg 20 io port: [0x18c0-0x18df]
[    0.075073] pci 0000:00:1d.2: reg 20 io port: [0x18e0-0x18ff]
[    0.075168] pci 0000:00:1d.7: reg 10 32bit mmio: [0xfe227000-0xfe2273ff]
[    0.075266] pci 0000:00:1d.7: PME# supported from D0 D3hot D3cold
[    0.075355] pci 0000:00:1d.7: PME# disabled
[    0.075630] pci 0000:00:1f.0: quirk: region 1000-107f claimed by ICH6 ACPI/GPIO/TCO
[    0.075751] pci 0000:00:1f.0: quirk: region 1180-11bf claimed by ICH6 GPIO
[    0.075846] pci 0000:00:1f.0: ICH7 LPC Generic IO decode 1 PIO at 1600 (mask 007f)
[    0.075962] pci 0000:00:1f.0: ICH7 LPC Generic IO decode 2 PIO at 15e0 (mask 000f)
[    0.075998] pci 0000:00:1f.0: ICH7 LPC Generic IO decode 3 PIO at 1680 (mask 001f)
[    0.076201] pci 0000:00:1f.1: reg 10 io port: [0x00-0x07]
[    0.076208] pci 0000:00:1f.1: reg 14 io port: [0x00-0x03]
[    0.076217] pci 0000:00:1f.1: reg 18 io port: [0x00-0x07]
[    0.076228] pci 0000:00:1f.1: reg 1c io port: [0x00-0x03]
[    0.076237] pci 0000:00:1f.1: reg 20 io port: [0x1c00-0x1c0f]
[    0.076318] pci 0000:00:1f.2: reg 10 io port: [0x1c50-0x1c57]
[    0.076327] pci 0000:00:1f.2: reg 14 io port: [0x1c44-0x1c47]
[    0.076336] pci 0000:00:1f.2: reg 18 io port: [0x1c48-0x1c4f]
[    0.076342] pci 0000:00:1f.2: reg 1c io port: [0x1c40-0x1c43]
[    0.076351] pci 0000:00:1f.2: reg 20 io port: [0x1c20-0x1c3f]
[    0.076360] pci 0000:00:1f.2: reg 24 32bit mmio: [0xfe226000-0xfe2267ff]
[    0.076420] pci 0000:00:1f.2: PME# supported from D3hot
[    0.076507] pci 0000:00:1f.2: PME# disabled
[    0.076616] pci 0000:00:1f.3: reg 10 32bit mmio: [0xfe227400-0xfe2274ff]
[    0.076641] pci 0000:00:1f.3: reg 20 io port: [0x1c60-0x1c7f]
[    0.076737] pci 0000:00:1c.0: bridge io port: [0x2000-0x2fff]
[    0.076743] pci 0000:00:1c.0: bridge 32bit mmio: [0xfc000000-0xfdffffff]
[    0.076755] pci 0000:00:1c.0: bridge 64bit mmio pref: [0xf8000000-0xf80fffff]
[    0.076827] pci 0000:03:00.0: reg 10 64bit mmio: [0xdf3f0000-0xdf3fffff]
[    0.077109] pci 0000:00:1c.1: bridge io port: [0x3000-0x3fff]
[    0.077114] pci 0000:00:1c.1: bridge 32bit mmio: [0xdc000000-0xdf3fffff]
[    0.077122] pci 0000:00:1c.1: bridge 64bit mmio pref: [0xdfe00000-0xdfefffff]
[    0.077179] pci 0000:00:1c.2: bridge io port: [0x4000-0x4fff]
[    0.077185] pci 0000:00:1c.2: bridge 32bit mmio: [0xd8000000-0xd9ffffff]
[    0.077195] pci 0000:00:1c.2: bridge 64bit mmio pref: [0xdfb00000-0xdfbfffff]
[    0.077256] pci 0000:00:1c.3: bridge io port: [0x5000-0x5fff]
[    0.077262] pci 0000:00:1c.3: bridge 32bit mmio: [0xd4000000-0xd5ffffff]
[    0.077271] pci 0000:00:1c.3: bridge 64bit mmio pref: [0xdf800000-0xdf8fffff]
[    0.077326] pci 0000:00:1c.4: bridge io port: [0x6000-0x6fff]
[    0.077332] pci 0000:00:1c.4: bridge 32bit mmio: [0xd0000000-0xd1ffffff]
[    0.077341] pci 0000:00:1c.4: bridge 64bit mmio pref: [0xdf500000-0xdf5fffff]
[    0.077400] pci 0000:15:00.0: reg 10 32bit mmio: [0xf8300000-0xf8300fff]
[    0.077444] pci 0000:15:00.0: supports D1 D2
[    0.077446] pci 0000:15:00.0: PME# supported from D0 D1 D2 D3hot D3cold
[    0.077530] pci 0000:15:00.0: PME# disabled
[    0.077665] pci 0000:15:00.1: reg 10 32bit mmio: [0xf8301000-0xf83017ff]
[    0.077766] pci 0000:15:00.1: supports D1 D2
[    0.077767] pci 0000:15:00.1: PME# supported from D0 D1 D2 D3hot D3cold
[    0.077851] pci 0000:15:00.1: PME# disabled
[    0.078026] pci 0000:00:1e.0: transparent bridge
[    0.078114] pci 0000:00:1e.0: bridge io port: [0x7000-0xafff]
[    0.078120] pci 0000:00:1e.0: bridge 32bit mmio: [0xf8300000-0xfbffffff]
[    0.078130] pci 0000:00:1e.0: bridge 64bit mmio pref: [0xf4000000-0xf7ffffff]
[    0.078194] pci_bus 0000:00: on NUMA node 0
[    0.078198] ACPI: PCI Interrupt Routing Table [\_SB_.PCI0._PRT]
[    0.078331] ACPI: PCI Interrupt Routing Table [\_SB_.PCI0.EXP0._PRT]
[    0.078390] ACPI: PCI Interrupt Routing Table [\_SB_.PCI0.EXP1._PRT]
[    0.078448] ACPI: PCI Interrupt Routing Table [\_SB_.PCI0.EXP2._PRT]
[    0.078506] ACPI: PCI Interrupt Routing Table [\_SB_.PCI0.EXP3._PRT]
[    0.078569] ACPI: PCI Interrupt Routing Table [\_SB_.PCI0.EXP4._PRT]
[    0.078631] ACPI: PCI Interrupt Routing Table [\_SB_.PCI0.PCI1._PRT]
[    0.084111] ACPI: PCI Interrupt Link [LNKA] (IRQs 3 4 5 6 7 9 *10 11)
[    0.084834] ACPI: PCI Interrupt Link [LNKB] (IRQs 3 4 5 6 7 9 10 *11)
[    0.085518] ACPI: PCI Interrupt Link [LNKC] (IRQs 3 4 5 6 7 9 10 *11)
[    0.086237] ACPI: PCI Interrupt Link [LNKD] (IRQs 3 4 5 6 7 9 10 *11)
[    0.087004] ACPI: PCI Interrupt Link [LNKE] (IRQs 3 4 5 6 7 9 10 *11)
[    0.087719] ACPI: PCI Interrupt Link [LNKF] (IRQs 3 4 5 6 7 9 10 *11)
[    0.088429] ACPI: PCI Interrupt Link [LNKG] (IRQs 3 4 5 6 7 9 10 *11)
[    0.089178] ACPI: PCI Interrupt Link [LNKH] (IRQs 3 4 5 6 7 9 10 *11)
[    0.089851] vgaarb: device added: PCI:0000:00:02.0,decodes=io+mem,owns=io+mem,locks=none
[    0.090001] vgaarb: loaded
[    0.090175] SCSI subsystem initialized
[    0.090264] libata version 3.00 loaded.
[    0.090313] usbcore: registered new interface driver usbfs
[    0.090434] usbcore: registered new interface driver hub
[    0.090548] usbcore: registered new device driver usb
[    0.107040] raid6: int32x1    941 MB/s
[    0.123989] raid6: int32x2    886 MB/s
[    0.141068] raid6: int32x4    750 MB/s
[    0.157991] raid6: int32x8    656 MB/s
[    0.174985] raid6: mmxx1     2878 MB/s
[    0.191986] raid6: mmxx2     3253 MB/s
[    0.209002] raid6: sse1x1    1937 MB/s
[    0.225979] raid6: sse1x2    2531 MB/s
[    0.242985] raid6: sse2x1    3503 MB/s
[    0.259973] raid6: sse2x2    3828 MB/s
[    0.260056] raid6: using algorithm sse2x2 (3828 MB/s)
[    0.260139] PCI: Using ACPI for IRQ routing
[    0.260437] HPET: 3 timers in total, 0 timers will be used for per-cpu timer
[    0.260990] Switching to clocksource tsc
[    0.261082] pnp: PnP ACPI init
[    0.261166] ACPI: bus type pnp registered
[    0.264831] pnp: PnP ACPI: found 11 devices
[    0.264926] ACPI: ACPI bus type pnp unregistered
[    0.265014] system 00:00: iomem range 0x0-0x9ffff could not be reserved
[    0.265098] system 00:00: iomem range 0xc0000-0xc3fff could not be reserved
[    0.265183] system 00:00: iomem range 0xc4000-0xc7fff could not be reserved
[    0.265269] system 00:00: iomem range 0xc8000-0xcbfff has been reserved
[    0.265350] system 00:00: iomem range 0xcc000-0xcffff has been reserved
[    0.265445] system 00:00: iomem range 0xd0000-0xd3fff could not be reserved
[    0.265528] system 00:00: iomem range 0xe0000-0xe3fff could not be reserved
[    0.265613] system 00:00: iomem range 0xe4000-0xe7fff could not be reserved
[    0.265700] system 00:00: iomem range 0xe8000-0xebfff could not be reserved
[    0.265783] system 00:00: iomem range 0xec000-0xeffff could not be reserved
[    0.265872] system 00:00: iomem range 0xf0000-0xfffff could not be reserved
[    0.265970] system 00:00: iomem range 0x100000-0x3dffffff could not be reserved
[    0.266094] system 00:00: iomem range 0xfec00000-0xfed3ffff could not be reserved
[    0.266209] system 00:00: iomem range 0xfed4c000-0xffffffff could not be reserved
[    0.266324] system 00:02: ioport range 0x164e-0x164f has been reserved
[    0.266406] system 00:02: ioport range 0x1000-0x107f has been reserved
[    0.266492] system 00:02: ioport range 0x1180-0x11bf has been reserved
[    0.266574] system 00:02: ioport range 0x800-0x80f has been reserved
[    0.266654] system 00:02: ioport range 0x15e0-0x15ef has been reserved
[    0.266736] system 00:02: ioport range 0x1600-0x165f could not be reserved
[    0.266823] system 00:02: iomem range 0xf0000000-0xf3ffffff has been reserved
[    0.266910] system 00:02: iomem range 0xfed1c000-0xfed1ffff has been reserved
[    0.267000] system 00:02: iomem range 0xfed14000-0xfed17fff has been reserved
[    0.267100] system 00:02: iomem range 0xfed18000-0xfed18fff has been reserved
[    0.267188] system 00:02: iomem range 0xfed19000-0xfed19fff has been reserved
[    0.267272] system 00:02: iomem range 0xfed45000-0xfed4bfff has been reserved
[    0.302317] pci 0000:00:1c.0: PCI bridge, secondary bus 0000:02
[    0.302400] pci 0000:00:1c.0:   IO window: 0x2000-0x2fff
[    0.302491] pci 0000:00:1c.0:   MEM window: 0xfc000000-0xfdffffff
[    0.302583] pci 0000:00:1c.0:   PREFETCH window: 0x000000f8000000-0x000000f80fffff
[    0.302700] pci 0000:00:1c.1: PCI bridge, secondary bus 0000:03
[    0.302790] pci 0000:00:1c.1:   IO window: 0x3000-0x3fff
[    0.302883] pci 0000:00:1c.1:   MEM window: 0xdc000000-0xdf3fffff
[    0.302976] pci 0000:00:1c.1:   PREFETCH window: 0x000000dfe00000-0x000000dfefffff
[    0.303093] pci 0000:00:1c.2: PCI bridge, secondary bus 0000:04
[    0.303175] pci 0000:00:1c.2:   IO window: 0x4000-0x4fff
[    0.303262] pci 0000:00:1c.2:   MEM window: 0xd8000000-0xd9ffffff
[    0.303360] pci 0000:00:1c.2:   PREFETCH window: 0x000000dfb00000-0x000000dfbfffff
[    0.303476] pci 0000:00:1c.3: PCI bridge, secondary bus 0000:05
[    0.303565] pci 0000:00:1c.3:   IO window: 0x5000-0x5fff
[    0.303648] pci 0000:00:1c.3:   MEM window: 0xd4000000-0xd5ffffff
[    0.303736] pci 0000:00:1c.3:   PREFETCH window: 0x000000df800000-0x000000df8fffff
[    0.303860] pci 0000:00:1c.4: PCI bridge, secondary bus 0000:0d
[    0.303948] pci 0000:00:1c.4:   IO window: 0x6000-0x6fff
[    0.304036] pci 0000:00:1c.4:   MEM window: 0xd0000000-0xd1ffffff
[    0.304130] pci 0000:00:1c.4:   PREFETCH window: 0x000000df500000-0x000000df5fffff
[    0.304250] pci 0000:15:00.0: CardBus bridge, secondary bus 0000:16
[    0.304335] pci 0000:15:00.0:   IO window: 0x007000-0x0070ff
[    0.304422] pci 0000:15:00.0:   IO window: 0x007400-0x0074ff
[    0.304505] pci 0000:15:00.0:   PREFETCH window: 0xf4000000-0xf7ffffff
[    0.304599] pci 0000:15:00.0:   MEM window: 0x40000000-0x43ffffff
[    0.304688] pci 0000:00:1e.0: PCI bridge, secondary bus 0000:15
[    0.304777] pci 0000:00:1e.0:   IO window: 0x7000-0xafff
[    0.304869] pci 0000:00:1e.0:   MEM window: 0xf8300000-0xfbffffff
[    0.304956] pci 0000:00:1e.0:   PREFETCH window: 0x000000f4000000-0x000000f7ffffff
[    0.305091] pci 0000:00:1c.0: PCI INT A -> GSI 20 (level, low) -> IRQ 20
[    0.305187] pci 0000:00:1c.0: setting latency timer to 64
[    0.305201] pci 0000:00:1c.1: PCI INT B -> GSI 21 (level, low) -> IRQ 21
[    0.305297] pci 0000:00:1c.1: setting latency timer to 64
[    0.305306] pci 0000:00:1c.2: PCI INT C -> GSI 22 (level, low) -> IRQ 22
[    0.305389] pci 0000:00:1c.2: setting latency timer to 64
[    0.305401] pci 0000:00:1c.3: PCI INT D -> GSI 23 (level, low) -> IRQ 23
[    0.305494] pci 0000:00:1c.3: setting latency timer to 64
[    0.305503] pci 0000:00:1c.4: PCI INT A -> GSI 20 (level, low) -> IRQ 20
[    0.305587] pci 0000:00:1c.4: setting latency timer to 64
[    0.305593] pci 0000:00:1e.0: enabling device (0005 -> 0007)
[    0.305679] pci 0000:00:1e.0: setting latency timer to 64
[    0.305695] pci 0000:15:00.0: PCI INT A -> GSI 16 (level, low) -> IRQ 16
[    0.305780] pci 0000:15:00.0: setting latency timer to 64
[    0.305786] pci_bus 0000:00: resource 0 io:  [0x00-0xffff]
[    0.305788] pci_bus 0000:00: resource 1 mem: [0x000000-0xffffffff]
[    0.305790] pci_bus 0000:02: resource 0 io:  [0x2000-0x2fff]
[    0.305791] pci_bus 0000:02: resource 1 mem: [0xfc000000-0xfdffffff]
[    0.305793] pci_bus 0000:02: resource 2 pref mem [0xf8000000-0xf80fffff]
[    0.305795] pci_bus 0000:03: resource 0 io:  [0x3000-0x3fff]
[    0.305797] pci_bus 0000:03: resource 1 mem: [0xdc000000-0xdf3fffff]
[    0.305799] pci_bus 0000:03: resource 2 pref mem [0xdfe00000-0xdfefffff]
[    0.305801] pci_bus 0000:04: resource 0 io:  [0x4000-0x4fff]
[    0.305803] pci_bus 0000:04: resource 1 mem: [0xd8000000-0xd9ffffff]
[    0.305805] pci_bus 0000:04: resource 2 pref mem [0xdfb00000-0xdfbfffff]
[    0.305806] pci_bus 0000:05: resource 0 io:  [0x5000-0x5fff]
[    0.305808] pci_bus 0000:05: resource 1 mem: [0xd4000000-0xd5ffffff]
[    0.305810] pci_bus 0000:05: resource 2 pref mem [0xdf800000-0xdf8fffff]
[    0.305812] pci_bus 0000:0d: resource 0 io:  [0x6000-0x6fff]
[    0.305814] pci_bus 0000:0d: resource 1 mem: [0xd0000000-0xd1ffffff]
[    0.305815] pci_bus 0000:0d: resource 2 pref mem [0xdf500000-0xdf5fffff]
[    0.305817] pci_bus 0000:15: resource 0 io:  [0x7000-0xafff]
[    0.305819] pci_bus 0000:15: resource 1 mem: [0xf8300000-0xfbffffff]
[    0.305821] pci_bus 0000:15: resource 2 pref mem [0xf4000000-0xf7ffffff]
[    0.305823] pci_bus 0000:15: resource 3 io:  [0x00-0xffff]
[    0.305825] pci_bus 0000:15: resource 4 mem: [0x000000-0xffffffff]
[    0.305826] pci_bus 0000:16: resource 0 io:  [0x7000-0x70ff]
[    0.305828] pci_bus 0000:16: resource 1 io:  [0x7400-0x74ff]
[    0.305830] pci_bus 0000:16: resource 2 pref mem [0xf4000000-0xf7ffffff]
[    0.305832] pci_bus 0000:16: resource 3 mem: [0x40000000-0x43ffffff]
[    0.305840] NET: Registered protocol family 2
[    0.305924] RANDOM - __random32 called. Change num 7.  Value: 437d97bf	f373de51	f3b0f986
[    0.305926] RANDOM - random32 called.  Value: 437d97bf	f373de51	f3b0f986
[    0.305930] random 0000 0000 0000 5f8db4e5 4cfdf2a8: rand_read_num 3 get_random_bytes(4): sig fffffb64 5f8db4e5 4cfdf2a8
[    0.305933] random 0000 0000 0000 5f8db4e5 4cfdf2a8: extract_entropy(.. 4 ..)
[    0.305935] random 0000 0000 0000 5f8db4e5 4cfdf2a8: going to reseed nonblocking with 64 bits (32 of 0 requested)
[    0.305937] random 0000 0000 0000 5f8db4e5 4cfdf2a8: extract_entropy(.. 8 ..)
[    0.305940] random 0000 0000 0000 5f8db4e5 4cfdf2a8: trying to extract 64 bits from input
[    0.305942] random 0000 0000 0000 5f8db4e5 4cfdf2a8: debiting 0 entropy credits from input
[    0.305944] random 0000 0000 0000 5f8db4e5 4cfdf2a8: extract_entropy account returned: 0 
[    0.305947] random 0000 0000 0000 5f8db4e5 4cfdf2a8: urand_change_num 5 xfer_secondary_pool(4): pool_sig fffffb64, data_sig 00000000, bytes_mixed 0 5f8db4e5 4cfdf2a8
[    0.305950] random 0000 0000 0000 5f8db4e5 4cfdf2a8: trying to extract 32 bits from nonblocking
[    0.305952] random 0000 0000 0000 5f8db4e5 4cfdf2a8: debiting 32 entropy credits from nonblocking (unlimited)
[    0.305954] random 0000 0000 0000 5f8db4e5 4cfdf2a8: extract_entropy account returned: 4 
[    0.305959] random 0000 0000 0000 5f8db4e5 4cfdf2a8: urand_change_num 6 extract_buf: pool_sig fffffb64, data_sig 00000241, bytes_mixed 20 5f8db4e5 4cfdf2a8
[    0.305968] IP route cache hash table entries: 32768 (order: 5, 131072 bytes)
[    0.306094] RANDOM - __random32 called. Change num 8.  Value: d97bfe31	373de51f	f30dc6e6
[    0.306096] RANDOM - random32 called.  Value: d97bfe31	373de51f	f30dc6e6
[    0.306107] RANDOM - __random32 called. Change num 9.  Value: bfe314d7	73de51f5	8dcd6c7e
[    0.306108] RANDOM - random32 called.  Value: bfe314d7	73de51f5	8dcd6c7e
[    0.306110] RANDOM - __random32 called. Change num 10.  Value: 314d7baf	3de51f5e	d8fc74c1
[    0.306112] RANDOM - random32 called.  Value: 314d7baf	3de51f5e	d8fc74c1
[    0.306122] RANDOM - __random32 called. Change num 11.  Value: d7baf3c7	de51f5e5	e983e3fa
[    0.306124] RANDOM - random32 called.  Value: d7baf3c7	de51f5e5	e983e3fa
[    0.306134] TCP established hash table entries: 131072 (order: 8, 1048576 bytes)
[    0.306618] TCP bind hash table entries: 65536 (order: 6, 262144 bytes)
[    0.306797] TCP: Hash tables configured (established 131072 bind 65536)
[    0.306887] TCP reno registered
[    0.306982] NET: Registered protocol family 1
[    0.307093] RPC: Registered udp transport module.
[    0.307173] RPC: Registered tcp transport module.
[    0.307256] RPC: Registered tcp NFSv4.1 backchannel transport module.
[    0.307342] pci 0000:00:02.0: Boot video device
[    0.307555] Simple Boot Flag at 0x35 set to 0x1
[    0.308113] highmem bounce pool size: 64 pages
[    0.309594] VFS: Disk quotas dquot_6.5.2
[    0.309709] Dquot-cache hash table entries: 1024 (order 0, 4096 bytes)
[    0.310447] NTFS driver 2.1.29 [Flags: R/W].
[    0.310603] ROMFS MTD (C) 2007 Red Hat, Inc.
[    0.310802] JFS: nTxBlock = 7695, nTxLock = 61562
[    0.313235] SGI XFS with ACLs, security attributes, large block/inode numbers, no debug enabled
[    0.313709] SGI XFS Quota Management subsystem
[    0.314042] Slow work thread pool: Starting up
[    0.314146] Slow work thread pool: Ready
[    0.314230] GFS2 (built May 24 2013 02:47:17) installed
[    0.314319] msgmni has been set to 1734
[    0.314478] alg: No test for cipher_null (cipher_null-generic)
[    0.314568] alg: No test for ecb(cipher_null) (ecb-cipher_null)
[    0.314665] alg: No test for digest_null (digest_null-generic)
[    0.314760] alg: No test for compress_null (compress_null-generic)
[    0.315311] alg: No test for fcrypt (fcrypt-generic)
[    0.316715] alg: No test for stdrng (krng)
[    0.316797] async_tx: api initialized (async)
[    0.316958] Block layer SCSI generic (bsg) driver version 0.4 loaded (major 254)
[    0.317071] io scheduler noop registered
[    0.317157] io scheduler anticipatory registered
[    0.317251] io scheduler deadline registered
[    0.317373] io scheduler cfq registered (default)
[    0.317618] pcieport 0000:00:1c.0: irq 24 for MSI/MSI-X
[    0.317634] pcieport 0000:00:1c.0: setting latency timer to 64
[    0.317817] pcieport 0000:00:1c.1: irq 25 for MSI/MSI-X
[    0.317829] pcieport 0000:00:1c.1: setting latency timer to 64
[    0.318024] pcieport 0000:00:1c.2: irq 26 for MSI/MSI-X
[    0.318035] pcieport 0000:00:1c.2: setting latency timer to 64
[    0.318223] pcieport 0000:00:1c.3: irq 27 for MSI/MSI-X
[    0.318237] pcieport 0000:00:1c.3: setting latency timer to 64
[    0.318414] pcieport 0000:00:1c.4: irq 28 for MSI/MSI-X
[    0.318426] pcieport 0000:00:1c.4: setting latency timer to 64
[    0.318572] pci_hotplug: PCI Hot Plug PCI Core version: 0.5
[    0.318756] isapnp: Scanning for PnP cards...
[    0.679288] isapnp: No Plug & Play device found
[    0.679374] random 0000 0000 0000 5f8db4e5 4cfdf2a8: initializing
[    0.679376] RANDOM init_std_data for input now value: 1369934242679376771
[    0.679378] RANDOM init_std_data for blocking now value: 1369934242679378771
[    0.679380] RANDOM init_std_data for nonblocking now value: 1369934242679380496
[    0.698994] Serial: 8250/16550 driver, 4 ports, IRQ sharing enabled
[    3.710450] floppy0: no floppy controllers found
[    3.711391] brd: module loaded
[    3.711893] loop: module loaded
[    3.711971] Compaq SMART2 Driver (v 2.6.0)
[    3.712086] HP CISS Driver (v 3.6.20)
[    3.712323] input: Macintosh mouse button emulation as /devices/virtual/input/input0
[    3.712468] Uniform Multi-Platform E-IDE driver
[    3.712689] piix 0000:00:1f.1: IDE controller (0x8086:0x2850 rev 0x03)
[    3.712788] pci 0000:00:1f.1: PCI INT C -> GSI 16 (level, low) -> IRQ 16
[    3.712878] piix 0000:00:1f.1: IDE port disabled
[    3.712964] piix 0000:00:1f.1: not 100% native mode: will probe irqs later
[    3.713071]     ide0: BM-DMA at 0x1c00-0x1c07
[    3.713163] Probing IDE interface ide0...
[    4.384779] hda: HL-DT-ST DVDRAM GSA-U10N, ATAPI CD/DVD-ROM drive
[    4.691644] hda: host max PIO4 wanted PIO255(auto-tune) selected PIO4
[    4.692416] hda: UDMA/33 mode selected
[    4.692881] ide0 at 0x1f0-0x1f7,0x3f6 on irq 14
[    4.696754] ide-gd driver 1.18
[    4.696857] ide-cd driver 5.00
[    4.698239] random 0000 0000 0000 00000000 00000000: add_disk_randomness(0:0) 00000000 00000000
[    4.698243] random 0000 0000 0000 00000000 00000000: add_timer_randomness(.. 256) with jiffies: 5713388036574379641, cycles: 5713388032279707659
[    4.698246] random 0000 0000 0000 00000000 00000000: added 11 entropy credits to input
[    4.698249] ide-cd: hda: ATAPI 24X DVD-ROM DVD-R/RAM CD-R/RW drive, 2048kB Cache
[    4.698657] Uniform CD-ROM driver Revision: 3.20
[    4.701531] random 0011 0000 0000 00000000 00000000: add_disk_randomness(0:0) 00000000 00000000
[    4.701534] random 0011 0000 0000 00000000 00000000: add_timer_randomness(.. 256) with jiffies: 5743007488257261180, cycles: 5743007483962589195
[    4.701537] random 0011 0000 0000 00000000 00000000: added 1 entropy credits to input
[    4.701540] random 0012 0000 0000 00000000 00000000: add_disk_randomness(0:0) 00000000 00000000
[    4.701543] random 0012 0000 0000 00000000 00000000: add_timer_randomness(.. 256) with jiffies: 5743083612257615484, cycles: 5743083607962943499
[    4.703530] random 0012 0000 0000 00000000 00000000: add_disk_randomness(0:0) 00000000 00000000
[    4.703533] random 0012 0000 0000 00000000 00000000: add_timer_randomness(.. 256) with jiffies: 5760981544138931838, cycles: 5760981539844259851
[    4.703535] random 0012 0000 0000 00000000 00000000: added 1 entropy credits to input
[    4.703538] random 0013 0000 0000 00000000 00000000: add_disk_randomness(0:0) 00000000 00000000
[    4.703541] random 0013 0000 0000 00000000 00000000: add_timer_randomness(.. 256) with jiffies: 5761056946584780414, cycles: 5761056942290108427
[    4.705528] random 0013 0000 0000 00000000 00000000: add_disk_randomness(0:0) 00000000 00000000
[    4.705530] random 0013 0000 0000 00000000 00000000: add_timer_randomness(.. 256) with jiffies: 5778952310075653760, cycles: 5778952305780981771
[    4.705533] random 0013 0000 0000 00000000 00000000: added 1 entropy credits to input
[    4.705536] random 0014 0000 0000 00000000 00000000: add_disk_randomness(0:0) 00000000 00000000
[    4.705539] random 0014 0000 0000 00000000 00000000: add_timer_randomness(.. 256) with jiffies: 5779026089023864448, cycles: 5779026084729192459
[    4.705815] Loading iSCSI transport class v2.0-870.
[    4.706102] rdac: device handler registered
[    4.706187] hp_sw: device handler registered
[    4.706264] emc: device handler registered
[    4.706342] alua: device handler registered
[    4.707325] Adaptec aacraid driver 1.1-5[2461]-ms
[    4.707735] scsi: <fdomain> Detection failed (no card)
[    4.707822] sym53c416.c: Version 1.0.0-ac
[    4.707926] qlogicfas: no cards were found, please specify I/O address and IRQ using iobase= and irq= options
[    4.708048] QLogic Fibre Channel HBA Driver: 8.03.01-k6
[    4.708257] iscsi: registered transport (qla4xxx)
[    4.708357] QLogic iSCSI HBA Driver
[    4.708434] Emulex LightPulse Fibre Channel SCSI driver 8.3.4
[    4.708515] Copyright(c) 2004-2009 Emulex.  All rights reserved.
[    4.730633] Failed initialization of WD-7000 SCSI card!
[    4.820092] DC390: clustering now enabled by default. If you get problems load
[    4.820210]        with "disable_clustering=1" and report to maintainers
[    4.820340] megaraid cmm: 2.20.2.7 (Release Date: Sun Jul 16 00:01:03 EST 2006)
[    4.820488] megaraid: 2.20.5.1 (Release Date: Thu Nov 16 15:32:35 EST 2006)
[    4.820600] megasas: 00.00.04.01 Thu July 24 11:41:51 PST 2008
[    4.820734] GDT-HA: Storage RAID Controller Driver. Version: 3.05
[    4.820877] 3ware Storage Controller device driver for Linux v1.26.02.002.
[    4.820994] 3ware 9000 Storage Controller device driver for Linux v2.26.02.012.
[    4.821139] nsp32: loading...
[    4.821237] ipr: IBM Power RAID SCSI Device Driver version: 2.4.3 (June 10, 2009)
[    4.821370] RocketRAID 3xxx/4xxx Controller driver v1.6 (090910)
[    4.821470] stex: Promise SuperTrak EX Driver version: 4.6.0000.3
[    4.821606] st: Version 20081215, fixed bufsize 32768, s/g segs 256
[    4.821809] ahci 0000:00:1f.2: version 3.0
[    4.821825] ahci 0000:00:1f.2: PCI INT B -> GSI 16 (level, low) -> IRQ 16
[    4.821965] ahci 0000:00:1f.2: irq 29 for MSI/MSI-X
[    4.822029] ahci 0000:00:1f.2: AHCI 0001.0100 32 slots 3 ports 1.5 Gbps 0x5 impl SATA mode
[    4.822151] ahci 0000:00:1f.2: flags: 64bit ncq sntf pm led clo pio slum part ccc 
[    4.822264] ahci 0000:00:1f.2: setting latency timer to 64
[    4.822407] scsi2 : ahci
[    4.822557] scsi3 : ahci
[    4.822710] scsi4 : ahci
[    4.822871] ata1: SATA max UDMA/133 abar m2048@0xfe226000 port 0xfe226100 irq 29
[    4.822990] ata2: DUMMY
[    4.823069] ata3: SATA max UDMA/133 abar m2048@0xfe226000 port 0xfe226200 irq 29
[    4.823682] I2O subsystem v1.325
[    4.823765] i2o: max drivers = 8
[    4.823902] I2O Configuration OSM v1.323
[    4.823999] I2O Bus Adapter OSM v1.317
[    4.824091] I2O Block Device OSM v1.325
[    4.824231] I2O SCSI Peripheral OSM v1.316
[    4.824325] I2O ProcFS OSM v1.316
[    4.824427] Fusion MPT base driver 3.04.12
[    4.824508] Copyright (c) 1999-2008 LSI Corporation
[    4.824603] Fusion MPT SPI Host driver 3.04.12
[    4.824761] Fusion MPT FC Host driver 3.04.12
[    4.824877] Fusion MPT SAS Host driver 3.04.12
[    4.825030] ohci1394 0000:15:00.1: PCI INT B -> GSI 17 (level, low) -> IRQ 17
[    4.825117] ohci1394 0000:15:00.1: setting latency timer to 64
[    4.878681] ohci1394: fw-host0: OHCI-1394 1.1 (PCI): IRQ=[17]  MMIO=[f8301000-f83017ff]  Max Packet=[2048]  IR/IT contexts=[4/4]
[    4.881938] ehci_hcd: USB 2.0 'Enhanced' Host Controller (EHCI) Driver
[    4.882210] ehci_hcd 0000:00:1a.7: power state changed by ACPI to D0
[    4.882452] ehci_hcd 0000:00:1a.7: power state changed by ACPI to D0
[    4.882542] ehci_hcd 0000:00:1a.7: PCI INT C -> GSI 22 (level, low) -> IRQ 22
[    4.882647] ehci_hcd 0000:00:1a.7: setting latency timer to 64
[    4.882650] ehci_hcd 0000:00:1a.7: EHCI Host Controller
[    4.882783] ehci_hcd 0000:00:1a.7: new USB bus registered, assigned bus number 1
[    4.886810] ehci_hcd 0000:00:1a.7: cache line size of 32 is not supported
[    4.886819] ehci_hcd 0000:00:1a.7: irq 22, io mem 0xfe226c00
[    4.896648] ehci_hcd 0000:00:1a.7: USB 2.0 started, EHCI 1.00
[    4.896744] usb usb1: New USB device found, idVendor=1d6b, idProduct=0002
[    4.896827] usb usb1: New USB device strings: Mfr=3, Product=2, SerialNumber=1
[    4.896941] usb usb1: Product: EHCI Host Controller
[    4.897027] usb usb1: Manufacturer: Linux 2.6.32.57 ehci_hcd
[    4.897125] usb usb1: SerialNumber: 0000:00:1a.7
[    4.897254] usb usb1: configuration #1 chosen from 1 choice
[    4.897370] hub 1-0:1.0: USB hub found
[    4.897453] hub 1-0:1.0: 4 ports detected
[    4.897754] ehci_hcd 0000:00:1d.7: power state changed by ACPI to D0
[    4.898049] ehci_hcd 0000:00:1d.7: power state changed by ACPI to D0
[    4.898138] ehci_hcd 0000:00:1d.7: PCI INT D -> GSI 19 (level, low) -> IRQ 19
[    4.898234] ehci_hcd 0000:00:1d.7: setting latency timer to 64
[    4.898239] ehci_hcd 0000:00:1d.7: EHCI Host Controller
[    4.898361] ehci_hcd 0000:00:1d.7: new USB bus registered, assigned bus number 2
[    4.898506] ehci_hcd 0000:00:1d.7: debug port 1
[    4.902463] ehci_hcd 0000:00:1d.7: cache line size of 32 is not supported
[    4.902472] ehci_hcd 0000:00:1d.7: irq 19, io mem 0xfe227000
[    4.912651] ehci_hcd 0000:00:1d.7: USB 2.0 started, EHCI 1.00
[    4.912752] usb usb2: New USB device found, idVendor=1d6b, idProduct=0002
[    4.912836] usb usb2: New USB device strings: Mfr=3, Product=2, SerialNumber=1
[    4.912948] usb usb2: Product: EHCI Host Controller
[    4.913037] usb usb2: Manufacturer: Linux 2.6.32.57 ehci_hcd
[    4.913126] usb usb2: SerialNumber: 0000:00:1d.7
[    4.913256] usb usb2: configuration #1 chosen from 1 choice
[    4.913365] hub 2-0:1.0: USB hub found
[    4.913457] hub 2-0:1.0: 6 ports detected
[    4.913626] 116x: driver isp116x-hcd, 03 Nov 2005
[    4.913734] ohci_hcd: USB 1.1 'Open' Host Controller (OHCI) Driver
[    4.913847] uhci_hcd: USB Universal Host Controller Interface driver
[    4.913946] uhci_hcd 0000:00:1a.0: PCI INT A -> GSI 20 (level, low) -> IRQ 20
[    4.914035] uhci_hcd 0000:00:1a.0: setting latency timer to 64
[    4.914037] uhci_hcd 0000:00:1a.0: UHCI Host Controller
[    4.914156] uhci_hcd 0000:00:1a.0: new USB bus registered, assigned bus number 3
[    4.914298] uhci_hcd 0000:00:1a.0: irq 20, io base 0x00001860
[    4.914410] usb usb3: New USB device found, idVendor=1d6b, idProduct=0001
[    4.914502] usb usb3: New USB device strings: Mfr=3, Product=2, SerialNumber=1
[    4.914620] usb usb3: Product: UHCI Host Controller
[    4.914725] usb usb3: Manufacturer: Linux 2.6.32.57 uhci_hcd
[    4.914818] usb usb3: SerialNumber: 0000:00:1a.0
[    4.914945] usb usb3: configuration #1 chosen from 1 choice
[    4.915061] hub 3-0:1.0: USB hub found
[    4.915146] hub 3-0:1.0: 2 ports detected
[    4.915442] uhci_hcd 0000:00:1a.1: power state changed by ACPI to D0
[    4.915681] uhci_hcd 0000:00:1a.1: power state changed by ACPI to D0
[    4.915773] uhci_hcd 0000:00:1a.1: PCI INT B -> GSI 21 (level, low) -> IRQ 21
[    4.915866] uhci_hcd 0000:00:1a.1: setting latency timer to 64
[    4.915870] uhci_hcd 0000:00:1a.1: UHCI Host Controller
[    4.915993] uhci_hcd 0000:00:1a.1: new USB bus registered, assigned bus number 4
[    4.916146] uhci_hcd 0000:00:1a.1: irq 21, io base 0x00001880
[    4.916252] usb usb4: New USB device found, idVendor=1d6b, idProduct=0001
[    4.916335] usb usb4: New USB device strings: Mfr=3, Product=2, SerialNumber=1
[    4.916445] usb usb4: Product: UHCI Host Controller
[    4.916523] usb usb4: Manufacturer: Linux 2.6.32.57 uhci_hcd
[    4.916612] usb usb4: SerialNumber: 0000:00:1a.1
[    4.916756] usb usb4: configuration #1 chosen from 1 choice
[    4.916873] hub 4-0:1.0: USB hub found
[    4.916960] hub 4-0:1.0: 2 ports detected
[    4.917275] uhci_hcd 0000:00:1d.0: power state changed by ACPI to D0
[    4.917572] uhci_hcd 0000:00:1d.0: power state changed by ACPI to D0
[    4.917670] uhci_hcd 0000:00:1d.0: PCI INT A -> GSI 16 (level, low) -> IRQ 16
[    4.917757] uhci_hcd 0000:00:1d.0: setting latency timer to 64
[    4.917761] uhci_hcd 0000:00:1d.0: UHCI Host Controller
[    4.917884] uhci_hcd 0000:00:1d.0: new USB bus registered, assigned bus number 5
[    4.918028] uhci_hcd 0000:00:1d.0: irq 16, io base 0x000018a0
[    4.918134] usb usb5: New USB device found, idVendor=1d6b, idProduct=0001
[    4.918217] usb usb5: New USB device strings: Mfr=3, Product=2, SerialNumber=1
[    4.918337] usb usb5: Product: UHCI Host Controller
[    4.918421] usb usb5: Manufacturer: Linux 2.6.32.57 uhci_hcd
[    4.918501] usb usb5: SerialNumber: 0000:00:1d.0
[    4.918628] usb usb5: configuration #1 chosen from 1 choice
[    4.918755] hub 5-0:1.0: USB hub found
[    4.918838] hub 5-0:1.0: 2 ports detected
[    4.918974] uhci_hcd 0000:00:1d.1: PCI INT B -> GSI 17 (level, low) -> IRQ 17
[    4.919063] uhci_hcd 0000:00:1d.1: setting latency timer to 64
[    4.919067] uhci_hcd 0000:00:1d.1: UHCI Host Controller
[    4.919190] uhci_hcd 0000:00:1d.1: new USB bus registered, assigned bus number 6
[    4.919339] uhci_hcd 0000:00:1d.1: irq 17, io base 0x000018c0
[    4.919448] usb usb6: New USB device found, idVendor=1d6b, idProduct=0001
[    4.919535] usb usb6: New USB device strings: Mfr=3, Product=2, SerialNumber=1
[    4.919653] usb usb6: Product: UHCI Host Controller
[    4.919735] usb usb6: Manufacturer: Linux 2.6.32.57 uhci_hcd
[    4.919826] usb usb6: SerialNumber: 0000:00:1d.1
[    4.919959] usb usb6: configuration #1 chosen from 1 choice
[    4.920073] hub 6-0:1.0: USB hub found
[    4.920153] hub 6-0:1.0: 2 ports detected
[    4.920440] uhci_hcd 0000:00:1d.2: power state changed by ACPI to D0
[    4.920678] uhci_hcd 0000:00:1d.2: power state changed by ACPI to D0
[    4.920767] uhci_hcd 0000:00:1d.2: PCI INT C -> GSI 18 (level, low) -> IRQ 18
[    4.920865] uhci_hcd 0000:00:1d.2: setting latency timer to 64
[    4.920870] uhci_hcd 0000:00:1d.2: UHCI Host Controller
[    4.920997] uhci_hcd 0000:00:1d.2: new USB bus registered, assigned bus number 7
[    4.921138] uhci_hcd 0000:00:1d.2: irq 18, io base 0x000018e0
[    4.921246] usb usb7: New USB device found, idVendor=1d6b, idProduct=0001
[    4.921328] usb usb7: New USB device strings: Mfr=3, Product=2, SerialNumber=1
[    4.921440] usb usb7: Product: UHCI Host Controller
[    4.921522] usb usb7: Manufacturer: Linux 2.6.32.57 uhci_hcd
[    4.921613] usb usb7: SerialNumber: 0000:00:1d.2
[    4.922402] usb usb7: configuration #1 chosen from 1 choice
[    4.922510] hub 7-0:1.0: USB hub found
[    4.922598] hub 7-0:1.0: 2 ports detected
[    4.922752] sl811: driver sl811-hcd, 19 May 2005
[    4.922853] r8a66597_hcd: driver r8a66597_hcd, 2009-05-26
[    4.923012] Initializing USB Mass Storage driver...
[    4.923140] usbcore: registered new interface driver usb-storage
[    4.923222] USB Mass Storage support registered.
[    4.923318] usbcore: registered new interface driver ums-alauda
[    4.923426] usbcore: registered new interface driver ums-cypress
[    4.923535] usbcore: registered new interface driver ums-datafab
[    4.923634] usbcore: registered new interface driver ums-freecom
[    4.923749] usbcore: registered new interface driver ums-isd200
[    4.923855] usbcore: registered new interface driver ums-jumpshot
[    4.923965] usbcore: registered new interface driver ums-karma
[    4.924065] usbcore: registered new interface driver ums-onetouch
[    4.924170] usbcore: registered new interface driver ums-sddr09
[    4.924272] usbcore: registered new interface driver ums-sddr55
[    4.924370] usbcore: registered new interface driver ums-usbat
[    4.924509] PNP: PS/2 Controller [PNP0303:KBD,PNP0f13:MOU] at 0x60,0x64 irq 1,12
[    4.933754] serio: i8042 KBD port at 0x60,0x64 irq 1
[    4.933836] serio: i8042 AUX port at 0x60,0x64 irq 12
[    4.934074] mice: PS/2 mouse device common for all mice
[    4.934183] i2c /dev entries driver
[    4.934310] md: linear personality registered for level -1
[    4.934394] md: raid0 personality registered for level 0
[    4.934478] md: raid1 personality registered for level 1
[    4.934559] md: raid10 personality registered for level 10
[    4.934642] md: raid6 personality registered for level 6
[    4.934731] md: raid5 personality registered for level 5
[    4.934816] md: raid4 personality registered for level 4
[    4.934907] md: multipath personality registered for level -4
[    4.935096] device-mapper: ioctl: 4.15.0-ioctl (2009-04-01) initialised: dm-devel@redhat.com
[    4.935290] cpuidle: using governor ladder
[    4.935898] usbcore: registered new interface driver usbhid
[    4.935982] usbhid: v2.6:USB HID core driver
[    4.936120] random 0014 0000 0000 00000000 00000000: rand_read_num 4 get_random_bytes(136): sig 00000000 00000000 00000000
[    4.936123] random 0014 0000 0000 00000000 00000000: extract_entropy(.. 136 ..)
[    4.936125] random 0014 0000 0000 00000000 00000000: going to reseed nonblocking with 1024 bits (1088 of 0 requested)
[    4.936128] random 0014 0000 0000 00000000 00000000: extract_entropy(.. 128 ..)
[    4.936130] random 0014 0000 0000 00000000 00000000: trying to extract 1024 bits from input
[    4.936132] random 0014 0000 0000 00000000 00000000: debiting 0 entropy credits from input
[    4.936134] random 0014 0000 0000 00000000 00000000: extract_entropy account returned: 0 
[    4.936137] random 0014 0000 0000 00000000 00000000: urand_change_num 7 xfer_secondary_pool(136): pool_sig 00000000, data_sig 00000000, bytes_mixed 0 00000000 00000000
[    4.936140] random 0014 0000 0000 00000000 00000000: trying to extract 1088 bits from nonblocking
[    4.936143] random 0014 0000 0000 00000000 00000000: debiting 1088 entropy credits from nonblocking (unlimited)
[    4.936145] random 0014 0000 0000 00000000 00000000: extract_entropy account returned: 136 
[    4.936149] random 0014 0000 0000 00000000 00000000: urand_change_num 8 extract_buf: pool_sig 00000000, data_sig fffffff9, bytes_mixed 20 00000000 00000000
[    4.936155] random 0014 0000 0000 b7c35b56 be4dc95d: urand_change_num 9 extract_buf: pool_sig fffffd1e, data_sig 000000c5, bytes_mixed 20 b7c35b56 be4dc95d
[    4.936160] random 0014 0000 0000 ed9f5c47 c48487fb: urand_change_num 10 extract_buf: pool_sig fffff8ec, data_sig ffffff68, bytes_mixed 20 ed9f5c47 c48487fb
[    4.936165] random 0014 0000 0000 ed9f5c47 c48487fb: urand_change_num 11 extract_buf: pool_sig fffffaed, data_sig 000001aa, bytes_mixed 20 ed9f5c47 c48487fb
[    4.936170] random 0014 0000 0000 1b4f7c0a 91bd6a48: urand_change_num 12 extract_buf: pool_sig fffffdd8, data_sig 00000064, bytes_mixed 20 1b4f7c0a 91bd6a48
[    4.936175] random 0014 0000 0000 a254b9bc 20e9a24f: urand_change_num 13 extract_buf: pool_sig fffffbe6, data_sig 000001dd, bytes_mixed 20 a254b9bc 20e9a24f
[    4.936181] random 0014 0000 0000 a254b9bc 20e9a24f: urand_change_num 14 extract_buf: pool_sig fffff940, data_sig fffffe20, bytes_mixed 20 a254b9bc 20e9a24f
[    4.936186] random 0014 0000 0000 2831a66b 5fa2a3ad: urand_change_num 15 extract_buf: pool_sig fffffbce, data_sig 0000007e, bytes_mixed 20 2831a66b 5fa2a3ad
[    4.936191] random 0014 0000 0000 2831a66b 5fa2a3ad: urand_change_num 16 extract_buf: pool_sig 000004df, data_sig fffffe8f, bytes_mixed 20 2831a66b 5fa2a3ad
[    4.936196] random 0014 0000 0000 d4512bfd c9a54e0b: urand_change_num 17 extract_buf: pool_sig 00000485, data_sig fffffe68, bytes_mixed 20 d4512bfd c9a54e0b
[    4.936202] random 0014 0000 0000 c7371be6 f9ffea11: urand_change_num 18 extract_buf: pool_sig 00000095, data_sig ffffffed, bytes_mixed 20 c7371be6 f9ffea11
[    4.936214] random 0014 0000 0000 c7371be6 f9ffea11: urand_change_num 19 extract_buf: pool_sig 000003a7, data_sig fffffefa, bytes_mixed 20 c7371be6 f9ffea11
[    4.936219] random 0014 0000 0000 8fb4b62c d1ddba54: urand_change_num 20 extract_buf: pool_sig 00000179, data_sig ffffff78, bytes_mixed 20 8fb4b62c d1ddba54
[    4.936224] random 0014 0000 0000 9ff19f9c c07a1d2a: urand_change_num 21 extract_buf: pool_sig fffffe88, data_sig 00000126, bytes_mixed 20 9ff19f9c c07a1d2a
[    4.936228] TCP cubic registered
[    4.936309] Initializing XFRM netlink socket
[    4.936392] NET: Registered protocol family 17
[    4.936483] Using IPI Shortcut mode
[    4.936569] random 0014 0000 0000 9ff19f9c c07a1d2a: rand_read_num 5 get_random_bytes(8): sig 0000031b 9ff19f9c c07a1d2a
[    4.936571] random 0014 0000 0000 9ff19f9c c07a1d2a: extract_entropy(.. 8 ..)
[    4.936574] random 0014 0000 0000 9ff19f9c c07a1d2a: going to reseed nonblocking with 64 bits (64 of 0 requested)
[    4.936576] random 0014 0000 0000 9ff19f9c c07a1d2a: extract_entropy(.. 8 ..)
[    4.936578] random 0014 0000 0000 9ff19f9c c07a1d2a: trying to extract 64 bits from input
[    4.936580] random 0014 0000 0000 9ff19f9c c07a1d2a: debiting 0 entropy credits from input
[    4.936582] random 0014 0000 0000 9ff19f9c c07a1d2a: extract_entropy account returned: 0 
[    4.936585] random 0014 0000 0000 9ff19f9c c07a1d2a: urand_change_num 22 xfer_secondary_pool(8): pool_sig 0000031b, data_sig 00000000, bytes_mixed 0 9ff19f9c c07a1d2a
[    4.936588] random 0014 0000 0000 9ff19f9c c07a1d2a: trying to extract 64 bits from nonblocking
[    4.936591] random 0014 0000 0000 9ff19f9c c07a1d2a: debiting 64 entropy credits from nonblocking (unlimited)
[    4.936593] random 0014 0000 0000 9ff19f9c c07a1d2a: extract_entropy account returned: 8 
[    4.936597] random 0014 0000 0000 9ff19f9c c07a1d2a: urand_change_num 23 extract_buf: pool_sig 0000031b, data_sig ffffffb3, bytes_mixed 20 9ff19f9c c07a1d2a
[    4.939229] input: AT Translated Set 2 keyboard as /devices/platform/i8042/serio0/input/input1
[    5.128700] ata1: SATA link up 1.5 Gbps (SStatus 113 SControl 300)
[    5.128800] ata3: SATA link down (SStatus 0 SControl 300)
[    5.130881] ata1.00: ACPI cmd ef/02:00:00:00:00:a0 (SET FEATURES) succeeded
[    5.130884] ata1.00: ACPI cmd f5/00:00:00:00:00:a0 (SECURITY FREEZE LOCK) filtered out
[    5.132273] ata1.00: ACPI cmd ef/5f:00:00:00:00:a0 (SET FEATURES) succeeded
[    5.132275] ata1.00: ACPI cmd ef/10:03:00:00:00:a0 (SET FEATURES) filtered out
[    5.134184] ata1.00: ATA-7: ST910021AS, 4.06, max UDMA/100
[    5.134269] ata1.00: 195371568 sectors, multi 16: LBA48 
[    5.136425] ata1.00: ACPI cmd ef/02:00:00:00:00:a0 (SET FEATURES) succeeded
[    5.136427] ata1.00: ACPI cmd f5/00:00:00:00:00:a0 (SECURITY FREEZE LOCK) filtered out
[    5.137819] ata1.00: ACPI cmd ef/5f:00:00:00:00:a0 (SET FEATURES) succeeded
[    5.137822] ata1.00: ACPI cmd ef/10:03:00:00:00:a0 (SET FEATURES) filtered out
[    5.139748] ata1.00: configured for UDMA/100
[    5.150753] scsi 2:0:0:0: Direct-Access     ATA      ST910021AS       4.06 PQ: 0 ANSI: 5
[    5.151039] sd 2:0:0:0: [sda] 195371568 512-byte logical blocks: (100 GB/93.1 GiB)
[    5.151173] sd 2:0:0:0: [sda] Write Protect is off
[    5.151252] sd 2:0:0:0: [sda] Mode Sense: 00 3a 00 00
[    5.151265] sd 2:0:0:0: [sda] Write cache: enabled, read cache: enabled, doesn't support DPO or FUA
[    5.151442]  sda:
[    5.215703] usb 2-1: new high speed USB device using ehci_hcd and address 2
[    5.365069] usb 2-1: New USB device found, idVendor=0e8d, idProduct=1806
[    5.365159] usb 2-1: New USB device strings: Mfr=1, Product=2, SerialNumber=3
[    5.365244] usb 2-1: Product: MT1806 
[    5.365328] usb 2-1: Manufacturer: MediaTek Inc
[    5.365405] usb 2-1: SerialNumber: R8KN6GAC800AEB 
[    5.365538] usb 2-1: configuration #1 chosen from 1 choice
[    5.371863] scsi5 : SCSI emulation for USB Mass Storage devices
[    5.372025] usb-storage: device found at 2
[    5.372026] usb-storage: waiting for device to settle before scanning
[    5.552173] random 0014 0000 0000 277f73c3 42024bb9: add_disk_randomness(8:0) 277f73c3 42024bb9
[    5.552177] random 0014 0000 0000 277f73c3 42024bb9: add_timer_randomness(.. 8388864) with jiffies: 13394390811529675127, cycles: -5052353266474549237
[    5.552180] random 0014 0000 0000 277f73c3 42024bb9: added 11 entropy credits to input
[    5.552185]  sda1 sda2
[    5.552483] random 0025 0000 0000 277f73c3 42024bb9: add_disk_randomness(8:0) 277f73c3 42024bb9
[    5.552486] random 0025 0000 0000 277f73c3 42024bb9: add_timer_randomness(.. 8388864) with jiffies: 13397178314024255863, cycles: -5049565763979968501
[    5.552641] sd 2:0:0:0: [sda] Attached SCSI disk
[    5.552729] random 0025 0000 0000 277f73c3 42024bb9: rand_read_num 6 get_random_bytes(12): sig 000007e9 277f73c3 42024bb9
[    5.552732] random 0025 0000 0000 277f73c3 42024bb9: extract_entropy(.. 12 ..)
[    5.552734] random 0025 0000 0000 277f73c3 42024bb9: going to reseed nonblocking with 96 bits (96 of 0 requested)
[    5.552737] random 0025 0000 0000 277f73c3 42024bb9: extract_entropy(.. 12 ..)
[    5.552739] random 0025 0000 0000 277f73c3 42024bb9: trying to extract 96 bits from input
[    5.552741] random 0025 0000 0000 277f73c3 42024bb9: debiting 0 entropy credits from input
[    5.552743] random 0025 0000 0000 277f73c3 42024bb9: extract_entropy account returned: 0 
[    5.552746] random 0025 0000 0000 277f73c3 42024bb9: urand_change_num 24 xfer_secondary_pool(12): pool_sig 000007e9, data_sig 00000000, bytes_mixed 0 277f73c3 42024bb9
[    5.552749] random 0025 0000 0000 277f73c3 42024bb9: trying to extract 96 bits from nonblocking
[    5.552751] random 0025 0000 0000 277f73c3 42024bb9: debiting 96 entropy credits from nonblocking (unlimited)
[    5.552758] random 0025 0000 0000 277f73c3 42024bb9: extract_entropy account returned: 12 
[    5.552762] random 0025 0000 0000 277f73c3 42024bb9: urand_change_num 25 extract_buf: pool_sig 000007e9, data_sig 00000088, bytes_mixed 20 277f73c3 42024bb9
[    5.552767] random 0025 0000 0000 277f73c3 42024bb9: urand_change_num 26 extract_buf: pool_sig 00000498, data_sig fffffefb, bytes_mixed 20 277f73c3 42024bb9
[    5.552770] RANDOM - __seed init called.
[    5.552771] RANDOM - __seed init called.
[    5.552772] RANDOM - __seed init called.
[    5.552774] RANDOM - __random32 called. Change num 12.  Value: 87f14767	f0d7351	b1e48bd3
[    5.552776] RANDOM - random32_reseed called.  Value: 87f14767	f0d7351	b1e48bd3
[    5.552778] Pid: 1, comm: swapper Not tainted 2.6.32.57 #6
[    5.552866] Call Trace:
[    5.552949]  [<c1923ca4>] ? random32_reseed+0xa0/0xb1
[    5.553029]  [<c1923c04>] ? random32_reseed+0x0/0xb1
[    5.553119]  [<c100111e>] ? do_one_initcall+0x2e/0x180
[    5.553201]  [<c1907265>] ? kernel_init+0xad/0x103
[    5.553286]  [<c19071b8>] ? kernel_init+0x0/0x103
[    5.553369]  [<c1003787>] ? kernel_thread_helper+0x7/0x10
[    5.553903] random 0025 0000 0000 386b4e60 ee4d4880: rand_read_num 7 get_random_bytes(64): sig fffffea5 386b4e60 ee4d4880
[    5.553906] random 0025 0000 0000 386b4e60 ee4d4880: extract_entropy(.. 64 ..)
[    5.553908] random 0025 0000 0000 386b4e60 ee4d4880: going to reseed nonblocking with 512 bits (512 of 0 requested)
[    5.553910] random 0025 0000 0000 386b4e60 ee4d4880: extract_entropy(.. 64 ..)
[    5.553912] random 0025 0000 0000 386b4e60 ee4d4880: trying to extract 512 bits from input
[    5.553915] random 0025 0000 0000 386b4e60 ee4d4880: debiting 0 entropy credits from input
[    5.553917] random 0025 0000 0000 386b4e60 ee4d4880: extract_entropy account returned: 0 
[    5.553920] random 0025 0000 0000 386b4e60 ee4d4880: urand_change_num 27 xfer_secondary_pool(64): pool_sig fffffea5, data_sig 00000000, bytes_mixed 0 386b4e60 ee4d4880
[    5.553923] random 0025 0000 0000 386b4e60 ee4d4880: trying to extract 512 bits from nonblocking
[    5.553925] random 0025 0000 0000 386b4e60 ee4d4880: debiting 512 entropy credits from nonblocking (unlimited)
[    5.553927] random 0025 0000 0000 386b4e60 ee4d4880: extract_entropy account returned: 64 
[    5.553931] random 0025 0000 0000 386b4e60 ee4d4880: urand_change_num 28 extract_buf: pool_sig fffffea5, data_sig 00000173, bytes_mixed 20 386b4e60 ee4d4880
[    5.553937] random 0025 0000 0000 412698f6 0cc8689a: urand_change_num 29 extract_buf: pool_sig 00000122, data_sig ffffff63, bytes_mixed 20 412698f6 0cc8689a
[    5.553942] random 0025 0000 0000 412698f6 0cc8689a: urand_change_num 30 extract_buf: pool_sig 000001f7, data_sig 00000012, bytes_mixed 20 412698f6 0cc8689a
[    5.553947] random 0025 0000 0000 9669941e 06f768b1: urand_change_num 31 extract_buf: pool_sig fffffb5b, data_sig 0000003f, bytes_mixed 20 9669941e 06f768b1
[    5.553953] random 0025 0000 0000 98486520 995551f0: urand_change_num 32 extract_buf: pool_sig fffffb39, data_sig 0000000e, bytes_mixed 20 98486520 995551f0
[    5.553958] random 0025 0000 0000 98486520 995551f0: urand_change_num 33 extract_buf: pool_sig fffffd8d, data_sig 000001a6, bytes_mixed 20 98486520 995551f0
[    5.553963] random 0025 0000 0000 61fc8914 d5882ed2: urand_change_num 34 extract_buf: pool_sig fffffa58, data_sig 0000023e, bytes_mixed 20 61fc8914 d5882ed2
[    5.553992] random 0025 0000 0000 61fc8914 d5882ed2: rand_read_num 8 get_random_bytes(64): sig fffff9ee 61fc8914 d5882ed2
[    5.553995] random 0025 0000 0000 61fc8914 d5882ed2: extract_entropy(.. 64 ..)
[    5.553997] random 0025 0000 0000 61fc8914 d5882ed2: going to reseed nonblocking with 512 bits (512 of 0 requested)
[    5.553999] random 0025 0000 0000 61fc8914 d5882ed2: extract_entropy(.. 64 ..)
[    5.554002] random 0025 0000 0000 61fc8914 d5882ed2: trying to extract 512 bits from input
[    5.554004] random 0025 0000 0000 61fc8914 d5882ed2: debiting 0 entropy credits from input
[    5.554006] random 0025 0000 0000 61fc8914 d5882ed2: extract_entropy account returned: 0 
[    5.554009] random 0025 0000 0000 61fc8914 d5882ed2: urand_change_num 35 xfer_secondary_pool(64): pool_sig fffff9ee, data_sig 00000000, bytes_mixed 0 61fc8914 d5882ed2
[    5.554012] random 0025 0000 0000 61fc8914 d5882ed2: trying to extract 512 bits from nonblocking
[    5.554014] random 0025 0000 0000 61fc8914 d5882ed2: debiting 512 entropy credits from nonblocking (unlimited)
[    5.554016] random 0025 0000 0000 61fc8914 d5882ed2: extract_entropy account returned: 64 
[    5.554020] random 0025 0000 0000 61fc8914 d5882ed2: urand_change_num 36 extract_buf: pool_sig fffff9ee, data_sig ffffff85, bytes_mixed 20 61fc8914 d5882ed2
[    5.554026] random 0025 0000 0000 70cfd302 e5edec11: urand_change_num 37 extract_buf: pool_sig fffffdc1, data_sig ffffffde, bytes_mixed 20 70cfd302 e5edec11
[    5.554031] random 0025 0000 0000 00dab838 eafd2b30: urand_change_num 38 extract_buf: pool_sig 000003da, data_sig ffffff61, bytes_mixed 20 00dab838 eafd2b30
[    5.554036] random 0025 0000 0000 00dab838 eafd2b30: urand_change_num 39 extract_buf: pool_sig 00000314, data_sig 00000121, bytes_mixed 20 00dab838 eafd2b30
[    5.554042] random 0025 0000 0000 5fcdf66a 6442b608: urand_change_num 40 extract_buf: pool_sig 0000028b, data_sig fffffefd, bytes_mixed 20 5fcdf66a 6442b608
[    5.554047] random 0025 0000 0000 61333f6b 8fae0f9b: urand_change_num 41 extract_buf: pool_sig 000000cb, data_sig 000000b3, bytes_mixed 20 61333f6b 8fae0f9b
[    5.554052] random 0025 0000 0000 61333f6b 8fae0f9b: urand_change_num 42 extract_buf: pool_sig fffffef8, data_sig 00000051, bytes_mixed 20 61333f6b 8fae0f9b
[    5.554055] BEGIN NET_SECRET:
[    5.554056] \xffffffe0
[    5.554057] \xffffffb6
[    5.554058] \x36
[    5.554058] \xffffffb5
[    5.554059] \xffffff94
[    5.554060] \xffffffb2
[    5.554061] \xffffffa8
[    5.554062] \xffffffda
[    5.554063] \x5b
[    5.554063] \x19
[    5.554064] \x18
[    5.554065] \x5c
[    5.554066] \x2b
[    5.554066] \x1
[    5.554067] \xffffff90
[    5.554068] \x19
[    5.554069] \x3c
[    5.554069] \xfffffff2
[    5.554070] \xffffff82
[    5.554071] \x2a
[    5.554072] \xffffffb3
[    5.554073] \xffffffa2
[    5.554073] \x3f
[    5.554074] \x5
[    5.554075] \x52
[    5.554076] \x77
[    5.554076] \x57
[    5.554077] \x79
[    5.554078] \x16
[    5.554078] \x43
[    5.554079] \xffffff84
[    5.554080] \xffffffc3
[    5.554081] \xffffffe9
[    5.554082] \x79
[    5.554082] \x50
[    5.554083] \xffffff8e
[    5.554084] \x3f
[    5.554085] \xfffffff3
[    5.554085] \x19
[    5.554086] \x2a
[    5.554087] \xfffffffd
[    5.554088] \xfffffffb
[    5.554089] \x62
[    5.554089] \x3c
[    5.554090] \xffffffac
[    5.554091] \x1c
[    5.554092] \x3b
[    5.554092] \x3b
[    5.554093] \x15
[    5.554094] \x27
[    5.554094] \xffffffa8
[    5.554095] \x22
[    5.554096] \xffffffc5
[    5.554097] \xffffff9a
[    5.554098] \x5
[    5.554098] \x6c
[    5.554099] \xffffffa8
[    5.554100] \x3a
[    5.554101] \x44
[    5.554101] \xffffffaf
[    5.554102] \x13
[    5.554103] \xffffffe0
[    5.554104] \xffffff9d
[    5.554105] \x22
[    5.554105] 
[    5.554106] END NET_SECRET
[    5.554108] random 0025 0000 0000 e7f555d9 e8ce5c3c: rand_read_num 9 get_random_bytes(4): sig 0000068c e7f555d9 e8ce5c3c
[    5.554111] random 0025 0000 0000 e7f555d9 e8ce5c3c: extract_entropy(.. 4 ..)
[    5.554113] random 0025 0000 0000 e7f555d9 e8ce5c3c: going to reseed nonblocking with 64 bits (32 of 0 requested)
[    5.554115] random 0025 0000 0000 e7f555d9 e8ce5c3c: extract_entropy(.. 8 ..)
[    5.554117] random 0025 0000 0000 e7f555d9 e8ce5c3c: trying to extract 64 bits from input
[    5.554120] random 0025 0000 0000 e7f555d9 e8ce5c3c: debiting 0 entropy credits from input
[    5.554122] random 0025 0000 0000 e7f555d9 e8ce5c3c: extract_entropy account returned: 0 
[    5.554125] random 0025 0000 0000 e7f555d9 e8ce5c3c: urand_change_num 43 xfer_secondary_pool(4): pool_sig 0000068c, data_sig 00000000, bytes_mixed 0 e7f555d9 e8ce5c3c
[    5.554128] random 0025 0000 0000 e7f555d9 e8ce5c3c: trying to extract 32 bits from nonblocking
[    5.554130] random 0025 0000 0000 e7f555d9 e8ce5c3c: debiting 32 entropy credits from nonblocking (unlimited)
[    5.554132] random 0025 0000 0000 e7f555d9 e8ce5c3c: extract_entropy account returned: 4 
[    5.554136] random 0025 0000 0000 e7f555d9 e8ce5c3c: urand_change_num 44 extract_buf: pool_sig 0000068c, data_sig fffffdcb, bytes_mixed 20 e7f555d9 e8ce5c3c
[    5.554147] md: Waiting for all devices to be available before autodetect
[    5.554237] md: If you don't use raid, use raid=noautodetect
[    5.554392] md: Autodetecting RAID arrays.
[    5.554476] md: Scanned 0 and added 0 devices.
[    5.554566] md: autorun ...
[    5.554642] md: ... autorun DONE.
[    5.565965] random 0025 0000 0000 e7f555d9 e8ce5c3c: add_disk_randomness(8:0) e7f555d9 e8ce5c3c
[    5.565969] random 0025 0000 0000 e7f555d9 e8ce5c3c: add_timer_randomness(.. 8388864) with jiffies: 13518442403479650693, cycles: -4928301674524573685
[    5.565971] random 0025 0000 0000 e7f555d9 e8ce5c3c: added 3 entropy credits to input
[    5.567088] random 0028 0000 0000 e7f555d9 e8ce5c3c: add_disk_randomness(8:0) e7f555d9 e8ce5c3c
[    5.567091] random 0028 0000 0000 e7f555d9 e8ce5c3c: add_timer_randomness(.. 8388864) with jiffies: 13528539699793854854, cycles: -4918204378210369525
[    5.574177] random 0028 0000 0000 e7f555d9 e8ce5c3c: add_disk_randomness(8:0) e7f555d9 e8ce5c3c
[    5.574180] random 0028 0000 0000 e7f555d9 e8ce5c3c: add_timer_randomness(.. 8388864) with jiffies: 13592309694872650125, cycles: -4854434383131574261
[    5.574183] random 0028 0000 0000 e7f555d9 e8ce5c3c: added 2 entropy credits to input
[    5.574188] EXT3-fs: sda2: couldn't mount because of unsupported optional features (240).
[    5.574404] random 0030 0000 0000 e7f555d9 e8ce5c3c: add_disk_randomness(8:0) e7f555d9 e8ce5c3c
[    5.574407] random 0030 0000 0000 e7f555d9 e8ce5c3c: add_timer_randomness(.. 8388864) with jiffies: 13594353274671825293, cycles: -4852390803332399093
[    5.574412] EXT2-fs: sda2: couldn't mount because of unsupported optional features (240).
[    5.574640] random 0030 0000 0000 e7f555d9 e8ce5c3c: add_disk_randomness(8:0) e7f555d9 e8ce5c3c
[    5.574643] random 0030 0000 0000 e7f555d9 e8ce5c3c: add_timer_randomness(.. 8388864) with jiffies: 13596476852531855757, cycles: -4850267225472368629
[    5.574778] random 0030 0000 0000 e7f555d9 e8ce5c3c: add_disk_randomness(8:0) e7f555d9 e8ce5c3c
[    5.574781] random 0030 0000 0000 e7f555d9 e8ce5c3c: add_timer_randomness(.. 8388864) with jiffies: 13597706428654256526, cycles: -4849037649349967861
[    5.574898] random 0030 0000 0000 e7f555d9 e8ce5c3c: add_disk_randomness(8:0) e7f555d9 e8ce5c3c
[    5.574901] random 0030 0000 0000 e7f555d9 e8ce5c3c: add_timer_randomness(.. 8388864) with jiffies: 13598791148414665102, cycles: -4847952929589559285
[    5.575047] random 0030 0000 0000 e7f555d9 e8ce5c3c: add_disk_randomness(8:0) e7f555d9 e8ce5c3c
[    5.575050] random 0030 0000 0000 e7f555d9 e8ce5c3c: add_timer_randomness(.. 8388864) with jiffies: 13600134051544138126, cycles: -4846610026460086261
[    5.575172] random 0030 0000 0000 e7f555d9 e8ce5c3c: add_disk_randomness(8:0) e7f555d9 e8ce5c3c
[    5.575175] random 0030 0000 0000 e7f555d9 e8ce5c3c: add_timer_randomness(.. 8388864) with jiffies: 13601258551291642254, cycles: -4845485526712582133
[    5.575285] random 0030 0000 0000 e7f555d9 e8ce5c3c: add_disk_randomness(8:0) e7f555d9 e8ce5c3c
[    5.575288] random 0030 0000 0000 e7f555d9 e8ce5c3c: add_timer_randomness(.. 8388864) with jiffies: 13602272017544610190, cycles: -4844472060459614197
[    5.575401] random 0030 0000 0000 e7f555d9 e8ce5c3c: add_disk_randomness(8:0) e7f555d9 e8ce5c3c
[    5.575404] random 0030 0000 0000 e7f555d9 e8ce5c3c: add_timer_randomness(.. 8388864) with jiffies: 13603320122708820366, cycles: -4843423955295404021
[    5.575512] random 0030 0000 0000 e7f555d9 e8ce5c3c: add_disk_randomness(8:0) e7f555d9 e8ce5c3c
[    5.575515] random 0030 0000 0000 e7f555d9 e8ce5c3c: add_timer_randomness(.. 8388864) with jiffies: 13604322632500216206, cycles: -4842421445504008181
[    5.575759] random 0030 0000 0000 e7f555d9 e8ce5c3c: rand_read_num 10 get_random_bytes(4): sig ffffff72 e7f555d9 e8ce5c3c
[    5.575761] random 0030 0000 0000 e7f555d9 e8ce5c3c: extract_entropy(.. 4 ..)
[    5.575763] random 0030 0000 0000 e7f555d9 e8ce5c3c: going to reseed nonblocking with 64 bits (32 of 0 requested)
[    5.575766] random 0030 0000 0000 e7f555d9 e8ce5c3c: extract_entropy(.. 8 ..)
[    5.575768] random 0030 0000 0000 e7f555d9 e8ce5c3c: trying to extract 64 bits from input
[    5.575770] random 0030 0000 0000 e7f555d9 e8ce5c3c: debiting 0 entropy credits from input
[    5.575772] random 0030 0000 0000 e7f555d9 e8ce5c3c: extract_entropy account returned: 0 
[    5.575775] random 0030 0000 0000 e7f555d9 e8ce5c3c: urand_change_num 45 xfer_secondary_pool(4): pool_sig ffffff72, data_sig 00000000, bytes_mixed 0 e7f555d9 e8ce5c3c
[    5.575778] random 0030 0000 0000 e7f555d9 e8ce5c3c: trying to extract 32 bits from nonblocking
[    5.575780] random 0030 0000 0000 e7f555d9 e8ce5c3c: debiting 32 entropy credits from nonblocking (unlimited)
[    5.575783] random 0030 0000 0000 e7f555d9 e8ce5c3c: extract_entropy account returned: 4 
[    5.575787] random 0030 0000 0000 e7f555d9 e8ce5c3c: urand_change_num 46 extract_buf: pool_sig ffffff72, data_sig ffffff72, bytes_mixed 20 e7f555d9 e8ce5c3c
[    5.580418] random 0030 0000 0000 91716c54 eeb6a1e7: add_disk_randomness(8:0) 91716c54 eeb6a1e7
[    5.580421] random 0030 0000 0000 91716c54 eeb6a1e7: add_timer_randomness(.. 8388864) with jiffies: 13648451102184276371, cycles: -4798292975819948021
[    5.580424] random 0030 0000 0000 91716c54 eeb6a1e7: added 2 entropy credits to input
[    5.598700] random 0032 0000 0000 91716c54 eeb6a1e7: add_disk_randomness(8:0) 91716c54 eeb6a1e7
[    5.598703] random 0032 0000 0000 91716c54 eeb6a1e7: add_timer_randomness(.. 8388864) with jiffies: 13812893236600734117, cycles: -4633850841403490293
[    5.598705] random 0032 0000 0000 91716c54 eeb6a1e7: added 3 entropy credits to input
[    5.603407] EXT4-fs (sda2): mounted filesystem with ordered data mode
[    5.603597] VFS: Mounted root (ext4 filesystem) readonly on device 8:2.
[    5.603689] Freeing unused kernel memory: 448k freed
[    5.623895] random 0035 0000 0000 91716c54 eeb6a1e7: add_disk_randomness(8:0) 91716c54 eeb6a1e7
[    5.623899] random 0035 0000 0000 91716c54 eeb6a1e7: add_timer_randomness(.. 8388864) with jiffies: 14039511907459367359, cycles: -4407232170544857077
[    5.623901] random 0035 0000 0000 91716c54 eeb6a1e7: added 2 entropy credits to input
[    5.624586] random 0037 0000 0000 91716c54 eeb6a1e7: add_disk_randomness(8:0) 91716c54 eeb6a1e7
[    5.624589] random 0037 0000 0000 91716c54 eeb6a1e7: add_timer_randomness(.. 8388864) with jiffies: 14045733330796380607, cycles: -4401010747207843829
[    5.629311] random 0037 0000 0000 91716c54 eeb6a1e7: add_disk_randomness(8:0) 91716c54 eeb6a1e7
[    5.629314] random 0037 0000 0000 91716c54 eeb6a1e7: add_timer_randomness(.. 8388864) with jiffies: 14088233342155325892, cycles: -4358510735848898549
[    5.629317] random 0037 0000 0000 91716c54 eeb6a1e7: added 2 entropy credits to input
[    5.637510] random 0039 0000 0000 91716c54 eeb6a1e7: add_disk_randomness(8:0) 91716c54 eeb6a1e7
[    5.637514] random 0039 0000 0000 91716c54 eeb6a1e7: add_timer_randomness(.. 8388864) with jiffies: 14161987439685239244, cycles: -4284756638318985205
[    5.637516] random 0039 0000 0000 91716c54 eeb6a1e7: added 1 entropy credits to input
[    5.640937] random 0040 0000 0000 91716c54 eeb6a1e7: add_disk_randomness(8:0) 91716c54 eeb6a1e7
[    5.640940] random 0040 0000 0000 91716c54 eeb6a1e7: add_timer_randomness(.. 8388864) with jiffies: 14192800660348174800, cycles: -4253943417656049653
[    5.640943] random 0040 0000 0000 91716c54 eeb6a1e7: added 2 entropy credits to input
[    5.649835] random 0042 0000 0000 91716c54 eeb6a1e7: add_disk_randomness(8:0) 91716c54 eeb6a1e7
[    5.649838] random 0042 0000 0000 91716c54 eeb6a1e7: add_timer_randomness(.. 8388864) with jiffies: 14272835889850450393, cycles: -4173908188153774069
[    5.649841] random 0042 0000 0000 91716c54 eeb6a1e7: added 2 entropy credits to input
[    5.663117] random 0044 0000 0000 91716c54 eeb6a1e7: add_disk_randomness(8:0) 91716c54 eeb6a1e7
[    5.663120] random 0044 0000 0000 91716c54 eeb6a1e7: add_timer_randomness(.. 8388864) with jiffies: 14392309622188507622, cycles: -4054434455815716853
[    5.671194] random 0044 0000 0000 91716c54 eeb6a1e7: add_disk_randomness(8:0) 91716c54 eeb6a1e7
[    5.671197] random 0044 0000 0000 91716c54 eeb6a1e7: add_timer_randomness(.. 8388864) with jiffies: 14464961549505888750, cycles: -3981782528498335733
[    5.671200] random 0044 0000 0000 91716c54 eeb6a1e7: added 2 entropy credits to input
[    5.671223] RANDOM get_random_int call with cycles 50612581625, jiffies 4294672878 and pid 1
[    5.671226] RANDOM get_random_int call with cycles 50612588975, jiffies 4294672878 and pid 1
[    5.671228] ASLR stack rand value: 5758976 after shift for pid: 1
[    5.671230] RANDOM get_random_int call with cycles 50612596913, jiffies 4294672878 and pid 1
[    5.682845] random 0046 0000 0000 91716c54 eeb6a1e7: add_disk_randomness(8:0) 91716c54 eeb6a1e7
[    5.682848] random 0046 0000 0000 91716c54 eeb6a1e7: add_timer_randomness(.. 8388864) with jiffies: 14569750427881669114, cycles: -3876993650122555381
[    5.682851] random 0046 0000 0000 91716c54 eeb6a1e7: added 2 entropy credits to input
[    5.682860] RANDOM get_random_int call with cycles 50636952440, jiffies 4294672890 and pid 1
[    5.682863] random 0048 0000 0000 91716c54 eeb6a1e7: rand_read_num 11 get_random_bytes(16): sig fffffcad 91716c54 eeb6a1e7
[    5.682866] random 0048 0000 0000 91716c54 eeb6a1e7: extract_entropy(.. 16 ..)
[    5.682868] random 0048 0000 0000 91716c54 eeb6a1e7: going to reseed nonblocking with 128 bits (128 of 0 requested)
[    5.682870] random 0048 0000 0000 91716c54 eeb6a1e7: extract_entropy(.. 16 ..)
[    5.682873] random 0048 0000 0000 91716c54 eeb6a1e7: trying to extract 128 bits from input
[    5.682875] random 0048 0000 0000 91716c54 eeb6a1e7: debiting 0 entropy credits from input
[    5.682877] random 0048 0000 0000 91716c54 eeb6a1e7: extract_entropy account returned: 0 
[    5.682880] random 0048 0000 0000 91716c54 eeb6a1e7: urand_change_num 47 xfer_secondary_pool(16): pool_sig fffffcad, data_sig 00000000, bytes_mixed 0 91716c54 eeb6a1e7
[    5.682883] random 0048 0000 0000 91716c54 eeb6a1e7: trying to extract 128 bits from nonblocking
[    5.682886] random 0048 0000 0000 91716c54 eeb6a1e7: debiting 128 entropy credits from nonblocking (unlimited)
[    5.682888] random 0048 0000 0000 91716c54 eeb6a1e7: extract_entropy account returned: 16 
[    5.682892] random 0048 0000 0000 91716c54 eeb6a1e7: urand_change_num 48 extract_buf: pool_sig fffffcad, data_sig ffffff19, bytes_mixed 20 91716c54 eeb6a1e7
[    5.682898] random 0048 0000 0000 fd637b06 6cf47bc1: urand_change_num 49 extract_buf: pool_sig fffffede, data_sig ffffffc1, bytes_mixed 20 fd637b06 6cf47bc1
[    5.683861] random 0048 0000 0000 fd637b06 6cf47bc1: add_disk_randomness(8:0) fd637b06 6cf47bc1
[    5.683864] random 0048 0000 0000 fd637b06 6cf47bc1: add_timer_randomness(.. 8388864) with jiffies: 14578888511969788411, cycles: -3867855566034436085
[    5.684990] random 0048 0000 0000 fd637b06 6cf47bc1: add_disk_randomness(8:0) fd637b06 6cf47bc1
[    5.684993] random 0048 0000 0000 fd637b06 6cf47bc1: add_timer_randomness(.. 8388864) with jiffies: 14589052101104206332, cycles: -3857691976900018165
[    5.686113] random 0048 0000 0000 fd637b06 6cf47bc1: add_disk_randomness(8:0) fd637b06 6cf47bc1
[    5.686116] random 0048 0000 0000 fd637b06 6cf47bc1: add_timer_randomness(.. 8388864) with jiffies: 14599151566376894973, cycles: -3847592511627329525
[    5.686971] random 0048 0000 0000 fd637b06 6cf47bc1: add_disk_randomness(8:0) fd637b06 6cf47bc1
[    5.686974] random 0048 0000 0000 fd637b06 6cf47bc1: add_timer_randomness(.. 8388864) with jiffies: 14606868634765328894, cycles: -3839875443238895605
[    5.695842] random 0048 0000 0000 fd637b06 6cf47bc1: add_disk_randomness(8:0) fd637b06 6cf47bc1
[    5.695845] random 0048 0000 0000 fd637b06 6cf47bc1: add_timer_randomness(.. 8388864) with jiffies: 14686661245860020743, cycles: -3760082832144203765
[    5.695848] random 0048 0000 0000 fd637b06 6cf47bc1: added 3 entropy credits to input
[    5.696043] random 0051 0000 0000 fd637b06 6cf47bc1: add_disk_randomness(8:0) fd637b06 6cf47bc1
[    5.696046] random 0051 0000 0000 fd637b06 6cf47bc1: add_timer_randomness(.. 8388864) with jiffies: 14688468873040855559, cycles: -3758275204963368949
[    5.706233] random 0051 0000 0000 fd637b06 6cf47bc1: add_disk_randomness(8:0) fd637b06 6cf47bc1
[    5.706236] random 0051 0000 0000 fd637b06 6cf47bc1: add_timer_randomness(.. 8388864) with jiffies: 14780129385012494865, cycles: -3666614692991729653
[    5.706239] random 0051 0000 0000 fd637b06 6cf47bc1: added 3 entropy credits to input
[    5.706671] random 0054 0000 0000 fd637b06 6cf47bc1: add_disk_randomness(8:0) fd637b06 6cf47bc1
[    5.706674] random 0054 0000 0000 fd637b06 6cf47bc1: add_timer_randomness(.. 8388864) with jiffies: 14784080213758935569, cycles: -3662663864245288949
[    5.716413] random 0054 0000 0000 fd637b06 6cf47bc1: add_disk_randomness(8:0) fd637b06 6cf47bc1
[    5.716416] random 0054 0000 0000 fd637b06 6cf47bc1: add_timer_randomness(.. 8388864) with jiffies: 14871700424225423899, cycles: -3575043653778800629
[    5.716419] random 0054 0000 0000 fd637b06 6cf47bc1: added 3 entropy credits to input
[    5.716471] RANDOM get_random_int call with cycles 50707345563, jiffies 4294672923 and pid 1
[    5.721184] random 0057 0000 0000 fd637b06 6cf47bc1: add_disk_randomness(8:0) fd637b06 6cf47bc1
[    5.721187] random 0057 0000 0000 fd637b06 6cf47bc1: add_timer_randomness(.. 8388864) with jiffies: 14914611270681068064, cycles: -3532132807323156469
[    5.721190] random 0057 0000 0000 fd637b06 6cf47bc1: added 2 entropy credits to input
[    5.733851] random 0059 0000 0000 fd637b06 6cf47bc1: add_disk_randomness(8:0) fd637b06 6cf47bc1
[    5.733854] random 0059 0000 0000 fd637b06 6cf47bc1: add_timer_randomness(.. 8388864) with jiffies: 15028544005581013549, cycles: -3418200072423210997
[    5.733857] random 0059 0000 0000 fd637b06 6cf47bc1: added 3 entropy credits to input
[    5.733952] random 0062 0000 0000 fd637b06 6cf47bc1: add_disk_randomness(8:0) fd637b06 6cf47bc1
[    5.733955] random 0062 0000 0000 fd637b06 6cf47bc1: add_timer_randomness(.. 8388864) with jiffies: 15029450866450727469, cycles: -3417293211553497077
[    5.736153] random 0062 0000 0000 fd637b06 6cf47bc1: add_disk_randomness(8:0) fd637b06 6cf47bc1
[    5.736156] random 0062 0000 0000 fd637b06 6cf47bc1: add_timer_randomness(.. 8388864) with jiffies: 15049250592670843439, cycles: -3397493485333381109
[    5.736158] random 0062 0000 0000 fd637b06 6cf47bc1: added 1 entropy credits to input
[    5.736400] random 0063 0000 0000 fd637b06 6cf47bc1: add_disk_randomness(8:0) fd637b06 6cf47bc1
[    5.736403] random 0063 0000 0000 fd637b06 6cf47bc1: add_timer_randomness(.. 8388864) with jiffies: 15051485066586456623, cycles: -3395259011417767925
[    5.736541] random 0063 0000 0000 fd637b06 6cf47bc1: add_disk_randomness(8:0) fd637b06 6cf47bc1
[    5.736544] random 0063 0000 0000 fd637b06 6cf47bc1: add_timer_randomness(.. 8388864) with jiffies: 15052746975222661679, cycles: -3393997102781562869
[    5.739706] random 0063 0000 0000 fd637b06 6cf47bc1: add_disk_randomness(8:0) fd637b06 6cf47bc1
[    5.739709] random 0063 0000 0000 fd637b06 6cf47bc1: add_timer_randomness(.. 8388864) with jiffies: 15081223798101082674, cycles: -3365520279903141877
[    5.739712] random 0063 0000 0000 fd637b06 6cf47bc1: added 1 entropy credits to input
[    5.741721] random 0064 0000 0000 fd637b06 6cf47bc1: add_disk_randomness(8:0) fd637b06 6cf47bc1
[    5.741724] random 0064 0000 0000 fd637b06 6cf47bc1: add_timer_randomness(.. 8388864) with jiffies: 15099347039671779892, cycles: -3347397038332444661
[    5.749553] random 0064 0000 0000 fd637b06 6cf47bc1: add_disk_randomness(8:0) fd637b06 6cf47bc1
[    5.749556] random 0064 0000 0000 fd637b06 6cf47bc1: add_timer_randomness(.. 8388864) with jiffies: 15169795605816640060, cycles: -3276948472187584501
[    5.749559] random 0064 0000 0000 fd637b06 6cf47bc1: added 2 entropy credits to input
[    5.749690] random 0066 0000 0000 fd637b06 6cf47bc1: add_disk_randomness(8:0) fd637b06 6cf47bc1
[    5.749693] random 0066 0000 0000 fd637b06 6cf47bc1: add_timer_randomness(.. 8388864) with jiffies: 15171022746692583996, cycles: -3275721331311640565
[    5.753253] random 0066 0000 0000 fd637b06 6cf47bc1: add_disk_randomness(8:0) fd637b06 6cf47bc1
[    5.753256] random 0066 0000 0000 fd637b06 6cf47bc1: add_timer_randomness(.. 8388864) with jiffies: 15203066080348832320, cycles: -3243677997655392245
[    5.753258] random 0066 0000 0000 fd637b06 6cf47bc1: added 2 entropy credits to input
[    5.757746] random 0068 0000 0000 fd637b06 6cf47bc1: add_disk_randomness(8:0) fd637b06 6cf47bc1
[    5.757749] random 0068 0000 0000 fd637b06 6cf47bc1: add_timer_randomness(.. 8388864) with jiffies: 15243492206619361860, cycles: -3203251871384862709
[    5.763326] random 0068 0000 0000 fd637b06 6cf47bc1: add_disk_randomness(8:0) fd637b06 6cf47bc1
[    5.763329] random 0068 0000 0000 fd637b06 6cf47bc1: add_timer_randomness(.. 8388864) with jiffies: 15293677314630189642, cycles: -3153066763374034933
[    5.763332] random 0068 0000 0000 fd637b06 6cf47bc1: added 1 entropy credits to input
[    5.769605] random 0069 0000 0000 fd637b06 6cf47bc1: add_disk_randomness(8:0) fd637b06 6cf47bc1
[    5.769608] random 0069 0000 0000 fd637b06 6cf47bc1: add_timer_randomness(.. 8388864) with jiffies: 15350155146730111568, cycles: -3096588931274113013
[    5.769621] random 0069 0000 0000 fd637b06 6cf47bc1: rand_read_num 12 get_random_bytes(16): sig 0000033b fd637b06 6cf47bc1
[    5.769623] random 0069 0000 0000 fd637b06 6cf47bc1: extract_entropy(.. 16 ..)
[    5.769626] random 0069 0000 0000 fd637b06 6cf47bc1: going to reseed nonblocking with 128 bits (128 of 0 requested)
[    5.769628] random 0069 0000 0000 fd637b06 6cf47bc1: extract_entropy(.. 16 ..)
[    5.769630] random 0069 0000 0000 fd637b06 6cf47bc1: trying to extract 128 bits from input
[    5.769633] random 0069 0000 0000 fd637b06 6cf47bc1: debiting 0 entropy credits from input
[    5.769635] random 0069 0000 0000 fd637b06 6cf47bc1: extract_entropy account returned: 0 
[    5.769638] random 0069 0000 0000 fd637b06 6cf47bc1: urand_change_num 50 xfer_secondary_pool(16): pool_sig 0000033b, data_sig 00000000, bytes_mixed 0 fd637b06 6cf47bc1
[    5.769641] random 0069 0000 0000 fd637b06 6cf47bc1: trying to extract 128 bits from nonblocking
[    5.769643] random 0069 0000 0000 fd637b06 6cf47bc1: debiting 128 entropy credits from nonblocking (unlimited)
[    5.769645] random 0069 0000 0000 fd637b06 6cf47bc1: extract_entropy account returned: 16 
[    5.769650] random 0069 0000 0000 fd637b06 6cf47bc1: urand_change_num 51 extract_buf: pool_sig 0000033b, data_sig 000000d8, bytes_mixed 20 fd637b06 6cf47bc1
[    5.769655] random 0069 0000 0000 0ec1f012 d4727ca8: urand_change_num 52 extract_buf: pool_sig fffffcf5, data_sig 00000016, bytes_mixed 20 0ec1f012 d4727ca8
[    5.776354] random 0069 0000 0000 45b1d0b1 845a73f7: add_disk_randomness(8:0) 45b1d0b1 845a73f7
[    5.776357] random 0069 0000 0000 45b1d0b1 845a73f7: add_timer_randomness(.. 8388864) with jiffies: 15410859617491321431, cycles: -3035884460512903157
[    5.783580] random 0069 0000 0000 45b1d0b1 845a73f7: add_disk_randomness(8:0) 45b1d0b1 845a73f7
[    5.783583] random 0069 0000 0000 45b1d0b1 845a73f7: add_timer_randomness(.. 8388864) with jiffies: 15475864282523730526, cycles: -2970879795480494069
[    5.793228] random 0069 0000 0000 45b1d0b1 845a73f7: add_disk_randomness(8:0) 45b1d0b1 845a73f7
[    5.793231] random 0069 0000 0000 45b1d0b1 845a73f7: add_timer_randomness(.. 8388864) with jiffies: 15562637568389120616, cycles: -2884106509615103989
[    5.793234] random 0069 0000 0000 45b1d0b1 845a73f7: added 1 entropy credits to input
[    5.801006] random 0070 0000 0000 45b1d0b1 845a73f7: add_disk_randomness(8:0) 45b1d0b1 845a73f7
[    5.801009] random 0070 0000 0000 45b1d0b1 845a73f7: add_timer_randomness(.. 8388864) with jiffies: 15632594940599173744, cycles: -2814149137405050869
[    5.801012] random 0070 0000 0000 45b1d0b1 845a73f7: added 1 entropy credits to input
[    5.804153] random 0071 0000 0000 45b1d0b1 845a73f7: add_disk_randomness(8:0) 45b1d0b1 845a73f7
[    5.804156] random 0071 0000 0000 45b1d0b1 845a73f7: add_timer_randomness(.. 8388864) with jiffies: 15660904182443639411, cycles: -2785839895560585205
[    5.804159] random 0071 0000 0000 45b1d0b1 845a73f7: added 1 entropy credits to input
[    5.818421] random 0072 0000 0000 45b1d0b1 845a73f7: add_disk_randomness(8:0) 45b1d0b1 845a73f7
[    5.818424] random 0072 0000 0000 45b1d0b1 845a73f7: add_timer_randomness(.. 8388864) with jiffies: 15789250780344320641, cycles: -2657493297659903989
[    5.818427] random 0072 0000 0000 45b1d0b1 845a73f7: added 3 entropy credits to input
[    5.823820] random 0075 0000 0000 45b1d0b1 845a73f7: add_disk_randomness(8:0) 45b1d0b1 845a73f7
[    5.823823] random 0075 0000 0000 45b1d0b1 845a73f7: add_timer_randomness(.. 8388864) with jiffies: 15837802967559012999, cycles: -2608941110445211637
[    5.823826] random 0075 0000 0000 45b1d0b1 845a73f7: added 2 entropy credits to input
[    5.828998] random 0077 0000 0000 45b1d0b1 845a73f7: add_disk_randomness(8:0) 45b1d0b1 845a73f7
[    5.829001] random 0077 0000 0000 45b1d0b1 845a73f7: add_timer_randomness(.. 8388864) with jiffies: 15884375746080899724, cycles: -2562368331923324917
[    5.837225] random 0077 0000 0000 45b1d0b1 845a73f7: add_disk_randomness(8:0) 45b1d0b1 845a73f7
[    5.837228] random 0077 0000 0000 45b1d0b1 845a73f7: add_timer_randomness(.. 8388864) with jiffies: 15958382031205532308, cycles: -2488362046798692341
[    5.837231] random 0077 0000 0000 45b1d0b1 845a73f7: added 1 entropy credits to input
[    5.846825] random 0078 0000 0000 45b1d0b1 845a73f7: add_disk_randomness(8:0) 45b1d0b1 845a73f7
[    5.846828] random 0078 0000 0000 45b1d0b1 845a73f7: add_timer_randomness(.. 8388864) with jiffies: 16044727211910726302, cycles: -2402016866093498357
[    5.866331] random 0078 0000 0000 45b1d0b1 845a73f7: add_disk_randomness(8:0) 45b1d0b1 845a73f7
[    5.866334] random 0078 0000 0000 45b1d0b1 845a73f7: add_timer_randomness(.. 8388864) with jiffies: 16220190958258193073, cycles: -2226553119746031605
[    5.866337] random 0078 0000 0000 45b1d0b1 845a73f7: added 2 entropy credits to input
[    5.879619] random 0080 0000 0000 45b1d0b1 845a73f7: add_disk_randomness(8:0) 45b1d0b1 845a73f7
[    5.879622] random 0080 0000 0000 45b1d0b1 845a73f7: add_timer_randomness(.. 8388864) with jiffies: 16339719528738685630, cycles: -2107024549265539061
[    5.879625] random 0080 0000 0000 45b1d0b1 845a73f7: added 2 entropy credits to input
[    5.887643] random 0082 0000 0000 45b1d0b1 845a73f7: add_disk_randomness(8:0) 45b1d0b1 845a73f7
[    5.887646] random 0082 0000 0000 45b1d0b1 845a73f7: add_timer_randomness(.. 8388864) with jiffies: 16411892296619623110, cycles: -2034851781384601589
[    5.897659] random 0082 0000 0000 45b1d0b1 845a73f7: add_disk_randomness(8:0) 45b1d0b1 845a73f7
[    5.897662] random 0082 0000 0000 45b1d0b1 845a73f7: add_timer_randomness(.. 8388864) with jiffies: 16501985815543120592, cycles: -1944758262461104117
[    5.897665] random 0082 0000 0000 45b1d0b1 845a73f7: added 1 entropy credits to input
[    5.910545] random 0083 0000 0000 45b1d0b1 845a73f7: add_disk_randomness(8:0) 45b1d0b1 845a73f7
[    5.910548] random 0083 0000 0000 45b1d0b1 845a73f7: add_timer_randomness(.. 8388864) with jiffies: 16617891551044666077, cycles: -1828852526959558645
[    5.917909] random 0083 0000 0000 45b1d0b1 845a73f7: add_disk_randomness(8:0) 45b1d0b1 845a73f7
[    5.917912] random 0083 0000 0000 45b1d0b1 845a73f7: add_timer_randomness(.. 8388864) with jiffies: 16684120200152056549, cycles: -1762623877852168181
[    5.917915] random 0083 0000 0000 45b1d0b1 845a73f7: added 2 entropy credits to input
[    5.923161] random 0085 0000 0000 45b1d0b1 845a73f7: add_disk_randomness(8:0) 45b1d0b1 845a73f7
[    5.923164] random 0085 0000 0000 45b1d0b1 845a73f7: add_timer_randomness(.. 8388864) with jiffies: 16731361455973827306, cycles: -1715382622030397429
[    5.923167] random 0085 0000 0000 45b1d0b1 845a73f7: added 1 entropy credits to input
[    5.929598] random 0086 0000 0000 45b1d0b1 845a73f7: add_disk_randomness(8:0) 45b1d0b1 845a73f7
[    5.929601] random 0086 0000 0000 45b1d0b1 845a73f7: add_timer_randomness(.. 8388864) with jiffies: 16789269091276522224, cycles: -1657474986727702517
[    5.934652] random 0086 0000 0000 45b1d0b1 845a73f7: add_disk_randomness(8:0) 45b1d0b1 845a73f7
[    5.934655] random 0086 0000 0000 45b1d0b1 845a73f7: add_timer_randomness(.. 8388864) with jiffies: 16834732118968599285, cycles: -1612011959035625461
[    5.940553] random 0086 0000 0000 45b1d0b1 845a73f7: add_disk_randomness(8:0) 45b1d0b1 845a73f7
[    5.940556] random 0086 0000 0000 45b1d0b1 845a73f7: add_timer_randomness(.. 8388864) with jiffies: 16887806198076375803, cycles: -1558937879927848949
[    5.949908] random 0086 0000 0000 45b1d0b1 845a73f7: add_disk_randomness(8:0) 45b1d0b1 845a73f7
[    5.949911] random 0086 0000 0000 45b1d0b1 845a73f7: add_timer_randomness(.. 8388864) with jiffies: 16971944684714427141, cycles: -1474799393289797621
[    5.949914] random 0086 0000 0000 45b1d0b1 845a73f7: added 1 entropy credits to input
[    5.954787] random 0087 0000 0000 45b1d0b1 845a73f7: add_disk_randomness(8:0) 45b1d0b1 845a73f7
[    5.954790] random 0087 0000 0000 45b1d0b1 845a73f7: add_timer_randomness(.. 8388864) with jiffies: 17015841848934761225, cycles: -1430902229069463541
[    5.954793] random 0087 0000 0000 45b1d0b1 845a73f7: added 2 entropy credits to input
[    5.962223] random 0089 0000 0000 45b1d0b1 845a73f7: add_disk_randomness(8:0) 45b1d0b1 845a73f7
[    5.962226] random 0089 0000 0000 45b1d0b1 845a73f7: add_timer_randomness(.. 8388864) with jiffies: 17082719128298160913, cycles: -1364024949706063861
[    5.962229] random 0089 0000 0000 45b1d0b1 845a73f7: added 2 entropy credits to input
[    5.968440] random 0091 0000 0000 45b1d0b1 845a73f7: add_disk_randomness(8:0) 45b1d0b1 845a73f7
[    5.968443] random 0091 0000 0000 45b1d0b1 845a73f7: add_timer_randomness(.. 8388864) with jiffies: 17138645284733813527, cycles: -1308098793270411253
[    5.968446] random 0091 0000 0000 45b1d0b1 845a73f7: added 1 entropy credits to input
[    5.968595] random 0092 0000 0000 45b1d0b1 845a73f7: add_disk_randomness(8:0) 45b1d0b1 845a73f7
[    5.968598] random 0092 0000 0000 45b1d0b1 845a73f7: add_timer_randomness(.. 8388864) with jiffies: 17140043386782974743, cycles: -1306700691221250037
[    5.983009] random 0092 0000 0000 45b1d0b1 845a73f7: add_disk_randomness(8:0) 45b1d0b1 845a73f7
[    5.983013] random 0092 0000 0000 45b1d0b1 845a73f7: add_timer_randomness(.. 8388864) with jiffies: 17269685535798690598, cycles: -1177058542205534197
[    5.983015] random 0092 0000 0000 45b1d0b1 845a73f7: added 3 entropy credits to input
[    5.990430] random 0095 0000 0000 45b1d0b1 845a73f7: add_disk_randomness(8:0) 45b1d0b1 845a73f7
[    5.990433] random 0095 0000 0000 45b1d0b1 845a73f7: add_timer_randomness(.. 8388864) with jiffies: 17336440107946443565, cycles: -1110303970057781237
[    5.990436] random 0095 0000 0000 45b1d0b1 845a73f7: added 2 entropy credits to input
[    6.000113] random 0097 0000 0000 45b1d0b1 845a73f7: add_disk_randomness(8:0) 45b1d0b1 845a73f7
[    6.000116] random 0097 0000 0000 45b1d0b1 845a73f7: add_timer_randomness(.. 8388864) with jiffies: 17423531285816247095, cycles: -1023212792187977717
[    6.000119] random 0097 0000 0000 45b1d0b1 845a73f7: added 1 entropy credits to input
[    6.010744] random 0098 0000 0000 45b1d0b1 845a73f7: add_disk_randomness(8:0) 45b1d0b1 845a73f7
[    6.010748] random 0098 0000 0000 45b1d0b1 845a73f7: add_timer_randomness(.. 8388864) with jiffies: 17519171123642336065, cycles: -927572954361888757
[    6.023266] random 0098 0000 0000 45b1d0b1 845a73f7: add_disk_randomness(8:0) 45b1d0b1 845a73f7
[    6.023269] random 0098 0000 0000 45b1d0b1 845a73f7: add_timer_randomness(.. 8388864) with jiffies: 17631793515559879502, cycles: -814950562444345333
[    6.023272] random 0098 0000 0000 45b1d0b1 845a73f7: added 1 entropy credits to input
[    6.024472] random 0099 0000 0000 45b1d0b1 845a73f7: add_disk_randomness(8:0) 45b1d0b1 845a73f7
[    6.024475] random 0099 0000 0000 45b1d0b1 845a73f7: add_timer_randomness(.. 8388864) with jiffies: 17642641816970560335, cycles: -804102261033664501
[    6.028491] random 0099 0000 0000 45b1d0b1 845a73f7: add_disk_randomness(8:0) 45b1d0b1 845a73f7
[    6.028494] random 0099 0000 0000 45b1d0b1 845a73f7: add_timer_randomness(.. 8388864) with jiffies: 17678789713432642387, cycles: -767954364571582453
[    6.028496] random 0099 0000 0000 45b1d0b1 845a73f7: added 1 entropy credits to input
[    6.037839] random 0100 0000 0000 45b1d0b1 845a73f7: add_disk_randomness(8:0) 45b1d0b1 845a73f7
[    6.037842] random 0100 0000 0000 45b1d0b1 845a73f7: add_timer_randomness(.. 8388864) with jiffies: 17762867589492212573, cycles: -683876488512012277
[    6.037845] random 0100 0000 0000 45b1d0b1 845a73f7: added 1 entropy credits to input
[    6.038184] random 0101 0000 0000 45b1d0b1 845a73f7: add_disk_randomness(8:0) 45b1d0b1 845a73f7
[    6.038186] random 0101 0000 0000 45b1d0b1 845a73f7: add_timer_randomness(.. 8388864) with jiffies: 17765970140722856797, cycles: -680773937281368053
[    6.053847] random 0101 0000 0000 45b1d0b1 845a73f7: add_disk_randomness(8:0) 45b1d0b1 845a73f7
[    6.053850] random 0101 0000 0000 45b1d0b1 845a73f7: add_timer_randomness(.. 8388864) with jiffies: 17906856995155837805, cycles: -539887082848387061
[    6.053853] random 0101 0000 0000 45b1d0b1 845a73f7: added 4 entropy credits to input
[    6.055479] random 0105 0000 0000 45b1d0b1 845a73f7: add_disk_randomness(8:0) 45b1d0b1 845a73f7
[    6.055482] random 0105 0000 0000 45b1d0b1 845a73f7: add_timer_randomness(.. 8388864) with jiffies: 17921543017349219182, cycles: -525201060655005685
[    6.055623] random 0105 0000 0000 45b1d0b1 845a73f7: add_disk_randomness(8:0) 45b1d0b1 845a73f7
[    6.055626] random 0105 0000 0000 45b1d0b1 845a73f7: add_timer_randomness(.. 8388864) with jiffies: 17922842356625408878, cycles: -523901721378815989
[    6.066504] random 0105 0000 0000 45b1d0b1 845a73f7: add_disk_randomness(8:0) 45b1d0b1 845a73f7
[    6.066507] random 0105 0000 0000 45b1d0b1 845a73f7: add_timer_randomness(.. 8388864) with jiffies: 18020716445028811641, cycles: -426027632975413237
[    6.066510] random 0105 0000 0000 45b1d0b1 845a73f7: added 3 entropy credits to input
[    6.067072] random 0108 0000 0000 45b1d0b1 845a73f7: add_disk_randomness(8:0) 45b1d0b1 845a73f7
[    6.067075] random 0108 0000 0000 45b1d0b1 845a73f7: add_timer_randomness(.. 8388864) with jiffies: 18025814094467793786, cycles: -420929983536431093
[    6.072300] random 0108 0000 0000 45b1d0b1 845a73f7: add_disk_randomness(8:0) 45b1d0b1 845a73f7
[    6.072303] random 0108 0000 0000 45b1d0b1 845a73f7: add_timer_randomness(.. 8388864) with jiffies: 18072846052238263167, cycles: -373898025765961717
[    6.072306] random 0108 0000 0000 45b1d0b1 845a73f7: added 2 entropy credits to input
[    6.074102] random 0110 0000 0000 45b1d0b1 845a73f7: add_disk_randomness(8:0) 45b1d0b1 845a73f7
