[    0.000000] random 0000 0000 0000 00000000 00000000: rand_read_num 1 get_random_bytes(8): sig 00000000 00000000 00000000
[    0.000000] random 0000 0000 0000 00000000 00000000: extract_entropy(.. 8 ..)
[    0.000000] random 0000 0000 0000 00000000 00000000: going to reseed nonblocking with 64 bits (64 of 0 requested)
[    0.000000] random 0000 0000 0000 00000000 00000000: extract_entropy(.. 8 ..)
[    0.000000] random 0000 0000 0000 00000000 00000000: trying to extract 64 bits from input
[    0.000000] random 0000 0000 0000 00000000 00000000: debiting 0 entropy credits from input
[    0.000000] random 0000 0000 0000 00000000 00000000: extract_entropy account returned: 0 
[    0.000000] random 0000 0000 0000 00000000 00000000: urand_change_num 1 xfer_secondary_pool(8): pool_sig 00000000, data_sig 00000000, bytes_mixed 0 00000000 00000000
[    0.000000] random 0000 0000 0000 00000000 00000000: trying to extract 64 bits from nonblocking
[    0.000000] random 0000 0000 0000 00000000 00000000: debiting 64 entropy credits from nonblocking (unlimited)
[    0.000000] random 0000 0000 0000 00000000 00000000: extract_entropy account returned: 8 
[    0.000000] random 0000 0000 0000 00000000 00000000: urand_change_num 2 extract_buf: pool_sig 00000000, data_sig fffffff9, bytes_mixed 20 00000000 00000000
[    0.000000] Linux version 2.6.32.57 (dcashman@dcashman-02) (gcc version 4.3.3 (GCC) ) #6 Thu May 30 09:02:12 PDT 2013
[    0.000000] KERNEL supported cpus:
[    0.000000]   Intel GenuineIntel
[    0.000000]   AMD AuthenticAMD
[    0.000000]   NSC Geode by NSC
[    0.000000]   Cyrix CyrixInstead
[    0.000000]   Centaur CentaurHauls
[    0.000000]   Transmeta GenuineTMx86
[    0.000000]   Transmeta TransmetaCPU
[    0.000000]   UMC UMC UMC UMC
[    0.000000] BIOS-provided physical RAM map:
[    0.000000]  BIOS-e820: 0000000000000000 - 000000000009d800 (usable)
[    0.000000]  BIOS-e820: 000000000009d800 - 00000000000a0000 (reserved)
[    0.000000]  BIOS-e820: 00000000000d2000 - 00000000000d4000 (reserved)
[    0.000000]  BIOS-e820: 00000000000e0000 - 0000000000100000 (reserved)
[    0.000000]  BIOS-e820: 0000000000100000 - 000000003d6b0000 (usable)
[    0.000000]  BIOS-e820: 000000003d6b0000 - 000000003d6cc000 (ACPI data)
[    0.000000]  BIOS-e820: 000000003d6cc000 - 000000003d700000 (ACPI NVS)
[    0.000000]  BIOS-e820: 000000003d700000 - 000000003e000000 (reserved)
[    0.000000]  BIOS-e820: 00000000f0000000 - 00000000f4000000 (reserved)
[    0.000000]  BIOS-e820: 00000000fec00000 - 00000000fec10000 (reserved)
[    0.000000]  BIOS-e820: 00000000fed00000 - 00000000fed00400 (reserved)
[    0.000000]  BIOS-e820: 00000000fed14000 - 00000000fed1a000 (reserved)
[    0.000000]  BIOS-e820: 00000000fed1c000 - 00000000fed90000 (reserved)
[    0.000000]  BIOS-e820: 00000000fee00000 - 00000000fee01000 (reserved)
[    0.000000]  BIOS-e820: 00000000ff000000 - 0000000100000000 (reserved)
[    0.000000] DMI present.
[    0.000000] last_pfn = 0x3d6b0 max_arch_pfn = 0x100000
[    0.000000] MTRR default type: uncachable
[    0.000000] MTRR fixed ranges enabled:
[    0.000000]   00000-9FFFF write-back
[    0.000000]   A0000-BFFFF uncachable
[    0.000000]   C0000-CFFFF write-protect
[    0.000000]   D0000-DFFFF uncachable
[    0.000000]   E0000-FFFFF write-protect
[    0.000000] MTRR variable ranges enabled:
[    0.000000]   0 base 03E000000 mask FFE000000 uncachable
[    0.000000]   1 base 000000000 mask FC0000000 write-back
[    0.000000]   2 base 03D700000 mask FFFF00000 uncachable
[    0.000000]   3 base 03D800000 mask FFF800000 uncachable
[    0.000000]   4 disabled
[    0.000000]   5 disabled
[    0.000000]   6 disabled
[    0.000000]   7 disabled
[    0.000000] initial memory mapped : 0 - 02000000
[    0.000000] init_memory_mapping: 0000000000000000-00000000377fe000
[    0.000000]  0000000000 - 0000400000 page 4k
[    0.000000]  0000400000 - 0037400000 page 2M
[    0.000000]  0037400000 - 00377fe000 page 4k
[    0.000000] kernel direct mapping tables up to 377fe000 @ 7000-c000
[    0.000000] ACPI: RSDP 000f68d0 00024 (v02 LENOVO)
[    0.000000] ACPI: XSDT 3d6bb77f 00094 (v01 LENOVO TP-7L    00002170  LTP 00000000)
[    0.000000] ACPI: FACP 3d6bb900 000F4 (v03 LENOVO TP-7L    00002170 LNVO 00000001)
[    0.000000] ACPI Warning: 32/64X length mismatch in Gpe1Block: 0/32 (20090903/tbfadt-526)
[    0.000000] ACPI Warning: Optional field Gpe1Block has zero address or length: 000000000000102C/0 (20090903/tbfadt-557)
[    0.000000] ACPI: DSDT 3d6bbd1d 0FED1 (v01 LENOVO TP-7L    00002170 MSFT 03000000)
[    0.000000] ACPI: FACS 3d6e4000 00040
[    0.000000] ACPI: SSDT 3d6bbab4 00269 (v01 LENOVO TP-7L    00002170 MSFT 03000000)
[    0.000000] ACPI: ECDT 3d6cbbee 00052 (v01 LENOVO TP-7L    00002170 LNVO 00000001)
[    0.000000] ACPI: TCPA 3d6cbc40 00032 (v02 LENOVO TP-7L    00002170 LNVO 00000001)
[    0.000000] ACPI: APIC 3d6cbc72 00068 (v01 LENOVO TP-7L    00002170 LNVO 00000001)
[    0.000000] ACPI: MCFG 3d6cbcda 0003C (v01 LENOVO TP-7L    00002170 LNVO 00000001)
[    0.000000] ACPI: HPET 3d6cbd16 00038 (v01 LENOVO TP-7L    00002170 LNVO 00000001)
[    0.000000] ACPI: SLIC 3d6cbdf0 00176 (v01 LENOVO TP-7L    00002170  LTP 00000000)
[    0.000000] ACPI: BOOT 3d6cbf66 00028 (v01 LENOVO TP-7L    00002170  LTP 00000001)
[    0.000000] ACPI: ASF! 3d6cbf8e 00072 (v16 LENOVO TP-7L    00002170 PTL  00000001)
[    0.000000] ACPI: SSDT 3d6e26d9 0025F (v01 LENOVO TP-7L    00002170 INTL 20050513)
[    0.000000] ACPI: SSDT 3d6e2938 000A6 (v01 LENOVO TP-7L    00002170 INTL 20050513)
[    0.000000] ACPI: SSDT 3d6e29de 004F7 (v01 LENOVO TP-7L    00002170 INTL 20050513)
[    0.000000] ACPI: SSDT 3d6e2ed5 001D8 (v01 LENOVO TP-7L    00002170 INTL 20050513)
[    0.000000] ACPI: DMI detected: Lenovo ThinkPad R61
[    0.000000] ACPI: Added _OSI(Linux)
[    0.000000] ACPI: Local APIC address 0xfee00000
[    0.000000] 94MB HIGHMEM available.
[    0.000000] 887MB LOWMEM available.
[    0.000000]   mapped low ram: 0 - 377fe000
[    0.000000]   low ram: 0 - 377fe000
[    0.000000]   node 0 low ram: 00000000 - 377fe000
[    0.000000]   node 0 bootmap 00008000 - 0000ef00
[    0.000000] (6 early reservations) ==> bootmem [0000000000 - 00377fe000]
[    0.000000]   #0 [0000000000 - 0000001000]   BIOS data page ==> [0000000000 - 0000001000]
[    0.000000]   #1 [0001000000 - 0001bdc180]    TEXT DATA BSS ==> [0001000000 - 0001bdc180]
[    0.000000]   #2 [000009d800 - 0000100000]    BIOS reserved ==> [000009d800 - 0000100000]
[    0.000000]   #3 [0001bdd000 - 0001be516c]              BRK ==> [0001bdd000 - 0001be516c]
[    0.000000]   #4 [0000007000 - 0000008000]          PGTABLE ==> [0000007000 - 0000008000]
[    0.000000]   #5 [0000008000 - 000000f000]          BOOTMAP ==> [0000008000 - 000000f000]
[    0.000000] found SMP MP-table at [c00f6900] f6900
[    0.000000] Zone PFN ranges:
[    0.000000]   DMA      0x00000000 -> 0x00001000
[    0.000000]   Normal   0x00001000 -> 0x000377fe
[    0.000000]   HighMem  0x000377fe -> 0x0003d6b0
[    0.000000] Movable zone start PFN for each node
[    0.000000] early_node_map[2] active PFN ranges
[    0.000000]     0: 0x00000000 -> 0x0000009d
[    0.000000]     0: 0x00000100 -> 0x0003d6b0
[    0.000000] On node 0 totalpages: 251469
[    0.000000] free_area_init_node: node 0, pgdat c1901ea0, node_mem_map c1be7000
[    0.000000]   DMA zone: 32 pages used for memmap
[    0.000000]   DMA zone: 0 pages reserved
[    0.000000]   DMA zone: 3965 pages, LIFO batch:0
[    0.000000]   Normal zone: 1744 pages used for memmap
[    0.000000]   Normal zone: 221486 pages, LIFO batch:31
[    0.000000]   HighMem zone: 190 pages used for memmap
[    0.000000]   HighMem zone: 24052 pages, LIFO batch:3
[    0.000000] Using APIC driver default
[    0.000000] ACPI: PM-Timer IO Port: 0x1008
[    0.000000] ACPI: Local APIC address 0xfee00000
[    0.000000] ACPI: LAPIC (acpi_id[0x00] lapic_id[0x00] enabled)
[    0.000000] ACPI: LAPIC (acpi_id[0x01] lapic_id[0x01] enabled)
[    0.000000] ACPI: NR_CPUS/possible_cpus limit of 1 reached.  Processor 1/0x1 ignored.
[    0.000000] ACPI: LAPIC_NMI (acpi_id[0x00] high edge lint[0x1])
[    0.000000] ACPI: LAPIC_NMI (acpi_id[0x01] high edge lint[0x1])
[    0.000000] ACPI: IOAPIC (id[0x01] address[0xfec00000] gsi_base[0])
[    0.000000] IOAPIC[0]: apic_id 1, version 32, address 0xfec00000, GSI 0-23
[    0.000000] ACPI: INT_SRC_OVR (bus 0 bus_irq 0 global_irq 2 dfl dfl)
[    0.000000] ACPI: INT_SRC_OVR (bus 0 bus_irq 9 global_irq 9 high level)
[    0.000000] ACPI: IRQ0 used by override.
[    0.000000] ACPI: IRQ2 used by override.
[    0.000000] ACPI: IRQ9 used by override.
[    0.000000] Using ACPI (MADT) for SMP configuration information
[    0.000000] ACPI: HPET id: 0x8086a201 base: 0xfed00000
[    0.000000] nr_irqs_gsi: 24
[    0.000000] PM: Registered nosave memory: 000000000009d000 - 000000000009e000
[    0.000000] PM: Registered nosave memory: 000000000009e000 - 00000000000a0000
[    0.000000] PM: Registered nosave memory: 00000000000a0000 - 00000000000d2000
[    0.000000] PM: Registered nosave memory: 00000000000d2000 - 00000000000d4000
[    0.000000] PM: Registered nosave memory: 00000000000d4000 - 00000000000e0000
[    0.000000] PM: Registered nosave memory: 00000000000e0000 - 0000000000100000
[    0.000000] Allocating PCI resources starting at 3e000000 (gap: 3e000000:b2000000)
[    0.000000] Built 1 zonelists in Zone order, mobility grouping on.  Total pages: 249503
[    0.000000] Kernel command line: auto BOOT_IMAGE=Linux ro root=802 vt.default_utf8=0 maxcpus=0
[    0.000000] PID hash table entries: 4096 (order: 2, 16384 bytes)
[    0.000000] Dentry cache hash table entries: 131072 (order: 7, 524288 bytes)
[    0.000000] Inode-cache hash table entries: 65536 (order: 6, 262144 bytes)
[    0.000000] Enabling fast FPU save and restore... done.
[    0.000000] Enabling unmasked SIMD FPU exception support... done.
[    0.000000] Initializing CPU#0
[    0.000000] Initializing HighMem for node 0 (000377fe:0003d6b0)
[    0.000000] Memory: 984800k/1006272k available (6915k kernel code, 20876k reserved, 2327k data, 448k init, 96968k highmem)
[    0.000000] virtual kernel memory layout:
[    0.000000]     fixmap  : 0xfffa3000 - 0xfffff000   ( 368 kB)
[    0.000000]     pkmap   : 0xff800000 - 0xffc00000   (4096 kB)
[    0.000000]     vmalloc : 0xf7ffe000 - 0xff7fe000   ( 120 MB)
[    0.000000]     lowmem  : 0xc0000000 - 0xf77fe000   ( 887 MB)
[    0.000000]       .init : 0xc1907000 - 0xc1977000   ( 448 kB)
[    0.000000]       .data : 0xc16c0d3f - 0xc1906c64   (2327 kB)
[    0.000000]       .text : 0xc1000000 - 0xc16c0d3f   (6915 kB)
[    0.000000] Checking if this processor honours the WP bit even in supervisor mode...Ok.
[    0.000000] SLUB: Genslabs=13, HWalign=64, Order=0-3, MinObjects=0, CPUs=1, Nodes=1
[    0.000000] Hierarchical RCU implementation.
[    0.000000] NR_IRQS:288
[    0.000000] Extended CMOS year: 2000
[    0.000000] Console: colour VGA+ 80x25
[    0.000000] console [tty0] enabled
[    0.000000] hpet clockevent registered
[    0.000000] Fast TSC calibration using PIT
[    0.000000] Detected 2094.543 MHz processor.
[    0.001001] Calibrating delay loop (skipped), value calculated using timer frequency.. 4189.08 BogoMIPS (lpj=2094543)
[    0.001175] Security Framework initialized
[    0.001260] Mount-cache hash table entries: 512
[    0.001409] CPU: L1 I cache: 32K, L1 D cache: 32K
[    0.001536] CPU: L2 cache: 3072K
[    0.002004] mce: CPU supports 6 MCE banks
[    0.002084] CPU0: Thermal monitoring enabled (TM2)
[    0.002162] using mwait in idle threads.
[    0.002242] CPU: Intel(R) Core(TM)2 Duo CPU     T8100  @ 2.10GHz stepping 06
[    0.002423] Checking 'hlt' instruction... OK.
[    0.006939] ACPI: Core revision 20090903
[    0.026013] RANDOM get_random_int first call with cycles 38322029592, jiffies 4294667322 and pid 0
[    0.026021] CANARY value: f940fb2a for PID: 1
[    0.026027] CANARY value: ee8b42c3 for PID: 2
[    0.026051] Enabling APIC mode:  Flat.  Using 1 I/O APICs
[    0.027369] ..TIMER: vector=0x30 apic1=0 pin1=2 apic2=-1 pin2=-1
[    0.037997] xor: automatically using best checksumming function: pIII_sse
[    0.041998]    pIII_sse  :  8568.000 MB/sec
[    0.042080] xor: using function: pIII_sse (8568.000 MB/sec)
[    0.042164] RANDOM - __seed init called.
[    0.042165] RANDOM - __seed init called.
[    0.042166] RANDOM - __seed init called.
[    0.042167] RANDOM - __random32 called. Change num 1.  Value: f7943846	49e73df3	af36cd0d
[    0.042169] RANDOM - __random32 called. Change num 2.  Value: 43846e13	9e73df37	9a1ad014
[    0.042171] RANDOM - __random32 called. Change num 3.  Value: 46e139c8	e73df373	a029598a
[    0.042173] RANDOM - __random32 called. Change num 4.  Value: 139c8c3b	73df373d	b3142c72
[    0.042174] RANDOM - __random32 called. Change num 5.  Value: c8c3b043	3df373de	58e576a9
[    0.042176] RANDOM - __random32 called. Change num 6.  Value: 3b0437d9	df373de5	ed53f9d8
[    0.042178] RANDOM - random32 init called.  Value: 3b0437d9	df373de5	ed53f9d8
[    0.042195] NET: Registered protocol family 16
[    0.042452] ACPI FADT declares the system doesn't support PCIe ASPM, so disable it
[    0.042570] ACPI: bus type pci registered
[    0.042742] PCI: MCFG configuration 0: base f0000000 segment 0 buses 0 - 63
[    0.042834] PCI: MCFG area at f0000000 reserved in E820
[    0.042925] PCI: Using MMCONFIG for extended config space
[    0.043002] PCI: Using configuration type 1 for base access
[    0.046126] bio: create slab <bio-0> at 0
[    0.046933] ACPI: EC: EC description table is found, configuring boot EC
[    0.052080] ACPI: BIOS _OSI(Linux) query honored via DMI
[    0.052803] random 0000 0000 0000 00000000 00000000: rand_read_num 2 get_random_bytes(8): sig fffffe1a 00000000 00000000
[    0.052806] random 0000 0000 0000 00000000 00000000: extract_entropy(.. 8 ..)
[    0.052809] random 0000 0000 0000 00000000 00000000: going to reseed nonblocking with 64 bits (64 of 0 requested)
[    0.052811] random 0000 0000 0000 00000000 00000000: extract_entropy(.. 8 ..)
[    0.052813] random 0000 0000 0000 00000000 00000000: trying to extract 64 bits from input
[    0.052815] random 0000 0000 0000 00000000 00000000: debiting 0 entropy credits from input
[    0.052817] random 0000 0000 0000 00000000 00000000: extract_entropy account returned: 0 
[    0.052849] random 0000 0000 0000 00000000 00000000: urand_change_num 3 xfer_secondary_pool(8): pool_sig fffffe1a, data_sig 00000000, bytes_mixed 0 00000000 00000000
[    0.052852] random 0000 0000 0000 00000000 00000000: trying to extract 64 bits from nonblocking
[    0.052854] random 0000 0000 0000 00000000 00000000: debiting 64 entropy credits from nonblocking (unlimited)
[    0.052856] random 0000 0000 0000 00000000 00000000: extract_entropy account returned: 8 
[    0.052861] random 0000 0000 0000 00000000 00000000: urand_change_num 4 extract_buf: pool_sig fffffe1a, data_sig fffffed7, bytes_mixed 20 00000000 00000000
[    0.058532] ACPI: Interpreter enabled
[    0.058617] ACPI: (supports S0 S3 S4 S5)
[    0.058906] ACPI: Using IOAPIC for interrupt routing
[    0.068668] ACPI: EC: GPE = 0x12, I/O: command/status = 0x66, data = 0x62
[    0.068934] ACPI: Power Resource [PUBS] (on)
[    0.071062] ACPI: ACPI Dock Station Driver: 3 docks/bays found
[    0.071467] ACPI: PCI Root Bridge [PCI0] (0000:00)
[    0.071633] pci 0000:00:02.0: reg 10 64bit mmio: [0xf8100000-0xf81fffff]
[    0.071639] pci 0000:00:02.0: reg 18 64bit mmio pref: [0xe0000000-0xefffffff]
[    0.071643] pci 0000:00:02.0: reg 20 io port: [0x1800-0x1807]
[    0.071678] pci 0000:00:02.1: reg 10 64bit mmio: [0xf8200000-0xf82fffff]
[    0.071778] pci 0000:00:19.0: reg 10 32bit mmio: [0xfe000000-0xfe01ffff]
[    0.071787] pci 0000:00:19.0: reg 14 32bit mmio: [0xfe025000-0xfe025fff]
[    0.071796] pci 0000:00:19.0: reg 18 io port: [0x1840-0x185f]
[    0.071868] pci 0000:00:19.0: PME# supported from D0 D3hot D3cold
[    0.071963] pci 0000:00:19.0: PME# disabled
[    0.072054] pci 0000:00:1a.0: reg 20 io port: [0x1860-0x187f]
[    0.072142] pci 0000:00:1a.1: reg 20 io port: [0x1880-0x189f]
[    0.072224] pci 0000:00:1a.7: reg 10 32bit mmio: [0xfe226c00-0xfe226fff]
[    0.072309] pci 0000:00:1a.7: PME# supported from D0 D3hot D3cold
[    0.072405] pci 0000:00:1a.7: PME# disabled
[    0.072547] pci 0000:00:1b.0: reg 10 64bit mmio: [0xfe020000-0xfe023fff]
[    0.072635] pci 0000:00:1b.0: PME# supported from D0 D3hot D3cold
[    0.072721] pci 0000:00:1b.0: PME# disabled
[    0.072917] pci 0000:00:1c.0: PME# supported from D0 D3hot D3cold
[    0.072999] pci 0000:00:1c.0: PME# disabled
[    0.073200] pci 0000:00:1c.1: PME# supported from D0 D3hot D3cold
[    0.073300] pci 0000:00:1c.1: PME# disabled
[    0.073512] pci 0000:00:1c.2: PME# supported from D0 D3hot D3cold
[    0.073611] pci 0000:00:1c.2: PME# disabled
[    0.073814] pci 0000:00:1c.3: PME# supported from D0 D3hot D3cold
[    0.073916] pci 0000:00:1c.3: PME# disabled
[    0.074108] pci 0000:00:1c.4: PME# supported from D0 D3hot D3cold
[    0.074196] pci 0000:00:1c.4: PME# disabled
[    0.075059] pci 0000:00:1d.0: reg 20 io port: [0x18a0-0x18bf]
[    0.075149] pci 0000:00:1d.1: reg 20 io port: [0x18c0-0x18df]
[    0.075221] pci 0000:00:1d.2: reg 20 io port: [0x18e0-0x18ff]
[    0.075316] pci 0000:00:1d.7: reg 10 32bit mmio: [0xfe227000-0xfe2273ff]
[    0.075423] pci 0000:00:1d.7: PME# supported from D0 D3hot D3cold
[    0.075513] pci 0000:00:1d.7: PME# disabled
[    0.075799] pci 0000:00:1f.0: quirk: region 1000-107f claimed by ICH6 ACPI/GPIO/TCO
[    0.075927] pci 0000:00:1f.0: quirk: region 1180-11bf claimed by ICH6 GPIO
[    0.075996] pci 0000:00:1f.0: ICH7 LPC Generic IO decode 1 PIO at 1600 (mask 007f)
[    0.076121] pci 0000:00:1f.0: ICH7 LPC Generic IO decode 2 PIO at 15e0 (mask 000f)
[    0.076244] pci 0000:00:1f.0: ICH7 LPC Generic IO decode 3 PIO at 1680 (mask 001f)
[    0.076455] pci 0000:00:1f.1: reg 10 io port: [0x00-0x07]
[    0.076469] pci 0000:00:1f.1: reg 14 io port: [0x00-0x03]
[    0.076478] pci 0000:00:1f.1: reg 18 io port: [0x00-0x07]
[    0.076487] pci 0000:00:1f.1: reg 1c io port: [0x00-0x03]
[    0.076496] pci 0000:00:1f.1: reg 20 io port: [0x1c00-0x1c0f]
[    0.076573] pci 0000:00:1f.2: reg 10 io port: [0x1c50-0x1c57]
[    0.076582] pci 0000:00:1f.2: reg 14 io port: [0x1c44-0x1c47]
[    0.076589] pci 0000:00:1f.2: reg 18 io port: [0x1c48-0x1c4f]
[    0.076598] pci 0000:00:1f.2: reg 1c io port: [0x1c40-0x1c43]
[    0.076606] pci 0000:00:1f.2: reg 20 io port: [0x1c20-0x1c3f]
[    0.076616] pci 0000:00:1f.2: reg 24 32bit mmio: [0xfe226000-0xfe2267ff]
[    0.076673] pci 0000:00:1f.2: PME# supported from D3hot
[    0.076763] pci 0000:00:1f.2: PME# disabled
[    0.076881] pci 0000:00:1f.3: reg 10 32bit mmio: [0xfe227400-0xfe2274ff]
[    0.076906] pci 0000:00:1f.3: reg 20 io port: [0x1c60-0x1c7f]
[    0.077059] pci 0000:00:1c.0: bridge io port: [0x2000-0x2fff]
[    0.077066] pci 0000:00:1c.0: bridge 32bit mmio: [0xfc000000-0xfdffffff]
[    0.077075] pci 0000:00:1c.0: bridge 64bit mmio pref: [0xf8000000-0xf80fffff]
[    0.077148] pci 0000:03:00.0: reg 10 64bit mmio: [0xdf3f0000-0xdf3fffff]
[    0.077345] pci 0000:00:1c.1: bridge io port: [0x3000-0x3fff]
[    0.077351] pci 0000:00:1c.1: bridge 32bit mmio: [0xdc000000-0xdf3fffff]
[    0.077360] pci 0000:00:1c.1: bridge 64bit mmio pref: [0xdfe00000-0xdfefffff]
[    0.077415] pci 0000:00:1c.2: bridge io port: [0x4000-0x4fff]
[    0.077421] pci 0000:00:1c.2: bridge 32bit mmio: [0xd8000000-0xd9ffffff]
[    0.077430] pci 0000:00:1c.2: bridge 64bit mmio pref: [0xdfb00000-0xdfbfffff]
[    0.077484] pci 0000:00:1c.3: bridge io port: [0x5000-0x5fff]
[    0.077491] pci 0000:00:1c.3: bridge 32bit mmio: [0xd4000000-0xd5ffffff]
[    0.077500] pci 0000:00:1c.3: bridge 64bit mmio pref: [0xdf800000-0xdf8fffff]
[    0.077558] pci 0000:00:1c.4: bridge io port: [0x6000-0x6fff]
[    0.077565] pci 0000:00:1c.4: bridge 32bit mmio: [0xd0000000-0xd1ffffff]
[    0.077572] pci 0000:00:1c.4: bridge 64bit mmio pref: [0xdf500000-0xdf5fffff]
[    0.077629] pci 0000:15:00.0: reg 10 32bit mmio: [0xf8300000-0xf8300fff]
[    0.077677] pci 0000:15:00.0: supports D1 D2
[    0.077678] pci 0000:15:00.0: PME# supported from D0 D1 D2 D3hot D3cold
[    0.077774] pci 0000:15:00.0: PME# disabled
[    0.077912] pci 0000:15:00.1: reg 10 32bit mmio: [0xf8301000-0xf83017ff]
[    0.078016] pci 0000:15:00.1: supports D1 D2
[    0.078017] pci 0000:15:00.1: PME# supported from D0 D1 D2 D3hot D3cold
[    0.078110] pci 0000:15:00.1: PME# disabled
[    0.078286] pci 0000:00:1e.0: transparent bridge
[    0.078374] pci 0000:00:1e.0: bridge io port: [0x7000-0xafff]
[    0.078380] pci 0000:00:1e.0: bridge 32bit mmio: [0xf8300000-0xfbffffff]
[    0.078390] pci 0000:00:1e.0: bridge 64bit mmio pref: [0xf4000000-0xf7ffffff]
[    0.078454] pci_bus 0000:00: on NUMA node 0
[    0.078458] ACPI: PCI Interrupt Routing Table [\_SB_.PCI0._PRT]
[    0.078591] ACPI: PCI Interrupt Routing Table [\_SB_.PCI0.EXP0._PRT]
[    0.078650] ACPI: PCI Interrupt Routing Table [\_SB_.PCI0.EXP1._PRT]
[    0.078709] ACPI: PCI Interrupt Routing Table [\_SB_.PCI0.EXP2._PRT]
[    0.078767] ACPI: PCI Interrupt Routing Table [\_SB_.PCI0.EXP3._PRT]
[    0.078829] ACPI: PCI Interrupt Routing Table [\_SB_.PCI0.EXP4._PRT]
[    0.078892] ACPI: PCI Interrupt Routing Table [\_SB_.PCI0.PCI1._PRT]
[    0.084367] ACPI: PCI Interrupt Link [LNKA] (IRQs 3 4 5 6 7 9 *10 11)
[    0.085123] ACPI: PCI Interrupt Link [LNKB] (IRQs 3 4 5 6 7 9 10 *11)
[    0.085841] ACPI: PCI Interrupt Link [LNKC] (IRQs 3 4 5 6 7 9 10 *11)
[    0.086587] ACPI: PCI Interrupt Link [LNKD] (IRQs 3 4 5 6 7 9 10 *11)
[    0.087340] ACPI: PCI Interrupt Link [LNKE] (IRQs 3 4 5 6 7 9 10 *11)
[    0.088136] ACPI: PCI Interrupt Link [LNKF] (IRQs 3 4 5 6 7 9 10 *11)
[    0.088915] ACPI: PCI Interrupt Link [LNKG] (IRQs 3 4 5 6 7 9 10 *11)
[    0.089651] ACPI: PCI Interrupt Link [LNKH] (IRQs 3 4 5 6 7 9 10 *11)
[    0.090371] vgaarb: device added: PCI:0000:00:02.0,decodes=io+mem,owns=io+mem,locks=none
[    0.090492] vgaarb: loaded
[    0.090671] SCSI subsystem initialized
[    0.090769] libata version 3.00 loaded.
[    0.090817] usbcore: registered new interface driver usbfs
[    0.090934] usbcore: registered new interface driver hub
[    0.091020] usbcore: registered new device driver usb
[    0.108043] raid6: int32x1    941 MB/s
[    0.124989] raid6: int32x2    886 MB/s
[    0.142068] raid6: int32x4    750 MB/s
[    0.159077] raid6: int32x8    660 MB/s
[    0.175984] raid6: mmxx1     2878 MB/s
[    0.192988] raid6: mmxx2     3253 MB/s
[    0.209999] raid6: sse1x1    1937 MB/s
[    0.226998] raid6: sse1x2    2535 MB/s
[    0.243980] raid6: sse2x1    3503 MB/s
[    0.260971] raid6: sse2x2    3828 MB/s
[    0.261055] raid6: using algorithm sse2x2 (3828 MB/s)
[    0.261150] PCI: Using ACPI for IRQ routing
[    0.261450] HPET: 3 timers in total, 0 timers will be used for per-cpu timer
[    0.261983] Switching to clocksource tsc
[    0.262081] pnp: PnP ACPI init
[    0.262176] ACPI: bus type pnp registered
[    0.265816] pnp: PnP ACPI: found 11 devices
[    0.265914] ACPI: ACPI bus type pnp unregistered
[    0.266001] system 00:00: iomem range 0x0-0x9ffff could not be reserved
[    0.266093] system 00:00: iomem range 0xc0000-0xc3fff could not be reserved
[    0.266185] system 00:00: iomem range 0xc4000-0xc7fff could not be reserved
[    0.266275] system 00:00: iomem range 0xc8000-0xcbfff has been reserved
[    0.266360] system 00:00: iomem range 0xcc000-0xcffff has been reserved
[    0.266448] system 00:00: iomem range 0xd0000-0xd3fff could not be reserved
[    0.266540] system 00:00: iomem range 0xe0000-0xe3fff could not be reserved
[    0.266636] system 00:00: iomem range 0xe4000-0xe7fff could not be reserved
[    0.266723] system 00:00: iomem range 0xe8000-0xebfff could not be reserved
[    0.266819] system 00:00: iomem range 0xec000-0xeffff could not be reserved
[    0.266914] system 00:00: iomem range 0xf0000-0xfffff could not be reserved
[    0.267004] system 00:00: iomem range 0x100000-0x3dffffff could not be reserved
[    0.267124] system 00:00: iomem range 0xfec00000-0xfed3ffff could not be reserved
[    0.267245] system 00:00: iomem range 0xfed4c000-0xffffffff could not be reserved
[    0.267365] system 00:02: ioport range 0x164e-0x164f has been reserved
[    0.267458] system 00:02: ioport range 0x1000-0x107f has been reserved
[    0.267543] system 00:02: ioport range 0x1180-0x11bf has been reserved
[    0.267631] system 00:02: ioport range 0x800-0x80f has been reserved
[    0.267721] system 00:02: ioport range 0x15e0-0x15ef has been reserved
[    0.267806] system 00:02: ioport range 0x1600-0x165f could not be reserved
[    0.267900] system 00:02: iomem range 0xf0000000-0xf3ffffff has been reserved
[    0.267989] system 00:02: iomem range 0xfed1c000-0xfed1ffff has been reserved
[    0.268082] system 00:02: iomem range 0xfed14000-0xfed17fff has been reserved
[    0.268167] system 00:02: iomem range 0xfed18000-0xfed18fff has been reserved
[    0.268261] system 00:02: iomem range 0xfed19000-0xfed19fff has been reserved
[    0.268350] system 00:02: iomem range 0xfed45000-0xfed4bfff has been reserved
[    0.303392] pci 0000:00:1c.0: PCI bridge, secondary bus 0000:02
[    0.303483] pci 0000:00:1c.0:   IO window: 0x2000-0x2fff
[    0.303579] pci 0000:00:1c.0:   MEM window: 0xfc000000-0xfdffffff
[    0.303670] pci 0000:00:1c.0:   PREFETCH window: 0x000000f8000000-0x000000f80fffff
[    0.303798] pci 0000:00:1c.1: PCI bridge, secondary bus 0000:03
[    0.303892] pci 0000:00:1c.1:   IO window: 0x3000-0x3fff
[    0.303983] pci 0000:00:1c.1:   MEM window: 0xdc000000-0xdf3fffff
[    0.304068] pci 0000:00:1c.1:   PREFETCH window: 0x000000dfe00000-0x000000dfefffff
[    0.304199] pci 0000:00:1c.2: PCI bridge, secondary bus 0000:04
[    0.304293] pci 0000:00:1c.2:   IO window: 0x4000-0x4fff
[    0.304389] pci 0000:00:1c.2:   MEM window: 0xd8000000-0xd9ffffff
[    0.304476] pci 0000:00:1c.2:   PREFETCH window: 0x000000dfb00000-0x000000dfbfffff
[    0.304599] pci 0000:00:1c.3: PCI bridge, secondary bus 0000:05
[    0.304684] pci 0000:00:1c.3:   IO window: 0x5000-0x5fff
[    0.304778] pci 0000:00:1c.3:   MEM window: 0xd4000000-0xd5ffffff
[    0.304871] pci 0000:00:1c.3:   PREFETCH window: 0x000000df800000-0x000000df8fffff
[    0.304997] pci 0000:00:1c.4: PCI bridge, secondary bus 0000:0d
[    0.305087] pci 0000:00:1c.4:   IO window: 0x6000-0x6fff
[    0.305173] pci 0000:00:1c.4:   MEM window: 0xd0000000-0xd1ffffff
[    0.305269] pci 0000:00:1c.4:   PREFETCH window: 0x000000df500000-0x000000df5fffff
[    0.305399] pci 0000:15:00.0: CardBus bridge, secondary bus 0000:16
[    0.305485] pci 0000:15:00.0:   IO window: 0x007000-0x0070ff
[    0.305577] pci 0000:15:00.0:   IO window: 0x007400-0x0074ff
[    0.305673] pci 0000:15:00.0:   PREFETCH window: 0xf4000000-0xf7ffffff
[    0.305769] pci 0000:15:00.0:   MEM window: 0x40000000-0x43ffffff
[    0.305864] pci 0000:00:1e.0: PCI bridge, secondary bus 0000:15
[    0.305963] pci 0000:00:1e.0:   IO window: 0x7000-0xafff
[    0.306052] pci 0000:00:1e.0:   MEM window: 0xf8300000-0xfbffffff
[    0.306136] pci 0000:00:1e.0:   PREFETCH window: 0x000000f4000000-0x000000f7ffffff
[    0.306273] pci 0000:00:1c.0: PCI INT A -> GSI 20 (level, low) -> IRQ 20
[    0.306364] pci 0000:00:1c.0: setting latency timer to 64
[    0.306376] pci 0000:00:1c.1: PCI INT B -> GSI 21 (level, low) -> IRQ 21
[    0.306469] pci 0000:00:1c.1: setting latency timer to 64
[    0.306478] pci 0000:00:1c.2: PCI INT C -> GSI 22 (level, low) -> IRQ 22
[    0.306569] pci 0000:00:1c.2: setting latency timer to 64
[    0.306580] pci 0000:00:1c.3: PCI INT D -> GSI 23 (level, low) -> IRQ 23
[    0.306683] pci 0000:00:1c.3: setting latency timer to 64
[    0.306694] pci 0000:00:1c.4: PCI INT A -> GSI 20 (level, low) -> IRQ 20
[    0.306789] pci 0000:00:1c.4: setting latency timer to 64
[    0.306796] pci 0000:00:1e.0: enabling device (0005 -> 0007)
[    0.306888] pci 0000:00:1e.0: setting latency timer to 64
[    0.306903] pci 0000:15:00.0: PCI INT A -> GSI 16 (level, low) -> IRQ 16
[    0.306999] pci 0000:15:00.0: setting latency timer to 64
[    0.307005] pci_bus 0000:00: resource 0 io:  [0x00-0xffff]
[    0.307007] pci_bus 0000:00: resource 1 mem: [0x000000-0xffffffff]
[    0.307009] pci_bus 0000:02: resource 0 io:  [0x2000-0x2fff]
[    0.307011] pci_bus 0000:02: resource 1 mem: [0xfc000000-0xfdffffff]
[    0.307013] pci_bus 0000:02: resource 2 pref mem [0xf8000000-0xf80fffff]
[    0.307015] pci_bus 0000:03: resource 0 io:  [0x3000-0x3fff]
[    0.307017] pci_bus 0000:03: resource 1 mem: [0xdc000000-0xdf3fffff]
[    0.307018] pci_bus 0000:03: resource 2 pref mem [0xdfe00000-0xdfefffff]
[    0.307020] pci_bus 0000:04: resource 0 io:  [0x4000-0x4fff]
[    0.307022] pci_bus 0000:04: resource 1 mem: [0xd8000000-0xd9ffffff]
[    0.307024] pci_bus 0000:04: resource 2 pref mem [0xdfb00000-0xdfbfffff]
[    0.307026] pci_bus 0000:05: resource 0 io:  [0x5000-0x5fff]
[    0.307028] pci_bus 0000:05: resource 1 mem: [0xd4000000-0xd5ffffff]
[    0.307030] pci_bus 0000:05: resource 2 pref mem [0xdf800000-0xdf8fffff]
[    0.307031] pci_bus 0000:0d: resource 0 io:  [0x6000-0x6fff]
[    0.307033] pci_bus 0000:0d: resource 1 mem: [0xd0000000-0xd1ffffff]
[    0.307035] pci_bus 0000:0d: resource 2 pref mem [0xdf500000-0xdf5fffff]
[    0.307037] pci_bus 0000:15: resource 0 io:  [0x7000-0xafff]
[    0.307039] pci_bus 0000:15: resource 1 mem: [0xf8300000-0xfbffffff]
[    0.307040] pci_bus 0000:15: resource 2 pref mem [0xf4000000-0xf7ffffff]
[    0.307042] pci_bus 0000:15: resource 3 io:  [0x00-0xffff]
[    0.307044] pci_bus 0000:15: resource 4 mem: [0x000000-0xffffffff]
[    0.307046] pci_bus 0000:16: resource 0 io:  [0x7000-0x70ff]
[    0.307048] pci_bus 0000:16: resource 1 io:  [0x7400-0x74ff]
[    0.307050] pci_bus 0000:16: resource 2 pref mem [0xf4000000-0xf7ffffff]
[    0.307051] pci_bus 0000:16: resource 3 mem: [0x40000000-0x43ffffff]
[    0.307059] NET: Registered protocol family 2
[    0.307146] RANDOM - __random32 called. Change num 7.  Value: 437d97bf	f373de51	f3b0f986
[    0.307147] RANDOM - random32 called.  Value: 437d97bf	f373de51	f3b0f986
[    0.307152] random 0000 0000 0000 5f8db4e5 4cfdf2a8: rand_read_num 3 get_random_bytes(4): sig fffffb64 5f8db4e5 4cfdf2a8
[    0.307154] random 0000 0000 0000 5f8db4e5 4cfdf2a8: extract_entropy(.. 4 ..)
[    0.307157] random 0000 0000 0000 5f8db4e5 4cfdf2a8: going to reseed nonblocking with 64 bits (32 of 0 requested)
[    0.307159] random 0000 0000 0000 5f8db4e5 4cfdf2a8: extract_entropy(.. 8 ..)
[    0.307161] random 0000 0000 0000 5f8db4e5 4cfdf2a8: trying to extract 64 bits from input
[    0.307163] random 0000 0000 0000 5f8db4e5 4cfdf2a8: debiting 0 entropy credits from input
[    0.307165] random 0000 0000 0000 5f8db4e5 4cfdf2a8: extract_entropy account returned: 0 
[    0.307168] random 0000 0000 0000 5f8db4e5 4cfdf2a8: urand_change_num 5 xfer_secondary_pool(4): pool_sig fffffb64, data_sig 00000000, bytes_mixed 0 5f8db4e5 4cfdf2a8
[    0.307171] random 0000 0000 0000 5f8db4e5 4cfdf2a8: trying to extract 32 bits from nonblocking
[    0.307173] random 0000 0000 0000 5f8db4e5 4cfdf2a8: debiting 32 entropy credits from nonblocking (unlimited)
[    0.307176] random 0000 0000 0000 5f8db4e5 4cfdf2a8: extract_entropy account returned: 4 
[    0.307180] random 0000 0000 0000 5f8db4e5 4cfdf2a8: urand_change_num 6 extract_buf: pool_sig fffffb64, data_sig 00000241, bytes_mixed 20 5f8db4e5 4cfdf2a8
[    0.307190] IP route cache hash table entries: 32768 (order: 5, 131072 bytes)
[    0.307315] RANDOM - __random32 called. Change num 8.  Value: d97bfe31	373de51f	f30dc6e6
[    0.307317] RANDOM - random32 called.  Value: d97bfe31	373de51f	f30dc6e6
[    0.307327] RANDOM - __random32 called. Change num 9.  Value: bfe314d7	73de51f5	8dcd6c7e
[    0.307329] RANDOM - random32 called.  Value: bfe314d7	73de51f5	8dcd6c7e
[    0.307331] RANDOM - __random32 called. Change num 10.  Value: 314d7baf	3de51f5e	d8fc74c1
[    0.307333] RANDOM - random32 called.  Value: 314d7baf	3de51f5e	d8fc74c1
[    0.307343] RANDOM - __random32 called. Change num 11.  Value: d7baf3c7	de51f5e5	e983e3fa
[    0.307344] RANDOM - random32 called.  Value: d7baf3c7	de51f5e5	e983e3fa
[    0.307354] TCP established hash table entries: 131072 (order: 8, 1048576 bytes)
[    0.307836] TCP bind hash table entries: 65536 (order: 6, 262144 bytes)
[    0.308026] TCP: Hash tables configured (established 131072 bind 65536)
[    0.308111] TCP reno registered
[    0.308212] NET: Registered protocol family 1
[    0.308334] RPC: Registered udp transport module.
[    0.308418] RPC: Registered tcp transport module.
[    0.308501] RPC: Registered tcp NFSv4.1 backchannel transport module.
[    0.308594] pci 0000:00:02.0: Boot video device
[    0.308812] Simple Boot Flag at 0x35 set to 0x1
[    0.309358] highmem bounce pool size: 64 pages
[    0.310861] VFS: Disk quotas dquot_6.5.2
[    0.311069] Dquot-cache hash table entries: 1024 (order 0, 4096 bytes)
[    0.311736] NTFS driver 2.1.29 [Flags: R/W].
[    0.311899] ROMFS MTD (C) 2007 Red Hat, Inc.
[    0.312110] JFS: nTxBlock = 7695, nTxLock = 61562
[    0.314564] SGI XFS with ACLs, security attributes, large block/inode numbers, no debug enabled
[    0.315056] SGI XFS Quota Management subsystem
[    0.315336] Slow work thread pool: Starting up
[    0.315436] Slow work thread pool: Ready
[    0.315533] GFS2 (built May 24 2013 02:47:17) installed
[    0.315625] msgmni has been set to 1734
[    0.315786] alg: No test for cipher_null (cipher_null-generic)
[    0.315895] alg: No test for ecb(cipher_null) (ecb-cipher_null)
[    0.315995] alg: No test for digest_null (digest_null-generic)
[    0.316092] alg: No test for compress_null (compress_null-generic)
[    0.316643] alg: No test for fcrypt (fcrypt-generic)
[    0.318070] alg: No test for stdrng (krng)
[    0.318159] async_tx: api initialized (async)
[    0.318308] Block layer SCSI generic (bsg) driver version 0.4 loaded (major 254)
[    0.318421] io scheduler noop registered
[    0.318506] io scheduler anticipatory registered
[    0.318592] io scheduler deadline registered
[    0.318719] io scheduler cfq registered (default)
[    0.318965] pcieport 0000:00:1c.0: irq 24 for MSI/MSI-X
[    0.318982] pcieport 0000:00:1c.0: setting latency timer to 64
[    0.319172] pcieport 0000:00:1c.1: irq 25 for MSI/MSI-X
[    0.319183] pcieport 0000:00:1c.1: setting latency timer to 64
[    0.319362] pcieport 0000:00:1c.2: irq 26 for MSI/MSI-X
[    0.319372] pcieport 0000:00:1c.2: setting latency timer to 64
[    0.319547] pcieport 0000:00:1c.3: irq 27 for MSI/MSI-X
[    0.319558] pcieport 0000:00:1c.3: setting latency timer to 64
[    0.319737] pcieport 0000:00:1c.4: irq 28 for MSI/MSI-X
[    0.319748] pcieport 0000:00:1c.4: setting latency timer to 64
[    0.319905] pci_hotplug: PCI Hot Plug PCI Core version: 0.5
[    0.320106] isapnp: Scanning for PnP cards...
[    0.680632] isapnp: No Plug & Play device found
[    0.680722] random 0000 0000 0000 5f8db4e5 4cfdf2a8: initializing
[    0.680724] RANDOM init_std_data for input now value: 1369927010680725640
[    0.680726] RANDOM init_std_data for blocking now value: 1369927010680727675
[    0.680728] RANDOM init_std_data for nonblocking now value: 1369927010680729390
[    0.700357] Serial: 8250/16550 driver, 4 ports, IRQ sharing enabled
[    3.712008] floppy0: no floppy controllers found
[    3.712948] brd: module loaded
[    3.713447] loop: module loaded
[    3.713529] Compaq SMART2 Driver (v 2.6.0)
[    3.713649] HP CISS Driver (v 3.6.20)
[    3.713887] input: Macintosh mouse button emulation as /devices/virtual/input/input0
[    3.714027] Uniform Multi-Platform E-IDE driver
[    3.714251] piix 0000:00:1f.1: IDE controller (0x8086:0x2850 rev 0x03)
[    3.714347] pci 0000:00:1f.1: PCI INT C -> GSI 16 (level, low) -> IRQ 16
[    3.714447] piix 0000:00:1f.1: IDE port disabled
[    3.714545] piix 0000:00:1f.1: not 100% native mode: will probe irqs later
[    3.714640]     ide0: BM-DMA at 0x1c00-0x1c07
[    3.714737] Probing IDE interface ide0...
[    4.386251] hda: HL-DT-ST DVDRAM GSA-U10N, ATAPI CD/DVD-ROM drive
[    4.693075] hda: host max PIO4 wanted PIO255(auto-tune) selected PIO4
[    4.693844] hda: UDMA/33 mode selected
[    4.694303] ide0 at 0x1f0-0x1f7,0x3f6 on irq 14
[    4.698181] ide-gd driver 1.18
[    4.698289] ide-cd driver 5.00
[    4.699676] random 0000 0000 0000 00000000 00000000: add_disk_randomness(0:0) 00000000 00000000
[    4.699680] random 0000 0000 0000 00000000 00000000: add_timer_randomness(.. 256) with jiffies: 5262799250864701051, cycles: 5262799246570029067
[    4.699682] random 0000 0000 0000 00000000 00000000: added 11 entropy credits to input
[    4.699686] ide-cd: hda: ATAPI 24X DVD-ROM DVD-R/RAM CD-R/RW drive, 2048kB Cache
[    4.700102] Uniform CD-ROM driver Revision: 3.20
[    4.702960] random 0011 0000 0000 00000000 00000000: add_disk_randomness(0:0) 00000000 00000000
[    4.702963] random 0011 0000 0000 00000000 00000000: add_timer_randomness(.. 256) with jiffies: 5292343888512253566, cycles: 5292343884217581579
[    4.702965] random 0011 0000 0000 00000000 00000000: added 1 entropy credits to input
[    4.702968] random 0012 0000 0000 00000000 00000000: add_disk_randomness(0:0) 00000000 00000000
[    4.702971] random 0012 0000 0000 00000000 00000000: add_timer_randomness(.. 256) with jiffies: 5292420686822473342, cycles: 5292420682527801355
[    4.704961] random 0012 0000 0000 00000000 00000000: add_disk_randomness(0:0) 00000000 00000000
[    4.704964] random 0012 0000 0000 00000000 00000000: add_timer_randomness(.. 256) with jiffies: 5310345814436707968, cycles: 5310345810142035979
[    4.704966] random 0012 0000 0000 00000000 00000000: added 1 entropy credits to input
[    4.704969] random 0013 0000 0000 00000000 00000000: add_disk_randomness(0:0) 00000000 00000000
[    4.704972] random 0013 0000 0000 00000000 00000000: add_timer_randomness(.. 256) with jiffies: 5310420856105303680, cycles: 5310420851810631691
[    4.706958] random 0013 0000 0000 00000000 00000000: add_disk_randomness(0:0) 00000000 00000000
[    4.706960] random 0013 0000 0000 00000000 00000000: add_timer_randomness(.. 256) with jiffies: 5328310176577191554, cycles: 5328310172282519563
[    4.706963] random 0013 0000 0000 00000000 00000000: added 1 entropy credits to input
[    4.706966] random 0014 0000 0000 00000000 00000000: add_disk_randomness(0:0) 00000000 00000000
[    4.706969] random 0014 0000 0000 00000000 00000000: add_timer_randomness(.. 256) with jiffies: 5328383324165209730, cycles: 5328383319870537739
[    4.707247] Loading iSCSI transport class v2.0-870.
[    4.707535] rdac: device handler registered
[    4.707625] hp_sw: device handler registered
[    4.707718] emc: device handler registered
[    4.707800] alua: device handler registered
[    4.708787] Adaptec aacraid driver 1.1-5[2461]-ms
[    4.709217] scsi: <fdomain> Detection failed (no card)
[    4.709315] sym53c416.c: Version 1.0.0-ac
[    4.709418] qlogicfas: no cards were found, please specify I/O address and IRQ using iobase= and irq= options
[    4.709541] QLogic Fibre Channel HBA Driver: 8.03.01-k6
[    4.709773] iscsi: registered transport (qla4xxx)
[    4.709885] QLogic iSCSI HBA Driver
[    4.709971] Emulex LightPulse Fibre Channel SCSI driver 8.3.4
[    4.710062] Copyright(c) 2004-2009 Emulex.  All rights reserved.
[    4.732062] Failed initialization of WD-7000 SCSI card!
[    4.821371] DC390: clustering now enabled by default. If you get problems load
[    4.821488]        with "disable_clustering=1" and report to maintainers
[    4.821617] megaraid cmm: 2.20.2.7 (Release Date: Sun Jul 16 00:01:03 EST 2006)
[    4.821762] megaraid: 2.20.5.1 (Release Date: Thu Nov 16 15:32:35 EST 2006)
[    4.821874] megasas: 00.00.04.01 Thu July 24 11:41:51 PST 2008
[    4.822004] GDT-HA: Storage RAID Controller Driver. Version: 3.05
[    4.822154] 3ware Storage Controller device driver for Linux v1.26.02.002.
[    4.822261] 3ware 9000 Storage Controller device driver for Linux v2.26.02.012.
[    4.822402] nsp32: loading...
[    4.822501] ipr: IBM Power RAID SCSI Device Driver version: 2.4.3 (June 10, 2009)
[    4.822641] RocketRAID 3xxx/4xxx Controller driver v1.6 (090910)
[    4.822745] stex: Promise SuperTrak EX Driver version: 4.6.0000.3
[    4.822873] st: Version 20081215, fixed bufsize 32768, s/g segs 256
[    4.823070] ahci 0000:00:1f.2: version 3.0
[    4.823088] ahci 0000:00:1f.2: PCI INT B -> GSI 16 (level, low) -> IRQ 16
[    4.823212] ahci 0000:00:1f.2: irq 29 for MSI/MSI-X
[    4.823272] ahci 0000:00:1f.2: AHCI 0001.0100 32 slots 3 ports 1.5 Gbps 0x5 impl SATA mode
[    4.823394] ahci 0000:00:1f.2: flags: 64bit ncq sntf pm led clo pio slum part ccc 
[    4.823522] ahci 0000:00:1f.2: setting latency timer to 64
[    4.823665] scsi2 : ahci
[    4.823818] scsi3 : ahci
[    4.823953] scsi4 : ahci
[    4.824146] ata1: SATA max UDMA/133 abar m2048@0xfe226000 port 0xfe226100 irq 29
[    4.824266] ata2: DUMMY
[    4.824348] ata3: SATA max UDMA/133 abar m2048@0xfe226000 port 0xfe226200 irq 29
[    4.824943] I2O subsystem v1.325
[    4.825027] i2o: max drivers = 8
[    4.825176] I2O Configuration OSM v1.323
[    4.825276] I2O Bus Adapter OSM v1.317
[    4.825375] I2O Block Device OSM v1.325
[    4.825519] I2O SCSI Peripheral OSM v1.316
[    4.825622] I2O ProcFS OSM v1.316
[    4.825724] Fusion MPT base driver 3.04.12
[    4.825805] Copyright (c) 1999-2008 LSI Corporation
[    4.825893] Fusion MPT SPI Host driver 3.04.12
[    4.826000] Fusion MPT FC Host driver 3.04.12
[    4.826165] Fusion MPT SAS Host driver 3.04.12
[    4.826319] ohci1394 0000:15:00.1: PCI INT B -> GSI 17 (level, low) -> IRQ 17
[    4.826419] ohci1394 0000:15:00.1: setting latency timer to 64
[    4.880089] ohci1394: fw-host0: OHCI-1394 1.1 (PCI): IRQ=[17]  MMIO=[f8301000-f83017ff]  Max Packet=[2048]  IR/IT contexts=[4/4]
[    4.883346] ehci_hcd: USB 2.0 'Enhanced' Host Controller (EHCI) Driver
[    4.883642] ehci_hcd 0000:00:1a.7: power state changed by ACPI to D0
[    4.883887] ehci_hcd 0000:00:1a.7: power state changed by ACPI to D0
[    4.883981] ehci_hcd 0000:00:1a.7: PCI INT C -> GSI 22 (level, low) -> IRQ 22
[    4.884086] ehci_hcd 0000:00:1a.7: setting latency timer to 64
[    4.884092] ehci_hcd 0000:00:1a.7: EHCI Host Controller
[    4.884228] ehci_hcd 0000:00:1a.7: new USB bus registered, assigned bus number 1
[    4.888243] ehci_hcd 0000:00:1a.7: cache line size of 32 is not supported
[    4.888252] ehci_hcd 0000:00:1a.7: irq 22, io mem 0xfe226c00
[    4.898053] ehci_hcd 0000:00:1a.7: USB 2.0 started, EHCI 1.00
[    4.898160] usb usb1: New USB device found, idVendor=1d6b, idProduct=0002
[    4.898252] usb usb1: New USB device strings: Mfr=3, Product=2, SerialNumber=1
[    4.898374] usb usb1: Product: EHCI Host Controller
[    4.898461] usb usb1: Manufacturer: Linux 2.6.32.57 ehci_hcd
[    4.898548] usb usb1: SerialNumber: 0000:00:1a.7
[    4.898689] usb usb1: configuration #1 chosen from 1 choice
[    4.898810] hub 1-0:1.0: USB hub found
[    4.898896] hub 1-0:1.0: 4 ports detected
[    4.899194] ehci_hcd 0000:00:1d.7: power state changed by ACPI to D0
[    4.899432] ehci_hcd 0000:00:1d.7: power state changed by ACPI to D0
[    4.899530] ehci_hcd 0000:00:1d.7: PCI INT D -> GSI 19 (level, low) -> IRQ 19
[    4.899629] ehci_hcd 0000:00:1d.7: setting latency timer to 64
[    4.899634] ehci_hcd 0000:00:1d.7: EHCI Host Controller
[    4.899763] ehci_hcd 0000:00:1d.7: new USB bus registered, assigned bus number 2
[    4.899907] ehci_hcd 0000:00:1d.7: debug port 1
[    4.903867] ehci_hcd 0000:00:1d.7: cache line size of 32 is not supported
[    4.903876] ehci_hcd 0000:00:1d.7: irq 19, io mem 0xfe227000
[    4.914054] ehci_hcd 0000:00:1d.7: USB 2.0 started, EHCI 1.00
[    4.914163] usb usb2: New USB device found, idVendor=1d6b, idProduct=0002
[    4.914254] usb usb2: New USB device strings: Mfr=3, Product=2, SerialNumber=1
[    4.914375] usb usb2: Product: EHCI Host Controller
[    4.914466] usb usb2: Manufacturer: Linux 2.6.32.57 ehci_hcd
[    4.914550] usb usb2: SerialNumber: 0000:00:1d.7
[    4.914691] usb usb2: configuration #1 chosen from 1 choice
[    4.914815] hub 2-0:1.0: USB hub found
[    4.914913] hub 2-0:1.0: 6 ports detected
[    4.915090] 116x: driver isp116x-hcd, 03 Nov 2005
[    4.915195] ohci_hcd: USB 1.1 'Open' Host Controller (OHCI) Driver
[    4.915310] uhci_hcd: USB Universal Host Controller Interface driver
[    4.915419] uhci_hcd 0000:00:1a.0: PCI INT A -> GSI 20 (level, low) -> IRQ 20
[    4.915515] uhci_hcd 0000:00:1a.0: setting latency timer to 64
[    4.915520] uhci_hcd 0000:00:1a.0: UHCI Host Controller
[    4.915644] uhci_hcd 0000:00:1a.0: new USB bus registered, assigned bus number 3
[    4.915791] uhci_hcd 0000:00:1a.0: irq 20, io base 0x00001860
[    4.915905] usb usb3: New USB device found, idVendor=1d6b, idProduct=0001
[    4.915996] usb usb3: New USB device strings: Mfr=3, Product=2, SerialNumber=1
[    4.916122] usb usb3: Product: UHCI Host Controller
[    4.916209] usb usb3: Manufacturer: Linux 2.6.32.57 uhci_hcd
[    4.916295] usb usb3: SerialNumber: 0000:00:1a.0
[    4.916428] usb usb3: configuration #1 chosen from 1 choice
[    4.916541] hub 3-0:1.0: USB hub found
[    4.916632] hub 3-0:1.0: 2 ports detected
[    4.916938] uhci_hcd 0000:00:1a.1: power state changed by ACPI to D0
[    4.917188] uhci_hcd 0000:00:1a.1: power state changed by ACPI to D0
[    4.917289] uhci_hcd 0000:00:1a.1: PCI INT B -> GSI 21 (level, low) -> IRQ 21
[    4.917396] uhci_hcd 0000:00:1a.1: setting latency timer to 64
[    4.917401] uhci_hcd 0000:00:1a.1: UHCI Host Controller
[    4.917534] uhci_hcd 0000:00:1a.1: new USB bus registered, assigned bus number 4
[    4.917685] uhci_hcd 0000:00:1a.1: irq 21, io base 0x00001880
[    4.917794] usb usb4: New USB device found, idVendor=1d6b, idProduct=0001
[    4.917887] usb usb4: New USB device strings: Mfr=3, Product=2, SerialNumber=1
[    4.918006] usb usb4: Product: UHCI Host Controller
[    4.918099] usb usb4: Manufacturer: Linux 2.6.32.57 uhci_hcd
[    4.918185] usb usb4: SerialNumber: 0000:00:1a.1
[    4.918318] usb usb4: configuration #1 chosen from 1 choice
[    4.918435] hub 4-0:1.0: USB hub found
[    4.918520] hub 4-0:1.0: 2 ports detected
[    4.918798] uhci_hcd 0000:00:1d.0: power state changed by ACPI to D0
[    4.919039] uhci_hcd 0000:00:1d.0: power state changed by ACPI to D0
[    4.919137] uhci_hcd 0000:00:1d.0: PCI INT A -> GSI 16 (level, low) -> IRQ 16
[    4.919227] uhci_hcd 0000:00:1d.0: setting latency timer to 64
[    4.919232] uhci_hcd 0000:00:1d.0: UHCI Host Controller
[    4.919355] uhci_hcd 0000:00:1d.0: new USB bus registered, assigned bus number 5
[    4.919497] uhci_hcd 0000:00:1d.0: irq 16, io base 0x000018a0
[    4.919610] usb usb5: New USB device found, idVendor=1d6b, idProduct=0001
[    4.919701] usb usb5: New USB device strings: Mfr=3, Product=2, SerialNumber=1
[    4.919827] usb usb5: Product: UHCI Host Controller
[    4.919923] usb usb5: Manufacturer: Linux 2.6.32.57 uhci_hcd
[    4.920013] usb usb5: SerialNumber: 0000:00:1d.0
[    4.920152] usb usb5: configuration #1 chosen from 1 choice
[    4.920269] hub 5-0:1.0: USB hub found
[    4.920357] hub 5-0:1.0: 2 ports detected
[    4.920495] uhci_hcd 0000:00:1d.1: PCI INT B -> GSI 17 (level, low) -> IRQ 17
[    4.920596] uhci_hcd 0000:00:1d.1: setting latency timer to 64
[    4.920600] uhci_hcd 0000:00:1d.1: UHCI Host Controller
[    4.920720] uhci_hcd 0000:00:1d.1: new USB bus registered, assigned bus number 6
[    4.920864] uhci_hcd 0000:00:1d.1: irq 17, io base 0x000018c0
[    4.920982] usb usb6: New USB device found, idVendor=1d6b, idProduct=0001
[    4.921080] usb usb6: New USB device strings: Mfr=3, Product=2, SerialNumber=1
[    4.921211] usb usb6: Product: UHCI Host Controller
[    4.921297] usb usb6: Manufacturer: Linux 2.6.32.57 uhci_hcd
[    4.921383] usb usb6: SerialNumber: 0000:00:1d.1
[    4.921511] usb usb6: configuration #1 chosen from 1 choice
[    4.921627] hub 6-0:1.0: USB hub found
[    4.921720] hub 6-0:1.0: 2 ports detected
[    4.922015] uhci_hcd 0000:00:1d.2: power state changed by ACPI to D0
[    4.922277] uhci_hcd 0000:00:1d.2: power state changed by ACPI to D0
[    4.922370] uhci_hcd 0000:00:1d.2: PCI INT C -> GSI 18 (level, low) -> IRQ 18
[    4.922467] uhci_hcd 0000:00:1d.2: setting latency timer to 64
[    4.922472] uhci_hcd 0000:00:1d.2: UHCI Host Controller
[    4.922604] uhci_hcd 0000:00:1d.2: new USB bus registered, assigned bus number 7
[    4.922752] uhci_hcd 0000:00:1d.2: irq 18, io base 0x000018e0
[    4.922866] usb usb7: New USB device found, idVendor=1d6b, idProduct=0001
[    4.922960] usb usb7: New USB device strings: Mfr=3, Product=2, SerialNumber=1
[    4.923087] usb usb7: Product: UHCI Host Controller
[    4.923180] usb usb7: Manufacturer: Linux 2.6.32.57 uhci_hcd
[    4.923266] usb usb7: SerialNumber: 0000:00:1d.2
[    4.924057] usb usb7: configuration #1 chosen from 1 choice
[    4.924181] hub 7-0:1.0: USB hub found
[    4.924269] hub 7-0:1.0: 2 ports detected
[    4.924425] sl811: driver sl811-hcd, 19 May 2005
[    4.924526] r8a66597_hcd: driver r8a66597_hcd, 2009-05-26
[    4.924692] Initializing USB Mass Storage driver...
[    4.924812] usbcore: registered new interface driver usb-storage
[    4.924898] USB Mass Storage support registered.
[    4.925002] usbcore: registered new interface driver ums-alauda
[    4.925111] usbcore: registered new interface driver ums-cypress
[    4.925222] usbcore: registered new interface driver ums-datafab
[    4.925325] usbcore: registered new interface driver ums-freecom
[    4.925429] usbcore: registered new interface driver ums-isd200
[    4.925539] usbcore: registered new interface driver ums-jumpshot
[    4.925649] usbcore: registered new interface driver ums-karma
[    4.925760] usbcore: registered new interface driver ums-onetouch
[    4.925881] usbcore: registered new interface driver ums-sddr09
[    4.925994] usbcore: registered new interface driver ums-sddr55
[    4.926122] usbcore: registered new interface driver ums-usbat
[    4.926264] PNP: PS/2 Controller [PNP0303:KBD,PNP0f13:MOU] at 0x60,0x64 irq 1,12
[    4.934369] serio: i8042 KBD port at 0x60,0x64 irq 1
[    4.934455] serio: i8042 AUX port at 0x60,0x64 irq 12
[    4.934694] mice: PS/2 mouse device common for all mice
[    4.934797] i2c /dev entries driver
[    4.934926] md: linear personality registered for level -1
[    4.935014] md: raid0 personality registered for level 0
[    4.935122] md: raid1 personality registered for level 1
[    4.935208] md: raid10 personality registered for level 10
[    4.935289] md: raid6 personality registered for level 6
[    4.935377] md: raid5 personality registered for level 5
[    4.935467] md: raid4 personality registered for level 4
[    4.935558] md: multipath personality registered for level -4
[    4.935750] device-mapper: ioctl: 4.15.0-ioctl (2009-04-01) initialised: dm-devel@redhat.com
[    4.935950] cpuidle: using governor ladder
[    4.936556] usbcore: registered new interface driver usbhid
[    4.936641] usbhid: v2.6:USB HID core driver
[    4.936800] random 0014 0000 0000 00000000 00000000: rand_read_num 4 get_random_bytes(136): sig 00000000 00000000 00000000
[    4.936803] random 0014 0000 0000 00000000 00000000: extract_entropy(.. 136 ..)
[    4.936805] random 0014 0000 0000 00000000 00000000: going to reseed nonblocking with 1024 bits (1088 of 0 requested)
[    4.936808] random 0014 0000 0000 00000000 00000000: extract_entropy(.. 128 ..)
[    4.936810] random 0014 0000 0000 00000000 00000000: trying to extract 1024 bits from input
[    4.936812] random 0014 0000 0000 00000000 00000000: debiting 0 entropy credits from input
[    4.936814] random 0014 0000 0000 00000000 00000000: extract_entropy account returned: 0 
[    4.936817] random 0014 0000 0000 00000000 00000000: urand_change_num 7 xfer_secondary_pool(136): pool_sig 00000000, data_sig 00000000, bytes_mixed 0 00000000 00000000
[    4.936820] random 0014 0000 0000 00000000 00000000: trying to extract 1088 bits from nonblocking
[    4.936823] random 0014 0000 0000 00000000 00000000: debiting 1088 entropy credits from nonblocking (unlimited)
[    4.936825] random 0014 0000 0000 00000000 00000000: extract_entropy account returned: 136 
[    4.936829] random 0014 0000 0000 00000000 00000000: urand_change_num 8 extract_buf: pool_sig 00000000, data_sig fffffff9, bytes_mixed 20 00000000 00000000
[    4.936835] random 0014 0000 0000 b7c35b56 be4dc95d: urand_change_num 9 extract_buf: pool_sig fffffd1e, data_sig 000000c5, bytes_mixed 20 b7c35b56 be4dc95d
[    4.936840] random 0014 0000 0000 ed9f5c47 c48487fb: urand_change_num 10 extract_buf: pool_sig fffff8ec, data_sig ffffff68, bytes_mixed 20 ed9f5c47 c48487fb
[    4.936845] random 0014 0000 0000 ed9f5c47 c48487fb: urand_change_num 11 extract_buf: pool_sig fffffaed, data_sig 000001aa, bytes_mixed 20 ed9f5c47 c48487fb
[    4.936851] random 0014 0000 0000 1b4f7c0a 91bd6a48: urand_change_num 12 extract_buf: pool_sig fffffdd8, data_sig 00000064, bytes_mixed 20 1b4f7c0a 91bd6a48
[    4.936856] random 0014 0000 0000 a254b9bc 20e9a24f: urand_change_num 13 extract_buf: pool_sig fffffbe6, data_sig 000001dd, bytes_mixed 20 a254b9bc 20e9a24f
[    4.936861] random 0014 0000 0000 a254b9bc 20e9a24f: urand_change_num 14 extract_buf: pool_sig fffff940, data_sig fffffe20, bytes_mixed 20 a254b9bc 20e9a24f
[    4.936866] random 0014 0000 0000 2831a66b 5fa2a3ad: urand_change_num 15 extract_buf: pool_sig fffffbce, data_sig 0000007e, bytes_mixed 20 2831a66b 5fa2a3ad
[    4.936872] random 0014 0000 0000 2831a66b 5fa2a3ad: urand_change_num 16 extract_buf: pool_sig 000004df, data_sig fffffe8f, bytes_mixed 20 2831a66b 5fa2a3ad
[    4.936877] random 0014 0000 0000 d4512bfd c9a54e0b: urand_change_num 17 extract_buf: pool_sig 00000485, data_sig fffffe68, bytes_mixed 20 d4512bfd c9a54e0b
[    4.936882] random 0014 0000 0000 c7371be6 f9ffea11: urand_change_num 18 extract_buf: pool_sig 00000095, data_sig ffffffed, bytes_mixed 20 c7371be6 f9ffea11
[    4.936887] random 0014 0000 0000 c7371be6 f9ffea11: urand_change_num 19 extract_buf: pool_sig 000003a7, data_sig fffffefa, bytes_mixed 20 c7371be6 f9ffea11
[    4.936892] random 0014 0000 0000 8fb4b62c d1ddba54: urand_change_num 20 extract_buf: pool_sig 00000179, data_sig ffffff78, bytes_mixed 20 8fb4b62c d1ddba54
[    4.936898] random 0014 0000 0000 9ff19f9c c07a1d2a: urand_change_num 21 extract_buf: pool_sig fffffe88, data_sig 00000126, bytes_mixed 20 9ff19f9c c07a1d2a
[    4.936902] TCP cubic registered
[    4.936991] Initializing XFRM netlink socket
[    4.937092] NET: Registered protocol family 17
[    4.937183] Using IPI Shortcut mode
[    4.937265] random 0014 0000 0000 9ff19f9c c07a1d2a: rand_read_num 5 get_random_bytes(8): sig 0000031b 9ff19f9c c07a1d2a
[    4.937268] random 0014 0000 0000 9ff19f9c c07a1d2a: extract_entropy(.. 8 ..)
[    4.937270] random 0014 0000 0000 9ff19f9c c07a1d2a: going to reseed nonblocking with 64 bits (64 of 0 requested)
[    4.937272] random 0014 0000 0000 9ff19f9c c07a1d2a: extract_entropy(.. 8 ..)
[    4.937274] random 0014 0000 0000 9ff19f9c c07a1d2a: trying to extract 64 bits from input
[    4.937276] random 0014 0000 0000 9ff19f9c c07a1d2a: debiting 0 entropy credits from input
[    4.937278] random 0014 0000 0000 9ff19f9c c07a1d2a: extract_entropy account returned: 0 
[    4.937282] random 0014 0000 0000 9ff19f9c c07a1d2a: urand_change_num 22 xfer_secondary_pool(8): pool_sig 0000031b, data_sig 00000000, bytes_mixed 0 9ff19f9c c07a1d2a
[    4.937285] random 0014 0000 0000 9ff19f9c c07a1d2a: trying to extract 64 bits from nonblocking
[    4.937287] random 0014 0000 0000 9ff19f9c c07a1d2a: debiting 64 entropy credits from nonblocking (unlimited)
[    4.937289] random 0014 0000 0000 9ff19f9c c07a1d2a: extract_entropy account returned: 8 
[    4.937293] random 0014 0000 0000 9ff19f9c c07a1d2a: urand_change_num 23 extract_buf: pool_sig 0000031b, data_sig ffffffb3, bytes_mixed 20 9ff19f9c c07a1d2a
[    4.939707] input: AT Translated Set 2 keyboard as /devices/platform/i8042/serio0/input/input1
[    5.130079] ata1: SATA link up 1.5 Gbps (SStatus 113 SControl 300)
[    5.130183] ata3: SATA link down (SStatus 0 SControl 300)
[    5.131703] ata1.00: ACPI cmd ef/02:00:00:00:00:a0 (SET FEATURES) succeeded
[    5.131706] ata1.00: ACPI cmd f5/00:00:00:00:00:a0 (SECURITY FREEZE LOCK) filtered out
[    5.133098] ata1.00: ACPI cmd ef/5f:00:00:00:00:a0 (SET FEATURES) succeeded
[    5.133100] ata1.00: ACPI cmd ef/10:03:00:00:00:a0 (SET FEATURES) filtered out
[    5.135003] ata1.00: ATA-7: ST910021AS, 4.06, max UDMA/100
[    5.135102] ata1.00: 195371568 sectors, multi 16: LBA48 
[    5.137246] ata1.00: ACPI cmd ef/02:00:00:00:00:a0 (SET FEATURES) succeeded
[    5.137249] ata1.00: ACPI cmd f5/00:00:00:00:00:a0 (SECURITY FREEZE LOCK) filtered out
[    5.138643] ata1.00: ACPI cmd ef/5f:00:00:00:00:a0 (SET FEATURES) succeeded
[    5.138646] ata1.00: ACPI cmd ef/10:03:00:00:00:a0 (SET FEATURES) filtered out
[    5.140567] ata1.00: configured for UDMA/100
[    5.151128] scsi 2:0:0:0: Direct-Access     ATA      ST910021AS       4.06 PQ: 0 ANSI: 5
[    5.151404] sd 2:0:0:0: [sda] 195371568 512-byte logical blocks: (100 GB/93.1 GiB)
[    5.151540] sd 2:0:0:0: [sda] Write Protect is off
[    5.151624] sd 2:0:0:0: [sda] Mode Sense: 00 3a 00 00
[    5.151637] sd 2:0:0:0: [sda] Write cache: enabled, read cache: enabled, doesn't support DPO or FUA
[    5.151825]  sda:
[    5.217068] usb 2-1: new high speed USB device using ehci_hcd and address 2
[    5.364318] usb 2-1: New USB device found, idVendor=0e8d, idProduct=1806
[    5.364405] usb 2-1: New USB device strings: Mfr=1, Product=2, SerialNumber=3
[    5.364497] usb 2-1: Product: MT1806 
[    5.364581] usb 2-1: Manufacturer: MediaTek Inc
[    5.364669] usb 2-1: SerialNumber: R8KN6GAC800AEB 
[    5.364804] usb 2-1: configuration #1 chosen from 1 choice
[    5.371114] scsi5 : SCSI emulation for USB Mass Storage devices
[    5.371279] usb-storage: device found at 2
[    5.371281] usb-storage: waiting for device to settle before scanning
[    5.582127] random 0014 0000 0000 277f73c3 42024bb9: add_disk_randomness(8:0) 277f73c3 42024bb9
[    5.582131] random 0014 0000 0000 277f73c3 42024bb9: add_timer_randomness(.. 8388864) with jiffies: 13201317256886976918, cycles: -5245426821117247477
[    5.582134] random 0014 0000 0000 277f73c3 42024bb9: added 11 entropy credits to input
[    5.582139]  sda1 sda2
[    5.582442] random 0025 0000 0000 277f73c3 42024bb9: add_disk_randomness(8:0) 277f73c3 42024bb9
[    5.582445] random 0025 0000 0000 277f73c3 42024bb9: add_timer_randomness(.. 8388864) with jiffies: 13204153009044160918, cycles: -5242591068960063477
[    5.582600] sd 2:0:0:0: [sda] Attached SCSI disk
[    5.582686] random 0025 0000 0000 277f73c3 42024bb9: rand_read_num 6 get_random_bytes(12): sig 000007e9 277f73c3 42024bb9
[    5.582689] random 0025 0000 0000 277f73c3 42024bb9: extract_entropy(.. 12 ..)
[    5.582691] random 0025 0000 0000 277f73c3 42024bb9: going to reseed nonblocking with 96 bits (96 of 0 requested)
[    5.582694] random 0025 0000 0000 277f73c3 42024bb9: extract_entropy(.. 12 ..)
[    5.582696] random 0025 0000 0000 277f73c3 42024bb9: trying to extract 96 bits from input
[    5.582698] random 0025 0000 0000 277f73c3 42024bb9: debiting 0 entropy credits from input
[    5.582700] random 0025 0000 0000 277f73c3 42024bb9: extract_entropy account returned: 0 
[    5.582703] random 0025 0000 0000 277f73c3 42024bb9: urand_change_num 24 xfer_secondary_pool(12): pool_sig 000007e9, data_sig 00000000, bytes_mixed 0 277f73c3 42024bb9
[    5.582706] random 0025 0000 0000 277f73c3 42024bb9: trying to extract 96 bits from nonblocking
[    5.582708] random 0025 0000 0000 277f73c3 42024bb9: debiting 96 entropy credits from nonblocking (unlimited)
[    5.582711] random 0025 0000 0000 277f73c3 42024bb9: extract_entropy account returned: 12 
[    5.582715] random 0025 0000 0000 277f73c3 42024bb9: urand_change_num 25 extract_buf: pool_sig 000007e9, data_sig 00000088, bytes_mixed 20 277f73c3 42024bb9
[    5.582720] random 0025 0000 0000 277f73c3 42024bb9: urand_change_num 26 extract_buf: pool_sig 00000498, data_sig fffffefb, bytes_mixed 20 277f73c3 42024bb9
[    5.582723] RANDOM - __seed init called.
[    5.582724] RANDOM - __seed init called.
[    5.582725] RANDOM - __seed init called.
[    5.582727] RANDOM - __random32 called. Change num 12.  Value: 87f14767	f0d7351	b1e48bd3
[    5.582729] RANDOM - random32_reseed called.  Value: 87f14767	f0d7351	b1e48bd3
[    5.582732] Pid: 1, comm: swapper Not tainted 2.6.32.57 #6
[    5.582817] Call Trace:
[    5.582906]  [<c1923ca4>] ? random32_reseed+0xa0/0xb1
[    5.582988]  [<c1923c04>] ? random32_reseed+0x0/0xb1
[    5.583068]  [<c100111e>] ? do_one_initcall+0x2e/0x180
[    5.583162]  [<c1907265>] ? kernel_init+0xad/0x103
[    5.583252]  [<c19071b8>] ? kernel_init+0x0/0x103
[    5.583338]  [<c1003787>] ? kernel_thread_helper+0x7/0x10
[    5.583854] random 0025 0000 0000 386b4e60 ee4d4880: rand_read_num 7 get_random_bytes(64): sig fffffea5 386b4e60 ee4d4880
[    5.583857] random 0025 0000 0000 386b4e60 ee4d4880: extract_entropy(.. 64 ..)
[    5.583859] random 0025 0000 0000 386b4e60 ee4d4880: going to reseed nonblocking with 512 bits (512 of 0 requested)
[    5.583861] random 0025 0000 0000 386b4e60 ee4d4880: extract_entropy(.. 64 ..)
[    5.583863] random 0025 0000 0000 386b4e60 ee4d4880: trying to extract 512 bits from input
[    5.583866] random 0025 0000 0000 386b4e60 ee4d4880: debiting 0 entropy credits from input
[    5.583868] random 0025 0000 0000 386b4e60 ee4d4880: extract_entropy account returned: 0 
[    5.583871] random 0025 0000 0000 386b4e60 ee4d4880: urand_change_num 27 xfer_secondary_pool(64): pool_sig fffffea5, data_sig 00000000, bytes_mixed 0 386b4e60 ee4d4880
[    5.583874] random 0025 0000 0000 386b4e60 ee4d4880: trying to extract 512 bits from nonblocking
[    5.583876] random 0025 0000 0000 386b4e60 ee4d4880: debiting 512 entropy credits from nonblocking (unlimited)
[    5.583878] random 0025 0000 0000 386b4e60 ee4d4880: extract_entropy account returned: 64 
[    5.583882] random 0025 0000 0000 386b4e60 ee4d4880: urand_change_num 28 extract_buf: pool_sig fffffea5, data_sig 00000173, bytes_mixed 20 386b4e60 ee4d4880
[    5.583888] random 0025 0000 0000 412698f6 0cc8689a: urand_change_num 29 extract_buf: pool_sig 00000122, data_sig ffffff63, bytes_mixed 20 412698f6 0cc8689a
[    5.583893] random 0025 0000 0000 412698f6 0cc8689a: urand_change_num 30 extract_buf: pool_sig 000001f7, data_sig 00000012, bytes_mixed 20 412698f6 0cc8689a
[    5.583898] random 0025 0000 0000 9669941e 06f768b1: urand_change_num 31 extract_buf: pool_sig fffffb5b, data_sig 0000003f, bytes_mixed 20 9669941e 06f768b1
[    5.583904] random 0025 0000 0000 98486520 995551f0: urand_change_num 32 extract_buf: pool_sig fffffb39, data_sig 0000000e, bytes_mixed 20 98486520 995551f0
[    5.583909] random 0025 0000 0000 98486520 995551f0: urand_change_num 33 extract_buf: pool_sig fffffd8d, data_sig 000001a6, bytes_mixed 20 98486520 995551f0
[    5.583914] random 0025 0000 0000 61fc8914 d5882ed2: urand_change_num 34 extract_buf: pool_sig fffffa58, data_sig 0000023e, bytes_mixed 20 61fc8914 d5882ed2
[    5.583943] random 0025 0000 0000 61fc8914 d5882ed2: rand_read_num 8 get_random_bytes(64): sig fffff9ee 61fc8914 d5882ed2
[    5.583945] random 0025 0000 0000 61fc8914 d5882ed2: extract_entropy(.. 64 ..)
[    5.583948] random 0025 0000 0000 61fc8914 d5882ed2: going to reseed nonblocking with 512 bits (512 of 0 requested)
[    5.583950] random 0025 0000 0000 61fc8914 d5882ed2: extract_entropy(.. 64 ..)
[    5.583952] random 0025 0000 0000 61fc8914 d5882ed2: trying to extract 512 bits from input
[    5.583954] random 0025 0000 0000 61fc8914 d5882ed2: debiting 0 entropy credits from input
[    5.583956] random 0025 0000 0000 61fc8914 d5882ed2: extract_entropy account returned: 0 
[    5.583960] random 0025 0000 0000 61fc8914 d5882ed2: urand_change_num 35 xfer_secondary_pool(64): pool_sig fffff9ee, data_sig 00000000, bytes_mixed 0 61fc8914 d5882ed2
[    5.583962] random 0025 0000 0000 61fc8914 d5882ed2: trying to extract 512 bits from nonblocking
[    5.583965] random 0025 0000 0000 61fc8914 d5882ed2: debiting 512 entropy credits from nonblocking (unlimited)
[    5.583967] random 0025 0000 0000 61fc8914 d5882ed2: extract_entropy account returned: 64 
[    5.583971] random 0025 0000 0000 61fc8914 d5882ed2: urand_change_num 36 extract_buf: pool_sig fffff9ee, data_sig ffffff85, bytes_mixed 20 61fc8914 d5882ed2
[    5.583976] random 0025 0000 0000 70cfd302 e5edec11: urand_change_num 37 extract_buf: pool_sig fffffdc1, data_sig ffffffde, bytes_mixed 20 70cfd302 e5edec11
[    5.583982] random 0025 0000 0000 00dab838 eafd2b30: urand_change_num 38 extract_buf: pool_sig 000003da, data_sig ffffff61, bytes_mixed 20 00dab838 eafd2b30
[    5.583987] random 0025 0000 0000 00dab838 eafd2b30: urand_change_num 39 extract_buf: pool_sig 00000314, data_sig 00000121, bytes_mixed 20 00dab838 eafd2b30
[    5.583992] random 0025 0000 0000 5fcdf66a 6442b608: urand_change_num 40 extract_buf: pool_sig 0000028b, data_sig fffffefd, bytes_mixed 20 5fcdf66a 6442b608
[    5.583997] random 0025 0000 0000 61333f6b 8fae0f9b: urand_change_num 41 extract_buf: pool_sig 000000cb, data_sig 000000b3, bytes_mixed 20 61333f6b 8fae0f9b
[    5.584003] random 0025 0000 0000 61333f6b 8fae0f9b: urand_change_num 42 extract_buf: pool_sig fffffef8, data_sig 00000051, bytes_mixed 20 61333f6b 8fae0f9b
[    5.584005] BEGIN NET_SECRET:
[    5.584006] \xffffffe0
[    5.584007] \xffffffb6
[    5.584008] \x36
[    5.584009] \xffffffb5
[    5.584010] \xffffff94
[    5.584011] \xffffffb2
[    5.584012] \xffffffa8
[    5.584012] \xffffffda
[    5.584013] \x5b
[    5.584014] \x19
[    5.584015] \x18
[    5.584015] \x5c
[    5.584016] \x2b
[    5.584017] \x1
[    5.584018] \xffffff90
[    5.584018] \x19
[    5.584019] \x3c
[    5.584020] \xfffffff2
[    5.584021] \xffffff82
[    5.584022] \x2a
[    5.584022] \xffffffb3
[    5.584023] \xffffffa2
[    5.584024] \x3f
[    5.584025] \x5
[    5.584025] \x52
[    5.584026] \x77
[    5.584027] \x57
[    5.584028] \x79
[    5.584028] \x16
[    5.584029] \x43
[    5.584030] \xffffff84
[    5.584031] \xffffffc3
[    5.584031] \xffffffe9
[    5.584032] \x79
[    5.584033] \x50
[    5.584034] \xffffff8e
[    5.584034] \x3f
[    5.584035] \xfffffff3
[    5.584036] \x19
[    5.584037] \x2a
[    5.584037] \xfffffffd
[    5.584038] \xfffffffb
[    5.584039] \x62
[    5.584040] \x3c
[    5.584041] \xffffffac
[    5.584041] \x1c
[    5.584042] \x3b
[    5.584043] \x3b
[    5.584044] \x15
[    5.584044] \x27
[    5.584045] \xffffffa8
[    5.584046] \x22
[    5.584047] \xffffffc5
[    5.584047] \xffffff9a
[    5.584048] \x5
[    5.584049] \x6c
[    5.584050] \xffffffa8
[    5.584050] \x3a
[    5.584051] \x44
[    5.584052] \xffffffaf
[    5.584053] \x13
[    5.584054] \xffffffe0
[    5.584054] \xffffff9d
[    5.584055] \x22
[    5.584056] 
[    5.584056] END NET_SECRET
[    5.584059] random 0025 0000 0000 e7f555d9 e8ce5c3c: rand_read_num 9 get_random_bytes(4): sig 0000068c e7f555d9 e8ce5c3c
[    5.584062] random 0025 0000 0000 e7f555d9 e8ce5c3c: extract_entropy(.. 4 ..)
[    5.584064] random 0025 0000 0000 e7f555d9 e8ce5c3c: going to reseed nonblocking with 64 bits (32 of 0 requested)
[    5.584066] random 0025 0000 0000 e7f555d9 e8ce5c3c: extract_entropy(.. 8 ..)
[    5.584068] random 0025 0000 0000 e7f555d9 e8ce5c3c: trying to extract 64 bits from input
[    5.584070] random 0025 0000 0000 e7f555d9 e8ce5c3c: debiting 0 entropy credits from input
[    5.584072] random 0025 0000 0000 e7f555d9 e8ce5c3c: extract_entropy account returned: 0 
[    5.584079] random 0025 0000 0000 e7f555d9 e8ce5c3c: urand_change_num 43 xfer_secondary_pool(4): pool_sig 0000068c, data_sig 00000000, bytes_mixed 0 e7f555d9 e8ce5c3c
[    5.584082] random 0025 0000 0000 e7f555d9 e8ce5c3c: trying to extract 32 bits from nonblocking
[    5.584084] random 0025 0000 0000 e7f555d9 e8ce5c3c: debiting 32 entropy credits from nonblocking (unlimited)
[    5.584086] random 0025 0000 0000 e7f555d9 e8ce5c3c: extract_entropy account returned: 4 
[    5.584090] random 0025 0000 0000 e7f555d9 e8ce5c3c: urand_change_num 44 extract_buf: pool_sig 0000068c, data_sig fffffdcb, bytes_mixed 20 e7f555d9 e8ce5c3c
[    5.584101] md: Waiting for all devices to be available before autodetect
[    5.584187] md: If you don't use raid, use raid=noautodetect
[    5.584351] md: Autodetecting RAID arrays.
[    5.584437] md: Scanned 0 and added 0 devices.
[    5.584527] md: autorun ...
[    5.584608] md: ... autorun DONE.
[    5.598622] random 0025 0000 0000 e7f555d9 e8ce5c3c: add_disk_randomness(8:0) e7f555d9 e8ce5c3c
[    5.598626] random 0025 0000 0000 e7f555d9 e8ce5c3c: add_timer_randomness(.. 8388864) with jiffies: 13349715266091319718, cycles: -5097028811912904693
[    5.598628] random 0025 0000 0000 e7f555d9 e8ce5c3c: added 4 entropy credits to input
[    5.599747] random 0029 0000 0000 e7f555d9 e8ce5c3c: add_disk_randomness(8:0) e7f555d9 e8ce5c3c
[    5.599750] random 0029 0000 0000 e7f555d9 e8ce5c3c: add_timer_randomness(.. 8388864) with jiffies: 13359836781726106023, cycles: -5086907296278118389
[    5.599861] random 0029 0000 0000 e7f555d9 e8ce5c3c: add_disk_randomness(8:0) e7f555d9 e8ce5c3c
[    5.599864] random 0029 0000 0000 e7f555d9 e8ce5c3c: add_timer_randomness(.. 8388864) with jiffies: 13360860354037121447, cycles: -5085883723967102965
[    5.599869] EXT3-fs: sda2: couldn't mount because of unsupported optional features (240).
[    5.600098] random 0029 0000 0000 e7f555d9 e8ce5c3c: add_disk_randomness(8:0) e7f555d9 e8ce5c3c
[    5.600102] random 0029 0000 0000 e7f555d9 e8ce5c3c: add_timer_randomness(.. 8388864) with jiffies: 13362986637726548392, cycles: -5083757440277676021
[    5.600106] EXT2-fs: sda2: couldn't mount because of unsupported optional features (240).
[    5.600332] random 0029 0000 0000 e7f555d9 e8ce5c3c: add_disk_randomness(8:0) e7f555d9 e8ce5c3c
[    5.600335] random 0029 0000 0000 e7f555d9 e8ce5c3c: add_timer_randomness(.. 8388864) with jiffies: 13365094027854840232, cycles: -5081650050149384181
[    5.600463] random 0029 0000 0000 e7f555d9 e8ce5c3c: add_disk_randomness(8:0) e7f555d9 e8ce5c3c
[    5.600466] random 0029 0000 0000 e7f555d9 e8ce5c3c: add_timer_randomness(.. 8388864) with jiffies: 13366273275550466472, cycles: -5080470802453757941
[    5.600624] random 0029 0000 0000 e7f555d9 e8ce5c3c: add_disk_randomness(8:0) e7f555d9 e8ce5c3c
[    5.600627] random 0029 0000 0000 e7f555d9 e8ce5c3c: add_timer_randomness(.. 8388864) with jiffies: 13367727027490881960, cycles: -5079017050513342453
[    5.600743] random 0029 0000 0000 e7f555d9 e8ce5c3c: add_disk_randomness(8:0) e7f555d9 e8ce5c3c
[    5.600746] random 0029 0000 0000 e7f555d9 e8ce5c3c: add_timer_randomness(.. 8388864) with jiffies: 13368794700526092712, cycles: -5077949377478131701
[    5.600860] random 0029 0000 0000 e7f555d9 e8ce5c3c: add_disk_randomness(8:0) e7f555d9 e8ce5c3c
[    5.600863] random 0029 0000 0000 e7f555d9 e8ce5c3c: add_timer_randomness(.. 8388864) with jiffies: 13369851236711104936, cycles: -5076892841293119477
[    5.600969] random 0029 0000 0000 e7f555d9 e8ce5c3c: add_disk_randomness(8:0) e7f555d9 e8ce5c3c
[    5.600972] random 0029 0000 0000 e7f555d9 e8ce5c3c: add_timer_randomness(.. 8388864) with jiffies: 13370833409832354216, cycles: -5075910668171870197
[    5.601085] random 0029 0000 0000 e7f555d9 e8ce5c3c: add_disk_randomness(8:0) e7f555d9 e8ce5c3c
[    5.601088] random 0029 0000 0000 e7f555d9 e8ce5c3c: add_timer_randomness(.. 8388864) with jiffies: 13371862209118568873, cycles: -5074881868885655541
[    5.601197] random 0029 0000 0000 e7f555d9 e8ce5c3c: add_disk_randomness(8:0) e7f555d9 e8ce5c3c
[    5.601200] random 0029 0000 0000 e7f555d9 e8ce5c3c: add_timer_randomness(.. 8388864) with jiffies: 13372870718979277225, cycles: -5073873359024947189
[    5.601440] random 0029 0000 0000 e7f555d9 e8ce5c3c: rand_read_num 10 get_random_bytes(4): sig ffffff72 e7f555d9 e8ce5c3c
[    5.601442] random 0029 0000 0000 e7f555d9 e8ce5c3c: extract_entropy(.. 4 ..)
[    5.601444] random 0029 0000 0000 e7f555d9 e8ce5c3c: going to reseed nonblocking with 64 bits (32 of 0 requested)
[    5.601447] random 0029 0000 0000 e7f555d9 e8ce5c3c: extract_entropy(.. 8 ..)
[    5.601449] random 0029 0000 0000 e7f555d9 e8ce5c3c: trying to extract 64 bits from input
[    5.601451] random 0029 0000 0000 e7f555d9 e8ce5c3c: debiting 0 entropy credits from input
[    5.601453] random 0029 0000 0000 e7f555d9 e8ce5c3c: extract_entropy account returned: 0 
[    5.601456] random 0029 0000 0000 e7f555d9 e8ce5c3c: urand_change_num 45 xfer_secondary_pool(4): pool_sig ffffff72, data_sig 00000000, bytes_mixed 0 e7f555d9 e8ce5c3c
[    5.601459] random 0029 0000 0000 e7f555d9 e8ce5c3c: trying to extract 32 bits from nonblocking
[    5.601461] random 0029 0000 0000 e7f555d9 e8ce5c3c: debiting 32 entropy credits from nonblocking (unlimited)
[    5.601463] random 0029 0000 0000 e7f555d9 e8ce5c3c: extract_entropy account returned: 4 
[    5.601468] random 0029 0000 0000 e7f555d9 e8ce5c3c: urand_change_num 46 extract_buf: pool_sig ffffff72, data_sig ffffff72, bytes_mixed 20 e7f555d9 e8ce5c3c
[    5.613078] random 0029 0000 0000 91716c54 eeb6a1e7: add_disk_randomness(8:0) 91716c54 eeb6a1e7
[    5.613081] random 0029 0000 0000 91716c54 eeb6a1e7: add_timer_randomness(.. 8388864) with jiffies: 13479753144803754421, cycles: -4966990933200470005
[    5.613084] random 0029 0000 0000 91716c54 eeb6a1e7: added 3 entropy credits to input
[    5.631350] random 0032 0000 0000 91716c54 eeb6a1e7: add_disk_randomness(8:0) 91716c54 eeb6a1e7
[    5.631354] random 0032 0000 0000 91716c54 eeb6a1e7: add_timer_randomness(.. 8388864) with jiffies: 13644133092388733383, cycles: -4802610985615491061
[    5.631356] random 0032 0000 0000 91716c54 eeb6a1e7: added 2 entropy credits to input
[    5.636083] EXT4-fs (sda2): mounted filesystem with ordered data mode
[    5.636282] VFS: Mounted root (ext4 filesystem) readonly on device 8:2.
[    5.636380] Freeing unused kernel memory: 448k freed
[    5.656549] random 0034 0000 0000 91716c54 eeb6a1e7: add_disk_randomness(8:0) 91716c54 eeb6a1e7
[    5.656553] random 0034 0000 0000 91716c54 eeb6a1e7: add_timer_randomness(.. 8388864) with jiffies: 13870826667477008864, cycles: -4575917410527215605
[    5.657276] random 0034 0000 0000 91716c54 eeb6a1e7: add_disk_randomness(8:0) 91716c54 eeb6a1e7
[    5.657279] random 0034 0000 0000 91716c54 eeb6a1e7: add_timer_randomness(.. 8388864) with jiffies: 13877358582589784545, cycles: -4569385495414439925
[    5.661957] random 0034 0000 0000 91716c54 eeb6a1e7: add_disk_randomness(8:0) 91716c54 eeb6a1e7
[    5.661960] random 0034 0000 0000 91716c54 eeb6a1e7: add_timer_randomness(.. 8388864) with jiffies: 13919481809352753637, cycles: -4527262268651470837
[    5.661963] random 0034 0000 0000 91716c54 eeb6a1e7: added 1 entropy credits to input
[    5.670162] random 0035 0000 0000 91716c54 eeb6a1e7: add_disk_randomness(8:0) 91716c54 eeb6a1e7
[    5.670165] random 0035 0000 0000 91716c54 eeb6a1e7: add_timer_randomness(.. 8388864) with jiffies: 13993274870825976302, cycles: -4453469207178248181
[    5.670167] random 0035 0000 0000 91716c54 eeb6a1e7: added 1 entropy credits to input
[    5.673584] random 0036 0000 0000 91716c54 eeb6a1e7: add_disk_randomness(8:0) 91716c54 eeb6a1e7
[    5.673587] random 0036 0000 0000 91716c54 eeb6a1e7: add_timer_randomness(.. 8388864) with jiffies: 14024069554410062321, cycles: -4422674523594162165
[    5.673590] random 0036 0000 0000 91716c54 eeb6a1e7: added 1 entropy credits to input
[    5.682482] random 0037 0000 0000 91716c54 eeb6a1e7: add_disk_randomness(8:0) 91716c54 eeb6a1e7
[    5.682485] random 0037 0000 0000 91716c54 eeb6a1e7: add_timer_randomness(.. 8388864) with jiffies: 14104113086084121082, cycles: -4342630991920103413
[    5.682487] random 0037 0000 0000 91716c54 eeb6a1e7: added 2 entropy credits to input
[    5.695762] random 0039 0000 0000 91716c54 eeb6a1e7: add_disk_randomness(8:0) 91716c54 eeb6a1e7
[    5.695765] random 0039 0000 0000 91716c54 eeb6a1e7: add_timer_randomness(.. 8388864) with jiffies: 14223584516319707655, cycles: -4223159561684516853
[    5.695768] random 0039 0000 0000 91716c54 eeb6a1e7: added 1 entropy credits to input
[    5.703841] random 0040 0000 0000 91716c54 eeb6a1e7: add_disk_randomness(8:0) 91716c54 eeb6a1e7
[    5.703844] random 0040 0000 0000 91716c54 eeb6a1e7: add_timer_randomness(.. 8388864) with jiffies: 14296263003714847247, cycles: -4150481074289377269
[    5.703846] random 0040 0000 0000 91716c54 eeb6a1e7: added 2 entropy credits to input
[    5.703870] RANDOM get_random_int call with cycles 50573304075, jiffies 4294672911 and pid 1
[    5.703873] RANDOM get_random_int call with cycles 50573311225, jiffies 4294672911 and pid 1
[    5.703875] ASLR stack rand value: 401408 after shift for pid: 1
[    5.703876] RANDOM get_random_int call with cycles 50573319006, jiffies 4294672911 and pid 1
[    5.715492] random 0042 0000 0000 91716c54 eeb6a1e7: add_disk_randomness(8:0) 91716c54 eeb6a1e7
[    5.715495] random 0042 0000 0000 91716c54 eeb6a1e7: add_timer_randomness(.. 8388864) with jiffies: 14401075470051017243, cycles: -4045668607953207285
[    5.715498] random 0042 0000 0000 91716c54 eeb6a1e7: added 2 entropy credits to input
[    5.715508] RANDOM get_random_int call with cycles 50597679804, jiffies 4294672923 and pid 1
[    5.715511] random 0044 0000 0000 91716c54 eeb6a1e7: rand_read_num 11 get_random_bytes(16): sig fffffcad 91716c54 eeb6a1e7
[    5.715513] random 0044 0000 0000 91716c54 eeb6a1e7: extract_entropy(.. 16 ..)
[    5.715516] random 0044 0000 0000 91716c54 eeb6a1e7: going to reseed nonblocking with 128 bits (128 of 0 requested)
[    5.715518] random 0044 0000 0000 91716c54 eeb6a1e7: extract_entropy(.. 16 ..)
[    5.715520] random 0044 0000 0000 91716c54 eeb6a1e7: trying to extract 128 bits from input
[    5.715522] random 0044 0000 0000 91716c54 eeb6a1e7: debiting 0 entropy credits from input
[    5.715524] random 0044 0000 0000 91716c54 eeb6a1e7: extract_entropy account returned: 0 
[    5.715528] random 0044 0000 0000 91716c54 eeb6a1e7: urand_change_num 47 xfer_secondary_pool(16): pool_sig fffffcad, data_sig 00000000, bytes_mixed 0 91716c54 eeb6a1e7
[    5.715531] random 0044 0000 0000 91716c54 eeb6a1e7: trying to extract 128 bits from nonblocking
[    5.715533] random 0044 0000 0000 91716c54 eeb6a1e7: debiting 128 entropy credits from nonblocking (unlimited)
[    5.715535] random 0044 0000 0000 91716c54 eeb6a1e7: extract_entropy account returned: 16 
[    5.715540] random 0044 0000 0000 91716c54 eeb6a1e7: urand_change_num 48 extract_buf: pool_sig fffffcad, data_sig ffffff19, bytes_mixed 20 91716c54 eeb6a1e7
[    5.715545] random 0044 0000 0000 fd637b06 6cf47bc1: urand_change_num 49 extract_buf: pool_sig fffffede, data_sig ffffffc1, bytes_mixed 20 fd637b06 6cf47bc1
[    5.716497] random 0044 0000 0000 fd637b06 6cf47bc1: add_disk_randomness(8:0) fd637b06 6cf47bc1
[    5.716500] random 0044 0000 0000 fd637b06 6cf47bc1: add_timer_randomness(.. 8388864) with jiffies: 14410115422726357532, cycles: -4036628655277866997
[    5.717642] random 0044 0000 0000 fd637b06 6cf47bc1: add_disk_randomness(8:0) fd637b06 6cf47bc1
[    5.717645] random 0044 0000 0000 fd637b06 6cf47bc1: add_timer_randomness(.. 8388864) with jiffies: 14420415162324058653, cycles: -4026328915680165877
[    5.718794] random 0044 0000 0000 fd637b06 6cf47bc1: add_disk_randomness(8:0) fd637b06 6cf47bc1
[    5.718797] random 0044 0000 0000 fd637b06 6cf47bc1: add_timer_randomness(.. 8388864) with jiffies: 14430781778857525790, cycles: -4015962299146698741
[    5.719668] random 0044 0000 0000 fd637b06 6cf47bc1: add_disk_randomness(8:0) fd637b06 6cf47bc1
[    5.719671] random 0044 0000 0000 fd637b06 6cf47bc1: add_timer_randomness(.. 8388864) with jiffies: 14438643656363311647, cycles: -4008100421640912885
[    5.719851] random 0044 0000 0000 fd637b06 6cf47bc1: add_disk_randomness(8:0) fd637b06 6cf47bc1
[    5.719854] random 0044 0000 0000 fd637b06 6cf47bc1: add_timer_randomness(.. 8388864) with jiffies: 14440294169345491487, cycles: -4006449908658733045
[    5.720065] random 0044 0000 0000 fd637b06 6cf47bc1: add_disk_randomness(8:0) fd637b06 6cf47bc1
[    5.720068] random 0044 0000 0000 fd637b06 6cf47bc1: add_timer_randomness(.. 8388864) with jiffies: 14442220402048205343, cycles: -4004523675956019189
[    5.730549] random 0044 0000 0000 fd637b06 6cf47bc1: add_disk_randomness(8:0) fd637b06 6cf47bc1
[    5.730552] random 0044 0000 0000 fd637b06 6cf47bc1: add_timer_randomness(.. 8388864) with jiffies: 14536530779992457770, cycles: -3910213298011766773
[    5.730555] random 0044 0000 0000 fd637b06 6cf47bc1: added 3 entropy credits to input
[    5.730986] random 0047 0000 0000 fd637b06 6cf47bc1: add_disk_randomness(8:0) fd637b06 6cf47bc1
[    5.730989] random 0047 0000 0000 fd637b06 6cf47bc1: add_timer_randomness(.. 8388864) with jiffies: 14540462032277963306, cycles: -3906282045726261237
[    5.740730] random 0047 0000 0000 fd637b06 6cf47bc1: add_disk_randomness(8:0) fd637b06 6cf47bc1
[    5.740733] random 0047 0000 0000 fd637b06 6cf47bc1: add_timer_randomness(.. 8388864) with jiffies: 14628119948262343220, cycles: -3818624129741881333
[    5.740736] random 0047 0000 0000 fd637b06 6cf47bc1: added 3 entropy credits to input
[    5.740789] RANDOM get_random_int call with cycles 50650632700, jiffies 4294672948 and pid 1
[    5.745498] random 0050 0000 0000 fd637b06 6cf47bc1: add_disk_randomness(8:0) fd637b06 6cf47bc1
[    5.745501] random 0050 0000 0000 fd637b06 6cf47bc1: add_timer_randomness(.. 8388864) with jiffies: 14671007704973804089, cycles: -3775736373030420469
[    5.745504] random 0050 0000 0000 fd637b06 6cf47bc1: added 2 entropy credits to input
[    5.758168] random 0052 0000 0000 fd637b06 6cf47bc1: add_disk_randomness(8:0) fd637b06 6cf47bc1
[    5.758171] random 0052 0000 0000 fd637b06 6cf47bc1: add_timer_randomness(.. 8388864) with jiffies: 14784977329347854918, cycles: -3661766748656369653
[    5.758173] random 0052 0000 0000 fd637b06 6cf47bc1: added 3 entropy credits to input
[    5.758303] random 0055 0000 0000 fd637b06 6cf47bc1: add_disk_randomness(8:0) fd637b06 6cf47bc1
[    5.758306] random 0055 0000 0000 fd637b06 6cf47bc1: add_timer_randomness(.. 8388864) with jiffies: 14786201489516495430, cycles: -3660542588487729141
[    5.760468] random 0055 0000 0000 fd637b06 6cf47bc1: add_disk_randomness(8:0) fd637b06 6cf47bc1
[    5.760471] random 0055 0000 0000 fd637b06 6cf47bc1: add_timer_randomness(.. 8388864) with jiffies: 14805679763204309576, cycles: -3641064314799914997
[    5.760474] random 0055 0000 0000 fd637b06 6cf47bc1: added 1 entropy credits to input
[    5.760716] random 0056 0000 0000 fd637b06 6cf47bc1: add_disk_randomness(8:0) fd637b06 6cf47bc1
[    5.760719] random 0056 0000 0000 fd637b06 6cf47bc1: add_timer_randomness(.. 8388864) with jiffies: 14807913021644177992, cycles: -3638831056360046581
[    5.764976] random 0056 0000 0000 fd637b06 6cf47bc1: add_disk_randomness(8:0) fd637b06 6cf47bc1
[    5.764979] random 0056 0000 0000 fd637b06 6cf47bc1: add_timer_randomness(.. 8388864) with jiffies: 14846234914587378252, cycles: -3600509163416846325
[    5.764981] random 0056 0000 0000 fd637b06 6cf47bc1: added 2 entropy credits to input
[    5.772346] random 0058 0000 0000 fd637b06 6cf47bc1: add_disk_randomness(8:0) fd637b06 6cf47bc1
[    5.772349] random 0058 0000 0000 fd637b06 6cf47bc1: add_timer_randomness(.. 8388864) with jiffies: 14912525527187948116, cycles: -3534218550816276469
[    5.774356] random 0058 0000 0000 fd637b06 6cf47bc1: add_disk_randomness(8:0) fd637b06 6cf47bc1
[    5.774359] random 0058 0000 0000 fd637b06 6cf47bc1: add_timer_randomness(.. 8388864) with jiffies: 14930606510575419990, cycles: -3516137567428804597
[    5.774361] random 0058 0000 0000 fd637b06 6cf47bc1: added 1 entropy credits to input
[    5.782187] random 0059 0000 0000 fd637b06 6cf47bc1: add_disk_randomness(8:0) fd637b06 6cf47bc1
[    5.782190] random 0059 0000 0000 fd637b06 6cf47bc1: add_timer_randomness(.. 8388864) with jiffies: 15001051696581018206, cycles: -3445692381423206389
[    5.782192] random 0059 0000 0000 fd637b06 6cf47bc1: added 2 entropy credits to input
[    5.782323] random 0061 0000 0000 fd637b06 6cf47bc1: add_disk_randomness(8:0) fd637b06 6cf47bc1
[    5.782326] random 0061 0000 0000 fd637b06 6cf47bc1: add_timer_randomness(.. 8388864) with jiffies: 15002284743036994142, cycles: -3444459334967230453
[    5.785881] random 0061 0000 0000 fd637b06 6cf47bc1: add_disk_randomness(8:0) fd637b06 6cf47bc1
[    5.785884] random 0061 0000 0000 fd637b06 6cf47bc1: add_timer_randomness(.. 8388864) with jiffies: 15034300520183071329, cycles: -3412443557821153269
[    5.785887] random 0061 0000 0000 fd637b06 6cf47bc1: added 1 entropy credits to input
[    5.790392] random 0062 0000 0000 fd637b06 6cf47bc1: add_disk_randomness(8:0) fd637b06 6cf47bc1
[    5.790395] random 0062 0000 0000 fd637b06 6cf47bc1: add_timer_randomness(.. 8388864) with jiffies: 15074869922267628134, cycles: -3371874155736596469
[    5.795962] random 0062 0000 0000 fd637b06 6cf47bc1: add_disk_randomness(8:0) fd637b06 6cf47bc1
[    5.795965] random 0062 0000 0000 fd637b06 6cf47bc1: add_timer_randomness(.. 8388864) with jiffies: 15124989957228954219, cycles: -3321754120775270389
[    5.802238] random 0062 0000 0000 fd637b06 6cf47bc1: add_disk_randomness(8:0) fd637b06 6cf47bc1
[    5.802241] random 0062 0000 0000 fd637b06 6cf47bc1: add_timer_randomness(.. 8388864) with jiffies: 15181431617114309234, cycles: -3265312460889915381
[    5.802243] random 0062 0000 0000 fd637b06 6cf47bc1: added 1 entropy credits to input
[    5.802253] random 0063 0000 0000 fd637b06 6cf47bc1: rand_read_num 12 get_random_bytes(16): sig 0000033b fd637b06 6cf47bc1
[    5.802256] random 0063 0000 0000 fd637b06 6cf47bc1: extract_entropy(.. 16 ..)
[    5.802258] random 0063 0000 0000 fd637b06 6cf47bc1: going to reseed nonblocking with 128 bits (128 of 0 requested)
[    5.802261] random 0063 0000 0000 fd637b06 6cf47bc1: extract_entropy(.. 16 ..)
[    5.802263] random 0063 0000 0000 fd637b06 6cf47bc1: trying to extract 128 bits from input
[    5.802265] random 0063 0000 0000 fd637b06 6cf47bc1: debiting 0 entropy credits from input
[    5.802267] random 0063 0000 0000 fd637b06 6cf47bc1: extract_entropy account returned: 0 
[    5.802270] random 0063 0000 0000 fd637b06 6cf47bc1: urand_change_num 50 xfer_secondary_pool(16): pool_sig 0000033b, data_sig 00000000, bytes_mixed 0 fd637b06 6cf47bc1
[    5.802273] random 0063 0000 0000 fd637b06 6cf47bc1: trying to extract 128 bits from nonblocking
[    5.802275] random 0063 0000 0000 fd637b06 6cf47bc1: debiting 128 entropy credits from nonblocking (unlimited)
[    5.802278] random 0063 0000 0000 fd637b06 6cf47bc1: extract_entropy account returned: 16 
[    5.802282] random 0063 0000 0000 fd637b06 6cf47bc1: urand_change_num 51 extract_buf: pool_sig 0000033b, data_sig 000000d8, bytes_mixed 20 fd637b06 6cf47bc1
[    5.802287] random 0063 0000 0000 0ec1f012 d4727ca8: urand_change_num 52 extract_buf: pool_sig fffffcf5, data_sig 00000016, bytes_mixed 20 0ec1f012 d4727ca8
[    5.808986] random 0063 0000 0000 45b1d0b1 845a73f7: add_disk_randomness(8:0) 45b1d0b1 845a73f7
[    5.808989] random 0063 0000 0000 45b1d0b1 845a73f7: add_timer_randomness(.. 8388864) with jiffies: 15242155930624426616, cycles: -3204588147379798005
[    5.816215] random 0063 0000 0000 45b1d0b1 845a73f7: add_disk_randomness(8:0) 45b1d0b1 845a73f7
[    5.816218] random 0063 0000 0000 45b1d0b1 845a73f7: add_timer_randomness(.. 8388864) with jiffies: 15307170697419915904, cycles: -3139573380584308725
[    5.816221] random 0063 0000 0000 45b1d0b1 845a73f7: added 1 entropy credits to input
[    5.824227] random 0064 0000 0000 45b1d0b1 845a73f7: add_disk_randomness(8:0) 45b1d0b1 845a73f7
[    5.824230] random 0064 0000 0000 45b1d0b1 845a73f7: add_timer_randomness(.. 8388864) with jiffies: 15379247816379171464, cycles: -3067496261625053173
[    5.833631] random 0064 0000 0000 45b1d0b1 845a73f7: add_disk_randomness(8:0) 45b1d0b1 845a73f7
[    5.833634] random 0064 0000 0000 45b1d0b1 845a73f7: add_timer_randomness(.. 8388864) with jiffies: 15463848862405067409, cycles: -2982895215599157237
[    5.836782] random 0064 0000 0000 45b1d0b1 845a73f7: add_disk_randomness(8:0) 45b1d0b1 845a73f7
[    5.836785] random 0064 0000 0000 45b1d0b1 845a73f7: add_timer_randomness(.. 8388864) with jiffies: 15492198154819568276, cycles: -2954545923184656373
[    5.836788] random 0064 0000 0000 45b1d0b1 845a73f7: added 1 entropy credits to input
[    5.851049] random 0065 0000 0000 45b1d0b1 845a73f7: add_disk_randomness(8:0) 45b1d0b1 845a73f7
[    5.851052] random 0065 0000 0000 45b1d0b1 845a73f7: add_timer_randomness(.. 8388864) with jiffies: 15620550658300281506, cycles: -2826193419703943157
[    5.851055] random 0065 0000 0000 45b1d0b1 845a73f7: added 3 entropy credits to input
[    5.856448] random 0068 0000 0000 45b1d0b1 845a73f7: add_disk_randomness(8:0) 45b1d0b1 845a73f7
[    5.856451] random 0068 0000 0000 45b1d0b1 845a73f7: add_timer_randomness(.. 8388864) with jiffies: 15669110602225910440, cycles: -2777633475778314229
[    5.856454] random 0068 0000 0000 45b1d0b1 845a73f7: added 2 entropy credits to input
[    5.861617] random 0070 0000 0000 45b1d0b1 845a73f7: add_disk_randomness(8:0) 45b1d0b1 845a73f7
[    5.861620] random 0070 0000 0000 45b1d0b1 845a73f7: add_timer_randomness(.. 8388864) with jiffies: 15715612625456562861, cycles: -2731131452547661813
[    5.873988] random 0070 0000 0000 45b1d0b1 845a73f7: add_disk_randomness(8:0) 45b1d0b1 845a73f7
[    5.873992] random 0070 0000 0000 45b1d0b1 845a73f7: add_timer_randomness(.. 8388864) with jiffies: 15826913984218104505, cycles: -2619830093786120181
[    5.873994] random 0070 0000 0000 45b1d0b1 845a73f7: added 2 entropy credits to input
[    5.887276] random 0072 0000 0000 45b1d0b1 845a73f7: add_disk_randomness(8:0) 45b1d0b1 845a73f7
[    5.887280] random 0072 0000 0000 45b1d0b1 845a73f7: add_timer_randomness(.. 8388864) with jiffies: 15946441068639912647, cycles: -2500303009364312053
[    5.887282] random 0072 0000 0000 45b1d0b1 845a73f7: added 1 entropy credits to input
[    5.903132] random 0073 0000 0000 45b1d0b1 845a73f7: add_disk_randomness(8:0) 45b1d0b1 845a73f7
[    5.903135] random 0073 0000 0000 45b1d0b1 845a73f7: add_timer_randomness(.. 8388864) with jiffies: 16089076292589945559, cycles: -2357667785414279157
[    5.912733] random 0073 0000 0000 45b1d0b1 845a73f7: add_disk_randomness(8:0) 45b1d0b1 845a73f7
[    5.912736] random 0073 0000 0000 45b1d0b1 845a73f7: add_timer_randomness(.. 8388864) with jiffies: 16175456064961741536, cycles: -2271288013042483189
[    5.912739] random 0073 0000 0000 45b1d0b1 845a73f7: added 2 entropy credits to input
[    5.920263] random 0075 0000 0000 45b1d0b1 845a73f7: add_disk_randomness(8:0) 45b1d0b1 845a73f7
[    5.920266] random 0075 0000 0000 45b1d0b1 845a73f7: add_timer_randomness(.. 8388864) with jiffies: 16243187123694043880, cycles: -2203556954310180853
[    5.930274] random 0075 0000 0000 45b1d0b1 845a73f7: add_disk_randomness(8:0) 45b1d0b1 845a73f7
[    5.930276] random 0075 0000 0000 45b1d0b1 845a73f7: add_timer_randomness(.. 8388864) with jiffies: 16333242580617364210, cycles: -2113501497386860533
[    5.930279] random 0075 0000 0000 45b1d0b1 845a73f7: added 1 entropy credits to input
[    5.943163] random 0076 0000 0000 45b1d0b1 845a73f7: add_disk_randomness(8:0) 45b1d0b1 845a73f7
[    5.943166] random 0076 0000 0000 45b1d0b1 845a73f7: add_timer_randomness(.. 8388864) with jiffies: 16449191609389253375, cycles: -1997552468614971381
[    5.950519] random 0076 0000 0000 45b1d0b1 845a73f7: add_disk_randomness(8:0) 45b1d0b1 845a73f7
[    5.950522] random 0076 0000 0000 45b1d0b1 845a73f7: add_timer_randomness(.. 8388864) with jiffies: 16515373267259458310, cycles: -1931370810744766453
[    5.950525] random 0076 0000 0000 45b1d0b1 845a73f7: added 2 entropy credits to input
[    5.955812] random 0078 0000 0000 45b1d0b1 845a73f7: add_disk_randomness(8:0) 45b1d0b1 845a73f7
[    5.955815] random 0078 0000 0000 45b1d0b1 845a73f7: add_timer_randomness(.. 8388864) with jiffies: 16562993249002423051, cycles: -1883750829001801717
[    5.955817] random 0078 0000 0000 45b1d0b1 845a73f7: added 1 entropy credits to input
[    5.962210] random 0079 0000 0000 45b1d0b1 845a73f7: add_disk_randomness(8:0) 45b1d0b1 845a73f7
[    5.962213] random 0079 0000 0000 45b1d0b1 845a73f7: add_timer_randomness(.. 8388864) with jiffies: 16620545200883467026, cycles: -1826198877120757749
[    5.962216] random 0079 0000 0000 45b1d0b1 845a73f7: added 1 entropy credits to input
[    5.967265] random 0080 0000 0000 45b1d0b1 845a73f7: add_disk_randomness(8:0) 45b1d0b1 845a73f7
[    5.967268] random 0080 0000 0000 45b1d0b1 845a73f7: add_timer_randomness(.. 8388864) with jiffies: 16666020138519855895, cycles: -1780723939484368885
[    5.967271] random 0080 0000 0000 45b1d0b1 845a73f7: added 1 entropy credits to input
[    5.973165] random 0081 0000 0000 45b1d0b1 845a73f7: add_disk_randomness(8:0) 45b1d0b1 845a73f7
[    5.973168] random 0081 0000 0000 45b1d0b1 845a73f7: add_timer_randomness(.. 8388864) with jiffies: 16719087856781067037, cycles: -1727656221223157749
[    5.982517] random 0081 0000 0000 45b1d0b1 845a73f7: add_disk_randomness(8:0) 45b1d0b1 845a73f7
[    5.982520] random 0081 0000 0000 45b1d0b1 845a73f7: add_timer_randomness(.. 8388864) with jiffies: 16803228280449368870, cycles: -1643515797554855925
[    5.982523] random 0081 0000 0000 45b1d0b1 845a73f7: added 1 entropy credits to input
[    5.987396] random 0082 0000 0000 45b1d0b1 845a73f7: add_disk_randomness(8:0) 45b1d0b1 845a73f7
[    5.987399] random 0082 0000 0000 45b1d0b1 845a73f7: add_timer_randomness(.. 8388864) with jiffies: 16847120801810055979, cycles: -1599623276194168821
[    5.987402] random 0082 0000 0000 45b1d0b1 845a73f7: added 2 entropy credits to input
[    5.994832] random 0084 0000 0000 45b1d0b1 845a73f7: add_disk_randomness(8:0) 45b1d0b1 845a73f7
[    5.994835] random 0084 0000 0000 45b1d0b1 845a73f7: add_timer_randomness(.. 8388864) with jiffies: 16914017700584063794, cycles: -1532726377420161013
[    5.994838] random 0084 0000 0000 45b1d0b1 845a73f7: added 1 entropy credits to input
[    6.001047] random 0085 0000 0000 45b1d0b1 845a73f7: add_disk_randomness(8:0) 45b1d0b1 845a73f7
[    6.001050] random 0085 0000 0000 45b1d0b1 845a73f7: add_timer_randomness(.. 8388864) with jiffies: 16969936594230018872, cycles: -1476807483774205941
[    6.006517] random 0085 0000 0000 45b1d0b1 845a73f7: add_disk_randomness(8:0) 45b1d0b1 845a73f7
[    6.006520] random 0085 0000 0000 45b1d0b1 845a73f7: add_timer_randomness(.. 8388864) with jiffies: 17019131145343435582, cycles: -1427612932660789237
[    6.015613] random 0085 0000 0000 45b1d0b1 845a73f7: add_disk_randomness(8:0) 45b1d0b1 845a73f7
[    6.015617] random 0085 0000 0000 45b1d0b1 845a73f7: add_timer_randomness(.. 8388864) with jiffies: 17100965347667444551, cycles: -1345778730336780277
[    6.015619] random 0085 0000 0000 45b1d0b1 845a73f7: added 1 entropy credits to input
[    6.023030] random 0086 0000 0000 45b1d0b1 845a73f7: add_disk_randomness(8:0) 45b1d0b1 845a73f7
[    6.023033] random 0086 0000 0000 45b1d0b1 845a73f7: add_timer_randomness(.. 8388864) with jiffies: 17167693896608351054, cycles: -1279050181395873781
[    6.023036] random 0086 0000 0000 45b1d0b1 845a73f7: added 1 entropy credits to input
[    6.032715] random 0087 0000 0000 45b1d0b1 845a73f7: add_disk_randomness(8:0) 45b1d0b1 845a73f7
[    6.032718] random 0087 0000 0000 45b1d0b1 845a73f7: add_timer_randomness(.. 8388864) with jiffies: 17254815740544648024, cycles: -1191928337459576821
[    6.032721] random 0087 0000 0000 45b1d0b1 845a73f7: added 1 entropy credits to input
[    6.043343] random 0088 0000 0000 45b1d0b1 845a73f7: add_disk_randomness(8:0) 45b1d0b1 845a73f7
[    6.043346] random 0088 0000 0000 45b1d0b1 845a73f7: add_timer_randomness(.. 8388864) with jiffies: 17350419187112837987, cycles: -1096324890891386869
[    6.055863] random 0088 0000 0000 45b1d0b1 845a73f7: add_disk_randomness(8:0) 45b1d0b1 845a73f7
[    6.055866] random 0088 0000 0000 45b1d0b1 845a73f7: add_timer_randomness(.. 8388864) with jiffies: 17463049786712884079, cycles: -983694291291340789
[    6.057074] random 0088 0000 0000 45b1d0b1 845a73f7: add_disk_randomness(8:0) 45b1d0b1 845a73f7
[    6.057077] random 0088 0000 0000 45b1d0b1 845a73f7: add_timer_randomness(.. 8388864) with jiffies: 17473956083066962800, cycles: -972787994937262069
[    6.061087] random 0088 0000 0000 45b1d0b1 845a73f7: add_disk_randomness(8:0) 45b1d0b1 845a73f7
[    6.061090] random 0088 0000 0000 45b1d0b1 845a73f7: add_timer_randomness(.. 8388864) with jiffies: 17510049051192296308, cycles: -936695026811928565
[    6.061095] random 0088 0000 0000 45b1d0b1 845a73f7: added 1 entropy credits to input
[    6.070430] random 0089 0000 0000 45b1d0b1 845a73f7: add_disk_randomness(8:0) 45b1d0b1 845a73f7
[    6.070433] random 0089 0000 0000 45b1d0b1 845a73f7: add_timer_randomness(.. 8388864) with jiffies: 17594088186646856574, cycles: -852655891357368309
[    6.070435] random 0089 0000 0000 45b1d0b1 845a73f7: added 1 entropy credits to input
[    6.070779] random 0090 0000 0000 45b1d0b1 845a73f7: add_disk_randomness(8:0) 45b1d0b1 845a73f7
[    6.070782] random 0090 0000 0000 45b1d0b1 845a73f7: add_timer_randomness(.. 8388864) with jiffies: 17597239893778203518, cycles: -849504184226021365
[    6.086443] random 0090 0000 0000 45b1d0b1 845a73f7: add_disk_randomness(8:0) 45b1d0b1 845a73f7
[    6.086446] random 0090 0000 0000 45b1d0b1 845a73f7: add_timer_randomness(.. 8388864) with jiffies: 17738142442021684110, cycles: -708601635982540789
[    6.086448] random 0090 0000 0000 45b1d0b1 845a73f7: added 4 entropy credits to input
[    6.088072] random 0094 0000 0000 45b1d0b1 845a73f7: add_disk_randomness(8:0) 45b1d0b1 845a73f7
[    6.088075] random 0094 0000 0000 45b1d0b1 845a73f7: add_timer_randomness(.. 8388864) with jiffies: 17752810021625496463, cycles: -693934056378728437
[    6.088220] random 0094 0000 0000 45b1d0b1 845a73f7: add_disk_randomness(8:0) 45b1d0b1 845a73f7
[    6.088223] random 0094 0000 0000 45b1d0b1 845a73f7: add_timer_randomness(.. 8388864) with jiffies: 17754128482096087952, cycles: -692615595908136949
[    6.099099] random 0094 0000 0000 45b1d0b1 845a73f7: add_disk_randomness(8:0) 45b1d0b1 845a73f7
[    6.099102] random 0094 0000 0000 45b1d0b1 845a73f7: add_timer_randomness(.. 8388864) with jiffies: 17851991519548638107, cycles: -594752558455586805
[    6.099104] random 0094 0000 0000 45b1d0b1 845a73f7: added 3 entropy credits to input
[    6.099663] random 0097 0000 0000 45b1d0b1 845a73f7: add_disk_randomness(8:0) 45b1d0b1 845a73f7
[    6.099666] random 0097 0000 0000 45b1d0b1 845a73f7: add_timer_randomness(.. 8388864) with jiffies: 17857076043567563675, cycles: -589668034436661237
[    6.104894] random 0097 0000 0000 45b1d0b1 845a73f7: add_disk_randomness(8:0) 45b1d0b1 845a73f7
[    6.104897] random 0097 0000 0000 45b1d0b1 845a73f7: add_timer_randomness(.. 8388864) with jiffies: 17904137902900347808, cycles: -542606175103877109
[    6.104900] random 0097 0000 0000 45b1d0b1 845a73f7: added 2 entropy credits to input
[    6.106648] random 0099 0000 0000 45b1d0b1 845a73f7: add_disk_randomness(8:0) 45b1d0b1 845a73f7
[    6.106651] random 0099 0000 0000 45b1d0b1 845a73f7: add_timer_randomness(.. 8388864) with jiffies: 17919911445172814754, cycles: -526832632831410165
[    6.106654] random 0099 0000 0000 45b1d0b1 845a73f7: added 1 entropy credits to input
