[    0.000000] random 0000 0000 0000 00000000 00000000: rand_read_num 1 get_random_bytes(8): sig 00000000 00000000 00000000
[    0.000000] random 0000 0000 0000 00000000 00000000: extract_entropy(.. 8 ..)
[    0.000000] random 0000 0000 0000 00000000 00000000: going to reseed nonblocking with 64 bits (64 of 0 requested)
[    0.000000] random 0000 0000 0000 00000000 00000000: extract_entropy(.. 8 ..)
[    0.000000] random 0000 0000 0000 00000000 00000000: trying to extract 64 bits from input
[    0.000000] random 0000 0000 0000 00000000 00000000: debiting 0 entropy credits from input
[    0.000000] random 0000 0000 0000 00000000 00000000: extract_entropy account returned: 0 
[    0.000000] random 0000 0000 0000 00000000 00000000: urand_change_num 1 xfer_secondary_pool(8): pool_sig 00000000, data_sig 00000000, bytes_mixed 0 00000000 00000000
[    0.000000] random 0000 0000 0000 00000000 00000000: trying to extract 64 bits from nonblocking
[    0.000000] random 0000 0000 0000 00000000 00000000: debiting 64 entropy credits from nonblocking (unlimited)
[    0.000000] random 0000 0000 0000 00000000 00000000: extract_entropy account returned: 8 
[    0.000000] random 0000 0000 0000 00000000 00000000: urand_change_num 2 extract_buf: pool_sig 00000000, data_sig fffffff9, bytes_mixed 20 00000000 00000000
[    0.000000] Linux version 2.6.32.57 (dcashman@dcashman-02) (gcc version 4.3.3 (GCC) ) #6 Thu May 30 09:02:12 PDT 2013
[    0.000000] KERNEL supported cpus:
[    0.000000]   Intel GenuineIntel
[    0.000000]   AMD AuthenticAMD
[    0.000000]   NSC Geode by NSC
[    0.000000]   Cyrix CyrixInstead
[    0.000000]   Centaur CentaurHauls
[    0.000000]   Transmeta GenuineTMx86
[    0.000000]   Transmeta TransmetaCPU
[    0.000000]   UMC UMC UMC UMC
[    0.000000] BIOS-provided physical RAM map:
[    0.000000]  BIOS-e820: 0000000000000000 - 000000000009d800 (usable)
[    0.000000]  BIOS-e820: 000000000009d800 - 00000000000a0000 (reserved)
[    0.000000]  BIOS-e820: 00000000000d2000 - 00000000000d4000 (reserved)
[    0.000000]  BIOS-e820: 00000000000e0000 - 0000000000100000 (reserved)
[    0.000000]  BIOS-e820: 0000000000100000 - 000000003d6b0000 (usable)
[    0.000000]  BIOS-e820: 000000003d6b0000 - 000000003d6cc000 (ACPI data)
[    0.000000]  BIOS-e820: 000000003d6cc000 - 000000003d700000 (ACPI NVS)
[    0.000000]  BIOS-e820: 000000003d700000 - 000000003e000000 (reserved)
[    0.000000]  BIOS-e820: 00000000f0000000 - 00000000f4000000 (reserved)
[    0.000000]  BIOS-e820: 00000000fec00000 - 00000000fec10000 (reserved)
[    0.000000]  BIOS-e820: 00000000fed00000 - 00000000fed00400 (reserved)
[    0.000000]  BIOS-e820: 00000000fed14000 - 00000000fed1a000 (reserved)
[    0.000000]  BIOS-e820: 00000000fed1c000 - 00000000fed90000 (reserved)
[    0.000000]  BIOS-e820: 00000000fee00000 - 00000000fee01000 (reserved)
[    0.000000]  BIOS-e820: 00000000ff000000 - 0000000100000000 (reserved)
[    0.000000] DMI present.
[    0.000000] last_pfn = 0x3d6b0 max_arch_pfn = 0x100000
[    0.000000] MTRR default type: uncachable
[    0.000000] MTRR fixed ranges enabled:
[    0.000000]   00000-9FFFF write-back
[    0.000000]   A0000-BFFFF uncachable
[    0.000000]   C0000-CFFFF write-protect
[    0.000000]   D0000-DFFFF uncachable
[    0.000000]   E0000-FFFFF write-protect
[    0.000000] MTRR variable ranges enabled:
[    0.000000]   0 base 03E000000 mask FFE000000 uncachable
[    0.000000]   1 base 000000000 mask FC0000000 write-back
[    0.000000]   2 base 03D700000 mask FFFF00000 uncachable
[    0.000000]   3 base 03D800000 mask FFF800000 uncachable
[    0.000000]   4 disabled
[    0.000000]   5 disabled
[    0.000000]   6 disabled
[    0.000000]   7 disabled
[    0.000000] initial memory mapped : 0 - 02000000
[    0.000000] init_memory_mapping: 0000000000000000-00000000377fe000
[    0.000000]  0000000000 - 0000400000 page 4k
[    0.000000]  0000400000 - 0037400000 page 2M
[    0.000000]  0037400000 - 00377fe000 page 4k
[    0.000000] kernel direct mapping tables up to 377fe000 @ 7000-c000
[    0.000000] ACPI: RSDP 000f68d0 00024 (v02 LENOVO)
[    0.000000] ACPI: XSDT 3d6bb77f 00094 (v01 LENOVO TP-7L    00002170  LTP 00000000)
[    0.000000] ACPI: FACP 3d6bb900 000F4 (v03 LENOVO TP-7L    00002170 LNVO 00000001)
[    0.000000] ACPI Warning: 32/64X length mismatch in Gpe1Block: 0/32 (20090903/tbfadt-526)
[    0.000000] ACPI Warning: Optional field Gpe1Block has zero address or length: 000000000000102C/0 (20090903/tbfadt-557)
[    0.000000] ACPI: DSDT 3d6bbd1d 0FED1 (v01 LENOVO TP-7L    00002170 MSFT 03000000)
[    0.000000] ACPI: FACS 3d6e4000 00040
[    0.000000] ACPI: SSDT 3d6bbab4 00269 (v01 LENOVO TP-7L    00002170 MSFT 03000000)
[    0.000000] ACPI: ECDT 3d6cbbee 00052 (v01 LENOVO TP-7L    00002170 LNVO 00000001)
[    0.000000] ACPI: TCPA 3d6cbc40 00032 (v02 LENOVO TP-7L    00002170 LNVO 00000001)
[    0.000000] ACPI: APIC 3d6cbc72 00068 (v01 LENOVO TP-7L    00002170 LNVO 00000001)
[    0.000000] ACPI: MCFG 3d6cbcda 0003C (v01 LENOVO TP-7L    00002170 LNVO 00000001)
[    0.000000] ACPI: HPET 3d6cbd16 00038 (v01 LENOVO TP-7L    00002170 LNVO 00000001)
[    0.000000] ACPI: SLIC 3d6cbdf0 00176 (v01 LENOVO TP-7L    00002170  LTP 00000000)
[    0.000000] ACPI: BOOT 3d6cbf66 00028 (v01 LENOVO TP-7L    00002170  LTP 00000001)
[    0.000000] ACPI: ASF! 3d6cbf8e 00072 (v16 LENOVO TP-7L    00002170 PTL  00000001)
[    0.000000] ACPI: SSDT 3d6e26d9 0025F (v01 LENOVO TP-7L    00002170 INTL 20050513)
[    0.000000] ACPI: SSDT 3d6e2938 000A6 (v01 LENOVO TP-7L    00002170 INTL 20050513)
[    0.000000] ACPI: SSDT 3d6e29de 004F7 (v01 LENOVO TP-7L    00002170 INTL 20050513)
[    0.000000] ACPI: SSDT 3d6e2ed5 001D8 (v01 LENOVO TP-7L    00002170 INTL 20050513)
[    0.000000] ACPI: DMI detected: Lenovo ThinkPad R61
[    0.000000] ACPI: Added _OSI(Linux)
[    0.000000] ACPI: Local APIC address 0xfee00000
[    0.000000] 94MB HIGHMEM available.
[    0.000000] 887MB LOWMEM available.
[    0.000000]   mapped low ram: 0 - 377fe000
[    0.000000]   low ram: 0 - 377fe000
[    0.000000]   node 0 low ram: 00000000 - 377fe000
[    0.000000]   node 0 bootmap 00008000 - 0000ef00
[    0.000000] (6 early reservations) ==> bootmem [0000000000 - 00377fe000]
[    0.000000]   #0 [0000000000 - 0000001000]   BIOS data page ==> [0000000000 - 0000001000]
[    0.000000]   #1 [0001000000 - 0001bdc180]    TEXT DATA BSS ==> [0001000000 - 0001bdc180]
[    0.000000]   #2 [000009d800 - 0000100000]    BIOS reserved ==> [000009d800 - 0000100000]
[    0.000000]   #3 [0001bdd000 - 0001be516c]              BRK ==> [0001bdd000 - 0001be516c]
[    0.000000]   #4 [0000007000 - 0000008000]          PGTABLE ==> [0000007000 - 0000008000]
[    0.000000]   #5 [0000008000 - 000000f000]          BOOTMAP ==> [0000008000 - 000000f000]
[    0.000000] found SMP MP-table at [c00f6900] f6900
[    0.000000] Zone PFN ranges:
[    0.000000]   DMA      0x00000000 -> 0x00001000
[    0.000000]   Normal   0x00001000 -> 0x000377fe
[    0.000000]   HighMem  0x000377fe -> 0x0003d6b0
[    0.000000] Movable zone start PFN for each node
[    0.000000] early_node_map[2] active PFN ranges
[    0.000000]     0: 0x00000000 -> 0x0000009d
[    0.000000]     0: 0x00000100 -> 0x0003d6b0
[    0.000000] On node 0 totalpages: 251469
[    0.000000] free_area_init_node: node 0, pgdat c1901ea0, node_mem_map c1be7000
[    0.000000]   DMA zone: 32 pages used for memmap
[    0.000000]   DMA zone: 0 pages reserved
[    0.000000]   DMA zone: 3965 pages, LIFO batch:0
[    0.000000]   Normal zone: 1744 pages used for memmap
[    0.000000]   Normal zone: 221486 pages, LIFO batch:31
[    0.000000]   HighMem zone: 190 pages used for memmap
[    0.000000]   HighMem zone: 24052 pages, LIFO batch:3
[    0.000000] Using APIC driver default
[    0.000000] ACPI: PM-Timer IO Port: 0x1008
[    0.000000] ACPI: Local APIC address 0xfee00000
[    0.000000] ACPI: LAPIC (acpi_id[0x00] lapic_id[0x00] enabled)
[    0.000000] ACPI: LAPIC (acpi_id[0x01] lapic_id[0x01] enabled)
[    0.000000] ACPI: NR_CPUS/possible_cpus limit of 1 reached.  Processor 1/0x1 ignored.
[    0.000000] ACPI: LAPIC_NMI (acpi_id[0x00] high edge lint[0x1])
[    0.000000] ACPI: LAPIC_NMI (acpi_id[0x01] high edge lint[0x1])
[    0.000000] ACPI: IOAPIC (id[0x01] address[0xfec00000] gsi_base[0])
[    0.000000] IOAPIC[0]: apic_id 1, version 32, address 0xfec00000, GSI 0-23
[    0.000000] ACPI: INT_SRC_OVR (bus 0 bus_irq 0 global_irq 2 dfl dfl)
[    0.000000] ACPI: INT_SRC_OVR (bus 0 bus_irq 9 global_irq 9 high level)
[    0.000000] ACPI: IRQ0 used by override.
[    0.000000] ACPI: IRQ2 used by override.
[    0.000000] ACPI: IRQ9 used by override.
[    0.000000] Using ACPI (MADT) for SMP configuration information
[    0.000000] ACPI: HPET id: 0x8086a201 base: 0xfed00000
[    0.000000] nr_irqs_gsi: 24
[    0.000000] PM: Registered nosave memory: 000000000009d000 - 000000000009e000
[    0.000000] PM: Registered nosave memory: 000000000009e000 - 00000000000a0000
[    0.000000] PM: Registered nosave memory: 00000000000a0000 - 00000000000d2000
[    0.000000] PM: Registered nosave memory: 00000000000d2000 - 00000000000d4000
[    0.000000] PM: Registered nosave memory: 00000000000d4000 - 00000000000e0000
[    0.000000] PM: Registered nosave memory: 00000000000e0000 - 0000000000100000
[    0.000000] Allocating PCI resources starting at 3e000000 (gap: 3e000000:b2000000)
[    0.000000] Built 1 zonelists in Zone order, mobility grouping on.  Total pages: 249503
[    0.000000] Kernel command line: auto BOOT_IMAGE=Linux ro root=802 vt.default_utf8=0 maxcpus=0
[    0.000000] PID hash table entries: 4096 (order: 2, 16384 bytes)
[    0.000000] Dentry cache hash table entries: 131072 (order: 7, 524288 bytes)
[    0.000000] Inode-cache hash table entries: 65536 (order: 6, 262144 bytes)
[    0.000000] Enabling fast FPU save and restore... done.
[    0.000000] Enabling unmasked SIMD FPU exception support... done.
[    0.000000] Initializing CPU#0
[    0.000000] Initializing HighMem for node 0 (000377fe:0003d6b0)
[    0.000000] Memory: 984800k/1006272k available (6915k kernel code, 20876k reserved, 2327k data, 448k init, 96968k highmem)
[    0.000000] virtual kernel memory layout:
[    0.000000]     fixmap  : 0xfffa3000 - 0xfffff000   ( 368 kB)
[    0.000000]     pkmap   : 0xff800000 - 0xffc00000   (4096 kB)
[    0.000000]     vmalloc : 0xf7ffe000 - 0xff7fe000   ( 120 MB)
[    0.000000]     lowmem  : 0xc0000000 - 0xf77fe000   ( 887 MB)
[    0.000000]       .init : 0xc1907000 - 0xc1977000   ( 448 kB)
[    0.000000]       .data : 0xc16c0d3f - 0xc1906c64   (2327 kB)
[    0.000000]       .text : 0xc1000000 - 0xc16c0d3f   (6915 kB)
[    0.000000] Checking if this processor honours the WP bit even in supervisor mode...Ok.
[    0.000000] SLUB: Genslabs=13, HWalign=64, Order=0-3, MinObjects=0, CPUs=1, Nodes=1
[    0.000000] Hierarchical RCU implementation.
[    0.000000] NR_IRQS:288
[    0.000000] Extended CMOS year: 2000
[    0.000000] Console: colour VGA+ 80x25
[    0.000000] console [tty0] enabled
[    0.000000] hpet clockevent registered
[    0.000000] Fast TSC calibration using PIT
[    0.000000] Detected 2094.627 MHz processor.
[    0.001002] Calibrating delay loop (skipped), value calculated using timer frequency.. 4189.25 BogoMIPS (lpj=2094627)
[    0.001167] Security Framework initialized
[    0.001250] Mount-cache hash table entries: 512
[    0.001392] CPU: L1 I cache: 32K, L1 D cache: 32K
[    0.002004] CPU: L2 cache: 3072K
[    0.002084] mce: CPU supports 6 MCE banks
[    0.002166] CPU0: Thermal monitoring enabled (TM2)
[    0.002246] using mwait in idle threads.
[    0.002328] CPU: Intel(R) Core(TM)2 Duo CPU     T8100  @ 2.10GHz stepping 06
[    0.002506] Checking 'hlt' instruction... OK.
[    0.006936] ACPI: Core revision 20090903
[    0.026011] RANDOM get_random_int first call with cycles 38312570205, jiffies 4294667322 and pid 0
[    0.026019] CANARY value: b20a7565 for PID: 1
[    0.026025] CANARY value: 36c168f9 for PID: 2
[    0.026048] Enabling APIC mode:  Flat.  Using 1 I/O APICs
[    0.026506] ..TIMER: vector=0x30 apic1=0 pin1=2 apic2=-1 pin2=-1
[    0.036997] xor: automatically using best checksumming function: pIII_sse
[    0.040998]    pIII_sse  :  8568.000 MB/sec
[    0.041084] xor: using function: pIII_sse (8568.000 MB/sec)
[    0.041164] RANDOM - __seed init called.
[    0.041165] RANDOM - __seed init called.
[    0.041166] RANDOM - __seed init called.
[    0.041168] RANDOM - __random32 called. Change num 1.  Value: e6b75c0e	845fdb3c	4764ecc7
[    0.041170] RANDOM - __random32 called. Change num 2.  Value: 75c0e1a6	45fdb3ca	d98f8871
[    0.041172] RANDOM - __random32 called. Change num 3.  Value: e1a6d3e	5fdb3ca9	10e2be79
[    0.041174] RANDOM - __random32 called. Change num 4.  Value: a6d3e877	fdb3ca90	7cf2fee9
[    0.041175] RANDOM - __random32 called. Change num 5.  Value: 3e877b7b	db3ca905	fdd36ca1
[    0.041177] RANDOM - __random32 called. Change num 6.  Value: 77b7ba3d	b3ca905b	d9426901
[    0.041179] RANDOM - random32 init called.  Value: 77b7ba3d	b3ca905b	d9426901
[    0.041196] NET: Registered protocol family 16
[    0.041450] ACPI FADT declares the system doesn't support PCIe ASPM, so disable it
[    0.041573] ACPI: bus type pci registered
[    0.041735] PCI: MCFG configuration 0: base f0000000 segment 0 buses 0 - 63
[    0.041828] PCI: MCFG area at f0000000 reserved in E820
[    0.041925] PCI: Using MMCONFIG for extended config space
[    0.042002] PCI: Using configuration type 1 for base access
[    0.045124] bio: create slab <bio-0> at 0
[    0.045926] ACPI: EC: EC description table is found, configuring boot EC
[    0.051084] ACPI: BIOS _OSI(Linux) query honored via DMI
[    0.051798] random 0000 0000 0000 00000000 00000000: rand_read_num 2 get_random_bytes(8): sig fffffe1a 00000000 00000000
[    0.051801] random 0000 0000 0000 00000000 00000000: extract_entropy(.. 8 ..)
[    0.051804] random 0000 0000 0000 00000000 00000000: going to reseed nonblocking with 64 bits (64 of 0 requested)
[    0.051806] random 0000 0000 0000 00000000 00000000: extract_entropy(.. 8 ..)
[    0.051808] random 0000 0000 0000 00000000 00000000: trying to extract 64 bits from input
[    0.051810] random 0000 0000 0000 00000000 00000000: debiting 0 entropy credits from input
[    0.051812] random 0000 0000 0000 00000000 00000000: extract_entropy account returned: 0 
[    0.051815] random 0000 0000 0000 00000000 00000000: urand_change_num 3 xfer_secondary_pool(8): pool_sig fffffe1a, data_sig 00000000, bytes_mixed 0 00000000 00000000
[    0.051844] random 0000 0000 0000 00000000 00000000: trying to extract 64 bits from nonblocking
[    0.051847] random 0000 0000 0000 00000000 00000000: debiting 64 entropy credits from nonblocking (unlimited)
[    0.051849] random 0000 0000 0000 00000000 00000000: extract_entropy account returned: 8 
[    0.051853] random 0000 0000 0000 00000000 00000000: urand_change_num 4 extract_buf: pool_sig fffffe1a, data_sig fffffed7, bytes_mixed 20 00000000 00000000
[    0.057569] ACPI: Interpreter enabled
[    0.057650] ACPI: (supports S0 S3 S4 S5)
[    0.057930] ACPI: Using IOAPIC for interrupt routing
[    0.067666] ACPI: EC: GPE = 0x12, I/O: command/status = 0x66, data = 0x62
[    0.067945] ACPI: Power Resource [PUBS] (on)
[    0.070055] ACPI: ACPI Dock Station Driver: 3 docks/bays found
[    0.070463] ACPI: PCI Root Bridge [PCI0] (0000:00)
[    0.070626] pci 0000:00:02.0: reg 10 64bit mmio: [0xf8100000-0xf81fffff]
[    0.070632] pci 0000:00:02.0: reg 18 64bit mmio pref: [0xe0000000-0xefffffff]
[    0.070636] pci 0000:00:02.0: reg 20 io port: [0x1800-0x1807]
[    0.070670] pci 0000:00:02.1: reg 10 64bit mmio: [0xf8200000-0xf82fffff]
[    0.070783] pci 0000:00:19.0: reg 10 32bit mmio: [0xfe000000-0xfe01ffff]
[    0.070793] pci 0000:00:19.0: reg 14 32bit mmio: [0xfe025000-0xfe025fff]
[    0.070802] pci 0000:00:19.0: reg 18 io port: [0x1840-0x185f]
[    0.070880] pci 0000:00:19.0: PME# supported from D0 D3hot D3cold
[    0.070966] pci 0000:00:19.0: PME# disabled
[    0.071061] pci 0000:00:1a.0: reg 20 io port: [0x1860-0x187f]
[    0.071136] pci 0000:00:1a.1: reg 20 io port: [0x1880-0x189f]
[    0.071219] pci 0000:00:1a.7: reg 10 32bit mmio: [0xfe226c00-0xfe226fff]
[    0.071309] pci 0000:00:1a.7: PME# supported from D0 D3hot D3cold
[    0.071397] pci 0000:00:1a.7: PME# disabled
[    0.071530] pci 0000:00:1b.0: reg 10 64bit mmio: [0xfe020000-0xfe023fff]
[    0.071612] pci 0000:00:1b.0: PME# supported from D0 D3hot D3cold
[    0.071705] pci 0000:00:1b.0: PME# disabled
[    0.071895] pci 0000:00:1c.0: PME# supported from D0 D3hot D3cold
[    0.071999] pci 0000:00:1c.0: PME# disabled
[    0.072195] pci 0000:00:1c.1: PME# supported from D0 D3hot D3cold
[    0.072279] pci 0000:00:1c.1: PME# disabled
[    0.072477] pci 0000:00:1c.2: PME# supported from D0 D3hot D3cold
[    0.072560] pci 0000:00:1c.2: PME# disabled
[    0.072751] pci 0000:00:1c.3: PME# supported from D0 D3hot D3cold
[    0.072846] pci 0000:00:1c.3: PME# disabled
[    0.073113] pci 0000:00:1c.4: PME# supported from D0 D3hot D3cold
[    0.073197] pci 0000:00:1c.4: PME# disabled
[    0.073340] pci 0000:00:1d.0: reg 20 io port: [0x18a0-0x18bf]
[    0.074064] pci 0000:00:1d.1: reg 20 io port: [0x18c0-0x18df]
[    0.074151] pci 0000:00:1d.2: reg 20 io port: [0x18e0-0x18ff]
[    0.074245] pci 0000:00:1d.7: reg 10 32bit mmio: [0xfe227000-0xfe2273ff]
[    0.074346] pci 0000:00:1d.7: PME# supported from D0 D3hot D3cold
[    0.074435] pci 0000:00:1d.7: PME# disabled
[    0.074707] pci 0000:00:1f.0: quirk: region 1000-107f claimed by ICH6 ACPI/GPIO/TCO
[    0.074826] pci 0000:00:1f.0: quirk: region 1180-11bf claimed by ICH6 GPIO
[    0.074912] pci 0000:00:1f.0: ICH7 LPC Generic IO decode 1 PIO at 1600 (mask 007f)
[    0.074998] pci 0000:00:1f.0: ICH7 LPC Generic IO decode 2 PIO at 15e0 (mask 000f)
[    0.075122] pci 0000:00:1f.0: ICH7 LPC Generic IO decode 3 PIO at 1680 (mask 001f)
[    0.075319] pci 0000:00:1f.1: reg 10 io port: [0x00-0x07]
[    0.075331] pci 0000:00:1f.1: reg 14 io port: [0x00-0x03]
[    0.075338] pci 0000:00:1f.1: reg 18 io port: [0x00-0x07]
[    0.075349] pci 0000:00:1f.1: reg 1c io port: [0x00-0x03]
[    0.075361] pci 0000:00:1f.1: reg 20 io port: [0x1c00-0x1c0f]
[    0.075446] pci 0000:00:1f.2: reg 10 io port: [0x1c50-0x1c57]
[    0.075455] pci 0000:00:1f.2: reg 14 io port: [0x1c44-0x1c47]
[    0.075464] pci 0000:00:1f.2: reg 18 io port: [0x1c48-0x1c4f]
[    0.075471] pci 0000:00:1f.2: reg 1c io port: [0x1c40-0x1c43]
[    0.075479] pci 0000:00:1f.2: reg 20 io port: [0x1c20-0x1c3f]
[    0.075488] pci 0000:00:1f.2: reg 24 32bit mmio: [0xfe226000-0xfe2267ff]
[    0.075546] pci 0000:00:1f.2: PME# supported from D3hot
[    0.075631] pci 0000:00:1f.2: PME# disabled
[    0.075747] pci 0000:00:1f.3: reg 10 32bit mmio: [0xfe227400-0xfe2274ff]
[    0.075772] pci 0000:00:1f.3: reg 20 io port: [0x1c60-0x1c7f]
[    0.075867] pci 0000:00:1c.0: bridge io port: [0x2000-0x2fff]
[    0.075873] pci 0000:00:1c.0: bridge 32bit mmio: [0xfc000000-0xfdffffff]
[    0.075882] pci 0000:00:1c.0: bridge 64bit mmio pref: [0xf8000000-0xf80fffff]
[    0.075997] pci 0000:03:00.0: reg 10 64bit mmio: [0xdf3f0000-0xdf3fffff]
[    0.076191] pci 0000:00:1c.1: bridge io port: [0x3000-0x3fff]
[    0.076197] pci 0000:00:1c.1: bridge 32bit mmio: [0xdc000000-0xdf3fffff]
[    0.076204] pci 0000:00:1c.1: bridge 64bit mmio pref: [0xdfe00000-0xdfefffff]
[    0.076260] pci 0000:00:1c.2: bridge io port: [0x4000-0x4fff]
[    0.076265] pci 0000:00:1c.2: bridge 32bit mmio: [0xd8000000-0xd9ffffff]
[    0.076274] pci 0000:00:1c.2: bridge 64bit mmio pref: [0xdfb00000-0xdfbfffff]
[    0.076331] pci 0000:00:1c.3: bridge io port: [0x5000-0x5fff]
[    0.076338] pci 0000:00:1c.3: bridge 32bit mmio: [0xd4000000-0xd5ffffff]
[    0.076346] pci 0000:00:1c.3: bridge 64bit mmio pref: [0xdf800000-0xdf8fffff]
[    0.076403] pci 0000:00:1c.4: bridge io port: [0x6000-0x6fff]
[    0.076409] pci 0000:00:1c.4: bridge 32bit mmio: [0xd0000000-0xd1ffffff]
[    0.076418] pci 0000:00:1c.4: bridge 64bit mmio pref: [0xdf500000-0xdf5fffff]
[    0.076478] pci 0000:15:00.0: reg 10 32bit mmio: [0xf8300000-0xf8300fff]
[    0.076528] pci 0000:15:00.0: supports D1 D2
[    0.076529] pci 0000:15:00.0: PME# supported from D0 D1 D2 D3hot D3cold
[    0.076614] pci 0000:15:00.0: PME# disabled
[    0.076752] pci 0000:15:00.1: reg 10 32bit mmio: [0xf8301000-0xf83017ff]
[    0.076845] pci 0000:15:00.1: supports D1 D2
[    0.076847] pci 0000:15:00.1: PME# supported from D0 D1 D2 D3hot D3cold
[    0.076932] pci 0000:15:00.1: PME# disabled
[    0.077080] pci 0000:00:1e.0: transparent bridge
[    0.077182] pci 0000:00:1e.0: bridge io port: [0x7000-0xafff]
[    0.077188] pci 0000:00:1e.0: bridge 32bit mmio: [0xf8300000-0xfbffffff]
[    0.077197] pci 0000:00:1e.0: bridge 64bit mmio pref: [0xf4000000-0xf7ffffff]
[    0.077261] pci_bus 0000:00: on NUMA node 0
[    0.077265] ACPI: PCI Interrupt Routing Table [\_SB_.PCI0._PRT]
[    0.077398] ACPI: PCI Interrupt Routing Table [\_SB_.PCI0.EXP0._PRT]
[    0.077458] ACPI: PCI Interrupt Routing Table [\_SB_.PCI0.EXP1._PRT]
[    0.077516] ACPI: PCI Interrupt Routing Table [\_SB_.PCI0.EXP2._PRT]
[    0.077574] ACPI: PCI Interrupt Routing Table [\_SB_.PCI0.EXP3._PRT]
[    0.077637] ACPI: PCI Interrupt Routing Table [\_SB_.PCI0.EXP4._PRT]
[    0.077699] ACPI: PCI Interrupt Routing Table [\_SB_.PCI0.PCI1._PRT]
[    0.083191] ACPI: PCI Interrupt Link [LNKA] (IRQs 3 4 5 6 7 9 *10 11)
[    0.083898] ACPI: PCI Interrupt Link [LNKB] (IRQs 3 4 5 6 7 9 10 *11)
[    0.084639] ACPI: PCI Interrupt Link [LNKC] (IRQs 3 4 5 6 7 9 10 *11)
[    0.085324] ACPI: PCI Interrupt Link [LNKD] (IRQs 3 4 5 6 7 9 10 *11)
[    0.086086] ACPI: PCI Interrupt Link [LNKE] (IRQs 3 4 5 6 7 9 10 *11)
[    0.086782] ACPI: PCI Interrupt Link [LNKF] (IRQs 3 4 5 6 7 9 10 *11)
[    0.087458] ACPI: PCI Interrupt Link [LNKG] (IRQs 3 4 5 6 7 9 10 *11)
[    0.088239] ACPI: PCI Interrupt Link [LNKH] (IRQs 3 4 5 6 7 9 10 *11)
[    0.088935] vgaarb: device added: PCI:0000:00:02.0,decodes=io+mem,owns=io+mem,locks=none
[    0.089003] vgaarb: loaded
[    0.089180] SCSI subsystem initialized
[    0.089276] libata version 3.00 loaded.
[    0.089323] usbcore: registered new interface driver usbfs
[    0.089443] usbcore: registered new interface driver hub
[    0.089549] usbcore: registered new device driver usb
[    0.106046] raid6: int32x1    941 MB/s
[    0.123058] raid6: int32x2    890 MB/s
[    0.140068] raid6: int32x4    750 MB/s
[    0.157074] raid6: int32x8    660 MB/s
[    0.173992] raid6: mmxx1     2878 MB/s
[    0.190987] raid6: mmxx2     3253 MB/s
[    0.208002] raid6: sse1x1    1937 MB/s
[    0.224981] raid6: sse1x2    2531 MB/s
[    0.241988] raid6: sse2x1    3511 MB/s
[    0.258980] raid6: sse2x2    3824 MB/s
[    0.259066] raid6: using algorithm sse2x2 (3824 MB/s)
[    0.259148] PCI: Using ACPI for IRQ routing
[    0.259445] HPET: 3 timers in total, 0 timers will be used for per-cpu timer
[    0.259991] Switching to clocksource tsc
[    0.260082] pnp: PnP ACPI init
[    0.260162] ACPI: bus type pnp registered
[    0.263797] pnp: PnP ACPI: found 11 devices
[    0.263898] ACPI: ACPI bus type pnp unregistered
[    0.263992] system 00:00: iomem range 0x0-0x9ffff could not be reserved
[    0.264074] system 00:00: iomem range 0xc0000-0xc3fff could not be reserved
[    0.264164] system 00:00: iomem range 0xc4000-0xc7fff could not be reserved
[    0.264247] system 00:00: iomem range 0xc8000-0xcbfff has been reserved
[    0.264329] system 00:00: iomem range 0xcc000-0xcffff has been reserved
[    0.264411] system 00:00: iomem range 0xd0000-0xd3fff could not be reserved
[    0.264500] system 00:00: iomem range 0xe0000-0xe3fff could not be reserved
[    0.264589] system 00:00: iomem range 0xe4000-0xe7fff could not be reserved
[    0.264671] system 00:00: iomem range 0xe8000-0xebfff could not be reserved
[    0.264760] system 00:00: iomem range 0xec000-0xeffff could not be reserved
[    0.264842] system 00:00: iomem range 0xf0000-0xfffff could not be reserved
[    0.264944] system 00:00: iomem range 0x100000-0x3dffffff could not be reserved
[    0.265063] system 00:00: iomem range 0xfec00000-0xfed3ffff could not be reserved
[    0.265179] system 00:00: iomem range 0xfed4c000-0xffffffff could not be reserved
[    0.265297] system 00:02: ioport range 0x164e-0x164f has been reserved
[    0.265381] system 00:02: ioport range 0x1000-0x107f has been reserved
[    0.265463] system 00:02: ioport range 0x1180-0x11bf has been reserved
[    0.265551] system 00:02: ioport range 0x800-0x80f has been reserved
[    0.265634] system 00:02: ioport range 0x15e0-0x15ef has been reserved
[    0.265719] system 00:02: ioport range 0x1600-0x165f could not be reserved
[    0.265805] system 00:02: iomem range 0xf0000000-0xf3ffffff has been reserved
[    0.265891] system 00:02: iomem range 0xfed1c000-0xfed1ffff has been reserved
[    0.265981] system 00:02: iomem range 0xfed14000-0xfed17fff has been reserved
[    0.266072] system 00:02: iomem range 0xfed18000-0xfed18fff has been reserved
[    0.266170] system 00:02: iomem range 0xfed19000-0xfed19fff has been reserved
[    0.266253] system 00:02: iomem range 0xfed45000-0xfed4bfff has been reserved
[    0.301288] pci 0000:00:1c.0: PCI bridge, secondary bus 0000:02
[    0.301377] pci 0000:00:1c.0:   IO window: 0x2000-0x2fff
[    0.301471] pci 0000:00:1c.0:   MEM window: 0xfc000000-0xfdffffff
[    0.301558] pci 0000:00:1c.0:   PREFETCH window: 0x000000f8000000-0x000000f80fffff
[    0.301674] pci 0000:00:1c.1: PCI bridge, secondary bus 0000:03
[    0.301760] pci 0000:00:1c.1:   IO window: 0x3000-0x3fff
[    0.301844] pci 0000:00:1c.1:   MEM window: 0xdc000000-0xdf3fffff
[    0.301937] pci 0000:00:1c.1:   PREFETCH window: 0x000000dfe00000-0x000000dfefffff
[    0.302058] pci 0000:00:1c.2: PCI bridge, secondary bus 0000:04
[    0.302141] pci 0000:00:1c.2:   IO window: 0x4000-0x4fff
[    0.302224] pci 0000:00:1c.2:   MEM window: 0xd8000000-0xd9ffffff
[    0.302309] pci 0000:00:1c.2:   PREFETCH window: 0x000000dfb00000-0x000000dfbfffff
[    0.302435] pci 0000:00:1c.3: PCI bridge, secondary bus 0000:05
[    0.302525] pci 0000:00:1c.3:   IO window: 0x5000-0x5fff
[    0.302615] pci 0000:00:1c.3:   MEM window: 0xd4000000-0xd5ffffff
[    0.302699] pci 0000:00:1c.3:   PREFETCH window: 0x000000df800000-0x000000df8fffff
[    0.302816] pci 0000:00:1c.4: PCI bridge, secondary bus 0000:0d
[    0.302909] pci 0000:00:1c.4:   IO window: 0x6000-0x6fff
[    0.302992] pci 0000:00:1c.4:   MEM window: 0xd0000000-0xd1ffffff
[    0.303082] pci 0000:00:1c.4:   PREFETCH window: 0x000000df500000-0x000000df5fffff
[    0.303202] pci 0000:15:00.0: CardBus bridge, secondary bus 0000:16
[    0.303282] pci 0000:15:00.0:   IO window: 0x007000-0x0070ff
[    0.303370] pci 0000:15:00.0:   IO window: 0x007400-0x0074ff
[    0.303454] pci 0000:15:00.0:   PREFETCH window: 0xf4000000-0xf7ffffff
[    0.303539] pci 0000:15:00.0:   MEM window: 0x40000000-0x43ffffff
[    0.303626] pci 0000:00:1e.0: PCI bridge, secondary bus 0000:15
[    0.303718] pci 0000:00:1e.0:   IO window: 0x7000-0xafff
[    0.303804] pci 0000:00:1e.0:   MEM window: 0xf8300000-0xfbffffff
[    0.303897] pci 0000:00:1e.0:   PREFETCH window: 0x000000f4000000-0x000000f7ffffff
[    0.304023] pci 0000:00:1c.0: PCI INT A -> GSI 20 (level, low) -> IRQ 20
[    0.304117] pci 0000:00:1c.0: setting latency timer to 64
[    0.304132] pci 0000:00:1c.1: PCI INT B -> GSI 21 (level, low) -> IRQ 21
[    0.304229] pci 0000:00:1c.1: setting latency timer to 64
[    0.304242] pci 0000:00:1c.2: PCI INT C -> GSI 22 (level, low) -> IRQ 22
[    0.304325] pci 0000:00:1c.2: setting latency timer to 64
[    0.304338] pci 0000:00:1c.3: PCI INT D -> GSI 23 (level, low) -> IRQ 23
[    0.304432] pci 0000:00:1c.3: setting latency timer to 64
[    0.304446] pci 0000:00:1c.4: PCI INT A -> GSI 20 (level, low) -> IRQ 20
[    0.304539] pci 0000:00:1c.4: setting latency timer to 64
[    0.304543] pci 0000:00:1e.0: enabling device (0005 -> 0007)
[    0.304629] pci 0000:00:1e.0: setting latency timer to 64
[    0.304645] pci 0000:15:00.0: PCI INT A -> GSI 16 (level, low) -> IRQ 16
[    0.304741] pci 0000:15:00.0: setting latency timer to 64
[    0.304745] pci_bus 0000:00: resource 0 io:  [0x00-0xffff]
[    0.304747] pci_bus 0000:00: resource 1 mem: [0x000000-0xffffffff]
[    0.304749] pci_bus 0000:02: resource 0 io:  [0x2000-0x2fff]
[    0.304751] pci_bus 0000:02: resource 1 mem: [0xfc000000-0xfdffffff]
[    0.304753] pci_bus 0000:02: resource 2 pref mem [0xf8000000-0xf80fffff]
[    0.304755] pci_bus 0000:03: resource 0 io:  [0x3000-0x3fff]
[    0.304757] pci_bus 0000:03: resource 1 mem: [0xdc000000-0xdf3fffff]
[    0.304759] pci_bus 0000:03: resource 2 pref mem [0xdfe00000-0xdfefffff]
[    0.304761] pci_bus 0000:04: resource 0 io:  [0x4000-0x4fff]
[    0.304762] pci_bus 0000:04: resource 1 mem: [0xd8000000-0xd9ffffff]
[    0.304764] pci_bus 0000:04: resource 2 pref mem [0xdfb00000-0xdfbfffff]
[    0.304766] pci_bus 0000:05: resource 0 io:  [0x5000-0x5fff]
[    0.304768] pci_bus 0000:05: resource 1 mem: [0xd4000000-0xd5ffffff]
[    0.304769] pci_bus 0000:05: resource 2 pref mem [0xdf800000-0xdf8fffff]
[    0.304771] pci_bus 0000:0d: resource 0 io:  [0x6000-0x6fff]
[    0.304773] pci_bus 0000:0d: resource 1 mem: [0xd0000000-0xd1ffffff]
[    0.304775] pci_bus 0000:0d: resource 2 pref mem [0xdf500000-0xdf5fffff]
[    0.304777] pci_bus 0000:15: resource 0 io:  [0x7000-0xafff]
[    0.304779] pci_bus 0000:15: resource 1 mem: [0xf8300000-0xfbffffff]
[    0.304781] pci_bus 0000:15: resource 2 pref mem [0xf4000000-0xf7ffffff]
[    0.304782] pci_bus 0000:15: resource 3 io:  [0x00-0xffff]
[    0.304784] pci_bus 0000:15: resource 4 mem: [0x000000-0xffffffff]
[    0.304786] pci_bus 0000:16: resource 0 io:  [0x7000-0x70ff]
[    0.304788] pci_bus 0000:16: resource 1 io:  [0x7400-0x74ff]
[    0.304790] pci_bus 0000:16: resource 2 pref mem [0xf4000000-0xf7ffffff]
[    0.304792] pci_bus 0000:16: resource 3 mem: [0x40000000-0x43ffffff]
[    0.304799] NET: Registered protocol family 2
[    0.304893] RANDOM - __random32 called. Change num 7.  Value: 7ba3d01e	3ca905be	d2026a24
[    0.304894] RANDOM - random32 called.  Value: 7ba3d01e	3ca905be	d2026a24
[    0.304899] random 0000 0000 0000 5f8db4e5 4cfdf2a8: rand_read_num 3 get_random_bytes(4): sig fffffb64 5f8db4e5 4cfdf2a8
[    0.304901] random 0000 0000 0000 5f8db4e5 4cfdf2a8: extract_entropy(.. 4 ..)
[    0.304904] random 0000 0000 0000 5f8db4e5 4cfdf2a8: going to reseed nonblocking with 64 bits (32 of 0 requested)
[    0.304906] random 0000 0000 0000 5f8db4e5 4cfdf2a8: extract_entropy(.. 8 ..)
[    0.304908] random 0000 0000 0000 5f8db4e5 4cfdf2a8: trying to extract 64 bits from input
[    0.304910] random 0000 0000 0000 5f8db4e5 4cfdf2a8: debiting 0 entropy credits from input
[    0.304912] random 0000 0000 0000 5f8db4e5 4cfdf2a8: extract_entropy account returned: 0 
[    0.304915] random 0000 0000 0000 5f8db4e5 4cfdf2a8: urand_change_num 5 xfer_secondary_pool(4): pool_sig fffffb64, data_sig 00000000, bytes_mixed 0 5f8db4e5 4cfdf2a8
[    0.304918] random 0000 0000 0000 5f8db4e5 4cfdf2a8: trying to extract 32 bits from nonblocking
[    0.304920] random 0000 0000 0000 5f8db4e5 4cfdf2a8: debiting 32 entropy credits from nonblocking (unlimited)
[    0.304923] random 0000 0000 0000 5f8db4e5 4cfdf2a8: extract_entropy account returned: 4 
[    0.304927] random 0000 0000 0000 5f8db4e5 4cfdf2a8: urand_change_num 6 extract_buf: pool_sig fffffb64, data_sig 00000241, bytes_mixed 20 5f8db4e5 4cfdf2a8
[    0.304937] IP route cache hash table entries: 32768 (order: 5, 131072 bytes)
[    0.305065] RANDOM - __random32 called. Change num 8.  Value: 3d01e034	ca905be7	d4484227
[    0.305067] RANDOM - random32 called.  Value: 3d01e034	ca905be7	d4484227
[    0.305078] RANDOM - __random32 called. Change num 9.  Value: 1e034020	a905be70	844ec14a
[    0.305079] RANDOM - random32 called.  Value: 1e034020	a905be70	844ec14a
[    0.305081] RANDOM - __random32 called. Change num 10.  Value: 34020ec0	905be706	8294c719
[    0.305083] RANDOM - random32 called.  Value: 34020ec0	905be706	8294c719
[    0.305094] RANDOM - __random32 called. Change num 11.  Value: 20ec0ebb	5be7068	8e32c65f
[    0.305095] RANDOM - random32 called.  Value: 20ec0ebb	5be7068	8e32c65f
[    0.305105] TCP established hash table entries: 131072 (order: 8, 1048576 bytes)
[    0.305593] TCP bind hash table entries: 65536 (order: 6, 262144 bytes)
[    0.305776] TCP: Hash tables configured (established 131072 bind 65536)
[    0.305858] TCP reno registered
[    0.305964] NET: Registered protocol family 1
[    0.306077] RPC: Registered udp transport module.
[    0.306158] RPC: Registered tcp transport module.
[    0.306237] RPC: Registered tcp NFSv4.1 backchannel transport module.
[    0.306324] pci 0000:00:02.0: Boot video device
[    0.306537] Simple Boot Flag at 0x35 set to 0x1
[    0.307105] highmem bounce pool size: 64 pages
[    0.308587] VFS: Disk quotas dquot_6.5.2
[    0.308704] Dquot-cache hash table entries: 1024 (order 0, 4096 bytes)
[    0.309440] NTFS driver 2.1.29 [Flags: R/W].
[    0.309595] ROMFS MTD (C) 2007 Red Hat, Inc.
[    0.309795] JFS: nTxBlock = 7695, nTxLock = 61562
[    0.312235] SGI XFS with ACLs, security attributes, large block/inode numbers, no debug enabled
[    0.312712] SGI XFS Quota Management subsystem
[    0.313050] Slow work thread pool: Starting up
[    0.313151] Slow work thread pool: Ready
[    0.313245] GFS2 (built May 24 2013 02:47:17) installed
[    0.313333] msgmni has been set to 1734
[    0.313496] alg: No test for cipher_null (cipher_null-generic)
[    0.313586] alg: No test for ecb(cipher_null) (ecb-cipher_null)
[    0.313684] alg: No test for digest_null (digest_null-generic)
[    0.313777] alg: No test for compress_null (compress_null-generic)
[    0.314327] alg: No test for fcrypt (fcrypt-generic)
[    0.315739] alg: No test for stdrng (krng)
[    0.315821] async_tx: api initialized (async)
[    0.315987] Block layer SCSI generic (bsg) driver version 0.4 loaded (major 254)
[    0.316108] io scheduler noop registered
[    0.316187] io scheduler anticipatory registered
[    0.316270] io scheduler deadline registered
[    0.316393] io scheduler cfq registered (default)
[    0.316632] pcieport 0000:00:1c.0: irq 24 for MSI/MSI-X
[    0.316647] pcieport 0000:00:1c.0: setting latency timer to 64
[    0.316836] pcieport 0000:00:1c.1: irq 25 for MSI/MSI-X
[    0.316848] pcieport 0000:00:1c.1: setting latency timer to 64
[    0.317042] pcieport 0000:00:1c.2: irq 26 for MSI/MSI-X
[    0.317052] pcieport 0000:00:1c.2: setting latency timer to 64
[    0.317229] pcieport 0000:00:1c.3: irq 27 for MSI/MSI-X
[    0.317240] pcieport 0000:00:1c.3: setting latency timer to 64
[    0.317415] pcieport 0000:00:1c.4: irq 28 for MSI/MSI-X
[    0.317426] pcieport 0000:00:1c.4: setting latency timer to 64
[    0.317572] pci_hotplug: PCI Hot Plug PCI Core version: 0.5
[    0.317757] isapnp: Scanning for PnP cards...
[    0.678299] isapnp: No Plug & Play device found
[    0.678385] random 0000 0000 0000 5f8db4e5 4cfdf2a8: initializing
[    0.678387] RANDOM init_std_data for input now value: 1369945332678387969
[    0.678389] RANDOM init_std_data for blocking now value: 1369945332678389979
[    0.678391] RANDOM init_std_data for nonblocking now value: 1369945332678391708
[    0.697971] Serial: 8250/16550 driver, 4 ports, IRQ sharing enabled
[    3.708871] floppy0: no floppy controllers found
[    3.709821] brd: module loaded
[    3.710325] loop: module loaded
[    3.710406] Compaq SMART2 Driver (v 2.6.0)
[    3.710521] HP CISS Driver (v 3.6.20)
[    3.710762] input: Macintosh mouse button emulation as /devices/virtual/input/input0
[    3.710893] Uniform Multi-Platform E-IDE driver
[    3.711115] piix 0000:00:1f.1: IDE controller (0x8086:0x2850 rev 0x03)
[    3.711220] pci 0000:00:1f.1: PCI INT C -> GSI 16 (level, low) -> IRQ 16
[    3.711313] piix 0000:00:1f.1: IDE port disabled
[    3.711410] piix 0000:00:1f.1: not 100% native mode: will probe irqs later
[    3.711498]     ide0: BM-DMA at 0x1c00-0x1c07
[    3.711583] Probing IDE interface ide0...
[    4.383089] hda: HL-DT-ST DVDRAM GSA-U10N, ATAPI CD/DVD-ROM drive
[    4.689899] hda: host max PIO4 wanted PIO255(auto-tune) selected PIO4
[    4.690672] hda: UDMA/33 mode selected
[    4.691137] ide0 at 0x1f0-0x1f7,0x3f6 on irq 14
[    4.695005] ide-gd driver 1.18
[    4.695109] ide-cd driver 5.00
[    4.696492] random 0000 0000 0000 00000000 00000000: add_disk_randomness(0:0) 00000000 00000000
[    4.696497] random 0000 0000 0000 00000000 00000000: add_timer_randomness(.. 256) with jiffies: 5201334850064973432, cycles: 5201334845770301451
[    4.696499] random 0000 0000 0000 00000000 00000000: added 11 entropy credits to input
[    4.696503] ide-cd: hda: ATAPI 24X DVD-ROM DVD-R/RAM CD-R/RW drive, 2048kB Cache
[    4.696904] Uniform CD-ROM driver Revision: 3.20
[    4.699781] random 0011 0000 0000 00000000 00000000: add_disk_randomness(0:0) 00000000 00000000
[    4.699784] random 0011 0000 0000 00000000 00000000: add_timer_randomness(.. 256) with jiffies: 5230924447430180475, cycles: 5230924443135508491
[    4.699787] random 0011 0000 0000 00000000 00000000: added 1 entropy credits to input
[    4.699790] random 0012 0000 0000 00000000 00000000: add_disk_randomness(0:0) 00000000 00000000
[    4.699793] random 0012 0000 0000 00000000 00000000: add_timer_randomness(.. 256) with jiffies: 5230999983020015227, cycles: 5230999978725343243
[    4.701780] random 0012 0000 0000 00000000 00000000: add_disk_randomness(0:0) 00000000 00000000
[    4.701783] random 0012 0000 0000 00000000 00000000: add_timer_randomness(.. 256) with jiffies: 5248905267885342333, cycles: 5248905263590670347
[    4.701785] random 0012 0000 0000 00000000 00000000: added 1 entropy credits to input
[    4.701788] random 0013 0000 0000 00000000 00000000: add_disk_randomness(0:0) 00000000 00000000
[    4.701791] random 0013 0000 0000 00000000 00000000: add_timer_randomness(.. 256) with jiffies: 5248980897964457597, cycles: 5248980893669785611
[    4.703781] random 0013 0000 0000 00000000 00000000: add_disk_randomness(0:0) 00000000 00000000
[    4.703784] random 0013 0000 0000 00000000 00000000: add_timer_randomness(.. 256) with jiffies: 5266910217466773119, cycles: 5266910213172101131
[    4.703787] random 0013 0000 0000 00000000 00000000: added 1 entropy credits to input
[    4.703789] random 0014 0000 0000 00000000 00000000: add_disk_randomness(0:0) 00000000 00000000
[    4.703792] random 0014 0000 0000 00000000 00000000: add_timer_randomness(.. 256) with jiffies: 5266982914083225215, cycles: 5266982909788553227
[    4.704069] Loading iSCSI transport class v2.0-870.
[    4.704344] rdac: device handler registered
[    4.704423] hp_sw: device handler registered
[    4.704508] emc: device handler registered
[    4.704597] alua: device handler registered
[    4.705578] Adaptec aacraid driver 1.1-5[2461]-ms
[    4.705997] scsi: <fdomain> Detection failed (no card)
[    4.706094] sym53c416.c: Version 1.0.0-ac
[    4.706196] qlogicfas: no cards were found, please specify I/O address and IRQ using iobase= and irq= options
[    4.706316] QLogic Fibre Channel HBA Driver: 8.03.01-k6
[    4.706532] iscsi: registered transport (qla4xxx)
[    4.706637] QLogic iSCSI HBA Driver
[    4.706715] Emulex LightPulse Fibre Channel SCSI driver 8.3.4
[    4.706805] Copyright(c) 2004-2009 Emulex.  All rights reserved.
[    4.728885] Failed initialization of WD-7000 SCSI card!
[    4.818241] DC390: clustering now enabled by default. If you get problems load
[    4.818362]        with "disable_clustering=1" and report to maintainers
[    4.818491] megaraid cmm: 2.20.2.7 (Release Date: Sun Jul 16 00:01:03 EST 2006)
[    4.818636] megaraid: 2.20.5.1 (Release Date: Thu Nov 16 15:32:35 EST 2006)
[    4.818738] megasas: 00.00.04.01 Thu July 24 11:41:51 PST 2008
[    4.818875] GDT-HA: Storage RAID Controller Driver. Version: 3.05
[    4.819020] 3ware Storage Controller device driver for Linux v1.26.02.002.
[    4.819127] 3ware 9000 Storage Controller device driver for Linux v2.26.02.012.
[    4.819266] nsp32: loading...
[    4.819362] ipr: IBM Power RAID SCSI Device Driver version: 2.4.3 (June 10, 2009)
[    4.819505] RocketRAID 3xxx/4xxx Controller driver v1.6 (090910)
[    4.819610] stex: Promise SuperTrak EX Driver version: 4.6.0000.3
[    4.819740] st: Version 20081215, fixed bufsize 32768, s/g segs 256
[    4.819933] ahci 0000:00:1f.2: version 3.0
[    4.819945] ahci 0000:00:1f.2: PCI INT B -> GSI 16 (level, low) -> IRQ 16
[    4.820068] ahci 0000:00:1f.2: irq 29 for MSI/MSI-X
[    4.820132] ahci 0000:00:1f.2: AHCI 0001.0100 32 slots 3 ports 1.5 Gbps 0x5 impl SATA mode
[    4.820255] ahci 0000:00:1f.2: flags: 64bit ncq sntf pm led clo pio slum part ccc 
[    4.820377] ahci 0000:00:1f.2: setting latency timer to 64
[    4.820519] scsi2 : ahci
[    4.820667] scsi3 : ahci
[    4.820804] scsi4 : ahci
[    4.820977] ata1: SATA max UDMA/133 abar m2048@0xfe226000 port 0xfe226100 irq 29
[    4.821090] ata2: DUMMY
[    4.821167] ata3: SATA max UDMA/133 abar m2048@0xfe226000 port 0xfe226200 irq 29
[    4.821757] I2O subsystem v1.325
[    4.821845] i2o: max drivers = 8
[    4.821994] I2O Configuration OSM v1.323
[    4.822087] I2O Bus Adapter OSM v1.317
[    4.822180] I2O Block Device OSM v1.325
[    4.822321] I2O SCSI Peripheral OSM v1.316
[    4.822419] I2O ProcFS OSM v1.316
[    4.822516] Fusion MPT base driver 3.04.12
[    4.822599] Copyright (c) 1999-2008 LSI Corporation
[    4.822687] Fusion MPT SPI Host driver 3.04.12
[    4.822786] Fusion MPT FC Host driver 3.04.12
[    4.822941] Fusion MPT SAS Host driver 3.04.12
[    4.823087] ohci1394 0000:15:00.1: PCI INT B -> GSI 17 (level, low) -> IRQ 17
[    4.823182] ohci1394 0000:15:00.1: setting latency timer to 64
[    4.876907] ohci1394: fw-host0: OHCI-1394 1.1 (PCI): IRQ=[17]  MMIO=[f8301000-f83017ff]  Max Packet=[2048]  IR/IT contexts=[4/4]
[    4.881181] ehci_hcd: USB 2.0 'Enhanced' Host Controller (EHCI) Driver
[    4.881486] ehci_hcd 0000:00:1a.7: power state changed by ACPI to D0
[    4.881718] ehci_hcd 0000:00:1a.7: power state changed by ACPI to D0
[    4.881819] ehci_hcd 0000:00:1a.7: PCI INT C -> GSI 22 (level, low) -> IRQ 22
[    4.881913] ehci_hcd 0000:00:1a.7: setting latency timer to 64
[    4.881916] ehci_hcd 0000:00:1a.7: EHCI Host Controller
[    4.882046] ehci_hcd 0000:00:1a.7: new USB bus registered, assigned bus number 1
[    4.886078] ehci_hcd 0000:00:1a.7: cache line size of 32 is not supported
[    4.886087] ehci_hcd 0000:00:1a.7: irq 22, io mem 0xfe226c00
[    4.895868] ehci_hcd 0000:00:1a.7: USB 2.0 started, EHCI 1.00
[    4.895963] usb usb1: New USB device found, idVendor=1d6b, idProduct=0002
[    4.896045] usb usb1: New USB device strings: Mfr=3, Product=2, SerialNumber=1
[    4.896157] usb usb1: Product: EHCI Host Controller
[    4.896246] usb usb1: Manufacturer: Linux 2.6.32.57 ehci_hcd
[    4.896334] usb usb1: SerialNumber: 0000:00:1a.7
[    4.896471] usb usb1: configuration #1 chosen from 1 choice
[    4.896586] hub 1-0:1.0: USB hub found
[    4.896668] hub 1-0:1.0: 4 ports detected
[    4.896962] ehci_hcd 0000:00:1d.7: power state changed by ACPI to D0
[    4.897195] ehci_hcd 0000:00:1d.7: power state changed by ACPI to D0
[    4.897294] ehci_hcd 0000:00:1d.7: PCI INT D -> GSI 19 (level, low) -> IRQ 19
[    4.897394] ehci_hcd 0000:00:1d.7: setting latency timer to 64
[    4.897399] ehci_hcd 0000:00:1d.7: EHCI Host Controller
[    4.897525] ehci_hcd 0000:00:1d.7: new USB bus registered, assigned bus number 2
[    4.897673] ehci_hcd 0000:00:1d.7: debug port 1
[    4.901639] ehci_hcd 0000:00:1d.7: cache line size of 32 is not supported
[    4.901648] ehci_hcd 0000:00:1d.7: irq 19, io mem 0xfe227000
[    4.911869] ehci_hcd 0000:00:1d.7: USB 2.0 started, EHCI 1.00
[    4.911981] usb usb2: New USB device found, idVendor=1d6b, idProduct=0002
[    4.912067] usb usb2: New USB device strings: Mfr=3, Product=2, SerialNumber=1
[    4.912180] usb usb2: Product: EHCI Host Controller
[    4.912267] usb usb2: Manufacturer: Linux 2.6.32.57 ehci_hcd
[    4.912353] usb usb2: SerialNumber: 0000:00:1d.7
[    4.912494] usb usb2: configuration #1 chosen from 1 choice
[    4.912613] hub 2-0:1.0: USB hub found
[    4.912694] hub 2-0:1.0: 6 ports detected
[    4.912868] 116x: driver isp116x-hcd, 03 Nov 2005
[    4.912963] ohci_hcd: USB 1.1 'Open' Host Controller (OHCI) Driver
[    4.913069] uhci_hcd: USB Universal Host Controller Interface driver
[    4.913175] uhci_hcd 0000:00:1a.0: PCI INT A -> GSI 20 (level, low) -> IRQ 20
[    4.913261] uhci_hcd 0000:00:1a.0: setting latency timer to 64
[    4.913264] uhci_hcd 0000:00:1a.0: UHCI Host Controller
[    4.913399] uhci_hcd 0000:00:1a.0: new USB bus registered, assigned bus number 3
[    4.913548] uhci_hcd 0000:00:1a.0: irq 20, io base 0x00001860
[    4.913664] usb usb3: New USB device found, idVendor=1d6b, idProduct=0001
[    4.913746] usb usb3: New USB device strings: Mfr=3, Product=2, SerialNumber=1
[    4.913872] usb usb3: Product: UHCI Host Controller
[    4.913952] usb usb3: Manufacturer: Linux 2.6.32.57 uhci_hcd
[    4.914035] usb usb3: SerialNumber: 0000:00:1a.0
[    4.914162] usb usb3: configuration #1 chosen from 1 choice
[    4.914270] hub 3-0:1.0: USB hub found
[    4.914354] hub 3-0:1.0: 2 ports detected
[    4.914638] uhci_hcd 0000:00:1a.1: power state changed by ACPI to D0
[    4.914892] uhci_hcd 0000:00:1a.1: power state changed by ACPI to D0
[    4.914982] uhci_hcd 0000:00:1a.1: PCI INT B -> GSI 21 (level, low) -> IRQ 21
[    4.915071] uhci_hcd 0000:00:1a.1: setting latency timer to 64
[    4.915074] uhci_hcd 0000:00:1a.1: UHCI Host Controller
[    4.915195] uhci_hcd 0000:00:1a.1: new USB bus registered, assigned bus number 4
[    4.915352] uhci_hcd 0000:00:1a.1: irq 21, io base 0x00001880
[    4.915463] usb usb4: New USB device found, idVendor=1d6b, idProduct=0001
[    4.915555] usb usb4: New USB device strings: Mfr=3, Product=2, SerialNumber=1
[    4.915671] usb usb4: Product: UHCI Host Controller
[    4.915750] usb usb4: Manufacturer: Linux 2.6.32.57 uhci_hcd
[    4.915835] usb usb4: SerialNumber: 0000:00:1a.1
[    4.915972] usb usb4: configuration #1 chosen from 1 choice
[    4.916081] hub 4-0:1.0: USB hub found
[    4.916162] hub 4-0:1.0: 2 ports detected
[    4.916477] uhci_hcd 0000:00:1d.0: power state changed by ACPI to D0
[    4.916710] uhci_hcd 0000:00:1d.0: power state changed by ACPI to D0
[    4.916806] uhci_hcd 0000:00:1d.0: PCI INT A -> GSI 16 (level, low) -> IRQ 16
[    4.916908] uhci_hcd 0000:00:1d.0: setting latency timer to 64
[    4.916912] uhci_hcd 0000:00:1d.0: UHCI Host Controller
[    4.917040] uhci_hcd 0000:00:1d.0: new USB bus registered, assigned bus number 5
[    4.917188] uhci_hcd 0000:00:1d.0: irq 16, io base 0x000018a0
[    4.917294] usb usb5: New USB device found, idVendor=1d6b, idProduct=0001
[    4.917378] usb usb5: New USB device strings: Mfr=3, Product=2, SerialNumber=1
[    4.917489] usb usb5: Product: UHCI Host Controller
[    4.917573] usb usb5: Manufacturer: Linux 2.6.32.57 uhci_hcd
[    4.917664] usb usb5: SerialNumber: 0000:00:1d.0
[    4.917794] usb usb5: configuration #1 chosen from 1 choice
[    4.917914] hub 5-0:1.0: USB hub found
[    4.918006] hub 5-0:1.0: 2 ports detected
[    4.918139] uhci_hcd 0000:00:1d.1: PCI INT B -> GSI 17 (level, low) -> IRQ 17
[    4.918227] uhci_hcd 0000:00:1d.1: setting latency timer to 64
[    4.918230] uhci_hcd 0000:00:1d.1: UHCI Host Controller
[    4.918345] uhci_hcd 0000:00:1d.1: new USB bus registered, assigned bus number 6
[    4.918482] uhci_hcd 0000:00:1d.1: irq 17, io base 0x000018c0
[    4.918600] usb usb6: New USB device found, idVendor=1d6b, idProduct=0001
[    4.918683] usb usb6: New USB device strings: Mfr=3, Product=2, SerialNumber=1
[    4.918794] usb usb6: Product: UHCI Host Controller
[    4.918879] usb usb6: Manufacturer: Linux 2.6.32.57 uhci_hcd
[    4.918964] usb usb6: SerialNumber: 0000:00:1d.1
[    4.919089] usb usb6: configuration #1 chosen from 1 choice
[    4.919212] hub 6-0:1.0: USB hub found
[    4.919298] hub 6-0:1.0: 2 ports detected
[    4.919592] uhci_hcd 0000:00:1d.2: power state changed by ACPI to D0
[    4.919832] uhci_hcd 0000:00:1d.2: power state changed by ACPI to D0
[    4.919928] uhci_hcd 0000:00:1d.2: PCI INT C -> GSI 18 (level, low) -> IRQ 18
[    4.920023] uhci_hcd 0000:00:1d.2: setting latency timer to 64
[    4.920028] uhci_hcd 0000:00:1d.2: UHCI Host Controller
[    4.920149] uhci_hcd 0000:00:1d.2: new USB bus registered, assigned bus number 7
[    4.920292] uhci_hcd 0000:00:1d.2: irq 18, io base 0x000018e0
[    4.920402] usb usb7: New USB device found, idVendor=1d6b, idProduct=0001
[    4.920488] usb usb7: New USB device strings: Mfr=3, Product=2, SerialNumber=1
[    4.920600] usb usb7: Product: UHCI Host Controller
[    4.920677] usb usb7: Manufacturer: Linux 2.6.32.57 uhci_hcd
[    4.920759] usb usb7: SerialNumber: 0000:00:1d.2
[    4.921549] usb usb7: configuration #1 chosen from 1 choice
[    4.921659] hub 7-0:1.0: USB hub found
[    4.921741] hub 7-0:1.0: 2 ports detected
[    4.921895] sl811: driver sl811-hcd, 19 May 2005
[    4.921997] r8a66597_hcd: driver r8a66597_hcd, 2009-05-26
[    4.922172] Initializing USB Mass Storage driver...
[    4.922290] usbcore: registered new interface driver usb-storage
[    4.922385] USB Mass Storage support registered.
[    4.922490] usbcore: registered new interface driver ums-alauda
[    4.922598] usbcore: registered new interface driver ums-cypress
[    4.922700] usbcore: registered new interface driver ums-datafab
[    4.922807] usbcore: registered new interface driver ums-freecom
[    4.922924] usbcore: registered new interface driver ums-isd200
[    4.923029] usbcore: registered new interface driver ums-jumpshot
[    4.923133] usbcore: registered new interface driver ums-karma
[    4.923243] usbcore: registered new interface driver ums-onetouch
[    4.923347] usbcore: registered new interface driver ums-sddr09
[    4.923449] usbcore: registered new interface driver ums-sddr55
[    4.923555] usbcore: registered new interface driver ums-usbat
[    4.923694] PNP: PS/2 Controller [PNP0303:KBD,PNP0f13:MOU] at 0x60,0x64 irq 1,12
[    4.932128] serio: i8042 KBD port at 0x60,0x64 irq 1
[    4.932214] serio: i8042 AUX port at 0x60,0x64 irq 12
[    4.932458] mice: PS/2 mouse device common for all mice
[    4.932566] i2c /dev entries driver
[    4.932696] md: linear personality registered for level -1
[    4.932778] md: raid0 personality registered for level 0
[    4.932882] md: raid1 personality registered for level 1
[    4.932973] md: raid10 personality registered for level 10
[    4.933053] md: raid6 personality registered for level 6
[    4.933135] md: raid5 personality registered for level 5
[    4.933214] md: raid4 personality registered for level 4
[    4.933299] md: multipath personality registered for level -4
[    4.933494] device-mapper: ioctl: 4.15.0-ioctl (2009-04-01) initialised: dm-devel@redhat.com
[    4.933694] cpuidle: using governor ladder
[    4.934290] usbcore: registered new interface driver usbhid
[    4.934376] usbhid: v2.6:USB HID core driver
[    4.934515] random 0014 0000 0000 00000000 00000000: rand_read_num 4 get_random_bytes(136): sig 00000000 00000000 00000000
[    4.934518] random 0014 0000 0000 00000000 00000000: extract_entropy(.. 136 ..)
[    4.934520] random 0014 0000 0000 00000000 00000000: going to reseed nonblocking with 1024 bits (1088 of 0 requested)
[    4.934523] random 0014 0000 0000 00000000 00000000: extract_entropy(.. 128 ..)
[    4.934525] random 0014 0000 0000 00000000 00000000: trying to extract 1024 bits from input
[    4.934527] random 0014 0000 0000 00000000 00000000: debiting 0 entropy credits from input
[    4.934529] random 0014 0000 0000 00000000 00000000: extract_entropy account returned: 0 
[    4.934532] random 0014 0000 0000 00000000 00000000: urand_change_num 7 xfer_secondary_pool(136): pool_sig 00000000, data_sig 00000000, bytes_mixed 0 00000000 00000000
[    4.934535] random 0014 0000 0000 00000000 00000000: trying to extract 1088 bits from nonblocking
[    4.934537] random 0014 0000 0000 00000000 00000000: debiting 1088 entropy credits from nonblocking (unlimited)
[    4.934539] random 0014 0000 0000 00000000 00000000: extract_entropy account returned: 136 
[    4.934544] random 0014 0000 0000 00000000 00000000: urand_change_num 8 extract_buf: pool_sig 00000000, data_sig fffffff9, bytes_mixed 20 00000000 00000000
[    4.934549] random 0014 0000 0000 b7c35b56 be4dc95d: urand_change_num 9 extract_buf: pool_sig fffffd1e, data_sig 000000c5, bytes_mixed 20 b7c35b56 be4dc95d
[    4.934555] random 0014 0000 0000 ed9f5c47 c48487fb: urand_change_num 10 extract_buf: pool_sig fffff8ec, data_sig ffffff68, bytes_mixed 20 ed9f5c47 c48487fb
[    4.934560] random 0014 0000 0000 ed9f5c47 c48487fb: urand_change_num 11 extract_buf: pool_sig fffffaed, data_sig 000001aa, bytes_mixed 20 ed9f5c47 c48487fb
[    4.934565] random 0014 0000 0000 1b4f7c0a 91bd6a48: urand_change_num 12 extract_buf: pool_sig fffffdd8, data_sig 00000064, bytes_mixed 20 1b4f7c0a 91bd6a48
[    4.934571] random 0014 0000 0000 a254b9bc 20e9a24f: urand_change_num 13 extract_buf: pool_sig fffffbe6, data_sig 000001dd, bytes_mixed 20 a254b9bc 20e9a24f
[    4.934576] random 0014 0000 0000 a254b9bc 20e9a24f: urand_change_num 14 extract_buf: pool_sig fffff940, data_sig fffffe20, bytes_mixed 20 a254b9bc 20e9a24f
[    4.934581] random 0014 0000 0000 2831a66b 5fa2a3ad: urand_change_num 15 extract_buf: pool_sig fffffbce, data_sig 0000007e, bytes_mixed 20 2831a66b 5fa2a3ad
[    4.934587] random 0014 0000 0000 2831a66b 5fa2a3ad: urand_change_num 16 extract_buf: pool_sig 000004df, data_sig fffffe8f, bytes_mixed 20 2831a66b 5fa2a3ad
[    4.934592] random 0014 0000 0000 d4512bfd c9a54e0b: urand_change_num 17 extract_buf: pool_sig 00000485, data_sig fffffe68, bytes_mixed 20 d4512bfd c9a54e0b
[    4.934597] random 0014 0000 0000 c7371be6 f9ffea11: urand_change_num 18 extract_buf: pool_sig 00000095, data_sig ffffffed, bytes_mixed 20 c7371be6 f9ffea11
[    4.934602] random 0014 0000 0000 c7371be6 f9ffea11: urand_change_num 19 extract_buf: pool_sig 000003a7, data_sig fffffefa, bytes_mixed 20 c7371be6 f9ffea11
[    4.934608] random 0014 0000 0000 8fb4b62c d1ddba54: urand_change_num 20 extract_buf: pool_sig 00000179, data_sig ffffff78, bytes_mixed 20 8fb4b62c d1ddba54
[    4.934613] random 0014 0000 0000 9ff19f9c c07a1d2a: urand_change_num 21 extract_buf: pool_sig fffffe88, data_sig 00000126, bytes_mixed 20 9ff19f9c c07a1d2a
[    4.934617] TCP cubic registered
[    4.934707] Initializing XFRM netlink socket
[    4.934803] NET: Registered protocol family 17
[    4.934903] Using IPI Shortcut mode
[    4.934988] random 0014 0000 0000 9ff19f9c c07a1d2a: rand_read_num 5 get_random_bytes(8): sig 0000031b 9ff19f9c c07a1d2a
[    4.934991] random 0014 0000 0000 9ff19f9c c07a1d2a: extract_entropy(.. 8 ..)
[    4.934993] random 0014 0000 0000 9ff19f9c c07a1d2a: going to reseed nonblocking with 64 bits (64 of 0 requested)
[    4.934995] random 0014 0000 0000 9ff19f9c c07a1d2a: extract_entropy(.. 8 ..)
[    4.934997] random 0014 0000 0000 9ff19f9c c07a1d2a: trying to extract 64 bits from input
[    4.935000] random 0014 0000 0000 9ff19f9c c07a1d2a: debiting 0 entropy credits from input
[    4.935002] random 0014 0000 0000 9ff19f9c c07a1d2a: extract_entropy account returned: 0 
[    4.935005] random 0014 0000 0000 9ff19f9c c07a1d2a: urand_change_num 22 xfer_secondary_pool(8): pool_sig 0000031b, data_sig 00000000, bytes_mixed 0 9ff19f9c c07a1d2a
[    4.935008] random 0014 0000 0000 9ff19f9c c07a1d2a: trying to extract 64 bits from nonblocking
[    4.935010] random 0014 0000 0000 9ff19f9c c07a1d2a: debiting 64 entropy credits from nonblocking (unlimited)
[    4.935012] random 0014 0000 0000 9ff19f9c c07a1d2a: extract_entropy account returned: 8 
[    4.935016] random 0014 0000 0000 9ff19f9c c07a1d2a: urand_change_num 23 extract_buf: pool_sig 0000031b, data_sig ffffffb3, bytes_mixed 20 9ff19f9c c07a1d2a
[    4.938195] input: AT Translated Set 2 keyboard as /devices/platform/i8042/serio0/input/input1
[    5.127886] ata1: SATA link up 1.5 Gbps (SStatus 113 SControl 300)
[    5.127986] ata3: SATA link down (SStatus 0 SControl 300)
[    5.129501] ata1.00: ACPI cmd ef/02:00:00:00:00:a0 (SET FEATURES) succeeded
[    5.129504] ata1.00: ACPI cmd f5/00:00:00:00:00:a0 (SECURITY FREEZE LOCK) filtered out
[    5.130896] ata1.00: ACPI cmd ef/5f:00:00:00:00:a0 (SET FEATURES) succeeded
[    5.130899] ata1.00: ACPI cmd ef/10:03:00:00:00:a0 (SET FEATURES) filtered out
[    5.132808] ata1.00: ATA-7: ST910021AS, 4.06, max UDMA/100
[    5.132896] ata1.00: 195371568 sectors, multi 16: LBA48 
[    5.135048] ata1.00: ACPI cmd ef/02:00:00:00:00:a0 (SET FEATURES) succeeded
[    5.135050] ata1.00: ACPI cmd f5/00:00:00:00:00:a0 (SECURITY FREEZE LOCK) filtered out
[    5.136437] ata1.00: ACPI cmd ef/5f:00:00:00:00:a0 (SET FEATURES) succeeded
[    5.136440] ata1.00: ACPI cmd ef/10:03:00:00:00:a0 (SET FEATURES) filtered out
[    5.138369] ata1.00: configured for UDMA/100
[    5.148932] scsi 2:0:0:0: Direct-Access     ATA      ST910021AS       4.06 PQ: 0 ANSI: 5
[    5.149211] sd 2:0:0:0: [sda] 195371568 512-byte logical blocks: (100 GB/93.1 GiB)
[    5.149345] sd 2:0:0:0: [sda] Write Protect is off
[    5.149425] sd 2:0:0:0: [sda] Mode Sense: 00 3a 00 00
[    5.149437] sd 2:0:0:0: [sda] Write cache: enabled, read cache: enabled, doesn't support DPO or FUA
[    5.149615]  sda:
[    5.215870] usb 2-1: new high speed USB device using ehci_hcd and address 2
[    5.363534] usb 2-1: New USB device found, idVendor=0e8d, idProduct=1806
[    5.363623] usb 2-1: New USB device strings: Mfr=1, Product=2, SerialNumber=3
[    5.363708] usb 2-1: Product: MT1806 
[    5.363789] usb 2-1: Manufacturer: MediaTek Inc
[    5.363882] usb 2-1: SerialNumber: R8KN6GAC800AEB 
[    5.364013] usb 2-1: configuration #1 chosen from 1 choice
[    5.370326] scsi5 : SCSI emulation for USB Mass Storage devices
[    5.370487] usb-storage: device found at 2
[    5.370489] usb-storage: waiting for device to settle before scanning
[    5.556598] random 0014 0000 0000 277f73c3 42024bb9: add_disk_randomness(8:0) 277f73c3 42024bb9
[    5.556602] random 0014 0000 0000 277f73c3 42024bb9: add_timer_randomness(.. 8388864) with jiffies: 12939149670000329083, cycles: -5507594408003895285
[    5.556605] random 0014 0000 0000 277f73c3 42024bb9: added 11 entropy credits to input
[    5.556609]  sda1 sda2
[    5.557176] random 0025 0000 0000 277f73c3 42024bb9: add_disk_randomness(8:0) 277f73c3 42024bb9
[    5.557179] random 0025 0000 0000 277f73c3 42024bb9: add_timer_randomness(.. 8388864) with jiffies: 12944342925411320188, cycles: -5502401152592904181
[    5.557334] sd 2:0:0:0: [sda] Attached SCSI disk
[    5.557424] random 0025 0000 0000 277f73c3 42024bb9: rand_read_num 6 get_random_bytes(12): sig 000007e9 277f73c3 42024bb9
[    5.557426] random 0025 0000 0000 277f73c3 42024bb9: extract_entropy(.. 12 ..)
[    5.557429] random 0025 0000 0000 277f73c3 42024bb9: going to reseed nonblocking with 96 bits (96 of 0 requested)
[    5.557431] random 0025 0000 0000 277f73c3 42024bb9: extract_entropy(.. 12 ..)
[    5.557433] random 0025 0000 0000 277f73c3 42024bb9: trying to extract 96 bits from input
[    5.557435] random 0025 0000 0000 277f73c3 42024bb9: debiting 0 entropy credits from input
[    5.557437] random 0025 0000 0000 277f73c3 42024bb9: extract_entropy account returned: 0 
[    5.557440] random 0025 0000 0000 277f73c3 42024bb9: urand_change_num 24 xfer_secondary_pool(12): pool_sig 000007e9, data_sig 00000000, bytes_mixed 0 277f73c3 42024bb9
[    5.557443] random 0025 0000 0000 277f73c3 42024bb9: trying to extract 96 bits from nonblocking
[    5.557446] random 0025 0000 0000 277f73c3 42024bb9: debiting 96 entropy credits from nonblocking (unlimited)
[    5.557448] random 0025 0000 0000 277f73c3 42024bb9: extract_entropy account returned: 12 
[    5.557452] random 0025 0000 0000 277f73c3 42024bb9: urand_change_num 25 extract_buf: pool_sig 000007e9, data_sig 00000088, bytes_mixed 20 277f73c3 42024bb9
[    5.557458] random 0025 0000 0000 277f73c3 42024bb9: urand_change_num 26 extract_buf: pool_sig 00000498, data_sig fffffefb, bytes_mixed 20 277f73c3 42024bb9
[    5.557461] RANDOM - __seed init called.
[    5.557461] RANDOM - __seed init called.
[    5.557462] RANDOM - __seed init called.
[    5.557464] RANDOM - __random32 called. Change num 12.  Value: 87f14767	f0d7351	b1e48bd3
[    5.557466] RANDOM - random32_reseed called.  Value: 87f14767	f0d7351	b1e48bd3
[    5.557469] Pid: 1, comm: swapper Not tainted 2.6.32.57 #6
[    5.557551] Call Trace:
[    5.557649]  [<c1923ca4>] ? random32_reseed+0xa0/0xb1
[    5.557731]  [<c1923c04>] ? random32_reseed+0x0/0xb1
[    5.557814]  [<c100111e>] ? do_one_initcall+0x2e/0x180
[    5.557906]  [<c1907265>] ? kernel_init+0xad/0x103
[    5.557987]  [<c19071b8>] ? kernel_init+0x0/0x103
[    5.558066]  [<c1003787>] ? kernel_thread_helper+0x7/0x10
[    5.558593] random 0025 0000 0000 386b4e60 ee4d4880: rand_read_num 7 get_random_bytes(64): sig fffffea5 386b4e60 ee4d4880
[    5.558595] random 0025 0000 0000 386b4e60 ee4d4880: extract_entropy(.. 64 ..)
[    5.558597] random 0025 0000 0000 386b4e60 ee4d4880: going to reseed nonblocking with 512 bits (512 of 0 requested)
[    5.558600] random 0025 0000 0000 386b4e60 ee4d4880: extract_entropy(.. 64 ..)
[    5.558602] random 0025 0000 0000 386b4e60 ee4d4880: trying to extract 512 bits from input
[    5.558604] random 0025 0000 0000 386b4e60 ee4d4880: debiting 0 entropy credits from input
[    5.558606] random 0025 0000 0000 386b4e60 ee4d4880: extract_entropy account returned: 0 
[    5.558609] random 0025 0000 0000 386b4e60 ee4d4880: urand_change_num 27 xfer_secondary_pool(64): pool_sig fffffea5, data_sig 00000000, bytes_mixed 0 386b4e60 ee4d4880
[    5.558612] random 0025 0000 0000 386b4e60 ee4d4880: trying to extract 512 bits from nonblocking
[    5.558615] random 0025 0000 0000 386b4e60 ee4d4880: debiting 512 entropy credits from nonblocking (unlimited)
[    5.558617] random 0025 0000 0000 386b4e60 ee4d4880: extract_entropy account returned: 64 
[    5.558621] random 0025 0000 0000 386b4e60 ee4d4880: urand_change_num 28 extract_buf: pool_sig fffffea5, data_sig 00000173, bytes_mixed 20 386b4e60 ee4d4880
[    5.558626] random 0025 0000 0000 412698f6 0cc8689a: urand_change_num 29 extract_buf: pool_sig 00000122, data_sig ffffff63, bytes_mixed 20 412698f6 0cc8689a
[    5.558632] random 0025 0000 0000 412698f6 0cc8689a: urand_change_num 30 extract_buf: pool_sig 000001f7, data_sig 00000012, bytes_mixed 20 412698f6 0cc8689a
[    5.558637] random 0025 0000 0000 9669941e 06f768b1: urand_change_num 31 extract_buf: pool_sig fffffb5b, data_sig 0000003f, bytes_mixed 20 9669941e 06f768b1
[    5.558642] random 0025 0000 0000 98486520 995551f0: urand_change_num 32 extract_buf: pool_sig fffffb39, data_sig 0000000e, bytes_mixed 20 98486520 995551f0
[    5.558648] random 0025 0000 0000 98486520 995551f0: urand_change_num 33 extract_buf: pool_sig fffffd8d, data_sig 000001a6, bytes_mixed 20 98486520 995551f0
[    5.558653] random 0025 0000 0000 61fc8914 d5882ed2: urand_change_num 34 extract_buf: pool_sig fffffa58, data_sig 0000023e, bytes_mixed 20 61fc8914 d5882ed2
[    5.558682] random 0025 0000 0000 61fc8914 d5882ed2: rand_read_num 8 get_random_bytes(64): sig fffff9ee 61fc8914 d5882ed2
[    5.558685] random 0025 0000 0000 61fc8914 d5882ed2: extract_entropy(.. 64 ..)
[    5.558687] random 0025 0000 0000 61fc8914 d5882ed2: going to reseed nonblocking with 512 bits (512 of 0 requested)
[    5.558689] random 0025 0000 0000 61fc8914 d5882ed2: extract_entropy(.. 64 ..)
[    5.558691] random 0025 0000 0000 61fc8914 d5882ed2: trying to extract 512 bits from input
[    5.558693] random 0025 0000 0000 61fc8914 d5882ed2: debiting 0 entropy credits from input
[    5.558695] random 0025 0000 0000 61fc8914 d5882ed2: extract_entropy account returned: 0 
[    5.558698] random 0025 0000 0000 61fc8914 d5882ed2: urand_change_num 35 xfer_secondary_pool(64): pool_sig fffff9ee, data_sig 00000000, bytes_mixed 0 61fc8914 d5882ed2
[    5.558701] random 0025 0000 0000 61fc8914 d5882ed2: trying to extract 512 bits from nonblocking
[    5.558704] random 0025 0000 0000 61fc8914 d5882ed2: debiting 512 entropy credits from nonblocking (unlimited)
[    5.558706] random 0025 0000 0000 61fc8914 d5882ed2: extract_entropy account returned: 64 
[    5.558710] random 0025 0000 0000 61fc8914 d5882ed2: urand_change_num 36 extract_buf: pool_sig fffff9ee, data_sig ffffff85, bytes_mixed 20 61fc8914 d5882ed2
[    5.558715] random 0025 0000 0000 70cfd302 e5edec11: urand_change_num 37 extract_buf: pool_sig fffffdc1, data_sig ffffffde, bytes_mixed 20 70cfd302 e5edec11
[    5.558721] random 0025 0000 0000 00dab838 eafd2b30: urand_change_num 38 extract_buf: pool_sig 000003da, data_sig ffffff61, bytes_mixed 20 00dab838 eafd2b30
[    5.558726] random 0025 0000 0000 00dab838 eafd2b30: urand_change_num 39 extract_buf: pool_sig 00000314, data_sig 00000121, bytes_mixed 20 00dab838 eafd2b30
[    5.558731] random 0025 0000 0000 5fcdf66a 6442b608: urand_change_num 40 extract_buf: pool_sig 0000028b, data_sig fffffefd, bytes_mixed 20 5fcdf66a 6442b608
[    5.558736] random 0025 0000 0000 61333f6b 8fae0f9b: urand_change_num 41 extract_buf: pool_sig 000000cb, data_sig 000000b3, bytes_mixed 20 61333f6b 8fae0f9b
[    5.558742] random 0025 0000 0000 61333f6b 8fae0f9b: urand_change_num 42 extract_buf: pool_sig fffffef8, data_sig 00000051, bytes_mixed 20 61333f6b 8fae0f9b
[    5.558744] BEGIN NET_SECRET:
[    5.558746] \xffffffe0
[    5.558746] \xffffffb6
[    5.558747] \x36
[    5.558748] \xffffffb5
[    5.558749] \xffffff94
[    5.558750] \xffffffb2
[    5.558751] \xffffffa8
[    5.558751] \xffffffda
[    5.558752] \x5b
[    5.558753] \x19
[    5.558754] \x18
[    5.558754] \x5c
[    5.558755] \x2b
[    5.558756] \x1
[    5.558757] \xffffff90
[    5.558757] \x19
[    5.558758] \x3c
[    5.558759] \xfffffff2
[    5.558760] \xffffff82
[    5.558761] \x2a
[    5.558761] \xffffffb3
[    5.558762] \xffffffa2
[    5.558763] \x3f
[    5.558764] \x5
[    5.558764] \x52
[    5.558765] \x77
[    5.558766] \x57
[    5.558767] \x79
[    5.558767] \x16
[    5.558768] \x43
[    5.558769] \xffffff84
[    5.558770] \xffffffc3
[    5.558770] \xffffffe9
[    5.558771] \x79
[    5.558772] \x50
[    5.558773] \xffffff8e
[    5.558773] \x3f
[    5.558774] \xfffffff3
[    5.558775] \x19
[    5.558776] \x2a
[    5.558777] \xfffffffd
[    5.558777] \xfffffffb
[    5.558778] \x62
[    5.558779] \x3c
[    5.558780] \xffffffac
[    5.558780] \x1c
[    5.558781] \x3b
[    5.558782] \x3b
[    5.558783] \x15
[    5.558783] \x27
[    5.558784] \xffffffa8
[    5.558785] \x22
[    5.558786] \xffffffc5
[    5.558786] \xffffff9a
[    5.558787] \x5
[    5.558788] \x6c
[    5.558789] \xffffffa8
[    5.558789] \x3a
[    5.558790] \x44
[    5.558791] \xffffffaf
[    5.558792] \x13
[    5.558793] \xffffffe0
[    5.558793] \xffffff9d
[    5.558794] \x22
[    5.558795] 
[    5.558795] END NET_SECRET
[    5.558798] random 0025 0000 0000 e7f555d9 e8ce5c3c: rand_read_num 9 get_random_bytes(4): sig 0000068c e7f555d9 e8ce5c3c
[    5.558801] random 0025 0000 0000 e7f555d9 e8ce5c3c: extract_entropy(.. 4 ..)
[    5.558803] random 0025 0000 0000 e7f555d9 e8ce5c3c: going to reseed nonblocking with 64 bits (32 of 0 requested)
[    5.558805] random 0025 0000 0000 e7f555d9 e8ce5c3c: extract_entropy(.. 8 ..)
[    5.558807] random 0025 0000 0000 e7f555d9 e8ce5c3c: trying to extract 64 bits from input
[    5.558809] random 0025 0000 0000 e7f555d9 e8ce5c3c: debiting 0 entropy credits from input
[    5.558812] random 0025 0000 0000 e7f555d9 e8ce5c3c: extract_entropy account returned: 0 
[    5.558815] random 0025 0000 0000 e7f555d9 e8ce5c3c: urand_change_num 43 xfer_secondary_pool(4): pool_sig 0000068c, data_sig 00000000, bytes_mixed 0 e7f555d9 e8ce5c3c
[    5.558818] random 0025 0000 0000 e7f555d9 e8ce5c3c: trying to extract 32 bits from nonblocking
[    5.558820] random 0025 0000 0000 e7f555d9 e8ce5c3c: debiting 32 entropy credits from nonblocking (unlimited)
[    5.558822] random 0025 0000 0000 e7f555d9 e8ce5c3c: extract_entropy account returned: 4 
[    5.558826] random 0025 0000 0000 e7f555d9 e8ce5c3c: urand_change_num 44 extract_buf: pool_sig 0000068c, data_sig fffffdcb, bytes_mixed 20 e7f555d9 e8ce5c3c
[    5.558837] md: Waiting for all devices to be available before autodetect
[    5.558933] md: If you don't use raid, use raid=noautodetect
[    5.559085] md: Autodetecting RAID arrays.
[    5.559165] md: Scanned 0 and added 0 devices.
[    5.559245] md: autorun ...
[    5.559326] md: ... autorun DONE.
[    5.572813] random 0025 0000 0000 e7f555d9 e8ce5c3c: add_disk_randomness(8:0) e7f555d9 e8ce5c3c
[    5.572816] random 0025 0000 0000 e7f555d9 e8ce5c3c: add_timer_randomness(.. 8388864) with jiffies: 13085025713063166347, cycles: -5361718364941058037
[    5.572819] random 0025 0000 0000 e7f555d9 e8ce5c3c: added 3 entropy credits to input
[    5.573935] random 0028 0000 0000 e7f555d9 e8ce5c3c: add_disk_randomness(8:0) e7f555d9 e8ce5c3c
[    5.573939] random 0028 0000 0000 e7f555d9 e8ce5c3c: add_timer_randomness(.. 8388864) with jiffies: 13095113272686510477, cycles: -5351630805317713909
[    5.573941] random 0028 0000 0000 e7f555d9 e8ce5c3c: added 1 entropy credits to input
[    5.574053] random 0029 0000 0000 e7f555d9 e8ce5c3c: add_disk_randomness(8:0) e7f555d9 e8ce5c3c
[    5.574056] random 0029 0000 0000 e7f555d9 e8ce5c3c: add_timer_randomness(.. 8388864) with jiffies: 13096173639982350733, cycles: -5350570438021873653
[    5.574063] EXT3-fs: sda2: couldn't mount because of unsupported optional features (240).
[    5.574281] random 0029 0000 0000 e7f555d9 e8ce5c3c: add_disk_randomness(8:0) e7f555d9 e8ce5c3c
[    5.574284] random 0029 0000 0000 e7f555d9 e8ce5c3c: add_timer_randomness(.. 8388864) with jiffies: 13098230117568315789, cycles: -5348513960435908597
[    5.574289] EXT2-fs: sda2: couldn't mount because of unsupported optional features (240).
[    5.574516] random 0029 0000 0000 e7f555d9 e8ce5c3c: add_disk_randomness(8:0) e7f555d9 e8ce5c3c
[    5.574519] random 0029 0000 0000 e7f555d9 e8ce5c3c: add_timer_randomness(.. 8388864) with jiffies: 13100342601527820685, cycles: -5346401476476403701
[    5.574649] random 0029 0000 0000 e7f555d9 e8ce5c3c: add_disk_randomness(8:0) e7f555d9 e8ce5c3c
[    5.574652] random 0029 0000 0000 e7f555d9 e8ce5c3c: add_timer_randomness(.. 8388864) with jiffies: 13101546833048207757, cycles: -5345197244956016629
[    5.574809] random 0029 0000 0000 e7f555d9 e8ce5c3c: add_disk_randomness(8:0) e7f555d9 e8ce5c3c
[    5.574812] random 0029 0000 0000 e7f555d9 e8ce5c3c: add_timer_randomness(.. 8388864) with jiffies: 13102982546125980045, cycles: -5343761531878244341
[    5.574927] random 0029 0000 0000 e7f555d9 e8ce5c3c: add_disk_randomness(8:0) e7f555d9 e8ce5c3c
[    5.574930] random 0029 0000 0000 e7f555d9 e8ce5c3c: add_timer_randomness(.. 8388864) with jiffies: 13104034392206705038, cycles: -5342709685797519349
[    5.575045] random 0029 0000 0000 e7f555d9 e8ce5c3c: add_disk_randomness(8:0) e7f555d9 e8ce5c3c
[    5.575048] random 0029 0000 0000 e7f555d9 e8ce5c3c: add_timer_randomness(.. 8388864) with jiffies: 13105096292805869966, cycles: -5341647785198354421
[    5.575159] random 0029 0000 0000 e7f555d9 e8ce5c3c: add_disk_randomness(8:0) e7f555d9 e8ce5c3c
[    5.575162] random 0029 0000 0000 e7f555d9 e8ce5c3c: add_timer_randomness(.. 8388864) with jiffies: 13106121398420210062, cycles: -5340622679584014325
[    5.575276] random 0029 0000 0000 e7f555d9 e8ce5c3c: add_disk_randomness(8:0) e7f555d9 e8ce5c3c
[    5.575279] random 0029 0000 0000 e7f555d9 e8ce5c3c: add_timer_randomness(.. 8388864) with jiffies: 13107175361919811982, cycles: -5339568716084412405
[    5.575384] random 0029 0000 0000 e7f555d9 e8ce5c3c: add_disk_randomness(8:0) e7f555d9 e8ce5c3c
[    5.575387] random 0029 0000 0000 e7f555d9 e8ce5c3c: add_timer_randomness(.. 8388864) with jiffies: 13108148648753725838, cycles: -5338595429250498549
[    5.575627] random 0029 0000 0000 e7f555d9 e8ce5c3c: rand_read_num 10 get_random_bytes(4): sig ffffff72 e7f555d9 e8ce5c3c
[    5.575629] random 0029 0000 0000 e7f555d9 e8ce5c3c: extract_entropy(.. 4 ..)
[    5.575632] random 0029 0000 0000 e7f555d9 e8ce5c3c: going to reseed nonblocking with 64 bits (32 of 0 requested)
[    5.575634] random 0029 0000 0000 e7f555d9 e8ce5c3c: extract_entropy(.. 8 ..)
[    5.575636] random 0029 0000 0000 e7f555d9 e8ce5c3c: trying to extract 64 bits from input
[    5.575638] random 0029 0000 0000 e7f555d9 e8ce5c3c: debiting 0 entropy credits from input
[    5.575640] random 0029 0000 0000 e7f555d9 e8ce5c3c: extract_entropy account returned: 0 
[    5.575643] random 0029 0000 0000 e7f555d9 e8ce5c3c: urand_change_num 45 xfer_secondary_pool(4): pool_sig ffffff72, data_sig 00000000, bytes_mixed 0 e7f555d9 e8ce5c3c
[    5.575646] random 0029 0000 0000 e7f555d9 e8ce5c3c: trying to extract 32 bits from nonblocking
[    5.575648] random 0029 0000 0000 e7f555d9 e8ce5c3c: debiting 32 entropy credits from nonblocking (unlimited)
[    5.575650] random 0029 0000 0000 e7f555d9 e8ce5c3c: extract_entropy account returned: 4 
[    5.575655] random 0029 0000 0000 e7f555d9 e8ce5c3c: urand_change_num 46 extract_buf: pool_sig ffffff72, data_sig ffffff72, bytes_mixed 20 e7f555d9 e8ce5c3c
[    5.587267] random 0029 0000 0000 91716c54 eeb6a1e7: add_disk_randomness(8:0) 91716c54 eeb6a1e7
[    5.587270] random 0029 0000 0000 91716c54 eeb6a1e7: add_timer_randomness(.. 8388864) with jiffies: 13215057321123348890, cycles: -5231686756880875509
[    5.587273] random 0029 0000 0000 91716c54 eeb6a1e7: added 3 entropy credits to input
[    5.605540] random 0032 0000 0000 91716c54 eeb6a1e7: add_disk_randomness(8:0) 91716c54 eeb6a1e7
[    5.605543] random 0032 0000 0000 91716c54 eeb6a1e7: add_timer_randomness(.. 8388864) with jiffies: 13379449895912178092, cycles: -5067294182092046325
[    5.605546] random 0032 0000 0000 91716c54 eeb6a1e7: added 2 entropy credits to input
[    5.610233] EXT4-fs (sda2): mounted filesystem with ordered data mode
[    5.610422] VFS: Mounted root (ext4 filesystem) readonly on device 8:2.
[    5.610520] Freeing unused kernel memory: 448k freed
[    5.630694] random 0034 0000 0000 91716c54 eeb6a1e7: add_disk_randomness(8:0) 91716c54 eeb6a1e7
[    5.630697] random 0034 0000 0000 91716c54 eeb6a1e7: add_timer_randomness(.. 8388864) with jiffies: 13605744588797739461, cycles: -4840999489206484981
[    5.631426] random 0034 0000 0000 91716c54 eeb6a1e7: add_disk_randomness(8:0) 91716c54 eeb6a1e7
[    5.631429] random 0034 0000 0000 91716c54 eeb6a1e7: add_timer_randomness(.. 8388864) with jiffies: 13612325479422591430, cycles: -4834418598581633013
[    5.636154] random 0034 0000 0000 91716c54 eeb6a1e7: add_disk_randomness(8:0) 91716c54 eeb6a1e7
[    5.636157] random 0034 0000 0000 91716c54 eeb6a1e7: add_timer_randomness(.. 8388864) with jiffies: 13654851917715309003, cycles: -4791892160288915445
[    5.636159] random 0034 0000 0000 91716c54 eeb6a1e7: added 2 entropy credits to input
[    5.644352] random 0036 0000 0000 91716c54 eeb6a1e7: add_disk_randomness(8:0) 91716c54 eeb6a1e7
[    5.644355] random 0036 0000 0000 91716c54 eeb6a1e7: add_timer_randomness(.. 8388864) with jiffies: 13728614678194258387, cycles: -4718129399809966069
[    5.647774] random 0036 0000 0000 91716c54 eeb6a1e7: add_disk_randomness(8:0) 91716c54 eeb6a1e7
[    5.647777] random 0036 0000 0000 91716c54 eeb6a1e7: add_timer_randomness(.. 8388864) with jiffies: 13759401334484468182, cycles: -4687342743519756277
[    5.647779] random 0036 0000 0000 91716c54 eeb6a1e7: added 1 entropy credits to input
[    5.656671] random 0037 0000 0000 91716c54 eeb6a1e7: add_disk_randomness(8:0) 91716c54 eeb6a1e7
[    5.656674] random 0037 0000 0000 91716c54 eeb6a1e7: add_timer_randomness(.. 8388864) with jiffies: 13839440128809599455, cycles: -4607303949194625013
[    5.656676] random 0037 0000 0000 91716c54 eeb6a1e7: added 2 entropy credits to input
[    5.661662] random 0039 0000 0000 91716c54 eeb6a1e7: add_disk_randomness(8:0) 91716c54 eeb6a1e7
[    5.661665] random 0039 0000 0000 91716c54 eeb6a1e7: add_timer_randomness(.. 8388864) with jiffies: 13884341155736027620, cycles: -4562402922268196853
[    5.661668] random 0039 0000 0000 91716c54 eeb6a1e7: added 2 entropy credits to input
[    5.669705] random 0041 0000 0000 91716c54 eeb6a1e7: add_disk_randomness(8:0) 91716c54 eeb6a1e7
[    5.669708] random 0041 0000 0000 91716c54 eeb6a1e7: add_timer_randomness(.. 8388864) with jiffies: 13956697786871939564, cycles: -4490046291132284917
[    5.669710] random 0041 0000 0000 91716c54 eeb6a1e7: added 1 entropy credits to input
[    5.669733] RANDOM get_random_int call with cycles 50494240744, jiffies 4294672876 and pid 1
[    5.669736] RANDOM get_random_int call with cycles 50494247937, jiffies 4294672876 and pid 1
[    5.669738] ASLR stack rand value: 6053888 after shift for pid: 1
[    5.669739] RANDOM get_random_int call with cycles 50494255749, jiffies 4294672876 and pid 1
[    5.681354] random 0042 0000 0000 91716c54 eeb6a1e7: add_disk_randomness(8:0) 91716c54 eeb6a1e7
[    5.681357] random 0042 0000 0000 91716c54 eeb6a1e7: add_timer_randomness(.. 8388864) with jiffies: 14061496947399426552, cycles: -4385247130604797941
[    5.681368] RANDOM get_random_int call with cycles 50518611402, jiffies 4294672888 and pid 1
[    5.681371] random 0042 0000 0000 91716c54 eeb6a1e7: rand_read_num 11 get_random_bytes(16): sig fffffcad 91716c54 eeb6a1e7
[    5.681373] random 0042 0000 0000 91716c54 eeb6a1e7: extract_entropy(.. 16 ..)
[    5.681376] random 0042 0000 0000 91716c54 eeb6a1e7: going to reseed nonblocking with 128 bits (128 of 0 requested)
[    5.681378] random 0042 0000 0000 91716c54 eeb6a1e7: extract_entropy(.. 16 ..)
[    5.681380] random 0042 0000 0000 91716c54 eeb6a1e7: trying to extract 128 bits from input
[    5.681382] random 0042 0000 0000 91716c54 eeb6a1e7: debiting 0 entropy credits from input
[    5.681384] random 0042 0000 0000 91716c54 eeb6a1e7: extract_entropy account returned: 0 
[    5.681388] random 0042 0000 0000 91716c54 eeb6a1e7: urand_change_num 47 xfer_secondary_pool(16): pool_sig fffffcad, data_sig 00000000, bytes_mixed 0 91716c54 eeb6a1e7
[    5.681390] random 0042 0000 0000 91716c54 eeb6a1e7: trying to extract 128 bits from nonblocking
[    5.681393] random 0042 0000 0000 91716c54 eeb6a1e7: debiting 128 entropy credits from nonblocking (unlimited)
[    5.681395] random 0042 0000 0000 91716c54 eeb6a1e7: extract_entropy account returned: 16 
[    5.681400] random 0042 0000 0000 91716c54 eeb6a1e7: urand_change_num 48 extract_buf: pool_sig fffffcad, data_sig ffffff19, bytes_mixed 20 91716c54 eeb6a1e7
[    5.681405] random 0042 0000 0000 fd637b06 6cf47bc1: urand_change_num 49 extract_buf: pool_sig fffffede, data_sig ffffffc1, bytes_mixed 20 fd637b06 6cf47bc1
[    5.682362] random 0042 0000 0000 fd637b06 6cf47bc1: add_disk_randomness(8:0) fd637b06 6cf47bc1
[    5.682365] random 0042 0000 0000 fd637b06 6cf47bc1: add_timer_randomness(.. 8388864) with jiffies: 14070561656266260985, cycles: -4376182421737963509
[    5.683559] random 0042 0000 0000 fd637b06 6cf47bc1: add_disk_randomness(8:0) fd637b06 6cf47bc1
[    5.683562] random 0042 0000 0000 fd637b06 6cf47bc1: add_timer_randomness(.. 8388864) with jiffies: 14081334374842466810, cycles: -4365409703161757685
[    5.684713] random 0042 0000 0000 fd637b06 6cf47bc1: add_disk_randomness(8:0) fd637b06 6cf47bc1
[    5.684716] random 0042 0000 0000 fd637b06 6cf47bc1: add_timer_randomness(.. 8388864) with jiffies: 14091718222784725499, cycles: -4355025855219498997
[    5.685591] random 0042 0000 0000 fd637b06 6cf47bc1: add_disk_randomness(8:0) fd637b06 6cf47bc1
[    5.685594] random 0042 0000 0000 fd637b06 6cf47bc1: add_timer_randomness(.. 8388864) with jiffies: 14099616311159783932, cycles: -4347127766844440565
[    5.685773] random 0042 0000 0000 fd637b06 6cf47bc1: add_disk_randomness(8:0) fd637b06 6cf47bc1
[    5.685776] random 0042 0000 0000 fd637b06 6cf47bc1: add_timer_randomness(.. 8388864) with jiffies: 14101253067361714684, cycles: -4345491010642509813
[    5.685994] random 0042 0000 0000 fd637b06 6cf47bc1: add_disk_randomness(8:0) fd637b06 6cf47bc1
[    5.685997] random 0042 0000 0000 fd637b06 6cf47bc1: add_timer_randomness(.. 8388864) with jiffies: 14103229675735843325, cycles: -4343514402268381173
[    5.696417] random 0042 0000 0000 fd637b06 6cf47bc1: add_disk_randomness(8:0) fd637b06 6cf47bc1
[    5.696420] random 0042 0000 0000 fd637b06 6cf47bc1: add_timer_randomness(.. 8388864) with jiffies: 14197003169883193863, cycles: -4249740908121030645
[    5.696422] random 0042 0000 0000 fd637b06 6cf47bc1: added 3 entropy credits to input
[    5.696852] random 0045 0000 0000 fd637b06 6cf47bc1: add_disk_randomness(8:0) fd637b06 6cf47bc1
[    5.696855] random 0045 0000 0000 fd637b06 6cf47bc1: add_timer_randomness(.. 8388864) with jiffies: 14200926399169790471, cycles: -4245817678834434037
[    5.706601] random 0045 0000 0000 fd637b06 6cf47bc1: add_disk_randomness(8:0) fd637b06 6cf47bc1
[    5.706604] random 0045 0000 0000 fd637b06 6cf47bc1: add_timer_randomness(.. 8388864) with jiffies: 14288626521797788177, cycles: -4158117556206436341
[    5.706606] random 0045 0000 0000 fd637b06 6cf47bc1: added 3 entropy credits to input
[    5.706659] RANDOM get_random_int call with cycles 50571586705, jiffies 4294672913 and pid 1
[    5.711491] random 0048 0000 0000 fd637b06 6cf47bc1: add_disk_randomness(8:0) fd637b06 6cf47bc1
[    5.711494] random 0048 0000 0000 fd637b06 6cf47bc1: add_timer_randomness(.. 8388864) with jiffies: 14332617582593147414, cycles: -4114126495411077109
[    5.711497] random 0048 0000 0000 fd637b06 6cf47bc1: added 2 entropy credits to input
[    5.724034] random 0050 0000 0000 fd637b06 6cf47bc1: add_disk_randomness(8:0) fd637b06 6cf47bc1
[    5.724037] random 0050 0000 0000 fd637b06 6cf47bc1: add_timer_randomness(.. 8388864) with jiffies: 14445455672063263267, cycles: -4001288405940961269
[    5.724040] random 0050 0000 0000 fd637b06 6cf47bc1: added 3 entropy credits to input
[    5.724174] random 0053 0000 0000 fd637b06 6cf47bc1: add_disk_randomness(8:0) fd637b06 6cf47bc1
[    5.724177] random 0053 0000 0000 fd637b06 6cf47bc1: add_timer_randomness(.. 8388864) with jiffies: 14446716498367709731, cycles: -4000027579636514805
[    5.726335] random 0053 0000 0000 fd637b06 6cf47bc1: add_disk_randomness(8:0) fd637b06 6cf47bc1
[    5.726338] random 0053 0000 0000 fd637b06 6cf47bc1: add_timer_randomness(.. 8388864) with jiffies: 14466161357209960997, cycles: -3980582720794263541
[    5.726341] random 0053 0000 0000 fd637b06 6cf47bc1: added 1 entropy credits to input
[    5.726579] random 0054 0000 0000 fd637b06 6cf47bc1: add_disk_randomness(8:0) fd637b06 6cf47bc1
[    5.726582] random 0054 0000 0000 fd637b06 6cf47bc1: add_timer_randomness(.. 8388864) with jiffies: 14468361870819164709, cycles: -3978382207185059829
[    5.726755] random 0054 0000 0000 fd637b06 6cf47bc1: add_disk_randomness(8:0) fd637b06 6cf47bc1
[    5.726758] random 0054 0000 0000 fd637b06 6cf47bc1: add_timer_randomness(.. 8388864) with jiffies: 14469945592764924453, cycles: -3976798485239300085
[    5.738212] random 0054 0000 0000 fd637b06 6cf47bc1: add_disk_randomness(8:0) fd637b06 6cf47bc1
[    5.738215] random 0054 0000 0000 fd637b06 6cf47bc1: add_timer_randomness(.. 8388864) with jiffies: 14573008560007643697, cycles: -3873735517996580853
[    5.738218] random 0054 0000 0000 fd637b06 6cf47bc1: added 3 entropy credits to input
[    5.740224] random 0057 0000 0000 fd637b06 6cf47bc1: add_disk_randomness(8:0) fd637b06 6cf47bc1
[    5.740227] random 0057 0000 0000 fd637b06 6cf47bc1: add_timer_randomness(.. 8388864) with jiffies: 14591108123423638067, cycles: -3855635954580586485
[    5.740230] random 0057 0000 0000 fd637b06 6cf47bc1: added 1 entropy credits to input
[    5.748055] random 0058 0000 0000 fd637b06 6cf47bc1: add_disk_randomness(8:0) fd637b06 6cf47bc1
[    5.748058] random 0058 0000 0000 fd637b06 6cf47bc1: add_timer_randomness(.. 8388864) with jiffies: 14661558901476655675, cycles: -3785185176527568885
[    5.748061] random 0058 0000 0000 fd637b06 6cf47bc1: added 2 entropy credits to input
[    5.748192] random 0060 0000 0000 fd637b06 6cf47bc1: add_disk_randomness(8:0) fd637b06 6cf47bc1
[    5.748195] random 0060 0000 0000 fd637b06 6cf47bc1: add_timer_randomness(.. 8388864) with jiffies: 14662789151908921915, cycles: -3783954926095302645
[    5.751751] random 0060 0000 0000 fd637b06 6cf47bc1: add_disk_randomness(8:0) fd637b06 6cf47bc1
[    5.751753] random 0060 0000 0000 fd637b06 6cf47bc1: add_timer_randomness(.. 8388864) with jiffies: 14694812509672276542, cycles: -3751931568331948021
[    5.751756] random 0060 0000 0000 fd637b06 6cf47bc1: added 1 entropy credits to input
[    5.756250] random 0061 0000 0000 fd637b06 6cf47bc1: add_disk_randomness(8:0) fd637b06 6cf47bc1
[    5.756253] random 0061 0000 0000 fd637b06 6cf47bc1: add_timer_randomness(.. 8388864) with jiffies: 14735285807568618051, cycles: -3711458270435606517
[    5.761829] random 0061 0000 0000 fd637b06 6cf47bc1: add_disk_randomness(8:0) fd637b06 6cf47bc1
[    5.761832] random 0061 0000 0000 fd637b06 6cf47bc1: add_timer_randomness(.. 8388864) with jiffies: 14785480566370959944, cycles: -3661263511633264629
[    5.768107] random 0061 0000 0000 fd637b06 6cf47bc1: add_disk_randomness(8:0) fd637b06 6cf47bc1
[    5.768110] random 0061 0000 0000 fd637b06 6cf47bc1: add_timer_randomness(.. 8388864) with jiffies: 14841954112093520463, cycles: -3604789965910704117
[    5.768113] random 0061 0000 0000 fd637b06 6cf47bc1: added 1 entropy credits to input
[    5.768123] random 0062 0000 0000 fd637b06 6cf47bc1: rand_read_num 12 get_random_bytes(16): sig 0000033b fd637b06 6cf47bc1
[    5.768126] random 0062 0000 0000 fd637b06 6cf47bc1: extract_entropy(.. 16 ..)
[    5.768128] random 0062 0000 0000 fd637b06 6cf47bc1: going to reseed nonblocking with 128 bits (128 of 0 requested)
[    5.768130] random 0062 0000 0000 fd637b06 6cf47bc1: extract_entropy(.. 16 ..)
[    5.768133] random 0062 0000 0000 fd637b06 6cf47bc1: trying to extract 128 bits from input
[    5.768135] random 0062 0000 0000 fd637b06 6cf47bc1: debiting 0 entropy credits from input
[    5.768137] random 0062 0000 0000 fd637b06 6cf47bc1: extract_entropy account returned: 0 
[    5.768140] random 0062 0000 0000 fd637b06 6cf47bc1: urand_change_num 50 xfer_secondary_pool(16): pool_sig 0000033b, data_sig 00000000, bytes_mixed 0 fd637b06 6cf47bc1
[    5.768143] random 0062 0000 0000 fd637b06 6cf47bc1: trying to extract 128 bits from nonblocking
[    5.768145] random 0062 0000 0000 fd637b06 6cf47bc1: debiting 128 entropy credits from nonblocking (unlimited)
[    5.768148] random 0062 0000 0000 fd637b06 6cf47bc1: extract_entropy account returned: 16 
[    5.768152] random 0062 0000 0000 fd637b06 6cf47bc1: urand_change_num 51 extract_buf: pool_sig 0000033b, data_sig 000000d8, bytes_mixed 20 fd637b06 6cf47bc1
[    5.768157] random 0062 0000 0000 0ec1f012 d4727ca8: urand_change_num 52 extract_buf: pool_sig fffffcf5, data_sig 00000016, bytes_mixed 20 0ec1f012 d4727ca8
[    5.774853] random 0062 0000 0000 45b1d0b1 845a73f7: add_disk_randomness(8:0) 45b1d0b1 845a73f7
[    5.774856] random 0062 0000 0000 45b1d0b1 845a73f7: add_timer_randomness(.. 8388864) with jiffies: 14902648571285963349, cycles: -3544095506718261237
[    5.782077] random 0062 0000 0000 45b1d0b1 845a73f7: add_disk_randomness(8:0) 45b1d0b1 845a73f7
[    5.782080] random 0062 0000 0000 45b1d0b1 845a73f7: add_timer_randomness(.. 8388864) with jiffies: 14967626538801660509, cycles: -3479117539202564085
[    5.782082] random 0062 0000 0000 45b1d0b1 845a73f7: added 1 entropy credits to input
[    5.790096] random 0063 0000 0000 45b1d0b1 845a73f7: add_disk_randomness(8:0) 45b1d0b1 845a73f7
[    5.790099] random 0063 0000 0000 45b1d0b1 845a73f7: add_timer_randomness(.. 8388864) with jiffies: 15039772518971572837, cycles: -3406971559032651765
[    5.799498] random 0063 0000 0000 45b1d0b1 845a73f7: add_disk_randomness(8:0) 45b1d0b1 845a73f7
[    5.799501] random 0063 0000 0000 45b1d0b1 845a73f7: add_timer_randomness(.. 8388864) with jiffies: 15124365541998559854, cycles: -3322378536005664757
[    5.802648] random 0063 0000 0000 45b1d0b1 845a73f7: add_disk_randomness(8:0) 45b1d0b1 845a73f7
[    5.802651] random 0063 0000 0000 45b1d0b1 845a73f7: add_timer_randomness(.. 8388864) with jiffies: 15152702022525616753, cycles: -3294042055478607861
[    5.802654] random 0063 0000 0000 45b1d0b1 845a73f7: added 1 entropy credits to input
[    5.816915] random 0064 0000 0000 45b1d0b1 845a73f7: add_disk_randomness(8:0) 45b1d0b1 845a73f7
[    5.816918] random 0064 0000 0000 45b1d0b1 845a73f7: add_timer_randomness(.. 8388864) with jiffies: 15281042397018686080, cycles: -3165701680985538549
[    5.816921] random 0064 0000 0000 45b1d0b1 845a73f7: added 3 entropy credits to input
[    5.822308] random 0067 0000 0000 45b1d0b1 845a73f7: add_disk_randomness(8:0) 45b1d0b1 845a73f7
[    5.822311] random 0067 0000 0000 45b1d0b1 845a73f7: add_timer_randomness(.. 8388864) with jiffies: 15329566804384907909, cycles: -3117177273619316725
[    5.822314] random 0067 0000 0000 45b1d0b1 845a73f7: added 2 entropy credits to input
[    5.827483] random 0069 0000 0000 45b1d0b1 845a73f7: add_disk_randomness(8:0) 45b1d0b1 845a73f7
[    5.827486] random 0069 0000 0000 45b1d0b1 845a73f7: add_timer_randomness(.. 8388864) with jiffies: 15376127947840389770, cycles: -3070616130163834869
[    5.839854] random 0069 0000 0000 45b1d0b1 845a73f7: add_disk_randomness(8:0) 45b1d0b1 845a73f7
[    5.839858] random 0069 0000 0000 45b1d0b1 845a73f7: add_timer_randomness(.. 8388864) with jiffies: 15487429040313959062, cycles: -2959315037690265589
[    5.839863] random 0069 0000 0000 45b1d0b1 845a73f7: added 2 entropy credits to input
[    5.853143] random 0071 0000 0000 45b1d0b1 845a73f7: add_disk_randomness(8:0) 45b1d0b1 845a73f7
[    5.853146] random 0071 0000 0000 45b1d0b1 845a73f7: add_timer_randomness(.. 8388864) with jiffies: 15606961532099592868, cycles: -2839782545904631797
[    5.853148] random 0071 0000 0000 45b1d0b1 845a73f7: added 1 entropy credits to input
[    5.860675] random 0072 0000 0000 45b1d0b1 845a73f7: add_disk_randomness(8:0) 45b1d0b1 845a73f7
[    5.860678] random 0072 0000 0000 45b1d0b1 845a73f7: add_timer_randomness(.. 8388864) with jiffies: 15674732684351603371, cycles: -2772011393652621301
[    5.860680] random 0072 0000 0000 45b1d0b1 845a73f7: added 2 entropy credits to input
[    5.870278] random 0074 0000 0000 45b1d0b1 845a73f7: add_disk_randomness(8:0) 45b1d0b1 845a73f7
[    5.870281] random 0074 0000 0000 45b1d0b1 845a73f7: add_timer_randomness(.. 8388864) with jiffies: 15761122283608572597, cycles: -2685621794395652085
[    5.870284] random 0074 0000 0000 45b1d0b1 845a73f7: added 1 entropy credits to input
[    5.877806] random 0075 0000 0000 45b1d0b1 845a73f7: add_disk_randomness(8:0) 45b1d0b1 845a73f7
[    5.877809] random 0075 0000 0000 45b1d0b1 845a73f7: add_timer_randomness(.. 8388864) with jiffies: 15828856408947524284, cycles: -2617887669056700405
[    5.877812] random 0075 0000 0000 45b1d0b1 845a73f7: added 1 entropy credits to input
[    5.887825] random 0076 0000 0000 45b1d0b1 845a73f7: add_disk_randomness(8:0) 45b1d0b1 845a73f7
[    5.887828] random 0076 0000 0000 45b1d0b1 845a73f7: add_timer_randomness(.. 8388864) with jiffies: 15918985198142456518, cycles: -2527758879861768181
[    5.887831] random 0076 0000 0000 45b1d0b1 845a73f7: added 1 entropy credits to input
[    5.900707] random 0077 0000 0000 45b1d0b1 845a73f7: add_disk_randomness(8:0) 45b1d0b1 845a73f7
[    5.900710] random 0077 0000 0000 45b1d0b1 845a73f7: add_timer_randomness(.. 8388864) with jiffies: 16034876141776634579, cycles: -2411867936227590133
[    5.908066] random 0077 0000 0000 45b1d0b1 845a73f7: add_disk_randomness(8:0) 45b1d0b1 845a73f7
[    5.908069] random 0077 0000 0000 45b1d0b1 845a73f7: add_timer_randomness(.. 8388864) with jiffies: 16101073759745311451, cycles: -2345670318258913269
[    5.908072] random 0077 0000 0000 45b1d0b1 845a73f7: added 2 entropy credits to input
[    5.913313] random 0079 0000 0000 45b1d0b1 845a73f7: add_disk_randomness(8:0) 45b1d0b1 845a73f7
[    5.913316] random 0079 0000 0000 45b1d0b1 845a73f7: add_timer_randomness(.. 8388864) with jiffies: 16148278534114869984, cycles: -2298465543889354741
[    5.913319] random 0079 0000 0000 45b1d0b1 845a73f7: added 1 entropy credits to input
[    5.919753] random 0080 0000 0000 45b1d0b1 845a73f7: add_disk_randomness(8:0) 45b1d0b1 845a73f7
[    5.919756] random 0080 0000 0000 45b1d0b1 845a73f7: add_timer_randomness(.. 8388864) with jiffies: 16206224051029115622, cycles: -2240520026975109109
[    5.924807] random 0080 0000 0000 45b1d0b1 845a73f7: add_disk_randomness(8:0) 45b1d0b1 845a73f7
[    5.924810] random 0080 0000 0000 45b1d0b1 845a73f7: add_timer_randomness(.. 8388864) with jiffies: 16251691455292867307, cycles: -2195052622711357429
[    5.930708] random 0080 0000 0000 45b1d0b1 845a73f7: add_disk_randomness(8:0) 45b1d0b1 845a73f7
[    5.930711] random 0080 0000 0000 45b1d0b1 845a73f7: add_timer_randomness(.. 8388864) with jiffies: 16304776624006202097, cycles: -2141967453998022645
[    5.940063] random 0080 0000 0000 45b1d0b1 845a73f7: add_disk_randomness(8:0) 45b1d0b1 845a73f7
[    5.940066] random 0080 0000 0000 45b1d0b1 845a73f7: add_timer_randomness(.. 8388864) with jiffies: 16388930533871813371, cycles: -2057813544132411381
[    5.940069] random 0080 0000 0000 45b1d0b1 845a73f7: added 1 entropy credits to input
[    5.944941] random 0081 0000 0000 45b1d0b1 845a73f7: add_disk_randomness(8:0) 45b1d0b1 845a73f7
[    5.944944] random 0081 0000 0000 45b1d0b1 845a73f7: add_timer_randomness(.. 8388864) with jiffies: 16432807949832520448, cycles: -2013936128171704309
[    5.944947] random 0081 0000 0000 45b1d0b1 845a73f7: added 2 entropy credits to input
[    5.952377] random 0083 0000 0000 45b1d0b1 845a73f7: add_disk_randomness(8:0) 45b1d0b1 845a73f7
[    5.952380] random 0083 0000 0000 45b1d0b1 845a73f7: add_timer_randomness(.. 8388864) with jiffies: 16499711746324005639, cycles: -1947032331680219125
[    5.952383] random 0083 0000 0000 45b1d0b1 845a73f7: added 1 entropy credits to input
[    5.958595] random 0084 0000 0000 45b1d0b1 845a73f7: add_disk_randomness(8:0) 45b1d0b1 845a73f7
[    5.958598] random 0084 0000 0000 45b1d0b1 845a73f7: add_timer_randomness(.. 8388864) with jiffies: 16555659862927442701, cycles: -1891084215076782069
[    5.958743] random 0084 0000 0000 45b1d0b1 845a73f7: add_disk_randomness(8:0) 45b1d0b1 845a73f7
[    5.958747] random 0084 0000 0000 45b1d0b1 845a73f7: add_timer_randomness(.. 8388864) with jiffies: 16556994695813366541, cycles: -1889749382190858229
[    5.973158] random 0084 0000 0000 45b1d0b1 845a73f7: add_disk_randomness(8:0) 45b1d0b1 845a73f7
[    5.973161] random 0084 0000 0000 45b1d0b1 845a73f7: add_timer_randomness(.. 8388864) with jiffies: 16686664667627225884, cycles: -1760079410376998901
[    5.973164] random 0084 0000 0000 45b1d0b1 845a73f7: added 3 entropy credits to input
[    5.980577] random 0087 0000 0000 45b1d0b1 845a73f7: add_disk_randomness(8:0) 45b1d0b1 845a73f7
[    5.980580] random 0087 0000 0000 45b1d0b1 845a73f7: add_timer_randomness(.. 8388864) with jiffies: 16753417345694401315, cycles: -1693326732309823477
[    5.980583] random 0087 0000 0000 45b1d0b1 845a73f7: added 2 entropy credits to input
[    5.990257] random 0089 0000 0000 45b1d0b1 845a73f7: add_disk_randomness(8:0) 45b1d0b1 845a73f7
[    5.990260] random 0089 0000 0000 45b1d0b1 845a73f7: add_timer_randomness(.. 8388864) with jiffies: 16840495037366895405, cycles: -1606249040637329397
[    5.990263] random 0089 0000 0000 45b1d0b1 845a73f7: added 1 entropy credits to input
[    6.000887] random 0090 0000 0000 45b1d0b1 845a73f7: add_disk_randomness(8:0) 45b1d0b1 845a73f7
[    6.000890] random 0090 0000 0000 45b1d0b1 845a73f7: add_timer_randomness(.. 8388864) with jiffies: 16936120538592150328, cycles: -1510623539412074485
[    6.013406] random 0090 0000 0000 45b1d0b1 845a73f7: add_disk_randomness(8:0) 45b1d0b1 845a73f7
[    6.013409] random 0090 0000 0000 45b1d0b1 845a73f7: add_timer_randomness(.. 8388864) with jiffies: 17048756502606349124, cycles: -1397987575397875701
[    6.014611] random 0090 0000 0000 45b1d0b1 845a73f7: add_disk_randomness(8:0) 45b1d0b1 845a73f7
[    6.014614] random 0090 0000 0000 45b1d0b1 845a73f7: add_timer_randomness(.. 8388864) with jiffies: 17059600655078622021, cycles: -1387143422925602805
[    6.018630] random 0090 0000 0000 45b1d0b1 845a73f7: add_disk_randomness(8:0) 45b1d0b1 845a73f7
[    6.018633] random 0090 0000 0000 45b1d0b1 845a73f7: add_timer_randomness(.. 8388864) with jiffies: 17095755406308508489, cycles: -1350988671695716341
[    6.018636] random 0090 0000 0000 45b1d0b1 845a73f7: added 1 entropy credits to input
[    6.027979] random 0091 0000 0000 45b1d0b1 845a73f7: add_disk_randomness(8:0) 45b1d0b1 845a73f7
[    6.027982] random 0091 0000 0000 45b1d0b1 845a73f7: add_timer_randomness(.. 8388864) with jiffies: 17179849654783411027, cycles: -1266894423220813813
[    6.027985] random 0091 0000 0000 45b1d0b1 845a73f7: added 1 entropy credits to input
[    6.028324] random 0092 0000 0000 45b1d0b1 845a73f7: add_disk_randomness(8:0) 45b1d0b1 845a73f7
[    6.028327] random 0092 0000 0000 45b1d0b1 845a73f7: add_timer_randomness(.. 8388864) with jiffies: 17182955135181751123, cycles: -1263788942822473717
[    6.043987] random 0092 0000 0000 45b1d0b1 845a73f7: add_disk_randomness(8:0) 45b1d0b1 845a73f7
[    6.043990] random 0092 0000 0000 45b1d0b1 845a73f7: add_timer_randomness(.. 8388864) with jiffies: 17323862867450757987, cycles: -1122881210553466869
[    6.043993] random 0092 0000 0000 45b1d0b1 845a73f7: added 4 entropy credits to input
[    6.045617] random 0096 0000 0000 45b1d0b1 845a73f7: add_disk_randomness(8:0) 45b1d0b1 845a73f7
[    6.045620] random 0096 0000 0000 45b1d0b1 845a73f7: add_timer_randomness(.. 8388864) with jiffies: 17338533603855532900, cycles: -1108210474148691957
[    6.045762] random 0096 0000 0000 45b1d0b1 845a73f7: add_disk_randomness(8:0) 45b1d0b1 845a73f7
[    6.045765] random 0096 0000 0000 45b1d0b1 845a73f7: add_timer_randomness(.. 8388864) with jiffies: 17339847331272164196, cycles: -1106896746732060661
[    6.056641] random 0096 0000 0000 45b1d0b1 845a73f7: add_disk_randomness(8:0) 45b1d0b1 845a73f7
[    6.056643] random 0096 0000 0000 45b1d0b1 845a73f7: add_timer_randomness(.. 8388864) with jiffies: 17437709063054656367, cycles: -1009035014949568501
[    6.056646] random 0096 0000 0000 45b1d0b1 845a73f7: added 3 entropy credits to input
[    6.057207] random 0099 0000 0000 45b1d0b1 845a73f7: add_disk_randomness(8:0) 45b1d0b1 845a73f7
[    6.057210] random 0099 0000 0000 45b1d0b1 845a73f7: add_timer_randomness(.. 8388864) with jiffies: 17442798229933228912, cycles: -1003945848070995957
[    6.062437] random 0099 0000 0000 45b1d0b1 845a73f7: add_disk_randomness(8:0) 45b1d0b1 845a73f7
[    6.062440] random 0099 0000 0000 45b1d0b1 845a73f7: add_timer_randomness(.. 8388864) with jiffies: 17489855669744665461, cycles: -956888408259559413
[    6.062443] random 0099 0000 0000 45b1d0b1 845a73f7: added 2 entropy credits to input
[    6.064192] random 0101 0000 0000 45b1d0b1 845a73f7: add_disk_randomness(8:0) 45b1d0b1 845a73f7
[    6.064195] random 0101 0000 0000 45b1d0b1 845a73f7: add_timer_randomness(.. 8388864) with jiffies: 17505636835584082807, cycles: -941107242420142069
[    6.064198] random 0101 0000 0000 45b1d0b1 845a73f7: added 1 entropy credits to input
[    6.074425] random 0102 0000 0000 45b1d0b1 845a73f7: add_disk_randomness(8:0) 45b1d0b1 845a73f7
