[    0.000000] random 0000 0000 0000 00000000 00000000: rand_read_num 1 get_random_bytes(8): sig 00000000 00000000 00000000
[    0.000000] random 0000 0000 0000 00000000 00000000: extract_entropy(.. 8 ..)
[    0.000000] random 0000 0000 0000 00000000 00000000: going to reseed nonblocking with 64 bits (64 of 0 requested)
[    0.000000] random 0000 0000 0000 00000000 00000000: extract_entropy(.. 8 ..)
[    0.000000] random 0000 0000 0000 00000000 00000000: trying to extract 64 bits from input
[    0.000000] random 0000 0000 0000 00000000 00000000: debiting 0 entropy credits from input
[    0.000000] random 0000 0000 0000 00000000 00000000: extract_entropy account returned: 0 
[    0.000000] random 0000 0000 0000 00000000 00000000: urand_change_num 1 xfer_secondary_pool(8): pool_sig 00000000, data_sig 00000000, bytes_mixed 0 00000000 00000000
[    0.000000] random 0000 0000 0000 00000000 00000000: trying to extract 64 bits from nonblocking
[    0.000000] random 0000 0000 0000 00000000 00000000: debiting 64 entropy credits from nonblocking (unlimited)
[    0.000000] random 0000 0000 0000 00000000 00000000: extract_entropy account returned: 8 
[    0.000000] random 0000 0000 0000 00000000 00000000: urand_change_num 2 extract_buf: pool_sig 00000000, data_sig fffffff9, bytes_mixed 20 00000000 00000000
[    0.000000] Linux version 2.6.32.57 (dcashman@dcashman-02) (gcc version 4.3.3 (GCC) ) #6 Thu May 30 09:02:12 PDT 2013
[    0.000000] KERNEL supported cpus:
[    0.000000]   Intel GenuineIntel
[    0.000000]   AMD AuthenticAMD
[    0.000000]   NSC Geode by NSC
[    0.000000]   Cyrix CyrixInstead
[    0.000000]   Centaur CentaurHauls
[    0.000000]   Transmeta GenuineTMx86
[    0.000000]   Transmeta TransmetaCPU
[    0.000000]   UMC UMC UMC UMC
[    0.000000] BIOS-provided physical RAM map:
[    0.000000]  BIOS-e820: 0000000000000000 - 000000000009d800 (usable)
[    0.000000]  BIOS-e820: 000000000009d800 - 00000000000a0000 (reserved)
[    0.000000]  BIOS-e820: 00000000000d2000 - 00000000000d4000 (reserved)
[    0.000000]  BIOS-e820: 00000000000e0000 - 0000000000100000 (reserved)
[    0.000000]  BIOS-e820: 0000000000100000 - 000000003d6b0000 (usable)
[    0.000000]  BIOS-e820: 000000003d6b0000 - 000000003d6cc000 (ACPI data)
[    0.000000]  BIOS-e820: 000000003d6cc000 - 000000003d700000 (ACPI NVS)
[    0.000000]  BIOS-e820: 000000003d700000 - 000000003e000000 (reserved)
[    0.000000]  BIOS-e820: 00000000f0000000 - 00000000f4000000 (reserved)
[    0.000000]  BIOS-e820: 00000000fec00000 - 00000000fec10000 (reserved)
[    0.000000]  BIOS-e820: 00000000fed00000 - 00000000fed00400 (reserved)
[    0.000000]  BIOS-e820: 00000000fed14000 - 00000000fed1a000 (reserved)
[    0.000000]  BIOS-e820: 00000000fed1c000 - 00000000fed90000 (reserved)
[    0.000000]  BIOS-e820: 00000000fee00000 - 00000000fee01000 (reserved)
[    0.000000]  BIOS-e820: 00000000ff000000 - 0000000100000000 (reserved)
[    0.000000] DMI present.
[    0.000000] last_pfn = 0x3d6b0 max_arch_pfn = 0x100000
[    0.000000] MTRR default type: uncachable
[    0.000000] MTRR fixed ranges enabled:
[    0.000000]   00000-9FFFF write-back
[    0.000000]   A0000-BFFFF uncachable
[    0.000000]   C0000-CFFFF write-protect
[    0.000000]   D0000-DFFFF uncachable
[    0.000000]   E0000-FFFFF write-protect
[    0.000000] MTRR variable ranges enabled:
[    0.000000]   0 base 03E000000 mask FFE000000 uncachable
[    0.000000]   1 base 000000000 mask FC0000000 write-back
[    0.000000]   2 base 03D700000 mask FFFF00000 uncachable
[    0.000000]   3 base 03D800000 mask FFF800000 uncachable
[    0.000000]   4 disabled
[    0.000000]   5 disabled
[    0.000000]   6 disabled
[    0.000000]   7 disabled
[    0.000000] initial memory mapped : 0 - 02000000
[    0.000000] init_memory_mapping: 0000000000000000-00000000377fe000
[    0.000000]  0000000000 - 0000400000 page 4k
[    0.000000]  0000400000 - 0037400000 page 2M
[    0.000000]  0037400000 - 00377fe000 page 4k
[    0.000000] kernel direct mapping tables up to 377fe000 @ 7000-c000
[    0.000000] ACPI: RSDP 000f68d0 00024 (v02 LENOVO)
[    0.000000] ACPI: XSDT 3d6bb77f 00094 (v01 LENOVO TP-7L    00002170  LTP 00000000)
[    0.000000] ACPI: FACP 3d6bb900 000F4 (v03 LENOVO TP-7L    00002170 LNVO 00000001)
[    0.000000] ACPI Warning: 32/64X length mismatch in Gpe1Block: 0/32 (20090903/tbfadt-526)
[    0.000000] ACPI Warning: Optional field Gpe1Block has zero address or length: 000000000000102C/0 (20090903/tbfadt-557)
[    0.000000] ACPI: DSDT 3d6bbd1d 0FED1 (v01 LENOVO TP-7L    00002170 MSFT 03000000)
[    0.000000] ACPI: FACS 3d6e4000 00040
[    0.000000] ACPI: SSDT 3d6bbab4 00269 (v01 LENOVO TP-7L    00002170 MSFT 03000000)
[    0.000000] ACPI: ECDT 3d6cbbee 00052 (v01 LENOVO TP-7L    00002170 LNVO 00000001)
[    0.000000] ACPI: TCPA 3d6cbc40 00032 (v02 LENOVO TP-7L    00002170 LNVO 00000001)
[    0.000000] ACPI: APIC 3d6cbc72 00068 (v01 LENOVO TP-7L    00002170 LNVO 00000001)
[    0.000000] ACPI: MCFG 3d6cbcda 0003C (v01 LENOVO TP-7L    00002170 LNVO 00000001)
[    0.000000] ACPI: HPET 3d6cbd16 00038 (v01 LENOVO TP-7L    00002170 LNVO 00000001)
[    0.000000] ACPI: SLIC 3d6cbdf0 00176 (v01 LENOVO TP-7L    00002170  LTP 00000000)
[    0.000000] ACPI: BOOT 3d6cbf66 00028 (v01 LENOVO TP-7L    00002170  LTP 00000001)
[    0.000000] ACPI: ASF! 3d6cbf8e 00072 (v16 LENOVO TP-7L    00002170 PTL  00000001)
[    0.000000] ACPI: SSDT 3d6e26d9 0025F (v01 LENOVO TP-7L    00002170 INTL 20050513)
[    0.000000] ACPI: SSDT 3d6e2938 000A6 (v01 LENOVO TP-7L    00002170 INTL 20050513)
[    0.000000] ACPI: SSDT 3d6e29de 004F7 (v01 LENOVO TP-7L    00002170 INTL 20050513)
[    0.000000] ACPI: SSDT 3d6e2ed5 001D8 (v01 LENOVO TP-7L    00002170 INTL 20050513)
[    0.000000] ACPI: DMI detected: Lenovo ThinkPad R61
[    0.000000] ACPI: Added _OSI(Linux)
[    0.000000] ACPI: Local APIC address 0xfee00000
[    0.000000] 94MB HIGHMEM available.
[    0.000000] 887MB LOWMEM available.
[    0.000000]   mapped low ram: 0 - 377fe000
[    0.000000]   low ram: 0 - 377fe000
[    0.000000]   node 0 low ram: 00000000 - 377fe000
[    0.000000]   node 0 bootmap 00008000 - 0000ef00
[    0.000000] (6 early reservations) ==> bootmem [0000000000 - 00377fe000]
[    0.000000]   #0 [0000000000 - 0000001000]   BIOS data page ==> [0000000000 - 0000001000]
[    0.000000]   #1 [0001000000 - 0001bdc180]    TEXT DATA BSS ==> [0001000000 - 0001bdc180]
[    0.000000]   #2 [000009d800 - 0000100000]    BIOS reserved ==> [000009d800 - 0000100000]
[    0.000000]   #3 [0001bdd000 - 0001be516c]              BRK ==> [0001bdd000 - 0001be516c]
[    0.000000]   #4 [0000007000 - 0000008000]          PGTABLE ==> [0000007000 - 0000008000]
[    0.000000]   #5 [0000008000 - 000000f000]          BOOTMAP ==> [0000008000 - 000000f000]
[    0.000000] found SMP MP-table at [c00f6900] f6900
[    0.000000] Zone PFN ranges:
[    0.000000]   DMA      0x00000000 -> 0x00001000
[    0.000000]   Normal   0x00001000 -> 0x000377fe
[    0.000000]   HighMem  0x000377fe -> 0x0003d6b0
[    0.000000] Movable zone start PFN for each node
[    0.000000] early_node_map[2] active PFN ranges
[    0.000000]     0: 0x00000000 -> 0x0000009d
[    0.000000]     0: 0x00000100 -> 0x0003d6b0
[    0.000000] On node 0 totalpages: 251469
[    0.000000] free_area_init_node: node 0, pgdat c1901ea0, node_mem_map c1be7000
[    0.000000]   DMA zone: 32 pages used for memmap
[    0.000000]   DMA zone: 0 pages reserved
[    0.000000]   DMA zone: 3965 pages, LIFO batch:0
[    0.000000]   Normal zone: 1744 pages used for memmap
[    0.000000]   Normal zone: 221486 pages, LIFO batch:31
[    0.000000]   HighMem zone: 190 pages used for memmap
[    0.000000]   HighMem zone: 24052 pages, LIFO batch:3
[    0.000000] Using APIC driver default
[    0.000000] ACPI: PM-Timer IO Port: 0x1008
[    0.000000] ACPI: Local APIC address 0xfee00000
[    0.000000] ACPI: LAPIC (acpi_id[0x00] lapic_id[0x00] enabled)
[    0.000000] ACPI: LAPIC (acpi_id[0x01] lapic_id[0x01] enabled)
[    0.000000] ACPI: NR_CPUS/possible_cpus limit of 1 reached.  Processor 1/0x1 ignored.
[    0.000000] ACPI: LAPIC_NMI (acpi_id[0x00] high edge lint[0x1])
[    0.000000] ACPI: LAPIC_NMI (acpi_id[0x01] high edge lint[0x1])
[    0.000000] ACPI: IOAPIC (id[0x01] address[0xfec00000] gsi_base[0])
[    0.000000] IOAPIC[0]: apic_id 1, version 32, address 0xfec00000, GSI 0-23
[    0.000000] ACPI: INT_SRC_OVR (bus 0 bus_irq 0 global_irq 2 dfl dfl)
[    0.000000] ACPI: INT_SRC_OVR (bus 0 bus_irq 9 global_irq 9 high level)
[    0.000000] ACPI: IRQ0 used by override.
[    0.000000] ACPI: IRQ2 used by override.
[    0.000000] ACPI: IRQ9 used by override.
[    0.000000] Using ACPI (MADT) for SMP configuration information
[    0.000000] ACPI: HPET id: 0x8086a201 base: 0xfed00000
[    0.000000] nr_irqs_gsi: 24
[    0.000000] PM: Registered nosave memory: 000000000009d000 - 000000000009e000
[    0.000000] PM: Registered nosave memory: 000000000009e000 - 00000000000a0000
[    0.000000] PM: Registered nosave memory: 00000000000a0000 - 00000000000d2000
[    0.000000] PM: Registered nosave memory: 00000000000d2000 - 00000000000d4000
[    0.000000] PM: Registered nosave memory: 00000000000d4000 - 00000000000e0000
[    0.000000] PM: Registered nosave memory: 00000000000e0000 - 0000000000100000
[    0.000000] Allocating PCI resources starting at 3e000000 (gap: 3e000000:b2000000)
[    0.000000] Built 1 zonelists in Zone order, mobility grouping on.  Total pages: 249503
[    0.000000] Kernel command line: auto BOOT_IMAGE=Linux ro root=802 vt.default_utf8=0 maxcpus=0
[    0.000000] PID hash table entries: 4096 (order: 2, 16384 bytes)
[    0.000000] Dentry cache hash table entries: 131072 (order: 7, 524288 bytes)
[    0.000000] Inode-cache hash table entries: 65536 (order: 6, 262144 bytes)
[    0.000000] Enabling fast FPU save and restore... done.
[    0.000000] Enabling unmasked SIMD FPU exception support... done.
[    0.000000] Initializing CPU#0
[    0.000000] Initializing HighMem for node 0 (000377fe:0003d6b0)
[    0.000000] Memory: 984800k/1006272k available (6915k kernel code, 20876k reserved, 2327k data, 448k init, 96968k highmem)
[    0.000000] virtual kernel memory layout:
[    0.000000]     fixmap  : 0xfffa3000 - 0xfffff000   ( 368 kB)
[    0.000000]     pkmap   : 0xff800000 - 0xffc00000   (4096 kB)
[    0.000000]     vmalloc : 0xf7ffe000 - 0xff7fe000   ( 120 MB)
[    0.000000]     lowmem  : 0xc0000000 - 0xf77fe000   ( 887 MB)
[    0.000000]       .init : 0xc1907000 - 0xc1977000   ( 448 kB)
[    0.000000]       .data : 0xc16c0d3f - 0xc1906c64   (2327 kB)
[    0.000000]       .text : 0xc1000000 - 0xc16c0d3f   (6915 kB)
[    0.000000] Checking if this processor honours the WP bit even in supervisor mode...Ok.
[    0.000000] SLUB: Genslabs=13, HWalign=64, Order=0-3, MinObjects=0, CPUs=1, Nodes=1
[    0.000000] Hierarchical RCU implementation.
[    0.000000] NR_IRQS:288
[    0.000000] Extended CMOS year: 2000
[    0.000000] Console: colour VGA+ 80x25
[    0.000000] console [tty0] enabled
[    0.000000] hpet clockevent registered
[    0.000000] Fast TSC calibration using PIT
[    0.000000] Detected 2094.356 MHz processor.
[    0.001002] Calibrating delay loop (skipped), value calculated using timer frequency.. 4188.71 BogoMIPS (lpj=2094356)
[    0.001167] Security Framework initialized
[    0.001251] Mount-cache hash table entries: 512
[    0.001394] CPU: L1 I cache: 32K, L1 D cache: 32K
[    0.002002] CPU: L2 cache: 3072K
[    0.002083] mce: CPU supports 6 MCE banks
[    0.002165] CPU0: Thermal monitoring enabled (TM2)
[    0.002245] using mwait in idle threads.
[    0.002328] CPU: Intel(R) Core(TM)2 Duo CPU     T8100  @ 2.10GHz stepping 06
[    0.002504] Checking 'hlt' instruction... OK.
[    0.006930] ACPI: Core revision 20090903
[    0.026011] RANDOM get_random_int first call with cycles 38330265981, jiffies 4294667322 and pid 0
[    0.026019] CANARY value: 8809ae26 for PID: 1
[    0.026025] CANARY value: bfe7bed9 for PID: 2
[    0.026050] Enabling APIC mode:  Flat.  Using 1 I/O APICs
[    0.026503] ..TIMER: vector=0x30 apic1=0 pin1=2 apic2=-1 pin2=-1
[    0.036997] xor: automatically using best checksumming function: pIII_sse
[    0.040998]    pIII_sse  :  8568.000 MB/sec
[    0.041087] xor: using function: pIII_sse (8568.000 MB/sec)
[    0.041179] RANDOM - __seed init called.
[    0.041180] RANDOM - __seed init called.
[    0.041181] RANDOM - __seed init called.
[    0.041183] RANDOM - __random32 called. Change num 1.  Value: e6b75c0e	845fdb3c	4764ecc7
[    0.041185] RANDOM - __random32 called. Change num 2.  Value: 75c0e1a6	45fdb3ca	d98f8871
[    0.041187] RANDOM - __random32 called. Change num 3.  Value: e1a6d3e	5fdb3ca9	10e2be79
[    0.041188] RANDOM - __random32 called. Change num 4.  Value: a6d3e877	fdb3ca90	7cf2fee9
[    0.041190] RANDOM - __random32 called. Change num 5.  Value: 3e877b7b	db3ca905	fdd36ca1
[    0.041192] RANDOM - __random32 called. Change num 6.  Value: 77b7ba3d	b3ca905b	d9426901
[    0.041193] RANDOM - random32 init called.  Value: 77b7ba3d	b3ca905b	d9426901
[    0.041210] NET: Registered protocol family 16
[    0.041470] ACPI FADT declares the system doesn't support PCIe ASPM, so disable it
[    0.041593] ACPI: bus type pci registered
[    0.041763] PCI: MCFG configuration 0: base f0000000 segment 0 buses 0 - 63
[    0.041849] PCI: MCFG area at f0000000 reserved in E820
[    0.041941] PCI: Using MMCONFIG for extended config space
[    0.042002] PCI: Using configuration type 1 for base access
[    0.045119] bio: create slab <bio-0> at 0
[    0.045930] ACPI: EC: EC description table is found, configuring boot EC
[    0.051085] ACPI: BIOS _OSI(Linux) query honored via DMI
[    0.051814] random 0000 0000 0000 00000000 00000000: rand_read_num 2 get_random_bytes(8): sig fffffe1a 00000000 00000000
[    0.051816] random 0000 0000 0000 00000000 00000000: extract_entropy(.. 8 ..)
[    0.051819] random 0000 0000 0000 00000000 00000000: going to reseed nonblocking with 64 bits (64 of 0 requested)
[    0.051821] random 0000 0000 0000 00000000 00000000: extract_entropy(.. 8 ..)
[    0.051823] random 0000 0000 0000 00000000 00000000: trying to extract 64 bits from input
[    0.051826] random 0000 0000 0000 00000000 00000000: debiting 0 entropy credits from input
[    0.051828] random 0000 0000 0000 00000000 00000000: extract_entropy account returned: 0 
[    0.051830] random 0000 0000 0000 00000000 00000000: urand_change_num 3 xfer_secondary_pool(8): pool_sig fffffe1a, data_sig 00000000, bytes_mixed 0 00000000 00000000
[    0.051860] random 0000 0000 0000 00000000 00000000: trying to extract 64 bits from nonblocking
[    0.051862] random 0000 0000 0000 00000000 00000000: debiting 64 entropy credits from nonblocking (unlimited)
[    0.051864] random 0000 0000 0000 00000000 00000000: extract_entropy account returned: 8 
[    0.051868] random 0000 0000 0000 00000000 00000000: urand_change_num 4 extract_buf: pool_sig fffffe1a, data_sig fffffed7, bytes_mixed 20 00000000 00000000
[    0.057375] ACPI: Interpreter enabled
[    0.057456] ACPI: (supports S0 S3 S4 S5)
[    0.057736] ACPI: Using IOAPIC for interrupt routing
[    0.067556] ACPI: EC: GPE = 0x12, I/O: command/status = 0x66, data = 0x62
[    0.067867] ACPI: Power Resource [PUBS] (on)
[    0.070022] ACPI: ACPI Dock Station Driver: 3 docks/bays found
[    0.070440] ACPI: PCI Root Bridge [PCI0] (0000:00)
[    0.070603] pci 0000:00:02.0: reg 10 64bit mmio: [0xf8100000-0xf81fffff]
[    0.070609] pci 0000:00:02.0: reg 18 64bit mmio pref: [0xe0000000-0xefffffff]
[    0.070613] pci 0000:00:02.0: reg 20 io port: [0x1800-0x1807]
[    0.070648] pci 0000:00:02.1: reg 10 64bit mmio: [0xf8200000-0xf82fffff]
[    0.070748] pci 0000:00:19.0: reg 10 32bit mmio: [0xfe000000-0xfe01ffff]
[    0.070755] pci 0000:00:19.0: reg 14 32bit mmio: [0xfe025000-0xfe025fff]
[    0.070764] pci 0000:00:19.0: reg 18 io port: [0x1840-0x185f]
[    0.070833] pci 0000:00:19.0: PME# supported from D0 D3hot D3cold
[    0.070918] pci 0000:00:19.0: PME# disabled
[    0.071066] pci 0000:00:1a.0: reg 20 io port: [0x1860-0x187f]
[    0.071160] pci 0000:00:1a.1: reg 20 io port: [0x1880-0x189f]
[    0.071239] pci 0000:00:1a.7: reg 10 32bit mmio: [0xfe226c00-0xfe226fff]
[    0.071324] pci 0000:00:1a.7: PME# supported from D0 D3hot D3cold
[    0.071413] pci 0000:00:1a.7: PME# disabled
[    0.071554] pci 0000:00:1b.0: reg 10 64bit mmio: [0xfe020000-0xfe023fff]
[    0.071644] pci 0000:00:1b.0: PME# supported from D0 D3hot D3cold
[    0.071727] pci 0000:00:1b.0: PME# disabled
[    0.071926] pci 0000:00:1c.0: PME# supported from D0 D3hot D3cold
[    0.071999] pci 0000:00:1c.0: PME# disabled
[    0.072195] pci 0000:00:1c.1: PME# supported from D0 D3hot D3cold
[    0.072286] pci 0000:00:1c.1: PME# disabled
[    0.072483] pci 0000:00:1c.2: PME# supported from D0 D3hot D3cold
[    0.072571] pci 0000:00:1c.2: PME# disabled
[    0.072772] pci 0000:00:1c.3: PME# supported from D0 D3hot D3cold
[    0.072861] pci 0000:00:1c.3: PME# disabled
[    0.073108] pci 0000:00:1c.4: PME# supported from D0 D3hot D3cold
[    0.073198] pci 0000:00:1c.4: PME# disabled
[    0.073362] pci 0000:00:1d.0: reg 20 io port: [0x18a0-0x18bf]
[    0.074060] pci 0000:00:1d.1: reg 20 io port: [0x18c0-0x18df]
[    0.074130] pci 0000:00:1d.2: reg 20 io port: [0x18e0-0x18ff]
[    0.074224] pci 0000:00:1d.7: reg 10 32bit mmio: [0xfe227000-0xfe2273ff]
[    0.074321] pci 0000:00:1d.7: PME# supported from D0 D3hot D3cold
[    0.074411] pci 0000:00:1d.7: PME# disabled
[    0.074687] pci 0000:00:1f.0: quirk: region 1000-107f claimed by ICH6 ACPI/GPIO/TCO
[    0.074813] pci 0000:00:1f.0: quirk: region 1180-11bf claimed by ICH6 GPIO
[    0.074900] pci 0000:00:1f.0: ICH7 LPC Generic IO decode 1 PIO at 1600 (mask 007f)
[    0.074996] pci 0000:00:1f.0: ICH7 LPC Generic IO decode 2 PIO at 15e0 (mask 000f)
[    0.075110] pci 0000:00:1f.0: ICH7 LPC Generic IO decode 3 PIO at 1680 (mask 001f)
[    0.075296] pci 0000:00:1f.1: reg 10 io port: [0x00-0x07]
[    0.075305] pci 0000:00:1f.1: reg 14 io port: [0x00-0x03]
[    0.075317] pci 0000:00:1f.1: reg 18 io port: [0x00-0x07]
[    0.075324] pci 0000:00:1f.1: reg 1c io port: [0x00-0x03]
[    0.075333] pci 0000:00:1f.1: reg 20 io port: [0x1c00-0x1c0f]
[    0.075415] pci 0000:00:1f.2: reg 10 io port: [0x1c50-0x1c57]
[    0.075423] pci 0000:00:1f.2: reg 14 io port: [0x1c44-0x1c47]
[    0.075433] pci 0000:00:1f.2: reg 18 io port: [0x1c48-0x1c4f]
[    0.075442] pci 0000:00:1f.2: reg 1c io port: [0x1c40-0x1c43]
[    0.075451] pci 0000:00:1f.2: reg 20 io port: [0x1c20-0x1c3f]
[    0.075458] pci 0000:00:1f.2: reg 24 32bit mmio: [0xfe226000-0xfe2267ff]
[    0.075518] pci 0000:00:1f.2: PME# supported from D3hot
[    0.075606] pci 0000:00:1f.2: PME# disabled
[    0.075727] pci 0000:00:1f.3: reg 10 32bit mmio: [0xfe227400-0xfe2274ff]
[    0.075751] pci 0000:00:1f.3: reg 20 io port: [0x1c60-0x1c7f]
[    0.075849] pci 0000:00:1c.0: bridge io port: [0x2000-0x2fff]
[    0.075855] pci 0000:00:1c.0: bridge 32bit mmio: [0xfc000000-0xfdffffff]
[    0.075864] pci 0000:00:1c.0: bridge 64bit mmio pref: [0xf8000000-0xf80fffff]
[    0.075938] pci 0000:03:00.0: reg 10 64bit mmio: [0xdf3f0000-0xdf3fffff]
[    0.076167] pci 0000:00:1c.1: bridge io port: [0x3000-0x3fff]
[    0.076173] pci 0000:00:1c.1: bridge 32bit mmio: [0xdc000000-0xdf3fffff]
[    0.076180] pci 0000:00:1c.1: bridge 64bit mmio pref: [0xdfe00000-0xdfefffff]
[    0.076239] pci 0000:00:1c.2: bridge io port: [0x4000-0x4fff]
[    0.076243] pci 0000:00:1c.2: bridge 32bit mmio: [0xd8000000-0xd9ffffff]
[    0.076252] pci 0000:00:1c.2: bridge 64bit mmio pref: [0xdfb00000-0xdfbfffff]
[    0.076310] pci 0000:00:1c.3: bridge io port: [0x5000-0x5fff]
[    0.076316] pci 0000:00:1c.3: bridge 32bit mmio: [0xd4000000-0xd5ffffff]
[    0.076325] pci 0000:00:1c.3: bridge 64bit mmio pref: [0xdf800000-0xdf8fffff]
[    0.076381] pci 0000:00:1c.4: bridge io port: [0x6000-0x6fff]
[    0.076387] pci 0000:00:1c.4: bridge 32bit mmio: [0xd0000000-0xd1ffffff]
[    0.076397] pci 0000:00:1c.4: bridge 64bit mmio pref: [0xdf500000-0xdf5fffff]
[    0.076455] pci 0000:15:00.0: reg 10 32bit mmio: [0xf8300000-0xf8300fff]
[    0.076501] pci 0000:15:00.0: supports D1 D2
[    0.076503] pci 0000:15:00.0: PME# supported from D0 D1 D2 D3hot D3cold
[    0.076588] pci 0000:15:00.0: PME# disabled
[    0.076729] pci 0000:15:00.1: reg 10 32bit mmio: [0xf8301000-0xf83017ff]
[    0.076825] pci 0000:15:00.1: supports D1 D2
[    0.076826] pci 0000:15:00.1: PME# supported from D0 D1 D2 D3hot D3cold
[    0.076921] pci 0000:15:00.1: PME# disabled
[    0.077085] pci 0000:00:1e.0: transparent bridge
[    0.077169] pci 0000:00:1e.0: bridge io port: [0x7000-0xafff]
[    0.077175] pci 0000:00:1e.0: bridge 32bit mmio: [0xf8300000-0xfbffffff]
[    0.077183] pci 0000:00:1e.0: bridge 64bit mmio pref: [0xf4000000-0xf7ffffff]
[    0.077247] pci_bus 0000:00: on NUMA node 0
[    0.077251] ACPI: PCI Interrupt Routing Table [\_SB_.PCI0._PRT]
[    0.077384] ACPI: PCI Interrupt Routing Table [\_SB_.PCI0.EXP0._PRT]
[    0.077444] ACPI: PCI Interrupt Routing Table [\_SB_.PCI0.EXP1._PRT]
[    0.077502] ACPI: PCI Interrupt Routing Table [\_SB_.PCI0.EXP2._PRT]
[    0.077560] ACPI: PCI Interrupt Routing Table [\_SB_.PCI0.EXP3._PRT]
[    0.077622] ACPI: PCI Interrupt Routing Table [\_SB_.PCI0.EXP4._PRT]
[    0.077685] ACPI: PCI Interrupt Routing Table [\_SB_.PCI0.PCI1._PRT]
[    0.083174] ACPI: PCI Interrupt Link [LNKA] (IRQs 3 4 5 6 7 9 *10 11)
[    0.083907] ACPI: PCI Interrupt Link [LNKB] (IRQs 3 4 5 6 7 9 10 *11)
[    0.084610] ACPI: PCI Interrupt Link [LNKC] (IRQs 3 4 5 6 7 9 10 *11)
[    0.085320] ACPI: PCI Interrupt Link [LNKD] (IRQs 3 4 5 6 7 9 10 *11)
[    0.086047] ACPI: PCI Interrupt Link [LNKE] (IRQs 3 4 5 6 7 9 10 *11)
[    0.086785] ACPI: PCI Interrupt Link [LNKF] (IRQs 3 4 5 6 7 9 10 *11)
[    0.087477] ACPI: PCI Interrupt Link [LNKG] (IRQs 3 4 5 6 7 9 10 *11)
[    0.088242] ACPI: PCI Interrupt Link [LNKH] (IRQs 3 4 5 6 7 9 10 *11)
[    0.088942] vgaarb: device added: PCI:0000:00:02.0,decodes=io+mem,owns=io+mem,locks=none
[    0.089003] vgaarb: loaded
[    0.089178] SCSI subsystem initialized
[    0.089274] libata version 3.00 loaded.
[    0.089321] usbcore: registered new interface driver usbfs
[    0.089434] usbcore: registered new interface driver hub
[    0.089541] usbcore: registered new device driver usb
[    0.106043] raid6: int32x1    941 MB/s
[    0.123057] raid6: int32x2    890 MB/s
[    0.139988] raid6: int32x4    746 MB/s
[    0.156997] raid6: int32x8    656 MB/s
[    0.173983] raid6: mmxx1     2878 MB/s
[    0.190985] raid6: mmxx2     3253 MB/s
[    0.207988] raid6: sse1x1    1937 MB/s
[    0.224996] raid6: sse1x2    2535 MB/s
[    0.241991] raid6: sse2x1    3507 MB/s
[    0.258984] raid6: sse2x2    3835 MB/s
[    0.259067] raid6: using algorithm sse2x2 (3835 MB/s)
[    0.259152] PCI: Using ACPI for IRQ routing
[    0.259454] HPET: 3 timers in total, 0 timers will be used for per-cpu timer
[    0.259990] Switching to clocksource tsc
[    0.260087] pnp: PnP ACPI init
[    0.260175] ACPI: bus type pnp registered
[    0.263883] pnp: PnP ACPI: found 11 devices
[    0.263965] ACPI: ACPI bus type pnp unregistered
[    0.264055] system 00:00: iomem range 0x0-0x9ffff could not be reserved
[    0.264153] system 00:00: iomem range 0xc0000-0xc3fff could not be reserved
[    0.264240] system 00:00: iomem range 0xc4000-0xc7fff could not be reserved
[    0.264323] system 00:00: iomem range 0xc8000-0xcbfff has been reserved
[    0.264413] system 00:00: iomem range 0xcc000-0xcffff has been reserved
[    0.264496] system 00:00: iomem range 0xd0000-0xd3fff could not be reserved
[    0.264582] system 00:00: iomem range 0xe0000-0xe3fff could not be reserved
[    0.264667] system 00:00: iomem range 0xe4000-0xe7fff could not be reserved
[    0.264750] system 00:00: iomem range 0xe8000-0xebfff could not be reserved
[    0.264835] system 00:00: iomem range 0xec000-0xeffff could not be reserved
[    0.264924] system 00:00: iomem range 0xf0000-0xfffff could not be reserved
[    0.265016] system 00:00: iomem range 0x100000-0x3dffffff could not be reserved
[    0.265128] system 00:00: iomem range 0xfec00000-0xfed3ffff could not be reserved
[    0.265244] system 00:00: iomem range 0xfed4c000-0xffffffff could not be reserved
[    0.265368] system 00:02: ioport range 0x164e-0x164f has been reserved
[    0.265454] system 00:02: ioport range 0x1000-0x107f has been reserved
[    0.265544] system 00:02: ioport range 0x1180-0x11bf has been reserved
[    0.265625] system 00:02: ioport range 0x800-0x80f has been reserved
[    0.265708] system 00:02: ioport range 0x15e0-0x15ef has been reserved
[    0.265793] system 00:02: ioport range 0x1600-0x165f could not be reserved
[    0.265884] system 00:02: iomem range 0xf0000000-0xf3ffffff has been reserved
[    0.265969] system 00:02: iomem range 0xfed1c000-0xfed1ffff has been reserved
[    0.266058] system 00:02: iomem range 0xfed14000-0xfed17fff has been reserved
[    0.266141] system 00:02: iomem range 0xfed18000-0xfed18fff has been reserved
[    0.266224] system 00:02: iomem range 0xfed19000-0xfed19fff has been reserved
[    0.266313] system 00:02: iomem range 0xfed45000-0xfed4bfff has been reserved
[    0.301358] pci 0000:00:1c.0: PCI bridge, secondary bus 0000:02
[    0.301441] pci 0000:00:1c.0:   IO window: 0x2000-0x2fff
[    0.301525] pci 0000:00:1c.0:   MEM window: 0xfc000000-0xfdffffff
[    0.301615] pci 0000:00:1c.0:   PREFETCH window: 0x000000f8000000-0x000000f80fffff
[    0.301739] pci 0000:00:1c.1: PCI bridge, secondary bus 0000:03
[    0.301821] pci 0000:00:1c.1:   IO window: 0x3000-0x3fff
[    0.301916] pci 0000:00:1c.1:   MEM window: 0xdc000000-0xdf3fffff
[    0.302008] pci 0000:00:1c.1:   PREFETCH window: 0x000000dfe00000-0x000000dfefffff
[    0.302125] pci 0000:00:1c.2: PCI bridge, secondary bus 0000:04
[    0.302210] pci 0000:00:1c.2:   IO window: 0x4000-0x4fff
[    0.302298] pci 0000:00:1c.2:   MEM window: 0xd8000000-0xd9ffffff
[    0.302382] pci 0000:00:1c.2:   PREFETCH window: 0x000000dfb00000-0x000000dfbfffff
[    0.302505] pci 0000:00:1c.3: PCI bridge, secondary bus 0000:05
[    0.302606] pci 0000:00:1c.3:   IO window: 0x5000-0x5fff
[    0.302692] pci 0000:00:1c.3:   MEM window: 0xd4000000-0xd5ffffff
[    0.302784] pci 0000:00:1c.3:   PREFETCH window: 0x000000df800000-0x000000df8fffff
[    0.302906] pci 0000:00:1c.4: PCI bridge, secondary bus 0000:0d
[    0.302987] pci 0000:00:1c.4:   IO window: 0x6000-0x6fff
[    0.303070] pci 0000:00:1c.4:   MEM window: 0xd0000000-0xd1ffffff
[    0.303161] pci 0000:00:1c.4:   PREFETCH window: 0x000000df500000-0x000000df5fffff
[    0.303281] pci 0000:15:00.0: CardBus bridge, secondary bus 0000:16
[    0.303374] pci 0000:15:00.0:   IO window: 0x007000-0x0070ff
[    0.303457] pci 0000:15:00.0:   IO window: 0x007400-0x0074ff
[    0.303543] pci 0000:15:00.0:   PREFETCH window: 0xf4000000-0xf7ffffff
[    0.303633] pci 0000:15:00.0:   MEM window: 0x40000000-0x43ffffff
[    0.303716] pci 0000:00:1e.0: PCI bridge, secondary bus 0000:15
[    0.303819] pci 0000:00:1e.0:   IO window: 0x7000-0xafff
[    0.303914] pci 0000:00:1e.0:   MEM window: 0xf8300000-0xfbffffff
[    0.304005] pci 0000:00:1e.0:   PREFETCH window: 0x000000f4000000-0x000000f7ffffff
[    0.304133] pci 0000:00:1c.0: PCI INT A -> GSI 20 (level, low) -> IRQ 20
[    0.304224] pci 0000:00:1c.0: setting latency timer to 64
[    0.304233] pci 0000:00:1c.1: PCI INT B -> GSI 21 (level, low) -> IRQ 21
[    0.304338] pci 0000:00:1c.1: setting latency timer to 64
[    0.304351] pci 0000:00:1c.2: PCI INT C -> GSI 22 (level, low) -> IRQ 22
[    0.304441] pci 0000:00:1c.2: setting latency timer to 64
[    0.304455] pci 0000:00:1c.3: PCI INT D -> GSI 23 (level, low) -> IRQ 23
[    0.304538] pci 0000:00:1c.3: setting latency timer to 64
[    0.304551] pci 0000:00:1c.4: PCI INT A -> GSI 20 (level, low) -> IRQ 20
[    0.304641] pci 0000:00:1c.4: setting latency timer to 64
[    0.304650] pci 0000:00:1e.0: enabling device (0005 -> 0007)
[    0.304738] pci 0000:00:1e.0: setting latency timer to 64
[    0.304754] pci 0000:15:00.0: PCI INT A -> GSI 16 (level, low) -> IRQ 16
[    0.304839] pci 0000:15:00.0: setting latency timer to 64
[    0.304845] pci_bus 0000:00: resource 0 io:  [0x00-0xffff]
[    0.304847] pci_bus 0000:00: resource 1 mem: [0x000000-0xffffffff]
[    0.304849] pci_bus 0000:02: resource 0 io:  [0x2000-0x2fff]
[    0.304850] pci_bus 0000:02: resource 1 mem: [0xfc000000-0xfdffffff]
[    0.304852] pci_bus 0000:02: resource 2 pref mem [0xf8000000-0xf80fffff]
[    0.304854] pci_bus 0000:03: resource 0 io:  [0x3000-0x3fff]
[    0.304856] pci_bus 0000:03: resource 1 mem: [0xdc000000-0xdf3fffff]
[    0.304858] pci_bus 0000:03: resource 2 pref mem [0xdfe00000-0xdfefffff]
[    0.304860] pci_bus 0000:04: resource 0 io:  [0x4000-0x4fff]
[    0.304862] pci_bus 0000:04: resource 1 mem: [0xd8000000-0xd9ffffff]
[    0.304863] pci_bus 0000:04: resource 2 pref mem [0xdfb00000-0xdfbfffff]
[    0.304865] pci_bus 0000:05: resource 0 io:  [0x5000-0x5fff]
[    0.304867] pci_bus 0000:05: resource 1 mem: [0xd4000000-0xd5ffffff]
[    0.304872] pci_bus 0000:05: resource 2 pref mem [0xdf800000-0xdf8fffff]
[    0.304874] pci_bus 0000:0d: resource 0 io:  [0x6000-0x6fff]
[    0.304876] pci_bus 0000:0d: resource 1 mem: [0xd0000000-0xd1ffffff]
[    0.304877] pci_bus 0000:0d: resource 2 pref mem [0xdf500000-0xdf5fffff]
[    0.304879] pci_bus 0000:15: resource 0 io:  [0x7000-0xafff]
[    0.304881] pci_bus 0000:15: resource 1 mem: [0xf8300000-0xfbffffff]
[    0.304883] pci_bus 0000:15: resource 2 pref mem [0xf4000000-0xf7ffffff]
[    0.304885] pci_bus 0000:15: resource 3 io:  [0x00-0xffff]
[    0.304886] pci_bus 0000:15: resource 4 mem: [0x000000-0xffffffff]
[    0.304888] pci_bus 0000:16: resource 0 io:  [0x7000-0x70ff]
[    0.304890] pci_bus 0000:16: resource 1 io:  [0x7400-0x74ff]
[    0.304892] pci_bus 0000:16: resource 2 pref mem [0xf4000000-0xf7ffffff]
[    0.304894] pci_bus 0000:16: resource 3 mem: [0x40000000-0x43ffffff]
[    0.304901] NET: Registered protocol family 2
[    0.304988] RANDOM - __random32 called. Change num 7.  Value: 7ba3d01e	3ca905be	d2026a24
[    0.304990] RANDOM - random32 called.  Value: 7ba3d01e	3ca905be	d2026a24
[    0.304994] random 0000 0000 0000 5f8db4e5 4cfdf2a8: rand_read_num 3 get_random_bytes(4): sig fffffb64 5f8db4e5 4cfdf2a8
[    0.304997] random 0000 0000 0000 5f8db4e5 4cfdf2a8: extract_entropy(.. 4 ..)
[    0.304999] random 0000 0000 0000 5f8db4e5 4cfdf2a8: going to reseed nonblocking with 64 bits (32 of 0 requested)
[    0.305001] random 0000 0000 0000 5f8db4e5 4cfdf2a8: extract_entropy(.. 8 ..)
[    0.305004] random 0000 0000 0000 5f8db4e5 4cfdf2a8: trying to extract 64 bits from input
[    0.305006] random 0000 0000 0000 5f8db4e5 4cfdf2a8: debiting 0 entropy credits from input
[    0.305008] random 0000 0000 0000 5f8db4e5 4cfdf2a8: extract_entropy account returned: 0 
[    0.305011] random 0000 0000 0000 5f8db4e5 4cfdf2a8: urand_change_num 5 xfer_secondary_pool(4): pool_sig fffffb64, data_sig 00000000, bytes_mixed 0 5f8db4e5 4cfdf2a8
[    0.305014] random 0000 0000 0000 5f8db4e5 4cfdf2a8: trying to extract 32 bits from nonblocking
[    0.305016] random 0000 0000 0000 5f8db4e5 4cfdf2a8: debiting 32 entropy credits from nonblocking (unlimited)
[    0.305018] random 0000 0000 0000 5f8db4e5 4cfdf2a8: extract_entropy account returned: 4 
[    0.305022] random 0000 0000 0000 5f8db4e5 4cfdf2a8: urand_change_num 6 extract_buf: pool_sig fffffb64, data_sig 00000241, bytes_mixed 20 5f8db4e5 4cfdf2a8
[    0.305032] IP route cache hash table entries: 32768 (order: 5, 131072 bytes)
[    0.305160] RANDOM - __random32 called. Change num 8.  Value: 3d01e034	ca905be7	d4484227
[    0.305162] RANDOM - random32 called.  Value: 3d01e034	ca905be7	d4484227
[    0.305173] RANDOM - __random32 called. Change num 9.  Value: 1e034020	a905be70	844ec14a
[    0.305174] RANDOM - random32 called.  Value: 1e034020	a905be70	844ec14a
[    0.305176] RANDOM - __random32 called. Change num 10.  Value: 34020ec0	905be706	8294c719
[    0.305178] RANDOM - random32 called.  Value: 34020ec0	905be706	8294c719
[    0.305189] RANDOM - __random32 called. Change num 11.  Value: 20ec0ebb	5be7068	8e32c65f
[    0.305191] RANDOM - random32 called.  Value: 20ec0ebb	5be7068	8e32c65f
[    0.305200] TCP established hash table entries: 131072 (order: 8, 1048576 bytes)
[    0.305700] TCP bind hash table entries: 65536 (order: 6, 262144 bytes)
[    0.305886] TCP: Hash tables configured (established 131072 bind 65536)
[    0.305977] TCP reno registered
[    0.306079] NET: Registered protocol family 1
[    0.306184] RPC: Registered udp transport module.
[    0.306267] RPC: Registered tcp transport module.
[    0.306352] RPC: Registered tcp NFSv4.1 backchannel transport module.
[    0.306441] pci 0000:00:02.0: Boot video device
[    0.306658] Simple Boot Flag at 0x35 set to 0x1
[    0.307207] highmem bounce pool size: 64 pages
[    0.308698] VFS: Disk quotas dquot_6.5.2
[    0.308825] Dquot-cache hash table entries: 1024 (order 0, 4096 bytes)
[    0.309562] NTFS driver 2.1.29 [Flags: R/W].
[    0.309718] ROMFS MTD (C) 2007 Red Hat, Inc.
[    0.309923] JFS: nTxBlock = 7695, nTxLock = 61562
[    0.312384] SGI XFS with ACLs, security attributes, large block/inode numbers, no debug enabled
[    0.312857] SGI XFS Quota Management subsystem
[    0.313150] Slow work thread pool: Starting up
[    0.313244] Slow work thread pool: Ready
[    0.313338] GFS2 (built May 24 2013 02:47:17) installed
[    0.313425] msgmni has been set to 1734
[    0.313587] alg: No test for cipher_null (cipher_null-generic)
[    0.313685] alg: No test for ecb(cipher_null) (ecb-cipher_null)
[    0.313782] alg: No test for digest_null (digest_null-generic)
[    0.313894] alg: No test for compress_null (compress_null-generic)
[    0.314434] alg: No test for fcrypt (fcrypt-generic)
[    0.315858] alg: No test for stdrng (krng)
[    0.315954] async_tx: api initialized (async)
[    0.316105] Block layer SCSI generic (bsg) driver version 0.4 loaded (major 254)
[    0.316217] io scheduler noop registered
[    0.316301] io scheduler anticipatory registered
[    0.316380] io scheduler deadline registered
[    0.316511] io scheduler cfq registered (default)
[    0.316750] pcieport 0000:00:1c.0: irq 24 for MSI/MSI-X
[    0.316765] pcieport 0000:00:1c.0: setting latency timer to 64
[    0.316960] pcieport 0000:00:1c.1: irq 25 for MSI/MSI-X
[    0.316972] pcieport 0000:00:1c.1: setting latency timer to 64
[    0.317156] pcieport 0000:00:1c.2: irq 26 for MSI/MSI-X
[    0.317168] pcieport 0000:00:1c.2: setting latency timer to 64
[    0.317343] pcieport 0000:00:1c.3: irq 27 for MSI/MSI-X
[    0.317355] pcieport 0000:00:1c.3: setting latency timer to 64
[    0.317546] pcieport 0000:00:1c.4: irq 28 for MSI/MSI-X
[    0.317556] pcieport 0000:00:1c.4: setting latency timer to 64
[    0.317701] pci_hotplug: PCI Hot Plug PCI Core version: 0.5
[    0.317909] isapnp: Scanning for PnP cards...
[    0.678442] isapnp: No Plug & Play device found
[    0.678530] random 0000 0000 0000 5f8db4e5 4cfdf2a8: initializing
[    0.678532] RANDOM init_std_data for input now value: 1369912259678532707
[    0.678534] RANDOM init_std_data for blocking now value: 1369912259678534752
[    0.678535] RANDOM init_std_data for nonblocking now value: 1369912259678536492
[    0.698102] Serial: 8250/16550 driver, 4 ports, IRQ sharing enabled
[    3.709311] floppy0: no floppy controllers found
[    3.710261] brd: module loaded
[    3.710762] loop: module loaded
[    3.710844] Compaq SMART2 Driver (v 2.6.0)
[    3.710958] HP CISS Driver (v 3.6.20)
[    3.711189] input: Macintosh mouse button emulation as /devices/virtual/input/input0
[    3.711330] Uniform Multi-Platform E-IDE driver
[    3.711551] piix 0000:00:1f.1: IDE controller (0x8086:0x2850 rev 0x03)
[    3.711643] pci 0000:00:1f.1: PCI INT C -> GSI 16 (level, low) -> IRQ 16
[    3.711734] piix 0000:00:1f.1: IDE port disabled
[    3.711824] piix 0000:00:1f.1: not 100% native mode: will probe irqs later
[    3.711914]     ide0: BM-DMA at 0x1c00-0x1c07
[    3.711999] Probing IDE interface ide0...
[    4.383616] hda: HL-DT-ST DVDRAM GSA-U10N, ATAPI CD/DVD-ROM drive
[    4.690466] hda: host max PIO4 wanted PIO255(auto-tune) selected PIO4
[    4.691234] hda: UDMA/33 mode selected
[    4.691695] ide0 at 0x1f0-0x1f7,0x3f6 on irq 14
[    4.695576] ide-gd driver 1.18
[    4.695673] ide-cd driver 5.00
[    4.697062] random 0000 0000 0000 00000000 00000000: add_disk_randomness(0:0) 00000000 00000000
[    4.697066] random 0000 0000 0000 00000000 00000000: add_timer_randomness(.. 256) with jiffies: 5277241031152860792, cycles: 5277241026858188811
[    4.697069] random 0000 0000 0000 00000000 00000000: added 11 entropy credits to input
[    4.697072] ide-cd: hda: ATAPI 24X DVD-ROM DVD-R/RAM CD-R/RW drive, 2048kB Cache
[    4.697510] Uniform CD-ROM driver Revision: 3.20
[    4.700356] random 0011 0000 0000 00000000 00000000: add_disk_randomness(0:0) 00000000 00000000
[    4.700359] random 0011 0000 0000 00000000 00000000: add_timer_randomness(.. 256) with jiffies: 5306874192371351163, cycles: 5306874188076679179
[    4.700362] random 0011 0000 0000 00000000 00000000: added 1 entropy credits to input
[    4.700365] random 0012 0000 0000 00000000 00000000: add_disk_randomness(0:0) 00000000 00000000
[    4.700367] random 0012 0000 0000 00000000 00000000: add_timer_randomness(.. 256) with jiffies: 5306951037926211195, cycles: 5306951033631539211
[    4.702352] random 0012 0000 0000 00000000 00000000: add_disk_randomness(0:0) 00000000 00000000
[    4.702355] random 0012 0000 0000 00000000 00000000: add_timer_randomness(.. 256) with jiffies: 5324826331034910333, cycles: 5324826326740238347
[    4.702357] random 0012 0000 0000 00000000 00000000: added 1 entropy credits to input
[    4.702360] random 0013 0000 0000 00000000 00000000: add_disk_randomness(0:0) 00000000 00000000
[    4.702363] random 0013 0000 0000 00000000 00000000: add_timer_randomness(.. 256) with jiffies: 5324902274646638205, cycles: 5324902270351966219
[    4.704350] random 0013 0000 0000 00000000 00000000: add_disk_randomness(0:0) 00000000 00000000
[    4.704352] random 0013 0000 0000 00000000 00000000: add_timer_randomness(.. 256) with jiffies: 5342796693244706431, cycles: 5342796688950034443
[    4.704355] random 0013 0000 0000 00000000 00000000: added 1 entropy credits to input
[    4.704358] random 0014 0000 0000 00000000 00000000: add_disk_randomness(0:0) 00000000 00000000
[    4.704361] random 0014 0000 0000 00000000 00000000: add_timer_randomness(.. 256) with jiffies: 5342870966114156159, cycles: 5342870961819484171
[    4.704639] Loading iSCSI transport class v2.0-870.
[    4.704917] rdac: device handler registered
[    4.705001] hp_sw: device handler registered
[    4.705090] emc: device handler registered
[    4.705176] alua: device handler registered
[    4.706160] Adaptec aacraid driver 1.1-5[2461]-ms
[    4.706596] scsi: <fdomain> Detection failed (no card)
[    4.706683] sym53c416.c: Version 1.0.0-ac
[    4.706779] qlogicfas: no cards were found, please specify I/O address and IRQ using iobase= and irq= options
[    4.706900] QLogic Fibre Channel HBA Driver: 8.03.01-k6
[    4.707105] iscsi: registered transport (qla4xxx)
[    4.707207] QLogic iSCSI HBA Driver
[    4.707289] Emulex LightPulse Fibre Channel SCSI driver 8.3.4
[    4.707378] Copyright(c) 2004-2009 Emulex.  All rights reserved.
[    4.729457] Failed initialization of WD-7000 SCSI card!
[    4.818561] DC390: clustering now enabled by default. If you get problems load
[    4.818673]        with "disable_clustering=1" and report to maintainers
[    4.818803] megaraid cmm: 2.20.2.7 (Release Date: Sun Jul 16 00:01:03 EST 2006)
[    4.818951] megaraid: 2.20.5.1 (Release Date: Thu Nov 16 15:32:35 EST 2006)
[    4.819071] megasas: 00.00.04.01 Thu July 24 11:41:51 PST 2008
[    4.819194] GDT-HA: Storage RAID Controller Driver. Version: 3.05
[    4.819335] 3ware Storage Controller device driver for Linux v1.26.02.002.
[    4.819443] 3ware 9000 Storage Controller device driver for Linux v2.26.02.012.
[    4.819585] nsp32: loading...
[    4.819681] ipr: IBM Power RAID SCSI Device Driver version: 2.4.3 (June 10, 2009)
[    4.819815] RocketRAID 3xxx/4xxx Controller driver v1.6 (090910)
[    4.819920] stex: Promise SuperTrak EX Driver version: 4.6.0000.3
[    4.820044] st: Version 20081215, fixed bufsize 32768, s/g segs 256
[    4.820235] ahci 0000:00:1f.2: version 3.0
[    4.820249] ahci 0000:00:1f.2: PCI INT B -> GSI 16 (level, low) -> IRQ 16
[    4.820380] ahci 0000:00:1f.2: irq 29 for MSI/MSI-X
[    4.820443] ahci 0000:00:1f.2: AHCI 0001.0100 32 slots 3 ports 1.5 Gbps 0x5 impl SATA mode
[    4.820578] ahci 0000:00:1f.2: flags: 64bit ncq sntf pm led clo pio slum part ccc 
[    4.820697] ahci 0000:00:1f.2: setting latency timer to 64
[    4.820840] scsi2 : ahci
[    4.820993] scsi3 : ahci
[    4.821124] scsi4 : ahci
[    4.821288] ata1: SATA max UDMA/133 abar m2048@0xfe226000 port 0xfe226100 irq 29
[    4.821403] ata2: DUMMY
[    4.821497] ata3: SATA max UDMA/133 abar m2048@0xfe226000 port 0xfe226200 irq 29
[    4.822091] I2O subsystem v1.325
[    4.822169] i2o: max drivers = 8
[    4.822316] I2O Configuration OSM v1.323
[    4.822413] I2O Bus Adapter OSM v1.317
[    4.822525] I2O Block Device OSM v1.325
[    4.822677] I2O SCSI Peripheral OSM v1.316
[    4.822772] I2O ProcFS OSM v1.316
[    4.822869] Fusion MPT base driver 3.04.12
[    4.822950] Copyright (c) 1999-2008 LSI Corporation
[    4.823033] Fusion MPT SPI Host driver 3.04.12
[    4.823140] Fusion MPT FC Host driver 3.04.12
[    4.823243] Fusion MPT SAS Host driver 3.04.12
[    4.823392] ohci1394 0000:15:00.1: PCI INT B -> GSI 17 (level, low) -> IRQ 17
[    4.823505] ohci1394 0000:15:00.1: setting latency timer to 64
[    4.877497] ohci1394: fw-host0: OHCI-1394 1.1 (PCI): IRQ=[17]  MMIO=[f8301000-f83017ff]  Max Packet=[2048]  IR/IT contexts=[4/4]
[    4.881767] ehci_hcd: USB 2.0 'Enhanced' Host Controller (EHCI) Driver
[    4.882040] ehci_hcd 0000:00:1a.7: power state changed by ACPI to D0
[    4.882301] ehci_hcd 0000:00:1a.7: power state changed by ACPI to D0
[    4.882397] ehci_hcd 0000:00:1a.7: PCI INT C -> GSI 22 (level, low) -> IRQ 22
[    4.882497] ehci_hcd 0000:00:1a.7: setting latency timer to 64
[    4.882503] ehci_hcd 0000:00:1a.7: EHCI Host Controller
[    4.882632] ehci_hcd 0000:00:1a.7: new USB bus registered, assigned bus number 1
[    4.886674] ehci_hcd 0000:00:1a.7: cache line size of 32 is not supported
[    4.886683] ehci_hcd 0000:00:1a.7: irq 22, io mem 0xfe226c00
[    4.896463] ehci_hcd 0000:00:1a.7: USB 2.0 started, EHCI 1.00
[    4.896563] usb usb1: New USB device found, idVendor=1d6b, idProduct=0002
[    4.896655] usb usb1: New USB device strings: Mfr=3, Product=2, SerialNumber=1
[    4.896780] usb usb1: Product: EHCI Host Controller
[    4.896864] usb usb1: Manufacturer: Linux 2.6.32.57 ehci_hcd
[    4.896952] usb usb1: SerialNumber: 0000:00:1a.7
[    4.897089] usb usb1: configuration #1 chosen from 1 choice
[    4.897203] hub 1-0:1.0: USB hub found
[    4.897285] hub 1-0:1.0: 4 ports detected
[    4.897578] ehci_hcd 0000:00:1d.7: power state changed by ACPI to D0
[    4.897819] ehci_hcd 0000:00:1d.7: power state changed by ACPI to D0
[    4.897908] ehci_hcd 0000:00:1d.7: PCI INT D -> GSI 19 (level, low) -> IRQ 19
[    4.898001] ehci_hcd 0000:00:1d.7: setting latency timer to 64
[    4.898006] ehci_hcd 0000:00:1d.7: EHCI Host Controller
[    4.898125] ehci_hcd 0000:00:1d.7: new USB bus registered, assigned bus number 2
[    4.898265] ehci_hcd 0000:00:1d.7: debug port 1
[    4.902242] ehci_hcd 0000:00:1d.7: cache line size of 32 is not supported
[    4.902250] ehci_hcd 0000:00:1d.7: irq 19, io mem 0xfe227000
[    4.912465] ehci_hcd 0000:00:1d.7: USB 2.0 started, EHCI 1.00
[    4.912570] usb usb2: New USB device found, idVendor=1d6b, idProduct=0002
[    4.912655] usb usb2: New USB device strings: Mfr=3, Product=2, SerialNumber=1
[    4.912766] usb usb2: Product: EHCI Host Controller
[    4.912846] usb usb2: Manufacturer: Linux 2.6.32.57 ehci_hcd
[    4.912928] usb usb2: SerialNumber: 0000:00:1d.7
[    4.913073] usb usb2: configuration #1 chosen from 1 choice
[    4.913189] hub 2-0:1.0: USB hub found
[    4.913276] hub 2-0:1.0: 6 ports detected
[    4.913450] 116x: driver isp116x-hcd, 03 Nov 2005
[    4.913550] ohci_hcd: USB 1.1 'Open' Host Controller (OHCI) Driver
[    4.913653] uhci_hcd: USB Universal Host Controller Interface driver
[    4.913755] uhci_hcd 0000:00:1a.0: PCI INT A -> GSI 20 (level, low) -> IRQ 20
[    4.913856] uhci_hcd 0000:00:1a.0: setting latency timer to 64
[    4.913861] uhci_hcd 0000:00:1a.0: UHCI Host Controller
[    4.913983] uhci_hcd 0000:00:1a.0: new USB bus registered, assigned bus number 3
[    4.914125] uhci_hcd 0000:00:1a.0: irq 20, io base 0x00001860
[    4.914238] usb usb3: New USB device found, idVendor=1d6b, idProduct=0001
[    4.914320] usb usb3: New USB device strings: Mfr=3, Product=2, SerialNumber=1
[    4.914435] usb usb3: Product: UHCI Host Controller
[    4.914525] usb usb3: Manufacturer: Linux 2.6.32.57 uhci_hcd
[    4.914609] usb usb3: SerialNumber: 0000:00:1a.0
[    4.914744] usb usb3: configuration #1 chosen from 1 choice
[    4.914863] hub 3-0:1.0: USB hub found
[    4.914962] hub 3-0:1.0: 2 ports detected
[    4.915252] uhci_hcd 0000:00:1a.1: power state changed by ACPI to D0
[    4.915515] uhci_hcd 0000:00:1a.1: power state changed by ACPI to D0
[    4.915614] uhci_hcd 0000:00:1a.1: PCI INT B -> GSI 21 (level, low) -> IRQ 21
[    4.915711] uhci_hcd 0000:00:1a.1: setting latency timer to 64
[    4.915714] uhci_hcd 0000:00:1a.1: UHCI Host Controller
[    4.915833] uhci_hcd 0000:00:1a.1: new USB bus registered, assigned bus number 4
[    4.915991] uhci_hcd 0000:00:1a.1: irq 21, io base 0x00001880
[    4.916101] usb usb4: New USB device found, idVendor=1d6b, idProduct=0001
[    4.916187] usb usb4: New USB device strings: Mfr=3, Product=2, SerialNumber=1
[    4.916299] usb usb4: Product: UHCI Host Controller
[    4.916379] usb usb4: Manufacturer: Linux 2.6.32.57 uhci_hcd
[    4.916467] usb usb4: SerialNumber: 0000:00:1a.1
[    4.916597] usb usb4: configuration #1 chosen from 1 choice
[    4.916709] hub 4-0:1.0: USB hub found
[    4.916791] hub 4-0:1.0: 2 ports detected
[    4.917068] uhci_hcd 0000:00:1d.0: power state changed by ACPI to D0
[    4.917293] uhci_hcd 0000:00:1d.0: power state changed by ACPI to D0
[    4.917387] uhci_hcd 0000:00:1d.0: PCI INT A -> GSI 16 (level, low) -> IRQ 16
[    4.917487] uhci_hcd 0000:00:1d.0: setting latency timer to 64
[    4.917490] uhci_hcd 0000:00:1d.0: UHCI Host Controller
[    4.917611] uhci_hcd 0000:00:1d.0: new USB bus registered, assigned bus number 5
[    4.917763] uhci_hcd 0000:00:1d.0: irq 16, io base 0x000018a0
[    4.917876] usb usb5: New USB device found, idVendor=1d6b, idProduct=0001
[    4.917964] usb usb5: New USB device strings: Mfr=3, Product=2, SerialNumber=1
[    4.918090] usb usb5: Product: UHCI Host Controller
[    4.918172] usb usb5: Manufacturer: Linux 2.6.32.57 uhci_hcd
[    4.918254] usb usb5: SerialNumber: 0000:00:1d.0
[    4.918381] usb usb5: configuration #1 chosen from 1 choice
[    4.918498] hub 5-0:1.0: USB hub found
[    4.918580] hub 5-0:1.0: 2 ports detected
[    4.918722] uhci_hcd 0000:00:1d.1: PCI INT B -> GSI 17 (level, low) -> IRQ 17
[    4.918812] uhci_hcd 0000:00:1d.1: setting latency timer to 64
[    4.918817] uhci_hcd 0000:00:1d.1: UHCI Host Controller
[    4.918940] uhci_hcd 0000:00:1d.1: new USB bus registered, assigned bus number 6
[    4.919081] uhci_hcd 0000:00:1d.1: irq 17, io base 0x000018c0
[    4.919199] usb usb6: New USB device found, idVendor=1d6b, idProduct=0001
[    4.919281] usb usb6: New USB device strings: Mfr=3, Product=2, SerialNumber=1
[    4.919393] usb usb6: Product: UHCI Host Controller
[    4.919478] usb usb6: Manufacturer: Linux 2.6.32.57 uhci_hcd
[    4.919563] usb usb6: SerialNumber: 0000:00:1d.1
[    4.919688] usb usb6: configuration #1 chosen from 1 choice
[    4.919804] hub 6-0:1.0: USB hub found
[    4.919889] hub 6-0:1.0: 2 ports detected
[    4.920170] uhci_hcd 0000:00:1d.2: power state changed by ACPI to D0
[    4.920413] uhci_hcd 0000:00:1d.2: power state changed by ACPI to D0
[    4.920509] uhci_hcd 0000:00:1d.2: PCI INT C -> GSI 18 (level, low) -> IRQ 18
[    4.920602] uhci_hcd 0000:00:1d.2: setting latency timer to 64
[    4.920607] uhci_hcd 0000:00:1d.2: UHCI Host Controller
[    4.920731] uhci_hcd 0000:00:1d.2: new USB bus registered, assigned bus number 7
[    4.920876] uhci_hcd 0000:00:1d.2: irq 18, io base 0x000018e0
[    4.920998] usb usb7: New USB device found, idVendor=1d6b, idProduct=0001
[    4.921089] usb usb7: New USB device strings: Mfr=3, Product=2, SerialNumber=1
[    4.921202] usb usb7: Product: UHCI Host Controller
[    4.921295] usb usb7: Manufacturer: Linux 2.6.32.57 uhci_hcd
[    4.921379] usb usb7: SerialNumber: 0000:00:1d.2
[    4.922168] usb usb7: configuration #1 chosen from 1 choice
[    4.922279] hub 7-0:1.0: USB hub found
[    4.922368] hub 7-0:1.0: 2 ports detected
[    4.922523] sl811: driver sl811-hcd, 19 May 2005
[    4.922618] r8a66597_hcd: driver r8a66597_hcd, 2009-05-26
[    4.922776] Initializing USB Mass Storage driver...
[    4.922893] usbcore: registered new interface driver usb-storage
[    4.922980] USB Mass Storage support registered.
[    4.923078] usbcore: registered new interface driver ums-alauda
[    4.923177] usbcore: registered new interface driver ums-cypress
[    4.923279] usbcore: registered new interface driver ums-datafab
[    4.923377] usbcore: registered new interface driver ums-freecom
[    4.923483] usbcore: registered new interface driver ums-isd200
[    4.923582] usbcore: registered new interface driver ums-jumpshot
[    4.923680] usbcore: registered new interface driver ums-karma
[    4.923779] usbcore: registered new interface driver ums-onetouch
[    4.923881] usbcore: registered new interface driver ums-sddr09
[    4.923980] usbcore: registered new interface driver ums-sddr55
[    4.924079] usbcore: registered new interface driver ums-usbat
[    4.924214] PNP: PS/2 Controller [PNP0303:KBD,PNP0f13:MOU] at 0x60,0x64 irq 1,12
[    4.932264] serio: i8042 KBD port at 0x60,0x64 irq 1
[    4.932345] serio: i8042 AUX port at 0x60,0x64 irq 12
[    4.932597] mice: PS/2 mouse device common for all mice
[    4.932700] i2c /dev entries driver
[    4.932828] md: linear personality registered for level -1
[    4.932908] md: raid0 personality registered for level 0
[    4.932993] md: raid1 personality registered for level 1
[    4.933073] md: raid10 personality registered for level 10
[    4.933163] md: raid6 personality registered for level 6
[    4.933250] md: raid5 personality registered for level 5
[    4.933339] md: raid4 personality registered for level 4
[    4.933433] md: multipath personality registered for level -4
[    4.933627] device-mapper: ioctl: 4.15.0-ioctl (2009-04-01) initialised: dm-devel@redhat.com
[    4.933815] cpuidle: using governor ladder
[    4.934406] usbcore: registered new interface driver usbhid
[    4.934501] usbhid: v2.6:USB HID core driver
[    4.934640] random 0014 0000 0000 00000000 00000000: rand_read_num 4 get_random_bytes(136): sig 00000000 00000000 00000000
[    4.934643] random 0014 0000 0000 00000000 00000000: extract_entropy(.. 136 ..)
[    4.934646] random 0014 0000 0000 00000000 00000000: going to reseed nonblocking with 1024 bits (1088 of 0 requested)
[    4.934648] random 0014 0000 0000 00000000 00000000: extract_entropy(.. 128 ..)
[    4.934650] random 0014 0000 0000 00000000 00000000: trying to extract 1024 bits from input
[    4.934652] random 0014 0000 0000 00000000 00000000: debiting 0 entropy credits from input
[    4.934654] random 0014 0000 0000 00000000 00000000: extract_entropy account returned: 0 
[    4.934657] random 0014 0000 0000 00000000 00000000: urand_change_num 7 xfer_secondary_pool(136): pool_sig 00000000, data_sig 00000000, bytes_mixed 0 00000000 00000000
[    4.934660] random 0014 0000 0000 00000000 00000000: trying to extract 1088 bits from nonblocking
[    4.934663] random 0014 0000 0000 00000000 00000000: debiting 1088 entropy credits from nonblocking (unlimited)
[    4.934665] random 0014 0000 0000 00000000 00000000: extract_entropy account returned: 136 
[    4.934669] random 0014 0000 0000 00000000 00000000: urand_change_num 8 extract_buf: pool_sig 00000000, data_sig fffffff9, bytes_mixed 20 00000000 00000000
[    4.934675] random 0014 0000 0000 b7c35b56 be4dc95d: urand_change_num 9 extract_buf: pool_sig fffffd1e, data_sig 000000c5, bytes_mixed 20 b7c35b56 be4dc95d
[    4.934680] random 0014 0000 0000 ed9f5c47 c48487fb: urand_change_num 10 extract_buf: pool_sig fffff8ec, data_sig ffffff68, bytes_mixed 20 ed9f5c47 c48487fb
[    4.934685] random 0014 0000 0000 ed9f5c47 c48487fb: urand_change_num 11 extract_buf: pool_sig fffffaed, data_sig 000001aa, bytes_mixed 20 ed9f5c47 c48487fb
[    4.934691] random 0014 0000 0000 1b4f7c0a 91bd6a48: urand_change_num 12 extract_buf: pool_sig fffffdd8, data_sig 00000064, bytes_mixed 20 1b4f7c0a 91bd6a48
[    4.934696] random 0014 0000 0000 a254b9bc 20e9a24f: urand_change_num 13 extract_buf: pool_sig fffffbe6, data_sig 000001dd, bytes_mixed 20 a254b9bc 20e9a24f
[    4.934701] random 0014 0000 0000 a254b9bc 20e9a24f: urand_change_num 14 extract_buf: pool_sig fffff940, data_sig fffffe20, bytes_mixed 20 a254b9bc 20e9a24f
[    4.934706] random 0014 0000 0000 2831a66b 5fa2a3ad: urand_change_num 15 extract_buf: pool_sig fffffbce, data_sig 0000007e, bytes_mixed 20 2831a66b 5fa2a3ad
[    4.934712] random 0014 0000 0000 2831a66b 5fa2a3ad: urand_change_num 16 extract_buf: pool_sig 000004df, data_sig fffffe8f, bytes_mixed 20 2831a66b 5fa2a3ad
[    4.934717] random 0014 0000 0000 d4512bfd c9a54e0b: urand_change_num 17 extract_buf: pool_sig 00000485, data_sig fffffe68, bytes_mixed 20 d4512bfd c9a54e0b
[    4.934722] random 0014 0000 0000 c7371be6 f9ffea11: urand_change_num 18 extract_buf: pool_sig 00000095, data_sig ffffffed, bytes_mixed 20 c7371be6 f9ffea11
[    4.934727] random 0014 0000 0000 c7371be6 f9ffea11: urand_change_num 19 extract_buf: pool_sig 000003a7, data_sig fffffefa, bytes_mixed 20 c7371be6 f9ffea11
[    4.934732] random 0014 0000 0000 8fb4b62c d1ddba54: urand_change_num 20 extract_buf: pool_sig 00000179, data_sig ffffff78, bytes_mixed 20 8fb4b62c d1ddba54
[    4.934737] random 0014 0000 0000 9ff19f9c c07a1d2a: urand_change_num 21 extract_buf: pool_sig fffffe88, data_sig 00000126, bytes_mixed 20 9ff19f9c c07a1d2a
[    4.934742] TCP cubic registered
[    4.934819] Initializing XFRM netlink socket
[    4.934907] NET: Registered protocol family 17
[    4.934999] Using IPI Shortcut mode
[    4.935078] random 0014 0000 0000 9ff19f9c c07a1d2a: rand_read_num 5 get_random_bytes(8): sig 0000031b 9ff19f9c c07a1d2a
[    4.935081] random 0014 0000 0000 9ff19f9c c07a1d2a: extract_entropy(.. 8 ..)
[    4.935083] random 0014 0000 0000 9ff19f9c c07a1d2a: going to reseed nonblocking with 64 bits (64 of 0 requested)
[    4.935085] random 0014 0000 0000 9ff19f9c c07a1d2a: extract_entropy(.. 8 ..)
[    4.935088] random 0014 0000 0000 9ff19f9c c07a1d2a: trying to extract 64 bits from input
[    4.935090] random 0014 0000 0000 9ff19f9c c07a1d2a: debiting 0 entropy credits from input
[    4.935092] random 0014 0000 0000 9ff19f9c c07a1d2a: extract_entropy account returned: 0 
[    4.935095] random 0014 0000 0000 9ff19f9c c07a1d2a: urand_change_num 22 xfer_secondary_pool(8): pool_sig 0000031b, data_sig 00000000, bytes_mixed 0 9ff19f9c c07a1d2a
[    4.935098] random 0014 0000 0000 9ff19f9c c07a1d2a: trying to extract 64 bits from nonblocking
[    4.935100] random 0014 0000 0000 9ff19f9c c07a1d2a: debiting 64 entropy credits from nonblocking (unlimited)
[    4.935102] random 0014 0000 0000 9ff19f9c c07a1d2a: extract_entropy account returned: 8 
[    4.935106] random 0014 0000 0000 9ff19f9c c07a1d2a: urand_change_num 23 extract_buf: pool_sig 0000031b, data_sig ffffffb3, bytes_mixed 20 9ff19f9c c07a1d2a
[    4.937574] input: AT Translated Set 2 keyboard as /devices/platform/i8042/serio0/input/input1
[    5.128504] ata3: SATA link down (SStatus 0 SControl 300)
[    5.128619] ata1: SATA link up 1.5 Gbps (SStatus 113 SControl 300)
[    5.131384] ata1.00: ACPI cmd ef/02:00:00:00:00:a0 (SET FEATURES) succeeded
[    5.131386] ata1.00: ACPI cmd f5/00:00:00:00:00:a0 (SECURITY FREEZE LOCK) filtered out
[    5.132779] ata1.00: ACPI cmd ef/5f:00:00:00:00:a0 (SET FEATURES) succeeded
[    5.132782] ata1.00: ACPI cmd ef/10:03:00:00:00:a0 (SET FEATURES) filtered out
[    5.134692] ata1.00: ATA-7: ST910021AS, 4.06, max UDMA/100
[    5.134776] ata1.00: 195371568 sectors, multi 16: LBA48 
[    5.136931] ata1.00: ACPI cmd ef/02:00:00:00:00:a0 (SET FEATURES) succeeded
[    5.136934] ata1.00: ACPI cmd f5/00:00:00:00:00:a0 (SECURITY FREEZE LOCK) filtered out
[    5.138324] ata1.00: ACPI cmd ef/5f:00:00:00:00:a0 (SET FEATURES) succeeded
[    5.138327] ata1.00: ACPI cmd ef/10:03:00:00:00:a0 (SET FEATURES) filtered out
[    5.140250] ata1.00: configured for UDMA/100
[    5.150562] scsi 2:0:0:0: Direct-Access     ATA      ST910021AS       4.06 PQ: 0 ANSI: 5
[    5.150840] sd 2:0:0:0: [sda] 195371568 512-byte logical blocks: (100 GB/93.1 GiB)
[    5.150974] sd 2:0:0:0: [sda] Write Protect is off
[    5.151058] sd 2:0:0:0: [sda] Mode Sense: 00 3a 00 00
[    5.151070] sd 2:0:0:0: [sda] Write cache: enabled, read cache: enabled, doesn't support DPO or FUA
[    5.151252]  sda:
[    5.216506] usb 2-1: new high speed USB device using ehci_hcd and address 2
[    5.365824] usb 2-1: New USB device found, idVendor=0e8d, idProduct=1806
[    5.365909] usb 2-1: New USB device strings: Mfr=1, Product=2, SerialNumber=3
[    5.365998] usb 2-1: Product: MT1806 
[    5.366078] usb 2-1: Manufacturer: MediaTek Inc
[    5.366171] usb 2-1: SerialNumber: R8KN6GAC800AEB 
[    5.366302] usb 2-1: configuration #1 chosen from 1 choice
[    5.372619] scsi5 : SCSI emulation for USB Mass Storage devices
[    5.372783] usb-storage: device found at 2
[    5.372784] usb-storage: waiting for device to settle before scanning
[    5.582122] random 0014 0000 0000 277f73c3 42024bb9: add_disk_randomness(8:0) 277f73c3 42024bb9
[    5.582126] random 0014 0000 0000 277f73c3 42024bb9: add_timer_randomness(.. 8388864) with jiffies: 13238523764003275156, cycles: -5208220314000949237
[    5.582129] random 0014 0000 0000 277f73c3 42024bb9: added 11 entropy credits to input
[    5.582133]  sda1 sda2
[    5.582696] random 0025 0000 0000 277f73c3 42024bb9: add_disk_randomness(8:0) 277f73c3 42024bb9
[    5.582699] random 0025 0000 0000 277f73c3 42024bb9: add_timer_randomness(.. 8388864) with jiffies: 13243680215839506837, cycles: -5203063862164717557
[    5.582854] sd 2:0:0:0: [sda] Attached SCSI disk
[    5.582945] random 0025 0000 0000 277f73c3 42024bb9: rand_read_num 6 get_random_bytes(12): sig 000007e9 277f73c3 42024bb9
[    5.582948] random 0025 0000 0000 277f73c3 42024bb9: extract_entropy(.. 12 ..)
[    5.582950] random 0025 0000 0000 277f73c3 42024bb9: going to reseed nonblocking with 96 bits (96 of 0 requested)
[    5.582952] random 0025 0000 0000 277f73c3 42024bb9: extract_entropy(.. 12 ..)
[    5.582955] random 0025 0000 0000 277f73c3 42024bb9: trying to extract 96 bits from input
[    5.582957] random 0025 0000 0000 277f73c3 42024bb9: debiting 0 entropy credits from input
[    5.582959] random 0025 0000 0000 277f73c3 42024bb9: extract_entropy account returned: 0 
[    5.582962] random 0025 0000 0000 277f73c3 42024bb9: urand_change_num 24 xfer_secondary_pool(12): pool_sig 000007e9, data_sig 00000000, bytes_mixed 0 277f73c3 42024bb9
[    5.582965] random 0025 0000 0000 277f73c3 42024bb9: trying to extract 96 bits from nonblocking
[    5.582967] random 0025 0000 0000 277f73c3 42024bb9: debiting 96 entropy credits from nonblocking (unlimited)
[    5.582970] random 0025 0000 0000 277f73c3 42024bb9: extract_entropy account returned: 12 
[    5.582974] random 0025 0000 0000 277f73c3 42024bb9: urand_change_num 25 extract_buf: pool_sig 000007e9, data_sig 00000088, bytes_mixed 20 277f73c3 42024bb9
[    5.582979] random 0025 0000 0000 277f73c3 42024bb9: urand_change_num 26 extract_buf: pool_sig 00000498, data_sig fffffefb, bytes_mixed 20 277f73c3 42024bb9
[    5.582982] RANDOM - __seed init called.
[    5.582983] RANDOM - __seed init called.
[    5.582984] RANDOM - __seed init called.
[    5.582986] RANDOM - __random32 called. Change num 12.  Value: 87f14767	f0d7351	b1e48bd3
[    5.582988] RANDOM - random32_reseed called.  Value: 87f14767	f0d7351	b1e48bd3
[    5.582990] Pid: 1, comm: swapper Not tainted 2.6.32.57 #6
[    5.583072] Call Trace:
[    5.583158]  [<c1923ca4>] ? random32_reseed+0xa0/0xb1
[    5.583239]  [<c1923c04>] ? random32_reseed+0x0/0xb1
[    5.583333]  [<c100111e>] ? do_one_initcall+0x2e/0x180
[    5.583425]  [<c1907265>] ? kernel_init+0xad/0x103
[    5.583505]  [<c19071b8>] ? kernel_init+0x0/0x103
[    5.583592]  [<c1003787>] ? kernel_thread_helper+0x7/0x10
[    5.584112] random 0025 0000 0000 386b4e60 ee4d4880: rand_read_num 7 get_random_bytes(64): sig fffffea5 386b4e60 ee4d4880
[    5.584115] random 0025 0000 0000 386b4e60 ee4d4880: extract_entropy(.. 64 ..)
[    5.584117] random 0025 0000 0000 386b4e60 ee4d4880: going to reseed nonblocking with 512 bits (512 of 0 requested)
[    5.584119] random 0025 0000 0000 386b4e60 ee4d4880: extract_entropy(.. 64 ..)
[    5.584121] random 0025 0000 0000 386b4e60 ee4d4880: trying to extract 512 bits from input
[    5.584124] random 0025 0000 0000 386b4e60 ee4d4880: debiting 0 entropy credits from input
[    5.584126] random 0025 0000 0000 386b4e60 ee4d4880: extract_entropy account returned: 0 
[    5.584129] random 0025 0000 0000 386b4e60 ee4d4880: urand_change_num 27 xfer_secondary_pool(64): pool_sig fffffea5, data_sig 00000000, bytes_mixed 0 386b4e60 ee4d4880
[    5.584132] random 0025 0000 0000 386b4e60 ee4d4880: trying to extract 512 bits from nonblocking
[    5.584134] random 0025 0000 0000 386b4e60 ee4d4880: debiting 512 entropy credits from nonblocking (unlimited)
[    5.584136] random 0025 0000 0000 386b4e60 ee4d4880: extract_entropy account returned: 64 
[    5.584140] random 0025 0000 0000 386b4e60 ee4d4880: urand_change_num 28 extract_buf: pool_sig fffffea5, data_sig 00000173, bytes_mixed 20 386b4e60 ee4d4880
[    5.584146] random 0025 0000 0000 412698f6 0cc8689a: urand_change_num 29 extract_buf: pool_sig 00000122, data_sig ffffff63, bytes_mixed 20 412698f6 0cc8689a
[    5.584151] random 0025 0000 0000 412698f6 0cc8689a: urand_change_num 30 extract_buf: pool_sig 000001f7, data_sig 00000012, bytes_mixed 20 412698f6 0cc8689a
[    5.584157] random 0025 0000 0000 9669941e 06f768b1: urand_change_num 31 extract_buf: pool_sig fffffb5b, data_sig 0000003f, bytes_mixed 20 9669941e 06f768b1
[    5.584162] random 0025 0000 0000 98486520 995551f0: urand_change_num 32 extract_buf: pool_sig fffffb39, data_sig 0000000e, bytes_mixed 20 98486520 995551f0
[    5.584167] random 0025 0000 0000 98486520 995551f0: urand_change_num 33 extract_buf: pool_sig fffffd8d, data_sig 000001a6, bytes_mixed 20 98486520 995551f0
[    5.584172] random 0025 0000 0000 61fc8914 d5882ed2: urand_change_num 34 extract_buf: pool_sig fffffa58, data_sig 0000023e, bytes_mixed 20 61fc8914 d5882ed2
[    5.584202] random 0025 0000 0000 61fc8914 d5882ed2: rand_read_num 8 get_random_bytes(64): sig fffff9ee 61fc8914 d5882ed2
[    5.584204] random 0025 0000 0000 61fc8914 d5882ed2: extract_entropy(.. 64 ..)
[    5.584207] random 0025 0000 0000 61fc8914 d5882ed2: going to reseed nonblocking with 512 bits (512 of 0 requested)
[    5.584209] random 0025 0000 0000 61fc8914 d5882ed2: extract_entropy(.. 64 ..)
[    5.584211] random 0025 0000 0000 61fc8914 d5882ed2: trying to extract 512 bits from input
[    5.584213] random 0025 0000 0000 61fc8914 d5882ed2: debiting 0 entropy credits from input
[    5.584215] random 0025 0000 0000 61fc8914 d5882ed2: extract_entropy account returned: 0 
[    5.584218] random 0025 0000 0000 61fc8914 d5882ed2: urand_change_num 35 xfer_secondary_pool(64): pool_sig fffff9ee, data_sig 00000000, bytes_mixed 0 61fc8914 d5882ed2
[    5.584221] random 0025 0000 0000 61fc8914 d5882ed2: trying to extract 512 bits from nonblocking
[    5.584223] random 0025 0000 0000 61fc8914 d5882ed2: debiting 512 entropy credits from nonblocking (unlimited)
[    5.584226] random 0025 0000 0000 61fc8914 d5882ed2: extract_entropy account returned: 64 
[    5.584230] random 0025 0000 0000 61fc8914 d5882ed2: urand_change_num 36 extract_buf: pool_sig fffff9ee, data_sig ffffff85, bytes_mixed 20 61fc8914 d5882ed2
[    5.584235] random 0025 0000 0000 70cfd302 e5edec11: urand_change_num 37 extract_buf: pool_sig fffffdc1, data_sig ffffffde, bytes_mixed 20 70cfd302 e5edec11
[    5.584240] random 0025 0000 0000 00dab838 eafd2b30: urand_change_num 38 extract_buf: pool_sig 000003da, data_sig ffffff61, bytes_mixed 20 00dab838 eafd2b30
[    5.584246] random 0025 0000 0000 00dab838 eafd2b30: urand_change_num 39 extract_buf: pool_sig 00000314, data_sig 00000121, bytes_mixed 20 00dab838 eafd2b30
[    5.584251] random 0025 0000 0000 5fcdf66a 6442b608: urand_change_num 40 extract_buf: pool_sig 0000028b, data_sig fffffefd, bytes_mixed 20 5fcdf66a 6442b608
[    5.584256] random 0025 0000 0000 61333f6b 8fae0f9b: urand_change_num 41 extract_buf: pool_sig 000000cb, data_sig 000000b3, bytes_mixed 20 61333f6b 8fae0f9b
[    5.584262] random 0025 0000 0000 61333f6b 8fae0f9b: urand_change_num 42 extract_buf: pool_sig fffffef8, data_sig 00000051, bytes_mixed 20 61333f6b 8fae0f9b
[    5.584264] BEGIN NET_SECRET:
[    5.584265] \xffffffe0
[    5.584266] \xffffffb6
[    5.584267] \x36
[    5.584268] \xffffffb5
[    5.584269] \xffffff94
[    5.584270] \xffffffb2
[    5.584270] \xffffffa8
[    5.584271] \xffffffda
[    5.584272] \x5b
[    5.584273] \x19
[    5.584273] \x18
[    5.584274] \x5c
[    5.584275] \x2b
[    5.584276] \x1
[    5.584276] \xffffff90
[    5.584277] \x19
[    5.584278] \x3c
[    5.584279] \xfffffff2
[    5.584280] \xffffff82
[    5.584280] \x2a
[    5.584281] \xffffffb3
[    5.584282] \xffffffa2
[    5.584283] \x3f
[    5.584284] \x5
[    5.584284] \x52
[    5.584285] \x77
[    5.584286] \x57
[    5.584286] \x79
[    5.584287] \x16
[    5.584288] \x43
[    5.584289] \xffffff84
[    5.584289] \xffffffc3
[    5.584290] \xffffffe9
[    5.584291] \x79
[    5.584292] \x50
[    5.584293] \xffffff8e
[    5.584293] \x3f
[    5.584294] \xfffffff3
[    5.584295] \x19
[    5.584296] \x2a
[    5.584297] \xfffffffd
[    5.584298] \xfffffffb
[    5.584298] \x62
[    5.584299] \x3c
[    5.584300] \xffffffac
[    5.584301] \x1c
[    5.584301] \x3b
[    5.584302] \x3b
[    5.584303] \x15
[    5.584304] \x27
[    5.584304] \xffffffa8
[    5.584305] \x22
[    5.584306] \xffffffc5
[    5.584307] \xffffff9a
[    5.584307] \x5
[    5.584308] \x6c
[    5.584309] \xffffffa8
[    5.584310] \x3a
[    5.584310] \x44
[    5.584311] \xffffffaf
[    5.584312] \x13
[    5.584313] \xffffffe0
[    5.584314] \xffffff9d
[    5.584314] \x22
[    5.584315] 
[    5.584316] END NET_SECRET
[    5.584318] random 0025 0000 0000 e7f555d9 e8ce5c3c: rand_read_num 9 get_random_bytes(4): sig 0000068c e7f555d9 e8ce5c3c
[    5.584321] random 0025 0000 0000 e7f555d9 e8ce5c3c: extract_entropy(.. 4 ..)
[    5.584323] random 0025 0000 0000 e7f555d9 e8ce5c3c: going to reseed nonblocking with 64 bits (32 of 0 requested)
[    5.584325] random 0025 0000 0000 e7f555d9 e8ce5c3c: extract_entropy(.. 8 ..)
[    5.584327] random 0025 0000 0000 e7f555d9 e8ce5c3c: trying to extract 64 bits from input
[    5.584330] random 0025 0000 0000 e7f555d9 e8ce5c3c: debiting 0 entropy credits from input
[    5.584332] random 0025 0000 0000 e7f555d9 e8ce5c3c: extract_entropy account returned: 0 
[    5.584335] random 0025 0000 0000 e7f555d9 e8ce5c3c: urand_change_num 43 xfer_secondary_pool(4): pool_sig 0000068c, data_sig 00000000, bytes_mixed 0 e7f555d9 e8ce5c3c
[    5.584338] random 0025 0000 0000 e7f555d9 e8ce5c3c: trying to extract 32 bits from nonblocking
[    5.584340] random 0025 0000 0000 e7f555d9 e8ce5c3c: debiting 32 entropy credits from nonblocking (unlimited)
[    5.584342] random 0025 0000 0000 e7f555d9 e8ce5c3c: extract_entropy account returned: 4 
[    5.584346] random 0025 0000 0000 e7f555d9 e8ce5c3c: urand_change_num 44 extract_buf: pool_sig 0000068c, data_sig fffffdcb, bytes_mixed 20 e7f555d9 e8ce5c3c
[    5.584357] md: Waiting for all devices to be available before autodetect
[    5.584444] md: If you don't use raid, use raid=noautodetect
[    5.584606] md: Autodetecting RAID arrays.
[    5.584691] md: Scanned 0 and added 0 devices.
[    5.584775] md: autorun ...
[    5.584851] md: ... autorun DONE.
[    5.598330] random 0025 0000 0000 e7f555d9 e8ce5c3c: add_disk_randomness(8:0) e7f555d9 e8ce5c3c
[    5.598333] random 0025 0000 0000 e7f555d9 e8ce5c3c: add_timer_randomness(.. 8388864) with jiffies: 13384316377326387620, cycles: -5062427700677836789
[    5.598336] random 0025 0000 0000 e7f555d9 e8ce5c3c: added 3 entropy credits to input
[    5.599459] random 0028 0000 0000 e7f555d9 e8ce5c3c: add_disk_randomness(8:0) e7f555d9 e8ce5c3c
[    5.599462] random 0028 0000 0000 e7f555d9 e8ce5c3c: add_timer_randomness(.. 8388864) with jiffies: 13394476719465529765, cycles: -5052267358538694645
[    5.599534] random 0028 0000 0000 e7f555d9 e8ce5c3c: add_disk_randomness(8:0) e7f555d9 e8ce5c3c
[    5.599537] random 0028 0000 0000 e7f555d9 e8ce5c3c: add_timer_randomness(.. 8388864) with jiffies: 13395155431672480165, cycles: -5051588646331744245
[    5.599542] EXT3-fs: sda2: couldn't mount because of unsupported optional features (240).
[    5.599799] random 0028 0000 0000 e7f555d9 e8ce5c3c: add_disk_randomness(8:0) e7f555d9 e8ce5c3c
[    5.599802] random 0028 0000 0000 e7f555d9 e8ce5c3c: add_timer_randomness(.. 8388864) with jiffies: 13397525424691184038, cycles: -5049218653313040373
[    5.599807] EXT2-fs: sda2: couldn't mount because of unsupported optional features (240).
[    5.600026] random 0028 0000 0000 e7f555d9 e8ce5c3c: add_disk_randomness(8:0) e7f555d9 e8ce5c3c
[    5.600029] random 0028 0000 0000 e7f555d9 e8ce5c3c: add_timer_randomness(.. 8388864) with jiffies: 13399565212034236838, cycles: -5047178865969987573
[    5.600158] random 0028 0000 0000 e7f555d9 e8ce5c3c: add_disk_randomness(8:0) e7f555d9 e8ce5c3c
[    5.600161] random 0028 0000 0000 e7f555d9 e8ce5c3c: add_timer_randomness(.. 8388864) with jiffies: 13400754694636929446, cycles: -5045989383367294965
[    5.600287] random 0028 0000 0000 e7f555d9 e8ce5c3c: add_disk_randomness(8:0) e7f555d9 e8ce5c3c
[    5.600290] random 0028 0000 0000 e7f555d9 e8ce5c3c: add_timer_randomness(.. 8388864) with jiffies: 13401916487585464742, cycles: -5044827590418759669
[    5.600404] random 0028 0000 0000 e7f555d9 e8ce5c3c: add_disk_randomness(8:0) e7f555d9 e8ce5c3c
[    5.600407] random 0028 0000 0000 e7f555d9 e8ce5c3c: add_timer_randomness(.. 8388864) with jiffies: 13402978482673910182, cycles: -5043765595330314229
[    5.600517] random 0028 0000 0000 e7f555d9 e8ce5c3c: add_disk_randomness(8:0) e7f555d9 e8ce5c3c
[    5.600519] random 0028 0000 0000 e7f555d9 e8ce5c3c: add_timer_randomness(.. 8388864) with jiffies: 13403988478593302950, cycles: -5042755599410921461
[    5.600630] random 0028 0000 0000 e7f555d9 e8ce5c3c: add_disk_randomness(8:0) e7f555d9 e8ce5c3c
[    5.600633] random 0028 0000 0000 e7f555d9 e8ce5c3c: add_timer_randomness(.. 8388864) with jiffies: 13404993376386515367, cycles: -5041750701617709045
[    5.600779] random 0028 0000 0000 e7f555d9 e8ce5c3c: add_disk_randomness(8:0) e7f555d9 e8ce5c3c
[    5.600782] random 0028 0000 0000 e7f555d9 e8ce5c3c: add_timer_randomness(.. 8388864) with jiffies: 13406339032590025127, cycles: -5040405045414199285
[    5.600904] random 0028 0000 0000 e7f555d9 e8ce5c3c: add_disk_randomness(8:0) e7f555d9 e8ce5c3c
[    5.600907] random 0028 0000 0000 e7f555d9 e8ce5c3c: add_timer_randomness(.. 8388864) with jiffies: 13407463214509949351, cycles: -5039280863494275061
[    5.601141] random 0028 0000 0000 e7f555d9 e8ce5c3c: rand_read_num 10 get_random_bytes(4): sig ffffff72 e7f555d9 e8ce5c3c
[    5.601144] random 0028 0000 0000 e7f555d9 e8ce5c3c: extract_entropy(.. 4 ..)
[    5.601146] random 0028 0000 0000 e7f555d9 e8ce5c3c: going to reseed nonblocking with 64 bits (32 of 0 requested)
[    5.601149] random 0028 0000 0000 e7f555d9 e8ce5c3c: extract_entropy(.. 8 ..)
[    5.601151] random 0028 0000 0000 e7f555d9 e8ce5c3c: trying to extract 64 bits from input
[    5.601153] random 0028 0000 0000 e7f555d9 e8ce5c3c: debiting 0 entropy credits from input
[    5.601155] random 0028 0000 0000 e7f555d9 e8ce5c3c: extract_entropy account returned: 0 
[    5.601158] random 0028 0000 0000 e7f555d9 e8ce5c3c: urand_change_num 45 xfer_secondary_pool(4): pool_sig ffffff72, data_sig 00000000, bytes_mixed 0 e7f555d9 e8ce5c3c
[    5.601161] random 0028 0000 0000 e7f555d9 e8ce5c3c: trying to extract 32 bits from nonblocking
[    5.601163] random 0028 0000 0000 e7f555d9 e8ce5c3c: debiting 32 entropy credits from nonblocking (unlimited)
[    5.601165] random 0028 0000 0000 e7f555d9 e8ce5c3c: extract_entropy account returned: 4 
[    5.601170] random 0028 0000 0000 e7f555d9 e8ce5c3c: urand_change_num 46 extract_buf: pool_sig ffffff72, data_sig ffffff72, bytes_mixed 20 e7f555d9 e8ce5c3c
[    5.612792] random 0028 0000 0000 91716c54 eeb6a1e7: add_disk_randomness(8:0) 91716c54 eeb6a1e7
[    5.612796] random 0028 0000 0000 91716c54 eeb6a1e7: add_timer_randomness(.. 8388864) with jiffies: 13514404219393376691, cycles: -4932339858610847733
[    5.612798] random 0028 0000 0000 91716c54 eeb6a1e7: added 3 entropy credits to input
[    5.631070] random 0031 0000 0000 91716c54 eeb6a1e7: add_disk_randomness(8:0) 91716c54 eeb6a1e7
[    5.631073] random 0031 0000 0000 91716c54 eeb6a1e7: add_timer_randomness(.. 8388864) with jiffies: 13678815825182294469, cycles: -4767928252821929973
[    5.631076] random 0031 0000 0000 91716c54 eeb6a1e7: added 2 entropy credits to input
[    5.635811] EXT4-fs (sda2): mounted filesystem with ordered data mode
[    5.635991] VFS: Mounted root (ext4 filesystem) readonly on device 8:2.
[    5.636084] Freeing unused kernel memory: 448k freed
[    5.656268] random 0033 0000 0000 91716c54 eeb6a1e7: add_disk_randomness(8:0) 91716c54 eeb6a1e7
[    5.656271] random 0033 0000 0000 91716c54 eeb6a1e7: add_timer_randomness(.. 8388864) with jiffies: 13905479322614596062, cycles: -4541264755389628405
[    5.656993] random 0033 0000 0000 91716c54 eeb6a1e7: add_disk_randomness(8:0) 91716c54 eeb6a1e7
[    5.656997] random 0033 0000 0000 91716c54 eeb6a1e7: add_timer_randomness(.. 8388864) with jiffies: 13912003390822121951, cycles: -4534740687182102517
[    5.661680] random 0033 0000 0000 91716c54 eeb6a1e7: add_disk_randomness(8:0) 91716c54 eeb6a1e7
[    5.661683] random 0033 0000 0000 91716c54 eeb6a1e7: add_timer_randomness(.. 8388864) with jiffies: 13954155299376693732, cycles: -4492588778627530741
[    5.661686] random 0033 0000 0000 91716c54 eeb6a1e7: added 2 entropy credits to input
[    5.669887] random 0035 0000 0000 91716c54 eeb6a1e7: add_disk_randomness(8:0) 91716c54 eeb6a1e7
[    5.669890] random 0035 0000 0000 91716c54 eeb6a1e7: add_timer_randomness(.. 8388864) with jiffies: 14027984485819843052, cycles: -4418759592184381429
[    5.673304] random 0035 0000 0000 91716c54 eeb6a1e7: add_disk_randomness(8:0) 91716c54 eeb6a1e7
[    5.673308] random 0035 0000 0000 91716c54 eeb6a1e7: add_timer_randomness(.. 8388864) with jiffies: 14058728703538201071, cycles: -4388015374466023413
[    5.673310] random 0035 0000 0000 91716c54 eeb6a1e7: added 1 entropy credits to input
[    5.682200] random 0036 0000 0000 91716c54 eeb6a1e7: add_disk_randomness(8:0) 91716c54 eeb6a1e7
[    5.682203] random 0036 0000 0000 91716c54 eeb6a1e7: add_timer_randomness(.. 8388864) with jiffies: 14138745761033847288, cycles: -4307998316970377205
[    5.682206] random 0036 0000 0000 91716c54 eeb6a1e7: added 2 entropy credits to input
[    5.695484] random 0038 0000 0000 91716c54 eeb6a1e7: add_disk_randomness(8:0) 91716c54 eeb6a1e7
[    5.695487] random 0038 0000 0000 91716c54 eeb6a1e7: add_timer_randomness(.. 8388864) with jiffies: 14258240598841197061, cycles: -4188503479163027445
[    5.695490] random 0038 0000 0000 91716c54 eeb6a1e7: added 1 entropy credits to input
[    5.703564] random 0039 0000 0000 91716c54 eeb6a1e7: add_disk_randomness(8:0) 91716c54 eeb6a1e7
[    5.703567] random 0039 0000 0000 91716c54 eeb6a1e7: add_timer_randomness(.. 8388864) with jiffies: 14330902898504598030, cycles: -4115841179499626485
[    5.703569] random 0039 0000 0000 91716c54 eeb6a1e7: added 2 entropy credits to input
[    5.703592] RANDOM get_random_int call with cycles 50581367382, jiffies 4294672910 and pid 1
[    5.703594] RANDOM get_random_int call with cycles 50581374102, jiffies 4294672910 and pid 1
[    5.703597] ASLR stack rand value: 5582848 after shift for pid: 1
[    5.703598] RANDOM get_random_int call with cycles 50581382029, jiffies 4294672910 and pid 1
[    5.715217] random 0041 0000 0000 91716c54 eeb6a1e7: add_disk_randomness(8:0) 91716c54 eeb6a1e7
[    5.715220] random 0041 0000 0000 91716c54 eeb6a1e7: add_timer_randomness(.. 8388864) with jiffies: 14435735207589675545, cycles: -4011008870414548981
[    5.715222] random 0041 0000 0000 91716c54 eeb6a1e7: added 1 entropy credits to input
[    5.715232] RANDOM get_random_int call with cycles 50605749568, jiffies 4294672921 and pid 1
[    5.715235] random 0042 0000 0000 91716c54 eeb6a1e7: rand_read_num 11 get_random_bytes(16): sig fffffcad 91716c54 eeb6a1e7
[    5.715238] random 0042 0000 0000 91716c54 eeb6a1e7: extract_entropy(.. 16 ..)
[    5.715240] random 0042 0000 0000 91716c54 eeb6a1e7: going to reseed nonblocking with 128 bits (128 of 0 requested)
[    5.715242] random 0042 0000 0000 91716c54 eeb6a1e7: extract_entropy(.. 16 ..)
[    5.715244] random 0042 0000 0000 91716c54 eeb6a1e7: trying to extract 128 bits from input
[    5.715247] random 0042 0000 0000 91716c54 eeb6a1e7: debiting 0 entropy credits from input
[    5.715249] random 0042 0000 0000 91716c54 eeb6a1e7: extract_entropy account returned: 0 
[    5.715252] random 0042 0000 0000 91716c54 eeb6a1e7: urand_change_num 47 xfer_secondary_pool(16): pool_sig fffffcad, data_sig 00000000, bytes_mixed 0 91716c54 eeb6a1e7
[    5.715255] random 0042 0000 0000 91716c54 eeb6a1e7: trying to extract 128 bits from nonblocking
[    5.715257] random 0042 0000 0000 91716c54 eeb6a1e7: debiting 128 entropy credits from nonblocking (unlimited)
[    5.715259] random 0042 0000 0000 91716c54 eeb6a1e7: extract_entropy account returned: 16 
[    5.715264] random 0042 0000 0000 91716c54 eeb6a1e7: urand_change_num 48 extract_buf: pool_sig fffffcad, data_sig ffffff19, bytes_mixed 20 91716c54 eeb6a1e7
[    5.715269] random 0042 0000 0000 fd637b06 6cf47bc1: urand_change_num 49 extract_buf: pool_sig fffffede, data_sig ffffffc1, bytes_mixed 20 fd637b06 6cf47bc1
[    5.716227] random 0042 0000 0000 fd637b06 6cf47bc1: add_disk_randomness(8:0) fd637b06 6cf47bc1
[    5.716230] random 0042 0000 0000 fd637b06 6cf47bc1: add_timer_randomness(.. 8388864) with jiffies: 14444820794292535834, cycles: -4001923283711688693
[    5.717361] random 0042 0000 0000 fd637b06 6cf47bc1: add_disk_randomness(8:0) fd637b06 6cf47bc1
[    5.717364] random 0042 0000 0000 fd637b06 6cf47bc1: add_timer_randomness(.. 8388864) with jiffies: 14455029935850095131, cycles: -3991714142154129397
[    5.718515] random 0042 0000 0000 fd637b06 6cf47bc1: add_disk_randomness(8:0) fd637b06 6cf47bc1
[    5.718518] random 0042 0000 0000 fd637b06 6cf47bc1: add_timer_randomness(.. 8388864) with jiffies: 14465407964111667740, cycles: -3981336113892556789
[    5.719389] random 0042 0000 0000 fd637b06 6cf47bc1: add_disk_randomness(8:0) fd637b06 6cf47bc1
[    5.719392] random 0042 0000 0000 fd637b06 6cf47bc1: add_timer_randomness(.. 8388864) with jiffies: 14473268802235367965, cycles: -3973475275768856565
[    5.728210] random 0042 0000 0000 fd637b06 6cf47bc1: add_disk_randomness(8:0) fd637b06 6cf47bc1
[    5.728213] random 0042 0000 0000 fd637b06 6cf47bc1: add_timer_randomness(.. 8388864) with jiffies: 14552608186906149414, cycles: -3894135891098075125
[    5.728215] random 0042 0000 0000 fd637b06 6cf47bc1: added 3 entropy credits to input
[    5.728410] random 0045 0000 0000 fd637b06 6cf47bc1: add_disk_randomness(8:0) fd637b06 6cf47bc1
[    5.728414] random 0045 0000 0000 fd637b06 6cf47bc1: add_timer_randomness(.. 8388864) with jiffies: 14554418519916380710, cycles: -3892325558087843829
[    5.738601] random 0045 0000 0000 fd637b06 6cf47bc1: add_disk_randomness(8:0) fd637b06 6cf47bc1
[    5.738604] random 0045 0000 0000 fd637b06 6cf47bc1: add_timer_randomness(.. 8388864) with jiffies: 14646067847793181233, cycles: -3800676230211043317
[    5.738606] random 0045 0000 0000 fd637b06 6cf47bc1: added 3 entropy credits to input
[    5.739040] random 0048 0000 0000 fd637b06 6cf47bc1: add_disk_randomness(8:0) fd637b06 6cf47bc1
[    5.739043] random 0048 0000 0000 fd637b06 6cf47bc1: add_timer_randomness(.. 8388864) with jiffies: 14650023860565148209, cycles: -3796720217439076341
[    5.748782] random 0048 0000 0000 fd637b06 6cf47bc1: add_disk_randomness(8:0) fd637b06 6cf47bc1
[    5.748785] random 0048 0000 0000 fd637b06 6cf47bc1: add_timer_randomness(.. 8388864) with jiffies: 14737652235764466235, cycles: -3709091842239758325
[    5.748787] random 0048 0000 0000 fd637b06 6cf47bc1: added 3 entropy credits to input
[    5.748841] RANDOM get_random_int call with cycles 50676135625, jiffies 4294672955 and pid 1
[    5.753385] random 0051 0000 0000 fd637b06 6cf47bc1: add_disk_randomness(8:0) fd637b06 6cf47bc1
[    5.753389] random 0051 0000 0000 fd637b06 6cf47bc1: add_timer_randomness(.. 8388864) with jiffies: 14779074966246359615, cycles: -3667669111757864949
[    5.753392] random 0051 0000 0000 fd637b06 6cf47bc1: added 2 entropy credits to input
[    5.766217] random 0053 0000 0000 fd637b06 6cf47bc1: add_disk_randomness(8:0) fd637b06 6cf47bc1
[    5.766220] random 0053 0000 0000 fd637b06 6cf47bc1: add_timer_randomness(.. 8388864) with jiffies: 14894492166397854284, cycles: -3552251911606370293
[    5.766223] random 0053 0000 0000 fd637b06 6cf47bc1: added 3 entropy credits to input
[    5.766358] random 0056 0000 0000 fd637b06 6cf47bc1: add_disk_randomness(8:0) fd637b06 6cf47bc1
[    5.766361] random 0056 0000 0000 fd637b06 6cf47bc1: add_timer_randomness(.. 8388864) with jiffies: 14895761741550682700, cycles: -3550982336453541877
[    5.768518] random 0056 0000 0000 fd637b06 6cf47bc1: add_disk_randomness(8:0) fd637b06 6cf47bc1
[    5.768521] random 0056 0000 0000 fd637b06 6cf47bc1: add_timer_randomness(.. 8388864) with jiffies: 14915195729830707790, cycles: -3531548348173516789
[    5.768524] random 0056 0000 0000 fd637b06 6cf47bc1: added 1 entropy credits to input
[    5.768767] random 0057 0000 0000 fd637b06 6cf47bc1: add_disk_randomness(8:0) fd637b06 6cf47bc1
[    5.768770] random 0057 0000 0000 fd637b06 6cf47bc1: add_timer_randomness(.. 8388864) with jiffies: 14917423709755769423, cycles: -3529320368248455157
[    5.773028] random 0057 0000 0000 fd637b06 6cf47bc1: add_disk_randomness(8:0) fd637b06 6cf47bc1
[    5.773031] random 0057 0000 0000 fd637b06 6cf47bc1: add_timer_randomness(.. 8388864) with jiffies: 14955757194815701587, cycles: -3490986883188522997
[    5.773034] random 0057 0000 0000 fd637b06 6cf47bc1: added 1 entropy credits to input
[    5.780397] random 0058 0000 0000 fd637b06 6cf47bc1: add_disk_randomness(8:0) fd637b06 6cf47bc1
[    5.780400] random 0058 0000 0000 fd637b06 6cf47bc1: add_timer_randomness(.. 8388864) with jiffies: 15022044873953608282, cycles: -3424699204050616309
[    5.782407] random 0058 0000 0000 fd637b06 6cf47bc1: add_disk_randomness(8:0) fd637b06 6cf47bc1
[    5.782410] random 0058 0000 0000 fd637b06 6cf47bc1: add_timer_randomness(.. 8388864) with jiffies: 15040130860977979996, cycles: -3406613217026244597
[    5.782413] random 0058 0000 0000 fd637b06 6cf47bc1: added 1 entropy credits to input
[    5.790244] random 0059 0000 0000 fd637b06 6cf47bc1: add_disk_randomness(8:0) fd637b06 6cf47bc1
[    5.790247] random 0059 0000 0000 fd637b06 6cf47bc1: add_timer_randomness(.. 8388864) with jiffies: 15110620830607573604, cycles: -3336123247396650997
[    5.790250] random 0059 0000 0000 fd637b06 6cf47bc1: added 2 entropy credits to input
[    5.790380] random 0061 0000 0000 fd637b06 6cf47bc1: add_disk_randomness(8:0) fd637b06 6cf47bc1
[    5.790383] random 0061 0000 0000 fd637b06 6cf47bc1: add_timer_randomness(.. 8388864) with jiffies: 15111844677243601508, cycles: -3334899400760623093
[    5.793943] random 0061 0000 0000 fd637b06 6cf47bc1: add_disk_randomness(8:0) fd637b06 6cf47bc1
[    5.793946] random 0061 0000 0000 fd637b06 6cf47bc1: add_timer_randomness(.. 8388864) with jiffies: 15143884493321634408, cycles: -3302859584682590197
[    5.793948] random 0061 0000 0000 fd637b06 6cf47bc1: added 2 entropy credits to input
[    5.798436] random 0063 0000 0000 fd637b06 6cf47bc1: add_disk_randomness(8:0) fd637b06 6cf47bc1
[    5.798439] random 0063 0000 0000 fd637b06 6cf47bc1: add_timer_randomness(.. 8388864) with jiffies: 15184315627524031084, cycles: -3262428450480193525
[    5.804018] random 0063 0000 0000 fd637b06 6cf47bc1: add_disk_randomness(8:0) fd637b06 6cf47bc1
[    5.804021] random 0063 0000 0000 fd637b06 6cf47bc1: add_timer_randomness(.. 8388864) with jiffies: 15234516652683657842, cycles: -3212227425320566773
[    5.804024] random 0063 0000 0000 fd637b06 6cf47bc1: added 1 entropy credits to input
[    5.810297] random 0064 0000 0000 fd637b06 6cf47bc1: add_disk_randomness(8:0) fd637b06 6cf47bc1
[    5.810300] random 0064 0000 0000 fd637b06 6cf47bc1: add_timer_randomness(.. 8388864) with jiffies: 15291003233631961720, cycles: -3155740844372262901
[    5.810313] random 0064 0000 0000 fd637b06 6cf47bc1: rand_read_num 12 get_random_bytes(16): sig 0000033b fd637b06 6cf47bc1
[    5.810316] random 0064 0000 0000 fd637b06 6cf47bc1: extract_entropy(.. 16 ..)
[    5.810318] random 0064 0000 0000 fd637b06 6cf47bc1: going to reseed nonblocking with 128 bits (128 of 0 requested)
[    5.810321] random 0064 0000 0000 fd637b06 6cf47bc1: extract_entropy(.. 16 ..)
[    5.810323] random 0064 0000 0000 fd637b06 6cf47bc1: trying to extract 128 bits from input
[    5.810325] random 0064 0000 0000 fd637b06 6cf47bc1: debiting 0 entropy credits from input
[    5.810327] random 0064 0000 0000 fd637b06 6cf47bc1: extract_entropy account returned: 0 
[    5.810330] random 0064 0000 0000 fd637b06 6cf47bc1: urand_change_num 50 xfer_secondary_pool(16): pool_sig 0000033b, data_sig 00000000, bytes_mixed 0 fd637b06 6cf47bc1
[    5.810333] random 0064 0000 0000 fd637b06 6cf47bc1: trying to extract 128 bits from nonblocking
[    5.810336] random 0064 0000 0000 fd637b06 6cf47bc1: debiting 128 entropy credits from nonblocking (unlimited)
[    5.810338] random 0064 0000 0000 fd637b06 6cf47bc1: extract_entropy account returned: 16 
[    5.810342] random 0064 0000 0000 fd637b06 6cf47bc1: urand_change_num 51 extract_buf: pool_sig 0000033b, data_sig 000000d8, bytes_mixed 20 fd637b06 6cf47bc1
[    5.810348] random 0064 0000 0000 0ec1f012 d4727ca8: urand_change_num 52 extract_buf: pool_sig fffffcf5, data_sig 00000016, bytes_mixed 20 0ec1f012 d4727ca8
[    5.817044] random 0064 0000 0000 45b1d0b1 845a73f7: add_disk_randomness(8:0) 45b1d0b1 845a73f7
[    5.817047] random 0064 0000 0000 45b1d0b1 845a73f7: add_timer_randomness(.. 8388864) with jiffies: 15351689798674514559, cycles: -3095054279329710069
[    5.824271] random 0064 0000 0000 45b1d0b1 845a73f7: add_disk_randomness(8:0) 45b1d0b1 845a73f7
[    5.824274] random 0064 0000 0000 45b1d0b1 845a73f7: add_timer_randomness(.. 8388864) with jiffies: 15416700373581922950, cycles: -3030043704422301685
[    5.829868] random 0064 0000 0000 45b1d0b1 845a73f7: add_disk_randomness(8:0) 45b1d0b1 845a73f7
[    5.829871] random 0064 0000 0000 45b1d0b1 845a73f7: add_timer_randomness(.. 8388864) with jiffies: 15467038494097638028, cycles: -2979705583906586613
[    5.841698] random 0064 0000 0000 45b1d0b1 845a73f7: add_disk_randomness(8:0) 45b1d0b1 845a73f7
[    5.841701] random 0064 0000 0000 45b1d0b1 845a73f7: add_timer_randomness(.. 8388864) with jiffies: 15573445913719046808, cycles: -2873298164285177845
[    5.841703] random 0064 0000 0000 45b1d0b1 845a73f7: added 2 entropy credits to input
[    5.844835] random 0066 0000 0000 45b1d0b1 845a73f7: add_disk_randomness(8:0) 45b1d0b1 845a73f7
[    5.844838] random 0066 0000 0000 45b1d0b1 845a73f7: add_timer_randomness(.. 8388864) with jiffies: 15601668388634198683, cycles: -2845075689370025973
[    5.844841] random 0066 0000 0000 45b1d0b1 845a73f7: added 1 entropy credits to input
[    5.859112] random 0067 0000 0000 45b1d0b1 845a73f7: add_disk_randomness(8:0) 45b1d0b1 845a73f7
[    5.859115] random 0067 0000 0000 45b1d0b1 845a73f7: add_timer_randomness(.. 8388864) with jiffies: 15730100628182762153, cycles: -2716643449821462517
[    5.859118] random 0067 0000 0000 45b1d0b1 845a73f7: added 3 entropy credits to input
[    5.864509] random 0070 0000 0000 45b1d0b1 845a73f7: add_disk_randomness(8:0) 45b1d0b1 845a73f7
[    5.864512] random 0070 0000 0000 45b1d0b1 845a73f7: add_timer_randomness(.. 8388864) with jiffies: 15778656689457955502, cycles: -2668087388546269173
[    5.864515] random 0070 0000 0000 45b1d0b1 845a73f7: added 2 entropy credits to input
[    5.869679] random 0072 0000 0000 45b1d0b1 845a73f7: add_disk_randomness(8:0) 45b1d0b1 845a73f7
[    5.869682] random 0072 0000 0000 45b1d0b1 845a73f7: add_timer_randomness(.. 8388864) with jiffies: 15825144238648820404, cycles: -2621599839355404277
[    5.882057] random 0072 0000 0000 45b1d0b1 845a73f7: add_disk_randomness(8:0) 45b1d0b1 845a73f7
[    5.882060] random 0072 0000 0000 45b1d0b1 845a73f7: add_timer_randomness(.. 8388864) with jiffies: 15936489118313972416, cycles: -2510254959690252277
[    5.882063] random 0072 0000 0000 45b1d0b1 845a73f7: added 2 entropy credits to input
[    5.895338] random 0074 0000 0000 45b1d0b1 845a73f7: add_disk_randomness(8:0) 45b1d0b1 845a73f7
[    5.895342] random 0074 0000 0000 45b1d0b1 845a73f7: add_timer_randomness(.. 8388864) with jiffies: 16055966999590437581, cycles: -2390777078413787125
[    5.902874] random 0074 0000 0000 45b1d0b1 845a73f7: add_disk_randomness(8:0) 45b1d0b1 845a73f7
[    5.902877] random 0074 0000 0000 45b1d0b1 845a73f7: add_timer_randomness(.. 8388864) with jiffies: 16123741261398770389, cycles: -2323002816605454325
[    5.902880] random 0074 0000 0000 45b1d0b1 845a73f7: added 2 entropy credits to input
[    5.912476] random 0076 0000 0000 45b1d0b1 845a73f7: add_disk_randomness(8:0) 45b1d0b1 845a73f7
[    5.912479] random 0076 0000 0000 45b1d0b1 845a73f7: add_timer_randomness(.. 8388864) with jiffies: 16210122339440624350, cycles: -2236621738563600373
[    5.920007] random 0076 0000 0000 45b1d0b1 845a73f7: add_disk_randomness(8:0) 45b1d0b1 845a73f7
[    5.920010] random 0076 0000 0000 45b1d0b1 845a73f7: add_timer_randomness(.. 8388864) with jiffies: 16277862640942547686, cycles: -2168881437061677045
[    5.930023] random 0076 0000 0000 45b1d0b1 845a73f7: add_disk_randomness(8:0) 45b1d0b1 845a73f7
[    5.930026] random 0076 0000 0000 45b1d0b1 845a73f7: add_timer_randomness(.. 8388864) with jiffies: 16367955081829253872, cycles: -2078788996174970869
[    5.930029] random 0076 0000 0000 45b1d0b1 845a73f7: added 1 entropy credits to input
[    5.942912] random 0077 0000 0000 45b1d0b1 845a73f7: add_disk_randomness(8:0) 45b1d0b1 845a73f7
[    5.942915] random 0077 0000 0000 45b1d0b1 845a73f7: add_timer_randomness(.. 8388864) with jiffies: 16483888910711882493, cycles: -1962855167292342261
[    5.950268] random 0077 0000 0000 45b1d0b1 845a73f7: add_disk_randomness(8:0) 45b1d0b1 845a73f7
[    5.950271] random 0077 0000 0000 45b1d0b1 845a73f7: add_timer_randomness(.. 8388864) with jiffies: 16550066870615245572, cycles: -1896677207388979189
[    5.950274] random 0077 0000 0000 45b1d0b1 845a73f7: added 2 entropy credits to input
[    5.955561] random 0079 0000 0000 45b1d0b1 845a73f7: add_disk_randomness(8:0) 45b1d0b1 845a73f7
[    5.955564] random 0079 0000 0000 45b1d0b1 845a73f7: add_timer_randomness(.. 8388864) with jiffies: 16597685679832138505, cycles: -1849058398172086261
[    5.955567] random 0079 0000 0000 45b1d0b1 845a73f7: added 1 entropy credits to input
[    5.961956] random 0080 0000 0000 45b1d0b1 845a73f7: add_disk_randomness(8:0) 45b1d0b1 845a73f7
[    5.961959] random 0080 0000 0000 45b1d0b1 845a73f7: add_timer_randomness(.. 8388864) with jiffies: 16655200609095090960, cycles: -1791543468909133813
[    5.961962] random 0080 0000 0000 45b1d0b1 845a73f7: added 1 entropy credits to input
[    5.967017] random 0081 0000 0000 45b1d0b1 845a73f7: add_disk_randomness(8:0) 45b1d0b1 845a73f7
[    5.967020] random 0081 0000 0000 45b1d0b1 845a73f7: add_timer_randomness(.. 8388864) with jiffies: 16700718474929603349, cycles: -1746025603074621429
[    5.967022] random 0081 0000 0000 45b1d0b1 845a73f7: added 1 entropy credits to input
[    5.972913] random 0082 0000 0000 45b1d0b1 845a73f7: add_disk_randomness(8:0) 45b1d0b1 845a73f7
[    5.972916] random 0082 0000 0000 45b1d0b1 845a73f7: add_timer_randomness(.. 8388864) with jiffies: 16753759044702536475, cycles: -1692985033301688309
[    5.982270] random 0082 0000 0000 45b1d0b1 845a73f7: add_disk_randomness(8:0) 45b1d0b1 845a73f7
[    5.982273] random 0082 0000 0000 45b1d0b1 845a73f7: add_timer_randomness(.. 8388864) with jiffies: 16837930452264911652, cycles: -1608813625739313141
[    5.982276] random 0082 0000 0000 45b1d0b1 845a73f7: added 1 entropy credits to input
[    5.987147] random 0083 0000 0000 45b1d0b1 845a73f7: add_disk_randomness(8:0) 45b1d0b1 845a73f7
[    5.987150] random 0083 0000 0000 45b1d0b1 845a73f7: add_timer_randomness(.. 8388864) with jiffies: 16881796684130779945, cycles: -1564947393873444853
[    5.987152] random 0083 0000 0000 45b1d0b1 845a73f7: added 2 entropy credits to input
[    5.994581] random 0085 0000 0000 45b1d0b1 845a73f7: add_disk_randomness(8:0) 45b1d0b1 845a73f7
[    5.994584] random 0085 0000 0000 45b1d0b1 845a73f7: add_timer_randomness(.. 8388864) with jiffies: 16948672743723467568, cycles: -1498071334280757237
[    5.994586] random 0085 0000 0000 45b1d0b1 845a73f7: added 1 entropy credits to input
[    6.000805] random 0086 0000 0000 45b1d0b1 845a73f7: add_disk_randomness(8:0) 45b1d0b1 845a73f7
[    6.000808] random 0086 0000 0000 45b1d0b1 845a73f7: add_timer_randomness(.. 8388864) with jiffies: 17004651032472159031, cycles: -1442093045532065781
[    6.006273] random 0086 0000 0000 45b1d0b1 845a73f7: add_disk_randomness(8:0) 45b1d0b1 845a73f7
[    6.006276] random 0086 0000 0000 45b1d0b1 845a73f7: add_timer_randomness(.. 8388864) with jiffies: 17053846257895441212, cycles: -1392897820108783605
[    6.006279] random 0086 0000 0000 45b1d0b1 845a73f7: added 1 entropy credits to input
[    6.015369] random 0087 0000 0000 45b1d0b1 845a73f7: add_disk_randomness(8:0) 45b1d0b1 845a73f7
[    6.015373] random 0087 0000 0000 45b1d0b1 845a73f7: add_timer_randomness(.. 8388864) with jiffies: 17135667880260240197, cycles: -1311076197743984629
[    6.015375] random 0087 0000 0000 45b1d0b1 845a73f7: added 2 entropy credits to input
[    6.022792] random 0089 0000 0000 45b1d0b1 845a73f7: add_disk_randomness(8:0) 45b1d0b1 845a73f7
[    6.022795] random 0089 0000 0000 45b1d0b1 845a73f7: add_timer_randomness(.. 8388864) with jiffies: 17202425291381375821, cycles: -1244318786622849013
[    6.032474] random 0089 0000 0000 45b1d0b1 845a73f7: add_disk_randomness(8:0) 45b1d0b1 845a73f7
[    6.032477] random 0089 0000 0000 45b1d0b1 845a73f7: add_timer_randomness(.. 8388864) with jiffies: 17289524767127995222, cycles: -1157219310876229621
[    6.043106] random 0089 0000 0000 45b1d0b1 845a73f7: add_disk_randomness(8:0) 45b1d0b1 845a73f7
[    6.043109] random 0089 0000 0000 45b1d0b1 845a73f7: add_timer_randomness(.. 8388864) with jiffies: 17385154954162570081, cycles: -1061589123841654773
[    6.055627] random 0089 0000 0000 45b1d0b1 845a73f7: add_disk_randomness(8:0) 45b1d0b1 845a73f7
[    6.055630] random 0089 0000 0000 45b1d0b1 845a73f7: add_timer_randomness(.. 8388864) with jiffies: 17497783028321846126, cycles: -948961049682378741
[    6.056838] random 0089 0000 0000 45b1d0b1 845a73f7: add_disk_randomness(8:0) 45b1d0b1 845a73f7
[    6.056841] random 0089 0000 0000 45b1d0b1 845a73f7: add_timer_randomness(.. 8388864) with jiffies: 17508677779803833199, cycles: -938066298200391669
[    6.060852] random 0089 0000 0000 45b1d0b1 845a73f7: add_disk_randomness(8:0) 45b1d0b1 845a73f7
[    6.060855] random 0089 0000 0000 45b1d0b1 845a73f7: add_timer_randomness(.. 8388864) with jiffies: 17544779634216502131, cycles: -901964443787722741
[    6.060857] random 0089 0000 0000 45b1d0b1 845a73f7: added 1 entropy credits to input
[    6.070194] random 0090 0000 0000 45b1d0b1 845a73f7: add_disk_randomness(8:0) 45b1d0b1 845a73f7
[    6.070197] random 0090 0000 0000 45b1d0b1 845a73f7: add_timer_randomness(.. 8388864) with jiffies: 17628820032391447420, cycles: -817924045612777461
[    6.070200] random 0090 0000 0000 45b1d0b1 845a73f7: added 1 entropy credits to input
[    6.070539] random 0091 0000 0000 45b1d0b1 845a73f7: add_disk_randomness(8:0) 45b1d0b1 845a73f7
[    6.070542] random 0091 0000 0000 45b1d0b1 845a73f7: add_timer_randomness(.. 8388864) with jiffies: 17631934308882809724, cycles: -814809769121415157
[    6.086204] random 0091 0000 0000 45b1d0b1 845a73f7: add_disk_randomness(8:0) 45b1d0b1 845a73f7
[    6.086207] random 0091 0000 0000 45b1d0b1 845a73f7: add_timer_randomness(.. 8388864) with jiffies: 17772838931595494284, cycles: -673905146408730613
[    6.086210] random 0091 0000 0000 45b1d0b1 845a73f7: added 4 entropy credits to input
[    6.087842] random 0095 0000 0000 45b1d0b1 845a73f7: add_disk_randomness(8:0) 45b1d0b1 845a73f7
[    6.087845] random 0095 0000 0000 45b1d0b1 845a73f7: add_timer_randomness(.. 8388864) with jiffies: 17787562835400426382, cycles: -659181242603798517
[    6.087848] random 0095 0000 0000 45b1d0b1 845a73f7: added 1 entropy credits to input
[    6.087997] random 0096 0000 0000 45b1d0b1 845a73f7: add_disk_randomness(8:0) 45b1d0b1 845a73f7
[    6.088000] random 0096 0000 0000 45b1d0b1 845a73f7: add_timer_randomness(.. 8388864) with jiffies: 17788958098476204942, cycles: -657785979528019957
[    6.098863] random 0096 0000 0000 45b1d0b1 845a73f7: add_disk_randomness(8:0) 45b1d0b1 845a73f7
[    6.098866] random 0096 0000 0000 45b1d0b1 845a73f7: add_timer_randomness(.. 8388864) with jiffies: 17886702126679950233, cycles: -560041951324274677
[    6.098869] random 0096 0000 0000 45b1d0b1 845a73f7: added 3 entropy credits to input
[    6.099426] random 0099 0000 0000 45b1d0b1 845a73f7: add_disk_randomness(8:0) 45b1d0b1 845a73f7
[    6.099429] random 0099 0000 0000 45b1d0b1 845a73f7: add_timer_randomness(.. 8388864) with jiffies: 17891773482329146265, cycles: -554970595675078645
[    6.104656] random 0099 0000 0000 45b1d0b1 845a73f7: add_disk_randomness(8:0) 45b1d0b1 845a73f7
[    6.104659] random 0099 0000 0000 45b1d0b1 845a73f7: add_timer_randomness(.. 8388864) with jiffies: 17938809408649397151, cycles: -507934669354827765
[    6.104662] random 0099 0000 0000 45b1d0b1 845a73f7: added 2 entropy credits to input
[    6.106459] random 0101 0000 0000 45b1d0b1 845a73f7: add_disk_randomness(8:0) 45b1d0b1 845a73f7
[    6.106462] random 0101 0000 0000 45b1d0b1 845a73f7: add_timer_randomness(.. 8388864) with jiffies: 17955042130170446752, cycles: -491701947833778165
[    6.116645] random 0101 0000 0000 45b1d0b1 845a73f7: add_disk_randomness(8:0) 45b1d0b1 845a73f7
