[    0.000000] random 0000 0000 0000 00000000 00000000: rand_read_num 1 get_random_bytes(8): sig 00000000 00000000 00000000
[    0.000000] random 0000 0000 0000 00000000 00000000: extract_entropy(.. 8 ..)
[    0.000000] random 0000 0000 0000 00000000 00000000: going to reseed nonblocking with 64 bits (64 of 0 requested)
[    0.000000] random 0000 0000 0000 00000000 00000000: extract_entropy(.. 8 ..)
[    0.000000] random 0000 0000 0000 00000000 00000000: trying to extract 64 bits from input
[    0.000000] random 0000 0000 0000 00000000 00000000: debiting 0 entropy credits from input
[    0.000000] random 0000 0000 0000 00000000 00000000: extract_entropy account returned: 0 
[    0.000000] random 0000 0000 0000 00000000 00000000: urand_change_num 1 xfer_secondary_pool(8): pool_sig 00000000, data_sig 00000000, bytes_mixed 0 00000000 00000000
[    0.000000] random 0000 0000 0000 00000000 00000000: trying to extract 64 bits from nonblocking
[    0.000000] random 0000 0000 0000 00000000 00000000: debiting 64 entropy credits from nonblocking (unlimited)
[    0.000000] random 0000 0000 0000 00000000 00000000: extract_entropy account returned: 8 
[    0.000000] random 0000 0000 0000 00000000 00000000: urand_change_num 2 extract_buf: pool_sig 00000000, data_sig fffffff9, bytes_mixed 20 00000000 00000000
[    0.000000] Linux version 2.6.32.57 (dcashman@dcashman-02) (gcc version 4.3.3 (GCC) ) #6 Thu May 30 09:02:12 PDT 2013
[    0.000000] KERNEL supported cpus:
[    0.000000]   Intel GenuineIntel
[    0.000000]   AMD AuthenticAMD
[    0.000000]   NSC Geode by NSC
[    0.000000]   Cyrix CyrixInstead
[    0.000000]   Centaur CentaurHauls
[    0.000000]   Transmeta GenuineTMx86
[    0.000000]   Transmeta TransmetaCPU
[    0.000000]   UMC UMC UMC UMC
[    0.000000] BIOS-provided physical RAM map:
[    0.000000]  BIOS-e820: 0000000000000000 - 000000000009d800 (usable)
[    0.000000]  BIOS-e820: 000000000009d800 - 00000000000a0000 (reserved)
[    0.000000]  BIOS-e820: 00000000000d2000 - 00000000000d4000 (reserved)
[    0.000000]  BIOS-e820: 00000000000e0000 - 0000000000100000 (reserved)
[    0.000000]  BIOS-e820: 0000000000100000 - 000000003d6b0000 (usable)
[    0.000000]  BIOS-e820: 000000003d6b0000 - 000000003d6cc000 (ACPI data)
[    0.000000]  BIOS-e820: 000000003d6cc000 - 000000003d700000 (ACPI NVS)
[    0.000000]  BIOS-e820: 000000003d700000 - 000000003e000000 (reserved)
[    0.000000]  BIOS-e820: 00000000f0000000 - 00000000f4000000 (reserved)
[    0.000000]  BIOS-e820: 00000000fec00000 - 00000000fec10000 (reserved)
[    0.000000]  BIOS-e820: 00000000fed00000 - 00000000fed00400 (reserved)
[    0.000000]  BIOS-e820: 00000000fed14000 - 00000000fed1a000 (reserved)
[    0.000000]  BIOS-e820: 00000000fed1c000 - 00000000fed90000 (reserved)
[    0.000000]  BIOS-e820: 00000000fee00000 - 00000000fee01000 (reserved)
[    0.000000]  BIOS-e820: 00000000ff000000 - 0000000100000000 (reserved)
[    0.000000] DMI present.
[    0.000000] last_pfn = 0x3d6b0 max_arch_pfn = 0x100000
[    0.000000] MTRR default type: uncachable
[    0.000000] MTRR fixed ranges enabled:
[    0.000000]   00000-9FFFF write-back
[    0.000000]   A0000-BFFFF uncachable
[    0.000000]   C0000-CFFFF write-protect
[    0.000000]   D0000-DFFFF uncachable
[    0.000000]   E0000-FFFFF write-protect
[    0.000000] MTRR variable ranges enabled:
[    0.000000]   0 base 03E000000 mask FFE000000 uncachable
[    0.000000]   1 base 000000000 mask FC0000000 write-back
[    0.000000]   2 base 03D700000 mask FFFF00000 uncachable
[    0.000000]   3 base 03D800000 mask FFF800000 uncachable
[    0.000000]   4 disabled
[    0.000000]   5 disabled
[    0.000000]   6 disabled
[    0.000000]   7 disabled
[    0.000000] initial memory mapped : 0 - 02000000
[    0.000000] init_memory_mapping: 0000000000000000-00000000377fe000
[    0.000000]  0000000000 - 0000400000 page 4k
[    0.000000]  0000400000 - 0037400000 page 2M
[    0.000000]  0037400000 - 00377fe000 page 4k
[    0.000000] kernel direct mapping tables up to 377fe000 @ 7000-c000
[    0.000000] ACPI: RSDP 000f68d0 00024 (v02 LENOVO)
[    0.000000] ACPI: XSDT 3d6bb77f 00094 (v01 LENOVO TP-7L    00002170  LTP 00000000)
[    0.000000] ACPI: FACP 3d6bb900 000F4 (v03 LENOVO TP-7L    00002170 LNVO 00000001)
[    0.000000] ACPI Warning: 32/64X length mismatch in Gpe1Block: 0/32 (20090903/tbfadt-526)
[    0.000000] ACPI Warning: Optional field Gpe1Block has zero address or length: 000000000000102C/0 (20090903/tbfadt-557)
[    0.000000] ACPI: DSDT 3d6bbd1d 0FED1 (v01 LENOVO TP-7L    00002170 MSFT 03000000)
[    0.000000] ACPI: FACS 3d6e4000 00040
[    0.000000] ACPI: SSDT 3d6bbab4 00269 (v01 LENOVO TP-7L    00002170 MSFT 03000000)
[    0.000000] ACPI: ECDT 3d6cbbee 00052 (v01 LENOVO TP-7L    00002170 LNVO 00000001)
[    0.000000] ACPI: TCPA 3d6cbc40 00032 (v02 LENOVO TP-7L    00002170 LNVO 00000001)
[    0.000000] ACPI: APIC 3d6cbc72 00068 (v01 LENOVO TP-7L    00002170 LNVO 00000001)
[    0.000000] ACPI: MCFG 3d6cbcda 0003C (v01 LENOVO TP-7L    00002170 LNVO 00000001)
[    0.000000] ACPI: HPET 3d6cbd16 00038 (v01 LENOVO TP-7L    00002170 LNVO 00000001)
[    0.000000] ACPI: SLIC 3d6cbdf0 00176 (v01 LENOVO TP-7L    00002170  LTP 00000000)
[    0.000000] ACPI: BOOT 3d6cbf66 00028 (v01 LENOVO TP-7L    00002170  LTP 00000001)
[    0.000000] ACPI: ASF! 3d6cbf8e 00072 (v16 LENOVO TP-7L    00002170 PTL  00000001)
[    0.000000] ACPI: SSDT 3d6e26d9 0025F (v01 LENOVO TP-7L    00002170 INTL 20050513)
[    0.000000] ACPI: SSDT 3d6e2938 000A6 (v01 LENOVO TP-7L    00002170 INTL 20050513)
[    0.000000] ACPI: SSDT 3d6e29de 004F7 (v01 LENOVO TP-7L    00002170 INTL 20050513)
[    0.000000] ACPI: SSDT 3d6e2ed5 001D8 (v01 LENOVO TP-7L    00002170 INTL 20050513)
[    0.000000] ACPI: DMI detected: Lenovo ThinkPad R61
[    0.000000] ACPI: Added _OSI(Linux)
[    0.000000] ACPI: Local APIC address 0xfee00000
[    0.000000] 94MB HIGHMEM available.
[    0.000000] 887MB LOWMEM available.
[    0.000000]   mapped low ram: 0 - 377fe000
[    0.000000]   low ram: 0 - 377fe000
[    0.000000]   node 0 low ram: 00000000 - 377fe000
[    0.000000]   node 0 bootmap 00008000 - 0000ef00
[    0.000000] (6 early reservations) ==> bootmem [0000000000 - 00377fe000]
[    0.000000]   #0 [0000000000 - 0000001000]   BIOS data page ==> [0000000000 - 0000001000]
[    0.000000]   #1 [0001000000 - 0001bdc180]    TEXT DATA BSS ==> [0001000000 - 0001bdc180]
[    0.000000]   #2 [000009d800 - 0000100000]    BIOS reserved ==> [000009d800 - 0000100000]
[    0.000000]   #3 [0001bdd000 - 0001be516c]              BRK ==> [0001bdd000 - 0001be516c]
[    0.000000]   #4 [0000007000 - 0000008000]          PGTABLE ==> [0000007000 - 0000008000]
[    0.000000]   #5 [0000008000 - 000000f000]          BOOTMAP ==> [0000008000 - 000000f000]
[    0.000000] found SMP MP-table at [c00f6900] f6900
[    0.000000] Zone PFN ranges:
[    0.000000]   DMA      0x00000000 -> 0x00001000
[    0.000000]   Normal   0x00001000 -> 0x000377fe
[    0.000000]   HighMem  0x000377fe -> 0x0003d6b0
[    0.000000] Movable zone start PFN for each node
[    0.000000] early_node_map[2] active PFN ranges
[    0.000000]     0: 0x00000000 -> 0x0000009d
[    0.000000]     0: 0x00000100 -> 0x0003d6b0
[    0.000000] On node 0 totalpages: 251469
[    0.000000] free_area_init_node: node 0, pgdat c1901ea0, node_mem_map c1be7000
[    0.000000]   DMA zone: 32 pages used for memmap
[    0.000000]   DMA zone: 0 pages reserved
[    0.000000]   DMA zone: 3965 pages, LIFO batch:0
[    0.000000]   Normal zone: 1744 pages used for memmap
[    0.000000]   Normal zone: 221486 pages, LIFO batch:31
[    0.000000]   HighMem zone: 190 pages used for memmap
[    0.000000]   HighMem zone: 24052 pages, LIFO batch:3
[    0.000000] Using APIC driver default
[    0.000000] ACPI: PM-Timer IO Port: 0x1008
[    0.000000] ACPI: Local APIC address 0xfee00000
[    0.000000] ACPI: LAPIC (acpi_id[0x00] lapic_id[0x00] enabled)
[    0.000000] ACPI: LAPIC (acpi_id[0x01] lapic_id[0x01] enabled)
[    0.000000] ACPI: NR_CPUS/possible_cpus limit of 1 reached.  Processor 1/0x1 ignored.
[    0.000000] ACPI: LAPIC_NMI (acpi_id[0x00] high edge lint[0x1])
[    0.000000] ACPI: LAPIC_NMI (acpi_id[0x01] high edge lint[0x1])
[    0.000000] ACPI: IOAPIC (id[0x01] address[0xfec00000] gsi_base[0])
[    0.000000] IOAPIC[0]: apic_id 1, version 32, address 0xfec00000, GSI 0-23
[    0.000000] ACPI: INT_SRC_OVR (bus 0 bus_irq 0 global_irq 2 dfl dfl)
[    0.000000] ACPI: INT_SRC_OVR (bus 0 bus_irq 9 global_irq 9 high level)
[    0.000000] ACPI: IRQ0 used by override.
[    0.000000] ACPI: IRQ2 used by override.
[    0.000000] ACPI: IRQ9 used by override.
[    0.000000] Using ACPI (MADT) for SMP configuration information
[    0.000000] ACPI: HPET id: 0x8086a201 base: 0xfed00000
[    0.000000] nr_irqs_gsi: 24
[    0.000000] PM: Registered nosave memory: 000000000009d000 - 000000000009e000
[    0.000000] PM: Registered nosave memory: 000000000009e000 - 00000000000a0000
[    0.000000] PM: Registered nosave memory: 00000000000a0000 - 00000000000d2000
[    0.000000] PM: Registered nosave memory: 00000000000d2000 - 00000000000d4000
[    0.000000] PM: Registered nosave memory: 00000000000d4000 - 00000000000e0000
[    0.000000] PM: Registered nosave memory: 00000000000e0000 - 0000000000100000
[    0.000000] Allocating PCI resources starting at 3e000000 (gap: 3e000000:b2000000)
[    0.000000] Built 1 zonelists in Zone order, mobility grouping on.  Total pages: 249503
[    0.000000] Kernel command line: auto BOOT_IMAGE=Linux ro root=802 vt.default_utf8=0 maxcpus=0
[    0.000000] PID hash table entries: 4096 (order: 2, 16384 bytes)
[    0.000000] Dentry cache hash table entries: 131072 (order: 7, 524288 bytes)
[    0.000000] Inode-cache hash table entries: 65536 (order: 6, 262144 bytes)
[    0.000000] Enabling fast FPU save and restore... done.
[    0.000000] Enabling unmasked SIMD FPU exception support... done.
[    0.000000] Initializing CPU#0
[    0.000000] Initializing HighMem for node 0 (000377fe:0003d6b0)
[    0.000000] Memory: 984800k/1006272k available (6915k kernel code, 20876k reserved, 2327k data, 448k init, 96968k highmem)
[    0.000000] virtual kernel memory layout:
[    0.000000]     fixmap  : 0xfffa3000 - 0xfffff000   ( 368 kB)
[    0.000000]     pkmap   : 0xff800000 - 0xffc00000   (4096 kB)
[    0.000000]     vmalloc : 0xf7ffe000 - 0xff7fe000   ( 120 MB)
[    0.000000]     lowmem  : 0xc0000000 - 0xf77fe000   ( 887 MB)
[    0.000000]       .init : 0xc1907000 - 0xc1977000   ( 448 kB)
[    0.000000]       .data : 0xc16c0d3f - 0xc1906c64   (2327 kB)
[    0.000000]       .text : 0xc1000000 - 0xc16c0d3f   (6915 kB)
[    0.000000] Checking if this processor honours the WP bit even in supervisor mode...Ok.
[    0.000000] SLUB: Genslabs=13, HWalign=64, Order=0-3, MinObjects=0, CPUs=1, Nodes=1
[    0.000000] Hierarchical RCU implementation.
[    0.000000] NR_IRQS:288
[    0.000000] Extended CMOS year: 2000
[    0.000000] Console: colour VGA+ 80x25
[    0.000000] console [tty0] enabled
[    0.000000] hpet clockevent registered
[    0.000000] Fast TSC calibration failed
[    0.000000] TSC: PIT calibration matches HPET. 1 loops
[    0.000000] Detected 2094.752 MHz processor.
[    0.002001] Calibrating delay loop (skipped), value calculated using timer frequency.. 4189.50 BogoMIPS (lpj=2094752)
[    0.003086] Security Framework initialized
[    0.003172] Mount-cache hash table entries: 512
[    0.003320] CPU: L1 I cache: 32K, L1 D cache: 32K
[    0.003446] CPU: L2 cache: 3072K
[    0.003525] mce: CPU supports 6 MCE banks
[    0.003605] CPU0: Thermal monitoring enabled (TM2)
[    0.003688] using mwait in idle threads.
[    0.003772] CPU: Intel(R) Core(TM)2 Duo CPU     T8100  @ 2.10GHz stepping 06
[    0.004006] Checking 'hlt' instruction... OK.
[    0.008936] ACPI: Core revision 20090903
[    0.028009] RANDOM get_random_int first call with cycles 38243062725, jiffies 4294667324 and pid 0
[    0.028016] CANARY value: 38ed00b for PID: 1
[    0.028023] CANARY value: 7e7f1471 for PID: 2
[    0.028048] Enabling APIC mode:  Flat.  Using 1 I/O APICs
[    0.029233] ..TIMER: vector=0x30 apic1=0 pin1=2 apic2=-1 pin2=-1
[    0.039997] xor: automatically using best checksumming function: pIII_sse
[    0.043998]    pIII_sse  :  8568.000 MB/sec
[    0.044085] xor: using function: pIII_sse (8568.000 MB/sec)
[    0.044174] RANDOM - __seed init called.
[    0.044175] RANDOM - __seed init called.
[    0.044176] RANDOM - __seed init called.
[    0.044178] RANDOM - __random32 called. Change num 1.  Value: 194dc3f7	d4f602ec	7e6e8df8
[    0.044179] RANDOM - __random32 called. Change num 2.  Value: dc3f7426	4f602ec3	1bf1a35c
[    0.044181] RANDOM - __random32 called. Change num 3.  Value: f7426657	f602ec39	46b88f97
[    0.044183] RANDOM - __random32 called. Change num 4.  Value: 26657771	602ec397	1f2e6f9e
[    0.044185] RANDOM - __random32 called. Change num 5.  Value: 57771111	2ec3970	df3ccba2
[    0.044186] RANDOM - __random32 called. Change num 6.  Value: 711116aa	2ec39704	9744db52
[    0.044188] RANDOM - random32 init called.  Value: 711116aa	2ec39704	9744db52
[    0.044205] NET: Registered protocol family 16
[    0.044469] ACPI FADT declares the system doesn't support PCIe ASPM, so disable it
[    0.044590] ACPI: bus type pci registered
[    0.044762] PCI: MCFG configuration 0: base f0000000 segment 0 buses 0 - 63
[    0.044858] PCI: MCFG area at f0000000 reserved in E820
[    0.044947] PCI: Using MMCONFIG for extended config space
[    0.045002] PCI: Using configuration type 1 for base access
[    0.048144] bio: create slab <bio-0> at 0
[    0.048956] ACPI: EC: EC description table is found, configuring boot EC
[    0.054119] ACPI: BIOS _OSI(Linux) query honored via DMI
[    0.054841] random 0000 0000 0000 00000000 00000000: rand_read_num 2 get_random_bytes(8): sig fffffe1a 00000000 00000000
[    0.054843] random 0000 0000 0000 00000000 00000000: extract_entropy(.. 8 ..)
[    0.054846] random 0000 0000 0000 00000000 00000000: going to reseed nonblocking with 64 bits (64 of 0 requested)
[    0.054848] random 0000 0000 0000 00000000 00000000: extract_entropy(.. 8 ..)
[    0.054850] random 0000 0000 0000 00000000 00000000: trying to extract 64 bits from input
[    0.054853] random 0000 0000 0000 00000000 00000000: debiting 0 entropy credits from input
[    0.054855] random 0000 0000 0000 00000000 00000000: extract_entropy account returned: 0 
[    0.054857] random 0000 0000 0000 00000000 00000000: urand_change_num 3 xfer_secondary_pool(8): pool_sig fffffe1a, data_sig 00000000, bytes_mixed 0 00000000 00000000
[    0.054860] random 0000 0000 0000 00000000 00000000: trying to extract 64 bits from nonblocking
[    0.054863] random 0000 0000 0000 00000000 00000000: debiting 64 entropy credits from nonblocking (unlimited)
[    0.054865] random 0000 0000 0000 00000000 00000000: extract_entropy account returned: 8 
[    0.054896] random 0000 0000 0000 00000000 00000000: urand_change_num 4 extract_buf: pool_sig fffffe1a, data_sig fffffed7, bytes_mixed 20 00000000 00000000
[    0.060673] ACPI: Interpreter enabled
[    0.060759] ACPI: (supports S0 S3 S4 S5)
[    0.060998] ACPI: Using IOAPIC for interrupt routing
[    0.070758] ACPI: EC: GPE = 0x12, I/O: command/status = 0x66, data = 0x62
[    0.071066] ACPI: Power Resource [PUBS] (on)
[    0.073182] ACPI: ACPI Dock Station Driver: 3 docks/bays found
[    0.073591] ACPI: PCI Root Bridge [PCI0] (0000:00)
[    0.073766] pci 0000:00:02.0: reg 10 64bit mmio: [0xf8100000-0xf81fffff]
[    0.073772] pci 0000:00:02.0: reg 18 64bit mmio pref: [0xe0000000-0xefffffff]
[    0.073776] pci 0000:00:02.0: reg 20 io port: [0x1800-0x1807]
[    0.073810] pci 0000:00:02.1: reg 10 64bit mmio: [0xf8200000-0xf82fffff]
[    0.073909] pci 0000:00:19.0: reg 10 32bit mmio: [0xfe000000-0xfe01ffff]
[    0.073918] pci 0000:00:19.0: reg 14 32bit mmio: [0xfe025000-0xfe025fff]
[    0.073927] pci 0000:00:19.0: reg 18 io port: [0x1840-0x185f]
[    0.074012] pci 0000:00:19.0: PME# supported from D0 D3hot D3cold
[    0.074105] pci 0000:00:19.0: PME# disabled
[    0.074247] pci 0000:00:1a.0: reg 20 io port: [0x1860-0x187f]
[    0.074315] pci 0000:00:1a.1: reg 20 io port: [0x1880-0x189f]
[    0.074395] pci 0000:00:1a.7: reg 10 32bit mmio: [0xfe226c00-0xfe226fff]
[    0.074475] pci 0000:00:1a.7: PME# supported from D0 D3hot D3cold
[    0.074572] pci 0000:00:1a.7: PME# disabled
[    0.074711] pci 0000:00:1b.0: reg 10 64bit mmio: [0xfe020000-0xfe023fff]
[    0.074795] pci 0000:00:1b.0: PME# supported from D0 D3hot D3cold
[    0.074885] pci 0000:00:1b.0: PME# disabled
[    0.075096] pci 0000:00:1c.0: PME# supported from D0 D3hot D3cold
[    0.075198] pci 0000:00:1c.0: PME# disabled
[    0.075405] pci 0000:00:1c.1: PME# supported from D0 D3hot D3cold
[    0.075502] pci 0000:00:1c.1: PME# disabled
[    0.075707] pci 0000:00:1c.2: PME# supported from D0 D3hot D3cold
[    0.075801] pci 0000:00:1c.2: PME# disabled
[    0.076012] pci 0000:00:1c.3: PME# supported from D0 D3hot D3cold
[    0.076758] pci 0000:00:1c.3: PME# disabled
[    0.076961] pci 0000:00:1c.4: PME# supported from D0 D3hot D3cold
[    0.076998] pci 0000:00:1c.4: PME# disabled
[    0.077144] pci 0000:00:1d.0: reg 20 io port: [0x18a0-0x18bf]
[    0.077221] pci 0000:00:1d.1: reg 20 io port: [0x18c0-0x18df]
[    0.077297] pci 0000:00:1d.2: reg 20 io port: [0x18e0-0x18ff]
[    0.077390] pci 0000:00:1d.7: reg 10 32bit mmio: [0xfe227000-0xfe2273ff]
[    0.077485] pci 0000:00:1d.7: PME# supported from D0 D3hot D3cold
[    0.077577] pci 0000:00:1d.7: PME# disabled
[    0.077869] pci 0000:00:1f.0: quirk: region 1000-107f claimed by ICH6 ACPI/GPIO/TCO
[    0.078000] pci 0000:00:1f.0: quirk: region 1180-11bf claimed by ICH6 GPIO
[    0.078096] pci 0000:00:1f.0: ICH7 LPC Generic IO decode 1 PIO at 1600 (mask 007f)
[    0.078222] pci 0000:00:1f.0: ICH7 LPC Generic IO decode 2 PIO at 15e0 (mask 000f)
[    0.078345] pci 0000:00:1f.0: ICH7 LPC Generic IO decode 3 PIO at 1680 (mask 001f)
[    0.078547] pci 0000:00:1f.1: reg 10 io port: [0x00-0x07]
[    0.078556] pci 0000:00:1f.1: reg 14 io port: [0x00-0x03]
[    0.078563] pci 0000:00:1f.1: reg 18 io port: [0x00-0x07]
[    0.078573] pci 0000:00:1f.1: reg 1c io port: [0x00-0x03]
[    0.078587] pci 0000:00:1f.1: reg 20 io port: [0x1c00-0x1c0f]
[    0.078668] pci 0000:00:1f.2: reg 10 io port: [0x1c50-0x1c57]
[    0.078677] pci 0000:00:1f.2: reg 14 io port: [0x1c44-0x1c47]
[    0.078685] pci 0000:00:1f.2: reg 18 io port: [0x1c48-0x1c4f]
[    0.078694] pci 0000:00:1f.2: reg 1c io port: [0x1c40-0x1c43]
[    0.078703] pci 0000:00:1f.2: reg 20 io port: [0x1c20-0x1c3f]
[    0.078712] pci 0000:00:1f.2: reg 24 32bit mmio: [0xfe226000-0xfe2267ff]
[    0.078770] pci 0000:00:1f.2: PME# supported from D3hot
[    0.078865] pci 0000:00:1f.2: PME# disabled
[    0.079031] pci 0000:00:1f.3: reg 10 32bit mmio: [0xfe227400-0xfe2274ff]
[    0.079056] pci 0000:00:1f.3: reg 20 io port: [0x1c60-0x1c7f]
[    0.079139] pci 0000:00:1c.0: bridge io port: [0x2000-0x2fff]
[    0.079145] pci 0000:00:1c.0: bridge 32bit mmio: [0xfc000000-0xfdffffff]
[    0.079154] pci 0000:00:1c.0: bridge 64bit mmio pref: [0xf8000000-0xf80fffff]
[    0.079224] pci 0000:03:00.0: reg 10 64bit mmio: [0xdf3f0000-0xdf3fffff]
[    0.079419] pci 0000:00:1c.1: bridge io port: [0x3000-0x3fff]
[    0.079423] pci 0000:00:1c.1: bridge 32bit mmio: [0xdc000000-0xdf3fffff]
[    0.079432] pci 0000:00:1c.1: bridge 64bit mmio pref: [0xdfe00000-0xdfefffff]
[    0.079497] pci 0000:00:1c.2: bridge io port: [0x4000-0x4fff]
[    0.079504] pci 0000:00:1c.2: bridge 32bit mmio: [0xd8000000-0xd9ffffff]
[    0.079512] pci 0000:00:1c.2: bridge 64bit mmio pref: [0xdfb00000-0xdfbfffff]
[    0.079567] pci 0000:00:1c.3: bridge io port: [0x5000-0x5fff]
[    0.079573] pci 0000:00:1c.3: bridge 32bit mmio: [0xd4000000-0xd5ffffff]
[    0.079582] pci 0000:00:1c.3: bridge 64bit mmio pref: [0xdf800000-0xdf8fffff]
[    0.079636] pci 0000:00:1c.4: bridge io port: [0x6000-0x6fff]
[    0.079643] pci 0000:00:1c.4: bridge 32bit mmio: [0xd0000000-0xd1ffffff]
[    0.079652] pci 0000:00:1c.4: bridge 64bit mmio pref: [0xdf500000-0xdf5fffff]
[    0.079720] pci 0000:15:00.0: reg 10 32bit mmio: [0xf8300000-0xf8300fff]
[    0.079770] pci 0000:15:00.0: supports D1 D2
[    0.079772] pci 0000:15:00.0: PME# supported from D0 D1 D2 D3hot D3cold
[    0.079870] pci 0000:15:00.0: PME# disabled
[    0.080044] pci 0000:15:00.1: reg 10 32bit mmio: [0xf8301000-0xf83017ff]
[    0.080138] pci 0000:15:00.1: supports D1 D2
[    0.080139] pci 0000:15:00.1: PME# supported from D0 D1 D2 D3hot D3cold
[    0.080234] pci 0000:15:00.1: PME# disabled
[    0.080425] pci 0000:00:1e.0: transparent bridge
[    0.080517] pci 0000:00:1e.0: bridge io port: [0x7000-0xafff]
[    0.080524] pci 0000:00:1e.0: bridge 32bit mmio: [0xf8300000-0xfbffffff]
[    0.080531] pci 0000:00:1e.0: bridge 64bit mmio pref: [0xf4000000-0xf7ffffff]
[    0.080593] pci_bus 0000:00: on NUMA node 0
[    0.080597] ACPI: PCI Interrupt Routing Table [\_SB_.PCI0._PRT]
[    0.080730] ACPI: PCI Interrupt Routing Table [\_SB_.PCI0.EXP0._PRT]
[    0.080789] ACPI: PCI Interrupt Routing Table [\_SB_.PCI0.EXP1._PRT]
[    0.080847] ACPI: PCI Interrupt Routing Table [\_SB_.PCI0.EXP2._PRT]
[    0.080905] ACPI: PCI Interrupt Routing Table [\_SB_.PCI0.EXP3._PRT]
[    0.080968] ACPI: PCI Interrupt Routing Table [\_SB_.PCI0.EXP4._PRT]
[    0.081037] ACPI: PCI Interrupt Routing Table [\_SB_.PCI0.PCI1._PRT]
[    0.086494] ACPI: PCI Interrupt Link [LNKA] (IRQs 3 4 5 6 7 9 *10 11)
[    0.087303] ACPI: PCI Interrupt Link [LNKB] (IRQs 3 4 5 6 7 9 10 *11)
[    0.088106] ACPI: PCI Interrupt Link [LNKC] (IRQs 3 4 5 6 7 9 10 *11)
[    0.088895] ACPI: PCI Interrupt Link [LNKD] (IRQs 3 4 5 6 7 9 10 *11)
[    0.089665] ACPI: PCI Interrupt Link [LNKE] (IRQs 3 4 5 6 7 9 10 *11)
[    0.090452] ACPI: PCI Interrupt Link [LNKF] (IRQs 3 4 5 6 7 9 10 *11)
[    0.091246] ACPI: PCI Interrupt Link [LNKG] (IRQs 3 4 5 6 7 9 10 *11)
[    0.092095] ACPI: PCI Interrupt Link [LNKH] (IRQs 3 4 5 6 7 9 10 *11)
[    0.092850] vgaarb: device added: PCI:0000:00:02.0,decodes=io+mem,owns=io+mem,locks=none
[    0.092976] vgaarb: loaded
[    0.093091] SCSI subsystem initialized
[    0.093189] libata version 3.00 loaded.
[    0.093236] usbcore: registered new interface driver usbfs
[    0.093356] usbcore: registered new interface driver hub
[    0.093470] usbcore: registered new device driver usb
[    0.110041] raid6: int32x1    941 MB/s
[    0.127058] raid6: int32x2    890 MB/s
[    0.144065] raid6: int32x4    750 MB/s
[    0.160999] raid6: int32x8    656 MB/s
[    0.177985] raid6: mmxx1     2878 MB/s
[    0.194987] raid6: mmxx2     3253 MB/s
[    0.211994] raid6: sse1x1    1937 MB/s
[    0.228980] raid6: sse1x2    2531 MB/s
[    0.245981] raid6: sse2x1    3515 MB/s
[    0.262982] raid6: sse2x2    3828 MB/s
[    0.263071] raid6: using algorithm sse2x2 (3828 MB/s)
[    0.263166] PCI: Using ACPI for IRQ routing
[    0.263471] HPET: 3 timers in total, 0 timers will be used for per-cpu timer
[    0.263989] Switching to clocksource tsc
[    0.264095] pnp: PnP ACPI init
[    0.264189] ACPI: bus type pnp registered
[    0.267829] pnp: PnP ACPI: found 11 devices
[    0.267929] ACPI: ACPI bus type pnp unregistered
[    0.268028] system 00:00: iomem range 0x0-0x9ffff could not be reserved
[    0.268120] system 00:00: iomem range 0xc0000-0xc3fff could not be reserved
[    0.268212] system 00:00: iomem range 0xc4000-0xc7fff could not be reserved
[    0.268303] system 00:00: iomem range 0xc8000-0xcbfff has been reserved
[    0.268395] system 00:00: iomem range 0xcc000-0xcffff has been reserved
[    0.268486] system 00:00: iomem range 0xd0000-0xd3fff could not be reserved
[    0.268578] system 00:00: iomem range 0xe0000-0xe3fff could not be reserved
[    0.268671] system 00:00: iomem range 0xe4000-0xe7fff could not be reserved
[    0.268762] system 00:00: iomem range 0xe8000-0xebfff could not be reserved
[    0.268858] system 00:00: iomem range 0xec000-0xeffff could not be reserved
[    0.268955] system 00:00: iomem range 0xf0000-0xfffff could not be reserved
[    0.269048] system 00:00: iomem range 0x100000-0x3dffffff could not be reserved
[    0.269167] system 00:00: iomem range 0xfec00000-0xfed3ffff could not be reserved
[    0.269289] system 00:00: iomem range 0xfed4c000-0xffffffff could not be reserved
[    0.269411] system 00:02: ioport range 0x164e-0x164f has been reserved
[    0.269503] system 00:02: ioport range 0x1000-0x107f has been reserved
[    0.269594] system 00:02: ioport range 0x1180-0x11bf has been reserved
[    0.269686] system 00:02: ioport range 0x800-0x80f has been reserved
[    0.269782] system 00:02: ioport range 0x15e0-0x15ef has been reserved
[    0.269880] system 00:02: ioport range 0x1600-0x165f could not be reserved
[    0.269974] system 00:02: iomem range 0xf0000000-0xf3ffffff has been reserved
[    0.270065] system 00:02: iomem range 0xfed1c000-0xfed1ffff has been reserved
[    0.270163] system 00:02: iomem range 0xfed14000-0xfed17fff has been reserved
[    0.270256] system 00:02: iomem range 0xfed18000-0xfed18fff has been reserved
[    0.270349] system 00:02: iomem range 0xfed19000-0xfed19fff has been reserved
[    0.270441] system 00:02: iomem range 0xfed45000-0xfed4bfff has been reserved
[    0.305479] pci 0000:00:1c.0: PCI bridge, secondary bus 0000:02
[    0.305574] pci 0000:00:1c.0:   IO window: 0x2000-0x2fff
[    0.305670] pci 0000:00:1c.0:   MEM window: 0xfc000000-0xfdffffff
[    0.305767] pci 0000:00:1c.0:   PREFETCH window: 0x000000f8000000-0x000000f80fffff
[    0.305898] pci 0000:00:1c.1: PCI bridge, secondary bus 0000:03
[    0.305992] pci 0000:00:1c.1:   IO window: 0x3000-0x3fff
[    0.306088] pci 0000:00:1c.1:   MEM window: 0xdc000000-0xdf3fffff
[    0.306184] pci 0000:00:1c.1:   PREFETCH window: 0x000000dfe00000-0x000000dfefffff
[    0.306308] pci 0000:00:1c.2: PCI bridge, secondary bus 0000:04
[    0.306402] pci 0000:00:1c.2:   IO window: 0x4000-0x4fff
[    0.306500] pci 0000:00:1c.2:   MEM window: 0xd8000000-0xd9ffffff
[    0.306594] pci 0000:00:1c.2:   PREFETCH window: 0x000000dfb00000-0x000000dfbfffff
[    0.306721] pci 0000:00:1c.3: PCI bridge, secondary bus 0000:05
[    0.306816] pci 0000:00:1c.3:   IO window: 0x5000-0x5fff
[    0.306915] pci 0000:00:1c.3:   MEM window: 0xd4000000-0xd5ffffff
[    0.307008] pci 0000:00:1c.3:   PREFETCH window: 0x000000df800000-0x000000df8fffff
[    0.307135] pci 0000:00:1c.4: PCI bridge, secondary bus 0000:0d
[    0.307229] pci 0000:00:1c.4:   IO window: 0x6000-0x6fff
[    0.307325] pci 0000:00:1c.4:   MEM window: 0xd0000000-0xd1ffffff
[    0.307421] pci 0000:00:1c.4:   PREFETCH window: 0x000000df500000-0x000000df5fffff
[    0.307549] pci 0000:15:00.0: CardBus bridge, secondary bus 0000:16
[    0.307641] pci 0000:15:00.0:   IO window: 0x007000-0x0070ff
[    0.307735] pci 0000:15:00.0:   IO window: 0x007400-0x0074ff
[    0.307827] pci 0000:15:00.0:   PREFETCH window: 0xf4000000-0xf7ffffff
[    0.307926] pci 0000:15:00.0:   MEM window: 0x40000000-0x43ffffff
[    0.308029] pci 0000:00:1e.0: PCI bridge, secondary bus 0000:15
[    0.308121] pci 0000:00:1e.0:   IO window: 0x7000-0xafff
[    0.308217] pci 0000:00:1e.0:   MEM window: 0xf8300000-0xfbffffff
[    0.308312] pci 0000:00:1e.0:   PREFETCH window: 0x000000f4000000-0x000000f7ffffff
[    0.308461] pci 0000:00:1c.0: PCI INT A -> GSI 20 (level, low) -> IRQ 20
[    0.308560] pci 0000:00:1c.0: setting latency timer to 64
[    0.308571] pci 0000:00:1c.1: PCI INT B -> GSI 21 (level, low) -> IRQ 21
[    0.308666] pci 0000:00:1c.1: setting latency timer to 64
[    0.308679] pci 0000:00:1c.2: PCI INT C -> GSI 22 (level, low) -> IRQ 22
[    0.308772] pci 0000:00:1c.2: setting latency timer to 64
[    0.308786] pci 0000:00:1c.3: PCI INT D -> GSI 23 (level, low) -> IRQ 23
[    0.308880] pci 0000:00:1c.3: setting latency timer to 64
[    0.308892] pci 0000:00:1c.4: PCI INT A -> GSI 20 (level, low) -> IRQ 20
[    0.308986] pci 0000:00:1c.4: setting latency timer to 64
[    0.308991] pci 0000:00:1e.0: enabling device (0005 -> 0007)
[    0.309090] pci 0000:00:1e.0: setting latency timer to 64
[    0.309106] pci 0000:15:00.0: PCI INT A -> GSI 16 (level, low) -> IRQ 16
[    0.309205] pci 0000:15:00.0: setting latency timer to 64
[    0.309211] pci_bus 0000:00: resource 0 io:  [0x00-0xffff]
[    0.309213] pci_bus 0000:00: resource 1 mem: [0x000000-0xffffffff]
[    0.309215] pci_bus 0000:02: resource 0 io:  [0x2000-0x2fff]
[    0.309217] pci_bus 0000:02: resource 1 mem: [0xfc000000-0xfdffffff]
[    0.309219] pci_bus 0000:02: resource 2 pref mem [0xf8000000-0xf80fffff]
[    0.309221] pci_bus 0000:03: resource 0 io:  [0x3000-0x3fff]
[    0.309222] pci_bus 0000:03: resource 1 mem: [0xdc000000-0xdf3fffff]
[    0.309224] pci_bus 0000:03: resource 2 pref mem [0xdfe00000-0xdfefffff]
[    0.309226] pci_bus 0000:04: resource 0 io:  [0x4000-0x4fff]
[    0.309228] pci_bus 0000:04: resource 1 mem: [0xd8000000-0xd9ffffff]
[    0.309230] pci_bus 0000:04: resource 2 pref mem [0xdfb00000-0xdfbfffff]
[    0.309232] pci_bus 0000:05: resource 0 io:  [0x5000-0x5fff]
[    0.309233] pci_bus 0000:05: resource 1 mem: [0xd4000000-0xd5ffffff]
[    0.309235] pci_bus 0000:05: resource 2 pref mem [0xdf800000-0xdf8fffff]
[    0.309237] pci_bus 0000:0d: resource 0 io:  [0x6000-0x6fff]
[    0.309239] pci_bus 0000:0d: resource 1 mem: [0xd0000000-0xd1ffffff]
[    0.309241] pci_bus 0000:0d: resource 2 pref mem [0xdf500000-0xdf5fffff]
[    0.309243] pci_bus 0000:15: resource 0 io:  [0x7000-0xafff]
[    0.309244] pci_bus 0000:15: resource 1 mem: [0xf8300000-0xfbffffff]
[    0.309246] pci_bus 0000:15: resource 2 pref mem [0xf4000000-0xf7ffffff]
[    0.309248] pci_bus 0000:15: resource 3 io:  [0x00-0xffff]
[    0.309250] pci_bus 0000:15: resource 4 mem: [0x000000-0xffffffff]
[    0.309252] pci_bus 0000:16: resource 0 io:  [0x7000-0x70ff]
[    0.309254] pci_bus 0000:16: resource 1 io:  [0x7400-0x74ff]
[    0.309255] pci_bus 0000:16: resource 2 pref mem [0xf4000000-0xf7ffffff]
[    0.309257] pci_bus 0000:16: resource 3 mem: [0x40000000-0x43ffffff]
[    0.309265] NET: Registered protocol family 2
[    0.309356] RANDOM - __random32 called. Change num 7.  Value: 116aaa78	ec39704a	b6a5ac40
[    0.309357] RANDOM - random32 called.  Value: 116aaa78	ec39704a	b6a5ac40
[    0.309362] random 0000 0000 0000 5f8db4e5 4cfdf2a8: rand_read_num 3 get_random_bytes(4): sig fffffb64 5f8db4e5 4cfdf2a8
[    0.309364] random 0000 0000 0000 5f8db4e5 4cfdf2a8: extract_entropy(.. 4 ..)
[    0.309367] random 0000 0000 0000 5f8db4e5 4cfdf2a8: going to reseed nonblocking with 64 bits (32 of 0 requested)
[    0.309369] random 0000 0000 0000 5f8db4e5 4cfdf2a8: extract_entropy(.. 8 ..)
[    0.309371] random 0000 0000 0000 5f8db4e5 4cfdf2a8: trying to extract 64 bits from input
[    0.309373] random 0000 0000 0000 5f8db4e5 4cfdf2a8: debiting 0 entropy credits from input
[    0.309375] random 0000 0000 0000 5f8db4e5 4cfdf2a8: extract_entropy account returned: 0 
[    0.309378] random 0000 0000 0000 5f8db4e5 4cfdf2a8: urand_change_num 5 xfer_secondary_pool(4): pool_sig fffffb64, data_sig 00000000, bytes_mixed 0 5f8db4e5 4cfdf2a8
[    0.309381] random 0000 0000 0000 5f8db4e5 4cfdf2a8: trying to extract 32 bits from nonblocking
[    0.309384] random 0000 0000 0000 5f8db4e5 4cfdf2a8: debiting 32 entropy credits from nonblocking (unlimited)
[    0.309386] random 0000 0000 0000 5f8db4e5 4cfdf2a8: extract_entropy account returned: 4 
[    0.309390] random 0000 0000 0000 5f8db4e5 4cfdf2a8: urand_change_num 6 extract_buf: pool_sig fffffb64, data_sig 00000241, bytes_mixed 20 5f8db4e5 4cfdf2a8
[    0.309399] IP route cache hash table entries: 32768 (order: 5, 131072 bytes)
[    0.309530] RANDOM - __random32 called. Change num 8.  Value: aaa78884	c39704ae	58807119
[    0.309532] RANDOM - random32 called.  Value: aaa78884	c39704ae	58807119
[    0.309542] RANDOM - __random32 called. Change num 9.  Value: 78884b76	39704ae6	e233907f
[    0.309544] RANDOM - random32 called.  Value: 78884b76	39704ae6	e233907f
[    0.309546] RANDOM - __random32 called. Change num 10.  Value: 84b76e3c	9704ae6e	20fe75e2
[    0.309548] RANDOM - random32 called.  Value: 84b76e3c	9704ae6e	20fe75e2
[    0.309558] RANDOM - __random32 called. Change num 11.  Value: 76e3cd2e	704ae6e5	ebc4e1bb
[    0.309559] RANDOM - random32 called.  Value: 76e3cd2e	704ae6e5	ebc4e1bb
[    0.309569] TCP established hash table entries: 131072 (order: 8, 1048576 bytes)
[    0.310061] TCP bind hash table entries: 65536 (order: 6, 262144 bytes)
[    0.310247] TCP: Hash tables configured (established 131072 bind 65536)
[    0.310336] TCP reno registered
[    0.310442] NET: Registered protocol family 1
[    0.310556] RPC: Registered udp transport module.
[    0.310645] RPC: Registered tcp transport module.
[    0.310733] RPC: Registered tcp NFSv4.1 backchannel transport module.
[    0.310829] pci 0000:00:02.0: Boot video device
[    0.311073] Simple Boot Flag at 0x35 set to 0x1
[    0.311592] highmem bounce pool size: 64 pages
[    0.313173] VFS: Disk quotas dquot_6.5.2
[    0.313298] Dquot-cache hash table entries: 1024 (order 0, 4096 bytes)
[    0.313975] NTFS driver 2.1.29 [Flags: R/W].
[    0.314142] ROMFS MTD (C) 2007 Red Hat, Inc.
[    0.314355] JFS: nTxBlock = 7695, nTxLock = 61562
[    0.316811] SGI XFS with ACLs, security attributes, large block/inode numbers, no debug enabled
[    0.317319] SGI XFS Quota Management subsystem
[    0.317614] Slow work thread pool: Starting up
[    0.317715] Slow work thread pool: Ready
[    0.317808] GFS2 (built May 24 2013 02:47:17) installed
[    0.317912] msgmni has been set to 1734
[    0.318079] alg: No test for cipher_null (cipher_null-generic)
[    0.318179] alg: No test for ecb(cipher_null) (ecb-cipher_null)
[    0.318280] alg: No test for digest_null (digest_null-generic)
[    0.318378] alg: No test for compress_null (compress_null-generic)
[    0.318942] alg: No test for fcrypt (fcrypt-generic)
[    0.320358] alg: No test for stdrng (krng)
[    0.320448] async_tx: api initialized (async)
[    0.320603] Block layer SCSI generic (bsg) driver version 0.4 loaded (major 254)
[    0.320724] io scheduler noop registered
[    0.320821] io scheduler anticipatory registered
[    0.320923] io scheduler deadline registered
[    0.321063] io scheduler cfq registered (default)
[    0.321295] pcieport 0000:00:1c.0: irq 24 for MSI/MSI-X
[    0.321312] pcieport 0000:00:1c.0: setting latency timer to 64
[    0.321497] pcieport 0000:00:1c.1: irq 25 for MSI/MSI-X
[    0.321509] pcieport 0000:00:1c.1: setting latency timer to 64
[    0.321685] pcieport 0000:00:1c.2: irq 26 for MSI/MSI-X
[    0.321696] pcieport 0000:00:1c.2: setting latency timer to 64
[    0.321884] pcieport 0000:00:1c.3: irq 27 for MSI/MSI-X
[    0.321895] pcieport 0000:00:1c.3: setting latency timer to 64
[    0.322074] pcieport 0000:00:1c.4: irq 28 for MSI/MSI-X
[    0.322084] pcieport 0000:00:1c.4: setting latency timer to 64
[    0.322229] pci_hotplug: PCI Hot Plug PCI Core version: 0.5
[    0.322427] isapnp: Scanning for PnP cards...
[    0.682958] isapnp: No Plug & Play device found
[    0.683047] random 0000 0000 0000 5f8db4e5 4cfdf2a8: initializing
[    0.683050] RANDOM init_std_data for input now value: 1369928909683049586
[    0.683051] RANDOM init_std_data for blocking now value: 1369928909683051601
[    0.683053] RANDOM init_std_data for nonblocking now value: 1369928909683053360
[    0.702617] Serial: 8250/16550 driver, 4 ports, IRQ sharing enabled
[    3.713649] floppy0: no floppy controllers found
[    3.714595] brd: module loaded
[    3.715101] loop: module loaded
[    3.715188] Compaq SMART2 Driver (v 2.6.0)
[    3.715310] HP CISS Driver (v 3.6.20)
[    3.715554] input: Macintosh mouse button emulation as /devices/virtual/input/input0
[    3.715694] Uniform Multi-Platform E-IDE driver
[    3.715917] piix 0000:00:1f.1: IDE controller (0x8086:0x2850 rev 0x03)
[    3.716019] pci 0000:00:1f.1: PCI INT C -> GSI 16 (level, low) -> IRQ 16
[    3.716129] piix 0000:00:1f.1: IDE port disabled
[    3.716230] piix 0000:00:1f.1: not 100% native mode: will probe irqs later
[    3.716332]     ide0: BM-DMA at 0x1c00-0x1c07
[    3.717087] Probing IDE interface ide0...
[    4.388825] hda: HL-DT-ST DVDRAM GSA-U10N, ATAPI CD/DVD-ROM drive
[    4.694619] hda: host max PIO4 wanted PIO255(auto-tune) selected PIO4
[    4.695389] hda: UDMA/33 mode selected
[    4.695858] ide0 at 0x1f0-0x1f7,0x3f6 on irq 14
[    4.699779] ide-gd driver 1.18
[    4.699891] ide-cd driver 5.00
[    4.701273] random 0000 0000 0000 00000000 00000000: add_disk_randomness(0:0) 00000000 00000000
[    4.701277] random 0000 0000 0000 00000000 00000000: add_timer_randomness(.. 256) with jiffies: 4925632300810206845, cycles: 4925632296515534859
[    4.701280] random 0000 0000 0000 00000000 00000000: added 11 entropy credits to input
[    4.701284] ide-cd: hda: ATAPI 24X DVD-ROM DVD-R/RAM CD-R/RW drive, 2048kB Cache
[    4.701735] Uniform CD-ROM driver Revision: 3.20
[    4.704503] random 0011 0000 0000 00000000 00000000: add_disk_randomness(0:0) 00000000 00000000
[    4.704507] random 0011 0000 0000 00000000 00000000: add_timer_randomness(.. 256) with jiffies: 4954696198473350784, cycles: 4954696194178678795
[    4.704509] random 0011 0000 0000 00000000 00000000: added 1 entropy credits to input
[    4.704512] random 0012 0000 0000 00000000 00000000: add_disk_randomness(0:0) 00000000 00000000
[    4.704515] random 0012 0000 0000 00000000 00000000: add_timer_randomness(.. 256) with jiffies: 4954773585194090112, cycles: 4954773580899418123
[    4.706498] random 0012 0000 0000 00000000 00000000: add_disk_randomness(0:0) 00000000 00000000
[    4.706501] random 0012 0000 0000 00000000 00000000: add_timer_randomness(.. 256) with jiffies: 4972643561133276802, cycles: 4972643556838604811
[    4.706504] random 0012 0000 0000 00000000 00000000: added 1 entropy credits to input
[    4.706507] random 0013 0000 0000 00000000 00000000: add_disk_randomness(0:0) 00000000 00000000
[    4.706510] random 0013 0000 0000 00000000 00000000: add_timer_randomness(.. 256) with jiffies: 4972718512607559298, cycles: 4972718508312887307
[    4.708498] random 0013 0000 0000 00000000 00000000: add_disk_randomness(0:0) 00000000 00000000
[    4.708501] random 0013 0000 0000 00000000 00000000: add_timer_randomness(.. 256) with jiffies: 4990635342344978052, cycles: 4990635338050306059
[    4.708504] random 0013 0000 0000 00000000 00000000: added 1 entropy credits to input
[    4.708506] random 0014 0000 0000 00000000 00000000: add_disk_randomness(0:0) 00000000 00000000
[    4.708509] random 0014 0000 0000 00000000 00000000: add_timer_randomness(.. 256) with jiffies: 4990707858572803716, cycles: 4990707854278131723
[    4.708787] Loading iSCSI transport class v2.0-870.
[    4.709073] rdac: device handler registered
[    4.709161] hp_sw: device handler registered
[    4.709247] emc: device handler registered
[    4.709336] alua: device handler registered
[    4.710326] Adaptec aacraid driver 1.1-5[2461]-ms
[    4.710749] scsi: <fdomain> Detection failed (no card)
[    4.710848] sym53c416.c: Version 1.0.0-ac
[    4.710956] qlogicfas: no cards were found, please specify I/O address and IRQ using iobase= and irq= options
[    4.711079] QLogic Fibre Channel HBA Driver: 8.03.01-k6
[    4.711306] iscsi: registered transport (qla4xxx)
[    4.711418] QLogic iSCSI HBA Driver
[    4.711509] Emulex LightPulse Fibre Channel SCSI driver 8.3.4
[    4.711604] Copyright(c) 2004-2009 Emulex.  All rights reserved.
[    4.733605] Failed initialization of WD-7000 SCSI card!
[    4.822919] DC390: clustering now enabled by default. If you get problems load
[    4.823042]        with "disable_clustering=1" and report to maintainers
[    4.823181] megaraid cmm: 2.20.2.7 (Release Date: Sun Jul 16 00:01:03 EST 2006)
[    4.823336] megaraid: 2.20.5.1 (Release Date: Thu Nov 16 15:32:35 EST 2006)
[    4.823447] megasas: 00.00.04.01 Thu July 24 11:41:51 PST 2008
[    4.823580] GDT-HA: Storage RAID Controller Driver. Version: 3.05
[    4.823730] 3ware Storage Controller device driver for Linux v1.26.02.002.
[    4.823844] 3ware 9000 Storage Controller device driver for Linux v2.26.02.012.
[    4.823990] nsp32: loading...
[    4.824095] ipr: IBM Power RAID SCSI Device Driver version: 2.4.3 (June 10, 2009)
[    4.824237] RocketRAID 3xxx/4xxx Controller driver v1.6 (090910)
[    4.824347] stex: Promise SuperTrak EX Driver version: 4.6.0000.3
[    4.824479] st: Version 20081215, fixed bufsize 32768, s/g segs 256
[    4.824677] ahci 0000:00:1f.2: version 3.0
[    4.824691] ahci 0000:00:1f.2: PCI INT B -> GSI 16 (level, low) -> IRQ 16
[    4.824831] ahci 0000:00:1f.2: irq 29 for MSI/MSI-X
[    4.824893] ahci 0000:00:1f.2: AHCI 0001.0100 32 slots 3 ports 1.5 Gbps 0x5 impl SATA mode
[    4.825021] ahci 0000:00:1f.2: flags: 64bit ncq sntf pm led clo pio slum part ccc 
[    4.825149] ahci 0000:00:1f.2: setting latency timer to 64
[    4.825291] scsi2 : ahci
[    4.825454] scsi3 : ahci
[    4.825613] scsi4 : ahci
[    4.825779] ata1: SATA max UDMA/133 abar m2048@0xfe226000 port 0xfe226100 irq 29
[    4.825902] ata2: DUMMY
[    4.825991] ata3: SATA max UDMA/133 abar m2048@0xfe226000 port 0xfe226200 irq 29
[    4.826603] I2O subsystem v1.325
[    4.826688] i2o: max drivers = 8
[    4.826834] I2O Configuration OSM v1.323
[    4.826935] I2O Bus Adapter OSM v1.317
[    4.827037] I2O Block Device OSM v1.325
[    4.827187] I2O SCSI Peripheral OSM v1.316
[    4.827290] I2O ProcFS OSM v1.316
[    4.827400] Fusion MPT base driver 3.04.12
[    4.827487] Copyright (c) 1999-2008 LSI Corporation
[    4.827594] Fusion MPT SPI Host driver 3.04.12
[    4.827747] Fusion MPT FC Host driver 3.04.12
[    4.827863] Fusion MPT SAS Host driver 3.04.12
[    4.828010] ohci1394 0000:15:00.1: PCI INT B -> GSI 17 (level, low) -> IRQ 17
[    4.828103] ohci1394 0000:15:00.1: setting latency timer to 64
[    4.881613] ohci1394: fw-host0: OHCI-1394 1.1 (PCI): IRQ=[17]  MMIO=[f8301000-f83017ff]  Max Packet=[2048]  IR/IT contexts=[4/4]
[    4.885886] ehci_hcd: USB 2.0 'Enhanced' Host Controller (EHCI) Driver
[    4.886200] ehci_hcd 0000:00:1a.7: power state changed by ACPI to D0
[    4.886448] ehci_hcd 0000:00:1a.7: power state changed by ACPI to D0
[    4.886547] ehci_hcd 0000:00:1a.7: PCI INT C -> GSI 22 (level, low) -> IRQ 22
[    4.886652] ehci_hcd 0000:00:1a.7: setting latency timer to 64
[    4.886657] ehci_hcd 0000:00:1a.7: EHCI Host Controller
[    4.886793] ehci_hcd 0000:00:1a.7: new USB bus registered, assigned bus number 1
[    4.890845] ehci_hcd 0000:00:1a.7: cache line size of 32 is not supported
[    4.890854] ehci_hcd 0000:00:1a.7: irq 22, io mem 0xfe226c00
[    4.900575] ehci_hcd 0000:00:1a.7: USB 2.0 started, EHCI 1.00
[    4.900683] usb usb1: New USB device found, idVendor=1d6b, idProduct=0002
[    4.900773] usb usb1: New USB device strings: Mfr=3, Product=2, SerialNumber=1
[    4.900901] usb usb1: Product: EHCI Host Controller
[    4.900990] usb usb1: Manufacturer: Linux 2.6.32.57 ehci_hcd
[    4.901082] usb usb1: SerialNumber: 0000:00:1a.7
[    4.901220] usb usb1: configuration #1 chosen from 1 choice
[    4.901338] hub 1-0:1.0: USB hub found
[    4.901430] hub 1-0:1.0: 4 ports detected
[    4.901730] ehci_hcd 0000:00:1d.7: power state changed by ACPI to D0
[    4.901994] ehci_hcd 0000:00:1d.7: power state changed by ACPI to D0
[    4.902101] ehci_hcd 0000:00:1d.7: PCI INT D -> GSI 19 (level, low) -> IRQ 19
[    4.902201] ehci_hcd 0000:00:1d.7: setting latency timer to 64
[    4.902206] ehci_hcd 0000:00:1d.7: EHCI Host Controller
[    4.902339] ehci_hcd 0000:00:1d.7: new USB bus registered, assigned bus number 2
[    4.902493] ehci_hcd 0000:00:1d.7: debug port 1
[    4.906470] ehci_hcd 0000:00:1d.7: cache line size of 32 is not supported
[    4.906477] ehci_hcd 0000:00:1d.7: irq 19, io mem 0xfe227000
[    4.916575] ehci_hcd 0000:00:1d.7: USB 2.0 started, EHCI 1.00
[    4.916686] usb usb2: New USB device found, idVendor=1d6b, idProduct=0002
[    4.916776] usb usb2: New USB device strings: Mfr=3, Product=2, SerialNumber=1
[    4.916901] usb usb2: Product: EHCI Host Controller
[    4.916994] usb usb2: Manufacturer: Linux 2.6.32.57 ehci_hcd
[    4.917088] usb usb2: SerialNumber: 0000:00:1d.7
[    4.917229] usb usb2: configuration #1 chosen from 1 choice
[    4.917346] hub 2-0:1.0: USB hub found
[    4.917438] hub 2-0:1.0: 6 ports detected
[    4.917617] 116x: driver isp116x-hcd, 03 Nov 2005
[    4.917723] ohci_hcd: USB 1.1 'Open' Host Controller (OHCI) Driver
[    4.917837] uhci_hcd: USB Universal Host Controller Interface driver
[    4.917952] uhci_hcd 0000:00:1a.0: PCI INT A -> GSI 20 (level, low) -> IRQ 20
[    4.918046] uhci_hcd 0000:00:1a.0: setting latency timer to 64
[    4.918051] uhci_hcd 0000:00:1a.0: UHCI Host Controller
[    4.918181] uhci_hcd 0000:00:1a.0: new USB bus registered, assigned bus number 3
[    4.918335] uhci_hcd 0000:00:1a.0: irq 20, io base 0x00001860
[    4.918448] usb usb3: New USB device found, idVendor=1d6b, idProduct=0001
[    4.918541] usb usb3: New USB device strings: Mfr=3, Product=2, SerialNumber=1
[    4.918665] usb usb3: Product: UHCI Host Controller
[    4.918753] usb usb3: Manufacturer: Linux 2.6.32.57 uhci_hcd
[    4.918842] usb usb3: SerialNumber: 0000:00:1a.0
[    4.918976] usb usb3: configuration #1 chosen from 1 choice
[    4.919098] hub 3-0:1.0: USB hub found
[    4.919188] hub 3-0:1.0: 2 ports detected
[    4.919482] uhci_hcd 0000:00:1a.1: power state changed by ACPI to D0
[    4.919745] uhci_hcd 0000:00:1a.1: power state changed by ACPI to D0
[    4.919841] uhci_hcd 0000:00:1a.1: PCI INT B -> GSI 21 (level, low) -> IRQ 21
[    4.919939] uhci_hcd 0000:00:1a.1: setting latency timer to 64
[    4.919944] uhci_hcd 0000:00:1a.1: UHCI Host Controller
[    4.920073] uhci_hcd 0000:00:1a.1: new USB bus registered, assigned bus number 4
[    4.920230] uhci_hcd 0000:00:1a.1: irq 21, io base 0x00001880
[    4.920342] usb usb4: New USB device found, idVendor=1d6b, idProduct=0001
[    4.920435] usb usb4: New USB device strings: Mfr=3, Product=2, SerialNumber=1
[    4.920554] usb usb4: Product: UHCI Host Controller
[    4.920652] usb usb4: Manufacturer: Linux 2.6.32.57 uhci_hcd
[    4.920745] usb usb4: SerialNumber: 0000:00:1a.1
[    4.920882] usb usb4: configuration #1 chosen from 1 choice
[    4.921005] hub 4-0:1.0: USB hub found
[    4.921095] hub 4-0:1.0: 2 ports detected
[    4.921405] uhci_hcd 0000:00:1d.0: power state changed by ACPI to D0
[    4.921703] uhci_hcd 0000:00:1d.0: power state changed by ACPI to D0
[    4.921798] uhci_hcd 0000:00:1d.0: PCI INT A -> GSI 16 (level, low) -> IRQ 16
[    4.921900] uhci_hcd 0000:00:1d.0: setting latency timer to 64
[    4.921903] uhci_hcd 0000:00:1d.0: UHCI Host Controller
[    4.922035] uhci_hcd 0000:00:1d.0: new USB bus registered, assigned bus number 5
[    4.922187] uhci_hcd 0000:00:1d.0: irq 16, io base 0x000018a0
[    4.922301] usb usb5: New USB device found, idVendor=1d6b, idProduct=0001
[    4.922395] usb usb5: New USB device strings: Mfr=3, Product=2, SerialNumber=1
[    4.922520] usb usb5: Product: UHCI Host Controller
[    4.922616] usb usb5: Manufacturer: Linux 2.6.32.57 uhci_hcd
[    4.922707] usb usb5: SerialNumber: 0000:00:1d.0
[    4.922845] usb usb5: configuration #1 chosen from 1 choice
[    4.922961] hub 5-0:1.0: USB hub found
[    4.923055] hub 5-0:1.0: 2 ports detected
[    4.923199] uhci_hcd 0000:00:1d.1: PCI INT B -> GSI 17 (level, low) -> IRQ 17
[    4.923297] uhci_hcd 0000:00:1d.1: setting latency timer to 64
[    4.923302] uhci_hcd 0000:00:1d.1: UHCI Host Controller
[    4.923429] uhci_hcd 0000:00:1d.1: new USB bus registered, assigned bus number 6
[    4.923581] uhci_hcd 0000:00:1d.1: irq 17, io base 0x000018c0
[    4.923698] usb usb6: New USB device found, idVendor=1d6b, idProduct=0001
[    4.923791] usb usb6: New USB device strings: Mfr=3, Product=2, SerialNumber=1
[    4.923915] usb usb6: Product: UHCI Host Controller
[    4.924004] usb usb6: Manufacturer: Linux 2.6.32.57 uhci_hcd
[    4.924095] usb usb6: SerialNumber: 0000:00:1d.1
[    4.924229] usb usb6: configuration #1 chosen from 1 choice
[    4.924349] hub 6-0:1.0: USB hub found
[    4.924441] hub 6-0:1.0: 2 ports detected
[    4.924736] uhci_hcd 0000:00:1d.2: power state changed by ACPI to D0
[    4.924988] uhci_hcd 0000:00:1d.2: power state changed by ACPI to D0
[    4.925085] uhci_hcd 0000:00:1d.2: PCI INT C -> GSI 18 (level, low) -> IRQ 18
[    4.925185] uhci_hcd 0000:00:1d.2: setting latency timer to 64
[    4.925190] uhci_hcd 0000:00:1d.2: UHCI Host Controller
[    4.925315] uhci_hcd 0000:00:1d.2: new USB bus registered, assigned bus number 7
[    4.925465] uhci_hcd 0000:00:1d.2: irq 18, io base 0x000018e0
[    4.925589] usb usb7: New USB device found, idVendor=1d6b, idProduct=0001
[    4.925683] usb usb7: New USB device strings: Mfr=3, Product=2, SerialNumber=1
[    4.925806] usb usb7: Product: UHCI Host Controller
[    4.925894] usb usb7: Manufacturer: Linux 2.6.32.57 uhci_hcd
[    4.926639] usb usb7: SerialNumber: 0000:00:1d.2
[    4.926778] usb usb7: configuration #1 chosen from 1 choice
[    4.926896] hub 7-0:1.0: USB hub found
[    4.926988] hub 7-0:1.0: 2 ports detected
[    4.927151] sl811: driver sl811-hcd, 19 May 2005
[    4.927261] r8a66597_hcd: driver r8a66597_hcd, 2009-05-26
[    4.927429] Initializing USB Mass Storage driver...
[    4.927555] usbcore: registered new interface driver usb-storage
[    4.927651] USB Mass Storage support registered.
[    4.927762] usbcore: registered new interface driver ums-alauda
[    4.927872] usbcore: registered new interface driver ums-cypress
[    4.927984] usbcore: registered new interface driver ums-datafab
[    4.928091] usbcore: registered new interface driver ums-freecom
[    4.928199] usbcore: registered new interface driver ums-isd200
[    4.928315] usbcore: registered new interface driver ums-jumpshot
[    4.928428] usbcore: registered new interface driver ums-karma
[    4.928540] usbcore: registered new interface driver ums-onetouch
[    4.928665] usbcore: registered new interface driver ums-sddr09
[    4.928774] usbcore: registered new interface driver ums-sddr55
[    4.928881] usbcore: registered new interface driver ums-usbat
[    4.929026] PNP: PS/2 Controller [PNP0303:KBD,PNP0f13:MOU] at 0x60,0x64 irq 1,12
[    4.937565] serio: i8042 KBD port at 0x60,0x64 irq 1
[    4.937660] serio: i8042 AUX port at 0x60,0x64 irq 12
[    4.937905] mice: PS/2 mouse device common for all mice
[    4.938017] i2c /dev entries driver
[    4.938147] md: linear personality registered for level -1
[    4.938237] md: raid0 personality registered for level 0
[    4.938330] md: raid1 personality registered for level 1
[    4.938418] md: raid10 personality registered for level 10
[    4.938510] md: raid6 personality registered for level 6
[    4.938608] md: raid5 personality registered for level 5
[    4.938698] md: raid4 personality registered for level 4
[    4.938789] md: multipath personality registered for level -4
[    4.938984] device-mapper: ioctl: 4.15.0-ioctl (2009-04-01) initialised: dm-devel@redhat.com
[    4.939193] cpuidle: using governor ladder
[    4.939795] usbcore: registered new interface driver usbhid
[    4.939893] usbhid: v2.6:USB HID core driver
[    4.940048] random 0014 0000 0000 00000000 00000000: rand_read_num 4 get_random_bytes(136): sig 00000000 00000000 00000000
[    4.940051] random 0014 0000 0000 00000000 00000000: extract_entropy(.. 136 ..)
[    4.940054] random 0014 0000 0000 00000000 00000000: going to reseed nonblocking with 1024 bits (1088 of 0 requested)
[    4.940056] random 0014 0000 0000 00000000 00000000: extract_entropy(.. 128 ..)
[    4.940058] random 0014 0000 0000 00000000 00000000: trying to extract 1024 bits from input
[    4.940060] random 0014 0000 0000 00000000 00000000: debiting 0 entropy credits from input
[    4.940062] random 0014 0000 0000 00000000 00000000: extract_entropy account returned: 0 
[    4.940065] random 0014 0000 0000 00000000 00000000: urand_change_num 7 xfer_secondary_pool(136): pool_sig 00000000, data_sig 00000000, bytes_mixed 0 00000000 00000000
[    4.940068] random 0014 0000 0000 00000000 00000000: trying to extract 1088 bits from nonblocking
[    4.940071] random 0014 0000 0000 00000000 00000000: debiting 1088 entropy credits from nonblocking (unlimited)
[    4.940073] random 0014 0000 0000 00000000 00000000: extract_entropy account returned: 136 
[    4.940077] random 0014 0000 0000 00000000 00000000: urand_change_num 8 extract_buf: pool_sig 00000000, data_sig fffffff9, bytes_mixed 20 00000000 00000000
[    4.940083] random 0014 0000 0000 b7c35b56 be4dc95d: urand_change_num 9 extract_buf: pool_sig fffffd1e, data_sig 000000c5, bytes_mixed 20 b7c35b56 be4dc95d
[    4.940088] random 0014 0000 0000 ed9f5c47 c48487fb: urand_change_num 10 extract_buf: pool_sig fffff8ec, data_sig ffffff68, bytes_mixed 20 ed9f5c47 c48487fb
[    4.940093] random 0014 0000 0000 ed9f5c47 c48487fb: urand_change_num 11 extract_buf: pool_sig fffffaed, data_sig 000001aa, bytes_mixed 20 ed9f5c47 c48487fb
[    4.940099] random 0014 0000 0000 1b4f7c0a 91bd6a48: urand_change_num 12 extract_buf: pool_sig fffffdd8, data_sig 00000064, bytes_mixed 20 1b4f7c0a 91bd6a48
[    4.940104] random 0014 0000 0000 a254b9bc 20e9a24f: urand_change_num 13 extract_buf: pool_sig fffffbe6, data_sig 000001dd, bytes_mixed 20 a254b9bc 20e9a24f
[    4.940109] random 0014 0000 0000 a254b9bc 20e9a24f: urand_change_num 14 extract_buf: pool_sig fffff940, data_sig fffffe20, bytes_mixed 20 a254b9bc 20e9a24f
[    4.940114] random 0014 0000 0000 2831a66b 5fa2a3ad: urand_change_num 15 extract_buf: pool_sig fffffbce, data_sig 0000007e, bytes_mixed 20 2831a66b 5fa2a3ad
[    4.940120] random 0014 0000 0000 2831a66b 5fa2a3ad: urand_change_num 16 extract_buf: pool_sig 000004df, data_sig fffffe8f, bytes_mixed 20 2831a66b 5fa2a3ad
[    4.940125] random 0014 0000 0000 d4512bfd c9a54e0b: urand_change_num 17 extract_buf: pool_sig 00000485, data_sig fffffe68, bytes_mixed 20 d4512bfd c9a54e0b
[    4.940130] random 0014 0000 0000 c7371be6 f9ffea11: urand_change_num 18 extract_buf: pool_sig 00000095, data_sig ffffffed, bytes_mixed 20 c7371be6 f9ffea11
[    4.940135] random 0014 0000 0000 c7371be6 f9ffea11: urand_change_num 19 extract_buf: pool_sig 000003a7, data_sig fffffefa, bytes_mixed 20 c7371be6 f9ffea11
[    4.940140] random 0014 0000 0000 8fb4b62c d1ddba54: urand_change_num 20 extract_buf: pool_sig 00000179, data_sig ffffff78, bytes_mixed 20 8fb4b62c d1ddba54
[    4.940146] random 0014 0000 0000 9ff19f9c c07a1d2a: urand_change_num 21 extract_buf: pool_sig fffffe88, data_sig 00000126, bytes_mixed 20 9ff19f9c c07a1d2a
[    4.940150] TCP cubic registered
[    4.940236] Initializing XFRM netlink socket
[    4.940331] NET: Registered protocol family 17
[    4.940428] Using IPI Shortcut mode
[    4.940516] random 0014 0000 0000 9ff19f9c c07a1d2a: rand_read_num 5 get_random_bytes(8): sig 0000031b 9ff19f9c c07a1d2a
[    4.940518] random 0014 0000 0000 9ff19f9c c07a1d2a: extract_entropy(.. 8 ..)
[    4.940521] random 0014 0000 0000 9ff19f9c c07a1d2a: going to reseed nonblocking with 64 bits (64 of 0 requested)
[    4.940523] random 0014 0000 0000 9ff19f9c c07a1d2a: extract_entropy(.. 8 ..)
[    4.940525] random 0014 0000 0000 9ff19f9c c07a1d2a: trying to extract 64 bits from input
[    4.940527] random 0014 0000 0000 9ff19f9c c07a1d2a: debiting 0 entropy credits from input
[    4.940529] random 0014 0000 0000 9ff19f9c c07a1d2a: extract_entropy account returned: 0 
[    4.940532] random 0014 0000 0000 9ff19f9c c07a1d2a: urand_change_num 22 xfer_secondary_pool(8): pool_sig 0000031b, data_sig 00000000, bytes_mixed 0 9ff19f9c c07a1d2a
[    4.940535] random 0014 0000 0000 9ff19f9c c07a1d2a: trying to extract 64 bits from nonblocking
[    4.940538] random 0014 0000 0000 9ff19f9c c07a1d2a: debiting 64 entropy credits from nonblocking (unlimited)
[    4.940540] random 0014 0000 0000 9ff19f9c c07a1d2a: extract_entropy account returned: 8 
[    4.940544] random 0014 0000 0000 9ff19f9c c07a1d2a: urand_change_num 23 extract_buf: pool_sig 0000031b, data_sig ffffffb3, bytes_mixed 20 9ff19f9c c07a1d2a
[    4.942786] input: AT Translated Set 2 keyboard as /devices/platform/i8042/serio0/input/input1
[    5.131574] ata3: SATA link down (SStatus 0 SControl 300)
[    5.131685] ata1: SATA link up 1.5 Gbps (SStatus 113 SControl 300)
[    5.134456] ata1.00: ACPI cmd ef/02:00:00:00:00:a0 (SET FEATURES) succeeded
[    5.134459] ata1.00: ACPI cmd f5/00:00:00:00:00:a0 (SECURITY FREEZE LOCK) filtered out
[    5.135851] ata1.00: ACPI cmd ef/5f:00:00:00:00:a0 (SET FEATURES) succeeded
[    5.135854] ata1.00: ACPI cmd ef/10:03:00:00:00:a0 (SET FEATURES) filtered out
[    5.137761] ata1.00: ATA-7: ST910021AS, 4.06, max UDMA/100
[    5.137852] ata1.00: 195371568 sectors, multi 16: LBA48 
[    5.140000] ata1.00: ACPI cmd ef/02:00:00:00:00:a0 (SET FEATURES) succeeded
[    5.140002] ata1.00: ACPI cmd f5/00:00:00:00:00:a0 (SECURITY FREEZE LOCK) filtered out
[    5.141394] ata1.00: ACPI cmd ef/5f:00:00:00:00:a0 (SET FEATURES) succeeded
[    5.141396] ata1.00: ACPI cmd ef/10:03:00:00:00:a0 (SET FEATURES) filtered out
[    5.143319] ata1.00: configured for UDMA/100
[    5.153625] scsi 2:0:0:0: Direct-Access     ATA      ST910021AS       4.06 PQ: 0 ANSI: 5
[    5.153908] sd 2:0:0:0: [sda] 195371568 512-byte logical blocks: (100 GB/93.1 GiB)
[    5.154050] sd 2:0:0:0: [sda] Write Protect is off
[    5.154140] sd 2:0:0:0: [sda] Mode Sense: 00 3a 00 00
[    5.154152] sd 2:0:0:0: [sda] Write cache: enabled, read cache: enabled, doesn't support DPO or FUA
[    5.154342]  sda:
[    5.219558] usb 2-1: new high speed USB device using ehci_hcd and address 2
[    5.368864] usb 2-1: New USB device found, idVendor=0e8d, idProduct=1806
[    5.368948] usb 2-1: New USB device strings: Mfr=1, Product=2, SerialNumber=3
[    5.369041] usb 2-1: Product: MT1806 
[    5.369126] usb 2-1: Manufacturer: MediaTek Inc
[    5.369214] usb 2-1: SerialNumber: R8KN6GAC800AEB 
[    5.369352] usb 2-1: configuration #1 chosen from 1 choice
[    5.375781] scsi5 : SCSI emulation for USB Mass Storage devices
[    5.375947] usb-storage: device found at 2
[    5.375948] usb-storage: waiting for device to settle before scanning
[    5.592037] random 0014 0000 0000 277f73c3 42024bb9: add_disk_randomness(8:0) 277f73c3 42024bb9
[    5.592041] random 0014 0000 0000 277f73c3 42024bb9: add_timer_randomness(.. 8388864) with jiffies: 12939738638865629600, cycles: -5507005439138594805
[    5.592044] random 0014 0000 0000 277f73c3 42024bb9: added 11 entropy credits to input
[    5.592049]  sda1 sda2
[    5.592610] random 0025 0000 0000 277f73c3 42024bb9: add_disk_randomness(8:0) 277f73c3 42024bb9
[    5.592613] random 0025 0000 0000 277f73c3 42024bb9: add_timer_randomness(.. 8388864) with jiffies: 12944884134240289185, cycles: -5501859943763935221
[    5.592768] sd 2:0:0:0: [sda] Attached SCSI disk
[    5.592860] random 0025 0000 0000 277f73c3 42024bb9: rand_read_num 6 get_random_bytes(12): sig 000007e9 277f73c3 42024bb9
[    5.592863] random 0025 0000 0000 277f73c3 42024bb9: extract_entropy(.. 12 ..)
[    5.592865] random 0025 0000 0000 277f73c3 42024bb9: going to reseed nonblocking with 96 bits (96 of 0 requested)
[    5.592868] random 0025 0000 0000 277f73c3 42024bb9: extract_entropy(.. 12 ..)
[    5.592870] random 0025 0000 0000 277f73c3 42024bb9: trying to extract 96 bits from input
[    5.592872] random 0025 0000 0000 277f73c3 42024bb9: debiting 0 entropy credits from input
[    5.592874] random 0025 0000 0000 277f73c3 42024bb9: extract_entropy account returned: 0 
[    5.592877] random 0025 0000 0000 277f73c3 42024bb9: urand_change_num 24 xfer_secondary_pool(12): pool_sig 000007e9, data_sig 00000000, bytes_mixed 0 277f73c3 42024bb9
[    5.592880] random 0025 0000 0000 277f73c3 42024bb9: trying to extract 96 bits from nonblocking
[    5.592882] random 0025 0000 0000 277f73c3 42024bb9: debiting 96 entropy credits from nonblocking (unlimited)
[    5.592885] random 0025 0000 0000 277f73c3 42024bb9: extract_entropy account returned: 12 
[    5.592889] random 0025 0000 0000 277f73c3 42024bb9: urand_change_num 25 extract_buf: pool_sig 000007e9, data_sig 00000088, bytes_mixed 20 277f73c3 42024bb9
[    5.592894] random 0025 0000 0000 277f73c3 42024bb9: urand_change_num 26 extract_buf: pool_sig 00000498, data_sig fffffefb, bytes_mixed 20 277f73c3 42024bb9
[    5.592897] RANDOM - __seed init called.
[    5.592898] RANDOM - __seed init called.
[    5.592899] RANDOM - __seed init called.
[    5.592901] RANDOM - __random32 called. Change num 12.  Value: 87f14767	f0d7351	b1e48bd3
[    5.592903] RANDOM - random32_reseed called.  Value: 87f14767	f0d7351	b1e48bd3
[    5.592905] Pid: 1, comm: swapper Not tainted 2.6.32.57 #6
[    5.592996] Call Trace:
[    5.593086]  [<c1923ca4>] ? random32_reseed+0xa0/0xb1
[    5.593174]  [<c1923c04>] ? random32_reseed+0x0/0xb1
[    5.593265]  [<c100111e>] ? do_one_initcall+0x2e/0x180
[    5.593357]  [<c1907265>] ? kernel_init+0xad/0x103
[    5.593451]  [<c19071b8>] ? kernel_init+0x0/0x103
[    5.593546]  [<c1003787>] ? kernel_thread_helper+0x7/0x10
[    5.594082] random 0025 0000 0000 386b4e60 ee4d4880: rand_read_num 7 get_random_bytes(64): sig fffffea5 386b4e60 ee4d4880
[    5.594085] random 0025 0000 0000 386b4e60 ee4d4880: extract_entropy(.. 64 ..)
[    5.594087] random 0025 0000 0000 386b4e60 ee4d4880: going to reseed nonblocking with 512 bits (512 of 0 requested)
[    5.594089] random 0025 0000 0000 386b4e60 ee4d4880: extract_entropy(.. 64 ..)
[    5.594091] random 0025 0000 0000 386b4e60 ee4d4880: trying to extract 512 bits from input
[    5.594094] random 0025 0000 0000 386b4e60 ee4d4880: debiting 0 entropy credits from input
[    5.594096] random 0025 0000 0000 386b4e60 ee4d4880: extract_entropy account returned: 0 
[    5.594099] random 0025 0000 0000 386b4e60 ee4d4880: urand_change_num 27 xfer_secondary_pool(64): pool_sig fffffea5, data_sig 00000000, bytes_mixed 0 386b4e60 ee4d4880
[    5.594102] random 0025 0000 0000 386b4e60 ee4d4880: trying to extract 512 bits from nonblocking
[    5.594104] random 0025 0000 0000 386b4e60 ee4d4880: debiting 512 entropy credits from nonblocking (unlimited)
[    5.594106] random 0025 0000 0000 386b4e60 ee4d4880: extract_entropy account returned: 64 
[    5.594110] random 0025 0000 0000 386b4e60 ee4d4880: urand_change_num 28 extract_buf: pool_sig fffffea5, data_sig 00000173, bytes_mixed 20 386b4e60 ee4d4880
[    5.594116] random 0025 0000 0000 412698f6 0cc8689a: urand_change_num 29 extract_buf: pool_sig 00000122, data_sig ffffff63, bytes_mixed 20 412698f6 0cc8689a
[    5.594121] random 0025 0000 0000 412698f6 0cc8689a: urand_change_num 30 extract_buf: pool_sig 000001f7, data_sig 00000012, bytes_mixed 20 412698f6 0cc8689a
[    5.594127] random 0025 0000 0000 9669941e 06f768b1: urand_change_num 31 extract_buf: pool_sig fffffb5b, data_sig 0000003f, bytes_mixed 20 9669941e 06f768b1
[    5.594132] random 0025 0000 0000 98486520 995551f0: urand_change_num 32 extract_buf: pool_sig fffffb39, data_sig 0000000e, bytes_mixed 20 98486520 995551f0
[    5.594137] random 0025 0000 0000 98486520 995551f0: urand_change_num 33 extract_buf: pool_sig fffffd8d, data_sig 000001a6, bytes_mixed 20 98486520 995551f0
[    5.594142] random 0025 0000 0000 61fc8914 d5882ed2: urand_change_num 34 extract_buf: pool_sig fffffa58, data_sig 0000023e, bytes_mixed 20 61fc8914 d5882ed2
[    5.594171] random 0025 0000 0000 61fc8914 d5882ed2: rand_read_num 8 get_random_bytes(64): sig fffff9ee 61fc8914 d5882ed2
[    5.594174] random 0025 0000 0000 61fc8914 d5882ed2: extract_entropy(.. 64 ..)
[    5.594176] random 0025 0000 0000 61fc8914 d5882ed2: going to reseed nonblocking with 512 bits (512 of 0 requested)
[    5.594178] random 0025 0000 0000 61fc8914 d5882ed2: extract_entropy(.. 64 ..)
[    5.594180] random 0025 0000 0000 61fc8914 d5882ed2: trying to extract 512 bits from input
[    5.594183] random 0025 0000 0000 61fc8914 d5882ed2: debiting 0 entropy credits from input
[    5.594185] random 0025 0000 0000 61fc8914 d5882ed2: extract_entropy account returned: 0 
[    5.594188] random 0025 0000 0000 61fc8914 d5882ed2: urand_change_num 35 xfer_secondary_pool(64): pool_sig fffff9ee, data_sig 00000000, bytes_mixed 0 61fc8914 d5882ed2
[    5.594191] random 0025 0000 0000 61fc8914 d5882ed2: trying to extract 512 bits from nonblocking
[    5.594193] random 0025 0000 0000 61fc8914 d5882ed2: debiting 512 entropy credits from nonblocking (unlimited)
[    5.594195] random 0025 0000 0000 61fc8914 d5882ed2: extract_entropy account returned: 64 
[    5.594199] random 0025 0000 0000 61fc8914 d5882ed2: urand_change_num 36 extract_buf: pool_sig fffff9ee, data_sig ffffff85, bytes_mixed 20 61fc8914 d5882ed2
[    5.594205] random 0025 0000 0000 70cfd302 e5edec11: urand_change_num 37 extract_buf: pool_sig fffffdc1, data_sig ffffffde, bytes_mixed 20 70cfd302 e5edec11
[    5.594210] random 0025 0000 0000 00dab838 eafd2b30: urand_change_num 38 extract_buf: pool_sig 000003da, data_sig ffffff61, bytes_mixed 20 00dab838 eafd2b30
[    5.594215] random 0025 0000 0000 00dab838 eafd2b30: urand_change_num 39 extract_buf: pool_sig 00000314, data_sig 00000121, bytes_mixed 20 00dab838 eafd2b30
[    5.594221] random 0025 0000 0000 5fcdf66a 6442b608: urand_change_num 40 extract_buf: pool_sig 0000028b, data_sig fffffefd, bytes_mixed 20 5fcdf66a 6442b608
[    5.594226] random 0025 0000 0000 61333f6b 8fae0f9b: urand_change_num 41 extract_buf: pool_sig 000000cb, data_sig 000000b3, bytes_mixed 20 61333f6b 8fae0f9b
[    5.594231] random 0025 0000 0000 61333f6b 8fae0f9b: urand_change_num 42 extract_buf: pool_sig fffffef8, data_sig 00000051, bytes_mixed 20 61333f6b 8fae0f9b
[    5.594234] BEGIN NET_SECRET:
[    5.594235] \xffffffe0
[    5.594236] \xffffffb6
[    5.594237] \x36
[    5.594237] \xffffffb5
[    5.594238] \xffffff94
[    5.594239] \xffffffb2
[    5.594240] \xffffffa8
[    5.594241] \xffffffda
[    5.594242] \x5b
[    5.594242] \x19
[    5.594243] \x18
[    5.594244] \x5c
[    5.594245] \x2b
[    5.594245] \x1
[    5.594246] \xffffff90
[    5.594247] \x19
[    5.594248] \x3c
[    5.594248] \xfffffff2
[    5.594249] \xffffff82
[    5.594250] \x2a
[    5.594251] \xffffffb3
[    5.594252] \xffffffa2
[    5.594252] \x3f
[    5.594253] \x5
[    5.594254] \x52
[    5.594255] \x77
[    5.594255] \x57
[    5.594256] \x79
[    5.594257] \x16
[    5.594257] \x43
[    5.594258] \xffffff84
[    5.594259] \xffffffc3
[    5.594260] \xffffffe9
[    5.594261] \x79
[    5.594261] \x50
[    5.594262] \xffffff8e
[    5.594263] \x3f
[    5.594264] \xfffffff3
[    5.594265] \x19
[    5.594265] \x2a
[    5.594266] \xfffffffd
[    5.594267] \xfffffffb
[    5.594268] \x62
[    5.594268] \x3c
[    5.594269] \xffffffac
[    5.594270] \x1c
[    5.594271] \x3b
[    5.594271] \x3b
[    5.594272] \x15
[    5.594273] \x27
[    5.594273] \xffffffa8
[    5.594274] \x22
[    5.594275] \xffffffc5
[    5.594276] \xffffff9a
[    5.594277] \x5
[    5.594277] \x6c
[    5.594278] \xffffffa8
[    5.594279] \x3a
[    5.594280] \x44
[    5.594280] \xffffffaf
[    5.594281] \x13
[    5.594282] \xffffffe0
[    5.594283] \xffffff9d
[    5.594284] \x22
[    5.594284] 
[    5.594285] END NET_SECRET
[    5.594288] random 0025 0000 0000 e7f555d9 e8ce5c3c: rand_read_num 9 get_random_bytes(4): sig 0000068c e7f555d9 e8ce5c3c
[    5.594290] random 0025 0000 0000 e7f555d9 e8ce5c3c: extract_entropy(.. 4 ..)
[    5.594293] random 0025 0000 0000 e7f555d9 e8ce5c3c: going to reseed nonblocking with 64 bits (32 of 0 requested)
[    5.594295] random 0025 0000 0000 e7f555d9 e8ce5c3c: extract_entropy(.. 8 ..)
[    5.594297] random 0025 0000 0000 e7f555d9 e8ce5c3c: trying to extract 64 bits from input
[    5.594299] random 0025 0000 0000 e7f555d9 e8ce5c3c: debiting 0 entropy credits from input
[    5.594301] random 0025 0000 0000 e7f555d9 e8ce5c3c: extract_entropy account returned: 0 
[    5.594304] random 0025 0000 0000 e7f555d9 e8ce5c3c: urand_change_num 43 xfer_secondary_pool(4): pool_sig 0000068c, data_sig 00000000, bytes_mixed 0 e7f555d9 e8ce5c3c
[    5.594307] random 0025 0000 0000 e7f555d9 e8ce5c3c: trying to extract 32 bits from nonblocking
[    5.594309] random 0025 0000 0000 e7f555d9 e8ce5c3c: debiting 32 entropy credits from nonblocking (unlimited)
[    5.594312] random 0025 0000 0000 e7f555d9 e8ce5c3c: extract_entropy account returned: 4 
[    5.594316] random 0025 0000 0000 e7f555d9 e8ce5c3c: urand_change_num 44 extract_buf: pool_sig 0000068c, data_sig fffffdcb, bytes_mixed 20 e7f555d9 e8ce5c3c
[    5.594327] md: Waiting for all devices to be available before autodetect
[    5.594416] md: If you don't use raid, use raid=noautodetect
[    5.594585] md: Autodetecting RAID arrays.
[    5.594675] md: Scanned 0 and added 0 devices.
[    5.594762] md: autorun ...
[    5.594849] md: ... autorun DONE.
[    5.608244] random 0025 0000 0000 e7f555d9 e8ce5c3c: add_disk_randomness(8:0) e7f555d9 e8ce5c3c
[    5.608248] random 0025 0000 0000 e7f555d9 e8ce5c3c: add_timer_randomness(.. 8388864) with jiffies: 13085554208788939184, cycles: -5361189869215285237
[    5.608250] random 0025 0000 0000 e7f555d9 e8ce5c3c: added 3 entropy credits to input
[    5.609366] random 0028 0000 0000 e7f555d9 e8ce5c3c: add_disk_randomness(8:0) e7f555d9 e8ce5c3c
[    5.609369] random 0028 0000 0000 e7f555d9 e8ce5c3c: add_timer_randomness(.. 8388864) with jiffies: 13095642803499401649, cycles: -5351101274504822773
[    5.609485] random 0028 0000 0000 e7f555d9 e8ce5c3c: add_disk_randomness(8:0) e7f555d9 e8ce5c3c
[    5.609488] random 0028 0000 0000 e7f555d9 e8ce5c3c: add_timer_randomness(.. 8388864) with jiffies: 13096723013544149425, cycles: -5350021064460074997
[    5.609495] EXT3-fs: sda2: couldn't mount because of unsupported optional features (240).
[    5.609725] random 0028 0000 0000 e7f555d9 e8ce5c3c: add_disk_randomness(8:0) e7f555d9 e8ce5c3c
[    5.609728] random 0028 0000 0000 e7f555d9 e8ce5c3c: add_timer_randomness(.. 8388864) with jiffies: 13098866120620474802, cycles: -5347877957383749621
[    5.609733] EXT2-fs: sda2: couldn't mount because of unsupported optional features (240).
[    5.609992] random 0028 0000 0000 e7f555d9 e8ce5c3c: add_disk_randomness(8:0) e7f555d9 e8ce5c3c
[    5.609995] random 0028 0000 0000 e7f555d9 e8ce5c3c: add_timer_randomness(.. 8388864) with jiffies: 13101274265833669042, cycles: -5345469812170555381
[    5.610127] random 0028 0000 0000 e7f555d9 e8ce5c3c: add_disk_randomness(8:0) e7f555d9 e8ce5c3c
[    5.610130] random 0028 0000 0000 e7f555d9 e8ce5c3c: add_timer_randomness(.. 8388864) with jiffies: 13102489857542554034, cycles: -5344254220461670389
[    5.610253] random 0028 0000 0000 e7f555d9 e8ce5c3c: add_disk_randomness(8:0) e7f555d9 e8ce5c3c
[    5.610256] random 0028 0000 0000 e7f555d9 e8ce5c3c: add_timer_randomness(.. 8388864) with jiffies: 13103624278664511922, cycles: -5343119799339712501
[    5.610364] random 0028 0000 0000 e7f555d9 e8ce5c3c: add_disk_randomness(8:0) e7f555d9 e8ce5c3c
[    5.610367] random 0028 0000 0000 e7f555d9 e8ce5c3c: add_timer_randomness(.. 8388864) with jiffies: 13104628725486158258, cycles: -5342115352518066165
[    5.610482] random 0028 0000 0000 e7f555d9 e8ce5c3c: add_disk_randomness(8:0) e7f555d9 e8ce5c3c
[    5.610485] random 0028 0000 0000 e7f555d9 e8ce5c3c: add_timer_randomness(.. 8388864) with jiffies: 13105690853718589874, cycles: -5341053224285634549
[    5.610591] random 0028 0000 0000 e7f555d9 e8ce5c3c: add_disk_randomness(8:0) e7f555d9 e8ce5c3c
[    5.610594] random 0028 0000 0000 e7f555d9 e8ce5c3c: add_timer_randomness(.. 8388864) with jiffies: 13106654850538242483, cycles: -5340089227465981941
[    5.610708] random 0028 0000 0000 e7f555d9 e8ce5c3c: add_disk_randomness(8:0) e7f555d9 e8ce5c3c
[    5.610711] random 0028 0000 0000 e7f555d9 e8ce5c3c: add_timer_randomness(.. 8388864) with jiffies: 13107713869214351795, cycles: -5339030208789872629
[    5.610821] random 0028 0000 0000 e7f555d9 e8ce5c3c: add_disk_randomness(8:0) e7f555d9 e8ce5c3c
[    5.610824] random 0028 0000 0000 e7f555d9 e8ce5c3c: add_timer_randomness(.. 8388864) with jiffies: 13108726841546080691, cycles: -5338017236458143733
[    5.611062] random 0028 0000 0000 e7f555d9 e8ce5c3c: rand_read_num 10 get_random_bytes(4): sig ffffff72 e7f555d9 e8ce5c3c
[    5.611064] random 0028 0000 0000 e7f555d9 e8ce5c3c: extract_entropy(.. 4 ..)
[    5.611067] random 0028 0000 0000 e7f555d9 e8ce5c3c: going to reseed nonblocking with 64 bits (32 of 0 requested)
[    5.611069] random 0028 0000 0000 e7f555d9 e8ce5c3c: extract_entropy(.. 8 ..)
[    5.611071] random 0028 0000 0000 e7f555d9 e8ce5c3c: trying to extract 64 bits from input
[    5.611073] random 0028 0000 0000 e7f555d9 e8ce5c3c: debiting 0 entropy credits from input
[    5.611075] random 0028 0000 0000 e7f555d9 e8ce5c3c: extract_entropy account returned: 0 
[    5.611078] random 0028 0000 0000 e7f555d9 e8ce5c3c: urand_change_num 45 xfer_secondary_pool(4): pool_sig ffffff72, data_sig 00000000, bytes_mixed 0 e7f555d9 e8ce5c3c
[    5.611081] random 0028 0000 0000 e7f555d9 e8ce5c3c: trying to extract 32 bits from nonblocking
[    5.611083] random 0028 0000 0000 e7f555d9 e8ce5c3c: debiting 32 entropy credits from nonblocking (unlimited)
[    5.611086] random 0028 0000 0000 e7f555d9 e8ce5c3c: extract_entropy account returned: 4 
[    5.611090] random 0028 0000 0000 e7f555d9 e8ce5c3c: urand_change_num 46 extract_buf: pool_sig ffffff72, data_sig ffffff72, bytes_mixed 20 e7f555d9 e8ce5c3c
[    5.622696] random 0028 0000 0000 91716c54 eeb6a1e7: add_disk_randomness(8:0) 91716c54 eeb6a1e7
[    5.622699] random 0028 0000 0000 91716c54 eeb6a1e7: add_timer_randomness(.. 8388864) with jiffies: 13215567236820599231, cycles: -5231176841183625205
[    5.622702] random 0028 0000 0000 91716c54 eeb6a1e7: added 3 entropy credits to input
[    5.640974] random 0031 0000 0000 91716c54 eeb6a1e7: add_disk_randomness(8:0) 91716c54 eeb6a1e7
[    5.640977] random 0031 0000 0000 91716c54 eeb6a1e7: add_timer_randomness(.. 8388864) with jiffies: 13380011763533840849, cycles: -5066732314470383605
[    5.640979] random 0031 0000 0000 91716c54 eeb6a1e7: added 2 entropy credits to input
[    5.645693] EXT4-fs (sda2): mounted filesystem with ordered data mode
[    5.645895] VFS: Mounted root (ext4 filesystem) readonly on device 8:2.
[    5.645999] Freeing unused kernel memory: 448k freed
[    5.666122] random 0033 0000 0000 91716c54 eeb6a1e7: add_disk_randomness(8:0) 91716c54 eeb6a1e7
[    5.666125] random 0033 0000 0000 91716c54 eeb6a1e7: add_timer_randomness(.. 8388864) with jiffies: 13606270103816208874, cycles: -4840473974188015605
[    5.666854] random 0033 0000 0000 91716c54 eeb6a1e7: add_disk_randomness(8:0) 91716c54 eeb6a1e7
[    5.666857] random 0033 0000 0000 91716c54 eeb6a1e7: add_timer_randomness(.. 8388864) with jiffies: 13612851630096220651, cycles: -4833892447908003829
[    5.671585] random 0033 0000 0000 91716c54 eeb6a1e7: add_disk_randomness(8:0) 91716c54 eeb6a1e7
[    5.671588] random 0033 0000 0000 91716c54 eeb6a1e7: add_timer_randomness(.. 8388864) with jiffies: 13655415992950161904, cycles: -4791328085054062581
[    5.671591] random 0033 0000 0000 91716c54 eeb6a1e7: added 2 entropy credits to input
[    5.679779] random 0035 0000 0000 91716c54 eeb6a1e7: add_disk_randomness(8:0) 91716c54 eeb6a1e7
[    5.679782] random 0035 0000 0000 91716c54 eeb6a1e7: add_timer_randomness(.. 8388864) with jiffies: 13729139471658222072, cycles: -4717604606346002421
[    5.683204] random 0035 0000 0000 91716c54 eeb6a1e7: add_disk_randomness(8:0) 91716c54 eeb6a1e7
[    5.683207] random 0035 0000 0000 91716c54 eeb6a1e7: add_timer_randomness(.. 8388864) with jiffies: 13759955488344867323, cycles: -4686788589659357173
[    5.683210] random 0035 0000 0000 91716c54 eeb6a1e7: added 1 entropy credits to input
[    5.692095] random 0036 0000 0000 91716c54 eeb6a1e7: add_disk_randomness(8:0) 91716c54 eeb6a1e7
[    5.692098] random 0036 0000 0000 91716c54 eeb6a1e7: add_timer_randomness(.. 8388864) with jiffies: 13839946793216606724, cycles: -4606797284787617781
[    5.692101] random 0036 0000 0000 91716c54 eeb6a1e7: added 2 entropy credits to input
[    5.705410] random 0038 0000 0000 91716c54 eeb6a1e7: add_disk_randomness(8:0) 91716c54 eeb6a1e7
[    5.705413] random 0038 0000 0000 91716c54 eeb6a1e7: add_timer_randomness(.. 8388864) with jiffies: 13959742566497485329, cycles: -4487001511506739189
[    5.705415] random 0038 0000 0000 91716c54 eeb6a1e7: added 1 entropy credits to input
[    5.713448] random 0039 0000 0000 91716c54 eeb6a1e7: add_disk_randomness(8:0) 91716c54 eeb6a1e7
[    5.713451] random 0039 0000 0000 91716c54 eeb6a1e7: add_timer_randomness(.. 8388864) with jiffies: 14032060096251134489, cycles: -4414683981753090037
[    5.713453] random 0039 0000 0000 91716c54 eeb6a1e7: added 2 entropy credits to input
[    5.713476] RANDOM get_random_int call with cycles 50511788376, jiffies 4294672921 and pid 1
[    5.713479] RANDOM get_random_int call with cycles 50511795253, jiffies 4294672921 and pid 1
[    5.713481] ASLR stack rand value: 1200128 after shift for pid: 1
[    5.713483] RANDOM get_random_int call with cycles 50511803380, jiffies 4294672921 and pid 1
[    5.725100] random 0041 0000 0000 91716c54 eeb6a1e7: add_disk_randomness(8:0) 91716c54 eeb6a1e7
[    5.725103] random 0041 0000 0000 91716c54 eeb6a1e7: add_timer_randomness(.. 8388864) with jiffies: 14136892044558959141, cycles: -4309852033445265397
[    5.725106] random 0041 0000 0000 91716c54 eeb6a1e7: added 2 entropy credits to input
[    5.725116] RANDOM get_random_int call with cycles 50536169617, jiffies 4294672933 and pid 1
[    5.725122] random 0043 0000 0000 91716c54 eeb6a1e7: rand_read_num 11 get_random_bytes(16): sig fffffcad 91716c54 eeb6a1e7
[    5.725124] random 0043 0000 0000 91716c54 eeb6a1e7: extract_entropy(.. 16 ..)
[    5.725127] random 0043 0000 0000 91716c54 eeb6a1e7: going to reseed nonblocking with 128 bits (128 of 0 requested)
[    5.725129] random 0043 0000 0000 91716c54 eeb6a1e7: extract_entropy(.. 16 ..)
[    5.725131] random 0043 0000 0000 91716c54 eeb6a1e7: trying to extract 128 bits from input
[    5.725133] random 0043 0000 0000 91716c54 eeb6a1e7: debiting 0 entropy credits from input
[    5.725135] random 0043 0000 0000 91716c54 eeb6a1e7: extract_entropy account returned: 0 
[    5.725138] random 0043 0000 0000 91716c54 eeb6a1e7: urand_change_num 47 xfer_secondary_pool(16): pool_sig fffffcad, data_sig 00000000, bytes_mixed 0 91716c54 eeb6a1e7
[    5.725141] random 0043 0000 0000 91716c54 eeb6a1e7: trying to extract 128 bits from nonblocking
[    5.725144] random 0043 0000 0000 91716c54 eeb6a1e7: debiting 128 entropy credits from nonblocking (unlimited)
[    5.725146] random 0043 0000 0000 91716c54 eeb6a1e7: extract_entropy account returned: 16 
[    5.725150] random 0043 0000 0000 91716c54 eeb6a1e7: urand_change_num 48 extract_buf: pool_sig fffffcad, data_sig ffffff19, bytes_mixed 20 91716c54 eeb6a1e7
[    5.725156] random 0043 0000 0000 fd637b06 6cf47bc1: urand_change_num 49 extract_buf: pool_sig fffffede, data_sig ffffffc1, bytes_mixed 20 fd637b06 6cf47bc1
[    5.726107] random 0043 0000 0000 fd637b06 6cf47bc1: add_disk_randomness(8:0) fd637b06 6cf47bc1
[    5.726110] random 0043 0000 0000 fd637b06 6cf47bc1: add_timer_randomness(.. 8388864) with jiffies: 14145945388942328358, cycles: -4300798689061896181
[    5.727246] random 0043 0000 0000 fd637b06 6cf47bc1: add_disk_randomness(8:0) fd637b06 6cf47bc1
[    5.727249] random 0043 0000 0000 fd637b06 6cf47bc1: add_timer_randomness(.. 8388864) with jiffies: 14156198901807022631, cycles: -4290545176197201909
[    5.728398] random 0043 0000 0000 fd637b06 6cf47bc1: add_disk_randomness(8:0) fd637b06 6cf47bc1
[    5.728401] random 0043 0000 0000 fd637b06 6cf47bc1: add_timer_randomness(.. 8388864) with jiffies: 14166568138270540328, cycles: -4280175939733684213
[    5.729280] random 0043 0000 0000 fd637b06 6cf47bc1: add_disk_randomness(8:0) fd637b06 6cf47bc1
[    5.729283] random 0043 0000 0000 fd637b06 6cf47bc1: add_timer_randomness(.. 8388864) with jiffies: 14174501041650500137, cycles: -4272243036353724405
[    5.729456] random 0043 0000 0000 fd637b06 6cf47bc1: add_disk_randomness(8:0) fd637b06 6cf47bc1
[    5.729459] random 0043 0000 0000 fd637b06 6cf47bc1: add_timer_randomness(.. 8388864) with jiffies: 14176082418544116265, cycles: -4270661659460108277
[    5.729686] random 0043 0000 0000 fd637b06 6cf47bc1: add_disk_randomness(8:0) fd637b06 6cf47bc1
[    5.729690] random 0043 0000 0000 fd637b06 6cf47bc1: add_timer_randomness(.. 8388864) with jiffies: 14178147236956570154, cycles: -4268596841047654389
[    5.740161] random 0043 0000 0000 fd637b06 6cf47bc1: add_disk_randomness(8:0) fd637b06 6cf47bc1
[    5.740165] random 0043 0000 0000 fd637b06 6cf47bc1: add_timer_randomness(.. 8388864) with jiffies: 14272396235523195444, cycles: -4174347842481029109
[    5.740167] random 0043 0000 0000 fd637b06 6cf47bc1: added 3 entropy credits to input
[    5.740601] random 0046 0000 0000 fd637b06 6cf47bc1: add_disk_randomness(8:0) fd637b06 6cf47bc1
[    5.740604] random 0046 0000 0000 fd637b06 6cf47bc1: add_timer_randomness(.. 8388864) with jiffies: 14276342825136914997, cycles: -4170401252867309557
[    5.750339] random 0046 0000 0000 fd637b06 6cf47bc1: add_disk_randomness(8:0) fd637b06 6cf47bc1
[    5.750342] random 0046 0000 0000 fd637b06 6cf47bc1: add_timer_randomness(.. 8388864) with jiffies: 14363968627650822718, cycles: -4082775450353401845
[    5.750345] random 0046 0000 0000 fd637b06 6cf47bc1: added 3 entropy credits to input
[    5.750399] RANDOM get_random_int call with cycles 50589132174, jiffies 4294672958 and pid 1
[    5.754946] random 0049 0000 0000 fd637b06 6cf47bc1: add_disk_randomness(8:0) fd637b06 6cf47bc1
[    5.754949] random 0049 0000 0000 fd637b06 6cf47bc1: add_timer_randomness(.. 8388864) with jiffies: 14405407051943215683, cycles: -4041337026061008885
[    5.754952] random 0049 0000 0000 fd637b06 6cf47bc1: added 2 entropy credits to input
[    5.767775] random 0051 0000 0000 fd637b06 6cf47bc1: add_disk_randomness(8:0) fd637b06 6cf47bc1
[    5.767778] random 0051 0000 0000 fd637b06 6cf47bc1: add_timer_randomness(.. 8388864) with jiffies: 14520825875592348240, cycles: -3925918202411876341
[    5.767781] random 0051 0000 0000 fd637b06 6cf47bc1: added 3 entropy credits to input
[    5.767917] random 0054 0000 0000 fd637b06 6cf47bc1: add_disk_randomness(8:0) fd637b06 6cf47bc1
[    5.767920] random 0054 0000 0000 fd637b06 6cf47bc1: add_timer_randomness(.. 8388864) with jiffies: 14522108348531966544, cycles: -3924635729472258037
[    5.770080] random 0054 0000 0000 fd637b06 6cf47bc1: add_disk_randomness(8:0) fd637b06 6cf47bc1
[    5.770083] random 0054 0000 0000 fd637b06 6cf47bc1: add_timer_randomness(.. 8388864) with jiffies: 14541565920477413970, cycles: -3905178157526810613
[    5.770086] random 0054 0000 0000 fd637b06 6cf47bc1: added 1 entropy credits to input
[    5.770330] random 0055 0000 0000 fd637b06 6cf47bc1: add_disk_randomness(8:0) fd637b06 6cf47bc1
[    5.770333] random 0055 0000 0000 fd637b06 6cf47bc1: add_timer_randomness(.. 8388864) with jiffies: 14543819653026382418, cycles: -3902924424977842165
[    5.770503] random 0055 0000 0000 fd637b06 6cf47bc1: add_disk_randomness(8:0) fd637b06 6cf47bc1
[    5.770506] random 0055 0000 0000 fd637b06 6cf47bc1: add_timer_randomness(.. 8388864) with jiffies: 14545385559447798354, cycles: -3901358518556426229
[    5.773630] random 0055 0000 0000 fd637b06 6cf47bc1: add_disk_randomness(8:0) fd637b06 6cf47bc1
[    5.773633] random 0055 0000 0000 fd637b06 6cf47bc1: add_timer_randomness(.. 8388864) with jiffies: 14573503546398573142, cycles: -3873240531605651445
[    5.773636] random 0055 0000 0000 fd637b06 6cf47bc1: added 2 entropy credits to input
[    5.775645] random 0057 0000 0000 fd637b06 6cf47bc1: add_disk_randomness(8:0) fd637b06 6cf47bc1
[    5.775648] random 0057 0000 0000 fd637b06 6cf47bc1: add_timer_randomness(.. 8388864) with jiffies: 14591626560336003672, cycles: -3855117517668220917
[    5.775650] random 0057 0000 0000 fd637b06 6cf47bc1: added 1 entropy credits to input
[    5.783474] random 0058 0000 0000 fd637b06 6cf47bc1: add_disk_randomness(8:0) fd637b06 6cf47bc1
[    5.783477] random 0058 0000 0000 fd637b06 6cf47bc1: add_timer_randomness(.. 8388864) with jiffies: 14662077836605227615, cycles: -3784666241398996981
[    5.783480] random 0058 0000 0000 fd637b06 6cf47bc1: added 2 entropy credits to input
[    5.783612] random 0060 0000 0000 fd637b06 6cf47bc1: add_disk_randomness(8:0) fd637b06 6cf47bc1
[    5.783615] random 0060 0000 0000 fd637b06 6cf47bc1: add_timer_randomness(.. 8388864) with jiffies: 14663309169369252448, cycles: -3783434908634972149
[    5.787173] random 0060 0000 0000 fd637b06 6cf47bc1: add_disk_randomness(8:0) fd637b06 6cf47bc1
[    5.787176] random 0060 0000 0000 fd637b06 6cf47bc1: add_timer_randomness(.. 8388864) with jiffies: 14695350518750610019, cycles: -3751393559253614581
[    5.787178] random 0060 0000 0000 fd637b06 6cf47bc1: added 1 entropy credits to input
[    5.791669] random 0061 0000 0000 fd637b06 6cf47bc1: add_disk_randomness(8:0) fd637b06 6cf47bc1
[    5.791673] random 0061 0000 0000 fd637b06 6cf47bc1: add_timer_randomness(.. 8388864) with jiffies: 14735800954536034920, cycles: -3710943123468189685
[    5.797246] random 0061 0000 0000 fd637b06 6cf47bc1: add_disk_randomness(8:0) fd637b06 6cf47bc1
[    5.797249] random 0061 0000 0000 fd637b06 6cf47bc1: add_timer_randomness(.. 8388864) with jiffies: 14785977807619719789, cycles: -3660766270384504821
[    5.803526] random 0061 0000 0000 fd637b06 6cf47bc1: add_disk_randomness(8:0) fd637b06 6cf47bc1
[    5.803529] random 0061 0000 0000 fd637b06 6cf47bc1: add_timer_randomness(.. 8388864) with jiffies: 14842471333530141300, cycles: -3604272744474083317
[    5.803532] random 0061 0000 0000 fd637b06 6cf47bc1: added 1 entropy credits to input
[    5.803545] random 0062 0000 0000 fd637b06 6cf47bc1: rand_read_num 12 get_random_bytes(16): sig 0000033b fd637b06 6cf47bc1
[    5.803547] random 0062 0000 0000 fd637b06 6cf47bc1: extract_entropy(.. 16 ..)
[    5.803550] random 0062 0000 0000 fd637b06 6cf47bc1: going to reseed nonblocking with 128 bits (128 of 0 requested)
[    5.803552] random 0062 0000 0000 fd637b06 6cf47bc1: extract_entropy(.. 16 ..)
[    5.803554] random 0062 0000 0000 fd637b06 6cf47bc1: trying to extract 128 bits from input
[    5.803556] random 0062 0000 0000 fd637b06 6cf47bc1: debiting 0 entropy credits from input
[    5.803558] random 0062 0000 0000 fd637b06 6cf47bc1: extract_entropy account returned: 0 
[    5.803561] random 0062 0000 0000 fd637b06 6cf47bc1: urand_change_num 50 xfer_secondary_pool(16): pool_sig 0000033b, data_sig 00000000, bytes_mixed 0 fd637b06 6cf47bc1
[    5.803564] random 0062 0000 0000 fd637b06 6cf47bc1: trying to extract 128 bits from nonblocking
[    5.803567] random 0062 0000 0000 fd637b06 6cf47bc1: debiting 128 entropy credits from nonblocking (unlimited)
[    5.803569] random 0062 0000 0000 fd637b06 6cf47bc1: extract_entropy account returned: 16 
[    5.803573] random 0062 0000 0000 fd637b06 6cf47bc1: urand_change_num 51 extract_buf: pool_sig 0000033b, data_sig 000000d8, bytes_mixed 20 fd637b06 6cf47bc1
[    5.803579] random 0062 0000 0000 0ec1f012 d4727ca8: urand_change_num 52 extract_buf: pool_sig fffffcf5, data_sig 00000016, bytes_mixed 20 0ec1f012 d4727ca8
[    5.810269] random 0062 0000 0000 45b1d0b1 845a73f7: add_disk_randomness(8:0) 45b1d0b1 845a73f7
[    5.810272] random 0062 0000 0000 45b1d0b1 845a73f7: add_timer_randomness(.. 8388864) with jiffies: 14903148518364119674, cycles: -3543595559640104949
[    5.817498] random 0062 0000 0000 45b1d0b1 845a73f7: add_disk_randomness(8:0) 45b1d0b1 845a73f7
[    5.817501] random 0062 0000 0000 45b1d0b1 845a73f7: add_timer_randomness(.. 8388864) with jiffies: 14968193186721923713, cycles: -3478550891282300917
[    5.827140] random 0062 0000 0000 45b1d0b1 845a73f7: add_disk_randomness(8:0) 45b1d0b1 845a73f7
[    5.827143] random 0062 0000 0000 45b1d0b1 845a73f7: add_timer_randomness(.. 8388864) with jiffies: 15054932830108484235, cycles: -3391811247895740405
[    5.827146] random 0062 0000 0000 45b1d0b1 845a73f7: added 1 entropy credits to input
[    5.834916] random 0063 0000 0000 45b1d0b1 845a73f7: add_disk_randomness(8:0) 45b1d0b1 845a73f7
[    5.834919] random 0063 0000 0000 45b1d0b1 845a73f7: add_timer_randomness(.. 8388864) with jiffies: 15124887900216066707, cycles: -3321856177788157941
[    5.834922] random 0063 0000 0000 45b1d0b1 845a73f7: added 1 entropy credits to input
[    5.838056] random 0064 0000 0000 45b1d0b1 845a73f7: add_disk_randomness(8:0) 45b1d0b1 845a73f7
[    5.838060] random 0064 0000 0000 45b1d0b1 845a73f7: add_timer_randomness(.. 8388864) with jiffies: 15153146276762845846, cycles: -3293597801241378805
[    5.838062] random 0064 0000 0000 45b1d0b1 845a73f7: added 1 entropy credits to input
[    5.852331] random 0065 0000 0000 45b1d0b1 845a73f7: add_disk_randomness(8:0) 45b1d0b1 845a73f7
[    5.852334] random 0065 0000 0000 45b1d0b1 845a73f7: add_timer_randomness(.. 8388864) with jiffies: 15281579821981467300, cycles: -3165164256022757365
[    5.852337] random 0065 0000 0000 45b1d0b1 845a73f7: added 3 entropy credits to input
[    5.857726] random 0068 0000 0000 45b1d0b1 845a73f7: add_disk_randomness(8:0) 45b1d0b1 845a73f7
[    5.857729] random 0068 0000 0000 45b1d0b1 845a73f7: add_timer_randomness(.. 8388864) with jiffies: 15330108103408190122, cycles: -3116635974596034549
[    5.857732] random 0068 0000 0000 45b1d0b1 845a73f7: added 2 entropy credits to input
[    5.862896] random 0070 0000 0000 45b1d0b1 845a73f7: add_disk_randomness(8:0) 45b1d0b1 845a73f7
[    5.862899] random 0070 0000 0000 45b1d0b1 845a73f7: add_timer_randomness(.. 8388864) with jiffies: 15376623475397198511, cycles: -3070120602607026165
[    5.871128] random 0070 0000 0000 45b1d0b1 845a73f7: add_disk_randomness(8:0) 45b1d0b1 845a73f7
[    5.871131] random 0070 0000 0000 45b1d0b1 845a73f7: add_timer_randomness(.. 8388864) with jiffies: 15450685861384651447, cycles: -2996058216619573237
[    5.871134] random 0070 0000 0000 45b1d0b1 845a73f7: added 1 entropy credits to input
[    5.880726] random 0071 0000 0000 45b1d0b1 845a73f7: add_disk_randomness(8:0) 45b1d0b1 845a73f7
[    5.880729] random 0071 0000 0000 45b1d0b1 845a73f7: add_timer_randomness(.. 8388864) with jiffies: 15537029641930506945, cycles: -2909714436073717749
[    5.900229] random 0071 0000 0000 45b1d0b1 845a73f7: add_disk_randomness(8:0) 45b1d0b1 845a73f7
[    5.900232] random 0071 0000 0000 45b1d0b1 845a73f7: add_timer_randomness(.. 8388864) with jiffies: 15712503850818306772, cycles: -2734240227185917941
[    5.900234] random 0071 0000 0000 45b1d0b1 845a73f7: added 2 entropy credits to input
[    5.913516] random 0073 0000 0000 45b1d0b1 845a73f7: add_disk_randomness(8:0) 45b1d0b1 845a73f7
[    5.913519] random 0073 0000 0000 45b1d0b1 845a73f7: add_timer_randomness(.. 8388864) with jiffies: 15832035986121655010, cycles: -2614708091882569717
[    5.913521] random 0073 0000 0000 45b1d0b1 845a73f7: added 2 entropy credits to input
[    5.921538] random 0075 0000 0000 45b1d0b1 845a73f7: add_disk_randomness(8:0) 45b1d0b1 845a73f7
[    5.921541] random 0075 0000 0000 45b1d0b1 845a73f7: add_timer_randomness(.. 8388864) with jiffies: 15904208754002592490, cycles: -2542535324001632245
[    5.931552] random 0075 0000 0000 45b1d0b1 845a73f7: add_disk_randomness(8:0) 45b1d0b1 845a73f7
[    5.931555] random 0075 0000 0000 45b1d0b1 845a73f7: add_timer_randomness(.. 8388864) with jiffies: 15994306469109138164, cycles: -2452437608895086581
[    5.931558] random 0075 0000 0000 45b1d0b1 845a73f7: added 1 entropy credits to input
[    5.944434] random 0076 0000 0000 45b1d0b1 845a73f7: add_disk_randomness(8:0) 45b1d0b1 845a73f7
[    5.944437] random 0076 0000 0000 45b1d0b1 845a73f7: add_timer_randomness(.. 8388864) with jiffies: 16110223569094148864, cycles: -2336520508910075893
[    5.951793] random 0076 0000 0000 45b1d0b1 845a73f7: add_disk_randomness(8:0) 45b1d0b1 845a73f7
[    5.951796] random 0076 0000 0000 45b1d0b1 845a73f7: add_timer_randomness(.. 8388864) with jiffies: 16176420285119693576, cycles: -2270323792884531189
[    5.951799] random 0076 0000 0000 45b1d0b1 845a73f7: added 2 entropy credits to input
[    5.957085] random 0078 0000 0000 45b1d0b1 845a73f7: add_disk_randomness(8:0) 45b1d0b1 845a73f7
[    5.957088] random 0078 0000 0000 45b1d0b1 845a73f7: add_timer_randomness(.. 8388864) with jiffies: 16224035894585950989, cycles: -2222708183418273781
[    5.963482] random 0078 0000 0000 45b1d0b1 845a73f7: add_disk_randomness(8:0) 45b1d0b1 845a73f7
[    5.963485] random 0078 0000 0000 45b1d0b1 845a73f7: add_timer_randomness(.. 8388864) with jiffies: 16281595650422571795, cycles: -2165148427581652981
[    5.968535] random 0078 0000 0000 45b1d0b1 845a73f7: add_disk_randomness(8:0) 45b1d0b1 845a73f7
[    5.968538] random 0078 0000 0000 45b1d0b1 845a73f7: add_timer_randomness(.. 8388864) with jiffies: 16327042894109836057, cycles: -2119701183894388725
[    5.974434] random 0078 0000 0000 45b1d0b1 845a73f7: add_disk_randomness(8:0) 45b1d0b1 845a73f7
[    5.974437] random 0078 0000 0000 45b1d0b1 845a73f7: add_timer_randomness(.. 8388864) with jiffies: 16380130004148388638, cycles: -2066614073855836149
[    5.983789] random 0078 0000 0000 45b1d0b1 845a73f7: add_disk_randomness(8:0) 45b1d0b1 845a73f7
[    5.983792] random 0078 0000 0000 45b1d0b1 845a73f7: add_timer_randomness(.. 8388864) with jiffies: 16464279812320232232, cycles: -1982464265683992565
[    5.983795] random 0078 0000 0000 45b1d0b1 845a73f7: added 2 entropy credits to input
[    5.988665] random 0080 0000 0000 45b1d0b1 845a73f7: add_disk_randomness(8:0) 45b1d0b1 845a73f7
[    5.988668] random 0080 0000 0000 45b1d0b1 845a73f7: add_timer_randomness(.. 8388864) with jiffies: 16508151859571819309, cycles: -1938592218432405493
[    5.988671] random 0080 0000 0000 45b1d0b1 845a73f7: added 2 entropy credits to input
[    5.996101] random 0082 0000 0000 45b1d0b1 845a73f7: add_disk_randomness(8:0) 45b1d0b1 845a73f7
[    5.996104] random 0082 0000 0000 45b1d0b1 845a73f7: add_timer_randomness(.. 8388864) with jiffies: 16575055475674678068, cycles: -1871688602329546741
[    5.996107] random 0082 0000 0000 45b1d0b1 845a73f7: added 1 entropy credits to input
[    6.002316] random 0083 0000 0000 45b1d0b1 845a73f7: add_disk_randomness(8:0) 45b1d0b1 845a73f7
[    6.002319] random 0083 0000 0000 45b1d0b1 845a73f7: add_timer_randomness(.. 8388864) with jiffies: 16630975992818271034, cycles: -1815768085185953781
[    6.002472] random 0083 0000 0000 45b1d0b1 845a73f7: add_disk_randomness(8:0) 45b1d0b1 845a73f7
[    6.002475] random 0083 0000 0000 45b1d0b1 845a73f7: add_timer_randomness(.. 8388864) with jiffies: 16632382169405948730, cycles: -1814361908598276085
[    6.016883] random 0083 0000 0000 45b1d0b1 845a73f7: add_disk_randomness(8:0) 45b1d0b1 845a73f7
[    6.016886] random 0083 0000 0000 45b1d0b1 845a73f7: add_timer_randomness(.. 8388864) with jiffies: 16762027247589360457, cycles: -1684716830414864373
[    6.016889] random 0083 0000 0000 45b1d0b1 845a73f7: added 3 entropy credits to input
[    6.024299] random 0086 0000 0000 45b1d0b1 845a73f7: add_disk_randomness(8:0) 45b1d0b1 845a73f7
[    6.024302] random 0086 0000 0000 45b1d0b1 845a73f7: add_timer_randomness(.. 8388864) with jiffies: 16828757016300979024, cycles: -1617987061703245813
[    6.024305] random 0086 0000 0000 45b1d0b1 845a73f7: added 2 entropy credits to input
[    6.033984] random 0088 0000 0000 45b1d0b1 845a73f7: add_disk_randomness(8:0) 45b1d0b1 845a73f7
[    6.033987] random 0088 0000 0000 45b1d0b1 845a73f7: add_timer_randomness(.. 8388864) with jiffies: 16915882828787057498, cycles: -1530861249217167349
[    6.033990] random 0088 0000 0000 45b1d0b1 845a73f7: added 1 entropy credits to input
[    6.044612] random 0089 0000 0000 45b1d0b1 845a73f7: add_disk_randomness(8:0) 45b1d0b1 845a73f7
[    6.044615] random 0089 0000 0000 45b1d0b1 845a73f7: add_timer_randomness(.. 8388864) with jiffies: 17011498812364784485, cycles: -1435245265639440373
[    6.057131] random 0089 0000 0000 45b1d0b1 845a73f7: add_disk_randomness(8:0) 45b1d0b1 845a73f7
[    6.057134] random 0089 0000 0000 45b1d0b1 845a73f7: add_timer_randomness(.. 8388864) with jiffies: 17124141227419861873, cycles: -1322602850584362997
[    6.058342] random 0089 0000 0000 45b1d0b1 845a73f7: add_disk_randomness(8:0) 45b1d0b1 845a73f7
[    6.058345] random 0089 0000 0000 45b1d0b1 845a73f7: add_timer_randomness(.. 8388864) with jiffies: 17135037241622233970, cycles: -1311706836381990901
[    6.062355] random 0089 0000 0000 45b1d0b1 845a73f7: add_disk_randomness(8:0) 45b1d0b1 845a73f7
[    6.062358] random 0089 0000 0000 45b1d0b1 845a73f7: add_timer_randomness(.. 8388864) with jiffies: 17171140491899274102, cycles: -1275603586104950773
[    6.062361] random 0089 0000 0000 45b1d0b1 845a73f7: added 1 entropy credits to input
[    6.071697] random 0090 0000 0000 45b1d0b1 845a73f7: add_disk_randomness(8:0) 45b1d0b1 845a73f7
[    6.071700] random 0090 0000 0000 45b1d0b1 845a73f7: add_timer_randomness(.. 8388864) with jiffies: 17255180215764353920, cycles: -1191563862239870965
[    6.071703] random 0090 0000 0000 45b1d0b1 845a73f7: added 1 entropy credits to input
[    6.072042] random 0091 0000 0000 45b1d0b1 845a73f7: add_disk_randomness(8:0) 45b1d0b1 845a73f7
[    6.072045] random 0091 0000 0000 45b1d0b1 845a73f7: add_timer_randomness(.. 8388864) with jiffies: 17258288492186403712, cycles: -1188455585817821173
[    6.087707] random 0091 0000 0000 45b1d0b1 845a73f7: add_disk_randomness(8:0) 45b1d0b1 845a73f7
[    6.087710] random 0091 0000 0000 45b1d0b1 845a73f7: add_timer_randomness(.. 8388864) with jiffies: 17399216294837584784, cycles: -1047527783166640117
[    6.087712] random 0091 0000 0000 45b1d0b1 845a73f7: added 4 entropy credits to input
[    6.089337] random 0095 0000 0000 45b1d0b1 845a73f7: add_disk_randomness(8:0) 45b1d0b1 845a73f7
[    6.089340] random 0095 0000 0000 45b1d0b1 845a73f7: add_timer_randomness(.. 8388864) with jiffies: 17413892893872718737, cycles: -1032851184131506165
[    6.089484] random 0095 0000 0000 45b1d0b1 845a73f7: add_disk_randomness(8:0) 45b1d0b1 845a73f7
[    6.089487] random 0095 0000 0000 45b1d0b1 845a73f7: add_timer_randomness(.. 8388864) with jiffies: 17415216405224850321, cycles: -1031527672779374581
[    6.100357] random 0095 0000 0000 45b1d0b1 845a73f7: add_disk_randomness(8:0) 45b1d0b1 845a73f7
[    6.100360] random 0095 0000 0000 45b1d0b1 845a73f7: add_timer_randomness(.. 8388864) with jiffies: 17513042463008981916, cycles: -933701614995242997
[    6.100363] random 0095 0000 0000 45b1d0b1 845a73f7: added 3 entropy credits to input
[    6.100929] random 0098 0000 0000 45b1d0b1 845a73f7: add_disk_randomness(8:0) 45b1d0b1 845a73f7
[    6.100932] random 0098 0000 0000 45b1d0b1 845a73f7: add_timer_randomness(.. 8388864) with jiffies: 17518182954746741661, cycles: -928561123257483253
[    6.106151] random 0098 0000 0000 45b1d0b1 845a73f7: add_disk_randomness(8:0) 45b1d0b1 845a73f7
[    6.106154] random 0098 0000 0000 45b1d0b1 845a73f7: add_timer_randomness(.. 8388864) with jiffies: 17565166207588074402, cycles: -881577870416150517
[    6.106157] random 0098 0000 0000 45b1d0b1 845a73f7: added 2 entropy credits to input
[    6.107912] random 0100 0000 0000 45b1d0b1 845a73f7: add_disk_randomness(8:0) 45b1d0b1 845a73f7
[    6.107916] random 0100 0000 0000 45b1d0b1 845a73f7: add_timer_randomness(.. 8388864) with jiffies: 17581009470064657316, cycles: -865734607939567605
[    6.107918] random 0100 0000 0000 45b1d0b1 845a73f7: added 1 entropy credits to input
[    6.118138] random 0101 0000 0000 45b1d0b1 845a73f7: add_disk_randomness(8:0) 45b1d0b1 845a73f7
