[    0.000000] random 0000 0000 0000 00000000 00000000: rand_read_num 1 get_random_bytes(8): sig 00000000 00000000 00000000
[    0.000000] random 0000 0000 0000 00000000 00000000: extract_entropy(.. 8 ..)
[    0.000000] random 0000 0000 0000 00000000 00000000: going to reseed nonblocking with 64 bits (64 of 0 requested)
[    0.000000] random 0000 0000 0000 00000000 00000000: extract_entropy(.. 8 ..)
[    0.000000] random 0000 0000 0000 00000000 00000000: trying to extract 64 bits from input
[    0.000000] random 0000 0000 0000 00000000 00000000: debiting 0 entropy credits from input
[    0.000000] random 0000 0000 0000 00000000 00000000: extract_entropy account returned: 0 
[    0.000000] random 0000 0000 0000 00000000 00000000: urand_change_num 1 xfer_secondary_pool(8): pool_sig 00000000, data_sig 00000000, bytes_mixed 0 00000000 00000000
[    0.000000] random 0000 0000 0000 00000000 00000000: trying to extract 64 bits from nonblocking
[    0.000000] random 0000 0000 0000 00000000 00000000: debiting 64 entropy credits from nonblocking (unlimited)
[    0.000000] random 0000 0000 0000 00000000 00000000: extract_entropy account returned: 8 
[    0.000000] random 0000 0000 0000 00000000 00000000: urand_change_num 2 extract_buf: pool_sig 00000000, data_sig fffffff9, bytes_mixed 20 00000000 00000000
[    0.000000] Linux version 2.6.32.57 (dcashman@dcashman-02) (gcc version 4.3.3 (GCC) ) #6 Thu May 30 09:02:12 PDT 2013
[    0.000000] KERNEL supported cpus:
[    0.000000]   Intel GenuineIntel
[    0.000000]   AMD AuthenticAMD
[    0.000000]   NSC Geode by NSC
[    0.000000]   Cyrix CyrixInstead
[    0.000000]   Centaur CentaurHauls
[    0.000000]   Transmeta GenuineTMx86
[    0.000000]   Transmeta TransmetaCPU
[    0.000000]   UMC UMC UMC UMC
[    0.000000] BIOS-provided physical RAM map:
[    0.000000]  BIOS-e820: 0000000000000000 - 000000000009d800 (usable)
[    0.000000]  BIOS-e820: 000000000009d800 - 00000000000a0000 (reserved)
[    0.000000]  BIOS-e820: 00000000000d2000 - 00000000000d4000 (reserved)
[    0.000000]  BIOS-e820: 00000000000e0000 - 0000000000100000 (reserved)
[    0.000000]  BIOS-e820: 0000000000100000 - 000000003d6b0000 (usable)
[    0.000000]  BIOS-e820: 000000003d6b0000 - 000000003d6cc000 (ACPI data)
[    0.000000]  BIOS-e820: 000000003d6cc000 - 000000003d700000 (ACPI NVS)
[    0.000000]  BIOS-e820: 000000003d700000 - 000000003e000000 (reserved)
[    0.000000]  BIOS-e820: 00000000f0000000 - 00000000f4000000 (reserved)
[    0.000000]  BIOS-e820: 00000000fec00000 - 00000000fec10000 (reserved)
[    0.000000]  BIOS-e820: 00000000fed00000 - 00000000fed00400 (reserved)
[    0.000000]  BIOS-e820: 00000000fed14000 - 00000000fed1a000 (reserved)
[    0.000000]  BIOS-e820: 00000000fed1c000 - 00000000fed90000 (reserved)
[    0.000000]  BIOS-e820: 00000000fee00000 - 00000000fee01000 (reserved)
[    0.000000]  BIOS-e820: 00000000ff000000 - 0000000100000000 (reserved)
[    0.000000] DMI present.
[    0.000000] last_pfn = 0x3d6b0 max_arch_pfn = 0x100000
[    0.000000] MTRR default type: uncachable
[    0.000000] MTRR fixed ranges enabled:
[    0.000000]   00000-9FFFF write-back
[    0.000000]   A0000-BFFFF uncachable
[    0.000000]   C0000-CFFFF write-protect
[    0.000000]   D0000-DFFFF uncachable
[    0.000000]   E0000-FFFFF write-protect
[    0.000000] MTRR variable ranges enabled:
[    0.000000]   0 base 03E000000 mask FFE000000 uncachable
[    0.000000]   1 base 000000000 mask FC0000000 write-back
[    0.000000]   2 base 03D700000 mask FFFF00000 uncachable
[    0.000000]   3 base 03D800000 mask FFF800000 uncachable
[    0.000000]   4 disabled
[    0.000000]   5 disabled
[    0.000000]   6 disabled
[    0.000000]   7 disabled
[    0.000000] initial memory mapped : 0 - 02000000
[    0.000000] init_memory_mapping: 0000000000000000-00000000377fe000
[    0.000000]  0000000000 - 0000400000 page 4k
[    0.000000]  0000400000 - 0037400000 page 2M
[    0.000000]  0037400000 - 00377fe000 page 4k
[    0.000000] kernel direct mapping tables up to 377fe000 @ 7000-c000
[    0.000000] ACPI: RSDP 000f68d0 00024 (v02 LENOVO)
[    0.000000] ACPI: XSDT 3d6bb77f 00094 (v01 LENOVO TP-7L    00002170  LTP 00000000)
[    0.000000] ACPI: FACP 3d6bb900 000F4 (v03 LENOVO TP-7L    00002170 LNVO 00000001)
[    0.000000] ACPI Warning: 32/64X length mismatch in Gpe1Block: 0/32 (20090903/tbfadt-526)
[    0.000000] ACPI Warning: Optional field Gpe1Block has zero address or length: 000000000000102C/0 (20090903/tbfadt-557)
[    0.000000] ACPI: DSDT 3d6bbd1d 0FED1 (v01 LENOVO TP-7L    00002170 MSFT 03000000)
[    0.000000] ACPI: FACS 3d6e4000 00040
[    0.000000] ACPI: SSDT 3d6bbab4 00269 (v01 LENOVO TP-7L    00002170 MSFT 03000000)
[    0.000000] ACPI: ECDT 3d6cbbee 00052 (v01 LENOVO TP-7L    00002170 LNVO 00000001)
[    0.000000] ACPI: TCPA 3d6cbc40 00032 (v02 LENOVO TP-7L    00002170 LNVO 00000001)
[    0.000000] ACPI: APIC 3d6cbc72 00068 (v01 LENOVO TP-7L    00002170 LNVO 00000001)
[    0.000000] ACPI: MCFG 3d6cbcda 0003C (v01 LENOVO TP-7L    00002170 LNVO 00000001)
[    0.000000] ACPI: HPET 3d6cbd16 00038 (v01 LENOVO TP-7L    00002170 LNVO 00000001)
[    0.000000] ACPI: SLIC 3d6cbdf0 00176 (v01 LENOVO TP-7L    00002170  LTP 00000000)
[    0.000000] ACPI: BOOT 3d6cbf66 00028 (v01 LENOVO TP-7L    00002170  LTP 00000001)
[    0.000000] ACPI: ASF! 3d6cbf8e 00072 (v16 LENOVO TP-7L    00002170 PTL  00000001)
[    0.000000] ACPI: SSDT 3d6e26d9 0025F (v01 LENOVO TP-7L    00002170 INTL 20050513)
[    0.000000] ACPI: SSDT 3d6e2938 000A6 (v01 LENOVO TP-7L    00002170 INTL 20050513)
[    0.000000] ACPI: SSDT 3d6e29de 004F7 (v01 LENOVO TP-7L    00002170 INTL 20050513)
[    0.000000] ACPI: SSDT 3d6e2ed5 001D8 (v01 LENOVO TP-7L    00002170 INTL 20050513)
[    0.000000] ACPI: DMI detected: Lenovo ThinkPad R61
[    0.000000] ACPI: Added _OSI(Linux)
[    0.000000] ACPI: Local APIC address 0xfee00000
[    0.000000] 94MB HIGHMEM available.
[    0.000000] 887MB LOWMEM available.
[    0.000000]   mapped low ram: 0 - 377fe000
[    0.000000]   low ram: 0 - 377fe000
[    0.000000]   node 0 low ram: 00000000 - 377fe000
[    0.000000]   node 0 bootmap 00008000 - 0000ef00
[    0.000000] (6 early reservations) ==> bootmem [0000000000 - 00377fe000]
[    0.000000]   #0 [0000000000 - 0000001000]   BIOS data page ==> [0000000000 - 0000001000]
[    0.000000]   #1 [0001000000 - 0001bdc180]    TEXT DATA BSS ==> [0001000000 - 0001bdc180]
[    0.000000]   #2 [000009d800 - 0000100000]    BIOS reserved ==> [000009d800 - 0000100000]
[    0.000000]   #3 [0001bdd000 - 0001be516c]              BRK ==> [0001bdd000 - 0001be516c]
[    0.000000]   #4 [0000007000 - 0000008000]          PGTABLE ==> [0000007000 - 0000008000]
[    0.000000]   #5 [0000008000 - 000000f000]          BOOTMAP ==> [0000008000 - 000000f000]
[    0.000000] found SMP MP-table at [c00f6900] f6900
[    0.000000] Zone PFN ranges:
[    0.000000]   DMA      0x00000000 -> 0x00001000
[    0.000000]   Normal   0x00001000 -> 0x000377fe
[    0.000000]   HighMem  0x000377fe -> 0x0003d6b0
[    0.000000] Movable zone start PFN for each node
[    0.000000] early_node_map[2] active PFN ranges
[    0.000000]     0: 0x00000000 -> 0x0000009d
[    0.000000]     0: 0x00000100 -> 0x0003d6b0
[    0.000000] On node 0 totalpages: 251469
[    0.000000] free_area_init_node: node 0, pgdat c1901ea0, node_mem_map c1be7000
[    0.000000]   DMA zone: 32 pages used for memmap
[    0.000000]   DMA zone: 0 pages reserved
[    0.000000]   DMA zone: 3965 pages, LIFO batch:0
[    0.000000]   Normal zone: 1744 pages used for memmap
[    0.000000]   Normal zone: 221486 pages, LIFO batch:31
[    0.000000]   HighMem zone: 190 pages used for memmap
[    0.000000]   HighMem zone: 24052 pages, LIFO batch:3
[    0.000000] Using APIC driver default
[    0.000000] ACPI: PM-Timer IO Port: 0x1008
[    0.000000] ACPI: Local APIC address 0xfee00000
[    0.000000] ACPI: LAPIC (acpi_id[0x00] lapic_id[0x00] enabled)
[    0.000000] ACPI: LAPIC (acpi_id[0x01] lapic_id[0x01] enabled)
[    0.000000] ACPI: NR_CPUS/possible_cpus limit of 1 reached.  Processor 1/0x1 ignored.
[    0.000000] ACPI: LAPIC_NMI (acpi_id[0x00] high edge lint[0x1])
[    0.000000] ACPI: LAPIC_NMI (acpi_id[0x01] high edge lint[0x1])
[    0.000000] ACPI: IOAPIC (id[0x01] address[0xfec00000] gsi_base[0])
[    0.000000] IOAPIC[0]: apic_id 1, version 32, address 0xfec00000, GSI 0-23
[    0.000000] ACPI: INT_SRC_OVR (bus 0 bus_irq 0 global_irq 2 dfl dfl)
[    0.000000] ACPI: INT_SRC_OVR (bus 0 bus_irq 9 global_irq 9 high level)
[    0.000000] ACPI: IRQ0 used by override.
[    0.000000] ACPI: IRQ2 used by override.
[    0.000000] ACPI: IRQ9 used by override.
[    0.000000] Using ACPI (MADT) for SMP configuration information
[    0.000000] ACPI: HPET id: 0x8086a201 base: 0xfed00000
[    0.000000] nr_irqs_gsi: 24
[    0.000000] PM: Registered nosave memory: 000000000009d000 - 000000000009e000
[    0.000000] PM: Registered nosave memory: 000000000009e000 - 00000000000a0000
[    0.000000] PM: Registered nosave memory: 00000000000a0000 - 00000000000d2000
[    0.000000] PM: Registered nosave memory: 00000000000d2000 - 00000000000d4000
[    0.000000] PM: Registered nosave memory: 00000000000d4000 - 00000000000e0000
[    0.000000] PM: Registered nosave memory: 00000000000e0000 - 0000000000100000
[    0.000000] Allocating PCI resources starting at 3e000000 (gap: 3e000000:b2000000)
[    0.000000] Built 1 zonelists in Zone order, mobility grouping on.  Total pages: 249503
[    0.000000] Kernel command line: auto BOOT_IMAGE=Linux ro root=802 vt.default_utf8=0 maxcpus=0
[    0.000000] PID hash table entries: 4096 (order: 2, 16384 bytes)
[    0.000000] Dentry cache hash table entries: 131072 (order: 7, 524288 bytes)
[    0.000000] Inode-cache hash table entries: 65536 (order: 6, 262144 bytes)
[    0.000000] Enabling fast FPU save and restore... done.
[    0.000000] Enabling unmasked SIMD FPU exception support... done.
[    0.000000] Initializing CPU#0
[    0.000000] Initializing HighMem for node 0 (000377fe:0003d6b0)
[    0.000000] Memory: 984800k/1006272k available (6915k kernel code, 20876k reserved, 2327k data, 448k init, 96968k highmem)
[    0.000000] virtual kernel memory layout:
[    0.000000]     fixmap  : 0xfffa3000 - 0xfffff000   ( 368 kB)
[    0.000000]     pkmap   : 0xff800000 - 0xffc00000   (4096 kB)
[    0.000000]     vmalloc : 0xf7ffe000 - 0xff7fe000   ( 120 MB)
[    0.000000]     lowmem  : 0xc0000000 - 0xf77fe000   ( 887 MB)
[    0.000000]       .init : 0xc1907000 - 0xc1977000   ( 448 kB)
[    0.000000]       .data : 0xc16c0d3f - 0xc1906c64   (2327 kB)
[    0.000000]       .text : 0xc1000000 - 0xc16c0d3f   (6915 kB)
[    0.000000] Checking if this processor honours the WP bit even in supervisor mode...Ok.
[    0.000000] SLUB: Genslabs=13, HWalign=64, Order=0-3, MinObjects=0, CPUs=1, Nodes=1
[    0.000000] Hierarchical RCU implementation.
[    0.000000] NR_IRQS:288
[    0.000000] Extended CMOS year: 2000
[    0.000000] Console: colour VGA+ 80x25
[    0.000000] console [tty0] enabled
[    0.000000] hpet clockevent registered
[    0.000000] Fast TSC calibration using PIT
[    0.000000] Detected 2094.595 MHz processor.
[    0.001002] Calibrating delay loop (skipped), value calculated using timer frequency.. 4189.19 BogoMIPS (lpj=2094595)
[    0.001176] Security Framework initialized
[    0.001260] Mount-cache hash table entries: 512
[    0.001409] CPU: L1 I cache: 32K, L1 D cache: 32K
[    0.001536] CPU: L2 cache: 3072K
[    0.001615] mce: CPU supports 6 MCE banks
[    0.001697] CPU0: Thermal monitoring enabled (TM2)
[    0.002003] using mwait in idle threads.
[    0.002086] CPU: Intel(R) Core(TM)2 Duo CPU     T8100  @ 2.10GHz stepping 06
[    0.002270] Checking 'hlt' instruction... OK.
[    0.006941] ACPI: Core revision 20090903
[    0.026013] RANDOM get_random_int first call with cycles 32440696407, jiffies 4294667322 and pid 0
[    0.026021] CANARY value: 415ff476 for PID: 1
[    0.026027] CANARY value: ac36ebed for PID: 2
[    0.026049] Enabling APIC mode:  Flat.  Using 1 I/O APICs
[    0.026513] ..TIMER: vector=0x30 apic1=0 pin1=2 apic2=-1 pin2=-1
[    0.036997] xor: automatically using best checksumming function: pIII_sse
[    0.040998]    pIII_sse  :  8568.000 MB/sec
[    0.041088] xor: using function: pIII_sse (8568.000 MB/sec)
[    0.041175] RANDOM - __seed init called.
[    0.041176] RANDOM - __seed init called.
[    0.041177] RANDOM - __seed init called.
[    0.041179] RANDOM - __random32 called. Change num 1.  Value: e6b75c0e	845fdb3c	4764ecc7
[    0.041180] RANDOM - __random32 called. Change num 2.  Value: 75c0e1a6	45fdb3ca	d98f8871
[    0.041182] RANDOM - __random32 called. Change num 3.  Value: e1a6d3e	5fdb3ca9	10e2be79
[    0.041184] RANDOM - __random32 called. Change num 4.  Value: a6d3e877	fdb3ca90	7cf2fee9
[    0.041186] RANDOM - __random32 called. Change num 5.  Value: 3e877b7b	db3ca905	fdd36ca1
[    0.041188] RANDOM - __random32 called. Change num 6.  Value: 77b7ba3d	b3ca905b	d9426901
[    0.041189] RANDOM - random32 init called.  Value: 77b7ba3d	b3ca905b	d9426901
[    0.041207] NET: Registered protocol family 16
[    0.041473] ACPI FADT declares the system doesn't support PCIe ASPM, so disable it
[    0.041599] ACPI: bus type pci registered
[    0.041764] PCI: MCFG configuration 0: base f0000000 segment 0 buses 0 - 63
[    0.041857] PCI: MCFG area at f0000000 reserved in E820
[    0.041946] PCI: Using MMCONFIG for extended config space
[    0.042002] PCI: Using configuration type 1 for base access
[    0.045143] bio: create slab <bio-0> at 0
[    0.045953] ACPI: EC: EC description table is found, configuring boot EC
[    0.051119] ACPI: BIOS _OSI(Linux) query honored via DMI
[    0.051843] random 0000 0000 0000 00000000 00000000: rand_read_num 2 get_random_bytes(8): sig fffffe1a 00000000 00000000
[    0.051846] random 0000 0000 0000 00000000 00000000: extract_entropy(.. 8 ..)
[    0.051848] random 0000 0000 0000 00000000 00000000: going to reseed nonblocking with 64 bits (64 of 0 requested)
[    0.051851] random 0000 0000 0000 00000000 00000000: extract_entropy(.. 8 ..)
[    0.051853] random 0000 0000 0000 00000000 00000000: trying to extract 64 bits from input
[    0.051855] random 0000 0000 0000 00000000 00000000: debiting 0 entropy credits from input
[    0.051857] random 0000 0000 0000 00000000 00000000: extract_entropy account returned: 0 
[    0.051887] random 0000 0000 0000 00000000 00000000: urand_change_num 3 xfer_secondary_pool(8): pool_sig fffffe1a, data_sig 00000000, bytes_mixed 0 00000000 00000000
[    0.051890] random 0000 0000 0000 00000000 00000000: trying to extract 64 bits from nonblocking
[    0.051892] random 0000 0000 0000 00000000 00000000: debiting 64 entropy credits from nonblocking (unlimited)
[    0.051894] random 0000 0000 0000 00000000 00000000: extract_entropy account returned: 8 
[    0.051899] random 0000 0000 0000 00000000 00000000: urand_change_num 4 extract_buf: pool_sig fffffe1a, data_sig fffffed7, bytes_mixed 20 00000000 00000000
[    0.056524] ACPI: Interpreter enabled
[    0.056617] ACPI: (supports S0 S3 S4 S5)
[    0.056944] ACPI: Using IOAPIC for interrupt routing
[    0.066444] ACPI: EC: GPE = 0x12, I/O: command/status = 0x66, data = 0x62
[    0.066732] ACPI: Power Resource [PUBS] (on)
[    0.068864] ACPI: ACPI Dock Station Driver: 3 docks/bays found
[    0.069279] ACPI: PCI Root Bridge [PCI0] (0000:00)
[    0.069452] pci 0000:00:02.0: reg 10 64bit mmio: [0xf8100000-0xf81fffff]
[    0.069457] pci 0000:00:02.0: reg 18 64bit mmio pref: [0xe0000000-0xefffffff]
[    0.069461] pci 0000:00:02.0: reg 20 io port: [0x1800-0x1807]
[    0.069496] pci 0000:00:02.1: reg 10 64bit mmio: [0xf8200000-0xf82fffff]
[    0.069603] pci 0000:00:19.0: reg 10 32bit mmio: [0xfe000000-0xfe01ffff]
[    0.069612] pci 0000:00:19.0: reg 14 32bit mmio: [0xfe025000-0xfe025fff]
[    0.069621] pci 0000:00:19.0: reg 18 io port: [0x1840-0x185f]
[    0.069694] pci 0000:00:19.0: PME# supported from D0 D3hot D3cold
[    0.069787] pci 0000:00:19.0: PME# disabled
[    0.069953] pci 0000:00:1a.0: reg 20 io port: [0x1860-0x187f]
[    0.070041] pci 0000:00:1a.1: reg 20 io port: [0x1880-0x189f]
[    0.070115] pci 0000:00:1a.7: reg 10 32bit mmio: [0xfe226c00-0xfe226fff]
[    0.070208] pci 0000:00:1a.7: PME# supported from D0 D3hot D3cold
[    0.070310] pci 0000:00:1a.7: PME# disabled
[    0.070452] pci 0000:00:1b.0: reg 10 64bit mmio: [0xfe020000-0xfe023fff]
[    0.070534] pci 0000:00:1b.0: PME# supported from D0 D3hot D3cold
[    0.070635] pci 0000:00:1b.0: PME# disabled
[    0.070833] pci 0000:00:1c.0: PME# supported from D0 D3hot D3cold
[    0.070924] pci 0000:00:1c.0: PME# disabled
[    0.071116] pci 0000:00:1c.1: PME# supported from D0 D3hot D3cold
[    0.071208] pci 0000:00:1c.1: PME# disabled
[    0.071417] pci 0000:00:1c.2: PME# supported from D0 D3hot D3cold
[    0.071520] pci 0000:00:1c.2: PME# disabled
[    0.071717] pci 0000:00:1c.3: PME# supported from D0 D3hot D3cold
[    0.071822] pci 0000:00:1c.3: PME# disabled
[    0.072109] pci 0000:00:1c.4: PME# supported from D0 D3hot D3cold
[    0.072200] pci 0000:00:1c.4: PME# disabled
[    0.072354] pci 0000:00:1d.0: reg 20 io port: [0x18a0-0x18bf]
[    0.073041] pci 0000:00:1d.1: reg 20 io port: [0x18c0-0x18df]
[    0.073119] pci 0000:00:1d.2: reg 20 io port: [0x18e0-0x18ff]
[    0.073212] pci 0000:00:1d.7: reg 10 32bit mmio: [0xfe227000-0xfe2273ff]
[    0.073309] pci 0000:00:1d.7: PME# supported from D0 D3hot D3cold
[    0.073402] pci 0000:00:1d.7: PME# disabled
[    0.073700] pci 0000:00:1f.0: quirk: region 1000-107f claimed by ICH6 ACPI/GPIO/TCO
[    0.073827] pci 0000:00:1f.0: quirk: region 1180-11bf claimed by ICH6 GPIO
[    0.073921] pci 0000:00:1f.0: ICH7 LPC Generic IO decode 1 PIO at 1600 (mask 007f)
[    0.073998] pci 0000:00:1f.0: ICH7 LPC Generic IO decode 2 PIO at 15e0 (mask 000f)
[    0.074121] pci 0000:00:1f.0: ICH7 LPC Generic IO decode 3 PIO at 1680 (mask 001f)
[    0.074338] pci 0000:00:1f.1: reg 10 io port: [0x00-0x07]
[    0.074349] pci 0000:00:1f.1: reg 14 io port: [0x00-0x03]
[    0.074359] pci 0000:00:1f.1: reg 18 io port: [0x00-0x07]
[    0.074368] pci 0000:00:1f.1: reg 1c io port: [0x00-0x03]
[    0.074380] pci 0000:00:1f.1: reg 20 io port: [0x1c00-0x1c0f]
[    0.074464] pci 0000:00:1f.2: reg 10 io port: [0x1c50-0x1c57]
[    0.074471] pci 0000:00:1f.2: reg 14 io port: [0x1c44-0x1c47]
[    0.074479] pci 0000:00:1f.2: reg 18 io port: [0x1c48-0x1c4f]
[    0.074488] pci 0000:00:1f.2: reg 1c io port: [0x1c40-0x1c43]
[    0.074497] pci 0000:00:1f.2: reg 20 io port: [0x1c20-0x1c3f]
[    0.074504] pci 0000:00:1f.2: reg 24 32bit mmio: [0xfe226000-0xfe2267ff]
[    0.074561] pci 0000:00:1f.2: PME# supported from D3hot
[    0.074654] pci 0000:00:1f.2: PME# disabled
[    0.074773] pci 0000:00:1f.3: reg 10 32bit mmio: [0xfe227400-0xfe2274ff]
[    0.074798] pci 0000:00:1f.3: reg 20 io port: [0x1c60-0x1c7f]
[    0.074885] pci 0000:00:1c.0: bridge io port: [0x2000-0x2fff]
[    0.074892] pci 0000:00:1c.0: bridge 32bit mmio: [0xfc000000-0xfdffffff]
[    0.074899] pci 0000:00:1c.0: bridge 64bit mmio pref: [0xf8000000-0xf80fffff]
[    0.075029] pci 0000:03:00.0: reg 10 64bit mmio: [0xdf3f0000-0xdf3fffff]
[    0.075224] pci 0000:00:1c.1: bridge io port: [0x3000-0x3fff]
[    0.075230] pci 0000:00:1c.1: bridge 32bit mmio: [0xdc000000-0xdf3fffff]
[    0.075239] pci 0000:00:1c.1: bridge 64bit mmio pref: [0xdfe00000-0xdfefffff]
[    0.075297] pci 0000:00:1c.2: bridge io port: [0x4000-0x4fff]
[    0.075303] pci 0000:00:1c.2: bridge 32bit mmio: [0xd8000000-0xd9ffffff]
[    0.075313] pci 0000:00:1c.2: bridge 64bit mmio pref: [0xdfb00000-0xdfbfffff]
[    0.075368] pci 0000:00:1c.3: bridge io port: [0x5000-0x5fff]
[    0.075375] pci 0000:00:1c.3: bridge 32bit mmio: [0xd4000000-0xd5ffffff]
[    0.075382] pci 0000:00:1c.3: bridge 64bit mmio pref: [0xdf800000-0xdf8fffff]
[    0.075439] pci 0000:00:1c.4: bridge io port: [0x6000-0x6fff]
[    0.075443] pci 0000:00:1c.4: bridge 32bit mmio: [0xd0000000-0xd1ffffff]
[    0.075452] pci 0000:00:1c.4: bridge 64bit mmio pref: [0xdf500000-0xdf5fffff]
[    0.075510] pci 0000:15:00.0: reg 10 32bit mmio: [0xf8300000-0xf8300fff]
[    0.075565] pci 0000:15:00.0: supports D1 D2
[    0.075567] pci 0000:15:00.0: PME# supported from D0 D1 D2 D3hot D3cold
[    0.075674] pci 0000:15:00.0: PME# disabled
[    0.075820] pci 0000:15:00.1: reg 10 32bit mmio: [0xf8301000-0xf83017ff]
[    0.075913] pci 0000:15:00.1: supports D1 D2
[    0.075914] pci 0000:15:00.1: PME# supported from D0 D1 D2 D3hot D3cold
[    0.076000] pci 0000:15:00.1: PME# disabled
[    0.076184] pci 0000:00:1e.0: transparent bridge
[    0.076279] pci 0000:00:1e.0: bridge io port: [0x7000-0xafff]
[    0.076283] pci 0000:00:1e.0: bridge 32bit mmio: [0xf8300000-0xfbffffff]
[    0.076292] pci 0000:00:1e.0: bridge 64bit mmio pref: [0xf4000000-0xf7ffffff]
[    0.076363] pci_bus 0000:00: on NUMA node 0
[    0.076367] ACPI: PCI Interrupt Routing Table [\_SB_.PCI0._PRT]
[    0.076500] ACPI: PCI Interrupt Routing Table [\_SB_.PCI0.EXP0._PRT]
[    0.076559] ACPI: PCI Interrupt Routing Table [\_SB_.PCI0.EXP1._PRT]
[    0.076617] ACPI: PCI Interrupt Routing Table [\_SB_.PCI0.EXP2._PRT]
[    0.076675] ACPI: PCI Interrupt Routing Table [\_SB_.PCI0.EXP3._PRT]
[    0.076738] ACPI: PCI Interrupt Routing Table [\_SB_.PCI0.EXP4._PRT]
[    0.076801] ACPI: PCI Interrupt Routing Table [\_SB_.PCI0.PCI1._PRT]
[    0.082291] ACPI: PCI Interrupt Link [LNKA] (IRQs 3 4 5 6 7 9 *10 11)
[    0.083082] ACPI: PCI Interrupt Link [LNKB] (IRQs 3 4 5 6 7 9 10 *11)
[    0.083877] ACPI: PCI Interrupt Link [LNKC] (IRQs 3 4 5 6 7 9 10 *11)
[    0.084665] ACPI: PCI Interrupt Link [LNKD] (IRQs 3 4 5 6 7 9 10 *11)
[    0.085456] ACPI: PCI Interrupt Link [LNKE] (IRQs 3 4 5 6 7 9 10 *11)
[    0.086238] ACPI: PCI Interrupt Link [LNKF] (IRQs 3 4 5 6 7 9 10 *11)
[    0.087077] ACPI: PCI Interrupt Link [LNKG] (IRQs 3 4 5 6 7 9 10 *11)
[    0.087875] ACPI: PCI Interrupt Link [LNKH] (IRQs 3 4 5 6 7 9 10 *11)
[    0.088597] vgaarb: device added: PCI:0000:00:02.0,decodes=io+mem,owns=io+mem,locks=none
[    0.088727] vgaarb: loaded
[    0.088907] SCSI subsystem initialized
[    0.089008] libata version 3.00 loaded.
[    0.089055] usbcore: registered new interface driver usbfs
[    0.089177] usbcore: registered new interface driver hub
[    0.089294] usbcore: registered new device driver usb
[    0.106044] raid6: int32x1    941 MB/s
[    0.122993] raid6: int32x2    886 MB/s
[    0.140063] raid6: int32x4    750 MB/s
[    0.156991] raid6: int32x8    656 MB/s
[    0.174005] raid6: mmxx1     2882 MB/s
[    0.190986] raid6: mmxx2     3253 MB/s
[    0.207996] raid6: sse1x1    1937 MB/s
[    0.224978] raid6: sse1x2    2531 MB/s
[    0.241978] raid6: sse2x1    3511 MB/s
[    0.258978] raid6: sse2x2    3828 MB/s
[    0.259070] raid6: using algorithm sse2x2 (3828 MB/s)
[    0.259160] PCI: Using ACPI for IRQ routing
[    0.259470] HPET: 3 timers in total, 0 timers will be used for per-cpu timer
[    0.259987] Switching to clocksource tsc
[    0.260092] pnp: PnP ACPI init
[    0.260180] ACPI: bus type pnp registered
[    0.263874] pnp: PnP ACPI: found 11 devices
[    0.263962] ACPI: ACPI bus type pnp unregistered
[    0.264054] system 00:00: iomem range 0x0-0x9ffff could not be reserved
[    0.264144] system 00:00: iomem range 0xc0000-0xc3fff could not be reserved
[    0.264241] system 00:00: iomem range 0xc4000-0xc7fff could not be reserved
[    0.264347] system 00:00: iomem range 0xc8000-0xcbfff has been reserved
[    0.264438] system 00:00: iomem range 0xcc000-0xcffff has been reserved
[    0.264530] system 00:00: iomem range 0xd0000-0xd3fff could not be reserved
[    0.264632] system 00:00: iomem range 0xe0000-0xe3fff could not be reserved
[    0.264720] system 00:00: iomem range 0xe4000-0xe7fff could not be reserved
[    0.264820] system 00:00: iomem range 0xe8000-0xebfff could not be reserved
[    0.264922] system 00:00: iomem range 0xec000-0xeffff could not be reserved
[    0.265012] system 00:00: iomem range 0xf0000-0xfffff could not be reserved
[    0.265108] system 00:00: iomem range 0x100000-0x3dffffff could not be reserved
[    0.265229] system 00:00: iomem range 0xfec00000-0xfed3ffff could not be reserved
[    0.265352] system 00:00: iomem range 0xfed4c000-0xffffffff could not be reserved
[    0.265476] system 00:02: ioport range 0x164e-0x164f has been reserved
[    0.265567] system 00:02: ioport range 0x1000-0x107f has been reserved
[    0.265662] system 00:02: ioport range 0x1180-0x11bf has been reserved
[    0.265753] system 00:02: ioport range 0x800-0x80f has been reserved
[    0.265844] system 00:02: ioport range 0x15e0-0x15ef has been reserved
[    0.265939] system 00:02: ioport range 0x1600-0x165f could not be reserved
[    0.266032] system 00:02: iomem range 0xf0000000-0xf3ffffff has been reserved
[    0.266127] system 00:02: iomem range 0xfed1c000-0xfed1ffff has been reserved
[    0.266227] system 00:02: iomem range 0xfed14000-0xfed17fff has been reserved
[    0.266324] system 00:02: iomem range 0xfed18000-0xfed18fff has been reserved
[    0.266416] system 00:02: iomem range 0xfed19000-0xfed19fff has been reserved
[    0.266509] system 00:02: iomem range 0xfed45000-0xfed4bfff has been reserved
[    0.301551] pci 0000:00:1c.0: PCI bridge, secondary bus 0000:02
[    0.301651] pci 0000:00:1c.0:   IO window: 0x2000-0x2fff
[    0.301744] pci 0000:00:1c.0:   MEM window: 0xfc000000-0xfdffffff
[    0.301840] pci 0000:00:1c.0:   PREFETCH window: 0x000000f8000000-0x000000f80fffff
[    0.301974] pci 0000:00:1c.1: PCI bridge, secondary bus 0000:03
[    0.302066] pci 0000:00:1c.1:   IO window: 0x3000-0x3fff
[    0.302162] pci 0000:00:1c.1:   MEM window: 0xdc000000-0xdf3fffff
[    0.302256] pci 0000:00:1c.1:   PREFETCH window: 0x000000dfe00000-0x000000dfefffff
[    0.302384] pci 0000:00:1c.2: PCI bridge, secondary bus 0000:04
[    0.302482] pci 0000:00:1c.2:   IO window: 0x4000-0x4fff
[    0.302575] pci 0000:00:1c.2:   MEM window: 0xd8000000-0xd9ffffff
[    0.302673] pci 0000:00:1c.2:   PREFETCH window: 0x000000dfb00000-0x000000dfbfffff
[    0.302801] pci 0000:00:1c.3: PCI bridge, secondary bus 0000:05
[    0.302897] pci 0000:00:1c.3:   IO window: 0x5000-0x5fff
[    0.302996] pci 0000:00:1c.3:   MEM window: 0xd4000000-0xd5ffffff
[    0.303091] pci 0000:00:1c.3:   PREFETCH window: 0x000000df800000-0x000000df8fffff
[    0.303220] pci 0000:00:1c.4: PCI bridge, secondary bus 0000:0d
[    0.303314] pci 0000:00:1c.4:   IO window: 0x6000-0x6fff
[    0.303409] pci 0000:00:1c.4:   MEM window: 0xd0000000-0xd1ffffff
[    0.303508] pci 0000:00:1c.4:   PREFETCH window: 0x000000df500000-0x000000df5fffff
[    0.303651] pci 0000:15:00.0: CardBus bridge, secondary bus 0000:16
[    0.303741] pci 0000:15:00.0:   IO window: 0x007000-0x0070ff
[    0.303849] pci 0000:15:00.0:   IO window: 0x007400-0x0074ff
[    0.303945] pci 0000:15:00.0:   PREFETCH window: 0xf4000000-0xf7ffffff
[    0.304047] pci 0000:15:00.0:   MEM window: 0x40000000-0x43ffffff
[    0.304141] pci 0000:00:1e.0: PCI bridge, secondary bus 0000:15
[    0.304235] pci 0000:00:1e.0:   IO window: 0x7000-0xafff
[    0.304336] pci 0000:00:1e.0:   MEM window: 0xf8300000-0xfbffffff
[    0.304430] pci 0000:00:1e.0:   PREFETCH window: 0x000000f4000000-0x000000f7ffffff
[    0.304567] pci 0000:00:1c.0: PCI INT A -> GSI 20 (level, low) -> IRQ 20
[    0.304668] pci 0000:00:1c.0: setting latency timer to 64
[    0.304681] pci 0000:00:1c.1: PCI INT B -> GSI 21 (level, low) -> IRQ 21
[    0.304778] pci 0000:00:1c.1: setting latency timer to 64
[    0.304791] pci 0000:00:1c.2: PCI INT C -> GSI 22 (level, low) -> IRQ 22
[    0.304896] pci 0000:00:1c.2: setting latency timer to 64
[    0.304910] pci 0000:00:1c.3: PCI INT D -> GSI 23 (level, low) -> IRQ 23
[    0.305008] pci 0000:00:1c.3: setting latency timer to 64
[    0.305020] pci 0000:00:1c.4: PCI INT A -> GSI 20 (level, low) -> IRQ 20
[    0.305110] pci 0000:00:1c.4: setting latency timer to 64
[    0.305119] pci 0000:00:1e.0: enabling device (0005 -> 0007)
[    0.305213] pci 0000:00:1e.0: setting latency timer to 64
[    0.305228] pci 0000:15:00.0: PCI INT A -> GSI 16 (level, low) -> IRQ 16
[    0.305323] pci 0000:15:00.0: setting latency timer to 64
[    0.305327] pci_bus 0000:00: resource 0 io:  [0x00-0xffff]
[    0.305329] pci_bus 0000:00: resource 1 mem: [0x000000-0xffffffff]
[    0.305331] pci_bus 0000:02: resource 0 io:  [0x2000-0x2fff]
[    0.305333] pci_bus 0000:02: resource 1 mem: [0xfc000000-0xfdffffff]
[    0.305335] pci_bus 0000:02: resource 2 pref mem [0xf8000000-0xf80fffff]
[    0.305337] pci_bus 0000:03: resource 0 io:  [0x3000-0x3fff]
[    0.305338] pci_bus 0000:03: resource 1 mem: [0xdc000000-0xdf3fffff]
[    0.305340] pci_bus 0000:03: resource 2 pref mem [0xdfe00000-0xdfefffff]
[    0.305342] pci_bus 0000:04: resource 0 io:  [0x4000-0x4fff]
[    0.305344] pci_bus 0000:04: resource 1 mem: [0xd8000000-0xd9ffffff]
[    0.305346] pci_bus 0000:04: resource 2 pref mem [0xdfb00000-0xdfbfffff]
[    0.305348] pci_bus 0000:05: resource 0 io:  [0x5000-0x5fff]
[    0.305349] pci_bus 0000:05: resource 1 mem: [0xd4000000-0xd5ffffff]
[    0.305351] pci_bus 0000:05: resource 2 pref mem [0xdf800000-0xdf8fffff]
[    0.305353] pci_bus 0000:0d: resource 0 io:  [0x6000-0x6fff]
[    0.305355] pci_bus 0000:0d: resource 1 mem: [0xd0000000-0xd1ffffff]
[    0.305356] pci_bus 0000:0d: resource 2 pref mem [0xdf500000-0xdf5fffff]
[    0.305358] pci_bus 0000:15: resource 0 io:  [0x7000-0xafff]
[    0.305360] pci_bus 0000:15: resource 1 mem: [0xf8300000-0xfbffffff]
[    0.305362] pci_bus 0000:15: resource 2 pref mem [0xf4000000-0xf7ffffff]
[    0.305364] pci_bus 0000:15: resource 3 io:  [0x00-0xffff]
[    0.305365] pci_bus 0000:15: resource 4 mem: [0x000000-0xffffffff]
[    0.305367] pci_bus 0000:16: resource 0 io:  [0x7000-0x70ff]
[    0.305369] pci_bus 0000:16: resource 1 io:  [0x7400-0x74ff]
[    0.305371] pci_bus 0000:16: resource 2 pref mem [0xf4000000-0xf7ffffff]
[    0.305373] pci_bus 0000:16: resource 3 mem: [0x40000000-0x43ffffff]
[    0.305380] NET: Registered protocol family 2
[    0.305474] RANDOM - __random32 called. Change num 7.  Value: 7ba3d01e	3ca905be	d2026a24
[    0.305476] RANDOM - random32 called.  Value: 7ba3d01e	3ca905be	d2026a24
[    0.305481] random 0000 0000 0000 5f8db4e5 4cfdf2a8: rand_read_num 3 get_random_bytes(4): sig fffffb64 5f8db4e5 4cfdf2a8
[    0.305483] random 0000 0000 0000 5f8db4e5 4cfdf2a8: extract_entropy(.. 4 ..)
[    0.305485] random 0000 0000 0000 5f8db4e5 4cfdf2a8: going to reseed nonblocking with 64 bits (32 of 0 requested)
[    0.305487] random 0000 0000 0000 5f8db4e5 4cfdf2a8: extract_entropy(.. 8 ..)
[    0.305490] random 0000 0000 0000 5f8db4e5 4cfdf2a8: trying to extract 64 bits from input
[    0.305492] random 0000 0000 0000 5f8db4e5 4cfdf2a8: debiting 0 entropy credits from input
[    0.305494] random 0000 0000 0000 5f8db4e5 4cfdf2a8: extract_entropy account returned: 0 
[    0.305497] random 0000 0000 0000 5f8db4e5 4cfdf2a8: urand_change_num 5 xfer_secondary_pool(4): pool_sig fffffb64, data_sig 00000000, bytes_mixed 0 5f8db4e5 4cfdf2a8
[    0.305500] random 0000 0000 0000 5f8db4e5 4cfdf2a8: trying to extract 32 bits from nonblocking
[    0.305502] random 0000 0000 0000 5f8db4e5 4cfdf2a8: debiting 32 entropy credits from nonblocking (unlimited)
[    0.305504] random 0000 0000 0000 5f8db4e5 4cfdf2a8: extract_entropy account returned: 4 
[    0.305508] random 0000 0000 0000 5f8db4e5 4cfdf2a8: urand_change_num 6 extract_buf: pool_sig fffffb64, data_sig 00000241, bytes_mixed 20 5f8db4e5 4cfdf2a8
[    0.305518] IP route cache hash table entries: 32768 (order: 5, 131072 bytes)
[    0.305651] RANDOM - __random32 called. Change num 8.  Value: 3d01e034	ca905be7	d4484227
[    0.305653] RANDOM - random32 called.  Value: 3d01e034	ca905be7	d4484227
[    0.305663] RANDOM - __random32 called. Change num 9.  Value: 1e034020	a905be70	844ec14a
[    0.305665] RANDOM - random32 called.  Value: 1e034020	a905be70	844ec14a
[    0.305667] RANDOM - __random32 called. Change num 10.  Value: 34020ec0	905be706	8294c719
[    0.305668] RANDOM - random32 called.  Value: 34020ec0	905be706	8294c719
[    0.305679] RANDOM - __random32 called. Change num 11.  Value: 20ec0ebb	5be7068	8e32c65f
[    0.305680] RANDOM - random32 called.  Value: 20ec0ebb	5be7068	8e32c65f
[    0.305690] TCP established hash table entries: 131072 (order: 8, 1048576 bytes)
[    0.306188] TCP bind hash table entries: 65536 (order: 6, 262144 bytes)
[    0.306374] TCP: Hash tables configured (established 131072 bind 65536)
[    0.306475] TCP reno registered
[    0.306589] NET: Registered protocol family 1
[    0.306708] RPC: Registered udp transport module.
[    0.306795] RPC: Registered tcp transport module.
[    0.306898] RPC: Registered tcp NFSv4.1 backchannel transport module.
[    0.306992] pci 0000:00:02.0: Boot video device
[    0.307203] Simple Boot Flag at 0x35 set to 0x1
[    0.307720] highmem bounce pool size: 64 pages
[    0.309297] VFS: Disk quotas dquot_6.5.2
[    0.309424] Dquot-cache hash table entries: 1024 (order 0, 4096 bytes)
[    0.310104] NTFS driver 2.1.29 [Flags: R/W].
[    0.310264] ROMFS MTD (C) 2007 Red Hat, Inc.
[    0.310474] JFS: nTxBlock = 7695, nTxLock = 61562
[    0.312931] SGI XFS with ACLs, security attributes, large block/inode numbers, no debug enabled
[    0.313415] SGI XFS Quota Management subsystem
[    0.313703] Slow work thread pool: Starting up
[    0.313803] Slow work thread pool: Ready
[    0.313928] GFS2 (built May 24 2013 02:47:17) installed
[    0.314019] msgmni has been set to 1734
[    0.314185] alg: No test for cipher_null (cipher_null-generic)
[    0.314284] alg: No test for ecb(cipher_null) (ecb-cipher_null)
[    0.314385] alg: No test for digest_null (digest_null-generic)
[    0.314493] alg: No test for compress_null (compress_null-generic)
[    0.315066] alg: No test for fcrypt (fcrypt-generic)
[    0.316473] alg: No test for stdrng (krng)
[    0.316573] async_tx: api initialized (async)
[    0.316732] Block layer SCSI generic (bsg) driver version 0.4 loaded (major 254)
[    0.316876] io scheduler noop registered
[    0.316963] io scheduler anticipatory registered
[    0.317059] io scheduler deadline registered
[    0.317194] io scheduler cfq registered (default)
[    0.317429] pcieport 0000:00:1c.0: irq 24 for MSI/MSI-X
[    0.317446] pcieport 0000:00:1c.0: setting latency timer to 64
[    0.317636] pcieport 0000:00:1c.1: irq 25 for MSI/MSI-X
[    0.317647] pcieport 0000:00:1c.1: setting latency timer to 64
[    0.317824] pcieport 0000:00:1c.2: irq 26 for MSI/MSI-X
[    0.317835] pcieport 0000:00:1c.2: setting latency timer to 64
[    0.318032] pcieport 0000:00:1c.3: irq 27 for MSI/MSI-X
[    0.318043] pcieport 0000:00:1c.3: setting latency timer to 64
[    0.318223] pcieport 0000:00:1c.4: irq 28 for MSI/MSI-X
[    0.318234] pcieport 0000:00:1c.4: setting latency timer to 64
[    0.318378] pci_hotplug: PCI Hot Plug PCI Core version: 0.5
[    0.318566] isapnp: Scanning for PnP cards...
[    0.679091] isapnp: No Plug & Play device found
[    0.679181] random 0000 0000 0000 5f8db4e5 4cfdf2a8: initializing
[    0.679183] RANDOM init_std_data for input now value: 1369991718679182835
[    0.679184] RANDOM init_std_data for blocking now value: 1369991718679184835
[    0.679186] RANDOM init_std_data for nonblocking now value: 1369991718679186539
[    0.698770] Serial: 8250/16550 driver, 4 ports, IRQ sharing enabled
[    3.709914] floppy0: no floppy controllers found
[    3.710864] brd: module loaded
[    3.711369] loop: module loaded
[    3.711458] Compaq SMART2 Driver (v 2.6.0)
[    3.711595] HP CISS Driver (v 3.6.20)
[    3.711839] input: Macintosh mouse button emulation as /devices/virtual/input/input0
[    3.711982] Uniform Multi-Platform E-IDE driver
[    3.712207] piix 0000:00:1f.1: IDE controller (0x8086:0x2850 rev 0x03)
[    3.712308] pci 0000:00:1f.1: PCI INT C -> GSI 16 (level, low) -> IRQ 16
[    3.712409] piix 0000:00:1f.1: IDE port disabled
[    3.712506] piix 0000:00:1f.1: not 100% native mode: will probe irqs later
[    3.712599]     ide0: BM-DMA at 0x1c00-0x1c07
[    3.712691] Probing IDE interface ide0...
[    4.384143] hda: HL-DT-ST DVDRAM GSA-U10N, ATAPI CD/DVD-ROM drive
[    4.690957] hda: host max PIO4 wanted PIO255(auto-tune) selected PIO4
[    4.691727] hda: UDMA/33 mode selected
[    4.692194] ide0 at 0x1f0-0x1f7,0x3f6 on irq 14
[    4.696108] ide-gd driver 1.18
[    4.696213] ide-cd driver 5.00
[    4.697601] random 0000 0000 0000 00000000 00000000: add_disk_randomness(0:0) 00000000 00000000
[    4.697605] random 0000 0000 0000 00000000 00000000: add_timer_randomness(.. 256) with jiffies: 16893113626602995321, cycles: -1553630451401228279
[    4.697608] random 0000 0000 0000 00000000 00000000: added 11 entropy credits to input
[    4.697612] ide-cd: hda: ATAPI 24X DVD-ROM DVD-R/RAM CD-R/RW drive, 2048kB Cache
[    4.698083] Uniform CD-ROM driver Revision: 3.20
[    4.700844] random 0011 0000 0000 00000000 00000000: add_disk_randomness(0:0) 00000000 00000000
[    4.700847] random 0011 0000 0000 00000000 00000000: add_timer_randomness(.. 256) with jiffies: 16922287067407023740, cycles: -1524457010597199863
[    4.700850] random 0011 0000 0000 00000000 00000000: added 1 entropy credits to input
[    4.700853] random 0012 0000 0000 00000000 00000000: add_disk_randomness(0:0) 00000000 00000000
[    4.700855] random 0012 0000 0000 00000000 00000000: add_timer_randomness(.. 256) with jiffies: 16922364948049002108, cycles: -1524379129955221495
[    4.702840] random 0012 0000 0000 00000000 00000000: add_disk_randomness(0:0) 00000000 00000000
[    4.702843] random 0012 0000 0000 00000000 00000000: add_timer_randomness(.. 256) with jiffies: 16940247503947398782, cycles: -1506496574056824823
[    4.702846] random 0012 0000 0000 00000000 00000000: added 1 entropy credits to input
[    4.702849] random 0013 0000 0000 00000000 00000000: add_disk_randomness(0:0) 00000000 00000000
[    4.702852] random 0013 0000 0000 00000000 00000000: add_timer_randomness(.. 256) with jiffies: 16940324035969646206, cycles: -1506420042034577399
[    4.704838] random 0013 0000 0000 00000000 00000000: add_disk_randomness(0:0) 00000000 00000000
[    4.704840] random 0013 0000 0000 00000000 00000000: add_timer_randomness(.. 256) with jiffies: 16958215340716424832, cycles: -1488528737287798775
[    4.704843] random 0013 0000 0000 00000000 00000000: added 1 entropy credits to input
[    4.704846] random 0014 0000 0000 00000000 00000000: add_disk_randomness(0:0) 00000000 00000000
[    4.704849] random 0014 0000 0000 00000000 00000000: add_timer_randomness(.. 256) with jiffies: 16958289480441888384, cycles: -1488454597562335223
[    4.705124] Loading iSCSI transport class v2.0-870.
[    4.705409] rdac: device handler registered
[    4.705496] hp_sw: device handler registered
[    4.705586] emc: device handler registered
[    4.705673] alua: device handler registered
[    4.706666] Adaptec aacraid driver 1.1-5[2461]-ms
[    4.707089] scsi: <fdomain> Detection failed (no card)
[    4.707189] sym53c416.c: Version 1.0.0-ac
[    4.707297] qlogicfas: no cards were found, please specify I/O address and IRQ using iobase= and irq= options
[    4.707422] QLogic Fibre Channel HBA Driver: 8.03.01-k6
[    4.707647] iscsi: registered transport (qla4xxx)
[    4.707763] QLogic iSCSI HBA Driver
[    4.707849] Emulex LightPulse Fibre Channel SCSI driver 8.3.4
[    4.707953] Copyright(c) 2004-2009 Emulex.  All rights reserved.
[    4.729946] Failed initialization of WD-7000 SCSI card!
[    4.819571] DC390: clustering now enabled by default. If you get problems load
[    4.819692]        with "disable_clustering=1" and report to maintainers
[    4.819827] megaraid cmm: 2.20.2.7 (Release Date: Sun Jul 16 00:01:03 EST 2006)
[    4.819982] megaraid: 2.20.5.1 (Release Date: Thu Nov 16 15:32:35 EST 2006)
[    4.820102] megasas: 00.00.04.01 Thu July 24 11:41:51 PST 2008
[    4.820243] GDT-HA: Storage RAID Controller Driver. Version: 3.05
[    4.820391] 3ware Storage Controller device driver for Linux v1.26.02.002.
[    4.820499] 3ware 9000 Storage Controller device driver for Linux v2.26.02.012.
[    4.820640] nsp32: loading...
[    4.820746] ipr: IBM Power RAID SCSI Device Driver version: 2.4.3 (June 10, 2009)
[    4.820890] RocketRAID 3xxx/4xxx Controller driver v1.6 (090910)
[    4.821017] stex: Promise SuperTrak EX Driver version: 4.6.0000.3
[    4.821153] st: Version 20081215, fixed bufsize 32768, s/g segs 256
[    4.821340] ahci 0000:00:1f.2: version 3.0
[    4.821353] ahci 0000:00:1f.2: PCI INT B -> GSI 16 (level, low) -> IRQ 16
[    4.821486] ahci 0000:00:1f.2: irq 29 for MSI/MSI-X
[    4.821542] ahci 0000:00:1f.2: AHCI 0001.0100 32 slots 3 ports 1.5 Gbps 0x5 impl SATA mode
[    4.821664] ahci 0000:00:1f.2: flags: 64bit ncq sntf pm led clo pio slum part ccc 
[    4.821792] ahci 0000:00:1f.2: setting latency timer to 64
[    4.821957] scsi2 : ahci
[    4.822117] scsi3 : ahci
[    4.822257] scsi4 : ahci
[    4.822427] ata1: SATA max UDMA/133 abar m2048@0xfe226000 port 0xfe226100 irq 29
[    4.822552] ata2: DUMMY
[    4.822646] ata3: SATA max UDMA/133 abar m2048@0xfe226000 port 0xfe226200 irq 29
[    4.823256] I2O subsystem v1.325
[    4.823346] i2o: max drivers = 8
[    4.823497] I2O Configuration OSM v1.323
[    4.823599] I2O Bus Adapter OSM v1.317
[    4.823702] I2O Block Device OSM v1.325
[    4.823854] I2O SCSI Peripheral OSM v1.316
[    4.824011] I2O ProcFS OSM v1.316
[    4.824124] Fusion MPT base driver 3.04.12
[    4.824216] Copyright (c) 1999-2008 LSI Corporation
[    4.824311] Fusion MPT SPI Host driver 3.04.12
[    4.824429] Fusion MPT FC Host driver 3.04.12
[    4.824541] Fusion MPT SAS Host driver 3.04.12
[    4.824692] ohci1394 0000:15:00.1: PCI INT B -> GSI 17 (level, low) -> IRQ 17
[    4.824793] ohci1394 0000:15:00.1: setting latency timer to 64
[    4.877966] ohci1394: fw-host0: OHCI-1394 1.1 (PCI): IRQ=[17]  MMIO=[f8301000-f83017ff]  Max Packet=[2048]  IR/IT contexts=[4/4]
[    4.881230] ehci_hcd: USB 2.0 'Enhanced' Host Controller (EHCI) Driver
[    4.881505] ehci_hcd 0000:00:1a.7: power state changed by ACPI to D0
[    4.881773] ehci_hcd 0000:00:1a.7: power state changed by ACPI to D0
[    4.881877] ehci_hcd 0000:00:1a.7: PCI INT C -> GSI 22 (level, low) -> IRQ 22
[    4.881980] ehci_hcd 0000:00:1a.7: setting latency timer to 64
[    4.881985] ehci_hcd 0000:00:1a.7: EHCI Host Controller
[    4.882121] ehci_hcd 0000:00:1a.7: new USB bus registered, assigned bus number 1
[    4.886165] ehci_hcd 0000:00:1a.7: cache line size of 32 is not supported
[    4.886174] ehci_hcd 0000:00:1a.7: irq 22, io mem 0xfe226c00
[    4.895930] ehci_hcd 0000:00:1a.7: USB 2.0 started, EHCI 1.00
[    4.896033] usb usb1: New USB device found, idVendor=1d6b, idProduct=0002
[    4.896125] usb usb1: New USB device strings: Mfr=3, Product=2, SerialNumber=1
[    4.896247] usb usb1: Product: EHCI Host Controller
[    4.896335] usb usb1: Manufacturer: Linux 2.6.32.57 ehci_hcd
[    4.896429] usb usb1: SerialNumber: 0000:00:1a.7
[    4.896571] usb usb1: configuration #1 chosen from 1 choice
[    4.896692] hub 1-0:1.0: USB hub found
[    4.896783] hub 1-0:1.0: 4 ports detected
[    4.897083] ehci_hcd 0000:00:1d.7: power state changed by ACPI to D0
[    4.897363] ehci_hcd 0000:00:1d.7: power state changed by ACPI to D0
[    4.897461] ehci_hcd 0000:00:1d.7: PCI INT D -> GSI 19 (level, low) -> IRQ 19
[    4.897556] ehci_hcd 0000:00:1d.7: setting latency timer to 64
[    4.897561] ehci_hcd 0000:00:1d.7: EHCI Host Controller
[    4.897695] ehci_hcd 0000:00:1d.7: new USB bus registered, assigned bus number 2
[    4.897849] ehci_hcd 0000:00:1d.7: debug port 1
[    4.901816] ehci_hcd 0000:00:1d.7: cache line size of 32 is not supported
[    4.901825] ehci_hcd 0000:00:1d.7: irq 19, io mem 0xfe227000
[    4.911930] ehci_hcd 0000:00:1d.7: USB 2.0 started, EHCI 1.00
[    4.912034] usb usb2: New USB device found, idVendor=1d6b, idProduct=0002
[    4.912128] usb usb2: New USB device strings: Mfr=3, Product=2, SerialNumber=1
[    4.912247] usb usb2: Product: EHCI Host Controller
[    4.912344] usb usb2: Manufacturer: Linux 2.6.32.57 ehci_hcd
[    4.912433] usb usb2: SerialNumber: 0000:00:1d.7
[    4.912579] usb usb2: configuration #1 chosen from 1 choice
[    4.912700] hub 2-0:1.0: USB hub found
[    4.912792] hub 2-0:1.0: 6 ports detected
[    4.912972] 116x: driver isp116x-hcd, 03 Nov 2005
[    4.913080] ohci_hcd: USB 1.1 'Open' Host Controller (OHCI) Driver
[    4.913191] uhci_hcd: USB Universal Host Controller Interface driver
[    4.913301] uhci_hcd 0000:00:1a.0: PCI INT A -> GSI 20 (level, low) -> IRQ 20
[    4.913398] uhci_hcd 0000:00:1a.0: setting latency timer to 64
[    4.913402] uhci_hcd 0000:00:1a.0: UHCI Host Controller
[    4.913534] uhci_hcd 0000:00:1a.0: new USB bus registered, assigned bus number 3
[    4.913687] uhci_hcd 0000:00:1a.0: irq 20, io base 0x00001860
[    4.913802] usb usb3: New USB device found, idVendor=1d6b, idProduct=0001
[    4.913895] usb usb3: New USB device strings: Mfr=3, Product=2, SerialNumber=1
[    4.914023] usb usb3: Product: UHCI Host Controller
[    4.914112] usb usb3: Manufacturer: Linux 2.6.32.57 uhci_hcd
[    4.914210] usb usb3: SerialNumber: 0000:00:1a.0
[    4.914347] usb usb3: configuration #1 chosen from 1 choice
[    4.914472] hub 3-0:1.0: USB hub found
[    4.914561] hub 3-0:1.0: 2 ports detected
[    4.914911] uhci_hcd 0000:00:1a.1: power state changed by ACPI to D0
[    4.915159] uhci_hcd 0000:00:1a.1: power state changed by ACPI to D0
[    4.915264] uhci_hcd 0000:00:1a.1: PCI INT B -> GSI 21 (level, low) -> IRQ 21
[    4.915366] uhci_hcd 0000:00:1a.1: setting latency timer to 64
[    4.915371] uhci_hcd 0000:00:1a.1: UHCI Host Controller
[    4.915498] uhci_hcd 0000:00:1a.1: new USB bus registered, assigned bus number 4
[    4.915647] uhci_hcd 0000:00:1a.1: irq 21, io base 0x00001880
[    4.915764] usb usb4: New USB device found, idVendor=1d6b, idProduct=0001
[    4.915856] usb usb4: New USB device strings: Mfr=3, Product=2, SerialNumber=1
[    4.915984] usb usb4: Product: UHCI Host Controller
[    4.916079] usb usb4: Manufacturer: Linux 2.6.32.57 uhci_hcd
[    4.916169] usb usb4: SerialNumber: 0000:00:1a.1
[    4.916311] usb usb4: configuration #1 chosen from 1 choice
[    4.916426] hub 4-0:1.0: USB hub found
[    4.916517] hub 4-0:1.0: 2 ports detected
[    4.916854] uhci_hcd 0000:00:1d.0: power state changed by ACPI to D0
[    4.917109] uhci_hcd 0000:00:1d.0: power state changed by ACPI to D0
[    4.917204] uhci_hcd 0000:00:1d.0: PCI INT A -> GSI 16 (level, low) -> IRQ 16
[    4.917299] uhci_hcd 0000:00:1d.0: setting latency timer to 64
[    4.917302] uhci_hcd 0000:00:1d.0: UHCI Host Controller
[    4.917430] uhci_hcd 0000:00:1d.0: new USB bus registered, assigned bus number 5
[    4.917578] uhci_hcd 0000:00:1d.0: irq 16, io base 0x000018a0
[    4.917693] usb usb5: New USB device found, idVendor=1d6b, idProduct=0001
[    4.917783] usb usb5: New USB device strings: Mfr=3, Product=2, SerialNumber=1
[    4.917916] usb usb5: Product: UHCI Host Controller
[    4.918018] usb usb5: Manufacturer: Linux 2.6.32.57 uhci_hcd
[    4.918106] usb usb5: SerialNumber: 0000:00:1d.0
[    4.918242] usb usb5: configuration #1 chosen from 1 choice
[    4.918360] hub 5-0:1.0: USB hub found
[    4.918454] hub 5-0:1.0: 2 ports detected
[    4.918594] uhci_hcd 0000:00:1d.1: PCI INT B -> GSI 17 (level, low) -> IRQ 17
[    4.918689] uhci_hcd 0000:00:1d.1: setting latency timer to 64
[    4.918694] uhci_hcd 0000:00:1d.1: UHCI Host Controller
[    4.918819] uhci_hcd 0000:00:1d.1: new USB bus registered, assigned bus number 6
[    4.918970] uhci_hcd 0000:00:1d.1: irq 17, io base 0x000018c0
[    4.919090] usb usb6: New USB device found, idVendor=1d6b, idProduct=0001
[    4.919186] usb usb6: New USB device strings: Mfr=3, Product=2, SerialNumber=1
[    4.919307] usb usb6: Product: UHCI Host Controller
[    4.919391] usb usb6: Manufacturer: Linux 2.6.32.57 uhci_hcd
[    4.919482] usb usb6: SerialNumber: 0000:00:1d.1
[    4.919619] usb usb6: configuration #1 chosen from 1 choice
[    4.919734] hub 6-0:1.0: USB hub found
[    4.919825] hub 6-0:1.0: 2 ports detected
[    4.920129] uhci_hcd 0000:00:1d.2: power state changed by ACPI to D0
[    4.920365] uhci_hcd 0000:00:1d.2: power state changed by ACPI to D0
[    4.920463] uhci_hcd 0000:00:1d.2: PCI INT C -> GSI 18 (level, low) -> IRQ 18
[    4.920567] uhci_hcd 0000:00:1d.2: setting latency timer to 64
[    4.920572] uhci_hcd 0000:00:1d.2: UHCI Host Controller
[    4.920704] uhci_hcd 0000:00:1d.2: new USB bus registered, assigned bus number 7
[    4.920852] uhci_hcd 0000:00:1d.2: irq 18, io base 0x000018e0
[    4.920967] usb usb7: New USB device found, idVendor=1d6b, idProduct=0001
[    4.921060] usb usb7: New USB device strings: Mfr=3, Product=2, SerialNumber=1
[    4.921181] usb usb7: Product: UHCI Host Controller
[    4.921269] usb usb7: Manufacturer: Linux 2.6.32.57 uhci_hcd
[    4.921359] usb usb7: SerialNumber: 0000:00:1d.2
[    4.922152] usb usb7: configuration #1 chosen from 1 choice
[    4.922273] hub 7-0:1.0: USB hub found
[    4.922363] hub 7-0:1.0: 2 ports detected
[    4.922521] sl811: driver sl811-hcd, 19 May 2005
[    4.922638] r8a66597_hcd: driver r8a66597_hcd, 2009-05-26
[    4.922817] Initializing USB Mass Storage driver...
[    4.922954] usbcore: registered new interface driver usb-storage
[    4.923053] USB Mass Storage support registered.
[    4.923160] usbcore: registered new interface driver ums-alauda
[    4.923268] usbcore: registered new interface driver ums-cypress
[    4.923376] usbcore: registered new interface driver ums-datafab
[    4.923485] usbcore: registered new interface driver ums-freecom
[    4.923592] usbcore: registered new interface driver ums-isd200
[    4.923711] usbcore: registered new interface driver ums-jumpshot
[    4.923824] usbcore: registered new interface driver ums-karma
[    4.923944] usbcore: registered new interface driver ums-onetouch
[    4.924058] usbcore: registered new interface driver ums-sddr09
[    4.924167] usbcore: registered new interface driver ums-sddr55
[    4.924282] usbcore: registered new interface driver ums-usbat
[    4.924427] PNP: PS/2 Controller [PNP0303:KBD,PNP0f13:MOU] at 0x60,0x64 irq 1,12
[    4.933608] serio: i8042 KBD port at 0x60,0x64 irq 1
[    4.933697] serio: i8042 AUX port at 0x60,0x64 irq 12
[    4.933949] mice: PS/2 mouse device common for all mice
[    4.934061] i2c /dev entries driver
[    4.934190] md: linear personality registered for level -1
[    4.934279] md: raid0 personality registered for level 0
[    4.934376] md: raid1 personality registered for level 1
[    4.934469] md: raid10 personality registered for level 10
[    4.934556] md: raid6 personality registered for level 6
[    4.934648] md: raid5 personality registered for level 5
[    4.934745] md: raid4 personality registered for level 4
[    4.934837] md: multipath personality registered for level -4
[    4.935041] device-mapper: ioctl: 4.15.0-ioctl (2009-04-01) initialised: dm-devel@redhat.com
[    4.935248] cpuidle: using governor ladder
[    4.935847] usbcore: registered new interface driver usbhid
[    4.935949] usbhid: v2.6:USB HID core driver
[    4.936090] random 0014 0000 0000 00000000 00000000: rand_read_num 4 get_random_bytes(136): sig 00000000 00000000 00000000
[    4.936093] random 0014 0000 0000 00000000 00000000: extract_entropy(.. 136 ..)
[    4.936095] random 0014 0000 0000 00000000 00000000: going to reseed nonblocking with 1024 bits (1088 of 0 requested)
[    4.936098] random 0014 0000 0000 00000000 00000000: extract_entropy(.. 128 ..)
[    4.936100] random 0014 0000 0000 00000000 00000000: trying to extract 1024 bits from input
[    4.936102] random 0014 0000 0000 00000000 00000000: debiting 0 entropy credits from input
[    4.936104] random 0014 0000 0000 00000000 00000000: extract_entropy account returned: 0 
[    4.936107] random 0014 0000 0000 00000000 00000000: urand_change_num 7 xfer_secondary_pool(136): pool_sig 00000000, data_sig 00000000, bytes_mixed 0 00000000 00000000
[    4.936110] random 0014 0000 0000 00000000 00000000: trying to extract 1088 bits from nonblocking
[    4.936113] random 0014 0000 0000 00000000 00000000: debiting 1088 entropy credits from nonblocking (unlimited)
[    4.936115] random 0014 0000 0000 00000000 00000000: extract_entropy account returned: 136 
[    4.936119] random 0014 0000 0000 00000000 00000000: urand_change_num 8 extract_buf: pool_sig 00000000, data_sig fffffff9, bytes_mixed 20 00000000 00000000
[    4.936124] random 0014 0000 0000 b7c35b56 be4dc95d: urand_change_num 9 extract_buf: pool_sig fffffd1e, data_sig 000000c5, bytes_mixed 20 b7c35b56 be4dc95d
[    4.936130] random 0014 0000 0000 ed9f5c47 c48487fb: urand_change_num 10 extract_buf: pool_sig fffff8ec, data_sig ffffff68, bytes_mixed 20 ed9f5c47 c48487fb
[    4.936135] random 0014 0000 0000 ed9f5c47 c48487fb: urand_change_num 11 extract_buf: pool_sig fffffaed, data_sig 000001aa, bytes_mixed 20 ed9f5c47 c48487fb
[    4.936140] random 0014 0000 0000 1b4f7c0a 91bd6a48: urand_change_num 12 extract_buf: pool_sig fffffdd8, data_sig 00000064, bytes_mixed 20 1b4f7c0a 91bd6a48
[    4.936146] random 0014 0000 0000 a254b9bc 20e9a24f: urand_change_num 13 extract_buf: pool_sig fffffbe6, data_sig 000001dd, bytes_mixed 20 a254b9bc 20e9a24f
[    4.936151] random 0014 0000 0000 a254b9bc 20e9a24f: urand_change_num 14 extract_buf: pool_sig fffff940, data_sig fffffe20, bytes_mixed 20 a254b9bc 20e9a24f
[    4.936156] random 0014 0000 0000 2831a66b 5fa2a3ad: urand_change_num 15 extract_buf: pool_sig fffffbce, data_sig 0000007e, bytes_mixed 20 2831a66b 5fa2a3ad
[    4.936161] random 0014 0000 0000 2831a66b 5fa2a3ad: urand_change_num 16 extract_buf: pool_sig 000004df, data_sig fffffe8f, bytes_mixed 20 2831a66b 5fa2a3ad
[    4.936166] random 0014 0000 0000 d4512bfd c9a54e0b: urand_change_num 17 extract_buf: pool_sig 00000485, data_sig fffffe68, bytes_mixed 20 d4512bfd c9a54e0b
[    4.936172] random 0014 0000 0000 c7371be6 f9ffea11: urand_change_num 18 extract_buf: pool_sig 00000095, data_sig ffffffed, bytes_mixed 20 c7371be6 f9ffea11
[    4.936177] random 0014 0000 0000 c7371be6 f9ffea11: urand_change_num 19 extract_buf: pool_sig 000003a7, data_sig fffffefa, bytes_mixed 20 c7371be6 f9ffea11
[    4.936182] random 0014 0000 0000 8fb4b62c d1ddba54: urand_change_num 20 extract_buf: pool_sig 00000179, data_sig ffffff78, bytes_mixed 20 8fb4b62c d1ddba54
[    4.936187] random 0014 0000 0000 9ff19f9c c07a1d2a: urand_change_num 21 extract_buf: pool_sig fffffe88, data_sig 00000126, bytes_mixed 20 9ff19f9c c07a1d2a
[    4.936191] TCP cubic registered
[    4.936278] Initializing XFRM netlink socket
[    4.936379] NET: Registered protocol family 17
[    4.936475] Using IPI Shortcut mode
[    4.936568] random 0014 0000 0000 9ff19f9c c07a1d2a: rand_read_num 5 get_random_bytes(8): sig 0000031b 9ff19f9c c07a1d2a
[    4.936570] random 0014 0000 0000 9ff19f9c c07a1d2a: extract_entropy(.. 8 ..)
[    4.936573] random 0014 0000 0000 9ff19f9c c07a1d2a: going to reseed nonblocking with 64 bits (64 of 0 requested)
[    4.936575] random 0014 0000 0000 9ff19f9c c07a1d2a: extract_entropy(.. 8 ..)
[    4.936577] random 0014 0000 0000 9ff19f9c c07a1d2a: trying to extract 64 bits from input
[    4.936579] random 0014 0000 0000 9ff19f9c c07a1d2a: debiting 0 entropy credits from input
[    4.936581] random 0014 0000 0000 9ff19f9c c07a1d2a: extract_entropy account returned: 0 
[    4.936584] random 0014 0000 0000 9ff19f9c c07a1d2a: urand_change_num 22 xfer_secondary_pool(8): pool_sig 0000031b, data_sig 00000000, bytes_mixed 0 9ff19f9c c07a1d2a
[    4.936587] random 0014 0000 0000 9ff19f9c c07a1d2a: trying to extract 64 bits from nonblocking
[    4.936590] random 0014 0000 0000 9ff19f9c c07a1d2a: debiting 64 entropy credits from nonblocking (unlimited)
[    4.936592] random 0014 0000 0000 9ff19f9c c07a1d2a: extract_entropy account returned: 8 
[    4.936596] random 0014 0000 0000 9ff19f9c c07a1d2a: urand_change_num 23 extract_buf: pool_sig 0000031b, data_sig ffffffb3, bytes_mixed 20 9ff19f9c c07a1d2a
[    4.939469] input: AT Translated Set 2 keyboard as /devices/platform/i8042/serio0/input/input1
[    5.127951] ata1: SATA link up 1.5 Gbps (SStatus 113 SControl 300)
[    5.128061] ata3: SATA link down (SStatus 0 SControl 300)
[    5.129905] ata1.00: ACPI cmd ef/02:00:00:00:00:a0 (SET FEATURES) succeeded
[    5.129908] ata1.00: ACPI cmd f5/00:00:00:00:00:a0 (SECURITY FREEZE LOCK) filtered out
[    5.131302] ata1.00: ACPI cmd ef/5f:00:00:00:00:a0 (SET FEATURES) succeeded
[    5.131304] ata1.00: ACPI cmd ef/10:03:00:00:00:a0 (SET FEATURES) filtered out
[    5.133211] ata1.00: ATA-7: ST910021AS, 4.06, max UDMA/100
[    5.133308] ata1.00: 195371568 sectors, multi 16: LBA48 
[    5.135447] ata1.00: ACPI cmd ef/02:00:00:00:00:a0 (SET FEATURES) succeeded
[    5.135450] ata1.00: ACPI cmd f5/00:00:00:00:00:a0 (SECURITY FREEZE LOCK) filtered out
[    5.136845] ata1.00: ACPI cmd ef/5f:00:00:00:00:a0 (SET FEATURES) succeeded
[    5.136847] ata1.00: ACPI cmd ef/10:03:00:00:00:a0 (SET FEATURES) filtered out
[    5.138771] ata1.00: configured for UDMA/100
[    5.148998] scsi 2:0:0:0: Direct-Access     ATA      ST910021AS       4.06 PQ: 0 ANSI: 5
[    5.149282] sd 2:0:0:0: [sda] 195371568 512-byte logical blocks: (100 GB/93.1 GiB)
[    5.149427] sd 2:0:0:0: [sda] Write Protect is off
[    5.149518] sd 2:0:0:0: [sda] Mode Sense: 00 3a 00 00
[    5.149530] sd 2:0:0:0: [sda] Write cache: enabled, read cache: enabled, doesn't support DPO or FUA
[    5.149726]  sda:
[    5.572263] random 0014 0000 0000 277f73c3 42024bb9: add_disk_randomness(8:0) 277f73c3 42024bb9
[    5.572351] random 0014 0000 0000 277f73c3 42024bb9: add_timer_randomness(.. 8388864) with jiffies: 6315770256538960268, cycles: 6315770252244287498
[    5.572354] random 0014 0000 0000 277f73c3 42024bb9: added 11 entropy credits to input
[    5.572359]  sda1 sda2
[    5.572835] random 0025 0000 0000 277f73c3 42024bb9: add_disk_randomness(8:0) 277f73c3 42024bb9
[    5.572838] random 0025 0000 0000 277f73c3 42024bb9: add_timer_randomness(.. 8388864) with jiffies: 6320159111820050828, cycles: 6320159107525378058
[    5.572994] sd 2:0:0:0: [sda] Attached SCSI disk
[    5.573085] random 0025 0000 0000 277f73c3 42024bb9: rand_read_num 6 get_random_bytes(12): sig 000007e9 277f73c3 42024bb9
[    5.573087] random 0025 0000 0000 277f73c3 42024bb9: extract_entropy(.. 12 ..)
[    5.573090] random 0025 0000 0000 277f73c3 42024bb9: going to reseed nonblocking with 96 bits (96 of 0 requested)
[    5.573092] random 0025 0000 0000 277f73c3 42024bb9: extract_entropy(.. 12 ..)
[    5.573094] random 0025 0000 0000 277f73c3 42024bb9: trying to extract 96 bits from input
[    5.573096] random 0025 0000 0000 277f73c3 42024bb9: debiting 0 entropy credits from input
[    5.573098] random 0025 0000 0000 277f73c3 42024bb9: extract_entropy account returned: 0 
[    5.573101] random 0025 0000 0000 277f73c3 42024bb9: urand_change_num 24 xfer_secondary_pool(12): pool_sig 000007e9, data_sig 00000000, bytes_mixed 0 277f73c3 42024bb9
[    5.573104] random 0025 0000 0000 277f73c3 42024bb9: trying to extract 96 bits from nonblocking
[    5.573107] random 0025 0000 0000 277f73c3 42024bb9: debiting 96 entropy credits from nonblocking (unlimited)
[    5.573109] random 0025 0000 0000 277f73c3 42024bb9: extract_entropy account returned: 12 
[    5.573113] random 0025 0000 0000 277f73c3 42024bb9: urand_change_num 25 extract_buf: pool_sig 000007e9, data_sig 00000088, bytes_mixed 20 277f73c3 42024bb9
[    5.573119] random 0025 0000 0000 277f73c3 42024bb9: urand_change_num 26 extract_buf: pool_sig 00000498, data_sig fffffefb, bytes_mixed 20 277f73c3 42024bb9
[    5.573122] RANDOM - __seed init called.
[    5.573123] RANDOM - __seed init called.
[    5.573123] RANDOM - __seed init called.
[    5.573125] RANDOM - __random32 called. Change num 12.  Value: 87f14767	f0d7351	b1e48bd3
[    5.573127] RANDOM - random32_reseed called.  Value: 87f14767	f0d7351	b1e48bd3
[    5.573129] Pid: 1, comm: swapper Not tainted 2.6.32.57 #6
[    5.573219] Call Trace:
[    5.573321]  [<c1923ca4>] ? random32_reseed+0xa0/0xb1
[    5.573411]  [<c1923c04>] ? random32_reseed+0x0/0xb1
[    5.573497]  [<c100111e>] ? do_one_initcall+0x2e/0x180
[    5.573591]  [<c1907265>] ? kernel_init+0xad/0x103
[    5.573680]  [<c19071b8>] ? kernel_init+0x0/0x103
[    5.573768]  [<c1003787>] ? kernel_thread_helper+0x7/0x10
[    5.574310] random 0025 0000 0000 386b4e60 ee4d4880: rand_read_num 7 get_random_bytes(64): sig fffffea5 386b4e60 ee4d4880
[    5.574313] random 0025 0000 0000 386b4e60 ee4d4880: extract_entropy(.. 64 ..)
[    5.574315] random 0025 0000 0000 386b4e60 ee4d4880: going to reseed nonblocking with 512 bits (512 of 0 requested)
[    5.574317] random 0025 0000 0000 386b4e60 ee4d4880: extract_entropy(.. 64 ..)
[    5.574319] random 0025 0000 0000 386b4e60 ee4d4880: trying to extract 512 bits from input
[    5.574322] random 0025 0000 0000 386b4e60 ee4d4880: debiting 0 entropy credits from input
[    5.574324] random 0025 0000 0000 386b4e60 ee4d4880: extract_entropy account returned: 0 
[    5.574327] random 0025 0000 0000 386b4e60 ee4d4880: urand_change_num 27 xfer_secondary_pool(64): pool_sig fffffea5, data_sig 00000000, bytes_mixed 0 386b4e60 ee4d4880
[    5.574330] random 0025 0000 0000 386b4e60 ee4d4880: trying to extract 512 bits from nonblocking
[    5.574332] random 0025 0000 0000 386b4e60 ee4d4880: debiting 512 entropy credits from nonblocking (unlimited)
[    5.574334] random 0025 0000 0000 386b4e60 ee4d4880: extract_entropy account returned: 64 
[    5.574338] random 0025 0000 0000 386b4e60 ee4d4880: urand_change_num 28 extract_buf: pool_sig fffffea5, data_sig 00000173, bytes_mixed 20 386b4e60 ee4d4880
[    5.574344] random 0025 0000 0000 412698f6 0cc8689a: urand_change_num 29 extract_buf: pool_sig 00000122, data_sig ffffff63, bytes_mixed 20 412698f6 0cc8689a
[    5.574349] random 0025 0000 0000 412698f6 0cc8689a: urand_change_num 30 extract_buf: pool_sig 000001f7, data_sig 00000012, bytes_mixed 20 412698f6 0cc8689a
[    5.574354] random 0025 0000 0000 9669941e 06f768b1: urand_change_num 31 extract_buf: pool_sig fffffb5b, data_sig 0000003f, bytes_mixed 20 9669941e 06f768b1
[    5.574360] random 0025 0000 0000 98486520 995551f0: urand_change_num 32 extract_buf: pool_sig fffffb39, data_sig 0000000e, bytes_mixed 20 98486520 995551f0
[    5.574365] random 0025 0000 0000 98486520 995551f0: urand_change_num 33 extract_buf: pool_sig fffffd8d, data_sig 000001a6, bytes_mixed 20 98486520 995551f0
[    5.574370] random 0025 0000 0000 61fc8914 d5882ed2: urand_change_num 34 extract_buf: pool_sig fffffa58, data_sig 0000023e, bytes_mixed 20 61fc8914 d5882ed2
[    5.574401] random 0025 0000 0000 61fc8914 d5882ed2: rand_read_num 8 get_random_bytes(64): sig fffff9ee 61fc8914 d5882ed2
[    5.574403] random 0025 0000 0000 61fc8914 d5882ed2: extract_entropy(.. 64 ..)
[    5.574406] random 0025 0000 0000 61fc8914 d5882ed2: going to reseed nonblocking with 512 bits (512 of 0 requested)
[    5.574408] random 0025 0000 0000 61fc8914 d5882ed2: extract_entropy(.. 64 ..)
[    5.574410] random 0025 0000 0000 61fc8914 d5882ed2: trying to extract 512 bits from input
[    5.574412] random 0025 0000 0000 61fc8914 d5882ed2: debiting 0 entropy credits from input
[    5.574414] random 0025 0000 0000 61fc8914 d5882ed2: extract_entropy account returned: 0 
[    5.574417] random 0025 0000 0000 61fc8914 d5882ed2: urand_change_num 35 xfer_secondary_pool(64): pool_sig fffff9ee, data_sig 00000000, bytes_mixed 0 61fc8914 d5882ed2
[    5.574420] random 0025 0000 0000 61fc8914 d5882ed2: trying to extract 512 bits from nonblocking
[    5.574422] random 0025 0000 0000 61fc8914 d5882ed2: debiting 512 entropy credits from nonblocking (unlimited)
[    5.574425] random 0025 0000 0000 61fc8914 d5882ed2: extract_entropy account returned: 64 
[    5.574429] random 0025 0000 0000 61fc8914 d5882ed2: urand_change_num 36 extract_buf: pool_sig fffff9ee, data_sig ffffff85, bytes_mixed 20 61fc8914 d5882ed2
[    5.574434] random 0025 0000 0000 70cfd302 e5edec11: urand_change_num 37 extract_buf: pool_sig fffffdc1, data_sig ffffffde, bytes_mixed 20 70cfd302 e5edec11
[    5.574440] random 0025 0000 0000 00dab838 eafd2b30: urand_change_num 38 extract_buf: pool_sig 000003da, data_sig ffffff61, bytes_mixed 20 00dab838 eafd2b30
[    5.574445] random 0025 0000 0000 00dab838 eafd2b30: urand_change_num 39 extract_buf: pool_sig 00000314, data_sig 00000121, bytes_mixed 20 00dab838 eafd2b30
[    5.574450] random 0025 0000 0000 5fcdf66a 6442b608: urand_change_num 40 extract_buf: pool_sig 0000028b, data_sig fffffefd, bytes_mixed 20 5fcdf66a 6442b608
[    5.574455] random 0025 0000 0000 61333f6b 8fae0f9b: urand_change_num 41 extract_buf: pool_sig 000000cb, data_sig 000000b3, bytes_mixed 20 61333f6b 8fae0f9b
[    5.574461] random 0025 0000 0000 61333f6b 8fae0f9b: urand_change_num 42 extract_buf: pool_sig fffffef8, data_sig 00000051, bytes_mixed 20 61333f6b 8fae0f9b
[    5.574463] BEGIN NET_SECRET:
[    5.574464] \xffffffe0
[    5.574465] \xffffffb6
[    5.574466] \x36
[    5.574467] \xffffffb5
[    5.574468] \xffffff94
[    5.574469] \xffffffb2
[    5.574470] \xffffffa8
[    5.574470] \xffffffda
[    5.574471] \x5b
[    5.574472] \x19
[    5.574473] \x18
[    5.574473] \x5c
[    5.574474] \x2b
[    5.574475] \x1
[    5.574476] \xffffff90
[    5.574476] \x19
[    5.574477] \x3c
[    5.574478] \xfffffff2
[    5.574479] \xffffff82
[    5.574479] \x2a
[    5.574480] \xffffffb3
[    5.574481] \xffffffa2
[    5.574482] \x3f
[    5.574483] \x5
[    5.574483] \x52
[    5.574484] \x77
[    5.574485] \x57
[    5.574485] \x79
[    5.574486] \x16
[    5.574487] \x43
[    5.574488] \xffffff84
[    5.574488] \xffffffc3
[    5.574489] \xffffffe9
[    5.574490] \x79
[    5.574491] \x50
[    5.574492] \xffffff8e
[    5.574492] \x3f
[    5.574493] \xfffffff3
[    5.574494] \x19
[    5.574495] \x2a
[    5.574495] \xfffffffd
[    5.574496] \xfffffffb
[    5.574497] \x62
[    5.574498] \x3c
[    5.574499] \xffffffac
[    5.574499] \x1c
[    5.574500] \x3b
[    5.574501] \x3b
[    5.574501] \x15
[    5.574502] \x27
[    5.574503] \xffffffa8
[    5.574504] \x22
[    5.574504] \xffffffc5
[    5.574505] \xffffff9a
[    5.574506] \x5
[    5.574507] \x6c
[    5.574508] \xffffffa8
[    5.574508] \x3a
[    5.574509] \x44
[    5.574510] \xffffffaf
[    5.574511] \x13
[    5.574511] \xffffffe0
[    5.574512] \xffffff9d
[    5.574513] \x22
[    5.574514] 
[    5.574514] END NET_SECRET
[    5.574517] random 0025 0000 0000 e7f555d9 e8ce5c3c: rand_read_num 9 get_random_bytes(4): sig 0000068c e7f555d9 e8ce5c3c
[    5.574519] random 0025 0000 0000 e7f555d9 e8ce5c3c: extract_entropy(.. 4 ..)
[    5.574522] random 0025 0000 0000 e7f555d9 e8ce5c3c: going to reseed nonblocking with 64 bits (32 of 0 requested)
[    5.574524] random 0025 0000 0000 e7f555d9 e8ce5c3c: extract_entropy(.. 8 ..)
[    5.574526] random 0025 0000 0000 e7f555d9 e8ce5c3c: trying to extract 64 bits from input
[    5.574528] random 0025 0000 0000 e7f555d9 e8ce5c3c: debiting 0 entropy credits from input
[    5.574530] random 0025 0000 0000 e7f555d9 e8ce5c3c: extract_entropy account returned: 0 
[    5.574533] random 0025 0000 0000 e7f555d9 e8ce5c3c: urand_change_num 43 xfer_secondary_pool(4): pool_sig 0000068c, data_sig 00000000, bytes_mixed 0 e7f555d9 e8ce5c3c
[    5.574536] random 0025 0000 0000 e7f555d9 e8ce5c3c: trying to extract 32 bits from nonblocking
[    5.574538] random 0025 0000 0000 e7f555d9 e8ce5c3c: debiting 32 entropy credits from nonblocking (unlimited)
[    5.574541] random 0025 0000 0000 e7f555d9 e8ce5c3c: extract_entropy account returned: 4 
[    5.574545] random 0025 0000 0000 e7f555d9 e8ce5c3c: urand_change_num 44 extract_buf: pool_sig 0000068c, data_sig fffffdcb, bytes_mixed 20 e7f555d9 e8ce5c3c
[    5.574555] md: Waiting for all devices to be available before autodetect
[    5.574652] md: If you don't use raid, use raid=noautodetect
[    5.574822] md: Autodetecting RAID arrays.
[    5.574908] md: Scanned 0 and added 0 devices.
[    5.575000] md: autorun ...
[    5.575087] md: ... autorun DONE.
[    5.588472] random 0025 0000 0000 e7f555d9 e8ce5c3c: add_disk_randomness(8:0) e7f555d9 e8ce5c3c
[    5.588476] random 0025 0000 0000 e7f555d9 e8ce5c3c: add_timer_randomness(.. 8388864) with jiffies: 6460834821365793180, cycles: 6460834817071120394
[    5.588478] random 0025 0000 0000 e7f555d9 e8ce5c3c: added 4 entropy credits to input
[    5.589597] random 0029 0000 0000 e7f555d9 e8ce5c3c: add_disk_randomness(8:0) e7f555d9 e8ce5c3c
[    5.589600] random 0029 0000 0000 e7f555d9 e8ce5c3c: add_timer_randomness(.. 8388864) with jiffies: 6470952458645111197, cycles: 6470952454350438410
[    5.589712] random 0029 0000 0000 e7f555d9 e8ce5c3c: add_disk_randomness(8:0) e7f555d9 e8ce5c3c
[    5.589716] random 0029 0000 0000 e7f555d9 e8ce5c3c: add_timer_randomness(.. 8388864) with jiffies: 6471994426301055389, cycles: 6471994422006382602
[    5.589721] EXT3-fs: sda2: couldn't mount because of unsupported optional features (240).
[    5.589948] random 0029 0000 0000 e7f555d9 e8ce5c3c: add_disk_randomness(8:0) e7f555d9 e8ce5c3c
[    5.589951] random 0029 0000 0000 e7f555d9 e8ce5c3c: add_timer_randomness(.. 8388864) with jiffies: 6474104659697697182, cycles: 6474104655403024394
[    5.589956] EXT2-fs: sda2: couldn't mount because of unsupported optional features (240).
[    5.590183] random 0029 0000 0000 e7f555d9 e8ce5c3c: add_disk_randomness(8:0) e7f555d9 e8ce5c3c
[    5.590186] random 0029 0000 0000 e7f555d9 e8ce5c3c: add_timer_randomness(.. 8388864) with jiffies: 6476216379153023390, cycles: 6476216374858350602
[    5.590312] random 0029 0000 0000 e7f555d9 e8ce5c3c: add_disk_randomness(8:0) e7f555d9 e8ce5c3c
[    5.590315] random 0029 0000 0000 e7f555d9 e8ce5c3c: add_timer_randomness(.. 8388864) with jiffies: 6477380560103375262, cycles: 6477380555808702474
[    5.590474] random 0029 0000 0000 e7f555d9 e8ce5c3c: add_disk_randomness(8:0) e7f555d9 e8ce5c3c
[    5.590477] random 0029 0000 0000 e7f555d9 e8ce5c3c: add_timer_randomness(.. 8388864) with jiffies: 6478839500364284318, cycles: 6478839496069611530
[    5.590589] random 0029 0000 0000 e7f555d9 e8ce5c3c: add_disk_randomness(8:0) e7f555d9 e8ce5c3c
[    5.590591] random 0029 0000 0000 e7f555d9 e8ce5c3c: add_timer_randomness(.. 8388864) with jiffies: 6479872946805113246, cycles: 6479872942510440458
[    5.590708] random 0029 0000 0000 e7f555d9 e8ce5c3c: add_disk_randomness(8:0) e7f555d9 e8ce5c3c
[    5.590711] random 0029 0000 0000 e7f555d9 e8ce5c3c: add_timer_randomness(.. 8388864) with jiffies: 6480949055156093342, cycles: 6480949050861420554
[    5.590818] random 0029 0000 0000 e7f555d9 e8ce5c3c: add_disk_randomness(8:0) e7f555d9 e8ce5c3c
[    5.590821] random 0029 0000 0000 e7f555d9 e8ce5c3c: add_timer_randomness(.. 8388864) with jiffies: 6481942317882900894, cycles: 6481942313588228106
[    5.590980] random 0029 0000 0000 e7f555d9 e8ce5c3c: add_disk_randomness(8:0) e7f555d9 e8ce5c3c
[    5.590983] random 0029 0000 0000 e7f555d9 e8ce5c3c: add_timer_randomness(.. 8388864) with jiffies: 6483389395444138399, cycles: 6483389391149465610
[    5.591099] random 0029 0000 0000 e7f555d9 e8ce5c3c: add_disk_randomness(8:0) e7f555d9 e8ce5c3c
[    5.591102] random 0029 0000 0000 e7f555d9 e8ce5c3c: add_timer_randomness(.. 8388864) with jiffies: 6484455943197917599, cycles: 6484455938903244810
[    5.591336] random 0029 0000 0000 e7f555d9 e8ce5c3c: rand_read_num 10 get_random_bytes(4): sig ffffff72 e7f555d9 e8ce5c3c
[    5.591339] random 0029 0000 0000 e7f555d9 e8ce5c3c: extract_entropy(.. 4 ..)
[    5.591341] random 0029 0000 0000 e7f555d9 e8ce5c3c: going to reseed nonblocking with 64 bits (32 of 0 requested)
[    5.591343] random 0029 0000 0000 e7f555d9 e8ce5c3c: extract_entropy(.. 8 ..)
[    5.591345] random 0029 0000 0000 e7f555d9 e8ce5c3c: trying to extract 64 bits from input
[    5.591348] random 0029 0000 0000 e7f555d9 e8ce5c3c: debiting 0 entropy credits from input
[    5.591350] random 0029 0000 0000 e7f555d9 e8ce5c3c: extract_entropy account returned: 0 
[    5.591353] random 0029 0000 0000 e7f555d9 e8ce5c3c: urand_change_num 45 xfer_secondary_pool(4): pool_sig ffffff72, data_sig 00000000, bytes_mixed 0 e7f555d9 e8ce5c3c
[    5.591356] random 0029 0000 0000 e7f555d9 e8ce5c3c: trying to extract 32 bits from nonblocking
[    5.591358] random 0029 0000 0000 e7f555d9 e8ce5c3c: debiting 32 entropy credits from nonblocking (unlimited)
[    5.591360] random 0029 0000 0000 e7f555d9 e8ce5c3c: extract_entropy account returned: 4 
[    5.591364] random 0029 0000 0000 e7f555d9 e8ce5c3c: urand_change_num 46 extract_buf: pool_sig ffffff72, data_sig ffffff72, bytes_mixed 20 e7f555d9 e8ce5c3c
[    5.602924] random 0029 0000 0000 91716c54 eeb6a1e7: add_disk_randomness(8:0) 91716c54 eeb6a1e7
[    5.602927] random 0029 0000 0000 91716c54 eeb6a1e7: add_timer_randomness(.. 8388864) with jiffies: 6590854115754738090, cycles: 6590854111460065290
[    5.602930] random 0029 0000 0000 91716c54 eeb6a1e7: added 3 entropy credits to input
[    5.621204] random 0032 0000 0000 91716c54 eeb6a1e7: add_disk_randomness(8:0) 91716c54 eeb6a1e7
[    5.621207] random 0032 0000 0000 91716c54 eeb6a1e7: add_timer_randomness(.. 8388864) with jiffies: 6755293862169379261, cycles: 6755293857874706442
[    5.621210] random 0032 0000 0000 91716c54 eeb6a1e7: added 1 entropy credits to input
[    5.625864] EXT4-fs (sda2): mounted filesystem with ordered data mode
[    5.626079] VFS: Mounted root (ext4 filesystem) readonly on device 8:2.
[    5.626183] Freeing unused kernel memory: 448k freed
[    5.646399] random 0033 0000 0000 91716c54 eeb6a1e7: add_disk_randomness(8:0) 91716c54 eeb6a1e7
[    5.646402] random 0033 0000 0000 91716c54 eeb6a1e7: add_timer_randomness(.. 8388864) with jiffies: 6981953614390198742, cycles: 6981953610095525898
[    5.646405] random 0033 0000 0000 91716c54 eeb6a1e7: added 1 entropy credits to input
[    5.647086] random 0034 0000 0000 91716c54 eeb6a1e7: add_disk_randomness(8:0) 91716c54 eeb6a1e7
[    5.647089] random 0034 0000 0000 91716c54 eeb6a1e7: add_timer_randomness(.. 8388864) with jiffies: 6988132105234121175, cycles: 6988132100939448330
[    5.651810] random 0034 0000 0000 91716c54 eeb6a1e7: add_disk_randomness(8:0) 91716c54 eeb6a1e7
[    5.651813] random 0034 0000 0000 91716c54 eeb6a1e7: add_timer_randomness(.. 8388864) with jiffies: 7030634057918284251, cycles: 7030634053623611402
[    5.651815] random 0034 0000 0000 91716c54 eeb6a1e7: added 1 entropy credits to input
[    5.660012] random 0035 0000 0000 91716c54 eeb6a1e7: add_disk_randomness(8:0) 91716c54 eeb6a1e7
[    5.660015] random 0035 0000 0000 91716c54 eeb6a1e7: add_timer_randomness(.. 8388864) with jiffies: 7104415080598176228, cycles: 7104415076303503370
[    5.660018] random 0035 0000 0000 91716c54 eeb6a1e7: added 1 entropy credits to input
[    5.663438] random 0036 0000 0000 91716c54 eeb6a1e7: add_disk_randomness(8:0) 91716c54 eeb6a1e7
[    5.663441] random 0036 0000 0000 91716c54 eeb6a1e7: add_timer_randomness(.. 8388864) with jiffies: 7135238085196612071, cycles: 7135238080901939210
[    5.663443] random 0036 0000 0000 91716c54 eeb6a1e7: added 1 entropy credits to input
[    5.672328] random 0037 0000 0000 91716c54 eeb6a1e7: add_disk_randomness(8:0) 91716c54 eeb6a1e7
[    5.672331] random 0037 0000 0000 91716c54 eeb6a1e7: add_timer_randomness(.. 8388864) with jiffies: 7215219378499584496, cycles: 7215219374204911626
[    5.672334] random 0037 0000 0000 91716c54 eeb6a1e7: added 2 entropy credits to input
[    5.685612] random 0039 0000 0000 91716c54 eeb6a1e7: add_disk_randomness(8:0) 91716c54 eeb6a1e7
[    5.685615] random 0039 0000 0000 91716c54 eeb6a1e7: add_timer_randomness(.. 8388864) with jiffies: 7334721839873884669, cycles: 7334721835579211786
[    5.685617] random 0039 0000 0000 91716c54 eeb6a1e7: added 1 entropy credits to input
[    5.693688] random 0040 0000 0000 91716c54 eeb6a1e7: add_disk_randomness(8:0) 91716c54 eeb6a1e7
[    5.693691] random 0040 0000 0000 91716c54 eeb6a1e7: add_timer_randomness(.. 8388864) with jiffies: 7407376064998769157, cycles: 7407376060704096266
[    5.693693] random 0040 0000 0000 91716c54 eeb6a1e7: added 2 entropy credits to input
[    5.693717] RANDOM get_random_int call with cycles 44674392641, jiffies 4294672901 and pid 1
[    5.693719] RANDOM get_random_int call with cycles 44674399760, jiffies 4294672901 and pid 1
[    5.693721] ASLR stack rand value: 1060864 after shift for pid: 1
[    5.693723] RANDOM get_random_int call with cycles 44674407792, jiffies 4294672901 and pid 1
[    5.705337] random 0042 0000 0000 91716c54 eeb6a1e7: add_disk_randomness(8:0) 91716c54 eeb6a1e7
[    5.705340] random 0042 0000 0000 91716c54 eeb6a1e7: add_timer_randomness(.. 8388864) with jiffies: 7512174323583123985, cycles: 7512174319288451082
[    5.705343] random 0042 0000 0000 91716c54 eeb6a1e7: added 2 entropy credits to input
[    5.705352] RANDOM get_random_int call with cycles 44698764390, jiffies 4294672913 and pid 1
[    5.705355] random 0044 0000 0000 91716c54 eeb6a1e7: rand_read_num 11 get_random_bytes(16): sig fffffcad 91716c54 eeb6a1e7
[    5.705358] random 0044 0000 0000 91716c54 eeb6a1e7: extract_entropy(.. 16 ..)
[    5.705360] random 0044 0000 0000 91716c54 eeb6a1e7: going to reseed nonblocking with 128 bits (128 of 0 requested)
[    5.705363] random 0044 0000 0000 91716c54 eeb6a1e7: extract_entropy(.. 16 ..)
[    5.705365] random 0044 0000 0000 91716c54 eeb6a1e7: trying to extract 128 bits from input
[    5.705367] random 0044 0000 0000 91716c54 eeb6a1e7: debiting 0 entropy credits from input
[    5.705369] random 0044 0000 0000 91716c54 eeb6a1e7: extract_entropy account returned: 0 
[    5.705372] random 0044 0000 0000 91716c54 eeb6a1e7: urand_change_num 47 xfer_secondary_pool(16): pool_sig fffffcad, data_sig 00000000, bytes_mixed 0 91716c54 eeb6a1e7
[    5.705375] random 0044 0000 0000 91716c54 eeb6a1e7: trying to extract 128 bits from nonblocking
[    5.705378] random 0044 0000 0000 91716c54 eeb6a1e7: debiting 128 entropy credits from nonblocking (unlimited)
[    5.705380] random 0044 0000 0000 91716c54 eeb6a1e7: extract_entropy account returned: 16 
[    5.705384] random 0044 0000 0000 91716c54 eeb6a1e7: urand_change_num 48 extract_buf: pool_sig fffffcad, data_sig ffffff19, bytes_mixed 20 91716c54 eeb6a1e7
[    5.705390] random 0044 0000 0000 fd637b06 6cf47bc1: urand_change_num 49 extract_buf: pool_sig fffffede, data_sig ffffffc1, bytes_mixed 20 fd637b06 6cf47bc1
[    5.706350] random 0044 0000 0000 fd637b06 6cf47bc1: add_disk_randomness(8:0) fd637b06 6cf47bc1
[    5.706353] random 0044 0000 0000 fd637b06 6cf47bc1: add_timer_randomness(.. 8388864) with jiffies: 7521286702291976722, cycles: 7521286697997303818
[    5.707489] random 0044 0000 0000 fd637b06 6cf47bc1: add_disk_randomness(8:0) fd637b06 6cf47bc1
[    5.707492] random 0044 0000 0000 fd637b06 6cf47bc1: add_timer_randomness(.. 8388864) with jiffies: 7531529619472351763, cycles: 7531529615177678858
[    5.708637] random 0044 0000 0000 fd637b06 6cf47bc1: add_disk_randomness(8:0) fd637b06 6cf47bc1
[    5.708640] random 0044 0000 0000 fd637b06 6cf47bc1: add_timer_randomness(.. 8388864) with jiffies: 7541867283631276564, cycles: 7541867279336603658
[    5.709515] random 0044 0000 0000 fd637b06 6cf47bc1: add_disk_randomness(8:0) fd637b06 6cf47bc1
[    5.709518] random 0044 0000 0000 fd637b06 6cf47bc1: add_timer_randomness(.. 8388864) with jiffies: 7549760638952374805, cycles: 7549760634657701898
[    5.709705] random 0044 0000 0000 fd637b06 6cf47bc1: add_disk_randomness(8:0) fd637b06 6cf47bc1
[    5.709708] random 0044 0000 0000 fd637b06 6cf47bc1: add_timer_randomness(.. 8388864) with jiffies: 7551474511292105237, cycles: 7551474506997432330
[    5.709920] random 0044 0000 0000 fd637b06 6cf47bc1: add_disk_randomness(8:0) fd637b06 6cf47bc1
[    5.709923] random 0044 0000 0000 fd637b06 6cf47bc1: add_timer_randomness(.. 8388864) with jiffies: 7553411030441493013, cycles: 7553411026146820106
[    5.720400] random 0044 0000 0000 fd637b06 6cf47bc1: add_disk_randomness(8:0) fd637b06 6cf47bc1
[    5.720403] random 0044 0000 0000 fd637b06 6cf47bc1: add_timer_randomness(.. 8388864) with jiffies: 7647681405060350496, cycles: 7647681400765677578
[    5.720406] random 0044 0000 0000 fd637b06 6cf47bc1: added 3 entropy credits to input
[    5.720839] random 0047 0000 0000 fd637b06 6cf47bc1: add_disk_randomness(8:0) fd637b06 6cf47bc1
[    5.720842] random 0047 0000 0000 fd637b06 6cf47bc1: add_timer_randomness(.. 8388864) with jiffies: 7651642468713857568, cycles: 7651642464419184650
[    5.730578] random 0047 0000 0000 fd637b06 6cf47bc1: add_disk_randomness(8:0) fd637b06 6cf47bc1
[    5.730581] random 0047 0000 0000 fd637b06 6cf47bc1: add_timer_randomness(.. 8388864) with jiffies: 7739251361941520938, cycles: 7739251357646848010
[    5.730584] random 0047 0000 0000 fd637b06 6cf47bc1: added 3 entropy credits to input
[    5.730637] RANDOM get_random_int call with cycles 44751724952, jiffies 4294672938 and pid 1
[    5.735473] random 0050 0000 0000 fd637b06 6cf47bc1: add_disk_randomness(8:0) fd637b06 6cf47bc1
[    5.735477] random 0050 0000 0000 fd637b06 6cf47bc1: add_timer_randomness(.. 8388864) with jiffies: 7783288327347339823, cycles: 7783288323052666890
[    5.735480] random 0050 0000 0000 fd637b06 6cf47bc1: added 2 entropy credits to input
[    5.748014] random 0052 0000 0000 fd637b06 6cf47bc1: add_disk_randomness(8:0) fd637b06 6cf47bc1
[    5.748017] random 0052 0000 0000 fd637b06 6cf47bc1: add_timer_randomness(.. 8388864) with jiffies: 7896099856739697212, cycles: 7896099852445024266
[    5.748020] random 0052 0000 0000 fd637b06 6cf47bc1: added 3 entropy credits to input
[    5.748155] random 0055 0000 0000 fd637b06 6cf47bc1: add_disk_randomness(8:0) fd637b06 6cf47bc1
[    5.748158] random 0055 0000 0000 fd637b06 6cf47bc1: add_timer_randomness(.. 8388864) with jiffies: 7897366502724829756, cycles: 7897366498430156810
[    5.750316] random 0055 0000 0000 fd637b06 6cf47bc1: add_disk_randomness(8:0) fd637b06 6cf47bc1
[    5.750319] random 0055 0000 0000 fd637b06 6cf47bc1: add_timer_randomness(.. 8388864) with jiffies: 7916811224128127550, cycles: 7916811219833454602
[    5.750322] random 0055 0000 0000 fd637b06 6cf47bc1: added 1 entropy credits to input
[    5.750563] random 0056 0000 0000 fd637b06 6cf47bc1: add_disk_randomness(8:0) fd637b06 6cf47bc1
[    5.750566] random 0056 0000 0000 fd637b06 6cf47bc1: add_timer_randomness(.. 8388864) with jiffies: 7919040599917560382, cycles: 7919040595622887434
[    5.750704] random 0056 0000 0000 fd637b06 6cf47bc1: add_disk_randomness(8:0) fd637b06 6cf47bc1
[    5.750707] random 0056 0000 0000 fd637b06 6cf47bc1: add_timer_randomness(.. 8388864) with jiffies: 7920309049788957246, cycles: 7920309045494284298
[    5.753867] random 0056 0000 0000 fd637b06 6cf47bc1: add_disk_randomness(8:0) fd637b06 6cf47bc1
[    5.753870] random 0056 0000 0000 fd637b06 6cf47bc1: add_timer_randomness(.. 8388864) with jiffies: 7948765669141217857, cycles: 7948765664846544906
[    5.753873] random 0056 0000 0000 fd637b06 6cf47bc1: added 1 entropy credits to input
[    5.755884] random 0057 0000 0000 fd637b06 6cf47bc1: add_disk_randomness(8:0) fd637b06 6cf47bc1
[    5.755887] random 0057 0000 0000 fd637b06 6cf47bc1: add_timer_randomness(.. 8388864) with jiffies: 7966914706285494851, cycles: 7966914701990821898
[    5.763715] random 0057 0000 0000 fd637b06 6cf47bc1: add_disk_randomness(8:0) fd637b06 6cf47bc1
[    5.763718] random 0057 0000 0000 fd637b06 6cf47bc1: add_timer_randomness(.. 8388864) with jiffies: 8037358358987768395, cycles: 8037358354693095434
[    5.763721] random 0057 0000 0000 fd637b06 6cf47bc1: added 2 entropy credits to input
[    5.763851] random 0059 0000 0000 fd637b06 6cf47bc1: add_disk_randomness(8:0) fd637b06 6cf47bc1
[    5.763854] random 0059 0000 0000 fd637b06 6cf47bc1: add_timer_randomness(.. 8388864) with jiffies: 8038586534950830667, cycles: 8038586530656157706
[    5.767414] random 0059 0000 0000 fd637b06 6cf47bc1: add_disk_randomness(8:0) fd637b06 6cf47bc1
[    5.767417] random 0059 0000 0000 fd637b06 6cf47bc1: add_timer_randomness(.. 8388864) with jiffies: 8070634107739800143, cycles: 8070634103445127178
[    5.767420] random 0059 0000 0000 fd637b06 6cf47bc1: added 2 entropy credits to input
[    5.771910] random 0061 0000 0000 fd637b06 6cf47bc1: add_disk_randomness(8:0) fd637b06 6cf47bc1
[    5.771913] random 0061 0000 0000 fd637b06 6cf47bc1: add_timer_randomness(.. 8388864) with jiffies: 8111086617994429011, cycles: 8111086613699756042
[    5.777491] random 0061 0000 0000 fd637b06 6cf47bc1: add_disk_randomness(8:0) fd637b06 6cf47bc1
[    5.777494] random 0061 0000 0000 fd637b06 6cf47bc1: add_timer_randomness(.. 8388864) with jiffies: 8161285117713285721, cycles: 8161285113418612746
[    5.777497] random 0061 0000 0000 fd637b06 6cf47bc1: added 1 entropy credits to input
[    5.783768] random 0062 0000 0000 fd637b06 6cf47bc1: add_disk_randomness(8:0) fd637b06 6cf47bc1
[    5.783771] random 0062 0000 0000 fd637b06 6cf47bc1: add_timer_randomness(.. 8388864) with jiffies: 8217764075094639199, cycles: 8217764070799966218
[    5.783785] random 0062 0000 0000 fd637b06 6cf47bc1: rand_read_num 12 get_random_bytes(16): sig 0000033b fd637b06 6cf47bc1
[    5.783788] random 0062 0000 0000 fd637b06 6cf47bc1: extract_entropy(.. 16 ..)
[    5.783790] random 0062 0000 0000 fd637b06 6cf47bc1: going to reseed nonblocking with 128 bits (128 of 0 requested)
[    5.783792] random 0062 0000 0000 fd637b06 6cf47bc1: extract_entropy(.. 16 ..)
[    5.783795] random 0062 0000 0000 fd637b06 6cf47bc1: trying to extract 128 bits from input
[    5.783797] random 0062 0000 0000 fd637b06 6cf47bc1: debiting 0 entropy credits from input
[    5.783799] random 0062 0000 0000 fd637b06 6cf47bc1: extract_entropy account returned: 0 
[    5.783802] random 0062 0000 0000 fd637b06 6cf47bc1: urand_change_num 50 xfer_secondary_pool(16): pool_sig 0000033b, data_sig 00000000, bytes_mixed 0 fd637b06 6cf47bc1
[    5.783805] random 0062 0000 0000 fd637b06 6cf47bc1: trying to extract 128 bits from nonblocking
[    5.783807] random 0062 0000 0000 fd637b06 6cf47bc1: debiting 128 entropy credits from nonblocking (unlimited)
[    5.783809] random 0062 0000 0000 fd637b06 6cf47bc1: extract_entropy account returned: 16 
[    5.783814] random 0062 0000 0000 fd637b06 6cf47bc1: urand_change_num 51 extract_buf: pool_sig 0000033b, data_sig 000000d8, bytes_mixed 20 fd637b06 6cf47bc1
[    5.783819] random 0062 0000 0000 0ec1f012 d4727ca8: urand_change_num 52 extract_buf: pool_sig fffffcf5, data_sig 00000016, bytes_mixed 20 0ec1f012 d4727ca8
[    5.790519] random 0062 0000 0000 45b1d0b1 845a73f7: add_disk_randomness(8:0) 45b1d0b1 845a73f7
[    5.790522] random 0062 0000 0000 45b1d0b1 845a73f7: add_timer_randomness(.. 8388864) with jiffies: 8278488749382009446, cycles: 8278488745087336458
[    5.797734] random 0062 0000 0000 45b1d0b1 845a73f7: add_disk_randomness(8:0) 45b1d0b1 845a73f7
[    5.797737] random 0062 0000 0000 45b1d0b1 845a73f7: add_timer_randomness(.. 8388864) with jiffies: 8343400561516446317, cycles: 8343400557221773322
[    5.807382] random 0062 0000 0000 45b1d0b1 845a73f7: add_disk_randomness(8:0) 45b1d0b1 845a73f7
[    5.807385] random 0062 0000 0000 45b1d0b1 845a73f7: add_timer_randomness(.. 8388864) with jiffies: 8430192517604672119, cycles: 8430192513309999114
[    5.807388] random 0062 0000 0000 45b1d0b1 845a73f7: added 1 entropy credits to input
[    5.815165] random 0063 0000 0000 45b1d0b1 845a73f7: add_disk_randomness(8:0) 45b1d0b1 845a73f7
[    5.815168] random 0063 0000 0000 45b1d0b1 845a73f7: add_timer_randomness(.. 8388864) with jiffies: 8500207837513482879, cycles: 8500207833218809866
[    5.815171] random 0063 0000 0000 45b1d0b1 845a73f7: added 1 entropy credits to input
[    5.818310] random 0064 0000 0000 45b1d0b1 845a73f7: add_disk_randomness(8:0) 45b1d0b1 845a73f7
[    5.818313] random 0064 0000 0000 45b1d0b1 845a73f7: add_timer_randomness(.. 8388864) with jiffies: 8528497193659368066, cycles: 8528497189364695050
[    5.818316] random 0064 0000 0000 45b1d0b1 845a73f7: added 1 entropy credits to input
[    5.832574] random 0065 0000 0000 45b1d0b1 845a73f7: add_disk_randomness(8:0) 45b1d0b1 845a73f7
[    5.832577] random 0065 0000 0000 45b1d0b1 845a73f7: add_timer_randomness(.. 8388864) with jiffies: 8656829721247187600, cycles: 8656829716952514570
[    5.832580] random 0065 0000 0000 45b1d0b1 845a73f7: added 3 entropy credits to input
[    5.837975] random 0068 0000 0000 45b1d0b1 845a73f7: add_disk_randomness(8:0) 45b1d0b1 845a73f7
[    5.837978] random 0068 0000 0000 45b1d0b1 845a73f7: add_timer_randomness(.. 8388864) with jiffies: 8705402335326339734, cycles: 8705402331031666698
[    5.837980] random 0068 0000 0000 45b1d0b1 845a73f7: added 2 entropy credits to input
[    5.843146] random 0070 0000 0000 45b1d0b1 845a73f7: add_disk_randomness(8:0) 45b1d0b1 845a73f7
[    5.843149] random 0070 0000 0000 45b1d0b1 845a73f7: add_timer_randomness(.. 8388864) with jiffies: 8751930562152465051, cycles: 8751930557857792010
[    5.851376] random 0070 0000 0000 45b1d0b1 845a73f7: add_disk_randomness(8:0) 45b1d0b1 845a73f7
[    5.851379] random 0070 0000 0000 45b1d0b1 845a73f7: add_timer_randomness(.. 8388864) with jiffies: 8825968909207962275, cycles: 8825968904913289226
[    5.851382] random 0070 0000 0000 45b1d0b1 845a73f7: added 1 entropy credits to input
[    5.860976] random 0071 0000 0000 45b1d0b1 845a73f7: add_disk_randomness(8:0) 45b1d0b1 845a73f7
[    5.860979] random 0071 0000 0000 45b1d0b1 845a73f7: add_timer_randomness(.. 8388864) with jiffies: 8912328430808957613, cycles: 8912328426514284554
[    5.880481] random 0071 0000 0000 45b1d0b1 845a73f7: add_disk_randomness(8:0) 45b1d0b1 845a73f7
[    5.880484] random 0071 0000 0000 45b1d0b1 845a73f7: add_timer_randomness(.. 8388864) with jiffies: 9087810125824754368, cycles: 9087810121530081290
[    5.880487] random 0071 0000 0000 45b1d0b1 845a73f7: added 2 entropy credits to input
[    5.893765] random 0073 0000 0000 45b1d0b1 845a73f7: add_disk_randomness(8:0) 45b1d0b1 845a73f7
[    5.893768] random 0073 0000 0000 45b1d0b1 845a73f7: add_timer_randomness(.. 8388864) with jiffies: 9207318132001833677, cycles: 9207318127707160586
[    5.893771] random 0073 0000 0000 45b1d0b1 845a73f7: added 2 entropy credits to input
[    5.901790] random 0075 0000 0000 45b1d0b1 845a73f7: add_disk_randomness(8:0) 45b1d0b1 845a73f7
[    5.901793] random 0075 0000 0000 45b1d0b1 845a73f7: add_timer_randomness(.. 8388864) with jiffies: 9279513491410748117, cycles: -9167230586593476598
[    5.911803] random 0075 0000 0000 45b1d0b1 845a73f7: add_disk_randomness(8:0) 45b1d0b1 845a73f7
[    5.911806] random 0075 0000 0000 45b1d0b1 845a73f7: add_timer_randomness(.. 8388864) with jiffies: 9369595512706794207, cycles: -9077148565297430518
[    5.911809] random 0075 0000 0000 45b1d0b1 845a73f7: added 1 entropy credits to input
[    5.924690] random 0076 0000 0000 45b1d0b1 845a73f7: add_disk_randomness(8:0) 45b1d0b1 845a73f7
[    5.924693] random 0076 0000 0000 45b1d0b1 845a73f7: add_timer_randomness(.. 8388864) with jiffies: 9485525961450160876, cycles: -8961218116554063862
[    5.932046] random 0076 0000 0000 45b1d0b1 845a73f7: add_disk_randomness(8:0) 45b1d0b1 845a73f7
[    5.932049] random 0076 0000 0000 45b1d0b1 845a73f7: add_timer_randomness(.. 8388864) with jiffies: 9551689713601708788, cycles: -8895054364402515958
[    5.932052] random 0076 0000 0000 45b1d0b1 845a73f7: added 2 entropy credits to input
[    5.937297] random 0078 0000 0000 45b1d0b1 845a73f7: add_disk_randomness(8:0) 45b1d0b1 845a73f7
[    5.937300] random 0078 0000 0000 45b1d0b1 845a73f7: add_timer_randomness(.. 8388864) with jiffies: 9598935165606527737, cycles: -8847808912397697014
[    5.937303] random 0078 0000 0000 45b1d0b1 845a73f7: added 1 entropy credits to input
[    5.943737] random 0079 0000 0000 45b1d0b1 845a73f7: add_disk_randomness(8:0) 45b1d0b1 845a73f7
[    5.943740] random 0079 0000 0000 45b1d0b1 845a73f7: add_timer_randomness(.. 8388864) with jiffies: 9656873239342449407, cycles: -8789870838661775350
[    5.948789] random 0079 0000 0000 45b1d0b1 845a73f7: add_disk_randomness(8:0) 45b1d0b1 845a73f7
[    5.948792] random 0079 0000 0000 45b1d0b1 845a73f7: add_timer_randomness(.. 8388864) with jiffies: 9702325130184327940, cycles: -8744418947819896822
[    5.954692] random 0079 0000 0000 45b1d0b1 845a73f7: add_disk_randomness(8:0) 45b1d0b1 845a73f7
[    5.954695] random 0079 0000 0000 45b1d0b1 845a73f7: add_timer_randomness(.. 8388864) with jiffies: 9755425095059997450, cycles: -8691318982944227318
[    5.964043] random 0079 0000 0000 45b1d0b1 845a73f7: add_disk_randomness(8:0) 45b1d0b1 845a73f7
[    5.964047] random 0079 0000 0000 45b1d0b1 845a73f7: add_timer_randomness(.. 8388864) with jiffies: 9839545272252465940, cycles: -8607198805751758838
[    5.964049] random 0079 0000 0000 45b1d0b1 845a73f7: added 1 entropy credits to input
[    5.968924] random 0080 0000 0000 45b1d0b1 845a73f7: add_disk_randomness(8:0) 45b1d0b1 845a73f7
[    5.968927] random 0080 0000 0000 45b1d0b1 845a73f7: add_timer_randomness(.. 8388864) with jiffies: 9883461828250141464, cycles: -8563282249754083318
[    5.968929] random 0080 0000 0000 45b1d0b1 845a73f7: added 2 entropy credits to input
[    5.976355] random 0082 0000 0000 45b1d0b1 845a73f7: add_disk_randomness(8:0) 45b1d0b1 845a73f7
[    5.976358] random 0082 0000 0000 45b1d0b1 845a73f7: add_timer_randomness(.. 8388864) with jiffies: 9950308170964108064, cycles: -8496435907040116726
[    5.976361] random 0082 0000 0000 45b1d0b1 845a73f7: added 2 entropy credits to input
[    5.982576] random 0084 0000 0000 45b1d0b1 845a73f7: add_disk_randomness(8:0) 45b1d0b1 845a73f7
[    5.982579] random 0084 0000 0000 45b1d0b1 845a73f7: add_timer_randomness(.. 8388864) with jiffies: 10006276946360238886, cycles: -8440467131643985910
[    5.982582] random 0084 0000 0000 45b1d0b1 845a73f7: added 1 entropy credits to input
[    5.982731] random 0085 0000 0000 45b1d0b1 845a73f7: add_disk_randomness(8:0) 45b1d0b1 845a73f7
[    5.982734] random 0085 0000 0000 45b1d0b1 845a73f7: add_timer_randomness(.. 8388864) with jiffies: 10007672703357256486, cycles: -8439071374646968310
[    5.997140] random 0085 0000 0000 45b1d0b1 845a73f7: add_disk_randomness(8:0) 45b1d0b1 845a73f7
[    5.997143] random 0085 0000 0000 45b1d0b1 845a73f7: add_timer_randomness(.. 8388864) with jiffies: 10137290319519777589, cycles: -8309453758484447222
[    5.997146] random 0085 0000 0000 45b1d0b1 845a73f7: added 3 entropy credits to input
[    6.004562] random 0088 0000 0000 45b1d0b1 845a73f7: add_disk_randomness(8:0) 45b1d0b1 845a73f7
[    6.004565] random 0088 0000 0000 45b1d0b1 845a73f7: add_timer_randomness(.. 8388864) with jiffies: 10204065498920616764, cycles: -8242678579083608054
[    6.004567] random 0088 0000 0000 45b1d0b1 845a73f7: added 2 entropy credits to input
[    6.014244] random 0090 0000 0000 45b1d0b1 845a73f7: add_disk_randomness(8:0) 45b1d0b1 845a73f7
[    6.014247] random 0090 0000 0000 45b1d0b1 845a73f7: add_timer_randomness(.. 8388864) with jiffies: 10291163621752537926, cycles: -8155580456251686902
[    6.014250] random 0090 0000 0000 45b1d0b1 845a73f7: added 1 entropy credits to input
[    6.024874] random 0091 0000 0000 45b1d0b1 845a73f7: add_disk_randomness(8:0) 45b1d0b1 845a73f7
[    6.024877] random 0091 0000 0000 45b1d0b1 845a73f7: add_timer_randomness(.. 8388864) with jiffies: 10386800079439364944, cycles: -8059943998564859894
[    6.037394] random 0091 0000 0000 45b1d0b1 845a73f7: add_disk_randomness(8:0) 45b1d0b1 845a73f7
[    6.037397] random 0091 0000 0000 45b1d0b1 845a73f7: add_timer_randomness(.. 8388864) with jiffies: 10499425447769244509, cycles: -7947318630234980342
[    6.037399] random 0091 0000 0000 45b1d0b1 845a73f7: added 1 entropy credits to input
[    6.038600] random 0092 0000 0000 45b1d0b1 845a73f7: add_disk_randomness(8:0) 45b1d0b1 845a73f7
[    6.038603] random 0092 0000 0000 45b1d0b1 845a73f7: add_timer_randomness(.. 8388864) with jiffies: 10510282270395040606, cycles: -7936461807609184246
[    6.042617] random 0092 0000 0000 45b1d0b1 845a73f7: add_disk_randomness(8:0) 45b1d0b1 845a73f7
[    6.042621] random 0092 0000 0000 45b1d0b1 845a73f7: add_timer_randomness(.. 8388864) with jiffies: 10546423853255197538, cycles: -7900320224749027318
[    6.042623] random 0092 0000 0000 45b1d0b1 845a73f7: added 1 entropy credits to input
[    6.051960] random 0093 0000 0000 45b1d0b1 845a73f7: add_disk_randomness(8:0) 45b1d0b1 845a73f7
[    6.051964] random 0093 0000 0000 45b1d0b1 845a73f7: add_timer_randomness(.. 8388864) with jiffies: 10630464887085302636, cycles: -7816279190918922230
[    6.051966] random 0093 0000 0000 45b1d0b1 845a73f7: added 1 entropy credits to input
[    6.052308] random 0094 0000 0000 45b1d0b1 845a73f7: add_disk_randomness(8:0) 45b1d0b1 845a73f7
[    6.052311] random 0094 0000 0000 45b1d0b1 845a73f7: add_timer_randomness(.. 8388864) with jiffies: 10633598460864725868, cycles: -7813145617139498998
[    6.067971] random 0094 0000 0000 45b1d0b1 845a73f7: add_disk_randomness(8:0) 45b1d0b1 845a73f7
[    6.067974] random 0094 0000 0000 45b1d0b1 845a73f7: add_timer_randomness(.. 8388864) with jiffies: 10774502452217217916, cycles: -7672241625787006966
[    6.067977] random 0094 0000 0000 45b1d0b1 845a73f7: added 4 entropy credits to input
[    6.069599] random 0098 0000 0000 45b1d0b1 845a73f7: add_disk_randomness(8:0) 45b1d0b1 845a73f7
[    6.069602] random 0098 0000 0000 45b1d0b1 845a73f7: add_timer_randomness(.. 8388864) with jiffies: 10789157722444759933, cycles: -7657586355559464950
[    6.069749] random 0098 0000 0000 45b1d0b1 845a73f7: add_disk_randomness(8:0) 45b1d0b1 845a73f7
[    6.069753] random 0098 0000 0000 45b1d0b1 845a73f7: add_timer_randomness(.. 8388864) with jiffies: 10790512033007371133, cycles: -7656232044996853750
[    6.080624] random 0098 0000 0000 45b1d0b1 845a73f7: add_disk_randomness(8:0) 45b1d0b1 845a73f7
[    6.080626] random 0098 0000 0000 45b1d0b1 845a73f7: add_timer_randomness(.. 8388864) with jiffies: 10888333314787869576, cycles: -7558410763216355318
[    6.080629] random 0098 0000 0000 45b1d0b1 845a73f7: added 3 entropy credits to input
[    6.081192] random 0101 0000 0000 45b1d0b1 845a73f7: add_disk_randomness(8:0) 45b1d0b1 845a73f7
[    6.081195] random 0101 0000 0000 45b1d0b1 845a73f7: add_timer_randomness(.. 8388864) with jiffies: 10893438944276087689, cycles: -7553305133728137206
[    6.086423] random 0101 0000 0000 45b1d0b1 845a73f7: add_disk_randomness(8:0) 45b1d0b1 845a73f7
[    6.086426] random 0101 0000 0000 45b1d0b1 845a73f7: add_timer_randomness(.. 8388864) with jiffies: 10940500623220245390, cycles: -7506243454783979510
[    6.086428] random 0101 0000 0000 45b1d0b1 845a73f7: added 2 entropy credits to input
[    6.088220] random 0103 0000 0000 45b1d0b1 845a73f7: add_disk_randomness(8:0) 45b1d0b1 845a73f7
[    6.088223] random 0103 0000 0000 45b1d0b1 845a73f7: add_timer_randomness(.. 8388864) with jiffies: 10956670389110670224, cycles: -7490073688893554678
[    6.088226] random 0103 0000 0000 45b1d0b1 845a73f7: added 1 entropy credits to input
[    6.098404] random 0104 0000 0000 45b1d0b1 845a73f7: add_disk_randomness(8:0) 45b1d0b1 845a73f7
[    6.098407] random 0104 0000 0000 45b1d0b1 845a73f7: add_timer_randomness(.. 8388864) with jiffies: 11048290223447049114, cycles: -7398453854557175798
[    6.098410] random 0104 0000 0000 45b1d0b1 845a73f7: added 3 entropy credits to input
[    6.112351] random 0107 0000 0000 45b1d0b1 845a73f7: add_disk_randomness(8:0) 45b1d0b1 845a73f7
[    6.112355] random 0107 0000 0000 45b1d0b1 845a73f7: add_timer_randomness(.. 8388864) with jiffies: 11173761697225343912, cycles: -7272982380778881014
[    6.112357] random 0107 0000 0000 45b1d0b1 845a73f7: added 2 entropy credits to input
