[    0.000000] Linux version 2.6.32.57 (dcashman@dcashman-02) (gcc version 4.3.3 (GCC) ) #1 Thu May 23 04:51:19 PDT 2013
[    0.000000] KERNEL supported cpus:
[    0.000000]   Intel GenuineIntel
[    0.000000]   AMD AuthenticAMD
[    0.000000]   NSC Geode by NSC
[    0.000000]   Cyrix CyrixInstead
[    0.000000]   Centaur CentaurHauls
[    0.000000]   Transmeta GenuineTMx86
[    0.000000]   Transmeta TransmetaCPU
[    0.000000]   UMC UMC UMC UMC
[    0.000000] BIOS-provided physical RAM map:
[    0.000000]  BIOS-e820: 0000000000000000 - 000000000009d800 (usable)
[    0.000000]  BIOS-e820: 000000000009d800 - 00000000000a0000 (reserved)
[    0.000000]  BIOS-e820: 00000000000d2000 - 00000000000d4000 (reserved)
[    0.000000]  BIOS-e820: 00000000000e0000 - 0000000000100000 (reserved)
[    0.000000]  BIOS-e820: 0000000000100000 - 000000003d6b0000 (usable)
[    0.000000]  BIOS-e820: 000000003d6b0000 - 000000003d6cc000 (ACPI data)
[    0.000000]  BIOS-e820: 000000003d6cc000 - 000000003d700000 (ACPI NVS)
[    0.000000]  BIOS-e820: 000000003d700000 - 000000003e000000 (reserved)
[    0.000000]  BIOS-e820: 00000000f0000000 - 00000000f4000000 (reserved)
[    0.000000]  BIOS-e820: 00000000fec00000 - 00000000fec10000 (reserved)
[    0.000000]  BIOS-e820: 00000000fed00000 - 00000000fed00400 (reserved)
[    0.000000]  BIOS-e820: 00000000fed14000 - 00000000fed1a000 (reserved)
[    0.000000]  BIOS-e820: 00000000fed1c000 - 00000000fed90000 (reserved)
[    0.000000]  BIOS-e820: 00000000fee00000 - 00000000fee01000 (reserved)
[    0.000000]  BIOS-e820: 00000000ff000000 - 0000000100000000 (reserved)
[    0.000000] DMI present.
[    0.000000] last_pfn = 0x3d6b0 max_arch_pfn = 0x100000
[    0.000000] MTRR default type: uncachable
[    0.000000] MTRR fixed ranges enabled:
[    0.000000]   00000-9FFFF write-back
[    0.000000]   A0000-BFFFF uncachable
[    0.000000]   C0000-CFFFF write-protect
[    0.000000]   D0000-DFFFF uncachable
[    0.000000]   E0000-FFFFF write-protect
[    0.000000] MTRR variable ranges enabled:
[    0.000000]   0 base 03E000000 mask FFE000000 uncachable
[    0.000000]   1 base 000000000 mask FC0000000 write-back
[    0.000000]   2 base 03D700000 mask FFFF00000 uncachable
[    0.000000]   3 base 03D800000 mask FFF800000 uncachable
[    0.000000]   4 disabled
[    0.000000]   5 disabled
[    0.000000]   6 disabled
[    0.000000]   7 disabled
[    0.000000] initial memory mapped : 0 - 02000000
[    0.000000] init_memory_mapping: 0000000000000000-00000000377fe000
[    0.000000]  0000000000 - 0000400000 page 4k
[    0.000000]  0000400000 - 0037400000 page 2M
[    0.000000]  0037400000 - 00377fe000 page 4k
[    0.000000] kernel direct mapping tables up to 377fe000 @ 7000-c000
[    0.000000] ACPI: RSDP 000f68d0 00024 (v02 LENOVO)
[    0.000000] ACPI: XSDT 3d6bb77f 00094 (v01 LENOVO TP-7L    00002170  LTP 00000000)
[    0.000000] ACPI: FACP 3d6bb900 000F4 (v03 LENOVO TP-7L    00002170 LNVO 00000001)
[    0.000000] ACPI Warning: 32/64X length mismatch in Gpe1Block: 0/32 (20090903/tbfadt-526)
[    0.000000] ACPI Warning: Optional field Gpe1Block has zero address or length: 000000000000102C/0 (20090903/tbfadt-557)
[    0.000000] ACPI: DSDT 3d6bbd1d 0FED1 (v01 LENOVO TP-7L    00002170 MSFT 03000000)
[    0.000000] ACPI: FACS 3d6e4000 00040
[    0.000000] ACPI: SSDT 3d6bbab4 00269 (v01 LENOVO TP-7L    00002170 MSFT 03000000)
[    0.000000] ACPI: ECDT 3d6cbbee 00052 (v01 LENOVO TP-7L    00002170 LNVO 00000001)
[    0.000000] ACPI: TCPA 3d6cbc40 00032 (v02 LENOVO TP-7L    00002170 LNVO 00000001)
[    0.000000] ACPI: APIC 3d6cbc72 00068 (v01 LENOVO TP-7L    00002170 LNVO 00000001)
[    0.000000] ACPI: MCFG 3d6cbcda 0003C (v01 LENOVO TP-7L    00002170 LNVO 00000001)
[    0.000000] ACPI: HPET 3d6cbd16 00038 (v01 LENOVO TP-7L    00002170 LNVO 00000001)
[    0.000000] ACPI: SLIC 3d6cbdf0 00176 (v01 LENOVO TP-7L    00002170  LTP 00000000)
[    0.000000] ACPI: BOOT 3d6cbf66 00028 (v01 LENOVO TP-7L    00002170  LTP 00000001)
[    0.000000] ACPI: ASF! 3d6cbf8e 00072 (v16 LENOVO TP-7L    00002170 PTL  00000001)
[    0.000000] ACPI: SSDT 3d6e26d9 0025F (v01 LENOVO TP-7L    00002170 INTL 20050513)
[    0.000000] ACPI: SSDT 3d6e2938 000A6 (v01 LENOVO TP-7L    00002170 INTL 20050513)
[    0.000000] ACPI: SSDT 3d6e29de 004F7 (v01 LENOVO TP-7L    00002170 INTL 20050513)
[    0.000000] ACPI: SSDT 3d6e2ed5 001D8 (v01 LENOVO TP-7L    00002170 INTL 20050513)
[    0.000000] ACPI: DMI detected: Lenovo ThinkPad R61
[    0.000000] ACPI: Added _OSI(Linux)
[    0.000000] ACPI: Local APIC address 0xfee00000
[    0.000000] 94MB HIGHMEM available.
[    0.000000] 887MB LOWMEM available.
[    0.000000]   mapped low ram: 0 - 377fe000
[    0.000000]   low ram: 0 - 377fe000
[    0.000000]   node 0 low ram: 00000000 - 377fe000
[    0.000000]   node 0 bootmap 00008000 - 0000ef00
[    0.000000] (6 early reservations) ==> bootmem [0000000000 - 00377fe000]
[    0.000000]   #0 [0000000000 - 0000001000]   BIOS data page ==> [0000000000 - 0000001000]
[    0.000000]   #1 [0001000000 - 0001bd6180]    TEXT DATA BSS ==> [0001000000 - 0001bd6180]
[    0.000000]   #2 [000009d800 - 0000100000]    BIOS reserved ==> [000009d800 - 0000100000]
[    0.000000]   #3 [0001bd7000 - 0001bdf16c]              BRK ==> [0001bd7000 - 0001bdf16c]
[    0.000000]   #4 [0000007000 - 0000008000]          PGTABLE ==> [0000007000 - 0000008000]
[    0.000000]   #5 [0000008000 - 000000f000]          BOOTMAP ==> [0000008000 - 000000f000]
[    0.000000] found SMP MP-table at [c00f6900] f6900
[    0.000000] Zone PFN ranges:
[    0.000000]   DMA      0x00000000 -> 0x00001000
[    0.000000]   Normal   0x00001000 -> 0x000377fe
[    0.000000]   HighMem  0x000377fe -> 0x0003d6b0
[    0.000000] Movable zone start PFN for each node
[    0.000000] early_node_map[2] active PFN ranges
[    0.000000]     0: 0x00000000 -> 0x0000009d
[    0.000000]     0: 0x00000100 -> 0x0003d6b0
[    0.000000] On node 0 totalpages: 251469
[    0.000000] free_area_init_node: node 0, pgdat c18fbda0, node_mem_map c1be1000
[    0.000000]   DMA zone: 32 pages used for memmap
[    0.000000]   DMA zone: 0 pages reserved
[    0.000000]   DMA zone: 3965 pages, LIFO batch:0
[    0.000000]   Normal zone: 1744 pages used for memmap
[    0.000000]   Normal zone: 221486 pages, LIFO batch:31
[    0.000000]   HighMem zone: 190 pages used for memmap
[    0.000000]   HighMem zone: 24052 pages, LIFO batch:3
[    0.000000] Using APIC driver default
[    0.000000] ACPI: PM-Timer IO Port: 0x1008
[    0.000000] ACPI: Local APIC address 0xfee00000
[    0.000000] ACPI: LAPIC (acpi_id[0x00] lapic_id[0x00] enabled)
[    0.000000] ACPI: LAPIC (acpi_id[0x01] lapic_id[0x01] enabled)
[    0.000000] ACPI: NR_CPUS/possible_cpus limit of 1 reached.  Processor 1/0x1 ignored.
[    0.000000] ACPI: LAPIC_NMI (acpi_id[0x00] high edge lint[0x1])
[    0.000000] ACPI: LAPIC_NMI (acpi_id[0x01] high edge lint[0x1])
[    0.000000] ACPI: IOAPIC (id[0x01] address[0xfec00000] gsi_base[0])
[    0.000000] IOAPIC[0]: apic_id 1, version 32, address 0xfec00000, GSI 0-23
[    0.000000] ACPI: INT_SRC_OVR (bus 0 bus_irq 0 global_irq 2 dfl dfl)
[    0.000000] ACPI: INT_SRC_OVR (bus 0 bus_irq 9 global_irq 9 high level)
[    0.000000] ACPI: IRQ0 used by override.
[    0.000000] ACPI: IRQ2 used by override.
[    0.000000] ACPI: IRQ9 used by override.
[    0.000000] Using ACPI (MADT) for SMP configuration information
[    0.000000] ACPI: HPET id: 0x8086a201 base: 0xfed00000
[    0.000000] nr_irqs_gsi: 24
[    0.000000] PM: Registered nosave memory: 000000000009d000 - 000000000009e000
[    0.000000] PM: Registered nosave memory: 000000000009e000 - 00000000000a0000
[    0.000000] PM: Registered nosave memory: 00000000000a0000 - 00000000000d2000
[    0.000000] PM: Registered nosave memory: 00000000000d2000 - 00000000000d4000
[    0.000000] PM: Registered nosave memory: 00000000000d4000 - 00000000000e0000
[    0.000000] PM: Registered nosave memory: 00000000000e0000 - 0000000000100000
[    0.000000] Allocating PCI resources starting at 3e000000 (gap: 3e000000:b2000000)
[    0.000000] Built 1 zonelists in Zone order, mobility grouping on.  Total pages: 249503
[    0.000000] Kernel command line: auto BOOT_IMAGE=Linux ro root=802 vt.default_utf8=0
[    0.000000] PID hash table entries: 4096 (order: 2, 16384 bytes)
[    0.000000] Dentry cache hash table entries: 131072 (order: 7, 524288 bytes)
[    0.000000] Inode-cache hash table entries: 65536 (order: 6, 262144 bytes)
[    0.000000] Enabling fast FPU save and restore... done.
[    0.000000] Enabling unmasked SIMD FPU exception support... done.
[    0.000000] Initializing CPU#0
[    0.000000] Initializing HighMem for node 0 (000377fe:0003d6b0)
[    0.000000] Memory: 984800k/1006272k available (6888k kernel code, 20852k reserved, 2329k data, 448k init, 96968k highmem)
[    0.000000] virtual kernel memory layout:
[    0.000000]     fixmap  : 0xfffa3000 - 0xfffff000   ( 368 kB)
[    0.000000]     pkmap   : 0xff800000 - 0xffc00000   (4096 kB)
[    0.000000]     vmalloc : 0xf7ffe000 - 0xff7fe000   ( 120 MB)
[    0.000000]     lowmem  : 0xc0000000 - 0xf77fe000   ( 887 MB)
[    0.000000]       .init : 0xc1901000 - 0xc1971000   ( 448 kB)
[    0.000000]       .data : 0xc16ba3c8 - 0xc1900b64   (2329 kB)
[    0.000000]       .text : 0xc1000000 - 0xc16ba3c8   (6888 kB)
[    0.000000] Checking if this processor honours the WP bit even in supervisor mode...Ok.
[    0.000000] SLUB: Genslabs=13, HWalign=64, Order=0-3, MinObjects=0, CPUs=1, Nodes=1
[    0.000000] Hierarchical RCU implementation.
[    0.000000] NR_IRQS:288
[    0.000000] Extended CMOS year: 2000
[    0.000000] Console: colour VGA+ 80x25
[    0.000000] console [tty0] enabled
[    0.000000] hpet clockevent registered
[    0.000000] Fast TSC calibration using PIT
[    0.000000] Detected 2094.672 MHz processor.
[    0.002001] Calibrating delay loop (skipped), value calculated using timer frequency.. 4189.34 BogoMIPS (lpj=2094672)
[    0.002175] Security Framework initialized
[    0.002258] Mount-cache hash table entries: 512
[    0.002405] CPU: L1 I cache: 32K, L1 D cache: 32K
[    0.002532] CPU: L2 cache: 3072K
[    0.002610] mce: CPU supports 6 MCE banks
[    0.002698] CPU0: Thermal monitoring enabled (TM2)
[    0.002780] using mwait in idle threads.
[    0.002869] CPU: Intel(R) Core(TM)2 Duo CPU     T8100  @ 2.10GHz stepping 06
[    0.003130] Checking 'hlt' instruction... OK.
[    0.007941] ACPI: Core revision 20090903
[    0.027040] Enabling APIC mode:  Flat.  Using 1 I/O APICs
[    0.027496] ..TIMER: vector=0x30 apic1=0 pin1=2 apic2=-1 pin2=-1
[    0.037997] xor: automatically using best checksumming function: pIII_sse
[    0.041998]    pIII_sse  :  8648.000 MB/sec
[    0.042090] xor: using function: pIII_sse (8648.000 MB/sec)
[    0.042184] RANDOM - __seed init called.
[    0.042185] RANDOM - __seed init called.
[    0.042186] RANDOM - __seed init called.
[    0.042188] RANDOM - __random32 called. Change num 1.  Value: f7943846	49e73df3	af36cd0d
[    0.042190] RANDOM - __random32 called. Change num 2.  Value: 43846e13	9e73df37	9a1ad014
[    0.042192] RANDOM - __random32 called. Change num 3.  Value: 46e139c8	e73df373	a029598a
[    0.042193] RANDOM - __random32 called. Change num 4.  Value: 139c8c3b	73df373d	b3142c72
[    0.042195] RANDOM - __random32 called. Change num 5.  Value: c8c3b043	3df373de	58e576a9
[    0.042197] RANDOM - __random32 called. Change num 6.  Value: 3b0437d9	df373de5	ed53f9d8
[    0.042198] RANDOM - random32 init called.  Value: 3b0437d9	df373de5	ed53f9d8
[    0.042216] NET: Registered protocol family 16
[    0.042475] ACPI FADT declares the system doesn't support PCIe ASPM, so disable it
[    0.042601] ACPI: bus type pci registered
[    0.042769] PCI: MCFG configuration 0: base f0000000 segment 0 buses 0 - 63
[    0.042862] PCI: MCFG area at f0000000 reserved in E820
[    0.042953] PCI: Using MMCONFIG for extended config space
[    0.043002] PCI: Using configuration type 1 for base access
[    0.046108] bio: create slab <bio-0> at 0
[    0.046918] ACPI: EC: EC description table is found, configuring boot EC
[    0.052086] ACPI: BIOS _OSI(Linux) query honored via DMI
[    0.058585] ACPI: Interpreter enabled
[    0.058671] ACPI: (supports S0 S3 S4 S5)
[    0.058982] ACPI: Using IOAPIC for interrupt routing
[    0.068584] ACPI: EC: GPE = 0x12, I/O: command/status = 0x66, data = 0x62
[    0.068879] ACPI: Power Resource [PUBS] (on)
[    0.071049] ACPI: ACPI Dock Station Driver: 3 docks/bays found
[    0.071454] ACPI: PCI Root Bridge [PCI0] (0000:00)
[    0.071631] pci 0000:00:02.0: reg 10 64bit mmio: [0xf8100000-0xf81fffff]
[    0.071637] pci 0000:00:02.0: reg 18 64bit mmio pref: [0xe0000000-0xefffffff]
[    0.071641] pci 0000:00:02.0: reg 20 io port: [0x1800-0x1807]
[    0.071675] pci 0000:00:02.1: reg 10 64bit mmio: [0xf8200000-0xf82fffff]
[    0.071781] pci 0000:00:19.0: reg 10 32bit mmio: [0xfe000000-0xfe01ffff]
[    0.071791] pci 0000:00:19.0: reg 14 32bit mmio: [0xfe025000-0xfe025fff]
[    0.071798] pci 0000:00:19.0: reg 18 io port: [0x1840-0x185f]
[    0.071864] pci 0000:00:19.0: PME# supported from D0 D3hot D3cold
[    0.071958] pci 0000:00:19.0: PME# disabled
[    0.072073] pci 0000:00:1a.0: reg 20 io port: [0x1860-0x187f]
[    0.072149] pci 0000:00:1a.1: reg 20 io port: [0x1880-0x189f]
[    0.072234] pci 0000:00:1a.7: reg 10 32bit mmio: [0xfe226c00-0xfe226fff]
[    0.072320] pci 0000:00:1a.7: PME# supported from D0 D3hot D3cold
[    0.072417] pci 0000:00:1a.7: PME# disabled
[    0.072560] pci 0000:00:1b.0: reg 10 64bit mmio: [0xfe020000-0xfe023fff]
[    0.072647] pci 0000:00:1b.0: PME# supported from D0 D3hot D3cold
[    0.072742] pci 0000:00:1b.0: PME# disabled
[    0.072998] pci 0000:00:1c.0: PME# supported from D0 D3hot D3cold
[    0.073093] pci 0000:00:1c.0: PME# disabled
[    0.073294] pci 0000:00:1c.1: PME# supported from D0 D3hot D3cold
[    0.073389] pci 0000:00:1c.1: PME# disabled
[    0.073586] pci 0000:00:1c.2: PME# supported from D0 D3hot D3cold
[    0.073679] pci 0000:00:1c.2: PME# disabled
[    0.073877] pci 0000:00:1c.3: PME# supported from D0 D3hot D3cold
[    0.073974] pci 0000:00:1c.3: PME# disabled
[    0.074109] pci 0000:00:1c.4: PME# supported from D0 D3hot D3cold
[    0.074203] pci 0000:00:1c.4: PME# disabled
[    0.075053] pci 0000:00:1d.0: reg 20 io port: [0x18a0-0x18bf]
[    0.075124] pci 0000:00:1d.1: reg 20 io port: [0x18c0-0x18df]
[    0.075202] pci 0000:00:1d.2: reg 20 io port: [0x18e0-0x18ff]
[    0.075293] pci 0000:00:1d.7: reg 10 32bit mmio: [0xfe227000-0xfe2273ff]
[    0.075393] pci 0000:00:1d.7: PME# supported from D0 D3hot D3cold
[    0.075492] pci 0000:00:1d.7: PME# disabled
[    0.075785] pci 0000:00:1f.0: quirk: region 1000-107f claimed by ICH6 ACPI/GPIO/TCO
[    0.075911] pci 0000:00:1f.0: quirk: region 1180-11bf claimed by ICH6 GPIO
[    0.075998] pci 0000:00:1f.0: ICH7 LPC Generic IO decode 1 PIO at 1600 (mask 007f)
[    0.076123] pci 0000:00:1f.0: ICH7 LPC Generic IO decode 2 PIO at 15e0 (mask 000f)
[    0.076250] pci 0000:00:1f.0: ICH7 LPC Generic IO decode 3 PIO at 1680 (mask 001f)
[    0.076458] pci 0000:00:1f.1: reg 10 io port: [0x00-0x07]
[    0.076466] pci 0000:00:1f.1: reg 14 io port: [0x00-0x03]
[    0.076475] pci 0000:00:1f.1: reg 18 io port: [0x00-0x07]
[    0.076489] pci 0000:00:1f.1: reg 1c io port: [0x00-0x03]
[    0.076496] pci 0000:00:1f.1: reg 20 io port: [0x1c00-0x1c0f]
[    0.076578] pci 0000:00:1f.2: reg 10 io port: [0x1c50-0x1c57]
[    0.076587] pci 0000:00:1f.2: reg 14 io port: [0x1c44-0x1c47]
[    0.076594] pci 0000:00:1f.2: reg 18 io port: [0x1c48-0x1c4f]
[    0.076603] pci 0000:00:1f.2: reg 1c io port: [0x1c40-0x1c43]
[    0.076611] pci 0000:00:1f.2: reg 20 io port: [0x1c20-0x1c3f]
[    0.076620] pci 0000:00:1f.2: reg 24 32bit mmio: [0xfe226000-0xfe2267ff]
[    0.076678] pci 0000:00:1f.2: PME# supported from D3hot
[    0.076769] pci 0000:00:1f.2: PME# disabled
[    0.076894] pci 0000:00:1f.3: reg 10 32bit mmio: [0xfe227400-0xfe2274ff]
[    0.076919] pci 0000:00:1f.3: reg 20 io port: [0x1c60-0x1c7f]
[    0.077055] pci 0000:00:1c.0: bridge io port: [0x2000-0x2fff]
[    0.077059] pci 0000:00:1c.0: bridge 32bit mmio: [0xfc000000-0xfdffffff]
[    0.077069] pci 0000:00:1c.0: bridge 64bit mmio pref: [0xf8000000-0xf80fffff]
[    0.077142] pci 0000:03:00.0: reg 10 64bit mmio: [0xdf3f0000-0xdf3fffff]
[    0.077336] pci 0000:00:1c.1: bridge io port: [0x3000-0x3fff]
[    0.077342] pci 0000:00:1c.1: bridge 32bit mmio: [0xdc000000-0xdf3fffff]
[    0.077351] pci 0000:00:1c.1: bridge 64bit mmio pref: [0xdfe00000-0xdfefffff]
[    0.077410] pci 0000:00:1c.2: bridge io port: [0x4000-0x4fff]
[    0.077416] pci 0000:00:1c.2: bridge 32bit mmio: [0xd8000000-0xd9ffffff]
[    0.077423] pci 0000:00:1c.2: bridge 64bit mmio pref: [0xdfb00000-0xdfbfffff]
[    0.077479] pci 0000:00:1c.3: bridge io port: [0x5000-0x5fff]
[    0.077484] pci 0000:00:1c.3: bridge 32bit mmio: [0xd4000000-0xd5ffffff]
[    0.077491] pci 0000:00:1c.3: bridge 64bit mmio pref: [0xdf800000-0xdf8fffff]
[    0.077546] pci 0000:00:1c.4: bridge io port: [0x6000-0x6fff]
[    0.077550] pci 0000:00:1c.4: bridge 32bit mmio: [0xd0000000-0xd1ffffff]
[    0.077558] pci 0000:00:1c.4: bridge 64bit mmio pref: [0xdf500000-0xdf5fffff]
[    0.077611] pci 0000:15:00.0: reg 10 32bit mmio: [0xf8300000-0xf8300fff]
[    0.077660] pci 0000:15:00.0: supports D1 D2
[    0.077662] pci 0000:15:00.0: PME# supported from D0 D1 D2 D3hot D3cold
[    0.077757] pci 0000:15:00.0: PME# disabled
[    0.077905] pci 0000:15:00.1: reg 10 32bit mmio: [0xf8301000-0xf83017ff]
[    0.078009] pci 0000:15:00.1: supports D1 D2
[    0.078010] pci 0000:15:00.1: PME# supported from D0 D1 D2 D3hot D3cold
[    0.078103] pci 0000:15:00.1: PME# disabled
[    0.078291] pci 0000:00:1e.0: transparent bridge
[    0.078383] pci 0000:00:1e.0: bridge io port: [0x7000-0xafff]
[    0.078389] pci 0000:00:1e.0: bridge 32bit mmio: [0xf8300000-0xfbffffff]
[    0.078399] pci 0000:00:1e.0: bridge 64bit mmio pref: [0xf4000000-0xf7ffffff]
[    0.078468] pci_bus 0000:00: on NUMA node 0
[    0.078472] ACPI: PCI Interrupt Routing Table [\_SB_.PCI0._PRT]
[    0.078604] ACPI: PCI Interrupt Routing Table [\_SB_.PCI0.EXP0._PRT]
[    0.078662] ACPI: PCI Interrupt Routing Table [\_SB_.PCI0.EXP1._PRT]
[    0.078719] ACPI: PCI Interrupt Routing Table [\_SB_.PCI0.EXP2._PRT]
[    0.078775] ACPI: PCI Interrupt Routing Table [\_SB_.PCI0.EXP3._PRT]
[    0.078836] ACPI: PCI Interrupt Routing Table [\_SB_.PCI0.EXP4._PRT]
[    0.078898] ACPI: PCI Interrupt Routing Table [\_SB_.PCI0.PCI1._PRT]
[    0.084340] ACPI: PCI Interrupt Link [LNKA] (IRQs 3 4 5 6 7 9 *10 11)
[    0.085152] ACPI: PCI Interrupt Link [LNKB] (IRQs 3 4 5 6 7 9 10 *11)
[    0.085947] ACPI: PCI Interrupt Link [LNKC] (IRQs 3 4 5 6 7 9 10 *11)
[    0.086720] ACPI: PCI Interrupt Link [LNKD] (IRQs 3 4 5 6 7 9 10 *11)
[    0.087505] ACPI: PCI Interrupt Link [LNKE] (IRQs 3 4 5 6 7 9 10 *11)
[    0.088290] ACPI: PCI Interrupt Link [LNKF] (IRQs 3 4 5 6 7 9 10 *11)
[    0.089109] ACPI: PCI Interrupt Link [LNKG] (IRQs 3 4 5 6 7 9 10 *11)
[    0.089893] ACPI: PCI Interrupt Link [LNKH] (IRQs 3 4 5 6 7 9 10 *11)
[    0.090635] vgaarb: device added: PCI:0000:00:02.0,decodes=io+mem,owns=io+mem,locks=none
[    0.090764] vgaarb: loaded
[    0.090943] SCSI subsystem initialized
[    0.091008] libata version 3.00 loaded.
[    0.091057] usbcore: registered new interface driver usbfs
[    0.091182] usbcore: registered new interface driver hub
[    0.091292] usbcore: registered new device driver usb
[    0.108044] raid6: int32x1    941 MB/s
[    0.124991] raid6: int32x2    886 MB/s
[    0.141987] raid6: int32x4    746 MB/s
[    0.158986] raid6: int32x8    656 MB/s
[    0.175987] raid6: mmxx1     2878 MB/s
[    0.192985] raid6: mmxx2     3269 MB/s
[    0.210002] raid6: sse1x1    1937 MB/s
[    0.226977] raid6: sse1x2    2531 MB/s
[    0.243990] raid6: sse2x1    3507 MB/s
[    0.260983] raid6: sse2x2    3828 MB/s
[    0.261074] raid6: using algorithm sse2x2 (3828 MB/s)
[    0.261166] PCI: Using ACPI for IRQ routing
[    0.261483] HPET: 3 timers in total, 0 timers will be used for per-cpu timer
[    0.261986] Switching to clocksource tsc
[    0.262086] pnp: PnP ACPI init
[    0.262176] ACPI: bus type pnp registered
[    0.265759] pnp: PnP ACPI: found 11 devices
[    0.265847] ACPI: ACPI bus type pnp unregistered
[    0.265956] system 00:00: iomem range 0x0-0x9ffff could not be reserved
[    0.266046] system 00:00: iomem range 0xc0000-0xc3fff could not be reserved
[    0.266140] system 00:00: iomem range 0xc4000-0xc7fff could not be reserved
[    0.266235] system 00:00: iomem range 0xc8000-0xcbfff has been reserved
[    0.266330] system 00:00: iomem range 0xcc000-0xcffff has been reserved
[    0.266423] system 00:00: iomem range 0xd0000-0xd3fff could not be reserved
[    0.266515] system 00:00: iomem range 0xe0000-0xe3fff could not be reserved
[    0.266605] system 00:00: iomem range 0xe4000-0xe7fff could not be reserved
[    0.266700] system 00:00: iomem range 0xe8000-0xebfff could not be reserved
[    0.266795] system 00:00: iomem range 0xec000-0xeffff could not be reserved
[    0.266893] system 00:00: iomem range 0xf0000-0xfffff could not be reserved
[    0.266984] system 00:00: iomem range 0x100000-0x3dffffff could not be reserved
[    0.267106] system 00:00: iomem range 0xfec00000-0xfed3ffff could not be reserved
[    0.267224] system 00:00: iomem range 0xfed4c000-0xffffffff could not be reserved
[    0.267351] system 00:02: ioport range 0x164e-0x164f has been reserved
[    0.267444] system 00:02: ioport range 0x1000-0x107f has been reserved
[    0.267537] system 00:02: ioport range 0x1180-0x11bf has been reserved
[    0.267627] system 00:02: ioport range 0x800-0x80f has been reserved
[    0.267719] system 00:02: ioport range 0x15e0-0x15ef has been reserved
[    0.267809] system 00:02: ioport range 0x1600-0x165f could not be reserved
[    0.267907] system 00:02: iomem range 0xf0000000-0xf3ffffff has been reserved
[    0.267999] system 00:02: iomem range 0xfed1c000-0xfed1ffff has been reserved
[    0.268089] system 00:02: iomem range 0xfed14000-0xfed17fff has been reserved
[    0.268181] system 00:02: iomem range 0xfed18000-0xfed18fff has been reserved
[    0.268276] system 00:02: iomem range 0xfed19000-0xfed19fff has been reserved
[    0.268368] system 00:02: iomem range 0xfed45000-0xfed4bfff has been reserved
[    0.303399] pci 0000:00:1c.0: PCI bridge, secondary bus 0000:02
[    0.303491] pci 0000:00:1c.0:   IO window: 0x2000-0x2fff
[    0.303588] pci 0000:00:1c.0:   MEM window: 0xfc000000-0xfdffffff
[    0.303685] pci 0000:00:1c.0:   PREFETCH window: 0x000000f8000000-0x000000f80fffff
[    0.303815] pci 0000:00:1c.1: PCI bridge, secondary bus 0000:03
[    0.303914] pci 0000:00:1c.1:   IO window: 0x3000-0x3fff
[    0.304005] pci 0000:00:1c.1:   MEM window: 0xdc000000-0xdf3fffff
[    0.304098] pci 0000:00:1c.1:   PREFETCH window: 0x000000dfe00000-0x000000dfefffff
[    0.304225] pci 0000:00:1c.2: PCI bridge, secondary bus 0000:04
[    0.304319] pci 0000:00:1c.2:   IO window: 0x4000-0x4fff
[    0.304415] pci 0000:00:1c.2:   MEM window: 0xd8000000-0xd9ffffff
[    0.304509] pci 0000:00:1c.2:   PREFETCH window: 0x000000dfb00000-0x000000dfbfffff
[    0.304636] pci 0000:00:1c.3: PCI bridge, secondary bus 0000:05
[    0.304725] pci 0000:00:1c.3:   IO window: 0x5000-0x5fff
[    0.304820] pci 0000:00:1c.3:   MEM window: 0xd4000000-0xd5ffffff
[    0.304917] pci 0000:00:1c.3:   PREFETCH window: 0x000000df800000-0x000000df8fffff
[    0.305043] pci 0000:00:1c.4: PCI bridge, secondary bus 0000:0d
[    0.305134] pci 0000:00:1c.4:   IO window: 0x6000-0x6fff
[    0.305232] pci 0000:00:1c.4:   MEM window: 0xd0000000-0xd1ffffff
[    0.305328] pci 0000:00:1c.4:   PREFETCH window: 0x000000df500000-0x000000df5fffff
[    0.305454] pci 0000:15:00.0: CardBus bridge, secondary bus 0000:16
[    0.305547] pci 0000:15:00.0:   IO window: 0x007000-0x0070ff
[    0.305644] pci 0000:15:00.0:   IO window: 0x007400-0x0074ff
[    0.305743] pci 0000:15:00.0:   PREFETCH window: 0xf4000000-0xf7ffffff
[    0.305839] pci 0000:15:00.0:   MEM window: 0x40000000-0x43ffffff
[    0.305937] pci 0000:00:1e.0: PCI bridge, secondary bus 0000:15
[    0.306032] pci 0000:00:1e.0:   IO window: 0x7000-0xafff
[    0.306125] pci 0000:00:1e.0:   MEM window: 0xf8300000-0xfbffffff
[    0.306223] pci 0000:00:1e.0:   PREFETCH window: 0x000000f4000000-0x000000f7ffffff
[    0.306367] pci 0000:00:1c.0: PCI INT A -> GSI 20 (level, low) -> IRQ 20
[    0.306465] pci 0000:00:1c.0: setting latency timer to 64
[    0.306481] pci 0000:00:1c.1: PCI INT B -> GSI 21 (level, low) -> IRQ 21
[    0.306577] pci 0000:00:1c.1: setting latency timer to 64
[    0.306586] pci 0000:00:1c.2: PCI INT C -> GSI 22 (level, low) -> IRQ 22
[    0.306680] pci 0000:00:1c.2: setting latency timer to 64
[    0.306691] pci 0000:00:1c.3: PCI INT D -> GSI 23 (level, low) -> IRQ 23
[    0.306787] pci 0000:00:1c.3: setting latency timer to 64
[    0.306800] pci 0000:00:1c.4: PCI INT A -> GSI 20 (level, low) -> IRQ 20
[    0.306902] pci 0000:00:1c.4: setting latency timer to 64
[    0.306909] pci 0000:00:1e.0: enabling device (0005 -> 0007)
[    0.307005] pci 0000:00:1e.0: setting latency timer to 64
[    0.307016] pci 0000:15:00.0: PCI INT A -> GSI 16 (level, low) -> IRQ 16
[    0.307111] pci 0000:15:00.0: setting latency timer to 64
[    0.307117] pci_bus 0000:00: resource 0 io:  [0x00-0xffff]
[    0.307119] pci_bus 0000:00: resource 1 mem: [0x000000-0xffffffff]
[    0.307121] pci_bus 0000:02: resource 0 io:  [0x2000-0x2fff]
[    0.307123] pci_bus 0000:02: resource 1 mem: [0xfc000000-0xfdffffff]
[    0.307125] pci_bus 0000:02: resource 2 pref mem [0xf8000000-0xf80fffff]
[    0.307127] pci_bus 0000:03: resource 0 io:  [0x3000-0x3fff]
[    0.307129] pci_bus 0000:03: resource 1 mem: [0xdc000000-0xdf3fffff]
[    0.307131] pci_bus 0000:03: resource 2 pref mem [0xdfe00000-0xdfefffff]
[    0.307133] pci_bus 0000:04: resource 0 io:  [0x4000-0x4fff]
[    0.307134] pci_bus 0000:04: resource 1 mem: [0xd8000000-0xd9ffffff]
[    0.307136] pci_bus 0000:04: resource 2 pref mem [0xdfb00000-0xdfbfffff]
[    0.307138] pci_bus 0000:05: resource 0 io:  [0x5000-0x5fff]
[    0.307140] pci_bus 0000:05: resource 1 mem: [0xd4000000-0xd5ffffff]
[    0.307142] pci_bus 0000:05: resource 2 pref mem [0xdf800000-0xdf8fffff]
[    0.307144] pci_bus 0000:0d: resource 0 io:  [0x6000-0x6fff]
[    0.307146] pci_bus 0000:0d: resource 1 mem: [0xd0000000-0xd1ffffff]
[    0.307147] pci_bus 0000:0d: resource 2 pref mem [0xdf500000-0xdf5fffff]
[    0.307149] pci_bus 0000:15: resource 0 io:  [0x7000-0xafff]
[    0.307151] pci_bus 0000:15: resource 1 mem: [0xf8300000-0xfbffffff]
[    0.307153] pci_bus 0000:15: resource 2 pref mem [0xf4000000-0xf7ffffff]
[    0.307155] pci_bus 0000:15: resource 3 io:  [0x00-0xffff]
[    0.307157] pci_bus 0000:15: resource 4 mem: [0x000000-0xffffffff]
[    0.307158] pci_bus 0000:16: resource 0 io:  [0x7000-0x70ff]
[    0.307160] pci_bus 0000:16: resource 1 io:  [0x7400-0x74ff]
[    0.307162] pci_bus 0000:16: resource 2 pref mem [0xf4000000-0xf7ffffff]
[    0.307164] pci_bus 0000:16: resource 3 mem: [0x40000000-0x43ffffff]
[    0.307172] NET: Registered protocol family 2
[    0.307262] RANDOM - __random32 called. Change num 7.  Value: 437d97bf	f373de51	f3b0f986
[    0.307264] RANDOM - random32 called.  Value: 437d97bf	f373de51	f3b0f986
[    0.307277] IP route cache hash table entries: 32768 (order: 5, 131072 bytes)
[    0.307409] RANDOM - __random32 called. Change num 8.  Value: d97bfe31	373de51f	f30dc6e6
[    0.307410] RANDOM - random32 called.  Value: d97bfe31	373de51f	f30dc6e6
[    0.307421] RANDOM - __random32 called. Change num 9.  Value: bfe314d7	73de51f5	8dcd6c7e
[    0.307423] RANDOM - random32 called.  Value: bfe314d7	73de51f5	8dcd6c7e
[    0.307425] RANDOM - __random32 called. Change num 10.  Value: 314d7baf	3de51f5e	d8fc74c1
[    0.307426] RANDOM - random32 called.  Value: 314d7baf	3de51f5e	d8fc74c1
[    0.307437] RANDOM - __random32 called. Change num 11.  Value: d7baf3c7	de51f5e5	e983e3fa
[    0.307438] RANDOM - random32 called.  Value: d7baf3c7	de51f5e5	e983e3fa
[    0.307448] TCP established hash table entries: 131072 (order: 8, 1048576 bytes)
[    0.307941] TCP bind hash table entries: 65536 (order: 6, 262144 bytes)
[    0.308132] TCP: Hash tables configured (established 131072 bind 65536)
[    0.308224] TCP reno registered
[    0.308333] NET: Registered protocol family 1
[    0.308445] RPC: Registered udp transport module.
[    0.308531] RPC: Registered tcp transport module.
[    0.308619] RPC: Registered tcp NFSv4.1 backchannel transport module.
[    0.308715] pci 0000:00:02.0: Boot video device
[    0.308959] Simple Boot Flag at 0x35 set to 0x1
[    0.309472] highmem bounce pool size: 64 pages
[    0.311062] VFS: Disk quotas dquot_6.5.2
[    0.311189] Dquot-cache hash table entries: 1024 (order 0, 4096 bytes)
[    0.311851] NTFS driver 2.1.29 [Flags: R/W].
[    0.312017] ROMFS MTD (C) 2007 Red Hat, Inc.
[    0.312224] JFS: nTxBlock = 7695, nTxLock = 61563
[    0.314677] SGI XFS with ACLs, security attributes, large block/inode numbers, no debug enabled
[    0.315179] SGI XFS Quota Management subsystem
[    0.315471] Slow work thread pool: Starting up
[    0.315571] Slow work thread pool: Ready
[    0.315664] GFS2 (built May 23 2013 03:49:48) installed
[    0.315757] msgmni has been set to 1734
[    0.315940] alg: No test for cipher_null (cipher_null-generic)
[    0.316042] alg: No test for ecb(cipher_null) (ecb-cipher_null)
[    0.316143] alg: No test for digest_null (digest_null-generic)
[    0.316239] alg: No test for compress_null (compress_null-generic)
[    0.316785] alg: No test for fcrypt (fcrypt-generic)
[    0.318212] alg: No test for stdrng (krng)
[    0.318304] async_tx: api initialized (async)
[    0.318456] Block layer SCSI generic (bsg) driver version 0.4 loaded (major 254)
[    0.318579] io scheduler noop registered
[    0.318665] io scheduler anticipatory registered
[    0.318753] io scheduler deadline registered
[    0.318902] io scheduler cfq registered (default)
[    0.319143] pcieport 0000:00:1c.0: irq 24 for MSI/MSI-X
[    0.319159] pcieport 0000:00:1c.0: setting latency timer to 64
[    0.319347] pcieport 0000:00:1c.1: irq 25 for MSI/MSI-X
[    0.319359] pcieport 0000:00:1c.1: setting latency timer to 64
[    0.319551] pcieport 0000:00:1c.2: irq 26 for MSI/MSI-X
[    0.319563] pcieport 0000:00:1c.2: setting latency timer to 64
[    0.319739] pcieport 0000:00:1c.3: irq 27 for MSI/MSI-X
[    0.319750] pcieport 0000:00:1c.3: setting latency timer to 64
[    0.319942] pcieport 0000:00:1c.4: irq 28 for MSI/MSI-X
[    0.319954] pcieport 0000:00:1c.4: setting latency timer to 64
[    0.320097] pci_hotplug: PCI Hot Plug PCI Core version: 0.5
[    0.320291] isapnp: Scanning for PnP cards...
[    0.680812] isapnp: No Plug & Play device found
[    0.700336] Serial: 8250/16550 driver, 4 ports, IRQ sharing enabled
[    3.711792] floppy0: no floppy controllers found
[    3.712738] brd: module loaded
[    3.713240] loop: module loaded
[    3.713332] Compaq SMART2 Driver (v 2.6.0)
[    3.713455] HP CISS Driver (v 3.6.20)
[    3.713696] input: Macintosh mouse button emulation as /devices/virtual/input/input0
[    3.713836] Uniform Multi-Platform E-IDE driver
[    3.714064] piix 0000:00:1f.1: IDE controller (0x8086:0x2850 rev 0x03)
[    3.714170] pci 0000:00:1f.1: PCI INT C -> GSI 16 (level, low) -> IRQ 16
[    3.714269] piix 0000:00:1f.1: IDE port disabled
[    3.714365] piix 0000:00:1f.1: not 100% native mode: will probe irqs later
[    3.714464]     ide0: BM-DMA at 0x1c00-0x1c07
[    3.714561] Probing IDE interface ide0...
[    4.385996] hda: HL-DT-ST DVDRAM GSA-U10N, ATAPI CD/DVD-ROM drive
[    4.692799] hda: host max PIO4 wanted PIO255(auto-tune) selected PIO4
[    4.693573] hda: UDMA/33 mode selected
[    4.694038] ide0 at 0x1f0-0x1f7,0x3f6 on irq 14
[    4.697940] ide-gd driver 1.18
[    4.698045] ide-cd driver 5.00
[    4.699431] ide-cd: hda: ATAPI 24X DVD-ROM DVD-R/RAM CD-R/RW drive, 2048kB Cache
[    4.699890] Uniform CD-ROM driver Revision: 3.20
[    4.706950] Loading iSCSI transport class v2.0-870.
[    4.707233] rdac: device handler registered
[    4.707324] hp_sw: device handler registered
[    4.707411] emc: device handler registered
[    4.707499] alua: device handler registered
[    4.708482] Adaptec aacraid driver 1.1-5[2461]-ms
[    4.708902] scsi: <fdomain> Detection failed (no card)
[    4.708994] sym53c416.c: Version 1.0.0-ac
[    4.709098] qlogicfas: no cards were found, please specify I/O address and IRQ using iobase= and irq= options
[    4.709219] QLogic Fibre Channel HBA Driver: 8.03.01-k6
[    4.709441] iscsi: registered transport (qla4xxx)
[    4.709550] QLogic iSCSI HBA Driver
[    4.709640] Emulex LightPulse Fibre Channel SCSI driver 8.3.4
[    4.709733] Copyright(c) 2004-2009 Emulex.  All rights reserved.
[    4.731786] Failed initialization of WD-7000 SCSI card!
[    4.821056] DC390: clustering now enabled by default. If you get problems load
[    4.821176]        with "disable_clustering=1" and report to maintainers
[    4.821312] megaraid cmm: 2.20.2.7 (Release Date: Sun Jul 16 00:01:03 EST 2006)
[    4.821460] megaraid: 2.20.5.1 (Release Date: Thu Nov 16 15:32:35 EST 2006)
[    4.821577] megasas: 00.00.04.01 Thu July 24 11:41:51 PST 2008
[    4.821711] GDT-HA: Storage RAID Controller Driver. Version: 3.05
[    4.821865] 3ware Storage Controller device driver for Linux v1.26.02.002.
[    4.821976] 3ware 9000 Storage Controller device driver for Linux v2.26.02.012.
[    4.822118] nsp32: loading...
[    4.822228] ipr: IBM Power RAID SCSI Device Driver version: 2.4.3 (June 10, 2009)
[    4.822371] RocketRAID 3xxx/4xxx Controller driver v1.6 (090910)
[    4.822482] stex: Promise SuperTrak EX Driver version: 4.6.0000.3
[    4.822618] st: Version 20081215, fixed bufsize 32768, s/g segs 256
[    4.822816] ahci 0000:00:1f.2: version 3.0
[    4.822832] ahci 0000:00:1f.2: PCI INT B -> GSI 16 (level, low) -> IRQ 16
[    4.822965] ahci 0000:00:1f.2: irq 29 for MSI/MSI-X
[    4.823020] ahci 0000:00:1f.2: AHCI 0001.0100 32 slots 3 ports 1.5 Gbps 0x5 impl SATA mode
[    4.823148] ahci 0000:00:1f.2: flags: 64bit ncq sntf pm led clo pio slum part ccc 
[    4.823282] ahci 0000:00:1f.2: setting latency timer to 64
[    4.823428] scsi2 : ahci
[    4.823588] scsi3 : ahci
[    4.823727] scsi4 : ahci
[    4.823909] ata1: SATA max UDMA/133 abar m2048@0xfe226000 port 0xfe226100 irq 29
[    4.824035] ata2: DUMMY
[    4.824125] ata3: SATA max UDMA/133 abar m2048@0xfe226000 port 0xfe226200 irq 29
[    4.824731] I2O subsystem v1.325
[    4.824836] i2o: max drivers = 8
[    4.824986] I2O Configuration OSM v1.323
[    4.825088] I2O Bus Adapter OSM v1.317
[    4.825191] I2O Block Device OSM v1.325
[    4.825339] I2O SCSI Peripheral OSM v1.316
[    4.825441] I2O ProcFS OSM v1.316
[    4.825549] Fusion MPT base driver 3.04.12
[    4.825637] Copyright (c) 1999-2008 LSI Corporation
[    4.825728] Fusion MPT SPI Host driver 3.04.12
[    4.825894] Fusion MPT FC Host driver 3.04.12
[    4.826007] Fusion MPT SAS Host driver 3.04.12
[    4.826162] ohci1394 0000:15:00.1: PCI INT B -> GSI 17 (level, low) -> IRQ 17
[    4.826261] ohci1394 0000:15:00.1: setting latency timer to 64
[    4.879802] ohci1394: fw-host0: OHCI-1394 1.1 (PCI): IRQ=[17]  MMIO=[f8301000-f83017ff]  Max Packet=[2048]  IR/IT contexts=[4/4]
[    4.884072] ehci_hcd: USB 2.0 'Enhanced' Host Controller (EHCI) Driver
[    4.884379] ehci_hcd 0000:00:1a.7: power state changed by ACPI to D0
[    4.884625] ehci_hcd 0000:00:1a.7: power state changed by ACPI to D0
[    4.884724] ehci_hcd 0000:00:1a.7: PCI INT C -> GSI 22 (level, low) -> IRQ 22
[    4.884831] ehci_hcd 0000:00:1a.7: setting latency timer to 64
[    4.884836] ehci_hcd 0000:00:1a.7: EHCI Host Controller
[    4.884975] ehci_hcd 0000:00:1a.7: new USB bus registered, assigned bus number 1
[    4.889014] ehci_hcd 0000:00:1a.7: cache line size of 32 is not supported
[    4.889021] ehci_hcd 0000:00:1a.7: irq 22, io mem 0xfe226c00
[    4.898764] ehci_hcd 0000:00:1a.7: USB 2.0 started, EHCI 1.00
[    4.898870] usb usb1: New USB device found, idVendor=1d6b, idProduct=0002
[    4.898962] usb usb1: New USB device strings: Mfr=3, Product=2, SerialNumber=1
[    4.899083] usb usb1: Product: EHCI Host Controller
[    4.899172] usb usb1: Manufacturer: Linux 2.6.32.57 ehci_hcd
[    4.899260] usb usb1: SerialNumber: 0000:00:1a.7
[    4.899400] usb usb1: configuration #1 chosen from 1 choice
[    4.899522] hub 1-0:1.0: USB hub found
[    4.899623] hub 1-0:1.0: 4 ports detected
[    4.899938] ehci_hcd 0000:00:1d.7: power state changed by ACPI to D0
[    4.900182] ehci_hcd 0000:00:1d.7: power state changed by ACPI to D0
[    4.900282] ehci_hcd 0000:00:1d.7: PCI INT D -> GSI 19 (level, low) -> IRQ 19
[    4.900388] ehci_hcd 0000:00:1d.7: setting latency timer to 64
[    4.900393] ehci_hcd 0000:00:1d.7: EHCI Host Controller
[    4.900518] ehci_hcd 0000:00:1d.7: new USB bus registered, assigned bus number 2
[    4.900672] ehci_hcd 0000:00:1d.7: debug port 1
[    4.904668] ehci_hcd 0000:00:1d.7: cache line size of 32 is not supported
[    4.904675] ehci_hcd 0000:00:1d.7: irq 19, io mem 0xfe227000
[    4.914764] ehci_hcd 0000:00:1d.7: USB 2.0 started, EHCI 1.00
[    4.914873] usb usb2: New USB device found, idVendor=1d6b, idProduct=0002
[    4.914966] usb usb2: New USB device strings: Mfr=3, Product=2, SerialNumber=1
[    4.915085] usb usb2: Product: EHCI Host Controller
[    4.915171] usb usb2: Manufacturer: Linux 2.6.32.57 ehci_hcd
[    4.915261] usb usb2: SerialNumber: 0000:00:1d.7
[    4.915402] usb usb2: configuration #1 chosen from 1 choice
[    4.915523] hub 2-0:1.0: USB hub found
[    4.915612] hub 2-0:1.0: 6 ports detected
[    4.915796] 116x: driver isp116x-hcd, 03 Nov 2005
[    4.915901] ohci_hcd: USB 1.1 'Open' Host Controller (OHCI) Driver
[    4.916015] uhci_hcd: USB Universal Host Controller Interface driver
[    4.916124] uhci_hcd 0000:00:1a.0: PCI INT A -> GSI 20 (level, low) -> IRQ 20
[    4.916221] uhci_hcd 0000:00:1a.0: setting latency timer to 64
[    4.916226] uhci_hcd 0000:00:1a.0: UHCI Host Controller
[    4.916353] uhci_hcd 0000:00:1a.0: new USB bus registered, assigned bus number 3
[    4.916505] uhci_hcd 0000:00:1a.0: irq 20, io base 0x00001860
[    4.916619] usb usb3: New USB device found, idVendor=1d6b, idProduct=0001
[    4.916711] usb usb3: New USB device strings: Mfr=3, Product=2, SerialNumber=1
[    4.916839] usb usb3: Product: UHCI Host Controller
[    4.916927] usb usb3: Manufacturer: Linux 2.6.32.57 uhci_hcd
[    4.917021] usb usb3: SerialNumber: 0000:00:1a.0
[    4.917161] usb usb3: configuration #1 chosen from 1 choice
[    4.917282] hub 3-0:1.0: USB hub found
[    4.917374] hub 3-0:1.0: 2 ports detected
[    4.917665] uhci_hcd 0000:00:1a.1: power state changed by ACPI to D0
[    4.917911] uhci_hcd 0000:00:1a.1: power state changed by ACPI to D0
[    4.918008] uhci_hcd 0000:00:1a.1: PCI INT B -> GSI 21 (level, low) -> IRQ 21
[    4.918107] uhci_hcd 0000:00:1a.1: setting latency timer to 64
[    4.918112] uhci_hcd 0000:00:1a.1: UHCI Host Controller
[    4.918244] uhci_hcd 0000:00:1a.1: new USB bus registered, assigned bus number 4
[    4.918396] uhci_hcd 0000:00:1a.1: irq 21, io base 0x00001880
[    4.918508] usb usb4: New USB device found, idVendor=1d6b, idProduct=0001
[    4.918604] usb usb4: New USB device strings: Mfr=3, Product=2, SerialNumber=1
[    4.918722] usb usb4: Product: UHCI Host Controller
[    4.918819] usb usb4: Manufacturer: Linux 2.6.32.57 uhci_hcd
[    4.918913] usb usb4: SerialNumber: 0000:00:1a.1
[    4.919044] usb usb4: configuration #1 chosen from 1 choice
[    4.919160] hub 4-0:1.0: USB hub found
[    4.919250] hub 4-0:1.0: 2 ports detected
[    4.919555] uhci_hcd 0000:00:1d.0: power state changed by ACPI to D0
[    4.919819] uhci_hcd 0000:00:1d.0: power state changed by ACPI to D0
[    4.919920] uhci_hcd 0000:00:1d.0: PCI INT A -> GSI 16 (level, low) -> IRQ 16
[    4.920022] uhci_hcd 0000:00:1d.0: setting latency timer to 64
[    4.920027] uhci_hcd 0000:00:1d.0: UHCI Host Controller
[    4.920159] uhci_hcd 0000:00:1d.0: new USB bus registered, assigned bus number 5
[    4.920310] uhci_hcd 0000:00:1d.0: irq 16, io base 0x000018a0
[    4.920424] usb usb5: New USB device found, idVendor=1d6b, idProduct=0001
[    4.920513] usb usb5: New USB device strings: Mfr=3, Product=2, SerialNumber=1
[    4.920635] usb usb5: Product: UHCI Host Controller
[    4.920724] usb usb5: Manufacturer: Linux 2.6.32.57 uhci_hcd
[    4.920821] usb usb5: SerialNumber: 0000:00:1d.0
[    4.920958] usb usb5: configuration #1 chosen from 1 choice
[    4.921079] hub 5-0:1.0: USB hub found
[    4.921172] hub 5-0:1.0: 2 ports detected
[    4.921319] uhci_hcd 0000:00:1d.1: PCI INT B -> GSI 17 (level, low) -> IRQ 17
[    4.921418] uhci_hcd 0000:00:1d.1: setting latency timer to 64
[    4.921421] uhci_hcd 0000:00:1d.1: UHCI Host Controller
[    4.921554] uhci_hcd 0000:00:1d.1: new USB bus registered, assigned bus number 6
[    4.921697] uhci_hcd 0000:00:1d.1: irq 17, io base 0x000018c0
[    4.921817] usb usb6: New USB device found, idVendor=1d6b, idProduct=0001
[    4.921909] usb usb6: New USB device strings: Mfr=3, Product=2, SerialNumber=1
[    4.922029] usb usb6: Product: UHCI Host Controller
[    4.922119] usb usb6: Manufacturer: Linux 2.6.32.57 uhci_hcd
[    4.922213] usb usb6: SerialNumber: 0000:00:1d.1
[    4.922349] usb usb6: configuration #1 chosen from 1 choice
[    4.922469] hub 6-0:1.0: USB hub found
[    4.922566] hub 6-0:1.0: 2 ports detected
[    4.922877] uhci_hcd 0000:00:1d.2: power state changed by ACPI to D0
[    4.923125] uhci_hcd 0000:00:1d.2: power state changed by ACPI to D0
[    4.923224] uhci_hcd 0000:00:1d.2: PCI INT C -> GSI 18 (level, low) -> IRQ 18
[    4.923324] uhci_hcd 0000:00:1d.2: setting latency timer to 64
[    4.923327] uhci_hcd 0000:00:1d.2: UHCI Host Controller
[    4.923455] uhci_hcd 0000:00:1d.2: new USB bus registered, assigned bus number 7
[    4.923606] uhci_hcd 0000:00:1d.2: irq 18, io base 0x000018e0
[    4.923723] usb usb7: New USB device found, idVendor=1d6b, idProduct=0001
[    4.923822] usb usb7: New USB device strings: Mfr=3, Product=2, SerialNumber=1
[    4.923944] usb usb7: Product: UHCI Host Controller
[    4.924032] usb usb7: Manufacturer: Linux 2.6.32.57 uhci_hcd
[    4.924123] usb usb7: SerialNumber: 0000:00:1d.2
[    4.924919] usb usb7: configuration #1 chosen from 1 choice
[    4.925037] hub 7-0:1.0: USB hub found
[    4.925127] hub 7-0:1.0: 2 ports detected
[    4.925285] sl811: driver sl811-hcd, 19 May 2005
[    4.925393] r8a66597_hcd: driver r8a66597_hcd, 2009-05-26
[    4.925560] Initializing USB Mass Storage driver...
[    4.925688] usbcore: registered new interface driver usb-storage
[    4.925793] USB Mass Storage support registered.
[    4.925899] usbcore: registered new interface driver ums-alauda
[    4.926007] usbcore: registered new interface driver ums-cypress
[    4.926118] usbcore: registered new interface driver ums-datafab
[    4.926225] usbcore: registered new interface driver ums-freecom
[    4.926333] usbcore: registered new interface driver ums-isd200
[    4.926443] usbcore: registered new interface driver ums-jumpshot
[    4.926553] usbcore: registered new interface driver ums-karma
[    4.926661] usbcore: registered new interface driver ums-onetouch
[    4.926785] usbcore: registered new interface driver ums-sddr09
[    4.926893] usbcore: registered new interface driver ums-sddr55
[    4.927000] usbcore: registered new interface driver ums-usbat
[    4.927147] PNP: PS/2 Controller [PNP0303:KBD,PNP0f13:MOU] at 0x60,0x64 irq 1,12
[    4.935946] serio: i8042 KBD port at 0x60,0x64 irq 1
[    4.936036] serio: i8042 AUX port at 0x60,0x64 irq 12
[    4.936282] mice: PS/2 mouse device common for all mice
[    4.936396] i2c /dev entries driver
[    4.936528] md: linear personality registered for level -1
[    4.936617] md: raid0 personality registered for level 0
[    4.936710] md: raid1 personality registered for level 1
[    4.936810] md: raid10 personality registered for level 10
[    4.936898] md: raid6 personality registered for level 6
[    4.936986] md: raid5 personality registered for level 5
[    4.937084] md: raid4 personality registered for level 4
[    4.937174] md: multipath personality registered for level -4
[    4.937366] device-mapper: ioctl: 4.15.0-ioctl (2009-04-01) initialised: dm-devel@redhat.com
[    4.937573] cpuidle: using governor ladder
[    4.938182] usbcore: registered new interface driver usbhid
[    4.938279] usbhid: v2.6:USB HID core driver
[    4.938448] TCP cubic registered
[    4.938538] Initializing XFRM netlink socket
[    4.938630] NET: Registered protocol family 17
[    4.938736] Using IPI Shortcut mode
[    4.940984] input: AT Translated Set 2 keyboard as /devices/platform/i8042/serio0/input/input1
[    5.130772] ata1: SATA link up 1.5 Gbps (SStatus 113 SControl 300)
[    5.130881] ata3: SATA link down (SStatus 0 SControl 300)
[    5.133137] ata1.00: ACPI cmd ef/02:00:00:00:00:a0 (SET FEATURES) succeeded
[    5.133140] ata1.00: ACPI cmd f5/00:00:00:00:00:a0 (SECURITY FREEZE LOCK) filtered out
[    5.134524] ata1.00: ACPI cmd ef/5f:00:00:00:00:a0 (SET FEATURES) succeeded
[    5.134527] ata1.00: ACPI cmd ef/10:03:00:00:00:a0 (SET FEATURES) filtered out
[    5.136436] ata1.00: ATA-7: ST910021AS, 4.06, max UDMA/100
[    5.136526] ata1.00: 195371568 sectors, multi 16: LBA48 
[    5.138679] ata1.00: ACPI cmd ef/02:00:00:00:00:a0 (SET FEATURES) succeeded
[    5.138682] ata1.00: ACPI cmd f5/00:00:00:00:00:a0 (SECURITY FREEZE LOCK) filtered out
[    5.140073] ata1.00: ACPI cmd ef/5f:00:00:00:00:a0 (SET FEATURES) succeeded
[    5.140076] ata1.00: ACPI cmd ef/10:03:00:00:00:a0 (SET FEATURES) filtered out
[    5.142000] ata1.00: configured for UDMA/100
[    5.152823] scsi 2:0:0:0: Direct-Access     ATA      ST910021AS       4.06 PQ: 0 ANSI: 5
[    5.153103] sd 2:0:0:0: [sda] 195371568 512-byte logical blocks: (100 GB/93.1 GiB)
[    5.153244] sd 2:0:0:0: [sda] Write Protect is off
[    5.153333] sd 2:0:0:0: [sda] Mode Sense: 00 3a 00 00
[    5.153346] sd 2:0:0:0: [sda] Write cache: enabled, read cache: enabled, doesn't support DPO or FUA
[    5.153535]  sda:
[    5.218759] usb 2-1: new high speed USB device using ehci_hcd and address 2
[    5.366083] usb 2-1: New USB device found, idVendor=0e8d, idProduct=1806
[    5.366175] usb 2-1: New USB device strings: Mfr=1, Product=2, SerialNumber=3
[    5.366265] usb 2-1: Product: MT1806 
[    5.366346] usb 2-1: Manufacturer: MediaTek Inc
[    5.366429] usb 2-1: SerialNumber: R8KN6GAC800AEB 
[    5.366566] usb 2-1: configuration #1 chosen from 1 choice
[    5.373000] scsi5 : SCSI emulation for USB Mass Storage devices
[    5.373166] usb-storage: device found at 2
[    5.373167] usb-storage: waiting for device to settle before scanning
[    5.582414]  sda1 sda2
[    5.583137] sd 2:0:0:0: [sda] Attached SCSI disk
[    5.583231] RANDOM - __seed init called.
[    5.583232] RANDOM - __seed init called.
[    5.583233] RANDOM - __seed init called.
[    5.583235] RANDOM - __random32 called. Change num 12.  Value: 8212731b	5ef0a819	81c78f68
[    5.583237] RANDOM - random32_reseed called.  Value: 8212731b	5ef0a819	81c78f68
[    5.583729] md: Waiting for all devices to be available before autodetect
[    5.583822] md: If you don't use raid, use raid=noautodetect
[    5.583990] md: Autodetecting RAID arrays.
[    5.584082] md: Scanned 0 and added 0 devices.
[    5.584174] md: autorun ...
[    5.584257] md: ... autorun DONE.
[    5.606837] EXT3-fs: sda2: couldn't mount because of unsupported optional features (240).
[    5.607066] EXT2-fs: sda2: couldn't mount because of unsupported optional features (240).
[    5.636588] EXT4-fs (sda2): mounted filesystem with ordered data mode
[    5.636792] VFS: Mounted root (ext4 filesystem) readonly on device 8:2.
[    5.636903] Freeing unused kernel memory: 448k freed
[    6.157156] ieee1394: Host added: ID:BUS[0-00:1023]  GUID[00061b032a25f51c]
[    6.978151] sd 2:0:0:0: Attached scsi generic sg0 type 0
[    7.203666] e1000e: Intel(R) PRO/1000 Network Driver - 1.0.2-k2
[    7.203768] e1000e: Copyright (c) 1999-2008 Intel Corporation.
[    7.203918] e1000e 0000:00:19.0: PCI INT A -> GSI 20 (level, low) -> IRQ 20
[    7.204024] e1000e 0000:00:19.0: setting latency timer to 64
[    7.204123] e1000e 0000:00:19.0: irq 30 for MSI/MSI-X
[    7.277431] ACPI: WMI: Mapper loaded
[    7.316951] input: Lid Switch as /devices/LNXSYSTM:00/LNXSYBUS:00/PNP0C0D:00/input/input2
[    7.317679] ACPI: Lid Switch [LID]
[    7.317809] input: Sleep Button as /devices/LNXSYSTM:00/LNXSYBUS:00/PNP0C0E:00/input/input3
[    7.317961] ACPI: Sleep Button [SLPB]
[    7.318088] input: Power Button as /devices/LNXSYSTM:00/LNXPWRBN:00/input/input4
[    7.318230] ACPI: Power Button [PWRF]
[    7.394210] ACPI: SSDT 3d6e1b32 002C4 (v01  PmRef  Cpu0Ist 00000100 INTL 20050513)
[    7.394946] ACPI: SSDT 3d6e1e7b 0085E (v01  PmRef  Cpu0Cst 00000100 INTL 20050513)
[    7.419909] Monitor-Mwait will be used to enter C-1 state
[    7.419912] Monitor-Mwait will be used to enter C-2 state
[    7.419914] Monitor-Mwait will be used to enter C-3 state
[    7.419916] Marking TSC unstable due to TSC halts in idle
[    7.420093] processor LNXCPU:00: registered as cooling_device0
[    7.421328] thermal LNXTHERM:01: registered as thermal_zone0
[    7.421426] ACPI: Thermal Zone [THM0] (59 C)
[    7.422937] thermal LNXTHERM:02: registered as thermal_zone1
[    7.423042] ACPI: Thermal Zone [THM1] (56 C)
[    7.431995] Switching to clocksource hpet
[    7.434895] rtc_cmos 00:07: RTC can wake from S4
[    7.435087] rtc_cmos 00:07: rtc core: registered rtc_cmos as rtc0
[    7.435208] rtc0: alarms up to one month, y3k, 114 bytes nvram, hpet irqs
[    7.477402] Non-volatile memory driver v1.3
[    7.662513] Linux agpgart interface v0.103
[    7.769260] RANDOM - __random32 called. Change num 1.  Value: 2731b98e	ef0a8192	1ed1ff7e
[    7.769262] RANDOM - random32 called.  Value: 2731b98e	ef0a8192	1ed1ff7e
[    7.769288] 0000:00:19.0: eth0: (PCI Express:2.5GB/s:Width x1) 00:1e:37:d4:95:86
[    7.769416] 0000:00:19.0: eth0: Intel(R) PRO/1000 Network Connection
[    7.769537] 0000:00:19.0: eth0: MAC: 6, PHY: 6, PBA No: 1008ff-0ff
[    7.769803] i801_smbus 0000:00:1f.3: PCI INT A -> GSI 23 (level, low) -> IRQ 23
[    8.030296] Synaptics Touchpad, model: 1, fw: 6.2, id: 0x81a0b1, caps: 0xa04791/0x300000/0x0
[    8.030427] serio: Synaptics pass-through port at isa0060/serio1/input0
[    8.076853] input: SynPS/2 Synaptics TouchPad as /devices/platform/i8042/serio1/input/input5
[   10.383697] scsi 5:0:0:0: CD-ROM            TSSTcorp CDDVDW SE-208AB  TS03 PQ: 0 ANSI: 0
[   10.416686] sr0: scsi3-mmc drive: 24x/24x writer dvd-ram cd/rw xa/form2 cdda tray
[   10.416882] sr 5:0:0:0: Attached scsi CD-ROM sr0
[   10.416952] sr 5:0:0:0: Attached scsi generic sg1 type 5
[   10.417682] usb-storage: device scan complete
[   13.627543] IBM TrackPoint firmware: 0x0e, buttons: 3/3
[   13.858651] input: TPPS/2 IBM TrackPoint as /devices/platform/i8042/serio1/serio2/input/input6
[   17.384101] ACPI: Battery Slot [BAT0] (battery present)
[   17.385710] ACPI: AC Adapter [AC] (on-line)
[   17.907730] agpgart-intel 0000:00:00.0: Intel 965GM Chipset
[   17.908301] agpgart-intel 0000:00:00.0: detected 7676K stolen memory
[   17.912751] agpgart-intel 0000:00:00.0: AGP aperture is 256M @ 0xe0000000
[   17.923387] yenta_cardbus 0000:15:00.0: CardBus bridge found [17aa:20c6]
[   17.942608] thinkpad_acpi: ThinkPad ACPI Extras v0.23
[   17.942696] thinkpad_acpi: http://ibm-acpi.sf.net/
[   17.942786] thinkpad_acpi: ThinkPad BIOS 7LETB7WW (2.17 ), EC 7KHT24WW-1.08
[   17.942879] thinkpad_acpi: Lenovo ThinkPad R61, model 7732CTO
[   17.945043] thinkpad_acpi: ACPI backlight control delay disabled
[   17.945360] thinkpad_acpi: radio switch found; radios are enabled
[   17.945580] thinkpad_acpi: This ThinkPad has standard ACPI backlight brightness control, supported by the ACPI video driver
[   17.945706] thinkpad_acpi: Disabling thinkpad-acpi brightness events by default...
[   17.950678] Registered led device: tpacpi::thinklight
[   17.950790] Registered led device: tpacpi::power
[   17.950888] Registered led device: tpacpi::standby
[   17.950997] Registered led device: tpacpi::thinkvantage
[   17.954586] thinkpad_acpi: Standard ACPI backlight interface available, not loading native one.
[   17.955016] input: ThinkPad Extra Buttons as /devices/platform/thinkpad_acpi/input/input7
[   18.002479] HDA Intel 0000:00:1b.0: PCI INT B -> GSI 17 (level, low) -> IRQ 17
[   18.002605] hda_intel: probe_mask set to 0x1 for device 17aa:20ac
[   18.002715] HDA Intel 0000:00:1b.0: setting latency timer to 64
[   18.045738] yenta_cardbus 0000:15:00.0: ISA IRQ mask 0x0cb8, PCI irq 16
[   18.045831] yenta_cardbus 0000:15:00.0: Socket status: 30000820
[   18.045932] yenta_cardbus 0000:15:00.0: pcmcia: parent PCI bridge I/O window: 0x7000 - 0xafff
[   18.046057] pcmcia_socket pcmcia_socket0: cs: IO port probe 0x7000-0xafff: clean.
[   18.046937] yenta_cardbus 0000:15:00.0: pcmcia: parent PCI bridge Memory window: 0xf8300000 - 0xfbffffff
[   18.047062] yenta_cardbus 0000:15:00.0: pcmcia: parent PCI bridge Memory window: 0xf4000000 - 0xf7ffffff
[   18.670939] pcmcia_socket pcmcia_socket0: pccard: CardBus card inserted into slot 0
[   18.671798] pci 0000:16:00.0: reg 10 32bit mmio: [0x000000-0x00ffff]
[   18.707638] pcmcia_socket pcmcia_socket0: cs: IO port probe 0xc00-0xcff: clean.
[   18.708408] pcmcia_socket pcmcia_socket0: cs: IO port probe 0x3e0-0x4ff: excluding 0x4d0-0x4d7
[   18.709327] pcmcia_socket pcmcia_socket0: cs: IO port probe 0x100-0x3af: clean.
[   18.711050] pcmcia_socket pcmcia_socket0: cs: IO port probe 0xa00-0xaff: clean.
[   18.787392] Adding 4200956k swap on /dev/sda1.  Priority:-1 extents:1 across:4200956k 
[   18.862333] fuse init (API version 7.13)
[   20.575765] lp: driver loaded but no devices found
[   20.584360] ppdev: user-space parallel port driver
[   20.642001] powernow: This module only works with AMD K7 CPUs
[   20.694953] cpufreq-nforce2: No nForce2 chipset.
[   30.479354] RANDOM - __seed init called.
[   30.479362] RANDOM - srandom32 called with seed 16777343. Change num 2 Value: 2631b9f1	ef0a8192	1ed1ff7e
[   30.479370] Pid: 3094, comm: ifconfig Not tainted 2.6.32.57 #1
[   30.479374] Call Trace:
[   30.479389]  [<c165292f>] ? __inet_insert_ifa+0xef/0x150
[   30.479398]  [<c1653fee>] ? devinet_ioctl+0x44e/0x6f0
[   30.479407]  [<c108bceb>] ? __link_path_walk+0x7b/0xd50
[   30.479416]  [<c15f818b>] ? sock_ioctl+0x6b/0x260
[   30.479423]  [<c106ae89>] ? __do_fault+0x339/0x420
[   30.479429]  [<c15f8120>] ? sock_ioctl+0x0/0x260
[   30.479436]  [<c108f01f>] ? vfs_ioctl+0x1f/0x70
[   30.479443]  [<c108f5fb>] ? do_vfs_ioctl+0x39b/0x5c0
[   30.479450]  [<c106c973>] ? handle_mm_fault+0x1b3/0x790
[   30.479458]  [<c108f886>] ? sys_ioctl+0x66/0x70
[   30.479464]  [<c1002da5>] ? syscall_call+0x7/0xb
[   30.565876] RANDOM - __seed init called.
[   30.565883] RANDOM - srandom32 called with seed -446697596. Change num 3 Value: c36e5675	ef0a8192	1ed1ff7e
[   30.565891] Pid: 3117, comm: ifconfig Not tainted 2.6.32.57 #1
[   30.565895] Call Trace:
[   30.565907]  [<c165292f>] ? __inet_insert_ifa+0xef/0x150
[   30.565916]  [<c1653fee>] ? devinet_ioctl+0x44e/0x6f0
[   30.565924]  [<c108bceb>] ? __link_path_walk+0x7b/0xd50
[   30.565932]  [<c15f818b>] ? sock_ioctl+0x6b/0x260
[   30.565938]  [<c106ae89>] ? __do_fault+0x339/0x420
[   30.565945]  [<c15f8120>] ? sock_ioctl+0x0/0x260
[   30.565952]  [<c108f01f>] ? vfs_ioctl+0x1f/0x70
[   30.565959]  [<c108f5fb>] ? do_vfs_ioctl+0x39b/0x5c0
[   30.565966]  [<c106c973>] ? handle_mm_fault+0x1b3/0x790
[   30.565974]  [<c108f886>] ? sys_ioctl+0x66/0x70
[   30.565980]  [<c1002da5>] ? syscall_call+0x7/0xb
[   30.706162] e1000e 0000:00:19.0: irq 30 for MSI/MSI-X
[   30.756904] e1000e 0000:00:19.0: irq 30 for MSI/MSI-X
[   30.757645] RANDOM - __seed init called.
[   30.757652] RANDOM - srandom32 called with seed -446697596. Change num 4 Value: 2631b9f1	ef0a8192	1ed1ff7e
[   30.757659] Pid: 3117, comm: ifconfig Not tainted 2.6.32.57 #1
[   30.757663] Call Trace:
[   30.757673]  [<c165292f>] ? __inet_insert_ifa+0xef/0x150
[   30.757681]  [<c1653e19>] ? devinet_ioctl+0x279/0x6f0
[   30.757689]  [<c16061b5>] ? __dev_get_by_name+0x75/0x90
[   30.757697]  [<c15f818b>] ? sock_ioctl+0x6b/0x260
[   30.757704]  [<c15f8120>] ? sock_ioctl+0x0/0x260
[   30.757711]  [<c108f01f>] ? vfs_ioctl+0x1f/0x70
[   30.757718]  [<c108f5fb>] ? do_vfs_ioctl+0x39b/0x5c0
[   30.757725]  [<c106c973>] ? handle_mm_fault+0x1b3/0x790
[   30.757733]  [<c108f886>] ? sys_ioctl+0x66/0x70
[   30.757739]  [<c1002da5>] ? syscall_call+0x7/0xb
[   30.759068] RANDOM - __seed init called.
[   30.759075] RANDOM - srandom32 called with seed -446697596. Change num 5 Value: c36e5675	ef0a8192	1ed1ff7e
[   30.759082] Pid: 3117, comm: ifconfig Not tainted 2.6.32.57 #1
[   30.759086] Call Trace:
[   30.759094]  [<c165292f>] ? __inet_insert_ifa+0xef/0x150
[   30.759103]  [<c1653e19>] ? devinet_ioctl+0x279/0x6f0
[   30.759110]  [<c16061b5>] ? __dev_get_by_name+0x75/0x90
[   30.759118]  [<c15f818b>] ? sock_ioctl+0x6b/0x260
[   30.759124]  [<c106ae89>] ? __do_fault+0x339/0x420
[   30.759131]  [<c15f8120>] ? sock_ioctl+0x0/0x260
[   30.759138]  [<c108f01f>] ? vfs_ioctl+0x1f/0x70
[   30.759145]  [<c108f5fb>] ? do_vfs_ioctl+0x39b/0x5c0
[   30.759151]  [<c106c973>] ? handle_mm_fault+0x1b3/0x790
[   30.759159]  [<c10226a4>] ? pick_next_task_fair+0x64/0xb0
[   30.759167]  [<c108f886>] ? sys_ioctl+0x66/0x70
[   30.759173]  [<c1002da5>] ? syscall_call+0x7/0xb
[   31.297666] UDP snum after finding: 25
[   31.298496] UDP snum after finding: 200
[   31.542852] NET: Registered protocol family 10
[   31.542899] RANDOM - __random32 called. Change num 6.  Value: e5674134	f0a81929	fefd0bc0
[   31.542905] RANDOM - random32 called.  Value: e5674134	f0a81929	fefd0bc0
[   31.543070] RANDOM - __random32 called. Change num 7.  Value: 741341a8	a819299	178122aa
[   31.543075] RANDOM - random32 called.  Value: 741341a8	a819299	178122aa
[   31.543122] RANDOM - __random32 called. Change num 8.  Value: 341a8384	a8192990	45557106
[   31.543127] RANDOM - random32 called.  Value: 341a8384	a8192990	45557106
[   31.543188] ADDRCONF(NETDEV_UP): eth0: link is not ready
[   31.551663] RANDOM - __random32 called. Change num 9.  Value: a8384c8d	81929904	e20dffdf
[   31.551670] RANDOM - random32 called.  Value: a8384c8d	81929904	e20dffdf
[   31.551675] UDP rand value before processing cba72a56
[   31.551678] UDP first value d7bb before processing
[   31.551682] UDP snum after finding: d7bb
[   31.551701] RANDOM - __random32 called. Change num 10.  Value: 84c8d435	19299043	ffbe4c40
[   31.551706] RANDOM - random32 called.  Value: 84c8d435	19299043	ffbe4c40
[   31.551710] UDP rand value before processing 625f0836
[   31.551713] UDP first value aa60 before processing
[   31.551716] UDP snum after finding: aa60
[   33.896294] e1000e: eth0 NIC Link is Up 1000 Mbps Full Duplex, Flow Control: None
[   33.896525] ADDRCONF(NETDEV_CHANGE): eth0: link becomes ready
[   33.896576] RANDOM - __random32 called. Change num 11.  Value: 8d4353c9	9299043e	98804985
[   33.896579] RANDOM - random32 called.  Value: 8d4353c9	9299043e	98804985
[   33.896582] RANDOM - __seed init called.
[   33.896586] RANDOM - srandom32 called with seed -2037000962. Change num 12 Value: bd68737	9299043e	98804985
[   33.896591] Pid: 4, comm: events/0 Not tainted 2.6.32.57 #1
[   33.896594] Call Trace:
[   33.896608]  [<f8bb9ce6>] ? addrconf_dad_start+0x26/0x100 [ipv6]
[   33.896618]  [<f8bb9e22>] ? addrconf_add_linklocal+0x62/0x80 [ipv6]
[   33.896627]  [<f8bbbdc7>] ? addrconf_notify+0x5f7/0x9e0 [ipv6]
[   33.896635]  [<c1607cc2>] ? net_rx_action+0x92/0x120
[   33.896641]  [<c102ad74>] ? __do_softirq+0x84/0xf0
[   33.896646]  [<c1004893>] ? do_IRQ+0x43/0xb0
[   33.896650]  [<c10033a9>] ? common_interrupt+0x29/0x30
[   33.896655]  [<c16279b4>] ? rt_cache_flush+0xa4/0xd0
[   33.896660]  [<c103ba96>] ? notifier_call_chain+0x36/0x70
[   33.896665]  [<c103bbf7>] ? raw_notifier_call_chain+0x17/0x20
[   33.896670]  [<c16092f1>] ? netdev_state_change+0x21/0x30
[   33.896675]  [<c1612fc8>] ? __linkwatch_run_queue+0x118/0x1b0
[   33.896679]  [<c1613060>] ? linkwatch_event+0x0/0x20
[   33.896684]  [<c1613078>] ? linkwatch_event+0x18/0x20
[   33.896688]  [<c103519e>] ? worker_thread+0xde/0x190
[   33.896693]  [<c10382c0>] ? autoremove_wake_function+0x0/0x50
[   33.896715]  [<c10350c0>] ? worker_thread+0x0/0x190
[   33.896719]  [<c1037f14>] ? kthread+0x74/0x80
[   33.896724]  [<c1037ea0>] ? kthread+0x0/0x80
[   33.896728]  [<c10035e7>] ? kernel_thread_helper+0x7/0x10
[   33.896731] RANDOM - __random32 called. Change num 13.  Value: 68737b66	299043ec	930b9040
[   33.896735] RANDOM - random32 called.  Value: 68737b66	299043ec	930b9040
[   33.896738] RANDOM - __random32 called. Change num 14.  Value: 37b660e3	99043ec7	20816ae2
[   33.896742] RANDOM - random32 called.  Value: 37b660e3	99043ec7	20816ae2
[   33.897722] RANDOM - __random32 called. Change num 15.  Value: 660e3f75	9043ec7e	d5c49147
[   33.897726] RANDOM - random32 called.  Value: 660e3f75	9043ec7e	d5c49147
