[    0.000000] Linux version 2.6.32.57 (dcashman@dcashman-02) (gcc version 4.3.3 (GCC) ) #1 Thu May 23 04:51:19 PDT 2013
[    0.000000] KERNEL supported cpus:
[    0.000000]   Intel GenuineIntel
[    0.000000]   AMD AuthenticAMD
[    0.000000]   NSC Geode by NSC
[    0.000000]   Cyrix CyrixInstead
[    0.000000]   Centaur CentaurHauls
[    0.000000]   Transmeta GenuineTMx86
[    0.000000]   Transmeta TransmetaCPU
[    0.000000]   UMC UMC UMC UMC
[    0.000000] BIOS-provided physical RAM map:
[    0.000000]  BIOS-e820: 0000000000000000 - 000000000009d800 (usable)
[    0.000000]  BIOS-e820: 000000000009d800 - 00000000000a0000 (reserved)
[    0.000000]  BIOS-e820: 00000000000d2000 - 00000000000d4000 (reserved)
[    0.000000]  BIOS-e820: 00000000000e0000 - 0000000000100000 (reserved)
[    0.000000]  BIOS-e820: 0000000000100000 - 000000003d6b0000 (usable)
[    0.000000]  BIOS-e820: 000000003d6b0000 - 000000003d6cc000 (ACPI data)
[    0.000000]  BIOS-e820: 000000003d6cc000 - 000000003d700000 (ACPI NVS)
[    0.000000]  BIOS-e820: 000000003d700000 - 000000003e000000 (reserved)
[    0.000000]  BIOS-e820: 00000000f0000000 - 00000000f4000000 (reserved)
[    0.000000]  BIOS-e820: 00000000fec00000 - 00000000fec10000 (reserved)
[    0.000000]  BIOS-e820: 00000000fed00000 - 00000000fed00400 (reserved)
[    0.000000]  BIOS-e820: 00000000fed14000 - 00000000fed1a000 (reserved)
[    0.000000]  BIOS-e820: 00000000fed1c000 - 00000000fed90000 (reserved)
[    0.000000]  BIOS-e820: 00000000fee00000 - 00000000fee01000 (reserved)
[    0.000000]  BIOS-e820: 00000000ff000000 - 0000000100000000 (reserved)
[    0.000000] DMI present.
[    0.000000] last_pfn = 0x3d6b0 max_arch_pfn = 0x100000
[    0.000000] MTRR default type: uncachable
[    0.000000] MTRR fixed ranges enabled:
[    0.000000]   00000-9FFFF write-back
[    0.000000]   A0000-BFFFF uncachable
[    0.000000]   C0000-CFFFF write-protect
[    0.000000]   D0000-DFFFF uncachable
[    0.000000]   E0000-FFFFF write-protect
[    0.000000] MTRR variable ranges enabled:
[    0.000000]   0 base 03E000000 mask FFE000000 uncachable
[    0.000000]   1 base 000000000 mask FC0000000 write-back
[    0.000000]   2 base 03D700000 mask FFFF00000 uncachable
[    0.000000]   3 base 03D800000 mask FFF800000 uncachable
[    0.000000]   4 disabled
[    0.000000]   5 disabled
[    0.000000]   6 disabled
[    0.000000]   7 disabled
[    0.000000] initial memory mapped : 0 - 02000000
[    0.000000] init_memory_mapping: 0000000000000000-00000000377fe000
[    0.000000]  0000000000 - 0000400000 page 4k
[    0.000000]  0000400000 - 0037400000 page 2M
[    0.000000]  0037400000 - 00377fe000 page 4k
[    0.000000] kernel direct mapping tables up to 377fe000 @ 7000-c000
[    0.000000] ACPI: RSDP 000f68d0 00024 (v02 LENOVO)
[    0.000000] ACPI: XSDT 3d6bb77f 00094 (v01 LENOVO TP-7L    00002170  LTP 00000000)
[    0.000000] ACPI: FACP 3d6bb900 000F4 (v03 LENOVO TP-7L    00002170 LNVO 00000001)
[    0.000000] ACPI Warning: 32/64X length mismatch in Gpe1Block: 0/32 (20090903/tbfadt-526)
[    0.000000] ACPI Warning: Optional field Gpe1Block has zero address or length: 000000000000102C/0 (20090903/tbfadt-557)
[    0.000000] ACPI: DSDT 3d6bbd1d 0FED1 (v01 LENOVO TP-7L    00002170 MSFT 03000000)
[    0.000000] ACPI: FACS 3d6e4000 00040
[    0.000000] ACPI: SSDT 3d6bbab4 00269 (v01 LENOVO TP-7L    00002170 MSFT 03000000)
[    0.000000] ACPI: ECDT 3d6cbbee 00052 (v01 LENOVO TP-7L    00002170 LNVO 00000001)
[    0.000000] ACPI: TCPA 3d6cbc40 00032 (v02 LENOVO TP-7L    00002170 LNVO 00000001)
[    0.000000] ACPI: APIC 3d6cbc72 00068 (v01 LENOVO TP-7L    00002170 LNVO 00000001)
[    0.000000] ACPI: MCFG 3d6cbcda 0003C (v01 LENOVO TP-7L    00002170 LNVO 00000001)
[    0.000000] ACPI: HPET 3d6cbd16 00038 (v01 LENOVO TP-7L    00002170 LNVO 00000001)
[    0.000000] ACPI: SLIC 3d6cbdf0 00176 (v01 LENOVO TP-7L    00002170  LTP 00000000)
[    0.000000] ACPI: BOOT 3d6cbf66 00028 (v01 LENOVO TP-7L    00002170  LTP 00000001)
[    0.000000] ACPI: ASF! 3d6cbf8e 00072 (v16 LENOVO TP-7L    00002170 PTL  00000001)
[    0.000000] ACPI: SSDT 3d6e26d9 0025F (v01 LENOVO TP-7L    00002170 INTL 20050513)
[    0.000000] ACPI: SSDT 3d6e2938 000A6 (v01 LENOVO TP-7L    00002170 INTL 20050513)
[    0.000000] ACPI: SSDT 3d6e29de 004F7 (v01 LENOVO TP-7L    00002170 INTL 20050513)
[    0.000000] ACPI: SSDT 3d6e2ed5 001D8 (v01 LENOVO TP-7L    00002170 INTL 20050513)
[    0.000000] ACPI: DMI detected: Lenovo ThinkPad R61
[    0.000000] ACPI: Added _OSI(Linux)
[    0.000000] ACPI: Local APIC address 0xfee00000
[    0.000000] 94MB HIGHMEM available.
[    0.000000] 887MB LOWMEM available.
[    0.000000]   mapped low ram: 0 - 377fe000
[    0.000000]   low ram: 0 - 377fe000
[    0.000000]   node 0 low ram: 00000000 - 377fe000
[    0.000000]   node 0 bootmap 00008000 - 0000ef00
[    0.000000] (6 early reservations) ==> bootmem [0000000000 - 00377fe000]
[    0.000000]   #0 [0000000000 - 0000001000]   BIOS data page ==> [0000000000 - 0000001000]
[    0.000000]   #1 [0001000000 - 0001bd6180]    TEXT DATA BSS ==> [0001000000 - 0001bd6180]
[    0.000000]   #2 [000009d800 - 0000100000]    BIOS reserved ==> [000009d800 - 0000100000]
[    0.000000]   #3 [0001bd7000 - 0001bdf16c]              BRK ==> [0001bd7000 - 0001bdf16c]
[    0.000000]   #4 [0000007000 - 0000008000]          PGTABLE ==> [0000007000 - 0000008000]
[    0.000000]   #5 [0000008000 - 000000f000]          BOOTMAP ==> [0000008000 - 000000f000]
[    0.000000] found SMP MP-table at [c00f6900] f6900
[    0.000000] Zone PFN ranges:
[    0.000000]   DMA      0x00000000 -> 0x00001000
[    0.000000]   Normal   0x00001000 -> 0x000377fe
[    0.000000]   HighMem  0x000377fe -> 0x0003d6b0
[    0.000000] Movable zone start PFN for each node
[    0.000000] early_node_map[2] active PFN ranges
[    0.000000]     0: 0x00000000 -> 0x0000009d
[    0.000000]     0: 0x00000100 -> 0x0003d6b0
[    0.000000] On node 0 totalpages: 251469
[    0.000000] free_area_init_node: node 0, pgdat c18fbda0, node_mem_map c1be1000
[    0.000000]   DMA zone: 32 pages used for memmap
[    0.000000]   DMA zone: 0 pages reserved
[    0.000000]   DMA zone: 3965 pages, LIFO batch:0
[    0.000000]   Normal zone: 1744 pages used for memmap
[    0.000000]   Normal zone: 221486 pages, LIFO batch:31
[    0.000000]   HighMem zone: 190 pages used for memmap
[    0.000000]   HighMem zone: 24052 pages, LIFO batch:3
[    0.000000] Using APIC driver default
[    0.000000] ACPI: PM-Timer IO Port: 0x1008
[    0.000000] ACPI: Local APIC address 0xfee00000
[    0.000000] ACPI: LAPIC (acpi_id[0x00] lapic_id[0x00] enabled)
[    0.000000] ACPI: LAPIC (acpi_id[0x01] lapic_id[0x01] enabled)
[    0.000000] ACPI: NR_CPUS/possible_cpus limit of 1 reached.  Processor 1/0x1 ignored.
[    0.000000] ACPI: LAPIC_NMI (acpi_id[0x00] high edge lint[0x1])
[    0.000000] ACPI: LAPIC_NMI (acpi_id[0x01] high edge lint[0x1])
[    0.000000] ACPI: IOAPIC (id[0x01] address[0xfec00000] gsi_base[0])
[    0.000000] IOAPIC[0]: apic_id 1, version 32, address 0xfec00000, GSI 0-23
[    0.000000] ACPI: INT_SRC_OVR (bus 0 bus_irq 0 global_irq 2 dfl dfl)
[    0.000000] ACPI: INT_SRC_OVR (bus 0 bus_irq 9 global_irq 9 high level)
[    0.000000] ACPI: IRQ0 used by override.
[    0.000000] ACPI: IRQ2 used by override.
[    0.000000] ACPI: IRQ9 used by override.
[    0.000000] Using ACPI (MADT) for SMP configuration information
[    0.000000] ACPI: HPET id: 0x8086a201 base: 0xfed00000
[    0.000000] nr_irqs_gsi: 24
[    0.000000] PM: Registered nosave memory: 000000000009d000 - 000000000009e000
[    0.000000] PM: Registered nosave memory: 000000000009e000 - 00000000000a0000
[    0.000000] PM: Registered nosave memory: 00000000000a0000 - 00000000000d2000
[    0.000000] PM: Registered nosave memory: 00000000000d2000 - 00000000000d4000
[    0.000000] PM: Registered nosave memory: 00000000000d4000 - 00000000000e0000
[    0.000000] PM: Registered nosave memory: 00000000000e0000 - 0000000000100000
[    0.000000] Allocating PCI resources starting at 3e000000 (gap: 3e000000:b2000000)
[    0.000000] Built 1 zonelists in Zone order, mobility grouping on.  Total pages: 249503
[    0.000000] Kernel command line: auto BOOT_IMAGE=Linux ro root=802 vt.default_utf8=0
[    0.000000] PID hash table entries: 4096 (order: 2, 16384 bytes)
[    0.000000] Dentry cache hash table entries: 131072 (order: 7, 524288 bytes)
[    0.000000] Inode-cache hash table entries: 65536 (order: 6, 262144 bytes)
[    0.000000] Enabling fast FPU save and restore... done.
[    0.000000] Enabling unmasked SIMD FPU exception support... done.
[    0.000000] Initializing CPU#0
[    0.000000] Initializing HighMem for node 0 (000377fe:0003d6b0)
[    0.000000] Memory: 984800k/1006272k available (6888k kernel code, 20852k reserved, 2329k data, 448k init, 96968k highmem)
[    0.000000] virtual kernel memory layout:
[    0.000000]     fixmap  : 0xfffa3000 - 0xfffff000   ( 368 kB)
[    0.000000]     pkmap   : 0xff800000 - 0xffc00000   (4096 kB)
[    0.000000]     vmalloc : 0xf7ffe000 - 0xff7fe000   ( 120 MB)
[    0.000000]     lowmem  : 0xc0000000 - 0xf77fe000   ( 887 MB)
[    0.000000]       .init : 0xc1901000 - 0xc1971000   ( 448 kB)
[    0.000000]       .data : 0xc16ba3c8 - 0xc1900b64   (2329 kB)
[    0.000000]       .text : 0xc1000000 - 0xc16ba3c8   (6888 kB)
[    0.000000] Checking if this processor honours the WP bit even in supervisor mode...Ok.
[    0.000000] SLUB: Genslabs=13, HWalign=64, Order=0-3, MinObjects=0, CPUs=1, Nodes=1
[    0.000000] Hierarchical RCU implementation.
[    0.000000] NR_IRQS:288
[    0.000000] Extended CMOS year: 2000
[    0.000000] Console: colour VGA+ 80x25
[    0.000000] console [tty0] enabled
[    0.000000] hpet clockevent registered
[    0.000000] Fast TSC calibration using PIT
[    0.000000] Detected 2094.420 MHz processor.
[    0.001002] Calibrating delay loop (skipped), value calculated using timer frequency.. 4188.84 BogoMIPS (lpj=2094420)
[    0.001175] Security Framework initialized
[    0.001259] Mount-cache hash table entries: 512
[    0.001409] CPU: L1 I cache: 32K, L1 D cache: 32K
[    0.002002] CPU: L2 cache: 3072K
[    0.002076] mce: CPU supports 6 MCE banks
[    0.002161] CPU0: Thermal monitoring enabled (TM2)
[    0.002239] using mwait in idle threads.
[    0.002318] CPU: Intel(R) Core(TM)2 Duo CPU     T8100  @ 2.10GHz stepping 06
[    0.002498] Checking 'hlt' instruction... OK.
[    0.006939] ACPI: Core revision 20090903
[    0.026038] Enabling APIC mode:  Flat.  Using 1 I/O APICs
[    0.026492] ..TIMER: vector=0x30 apic1=0 pin1=2 apic2=-1 pin2=-1
[    0.037997] xor: automatically using best checksumming function: pIII_sse
[    0.041998]    pIII_sse  :  8648.000 MB/sec
[    0.042077] xor: using function: pIII_sse (8648.000 MB/sec)
[    0.042169] RANDOM - __seed init called.
[    0.042170] RANDOM - __seed init called.
[    0.042171] RANDOM - __seed init called.
[    0.042173] RANDOM - __random32 called. Change num 1.  Value: f7943846	49e73df3	af36cd0d
[    0.042175] RANDOM - __random32 called. Change num 2.  Value: 43846e13	9e73df37	9a1ad014
[    0.042176] RANDOM - __random32 called. Change num 3.  Value: 46e139c8	e73df373	a029598a
[    0.042178] RANDOM - __random32 called. Change num 4.  Value: 139c8c3b	73df373d	b3142c72
[    0.042180] RANDOM - __random32 called. Change num 5.  Value: c8c3b043	3df373de	58e576a9
[    0.042181] RANDOM - __random32 called. Change num 6.  Value: 3b0437d9	df373de5	ed53f9d8
[    0.042183] RANDOM - random32 init called.  Value: 3b0437d9	df373de5	ed53f9d8
[    0.042201] NET: Registered protocol family 16
[    0.042459] ACPI FADT declares the system doesn't support PCIe ASPM, so disable it
[    0.042575] ACPI: bus type pci registered
[    0.042742] PCI: MCFG configuration 0: base f0000000 segment 0 buses 0 - 63
[    0.042831] PCI: MCFG area at f0000000 reserved in E820
[    0.042911] PCI: Using MMCONFIG for extended config space
[    0.043002] PCI: Using configuration type 1 for base access
[    0.046059] bio: create slab <bio-0> at 0
[    0.046865] ACPI: EC: EC description table is found, configuring boot EC
[    0.052024] ACPI: BIOS _OSI(Linux) query honored via DMI
[    0.058315] ACPI: Interpreter enabled
[    0.058402] ACPI: (supports S0 S3 S4 S5)
[    0.058690] ACPI: Using IOAPIC for interrupt routing
[    0.068374] ACPI: EC: GPE = 0x12, I/O: command/status = 0x66, data = 0x62
[    0.068633] ACPI: Power Resource [PUBS] (on)
[    0.070742] ACPI: ACPI Dock Station Driver: 3 docks/bays found
[    0.071150] ACPI: PCI Root Bridge [PCI0] (0000:00)
[    0.071320] pci 0000:00:02.0: reg 10 64bit mmio: [0xf8100000-0xf81fffff]
[    0.071326] pci 0000:00:02.0: reg 18 64bit mmio pref: [0xe0000000-0xefffffff]
[    0.071330] pci 0000:00:02.0: reg 20 io port: [0x1800-0x1807]
[    0.071364] pci 0000:00:02.1: reg 10 64bit mmio: [0xf8200000-0xf82fffff]
[    0.071476] pci 0000:00:19.0: reg 10 32bit mmio: [0xfe000000-0xfe01ffff]
[    0.071486] pci 0000:00:19.0: reg 14 32bit mmio: [0xfe025000-0xfe025fff]
[    0.071493] pci 0000:00:19.0: reg 18 io port: [0x1840-0x185f]
[    0.071559] pci 0000:00:19.0: PME# supported from D0 D3hot D3cold
[    0.071647] pci 0000:00:19.0: PME# disabled
[    0.071794] pci 0000:00:1a.0: reg 20 io port: [0x1860-0x187f]
[    0.071874] pci 0000:00:1a.1: reg 20 io port: [0x1880-0x189f]
[    0.071955] pci 0000:00:1a.7: reg 10 32bit mmio: [0xfe226c00-0xfe226fff]
[    0.072048] pci 0000:00:1a.7: PME# supported from D0 D3hot D3cold
[    0.072139] pci 0000:00:1a.7: PME# disabled
[    0.072285] pci 0000:00:1b.0: reg 10 64bit mmio: [0xfe020000-0xfe023fff]
[    0.072368] pci 0000:00:1b.0: PME# supported from D0 D3hot D3cold
[    0.072455] pci 0000:00:1b.0: PME# disabled
[    0.072647] pci 0000:00:1c.0: PME# supported from D0 D3hot D3cold
[    0.072744] pci 0000:00:1c.0: PME# disabled
[    0.072943] pci 0000:00:1c.1: PME# supported from D0 D3hot D3cold
[    0.072999] pci 0000:00:1c.1: PME# disabled
[    0.073183] pci 0000:00:1c.2: PME# supported from D0 D3hot D3cold
[    0.073272] pci 0000:00:1c.2: PME# disabled
[    0.073466] pci 0000:00:1c.3: PME# supported from D0 D3hot D3cold
[    0.073549] pci 0000:00:1c.3: PME# disabled
[    0.074108] pci 0000:00:1c.4: PME# supported from D0 D3hot D3cold
[    0.074195] pci 0000:00:1c.4: PME# disabled
[    0.074346] pci 0000:00:1d.0: reg 20 io port: [0x18a0-0x18bf]
[    0.074432] pci 0000:00:1d.1: reg 20 io port: [0x18c0-0x18df]
[    0.074513] pci 0000:00:1d.2: reg 20 io port: [0x18e0-0x18ff]
[    0.074612] pci 0000:00:1d.7: reg 10 32bit mmio: [0xfe227000-0xfe2273ff]
[    0.075043] pci 0000:00:1d.7: PME# supported from D0 D3hot D3cold
[    0.075127] pci 0000:00:1d.7: PME# disabled
[    0.075413] pci 0000:00:1f.0: quirk: region 1000-107f claimed by ICH6 ACPI/GPIO/TCO
[    0.075528] pci 0000:00:1f.0: quirk: region 1180-11bf claimed by ICH6 GPIO
[    0.075615] pci 0000:00:1f.0: ICH7 LPC Generic IO decode 1 PIO at 1600 (mask 007f)
[    0.075728] pci 0000:00:1f.0: ICH7 LPC Generic IO decode 2 PIO at 15e0 (mask 000f)
[    0.075852] pci 0000:00:1f.0: ICH7 LPC Generic IO decode 3 PIO at 1680 (mask 001f)
[    0.076047] pci 0000:00:1f.1: reg 10 io port: [0x00-0x07]
[    0.076057] pci 0000:00:1f.1: reg 14 io port: [0x00-0x03]
[    0.076064] pci 0000:00:1f.1: reg 18 io port: [0x00-0x07]
[    0.076073] pci 0000:00:1f.1: reg 1c io port: [0x00-0x03]
[    0.076085] pci 0000:00:1f.1: reg 20 io port: [0x1c00-0x1c0f]
[    0.076174] pci 0000:00:1f.2: reg 10 io port: [0x1c50-0x1c57]
[    0.076183] pci 0000:00:1f.2: reg 14 io port: [0x1c44-0x1c47]
[    0.076192] pci 0000:00:1f.2: reg 18 io port: [0x1c48-0x1c4f]
[    0.076199] pci 0000:00:1f.2: reg 1c io port: [0x1c40-0x1c43]
[    0.076207] pci 0000:00:1f.2: reg 20 io port: [0x1c20-0x1c3f]
[    0.076216] pci 0000:00:1f.2: reg 24 32bit mmio: [0xfe226000-0xfe2267ff]
[    0.076276] pci 0000:00:1f.2: PME# supported from D3hot
[    0.076359] pci 0000:00:1f.2: PME# disabled
[    0.076467] pci 0000:00:1f.3: reg 10 32bit mmio: [0xfe227400-0xfe2274ff]
[    0.076492] pci 0000:00:1f.3: reg 20 io port: [0x1c60-0x1c7f]
[    0.076584] pci 0000:00:1c.0: bridge io port: [0x2000-0x2fff]
[    0.076589] pci 0000:00:1c.0: bridge 32bit mmio: [0xfc000000-0xfdffffff]
[    0.076598] pci 0000:00:1c.0: bridge 64bit mmio pref: [0xf8000000-0xf80fffff]
[    0.076670] pci 0000:03:00.0: reg 10 64bit mmio: [0xdf3f0000-0xdf3fffff]
[    0.076864] pci 0000:00:1c.1: bridge io port: [0x3000-0x3fff]
[    0.076871] pci 0000:00:1c.1: bridge 32bit mmio: [0xdc000000-0xdf3fffff]
[    0.076880] pci 0000:00:1c.1: bridge 64bit mmio pref: [0xdfe00000-0xdfefffff]
[    0.076936] pci 0000:00:1c.2: bridge io port: [0x4000-0x4fff]
[    0.076942] pci 0000:00:1c.2: bridge 32bit mmio: [0xd8000000-0xd9ffffff]
[    0.076950] pci 0000:00:1c.2: bridge 64bit mmio pref: [0xdfb00000-0xdfbfffff]
[    0.077013] pci 0000:00:1c.3: bridge io port: [0x5000-0x5fff]
[    0.077017] pci 0000:00:1c.3: bridge 32bit mmio: [0xd4000000-0xd5ffffff]
[    0.077027] pci 0000:00:1c.3: bridge 64bit mmio pref: [0xdf800000-0xdf8fffff]
[    0.077084] pci 0000:00:1c.4: bridge io port: [0x6000-0x6fff]
[    0.077090] pci 0000:00:1c.4: bridge 32bit mmio: [0xd0000000-0xd1ffffff]
[    0.077098] pci 0000:00:1c.4: bridge 64bit mmio pref: [0xdf500000-0xdf5fffff]
[    0.077156] pci 0000:15:00.0: reg 10 32bit mmio: [0xf8300000-0xf8300fff]
[    0.077206] pci 0000:15:00.0: supports D1 D2
[    0.077207] pci 0000:15:00.0: PME# supported from D0 D1 D2 D3hot D3cold
[    0.077298] pci 0000:15:00.0: PME# disabled
[    0.077440] pci 0000:15:00.1: reg 10 32bit mmio: [0xf8301000-0xf83017ff]
[    0.077540] pci 0000:15:00.1: supports D1 D2
[    0.077542] pci 0000:15:00.1: PME# supported from D0 D1 D2 D3hot D3cold
[    0.077628] pci 0000:15:00.1: PME# disabled
[    0.077795] pci 0000:00:1e.0: transparent bridge
[    0.077882] pci 0000:00:1e.0: bridge io port: [0x7000-0xafff]
[    0.077888] pci 0000:00:1e.0: bridge 32bit mmio: [0xf8300000-0xfbffffff]
[    0.077897] pci 0000:00:1e.0: bridge 64bit mmio pref: [0xf4000000-0xf7ffffff]
[    0.077964] pci_bus 0000:00: on NUMA node 0
[    0.077968] ACPI: PCI Interrupt Routing Table [\_SB_.PCI0._PRT]
[    0.078107] ACPI: PCI Interrupt Routing Table [\_SB_.PCI0.EXP0._PRT]
[    0.078165] ACPI: PCI Interrupt Routing Table [\_SB_.PCI0.EXP1._PRT]
[    0.078221] ACPI: PCI Interrupt Routing Table [\_SB_.PCI0.EXP2._PRT]
[    0.078278] ACPI: PCI Interrupt Routing Table [\_SB_.PCI0.EXP3._PRT]
[    0.078339] ACPI: PCI Interrupt Routing Table [\_SB_.PCI0.EXP4._PRT]
[    0.078400] ACPI: PCI Interrupt Routing Table [\_SB_.PCI0.PCI1._PRT]
[    0.083834] ACPI: PCI Interrupt Link [LNKA] (IRQs 3 4 5 6 7 9 *10 11)
[    0.084518] ACPI: PCI Interrupt Link [LNKB] (IRQs 3 4 5 6 7 9 10 *11)
[    0.085278] ACPI: PCI Interrupt Link [LNKC] (IRQs 3 4 5 6 7 9 10 *11)
[    0.086011] ACPI: PCI Interrupt Link [LNKD] (IRQs 3 4 5 6 7 9 10 *11)
[    0.086738] ACPI: PCI Interrupt Link [LNKE] (IRQs 3 4 5 6 7 9 10 *11)
[    0.087413] ACPI: PCI Interrupt Link [LNKF] (IRQs 3 4 5 6 7 9 10 *11)
[    0.088155] ACPI: PCI Interrupt Link [LNKG] (IRQs 3 4 5 6 7 9 10 *11)
[    0.088882] ACPI: PCI Interrupt Link [LNKH] (IRQs 3 4 5 6 7 9 10 *11)
[    0.089593] vgaarb: device added: PCI:0000:00:02.0,decodes=io+mem,owns=io+mem,locks=none
[    0.089719] vgaarb: loaded
[    0.089894] SCSI subsystem initialized
[    0.090008] libata version 3.00 loaded.
[    0.090057] usbcore: registered new interface driver usbfs
[    0.090175] usbcore: registered new interface driver hub
[    0.090275] usbcore: registered new device driver usb
[    0.107044] raid6: int32x1    941 MB/s
[    0.124059] raid6: int32x2    890 MB/s
[    0.141067] raid6: int32x4    750 MB/s
[    0.158078] raid6: int32x8    660 MB/s
[    0.174988] raid6: mmxx1     2878 MB/s
[    0.191988] raid6: mmxx2     3269 MB/s
[    0.208988] raid6: sse1x1    1937 MB/s
[    0.225997] raid6: sse1x2    2535 MB/s
[    0.242973] raid6: sse2x1    3500 MB/s
[    0.259981] raid6: sse2x2    3832 MB/s
[    0.260059] raid6: using algorithm sse2x2 (3832 MB/s)
[    0.260150] PCI: Using ACPI for IRQ routing
[    0.260457] HPET: 3 timers in total, 0 timers will be used for per-cpu timer
[    0.260987] Switching to clocksource tsc
[    0.261082] pnp: PnP ACPI init
[    0.261165] ACPI: bus type pnp registered
[    0.264772] pnp: PnP ACPI: found 11 devices
[    0.264860] ACPI: ACPI bus type pnp unregistered
[    0.264970] system 00:00: iomem range 0x0-0x9ffff could not be reserved
[    0.265056] system 00:00: iomem range 0xc0000-0xc3fff could not be reserved
[    0.265141] system 00:00: iomem range 0xc4000-0xc7fff could not be reserved
[    0.265229] system 00:00: iomem range 0xc8000-0xcbfff has been reserved
[    0.265314] system 00:00: iomem range 0xcc000-0xcffff has been reserved
[    0.265405] system 00:00: iomem range 0xd0000-0xd3fff could not be reserved
[    0.265487] system 00:00: iomem range 0xe0000-0xe3fff could not be reserved
[    0.265574] system 00:00: iomem range 0xe4000-0xe7fff could not be reserved
[    0.265666] system 00:00: iomem range 0xe8000-0xebfff could not be reserved
[    0.265770] system 00:00: iomem range 0xec000-0xeffff could not be reserved
[    0.265865] system 00:00: iomem range 0xf0000-0xfffff could not be reserved
[    0.265951] system 00:00: iomem range 0x100000-0x3dffffff could not be reserved
[    0.266068] system 00:00: iomem range 0xfec00000-0xfed3ffff could not be reserved
[    0.266180] system 00:00: iomem range 0xfed4c000-0xffffffff could not be reserved
[    0.266307] system 00:02: ioport range 0x164e-0x164f has been reserved
[    0.266397] system 00:02: ioport range 0x1000-0x107f has been reserved
[    0.266479] system 00:02: ioport range 0x1180-0x11bf has been reserved
[    0.266559] system 00:02: ioport range 0x800-0x80f has been reserved
[    0.266647] system 00:02: ioport range 0x15e0-0x15ef has been reserved
[    0.266729] system 00:02: ioport range 0x1600-0x165f could not be reserved
[    0.266818] system 00:02: iomem range 0xf0000000-0xf3ffffff has been reserved
[    0.266910] system 00:02: iomem range 0xfed1c000-0xfed1ffff has been reserved
[    0.266991] system 00:02: iomem range 0xfed14000-0xfed17fff has been reserved
[    0.267084] system 00:02: iomem range 0xfed18000-0xfed18fff has been reserved
[    0.267169] system 00:02: iomem range 0xfed19000-0xfed19fff has been reserved
[    0.267257] system 00:02: iomem range 0xfed45000-0xfed4bfff has been reserved
[    0.302290] pci 0000:00:1c.0: PCI bridge, secondary bus 0000:02
[    0.302373] pci 0000:00:1c.0:   IO window: 0x2000-0x2fff
[    0.302457] pci 0000:00:1c.0:   MEM window: 0xfc000000-0xfdffffff
[    0.302551] pci 0000:00:1c.0:   PREFETCH window: 0x000000f8000000-0x000000f80fffff
[    0.302674] pci 0000:00:1c.1: PCI bridge, secondary bus 0000:03
[    0.302755] pci 0000:00:1c.1:   IO window: 0x3000-0x3fff
[    0.302843] pci 0000:00:1c.1:   MEM window: 0xdc000000-0xdf3fffff
[    0.302939] pci 0000:00:1c.1:   PREFETCH window: 0x000000dfe00000-0x000000dfefffff
[    0.303067] pci 0000:00:1c.2: PCI bridge, secondary bus 0000:04
[    0.303148] pci 0000:00:1c.2:   IO window: 0x4000-0x4fff
[    0.303239] pci 0000:00:1c.2:   MEM window: 0xd8000000-0xd9ffffff
[    0.303334] pci 0000:00:1c.2:   PREFETCH window: 0x000000dfb00000-0x000000dfbfffff
[    0.303450] pci 0000:00:1c.3: PCI bridge, secondary bus 0000:05
[    0.303541] pci 0000:00:1c.3:   IO window: 0x5000-0x5fff
[    0.303625] pci 0000:00:1c.3:   MEM window: 0xd4000000-0xd5ffffff
[    0.303716] pci 0000:00:1c.3:   PREFETCH window: 0x000000df800000-0x000000df8fffff
[    0.303831] pci 0000:00:1c.4: PCI bridge, secondary bus 0000:0d
[    0.303930] pci 0000:00:1c.4:   IO window: 0x6000-0x6fff
[    0.304024] pci 0000:00:1c.4:   MEM window: 0xd0000000-0xd1ffffff
[    0.304117] pci 0000:00:1c.4:   PREFETCH window: 0x000000df500000-0x000000df5fffff
[    0.304257] pci 0000:15:00.0: CardBus bridge, secondary bus 0000:16
[    0.304344] pci 0000:15:00.0:   IO window: 0x007000-0x0070ff
[    0.304430] pci 0000:15:00.0:   IO window: 0x007400-0x0074ff
[    0.304519] pci 0000:15:00.0:   PREFETCH window: 0xf4000000-0xf7ffffff
[    0.304610] pci 0000:15:00.0:   MEM window: 0x40000000-0x43ffffff
[    0.304698] pci 0000:00:1e.0: PCI bridge, secondary bus 0000:15
[    0.304782] pci 0000:00:1e.0:   IO window: 0x7000-0xafff
[    0.304865] pci 0000:00:1e.0:   MEM window: 0xf8300000-0xfbffffff
[    0.304966] pci 0000:00:1e.0:   PREFETCH window: 0x000000f4000000-0x000000f7ffffff
[    0.305104] pci 0000:00:1c.0: PCI INT A -> GSI 20 (level, low) -> IRQ 20
[    0.305192] pci 0000:00:1c.0: setting latency timer to 64
[    0.305204] pci 0000:00:1c.1: PCI INT B -> GSI 21 (level, low) -> IRQ 21
[    0.305292] pci 0000:00:1c.1: setting latency timer to 64
[    0.305303] pci 0000:00:1c.2: PCI INT C -> GSI 22 (level, low) -> IRQ 22
[    0.305404] pci 0000:00:1c.2: setting latency timer to 64
[    0.305417] pci 0000:00:1c.3: PCI INT D -> GSI 23 (level, low) -> IRQ 23
[    0.305507] pci 0000:00:1c.3: setting latency timer to 64
[    0.305525] pci 0000:00:1c.4: PCI INT A -> GSI 20 (level, low) -> IRQ 20
[    0.305609] pci 0000:00:1c.4: setting latency timer to 64
[    0.305616] pci 0000:00:1e.0: enabling device (0005 -> 0007)
[    0.305713] pci 0000:00:1e.0: setting latency timer to 64
[    0.305728] pci 0000:15:00.0: PCI INT A -> GSI 16 (level, low) -> IRQ 16
[    0.305813] pci 0000:15:00.0: setting latency timer to 64
[    0.305819] pci_bus 0000:00: resource 0 io:  [0x00-0xffff]
[    0.305821] pci_bus 0000:00: resource 1 mem: [0x000000-0xffffffff]
[    0.305823] pci_bus 0000:02: resource 0 io:  [0x2000-0x2fff]
[    0.305825] pci_bus 0000:02: resource 1 mem: [0xfc000000-0xfdffffff]
[    0.305826] pci_bus 0000:02: resource 2 pref mem [0xf8000000-0xf80fffff]
[    0.305828] pci_bus 0000:03: resource 0 io:  [0x3000-0x3fff]
[    0.305830] pci_bus 0000:03: resource 1 mem: [0xdc000000-0xdf3fffff]
[    0.305832] pci_bus 0000:03: resource 2 pref mem [0xdfe00000-0xdfefffff]
[    0.305834] pci_bus 0000:04: resource 0 io:  [0x4000-0x4fff]
[    0.305836] pci_bus 0000:04: resource 1 mem: [0xd8000000-0xd9ffffff]
[    0.305838] pci_bus 0000:04: resource 2 pref mem [0xdfb00000-0xdfbfffff]
[    0.305840] pci_bus 0000:05: resource 0 io:  [0x5000-0x5fff]
[    0.305841] pci_bus 0000:05: resource 1 mem: [0xd4000000-0xd5ffffff]
[    0.305843] pci_bus 0000:05: resource 2 pref mem [0xdf800000-0xdf8fffff]
[    0.305845] pci_bus 0000:0d: resource 0 io:  [0x6000-0x6fff]
[    0.305847] pci_bus 0000:0d: resource 1 mem: [0xd0000000-0xd1ffffff]
[    0.305849] pci_bus 0000:0d: resource 2 pref mem [0xdf500000-0xdf5fffff]
[    0.305851] pci_bus 0000:15: resource 0 io:  [0x7000-0xafff]
[    0.305852] pci_bus 0000:15: resource 1 mem: [0xf8300000-0xfbffffff]
[    0.305854] pci_bus 0000:15: resource 2 pref mem [0xf4000000-0xf7ffffff]
[    0.305856] pci_bus 0000:15: resource 3 io:  [0x00-0xffff]
[    0.305858] pci_bus 0000:15: resource 4 mem: [0x000000-0xffffffff]
[    0.305860] pci_bus 0000:16: resource 0 io:  [0x7000-0x70ff]
[    0.305861] pci_bus 0000:16: resource 1 io:  [0x7400-0x74ff]
[    0.305863] pci_bus 0000:16: resource 2 pref mem [0xf4000000-0xf7ffffff]
[    0.305865] pci_bus 0000:16: resource 3 mem: [0x40000000-0x43ffffff]
[    0.305876] NET: Registered protocol family 2
[    0.305961] RANDOM - __random32 called. Change num 7.  Value: 437d97bf	f373de51	f3b0f986
[    0.305963] RANDOM - random32 called.  Value: 437d97bf	f373de51	f3b0f986
[    0.305976] IP route cache hash table entries: 32768 (order: 5, 131072 bytes)
[    0.306108] RANDOM - __random32 called. Change num 8.  Value: d97bfe31	373de51f	f30dc6e6
[    0.306110] RANDOM - random32 called.  Value: d97bfe31	373de51f	f30dc6e6
[    0.306121] RANDOM - __random32 called. Change num 9.  Value: bfe314d7	73de51f5	8dcd6c7e
[    0.306122] RANDOM - random32 called.  Value: bfe314d7	73de51f5	8dcd6c7e
[    0.306124] RANDOM - __random32 called. Change num 10.  Value: 314d7baf	3de51f5e	d8fc74c1
[    0.306126] RANDOM - random32 called.  Value: 314d7baf	3de51f5e	d8fc74c1
[    0.306136] RANDOM - __random32 called. Change num 11.  Value: d7baf3c7	de51f5e5	e983e3fa
[    0.306138] RANDOM - random32 called.  Value: d7baf3c7	de51f5e5	e983e3fa
[    0.306148] TCP established hash table entries: 131072 (order: 8, 1048576 bytes)
[    0.306635] TCP bind hash table entries: 65536 (order: 6, 262144 bytes)
[    0.306822] TCP: Hash tables configured (established 131072 bind 65536)
[    0.306908] TCP reno registered
[    0.307008] NET: Registered protocol family 1
[    0.307116] RPC: Registered udp transport module.
[    0.307195] RPC: Registered tcp transport module.
[    0.307275] RPC: Registered tcp NFSv4.1 backchannel transport module.
[    0.307365] pci 0000:00:02.0: Boot video device
[    0.307580] Simple Boot Flag at 0x35 set to 0x1
[    0.308134] highmem bounce pool size: 64 pages
[    0.309607] VFS: Disk quotas dquot_6.5.2
[    0.309729] Dquot-cache hash table entries: 1024 (order 0, 4096 bytes)
[    0.310460] NTFS driver 2.1.29 [Flags: R/W].
[    0.310610] ROMFS MTD (C) 2007 Red Hat, Inc.
[    0.310807] JFS: nTxBlock = 7695, nTxLock = 61563
[    0.313241] SGI XFS with ACLs, security attributes, large block/inode numbers, no debug enabled
[    0.313717] SGI XFS Quota Management subsystem
[    0.314060] Slow work thread pool: Starting up
[    0.314151] Slow work thread pool: Ready
[    0.314234] GFS2 (built May 23 2013 03:49:48) installed
[    0.314322] msgmni has been set to 1734
[    0.314478] alg: No test for cipher_null (cipher_null-generic)
[    0.314574] alg: No test for ecb(cipher_null) (ecb-cipher_null)
[    0.314670] alg: No test for digest_null (digest_null-generic)
[    0.314762] alg: No test for compress_null (compress_null-generic)
[    0.315305] alg: No test for fcrypt (fcrypt-generic)
[    0.316721] alg: No test for stdrng (krng)
[    0.316808] async_tx: api initialized (async)
[    0.316963] Block layer SCSI generic (bsg) driver version 0.4 loaded (major 254)
[    0.317080] io scheduler noop registered
[    0.317163] io scheduler anticipatory registered
[    0.317255] io scheduler deadline registered
[    0.317387] io scheduler cfq registered (default)
[    0.317627] pcieport 0000:00:1c.0: irq 24 for MSI/MSI-X
[    0.317645] pcieport 0000:00:1c.0: setting latency timer to 64
[    0.317836] pcieport 0000:00:1c.1: irq 25 for MSI/MSI-X
[    0.317848] pcieport 0000:00:1c.1: setting latency timer to 64
[    0.318043] pcieport 0000:00:1c.2: irq 26 for MSI/MSI-X
[    0.318055] pcieport 0000:00:1c.2: setting latency timer to 64
[    0.318229] pcieport 0000:00:1c.3: irq 27 for MSI/MSI-X
[    0.318240] pcieport 0000:00:1c.3: setting latency timer to 64
[    0.318425] pcieport 0000:00:1c.4: irq 28 for MSI/MSI-X
[    0.318437] pcieport 0000:00:1c.4: setting latency timer to 64
[    0.318581] pci_hotplug: PCI Hot Plug PCI Core version: 0.5
[    0.318770] isapnp: Scanning for PnP cards...
[    0.679321] isapnp: No Plug & Play device found
[    0.698868] Serial: 8250/16550 driver, 4 ports, IRQ sharing enabled
[    3.710212] floppy0: no floppy controllers found
[    3.711145] brd: module loaded
[    3.711641] loop: module loaded
[    3.711734] Compaq SMART2 Driver (v 2.6.0)
[    3.711851] HP CISS Driver (v 3.6.20)
[    3.712082] input: Macintosh mouse button emulation as /devices/virtual/input/input0
[    3.712220] Uniform Multi-Platform E-IDE driver
[    3.712445] piix 0000:00:1f.1: IDE controller (0x8086:0x2850 rev 0x03)
[    3.712546] pci 0000:00:1f.1: PCI INT C -> GSI 16 (level, low) -> IRQ 16
[    3.712637] piix 0000:00:1f.1: IDE port disabled
[    3.712724] piix 0000:00:1f.1: not 100% native mode: will probe irqs later
[    3.712813]     ide0: BM-DMA at 0x1c00-0x1c07
[    3.712898] Probing IDE interface ide0...
[    4.384495] hda: HL-DT-ST DVDRAM GSA-U10N, ATAPI CD/DVD-ROM drive
[    4.691337] hda: host max PIO4 wanted PIO255(auto-tune) selected PIO4
[    4.692106] hda: UDMA/33 mode selected
[    4.692572] ide0 at 0x1f0-0x1f7,0x3f6 on irq 14
[    4.696433] ide-gd driver 1.18
[    4.696528] ide-cd driver 5.00
[    4.697914] ide-cd: hda: ATAPI 24X DVD-ROM DVD-R/RAM CD-R/RW drive, 2048kB Cache
[    4.698310] Uniform CD-ROM driver Revision: 3.20
[    4.705497] Loading iSCSI transport class v2.0-870.
[    4.705768] rdac: device handler registered
[    4.705848] hp_sw: device handler registered
[    4.705928] emc: device handler registered
[    4.706013] alua: device handler registered
[    4.706982] Adaptec aacraid driver 1.1-5[2461]-ms
[    4.707350] scsi: <fdomain> Detection failed (no card)
[    4.707444] sym53c416.c: Version 1.0.0-ac
[    4.707554] qlogicfas: no cards were found, please specify I/O address and IRQ using iobase= and irq= options
[    4.707734] QLogic Fibre Channel HBA Driver: 8.03.01-k6
[    4.707942] iscsi: registered transport (qla4xxx)
[    4.708042] QLogic iSCSI HBA Driver
[    4.708126] Emulex LightPulse Fibre Channel SCSI driver 8.3.4
[    4.708216] Copyright(c) 2004-2009 Emulex.  All rights reserved.
[    4.730327] Failed initialization of WD-7000 SCSI card!
[    4.819822] DC390: clustering now enabled by default. If you get problems load
[    4.819935]        with "disable_clustering=1" and report to maintainers
[    4.820062] megaraid cmm: 2.20.2.7 (Release Date: Sun Jul 16 00:01:03 EST 2006)
[    4.820204] megaraid: 2.20.5.1 (Release Date: Thu Nov 16 15:32:35 EST 2006)
[    4.820307] megasas: 00.00.04.01 Thu July 24 11:41:51 PST 2008
[    4.820437] GDT-HA: Storage RAID Controller Driver. Version: 3.05
[    4.820575] 3ware Storage Controller device driver for Linux v1.26.02.002.
[    4.820685] 3ware 9000 Storage Controller device driver for Linux v2.26.02.012.
[    4.820831] nsp32: loading...
[    4.820928] ipr: IBM Power RAID SCSI Device Driver version: 2.4.3 (June 10, 2009)
[    4.821069] RocketRAID 3xxx/4xxx Controller driver v1.6 (090910)
[    4.821170] stex: Promise SuperTrak EX Driver version: 4.6.0000.3
[    4.821294] st: Version 20081215, fixed bufsize 32768, s/g segs 256
[    4.821494] ahci 0000:00:1f.2: version 3.0
[    4.821510] ahci 0000:00:1f.2: PCI INT B -> GSI 16 (level, low) -> IRQ 16
[    4.821630] ahci 0000:00:1f.2: irq 29 for MSI/MSI-X
[    4.821692] ahci 0000:00:1f.2: AHCI 0001.0100 32 slots 3 ports 1.5 Gbps 0x5 impl SATA mode
[    4.821819] ahci 0000:00:1f.2: flags: 64bit ncq sntf pm led clo pio slum part ccc 
[    4.821935] ahci 0000:00:1f.2: setting latency timer to 64
[    4.822077] scsi2 : ahci
[    4.822234] scsi3 : ahci
[    4.822382] scsi4 : ahci
[    4.822538] ata1: SATA max UDMA/133 abar m2048@0xfe226000 port 0xfe226100 irq 29
[    4.822649] ata2: DUMMY
[    4.822727] ata3: SATA max UDMA/133 abar m2048@0xfe226000 port 0xfe226200 irq 29
[    4.823335] I2O subsystem v1.325
[    4.823419] i2o: max drivers = 8
[    4.823564] I2O Configuration OSM v1.323
[    4.823671] I2O Bus Adapter OSM v1.317
[    4.823764] I2O Block Device OSM v1.325
[    4.823908] I2O SCSI Peripheral OSM v1.316
[    4.824005] I2O ProcFS OSM v1.316
[    4.824104] Fusion MPT base driver 3.04.12
[    4.824184] Copyright (c) 1999-2008 LSI Corporation
[    4.824266] Fusion MPT SPI Host driver 3.04.12
[    4.824424] Fusion MPT FC Host driver 3.04.12
[    4.824529] Fusion MPT SAS Host driver 3.04.12
[    4.824676] ohci1394 0000:15:00.1: PCI INT B -> GSI 17 (level, low) -> IRQ 17
[    4.824765] ohci1394 0000:15:00.1: setting latency timer to 64
[    4.878363] ohci1394: fw-host0: OHCI-1394 1.1 (PCI): IRQ=[17]  MMIO=[f8301000-f83017ff]  Max Packet=[2048]  IR/IT contexts=[4/4]
[    4.881621] ehci_hcd: USB 2.0 'Enhanced' Host Controller (EHCI) Driver
[    4.881894] ehci_hcd 0000:00:1a.7: power state changed by ACPI to D0
[    4.882186] ehci_hcd 0000:00:1a.7: power state changed by ACPI to D0
[    4.882275] ehci_hcd 0000:00:1a.7: PCI INT C -> GSI 22 (level, low) -> IRQ 22
[    4.882370] ehci_hcd 0000:00:1a.7: setting latency timer to 64
[    4.882375] ehci_hcd 0000:00:1a.7: EHCI Host Controller
[    4.882502] ehci_hcd 0000:00:1a.7: new USB bus registered, assigned bus number 1
[    4.886543] ehci_hcd 0000:00:1a.7: cache line size of 32 is not supported
[    4.886550] ehci_hcd 0000:00:1a.7: irq 22, io mem 0xfe226c00
[    4.896326] ehci_hcd 0000:00:1a.7: USB 2.0 started, EHCI 1.00
[    4.896422] usb usb1: New USB device found, idVendor=1d6b, idProduct=0002
[    4.896510] usb usb1: New USB device strings: Mfr=3, Product=2, SerialNumber=1
[    4.896624] usb usb1: Product: EHCI Host Controller
[    4.896703] usb usb1: Manufacturer: Linux 2.6.32.57 ehci_hcd
[    4.896783] usb usb1: SerialNumber: 0000:00:1a.7
[    4.896920] usb usb1: configuration #1 chosen from 1 choice
[    4.897032] hub 1-0:1.0: USB hub found
[    4.897119] hub 1-0:1.0: 4 ports detected
[    4.897407] ehci_hcd 0000:00:1d.7: power state changed by ACPI to D0
[    4.897632] ehci_hcd 0000:00:1d.7: power state changed by ACPI to D0
[    4.897723] ehci_hcd 0000:00:1d.7: PCI INT D -> GSI 19 (level, low) -> IRQ 19
[    4.897817] ehci_hcd 0000:00:1d.7: setting latency timer to 64
[    4.897822] ehci_hcd 0000:00:1d.7: EHCI Host Controller
[    4.897951] ehci_hcd 0000:00:1d.7: new USB bus registered, assigned bus number 2
[    4.898093] ehci_hcd 0000:00:1d.7: debug port 1
[    4.902045] ehci_hcd 0000:00:1d.7: cache line size of 32 is not supported
[    4.902054] ehci_hcd 0000:00:1d.7: irq 19, io mem 0xfe227000
[    4.912329] ehci_hcd 0000:00:1d.7: USB 2.0 started, EHCI 1.00
[    4.912430] usb usb2: New USB device found, idVendor=1d6b, idProduct=0002
[    4.912513] usb usb2: New USB device strings: Mfr=3, Product=2, SerialNumber=1
[    4.912627] usb usb2: Product: EHCI Host Controller
[    4.912705] usb usb2: Manufacturer: Linux 2.6.32.57 ehci_hcd
[    4.912798] usb usb2: SerialNumber: 0000:00:1d.7
[    4.912934] usb usb2: configuration #1 chosen from 1 choice
[    4.913050] hub 2-0:1.0: USB hub found
[    4.913132] hub 2-0:1.0: 6 ports detected
[    4.913321] 116x: driver isp116x-hcd, 03 Nov 2005
[    4.913420] ohci_hcd: USB 1.1 'Open' Host Controller (OHCI) Driver
[    4.913523] uhci_hcd: USB Universal Host Controller Interface driver
[    4.913623] uhci_hcd 0000:00:1a.0: PCI INT A -> GSI 20 (level, low) -> IRQ 20
[    4.913713] uhci_hcd 0000:00:1a.0: setting latency timer to 64
[    4.913716] uhci_hcd 0000:00:1a.0: UHCI Host Controller
[    4.913849] uhci_hcd 0000:00:1a.0: new USB bus registered, assigned bus number 3
[    4.913991] uhci_hcd 0000:00:1a.0: irq 20, io base 0x00001860
[    4.914094] usb usb3: New USB device found, idVendor=1d6b, idProduct=0001
[    4.914178] usb usb3: New USB device strings: Mfr=3, Product=2, SerialNumber=1
[    4.914297] usb usb3: Product: UHCI Host Controller
[    4.914399] usb usb3: Manufacturer: Linux 2.6.32.57 uhci_hcd
[    4.914483] usb usb3: SerialNumber: 0000:00:1a.0
[    4.914610] usb usb3: configuration #1 chosen from 1 choice
[    4.914719] hub 3-0:1.0: USB hub found
[    4.914805] hub 3-0:1.0: 2 ports detected
[    4.915116] uhci_hcd 0000:00:1a.1: power state changed by ACPI to D0
[    4.915367] uhci_hcd 0000:00:1a.1: power state changed by ACPI to D0
[    4.915458] uhci_hcd 0000:00:1a.1: PCI INT B -> GSI 21 (level, low) -> IRQ 21
[    4.915554] uhci_hcd 0000:00:1a.1: setting latency timer to 64
[    4.915557] uhci_hcd 0000:00:1a.1: UHCI Host Controller
[    4.915673] uhci_hcd 0000:00:1a.1: new USB bus registered, assigned bus number 4
[    4.915821] uhci_hcd 0000:00:1a.1: irq 21, io base 0x00001880
[    4.915932] usb usb4: New USB device found, idVendor=1d6b, idProduct=0001
[    4.916015] usb usb4: New USB device strings: Mfr=3, Product=2, SerialNumber=1
[    4.916125] usb usb4: Product: UHCI Host Controller
[    4.916204] usb usb4: Manufacturer: Linux 2.6.32.57 uhci_hcd
[    4.916287] usb usb4: SerialNumber: 0000:00:1a.1
[    4.916424] usb usb4: configuration #1 chosen from 1 choice
[    4.916532] hub 4-0:1.0: USB hub found
[    4.916618] hub 4-0:1.0: 2 ports detected
[    4.916920] uhci_hcd 0000:00:1d.0: power state changed by ACPI to D0
[    4.917201] uhci_hcd 0000:00:1d.0: power state changed by ACPI to D0
[    4.917293] uhci_hcd 0000:00:1d.0: PCI INT A -> GSI 16 (level, low) -> IRQ 16
[    4.917395] uhci_hcd 0000:00:1d.0: setting latency timer to 64
[    4.917398] uhci_hcd 0000:00:1d.0: UHCI Host Controller
[    4.917524] uhci_hcd 0000:00:1d.0: new USB bus registered, assigned bus number 5
[    4.917667] uhci_hcd 0000:00:1d.0: irq 16, io base 0x000018a0
[    4.917776] usb usb5: New USB device found, idVendor=1d6b, idProduct=0001
[    4.917861] usb usb5: New USB device strings: Mfr=3, Product=2, SerialNumber=1
[    4.917973] usb usb5: Product: UHCI Host Controller
[    4.918055] usb usb5: Manufacturer: Linux 2.6.32.57 uhci_hcd
[    4.918143] usb usb5: SerialNumber: 0000:00:1d.0
[    4.918280] usb usb5: configuration #1 chosen from 1 choice
[    4.918403] hub 5-0:1.0: USB hub found
[    4.918484] hub 5-0:1.0: 2 ports detected
[    4.918628] uhci_hcd 0000:00:1d.1: PCI INT B -> GSI 17 (level, low) -> IRQ 17
[    4.918723] uhci_hcd 0000:00:1d.1: setting latency timer to 64
[    4.918728] uhci_hcd 0000:00:1d.1: UHCI Host Controller
[    4.918852] uhci_hcd 0000:00:1d.1: new USB bus registered, assigned bus number 6
[    4.918992] uhci_hcd 0000:00:1d.1: irq 17, io base 0x000018c0
[    4.919105] usb usb6: New USB device found, idVendor=1d6b, idProduct=0001
[    4.919191] usb usb6: New USB device strings: Mfr=3, Product=2, SerialNumber=1
[    4.919303] usb usb6: Product: UHCI Host Controller
[    4.919388] usb usb6: Manufacturer: Linux 2.6.32.57 uhci_hcd
[    4.919485] usb usb6: SerialNumber: 0000:00:1d.1
[    4.919610] usb usb6: configuration #1 chosen from 1 choice
[    4.919718] hub 6-0:1.0: USB hub found
[    4.919800] hub 6-0:1.0: 2 ports detected
[    4.920090] uhci_hcd 0000:00:1d.2: power state changed by ACPI to D0
[    4.920331] uhci_hcd 0000:00:1d.2: power state changed by ACPI to D0
[    4.920418] uhci_hcd 0000:00:1d.2: PCI INT C -> GSI 18 (level, low) -> IRQ 18
[    4.920516] uhci_hcd 0000:00:1d.2: setting latency timer to 64
[    4.920520] uhci_hcd 0000:00:1d.2: UHCI Host Controller
[    4.920651] uhci_hcd 0000:00:1d.2: new USB bus registered, assigned bus number 7
[    4.920804] uhci_hcd 0000:00:1d.2: irq 18, io base 0x000018e0
[    4.920909] usb usb7: New USB device found, idVendor=1d6b, idProduct=0001
[    4.920997] usb usb7: New USB device strings: Mfr=3, Product=2, SerialNumber=1
[    4.921108] usb usb7: Product: UHCI Host Controller
[    4.921192] usb usb7: Manufacturer: Linux 2.6.32.57 uhci_hcd
[    4.921285] usb usb7: SerialNumber: 0000:00:1d.2
[    4.922073] usb usb7: configuration #1 chosen from 1 choice
[    4.922196] hub 7-0:1.0: USB hub found
[    4.922279] hub 7-0:1.0: 2 ports detected
[    4.922433] sl811: driver sl811-hcd, 19 May 2005
[    4.922529] r8a66597_hcd: driver r8a66597_hcd, 2009-05-26
[    4.922696] Initializing USB Mass Storage driver...
[    4.922814] usbcore: registered new interface driver usb-storage
[    4.922895] USB Mass Storage support registered.
[    4.922991] usbcore: registered new interface driver ums-alauda
[    4.923091] usbcore: registered new interface driver ums-cypress
[    4.923188] usbcore: registered new interface driver ums-datafab
[    4.923287] usbcore: registered new interface driver ums-freecom
[    4.923393] usbcore: registered new interface driver ums-isd200
[    4.923490] usbcore: registered new interface driver ums-jumpshot
[    4.923592] usbcore: registered new interface driver ums-karma
[    4.923696] usbcore: registered new interface driver ums-onetouch
[    4.923803] usbcore: registered new interface driver ums-sddr09
[    4.923909] usbcore: registered new interface driver ums-sddr55
[    4.924015] usbcore: registered new interface driver ums-usbat
[    4.924157] PNP: PS/2 Controller [PNP0303:KBD,PNP0f13:MOU] at 0x60,0x64 irq 1,12
[    4.933125] serio: i8042 KBD port at 0x60,0x64 irq 1
[    4.933206] serio: i8042 AUX port at 0x60,0x64 irq 12
[    4.933451] mice: PS/2 mouse device common for all mice
[    4.933554] i2c /dev entries driver
[    4.933675] md: linear personality registered for level -1
[    4.933759] md: raid0 personality registered for level 0
[    4.933840] md: raid1 personality registered for level 1
[    4.933924] md: raid10 personality registered for level 10
[    4.934018] md: raid6 personality registered for level 6
[    4.934102] md: raid5 personality registered for level 5
[    4.934188] md: raid4 personality registered for level 4
[    4.934268] md: multipath personality registered for level -4
[    4.934473] device-mapper: ioctl: 4.15.0-ioctl (2009-04-01) initialised: dm-devel@redhat.com
[    4.934671] cpuidle: using governor ladder
[    4.935263] usbcore: registered new interface driver usbhid
[    4.935370] usbhid: v2.6:USB HID core driver
[    4.935538] TCP cubic registered
[    4.935616] Initializing XFRM netlink socket
[    4.935709] NET: Registered protocol family 17
[    4.935799] Using IPI Shortcut mode
[    4.939632] input: AT Translated Set 2 keyboard as /devices/platform/i8042/serio0/input/input1
[    5.127367] ata1: SATA link up 1.5 Gbps (SStatus 113 SControl 300)
[    5.127470] ata3: SATA link down (SStatus 0 SControl 300)
[    5.129983] ata1.00: ACPI cmd ef/02:00:00:00:00:a0 (SET FEATURES) succeeded
[    5.129985] ata1.00: ACPI cmd f5/00:00:00:00:00:a0 (SECURITY FREEZE LOCK) filtered out
[    5.131379] ata1.00: ACPI cmd ef/5f:00:00:00:00:a0 (SET FEATURES) succeeded
[    5.131381] ata1.00: ACPI cmd ef/10:03:00:00:00:a0 (SET FEATURES) filtered out
[    5.133290] ata1.00: ATA-7: ST910021AS, 4.06, max UDMA/100
[    5.133373] ata1.00: 195371568 sectors, multi 16: LBA48 
[    5.135531] ata1.00: ACPI cmd ef/02:00:00:00:00:a0 (SET FEATURES) succeeded
[    5.135533] ata1.00: ACPI cmd f5/00:00:00:00:00:a0 (SECURITY FREEZE LOCK) filtered out
[    5.136923] ata1.00: ACPI cmd ef/5f:00:00:00:00:a0 (SET FEATURES) succeeded
[    5.136926] ata1.00: ACPI cmd ef/10:03:00:00:00:a0 (SET FEATURES) filtered out
[    5.138852] ata1.00: configured for UDMA/100
[    5.149417] scsi 2:0:0:0: Direct-Access     ATA      ST910021AS       4.06 PQ: 0 ANSI: 5
[    5.149694] sd 2:0:0:0: [sda] 195371568 512-byte logical blocks: (100 GB/93.1 GiB)
[    5.149828] sd 2:0:0:0: [sda] Write Protect is off
[    5.149921] sd 2:0:0:0: [sda] Mode Sense: 00 3a 00 00
[    5.149933] sd 2:0:0:0: [sda] Write cache: enabled, read cache: enabled, doesn't support DPO or FUA
[    5.150122]  sda:
[    5.214360] usb 2-1: new high speed USB device using ehci_hcd and address 2
[    5.363648] usb 2-1: New USB device found, idVendor=0e8d, idProduct=1806
[    5.363729] usb 2-1: New USB device strings: Mfr=1, Product=2, SerialNumber=3
[    5.363816] usb 2-1: Product: MT1806 
[    5.363903] usb 2-1: Manufacturer: MediaTek Inc
[    5.363988] usb 2-1: SerialNumber: R8KN6GAC800AEB 
[    5.364121] usb 2-1: configuration #1 chosen from 1 choice
[    5.370441] scsi5 : SCSI emulation for USB Mass Storage devices
[    5.370607] usb-storage: device found at 2
[    5.370608] usb-storage: waiting for device to settle before scanning
[    5.582091]  sda1 sda2
[    5.582816] sd 2:0:0:0: [sda] Attached SCSI disk
[    5.582902] RANDOM - __seed init called.
[    5.582903] RANDOM - __seed init called.
[    5.582904] RANDOM - __seed init called.
[    5.582906] RANDOM - __random32 called. Change num 12.  Value: 2b783c76	b1e3cf6b	a64684c9
[    5.582908] RANDOM - random32_reseed called.  Value: 2b783c76	b1e3cf6b	a64684c9
[    5.583406] md: Waiting for all devices to be available before autodetect
[    5.583491] md: If you don't use raid, use raid=noautodetect
[    5.583650] md: Autodetecting RAID arrays.
[    5.583741] md: Scanned 0 and added 0 devices.
[    5.583830] md: autorun ...
[    5.583913] md: ... autorun DONE.
[    5.614840] EXT3-fs: sda2: couldn't mount because of unsupported optional features (240).
[    5.615077] EXT2-fs: sda2: couldn't mount because of unsupported optional features (240).
[    5.644595] EXT4-fs (sda2): mounted filesystem with ordered data mode
[    5.644773] VFS: Mounted root (ext4 filesystem) readonly on device 8:2.
[    5.644866] Freeing unused kernel memory: 448k freed
[    6.156612] ieee1394: Host added: ID:BUS[0-00:1023]  GUID[00061b032a25f51c]
[    6.986303] sd 2:0:0:0: Attached scsi generic sg0 type 0
[    7.149207] i801_smbus 0000:00:1f.3: PCI INT A -> GSI 23 (level, low) -> IRQ 23
[    7.192038] input: Lid Switch as /devices/LNXSYSTM:00/LNXSYBUS:00/PNP0C0D:00/input/input2
[    7.192380] ACPI: Lid Switch [LID]
[    7.192493] input: Sleep Button as /devices/LNXSYSTM:00/LNXSYBUS:00/PNP0C0E:00/input/input3
[    7.192624] ACPI: Sleep Button [SLPB]
[    7.192743] input: Power Button as /devices/LNXSYSTM:00/LNXPWRBN:00/input/input4
[    7.192860] ACPI: Power Button [PWRF]
[    7.322921] Linux agpgart interface v0.103
[    7.336532] e1000e: Intel(R) PRO/1000 Network Driver - 1.0.2-k2
[    7.336627] e1000e: Copyright (c) 1999-2008 Intel Corporation.
[    7.336773] e1000e 0000:00:19.0: PCI INT A -> GSI 20 (level, low) -> IRQ 20
[    7.336867] e1000e 0000:00:19.0: setting latency timer to 64
[    7.336978] e1000e 0000:00:19.0: irq 30 for MSI/MSI-X
[    7.360979] Non-volatile memory driver v1.3
[    7.461421] ACPI: AC Adapter [AC] (on-line)
[    7.468850] ACPI: SSDT 3d6e1b32 002C4 (v01  PmRef  Cpu0Ist 00000100 INTL 20050513)
[    7.469580] ACPI: SSDT 3d6e1e7b 0085E (v01  PmRef  Cpu0Cst 00000100 INTL 20050513)
[    7.488826] rtc_cmos 00:07: RTC can wake from S4
[    7.488987] rtc_cmos 00:07: rtc core: registered rtc_cmos as rtc0
[    7.489106] rtc0: alarms up to one month, y3k, 114 bytes nvram, hpet irqs
[    7.495613] ACPI: WMI: Mapper loaded
[    7.498783] Monitor-Mwait will be used to enter C-1 state
[    7.498785] Monitor-Mwait will be used to enter C-2 state
[    7.498787] Monitor-Mwait will be used to enter C-3 state
[    7.498790] Marking TSC unstable due to TSC halts in idle
[    7.498972] processor LNXCPU:00: registered as cooling_device0
[    7.506063] Switching to clocksource hpet
[    7.635734] thermal LNXTHERM:01: registered as thermal_zone0
[    7.635827] ACPI: Thermal Zone [THM0] (60 C)
[    7.637349] thermal LNXTHERM:02: registered as thermal_zone1
[    7.637433] ACPI: Thermal Zone [THM1] (56 C)
[    7.821050] RANDOM - __random32 called. Change num 1.  Value: 83c7659e	1e3cf6bb	9928e54
[    7.821053] RANDOM - random32 called.  Value: 83c7659e	1e3cf6bb	9928e54
[    7.821079] 0000:00:19.0: eth0: (PCI Express:2.5GB/s:Width x1) 00:1e:37:d4:95:86
[    7.821196] 0000:00:19.0: eth0: Intel(R) PRO/1000 Network Connection
[    7.821312] 0000:00:19.0: eth0: MAC: 6, PHY: 6, PBA No: 1008ff-0ff
[    7.821850] agpgart-intel 0000:00:00.0: Intel 965GM Chipset
[    7.822467] agpgart-intel 0000:00:00.0: detected 7676K stolen memory
[    7.826992] agpgart-intel 0000:00:00.0: AGP aperture is 256M @ 0xe0000000
[    7.966815] Synaptics Touchpad, model: 1, fw: 6.2, id: 0x81a0b1, caps: 0xa04791/0x300000/0x0
[    7.966947] serio: Synaptics pass-through port at isa0060/serio1/input0
[    8.010639] input: SynPS/2 Synaptics TouchPad as /devices/platform/i8042/serio1/input/input5
[   10.381523] scsi 5:0:0:0: CD-ROM            TSSTcorp CDDVDW SE-208AB  TS03 PQ: 0 ANSI: 0
[   10.414499] sr0: scsi3-mmc drive: 24x/24x writer dvd-ram cd/rw xa/form2 cdda tray
[   10.414692] sr 5:0:0:0: Attached scsi CD-ROM sr0
[   10.414757] sr 5:0:0:0: Attached scsi generic sg1 type 5
[   10.415534] usb-storage: device scan complete
[   13.552292] IBM TrackPoint firmware: 0x0e, buttons: 3/3
[   13.787417] input: TPPS/2 IBM TrackPoint as /devices/platform/i8042/serio1/serio2/input/input6
[   17.495975] ACPI: Battery Slot [BAT0] (battery present)
[   17.931269] yenta_cardbus 0000:15:00.0: CardBus bridge found [17aa:20c6]
[   17.999155] thinkpad_acpi: ThinkPad ACPI Extras v0.23
[   17.999241] thinkpad_acpi: http://ibm-acpi.sf.net/
[   17.999328] thinkpad_acpi: ThinkPad BIOS 7LETB7WW (2.17 ), EC 7KHT24WW-1.08
[   17.999417] thinkpad_acpi: Lenovo ThinkPad R61, model 7732CTO
[   18.000915] thinkpad_acpi: ACPI backlight control delay disabled
[   18.001219] thinkpad_acpi: radio switch found; radios are enabled
[   18.001429] thinkpad_acpi: This ThinkPad has standard ACPI backlight brightness control, supported by the ACPI video driver
[   18.001553] thinkpad_acpi: Disabling thinkpad-acpi brightness events by default...
[   18.007552] Registered led device: tpacpi::thinklight
[   18.007655] Registered led device: tpacpi::power
[   18.007745] Registered led device: tpacpi::standby
[   18.007849] Registered led device: tpacpi::thinkvantage
[   18.013388] thinkpad_acpi: Standard ACPI backlight interface available, not loading native one.
[   18.013809] input: ThinkPad Extra Buttons as /devices/platform/thinkpad_acpi/input/input7
[   18.035606] HDA Intel 0000:00:1b.0: PCI INT B -> GSI 17 (level, low) -> IRQ 17
[   18.035736] hda_intel: probe_mask set to 0x1 for device 17aa:20ac
[   18.035854] HDA Intel 0000:00:1b.0: setting latency timer to 64
[   18.053607] yenta_cardbus 0000:15:00.0: ISA IRQ mask 0x0cb8, PCI irq 16
[   18.053691] yenta_cardbus 0000:15:00.0: Socket status: 30000820
[   18.053794] yenta_cardbus 0000:15:00.0: pcmcia: parent PCI bridge I/O window: 0x7000 - 0xafff
[   18.053915] pcmcia_socket pcmcia_socket0: cs: IO port probe 0x7000-0xafff: clean.
[   18.054781] yenta_cardbus 0000:15:00.0: pcmcia: parent PCI bridge Memory window: 0xf8300000 - 0xfbffffff
[   18.054901] yenta_cardbus 0000:15:00.0: pcmcia: parent PCI bridge Memory window: 0xf4000000 - 0xf7ffffff
[   18.678810] pcmcia_socket pcmcia_socket0: pccard: CardBus card inserted into slot 0
[   18.679648] pci 0000:16:00.0: reg 10 32bit mmio: [0x000000-0x00ffff]
[   18.715745] pcmcia_socket pcmcia_socket0: cs: IO port probe 0xc00-0xcff: clean.
[   18.716511] pcmcia_socket pcmcia_socket0: cs: IO port probe 0x3e0-0x4ff: excluding 0x4d0-0x4d7
[   18.717411] pcmcia_socket pcmcia_socket0: cs: IO port probe 0x100-0x3af: clean.
[   18.719194] pcmcia_socket pcmcia_socket0: cs: IO port probe 0xa00-0xaff: clean.
[   18.820480] Adding 4200956k swap on /dev/sda1.  Priority:-1 extents:1 across:4200956k 
[   18.895454] fuse init (API version 7.13)
[   19.910344] lp: driver loaded but no devices found
[   19.918982] ppdev: user-space parallel port driver
[   19.976355] powernow: This module only works with AMD K7 CPUs
[   20.029777] cpufreq-nforce2: No nForce2 chipset.
[   29.963700] RANDOM - __seed init called.
[   29.963708] RANDOM - srandom32 called with seed 16777343. Change num 2 Value: 82c765e1	1e3cf6bb	9928e54
[   29.963716] Pid: 3093, comm: ifconfig Not tainted 2.6.32.57 #1
[   29.963720] Call Trace:
[   29.963735]  [<c165292f>] ? __inet_insert_ifa+0xef/0x150
[   29.963744]  [<c1653fee>] ? devinet_ioctl+0x44e/0x6f0
[   29.963752]  [<c108bceb>] ? __link_path_walk+0x7b/0xd50
[   29.963761]  [<c15f818b>] ? sock_ioctl+0x6b/0x260
[   29.963768]  [<c106ae89>] ? __do_fault+0x339/0x420
[   29.963775]  [<c15f8120>] ? sock_ioctl+0x0/0x260
[   29.963782]  [<c108f01f>] ? vfs_ioctl+0x1f/0x70
[   29.963789]  [<c108f5fb>] ? do_vfs_ioctl+0x39b/0x5c0
[   29.963795]  [<c106c973>] ? handle_mm_fault+0x1b3/0x790
[   29.963803]  [<c108f886>] ? sys_ioctl+0x66/0x70
[   29.963810]  [<c1002da5>] ? syscall_call+0x7/0xb
[   30.091700] RANDOM - __seed init called.
[   30.091707] RANDOM - srandom32 called with seed -446697596. Change num 3 Value: 67988a65	1e3cf6bb	9928e54
[   30.091715] Pid: 3116, comm: ifconfig Not tainted 2.6.32.57 #1
[   30.091719] Call Trace:
[   30.091730]  [<c165292f>] ? __inet_insert_ifa+0xef/0x150
[   30.091738]  [<c1653fee>] ? devinet_ioctl+0x44e/0x6f0
[   30.091746]  [<c108bceb>] ? __link_path_walk+0x7b/0xd50
[   30.091754]  [<c15f818b>] ? sock_ioctl+0x6b/0x260
[   30.091760]  [<c106ae89>] ? __do_fault+0x339/0x420
[   30.091767]  [<c15f8120>] ? sock_ioctl+0x0/0x260
[   30.091774]  [<c108f01f>] ? vfs_ioctl+0x1f/0x70
[   30.091781]  [<c108f5fb>] ? do_vfs_ioctl+0x39b/0x5c0
[   30.091788]  [<c106c973>] ? handle_mm_fault+0x1b3/0x790
[   30.091796]  [<c108f886>] ? sys_ioctl+0x66/0x70
[   30.091802]  [<c1002da5>] ? syscall_call+0x7/0xb
[   30.232039] e1000e 0000:00:19.0: irq 30 for MSI/MSI-X
[   30.282778] e1000e 0000:00:19.0: irq 30 for MSI/MSI-X
[   30.283519] RANDOM - __seed init called.
[   30.283525] RANDOM - srandom32 called with seed -446697596. Change num 4 Value: 82c765e1	1e3cf6bb	9928e54
[   30.283532] Pid: 3116, comm: ifconfig Not tainted 2.6.32.57 #1
[   30.283536] Call Trace:
[   30.283545]  [<c165292f>] ? __inet_insert_ifa+0xef/0x150
[   30.283554]  [<c1653e19>] ? devinet_ioctl+0x279/0x6f0
[   30.283562]  [<c16061b5>] ? __dev_get_by_name+0x75/0x90
[   30.283570]  [<c15f818b>] ? sock_ioctl+0x6b/0x260
[   30.283577]  [<c15f8120>] ? sock_ioctl+0x0/0x260
[   30.283584]  [<c108f01f>] ? vfs_ioctl+0x1f/0x70
[   30.283591]  [<c108f5fb>] ? do_vfs_ioctl+0x39b/0x5c0
[   30.283598]  [<c106c973>] ? handle_mm_fault+0x1b3/0x790
[   30.283606]  [<c108f886>] ? sys_ioctl+0x66/0x70
[   30.283612]  [<c1002da5>] ? syscall_call+0x7/0xb
[   30.284944] RANDOM - __seed init called.
[   30.284951] RANDOM - srandom32 called with seed -446697596. Change num 5 Value: 67988a65	1e3cf6bb	9928e54
[   30.284958] Pid: 3116, comm: ifconfig Not tainted 2.6.32.57 #1
[   30.284962] Call Trace:
[   30.284970]  [<c165292f>] ? __inet_insert_ifa+0xef/0x150
[   30.284979]  [<c1653e19>] ? devinet_ioctl+0x279/0x6f0
[   30.284986]  [<c16061b5>] ? __dev_get_by_name+0x75/0x90
[   30.284994]  [<c15f818b>] ? sock_ioctl+0x6b/0x260
[   30.285000]  [<c106ae89>] ? __do_fault+0x339/0x420
[   30.285007]  [<c15f8120>] ? sock_ioctl+0x0/0x260
[   30.285014]  [<c108f01f>] ? vfs_ioctl+0x1f/0x70
[   30.285021]  [<c108f5fb>] ? do_vfs_ioctl+0x39b/0x5c0
[   30.285027]  [<c106c973>] ? handle_mm_fault+0x1b3/0x790
[   30.285035]  [<c10226a4>] ? pick_next_task_fair+0x64/0xb0
[   30.285043]  [<c108f886>] ? sys_ioctl+0x66/0x70
[   30.285048]  [<c1002da5>] ? syscall_call+0x7/0xb
[   30.814540] UDP snum after finding: 25
[   30.815366] UDP snum after finding: 200
[   31.052087] NET: Registered protocol family 10
[   31.052130] RANDOM - __random32 called. Change num 6.  Value: 88a64eda	e3cf6bb3	1ca8a0df
[   31.052135] RANDOM - random32 called.  Value: 88a64eda	e3cf6bb3	1ca8a0df
[   31.052299] RANDOM - __random32 called. Change num 7.  Value: 64eda82f	3cf6bb36	41bf3db4
[   31.052304] RANDOM - random32 called.  Value: 64eda82f	3cf6bb36	41bf3db4
[   31.052351] RANDOM - __random32 called. Change num 8.  Value: da82fa3d	cf6bb367	7b6988da
[   31.052356] RANDOM - random32 called.  Value: da82fa3d	cf6bb367	7b6988da
[   31.052419] ADDRCONF(NETDEV_UP): eth0: link is not ready
[   31.058252] RANDOM - __random32 called. Change num 9.  Value: 2fa3d0b8	f6bb3679	11b404b9
[   31.058256] RANDOM - random32 called.  Value: 2fa3d0b8	f6bb3679	11b404b9
[   31.058259] UDP rand value before processing c8ace278
[   31.058262] UDP first value d673 before processing
[   31.058264] UDP snum after finding: d673
[   31.058277] RANDOM - __random32 called. Change num 10.  Value: 3d0b8ab6	6bb36796	9738284
[   31.058281] RANDOM - random32 called.  Value: 3d0b8ab6	6bb36796	9738284
[   31.058283] UDP rand value before processing 5fcb6fa4
[   31.058285] UDP first value a944 before processing
[   31.058288] UDP snum after finding: a944
[   33.396172] e1000e: eth0 NIC Link is Up 1000 Mbps Full Duplex, Flow Control: None
[   33.396396] ADDRCONF(NETDEV_CHANGE): eth0: link becomes ready
[   33.396445] RANDOM - __random32 called. Change num 11.  Value: b8ab698b	bb367962	5085df2
[   33.396448] RANDOM - random32 called.  Value: b8ab698b	bb367962	5085df2
[   33.396451] RANDOM - __seed init called.
[   33.396455] RANDOM - srandom32 called with seed -2037000962. Change num 12 Value: 3e3ebd75	bb367962	5085df2
[   33.396460] Pid: 4, comm: events/0 Not tainted 2.6.32.57 #1
[   33.396463] Call Trace:
[   33.396477]  [<f8be7ce6>] ? addrconf_dad_start+0x26/0x100 [ipv6]
[   33.396486]  [<f8be7e22>] ? addrconf_add_linklocal+0x62/0x80 [ipv6]
[   33.396496]  [<f8be9dc7>] ? addrconf_notify+0x5f7/0x9e0 [ipv6]
[   33.396504]  [<c1607cc2>] ? net_rx_action+0x92/0x120
[   33.396509]  [<c102ad74>] ? __do_softirq+0x84/0xf0
[   33.396514]  [<c1004893>] ? do_IRQ+0x43/0xb0
[   33.396519]  [<c10033a9>] ? common_interrupt+0x29/0x30
[   33.396524]  [<c16279b4>] ? rt_cache_flush+0xa4/0xd0
[   33.396529]  [<c103ba96>] ? notifier_call_chain+0x36/0x70
[   33.396533]  [<c103bbf7>] ? raw_notifier_call_chain+0x17/0x20
[   33.396539]  [<c16092f1>] ? netdev_state_change+0x21/0x30
[   33.396544]  [<c1612fc8>] ? __linkwatch_run_queue+0x118/0x1b0
[   33.396549]  [<c1613060>] ? linkwatch_event+0x0/0x20
[   33.396553]  [<c1613078>] ? linkwatch_event+0x18/0x20
[   33.396558]  [<c103519e>] ? worker_thread+0xde/0x190
[   33.396563]  [<c10382c0>] ? autoremove_wake_function+0x0/0x50
[   33.396568]  [<c10350c0>] ? worker_thread+0x0/0x190
[   33.396572]  [<c1037f14>] ? kthread+0x74/0x80
[   33.396576]  [<c1037ea0>] ? kthread+0x0/0x80
[   33.396595]  [<c10035e7>] ? kernel_thread_helper+0x7/0x10
[   33.396599] RANDOM - __random32 called. Change num 13.  Value: ebd75d32	b367962b	bbe5a956
[   33.396602] RANDOM - random32 called.  Value: ebd75d32	b367962b	bbe5a956
[   33.396606] RANDOM - __random32 called. Change num 14.  Value: 75d3200e	367962bf	52ac991c
[   33.396609] RANDOM - random32 called.  Value: 75d3200e	367962bf	52ac991c
[   33.397605] RANDOM - __random32 called. Change num 15.  Value: 3200e23a	67962bf7	3238f90a
[   33.397609] RANDOM - random32 called.  Value: 3200e23a	67962bf7	3238f90a
