[    0.000000] Linux version 2.6.32.57 (dcashman@dcashman-02) (gcc version 4.3.3 (GCC) ) #1 Thu May 23 04:51:19 PDT 2013
[    0.000000] KERNEL supported cpus:
[    0.000000]   Intel GenuineIntel
[    0.000000]   AMD AuthenticAMD
[    0.000000]   NSC Geode by NSC
[    0.000000]   Cyrix CyrixInstead
[    0.000000]   Centaur CentaurHauls
[    0.000000]   Transmeta GenuineTMx86
[    0.000000]   Transmeta TransmetaCPU
[    0.000000]   UMC UMC UMC UMC
[    0.000000] BIOS-provided physical RAM map:
[    0.000000]  BIOS-e820: 0000000000000000 - 000000000009d800 (usable)
[    0.000000]  BIOS-e820: 000000000009d800 - 00000000000a0000 (reserved)
[    0.000000]  BIOS-e820: 00000000000d2000 - 00000000000d4000 (reserved)
[    0.000000]  BIOS-e820: 00000000000e0000 - 0000000000100000 (reserved)
[    0.000000]  BIOS-e820: 0000000000100000 - 000000003d6b0000 (usable)
[    0.000000]  BIOS-e820: 000000003d6b0000 - 000000003d6cc000 (ACPI data)
[    0.000000]  BIOS-e820: 000000003d6cc000 - 000000003d700000 (ACPI NVS)
[    0.000000]  BIOS-e820: 000000003d700000 - 000000003e000000 (reserved)
[    0.000000]  BIOS-e820: 00000000f0000000 - 00000000f4000000 (reserved)
[    0.000000]  BIOS-e820: 00000000fec00000 - 00000000fec10000 (reserved)
[    0.000000]  BIOS-e820: 00000000fed00000 - 00000000fed00400 (reserved)
[    0.000000]  BIOS-e820: 00000000fed14000 - 00000000fed1a000 (reserved)
[    0.000000]  BIOS-e820: 00000000fed1c000 - 00000000fed90000 (reserved)
[    0.000000]  BIOS-e820: 00000000fee00000 - 00000000fee01000 (reserved)
[    0.000000]  BIOS-e820: 00000000ff000000 - 0000000100000000 (reserved)
[    0.000000] DMI present.
[    0.000000] last_pfn = 0x3d6b0 max_arch_pfn = 0x100000
[    0.000000] MTRR default type: uncachable
[    0.000000] MTRR fixed ranges enabled:
[    0.000000]   00000-9FFFF write-back
[    0.000000]   A0000-BFFFF uncachable
[    0.000000]   C0000-CFFFF write-protect
[    0.000000]   D0000-DFFFF uncachable
[    0.000000]   E0000-FFFFF write-protect
[    0.000000] MTRR variable ranges enabled:
[    0.000000]   0 base 03E000000 mask FFE000000 uncachable
[    0.000000]   1 base 000000000 mask FC0000000 write-back
[    0.000000]   2 base 03D700000 mask FFFF00000 uncachable
[    0.000000]   3 base 03D800000 mask FFF800000 uncachable
[    0.000000]   4 disabled
[    0.000000]   5 disabled
[    0.000000]   6 disabled
[    0.000000]   7 disabled
[    0.000000] initial memory mapped : 0 - 02000000
[    0.000000] init_memory_mapping: 0000000000000000-00000000377fe000
[    0.000000]  0000000000 - 0000400000 page 4k
[    0.000000]  0000400000 - 0037400000 page 2M
[    0.000000]  0037400000 - 00377fe000 page 4k
[    0.000000] kernel direct mapping tables up to 377fe000 @ 7000-c000
[    0.000000] ACPI: RSDP 000f68d0 00024 (v02 LENOVO)
[    0.000000] ACPI: XSDT 3d6bb77f 00094 (v01 LENOVO TP-7L    00002170  LTP 00000000)
[    0.000000] ACPI: FACP 3d6bb900 000F4 (v03 LENOVO TP-7L    00002170 LNVO 00000001)
[    0.000000] ACPI Warning: 32/64X length mismatch in Gpe1Block: 0/32 (20090903/tbfadt-526)
[    0.000000] ACPI Warning: Optional field Gpe1Block has zero address or length: 000000000000102C/0 (20090903/tbfadt-557)
[    0.000000] ACPI: DSDT 3d6bbd1d 0FED1 (v01 LENOVO TP-7L    00002170 MSFT 03000000)
[    0.000000] ACPI: FACS 3d6e4000 00040
[    0.000000] ACPI: SSDT 3d6bbab4 00269 (v01 LENOVO TP-7L    00002170 MSFT 03000000)
[    0.000000] ACPI: ECDT 3d6cbbee 00052 (v01 LENOVO TP-7L    00002170 LNVO 00000001)
[    0.000000] ACPI: TCPA 3d6cbc40 00032 (v02 LENOVO TP-7L    00002170 LNVO 00000001)
[    0.000000] ACPI: APIC 3d6cbc72 00068 (v01 LENOVO TP-7L    00002170 LNVO 00000001)
[    0.000000] ACPI: MCFG 3d6cbcda 0003C (v01 LENOVO TP-7L    00002170 LNVO 00000001)
[    0.000000] ACPI: HPET 3d6cbd16 00038 (v01 LENOVO TP-7L    00002170 LNVO 00000001)
[    0.000000] ACPI: SLIC 3d6cbdf0 00176 (v01 LENOVO TP-7L    00002170  LTP 00000000)
[    0.000000] ACPI: BOOT 3d6cbf66 00028 (v01 LENOVO TP-7L    00002170  LTP 00000001)
[    0.000000] ACPI: ASF! 3d6cbf8e 00072 (v16 LENOVO TP-7L    00002170 PTL  00000001)
[    0.000000] ACPI: SSDT 3d6e26d9 0025F (v01 LENOVO TP-7L    00002170 INTL 20050513)
[    0.000000] ACPI: SSDT 3d6e2938 000A6 (v01 LENOVO TP-7L    00002170 INTL 20050513)
[    0.000000] ACPI: SSDT 3d6e29de 004F7 (v01 LENOVO TP-7L    00002170 INTL 20050513)
[    0.000000] ACPI: SSDT 3d6e2ed5 001D8 (v01 LENOVO TP-7L    00002170 INTL 20050513)
[    0.000000] ACPI: DMI detected: Lenovo ThinkPad R61
[    0.000000] ACPI: Added _OSI(Linux)
[    0.000000] ACPI: Local APIC address 0xfee00000
[    0.000000] 94MB HIGHMEM available.
[    0.000000] 887MB LOWMEM available.
[    0.000000]   mapped low ram: 0 - 377fe000
[    0.000000]   low ram: 0 - 377fe000
[    0.000000]   node 0 low ram: 00000000 - 377fe000
[    0.000000]   node 0 bootmap 00008000 - 0000ef00
[    0.000000] (6 early reservations) ==> bootmem [0000000000 - 00377fe000]
[    0.000000]   #0 [0000000000 - 0000001000]   BIOS data page ==> [0000000000 - 0000001000]
[    0.000000]   #1 [0001000000 - 0001bd6180]    TEXT DATA BSS ==> [0001000000 - 0001bd6180]
[    0.000000]   #2 [000009d800 - 0000100000]    BIOS reserved ==> [000009d800 - 0000100000]
[    0.000000]   #3 [0001bd7000 - 0001bdf16c]              BRK ==> [0001bd7000 - 0001bdf16c]
[    0.000000]   #4 [0000007000 - 0000008000]          PGTABLE ==> [0000007000 - 0000008000]
[    0.000000]   #5 [0000008000 - 000000f000]          BOOTMAP ==> [0000008000 - 000000f000]
[    0.000000] found SMP MP-table at [c00f6900] f6900
[    0.000000] Zone PFN ranges:
[    0.000000]   DMA      0x00000000 -> 0x00001000
[    0.000000]   Normal   0x00001000 -> 0x000377fe
[    0.000000]   HighMem  0x000377fe -> 0x0003d6b0
[    0.000000] Movable zone start PFN for each node
[    0.000000] early_node_map[2] active PFN ranges
[    0.000000]     0: 0x00000000 -> 0x0000009d
[    0.000000]     0: 0x00000100 -> 0x0003d6b0
[    0.000000] On node 0 totalpages: 251469
[    0.000000] free_area_init_node: node 0, pgdat c18fbda0, node_mem_map c1be1000
[    0.000000]   DMA zone: 32 pages used for memmap
[    0.000000]   DMA zone: 0 pages reserved
[    0.000000]   DMA zone: 3965 pages, LIFO batch:0
[    0.000000]   Normal zone: 1744 pages used for memmap
[    0.000000]   Normal zone: 221486 pages, LIFO batch:31
[    0.000000]   HighMem zone: 190 pages used for memmap
[    0.000000]   HighMem zone: 24052 pages, LIFO batch:3
[    0.000000] Using APIC driver default
[    0.000000] ACPI: PM-Timer IO Port: 0x1008
[    0.000000] ACPI: Local APIC address 0xfee00000
[    0.000000] ACPI: LAPIC (acpi_id[0x00] lapic_id[0x00] enabled)
[    0.000000] ACPI: LAPIC (acpi_id[0x01] lapic_id[0x01] enabled)
[    0.000000] ACPI: NR_CPUS/possible_cpus limit of 1 reached.  Processor 1/0x1 ignored.
[    0.000000] ACPI: LAPIC_NMI (acpi_id[0x00] high edge lint[0x1])
[    0.000000] ACPI: LAPIC_NMI (acpi_id[0x01] high edge lint[0x1])
[    0.000000] ACPI: IOAPIC (id[0x01] address[0xfec00000] gsi_base[0])
[    0.000000] IOAPIC[0]: apic_id 1, version 32, address 0xfec00000, GSI 0-23
[    0.000000] ACPI: INT_SRC_OVR (bus 0 bus_irq 0 global_irq 2 dfl dfl)
[    0.000000] ACPI: INT_SRC_OVR (bus 0 bus_irq 9 global_irq 9 high level)
[    0.000000] ACPI: IRQ0 used by override.
[    0.000000] ACPI: IRQ2 used by override.
[    0.000000] ACPI: IRQ9 used by override.
[    0.000000] Using ACPI (MADT) for SMP configuration information
[    0.000000] ACPI: HPET id: 0x8086a201 base: 0xfed00000
[    0.000000] nr_irqs_gsi: 24
[    0.000000] PM: Registered nosave memory: 000000000009d000 - 000000000009e000
[    0.000000] PM: Registered nosave memory: 000000000009e000 - 00000000000a0000
[    0.000000] PM: Registered nosave memory: 00000000000a0000 - 00000000000d2000
[    0.000000] PM: Registered nosave memory: 00000000000d2000 - 00000000000d4000
[    0.000000] PM: Registered nosave memory: 00000000000d4000 - 00000000000e0000
[    0.000000] PM: Registered nosave memory: 00000000000e0000 - 0000000000100000
[    0.000000] Allocating PCI resources starting at 3e000000 (gap: 3e000000:b2000000)
[    0.000000] Built 1 zonelists in Zone order, mobility grouping on.  Total pages: 249503
[    0.000000] Kernel command line: auto BOOT_IMAGE=Linux ro root=802 vt.default_utf8=0
[    0.000000] PID hash table entries: 4096 (order: 2, 16384 bytes)
[    0.000000] Dentry cache hash table entries: 131072 (order: 7, 524288 bytes)
[    0.000000] Inode-cache hash table entries: 65536 (order: 6, 262144 bytes)
[    0.000000] Enabling fast FPU save and restore... done.
[    0.000000] Enabling unmasked SIMD FPU exception support... done.
[    0.000000] Initializing CPU#0
[    0.000000] Initializing HighMem for node 0 (000377fe:0003d6b0)
[    0.000000] Memory: 984800k/1006272k available (6888k kernel code, 20852k reserved, 2329k data, 448k init, 96968k highmem)
[    0.000000] virtual kernel memory layout:
[    0.000000]     fixmap  : 0xfffa3000 - 0xfffff000   ( 368 kB)
[    0.000000]     pkmap   : 0xff800000 - 0xffc00000   (4096 kB)
[    0.000000]     vmalloc : 0xf7ffe000 - 0xff7fe000   ( 120 MB)
[    0.000000]     lowmem  : 0xc0000000 - 0xf77fe000   ( 887 MB)
[    0.000000]       .init : 0xc1901000 - 0xc1971000   ( 448 kB)
[    0.000000]       .data : 0xc16ba3c8 - 0xc1900b64   (2329 kB)
[    0.000000]       .text : 0xc1000000 - 0xc16ba3c8   (6888 kB)
[    0.000000] Checking if this processor honours the WP bit even in supervisor mode...Ok.
[    0.000000] SLUB: Genslabs=13, HWalign=64, Order=0-3, MinObjects=0, CPUs=1, Nodes=1
[    0.000000] Hierarchical RCU implementation.
[    0.000000] NR_IRQS:288
[    0.000000] Extended CMOS year: 2000
[    0.000000] Console: colour VGA+ 80x25
[    0.000000] console [tty0] enabled
[    0.000000] hpet clockevent registered
[    0.000000] Fast TSC calibration using PIT
[    0.000000] Detected 2094.574 MHz processor.
[    0.002001] Calibrating delay loop (skipped), value calculated using timer frequency.. 4189.14 BogoMIPS (lpj=2094574)
[    0.002166] Security Framework initialized
[    0.002248] Mount-cache hash table entries: 512
[    0.002393] CPU: L1 I cache: 32K, L1 D cache: 32K
[    0.002525] CPU: L2 cache: 3072K
[    0.002602] mce: CPU supports 6 MCE banks
[    0.002690] CPU0: Thermal monitoring enabled (TM2)
[    0.002772] using mwait in idle threads.
[    0.002851] CPU: Intel(R) Core(TM)2 Duo CPU     T8100  @ 2.10GHz stepping 06
[    0.003077] Checking 'hlt' instruction... OK.
[    0.007934] ACPI: Core revision 20090903
[    0.027038] Enabling APIC mode:  Flat.  Using 1 I/O APICs
[    0.028240] ..TIMER: vector=0x30 apic1=0 pin1=2 apic2=-1 pin2=-1
[    0.038997] xor: automatically using best checksumming function: pIII_sse
[    0.042998]    pIII_sse  :  8648.000 MB/sec
[    0.043077] xor: using function: pIII_sse (8648.000 MB/sec)
[    0.043161] RANDOM - __seed init called.
[    0.043162] RANDOM - __seed init called.
[    0.043163] RANDOM - __seed init called.
[    0.043165] RANDOM - __random32 called. Change num 1.  Value: 870e7b8	f6ea009	16c0ad5a
[    0.043166] RANDOM - __random32 called. Change num 2.  Value: e7b8290	f6ea0099	5ab418b8
[    0.043168] RANDOM - __random32 called. Change num 3.  Value: b8290fc5	6ea00996	3171e29b
[    0.043170] RANDOM - __random32 called. Change num 4.  Value: 90fc533a	ea00996a	c5375fde
[    0.043172] RANDOM - __random32 called. Change num 5.  Value: c533a353	a00996a1	bfbd91b4
[    0.043173] RANDOM - __random32 called. Change num 6.  Value: 3a35362b	996a10	23684a23
[    0.043175] RANDOM - random32 init called.  Value: 3a35362b	996a10	23684a23
[    0.043192] NET: Registered protocol family 16
[    0.043447] ACPI FADT declares the system doesn't support PCIe ASPM, so disable it
[    0.043559] ACPI: bus type pci registered
[    0.043718] PCI: MCFG configuration 0: base f0000000 segment 0 buses 0 - 63
[    0.043813] PCI: MCFG area at f0000000 reserved in E820
[    0.043892] PCI: Using MMCONFIG for extended config space
[    0.043981] PCI: Using configuration type 1 for base access
[    0.047059] bio: create slab <bio-0> at 0
[    0.047866] ACPI: EC: EC description table is found, configuring boot EC
[    0.053019] ACPI: BIOS _OSI(Linux) query honored via DMI
[    0.058579] ACPI: Interpreter enabled
[    0.058667] ACPI: (supports S0 S3 S4 S5)
[    0.058965] ACPI: Using IOAPIC for interrupt routing
[    0.068652] ACPI: EC: GPE = 0x12, I/O: command/status = 0x66, data = 0x62
[    0.068922] ACPI: Power Resource [PUBS] (on)
[    0.071048] ACPI: ACPI Dock Station Driver: 3 docks/bays found
[    0.071447] ACPI: PCI Root Bridge [PCI0] (0000:00)
[    0.071619] pci 0000:00:02.0: reg 10 64bit mmio: [0xf8100000-0xf81fffff]
[    0.071625] pci 0000:00:02.0: reg 18 64bit mmio pref: [0xe0000000-0xefffffff]
[    0.071628] pci 0000:00:02.0: reg 20 io port: [0x1800-0x1807]
[    0.071663] pci 0000:00:02.1: reg 10 64bit mmio: [0xf8200000-0xf82fffff]
[    0.071762] pci 0000:00:19.0: reg 10 32bit mmio: [0xfe000000-0xfe01ffff]
[    0.071772] pci 0000:00:19.0: reg 14 32bit mmio: [0xfe025000-0xfe025fff]
[    0.071779] pci 0000:00:19.0: reg 18 io port: [0x1840-0x185f]
[    0.071845] pci 0000:00:19.0: PME# supported from D0 D3hot D3cold
[    0.071934] pci 0000:00:19.0: PME# disabled
[    0.072060] pci 0000:00:1a.0: reg 20 io port: [0x1860-0x187f]
[    0.072134] pci 0000:00:1a.1: reg 20 io port: [0x1880-0x189f]
[    0.072218] pci 0000:00:1a.7: reg 10 32bit mmio: [0xfe226c00-0xfe226fff]
[    0.072303] pci 0000:00:1a.7: PME# supported from D0 D3hot D3cold
[    0.072392] pci 0000:00:1a.7: PME# disabled
[    0.072534] pci 0000:00:1b.0: reg 10 64bit mmio: [0xfe020000-0xfe023fff]
[    0.072614] pci 0000:00:1b.0: PME# supported from D0 D3hot D3cold
[    0.072703] pci 0000:00:1b.0: PME# disabled
[    0.072905] pci 0000:00:1c.0: PME# supported from D0 D3hot D3cold
[    0.073001] pci 0000:00:1c.0: PME# disabled
[    0.073190] pci 0000:00:1c.1: PME# supported from D0 D3hot D3cold
[    0.073278] pci 0000:00:1c.1: PME# disabled
[    0.073469] pci 0000:00:1c.2: PME# supported from D0 D3hot D3cold
[    0.073559] pci 0000:00:1c.2: PME# disabled
[    0.073752] pci 0000:00:1c.3: PME# supported from D0 D3hot D3cold
[    0.073845] pci 0000:00:1c.3: PME# disabled
[    0.074108] pci 0000:00:1c.4: PME# supported from D0 D3hot D3cold
[    0.074197] pci 0000:00:1c.4: PME# disabled
[    0.074343] pci 0000:00:1d.0: reg 20 io port: [0x18a0-0x18bf]
[    0.075040] pci 0000:00:1d.1: reg 20 io port: [0x18c0-0x18df]
[    0.075115] pci 0000:00:1d.2: reg 20 io port: [0x18e0-0x18ff]
[    0.075200] pci 0000:00:1d.7: reg 10 32bit mmio: [0xfe227000-0xfe2273ff]
[    0.075300] pci 0000:00:1d.7: PME# supported from D0 D3hot D3cold
[    0.075385] pci 0000:00:1d.7: PME# disabled
[    0.075665] pci 0000:00:1f.0: quirk: region 1000-107f claimed by ICH6 ACPI/GPIO/TCO
[    0.075789] pci 0000:00:1f.0: quirk: region 1180-11bf claimed by ICH6 GPIO
[    0.075874] pci 0000:00:1f.0: ICH7 LPC Generic IO decode 1 PIO at 1600 (mask 007f)
[    0.075998] pci 0000:00:1f.0: ICH7 LPC Generic IO decode 2 PIO at 15e0 (mask 000f)
[    0.076117] pci 0000:00:1f.0: ICH7 LPC Generic IO decode 3 PIO at 1680 (mask 001f)
[    0.076315] pci 0000:00:1f.1: reg 10 io port: [0x00-0x07]
[    0.076324] pci 0000:00:1f.1: reg 14 io port: [0x00-0x03]
[    0.076334] pci 0000:00:1f.1: reg 18 io port: [0x00-0x07]
[    0.076343] pci 0000:00:1f.1: reg 1c io port: [0x00-0x03]
[    0.076350] pci 0000:00:1f.1: reg 20 io port: [0x1c00-0x1c0f]
[    0.076434] pci 0000:00:1f.2: reg 10 io port: [0x1c50-0x1c57]
[    0.076443] pci 0000:00:1f.2: reg 14 io port: [0x1c44-0x1c47]
[    0.076452] pci 0000:00:1f.2: reg 18 io port: [0x1c48-0x1c4f]
[    0.076461] pci 0000:00:1f.2: reg 1c io port: [0x1c40-0x1c43]
[    0.076469] pci 0000:00:1f.2: reg 20 io port: [0x1c20-0x1c3f]
[    0.076477] pci 0000:00:1f.2: reg 24 32bit mmio: [0xfe226000-0xfe2267ff]
[    0.076536] pci 0000:00:1f.2: PME# supported from D3hot
[    0.076624] pci 0000:00:1f.2: PME# disabled
[    0.076753] pci 0000:00:1f.3: reg 10 32bit mmio: [0xfe227400-0xfe2274ff]
[    0.076778] pci 0000:00:1f.3: reg 20 io port: [0x1c60-0x1c7f]
[    0.076868] pci 0000:00:1c.0: bridge io port: [0x2000-0x2fff]
[    0.076872] pci 0000:00:1c.0: bridge 32bit mmio: [0xfc000000-0xfdffffff]
[    0.076881] pci 0000:00:1c.0: bridge 64bit mmio pref: [0xf8000000-0xf80fffff]
[    0.076954] pci 0000:03:00.0: reg 10 64bit mmio: [0xdf3f0000-0xdf3fffff]
[    0.077156] pci 0000:00:1c.1: bridge io port: [0x3000-0x3fff]
[    0.077162] pci 0000:00:1c.1: bridge 32bit mmio: [0xdc000000-0xdf3fffff]
[    0.077170] pci 0000:00:1c.1: bridge 64bit mmio pref: [0xdfe00000-0xdfefffff]
[    0.077226] pci 0000:00:1c.2: bridge io port: [0x4000-0x4fff]
[    0.077232] pci 0000:00:1c.2: bridge 32bit mmio: [0xd8000000-0xd9ffffff]
[    0.077239] pci 0000:00:1c.2: bridge 64bit mmio pref: [0xdfb00000-0xdfbfffff]
[    0.077297] pci 0000:00:1c.3: bridge io port: [0x5000-0x5fff]
[    0.077301] pci 0000:00:1c.3: bridge 32bit mmio: [0xd4000000-0xd5ffffff]
[    0.077310] pci 0000:00:1c.3: bridge 64bit mmio pref: [0xdf800000-0xdf8fffff]
[    0.077371] pci 0000:00:1c.4: bridge io port: [0x6000-0x6fff]
[    0.077377] pci 0000:00:1c.4: bridge 32bit mmio: [0xd0000000-0xd1ffffff]
[    0.077386] pci 0000:00:1c.4: bridge 64bit mmio pref: [0xdf500000-0xdf5fffff]
[    0.077440] pci 0000:15:00.0: reg 10 32bit mmio: [0xf8300000-0xf8300fff]
[    0.077488] pci 0000:15:00.0: supports D1 D2
[    0.077490] pci 0000:15:00.0: PME# supported from D0 D1 D2 D3hot D3cold
[    0.077580] pci 0000:15:00.0: PME# disabled
[    0.077729] pci 0000:15:00.1: reg 10 32bit mmio: [0xf8301000-0xf83017ff]
[    0.077821] pci 0000:15:00.1: supports D1 D2
[    0.077822] pci 0000:15:00.1: PME# supported from D0 D1 D2 D3hot D3cold
[    0.077911] pci 0000:15:00.1: PME# disabled
[    0.078087] pci 0000:00:1e.0: transparent bridge
[    0.078168] pci 0000:00:1e.0: bridge io port: [0x7000-0xafff]
[    0.078174] pci 0000:00:1e.0: bridge 32bit mmio: [0xf8300000-0xfbffffff]
[    0.078181] pci 0000:00:1e.0: bridge 64bit mmio pref: [0xf4000000-0xf7ffffff]
[    0.078254] pci_bus 0000:00: on NUMA node 0
[    0.078258] ACPI: PCI Interrupt Routing Table [\_SB_.PCI0._PRT]
[    0.078390] ACPI: PCI Interrupt Routing Table [\_SB_.PCI0.EXP0._PRT]
[    0.078448] ACPI: PCI Interrupt Routing Table [\_SB_.PCI0.EXP1._PRT]
[    0.078504] ACPI: PCI Interrupt Routing Table [\_SB_.PCI0.EXP2._PRT]
[    0.078561] ACPI: PCI Interrupt Routing Table [\_SB_.PCI0.EXP3._PRT]
[    0.078622] ACPI: PCI Interrupt Routing Table [\_SB_.PCI0.EXP4._PRT]
[    0.078683] ACPI: PCI Interrupt Routing Table [\_SB_.PCI0.PCI1._PRT]
[    0.084144] ACPI: PCI Interrupt Link [LNKA] (IRQs 3 4 5 6 7 9 *10 11)
[    0.084859] ACPI: PCI Interrupt Link [LNKB] (IRQs 3 4 5 6 7 9 10 *11)
[    0.085574] ACPI: PCI Interrupt Link [LNKC] (IRQs 3 4 5 6 7 9 10 *11)
[    0.086331] ACPI: PCI Interrupt Link [LNKD] (IRQs 3 4 5 6 7 9 10 *11)
[    0.087086] ACPI: PCI Interrupt Link [LNKE] (IRQs 3 4 5 6 7 9 10 *11)
[    0.087775] ACPI: PCI Interrupt Link [LNKF] (IRQs 3 4 5 6 7 9 10 *11)
[    0.088488] ACPI: PCI Interrupt Link [LNKG] (IRQs 3 4 5 6 7 9 10 *11)
[    0.089228] ACPI: PCI Interrupt Link [LNKH] (IRQs 3 4 5 6 7 9 10 *11)
[    0.089922] vgaarb: device added: PCI:0000:00:02.0,decodes=io+mem,owns=io+mem,locks=none
[    0.090002] vgaarb: loaded
[    0.090178] SCSI subsystem initialized
[    0.090274] libata version 3.00 loaded.
[    0.090322] usbcore: registered new interface driver usbfs
[    0.090437] usbcore: registered new interface driver hub
[    0.090539] usbcore: registered new device driver usb
[    0.107040] raid6: int32x1    941 MB/s
[    0.123991] raid6: int32x2    886 MB/s
[    0.141068] raid6: int32x4    750 MB/s
[    0.157987] raid6: int32x8    656 MB/s
[    0.175001] raid6: mmxx1     2882 MB/s
[    0.191991] raid6: mmxx2     3269 MB/s
[    0.209002] raid6: sse1x1    1937 MB/s
[    0.225999] raid6: sse1x2    2535 MB/s
[    0.242989] raid6: sse2x1    3503 MB/s
[    0.259982] raid6: sse2x2    3835 MB/s
[    0.260075] raid6: using algorithm sse2x2 (3835 MB/s)
[    0.260173] PCI: Using ACPI for IRQ routing
[    0.260473] HPET: 3 timers in total, 0 timers will be used for per-cpu timer
[    0.260989] Switching to clocksource tsc
[    0.261096] pnp: PnP ACPI init
[    0.261179] ACPI: bus type pnp registered
[    0.264757] pnp: PnP ACPI: found 11 devices
[    0.264836] ACPI: ACPI bus type pnp unregistered
[    0.264941] system 00:00: iomem range 0x0-0x9ffff could not be reserved
[    0.265027] system 00:00: iomem range 0xc0000-0xc3fff could not be reserved
[    0.265110] system 00:00: iomem range 0xc4000-0xc7fff could not be reserved
[    0.265196] system 00:00: iomem range 0xc8000-0xcbfff has been reserved
[    0.265283] system 00:00: iomem range 0xcc000-0xcffff has been reserved
[    0.265365] system 00:00: iomem range 0xd0000-0xd3fff could not be reserved
[    0.265458] system 00:00: iomem range 0xe0000-0xe3fff could not be reserved
[    0.265545] system 00:00: iomem range 0xe4000-0xe7fff could not be reserved
[    0.265630] system 00:00: iomem range 0xe8000-0xebfff could not be reserved
[    0.265724] system 00:00: iomem range 0xec000-0xeffff could not be reserved
[    0.265816] system 00:00: iomem range 0xf0000-0xfffff could not be reserved
[    0.265906] system 00:00: iomem range 0x100000-0x3dffffff could not be reserved
[    0.266018] system 00:00: iomem range 0xfec00000-0xfed3ffff could not be reserved
[    0.266139] system 00:00: iomem range 0xfed4c000-0xffffffff could not be reserved
[    0.266254] system 00:02: ioport range 0x164e-0x164f has been reserved
[    0.266340] system 00:02: ioport range 0x1000-0x107f has been reserved
[    0.266427] system 00:02: ioport range 0x1180-0x11bf has been reserved
[    0.266514] system 00:02: ioport range 0x800-0x80f has been reserved
[    0.266608] system 00:02: ioport range 0x15e0-0x15ef has been reserved
[    0.266694] system 00:02: ioport range 0x1600-0x165f could not be reserved
[    0.266777] system 00:02: iomem range 0xf0000000-0xf3ffffff has been reserved
[    0.266869] system 00:02: iomem range 0xfed1c000-0xfed1ffff has been reserved
[    0.266952] system 00:02: iomem range 0xfed14000-0xfed17fff has been reserved
[    0.267048] system 00:02: iomem range 0xfed18000-0xfed18fff has been reserved
[    0.267133] system 00:02: iomem range 0xfed19000-0xfed19fff has been reserved
[    0.267224] system 00:02: iomem range 0xfed45000-0xfed4bfff has been reserved
[    0.302256] pci 0000:00:1c.0: PCI bridge, secondary bus 0000:02
[    0.302339] pci 0000:00:1c.0:   IO window: 0x2000-0x2fff
[    0.302429] pci 0000:00:1c.0:   MEM window: 0xfc000000-0xfdffffff
[    0.302522] pci 0000:00:1c.0:   PREFETCH window: 0x000000f8000000-0x000000f80fffff
[    0.302639] pci 0000:00:1c.1: PCI bridge, secondary bus 0000:03
[    0.302731] pci 0000:00:1c.1:   IO window: 0x3000-0x3fff
[    0.302823] pci 0000:00:1c.1:   MEM window: 0xdc000000-0xdf3fffff
[    0.302918] pci 0000:00:1c.1:   PREFETCH window: 0x000000dfe00000-0x000000dfefffff
[    0.303037] pci 0000:00:1c.2: PCI bridge, secondary bus 0000:04
[    0.303121] pci 0000:00:1c.2:   IO window: 0x4000-0x4fff
[    0.303209] pci 0000:00:1c.2:   MEM window: 0xd8000000-0xd9ffffff
[    0.303293] pci 0000:00:1c.2:   PREFETCH window: 0x000000dfb00000-0x000000dfbfffff
[    0.303408] pci 0000:00:1c.3: PCI bridge, secondary bus 0000:05
[    0.303493] pci 0000:00:1c.3:   IO window: 0x5000-0x5fff
[    0.303579] pci 0000:00:1c.3:   MEM window: 0xd4000000-0xd5ffffff
[    0.303668] pci 0000:00:1c.3:   PREFETCH window: 0x000000df800000-0x000000df8fffff
[    0.303796] pci 0000:00:1c.4: PCI bridge, secondary bus 0000:0d
[    0.303891] pci 0000:00:1c.4:   IO window: 0x6000-0x6fff
[    0.303980] pci 0000:00:1c.4:   MEM window: 0xd0000000-0xd1ffffff
[    0.304073] pci 0000:00:1c.4:   PREFETCH window: 0x000000df500000-0x000000df5fffff
[    0.304193] pci 0000:15:00.0: CardBus bridge, secondary bus 0000:16
[    0.304280] pci 0000:15:00.0:   IO window: 0x007000-0x0070ff
[    0.304369] pci 0000:15:00.0:   IO window: 0x007400-0x0074ff
[    0.304464] pci 0000:15:00.0:   PREFETCH window: 0xf4000000-0xf7ffffff
[    0.304558] pci 0000:15:00.0:   MEM window: 0x40000000-0x43ffffff
[    0.304645] pci 0000:00:1e.0: PCI bridge, secondary bus 0000:15
[    0.304736] pci 0000:00:1e.0:   IO window: 0x7000-0xafff
[    0.304830] pci 0000:00:1e.0:   MEM window: 0xf8300000-0xfbffffff
[    0.304925] pci 0000:00:1e.0:   PREFETCH window: 0x000000f4000000-0x000000f7ffffff
[    0.305066] pci 0000:00:1c.0: PCI INT A -> GSI 20 (level, low) -> IRQ 20
[    0.305156] pci 0000:00:1c.0: setting latency timer to 64
[    0.305172] pci 0000:00:1c.1: PCI INT B -> GSI 21 (level, low) -> IRQ 21
[    0.305262] pci 0000:00:1c.1: setting latency timer to 64
[    0.305274] pci 0000:00:1c.2: PCI INT C -> GSI 22 (level, low) -> IRQ 22
[    0.305357] pci 0000:00:1c.2: setting latency timer to 64
[    0.305369] pci 0000:00:1c.3: PCI INT D -> GSI 23 (level, low) -> IRQ 23
[    0.305454] pci 0000:00:1c.3: setting latency timer to 64
[    0.305467] pci 0000:00:1c.4: PCI INT A -> GSI 20 (level, low) -> IRQ 20
[    0.305562] pci 0000:00:1c.4: setting latency timer to 64
[    0.305567] pci 0000:00:1e.0: enabling device (0005 -> 0007)
[    0.305657] pci 0000:00:1e.0: setting latency timer to 64
[    0.305670] pci 0000:15:00.0: PCI INT A -> GSI 16 (level, low) -> IRQ 16
[    0.305766] pci 0000:15:00.0: setting latency timer to 64
[    0.305772] pci_bus 0000:00: resource 0 io:  [0x00-0xffff]
[    0.305774] pci_bus 0000:00: resource 1 mem: [0x000000-0xffffffff]
[    0.305776] pci_bus 0000:02: resource 0 io:  [0x2000-0x2fff]
[    0.305778] pci_bus 0000:02: resource 1 mem: [0xfc000000-0xfdffffff]
[    0.305780] pci_bus 0000:02: resource 2 pref mem [0xf8000000-0xf80fffff]
[    0.305782] pci_bus 0000:03: resource 0 io:  [0x3000-0x3fff]
[    0.305783] pci_bus 0000:03: resource 1 mem: [0xdc000000-0xdf3fffff]
[    0.305785] pci_bus 0000:03: resource 2 pref mem [0xdfe00000-0xdfefffff]
[    0.305787] pci_bus 0000:04: resource 0 io:  [0x4000-0x4fff]
[    0.305789] pci_bus 0000:04: resource 1 mem: [0xd8000000-0xd9ffffff]
[    0.305791] pci_bus 0000:04: resource 2 pref mem [0xdfb00000-0xdfbfffff]
[    0.305793] pci_bus 0000:05: resource 0 io:  [0x5000-0x5fff]
[    0.305795] pci_bus 0000:05: resource 1 mem: [0xd4000000-0xd5ffffff]
[    0.305796] pci_bus 0000:05: resource 2 pref mem [0xdf800000-0xdf8fffff]
[    0.305798] pci_bus 0000:0d: resource 0 io:  [0x6000-0x6fff]
[    0.305800] pci_bus 0000:0d: resource 1 mem: [0xd0000000-0xd1ffffff]
[    0.305802] pci_bus 0000:0d: resource 2 pref mem [0xdf500000-0xdf5fffff]
[    0.305804] pci_bus 0000:15: resource 0 io:  [0x7000-0xafff]
[    0.305806] pci_bus 0000:15: resource 1 mem: [0xf8300000-0xfbffffff]
[    0.305808] pci_bus 0000:15: resource 2 pref mem [0xf4000000-0xf7ffffff]
[    0.305809] pci_bus 0000:15: resource 3 io:  [0x00-0xffff]
[    0.305811] pci_bus 0000:15: resource 4 mem: [0x000000-0xffffffff]
[    0.305813] pci_bus 0000:16: resource 0 io:  [0x7000-0x70ff]
[    0.305815] pci_bus 0000:16: resource 1 io:  [0x7400-0x74ff]
[    0.305817] pci_bus 0000:16: resource 2 pref mem [0xf4000000-0xf7ffffff]
[    0.305819] pci_bus 0000:16: resource 3 mem: [0x40000000-0x43ffffff]
[    0.305826] NET: Registered protocol family 2
[    0.305910] RANDOM - __random32 called. Change num 7.  Value: 5362b39e	996a101	94470543
[    0.305912] RANDOM - random32 called.  Value: 5362b39e	996a101	94470543
[    0.305926] IP route cache hash table entries: 32768 (order: 5, 131072 bytes)
[    0.306053] RANDOM - __random32 called. Change num 8.  Value: 2b39e0a2	996a1017	a86cfe5
[    0.306055] RANDOM - random32 called.  Value: 2b39e0a2	996a1017	a86cfe5
[    0.306066] RANDOM - __random32 called. Change num 9.  Value: 9e0a22e5	96a1017e	9fcbd616
[    0.306068] RANDOM - random32 called.  Value: 9e0a22e5	96a1017e	9fcbd616
[    0.306070] RANDOM - __random32 called. Change num 10.  Value: a22e5b4a	6a1017e6	ac2c32ac
[    0.306071] RANDOM - random32 called.  Value: a22e5b4a	6a1017e6	ac2c32ac
[    0.306082] RANDOM - __random32 called. Change num 11.  Value: e5b4ad28	a1017e61	6559a9b4
[    0.306083] RANDOM - random32 called.  Value: e5b4ad28	a1017e61	6559a9b4
[    0.306093] TCP established hash table entries: 131072 (order: 8, 1048576 bytes)
[    0.306585] TCP bind hash table entries: 65536 (order: 6, 262144 bytes)
[    0.306771] TCP: Hash tables configured (established 131072 bind 65536)
[    0.306862] TCP reno registered
[    0.306959] NET: Registered protocol family 1
[    0.307069] RPC: Registered udp transport module.
[    0.307159] RPC: Registered tcp transport module.
[    0.307241] RPC: Registered tcp NFSv4.1 backchannel transport module.
[    0.307332] pci 0000:00:02.0: Boot video device
[    0.307543] Simple Boot Flag at 0x35 set to 0x1
[    0.308106] highmem bounce pool size: 64 pages
[    0.309583] VFS: Disk quotas dquot_6.5.2
[    0.309701] Dquot-cache hash table entries: 1024 (order 0, 4096 bytes)
[    0.310432] NTFS driver 2.1.29 [Flags: R/W].
[    0.310588] ROMFS MTD (C) 2007 Red Hat, Inc.
[    0.310786] JFS: nTxBlock = 7695, nTxLock = 61563
[    0.313220] SGI XFS with ACLs, security attributes, large block/inode numbers, no debug enabled
[    0.313705] SGI XFS Quota Management subsystem
[    0.314041] Slow work thread pool: Starting up
[    0.314147] Slow work thread pool: Ready
[    0.314234] GFS2 (built May 23 2013 03:49:48) installed
[    0.314318] msgmni has been set to 1734
[    0.314476] alg: No test for cipher_null (cipher_null-generic)
[    0.314575] alg: No test for ecb(cipher_null) (ecb-cipher_null)
[    0.314675] alg: No test for digest_null (digest_null-generic)
[    0.314764] alg: No test for compress_null (compress_null-generic)
[    0.315306] alg: No test for fcrypt (fcrypt-generic)
[    0.316706] alg: No test for stdrng (krng)
[    0.316790] async_tx: api initialized (async)
[    0.316953] Block layer SCSI generic (bsg) driver version 0.4 loaded (major 254)
[    0.317065] io scheduler noop registered
[    0.317144] io scheduler anticipatory registered
[    0.317223] io scheduler deadline registered
[    0.317343] io scheduler cfq registered (default)
[    0.317575] pcieport 0000:00:1c.0: irq 24 for MSI/MSI-X
[    0.317592] pcieport 0000:00:1c.0: setting latency timer to 64
[    0.317773] pcieport 0000:00:1c.1: irq 25 for MSI/MSI-X
[    0.317789] pcieport 0000:00:1c.1: setting latency timer to 64
[    0.317998] pcieport 0000:00:1c.2: irq 26 for MSI/MSI-X
[    0.318007] pcieport 0000:00:1c.2: setting latency timer to 64
[    0.318187] pcieport 0000:00:1c.3: irq 27 for MSI/MSI-X
[    0.318199] pcieport 0000:00:1c.3: setting latency timer to 64
[    0.318387] pcieport 0000:00:1c.4: irq 28 for MSI/MSI-X
[    0.318403] pcieport 0000:00:1c.4: setting latency timer to 64
[    0.318547] pci_hotplug: PCI Hot Plug PCI Core version: 0.5
[    0.318731] isapnp: Scanning for PnP cards...
[    0.679262] isapnp: No Plug & Play device found
[    0.698737] Serial: 8250/16550 driver, 4 ports, IRQ sharing enabled
[    3.709947] floppy0: no floppy controllers found
[    3.710884] brd: module loaded
[    3.711386] loop: module loaded
[    3.711477] Compaq SMART2 Driver (v 2.6.0)
[    3.711600] HP CISS Driver (v 3.6.20)
[    3.711833] input: Macintosh mouse button emulation as /devices/virtual/input/input0
[    3.711971] Uniform Multi-Platform E-IDE driver
[    3.712192] piix 0000:00:1f.1: IDE controller (0x8086:0x2850 rev 0x03)
[    3.712292] pci 0000:00:1f.1: PCI INT C -> GSI 16 (level, low) -> IRQ 16
[    3.712391] piix 0000:00:1f.1: IDE port disabled
[    3.712481] piix 0000:00:1f.1: not 100% native mode: will probe irqs later
[    3.712582]     ide0: BM-DMA at 0x1c00-0x1c07
[    3.712668] Probing IDE interface ide0...
[    4.384178] hda: HL-DT-ST DVDRAM GSA-U10N, ATAPI CD/DVD-ROM drive
[    4.690997] hda: host max PIO4 wanted PIO255(auto-tune) selected PIO4
[    4.691773] hda: UDMA/33 mode selected
[    4.692239] ide0 at 0x1f0-0x1f7,0x3f6 on irq 14
[    4.696099] ide-gd driver 1.18
[    4.696202] ide-cd driver 5.00
[    4.697594] ide-cd: hda: ATAPI 24X DVD-ROM DVD-R/RAM CD-R/RW drive, 2048kB Cache
[    4.698017] Uniform CD-ROM driver Revision: 3.20
[    4.705155] Loading iSCSI transport class v2.0-870.
[    4.705436] rdac: device handler registered
[    4.705515] hp_sw: device handler registered
[    4.705594] emc: device handler registered
[    4.705682] alua: device handler registered
[    4.706665] Adaptec aacraid driver 1.1-5[2461]-ms
[    4.707079] scsi: <fdomain> Detection failed (no card)
[    4.707172] sym53c416.c: Version 1.0.0-ac
[    4.707282] qlogicfas: no cards were found, please specify I/O address and IRQ using iobase= and irq= options
[    4.707396] QLogic Fibre Channel HBA Driver: 8.03.01-k6
[    4.707608] iscsi: registered transport (qla4xxx)
[    4.707708] QLogic iSCSI HBA Driver
[    4.707785] Emulex LightPulse Fibre Channel SCSI driver 8.3.4
[    4.707872] Copyright(c) 2004-2009 Emulex.  All rights reserved.
[    4.729985] Failed initialization of WD-7000 SCSI card!
[    4.819229] DC390: clustering now enabled by default. If you get problems load
[    4.819346]        with "disable_clustering=1" and report to maintainers
[    4.819482] megaraid cmm: 2.20.2.7 (Release Date: Sun Jul 16 00:01:03 EST 2006)
[    4.819634] megaraid: 2.20.5.1 (Release Date: Thu Nov 16 15:32:35 EST 2006)
[    4.819737] megasas: 00.00.04.01 Thu July 24 11:41:51 PST 2008
[    4.819866] GDT-HA: Storage RAID Controller Driver. Version: 3.05
[    4.820017] 3ware Storage Controller device driver for Linux v1.26.02.002.
[    4.820125] 3ware 9000 Storage Controller device driver for Linux v2.26.02.012.
[    4.820267] nsp32: loading...
[    4.820371] ipr: IBM Power RAID SCSI Device Driver version: 2.4.3 (June 10, 2009)
[    4.820504] RocketRAID 3xxx/4xxx Controller driver v1.6 (090910)
[    4.820617] stex: Promise SuperTrak EX Driver version: 4.6.0000.3
[    4.820741] st: Version 20081215, fixed bufsize 32768, s/g segs 256
[    4.820922] ahci 0000:00:1f.2: version 3.0
[    4.820937] ahci 0000:00:1f.2: PCI INT B -> GSI 16 (level, low) -> IRQ 16
[    4.821077] ahci 0000:00:1f.2: irq 29 for MSI/MSI-X
[    4.821141] ahci 0000:00:1f.2: AHCI 0001.0100 32 slots 3 ports 1.5 Gbps 0x5 impl SATA mode
[    4.821257] ahci 0000:00:1f.2: flags: 64bit ncq sntf pm led clo pio slum part ccc 
[    4.821376] ahci 0000:00:1f.2: setting latency timer to 64
[    4.821518] scsi2 : ahci
[    4.821681] scsi3 : ahci
[    4.821815] scsi4 : ahci
[    4.821990] ata1: SATA max UDMA/133 abar m2048@0xfe226000 port 0xfe226100 irq 29
[    4.822109] ata2: DUMMY
[    4.822197] ata3: SATA max UDMA/133 abar m2048@0xfe226000 port 0xfe226200 irq 29
[    4.822790] I2O subsystem v1.325
[    4.822868] i2o: max drivers = 8
[    4.823019] I2O Configuration OSM v1.323
[    4.823112] I2O Bus Adapter OSM v1.317
[    4.823206] I2O Block Device OSM v1.325
[    4.823351] I2O SCSI Peripheral OSM v1.316
[    4.823448] I2O ProcFS OSM v1.316
[    4.823547] Fusion MPT base driver 3.04.12
[    4.823634] Copyright (c) 1999-2008 LSI Corporation
[    4.823720] Fusion MPT SPI Host driver 3.04.12
[    4.823825] Fusion MPT FC Host driver 3.04.12
[    4.823926] Fusion MPT SAS Host driver 3.04.12
[    4.824127] ohci1394 0000:15:00.1: PCI INT B -> GSI 17 (level, low) -> IRQ 17
[    4.824233] ohci1394 0000:15:00.1: setting latency timer to 64
[    4.878012] ohci1394: fw-host0: OHCI-1394 1.1 (PCI): IRQ=[17]  MMIO=[f8301000-f83017ff]  Max Packet=[2048]  IR/IT contexts=[4/4]
[    4.881286] ehci_hcd: USB 2.0 'Enhanced' Host Controller (EHCI) Driver
[    4.881558] ehci_hcd 0000:00:1a.7: power state changed by ACPI to D0
[    4.881794] ehci_hcd 0000:00:1a.7: power state changed by ACPI to D0
[    4.881889] ehci_hcd 0000:00:1a.7: PCI INT C -> GSI 22 (level, low) -> IRQ 22
[    4.881996] ehci_hcd 0000:00:1a.7: setting latency timer to 64
[    4.881999] ehci_hcd 0000:00:1a.7: EHCI Host Controller
[    4.882128] ehci_hcd 0000:00:1a.7: new USB bus registered, assigned bus number 1
[    4.886167] ehci_hcd 0000:00:1a.7: cache line size of 32 is not supported
[    4.886176] ehci_hcd 0000:00:1a.7: irq 22, io mem 0xfe226c00
[    4.895972] ehci_hcd 0000:00:1a.7: USB 2.0 started, EHCI 1.00
[    4.896068] usb usb1: New USB device found, idVendor=1d6b, idProduct=0002
[    4.896158] usb usb1: New USB device strings: Mfr=3, Product=2, SerialNumber=1
[    4.896270] usb usb1: Product: EHCI Host Controller
[    4.896356] usb usb1: Manufacturer: Linux 2.6.32.57 ehci_hcd
[    4.896441] usb usb1: SerialNumber: 0000:00:1a.7
[    4.896573] usb usb1: configuration #1 chosen from 1 choice
[    4.896684] hub 1-0:1.0: USB hub found
[    4.896768] hub 1-0:1.0: 4 ports detected
[    4.897064] ehci_hcd 0000:00:1d.7: power state changed by ACPI to D0
[    4.897313] ehci_hcd 0000:00:1d.7: power state changed by ACPI to D0
[    4.897403] ehci_hcd 0000:00:1d.7: PCI INT D -> GSI 19 (level, low) -> IRQ 19
[    4.897493] ehci_hcd 0000:00:1d.7: setting latency timer to 64
[    4.897496] ehci_hcd 0000:00:1d.7: EHCI Host Controller
[    4.897614] ehci_hcd 0000:00:1d.7: new USB bus registered, assigned bus number 2
[    4.897763] ehci_hcd 0000:00:1d.7: debug port 1
[    4.901730] ehci_hcd 0000:00:1d.7: cache line size of 32 is not supported
[    4.901739] ehci_hcd 0000:00:1d.7: irq 19, io mem 0xfe227000
[    4.911973] ehci_hcd 0000:00:1d.7: USB 2.0 started, EHCI 1.00
[    4.912081] usb usb2: New USB device found, idVendor=1d6b, idProduct=0002
[    4.912170] usb usb2: New USB device strings: Mfr=3, Product=2, SerialNumber=1
[    4.912283] usb usb2: Product: EHCI Host Controller
[    4.912369] usb usb2: Manufacturer: Linux 2.6.32.57 ehci_hcd
[    4.912458] usb usb2: SerialNumber: 0000:00:1d.7
[    4.912591] usb usb2: configuration #1 chosen from 1 choice
[    4.912700] hub 2-0:1.0: USB hub found
[    4.912792] hub 2-0:1.0: 6 ports detected
[    4.912960] 116x: driver isp116x-hcd, 03 Nov 2005
[    4.913065] ohci_hcd: USB 1.1 'Open' Host Controller (OHCI) Driver
[    4.913169] uhci_hcd: USB Universal Host Controller Interface driver
[    4.913270] uhci_hcd 0000:00:1a.0: PCI INT A -> GSI 20 (level, low) -> IRQ 20
[    4.913362] uhci_hcd 0000:00:1a.0: setting latency timer to 64
[    4.913367] uhci_hcd 0000:00:1a.0: UHCI Host Controller
[    4.913493] uhci_hcd 0000:00:1a.0: new USB bus registered, assigned bus number 3
[    4.913639] uhci_hcd 0000:00:1a.0: irq 20, io base 0x00001860
[    4.913753] usb usb3: New USB device found, idVendor=1d6b, idProduct=0001
[    4.913841] usb usb3: New USB device strings: Mfr=3, Product=2, SerialNumber=1
[    4.913957] usb usb3: Product: UHCI Host Controller
[    4.914045] usb usb3: Manufacturer: Linux 2.6.32.57 uhci_hcd
[    4.914125] usb usb3: SerialNumber: 0000:00:1a.0
[    4.914252] usb usb3: configuration #1 chosen from 1 choice
[    4.914367] hub 3-0:1.0: USB hub found
[    4.914449] hub 3-0:1.0: 2 ports detected
[    4.914737] uhci_hcd 0000:00:1a.1: power state changed by ACPI to D0
[    4.914976] uhci_hcd 0000:00:1a.1: power state changed by ACPI to D0
[    4.915067] uhci_hcd 0000:00:1a.1: PCI INT B -> GSI 21 (level, low) -> IRQ 21
[    4.915161] uhci_hcd 0000:00:1a.1: setting latency timer to 64
[    4.915166] uhci_hcd 0000:00:1a.1: UHCI Host Controller
[    4.915292] uhci_hcd 0000:00:1a.1: new USB bus registered, assigned bus number 4
[    4.915434] uhci_hcd 0000:00:1a.1: irq 21, io base 0x00001880
[    4.915537] usb usb4: New USB device found, idVendor=1d6b, idProduct=0001
[    4.915627] usb usb4: New USB device strings: Mfr=3, Product=2, SerialNumber=1
[    4.915743] usb usb4: Product: UHCI Host Controller
[    4.915827] usb usb4: Manufacturer: Linux 2.6.32.57 uhci_hcd
[    4.915908] usb usb4: SerialNumber: 0000:00:1a.1
[    4.916046] usb usb4: configuration #1 chosen from 1 choice
[    4.916163] hub 4-0:1.0: USB hub found
[    4.916249] hub 4-0:1.0: 2 ports detected
[    4.916532] uhci_hcd 0000:00:1d.0: power state changed by ACPI to D0
[    4.916774] uhci_hcd 0000:00:1d.0: power state changed by ACPI to D0
[    4.916860] uhci_hcd 0000:00:1d.0: PCI INT A -> GSI 16 (level, low) -> IRQ 16
[    4.916958] uhci_hcd 0000:00:1d.0: setting latency timer to 64
[    4.916963] uhci_hcd 0000:00:1d.0: UHCI Host Controller
[    4.917095] uhci_hcd 0000:00:1d.0: new USB bus registered, assigned bus number 5
[    4.917240] uhci_hcd 0000:00:1d.0: irq 16, io base 0x000018a0
[    4.917347] usb usb5: New USB device found, idVendor=1d6b, idProduct=0001
[    4.917440] usb usb5: New USB device strings: Mfr=3, Product=2, SerialNumber=1
[    4.917552] usb usb5: Product: UHCI Host Controller
[    4.917637] usb usb5: Manufacturer: Linux 2.6.32.57 uhci_hcd
[    4.917724] usb usb5: SerialNumber: 0000:00:1d.0
[    4.917859] usb usb5: configuration #1 chosen from 1 choice
[    4.917975] hub 5-0:1.0: USB hub found
[    4.918066] hub 5-0:1.0: 2 ports detected
[    4.918205] uhci_hcd 0000:00:1d.1: PCI INT B -> GSI 17 (level, low) -> IRQ 17
[    4.918303] uhci_hcd 0000:00:1d.1: setting latency timer to 64
[    4.918308] uhci_hcd 0000:00:1d.1: UHCI Host Controller
[    4.918438] uhci_hcd 0000:00:1d.1: new USB bus registered, assigned bus number 6
[    4.918576] uhci_hcd 0000:00:1d.1: irq 17, io base 0x000018c0
[    4.918681] usb usb6: New USB device found, idVendor=1d6b, idProduct=0001
[    4.918765] usb usb6: New USB device strings: Mfr=3, Product=2, SerialNumber=1
[    4.918877] usb usb6: Product: UHCI Host Controller
[    4.918956] usb usb6: Manufacturer: Linux 2.6.32.57 uhci_hcd
[    4.919045] usb usb6: SerialNumber: 0000:00:1d.1
[    4.919180] usb usb6: configuration #1 chosen from 1 choice
[    4.919288] hub 6-0:1.0: USB hub found
[    4.919384] hub 6-0:1.0: 2 ports detected
[    4.919720] uhci_hcd 0000:00:1d.2: power state changed by ACPI to D0
[    4.919961] uhci_hcd 0000:00:1d.2: power state changed by ACPI to D0
[    4.920061] uhci_hcd 0000:00:1d.2: PCI INT C -> GSI 18 (level, low) -> IRQ 18
[    4.920151] uhci_hcd 0000:00:1d.2: setting latency timer to 64
[    4.920156] uhci_hcd 0000:00:1d.2: UHCI Host Controller
[    4.920272] uhci_hcd 0000:00:1d.2: new USB bus registered, assigned bus number 7
[    4.920416] uhci_hcd 0000:00:1d.2: irq 18, io base 0x000018e0
[    4.920529] usb usb7: New USB device found, idVendor=1d6b, idProduct=0001
[    4.920614] usb usb7: New USB device strings: Mfr=3, Product=2, SerialNumber=1
[    4.920729] usb usb7: Product: UHCI Host Controller
[    4.920808] usb usb7: Manufacturer: Linux 2.6.32.57 uhci_hcd
[    4.920887] usb usb7: SerialNumber: 0000:00:1d.2
[    4.921677] usb usb7: configuration #1 chosen from 1 choice
[    4.921785] hub 7-0:1.0: USB hub found
[    4.921871] hub 7-0:1.0: 2 ports detected
[    4.922032] sl811: driver sl811-hcd, 19 May 2005
[    4.922136] r8a66597_hcd: driver r8a66597_hcd, 2009-05-26
[    4.922294] Initializing USB Mass Storage driver...
[    4.922416] usbcore: registered new interface driver usb-storage
[    4.922504] USB Mass Storage support registered.
[    4.922610] usbcore: registered new interface driver ums-alauda
[    4.922717] usbcore: registered new interface driver ums-cypress
[    4.922820] usbcore: registered new interface driver ums-datafab
[    4.922919] usbcore: registered new interface driver ums-freecom
[    4.923025] usbcore: registered new interface driver ums-isd200
[    4.923125] usbcore: registered new interface driver ums-jumpshot
[    4.923225] usbcore: registered new interface driver ums-karma
[    4.923326] usbcore: registered new interface driver ums-onetouch
[    4.923428] usbcore: registered new interface driver ums-sddr09
[    4.923527] usbcore: registered new interface driver ums-sddr55
[    4.923630] usbcore: registered new interface driver ums-usbat
[    4.923770] PNP: PS/2 Controller [PNP0303:KBD,PNP0f13:MOU] at 0x60,0x64 irq 1,12
[    4.932887] serio: i8042 KBD port at 0x60,0x64 irq 1
[    4.932977] serio: i8042 AUX port at 0x60,0x64 irq 12
[    4.933218] mice: PS/2 mouse device common for all mice
[    4.933320] i2c /dev entries driver
[    4.933448] md: linear personality registered for level -1
[    4.933530] md: raid0 personality registered for level 0
[    4.933612] md: raid1 personality registered for level 1
[    4.933697] md: raid10 personality registered for level 10
[    4.933785] md: raid6 personality registered for level 6
[    4.933865] md: raid5 personality registered for level 5
[    4.933950] md: raid4 personality registered for level 4
[    4.934052] md: multipath personality registered for level -4
[    4.934237] device-mapper: ioctl: 4.15.0-ioctl (2009-04-01) initialised: dm-devel@redhat.com
[    4.934435] cpuidle: using governor ladder
[    4.935031] usbcore: registered new interface driver usbhid
[    4.935112] usbhid: v2.6:USB HID core driver
[    4.935275] TCP cubic registered
[    4.935359] Initializing XFRM netlink socket
[    4.935457] NET: Registered protocol family 17
[    4.935554] Using IPI Shortcut mode
[    4.938003] input: AT Translated Set 2 keyboard as /devices/platform/i8042/serio0/input/input1
[    5.128993] ata1: SATA link up 1.5 Gbps (SStatus 113 SControl 300)
[    5.129092] ata3: SATA link down (SStatus 0 SControl 300)
[    5.131421] ata1.00: ACPI cmd ef/02:00:00:00:00:a0 (SET FEATURES) succeeded
[    5.131424] ata1.00: ACPI cmd f5/00:00:00:00:00:a0 (SECURITY FREEZE LOCK) filtered out
[    5.132814] ata1.00: ACPI cmd ef/5f:00:00:00:00:a0 (SET FEATURES) succeeded
[    5.132816] ata1.00: ACPI cmd ef/10:03:00:00:00:a0 (SET FEATURES) filtered out
[    5.134724] ata1.00: ATA-7: ST910021AS, 4.06, max UDMA/100
[    5.134810] ata1.00: 195371568 sectors, multi 16: LBA48 
[    5.136965] ata1.00: ACPI cmd ef/02:00:00:00:00:a0 (SET FEATURES) succeeded
[    5.136968] ata1.00: ACPI cmd f5/00:00:00:00:00:a0 (SECURITY FREEZE LOCK) filtered out
[    5.138361] ata1.00: ACPI cmd ef/5f:00:00:00:00:a0 (SET FEATURES) succeeded
[    5.138364] ata1.00: ACPI cmd ef/10:03:00:00:00:a0 (SET FEATURES) filtered out
[    5.140288] ata1.00: configured for UDMA/100
[    5.151043] scsi 2:0:0:0: Direct-Access     ATA      ST910021AS       4.06 PQ: 0 ANSI: 5
[    5.151316] sd 2:0:0:0: [sda] 195371568 512-byte logical blocks: (100 GB/93.1 GiB)
[    5.151461] sd 2:0:0:0: [sda] Write Protect is off
[    5.151553] sd 2:0:0:0: [sda] Mode Sense: 00 3a 00 00
[    5.151565] sd 2:0:0:0: [sda] Write cache: enabled, read cache: enabled, doesn't support DPO or FUA
[    5.151759]  sda:
[    5.215982] usb 2-1: new high speed USB device using ehci_hcd and address 2
[    5.365665] usb 2-1: New USB device found, idVendor=0e8d, idProduct=1806
[    5.365759] usb 2-1: New USB device strings: Mfr=1, Product=2, SerialNumber=3
[    5.365846] usb 2-1: Product: MT1806 
[    5.365931] usb 2-1: Manufacturer: MediaTek Inc
[    5.366020] usb 2-1: SerialNumber: R8KN6GAC800AEB 
[    5.366156] usb 2-1: configuration #1 chosen from 1 choice
[    5.372460] scsi5 : SCSI emulation for USB Mass Storage devices
[    5.372617] usb-storage: device found at 2
[    5.372619] usb-storage: waiting for device to settle before scanning
[    5.548834]  sda1 sda2
[    5.549551] sd 2:0:0:0: [sda] Attached SCSI disk
[    5.549638] RANDOM - __seed init called.
[    5.549639] RANDOM - __seed init called.
[    5.549640] RANDOM - __seed init called.
[    5.549642] RANDOM - __random32 called. Change num 12.  Value: 6efffaa9	ccf54317	67d96e05
[    5.549644] RANDOM - random32_reseed called.  Value: 6efffaa9	ccf54317	67d96e05
[    5.550148] md: Waiting for all devices to be available before autodetect
[    5.550246] md: If you don't use raid, use raid=noautodetect
[    5.550414] md: Autodetecting RAID arrays.
[    5.550493] md: Scanned 0 and added 0 devices.
[    5.550575] md: autorun ...
[    5.550658] md: ... autorun DONE.
[    5.573253] EXT3-fs: sda2: couldn't mount because of unsupported optional features (240).
[    5.573482] EXT2-fs: sda2: couldn't mount because of unsupported optional features (240).
[    5.603008] EXT4-fs (sda2): mounted filesystem with ordered data mode
[    5.603183] VFS: Mounted root (ext4 filesystem) readonly on device 8:2.
[    5.603278] Freeing unused kernel memory: 448k freed
[    6.141101] ieee1394: Host added: ID:BUS[0-00:1023]  GUID[00061b032a25f51c]
[    6.952943] sd 2:0:0:0: Attached scsi generic sg0 type 0
[    7.165731] i801_smbus 0000:00:1f.3: PCI INT A -> GSI 23 (level, low) -> IRQ 23
[    7.177421] ACPI: WMI: Mapper loaded
[    7.211500] e1000e: Intel(R) PRO/1000 Network Driver - 1.0.2-k2
[    7.211595] e1000e: Copyright (c) 1999-2008 Intel Corporation.
[    7.211733] e1000e 0000:00:19.0: PCI INT A -> GSI 20 (level, low) -> IRQ 20
[    7.211842] e1000e 0000:00:19.0: setting latency timer to 64
[    7.211947] e1000e 0000:00:19.0: irq 30 for MSI/MSI-X
[    7.233545] input: Lid Switch as /devices/LNXSYSTM:00/LNXSYBUS:00/PNP0C0D:00/input/input2
[    7.234290] ACPI: Lid Switch [LID]
[    7.234401] input: Sleep Button as /devices/LNXSYSTM:00/LNXSYBUS:00/PNP0C0E:00/input/input3
[    7.234547] ACPI: Sleep Button [SLPB]
[    7.234666] input: Power Button as /devices/LNXSYSTM:00/LNXPWRBN:00/input/input4
[    7.234807] ACPI: Power Button [PWRF]
[    7.242566] Non-volatile memory driver v1.3
[    7.391954] Linux agpgart interface v0.103
[    7.428060] ACPI: AC Adapter [AC] (on-line)
[    7.493212] thermal LNXTHERM:01: registered as thermal_zone0
[    7.493308] ACPI: Thermal Zone [THM0] (57 C)
[    7.494803] thermal LNXTHERM:02: registered as thermal_zone1
[    7.494895] ACPI: Thermal Zone [THM1] (53 C)
[    7.521628] ACPI: SSDT 3d6e1b32 002C4 (v01  PmRef  Cpu0Ist 00000100 INTL 20050513)
[    7.522352] ACPI: SSDT 3d6e1e7b 0085E (v01  PmRef  Cpu0Cst 00000100 INTL 20050513)
[    7.532915] yenta_cardbus 0000:15:00.0: CardBus bridge found [17aa:20c6]
[    7.556308] Monitor-Mwait will be used to enter C-1 state
[    7.556311] Monitor-Mwait will be used to enter C-2 state
[    7.556312] Monitor-Mwait will be used to enter C-3 state
[    7.556315] Marking TSC unstable due to TSC halts in idle
[    7.556497] processor LNXCPU:00: registered as cooling_device0
[    7.566830] Switching to clocksource hpet
[    7.744762] RANDOM - __random32 called. Change num 1.  Value: ffaa9235	cf54317f	dc0b2243
[    7.744765] RANDOM - random32 called.  Value: ffaa9235	cf54317f	dc0b2243
[    7.744792] 0000:00:19.0: eth0: (PCI Express:2.5GB/s:Width x1) 00:1e:37:d4:95:86
[    7.744911] 0000:00:19.0: eth0: Intel(R) PRO/1000 Network Connection
[    7.745029] 0000:00:19.0: eth0: MAC: 6, PHY: 6, PBA No: 1008ff-0ff
[    7.745301] agpgart-intel 0000:00:00.0: Intel 965GM Chipset
[    7.745907] agpgart-intel 0000:00:00.0: detected 7676K stolen memory
[    7.750369] agpgart-intel 0000:00:00.0: AGP aperture is 256M @ 0xe0000000
[    8.179856] Synaptics Touchpad, model: 1, fw: 6.2, id: 0x81a0b1, caps: 0xa04791/0x300000/0x0
[    8.179991] serio: Synaptics pass-through port at isa0060/serio1/input0
[    8.222075] input: SynPS/2 Synaptics TouchPad as /devices/platform/i8042/serio1/input/input5
[   10.383019] scsi 5:0:0:0: CD-ROM            TSSTcorp CDDVDW SE-208AB  TS03 PQ: 0 ANSI: 0
[   10.416009] sr0: scsi3-mmc drive: 24x/24x writer dvd-ram cd/rw xa/form2 cdda tray
[   10.416205] sr 5:0:0:0: Attached scsi CD-ROM sr0
[   10.416257] sr 5:0:0:0: Attached scsi generic sg1 type 5
[   10.417016] usb-storage: device scan complete
[   13.775313] IBM TrackPoint firmware: 0x0e, buttons: 3/3
[   14.008137] input: TPPS/2 IBM TrackPoint as /devices/platform/i8042/serio1/serio2/input/input6
[   17.442397] ACPI: Battery Slot [BAT0] (battery present)
[   17.565141] yenta_cardbus 0000:15:00.0: ISA IRQ mask 0x0cb8, PCI irq 16
[   17.565234] yenta_cardbus 0000:15:00.0: Socket status: 30000820
[   17.565325] yenta_cardbus 0000:15:00.0: pcmcia: parent PCI bridge I/O window: 0x7000 - 0xafff
[   17.565444] pcmcia_socket pcmcia_socket0: cs: IO port probe 0x7000-0xafff: clean.
[   17.566297] yenta_cardbus 0000:15:00.0: pcmcia: parent PCI bridge Memory window: 0xf8300000 - 0xfbffffff
[   17.566425] yenta_cardbus 0000:15:00.0: pcmcia: parent PCI bridge Memory window: 0xf4000000 - 0xf7ffffff
[   17.801351] rtc_cmos 00:07: RTC can wake from S4
[   17.801526] rtc_cmos 00:07: rtc core: registered rtc_cmos as rtc0
[   17.801639] rtc0: alarms up to one month, y3k, 114 bytes nvram, hpet irqs
[   17.808143] thinkpad_acpi: ThinkPad ACPI Extras v0.23
[   17.808227] thinkpad_acpi: http://ibm-acpi.sf.net/
[   17.808338] thinkpad_acpi: ThinkPad BIOS 7LETB7WW (2.17 ), EC 7KHT24WW-1.08
[   17.808426] thinkpad_acpi: Lenovo ThinkPad R61, model 7732CTO
[   17.811656] thinkpad_acpi: ACPI backlight control delay disabled
[   17.812028] thinkpad_acpi: radio switch found; radios are enabled
[   17.812250] thinkpad_acpi: This ThinkPad has standard ACPI backlight brightness control, supported by the ACPI video driver
[   17.812380] thinkpad_acpi: Disabling thinkpad-acpi brightness events by default...
[   17.817622] Registered led device: tpacpi::thinklight
[   17.817732] Registered led device: tpacpi::power
[   17.817819] Registered led device: tpacpi::standby
[   17.817906] Registered led device: tpacpi::thinkvantage
[   17.821617] thinkpad_acpi: Standard ACPI backlight interface available, not loading native one.
[   17.822223] input: ThinkPad Extra Buttons as /devices/platform/thinkpad_acpi/input/input7
[   17.968922] HDA Intel 0000:00:1b.0: PCI INT B -> GSI 17 (level, low) -> IRQ 17
[   17.969039] hda_intel: probe_mask set to 0x1 for device 17aa:20ac
[   17.969145] HDA Intel 0000:00:1b.0: setting latency timer to 64
[   18.190338] pcmcia_socket pcmcia_socket0: pccard: CardBus card inserted into slot 0
[   18.191168] pci 0000:16:00.0: reg 10 32bit mmio: [0x000000-0x00ffff]
[   18.233219] pcmcia_socket pcmcia_socket0: cs: IO port probe 0xc00-0xcff: clean.
[   18.233993] pcmcia_socket pcmcia_socket0: cs: IO port probe 0x3e0-0x4ff: excluding 0x4d0-0x4d7
[   18.234918] pcmcia_socket pcmcia_socket0: cs: IO port probe 0x100-0x3af: clean.
[   18.236738] pcmcia_socket pcmcia_socket0: cs: IO port probe 0xa00-0xaff: clean.
[   18.454525] Adding 4200956k swap on /dev/sda1.  Priority:-1 extents:1 across:4200956k 
[   18.529403] fuse init (API version 7.13)
[   20.459126] lp: driver loaded but no devices found
[   20.467738] ppdev: user-space parallel port driver
[   20.525366] powernow: This module only works with AMD K7 CPUs
[   20.578530] cpufreq-nforce2: No nForce2 chipset.
[   30.337963] RANDOM - __seed init called.
[   30.337971] RANDOM - srandom32 called with seed 16777343. Change num 2 Value: feaa924a	cf54317f	dc0b2243
[   30.337999] Pid: 3088, comm: ifconfig Not tainted 2.6.32.57 #1
[   30.338003] Call Trace:
[   30.338018]  [<c165292f>] ? __inet_insert_ifa+0xef/0x150
[   30.338027]  [<c1653fee>] ? devinet_ioctl+0x44e/0x6f0
[   30.338036]  [<c108bceb>] ? __link_path_walk+0x7b/0xd50
[   30.338046]  [<c15f818b>] ? sock_ioctl+0x6b/0x260
[   30.338053]  [<c106ae89>] ? __do_fault+0x339/0x420
[   30.338059]  [<c15f8120>] ? sock_ioctl+0x0/0x260
[   30.338066]  [<c108f01f>] ? vfs_ioctl+0x1f/0x70
[   30.338073]  [<c108f5fb>] ? do_vfs_ioctl+0x39b/0x5c0
[   30.338080]  [<c106c973>] ? handle_mm_fault+0x1b3/0x790
[   30.338088]  [<c108f886>] ? sys_ioctl+0x66/0x70
[   30.338095]  [<c1002da5>] ? syscall_call+0x7/0xb
[   30.449194] RANDOM - __seed init called.
[   30.449202] RANDOM - srandom32 called with seed -446697596. Change num 3 Value: 1bf57dce	cf54317f	dc0b2243
[   30.449209] Pid: 3111, comm: ifconfig Not tainted 2.6.32.57 #1
[   30.449213] Call Trace:
[   30.449226]  [<c165292f>] ? __inet_insert_ifa+0xef/0x150
[   30.449234]  [<c1653fee>] ? devinet_ioctl+0x44e/0x6f0
[   30.449243]  [<c15f818b>] ? sock_ioctl+0x6b/0x260
[   30.449250]  [<c106ae89>] ? __do_fault+0x339/0x420
[   30.449256]  [<c15f8120>] ? sock_ioctl+0x0/0x260
[   30.449263]  [<c108f01f>] ? vfs_ioctl+0x1f/0x70
[   30.449270]  [<c108f5fb>] ? do_vfs_ioctl+0x39b/0x5c0
[   30.449277]  [<c106c973>] ? handle_mm_fault+0x1b3/0x790
[   30.449285]  [<c108f886>] ? sys_ioctl+0x66/0x70
[   30.449292]  [<c1002da5>] ? syscall_call+0x7/0xb
[   30.589556] e1000e 0000:00:19.0: irq 30 for MSI/MSI-X
[   30.640303] e1000e 0000:00:19.0: irq 30 for MSI/MSI-X
[   30.641044] RANDOM - __seed init called.
[   30.641050] RANDOM - srandom32 called with seed -446697596. Change num 4 Value: feaa924a	cf54317f	dc0b2243
[   30.641057] Pid: 3111, comm: ifconfig Not tainted 2.6.32.57 #1
[   30.641061] Call Trace:
[   30.641071]  [<c165292f>] ? __inet_insert_ifa+0xef/0x150
[   30.641079]  [<c1653e19>] ? devinet_ioctl+0x279/0x6f0
[   30.641088]  [<c16061b5>] ? __dev_get_by_name+0x75/0x90
[   30.641096]  [<c15f818b>] ? sock_ioctl+0x6b/0x260
[   30.641102]  [<c15f8120>] ? sock_ioctl+0x0/0x260
[   30.641110]  [<c108f01f>] ? vfs_ioctl+0x1f/0x70
[   30.641117]  [<c108f5fb>] ? do_vfs_ioctl+0x39b/0x5c0
[   30.641124]  [<c106c973>] ? handle_mm_fault+0x1b3/0x790
[   30.641132]  [<c108f886>] ? sys_ioctl+0x66/0x70
[   30.641138]  [<c1002da5>] ? syscall_call+0x7/0xb
[   30.642484] RANDOM - __seed init called.
[   30.642490] RANDOM - srandom32 called with seed -446697596. Change num 5 Value: 1bf57dce	cf54317f	dc0b2243
[   30.642498] Pid: 3111, comm: ifconfig Not tainted 2.6.32.57 #1
[   30.642502] Call Trace:
[   30.642510]  [<c165292f>] ? __inet_insert_ifa+0xef/0x150
[   30.642518]  [<c1653e19>] ? devinet_ioctl+0x279/0x6f0
[   30.642526]  [<c16061b5>] ? __dev_get_by_name+0x75/0x90
[   30.642534]  [<c15f818b>] ? sock_ioctl+0x6b/0x260
[   30.642540]  [<c106ae89>] ? __do_fault+0x339/0x420
[   30.642546]  [<c15f8120>] ? sock_ioctl+0x0/0x260
[   30.642553]  [<c108f01f>] ? vfs_ioctl+0x1f/0x70
[   30.642560]  [<c108f5fb>] ? do_vfs_ioctl+0x39b/0x5c0
[   30.642567]  [<c106c973>] ? handle_mm_fault+0x1b3/0x790
[   30.642575]  [<c108f886>] ? sys_ioctl+0x66/0x70
[   30.642581]  [<c1002da5>] ? syscall_call+0x7/0xb
[   31.172036] UDP snum after finding: 25
[   31.172873] UDP snum after finding: 200
[   31.409601] NET: Registered protocol family 10
[   31.409646] RANDOM - __random32 called. Change num 6.  Value: 57dcf689	f54317f9	44878a46
[   31.409652] RANDOM - random32 called.  Value: 57dcf689	f54317f9	44878a46
[   31.409816] RANDOM - __random32 called. Change num 7.  Value: cf689921	54317f90	148c177b
[   31.409821] RANDOM - random32 called.  Value: cf689921	54317f90	148c177b
[   31.409866] RANDOM - __random32 called. Change num 8.  Value: 89921b89	4317f902	2ef61d95
[   31.409871] RANDOM - random32 called.  Value: 89921b89	4317f902	2ef61d95
[   31.409935] ADDRCONF(NETDEV_UP): eth0: link is not ready
[   31.415839] RANDOM - __random32 called. Change num 9.  Value: 21b8995c	317f9027	3b2b28de
[   31.415844] RANDOM - random32 called.  Value: 21b8995c	317f9027	3b2b28de
[   31.415846] UDP rand value before processing 2bec21a5
[   31.415849] UDP first value 92eb before processing
[   31.415852] UDP snum after finding: 92eb
[   31.415865] RANDOM - __random32 called. Change num 10.  Value: 8995c652	17f9027a	51bc4e4d
[   31.415868] RANDOM - random32 called.  Value: 8995c652	17f9027a	51bc4e4d
[   31.415871] UDP rand value before processing cfd08a65
[   31.415873] UDP first value d986 before processing
[   31.415876] UDP snum after finding: d986
[   33.577698] e1000e: eth0 NIC Link is Up 1000 Mbps Full Duplex, Flow Control: None
[   33.577924] ADDRCONF(NETDEV_CHANGE): eth0: link becomes ready
[   33.577971] RANDOM - __random32 called. Change num 11.  Value: 5c65262b	7f9027a4	9c9b8bc7
[   33.577974] RANDOM - random32 called.  Value: 5c65262b	7f9027a4	9c9b8bc7
[   33.577977] RANDOM - __seed init called.
[   33.577980] RANDOM - srandom32 called with seed -2037000962. Change num 12 Value: daf0f2d5	7f9027a4	9c9b8bc7
[   33.577986] Pid: 4, comm: events/0 Not tainted 2.6.32.57 #1
[   33.577989] Call Trace:
[   33.578002]  [<f8be7ce6>] ? addrconf_dad_start+0x26/0x100 [ipv6]
[   33.578012]  [<f8be7e22>] ? addrconf_add_linklocal+0x62/0x80 [ipv6]
[   33.578021]  [<f8be9dc7>] ? addrconf_notify+0x5f7/0x9e0 [ipv6]
[   33.578030]  [<c1607cc2>] ? net_rx_action+0x92/0x120
[   33.578035]  [<c102ad74>] ? __do_softirq+0x84/0xf0
[   33.578040]  [<c1004893>] ? do_IRQ+0x43/0xb0
[   33.578044]  [<c10033a9>] ? common_interrupt+0x29/0x30
[   33.578050]  [<c16279b4>] ? rt_cache_flush+0xa4/0xd0
[   33.578055]  [<c103ba96>] ? notifier_call_chain+0x36/0x70
[   33.578059]  [<c103bbf7>] ? raw_notifier_call_chain+0x17/0x20
[   33.578065]  [<c16092f1>] ? netdev_state_change+0x21/0x30
[   33.578070]  [<c1612fc8>] ? __linkwatch_run_queue+0x118/0x1b0
[   33.578074]  [<c1613060>] ? linkwatch_event+0x0/0x20
[   33.578079]  [<c1613078>] ? linkwatch_event+0x18/0x20
[   33.578083]  [<c103519e>] ? worker_thread+0xde/0x190
[   33.578089]  [<c10382c0>] ? autoremove_wake_function+0x0/0x50
[   33.578093]  [<c10350c0>] ? worker_thread+0x0/0x190
[   33.578097]  [<c1037f14>] ? kthread+0x74/0x80
[   33.578102]  [<c1037ea0>] ? kthread+0x0/0x80
[   33.578120]  [<c10035e7>] ? kernel_thread_helper+0x7/0x10
[   33.578124] RANDOM - __random32 called. Change num 13.  Value: f2d5895	f9027a40	178f08fa
[   33.578127] RANDOM - random32 called.  Value: f2d5895	f9027a40	178f08fa
[   33.578131] RANDOM - __random32 called. Change num 14.  Value: d5895487	9027a40e	11f57ee9
[   33.578135] RANDOM - random32 called.  Value: d5895487	9027a40e	11f57ee9
[   33.579130] RANDOM - __random32 called. Change num 15.  Value: 95487fe3	27a40e8	fdd3cbd1
[   33.579134] RANDOM - random32 called.  Value: 95487fe3	27a40e8	fdd3cbd1
