[    0.000000] Linux version 2.6.32.57 (dcashman@dcashman-02) (gcc version 4.3.3 (GCC) ) #1 Thu May 23 04:51:19 PDT 2013
[    0.000000] KERNEL supported cpus:
[    0.000000]   Intel GenuineIntel
[    0.000000]   AMD AuthenticAMD
[    0.000000]   NSC Geode by NSC
[    0.000000]   Cyrix CyrixInstead
[    0.000000]   Centaur CentaurHauls
[    0.000000]   Transmeta GenuineTMx86
[    0.000000]   Transmeta TransmetaCPU
[    0.000000]   UMC UMC UMC UMC
[    0.000000] BIOS-provided physical RAM map:
[    0.000000]  BIOS-e820: 0000000000000000 - 000000000009d800 (usable)
[    0.000000]  BIOS-e820: 000000000009d800 - 00000000000a0000 (reserved)
[    0.000000]  BIOS-e820: 00000000000d2000 - 00000000000d4000 (reserved)
[    0.000000]  BIOS-e820: 00000000000e0000 - 0000000000100000 (reserved)
[    0.000000]  BIOS-e820: 0000000000100000 - 000000003d6b0000 (usable)
[    0.000000]  BIOS-e820: 000000003d6b0000 - 000000003d6cc000 (ACPI data)
[    0.000000]  BIOS-e820: 000000003d6cc000 - 000000003d700000 (ACPI NVS)
[    0.000000]  BIOS-e820: 000000003d700000 - 000000003e000000 (reserved)
[    0.000000]  BIOS-e820: 00000000f0000000 - 00000000f4000000 (reserved)
[    0.000000]  BIOS-e820: 00000000fec00000 - 00000000fec10000 (reserved)
[    0.000000]  BIOS-e820: 00000000fed00000 - 00000000fed00400 (reserved)
[    0.000000]  BIOS-e820: 00000000fed14000 - 00000000fed1a000 (reserved)
[    0.000000]  BIOS-e820: 00000000fed1c000 - 00000000fed90000 (reserved)
[    0.000000]  BIOS-e820: 00000000fee00000 - 00000000fee01000 (reserved)
[    0.000000]  BIOS-e820: 00000000ff000000 - 0000000100000000 (reserved)
[    0.000000] DMI present.
[    0.000000] last_pfn = 0x3d6b0 max_arch_pfn = 0x100000
[    0.000000] MTRR default type: uncachable
[    0.000000] MTRR fixed ranges enabled:
[    0.000000]   00000-9FFFF write-back
[    0.000000]   A0000-BFFFF uncachable
[    0.000000]   C0000-CFFFF write-protect
[    0.000000]   D0000-DFFFF uncachable
[    0.000000]   E0000-FFFFF write-protect
[    0.000000] MTRR variable ranges enabled:
[    0.000000]   0 base 03E000000 mask FFE000000 uncachable
[    0.000000]   1 base 000000000 mask FC0000000 write-back
[    0.000000]   2 base 03D700000 mask FFFF00000 uncachable
[    0.000000]   3 base 03D800000 mask FFF800000 uncachable
[    0.000000]   4 disabled
[    0.000000]   5 disabled
[    0.000000]   6 disabled
[    0.000000]   7 disabled
[    0.000000] initial memory mapped : 0 - 02000000
[    0.000000] init_memory_mapping: 0000000000000000-00000000377fe000
[    0.000000]  0000000000 - 0000400000 page 4k
[    0.000000]  0000400000 - 0037400000 page 2M
[    0.000000]  0037400000 - 00377fe000 page 4k
[    0.000000] kernel direct mapping tables up to 377fe000 @ 7000-c000
[    0.000000] ACPI: RSDP 000f68d0 00024 (v02 LENOVO)
[    0.000000] ACPI: XSDT 3d6bb77f 00094 (v01 LENOVO TP-7L    00002170  LTP 00000000)
[    0.000000] ACPI: FACP 3d6bb900 000F4 (v03 LENOVO TP-7L    00002170 LNVO 00000001)
[    0.000000] ACPI Warning: 32/64X length mismatch in Gpe1Block: 0/32 (20090903/tbfadt-526)
[    0.000000] ACPI Warning: Optional field Gpe1Block has zero address or length: 000000000000102C/0 (20090903/tbfadt-557)
[    0.000000] ACPI: DSDT 3d6bbd1d 0FED1 (v01 LENOVO TP-7L    00002170 MSFT 03000000)
[    0.000000] ACPI: FACS 3d6e4000 00040
[    0.000000] ACPI: SSDT 3d6bbab4 00269 (v01 LENOVO TP-7L    00002170 MSFT 03000000)
[    0.000000] ACPI: ECDT 3d6cbbee 00052 (v01 LENOVO TP-7L    00002170 LNVO 00000001)
[    0.000000] ACPI: TCPA 3d6cbc40 00032 (v02 LENOVO TP-7L    00002170 LNVO 00000001)
[    0.000000] ACPI: APIC 3d6cbc72 00068 (v01 LENOVO TP-7L    00002170 LNVO 00000001)
[    0.000000] ACPI: MCFG 3d6cbcda 0003C (v01 LENOVO TP-7L    00002170 LNVO 00000001)
[    0.000000] ACPI: HPET 3d6cbd16 00038 (v01 LENOVO TP-7L    00002170 LNVO 00000001)
[    0.000000] ACPI: SLIC 3d6cbdf0 00176 (v01 LENOVO TP-7L    00002170  LTP 00000000)
[    0.000000] ACPI: BOOT 3d6cbf66 00028 (v01 LENOVO TP-7L    00002170  LTP 00000001)
[    0.000000] ACPI: ASF! 3d6cbf8e 00072 (v16 LENOVO TP-7L    00002170 PTL  00000001)
[    0.000000] ACPI: SSDT 3d6e26d9 0025F (v01 LENOVO TP-7L    00002170 INTL 20050513)
[    0.000000] ACPI: SSDT 3d6e2938 000A6 (v01 LENOVO TP-7L    00002170 INTL 20050513)
[    0.000000] ACPI: SSDT 3d6e29de 004F7 (v01 LENOVO TP-7L    00002170 INTL 20050513)
[    0.000000] ACPI: SSDT 3d6e2ed5 001D8 (v01 LENOVO TP-7L    00002170 INTL 20050513)
[    0.000000] ACPI: DMI detected: Lenovo ThinkPad R61
[    0.000000] ACPI: Added _OSI(Linux)
[    0.000000] ACPI: Local APIC address 0xfee00000
[    0.000000] 94MB HIGHMEM available.
[    0.000000] 887MB LOWMEM available.
[    0.000000]   mapped low ram: 0 - 377fe000
[    0.000000]   low ram: 0 - 377fe000
[    0.000000]   node 0 low ram: 00000000 - 377fe000
[    0.000000]   node 0 bootmap 00008000 - 0000ef00
[    0.000000] (6 early reservations) ==> bootmem [0000000000 - 00377fe000]
[    0.000000]   #0 [0000000000 - 0000001000]   BIOS data page ==> [0000000000 - 0000001000]
[    0.000000]   #1 [0001000000 - 0001bd6180]    TEXT DATA BSS ==> [0001000000 - 0001bd6180]
[    0.000000]   #2 [000009d800 - 0000100000]    BIOS reserved ==> [000009d800 - 0000100000]
[    0.000000]   #3 [0001bd7000 - 0001bdf16c]              BRK ==> [0001bd7000 - 0001bdf16c]
[    0.000000]   #4 [0000007000 - 0000008000]          PGTABLE ==> [0000007000 - 0000008000]
[    0.000000]   #5 [0000008000 - 000000f000]          BOOTMAP ==> [0000008000 - 000000f000]
[    0.000000] found SMP MP-table at [c00f6900] f6900
[    0.000000] Zone PFN ranges:
[    0.000000]   DMA      0x00000000 -> 0x00001000
[    0.000000]   Normal   0x00001000 -> 0x000377fe
[    0.000000]   HighMem  0x000377fe -> 0x0003d6b0
[    0.000000] Movable zone start PFN for each node
[    0.000000] early_node_map[2] active PFN ranges
[    0.000000]     0: 0x00000000 -> 0x0000009d
[    0.000000]     0: 0x00000100 -> 0x0003d6b0
[    0.000000] On node 0 totalpages: 251469
[    0.000000] free_area_init_node: node 0, pgdat c18fbda0, node_mem_map c1be1000
[    0.000000]   DMA zone: 32 pages used for memmap
[    0.000000]   DMA zone: 0 pages reserved
[    0.000000]   DMA zone: 3965 pages, LIFO batch:0
[    0.000000]   Normal zone: 1744 pages used for memmap
[    0.000000]   Normal zone: 221486 pages, LIFO batch:31
[    0.000000]   HighMem zone: 190 pages used for memmap
[    0.000000]   HighMem zone: 24052 pages, LIFO batch:3
[    0.000000] Using APIC driver default
[    0.000000] ACPI: PM-Timer IO Port: 0x1008
[    0.000000] ACPI: Local APIC address 0xfee00000
[    0.000000] ACPI: LAPIC (acpi_id[0x00] lapic_id[0x00] enabled)
[    0.000000] ACPI: LAPIC (acpi_id[0x01] lapic_id[0x01] enabled)
[    0.000000] ACPI: NR_CPUS/possible_cpus limit of 1 reached.  Processor 1/0x1 ignored.
[    0.000000] ACPI: LAPIC_NMI (acpi_id[0x00] high edge lint[0x1])
[    0.000000] ACPI: LAPIC_NMI (acpi_id[0x01] high edge lint[0x1])
[    0.000000] ACPI: IOAPIC (id[0x01] address[0xfec00000] gsi_base[0])
[    0.000000] IOAPIC[0]: apic_id 1, version 32, address 0xfec00000, GSI 0-23
[    0.000000] ACPI: INT_SRC_OVR (bus 0 bus_irq 0 global_irq 2 dfl dfl)
[    0.000000] ACPI: INT_SRC_OVR (bus 0 bus_irq 9 global_irq 9 high level)
[    0.000000] ACPI: IRQ0 used by override.
[    0.000000] ACPI: IRQ2 used by override.
[    0.000000] ACPI: IRQ9 used by override.
[    0.000000] Using ACPI (MADT) for SMP configuration information
[    0.000000] ACPI: HPET id: 0x8086a201 base: 0xfed00000
[    0.000000] nr_irqs_gsi: 24
[    0.000000] PM: Registered nosave memory: 000000000009d000 - 000000000009e000
[    0.000000] PM: Registered nosave memory: 000000000009e000 - 00000000000a0000
[    0.000000] PM: Registered nosave memory: 00000000000a0000 - 00000000000d2000
[    0.000000] PM: Registered nosave memory: 00000000000d2000 - 00000000000d4000
[    0.000000] PM: Registered nosave memory: 00000000000d4000 - 00000000000e0000
[    0.000000] PM: Registered nosave memory: 00000000000e0000 - 0000000000100000
[    0.000000] Allocating PCI resources starting at 3e000000 (gap: 3e000000:b2000000)
[    0.000000] Built 1 zonelists in Zone order, mobility grouping on.  Total pages: 249503
[    0.000000] Kernel command line: auto BOOT_IMAGE=Linux ro root=802 vt.default_utf8=0
[    0.000000] PID hash table entries: 4096 (order: 2, 16384 bytes)
[    0.000000] Dentry cache hash table entries: 131072 (order: 7, 524288 bytes)
[    0.000000] Inode-cache hash table entries: 65536 (order: 6, 262144 bytes)
[    0.000000] Enabling fast FPU save and restore... done.
[    0.000000] Enabling unmasked SIMD FPU exception support... done.
[    0.000000] Initializing CPU#0
[    0.000000] Initializing HighMem for node 0 (000377fe:0003d6b0)
[    0.000000] Memory: 984800k/1006272k available (6888k kernel code, 20852k reserved, 2329k data, 448k init, 96968k highmem)
[    0.000000] virtual kernel memory layout:
[    0.000000]     fixmap  : 0xfffa3000 - 0xfffff000   ( 368 kB)
[    0.000000]     pkmap   : 0xff800000 - 0xffc00000   (4096 kB)
[    0.000000]     vmalloc : 0xf7ffe000 - 0xff7fe000   ( 120 MB)
[    0.000000]     lowmem  : 0xc0000000 - 0xf77fe000   ( 887 MB)
[    0.000000]       .init : 0xc1901000 - 0xc1971000   ( 448 kB)
[    0.000000]       .data : 0xc16ba3c8 - 0xc1900b64   (2329 kB)
[    0.000000]       .text : 0xc1000000 - 0xc16ba3c8   (6888 kB)
[    0.000000] Checking if this processor honours the WP bit even in supervisor mode...Ok.
[    0.000000] SLUB: Genslabs=13, HWalign=64, Order=0-3, MinObjects=0, CPUs=1, Nodes=1
[    0.000000] Hierarchical RCU implementation.
[    0.000000] NR_IRQS:288
[    0.000000] Extended CMOS year: 2000
[    0.000000] Console: colour VGA+ 80x25
[    0.000000] console [tty0] enabled
[    0.000000] hpet clockevent registered
[    0.000000] Fast TSC calibration using PIT
[    0.000000] Detected 2094.789 MHz processor.
[    0.001002] Calibrating delay loop (skipped), value calculated using timer frequency.. 4189.57 BogoMIPS (lpj=2094789)
[    0.001180] Security Framework initialized
[    0.001263] Mount-cache hash table entries: 512
[    0.001411] CPU: L1 I cache: 32K, L1 D cache: 32K
[    0.002002] CPU: L2 cache: 3072K
[    0.002084] mce: CPU supports 6 MCE banks
[    0.002164] CPU0: Thermal monitoring enabled (TM2)
[    0.002247] using mwait in idle threads.
[    0.002329] CPU: Intel(R) Core(TM)2 Duo CPU     T8100  @ 2.10GHz stepping 06
[    0.002505] Checking 'hlt' instruction... OK.
[    0.006937] ACPI: Core revision 20090903
[    0.026043] Enabling APIC mode:  Flat.  Using 1 I/O APICs
[    0.027221] ..TIMER: vector=0x30 apic1=0 pin1=2 apic2=-1 pin2=-1
[    0.037997] xor: automatically using best checksumming function: pIII_sse
[    0.041998]    pIII_sse  :  8648.000 MB/sec
[    0.042077] xor: using function: pIII_sse (8648.000 MB/sec)
[    0.042159] RANDOM - __seed init called.
[    0.042160] RANDOM - __seed init called.
[    0.042161] RANDOM - __seed init called.
[    0.042162] RANDOM - __random32 called. Change num 1.  Value: f7943846	49e73df3	af36cd0d
[    0.042164] RANDOM - __random32 called. Change num 2.  Value: 43846e13	9e73df37	9a1ad014
[    0.042166] RANDOM - __random32 called. Change num 3.  Value: 46e139c8	e73df373	a029598a
[    0.042168] RANDOM - __random32 called. Change num 4.  Value: 139c8c3b	73df373d	b3142c72
[    0.042169] RANDOM - __random32 called. Change num 5.  Value: c8c3b043	3df373de	58e576a9
[    0.042171] RANDOM - __random32 called. Change num 6.  Value: 3b0437d9	df373de5	ed53f9d8
[    0.042173] RANDOM - random32 init called.  Value: 3b0437d9	df373de5	ed53f9d8
[    0.042190] NET: Registered protocol family 16
[    0.042444] ACPI FADT declares the system doesn't support PCIe ASPM, so disable it
[    0.042564] ACPI: bus type pci registered
[    0.042723] PCI: MCFG configuration 0: base f0000000 segment 0 buses 0 - 63
[    0.042806] PCI: MCFG area at f0000000 reserved in E820
[    0.042889] PCI: Using MMCONFIG for extended config space
[    0.042969] PCI: Using configuration type 1 for base access
[    0.046045] bio: create slab <bio-0> at 0
[    0.046848] ACPI: EC: EC description table is found, configuring boot EC
[    0.052024] ACPI: BIOS _OSI(Linux) query honored via DMI
[    0.058360] ACPI: Interpreter enabled
[    0.058440] ACPI: (supports S0 S3 S4 S5)
[    0.058731] ACPI: Using IOAPIC for interrupt routing
[    0.068378] ACPI: EC: GPE = 0x12, I/O: command/status = 0x66, data = 0x62
[    0.068650] ACPI: Power Resource [PUBS] (on)
[    0.070724] ACPI: ACPI Dock Station Driver: 3 docks/bays found
[    0.071147] ACPI: PCI Root Bridge [PCI0] (0000:00)
[    0.071318] pci 0000:00:02.0: reg 10 64bit mmio: [0xf8100000-0xf81fffff]
[    0.071324] pci 0000:00:02.0: reg 18 64bit mmio pref: [0xe0000000-0xefffffff]
[    0.071328] pci 0000:00:02.0: reg 20 io port: [0x1800-0x1807]
[    0.071363] pci 0000:00:02.1: reg 10 64bit mmio: [0xf8200000-0xf82fffff]
[    0.071468] pci 0000:00:19.0: reg 10 32bit mmio: [0xfe000000-0xfe01ffff]
[    0.071477] pci 0000:00:19.0: reg 14 32bit mmio: [0xfe025000-0xfe025fff]
[    0.071487] pci 0000:00:19.0: reg 18 io port: [0x1840-0x185f]
[    0.071560] pci 0000:00:19.0: PME# supported from D0 D3hot D3cold
[    0.071648] pci 0000:00:19.0: PME# disabled
[    0.071790] pci 0000:00:1a.0: reg 20 io port: [0x1860-0x187f]
[    0.071874] pci 0000:00:1a.1: reg 20 io port: [0x1880-0x189f]
[    0.071954] pci 0000:00:1a.7: reg 10 32bit mmio: [0xfe226c00-0xfe226fff]
[    0.072048] pci 0000:00:1a.7: PME# supported from D0 D3hot D3cold
[    0.072138] pci 0000:00:1a.7: PME# disabled
[    0.072272] pci 0000:00:1b.0: reg 10 64bit mmio: [0xfe020000-0xfe023fff]
[    0.072354] pci 0000:00:1b.0: PME# supported from D0 D3hot D3cold
[    0.072439] pci 0000:00:1b.0: PME# disabled
[    0.072638] pci 0000:00:1c.0: PME# supported from D0 D3hot D3cold
[    0.072727] pci 0000:00:1c.0: PME# disabled
[    0.072929] pci 0000:00:1c.1: PME# supported from D0 D3hot D3cold
[    0.072999] pci 0000:00:1c.1: PME# disabled
[    0.073199] pci 0000:00:1c.2: PME# supported from D0 D3hot D3cold
[    0.073281] pci 0000:00:1c.2: PME# disabled
[    0.073475] pci 0000:00:1c.3: PME# supported from D0 D3hot D3cold
[    0.073558] pci 0000:00:1c.3: PME# disabled
[    0.074111] pci 0000:00:1c.4: PME# supported from D0 D3hot D3cold
[    0.074200] pci 0000:00:1c.4: PME# disabled
[    0.074352] pci 0000:00:1d.0: reg 20 io port: [0x18a0-0x18bf]
[    0.074433] pci 0000:00:1d.1: reg 20 io port: [0x18c0-0x18df]
[    0.074510] pci 0000:00:1d.2: reg 20 io port: [0x18e0-0x18ff]
[    0.074597] pci 0000:00:1d.7: reg 10 32bit mmio: [0xfe227000-0xfe2273ff]
[    0.075016] pci 0000:00:1d.7: PME# supported from D0 D3hot D3cold
[    0.075100] pci 0000:00:1d.7: PME# disabled
[    0.075387] pci 0000:00:1f.0: quirk: region 1000-107f claimed by ICH6 ACPI/GPIO/TCO
[    0.075503] pci 0000:00:1f.0: quirk: region 1180-11bf claimed by ICH6 GPIO
[    0.075593] pci 0000:00:1f.0: ICH7 LPC Generic IO decode 1 PIO at 1600 (mask 007f)
[    0.075715] pci 0000:00:1f.0: ICH7 LPC Generic IO decode 2 PIO at 15e0 (mask 000f)
[    0.075849] pci 0000:00:1f.0: ICH7 LPC Generic IO decode 3 PIO at 1680 (mask 001f)
[    0.076041] pci 0000:00:1f.1: reg 10 io port: [0x00-0x07]
[    0.076050] pci 0000:00:1f.1: reg 14 io port: [0x00-0x03]
[    0.076059] pci 0000:00:1f.1: reg 18 io port: [0x00-0x07]
[    0.076066] pci 0000:00:1f.1: reg 1c io port: [0x00-0x03]
[    0.076076] pci 0000:00:1f.1: reg 20 io port: [0x1c00-0x1c0f]
[    0.076163] pci 0000:00:1f.2: reg 10 io port: [0x1c50-0x1c57]
[    0.076172] pci 0000:00:1f.2: reg 14 io port: [0x1c44-0x1c47]
[    0.076181] pci 0000:00:1f.2: reg 18 io port: [0x1c48-0x1c4f]
[    0.076190] pci 0000:00:1f.2: reg 1c io port: [0x1c40-0x1c43]
[    0.076197] pci 0000:00:1f.2: reg 20 io port: [0x1c20-0x1c3f]
[    0.076206] pci 0000:00:1f.2: reg 24 32bit mmio: [0xfe226000-0xfe2267ff]
[    0.076266] pci 0000:00:1f.2: PME# supported from D3hot
[    0.076347] pci 0000:00:1f.2: PME# disabled
[    0.076462] pci 0000:00:1f.3: reg 10 32bit mmio: [0xfe227400-0xfe2274ff]
[    0.076487] pci 0000:00:1f.3: reg 20 io port: [0x1c60-0x1c7f]
[    0.076572] pci 0000:00:1c.0: bridge io port: [0x2000-0x2fff]
[    0.076578] pci 0000:00:1c.0: bridge 32bit mmio: [0xfc000000-0xfdffffff]
[    0.076587] pci 0000:00:1c.0: bridge 64bit mmio pref: [0xf8000000-0xf80fffff]
[    0.076664] pci 0000:03:00.0: reg 10 64bit mmio: [0xdf3f0000-0xdf3fffff]
[    0.076869] pci 0000:00:1c.1: bridge io port: [0x3000-0x3fff]
[    0.076875] pci 0000:00:1c.1: bridge 32bit mmio: [0xdc000000-0xdf3fffff]
[    0.076884] pci 0000:00:1c.1: bridge 64bit mmio pref: [0xdfe00000-0xdfefffff]
[    0.076944] pci 0000:00:1c.2: bridge io port: [0x4000-0x4fff]
[    0.076949] pci 0000:00:1c.2: bridge 32bit mmio: [0xd8000000-0xd9ffffff]
[    0.076958] pci 0000:00:1c.2: bridge 64bit mmio pref: [0xdfb00000-0xdfbfffff]
[    0.077024] pci 0000:00:1c.3: bridge io port: [0x5000-0x5fff]
[    0.077030] pci 0000:00:1c.3: bridge 32bit mmio: [0xd4000000-0xd5ffffff]
[    0.077039] pci 0000:00:1c.3: bridge 64bit mmio pref: [0xdf800000-0xdf8fffff]
[    0.077093] pci 0000:00:1c.4: bridge io port: [0x6000-0x6fff]
[    0.077099] pci 0000:00:1c.4: bridge 32bit mmio: [0xd0000000-0xd1ffffff]
[    0.077108] pci 0000:00:1c.4: bridge 64bit mmio pref: [0xdf500000-0xdf5fffff]
[    0.077163] pci 0000:15:00.0: reg 10 32bit mmio: [0xf8300000-0xf8300fff]
[    0.077213] pci 0000:15:00.0: supports D1 D2
[    0.077215] pci 0000:15:00.0: PME# supported from D0 D1 D2 D3hot D3cold
[    0.077303] pci 0000:15:00.0: PME# disabled
[    0.077442] pci 0000:15:00.1: reg 10 32bit mmio: [0xf8301000-0xf83017ff]
[    0.077537] pci 0000:15:00.1: supports D1 D2
[    0.077538] pci 0000:15:00.1: PME# supported from D0 D1 D2 D3hot D3cold
[    0.077633] pci 0000:15:00.1: PME# disabled
[    0.077800] pci 0000:00:1e.0: transparent bridge
[    0.077884] pci 0000:00:1e.0: bridge io port: [0x7000-0xafff]
[    0.077890] pci 0000:00:1e.0: bridge 32bit mmio: [0xf8300000-0xfbffffff]
[    0.077899] pci 0000:00:1e.0: bridge 64bit mmio pref: [0xf4000000-0xf7ffffff]
[    0.077964] pci_bus 0000:00: on NUMA node 0
[    0.077968] ACPI: PCI Interrupt Routing Table [\_SB_.PCI0._PRT]
[    0.078107] ACPI: PCI Interrupt Routing Table [\_SB_.PCI0.EXP0._PRT]
[    0.078166] ACPI: PCI Interrupt Routing Table [\_SB_.PCI0.EXP1._PRT]
[    0.078222] ACPI: PCI Interrupt Routing Table [\_SB_.PCI0.EXP2._PRT]
[    0.078279] ACPI: PCI Interrupt Routing Table [\_SB_.PCI0.EXP3._PRT]
[    0.078340] ACPI: PCI Interrupt Routing Table [\_SB_.PCI0.EXP4._PRT]
[    0.078402] ACPI: PCI Interrupt Routing Table [\_SB_.PCI0.PCI1._PRT]
[    0.083841] ACPI: PCI Interrupt Link [LNKA] (IRQs 3 4 5 6 7 9 *10 11)
[    0.084576] ACPI: PCI Interrupt Link [LNKB] (IRQs 3 4 5 6 7 9 10 *11)
[    0.085282] ACPI: PCI Interrupt Link [LNKC] (IRQs 3 4 5 6 7 9 10 *11)
[    0.086066] ACPI: PCI Interrupt Link [LNKD] (IRQs 3 4 5 6 7 9 10 *11)
[    0.086784] ACPI: PCI Interrupt Link [LNKE] (IRQs 3 4 5 6 7 9 10 *11)
[    0.087473] ACPI: PCI Interrupt Link [LNKF] (IRQs 3 4 5 6 7 9 10 *11)
[    0.088230] ACPI: PCI Interrupt Link [LNKG] (IRQs 3 4 5 6 7 9 10 *11)
[    0.088959] ACPI: PCI Interrupt Link [LNKH] (IRQs 3 4 5 6 7 9 10 *11)
[    0.089661] vgaarb: device added: PCI:0000:00:02.0,decodes=io+mem,owns=io+mem,locks=none
[    0.089779] vgaarb: loaded
[    0.090003] SCSI subsystem initialized
[    0.090096] libata version 3.00 loaded.
[    0.090146] usbcore: registered new interface driver usbfs
[    0.090260] usbcore: registered new interface driver hub
[    0.090370] usbcore: registered new device driver usb
[    0.107043] raid6: int32x1    941 MB/s
[    0.123990] raid6: int32x2    886 MB/s
[    0.141068] raid6: int32x4    750 MB/s
[    0.157998] raid6: int32x8    656 MB/s
[    0.175003] raid6: mmxx1     2882 MB/s
[    0.191983] raid6: mmxx2     3269 MB/s
[    0.208993] raid6: sse1x1    1937 MB/s
[    0.225997] raid6: sse1x2    2535 MB/s
[    0.242977] raid6: sse2x1    3503 MB/s
[    0.259977] raid6: sse2x2    3832 MB/s
[    0.260055] raid6: using algorithm sse2x2 (3832 MB/s)
[    0.260149] PCI: Using ACPI for IRQ routing
[    0.260453] HPET: 3 timers in total, 0 timers will be used for per-cpu timer
[    0.260988] Switching to clocksource tsc
[    0.261083] pnp: PnP ACPI init
[    0.261167] ACPI: bus type pnp registered
[    0.264752] pnp: PnP ACPI: found 11 devices
[    0.264846] ACPI: ACPI bus type pnp unregistered
[    0.264938] system 00:00: iomem range 0x0-0x9ffff could not be reserved
[    0.265023] system 00:00: iomem range 0xc0000-0xc3fff could not be reserved
[    0.265114] system 00:00: iomem range 0xc4000-0xc7fff could not be reserved
[    0.265200] system 00:00: iomem range 0xc8000-0xcbfff has been reserved
[    0.265285] system 00:00: iomem range 0xcc000-0xcffff has been reserved
[    0.265372] system 00:00: iomem range 0xd0000-0xd3fff could not be reserved
[    0.265454] system 00:00: iomem range 0xe0000-0xe3fff could not be reserved
[    0.265535] system 00:00: iomem range 0xe4000-0xe7fff could not be reserved
[    0.265617] system 00:00: iomem range 0xe8000-0xebfff could not be reserved
[    0.265700] system 00:00: iomem range 0xec000-0xeffff could not be reserved
[    0.265783] system 00:00: iomem range 0xf0000-0xfffff could not be reserved
[    0.265870] system 00:00: iomem range 0x100000-0x3dffffff could not be reserved
[    0.265987] system 00:00: iomem range 0xfec00000-0xfed3ffff could not be reserved
[    0.266099] system 00:00: iomem range 0xfed4c000-0xffffffff could not be reserved
[    0.266217] system 00:02: ioport range 0x164e-0x164f has been reserved
[    0.266305] system 00:02: ioport range 0x1000-0x107f has been reserved
[    0.266395] system 00:02: ioport range 0x1180-0x11bf has been reserved
[    0.266478] system 00:02: ioport range 0x800-0x80f has been reserved
[    0.266563] system 00:02: ioport range 0x15e0-0x15ef has been reserved
[    0.266650] system 00:02: ioport range 0x1600-0x165f could not be reserved
[    0.266732] system 00:02: iomem range 0xf0000000-0xf3ffffff has been reserved
[    0.266816] system 00:02: iomem range 0xfed1c000-0xfed1ffff has been reserved
[    0.266902] system 00:02: iomem range 0xfed14000-0xfed17fff has been reserved
[    0.266989] system 00:02: iomem range 0xfed18000-0xfed18fff has been reserved
[    0.267078] system 00:02: iomem range 0xfed19000-0xfed19fff has been reserved
[    0.267161] system 00:02: iomem range 0xfed45000-0xfed4bfff has been reserved
[    0.302187] pci 0000:00:1c.0: PCI bridge, secondary bus 0000:02
[    0.302282] pci 0000:00:1c.0:   IO window: 0x2000-0x2fff
[    0.302378] pci 0000:00:1c.0:   MEM window: 0xfc000000-0xfdffffff
[    0.302466] pci 0000:00:1c.0:   PREFETCH window: 0x000000f8000000-0x000000f80fffff
[    0.302584] pci 0000:00:1c.1: PCI bridge, secondary bus 0000:03
[    0.302679] pci 0000:00:1c.1:   IO window: 0x3000-0x3fff
[    0.302770] pci 0000:00:1c.1:   MEM window: 0xdc000000-0xdf3fffff
[    0.302866] pci 0000:00:1c.1:   PREFETCH window: 0x000000dfe00000-0x000000dfefffff
[    0.302982] pci 0000:00:1c.2: PCI bridge, secondary bus 0000:04
[    0.303069] pci 0000:00:1c.2:   IO window: 0x4000-0x4fff
[    0.303160] pci 0000:00:1c.2:   MEM window: 0xd8000000-0xd9ffffff
[    0.303244] pci 0000:00:1c.2:   PREFETCH window: 0x000000dfb00000-0x000000dfbfffff
[    0.303367] pci 0000:00:1c.3: PCI bridge, secondary bus 0000:05
[    0.303466] pci 0000:00:1c.3:   IO window: 0x5000-0x5fff
[    0.303558] pci 0000:00:1c.3:   MEM window: 0xd4000000-0xd5ffffff
[    0.303655] pci 0000:00:1c.3:   PREFETCH window: 0x000000df800000-0x000000df8fffff
[    0.303772] pci 0000:00:1c.4: PCI bridge, secondary bus 0000:0d
[    0.303862] pci 0000:00:1c.4:   IO window: 0x6000-0x6fff
[    0.303960] pci 0000:00:1c.4:   MEM window: 0xd0000000-0xd1ffffff
[    0.304053] pci 0000:00:1c.4:   PREFETCH window: 0x000000df500000-0x000000df5fffff
[    0.304183] pci 0000:15:00.0: CardBus bridge, secondary bus 0000:16
[    0.304271] pci 0000:15:00.0:   IO window: 0x007000-0x0070ff
[    0.304360] pci 0000:15:00.0:   IO window: 0x007400-0x0074ff
[    0.304451] pci 0000:15:00.0:   PREFETCH window: 0xf4000000-0xf7ffffff
[    0.304537] pci 0000:15:00.0:   MEM window: 0x40000000-0x43ffffff
[    0.304621] pci 0000:00:1e.0: PCI bridge, secondary bus 0000:15
[    0.304712] pci 0000:00:1e.0:   IO window: 0x7000-0xafff
[    0.304805] pci 0000:00:1e.0:   MEM window: 0xf8300000-0xfbffffff
[    0.304904] pci 0000:00:1e.0:   PREFETCH window: 0x000000f4000000-0x000000f7ffffff
[    0.305049] pci 0000:00:1c.0: PCI INT A -> GSI 20 (level, low) -> IRQ 20
[    0.305138] pci 0000:00:1c.0: setting latency timer to 64
[    0.305150] pci 0000:00:1c.1: PCI INT B -> GSI 21 (level, low) -> IRQ 21
[    0.305248] pci 0000:00:1c.1: setting latency timer to 64
[    0.305260] pci 0000:00:1c.2: PCI INT C -> GSI 22 (level, low) -> IRQ 22
[    0.305345] pci 0000:00:1c.2: setting latency timer to 64
[    0.305357] pci 0000:00:1c.3: PCI INT D -> GSI 23 (level, low) -> IRQ 23
[    0.305444] pci 0000:00:1c.3: setting latency timer to 64
[    0.305455] pci 0000:00:1c.4: PCI INT A -> GSI 20 (level, low) -> IRQ 20
[    0.305540] pci 0000:00:1c.4: setting latency timer to 64
[    0.305549] pci 0000:00:1e.0: enabling device (0005 -> 0007)
[    0.305639] pci 0000:00:1e.0: setting latency timer to 64
[    0.305654] pci 0000:15:00.0: PCI INT A -> GSI 16 (level, low) -> IRQ 16
[    0.305745] pci 0000:15:00.0: setting latency timer to 64
[    0.305749] pci_bus 0000:00: resource 0 io:  [0x00-0xffff]
[    0.305751] pci_bus 0000:00: resource 1 mem: [0x000000-0xffffffff]
[    0.305753] pci_bus 0000:02: resource 0 io:  [0x2000-0x2fff]
[    0.305755] pci_bus 0000:02: resource 1 mem: [0xfc000000-0xfdffffff]
[    0.305757] pci_bus 0000:02: resource 2 pref mem [0xf8000000-0xf80fffff]
[    0.305759] pci_bus 0000:03: resource 0 io:  [0x3000-0x3fff]
[    0.305761] pci_bus 0000:03: resource 1 mem: [0xdc000000-0xdf3fffff]
[    0.305763] pci_bus 0000:03: resource 2 pref mem [0xdfe00000-0xdfefffff]
[    0.305765] pci_bus 0000:04: resource 0 io:  [0x4000-0x4fff]
[    0.305766] pci_bus 0000:04: resource 1 mem: [0xd8000000-0xd9ffffff]
[    0.305768] pci_bus 0000:04: resource 2 pref mem [0xdfb00000-0xdfbfffff]
[    0.305770] pci_bus 0000:05: resource 0 io:  [0x5000-0x5fff]
[    0.305772] pci_bus 0000:05: resource 1 mem: [0xd4000000-0xd5ffffff]
[    0.305774] pci_bus 0000:05: resource 2 pref mem [0xdf800000-0xdf8fffff]
[    0.305776] pci_bus 0000:0d: resource 0 io:  [0x6000-0x6fff]
[    0.305777] pci_bus 0000:0d: resource 1 mem: [0xd0000000-0xd1ffffff]
[    0.305779] pci_bus 0000:0d: resource 2 pref mem [0xdf500000-0xdf5fffff]
[    0.305781] pci_bus 0000:15: resource 0 io:  [0x7000-0xafff]
[    0.305783] pci_bus 0000:15: resource 1 mem: [0xf8300000-0xfbffffff]
[    0.305785] pci_bus 0000:15: resource 2 pref mem [0xf4000000-0xf7ffffff]
[    0.305787] pci_bus 0000:15: resource 3 io:  [0x00-0xffff]
[    0.305788] pci_bus 0000:15: resource 4 mem: [0x000000-0xffffffff]
[    0.305790] pci_bus 0000:16: resource 0 io:  [0x7000-0x70ff]
[    0.305792] pci_bus 0000:16: resource 1 io:  [0x7400-0x74ff]
[    0.305794] pci_bus 0000:16: resource 2 pref mem [0xf4000000-0xf7ffffff]
[    0.305796] pci_bus 0000:16: resource 3 mem: [0x40000000-0x43ffffff]
[    0.305803] NET: Registered protocol family 2
[    0.305897] RANDOM - __random32 called. Change num 7.  Value: 437d97bf	f373de51	f3b0f986
[    0.305898] RANDOM - random32 called.  Value: 437d97bf	f373de51	f3b0f986
[    0.305912] IP route cache hash table entries: 32768 (order: 5, 131072 bytes)
[    0.306040] RANDOM - __random32 called. Change num 8.  Value: d97bfe31	373de51f	f30dc6e6
[    0.306042] RANDOM - random32 called.  Value: d97bfe31	373de51f	f30dc6e6
[    0.306053] RANDOM - __random32 called. Change num 9.  Value: bfe314d7	73de51f5	8dcd6c7e
[    0.306054] RANDOM - random32 called.  Value: bfe314d7	73de51f5	8dcd6c7e
[    0.306056] RANDOM - __random32 called. Change num 10.  Value: 314d7baf	3de51f5e	d8fc74c1
[    0.306058] RANDOM - random32 called.  Value: 314d7baf	3de51f5e	d8fc74c1
[    0.306068] RANDOM - __random32 called. Change num 11.  Value: d7baf3c7	de51f5e5	e983e3fa
[    0.306070] RANDOM - random32 called.  Value: d7baf3c7	de51f5e5	e983e3fa
[    0.306080] TCP established hash table entries: 131072 (order: 8, 1048576 bytes)
[    0.306557] TCP bind hash table entries: 65536 (order: 6, 262144 bytes)
[    0.306739] TCP: Hash tables configured (established 131072 bind 65536)
[    0.306821] TCP reno registered
[    0.306936] NET: Registered protocol family 1
[    0.307042] RPC: Registered udp transport module.
[    0.307129] RPC: Registered tcp transport module.
[    0.307214] RPC: Registered tcp NFSv4.1 backchannel transport module.
[    0.307301] pci 0000:00:02.0: Boot video device
[    0.307511] Simple Boot Flag at 0x35 set to 0x1
[    0.308069] highmem bounce pool size: 64 pages
[    0.309542] VFS: Disk quotas dquot_6.5.2
[    0.309656] Dquot-cache hash table entries: 1024 (order 0, 4096 bytes)
[    0.310390] NTFS driver 2.1.29 [Flags: R/W].
[    0.310539] ROMFS MTD (C) 2007 Red Hat, Inc.
[    0.310745] JFS: nTxBlock = 7695, nTxLock = 61563
[    0.313185] SGI XFS with ACLs, security attributes, large block/inode numbers, no debug enabled
[    0.313662] SGI XFS Quota Management subsystem
[    0.314000] Slow work thread pool: Starting up
[    0.314105] Slow work thread pool: Ready
[    0.314189] GFS2 (built May 23 2013 03:49:48) installed
[    0.314274] msgmni has been set to 1734
[    0.314442] alg: No test for cipher_null (cipher_null-generic)
[    0.314533] alg: No test for ecb(cipher_null) (ecb-cipher_null)
[    0.314622] alg: No test for digest_null (digest_null-generic)
[    0.314727] alg: No test for compress_null (compress_null-generic)
[    0.315264] alg: No test for fcrypt (fcrypt-generic)
[    0.316675] alg: No test for stdrng (krng)
[    0.316756] async_tx: api initialized (async)
[    0.316923] Block layer SCSI generic (bsg) driver version 0.4 loaded (major 254)
[    0.317042] io scheduler noop registered
[    0.317120] io scheduler anticipatory registered
[    0.317205] io scheduler deadline registered
[    0.317326] io scheduler cfq registered (default)
[    0.317562] pcieport 0000:00:1c.0: irq 24 for MSI/MSI-X
[    0.317582] pcieport 0000:00:1c.0: setting latency timer to 64
[    0.317768] pcieport 0000:00:1c.1: irq 25 for MSI/MSI-X
[    0.317783] pcieport 0000:00:1c.1: setting latency timer to 64
[    0.317981] pcieport 0000:00:1c.2: irq 26 for MSI/MSI-X
[    0.317991] pcieport 0000:00:1c.2: setting latency timer to 64
[    0.318171] pcieport 0000:00:1c.3: irq 27 for MSI/MSI-X
[    0.318183] pcieport 0000:00:1c.3: setting latency timer to 64
[    0.318360] pcieport 0000:00:1c.4: irq 28 for MSI/MSI-X
[    0.318371] pcieport 0000:00:1c.4: setting latency timer to 64
[    0.318514] pci_hotplug: PCI Hot Plug PCI Core version: 0.5
[    0.318695] isapnp: Scanning for PnP cards...
[    0.679240] isapnp: No Plug & Play device found
[    0.698714] Serial: 8250/16550 driver, 4 ports, IRQ sharing enabled
[    3.709602] floppy0: no floppy controllers found
[    3.710540] brd: module loaded
[    3.711045] loop: module loaded
[    3.711123] Compaq SMART2 Driver (v 2.6.0)
[    3.711237] HP CISS Driver (v 3.6.20)
[    3.711468] input: Macintosh mouse button emulation as /devices/virtual/input/input0
[    3.711585] Uniform Multi-Platform E-IDE driver
[    3.711827] piix 0000:00:1f.1: IDE controller (0x8086:0x2850 rev 0x03)
[    3.711929] pci 0000:00:1f.1: PCI INT C -> GSI 16 (level, low) -> IRQ 16
[    3.712027] piix 0000:00:1f.1: IDE port disabled
[    3.712123] piix 0000:00:1f.1: not 100% native mode: will probe irqs later
[    3.712213]     ide0: BM-DMA at 0x1c00-0x1c07
[    3.712303] Probing IDE interface ide0...
[    4.383767] hda: HL-DT-ST DVDRAM GSA-U10N, ATAPI CD/DVD-ROM drive
[    4.690555] hda: host max PIO4 wanted PIO255(auto-tune) selected PIO4
[    4.691327] hda: UDMA/33 mode selected
[    4.691781] ide0 at 0x1f0-0x1f7,0x3f6 on irq 14
[    4.695644] ide-gd driver 1.18
[    4.695747] ide-cd driver 5.00
[    4.697128] ide-cd: hda: ATAPI 24X DVD-ROM DVD-R/RAM CD-R/RW drive, 2048kB Cache
[    4.697549] Uniform CD-ROM driver Revision: 3.20
[    4.704713] Loading iSCSI transport class v2.0-870.
[    4.704996] rdac: device handler registered
[    4.705078] hp_sw: device handler registered
[    4.705159] emc: device handler registered
[    4.705240] alua: device handler registered
[    4.706222] Adaptec aacraid driver 1.1-5[2461]-ms
[    4.706639] scsi: <fdomain> Detection failed (no card)
[    4.706726] sym53c416.c: Version 1.0.0-ac
[    4.706822] qlogicfas: no cards were found, please specify I/O address and IRQ using iobase= and irq= options
[    4.706944] QLogic Fibre Channel HBA Driver: 8.03.01-k6
[    4.707163] iscsi: registered transport (qla4xxx)
[    4.707264] QLogic iSCSI HBA Driver
[    4.707346] Emulex LightPulse Fibre Channel SCSI driver 8.3.4
[    4.707427] Copyright(c) 2004-2009 Emulex.  All rights reserved.
[    4.729537] Failed initialization of WD-7000 SCSI card!
[    4.819025] DC390: clustering now enabled by default. If you get problems load
[    4.819147]        with "disable_clustering=1" and report to maintainers
[    4.819282] megaraid cmm: 2.20.2.7 (Release Date: Sun Jul 16 00:01:03 EST 2006)
[    4.819424] megaraid: 2.20.5.1 (Release Date: Thu Nov 16 15:32:35 EST 2006)
[    4.819548] megasas: 00.00.04.01 Thu July 24 11:41:51 PST 2008
[    4.819672] GDT-HA: Storage RAID Controller Driver. Version: 3.05
[    4.819819] 3ware Storage Controller device driver for Linux v1.26.02.002.
[    4.819920] 3ware 9000 Storage Controller device driver for Linux v2.26.02.012.
[    4.820061] nsp32: loading...
[    4.820158] ipr: IBM Power RAID SCSI Device Driver version: 2.4.3 (June 10, 2009)
[    4.820293] RocketRAID 3xxx/4xxx Controller driver v1.6 (090910)
[    4.820394] stex: Promise SuperTrak EX Driver version: 4.6.0000.3
[    4.820532] st: Version 20081215, fixed bufsize 32768, s/g segs 256
[    4.820710] ahci 0000:00:1f.2: version 3.0
[    4.820728] ahci 0000:00:1f.2: PCI INT B -> GSI 16 (level, low) -> IRQ 16
[    4.820852] ahci 0000:00:1f.2: irq 29 for MSI/MSI-X
[    4.820915] ahci 0000:00:1f.2: AHCI 0001.0100 32 slots 3 ports 1.5 Gbps 0x5 impl SATA mode
[    4.821035] ahci 0000:00:1f.2: flags: 64bit ncq sntf pm led clo pio slum part ccc 
[    4.821152] ahci 0000:00:1f.2: setting latency timer to 64
[    4.821296] scsi2 : ahci
[    4.821447] scsi3 : ahci
[    4.821599] scsi4 : ahci
[    4.821755] ata1: SATA max UDMA/133 abar m2048@0xfe226000 port 0xfe226100 irq 29
[    4.821871] ata2: DUMMY
[    4.821948] ata3: SATA max UDMA/133 abar m2048@0xfe226000 port 0xfe226200 irq 29
[    4.822560] I2O subsystem v1.325
[    4.822646] i2o: max drivers = 8
[    4.822785] I2O Configuration OSM v1.323
[    4.822878] I2O Bus Adapter OSM v1.317
[    4.822976] I2O Block Device OSM v1.325
[    4.823116] I2O SCSI Peripheral OSM v1.316
[    4.823209] I2O ProcFS OSM v1.316
[    4.823306] Fusion MPT base driver 3.04.12
[    4.823397] Copyright (c) 1999-2008 LSI Corporation
[    4.823480] Fusion MPT SPI Host driver 3.04.12
[    4.823643] Fusion MPT FC Host driver 3.04.12
[    4.823744] Fusion MPT SAS Host driver 3.04.12
[    4.823890] ohci1394 0000:15:00.1: PCI INT B -> GSI 17 (level, low) -> IRQ 17
[    4.823983] ohci1394 0000:15:00.1: setting latency timer to 64
[    4.877549] ohci1394: fw-host0: OHCI-1394 1.1 (PCI): IRQ=[17]  MMIO=[f8301000-f83017ff]  Max Packet=[2048]  IR/IT contexts=[4/4]
[    4.880805] ehci_hcd: USB 2.0 'Enhanced' Host Controller (EHCI) Driver
[    4.881077] ehci_hcd 0000:00:1a.7: power state changed by ACPI to D0
[    4.881364] ehci_hcd 0000:00:1a.7: power state changed by ACPI to D0
[    4.881462] ehci_hcd 0000:00:1a.7: PCI INT C -> GSI 22 (level, low) -> IRQ 22
[    4.881557] ehci_hcd 0000:00:1a.7: setting latency timer to 64
[    4.881562] ehci_hcd 0000:00:1a.7: EHCI Host Controller
[    4.881695] ehci_hcd 0000:00:1a.7: new USB bus registered, assigned bus number 1
[    4.885743] ehci_hcd 0000:00:1a.7: cache line size of 32 is not supported
[    4.885752] ehci_hcd 0000:00:1a.7: irq 22, io mem 0xfe226c00
[    4.895508] ehci_hcd 0000:00:1a.7: USB 2.0 started, EHCI 1.00
[    4.895603] usb usb1: New USB device found, idVendor=1d6b, idProduct=0002
[    4.895685] usb usb1: New USB device strings: Mfr=3, Product=2, SerialNumber=1
[    4.895799] usb usb1: Product: EHCI Host Controller
[    4.895893] usb usb1: Manufacturer: Linux 2.6.32.57 ehci_hcd
[    4.895973] usb usb1: SerialNumber: 0000:00:1a.7
[    4.896107] usb usb1: configuration #1 chosen from 1 choice
[    4.896228] hub 1-0:1.0: USB hub found
[    4.896309] hub 1-0:1.0: 4 ports detected
[    4.896596] ehci_hcd 0000:00:1d.7: power state changed by ACPI to D0
[    4.896873] ehci_hcd 0000:00:1d.7: power state changed by ACPI to D0
[    4.896964] ehci_hcd 0000:00:1d.7: PCI INT D -> GSI 19 (level, low) -> IRQ 19
[    4.897060] ehci_hcd 0000:00:1d.7: setting latency timer to 64
[    4.897065] ehci_hcd 0000:00:1d.7: EHCI Host Controller
[    4.897190] ehci_hcd 0000:00:1d.7: new USB bus registered, assigned bus number 2
[    4.897340] ehci_hcd 0000:00:1d.7: debug port 1
[    4.901306] ehci_hcd 0000:00:1d.7: cache line size of 32 is not supported
[    4.901315] ehci_hcd 0000:00:1d.7: irq 19, io mem 0xfe227000
[    4.911507] ehci_hcd 0000:00:1d.7: USB 2.0 started, EHCI 1.00
[    4.911607] usb usb2: New USB device found, idVendor=1d6b, idProduct=0002
[    4.911691] usb usb2: New USB device strings: Mfr=3, Product=2, SerialNumber=1
[    4.911810] usb usb2: Product: EHCI Host Controller
[    4.911891] usb usb2: Manufacturer: Linux 2.6.32.57 ehci_hcd
[    4.911980] usb usb2: SerialNumber: 0000:00:1d.7
[    4.912124] usb usb2: configuration #1 chosen from 1 choice
[    4.912234] hub 2-0:1.0: USB hub found
[    4.912336] hub 2-0:1.0: 6 ports detected
[    4.912508] 116x: driver isp116x-hcd, 03 Nov 2005
[    4.912603] ohci_hcd: USB 1.1 'Open' Host Controller (OHCI) Driver
[    4.912706] uhci_hcd: USB Universal Host Controller Interface driver
[    4.912805] uhci_hcd 0000:00:1a.0: PCI INT A -> GSI 20 (level, low) -> IRQ 20
[    4.912897] uhci_hcd 0000:00:1a.0: setting latency timer to 64
[    4.912902] uhci_hcd 0000:00:1a.0: UHCI Host Controller
[    4.913026] uhci_hcd 0000:00:1a.0: new USB bus registered, assigned bus number 3
[    4.913178] uhci_hcd 0000:00:1a.0: irq 20, io base 0x00001860
[    4.913283] usb usb3: New USB device found, idVendor=1d6b, idProduct=0001
[    4.913377] usb usb3: New USB device strings: Mfr=3, Product=2, SerialNumber=1
[    4.913492] usb usb3: Product: UHCI Host Controller
[    4.913579] usb usb3: Manufacturer: Linux 2.6.32.57 uhci_hcd
[    4.913663] usb usb3: SerialNumber: 0000:00:1a.0
[    4.913800] usb usb3: configuration #1 chosen from 1 choice
[    4.913914] hub 3-0:1.0: USB hub found
[    4.914002] hub 3-0:1.0: 2 ports detected
[    4.914304] uhci_hcd 0000:00:1a.1: power state changed by ACPI to D0
[    4.914550] uhci_hcd 0000:00:1a.1: power state changed by ACPI to D0
[    4.914635] uhci_hcd 0000:00:1a.1: PCI INT B -> GSI 21 (level, low) -> IRQ 21
[    4.914725] uhci_hcd 0000:00:1a.1: setting latency timer to 64
[    4.914730] uhci_hcd 0000:00:1a.1: UHCI Host Controller
[    4.914856] uhci_hcd 0000:00:1a.1: new USB bus registered, assigned bus number 4
[    4.915003] uhci_hcd 0000:00:1a.1: irq 21, io base 0x00001880
[    4.915108] usb usb4: New USB device found, idVendor=1d6b, idProduct=0001
[    4.915190] usb usb4: New USB device strings: Mfr=3, Product=2, SerialNumber=1
[    4.915304] usb usb4: Product: UHCI Host Controller
[    4.915383] usb usb4: Manufacturer: Linux 2.6.32.57 uhci_hcd
[    4.915466] usb usb4: SerialNumber: 0000:00:1a.1
[    4.915599] usb usb4: configuration #1 chosen from 1 choice
[    4.915707] hub 4-0:1.0: USB hub found
[    4.915790] hub 4-0:1.0: 2 ports detected
[    4.916095] uhci_hcd 0000:00:1d.0: power state changed by ACPI to D0
[    4.916382] uhci_hcd 0000:00:1d.0: power state changed by ACPI to D0
[    4.916476] uhci_hcd 0000:00:1d.0: PCI INT A -> GSI 16 (level, low) -> IRQ 16
[    4.916575] uhci_hcd 0000:00:1d.0: setting latency timer to 64
[    4.916578] uhci_hcd 0000:00:1d.0: UHCI Host Controller
[    4.916701] uhci_hcd 0000:00:1d.0: new USB bus registered, assigned bus number 5
[    4.916843] uhci_hcd 0000:00:1d.0: irq 16, io base 0x000018a0
[    4.916957] usb usb5: New USB device found, idVendor=1d6b, idProduct=0001
[    4.917049] usb usb5: New USB device strings: Mfr=3, Product=2, SerialNumber=1
[    4.917171] usb usb5: Product: UHCI Host Controller
[    4.917252] usb usb5: Manufacturer: Linux 2.6.32.57 uhci_hcd
[    4.917332] usb usb5: SerialNumber: 0000:00:1d.0
[    4.917463] usb usb5: configuration #1 chosen from 1 choice
[    4.917579] hub 5-0:1.0: USB hub found
[    4.917674] hub 5-0:1.0: 2 ports detected
[    4.917813] uhci_hcd 0000:00:1d.1: PCI INT B -> GSI 17 (level, low) -> IRQ 17
[    4.917905] uhci_hcd 0000:00:1d.1: setting latency timer to 64
[    4.917909] uhci_hcd 0000:00:1d.1: UHCI Host Controller
[    4.918031] uhci_hcd 0000:00:1d.1: new USB bus registered, assigned bus number 6
[    4.918167] uhci_hcd 0000:00:1d.1: irq 17, io base 0x000018c0
[    4.918273] usb usb6: New USB device found, idVendor=1d6b, idProduct=0001
[    4.918368] usb usb6: New USB device strings: Mfr=3, Product=2, SerialNumber=1
[    4.918480] usb usb6: Product: UHCI Host Controller
[    4.918564] usb usb6: Manufacturer: Linux 2.6.32.57 uhci_hcd
[    4.918645] usb usb6: SerialNumber: 0000:00:1d.1
[    4.918776] usb usb6: configuration #1 chosen from 1 choice
[    4.918896] hub 6-0:1.0: USB hub found
[    4.918981] hub 6-0:1.0: 2 ports detected
[    4.919266] uhci_hcd 0000:00:1d.2: power state changed by ACPI to D0
[    4.919509] uhci_hcd 0000:00:1d.2: power state changed by ACPI to D0
[    4.919599] uhci_hcd 0000:00:1d.2: PCI INT C -> GSI 18 (level, low) -> IRQ 18
[    4.919689] uhci_hcd 0000:00:1d.2: setting latency timer to 64
[    4.919694] uhci_hcd 0000:00:1d.2: UHCI Host Controller
[    4.919828] uhci_hcd 0000:00:1d.2: new USB bus registered, assigned bus number 7
[    4.919970] uhci_hcd 0000:00:1d.2: irq 18, io base 0x000018e0
[    4.920075] usb usb7: New USB device found, idVendor=1d6b, idProduct=0001
[    4.920158] usb usb7: New USB device strings: Mfr=3, Product=2, SerialNumber=1
[    4.920270] usb usb7: Product: UHCI Host Controller
[    4.920358] usb usb7: Manufacturer: Linux 2.6.32.57 uhci_hcd
[    4.920453] usb usb7: SerialNumber: 0000:00:1d.2
[    4.921241] usb usb7: configuration #1 chosen from 1 choice
[    4.921364] hub 7-0:1.0: USB hub found
[    4.921446] hub 7-0:1.0: 2 ports detected
[    4.921602] sl811: driver sl811-hcd, 19 May 2005
[    4.921703] r8a66597_hcd: driver r8a66597_hcd, 2009-05-26
[    4.921874] Initializing USB Mass Storage driver...
[    4.922005] usbcore: registered new interface driver usb-storage
[    4.922090] USB Mass Storage support registered.
[    4.922193] usbcore: registered new interface driver ums-alauda
[    4.922293] usbcore: registered new interface driver ums-cypress
[    4.922394] usbcore: registered new interface driver ums-datafab
[    4.922494] usbcore: registered new interface driver ums-freecom
[    4.922604] usbcore: registered new interface driver ums-isd200
[    4.922702] usbcore: registered new interface driver ums-jumpshot
[    4.922802] usbcore: registered new interface driver ums-karma
[    4.922904] usbcore: registered new interface driver ums-onetouch
[    4.923017] usbcore: registered new interface driver ums-sddr09
[    4.923117] usbcore: registered new interface driver ums-sddr55
[    4.923234] usbcore: registered new interface driver ums-usbat
[    4.923375] PNP: PS/2 Controller [PNP0303:KBD,PNP0f13:MOU] at 0x60,0x64 irq 1,12
[    4.932896] serio: i8042 KBD port at 0x60,0x64 irq 1
[    4.932975] serio: i8042 AUX port at 0x60,0x64 irq 12
[    4.933217] mice: PS/2 mouse device common for all mice
[    4.933323] i2c /dev entries driver
[    4.933443] md: linear personality registered for level -1
[    4.933545] md: raid0 personality registered for level 0
[    4.933627] md: raid1 personality registered for level 1
[    4.933707] md: raid10 personality registered for level 10
[    4.933789] md: raid6 personality registered for level 6
[    4.933869] md: raid5 personality registered for level 5
[    4.933953] md: raid4 personality registered for level 4
[    4.934033] md: multipath personality registered for level -4
[    4.934224] device-mapper: ioctl: 4.15.0-ioctl (2009-04-01) initialised: dm-devel@redhat.com
[    4.934416] cpuidle: using governor ladder
[    4.935020] usbcore: registered new interface driver usbhid
[    4.935114] usbhid: v2.6:USB HID core driver
[    4.935292] TCP cubic registered
[    4.935373] Initializing XFRM netlink socket
[    4.935461] NET: Registered protocol family 17
[    4.935563] Using IPI Shortcut mode
[    4.938450] input: AT Translated Set 2 keyboard as /devices/platform/i8042/serio0/input/input1
[    5.127502] ata3: SATA link down (SStatus 0 SControl 300)
[    5.127606] ata1: SATA link up 1.5 Gbps (SStatus 113 SControl 300)
[    5.129624] ata1.00: ACPI cmd ef/02:00:00:00:00:a0 (SET FEATURES) succeeded
[    5.129626] ata1.00: ACPI cmd f5/00:00:00:00:00:a0 (SECURITY FREEZE LOCK) filtered out
[    5.131015] ata1.00: ACPI cmd ef/5f:00:00:00:00:a0 (SET FEATURES) succeeded
[    5.131017] ata1.00: ACPI cmd ef/10:03:00:00:00:a0 (SET FEATURES) filtered out
[    5.132925] ata1.00: ATA-7: ST910021AS, 4.06, max UDMA/100
[    5.133013] ata1.00: 195371568 sectors, multi 16: LBA48 
[    5.135164] ata1.00: ACPI cmd ef/02:00:00:00:00:a0 (SET FEATURES) succeeded
[    5.135167] ata1.00: ACPI cmd f5/00:00:00:00:00:a0 (SECURITY FREEZE LOCK) filtered out
[    5.136559] ata1.00: ACPI cmd ef/5f:00:00:00:00:a0 (SET FEATURES) succeeded
[    5.136562] ata1.00: ACPI cmd ef/10:03:00:00:00:a0 (SET FEATURES) filtered out
[    5.138490] ata1.00: configured for UDMA/100
[    5.149554] scsi 2:0:0:0: Direct-Access     ATA      ST910021AS       4.06 PQ: 0 ANSI: 5
[    5.149828] sd 2:0:0:0: [sda] 195371568 512-byte logical blocks: (100 GB/93.1 GiB)
[    5.149962] sd 2:0:0:0: [sda] Write Protect is off
[    5.150042] sd 2:0:0:0: [sda] Mode Sense: 00 3a 00 00
[    5.150054] sd 2:0:0:0: [sda] Write cache: enabled, read cache: enabled, doesn't support DPO or FUA
[    5.150235]  sda:
[    5.214486] usb 2-1: new high speed USB device using ehci_hcd and address 2
[    5.363695] usb 2-1: New USB device found, idVendor=0e8d, idProduct=1806
[    5.363778] usb 2-1: New USB device strings: Mfr=1, Product=2, SerialNumber=3
[    5.363861] usb 2-1: Product: MT1806 
[    5.363943] usb 2-1: Manufacturer: MediaTek Inc
[    5.364033] usb 2-1: SerialNumber: R8KN6GAC800AEB 
[    5.364166] usb 2-1: configuration #1 chosen from 1 choice
[    5.370489] scsi5 : SCSI emulation for USB Mass Storage devices
[    5.370651] usb-storage: device found at 2
[    5.370652] usb-storage: waiting for device to settle before scanning
[    5.565002]  sda1 sda2
[    5.565725] sd 2:0:0:0: [sda] Attached SCSI disk
[    5.565820] RANDOM - __seed init called.
[    5.565821] RANDOM - __seed init called.
[    5.565822] RANDOM - __seed init called.
[    5.565824] RANDOM - __random32 called. Change num 12.  Value: a4f9c435	7c8d34e4	ae53838d
[    5.565826] RANDOM - random32_reseed called.  Value: a4f9c435	7c8d34e4	ae53838d
[    5.566313] md: Waiting for all devices to be available before autodetect
[    5.566399] md: If you don't use raid, use raid=noautodetect
[    5.566567] md: Autodetecting RAID arrays.
[    5.566646] md: Scanned 0 and added 0 devices.
[    5.566724] md: autorun ...
[    5.566801] md: ... autorun DONE.
[    5.582452] EXT3-fs: sda2: couldn't mount because of unsupported optional features (240).
[    5.582681] EXT2-fs: sda2: couldn't mount because of unsupported optional features (240).
[    5.619174] EXT4-fs (sda2): mounted filesystem with ordered data mode
[    5.619354] VFS: Mounted root (ext4 filesystem) readonly on device 8:2.
[    5.619453] Freeing unused kernel memory: 448k freed
[    6.139512] ieee1394: Host added: ID:BUS[0-00:1023]  GUID[00061b032a25f51c]
[    6.894122] sd 2:0:0:0: Attached scsi generic sg0 type 0
[    7.111122] e1000e: Intel(R) PRO/1000 Network Driver - 1.0.2-k2
[    7.111211] e1000e: Copyright (c) 1999-2008 Intel Corporation.
[    7.111356] e1000e 0000:00:19.0: PCI INT A -> GSI 20 (level, low) -> IRQ 20
[    7.111458] e1000e 0000:00:19.0: setting latency timer to 64
[    7.111561] e1000e 0000:00:19.0: irq 30 for MSI/MSI-X
[    7.196375] Linux agpgart interface v0.103
[    7.199609] input: Lid Switch as /devices/LNXSYSTM:00/LNXSYBUS:00/PNP0C0D:00/input/input2
[    7.200018] ACPI: Lid Switch [LID]
[    7.200133] input: Sleep Button as /devices/LNXSYSTM:00/LNXSYBUS:00/PNP0C0E:00/input/input3
[    7.200275] ACPI: Sleep Button [SLPB]
[    7.200399] input: Power Button as /devices/LNXSYSTM:00/LNXPWRBN:00/input/input4
[    7.200535] ACPI: Power Button [PWRF]
[    7.252191] ACPI: WMI: Mapper loaded
[    7.626572] thermal LNXTHERM:01: registered as thermal_zone0
[    7.626667] ACPI: Thermal Zone [THM0] (59 C)
[    7.628176] thermal LNXTHERM:02: registered as thermal_zone1
[    7.628260] ACPI: Thermal Zone [THM1] (56 C)
[    7.634505] Non-volatile memory driver v1.3
[    7.707905] ACPI: AC Adapter [AC] (on-line)
[    7.720795] rtc_cmos 00:07: RTC can wake from S4
[    7.720968] rtc_cmos 00:07: rtc core: registered rtc_cmos as rtc0
[    7.721086] rtc0: alarms up to one month, y3k, 114 bytes nvram, hpet irqs
[    7.729778] RANDOM - __random32 called. Change num 1.  Value: 9c43538f	c8d34e47	71b99f3
[    7.729780] RANDOM - random32 called.  Value: 9c43538f	c8d34e47	71b99f3
[    7.729806] 0000:00:19.0: eth0: (PCI Express:2.5GB/s:Width x1) 00:1e:37:d4:95:86
[    7.729922] 0000:00:19.0: eth0: Intel(R) PRO/1000 Network Connection
[    7.730040] 0000:00:19.0: eth0: MAC: 6, PHY: 6, PBA No: 1008ff-0ff
[    7.730473] i801_smbus 0000:00:1f.3: PCI INT A -> GSI 23 (level, low) -> IRQ 23
[    7.730701] agpgart-intel 0000:00:00.0: Intel 965GM Chipset
[    7.731312] agpgart-intel 0000:00:00.0: detected 7676K stolen memory
[    7.735767] agpgart-intel 0000:00:00.0: AGP aperture is 256M @ 0xe0000000
[    7.740793] ACPI: SSDT 3d6e1b32 002C4 (v01  PmRef  Cpu0Ist 00000100 INTL 20050513)
[    7.741506] ACPI: SSDT 3d6e1e7b 0085E (v01  PmRef  Cpu0Cst 00000100 INTL 20050513)
[    7.747127] Monitor-Mwait will be used to enter C-1 state
[    7.747130] Monitor-Mwait will be used to enter C-2 state
[    7.747131] Monitor-Mwait will be used to enter C-3 state
[    7.747133] Marking TSC unstable due to TSC halts in idle
[    7.747299] processor LNXCPU:00: registered as cooling_device0
[    7.748379] Switching to clocksource hpet
[    7.755480] thinkpad_acpi: ThinkPad ACPI Extras v0.23
[    7.755567] thinkpad_acpi: http://ibm-acpi.sf.net/
[    7.755651] thinkpad_acpi: ThinkPad BIOS 7LETB7WW (2.17 ), EC 7KHT24WW-1.08
[    7.755734] thinkpad_acpi: Lenovo ThinkPad R61, model 7732CTO
[    7.758389] thinkpad_acpi: ACPI backlight control delay disabled
[    7.758707] thinkpad_acpi: radio switch found; radios are enabled
[    7.758921] thinkpad_acpi: This ThinkPad has standard ACPI backlight brightness control, supported by the ACPI video driver
[    7.759044] thinkpad_acpi: Disabling thinkpad-acpi brightness events by default...
[    7.909776] Synaptics Touchpad, model: 1, fw: 6.2, id: 0x81a0b1, caps: 0xa04791/0x300000/0x0
[    7.909918] serio: Synaptics pass-through port at isa0060/serio1/input0
[    7.953386] input: SynPS/2 Synaptics TouchPad as /devices/platform/i8042/serio1/input/input5
[   10.381063] scsi 5:0:0:0: CD-ROM            TSSTcorp CDDVDW SE-208AB  TS03 PQ: 0 ANSI: 0
[   10.414048] sr0: scsi3-mmc drive: 24x/24x writer dvd-ram cd/rw xa/form2 cdda tray
[   10.414241] sr 5:0:0:0: Attached scsi CD-ROM sr0
[   10.414310] sr 5:0:0:0: Attached scsi generic sg1 type 5
[   10.415076] usb-storage: device scan complete
[   13.520290] IBM TrackPoint firmware: 0x0e, buttons: 3/3
[   13.754871] input: TPPS/2 IBM TrackPoint as /devices/platform/i8042/serio1/serio2/input/input6
[   17.719338] ACPI: Battery Slot [BAT0] (battery present)
[   17.722033] Registered led device: tpacpi::thinklight
[   17.722148] Registered led device: tpacpi::power
[   17.722238] Registered led device: tpacpi::standby
[   17.722330] Registered led device: tpacpi::thinkvantage
[   17.724827] thinkpad_acpi: Standard ACPI backlight interface available, not loading native one.
[   17.725231] input: ThinkPad Extra Buttons as /devices/platform/thinkpad_acpi/input/input7
[   18.170970] yenta_cardbus 0000:15:00.0: CardBus bridge found [17aa:20c6]
[   18.209433] HDA Intel 0000:00:1b.0: PCI INT B -> GSI 17 (level, low) -> IRQ 17
[   18.209551] hda_intel: probe_mask set to 0x1 for device 17aa:20ac
[   18.209656] HDA Intel 0000:00:1b.0: setting latency timer to 64
[   18.293936] yenta_cardbus 0000:15:00.0: ISA IRQ mask 0x0cb8, PCI irq 16
[   18.294033] yenta_cardbus 0000:15:00.0: Socket status: 30000820
[   18.294130] yenta_cardbus 0000:15:00.0: pcmcia: parent PCI bridge I/O window: 0x7000 - 0xafff
[   18.294258] pcmcia_socket pcmcia_socket0: cs: IO port probe 0x7000-0xafff: clean.
[   18.295124] yenta_cardbus 0000:15:00.0: pcmcia: parent PCI bridge Memory window: 0xf8300000 - 0xfbffffff
[   18.295238] yenta_cardbus 0000:15:00.0: pcmcia: parent PCI bridge Memory window: 0xf4000000 - 0xf7ffffff
[   18.919144] pcmcia_socket pcmcia_socket0: pccard: CardBus card inserted into slot 0
[   18.919989] pci 0000:16:00.0: reg 10 32bit mmio: [0x000000-0x00ffff]
[   18.956208] pcmcia_socket pcmcia_socket0: cs: IO port probe 0xc00-0xcff: clean.
[   18.956970] pcmcia_socket pcmcia_socket0: cs: IO port probe 0x3e0-0x4ff: excluding 0x4d0-0x4d7
[   18.957897] pcmcia_socket pcmcia_socket0: cs: IO port probe 0x100-0x3af: clean.
[   18.959636] pcmcia_socket pcmcia_socket0: cs: IO port probe 0xa00-0xaff: clean.
[   19.027721] Adding 4200956k swap on /dev/sda1.  Priority:-1 extents:1 across:4200956k 
[   19.110947] fuse init (API version 7.13)
[   20.342061] lp: driver loaded but no devices found
[   20.350729] ppdev: user-space parallel port driver
[   20.408294] powernow: This module only works with AMD K7 CPUs
[   20.478462] cpufreq-nforce2: No nForce2 chipset.
[   30.361214] RANDOM - __seed init called.
[   30.361219] RANDOM - srandom32 called with seed 16777343. Change num 2 Value: 9d4353f0	c8d34e47	71b99f3
[   30.361224] Pid: 3094, comm: ifconfig Not tainted 2.6.32.57 #1
[   30.361227] Call Trace:
[   30.361238]  [<c165292f>] ? __inet_insert_ifa+0xef/0x150
[   30.361244]  [<c1653fee>] ? devinet_ioctl+0x44e/0x6f0
[   30.361250]  [<c108bceb>] ? __link_path_walk+0x7b/0xd50
[   30.361256]  [<c15f818b>] ? sock_ioctl+0x6b/0x260
[   30.361260]  [<c106ae89>] ? __do_fault+0x339/0x420
[   30.361265]  [<c15f8120>] ? sock_ioctl+0x0/0x260
[   30.361270]  [<c108f01f>] ? vfs_ioctl+0x1f/0x70
[   30.361274]  [<c108f5fb>] ? do_vfs_ioctl+0x39b/0x5c0
[   30.361279]  [<c106c973>] ? handle_mm_fault+0x1b3/0x790
[   30.361284]  [<c108f886>] ? sys_ioctl+0x66/0x70
[   30.361289]  [<c1002da5>] ? syscall_call+0x7/0xb
[   30.440253] RANDOM - __seed init called.
[   30.440260] RANDOM - srandom32 called with seed -446697596. Change num 3 Value: 781cbc74	c8d34e47	71b99f3
[   30.440268] Pid: 3117, comm: ifconfig Not tainted 2.6.32.57 #1
[   30.440272] Call Trace:
[   30.440284]  [<c165292f>] ? __inet_insert_ifa+0xef/0x150
[   30.440292]  [<c1653fee>] ? devinet_ioctl+0x44e/0x6f0
[   30.440300]  [<c108bceb>] ? __link_path_walk+0x7b/0xd50
[   30.440309]  [<c15f818b>] ? sock_ioctl+0x6b/0x260
[   30.440315]  [<c106ae89>] ? __do_fault+0x339/0x420
[   30.440321]  [<c15f8120>] ? sock_ioctl+0x0/0x260
[   30.440329]  [<c108f01f>] ? vfs_ioctl+0x1f/0x70
[   30.440335]  [<c108f5fb>] ? do_vfs_ioctl+0x39b/0x5c0
[   30.440342]  [<c106c973>] ? handle_mm_fault+0x1b3/0x790
[   30.440350]  [<c108f886>] ? sys_ioctl+0x66/0x70
[   30.440356]  [<c1002da5>] ? syscall_call+0x7/0xb
[   30.580376] e1000e 0000:00:19.0: irq 30 for MSI/MSI-X
[   30.631120] e1000e 0000:00:19.0: irq 30 for MSI/MSI-X
[   30.631863] RANDOM - __seed init called.
[   30.631869] RANDOM - srandom32 called with seed -446697596. Change num 4 Value: 9d4353f0	c8d34e47	71b99f3
[   30.631877] Pid: 3117, comm: ifconfig Not tainted 2.6.32.57 #1
[   30.631880] Call Trace:
[   30.631890]  [<c165292f>] ? __inet_insert_ifa+0xef/0x150
[   30.631898]  [<c1653e19>] ? devinet_ioctl+0x279/0x6f0
[   30.631907]  [<c16061b5>] ? __dev_get_by_name+0x75/0x90
[   30.631915]  [<c15f818b>] ? sock_ioctl+0x6b/0x260
[   30.631922]  [<c15f8120>] ? sock_ioctl+0x0/0x260
[   30.631929]  [<c108f01f>] ? vfs_ioctl+0x1f/0x70
[   30.631936]  [<c108f5fb>] ? do_vfs_ioctl+0x39b/0x5c0
[   30.631943]  [<c106c973>] ? handle_mm_fault+0x1b3/0x790
[   30.631951]  [<c108f886>] ? sys_ioctl+0x66/0x70
[   30.631975]  [<c1002da5>] ? syscall_call+0x7/0xb
[   30.633308] RANDOM - __seed init called.
[   30.633315] RANDOM - srandom32 called with seed -446697596. Change num 5 Value: 781cbc74	c8d34e47	71b99f3
[   30.633322] Pid: 3117, comm: ifconfig Not tainted 2.6.32.57 #1
[   30.633326] Call Trace:
[   30.633335]  [<c165292f>] ? __inet_insert_ifa+0xef/0x150
[   30.633343]  [<c1653e19>] ? devinet_ioctl+0x279/0x6f0
[   30.633351]  [<c16061b5>] ? __dev_get_by_name+0x75/0x90
[   30.633359]  [<c15f818b>] ? sock_ioctl+0x6b/0x260
[   30.633365]  [<c106ae89>] ? __do_fault+0x339/0x420
[   30.633371]  [<c15f8120>] ? sock_ioctl+0x0/0x260
[   30.633379]  [<c108f01f>] ? vfs_ioctl+0x1f/0x70
[   30.633386]  [<c108f5fb>] ? do_vfs_ioctl+0x39b/0x5c0
[   30.633392]  [<c106c973>] ? handle_mm_fault+0x1b3/0x790
[   30.633400]  [<c108f886>] ? sys_ioctl+0x66/0x70
[   30.633406]  [<c1002da5>] ? syscall_call+0x7/0xb
[   31.179854] UDP snum after finding: 25
[   31.180686] UDP snum after finding: 200
[   31.417235] NET: Registered protocol family 10
[   31.417280] RANDOM - __random32 called. Change num 6.  Value: cbc75df2	8d34e475	33e7f8ea
[   31.417285] RANDOM - random32 called.  Value: cbc75df2	8d34e475	33e7f8ea
[   31.417451] RANDOM - __random32 called. Change num 7.  Value: 75df240f	d34e475c	f1d59b07
[   31.417456] RANDOM - random32 called.  Value: 75df240f	d34e475c	f1d59b07
[   31.417503] RANDOM - __random32 called. Change num 8.  Value: f240f22b	34e475cf	360fef28
[   31.417508] RANDOM - random32 called.  Value: f240f22b	34e475cf	360fef28
[   31.417571] ADDRCONF(NETDEV_UP): eth0: link is not ready
[   31.426458] RANDOM - __random32 called. Change num 9.  Value: f22bd80	4e475cf3	de50ce12
[   31.426465] RANDOM - random32 called.  Value: f22bd80	4e475cf3	de50ce12
[   31.426469] UDP rand value before processing 9f352f61
[   31.426473] UDP first value c496 before processing
[   31.426477] UDP snum after finding: c496
[   31.426497] RANDOM - __random32 called. Change num 10.  Value: 2bd80b12	e475cf3b	9c259ad7
[   31.426502] RANDOM - random32 called.  Value: 2bd80b12	e475cf3b	9c259ad7
[   31.426505] UDP rand value before processing 53885efe
[   31.426509] UDP first value a3fc before processing
[   31.426512] UDP snum after finding: a3fc
[   33.565502] e1000e: eth0 NIC Link is Up 1000 Mbps Full Duplex, Flow Control: None
[   33.565731] ADDRCONF(NETDEV_CHANGE): eth0: link becomes ready
[   33.565778] RANDOM - __random32 called. Change num 11.  Value: 80b12557	475cf3ba	35afa129
[   33.565782] RANDOM - random32 called.  Value: 80b12557	475cf3ba	35afa129
[   33.565785] RANDOM - __seed init called.
[   33.565788] RANDOM - srandom32 called with seed -2037000962. Change num 12 Value: 624f1a9	475cf3ba	35afa129
[   33.565793] Pid: 4, comm: events/0 Not tainted 2.6.32.57 #1
[   33.565796] Call Trace:
[   33.565810]  [<f8be1ce6>] ? addrconf_dad_start+0x26/0x100 [ipv6]
[   33.565820]  [<f8be1e22>] ? addrconf_add_linklocal+0x62/0x80 [ipv6]
[   33.565829]  [<f8be3dc7>] ? addrconf_notify+0x5f7/0x9e0 [ipv6]
[   33.565837]  [<c1607cc2>] ? net_rx_action+0x92/0x120
[   33.565843]  [<c102ad74>] ? __do_softirq+0x84/0xf0
[   33.565848]  [<c1004893>] ? do_IRQ+0x43/0xb0
[   33.565852]  [<c10033a9>] ? common_interrupt+0x29/0x30
[   33.565857]  [<c16279b4>] ? rt_cache_flush+0xa4/0xd0
[   33.565862]  [<c103ba96>] ? notifier_call_chain+0x36/0x70
[   33.565867]  [<c103bbf7>] ? raw_notifier_call_chain+0x17/0x20
[   33.565872]  [<c16092f1>] ? netdev_state_change+0x21/0x30
[   33.565877]  [<c1612fc8>] ? __linkwatch_run_queue+0x118/0x1b0
[   33.565881]  [<c1613060>] ? linkwatch_event+0x0/0x20
[   33.565885]  [<c1613078>] ? linkwatch_event+0x18/0x20
[   33.565890]  [<c103519e>] ? worker_thread+0xde/0x190
[   33.565895]  [<c10382c0>] ? autoremove_wake_function+0x0/0x50
[   33.565899]  [<c10350c0>] ? worker_thread+0x0/0x190
[   33.565904]  [<c1037f14>] ? kthread+0x74/0x80
[   33.565908]  [<c1037ea0>] ? kthread+0x0/0x80
[   33.565927]  [<c10035e7>] ? kernel_thread_helper+0x7/0x10
[   33.565931] RANDOM - __random32 called. Change num 13.  Value: 4f1a9302	75cf3bad	42531a55
[   33.565934] RANDOM - random32 called.  Value: 4f1a9302	75cf3bad	42531a55
[   33.565938] RANDOM - __random32 called. Change num 14.  Value: a93023af	5cf3bad1	34aa1979
[   33.565941] RANDOM - random32 called.  Value: a93023af	5cf3bad1	34aa1979
[   33.566939] RANDOM - __random32 called. Change num 15.  Value: 23af5a8	cf3bad17	32f23f5a
[   33.566942] RANDOM - random32 called.  Value: 23af5a8	cf3bad17	32f23f5a
