[    0.000000] Linux version 2.6.32.57 (dcashman@dcashman-02) (gcc version 4.3.3 (GCC) ) #1 Thu May 23 04:51:19 PDT 2013
[    0.000000] KERNEL supported cpus:
[    0.000000]   Intel GenuineIntel
[    0.000000]   AMD AuthenticAMD
[    0.000000]   NSC Geode by NSC
[    0.000000]   Cyrix CyrixInstead
[    0.000000]   Centaur CentaurHauls
[    0.000000]   Transmeta GenuineTMx86
[    0.000000]   Transmeta TransmetaCPU
[    0.000000]   UMC UMC UMC UMC
[    0.000000] BIOS-provided physical RAM map:
[    0.000000]  BIOS-e820: 0000000000000000 - 000000000009d800 (usable)
[    0.000000]  BIOS-e820: 000000000009d800 - 00000000000a0000 (reserved)
[    0.000000]  BIOS-e820: 00000000000d2000 - 00000000000d4000 (reserved)
[    0.000000]  BIOS-e820: 00000000000e0000 - 0000000000100000 (reserved)
[    0.000000]  BIOS-e820: 0000000000100000 - 000000003d6b0000 (usable)
[    0.000000]  BIOS-e820: 000000003d6b0000 - 000000003d6cc000 (ACPI data)
[    0.000000]  BIOS-e820: 000000003d6cc000 - 000000003d700000 (ACPI NVS)
[    0.000000]  BIOS-e820: 000000003d700000 - 000000003e000000 (reserved)
[    0.000000]  BIOS-e820: 00000000f0000000 - 00000000f4000000 (reserved)
[    0.000000]  BIOS-e820: 00000000fec00000 - 00000000fec10000 (reserved)
[    0.000000]  BIOS-e820: 00000000fed00000 - 00000000fed00400 (reserved)
[    0.000000]  BIOS-e820: 00000000fed14000 - 00000000fed1a000 (reserved)
[    0.000000]  BIOS-e820: 00000000fed1c000 - 00000000fed90000 (reserved)
[    0.000000]  BIOS-e820: 00000000fee00000 - 00000000fee01000 (reserved)
[    0.000000]  BIOS-e820: 00000000ff000000 - 0000000100000000 (reserved)
[    0.000000] DMI present.
[    0.000000] last_pfn = 0x3d6b0 max_arch_pfn = 0x100000
[    0.000000] MTRR default type: uncachable
[    0.000000] MTRR fixed ranges enabled:
[    0.000000]   00000-9FFFF write-back
[    0.000000]   A0000-BFFFF uncachable
[    0.000000]   C0000-CFFFF write-protect
[    0.000000]   D0000-DFFFF uncachable
[    0.000000]   E0000-FFFFF write-protect
[    0.000000] MTRR variable ranges enabled:
[    0.000000]   0 base 03E000000 mask FFE000000 uncachable
[    0.000000]   1 base 000000000 mask FC0000000 write-back
[    0.000000]   2 base 03D700000 mask FFFF00000 uncachable
[    0.000000]   3 base 03D800000 mask FFF800000 uncachable
[    0.000000]   4 disabled
[    0.000000]   5 disabled
[    0.000000]   6 disabled
[    0.000000]   7 disabled
[    0.000000] initial memory mapped : 0 - 02000000
[    0.000000] init_memory_mapping: 0000000000000000-00000000377fe000
[    0.000000]  0000000000 - 0000400000 page 4k
[    0.000000]  0000400000 - 0037400000 page 2M
[    0.000000]  0037400000 - 00377fe000 page 4k
[    0.000000] kernel direct mapping tables up to 377fe000 @ 7000-c000
[    0.000000] ACPI: RSDP 000f68d0 00024 (v02 LENOVO)
[    0.000000] ACPI: XSDT 3d6bb77f 00094 (v01 LENOVO TP-7L    00002170  LTP 00000000)
[    0.000000] ACPI: FACP 3d6bb900 000F4 (v03 LENOVO TP-7L    00002170 LNVO 00000001)
[    0.000000] ACPI Warning: 32/64X length mismatch in Gpe1Block: 0/32 (20090903/tbfadt-526)
[    0.000000] ACPI Warning: Optional field Gpe1Block has zero address or length: 000000000000102C/0 (20090903/tbfadt-557)
[    0.000000] ACPI: DSDT 3d6bbd1d 0FED1 (v01 LENOVO TP-7L    00002170 MSFT 03000000)
[    0.000000] ACPI: FACS 3d6e4000 00040
[    0.000000] ACPI: SSDT 3d6bbab4 00269 (v01 LENOVO TP-7L    00002170 MSFT 03000000)
[    0.000000] ACPI: ECDT 3d6cbbee 00052 (v01 LENOVO TP-7L    00002170 LNVO 00000001)
[    0.000000] ACPI: TCPA 3d6cbc40 00032 (v02 LENOVO TP-7L    00002170 LNVO 00000001)
[    0.000000] ACPI: APIC 3d6cbc72 00068 (v01 LENOVO TP-7L    00002170 LNVO 00000001)
[    0.000000] ACPI: MCFG 3d6cbcda 0003C (v01 LENOVO TP-7L    00002170 LNVO 00000001)
[    0.000000] ACPI: HPET 3d6cbd16 00038 (v01 LENOVO TP-7L    00002170 LNVO 00000001)
[    0.000000] ACPI: SLIC 3d6cbdf0 00176 (v01 LENOVO TP-7L    00002170  LTP 00000000)
[    0.000000] ACPI: BOOT 3d6cbf66 00028 (v01 LENOVO TP-7L    00002170  LTP 00000001)
[    0.000000] ACPI: ASF! 3d6cbf8e 00072 (v16 LENOVO TP-7L    00002170 PTL  00000001)
[    0.000000] ACPI: SSDT 3d6e26d9 0025F (v01 LENOVO TP-7L    00002170 INTL 20050513)
[    0.000000] ACPI: SSDT 3d6e2938 000A6 (v01 LENOVO TP-7L    00002170 INTL 20050513)
[    0.000000] ACPI: SSDT 3d6e29de 004F7 (v01 LENOVO TP-7L    00002170 INTL 20050513)
[    0.000000] ACPI: SSDT 3d6e2ed5 001D8 (v01 LENOVO TP-7L    00002170 INTL 20050513)
[    0.000000] ACPI: DMI detected: Lenovo ThinkPad R61
[    0.000000] ACPI: Added _OSI(Linux)
[    0.000000] ACPI: Local APIC address 0xfee00000
[    0.000000] 94MB HIGHMEM available.
[    0.000000] 887MB LOWMEM available.
[    0.000000]   mapped low ram: 0 - 377fe000
[    0.000000]   low ram: 0 - 377fe000
[    0.000000]   node 0 low ram: 00000000 - 377fe000
[    0.000000]   node 0 bootmap 00008000 - 0000ef00
[    0.000000] (6 early reservations) ==> bootmem [0000000000 - 00377fe000]
[    0.000000]   #0 [0000000000 - 0000001000]   BIOS data page ==> [0000000000 - 0000001000]
[    0.000000]   #1 [0001000000 - 0001bd6180]    TEXT DATA BSS ==> [0001000000 - 0001bd6180]
[    0.000000]   #2 [000009d800 - 0000100000]    BIOS reserved ==> [000009d800 - 0000100000]
[    0.000000]   #3 [0001bd7000 - 0001bdf16c]              BRK ==> [0001bd7000 - 0001bdf16c]
[    0.000000]   #4 [0000007000 - 0000008000]          PGTABLE ==> [0000007000 - 0000008000]
[    0.000000]   #5 [0000008000 - 000000f000]          BOOTMAP ==> [0000008000 - 000000f000]
[    0.000000] found SMP MP-table at [c00f6900] f6900
[    0.000000] Zone PFN ranges:
[    0.000000]   DMA      0x00000000 -> 0x00001000
[    0.000000]   Normal   0x00001000 -> 0x000377fe
[    0.000000]   HighMem  0x000377fe -> 0x0003d6b0
[    0.000000] Movable zone start PFN for each node
[    0.000000] early_node_map[2] active PFN ranges
[    0.000000]     0: 0x00000000 -> 0x0000009d
[    0.000000]     0: 0x00000100 -> 0x0003d6b0
[    0.000000] On node 0 totalpages: 251469
[    0.000000] free_area_init_node: node 0, pgdat c18fbda0, node_mem_map c1be1000
[    0.000000]   DMA zone: 32 pages used for memmap
[    0.000000]   DMA zone: 0 pages reserved
[    0.000000]   DMA zone: 3965 pages, LIFO batch:0
[    0.000000]   Normal zone: 1744 pages used for memmap
[    0.000000]   Normal zone: 221486 pages, LIFO batch:31
[    0.000000]   HighMem zone: 190 pages used for memmap
[    0.000000]   HighMem zone: 24052 pages, LIFO batch:3
[    0.000000] Using APIC driver default
[    0.000000] ACPI: PM-Timer IO Port: 0x1008
[    0.000000] ACPI: Local APIC address 0xfee00000
[    0.000000] ACPI: LAPIC (acpi_id[0x00] lapic_id[0x00] enabled)
[    0.000000] ACPI: LAPIC (acpi_id[0x01] lapic_id[0x01] enabled)
[    0.000000] ACPI: NR_CPUS/possible_cpus limit of 1 reached.  Processor 1/0x1 ignored.
[    0.000000] ACPI: LAPIC_NMI (acpi_id[0x00] high edge lint[0x1])
[    0.000000] ACPI: LAPIC_NMI (acpi_id[0x01] high edge lint[0x1])
[    0.000000] ACPI: IOAPIC (id[0x01] address[0xfec00000] gsi_base[0])
[    0.000000] IOAPIC[0]: apic_id 1, version 32, address 0xfec00000, GSI 0-23
[    0.000000] ACPI: INT_SRC_OVR (bus 0 bus_irq 0 global_irq 2 dfl dfl)
[    0.000000] ACPI: INT_SRC_OVR (bus 0 bus_irq 9 global_irq 9 high level)
[    0.000000] ACPI: IRQ0 used by override.
[    0.000000] ACPI: IRQ2 used by override.
[    0.000000] ACPI: IRQ9 used by override.
[    0.000000] Using ACPI (MADT) for SMP configuration information
[    0.000000] ACPI: HPET id: 0x8086a201 base: 0xfed00000
[    0.000000] nr_irqs_gsi: 24
[    0.000000] PM: Registered nosave memory: 000000000009d000 - 000000000009e000
[    0.000000] PM: Registered nosave memory: 000000000009e000 - 00000000000a0000
[    0.000000] PM: Registered nosave memory: 00000000000a0000 - 00000000000d2000
[    0.000000] PM: Registered nosave memory: 00000000000d2000 - 00000000000d4000
[    0.000000] PM: Registered nosave memory: 00000000000d4000 - 00000000000e0000
[    0.000000] PM: Registered nosave memory: 00000000000e0000 - 0000000000100000
[    0.000000] Allocating PCI resources starting at 3e000000 (gap: 3e000000:b2000000)
[    0.000000] Built 1 zonelists in Zone order, mobility grouping on.  Total pages: 249503
[    0.000000] Kernel command line: auto BOOT_IMAGE=Linux ro root=802 vt.default_utf8=0
[    0.000000] PID hash table entries: 4096 (order: 2, 16384 bytes)
[    0.000000] Dentry cache hash table entries: 131072 (order: 7, 524288 bytes)
[    0.000000] Inode-cache hash table entries: 65536 (order: 6, 262144 bytes)
[    0.000000] Enabling fast FPU save and restore... done.
[    0.000000] Enabling unmasked SIMD FPU exception support... done.
[    0.000000] Initializing CPU#0
[    0.000000] Initializing HighMem for node 0 (000377fe:0003d6b0)
[    0.000000] Memory: 984800k/1006272k available (6888k kernel code, 20852k reserved, 2329k data, 448k init, 96968k highmem)
[    0.000000] virtual kernel memory layout:
[    0.000000]     fixmap  : 0xfffa3000 - 0xfffff000   ( 368 kB)
[    0.000000]     pkmap   : 0xff800000 - 0xffc00000   (4096 kB)
[    0.000000]     vmalloc : 0xf7ffe000 - 0xff7fe000   ( 120 MB)
[    0.000000]     lowmem  : 0xc0000000 - 0xf77fe000   ( 887 MB)
[    0.000000]       .init : 0xc1901000 - 0xc1971000   ( 448 kB)
[    0.000000]       .data : 0xc16ba3c8 - 0xc1900b64   (2329 kB)
[    0.000000]       .text : 0xc1000000 - 0xc16ba3c8   (6888 kB)
[    0.000000] Checking if this processor honours the WP bit even in supervisor mode...Ok.
[    0.000000] SLUB: Genslabs=13, HWalign=64, Order=0-3, MinObjects=0, CPUs=1, Nodes=1
[    0.000000] Hierarchical RCU implementation.
[    0.000000] NR_IRQS:288
[    0.000000] Extended CMOS year: 2000
[    0.000000] Console: colour VGA+ 80x25
[    0.000000] console [tty0] enabled
[    0.000000] hpet clockevent registered
[    0.000000] Fast TSC calibration using PIT
[    0.000000] Detected 2094.694 MHz processor.
[    0.001002] Calibrating delay loop (skipped), value calculated using timer frequency.. 4189.38 BogoMIPS (lpj=2094694)
[    0.001177] Security Framework initialized
[    0.001262] Mount-cache hash table entries: 512
[    0.001410] CPU: L1 I cache: 32K, L1 D cache: 32K
[    0.001539] CPU: L2 cache: 3072K
[    0.001625] mce: CPU supports 6 MCE banks
[    0.002006] CPU0: Thermal monitoring enabled (TM2)
[    0.002089] using mwait in idle threads.
[    0.002172] CPU: Intel(R) Core(TM)2 Duo CPU     T8100  @ 2.10GHz stepping 06
[    0.002356] Checking 'hlt' instruction... OK.
[    0.006943] ACPI: Core revision 20090903
[    0.026044] Enabling APIC mode:  Flat.  Using 1 I/O APICs
[    0.026501] ..TIMER: vector=0x30 apic1=0 pin1=2 apic2=-1 pin2=-1
[    0.036997] xor: automatically using best checksumming function: pIII_sse
[    0.040998]    pIII_sse  :  8648.000 MB/sec
[    0.041090] xor: using function: pIII_sse (8648.000 MB/sec)
[    0.041182] RANDOM - __seed init called.
[    0.041183] RANDOM - __seed init called.
[    0.041184] RANDOM - __seed init called.
[    0.041186] RANDOM - __random32 called. Change num 1.  Value: e6b75c0e	845fdb3c	4764ecc7
[    0.041188] RANDOM - __random32 called. Change num 2.  Value: 75c0e1a6	45fdb3ca	d98f8871
[    0.041189] RANDOM - __random32 called. Change num 3.  Value: e1a6d3e	5fdb3ca9	10e2be79
[    0.041191] RANDOM - __random32 called. Change num 4.  Value: a6d3e877	fdb3ca90	7cf2fee9
[    0.041193] RANDOM - __random32 called. Change num 5.  Value: 3e877b7b	db3ca905	fdd36ca1
[    0.041194] RANDOM - __random32 called. Change num 6.  Value: 77b7ba3d	b3ca905b	d9426901
[    0.041196] RANDOM - random32 init called.  Value: 77b7ba3d	b3ca905b	d9426901
[    0.041213] NET: Registered protocol family 16
[    0.041474] ACPI FADT declares the system doesn't support PCIe ASPM, so disable it
[    0.041598] ACPI: bus type pci registered
[    0.041768] PCI: MCFG configuration 0: base f0000000 segment 0 buses 0 - 63
[    0.041865] PCI: MCFG area at f0000000 reserved in E820
[    0.041955] PCI: Using MMCONFIG for extended config space
[    0.042002] PCI: Using configuration type 1 for base access
[    0.045105] bio: create slab <bio-0> at 0
[    0.045911] ACPI: EC: EC description table is found, configuring boot EC
[    0.051084] ACPI: BIOS _OSI(Linux) query honored via DMI
[    0.056461] ACPI: Interpreter enabled
[    0.056547] ACPI: (supports S0 S3 S4 S5)
[    0.056861] ACPI: Using IOAPIC for interrupt routing
[    0.066450] ACPI: EC: GPE = 0x12, I/O: command/status = 0x66, data = 0x62
[    0.066730] ACPI: Power Resource [PUBS] (on)
[    0.068822] ACPI: ACPI Dock Station Driver: 3 docks/bays found
[    0.069236] ACPI: PCI Root Bridge [PCI0] (0000:00)
[    0.069412] pci 0000:00:02.0: reg 10 64bit mmio: [0xf8100000-0xf81fffff]
[    0.069418] pci 0000:00:02.0: reg 18 64bit mmio pref: [0xe0000000-0xefffffff]
[    0.069422] pci 0000:00:02.0: reg 20 io port: [0x1800-0x1807]
[    0.069456] pci 0000:00:02.1: reg 10 64bit mmio: [0xf8200000-0xf82fffff]
[    0.069572] pci 0000:00:19.0: reg 10 32bit mmio: [0xfe000000-0xfe01ffff]
[    0.069581] pci 0000:00:19.0: reg 14 32bit mmio: [0xfe025000-0xfe025fff]
[    0.069590] pci 0000:00:19.0: reg 18 io port: [0x1840-0x185f]
[    0.069665] pci 0000:00:19.0: PME# supported from D0 D3hot D3cold
[    0.069759] pci 0000:00:19.0: PME# disabled
[    0.069920] pci 0000:00:1a.0: reg 20 io port: [0x1860-0x187f]
[    0.070009] pci 0000:00:1a.1: reg 20 io port: [0x1880-0x189f]
[    0.070092] pci 0000:00:1a.7: reg 10 32bit mmio: [0xfe226c00-0xfe226fff]
[    0.070188] pci 0000:00:1a.7: PME# supported from D0 D3hot D3cold
[    0.070284] pci 0000:00:1a.7: PME# disabled
[    0.070426] pci 0000:00:1b.0: reg 10 64bit mmio: [0xfe020000-0xfe023fff]
[    0.070512] pci 0000:00:1b.0: PME# supported from D0 D3hot D3cold
[    0.070606] pci 0000:00:1b.0: PME# disabled
[    0.070803] pci 0000:00:1c.0: PME# supported from D0 D3hot D3cold
[    0.070893] pci 0000:00:1c.0: PME# disabled
[    0.071094] pci 0000:00:1c.1: PME# supported from D0 D3hot D3cold
[    0.071189] pci 0000:00:1c.1: PME# disabled
[    0.071391] pci 0000:00:1c.2: PME# supported from D0 D3hot D3cold
[    0.071485] pci 0000:00:1c.2: PME# disabled
[    0.071682] pci 0000:00:1c.3: PME# supported from D0 D3hot D3cold
[    0.071777] pci 0000:00:1c.3: PME# disabled
[    0.072115] pci 0000:00:1c.4: PME# supported from D0 D3hot D3cold
[    0.072210] pci 0000:00:1c.4: PME# disabled
[    0.072371] pci 0000:00:1d.0: reg 20 io port: [0x18a0-0x18bf]
[    0.072469] pci 0000:00:1d.1: reg 20 io port: [0x18c0-0x18df]
[    0.073073] pci 0000:00:1d.2: reg 20 io port: [0x18e0-0x18ff]
[    0.073155] pci 0000:00:1d.7: reg 10 32bit mmio: [0xfe227000-0xfe2273ff]
[    0.073257] pci 0000:00:1d.7: PME# supported from D0 D3hot D3cold
[    0.073347] pci 0000:00:1d.7: PME# disabled
[    0.073644] pci 0000:00:1f.0: quirk: region 1000-107f claimed by ICH6 ACPI/GPIO/TCO
[    0.073770] pci 0000:00:1f.0: quirk: region 1180-11bf claimed by ICH6 GPIO
[    0.073865] pci 0000:00:1f.0: ICH7 LPC Generic IO decode 1 PIO at 1600 (mask 007f)
[    0.073988] pci 0000:00:1f.0: ICH7 LPC Generic IO decode 2 PIO at 15e0 (mask 000f)
[    0.073998] pci 0000:00:1f.0: ICH7 LPC Generic IO decode 3 PIO at 1680 (mask 001f)
[    0.074202] pci 0000:00:1f.1: reg 10 io port: [0x00-0x07]
[    0.074211] pci 0000:00:1f.1: reg 14 io port: [0x00-0x03]
[    0.074221] pci 0000:00:1f.1: reg 18 io port: [0x00-0x07]
[    0.074230] pci 0000:00:1f.1: reg 1c io port: [0x00-0x03]
[    0.074240] pci 0000:00:1f.1: reg 20 io port: [0x1c00-0x1c0f]
[    0.074321] pci 0000:00:1f.2: reg 10 io port: [0x1c50-0x1c57]
[    0.074330] pci 0000:00:1f.2: reg 14 io port: [0x1c44-0x1c47]
[    0.074339] pci 0000:00:1f.2: reg 18 io port: [0x1c48-0x1c4f]
[    0.074346] pci 0000:00:1f.2: reg 1c io port: [0x1c40-0x1c43]
[    0.074355] pci 0000:00:1f.2: reg 20 io port: [0x1c20-0x1c3f]
[    0.074363] pci 0000:00:1f.2: reg 24 32bit mmio: [0xfe226000-0xfe2267ff]
[    0.074421] pci 0000:00:1f.2: PME# supported from D3hot
[    0.074517] pci 0000:00:1f.2: PME# disabled
[    0.074645] pci 0000:00:1f.3: reg 10 32bit mmio: [0xfe227400-0xfe2274ff]
[    0.074670] pci 0000:00:1f.3: reg 20 io port: [0x1c60-0x1c7f]
[    0.074749] pci 0000:00:1c.0: bridge io port: [0x2000-0x2fff]
[    0.074756] pci 0000:00:1c.0: bridge 32bit mmio: [0xfc000000-0xfdffffff]
[    0.074765] pci 0000:00:1c.0: bridge 64bit mmio pref: [0xf8000000-0xf80fffff]
[    0.074838] pci 0000:03:00.0: reg 10 64bit mmio: [0xdf3f0000-0xdf3fffff]
[    0.075157] pci 0000:00:1c.1: bridge io port: [0x3000-0x3fff]
[    0.075164] pci 0000:00:1c.1: bridge 32bit mmio: [0xdc000000-0xdf3fffff]
[    0.075173] pci 0000:00:1c.1: bridge 64bit mmio pref: [0xdfe00000-0xdfefffff]
[    0.075228] pci 0000:00:1c.2: bridge io port: [0x4000-0x4fff]
[    0.075234] pci 0000:00:1c.2: bridge 32bit mmio: [0xd8000000-0xd9ffffff]
[    0.075243] pci 0000:00:1c.2: bridge 64bit mmio pref: [0xdfb00000-0xdfbfffff]
[    0.075296] pci 0000:00:1c.3: bridge io port: [0x5000-0x5fff]
[    0.075302] pci 0000:00:1c.3: bridge 32bit mmio: [0xd4000000-0xd5ffffff]
[    0.075311] pci 0000:00:1c.3: bridge 64bit mmio pref: [0xdf800000-0xdf8fffff]
[    0.075367] pci 0000:00:1c.4: bridge io port: [0x6000-0x6fff]
[    0.075373] pci 0000:00:1c.4: bridge 32bit mmio: [0xd0000000-0xd1ffffff]
[    0.075382] pci 0000:00:1c.4: bridge 64bit mmio pref: [0xdf500000-0xdf5fffff]
[    0.075443] pci 0000:15:00.0: reg 10 32bit mmio: [0xf8300000-0xf8300fff]
[    0.075492] pci 0000:15:00.0: supports D1 D2
[    0.075494] pci 0000:15:00.0: PME# supported from D0 D1 D2 D3hot D3cold
[    0.075590] pci 0000:15:00.0: PME# disabled
[    0.075743] pci 0000:15:00.1: reg 10 32bit mmio: [0xf8301000-0xf83017ff]
[    0.075847] pci 0000:15:00.1: supports D1 D2
[    0.075848] pci 0000:15:00.1: PME# supported from D0 D1 D2 D3hot D3cold
[    0.075942] pci 0000:15:00.1: PME# disabled
[    0.076089] pci 0000:00:1e.0: transparent bridge
[    0.076181] pci 0000:00:1e.0: bridge io port: [0x7000-0xafff]
[    0.076187] pci 0000:00:1e.0: bridge 32bit mmio: [0xf8300000-0xfbffffff]
[    0.076196] pci 0000:00:1e.0: bridge 64bit mmio pref: [0xf4000000-0xf7ffffff]
[    0.076265] pci_bus 0000:00: on NUMA node 0
[    0.076269] ACPI: PCI Interrupt Routing Table [\_SB_.PCI0._PRT]
[    0.076401] ACPI: PCI Interrupt Routing Table [\_SB_.PCI0.EXP0._PRT]
[    0.076458] ACPI: PCI Interrupt Routing Table [\_SB_.PCI0.EXP1._PRT]
[    0.076515] ACPI: PCI Interrupt Routing Table [\_SB_.PCI0.EXP2._PRT]
[    0.076571] ACPI: PCI Interrupt Routing Table [\_SB_.PCI0.EXP3._PRT]
[    0.076633] ACPI: PCI Interrupt Routing Table [\_SB_.PCI0.EXP4._PRT]
[    0.076694] ACPI: PCI Interrupt Routing Table [\_SB_.PCI0.PCI1._PRT]
[    0.082184] ACPI: PCI Interrupt Link [LNKA] (IRQs 3 4 5 6 7 9 *10 11)
[    0.082970] ACPI: PCI Interrupt Link [LNKB] (IRQs 3 4 5 6 7 9 10 *11)
[    0.083729] ACPI: PCI Interrupt Link [LNKC] (IRQs 3 4 5 6 7 9 10 *11)
[    0.084556] ACPI: PCI Interrupt Link [LNKD] (IRQs 3 4 5 6 7 9 10 *11)
[    0.085289] ACPI: PCI Interrupt Link [LNKE] (IRQs 3 4 5 6 7 9 10 *11)
[    0.086131] ACPI: PCI Interrupt Link [LNKF] (IRQs 3 4 5 6 7 9 10 *11)
[    0.086905] ACPI: PCI Interrupt Link [LNKG] (IRQs 3 4 5 6 7 9 10 *11)
[    0.087649] ACPI: PCI Interrupt Link [LNKH] (IRQs 3 4 5 6 7 9 10 *11)
[    0.088428] vgaarb: device added: PCI:0000:00:02.0,decodes=io+mem,owns=io+mem,locks=none
[    0.088554] vgaarb: loaded
[    0.088737] SCSI subsystem initialized
[    0.088834] libata version 3.00 loaded.
[    0.088883] usbcore: registered new interface driver usbfs
[    0.089031] usbcore: registered new interface driver hub
[    0.089146] usbcore: registered new device driver usb
[    0.106048] raid6: int32x1    941 MB/s
[    0.123058] raid6: int32x2    890 MB/s
[    0.139990] raid6: int32x4    746 MB/s
[    0.157077] raid6: int32x8    660 MB/s
[    0.173988] raid6: mmxx1     2878 MB/s
[    0.190982] raid6: mmxx2     3269 MB/s
[    0.208001] raid6: sse1x1    1937 MB/s
[    0.224977] raid6: sse1x2    2531 MB/s
[    0.241974] raid6: sse2x1    3503 MB/s
[    0.258973] raid6: sse2x2    3828 MB/s
[    0.259057] raid6: using algorithm sse2x2 (3828 MB/s)
[    0.259149] PCI: Using ACPI for IRQ routing
[    0.259454] HPET: 3 timers in total, 0 timers will be used for per-cpu timer
[    0.259986] Switching to clocksource tsc
[    0.260089] pnp: PnP ACPI init
[    0.260180] ACPI: bus type pnp registered
[    0.263764] pnp: PnP ACPI: found 11 devices
[    0.263852] ACPI: ACPI bus type pnp unregistered
[    0.263963] system 00:00: iomem range 0x0-0x9ffff could not be reserved
[    0.264062] system 00:00: iomem range 0xc0000-0xc3fff could not be reserved
[    0.264154] system 00:00: iomem range 0xc4000-0xc7fff could not be reserved
[    0.264256] system 00:00: iomem range 0xc8000-0xcbfff has been reserved
[    0.264349] system 00:00: iomem range 0xcc000-0xcffff has been reserved
[    0.264437] system 00:00: iomem range 0xd0000-0xd3fff could not be reserved
[    0.264529] system 00:00: iomem range 0xe0000-0xe3fff could not be reserved
[    0.264622] system 00:00: iomem range 0xe4000-0xe7fff could not be reserved
[    0.264713] system 00:00: iomem range 0xe8000-0xebfff could not be reserved
[    0.264806] system 00:00: iomem range 0xec000-0xeffff could not be reserved
[    0.264902] system 00:00: iomem range 0xf0000-0xfffff could not be reserved
[    0.264994] system 00:00: iomem range 0x100000-0x3dffffff could not be reserved
[    0.265116] system 00:00: iomem range 0xfec00000-0xfed3ffff could not be reserved
[    0.265237] system 00:00: iomem range 0xfed4c000-0xffffffff could not be reserved
[    0.265356] system 00:02: ioport range 0x164e-0x164f has been reserved
[    0.265447] system 00:02: ioport range 0x1000-0x107f has been reserved
[    0.265538] system 00:02: ioport range 0x1180-0x11bf has been reserved
[    0.265631] system 00:02: ioport range 0x800-0x80f has been reserved
[    0.265724] system 00:02: ioport range 0x15e0-0x15ef has been reserved
[    0.265814] system 00:02: ioport range 0x1600-0x165f could not be reserved
[    0.265911] system 00:02: iomem range 0xf0000000-0xf3ffffff has been reserved
[    0.266003] system 00:02: iomem range 0xfed1c000-0xfed1ffff has been reserved
[    0.266095] system 00:02: iomem range 0xfed14000-0xfed17fff has been reserved
[    0.266191] system 00:02: iomem range 0xfed18000-0xfed18fff has been reserved
[    0.266284] system 00:02: iomem range 0xfed19000-0xfed19fff has been reserved
[    0.266377] system 00:02: iomem range 0xfed45000-0xfed4bfff has been reserved
[    0.301416] pci 0000:00:1c.0: PCI bridge, secondary bus 0000:02
[    0.301511] pci 0000:00:1c.0:   IO window: 0x2000-0x2fff
[    0.301604] pci 0000:00:1c.0:   MEM window: 0xfc000000-0xfdffffff
[    0.301698] pci 0000:00:1c.0:   PREFETCH window: 0x000000f8000000-0x000000f80fffff
[    0.301825] pci 0000:00:1c.1: PCI bridge, secondary bus 0000:03
[    0.301921] pci 0000:00:1c.1:   IO window: 0x3000-0x3fff
[    0.302014] pci 0000:00:1c.1:   MEM window: 0xdc000000-0xdf3fffff
[    0.302108] pci 0000:00:1c.1:   PREFETCH window: 0x000000dfe00000-0x000000dfefffff
[    0.302232] pci 0000:00:1c.2: PCI bridge, secondary bus 0000:04
[    0.302326] pci 0000:00:1c.2:   IO window: 0x4000-0x4fff
[    0.302420] pci 0000:00:1c.2:   MEM window: 0xd8000000-0xd9ffffff
[    0.302515] pci 0000:00:1c.2:   PREFETCH window: 0x000000dfb00000-0x000000dfbfffff
[    0.302641] pci 0000:00:1c.3: PCI bridge, secondary bus 0000:05
[    0.302732] pci 0000:00:1c.3:   IO window: 0x5000-0x5fff
[    0.302823] pci 0000:00:1c.3:   MEM window: 0xd4000000-0xd5ffffff
[    0.302922] pci 0000:00:1c.3:   PREFETCH window: 0x000000df800000-0x000000df8fffff
[    0.303048] pci 0000:00:1c.4: PCI bridge, secondary bus 0000:0d
[    0.303141] pci 0000:00:1c.4:   IO window: 0x6000-0x6fff
[    0.303233] pci 0000:00:1c.4:   MEM window: 0xd0000000-0xd1ffffff
[    0.303327] pci 0000:00:1c.4:   PREFETCH window: 0x000000df500000-0x000000df5fffff
[    0.303461] pci 0000:15:00.0: CardBus bridge, secondary bus 0000:16
[    0.303552] pci 0000:15:00.0:   IO window: 0x007000-0x0070ff
[    0.303645] pci 0000:15:00.0:   IO window: 0x007400-0x0074ff
[    0.303739] pci 0000:15:00.0:   PREFETCH window: 0xf4000000-0xf7ffffff
[    0.303837] pci 0000:15:00.0:   MEM window: 0x40000000-0x43ffffff
[    0.303942] pci 0000:00:1e.0: PCI bridge, secondary bus 0000:15
[    0.304033] pci 0000:00:1e.0:   IO window: 0x7000-0xafff
[    0.304127] pci 0000:00:1e.0:   MEM window: 0xf8300000-0xfbffffff
[    0.304219] pci 0000:00:1e.0:   PREFETCH window: 0x000000f4000000-0x000000f7ffffff
[    0.304365] pci 0000:00:1c.0: PCI INT A -> GSI 20 (level, low) -> IRQ 20
[    0.304464] pci 0000:00:1c.0: setting latency timer to 64
[    0.304478] pci 0000:00:1c.1: PCI INT B -> GSI 21 (level, low) -> IRQ 21
[    0.304579] pci 0000:00:1c.1: setting latency timer to 64
[    0.304592] pci 0000:00:1c.2: PCI INT C -> GSI 22 (level, low) -> IRQ 22
[    0.304689] pci 0000:00:1c.2: setting latency timer to 64
[    0.304702] pci 0000:00:1c.3: PCI INT D -> GSI 23 (level, low) -> IRQ 23
[    0.304795] pci 0000:00:1c.3: setting latency timer to 64
[    0.304808] pci 0000:00:1c.4: PCI INT A -> GSI 20 (level, low) -> IRQ 20
[    0.304906] pci 0000:00:1c.4: setting latency timer to 64
[    0.304913] pci 0000:00:1e.0: enabling device (0005 -> 0007)
[    0.305006] pci 0000:00:1e.0: setting latency timer to 64
[    0.305022] pci 0000:15:00.0: PCI INT A -> GSI 16 (level, low) -> IRQ 16
[    0.305119] pci 0000:15:00.0: setting latency timer to 64
[    0.305125] pci_bus 0000:00: resource 0 io:  [0x00-0xffff]
[    0.305127] pci_bus 0000:00: resource 1 mem: [0x000000-0xffffffff]
[    0.305129] pci_bus 0000:02: resource 0 io:  [0x2000-0x2fff]
[    0.305131] pci_bus 0000:02: resource 1 mem: [0xfc000000-0xfdffffff]
[    0.305133] pci_bus 0000:02: resource 2 pref mem [0xf8000000-0xf80fffff]
[    0.305135] pci_bus 0000:03: resource 0 io:  [0x3000-0x3fff]
[    0.305137] pci_bus 0000:03: resource 1 mem: [0xdc000000-0xdf3fffff]
[    0.305138] pci_bus 0000:03: resource 2 pref mem [0xdfe00000-0xdfefffff]
[    0.305140] pci_bus 0000:04: resource 0 io:  [0x4000-0x4fff]
[    0.305142] pci_bus 0000:04: resource 1 mem: [0xd8000000-0xd9ffffff]
[    0.305144] pci_bus 0000:04: resource 2 pref mem [0xdfb00000-0xdfbfffff]
[    0.305146] pci_bus 0000:05: resource 0 io:  [0x5000-0x5fff]
[    0.305148] pci_bus 0000:05: resource 1 mem: [0xd4000000-0xd5ffffff]
[    0.305150] pci_bus 0000:05: resource 2 pref mem [0xdf800000-0xdf8fffff]
[    0.305151] pci_bus 0000:0d: resource 0 io:  [0x6000-0x6fff]
[    0.305153] pci_bus 0000:0d: resource 1 mem: [0xd0000000-0xd1ffffff]
[    0.305155] pci_bus 0000:0d: resource 2 pref mem [0xdf500000-0xdf5fffff]
[    0.305157] pci_bus 0000:15: resource 0 io:  [0x7000-0xafff]
[    0.305159] pci_bus 0000:15: resource 1 mem: [0xf8300000-0xfbffffff]
[    0.305161] pci_bus 0000:15: resource 2 pref mem [0xf4000000-0xf7ffffff]
[    0.305162] pci_bus 0000:15: resource 3 io:  [0x00-0xffff]
[    0.305164] pci_bus 0000:15: resource 4 mem: [0x000000-0xffffffff]
[    0.305166] pci_bus 0000:16: resource 0 io:  [0x7000-0x70ff]
[    0.305168] pci_bus 0000:16: resource 1 io:  [0x7400-0x74ff]
[    0.305170] pci_bus 0000:16: resource 2 pref mem [0xf4000000-0xf7ffffff]
[    0.305172] pci_bus 0000:16: resource 3 mem: [0x40000000-0x43ffffff]
[    0.305179] NET: Registered protocol family 2
[    0.305270] RANDOM - __random32 called. Change num 7.  Value: 7ba3d01e	3ca905be	d2026a24
[    0.305272] RANDOM - random32 called.  Value: 7ba3d01e	3ca905be	d2026a24
[    0.305285] IP route cache hash table entries: 32768 (order: 5, 131072 bytes)
[    0.305416] RANDOM - __random32 called. Change num 8.  Value: 3d01e034	ca905be7	d4484227
[    0.305418] RANDOM - random32 called.  Value: 3d01e034	ca905be7	d4484227
[    0.305428] RANDOM - __random32 called. Change num 9.  Value: 1e034020	a905be70	844ec14a
[    0.305430] RANDOM - random32 called.  Value: 1e034020	a905be70	844ec14a
[    0.305432] RANDOM - __random32 called. Change num 10.  Value: 34020ec0	905be706	8294c719
[    0.305434] RANDOM - random32 called.  Value: 34020ec0	905be706	8294c719
[    0.305444] RANDOM - __random32 called. Change num 11.  Value: 20ec0ebb	5be7068	8e32c65f
[    0.305446] RANDOM - random32 called.  Value: 20ec0ebb	5be7068	8e32c65f
[    0.305456] TCP established hash table entries: 131072 (order: 8, 1048576 bytes)
[    0.305949] TCP bind hash table entries: 65536 (order: 6, 262144 bytes)
[    0.306137] TCP: Hash tables configured (established 131072 bind 65536)
[    0.306229] TCP reno registered
[    0.306341] NET: Registered protocol family 1
[    0.306457] RPC: Registered udp transport module.
[    0.306546] RPC: Registered tcp transport module.
[    0.306632] RPC: Registered tcp NFSv4.1 backchannel transport module.
[    0.306729] pci 0000:00:02.0: Boot video device
[    0.306962] Simple Boot Flag at 0x35 set to 0x1
[    0.307474] highmem bounce pool size: 64 pages
[    0.309059] VFS: Disk quotas dquot_6.5.2
[    0.309183] Dquot-cache hash table entries: 1024 (order 0, 4096 bytes)
[    0.309846] NTFS driver 2.1.29 [Flags: R/W].
[    0.310014] ROMFS MTD (C) 2007 Red Hat, Inc.
[    0.310225] JFS: nTxBlock = 7695, nTxLock = 61563
[    0.312685] SGI XFS with ACLs, security attributes, large block/inode numbers, no debug enabled
[    0.313184] SGI XFS Quota Management subsystem
[    0.313474] Slow work thread pool: Starting up
[    0.313578] Slow work thread pool: Ready
[    0.313669] GFS2 (built May 23 2013 03:49:48) installed
[    0.313764] msgmni has been set to 1734
[    0.313940] alg: No test for cipher_null (cipher_null-generic)
[    0.314040] alg: No test for ecb(cipher_null) (ecb-cipher_null)
[    0.314140] alg: No test for digest_null (digest_null-generic)
[    0.314238] alg: No test for compress_null (compress_null-generic)
[    0.314783] alg: No test for fcrypt (fcrypt-generic)
[    0.316208] alg: No test for stdrng (krng)
[    0.316298] async_tx: api initialized (async)
[    0.316449] Block layer SCSI generic (bsg) driver version 0.4 loaded (major 254)
[    0.316571] io scheduler noop registered
[    0.316659] io scheduler anticipatory registered
[    0.316745] io scheduler deadline registered
[    0.316890] io scheduler cfq registered (default)
[    0.317142] pcieport 0000:00:1c.0: irq 24 for MSI/MSI-X
[    0.317161] pcieport 0000:00:1c.0: setting latency timer to 64
[    0.317343] pcieport 0000:00:1c.1: irq 25 for MSI/MSI-X
[    0.317354] pcieport 0000:00:1c.1: setting latency timer to 64
[    0.317539] pcieport 0000:00:1c.2: irq 26 for MSI/MSI-X
[    0.317550] pcieport 0000:00:1c.2: setting latency timer to 64
[    0.317732] pcieport 0000:00:1c.3: irq 27 for MSI/MSI-X
[    0.317741] pcieport 0000:00:1c.3: setting latency timer to 64
[    0.317937] pcieport 0000:00:1c.4: irq 28 for MSI/MSI-X
[    0.317948] pcieport 0000:00:1c.4: setting latency timer to 64
[    0.318093] pci_hotplug: PCI Hot Plug PCI Core version: 0.5
[    0.318286] isapnp: Scanning for PnP cards...
[    0.678819] isapnp: No Plug & Play device found
[    0.698344] Serial: 8250/16550 driver, 4 ports, IRQ sharing enabled
[    3.709754] floppy0: no floppy controllers found
[    3.710695] brd: module loaded
[    3.711197] loop: module loaded
[    3.711284] Compaq SMART2 Driver (v 2.6.0)
[    3.711407] HP CISS Driver (v 3.6.20)
[    3.711646] input: Macintosh mouse button emulation as /devices/virtual/input/input0
[    3.711787] Uniform Multi-Platform E-IDE driver
[    3.712013] piix 0000:00:1f.1: IDE controller (0x8086:0x2850 rev 0x03)
[    3.712118] pci 0000:00:1f.1: PCI INT C -> GSI 16 (level, low) -> IRQ 16
[    3.712224] piix 0000:00:1f.1: IDE port disabled
[    3.712318] piix 0000:00:1f.1: not 100% native mode: will probe irqs later
[    3.712418]     ide0: BM-DMA at 0x1c00-0x1c07
[    3.712514] Probing IDE interface ide0...
[    4.383951] hda: HL-DT-ST DVDRAM GSA-U10N, ATAPI CD/DVD-ROM drive
[    4.690751] hda: host max PIO4 wanted PIO255(auto-tune) selected PIO4
[    4.691524] hda: UDMA/33 mode selected
[    4.691990] ide0 at 0x1f0-0x1f7,0x3f6 on irq 14
[    4.695892] ide-gd driver 1.18
[    4.695995] ide-cd driver 5.00
[    4.697380] ide-cd: hda: ATAPI 24X DVD-ROM DVD-R/RAM CD-R/RW drive, 2048kB Cache
[    4.697821] Uniform CD-ROM driver Revision: 3.20
[    4.704900] Loading iSCSI transport class v2.0-870.
[    4.705183] rdac: device handler registered
[    4.705271] hp_sw: device handler registered
[    4.705356] emc: device handler registered
[    4.705448] alua: device handler registered
[    4.706429] Adaptec aacraid driver 1.1-5[2461]-ms
[    4.706846] scsi: <fdomain> Detection failed (no card)
[    4.706945] sym53c416.c: Version 1.0.0-ac
[    4.707056] qlogicfas: no cards were found, please specify I/O address and IRQ using iobase= and irq= options
[    4.707181] QLogic Fibre Channel HBA Driver: 8.03.01-k6
[    4.707400] iscsi: registered transport (qla4xxx)
[    4.707510] QLogic iSCSI HBA Driver
[    4.707598] Emulex LightPulse Fibre Channel SCSI driver 8.3.4
[    4.707691] Copyright(c) 2004-2009 Emulex.  All rights reserved.
[    4.729736] Failed initialization of WD-7000 SCSI card!
[    4.819114] DC390: clustering now enabled by default. If you get problems load
[    4.819238]        with "disable_clustering=1" and report to maintainers
[    4.819366] megaraid cmm: 2.20.2.7 (Release Date: Sun Jul 16 00:01:03 EST 2006)
[    4.819516] megaraid: 2.20.5.1 (Release Date: Thu Nov 16 15:32:35 EST 2006)
[    4.819632] megasas: 00.00.04.01 Thu July 24 11:41:51 PST 2008
[    4.819766] GDT-HA: Storage RAID Controller Driver. Version: 3.05
[    4.819913] 3ware Storage Controller device driver for Linux v1.26.02.002.
[    4.820024] 3ware 9000 Storage Controller device driver for Linux v2.26.02.012.
[    4.820165] nsp32: loading...
[    4.820270] ipr: IBM Power RAID SCSI Device Driver version: 2.4.3 (June 10, 2009)
[    4.820415] RocketRAID 3xxx/4xxx Controller driver v1.6 (090910)
[    4.820525] stex: Promise SuperTrak EX Driver version: 4.6.0000.3
[    4.820661] st: Version 20081215, fixed bufsize 32768, s/g segs 256
[    4.820862] ahci 0000:00:1f.2: version 3.0
[    4.820882] ahci 0000:00:1f.2: PCI INT B -> GSI 16 (level, low) -> IRQ 16
[    4.821011] ahci 0000:00:1f.2: irq 29 for MSI/MSI-X
[    4.821070] ahci 0000:00:1f.2: AHCI 0001.0100 32 slots 3 ports 1.5 Gbps 0x5 impl SATA mode
[    4.821196] ahci 0000:00:1f.2: flags: 64bit ncq sntf pm led clo pio slum part ccc 
[    4.821325] ahci 0000:00:1f.2: setting latency timer to 64
[    4.821468] scsi2 : ahci
[    4.821625] scsi3 : ahci
[    4.821778] scsi4 : ahci
[    4.821950] ata1: SATA max UDMA/133 abar m2048@0xfe226000 port 0xfe226100 irq 29
[    4.822072] ata2: DUMMY
[    4.822161] ata3: SATA max UDMA/133 abar m2048@0xfe226000 port 0xfe226200 irq 29
[    4.822776] I2O subsystem v1.325
[    4.822864] i2o: max drivers = 8
[    4.823009] I2O Configuration OSM v1.323
[    4.823110] I2O Bus Adapter OSM v1.317
[    4.823214] I2O Block Device OSM v1.325
[    4.823366] I2O SCSI Peripheral OSM v1.316
[    4.823468] I2O ProcFS OSM v1.316
[    4.823573] Fusion MPT base driver 3.04.12
[    4.823662] Copyright (c) 1999-2008 LSI Corporation
[    4.823770] Fusion MPT SPI Host driver 3.04.12
[    4.823920] Fusion MPT FC Host driver 3.04.12
[    4.824035] Fusion MPT SAS Host driver 3.04.12
[    4.824191] ohci1394 0000:15:00.1: PCI INT B -> GSI 17 (level, low) -> IRQ 17
[    4.824286] ohci1394 0000:15:00.1: setting latency timer to 64
[    4.877752] ohci1394: fw-host0: OHCI-1394 1.1 (PCI): IRQ=[17]  MMIO=[f8301000-f83017ff]  Max Packet=[2048]  IR/IT contexts=[4/4]
[    4.882023] ehci_hcd: USB 2.0 'Enhanced' Host Controller (EHCI) Driver
[    4.882290] ehci_hcd 0000:00:1a.7: power state changed by ACPI to D0
[    4.882557] ehci_hcd 0000:00:1a.7: power state changed by ACPI to D0
[    4.882656] ehci_hcd 0000:00:1a.7: PCI INT C -> GSI 22 (level, low) -> IRQ 22
[    4.882755] ehci_hcd 0000:00:1a.7: setting latency timer to 64
[    4.882758] ehci_hcd 0000:00:1a.7: EHCI Host Controller
[    4.882898] ehci_hcd 0000:00:1a.7: new USB bus registered, assigned bus number 1
[    4.886953] ehci_hcd 0000:00:1a.7: cache line size of 32 is not supported
[    4.886962] ehci_hcd 0000:00:1a.7: irq 22, io mem 0xfe226c00
[    4.896714] ehci_hcd 0000:00:1a.7: USB 2.0 started, EHCI 1.00
[    4.896817] usb usb1: New USB device found, idVendor=1d6b, idProduct=0002
[    4.896911] usb usb1: New USB device strings: Mfr=3, Product=2, SerialNumber=1
[    4.897034] usb usb1: Product: EHCI Host Controller
[    4.897123] usb usb1: Manufacturer: Linux 2.6.32.57 ehci_hcd
[    4.897216] usb usb1: SerialNumber: 0000:00:1a.7
[    4.897358] usb usb1: configuration #1 chosen from 1 choice
[    4.897481] hub 1-0:1.0: USB hub found
[    4.897573] hub 1-0:1.0: 4 ports detected
[    4.897890] ehci_hcd 0000:00:1d.7: power state changed by ACPI to D0
[    4.898144] ehci_hcd 0000:00:1d.7: power state changed by ACPI to D0
[    4.898247] ehci_hcd 0000:00:1d.7: PCI INT D -> GSI 19 (level, low) -> IRQ 19
[    4.898347] ehci_hcd 0000:00:1d.7: setting latency timer to 64
[    4.898352] ehci_hcd 0000:00:1d.7: EHCI Host Controller
[    4.898482] ehci_hcd 0000:00:1d.7: new USB bus registered, assigned bus number 2
[    4.898630] ehci_hcd 0000:00:1d.7: debug port 1
[    4.902605] ehci_hcd 0000:00:1d.7: cache line size of 32 is not supported
[    4.902614] ehci_hcd 0000:00:1d.7: irq 19, io mem 0xfe227000
[    4.912714] ehci_hcd 0000:00:1d.7: USB 2.0 started, EHCI 1.00
[    4.912823] usb usb2: New USB device found, idVendor=1d6b, idProduct=0002
[    4.912915] usb usb2: New USB device strings: Mfr=3, Product=2, SerialNumber=1
[    4.913042] usb usb2: Product: EHCI Host Controller
[    4.913134] usb usb2: Manufacturer: Linux 2.6.32.57 ehci_hcd
[    4.913222] usb usb2: SerialNumber: 0000:00:1d.7
[    4.913364] usb usb2: configuration #1 chosen from 1 choice
[    4.913480] hub 2-0:1.0: USB hub found
[    4.913573] hub 2-0:1.0: 6 ports detected
[    4.913753] 116x: driver isp116x-hcd, 03 Nov 2005
[    4.913862] ohci_hcd: USB 1.1 'Open' Host Controller (OHCI) Driver
[    4.913975] uhci_hcd: USB Universal Host Controller Interface driver
[    4.914086] uhci_hcd 0000:00:1a.0: PCI INT A -> GSI 20 (level, low) -> IRQ 20
[    4.914188] uhci_hcd 0000:00:1a.0: setting latency timer to 64
[    4.914193] uhci_hcd 0000:00:1a.0: UHCI Host Controller
[    4.914322] uhci_hcd 0000:00:1a.0: new USB bus registered, assigned bus number 3
[    4.914474] uhci_hcd 0000:00:1a.0: irq 20, io base 0x00001860
[    4.914588] usb usb3: New USB device found, idVendor=1d6b, idProduct=0001
[    4.914678] usb usb3: New USB device strings: Mfr=3, Product=2, SerialNumber=1
[    4.914810] usb usb3: Product: UHCI Host Controller
[    4.914899] usb usb3: Manufacturer: Linux 2.6.32.57 uhci_hcd
[    4.914992] usb usb3: SerialNumber: 0000:00:1a.0
[    4.915125] usb usb3: configuration #1 chosen from 1 choice
[    4.915245] hub 3-0:1.0: USB hub found
[    4.915336] hub 3-0:1.0: 2 ports detected
[    4.915636] uhci_hcd 0000:00:1a.1: power state changed by ACPI to D0
[    4.915877] uhci_hcd 0000:00:1a.1: power state changed by ACPI to D0
[    4.915974] uhci_hcd 0000:00:1a.1: PCI INT B -> GSI 21 (level, low) -> IRQ 21
[    4.916073] uhci_hcd 0000:00:1a.1: setting latency timer to 64
[    4.916076] uhci_hcd 0000:00:1a.1: UHCI Host Controller
[    4.916204] uhci_hcd 0000:00:1a.1: new USB bus registered, assigned bus number 4
[    4.916357] uhci_hcd 0000:00:1a.1: irq 21, io base 0x00001880
[    4.916473] usb usb4: New USB device found, idVendor=1d6b, idProduct=0001
[    4.916565] usb usb4: New USB device strings: Mfr=3, Product=2, SerialNumber=1
[    4.916685] usb usb4: Product: UHCI Host Controller
[    4.916783] usb usb4: Manufacturer: Linux 2.6.32.57 uhci_hcd
[    4.916877] usb usb4: SerialNumber: 0000:00:1a.1
[    4.917017] usb usb4: configuration #1 chosen from 1 choice
[    4.917135] hub 4-0:1.0: USB hub found
[    4.917225] hub 4-0:1.0: 2 ports detected
[    4.917514] uhci_hcd 0000:00:1d.0: power state changed by ACPI to D0
[    4.917759] uhci_hcd 0000:00:1d.0: power state changed by ACPI to D0
[    4.917853] uhci_hcd 0000:00:1d.0: PCI INT A -> GSI 16 (level, low) -> IRQ 16
[    4.917948] uhci_hcd 0000:00:1d.0: setting latency timer to 64
[    4.917951] uhci_hcd 0000:00:1d.0: UHCI Host Controller
[    4.918088] uhci_hcd 0000:00:1d.0: new USB bus registered, assigned bus number 5
[    4.918238] uhci_hcd 0000:00:1d.0: irq 16, io base 0x000018a0
[    4.918351] usb usb5: New USB device found, idVendor=1d6b, idProduct=0001
[    4.918444] usb usb5: New USB device strings: Mfr=3, Product=2, SerialNumber=1
[    4.918566] usb usb5: Product: UHCI Host Controller
[    4.918654] usb usb5: Manufacturer: Linux 2.6.32.57 uhci_hcd
[    4.918757] usb usb5: SerialNumber: 0000:00:1d.0
[    4.918894] usb usb5: configuration #1 chosen from 1 choice
[    4.919010] hub 5-0:1.0: USB hub found
[    4.919101] hub 5-0:1.0: 2 ports detected
[    4.919243] uhci_hcd 0000:00:1d.1: PCI INT B -> GSI 17 (level, low) -> IRQ 17
[    4.919344] uhci_hcd 0000:00:1d.1: setting latency timer to 64
[    4.919347] uhci_hcd 0000:00:1d.1: UHCI Host Controller
[    4.919477] uhci_hcd 0000:00:1d.1: new USB bus registered, assigned bus number 6
[    4.919627] uhci_hcd 0000:00:1d.1: irq 17, io base 0x000018c0
[    4.919745] usb usb6: New USB device found, idVendor=1d6b, idProduct=0001
[    4.919838] usb usb6: New USB device strings: Mfr=3, Product=2, SerialNumber=1
[    4.919960] usb usb6: Product: UHCI Host Controller
[    4.920051] usb usb6: Manufacturer: Linux 2.6.32.57 uhci_hcd
[    4.920136] usb usb6: SerialNumber: 0000:00:1d.1
[    4.920270] usb usb6: configuration #1 chosen from 1 choice
[    4.920385] hub 6-0:1.0: USB hub found
[    4.920477] hub 6-0:1.0: 2 ports detected
[    4.920786] uhci_hcd 0000:00:1d.2: power state changed by ACPI to D0
[    4.921037] uhci_hcd 0000:00:1d.2: power state changed by ACPI to D0
[    4.921140] uhci_hcd 0000:00:1d.2: PCI INT C -> GSI 18 (level, low) -> IRQ 18
[    4.921238] uhci_hcd 0000:00:1d.2: setting latency timer to 64
[    4.921241] uhci_hcd 0000:00:1d.2: UHCI Host Controller
[    4.921370] uhci_hcd 0000:00:1d.2: new USB bus registered, assigned bus number 7
[    4.921520] uhci_hcd 0000:00:1d.2: irq 18, io base 0x000018e0
[    4.921635] usb usb7: New USB device found, idVendor=1d6b, idProduct=0001
[    4.921735] usb usb7: New USB device strings: Mfr=3, Product=2, SerialNumber=1
[    4.921856] usb usb7: Product: UHCI Host Controller
[    4.921943] usb usb7: Manufacturer: Linux 2.6.32.57 uhci_hcd
[    4.922034] usb usb7: SerialNumber: 0000:00:1d.2
[    4.922822] usb usb7: configuration #1 chosen from 1 choice
[    4.922943] hub 7-0:1.0: USB hub found
[    4.923034] hub 7-0:1.0: 2 ports detected
[    4.923195] sl811: driver sl811-hcd, 19 May 2005
[    4.923301] r8a66597_hcd: driver r8a66597_hcd, 2009-05-26
[    4.923469] Initializing USB Mass Storage driver...
[    4.923595] usbcore: registered new interface driver usb-storage
[    4.923683] USB Mass Storage support registered.
[    4.923795] usbcore: registered new interface driver ums-alauda
[    4.923900] usbcore: registered new interface driver ums-cypress
[    4.924008] usbcore: registered new interface driver ums-datafab
[    4.924117] usbcore: registered new interface driver ums-freecom
[    4.924227] usbcore: registered new interface driver ums-isd200
[    4.924331] usbcore: registered new interface driver ums-jumpshot
[    4.924445] usbcore: registered new interface driver ums-karma
[    4.924547] usbcore: registered new interface driver ums-onetouch
[    4.924659] usbcore: registered new interface driver ums-sddr09
[    4.924785] usbcore: registered new interface driver ums-sddr55
[    4.924896] usbcore: registered new interface driver ums-usbat
[    4.925041] PNP: PS/2 Controller [PNP0303:KBD,PNP0f13:MOU] at 0x60,0x64 irq 1,12
[    4.935259] serio: i8042 KBD port at 0x60,0x64 irq 1
[    4.935352] serio: i8042 AUX port at 0x60,0x64 irq 12
[    4.935596] mice: PS/2 mouse device common for all mice
[    4.935718] i2c /dev entries driver
[    4.935852] md: linear personality registered for level -1
[    4.935941] md: raid0 personality registered for level 0
[    4.936029] md: raid1 personality registered for level 1
[    4.936118] md: raid10 personality registered for level 10
[    4.936207] md: raid6 personality registered for level 6
[    4.936300] md: raid5 personality registered for level 5
[    4.936389] md: raid4 personality registered for level 4
[    4.936477] md: multipath personality registered for level -4
[    4.936680] device-mapper: ioctl: 4.15.0-ioctl (2009-04-01) initialised: dm-devel@redhat.com
[    4.936893] cpuidle: using governor ladder
[    4.937495] usbcore: registered new interface driver usbhid
[    4.937585] usbhid: v2.6:USB HID core driver
[    4.937765] TCP cubic registered
[    4.937856] Initializing XFRM netlink socket
[    4.937954] NET: Registered protocol family 17
[    4.938055] Using IPI Shortcut mode
[    4.940641] input: AT Translated Set 2 keyboard as /devices/platform/i8042/serio0/input/input1
[    5.127717] ata3: SATA link down (SStatus 0 SControl 300)
[    5.127827] ata1: SATA link up 1.5 Gbps (SStatus 113 SControl 300)
[    5.129696] ata1.00: ACPI cmd ef/02:00:00:00:00:a0 (SET FEATURES) succeeded
[    5.129699] ata1.00: ACPI cmd f5/00:00:00:00:00:a0 (SECURITY FREEZE LOCK) filtered out
[    5.131090] ata1.00: ACPI cmd ef/5f:00:00:00:00:a0 (SET FEATURES) succeeded
[    5.131092] ata1.00: ACPI cmd ef/10:03:00:00:00:a0 (SET FEATURES) filtered out
[    5.133002] ata1.00: ATA-7: ST910021AS, 4.06, max UDMA/100
[    5.133092] ata1.00: 195371568 sectors, multi 16: LBA48 
[    5.135240] ata1.00: ACPI cmd ef/02:00:00:00:00:a0 (SET FEATURES) succeeded
[    5.135243] ata1.00: ACPI cmd f5/00:00:00:00:00:a0 (SECURITY FREEZE LOCK) filtered out
[    5.136635] ata1.00: ACPI cmd ef/5f:00:00:00:00:a0 (SET FEATURES) succeeded
[    5.136638] ata1.00: ACPI cmd ef/10:03:00:00:00:a0 (SET FEATURES) filtered out
[    5.138560] ata1.00: configured for UDMA/100
[    5.148772] scsi 2:0:0:0: Direct-Access     ATA      ST910021AS       4.06 PQ: 0 ANSI: 5
[    5.149055] sd 2:0:0:0: [sda] 195371568 512-byte logical blocks: (100 GB/93.1 GiB)
[    5.149197] sd 2:0:0:0: [sda] Write Protect is off
[    5.149286] sd 2:0:0:0: [sda] Mode Sense: 00 3a 00 00
[    5.149299] sd 2:0:0:0: [sda] Write cache: enabled, read cache: enabled, doesn't support DPO or FUA
[    5.149486]  sda:
[    5.215706] usb 2-1: new high speed USB device using ehci_hcd and address 2
[    5.365015] usb 2-1: New USB device found, idVendor=0e8d, idProduct=1806
[    5.365108] usb 2-1: New USB device strings: Mfr=1, Product=2, SerialNumber=3
[    5.365200] usb 2-1: Product: MT1806 
[    5.365288] usb 2-1: Manufacturer: MediaTek Inc
[    5.365373] usb 2-1: SerialNumber: R8KN6GAC800AEB 
[    5.365507] usb 2-1: configuration #1 chosen from 1 choice
[    5.371933] scsi5 : SCSI emulation for USB Mass Storage devices
[    5.372100] usb-storage: device found at 2
[    5.372101] usb-storage: waiting for device to settle before scanning
[    5.555073]  sda1 sda2
[    5.555535] sd 2:0:0:0: [sda] Attached SCSI disk
[    5.555627] RANDOM - __seed init called.
[    5.555628] RANDOM - __seed init called.
[    5.555629] RANDOM - __seed init called.
[    5.555630] RANDOM - __random32 called. Change num 12.  Value: e6542448	92b5c246	e28c4c5f
[    5.555632] RANDOM - random32_reseed called.  Value: e6542448	92b5c246	e28c4c5f
[    5.556152] md: Waiting for all devices to be available before autodetect
[    5.556241] md: If you don't use raid, use raid=noautodetect
[    5.556403] md: Autodetecting RAID arrays.
[    5.556494] md: Scanned 0 and added 0 devices.
[    5.556580] md: autorun ...
[    5.556667] md: ... autorun DONE.
[    5.579833] EXT3-fs: sda2: couldn't mount because of unsupported optional features (240).
[    5.580067] EXT2-fs: sda2: couldn't mount because of unsupported optional features (240).
[    5.609575] EXT4-fs (sda2): mounted filesystem with ordered data mode
[    5.609776] VFS: Mounted root (ext4 filesystem) readonly on device 8:2.
[    5.609879] Freeing unused kernel memory: 448k freed
[    6.140776] ieee1394: Host added: ID:BUS[0-00:1023]  GUID[00061b032a25f51c]
[    6.942801] sd 2:0:0:0: Attached scsi generic sg0 type 0
[    7.223383] input: Lid Switch as /devices/LNXSYSTM:00/LNXSYBUS:00/PNP0C0D:00/input/input2
[    7.224029] ACPI: Lid Switch [LID]
[    7.224149] input: Sleep Button as /devices/LNXSYSTM:00/LNXSYBUS:00/PNP0C0E:00/input/input3
[    7.224276] ACPI: Sleep Button [SLPB]
[    7.224405] input: Power Button as /devices/LNXSYSTM:00/LNXPWRBN:00/input/input4
[    7.224521] ACPI: Power Button [PWRF]
[    7.230383] i801_smbus 0000:00:1f.3: PCI INT A -> GSI 23 (level, low) -> IRQ 23
[    7.259753] e1000e: Intel(R) PRO/1000 Network Driver - 1.0.2-k2
[    7.259845] e1000e: Copyright (c) 1999-2008 Intel Corporation.
[    7.260000] e1000e 0000:00:19.0: PCI INT A -> GSI 20 (level, low) -> IRQ 20
[    7.260104] e1000e 0000:00:19.0: setting latency timer to 64
[    7.260203] e1000e 0000:00:19.0: irq 30 for MSI/MSI-X
[    7.274977] Linux agpgart interface v0.103
[    7.284802] thermal LNXTHERM:01: registered as thermal_zone0
[    7.284900] ACPI: Thermal Zone [THM0] (59 C)
[    7.286421] thermal LNXTHERM:02: registered as thermal_zone1
[    7.286517] ACPI: Thermal Zone [THM1] (56 C)
[    7.300324] ACPI: WMI: Mapper loaded
[    7.328618] ACPI: AC Adapter [AC] (on-line)
[    7.333954] Non-volatile memory driver v1.3
[    7.531036] rtc_cmos 00:07: RTC can wake from S4
[    7.531211] rtc_cmos 00:07: rtc core: registered rtc_cmos as rtc0
[    7.531335] rtc0: alarms up to one month, y3k, 114 bytes nvram, hpet irqs
[    7.558232] ACPI: SSDT 3d6e1b32 002C4 (v01  PmRef  Cpu0Ist 00000100 INTL 20050513)
[    7.560991] ACPI: SSDT 3d6e1e7b 0085E (v01  PmRef  Cpu0Cst 00000100 INTL 20050513)
[    7.582419] Monitor-Mwait will be used to enter C-1 state
[    7.582422] Monitor-Mwait will be used to enter C-2 state
[    7.582424] Monitor-Mwait will be used to enter C-3 state
[    7.582426] Marking TSC unstable due to TSC halts in idle
[    7.582607] processor LNXCPU:00: registered as cooling_device0
[    7.587288] Switching to clocksource hpet
[    7.739148] RANDOM - __random32 called. Change num 1.  Value: 42448c5b	2b5c246c	98beddc5
[    7.739150] RANDOM - random32 called.  Value: 42448c5b	2b5c246c	98beddc5
[    7.739176] 0000:00:19.0: eth0: (PCI Express:2.5GB/s:Width x1) 00:1e:37:d4:95:86
[    7.739302] 0000:00:19.0: eth0: Intel(R) PRO/1000 Network Connection
[    7.739426] 0000:00:19.0: eth0: MAC: 6, PHY: 6, PBA No: 1008ff-0ff
[    7.739818] agpgart-intel 0000:00:00.0: Intel 965GM Chipset
[    7.740421] agpgart-intel 0000:00:00.0: detected 7676K stolen memory
[    7.744918] agpgart-intel 0000:00:00.0: AGP aperture is 256M @ 0xe0000000
[    7.923246] Synaptics Touchpad, model: 1, fw: 6.2, id: 0x81a0b1, caps: 0xa04791/0x300000/0x0
[    7.923379] serio: Synaptics pass-through port at isa0060/serio1/input0
[    7.967716] input: SynPS/2 Synaptics TouchPad as /devices/platform/i8042/serio1/input/input5
[   10.382610] scsi 5:0:0:0: CD-ROM            TSSTcorp CDDVDW SE-208AB  TS03 PQ: 0 ANSI: 0
[   10.415594] sr0: scsi3-mmc drive: 24x/24x writer dvd-ram cd/rw xa/form2 cdda tray
[   10.415788] sr 5:0:0:0: Attached scsi CD-ROM sr0
[   10.415853] sr 5:0:0:0: Attached scsi generic sg1 type 5
[   10.416604] usb-storage: device scan complete
[   13.514138] IBM TrackPoint firmware: 0x0e, buttons: 3/3
[   13.745998] input: TPPS/2 IBM TrackPoint as /devices/platform/i8042/serio1/serio2/input/input6
[   17.349577] ACPI: Battery Slot [BAT0] (battery present)
[   17.784110] yenta_cardbus 0000:15:00.0: CardBus bridge found [17aa:20c6]
[   17.866045] thinkpad_acpi: ThinkPad ACPI Extras v0.23
[   17.866140] thinkpad_acpi: http://ibm-acpi.sf.net/
[   17.866226] thinkpad_acpi: ThinkPad BIOS 7LETB7WW (2.17 ), EC 7KHT24WW-1.08
[   17.866321] thinkpad_acpi: Lenovo ThinkPad R61, model 7732CTO
[   17.868552] thinkpad_acpi: ACPI backlight control delay disabled
[   17.868922] thinkpad_acpi: radio switch found; radios are enabled
[   17.869144] thinkpad_acpi: This ThinkPad has standard ACPI backlight brightness control, supported by the ACPI video driver
[   17.869270] thinkpad_acpi: Disabling thinkpad-acpi brightness events by default...
[   17.874867] Registered led device: tpacpi::thinklight
[   17.874975] Registered led device: tpacpi::power
[   17.875071] Registered led device: tpacpi::standby
[   17.875169] Registered led device: tpacpi::thinkvantage
[   17.878658] thinkpad_acpi: Standard ACPI backlight interface available, not loading native one.
[   17.885810] input: ThinkPad Extra Buttons as /devices/platform/thinkpad_acpi/input/input7
[   17.906246] yenta_cardbus 0000:15:00.0: ISA IRQ mask 0x0cb8, PCI irq 16
[   17.906343] yenta_cardbus 0000:15:00.0: Socket status: 30000820
[   17.906440] yenta_cardbus 0000:15:00.0: pcmcia: parent PCI bridge I/O window: 0x7000 - 0xafff
[   17.906564] pcmcia_socket pcmcia_socket0: cs: IO port probe 0x7000-0xafff: clean.
[   17.907441] yenta_cardbus 0000:15:00.0: pcmcia: parent PCI bridge Memory window: 0xf8300000 - 0xfbffffff
[   17.907565] yenta_cardbus 0000:15:00.0: pcmcia: parent PCI bridge Memory window: 0xf4000000 - 0xf7ffffff
[   17.944039] HDA Intel 0000:00:1b.0: PCI INT B -> GSI 17 (level, low) -> IRQ 17
[   17.944167] hda_intel: probe_mask set to 0x1 for device 17aa:20ac
[   17.944281] HDA Intel 0000:00:1b.0: setting latency timer to 64
[   18.531447] pcmcia_socket pcmcia_socket0: pccard: CardBus card inserted into slot 0
[   18.532306] pci 0000:16:00.0: reg 10 32bit mmio: [0x000000-0x00ffff]
[   18.572503] pcmcia_socket pcmcia_socket0: cs: IO port probe 0xc00-0xcff: clean.
[   18.573247] pcmcia_socket pcmcia_socket0: cs: IO port probe 0x3e0-0x4ff: excluding 0x4d0-0x4d7
[   18.574167] pcmcia_socket pcmcia_socket0: cs: IO port probe 0x100-0x3af: clean.
[   18.575878] pcmcia_socket pcmcia_socket0: cs: IO port probe 0xa00-0xaff: clean.
[   18.652284] Adding 4200956k swap on /dev/sda1.  Priority:-1 extents:1 across:4200956k 
[   18.727192] fuse init (API version 7.13)
[   19.858492] lp: driver loaded but no devices found
[   19.867086] ppdev: user-space parallel port driver
[   19.924652] powernow: This module only works with AMD K7 CPUs
[   19.977559] cpufreq-nforce2: No nForce2 chipset.
[   29.895152] RANDOM - __seed init called.
[   29.895159] RANDOM - srandom32 called with seed 16777343. Change num 2 Value: 43448c24	2b5c246c	98beddc5
[   29.895167] Pid: 3093, comm: ifconfig Not tainted 2.6.32.57 #1
[   29.895171] Call Trace:
[   29.895186]  [<c165292f>] ? __inet_insert_ifa+0xef/0x150
[   29.895194]  [<c1653fee>] ? devinet_ioctl+0x44e/0x6f0
[   29.895203]  [<c108bceb>] ? __link_path_walk+0x7b/0xd50
[   29.895213]  [<c15f818b>] ? sock_ioctl+0x6b/0x260
[   29.895219]  [<c106ae89>] ? __do_fault+0x339/0x420
[   29.895226]  [<c15f8120>] ? sock_ioctl+0x0/0x260
[   29.895233]  [<c108f01f>] ? vfs_ioctl+0x1f/0x70
[   29.895241]  [<c108f5fb>] ? do_vfs_ioctl+0x39b/0x5c0
[   29.895247]  [<c106c973>] ? handle_mm_fault+0x1b3/0x790
[   29.895255]  [<c108f886>] ? sys_ioctl+0x66/0x70
[   29.895280]  [<c1002da5>] ? syscall_call+0x7/0xb
[   29.981608] RANDOM - __seed init called.
[   29.981615] RANDOM - srandom32 called with seed -446697596. Change num 3 Value: a61b63a0	2b5c246c	98beddc5
[   29.981623] Pid: 3116, comm: ifconfig Not tainted 2.6.32.57 #1
[   29.981627] Call Trace:
[   29.981639]  [<c165292f>] ? __inet_insert_ifa+0xef/0x150
[   29.981648]  [<c1653fee>] ? devinet_ioctl+0x44e/0x6f0
[   29.981656]  [<c108bceb>] ? __link_path_walk+0x7b/0xd50
[   29.981664]  [<c15f818b>] ? sock_ioctl+0x6b/0x260
[   29.981671]  [<c106ae89>] ? __do_fault+0x339/0x420
[   29.981678]  [<c15f8120>] ? sock_ioctl+0x0/0x260
[   29.981685]  [<c108f01f>] ? vfs_ioctl+0x1f/0x70
[   29.981692]  [<c108f5fb>] ? do_vfs_ioctl+0x39b/0x5c0
[   29.981698]  [<c106c973>] ? handle_mm_fault+0x1b3/0x790
[   29.981706]  [<c108f886>] ? sys_ioctl+0x66/0x70
[   29.981713]  [<c1002da5>] ? syscall_call+0x7/0xb
[   30.121672] e1000e 0000:00:19.0: irq 30 for MSI/MSI-X
[   30.172418] e1000e 0000:00:19.0: irq 30 for MSI/MSI-X
[   30.173168] RANDOM - __seed init called.
[   30.173174] RANDOM - srandom32 called with seed -446697596. Change num 4 Value: 43448c24	2b5c246c	98beddc5
[   30.173181] Pid: 3116, comm: ifconfig Not tainted 2.6.32.57 #1
[   30.173185] Call Trace:
[   30.173194]  [<c165292f>] ? __inet_insert_ifa+0xef/0x150
[   30.173203]  [<c1653e19>] ? devinet_ioctl+0x279/0x6f0
[   30.173211]  [<c16061b5>] ? __dev_get_by_name+0x75/0x90
[   30.173219]  [<c15f818b>] ? sock_ioctl+0x6b/0x260
[   30.173226]  [<c15f8120>] ? sock_ioctl+0x0/0x260
[   30.173233]  [<c108f01f>] ? vfs_ioctl+0x1f/0x70
[   30.173240]  [<c108f5fb>] ? do_vfs_ioctl+0x39b/0x5c0
[   30.173247]  [<c106c973>] ? handle_mm_fault+0x1b3/0x790
[   30.173255]  [<c108f886>] ? sys_ioctl+0x66/0x70
[   30.173279]  [<c1002da5>] ? syscall_call+0x7/0xb
[   30.174591] RANDOM - __seed init called.
[   30.174598] RANDOM - srandom32 called with seed -446697596. Change num 5 Value: a61b63a0	2b5c246c	98beddc5
[   30.174605] Pid: 3116, comm: ifconfig Not tainted 2.6.32.57 #1
[   30.174609] Call Trace:
[   30.174618]  [<c165292f>] ? __inet_insert_ifa+0xef/0x150
[   30.174626]  [<c1653e19>] ? devinet_ioctl+0x279/0x6f0
[   30.174634]  [<c16061b5>] ? __dev_get_by_name+0x75/0x90
[   30.174641]  [<c15f818b>] ? sock_ioctl+0x6b/0x260
[   30.174648]  [<c106ae89>] ? __do_fault+0x339/0x420
[   30.174654]  [<c15f8120>] ? sock_ioctl+0x0/0x260
[   30.174661]  [<c108f01f>] ? vfs_ioctl+0x1f/0x70
[   30.174668]  [<c108f5fb>] ? do_vfs_ioctl+0x39b/0x5c0
[   30.174675]  [<c106c973>] ? handle_mm_fault+0x1b3/0x790
[   30.174683]  [<c108f886>] ? sys_ioctl+0x66/0x70
[   30.174689]  [<c1002da5>] ? syscall_call+0x7/0xb
[   30.705180] UDP snum after finding: 25
[   30.706024] UDP snum after finding: 200
[   30.942023] NET: Registered protocol family 10
[   30.942068] RANDOM - __random32 called. Change num 6.  Value: b63a194d	b5c246c3	bb8ba906
[   30.942074] RANDOM - random32 called.  Value: b63a194d	b5c246c3	bb8ba906
[   30.942238] RANDOM - __random32 called. Change num 7.  Value: a194dea2	5c246c31	520cfadc
[   30.942261] RANDOM - random32 called.  Value: a194dea2	5c246c31	520cfadc
[   30.942309] RANDOM - __random32 called. Change num 8.  Value: 4dea2748	c246c316	f5b84d65
[   30.942314] RANDOM - random32 called.  Value: 4dea2748	c246c316	f5b84d65
[   30.942377] ADDRCONF(NETDEV_UP): eth0: link is not ready
[   30.948136] RANDOM - __random32 called. Change num 9.  Value: a2748120	246c3165	9acb0f44
[   30.948140] RANDOM - random32 called.  Value: a2748120	246c3165	9acb0f44
[   30.948143] UDP rand value before processing 1cd3bf01
[   30.948146] UDP first value 8c6b before processing
[   30.948148] UDP snum after finding: 8c6b
[   30.948162] RANDOM - __random32 called. Change num 10.  Value: 4812064a	46c3165a	1e89926e
[   30.948165] RANDOM - random32 called.  Value: 4812064a	46c3165a	1e89926e
[   30.948168] UDP rand value before processing 1058827e
[   30.948170] UDP first value 870a before processing
[   30.948172] UDP snum after finding: 870a
[   33.151812] e1000e: eth0 NIC Link is Up 1000 Mbps Full Duplex, Flow Control: None
[   33.152041] ADDRCONF(NETDEV_CHANGE): eth0: link becomes ready
[   33.152091] RANDOM - __random32 called. Change num 11.  Value: 2064a11b	6c3165ae	24dd58a0
[   33.152094] RANDOM - random32 called.  Value: 2064a11b	6c3165ae	24dd58a0
[   33.152097] RANDOM - __seed init called.
[   33.152100] RANDOM - srandom32 called with seed -2037000962. Change num 12 Value: a6f175e5	6c3165ae	24dd58a0
[   33.152106] Pid: 4, comm: events/0 Not tainted 2.6.32.57 #1
[   33.152108] Call Trace:
[   33.152123]  [<f8c01ce6>] ? addrconf_dad_start+0x26/0x100 [ipv6]
[   33.152132]  [<f8c01e22>] ? addrconf_add_linklocal+0x62/0x80 [ipv6]
[   33.152141]  [<f8c03dc7>] ? addrconf_notify+0x5f7/0x9e0 [ipv6]
[   33.152150]  [<c1607cc2>] ? net_rx_action+0x92/0x120
[   33.152156]  [<c102ad74>] ? __do_softirq+0x84/0xf0
[   33.152161]  [<c1004893>] ? do_IRQ+0x43/0xb0
[   33.152166]  [<c10225db>] ? set_next_entity+0x2b/0x70
[   33.152170]  [<c10033a9>] ? common_interrupt+0x29/0x30
[   33.152175]  [<c162797a>] ? rt_cache_flush+0x6a/0xd0
[   33.152180]  [<c103ba96>] ? notifier_call_chain+0x36/0x70
[   33.152185]  [<c103bbf7>] ? raw_notifier_call_chain+0x17/0x20
[   33.152190]  [<c16092f1>] ? netdev_state_change+0x21/0x30
[   33.152195]  [<c1612fc8>] ? __linkwatch_run_queue+0x118/0x1b0
[   33.152199]  [<c1613060>] ? linkwatch_event+0x0/0x20
[   33.152204]  [<c1613078>] ? linkwatch_event+0x18/0x20
[   33.152209]  [<c103519e>] ? worker_thread+0xde/0x190
[   33.152214]  [<c10382c0>] ? autoremove_wake_function+0x0/0x50
[   33.152233]  [<c10350c0>] ? worker_thread+0x0/0x190
[   33.152237]  [<c1037f14>] ? kthread+0x74/0x80
[   33.152241]  [<c1037ea0>] ? kthread+0x0/0x80
[   33.152246]  [<c10035e7>] ? kernel_thread_helper+0x7/0x10
[   33.152249] RANDOM - __random32 called. Change num 13.  Value: 175e5109	c3165aee	b14046f3
[   33.152253] RANDOM - random32 called.  Value: 175e5109	c3165aee	b14046f3
[   33.152257] RANDOM - __random32 called. Change num 14.  Value: e5109baf	3165aee7	8de7684e
[   33.152260] RANDOM - random32 called.  Value: e5109baf	3165aee7	8de7684e
[   33.153245] RANDOM - __random32 called. Change num 15.  Value: 9bafecc	165aee7a	d09c5b85
[   33.153249] RANDOM - random32 called.  Value: 9bafecc	165aee7a	d09c5b85
