[    0.000000] Linux version 2.6.32.57 (dcashman@dcashman-02) (gcc version 4.3.3 (GCC) ) #1 Thu May 23 04:51:19 PDT 2013
[    0.000000] KERNEL supported cpus:
[    0.000000]   Intel GenuineIntel
[    0.000000]   AMD AuthenticAMD
[    0.000000]   NSC Geode by NSC
[    0.000000]   Cyrix CyrixInstead
[    0.000000]   Centaur CentaurHauls
[    0.000000]   Transmeta GenuineTMx86
[    0.000000]   Transmeta TransmetaCPU
[    0.000000]   UMC UMC UMC UMC
[    0.000000] BIOS-provided physical RAM map:
[    0.000000]  BIOS-e820: 0000000000000000 - 000000000009d800 (usable)
[    0.000000]  BIOS-e820: 000000000009d800 - 00000000000a0000 (reserved)
[    0.000000]  BIOS-e820: 00000000000d2000 - 00000000000d4000 (reserved)
[    0.000000]  BIOS-e820: 00000000000e0000 - 0000000000100000 (reserved)
[    0.000000]  BIOS-e820: 0000000000100000 - 000000003d6b0000 (usable)
[    0.000000]  BIOS-e820: 000000003d6b0000 - 000000003d6cc000 (ACPI data)
[    0.000000]  BIOS-e820: 000000003d6cc000 - 000000003d700000 (ACPI NVS)
[    0.000000]  BIOS-e820: 000000003d700000 - 000000003e000000 (reserved)
[    0.000000]  BIOS-e820: 00000000f0000000 - 00000000f4000000 (reserved)
[    0.000000]  BIOS-e820: 00000000fec00000 - 00000000fec10000 (reserved)
[    0.000000]  BIOS-e820: 00000000fed00000 - 00000000fed00400 (reserved)
[    0.000000]  BIOS-e820: 00000000fed14000 - 00000000fed1a000 (reserved)
[    0.000000]  BIOS-e820: 00000000fed1c000 - 00000000fed90000 (reserved)
[    0.000000]  BIOS-e820: 00000000fee00000 - 00000000fee01000 (reserved)
[    0.000000]  BIOS-e820: 00000000ff000000 - 0000000100000000 (reserved)
[    0.000000] DMI present.
[    0.000000] last_pfn = 0x3d6b0 max_arch_pfn = 0x100000
[    0.000000] MTRR default type: uncachable
[    0.000000] MTRR fixed ranges enabled:
[    0.000000]   00000-9FFFF write-back
[    0.000000]   A0000-BFFFF uncachable
[    0.000000]   C0000-CFFFF write-protect
[    0.000000]   D0000-DFFFF uncachable
[    0.000000]   E0000-FFFFF write-protect
[    0.000000] MTRR variable ranges enabled:
[    0.000000]   0 base 03E000000 mask FFE000000 uncachable
[    0.000000]   1 base 000000000 mask FC0000000 write-back
[    0.000000]   2 base 03D700000 mask FFFF00000 uncachable
[    0.000000]   3 base 03D800000 mask FFF800000 uncachable
[    0.000000]   4 disabled
[    0.000000]   5 disabled
[    0.000000]   6 disabled
[    0.000000]   7 disabled
[    0.000000] initial memory mapped : 0 - 02000000
[    0.000000] init_memory_mapping: 0000000000000000-00000000377fe000
[    0.000000]  0000000000 - 0000400000 page 4k
[    0.000000]  0000400000 - 0037400000 page 2M
[    0.000000]  0037400000 - 00377fe000 page 4k
[    0.000000] kernel direct mapping tables up to 377fe000 @ 7000-c000
[    0.000000] ACPI: RSDP 000f68d0 00024 (v02 LENOVO)
[    0.000000] ACPI: XSDT 3d6bb77f 00094 (v01 LENOVO TP-7L    00002170  LTP 00000000)
[    0.000000] ACPI: FACP 3d6bb900 000F4 (v03 LENOVO TP-7L    00002170 LNVO 00000001)
[    0.000000] ACPI Warning: 32/64X length mismatch in Gpe1Block: 0/32 (20090903/tbfadt-526)
[    0.000000] ACPI Warning: Optional field Gpe1Block has zero address or length: 000000000000102C/0 (20090903/tbfadt-557)
[    0.000000] ACPI: DSDT 3d6bbd1d 0FED1 (v01 LENOVO TP-7L    00002170 MSFT 03000000)
[    0.000000] ACPI: FACS 3d6e4000 00040
[    0.000000] ACPI: SSDT 3d6bbab4 00269 (v01 LENOVO TP-7L    00002170 MSFT 03000000)
[    0.000000] ACPI: ECDT 3d6cbbee 00052 (v01 LENOVO TP-7L    00002170 LNVO 00000001)
[    0.000000] ACPI: TCPA 3d6cbc40 00032 (v02 LENOVO TP-7L    00002170 LNVO 00000001)
[    0.000000] ACPI: APIC 3d6cbc72 00068 (v01 LENOVO TP-7L    00002170 LNVO 00000001)
[    0.000000] ACPI: MCFG 3d6cbcda 0003C (v01 LENOVO TP-7L    00002170 LNVO 00000001)
[    0.000000] ACPI: HPET 3d6cbd16 00038 (v01 LENOVO TP-7L    00002170 LNVO 00000001)
[    0.000000] ACPI: SLIC 3d6cbdf0 00176 (v01 LENOVO TP-7L    00002170  LTP 00000000)
[    0.000000] ACPI: BOOT 3d6cbf66 00028 (v01 LENOVO TP-7L    00002170  LTP 00000001)
[    0.000000] ACPI: ASF! 3d6cbf8e 00072 (v16 LENOVO TP-7L    00002170 PTL  00000001)
[    0.000000] ACPI: SSDT 3d6e26d9 0025F (v01 LENOVO TP-7L    00002170 INTL 20050513)
[    0.000000] ACPI: SSDT 3d6e2938 000A6 (v01 LENOVO TP-7L    00002170 INTL 20050513)
[    0.000000] ACPI: SSDT 3d6e29de 004F7 (v01 LENOVO TP-7L    00002170 INTL 20050513)
[    0.000000] ACPI: SSDT 3d6e2ed5 001D8 (v01 LENOVO TP-7L    00002170 INTL 20050513)
[    0.000000] ACPI: DMI detected: Lenovo ThinkPad R61
[    0.000000] ACPI: Added _OSI(Linux)
[    0.000000] ACPI: Local APIC address 0xfee00000
[    0.000000] 94MB HIGHMEM available.
[    0.000000] 887MB LOWMEM available.
[    0.000000]   mapped low ram: 0 - 377fe000
[    0.000000]   low ram: 0 - 377fe000
[    0.000000]   node 0 low ram: 00000000 - 377fe000
[    0.000000]   node 0 bootmap 00008000 - 0000ef00
[    0.000000] (6 early reservations) ==> bootmem [0000000000 - 00377fe000]
[    0.000000]   #0 [0000000000 - 0000001000]   BIOS data page ==> [0000000000 - 0000001000]
[    0.000000]   #1 [0001000000 - 0001bd6180]    TEXT DATA BSS ==> [0001000000 - 0001bd6180]
[    0.000000]   #2 [000009d800 - 0000100000]    BIOS reserved ==> [000009d800 - 0000100000]
[    0.000000]   #3 [0001bd7000 - 0001bdf16c]              BRK ==> [0001bd7000 - 0001bdf16c]
[    0.000000]   #4 [0000007000 - 0000008000]          PGTABLE ==> [0000007000 - 0000008000]
[    0.000000]   #5 [0000008000 - 000000f000]          BOOTMAP ==> [0000008000 - 000000f000]
[    0.000000] found SMP MP-table at [c00f6900] f6900
[    0.000000] Zone PFN ranges:
[    0.000000]   DMA      0x00000000 -> 0x00001000
[    0.000000]   Normal   0x00001000 -> 0x000377fe
[    0.000000]   HighMem  0x000377fe -> 0x0003d6b0
[    0.000000] Movable zone start PFN for each node
[    0.000000] early_node_map[2] active PFN ranges
[    0.000000]     0: 0x00000000 -> 0x0000009d
[    0.000000]     0: 0x00000100 -> 0x0003d6b0
[    0.000000] On node 0 totalpages: 251469
[    0.000000] free_area_init_node: node 0, pgdat c18fbda0, node_mem_map c1be1000
[    0.000000]   DMA zone: 32 pages used for memmap
[    0.000000]   DMA zone: 0 pages reserved
[    0.000000]   DMA zone: 3965 pages, LIFO batch:0
[    0.000000]   Normal zone: 1744 pages used for memmap
[    0.000000]   Normal zone: 221486 pages, LIFO batch:31
[    0.000000]   HighMem zone: 190 pages used for memmap
[    0.000000]   HighMem zone: 24052 pages, LIFO batch:3
[    0.000000] Using APIC driver default
[    0.000000] ACPI: PM-Timer IO Port: 0x1008
[    0.000000] ACPI: Local APIC address 0xfee00000
[    0.000000] ACPI: LAPIC (acpi_id[0x00] lapic_id[0x00] enabled)
[    0.000000] ACPI: LAPIC (acpi_id[0x01] lapic_id[0x01] enabled)
[    0.000000] ACPI: NR_CPUS/possible_cpus limit of 1 reached.  Processor 1/0x1 ignored.
[    0.000000] ACPI: LAPIC_NMI (acpi_id[0x00] high edge lint[0x1])
[    0.000000] ACPI: LAPIC_NMI (acpi_id[0x01] high edge lint[0x1])
[    0.000000] ACPI: IOAPIC (id[0x01] address[0xfec00000] gsi_base[0])
[    0.000000] IOAPIC[0]: apic_id 1, version 32, address 0xfec00000, GSI 0-23
[    0.000000] ACPI: INT_SRC_OVR (bus 0 bus_irq 0 global_irq 2 dfl dfl)
[    0.000000] ACPI: INT_SRC_OVR (bus 0 bus_irq 9 global_irq 9 high level)
[    0.000000] ACPI: IRQ0 used by override.
[    0.000000] ACPI: IRQ2 used by override.
[    0.000000] ACPI: IRQ9 used by override.
[    0.000000] Using ACPI (MADT) for SMP configuration information
[    0.000000] ACPI: HPET id: 0x8086a201 base: 0xfed00000
[    0.000000] nr_irqs_gsi: 24
[    0.000000] PM: Registered nosave memory: 000000000009d000 - 000000000009e000
[    0.000000] PM: Registered nosave memory: 000000000009e000 - 00000000000a0000
[    0.000000] PM: Registered nosave memory: 00000000000a0000 - 00000000000d2000
[    0.000000] PM: Registered nosave memory: 00000000000d2000 - 00000000000d4000
[    0.000000] PM: Registered nosave memory: 00000000000d4000 - 00000000000e0000
[    0.000000] PM: Registered nosave memory: 00000000000e0000 - 0000000000100000
[    0.000000] Allocating PCI resources starting at 3e000000 (gap: 3e000000:b2000000)
[    0.000000] Built 1 zonelists in Zone order, mobility grouping on.  Total pages: 249503
[    0.000000] Kernel command line: auto BOOT_IMAGE=Linux ro root=802 vt.default_utf8=0
[    0.000000] PID hash table entries: 4096 (order: 2, 16384 bytes)
[    0.000000] Dentry cache hash table entries: 131072 (order: 7, 524288 bytes)
[    0.000000] Inode-cache hash table entries: 65536 (order: 6, 262144 bytes)
[    0.000000] Enabling fast FPU save and restore... done.
[    0.000000] Enabling unmasked SIMD FPU exception support... done.
[    0.000000] Initializing CPU#0
[    0.000000] Initializing HighMem for node 0 (000377fe:0003d6b0)
[    0.000000] Memory: 984800k/1006272k available (6888k kernel code, 20852k reserved, 2329k data, 448k init, 96968k highmem)
[    0.000000] virtual kernel memory layout:
[    0.000000]     fixmap  : 0xfffa3000 - 0xfffff000   ( 368 kB)
[    0.000000]     pkmap   : 0xff800000 - 0xffc00000   (4096 kB)
[    0.000000]     vmalloc : 0xf7ffe000 - 0xff7fe000   ( 120 MB)
[    0.000000]     lowmem  : 0xc0000000 - 0xf77fe000   ( 887 MB)
[    0.000000]       .init : 0xc1901000 - 0xc1971000   ( 448 kB)
[    0.000000]       .data : 0xc16ba3c8 - 0xc1900b64   (2329 kB)
[    0.000000]       .text : 0xc1000000 - 0xc16ba3c8   (6888 kB)
[    0.000000] Checking if this processor honours the WP bit even in supervisor mode...Ok.
[    0.000000] SLUB: Genslabs=13, HWalign=64, Order=0-3, MinObjects=0, CPUs=1, Nodes=1
[    0.000000] Hierarchical RCU implementation.
[    0.000000] NR_IRQS:288
[    0.000000] Extended CMOS year: 2000
[    0.000000] Console: colour VGA+ 80x25
[    0.000000] console [tty0] enabled
[    0.000000] hpet clockevent registered
[    0.000000] Fast TSC calibration using PIT
[    0.000000] Detected 2094.908 MHz processor.
[    0.001002] Calibrating delay loop (skipped), value calculated using timer frequency.. 4189.81 BogoMIPS (lpj=2094908)
[    0.001177] Security Framework initialized
[    0.001264] Mount-cache hash table entries: 512
[    0.001412] CPU: L1 I cache: 32K, L1 D cache: 32K
[    0.001540] CPU: L2 cache: 3072K
[    0.001621] mce: CPU supports 6 MCE banks
[    0.001708] CPU0: Thermal monitoring enabled (TM2)
[    0.001791] using mwait in idle threads.
[    0.002005] CPU: Intel(R) Core(TM)2 Duo CPU     T8100  @ 2.10GHz stepping 06
[    0.002179] Checking 'hlt' instruction... OK.
[    0.006946] ACPI: Core revision 20090903
[    0.026043] Enabling APIC mode:  Flat.  Using 1 I/O APICs
[    0.026514] ..TIMER: vector=0x30 apic1=0 pin1=2 apic2=-1 pin2=-1
[    0.037997] xor: automatically using best checksumming function: pIII_sse
[    0.041998]    pIII_sse  :  8648.000 MB/sec
[    0.042095] xor: using function: pIII_sse (8648.000 MB/sec)
[    0.042188] RANDOM - __seed init called.
[    0.042189] RANDOM - __seed init called.
[    0.042190] RANDOM - __seed init called.
[    0.042192] RANDOM - __random32 called. Change num 1.  Value: f7943846	49e73df3	af36cd0d
[    0.042194] RANDOM - __random32 called. Change num 2.  Value: 43846e13	9e73df37	9a1ad014
[    0.042195] RANDOM - __random32 called. Change num 3.  Value: 46e139c8	e73df373	a029598a
[    0.042197] RANDOM - __random32 called. Change num 4.  Value: 139c8c3b	73df373d	b3142c72
[    0.042199] RANDOM - __random32 called. Change num 5.  Value: c8c3b043	3df373de	58e576a9
[    0.042201] RANDOM - __random32 called. Change num 6.  Value: 3b0437d9	df373de5	ed53f9d8
[    0.042202] RANDOM - random32 init called.  Value: 3b0437d9	df373de5	ed53f9d8
[    0.042219] NET: Registered protocol family 16
[    0.042476] ACPI FADT declares the system doesn't support PCIe ASPM, so disable it
[    0.042598] ACPI: bus type pci registered
[    0.042770] PCI: MCFG configuration 0: base f0000000 segment 0 buses 0 - 63
[    0.042869] PCI: MCFG area at f0000000 reserved in E820
[    0.042961] PCI: Using MMCONFIG for extended config space
[    0.043002] PCI: Using configuration type 1 for base access
[    0.046112] bio: create slab <bio-0> at 0
[    0.046922] ACPI: EC: EC description table is found, configuring boot EC
[    0.052093] ACPI: BIOS _OSI(Linux) query honored via DMI
[    0.058564] ACPI: Interpreter enabled
[    0.058658] ACPI: (supports S0 S3 S4 S5)
[    0.058987] ACPI: Using IOAPIC for interrupt routing
[    0.068606] ACPI: EC: GPE = 0x12, I/O: command/status = 0x66, data = 0x62
[    0.068881] ACPI: Power Resource [PUBS] (on)
[    0.071013] ACPI: ACPI Dock Station Driver: 3 docks/bays found
[    0.071422] ACPI: PCI Root Bridge [PCI0] (0000:00)
[    0.071607] pci 0000:00:02.0: reg 10 64bit mmio: [0xf8100000-0xf81fffff]
[    0.071612] pci 0000:00:02.0: reg 18 64bit mmio pref: [0xe0000000-0xefffffff]
[    0.071616] pci 0000:00:02.0: reg 20 io port: [0x1800-0x1807]
[    0.071651] pci 0000:00:02.1: reg 10 64bit mmio: [0xf8200000-0xf82fffff]
[    0.071757] pci 0000:00:19.0: reg 10 32bit mmio: [0xfe000000-0xfe01ffff]
[    0.071766] pci 0000:00:19.0: reg 14 32bit mmio: [0xfe025000-0xfe025fff]
[    0.071775] pci 0000:00:19.0: reg 18 io port: [0x1840-0x185f]
[    0.071849] pci 0000:00:19.0: PME# supported from D0 D3hot D3cold
[    0.071944] pci 0000:00:19.0: PME# disabled
[    0.072064] pci 0000:00:1a.0: reg 20 io port: [0x1860-0x187f]
[    0.072140] pci 0000:00:1a.1: reg 20 io port: [0x1880-0x189f]
[    0.072222] pci 0000:00:1a.7: reg 10 32bit mmio: [0xfe226c00-0xfe226fff]
[    0.072299] pci 0000:00:1a.7: PME# supported from D0 D3hot D3cold
[    0.072391] pci 0000:00:1a.7: PME# disabled
[    0.072533] pci 0000:00:1b.0: reg 10 64bit mmio: [0xfe020000-0xfe023fff]
[    0.072613] pci 0000:00:1b.0: PME# supported from D0 D3hot D3cold
[    0.072706] pci 0000:00:1b.0: PME# disabled
[    0.072907] pci 0000:00:1c.0: PME# supported from D0 D3hot D3cold
[    0.072999] pci 0000:00:1c.0: PME# disabled
[    0.073213] pci 0000:00:1c.1: PME# supported from D0 D3hot D3cold
[    0.073308] pci 0000:00:1c.1: PME# disabled
[    0.073511] pci 0000:00:1c.2: PME# supported from D0 D3hot D3cold
[    0.073615] pci 0000:00:1c.2: PME# disabled
[    0.073826] pci 0000:00:1c.3: PME# supported from D0 D3hot D3cold
[    0.073919] pci 0000:00:1c.3: PME# disabled
[    0.074112] pci 0000:00:1c.4: PME# supported from D0 D3hot D3cold
[    0.074214] pci 0000:00:1c.4: PME# disabled
[    0.075060] pci 0000:00:1d.0: reg 20 io port: [0x18a0-0x18bf]
[    0.075138] pci 0000:00:1d.1: reg 20 io port: [0x18c0-0x18df]
[    0.075211] pci 0000:00:1d.2: reg 20 io port: [0x18e0-0x18ff]
[    0.075300] pci 0000:00:1d.7: reg 10 32bit mmio: [0xfe227000-0xfe2273ff]
[    0.075394] pci 0000:00:1d.7: PME# supported from D0 D3hot D3cold
[    0.075487] pci 0000:00:1d.7: PME# disabled
[    0.075768] pci 0000:00:1f.0: quirk: region 1000-107f claimed by ICH6 ACPI/GPIO/TCO
[    0.075903] pci 0000:00:1f.0: quirk: region 1180-11bf claimed by ICH6 GPIO
[    0.075998] pci 0000:00:1f.0: ICH7 LPC Generic IO decode 1 PIO at 1600 (mask 007f)
[    0.076120] pci 0000:00:1f.0: ICH7 LPC Generic IO decode 2 PIO at 15e0 (mask 000f)
[    0.076243] pci 0000:00:1f.0: ICH7 LPC Generic IO decode 3 PIO at 1680 (mask 001f)
[    0.076444] pci 0000:00:1f.1: reg 10 io port: [0x00-0x07]
[    0.076454] pci 0000:00:1f.1: reg 14 io port: [0x00-0x03]
[    0.076466] pci 0000:00:1f.1: reg 18 io port: [0x00-0x07]
[    0.076475] pci 0000:00:1f.1: reg 1c io port: [0x00-0x03]
[    0.076485] pci 0000:00:1f.1: reg 20 io port: [0x1c00-0x1c0f]
[    0.076565] pci 0000:00:1f.2: reg 10 io port: [0x1c50-0x1c57]
[    0.076574] pci 0000:00:1f.2: reg 14 io port: [0x1c44-0x1c47]
[    0.076583] pci 0000:00:1f.2: reg 18 io port: [0x1c48-0x1c4f]
[    0.076591] pci 0000:00:1f.2: reg 1c io port: [0x1c40-0x1c43]
[    0.076600] pci 0000:00:1f.2: reg 20 io port: [0x1c20-0x1c3f]
[    0.076607] pci 0000:00:1f.2: reg 24 32bit mmio: [0xfe226000-0xfe2267ff]
[    0.076667] pci 0000:00:1f.2: PME# supported from D3hot
[    0.076767] pci 0000:00:1f.2: PME# disabled
[    0.076883] pci 0000:00:1f.3: reg 10 32bit mmio: [0xfe227400-0xfe2274ff]
[    0.076907] pci 0000:00:1f.3: reg 20 io port: [0x1c60-0x1c7f]
[    0.077049] pci 0000:00:1c.0: bridge io port: [0x2000-0x2fff]
[    0.077055] pci 0000:00:1c.0: bridge 32bit mmio: [0xfc000000-0xfdffffff]
[    0.077064] pci 0000:00:1c.0: bridge 64bit mmio pref: [0xf8000000-0xf80fffff]
[    0.077135] pci 0000:03:00.0: reg 10 64bit mmio: [0xdf3f0000-0xdf3fffff]
[    0.077328] pci 0000:00:1c.1: bridge io port: [0x3000-0x3fff]
[    0.077334] pci 0000:00:1c.1: bridge 32bit mmio: [0xdc000000-0xdf3fffff]
[    0.077341] pci 0000:00:1c.1: bridge 64bit mmio pref: [0xdfe00000-0xdfefffff]
[    0.077398] pci 0000:00:1c.2: bridge io port: [0x4000-0x4fff]
[    0.077402] pci 0000:00:1c.2: bridge 32bit mmio: [0xd8000000-0xd9ffffff]
[    0.077409] pci 0000:00:1c.2: bridge 64bit mmio pref: [0xdfb00000-0xdfbfffff]
[    0.077471] pci 0000:00:1c.3: bridge io port: [0x5000-0x5fff]
[    0.077477] pci 0000:00:1c.3: bridge 32bit mmio: [0xd4000000-0xd5ffffff]
[    0.077486] pci 0000:00:1c.3: bridge 64bit mmio pref: [0xdf800000-0xdf8fffff]
[    0.077542] pci 0000:00:1c.4: bridge io port: [0x6000-0x6fff]
[    0.077548] pci 0000:00:1c.4: bridge 32bit mmio: [0xd0000000-0xd1ffffff]
[    0.077557] pci 0000:00:1c.4: bridge 64bit mmio pref: [0xdf500000-0xdf5fffff]
[    0.077620] pci 0000:15:00.0: reg 10 32bit mmio: [0xf8300000-0xf8300fff]
[    0.077668] pci 0000:15:00.0: supports D1 D2
[    0.077670] pci 0000:15:00.0: PME# supported from D0 D1 D2 D3hot D3cold
[    0.077767] pci 0000:15:00.0: PME# disabled
[    0.077915] pci 0000:15:00.1: reg 10 32bit mmio: [0xf8301000-0xf83017ff]
[    0.078027] pci 0000:15:00.1: supports D1 D2
[    0.078028] pci 0000:15:00.1: PME# supported from D0 D1 D2 D3hot D3cold
[    0.078130] pci 0000:15:00.1: PME# disabled
[    0.078325] pci 0000:00:1e.0: transparent bridge
[    0.078424] pci 0000:00:1e.0: bridge io port: [0x7000-0xafff]
[    0.078428] pci 0000:00:1e.0: bridge 32bit mmio: [0xf8300000-0xfbffffff]
[    0.078437] pci 0000:00:1e.0: bridge 64bit mmio pref: [0xf4000000-0xf7ffffff]
[    0.078507] pci_bus 0000:00: on NUMA node 0
[    0.078511] ACPI: PCI Interrupt Routing Table [\_SB_.PCI0._PRT]
[    0.078643] ACPI: PCI Interrupt Routing Table [\_SB_.PCI0.EXP0._PRT]
[    0.078701] ACPI: PCI Interrupt Routing Table [\_SB_.PCI0.EXP1._PRT]
[    0.078757] ACPI: PCI Interrupt Routing Table [\_SB_.PCI0.EXP2._PRT]
[    0.078813] ACPI: PCI Interrupt Routing Table [\_SB_.PCI0.EXP3._PRT]
[    0.078875] ACPI: PCI Interrupt Routing Table [\_SB_.PCI0.EXP4._PRT]
[    0.078936] ACPI: PCI Interrupt Routing Table [\_SB_.PCI0.PCI1._PRT]
[    0.084380] ACPI: PCI Interrupt Link [LNKA] (IRQs 3 4 5 6 7 9 *10 11)
[    0.085166] ACPI: PCI Interrupt Link [LNKB] (IRQs 3 4 5 6 7 9 10 *11)
[    0.086021] ACPI: PCI Interrupt Link [LNKC] (IRQs 3 4 5 6 7 9 10 *11)
[    0.086826] ACPI: PCI Interrupt Link [LNKD] (IRQs 3 4 5 6 7 9 10 *11)
[    0.087658] ACPI: PCI Interrupt Link [LNKE] (IRQs 3 4 5 6 7 9 10 *11)
[    0.088459] ACPI: PCI Interrupt Link [LNKF] (IRQs 3 4 5 6 7 9 10 *11)
[    0.089235] ACPI: PCI Interrupt Link [LNKG] (IRQs 3 4 5 6 7 9 10 *11)
[    0.090096] ACPI: PCI Interrupt Link [LNKH] (IRQs 3 4 5 6 7 9 10 *11)
[    0.090884] vgaarb: device added: PCI:0000:00:02.0,decodes=io+mem,owns=io+mem,locks=none
[    0.091000] vgaarb: loaded
[    0.091183] SCSI subsystem initialized
[    0.091280] libata version 3.00 loaded.
[    0.091328] usbcore: registered new interface driver usbfs
[    0.091453] usbcore: registered new interface driver hub
[    0.091562] usbcore: registered new device driver usb
[    0.108042] raid6: int32x1    941 MB/s
[    0.125058] raid6: int32x2    890 MB/s
[    0.141987] raid6: int32x4    746 MB/s
[    0.159077] raid6: int32x8    660 MB/s
[    0.176004] raid6: mmxx1     2882 MB/s
[    0.192987] raid6: mmxx2     3269 MB/s
[    0.209992] raid6: sse1x1    1937 MB/s
[    0.226997] raid6: sse1x2    2535 MB/s
[    0.243986] raid6: sse2x1    3507 MB/s
[    0.260975] raid6: sse2x2    3832 MB/s
[    0.261068] raid6: using algorithm sse2x2 (3832 MB/s)
[    0.261175] PCI: Using ACPI for IRQ routing
[    0.261487] HPET: 3 timers in total, 0 timers will be used for per-cpu timer
[    0.261989] Switching to clocksource tsc
[    0.262088] pnp: PnP ACPI init
[    0.262185] ACPI: bus type pnp registered
[    0.265751] pnp: PnP ACPI: found 11 devices
[    0.265846] ACPI: ACPI bus type pnp unregistered
[    0.265954] system 00:00: iomem range 0x0-0x9ffff could not be reserved
[    0.266055] system 00:00: iomem range 0xc0000-0xc3fff could not be reserved
[    0.266155] system 00:00: iomem range 0xc4000-0xc7fff could not be reserved
[    0.266248] system 00:00: iomem range 0xc8000-0xcbfff has been reserved
[    0.266340] system 00:00: iomem range 0xcc000-0xcffff has been reserved
[    0.266432] system 00:00: iomem range 0xd0000-0xd3fff could not be reserved
[    0.266521] system 00:00: iomem range 0xe0000-0xe3fff could not be reserved
[    0.266614] system 00:00: iomem range 0xe4000-0xe7fff could not be reserved
[    0.266713] system 00:00: iomem range 0xe8000-0xebfff could not be reserved
[    0.266805] system 00:00: iomem range 0xec000-0xeffff could not be reserved
[    0.266904] system 00:00: iomem range 0xf0000-0xfffff could not be reserved
[    0.267004] system 00:00: iomem range 0x100000-0x3dffffff could not be reserved
[    0.267126] system 00:00: iomem range 0xfec00000-0xfed3ffff could not be reserved
[    0.267254] system 00:00: iomem range 0xfed4c000-0xffffffff could not be reserved
[    0.267377] system 00:02: ioport range 0x164e-0x164f has been reserved
[    0.267467] system 00:02: ioport range 0x1000-0x107f has been reserved
[    0.267558] system 00:02: ioport range 0x1180-0x11bf has been reserved
[    0.267649] system 00:02: ioport range 0x800-0x80f has been reserved
[    0.267748] system 00:02: ioport range 0x15e0-0x15ef has been reserved
[    0.267848] system 00:02: ioport range 0x1600-0x165f could not be reserved
[    0.267939] system 00:02: iomem range 0xf0000000-0xf3ffffff has been reserved
[    0.268042] system 00:02: iomem range 0xfed1c000-0xfed1ffff has been reserved
[    0.268132] system 00:02: iomem range 0xfed14000-0xfed17fff has been reserved
[    0.268224] system 00:02: iomem range 0xfed18000-0xfed18fff has been reserved
[    0.268316] system 00:02: iomem range 0xfed19000-0xfed19fff has been reserved
[    0.268413] system 00:02: iomem range 0xfed45000-0xfed4bfff has been reserved
[    0.303454] pci 0000:00:1c.0: PCI bridge, secondary bus 0000:02
[    0.303544] pci 0000:00:1c.0:   IO window: 0x2000-0x2fff
[    0.303645] pci 0000:00:1c.0:   MEM window: 0xfc000000-0xfdffffff
[    0.303743] pci 0000:00:1c.0:   PREFETCH window: 0x000000f8000000-0x000000f80fffff
[    0.303885] pci 0000:00:1c.1: PCI bridge, secondary bus 0000:03
[    0.303982] pci 0000:00:1c.1:   IO window: 0x3000-0x3fff
[    0.304080] pci 0000:00:1c.1:   MEM window: 0xdc000000-0xdf3fffff
[    0.304175] pci 0000:00:1c.1:   PREFETCH window: 0x000000dfe00000-0x000000dfefffff
[    0.304315] pci 0000:00:1c.2: PCI bridge, secondary bus 0000:04
[    0.304420] pci 0000:00:1c.2:   IO window: 0x4000-0x4fff
[    0.304522] pci 0000:00:1c.2:   MEM window: 0xd8000000-0xd9ffffff
[    0.304621] pci 0000:00:1c.2:   PREFETCH window: 0x000000dfb00000-0x000000dfbfffff
[    0.304755] pci 0000:00:1c.3: PCI bridge, secondary bus 0000:05
[    0.304847] pci 0000:00:1c.3:   IO window: 0x5000-0x5fff
[    0.304950] pci 0000:00:1c.3:   MEM window: 0xd4000000-0xd5ffffff
[    0.305042] pci 0000:00:1c.3:   PREFETCH window: 0x000000df800000-0x000000df8fffff
[    0.305175] pci 0000:00:1c.4: PCI bridge, secondary bus 0000:0d
[    0.305276] pci 0000:00:1c.4:   IO window: 0x6000-0x6fff
[    0.305366] pci 0000:00:1c.4:   MEM window: 0xd0000000-0xd1ffffff
[    0.305458] pci 0000:00:1c.4:   PREFETCH window: 0x000000df500000-0x000000df5fffff
[    0.305587] pci 0000:15:00.0: CardBus bridge, secondary bus 0000:16
[    0.305683] pci 0000:15:00.0:   IO window: 0x007000-0x0070ff
[    0.305779] pci 0000:15:00.0:   IO window: 0x007400-0x0074ff
[    0.305877] pci 0000:15:00.0:   PREFETCH window: 0xf4000000-0xf7ffffff
[    0.305971] pci 0000:15:00.0:   MEM window: 0x40000000-0x43ffffff
[    0.306068] pci 0000:00:1e.0: PCI bridge, secondary bus 0000:15
[    0.306167] pci 0000:00:1e.0:   IO window: 0x7000-0xafff
[    0.306268] pci 0000:00:1e.0:   MEM window: 0xf8300000-0xfbffffff
[    0.306368] pci 0000:00:1e.0:   PREFETCH window: 0x000000f4000000-0x000000f7ffffff
[    0.306507] pci 0000:00:1c.0: PCI INT A -> GSI 20 (level, low) -> IRQ 20
[    0.306608] pci 0000:00:1c.0: setting latency timer to 64
[    0.306622] pci 0000:00:1c.1: PCI INT B -> GSI 21 (level, low) -> IRQ 21
[    0.306716] pci 0000:00:1c.1: setting latency timer to 64
[    0.306727] pci 0000:00:1c.2: PCI INT C -> GSI 22 (level, low) -> IRQ 22
[    0.306833] pci 0000:00:1c.2: setting latency timer to 64
[    0.306848] pci 0000:00:1c.3: PCI INT D -> GSI 23 (level, low) -> IRQ 23
[    0.306951] pci 0000:00:1c.3: setting latency timer to 64
[    0.306960] pci 0000:00:1c.4: PCI INT A -> GSI 20 (level, low) -> IRQ 20
[    0.307056] pci 0000:00:1c.4: setting latency timer to 64
[    0.307062] pci 0000:00:1e.0: enabling device (0005 -> 0007)
[    0.307156] pci 0000:00:1e.0: setting latency timer to 64
[    0.307173] pci 0000:15:00.0: PCI INT A -> GSI 16 (level, low) -> IRQ 16
[    0.307269] pci 0000:15:00.0: setting latency timer to 64
[    0.307275] pci_bus 0000:00: resource 0 io:  [0x00-0xffff]
[    0.307277] pci_bus 0000:00: resource 1 mem: [0x000000-0xffffffff]
[    0.307279] pci_bus 0000:02: resource 0 io:  [0x2000-0x2fff]
[    0.307281] pci_bus 0000:02: resource 1 mem: [0xfc000000-0xfdffffff]
[    0.307283] pci_bus 0000:02: resource 2 pref mem [0xf8000000-0xf80fffff]
[    0.307285] pci_bus 0000:03: resource 0 io:  [0x3000-0x3fff]
[    0.307286] pci_bus 0000:03: resource 1 mem: [0xdc000000-0xdf3fffff]
[    0.307288] pci_bus 0000:03: resource 2 pref mem [0xdfe00000-0xdfefffff]
[    0.307290] pci_bus 0000:04: resource 0 io:  [0x4000-0x4fff]
[    0.307292] pci_bus 0000:04: resource 1 mem: [0xd8000000-0xd9ffffff]
[    0.307294] pci_bus 0000:04: resource 2 pref mem [0xdfb00000-0xdfbfffff]
[    0.307296] pci_bus 0000:05: resource 0 io:  [0x5000-0x5fff]
[    0.307298] pci_bus 0000:05: resource 1 mem: [0xd4000000-0xd5ffffff]
[    0.307299] pci_bus 0000:05: resource 2 pref mem [0xdf800000-0xdf8fffff]
[    0.307301] pci_bus 0000:0d: resource 0 io:  [0x6000-0x6fff]
[    0.307303] pci_bus 0000:0d: resource 1 mem: [0xd0000000-0xd1ffffff]
[    0.307305] pci_bus 0000:0d: resource 2 pref mem [0xdf500000-0xdf5fffff]
[    0.307307] pci_bus 0000:15: resource 0 io:  [0x7000-0xafff]
[    0.307309] pci_bus 0000:15: resource 1 mem: [0xf8300000-0xfbffffff]
[    0.307311] pci_bus 0000:15: resource 2 pref mem [0xf4000000-0xf7ffffff]
[    0.307312] pci_bus 0000:15: resource 3 io:  [0x00-0xffff]
[    0.307314] pci_bus 0000:15: resource 4 mem: [0x000000-0xffffffff]
[    0.307316] pci_bus 0000:16: resource 0 io:  [0x7000-0x70ff]
[    0.307318] pci_bus 0000:16: resource 1 io:  [0x7400-0x74ff]
[    0.307320] pci_bus 0000:16: resource 2 pref mem [0xf4000000-0xf7ffffff]
[    0.307322] pci_bus 0000:16: resource 3 mem: [0x40000000-0x43ffffff]
[    0.307329] NET: Registered protocol family 2
[    0.307429] RANDOM - __random32 called. Change num 7.  Value: 437d97bf	f373de51	f3b0f986
[    0.307430] RANDOM - random32 called.  Value: 437d97bf	f373de51	f3b0f986
[    0.307444] IP route cache hash table entries: 32768 (order: 5, 131072 bytes)
[    0.307586] RANDOM - __random32 called. Change num 8.  Value: d97bfe31	373de51f	f30dc6e6
[    0.307587] RANDOM - random32 called.  Value: d97bfe31	373de51f	f30dc6e6
[    0.307598] RANDOM - __random32 called. Change num 9.  Value: bfe314d7	73de51f5	8dcd6c7e
[    0.307599] RANDOM - random32 called.  Value: bfe314d7	73de51f5	8dcd6c7e
[    0.307601] RANDOM - __random32 called. Change num 10.  Value: 314d7baf	3de51f5e	d8fc74c1
[    0.307603] RANDOM - random32 called.  Value: 314d7baf	3de51f5e	d8fc74c1
[    0.307614] RANDOM - __random32 called. Change num 11.  Value: d7baf3c7	de51f5e5	e983e3fa
[    0.307616] RANDOM - random32 called.  Value: d7baf3c7	de51f5e5	e983e3fa
[    0.307626] TCP established hash table entries: 131072 (order: 8, 1048576 bytes)
[    0.308121] TCP bind hash table entries: 65536 (order: 6, 262144 bytes)
[    0.308313] TCP: Hash tables configured (established 131072 bind 65536)
[    0.308403] TCP reno registered
[    0.308517] NET: Registered protocol family 1
[    0.308630] RPC: Registered udp transport module.
[    0.308728] RPC: Registered tcp transport module.
[    0.308811] RPC: Registered tcp NFSv4.1 backchannel transport module.
[    0.308925] pci 0000:00:02.0: Boot video device
[    0.309151] Simple Boot Flag at 0x35 set to 0x1
[    0.309661] highmem bounce pool size: 64 pages
[    0.311233] VFS: Disk quotas dquot_6.5.2
[    0.311356] Dquot-cache hash table entries: 1024 (order 0, 4096 bytes)
[    0.312031] NTFS driver 2.1.29 [Flags: R/W].
[    0.312194] ROMFS MTD (C) 2007 Red Hat, Inc.
[    0.312401] JFS: nTxBlock = 7695, nTxLock = 61563
[    0.314896] SGI XFS with ACLs, security attributes, large block/inode numbers, no debug enabled
[    0.315377] SGI XFS Quota Management subsystem
[    0.315668] Slow work thread pool: Starting up
[    0.315781] Slow work thread pool: Ready
[    0.315885] GFS2 (built May 23 2013 03:49:48) installed
[    0.315978] msgmni has been set to 1734
[    0.316144] alg: No test for cipher_null (cipher_null-generic)
[    0.316244] alg: No test for ecb(cipher_null) (ecb-cipher_null)
[    0.316348] alg: No test for digest_null (digest_null-generic)
[    0.316450] alg: No test for compress_null (compress_null-generic)
[    0.317008] alg: No test for fcrypt (fcrypt-generic)
[    0.318410] alg: No test for stdrng (krng)
[    0.318500] async_tx: api initialized (async)
[    0.318654] Block layer SCSI generic (bsg) driver version 0.4 loaded (major 254)
[    0.318778] io scheduler noop registered
[    0.318879] io scheduler anticipatory registered
[    0.318977] io scheduler deadline registered
[    0.319115] io scheduler cfq registered (default)
[    0.319373] pcieport 0000:00:1c.0: irq 24 for MSI/MSI-X
[    0.319386] pcieport 0000:00:1c.0: setting latency timer to 64
[    0.319570] pcieport 0000:00:1c.1: irq 25 for MSI/MSI-X
[    0.319582] pcieport 0000:00:1c.1: setting latency timer to 64
[    0.319758] pcieport 0000:00:1c.2: irq 26 for MSI/MSI-X
[    0.319771] pcieport 0000:00:1c.2: setting latency timer to 64
[    0.319966] pcieport 0000:00:1c.3: irq 27 for MSI/MSI-X
[    0.319977] pcieport 0000:00:1c.3: setting latency timer to 64
[    0.320151] pcieport 0000:00:1c.4: irq 28 for MSI/MSI-X
[    0.320162] pcieport 0000:00:1c.4: setting latency timer to 64
[    0.320309] pci_hotplug: PCI Hot Plug PCI Core version: 0.5
[    0.320508] isapnp: Scanning for PnP cards...
[    0.681047] isapnp: No Plug & Play device found
[    0.700605] Serial: 8250/16550 driver, 4 ports, IRQ sharing enabled
[    3.711401] floppy0: no floppy controllers found
[    3.712336] brd: module loaded
[    3.712847] loop: module loaded
[    3.712935] Compaq SMART2 Driver (v 2.6.0)
[    3.713067] HP CISS Driver (v 3.6.20)
[    3.713310] input: Macintosh mouse button emulation as /devices/virtual/input/input0
[    3.713453] Uniform Multi-Platform E-IDE driver
[    3.713680] piix 0000:00:1f.1: IDE controller (0x8086:0x2850 rev 0x03)
[    3.713781] pci 0000:00:1f.1: PCI INT C -> GSI 16 (level, low) -> IRQ 16
[    3.713885] piix 0000:00:1f.1: IDE port disabled
[    3.713986] piix 0000:00:1f.1: not 100% native mode: will probe irqs later
[    3.714081]     ide0: BM-DMA at 0x1c00-0x1c07
[    3.714173] Probing IDE interface ide0...
[    4.385529] hda: HL-DT-ST DVDRAM GSA-U10N, ATAPI CD/DVD-ROM drive
[    4.692298] hda: host max PIO4 wanted PIO255(auto-tune) selected PIO4
[    4.693066] hda: UDMA/33 mode selected
[    4.693535] ide0 at 0x1f0-0x1f7,0x3f6 on irq 14
[    4.697442] ide-gd driver 1.18
[    4.697553] ide-cd driver 5.00
[    4.698943] ide-cd: hda: ATAPI 24X DVD-ROM DVD-R/RAM CD-R/RW drive, 2048kB Cache
[    4.699409] Uniform CD-ROM driver Revision: 3.20
[    4.706455] Loading iSCSI transport class v2.0-870.
[    4.706736] rdac: device handler registered
[    4.706832] hp_sw: device handler registered
[    4.706929] emc: device handler registered
[    4.707015] alua: device handler registered
[    4.708000] Adaptec aacraid driver 1.1-5[2461]-ms
[    4.708417] scsi: <fdomain> Detection failed (no card)
[    4.708510] sym53c416.c: Version 1.0.0-ac
[    4.708615] qlogicfas: no cards were found, please specify I/O address and IRQ using iobase= and irq= options
[    4.708748] QLogic Fibre Channel HBA Driver: 8.03.01-k6
[    4.708981] iscsi: registered transport (qla4xxx)
[    4.709090] QLogic iSCSI HBA Driver
[    4.709179] Emulex LightPulse Fibre Channel SCSI driver 8.3.4
[    4.709277] Copyright(c) 2004-2009 Emulex.  All rights reserved.
[    4.731279] Failed initialization of WD-7000 SCSI card!
[    4.820638] DC390: clustering now enabled by default. If you get problems load
[    4.820760]        with "disable_clustering=1" and report to maintainers
[    4.820889] megaraid cmm: 2.20.2.7 (Release Date: Sun Jul 16 00:01:03 EST 2006)
[    4.821039] megaraid: 2.20.5.1 (Release Date: Thu Nov 16 15:32:35 EST 2006)
[    4.821151] megasas: 00.00.04.01 Thu July 24 11:41:51 PST 2008
[    4.821285] GDT-HA: Storage RAID Controller Driver. Version: 3.05
[    4.821431] 3ware Storage Controller device driver for Linux v1.26.02.002.
[    4.821543] 3ware 9000 Storage Controller device driver for Linux v2.26.02.012.
[    4.821688] nsp32: loading...
[    4.821795] ipr: IBM Power RAID SCSI Device Driver version: 2.4.3 (June 10, 2009)
[    4.821937] RocketRAID 3xxx/4xxx Controller driver v1.6 (090910)
[    4.822055] stex: Promise SuperTrak EX Driver version: 4.6.0000.3
[    4.822188] st: Version 20081215, fixed bufsize 32768, s/g segs 256
[    4.822389] ahci 0000:00:1f.2: version 3.0
[    4.822407] ahci 0000:00:1f.2: PCI INT B -> GSI 16 (level, low) -> IRQ 16
[    4.822552] ahci 0000:00:1f.2: irq 29 for MSI/MSI-X
[    4.822609] ahci 0000:00:1f.2: AHCI 0001.0100 32 slots 3 ports 1.5 Gbps 0x5 impl SATA mode
[    4.822733] ahci 0000:00:1f.2: flags: 64bit ncq sntf pm led clo pio slum part ccc 
[    4.822859] ahci 0000:00:1f.2: setting latency timer to 64
[    4.823002] scsi2 : ahci
[    4.823170] scsi3 : ahci
[    4.823332] scsi4 : ahci
[    4.823496] ata1: SATA max UDMA/133 abar m2048@0xfe226000 port 0xfe226100 irq 29
[    4.823628] ata2: DUMMY
[    4.823714] ata3: SATA max UDMA/133 abar m2048@0xfe226000 port 0xfe226200 irq 29
[    4.824322] I2O subsystem v1.325
[    4.824420] i2o: max drivers = 8
[    4.824565] I2O Configuration OSM v1.323
[    4.824676] I2O Bus Adapter OSM v1.317
[    4.824778] I2O Block Device OSM v1.325
[    4.824932] I2O SCSI Peripheral OSM v1.316
[    4.825041] I2O ProcFS OSM v1.316
[    4.825152] Fusion MPT base driver 3.04.12
[    4.825259] Copyright (c) 1999-2008 LSI Corporation
[    4.825349] Fusion MPT SPI Host driver 3.04.12
[    4.825495] Fusion MPT FC Host driver 3.04.12
[    4.825611] Fusion MPT SAS Host driver 3.04.12
[    4.825762] ohci1394 0000:15:00.1: PCI INT B -> GSI 17 (level, low) -> IRQ 17
[    4.825861] ohci1394 0000:15:00.1: setting latency timer to 64
[    4.879283] ohci1394: fw-host0: OHCI-1394 1.1 (PCI): IRQ=[17]  MMIO=[f8301000-f83017ff]  Max Packet=[2048]  IR/IT contexts=[4/4]
[    4.883556] ehci_hcd: USB 2.0 'Enhanced' Host Controller (EHCI) Driver
[    4.883837] ehci_hcd 0000:00:1a.7: power state changed by ACPI to D0
[    4.884093] ehci_hcd 0000:00:1a.7: power state changed by ACPI to D0
[    4.884193] ehci_hcd 0000:00:1a.7: PCI INT C -> GSI 22 (level, low) -> IRQ 22
[    4.884301] ehci_hcd 0000:00:1a.7: setting latency timer to 64
[    4.884304] ehci_hcd 0000:00:1a.7: EHCI Host Controller
[    4.884447] ehci_hcd 0000:00:1a.7: new USB bus registered, assigned bus number 1
[    4.888480] ehci_hcd 0000:00:1a.7: cache line size of 32 is not supported
[    4.888487] ehci_hcd 0000:00:1a.7: irq 22, io mem 0xfe226c00
[    4.898239] ehci_hcd 0000:00:1a.7: USB 2.0 started, EHCI 1.00
[    4.898345] usb usb1: New USB device found, idVendor=1d6b, idProduct=0002
[    4.898436] usb usb1: New USB device strings: Mfr=3, Product=2, SerialNumber=1
[    4.898555] usb usb1: Product: EHCI Host Controller
[    4.898650] usb usb1: Manufacturer: Linux 2.6.32.57 ehci_hcd
[    4.898740] usb usb1: SerialNumber: 0000:00:1a.7
[    4.898886] usb usb1: configuration #1 chosen from 1 choice
[    4.899007] hub 1-0:1.0: USB hub found
[    4.899099] hub 1-0:1.0: 4 ports detected
[    4.899402] ehci_hcd 0000:00:1d.7: power state changed by ACPI to D0
[    4.899642] ehci_hcd 0000:00:1d.7: power state changed by ACPI to D0
[    4.899743] ehci_hcd 0000:00:1d.7: PCI INT D -> GSI 19 (level, low) -> IRQ 19
[    4.899841] ehci_hcd 0000:00:1d.7: setting latency timer to 64
[    4.899846] ehci_hcd 0000:00:1d.7: EHCI Host Controller
[    4.899976] ehci_hcd 0000:00:1d.7: new USB bus registered, assigned bus number 2
[    4.900141] ehci_hcd 0000:00:1d.7: debug port 1
[    4.904130] ehci_hcd 0000:00:1d.7: cache line size of 32 is not supported
[    4.904137] ehci_hcd 0000:00:1d.7: irq 19, io mem 0xfe227000
[    4.914238] ehci_hcd 0000:00:1d.7: USB 2.0 started, EHCI 1.00
[    4.914353] usb usb2: New USB device found, idVendor=1d6b, idProduct=0002
[    4.914448] usb usb2: New USB device strings: Mfr=3, Product=2, SerialNumber=1
[    4.914568] usb usb2: Product: EHCI Host Controller
[    4.914657] usb usb2: Manufacturer: Linux 2.6.32.57 ehci_hcd
[    4.914744] usb usb2: SerialNumber: 0000:00:1d.7
[    4.914883] usb usb2: configuration #1 chosen from 1 choice
[    4.914999] hub 2-0:1.0: USB hub found
[    4.915088] hub 2-0:1.0: 6 ports detected
[    4.915272] 116x: driver isp116x-hcd, 03 Nov 2005
[    4.915381] ohci_hcd: USB 1.1 'Open' Host Controller (OHCI) Driver
[    4.915492] uhci_hcd: USB Universal Host Controller Interface driver
[    4.915607] uhci_hcd 0000:00:1a.0: PCI INT A -> GSI 20 (level, low) -> IRQ 20
[    4.915708] uhci_hcd 0000:00:1a.0: setting latency timer to 64
[    4.915711] uhci_hcd 0000:00:1a.0: UHCI Host Controller
[    4.915847] uhci_hcd 0000:00:1a.0: new USB bus registered, assigned bus number 3
[    4.915995] uhci_hcd 0000:00:1a.0: irq 20, io base 0x00001860
[    4.916120] usb usb3: New USB device found, idVendor=1d6b, idProduct=0001
[    4.916214] usb usb3: New USB device strings: Mfr=3, Product=2, SerialNumber=1
[    4.916348] usb usb3: Product: UHCI Host Controller
[    4.916435] usb usb3: Manufacturer: Linux 2.6.32.57 uhci_hcd
[    4.916533] usb usb3: SerialNumber: 0000:00:1a.0
[    4.916672] usb usb3: configuration #1 chosen from 1 choice
[    4.916797] hub 3-0:1.0: USB hub found
[    4.916895] hub 3-0:1.0: 2 ports detected
[    4.917182] uhci_hcd 0000:00:1a.1: power state changed by ACPI to D0
[    4.917441] uhci_hcd 0000:00:1a.1: power state changed by ACPI to D0
[    4.917540] uhci_hcd 0000:00:1a.1: PCI INT B -> GSI 21 (level, low) -> IRQ 21
[    4.917637] uhci_hcd 0000:00:1a.1: setting latency timer to 64
[    4.917642] uhci_hcd 0000:00:1a.1: UHCI Host Controller
[    4.917769] uhci_hcd 0000:00:1a.1: new USB bus registered, assigned bus number 4
[    4.917921] uhci_hcd 0000:00:1a.1: irq 21, io base 0x00001880
[    4.918033] usb usb4: New USB device found, idVendor=1d6b, idProduct=0001
[    4.918124] usb usb4: New USB device strings: Mfr=3, Product=2, SerialNumber=1
[    4.918257] usb usb4: Product: UHCI Host Controller
[    4.918347] usb usb4: Manufacturer: Linux 2.6.32.57 uhci_hcd
[    4.918437] usb usb4: SerialNumber: 0000:00:1a.1
[    4.918577] usb usb4: configuration #1 chosen from 1 choice
[    4.918701] hub 4-0:1.0: USB hub found
[    4.918808] hub 4-0:1.0: 2 ports detected
[    4.919099] uhci_hcd 0000:00:1d.0: power state changed by ACPI to D0
[    4.919349] uhci_hcd 0000:00:1d.0: power state changed by ACPI to D0
[    4.919449] uhci_hcd 0000:00:1d.0: PCI INT A -> GSI 16 (level, low) -> IRQ 16
[    4.919552] uhci_hcd 0000:00:1d.0: setting latency timer to 64
[    4.919556] uhci_hcd 0000:00:1d.0: UHCI Host Controller
[    4.919682] uhci_hcd 0000:00:1d.0: new USB bus registered, assigned bus number 5
[    4.919849] uhci_hcd 0000:00:1d.0: irq 16, io base 0x000018a0
[    4.919974] usb usb5: New USB device found, idVendor=1d6b, idProduct=0001
[    4.920070] usb usb5: New USB device strings: Mfr=3, Product=2, SerialNumber=1
[    4.920196] usb usb5: Product: UHCI Host Controller
[    4.920297] usb usb5: Manufacturer: Linux 2.6.32.57 uhci_hcd
[    4.920386] usb usb5: SerialNumber: 0000:00:1d.0
[    4.920530] usb usb5: configuration #1 chosen from 1 choice
[    4.920651] hub 5-0:1.0: USB hub found
[    4.920749] hub 5-0:1.0: 2 ports detected
[    4.920899] uhci_hcd 0000:00:1d.1: PCI INT B -> GSI 17 (level, low) -> IRQ 17
[    4.920994] uhci_hcd 0000:00:1d.1: setting latency timer to 64
[    4.920999] uhci_hcd 0000:00:1d.1: UHCI Host Controller
[    4.921127] uhci_hcd 0000:00:1d.1: new USB bus registered, assigned bus number 6
[    4.921278] uhci_hcd 0000:00:1d.1: irq 17, io base 0x000018c0
[    4.921401] usb usb6: New USB device found, idVendor=1d6b, idProduct=0001
[    4.921493] usb usb6: New USB device strings: Mfr=3, Product=2, SerialNumber=1
[    4.921620] usb usb6: Product: UHCI Host Controller
[    4.921714] usb usb6: Manufacturer: Linux 2.6.32.57 uhci_hcd
[    4.921803] usb usb6: SerialNumber: 0000:00:1d.1
[    4.921938] usb usb6: configuration #1 chosen from 1 choice
[    4.922057] hub 6-0:1.0: USB hub found
[    4.922158] hub 6-0:1.0: 2 ports detected
[    4.922478] uhci_hcd 0000:00:1d.2: power state changed by ACPI to D0
[    4.922738] uhci_hcd 0000:00:1d.2: power state changed by ACPI to D0
[    4.922838] uhci_hcd 0000:00:1d.2: PCI INT C -> GSI 18 (level, low) -> IRQ 18
[    4.922937] uhci_hcd 0000:00:1d.2: setting latency timer to 64
[    4.922942] uhci_hcd 0000:00:1d.2: UHCI Host Controller
[    4.923067] uhci_hcd 0000:00:1d.2: new USB bus registered, assigned bus number 7
[    4.923218] uhci_hcd 0000:00:1d.2: irq 18, io base 0x000018e0
[    4.923339] usb usb7: New USB device found, idVendor=1d6b, idProduct=0001
[    4.923438] usb usb7: New USB device strings: Mfr=3, Product=2, SerialNumber=1
[    4.923561] usb usb7: Product: UHCI Host Controller
[    4.923647] usb usb7: Manufacturer: Linux 2.6.32.57 uhci_hcd
[    4.923741] usb usb7: SerialNumber: 0000:00:1d.2
[    4.924535] usb usb7: configuration #1 chosen from 1 choice
[    4.924652] hub 7-0:1.0: USB hub found
[    4.924746] hub 7-0:1.0: 2 ports detected
[    4.924908] sl811: driver sl811-hcd, 19 May 2005
[    4.925018] r8a66597_hcd: driver r8a66597_hcd, 2009-05-26
[    4.925197] Initializing USB Mass Storage driver...
[    4.925332] usbcore: registered new interface driver usb-storage
[    4.925420] USB Mass Storage support registered.
[    4.925525] usbcore: registered new interface driver ums-alauda
[    4.925633] usbcore: registered new interface driver ums-cypress
[    4.925749] usbcore: registered new interface driver ums-datafab
[    4.925857] usbcore: registered new interface driver ums-freecom
[    4.925965] usbcore: registered new interface driver ums-isd200
[    4.926067] usbcore: registered new interface driver ums-jumpshot
[    4.926187] usbcore: registered new interface driver ums-karma
[    4.926311] usbcore: registered new interface driver ums-onetouch
[    4.926423] usbcore: registered new interface driver ums-sddr09
[    4.926534] usbcore: registered new interface driver ums-sddr55
[    4.926642] usbcore: registered new interface driver ums-usbat
[    4.926786] PNP: PS/2 Controller [PNP0303:KBD,PNP0f13:MOU] at 0x60,0x64 irq 1,12
[    4.936069] serio: i8042 KBD port at 0x60,0x64 irq 1
[    4.936162] serio: i8042 AUX port at 0x60,0x64 irq 12
[    4.936405] mice: PS/2 mouse device common for all mice
[    4.936517] i2c /dev entries driver
[    4.936653] md: linear personality registered for level -1
[    4.936748] md: raid0 personality registered for level 0
[    4.936841] md: raid1 personality registered for level 1
[    4.936930] md: raid10 personality registered for level 10
[    4.937027] md: raid6 personality registered for level 6
[    4.937116] md: raid5 personality registered for level 5
[    4.937212] md: raid4 personality registered for level 4
[    4.937329] md: multipath personality registered for level -4
[    4.937524] device-mapper: ioctl: 4.15.0-ioctl (2009-04-01) initialised: dm-devel@redhat.com
[    4.937731] cpuidle: using governor ladder
[    4.938348] usbcore: registered new interface driver usbhid
[    4.938437] usbhid: v2.6:USB HID core driver
[    4.938613] TCP cubic registered
[    4.938701] Initializing XFRM netlink socket
[    4.938792] NET: Registered protocol family 17
[    4.938899] Using IPI Shortcut mode
[    4.940943] input: AT Translated Set 2 keyboard as /devices/platform/i8042/serio0/input/input1
[    5.129222] ata1: SATA link up 1.5 Gbps (SStatus 113 SControl 300)
[    5.129330] ata3: SATA link down (SStatus 0 SControl 300)
[    5.131830] ata1.00: ACPI cmd ef/02:00:00:00:00:a0 (SET FEATURES) succeeded
[    5.131833] ata1.00: ACPI cmd f5/00:00:00:00:00:a0 (SECURITY FREEZE LOCK) filtered out
[    5.133223] ata1.00: ACPI cmd ef/5f:00:00:00:00:a0 (SET FEATURES) succeeded
[    5.133225] ata1.00: ACPI cmd ef/10:03:00:00:00:a0 (SET FEATURES) filtered out
[    5.135134] ata1.00: ATA-7: ST910021AS, 4.06, max UDMA/100
[    5.135231] ata1.00: 195371568 sectors, multi 16: LBA48 
[    5.137374] ata1.00: ACPI cmd ef/02:00:00:00:00:a0 (SET FEATURES) succeeded
[    5.137376] ata1.00: ACPI cmd f5/00:00:00:00:00:a0 (SECURITY FREEZE LOCK) filtered out
[    5.138765] ata1.00: ACPI cmd ef/5f:00:00:00:00:a0 (SET FEATURES) succeeded
[    5.138768] ata1.00: ACPI cmd ef/10:03:00:00:00:a0 (SET FEATURES) filtered out
[    5.140695] ata1.00: configured for UDMA/100
[    5.151270] scsi 2:0:0:0: Direct-Access     ATA      ST910021AS       4.06 PQ: 0 ANSI: 5
[    5.151551] sd 2:0:0:0: [sda] 195371568 512-byte logical blocks: (100 GB/93.1 GiB)
[    5.151694] sd 2:0:0:0: [sda] Write Protect is off
[    5.151784] sd 2:0:0:0: [sda] Mode Sense: 00 3a 00 00
[    5.151797] sd 2:0:0:0: [sda] Write cache: enabled, read cache: enabled, doesn't support DPO or FUA
[    5.151993]  sda:
[    5.217198] usb 2-1: new high speed USB device using ehci_hcd and address 2
[    5.366370] usb 2-1: New USB device found, idVendor=0e8d, idProduct=1806
[    5.366465] usb 2-1: New USB device strings: Mfr=1, Product=2, SerialNumber=3
[    5.366553] usb 2-1: Product: MT1806 
[    5.366638] usb 2-1: Manufacturer: MediaTek Inc
[    5.366725] usb 2-1: SerialNumber: R8KN6GAC800AEB 
[    5.366856] usb 2-1: configuration #1 chosen from 1 choice
[    5.373288] scsi5 : SCSI emulation for USB Mass Storage devices
[    5.373454] usb-storage: device found at 2
[    5.373455] usb-storage: waiting for device to settle before scanning
[    5.572740]  sda1 sda2
[    5.573459] sd 2:0:0:0: [sda] Attached SCSI disk
[    5.573559] RANDOM - __seed init called.
[    5.573560] RANDOM - __seed init called.
[    5.573561] RANDOM - __seed init called.
[    5.573563] RANDOM - __random32 called. Change num 12.  Value: 2f4c1283	89a1a69	c047f21c
[    5.573565] RANDOM - random32_reseed called.  Value: 2f4c1283	89a1a69	c047f21c
[    5.574052] md: Waiting for all devices to be available before autodetect
[    5.574152] md: If you don't use raid, use raid=noautodetect
[    5.574313] md: Autodetecting RAID arrays.
[    5.574398] md: Scanned 0 and added 0 devices.
[    5.574485] md: autorun ...
[    5.574572] md: ... autorun DONE.
[    5.597154] EXT3-fs: sda2: couldn't mount because of unsupported optional features (240).
[    5.597381] EXT2-fs: sda2: couldn't mount because of unsupported optional features (240).
[    5.626901] EXT4-fs (sda2): mounted filesystem with ordered data mode
[    5.627098] VFS: Mounted root (ext4 filesystem) readonly on device 8:2.
[    5.627214] Freeing unused kernel memory: 448k freed
[    6.142175] ieee1394: Host added: ID:BUS[0-00:1023]  GUID[00061b032a25f51c]
[    6.943356] sd 2:0:0:0: Attached scsi generic sg0 type 0
[    7.074240] input: Lid Switch as /devices/LNXSYSTM:00/LNXSYBUS:00/PNP0C0D:00/input/input2
[    7.074577] ACPI: Lid Switch [LID]
[    7.074696] input: Sleep Button as /devices/LNXSYSTM:00/LNXSYBUS:00/PNP0C0E:00/input/input3
[    7.074826] ACPI: Sleep Button [SLPB]
[    7.074966] input: Power Button as /devices/LNXSYSTM:00/LNXPWRBN:00/input/input4
[    7.075092] ACPI: Power Button [PWRF]
[    7.164398] i801_smbus 0000:00:1f.3: PCI INT A -> GSI 23 (level, low) -> IRQ 23
[    7.200751] Linux agpgart interface v0.103
[    7.260111] e1000e: Intel(R) PRO/1000 Network Driver - 1.0.2-k2
[    7.260206] e1000e: Copyright (c) 1999-2008 Intel Corporation.
[    7.260348] e1000e 0000:00:19.0: PCI INT A -> GSI 20 (level, low) -> IRQ 20
[    7.260455] e1000e 0000:00:19.0: setting latency timer to 64
[    7.260562] e1000e 0000:00:19.0: irq 30 for MSI/MSI-X
[    7.275917] ACPI: WMI: Mapper loaded
[    7.401046] Non-volatile memory driver v1.3
[    7.510791] ACPI: AC Adapter [AC] (on-line)
[    7.529759] rtc_cmos 00:07: RTC can wake from S4
[    7.529933] rtc_cmos 00:07: rtc core: registered rtc_cmos as rtc0
[    7.530056] rtc0: alarms up to one month, y3k, 114 bytes nvram, hpet irqs
[    7.543964] ACPI: SSDT 3d6e1b32 002C4 (v01  PmRef  Cpu0Ist 00000100 INTL 20050513)
[    7.544706] ACPI: SSDT 3d6e1e7b 0085E (v01  PmRef  Cpu0Cst 00000100 INTL 20050513)
[    7.563967] thinkpad_acpi: ThinkPad ACPI Extras v0.23
[    7.564061] thinkpad_acpi: http://ibm-acpi.sf.net/
[    7.564154] thinkpad_acpi: ThinkPad BIOS 7LETB7WW (2.17 ), EC 7KHT24WW-1.08
[    7.564256] thinkpad_acpi: Lenovo ThinkPad R61, model 7732CTO
[    7.578210] thinkpad_acpi: ACPI backlight control delay disabled
[    7.587097] Monitor-Mwait will be used to enter C-1 state
[    7.587099] Monitor-Mwait will be used to enter C-2 state
[    7.587101] Monitor-Mwait will be used to enter C-3 state
[    7.587103] Marking TSC unstable due to TSC halts in idle
[    7.587289] processor LNXCPU:00: registered as cooling_device0
[    7.587407] thinkpad_acpi: radio switch found; radios are enabled
[    7.589571] thinkpad_acpi: This ThinkPad has standard ACPI backlight brightness control, supported by the ACPI video driver
[    7.589701] thinkpad_acpi: Disabling thinkpad-acpi brightness events by default...
[    7.596167] Switching to clocksource hpet
[    7.757811] RANDOM - __random32 called. Change num 1.  Value: c12835a3	89a1a695	e4384f0c
[    7.757814] RANDOM - random32 called.  Value: c12835a3	89a1a695	e4384f0c
[    7.757840] 0000:00:19.0: eth0: (PCI Express:2.5GB/s:Width x1) 00:1e:37:d4:95:86
[    7.757965] 0000:00:19.0: eth0: Intel(R) PRO/1000 Network Connection
[    7.758105] 0000:00:19.0: eth0: MAC: 6, PHY: 6, PBA No: 1008ff-0ff
[    7.758378] agpgart-intel 0000:00:00.0: Intel 965GM Chipset
[    7.758976] agpgart-intel 0000:00:00.0: detected 7676K stolen memory
[    7.763482] agpgart-intel 0000:00:00.0: AGP aperture is 256M @ 0xe0000000
[    8.099498] Synaptics Touchpad, model: 1, fw: 6.2, id: 0x81a0b1, caps: 0xa04791/0x300000/0x0
[    8.099631] serio: Synaptics pass-through port at isa0060/serio1/input0
[    8.144442] input: SynPS/2 Synaptics TouchPad as /devices/platform/i8042/serio1/input/input5
[   10.383738] scsi 5:0:0:0: CD-ROM            TSSTcorp CDDVDW SE-208AB  TS03 PQ: 0 ANSI: 0
[   10.416606] sr0: scsi3-mmc drive: 24x/24x writer dvd-ram cd/rw xa/form2 cdda tray
[   10.416805] sr 5:0:0:0: Attached scsi CD-ROM sr0
[   10.416870] sr 5:0:0:0: Attached scsi generic sg1 type 5
[   10.417662] usb-storage: device scan complete
[   13.689610] IBM TrackPoint firmware: 0x0e, buttons: 3/3
[   13.921747] input: TPPS/2 IBM TrackPoint as /devices/platform/i8042/serio1/serio2/input/input6
[   17.526318] ACPI: Battery Slot [BAT0] (battery present)
[   17.529158] Registered led device: tpacpi::thinklight
[   17.529266] Registered led device: tpacpi::power
[   17.529360] Registered led device: tpacpi::standby
[   17.529464] Registered led device: tpacpi::thinkvantage
[   17.531641] thinkpad_acpi: Standard ACPI backlight interface available, not loading native one.
[   17.532010] input: ThinkPad Extra Buttons as /devices/platform/thinkpad_acpi/input/input7
[   17.931274] thermal LNXTHERM:01: registered as thermal_zone0
[   17.931375] ACPI: Thermal Zone [THM0] (58 C)
[   17.933007] thermal LNXTHERM:02: registered as thermal_zone1
[   17.933113] ACPI: Thermal Zone [THM1] (50 C)
[   18.004506] yenta_cardbus 0000:15:00.0: CardBus bridge found [17aa:20c6]
[   18.050705] HDA Intel 0000:00:1b.0: PCI INT B -> GSI 17 (level, low) -> IRQ 17
[   18.050827] hda_intel: probe_mask set to 0x1 for device 17aa:20ac
[   18.050942] HDA Intel 0000:00:1b.0: setting latency timer to 64
[   18.126932] yenta_cardbus 0000:15:00.0: ISA IRQ mask 0x0cb8, PCI irq 16
[   18.127031] yenta_cardbus 0000:15:00.0: Socket status: 30000820
[   18.127132] yenta_cardbus 0000:15:00.0: pcmcia: parent PCI bridge I/O window: 0x7000 - 0xafff
[   18.127262] pcmcia_socket pcmcia_socket0: cs: IO port probe 0x7000-0xafff: clean.
[   18.128141] yenta_cardbus 0000:15:00.0: pcmcia: parent PCI bridge Memory window: 0xf8300000 - 0xfbffffff
[   18.128271] yenta_cardbus 0000:15:00.0: pcmcia: parent PCI bridge Memory window: 0xf4000000 - 0xf7ffffff
[   18.752141] pcmcia_socket pcmcia_socket0: pccard: CardBus card inserted into slot 0
[   18.752994] pci 0000:16:00.0: reg 10 32bit mmio: [0x000000-0x00ffff]
[   18.789180] pcmcia_socket pcmcia_socket0: cs: IO port probe 0xc00-0xcff: clean.
[   18.789936] pcmcia_socket pcmcia_socket0: cs: IO port probe 0x3e0-0x4ff: excluding 0x4d0-0x4d7
[   18.790854] pcmcia_socket pcmcia_socket0: cs: IO port probe 0x100-0x3af: clean.
[   18.792563] pcmcia_socket pcmcia_socket0: cs: IO port probe 0xa00-0xaff: clean.
[   18.877298] Adding 4200956k swap on /dev/sda1.  Priority:-1 extents:1 across:4200956k 
[   18.952197] fuse init (API version 7.13)
[   20.316366] lp: driver loaded but no devices found
[   20.325150] ppdev: user-space parallel port driver
[   20.382353] powernow: This module only works with AMD K7 CPUs
[   20.435297] cpufreq-nforce2: No nForce2 chipset.
[   30.369683] RANDOM - __seed init called.
[   30.369691] RANDOM - srandom32 called with seed 16777343. Change num 2 Value: c02835dc	89a1a695	e4384f0c
[   30.369699] Pid: 3091, comm: ifconfig Not tainted 2.6.32.57 #1
[   30.369703] Call Trace:
[   30.369718]  [<c165292f>] ? __inet_insert_ifa+0xef/0x150
[   30.369727]  [<c1653fee>] ? devinet_ioctl+0x44e/0x6f0
[   30.369736]  [<c108bceb>] ? __link_path_walk+0x7b/0xd50
[   30.369745]  [<c15f818b>] ? sock_ioctl+0x6b/0x260
[   30.369752]  [<c106ae89>] ? __do_fault+0x339/0x420
[   30.369759]  [<c15f8120>] ? sock_ioctl+0x0/0x260
[   30.369766]  [<c108f01f>] ? vfs_ioctl+0x1f/0x70
[   30.369773]  [<c108f5fb>] ? do_vfs_ioctl+0x39b/0x5c0
[   30.369779]  [<c106c973>] ? handle_mm_fault+0x1b3/0x790
[   30.369787]  [<c108f886>] ? sys_ioctl+0x66/0x70
[   30.369794]  [<c1002da5>] ? syscall_call+0x7/0xb
[   30.456187] RANDOM - __seed init called.
[   30.456195] RANDOM - srandom32 called with seed -446697596. Change num 3 Value: 2577da58	89a1a695	e4384f0c
[   30.456203] Pid: 3114, comm: ifconfig Not tainted 2.6.32.57 #1
[   30.456207] Call Trace:
[   30.456219]  [<c165292f>] ? __inet_insert_ifa+0xef/0x150
[   30.456228]  [<c1653fee>] ? devinet_ioctl+0x44e/0x6f0
[   30.456236]  [<c108bceb>] ? __link_path_walk+0x7b/0xd50
[   30.456244]  [<c15f818b>] ? sock_ioctl+0x6b/0x260
[   30.456251]  [<c106ae89>] ? __do_fault+0x339/0x420
[   30.456257]  [<c15f8120>] ? sock_ioctl+0x0/0x260
[   30.456265]  [<c108f01f>] ? vfs_ioctl+0x1f/0x70
[   30.456272]  [<c108f5fb>] ? do_vfs_ioctl+0x39b/0x5c0
[   30.456279]  [<c106c973>] ? handle_mm_fault+0x1b3/0x790
[   30.456287]  [<c108f886>] ? sys_ioctl+0x66/0x70
[   30.456293]  [<c1002da5>] ? syscall_call+0x7/0xb
[   30.596360] e1000e 0000:00:19.0: irq 30 for MSI/MSI-X
[   30.647102] e1000e 0000:00:19.0: irq 30 for MSI/MSI-X
[   30.647841] RANDOM - __seed init called.
[   30.647848] RANDOM - srandom32 called with seed -446697596. Change num 4 Value: c02835dc	89a1a695	e4384f0c
[   30.647855] Pid: 3114, comm: ifconfig Not tainted 2.6.32.57 #1
[   30.647858] Call Trace:
[   30.647867]  [<c165292f>] ? __inet_insert_ifa+0xef/0x150
[   30.647876]  [<c1653e19>] ? devinet_ioctl+0x279/0x6f0
[   30.647884]  [<c16061b5>] ? __dev_get_by_name+0x75/0x90
[   30.647892]  [<c15f818b>] ? sock_ioctl+0x6b/0x260
[   30.647899]  [<c15f8120>] ? sock_ioctl+0x0/0x260
[   30.647906]  [<c108f01f>] ? vfs_ioctl+0x1f/0x70
[   30.647913]  [<c108f5fb>] ? do_vfs_ioctl+0x39b/0x5c0
[   30.647920]  [<c106c973>] ? handle_mm_fault+0x1b3/0x790
[   30.647928]  [<c108f886>] ? sys_ioctl+0x66/0x70
[   30.647934]  [<c1002da5>] ? syscall_call+0x7/0xb
[   30.649261] RANDOM - __seed init called.
[   30.649267] RANDOM - srandom32 called with seed -446697596. Change num 5 Value: 2577da58	89a1a695	e4384f0c
[   30.649275] Pid: 3114, comm: ifconfig Not tainted 2.6.32.57 #1
[   30.649278] Call Trace:
[   30.649287]  [<c165292f>] ? __inet_insert_ifa+0xef/0x150
[   30.649295]  [<c1653e19>] ? devinet_ioctl+0x279/0x6f0
[   30.649303]  [<c16061b5>] ? __dev_get_by_name+0x75/0x90
[   30.649310]  [<c15f818b>] ? sock_ioctl+0x6b/0x260
[   30.649317]  [<c106ae89>] ? __do_fault+0x339/0x420
[   30.649323]  [<c15f8120>] ? sock_ioctl+0x0/0x260
[   30.649331]  [<c108f01f>] ? vfs_ioctl+0x1f/0x70
[   30.649338]  [<c108f5fb>] ? do_vfs_ioctl+0x39b/0x5c0
[   30.649344]  [<c106c973>] ? handle_mm_fault+0x1b3/0x790
[   30.649352]  [<c10226a4>] ? pick_next_task_fair+0x64/0xb0
[   30.649359]  [<c108f886>] ? sys_ioctl+0x66/0x70
[   30.649365]  [<c1002da5>] ? syscall_call+0x7/0xb
[   31.195832] UDP snum after finding: 25
[   31.196661] UDP snum after finding: 200
[   31.433162] NET: Registered protocol family 10
[   31.433209] RANDOM - __random32 called. Change num 6.  Value: 7da59bc7	9a1a6957	9e18bf46
[   31.433215] RANDOM - random32 called.  Value: 7da59bc7	9a1a6957	9e18bf46
[   31.433380] RANDOM - __random32 called. Change num 7.  Value: 59bc79db	a1a69579	7e8ddba8
[   31.433385] RANDOM - random32 called.  Value: 59bc79db	a1a69579	7e8ddba8
[   31.433432] RANDOM - __random32 called. Change num 8.  Value: c79dbad0	1a695793	b7515c60
[   31.433437] RANDOM - random32 called.  Value: c79dbad0	1a695793	b7515c60
[   31.433497] ADDRCONF(NETDEV_UP): eth0: link is not ready
[   31.439273] RANDOM - __random32 called. Change num 9.  Value: dbad0e18	a6957939	b8c1bb77
[   31.439278] RANDOM - random32 called.  Value: dbad0e18	a6957939	b8c1bb77
[   31.439280] UDP rand value before processing c5f9cc56
[   31.439283] UDP first value d549 before processing
[   31.439286] UDP snum after finding: d549
[   31.439299] RANDOM - __random32 called. Change num 10.  Value: d0e18f4d	6957939e	76efd98c
[   31.439302] RANDOM - random32 called.  Value: d0e18f4d	6957939e	76efd98c
[   31.439305] UDP rand value before processing cf59c55f
[   31.439307] UDP first value d953 before processing
[   31.439309] UDP snum after finding: d953
[   33.875563] e1000e: eth0 NIC Link is Up 1000 Mbps Full Duplex, Flow Control: None
[   33.876111] ADDRCONF(NETDEV_CHANGE): eth0: link becomes ready
[   33.876176] RANDOM - __random32 called. Change num 11.  Value: 18f4dc21	957939e6	b3183222
[   33.876181] RANDOM - random32 called.  Value: 18f4dc21	957939e6	b3183222
[   33.876185] RANDOM - __seed init called.
[   33.876190] RANDOM - srandom32 called with seed -2037000962. Change num 12 Value: 9e6108df	957939e6	b3183222
[   33.876198] Pid: 4, comm: events/0 Not tainted 2.6.32.57 #1
[   33.876202] Call Trace:
[   33.876225]  [<f8bccce6>] ? addrconf_dad_start+0x26/0x100 [ipv6]
[   33.876239]  [<f8bcce22>] ? addrconf_add_linklocal+0x62/0x80 [ipv6]
[   33.876253]  [<f8bcedc7>] ? addrconf_notify+0x5f7/0x9e0 [ipv6]
[   33.876265]  [<c160c6da>] ? dst_destroy+0x5a/0xe0
[   33.876273]  [<c1626421>] ? dst_rcu_free+0x21/0x30
[   33.876283]  [<c105432e>] ? rcu_process_callbacks+0x1e/0x20
[   33.876292]  [<c102ad74>] ? __do_softirq+0x84/0xf0
[   33.876300]  [<c10225db>] ? set_next_entity+0x2b/0x70
[   33.876308]  [<c16b81dd>] ? schedule+0x26d/0x3d0
[   33.876315]  [<c16b841d>] ? _cond_resched+0x2d/0x50
[   33.876321]  [<c16279d5>] ? rt_cache_flush+0xc5/0xd0
[   33.876329]  [<c103ba96>] ? notifier_call_chain+0x36/0x70
[   33.876336]  [<c103bbf7>] ? raw_notifier_call_chain+0x17/0x20
[   33.876345]  [<c16092f1>] ? netdev_state_change+0x21/0x30
[   33.876352]  [<c1612fc8>] ? __linkwatch_run_queue+0x118/0x1b0
[   33.876359]  [<c1613060>] ? linkwatch_event+0x0/0x20
[   33.876365]  [<c1613078>] ? linkwatch_event+0x18/0x20
[   33.876372]  [<c103519e>] ? worker_thread+0xde/0x190
[   33.876380]  [<c10382c0>] ? autoremove_wake_function+0x0/0x50
[   33.876386]  [<c10350c0>] ? worker_thread+0x0/0x190
[   33.876392]  [<c1037f14>] ? kthread+0x74/0x80
[   33.876398]  [<c1037ea0>] ? kthread+0x0/0x80
[   33.876405]  [<c10035e7>] ? kernel_thread_helper+0x7/0x10
[   33.876411] RANDOM - __random32 called. Change num 13.  Value: 108df7ef	57939e60	64457b34
[   33.876416] RANDOM - random32 called.  Value: 108df7ef	57939e60	64457b34
[   33.876422] RANDOM - __random32 called. Change num 14.  Value: df7ef5ce	7939e604	f668cdd4
[   33.876427] RANDOM - random32 called.  Value: df7ef5ce	7939e604	f668cdd4
[   33.877934] RANDOM - __random32 called. Change num 15.  Value: ef5ce038	939e604e	9ba8a5d4
[   33.877940] RANDOM - random32 called.  Value: ef5ce038	939e604e	9ba8a5d4
