[    0.000000] random 0000 0000 0000 00000000 00000000: rand_read_num 1 get_random_bytes(8): sig 00000000 00000000 00000000
[    0.000000] random 0000 0000 0000 00000000 00000000: extract_entropy(.. 8 ..)
[    0.000000] random 0000 0000 0000 00000000 00000000: going to reseed nonblocking with 64 bits (64 of 0 requested)
[    0.000000] random 0000 0000 0000 00000000 00000000: extract_entropy(.. 8 ..)
[    0.000000] random 0000 0000 0000 00000000 00000000: trying to extract 64 bits from input
[    0.000000] random 0000 0000 0000 00000000 00000000: debiting 0 entropy credits from input
[    0.000000] random 0000 0000 0000 00000000 00000000: extract_entropy account returned: 0 
[    0.000000] random 0000 0000 0000 00000000 00000000: urand_change_num 1 xfer_secondary_pool(8): pool_sig 00000000, data_sig 00000000, bytes_mixed 0 00000000 00000000
[    0.000000] random 0000 0000 0000 00000000 00000000: trying to extract 64 bits from nonblocking
[    0.000000] random 0000 0000 0000 00000000 00000000: debiting 64 entropy credits from nonblocking (unlimited)
[    0.000000] random 0000 0000 0000 00000000 00000000: extract_entropy account returned: 8 
[    0.000000] random 0000 0000 0000 00000000 00000000: urand_change_num 2 extract_buf: pool_sig 00000000, data_sig fffffff9, bytes_mixed 20 00000000 00000000
[    0.000000] Linux version 2.6.32.57 (dcashman@dcashman-02) (gcc version 4.3.3 (GCC) ) #3 Fri May 24 04:27:34 PDT 2013
[    0.000000] KERNEL supported cpus:
[    0.000000]   Intel GenuineIntel
[    0.000000]   AMD AuthenticAMD
[    0.000000]   NSC Geode by NSC
[    0.000000]   Cyrix CyrixInstead
[    0.000000]   Centaur CentaurHauls
[    0.000000]   Transmeta GenuineTMx86
[    0.000000]   Transmeta TransmetaCPU
[    0.000000]   UMC UMC UMC UMC
[    0.000000] BIOS-provided physical RAM map:
[    0.000000]  BIOS-e820: 0000000000000000 - 000000000009d800 (usable)
[    0.000000]  BIOS-e820: 000000000009d800 - 00000000000a0000 (reserved)
[    0.000000]  BIOS-e820: 00000000000d2000 - 00000000000d4000 (reserved)
[    0.000000]  BIOS-e820: 00000000000e0000 - 0000000000100000 (reserved)
[    0.000000]  BIOS-e820: 0000000000100000 - 000000003d6b0000 (usable)
[    0.000000]  BIOS-e820: 000000003d6b0000 - 000000003d6cc000 (ACPI data)
[    0.000000]  BIOS-e820: 000000003d6cc000 - 000000003d700000 (ACPI NVS)
[    0.000000]  BIOS-e820: 000000003d700000 - 000000003e000000 (reserved)
[    0.000000]  BIOS-e820: 00000000f0000000 - 00000000f4000000 (reserved)
[    0.000000]  BIOS-e820: 00000000fec00000 - 00000000fec10000 (reserved)
[    0.000000]  BIOS-e820: 00000000fed00000 - 00000000fed00400 (reserved)
[    0.000000]  BIOS-e820: 00000000fed14000 - 00000000fed1a000 (reserved)
[    0.000000]  BIOS-e820: 00000000fed1c000 - 00000000fed90000 (reserved)
[    0.000000]  BIOS-e820: 00000000fee00000 - 00000000fee01000 (reserved)
[    0.000000]  BIOS-e820: 00000000ff000000 - 0000000100000000 (reserved)
[    0.000000] DMI present.
[    0.000000] last_pfn = 0x3d6b0 max_arch_pfn = 0x100000
[    0.000000] MTRR default type: uncachable
[    0.000000] MTRR fixed ranges enabled:
[    0.000000]   00000-9FFFF write-back
[    0.000000]   A0000-BFFFF uncachable
[    0.000000]   C0000-CFFFF write-protect
[    0.000000]   D0000-DFFFF uncachable
[    0.000000]   E0000-FFFFF write-protect
[    0.000000] MTRR variable ranges enabled:
[    0.000000]   0 base 03E000000 mask FFE000000 uncachable
[    0.000000]   1 base 000000000 mask FC0000000 write-back
[    0.000000]   2 base 03D700000 mask FFFF00000 uncachable
[    0.000000]   3 base 03D800000 mask FFF800000 uncachable
[    0.000000]   4 disabled
[    0.000000]   5 disabled
[    0.000000]   6 disabled
[    0.000000]   7 disabled
[    0.000000] initial memory mapped : 0 - 02000000
[    0.000000] init_memory_mapping: 0000000000000000-00000000377fe000
[    0.000000]  0000000000 - 0000400000 page 4k
[    0.000000]  0000400000 - 0037400000 page 2M
[    0.000000]  0037400000 - 00377fe000 page 4k
[    0.000000] kernel direct mapping tables up to 377fe000 @ 7000-c000
[    0.000000] ACPI: RSDP 000f68d0 00024 (v02 LENOVO)
[    0.000000] ACPI: XSDT 3d6bb77f 00094 (v01 LENOVO TP-7L    00002170  LTP 00000000)
[    0.000000] ACPI: FACP 3d6bb900 000F4 (v03 LENOVO TP-7L    00002170 LNVO 00000001)
[    0.000000] ACPI Warning: 32/64X length mismatch in Gpe1Block: 0/32 (20090903/tbfadt-526)
[    0.000000] ACPI Warning: Optional field Gpe1Block has zero address or length: 000000000000102C/0 (20090903/tbfadt-557)
[    0.000000] ACPI: DSDT 3d6bbd1d 0FED1 (v01 LENOVO TP-7L    00002170 MSFT 03000000)
[    0.000000] ACPI: FACS 3d6e4000 00040
[    0.000000] ACPI: SSDT 3d6bbab4 00269 (v01 LENOVO TP-7L    00002170 MSFT 03000000)
[    0.000000] ACPI: ECDT 3d6cbbee 00052 (v01 LENOVO TP-7L    00002170 LNVO 00000001)
[    0.000000] ACPI: TCPA 3d6cbc40 00032 (v02 LENOVO TP-7L    00002170 LNVO 00000001)
[    0.000000] ACPI: APIC 3d6cbc72 00068 (v01 LENOVO TP-7L    00002170 LNVO 00000001)
[    0.000000] ACPI: MCFG 3d6cbcda 0003C (v01 LENOVO TP-7L    00002170 LNVO 00000001)
[    0.000000] ACPI: HPET 3d6cbd16 00038 (v01 LENOVO TP-7L    00002170 LNVO 00000001)
[    0.000000] ACPI: SLIC 3d6cbdf0 00176 (v01 LENOVO TP-7L    00002170  LTP 00000000)
[    0.000000] ACPI: BOOT 3d6cbf66 00028 (v01 LENOVO TP-7L    00002170  LTP 00000001)
[    0.000000] ACPI: ASF! 3d6cbf8e 00072 (v16 LENOVO TP-7L    00002170 PTL  00000001)
[    0.000000] ACPI: SSDT 3d6e26d9 0025F (v01 LENOVO TP-7L    00002170 INTL 20050513)
[    0.000000] ACPI: SSDT 3d6e2938 000A6 (v01 LENOVO TP-7L    00002170 INTL 20050513)
[    0.000000] ACPI: SSDT 3d6e29de 004F7 (v01 LENOVO TP-7L    00002170 INTL 20050513)
[    0.000000] ACPI: SSDT 3d6e2ed5 001D8 (v01 LENOVO TP-7L    00002170 INTL 20050513)
[    0.000000] ACPI: DMI detected: Lenovo ThinkPad R61
[    0.000000] ACPI: Added _OSI(Linux)
[    0.000000] ACPI: Local APIC address 0xfee00000
[    0.000000] 94MB HIGHMEM available.
[    0.000000] 887MB LOWMEM available.
[    0.000000]   mapped low ram: 0 - 377fe000
[    0.000000]   low ram: 0 - 377fe000
[    0.000000]   node 0 low ram: 00000000 - 377fe000
[    0.000000]   node 0 bootmap 00008000 - 0000ef00
[    0.000000] (6 early reservations) ==> bootmem [0000000000 - 00377fe000]
[    0.000000]   #0 [0000000000 - 0000001000]   BIOS data page ==> [0000000000 - 0000001000]
[    0.000000]   #1 [0001000000 - 0001bdc180]    TEXT DATA BSS ==> [0001000000 - 0001bdc180]
[    0.000000]   #2 [000009d800 - 0000100000]    BIOS reserved ==> [000009d800 - 0000100000]
[    0.000000]   #3 [0001bdd000 - 0001be516c]              BRK ==> [0001bdd000 - 0001be516c]
[    0.000000]   #4 [0000007000 - 0000008000]          PGTABLE ==> [0000007000 - 0000008000]
[    0.000000]   #5 [0000008000 - 000000f000]          BOOTMAP ==> [0000008000 - 000000f000]
[    0.000000] found SMP MP-table at [c00f6900] f6900
[    0.000000] Zone PFN ranges:
[    0.000000]   DMA      0x00000000 -> 0x00001000
[    0.000000]   Normal   0x00001000 -> 0x000377fe
[    0.000000]   HighMem  0x000377fe -> 0x0003d6b0
[    0.000000] Movable zone start PFN for each node
[    0.000000] early_node_map[2] active PFN ranges
[    0.000000]     0: 0x00000000 -> 0x0000009d
[    0.000000]     0: 0x00000100 -> 0x0003d6b0
[    0.000000] On node 0 totalpages: 251469
[    0.000000] free_area_init_node: node 0, pgdat c1901ea0, node_mem_map c1be7000
[    0.000000]   DMA zone: 32 pages used for memmap
[    0.000000]   DMA zone: 0 pages reserved
[    0.000000]   DMA zone: 3965 pages, LIFO batch:0
[    0.000000]   Normal zone: 1744 pages used for memmap
[    0.000000]   Normal zone: 221486 pages, LIFO batch:31
[    0.000000]   HighMem zone: 190 pages used for memmap
[    0.000000]   HighMem zone: 24052 pages, LIFO batch:3
[    0.000000] Using APIC driver default
[    0.000000] ACPI: PM-Timer IO Port: 0x1008
[    0.000000] ACPI: Local APIC address 0xfee00000
[    0.000000] ACPI: LAPIC (acpi_id[0x00] lapic_id[0x00] enabled)
[    0.000000] ACPI: LAPIC (acpi_id[0x01] lapic_id[0x01] enabled)
[    0.000000] ACPI: NR_CPUS/possible_cpus limit of 1 reached.  Processor 1/0x1 ignored.
[    0.000000] ACPI: LAPIC_NMI (acpi_id[0x00] high edge lint[0x1])
[    0.000000] ACPI: LAPIC_NMI (acpi_id[0x01] high edge lint[0x1])
[    0.000000] ACPI: IOAPIC (id[0x01] address[0xfec00000] gsi_base[0])
[    0.000000] IOAPIC[0]: apic_id 1, version 32, address 0xfec00000, GSI 0-23
[    0.000000] ACPI: INT_SRC_OVR (bus 0 bus_irq 0 global_irq 2 dfl dfl)
[    0.000000] ACPI: INT_SRC_OVR (bus 0 bus_irq 9 global_irq 9 high level)
[    0.000000] ACPI: IRQ0 used by override.
[    0.000000] ACPI: IRQ2 used by override.
[    0.000000] ACPI: IRQ9 used by override.
[    0.000000] Using ACPI (MADT) for SMP configuration information
[    0.000000] ACPI: HPET id: 0x8086a201 base: 0xfed00000
[    0.000000] nr_irqs_gsi: 24
[    0.000000] PM: Registered nosave memory: 000000000009d000 - 000000000009e000
[    0.000000] PM: Registered nosave memory: 000000000009e000 - 00000000000a0000
[    0.000000] PM: Registered nosave memory: 00000000000a0000 - 00000000000d2000
[    0.000000] PM: Registered nosave memory: 00000000000d2000 - 00000000000d4000
[    0.000000] PM: Registered nosave memory: 00000000000d4000 - 00000000000e0000
[    0.000000] PM: Registered nosave memory: 00000000000e0000 - 0000000000100000
[    0.000000] Allocating PCI resources starting at 3e000000 (gap: 3e000000:b2000000)
[    0.000000] Built 1 zonelists in Zone order, mobility grouping on.  Total pages: 249503
[    0.000000] Kernel command line: auto BOOT_IMAGE=Linux ro root=802 vt.default_utf8=0 maxcpus=0
[    0.000000] PID hash table entries: 4096 (order: 2, 16384 bytes)
[    0.000000] Dentry cache hash table entries: 131072 (order: 7, 524288 bytes)
[    0.000000] Inode-cache hash table entries: 65536 (order: 6, 262144 bytes)
[    0.000000] Enabling fast FPU save and restore... done.
[    0.000000] Enabling unmasked SIMD FPU exception support... done.
[    0.000000] Initializing CPU#0
[    0.000000] Initializing HighMem for node 0 (000377fe:0003d6b0)
[    0.000000] Memory: 984800k/1006272k available (6914k kernel code, 20876k reserved, 2328k data, 448k init, 96968k highmem)
[    0.000000] virtual kernel memory layout:
[    0.000000]     fixmap  : 0xfffa3000 - 0xfffff000   ( 368 kB)
[    0.000000]     pkmap   : 0xff800000 - 0xffc00000   (4096 kB)
[    0.000000]     vmalloc : 0xf7ffe000 - 0xff7fe000   ( 120 MB)
[    0.000000]     lowmem  : 0xc0000000 - 0xf77fe000   ( 887 MB)
[    0.000000]       .init : 0xc1907000 - 0xc1977000   ( 448 kB)
[    0.000000]       .data : 0xc16c0b5f - 0xc1906c64   (2328 kB)
[    0.000000]       .text : 0xc1000000 - 0xc16c0b5f   (6914 kB)
[    0.000000] Checking if this processor honours the WP bit even in supervisor mode...Ok.
[    0.000000] SLUB: Genslabs=13, HWalign=64, Order=0-3, MinObjects=0, CPUs=1, Nodes=1
[    0.000000] Hierarchical RCU implementation.
[    0.000000] NR_IRQS:288
[    0.000000] Extended CMOS year: 2000
[    0.000000] Console: colour VGA+ 80x25
[    0.000000] console [tty0] enabled
[    0.000000] hpet clockevent registered
[    0.000000] Fast TSC calibration using PIT
[    0.000000] Detected 2094.842 MHz processor.
[    0.001002] Calibrating delay loop (skipped), value calculated using timer frequency.. 4189.68 BogoMIPS (lpj=2094842)
[    0.001173] Security Framework initialized
[    0.001256] Mount-cache hash table entries: 512
[    0.001405] CPU: L1 I cache: 32K, L1 D cache: 32K
[    0.001536] CPU: L2 cache: 3072K
[    0.001619] mce: CPU supports 6 MCE banks
[    0.001705] CPU0: Thermal monitoring enabled (TM2)
[    0.002003] using mwait in idle threads.
[    0.002085] CPU: Intel(R) Core(TM)2 Duo CPU     T8100  @ 2.10GHz stepping 06
[    0.002263] Checking 'hlt' instruction... OK.
[    0.006941] ACPI: Core revision 20090903
[    0.026017] CANARY value: a9befa65 for PID: 1
[    0.026047] Enabling APIC mode:  Flat.  Using 1 I/O APICs
[    0.026510] ..TIMER: vector=0x30 apic1=0 pin1=2 apic2=-1 pin2=-1
[    0.036997] xor: automatically using best checksumming function: pIII_sse
[    0.040998]    pIII_sse  :  8568.000 MB/sec
[    0.041090] xor: using function: pIII_sse (8568.000 MB/sec)
[    0.041183] RANDOM - __seed init called.
[    0.041184] RANDOM - __seed init called.
[    0.041185] RANDOM - __seed init called.
[    0.041187] RANDOM - __random32 called. Change num 1.  Value: e6b75c0e	845fdb3c	4764ecc7
[    0.041188] RANDOM - __random32 called. Change num 2.  Value: 75c0e1a6	45fdb3ca	d98f8871
[    0.041190] RANDOM - __random32 called. Change num 3.  Value: e1a6d3e	5fdb3ca9	10e2be79
[    0.041192] RANDOM - __random32 called. Change num 4.  Value: a6d3e877	fdb3ca90	7cf2fee9
[    0.041193] RANDOM - __random32 called. Change num 5.  Value: 3e877b7b	db3ca905	fdd36ca1
[    0.041195] RANDOM - __random32 called. Change num 6.  Value: 77b7ba3d	b3ca905b	d9426901
[    0.041197] RANDOM - random32 init called.  Value: 77b7ba3d	b3ca905b	d9426901
[    0.041214] NET: Registered protocol family 16
[    0.041476] ACPI FADT declares the system doesn't support PCIe ASPM, so disable it
[    0.041601] ACPI: bus type pci registered
[    0.041768] PCI: MCFG configuration 0: base f0000000 segment 0 buses 0 - 63
[    0.041858] PCI: MCFG area at f0000000 reserved in E820
[    0.041948] PCI: Using MMCONFIG for extended config space
[    0.042002] PCI: Using configuration type 1 for base access
[    0.045151] bio: create slab <bio-0> at 0
[    0.045961] ACPI: EC: EC description table is found, configuring boot EC
[    0.051111] ACPI: BIOS _OSI(Linux) query honored via DMI
[    0.051831] random 0000 0000 0000 00000000 00000000: rand_read_num 2 get_random_bytes(8): sig fffffe1a 00000000 00000000
[    0.051833] random 0000 0000 0000 00000000 00000000: extract_entropy(.. 8 ..)
[    0.051836] random 0000 0000 0000 00000000 00000000: going to reseed nonblocking with 64 bits (64 of 0 requested)
[    0.051838] random 0000 0000 0000 00000000 00000000: extract_entropy(.. 8 ..)
[    0.051841] random 0000 0000 0000 00000000 00000000: trying to extract 64 bits from input
[    0.051843] random 0000 0000 0000 00000000 00000000: debiting 0 entropy credits from input
[    0.051845] random 0000 0000 0000 00000000 00000000: extract_entropy account returned: 0 
[    0.051847] random 0000 0000 0000 00000000 00000000: urand_change_num 3 xfer_secondary_pool(8): pool_sig fffffe1a, data_sig 00000000, bytes_mixed 0 00000000 00000000
[    0.051850] random 0000 0000 0000 00000000 00000000: trying to extract 64 bits from nonblocking
[    0.051853] random 0000 0000 0000 00000000 00000000: debiting 64 entropy credits from nonblocking (unlimited)
[    0.051879] random 0000 0000 0000 00000000 00000000: extract_entropy account returned: 8 
[    0.051883] random 0000 0000 0000 00000000 00000000: urand_change_num 4 extract_buf: pool_sig fffffe1a, data_sig fffffed7, bytes_mixed 20 00000000 00000000
[    0.057645] ACPI: Interpreter enabled
[    0.057731] ACPI: (supports S0 S3 S4 S5)
[    0.057998] ACPI: Using IOAPIC for interrupt routing
[    0.067890] ACPI: EC: GPE = 0x12, I/O: command/status = 0x66, data = 0x62
[    0.068180] ACPI: Power Resource [PUBS] (on)
[    0.070260] ACPI: ACPI Dock Station Driver: 3 docks/bays found
[    0.070666] ACPI: PCI Root Bridge [PCI0] (0000:00)
[    0.070838] pci 0000:00:02.0: reg 10 64bit mmio: [0xf8100000-0xf81fffff]
[    0.070843] pci 0000:00:02.0: reg 18 64bit mmio pref: [0xe0000000-0xefffffff]
[    0.070847] pci 0000:00:02.0: reg 20 io port: [0x1800-0x1807]
[    0.070882] pci 0000:00:02.1: reg 10 64bit mmio: [0xf8200000-0xf82fffff]
[    0.070988] pci 0000:00:19.0: reg 10 32bit mmio: [0xfe000000-0xfe01ffff]
[    0.071007] pci 0000:00:19.0: reg 14 32bit mmio: [0xfe025000-0xfe025fff]
[    0.071016] pci 0000:00:19.0: reg 18 io port: [0x1840-0x185f]
[    0.071082] pci 0000:00:19.0: PME# supported from D0 D3hot D3cold
[    0.071180] pci 0000:00:19.0: PME# disabled
[    0.071335] pci 0000:00:1a.0: reg 20 io port: [0x1860-0x187f]
[    0.071414] pci 0000:00:1a.1: reg 20 io port: [0x1880-0x189f]
[    0.071498] pci 0000:00:1a.7: reg 10 32bit mmio: [0xfe226c00-0xfe226fff]
[    0.071577] pci 0000:00:1a.7: PME# supported from D0 D3hot D3cold
[    0.071670] pci 0000:00:1a.7: PME# disabled
[    0.071830] pci 0000:00:1b.0: reg 10 64bit mmio: [0xfe020000-0xfe023fff]
[    0.071909] pci 0000:00:1b.0: PME# supported from D0 D3hot D3cold
[    0.071997] pci 0000:00:1b.0: PME# disabled
[    0.072199] pci 0000:00:1c.0: PME# supported from D0 D3hot D3cold
[    0.072292] pci 0000:00:1c.0: PME# disabled
[    0.072501] pci 0000:00:1c.1: PME# supported from D0 D3hot D3cold
[    0.072595] pci 0000:00:1c.1: PME# disabled
[    0.072798] pci 0000:00:1c.2: PME# supported from D0 D3hot D3cold
[    0.072897] pci 0000:00:1c.2: PME# disabled
[    0.073108] pci 0000:00:1c.3: PME# supported from D0 D3hot D3cold
[    0.073211] pci 0000:00:1c.3: PME# disabled
[    0.074074] pci 0000:00:1c.4: PME# supported from D0 D3hot D3cold
[    0.074170] pci 0000:00:1c.4: PME# disabled
[    0.074327] pci 0000:00:1d.0: reg 20 io port: [0x18a0-0x18bf]
[    0.074408] pci 0000:00:1d.1: reg 20 io port: [0x18c0-0x18df]
[    0.074486] pci 0000:00:1d.2: reg 20 io port: [0x18e0-0x18ff]
[    0.074571] pci 0000:00:1d.7: reg 10 32bit mmio: [0xfe227000-0xfe2273ff]
[    0.074668] pci 0000:00:1d.7: PME# supported from D0 D3hot D3cold
[    0.074778] pci 0000:00:1d.7: PME# disabled
[    0.075088] pci 0000:00:1f.0: quirk: region 1000-107f claimed by ICH6 ACPI/GPIO/TCO
[    0.075221] pci 0000:00:1f.0: quirk: region 1180-11bf claimed by ICH6 GPIO
[    0.075316] pci 0000:00:1f.0: ICH7 LPC Generic IO decode 1 PIO at 1600 (mask 007f)
[    0.075439] pci 0000:00:1f.0: ICH7 LPC Generic IO decode 2 PIO at 15e0 (mask 000f)
[    0.075563] pci 0000:00:1f.0: ICH7 LPC Generic IO decode 3 PIO at 1680 (mask 001f)
[    0.075767] pci 0000:00:1f.1: reg 10 io port: [0x00-0x07]
[    0.075779] pci 0000:00:1f.1: reg 14 io port: [0x00-0x03]
[    0.075788] pci 0000:00:1f.1: reg 18 io port: [0x00-0x07]
[    0.075795] pci 0000:00:1f.1: reg 1c io port: [0x00-0x03]
[    0.075804] pci 0000:00:1f.1: reg 20 io port: [0x1c00-0x1c0f]
[    0.075882] pci 0000:00:1f.2: reg 10 io port: [0x1c50-0x1c57]
[    0.075890] pci 0000:00:1f.2: reg 14 io port: [0x1c44-0x1c47]
[    0.075898] pci 0000:00:1f.2: reg 18 io port: [0x1c48-0x1c4f]
[    0.075907] pci 0000:00:1f.2: reg 1c io port: [0x1c40-0x1c43]
[    0.075916] pci 0000:00:1f.2: reg 20 io port: [0x1c20-0x1c3f]
[    0.075923] pci 0000:00:1f.2: reg 24 32bit mmio: [0xfe226000-0xfe2267ff]
[    0.075985] pci 0000:00:1f.2: PME# supported from D3hot
[    0.075998] pci 0000:00:1f.2: PME# disabled
[    0.076116] pci 0000:00:1f.3: reg 10 32bit mmio: [0xfe227400-0xfe2274ff]
[    0.076140] pci 0000:00:1f.3: reg 20 io port: [0x1c60-0x1c7f]
[    0.076233] pci 0000:00:1c.0: bridge io port: [0x2000-0x2fff]
[    0.076237] pci 0000:00:1c.0: bridge 32bit mmio: [0xfc000000-0xfdffffff]
[    0.076246] pci 0000:00:1c.0: bridge 64bit mmio pref: [0xf8000000-0xf80fffff]
[    0.076318] pci 0000:03:00.0: reg 10 64bit mmio: [0xdf3f0000-0xdf3fffff]
[    0.076511] pci 0000:00:1c.1: bridge io port: [0x3000-0x3fff]
[    0.076518] pci 0000:00:1c.1: bridge 32bit mmio: [0xdc000000-0xdf3fffff]
[    0.076526] pci 0000:00:1c.1: bridge 64bit mmio pref: [0xdfe00000-0xdfefffff]
[    0.076581] pci 0000:00:1c.2: bridge io port: [0x4000-0x4fff]
[    0.076588] pci 0000:00:1c.2: bridge 32bit mmio: [0xd8000000-0xd9ffffff]
[    0.076597] pci 0000:00:1c.2: bridge 64bit mmio pref: [0xdfb00000-0xdfbfffff]
[    0.076653] pci 0000:00:1c.3: bridge io port: [0x5000-0x5fff]
[    0.076660] pci 0000:00:1c.3: bridge 32bit mmio: [0xd4000000-0xd5ffffff]
[    0.076667] pci 0000:00:1c.3: bridge 64bit mmio pref: [0xdf800000-0xdf8fffff]
[    0.076723] pci 0000:00:1c.4: bridge io port: [0x6000-0x6fff]
[    0.076727] pci 0000:00:1c.4: bridge 32bit mmio: [0xd0000000-0xd1ffffff]
[    0.076734] pci 0000:00:1c.4: bridge 64bit mmio pref: [0xdf500000-0xdf5fffff]
[    0.076793] pci 0000:15:00.0: reg 10 32bit mmio: [0xf8300000-0xf8300fff]
[    0.076843] pci 0000:15:00.0: supports D1 D2
[    0.076844] pci 0000:15:00.0: PME# supported from D0 D1 D2 D3hot D3cold
[    0.077000] pci 0000:15:00.0: PME# disabled
[    0.077152] pci 0000:15:00.1: reg 10 32bit mmio: [0xf8301000-0xf83017ff]
[    0.077246] pci 0000:15:00.1: supports D1 D2
[    0.077247] pci 0000:15:00.1: PME# supported from D0 D1 D2 D3hot D3cold
[    0.077343] pci 0000:15:00.1: PME# disabled
[    0.077525] pci 0000:00:1e.0: transparent bridge
[    0.077627] pci 0000:00:1e.0: bridge io port: [0x7000-0xafff]
[    0.077633] pci 0000:00:1e.0: bridge 32bit mmio: [0xf8300000-0xfbffffff]
[    0.077641] pci 0000:00:1e.0: bridge 64bit mmio pref: [0xf4000000-0xf7ffffff]
[    0.077708] pci_bus 0000:00: on NUMA node 0
[    0.077713] ACPI: PCI Interrupt Routing Table [\_SB_.PCI0._PRT]
[    0.077846] ACPI: PCI Interrupt Routing Table [\_SB_.PCI0.EXP0._PRT]
[    0.077905] ACPI: PCI Interrupt Routing Table [\_SB_.PCI0.EXP1._PRT]
[    0.077997] ACPI: PCI Interrupt Routing Table [\_SB_.PCI0.EXP2._PRT]
[    0.078057] ACPI: PCI Interrupt Routing Table [\_SB_.PCI0.EXP3._PRT]
[    0.078120] ACPI: PCI Interrupt Routing Table [\_SB_.PCI0.EXP4._PRT]
[    0.078182] ACPI: PCI Interrupt Routing Table [\_SB_.PCI0.PCI1._PRT]
[    0.083631] ACPI: PCI Interrupt Link [LNKA] (IRQs 3 4 5 6 7 9 *10 11)
[    0.084428] ACPI: PCI Interrupt Link [LNKB] (IRQs 3 4 5 6 7 9 10 *11)
[    0.085240] ACPI: PCI Interrupt Link [LNKC] (IRQs 3 4 5 6 7 9 10 *11)
[    0.086039] ACPI: PCI Interrupt Link [LNKD] (IRQs 3 4 5 6 7 9 10 *11)
[    0.086834] ACPI: PCI Interrupt Link [LNKE] (IRQs 3 4 5 6 7 9 10 *11)
[    0.087633] ACPI: PCI Interrupt Link [LNKF] (IRQs 3 4 5 6 7 9 10 *11)
[    0.088394] ACPI: PCI Interrupt Link [LNKG] (IRQs 3 4 5 6 7 9 10 *11)
[    0.089176] ACPI: PCI Interrupt Link [LNKH] (IRQs 3 4 5 6 7 9 10 *11)
[    0.089998] vgaarb: device added: PCI:0000:00:02.0,decodes=io+mem,owns=io+mem,locks=none
[    0.090126] vgaarb: loaded
[    0.090311] SCSI subsystem initialized
[    0.090414] libata version 3.00 loaded.
[    0.090461] usbcore: registered new interface driver usbfs
[    0.090585] usbcore: registered new interface driver hub
[    0.090707] usbcore: registered new device driver usb
[    0.107036] raid6: int32x1    941 MB/s
[    0.124059] raid6: int32x2    890 MB/s
[    0.141069] raid6: int32x4    750 MB/s
[    0.158075] raid6: int32x8    660 MB/s
[    0.175003] raid6: mmxx1     2882 MB/s
[    0.191997] raid6: mmxx2     3273 MB/s
[    0.208981] raid6: sse1x1    1933 MB/s
[    0.225996] raid6: sse1x2    2535 MB/s
[    0.242974] raid6: sse2x1    3500 MB/s
[    0.259975] raid6: sse2x2    3824 MB/s
[    0.260063] raid6: using algorithm sse2x2 (3824 MB/s)
[    0.260153] PCI: Using ACPI for IRQ routing
[    0.260454] HPET: 3 timers in total, 0 timers will be used for per-cpu timer
[    0.260990] Switching to clocksource tsc
[    0.261094] pnp: PnP ACPI init
[    0.261186] ACPI: bus type pnp registered
[    0.264816] pnp: PnP ACPI: found 11 devices
[    0.264919] ACPI: ACPI bus type pnp unregistered
[    0.265014] system 00:00: iomem range 0x0-0x9ffff could not be reserved
[    0.265103] system 00:00: iomem range 0xc0000-0xc3fff could not be reserved
[    0.265192] system 00:00: iomem range 0xc4000-0xc7fff could not be reserved
[    0.265284] system 00:00: iomem range 0xc8000-0xcbfff has been reserved
[    0.265375] system 00:00: iomem range 0xcc000-0xcffff has been reserved
[    0.265473] system 00:00: iomem range 0xd0000-0xd3fff could not be reserved
[    0.265564] system 00:00: iomem range 0xe0000-0xe3fff could not be reserved
[    0.265654] system 00:00: iomem range 0xe4000-0xe7fff could not be reserved
[    0.265744] system 00:00: iomem range 0xe8000-0xebfff could not be reserved
[    0.265836] system 00:00: iomem range 0xec000-0xeffff could not be reserved
[    0.265933] system 00:00: iomem range 0xf0000-0xfffff could not be reserved
[    0.266034] system 00:00: iomem range 0x100000-0x3dffffff could not be reserved
[    0.266155] system 00:00: iomem range 0xfec00000-0xfed3ffff could not be reserved
[    0.266281] system 00:00: iomem range 0xfed4c000-0xffffffff could not be reserved
[    0.266408] system 00:02: ioport range 0x164e-0x164f has been reserved
[    0.266503] system 00:02: ioport range 0x1000-0x107f has been reserved
[    0.266594] system 00:02: ioport range 0x1180-0x11bf has been reserved
[    0.266684] system 00:02: ioport range 0x800-0x80f has been reserved
[    0.266784] system 00:02: ioport range 0x15e0-0x15ef has been reserved
[    0.266893] system 00:02: ioport range 0x1600-0x165f could not be reserved
[    0.266986] system 00:02: iomem range 0xf0000000-0xf3ffffff has been reserved
[    0.267078] system 00:02: iomem range 0xfed1c000-0xfed1ffff has been reserved
[    0.267180] system 00:02: iomem range 0xfed14000-0xfed17fff has been reserved
[    0.267270] system 00:02: iomem range 0xfed18000-0xfed18fff has been reserved
[    0.267370] system 00:02: iomem range 0xfed19000-0xfed19fff has been reserved
[    0.267460] system 00:02: iomem range 0xfed45000-0xfed4bfff has been reserved
[    0.302499] pci 0000:00:1c.0: PCI bridge, secondary bus 0000:02
[    0.302595] pci 0000:00:1c.0:   IO window: 0x2000-0x2fff
[    0.302697] pci 0000:00:1c.0:   MEM window: 0xfc000000-0xfdffffff
[    0.302790] pci 0000:00:1c.0:   PREFETCH window: 0x000000f8000000-0x000000f80fffff
[    0.302928] pci 0000:00:1c.1: PCI bridge, secondary bus 0000:03
[    0.303020] pci 0000:00:1c.1:   IO window: 0x3000-0x3fff
[    0.303122] pci 0000:00:1c.1:   MEM window: 0xdc000000-0xdf3fffff
[    0.303213] pci 0000:00:1c.1:   PREFETCH window: 0x000000dfe00000-0x000000dfefffff
[    0.303340] pci 0000:00:1c.2: PCI bridge, secondary bus 0000:04
[    0.303434] pci 0000:00:1c.2:   IO window: 0x4000-0x4fff
[    0.303527] pci 0000:00:1c.2:   MEM window: 0xd8000000-0xd9ffffff
[    0.303623] pci 0000:00:1c.2:   PREFETCH window: 0x000000dfb00000-0x000000dfbfffff
[    0.303749] pci 0000:00:1c.3: PCI bridge, secondary bus 0000:05
[    0.303853] pci 0000:00:1c.3:   IO window: 0x5000-0x5fff
[    0.303944] pci 0000:00:1c.3:   MEM window: 0xd4000000-0xd5ffffff
[    0.304043] pci 0000:00:1c.3:   PREFETCH window: 0x000000df800000-0x000000df8fffff
[    0.304169] pci 0000:00:1c.4: PCI bridge, secondary bus 0000:0d
[    0.304263] pci 0000:00:1c.4:   IO window: 0x6000-0x6fff
[    0.304360] pci 0000:00:1c.4:   MEM window: 0xd0000000-0xd1ffffff
[    0.304450] pci 0000:00:1c.4:   PREFETCH window: 0x000000df500000-0x000000df5fffff
[    0.304585] pci 0000:15:00.0: CardBus bridge, secondary bus 0000:16
[    0.304676] pci 0000:15:00.0:   IO window: 0x007000-0x0070ff
[    0.304770] pci 0000:15:00.0:   IO window: 0x007400-0x0074ff
[    0.304868] pci 0000:15:00.0:   PREFETCH window: 0xf4000000-0xf7ffffff
[    0.304971] pci 0000:15:00.0:   MEM window: 0x40000000-0x43ffffff
[    0.305065] pci 0000:00:1e.0: PCI bridge, secondary bus 0000:15
[    0.305167] pci 0000:00:1e.0:   IO window: 0x7000-0xafff
[    0.305268] pci 0000:00:1e.0:   MEM window: 0xf8300000-0xfbffffff
[    0.305363] pci 0000:00:1e.0:   PREFETCH window: 0x000000f4000000-0x000000f7ffffff
[    0.305499] pci 0000:00:1c.0: PCI INT A -> GSI 20 (level, low) -> IRQ 20
[    0.305601] pci 0000:00:1c.0: setting latency timer to 64
[    0.305614] pci 0000:00:1c.1: PCI INT B -> GSI 21 (level, low) -> IRQ 21
[    0.305711] pci 0000:00:1c.1: setting latency timer to 64
[    0.305724] pci 0000:00:1c.2: PCI INT C -> GSI 22 (level, low) -> IRQ 22
[    0.305815] pci 0000:00:1c.2: setting latency timer to 64
[    0.305829] pci 0000:00:1c.3: PCI INT D -> GSI 23 (level, low) -> IRQ 23
[    0.305926] pci 0000:00:1c.3: setting latency timer to 64
[    0.305935] pci 0000:00:1c.4: PCI INT A -> GSI 20 (level, low) -> IRQ 20
[    0.306029] pci 0000:00:1c.4: setting latency timer to 64
[    0.306038] pci 0000:00:1e.0: enabling device (0005 -> 0007)
[    0.306130] pci 0000:00:1e.0: setting latency timer to 64
[    0.306148] pci 0000:15:00.0: PCI INT A -> GSI 16 (level, low) -> IRQ 16
[    0.306244] pci 0000:15:00.0: setting latency timer to 64
[    0.306250] pci_bus 0000:00: resource 0 io:  [0x00-0xffff]
[    0.306252] pci_bus 0000:00: resource 1 mem: [0x000000-0xffffffff]
[    0.306254] pci_bus 0000:02: resource 0 io:  [0x2000-0x2fff]
[    0.306255] pci_bus 0000:02: resource 1 mem: [0xfc000000-0xfdffffff]
[    0.306257] pci_bus 0000:02: resource 2 pref mem [0xf8000000-0xf80fffff]
[    0.306259] pci_bus 0000:03: resource 0 io:  [0x3000-0x3fff]
[    0.306261] pci_bus 0000:03: resource 1 mem: [0xdc000000-0xdf3fffff]
[    0.306263] pci_bus 0000:03: resource 2 pref mem [0xdfe00000-0xdfefffff]
[    0.306264] pci_bus 0000:04: resource 0 io:  [0x4000-0x4fff]
[    0.306266] pci_bus 0000:04: resource 1 mem: [0xd8000000-0xd9ffffff]
[    0.306268] pci_bus 0000:04: resource 2 pref mem [0xdfb00000-0xdfbfffff]
[    0.306270] pci_bus 0000:05: resource 0 io:  [0x5000-0x5fff]
[    0.306272] pci_bus 0000:05: resource 1 mem: [0xd4000000-0xd5ffffff]
[    0.306273] pci_bus 0000:05: resource 2 pref mem [0xdf800000-0xdf8fffff]
[    0.306275] pci_bus 0000:0d: resource 0 io:  [0x6000-0x6fff]
[    0.306277] pci_bus 0000:0d: resource 1 mem: [0xd0000000-0xd1ffffff]
[    0.306279] pci_bus 0000:0d: resource 2 pref mem [0xdf500000-0xdf5fffff]
[    0.306280] pci_bus 0000:15: resource 0 io:  [0x7000-0xafff]
[    0.306282] pci_bus 0000:15: resource 1 mem: [0xf8300000-0xfbffffff]
[    0.306284] pci_bus 0000:15: resource 2 pref mem [0xf4000000-0xf7ffffff]
[    0.306286] pci_bus 0000:15: resource 3 io:  [0x00-0xffff]
[    0.306287] pci_bus 0000:15: resource 4 mem: [0x000000-0xffffffff]
[    0.306289] pci_bus 0000:16: resource 0 io:  [0x7000-0x70ff]
[    0.306291] pci_bus 0000:16: resource 1 io:  [0x7400-0x74ff]
[    0.306293] pci_bus 0000:16: resource 2 pref mem [0xf4000000-0xf7ffffff]
[    0.306294] pci_bus 0000:16: resource 3 mem: [0x40000000-0x43ffffff]
[    0.306302] NET: Registered protocol family 2
[    0.306397] RANDOM - __random32 called. Change num 7.  Value: 7ba3d01e	3ca905be	d2026a24
[    0.306399] RANDOM - random32 called.  Value: 7ba3d01e	3ca905be	d2026a24
[    0.306403] random 0000 0000 0000 5f8db4e5 4cfdf2a8: rand_read_num 3 get_random_bytes(4): sig fffffb64 5f8db4e5 4cfdf2a8
[    0.306405] random 0000 0000 0000 5f8db4e5 4cfdf2a8: extract_entropy(.. 4 ..)
[    0.306408] random 0000 0000 0000 5f8db4e5 4cfdf2a8: going to reseed nonblocking with 64 bits (32 of 0 requested)
[    0.306410] random 0000 0000 0000 5f8db4e5 4cfdf2a8: extract_entropy(.. 8 ..)
[    0.306412] random 0000 0000 0000 5f8db4e5 4cfdf2a8: trying to extract 64 bits from input
[    0.306414] random 0000 0000 0000 5f8db4e5 4cfdf2a8: debiting 0 entropy credits from input
[    0.306416] random 0000 0000 0000 5f8db4e5 4cfdf2a8: extract_entropy account returned: 0 
[    0.306419] random 0000 0000 0000 5f8db4e5 4cfdf2a8: urand_change_num 5 xfer_secondary_pool(4): pool_sig fffffb64, data_sig 00000000, bytes_mixed 0 5f8db4e5 4cfdf2a8
[    0.306422] random 0000 0000 0000 5f8db4e5 4cfdf2a8: trying to extract 32 bits from nonblocking
[    0.306424] random 0000 0000 0000 5f8db4e5 4cfdf2a8: debiting 32 entropy credits from nonblocking (unlimited)
[    0.306426] random 0000 0000 0000 5f8db4e5 4cfdf2a8: extract_entropy account returned: 4 
[    0.306430] random 0000 0000 0000 5f8db4e5 4cfdf2a8: urand_change_num 6 extract_buf: pool_sig fffffb64, data_sig 00000241, bytes_mixed 20 5f8db4e5 4cfdf2a8
[    0.306439] IP route cache hash table entries: 32768 (order: 5, 131072 bytes)
[    0.306576] RANDOM - __random32 called. Change num 8.  Value: 3d01e034	ca905be7	d4484227
[    0.306578] RANDOM - random32 called.  Value: 3d01e034	ca905be7	d4484227
[    0.306588] RANDOM - __random32 called. Change num 9.  Value: 1e034020	a905be70	844ec14a
[    0.306590] RANDOM - random32 called.  Value: 1e034020	a905be70	844ec14a
[    0.306592] RANDOM - __random32 called. Change num 10.  Value: 34020ec0	905be706	8294c719
[    0.306593] RANDOM - random32 called.  Value: 34020ec0	905be706	8294c719
[    0.306604] RANDOM - __random32 called. Change num 11.  Value: 20ec0ebb	5be7068	8e32c65f
[    0.306606] RANDOM - random32 called.  Value: 20ec0ebb	5be7068	8e32c65f
[    0.306615] TCP established hash table entries: 131072 (order: 8, 1048576 bytes)
[    0.307114] TCP bind hash table entries: 65536 (order: 6, 262144 bytes)
[    0.307303] TCP: Hash tables configured (established 131072 bind 65536)
[    0.307393] TCP reno registered
[    0.307495] NET: Registered protocol family 1
[    0.307608] RPC: Registered udp transport module.
[    0.307696] RPC: Registered tcp transport module.
[    0.307797] RPC: Registered tcp NFSv4.1 backchannel transport module.
[    0.307903] pci 0000:00:02.0: Boot video device
[    0.308114] Simple Boot Flag at 0x35 set to 0x1
[    0.308629] highmem bounce pool size: 64 pages
[    0.310210] VFS: Disk quotas dquot_6.5.2
[    0.310340] Dquot-cache hash table entries: 1024 (order 0, 4096 bytes)
[    0.311015] NTFS driver 2.1.29 [Flags: R/W].
[    0.311180] ROMFS MTD (C) 2007 Red Hat, Inc.
[    0.311392] JFS: nTxBlock = 7695, nTxLock = 61562
[    0.313882] SGI XFS with ACLs, security attributes, large block/inode numbers, no debug enabled
[    0.314362] SGI XFS Quota Management subsystem
[    0.314652] Slow work thread pool: Starting up
[    0.314756] Slow work thread pool: Ready
[    0.314865] GFS2 (built May 24 2013 02:47:17) installed
[    0.314959] msgmni has been set to 1734
[    0.315133] alg: No test for cipher_null (cipher_null-generic)
[    0.315234] alg: No test for ecb(cipher_null) (ecb-cipher_null)
[    0.315334] alg: No test for digest_null (digest_null-generic)
[    0.315439] alg: No test for compress_null (compress_null-generic)
[    0.316002] alg: No test for fcrypt (fcrypt-generic)
[    0.317421] alg: No test for stdrng (krng)
[    0.317514] async_tx: api initialized (async)
[    0.317668] Block layer SCSI generic (bsg) driver version 0.4 loaded (major 254)
[    0.317792] io scheduler noop registered
[    0.317902] io scheduler anticipatory registered
[    0.317996] io scheduler deadline registered
[    0.318128] io scheduler cfq registered (default)
[    0.318372] pcieport 0000:00:1c.0: irq 24 for MSI/MSI-X
[    0.318386] pcieport 0000:00:1c.0: setting latency timer to 64
[    0.318563] pcieport 0000:00:1c.1: irq 25 for MSI/MSI-X
[    0.318574] pcieport 0000:00:1c.1: setting latency timer to 64
[    0.318751] pcieport 0000:00:1c.2: irq 26 for MSI/MSI-X
[    0.318761] pcieport 0000:00:1c.2: setting latency timer to 64
[    0.318951] pcieport 0000:00:1c.3: irq 27 for MSI/MSI-X
[    0.318960] pcieport 0000:00:1c.3: setting latency timer to 64
[    0.319139] pcieport 0000:00:1c.4: irq 28 for MSI/MSI-X
[    0.319150] pcieport 0000:00:1c.4: setting latency timer to 64
[    0.319297] pci_hotplug: PCI Hot Plug PCI Core version: 0.5
[    0.319490] isapnp: Scanning for PnP cards...
[    0.680030] isapnp: No Plug & Play device found
[    0.680125] random 0000 0000 0000 5f8db4e5 4cfdf2a8: initializing
[    0.699645] Serial: 8250/16550 driver, 4 ports, IRQ sharing enabled
[    3.710503] floppy0: no floppy controllers found
[    3.711439] brd: module loaded
[    3.711938] loop: module loaded
[    3.712023] Compaq SMART2 Driver (v 2.6.0)
[    3.712148] HP CISS Driver (v 3.6.20)
[    3.712394] input: Macintosh mouse button emulation as /devices/virtual/input/input0
[    3.712533] Uniform Multi-Platform E-IDE driver
[    3.712766] piix 0000:00:1f.1: IDE controller (0x8086:0x2850 rev 0x03)
[    3.712866] pci 0000:00:1f.1: PCI INT C -> GSI 16 (level, low) -> IRQ 16
[    3.712972] piix 0000:00:1f.1: IDE port disabled
[    3.713072] piix 0000:00:1f.1: not 100% native mode: will probe irqs later
[    3.713172]     ide0: BM-DMA at 0x1c00-0x1c07
[    3.713268] Probing IDE interface ide0...
[    4.384651] hda: HL-DT-ST DVDRAM GSA-U10N, ATAPI CD/DVD-ROM drive
[    4.691429] hda: host max PIO4 wanted PIO255(auto-tune) selected PIO4
[    4.692202] hda: UDMA/33 mode selected
[    4.692668] ide0 at 0x1f0-0x1f7,0x3f6 on irq 14
[    4.696570] ide-gd driver 1.18
[    4.696672] ide-cd driver 5.00
[    4.698057] ide-cd: hda: ATAPI 24X DVD-ROM DVD-R/RAM CD-R/RW drive, 2048kB Cache
[    4.698518] Uniform CD-ROM driver Revision: 3.20
[    4.705585] Loading iSCSI transport class v2.0-870.
[    4.705874] rdac: device handler registered
[    4.705965] hp_sw: device handler registered
[    4.706052] emc: device handler registered
[    4.706144] alua: device handler registered
[    4.707125] Adaptec aacraid driver 1.1-5[2461]-ms
[    4.707554] scsi: <fdomain> Detection failed (no card)
[    4.707657] sym53c416.c: Version 1.0.0-ac
[    4.707760] qlogicfas: no cards were found, please specify I/O address and IRQ using iobase= and irq= options
[    4.707894] QLogic Fibre Channel HBA Driver: 8.03.01-k6
[    4.708117] iscsi: registered transport (qla4xxx)
[    4.708236] QLogic iSCSI HBA Driver
[    4.708324] Emulex LightPulse Fibre Channel SCSI driver 8.3.4
[    4.708428] Copyright(c) 2004-2009 Emulex.  All rights reserved.
[    4.730412] Failed initialization of WD-7000 SCSI card!
[    4.819736] DC390: clustering now enabled by default. If you get problems load
[    4.819856]        with "disable_clustering=1" and report to maintainers
[    4.819995] megaraid cmm: 2.20.2.7 (Release Date: Sun Jul 16 00:01:03 EST 2006)
[    4.820147] megaraid: 2.20.5.1 (Release Date: Thu Nov 16 15:32:35 EST 2006)
[    4.820264] megasas: 00.00.04.01 Thu July 24 11:41:51 PST 2008
[    4.820405] GDT-HA: Storage RAID Controller Driver. Version: 3.05
[    4.820552] 3ware Storage Controller device driver for Linux v1.26.02.002.
[    4.820662] 3ware 9000 Storage Controller device driver for Linux v2.26.02.012.
[    4.820805] nsp32: loading...
[    4.820910] ipr: IBM Power RAID SCSI Device Driver version: 2.4.3 (June 10, 2009)
[    4.821053] RocketRAID 3xxx/4xxx Controller driver v1.6 (090910)
[    4.821170] stex: Promise SuperTrak EX Driver version: 4.6.0000.3
[    4.821303] st: Version 20081215, fixed bufsize 32768, s/g segs 256
[    4.821504] ahci 0000:00:1f.2: version 3.0
[    4.821516] ahci 0000:00:1f.2: PCI INT B -> GSI 16 (level, low) -> IRQ 16
[    4.821644] ahci 0000:00:1f.2: irq 29 for MSI/MSI-X
[    4.821701] ahci 0000:00:1f.2: AHCI 0001.0100 32 slots 3 ports 1.5 Gbps 0x5 impl SATA mode
[    4.821826] ahci 0000:00:1f.2: flags: 64bit ncq sntf pm led clo pio slum part ccc 
[    4.821952] ahci 0000:00:1f.2: setting latency timer to 64
[    4.822095] scsi2 : ahci
[    4.822256] scsi3 : ahci
[    4.822409] scsi4 : ahci
[    4.822575] ata1: SATA max UDMA/133 abar m2048@0xfe226000 port 0xfe226100 irq 29
[    4.822695] ata2: DUMMY
[    4.822786] ata3: SATA max UDMA/133 abar m2048@0xfe226000 port 0xfe226200 irq 29
[    4.823402] I2O subsystem v1.325
[    4.823490] i2o: max drivers = 8
[    4.823638] I2O Configuration OSM v1.323
[    4.823739] I2O Bus Adapter OSM v1.317
[    4.823841] I2O Block Device OSM v1.325
[    4.823987] I2O SCSI Peripheral OSM v1.316
[    4.824096] I2O ProcFS OSM v1.316
[    4.824202] Fusion MPT base driver 3.04.12
[    4.824291] Copyright (c) 1999-2008 LSI Corporation
[    4.824401] Fusion MPT SPI Host driver 3.04.12
[    4.824548] Fusion MPT FC Host driver 3.04.12
[    4.824668] Fusion MPT SAS Host driver 3.04.12
[    4.824817] ohci1394 0000:15:00.1: PCI INT B -> GSI 17 (level, low) -> IRQ 17
[    4.824916] ohci1394 0000:15:00.1: setting latency timer to 64
[    4.878420] ohci1394: fw-host0: OHCI-1394 1.1 (PCI): IRQ=[17]  MMIO=[f8301000-f83017ff]  Max Packet=[2048]  IR/IT contexts=[4/4]
[    4.880677] ehci_hcd: USB 2.0 'Enhanced' Host Controller (EHCI) Driver
[    4.880961] ehci_hcd 0000:00:1a.7: power state changed by ACPI to D0
[    4.881207] ehci_hcd 0000:00:1a.7: power state changed by ACPI to D0
[    4.881312] ehci_hcd 0000:00:1a.7: PCI INT C -> GSI 22 (level, low) -> IRQ 22
[    4.881413] ehci_hcd 0000:00:1a.7: setting latency timer to 64
[    4.881416] ehci_hcd 0000:00:1a.7: EHCI Host Controller
[    4.881558] ehci_hcd 0000:00:1a.7: new USB bus registered, assigned bus number 1
[    4.885609] ehci_hcd 0000:00:1a.7: cache line size of 32 is not supported
[    4.885618] ehci_hcd 0000:00:1a.7: irq 22, io mem 0xfe226c00
[    4.895378] ehci_hcd 0000:00:1a.7: USB 2.0 started, EHCI 1.00
[    4.895481] usb usb1: New USB device found, idVendor=1d6b, idProduct=0002
[    4.895589] usb usb1: New USB device strings: Mfr=3, Product=2, SerialNumber=1
[    4.895710] usb usb1: Product: EHCI Host Controller
[    4.895798] usb usb1: Manufacturer: Linux 2.6.32.57 ehci_hcd
[    4.895891] usb usb1: SerialNumber: 0000:00:1a.7
[    4.896032] usb usb1: configuration #1 chosen from 1 choice
[    4.896153] hub 1-0:1.0: USB hub found
[    4.896247] hub 1-0:1.0: 4 ports detected
[    4.896546] ehci_hcd 0000:00:1d.7: power state changed by ACPI to D0
[    4.896842] ehci_hcd 0000:00:1d.7: power state changed by ACPI to D0
[    4.896940] ehci_hcd 0000:00:1d.7: PCI INT D -> GSI 19 (level, low) -> IRQ 19
[    4.897039] ehci_hcd 0000:00:1d.7: setting latency timer to 64
[    4.897044] ehci_hcd 0000:00:1d.7: EHCI Host Controller
[    4.897174] ehci_hcd 0000:00:1d.7: new USB bus registered, assigned bus number 2
[    4.897328] ehci_hcd 0000:00:1d.7: debug port 1
[    4.901321] ehci_hcd 0000:00:1d.7: cache line size of 32 is not supported
[    4.901330] ehci_hcd 0000:00:1d.7: irq 19, io mem 0xfe227000
[    4.911377] ehci_hcd 0000:00:1d.7: USB 2.0 started, EHCI 1.00
[    4.911486] usb usb2: New USB device found, idVendor=1d6b, idProduct=0002
[    4.911576] usb usb2: New USB device strings: Mfr=3, Product=2, SerialNumber=1
[    4.911699] usb usb2: Product: EHCI Host Controller
[    4.911795] usb usb2: Manufacturer: Linux 2.6.32.57 ehci_hcd
[    4.911889] usb usb2: SerialNumber: 0000:00:1d.7
[    4.912037] usb usb2: configuration #1 chosen from 1 choice
[    4.912158] hub 2-0:1.0: USB hub found
[    4.912258] hub 2-0:1.0: 6 ports detected
[    4.912438] 116x: driver isp116x-hcd, 03 Nov 2005
[    4.912542] ohci_hcd: USB 1.1 'Open' Host Controller (OHCI) Driver
[    4.912659] uhci_hcd: USB Universal Host Controller Interface driver
[    4.912769] uhci_hcd 0000:00:1a.0: PCI INT A -> GSI 20 (level, low) -> IRQ 20
[    4.912868] uhci_hcd 0000:00:1a.0: setting latency timer to 64
[    4.912873] uhci_hcd 0000:00:1a.0: UHCI Host Controller
[    4.913008] uhci_hcd 0000:00:1a.0: new USB bus registered, assigned bus number 3
[    4.913161] uhci_hcd 0000:00:1a.0: irq 20, io base 0x00001860
[    4.913287] usb usb3: New USB device found, idVendor=1d6b, idProduct=0001
[    4.913385] usb usb3: New USB device strings: Mfr=3, Product=2, SerialNumber=1
[    4.913510] usb usb3: Product: UHCI Host Controller
[    4.913605] usb usb3: Manufacturer: Linux 2.6.32.57 uhci_hcd
[    4.913697] usb usb3: SerialNumber: 0000:00:1a.0
[    4.913841] usb usb3: configuration #1 chosen from 1 choice
[    4.913957] hub 3-0:1.0: USB hub found
[    4.914049] hub 3-0:1.0: 2 ports detected
[    4.914406] uhci_hcd 0000:00:1a.1: power state changed by ACPI to D0
[    4.914665] uhci_hcd 0000:00:1a.1: power state changed by ACPI to D0
[    4.914758] uhci_hcd 0000:00:1a.1: PCI INT B -> GSI 21 (level, low) -> IRQ 21
[    4.914854] uhci_hcd 0000:00:1a.1: setting latency timer to 64
[    4.914859] uhci_hcd 0000:00:1a.1: UHCI Host Controller
[    4.914991] uhci_hcd 0000:00:1a.1: new USB bus registered, assigned bus number 4
[    4.915144] uhci_hcd 0000:00:1a.1: irq 21, io base 0x00001880
[    4.915256] usb usb4: New USB device found, idVendor=1d6b, idProduct=0001
[    4.915349] usb usb4: New USB device strings: Mfr=3, Product=2, SerialNumber=1
[    4.915480] usb usb4: Product: UHCI Host Controller
[    4.915574] usb usb4: Manufacturer: Linux 2.6.32.57 uhci_hcd
[    4.915666] usb usb4: SerialNumber: 0000:00:1a.1
[    4.915806] usb usb4: configuration #1 chosen from 1 choice
[    4.915930] hub 4-0:1.0: USB hub found
[    4.916022] hub 4-0:1.0: 2 ports detected
[    4.916343] uhci_hcd 0000:00:1d.0: power state changed by ACPI to D0
[    4.916593] uhci_hcd 0000:00:1d.0: power state changed by ACPI to D0
[    4.916691] uhci_hcd 0000:00:1d.0: PCI INT A -> GSI 16 (level, low) -> IRQ 16
[    4.916794] uhci_hcd 0000:00:1d.0: setting latency timer to 64
[    4.916799] uhci_hcd 0000:00:1d.0: UHCI Host Controller
[    4.916933] uhci_hcd 0000:00:1d.0: new USB bus registered, assigned bus number 5
[    4.917092] uhci_hcd 0000:00:1d.0: irq 16, io base 0x000018a0
[    4.917214] usb usb5: New USB device found, idVendor=1d6b, idProduct=0001
[    4.917305] usb usb5: New USB device strings: Mfr=3, Product=2, SerialNumber=1
[    4.917434] usb usb5: Product: UHCI Host Controller
[    4.917528] usb usb5: Manufacturer: Linux 2.6.32.57 uhci_hcd
[    4.917618] usb usb5: SerialNumber: 0000:00:1d.0
[    4.917754] usb usb5: configuration #1 chosen from 1 choice
[    4.917871] hub 5-0:1.0: USB hub found
[    4.917962] hub 5-0:1.0: 2 ports detected
[    4.918105] uhci_hcd 0000:00:1d.1: PCI INT B -> GSI 17 (level, low) -> IRQ 17
[    4.918210] uhci_hcd 0000:00:1d.1: setting latency timer to 64
[    4.918213] uhci_hcd 0000:00:1d.1: UHCI Host Controller
[    4.918337] uhci_hcd 0000:00:1d.1: new USB bus registered, assigned bus number 6
[    4.918503] uhci_hcd 0000:00:1d.1: irq 17, io base 0x000018c0
[    4.918616] usb usb6: New USB device found, idVendor=1d6b, idProduct=0001
[    4.918710] usb usb6: New USB device strings: Mfr=3, Product=2, SerialNumber=1
[    4.918833] usb usb6: Product: UHCI Host Controller
[    4.918922] usb usb6: Manufacturer: Linux 2.6.32.57 uhci_hcd
[    4.919012] usb usb6: SerialNumber: 0000:00:1d.1
[    4.919150] usb usb6: configuration #1 chosen from 1 choice
[    4.919268] hub 6-0:1.0: USB hub found
[    4.919368] hub 6-0:1.0: 2 ports detected
[    4.919664] uhci_hcd 0000:00:1d.2: power state changed by ACPI to D0
[    4.919906] uhci_hcd 0000:00:1d.2: power state changed by ACPI to D0
[    4.920002] uhci_hcd 0000:00:1d.2: PCI INT C -> GSI 18 (level, low) -> IRQ 18
[    4.920094] uhci_hcd 0000:00:1d.2: setting latency timer to 64
[    4.920099] uhci_hcd 0000:00:1d.2: UHCI Host Controller
[    4.920227] uhci_hcd 0000:00:1d.2: new USB bus registered, assigned bus number 7
[    4.920388] uhci_hcd 0000:00:1d.2: irq 18, io base 0x000018e0
[    4.920503] usb usb7: New USB device found, idVendor=1d6b, idProduct=0001
[    4.920601] usb usb7: New USB device strings: Mfr=3, Product=2, SerialNumber=1
[    4.920725] usb usb7: Product: UHCI Host Controller
[    4.920815] usb usb7: Manufacturer: Linux 2.6.32.57 uhci_hcd
[    4.920912] usb usb7: SerialNumber: 0000:00:1d.2
[    4.921712] usb usb7: configuration #1 chosen from 1 choice
[    4.921830] hub 7-0:1.0: USB hub found
[    4.921921] hub 7-0:1.0: 2 ports detected
[    4.922080] sl811: driver sl811-hcd, 19 May 2005
[    4.922187] r8a66597_hcd: driver r8a66597_hcd, 2009-05-26
[    4.922355] Initializing USB Mass Storage driver...
[    4.922486] usbcore: registered new interface driver usb-storage
[    4.922573] USB Mass Storage support registered.
[    4.922678] usbcore: registered new interface driver ums-alauda
[    4.922786] usbcore: registered new interface driver ums-cypress
[    4.922897] usbcore: registered new interface driver ums-datafab
[    4.923004] usbcore: registered new interface driver ums-freecom
[    4.923114] usbcore: registered new interface driver ums-isd200
[    4.923226] usbcore: registered new interface driver ums-jumpshot
[    4.923336] usbcore: registered new interface driver ums-karma
[    4.923467] usbcore: registered new interface driver ums-onetouch
[    4.923578] usbcore: registered new interface driver ums-sddr09
[    4.923686] usbcore: registered new interface driver ums-sddr55
[    4.923800] usbcore: registered new interface driver ums-usbat
[    4.923954] PNP: PS/2 Controller [PNP0303:KBD,PNP0f13:MOU] at 0x60,0x64 irq 1,12
[    4.932008] serio: i8042 KBD port at 0x60,0x64 irq 1
[    4.932099] serio: i8042 AUX port at 0x60,0x64 irq 12
[    4.932344] mice: PS/2 mouse device common for all mice
[    4.932468] i2c /dev entries driver
[    4.932604] md: linear personality registered for level -1
[    4.932694] md: raid0 personality registered for level 0
[    4.932784] md: raid1 personality registered for level 1
[    4.932880] md: raid10 personality registered for level 10
[    4.932976] md: raid6 personality registered for level 6
[    4.933072] md: raid5 personality registered for level 5
[    4.933161] md: raid4 personality registered for level 4
[    4.933249] md: multipath personality registered for level -4
[    4.933463] device-mapper: ioctl: 4.15.0-ioctl (2009-04-01) initialised: dm-devel@redhat.com
[    4.933671] cpuidle: using governor ladder
[    4.934260] usbcore: registered new interface driver usbhid
[    4.934361] usbhid: v2.6:USB HID core driver
[    4.934518] random 0000 0000 0000 00000000 00000000: rand_read_num 4 get_random_bytes(136): sig 00000000 00000000 00000000
[    4.934521] random 0000 0000 0000 00000000 00000000: extract_entropy(.. 136 ..)
[    4.934523] random 0000 0000 0000 00000000 00000000: going to reseed nonblocking with 1024 bits (1088 of 0 requested)
[    4.934525] random 0000 0000 0000 00000000 00000000: extract_entropy(.. 128 ..)
[    4.934528] random 0000 0000 0000 00000000 00000000: trying to extract 1024 bits from input
[    4.934530] random 0000 0000 0000 00000000 00000000: debiting 0 entropy credits from input
[    4.934532] random 0000 0000 0000 00000000 00000000: extract_entropy account returned: 0 
[    4.934534] random 0000 0000 0000 00000000 00000000: urand_change_num 7 xfer_secondary_pool(136): pool_sig 00000000, data_sig 00000000, bytes_mixed 0 00000000 00000000
[    4.934538] random 0000 0000 0000 00000000 00000000: trying to extract 1088 bits from nonblocking
[    4.934540] random 0000 0000 0000 00000000 00000000: debiting 1088 entropy credits from nonblocking (unlimited)
[    4.934542] random 0000 0000 0000 00000000 00000000: extract_entropy account returned: 136 
[    4.934546] random 0000 0000 0000 00000000 00000000: urand_change_num 8 extract_buf: pool_sig 00000000, data_sig fffffff9, bytes_mixed 20 00000000 00000000
[    4.934552] random 0000 0000 0000 b7c35b56 be4dc95d: urand_change_num 9 extract_buf: pool_sig fffffd1e, data_sig 000000c5, bytes_mixed 20 b7c35b56 be4dc95d
[    4.934557] random 0000 0000 0000 ed9f5c47 c48487fb: urand_change_num 10 extract_buf: pool_sig fffff8ec, data_sig ffffff68, bytes_mixed 20 ed9f5c47 c48487fb
[    4.934562] random 0000 0000 0000 ed9f5c47 c48487fb: urand_change_num 11 extract_buf: pool_sig fffffaed, data_sig 000001aa, bytes_mixed 20 ed9f5c47 c48487fb
[    4.934567] random 0000 0000 0000 1b4f7c0a 91bd6a48: urand_change_num 12 extract_buf: pool_sig fffffdd8, data_sig 00000064, bytes_mixed 20 1b4f7c0a 91bd6a48
[    4.934573] random 0000 0000 0000 a254b9bc 20e9a24f: urand_change_num 13 extract_buf: pool_sig fffffbe6, data_sig 000001dd, bytes_mixed 20 a254b9bc 20e9a24f
[    4.934578] random 0000 0000 0000 a254b9bc 20e9a24f: urand_change_num 14 extract_buf: pool_sig fffff940, data_sig fffffe20, bytes_mixed 20 a254b9bc 20e9a24f
[    4.934583] random 0000 0000 0000 2831a66b 5fa2a3ad: urand_change_num 15 extract_buf: pool_sig fffffbce, data_sig 0000007e, bytes_mixed 20 2831a66b 5fa2a3ad
[    4.934588] random 0000 0000 0000 2831a66b 5fa2a3ad: urand_change_num 16 extract_buf: pool_sig 000004df, data_sig fffffe8f, bytes_mixed 20 2831a66b 5fa2a3ad
[    4.934593] random 0000 0000 0000 d4512bfd c9a54e0b: urand_change_num 17 extract_buf: pool_sig 00000485, data_sig fffffe68, bytes_mixed 20 d4512bfd c9a54e0b
[    4.934598] random 0000 0000 0000 c7371be6 f9ffea11: urand_change_num 18 extract_buf: pool_sig 00000095, data_sig ffffffed, bytes_mixed 20 c7371be6 f9ffea11
[    4.934604] random 0000 0000 0000 c7371be6 f9ffea11: urand_change_num 19 extract_buf: pool_sig 000003a7, data_sig fffffefa, bytes_mixed 20 c7371be6 f9ffea11
[    4.934609] random 0000 0000 0000 8fb4b62c d1ddba54: urand_change_num 20 extract_buf: pool_sig 00000179, data_sig ffffff78, bytes_mixed 20 8fb4b62c d1ddba54
[    4.934614] random 0000 0000 0000 9ff19f9c c07a1d2a: urand_change_num 21 extract_buf: pool_sig fffffe88, data_sig 00000126, bytes_mixed 20 9ff19f9c c07a1d2a
[    4.934618] TCP cubic registered
[    4.934705] Initializing XFRM netlink socket
[    4.934797] NET: Registered protocol family 17
[    4.934895] Using IPI Shortcut mode
[    4.934989] random 0000 0000 0000 9ff19f9c c07a1d2a: rand_read_num 5 get_random_bytes(8): sig 0000031b 9ff19f9c c07a1d2a
[    4.934991] random 0000 0000 0000 9ff19f9c c07a1d2a: extract_entropy(.. 8 ..)
[    4.934993] random 0000 0000 0000 9ff19f9c c07a1d2a: going to reseed nonblocking with 64 bits (64 of 0 requested)
[    4.934996] random 0000 0000 0000 9ff19f9c c07a1d2a: extract_entropy(.. 8 ..)
[    4.934998] random 0000 0000 0000 9ff19f9c c07a1d2a: trying to extract 64 bits from input
[    4.935000] random 0000 0000 0000 9ff19f9c c07a1d2a: debiting 0 entropy credits from input
[    4.935002] random 0000 0000 0000 9ff19f9c c07a1d2a: extract_entropy account returned: 0 
[    4.935005] random 0000 0000 0000 9ff19f9c c07a1d2a: urand_change_num 22 xfer_secondary_pool(8): pool_sig 0000031b, data_sig 00000000, bytes_mixed 0 9ff19f9c c07a1d2a
[    4.935007] random 0000 0000 0000 9ff19f9c c07a1d2a: trying to extract 64 bits from nonblocking
[    4.935010] random 0000 0000 0000 9ff19f9c c07a1d2a: debiting 64 entropy credits from nonblocking (unlimited)
[    4.935012] random 0000 0000 0000 9ff19f9c c07a1d2a: extract_entropy account returned: 8 
[    4.935016] random 0000 0000 0000 9ff19f9c c07a1d2a: urand_change_num 23 extract_buf: pool_sig 0000031b, data_sig ffffffb3, bytes_mixed 20 9ff19f9c c07a1d2a
[    4.937770] input: AT Translated Set 2 keyboard as /devices/platform/i8042/serio0/input/input1
[    5.127366] ata3: SATA link down (SStatus 0 SControl 300)
[    5.127478] ata1: SATA link up 1.5 Gbps (SStatus 113 SControl 300)
[    5.130314] ata1.00: ACPI cmd ef/02:00:00:00:00:a0 (SET FEATURES) succeeded
[    5.130317] ata1.00: ACPI cmd f5/00:00:00:00:00:a0 (SECURITY FREEZE LOCK) filtered out
[    5.131712] ata1.00: ACPI cmd ef/5f:00:00:00:00:a0 (SET FEATURES) succeeded
[    5.131714] ata1.00: ACPI cmd ef/10:03:00:00:00:a0 (SET FEATURES) filtered out
[    5.133622] ata1.00: ATA-7: ST910021AS, 4.06, max UDMA/100
[    5.133714] ata1.00: 195371568 sectors, multi 16: LBA48 
[    5.135858] ata1.00: ACPI cmd ef/02:00:00:00:00:a0 (SET FEATURES) succeeded
[    5.135861] ata1.00: ACPI cmd f5/00:00:00:00:00:a0 (SECURITY FREEZE LOCK) filtered out
[    5.137256] ata1.00: ACPI cmd ef/5f:00:00:00:00:a0 (SET FEATURES) succeeded
[    5.137258] ata1.00: ACPI cmd ef/10:03:00:00:00:a0 (SET FEATURES) filtered out
[    5.139179] ata1.00: configured for UDMA/100
[    5.149417] scsi 2:0:0:0: Direct-Access     ATA      ST910021AS       4.06 PQ: 0 ANSI: 5
[    5.149701] sd 2:0:0:0: [sda] 195371568 512-byte logical blocks: (100 GB/93.1 GiB)
[    5.149847] sd 2:0:0:0: [sda] Write Protect is off
[    5.149933] sd 2:0:0:0: [sda] Mode Sense: 00 3a 00 00
[    5.149945] sd 2:0:0:0: [sda] Write cache: enabled, read cache: enabled, doesn't support DPO or FUA
[    5.150135]  sda:
[    5.213348] usb 2-1: new high speed USB device using ehci_hcd and address 2
[    5.362951] usb 2-1: New USB device found, idVendor=0e8d, idProduct=1806
[    5.363044] usb 2-1: New USB device strings: Mfr=1, Product=2, SerialNumber=3
[    5.363131] usb 2-1: Product: MT1806 
[    5.363215] usb 2-1: Manufacturer: MediaTek Inc
[    5.363304] usb 2-1: SerialNumber: R8KN6GAC800AEB 
[    5.363444] usb 2-1: configuration #1 chosen from 1 choice
[    5.369743] scsi5 : SCSI emulation for USB Mass Storage devices
[    5.369916] usb-storage: device found at 2
[    5.369918] usb-storage: waiting for device to settle before scanning
[    5.572626]  sda1 sda2
[    5.573351] sd 2:0:0:0: [sda] Attached SCSI disk
[    5.573444] random 0000 0000 0000 277f73c3 42024bb9: rand_read_num 6 get_random_bytes(12): sig 000007e9 277f73c3 42024bb9
[    5.573446] random 0000 0000 0000 277f73c3 42024bb9: extract_entropy(.. 12 ..)
[    5.573449] random 0000 0000 0000 277f73c3 42024bb9: going to reseed nonblocking with 96 bits (96 of 0 requested)
[    5.573451] random 0000 0000 0000 277f73c3 42024bb9: extract_entropy(.. 12 ..)
[    5.573453] random 0000 0000 0000 277f73c3 42024bb9: trying to extract 96 bits from input
[    5.573455] random 0000 0000 0000 277f73c3 42024bb9: debiting 0 entropy credits from input
[    5.573457] random 0000 0000 0000 277f73c3 42024bb9: extract_entropy account returned: 0 
[    5.573460] random 0000 0000 0000 277f73c3 42024bb9: urand_change_num 24 xfer_secondary_pool(12): pool_sig 000007e9, data_sig 00000000, bytes_mixed 0 277f73c3 42024bb9
[    5.573463] random 0000 0000 0000 277f73c3 42024bb9: trying to extract 96 bits from nonblocking
[    5.573465] random 0000 0000 0000 277f73c3 42024bb9: debiting 96 entropy credits from nonblocking (unlimited)
[    5.573467] random 0000 0000 0000 277f73c3 42024bb9: extract_entropy account returned: 12 
[    5.573471] random 0000 0000 0000 277f73c3 42024bb9: urand_change_num 25 extract_buf: pool_sig 000007e9, data_sig 00000088, bytes_mixed 20 277f73c3 42024bb9
[    5.573477] random 0000 0000 0000 277f73c3 42024bb9: urand_change_num 26 extract_buf: pool_sig 00000498, data_sig fffffefb, bytes_mixed 20 277f73c3 42024bb9
[    5.573480] RANDOM - __seed init called.
[    5.573481] RANDOM - __seed init called.
[    5.573482] RANDOM - __seed init called.
[    5.573484] RANDOM - __random32 called. Change num 12.  Value: 87f14767	f0d7351	b1e48bd3
[    5.573485] RANDOM - random32_reseed called.  Value: 87f14767	f0d7351	b1e48bd3
[    5.573488] Pid: 1, comm: swapper Not tainted 2.6.32.57 #3
[    5.573587] Call Trace:
[    5.573676]  [<c1923ca4>] ? random32_reseed+0xa0/0xb1
[    5.573772]  [<c1923c04>] ? random32_reseed+0x0/0xb1
[    5.573869]  [<c100111e>] ? do_one_initcall+0x2e/0x180
[    5.573961]  [<c1907265>] ? kernel_init+0xad/0x103
[    5.574052]  [<c19071b8>] ? kernel_init+0x0/0x103
[    5.574143]  [<c1003787>] ? kernel_thread_helper+0x7/0x10
[    5.574680] random 0000 0000 0000 386b4e60 ee4d4880: rand_read_num 7 get_random_bytes(64): sig fffffea5 386b4e60 ee4d4880
[    5.574682] random 0000 0000 0000 386b4e60 ee4d4880: extract_entropy(.. 64 ..)
[    5.574684] random 0000 0000 0000 386b4e60 ee4d4880: going to reseed nonblocking with 512 bits (512 of 0 requested)
[    5.574686] random 0000 0000 0000 386b4e60 ee4d4880: extract_entropy(.. 64 ..)
[    5.574688] random 0000 0000 0000 386b4e60 ee4d4880: trying to extract 512 bits from input
[    5.574690] random 0000 0000 0000 386b4e60 ee4d4880: debiting 0 entropy credits from input
[    5.574692] random 0000 0000 0000 386b4e60 ee4d4880: extract_entropy account returned: 0 
[    5.574696] random 0000 0000 0000 386b4e60 ee4d4880: urand_change_num 27 xfer_secondary_pool(64): pool_sig fffffea5, data_sig 00000000, bytes_mixed 0 386b4e60 ee4d4880
[    5.574698] random 0000 0000 0000 386b4e60 ee4d4880: trying to extract 512 bits from nonblocking
[    5.574701] random 0000 0000 0000 386b4e60 ee4d4880: debiting 512 entropy credits from nonblocking (unlimited)
[    5.574703] random 0000 0000 0000 386b4e60 ee4d4880: extract_entropy account returned: 64 
[    5.574707] random 0000 0000 0000 386b4e60 ee4d4880: urand_change_num 28 extract_buf: pool_sig fffffea5, data_sig 00000173, bytes_mixed 20 386b4e60 ee4d4880
[    5.574712] random 0000 0000 0000 412698f6 0cc8689a: urand_change_num 29 extract_buf: pool_sig 00000122, data_sig ffffff63, bytes_mixed 20 412698f6 0cc8689a
[    5.574718] random 0000 0000 0000 412698f6 0cc8689a: urand_change_num 30 extract_buf: pool_sig 000001f7, data_sig 00000012, bytes_mixed 20 412698f6 0cc8689a
[    5.574723] random 0000 0000 0000 9669941e 06f768b1: urand_change_num 31 extract_buf: pool_sig fffffb5b, data_sig 0000003f, bytes_mixed 20 9669941e 06f768b1
[    5.574728] random 0000 0000 0000 98486520 995551f0: urand_change_num 32 extract_buf: pool_sig fffffb39, data_sig 0000000e, bytes_mixed 20 98486520 995551f0
[    5.574733] random 0000 0000 0000 98486520 995551f0: urand_change_num 33 extract_buf: pool_sig fffffd8d, data_sig 000001a6, bytes_mixed 20 98486520 995551f0
[    5.574738] random 0000 0000 0000 61fc8914 d5882ed2: urand_change_num 34 extract_buf: pool_sig fffffa58, data_sig 0000023e, bytes_mixed 20 61fc8914 d5882ed2
[    5.574768] random 0000 0000 0000 61fc8914 d5882ed2: rand_read_num 8 get_random_bytes(64): sig fffff9ee 61fc8914 d5882ed2
[    5.574770] random 0000 0000 0000 61fc8914 d5882ed2: extract_entropy(.. 64 ..)
[    5.574772] random 0000 0000 0000 61fc8914 d5882ed2: going to reseed nonblocking with 512 bits (512 of 0 requested)
[    5.574774] random 0000 0000 0000 61fc8914 d5882ed2: extract_entropy(.. 64 ..)
[    5.574776] random 0000 0000 0000 61fc8914 d5882ed2: trying to extract 512 bits from input
[    5.574778] random 0000 0000 0000 61fc8914 d5882ed2: debiting 0 entropy credits from input
[    5.574780] random 0000 0000 0000 61fc8914 d5882ed2: extract_entropy account returned: 0 
[    5.574783] random 0000 0000 0000 61fc8914 d5882ed2: urand_change_num 35 xfer_secondary_pool(64): pool_sig fffff9ee, data_sig 00000000, bytes_mixed 0 61fc8914 d5882ed2
[    5.574786] random 0000 0000 0000 61fc8914 d5882ed2: trying to extract 512 bits from nonblocking
[    5.574788] random 0000 0000 0000 61fc8914 d5882ed2: debiting 512 entropy credits from nonblocking (unlimited)
[    5.574791] random 0000 0000 0000 61fc8914 d5882ed2: extract_entropy account returned: 64 
[    5.574795] random 0000 0000 0000 61fc8914 d5882ed2: urand_change_num 36 extract_buf: pool_sig fffff9ee, data_sig ffffff85, bytes_mixed 20 61fc8914 d5882ed2
[    5.574800] random 0000 0000 0000 70cfd302 e5edec11: urand_change_num 37 extract_buf: pool_sig fffffdc1, data_sig ffffffde, bytes_mixed 20 70cfd302 e5edec11
[    5.574805] random 0000 0000 0000 00dab838 eafd2b30: urand_change_num 38 extract_buf: pool_sig 000003da, data_sig ffffff61, bytes_mixed 20 00dab838 eafd2b30
[    5.574810] random 0000 0000 0000 00dab838 eafd2b30: urand_change_num 39 extract_buf: pool_sig 00000314, data_sig 00000121, bytes_mixed 20 00dab838 eafd2b30
[    5.574815] random 0000 0000 0000 5fcdf66a 6442b608: urand_change_num 40 extract_buf: pool_sig 0000028b, data_sig fffffefd, bytes_mixed 20 5fcdf66a 6442b608
[    5.574821] random 0000 0000 0000 61333f6b 8fae0f9b: urand_change_num 41 extract_buf: pool_sig 000000cb, data_sig 000000b3, bytes_mixed 20 61333f6b 8fae0f9b
[    5.574826] random 0000 0000 0000 61333f6b 8fae0f9b: urand_change_num 42 extract_buf: pool_sig fffffef8, data_sig 00000051, bytes_mixed 20 61333f6b 8fae0f9b
[    5.574828] BEGIN NET_SECRET:
[    5.574829] \xffffffe0
[    5.574830] \xffffffb6
[    5.574831] \x36
[    5.574832] \xffffffb5
[    5.574833] \xffffff94
[    5.574834] \xffffffb2
[    5.574834] \xffffffa8
[    5.574835] \xffffffda
[    5.574836] \x5b
[    5.574837] \x19
[    5.574837] \x18
[    5.574838] \x5c
[    5.574839] \x2b
[    5.574840] \x1
[    5.574840] \xffffff90
[    5.574841] \x19
[    5.574842] \x3c
[    5.574843] \xfffffff2
[    5.574843] \xffffff82
[    5.574844] \x2a
[    5.574845] \xffffffb3
[    5.574846] \xffffffa2
[    5.574847] \x3f
[    5.574847] \x5
[    5.574848] \x52
[    5.574849] \x77
[    5.574849] \x57
[    5.574850] \x79
[    5.574851] \x16
[    5.574851] \x43
[    5.574852] \xffffff84
[    5.574853] \xffffffc3
[    5.574854] \xffffffe9
[    5.574855] \x79
[    5.574855] \x50
[    5.574856] \xffffff8e
[    5.574857] \x3f
[    5.574858] \xfffffff3
[    5.574858] \x19
[    5.574859] \x2a
[    5.574860] \xfffffffd
[    5.574860] \xfffffffb
[    5.574861] \x62
[    5.574862] \x3c
[    5.574863] \xffffffac
[    5.574863] \x1c
[    5.574864] \x3b
[    5.574865] \x3b
[    5.574866] \x15
[    5.574866] \x27
[    5.574867] \xffffffa8
[    5.574868] \x22
[    5.574869] \xffffffc5
[    5.574869] \xffffff9a
[    5.574870] \x5
[    5.574871] \x6c
[    5.574872] \xffffffa8
[    5.574872] \x3a
[    5.574873] \x44
[    5.574874] \xffffffaf
[    5.574875] \x13
[    5.574875] \xffffffe0
[    5.574876] \xffffff9d
[    5.574877] \x22
[    5.574878] 
[    5.574878] END NET_SECRET
[    5.574881] random 0000 0000 0000 e7f555d9 e8ce5c3c: rand_read_num 9 get_random_bytes(4): sig 0000068c e7f555d9 e8ce5c3c
[    5.574883] random 0000 0000 0000 e7f555d9 e8ce5c3c: extract_entropy(.. 4 ..)
[    5.574886] random 0000 0000 0000 e7f555d9 e8ce5c3c: going to reseed nonblocking with 64 bits (32 of 0 requested)
[    5.574888] random 0000 0000 0000 e7f555d9 e8ce5c3c: extract_entropy(.. 8 ..)
[    5.574890] random 0000 0000 0000 e7f555d9 e8ce5c3c: trying to extract 64 bits from input
[    5.574892] random 0000 0000 0000 e7f555d9 e8ce5c3c: debiting 0 entropy credits from input
[    5.574894] random 0000 0000 0000 e7f555d9 e8ce5c3c: extract_entropy account returned: 0 
[    5.574897] random 0000 0000 0000 e7f555d9 e8ce5c3c: urand_change_num 43 xfer_secondary_pool(4): pool_sig 0000068c, data_sig 00000000, bytes_mixed 0 e7f555d9 e8ce5c3c
[    5.574899] random 0000 0000 0000 e7f555d9 e8ce5c3c: trying to extract 32 bits from nonblocking
[    5.574902] random 0000 0000 0000 e7f555d9 e8ce5c3c: debiting 32 entropy credits from nonblocking (unlimited)
[    5.574904] random 0000 0000 0000 e7f555d9 e8ce5c3c: extract_entropy account returned: 4 
[    5.574908] random 0000 0000 0000 e7f555d9 e8ce5c3c: urand_change_num 44 extract_buf: pool_sig 0000068c, data_sig fffffdcb, bytes_mixed 20 e7f555d9 e8ce5c3c
[    5.574919] md: Waiting for all devices to be available before autodetect
[    5.575011] md: If you don't use raid, use raid=noautodetect
[    5.575176] md: Autodetecting RAID arrays.
[    5.575261] md: Scanned 0 and added 0 devices.
[    5.575353] md: autorun ...
[    5.575449] md: ... autorun DONE.
[    5.590072] EXT3-fs: sda2: couldn't mount because of unsupported optional features (240).
[    5.590305] EXT2-fs: sda2: couldn't mount because of unsupported optional features (240).
[    5.591578] random 0000 0000 0000 e7f555d9 e8ce5c3c: rand_read_num 10 get_random_bytes(4): sig ffffff72 e7f555d9 e8ce5c3c
[    5.591580] random 0000 0000 0000 e7f555d9 e8ce5c3c: extract_entropy(.. 4 ..)
[    5.591583] random 0000 0000 0000 e7f555d9 e8ce5c3c: going to reseed nonblocking with 64 bits (32 of 0 requested)
[    5.591585] random 0000 0000 0000 e7f555d9 e8ce5c3c: extract_entropy(.. 8 ..)
[    5.591587] random 0000 0000 0000 e7f555d9 e8ce5c3c: trying to extract 64 bits from input
[    5.591589] random 0000 0000 0000 e7f555d9 e8ce5c3c: debiting 0 entropy credits from input
[    5.591591] random 0000 0000 0000 e7f555d9 e8ce5c3c: extract_entropy account returned: 0 
[    5.591594] random 0000 0000 0000 e7f555d9 e8ce5c3c: urand_change_num 45 xfer_secondary_pool(4): pool_sig ffffff72, data_sig 00000000, bytes_mixed 0 e7f555d9 e8ce5c3c
[    5.591597] random 0000 0000 0000 e7f555d9 e8ce5c3c: trying to extract 32 bits from nonblocking
[    5.591599] random 0000 0000 0000 e7f555d9 e8ce5c3c: debiting 32 entropy credits from nonblocking (unlimited)
[    5.591602] random 0000 0000 0000 e7f555d9 e8ce5c3c: extract_entropy account returned: 4 
[    5.591606] random 0000 0000 0000 e7f555d9 e8ce5c3c: urand_change_num 46 extract_buf: pool_sig ffffff72, data_sig ffffff72, bytes_mixed 20 e7f555d9 e8ce5c3c
[    5.626756] EXT4-fs (sda2): mounted filesystem with ordered data mode
[    5.626957] VFS: Mounted root (ext4 filesystem) readonly on device 8:2.
[    5.627066] Freeing unused kernel memory: 448k freed
[    5.697367] random 0000 0000 0000 91716c54 eeb6a1e7: rand_read_num 11 get_random_bytes(16): sig fffffcad 91716c54 eeb6a1e7
[    5.697370] random 0000 0000 0000 91716c54 eeb6a1e7: extract_entropy(.. 16 ..)
[    5.697372] random 0000 0000 0000 91716c54 eeb6a1e7: going to reseed nonblocking with 128 bits (128 of 0 requested)
[    5.697375] random 0000 0000 0000 91716c54 eeb6a1e7: extract_entropy(.. 16 ..)
[    5.697377] random 0000 0000 0000 91716c54 eeb6a1e7: trying to extract 128 bits from input
[    5.697379] random 0000 0000 0000 91716c54 eeb6a1e7: debiting 0 entropy credits from input
[    5.697381] random 0000 0000 0000 91716c54 eeb6a1e7: extract_entropy account returned: 0 
[    5.697384] random 0000 0000 0000 91716c54 eeb6a1e7: urand_change_num 47 xfer_secondary_pool(16): pool_sig fffffcad, data_sig 00000000, bytes_mixed 0 91716c54 eeb6a1e7
[    5.697387] random 0000 0000 0000 91716c54 eeb6a1e7: trying to extract 128 bits from nonblocking
[    5.697389] random 0000 0000 0000 91716c54 eeb6a1e7: debiting 128 entropy credits from nonblocking (unlimited)
[    5.697391] random 0000 0000 0000 91716c54 eeb6a1e7: extract_entropy account returned: 16 
[    5.697395] random 0000 0000 0000 91716c54 eeb6a1e7: urand_change_num 48 extract_buf: pool_sig fffffcad, data_sig ffffff19, bytes_mixed 20 91716c54 eeb6a1e7
[    5.697400] random 0000 0000 0000 fd637b06 6cf47bc1: urand_change_num 49 extract_buf: pool_sig fffffede, data_sig ffffffc1, bytes_mixed 20 fd637b06 6cf47bc1
[    5.775793] random 0000 0000 0000 fd637b06 6cf47bc1: rand_read_num 12 get_random_bytes(16): sig 0000033b fd637b06 6cf47bc1
[    5.775795] random 0000 0000 0000 fd637b06 6cf47bc1: extract_entropy(.. 16 ..)
[    5.775798] random 0000 0000 0000 fd637b06 6cf47bc1: going to reseed nonblocking with 128 bits (128 of 0 requested)
[    5.775800] random 0000 0000 0000 fd637b06 6cf47bc1: extract_entropy(.. 16 ..)
[    5.775802] random 0000 0000 0000 fd637b06 6cf47bc1: trying to extract 128 bits from input
[    5.775805] random 0000 0000 0000 fd637b06 6cf47bc1: debiting 0 entropy credits from input
[    5.775807] random 0000 0000 0000 fd637b06 6cf47bc1: extract_entropy account returned: 0 
[    5.775810] random 0000 0000 0000 fd637b06 6cf47bc1: urand_change_num 50 xfer_secondary_pool(16): pool_sig 0000033b, data_sig 00000000, bytes_mixed 0 fd637b06 6cf47bc1
[    5.775812] random 0000 0000 0000 fd637b06 6cf47bc1: trying to extract 128 bits from nonblocking
[    5.775815] random 0000 0000 0000 fd637b06 6cf47bc1: debiting 128 entropy credits from nonblocking (unlimited)
[    5.775817] random 0000 0000 0000 fd637b06 6cf47bc1: extract_entropy account returned: 16 
[    5.775821] random 0000 0000 0000 fd637b06 6cf47bc1: urand_change_num 51 extract_buf: pool_sig 0000033b, data_sig 000000d8, bytes_mixed 20 fd637b06 6cf47bc1
[    5.775827] random 0000 0000 0000 0ec1f012 d4727ca8: urand_change_num 52 extract_buf: pool_sig fffffcf5, data_sig 00000016, bytes_mixed 20 0ec1f012 d4727ca8
[    6.138998] ieee1394: Host added: ID:BUS[0-00:1023]  GUID[00061b032a25f51c]
[    6.149687] random 0000 0000 0000 45b1d0b1 845a73f7: rand_read_num 13 get_random_bytes(16): sig 00000116 45b1d0b1 845a73f7
[    6.149690] random 0000 0000 0000 45b1d0b1 845a73f7: extract_entropy(.. 16 ..)
[    6.149692] random 0000 0000 0000 45b1d0b1 845a73f7: going to reseed nonblocking with 128 bits (128 of 0 requested)
[    6.149695] random 0000 0000 0000 45b1d0b1 845a73f7: extract_entropy(.. 16 ..)
[    6.149697] random 0000 0000 0000 45b1d0b1 845a73f7: trying to extract 128 bits from input
[    6.149699] random 0000 0000 0000 45b1d0b1 845a73f7: debiting 0 entropy credits from input
[    6.149701] random 0000 0000 0000 45b1d0b1 845a73f7: extract_entropy account returned: 0 
[    6.149704] random 0000 0000 0000 45b1d0b1 845a73f7: urand_change_num 53 xfer_secondary_pool(16): pool_sig 00000116, data_sig 00000000, bytes_mixed 0 45b1d0b1 845a73f7
[    6.149707] random 0000 0000 0000 45b1d0b1 845a73f7: trying to extract 128 bits from nonblocking
[    6.149709] random 0000 0000 0000 45b1d0b1 845a73f7: debiting 128 entropy credits from nonblocking (unlimited)
[    6.149711] random 0000 0000 0000 45b1d0b1 845a73f7: extract_entropy account returned: 16 
[    6.149715] random 0000 0000 0000 45b1d0b1 845a73f7: urand_change_num 54 extract_buf: pool_sig 00000116, data_sig fffffd8b, bytes_mixed 20 45b1d0b1 845a73f7
[    6.149721] random 0000 0000 0000 45b1d0b1 845a73f7: urand_change_num 55 extract_buf: pool_sig fffffc05, data_sig 00000109, bytes_mixed 20 45b1d0b1 845a73f7
[    6.202180] random 0000 0000 0000 5012cce3 b8a30621: rand_read_num 14 get_random_bytes(16): sig fffffb93 5012cce3 b8a30621
[    6.202183] random 0000 0000 0000 5012cce3 b8a30621: extract_entropy(.. 16 ..)
[    6.202186] random 0000 0000 0000 5012cce3 b8a30621: going to reseed nonblocking with 128 bits (128 of 0 requested)
[    6.202188] random 0000 0000 0000 5012cce3 b8a30621: extract_entropy(.. 16 ..)
[    6.202190] random 0000 0000 0000 5012cce3 b8a30621: trying to extract 128 bits from input
[    6.202192] random 0000 0000 0000 5012cce3 b8a30621: debiting 0 entropy credits from input
[    6.202194] random 0000 0000 0000 5012cce3 b8a30621: extract_entropy account returned: 0 
[    6.202197] random 0000 0000 0000 5012cce3 b8a30621: urand_change_num 56 xfer_secondary_pool(16): pool_sig fffffb93, data_sig 00000000, bytes_mixed 0 5012cce3 b8a30621
[    6.202200] random 0000 0000 0000 5012cce3 b8a30621: trying to extract 128 bits from nonblocking
[    6.202202] random 0000 0000 0000 5012cce3 b8a30621: debiting 128 entropy credits from nonblocking (unlimited)
[    6.202205] random 0000 0000 0000 5012cce3 b8a30621: extract_entropy account returned: 16 
[    6.202209] random 0000 0000 0000 5012cce3 b8a30621: urand_change_num 57 extract_buf: pool_sig fffffb93, data_sig ffffff35, bytes_mixed 20 5012cce3 b8a30621
[    6.202214] random 0000 0000 0000 5012cce3 b8a30621: urand_change_num 58 extract_buf: pool_sig fffffb9d, data_sig ffffff92, bytes_mixed 20 5012cce3 b8a30621
[    6.203582] random 0000 0000 0000 30a5721d 4b648ff6: rand_read_num 15 get_random_bytes(16): sig fffffeb5 30a5721d 4b648ff6
[    6.203585] random 0000 0000 0000 30a5721d 4b648ff6: extract_entropy(.. 16 ..)
[    6.203587] random 0000 0000 0000 30a5721d 4b648ff6: going to reseed nonblocking with 128 bits (128 of 0 requested)
[    6.203590] random 0000 0000 0000 30a5721d 4b648ff6: extract_entropy(.. 16 ..)
[    6.203592] random 0000 0000 0000 30a5721d 4b648ff6: trying to extract 128 bits from input
[    6.203594] random 0000 0000 0000 30a5721d 4b648ff6: debiting 0 entropy credits from input
[    6.203596] random 0000 0000 0000 30a5721d 4b648ff6: extract_entropy account returned: 0 
[    6.203599] random 0000 0000 0000 30a5721d 4b648ff6: urand_change_num 59 xfer_secondary_pool(16): pool_sig fffffeb5, data_sig 00000000, bytes_mixed 0 30a5721d 4b648ff6
[    6.203602] random 0000 0000 0000 30a5721d 4b648ff6: trying to extract 128 bits from nonblocking
[    6.203604] random 0000 0000 0000 30a5721d 4b648ff6: debiting 128 entropy credits from nonblocking (unlimited)
[    6.203606] random 0000 0000 0000 30a5721d 4b648ff6: extract_entropy account returned: 16 
[    6.203610] random 0000 0000 0000 30a5721d 4b648ff6: urand_change_num 60 extract_buf: pool_sig fffffeb5, data_sig 000000c2, bytes_mixed 20 30a5721d 4b648ff6
[    6.203616] random 0000 0000 0000 89bae1ab 704c432f: urand_change_num 61 extract_buf: pool_sig 0000006e, data_sig fffffefc, bytes_mixed 20 89bae1ab 704c432f
[    6.204159] random 0000 0000 0000 89bae1ab 704c432f: rand_read_num 16 get_random_bytes(16): sig fffffd99 89bae1ab 704c432f
[    6.204162] random 0000 0000 0000 89bae1ab 704c432f: extract_entropy(.. 16 ..)
[    6.204165] random 0000 0000 0000 89bae1ab 704c432f: going to reseed nonblocking with 128 bits (128 of 0 requested)
[    6.204167] random 0000 0000 0000 89bae1ab 704c432f: extract_entropy(.. 16 ..)
[    6.204169] random 0000 0000 0000 89bae1ab 704c432f: trying to extract 128 bits from input
[    6.204171] random 0000 0000 0000 89bae1ab 704c432f: debiting 0 entropy credits from input
[    6.204173] random 0000 0000 0000 89bae1ab 704c432f: extract_entropy account returned: 0 
[    6.204176] random 0000 0000 0000 89bae1ab 704c432f: urand_change_num 62 xfer_secondary_pool(16): pool_sig fffffd99, data_sig 00000000, bytes_mixed 0 89bae1ab 704c432f
[    6.204179] random 0000 0000 0000 89bae1ab 704c432f: trying to extract 128 bits from nonblocking
[    6.204182] random 0000 0000 0000 89bae1ab 704c432f: debiting 128 entropy credits from nonblocking (unlimited)
[    6.204184] random 0000 0000 0000 89bae1ab 704c432f: extract_entropy account returned: 16 
[    6.204188] random 0000 0000 0000 89bae1ab 704c432f: urand_change_num 63 extract_buf: pool_sig fffffd99, data_sig 00000204, bytes_mixed 20 89bae1ab 704c432f
[    6.204193] random 0000 0000 0000 6c298a02 2b1539f8: urand_change_num 64 extract_buf: pool_sig 00000124, data_sig fffffff5, bytes_mixed 20 6c298a02 2b1539f8
[    6.205088] random 0000 0000 0000 c77b8b35 70f6cab5: rand_read_num 17 get_random_bytes(16): sig 0000036b c77b8b35 70f6cab5
[    6.205091] random 0000 0000 0000 c77b8b35 70f6cab5: extract_entropy(.. 16 ..)
[    6.205093] random 0000 0000 0000 c77b8b35 70f6cab5: going to reseed nonblocking with 128 bits (128 of 0 requested)
[    6.205096] random 0000 0000 0000 c77b8b35 70f6cab5: extract_entropy(.. 16 ..)
[    6.205098] random 0000 0000 0000 c77b8b35 70f6cab5: trying to extract 128 bits from input
[    6.205100] random 0000 0000 0000 c77b8b35 70f6cab5: debiting 0 entropy credits from input
[    6.205102] random 0000 0000 0000 c77b8b35 70f6cab5: extract_entropy account returned: 0 
[    6.205105] random 0000 0000 0000 c77b8b35 70f6cab5: urand_change_num 65 xfer_secondary_pool(16): pool_sig 0000036b, data_sig 00000000, bytes_mixed 0 c77b8b35 70f6cab5
[    6.205108] random 0000 0000 0000 c77b8b35 70f6cab5: trying to extract 128 bits from nonblocking
[    6.205110] random 0000 0000 0000 c77b8b35 70f6cab5: debiting 128 entropy credits from nonblocking (unlimited)
[    6.205113] random 0000 0000 0000 c77b8b35 70f6cab5: extract_entropy account returned: 16 
[    6.205117] random 0000 0000 0000 c77b8b35 70f6cab5: urand_change_num 66 extract_buf: pool_sig 0000036b, data_sig 0000005f, bytes_mixed 20 c77b8b35 70f6cab5
[    6.205122] random 0000 0000 0000 c77b8b35 70f6cab5: urand_change_num 67 extract_buf: pool_sig ffffff1c, data_sig 0000005a, bytes_mixed 20 c77b8b35 70f6cab5
[    6.205714] random 0000 0000 0000 af21d212 57d20ca3: rand_read_num 18 get_random_bytes(16): sig fffffb7f af21d212 57d20ca3
[    6.205717] random 0000 0000 0000 af21d212 57d20ca3: extract_entropy(.. 16 ..)
[    6.205720] random 0000 0000 0000 af21d212 57d20ca3: going to reseed nonblocking with 128 bits (128 of 0 requested)
[    6.205722] random 0000 0000 0000 af21d212 57d20ca3: extract_entropy(.. 16 ..)
[    6.205724] random 0000 0000 0000 af21d212 57d20ca3: trying to extract 128 bits from input
[    6.205726] random 0000 0000 0000 af21d212 57d20ca3: debiting 0 entropy credits from input
[    6.205728] random 0000 0000 0000 af21d212 57d20ca3: extract_entropy account returned: 0 
[    6.205731] random 0000 0000 0000 af21d212 57d20ca3: urand_change_num 68 xfer_secondary_pool(16): pool_sig fffffb7f, data_sig 00000000, bytes_mixed 0 af21d212 57d20ca3
[    6.205734] random 0000 0000 0000 af21d212 57d20ca3: trying to extract 128 bits from nonblocking
[    6.205737] random 0000 0000 0000 af21d212 57d20ca3: debiting 128 entropy credits from nonblocking (unlimited)
[    6.205739] random 0000 0000 0000 af21d212 57d20ca3: extract_entropy account returned: 16 
[    6.205743] random 0000 0000 0000 af21d212 57d20ca3: urand_change_num 69 extract_buf: pool_sig fffffb7f, data_sig ffffff88, bytes_mixed 20 af21d212 57d20ca3
[    6.205748] random 0000 0000 0000 af21d212 57d20ca3: urand_change_num 70 extract_buf: pool_sig fffffe1d, data_sig ffffff17, bytes_mixed 20 af21d212 57d20ca3
[    6.206339] random 0000 0000 0000 ffbd26fd 21933274: rand_read_num 19 get_random_bytes(16): sig ffffffc7 ffbd26fd 21933274
[    6.206342] random 0000 0000 0000 ffbd26fd 21933274: extract_entropy(.. 16 ..)
[    6.206345] random 0000 0000 0000 ffbd26fd 21933274: going to reseed nonblocking with 128 bits (128 of 0 requested)
[    6.206347] random 0000 0000 0000 ffbd26fd 21933274: extract_entropy(.. 16 ..)
[    6.206349] random 0000 0000 0000 ffbd26fd 21933274: trying to extract 128 bits from input
[    6.206351] random 0000 0000 0000 ffbd26fd 21933274: debiting 0 entropy credits from input
[    6.206353] random 0000 0000 0000 ffbd26fd 21933274: extract_entropy account returned: 0 
[    6.206356] random 0000 0000 0000 ffbd26fd 21933274: urand_change_num 71 xfer_secondary_pool(16): pool_sig ffffffc7, data_sig 00000000, bytes_mixed 0 ffbd26fd 21933274
[    6.206359] random 0000 0000 0000 ffbd26fd 21933274: trying to extract 128 bits from nonblocking
[    6.206361] random 0000 0000 0000 ffbd26fd 21933274: debiting 128 entropy credits from nonblocking (unlimited)
[    6.206363] random 0000 0000 0000 ffbd26fd 21933274: extract_entropy account returned: 16 
[    6.206367] random 0000 0000 0000 ffbd26fd 21933274: urand_change_num 72 extract_buf: pool_sig ffffffc7, data_sig 0000013b, bytes_mixed 20 ffbd26fd 21933274
[    6.206373] random 0000 0000 0000 151530a2 56c65dd3: urand_change_num 73 extract_buf: pool_sig ffffffbf, data_sig 00000036, bytes_mixed 20 151530a2 56c65dd3
[    6.206921] random 0000 0000 0000 151530a2 56c65dd3: rand_read_num 20 get_random_bytes(16): sig 000001a7 151530a2 56c65dd3
[    6.206924] random 0000 0000 0000 151530a2 56c65dd3: extract_entropy(.. 16 ..)
[    6.206926] random 0000 0000 0000 151530a2 56c65dd3: going to reseed nonblocking with 128 bits (128 of 0 requested)
[    6.206929] random 0000 0000 0000 151530a2 56c65dd3: extract_entropy(.. 16 ..)
[    6.206931] random 0000 0000 0000 151530a2 56c65dd3: trying to extract 128 bits from input
[    6.206933] random 0000 0000 0000 151530a2 56c65dd3: debiting 0 entropy credits from input
[    6.206935] random 0000 0000 0000 151530a2 56c65dd3: extract_entropy account returned: 0 
[    6.206938] random 0000 0000 0000 151530a2 56c65dd3: urand_change_num 74 xfer_secondary_pool(16): pool_sig 000001a7, data_sig 00000000, bytes_mixed 0 151530a2 56c65dd3
[    6.206941] random 0000 0000 0000 151530a2 56c65dd3: trying to extract 128 bits from nonblocking
[    6.206943] random 0000 0000 0000 151530a2 56c65dd3: debiting 128 entropy credits from nonblocking (unlimited)
[    6.206945] random 0000 0000 0000 151530a2 56c65dd3: extract_entropy account returned: 16 
[    6.206950] random 0000 0000 0000 151530a2 56c65dd3: urand_change_num 75 extract_buf: pool_sig 000001a7, data_sig ffffffa1, bytes_mixed 20 151530a2 56c65dd3
[    6.206955] random 0000 0000 0000 5d3e132e d9a77eb3: urand_change_num 76 extract_buf: pool_sig fffffcc9, data_sig 00000013, bytes_mixed 20 5d3e132e d9a77eb3
[    6.257987] random 0000 0000 0000 264837ad 0a28fef5: rand_read_num 21 get_random_bytes(16): sig ffffffd0 264837ad 0a28fef5
[    6.257990] random 0000 0000 0000 264837ad 0a28fef5: extract_entropy(.. 16 ..)
[    6.257993] random 0000 0000 0000 264837ad 0a28fef5: going to reseed nonblocking with 128 bits (128 of 0 requested)
[    6.257996] random 0000 0000 0000 264837ad 0a28fef5: extract_entropy(.. 16 ..)
[    6.257998] random 0000 0000 0000 264837ad 0a28fef5: trying to extract 128 bits from input
[    6.258000] random 0000 0000 0000 264837ad 0a28fef5: debiting 0 entropy credits from input
[    6.258002] random 0000 0000 0000 264837ad 0a28fef5: extract_entropy account returned: 0 
[    6.258005] random 0000 0000 0000 264837ad 0a28fef5: urand_change_num 77 xfer_secondary_pool(16): pool_sig ffffffd0, data_sig 00000000, bytes_mixed 0 264837ad 0a28fef5
[    6.258008] random 0000 0000 0000 264837ad 0a28fef5: trying to extract 128 bits from nonblocking
[    6.258010] random 0000 0000 0000 264837ad 0a28fef5: debiting 128 entropy credits from nonblocking (unlimited)
[    6.258012] random 0000 0000 0000 264837ad 0a28fef5: extract_entropy account returned: 16 
[    6.258017] random 0000 0000 0000 264837ad 0a28fef5: urand_change_num 78 extract_buf: pool_sig ffffffd0, data_sig 0000017b, bytes_mixed 20 264837ad 0a28fef5
[    6.258022] random 0000 0000 0000 264837ad 0a28fef5: urand_change_num 79 extract_buf: pool_sig 0000045c, data_sig 000001df, bytes_mixed 20 264837ad 0a28fef5
[    6.259482] random 0000 0000 0000 f37f7344 164aede0: rand_read_num 22 get_random_bytes(16): sig 000003c2 f37f7344 164aede0
[    6.259485] random 0000 0000 0000 f37f7344 164aede0: extract_entropy(.. 16 ..)
[    6.259488] random 0000 0000 0000 f37f7344 164aede0: going to reseed nonblocking with 128 bits (128 of 0 requested)
[    6.259490] random 0000 0000 0000 f37f7344 164aede0: extract_entropy(.. 16 ..)
[    6.259492] random 0000 0000 0000 f37f7344 164aede0: trying to extract 128 bits from input
[    6.259495] random 0000 0000 0000 f37f7344 164aede0: debiting 0 entropy credits from input
[    6.259496] random 0000 0000 0000 f37f7344 164aede0: extract_entropy account returned: 0 
[    6.259500] random 0000 0000 0000 f37f7344 164aede0: urand_change_num 80 xfer_secondary_pool(16): pool_sig 000003c2, data_sig 00000000, bytes_mixed 0 f37f7344 164aede0
[    6.259503] random 0000 0000 0000 f37f7344 164aede0: trying to extract 128 bits from nonblocking
[    6.259505] random 0000 0000 0000 f37f7344 164aede0: debiting 128 entropy credits from nonblocking (unlimited)
[    6.259507] random 0000 0000 0000 f37f7344 164aede0: extract_entropy account returned: 16 
[    6.259511] random 0000 0000 0000 f37f7344 164aede0: urand_change_num 81 extract_buf: pool_sig 000003c2, data_sig ffffff6c, bytes_mixed 20 f37f7344 164aede0
[    6.259517] random 0000 0000 0000 f37f7344 164aede0: urand_change_num 82 extract_buf: pool_sig fffffdfc, data_sig 00000091, bytes_mixed 20 f37f7344 164aede0
[    6.282286] random 0000 0000 0000 a4794863 878070c1: rand_read_num 23 get_random_bytes(16): sig 0000011b a4794863 878070c1
[    6.282289] random 0000 0000 0000 a4794863 878070c1: extract_entropy(.. 16 ..)
[    6.282291] random 0000 0000 0000 a4794863 878070c1: going to reseed nonblocking with 128 bits (128 of 0 requested)
[    6.282294] random 0000 0000 0000 a4794863 878070c1: extract_entropy(.. 16 ..)
[    6.282296] random 0000 0000 0000 a4794863 878070c1: trying to extract 128 bits from input
[    6.282298] random 0000 0000 0000 a4794863 878070c1: debiting 0 entropy credits from input
[    6.282300] random 0000 0000 0000 a4794863 878070c1: extract_entropy account returned: 0 
[    6.282303] random 0000 0000 0000 a4794863 878070c1: urand_change_num 83 xfer_secondary_pool(16): pool_sig 0000011b, data_sig 00000000, bytes_mixed 0 a4794863 878070c1
[    6.282306] random 0000 0000 0000 a4794863 878070c1: trying to extract 128 bits from nonblocking
[    6.282308] random 0000 0000 0000 a4794863 878070c1: debiting 128 entropy credits from nonblocking (unlimited)
[    6.282310] random 0000 0000 0000 a4794863 878070c1: extract_entropy account returned: 16 
[    6.282315] random 0000 0000 0000 a4794863 878070c1: urand_change_num 84 extract_buf: pool_sig 0000011b, data_sig ffffff51, bytes_mixed 20 a4794863 878070c1
[    6.282320] random 0000 0000 0000 737f19b4 9417d8ab: urand_change_num 85 extract_buf: pool_sig 000001a3, data_sig 0000006c, bytes_mixed 20 737f19b4 9417d8ab
[    6.286388] random 0000 0000 0000 737f19b4 9417d8ab: rand_read_num 24 get_random_bytes(16): sig fffffe22 737f19b4 9417d8ab
[    6.286390] random 0000 0000 0000 737f19b4 9417d8ab: extract_entropy(.. 16 ..)
[    6.286393] random 0000 0000 0000 737f19b4 9417d8ab: going to reseed nonblocking with 128 bits (128 of 0 requested)
[    6.286395] random 0000 0000 0000 737f19b4 9417d8ab: extract_entropy(.. 16 ..)
[    6.286397] random 0000 0000 0000 737f19b4 9417d8ab: trying to extract 128 bits from input
[    6.286399] random 0000 0000 0000 737f19b4 9417d8ab: debiting 0 entropy credits from input
[    6.286401] random 0000 0000 0000 737f19b4 9417d8ab: extract_entropy account returned: 0 
[    6.286404] random 0000 0000 0000 737f19b4 9417d8ab: urand_change_num 86 xfer_secondary_pool(16): pool_sig fffffe22, data_sig 00000000, bytes_mixed 0 737f19b4 9417d8ab
[    6.286407] random 0000 0000 0000 737f19b4 9417d8ab: trying to extract 128 bits from nonblocking
[    6.286410] random 0000 0000 0000 737f19b4 9417d8ab: debiting 128 entropy credits from nonblocking (unlimited)
[    6.286412] random 0000 0000 0000 737f19b4 9417d8ab: extract_entropy account returned: 16 
[    6.286416] random 0000 0000 0000 737f19b4 9417d8ab: urand_change_num 87 extract_buf: pool_sig fffffe22, data_sig 00000230, bytes_mixed 20 737f19b4 9417d8ab
[    6.286421] random 0000 0000 0000 4deb0d06 1236af4c: urand_change_num 88 extract_buf: pool_sig 000000b6, data_sig ffffff44, bytes_mixed 20 4deb0d06 1236af4c
[    6.287419] random 0000 0000 0000 b538fadc 4a7613df: rand_read_num 25 get_random_bytes(16): sig 0000013c b538fadc 4a7613df
[    6.287421] random 0000 0000 0000 b538fadc 4a7613df: extract_entropy(.. 16 ..)
[    6.287424] random 0000 0000 0000 b538fadc 4a7613df: going to reseed nonblocking with 128 bits (128 of 0 requested)
[    6.287426] random 0000 0000 0000 b538fadc 4a7613df: extract_entropy(.. 16 ..)
[    6.287428] random 0000 0000 0000 b538fadc 4a7613df: trying to extract 128 bits from input
[    6.287430] random 0000 0000 0000 b538fadc 4a7613df: debiting 0 entropy credits from input
[    6.287432] random 0000 0000 0000 b538fadc 4a7613df: extract_entropy account returned: 0 
[    6.287436] random 0000 0000 0000 b538fadc 4a7613df: urand_change_num 89 xfer_secondary_pool(16): pool_sig 0000013c, data_sig 00000000, bytes_mixed 0 b538fadc 4a7613df
[    6.287438] random 0000 0000 0000 b538fadc 4a7613df: trying to extract 128 bits from nonblocking
[    6.287441] random 0000 0000 0000 b538fadc 4a7613df: debiting 128 entropy credits from nonblocking (unlimited)
[    6.287443] random 0000 0000 0000 b538fadc 4a7613df: extract_entropy account returned: 16 
[    6.287447] random 0000 0000 0000 b538fadc 4a7613df: urand_change_num 90 extract_buf: pool_sig 0000013c, data_sig 00000015, bytes_mixed 20 b538fadc 4a7613df
[    6.287452] random 0000 0000 0000 b538fadc 4a7613df: urand_change_num 91 extract_buf: pool_sig 00000452, data_sig 0000002b, bytes_mixed 20 b538fadc 4a7613df
[    6.287899] random 0000 0000 0000 73b17df4 93bb370e: rand_read_num 26 get_random_bytes(16): sig fffffbf1 73b17df4 93bb370e
[    6.287902] random 0000 0000 0000 73b17df4 93bb370e: extract_entropy(.. 16 ..)
[    6.287905] random 0000 0000 0000 73b17df4 93bb370e: going to reseed nonblocking with 128 bits (128 of 0 requested)
[    6.287907] random 0000 0000 0000 73b17df4 93bb370e: extract_entropy(.. 16 ..)
[    6.287909] random 0000 0000 0000 73b17df4 93bb370e: trying to extract 128 bits from input
[    6.287911] random 0000 0000 0000 73b17df4 93bb370e: debiting 0 entropy credits from input
[    6.287913] random 0000 0000 0000 73b17df4 93bb370e: extract_entropy account returned: 0 
[    6.287916] random 0000 0000 0000 73b17df4 93bb370e: urand_change_num 92 xfer_secondary_pool(16): pool_sig fffffbf1, data_sig 00000000, bytes_mixed 0 73b17df4 93bb370e
[    6.287919] random 0000 0000 0000 73b17df4 93bb370e: trying to extract 128 bits from nonblocking
[    6.287921] random 0000 0000 0000 73b17df4 93bb370e: debiting 128 entropy credits from nonblocking (unlimited)
[    6.287924] random 0000 0000 0000 73b17df4 93bb370e: extract_entropy account returned: 16 
[    6.287928] random 0000 0000 0000 73b17df4 93bb370e: urand_change_num 93 extract_buf: pool_sig fffffbf1, data_sig ffffff99, bytes_mixed 20 73b17df4 93bb370e
[    6.287933] random 0000 0000 0000 73b17df4 93bb370e: urand_change_num 94 extract_buf: pool_sig fffffe1d, data_sig 000000b0, bytes_mixed 20 73b17df4 93bb370e
[    6.288343] random 0000 0000 0000 0cd682bb ba04da9f: rand_read_num 27 get_random_bytes(16): sig fffffccb 0cd682bb ba04da9f
[    6.288346] random 0000 0000 0000 0cd682bb ba04da9f: extract_entropy(.. 16 ..)
[    6.288349] random 0000 0000 0000 0cd682bb ba04da9f: going to reseed nonblocking with 128 bits (128 of 0 requested)
[    6.288351] random 0000 0000 0000 0cd682bb ba04da9f: extract_entropy(.. 16 ..)
[    6.288353] random 0000 0000 0000 0cd682bb ba04da9f: trying to extract 128 bits from input
[    6.288355] random 0000 0000 0000 0cd682bb ba04da9f: debiting 0 entropy credits from input
[    6.288357] random 0000 0000 0000 0cd682bb ba04da9f: extract_entropy account returned: 0 
[    6.288361] random 0000 0000 0000 0cd682bb ba04da9f: urand_change_num 95 xfer_secondary_pool(16): pool_sig fffffccb, data_sig 00000000, bytes_mixed 0 0cd682bb ba04da9f
[    6.288364] random 0000 0000 0000 0cd682bb ba04da9f: trying to extract 128 bits from nonblocking
[    6.288366] random 0000 0000 0000 0cd682bb ba04da9f: debiting 128 entropy credits from nonblocking (unlimited)
[    6.288368] random 0000 0000 0000 0cd682bb ba04da9f: extract_entropy account returned: 16 
[    6.288372] random 0000 0000 0000 0cd682bb ba04da9f: urand_change_num 96 extract_buf: pool_sig fffffccb, data_sig fffffec5, bytes_mixed 20 0cd682bb ba04da9f
[    6.288378] random 0000 0000 0000 26929f1a 15254dc1: urand_change_num 97 extract_buf: pool_sig fffffed2, data_sig ffffffb1, bytes_mixed 20 26929f1a 15254dc1
[    6.289249] random 0000 0000 0000 26929f1a 15254dc1: rand_read_num 28 get_random_bytes(16): sig 00000038 26929f1a 15254dc1
[    6.289252] random 0000 0000 0000 26929f1a 15254dc1: extract_entropy(.. 16 ..)
[    6.289255] random 0000 0000 0000 26929f1a 15254dc1: going to reseed nonblocking with 128 bits (128 of 0 requested)
[    6.289257] random 0000 0000 0000 26929f1a 15254dc1: extract_entropy(.. 16 ..)
[    6.289259] random 0000 0000 0000 26929f1a 15254dc1: trying to extract 128 bits from input
[    6.289262] random 0000 0000 0000 26929f1a 15254dc1: debiting 0 entropy credits from input
[    6.289264] random 0000 0000 0000 26929f1a 15254dc1: extract_entropy account returned: 0 
[    6.289267] random 0000 0000 0000 26929f1a 15254dc1: urand_change_num 98 xfer_secondary_pool(16): pool_sig 00000038, data_sig 00000000, bytes_mixed 0 26929f1a 15254dc1
[    6.289270] random 0000 0000 0000 26929f1a 15254dc1: trying to extract 128 bits from nonblocking
[    6.289272] random 0000 0000 0000 26929f1a 15254dc1: debiting 128 entropy credits from nonblocking (unlimited)
[    6.289274] random 0000 0000 0000 26929f1a 15254dc1: extract_entropy account returned: 16 
[    6.289278] random 0000 0000 0000 26929f1a 15254dc1: urand_change_num 99 extract_buf: pool_sig 00000038, data_sig 000000fd, bytes_mixed 20 26929f1a 15254dc1
[    6.289284] random 0000 0000 0000 8116fe3b 478c2d5b: urand_change_num 100 extract_buf: pool_sig 00000059, data_sig 00000310, bytes_mixed 20 8116fe3b 478c2d5b
[    6.295925] random 0000 0000 0000 a20f4a3a 32a6b2fa: rand_read_num 29 get_random_bytes(16): sig 000002c0 a20f4a3a 32a6b2fa
[    6.295927] random 0000 0000 0000 a20f4a3a 32a6b2fa: extract_entropy(.. 16 ..)
[    6.295930] random 0000 0000 0000 a20f4a3a 32a6b2fa: going to reseed nonblocking with 128 bits (128 of 0 requested)
[    6.295932] random 0000 0000 0000 a20f4a3a 32a6b2fa: extract_entropy(.. 16 ..)
[    6.295935] random 0000 0000 0000 a20f4a3a 32a6b2fa: trying to extract 128 bits from input
[    6.295937] random 0000 0000 0000 a20f4a3a 32a6b2fa: debiting 0 entropy credits from input
[    6.295939] random 0000 0000 0000 a20f4a3a 32a6b2fa: extract_entropy account returned: 0 
[    6.295942] random 0000 0000 0000 a20f4a3a 32a6b2fa: urand_change_num 101 xfer_secondary_pool(16): pool_sig 000002c0, data_sig 00000000, bytes_mixed 0 a20f4a3a 32a6b2fa
[    6.295944] random 0000 0000 0000 a20f4a3a 32a6b2fa: trying to extract 128 bits from nonblocking
[    6.295947] random 0000 0000 0000 a20f4a3a 32a6b2fa: debiting 128 entropy credits from nonblocking (unlimited)
[    6.295949] random 0000 0000 0000 a20f4a3a 32a6b2fa: extract_entropy account returned: 16 
[    6.295953] random 0000 0000 0000 a20f4a3a 32a6b2fa: urand_change_num 102 extract_buf: pool_sig 000002c0, data_sig 000000fb, bytes_mixed 20 a20f4a3a 32a6b2fa
[    6.295958] random 0000 0000 0000 a20f4a3a 32a6b2fa: urand_change_num 103 extract_buf: pool_sig ffffffdd, data_sig 000000a5, bytes_mixed 20 a20f4a3a 32a6b2fa
[    6.308472] random 0000 0000 0000 de716d2a 6c4757e1: rand_read_num 30 get_random_bytes(16): sig 000000fa de716d2a 6c4757e1
[    6.308475] random 0000 0000 0000 de716d2a 6c4757e1: extract_entropy(.. 16 ..)
[    6.308478] random 0000 0000 0000 de716d2a 6c4757e1: going to reseed nonblocking with 128 bits (128 of 0 requested)
[    6.308480] random 0000 0000 0000 de716d2a 6c4757e1: extract_entropy(.. 16 ..)
[    6.308482] random 0000 0000 0000 de716d2a 6c4757e1: trying to extract 128 bits from input
[    6.308484] random 0000 0000 0000 de716d2a 6c4757e1: debiting 0 entropy credits from input
[    6.308486] random 0000 0000 0000 de716d2a 6c4757e1: extract_entropy account returned: 0 
[    6.308489] random 0000 0000 0000 de716d2a 6c4757e1: urand_change_num 104 xfer_secondary_pool(16): pool_sig 000000fa, data_sig 00000000, bytes_mixed 0 de716d2a 6c4757e1
[    6.308492] random 0000 0000 0000 de716d2a 6c4757e1: trying to extract 128 bits from nonblocking
[    6.308495] random 0000 0000 0000 de716d2a 6c4757e1: debiting 128 entropy credits from nonblocking (unlimited)
[    6.308497] random 0000 0000 0000 de716d2a 6c4757e1: extract_entropy account returned: 16 
[    6.308501] random 0000 0000 0000 de716d2a 6c4757e1: urand_change_num 105 extract_buf: pool_sig 000000fa, data_sig ffffff34, bytes_mixed 20 de716d2a 6c4757e1
[    6.308506] random 0000 0000 0000 de716d2a 6c4757e1: urand_change_num 106 extract_buf: pool_sig 000003d3, data_sig ffffff30, bytes_mixed 20 de716d2a 6c4757e1
[    6.309087] random 0000 0000 0000 a7c511e1 f90ea457: rand_read_num 31 get_random_bytes(16): sig 0000009a a7c511e1 f90ea457
[    6.309090] random 0000 0000 0000 a7c511e1 f90ea457: extract_entropy(.. 16 ..)
[    6.309092] random 0000 0000 0000 a7c511e1 f90ea457: going to reseed nonblocking with 128 bits (128 of 0 requested)
[    6.309094] random 0000 0000 0000 a7c511e1 f90ea457: extract_entropy(.. 16 ..)
[    6.309096] random 0000 0000 0000 a7c511e1 f90ea457: trying to extract 128 bits from input
[    6.309099] random 0000 0000 0000 a7c511e1 f90ea457: debiting 0 entropy credits from input
[    6.309101] random 0000 0000 0000 a7c511e1 f90ea457: extract_entropy account returned: 0 
[    6.309104] random 0000 0000 0000 a7c511e1 f90ea457: urand_change_num 107 xfer_secondary_pool(16): pool_sig 0000009a, data_sig 00000000, bytes_mixed 0 a7c511e1 f90ea457
[    6.309106] random 0000 0000 0000 a7c511e1 f90ea457: trying to extract 128 bits from nonblocking
[    6.309109] random 0000 0000 0000 a7c511e1 f90ea457: debiting 128 entropy credits from nonblocking (unlimited)
[    6.309111] random 0000 0000 0000 a7c511e1 f90ea457: extract_entropy account returned: 16 
[    6.309115] random 0000 0000 0000 a7c511e1 f90ea457: urand_change_num 108 extract_buf: pool_sig 0000009a, data_sig 000000e0, bytes_mixed 20 a7c511e1 f90ea457
[    6.309121] random 0000 0000 0000 7c18c7e6 d65ccb06: urand_change_num 109 extract_buf: pool_sig fffffa79, data_sig 000000e0, bytes_mixed 20 7c18c7e6 d65ccb06
[    6.309716] random 0000 0000 0000 7c18c7e6 d65ccb06: rand_read_num 32 get_random_bytes(16): sig fffffe1e 7c18c7e6 d65ccb06
[    6.309719] random 0000 0000 0000 7c18c7e6 d65ccb06: extract_entropy(.. 16 ..)
[    6.309722] random 0000 0000 0000 7c18c7e6 d65ccb06: going to reseed nonblocking with 128 bits (128 of 0 requested)
[    6.309724] random 0000 0000 0000 7c18c7e6 d65ccb06: extract_entropy(.. 16 ..)
[    6.309726] random 0000 0000 0000 7c18c7e6 d65ccb06: trying to extract 128 bits from input
[    6.309728] random 0000 0000 0000 7c18c7e6 d65ccb06: debiting 0 entropy credits from input
[    6.309730] random 0000 0000 0000 7c18c7e6 d65ccb06: extract_entropy account returned: 0 
[    6.309733] random 0000 0000 0000 7c18c7e6 d65ccb06: urand_change_num 110 xfer_secondary_pool(16): pool_sig fffffe1e, data_sig 00000000, bytes_mixed 0 7c18c7e6 d65ccb06
[    6.309736] random 0000 0000 0000 7c18c7e6 d65ccb06: trying to extract 128 bits from nonblocking
[    6.309738] random 0000 0000 0000 7c18c7e6 d65ccb06: debiting 128 entropy credits from nonblocking (unlimited)
[    6.309741] random 0000 0000 0000 7c18c7e6 d65ccb06: extract_entropy account returned: 16 
