[    0.000000] random 0000 0000 0000 00000000 00000000: rand_read_num 1 get_random_bytes(8): sig 00000000 00000000 00000000
[    0.000000] random 0000 0000 0000 00000000 00000000: extract_entropy(.. 8 ..)
[    0.000000] random 0000 0000 0000 00000000 00000000: going to reseed nonblocking with 64 bits (64 of 0 requested)
[    0.000000] random 0000 0000 0000 00000000 00000000: extract_entropy(.. 8 ..)
[    0.000000] random 0000 0000 0000 00000000 00000000: trying to extract 64 bits from input
[    0.000000] random 0000 0000 0000 00000000 00000000: debiting 0 entropy credits from input
[    0.000000] random 0000 0000 0000 00000000 00000000: extract_entropy account returned: 0 
[    0.000000] random 0000 0000 0000 00000000 00000000: urand_change_num 1 xfer_secondary_pool(8): pool_sig 00000000, data_sig 00000000, bytes_mixed 0 00000000 00000000
[    0.000000] random 0000 0000 0000 00000000 00000000: trying to extract 64 bits from nonblocking
[    0.000000] random 0000 0000 0000 00000000 00000000: debiting 64 entropy credits from nonblocking (unlimited)
[    0.000000] random 0000 0000 0000 00000000 00000000: extract_entropy account returned: 8 
[    0.000000] random 0000 0000 0000 00000000 00000000: urand_change_num 2 extract_buf: pool_sig 00000000, data_sig fffffff9, bytes_mixed 20 00000000 00000000
[    0.000000] Linux version 2.6.32.57 (dcashman@dcashman-02) (gcc version 4.3.3 (GCC) ) #3 Fri May 24 04:27:34 PDT 2013
[    0.000000] KERNEL supported cpus:
[    0.000000]   Intel GenuineIntel
[    0.000000]   AMD AuthenticAMD
[    0.000000]   NSC Geode by NSC
[    0.000000]   Cyrix CyrixInstead
[    0.000000]   Centaur CentaurHauls
[    0.000000]   Transmeta GenuineTMx86
[    0.000000]   Transmeta TransmetaCPU
[    0.000000]   UMC UMC UMC UMC
[    0.000000] BIOS-provided physical RAM map:
[    0.000000]  BIOS-e820: 0000000000000000 - 000000000009d800 (usable)
[    0.000000]  BIOS-e820: 000000000009d800 - 00000000000a0000 (reserved)
[    0.000000]  BIOS-e820: 00000000000d2000 - 00000000000d4000 (reserved)
[    0.000000]  BIOS-e820: 00000000000e0000 - 0000000000100000 (reserved)
[    0.000000]  BIOS-e820: 0000000000100000 - 000000003d6b0000 (usable)
[    0.000000]  BIOS-e820: 000000003d6b0000 - 000000003d6cc000 (ACPI data)
[    0.000000]  BIOS-e820: 000000003d6cc000 - 000000003d700000 (ACPI NVS)
[    0.000000]  BIOS-e820: 000000003d700000 - 000000003e000000 (reserved)
[    0.000000]  BIOS-e820: 00000000f0000000 - 00000000f4000000 (reserved)
[    0.000000]  BIOS-e820: 00000000fec00000 - 00000000fec10000 (reserved)
[    0.000000]  BIOS-e820: 00000000fed00000 - 00000000fed00400 (reserved)
[    0.000000]  BIOS-e820: 00000000fed14000 - 00000000fed1a000 (reserved)
[    0.000000]  BIOS-e820: 00000000fed1c000 - 00000000fed90000 (reserved)
[    0.000000]  BIOS-e820: 00000000fee00000 - 00000000fee01000 (reserved)
[    0.000000]  BIOS-e820: 00000000ff000000 - 0000000100000000 (reserved)
[    0.000000] DMI present.
[    0.000000] last_pfn = 0x3d6b0 max_arch_pfn = 0x100000
[    0.000000] MTRR default type: uncachable
[    0.000000] MTRR fixed ranges enabled:
[    0.000000]   00000-9FFFF write-back
[    0.000000]   A0000-BFFFF uncachable
[    0.000000]   C0000-CFFFF write-protect
[    0.000000]   D0000-DFFFF uncachable
[    0.000000]   E0000-FFFFF write-protect
[    0.000000] MTRR variable ranges enabled:
[    0.000000]   0 base 03E000000 mask FFE000000 uncachable
[    0.000000]   1 base 000000000 mask FC0000000 write-back
[    0.000000]   2 base 03D700000 mask FFFF00000 uncachable
[    0.000000]   3 base 03D800000 mask FFF800000 uncachable
[    0.000000]   4 disabled
[    0.000000]   5 disabled
[    0.000000]   6 disabled
[    0.000000]   7 disabled
[    0.000000] initial memory mapped : 0 - 02000000
[    0.000000] init_memory_mapping: 0000000000000000-00000000377fe000
[    0.000000]  0000000000 - 0000400000 page 4k
[    0.000000]  0000400000 - 0037400000 page 2M
[    0.000000]  0037400000 - 00377fe000 page 4k
[    0.000000] kernel direct mapping tables up to 377fe000 @ 7000-c000
[    0.000000] ACPI: RSDP 000f68d0 00024 (v02 LENOVO)
[    0.000000] ACPI: XSDT 3d6bb77f 00094 (v01 LENOVO TP-7L    00002170  LTP 00000000)
[    0.000000] ACPI: FACP 3d6bb900 000F4 (v03 LENOVO TP-7L    00002170 LNVO 00000001)
[    0.000000] ACPI Warning: 32/64X length mismatch in Gpe1Block: 0/32 (20090903/tbfadt-526)
[    0.000000] ACPI Warning: Optional field Gpe1Block has zero address or length: 000000000000102C/0 (20090903/tbfadt-557)
[    0.000000] ACPI: DSDT 3d6bbd1d 0FED1 (v01 LENOVO TP-7L    00002170 MSFT 03000000)
[    0.000000] ACPI: FACS 3d6e4000 00040
[    0.000000] ACPI: SSDT 3d6bbab4 00269 (v01 LENOVO TP-7L    00002170 MSFT 03000000)
[    0.000000] ACPI: ECDT 3d6cbbee 00052 (v01 LENOVO TP-7L    00002170 LNVO 00000001)
[    0.000000] ACPI: TCPA 3d6cbc40 00032 (v02 LENOVO TP-7L    00002170 LNVO 00000001)
[    0.000000] ACPI: APIC 3d6cbc72 00068 (v01 LENOVO TP-7L    00002170 LNVO 00000001)
[    0.000000] ACPI: MCFG 3d6cbcda 0003C (v01 LENOVO TP-7L    00002170 LNVO 00000001)
[    0.000000] ACPI: HPET 3d6cbd16 00038 (v01 LENOVO TP-7L    00002170 LNVO 00000001)
[    0.000000] ACPI: SLIC 3d6cbdf0 00176 (v01 LENOVO TP-7L    00002170  LTP 00000000)
[    0.000000] ACPI: BOOT 3d6cbf66 00028 (v01 LENOVO TP-7L    00002170  LTP 00000001)
[    0.000000] ACPI: ASF! 3d6cbf8e 00072 (v16 LENOVO TP-7L    00002170 PTL  00000001)
[    0.000000] ACPI: SSDT 3d6e26d9 0025F (v01 LENOVO TP-7L    00002170 INTL 20050513)
[    0.000000] ACPI: SSDT 3d6e2938 000A6 (v01 LENOVO TP-7L    00002170 INTL 20050513)
[    0.000000] ACPI: SSDT 3d6e29de 004F7 (v01 LENOVO TP-7L    00002170 INTL 20050513)
[    0.000000] ACPI: SSDT 3d6e2ed5 001D8 (v01 LENOVO TP-7L    00002170 INTL 20050513)
[    0.000000] ACPI: DMI detected: Lenovo ThinkPad R61
[    0.000000] ACPI: Added _OSI(Linux)
[    0.000000] ACPI: Local APIC address 0xfee00000
[    0.000000] 94MB HIGHMEM available.
[    0.000000] 887MB LOWMEM available.
[    0.000000]   mapped low ram: 0 - 377fe000
[    0.000000]   low ram: 0 - 377fe000
[    0.000000]   node 0 low ram: 00000000 - 377fe000
[    0.000000]   node 0 bootmap 00008000 - 0000ef00
[    0.000000] (6 early reservations) ==> bootmem [0000000000 - 00377fe000]
[    0.000000]   #0 [0000000000 - 0000001000]   BIOS data page ==> [0000000000 - 0000001000]
[    0.000000]   #1 [0001000000 - 0001bdc180]    TEXT DATA BSS ==> [0001000000 - 0001bdc180]
[    0.000000]   #2 [000009d800 - 0000100000]    BIOS reserved ==> [000009d800 - 0000100000]
[    0.000000]   #3 [0001bdd000 - 0001be516c]              BRK ==> [0001bdd000 - 0001be516c]
[    0.000000]   #4 [0000007000 - 0000008000]          PGTABLE ==> [0000007000 - 0000008000]
[    0.000000]   #5 [0000008000 - 000000f000]          BOOTMAP ==> [0000008000 - 000000f000]
[    0.000000] found SMP MP-table at [c00f6900] f6900
[    0.000000] Zone PFN ranges:
[    0.000000]   DMA      0x00000000 -> 0x00001000
[    0.000000]   Normal   0x00001000 -> 0x000377fe
[    0.000000]   HighMem  0x000377fe -> 0x0003d6b0
[    0.000000] Movable zone start PFN for each node
[    0.000000] early_node_map[2] active PFN ranges
[    0.000000]     0: 0x00000000 -> 0x0000009d
[    0.000000]     0: 0x00000100 -> 0x0003d6b0
[    0.000000] On node 0 totalpages: 251469
[    0.000000] free_area_init_node: node 0, pgdat c1901ea0, node_mem_map c1be7000
[    0.000000]   DMA zone: 32 pages used for memmap
[    0.000000]   DMA zone: 0 pages reserved
[    0.000000]   DMA zone: 3965 pages, LIFO batch:0
[    0.000000]   Normal zone: 1744 pages used for memmap
[    0.000000]   Normal zone: 221486 pages, LIFO batch:31
[    0.000000]   HighMem zone: 190 pages used for memmap
[    0.000000]   HighMem zone: 24052 pages, LIFO batch:3
[    0.000000] Using APIC driver default
[    0.000000] ACPI: PM-Timer IO Port: 0x1008
[    0.000000] ACPI: Local APIC address 0xfee00000
[    0.000000] ACPI: LAPIC (acpi_id[0x00] lapic_id[0x00] enabled)
[    0.000000] ACPI: LAPIC (acpi_id[0x01] lapic_id[0x01] enabled)
[    0.000000] ACPI: NR_CPUS/possible_cpus limit of 1 reached.  Processor 1/0x1 ignored.
[    0.000000] ACPI: LAPIC_NMI (acpi_id[0x00] high edge lint[0x1])
[    0.000000] ACPI: LAPIC_NMI (acpi_id[0x01] high edge lint[0x1])
[    0.000000] ACPI: IOAPIC (id[0x01] address[0xfec00000] gsi_base[0])
[    0.000000] IOAPIC[0]: apic_id 1, version 32, address 0xfec00000, GSI 0-23
[    0.000000] ACPI: INT_SRC_OVR (bus 0 bus_irq 0 global_irq 2 dfl dfl)
[    0.000000] ACPI: INT_SRC_OVR (bus 0 bus_irq 9 global_irq 9 high level)
[    0.000000] ACPI: IRQ0 used by override.
[    0.000000] ACPI: IRQ2 used by override.
[    0.000000] ACPI: IRQ9 used by override.
[    0.000000] Using ACPI (MADT) for SMP configuration information
[    0.000000] ACPI: HPET id: 0x8086a201 base: 0xfed00000
[    0.000000] nr_irqs_gsi: 24
[    0.000000] PM: Registered nosave memory: 000000000009d000 - 000000000009e000
[    0.000000] PM: Registered nosave memory: 000000000009e000 - 00000000000a0000
[    0.000000] PM: Registered nosave memory: 00000000000a0000 - 00000000000d2000
[    0.000000] PM: Registered nosave memory: 00000000000d2000 - 00000000000d4000
[    0.000000] PM: Registered nosave memory: 00000000000d4000 - 00000000000e0000
[    0.000000] PM: Registered nosave memory: 00000000000e0000 - 0000000000100000
[    0.000000] Allocating PCI resources starting at 3e000000 (gap: 3e000000:b2000000)
[    0.000000] Built 1 zonelists in Zone order, mobility grouping on.  Total pages: 249503
[    0.000000] Kernel command line: auto BOOT_IMAGE=Linux ro root=802 vt.default_utf8=0 maxcpus=0
[    0.000000] PID hash table entries: 4096 (order: 2, 16384 bytes)
[    0.000000] Dentry cache hash table entries: 131072 (order: 7, 524288 bytes)
[    0.000000] Inode-cache hash table entries: 65536 (order: 6, 262144 bytes)
[    0.000000] Enabling fast FPU save and restore... done.
[    0.000000] Enabling unmasked SIMD FPU exception support... done.
[    0.000000] Initializing CPU#0
[    0.000000] Initializing HighMem for node 0 (000377fe:0003d6b0)
[    0.000000] Memory: 984800k/1006272k available (6914k kernel code, 20876k reserved, 2328k data, 448k init, 96968k highmem)
[    0.000000] virtual kernel memory layout:
[    0.000000]     fixmap  : 0xfffa3000 - 0xfffff000   ( 368 kB)
[    0.000000]     pkmap   : 0xff800000 - 0xffc00000   (4096 kB)
[    0.000000]     vmalloc : 0xf7ffe000 - 0xff7fe000   ( 120 MB)
[    0.000000]     lowmem  : 0xc0000000 - 0xf77fe000   ( 887 MB)
[    0.000000]       .init : 0xc1907000 - 0xc1977000   ( 448 kB)
[    0.000000]       .data : 0xc16c0b5f - 0xc1906c64   (2328 kB)
[    0.000000]       .text : 0xc1000000 - 0xc16c0b5f   (6914 kB)
[    0.000000] Checking if this processor honours the WP bit even in supervisor mode...Ok.
[    0.000000] SLUB: Genslabs=13, HWalign=64, Order=0-3, MinObjects=0, CPUs=1, Nodes=1
[    0.000000] Hierarchical RCU implementation.
[    0.000000] NR_IRQS:288
[    0.000000] Extended CMOS year: 2000
[    0.000000] Console: colour VGA+ 80x25
[    0.000000] console [tty0] enabled
[    0.000000] hpet clockevent registered
[    0.000000] Fast TSC calibration using PIT
[    0.000000] Detected 2095.068 MHz processor.
[    0.001001] Calibrating delay loop (skipped), value calculated using timer frequency.. 4190.13 BogoMIPS (lpj=2095068)
[    0.002008] Security Framework initialized
[    0.002093] Mount-cache hash table entries: 512
[    0.002243] CPU: L1 I cache: 32K, L1 D cache: 32K
[    0.002371] CPU: L2 cache: 3072K
[    0.002453] mce: CPU supports 6 MCE banks
[    0.002539] CPU0: Thermal monitoring enabled (TM2)
[    0.002621] using mwait in idle threads.
[    0.002704] CPU: Intel(R) Core(TM)2 Duo CPU     T8100  @ 2.10GHz stepping 06
[    0.002880] Checking 'hlt' instruction... OK.
[    0.006941] ACPI: Core revision 20090903
[    0.026018] CANARY value: e680d98e for PID: 1
[    0.026045] Enabling APIC mode:  Flat.  Using 1 I/O APICs
[    0.026511] ..TIMER: vector=0x30 apic1=0 pin1=2 apic2=-1 pin2=-1
[    0.036997] xor: automatically using best checksumming function: pIII_sse
[    0.040998]    pIII_sse  :  8568.000 MB/sec
[    0.041082] xor: using function: pIII_sse (8568.000 MB/sec)
[    0.041179] RANDOM - __seed init called.
[    0.041180] RANDOM - __seed init called.
[    0.041181] RANDOM - __seed init called.
[    0.041182] RANDOM - __random32 called. Change num 1.  Value: e6b75c0e	845fdb3c	4764ecc7
[    0.041184] RANDOM - __random32 called. Change num 2.  Value: 75c0e1a6	45fdb3ca	d98f8871
[    0.041186] RANDOM - __random32 called. Change num 3.  Value: e1a6d3e	5fdb3ca9	10e2be79
[    0.041188] RANDOM - __random32 called. Change num 4.  Value: a6d3e877	fdb3ca90	7cf2fee9
[    0.041189] RANDOM - __random32 called. Change num 5.  Value: 3e877b7b	db3ca905	fdd36ca1
[    0.041191] RANDOM - __random32 called. Change num 6.  Value: 77b7ba3d	b3ca905b	d9426901
[    0.041192] RANDOM - random32 init called.  Value: 77b7ba3d	b3ca905b	d9426901
[    0.041210] NET: Registered protocol family 16
[    0.041466] ACPI FADT declares the system doesn't support PCIe ASPM, so disable it
[    0.041579] ACPI: bus type pci registered
[    0.041744] PCI: MCFG configuration 0: base f0000000 segment 0 buses 0 - 63
[    0.041837] PCI: MCFG area at f0000000 reserved in E820
[    0.041918] PCI: Using MMCONFIG for extended config space
[    0.042002] PCI: Using configuration type 1 for base access
[    0.045108] bio: create slab <bio-0> at 0
[    0.045930] ACPI: EC: EC description table is found, configuring boot EC
[    0.051072] ACPI: BIOS _OSI(Linux) query honored via DMI
[    0.051793] random 0000 0000 0000 00000000 00000000: rand_read_num 2 get_random_bytes(8): sig fffffe1a 00000000 00000000
[    0.051796] random 0000 0000 0000 00000000 00000000: extract_entropy(.. 8 ..)
[    0.051799] random 0000 0000 0000 00000000 00000000: going to reseed nonblocking with 64 bits (64 of 0 requested)
[    0.051801] random 0000 0000 0000 00000000 00000000: extract_entropy(.. 8 ..)
[    0.051803] random 0000 0000 0000 00000000 00000000: trying to extract 64 bits from input
[    0.051805] random 0000 0000 0000 00000000 00000000: debiting 0 entropy credits from input
[    0.051807] random 0000 0000 0000 00000000 00000000: extract_entropy account returned: 0 
[    0.051834] random 0000 0000 0000 00000000 00000000: urand_change_num 3 xfer_secondary_pool(8): pool_sig fffffe1a, data_sig 00000000, bytes_mixed 0 00000000 00000000
[    0.051837] random 0000 0000 0000 00000000 00000000: trying to extract 64 bits from nonblocking
[    0.051840] random 0000 0000 0000 00000000 00000000: debiting 64 entropy credits from nonblocking (unlimited)
[    0.051842] random 0000 0000 0000 00000000 00000000: extract_entropy account returned: 8 
[    0.051846] random 0000 0000 0000 00000000 00000000: urand_change_num 4 extract_buf: pool_sig fffffe1a, data_sig fffffed7, bytes_mixed 20 00000000 00000000
[    0.056598] ACPI: Interpreter enabled
[    0.056682] ACPI: (supports S0 S3 S4 S5)
[    0.056998] ACPI: Using IOAPIC for interrupt routing
[    0.066696] ACPI: EC: GPE = 0x12, I/O: command/status = 0x66, data = 0x62
[    0.066974] ACPI: Power Resource [PUBS] (on)
[    0.069098] ACPI: ACPI Dock Station Driver: 3 docks/bays found
[    0.069500] ACPI: PCI Root Bridge [PCI0] (0000:00)
[    0.069673] pci 0000:00:02.0: reg 10 64bit mmio: [0xf8100000-0xf81fffff]
[    0.069679] pci 0000:00:02.0: reg 18 64bit mmio pref: [0xe0000000-0xefffffff]
[    0.069682] pci 0000:00:02.0: reg 20 io port: [0x1800-0x1807]
[    0.069717] pci 0000:00:02.1: reg 10 64bit mmio: [0xf8200000-0xf82fffff]
[    0.069822] pci 0000:00:19.0: reg 10 32bit mmio: [0xfe000000-0xfe01ffff]
[    0.069831] pci 0000:00:19.0: reg 14 32bit mmio: [0xfe025000-0xfe025fff]
[    0.069840] pci 0000:00:19.0: reg 18 io port: [0x1840-0x185f]
[    0.069911] pci 0000:00:19.0: PME# supported from D0 D3hot D3cold
[    0.070000] pci 0000:00:19.0: PME# disabled
[    0.070149] pci 0000:00:1a.0: reg 20 io port: [0x1860-0x187f]
[    0.070228] pci 0000:00:1a.1: reg 20 io port: [0x1880-0x189f]
[    0.070320] pci 0000:00:1a.7: reg 10 32bit mmio: [0xfe226c00-0xfe226fff]
[    0.070407] pci 0000:00:1a.7: PME# supported from D0 D3hot D3cold
[    0.070492] pci 0000:00:1a.7: PME# disabled
[    0.070634] pci 0000:00:1b.0: reg 10 64bit mmio: [0xfe020000-0xfe023fff]
[    0.070710] pci 0000:00:1b.0: PME# supported from D0 D3hot D3cold
[    0.070801] pci 0000:00:1b.0: PME# disabled
[    0.071001] pci 0000:00:1c.0: PME# supported from D0 D3hot D3cold
[    0.071082] pci 0000:00:1c.0: PME# disabled
[    0.071297] pci 0000:00:1c.1: PME# supported from D0 D3hot D3cold
[    0.071384] pci 0000:00:1c.1: PME# disabled
[    0.071577] pci 0000:00:1c.2: PME# supported from D0 D3hot D3cold
[    0.071664] pci 0000:00:1c.2: PME# disabled
[    0.071857] pci 0000:00:1c.3: PME# supported from D0 D3hot D3cold
[    0.071951] pci 0000:00:1c.3: PME# disabled
[    0.072105] pci 0000:00:1c.4: PME# supported from D0 D3hot D3cold
[    0.072196] pci 0000:00:1c.4: PME# disabled
[    0.073044] pci 0000:00:1d.0: reg 20 io port: [0x18a0-0x18bf]
[    0.073136] pci 0000:00:1d.1: reg 20 io port: [0x18c0-0x18df]
[    0.073223] pci 0000:00:1d.2: reg 20 io port: [0x18e0-0x18ff]
[    0.073312] pci 0000:00:1d.7: reg 10 32bit mmio: [0xfe227000-0xfe2273ff]
[    0.073409] pci 0000:00:1d.7: PME# supported from D0 D3hot D3cold
[    0.073499] pci 0000:00:1d.7: PME# disabled
[    0.073781] pci 0000:00:1f.0: quirk: region 1000-107f claimed by ICH6 ACPI/GPIO/TCO
[    0.073903] pci 0000:00:1f.0: quirk: region 1180-11bf claimed by ICH6 GPIO
[    0.073989] pci 0000:00:1f.0: ICH7 LPC Generic IO decode 1 PIO at 1600 (mask 007f)
[    0.073998] pci 0000:00:1f.0: ICH7 LPC Generic IO decode 2 PIO at 15e0 (mask 000f)
[    0.074115] pci 0000:00:1f.0: ICH7 LPC Generic IO decode 3 PIO at 1680 (mask 001f)
[    0.074314] pci 0000:00:1f.1: reg 10 io port: [0x00-0x07]
[    0.074324] pci 0000:00:1f.1: reg 14 io port: [0x00-0x03]
[    0.074336] pci 0000:00:1f.1: reg 18 io port: [0x00-0x07]
[    0.074345] pci 0000:00:1f.1: reg 1c io port: [0x00-0x03]
[    0.074353] pci 0000:00:1f.1: reg 20 io port: [0x1c00-0x1c0f]
[    0.074435] pci 0000:00:1f.2: reg 10 io port: [0x1c50-0x1c57]
[    0.074444] pci 0000:00:1f.2: reg 14 io port: [0x1c44-0x1c47]
[    0.074451] pci 0000:00:1f.2: reg 18 io port: [0x1c48-0x1c4f]
[    0.074460] pci 0000:00:1f.2: reg 1c io port: [0x1c40-0x1c43]
[    0.074468] pci 0000:00:1f.2: reg 20 io port: [0x1c20-0x1c3f]
[    0.074478] pci 0000:00:1f.2: reg 24 32bit mmio: [0xfe226000-0xfe2267ff]
[    0.074538] pci 0000:00:1f.2: PME# supported from D3hot
[    0.074624] pci 0000:00:1f.2: PME# disabled
[    0.074747] pci 0000:00:1f.3: reg 10 32bit mmio: [0xfe227400-0xfe2274ff]
[    0.074772] pci 0000:00:1f.3: reg 20 io port: [0x1c60-0x1c7f]
[    0.074856] pci 0000:00:1c.0: bridge io port: [0x2000-0x2fff]
[    0.074862] pci 0000:00:1c.0: bridge 32bit mmio: [0xfc000000-0xfdffffff]
[    0.074871] pci 0000:00:1c.0: bridge 64bit mmio pref: [0xf8000000-0xf80fffff]
[    0.075053] pci 0000:03:00.0: reg 10 64bit mmio: [0xdf3f0000-0xdf3fffff]
[    0.075248] pci 0000:00:1c.1: bridge io port: [0x3000-0x3fff]
[    0.075254] pci 0000:00:1c.1: bridge 32bit mmio: [0xdc000000-0xdf3fffff]
[    0.075263] pci 0000:00:1c.1: bridge 64bit mmio pref: [0xdfe00000-0xdfefffff]
[    0.075317] pci 0000:00:1c.2: bridge io port: [0x4000-0x4fff]
[    0.075323] pci 0000:00:1c.2: bridge 32bit mmio: [0xd8000000-0xd9ffffff]
[    0.075332] pci 0000:00:1c.2: bridge 64bit mmio pref: [0xdfb00000-0xdfbfffff]
[    0.075386] pci 0000:00:1c.3: bridge io port: [0x5000-0x5fff]
[    0.075392] pci 0000:00:1c.3: bridge 32bit mmio: [0xd4000000-0xd5ffffff]
[    0.075401] pci 0000:00:1c.3: bridge 64bit mmio pref: [0xdf800000-0xdf8fffff]
[    0.075462] pci 0000:00:1c.4: bridge io port: [0x6000-0x6fff]
[    0.075468] pci 0000:00:1c.4: bridge 32bit mmio: [0xd0000000-0xd1ffffff]
[    0.075476] pci 0000:00:1c.4: bridge 64bit mmio pref: [0xdf500000-0xdf5fffff]
[    0.075538] pci 0000:15:00.0: reg 10 32bit mmio: [0xf8300000-0xf8300fff]
[    0.075592] pci 0000:15:00.0: supports D1 D2
[    0.075594] pci 0000:15:00.0: PME# supported from D0 D1 D2 D3hot D3cold
[    0.075688] pci 0000:15:00.0: PME# disabled
[    0.075833] pci 0000:15:00.1: reg 10 32bit mmio: [0xf8301000-0xf83017ff]
[    0.075929] pci 0000:15:00.1: supports D1 D2
[    0.075930] pci 0000:15:00.1: PME# supported from D0 D1 D2 D3hot D3cold
[    0.076000] pci 0000:15:00.1: PME# disabled
[    0.076173] pci 0000:00:1e.0: transparent bridge
[    0.076262] pci 0000:00:1e.0: bridge io port: [0x7000-0xafff]
[    0.076269] pci 0000:00:1e.0: bridge 32bit mmio: [0xf8300000-0xfbffffff]
[    0.076278] pci 0000:00:1e.0: bridge 64bit mmio pref: [0xf4000000-0xf7ffffff]
[    0.076340] pci_bus 0000:00: on NUMA node 0
[    0.076344] ACPI: PCI Interrupt Routing Table [\_SB_.PCI0._PRT]
[    0.076477] ACPI: PCI Interrupt Routing Table [\_SB_.PCI0.EXP0._PRT]
[    0.076536] ACPI: PCI Interrupt Routing Table [\_SB_.PCI0.EXP1._PRT]
[    0.076594] ACPI: PCI Interrupt Routing Table [\_SB_.PCI0.EXP2._PRT]
[    0.076652] ACPI: PCI Interrupt Routing Table [\_SB_.PCI0.EXP3._PRT]
[    0.076714] ACPI: PCI Interrupt Routing Table [\_SB_.PCI0.EXP4._PRT]
[    0.076776] ACPI: PCI Interrupt Routing Table [\_SB_.PCI0.PCI1._PRT]
[    0.082256] ACPI: PCI Interrupt Link [LNKA] (IRQs 3 4 5 6 7 9 *10 11)
[    0.082969] ACPI: PCI Interrupt Link [LNKB] (IRQs 3 4 5 6 7 9 10 *11)
[    0.083668] ACPI: PCI Interrupt Link [LNKC] (IRQs 3 4 5 6 7 9 10 *11)
[    0.084414] ACPI: PCI Interrupt Link [LNKD] (IRQs 3 4 5 6 7 9 10 *11)
[    0.085131] ACPI: PCI Interrupt Link [LNKE] (IRQs 3 4 5 6 7 9 10 *11)
[    0.085835] ACPI: PCI Interrupt Link [LNKF] (IRQs 3 4 5 6 7 9 10 *11)
[    0.086553] ACPI: PCI Interrupt Link [LNKG] (IRQs 3 4 5 6 7 9 10 *11)
[    0.087289] ACPI: PCI Interrupt Link [LNKH] (IRQs 3 4 5 6 7 9 10 *11)
[    0.087982] vgaarb: device added: PCI:0000:00:02.0,decodes=io+mem,owns=io+mem,locks=none
[    0.088004] vgaarb: loaded
[    0.088174] SCSI subsystem initialized
[    0.088264] libata version 3.00 loaded.
[    0.088310] usbcore: registered new interface driver usbfs
[    0.088425] usbcore: registered new interface driver hub
[    0.088534] usbcore: registered new device driver usb
[    0.105043] raid6: int32x1    941 MB/s
[    0.122059] raid6: int32x2    890 MB/s
[    0.138988] raid6: int32x4    746 MB/s
[    0.156072] raid6: int32x8    660 MB/s
[    0.172986] raid6: mmxx1     2878 MB/s
[    0.189982] raid6: mmxx2     3269 MB/s
[    0.206999] raid6: sse1x1    1937 MB/s
[    0.223993] raid6: sse1x2    2535 MB/s
[    0.240991] raid6: sse2x1    3503 MB/s
[    0.257973] raid6: sse2x2    3832 MB/s
[    0.258051] raid6: using algorithm sse2x2 (3832 MB/s)
[    0.258135] PCI: Using ACPI for IRQ routing
[    0.258426] HPET: 3 timers in total, 0 timers will be used for per-cpu timer
[    0.258991] Switching to clocksource tsc
[    0.259083] pnp: PnP ACPI init
[    0.259172] ACPI: bus type pnp registered
[    0.262820] pnp: PnP ACPI: found 11 devices
[    0.262923] ACPI: ACPI bus type pnp unregistered
[    0.263012] system 00:00: iomem range 0x0-0x9ffff could not be reserved
[    0.263096] system 00:00: iomem range 0xc0000-0xc3fff could not be reserved
[    0.263179] system 00:00: iomem range 0xc4000-0xc7fff could not be reserved
[    0.263266] system 00:00: iomem range 0xc8000-0xcbfff has been reserved
[    0.263359] system 00:00: iomem range 0xcc000-0xcffff has been reserved
[    0.263444] system 00:00: iomem range 0xd0000-0xd3fff could not be reserved
[    0.263541] system 00:00: iomem range 0xe0000-0xe3fff could not be reserved
[    0.263631] system 00:00: iomem range 0xe4000-0xe7fff could not be reserved
[    0.263721] system 00:00: iomem range 0xe8000-0xebfff could not be reserved
[    0.263806] system 00:00: iomem range 0xec000-0xeffff could not be reserved
[    0.263895] system 00:00: iomem range 0xf0000-0xfffff could not be reserved
[    0.263985] system 00:00: iomem range 0x100000-0x3dffffff could not be reserved
[    0.264097] system 00:00: iomem range 0xfec00000-0xfed3ffff could not be reserved
[    0.264219] system 00:00: iomem range 0xfed4c000-0xffffffff could not be reserved
[    0.264338] system 00:02: ioport range 0x164e-0x164f has been reserved
[    0.264421] system 00:02: ioport range 0x1000-0x107f has been reserved
[    0.264502] system 00:02: ioport range 0x1180-0x11bf has been reserved
[    0.264587] system 00:02: ioport range 0x800-0x80f has been reserved
[    0.264669] system 00:02: ioport range 0x15e0-0x15ef has been reserved
[    0.264756] system 00:02: ioport range 0x1600-0x165f could not be reserved
[    0.264839] system 00:02: iomem range 0xf0000000-0xf3ffffff has been reserved
[    0.264935] system 00:02: iomem range 0xfed1c000-0xfed1ffff has been reserved
[    0.265032] system 00:02: iomem range 0xfed14000-0xfed17fff has been reserved
[    0.265120] system 00:02: iomem range 0xfed18000-0xfed18fff has been reserved
[    0.265215] system 00:02: iomem range 0xfed19000-0xfed19fff has been reserved
[    0.265306] system 00:02: iomem range 0xfed45000-0xfed4bfff has been reserved
[    0.300336] pci 0000:00:1c.0: PCI bridge, secondary bus 0000:02
[    0.300419] pci 0000:00:1c.0:   IO window: 0x2000-0x2fff
[    0.300517] pci 0000:00:1c.0:   MEM window: 0xfc000000-0xfdffffff
[    0.300612] pci 0000:00:1c.0:   PREFETCH window: 0x000000f8000000-0x000000f80fffff
[    0.300733] pci 0000:00:1c.1: PCI bridge, secondary bus 0000:03
[    0.300822] pci 0000:00:1c.1:   IO window: 0x3000-0x3fff
[    0.300916] pci 0000:00:1c.1:   MEM window: 0xdc000000-0xdf3fffff
[    0.301003] pci 0000:00:1c.1:   PREFETCH window: 0x000000dfe00000-0x000000dfefffff
[    0.301123] pci 0000:00:1c.2: PCI bridge, secondary bus 0000:04
[    0.301214] pci 0000:00:1c.2:   IO window: 0x4000-0x4fff
[    0.301307] pci 0000:00:1c.2:   MEM window: 0xd8000000-0xd9ffffff
[    0.301398] pci 0000:00:1c.2:   PREFETCH window: 0x000000dfb00000-0x000000dfbfffff
[    0.301524] pci 0000:00:1c.3: PCI bridge, secondary bus 0000:05
[    0.301607] pci 0000:00:1c.3:   IO window: 0x5000-0x5fff
[    0.301696] pci 0000:00:1c.3:   MEM window: 0xd4000000-0xd5ffffff
[    0.301795] pci 0000:00:1c.3:   PREFETCH window: 0x000000df800000-0x000000df8fffff
[    0.301917] pci 0000:00:1c.4: PCI bridge, secondary bus 0000:0d
[    0.302001] pci 0000:00:1c.4:   IO window: 0x6000-0x6fff
[    0.302096] pci 0000:00:1c.4:   MEM window: 0xd0000000-0xd1ffffff
[    0.302185] pci 0000:00:1c.4:   PREFETCH window: 0x000000df500000-0x000000df5fffff
[    0.302314] pci 0000:15:00.0: CardBus bridge, secondary bus 0000:16
[    0.302405] pci 0000:15:00.0:   IO window: 0x007000-0x0070ff
[    0.302488] pci 0000:15:00.0:   IO window: 0x007400-0x0074ff
[    0.302580] pci 0000:15:00.0:   PREFETCH window: 0xf4000000-0xf7ffffff
[    0.302674] pci 0000:15:00.0:   MEM window: 0x40000000-0x43ffffff
[    0.302763] pci 0000:00:1e.0: PCI bridge, secondary bus 0000:15
[    0.302854] pci 0000:00:1e.0:   IO window: 0x7000-0xafff
[    0.302946] pci 0000:00:1e.0:   MEM window: 0xf8300000-0xfbffffff
[    0.303039] pci 0000:00:1e.0:   PREFETCH window: 0x000000f4000000-0x000000f7ffffff
[    0.303174] pci 0000:00:1c.0: PCI INT A -> GSI 20 (level, low) -> IRQ 20
[    0.303272] pci 0000:00:1c.0: setting latency timer to 64
[    0.303284] pci 0000:00:1c.1: PCI INT B -> GSI 21 (level, low) -> IRQ 21
[    0.303379] pci 0000:00:1c.1: setting latency timer to 64
[    0.303388] pci 0000:00:1c.2: PCI INT C -> GSI 22 (level, low) -> IRQ 22
[    0.303472] pci 0000:00:1c.2: setting latency timer to 64
[    0.303484] pci 0000:00:1c.3: PCI INT D -> GSI 23 (level, low) -> IRQ 23
[    0.303577] pci 0000:00:1c.3: setting latency timer to 64
[    0.303588] pci 0000:00:1c.4: PCI INT A -> GSI 20 (level, low) -> IRQ 20
[    0.303686] pci 0000:00:1c.4: setting latency timer to 64
[    0.303695] pci 0000:00:1e.0: enabling device (0005 -> 0007)
[    0.303787] pci 0000:00:1e.0: setting latency timer to 64
[    0.303804] pci 0000:15:00.0: PCI INT A -> GSI 16 (level, low) -> IRQ 16
[    0.303902] pci 0000:15:00.0: setting latency timer to 64
[    0.303907] pci_bus 0000:00: resource 0 io:  [0x00-0xffff]
[    0.303909] pci_bus 0000:00: resource 1 mem: [0x000000-0xffffffff]
[    0.303911] pci_bus 0000:02: resource 0 io:  [0x2000-0x2fff]
[    0.303913] pci_bus 0000:02: resource 1 mem: [0xfc000000-0xfdffffff]
[    0.303915] pci_bus 0000:02: resource 2 pref mem [0xf8000000-0xf80fffff]
[    0.303917] pci_bus 0000:03: resource 0 io:  [0x3000-0x3fff]
[    0.303918] pci_bus 0000:03: resource 1 mem: [0xdc000000-0xdf3fffff]
[    0.303920] pci_bus 0000:03: resource 2 pref mem [0xdfe00000-0xdfefffff]
[    0.303922] pci_bus 0000:04: resource 0 io:  [0x4000-0x4fff]
[    0.303924] pci_bus 0000:04: resource 1 mem: [0xd8000000-0xd9ffffff]
[    0.303926] pci_bus 0000:04: resource 2 pref mem [0xdfb00000-0xdfbfffff]
[    0.303928] pci_bus 0000:05: resource 0 io:  [0x5000-0x5fff]
[    0.303929] pci_bus 0000:05: resource 1 mem: [0xd4000000-0xd5ffffff]
[    0.303931] pci_bus 0000:05: resource 2 pref mem [0xdf800000-0xdf8fffff]
[    0.303933] pci_bus 0000:0d: resource 0 io:  [0x6000-0x6fff]
[    0.303935] pci_bus 0000:0d: resource 1 mem: [0xd0000000-0xd1ffffff]
[    0.303936] pci_bus 0000:0d: resource 2 pref mem [0xdf500000-0xdf5fffff]
[    0.303938] pci_bus 0000:15: resource 0 io:  [0x7000-0xafff]
[    0.303940] pci_bus 0000:15: resource 1 mem: [0xf8300000-0xfbffffff]
[    0.303942] pci_bus 0000:15: resource 2 pref mem [0xf4000000-0xf7ffffff]
[    0.303944] pci_bus 0000:15: resource 3 io:  [0x00-0xffff]
[    0.303945] pci_bus 0000:15: resource 4 mem: [0x000000-0xffffffff]
[    0.303947] pci_bus 0000:16: resource 0 io:  [0x7000-0x70ff]
[    0.303949] pci_bus 0000:16: resource 1 io:  [0x7400-0x74ff]
[    0.303951] pci_bus 0000:16: resource 2 pref mem [0xf4000000-0xf7ffffff]
[    0.303952] pci_bus 0000:16: resource 3 mem: [0x40000000-0x43ffffff]
[    0.303960] NET: Registered protocol family 2
[    0.304044] RANDOM - __random32 called. Change num 7.  Value: 7ba3d01e	3ca905be	d2026a24
[    0.304046] RANDOM - random32 called.  Value: 7ba3d01e	3ca905be	d2026a24
[    0.304050] random 0000 0000 0000 5f8db4e5 4cfdf2a8: rand_read_num 3 get_random_bytes(4): sig fffffb64 5f8db4e5 4cfdf2a8
[    0.304052] random 0000 0000 0000 5f8db4e5 4cfdf2a8: extract_entropy(.. 4 ..)
[    0.304055] random 0000 0000 0000 5f8db4e5 4cfdf2a8: going to reseed nonblocking with 64 bits (32 of 0 requested)
[    0.304057] random 0000 0000 0000 5f8db4e5 4cfdf2a8: extract_entropy(.. 8 ..)
[    0.304059] random 0000 0000 0000 5f8db4e5 4cfdf2a8: trying to extract 64 bits from input
[    0.304061] random 0000 0000 0000 5f8db4e5 4cfdf2a8: debiting 0 entropy credits from input
[    0.304063] random 0000 0000 0000 5f8db4e5 4cfdf2a8: extract_entropy account returned: 0 
[    0.304066] random 0000 0000 0000 5f8db4e5 4cfdf2a8: urand_change_num 5 xfer_secondary_pool(4): pool_sig fffffb64, data_sig 00000000, bytes_mixed 0 5f8db4e5 4cfdf2a8
[    0.304069] random 0000 0000 0000 5f8db4e5 4cfdf2a8: trying to extract 32 bits from nonblocking
[    0.304071] random 0000 0000 0000 5f8db4e5 4cfdf2a8: debiting 32 entropy credits from nonblocking (unlimited)
[    0.304073] random 0000 0000 0000 5f8db4e5 4cfdf2a8: extract_entropy account returned: 4 
[    0.304077] random 0000 0000 0000 5f8db4e5 4cfdf2a8: urand_change_num 6 extract_buf: pool_sig fffffb64, data_sig 00000241, bytes_mixed 20 5f8db4e5 4cfdf2a8
[    0.304087] IP route cache hash table entries: 32768 (order: 5, 131072 bytes)
[    0.304209] RANDOM - __random32 called. Change num 8.  Value: 3d01e034	ca905be7	d4484227
[    0.304211] RANDOM - random32 called.  Value: 3d01e034	ca905be7	d4484227
[    0.304222] RANDOM - __random32 called. Change num 9.  Value: 1e034020	a905be70	844ec14a
[    0.304224] RANDOM - random32 called.  Value: 1e034020	a905be70	844ec14a
[    0.304226] RANDOM - __random32 called. Change num 10.  Value: 34020ec0	905be706	8294c719
[    0.304227] RANDOM - random32 called.  Value: 34020ec0	905be706	8294c719
[    0.304238] RANDOM - __random32 called. Change num 11.  Value: 20ec0ebb	5be7068	8e32c65f
[    0.304239] RANDOM - random32 called.  Value: 20ec0ebb	5be7068	8e32c65f
[    0.304249] TCP established hash table entries: 131072 (order: 8, 1048576 bytes)
[    0.304731] TCP bind hash table entries: 65536 (order: 6, 262144 bytes)
[    0.304910] TCP: Hash tables configured (established 131072 bind 65536)
[    0.304992] TCP reno registered
[    0.305088] NET: Registered protocol family 1
[    0.305199] RPC: Registered udp transport module.
[    0.305278] RPC: Registered tcp transport module.
[    0.305358] RPC: Registered tcp NFSv4.1 backchannel transport module.
[    0.305445] pci 0000:00:02.0: Boot video device
[    0.305657] Simple Boot Flag at 0x35 set to 0x1
[    0.306202] highmem bounce pool size: 64 pages
[    0.307692] VFS: Disk quotas dquot_6.5.2
[    0.307808] Dquot-cache hash table entries: 1024 (order 0, 4096 bytes)
[    0.308558] NTFS driver 2.1.29 [Flags: R/W].
[    0.308710] ROMFS MTD (C) 2007 Red Hat, Inc.
[    0.308914] JFS: nTxBlock = 7695, nTxLock = 61562
[    0.311375] SGI XFS with ACLs, security attributes, large block/inode numbers, no debug enabled
[    0.311846] SGI XFS Quota Management subsystem
[    0.312139] Slow work thread pool: Starting up
[    0.312231] Slow work thread pool: Ready
[    0.312316] GFS2 (built May 24 2013 02:47:17) installed
[    0.312401] msgmni has been set to 1734
[    0.312556] alg: No test for cipher_null (cipher_null-generic)
[    0.312668] alg: No test for ecb(cipher_null) (ecb-cipher_null)
[    0.312774] alg: No test for digest_null (digest_null-generic)
[    0.312884] alg: No test for compress_null (compress_null-generic)
[    0.313427] alg: No test for fcrypt (fcrypt-generic)
[    0.314848] alg: No test for stdrng (krng)
[    0.314946] async_tx: api initialized (async)
[    0.315099] Block layer SCSI generic (bsg) driver version 0.4 loaded (major 254)
[    0.315212] io scheduler noop registered
[    0.315302] io scheduler anticipatory registered
[    0.315386] io scheduler deadline registered
[    0.315511] io scheduler cfq registered (default)
[    0.315759] pcieport 0000:00:1c.0: irq 24 for MSI/MSI-X
[    0.315774] pcieport 0000:00:1c.0: setting latency timer to 64
[    0.315974] pcieport 0000:00:1c.1: irq 25 for MSI/MSI-X
[    0.315983] pcieport 0000:00:1c.1: setting latency timer to 64
[    0.316169] pcieport 0000:00:1c.2: irq 26 for MSI/MSI-X
[    0.316179] pcieport 0000:00:1c.2: setting latency timer to 64
[    0.316355] pcieport 0000:00:1c.3: irq 27 for MSI/MSI-X
[    0.316366] pcieport 0000:00:1c.3: setting latency timer to 64
[    0.316542] pcieport 0000:00:1c.4: irq 28 for MSI/MSI-X
[    0.316553] pcieport 0000:00:1c.4: setting latency timer to 64
[    0.316697] pci_hotplug: PCI Hot Plug PCI Core version: 0.5
[    0.316893] isapnp: Scanning for PnP cards...
[    0.677422] isapnp: No Plug & Play device found
[    0.677509] random 0000 0000 0000 5f8db4e5 4cfdf2a8: initializing
[    0.697036] Serial: 8250/16550 driver, 4 ports, IRQ sharing enabled
[    3.707143] floppy0: no floppy controllers found
[    3.708080] brd: module loaded
[    3.708584] loop: module loaded
[    3.708661] Compaq SMART2 Driver (v 2.6.0)
[    3.708777] HP CISS Driver (v 3.6.20)
[    3.709007] input: Macintosh mouse button emulation as /devices/virtual/input/input0
[    3.709128] Uniform Multi-Platform E-IDE driver
[    3.709372] piix 0000:00:1f.1: IDE controller (0x8086:0x2850 rev 0x03)
[    3.709466] pci 0000:00:1f.1: PCI INT C -> GSI 16 (level, low) -> IRQ 16
[    3.709566] piix 0000:00:1f.1: IDE port disabled
[    3.709658] piix 0000:00:1f.1: not 100% native mode: will probe irqs later
[    3.709753]     ide0: BM-DMA at 0x1c00-0x1c07
[    3.709839] Probing IDE interface ide0...
[    4.381217] hda: HL-DT-ST DVDRAM GSA-U10N, ATAPI CD/DVD-ROM drive
[    4.687964] hda: host max PIO4 wanted PIO255(auto-tune) selected PIO4
[    4.688738] hda: UDMA/33 mode selected
[    4.689198] ide0 at 0x1f0-0x1f7,0x3f6 on irq 14
[    4.693060] ide-gd driver 1.18
[    4.693156] ide-cd driver 5.00
[    4.694542] ide-cd: hda: ATAPI 24X DVD-ROM DVD-R/RAM CD-R/RW drive, 2048kB Cache
[    4.694919] Uniform CD-ROM driver Revision: 3.20
[    4.702112] Loading iSCSI transport class v2.0-870.
[    4.702393] rdac: device handler registered
[    4.702474] hp_sw: device handler registered
[    4.702559] emc: device handler registered
[    4.702647] alua: device handler registered
[    4.703637] Adaptec aacraid driver 1.1-5[2461]-ms
[    4.704055] scsi: <fdomain> Detection failed (no card)
[    4.704143] sym53c416.c: Version 1.0.0-ac
[    4.704248] qlogicfas: no cards were found, please specify I/O address and IRQ using iobase= and irq= options
[    4.704368] QLogic Fibre Channel HBA Driver: 8.03.01-k6
[    4.704579] iscsi: registered transport (qla4xxx)
[    4.704678] QLogic iSCSI HBA Driver
[    4.704759] Emulex LightPulse Fibre Channel SCSI driver 8.3.4
[    4.704843] Copyright(c) 2004-2009 Emulex.  All rights reserved.
[    4.726939] Failed initialization of WD-7000 SCSI card!
[    4.816331] DC390: clustering now enabled by default. If you get problems load
[    4.816449]        with "disable_clustering=1" and report to maintainers
[    4.816574] megaraid cmm: 2.20.2.7 (Release Date: Sun Jul 16 00:01:03 EST 2006)
[    4.816724] megaraid: 2.20.5.1 (Release Date: Thu Nov 16 15:32:35 EST 2006)
[    4.816833] megasas: 00.00.04.01 Thu July 24 11:41:51 PST 2008
[    4.816969] GDT-HA: Storage RAID Controller Driver. Version: 3.05
[    4.817111] 3ware Storage Controller device driver for Linux v1.26.02.002.
[    4.817217] 3ware 9000 Storage Controller device driver for Linux v2.26.02.012.
[    4.817353] nsp32: loading...
[    4.817460] ipr: IBM Power RAID SCSI Device Driver version: 2.4.3 (June 10, 2009)
[    4.817602] RocketRAID 3xxx/4xxx Controller driver v1.6 (090910)
[    4.817702] stex: Promise SuperTrak EX Driver version: 4.6.0000.3
[    4.817826] st: Version 20081215, fixed bufsize 32768, s/g segs 256
[    4.818014] ahci 0000:00:1f.2: version 3.0
[    4.818027] ahci 0000:00:1f.2: PCI INT B -> GSI 16 (level, low) -> IRQ 16
[    4.818155] ahci 0000:00:1f.2: irq 29 for MSI/MSI-X
[    4.818217] ahci 0000:00:1f.2: AHCI 0001.0100 32 slots 3 ports 1.5 Gbps 0x5 impl SATA mode
[    4.818340] ahci 0000:00:1f.2: flags: 64bit ncq sntf pm led clo pio slum part ccc 
[    4.818465] ahci 0000:00:1f.2: setting latency timer to 64
[    4.818609] scsi2 : ahci
[    4.818763] scsi3 : ahci
[    4.818920] scsi4 : ahci
[    4.819082] ata1: SATA max UDMA/133 abar m2048@0xfe226000 port 0xfe226100 irq 29
[    4.819204] ata2: DUMMY
[    4.819283] ata3: SATA max UDMA/133 abar m2048@0xfe226000 port 0xfe226200 irq 29
[    4.819878] I2O subsystem v1.325
[    4.819977] i2o: max drivers = 8
[    4.820119] I2O Configuration OSM v1.323
[    4.820223] I2O Bus Adapter OSM v1.317
[    4.820316] I2O Block Device OSM v1.325
[    4.820464] I2O SCSI Peripheral OSM v1.316
[    4.820561] I2O ProcFS OSM v1.316
[    4.820665] Fusion MPT base driver 3.04.12
[    4.820755] Copyright (c) 1999-2008 LSI Corporation
[    4.820839] Fusion MPT SPI Host driver 3.04.12
[    4.820999] Fusion MPT FC Host driver 3.04.12
[    4.821117] Fusion MPT SAS Host driver 3.04.12
[    4.821259] ohci1394 0000:15:00.1: PCI INT B -> GSI 17 (level, low) -> IRQ 17
[    4.821355] ohci1394 0000:15:00.1: setting latency timer to 64
[    4.874933] ohci1394: fw-host0: OHCI-1394 1.1 (PCI): IRQ=[17]  MMIO=[f8301000-f83017ff]  Max Packet=[2048]  IR/IT contexts=[4/4]
[    4.879194] ehci_hcd: USB 2.0 'Enhanced' Host Controller (EHCI) Driver
[    4.879476] ehci_hcd 0000:00:1a.7: power state changed by ACPI to D0
[    4.879769] ehci_hcd 0000:00:1a.7: power state changed by ACPI to D0
[    4.879863] ehci_hcd 0000:00:1a.7: PCI INT C -> GSI 22 (level, low) -> IRQ 22
[    4.879972] ehci_hcd 0000:00:1a.7: setting latency timer to 64
[    4.879977] ehci_hcd 0000:00:1a.7: EHCI Host Controller
[    4.880115] ehci_hcd 0000:00:1a.7: new USB bus registered, assigned bus number 1
[    4.884152] ehci_hcd 0000:00:1a.7: cache line size of 32 is not supported
[    4.884161] ehci_hcd 0000:00:1a.7: irq 22, io mem 0xfe226c00
[    4.893890] ehci_hcd 0000:00:1a.7: USB 2.0 started, EHCI 1.00
[    4.893990] usb usb1: New USB device found, idVendor=1d6b, idProduct=0002
[    4.894077] usb usb1: New USB device strings: Mfr=3, Product=2, SerialNumber=1
[    4.894194] usb usb1: Product: EHCI Host Controller
[    4.894276] usb usb1: Manufacturer: Linux 2.6.32.57 ehci_hcd
[    4.894362] usb usb1: SerialNumber: 0000:00:1a.7
[    4.894504] usb usb1: configuration #1 chosen from 1 choice
[    4.894625] hub 1-0:1.0: USB hub found
[    4.894715] hub 1-0:1.0: 4 ports detected
[    4.895009] ehci_hcd 0000:00:1d.7: power state changed by ACPI to D0
[    4.895289] ehci_hcd 0000:00:1d.7: power state changed by ACPI to D0
[    4.895376] ehci_hcd 0000:00:1d.7: PCI INT D -> GSI 19 (level, low) -> IRQ 19
[    4.895468] ehci_hcd 0000:00:1d.7: setting latency timer to 64
[    4.895471] ehci_hcd 0000:00:1d.7: EHCI Host Controller
[    4.895596] ehci_hcd 0000:00:1d.7: new USB bus registered, assigned bus number 2
[    4.895751] ehci_hcd 0000:00:1d.7: debug port 1
[    4.899711] ehci_hcd 0000:00:1d.7: cache line size of 32 is not supported
[    4.899718] ehci_hcd 0000:00:1d.7: irq 19, io mem 0xfe227000
[    4.909887] ehci_hcd 0000:00:1d.7: USB 2.0 started, EHCI 1.00
[    4.909992] usb usb2: New USB device found, idVendor=1d6b, idProduct=0002
[    4.910082] usb usb2: New USB device strings: Mfr=3, Product=2, SerialNumber=1
[    4.910200] usb usb2: Product: EHCI Host Controller
[    4.910286] usb usb2: Manufacturer: Linux 2.6.32.57 ehci_hcd
[    4.910377] usb usb2: SerialNumber: 0000:00:1d.7
[    4.910520] usb usb2: configuration #1 chosen from 1 choice
[    4.910630] hub 2-0:1.0: USB hub found
[    4.910715] hub 2-0:1.0: 6 ports detected
[    4.910879] 116x: driver isp116x-hcd, 03 Nov 2005
[    4.910979] ohci_hcd: USB 1.1 'Open' Host Controller (OHCI) Driver
[    4.911083] uhci_hcd: USB Universal Host Controller Interface driver
[    4.911189] uhci_hcd 0000:00:1a.0: PCI INT A -> GSI 20 (level, low) -> IRQ 20
[    4.911285] uhci_hcd 0000:00:1a.0: setting latency timer to 64
[    4.911290] uhci_hcd 0000:00:1a.0: UHCI Host Controller
[    4.911410] uhci_hcd 0000:00:1a.0: new USB bus registered, assigned bus number 3
[    4.911555] uhci_hcd 0000:00:1a.0: irq 20, io base 0x00001860
[    4.911667] usb usb3: New USB device found, idVendor=1d6b, idProduct=0001
[    4.911754] usb usb3: New USB device strings: Mfr=3, Product=2, SerialNumber=1
[    4.911866] usb usb3: Product: UHCI Host Controller
[    4.911954] usb usb3: Manufacturer: Linux 2.6.32.57 uhci_hcd
[    4.912034] usb usb3: SerialNumber: 0000:00:1a.0
[    4.912163] usb usb3: configuration #1 chosen from 1 choice
[    4.912279] hub 3-0:1.0: USB hub found
[    4.912365] hub 3-0:1.0: 2 ports detected
[    4.912655] uhci_hcd 0000:00:1a.1: power state changed by ACPI to D0
[    4.912904] uhci_hcd 0000:00:1a.1: power state changed by ACPI to D0
[    4.912996] uhci_hcd 0000:00:1a.1: PCI INT B -> GSI 21 (level, low) -> IRQ 21
[    4.913097] uhci_hcd 0000:00:1a.1: setting latency timer to 64
[    4.913100] uhci_hcd 0000:00:1a.1: UHCI Host Controller
[    4.913216] uhci_hcd 0000:00:1a.1: new USB bus registered, assigned bus number 4
[    4.913364] uhci_hcd 0000:00:1a.1: irq 21, io base 0x00001880
[    4.913483] usb usb4: New USB device found, idVendor=1d6b, idProduct=0001
[    4.913578] usb usb4: New USB device strings: Mfr=3, Product=2, SerialNumber=1
[    4.913691] usb usb4: Product: UHCI Host Controller
[    4.913770] usb usb4: Manufacturer: Linux 2.6.32.57 uhci_hcd
[    4.913858] usb usb4: SerialNumber: 0000:00:1a.1
[    4.913991] usb usb4: configuration #1 chosen from 1 choice
[    4.914105] hub 4-0:1.0: USB hub found
[    4.914193] hub 4-0:1.0: 2 ports detected
[    4.914498] uhci_hcd 0000:00:1d.0: power state changed by ACPI to D0
[    4.914759] uhci_hcd 0000:00:1d.0: power state changed by ACPI to D0
[    4.914854] uhci_hcd 0000:00:1d.0: PCI INT A -> GSI 16 (level, low) -> IRQ 16
[    4.914949] uhci_hcd 0000:00:1d.0: setting latency timer to 64
[    4.914953] uhci_hcd 0000:00:1d.0: UHCI Host Controller
[    4.915096] uhci_hcd 0000:00:1d.0: new USB bus registered, assigned bus number 5
[    4.915245] uhci_hcd 0000:00:1d.0: irq 16, io base 0x000018a0
[    4.915354] usb usb5: New USB device found, idVendor=1d6b, idProduct=0001
[    4.915438] usb usb5: New USB device strings: Mfr=3, Product=2, SerialNumber=1
[    4.915550] usb usb5: Product: UHCI Host Controller
[    4.915629] usb usb5: Manufacturer: Linux 2.6.32.57 uhci_hcd
[    4.915708] usb usb5: SerialNumber: 0000:00:1d.0
[    4.915844] usb usb5: configuration #1 chosen from 1 choice
[    4.915968] hub 5-0:1.0: USB hub found
[    4.916052] hub 5-0:1.0: 2 ports detected
[    4.916187] uhci_hcd 0000:00:1d.1: PCI INT B -> GSI 17 (level, low) -> IRQ 17
[    4.916278] uhci_hcd 0000:00:1d.1: setting latency timer to 64
[    4.916283] uhci_hcd 0000:00:1d.1: UHCI Host Controller
[    4.916403] uhci_hcd 0000:00:1d.1: new USB bus registered, assigned bus number 6
[    4.916538] uhci_hcd 0000:00:1d.1: irq 17, io base 0x000018c0
[    4.916647] usb usb6: New USB device found, idVendor=1d6b, idProduct=0001
[    4.916738] usb usb6: New USB device strings: Mfr=3, Product=2, SerialNumber=1
[    4.916855] usb usb6: Product: UHCI Host Controller
[    4.916940] usb usb6: Manufacturer: Linux 2.6.32.57 uhci_hcd
[    4.917020] usb usb6: SerialNumber: 0000:00:1d.1
[    4.917145] usb usb6: configuration #1 chosen from 1 choice
[    4.917255] hub 6-0:1.0: USB hub found
[    4.917342] hub 6-0:1.0: 2 ports detected
[    4.917630] uhci_hcd 0000:00:1d.2: power state changed by ACPI to D0
[    4.917865] uhci_hcd 0000:00:1d.2: power state changed by ACPI to D0
[    4.917960] uhci_hcd 0000:00:1d.2: PCI INT C -> GSI 18 (level, low) -> IRQ 18
[    4.918052] uhci_hcd 0000:00:1d.2: setting latency timer to 64
[    4.918057] uhci_hcd 0000:00:1d.2: UHCI Host Controller
[    4.918182] uhci_hcd 0000:00:1d.2: new USB bus registered, assigned bus number 7
[    4.918325] uhci_hcd 0000:00:1d.2: irq 18, io base 0x000018e0
[    4.918430] usb usb7: New USB device found, idVendor=1d6b, idProduct=0001
[    4.918512] usb usb7: New USB device strings: Mfr=3, Product=2, SerialNumber=1
[    4.918629] usb usb7: Product: UHCI Host Controller
[    4.918716] usb usb7: Manufacturer: Linux 2.6.32.57 uhci_hcd
[    4.918800] usb usb7: SerialNumber: 0000:00:1d.2
[    4.919599] usb usb7: configuration #1 chosen from 1 choice
[    4.919718] hub 7-0:1.0: USB hub found
[    4.919807] hub 7-0:1.0: 2 ports detected
[    4.919967] sl811: driver sl811-hcd, 19 May 2005
[    4.920082] r8a66597_hcd: driver r8a66597_hcd, 2009-05-26
[    4.920242] Initializing USB Mass Storage driver...
[    4.920359] usbcore: registered new interface driver usb-storage
[    4.920447] USB Mass Storage support registered.
[    4.920549] usbcore: registered new interface driver ums-alauda
[    4.920653] usbcore: registered new interface driver ums-cypress
[    4.920754] usbcore: registered new interface driver ums-datafab
[    4.920857] usbcore: registered new interface driver ums-freecom
[    4.920967] usbcore: registered new interface driver ums-isd200
[    4.921067] usbcore: registered new interface driver ums-jumpshot
[    4.921176] usbcore: registered new interface driver ums-karma
[    4.921277] usbcore: registered new interface driver ums-onetouch
[    4.921386] usbcore: registered new interface driver ums-sddr09
[    4.921486] usbcore: registered new interface driver ums-sddr55
[    4.921584] usbcore: registered new interface driver ums-usbat
[    4.921731] PNP: PS/2 Controller [PNP0303:KBD,PNP0f13:MOU] at 0x60,0x64 irq 1,12
[    4.930488] serio: i8042 KBD port at 0x60,0x64 irq 1
[    4.930574] serio: i8042 AUX port at 0x60,0x64 irq 12
[    4.930813] mice: PS/2 mouse device common for all mice
[    4.930924] i2c /dev entries driver
[    4.931049] md: linear personality registered for level -1
[    4.931137] md: raid0 personality registered for level 0
[    4.931224] md: raid1 personality registered for level 1
[    4.931304] md: raid10 personality registered for level 10
[    4.931387] md: raid6 personality registered for level 6
[    4.931467] md: raid5 personality registered for level 5
[    4.931567] md: raid4 personality registered for level 4
[    4.931648] md: multipath personality registered for level -4
[    4.931838] device-mapper: ioctl: 4.15.0-ioctl (2009-04-01) initialised: dm-devel@redhat.com
[    4.932055] cpuidle: using governor ladder
[    4.932647] usbcore: registered new interface driver usbhid
[    4.932732] usbhid: v2.6:USB HID core driver
[    4.932865] random 0000 0000 0000 00000000 00000000: rand_read_num 4 get_random_bytes(136): sig 00000000 00000000 00000000
[    4.932867] random 0000 0000 0000 00000000 00000000: extract_entropy(.. 136 ..)
[    4.932870] random 0000 0000 0000 00000000 00000000: going to reseed nonblocking with 1024 bits (1088 of 0 requested)
[    4.932873] random 0000 0000 0000 00000000 00000000: extract_entropy(.. 128 ..)
[    4.932875] random 0000 0000 0000 00000000 00000000: trying to extract 1024 bits from input
[    4.932877] random 0000 0000 0000 00000000 00000000: debiting 0 entropy credits from input
[    4.932888] random 0000 0000 0000 00000000 00000000: extract_entropy account returned: 0 
[    4.932891] random 0000 0000 0000 00000000 00000000: urand_change_num 7 xfer_secondary_pool(136): pool_sig 00000000, data_sig 00000000, bytes_mixed 0 00000000 00000000
[    4.932894] random 0000 0000 0000 00000000 00000000: trying to extract 1088 bits from nonblocking
[    4.932897] random 0000 0000 0000 00000000 00000000: debiting 1088 entropy credits from nonblocking (unlimited)
[    4.932899] random 0000 0000 0000 00000000 00000000: extract_entropy account returned: 136 
[    4.932903] random 0000 0000 0000 00000000 00000000: urand_change_num 8 extract_buf: pool_sig 00000000, data_sig fffffff9, bytes_mixed 20 00000000 00000000
[    4.932908] random 0000 0000 0000 b7c35b56 be4dc95d: urand_change_num 9 extract_buf: pool_sig fffffd1e, data_sig 000000c5, bytes_mixed 20 b7c35b56 be4dc95d
[    4.932914] random 0000 0000 0000 ed9f5c47 c48487fb: urand_change_num 10 extract_buf: pool_sig fffff8ec, data_sig ffffff68, bytes_mixed 20 ed9f5c47 c48487fb
[    4.932919] random 0000 0000 0000 ed9f5c47 c48487fb: urand_change_num 11 extract_buf: pool_sig fffffaed, data_sig 000001aa, bytes_mixed 20 ed9f5c47 c48487fb
[    4.932924] random 0000 0000 0000 1b4f7c0a 91bd6a48: urand_change_num 12 extract_buf: pool_sig fffffdd8, data_sig 00000064, bytes_mixed 20 1b4f7c0a 91bd6a48
[    4.932929] random 0000 0000 0000 a254b9bc 20e9a24f: urand_change_num 13 extract_buf: pool_sig fffffbe6, data_sig 000001dd, bytes_mixed 20 a254b9bc 20e9a24f
[    4.932934] random 0000 0000 0000 a254b9bc 20e9a24f: urand_change_num 14 extract_buf: pool_sig fffff940, data_sig fffffe20, bytes_mixed 20 a254b9bc 20e9a24f
[    4.932939] random 0000 0000 0000 2831a66b 5fa2a3ad: urand_change_num 15 extract_buf: pool_sig fffffbce, data_sig 0000007e, bytes_mixed 20 2831a66b 5fa2a3ad
[    4.932945] random 0000 0000 0000 2831a66b 5fa2a3ad: urand_change_num 16 extract_buf: pool_sig 000004df, data_sig fffffe8f, bytes_mixed 20 2831a66b 5fa2a3ad
[    4.932950] random 0000 0000 0000 d4512bfd c9a54e0b: urand_change_num 17 extract_buf: pool_sig 00000485, data_sig fffffe68, bytes_mixed 20 d4512bfd c9a54e0b
[    4.932955] random 0000 0000 0000 c7371be6 f9ffea11: urand_change_num 18 extract_buf: pool_sig 00000095, data_sig ffffffed, bytes_mixed 20 c7371be6 f9ffea11
[    4.932960] random 0000 0000 0000 c7371be6 f9ffea11: urand_change_num 19 extract_buf: pool_sig 000003a7, data_sig fffffefa, bytes_mixed 20 c7371be6 f9ffea11
[    4.932965] random 0000 0000 0000 8fb4b62c d1ddba54: urand_change_num 20 extract_buf: pool_sig 00000179, data_sig ffffff78, bytes_mixed 20 8fb4b62c d1ddba54
[    4.932977] random 0000 0000 0000 9ff19f9c c07a1d2a: urand_change_num 21 extract_buf: pool_sig fffffe88, data_sig 00000126, bytes_mixed 20 9ff19f9c c07a1d2a
[    4.932981] TCP cubic registered
[    4.933073] Initializing XFRM netlink socket
[    4.933167] NET: Registered protocol family 17
[    4.933256] Using IPI Shortcut mode
[    4.933340] random 0000 0000 0000 9ff19f9c c07a1d2a: rand_read_num 5 get_random_bytes(8): sig 0000031b 9ff19f9c c07a1d2a
[    4.933342] random 0000 0000 0000 9ff19f9c c07a1d2a: extract_entropy(.. 8 ..)
[    4.933344] random 0000 0000 0000 9ff19f9c c07a1d2a: going to reseed nonblocking with 64 bits (64 of 0 requested)
[    4.933347] random 0000 0000 0000 9ff19f9c c07a1d2a: extract_entropy(.. 8 ..)
[    4.933348] random 0000 0000 0000 9ff19f9c c07a1d2a: trying to extract 64 bits from input
[    4.933351] random 0000 0000 0000 9ff19f9c c07a1d2a: debiting 0 entropy credits from input
[    4.933353] random 0000 0000 0000 9ff19f9c c07a1d2a: extract_entropy account returned: 0 
[    4.933356] random 0000 0000 0000 9ff19f9c c07a1d2a: urand_change_num 22 xfer_secondary_pool(8): pool_sig 0000031b, data_sig 00000000, bytes_mixed 0 9ff19f9c c07a1d2a
[    4.933358] random 0000 0000 0000 9ff19f9c c07a1d2a: trying to extract 64 bits from nonblocking
[    4.933361] random 0000 0000 0000 9ff19f9c c07a1d2a: debiting 64 entropy credits from nonblocking (unlimited)
[    4.933363] random 0000 0000 0000 9ff19f9c c07a1d2a: extract_entropy account returned: 8 
[    4.933367] random 0000 0000 0000 9ff19f9c c07a1d2a: urand_change_num 23 extract_buf: pool_sig 0000031b, data_sig ffffffb3, bytes_mixed 20 9ff19f9c c07a1d2a
[    4.935852] input: AT Translated Set 2 keyboard as /devices/platform/i8042/serio0/input/input1
[    5.126852] ata3: SATA link down (SStatus 0 SControl 300)
[    5.126953] ata1: SATA link up 1.5 Gbps (SStatus 113 SControl 300)
[    5.129012] ata1.00: ACPI cmd ef/02:00:00:00:00:a0 (SET FEATURES) succeeded
[    5.129015] ata1.00: ACPI cmd f5/00:00:00:00:00:a0 (SECURITY FREEZE LOCK) filtered out
[    5.130402] ata1.00: ACPI cmd ef/5f:00:00:00:00:a0 (SET FEATURES) succeeded
[    5.130404] ata1.00: ACPI cmd ef/10:03:00:00:00:a0 (SET FEATURES) filtered out
[    5.132314] ata1.00: ATA-7: ST910021AS, 4.06, max UDMA/100
[    5.132393] ata1.00: 195371568 sectors, multi 16: LBA48 
[    5.134552] ata1.00: ACPI cmd ef/02:00:00:00:00:a0 (SET FEATURES) succeeded
[    5.134555] ata1.00: ACPI cmd f5/00:00:00:00:00:a0 (SECURITY FREEZE LOCK) filtered out
[    5.135951] ata1.00: ACPI cmd ef/5f:00:00:00:00:a0 (SET FEATURES) succeeded
[    5.135953] ata1.00: ACPI cmd ef/10:03:00:00:00:a0 (SET FEATURES) filtered out
[    5.137876] ata1.00: configured for UDMA/100
[    5.148901] scsi 2:0:0:0: Direct-Access     ATA      ST910021AS       4.06 PQ: 0 ANSI: 5
[    5.149176] sd 2:0:0:0: [sda] 195371568 512-byte logical blocks: (100 GB/93.1 GiB)
[    5.149310] sd 2:0:0:0: [sda] Write Protect is off
[    5.149395] sd 2:0:0:0: [sda] Mode Sense: 00 3a 00 00
[    5.149407] sd 2:0:0:0: [sda] Write cache: enabled, read cache: enabled, doesn't support DPO or FUA
[    5.149594]  sda:
[    5.214824] usb 2-1: new high speed USB device using ehci_hcd and address 2
[    5.364384] usb 2-1: New USB device found, idVendor=0e8d, idProduct=1806
[    5.364471] usb 2-1: New USB device strings: Mfr=1, Product=2, SerialNumber=3
[    5.364556] usb 2-1: Product: MT1806 
[    5.364637] usb 2-1: Manufacturer: MediaTek Inc
[    5.364722] usb 2-1: SerialNumber: R8KN6GAC800AEB 
[    5.364860] usb 2-1: configuration #1 chosen from 1 choice
[    5.371175] scsi5 : SCSI emulation for USB Mass Storage devices
[    5.371345] usb-storage: device found at 2
[    5.371347] usb-storage: waiting for device to settle before scanning
[    5.571262]  sda1 sda2
[    5.571986] sd 2:0:0:0: [sda] Attached SCSI disk
[    5.572075] random 0000 0000 0000 277f73c3 42024bb9: rand_read_num 6 get_random_bytes(12): sig 000007e9 277f73c3 42024bb9
[    5.572078] random 0000 0000 0000 277f73c3 42024bb9: extract_entropy(.. 12 ..)
[    5.572080] random 0000 0000 0000 277f73c3 42024bb9: going to reseed nonblocking with 96 bits (96 of 0 requested)
[    5.572082] random 0000 0000 0000 277f73c3 42024bb9: extract_entropy(.. 12 ..)
[    5.572084] random 0000 0000 0000 277f73c3 42024bb9: trying to extract 96 bits from input
[    5.572087] random 0000 0000 0000 277f73c3 42024bb9: debiting 0 entropy credits from input
[    5.572088] random 0000 0000 0000 277f73c3 42024bb9: extract_entropy account returned: 0 
[    5.572092] random 0000 0000 0000 277f73c3 42024bb9: urand_change_num 24 xfer_secondary_pool(12): pool_sig 000007e9, data_sig 00000000, bytes_mixed 0 277f73c3 42024bb9
[    5.572094] random 0000 0000 0000 277f73c3 42024bb9: trying to extract 96 bits from nonblocking
[    5.572097] random 0000 0000 0000 277f73c3 42024bb9: debiting 96 entropy credits from nonblocking (unlimited)
[    5.572099] random 0000 0000 0000 277f73c3 42024bb9: extract_entropy account returned: 12 
[    5.572103] random 0000 0000 0000 277f73c3 42024bb9: urand_change_num 25 extract_buf: pool_sig 000007e9, data_sig 00000088, bytes_mixed 20 277f73c3 42024bb9
[    5.572108] random 0000 0000 0000 277f73c3 42024bb9: urand_change_num 26 extract_buf: pool_sig 00000498, data_sig fffffefb, bytes_mixed 20 277f73c3 42024bb9
[    5.572111] RANDOM - __seed init called.
[    5.572112] RANDOM - __seed init called.
[    5.572113] RANDOM - __seed init called.
[    5.572115] RANDOM - __random32 called. Change num 12.  Value: 87f14767	f0d7351	b1e48bd3
[    5.572117] RANDOM - random32_reseed called.  Value: 87f14767	f0d7351	b1e48bd3
[    5.572119] Pid: 1, comm: swapper Not tainted 2.6.32.57 #3
[    5.572206] Call Trace:
[    5.572290]  [<c1923ca4>] ? random32_reseed+0xa0/0xb1
[    5.572375]  [<c1923c04>] ? random32_reseed+0x0/0xb1
[    5.572460]  [<c100111e>] ? do_one_initcall+0x2e/0x180
[    5.572542]  [<c1907265>] ? kernel_init+0xad/0x103
[    5.572630]  [<c19071b8>] ? kernel_init+0x0/0x103
[    5.572715]  [<c1003787>] ? kernel_thread_helper+0x7/0x10
[    5.573249] random 0000 0000 0000 386b4e60 ee4d4880: rand_read_num 7 get_random_bytes(64): sig fffffea5 386b4e60 ee4d4880
[    5.573251] random 0000 0000 0000 386b4e60 ee4d4880: extract_entropy(.. 64 ..)
[    5.573253] random 0000 0000 0000 386b4e60 ee4d4880: going to reseed nonblocking with 512 bits (512 of 0 requested)
[    5.573256] random 0000 0000 0000 386b4e60 ee4d4880: extract_entropy(.. 64 ..)
[    5.573258] random 0000 0000 0000 386b4e60 ee4d4880: trying to extract 512 bits from input
[    5.573260] random 0000 0000 0000 386b4e60 ee4d4880: debiting 0 entropy credits from input
[    5.573262] random 0000 0000 0000 386b4e60 ee4d4880: extract_entropy account returned: 0 
[    5.573265] random 0000 0000 0000 386b4e60 ee4d4880: urand_change_num 27 xfer_secondary_pool(64): pool_sig fffffea5, data_sig 00000000, bytes_mixed 0 386b4e60 ee4d4880
[    5.573268] random 0000 0000 0000 386b4e60 ee4d4880: trying to extract 512 bits from nonblocking
[    5.573270] random 0000 0000 0000 386b4e60 ee4d4880: debiting 512 entropy credits from nonblocking (unlimited)
[    5.573272] random 0000 0000 0000 386b4e60 ee4d4880: extract_entropy account returned: 64 
[    5.573276] random 0000 0000 0000 386b4e60 ee4d4880: urand_change_num 28 extract_buf: pool_sig fffffea5, data_sig 00000173, bytes_mixed 20 386b4e60 ee4d4880
[    5.573282] random 0000 0000 0000 412698f6 0cc8689a: urand_change_num 29 extract_buf: pool_sig 00000122, data_sig ffffff63, bytes_mixed 20 412698f6 0cc8689a
[    5.573287] random 0000 0000 0000 412698f6 0cc8689a: urand_change_num 30 extract_buf: pool_sig 000001f7, data_sig 00000012, bytes_mixed 20 412698f6 0cc8689a
[    5.573292] random 0000 0000 0000 9669941e 06f768b1: urand_change_num 31 extract_buf: pool_sig fffffb5b, data_sig 0000003f, bytes_mixed 20 9669941e 06f768b1
[    5.573297] random 0000 0000 0000 98486520 995551f0: urand_change_num 32 extract_buf: pool_sig fffffb39, data_sig 0000000e, bytes_mixed 20 98486520 995551f0
[    5.573302] random 0000 0000 0000 98486520 995551f0: urand_change_num 33 extract_buf: pool_sig fffffd8d, data_sig 000001a6, bytes_mixed 20 98486520 995551f0
[    5.573308] random 0000 0000 0000 61fc8914 d5882ed2: urand_change_num 34 extract_buf: pool_sig fffffa58, data_sig 0000023e, bytes_mixed 20 61fc8914 d5882ed2
[    5.573337] random 0000 0000 0000 61fc8914 d5882ed2: rand_read_num 8 get_random_bytes(64): sig fffff9ee 61fc8914 d5882ed2
[    5.573339] random 0000 0000 0000 61fc8914 d5882ed2: extract_entropy(.. 64 ..)
[    5.573342] random 0000 0000 0000 61fc8914 d5882ed2: going to reseed nonblocking with 512 bits (512 of 0 requested)
[    5.573344] random 0000 0000 0000 61fc8914 d5882ed2: extract_entropy(.. 64 ..)
[    5.573346] random 0000 0000 0000 61fc8914 d5882ed2: trying to extract 512 bits from input
[    5.573348] random 0000 0000 0000 61fc8914 d5882ed2: debiting 0 entropy credits from input
[    5.573350] random 0000 0000 0000 61fc8914 d5882ed2: extract_entropy account returned: 0 
[    5.573353] random 0000 0000 0000 61fc8914 d5882ed2: urand_change_num 35 xfer_secondary_pool(64): pool_sig fffff9ee, data_sig 00000000, bytes_mixed 0 61fc8914 d5882ed2
[    5.573356] random 0000 0000 0000 61fc8914 d5882ed2: trying to extract 512 bits from nonblocking
[    5.573358] random 0000 0000 0000 61fc8914 d5882ed2: debiting 512 entropy credits from nonblocking (unlimited)
[    5.573360] random 0000 0000 0000 61fc8914 d5882ed2: extract_entropy account returned: 64 
[    5.573364] random 0000 0000 0000 61fc8914 d5882ed2: urand_change_num 36 extract_buf: pool_sig fffff9ee, data_sig ffffff85, bytes_mixed 20 61fc8914 d5882ed2
[    5.573369] random 0000 0000 0000 70cfd302 e5edec11: urand_change_num 37 extract_buf: pool_sig fffffdc1, data_sig ffffffde, bytes_mixed 20 70cfd302 e5edec11
[    5.573375] random 0000 0000 0000 00dab838 eafd2b30: urand_change_num 38 extract_buf: pool_sig 000003da, data_sig ffffff61, bytes_mixed 20 00dab838 eafd2b30
[    5.573380] random 0000 0000 0000 00dab838 eafd2b30: urand_change_num 39 extract_buf: pool_sig 00000314, data_sig 00000121, bytes_mixed 20 00dab838 eafd2b30
[    5.573385] random 0000 0000 0000 5fcdf66a 6442b608: urand_change_num 40 extract_buf: pool_sig 0000028b, data_sig fffffefd, bytes_mixed 20 5fcdf66a 6442b608
[    5.573390] random 0000 0000 0000 61333f6b 8fae0f9b: urand_change_num 41 extract_buf: pool_sig 000000cb, data_sig 000000b3, bytes_mixed 20 61333f6b 8fae0f9b
[    5.573395] random 0000 0000 0000 61333f6b 8fae0f9b: urand_change_num 42 extract_buf: pool_sig fffffef8, data_sig 00000051, bytes_mixed 20 61333f6b 8fae0f9b
[    5.573398] BEGIN NET_SECRET:
[    5.573399] \xffffffe0
[    5.573400] \xffffffb6
[    5.573401] \x36
[    5.573401] \xffffffb5
[    5.573402] \xffffff94
[    5.573403] \xffffffb2
[    5.573404] \xffffffa8
[    5.573405] \xffffffda
[    5.573406] \x5b
[    5.573406] \x19
[    5.573407] \x18
[    5.573408] \x5c
[    5.573408] \x2b
[    5.573409] \x1
[    5.573410] \xffffff90
[    5.573411] \x19
[    5.573411] \x3c
[    5.573412] \xfffffff2
[    5.573413] \xffffff82
[    5.573414] \x2a
[    5.573414] \xffffffb3
[    5.573415] \xffffffa2
[    5.573416] \x3f
[    5.573417] \x5
[    5.573418] \x52
[    5.573418] \x77
[    5.573419] \x57
[    5.573420] \x79
[    5.573420] \x16
[    5.573421] \x43
[    5.573422] \xffffff84
[    5.573423] \xffffffc3
[    5.573423] \xffffffe9
[    5.573424] \x79
[    5.573425] \x50
[    5.573426] \xffffff8e
[    5.573426] \x3f
[    5.573427] \xfffffff3
[    5.573428] \x19
[    5.573429] \x2a
[    5.573429] \xfffffffd
[    5.573430] \xfffffffb
[    5.573431] \x62
[    5.573432] \x3c
[    5.573432] \xffffffac
[    5.573433] \x1c
[    5.573434] \x3b
[    5.573435] \x3b
[    5.573435] \x15
[    5.573436] \x27
[    5.573437] \xffffffa8
[    5.573438] \x22
[    5.573438] \xffffffc5
[    5.573439] \xffffff9a
[    5.573440] \x5
[    5.573441] \x6c
[    5.573441] \xffffffa8
[    5.573442] \x3a
[    5.573443] \x44
[    5.573444] \xffffffaf
[    5.573444] \x13
[    5.573445] \xffffffe0
[    5.573446] \xffffff9d
[    5.573447] \x22
[    5.573447] 
[    5.573448] END NET_SECRET
[    5.573451] random 0000 0000 0000 e7f555d9 e8ce5c3c: rand_read_num 9 get_random_bytes(4): sig 0000068c e7f555d9 e8ce5c3c
[    5.573453] random 0000 0000 0000 e7f555d9 e8ce5c3c: extract_entropy(.. 4 ..)
[    5.573455] random 0000 0000 0000 e7f555d9 e8ce5c3c: going to reseed nonblocking with 64 bits (32 of 0 requested)
[    5.573457] random 0000 0000 0000 e7f555d9 e8ce5c3c: extract_entropy(.. 8 ..)
[    5.573459] random 0000 0000 0000 e7f555d9 e8ce5c3c: trying to extract 64 bits from input
[    5.573461] random 0000 0000 0000 e7f555d9 e8ce5c3c: debiting 0 entropy credits from input
[    5.573463] random 0000 0000 0000 e7f555d9 e8ce5c3c: extract_entropy account returned: 0 
[    5.573466] random 0000 0000 0000 e7f555d9 e8ce5c3c: urand_change_num 43 xfer_secondary_pool(4): pool_sig 0000068c, data_sig 00000000, bytes_mixed 0 e7f555d9 e8ce5c3c
[    5.573469] random 0000 0000 0000 e7f555d9 e8ce5c3c: trying to extract 32 bits from nonblocking
[    5.573471] random 0000 0000 0000 e7f555d9 e8ce5c3c: debiting 32 entropy credits from nonblocking (unlimited)
[    5.573473] random 0000 0000 0000 e7f555d9 e8ce5c3c: extract_entropy account returned: 4 
[    5.573477] random 0000 0000 0000 e7f555d9 e8ce5c3c: urand_change_num 44 extract_buf: pool_sig 0000068c, data_sig fffffdcb, bytes_mixed 20 e7f555d9 e8ce5c3c
[    5.573488] md: Waiting for all devices to be available before autodetect
[    5.573575] md: If you don't use raid, use raid=noautodetect
[    5.573729] md: Autodetecting RAID arrays.
[    5.573819] md: Scanned 0 and added 0 devices.
[    5.573902] md: autorun ...
[    5.573978] md: ... autorun DONE.
[    5.588712] EXT3-fs: sda2: couldn't mount because of unsupported optional features (240).
[    5.588947] EXT2-fs: sda2: couldn't mount because of unsupported optional features (240).
[    5.590217] random 0000 0000 0000 e7f555d9 e8ce5c3c: rand_read_num 10 get_random_bytes(4): sig ffffff72 e7f555d9 e8ce5c3c
[    5.590220] random 0000 0000 0000 e7f555d9 e8ce5c3c: extract_entropy(.. 4 ..)
[    5.590222] random 0000 0000 0000 e7f555d9 e8ce5c3c: going to reseed nonblocking with 64 bits (32 of 0 requested)
[    5.590224] random 0000 0000 0000 e7f555d9 e8ce5c3c: extract_entropy(.. 8 ..)
[    5.590226] random 0000 0000 0000 e7f555d9 e8ce5c3c: trying to extract 64 bits from input
[    5.590228] random 0000 0000 0000 e7f555d9 e8ce5c3c: debiting 0 entropy credits from input
[    5.590230] random 0000 0000 0000 e7f555d9 e8ce5c3c: extract_entropy account returned: 0 
[    5.590233] random 0000 0000 0000 e7f555d9 e8ce5c3c: urand_change_num 45 xfer_secondary_pool(4): pool_sig ffffff72, data_sig 00000000, bytes_mixed 0 e7f555d9 e8ce5c3c
[    5.590236] random 0000 0000 0000 e7f555d9 e8ce5c3c: trying to extract 32 bits from nonblocking
[    5.590239] random 0000 0000 0000 e7f555d9 e8ce5c3c: debiting 32 entropy credits from nonblocking (unlimited)
[    5.590241] random 0000 0000 0000 e7f555d9 e8ce5c3c: extract_entropy account returned: 4 
[    5.590245] random 0000 0000 0000 e7f555d9 e8ce5c3c: urand_change_num 46 extract_buf: pool_sig ffffff72, data_sig ffffff72, bytes_mixed 20 e7f555d9 e8ce5c3c
[    5.625309] EXT4-fs (sda2): mounted filesystem with ordered data mode
[    5.625510] VFS: Mounted root (ext4 filesystem) readonly on device 8:2.
[    5.625609] Freeing unused kernel memory: 448k freed
[    5.704320] random 0000 0000 0000 91716c54 eeb6a1e7: rand_read_num 11 get_random_bytes(16): sig fffffcad 91716c54 eeb6a1e7
[    5.704323] random 0000 0000 0000 91716c54 eeb6a1e7: extract_entropy(.. 16 ..)
[    5.704325] random 0000 0000 0000 91716c54 eeb6a1e7: going to reseed nonblocking with 128 bits (128 of 0 requested)
[    5.704327] random 0000 0000 0000 91716c54 eeb6a1e7: extract_entropy(.. 16 ..)
[    5.704329] random 0000 0000 0000 91716c54 eeb6a1e7: trying to extract 128 bits from input
[    5.704332] random 0000 0000 0000 91716c54 eeb6a1e7: debiting 0 entropy credits from input
[    5.704333] random 0000 0000 0000 91716c54 eeb6a1e7: extract_entropy account returned: 0 
[    5.704337] random 0000 0000 0000 91716c54 eeb6a1e7: urand_change_num 47 xfer_secondary_pool(16): pool_sig fffffcad, data_sig 00000000, bytes_mixed 0 91716c54 eeb6a1e7
[    5.704339] random 0000 0000 0000 91716c54 eeb6a1e7: trying to extract 128 bits from nonblocking
[    5.704342] random 0000 0000 0000 91716c54 eeb6a1e7: debiting 128 entropy credits from nonblocking (unlimited)
[    5.704344] random 0000 0000 0000 91716c54 eeb6a1e7: extract_entropy account returned: 16 
[    5.704348] random 0000 0000 0000 91716c54 eeb6a1e7: urand_change_num 48 extract_buf: pool_sig fffffcad, data_sig ffffff19, bytes_mixed 20 91716c54 eeb6a1e7
[    5.704353] random 0000 0000 0000 fd637b06 6cf47bc1: urand_change_num 49 extract_buf: pool_sig fffffede, data_sig ffffffc1, bytes_mixed 20 fd637b06 6cf47bc1
[    5.791053] random 0000 0000 0000 fd637b06 6cf47bc1: rand_read_num 12 get_random_bytes(16): sig 0000033b fd637b06 6cf47bc1
[    5.791055] random 0000 0000 0000 fd637b06 6cf47bc1: extract_entropy(.. 16 ..)
[    5.791058] random 0000 0000 0000 fd637b06 6cf47bc1: going to reseed nonblocking with 128 bits (128 of 0 requested)
[    5.791060] random 0000 0000 0000 fd637b06 6cf47bc1: extract_entropy(.. 16 ..)
[    5.791062] random 0000 0000 0000 fd637b06 6cf47bc1: trying to extract 128 bits from input
[    5.791065] random 0000 0000 0000 fd637b06 6cf47bc1: debiting 0 entropy credits from input
[    5.791067] random 0000 0000 0000 fd637b06 6cf47bc1: extract_entropy account returned: 0 
[    5.791070] random 0000 0000 0000 fd637b06 6cf47bc1: urand_change_num 50 xfer_secondary_pool(16): pool_sig 0000033b, data_sig 00000000, bytes_mixed 0 fd637b06 6cf47bc1
[    5.791073] random 0000 0000 0000 fd637b06 6cf47bc1: trying to extract 128 bits from nonblocking
[    5.791075] random 0000 0000 0000 fd637b06 6cf47bc1: debiting 128 entropy credits from nonblocking (unlimited)
[    5.791077] random 0000 0000 0000 fd637b06 6cf47bc1: extract_entropy account returned: 16 
[    5.791081] random 0000 0000 0000 fd637b06 6cf47bc1: urand_change_num 51 extract_buf: pool_sig 0000033b, data_sig 000000d8, bytes_mixed 20 fd637b06 6cf47bc1
[    5.791087] random 0000 0000 0000 0ec1f012 d4727ca8: urand_change_num 52 extract_buf: pool_sig fffffcf5, data_sig 00000016, bytes_mixed 20 0ec1f012 d4727ca8
[    6.153978] ieee1394: Host added: ID:BUS[0-00:1023]  GUID[00061b032a25f51c]
[    6.181542] random 0000 0000 0000 45b1d0b1 845a73f7: rand_read_num 13 get_random_bytes(16): sig 00000116 45b1d0b1 845a73f7
[    6.181545] random 0000 0000 0000 45b1d0b1 845a73f7: extract_entropy(.. 16 ..)
[    6.181547] random 0000 0000 0000 45b1d0b1 845a73f7: going to reseed nonblocking with 128 bits (128 of 0 requested)
[    6.181550] random 0000 0000 0000 45b1d0b1 845a73f7: extract_entropy(.. 16 ..)
[    6.181552] random 0000 0000 0000 45b1d0b1 845a73f7: trying to extract 128 bits from input
[    6.181554] random 0000 0000 0000 45b1d0b1 845a73f7: debiting 0 entropy credits from input
[    6.181556] random 0000 0000 0000 45b1d0b1 845a73f7: extract_entropy account returned: 0 
[    6.181559] random 0000 0000 0000 45b1d0b1 845a73f7: urand_change_num 53 xfer_secondary_pool(16): pool_sig 00000116, data_sig 00000000, bytes_mixed 0 45b1d0b1 845a73f7
[    6.181562] random 0000 0000 0000 45b1d0b1 845a73f7: trying to extract 128 bits from nonblocking
[    6.181564] random 0000 0000 0000 45b1d0b1 845a73f7: debiting 128 entropy credits from nonblocking (unlimited)
[    6.181566] random 0000 0000 0000 45b1d0b1 845a73f7: extract_entropy account returned: 16 
[    6.181571] random 0000 0000 0000 45b1d0b1 845a73f7: urand_change_num 54 extract_buf: pool_sig 00000116, data_sig fffffd8b, bytes_mixed 20 45b1d0b1 845a73f7
[    6.181576] random 0000 0000 0000 45b1d0b1 845a73f7: urand_change_num 55 extract_buf: pool_sig fffffc05, data_sig 00000109, bytes_mixed 20 45b1d0b1 845a73f7
[    6.234032] random 0000 0000 0000 5012cce3 b8a30621: rand_read_num 14 get_random_bytes(16): sig fffffb93 5012cce3 b8a30621
[    6.234035] random 0000 0000 0000 5012cce3 b8a30621: extract_entropy(.. 16 ..)
[    6.234038] random 0000 0000 0000 5012cce3 b8a30621: going to reseed nonblocking with 128 bits (128 of 0 requested)
[    6.234040] random 0000 0000 0000 5012cce3 b8a30621: extract_entropy(.. 16 ..)
[    6.234042] random 0000 0000 0000 5012cce3 b8a30621: trying to extract 128 bits from input
[    6.234044] random 0000 0000 0000 5012cce3 b8a30621: debiting 0 entropy credits from input
[    6.234046] random 0000 0000 0000 5012cce3 b8a30621: extract_entropy account returned: 0 
[    6.234049] random 0000 0000 0000 5012cce3 b8a30621: urand_change_num 56 xfer_secondary_pool(16): pool_sig fffffb93, data_sig 00000000, bytes_mixed 0 5012cce3 b8a30621
[    6.234052] random 0000 0000 0000 5012cce3 b8a30621: trying to extract 128 bits from nonblocking
[    6.234054] random 0000 0000 0000 5012cce3 b8a30621: debiting 128 entropy credits from nonblocking (unlimited)
[    6.234057] random 0000 0000 0000 5012cce3 b8a30621: extract_entropy account returned: 16 
[    6.234061] random 0000 0000 0000 5012cce3 b8a30621: urand_change_num 57 extract_buf: pool_sig fffffb93, data_sig ffffff35, bytes_mixed 20 5012cce3 b8a30621
[    6.234066] random 0000 0000 0000 5012cce3 b8a30621: urand_change_num 58 extract_buf: pool_sig fffffb9d, data_sig ffffff92, bytes_mixed 20 5012cce3 b8a30621
[    6.235431] random 0000 0000 0000 30a5721d 4b648ff6: rand_read_num 15 get_random_bytes(16): sig fffffeb5 30a5721d 4b648ff6
[    6.235434] random 0000 0000 0000 30a5721d 4b648ff6: extract_entropy(.. 16 ..)
[    6.235436] random 0000 0000 0000 30a5721d 4b648ff6: going to reseed nonblocking with 128 bits (128 of 0 requested)
[    6.235439] random 0000 0000 0000 30a5721d 4b648ff6: extract_entropy(.. 16 ..)
[    6.235441] random 0000 0000 0000 30a5721d 4b648ff6: trying to extract 128 bits from input
[    6.235443] random 0000 0000 0000 30a5721d 4b648ff6: debiting 0 entropy credits from input
[    6.235445] random 0000 0000 0000 30a5721d 4b648ff6: extract_entropy account returned: 0 
[    6.235448] random 0000 0000 0000 30a5721d 4b648ff6: urand_change_num 59 xfer_secondary_pool(16): pool_sig fffffeb5, data_sig 00000000, bytes_mixed 0 30a5721d 4b648ff6
[    6.235451] random 0000 0000 0000 30a5721d 4b648ff6: trying to extract 128 bits from nonblocking
[    6.235453] random 0000 0000 0000 30a5721d 4b648ff6: debiting 128 entropy credits from nonblocking (unlimited)
[    6.235455] random 0000 0000 0000 30a5721d 4b648ff6: extract_entropy account returned: 16 
[    6.235459] random 0000 0000 0000 30a5721d 4b648ff6: urand_change_num 60 extract_buf: pool_sig fffffeb5, data_sig 000000c2, bytes_mixed 20 30a5721d 4b648ff6
[    6.235465] random 0000 0000 0000 89bae1ab 704c432f: urand_change_num 61 extract_buf: pool_sig 0000006e, data_sig fffffefc, bytes_mixed 20 89bae1ab 704c432f
[    6.236017] random 0000 0000 0000 89bae1ab 704c432f: rand_read_num 16 get_random_bytes(16): sig fffffd99 89bae1ab 704c432f
[    6.236020] random 0000 0000 0000 89bae1ab 704c432f: extract_entropy(.. 16 ..)
[    6.236023] random 0000 0000 0000 89bae1ab 704c432f: going to reseed nonblocking with 128 bits (128 of 0 requested)
[    6.236025] random 0000 0000 0000 89bae1ab 704c432f: extract_entropy(.. 16 ..)
[    6.236027] random 0000 0000 0000 89bae1ab 704c432f: trying to extract 128 bits from input
[    6.236029] random 0000 0000 0000 89bae1ab 704c432f: debiting 0 entropy credits from input
[    6.236031] random 0000 0000 0000 89bae1ab 704c432f: extract_entropy account returned: 0 
[    6.236034] random 0000 0000 0000 89bae1ab 704c432f: urand_change_num 62 xfer_secondary_pool(16): pool_sig fffffd99, data_sig 00000000, bytes_mixed 0 89bae1ab 704c432f
[    6.236037] random 0000 0000 0000 89bae1ab 704c432f: trying to extract 128 bits from nonblocking
[    6.236039] random 0000 0000 0000 89bae1ab 704c432f: debiting 128 entropy credits from nonblocking (unlimited)
[    6.236041] random 0000 0000 0000 89bae1ab 704c432f: extract_entropy account returned: 16 
[    6.236046] random 0000 0000 0000 89bae1ab 704c432f: urand_change_num 63 extract_buf: pool_sig fffffd99, data_sig 00000204, bytes_mixed 20 89bae1ab 704c432f
[    6.236051] random 0000 0000 0000 6c298a02 2b1539f8: urand_change_num 64 extract_buf: pool_sig 00000124, data_sig fffffff5, bytes_mixed 20 6c298a02 2b1539f8
[    6.236944] random 0000 0000 0000 c77b8b35 70f6cab5: rand_read_num 17 get_random_bytes(16): sig 0000036b c77b8b35 70f6cab5
[    6.236947] random 0000 0000 0000 c77b8b35 70f6cab5: extract_entropy(.. 16 ..)
[    6.236949] random 0000 0000 0000 c77b8b35 70f6cab5: going to reseed nonblocking with 128 bits (128 of 0 requested)
[    6.236952] random 0000 0000 0000 c77b8b35 70f6cab5: extract_entropy(.. 16 ..)
[    6.236954] random 0000 0000 0000 c77b8b35 70f6cab5: trying to extract 128 bits from input
[    6.236956] random 0000 0000 0000 c77b8b35 70f6cab5: debiting 0 entropy credits from input
[    6.236958] random 0000 0000 0000 c77b8b35 70f6cab5: extract_entropy account returned: 0 
[    6.236961] random 0000 0000 0000 c77b8b35 70f6cab5: urand_change_num 65 xfer_secondary_pool(16): pool_sig 0000036b, data_sig 00000000, bytes_mixed 0 c77b8b35 70f6cab5
[    6.236964] random 0000 0000 0000 c77b8b35 70f6cab5: trying to extract 128 bits from nonblocking
[    6.236966] random 0000 0000 0000 c77b8b35 70f6cab5: debiting 128 entropy credits from nonblocking (unlimited)
[    6.236968] random 0000 0000 0000 c77b8b35 70f6cab5: extract_entropy account returned: 16 
[    6.236973] random 0000 0000 0000 c77b8b35 70f6cab5: urand_change_num 66 extract_buf: pool_sig 0000036b, data_sig 0000005f, bytes_mixed 20 c77b8b35 70f6cab5
[    6.236978] random 0000 0000 0000 c77b8b35 70f6cab5: urand_change_num 67 extract_buf: pool_sig ffffff1c, data_sig 0000005a, bytes_mixed 20 c77b8b35 70f6cab5
[    6.237565] random 0000 0000 0000 af21d212 57d20ca3: rand_read_num 18 get_random_bytes(16): sig fffffb7f af21d212 57d20ca3
[    6.237568] random 0000 0000 0000 af21d212 57d20ca3: extract_entropy(.. 16 ..)
[    6.237570] random 0000 0000 0000 af21d212 57d20ca3: going to reseed nonblocking with 128 bits (128 of 0 requested)
[    6.237573] random 0000 0000 0000 af21d212 57d20ca3: extract_entropy(.. 16 ..)
[    6.237575] random 0000 0000 0000 af21d212 57d20ca3: trying to extract 128 bits from input
[    6.237577] random 0000 0000 0000 af21d212 57d20ca3: debiting 0 entropy credits from input
[    6.237579] random 0000 0000 0000 af21d212 57d20ca3: extract_entropy account returned: 0 
[    6.237582] random 0000 0000 0000 af21d212 57d20ca3: urand_change_num 68 xfer_secondary_pool(16): pool_sig fffffb7f, data_sig 00000000, bytes_mixed 0 af21d212 57d20ca3
[    6.237585] random 0000 0000 0000 af21d212 57d20ca3: trying to extract 128 bits from nonblocking
[    6.237587] random 0000 0000 0000 af21d212 57d20ca3: debiting 128 entropy credits from nonblocking (unlimited)
[    6.237589] random 0000 0000 0000 af21d212 57d20ca3: extract_entropy account returned: 16 
[    6.237594] random 0000 0000 0000 af21d212 57d20ca3: urand_change_num 69 extract_buf: pool_sig fffffb7f, data_sig ffffff88, bytes_mixed 20 af21d212 57d20ca3
[    6.237599] random 0000 0000 0000 af21d212 57d20ca3: urand_change_num 70 extract_buf: pool_sig fffffe1d, data_sig ffffff17, bytes_mixed 20 af21d212 57d20ca3
[    6.238192] random 0000 0000 0000 ffbd26fd 21933274: rand_read_num 19 get_random_bytes(16): sig ffffffc7 ffbd26fd 21933274
[    6.238195] random 0000 0000 0000 ffbd26fd 21933274: extract_entropy(.. 16 ..)
[    6.238198] random 0000 0000 0000 ffbd26fd 21933274: going to reseed nonblocking with 128 bits (128 of 0 requested)
[    6.238200] random 0000 0000 0000 ffbd26fd 21933274: extract_entropy(.. 16 ..)
[    6.238202] random 0000 0000 0000 ffbd26fd 21933274: trying to extract 128 bits from input
[    6.238204] random 0000 0000 0000 ffbd26fd 21933274: debiting 0 entropy credits from input
[    6.238206] random 0000 0000 0000 ffbd26fd 21933274: extract_entropy account returned: 0 
[    6.238209] random 0000 0000 0000 ffbd26fd 21933274: urand_change_num 71 xfer_secondary_pool(16): pool_sig ffffffc7, data_sig 00000000, bytes_mixed 0 ffbd26fd 21933274
[    6.238212] random 0000 0000 0000 ffbd26fd 21933274: trying to extract 128 bits from nonblocking
[    6.238214] random 0000 0000 0000 ffbd26fd 21933274: debiting 128 entropy credits from nonblocking (unlimited)
[    6.238217] random 0000 0000 0000 ffbd26fd 21933274: extract_entropy account returned: 16 
[    6.238221] random 0000 0000 0000 ffbd26fd 21933274: urand_change_num 72 extract_buf: pool_sig ffffffc7, data_sig 0000013b, bytes_mixed 20 ffbd26fd 21933274
[    6.238226] random 0000 0000 0000 151530a2 56c65dd3: urand_change_num 73 extract_buf: pool_sig ffffffbf, data_sig 00000036, bytes_mixed 20 151530a2 56c65dd3
[    6.238787] random 0000 0000 0000 151530a2 56c65dd3: rand_read_num 20 get_random_bytes(16): sig 000001a7 151530a2 56c65dd3
[    6.238789] random 0000 0000 0000 151530a2 56c65dd3: extract_entropy(.. 16 ..)
[    6.238792] random 0000 0000 0000 151530a2 56c65dd3: going to reseed nonblocking with 128 bits (128 of 0 requested)
[    6.238794] random 0000 0000 0000 151530a2 56c65dd3: extract_entropy(.. 16 ..)
[    6.238796] random 0000 0000 0000 151530a2 56c65dd3: trying to extract 128 bits from input
[    6.238799] random 0000 0000 0000 151530a2 56c65dd3: debiting 0 entropy credits from input
[    6.238801] random 0000 0000 0000 151530a2 56c65dd3: extract_entropy account returned: 0 
[    6.238804] random 0000 0000 0000 151530a2 56c65dd3: urand_change_num 74 xfer_secondary_pool(16): pool_sig 000001a7, data_sig 00000000, bytes_mixed 0 151530a2 56c65dd3
[    6.238807] random 0000 0000 0000 151530a2 56c65dd3: trying to extract 128 bits from nonblocking
[    6.238809] random 0000 0000 0000 151530a2 56c65dd3: debiting 128 entropy credits from nonblocking (unlimited)
[    6.238811] random 0000 0000 0000 151530a2 56c65dd3: extract_entropy account returned: 16 
[    6.238815] random 0000 0000 0000 151530a2 56c65dd3: urand_change_num 75 extract_buf: pool_sig 000001a7, data_sig ffffffa1, bytes_mixed 20 151530a2 56c65dd3
[    6.238820] random 0000 0000 0000 5d3e132e d9a77eb3: urand_change_num 76 extract_buf: pool_sig fffffcc9, data_sig 00000013, bytes_mixed 20 5d3e132e d9a77eb3
[    6.289835] random 0000 0000 0000 264837ad 0a28fef5: rand_read_num 21 get_random_bytes(16): sig ffffffd0 264837ad 0a28fef5
[    6.289838] random 0000 0000 0000 264837ad 0a28fef5: extract_entropy(.. 16 ..)
[    6.289841] random 0000 0000 0000 264837ad 0a28fef5: going to reseed nonblocking with 128 bits (128 of 0 requested)
[    6.289843] random 0000 0000 0000 264837ad 0a28fef5: extract_entropy(.. 16 ..)
[    6.289845] random 0000 0000 0000 264837ad 0a28fef5: trying to extract 128 bits from input
[    6.289847] random 0000 0000 0000 264837ad 0a28fef5: debiting 0 entropy credits from input
[    6.289849] random 0000 0000 0000 264837ad 0a28fef5: extract_entropy account returned: 0 
[    6.289853] random 0000 0000 0000 264837ad 0a28fef5: urand_change_num 77 xfer_secondary_pool(16): pool_sig ffffffd0, data_sig 00000000, bytes_mixed 0 264837ad 0a28fef5
[    6.289855] random 0000 0000 0000 264837ad 0a28fef5: trying to extract 128 bits from nonblocking
[    6.289858] random 0000 0000 0000 264837ad 0a28fef5: debiting 128 entropy credits from nonblocking (unlimited)
[    6.289860] random 0000 0000 0000 264837ad 0a28fef5: extract_entropy account returned: 16 
[    6.289864] random 0000 0000 0000 264837ad 0a28fef5: urand_change_num 78 extract_buf: pool_sig ffffffd0, data_sig 0000017b, bytes_mixed 20 264837ad 0a28fef5
[    6.289870] random 0000 0000 0000 264837ad 0a28fef5: urand_change_num 79 extract_buf: pool_sig 0000045c, data_sig 000001df, bytes_mixed 20 264837ad 0a28fef5
[    6.291332] random 0000 0000 0000 f37f7344 164aede0: rand_read_num 22 get_random_bytes(16): sig 000003c2 f37f7344 164aede0
[    6.291334] random 0000 0000 0000 f37f7344 164aede0: extract_entropy(.. 16 ..)
[    6.291337] random 0000 0000 0000 f37f7344 164aede0: going to reseed nonblocking with 128 bits (128 of 0 requested)
[    6.291339] random 0000 0000 0000 f37f7344 164aede0: extract_entropy(.. 16 ..)
[    6.291341] random 0000 0000 0000 f37f7344 164aede0: trying to extract 128 bits from input
[    6.291343] random 0000 0000 0000 f37f7344 164aede0: debiting 0 entropy credits from input
[    6.291345] random 0000 0000 0000 f37f7344 164aede0: extract_entropy account returned: 0 
[    6.291349] random 0000 0000 0000 f37f7344 164aede0: urand_change_num 80 xfer_secondary_pool(16): pool_sig 000003c2, data_sig 00000000, bytes_mixed 0 f37f7344 164aede0
[    6.291352] random 0000 0000 0000 f37f7344 164aede0: trying to extract 128 bits from nonblocking
[    6.291354] random 0000 0000 0000 f37f7344 164aede0: debiting 128 entropy credits from nonblocking (unlimited)
[    6.291356] random 0000 0000 0000 f37f7344 164aede0: extract_entropy account returned: 16 
[    6.291360] random 0000 0000 0000 f37f7344 164aede0: urand_change_num 81 extract_buf: pool_sig 000003c2, data_sig ffffff6c, bytes_mixed 20 f37f7344 164aede0
[    6.291366] random 0000 0000 0000 f37f7344 164aede0: urand_change_num 82 extract_buf: pool_sig fffffdfc, data_sig 00000091, bytes_mixed 20 f37f7344 164aede0
[    6.314131] random 0000 0000 0000 a4794863 878070c1: rand_read_num 23 get_random_bytes(16): sig 0000011b a4794863 878070c1
[    6.314134] random 0000 0000 0000 a4794863 878070c1: extract_entropy(.. 16 ..)
[    6.314137] random 0000 0000 0000 a4794863 878070c1: going to reseed nonblocking with 128 bits (128 of 0 requested)
[    6.314139] random 0000 0000 0000 a4794863 878070c1: extract_entropy(.. 16 ..)
[    6.314141] random 0000 0000 0000 a4794863 878070c1: trying to extract 128 bits from input
[    6.314143] random 0000 0000 0000 a4794863 878070c1: debiting 0 entropy credits from input
[    6.314145] random 0000 0000 0000 a4794863 878070c1: extract_entropy account returned: 0 
[    6.314148] random 0000 0000 0000 a4794863 878070c1: urand_change_num 83 xfer_secondary_pool(16): pool_sig 0000011b, data_sig 00000000, bytes_mixed 0 a4794863 878070c1
[    6.314151] random 0000 0000 0000 a4794863 878070c1: trying to extract 128 bits from nonblocking
[    6.314153] random 0000 0000 0000 a4794863 878070c1: debiting 128 entropy credits from nonblocking (unlimited)
[    6.314155] random 0000 0000 0000 a4794863 878070c1: extract_entropy account returned: 16 
[    6.314160] random 0000 0000 0000 a4794863 878070c1: urand_change_num 84 extract_buf: pool_sig 0000011b, data_sig ffffff51, bytes_mixed 20 a4794863 878070c1
[    6.314165] random 0000 0000 0000 737f19b4 9417d8ab: urand_change_num 85 extract_buf: pool_sig 000001a3, data_sig 0000006c, bytes_mixed 20 737f19b4 9417d8ab
[    6.318224] random 0000 0000 0000 737f19b4 9417d8ab: rand_read_num 24 get_random_bytes(16): sig fffffe22 737f19b4 9417d8ab
[    6.318226] random 0000 0000 0000 737f19b4 9417d8ab: extract_entropy(.. 16 ..)
[    6.318229] random 0000 0000 0000 737f19b4 9417d8ab: going to reseed nonblocking with 128 bits (128 of 0 requested)
[    6.318231] random 0000 0000 0000 737f19b4 9417d8ab: extract_entropy(.. 16 ..)
[    6.318233] random 0000 0000 0000 737f19b4 9417d8ab: trying to extract 128 bits from input
[    6.318235] random 0000 0000 0000 737f19b4 9417d8ab: debiting 0 entropy credits from input
[    6.318237] random 0000 0000 0000 737f19b4 9417d8ab: extract_entropy account returned: 0 
[    6.318240] random 0000 0000 0000 737f19b4 9417d8ab: urand_change_num 86 xfer_secondary_pool(16): pool_sig fffffe22, data_sig 00000000, bytes_mixed 0 737f19b4 9417d8ab
[    6.318243] random 0000 0000 0000 737f19b4 9417d8ab: trying to extract 128 bits from nonblocking
[    6.318245] random 0000 0000 0000 737f19b4 9417d8ab: debiting 128 entropy credits from nonblocking (unlimited)
[    6.318247] random 0000 0000 0000 737f19b4 9417d8ab: extract_entropy account returned: 16 
[    6.318252] random 0000 0000 0000 737f19b4 9417d8ab: urand_change_num 87 extract_buf: pool_sig fffffe22, data_sig 00000230, bytes_mixed 20 737f19b4 9417d8ab
[    6.318257] random 0000 0000 0000 4deb0d06 1236af4c: urand_change_num 88 extract_buf: pool_sig 000000b6, data_sig ffffff44, bytes_mixed 20 4deb0d06 1236af4c
[    6.319248] random 0000 0000 0000 b538fadc 4a7613df: rand_read_num 25 get_random_bytes(16): sig 0000013c b538fadc 4a7613df
[    6.319251] random 0000 0000 0000 b538fadc 4a7613df: extract_entropy(.. 16 ..)
[    6.319254] random 0000 0000 0000 b538fadc 4a7613df: going to reseed nonblocking with 128 bits (128 of 0 requested)
[    6.319256] random 0000 0000 0000 b538fadc 4a7613df: extract_entropy(.. 16 ..)
[    6.319258] random 0000 0000 0000 b538fadc 4a7613df: trying to extract 128 bits from input
[    6.319260] random 0000 0000 0000 b538fadc 4a7613df: debiting 0 entropy credits from input
[    6.319262] random 0000 0000 0000 b538fadc 4a7613df: extract_entropy account returned: 0 
[    6.319265] random 0000 0000 0000 b538fadc 4a7613df: urand_change_num 89 xfer_secondary_pool(16): pool_sig 0000013c, data_sig 00000000, bytes_mixed 0 b538fadc 4a7613df
[    6.319268] random 0000 0000 0000 b538fadc 4a7613df: trying to extract 128 bits from nonblocking
[    6.319271] random 0000 0000 0000 b538fadc 4a7613df: debiting 128 entropy credits from nonblocking (unlimited)
[    6.319273] random 0000 0000 0000 b538fadc 4a7613df: extract_entropy account returned: 16 
[    6.319277] random 0000 0000 0000 b538fadc 4a7613df: urand_change_num 90 extract_buf: pool_sig 0000013c, data_sig 00000015, bytes_mixed 20 b538fadc 4a7613df
[    6.319282] random 0000 0000 0000 b538fadc 4a7613df: urand_change_num 91 extract_buf: pool_sig 00000452, data_sig 0000002b, bytes_mixed 20 b538fadc 4a7613df
[    6.319740] random 0000 0000 0000 73b17df4 93bb370e: rand_read_num 26 get_random_bytes(16): sig fffffbf1 73b17df4 93bb370e
[    6.319742] random 0000 0000 0000 73b17df4 93bb370e: extract_entropy(.. 16 ..)
[    6.319745] random 0000 0000 0000 73b17df4 93bb370e: going to reseed nonblocking with 128 bits (128 of 0 requested)
[    6.319747] random 0000 0000 0000 73b17df4 93bb370e: extract_entropy(.. 16 ..)
[    6.319749] random 0000 0000 0000 73b17df4 93bb370e: trying to extract 128 bits from input
[    6.319751] random 0000 0000 0000 73b17df4 93bb370e: debiting 0 entropy credits from input
[    6.319753] random 0000 0000 0000 73b17df4 93bb370e: extract_entropy account returned: 0 
[    6.319756] random 0000 0000 0000 73b17df4 93bb370e: urand_change_num 92 xfer_secondary_pool(16): pool_sig fffffbf1, data_sig 00000000, bytes_mixed 0 73b17df4 93bb370e
[    6.319759] random 0000 0000 0000 73b17df4 93bb370e: trying to extract 128 bits from nonblocking
[    6.319762] random 0000 0000 0000 73b17df4 93bb370e: debiting 128 entropy credits from nonblocking (unlimited)
[    6.319764] random 0000 0000 0000 73b17df4 93bb370e: extract_entropy account returned: 16 
[    6.319768] random 0000 0000 0000 73b17df4 93bb370e: urand_change_num 93 extract_buf: pool_sig fffffbf1, data_sig ffffff99, bytes_mixed 20 73b17df4 93bb370e
[    6.319773] random 0000 0000 0000 73b17df4 93bb370e: urand_change_num 94 extract_buf: pool_sig fffffe1d, data_sig 000000b0, bytes_mixed 20 73b17df4 93bb370e
[    6.320180] random 0000 0000 0000 0cd682bb ba04da9f: rand_read_num 27 get_random_bytes(16): sig fffffccb 0cd682bb ba04da9f
[    6.320182] random 0000 0000 0000 0cd682bb ba04da9f: extract_entropy(.. 16 ..)
[    6.320185] random 0000 0000 0000 0cd682bb ba04da9f: going to reseed nonblocking with 128 bits (128 of 0 requested)
[    6.320187] random 0000 0000 0000 0cd682bb ba04da9f: extract_entropy(.. 16 ..)
[    6.320189] random 0000 0000 0000 0cd682bb ba04da9f: trying to extract 128 bits from input
[    6.320191] random 0000 0000 0000 0cd682bb ba04da9f: debiting 0 entropy credits from input
[    6.320193] random 0000 0000 0000 0cd682bb ba04da9f: extract_entropy account returned: 0 
[    6.320196] random 0000 0000 0000 0cd682bb ba04da9f: urand_change_num 95 xfer_secondary_pool(16): pool_sig fffffccb, data_sig 00000000, bytes_mixed 0 0cd682bb ba04da9f
[    6.320199] random 0000 0000 0000 0cd682bb ba04da9f: trying to extract 128 bits from nonblocking
[    6.320202] random 0000 0000 0000 0cd682bb ba04da9f: debiting 128 entropy credits from nonblocking (unlimited)
[    6.320204] random 0000 0000 0000 0cd682bb ba04da9f: extract_entropy account returned: 16 
[    6.320208] random 0000 0000 0000 0cd682bb ba04da9f: urand_change_num 96 extract_buf: pool_sig fffffccb, data_sig fffffec5, bytes_mixed 20 0cd682bb ba04da9f
[    6.320214] random 0000 0000 0000 26929f1a 15254dc1: urand_change_num 97 extract_buf: pool_sig fffffed2, data_sig ffffffb1, bytes_mixed 20 26929f1a 15254dc1
[    6.321082] random 0000 0000 0000 26929f1a 15254dc1: rand_read_num 28 get_random_bytes(16): sig 00000038 26929f1a 15254dc1
[    6.321085] random 0000 0000 0000 26929f1a 15254dc1: extract_entropy(.. 16 ..)
[    6.321088] random 0000 0000 0000 26929f1a 15254dc1: going to reseed nonblocking with 128 bits (128 of 0 requested)
[    6.321090] random 0000 0000 0000 26929f1a 15254dc1: extract_entropy(.. 16 ..)
[    6.321092] random 0000 0000 0000 26929f1a 15254dc1: trying to extract 128 bits from input
[    6.321094] random 0000 0000 0000 26929f1a 15254dc1: debiting 0 entropy credits from input
[    6.321096] random 0000 0000 0000 26929f1a 15254dc1: extract_entropy account returned: 0 
[    6.321099] random 0000 0000 0000 26929f1a 15254dc1: urand_change_num 98 xfer_secondary_pool(16): pool_sig 00000038, data_sig 00000000, bytes_mixed 0 26929f1a 15254dc1
[    6.321102] random 0000 0000 0000 26929f1a 15254dc1: trying to extract 128 bits from nonblocking
[    6.321104] random 0000 0000 0000 26929f1a 15254dc1: debiting 128 entropy credits from nonblocking (unlimited)
[    6.321107] random 0000 0000 0000 26929f1a 15254dc1: extract_entropy account returned: 16 
[    6.321111] random 0000 0000 0000 26929f1a 15254dc1: urand_change_num 99 extract_buf: pool_sig 00000038, data_sig 000000fd, bytes_mixed 20 26929f1a 15254dc1
[    6.321116] random 0000 0000 0000 8116fe3b 478c2d5b: urand_change_num 100 extract_buf: pool_sig 00000059, data_sig 00000310, bytes_mixed 20 8116fe3b 478c2d5b
[    6.327765] random 0000 0000 0000 a20f4a3a 32a6b2fa: rand_read_num 29 get_random_bytes(16): sig 000002c0 a20f4a3a 32a6b2fa
[    6.327768] random 0000 0000 0000 a20f4a3a 32a6b2fa: extract_entropy(.. 16 ..)
[    6.327771] random 0000 0000 0000 a20f4a3a 32a6b2fa: going to reseed nonblocking with 128 bits (128 of 0 requested)
[    6.327773] random 0000 0000 0000 a20f4a3a 32a6b2fa: extract_entropy(.. 16 ..)
[    6.327775] random 0000 0000 0000 a20f4a3a 32a6b2fa: trying to extract 128 bits from input
[    6.327778] random 0000 0000 0000 a20f4a3a 32a6b2fa: debiting 0 entropy credits from input
[    6.327779] random 0000 0000 0000 a20f4a3a 32a6b2fa: extract_entropy account returned: 0 
[    6.327783] random 0000 0000 0000 a20f4a3a 32a6b2fa: urand_change_num 101 xfer_secondary_pool(16): pool_sig 000002c0, data_sig 00000000, bytes_mixed 0 a20f4a3a 32a6b2fa
[    6.327785] random 0000 0000 0000 a20f4a3a 32a6b2fa: trying to extract 128 bits from nonblocking
[    6.327788] random 0000 0000 0000 a20f4a3a 32a6b2fa: debiting 128 entropy credits from nonblocking (unlimited)
[    6.327790] random 0000 0000 0000 a20f4a3a 32a6b2fa: extract_entropy account returned: 16 
[    6.327794] random 0000 0000 0000 a20f4a3a 32a6b2fa: urand_change_num 102 extract_buf: pool_sig 000002c0, data_sig 000000fb, bytes_mixed 20 a20f4a3a 32a6b2fa
[    6.327799] random 0000 0000 0000 a20f4a3a 32a6b2fa: urand_change_num 103 extract_buf: pool_sig ffffffdd, data_sig 000000a5, bytes_mixed 20 a20f4a3a 32a6b2fa
[    6.340280] random 0000 0000 0000 de716d2a 6c4757e1: rand_read_num 30 get_random_bytes(16): sig 000000fa de716d2a 6c4757e1
[    6.340283] random 0000 0000 0000 de716d2a 6c4757e1: extract_entropy(.. 16 ..)
[    6.340285] random 0000 0000 0000 de716d2a 6c4757e1: going to reseed nonblocking with 128 bits (128 of 0 requested)
[    6.340288] random 0000 0000 0000 de716d2a 6c4757e1: extract_entropy(.. 16 ..)
[    6.340290] random 0000 0000 0000 de716d2a 6c4757e1: trying to extract 128 bits from input
[    6.340292] random 0000 0000 0000 de716d2a 6c4757e1: debiting 0 entropy credits from input
[    6.340294] random 0000 0000 0000 de716d2a 6c4757e1: extract_entropy account returned: 0 
[    6.340297] random 0000 0000 0000 de716d2a 6c4757e1: urand_change_num 104 xfer_secondary_pool(16): pool_sig 000000fa, data_sig 00000000, bytes_mixed 0 de716d2a 6c4757e1
[    6.340300] random 0000 0000 0000 de716d2a 6c4757e1: trying to extract 128 bits from nonblocking
[    6.340302] random 0000 0000 0000 de716d2a 6c4757e1: debiting 128 entropy credits from nonblocking (unlimited)
[    6.340304] random 0000 0000 0000 de716d2a 6c4757e1: extract_entropy account returned: 16 
[    6.340308] random 0000 0000 0000 de716d2a 6c4757e1: urand_change_num 105 extract_buf: pool_sig 000000fa, data_sig ffffff34, bytes_mixed 20 de716d2a 6c4757e1
[    6.340314] random 0000 0000 0000 de716d2a 6c4757e1: urand_change_num 106 extract_buf: pool_sig 000003d3, data_sig ffffff30, bytes_mixed 20 de716d2a 6c4757e1
[    6.340904] random 0000 0000 0000 a7c511e1 f90ea457: rand_read_num 31 get_random_bytes(16): sig 0000009a a7c511e1 f90ea457
[    6.340907] random 0000 0000 0000 a7c511e1 f90ea457: extract_entropy(.. 16 ..)
[    6.340910] random 0000 0000 0000 a7c511e1 f90ea457: going to reseed nonblocking with 128 bits (128 of 0 requested)
[    6.340912] random 0000 0000 0000 a7c511e1 f90ea457: extract_entropy(.. 16 ..)
[    6.340914] random 0000 0000 0000 a7c511e1 f90ea457: trying to extract 128 bits from input
[    6.340916] random 0000 0000 0000 a7c511e1 f90ea457: debiting 0 entropy credits from input
[    6.340918] random 0000 0000 0000 a7c511e1 f90ea457: extract_entropy account returned: 0 
[    6.340921] random 0000 0000 0000 a7c511e1 f90ea457: urand_change_num 107 xfer_secondary_pool(16): pool_sig 0000009a, data_sig 00000000, bytes_mixed 0 a7c511e1 f90ea457
[    6.340924] random 0000 0000 0000 a7c511e1 f90ea457: trying to extract 128 bits from nonblocking
[    6.340926] random 0000 0000 0000 a7c511e1 f90ea457: debiting 128 entropy credits from nonblocking (unlimited)
[    6.340928] random 0000 0000 0000 a7c511e1 f90ea457: extract_entropy account returned: 16 
[    6.340933] random 0000 0000 0000 a7c511e1 f90ea457: urand_change_num 108 extract_buf: pool_sig 0000009a, data_sig 000000e0, bytes_mixed 20 a7c511e1 f90ea457
[    6.340938] random 0000 0000 0000 7c18c7e6 d65ccb06: urand_change_num 109 extract_buf: pool_sig fffffa79, data_sig 000000e0, bytes_mixed 20 7c18c7e6 d65ccb06
[    6.341515] random 0000 0000 0000 7c18c7e6 d65ccb06: rand_read_num 32 get_random_bytes(16): sig fffffe1e 7c18c7e6 d65ccb06
[    6.341518] random 0000 0000 0000 7c18c7e6 d65ccb06: extract_entropy(.. 16 ..)
[    6.341521] random 0000 0000 0000 7c18c7e6 d65ccb06: going to reseed nonblocking with 128 bits (128 of 0 requested)
[    6.341523] random 0000 0000 0000 7c18c7e6 d65ccb06: extract_entropy(.. 16 ..)
[    6.341525] random 0000 0000 0000 7c18c7e6 d65ccb06: trying to extract 128 bits from input
[    6.341527] random 0000 0000 0000 7c18c7e6 d65ccb06: debiting 0 entropy credits from input
[    6.341529] random 0000 0000 0000 7c18c7e6 d65ccb06: extract_entropy account returned: 0 
[    6.341532] random 0000 0000 0000 7c18c7e6 d65ccb06: urand_change_num 110 xfer_secondary_pool(16): pool_sig fffffe1e, data_sig 00000000, bytes_mixed 0 7c18c7e6 d65ccb06
[    6.341535] random 0000 0000 0000 7c18c7e6 d65ccb06: trying to extract 128 bits from nonblocking
[    6.341537] random 0000 0000 0000 7c18c7e6 d65ccb06: debiting 128 entropy credits from nonblocking (unlimited)
[    6.341539] random 0000 0000 0000 7c18c7e6 d65ccb06: extract_entropy account returned: 16 
