[    0.000000] random 0000 0000 0000 00000000 00000000: rand_read_num 1 get_random_bytes(8): sig 00000000 00000000 00000000
[    0.000000] random 0000 0000 0000 00000000 00000000: extract_entropy(.. 8 ..)
[    0.000000] random 0000 0000 0000 00000000 00000000: going to reseed nonblocking with 64 bits (64 of 0 requested)
[    0.000000] random 0000 0000 0000 00000000 00000000: extract_entropy(.. 8 ..)
[    0.000000] random 0000 0000 0000 00000000 00000000: trying to extract 64 bits from input
[    0.000000] random 0000 0000 0000 00000000 00000000: debiting 0 entropy credits from input
[    0.000000] random 0000 0000 0000 00000000 00000000: extract_entropy account returned: 0 
[    0.000000] random 0000 0000 0000 00000000 00000000: urand_change_num 1 xfer_secondary_pool(8): pool_sig 00000000, data_sig 00000000, bytes_mixed 0 00000000 00000000
[    0.000000] random 0000 0000 0000 00000000 00000000: trying to extract 64 bits from nonblocking
[    0.000000] random 0000 0000 0000 00000000 00000000: debiting 64 entropy credits from nonblocking (unlimited)
[    0.000000] random 0000 0000 0000 00000000 00000000: extract_entropy account returned: 8 
[    0.000000] random 0000 0000 0000 00000000 00000000: urand_change_num 2 extract_buf: pool_sig 00000000, data_sig fffffff9, bytes_mixed 20 00000000 00000000
[    0.000000] Linux version 2.6.32.57 (dcashman@dcashman-02) (gcc version 4.3.3 (GCC) ) #3 Fri May 24 04:27:34 PDT 2013
[    0.000000] KERNEL supported cpus:
[    0.000000]   Intel GenuineIntel
[    0.000000]   AMD AuthenticAMD
[    0.000000]   NSC Geode by NSC
[    0.000000]   Cyrix CyrixInstead
[    0.000000]   Centaur CentaurHauls
[    0.000000]   Transmeta GenuineTMx86
[    0.000000]   Transmeta TransmetaCPU
[    0.000000]   UMC UMC UMC UMC
[    0.000000] BIOS-provided physical RAM map:
[    0.000000]  BIOS-e820: 0000000000000000 - 000000000009d800 (usable)
[    0.000000]  BIOS-e820: 000000000009d800 - 00000000000a0000 (reserved)
[    0.000000]  BIOS-e820: 00000000000d2000 - 00000000000d4000 (reserved)
[    0.000000]  BIOS-e820: 00000000000e0000 - 0000000000100000 (reserved)
[    0.000000]  BIOS-e820: 0000000000100000 - 000000003d6b0000 (usable)
[    0.000000]  BIOS-e820: 000000003d6b0000 - 000000003d6cc000 (ACPI data)
[    0.000000]  BIOS-e820: 000000003d6cc000 - 000000003d700000 (ACPI NVS)
[    0.000000]  BIOS-e820: 000000003d700000 - 000000003e000000 (reserved)
[    0.000000]  BIOS-e820: 00000000f0000000 - 00000000f4000000 (reserved)
[    0.000000]  BIOS-e820: 00000000fec00000 - 00000000fec10000 (reserved)
[    0.000000]  BIOS-e820: 00000000fed00000 - 00000000fed00400 (reserved)
[    0.000000]  BIOS-e820: 00000000fed14000 - 00000000fed1a000 (reserved)
[    0.000000]  BIOS-e820: 00000000fed1c000 - 00000000fed90000 (reserved)
[    0.000000]  BIOS-e820: 00000000fee00000 - 00000000fee01000 (reserved)
[    0.000000]  BIOS-e820: 00000000ff000000 - 0000000100000000 (reserved)
[    0.000000] DMI present.
[    0.000000] last_pfn = 0x3d6b0 max_arch_pfn = 0x100000
[    0.000000] MTRR default type: uncachable
[    0.000000] MTRR fixed ranges enabled:
[    0.000000]   00000-9FFFF write-back
[    0.000000]   A0000-BFFFF uncachable
[    0.000000]   C0000-CFFFF write-protect
[    0.000000]   D0000-DFFFF uncachable
[    0.000000]   E0000-FFFFF write-protect
[    0.000000] MTRR variable ranges enabled:
[    0.000000]   0 base 03E000000 mask FFE000000 uncachable
[    0.000000]   1 base 000000000 mask FC0000000 write-back
[    0.000000]   2 base 03D700000 mask FFFF00000 uncachable
[    0.000000]   3 base 03D800000 mask FFF800000 uncachable
[    0.000000]   4 disabled
[    0.000000]   5 disabled
[    0.000000]   6 disabled
[    0.000000]   7 disabled
[    0.000000] initial memory mapped : 0 - 02000000
[    0.000000] init_memory_mapping: 0000000000000000-00000000377fe000
[    0.000000]  0000000000 - 0000400000 page 4k
[    0.000000]  0000400000 - 0037400000 page 2M
[    0.000000]  0037400000 - 00377fe000 page 4k
[    0.000000] kernel direct mapping tables up to 377fe000 @ 7000-c000
[    0.000000] ACPI: RSDP 000f68d0 00024 (v02 LENOVO)
[    0.000000] ACPI: XSDT 3d6bb77f 00094 (v01 LENOVO TP-7L    00002170  LTP 00000000)
[    0.000000] ACPI: FACP 3d6bb900 000F4 (v03 LENOVO TP-7L    00002170 LNVO 00000001)
[    0.000000] ACPI Warning: 32/64X length mismatch in Gpe1Block: 0/32 (20090903/tbfadt-526)
[    0.000000] ACPI Warning: Optional field Gpe1Block has zero address or length: 000000000000102C/0 (20090903/tbfadt-557)
[    0.000000] ACPI: DSDT 3d6bbd1d 0FED1 (v01 LENOVO TP-7L    00002170 MSFT 03000000)
[    0.000000] ACPI: FACS 3d6e4000 00040
[    0.000000] ACPI: SSDT 3d6bbab4 00269 (v01 LENOVO TP-7L    00002170 MSFT 03000000)
[    0.000000] ACPI: ECDT 3d6cbbee 00052 (v01 LENOVO TP-7L    00002170 LNVO 00000001)
[    0.000000] ACPI: TCPA 3d6cbc40 00032 (v02 LENOVO TP-7L    00002170 LNVO 00000001)
[    0.000000] ACPI: APIC 3d6cbc72 00068 (v01 LENOVO TP-7L    00002170 LNVO 00000001)
[    0.000000] ACPI: MCFG 3d6cbcda 0003C (v01 LENOVO TP-7L    00002170 LNVO 00000001)
[    0.000000] ACPI: HPET 3d6cbd16 00038 (v01 LENOVO TP-7L    00002170 LNVO 00000001)
[    0.000000] ACPI: SLIC 3d6cbdf0 00176 (v01 LENOVO TP-7L    00002170  LTP 00000000)
[    0.000000] ACPI: BOOT 3d6cbf66 00028 (v01 LENOVO TP-7L    00002170  LTP 00000001)
[    0.000000] ACPI: ASF! 3d6cbf8e 00072 (v16 LENOVO TP-7L    00002170 PTL  00000001)
[    0.000000] ACPI: SSDT 3d6e26d9 0025F (v01 LENOVO TP-7L    00002170 INTL 20050513)
[    0.000000] ACPI: SSDT 3d6e2938 000A6 (v01 LENOVO TP-7L    00002170 INTL 20050513)
[    0.000000] ACPI: SSDT 3d6e29de 004F7 (v01 LENOVO TP-7L    00002170 INTL 20050513)
[    0.000000] ACPI: SSDT 3d6e2ed5 001D8 (v01 LENOVO TP-7L    00002170 INTL 20050513)
[    0.000000] ACPI: DMI detected: Lenovo ThinkPad R61
[    0.000000] ACPI: Added _OSI(Linux)
[    0.000000] ACPI: Local APIC address 0xfee00000
[    0.000000] 94MB HIGHMEM available.
[    0.000000] 887MB LOWMEM available.
[    0.000000]   mapped low ram: 0 - 377fe000
[    0.000000]   low ram: 0 - 377fe000
[    0.000000]   node 0 low ram: 00000000 - 377fe000
[    0.000000]   node 0 bootmap 00008000 - 0000ef00
[    0.000000] (6 early reservations) ==> bootmem [0000000000 - 00377fe000]
[    0.000000]   #0 [0000000000 - 0000001000]   BIOS data page ==> [0000000000 - 0000001000]
[    0.000000]   #1 [0001000000 - 0001bdc180]    TEXT DATA BSS ==> [0001000000 - 0001bdc180]
[    0.000000]   #2 [000009d800 - 0000100000]    BIOS reserved ==> [000009d800 - 0000100000]
[    0.000000]   #3 [0001bdd000 - 0001be516c]              BRK ==> [0001bdd000 - 0001be516c]
[    0.000000]   #4 [0000007000 - 0000008000]          PGTABLE ==> [0000007000 - 0000008000]
[    0.000000]   #5 [0000008000 - 000000f000]          BOOTMAP ==> [0000008000 - 000000f000]
[    0.000000] found SMP MP-table at [c00f6900] f6900
[    0.000000] Zone PFN ranges:
[    0.000000]   DMA      0x00000000 -> 0x00001000
[    0.000000]   Normal   0x00001000 -> 0x000377fe
[    0.000000]   HighMem  0x000377fe -> 0x0003d6b0
[    0.000000] Movable zone start PFN for each node
[    0.000000] early_node_map[2] active PFN ranges
[    0.000000]     0: 0x00000000 -> 0x0000009d
[    0.000000]     0: 0x00000100 -> 0x0003d6b0
[    0.000000] On node 0 totalpages: 251469
[    0.000000] free_area_init_node: node 0, pgdat c1901ea0, node_mem_map c1be7000
[    0.000000]   DMA zone: 32 pages used for memmap
[    0.000000]   DMA zone: 0 pages reserved
[    0.000000]   DMA zone: 3965 pages, LIFO batch:0
[    0.000000]   Normal zone: 1744 pages used for memmap
[    0.000000]   Normal zone: 221486 pages, LIFO batch:31
[    0.000000]   HighMem zone: 190 pages used for memmap
[    0.000000]   HighMem zone: 24052 pages, LIFO batch:3
[    0.000000] Using APIC driver default
[    0.000000] ACPI: PM-Timer IO Port: 0x1008
[    0.000000] ACPI: Local APIC address 0xfee00000
[    0.000000] ACPI: LAPIC (acpi_id[0x00] lapic_id[0x00] enabled)
[    0.000000] ACPI: LAPIC (acpi_id[0x01] lapic_id[0x01] enabled)
[    0.000000] ACPI: NR_CPUS/possible_cpus limit of 1 reached.  Processor 1/0x1 ignored.
[    0.000000] ACPI: LAPIC_NMI (acpi_id[0x00] high edge lint[0x1])
[    0.000000] ACPI: LAPIC_NMI (acpi_id[0x01] high edge lint[0x1])
[    0.000000] ACPI: IOAPIC (id[0x01] address[0xfec00000] gsi_base[0])
[    0.000000] IOAPIC[0]: apic_id 1, version 32, address 0xfec00000, GSI 0-23
[    0.000000] ACPI: INT_SRC_OVR (bus 0 bus_irq 0 global_irq 2 dfl dfl)
[    0.000000] ACPI: INT_SRC_OVR (bus 0 bus_irq 9 global_irq 9 high level)
[    0.000000] ACPI: IRQ0 used by override.
[    0.000000] ACPI: IRQ2 used by override.
[    0.000000] ACPI: IRQ9 used by override.
[    0.000000] Using ACPI (MADT) for SMP configuration information
[    0.000000] ACPI: HPET id: 0x8086a201 base: 0xfed00000
[    0.000000] nr_irqs_gsi: 24
[    0.000000] PM: Registered nosave memory: 000000000009d000 - 000000000009e000
[    0.000000] PM: Registered nosave memory: 000000000009e000 - 00000000000a0000
[    0.000000] PM: Registered nosave memory: 00000000000a0000 - 00000000000d2000
[    0.000000] PM: Registered nosave memory: 00000000000d2000 - 00000000000d4000
[    0.000000] PM: Registered nosave memory: 00000000000d4000 - 00000000000e0000
[    0.000000] PM: Registered nosave memory: 00000000000e0000 - 0000000000100000
[    0.000000] Allocating PCI resources starting at 3e000000 (gap: 3e000000:b2000000)
[    0.000000] Built 1 zonelists in Zone order, mobility grouping on.  Total pages: 249503
[    0.000000] Kernel command line: auto BOOT_IMAGE=Linux ro root=802 vt.default_utf8=0 maxcpus=0
[    0.000000] PID hash table entries: 4096 (order: 2, 16384 bytes)
[    0.000000] Dentry cache hash table entries: 131072 (order: 7, 524288 bytes)
[    0.000000] Inode-cache hash table entries: 65536 (order: 6, 262144 bytes)
[    0.000000] Enabling fast FPU save and restore... done.
[    0.000000] Enabling unmasked SIMD FPU exception support... done.
[    0.000000] Initializing CPU#0
[    0.000000] Initializing HighMem for node 0 (000377fe:0003d6b0)
[    0.000000] Memory: 984800k/1006272k available (6914k kernel code, 20876k reserved, 2328k data, 448k init, 96968k highmem)
[    0.000000] virtual kernel memory layout:
[    0.000000]     fixmap  : 0xfffa3000 - 0xfffff000   ( 368 kB)
[    0.000000]     pkmap   : 0xff800000 - 0xffc00000   (4096 kB)
[    0.000000]     vmalloc : 0xf7ffe000 - 0xff7fe000   ( 120 MB)
[    0.000000]     lowmem  : 0xc0000000 - 0xf77fe000   ( 887 MB)
[    0.000000]       .init : 0xc1907000 - 0xc1977000   ( 448 kB)
[    0.000000]       .data : 0xc16c0b5f - 0xc1906c64   (2328 kB)
[    0.000000]       .text : 0xc1000000 - 0xc16c0b5f   (6914 kB)
[    0.000000] Checking if this processor honours the WP bit even in supervisor mode...Ok.
[    0.000000] SLUB: Genslabs=13, HWalign=64, Order=0-3, MinObjects=0, CPUs=1, Nodes=1
[    0.000000] Hierarchical RCU implementation.
[    0.000000] NR_IRQS:288
[    0.000000] Extended CMOS year: 2000
[    0.000000] Console: colour VGA+ 80x25
[    0.000000] console [tty0] enabled
[    0.000000] hpet clockevent registered
[    0.000000] Fast TSC calibration using PIT
[    0.000000] Detected 2095.021 MHz processor.
[    0.001002] Calibrating delay loop (skipped), value calculated using timer frequency.. 4190.04 BogoMIPS (lpj=2095021)
[    0.001166] Security Framework initialized
[    0.001244] Mount-cache hash table entries: 512
[    0.001389] CPU: L1 I cache: 32K, L1 D cache: 32K
[    0.001509] CPU: L2 cache: 3072K
[    0.001587] mce: CPU supports 6 MCE banks
[    0.001673] CPU0: Thermal monitoring enabled (TM2)
[    0.002005] using mwait in idle threads.
[    0.002089] CPU: Intel(R) Core(TM)2 Duo CPU     T8100  @ 2.10GHz stepping 06
[    0.002270] Checking 'hlt' instruction... OK.
[    0.006940] ACPI: Core revision 20090903
[    0.026016] CANARY value: 12034c6c for PID: 1
[    0.026047] Enabling APIC mode:  Flat.  Using 1 I/O APICs
[    0.027365] ..TIMER: vector=0x30 apic1=0 pin1=2 apic2=-1 pin2=-1
[    0.037997] xor: automatically using best checksumming function: pIII_sse
[    0.041998]    pIII_sse  :  8568.000 MB/sec
[    0.042091] xor: using function: pIII_sse (8568.000 MB/sec)
[    0.042172] RANDOM - __seed init called.
[    0.042173] RANDOM - __seed init called.
[    0.042174] RANDOM - __seed init called.
[    0.042176] RANDOM - __random32 called. Change num 1.  Value: f7943846	49e73df3	af36cd0d
[    0.042177] RANDOM - __random32 called. Change num 2.  Value: 43846e13	9e73df37	9a1ad014
[    0.042179] RANDOM - __random32 called. Change num 3.  Value: 46e139c8	e73df373	a029598a
[    0.042181] RANDOM - __random32 called. Change num 4.  Value: 139c8c3b	73df373d	b3142c72
[    0.042182] RANDOM - __random32 called. Change num 5.  Value: c8c3b043	3df373de	58e576a9
[    0.042184] RANDOM - __random32 called. Change num 6.  Value: 3b0437d9	df373de5	ed53f9d8
[    0.042186] RANDOM - random32 init called.  Value: 3b0437d9	df373de5	ed53f9d8
[    0.042203] NET: Registered protocol family 16
[    0.042454] ACPI FADT declares the system doesn't support PCIe ASPM, so disable it
[    0.042568] ACPI: bus type pci registered
[    0.042733] PCI: MCFG configuration 0: base f0000000 segment 0 buses 0 - 63
[    0.042817] PCI: MCFG area at f0000000 reserved in E820
[    0.042905] PCI: Using MMCONFIG for extended config space
[    0.042985] PCI: Using configuration type 1 for base access
[    0.046089] bio: create slab <bio-0> at 0
[    0.046892] ACPI: EC: EC description table is found, configuring boot EC
[    0.052029] ACPI: BIOS _OSI(Linux) query honored via DMI
[    0.052740] random 0000 0000 0000 00000000 00000000: rand_read_num 2 get_random_bytes(8): sig fffffe1a 00000000 00000000
[    0.052742] random 0000 0000 0000 00000000 00000000: extract_entropy(.. 8 ..)
[    0.052745] random 0000 0000 0000 00000000 00000000: going to reseed nonblocking with 64 bits (64 of 0 requested)
[    0.052747] random 0000 0000 0000 00000000 00000000: extract_entropy(.. 8 ..)
[    0.052750] random 0000 0000 0000 00000000 00000000: trying to extract 64 bits from input
[    0.052752] random 0000 0000 0000 00000000 00000000: debiting 0 entropy credits from input
[    0.052754] random 0000 0000 0000 00000000 00000000: extract_entropy account returned: 0 
[    0.052781] random 0000 0000 0000 00000000 00000000: urand_change_num 3 xfer_secondary_pool(8): pool_sig fffffe1a, data_sig 00000000, bytes_mixed 0 00000000 00000000
[    0.052784] random 0000 0000 0000 00000000 00000000: trying to extract 64 bits from nonblocking
[    0.052787] random 0000 0000 0000 00000000 00000000: debiting 64 entropy credits from nonblocking (unlimited)
[    0.052789] random 0000 0000 0000 00000000 00000000: extract_entropy account returned: 8 
[    0.052793] random 0000 0000 0000 00000000 00000000: urand_change_num 4 extract_buf: pool_sig fffffe1a, data_sig fffffed7, bytes_mixed 20 00000000 00000000
[    0.057510] ACPI: Interpreter enabled
[    0.057591] ACPI: (supports S0 S3 S4 S5)
[    0.057873] ACPI: Using IOAPIC for interrupt routing
[    0.067627] ACPI: EC: GPE = 0x12, I/O: command/status = 0x66, data = 0x62
[    0.067911] ACPI: Power Resource [PUBS] (on)
[    0.070014] ACPI: ACPI Dock Station Driver: 3 docks/bays found
[    0.070423] ACPI: PCI Root Bridge [PCI0] (0000:00)
[    0.070586] pci 0000:00:02.0: reg 10 64bit mmio: [0xf8100000-0xf81fffff]
[    0.070592] pci 0000:00:02.0: reg 18 64bit mmio pref: [0xe0000000-0xefffffff]
[    0.070596] pci 0000:00:02.0: reg 20 io port: [0x1800-0x1807]
[    0.070631] pci 0000:00:02.1: reg 10 64bit mmio: [0xf8200000-0xf82fffff]
[    0.070732] pci 0000:00:19.0: reg 10 32bit mmio: [0xfe000000-0xfe01ffff]
[    0.070740] pci 0000:00:19.0: reg 14 32bit mmio: [0xfe025000-0xfe025fff]
[    0.070749] pci 0000:00:19.0: reg 18 io port: [0x1840-0x185f]
[    0.070819] pci 0000:00:19.0: PME# supported from D0 D3hot D3cold
[    0.070912] pci 0000:00:19.0: PME# disabled
[    0.071051] pci 0000:00:1a.0: reg 20 io port: [0x1860-0x187f]
[    0.071137] pci 0000:00:1a.1: reg 20 io port: [0x1880-0x189f]
[    0.071214] pci 0000:00:1a.7: reg 10 32bit mmio: [0xfe226c00-0xfe226fff]
[    0.071296] pci 0000:00:1a.7: PME# supported from D0 D3hot D3cold
[    0.071384] pci 0000:00:1a.7: PME# disabled
[    0.071529] pci 0000:00:1b.0: reg 10 64bit mmio: [0xfe020000-0xfe023fff]
[    0.071616] pci 0000:00:1b.0: PME# supported from D0 D3hot D3cold
[    0.071697] pci 0000:00:1b.0: PME# disabled
[    0.071895] pci 0000:00:1c.0: PME# supported from D0 D3hot D3cold
[    0.071984] pci 0000:00:1c.0: PME# disabled
[    0.072114] pci 0000:00:1c.1: PME# supported from D0 D3hot D3cold
[    0.072205] pci 0000:00:1c.1: PME# disabled
[    0.072400] pci 0000:00:1c.2: PME# supported from D0 D3hot D3cold
[    0.072489] pci 0000:00:1c.2: PME# disabled
[    0.072682] pci 0000:00:1c.3: PME# supported from D0 D3hot D3cold
[    0.072767] pci 0000:00:1c.3: PME# disabled
[    0.073115] pci 0000:00:1c.4: PME# supported from D0 D3hot D3cold
[    0.073204] pci 0000:00:1c.4: PME# disabled
[    0.073353] pci 0000:00:1d.0: reg 20 io port: [0x18a0-0x18bf]
[    0.074031] pci 0000:00:1d.1: reg 20 io port: [0x18c0-0x18df]
[    0.074113] pci 0000:00:1d.2: reg 20 io port: [0x18e0-0x18ff]
[    0.074219] pci 0000:00:1d.7: reg 10 32bit mmio: [0xfe227000-0xfe2273ff]
[    0.074317] pci 0000:00:1d.7: PME# supported from D0 D3hot D3cold
[    0.074410] pci 0000:00:1d.7: PME# disabled
[    0.074691] pci 0000:00:1f.0: quirk: region 1000-107f claimed by ICH6 ACPI/GPIO/TCO
[    0.074810] pci 0000:00:1f.0: quirk: region 1180-11bf claimed by ICH6 GPIO
[    0.074895] pci 0000:00:1f.0: ICH7 LPC Generic IO decode 1 PIO at 1600 (mask 007f)
[    0.074998] pci 0000:00:1f.0: ICH7 LPC Generic IO decode 2 PIO at 15e0 (mask 000f)
[    0.075116] pci 0000:00:1f.0: ICH7 LPC Generic IO decode 3 PIO at 1680 (mask 001f)
[    0.075313] pci 0000:00:1f.1: reg 10 io port: [0x00-0x07]
[    0.075322] pci 0000:00:1f.1: reg 14 io port: [0x00-0x03]
[    0.075330] pci 0000:00:1f.1: reg 18 io port: [0x00-0x07]
[    0.075339] pci 0000:00:1f.1: reg 1c io port: [0x00-0x03]
[    0.075346] pci 0000:00:1f.1: reg 20 io port: [0x1c00-0x1c0f]
[    0.075427] pci 0000:00:1f.2: reg 10 io port: [0x1c50-0x1c57]
[    0.075436] pci 0000:00:1f.2: reg 14 io port: [0x1c44-0x1c47]
[    0.075445] pci 0000:00:1f.2: reg 18 io port: [0x1c48-0x1c4f]
[    0.075454] pci 0000:00:1f.2: reg 1c io port: [0x1c40-0x1c43]
[    0.075462] pci 0000:00:1f.2: reg 20 io port: [0x1c20-0x1c3f]
[    0.075471] pci 0000:00:1f.2: reg 24 32bit mmio: [0xfe226000-0xfe2267ff]
[    0.075531] pci 0000:00:1f.2: PME# supported from D3hot
[    0.075624] pci 0000:00:1f.2: PME# disabled
[    0.075740] pci 0000:00:1f.3: reg 10 32bit mmio: [0xfe227400-0xfe2274ff]
[    0.075764] pci 0000:00:1f.3: reg 20 io port: [0x1c60-0x1c7f]
[    0.075848] pci 0000:00:1c.0: bridge io port: [0x2000-0x2fff]
[    0.075854] pci 0000:00:1c.0: bridge 32bit mmio: [0xfc000000-0xfdffffff]
[    0.075866] pci 0000:00:1c.0: bridge 64bit mmio pref: [0xf8000000-0xf80fffff]
[    0.075936] pci 0000:03:00.0: reg 10 64bit mmio: [0xdf3f0000-0xdf3fffff]
[    0.076157] pci 0000:00:1c.1: bridge io port: [0x3000-0x3fff]
[    0.076163] pci 0000:00:1c.1: bridge 32bit mmio: [0xdc000000-0xdf3fffff]
[    0.076172] pci 0000:00:1c.1: bridge 64bit mmio pref: [0xdfe00000-0xdfefffff]
[    0.076228] pci 0000:00:1c.2: bridge io port: [0x4000-0x4fff]
[    0.076235] pci 0000:00:1c.2: bridge 32bit mmio: [0xd8000000-0xd9ffffff]
[    0.076244] pci 0000:00:1c.2: bridge 64bit mmio pref: [0xdfb00000-0xdfbfffff]
[    0.076298] pci 0000:00:1c.3: bridge io port: [0x5000-0x5fff]
[    0.076304] pci 0000:00:1c.3: bridge 32bit mmio: [0xd4000000-0xd5ffffff]
[    0.076314] pci 0000:00:1c.3: bridge 64bit mmio pref: [0xdf800000-0xdf8fffff]
[    0.076377] pci 0000:00:1c.4: bridge io port: [0x6000-0x6fff]
[    0.076383] pci 0000:00:1c.4: bridge 32bit mmio: [0xd0000000-0xd1ffffff]
[    0.076390] pci 0000:00:1c.4: bridge 64bit mmio pref: [0xdf500000-0xdf5fffff]
[    0.076450] pci 0000:15:00.0: reg 10 32bit mmio: [0xf8300000-0xf8300fff]
[    0.076500] pci 0000:15:00.0: supports D1 D2
[    0.076501] pci 0000:15:00.0: PME# supported from D0 D1 D2 D3hot D3cold
[    0.076591] pci 0000:15:00.0: PME# disabled
[    0.076722] pci 0000:15:00.1: reg 10 32bit mmio: [0xf8301000-0xf83017ff]
[    0.076818] pci 0000:15:00.1: supports D1 D2
[    0.076819] pci 0000:15:00.1: PME# supported from D0 D1 D2 D3hot D3cold
[    0.076905] pci 0000:15:00.1: PME# disabled
[    0.077079] pci 0000:00:1e.0: transparent bridge
[    0.077164] pci 0000:00:1e.0: bridge io port: [0x7000-0xafff]
[    0.077171] pci 0000:00:1e.0: bridge 32bit mmio: [0xf8300000-0xfbffffff]
[    0.077178] pci 0000:00:1e.0: bridge 64bit mmio pref: [0xf4000000-0xf7ffffff]
[    0.077242] pci_bus 0000:00: on NUMA node 0
[    0.077246] ACPI: PCI Interrupt Routing Table [\_SB_.PCI0._PRT]
[    0.077379] ACPI: PCI Interrupt Routing Table [\_SB_.PCI0.EXP0._PRT]
[    0.077437] ACPI: PCI Interrupt Routing Table [\_SB_.PCI0.EXP1._PRT]
[    0.077495] ACPI: PCI Interrupt Routing Table [\_SB_.PCI0.EXP2._PRT]
[    0.077552] ACPI: PCI Interrupt Routing Table [\_SB_.PCI0.EXP3._PRT]
[    0.077615] ACPI: PCI Interrupt Routing Table [\_SB_.PCI0.EXP4._PRT]
[    0.077677] ACPI: PCI Interrupt Routing Table [\_SB_.PCI0.PCI1._PRT]
[    0.083125] ACPI: PCI Interrupt Link [LNKA] (IRQs 3 4 5 6 7 9 *10 11)
[    0.083865] ACPI: PCI Interrupt Link [LNKB] (IRQs 3 4 5 6 7 9 10 *11)
[    0.084606] ACPI: PCI Interrupt Link [LNKC] (IRQs 3 4 5 6 7 9 10 *11)
[    0.085325] ACPI: PCI Interrupt Link [LNKD] (IRQs 3 4 5 6 7 9 10 *11)
[    0.086079] ACPI: PCI Interrupt Link [LNKE] (IRQs 3 4 5 6 7 9 10 *11)
[    0.086800] ACPI: PCI Interrupt Link [LNKF] (IRQs 3 4 5 6 7 9 10 *11)
[    0.087525] ACPI: PCI Interrupt Link [LNKG] (IRQs 3 4 5 6 7 9 10 *11)
[    0.088285] ACPI: PCI Interrupt Link [LNKH] (IRQs 3 4 5 6 7 9 10 *11)
[    0.088985] vgaarb: device added: PCI:0000:00:02.0,decodes=io+mem,owns=io+mem,locks=none
[    0.089001] vgaarb: loaded
[    0.089172] SCSI subsystem initialized
[    0.089261] libata version 3.00 loaded.
[    0.089309] usbcore: registered new interface driver usbfs
[    0.089426] usbcore: registered new interface driver hub
[    0.089537] usbcore: registered new device driver usb
[    0.106037] raid6: int32x1    941 MB/s
[    0.123059] raid6: int32x2    890 MB/s
[    0.140067] raid6: int32x4    750 MB/s
[    0.157072] raid6: int32x8    660 MB/s
[    0.173994] raid6: mmxx1     2878 MB/s
[    0.190998] raid6: mmxx2     3273 MB/s
[    0.208000] raid6: sse1x1    1937 MB/s
[    0.224977] raid6: sse1x2    2531 MB/s
[    0.241974] raid6: sse2x1    3511 MB/s
[    0.258973] raid6: sse2x2    3835 MB/s
[    0.259055] raid6: using algorithm sse2x2 (3835 MB/s)
[    0.259138] PCI: Using ACPI for IRQ routing
[    0.259432] HPET: 3 timers in total, 0 timers will be used for per-cpu timer
[    0.259990] Switching to clocksource tsc
[    0.260085] pnp: PnP ACPI init
[    0.260184] ACPI: bus type pnp registered
[    0.263845] pnp: PnP ACPI: found 11 devices
[    0.263948] ACPI: ACPI bus type pnp unregistered
[    0.264038] system 00:00: iomem range 0x0-0x9ffff could not be reserved
[    0.264120] system 00:00: iomem range 0xc0000-0xc3fff could not be reserved
[    0.264205] system 00:00: iomem range 0xc4000-0xc7fff could not be reserved
[    0.264292] system 00:00: iomem range 0xc8000-0xcbfff has been reserved
[    0.264380] system 00:00: iomem range 0xcc000-0xcffff has been reserved
[    0.264463] system 00:00: iomem range 0xd0000-0xd3fff could not be reserved
[    0.264550] system 00:00: iomem range 0xe0000-0xe3fff could not be reserved
[    0.264639] system 00:00: iomem range 0xe4000-0xe7fff could not be reserved
[    0.264725] system 00:00: iomem range 0xe8000-0xebfff could not be reserved
[    0.264815] system 00:00: iomem range 0xec000-0xeffff could not be reserved
[    0.264914] system 00:00: iomem range 0xf0000-0xfffff could not be reserved
[    0.264997] system 00:00: iomem range 0x100000-0x3dffffff could not be reserved
[    0.265111] system 00:00: iomem range 0xfec00000-0xfed3ffff could not be reserved
[    0.265224] system 00:00: iomem range 0xfed4c000-0xffffffff could not be reserved
[    0.265355] system 00:02: ioport range 0x164e-0x164f has been reserved
[    0.265435] system 00:02: ioport range 0x1000-0x107f has been reserved
[    0.265520] system 00:02: ioport range 0x1180-0x11bf has been reserved
[    0.265609] system 00:02: ioport range 0x800-0x80f has been reserved
[    0.265695] system 00:02: ioport range 0x15e0-0x15ef has been reserved
[    0.265777] system 00:02: ioport range 0x1600-0x165f could not be reserved
[    0.265867] system 00:02: iomem range 0xf0000000-0xf3ffffff has been reserved
[    0.265956] system 00:02: iomem range 0xfed1c000-0xfed1ffff has been reserved
[    0.266038] system 00:02: iomem range 0xfed14000-0xfed17fff has been reserved
[    0.266129] system 00:02: iomem range 0xfed18000-0xfed18fff has been reserved
[    0.266219] system 00:02: iomem range 0xfed19000-0xfed19fff has been reserved
[    0.266301] system 00:02: iomem range 0xfed45000-0xfed4bfff has been reserved
[    0.301328] pci 0000:00:1c.0: PCI bridge, secondary bus 0000:02
[    0.301421] pci 0000:00:1c.0:   IO window: 0x2000-0x2fff
[    0.301509] pci 0000:00:1c.0:   MEM window: 0xfc000000-0xfdffffff
[    0.301593] pci 0000:00:1c.0:   PREFETCH window: 0x000000f8000000-0x000000f80fffff
[    0.301712] pci 0000:00:1c.1: PCI bridge, secondary bus 0000:03
[    0.301795] pci 0000:00:1c.1:   IO window: 0x3000-0x3fff
[    0.301894] pci 0000:00:1c.1:   MEM window: 0xdc000000-0xdf3fffff
[    0.301983] pci 0000:00:1c.1:   PREFETCH window: 0x000000dfe00000-0x000000dfefffff
[    0.302105] pci 0000:00:1c.2: PCI bridge, secondary bus 0000:04
[    0.302189] pci 0000:00:1c.2:   IO window: 0x4000-0x4fff
[    0.302273] pci 0000:00:1c.2:   MEM window: 0xd8000000-0xd9ffffff
[    0.302373] pci 0000:00:1c.2:   PREFETCH window: 0x000000dfb00000-0x000000dfbfffff
[    0.302500] pci 0000:00:1c.3: PCI bridge, secondary bus 0000:05
[    0.302587] pci 0000:00:1c.3:   IO window: 0x5000-0x5fff
[    0.302670] pci 0000:00:1c.3:   MEM window: 0xd4000000-0xd5ffffff
[    0.302762] pci 0000:00:1c.3:   PREFETCH window: 0x000000df800000-0x000000df8fffff
[    0.302886] pci 0000:00:1c.4: PCI bridge, secondary bus 0000:0d
[    0.302974] pci 0000:00:1c.4:   IO window: 0x6000-0x6fff
[    0.303063] pci 0000:00:1c.4:   MEM window: 0xd0000000-0xd1ffffff
[    0.303150] pci 0000:00:1c.4:   PREFETCH window: 0x000000df500000-0x000000df5fffff
[    0.303268] pci 0000:15:00.0: CardBus bridge, secondary bus 0000:16
[    0.303350] pci 0000:15:00.0:   IO window: 0x007000-0x0070ff
[    0.303434] pci 0000:15:00.0:   IO window: 0x007400-0x0074ff
[    0.303520] pci 0000:15:00.0:   PREFETCH window: 0xf4000000-0xf7ffffff
[    0.303611] pci 0000:15:00.0:   MEM window: 0x40000000-0x43ffffff
[    0.303706] pci 0000:00:1e.0: PCI bridge, secondary bus 0000:15
[    0.303790] pci 0000:00:1e.0:   IO window: 0x7000-0xafff
[    0.303879] pci 0000:00:1e.0:   MEM window: 0xf8300000-0xfbffffff
[    0.303963] pci 0000:00:1e.0:   PREFETCH window: 0x000000f4000000-0x000000f7ffffff
[    0.304093] pci 0000:00:1c.0: PCI INT A -> GSI 20 (level, low) -> IRQ 20
[    0.304186] pci 0000:00:1c.0: setting latency timer to 64
[    0.304198] pci 0000:00:1c.1: PCI INT B -> GSI 21 (level, low) -> IRQ 21
[    0.304288] pci 0000:00:1c.1: setting latency timer to 64
[    0.304298] pci 0000:00:1c.2: PCI INT C -> GSI 22 (level, low) -> IRQ 22
[    0.304382] pci 0000:00:1c.2: setting latency timer to 64
[    0.304393] pci 0000:00:1c.3: PCI INT D -> GSI 23 (level, low) -> IRQ 23
[    0.304489] pci 0000:00:1c.3: setting latency timer to 64
[    0.304498] pci 0000:00:1c.4: PCI INT A -> GSI 20 (level, low) -> IRQ 20
[    0.304582] pci 0000:00:1c.4: setting latency timer to 64
[    0.304589] pci 0000:00:1e.0: enabling device (0005 -> 0007)
[    0.304673] pci 0000:00:1e.0: setting latency timer to 64
[    0.304689] pci 0000:15:00.0: PCI INT A -> GSI 16 (level, low) -> IRQ 16
[    0.304773] pci 0000:15:00.0: setting latency timer to 64
[    0.304780] pci_bus 0000:00: resource 0 io:  [0x00-0xffff]
[    0.304781] pci_bus 0000:00: resource 1 mem: [0x000000-0xffffffff]
[    0.304783] pci_bus 0000:02: resource 0 io:  [0x2000-0x2fff]
[    0.304785] pci_bus 0000:02: resource 1 mem: [0xfc000000-0xfdffffff]
[    0.304787] pci_bus 0000:02: resource 2 pref mem [0xf8000000-0xf80fffff]
[    0.304789] pci_bus 0000:03: resource 0 io:  [0x3000-0x3fff]
[    0.304790] pci_bus 0000:03: resource 1 mem: [0xdc000000-0xdf3fffff]
[    0.304792] pci_bus 0000:03: resource 2 pref mem [0xdfe00000-0xdfefffff]
[    0.304794] pci_bus 0000:04: resource 0 io:  [0x4000-0x4fff]
[    0.304796] pci_bus 0000:04: resource 1 mem: [0xd8000000-0xd9ffffff]
[    0.304798] pci_bus 0000:04: resource 2 pref mem [0xdfb00000-0xdfbfffff]
[    0.304800] pci_bus 0000:05: resource 0 io:  [0x5000-0x5fff]
[    0.304801] pci_bus 0000:05: resource 1 mem: [0xd4000000-0xd5ffffff]
[    0.304803] pci_bus 0000:05: resource 2 pref mem [0xdf800000-0xdf8fffff]
[    0.304805] pci_bus 0000:0d: resource 0 io:  [0x6000-0x6fff]
[    0.304807] pci_bus 0000:0d: resource 1 mem: [0xd0000000-0xd1ffffff]
[    0.304808] pci_bus 0000:0d: resource 2 pref mem [0xdf500000-0xdf5fffff]
[    0.304810] pci_bus 0000:15: resource 0 io:  [0x7000-0xafff]
[    0.304812] pci_bus 0000:15: resource 1 mem: [0xf8300000-0xfbffffff]
[    0.304814] pci_bus 0000:15: resource 2 pref mem [0xf4000000-0xf7ffffff]
[    0.304816] pci_bus 0000:15: resource 3 io:  [0x00-0xffff]
[    0.304817] pci_bus 0000:15: resource 4 mem: [0x000000-0xffffffff]
[    0.304819] pci_bus 0000:16: resource 0 io:  [0x7000-0x70ff]
[    0.304821] pci_bus 0000:16: resource 1 io:  [0x7400-0x74ff]
[    0.304823] pci_bus 0000:16: resource 2 pref mem [0xf4000000-0xf7ffffff]
[    0.304824] pci_bus 0000:16: resource 3 mem: [0x40000000-0x43ffffff]
[    0.304832] NET: Registered protocol family 2
[    0.304920] RANDOM - __random32 called. Change num 7.  Value: 437d97bf	f373de51	f3b0f986
[    0.304921] RANDOM - random32 called.  Value: 437d97bf	f373de51	f3b0f986
[    0.304926] random 0000 0000 0000 5f8db4e5 4cfdf2a8: rand_read_num 3 get_random_bytes(4): sig fffffb64 5f8db4e5 4cfdf2a8
[    0.304928] random 0000 0000 0000 5f8db4e5 4cfdf2a8: extract_entropy(.. 4 ..)
[    0.304931] random 0000 0000 0000 5f8db4e5 4cfdf2a8: going to reseed nonblocking with 64 bits (32 of 0 requested)
[    0.304933] random 0000 0000 0000 5f8db4e5 4cfdf2a8: extract_entropy(.. 8 ..)
[    0.304935] random 0000 0000 0000 5f8db4e5 4cfdf2a8: trying to extract 64 bits from input
[    0.304937] random 0000 0000 0000 5f8db4e5 4cfdf2a8: debiting 0 entropy credits from input
[    0.304939] random 0000 0000 0000 5f8db4e5 4cfdf2a8: extract_entropy account returned: 0 
[    0.304942] random 0000 0000 0000 5f8db4e5 4cfdf2a8: urand_change_num 5 xfer_secondary_pool(4): pool_sig fffffb64, data_sig 00000000, bytes_mixed 0 5f8db4e5 4cfdf2a8
[    0.304944] random 0000 0000 0000 5f8db4e5 4cfdf2a8: trying to extract 32 bits from nonblocking
[    0.304947] random 0000 0000 0000 5f8db4e5 4cfdf2a8: debiting 32 entropy credits from nonblocking (unlimited)
[    0.304949] random 0000 0000 0000 5f8db4e5 4cfdf2a8: extract_entropy account returned: 4 
[    0.304953] random 0000 0000 0000 5f8db4e5 4cfdf2a8: urand_change_num 6 extract_buf: pool_sig fffffb64, data_sig 00000241, bytes_mixed 20 5f8db4e5 4cfdf2a8
[    0.304962] IP route cache hash table entries: 32768 (order: 5, 131072 bytes)
[    0.305097] RANDOM - __random32 called. Change num 8.  Value: d97bfe31	373de51f	f30dc6e6
[    0.305099] RANDOM - random32 called.  Value: d97bfe31	373de51f	f30dc6e6
[    0.305110] RANDOM - __random32 called. Change num 9.  Value: bfe314d7	73de51f5	8dcd6c7e
[    0.305111] RANDOM - random32 called.  Value: bfe314d7	73de51f5	8dcd6c7e
[    0.305113] RANDOM - __random32 called. Change num 10.  Value: 314d7baf	3de51f5e	d8fc74c1
[    0.305115] RANDOM - random32 called.  Value: 314d7baf	3de51f5e	d8fc74c1
[    0.305125] RANDOM - __random32 called. Change num 11.  Value: d7baf3c7	de51f5e5	e983e3fa
[    0.305127] RANDOM - random32 called.  Value: d7baf3c7	de51f5e5	e983e3fa
[    0.305136] TCP established hash table entries: 131072 (order: 8, 1048576 bytes)
[    0.305623] TCP bind hash table entries: 65536 (order: 6, 262144 bytes)
[    0.305803] TCP: Hash tables configured (established 131072 bind 65536)
[    0.305897] TCP reno registered
[    0.305996] NET: Registered protocol family 1
[    0.306101] RPC: Registered udp transport module.
[    0.306184] RPC: Registered tcp transport module.
[    0.306278] RPC: Registered tcp NFSv4.1 backchannel transport module.
[    0.306365] pci 0000:00:02.0: Boot video device
[    0.306581] Simple Boot Flag at 0x35 set to 0x1
[    0.307141] highmem bounce pool size: 64 pages
[    0.308636] VFS: Disk quotas dquot_6.5.2
[    0.308755] Dquot-cache hash table entries: 1024 (order 0, 4096 bytes)
[    0.309489] NTFS driver 2.1.29 [Flags: R/W].
[    0.309640] ROMFS MTD (C) 2007 Red Hat, Inc.
[    0.309846] JFS: nTxBlock = 7695, nTxLock = 61562
[    0.312288] SGI XFS with ACLs, security attributes, large block/inode numbers, no debug enabled
[    0.312766] SGI XFS Quota Management subsystem
[    0.313111] Slow work thread pool: Starting up
[    0.313202] Slow work thread pool: Ready
[    0.313290] GFS2 (built May 24 2013 02:47:17) installed
[    0.313381] msgmni has been set to 1734
[    0.313548] alg: No test for cipher_null (cipher_null-generic)
[    0.313639] alg: No test for ecb(cipher_null) (ecb-cipher_null)
[    0.313729] alg: No test for digest_null (digest_null-generic)
[    0.313822] alg: No test for compress_null (compress_null-generic)
[    0.314377] alg: No test for fcrypt (fcrypt-generic)
[    0.315790] alg: No test for stdrng (krng)
[    0.315888] async_tx: api initialized (async)
[    0.316038] Block layer SCSI generic (bsg) driver version 0.4 loaded (major 254)
[    0.316154] io scheduler noop registered
[    0.316240] io scheduler anticipatory registered
[    0.316319] io scheduler deadline registered
[    0.316449] io scheduler cfq registered (default)
[    0.316688] pcieport 0000:00:1c.0: irq 24 for MSI/MSI-X
[    0.316703] pcieport 0000:00:1c.0: setting latency timer to 64
[    0.316908] pcieport 0000:00:1c.1: irq 25 for MSI/MSI-X
[    0.316919] pcieport 0000:00:1c.1: setting latency timer to 64
[    0.317097] pcieport 0000:00:1c.2: irq 26 for MSI/MSI-X
[    0.317108] pcieport 0000:00:1c.2: setting latency timer to 64
[    0.317282] pcieport 0000:00:1c.3: irq 27 for MSI/MSI-X
[    0.317291] pcieport 0000:00:1c.3: setting latency timer to 64
[    0.317469] pcieport 0000:00:1c.4: irq 28 for MSI/MSI-X
[    0.317481] pcieport 0000:00:1c.4: setting latency timer to 64
[    0.317625] pci_hotplug: PCI Hot Plug PCI Core version: 0.5
[    0.317820] isapnp: Scanning for PnP cards...
[    0.678367] isapnp: No Plug & Play device found
[    0.678450] random 0000 0000 0000 5f8db4e5 4cfdf2a8: initializing
[    0.697932] Serial: 8250/16550 driver, 4 ports, IRQ sharing enabled
[    3.708218] floppy0: no floppy controllers found
[    3.709155] brd: module loaded
[    3.709650] loop: module loaded
[    3.709727] Compaq SMART2 Driver (v 2.6.0)
[    3.709840] HP CISS Driver (v 3.6.20)
[    3.710069] input: Macintosh mouse button emulation as /devices/virtual/input/input0
[    3.710192] Uniform Multi-Platform E-IDE driver
[    3.710425] piix 0000:00:1f.1: IDE controller (0x8086:0x2850 rev 0x03)
[    3.710517] pci 0000:00:1f.1: PCI INT C -> GSI 16 (level, low) -> IRQ 16
[    3.710613] piix 0000:00:1f.1: IDE port disabled
[    3.710707] piix 0000:00:1f.1: not 100% native mode: will probe irqs later
[    3.710797]     ide0: BM-DMA at 0x1c00-0x1c07
[    3.710886] Probing IDE interface ide0...
[    4.382307] hda: HL-DT-ST DVDRAM GSA-U10N, ATAPI CD/DVD-ROM drive
[    4.689060] hda: host max PIO4 wanted PIO255(auto-tune) selected PIO4
[    4.689832] hda: UDMA/33 mode selected
[    4.690293] ide0 at 0x1f0-0x1f7,0x3f6 on irq 14
[    4.694161] ide-gd driver 1.18
[    4.694261] ide-cd driver 5.00
[    4.695644] ide-cd: hda: ATAPI 24X DVD-ROM DVD-R/RAM CD-R/RW drive, 2048kB Cache
[    4.696049] Uniform CD-ROM driver Revision: 3.20
[    4.703218] Loading iSCSI transport class v2.0-870.
[    4.703508] rdac: device handler registered
[    4.703592] hp_sw: device handler registered
[    4.703670] emc: device handler registered
[    4.703750] alua: device handler registered
[    4.704729] Adaptec aacraid driver 1.1-5[2461]-ms
[    4.705140] scsi: <fdomain> Detection failed (no card)
[    4.705228] sym53c416.c: Version 1.0.0-ac
[    4.705334] qlogicfas: no cards were found, please specify I/O address and IRQ using iobase= and irq= options
[    4.705449] QLogic Fibre Channel HBA Driver: 8.03.01-k6
[    4.705657] iscsi: registered transport (qla4xxx)
[    4.705767] QLogic iSCSI HBA Driver
[    4.705853] Emulex LightPulse Fibre Channel SCSI driver 8.3.4
[    4.705940] Copyright(c) 2004-2009 Emulex.  All rights reserved.
[    4.728039] Failed initialization of WD-7000 SCSI card!
[    4.817658] DC390: clustering now enabled by default. If you get problems load
[    4.817773]        with "disable_clustering=1" and report to maintainers
[    4.817898] megaraid cmm: 2.20.2.7 (Release Date: Sun Jul 16 00:01:03 EST 2006)
[    4.818046] megaraid: 2.20.5.1 (Release Date: Thu Nov 16 15:32:35 EST 2006)
[    4.818153] megasas: 00.00.04.01 Thu July 24 11:41:51 PST 2008
[    4.818280] GDT-HA: Storage RAID Controller Driver. Version: 3.05
[    4.818425] 3ware Storage Controller device driver for Linux v1.26.02.002.
[    4.818526] 3ware 9000 Storage Controller device driver for Linux v2.26.02.012.
[    4.818658] nsp32: loading...
[    4.818760] ipr: IBM Power RAID SCSI Device Driver version: 2.4.3 (June 10, 2009)
[    4.818896] RocketRAID 3xxx/4xxx Controller driver v1.6 (090910)
[    4.819008] stex: Promise SuperTrak EX Driver version: 4.6.0000.3
[    4.819131] st: Version 20081215, fixed bufsize 32768, s/g segs 256
[    4.819315] ahci 0000:00:1f.2: version 3.0
[    4.819328] ahci 0000:00:1f.2: PCI INT B -> GSI 16 (level, low) -> IRQ 16
[    4.819469] ahci 0000:00:1f.2: irq 29 for MSI/MSI-X
[    4.819531] ahci 0000:00:1f.2: AHCI 0001.0100 32 slots 3 ports 1.5 Gbps 0x5 impl SATA mode
[    4.819646] ahci 0000:00:1f.2: flags: 64bit ncq sntf pm led clo pio slum part ccc 
[    4.819765] ahci 0000:00:1f.2: setting latency timer to 64
[    4.819908] scsi2 : ahci
[    4.820071] scsi3 : ahci
[    4.820203] scsi4 : ahci
[    4.820360] ata1: SATA max UDMA/133 abar m2048@0xfe226000 port 0xfe226100 irq 29
[    4.820472] ata2: DUMMY
[    4.820550] ata3: SATA max UDMA/133 abar m2048@0xfe226000 port 0xfe226200 irq 29
[    4.821161] I2O subsystem v1.325
[    4.821238] i2o: max drivers = 8
[    4.821385] I2O Configuration OSM v1.323
[    4.821493] I2O Bus Adapter OSM v1.317
[    4.821589] I2O Block Device OSM v1.325
[    4.821732] I2O SCSI Peripheral OSM v1.316
[    4.821834] I2O ProcFS OSM v1.316
[    4.821936] Fusion MPT base driver 3.04.12
[    4.822030] Copyright (c) 1999-2008 LSI Corporation
[    4.822112] Fusion MPT SPI Host driver 3.04.12
[    4.822252] Fusion MPT FC Host driver 3.04.12
[    4.822363] Fusion MPT SAS Host driver 3.04.12
[    4.822509] ohci1394 0000:15:00.1: PCI INT B -> GSI 17 (level, low) -> IRQ 17
[    4.822594] ohci1394 0000:15:00.1: setting latency timer to 64
[    4.876033] ohci1394: fw-host0: OHCI-1394 1.1 (PCI): IRQ=[17]  MMIO=[f8301000-f83017ff]  Max Packet=[2048]  IR/IT contexts=[4/4]
[    4.880293] ehci_hcd: USB 2.0 'Enhanced' Host Controller (EHCI) Driver
[    4.880552] ehci_hcd 0000:00:1a.7: power state changed by ACPI to D0
[    4.880800] ehci_hcd 0000:00:1a.7: power state changed by ACPI to D0
[    4.880897] ehci_hcd 0000:00:1a.7: PCI INT C -> GSI 22 (level, low) -> IRQ 22
[    4.881001] ehci_hcd 0000:00:1a.7: setting latency timer to 64
[    4.881007] ehci_hcd 0000:00:1a.7: EHCI Host Controller
[    4.881133] ehci_hcd 0000:00:1a.7: new USB bus registered, assigned bus number 1
[    4.885180] ehci_hcd 0000:00:1a.7: cache line size of 32 is not supported
[    4.885188] ehci_hcd 0000:00:1a.7: irq 22, io mem 0xfe226c00
[    4.894992] ehci_hcd 0000:00:1a.7: USB 2.0 started, EHCI 1.00
[    4.895101] usb usb1: New USB device found, idVendor=1d6b, idProduct=0002
[    4.895196] usb usb1: New USB device strings: Mfr=3, Product=2, SerialNumber=1
[    4.895309] usb usb1: Product: EHCI Host Controller
[    4.895388] usb usb1: Manufacturer: Linux 2.6.32.57 ehci_hcd
[    4.895470] usb usb1: SerialNumber: 0000:00:1a.7
[    4.895601] usb usb1: configuration #1 chosen from 1 choice
[    4.895715] hub 1-0:1.0: USB hub found
[    4.895807] hub 1-0:1.0: 4 ports detected
[    4.896130] ehci_hcd 0000:00:1d.7: power state changed by ACPI to D0
[    4.896374] ehci_hcd 0000:00:1d.7: power state changed by ACPI to D0
[    4.896472] ehci_hcd 0000:00:1d.7: PCI INT D -> GSI 19 (level, low) -> IRQ 19
[    4.896569] ehci_hcd 0000:00:1d.7: setting latency timer to 64
[    4.896574] ehci_hcd 0000:00:1d.7: EHCI Host Controller
[    4.896698] ehci_hcd 0000:00:1d.7: new USB bus registered, assigned bus number 2
[    4.896840] ehci_hcd 0000:00:1d.7: debug port 1
[    4.900798] ehci_hcd 0000:00:1d.7: cache line size of 32 is not supported
[    4.900807] ehci_hcd 0000:00:1d.7: irq 19, io mem 0xfe227000
[    4.910990] ehci_hcd 0000:00:1d.7: USB 2.0 started, EHCI 1.00
[    4.911102] usb usb2: New USB device found, idVendor=1d6b, idProduct=0002
[    4.911183] usb usb2: New USB device strings: Mfr=3, Product=2, SerialNumber=1
[    4.911299] usb usb2: Product: EHCI Host Controller
[    4.911379] usb usb2: Manufacturer: Linux 2.6.32.57 ehci_hcd
[    4.911460] usb usb2: SerialNumber: 0000:00:1d.7
[    4.911598] usb usb2: configuration #1 chosen from 1 choice
[    4.911711] hub 2-0:1.0: USB hub found
[    4.911796] hub 2-0:1.0: 6 ports detected
[    4.911970] 116x: driver isp116x-hcd, 03 Nov 2005
[    4.912080] ohci_hcd: USB 1.1 'Open' Host Controller (OHCI) Driver
[    4.912194] uhci_hcd: USB Universal Host Controller Interface driver
[    4.912293] uhci_hcd 0000:00:1a.0: PCI INT A -> GSI 20 (level, low) -> IRQ 20
[    4.912390] uhci_hcd 0000:00:1a.0: setting latency timer to 64
[    4.912395] uhci_hcd 0000:00:1a.0: UHCI Host Controller
[    4.912519] uhci_hcd 0000:00:1a.0: new USB bus registered, assigned bus number 3
[    4.912660] uhci_hcd 0000:00:1a.0: irq 20, io base 0x00001860
[    4.912771] usb usb3: New USB device found, idVendor=1d6b, idProduct=0001
[    4.912853] usb usb3: New USB device strings: Mfr=3, Product=2, SerialNumber=1
[    4.912977] usb usb3: Product: UHCI Host Controller
[    4.913069] usb usb3: Manufacturer: Linux 2.6.32.57 uhci_hcd
[    4.913152] usb usb3: SerialNumber: 0000:00:1a.0
[    4.913289] usb usb3: configuration #1 chosen from 1 choice
[    4.913407] hub 3-0:1.0: USB hub found
[    4.913490] hub 3-0:1.0: 2 ports detected
[    4.913768] uhci_hcd 0000:00:1a.1: power state changed by ACPI to D0
[    4.914017] uhci_hcd 0000:00:1a.1: power state changed by ACPI to D0
[    4.914103] uhci_hcd 0000:00:1a.1: PCI INT B -> GSI 21 (level, low) -> IRQ 21
[    4.914194] uhci_hcd 0000:00:1a.1: setting latency timer to 64
[    4.914199] uhci_hcd 0000:00:1a.1: UHCI Host Controller
[    4.914322] uhci_hcd 0000:00:1a.1: new USB bus registered, assigned bus number 4
[    4.914468] uhci_hcd 0000:00:1a.1: irq 21, io base 0x00001880
[    4.914580] usb usb4: New USB device found, idVendor=1d6b, idProduct=0001
[    4.914665] usb usb4: New USB device strings: Mfr=3, Product=2, SerialNumber=1
[    4.914787] usb usb4: Product: UHCI Host Controller
[    4.914869] usb usb4: Manufacturer: Linux 2.6.32.57 uhci_hcd
[    4.914955] usb usb4: SerialNumber: 0000:00:1a.1
[    4.915090] usb usb4: configuration #1 chosen from 1 choice
[    4.915209] hub 4-0:1.0: USB hub found
[    4.915290] hub 4-0:1.0: 2 ports detected
[    4.915584] uhci_hcd 0000:00:1d.0: power state changed by ACPI to D0
[    4.915823] uhci_hcd 0000:00:1d.0: power state changed by ACPI to D0
[    4.915921] uhci_hcd 0000:00:1d.0: PCI INT A -> GSI 16 (level, low) -> IRQ 16
[    4.916013] uhci_hcd 0000:00:1d.0: setting latency timer to 64
[    4.916018] uhci_hcd 0000:00:1d.0: UHCI Host Controller
[    4.916137] uhci_hcd 0000:00:1d.0: new USB bus registered, assigned bus number 5
[    4.916277] uhci_hcd 0000:00:1d.0: irq 16, io base 0x000018a0
[    4.916389] usb usb5: New USB device found, idVendor=1d6b, idProduct=0001
[    4.916481] usb usb5: New USB device strings: Mfr=3, Product=2, SerialNumber=1
[    4.916593] usb usb5: Product: UHCI Host Controller
[    4.916672] usb usb5: Manufacturer: Linux 2.6.32.57 uhci_hcd
[    4.916759] usb usb5: SerialNumber: 0000:00:1d.0
[    4.916900] usb usb5: configuration #1 chosen from 1 choice
[    4.917019] hub 5-0:1.0: USB hub found
[    4.917101] hub 5-0:1.0: 2 ports detected
[    4.917238] uhci_hcd 0000:00:1d.1: PCI INT B -> GSI 17 (level, low) -> IRQ 17
[    4.917331] uhci_hcd 0000:00:1d.1: setting latency timer to 64
[    4.917336] uhci_hcd 0000:00:1d.1: UHCI Host Controller
[    4.917459] uhci_hcd 0000:00:1d.1: new USB bus registered, assigned bus number 6
[    4.917600] uhci_hcd 0000:00:1d.1: irq 17, io base 0x000018c0
[    4.917707] usb usb6: New USB device found, idVendor=1d6b, idProduct=0001
[    4.917795] usb usb6: New USB device strings: Mfr=3, Product=2, SerialNumber=1
[    4.917905] usb usb6: Product: UHCI Host Controller
[    4.917990] usb usb6: Manufacturer: Linux 2.6.32.57 uhci_hcd
[    4.918080] usb usb6: SerialNumber: 0000:00:1d.1
[    4.918205] usb usb6: configuration #1 chosen from 1 choice
[    4.918326] hub 6-0:1.0: USB hub found
[    4.918405] hub 6-0:1.0: 2 ports detected
[    4.918690] uhci_hcd 0000:00:1d.2: power state changed by ACPI to D0
[    4.918943] uhci_hcd 0000:00:1d.2: power state changed by ACPI to D0
[    4.919043] uhci_hcd 0000:00:1d.2: PCI INT C -> GSI 18 (level, low) -> IRQ 18
[    4.919134] uhci_hcd 0000:00:1d.2: setting latency timer to 64
[    4.919139] uhci_hcd 0000:00:1d.2: UHCI Host Controller
[    4.919259] uhci_hcd 0000:00:1d.2: new USB bus registered, assigned bus number 7
[    4.919400] uhci_hcd 0000:00:1d.2: irq 18, io base 0x000018e0
[    4.919507] usb usb7: New USB device found, idVendor=1d6b, idProduct=0001
[    4.919600] usb usb7: New USB device strings: Mfr=3, Product=2, SerialNumber=1
[    4.919719] usb usb7: Product: UHCI Host Controller
[    4.919805] usb usb7: Manufacturer: Linux 2.6.32.57 uhci_hcd
[    4.919892] usb usb7: SerialNumber: 0000:00:1d.2
[    4.920690] usb usb7: configuration #1 chosen from 1 choice
[    4.920809] hub 7-0:1.0: USB hub found
[    4.920896] hub 7-0:1.0: 2 ports detected
[    4.921056] sl811: driver sl811-hcd, 19 May 2005
[    4.921155] r8a66597_hcd: driver r8a66597_hcd, 2009-05-26
[    4.921315] Initializing USB Mass Storage driver...
[    4.921431] usbcore: registered new interface driver usb-storage
[    4.921516] USB Mass Storage support registered.
[    4.921614] usbcore: registered new interface driver ums-alauda
[    4.921723] usbcore: registered new interface driver ums-cypress
[    4.921824] usbcore: registered new interface driver ums-datafab
[    4.921923] usbcore: registered new interface driver ums-freecom
[    4.922032] usbcore: registered new interface driver ums-isd200
[    4.922133] usbcore: registered new interface driver ums-jumpshot
[    4.922234] usbcore: registered new interface driver ums-karma
[    4.922346] usbcore: registered new interface driver ums-onetouch
[    4.922447] usbcore: registered new interface driver ums-sddr09
[    4.922546] usbcore: registered new interface driver ums-sddr55
[    4.922645] usbcore: registered new interface driver ums-usbat
[    4.922781] PNP: PS/2 Controller [PNP0303:KBD,PNP0f13:MOU] at 0x60,0x64 irq 1,12
[    4.932471] serio: i8042 KBD port at 0x60,0x64 irq 1
[    4.932558] serio: i8042 AUX port at 0x60,0x64 irq 12
[    4.932798] mice: PS/2 mouse device common for all mice
[    4.932900] i2c /dev entries driver
[    4.933041] md: linear personality registered for level -1
[    4.933124] md: raid0 personality registered for level 0
[    4.933206] md: raid1 personality registered for level 1
[    4.933296] md: raid10 personality registered for level 10
[    4.933382] md: raid6 personality registered for level 6
[    4.933475] md: raid5 personality registered for level 5
[    4.933558] md: raid4 personality registered for level 4
[    4.933651] md: multipath personality registered for level -4
[    4.933830] device-mapper: ioctl: 4.15.0-ioctl (2009-04-01) initialised: dm-devel@redhat.com
[    4.934034] cpuidle: using governor ladder
[    4.934632] usbcore: registered new interface driver usbhid
[    4.934720] usbhid: v2.6:USB HID core driver
[    4.934855] random 0000 0000 0000 00000000 00000000: rand_read_num 4 get_random_bytes(136): sig 00000000 00000000 00000000
[    4.934858] random 0000 0000 0000 00000000 00000000: extract_entropy(.. 136 ..)
[    4.934861] random 0000 0000 0000 00000000 00000000: going to reseed nonblocking with 1024 bits (1088 of 0 requested)
[    4.934863] random 0000 0000 0000 00000000 00000000: extract_entropy(.. 128 ..)
[    4.934865] random 0000 0000 0000 00000000 00000000: trying to extract 1024 bits from input
[    4.934867] random 0000 0000 0000 00000000 00000000: debiting 0 entropy credits from input
[    4.934869] random 0000 0000 0000 00000000 00000000: extract_entropy account returned: 0 
[    4.934872] random 0000 0000 0000 00000000 00000000: urand_change_num 7 xfer_secondary_pool(136): pool_sig 00000000, data_sig 00000000, bytes_mixed 0 00000000 00000000
[    4.934875] random 0000 0000 0000 00000000 00000000: trying to extract 1088 bits from nonblocking
[    4.934878] random 0000 0000 0000 00000000 00000000: debiting 1088 entropy credits from nonblocking (unlimited)
[    4.934880] random 0000 0000 0000 00000000 00000000: extract_entropy account returned: 136 
[    4.934884] random 0000 0000 0000 00000000 00000000: urand_change_num 8 extract_buf: pool_sig 00000000, data_sig fffffff9, bytes_mixed 20 00000000 00000000
[    4.934889] random 0000 0000 0000 b7c35b56 be4dc95d: urand_change_num 9 extract_buf: pool_sig fffffd1e, data_sig 000000c5, bytes_mixed 20 b7c35b56 be4dc95d
[    4.934895] random 0000 0000 0000 ed9f5c47 c48487fb: urand_change_num 10 extract_buf: pool_sig fffff8ec, data_sig ffffff68, bytes_mixed 20 ed9f5c47 c48487fb
[    4.934900] random 0000 0000 0000 ed9f5c47 c48487fb: urand_change_num 11 extract_buf: pool_sig fffffaed, data_sig 000001aa, bytes_mixed 20 ed9f5c47 c48487fb
[    4.934905] random 0000 0000 0000 1b4f7c0a 91bd6a48: urand_change_num 12 extract_buf: pool_sig fffffdd8, data_sig 00000064, bytes_mixed 20 1b4f7c0a 91bd6a48
[    4.934910] random 0000 0000 0000 a254b9bc 20e9a24f: urand_change_num 13 extract_buf: pool_sig fffffbe6, data_sig 000001dd, bytes_mixed 20 a254b9bc 20e9a24f
[    4.934916] random 0000 0000 0000 a254b9bc 20e9a24f: urand_change_num 14 extract_buf: pool_sig fffff940, data_sig fffffe20, bytes_mixed 20 a254b9bc 20e9a24f
[    4.934921] random 0000 0000 0000 2831a66b 5fa2a3ad: urand_change_num 15 extract_buf: pool_sig fffffbce, data_sig 0000007e, bytes_mixed 20 2831a66b 5fa2a3ad
[    4.934926] random 0000 0000 0000 2831a66b 5fa2a3ad: urand_change_num 16 extract_buf: pool_sig 000004df, data_sig fffffe8f, bytes_mixed 20 2831a66b 5fa2a3ad
[    4.934931] random 0000 0000 0000 d4512bfd c9a54e0b: urand_change_num 17 extract_buf: pool_sig 00000485, data_sig fffffe68, bytes_mixed 20 d4512bfd c9a54e0b
[    4.934936] random 0000 0000 0000 c7371be6 f9ffea11: urand_change_num 18 extract_buf: pool_sig 00000095, data_sig ffffffed, bytes_mixed 20 c7371be6 f9ffea11
[    4.934942] random 0000 0000 0000 c7371be6 f9ffea11: urand_change_num 19 extract_buf: pool_sig 000003a7, data_sig fffffefa, bytes_mixed 20 c7371be6 f9ffea11
[    4.934947] random 0000 0000 0000 8fb4b62c d1ddba54: urand_change_num 20 extract_buf: pool_sig 00000179, data_sig ffffff78, bytes_mixed 20 8fb4b62c d1ddba54
[    4.934952] random 0000 0000 0000 9ff19f9c c07a1d2a: urand_change_num 21 extract_buf: pool_sig fffffe88, data_sig 00000126, bytes_mixed 20 9ff19f9c c07a1d2a
[    4.934956] TCP cubic registered
[    4.935052] Initializing XFRM netlink socket
[    4.935156] NET: Registered protocol family 17
[    4.935259] Using IPI Shortcut mode
[    4.935345] random 0000 0000 0000 9ff19f9c c07a1d2a: rand_read_num 5 get_random_bytes(8): sig 0000031b 9ff19f9c c07a1d2a
[    4.935348] random 0000 0000 0000 9ff19f9c c07a1d2a: extract_entropy(.. 8 ..)
[    4.935350] random 0000 0000 0000 9ff19f9c c07a1d2a: going to reseed nonblocking with 64 bits (64 of 0 requested)
[    4.935352] random 0000 0000 0000 9ff19f9c c07a1d2a: extract_entropy(.. 8 ..)
[    4.935354] random 0000 0000 0000 9ff19f9c c07a1d2a: trying to extract 64 bits from input
[    4.935356] random 0000 0000 0000 9ff19f9c c07a1d2a: debiting 0 entropy credits from input
[    4.935358] random 0000 0000 0000 9ff19f9c c07a1d2a: extract_entropy account returned: 0 
[    4.935361] random 0000 0000 0000 9ff19f9c c07a1d2a: urand_change_num 22 xfer_secondary_pool(8): pool_sig 0000031b, data_sig 00000000, bytes_mixed 0 9ff19f9c c07a1d2a
[    4.935364] random 0000 0000 0000 9ff19f9c c07a1d2a: trying to extract 64 bits from nonblocking
[    4.935366] random 0000 0000 0000 9ff19f9c c07a1d2a: debiting 64 entropy credits from nonblocking (unlimited)
[    4.935368] random 0000 0000 0000 9ff19f9c c07a1d2a: extract_entropy account returned: 8 
[    4.935372] random 0000 0000 0000 9ff19f9c c07a1d2a: urand_change_num 23 extract_buf: pool_sig 0000031b, data_sig ffffffb3, bytes_mixed 20 9ff19f9c c07a1d2a
[    4.937492] input: AT Translated Set 2 keyboard as /devices/platform/i8042/serio0/input/input1
[    5.125963] ata1: SATA link up 1.5 Gbps (SStatus 113 SControl 300)
[    5.126068] ata3: SATA link down (SStatus 0 SControl 300)
[    5.128346] ata1.00: ACPI cmd ef/02:00:00:00:00:a0 (SET FEATURES) succeeded
[    5.128349] ata1.00: ACPI cmd f5/00:00:00:00:00:a0 (SECURITY FREEZE LOCK) filtered out
[    5.129737] ata1.00: ACPI cmd ef/5f:00:00:00:00:a0 (SET FEATURES) succeeded
[    5.129740] ata1.00: ACPI cmd ef/10:03:00:00:00:a0 (SET FEATURES) filtered out
[    5.131650] ata1.00: ATA-7: ST910021AS, 4.06, max UDMA/100
[    5.131738] ata1.00: 195371568 sectors, multi 16: LBA48 
[    5.133888] ata1.00: ACPI cmd ef/02:00:00:00:00:a0 (SET FEATURES) succeeded
[    5.133891] ata1.00: ACPI cmd f5/00:00:00:00:00:a0 (SECURITY FREEZE LOCK) filtered out
[    5.135280] ata1.00: ACPI cmd ef/5f:00:00:00:00:a0 (SET FEATURES) succeeded
[    5.135282] ata1.00: ACPI cmd ef/10:03:00:00:00:a0 (SET FEATURES) filtered out
[    5.137210] ata1.00: configured for UDMA/100
[    5.148009] scsi 2:0:0:0: Direct-Access     ATA      ST910021AS       4.06 PQ: 0 ANSI: 5
[    5.148289] sd 2:0:0:0: [sda] 195371568 512-byte logical blocks: (100 GB/93.1 GiB)
[    5.148423] sd 2:0:0:0: [sda] Write Protect is off
[    5.148505] sd 2:0:0:0: [sda] Mode Sense: 00 3a 00 00
[    5.148517] sd 2:0:0:0: [sda] Write cache: enabled, read cache: enabled, doesn't support DPO or FUA
[    5.148707]  sda:
[    5.213934] usb 2-1: new high speed USB device using ehci_hcd and address 2
[    5.363111] usb 2-1: New USB device found, idVendor=0e8d, idProduct=1806
[    5.363203] usb 2-1: New USB device strings: Mfr=1, Product=2, SerialNumber=3
[    5.363292] usb 2-1: Product: MT1806 
[    5.363374] usb 2-1: Manufacturer: MediaTek Inc
[    5.363461] usb 2-1: SerialNumber: R8KN6GAC800AEB 
[    5.363595] usb 2-1: configuration #1 chosen from 1 choice
[    5.369903] scsi5 : SCSI emulation for USB Mass Storage devices
[    5.370067] usb-storage: device found at 2
[    5.370068] usb-storage: waiting for device to settle before scanning
[    5.555357]  sda1 sda2
[    5.556074] sd 2:0:0:0: [sda] Attached SCSI disk
[    5.556159] random 0000 0000 0000 277f73c3 42024bb9: rand_read_num 6 get_random_bytes(12): sig 000007e9 277f73c3 42024bb9
[    5.556161] random 0000 0000 0000 277f73c3 42024bb9: extract_entropy(.. 12 ..)
[    5.556164] random 0000 0000 0000 277f73c3 42024bb9: going to reseed nonblocking with 96 bits (96 of 0 requested)
[    5.556166] random 0000 0000 0000 277f73c3 42024bb9: extract_entropy(.. 12 ..)
[    5.556168] random 0000 0000 0000 277f73c3 42024bb9: trying to extract 96 bits from input
[    5.556170] random 0000 0000 0000 277f73c3 42024bb9: debiting 0 entropy credits from input
[    5.556172] random 0000 0000 0000 277f73c3 42024bb9: extract_entropy account returned: 0 
[    5.556175] random 0000 0000 0000 277f73c3 42024bb9: urand_change_num 24 xfer_secondary_pool(12): pool_sig 000007e9, data_sig 00000000, bytes_mixed 0 277f73c3 42024bb9
[    5.556178] random 0000 0000 0000 277f73c3 42024bb9: trying to extract 96 bits from nonblocking
[    5.556180] random 0000 0000 0000 277f73c3 42024bb9: debiting 96 entropy credits from nonblocking (unlimited)
[    5.556182] random 0000 0000 0000 277f73c3 42024bb9: extract_entropy account returned: 12 
[    5.556186] random 0000 0000 0000 277f73c3 42024bb9: urand_change_num 25 extract_buf: pool_sig 000007e9, data_sig 00000088, bytes_mixed 20 277f73c3 42024bb9
[    5.556191] random 0000 0000 0000 277f73c3 42024bb9: urand_change_num 26 extract_buf: pool_sig 00000498, data_sig fffffefb, bytes_mixed 20 277f73c3 42024bb9
[    5.556194] RANDOM - __seed init called.
[    5.556195] RANDOM - __seed init called.
[    5.556196] RANDOM - __seed init called.
[    5.556198] RANDOM - __random32 called. Change num 12.  Value: 87f14767	f0d7351	b1e48bd3
[    5.556199] RANDOM - random32_reseed called.  Value: 87f14767	f0d7351	b1e48bd3
[    5.556202] Pid: 1, comm: swapper Not tainted 2.6.32.57 #3
[    5.556293] Call Trace:
[    5.556391]  [<c1923ca4>] ? random32_reseed+0xa0/0xb1
[    5.556475]  [<c1923c04>] ? random32_reseed+0x0/0xb1
[    5.556560]  [<c100111e>] ? do_one_initcall+0x2e/0x180
[    5.556651]  [<c1907265>] ? kernel_init+0xad/0x103
[    5.556730]  [<c19071b8>] ? kernel_init+0x0/0x103
[    5.556821]  [<c1003787>] ? kernel_thread_helper+0x7/0x10
[    5.557345] random 0000 0000 0000 386b4e60 ee4d4880: rand_read_num 7 get_random_bytes(64): sig fffffea5 386b4e60 ee4d4880
[    5.557347] random 0000 0000 0000 386b4e60 ee4d4880: extract_entropy(.. 64 ..)
[    5.557350] random 0000 0000 0000 386b4e60 ee4d4880: going to reseed nonblocking with 512 bits (512 of 0 requested)
[    5.557352] random 0000 0000 0000 386b4e60 ee4d4880: extract_entropy(.. 64 ..)
[    5.557354] random 0000 0000 0000 386b4e60 ee4d4880: trying to extract 512 bits from input
[    5.557356] random 0000 0000 0000 386b4e60 ee4d4880: debiting 0 entropy credits from input
[    5.557358] random 0000 0000 0000 386b4e60 ee4d4880: extract_entropy account returned: 0 
[    5.557361] random 0000 0000 0000 386b4e60 ee4d4880: urand_change_num 27 xfer_secondary_pool(64): pool_sig fffffea5, data_sig 00000000, bytes_mixed 0 386b4e60 ee4d4880
[    5.557364] random 0000 0000 0000 386b4e60 ee4d4880: trying to extract 512 bits from nonblocking
[    5.557366] random 0000 0000 0000 386b4e60 ee4d4880: debiting 512 entropy credits from nonblocking (unlimited)
[    5.557368] random 0000 0000 0000 386b4e60 ee4d4880: extract_entropy account returned: 64 
[    5.557372] random 0000 0000 0000 386b4e60 ee4d4880: urand_change_num 28 extract_buf: pool_sig fffffea5, data_sig 00000173, bytes_mixed 20 386b4e60 ee4d4880
[    5.557378] random 0000 0000 0000 412698f6 0cc8689a: urand_change_num 29 extract_buf: pool_sig 00000122, data_sig ffffff63, bytes_mixed 20 412698f6 0cc8689a
[    5.557383] random 0000 0000 0000 412698f6 0cc8689a: urand_change_num 30 extract_buf: pool_sig 000001f7, data_sig 00000012, bytes_mixed 20 412698f6 0cc8689a
[    5.557388] random 0000 0000 0000 9669941e 06f768b1: urand_change_num 31 extract_buf: pool_sig fffffb5b, data_sig 0000003f, bytes_mixed 20 9669941e 06f768b1
[    5.557393] random 0000 0000 0000 98486520 995551f0: urand_change_num 32 extract_buf: pool_sig fffffb39, data_sig 0000000e, bytes_mixed 20 98486520 995551f0
[    5.557399] random 0000 0000 0000 98486520 995551f0: urand_change_num 33 extract_buf: pool_sig fffffd8d, data_sig 000001a6, bytes_mixed 20 98486520 995551f0
[    5.557404] random 0000 0000 0000 61fc8914 d5882ed2: urand_change_num 34 extract_buf: pool_sig fffffa58, data_sig 0000023e, bytes_mixed 20 61fc8914 d5882ed2
[    5.557433] random 0000 0000 0000 61fc8914 d5882ed2: rand_read_num 8 get_random_bytes(64): sig fffff9ee 61fc8914 d5882ed2
[    5.557435] random 0000 0000 0000 61fc8914 d5882ed2: extract_entropy(.. 64 ..)
[    5.557438] random 0000 0000 0000 61fc8914 d5882ed2: going to reseed nonblocking with 512 bits (512 of 0 requested)
[    5.557440] random 0000 0000 0000 61fc8914 d5882ed2: extract_entropy(.. 64 ..)
[    5.557442] random 0000 0000 0000 61fc8914 d5882ed2: trying to extract 512 bits from input
[    5.557444] random 0000 0000 0000 61fc8914 d5882ed2: debiting 0 entropy credits from input
[    5.557446] random 0000 0000 0000 61fc8914 d5882ed2: extract_entropy account returned: 0 
[    5.557449] random 0000 0000 0000 61fc8914 d5882ed2: urand_change_num 35 xfer_secondary_pool(64): pool_sig fffff9ee, data_sig 00000000, bytes_mixed 0 61fc8914 d5882ed2
[    5.557452] random 0000 0000 0000 61fc8914 d5882ed2: trying to extract 512 bits from nonblocking
[    5.557454] random 0000 0000 0000 61fc8914 d5882ed2: debiting 512 entropy credits from nonblocking (unlimited)
[    5.557456] random 0000 0000 0000 61fc8914 d5882ed2: extract_entropy account returned: 64 
[    5.557460] random 0000 0000 0000 61fc8914 d5882ed2: urand_change_num 36 extract_buf: pool_sig fffff9ee, data_sig ffffff85, bytes_mixed 20 61fc8914 d5882ed2
[    5.557465] random 0000 0000 0000 70cfd302 e5edec11: urand_change_num 37 extract_buf: pool_sig fffffdc1, data_sig ffffffde, bytes_mixed 20 70cfd302 e5edec11
[    5.557471] random 0000 0000 0000 00dab838 eafd2b30: urand_change_num 38 extract_buf: pool_sig 000003da, data_sig ffffff61, bytes_mixed 20 00dab838 eafd2b30
[    5.557476] random 0000 0000 0000 00dab838 eafd2b30: urand_change_num 39 extract_buf: pool_sig 00000314, data_sig 00000121, bytes_mixed 20 00dab838 eafd2b30
[    5.557481] random 0000 0000 0000 5fcdf66a 6442b608: urand_change_num 40 extract_buf: pool_sig 0000028b, data_sig fffffefd, bytes_mixed 20 5fcdf66a 6442b608
[    5.557486] random 0000 0000 0000 61333f6b 8fae0f9b: urand_change_num 41 extract_buf: pool_sig 000000cb, data_sig 000000b3, bytes_mixed 20 61333f6b 8fae0f9b
[    5.557491] random 0000 0000 0000 61333f6b 8fae0f9b: urand_change_num 42 extract_buf: pool_sig fffffef8, data_sig 00000051, bytes_mixed 20 61333f6b 8fae0f9b
[    5.557494] BEGIN NET_SECRET:
[    5.557495] \xffffffe0
[    5.557496] \xffffffb6
[    5.557497] \x36
[    5.557498] \xffffffb5
[    5.557499] \xffffff94
[    5.557499] \xffffffb2
[    5.557500] \xffffffa8
[    5.557501] \xffffffda
[    5.557502] \x5b
[    5.557503] \x19
[    5.557503] \x18
[    5.557504] \x5c
[    5.557505] \x2b
[    5.557505] \x1
[    5.557506] \xffffff90
[    5.557507] \x19
[    5.557508] \x3c
[    5.557508] \xfffffff2
[    5.557509] \xffffff82
[    5.557510] \x2a
[    5.557511] \xffffffb3
[    5.557512] \xffffffa2
[    5.557512] \x3f
[    5.557513] \x5
[    5.557514] \x52
[    5.557515] \x77
[    5.557515] \x57
[    5.557516] \x79
[    5.557517] \x16
[    5.557517] \x43
[    5.557518] \xffffff84
[    5.557519] \xffffffc3
[    5.557520] \xffffffe9
[    5.557521] \x79
[    5.557521] \x50
[    5.557522] \xffffff8e
[    5.557523] \x3f
[    5.557523] \xfffffff3
[    5.557524] \x19
[    5.557525] \x2a
[    5.557526] \xfffffffd
[    5.557526] \xfffffffb
[    5.557527] \x62
[    5.557528] \x3c
[    5.557529] \xffffffac
[    5.557529] \x1c
[    5.557530] \x3b
[    5.557531] \x3b
[    5.557531] \x15
[    5.557532] \x27
[    5.557533] \xffffffa8
[    5.557534] \x22
[    5.557534] \xffffffc5
[    5.557535] \xffffff9a
[    5.557536] \x5
[    5.557537] \x6c
[    5.557537] \xffffffa8
[    5.557538] \x3a
[    5.557539] \x44
[    5.557540] \xffffffaf
[    5.557540] \x13
[    5.557541] \xffffffe0
[    5.557542] \xffffff9d
[    5.557543] \x22
[    5.557543] 
[    5.557544] END NET_SECRET
[    5.557547] random 0000 0000 0000 e7f555d9 e8ce5c3c: rand_read_num 9 get_random_bytes(4): sig 0000068c e7f555d9 e8ce5c3c
[    5.557549] random 0000 0000 0000 e7f555d9 e8ce5c3c: extract_entropy(.. 4 ..)
[    5.557551] random 0000 0000 0000 e7f555d9 e8ce5c3c: going to reseed nonblocking with 64 bits (32 of 0 requested)
[    5.557553] random 0000 0000 0000 e7f555d9 e8ce5c3c: extract_entropy(.. 8 ..)
[    5.557555] random 0000 0000 0000 e7f555d9 e8ce5c3c: trying to extract 64 bits from input
[    5.557557] random 0000 0000 0000 e7f555d9 e8ce5c3c: debiting 0 entropy credits from input
[    5.557559] random 0000 0000 0000 e7f555d9 e8ce5c3c: extract_entropy account returned: 0 
[    5.557562] random 0000 0000 0000 e7f555d9 e8ce5c3c: urand_change_num 43 xfer_secondary_pool(4): pool_sig 0000068c, data_sig 00000000, bytes_mixed 0 e7f555d9 e8ce5c3c
[    5.557565] random 0000 0000 0000 e7f555d9 e8ce5c3c: trying to extract 32 bits from nonblocking
[    5.557567] random 0000 0000 0000 e7f555d9 e8ce5c3c: debiting 32 entropy credits from nonblocking (unlimited)
[    5.557569] random 0000 0000 0000 e7f555d9 e8ce5c3c: extract_entropy account returned: 4 
[    5.557573] random 0000 0000 0000 e7f555d9 e8ce5c3c: urand_change_num 44 extract_buf: pool_sig 0000068c, data_sig fffffdcb, bytes_mixed 20 e7f555d9 e8ce5c3c
[    5.557584] md: Waiting for all devices to be available before autodetect
[    5.557677] md: If you don't use raid, use raid=noautodetect
[    5.557836] md: Autodetecting RAID arrays.
[    5.557930] md: Scanned 0 and added 0 devices.
[    5.558020] md: autorun ...
[    5.558096] md: ... autorun DONE.
[    5.581129] EXT3-fs: sda2: couldn't mount because of unsupported optional features (240).
[    5.581360] EXT2-fs: sda2: couldn't mount because of unsupported optional features (240).
[    5.582692] random 0000 0000 0000 e7f555d9 e8ce5c3c: rand_read_num 10 get_random_bytes(4): sig ffffff72 e7f555d9 e8ce5c3c
[    5.582695] random 0000 0000 0000 e7f555d9 e8ce5c3c: extract_entropy(.. 4 ..)
[    5.582697] random 0000 0000 0000 e7f555d9 e8ce5c3c: going to reseed nonblocking with 64 bits (32 of 0 requested)
[    5.582700] random 0000 0000 0000 e7f555d9 e8ce5c3c: extract_entropy(.. 8 ..)
[    5.582702] random 0000 0000 0000 e7f555d9 e8ce5c3c: trying to extract 64 bits from input
[    5.582704] random 0000 0000 0000 e7f555d9 e8ce5c3c: debiting 0 entropy credits from input
[    5.582706] random 0000 0000 0000 e7f555d9 e8ce5c3c: extract_entropy account returned: 0 
[    5.582709] random 0000 0000 0000 e7f555d9 e8ce5c3c: urand_change_num 45 xfer_secondary_pool(4): pool_sig ffffff72, data_sig 00000000, bytes_mixed 0 e7f555d9 e8ce5c3c
[    5.582712] random 0000 0000 0000 e7f555d9 e8ce5c3c: trying to extract 32 bits from nonblocking
[    5.582714] random 0000 0000 0000 e7f555d9 e8ce5c3c: debiting 32 entropy credits from nonblocking (unlimited)
[    5.582716] random 0000 0000 0000 e7f555d9 e8ce5c3c: extract_entropy account returned: 4 
[    5.582720] random 0000 0000 0000 e7f555d9 e8ce5c3c: urand_change_num 46 extract_buf: pool_sig ffffff72, data_sig ffffff72, bytes_mixed 20 e7f555d9 e8ce5c3c
[    5.617772] EXT4-fs (sda2): mounted filesystem with ordered data mode
[    5.617957] VFS: Mounted root (ext4 filesystem) readonly on device 8:2.
[    5.618053] Freeing unused kernel memory: 448k freed
[    5.696737] random 0000 0000 0000 91716c54 eeb6a1e7: rand_read_num 11 get_random_bytes(16): sig fffffcad 91716c54 eeb6a1e7
[    5.696739] random 0000 0000 0000 91716c54 eeb6a1e7: extract_entropy(.. 16 ..)
[    5.696742] random 0000 0000 0000 91716c54 eeb6a1e7: going to reseed nonblocking with 128 bits (128 of 0 requested)
[    5.696744] random 0000 0000 0000 91716c54 eeb6a1e7: extract_entropy(.. 16 ..)
[    5.696746] random 0000 0000 0000 91716c54 eeb6a1e7: trying to extract 128 bits from input
[    5.696748] random 0000 0000 0000 91716c54 eeb6a1e7: debiting 0 entropy credits from input
[    5.696750] random 0000 0000 0000 91716c54 eeb6a1e7: extract_entropy account returned: 0 
[    5.696753] random 0000 0000 0000 91716c54 eeb6a1e7: urand_change_num 47 xfer_secondary_pool(16): pool_sig fffffcad, data_sig 00000000, bytes_mixed 0 91716c54 eeb6a1e7
[    5.696756] random 0000 0000 0000 91716c54 eeb6a1e7: trying to extract 128 bits from nonblocking
[    5.696758] random 0000 0000 0000 91716c54 eeb6a1e7: debiting 128 entropy credits from nonblocking (unlimited)
[    5.696760] random 0000 0000 0000 91716c54 eeb6a1e7: extract_entropy account returned: 16 
[    5.696764] random 0000 0000 0000 91716c54 eeb6a1e7: urand_change_num 48 extract_buf: pool_sig fffffcad, data_sig ffffff19, bytes_mixed 20 91716c54 eeb6a1e7
[    5.696770] random 0000 0000 0000 fd637b06 6cf47bc1: urand_change_num 49 extract_buf: pool_sig fffffede, data_sig ffffffc1, bytes_mixed 20 fd637b06 6cf47bc1
[    5.783469] random 0000 0000 0000 fd637b06 6cf47bc1: rand_read_num 12 get_random_bytes(16): sig 0000033b fd637b06 6cf47bc1
[    5.783472] random 0000 0000 0000 fd637b06 6cf47bc1: extract_entropy(.. 16 ..)
[    5.783475] random 0000 0000 0000 fd637b06 6cf47bc1: going to reseed nonblocking with 128 bits (128 of 0 requested)
[    5.783477] random 0000 0000 0000 fd637b06 6cf47bc1: extract_entropy(.. 16 ..)
[    5.783479] random 0000 0000 0000 fd637b06 6cf47bc1: trying to extract 128 bits from input
[    5.783481] random 0000 0000 0000 fd637b06 6cf47bc1: debiting 0 entropy credits from input
[    5.783483] random 0000 0000 0000 fd637b06 6cf47bc1: extract_entropy account returned: 0 
[    5.783486] random 0000 0000 0000 fd637b06 6cf47bc1: urand_change_num 50 xfer_secondary_pool(16): pool_sig 0000033b, data_sig 00000000, bytes_mixed 0 fd637b06 6cf47bc1
[    5.783489] random 0000 0000 0000 fd637b06 6cf47bc1: trying to extract 128 bits from nonblocking
[    5.783491] random 0000 0000 0000 fd637b06 6cf47bc1: debiting 128 entropy credits from nonblocking (unlimited)
[    5.783493] random 0000 0000 0000 fd637b06 6cf47bc1: extract_entropy account returned: 16 
[    5.783498] random 0000 0000 0000 fd637b06 6cf47bc1: urand_change_num 51 extract_buf: pool_sig 0000033b, data_sig 000000d8, bytes_mixed 20 fd637b06 6cf47bc1
[    5.783503] random 0000 0000 0000 0ec1f012 d4727ca8: urand_change_num 52 extract_buf: pool_sig fffffcf5, data_sig 00000016, bytes_mixed 20 0ec1f012 d4727ca8
[    6.138861] ieee1394: Host added: ID:BUS[0-00:1023]  GUID[00061b032a25f51c]
[    6.149015] random 0000 0000 0000 45b1d0b1 845a73f7: rand_read_num 13 get_random_bytes(16): sig 00000116 45b1d0b1 845a73f7
[    6.149018] random 0000 0000 0000 45b1d0b1 845a73f7: extract_entropy(.. 16 ..)
[    6.149021] random 0000 0000 0000 45b1d0b1 845a73f7: going to reseed nonblocking with 128 bits (128 of 0 requested)
[    6.149023] random 0000 0000 0000 45b1d0b1 845a73f7: extract_entropy(.. 16 ..)
[    6.149025] random 0000 0000 0000 45b1d0b1 845a73f7: trying to extract 128 bits from input
[    6.149027] random 0000 0000 0000 45b1d0b1 845a73f7: debiting 0 entropy credits from input
[    6.149029] random 0000 0000 0000 45b1d0b1 845a73f7: extract_entropy account returned: 0 
[    6.149032] random 0000 0000 0000 45b1d0b1 845a73f7: urand_change_num 53 xfer_secondary_pool(16): pool_sig 00000116, data_sig 00000000, bytes_mixed 0 45b1d0b1 845a73f7
[    6.149035] random 0000 0000 0000 45b1d0b1 845a73f7: trying to extract 128 bits from nonblocking
[    6.149038] random 0000 0000 0000 45b1d0b1 845a73f7: debiting 128 entropy credits from nonblocking (unlimited)
[    6.149040] random 0000 0000 0000 45b1d0b1 845a73f7: extract_entropy account returned: 16 
[    6.149044] random 0000 0000 0000 45b1d0b1 845a73f7: urand_change_num 54 extract_buf: pool_sig 00000116, data_sig fffffd8b, bytes_mixed 20 45b1d0b1 845a73f7
[    6.149049] random 0000 0000 0000 45b1d0b1 845a73f7: urand_change_num 55 extract_buf: pool_sig fffffc05, data_sig 00000109, bytes_mixed 20 45b1d0b1 845a73f7
[    6.201502] random 0000 0000 0000 5012cce3 b8a30621: rand_read_num 14 get_random_bytes(16): sig fffffb93 5012cce3 b8a30621
[    6.201504] random 0000 0000 0000 5012cce3 b8a30621: extract_entropy(.. 16 ..)
[    6.201507] random 0000 0000 0000 5012cce3 b8a30621: going to reseed nonblocking with 128 bits (128 of 0 requested)
[    6.201509] random 0000 0000 0000 5012cce3 b8a30621: extract_entropy(.. 16 ..)
[    6.201511] random 0000 0000 0000 5012cce3 b8a30621: trying to extract 128 bits from input
[    6.201513] random 0000 0000 0000 5012cce3 b8a30621: debiting 0 entropy credits from input
[    6.201515] random 0000 0000 0000 5012cce3 b8a30621: extract_entropy account returned: 0 
[    6.201519] random 0000 0000 0000 5012cce3 b8a30621: urand_change_num 56 xfer_secondary_pool(16): pool_sig fffffb93, data_sig 00000000, bytes_mixed 0 5012cce3 b8a30621
[    6.201521] random 0000 0000 0000 5012cce3 b8a30621: trying to extract 128 bits from nonblocking
[    6.201524] random 0000 0000 0000 5012cce3 b8a30621: debiting 128 entropy credits from nonblocking (unlimited)
[    6.201526] random 0000 0000 0000 5012cce3 b8a30621: extract_entropy account returned: 16 
[    6.201530] random 0000 0000 0000 5012cce3 b8a30621: urand_change_num 57 extract_buf: pool_sig fffffb93, data_sig ffffff35, bytes_mixed 20 5012cce3 b8a30621
[    6.201535] random 0000 0000 0000 5012cce3 b8a30621: urand_change_num 58 extract_buf: pool_sig fffffb9d, data_sig ffffff92, bytes_mixed 20 5012cce3 b8a30621
[    6.202910] random 0000 0000 0000 30a5721d 4b648ff6: rand_read_num 15 get_random_bytes(16): sig fffffeb5 30a5721d 4b648ff6
[    6.202913] random 0000 0000 0000 30a5721d 4b648ff6: extract_entropy(.. 16 ..)
[    6.202916] random 0000 0000 0000 30a5721d 4b648ff6: going to reseed nonblocking with 128 bits (128 of 0 requested)
[    6.202918] random 0000 0000 0000 30a5721d 4b648ff6: extract_entropy(.. 16 ..)
[    6.202920] random 0000 0000 0000 30a5721d 4b648ff6: trying to extract 128 bits from input
[    6.202922] random 0000 0000 0000 30a5721d 4b648ff6: debiting 0 entropy credits from input
[    6.202924] random 0000 0000 0000 30a5721d 4b648ff6: extract_entropy account returned: 0 
[    6.202928] random 0000 0000 0000 30a5721d 4b648ff6: urand_change_num 59 xfer_secondary_pool(16): pool_sig fffffeb5, data_sig 00000000, bytes_mixed 0 30a5721d 4b648ff6
[    6.202930] random 0000 0000 0000 30a5721d 4b648ff6: trying to extract 128 bits from nonblocking
[    6.202933] random 0000 0000 0000 30a5721d 4b648ff6: debiting 128 entropy credits from nonblocking (unlimited)
[    6.202935] random 0000 0000 0000 30a5721d 4b648ff6: extract_entropy account returned: 16 
[    6.202939] random 0000 0000 0000 30a5721d 4b648ff6: urand_change_num 60 extract_buf: pool_sig fffffeb5, data_sig 000000c2, bytes_mixed 20 30a5721d 4b648ff6
[    6.202944] random 0000 0000 0000 89bae1ab 704c432f: urand_change_num 61 extract_buf: pool_sig 0000006e, data_sig fffffefc, bytes_mixed 20 89bae1ab 704c432f
[    6.203489] random 0000 0000 0000 89bae1ab 704c432f: rand_read_num 16 get_random_bytes(16): sig fffffd99 89bae1ab 704c432f
[    6.203492] random 0000 0000 0000 89bae1ab 704c432f: extract_entropy(.. 16 ..)
[    6.203495] random 0000 0000 0000 89bae1ab 704c432f: going to reseed nonblocking with 128 bits (128 of 0 requested)
[    6.203497] random 0000 0000 0000 89bae1ab 704c432f: extract_entropy(.. 16 ..)
[    6.203499] random 0000 0000 0000 89bae1ab 704c432f: trying to extract 128 bits from input
[    6.203501] random 0000 0000 0000 89bae1ab 704c432f: debiting 0 entropy credits from input
[    6.203503] random 0000 0000 0000 89bae1ab 704c432f: extract_entropy account returned: 0 
[    6.203506] random 0000 0000 0000 89bae1ab 704c432f: urand_change_num 62 xfer_secondary_pool(16): pool_sig fffffd99, data_sig 00000000, bytes_mixed 0 89bae1ab 704c432f
[    6.203509] random 0000 0000 0000 89bae1ab 704c432f: trying to extract 128 bits from nonblocking
[    6.203511] random 0000 0000 0000 89bae1ab 704c432f: debiting 128 entropy credits from nonblocking (unlimited)
[    6.203513] random 0000 0000 0000 89bae1ab 704c432f: extract_entropy account returned: 16 
[    6.203518] random 0000 0000 0000 89bae1ab 704c432f: urand_change_num 63 extract_buf: pool_sig fffffd99, data_sig 00000204, bytes_mixed 20 89bae1ab 704c432f
[    6.203523] random 0000 0000 0000 6c298a02 2b1539f8: urand_change_num 64 extract_buf: pool_sig 00000124, data_sig fffffff5, bytes_mixed 20 6c298a02 2b1539f8
[    6.204414] random 0000 0000 0000 c77b8b35 70f6cab5: rand_read_num 17 get_random_bytes(16): sig 0000036b c77b8b35 70f6cab5
[    6.204417] random 0000 0000 0000 c77b8b35 70f6cab5: extract_entropy(.. 16 ..)
[    6.204420] random 0000 0000 0000 c77b8b35 70f6cab5: going to reseed nonblocking with 128 bits (128 of 0 requested)
[    6.204422] random 0000 0000 0000 c77b8b35 70f6cab5: extract_entropy(.. 16 ..)
[    6.204424] random 0000 0000 0000 c77b8b35 70f6cab5: trying to extract 128 bits from input
[    6.204426] random 0000 0000 0000 c77b8b35 70f6cab5: debiting 0 entropy credits from input
[    6.204428] random 0000 0000 0000 c77b8b35 70f6cab5: extract_entropy account returned: 0 
[    6.204431] random 0000 0000 0000 c77b8b35 70f6cab5: urand_change_num 65 xfer_secondary_pool(16): pool_sig 0000036b, data_sig 00000000, bytes_mixed 0 c77b8b35 70f6cab5
[    6.204434] random 0000 0000 0000 c77b8b35 70f6cab5: trying to extract 128 bits from nonblocking
[    6.204436] random 0000 0000 0000 c77b8b35 70f6cab5: debiting 128 entropy credits from nonblocking (unlimited)
[    6.204439] random 0000 0000 0000 c77b8b35 70f6cab5: extract_entropy account returned: 16 
[    6.204443] random 0000 0000 0000 c77b8b35 70f6cab5: urand_change_num 66 extract_buf: pool_sig 0000036b, data_sig 0000005f, bytes_mixed 20 c77b8b35 70f6cab5
[    6.204448] random 0000 0000 0000 c77b8b35 70f6cab5: urand_change_num 67 extract_buf: pool_sig ffffff1c, data_sig 0000005a, bytes_mixed 20 c77b8b35 70f6cab5
[    6.205042] random 0000 0000 0000 af21d212 57d20ca3: rand_read_num 18 get_random_bytes(16): sig fffffb7f af21d212 57d20ca3
[    6.205045] random 0000 0000 0000 af21d212 57d20ca3: extract_entropy(.. 16 ..)
[    6.205048] random 0000 0000 0000 af21d212 57d20ca3: going to reseed nonblocking with 128 bits (128 of 0 requested)
[    6.205050] random 0000 0000 0000 af21d212 57d20ca3: extract_entropy(.. 16 ..)
[    6.205052] random 0000 0000 0000 af21d212 57d20ca3: trying to extract 128 bits from input
[    6.205054] random 0000 0000 0000 af21d212 57d20ca3: debiting 0 entropy credits from input
[    6.205056] random 0000 0000 0000 af21d212 57d20ca3: extract_entropy account returned: 0 
[    6.205059] random 0000 0000 0000 af21d212 57d20ca3: urand_change_num 68 xfer_secondary_pool(16): pool_sig fffffb7f, data_sig 00000000, bytes_mixed 0 af21d212 57d20ca3
[    6.205062] random 0000 0000 0000 af21d212 57d20ca3: trying to extract 128 bits from nonblocking
[    6.205064] random 0000 0000 0000 af21d212 57d20ca3: debiting 128 entropy credits from nonblocking (unlimited)
[    6.205066] random 0000 0000 0000 af21d212 57d20ca3: extract_entropy account returned: 16 
[    6.205071] random 0000 0000 0000 af21d212 57d20ca3: urand_change_num 69 extract_buf: pool_sig fffffb7f, data_sig ffffff88, bytes_mixed 20 af21d212 57d20ca3
[    6.205076] random 0000 0000 0000 af21d212 57d20ca3: urand_change_num 70 extract_buf: pool_sig fffffe1d, data_sig ffffff17, bytes_mixed 20 af21d212 57d20ca3
[    6.205662] random 0000 0000 0000 ffbd26fd 21933274: rand_read_num 19 get_random_bytes(16): sig ffffffc7 ffbd26fd 21933274
[    6.205665] random 0000 0000 0000 ffbd26fd 21933274: extract_entropy(.. 16 ..)
[    6.205668] random 0000 0000 0000 ffbd26fd 21933274: going to reseed nonblocking with 128 bits (128 of 0 requested)
[    6.205670] random 0000 0000 0000 ffbd26fd 21933274: extract_entropy(.. 16 ..)
[    6.205672] random 0000 0000 0000 ffbd26fd 21933274: trying to extract 128 bits from input
[    6.205674] random 0000 0000 0000 ffbd26fd 21933274: debiting 0 entropy credits from input
[    6.205676] random 0000 0000 0000 ffbd26fd 21933274: extract_entropy account returned: 0 
[    6.205679] random 0000 0000 0000 ffbd26fd 21933274: urand_change_num 71 xfer_secondary_pool(16): pool_sig ffffffc7, data_sig 00000000, bytes_mixed 0 ffbd26fd 21933274
[    6.205682] random 0000 0000 0000 ffbd26fd 21933274: trying to extract 128 bits from nonblocking
[    6.205684] random 0000 0000 0000 ffbd26fd 21933274: debiting 128 entropy credits from nonblocking (unlimited)
[    6.205687] random 0000 0000 0000 ffbd26fd 21933274: extract_entropy account returned: 16 
[    6.205691] random 0000 0000 0000 ffbd26fd 21933274: urand_change_num 72 extract_buf: pool_sig ffffffc7, data_sig 0000013b, bytes_mixed 20 ffbd26fd 21933274
[    6.205696] random 0000 0000 0000 151530a2 56c65dd3: urand_change_num 73 extract_buf: pool_sig ffffffbf, data_sig 00000036, bytes_mixed 20 151530a2 56c65dd3
[    6.206255] random 0000 0000 0000 151530a2 56c65dd3: rand_read_num 20 get_random_bytes(16): sig 000001a7 151530a2 56c65dd3
[    6.206258] random 0000 0000 0000 151530a2 56c65dd3: extract_entropy(.. 16 ..)
[    6.206261] random 0000 0000 0000 151530a2 56c65dd3: going to reseed nonblocking with 128 bits (128 of 0 requested)
[    6.206263] random 0000 0000 0000 151530a2 56c65dd3: extract_entropy(.. 16 ..)
[    6.206265] random 0000 0000 0000 151530a2 56c65dd3: trying to extract 128 bits from input
[    6.206267] random 0000 0000 0000 151530a2 56c65dd3: debiting 0 entropy credits from input
[    6.206269] random 0000 0000 0000 151530a2 56c65dd3: extract_entropy account returned: 0 
[    6.206272] random 0000 0000 0000 151530a2 56c65dd3: urand_change_num 74 xfer_secondary_pool(16): pool_sig 000001a7, data_sig 00000000, bytes_mixed 0 151530a2 56c65dd3
[    6.206275] random 0000 0000 0000 151530a2 56c65dd3: trying to extract 128 bits from nonblocking
[    6.206278] random 0000 0000 0000 151530a2 56c65dd3: debiting 128 entropy credits from nonblocking (unlimited)
[    6.206280] random 0000 0000 0000 151530a2 56c65dd3: extract_entropy account returned: 16 
[    6.206284] random 0000 0000 0000 151530a2 56c65dd3: urand_change_num 75 extract_buf: pool_sig 000001a7, data_sig ffffffa1, bytes_mixed 20 151530a2 56c65dd3
[    6.206289] random 0000 0000 0000 5d3e132e d9a77eb3: urand_change_num 76 extract_buf: pool_sig fffffcc9, data_sig 00000013, bytes_mixed 20 5d3e132e d9a77eb3
[    6.257309] random 0000 0000 0000 264837ad 0a28fef5: rand_read_num 21 get_random_bytes(16): sig ffffffd0 264837ad 0a28fef5
[    6.257312] random 0000 0000 0000 264837ad 0a28fef5: extract_entropy(.. 16 ..)
[    6.257314] random 0000 0000 0000 264837ad 0a28fef5: going to reseed nonblocking with 128 bits (128 of 0 requested)
[    6.257317] random 0000 0000 0000 264837ad 0a28fef5: extract_entropy(.. 16 ..)
[    6.257319] random 0000 0000 0000 264837ad 0a28fef5: trying to extract 128 bits from input
[    6.257321] random 0000 0000 0000 264837ad 0a28fef5: debiting 0 entropy credits from input
[    6.257323] random 0000 0000 0000 264837ad 0a28fef5: extract_entropy account returned: 0 
[    6.257326] random 0000 0000 0000 264837ad 0a28fef5: urand_change_num 77 xfer_secondary_pool(16): pool_sig ffffffd0, data_sig 00000000, bytes_mixed 0 264837ad 0a28fef5
[    6.257329] random 0000 0000 0000 264837ad 0a28fef5: trying to extract 128 bits from nonblocking
[    6.257332] random 0000 0000 0000 264837ad 0a28fef5: debiting 128 entropy credits from nonblocking (unlimited)
[    6.257334] random 0000 0000 0000 264837ad 0a28fef5: extract_entropy account returned: 16 
[    6.257338] random 0000 0000 0000 264837ad 0a28fef5: urand_change_num 78 extract_buf: pool_sig ffffffd0, data_sig 0000017b, bytes_mixed 20 264837ad 0a28fef5
[    6.257344] random 0000 0000 0000 264837ad 0a28fef5: urand_change_num 79 extract_buf: pool_sig 0000045c, data_sig 000001df, bytes_mixed 20 264837ad 0a28fef5
[    6.258802] random 0000 0000 0000 f37f7344 164aede0: rand_read_num 22 get_random_bytes(16): sig 000003c2 f37f7344 164aede0
[    6.258805] random 0000 0000 0000 f37f7344 164aede0: extract_entropy(.. 16 ..)
[    6.258808] random 0000 0000 0000 f37f7344 164aede0: going to reseed nonblocking with 128 bits (128 of 0 requested)
[    6.258810] random 0000 0000 0000 f37f7344 164aede0: extract_entropy(.. 16 ..)
[    6.258812] random 0000 0000 0000 f37f7344 164aede0: trying to extract 128 bits from input
[    6.258814] random 0000 0000 0000 f37f7344 164aede0: debiting 0 entropy credits from input
[    6.258816] random 0000 0000 0000 f37f7344 164aede0: extract_entropy account returned: 0 
[    6.258819] random 0000 0000 0000 f37f7344 164aede0: urand_change_num 80 xfer_secondary_pool(16): pool_sig 000003c2, data_sig 00000000, bytes_mixed 0 f37f7344 164aede0
[    6.258822] random 0000 0000 0000 f37f7344 164aede0: trying to extract 128 bits from nonblocking
[    6.258825] random 0000 0000 0000 f37f7344 164aede0: debiting 128 entropy credits from nonblocking (unlimited)
[    6.258827] random 0000 0000 0000 f37f7344 164aede0: extract_entropy account returned: 16 
[    6.258831] random 0000 0000 0000 f37f7344 164aede0: urand_change_num 81 extract_buf: pool_sig 000003c2, data_sig ffffff6c, bytes_mixed 20 f37f7344 164aede0
[    6.258836] random 0000 0000 0000 f37f7344 164aede0: urand_change_num 82 extract_buf: pool_sig fffffdfc, data_sig 00000091, bytes_mixed 20 f37f7344 164aede0
[    6.281606] random 0000 0000 0000 a4794863 878070c1: rand_read_num 23 get_random_bytes(16): sig 0000011b a4794863 878070c1
[    6.281608] random 0000 0000 0000 a4794863 878070c1: extract_entropy(.. 16 ..)
[    6.281611] random 0000 0000 0000 a4794863 878070c1: going to reseed nonblocking with 128 bits (128 of 0 requested)
[    6.281613] random 0000 0000 0000 a4794863 878070c1: extract_entropy(.. 16 ..)
[    6.281615] random 0000 0000 0000 a4794863 878070c1: trying to extract 128 bits from input
[    6.281617] random 0000 0000 0000 a4794863 878070c1: debiting 0 entropy credits from input
[    6.281619] random 0000 0000 0000 a4794863 878070c1: extract_entropy account returned: 0 
[    6.281623] random 0000 0000 0000 a4794863 878070c1: urand_change_num 83 xfer_secondary_pool(16): pool_sig 0000011b, data_sig 00000000, bytes_mixed 0 a4794863 878070c1
[    6.281625] random 0000 0000 0000 a4794863 878070c1: trying to extract 128 bits from nonblocking
[    6.281628] random 0000 0000 0000 a4794863 878070c1: debiting 128 entropy credits from nonblocking (unlimited)
[    6.281630] random 0000 0000 0000 a4794863 878070c1: extract_entropy account returned: 16 
[    6.281634] random 0000 0000 0000 a4794863 878070c1: urand_change_num 84 extract_buf: pool_sig 0000011b, data_sig ffffff51, bytes_mixed 20 a4794863 878070c1
[    6.281640] random 0000 0000 0000 737f19b4 9417d8ab: urand_change_num 85 extract_buf: pool_sig 000001a3, data_sig 0000006c, bytes_mixed 20 737f19b4 9417d8ab
[    6.285703] random 0000 0000 0000 737f19b4 9417d8ab: rand_read_num 24 get_random_bytes(16): sig fffffe22 737f19b4 9417d8ab
[    6.285706] random 0000 0000 0000 737f19b4 9417d8ab: extract_entropy(.. 16 ..)
[    6.285708] random 0000 0000 0000 737f19b4 9417d8ab: going to reseed nonblocking with 128 bits (128 of 0 requested)
[    6.285710] random 0000 0000 0000 737f19b4 9417d8ab: extract_entropy(.. 16 ..)
[    6.285712] random 0000 0000 0000 737f19b4 9417d8ab: trying to extract 128 bits from input
[    6.285715] random 0000 0000 0000 737f19b4 9417d8ab: debiting 0 entropy credits from input
[    6.285717] random 0000 0000 0000 737f19b4 9417d8ab: extract_entropy account returned: 0 
[    6.285720] random 0000 0000 0000 737f19b4 9417d8ab: urand_change_num 86 xfer_secondary_pool(16): pool_sig fffffe22, data_sig 00000000, bytes_mixed 0 737f19b4 9417d8ab
[    6.285726] random 0000 0000 0000 737f19b4 9417d8ab: trying to extract 128 bits from nonblocking
[    6.285729] random 0000 0000 0000 737f19b4 9417d8ab: debiting 128 entropy credits from nonblocking (unlimited)
[    6.285731] random 0000 0000 0000 737f19b4 9417d8ab: extract_entropy account returned: 16 
[    6.285735] random 0000 0000 0000 737f19b4 9417d8ab: urand_change_num 87 extract_buf: pool_sig fffffe22, data_sig 00000230, bytes_mixed 20 737f19b4 9417d8ab
[    6.285740] random 0000 0000 0000 4deb0d06 1236af4c: urand_change_num 88 extract_buf: pool_sig 000000b6, data_sig ffffff44, bytes_mixed 20 4deb0d06 1236af4c
[    6.286741] random 0000 0000 0000 b538fadc 4a7613df: rand_read_num 25 get_random_bytes(16): sig 0000013c b538fadc 4a7613df
[    6.286744] random 0000 0000 0000 b538fadc 4a7613df: extract_entropy(.. 16 ..)
[    6.286747] random 0000 0000 0000 b538fadc 4a7613df: going to reseed nonblocking with 128 bits (128 of 0 requested)
[    6.286749] random 0000 0000 0000 b538fadc 4a7613df: extract_entropy(.. 16 ..)
[    6.286751] random 0000 0000 0000 b538fadc 4a7613df: trying to extract 128 bits from input
[    6.286753] random 0000 0000 0000 b538fadc 4a7613df: debiting 0 entropy credits from input
[    6.286755] random 0000 0000 0000 b538fadc 4a7613df: extract_entropy account returned: 0 
[    6.286759] random 0000 0000 0000 b538fadc 4a7613df: urand_change_num 89 xfer_secondary_pool(16): pool_sig 0000013c, data_sig 00000000, bytes_mixed 0 b538fadc 4a7613df
[    6.286761] random 0000 0000 0000 b538fadc 4a7613df: trying to extract 128 bits from nonblocking
[    6.286764] random 0000 0000 0000 b538fadc 4a7613df: debiting 128 entropy credits from nonblocking (unlimited)
[    6.286766] random 0000 0000 0000 b538fadc 4a7613df: extract_entropy account returned: 16 
[    6.286770] random 0000 0000 0000 b538fadc 4a7613df: urand_change_num 90 extract_buf: pool_sig 0000013c, data_sig 00000015, bytes_mixed 20 b538fadc 4a7613df
[    6.286776] random 0000 0000 0000 b538fadc 4a7613df: urand_change_num 91 extract_buf: pool_sig 00000452, data_sig 0000002b, bytes_mixed 20 b538fadc 4a7613df
[    6.287226] random 0000 0000 0000 73b17df4 93bb370e: rand_read_num 26 get_random_bytes(16): sig fffffbf1 73b17df4 93bb370e
[    6.287228] random 0000 0000 0000 73b17df4 93bb370e: extract_entropy(.. 16 ..)
[    6.287231] random 0000 0000 0000 73b17df4 93bb370e: going to reseed nonblocking with 128 bits (128 of 0 requested)
[    6.287233] random 0000 0000 0000 73b17df4 93bb370e: extract_entropy(.. 16 ..)
[    6.287235] random 0000 0000 0000 73b17df4 93bb370e: trying to extract 128 bits from input
[    6.287237] random 0000 0000 0000 73b17df4 93bb370e: debiting 0 entropy credits from input
[    6.287239] random 0000 0000 0000 73b17df4 93bb370e: extract_entropy account returned: 0 
[    6.287243] random 0000 0000 0000 73b17df4 93bb370e: urand_change_num 92 xfer_secondary_pool(16): pool_sig fffffbf1, data_sig 00000000, bytes_mixed 0 73b17df4 93bb370e
[    6.287245] random 0000 0000 0000 73b17df4 93bb370e: trying to extract 128 bits from nonblocking
[    6.287248] random 0000 0000 0000 73b17df4 93bb370e: debiting 128 entropy credits from nonblocking (unlimited)
[    6.287250] random 0000 0000 0000 73b17df4 93bb370e: extract_entropy account returned: 16 
[    6.287254] random 0000 0000 0000 73b17df4 93bb370e: urand_change_num 93 extract_buf: pool_sig fffffbf1, data_sig ffffff99, bytes_mixed 20 73b17df4 93bb370e
[    6.287259] random 0000 0000 0000 73b17df4 93bb370e: urand_change_num 94 extract_buf: pool_sig fffffe1d, data_sig 000000b0, bytes_mixed 20 73b17df4 93bb370e
[    6.287665] random 0000 0000 0000 0cd682bb ba04da9f: rand_read_num 27 get_random_bytes(16): sig fffffccb 0cd682bb ba04da9f
[    6.287667] random 0000 0000 0000 0cd682bb ba04da9f: extract_entropy(.. 16 ..)
[    6.287670] random 0000 0000 0000 0cd682bb ba04da9f: going to reseed nonblocking with 128 bits (128 of 0 requested)
[    6.287672] random 0000 0000 0000 0cd682bb ba04da9f: extract_entropy(.. 16 ..)
[    6.287674] random 0000 0000 0000 0cd682bb ba04da9f: trying to extract 128 bits from input
[    6.287676] random 0000 0000 0000 0cd682bb ba04da9f: debiting 0 entropy credits from input
[    6.287678] random 0000 0000 0000 0cd682bb ba04da9f: extract_entropy account returned: 0 
[    6.287682] random 0000 0000 0000 0cd682bb ba04da9f: urand_change_num 95 xfer_secondary_pool(16): pool_sig fffffccb, data_sig 00000000, bytes_mixed 0 0cd682bb ba04da9f
[    6.287685] random 0000 0000 0000 0cd682bb ba04da9f: trying to extract 128 bits from nonblocking
[    6.287687] random 0000 0000 0000 0cd682bb ba04da9f: debiting 128 entropy credits from nonblocking (unlimited)
[    6.287689] random 0000 0000 0000 0cd682bb ba04da9f: extract_entropy account returned: 16 
[    6.287693] random 0000 0000 0000 0cd682bb ba04da9f: urand_change_num 96 extract_buf: pool_sig fffffccb, data_sig fffffec5, bytes_mixed 20 0cd682bb ba04da9f
[    6.287699] random 0000 0000 0000 26929f1a 15254dc1: urand_change_num 97 extract_buf: pool_sig fffffed2, data_sig ffffffb1, bytes_mixed 20 26929f1a 15254dc1
[    6.288576] random 0000 0000 0000 26929f1a 15254dc1: rand_read_num 28 get_random_bytes(16): sig 00000038 26929f1a 15254dc1
[    6.288579] random 0000 0000 0000 26929f1a 15254dc1: extract_entropy(.. 16 ..)
[    6.288582] random 0000 0000 0000 26929f1a 15254dc1: going to reseed nonblocking with 128 bits (128 of 0 requested)
[    6.288584] random 0000 0000 0000 26929f1a 15254dc1: extract_entropy(.. 16 ..)
[    6.288586] random 0000 0000 0000 26929f1a 15254dc1: trying to extract 128 bits from input
[    6.288588] random 0000 0000 0000 26929f1a 15254dc1: debiting 0 entropy credits from input
[    6.288590] random 0000 0000 0000 26929f1a 15254dc1: extract_entropy account returned: 0 
[    6.288593] random 0000 0000 0000 26929f1a 15254dc1: urand_change_num 98 xfer_secondary_pool(16): pool_sig 00000038, data_sig 00000000, bytes_mixed 0 26929f1a 15254dc1
[    6.288596] random 0000 0000 0000 26929f1a 15254dc1: trying to extract 128 bits from nonblocking
[    6.288598] random 0000 0000 0000 26929f1a 15254dc1: debiting 128 entropy credits from nonblocking (unlimited)
[    6.288600] random 0000 0000 0000 26929f1a 15254dc1: extract_entropy account returned: 16 
[    6.288605] random 0000 0000 0000 26929f1a 15254dc1: urand_change_num 99 extract_buf: pool_sig 00000038, data_sig 000000fd, bytes_mixed 20 26929f1a 15254dc1
[    6.288610] random 0000 0000 0000 8116fe3b 478c2d5b: urand_change_num 100 extract_buf: pool_sig 00000059, data_sig 00000310, bytes_mixed 20 8116fe3b 478c2d5b
[    6.295240] random 0000 0000 0000 a20f4a3a 32a6b2fa: rand_read_num 29 get_random_bytes(16): sig 000002c0 a20f4a3a 32a6b2fa
[    6.295243] random 0000 0000 0000 a20f4a3a 32a6b2fa: extract_entropy(.. 16 ..)
[    6.295245] random 0000 0000 0000 a20f4a3a 32a6b2fa: going to reseed nonblocking with 128 bits (128 of 0 requested)
[    6.295248] random 0000 0000 0000 a20f4a3a 32a6b2fa: extract_entropy(.. 16 ..)
[    6.295250] random 0000 0000 0000 a20f4a3a 32a6b2fa: trying to extract 128 bits from input
[    6.295252] random 0000 0000 0000 a20f4a3a 32a6b2fa: debiting 0 entropy credits from input
[    6.295254] random 0000 0000 0000 a20f4a3a 32a6b2fa: extract_entropy account returned: 0 
[    6.295257] random 0000 0000 0000 a20f4a3a 32a6b2fa: urand_change_num 101 xfer_secondary_pool(16): pool_sig 000002c0, data_sig 00000000, bytes_mixed 0 a20f4a3a 32a6b2fa
[    6.295260] random 0000 0000 0000 a20f4a3a 32a6b2fa: trying to extract 128 bits from nonblocking
[    6.295262] random 0000 0000 0000 a20f4a3a 32a6b2fa: debiting 128 entropy credits from nonblocking (unlimited)
[    6.295264] random 0000 0000 0000 a20f4a3a 32a6b2fa: extract_entropy account returned: 16 
[    6.295269] random 0000 0000 0000 a20f4a3a 32a6b2fa: urand_change_num 102 extract_buf: pool_sig 000002c0, data_sig 000000fb, bytes_mixed 20 a20f4a3a 32a6b2fa
[    6.295274] random 0000 0000 0000 a20f4a3a 32a6b2fa: urand_change_num 103 extract_buf: pool_sig ffffffdd, data_sig 000000a5, bytes_mixed 20 a20f4a3a 32a6b2fa
[    6.307780] random 0000 0000 0000 de716d2a 6c4757e1: rand_read_num 30 get_random_bytes(16): sig 000000fa de716d2a 6c4757e1
[    6.307783] random 0000 0000 0000 de716d2a 6c4757e1: extract_entropy(.. 16 ..)
[    6.307786] random 0000 0000 0000 de716d2a 6c4757e1: going to reseed nonblocking with 128 bits (128 of 0 requested)
[    6.307788] random 0000 0000 0000 de716d2a 6c4757e1: extract_entropy(.. 16 ..)
[    6.307790] random 0000 0000 0000 de716d2a 6c4757e1: trying to extract 128 bits from input
[    6.307792] random 0000 0000 0000 de716d2a 6c4757e1: debiting 0 entropy credits from input
[    6.307794] random 0000 0000 0000 de716d2a 6c4757e1: extract_entropy account returned: 0 
[    6.307797] random 0000 0000 0000 de716d2a 6c4757e1: urand_change_num 104 xfer_secondary_pool(16): pool_sig 000000fa, data_sig 00000000, bytes_mixed 0 de716d2a 6c4757e1
[    6.307800] random 0000 0000 0000 de716d2a 6c4757e1: trying to extract 128 bits from nonblocking
[    6.307803] random 0000 0000 0000 de716d2a 6c4757e1: debiting 128 entropy credits from nonblocking (unlimited)
[    6.307805] random 0000 0000 0000 de716d2a 6c4757e1: extract_entropy account returned: 16 
[    6.307809] random 0000 0000 0000 de716d2a 6c4757e1: urand_change_num 105 extract_buf: pool_sig 000000fa, data_sig ffffff34, bytes_mixed 20 de716d2a 6c4757e1
[    6.307814] random 0000 0000 0000 de716d2a 6c4757e1: urand_change_num 106 extract_buf: pool_sig 000003d3, data_sig ffffff30, bytes_mixed 20 de716d2a 6c4757e1
[    6.308393] random 0000 0000 0000 a7c511e1 f90ea457: rand_read_num 31 get_random_bytes(16): sig 0000009a a7c511e1 f90ea457
[    6.308396] random 0000 0000 0000 a7c511e1 f90ea457: extract_entropy(.. 16 ..)
[    6.308398] random 0000 0000 0000 a7c511e1 f90ea457: going to reseed nonblocking with 128 bits (128 of 0 requested)
[    6.308400] random 0000 0000 0000 a7c511e1 f90ea457: extract_entropy(.. 16 ..)
[    6.308402] random 0000 0000 0000 a7c511e1 f90ea457: trying to extract 128 bits from input
[    6.308405] random 0000 0000 0000 a7c511e1 f90ea457: debiting 0 entropy credits from input
[    6.308407] random 0000 0000 0000 a7c511e1 f90ea457: extract_entropy account returned: 0 
[    6.308410] random 0000 0000 0000 a7c511e1 f90ea457: urand_change_num 107 xfer_secondary_pool(16): pool_sig 0000009a, data_sig 00000000, bytes_mixed 0 a7c511e1 f90ea457
[    6.308413] random 0000 0000 0000 a7c511e1 f90ea457: trying to extract 128 bits from nonblocking
[    6.308415] random 0000 0000 0000 a7c511e1 f90ea457: debiting 128 entropy credits from nonblocking (unlimited)
[    6.308417] random 0000 0000 0000 a7c511e1 f90ea457: extract_entropy account returned: 16 
[    6.308421] random 0000 0000 0000 a7c511e1 f90ea457: urand_change_num 108 extract_buf: pool_sig 0000009a, data_sig 000000e0, bytes_mixed 20 a7c511e1 f90ea457
[    6.308427] random 0000 0000 0000 7c18c7e6 d65ccb06: urand_change_num 109 extract_buf: pool_sig fffffa79, data_sig 000000e0, bytes_mixed 20 7c18c7e6 d65ccb06
[    6.309013] random 0000 0000 0000 7c18c7e6 d65ccb06: rand_read_num 32 get_random_bytes(16): sig fffffe1e 7c18c7e6 d65ccb06
[    6.309016] random 0000 0000 0000 7c18c7e6 d65ccb06: extract_entropy(.. 16 ..)
[    6.309019] random 0000 0000 0000 7c18c7e6 d65ccb06: going to reseed nonblocking with 128 bits (128 of 0 requested)
[    6.309021] random 0000 0000 0000 7c18c7e6 d65ccb06: extract_entropy(.. 16 ..)
[    6.309023] random 0000 0000 0000 7c18c7e6 d65ccb06: trying to extract 128 bits from input
[    6.309025] random 0000 0000 0000 7c18c7e6 d65ccb06: debiting 0 entropy credits from input
[    6.309027] random 0000 0000 0000 7c18c7e6 d65ccb06: extract_entropy account returned: 0 
[    6.309030] random 0000 0000 0000 7c18c7e6 d65ccb06: urand_change_num 110 xfer_secondary_pool(16): pool_sig fffffe1e, data_sig 00000000, bytes_mixed 0 7c18c7e6 d65ccb06
[    6.309033] random 0000 0000 0000 7c18c7e6 d65ccb06: trying to extract 128 bits from nonblocking
[    6.309035] random 0000 0000 0000 7c18c7e6 d65ccb06: debiting 128 entropy credits from nonblocking (unlimited)
[    6.309038] random 0000 0000 0000 7c18c7e6 d65ccb06: extract_entropy account returned: 16 
