[    0.000000] random 0000 0000 0000 00000000 00000000: rand_read_num 1 get_random_bytes(8): sig 00000000 00000000 00000000
[    0.000000] random 0000 0000 0000 00000000 00000000: extract_entropy(.. 8 ..)
[    0.000000] random 0000 0000 0000 00000000 00000000: going to reseed nonblocking with 64 bits (64 of 0 requested)
[    0.000000] random 0000 0000 0000 00000000 00000000: extract_entropy(.. 8 ..)
[    0.000000] random 0000 0000 0000 00000000 00000000: trying to extract 64 bits from input
[    0.000000] random 0000 0000 0000 00000000 00000000: debiting 0 entropy credits from input
[    0.000000] random 0000 0000 0000 00000000 00000000: extract_entropy account returned: 0 
[    0.000000] random 0000 0000 0000 00000000 00000000: urand_change_num 1 xfer_secondary_pool(8): pool_sig 00000000, data_sig 00000000, bytes_mixed 0 00000000 00000000
[    0.000000] random 0000 0000 0000 00000000 00000000: trying to extract 64 bits from nonblocking
[    0.000000] random 0000 0000 0000 00000000 00000000: debiting 64 entropy credits from nonblocking (unlimited)
[    0.000000] random 0000 0000 0000 00000000 00000000: extract_entropy account returned: 8 
[    0.000000] random 0000 0000 0000 00000000 00000000: urand_change_num 2 extract_buf: pool_sig 00000000, data_sig fffffff9, bytes_mixed 20 00000000 00000000
[    0.000000] Linux version 2.6.32.57 (dcashman@dcashman-02) (gcc version 4.3.3 (GCC) ) #3 Fri May 24 04:27:34 PDT 2013
[    0.000000] KERNEL supported cpus:
[    0.000000]   Intel GenuineIntel
[    0.000000]   AMD AuthenticAMD
[    0.000000]   NSC Geode by NSC
[    0.000000]   Cyrix CyrixInstead
[    0.000000]   Centaur CentaurHauls
[    0.000000]   Transmeta GenuineTMx86
[    0.000000]   Transmeta TransmetaCPU
[    0.000000]   UMC UMC UMC UMC
[    0.000000] BIOS-provided physical RAM map:
[    0.000000]  BIOS-e820: 0000000000000000 - 000000000009d800 (usable)
[    0.000000]  BIOS-e820: 000000000009d800 - 00000000000a0000 (reserved)
[    0.000000]  BIOS-e820: 00000000000d2000 - 00000000000d4000 (reserved)
[    0.000000]  BIOS-e820: 00000000000e0000 - 0000000000100000 (reserved)
[    0.000000]  BIOS-e820: 0000000000100000 - 000000003d6b0000 (usable)
[    0.000000]  BIOS-e820: 000000003d6b0000 - 000000003d6cc000 (ACPI data)
[    0.000000]  BIOS-e820: 000000003d6cc000 - 000000003d700000 (ACPI NVS)
[    0.000000]  BIOS-e820: 000000003d700000 - 000000003e000000 (reserved)
[    0.000000]  BIOS-e820: 00000000f0000000 - 00000000f4000000 (reserved)
[    0.000000]  BIOS-e820: 00000000fec00000 - 00000000fec10000 (reserved)
[    0.000000]  BIOS-e820: 00000000fed00000 - 00000000fed00400 (reserved)
[    0.000000]  BIOS-e820: 00000000fed14000 - 00000000fed1a000 (reserved)
[    0.000000]  BIOS-e820: 00000000fed1c000 - 00000000fed90000 (reserved)
[    0.000000]  BIOS-e820: 00000000fee00000 - 00000000fee01000 (reserved)
[    0.000000]  BIOS-e820: 00000000ff000000 - 0000000100000000 (reserved)
[    0.000000] DMI present.
[    0.000000] last_pfn = 0x3d6b0 max_arch_pfn = 0x100000
[    0.000000] MTRR default type: uncachable
[    0.000000] MTRR fixed ranges enabled:
[    0.000000]   00000-9FFFF write-back
[    0.000000]   A0000-BFFFF uncachable
[    0.000000]   C0000-CFFFF write-protect
[    0.000000]   D0000-DFFFF uncachable
[    0.000000]   E0000-FFFFF write-protect
[    0.000000] MTRR variable ranges enabled:
[    0.000000]   0 base 03E000000 mask FFE000000 uncachable
[    0.000000]   1 base 000000000 mask FC0000000 write-back
[    0.000000]   2 base 03D700000 mask FFFF00000 uncachable
[    0.000000]   3 base 03D800000 mask FFF800000 uncachable
[    0.000000]   4 disabled
[    0.000000]   5 disabled
[    0.000000]   6 disabled
[    0.000000]   7 disabled
[    0.000000] initial memory mapped : 0 - 02000000
[    0.000000] init_memory_mapping: 0000000000000000-00000000377fe000
[    0.000000]  0000000000 - 0000400000 page 4k
[    0.000000]  0000400000 - 0037400000 page 2M
[    0.000000]  0037400000 - 00377fe000 page 4k
[    0.000000] kernel direct mapping tables up to 377fe000 @ 7000-c000
[    0.000000] ACPI: RSDP 000f68d0 00024 (v02 LENOVO)
[    0.000000] ACPI: XSDT 3d6bb77f 00094 (v01 LENOVO TP-7L    00002170  LTP 00000000)
[    0.000000] ACPI: FACP 3d6bb900 000F4 (v03 LENOVO TP-7L    00002170 LNVO 00000001)
[    0.000000] ACPI Warning: 32/64X length mismatch in Gpe1Block: 0/32 (20090903/tbfadt-526)
[    0.000000] ACPI Warning: Optional field Gpe1Block has zero address or length: 000000000000102C/0 (20090903/tbfadt-557)
[    0.000000] ACPI: DSDT 3d6bbd1d 0FED1 (v01 LENOVO TP-7L    00002170 MSFT 03000000)
[    0.000000] ACPI: FACS 3d6e4000 00040
[    0.000000] ACPI: SSDT 3d6bbab4 00269 (v01 LENOVO TP-7L    00002170 MSFT 03000000)
[    0.000000] ACPI: ECDT 3d6cbbee 00052 (v01 LENOVO TP-7L    00002170 LNVO 00000001)
[    0.000000] ACPI: TCPA 3d6cbc40 00032 (v02 LENOVO TP-7L    00002170 LNVO 00000001)
[    0.000000] ACPI: APIC 3d6cbc72 00068 (v01 LENOVO TP-7L    00002170 LNVO 00000001)
[    0.000000] ACPI: MCFG 3d6cbcda 0003C (v01 LENOVO TP-7L    00002170 LNVO 00000001)
[    0.000000] ACPI: HPET 3d6cbd16 00038 (v01 LENOVO TP-7L    00002170 LNVO 00000001)
[    0.000000] ACPI: SLIC 3d6cbdf0 00176 (v01 LENOVO TP-7L    00002170  LTP 00000000)
[    0.000000] ACPI: BOOT 3d6cbf66 00028 (v01 LENOVO TP-7L    00002170  LTP 00000001)
[    0.000000] ACPI: ASF! 3d6cbf8e 00072 (v16 LENOVO TP-7L    00002170 PTL  00000001)
[    0.000000] ACPI: SSDT 3d6e26d9 0025F (v01 LENOVO TP-7L    00002170 INTL 20050513)
[    0.000000] ACPI: SSDT 3d6e2938 000A6 (v01 LENOVO TP-7L    00002170 INTL 20050513)
[    0.000000] ACPI: SSDT 3d6e29de 004F7 (v01 LENOVO TP-7L    00002170 INTL 20050513)
[    0.000000] ACPI: SSDT 3d6e2ed5 001D8 (v01 LENOVO TP-7L    00002170 INTL 20050513)
[    0.000000] ACPI: DMI detected: Lenovo ThinkPad R61
[    0.000000] ACPI: Added _OSI(Linux)
[    0.000000] ACPI: Local APIC address 0xfee00000
[    0.000000] 94MB HIGHMEM available.
[    0.000000] 887MB LOWMEM available.
[    0.000000]   mapped low ram: 0 - 377fe000
[    0.000000]   low ram: 0 - 377fe000
[    0.000000]   node 0 low ram: 00000000 - 377fe000
[    0.000000]   node 0 bootmap 00008000 - 0000ef00
[    0.000000] (6 early reservations) ==> bootmem [0000000000 - 00377fe000]
[    0.000000]   #0 [0000000000 - 0000001000]   BIOS data page ==> [0000000000 - 0000001000]
[    0.000000]   #1 [0001000000 - 0001bdc180]    TEXT DATA BSS ==> [0001000000 - 0001bdc180]
[    0.000000]   #2 [000009d800 - 0000100000]    BIOS reserved ==> [000009d800 - 0000100000]
[    0.000000]   #3 [0001bdd000 - 0001be516c]              BRK ==> [0001bdd000 - 0001be516c]
[    0.000000]   #4 [0000007000 - 0000008000]          PGTABLE ==> [0000007000 - 0000008000]
[    0.000000]   #5 [0000008000 - 000000f000]          BOOTMAP ==> [0000008000 - 000000f000]
[    0.000000] found SMP MP-table at [c00f6900] f6900
[    0.000000] Zone PFN ranges:
[    0.000000]   DMA      0x00000000 -> 0x00001000
[    0.000000]   Normal   0x00001000 -> 0x000377fe
[    0.000000]   HighMem  0x000377fe -> 0x0003d6b0
[    0.000000] Movable zone start PFN for each node
[    0.000000] early_node_map[2] active PFN ranges
[    0.000000]     0: 0x00000000 -> 0x0000009d
[    0.000000]     0: 0x00000100 -> 0x0003d6b0
[    0.000000] On node 0 totalpages: 251469
[    0.000000] free_area_init_node: node 0, pgdat c1901ea0, node_mem_map c1be7000
[    0.000000]   DMA zone: 32 pages used for memmap
[    0.000000]   DMA zone: 0 pages reserved
[    0.000000]   DMA zone: 3965 pages, LIFO batch:0
[    0.000000]   Normal zone: 1744 pages used for memmap
[    0.000000]   Normal zone: 221486 pages, LIFO batch:31
[    0.000000]   HighMem zone: 190 pages used for memmap
[    0.000000]   HighMem zone: 24052 pages, LIFO batch:3
[    0.000000] Using APIC driver default
[    0.000000] ACPI: PM-Timer IO Port: 0x1008
[    0.000000] ACPI: Local APIC address 0xfee00000
[    0.000000] ACPI: LAPIC (acpi_id[0x00] lapic_id[0x00] enabled)
[    0.000000] ACPI: LAPIC (acpi_id[0x01] lapic_id[0x01] enabled)
[    0.000000] ACPI: NR_CPUS/possible_cpus limit of 1 reached.  Processor 1/0x1 ignored.
[    0.000000] ACPI: LAPIC_NMI (acpi_id[0x00] high edge lint[0x1])
[    0.000000] ACPI: LAPIC_NMI (acpi_id[0x01] high edge lint[0x1])
[    0.000000] ACPI: IOAPIC (id[0x01] address[0xfec00000] gsi_base[0])
[    0.000000] IOAPIC[0]: apic_id 1, version 32, address 0xfec00000, GSI 0-23
[    0.000000] ACPI: INT_SRC_OVR (bus 0 bus_irq 0 global_irq 2 dfl dfl)
[    0.000000] ACPI: INT_SRC_OVR (bus 0 bus_irq 9 global_irq 9 high level)
[    0.000000] ACPI: IRQ0 used by override.
[    0.000000] ACPI: IRQ2 used by override.
[    0.000000] ACPI: IRQ9 used by override.
[    0.000000] Using ACPI (MADT) for SMP configuration information
[    0.000000] ACPI: HPET id: 0x8086a201 base: 0xfed00000
[    0.000000] nr_irqs_gsi: 24
[    0.000000] PM: Registered nosave memory: 000000000009d000 - 000000000009e000
[    0.000000] PM: Registered nosave memory: 000000000009e000 - 00000000000a0000
[    0.000000] PM: Registered nosave memory: 00000000000a0000 - 00000000000d2000
[    0.000000] PM: Registered nosave memory: 00000000000d2000 - 00000000000d4000
[    0.000000] PM: Registered nosave memory: 00000000000d4000 - 00000000000e0000
[    0.000000] PM: Registered nosave memory: 00000000000e0000 - 0000000000100000
[    0.000000] Allocating PCI resources starting at 3e000000 (gap: 3e000000:b2000000)
[    0.000000] Built 1 zonelists in Zone order, mobility grouping on.  Total pages: 249503
[    0.000000] Kernel command line: auto BOOT_IMAGE=Linux ro root=802 vt.default_utf8=0 maxcpus=0
[    0.000000] PID hash table entries: 4096 (order: 2, 16384 bytes)
[    0.000000] Dentry cache hash table entries: 131072 (order: 7, 524288 bytes)
[    0.000000] Inode-cache hash table entries: 65536 (order: 6, 262144 bytes)
[    0.000000] Enabling fast FPU save and restore... done.
[    0.000000] Enabling unmasked SIMD FPU exception support... done.
[    0.000000] Initializing CPU#0
[    0.000000] Initializing HighMem for node 0 (000377fe:0003d6b0)
[    0.000000] Memory: 984800k/1006272k available (6914k kernel code, 20876k reserved, 2328k data, 448k init, 96968k highmem)
[    0.000000] virtual kernel memory layout:
[    0.000000]     fixmap  : 0xfffa3000 - 0xfffff000   ( 368 kB)
[    0.000000]     pkmap   : 0xff800000 - 0xffc00000   (4096 kB)
[    0.000000]     vmalloc : 0xf7ffe000 - 0xff7fe000   ( 120 MB)
[    0.000000]     lowmem  : 0xc0000000 - 0xf77fe000   ( 887 MB)
[    0.000000]       .init : 0xc1907000 - 0xc1977000   ( 448 kB)
[    0.000000]       .data : 0xc16c0b5f - 0xc1906c64   (2328 kB)
[    0.000000]       .text : 0xc1000000 - 0xc16c0b5f   (6914 kB)
[    0.000000] Checking if this processor honours the WP bit even in supervisor mode...Ok.
[    0.000000] SLUB: Genslabs=13, HWalign=64, Order=0-3, MinObjects=0, CPUs=1, Nodes=1
[    0.000000] Hierarchical RCU implementation.
[    0.000000] NR_IRQS:288
[    0.000000] Extended CMOS year: 2000
[    0.000000] Console: colour VGA+ 80x25
[    0.000000] console [tty0] enabled
[    0.000000] hpet clockevent registered
[    0.000000] Fast TSC calibration using PIT
[    0.000000] Detected 2094.774 MHz processor.
[    0.001002] Calibrating delay loop (skipped), value calculated using timer frequency.. 4189.54 BogoMIPS (lpj=2094774)
[    0.002007] Security Framework initialized
[    0.002088] Mount-cache hash table entries: 512
[    0.002235] CPU: L1 I cache: 32K, L1 D cache: 32K
[    0.002366] CPU: L2 cache: 3072K
[    0.002451] mce: CPU supports 6 MCE banks
[    0.002534] CPU0: Thermal monitoring enabled (TM2)
[    0.002617] using mwait in idle threads.
[    0.002704] CPU: Intel(R) Core(TM)2 Duo CPU     T8100  @ 2.10GHz stepping 06
[    0.002882] Checking 'hlt' instruction... OK.
[    0.006940] ACPI: Core revision 20090903
[    0.026018] CANARY value: c41ddfc7 for PID: 1
[    0.026046] Enabling APIC mode:  Flat.  Using 1 I/O APICs
[    0.026503] ..TIMER: vector=0x30 apic1=0 pin1=2 apic2=-1 pin2=-1
[    0.037997] xor: automatically using best checksumming function: pIII_sse
[    0.041998]    pIII_sse  :  8568.000 MB/sec
[    0.042091] xor: using function: pIII_sse (8568.000 MB/sec)
[    0.042184] RANDOM - __seed init called.
[    0.042185] RANDOM - __seed init called.
[    0.042185] RANDOM - __seed init called.
[    0.042187] RANDOM - __random32 called. Change num 1.  Value: f7943846	49e73df3	af36cd0d
[    0.042189] RANDOM - __random32 called. Change num 2.  Value: 43846e13	9e73df37	9a1ad014
[    0.042191] RANDOM - __random32 called. Change num 3.  Value: 46e139c8	e73df373	a029598a
[    0.042192] RANDOM - __random32 called. Change num 4.  Value: 139c8c3b	73df373d	b3142c72
[    0.042194] RANDOM - __random32 called. Change num 5.  Value: c8c3b043	3df373de	58e576a9
[    0.042196] RANDOM - __random32 called. Change num 6.  Value: 3b0437d9	df373de5	ed53f9d8
[    0.042197] RANDOM - random32 init called.  Value: 3b0437d9	df373de5	ed53f9d8
[    0.042214] NET: Registered protocol family 16
[    0.042477] ACPI FADT declares the system doesn't support PCIe ASPM, so disable it
[    0.042605] ACPI: bus type pci registered
[    0.042778] PCI: MCFG configuration 0: base f0000000 segment 0 buses 0 - 63
[    0.042870] PCI: MCFG area at f0000000 reserved in E820
[    0.042960] PCI: Using MMCONFIG for extended config space
[    0.043002] PCI: Using configuration type 1 for base access
[    0.046162] bio: create slab <bio-0> at 0
[    0.046971] ACPI: EC: EC description table is found, configuring boot EC
[    0.052140] ACPI: BIOS _OSI(Linux) query honored via DMI
[    0.052860] random 0000 0000 0000 00000000 00000000: rand_read_num 2 get_random_bytes(8): sig fffffe1a 00000000 00000000
[    0.052862] random 0000 0000 0000 00000000 00000000: extract_entropy(.. 8 ..)
[    0.052865] random 0000 0000 0000 00000000 00000000: going to reseed nonblocking with 64 bits (64 of 0 requested)
[    0.052867] random 0000 0000 0000 00000000 00000000: extract_entropy(.. 8 ..)
[    0.052869] random 0000 0000 0000 00000000 00000000: trying to extract 64 bits from input
[    0.052872] random 0000 0000 0000 00000000 00000000: debiting 0 entropy credits from input
[    0.052873] random 0000 0000 0000 00000000 00000000: extract_entropy account returned: 0 
[    0.052905] random 0000 0000 0000 00000000 00000000: urand_change_num 3 xfer_secondary_pool(8): pool_sig fffffe1a, data_sig 00000000, bytes_mixed 0 00000000 00000000
[    0.052908] random 0000 0000 0000 00000000 00000000: trying to extract 64 bits from nonblocking
[    0.052910] random 0000 0000 0000 00000000 00000000: debiting 64 entropy credits from nonblocking (unlimited)
[    0.052912] random 0000 0000 0000 00000000 00000000: extract_entropy account returned: 8 
[    0.052917] random 0000 0000 0000 00000000 00000000: urand_change_num 4 extract_buf: pool_sig fffffe1a, data_sig fffffed7, bytes_mixed 20 00000000 00000000
[    0.058512] ACPI: Interpreter enabled
[    0.058600] ACPI: (supports S0 S3 S4 S5)
[    0.058916] ACPI: Using IOAPIC for interrupt routing
[    0.068710] ACPI: EC: GPE = 0x12, I/O: command/status = 0x66, data = 0x62
[    0.068982] ACPI: Power Resource [PUBS] (on)
[    0.071073] ACPI: ACPI Dock Station Driver: 3 docks/bays found
[    0.071485] ACPI: PCI Root Bridge [PCI0] (0000:00)
[    0.071656] pci 0000:00:02.0: reg 10 64bit mmio: [0xf8100000-0xf81fffff]
[    0.071662] pci 0000:00:02.0: reg 18 64bit mmio pref: [0xe0000000-0xefffffff]
[    0.071666] pci 0000:00:02.0: reg 20 io port: [0x1800-0x1807]
[    0.071701] pci 0000:00:02.1: reg 10 64bit mmio: [0xf8200000-0xf82fffff]
[    0.071805] pci 0000:00:19.0: reg 10 32bit mmio: [0xfe000000-0xfe01ffff]
[    0.071814] pci 0000:00:19.0: reg 14 32bit mmio: [0xfe025000-0xfe025fff]
[    0.071821] pci 0000:00:19.0: reg 18 io port: [0x1840-0x185f]
[    0.071887] pci 0000:00:19.0: PME# supported from D0 D3hot D3cold
[    0.071982] pci 0000:00:19.0: PME# disabled
[    0.072067] pci 0000:00:1a.0: reg 20 io port: [0x1860-0x187f]
[    0.072158] pci 0000:00:1a.1: reg 20 io port: [0x1880-0x189f]
[    0.072254] pci 0000:00:1a.7: reg 10 32bit mmio: [0xfe226c00-0xfe226fff]
[    0.072340] pci 0000:00:1a.7: PME# supported from D0 D3hot D3cold
[    0.072437] pci 0000:00:1a.7: PME# disabled
[    0.072584] pci 0000:00:1b.0: reg 10 64bit mmio: [0xfe020000-0xfe023fff]
[    0.072663] pci 0000:00:1b.0: PME# supported from D0 D3hot D3cold
[    0.072763] pci 0000:00:1b.0: PME# disabled
[    0.073047] pci 0000:00:1c.0: PME# supported from D0 D3hot D3cold
[    0.073146] pci 0000:00:1c.0: PME# disabled
[    0.073347] pci 0000:00:1c.1: PME# supported from D0 D3hot D3cold
[    0.073441] pci 0000:00:1c.1: PME# disabled
[    0.073641] pci 0000:00:1c.2: PME# supported from D0 D3hot D3cold
[    0.073737] pci 0000:00:1c.2: PME# disabled
[    0.073937] pci 0000:00:1c.3: PME# supported from D0 D3hot D3cold
[    0.073999] pci 0000:00:1c.3: PME# disabled
[    0.074850] pci 0000:00:1c.4: PME# supported from D0 D3hot D3cold
[    0.074944] pci 0000:00:1c.4: PME# disabled
[    0.075056] pci 0000:00:1d.0: reg 20 io port: [0x18a0-0x18bf]
[    0.075126] pci 0000:00:1d.1: reg 20 io port: [0x18c0-0x18df]
[    0.075193] pci 0000:00:1d.2: reg 20 io port: [0x18e0-0x18ff]
[    0.075281] pci 0000:00:1d.7: reg 10 32bit mmio: [0xfe227000-0xfe2273ff]
[    0.075382] pci 0000:00:1d.7: PME# supported from D0 D3hot D3cold
[    0.075476] pci 0000:00:1d.7: PME# disabled
[    0.075776] pci 0000:00:1f.0: quirk: region 1000-107f claimed by ICH6 ACPI/GPIO/TCO
[    0.075904] pci 0000:00:1f.0: quirk: region 1180-11bf claimed by ICH6 GPIO
[    0.075998] pci 0000:00:1f.0: ICH7 LPC Generic IO decode 1 PIO at 1600 (mask 007f)
[    0.076124] pci 0000:00:1f.0: ICH7 LPC Generic IO decode 2 PIO at 15e0 (mask 000f)
[    0.076251] pci 0000:00:1f.0: ICH7 LPC Generic IO decode 3 PIO at 1680 (mask 001f)
[    0.076449] pci 0000:00:1f.1: reg 10 io port: [0x00-0x07]
[    0.076459] pci 0000:00:1f.1: reg 14 io port: [0x00-0x03]
[    0.076468] pci 0000:00:1f.1: reg 18 io port: [0x00-0x07]
[    0.076475] pci 0000:00:1f.1: reg 1c io port: [0x00-0x03]
[    0.076484] pci 0000:00:1f.1: reg 20 io port: [0x1c00-0x1c0f]
[    0.076564] pci 0000:00:1f.2: reg 10 io port: [0x1c50-0x1c57]
[    0.076573] pci 0000:00:1f.2: reg 14 io port: [0x1c44-0x1c47]
[    0.076582] pci 0000:00:1f.2: reg 18 io port: [0x1c48-0x1c4f]
[    0.076591] pci 0000:00:1f.2: reg 1c io port: [0x1c40-0x1c43]
[    0.076599] pci 0000:00:1f.2: reg 20 io port: [0x1c20-0x1c3f]
[    0.076606] pci 0000:00:1f.2: reg 24 32bit mmio: [0xfe226000-0xfe2267ff]
[    0.076669] pci 0000:00:1f.2: PME# supported from D3hot
[    0.076766] pci 0000:00:1f.2: PME# disabled
[    0.076880] pci 0000:00:1f.3: reg 10 32bit mmio: [0xfe227400-0xfe2274ff]
[    0.076905] pci 0000:00:1f.3: reg 20 io port: [0x1c60-0x1c7f]
[    0.077084] pci 0000:00:1c.0: bridge io port: [0x2000-0x2fff]
[    0.077090] pci 0000:00:1c.0: bridge 32bit mmio: [0xfc000000-0xfdffffff]
[    0.077099] pci 0000:00:1c.0: bridge 64bit mmio pref: [0xf8000000-0xf80fffff]
[    0.077170] pci 0000:03:00.0: reg 10 64bit mmio: [0xdf3f0000-0xdf3fffff]
[    0.077364] pci 0000:00:1c.1: bridge io port: [0x3000-0x3fff]
[    0.077371] pci 0000:00:1c.1: bridge 32bit mmio: [0xdc000000-0xdf3fffff]
[    0.077378] pci 0000:00:1c.1: bridge 64bit mmio pref: [0xdfe00000-0xdfefffff]
[    0.077439] pci 0000:00:1c.2: bridge io port: [0x4000-0x4fff]
[    0.077443] pci 0000:00:1c.2: bridge 32bit mmio: [0xd8000000-0xd9ffffff]
[    0.077452] pci 0000:00:1c.2: bridge 64bit mmio pref: [0xdfb00000-0xdfbfffff]
[    0.077510] pci 0000:00:1c.3: bridge io port: [0x5000-0x5fff]
[    0.077516] pci 0000:00:1c.3: bridge 32bit mmio: [0xd4000000-0xd5ffffff]
[    0.077525] pci 0000:00:1c.3: bridge 64bit mmio pref: [0xdf800000-0xdf8fffff]
[    0.077584] pci 0000:00:1c.4: bridge io port: [0x6000-0x6fff]
[    0.077590] pci 0000:00:1c.4: bridge 32bit mmio: [0xd0000000-0xd1ffffff]
[    0.077598] pci 0000:00:1c.4: bridge 64bit mmio pref: [0xdf500000-0xdf5fffff]
[    0.077657] pci 0000:15:00.0: reg 10 32bit mmio: [0xf8300000-0xf8300fff]
[    0.077706] pci 0000:15:00.0: supports D1 D2
[    0.077708] pci 0000:15:00.0: PME# supported from D0 D1 D2 D3hot D3cold
[    0.077800] pci 0000:15:00.0: PME# disabled
[    0.077949] pci 0000:15:00.1: reg 10 32bit mmio: [0xf8301000-0xf83017ff]
[    0.078060] pci 0000:15:00.1: supports D1 D2
[    0.078061] pci 0000:15:00.1: PME# supported from D0 D1 D2 D3hot D3cold
[    0.078156] pci 0000:15:00.1: PME# disabled
[    0.078341] pci 0000:00:1e.0: transparent bridge
[    0.078431] pci 0000:00:1e.0: bridge io port: [0x7000-0xafff]
[    0.078439] pci 0000:00:1e.0: bridge 32bit mmio: [0xf8300000-0xfbffffff]
[    0.078448] pci 0000:00:1e.0: bridge 64bit mmio pref: [0xf4000000-0xf7ffffff]
[    0.078517] pci_bus 0000:00: on NUMA node 0
[    0.078521] ACPI: PCI Interrupt Routing Table [\_SB_.PCI0._PRT]
[    0.078654] ACPI: PCI Interrupt Routing Table [\_SB_.PCI0.EXP0._PRT]
[    0.078713] ACPI: PCI Interrupt Routing Table [\_SB_.PCI0.EXP1._PRT]
[    0.078771] ACPI: PCI Interrupt Routing Table [\_SB_.PCI0.EXP2._PRT]
[    0.078828] ACPI: PCI Interrupt Routing Table [\_SB_.PCI0.EXP3._PRT]
[    0.078891] ACPI: PCI Interrupt Routing Table [\_SB_.PCI0.EXP4._PRT]
[    0.078953] ACPI: PCI Interrupt Routing Table [\_SB_.PCI0.PCI1._PRT]
[    0.084410] ACPI: PCI Interrupt Link [LNKA] (IRQs 3 4 5 6 7 9 *10 11)
[    0.085168] ACPI: PCI Interrupt Link [LNKB] (IRQs 3 4 5 6 7 9 10 *11)
[    0.085999] ACPI: PCI Interrupt Link [LNKC] (IRQs 3 4 5 6 7 9 10 *11)
[    0.086793] ACPI: PCI Interrupt Link [LNKD] (IRQs 3 4 5 6 7 9 10 *11)
[    0.087554] ACPI: PCI Interrupt Link [LNKE] (IRQs 3 4 5 6 7 9 10 *11)
[    0.088346] ACPI: PCI Interrupt Link [LNKF] (IRQs 3 4 5 6 7 9 10 *11)
[    0.089158] ACPI: PCI Interrupt Link [LNKG] (IRQs 3 4 5 6 7 9 10 *11)
[    0.089938] ACPI: PCI Interrupt Link [LNKH] (IRQs 3 4 5 6 7 9 10 *11)
[    0.090686] vgaarb: device added: PCI:0000:00:02.0,decodes=io+mem,owns=io+mem,locks=none
[    0.090815] vgaarb: loaded
[    0.091015] SCSI subsystem initialized
[    0.091115] libata version 3.00 loaded.
[    0.091162] usbcore: registered new interface driver usbfs
[    0.091286] usbcore: registered new interface driver hub
[    0.091402] usbcore: registered new device driver usb
[    0.108040] raid6: int32x1    941 MB/s
[    0.124991] raid6: int32x2    886 MB/s
[    0.142064] raid6: int32x4    750 MB/s
[    0.159079] raid6: int32x8    660 MB/s
[    0.175990] raid6: mmxx1     2878 MB/s
[    0.192983] raid6: mmxx2     3269 MB/s
[    0.210001] raid6: sse1x1    1937 MB/s
[    0.226992] raid6: sse1x2    2535 MB/s
[    0.243981] raid6: sse2x1    3507 MB/s
[    0.260981] raid6: sse2x2    3820 MB/s
[    0.261070] raid6: using algorithm sse2x2 (3820 MB/s)
[    0.261164] PCI: Using ACPI for IRQ routing
[    0.261469] HPET: 3 timers in total, 0 timers will be used for per-cpu timer
[    0.261987] Switching to clocksource tsc
[    0.262092] pnp: PnP ACPI init
[    0.262187] ACPI: bus type pnp registered
[    0.265818] pnp: PnP ACPI: found 11 devices
[    0.265921] ACPI: ACPI bus type pnp unregistered
[    0.266015] system 00:00: iomem range 0x0-0x9ffff could not be reserved
[    0.266108] system 00:00: iomem range 0xc0000-0xc3fff could not be reserved
[    0.266202] system 00:00: iomem range 0xc4000-0xc7fff could not be reserved
[    0.266293] system 00:00: iomem range 0xc8000-0xcbfff has been reserved
[    0.266385] system 00:00: iomem range 0xcc000-0xcffff has been reserved
[    0.266482] system 00:00: iomem range 0xd0000-0xd3fff could not be reserved
[    0.266573] system 00:00: iomem range 0xe0000-0xe3fff could not be reserved
[    0.266668] system 00:00: iomem range 0xe4000-0xe7fff could not be reserved
[    0.266761] system 00:00: iomem range 0xe8000-0xebfff could not be reserved
[    0.266851] system 00:00: iomem range 0xec000-0xeffff could not be reserved
[    0.266950] system 00:00: iomem range 0xf0000-0xfffff could not be reserved
[    0.267041] system 00:00: iomem range 0x100000-0x3dffffff could not be reserved
[    0.267163] system 00:00: iomem range 0xfec00000-0xfed3ffff could not be reserved
[    0.267286] system 00:00: iomem range 0xfed4c000-0xffffffff could not be reserved
[    0.267411] system 00:02: ioport range 0x164e-0x164f has been reserved
[    0.267502] system 00:02: ioport range 0x1000-0x107f has been reserved
[    0.267595] system 00:02: ioport range 0x1180-0x11bf has been reserved
[    0.267687] system 00:02: ioport range 0x800-0x80f has been reserved
[    0.267779] system 00:02: ioport range 0x15e0-0x15ef has been reserved
[    0.267873] system 00:02: ioport range 0x1600-0x165f could not be reserved
[    0.267965] system 00:02: iomem range 0xf0000000-0xf3ffffff has been reserved
[    0.268061] system 00:02: iomem range 0xfed1c000-0xfed1ffff has been reserved
[    0.268154] system 00:02: iomem range 0xfed14000-0xfed17fff has been reserved
[    0.268247] system 00:02: iomem range 0xfed18000-0xfed18fff has been reserved
[    0.268338] system 00:02: iomem range 0xfed19000-0xfed19fff has been reserved
[    0.268434] system 00:02: iomem range 0xfed45000-0xfed4bfff has been reserved
[    0.303476] pci 0000:00:1c.0: PCI bridge, secondary bus 0000:02
[    0.303569] pci 0000:00:1c.0:   IO window: 0x2000-0x2fff
[    0.303667] pci 0000:00:1c.0:   MEM window: 0xfc000000-0xfdffffff
[    0.303760] pci 0000:00:1c.0:   PREFETCH window: 0x000000f8000000-0x000000f80fffff
[    0.303891] pci 0000:00:1c.1: PCI bridge, secondary bus 0000:03
[    0.303983] pci 0000:00:1c.1:   IO window: 0x3000-0x3fff
[    0.304078] pci 0000:00:1c.1:   MEM window: 0xdc000000-0xdf3fffff
[    0.304173] pci 0000:00:1c.1:   PREFETCH window: 0x000000dfe00000-0x000000dfefffff
[    0.304299] pci 0000:00:1c.2: PCI bridge, secondary bus 0000:04
[    0.304391] pci 0000:00:1c.2:   IO window: 0x4000-0x4fff
[    0.304484] pci 0000:00:1c.2:   MEM window: 0xd8000000-0xd9ffffff
[    0.304580] pci 0000:00:1c.2:   PREFETCH window: 0x000000dfb00000-0x000000dfbfffff
[    0.304707] pci 0000:00:1c.3: PCI bridge, secondary bus 0000:05
[    0.304800] pci 0000:00:1c.3:   IO window: 0x5000-0x5fff
[    0.304900] pci 0000:00:1c.3:   MEM window: 0xd4000000-0xd5ffffff
[    0.304994] pci 0000:00:1c.3:   PREFETCH window: 0x000000df800000-0x000000df8fffff
[    0.305120] pci 0000:00:1c.4: PCI bridge, secondary bus 0000:0d
[    0.305213] pci 0000:00:1c.4:   IO window: 0x6000-0x6fff
[    0.305306] pci 0000:00:1c.4:   MEM window: 0xd0000000-0xd1ffffff
[    0.305399] pci 0000:00:1c.4:   PREFETCH window: 0x000000df500000-0x000000df5fffff
[    0.305529] pci 0000:15:00.0: CardBus bridge, secondary bus 0000:16
[    0.305619] pci 0000:15:00.0:   IO window: 0x007000-0x0070ff
[    0.305715] pci 0000:15:00.0:   IO window: 0x007400-0x0074ff
[    0.305809] pci 0000:15:00.0:   PREFETCH window: 0xf4000000-0xf7ffffff
[    0.305906] pci 0000:15:00.0:   MEM window: 0x40000000-0x43ffffff
[    0.305999] pci 0000:00:1e.0: PCI bridge, secondary bus 0000:15
[    0.306089] pci 0000:00:1e.0:   IO window: 0x7000-0xafff
[    0.306184] pci 0000:00:1e.0:   MEM window: 0xf8300000-0xfbffffff
[    0.306279] pci 0000:00:1e.0:   PREFETCH window: 0x000000f4000000-0x000000f7ffffff
[    0.306420] pci 0000:00:1c.0: PCI INT A -> GSI 20 (level, low) -> IRQ 20
[    0.306519] pci 0000:00:1c.0: setting latency timer to 64
[    0.306533] pci 0000:00:1c.1: PCI INT B -> GSI 21 (level, low) -> IRQ 21
[    0.306628] pci 0000:00:1c.1: setting latency timer to 64
[    0.306636] pci 0000:00:1c.2: PCI INT C -> GSI 22 (level, low) -> IRQ 22
[    0.306729] pci 0000:00:1c.2: setting latency timer to 64
[    0.306743] pci 0000:00:1c.3: PCI INT D -> GSI 23 (level, low) -> IRQ 23
[    0.306835] pci 0000:00:1c.3: setting latency timer to 64
[    0.306850] pci 0000:00:1c.4: PCI INT A -> GSI 20 (level, low) -> IRQ 20
[    0.306949] pci 0000:00:1c.4: setting latency timer to 64
[    0.306956] pci 0000:00:1e.0: enabling device (0005 -> 0007)
[    0.307054] pci 0000:00:1e.0: setting latency timer to 64
[    0.307066] pci 0000:15:00.0: PCI INT A -> GSI 16 (level, low) -> IRQ 16
[    0.307165] pci 0000:15:00.0: setting latency timer to 64
[    0.307171] pci_bus 0000:00: resource 0 io:  [0x00-0xffff]
[    0.307173] pci_bus 0000:00: resource 1 mem: [0x000000-0xffffffff]
[    0.307175] pci_bus 0000:02: resource 0 io:  [0x2000-0x2fff]
[    0.307177] pci_bus 0000:02: resource 1 mem: [0xfc000000-0xfdffffff]
[    0.307178] pci_bus 0000:02: resource 2 pref mem [0xf8000000-0xf80fffff]
[    0.307180] pci_bus 0000:03: resource 0 io:  [0x3000-0x3fff]
[    0.307182] pci_bus 0000:03: resource 1 mem: [0xdc000000-0xdf3fffff]
[    0.307184] pci_bus 0000:03: resource 2 pref mem [0xdfe00000-0xdfefffff]
[    0.307186] pci_bus 0000:04: resource 0 io:  [0x4000-0x4fff]
[    0.307187] pci_bus 0000:04: resource 1 mem: [0xd8000000-0xd9ffffff]
[    0.307189] pci_bus 0000:04: resource 2 pref mem [0xdfb00000-0xdfbfffff]
[    0.307191] pci_bus 0000:05: resource 0 io:  [0x5000-0x5fff]
[    0.307193] pci_bus 0000:05: resource 1 mem: [0xd4000000-0xd5ffffff]
[    0.307195] pci_bus 0000:05: resource 2 pref mem [0xdf800000-0xdf8fffff]
[    0.307196] pci_bus 0000:0d: resource 0 io:  [0x6000-0x6fff]
[    0.307198] pci_bus 0000:0d: resource 1 mem: [0xd0000000-0xd1ffffff]
[    0.307200] pci_bus 0000:0d: resource 2 pref mem [0xdf500000-0xdf5fffff]
[    0.307202] pci_bus 0000:15: resource 0 io:  [0x7000-0xafff]
[    0.307203] pci_bus 0000:15: resource 1 mem: [0xf8300000-0xfbffffff]
[    0.307205] pci_bus 0000:15: resource 2 pref mem [0xf4000000-0xf7ffffff]
[    0.307207] pci_bus 0000:15: resource 3 io:  [0x00-0xffff]
[    0.307209] pci_bus 0000:15: resource 4 mem: [0x000000-0xffffffff]
[    0.307210] pci_bus 0000:16: resource 0 io:  [0x7000-0x70ff]
[    0.307212] pci_bus 0000:16: resource 1 io:  [0x7400-0x74ff]
[    0.307214] pci_bus 0000:16: resource 2 pref mem [0xf4000000-0xf7ffffff]
[    0.307216] pci_bus 0000:16: resource 3 mem: [0x40000000-0x43ffffff]
[    0.307223] NET: Registered protocol family 2
[    0.307320] RANDOM - __random32 called. Change num 7.  Value: 437d97bf	f373de51	f3b0f986
[    0.307322] RANDOM - random32 called.  Value: 437d97bf	f373de51	f3b0f986
[    0.307326] random 0000 0000 0000 5f8db4e5 4cfdf2a8: rand_read_num 3 get_random_bytes(4): sig fffffb64 5f8db4e5 4cfdf2a8
[    0.307328] random 0000 0000 0000 5f8db4e5 4cfdf2a8: extract_entropy(.. 4 ..)
[    0.307331] random 0000 0000 0000 5f8db4e5 4cfdf2a8: going to reseed nonblocking with 64 bits (32 of 0 requested)
[    0.307333] random 0000 0000 0000 5f8db4e5 4cfdf2a8: extract_entropy(.. 8 ..)
[    0.307335] random 0000 0000 0000 5f8db4e5 4cfdf2a8: trying to extract 64 bits from input
[    0.307337] random 0000 0000 0000 5f8db4e5 4cfdf2a8: debiting 0 entropy credits from input
[    0.307339] random 0000 0000 0000 5f8db4e5 4cfdf2a8: extract_entropy account returned: 0 
[    0.307342] random 0000 0000 0000 5f8db4e5 4cfdf2a8: urand_change_num 5 xfer_secondary_pool(4): pool_sig fffffb64, data_sig 00000000, bytes_mixed 0 5f8db4e5 4cfdf2a8
[    0.307345] random 0000 0000 0000 5f8db4e5 4cfdf2a8: trying to extract 32 bits from nonblocking
[    0.307347] random 0000 0000 0000 5f8db4e5 4cfdf2a8: debiting 32 entropy credits from nonblocking (unlimited)
[    0.307349] random 0000 0000 0000 5f8db4e5 4cfdf2a8: extract_entropy account returned: 4 
[    0.307353] random 0000 0000 0000 5f8db4e5 4cfdf2a8: urand_change_num 6 extract_buf: pool_sig fffffb64, data_sig 00000241, bytes_mixed 20 5f8db4e5 4cfdf2a8
[    0.307363] IP route cache hash table entries: 32768 (order: 5, 131072 bytes)
[    0.307493] RANDOM - __random32 called. Change num 8.  Value: d97bfe31	373de51f	f30dc6e6
[    0.307495] RANDOM - random32 called.  Value: d97bfe31	373de51f	f30dc6e6
[    0.307505] RANDOM - __random32 called. Change num 9.  Value: bfe314d7	73de51f5	8dcd6c7e
[    0.307507] RANDOM - random32 called.  Value: bfe314d7	73de51f5	8dcd6c7e
[    0.307509] RANDOM - __random32 called. Change num 10.  Value: 314d7baf	3de51f5e	d8fc74c1
[    0.307510] RANDOM - random32 called.  Value: 314d7baf	3de51f5e	d8fc74c1
[    0.307521] RANDOM - __random32 called. Change num 11.  Value: d7baf3c7	de51f5e5	e983e3fa
[    0.307522] RANDOM - random32 called.  Value: d7baf3c7	de51f5e5	e983e3fa
[    0.307532] TCP established hash table entries: 131072 (order: 8, 1048576 bytes)
[    0.308034] TCP bind hash table entries: 65536 (order: 6, 262144 bytes)
[    0.308222] TCP: Hash tables configured (established 131072 bind 65536)
[    0.308316] TCP reno registered
[    0.308421] NET: Registered protocol family 1
[    0.308537] RPC: Registered udp transport module.
[    0.308630] RPC: Registered tcp transport module.
[    0.308716] RPC: Registered tcp NFSv4.1 backchannel transport module.
[    0.308812] pci 0000:00:02.0: Boot video device
[    0.309056] Simple Boot Flag at 0x35 set to 0x1
[    0.309569] highmem bounce pool size: 64 pages
[    0.311151] VFS: Disk quotas dquot_6.5.2
[    0.311272] Dquot-cache hash table entries: 1024 (order 0, 4096 bytes)
[    0.311946] NTFS driver 2.1.29 [Flags: R/W].
[    0.312105] ROMFS MTD (C) 2007 Red Hat, Inc.
[    0.312316] JFS: nTxBlock = 7695, nTxLock = 61562
[    0.314780] SGI XFS with ACLs, security attributes, large block/inode numbers, no debug enabled
[    0.315294] SGI XFS Quota Management subsystem
[    0.315577] Slow work thread pool: Starting up
[    0.315680] Slow work thread pool: Ready
[    0.315774] GFS2 (built May 24 2013 02:47:17) installed
[    0.315879] msgmni has been set to 1734
[    0.316050] alg: No test for cipher_null (cipher_null-generic)
[    0.316152] alg: No test for ecb(cipher_null) (ecb-cipher_null)
[    0.316253] alg: No test for digest_null (digest_null-generic)
[    0.316353] alg: No test for compress_null (compress_null-generic)
[    0.316917] alg: No test for fcrypt (fcrypt-generic)
[    0.318334] alg: No test for stdrng (krng)
[    0.318431] async_tx: api initialized (async)
[    0.318584] Block layer SCSI generic (bsg) driver version 0.4 loaded (major 254)
[    0.318706] io scheduler noop registered
[    0.318793] io scheduler anticipatory registered
[    0.318891] io scheduler deadline registered
[    0.319026] io scheduler cfq registered (default)
[    0.319265] pcieport 0000:00:1c.0: irq 24 for MSI/MSI-X
[    0.319282] pcieport 0000:00:1c.0: setting latency timer to 64
[    0.319470] pcieport 0000:00:1c.1: irq 25 for MSI/MSI-X
[    0.319481] pcieport 0000:00:1c.1: setting latency timer to 64
[    0.319657] pcieport 0000:00:1c.2: irq 26 for MSI/MSI-X
[    0.319668] pcieport 0000:00:1c.2: setting latency timer to 64
[    0.319843] pcieport 0000:00:1c.3: irq 27 for MSI/MSI-X
[    0.319869] pcieport 0000:00:1c.3: setting latency timer to 64
[    0.320046] pcieport 0000:00:1c.4: irq 28 for MSI/MSI-X
[    0.320055] pcieport 0000:00:1c.4: setting latency timer to 64
[    0.320205] pci_hotplug: PCI Hot Plug PCI Core version: 0.5
[    0.320405] isapnp: Scanning for PnP cards...
[    0.680939] isapnp: No Plug & Play device found
[    0.681028] random 0000 0000 0000 5f8db4e5 4cfdf2a8: initializing
[    0.700535] Serial: 8250/16550 driver, 4 ports, IRQ sharing enabled
[    3.711617] floppy0: no floppy controllers found
[    3.712560] brd: module loaded
[    3.713066] loop: module loaded
[    3.713154] Compaq SMART2 Driver (v 2.6.0)
[    3.713276] HP CISS Driver (v 3.6.20)
[    3.713521] input: Macintosh mouse button emulation as /devices/virtual/input/input0
[    3.713664] Uniform Multi-Platform E-IDE driver
[    3.713890] piix 0000:00:1f.1: IDE controller (0x8086:0x2850 rev 0x03)
[    3.713995] pci 0000:00:1f.1: PCI INT C -> GSI 16 (level, low) -> IRQ 16
[    3.714100] piix 0000:00:1f.1: IDE port disabled
[    3.714197] piix 0000:00:1f.1: not 100% native mode: will probe irqs later
[    3.714295]     ide0: BM-DMA at 0x1c00-0x1c07
[    3.714387] Probing IDE interface ide0...
[    4.385789] hda: HL-DT-ST DVDRAM GSA-U10N, ATAPI CD/DVD-ROM drive
[    4.692576] hda: host max PIO4 wanted PIO255(auto-tune) selected PIO4
[    4.693346] hda: UDMA/33 mode selected
[    4.693814] ide0 at 0x1f0-0x1f7,0x3f6 on irq 14
[    4.697718] ide-gd driver 1.18
[    4.697825] ide-cd driver 5.00
[    4.699215] ide-cd: hda: ATAPI 24X DVD-ROM DVD-R/RAM CD-R/RW drive, 2048kB Cache
[    4.699663] Uniform CD-ROM driver Revision: 3.20
[    4.706736] Loading iSCSI transport class v2.0-870.
[    4.707021] rdac: device handler registered
[    4.707118] hp_sw: device handler registered
[    4.707207] emc: device handler registered
[    4.707299] alua: device handler registered
[    4.708284] Adaptec aacraid driver 1.1-5[2461]-ms
[    4.708700] scsi: <fdomain> Detection failed (no card)
[    4.708799] sym53c416.c: Version 1.0.0-ac
[    4.708906] qlogicfas: no cards were found, please specify I/O address and IRQ using iobase= and irq= options
[    4.709033] QLogic Fibre Channel HBA Driver: 8.03.01-k6
[    4.709257] iscsi: registered transport (qla4xxx)
[    4.709365] QLogic iSCSI HBA Driver
[    4.709453] Emulex LightPulse Fibre Channel SCSI driver 8.3.4
[    4.709550] Copyright(c) 2004-2009 Emulex.  All rights reserved.
[    4.731562] Failed initialization of WD-7000 SCSI card!
[    4.821013] DC390: clustering now enabled by default. If you get problems load
[    4.821135]        with "disable_clustering=1" and report to maintainers
[    4.821269] megaraid cmm: 2.20.2.7 (Release Date: Sun Jul 16 00:01:03 EST 2006)
[    4.821420] megaraid: 2.20.5.1 (Release Date: Thu Nov 16 15:32:35 EST 2006)
[    4.821536] megasas: 00.00.04.01 Thu July 24 11:41:51 PST 2008
[    4.821668] GDT-HA: Storage RAID Controller Driver. Version: 3.05
[    4.821818] 3ware Storage Controller device driver for Linux v1.26.02.002.
[    4.821928] 3ware 9000 Storage Controller device driver for Linux v2.26.02.012.
[    4.822072] nsp32: loading...
[    4.822177] ipr: IBM Power RAID SCSI Device Driver version: 2.4.3 (June 10, 2009)
[    4.822321] RocketRAID 3xxx/4xxx Controller driver v1.6 (090910)
[    4.822431] stex: Promise SuperTrak EX Driver version: 4.6.0000.3
[    4.822577] st: Version 20081215, fixed bufsize 32768, s/g segs 256
[    4.822768] ahci 0000:00:1f.2: version 3.0
[    4.822781] ahci 0000:00:1f.2: PCI INT B -> GSI 16 (level, low) -> IRQ 16
[    4.822916] ahci 0000:00:1f.2: irq 29 for MSI/MSI-X
[    4.822974] ahci 0000:00:1f.2: AHCI 0001.0100 32 slots 3 ports 1.5 Gbps 0x5 impl SATA mode
[    4.823101] ahci 0000:00:1f.2: flags: 64bit ncq sntf pm led clo pio slum part ccc 
[    4.823225] ahci 0000:00:1f.2: setting latency timer to 64
[    4.823364] scsi2 : ahci
[    4.823525] scsi3 : ahci
[    4.823679] scsi4 : ahci
[    4.823846] ata1: SATA max UDMA/133 abar m2048@0xfe226000 port 0xfe226100 irq 29
[    4.823967] ata2: DUMMY
[    4.824053] ata3: SATA max UDMA/133 abar m2048@0xfe226000 port 0xfe226200 irq 29
[    4.824674] I2O subsystem v1.325
[    4.824763] i2o: max drivers = 8
[    4.824910] I2O Configuration OSM v1.323
[    4.825012] I2O Bus Adapter OSM v1.317
[    4.825115] I2O Block Device OSM v1.325
[    4.825263] I2O SCSI Peripheral OSM v1.316
[    4.825368] I2O ProcFS OSM v1.316
[    4.825474] Fusion MPT base driver 3.04.12
[    4.825577] Copyright (c) 1999-2008 LSI Corporation
[    4.825671] Fusion MPT SPI Host driver 3.04.12
[    4.825817] Fusion MPT FC Host driver 3.04.12
[    4.825927] Fusion MPT SAS Host driver 3.04.12
[    4.826079] ohci1394 0000:15:00.1: PCI INT B -> GSI 17 (level, low) -> IRQ 17
[    4.826175] ohci1394 0000:15:00.1: setting latency timer to 64
[    4.879572] ohci1394: fw-host0: OHCI-1394 1.1 (PCI): IRQ=[17]  MMIO=[f8301000-f83017ff]  Max Packet=[2048]  IR/IT contexts=[4/4]
[    4.882834] ehci_hcd: USB 2.0 'Enhanced' Host Controller (EHCI) Driver
[    4.883102] ehci_hcd 0000:00:1a.7: power state changed by ACPI to D0
[    4.883360] ehci_hcd 0000:00:1a.7: power state changed by ACPI to D0
[    4.883458] ehci_hcd 0000:00:1a.7: PCI INT C -> GSI 22 (level, low) -> IRQ 22
[    4.883564] ehci_hcd 0000:00:1a.7: setting latency timer to 64
[    4.883569] ehci_hcd 0000:00:1a.7: EHCI Host Controller
[    4.883706] ehci_hcd 0000:00:1a.7: new USB bus registered, assigned bus number 1
[    4.887752] ehci_hcd 0000:00:1a.7: cache line size of 32 is not supported
[    4.887759] ehci_hcd 0000:00:1a.7: irq 22, io mem 0xfe226c00
[    4.897531] ehci_hcd 0000:00:1a.7: USB 2.0 started, EHCI 1.00
[    4.897638] usb usb1: New USB device found, idVendor=1d6b, idProduct=0002
[    4.897730] usb usb1: New USB device strings: Mfr=3, Product=2, SerialNumber=1
[    4.897851] usb usb1: Product: EHCI Host Controller
[    4.897942] usb usb1: Manufacturer: Linux 2.6.32.57 ehci_hcd
[    4.898030] usb usb1: SerialNumber: 0000:00:1a.7
[    4.898175] usb usb1: configuration #1 chosen from 1 choice
[    4.898291] hub 1-0:1.0: USB hub found
[    4.898385] hub 1-0:1.0: 4 ports detected
[    4.898709] ehci_hcd 0000:00:1d.7: power state changed by ACPI to D0
[    4.898944] ehci_hcd 0000:00:1d.7: power state changed by ACPI to D0
[    4.899040] ehci_hcd 0000:00:1d.7: PCI INT D -> GSI 19 (level, low) -> IRQ 19
[    4.899144] ehci_hcd 0000:00:1d.7: setting latency timer to 64
[    4.899149] ehci_hcd 0000:00:1d.7: EHCI Host Controller
[    4.899276] ehci_hcd 0000:00:1d.7: new USB bus registered, assigned bus number 2
[    4.899427] ehci_hcd 0000:00:1d.7: debug port 1
[    4.903402] ehci_hcd 0000:00:1d.7: cache line size of 32 is not supported
[    4.903411] ehci_hcd 0000:00:1d.7: irq 19, io mem 0xfe227000
[    4.913531] ehci_hcd 0000:00:1d.7: USB 2.0 started, EHCI 1.00
[    4.913641] usb usb2: New USB device found, idVendor=1d6b, idProduct=0002
[    4.913734] usb usb2: New USB device strings: Mfr=3, Product=2, SerialNumber=1
[    4.913857] usb usb2: Product: EHCI Host Controller
[    4.913946] usb usb2: Manufacturer: Linux 2.6.32.57 ehci_hcd
[    4.914034] usb usb2: SerialNumber: 0000:00:1d.7
[    4.914175] usb usb2: configuration #1 chosen from 1 choice
[    4.914293] hub 2-0:1.0: USB hub found
[    4.914383] hub 2-0:1.0: 6 ports detected
[    4.914563] 116x: driver isp116x-hcd, 03 Nov 2005
[    4.914669] ohci_hcd: USB 1.1 'Open' Host Controller (OHCI) Driver
[    4.914786] uhci_hcd: USB Universal Host Controller Interface driver
[    4.914895] uhci_hcd 0000:00:1a.0: PCI INT A -> GSI 20 (level, low) -> IRQ 20
[    4.914992] uhci_hcd 0000:00:1a.0: setting latency timer to 64
[    4.914997] uhci_hcd 0000:00:1a.0: UHCI Host Controller
[    4.915125] uhci_hcd 0000:00:1a.0: new USB bus registered, assigned bus number 3
[    4.915276] uhci_hcd 0000:00:1a.0: irq 20, io base 0x00001860
[    4.915392] usb usb3: New USB device found, idVendor=1d6b, idProduct=0001
[    4.915482] usb usb3: New USB device strings: Mfr=3, Product=2, SerialNumber=1
[    4.915614] usb usb3: Product: UHCI Host Controller
[    4.915702] usb usb3: Manufacturer: Linux 2.6.32.57 uhci_hcd
[    4.915795] usb usb3: SerialNumber: 0000:00:1a.0
[    4.915933] usb usb3: configuration #1 chosen from 1 choice
[    4.916053] hub 3-0:1.0: USB hub found
[    4.916144] hub 3-0:1.0: 2 ports detected
[    4.916456] uhci_hcd 0000:00:1a.1: power state changed by ACPI to D0
[    4.916750] uhci_hcd 0000:00:1a.1: power state changed by ACPI to D0
[    4.916849] uhci_hcd 0000:00:1a.1: PCI INT B -> GSI 21 (level, low) -> IRQ 21
[    4.916948] uhci_hcd 0000:00:1a.1: setting latency timer to 64
[    4.916953] uhci_hcd 0000:00:1a.1: UHCI Host Controller
[    4.917081] uhci_hcd 0000:00:1a.1: new USB bus registered, assigned bus number 4
[    4.917229] uhci_hcd 0000:00:1a.1: irq 21, io base 0x00001880
[    4.917343] usb usb4: New USB device found, idVendor=1d6b, idProduct=0001
[    4.917436] usb usb4: New USB device strings: Mfr=3, Product=2, SerialNumber=1
[    4.917568] usb usb4: Product: UHCI Host Controller
[    4.917657] usb usb4: Manufacturer: Linux 2.6.32.57 uhci_hcd
[    4.917747] usb usb4: SerialNumber: 0000:00:1a.1
[    4.917883] usb usb4: configuration #1 chosen from 1 choice
[    4.918002] hub 4-0:1.0: USB hub found
[    4.918091] hub 4-0:1.0: 2 ports detected
[    4.918400] uhci_hcd 0000:00:1d.0: power state changed by ACPI to D0
[    4.918654] uhci_hcd 0000:00:1d.0: power state changed by ACPI to D0
[    4.918751] uhci_hcd 0000:00:1d.0: PCI INT A -> GSI 16 (level, low) -> IRQ 16
[    4.918850] uhci_hcd 0000:00:1d.0: setting latency timer to 64
[    4.918855] uhci_hcd 0000:00:1d.0: UHCI Host Controller
[    4.918986] uhci_hcd 0000:00:1d.0: new USB bus registered, assigned bus number 5
[    4.919140] uhci_hcd 0000:00:1d.0: irq 16, io base 0x000018a0
[    4.919256] usb usb5: New USB device found, idVendor=1d6b, idProduct=0001
[    4.919346] usb usb5: New USB device strings: Mfr=3, Product=2, SerialNumber=1
[    4.919465] usb usb5: Product: UHCI Host Controller
[    4.919565] usb usb5: Manufacturer: Linux 2.6.32.57 uhci_hcd
[    4.919655] usb usb5: SerialNumber: 0000:00:1d.0
[    4.919790] usb usb5: configuration #1 chosen from 1 choice
[    4.919910] hub 5-0:1.0: USB hub found
[    4.920002] hub 5-0:1.0: 2 ports detected
[    4.920144] uhci_hcd 0000:00:1d.1: PCI INT B -> GSI 17 (level, low) -> IRQ 17
[    4.920241] uhci_hcd 0000:00:1d.1: setting latency timer to 64
[    4.920246] uhci_hcd 0000:00:1d.1: UHCI Host Controller
[    4.920371] uhci_hcd 0000:00:1d.1: new USB bus registered, assigned bus number 6
[    4.920518] uhci_hcd 0000:00:1d.1: irq 17, io base 0x000018c0
[    4.920640] usb usb6: New USB device found, idVendor=1d6b, idProduct=0001
[    4.920729] usb usb6: New USB device strings: Mfr=3, Product=2, SerialNumber=1
[    4.920851] usb usb6: Product: UHCI Host Controller
[    4.920940] usb usb6: Manufacturer: Linux 2.6.32.57 uhci_hcd
[    4.921030] usb usb6: SerialNumber: 0000:00:1d.1
[    4.921166] usb usb6: configuration #1 chosen from 1 choice
[    4.921287] hub 6-0:1.0: USB hub found
[    4.921380] hub 6-0:1.0: 2 ports detected
[    4.921679] uhci_hcd 0000:00:1d.2: power state changed by ACPI to D0
[    4.921917] uhci_hcd 0000:00:1d.2: power state changed by ACPI to D0
[    4.922017] uhci_hcd 0000:00:1d.2: PCI INT C -> GSI 18 (level, low) -> IRQ 18
[    4.922115] uhci_hcd 0000:00:1d.2: setting latency timer to 64
[    4.922120] uhci_hcd 0000:00:1d.2: UHCI Host Controller
[    4.922249] uhci_hcd 0000:00:1d.2: new USB bus registered, assigned bus number 7
[    4.922403] uhci_hcd 0000:00:1d.2: irq 18, io base 0x000018e0
[    4.922518] usb usb7: New USB device found, idVendor=1d6b, idProduct=0001
[    4.922619] usb usb7: New USB device strings: Mfr=3, Product=2, SerialNumber=1
[    4.922740] usb usb7: Product: UHCI Host Controller
[    4.922831] usb usb7: Manufacturer: Linux 2.6.32.57 uhci_hcd
[    4.922919] usb usb7: SerialNumber: 0000:00:1d.2
[    4.923716] usb usb7: configuration #1 chosen from 1 choice
[    4.923836] hub 7-0:1.0: USB hub found
[    4.923930] hub 7-0:1.0: 2 ports detected
[    4.924089] sl811: driver sl811-hcd, 19 May 2005
[    4.924193] r8a66597_hcd: driver r8a66597_hcd, 2009-05-26
[    4.924368] Initializing USB Mass Storage driver...
[    4.924494] usbcore: registered new interface driver usb-storage
[    4.924591] USB Mass Storage support registered.
[    4.924703] usbcore: registered new interface driver ums-alauda
[    4.924812] usbcore: registered new interface driver ums-cypress
[    4.924924] usbcore: registered new interface driver ums-datafab
[    4.925033] usbcore: registered new interface driver ums-freecom
[    4.925141] usbcore: registered new interface driver ums-isd200
[    4.925250] usbcore: registered new interface driver ums-jumpshot
[    4.925359] usbcore: registered new interface driver ums-karma
[    4.925469] usbcore: registered new interface driver ums-onetouch
[    4.925596] usbcore: registered new interface driver ums-sddr09
[    4.925705] usbcore: registered new interface driver ums-sddr55
[    4.925814] usbcore: registered new interface driver ums-usbat
[    4.925960] PNP: PS/2 Controller [PNP0303:KBD,PNP0f13:MOU] at 0x60,0x64 irq 1,12
[    4.934769] serio: i8042 KBD port at 0x60,0x64 irq 1
[    4.934859] serio: i8042 AUX port at 0x60,0x64 irq 12
[    4.935101] mice: PS/2 mouse device common for all mice
[    4.935218] i2c /dev entries driver
[    4.935351] md: linear personality registered for level -1
[    4.935443] md: raid0 personality registered for level 0
[    4.935540] md: raid1 personality registered for level 1
[    4.935627] md: raid10 personality registered for level 10
[    4.935718] md: raid6 personality registered for level 6
[    4.935808] md: raid5 personality registered for level 5
[    4.935906] md: raid4 personality registered for level 4
[    4.935994] md: multipath personality registered for level -4
[    4.936186] device-mapper: ioctl: 4.15.0-ioctl (2009-04-01) initialised: dm-devel@redhat.com
[    4.936391] cpuidle: using governor ladder
[    4.937007] usbcore: registered new interface driver usbhid
[    4.937102] usbhid: v2.6:USB HID core driver
[    4.937244] random 0000 0000 0000 00000000 00000000: rand_read_num 4 get_random_bytes(136): sig 00000000 00000000 00000000
[    4.937246] random 0000 0000 0000 00000000 00000000: extract_entropy(.. 136 ..)
[    4.937249] random 0000 0000 0000 00000000 00000000: going to reseed nonblocking with 1024 bits (1088 of 0 requested)
[    4.937251] random 0000 0000 0000 00000000 00000000: extract_entropy(.. 128 ..)
[    4.937253] random 0000 0000 0000 00000000 00000000: trying to extract 1024 bits from input
[    4.937255] random 0000 0000 0000 00000000 00000000: debiting 0 entropy credits from input
[    4.937257] random 0000 0000 0000 00000000 00000000: extract_entropy account returned: 0 
[    4.937260] random 0000 0000 0000 00000000 00000000: urand_change_num 7 xfer_secondary_pool(136): pool_sig 00000000, data_sig 00000000, bytes_mixed 0 00000000 00000000
[    4.937263] random 0000 0000 0000 00000000 00000000: trying to extract 1088 bits from nonblocking
[    4.937266] random 0000 0000 0000 00000000 00000000: debiting 1088 entropy credits from nonblocking (unlimited)
[    4.937268] random 0000 0000 0000 00000000 00000000: extract_entropy account returned: 136 
[    4.937272] random 0000 0000 0000 00000000 00000000: urand_change_num 8 extract_buf: pool_sig 00000000, data_sig fffffff9, bytes_mixed 20 00000000 00000000
[    4.937278] random 0000 0000 0000 b7c35b56 be4dc95d: urand_change_num 9 extract_buf: pool_sig fffffd1e, data_sig 000000c5, bytes_mixed 20 b7c35b56 be4dc95d
[    4.937283] random 0000 0000 0000 ed9f5c47 c48487fb: urand_change_num 10 extract_buf: pool_sig fffff8ec, data_sig ffffff68, bytes_mixed 20 ed9f5c47 c48487fb
[    4.937288] random 0000 0000 0000 ed9f5c47 c48487fb: urand_change_num 11 extract_buf: pool_sig fffffaed, data_sig 000001aa, bytes_mixed 20 ed9f5c47 c48487fb
[    4.937293] random 0000 0000 0000 1b4f7c0a 91bd6a48: urand_change_num 12 extract_buf: pool_sig fffffdd8, data_sig 00000064, bytes_mixed 20 1b4f7c0a 91bd6a48
[    4.937299] random 0000 0000 0000 a254b9bc 20e9a24f: urand_change_num 13 extract_buf: pool_sig fffffbe6, data_sig 000001dd, bytes_mixed 20 a254b9bc 20e9a24f
[    4.937304] random 0000 0000 0000 a254b9bc 20e9a24f: urand_change_num 14 extract_buf: pool_sig fffff940, data_sig fffffe20, bytes_mixed 20 a254b9bc 20e9a24f
[    4.937309] random 0000 0000 0000 2831a66b 5fa2a3ad: urand_change_num 15 extract_buf: pool_sig fffffbce, data_sig 0000007e, bytes_mixed 20 2831a66b 5fa2a3ad
[    4.937314] random 0000 0000 0000 2831a66b 5fa2a3ad: urand_change_num 16 extract_buf: pool_sig 000004df, data_sig fffffe8f, bytes_mixed 20 2831a66b 5fa2a3ad
[    4.937320] random 0000 0000 0000 d4512bfd c9a54e0b: urand_change_num 17 extract_buf: pool_sig 00000485, data_sig fffffe68, bytes_mixed 20 d4512bfd c9a54e0b
[    4.937325] random 0000 0000 0000 c7371be6 f9ffea11: urand_change_num 18 extract_buf: pool_sig 00000095, data_sig ffffffed, bytes_mixed 20 c7371be6 f9ffea11
[    4.937330] random 0000 0000 0000 c7371be6 f9ffea11: urand_change_num 19 extract_buf: pool_sig 000003a7, data_sig fffffefa, bytes_mixed 20 c7371be6 f9ffea11
[    4.937335] random 0000 0000 0000 8fb4b62c d1ddba54: urand_change_num 20 extract_buf: pool_sig 00000179, data_sig ffffff78, bytes_mixed 20 8fb4b62c d1ddba54
[    4.937340] random 0000 0000 0000 9ff19f9c c07a1d2a: urand_change_num 21 extract_buf: pool_sig fffffe88, data_sig 00000126, bytes_mixed 20 9ff19f9c c07a1d2a
[    4.937344] TCP cubic registered
[    4.937432] Initializing XFRM netlink socket
[    4.937542] NET: Registered protocol family 17
[    4.937638] Using IPI Shortcut mode
[    4.937731] random 0000 0000 0000 9ff19f9c c07a1d2a: rand_read_num 5 get_random_bytes(8): sig 0000031b 9ff19f9c c07a1d2a
[    4.937733] random 0000 0000 0000 9ff19f9c c07a1d2a: extract_entropy(.. 8 ..)
[    4.937735] random 0000 0000 0000 9ff19f9c c07a1d2a: going to reseed nonblocking with 64 bits (64 of 0 requested)
[    4.937737] random 0000 0000 0000 9ff19f9c c07a1d2a: extract_entropy(.. 8 ..)
[    4.937739] random 0000 0000 0000 9ff19f9c c07a1d2a: trying to extract 64 bits from input
[    4.937741] random 0000 0000 0000 9ff19f9c c07a1d2a: debiting 0 entropy credits from input
[    4.937743] random 0000 0000 0000 9ff19f9c c07a1d2a: extract_entropy account returned: 0 
[    4.937746] random 0000 0000 0000 9ff19f9c c07a1d2a: urand_change_num 22 xfer_secondary_pool(8): pool_sig 0000031b, data_sig 00000000, bytes_mixed 0 9ff19f9c c07a1d2a
[    4.937749] random 0000 0000 0000 9ff19f9c c07a1d2a: trying to extract 64 bits from nonblocking
[    4.937752] random 0000 0000 0000 9ff19f9c c07a1d2a: debiting 64 entropy credits from nonblocking (unlimited)
[    4.937754] random 0000 0000 0000 9ff19f9c c07a1d2a: extract_entropy account returned: 8 
[    4.937758] random 0000 0000 0000 9ff19f9c c07a1d2a: urand_change_num 23 extract_buf: pool_sig 0000031b, data_sig ffffffb3, bytes_mixed 20 9ff19f9c c07a1d2a
[    4.940044] input: AT Translated Set 2 keyboard as /devices/platform/i8042/serio0/input/input1
[    5.129531] ata1: SATA link up 1.5 Gbps (SStatus 113 SControl 300)
[    5.129648] ata3: SATA link down (SStatus 0 SControl 300)
[    5.131948] ata1.00: ACPI cmd ef/02:00:00:00:00:a0 (SET FEATURES) succeeded
[    5.131951] ata1.00: ACPI cmd f5/00:00:00:00:00:a0 (SECURITY FREEZE LOCK) filtered out
[    5.133340] ata1.00: ACPI cmd ef/5f:00:00:00:00:a0 (SET FEATURES) succeeded
[    5.133342] ata1.00: ACPI cmd ef/10:03:00:00:00:a0 (SET FEATURES) filtered out
[    5.135252] ata1.00: ATA-7: ST910021AS, 4.06, max UDMA/100
[    5.135344] ata1.00: 195371568 sectors, multi 16: LBA48 
[    5.137490] ata1.00: ACPI cmd ef/02:00:00:00:00:a0 (SET FEATURES) succeeded
[    5.137493] ata1.00: ACPI cmd f5/00:00:00:00:00:a0 (SECURITY FREEZE LOCK) filtered out
[    5.138886] ata1.00: ACPI cmd ef/5f:00:00:00:00:a0 (SET FEATURES) succeeded
[    5.138889] ata1.00: ACPI cmd ef/10:03:00:00:00:a0 (SET FEATURES) filtered out
[    5.140815] ata1.00: configured for UDMA/100
[    5.151578] scsi 2:0:0:0: Direct-Access     ATA      ST910021AS       4.06 PQ: 0 ANSI: 5
[    5.151858] sd 2:0:0:0: [sda] 195371568 512-byte logical blocks: (100 GB/93.1 GiB)
[    5.152004] sd 2:0:0:0: [sda] Write Protect is off
[    5.152092] sd 2:0:0:0: [sda] Mode Sense: 00 3a 00 00
[    5.152104] sd 2:0:0:0: [sda] Write cache: enabled, read cache: enabled, doesn't support DPO or FUA
[    5.152293]  sda:
[    5.216511] usb 2-1: new high speed USB device using ehci_hcd and address 2
[    5.365795] usb 2-1: New USB device found, idVendor=0e8d, idProduct=1806
[    5.365882] usb 2-1: New USB device strings: Mfr=1, Product=2, SerialNumber=3
[    5.365976] usb 2-1: Product: MT1806 
[    5.366065] usb 2-1: Manufacturer: MediaTek Inc
[    5.366152] usb 2-1: SerialNumber: R8KN6GAC800AEB 
[    5.366289] usb 2-1: configuration #1 chosen from 1 choice
[    5.372587] scsi5 : SCSI emulation for USB Mass Storage devices
[    5.372758] usb-storage: device found at 2
[    5.372760] usb-storage: waiting for device to settle before scanning
[    5.572887]  sda1 sda2
[    5.573611] sd 2:0:0:0: [sda] Attached SCSI disk
[    5.573705] random 0000 0000 0000 277f73c3 42024bb9: rand_read_num 6 get_random_bytes(12): sig 000007e9 277f73c3 42024bb9
[    5.573707] random 0000 0000 0000 277f73c3 42024bb9: extract_entropy(.. 12 ..)
[    5.573709] random 0000 0000 0000 277f73c3 42024bb9: going to reseed nonblocking with 96 bits (96 of 0 requested)
[    5.573712] random 0000 0000 0000 277f73c3 42024bb9: extract_entropy(.. 12 ..)
[    5.573714] random 0000 0000 0000 277f73c3 42024bb9: trying to extract 96 bits from input
[    5.573716] random 0000 0000 0000 277f73c3 42024bb9: debiting 0 entropy credits from input
[    5.573718] random 0000 0000 0000 277f73c3 42024bb9: extract_entropy account returned: 0 
[    5.573721] random 0000 0000 0000 277f73c3 42024bb9: urand_change_num 24 xfer_secondary_pool(12): pool_sig 000007e9, data_sig 00000000, bytes_mixed 0 277f73c3 42024bb9
[    5.573723] random 0000 0000 0000 277f73c3 42024bb9: trying to extract 96 bits from nonblocking
[    5.573726] random 0000 0000 0000 277f73c3 42024bb9: debiting 96 entropy credits from nonblocking (unlimited)
[    5.573728] random 0000 0000 0000 277f73c3 42024bb9: extract_entropy account returned: 12 
[    5.573732] random 0000 0000 0000 277f73c3 42024bb9: urand_change_num 25 extract_buf: pool_sig 000007e9, data_sig 00000088, bytes_mixed 20 277f73c3 42024bb9
[    5.573737] random 0000 0000 0000 277f73c3 42024bb9: urand_change_num 26 extract_buf: pool_sig 00000498, data_sig fffffefb, bytes_mixed 20 277f73c3 42024bb9
[    5.573740] RANDOM - __seed init called.
[    5.573741] RANDOM - __seed init called.
[    5.573742] RANDOM - __seed init called.
[    5.573744] RANDOM - __random32 called. Change num 12.  Value: 87f14767	f0d7351	b1e48bd3
[    5.573745] RANDOM - random32_reseed called.  Value: 87f14767	f0d7351	b1e48bd3
[    5.573748] Pid: 1, comm: swapper Not tainted 2.6.32.57 #3
[    5.573838] Call Trace:
[    5.573926]  [<c1923ca4>] ? random32_reseed+0xa0/0xb1
[    5.574017]  [<c1923c04>] ? random32_reseed+0x0/0xb1
[    5.574110]  [<c100111e>] ? do_one_initcall+0x2e/0x180
[    5.574204]  [<c1907265>] ? kernel_init+0xad/0x103
[    5.574301]  [<c19071b8>] ? kernel_init+0x0/0x103
[    5.574393]  [<c1003787>] ? kernel_thread_helper+0x7/0x10
[    5.574923] random 0000 0000 0000 386b4e60 ee4d4880: rand_read_num 7 get_random_bytes(64): sig fffffea5 386b4e60 ee4d4880
[    5.574926] random 0000 0000 0000 386b4e60 ee4d4880: extract_entropy(.. 64 ..)
[    5.574928] random 0000 0000 0000 386b4e60 ee4d4880: going to reseed nonblocking with 512 bits (512 of 0 requested)
[    5.574930] random 0000 0000 0000 386b4e60 ee4d4880: extract_entropy(.. 64 ..)
[    5.574932] random 0000 0000 0000 386b4e60 ee4d4880: trying to extract 512 bits from input
[    5.574934] random 0000 0000 0000 386b4e60 ee4d4880: debiting 0 entropy credits from input
[    5.574936] random 0000 0000 0000 386b4e60 ee4d4880: extract_entropy account returned: 0 
[    5.574939] random 0000 0000 0000 386b4e60 ee4d4880: urand_change_num 27 xfer_secondary_pool(64): pool_sig fffffea5, data_sig 00000000, bytes_mixed 0 386b4e60 ee4d4880
[    5.574942] random 0000 0000 0000 386b4e60 ee4d4880: trying to extract 512 bits from nonblocking
[    5.574945] random 0000 0000 0000 386b4e60 ee4d4880: debiting 512 entropy credits from nonblocking (unlimited)
[    5.574947] random 0000 0000 0000 386b4e60 ee4d4880: extract_entropy account returned: 64 
[    5.574951] random 0000 0000 0000 386b4e60 ee4d4880: urand_change_num 28 extract_buf: pool_sig fffffea5, data_sig 00000173, bytes_mixed 20 386b4e60 ee4d4880
[    5.574956] random 0000 0000 0000 412698f6 0cc8689a: urand_change_num 29 extract_buf: pool_sig 00000122, data_sig ffffff63, bytes_mixed 20 412698f6 0cc8689a
[    5.574962] random 0000 0000 0000 412698f6 0cc8689a: urand_change_num 30 extract_buf: pool_sig 000001f7, data_sig 00000012, bytes_mixed 20 412698f6 0cc8689a
[    5.574967] random 0000 0000 0000 9669941e 06f768b1: urand_change_num 31 extract_buf: pool_sig fffffb5b, data_sig 0000003f, bytes_mixed 20 9669941e 06f768b1
[    5.574972] random 0000 0000 0000 98486520 995551f0: urand_change_num 32 extract_buf: pool_sig fffffb39, data_sig 0000000e, bytes_mixed 20 98486520 995551f0
[    5.574977] random 0000 0000 0000 98486520 995551f0: urand_change_num 33 extract_buf: pool_sig fffffd8d, data_sig 000001a6, bytes_mixed 20 98486520 995551f0
[    5.574982] random 0000 0000 0000 61fc8914 d5882ed2: urand_change_num 34 extract_buf: pool_sig fffffa58, data_sig 0000023e, bytes_mixed 20 61fc8914 d5882ed2
[    5.575011] random 0000 0000 0000 61fc8914 d5882ed2: rand_read_num 8 get_random_bytes(64): sig fffff9ee 61fc8914 d5882ed2
[    5.575013] random 0000 0000 0000 61fc8914 d5882ed2: extract_entropy(.. 64 ..)
[    5.575016] random 0000 0000 0000 61fc8914 d5882ed2: going to reseed nonblocking with 512 bits (512 of 0 requested)
[    5.575018] random 0000 0000 0000 61fc8914 d5882ed2: extract_entropy(.. 64 ..)
[    5.575020] random 0000 0000 0000 61fc8914 d5882ed2: trying to extract 512 bits from input
[    5.575022] random 0000 0000 0000 61fc8914 d5882ed2: debiting 0 entropy credits from input
[    5.575024] random 0000 0000 0000 61fc8914 d5882ed2: extract_entropy account returned: 0 
[    5.575027] random 0000 0000 0000 61fc8914 d5882ed2: urand_change_num 35 xfer_secondary_pool(64): pool_sig fffff9ee, data_sig 00000000, bytes_mixed 0 61fc8914 d5882ed2
[    5.575030] random 0000 0000 0000 61fc8914 d5882ed2: trying to extract 512 bits from nonblocking
[    5.575032] random 0000 0000 0000 61fc8914 d5882ed2: debiting 512 entropy credits from nonblocking (unlimited)
[    5.575034] random 0000 0000 0000 61fc8914 d5882ed2: extract_entropy account returned: 64 
[    5.575038] random 0000 0000 0000 61fc8914 d5882ed2: urand_change_num 36 extract_buf: pool_sig fffff9ee, data_sig ffffff85, bytes_mixed 20 61fc8914 d5882ed2
[    5.575043] random 0000 0000 0000 70cfd302 e5edec11: urand_change_num 37 extract_buf: pool_sig fffffdc1, data_sig ffffffde, bytes_mixed 20 70cfd302 e5edec11
[    5.575048] random 0000 0000 0000 00dab838 eafd2b30: urand_change_num 38 extract_buf: pool_sig 000003da, data_sig ffffff61, bytes_mixed 20 00dab838 eafd2b30
[    5.575054] random 0000 0000 0000 00dab838 eafd2b30: urand_change_num 39 extract_buf: pool_sig 00000314, data_sig 00000121, bytes_mixed 20 00dab838 eafd2b30
[    5.575059] random 0000 0000 0000 5fcdf66a 6442b608: urand_change_num 40 extract_buf: pool_sig 0000028b, data_sig fffffefd, bytes_mixed 20 5fcdf66a 6442b608
[    5.575064] random 0000 0000 0000 61333f6b 8fae0f9b: urand_change_num 41 extract_buf: pool_sig 000000cb, data_sig 000000b3, bytes_mixed 20 61333f6b 8fae0f9b
[    5.575069] random 0000 0000 0000 61333f6b 8fae0f9b: urand_change_num 42 extract_buf: pool_sig fffffef8, data_sig 00000051, bytes_mixed 20 61333f6b 8fae0f9b
[    5.575072] BEGIN NET_SECRET:
[    5.575073] \xffffffe0
[    5.575074] \xffffffb6
[    5.575074] \x36
[    5.575075] \xffffffb5
[    5.575076] \xffffff94
[    5.575077] \xffffffb2
[    5.575078] \xffffffa8
[    5.575079] \xffffffda
[    5.575079] \x5b
[    5.575080] \x19
[    5.575081] \x18
[    5.575081] \x5c
[    5.575082] \x2b
[    5.575083] \x1
[    5.575084] \xffffff90
[    5.575085] \x19
[    5.575085] \x3c
[    5.575086] \xfffffff2
[    5.575087] \xffffff82
[    5.575088] \x2a
[    5.575089] \xffffffb3
[    5.575089] \xffffffa2
[    5.575090] \x3f
[    5.575091] \x5
[    5.575092] \x52
[    5.575092] \x77
[    5.575093] \x57
[    5.575094] \x79
[    5.575094] \x16
[    5.575095] \x43
[    5.575096] \xffffff84
[    5.575097] \xffffffc3
[    5.575097] \xffffffe9
[    5.575098] \x79
[    5.575099] \x50
[    5.575100] \xffffff8e
[    5.575100] \x3f
[    5.575101] \xfffffff3
[    5.575102] \x19
[    5.575103] \x2a
[    5.575103] \xfffffffd
[    5.575104] \xfffffffb
[    5.575105] \x62
[    5.575106] \x3c
[    5.575106] \xffffffac
[    5.575107] \x1c
[    5.575108] \x3b
[    5.575109] \x3b
[    5.575109] \x15
[    5.575110] \x27
[    5.575111] \xffffffa8
[    5.575112] \x22
[    5.575112] \xffffffc5
[    5.575113] \xffffff9a
[    5.575114] \x5
[    5.575115] \x6c
[    5.575115] \xffffffa8
[    5.575116] \x3a
[    5.575117] \x44
[    5.575118] \xffffffaf
[    5.575118] \x13
[    5.575119] \xffffffe0
[    5.575120] \xffffff9d
[    5.575121] \x22
[    5.575121] 
[    5.575122] END NET_SECRET
[    5.575125] random 0000 0000 0000 e7f555d9 e8ce5c3c: rand_read_num 9 get_random_bytes(4): sig 0000068c e7f555d9 e8ce5c3c
[    5.575127] random 0000 0000 0000 e7f555d9 e8ce5c3c: extract_entropy(.. 4 ..)
[    5.575129] random 0000 0000 0000 e7f555d9 e8ce5c3c: going to reseed nonblocking with 64 bits (32 of 0 requested)
[    5.575131] random 0000 0000 0000 e7f555d9 e8ce5c3c: extract_entropy(.. 8 ..)
[    5.575133] random 0000 0000 0000 e7f555d9 e8ce5c3c: trying to extract 64 bits from input
[    5.575135] random 0000 0000 0000 e7f555d9 e8ce5c3c: debiting 0 entropy credits from input
[    5.575137] random 0000 0000 0000 e7f555d9 e8ce5c3c: extract_entropy account returned: 0 
[    5.575140] random 0000 0000 0000 e7f555d9 e8ce5c3c: urand_change_num 43 xfer_secondary_pool(4): pool_sig 0000068c, data_sig 00000000, bytes_mixed 0 e7f555d9 e8ce5c3c
[    5.575143] random 0000 0000 0000 e7f555d9 e8ce5c3c: trying to extract 32 bits from nonblocking
[    5.575145] random 0000 0000 0000 e7f555d9 e8ce5c3c: debiting 32 entropy credits from nonblocking (unlimited)
[    5.575147] random 0000 0000 0000 e7f555d9 e8ce5c3c: extract_entropy account returned: 4 
[    5.575151] random 0000 0000 0000 e7f555d9 e8ce5c3c: urand_change_num 44 extract_buf: pool_sig 0000068c, data_sig fffffdcb, bytes_mixed 20 e7f555d9 e8ce5c3c
[    5.575163] md: Waiting for all devices to be available before autodetect
[    5.575256] md: If you don't use raid, use raid=noautodetect
[    5.575423] md: Autodetecting RAID arrays.
[    5.575521] md: Scanned 0 and added 0 devices.
[    5.575609] md: autorun ...
[    5.575699] md: ... autorun DONE.
[    5.590336] EXT3-fs: sda2: couldn't mount because of unsupported optional features (240).
[    5.590566] EXT2-fs: sda2: couldn't mount because of unsupported optional features (240).
[    5.591843] random 0000 0000 0000 e7f555d9 e8ce5c3c: rand_read_num 10 get_random_bytes(4): sig ffffff72 e7f555d9 e8ce5c3c
[    5.591846] random 0000 0000 0000 e7f555d9 e8ce5c3c: extract_entropy(.. 4 ..)
[    5.591848] random 0000 0000 0000 e7f555d9 e8ce5c3c: going to reseed nonblocking with 64 bits (32 of 0 requested)
[    5.591850] random 0000 0000 0000 e7f555d9 e8ce5c3c: extract_entropy(.. 8 ..)
[    5.591853] random 0000 0000 0000 e7f555d9 e8ce5c3c: trying to extract 64 bits from input
[    5.591855] random 0000 0000 0000 e7f555d9 e8ce5c3c: debiting 0 entropy credits from input
[    5.591857] random 0000 0000 0000 e7f555d9 e8ce5c3c: extract_entropy account returned: 0 
[    5.591860] random 0000 0000 0000 e7f555d9 e8ce5c3c: urand_change_num 45 xfer_secondary_pool(4): pool_sig ffffff72, data_sig 00000000, bytes_mixed 0 e7f555d9 e8ce5c3c
[    5.591863] random 0000 0000 0000 e7f555d9 e8ce5c3c: trying to extract 32 bits from nonblocking
[    5.591865] random 0000 0000 0000 e7f555d9 e8ce5c3c: debiting 32 entropy credits from nonblocking (unlimited)
[    5.591867] random 0000 0000 0000 e7f555d9 e8ce5c3c: extract_entropy account returned: 4 
[    5.591871] random 0000 0000 0000 e7f555d9 e8ce5c3c: urand_change_num 46 extract_buf: pool_sig ffffff72, data_sig ffffff72, bytes_mixed 20 e7f555d9 e8ce5c3c
[    5.627021] EXT4-fs (sda2): mounted filesystem with ordered data mode
[    5.627222] VFS: Mounted root (ext4 filesystem) readonly on device 8:2.
[    5.627326] Freeing unused kernel memory: 448k freed
[    5.705960] random 0000 0000 0000 91716c54 eeb6a1e7: rand_read_num 11 get_random_bytes(16): sig fffffcad 91716c54 eeb6a1e7
[    5.705962] random 0000 0000 0000 91716c54 eeb6a1e7: extract_entropy(.. 16 ..)
[    5.705965] random 0000 0000 0000 91716c54 eeb6a1e7: going to reseed nonblocking with 128 bits (128 of 0 requested)
[    5.705967] random 0000 0000 0000 91716c54 eeb6a1e7: extract_entropy(.. 16 ..)
[    5.705969] random 0000 0000 0000 91716c54 eeb6a1e7: trying to extract 128 bits from input
[    5.705971] random 0000 0000 0000 91716c54 eeb6a1e7: debiting 0 entropy credits from input
[    5.705973] random 0000 0000 0000 91716c54 eeb6a1e7: extract_entropy account returned: 0 
[    5.705976] random 0000 0000 0000 91716c54 eeb6a1e7: urand_change_num 47 xfer_secondary_pool(16): pool_sig fffffcad, data_sig 00000000, bytes_mixed 0 91716c54 eeb6a1e7
[    5.705979] random 0000 0000 0000 91716c54 eeb6a1e7: trying to extract 128 bits from nonblocking
[    5.705981] random 0000 0000 0000 91716c54 eeb6a1e7: debiting 128 entropy credits from nonblocking (unlimited)
[    5.705983] random 0000 0000 0000 91716c54 eeb6a1e7: extract_entropy account returned: 16 
[    5.705987] random 0000 0000 0000 91716c54 eeb6a1e7: urand_change_num 48 extract_buf: pool_sig fffffcad, data_sig ffffff19, bytes_mixed 20 91716c54 eeb6a1e7
[    5.705993] random 0000 0000 0000 fd637b06 6cf47bc1: urand_change_num 49 extract_buf: pool_sig fffffede, data_sig ffffffc1, bytes_mixed 20 fd637b06 6cf47bc1
[    5.792705] random 0000 0000 0000 fd637b06 6cf47bc1: rand_read_num 12 get_random_bytes(16): sig 0000033b fd637b06 6cf47bc1
[    5.792708] random 0000 0000 0000 fd637b06 6cf47bc1: extract_entropy(.. 16 ..)
[    5.792711] random 0000 0000 0000 fd637b06 6cf47bc1: going to reseed nonblocking with 128 bits (128 of 0 requested)
[    5.792713] random 0000 0000 0000 fd637b06 6cf47bc1: extract_entropy(.. 16 ..)
[    5.792715] random 0000 0000 0000 fd637b06 6cf47bc1: trying to extract 128 bits from input
[    5.792717] random 0000 0000 0000 fd637b06 6cf47bc1: debiting 0 entropy credits from input
[    5.792719] random 0000 0000 0000 fd637b06 6cf47bc1: extract_entropy account returned: 0 
[    5.792722] random 0000 0000 0000 fd637b06 6cf47bc1: urand_change_num 50 xfer_secondary_pool(16): pool_sig 0000033b, data_sig 00000000, bytes_mixed 0 fd637b06 6cf47bc1
[    5.792725] random 0000 0000 0000 fd637b06 6cf47bc1: trying to extract 128 bits from nonblocking
[    5.792728] random 0000 0000 0000 fd637b06 6cf47bc1: debiting 128 entropy credits from nonblocking (unlimited)
[    5.792730] random 0000 0000 0000 fd637b06 6cf47bc1: extract_entropy account returned: 16 
[    5.792734] random 0000 0000 0000 fd637b06 6cf47bc1: urand_change_num 51 extract_buf: pool_sig 0000033b, data_sig 000000d8, bytes_mixed 20 fd637b06 6cf47bc1
[    5.792739] random 0000 0000 0000 0ec1f012 d4727ca8: urand_change_num 52 extract_buf: pool_sig fffffcf5, data_sig 00000016, bytes_mixed 20 0ec1f012 d4727ca8
[    6.155919] ieee1394: Host added: ID:BUS[0-00:1023]  GUID[00061b032a25f51c]
[    6.166613] random 0000 0000 0000 45b1d0b1 845a73f7: rand_read_num 13 get_random_bytes(16): sig 00000116 45b1d0b1 845a73f7
[    6.166615] random 0000 0000 0000 45b1d0b1 845a73f7: extract_entropy(.. 16 ..)
[    6.166618] random 0000 0000 0000 45b1d0b1 845a73f7: going to reseed nonblocking with 128 bits (128 of 0 requested)
[    6.166621] random 0000 0000 0000 45b1d0b1 845a73f7: extract_entropy(.. 16 ..)
[    6.166623] random 0000 0000 0000 45b1d0b1 845a73f7: trying to extract 128 bits from input
[    6.166625] random 0000 0000 0000 45b1d0b1 845a73f7: debiting 0 entropy credits from input
[    6.166627] random 0000 0000 0000 45b1d0b1 845a73f7: extract_entropy account returned: 0 
[    6.166630] random 0000 0000 0000 45b1d0b1 845a73f7: urand_change_num 53 xfer_secondary_pool(16): pool_sig 00000116, data_sig 00000000, bytes_mixed 0 45b1d0b1 845a73f7
[    6.166633] random 0000 0000 0000 45b1d0b1 845a73f7: trying to extract 128 bits from nonblocking
[    6.166635] random 0000 0000 0000 45b1d0b1 845a73f7: debiting 128 entropy credits from nonblocking (unlimited)
[    6.166637] random 0000 0000 0000 45b1d0b1 845a73f7: extract_entropy account returned: 16 
[    6.166641] random 0000 0000 0000 45b1d0b1 845a73f7: urand_change_num 54 extract_buf: pool_sig 00000116, data_sig fffffd8b, bytes_mixed 20 45b1d0b1 845a73f7
[    6.166647] random 0000 0000 0000 45b1d0b1 845a73f7: urand_change_num 55 extract_buf: pool_sig fffffc05, data_sig 00000109, bytes_mixed 20 45b1d0b1 845a73f7
[    6.219107] random 0000 0000 0000 5012cce3 b8a30621: rand_read_num 14 get_random_bytes(16): sig fffffb93 5012cce3 b8a30621
[    6.219110] random 0000 0000 0000 5012cce3 b8a30621: extract_entropy(.. 16 ..)
[    6.219112] random 0000 0000 0000 5012cce3 b8a30621: going to reseed nonblocking with 128 bits (128 of 0 requested)
[    6.219115] random 0000 0000 0000 5012cce3 b8a30621: extract_entropy(.. 16 ..)
[    6.219117] random 0000 0000 0000 5012cce3 b8a30621: trying to extract 128 bits from input
[    6.219119] random 0000 0000 0000 5012cce3 b8a30621: debiting 0 entropy credits from input
[    6.219121] random 0000 0000 0000 5012cce3 b8a30621: extract_entropy account returned: 0 
[    6.219124] random 0000 0000 0000 5012cce3 b8a30621: urand_change_num 56 xfer_secondary_pool(16): pool_sig fffffb93, data_sig 00000000, bytes_mixed 0 5012cce3 b8a30621
[    6.219127] random 0000 0000 0000 5012cce3 b8a30621: trying to extract 128 bits from nonblocking
[    6.219129] random 0000 0000 0000 5012cce3 b8a30621: debiting 128 entropy credits from nonblocking (unlimited)
[    6.219131] random 0000 0000 0000 5012cce3 b8a30621: extract_entropy account returned: 16 
[    6.219135] random 0000 0000 0000 5012cce3 b8a30621: urand_change_num 57 extract_buf: pool_sig fffffb93, data_sig ffffff35, bytes_mixed 20 5012cce3 b8a30621
[    6.219141] random 0000 0000 0000 5012cce3 b8a30621: urand_change_num 58 extract_buf: pool_sig fffffb9d, data_sig ffffff92, bytes_mixed 20 5012cce3 b8a30621
[    6.220504] random 0000 0000 0000 30a5721d 4b648ff6: rand_read_num 15 get_random_bytes(16): sig fffffeb5 30a5721d 4b648ff6
[    6.220507] random 0000 0000 0000 30a5721d 4b648ff6: extract_entropy(.. 16 ..)
[    6.220509] random 0000 0000 0000 30a5721d 4b648ff6: going to reseed nonblocking with 128 bits (128 of 0 requested)
[    6.220512] random 0000 0000 0000 30a5721d 4b648ff6: extract_entropy(.. 16 ..)
[    6.220514] random 0000 0000 0000 30a5721d 4b648ff6: trying to extract 128 bits from input
[    6.220516] random 0000 0000 0000 30a5721d 4b648ff6: debiting 0 entropy credits from input
[    6.220518] random 0000 0000 0000 30a5721d 4b648ff6: extract_entropy account returned: 0 
[    6.220521] random 0000 0000 0000 30a5721d 4b648ff6: urand_change_num 59 xfer_secondary_pool(16): pool_sig fffffeb5, data_sig 00000000, bytes_mixed 0 30a5721d 4b648ff6
[    6.220524] random 0000 0000 0000 30a5721d 4b648ff6: trying to extract 128 bits from nonblocking
[    6.220526] random 0000 0000 0000 30a5721d 4b648ff6: debiting 128 entropy credits from nonblocking (unlimited)
[    6.220528] random 0000 0000 0000 30a5721d 4b648ff6: extract_entropy account returned: 16 
[    6.220532] random 0000 0000 0000 30a5721d 4b648ff6: urand_change_num 60 extract_buf: pool_sig fffffeb5, data_sig 000000c2, bytes_mixed 20 30a5721d 4b648ff6
[    6.220538] random 0000 0000 0000 89bae1ab 704c432f: urand_change_num 61 extract_buf: pool_sig 0000006e, data_sig fffffefc, bytes_mixed 20 89bae1ab 704c432f
[    6.221084] random 0000 0000 0000 89bae1ab 704c432f: rand_read_num 16 get_random_bytes(16): sig fffffd99 89bae1ab 704c432f
[    6.221087] random 0000 0000 0000 89bae1ab 704c432f: extract_entropy(.. 16 ..)
[    6.221090] random 0000 0000 0000 89bae1ab 704c432f: going to reseed nonblocking with 128 bits (128 of 0 requested)
[    6.221092] random 0000 0000 0000 89bae1ab 704c432f: extract_entropy(.. 16 ..)
[    6.221094] random 0000 0000 0000 89bae1ab 704c432f: trying to extract 128 bits from input
[    6.221096] random 0000 0000 0000 89bae1ab 704c432f: debiting 0 entropy credits from input
[    6.221098] random 0000 0000 0000 89bae1ab 704c432f: extract_entropy account returned: 0 
[    6.221101] random 0000 0000 0000 89bae1ab 704c432f: urand_change_num 62 xfer_secondary_pool(16): pool_sig fffffd99, data_sig 00000000, bytes_mixed 0 89bae1ab 704c432f
[    6.221104] random 0000 0000 0000 89bae1ab 704c432f: trying to extract 128 bits from nonblocking
[    6.221106] random 0000 0000 0000 89bae1ab 704c432f: debiting 128 entropy credits from nonblocking (unlimited)
[    6.221109] random 0000 0000 0000 89bae1ab 704c432f: extract_entropy account returned: 16 
[    6.221113] random 0000 0000 0000 89bae1ab 704c432f: urand_change_num 63 extract_buf: pool_sig fffffd99, data_sig 00000204, bytes_mixed 20 89bae1ab 704c432f
[    6.221118] random 0000 0000 0000 6c298a02 2b1539f8: urand_change_num 64 extract_buf: pool_sig 00000124, data_sig fffffff5, bytes_mixed 20 6c298a02 2b1539f8
[    6.222019] random 0000 0000 0000 c77b8b35 70f6cab5: rand_read_num 17 get_random_bytes(16): sig 0000036b c77b8b35 70f6cab5
[    6.222022] random 0000 0000 0000 c77b8b35 70f6cab5: extract_entropy(.. 16 ..)
[    6.222024] random 0000 0000 0000 c77b8b35 70f6cab5: going to reseed nonblocking with 128 bits (128 of 0 requested)
[    6.222027] random 0000 0000 0000 c77b8b35 70f6cab5: extract_entropy(.. 16 ..)
[    6.222029] random 0000 0000 0000 c77b8b35 70f6cab5: trying to extract 128 bits from input
[    6.222031] random 0000 0000 0000 c77b8b35 70f6cab5: debiting 0 entropy credits from input
[    6.222033] random 0000 0000 0000 c77b8b35 70f6cab5: extract_entropy account returned: 0 
[    6.222036] random 0000 0000 0000 c77b8b35 70f6cab5: urand_change_num 65 xfer_secondary_pool(16): pool_sig 0000036b, data_sig 00000000, bytes_mixed 0 c77b8b35 70f6cab5
[    6.222039] random 0000 0000 0000 c77b8b35 70f6cab5: trying to extract 128 bits from nonblocking
[    6.222041] random 0000 0000 0000 c77b8b35 70f6cab5: debiting 128 entropy credits from nonblocking (unlimited)
[    6.222043] random 0000 0000 0000 c77b8b35 70f6cab5: extract_entropy account returned: 16 
[    6.222048] random 0000 0000 0000 c77b8b35 70f6cab5: urand_change_num 66 extract_buf: pool_sig 0000036b, data_sig 0000005f, bytes_mixed 20 c77b8b35 70f6cab5
[    6.222053] random 0000 0000 0000 c77b8b35 70f6cab5: urand_change_num 67 extract_buf: pool_sig ffffff1c, data_sig 0000005a, bytes_mixed 20 c77b8b35 70f6cab5
[    6.222642] random 0000 0000 0000 af21d212 57d20ca3: rand_read_num 18 get_random_bytes(16): sig fffffb7f af21d212 57d20ca3
[    6.222645] random 0000 0000 0000 af21d212 57d20ca3: extract_entropy(.. 16 ..)
[    6.222648] random 0000 0000 0000 af21d212 57d20ca3: going to reseed nonblocking with 128 bits (128 of 0 requested)
[    6.222650] random 0000 0000 0000 af21d212 57d20ca3: extract_entropy(.. 16 ..)
[    6.222652] random 0000 0000 0000 af21d212 57d20ca3: trying to extract 128 bits from input
[    6.222654] random 0000 0000 0000 af21d212 57d20ca3: debiting 0 entropy credits from input
[    6.222656] random 0000 0000 0000 af21d212 57d20ca3: extract_entropy account returned: 0 
[    6.222660] random 0000 0000 0000 af21d212 57d20ca3: urand_change_num 68 xfer_secondary_pool(16): pool_sig fffffb7f, data_sig 00000000, bytes_mixed 0 af21d212 57d20ca3
[    6.222662] random 0000 0000 0000 af21d212 57d20ca3: trying to extract 128 bits from nonblocking
[    6.222665] random 0000 0000 0000 af21d212 57d20ca3: debiting 128 entropy credits from nonblocking (unlimited)
[    6.222667] random 0000 0000 0000 af21d212 57d20ca3: extract_entropy account returned: 16 
[    6.222671] random 0000 0000 0000 af21d212 57d20ca3: urand_change_num 69 extract_buf: pool_sig fffffb7f, data_sig ffffff88, bytes_mixed 20 af21d212 57d20ca3
[    6.222676] random 0000 0000 0000 af21d212 57d20ca3: urand_change_num 70 extract_buf: pool_sig fffffe1d, data_sig ffffff17, bytes_mixed 20 af21d212 57d20ca3
[    6.223263] random 0000 0000 0000 ffbd26fd 21933274: rand_read_num 19 get_random_bytes(16): sig ffffffc7 ffbd26fd 21933274
[    6.223266] random 0000 0000 0000 ffbd26fd 21933274: extract_entropy(.. 16 ..)
[    6.223268] random 0000 0000 0000 ffbd26fd 21933274: going to reseed nonblocking with 128 bits (128 of 0 requested)
[    6.223270] random 0000 0000 0000 ffbd26fd 21933274: extract_entropy(.. 16 ..)
[    6.223272] random 0000 0000 0000 ffbd26fd 21933274: trying to extract 128 bits from input
[    6.223275] random 0000 0000 0000 ffbd26fd 21933274: debiting 0 entropy credits from input
[    6.223277] random 0000 0000 0000 ffbd26fd 21933274: extract_entropy account returned: 0 
[    6.223280] random 0000 0000 0000 ffbd26fd 21933274: urand_change_num 71 xfer_secondary_pool(16): pool_sig ffffffc7, data_sig 00000000, bytes_mixed 0 ffbd26fd 21933274
[    6.223283] random 0000 0000 0000 ffbd26fd 21933274: trying to extract 128 bits from nonblocking
[    6.223285] random 0000 0000 0000 ffbd26fd 21933274: debiting 128 entropy credits from nonblocking (unlimited)
[    6.223287] random 0000 0000 0000 ffbd26fd 21933274: extract_entropy account returned: 16 
[    6.223291] random 0000 0000 0000 ffbd26fd 21933274: urand_change_num 72 extract_buf: pool_sig ffffffc7, data_sig 0000013b, bytes_mixed 20 ffbd26fd 21933274
[    6.223297] random 0000 0000 0000 151530a2 56c65dd3: urand_change_num 73 extract_buf: pool_sig ffffffbf, data_sig 00000036, bytes_mixed 20 151530a2 56c65dd3
[    6.223853] random 0000 0000 0000 151530a2 56c65dd3: rand_read_num 20 get_random_bytes(16): sig 000001a7 151530a2 56c65dd3
[    6.223856] random 0000 0000 0000 151530a2 56c65dd3: extract_entropy(.. 16 ..)
[    6.223858] random 0000 0000 0000 151530a2 56c65dd3: going to reseed nonblocking with 128 bits (128 of 0 requested)
[    6.223861] random 0000 0000 0000 151530a2 56c65dd3: extract_entropy(.. 16 ..)
[    6.223863] random 0000 0000 0000 151530a2 56c65dd3: trying to extract 128 bits from input
[    6.223865] random 0000 0000 0000 151530a2 56c65dd3: debiting 0 entropy credits from input
[    6.223867] random 0000 0000 0000 151530a2 56c65dd3: extract_entropy account returned: 0 
[    6.223870] random 0000 0000 0000 151530a2 56c65dd3: urand_change_num 74 xfer_secondary_pool(16): pool_sig 000001a7, data_sig 00000000, bytes_mixed 0 151530a2 56c65dd3
[    6.223873] random 0000 0000 0000 151530a2 56c65dd3: trying to extract 128 bits from nonblocking
[    6.223875] random 0000 0000 0000 151530a2 56c65dd3: debiting 128 entropy credits from nonblocking (unlimited)
[    6.223877] random 0000 0000 0000 151530a2 56c65dd3: extract_entropy account returned: 16 
[    6.223881] random 0000 0000 0000 151530a2 56c65dd3: urand_change_num 75 extract_buf: pool_sig 000001a7, data_sig ffffffa1, bytes_mixed 20 151530a2 56c65dd3
[    6.223887] random 0000 0000 0000 5d3e132e d9a77eb3: urand_change_num 76 extract_buf: pool_sig fffffcc9, data_sig 00000013, bytes_mixed 20 5d3e132e d9a77eb3
[    6.274914] random 0000 0000 0000 264837ad 0a28fef5: rand_read_num 21 get_random_bytes(16): sig ffffffd0 264837ad 0a28fef5
[    6.274917] random 0000 0000 0000 264837ad 0a28fef5: extract_entropy(.. 16 ..)
[    6.274920] random 0000 0000 0000 264837ad 0a28fef5: going to reseed nonblocking with 128 bits (128 of 0 requested)
[    6.274922] random 0000 0000 0000 264837ad 0a28fef5: extract_entropy(.. 16 ..)
[    6.274924] random 0000 0000 0000 264837ad 0a28fef5: trying to extract 128 bits from input
[    6.274926] random 0000 0000 0000 264837ad 0a28fef5: debiting 0 entropy credits from input
[    6.274928] random 0000 0000 0000 264837ad 0a28fef5: extract_entropy account returned: 0 
[    6.274932] random 0000 0000 0000 264837ad 0a28fef5: urand_change_num 77 xfer_secondary_pool(16): pool_sig ffffffd0, data_sig 00000000, bytes_mixed 0 264837ad 0a28fef5
[    6.274935] random 0000 0000 0000 264837ad 0a28fef5: trying to extract 128 bits from nonblocking
[    6.274937] random 0000 0000 0000 264837ad 0a28fef5: debiting 128 entropy credits from nonblocking (unlimited)
[    6.274939] random 0000 0000 0000 264837ad 0a28fef5: extract_entropy account returned: 16 
[    6.274943] random 0000 0000 0000 264837ad 0a28fef5: urand_change_num 78 extract_buf: pool_sig ffffffd0, data_sig 0000017b, bytes_mixed 20 264837ad 0a28fef5
[    6.274949] random 0000 0000 0000 264837ad 0a28fef5: urand_change_num 79 extract_buf: pool_sig 0000045c, data_sig 000001df, bytes_mixed 20 264837ad 0a28fef5
[    6.276408] random 0000 0000 0000 f37f7344 164aede0: rand_read_num 22 get_random_bytes(16): sig 000003c2 f37f7344 164aede0
[    6.276410] random 0000 0000 0000 f37f7344 164aede0: extract_entropy(.. 16 ..)
[    6.276413] random 0000 0000 0000 f37f7344 164aede0: going to reseed nonblocking with 128 bits (128 of 0 requested)
[    6.276415] random 0000 0000 0000 f37f7344 164aede0: extract_entropy(.. 16 ..)
[    6.276417] random 0000 0000 0000 f37f7344 164aede0: trying to extract 128 bits from input
[    6.276420] random 0000 0000 0000 f37f7344 164aede0: debiting 0 entropy credits from input
[    6.276422] random 0000 0000 0000 f37f7344 164aede0: extract_entropy account returned: 0 
[    6.276425] random 0000 0000 0000 f37f7344 164aede0: urand_change_num 80 xfer_secondary_pool(16): pool_sig 000003c2, data_sig 00000000, bytes_mixed 0 f37f7344 164aede0
[    6.276433] random 0000 0000 0000 f37f7344 164aede0: trying to extract 128 bits from nonblocking
[    6.276436] random 0000 0000 0000 f37f7344 164aede0: debiting 128 entropy credits from nonblocking (unlimited)
[    6.276438] random 0000 0000 0000 f37f7344 164aede0: extract_entropy account returned: 16 
[    6.276442] random 0000 0000 0000 f37f7344 164aede0: urand_change_num 81 extract_buf: pool_sig 000003c2, data_sig ffffff6c, bytes_mixed 20 f37f7344 164aede0
[    6.276447] random 0000 0000 0000 f37f7344 164aede0: urand_change_num 82 extract_buf: pool_sig fffffdfc, data_sig 00000091, bytes_mixed 20 f37f7344 164aede0
[    6.299219] random 0000 0000 0000 a4794863 878070c1: rand_read_num 23 get_random_bytes(16): sig 0000011b a4794863 878070c1
[    6.299222] random 0000 0000 0000 a4794863 878070c1: extract_entropy(.. 16 ..)
[    6.299225] random 0000 0000 0000 a4794863 878070c1: going to reseed nonblocking with 128 bits (128 of 0 requested)
[    6.299227] random 0000 0000 0000 a4794863 878070c1: extract_entropy(.. 16 ..)
[    6.299229] random 0000 0000 0000 a4794863 878070c1: trying to extract 128 bits from input
[    6.299231] random 0000 0000 0000 a4794863 878070c1: debiting 0 entropy credits from input
[    6.299233] random 0000 0000 0000 a4794863 878070c1: extract_entropy account returned: 0 
[    6.299236] random 0000 0000 0000 a4794863 878070c1: urand_change_num 83 xfer_secondary_pool(16): pool_sig 0000011b, data_sig 00000000, bytes_mixed 0 a4794863 878070c1
[    6.299239] random 0000 0000 0000 a4794863 878070c1: trying to extract 128 bits from nonblocking
[    6.299241] random 0000 0000 0000 a4794863 878070c1: debiting 128 entropy credits from nonblocking (unlimited)
[    6.299243] random 0000 0000 0000 a4794863 878070c1: extract_entropy account returned: 16 
[    6.299248] random 0000 0000 0000 a4794863 878070c1: urand_change_num 84 extract_buf: pool_sig 0000011b, data_sig ffffff51, bytes_mixed 20 a4794863 878070c1
[    6.299253] random 0000 0000 0000 737f19b4 9417d8ab: urand_change_num 85 extract_buf: pool_sig 000001a3, data_sig 0000006c, bytes_mixed 20 737f19b4 9417d8ab
[    6.303313] random 0000 0000 0000 737f19b4 9417d8ab: rand_read_num 24 get_random_bytes(16): sig fffffe22 737f19b4 9417d8ab
[    6.303316] random 0000 0000 0000 737f19b4 9417d8ab: extract_entropy(.. 16 ..)
[    6.303319] random 0000 0000 0000 737f19b4 9417d8ab: going to reseed nonblocking with 128 bits (128 of 0 requested)
[    6.303321] random 0000 0000 0000 737f19b4 9417d8ab: extract_entropy(.. 16 ..)
[    6.303323] random 0000 0000 0000 737f19b4 9417d8ab: trying to extract 128 bits from input
[    6.303325] random 0000 0000 0000 737f19b4 9417d8ab: debiting 0 entropy credits from input
[    6.303327] random 0000 0000 0000 737f19b4 9417d8ab: extract_entropy account returned: 0 
[    6.303330] random 0000 0000 0000 737f19b4 9417d8ab: urand_change_num 86 xfer_secondary_pool(16): pool_sig fffffe22, data_sig 00000000, bytes_mixed 0 737f19b4 9417d8ab
[    6.303333] random 0000 0000 0000 737f19b4 9417d8ab: trying to extract 128 bits from nonblocking
[    6.303335] random 0000 0000 0000 737f19b4 9417d8ab: debiting 128 entropy credits from nonblocking (unlimited)
[    6.303338] random 0000 0000 0000 737f19b4 9417d8ab: extract_entropy account returned: 16 
[    6.303342] random 0000 0000 0000 737f19b4 9417d8ab: urand_change_num 87 extract_buf: pool_sig fffffe22, data_sig 00000230, bytes_mixed 20 737f19b4 9417d8ab
[    6.303347] random 0000 0000 0000 4deb0d06 1236af4c: urand_change_num 88 extract_buf: pool_sig 000000b6, data_sig ffffff44, bytes_mixed 20 4deb0d06 1236af4c
[    6.304347] random 0000 0000 0000 b538fadc 4a7613df: rand_read_num 25 get_random_bytes(16): sig 0000013c b538fadc 4a7613df
[    6.304350] random 0000 0000 0000 b538fadc 4a7613df: extract_entropy(.. 16 ..)
[    6.304352] random 0000 0000 0000 b538fadc 4a7613df: going to reseed nonblocking with 128 bits (128 of 0 requested)
[    6.304355] random 0000 0000 0000 b538fadc 4a7613df: extract_entropy(.. 16 ..)
[    6.304357] random 0000 0000 0000 b538fadc 4a7613df: trying to extract 128 bits from input
[    6.304359] random 0000 0000 0000 b538fadc 4a7613df: debiting 0 entropy credits from input
[    6.304361] random 0000 0000 0000 b538fadc 4a7613df: extract_entropy account returned: 0 
[    6.304364] random 0000 0000 0000 b538fadc 4a7613df: urand_change_num 89 xfer_secondary_pool(16): pool_sig 0000013c, data_sig 00000000, bytes_mixed 0 b538fadc 4a7613df
[    6.304367] random 0000 0000 0000 b538fadc 4a7613df: trying to extract 128 bits from nonblocking
[    6.304369] random 0000 0000 0000 b538fadc 4a7613df: debiting 128 entropy credits from nonblocking (unlimited)
[    6.304372] random 0000 0000 0000 b538fadc 4a7613df: extract_entropy account returned: 16 
[    6.304376] random 0000 0000 0000 b538fadc 4a7613df: urand_change_num 90 extract_buf: pool_sig 0000013c, data_sig 00000015, bytes_mixed 20 b538fadc 4a7613df
[    6.304381] random 0000 0000 0000 b538fadc 4a7613df: urand_change_num 91 extract_buf: pool_sig 00000452, data_sig 0000002b, bytes_mixed 20 b538fadc 4a7613df
[    6.304834] random 0000 0000 0000 73b17df4 93bb370e: rand_read_num 26 get_random_bytes(16): sig fffffbf1 73b17df4 93bb370e
[    6.304837] random 0000 0000 0000 73b17df4 93bb370e: extract_entropy(.. 16 ..)
[    6.304840] random 0000 0000 0000 73b17df4 93bb370e: going to reseed nonblocking with 128 bits (128 of 0 requested)
[    6.304842] random 0000 0000 0000 73b17df4 93bb370e: extract_entropy(.. 16 ..)
[    6.304844] random 0000 0000 0000 73b17df4 93bb370e: trying to extract 128 bits from input
[    6.304846] random 0000 0000 0000 73b17df4 93bb370e: debiting 0 entropy credits from input
[    6.304848] random 0000 0000 0000 73b17df4 93bb370e: extract_entropy account returned: 0 
[    6.304851] random 0000 0000 0000 73b17df4 93bb370e: urand_change_num 92 xfer_secondary_pool(16): pool_sig fffffbf1, data_sig 00000000, bytes_mixed 0 73b17df4 93bb370e
[    6.304854] random 0000 0000 0000 73b17df4 93bb370e: trying to extract 128 bits from nonblocking
[    6.304857] random 0000 0000 0000 73b17df4 93bb370e: debiting 128 entropy credits from nonblocking (unlimited)
[    6.304859] random 0000 0000 0000 73b17df4 93bb370e: extract_entropy account returned: 16 
[    6.304863] random 0000 0000 0000 73b17df4 93bb370e: urand_change_num 93 extract_buf: pool_sig fffffbf1, data_sig ffffff99, bytes_mixed 20 73b17df4 93bb370e
[    6.304868] random 0000 0000 0000 73b17df4 93bb370e: urand_change_num 94 extract_buf: pool_sig fffffe1d, data_sig 000000b0, bytes_mixed 20 73b17df4 93bb370e
[    6.305271] random 0000 0000 0000 0cd682bb ba04da9f: rand_read_num 27 get_random_bytes(16): sig fffffccb 0cd682bb ba04da9f
[    6.305274] random 0000 0000 0000 0cd682bb ba04da9f: extract_entropy(.. 16 ..)
[    6.305276] random 0000 0000 0000 0cd682bb ba04da9f: going to reseed nonblocking with 128 bits (128 of 0 requested)
[    6.305279] random 0000 0000 0000 0cd682bb ba04da9f: extract_entropy(.. 16 ..)
[    6.305281] random 0000 0000 0000 0cd682bb ba04da9f: trying to extract 128 bits from input
[    6.305283] random 0000 0000 0000 0cd682bb ba04da9f: debiting 0 entropy credits from input
[    6.305285] random 0000 0000 0000 0cd682bb ba04da9f: extract_entropy account returned: 0 
[    6.305288] random 0000 0000 0000 0cd682bb ba04da9f: urand_change_num 95 xfer_secondary_pool(16): pool_sig fffffccb, data_sig 00000000, bytes_mixed 0 0cd682bb ba04da9f
[    6.305291] random 0000 0000 0000 0cd682bb ba04da9f: trying to extract 128 bits from nonblocking
[    6.305293] random 0000 0000 0000 0cd682bb ba04da9f: debiting 128 entropy credits from nonblocking (unlimited)
[    6.305295] random 0000 0000 0000 0cd682bb ba04da9f: extract_entropy account returned: 16 
[    6.305300] random 0000 0000 0000 0cd682bb ba04da9f: urand_change_num 96 extract_buf: pool_sig fffffccb, data_sig fffffec5, bytes_mixed 20 0cd682bb ba04da9f
[    6.305305] random 0000 0000 0000 26929f1a 15254dc1: urand_change_num 97 extract_buf: pool_sig fffffed2, data_sig ffffffb1, bytes_mixed 20 26929f1a 15254dc1
[    6.306184] random 0000 0000 0000 26929f1a 15254dc1: rand_read_num 28 get_random_bytes(16): sig 00000038 26929f1a 15254dc1
[    6.306187] random 0000 0000 0000 26929f1a 15254dc1: extract_entropy(.. 16 ..)
[    6.306189] random 0000 0000 0000 26929f1a 15254dc1: going to reseed nonblocking with 128 bits (128 of 0 requested)
[    6.306192] random 0000 0000 0000 26929f1a 15254dc1: extract_entropy(.. 16 ..)
[    6.306194] random 0000 0000 0000 26929f1a 15254dc1: trying to extract 128 bits from input
[    6.306196] random 0000 0000 0000 26929f1a 15254dc1: debiting 0 entropy credits from input
[    6.306198] random 0000 0000 0000 26929f1a 15254dc1: extract_entropy account returned: 0 
[    6.306201] random 0000 0000 0000 26929f1a 15254dc1: urand_change_num 98 xfer_secondary_pool(16): pool_sig 00000038, data_sig 00000000, bytes_mixed 0 26929f1a 15254dc1
[    6.306204] random 0000 0000 0000 26929f1a 15254dc1: trying to extract 128 bits from nonblocking
[    6.306206] random 0000 0000 0000 26929f1a 15254dc1: debiting 128 entropy credits from nonblocking (unlimited)
[    6.306208] random 0000 0000 0000 26929f1a 15254dc1: extract_entropy account returned: 16 
[    6.306213] random 0000 0000 0000 26929f1a 15254dc1: urand_change_num 99 extract_buf: pool_sig 00000038, data_sig 000000fd, bytes_mixed 20 26929f1a 15254dc1
[    6.306218] random 0000 0000 0000 8116fe3b 478c2d5b: urand_change_num 100 extract_buf: pool_sig 00000059, data_sig 00000310, bytes_mixed 20 8116fe3b 478c2d5b
[    6.312854] random 0000 0000 0000 a20f4a3a 32a6b2fa: rand_read_num 29 get_random_bytes(16): sig 000002c0 a20f4a3a 32a6b2fa
[    6.312857] random 0000 0000 0000 a20f4a3a 32a6b2fa: extract_entropy(.. 16 ..)
[    6.312860] random 0000 0000 0000 a20f4a3a 32a6b2fa: going to reseed nonblocking with 128 bits (128 of 0 requested)
[    6.312862] random 0000 0000 0000 a20f4a3a 32a6b2fa: extract_entropy(.. 16 ..)
[    6.312864] random 0000 0000 0000 a20f4a3a 32a6b2fa: trying to extract 128 bits from input
[    6.312866] random 0000 0000 0000 a20f4a3a 32a6b2fa: debiting 0 entropy credits from input
[    6.312868] random 0000 0000 0000 a20f4a3a 32a6b2fa: extract_entropy account returned: 0 
[    6.312871] random 0000 0000 0000 a20f4a3a 32a6b2fa: urand_change_num 101 xfer_secondary_pool(16): pool_sig 000002c0, data_sig 00000000, bytes_mixed 0 a20f4a3a 32a6b2fa
[    6.312874] random 0000 0000 0000 a20f4a3a 32a6b2fa: trying to extract 128 bits from nonblocking
[    6.312876] random 0000 0000 0000 a20f4a3a 32a6b2fa: debiting 128 entropy credits from nonblocking (unlimited)
[    6.312879] random 0000 0000 0000 a20f4a3a 32a6b2fa: extract_entropy account returned: 16 
[    6.312883] random 0000 0000 0000 a20f4a3a 32a6b2fa: urand_change_num 102 extract_buf: pool_sig 000002c0, data_sig 000000fb, bytes_mixed 20 a20f4a3a 32a6b2fa
[    6.312888] random 0000 0000 0000 a20f4a3a 32a6b2fa: urand_change_num 103 extract_buf: pool_sig ffffffdd, data_sig 000000a5, bytes_mixed 20 a20f4a3a 32a6b2fa
[    6.325390] random 0000 0000 0000 de716d2a 6c4757e1: rand_read_num 30 get_random_bytes(16): sig 000000fa de716d2a 6c4757e1
[    6.325393] random 0000 0000 0000 de716d2a 6c4757e1: extract_entropy(.. 16 ..)
[    6.325396] random 0000 0000 0000 de716d2a 6c4757e1: going to reseed nonblocking with 128 bits (128 of 0 requested)
[    6.325398] random 0000 0000 0000 de716d2a 6c4757e1: extract_entropy(.. 16 ..)
[    6.325400] random 0000 0000 0000 de716d2a 6c4757e1: trying to extract 128 bits from input
[    6.325402] random 0000 0000 0000 de716d2a 6c4757e1: debiting 0 entropy credits from input
[    6.325404] random 0000 0000 0000 de716d2a 6c4757e1: extract_entropy account returned: 0 
[    6.325407] random 0000 0000 0000 de716d2a 6c4757e1: urand_change_num 104 xfer_secondary_pool(16): pool_sig 000000fa, data_sig 00000000, bytes_mixed 0 de716d2a 6c4757e1
[    6.325410] random 0000 0000 0000 de716d2a 6c4757e1: trying to extract 128 bits from nonblocking
[    6.325412] random 0000 0000 0000 de716d2a 6c4757e1: debiting 128 entropy credits from nonblocking (unlimited)
[    6.325415] random 0000 0000 0000 de716d2a 6c4757e1: extract_entropy account returned: 16 
[    6.325419] random 0000 0000 0000 de716d2a 6c4757e1: urand_change_num 105 extract_buf: pool_sig 000000fa, data_sig ffffff34, bytes_mixed 20 de716d2a 6c4757e1
[    6.325431] random 0000 0000 0000 de716d2a 6c4757e1: urand_change_num 106 extract_buf: pool_sig 000003d3, data_sig ffffff30, bytes_mixed 20 de716d2a 6c4757e1
[    6.326010] random 0000 0000 0000 a7c511e1 f90ea457: rand_read_num 31 get_random_bytes(16): sig 0000009a a7c511e1 f90ea457
[    6.326013] random 0000 0000 0000 a7c511e1 f90ea457: extract_entropy(.. 16 ..)
[    6.326016] random 0000 0000 0000 a7c511e1 f90ea457: going to reseed nonblocking with 128 bits (128 of 0 requested)
[    6.326018] random 0000 0000 0000 a7c511e1 f90ea457: extract_entropy(.. 16 ..)
[    6.326020] random 0000 0000 0000 a7c511e1 f90ea457: trying to extract 128 bits from input
[    6.326022] random 0000 0000 0000 a7c511e1 f90ea457: debiting 0 entropy credits from input
[    6.326024] random 0000 0000 0000 a7c511e1 f90ea457: extract_entropy account returned: 0 
[    6.326027] random 0000 0000 0000 a7c511e1 f90ea457: urand_change_num 107 xfer_secondary_pool(16): pool_sig 0000009a, data_sig 00000000, bytes_mixed 0 a7c511e1 f90ea457
[    6.326030] random 0000 0000 0000 a7c511e1 f90ea457: trying to extract 128 bits from nonblocking
[    6.326032] random 0000 0000 0000 a7c511e1 f90ea457: debiting 128 entropy credits from nonblocking (unlimited)
[    6.326034] random 0000 0000 0000 a7c511e1 f90ea457: extract_entropy account returned: 16 
[    6.326039] random 0000 0000 0000 a7c511e1 f90ea457: urand_change_num 108 extract_buf: pool_sig 0000009a, data_sig 000000e0, bytes_mixed 20 a7c511e1 f90ea457
[    6.326044] random 0000 0000 0000 7c18c7e6 d65ccb06: urand_change_num 109 extract_buf: pool_sig fffffa79, data_sig 000000e0, bytes_mixed 20 7c18c7e6 d65ccb06
[    6.326628] random 0000 0000 0000 7c18c7e6 d65ccb06: rand_read_num 32 get_random_bytes(16): sig fffffe1e 7c18c7e6 d65ccb06
[    6.326631] random 0000 0000 0000 7c18c7e6 d65ccb06: extract_entropy(.. 16 ..)
[    6.326633] random 0000 0000 0000 7c18c7e6 d65ccb06: going to reseed nonblocking with 128 bits (128 of 0 requested)
[    6.326636] random 0000 0000 0000 7c18c7e6 d65ccb06: extract_entropy(.. 16 ..)
[    6.326638] random 0000 0000 0000 7c18c7e6 d65ccb06: trying to extract 128 bits from input
[    6.326640] random 0000 0000 0000 7c18c7e6 d65ccb06: debiting 0 entropy credits from input
[    6.326642] random 0000 0000 0000 7c18c7e6 d65ccb06: extract_entropy account returned: 0 
[    6.326645] random 0000 0000 0000 7c18c7e6 d65ccb06: urand_change_num 110 xfer_secondary_pool(16): pool_sig fffffe1e, data_sig 00000000, bytes_mixed 0 7c18c7e6 d65ccb06
[    6.326648] random 0000 0000 0000 7c18c7e6 d65ccb06: trying to extract 128 bits from nonblocking
[    6.326650] random 0000 0000 0000 7c18c7e6 d65ccb06: debiting 128 entropy credits from nonblocking (unlimited)
[    6.326652] random 0000 0000 0000 7c18c7e6 d65ccb06: extract_entropy account returned: 16 
