[    0.000000] random 0000 0000 0000 00000000 00000000: rand_read_num 1 get_random_bytes(8): sig 00000000 00000000 00000000
[    0.000000] random 0000 0000 0000 00000000 00000000: extract_entropy(.. 8 ..)
[    0.000000] random 0000 0000 0000 00000000 00000000: going to reseed nonblocking with 64 bits (64 of 0 requested)
[    0.000000] random 0000 0000 0000 00000000 00000000: extract_entropy(.. 8 ..)
[    0.000000] random 0000 0000 0000 00000000 00000000: trying to extract 64 bits from input
[    0.000000] random 0000 0000 0000 00000000 00000000: debiting 0 entropy credits from input
[    0.000000] random 0000 0000 0000 00000000 00000000: extract_entropy account returned: 0 
[    0.000000] random 0000 0000 0000 00000000 00000000: urand_change_num 1 xfer_secondary_pool(8): pool_sig 00000000, data_sig 00000000, bytes_mixed 0 00000000 00000000
[    0.000000] random 0000 0000 0000 00000000 00000000: trying to extract 64 bits from nonblocking
[    0.000000] random 0000 0000 0000 00000000 00000000: debiting 64 entropy credits from nonblocking (unlimited)
[    0.000000] random 0000 0000 0000 00000000 00000000: extract_entropy account returned: 8 
[    0.000000] random 0000 0000 0000 00000000 00000000: urand_change_num 2 extract_buf: pool_sig 00000000, data_sig fffffff9, bytes_mixed 20 00000000 00000000
[    0.000000] Linux version 2.6.32.57 (dcashman@dcashman-02) (gcc version 4.3.3 (GCC) ) #3 Fri May 24 04:27:34 PDT 2013
[    0.000000] KERNEL supported cpus:
[    0.000000]   Intel GenuineIntel
[    0.000000]   AMD AuthenticAMD
[    0.000000]   NSC Geode by NSC
[    0.000000]   Cyrix CyrixInstead
[    0.000000]   Centaur CentaurHauls
[    0.000000]   Transmeta GenuineTMx86
[    0.000000]   Transmeta TransmetaCPU
[    0.000000]   UMC UMC UMC UMC
[    0.000000] BIOS-provided physical RAM map:
[    0.000000]  BIOS-e820: 0000000000000000 - 000000000009d800 (usable)
[    0.000000]  BIOS-e820: 000000000009d800 - 00000000000a0000 (reserved)
[    0.000000]  BIOS-e820: 00000000000d2000 - 00000000000d4000 (reserved)
[    0.000000]  BIOS-e820: 00000000000e0000 - 0000000000100000 (reserved)
[    0.000000]  BIOS-e820: 0000000000100000 - 000000003d6b0000 (usable)
[    0.000000]  BIOS-e820: 000000003d6b0000 - 000000003d6cc000 (ACPI data)
[    0.000000]  BIOS-e820: 000000003d6cc000 - 000000003d700000 (ACPI NVS)
[    0.000000]  BIOS-e820: 000000003d700000 - 000000003e000000 (reserved)
[    0.000000]  BIOS-e820: 00000000f0000000 - 00000000f4000000 (reserved)
[    0.000000]  BIOS-e820: 00000000fec00000 - 00000000fec10000 (reserved)
[    0.000000]  BIOS-e820: 00000000fed00000 - 00000000fed00400 (reserved)
[    0.000000]  BIOS-e820: 00000000fed14000 - 00000000fed1a000 (reserved)
[    0.000000]  BIOS-e820: 00000000fed1c000 - 00000000fed90000 (reserved)
[    0.000000]  BIOS-e820: 00000000fee00000 - 00000000fee01000 (reserved)
[    0.000000]  BIOS-e820: 00000000ff000000 - 0000000100000000 (reserved)
[    0.000000] DMI present.
[    0.000000] last_pfn = 0x3d6b0 max_arch_pfn = 0x100000
[    0.000000] MTRR default type: uncachable
[    0.000000] MTRR fixed ranges enabled:
[    0.000000]   00000-9FFFF write-back
[    0.000000]   A0000-BFFFF uncachable
[    0.000000]   C0000-CFFFF write-protect
[    0.000000]   D0000-DFFFF uncachable
[    0.000000]   E0000-FFFFF write-protect
[    0.000000] MTRR variable ranges enabled:
[    0.000000]   0 base 03E000000 mask FFE000000 uncachable
[    0.000000]   1 base 000000000 mask FC0000000 write-back
[    0.000000]   2 base 03D700000 mask FFFF00000 uncachable
[    0.000000]   3 base 03D800000 mask FFF800000 uncachable
[    0.000000]   4 disabled
[    0.000000]   5 disabled
[    0.000000]   6 disabled
[    0.000000]   7 disabled
[    0.000000] initial memory mapped : 0 - 02000000
[    0.000000] init_memory_mapping: 0000000000000000-00000000377fe000
[    0.000000]  0000000000 - 0000400000 page 4k
[    0.000000]  0000400000 - 0037400000 page 2M
[    0.000000]  0037400000 - 00377fe000 page 4k
[    0.000000] kernel direct mapping tables up to 377fe000 @ 7000-c000
[    0.000000] ACPI: RSDP 000f68d0 00024 (v02 LENOVO)
[    0.000000] ACPI: XSDT 3d6bb77f 00094 (v01 LENOVO TP-7L    00002170  LTP 00000000)
[    0.000000] ACPI: FACP 3d6bb900 000F4 (v03 LENOVO TP-7L    00002170 LNVO 00000001)
[    0.000000] ACPI Warning: 32/64X length mismatch in Gpe1Block: 0/32 (20090903/tbfadt-526)
[    0.000000] ACPI Warning: Optional field Gpe1Block has zero address or length: 000000000000102C/0 (20090903/tbfadt-557)
[    0.000000] ACPI: DSDT 3d6bbd1d 0FED1 (v01 LENOVO TP-7L    00002170 MSFT 03000000)
[    0.000000] ACPI: FACS 3d6e4000 00040
[    0.000000] ACPI: SSDT 3d6bbab4 00269 (v01 LENOVO TP-7L    00002170 MSFT 03000000)
[    0.000000] ACPI: ECDT 3d6cbbee 00052 (v01 LENOVO TP-7L    00002170 LNVO 00000001)
[    0.000000] ACPI: TCPA 3d6cbc40 00032 (v02 LENOVO TP-7L    00002170 LNVO 00000001)
[    0.000000] ACPI: APIC 3d6cbc72 00068 (v01 LENOVO TP-7L    00002170 LNVO 00000001)
[    0.000000] ACPI: MCFG 3d6cbcda 0003C (v01 LENOVO TP-7L    00002170 LNVO 00000001)
[    0.000000] ACPI: HPET 3d6cbd16 00038 (v01 LENOVO TP-7L    00002170 LNVO 00000001)
[    0.000000] ACPI: SLIC 3d6cbdf0 00176 (v01 LENOVO TP-7L    00002170  LTP 00000000)
[    0.000000] ACPI: BOOT 3d6cbf66 00028 (v01 LENOVO TP-7L    00002170  LTP 00000001)
[    0.000000] ACPI: ASF! 3d6cbf8e 00072 (v16 LENOVO TP-7L    00002170 PTL  00000001)
[    0.000000] ACPI: SSDT 3d6e26d9 0025F (v01 LENOVO TP-7L    00002170 INTL 20050513)
[    0.000000] ACPI: SSDT 3d6e2938 000A6 (v01 LENOVO TP-7L    00002170 INTL 20050513)
[    0.000000] ACPI: SSDT 3d6e29de 004F7 (v01 LENOVO TP-7L    00002170 INTL 20050513)
[    0.000000] ACPI: SSDT 3d6e2ed5 001D8 (v01 LENOVO TP-7L    00002170 INTL 20050513)
[    0.000000] ACPI: DMI detected: Lenovo ThinkPad R61
[    0.000000] ACPI: Added _OSI(Linux)
[    0.000000] ACPI: Local APIC address 0xfee00000
[    0.000000] 94MB HIGHMEM available.
[    0.000000] 887MB LOWMEM available.
[    0.000000]   mapped low ram: 0 - 377fe000
[    0.000000]   low ram: 0 - 377fe000
[    0.000000]   node 0 low ram: 00000000 - 377fe000
[    0.000000]   node 0 bootmap 00008000 - 0000ef00
[    0.000000] (6 early reservations) ==> bootmem [0000000000 - 00377fe000]
[    0.000000]   #0 [0000000000 - 0000001000]   BIOS data page ==> [0000000000 - 0000001000]
[    0.000000]   #1 [0001000000 - 0001bdc180]    TEXT DATA BSS ==> [0001000000 - 0001bdc180]
[    0.000000]   #2 [000009d800 - 0000100000]    BIOS reserved ==> [000009d800 - 0000100000]
[    0.000000]   #3 [0001bdd000 - 0001be516c]              BRK ==> [0001bdd000 - 0001be516c]
[    0.000000]   #4 [0000007000 - 0000008000]          PGTABLE ==> [0000007000 - 0000008000]
[    0.000000]   #5 [0000008000 - 000000f000]          BOOTMAP ==> [0000008000 - 000000f000]
[    0.000000] found SMP MP-table at [c00f6900] f6900
[    0.000000] Zone PFN ranges:
[    0.000000]   DMA      0x00000000 -> 0x00001000
[    0.000000]   Normal   0x00001000 -> 0x000377fe
[    0.000000]   HighMem  0x000377fe -> 0x0003d6b0
[    0.000000] Movable zone start PFN for each node
[    0.000000] early_node_map[2] active PFN ranges
[    0.000000]     0: 0x00000000 -> 0x0000009d
[    0.000000]     0: 0x00000100 -> 0x0003d6b0
[    0.000000] On node 0 totalpages: 251469
[    0.000000] free_area_init_node: node 0, pgdat c1901ea0, node_mem_map c1be7000
[    0.000000]   DMA zone: 32 pages used for memmap
[    0.000000]   DMA zone: 0 pages reserved
[    0.000000]   DMA zone: 3965 pages, LIFO batch:0
[    0.000000]   Normal zone: 1744 pages used for memmap
[    0.000000]   Normal zone: 221486 pages, LIFO batch:31
[    0.000000]   HighMem zone: 190 pages used for memmap
[    0.000000]   HighMem zone: 24052 pages, LIFO batch:3
[    0.000000] Using APIC driver default
[    0.000000] ACPI: PM-Timer IO Port: 0x1008
[    0.000000] ACPI: Local APIC address 0xfee00000
[    0.000000] ACPI: LAPIC (acpi_id[0x00] lapic_id[0x00] enabled)
[    0.000000] ACPI: LAPIC (acpi_id[0x01] lapic_id[0x01] enabled)
[    0.000000] ACPI: NR_CPUS/possible_cpus limit of 1 reached.  Processor 1/0x1 ignored.
[    0.000000] ACPI: LAPIC_NMI (acpi_id[0x00] high edge lint[0x1])
[    0.000000] ACPI: LAPIC_NMI (acpi_id[0x01] high edge lint[0x1])
[    0.000000] ACPI: IOAPIC (id[0x01] address[0xfec00000] gsi_base[0])
[    0.000000] IOAPIC[0]: apic_id 1, version 32, address 0xfec00000, GSI 0-23
[    0.000000] ACPI: INT_SRC_OVR (bus 0 bus_irq 0 global_irq 2 dfl dfl)
[    0.000000] ACPI: INT_SRC_OVR (bus 0 bus_irq 9 global_irq 9 high level)
[    0.000000] ACPI: IRQ0 used by override.
[    0.000000] ACPI: IRQ2 used by override.
[    0.000000] ACPI: IRQ9 used by override.
[    0.000000] Using ACPI (MADT) for SMP configuration information
[    0.000000] ACPI: HPET id: 0x8086a201 base: 0xfed00000
[    0.000000] nr_irqs_gsi: 24
[    0.000000] PM: Registered nosave memory: 000000000009d000 - 000000000009e000
[    0.000000] PM: Registered nosave memory: 000000000009e000 - 00000000000a0000
[    0.000000] PM: Registered nosave memory: 00000000000a0000 - 00000000000d2000
[    0.000000] PM: Registered nosave memory: 00000000000d2000 - 00000000000d4000
[    0.000000] PM: Registered nosave memory: 00000000000d4000 - 00000000000e0000
[    0.000000] PM: Registered nosave memory: 00000000000e0000 - 0000000000100000
[    0.000000] Allocating PCI resources starting at 3e000000 (gap: 3e000000:b2000000)
[    0.000000] Built 1 zonelists in Zone order, mobility grouping on.  Total pages: 249503
[    0.000000] Kernel command line: auto BOOT_IMAGE=Linux ro root=802 vt.default_utf8=0 maxcpus=0
[    0.000000] PID hash table entries: 4096 (order: 2, 16384 bytes)
[    0.000000] Dentry cache hash table entries: 131072 (order: 7, 524288 bytes)
[    0.000000] Inode-cache hash table entries: 65536 (order: 6, 262144 bytes)
[    0.000000] Enabling fast FPU save and restore... done.
[    0.000000] Enabling unmasked SIMD FPU exception support... done.
[    0.000000] Initializing CPU#0
[    0.000000] Initializing HighMem for node 0 (000377fe:0003d6b0)
[    0.000000] Memory: 984800k/1006272k available (6914k kernel code, 20876k reserved, 2328k data, 448k init, 96968k highmem)
[    0.000000] virtual kernel memory layout:
[    0.000000]     fixmap  : 0xfffa3000 - 0xfffff000   ( 368 kB)
[    0.000000]     pkmap   : 0xff800000 - 0xffc00000   (4096 kB)
[    0.000000]     vmalloc : 0xf7ffe000 - 0xff7fe000   ( 120 MB)
[    0.000000]     lowmem  : 0xc0000000 - 0xf77fe000   ( 887 MB)
[    0.000000]       .init : 0xc1907000 - 0xc1977000   ( 448 kB)
[    0.000000]       .data : 0xc16c0b5f - 0xc1906c64   (2328 kB)
[    0.000000]       .text : 0xc1000000 - 0xc16c0b5f   (6914 kB)
[    0.000000] Checking if this processor honours the WP bit even in supervisor mode...Ok.
[    0.000000] SLUB: Genslabs=13, HWalign=64, Order=0-3, MinObjects=0, CPUs=1, Nodes=1
[    0.000000] Hierarchical RCU implementation.
[    0.000000] NR_IRQS:288
[    0.000000] Extended CMOS year: 2000
[    0.000000] Console: colour VGA+ 80x25
[    0.000000] console [tty0] enabled
[    0.000000] hpet clockevent registered
[    0.000000] Fast TSC calibration using PIT
[    0.000000] Detected 2094.439 MHz processor.
[    0.001001] Calibrating delay loop (skipped), value calculated using timer frequency.. 4188.87 BogoMIPS (lpj=2094439)
[    0.001174] Security Framework initialized
[    0.001261] Mount-cache hash table entries: 512
[    0.001409] CPU: L1 I cache: 32K, L1 D cache: 32K
[    0.001543] CPU: L2 cache: 3072K
[    0.002006] mce: CPU supports 6 MCE banks
[    0.002091] CPU0: Thermal monitoring enabled (TM2)
[    0.002174] using mwait in idle threads.
[    0.002257] CPU: Intel(R) Core(TM)2 Duo CPU     T8100  @ 2.10GHz stepping 06
[    0.002437] Checking 'hlt' instruction... OK.
[    0.006944] ACPI: Core revision 20090903
[    0.026015] CANARY value: 12540a24 for PID: 1
[    0.026046] Enabling APIC mode:  Flat.  Using 1 I/O APICs
[    0.026502] ..TIMER: vector=0x30 apic1=0 pin1=2 apic2=-1 pin2=-1
[    0.036997] xor: automatically using best checksumming function: pIII_sse
[    0.040998]    pIII_sse  :  8568.000 MB/sec
[    0.041091] xor: using function: pIII_sse (8568.000 MB/sec)
[    0.041177] RANDOM - __seed init called.
[    0.041178] RANDOM - __seed init called.
[    0.041179] RANDOM - __seed init called.
[    0.041180] RANDOM - __random32 called. Change num 1.  Value: e6b75c0e	845fdb3c	4764ecc7
[    0.041182] RANDOM - __random32 called. Change num 2.  Value: 75c0e1a6	45fdb3ca	d98f8871
[    0.041184] RANDOM - __random32 called. Change num 3.  Value: e1a6d3e	5fdb3ca9	10e2be79
[    0.041185] RANDOM - __random32 called. Change num 4.  Value: a6d3e877	fdb3ca90	7cf2fee9
[    0.041187] RANDOM - __random32 called. Change num 5.  Value: 3e877b7b	db3ca905	fdd36ca1
[    0.041189] RANDOM - __random32 called. Change num 6.  Value: 77b7ba3d	b3ca905b	d9426901
[    0.041190] RANDOM - random32 init called.  Value: 77b7ba3d	b3ca905b	d9426901
[    0.041207] NET: Registered protocol family 16
[    0.041476] ACPI FADT declares the system doesn't support PCIe ASPM, so disable it
[    0.041605] ACPI: bus type pci registered
[    0.041773] PCI: MCFG configuration 0: base f0000000 segment 0 buses 0 - 63
[    0.041867] PCI: MCFG area at f0000000 reserved in E820
[    0.041959] PCI: Using MMCONFIG for extended config space
[    0.042002] PCI: Using configuration type 1 for base access
[    0.045152] bio: create slab <bio-0> at 0
[    0.045965] ACPI: EC: EC description table is found, configuring boot EC
[    0.051129] ACPI: BIOS _OSI(Linux) query honored via DMI
[    0.051852] random 0000 0000 0000 00000000 00000000: rand_read_num 2 get_random_bytes(8): sig fffffe1a 00000000 00000000
[    0.051855] random 0000 0000 0000 00000000 00000000: extract_entropy(.. 8 ..)
[    0.051858] random 0000 0000 0000 00000000 00000000: going to reseed nonblocking with 64 bits (64 of 0 requested)
[    0.051860] random 0000 0000 0000 00000000 00000000: extract_entropy(.. 8 ..)
[    0.051862] random 0000 0000 0000 00000000 00000000: trying to extract 64 bits from input
[    0.051864] random 0000 0000 0000 00000000 00000000: debiting 0 entropy credits from input
[    0.051866] random 0000 0000 0000 00000000 00000000: extract_entropy account returned: 0 
[    0.051895] random 0000 0000 0000 00000000 00000000: urand_change_num 3 xfer_secondary_pool(8): pool_sig fffffe1a, data_sig 00000000, bytes_mixed 0 00000000 00000000
[    0.051898] random 0000 0000 0000 00000000 00000000: trying to extract 64 bits from nonblocking
[    0.051901] random 0000 0000 0000 00000000 00000000: debiting 64 entropy credits from nonblocking (unlimited)
[    0.051903] random 0000 0000 0000 00000000 00000000: extract_entropy account returned: 8 
[    0.051907] random 0000 0000 0000 00000000 00000000: urand_change_num 4 extract_buf: pool_sig fffffe1a, data_sig fffffed7, bytes_mixed 20 00000000 00000000
[    0.057637] ACPI: Interpreter enabled
[    0.057727] ACPI: (supports S0 S3 S4 S5)
[    0.057998] ACPI: Using IOAPIC for interrupt routing
[    0.067814] ACPI: EC: GPE = 0x12, I/O: command/status = 0x66, data = 0x62
[    0.068084] ACPI: Power Resource [PUBS] (on)
[    0.070203] ACPI: ACPI Dock Station Driver: 3 docks/bays found
[    0.070615] ACPI: PCI Root Bridge [PCI0] (0000:00)
[    0.070789] pci 0000:00:02.0: reg 10 64bit mmio: [0xf8100000-0xf81fffff]
[    0.070795] pci 0000:00:02.0: reg 18 64bit mmio pref: [0xe0000000-0xefffffff]
[    0.070799] pci 0000:00:02.0: reg 20 io port: [0x1800-0x1807]
[    0.070833] pci 0000:00:02.1: reg 10 64bit mmio: [0xf8200000-0xf82fffff]
[    0.070935] pci 0000:00:19.0: reg 10 32bit mmio: [0xfe000000-0xfe01ffff]
[    0.070944] pci 0000:00:19.0: reg 14 32bit mmio: [0xfe025000-0xfe025fff]
[    0.070952] pci 0000:00:19.0: reg 18 io port: [0x1840-0x185f]
[    0.071030] pci 0000:00:19.0: PME# supported from D0 D3hot D3cold
[    0.071127] pci 0000:00:19.0: PME# disabled
[    0.071279] pci 0000:00:1a.0: reg 20 io port: [0x1860-0x187f]
[    0.071370] pci 0000:00:1a.1: reg 20 io port: [0x1880-0x189f]
[    0.071455] pci 0000:00:1a.7: reg 10 32bit mmio: [0xfe226c00-0xfe226fff]
[    0.071542] pci 0000:00:1a.7: PME# supported from D0 D3hot D3cold
[    0.071639] pci 0000:00:1a.7: PME# disabled
[    0.071778] pci 0000:00:1b.0: reg 10 64bit mmio: [0xfe020000-0xfe023fff]
[    0.071861] pci 0000:00:1b.0: PME# supported from D0 D3hot D3cold
[    0.071954] pci 0000:00:1b.0: PME# disabled
[    0.072108] pci 0000:00:1c.0: PME# supported from D0 D3hot D3cold
[    0.072203] pci 0000:00:1c.0: PME# disabled
[    0.072407] pci 0000:00:1c.1: PME# supported from D0 D3hot D3cold
[    0.072502] pci 0000:00:1c.1: PME# disabled
[    0.072708] pci 0000:00:1c.2: PME# supported from D0 D3hot D3cold
[    0.072805] pci 0000:00:1c.2: PME# disabled
[    0.073069] pci 0000:00:1c.3: PME# supported from D0 D3hot D3cold
[    0.073170] pci 0000:00:1c.3: PME# disabled
[    0.074038] pci 0000:00:1c.4: PME# supported from D0 D3hot D3cold
[    0.074139] pci 0000:00:1c.4: PME# disabled
[    0.074292] pci 0000:00:1d.0: reg 20 io port: [0x18a0-0x18bf]
[    0.074378] pci 0000:00:1d.1: reg 20 io port: [0x18c0-0x18df]
[    0.074452] pci 0000:00:1d.2: reg 20 io port: [0x18e0-0x18ff]
[    0.074542] pci 0000:00:1d.7: reg 10 32bit mmio: [0xfe227000-0xfe2273ff]
[    0.074639] pci 0000:00:1d.7: PME# supported from D0 D3hot D3cold
[    0.074734] pci 0000:00:1d.7: PME# disabled
[    0.075040] pci 0000:00:1f.0: quirk: region 1000-107f claimed by ICH6 ACPI/GPIO/TCO
[    0.075165] pci 0000:00:1f.0: quirk: region 1180-11bf claimed by ICH6 GPIO
[    0.075260] pci 0000:00:1f.0: ICH7 LPC Generic IO decode 1 PIO at 1600 (mask 007f)
[    0.075388] pci 0000:00:1f.0: ICH7 LPC Generic IO decode 2 PIO at 15e0 (mask 000f)
[    0.075511] pci 0000:00:1f.0: ICH7 LPC Generic IO decode 3 PIO at 1680 (mask 001f)
[    0.075717] pci 0000:00:1f.1: reg 10 io port: [0x00-0x07]
[    0.075724] pci 0000:00:1f.1: reg 14 io port: [0x00-0x03]
[    0.075733] pci 0000:00:1f.1: reg 18 io port: [0x00-0x07]
[    0.075741] pci 0000:00:1f.1: reg 1c io port: [0x00-0x03]
[    0.075750] pci 0000:00:1f.1: reg 20 io port: [0x1c00-0x1c0f]
[    0.075844] pci 0000:00:1f.2: reg 10 io port: [0x1c50-0x1c57]
[    0.075851] pci 0000:00:1f.2: reg 14 io port: [0x1c44-0x1c47]
[    0.075860] pci 0000:00:1f.2: reg 18 io port: [0x1c48-0x1c4f]
[    0.075868] pci 0000:00:1f.2: reg 1c io port: [0x1c40-0x1c43]
[    0.075877] pci 0000:00:1f.2: reg 20 io port: [0x1c20-0x1c3f]
[    0.075884] pci 0000:00:1f.2: reg 24 32bit mmio: [0xfe226000-0xfe2267ff]
[    0.075944] pci 0000:00:1f.2: PME# supported from D3hot
[    0.075998] pci 0000:00:1f.2: PME# disabled
[    0.076114] pci 0000:00:1f.3: reg 10 32bit mmio: [0xfe227400-0xfe2274ff]
[    0.076138] pci 0000:00:1f.3: reg 20 io port: [0x1c60-0x1c7f]
[    0.076228] pci 0000:00:1c.0: bridge io port: [0x2000-0x2fff]
[    0.076234] pci 0000:00:1c.0: bridge 32bit mmio: [0xfc000000-0xfdffffff]
[    0.076241] pci 0000:00:1c.0: bridge 64bit mmio pref: [0xf8000000-0xf80fffff]
[    0.076313] pci 0000:03:00.0: reg 10 64bit mmio: [0xdf3f0000-0xdf3fffff]
[    0.076507] pci 0000:00:1c.1: bridge io port: [0x3000-0x3fff]
[    0.076513] pci 0000:00:1c.1: bridge 32bit mmio: [0xdc000000-0xdf3fffff]
[    0.076522] pci 0000:00:1c.1: bridge 64bit mmio pref: [0xdfe00000-0xdfefffff]
[    0.076578] pci 0000:00:1c.2: bridge io port: [0x4000-0x4fff]
[    0.076584] pci 0000:00:1c.2: bridge 32bit mmio: [0xd8000000-0xd9ffffff]
[    0.076593] pci 0000:00:1c.2: bridge 64bit mmio pref: [0xdfb00000-0xdfbfffff]
[    0.076648] pci 0000:00:1c.3: bridge io port: [0x5000-0x5fff]
[    0.076654] pci 0000:00:1c.3: bridge 32bit mmio: [0xd4000000-0xd5ffffff]
[    0.076663] pci 0000:00:1c.3: bridge 64bit mmio pref: [0xdf800000-0xdf8fffff]
[    0.076722] pci 0000:00:1c.4: bridge io port: [0x6000-0x6fff]
[    0.076726] pci 0000:00:1c.4: bridge 32bit mmio: [0xd0000000-0xd1ffffff]
[    0.076733] pci 0000:00:1c.4: bridge 64bit mmio pref: [0xdf500000-0xdf5fffff]
[    0.076798] pci 0000:15:00.0: reg 10 32bit mmio: [0xf8300000-0xf8300fff]
[    0.076853] pci 0000:15:00.0: supports D1 D2
[    0.076854] pci 0000:15:00.0: PME# supported from D0 D1 D2 D3hot D3cold
[    0.076946] pci 0000:15:00.0: PME# disabled
[    0.077053] pci 0000:15:00.1: reg 10 32bit mmio: [0xf8301000-0xf83017ff]
[    0.077154] pci 0000:15:00.1: supports D1 D2
[    0.077155] pci 0000:15:00.1: PME# supported from D0 D1 D2 D3hot D3cold
[    0.077255] pci 0000:15:00.1: PME# disabled
[    0.077442] pci 0000:00:1e.0: transparent bridge
[    0.077534] pci 0000:00:1e.0: bridge io port: [0x7000-0xafff]
[    0.077539] pci 0000:00:1e.0: bridge 32bit mmio: [0xf8300000-0xfbffffff]
[    0.077546] pci 0000:00:1e.0: bridge 64bit mmio pref: [0xf4000000-0xf7ffffff]
[    0.077615] pci_bus 0000:00: on NUMA node 0
[    0.077619] ACPI: PCI Interrupt Routing Table [\_SB_.PCI0._PRT]
[    0.077752] ACPI: PCI Interrupt Routing Table [\_SB_.PCI0.EXP0._PRT]
[    0.077811] ACPI: PCI Interrupt Routing Table [\_SB_.PCI0.EXP1._PRT]
[    0.077869] ACPI: PCI Interrupt Routing Table [\_SB_.PCI0.EXP2._PRT]
[    0.078019] ACPI: PCI Interrupt Routing Table [\_SB_.PCI0.EXP3._PRT]
[    0.078083] ACPI: PCI Interrupt Routing Table [\_SB_.PCI0.EXP4._PRT]
[    0.078145] ACPI: PCI Interrupt Routing Table [\_SB_.PCI0.PCI1._PRT]
[    0.083594] ACPI: PCI Interrupt Link [LNKA] (IRQs 3 4 5 6 7 9 *10 11)
[    0.084356] ACPI: PCI Interrupt Link [LNKB] (IRQs 3 4 5 6 7 9 10 *11)
[    0.085159] ACPI: PCI Interrupt Link [LNKC] (IRQs 3 4 5 6 7 9 10 *11)
[    0.085942] ACPI: PCI Interrupt Link [LNKD] (IRQs 3 4 5 6 7 9 10 *11)
[    0.086713] ACPI: PCI Interrupt Link [LNKE] (IRQs 3 4 5 6 7 9 10 *11)
[    0.087551] ACPI: PCI Interrupt Link [LNKF] (IRQs 3 4 5 6 7 9 10 *11)
[    0.088291] ACPI: PCI Interrupt Link [LNKG] (IRQs 3 4 5 6 7 9 10 *11)
[    0.089148] ACPI: PCI Interrupt Link [LNKH] (IRQs 3 4 5 6 7 9 10 *11)
[    0.089908] vgaarb: device added: PCI:0000:00:02.0,decodes=io+mem,owns=io+mem,locks=none
[    0.090001] vgaarb: loaded
[    0.090184] SCSI subsystem initialized
[    0.090285] libata version 3.00 loaded.
[    0.090332] usbcore: registered new interface driver usbfs
[    0.090455] usbcore: registered new interface driver hub
[    0.090566] usbcore: registered new device driver usb
[    0.107041] raid6: int32x1    941 MB/s
[    0.124060] raid6: int32x2    890 MB/s
[    0.141067] raid6: int32x4    750 MB/s
[    0.158071] raid6: int32x8    660 MB/s
[    0.175002] raid6: mmxx1     2882 MB/s
[    0.191982] raid6: mmxx2     3269 MB/s
[    0.208987] raid6: sse1x1    1937 MB/s
[    0.225997] raid6: sse1x2    2535 MB/s
[    0.242990] raid6: sse2x1    3507 MB/s
[    0.259981] raid6: sse2x2    3828 MB/s
[    0.260068] raid6: using algorithm sse2x2 (3828 MB/s)
[    0.260159] PCI: Using ACPI for IRQ routing
[    0.260467] HPET: 3 timers in total, 0 timers will be used for per-cpu timer
[    0.260990] Switching to clocksource tsc
[    0.261089] pnp: PnP ACPI init
[    0.261178] ACPI: bus type pnp registered
[    0.264820] pnp: PnP ACPI: found 11 devices
[    0.264926] ACPI: ACPI bus type pnp unregistered
[    0.265021] system 00:00: iomem range 0x0-0x9ffff could not be reserved
[    0.265115] system 00:00: iomem range 0xc0000-0xc3fff could not be reserved
[    0.265207] system 00:00: iomem range 0xc4000-0xc7fff could not be reserved
[    0.265307] system 00:00: iomem range 0xc8000-0xcbfff has been reserved
[    0.265403] system 00:00: iomem range 0xcc000-0xcffff has been reserved
[    0.265492] system 00:00: iomem range 0xd0000-0xd3fff could not be reserved
[    0.265584] system 00:00: iomem range 0xe0000-0xe3fff could not be reserved
[    0.265676] system 00:00: iomem range 0xe4000-0xe7fff could not be reserved
[    0.265769] system 00:00: iomem range 0xe8000-0xebfff could not be reserved
[    0.265865] system 00:00: iomem range 0xec000-0xeffff could not be reserved
[    0.265955] system 00:00: iomem range 0xf0000-0xfffff could not be reserved
[    0.266044] system 00:00: iomem range 0x100000-0x3dffffff could not be reserved
[    0.266165] system 00:00: iomem range 0xfec00000-0xfed3ffff could not be reserved
[    0.266286] system 00:00: iomem range 0xfed4c000-0xffffffff could not be reserved
[    0.266413] system 00:02: ioport range 0x164e-0x164f has been reserved
[    0.266504] system 00:02: ioport range 0x1000-0x107f has been reserved
[    0.266599] system 00:02: ioport range 0x1180-0x11bf has been reserved
[    0.266690] system 00:02: ioport range 0x800-0x80f has been reserved
[    0.266781] system 00:02: ioport range 0x15e0-0x15ef has been reserved
[    0.266882] system 00:02: ioport range 0x1600-0x165f could not be reserved
[    0.266974] system 00:02: iomem range 0xf0000000-0xf3ffffff has been reserved
[    0.267070] system 00:02: iomem range 0xfed1c000-0xfed1ffff has been reserved
[    0.267161] system 00:02: iomem range 0xfed14000-0xfed17fff has been reserved
[    0.267254] system 00:02: iomem range 0xfed18000-0xfed18fff has been reserved
[    0.267348] system 00:02: iomem range 0xfed19000-0xfed19fff has been reserved
[    0.267444] system 00:02: iomem range 0xfed45000-0xfed4bfff has been reserved
[    0.302483] pci 0000:00:1c.0: PCI bridge, secondary bus 0000:02
[    0.302576] pci 0000:00:1c.0:   IO window: 0x2000-0x2fff
[    0.302673] pci 0000:00:1c.0:   MEM window: 0xfc000000-0xfdffffff
[    0.302763] pci 0000:00:1c.0:   PREFETCH window: 0x000000f8000000-0x000000f80fffff
[    0.302904] pci 0000:00:1c.1: PCI bridge, secondary bus 0000:03
[    0.303000] pci 0000:00:1c.1:   IO window: 0x3000-0x3fff
[    0.303095] pci 0000:00:1c.1:   MEM window: 0xdc000000-0xdf3fffff
[    0.303193] pci 0000:00:1c.1:   PREFETCH window: 0x000000dfe00000-0x000000dfefffff
[    0.303321] pci 0000:00:1c.2: PCI bridge, secondary bus 0000:04
[    0.303413] pci 0000:00:1c.2:   IO window: 0x4000-0x4fff
[    0.303508] pci 0000:00:1c.2:   MEM window: 0xd8000000-0xd9ffffff
[    0.303601] pci 0000:00:1c.2:   PREFETCH window: 0x000000dfb00000-0x000000dfbfffff
[    0.303732] pci 0000:00:1c.3: PCI bridge, secondary bus 0000:05
[    0.303824] pci 0000:00:1c.3:   IO window: 0x5000-0x5fff
[    0.303917] pci 0000:00:1c.3:   MEM window: 0xd4000000-0xd5ffffff
[    0.304008] pci 0000:00:1c.3:   PREFETCH window: 0x000000df800000-0x000000df8fffff
[    0.304140] pci 0000:00:1c.4: PCI bridge, secondary bus 0000:0d
[    0.304234] pci 0000:00:1c.4:   IO window: 0x6000-0x6fff
[    0.304331] pci 0000:00:1c.4:   MEM window: 0xd0000000-0xd1ffffff
[    0.304423] pci 0000:00:1c.4:   PREFETCH window: 0x000000df500000-0x000000df5fffff
[    0.304555] pci 0000:15:00.0: CardBus bridge, secondary bus 0000:16
[    0.304650] pci 0000:15:00.0:   IO window: 0x007000-0x0070ff
[    0.304744] pci 0000:15:00.0:   IO window: 0x007400-0x0074ff
[    0.304839] pci 0000:15:00.0:   PREFETCH window: 0xf4000000-0xf7ffffff
[    0.304939] pci 0000:15:00.0:   MEM window: 0x40000000-0x43ffffff
[    0.305037] pci 0000:00:1e.0: PCI bridge, secondary bus 0000:15
[    0.305134] pci 0000:00:1e.0:   IO window: 0x7000-0xafff
[    0.305228] pci 0000:00:1e.0:   MEM window: 0xf8300000-0xfbffffff
[    0.305323] pci 0000:00:1e.0:   PREFETCH window: 0x000000f4000000-0x000000f7ffffff
[    0.305468] pci 0000:00:1c.0: PCI INT A -> GSI 20 (level, low) -> IRQ 20
[    0.305566] pci 0000:00:1c.0: setting latency timer to 64
[    0.305575] pci 0000:00:1c.1: PCI INT B -> GSI 21 (level, low) -> IRQ 21
[    0.305678] pci 0000:00:1c.1: setting latency timer to 64
[    0.305691] pci 0000:00:1c.2: PCI INT C -> GSI 22 (level, low) -> IRQ 22
[    0.305789] pci 0000:00:1c.2: setting latency timer to 64
[    0.305802] pci 0000:00:1c.3: PCI INT D -> GSI 23 (level, low) -> IRQ 23
[    0.305900] pci 0000:00:1c.3: setting latency timer to 64
[    0.305909] pci 0000:00:1c.4: PCI INT A -> GSI 20 (level, low) -> IRQ 20
[    0.306002] pci 0000:00:1c.4: setting latency timer to 64
[    0.306011] pci 0000:00:1e.0: enabling device (0005 -> 0007)
[    0.306107] pci 0000:00:1e.0: setting latency timer to 64
[    0.306125] pci 0000:15:00.0: PCI INT A -> GSI 16 (level, low) -> IRQ 16
[    0.306218] pci 0000:15:00.0: setting latency timer to 64
[    0.306224] pci_bus 0000:00: resource 0 io:  [0x00-0xffff]
[    0.306226] pci_bus 0000:00: resource 1 mem: [0x000000-0xffffffff]
[    0.306228] pci_bus 0000:02: resource 0 io:  [0x2000-0x2fff]
[    0.306230] pci_bus 0000:02: resource 1 mem: [0xfc000000-0xfdffffff]
[    0.306231] pci_bus 0000:02: resource 2 pref mem [0xf8000000-0xf80fffff]
[    0.306233] pci_bus 0000:03: resource 0 io:  [0x3000-0x3fff]
[    0.306235] pci_bus 0000:03: resource 1 mem: [0xdc000000-0xdf3fffff]
[    0.306237] pci_bus 0000:03: resource 2 pref mem [0xdfe00000-0xdfefffff]
[    0.306239] pci_bus 0000:04: resource 0 io:  [0x4000-0x4fff]
[    0.306240] pci_bus 0000:04: resource 1 mem: [0xd8000000-0xd9ffffff]
[    0.306242] pci_bus 0000:04: resource 2 pref mem [0xdfb00000-0xdfbfffff]
[    0.306244] pci_bus 0000:05: resource 0 io:  [0x5000-0x5fff]
[    0.306246] pci_bus 0000:05: resource 1 mem: [0xd4000000-0xd5ffffff]
[    0.306248] pci_bus 0000:05: resource 2 pref mem [0xdf800000-0xdf8fffff]
[    0.306249] pci_bus 0000:0d: resource 0 io:  [0x6000-0x6fff]
[    0.306251] pci_bus 0000:0d: resource 1 mem: [0xd0000000-0xd1ffffff]
[    0.306253] pci_bus 0000:0d: resource 2 pref mem [0xdf500000-0xdf5fffff]
[    0.306255] pci_bus 0000:15: resource 0 io:  [0x7000-0xafff]
[    0.306257] pci_bus 0000:15: resource 1 mem: [0xf8300000-0xfbffffff]
[    0.306258] pci_bus 0000:15: resource 2 pref mem [0xf4000000-0xf7ffffff]
[    0.306260] pci_bus 0000:15: resource 3 io:  [0x00-0xffff]
[    0.306262] pci_bus 0000:15: resource 4 mem: [0x000000-0xffffffff]
[    0.306264] pci_bus 0000:16: resource 0 io:  [0x7000-0x70ff]
[    0.306265] pci_bus 0000:16: resource 1 io:  [0x7400-0x74ff]
[    0.306267] pci_bus 0000:16: resource 2 pref mem [0xf4000000-0xf7ffffff]
[    0.306269] pci_bus 0000:16: resource 3 mem: [0x40000000-0x43ffffff]
[    0.306277] NET: Registered protocol family 2
[    0.306371] RANDOM - __random32 called. Change num 7.  Value: 7ba3d01e	3ca905be	d2026a24
[    0.306373] RANDOM - random32 called.  Value: 7ba3d01e	3ca905be	d2026a24
[    0.306377] random 0000 0000 0000 5f8db4e5 4cfdf2a8: rand_read_num 3 get_random_bytes(4): sig fffffb64 5f8db4e5 4cfdf2a8
[    0.306379] random 0000 0000 0000 5f8db4e5 4cfdf2a8: extract_entropy(.. 4 ..)
[    0.306382] random 0000 0000 0000 5f8db4e5 4cfdf2a8: going to reseed nonblocking with 64 bits (32 of 0 requested)
[    0.306384] random 0000 0000 0000 5f8db4e5 4cfdf2a8: extract_entropy(.. 8 ..)
[    0.306386] random 0000 0000 0000 5f8db4e5 4cfdf2a8: trying to extract 64 bits from input
[    0.306388] random 0000 0000 0000 5f8db4e5 4cfdf2a8: debiting 0 entropy credits from input
[    0.306390] random 0000 0000 0000 5f8db4e5 4cfdf2a8: extract_entropy account returned: 0 
[    0.306393] random 0000 0000 0000 5f8db4e5 4cfdf2a8: urand_change_num 5 xfer_secondary_pool(4): pool_sig fffffb64, data_sig 00000000, bytes_mixed 0 5f8db4e5 4cfdf2a8
[    0.306396] random 0000 0000 0000 5f8db4e5 4cfdf2a8: trying to extract 32 bits from nonblocking
[    0.306398] random 0000 0000 0000 5f8db4e5 4cfdf2a8: debiting 32 entropy credits from nonblocking (unlimited)
[    0.306400] random 0000 0000 0000 5f8db4e5 4cfdf2a8: extract_entropy account returned: 4 
[    0.306405] random 0000 0000 0000 5f8db4e5 4cfdf2a8: urand_change_num 6 extract_buf: pool_sig fffffb64, data_sig 00000241, bytes_mixed 20 5f8db4e5 4cfdf2a8
[    0.306414] IP route cache hash table entries: 32768 (order: 5, 131072 bytes)
[    0.306540] RANDOM - __random32 called. Change num 8.  Value: 3d01e034	ca905be7	d4484227
[    0.306542] RANDOM - random32 called.  Value: 3d01e034	ca905be7	d4484227
[    0.306553] RANDOM - __random32 called. Change num 9.  Value: 1e034020	a905be70	844ec14a
[    0.306555] RANDOM - random32 called.  Value: 1e034020	a905be70	844ec14a
[    0.306556] RANDOM - __random32 called. Change num 10.  Value: 34020ec0	905be706	8294c719
[    0.306558] RANDOM - random32 called.  Value: 34020ec0	905be706	8294c719
[    0.306568] RANDOM - __random32 called. Change num 11.  Value: 20ec0ebb	5be7068	8e32c65f
[    0.306570] RANDOM - random32 called.  Value: 20ec0ebb	5be7068	8e32c65f
[    0.306580] TCP established hash table entries: 131072 (order: 8, 1048576 bytes)
[    0.307076] TCP bind hash table entries: 65536 (order: 6, 262144 bytes)
[    0.307264] TCP: Hash tables configured (established 131072 bind 65536)
[    0.307356] TCP reno registered
[    0.307460] NET: Registered protocol family 1
[    0.307575] RPC: Registered udp transport module.
[    0.307665] RPC: Registered tcp transport module.
[    0.307755] RPC: Registered tcp NFSv4.1 backchannel transport module.
[    0.307851] pci 0000:00:02.0: Boot video device
[    0.308097] Simple Boot Flag at 0x35 set to 0x1
[    0.308612] highmem bounce pool size: 64 pages
[    0.310199] VFS: Disk quotas dquot_6.5.2
[    0.310326] Dquot-cache hash table entries: 1024 (order 0, 4096 bytes)
[    0.311004] NTFS driver 2.1.29 [Flags: R/W].
[    0.311168] ROMFS MTD (C) 2007 Red Hat, Inc.
[    0.311384] JFS: nTxBlock = 7695, nTxLock = 61562
[    0.313846] SGI XFS with ACLs, security attributes, large block/inode numbers, no debug enabled
[    0.314358] SGI XFS Quota Management subsystem
[    0.314650] Slow work thread pool: Starting up
[    0.314753] Slow work thread pool: Ready
[    0.314849] GFS2 (built May 24 2013 02:47:17) installed
[    0.314956] msgmni has been set to 1734
[    0.315126] alg: No test for cipher_null (cipher_null-generic)
[    0.315227] alg: No test for ecb(cipher_null) (ecb-cipher_null)
[    0.315334] alg: No test for digest_null (digest_null-generic)
[    0.315432] alg: No test for compress_null (compress_null-generic)
[    0.315993] alg: No test for fcrypt (fcrypt-generic)
[    0.317405] alg: No test for stdrng (krng)
[    0.317495] async_tx: api initialized (async)
[    0.317650] Block layer SCSI generic (bsg) driver version 0.4 loaded (major 254)
[    0.317772] io scheduler noop registered
[    0.317860] io scheduler anticipatory registered
[    0.317968] io scheduler deadline registered
[    0.318105] io scheduler cfq registered (default)
[    0.318347] pcieport 0000:00:1c.0: irq 24 for MSI/MSI-X
[    0.318366] pcieport 0000:00:1c.0: setting latency timer to 64
[    0.318546] pcieport 0000:00:1c.1: irq 25 for MSI/MSI-X
[    0.318557] pcieport 0000:00:1c.1: setting latency timer to 64
[    0.318735] pcieport 0000:00:1c.2: irq 26 for MSI/MSI-X
[    0.318746] pcieport 0000:00:1c.2: setting latency timer to 64
[    0.318940] pcieport 0000:00:1c.3: irq 27 for MSI/MSI-X
[    0.318951] pcieport 0000:00:1c.3: setting latency timer to 64
[    0.319138] pcieport 0000:00:1c.4: irq 28 for MSI/MSI-X
[    0.319149] pcieport 0000:00:1c.4: setting latency timer to 64
[    0.319294] pci_hotplug: PCI Hot Plug PCI Core version: 0.5
[    0.319486] isapnp: Scanning for PnP cards...
[    0.680023] isapnp: No Plug & Play device found
[    0.680115] random 0000 0000 0000 5f8db4e5 4cfdf2a8: initializing
[    0.699671] Serial: 8250/16550 driver, 4 ports, IRQ sharing enabled
[    3.711173] floppy0: no floppy controllers found
[    3.712119] brd: module loaded
[    3.712633] loop: module loaded
[    3.712720] Compaq SMART2 Driver (v 2.6.0)
[    3.712844] HP CISS Driver (v 3.6.20)
[    3.713083] input: Macintosh mouse button emulation as /devices/virtual/input/input0
[    3.713226] Uniform Multi-Platform E-IDE driver
[    3.713456] piix 0000:00:1f.1: IDE controller (0x8086:0x2850 rev 0x03)
[    3.713561] pci 0000:00:1f.1: PCI INT C -> GSI 16 (level, low) -> IRQ 16
[    3.713664] piix 0000:00:1f.1: IDE port disabled
[    3.713762] piix 0000:00:1f.1: not 100% native mode: will probe irqs later
[    3.713865]     ide0: BM-DMA at 0x1c00-0x1c07
[    3.713954] Probing IDE interface ide0...
[    4.385451] hda: HL-DT-ST DVDRAM GSA-U10N, ATAPI CD/DVD-ROM drive
[    4.692289] hda: host max PIO4 wanted PIO255(auto-tune) selected PIO4
[    4.693060] hda: UDMA/33 mode selected
[    4.693520] ide0 at 0x1f0-0x1f7,0x3f6 on irq 14
[    4.697433] ide-gd driver 1.18
[    4.697539] ide-cd driver 5.00
[    4.698929] ide-cd: hda: ATAPI 24X DVD-ROM DVD-R/RAM CD-R/RW drive, 2048kB Cache
[    4.699382] Uniform CD-ROM driver Revision: 3.20
[    4.706448] Loading iSCSI transport class v2.0-870.
[    4.706735] rdac: device handler registered
[    4.706824] hp_sw: device handler registered
[    4.706914] emc: device handler registered
[    4.707001] alua: device handler registered
[    4.707988] Adaptec aacraid driver 1.1-5[2461]-ms
[    4.708413] scsi: <fdomain> Detection failed (no card)
[    4.708511] sym53c416.c: Version 1.0.0-ac
[    4.708622] qlogicfas: no cards were found, please specify I/O address and IRQ using iobase= and irq= options
[    4.708747] QLogic Fibre Channel HBA Driver: 8.03.01-k6
[    4.708968] iscsi: registered transport (qla4xxx)
[    4.709080] QLogic iSCSI HBA Driver
[    4.709167] Emulex LightPulse Fibre Channel SCSI driver 8.3.4
[    4.709271] Copyright(c) 2004-2009 Emulex.  All rights reserved.
[    4.731280] Failed initialization of WD-7000 SCSI card!
[    4.819744] DC390: clustering now enabled by default. If you get problems load
[    4.819867]        with "disable_clustering=1" and report to maintainers
[    4.820002] megaraid cmm: 2.20.2.7 (Release Date: Sun Jul 16 00:01:03 EST 2006)
[    4.820158] megaraid: 2.20.5.1 (Release Date: Thu Nov 16 15:32:35 EST 2006)
[    4.820271] megasas: 00.00.04.01 Thu July 24 11:41:51 PST 2008
[    4.820403] GDT-HA: Storage RAID Controller Driver. Version: 3.05
[    4.820553] 3ware Storage Controller device driver for Linux v1.26.02.002.
[    4.820664] 3ware 9000 Storage Controller device driver for Linux v2.26.02.012.
[    4.820806] nsp32: loading...
[    4.820913] ipr: IBM Power RAID SCSI Device Driver version: 2.4.3 (June 10, 2009)
[    4.821056] RocketRAID 3xxx/4xxx Controller driver v1.6 (090910)
[    4.821168] stex: Promise SuperTrak EX Driver version: 4.6.0000.3
[    4.821309] st: Version 20081215, fixed bufsize 32768, s/g segs 256
[    4.821498] ahci 0000:00:1f.2: version 3.0
[    4.821512] ahci 0000:00:1f.2: PCI INT B -> GSI 16 (level, low) -> IRQ 16
[    4.821647] ahci 0000:00:1f.2: irq 29 for MSI/MSI-X
[    4.821702] ahci 0000:00:1f.2: AHCI 0001.0100 32 slots 3 ports 1.5 Gbps 0x5 impl SATA mode
[    4.821826] ahci 0000:00:1f.2: flags: 64bit ncq sntf pm led clo pio slum part ccc 
[    4.821959] ahci 0000:00:1f.2: setting latency timer to 64
[    4.822100] scsi2 : ahci
[    4.822277] scsi3 : ahci
[    4.822420] scsi4 : ahci
[    4.822589] ata1: SATA max UDMA/133 abar m2048@0xfe226000 port 0xfe226100 irq 29
[    4.822710] ata2: DUMMY
[    4.822795] ata3: SATA max UDMA/133 abar m2048@0xfe226000 port 0xfe226200 irq 29
[    4.823423] I2O subsystem v1.325
[    4.823511] i2o: max drivers = 8
[    4.823658] I2O Configuration OSM v1.323
[    4.823767] I2O Bus Adapter OSM v1.317
[    4.823870] I2O Block Device OSM v1.325
[    4.824020] I2O SCSI Peripheral OSM v1.316
[    4.824123] I2O ProcFS OSM v1.316
[    4.824230] Fusion MPT base driver 3.04.12
[    4.824336] Copyright (c) 1999-2008 LSI Corporation
[    4.824430] Fusion MPT SPI Host driver 3.04.12
[    4.824577] Fusion MPT FC Host driver 3.04.12
[    4.824693] Fusion MPT SAS Host driver 3.04.12
[    4.824848] ohci1394 0000:15:00.1: PCI INT B -> GSI 17 (level, low) -> IRQ 17
[    4.824947] ohci1394 0000:15:00.1: setting latency timer to 64
[    4.878313] ohci1394: fw-host0: OHCI-1394 1.1 (PCI): IRQ=[17]  MMIO=[f8301000-f83017ff]  Max Packet=[2048]  IR/IT contexts=[4/4]
[    4.881577] ehci_hcd: USB 2.0 'Enhanced' Host Controller (EHCI) Driver
[    4.881854] ehci_hcd 0000:00:1a.7: power state changed by ACPI to D0
[    4.882095] ehci_hcd 0000:00:1a.7: power state changed by ACPI to D0
[    4.882194] ehci_hcd 0000:00:1a.7: PCI INT C -> GSI 22 (level, low) -> IRQ 22
[    4.882300] ehci_hcd 0000:00:1a.7: setting latency timer to 64
[    4.882304] ehci_hcd 0000:00:1a.7: EHCI Host Controller
[    4.882444] ehci_hcd 0000:00:1a.7: new USB bus registered, assigned bus number 1
[    4.886483] ehci_hcd 0000:00:1a.7: cache line size of 32 is not supported
[    4.886492] ehci_hcd 0000:00:1a.7: irq 22, io mem 0xfe226c00
[    4.896277] ehci_hcd 0000:00:1a.7: USB 2.0 started, EHCI 1.00
[    4.896382] usb usb1: New USB device found, idVendor=1d6b, idProduct=0002
[    4.896474] usb usb1: New USB device strings: Mfr=3, Product=2, SerialNumber=1
[    4.896601] usb usb1: Product: EHCI Host Controller
[    4.896690] usb usb1: Manufacturer: Linux 2.6.32.57 ehci_hcd
[    4.896779] usb usb1: SerialNumber: 0000:00:1a.7
[    4.896925] usb usb1: configuration #1 chosen from 1 choice
[    4.897048] hub 1-0:1.0: USB hub found
[    4.897139] hub 1-0:1.0: 4 ports detected
[    4.897460] ehci_hcd 0000:00:1d.7: power state changed by ACPI to D0
[    4.897706] ehci_hcd 0000:00:1d.7: power state changed by ACPI to D0
[    4.897812] ehci_hcd 0000:00:1d.7: PCI INT D -> GSI 19 (level, low) -> IRQ 19
[    4.897913] ehci_hcd 0000:00:1d.7: setting latency timer to 64
[    4.897918] ehci_hcd 0000:00:1d.7: EHCI Host Controller
[    4.898044] ehci_hcd 0000:00:1d.7: new USB bus registered, assigned bus number 2
[    4.898198] ehci_hcd 0000:00:1d.7: debug port 1
[    4.902201] ehci_hcd 0000:00:1d.7: cache line size of 32 is not supported
[    4.902208] ehci_hcd 0000:00:1d.7: irq 19, io mem 0xfe227000
[    4.912279] ehci_hcd 0000:00:1d.7: USB 2.0 started, EHCI 1.00
[    4.912390] usb usb2: New USB device found, idVendor=1d6b, idProduct=0002
[    4.912485] usb usb2: New USB device strings: Mfr=3, Product=2, SerialNumber=1
[    4.912606] usb usb2: Product: EHCI Host Controller
[    4.912695] usb usb2: Manufacturer: Linux 2.6.32.57 ehci_hcd
[    4.912780] usb usb2: SerialNumber: 0000:00:1d.7
[    4.912922] usb usb2: configuration #1 chosen from 1 choice
[    4.913045] hub 2-0:1.0: USB hub found
[    4.913134] hub 2-0:1.0: 6 ports detected
[    4.913316] 116x: driver isp116x-hcd, 03 Nov 2005
[    4.913421] ohci_hcd: USB 1.1 'Open' Host Controller (OHCI) Driver
[    4.913533] uhci_hcd: USB Universal Host Controller Interface driver
[    4.913641] uhci_hcd 0000:00:1a.0: PCI INT A -> GSI 20 (level, low) -> IRQ 20
[    4.913736] uhci_hcd 0000:00:1a.0: setting latency timer to 64
[    4.913741] uhci_hcd 0000:00:1a.0: UHCI Host Controller
[    4.913871] uhci_hcd 0000:00:1a.0: new USB bus registered, assigned bus number 3
[    4.914024] uhci_hcd 0000:00:1a.0: irq 20, io base 0x00001860
[    4.914138] usb usb3: New USB device found, idVendor=1d6b, idProduct=0001
[    4.914230] usb usb3: New USB device strings: Mfr=3, Product=2, SerialNumber=1
[    4.914359] usb usb3: Product: UHCI Host Controller
[    4.914454] usb usb3: Manufacturer: Linux 2.6.32.57 uhci_hcd
[    4.914543] usb usb3: SerialNumber: 0000:00:1a.0
[    4.914681] usb usb3: configuration #1 chosen from 1 choice
[    4.914801] hub 3-0:1.0: USB hub found
[    4.914893] hub 3-0:1.0: 2 ports detected
[    4.915190] uhci_hcd 0000:00:1a.1: power state changed by ACPI to D0
[    4.915433] uhci_hcd 0000:00:1a.1: power state changed by ACPI to D0
[    4.915527] uhci_hcd 0000:00:1a.1: PCI INT B -> GSI 21 (level, low) -> IRQ 21
[    4.915625] uhci_hcd 0000:00:1a.1: setting latency timer to 64
[    4.915628] uhci_hcd 0000:00:1a.1: UHCI Host Controller
[    4.915757] uhci_hcd 0000:00:1a.1: new USB bus registered, assigned bus number 4
[    4.915907] uhci_hcd 0000:00:1a.1: irq 21, io base 0x00001880
[    4.916022] usb usb4: New USB device found, idVendor=1d6b, idProduct=0001
[    4.916115] usb usb4: New USB device strings: Mfr=3, Product=2, SerialNumber=1
[    4.916235] usb usb4: Product: UHCI Host Controller
[    4.916333] usb usb4: Manufacturer: Linux 2.6.32.57 uhci_hcd
[    4.916425] usb usb4: SerialNumber: 0000:00:1a.1
[    4.916563] usb usb4: configuration #1 chosen from 1 choice
[    4.916683] hub 4-0:1.0: USB hub found
[    4.916778] hub 4-0:1.0: 2 ports detected
[    4.917105] uhci_hcd 0000:00:1d.0: power state changed by ACPI to D0
[    4.917351] uhci_hcd 0000:00:1d.0: power state changed by ACPI to D0
[    4.917446] uhci_hcd 0000:00:1d.0: PCI INT A -> GSI 16 (level, low) -> IRQ 16
[    4.917544] uhci_hcd 0000:00:1d.0: setting latency timer to 64
[    4.917549] uhci_hcd 0000:00:1d.0: UHCI Host Controller
[    4.917679] uhci_hcd 0000:00:1d.0: new USB bus registered, assigned bus number 5
[    4.917833] uhci_hcd 0000:00:1d.0: irq 16, io base 0x000018a0
[    4.917951] usb usb5: New USB device found, idVendor=1d6b, idProduct=0001
[    4.918046] usb usb5: New USB device strings: Mfr=3, Product=2, SerialNumber=1
[    4.918170] usb usb5: Product: UHCI Host Controller
[    4.918261] usb usb5: Manufacturer: Linux 2.6.32.57 uhci_hcd
[    4.918359] usb usb5: SerialNumber: 0000:00:1d.0
[    4.918499] usb usb5: configuration #1 chosen from 1 choice
[    4.918621] hub 5-0:1.0: USB hub found
[    4.918712] hub 5-0:1.0: 2 ports detected
[    4.918852] uhci_hcd 0000:00:1d.1: PCI INT B -> GSI 17 (level, low) -> IRQ 17
[    4.918949] uhci_hcd 0000:00:1d.1: setting latency timer to 64
[    4.918953] uhci_hcd 0000:00:1d.1: UHCI Host Controller
[    4.919079] uhci_hcd 0000:00:1d.1: new USB bus registered, assigned bus number 6
[    4.919225] uhci_hcd 0000:00:1d.1: irq 17, io base 0x000018c0
[    4.919342] usb usb6: New USB device found, idVendor=1d6b, idProduct=0001
[    4.919435] usb usb6: New USB device strings: Mfr=3, Product=2, SerialNumber=1
[    4.919555] usb usb6: Product: UHCI Host Controller
[    4.919645] usb usb6: Manufacturer: Linux 2.6.32.57 uhci_hcd
[    4.919735] usb usb6: SerialNumber: 0000:00:1d.1
[    4.919875] usb usb6: configuration #1 chosen from 1 choice
[    4.919991] hub 6-0:1.0: USB hub found
[    4.920082] hub 6-0:1.0: 2 ports detected
[    4.920393] uhci_hcd 0000:00:1d.2: power state changed by ACPI to D0
[    4.920643] uhci_hcd 0000:00:1d.2: power state changed by ACPI to D0
[    4.920743] uhci_hcd 0000:00:1d.2: PCI INT C -> GSI 18 (level, low) -> IRQ 18
[    4.920845] uhci_hcd 0000:00:1d.2: setting latency timer to 64
[    4.920850] uhci_hcd 0000:00:1d.2: UHCI Host Controller
[    4.920979] uhci_hcd 0000:00:1d.2: new USB bus registered, assigned bus number 7
[    4.921134] uhci_hcd 0000:00:1d.2: irq 18, io base 0x000018e0
[    4.921251] usb usb7: New USB device found, idVendor=1d6b, idProduct=0001
[    4.921352] usb usb7: New USB device strings: Mfr=3, Product=2, SerialNumber=1
[    4.921476] usb usb7: Product: UHCI Host Controller
[    4.921563] usb usb7: Manufacturer: Linux 2.6.32.57 uhci_hcd
[    4.921659] usb usb7: SerialNumber: 0000:00:1d.2
[    4.922452] usb usb7: configuration #1 chosen from 1 choice
[    4.922573] hub 7-0:1.0: USB hub found
[    4.922663] hub 7-0:1.0: 2 ports detected
[    4.922829] sl811: driver sl811-hcd, 19 May 2005
[    4.922933] r8a66597_hcd: driver r8a66597_hcd, 2009-05-26
[    4.923105] Initializing USB Mass Storage driver...
[    4.923234] usbcore: registered new interface driver usb-storage
[    4.923328] USB Mass Storage support registered.
[    4.923440] usbcore: registered new interface driver ums-alauda
[    4.923548] usbcore: registered new interface driver ums-cypress
[    4.923659] usbcore: registered new interface driver ums-datafab
[    4.923769] usbcore: registered new interface driver ums-freecom
[    4.923884] usbcore: registered new interface driver ums-isd200
[    4.923995] usbcore: registered new interface driver ums-jumpshot
[    4.924105] usbcore: registered new interface driver ums-karma
[    4.924210] usbcore: registered new interface driver ums-onetouch
[    4.924336] usbcore: registered new interface driver ums-sddr09
[    4.924443] usbcore: registered new interface driver ums-sddr55
[    4.924552] usbcore: registered new interface driver ums-usbat
[    4.924696] PNP: PS/2 Controller [PNP0303:KBD,PNP0f13:MOU] at 0x60,0x64 irq 1,12
[    4.932848] serio: i8042 KBD port at 0x60,0x64 irq 1
[    4.932943] serio: i8042 AUX port at 0x60,0x64 irq 12
[    4.933188] mice: PS/2 mouse device common for all mice
[    4.933312] i2c /dev entries driver
[    4.933442] md: linear personality registered for level -1
[    4.933534] md: raid0 personality registered for level 0
[    4.933626] md: raid1 personality registered for level 1
[    4.933719] md: raid10 personality registered for level 10
[    4.933810] md: raid6 personality registered for level 6
[    4.933895] md: raid5 personality registered for level 5
[    4.933986] md: raid4 personality registered for level 4
[    4.934075] md: multipath personality registered for level -4
[    4.934262] device-mapper: ioctl: 4.15.0-ioctl (2009-04-01) initialised: dm-devel@redhat.com
[    4.934480] cpuidle: using governor ladder
[    4.935078] usbcore: registered new interface driver usbhid
[    4.935168] usbhid: v2.6:USB HID core driver
[    4.935328] random 0000 0000 0000 00000000 00000000: rand_read_num 4 get_random_bytes(136): sig 00000000 00000000 00000000
[    4.935331] random 0000 0000 0000 00000000 00000000: extract_entropy(.. 136 ..)
[    4.935333] random 0000 0000 0000 00000000 00000000: going to reseed nonblocking with 1024 bits (1088 of 0 requested)
[    4.935336] random 0000 0000 0000 00000000 00000000: extract_entropy(.. 128 ..)
[    4.935338] random 0000 0000 0000 00000000 00000000: trying to extract 1024 bits from input
[    4.935340] random 0000 0000 0000 00000000 00000000: debiting 0 entropy credits from input
[    4.935342] random 0000 0000 0000 00000000 00000000: extract_entropy account returned: 0 
[    4.935345] random 0000 0000 0000 00000000 00000000: urand_change_num 7 xfer_secondary_pool(136): pool_sig 00000000, data_sig 00000000, bytes_mixed 0 00000000 00000000
[    4.935348] random 0000 0000 0000 00000000 00000000: trying to extract 1088 bits from nonblocking
[    4.935350] random 0000 0000 0000 00000000 00000000: debiting 1088 entropy credits from nonblocking (unlimited)
[    4.935353] random 0000 0000 0000 00000000 00000000: extract_entropy account returned: 136 
[    4.935357] random 0000 0000 0000 00000000 00000000: urand_change_num 8 extract_buf: pool_sig 00000000, data_sig fffffff9, bytes_mixed 20 00000000 00000000
[    4.935362] random 0000 0000 0000 b7c35b56 be4dc95d: urand_change_num 9 extract_buf: pool_sig fffffd1e, data_sig 000000c5, bytes_mixed 20 b7c35b56 be4dc95d
[    4.935367] random 0000 0000 0000 ed9f5c47 c48487fb: urand_change_num 10 extract_buf: pool_sig fffff8ec, data_sig ffffff68, bytes_mixed 20 ed9f5c47 c48487fb
[    4.935373] random 0000 0000 0000 ed9f5c47 c48487fb: urand_change_num 11 extract_buf: pool_sig fffffaed, data_sig 000001aa, bytes_mixed 20 ed9f5c47 c48487fb
[    4.935378] random 0000 0000 0000 1b4f7c0a 91bd6a48: urand_change_num 12 extract_buf: pool_sig fffffdd8, data_sig 00000064, bytes_mixed 20 1b4f7c0a 91bd6a48
[    4.935383] random 0000 0000 0000 a254b9bc 20e9a24f: urand_change_num 13 extract_buf: pool_sig fffffbe6, data_sig 000001dd, bytes_mixed 20 a254b9bc 20e9a24f
[    4.935388] random 0000 0000 0000 a254b9bc 20e9a24f: urand_change_num 14 extract_buf: pool_sig fffff940, data_sig fffffe20, bytes_mixed 20 a254b9bc 20e9a24f
[    4.935393] random 0000 0000 0000 2831a66b 5fa2a3ad: urand_change_num 15 extract_buf: pool_sig fffffbce, data_sig 0000007e, bytes_mixed 20 2831a66b 5fa2a3ad
[    4.935399] random 0000 0000 0000 2831a66b 5fa2a3ad: urand_change_num 16 extract_buf: pool_sig 000004df, data_sig fffffe8f, bytes_mixed 20 2831a66b 5fa2a3ad
[    4.935404] random 0000 0000 0000 d4512bfd c9a54e0b: urand_change_num 17 extract_buf: pool_sig 00000485, data_sig fffffe68, bytes_mixed 20 d4512bfd c9a54e0b
[    4.935409] random 0000 0000 0000 c7371be6 f9ffea11: urand_change_num 18 extract_buf: pool_sig 00000095, data_sig ffffffed, bytes_mixed 20 c7371be6 f9ffea11
[    4.935414] random 0000 0000 0000 c7371be6 f9ffea11: urand_change_num 19 extract_buf: pool_sig 000003a7, data_sig fffffefa, bytes_mixed 20 c7371be6 f9ffea11
[    4.935419] random 0000 0000 0000 8fb4b62c d1ddba54: urand_change_num 20 extract_buf: pool_sig 00000179, data_sig ffffff78, bytes_mixed 20 8fb4b62c d1ddba54
[    4.935424] random 0000 0000 0000 9ff19f9c c07a1d2a: urand_change_num 21 extract_buf: pool_sig fffffe88, data_sig 00000126, bytes_mixed 20 9ff19f9c c07a1d2a
[    4.935428] TCP cubic registered
[    4.935517] Initializing XFRM netlink socket
[    4.935608] NET: Registered protocol family 17
[    4.935702] Using IPI Shortcut mode
[    4.935795] random 0000 0000 0000 9ff19f9c c07a1d2a: rand_read_num 5 get_random_bytes(8): sig 0000031b 9ff19f9c c07a1d2a
[    4.935797] random 0000 0000 0000 9ff19f9c c07a1d2a: extract_entropy(.. 8 ..)
[    4.935799] random 0000 0000 0000 9ff19f9c c07a1d2a: going to reseed nonblocking with 64 bits (64 of 0 requested)
[    4.935801] random 0000 0000 0000 9ff19f9c c07a1d2a: extract_entropy(.. 8 ..)
[    4.935803] random 0000 0000 0000 9ff19f9c c07a1d2a: trying to extract 64 bits from input
[    4.935805] random 0000 0000 0000 9ff19f9c c07a1d2a: debiting 0 entropy credits from input
[    4.935815] random 0000 0000 0000 9ff19f9c c07a1d2a: extract_entropy account returned: 0 
[    4.935818] random 0000 0000 0000 9ff19f9c c07a1d2a: urand_change_num 22 xfer_secondary_pool(8): pool_sig 0000031b, data_sig 00000000, bytes_mixed 0 9ff19f9c c07a1d2a
[    4.935820] random 0000 0000 0000 9ff19f9c c07a1d2a: trying to extract 64 bits from nonblocking
[    4.935823] random 0000 0000 0000 9ff19f9c c07a1d2a: debiting 64 entropy credits from nonblocking (unlimited)
[    4.935825] random 0000 0000 0000 9ff19f9c c07a1d2a: extract_entropy account returned: 8 
[    4.935829] random 0000 0000 0000 9ff19f9c c07a1d2a: urand_change_num 23 extract_buf: pool_sig 0000031b, data_sig ffffffb3, bytes_mixed 20 9ff19f9c c07a1d2a
[    4.938294] input: AT Translated Set 2 keyboard as /devices/platform/i8042/serio0/input/input1
[    5.128309] ata3: SATA link down (SStatus 0 SControl 300)
[    5.128430] ata1: SATA link up 1.5 Gbps (SStatus 113 SControl 300)
[    5.131024] ata1.00: ACPI cmd ef/02:00:00:00:00:a0 (SET FEATURES) succeeded
[    5.131027] ata1.00: ACPI cmd f5/00:00:00:00:00:a0 (SECURITY FREEZE LOCK) filtered out
[    5.132423] ata1.00: ACPI cmd ef/5f:00:00:00:00:a0 (SET FEATURES) succeeded
[    5.132426] ata1.00: ACPI cmd ef/10:03:00:00:00:a0 (SET FEATURES) filtered out
[    5.134333] ata1.00: ATA-7: ST910021AS, 4.06, max UDMA/100
[    5.134427] ata1.00: 195371568 sectors, multi 16: LBA48 
[    5.136572] ata1.00: ACPI cmd ef/02:00:00:00:00:a0 (SET FEATURES) succeeded
[    5.136574] ata1.00: ACPI cmd f5/00:00:00:00:00:a0 (SECURITY FREEZE LOCK) filtered out
[    5.137964] ata1.00: ACPI cmd ef/5f:00:00:00:00:a0 (SET FEATURES) succeeded
[    5.137967] ata1.00: ACPI cmd ef/10:03:00:00:00:a0 (SET FEATURES) filtered out
[    5.139891] ata1.00: configured for UDMA/100
[    5.150365] scsi 2:0:0:0: Direct-Access     ATA      ST910021AS       4.06 PQ: 0 ANSI: 5
[    5.150654] sd 2:0:0:0: [sda] 195371568 512-byte logical blocks: (100 GB/93.1 GiB)
[    5.150797] sd 2:0:0:0: [sda] Write Protect is off
[    5.150890] sd 2:0:0:0: [sda] Mode Sense: 00 3a 00 00
[    5.150902] sd 2:0:0:0: [sda] Write cache: enabled, read cache: enabled, doesn't support DPO or FUA
[    5.151091]  sda:
[    5.215305] usb 2-1: new high speed USB device using ehci_hcd and address 2
[    5.364552] usb 2-1: New USB device found, idVendor=0e8d, idProduct=1806
[    5.364640] usb 2-1: New USB device strings: Mfr=1, Product=2, SerialNumber=3
[    5.364723] usb 2-1: Product: MT1806 
[    5.364809] usb 2-1: Manufacturer: MediaTek Inc
[    5.364900] usb 2-1: SerialNumber: R8KN6GAC800AEB 
[    5.365035] usb 2-1: configuration #1 chosen from 1 choice
[    5.371348] scsi5 : SCSI emulation for USB Mass Storage devices
[    5.371514] usb-storage: device found at 2
[    5.371516] usb-storage: waiting for device to settle before scanning
[    5.565095]  sda1 sda2
[    5.565816] sd 2:0:0:0: [sda] Attached SCSI disk
[    5.565910] random 0000 0000 0000 277f73c3 42024bb9: rand_read_num 6 get_random_bytes(12): sig 000007e9 277f73c3 42024bb9
[    5.565912] random 0000 0000 0000 277f73c3 42024bb9: extract_entropy(.. 12 ..)
[    5.565915] random 0000 0000 0000 277f73c3 42024bb9: going to reseed nonblocking with 96 bits (96 of 0 requested)
[    5.565917] random 0000 0000 0000 277f73c3 42024bb9: extract_entropy(.. 12 ..)
[    5.565919] random 0000 0000 0000 277f73c3 42024bb9: trying to extract 96 bits from input
[    5.565921] random 0000 0000 0000 277f73c3 42024bb9: debiting 0 entropy credits from input
[    5.565923] random 0000 0000 0000 277f73c3 42024bb9: extract_entropy account returned: 0 
[    5.565926] random 0000 0000 0000 277f73c3 42024bb9: urand_change_num 24 xfer_secondary_pool(12): pool_sig 000007e9, data_sig 00000000, bytes_mixed 0 277f73c3 42024bb9
[    5.565929] random 0000 0000 0000 277f73c3 42024bb9: trying to extract 96 bits from nonblocking
[    5.565931] random 0000 0000 0000 277f73c3 42024bb9: debiting 96 entropy credits from nonblocking (unlimited)
[    5.565933] random 0000 0000 0000 277f73c3 42024bb9: extract_entropy account returned: 12 
[    5.565937] random 0000 0000 0000 277f73c3 42024bb9: urand_change_num 25 extract_buf: pool_sig 000007e9, data_sig 00000088, bytes_mixed 20 277f73c3 42024bb9
[    5.565943] random 0000 0000 0000 277f73c3 42024bb9: urand_change_num 26 extract_buf: pool_sig 00000498, data_sig fffffefb, bytes_mixed 20 277f73c3 42024bb9
[    5.565946] RANDOM - __seed init called.
[    5.565947] RANDOM - __seed init called.
[    5.565948] RANDOM - __seed init called.
[    5.565949] RANDOM - __random32 called. Change num 12.  Value: 87f14767	f0d7351	b1e48bd3
[    5.565951] RANDOM - random32_reseed called.  Value: 87f14767	f0d7351	b1e48bd3
[    5.565954] Pid: 1, comm: swapper Not tainted 2.6.32.57 #3
[    5.566042] Call Trace:
[    5.566132]  [<c1923ca4>] ? random32_reseed+0xa0/0xb1
[    5.566222]  [<c1923c04>] ? random32_reseed+0x0/0xb1
[    5.566311]  [<c100111e>] ? do_one_initcall+0x2e/0x180
[    5.566404]  [<c1907265>] ? kernel_init+0xad/0x103
[    5.566494]  [<c19071b8>] ? kernel_init+0x0/0x103
[    5.566586]  [<c1003787>] ? kernel_thread_helper+0x7/0x10
[    5.567109] random 0000 0000 0000 386b4e60 ee4d4880: rand_read_num 7 get_random_bytes(64): sig fffffea5 386b4e60 ee4d4880
[    5.567112] random 0000 0000 0000 386b4e60 ee4d4880: extract_entropy(.. 64 ..)
[    5.567114] random 0000 0000 0000 386b4e60 ee4d4880: going to reseed nonblocking with 512 bits (512 of 0 requested)
[    5.567116] random 0000 0000 0000 386b4e60 ee4d4880: extract_entropy(.. 64 ..)
[    5.567118] random 0000 0000 0000 386b4e60 ee4d4880: trying to extract 512 bits from input
[    5.567120] random 0000 0000 0000 386b4e60 ee4d4880: debiting 0 entropy credits from input
[    5.567122] random 0000 0000 0000 386b4e60 ee4d4880: extract_entropy account returned: 0 
[    5.567125] random 0000 0000 0000 386b4e60 ee4d4880: urand_change_num 27 xfer_secondary_pool(64): pool_sig fffffea5, data_sig 00000000, bytes_mixed 0 386b4e60 ee4d4880
[    5.567128] random 0000 0000 0000 386b4e60 ee4d4880: trying to extract 512 bits from nonblocking
[    5.567131] random 0000 0000 0000 386b4e60 ee4d4880: debiting 512 entropy credits from nonblocking (unlimited)
[    5.567133] random 0000 0000 0000 386b4e60 ee4d4880: extract_entropy account returned: 64 
[    5.567137] random 0000 0000 0000 386b4e60 ee4d4880: urand_change_num 28 extract_buf: pool_sig fffffea5, data_sig 00000173, bytes_mixed 20 386b4e60 ee4d4880
[    5.567142] random 0000 0000 0000 412698f6 0cc8689a: urand_change_num 29 extract_buf: pool_sig 00000122, data_sig ffffff63, bytes_mixed 20 412698f6 0cc8689a
[    5.567147] random 0000 0000 0000 412698f6 0cc8689a: urand_change_num 30 extract_buf: pool_sig 000001f7, data_sig 00000012, bytes_mixed 20 412698f6 0cc8689a
[    5.567153] random 0000 0000 0000 9669941e 06f768b1: urand_change_num 31 extract_buf: pool_sig fffffb5b, data_sig 0000003f, bytes_mixed 20 9669941e 06f768b1
[    5.567158] random 0000 0000 0000 98486520 995551f0: urand_change_num 32 extract_buf: pool_sig fffffb39, data_sig 0000000e, bytes_mixed 20 98486520 995551f0
[    5.567163] random 0000 0000 0000 98486520 995551f0: urand_change_num 33 extract_buf: pool_sig fffffd8d, data_sig 000001a6, bytes_mixed 20 98486520 995551f0
[    5.567168] random 0000 0000 0000 61fc8914 d5882ed2: urand_change_num 34 extract_buf: pool_sig fffffa58, data_sig 0000023e, bytes_mixed 20 61fc8914 d5882ed2
[    5.567197] random 0000 0000 0000 61fc8914 d5882ed2: rand_read_num 8 get_random_bytes(64): sig fffff9ee 61fc8914 d5882ed2
[    5.567200] random 0000 0000 0000 61fc8914 d5882ed2: extract_entropy(.. 64 ..)
[    5.567202] random 0000 0000 0000 61fc8914 d5882ed2: going to reseed nonblocking with 512 bits (512 of 0 requested)
[    5.567204] random 0000 0000 0000 61fc8914 d5882ed2: extract_entropy(.. 64 ..)
[    5.567206] random 0000 0000 0000 61fc8914 d5882ed2: trying to extract 512 bits from input
[    5.567208] random 0000 0000 0000 61fc8914 d5882ed2: debiting 0 entropy credits from input
[    5.567210] random 0000 0000 0000 61fc8914 d5882ed2: extract_entropy account returned: 0 
[    5.567213] random 0000 0000 0000 61fc8914 d5882ed2: urand_change_num 35 xfer_secondary_pool(64): pool_sig fffff9ee, data_sig 00000000, bytes_mixed 0 61fc8914 d5882ed2
[    5.567216] random 0000 0000 0000 61fc8914 d5882ed2: trying to extract 512 bits from nonblocking
[    5.567218] random 0000 0000 0000 61fc8914 d5882ed2: debiting 512 entropy credits from nonblocking (unlimited)
[    5.567220] random 0000 0000 0000 61fc8914 d5882ed2: extract_entropy account returned: 64 
[    5.567224] random 0000 0000 0000 61fc8914 d5882ed2: urand_change_num 36 extract_buf: pool_sig fffff9ee, data_sig ffffff85, bytes_mixed 20 61fc8914 d5882ed2
[    5.567230] random 0000 0000 0000 70cfd302 e5edec11: urand_change_num 37 extract_buf: pool_sig fffffdc1, data_sig ffffffde, bytes_mixed 20 70cfd302 e5edec11
[    5.567235] random 0000 0000 0000 00dab838 eafd2b30: urand_change_num 38 extract_buf: pool_sig 000003da, data_sig ffffff61, bytes_mixed 20 00dab838 eafd2b30
[    5.567240] random 0000 0000 0000 00dab838 eafd2b30: urand_change_num 39 extract_buf: pool_sig 00000314, data_sig 00000121, bytes_mixed 20 00dab838 eafd2b30
[    5.567245] random 0000 0000 0000 5fcdf66a 6442b608: urand_change_num 40 extract_buf: pool_sig 0000028b, data_sig fffffefd, bytes_mixed 20 5fcdf66a 6442b608
[    5.567250] random 0000 0000 0000 61333f6b 8fae0f9b: urand_change_num 41 extract_buf: pool_sig 000000cb, data_sig 000000b3, bytes_mixed 20 61333f6b 8fae0f9b
[    5.567256] random 0000 0000 0000 61333f6b 8fae0f9b: urand_change_num 42 extract_buf: pool_sig fffffef8, data_sig 00000051, bytes_mixed 20 61333f6b 8fae0f9b
[    5.567258] BEGIN NET_SECRET:
[    5.567259] \xffffffe0
[    5.567260] \xffffffb6
[    5.567261] \x36
[    5.567262] \xffffffb5
[    5.567263] \xffffff94
[    5.567264] \xffffffb2
[    5.567264] \xffffffa8
[    5.567265] \xffffffda
[    5.567266] \x5b
[    5.567267] \x19
[    5.567267] \x18
[    5.567268] \x5c
[    5.567269] \x2b
[    5.567270] \x1
[    5.567271] \xffffff90
[    5.567271] \x19
[    5.567272] \x3c
[    5.567273] \xfffffff2
[    5.567274] \xffffff82
[    5.567274] \x2a
[    5.567275] \xffffffb3
[    5.567276] \xffffffa2
[    5.567277] \x3f
[    5.567277] \x5
[    5.567278] \x52
[    5.567279] \x77
[    5.567279] \x57
[    5.567280] \x79
[    5.567281] \x16
[    5.567282] \x43
[    5.567282] \xffffff84
[    5.567283] \xffffffc3
[    5.567284] \xffffffe9
[    5.567285] \x79
[    5.567285] \x50
[    5.567286] \xffffff8e
[    5.567287] \x3f
[    5.567288] \xfffffff3
[    5.567288] \x19
[    5.567289] \x2a
[    5.567290] \xfffffffd
[    5.567291] \xfffffffb
[    5.567291] \x62
[    5.567292] \x3c
[    5.567293] \xffffffac
[    5.567294] \x1c
[    5.567294] \x3b
[    5.567295] \x3b
[    5.567296] \x15
[    5.567296] \x27
[    5.567297] \xffffffa8
[    5.567298] \x22
[    5.567299] \xffffffc5
[    5.567299] \xffffff9a
[    5.567300] \x5
[    5.567301] \x6c
[    5.567302] \xffffffa8
[    5.567303] \x3a
[    5.567303] \x44
[    5.567304] \xffffffaf
[    5.567305] \x13
[    5.567305] \xffffffe0
[    5.567306] \xffffff9d
[    5.567307] \x22
[    5.567308] 
[    5.567308] END NET_SECRET
[    5.567311] random 0000 0000 0000 e7f555d9 e8ce5c3c: rand_read_num 9 get_random_bytes(4): sig 0000068c e7f555d9 e8ce5c3c
[    5.567313] random 0000 0000 0000 e7f555d9 e8ce5c3c: extract_entropy(.. 4 ..)
[    5.567315] random 0000 0000 0000 e7f555d9 e8ce5c3c: going to reseed nonblocking with 64 bits (32 of 0 requested)
[    5.567318] random 0000 0000 0000 e7f555d9 e8ce5c3c: extract_entropy(.. 8 ..)
[    5.567320] random 0000 0000 0000 e7f555d9 e8ce5c3c: trying to extract 64 bits from input
[    5.567322] random 0000 0000 0000 e7f555d9 e8ce5c3c: debiting 0 entropy credits from input
[    5.567323] random 0000 0000 0000 e7f555d9 e8ce5c3c: extract_entropy account returned: 0 
[    5.567327] random 0000 0000 0000 e7f555d9 e8ce5c3c: urand_change_num 43 xfer_secondary_pool(4): pool_sig 0000068c, data_sig 00000000, bytes_mixed 0 e7f555d9 e8ce5c3c
[    5.567329] random 0000 0000 0000 e7f555d9 e8ce5c3c: trying to extract 32 bits from nonblocking
[    5.567332] random 0000 0000 0000 e7f555d9 e8ce5c3c: debiting 32 entropy credits from nonblocking (unlimited)
[    5.567337] random 0000 0000 0000 e7f555d9 e8ce5c3c: extract_entropy account returned: 4 
[    5.567341] random 0000 0000 0000 e7f555d9 e8ce5c3c: urand_change_num 44 extract_buf: pool_sig 0000068c, data_sig fffffdcb, bytes_mixed 20 e7f555d9 e8ce5c3c
[    5.567352] md: Waiting for all devices to be available before autodetect
[    5.567442] md: If you don't use raid, use raid=noautodetect
[    5.567613] md: Autodetecting RAID arrays.
[    5.567704] md: Scanned 0 and added 0 devices.
[    5.567790] md: autorun ...
[    5.567873] md: ... autorun DONE.
[    5.582544] EXT3-fs: sda2: couldn't mount because of unsupported optional features (240).
[    5.582769] EXT2-fs: sda2: couldn't mount because of unsupported optional features (240).
[    5.584051] random 0000 0000 0000 e7f555d9 e8ce5c3c: rand_read_num 10 get_random_bytes(4): sig ffffff72 e7f555d9 e8ce5c3c
[    5.584053] random 0000 0000 0000 e7f555d9 e8ce5c3c: extract_entropy(.. 4 ..)
[    5.584056] random 0000 0000 0000 e7f555d9 e8ce5c3c: going to reseed nonblocking with 64 bits (32 of 0 requested)
[    5.584058] random 0000 0000 0000 e7f555d9 e8ce5c3c: extract_entropy(.. 8 ..)
[    5.584060] random 0000 0000 0000 e7f555d9 e8ce5c3c: trying to extract 64 bits from input
[    5.584062] random 0000 0000 0000 e7f555d9 e8ce5c3c: debiting 0 entropy credits from input
[    5.584064] random 0000 0000 0000 e7f555d9 e8ce5c3c: extract_entropy account returned: 0 
[    5.584067] random 0000 0000 0000 e7f555d9 e8ce5c3c: urand_change_num 45 xfer_secondary_pool(4): pool_sig ffffff72, data_sig 00000000, bytes_mixed 0 e7f555d9 e8ce5c3c
[    5.584070] random 0000 0000 0000 e7f555d9 e8ce5c3c: trying to extract 32 bits from nonblocking
[    5.584072] random 0000 0000 0000 e7f555d9 e8ce5c3c: debiting 32 entropy credits from nonblocking (unlimited)
[    5.584074] random 0000 0000 0000 e7f555d9 e8ce5c3c: extract_entropy account returned: 4 
[    5.584078] random 0000 0000 0000 e7f555d9 e8ce5c3c: urand_change_num 46 extract_buf: pool_sig ffffff72, data_sig ffffff72, bytes_mixed 20 e7f555d9 e8ce5c3c
[    5.619154] EXT4-fs (sda2): mounted filesystem with ordered data mode
[    5.619373] VFS: Mounted root (ext4 filesystem) readonly on device 8:2.
[    5.619472] Freeing unused kernel memory: 448k freed
[    5.698189] random 0000 0000 0000 91716c54 eeb6a1e7: rand_read_num 11 get_random_bytes(16): sig fffffcad 91716c54 eeb6a1e7
[    5.698192] random 0000 0000 0000 91716c54 eeb6a1e7: extract_entropy(.. 16 ..)
[    5.698195] random 0000 0000 0000 91716c54 eeb6a1e7: going to reseed nonblocking with 128 bits (128 of 0 requested)
[    5.698197] random 0000 0000 0000 91716c54 eeb6a1e7: extract_entropy(.. 16 ..)
[    5.698199] random 0000 0000 0000 91716c54 eeb6a1e7: trying to extract 128 bits from input
[    5.698201] random 0000 0000 0000 91716c54 eeb6a1e7: debiting 0 entropy credits from input
[    5.698203] random 0000 0000 0000 91716c54 eeb6a1e7: extract_entropy account returned: 0 
[    5.698206] random 0000 0000 0000 91716c54 eeb6a1e7: urand_change_num 47 xfer_secondary_pool(16): pool_sig fffffcad, data_sig 00000000, bytes_mixed 0 91716c54 eeb6a1e7
[    5.698209] random 0000 0000 0000 91716c54 eeb6a1e7: trying to extract 128 bits from nonblocking
[    5.698211] random 0000 0000 0000 91716c54 eeb6a1e7: debiting 128 entropy credits from nonblocking (unlimited)
[    5.698213] random 0000 0000 0000 91716c54 eeb6a1e7: extract_entropy account returned: 16 
[    5.698217] random 0000 0000 0000 91716c54 eeb6a1e7: urand_change_num 48 extract_buf: pool_sig fffffcad, data_sig ffffff19, bytes_mixed 20 91716c54 eeb6a1e7
[    5.698223] random 0000 0000 0000 fd637b06 6cf47bc1: urand_change_num 49 extract_buf: pool_sig fffffede, data_sig ffffffc1, bytes_mixed 20 fd637b06 6cf47bc1
[    5.776623] random 0000 0000 0000 fd637b06 6cf47bc1: rand_read_num 12 get_random_bytes(16): sig 0000033b fd637b06 6cf47bc1
[    5.776626] random 0000 0000 0000 fd637b06 6cf47bc1: extract_entropy(.. 16 ..)
[    5.776628] random 0000 0000 0000 fd637b06 6cf47bc1: going to reseed nonblocking with 128 bits (128 of 0 requested)
[    5.776631] random 0000 0000 0000 fd637b06 6cf47bc1: extract_entropy(.. 16 ..)
[    5.776633] random 0000 0000 0000 fd637b06 6cf47bc1: trying to extract 128 bits from input
[    5.776635] random 0000 0000 0000 fd637b06 6cf47bc1: debiting 0 entropy credits from input
[    5.776637] random 0000 0000 0000 fd637b06 6cf47bc1: extract_entropy account returned: 0 
[    5.776640] random 0000 0000 0000 fd637b06 6cf47bc1: urand_change_num 50 xfer_secondary_pool(16): pool_sig 0000033b, data_sig 00000000, bytes_mixed 0 fd637b06 6cf47bc1
[    5.776643] random 0000 0000 0000 fd637b06 6cf47bc1: trying to extract 128 bits from nonblocking
[    5.776645] random 0000 0000 0000 fd637b06 6cf47bc1: debiting 128 entropy credits from nonblocking (unlimited)
[    5.776647] random 0000 0000 0000 fd637b06 6cf47bc1: extract_entropy account returned: 16 
[    5.776651] random 0000 0000 0000 fd637b06 6cf47bc1: urand_change_num 51 extract_buf: pool_sig 0000033b, data_sig 000000d8, bytes_mixed 20 fd637b06 6cf47bc1
[    5.776657] random 0000 0000 0000 0ec1f012 d4727ca8: urand_change_num 52 extract_buf: pool_sig fffffcf5, data_sig 00000016, bytes_mixed 20 0ec1f012 d4727ca8
[    6.140490] ieee1394: Host added: ID:BUS[0-00:1023]  GUID[00061b032a25f51c]
[    6.150594] random 0000 0000 0000 45b1d0b1 845a73f7: rand_read_num 13 get_random_bytes(16): sig 00000116 45b1d0b1 845a73f7
[    6.150596] random 0000 0000 0000 45b1d0b1 845a73f7: extract_entropy(.. 16 ..)
[    6.150599] random 0000 0000 0000 45b1d0b1 845a73f7: going to reseed nonblocking with 128 bits (128 of 0 requested)
[    6.150601] random 0000 0000 0000 45b1d0b1 845a73f7: extract_entropy(.. 16 ..)
[    6.150604] random 0000 0000 0000 45b1d0b1 845a73f7: trying to extract 128 bits from input
[    6.150606] random 0000 0000 0000 45b1d0b1 845a73f7: debiting 0 entropy credits from input
[    6.150608] random 0000 0000 0000 45b1d0b1 845a73f7: extract_entropy account returned: 0 
[    6.150611] random 0000 0000 0000 45b1d0b1 845a73f7: urand_change_num 53 xfer_secondary_pool(16): pool_sig 00000116, data_sig 00000000, bytes_mixed 0 45b1d0b1 845a73f7
[    6.150614] random 0000 0000 0000 45b1d0b1 845a73f7: trying to extract 128 bits from nonblocking
[    6.150616] random 0000 0000 0000 45b1d0b1 845a73f7: debiting 128 entropy credits from nonblocking (unlimited)
[    6.150618] random 0000 0000 0000 45b1d0b1 845a73f7: extract_entropy account returned: 16 
[    6.150622] random 0000 0000 0000 45b1d0b1 845a73f7: urand_change_num 54 extract_buf: pool_sig 00000116, data_sig fffffd8b, bytes_mixed 20 45b1d0b1 845a73f7
[    6.150628] random 0000 0000 0000 45b1d0b1 845a73f7: urand_change_num 55 extract_buf: pool_sig fffffc05, data_sig 00000109, bytes_mixed 20 45b1d0b1 845a73f7
[    6.203103] random 0000 0000 0000 5012cce3 b8a30621: rand_read_num 14 get_random_bytes(16): sig fffffb93 5012cce3 b8a30621
[    6.203106] random 0000 0000 0000 5012cce3 b8a30621: extract_entropy(.. 16 ..)
[    6.203108] random 0000 0000 0000 5012cce3 b8a30621: going to reseed nonblocking with 128 bits (128 of 0 requested)
[    6.203111] random 0000 0000 0000 5012cce3 b8a30621: extract_entropy(.. 16 ..)
[    6.203113] random 0000 0000 0000 5012cce3 b8a30621: trying to extract 128 bits from input
[    6.203115] random 0000 0000 0000 5012cce3 b8a30621: debiting 0 entropy credits from input
[    6.203117] random 0000 0000 0000 5012cce3 b8a30621: extract_entropy account returned: 0 
[    6.203120] random 0000 0000 0000 5012cce3 b8a30621: urand_change_num 56 xfer_secondary_pool(16): pool_sig fffffb93, data_sig 00000000, bytes_mixed 0 5012cce3 b8a30621
[    6.203123] random 0000 0000 0000 5012cce3 b8a30621: trying to extract 128 bits from nonblocking
[    6.203125] random 0000 0000 0000 5012cce3 b8a30621: debiting 128 entropy credits from nonblocking (unlimited)
[    6.203127] random 0000 0000 0000 5012cce3 b8a30621: extract_entropy account returned: 16 
[    6.203132] random 0000 0000 0000 5012cce3 b8a30621: urand_change_num 57 extract_buf: pool_sig fffffb93, data_sig ffffff35, bytes_mixed 20 5012cce3 b8a30621
[    6.203137] random 0000 0000 0000 5012cce3 b8a30621: urand_change_num 58 extract_buf: pool_sig fffffb9d, data_sig ffffff92, bytes_mixed 20 5012cce3 b8a30621
[    6.204508] random 0000 0000 0000 30a5721d 4b648ff6: rand_read_num 15 get_random_bytes(16): sig fffffeb5 30a5721d 4b648ff6
[    6.204510] random 0000 0000 0000 30a5721d 4b648ff6: extract_entropy(.. 16 ..)
[    6.204513] random 0000 0000 0000 30a5721d 4b648ff6: going to reseed nonblocking with 128 bits (128 of 0 requested)
[    6.204515] random 0000 0000 0000 30a5721d 4b648ff6: extract_entropy(.. 16 ..)
[    6.204517] random 0000 0000 0000 30a5721d 4b648ff6: trying to extract 128 bits from input
[    6.204520] random 0000 0000 0000 30a5721d 4b648ff6: debiting 0 entropy credits from input
[    6.204521] random 0000 0000 0000 30a5721d 4b648ff6: extract_entropy account returned: 0 
[    6.204525] random 0000 0000 0000 30a5721d 4b648ff6: urand_change_num 59 xfer_secondary_pool(16): pool_sig fffffeb5, data_sig 00000000, bytes_mixed 0 30a5721d 4b648ff6
[    6.204527] random 0000 0000 0000 30a5721d 4b648ff6: trying to extract 128 bits from nonblocking
[    6.204530] random 0000 0000 0000 30a5721d 4b648ff6: debiting 128 entropy credits from nonblocking (unlimited)
[    6.204532] random 0000 0000 0000 30a5721d 4b648ff6: extract_entropy account returned: 16 
[    6.204536] random 0000 0000 0000 30a5721d 4b648ff6: urand_change_num 60 extract_buf: pool_sig fffffeb5, data_sig 000000c2, bytes_mixed 20 30a5721d 4b648ff6
[    6.204541] random 0000 0000 0000 89bae1ab 704c432f: urand_change_num 61 extract_buf: pool_sig 0000006e, data_sig fffffefc, bytes_mixed 20 89bae1ab 704c432f
[    6.205083] random 0000 0000 0000 89bae1ab 704c432f: rand_read_num 16 get_random_bytes(16): sig fffffd99 89bae1ab 704c432f
[    6.205086] random 0000 0000 0000 89bae1ab 704c432f: extract_entropy(.. 16 ..)
[    6.205089] random 0000 0000 0000 89bae1ab 704c432f: going to reseed nonblocking with 128 bits (128 of 0 requested)
[    6.205091] random 0000 0000 0000 89bae1ab 704c432f: extract_entropy(.. 16 ..)
[    6.205093] random 0000 0000 0000 89bae1ab 704c432f: trying to extract 128 bits from input
[    6.205095] random 0000 0000 0000 89bae1ab 704c432f: debiting 0 entropy credits from input
[    6.205097] random 0000 0000 0000 89bae1ab 704c432f: extract_entropy account returned: 0 
[    6.205100] random 0000 0000 0000 89bae1ab 704c432f: urand_change_num 62 xfer_secondary_pool(16): pool_sig fffffd99, data_sig 00000000, bytes_mixed 0 89bae1ab 704c432f
[    6.205103] random 0000 0000 0000 89bae1ab 704c432f: trying to extract 128 bits from nonblocking
[    6.205105] random 0000 0000 0000 89bae1ab 704c432f: debiting 128 entropy credits from nonblocking (unlimited)
[    6.205108] random 0000 0000 0000 89bae1ab 704c432f: extract_entropy account returned: 16 
[    6.205112] random 0000 0000 0000 89bae1ab 704c432f: urand_change_num 63 extract_buf: pool_sig fffffd99, data_sig 00000204, bytes_mixed 20 89bae1ab 704c432f
[    6.205117] random 0000 0000 0000 6c298a02 2b1539f8: urand_change_num 64 extract_buf: pool_sig 00000124, data_sig fffffff5, bytes_mixed 20 6c298a02 2b1539f8
[    6.206017] random 0000 0000 0000 c77b8b35 70f6cab5: rand_read_num 17 get_random_bytes(16): sig 0000036b c77b8b35 70f6cab5
[    6.206020] random 0000 0000 0000 c77b8b35 70f6cab5: extract_entropy(.. 16 ..)
[    6.206022] random 0000 0000 0000 c77b8b35 70f6cab5: going to reseed nonblocking with 128 bits (128 of 0 requested)
[    6.206025] random 0000 0000 0000 c77b8b35 70f6cab5: extract_entropy(.. 16 ..)
[    6.206027] random 0000 0000 0000 c77b8b35 70f6cab5: trying to extract 128 bits from input
[    6.206029] random 0000 0000 0000 c77b8b35 70f6cab5: debiting 0 entropy credits from input
[    6.206031] random 0000 0000 0000 c77b8b35 70f6cab5: extract_entropy account returned: 0 
[    6.206034] random 0000 0000 0000 c77b8b35 70f6cab5: urand_change_num 65 xfer_secondary_pool(16): pool_sig 0000036b, data_sig 00000000, bytes_mixed 0 c77b8b35 70f6cab5
[    6.206037] random 0000 0000 0000 c77b8b35 70f6cab5: trying to extract 128 bits from nonblocking
[    6.206039] random 0000 0000 0000 c77b8b35 70f6cab5: debiting 128 entropy credits from nonblocking (unlimited)
[    6.206041] random 0000 0000 0000 c77b8b35 70f6cab5: extract_entropy account returned: 16 
[    6.206046] random 0000 0000 0000 c77b8b35 70f6cab5: urand_change_num 66 extract_buf: pool_sig 0000036b, data_sig 0000005f, bytes_mixed 20 c77b8b35 70f6cab5
[    6.206051] random 0000 0000 0000 c77b8b35 70f6cab5: urand_change_num 67 extract_buf: pool_sig ffffff1c, data_sig 0000005a, bytes_mixed 20 c77b8b35 70f6cab5
[    6.206641] random 0000 0000 0000 af21d212 57d20ca3: rand_read_num 18 get_random_bytes(16): sig fffffb7f af21d212 57d20ca3
[    6.206644] random 0000 0000 0000 af21d212 57d20ca3: extract_entropy(.. 16 ..)
[    6.206647] random 0000 0000 0000 af21d212 57d20ca3: going to reseed nonblocking with 128 bits (128 of 0 requested)
[    6.206649] random 0000 0000 0000 af21d212 57d20ca3: extract_entropy(.. 16 ..)
[    6.206651] random 0000 0000 0000 af21d212 57d20ca3: trying to extract 128 bits from input
[    6.206653] random 0000 0000 0000 af21d212 57d20ca3: debiting 0 entropy credits from input
[    6.206655] random 0000 0000 0000 af21d212 57d20ca3: extract_entropy account returned: 0 
[    6.206658] random 0000 0000 0000 af21d212 57d20ca3: urand_change_num 68 xfer_secondary_pool(16): pool_sig fffffb7f, data_sig 00000000, bytes_mixed 0 af21d212 57d20ca3
[    6.206661] random 0000 0000 0000 af21d212 57d20ca3: trying to extract 128 bits from nonblocking
[    6.206664] random 0000 0000 0000 af21d212 57d20ca3: debiting 128 entropy credits from nonblocking (unlimited)
[    6.206666] random 0000 0000 0000 af21d212 57d20ca3: extract_entropy account returned: 16 
[    6.206670] random 0000 0000 0000 af21d212 57d20ca3: urand_change_num 69 extract_buf: pool_sig fffffb7f, data_sig ffffff88, bytes_mixed 20 af21d212 57d20ca3
[    6.206675] random 0000 0000 0000 af21d212 57d20ca3: urand_change_num 70 extract_buf: pool_sig fffffe1d, data_sig ffffff17, bytes_mixed 20 af21d212 57d20ca3
[    6.207259] random 0000 0000 0000 ffbd26fd 21933274: rand_read_num 19 get_random_bytes(16): sig ffffffc7 ffbd26fd 21933274
[    6.207262] random 0000 0000 0000 ffbd26fd 21933274: extract_entropy(.. 16 ..)
[    6.207265] random 0000 0000 0000 ffbd26fd 21933274: going to reseed nonblocking with 128 bits (128 of 0 requested)
[    6.207267] random 0000 0000 0000 ffbd26fd 21933274: extract_entropy(.. 16 ..)
[    6.207269] random 0000 0000 0000 ffbd26fd 21933274: trying to extract 128 bits from input
[    6.207271] random 0000 0000 0000 ffbd26fd 21933274: debiting 0 entropy credits from input
[    6.207273] random 0000 0000 0000 ffbd26fd 21933274: extract_entropy account returned: 0 
[    6.207276] random 0000 0000 0000 ffbd26fd 21933274: urand_change_num 71 xfer_secondary_pool(16): pool_sig ffffffc7, data_sig 00000000, bytes_mixed 0 ffbd26fd 21933274
[    6.207279] random 0000 0000 0000 ffbd26fd 21933274: trying to extract 128 bits from nonblocking
[    6.207281] random 0000 0000 0000 ffbd26fd 21933274: debiting 128 entropy credits from nonblocking (unlimited)
[    6.207284] random 0000 0000 0000 ffbd26fd 21933274: extract_entropy account returned: 16 
[    6.207288] random 0000 0000 0000 ffbd26fd 21933274: urand_change_num 72 extract_buf: pool_sig ffffffc7, data_sig 0000013b, bytes_mixed 20 ffbd26fd 21933274
[    6.207293] random 0000 0000 0000 151530a2 56c65dd3: urand_change_num 73 extract_buf: pool_sig ffffffbf, data_sig 00000036, bytes_mixed 20 151530a2 56c65dd3
[    6.207850] random 0000 0000 0000 151530a2 56c65dd3: rand_read_num 20 get_random_bytes(16): sig 000001a7 151530a2 56c65dd3
[    6.207853] random 0000 0000 0000 151530a2 56c65dd3: extract_entropy(.. 16 ..)
[    6.207855] random 0000 0000 0000 151530a2 56c65dd3: going to reseed nonblocking with 128 bits (128 of 0 requested)
[    6.207858] random 0000 0000 0000 151530a2 56c65dd3: extract_entropy(.. 16 ..)
[    6.207860] random 0000 0000 0000 151530a2 56c65dd3: trying to extract 128 bits from input
[    6.207862] random 0000 0000 0000 151530a2 56c65dd3: debiting 0 entropy credits from input
[    6.207864] random 0000 0000 0000 151530a2 56c65dd3: extract_entropy account returned: 0 
[    6.207867] random 0000 0000 0000 151530a2 56c65dd3: urand_change_num 74 xfer_secondary_pool(16): pool_sig 000001a7, data_sig 00000000, bytes_mixed 0 151530a2 56c65dd3
[    6.207870] random 0000 0000 0000 151530a2 56c65dd3: trying to extract 128 bits from nonblocking
[    6.207872] random 0000 0000 0000 151530a2 56c65dd3: debiting 128 entropy credits from nonblocking (unlimited)
[    6.207874] random 0000 0000 0000 151530a2 56c65dd3: extract_entropy account returned: 16 
[    6.207879] random 0000 0000 0000 151530a2 56c65dd3: urand_change_num 75 extract_buf: pool_sig 000001a7, data_sig ffffffa1, bytes_mixed 20 151530a2 56c65dd3
[    6.207884] random 0000 0000 0000 5d3e132e d9a77eb3: urand_change_num 76 extract_buf: pool_sig fffffcc9, data_sig 00000013, bytes_mixed 20 5d3e132e d9a77eb3
[    6.258917] random 0000 0000 0000 264837ad 0a28fef5: rand_read_num 21 get_random_bytes(16): sig ffffffd0 264837ad 0a28fef5
[    6.258920] random 0000 0000 0000 264837ad 0a28fef5: extract_entropy(.. 16 ..)
[    6.258922] random 0000 0000 0000 264837ad 0a28fef5: going to reseed nonblocking with 128 bits (128 of 0 requested)
[    6.258925] random 0000 0000 0000 264837ad 0a28fef5: extract_entropy(.. 16 ..)
[    6.258927] random 0000 0000 0000 264837ad 0a28fef5: trying to extract 128 bits from input
[    6.258929] random 0000 0000 0000 264837ad 0a28fef5: debiting 0 entropy credits from input
[    6.258931] random 0000 0000 0000 264837ad 0a28fef5: extract_entropy account returned: 0 
[    6.258934] random 0000 0000 0000 264837ad 0a28fef5: urand_change_num 77 xfer_secondary_pool(16): pool_sig ffffffd0, data_sig 00000000, bytes_mixed 0 264837ad 0a28fef5
[    6.258937] random 0000 0000 0000 264837ad 0a28fef5: trying to extract 128 bits from nonblocking
[    6.258940] random 0000 0000 0000 264837ad 0a28fef5: debiting 128 entropy credits from nonblocking (unlimited)
[    6.258942] random 0000 0000 0000 264837ad 0a28fef5: extract_entropy account returned: 16 
[    6.258946] random 0000 0000 0000 264837ad 0a28fef5: urand_change_num 78 extract_buf: pool_sig ffffffd0, data_sig 0000017b, bytes_mixed 20 264837ad 0a28fef5
[    6.258952] random 0000 0000 0000 264837ad 0a28fef5: urand_change_num 79 extract_buf: pool_sig 0000045c, data_sig 000001df, bytes_mixed 20 264837ad 0a28fef5
[    6.260415] random 0000 0000 0000 f37f7344 164aede0: rand_read_num 22 get_random_bytes(16): sig 000003c2 f37f7344 164aede0
[    6.260418] random 0000 0000 0000 f37f7344 164aede0: extract_entropy(.. 16 ..)
[    6.260421] random 0000 0000 0000 f37f7344 164aede0: going to reseed nonblocking with 128 bits (128 of 0 requested)
[    6.260423] random 0000 0000 0000 f37f7344 164aede0: extract_entropy(.. 16 ..)
[    6.260425] random 0000 0000 0000 f37f7344 164aede0: trying to extract 128 bits from input
[    6.260427] random 0000 0000 0000 f37f7344 164aede0: debiting 0 entropy credits from input
[    6.260429] random 0000 0000 0000 f37f7344 164aede0: extract_entropy account returned: 0 
[    6.260432] random 0000 0000 0000 f37f7344 164aede0: urand_change_num 80 xfer_secondary_pool(16): pool_sig 000003c2, data_sig 00000000, bytes_mixed 0 f37f7344 164aede0
[    6.260435] random 0000 0000 0000 f37f7344 164aede0: trying to extract 128 bits from nonblocking
[    6.260438] random 0000 0000 0000 f37f7344 164aede0: debiting 128 entropy credits from nonblocking (unlimited)
[    6.260440] random 0000 0000 0000 f37f7344 164aede0: extract_entropy account returned: 16 
[    6.260444] random 0000 0000 0000 f37f7344 164aede0: urand_change_num 81 extract_buf: pool_sig 000003c2, data_sig ffffff6c, bytes_mixed 20 f37f7344 164aede0
[    6.260449] random 0000 0000 0000 f37f7344 164aede0: urand_change_num 82 extract_buf: pool_sig fffffdfc, data_sig 00000091, bytes_mixed 20 f37f7344 164aede0
[    6.283223] random 0000 0000 0000 a4794863 878070c1: rand_read_num 23 get_random_bytes(16): sig 0000011b a4794863 878070c1
[    6.283226] random 0000 0000 0000 a4794863 878070c1: extract_entropy(.. 16 ..)
[    6.283229] random 0000 0000 0000 a4794863 878070c1: going to reseed nonblocking with 128 bits (128 of 0 requested)
[    6.283231] random 0000 0000 0000 a4794863 878070c1: extract_entropy(.. 16 ..)
[    6.283233] random 0000 0000 0000 a4794863 878070c1: trying to extract 128 bits from input
[    6.283235] random 0000 0000 0000 a4794863 878070c1: debiting 0 entropy credits from input
[    6.283237] random 0000 0000 0000 a4794863 878070c1: extract_entropy account returned: 0 
[    6.283240] random 0000 0000 0000 a4794863 878070c1: urand_change_num 83 xfer_secondary_pool(16): pool_sig 0000011b, data_sig 00000000, bytes_mixed 0 a4794863 878070c1
[    6.283243] random 0000 0000 0000 a4794863 878070c1: trying to extract 128 bits from nonblocking
[    6.283245] random 0000 0000 0000 a4794863 878070c1: debiting 128 entropy credits from nonblocking (unlimited)
[    6.283247] random 0000 0000 0000 a4794863 878070c1: extract_entropy account returned: 16 
[    6.283252] random 0000 0000 0000 a4794863 878070c1: urand_change_num 84 extract_buf: pool_sig 0000011b, data_sig ffffff51, bytes_mixed 20 a4794863 878070c1
[    6.283257] random 0000 0000 0000 737f19b4 9417d8ab: urand_change_num 85 extract_buf: pool_sig 000001a3, data_sig 0000006c, bytes_mixed 20 737f19b4 9417d8ab
[    6.287321] random 0000 0000 0000 737f19b4 9417d8ab: rand_read_num 24 get_random_bytes(16): sig fffffe22 737f19b4 9417d8ab
[    6.287324] random 0000 0000 0000 737f19b4 9417d8ab: extract_entropy(.. 16 ..)
[    6.287326] random 0000 0000 0000 737f19b4 9417d8ab: going to reseed nonblocking with 128 bits (128 of 0 requested)
[    6.287328] random 0000 0000 0000 737f19b4 9417d8ab: extract_entropy(.. 16 ..)
[    6.287330] random 0000 0000 0000 737f19b4 9417d8ab: trying to extract 128 bits from input
[    6.287333] random 0000 0000 0000 737f19b4 9417d8ab: debiting 0 entropy credits from input
[    6.287335] random 0000 0000 0000 737f19b4 9417d8ab: extract_entropy account returned: 0 
[    6.287338] random 0000 0000 0000 737f19b4 9417d8ab: urand_change_num 86 xfer_secondary_pool(16): pool_sig fffffe22, data_sig 00000000, bytes_mixed 0 737f19b4 9417d8ab
[    6.287341] random 0000 0000 0000 737f19b4 9417d8ab: trying to extract 128 bits from nonblocking
[    6.287343] random 0000 0000 0000 737f19b4 9417d8ab: debiting 128 entropy credits from nonblocking (unlimited)
[    6.287345] random 0000 0000 0000 737f19b4 9417d8ab: extract_entropy account returned: 16 
[    6.287349] random 0000 0000 0000 737f19b4 9417d8ab: urand_change_num 87 extract_buf: pool_sig fffffe22, data_sig 00000230, bytes_mixed 20 737f19b4 9417d8ab
[    6.287355] random 0000 0000 0000 4deb0d06 1236af4c: urand_change_num 88 extract_buf: pool_sig 000000b6, data_sig ffffff44, bytes_mixed 20 4deb0d06 1236af4c
[    6.288348] random 0000 0000 0000 b538fadc 4a7613df: rand_read_num 25 get_random_bytes(16): sig 0000013c b538fadc 4a7613df
[    6.288351] random 0000 0000 0000 b538fadc 4a7613df: extract_entropy(.. 16 ..)
[    6.288354] random 0000 0000 0000 b538fadc 4a7613df: going to reseed nonblocking with 128 bits (128 of 0 requested)
[    6.288356] random 0000 0000 0000 b538fadc 4a7613df: extract_entropy(.. 16 ..)
[    6.288358] random 0000 0000 0000 b538fadc 4a7613df: trying to extract 128 bits from input
[    6.288360] random 0000 0000 0000 b538fadc 4a7613df: debiting 0 entropy credits from input
[    6.288362] random 0000 0000 0000 b538fadc 4a7613df: extract_entropy account returned: 0 
[    6.288366] random 0000 0000 0000 b538fadc 4a7613df: urand_change_num 89 xfer_secondary_pool(16): pool_sig 0000013c, data_sig 00000000, bytes_mixed 0 b538fadc 4a7613df
[    6.288369] random 0000 0000 0000 b538fadc 4a7613df: trying to extract 128 bits from nonblocking
[    6.288371] random 0000 0000 0000 b538fadc 4a7613df: debiting 128 entropy credits from nonblocking (unlimited)
[    6.288373] random 0000 0000 0000 b538fadc 4a7613df: extract_entropy account returned: 16 
[    6.288377] random 0000 0000 0000 b538fadc 4a7613df: urand_change_num 90 extract_buf: pool_sig 0000013c, data_sig 00000015, bytes_mixed 20 b538fadc 4a7613df
[    6.288383] random 0000 0000 0000 b538fadc 4a7613df: urand_change_num 91 extract_buf: pool_sig 00000452, data_sig 0000002b, bytes_mixed 20 b538fadc 4a7613df
[    6.288836] random 0000 0000 0000 73b17df4 93bb370e: rand_read_num 26 get_random_bytes(16): sig fffffbf1 73b17df4 93bb370e
[    6.288838] random 0000 0000 0000 73b17df4 93bb370e: extract_entropy(.. 16 ..)
[    6.288841] random 0000 0000 0000 73b17df4 93bb370e: going to reseed nonblocking with 128 bits (128 of 0 requested)
[    6.288843] random 0000 0000 0000 73b17df4 93bb370e: extract_entropy(.. 16 ..)
[    6.288845] random 0000 0000 0000 73b17df4 93bb370e: trying to extract 128 bits from input
[    6.288847] random 0000 0000 0000 73b17df4 93bb370e: debiting 0 entropy credits from input
[    6.288849] random 0000 0000 0000 73b17df4 93bb370e: extract_entropy account returned: 0 
[    6.288853] random 0000 0000 0000 73b17df4 93bb370e: urand_change_num 92 xfer_secondary_pool(16): pool_sig fffffbf1, data_sig 00000000, bytes_mixed 0 73b17df4 93bb370e
[    6.288855] random 0000 0000 0000 73b17df4 93bb370e: trying to extract 128 bits from nonblocking
[    6.288858] random 0000 0000 0000 73b17df4 93bb370e: debiting 128 entropy credits from nonblocking (unlimited)
[    6.288860] random 0000 0000 0000 73b17df4 93bb370e: extract_entropy account returned: 16 
[    6.288864] random 0000 0000 0000 73b17df4 93bb370e: urand_change_num 93 extract_buf: pool_sig fffffbf1, data_sig ffffff99, bytes_mixed 20 73b17df4 93bb370e
[    6.288869] random 0000 0000 0000 73b17df4 93bb370e: urand_change_num 94 extract_buf: pool_sig fffffe1d, data_sig 000000b0, bytes_mixed 20 73b17df4 93bb370e
[    6.289273] random 0000 0000 0000 0cd682bb ba04da9f: rand_read_num 27 get_random_bytes(16): sig fffffccb 0cd682bb ba04da9f
[    6.289276] random 0000 0000 0000 0cd682bb ba04da9f: extract_entropy(.. 16 ..)
[    6.289278] random 0000 0000 0000 0cd682bb ba04da9f: going to reseed nonblocking with 128 bits (128 of 0 requested)
[    6.289280] random 0000 0000 0000 0cd682bb ba04da9f: extract_entropy(.. 16 ..)
[    6.289282] random 0000 0000 0000 0cd682bb ba04da9f: trying to extract 128 bits from input
[    6.289284] random 0000 0000 0000 0cd682bb ba04da9f: debiting 0 entropy credits from input
[    6.289286] random 0000 0000 0000 0cd682bb ba04da9f: extract_entropy account returned: 0 
[    6.289290] random 0000 0000 0000 0cd682bb ba04da9f: urand_change_num 95 xfer_secondary_pool(16): pool_sig fffffccb, data_sig 00000000, bytes_mixed 0 0cd682bb ba04da9f
[    6.289293] random 0000 0000 0000 0cd682bb ba04da9f: trying to extract 128 bits from nonblocking
[    6.289295] random 0000 0000 0000 0cd682bb ba04da9f: debiting 128 entropy credits from nonblocking (unlimited)
[    6.289297] random 0000 0000 0000 0cd682bb ba04da9f: extract_entropy account returned: 16 
[    6.289301] random 0000 0000 0000 0cd682bb ba04da9f: urand_change_num 96 extract_buf: pool_sig fffffccb, data_sig fffffec5, bytes_mixed 20 0cd682bb ba04da9f
[    6.289307] random 0000 0000 0000 26929f1a 15254dc1: urand_change_num 97 extract_buf: pool_sig fffffed2, data_sig ffffffb1, bytes_mixed 20 26929f1a 15254dc1
[    6.290178] random 0000 0000 0000 26929f1a 15254dc1: rand_read_num 28 get_random_bytes(16): sig 00000038 26929f1a 15254dc1
[    6.290181] random 0000 0000 0000 26929f1a 15254dc1: extract_entropy(.. 16 ..)
[    6.290184] random 0000 0000 0000 26929f1a 15254dc1: going to reseed nonblocking with 128 bits (128 of 0 requested)
[    6.290186] random 0000 0000 0000 26929f1a 15254dc1: extract_entropy(.. 16 ..)
[    6.290188] random 0000 0000 0000 26929f1a 15254dc1: trying to extract 128 bits from input
[    6.290190] random 0000 0000 0000 26929f1a 15254dc1: debiting 0 entropy credits from input
[    6.290192] random 0000 0000 0000 26929f1a 15254dc1: extract_entropy account returned: 0 
[    6.290195] random 0000 0000 0000 26929f1a 15254dc1: urand_change_num 98 xfer_secondary_pool(16): pool_sig 00000038, data_sig 00000000, bytes_mixed 0 26929f1a 15254dc1
[    6.290198] random 0000 0000 0000 26929f1a 15254dc1: trying to extract 128 bits from nonblocking
[    6.290201] random 0000 0000 0000 26929f1a 15254dc1: debiting 128 entropy credits from nonblocking (unlimited)
[    6.290203] random 0000 0000 0000 26929f1a 15254dc1: extract_entropy account returned: 16 
[    6.290207] random 0000 0000 0000 26929f1a 15254dc1: urand_change_num 99 extract_buf: pool_sig 00000038, data_sig 000000fd, bytes_mixed 20 26929f1a 15254dc1
[    6.290212] random 0000 0000 0000 8116fe3b 478c2d5b: urand_change_num 100 extract_buf: pool_sig 00000059, data_sig 00000310, bytes_mixed 20 8116fe3b 478c2d5b
[    6.296864] random 0000 0000 0000 a20f4a3a 32a6b2fa: rand_read_num 29 get_random_bytes(16): sig 000002c0 a20f4a3a 32a6b2fa
[    6.296866] random 0000 0000 0000 a20f4a3a 32a6b2fa: extract_entropy(.. 16 ..)
[    6.296869] random 0000 0000 0000 a20f4a3a 32a6b2fa: going to reseed nonblocking with 128 bits (128 of 0 requested)
[    6.296871] random 0000 0000 0000 a20f4a3a 32a6b2fa: extract_entropy(.. 16 ..)
[    6.296873] random 0000 0000 0000 a20f4a3a 32a6b2fa: trying to extract 128 bits from input
[    6.296876] random 0000 0000 0000 a20f4a3a 32a6b2fa: debiting 0 entropy credits from input
[    6.296878] random 0000 0000 0000 a20f4a3a 32a6b2fa: extract_entropy account returned: 0 
[    6.296881] random 0000 0000 0000 a20f4a3a 32a6b2fa: urand_change_num 101 xfer_secondary_pool(16): pool_sig 000002c0, data_sig 00000000, bytes_mixed 0 a20f4a3a 32a6b2fa
[    6.296883] random 0000 0000 0000 a20f4a3a 32a6b2fa: trying to extract 128 bits from nonblocking
[    6.296886] random 0000 0000 0000 a20f4a3a 32a6b2fa: debiting 128 entropy credits from nonblocking (unlimited)
[    6.296888] random 0000 0000 0000 a20f4a3a 32a6b2fa: extract_entropy account returned: 16 
[    6.296892] random 0000 0000 0000 a20f4a3a 32a6b2fa: urand_change_num 102 extract_buf: pool_sig 000002c0, data_sig 000000fb, bytes_mixed 20 a20f4a3a 32a6b2fa
[    6.296897] random 0000 0000 0000 a20f4a3a 32a6b2fa: urand_change_num 103 extract_buf: pool_sig ffffffdd, data_sig 000000a5, bytes_mixed 20 a20f4a3a 32a6b2fa
[    6.309390] random 0000 0000 0000 de716d2a 6c4757e1: rand_read_num 30 get_random_bytes(16): sig 000000fa de716d2a 6c4757e1
[    6.309393] random 0000 0000 0000 de716d2a 6c4757e1: extract_entropy(.. 16 ..)
[    6.309395] random 0000 0000 0000 de716d2a 6c4757e1: going to reseed nonblocking with 128 bits (128 of 0 requested)
[    6.309405] random 0000 0000 0000 de716d2a 6c4757e1: extract_entropy(.. 16 ..)
[    6.309407] random 0000 0000 0000 de716d2a 6c4757e1: trying to extract 128 bits from input
[    6.309409] random 0000 0000 0000 de716d2a 6c4757e1: debiting 0 entropy credits from input
[    6.309411] random 0000 0000 0000 de716d2a 6c4757e1: extract_entropy account returned: 0 
[    6.309414] random 0000 0000 0000 de716d2a 6c4757e1: urand_change_num 104 xfer_secondary_pool(16): pool_sig 000000fa, data_sig 00000000, bytes_mixed 0 de716d2a 6c4757e1
[    6.309417] random 0000 0000 0000 de716d2a 6c4757e1: trying to extract 128 bits from nonblocking
[    6.309419] random 0000 0000 0000 de716d2a 6c4757e1: debiting 128 entropy credits from nonblocking (unlimited)
[    6.309422] random 0000 0000 0000 de716d2a 6c4757e1: extract_entropy account returned: 16 
[    6.309426] random 0000 0000 0000 de716d2a 6c4757e1: urand_change_num 105 extract_buf: pool_sig 000000fa, data_sig ffffff34, bytes_mixed 20 de716d2a 6c4757e1
[    6.309431] random 0000 0000 0000 de716d2a 6c4757e1: urand_change_num 106 extract_buf: pool_sig 000003d3, data_sig ffffff30, bytes_mixed 20 de716d2a 6c4757e1
[    6.310014] random 0000 0000 0000 a7c511e1 f90ea457: rand_read_num 31 get_random_bytes(16): sig 0000009a a7c511e1 f90ea457
[    6.310017] random 0000 0000 0000 a7c511e1 f90ea457: extract_entropy(.. 16 ..)
[    6.310020] random 0000 0000 0000 a7c511e1 f90ea457: going to reseed nonblocking with 128 bits (128 of 0 requested)
[    6.310022] random 0000 0000 0000 a7c511e1 f90ea457: extract_entropy(.. 16 ..)
[    6.310024] random 0000 0000 0000 a7c511e1 f90ea457: trying to extract 128 bits from input
[    6.310026] random 0000 0000 0000 a7c511e1 f90ea457: debiting 0 entropy credits from input
[    6.310028] random 0000 0000 0000 a7c511e1 f90ea457: extract_entropy account returned: 0 
[    6.310031] random 0000 0000 0000 a7c511e1 f90ea457: urand_change_num 107 xfer_secondary_pool(16): pool_sig 0000009a, data_sig 00000000, bytes_mixed 0 a7c511e1 f90ea457
[    6.310034] random 0000 0000 0000 a7c511e1 f90ea457: trying to extract 128 bits from nonblocking
[    6.310036] random 0000 0000 0000 a7c511e1 f90ea457: debiting 128 entropy credits from nonblocking (unlimited)
[    6.310038] random 0000 0000 0000 a7c511e1 f90ea457: extract_entropy account returned: 16 
[    6.310043] random 0000 0000 0000 a7c511e1 f90ea457: urand_change_num 108 extract_buf: pool_sig 0000009a, data_sig 000000e0, bytes_mixed 20 a7c511e1 f90ea457
[    6.310048] random 0000 0000 0000 7c18c7e6 d65ccb06: urand_change_num 109 extract_buf: pool_sig fffffa79, data_sig 000000e0, bytes_mixed 20 7c18c7e6 d65ccb06
[    6.310636] random 0000 0000 0000 7c18c7e6 d65ccb06: rand_read_num 32 get_random_bytes(16): sig fffffe1e 7c18c7e6 d65ccb06
[    6.310639] random 0000 0000 0000 7c18c7e6 d65ccb06: extract_entropy(.. 16 ..)
[    6.310642] random 0000 0000 0000 7c18c7e6 d65ccb06: going to reseed nonblocking with 128 bits (128 of 0 requested)
[    6.310644] random 0000 0000 0000 7c18c7e6 d65ccb06: extract_entropy(.. 16 ..)
[    6.310646] random 0000 0000 0000 7c18c7e6 d65ccb06: trying to extract 128 bits from input
[    6.310648] random 0000 0000 0000 7c18c7e6 d65ccb06: debiting 0 entropy credits from input
[    6.310650] random 0000 0000 0000 7c18c7e6 d65ccb06: extract_entropy account returned: 0 
[    6.310653] random 0000 0000 0000 7c18c7e6 d65ccb06: urand_change_num 110 xfer_secondary_pool(16): pool_sig fffffe1e, data_sig 00000000, bytes_mixed 0 7c18c7e6 d65ccb06
[    6.310656] random 0000 0000 0000 7c18c7e6 d65ccb06: trying to extract 128 bits from nonblocking
[    6.310658] random 0000 0000 0000 7c18c7e6 d65ccb06: debiting 128 entropy credits from nonblocking (unlimited)
[    6.310661] random 0000 0000 0000 7c18c7e6 d65ccb06: extract_entropy account returned: 16 
