[    0.000000] random 0000 0000 0000 00000000 00000000: rand_read_num 1 get_random_bytes(8): sig 00000000 00000000 00000000
[    0.000000] random 0000 0000 0000 00000000 00000000: extract_entropy(.. 8 ..)
[    0.000000] random 0000 0000 0000 00000000 00000000: going to reseed nonblocking with 64 bits (64 of 0 requested)
[    0.000000] random 0000 0000 0000 00000000 00000000: extract_entropy(.. 8 ..)
[    0.000000] random 0000 0000 0000 00000000 00000000: trying to extract 64 bits from input
[    0.000000] random 0000 0000 0000 00000000 00000000: debiting 0 entropy credits from input
[    0.000000] random 0000 0000 0000 00000000 00000000: extract_entropy account returned: 0 
[    0.000000] random 0000 0000 0000 00000000 00000000: urand_change_num 1 xfer_secondary_pool(8): pool_sig 00000000, data_sig 00000000, bytes_mixed 0 00000000 00000000
[    0.000000] random 0000 0000 0000 00000000 00000000: trying to extract 64 bits from nonblocking
[    0.000000] random 0000 0000 0000 00000000 00000000: debiting 64 entropy credits from nonblocking (unlimited)
[    0.000000] random 0000 0000 0000 00000000 00000000: extract_entropy account returned: 8 
[    0.000000] random 0000 0000 0000 00000000 00000000: urand_change_num 2 extract_buf: pool_sig 00000000, data_sig fffffff9, bytes_mixed 20 00000000 00000000
[    0.000000] Linux version 2.6.32.57 (dcashman@dcashman-02) (gcc version 4.3.3 (GCC) ) #3 Fri May 24 04:27:34 PDT 2013
[    0.000000] KERNEL supported cpus:
[    0.000000]   Intel GenuineIntel
[    0.000000]   AMD AuthenticAMD
[    0.000000]   NSC Geode by NSC
[    0.000000]   Cyrix CyrixInstead
[    0.000000]   Centaur CentaurHauls
[    0.000000]   Transmeta GenuineTMx86
[    0.000000]   Transmeta TransmetaCPU
[    0.000000]   UMC UMC UMC UMC
[    0.000000] BIOS-provided physical RAM map:
[    0.000000]  BIOS-e820: 0000000000000000 - 000000000009d800 (usable)
[    0.000000]  BIOS-e820: 000000000009d800 - 00000000000a0000 (reserved)
[    0.000000]  BIOS-e820: 00000000000d2000 - 00000000000d4000 (reserved)
[    0.000000]  BIOS-e820: 00000000000e0000 - 0000000000100000 (reserved)
[    0.000000]  BIOS-e820: 0000000000100000 - 000000003d6b0000 (usable)
[    0.000000]  BIOS-e820: 000000003d6b0000 - 000000003d6cc000 (ACPI data)
[    0.000000]  BIOS-e820: 000000003d6cc000 - 000000003d700000 (ACPI NVS)
[    0.000000]  BIOS-e820: 000000003d700000 - 000000003e000000 (reserved)
[    0.000000]  BIOS-e820: 00000000f0000000 - 00000000f4000000 (reserved)
[    0.000000]  BIOS-e820: 00000000fec00000 - 00000000fec10000 (reserved)
[    0.000000]  BIOS-e820: 00000000fed00000 - 00000000fed00400 (reserved)
[    0.000000]  BIOS-e820: 00000000fed14000 - 00000000fed1a000 (reserved)
[    0.000000]  BIOS-e820: 00000000fed1c000 - 00000000fed90000 (reserved)
[    0.000000]  BIOS-e820: 00000000fee00000 - 00000000fee01000 (reserved)
[    0.000000]  BIOS-e820: 00000000ff000000 - 0000000100000000 (reserved)
[    0.000000] DMI present.
[    0.000000] last_pfn = 0x3d6b0 max_arch_pfn = 0x100000
[    0.000000] MTRR default type: uncachable
[    0.000000] MTRR fixed ranges enabled:
[    0.000000]   00000-9FFFF write-back
[    0.000000]   A0000-BFFFF uncachable
[    0.000000]   C0000-CFFFF write-protect
[    0.000000]   D0000-DFFFF uncachable
[    0.000000]   E0000-FFFFF write-protect
[    0.000000] MTRR variable ranges enabled:
[    0.000000]   0 base 03E000000 mask FFE000000 uncachable
[    0.000000]   1 base 000000000 mask FC0000000 write-back
[    0.000000]   2 base 03D700000 mask FFFF00000 uncachable
[    0.000000]   3 base 03D800000 mask FFF800000 uncachable
[    0.000000]   4 disabled
[    0.000000]   5 disabled
[    0.000000]   6 disabled
[    0.000000]   7 disabled
[    0.000000] initial memory mapped : 0 - 02000000
[    0.000000] init_memory_mapping: 0000000000000000-00000000377fe000
[    0.000000]  0000000000 - 0000400000 page 4k
[    0.000000]  0000400000 - 0037400000 page 2M
[    0.000000]  0037400000 - 00377fe000 page 4k
[    0.000000] kernel direct mapping tables up to 377fe000 @ 7000-c000
[    0.000000] ACPI: RSDP 000f68d0 00024 (v02 LENOVO)
[    0.000000] ACPI: XSDT 3d6bb77f 00094 (v01 LENOVO TP-7L    00002170  LTP 00000000)
[    0.000000] ACPI: FACP 3d6bb900 000F4 (v03 LENOVO TP-7L    00002170 LNVO 00000001)
[    0.000000] ACPI Warning: 32/64X length mismatch in Gpe1Block: 0/32 (20090903/tbfadt-526)
[    0.000000] ACPI Warning: Optional field Gpe1Block has zero address or length: 000000000000102C/0 (20090903/tbfadt-557)
[    0.000000] ACPI: DSDT 3d6bbd1d 0FED1 (v01 LENOVO TP-7L    00002170 MSFT 03000000)
[    0.000000] ACPI: FACS 3d6e4000 00040
[    0.000000] ACPI: SSDT 3d6bbab4 00269 (v01 LENOVO TP-7L    00002170 MSFT 03000000)
[    0.000000] ACPI: ECDT 3d6cbbee 00052 (v01 LENOVO TP-7L    00002170 LNVO 00000001)
[    0.000000] ACPI: TCPA 3d6cbc40 00032 (v02 LENOVO TP-7L    00002170 LNVO 00000001)
[    0.000000] ACPI: APIC 3d6cbc72 00068 (v01 LENOVO TP-7L    00002170 LNVO 00000001)
[    0.000000] ACPI: MCFG 3d6cbcda 0003C (v01 LENOVO TP-7L    00002170 LNVO 00000001)
[    0.000000] ACPI: HPET 3d6cbd16 00038 (v01 LENOVO TP-7L    00002170 LNVO 00000001)
[    0.000000] ACPI: SLIC 3d6cbdf0 00176 (v01 LENOVO TP-7L    00002170  LTP 00000000)
[    0.000000] ACPI: BOOT 3d6cbf66 00028 (v01 LENOVO TP-7L    00002170  LTP 00000001)
[    0.000000] ACPI: ASF! 3d6cbf8e 00072 (v16 LENOVO TP-7L    00002170 PTL  00000001)
[    0.000000] ACPI: SSDT 3d6e26d9 0025F (v01 LENOVO TP-7L    00002170 INTL 20050513)
[    0.000000] ACPI: SSDT 3d6e2938 000A6 (v01 LENOVO TP-7L    00002170 INTL 20050513)
[    0.000000] ACPI: SSDT 3d6e29de 004F7 (v01 LENOVO TP-7L    00002170 INTL 20050513)
[    0.000000] ACPI: SSDT 3d6e2ed5 001D8 (v01 LENOVO TP-7L    00002170 INTL 20050513)
[    0.000000] ACPI: DMI detected: Lenovo ThinkPad R61
[    0.000000] ACPI: Added _OSI(Linux)
[    0.000000] ACPI: Local APIC address 0xfee00000
[    0.000000] 94MB HIGHMEM available.
[    0.000000] 887MB LOWMEM available.
[    0.000000]   mapped low ram: 0 - 377fe000
[    0.000000]   low ram: 0 - 377fe000
[    0.000000]   node 0 low ram: 00000000 - 377fe000
[    0.000000]   node 0 bootmap 00008000 - 0000ef00
[    0.000000] (6 early reservations) ==> bootmem [0000000000 - 00377fe000]
[    0.000000]   #0 [0000000000 - 0000001000]   BIOS data page ==> [0000000000 - 0000001000]
[    0.000000]   #1 [0001000000 - 0001bdc180]    TEXT DATA BSS ==> [0001000000 - 0001bdc180]
[    0.000000]   #2 [000009d800 - 0000100000]    BIOS reserved ==> [000009d800 - 0000100000]
[    0.000000]   #3 [0001bdd000 - 0001be516c]              BRK ==> [0001bdd000 - 0001be516c]
[    0.000000]   #4 [0000007000 - 0000008000]          PGTABLE ==> [0000007000 - 0000008000]
[    0.000000]   #5 [0000008000 - 000000f000]          BOOTMAP ==> [0000008000 - 000000f000]
[    0.000000] found SMP MP-table at [c00f6900] f6900
[    0.000000] Zone PFN ranges:
[    0.000000]   DMA      0x00000000 -> 0x00001000
[    0.000000]   Normal   0x00001000 -> 0x000377fe
[    0.000000]   HighMem  0x000377fe -> 0x0003d6b0
[    0.000000] Movable zone start PFN for each node
[    0.000000] early_node_map[2] active PFN ranges
[    0.000000]     0: 0x00000000 -> 0x0000009d
[    0.000000]     0: 0x00000100 -> 0x0003d6b0
[    0.000000] On node 0 totalpages: 251469
[    0.000000] free_area_init_node: node 0, pgdat c1901ea0, node_mem_map c1be7000
[    0.000000]   DMA zone: 32 pages used for memmap
[    0.000000]   DMA zone: 0 pages reserved
[    0.000000]   DMA zone: 3965 pages, LIFO batch:0
[    0.000000]   Normal zone: 1744 pages used for memmap
[    0.000000]   Normal zone: 221486 pages, LIFO batch:31
[    0.000000]   HighMem zone: 190 pages used for memmap
[    0.000000]   HighMem zone: 24052 pages, LIFO batch:3
[    0.000000] Using APIC driver default
[    0.000000] ACPI: PM-Timer IO Port: 0x1008
[    0.000000] ACPI: Local APIC address 0xfee00000
[    0.000000] ACPI: LAPIC (acpi_id[0x00] lapic_id[0x00] enabled)
[    0.000000] ACPI: LAPIC (acpi_id[0x01] lapic_id[0x01] enabled)
[    0.000000] ACPI: NR_CPUS/possible_cpus limit of 1 reached.  Processor 1/0x1 ignored.
[    0.000000] ACPI: LAPIC_NMI (acpi_id[0x00] high edge lint[0x1])
[    0.000000] ACPI: LAPIC_NMI (acpi_id[0x01] high edge lint[0x1])
[    0.000000] ACPI: IOAPIC (id[0x01] address[0xfec00000] gsi_base[0])
[    0.000000] IOAPIC[0]: apic_id 1, version 32, address 0xfec00000, GSI 0-23
[    0.000000] ACPI: INT_SRC_OVR (bus 0 bus_irq 0 global_irq 2 dfl dfl)
[    0.000000] ACPI: INT_SRC_OVR (bus 0 bus_irq 9 global_irq 9 high level)
[    0.000000] ACPI: IRQ0 used by override.
[    0.000000] ACPI: IRQ2 used by override.
[    0.000000] ACPI: IRQ9 used by override.
[    0.000000] Using ACPI (MADT) for SMP configuration information
[    0.000000] ACPI: HPET id: 0x8086a201 base: 0xfed00000
[    0.000000] nr_irqs_gsi: 24
[    0.000000] PM: Registered nosave memory: 000000000009d000 - 000000000009e000
[    0.000000] PM: Registered nosave memory: 000000000009e000 - 00000000000a0000
[    0.000000] PM: Registered nosave memory: 00000000000a0000 - 00000000000d2000
[    0.000000] PM: Registered nosave memory: 00000000000d2000 - 00000000000d4000
[    0.000000] PM: Registered nosave memory: 00000000000d4000 - 00000000000e0000
[    0.000000] PM: Registered nosave memory: 00000000000e0000 - 0000000000100000
[    0.000000] Allocating PCI resources starting at 3e000000 (gap: 3e000000:b2000000)
[    0.000000] Built 1 zonelists in Zone order, mobility grouping on.  Total pages: 249503
[    0.000000] Kernel command line: auto BOOT_IMAGE=Linux ro root=802 vt.default_utf8=0 maxcpus=0
[    0.000000] PID hash table entries: 4096 (order: 2, 16384 bytes)
[    0.000000] Dentry cache hash table entries: 131072 (order: 7, 524288 bytes)
[    0.000000] Inode-cache hash table entries: 65536 (order: 6, 262144 bytes)
[    0.000000] Enabling fast FPU save and restore... done.
[    0.000000] Enabling unmasked SIMD FPU exception support... done.
[    0.000000] Initializing CPU#0
[    0.000000] Initializing HighMem for node 0 (000377fe:0003d6b0)
[    0.000000] Memory: 984800k/1006272k available (6914k kernel code, 20876k reserved, 2328k data, 448k init, 96968k highmem)
[    0.000000] virtual kernel memory layout:
[    0.000000]     fixmap  : 0xfffa3000 - 0xfffff000   ( 368 kB)
[    0.000000]     pkmap   : 0xff800000 - 0xffc00000   (4096 kB)
[    0.000000]     vmalloc : 0xf7ffe000 - 0xff7fe000   ( 120 MB)
[    0.000000]     lowmem  : 0xc0000000 - 0xf77fe000   ( 887 MB)
[    0.000000]       .init : 0xc1907000 - 0xc1977000   ( 448 kB)
[    0.000000]       .data : 0xc16c0b5f - 0xc1906c64   (2328 kB)
[    0.000000]       .text : 0xc1000000 - 0xc16c0b5f   (6914 kB)
[    0.000000] Checking if this processor honours the WP bit even in supervisor mode...Ok.
[    0.000000] SLUB: Genslabs=13, HWalign=64, Order=0-3, MinObjects=0, CPUs=1, Nodes=1
[    0.000000] Hierarchical RCU implementation.
[    0.000000] NR_IRQS:288
[    0.000000] Extended CMOS year: 2000
[    0.000000] Console: colour VGA+ 80x25
[    0.000000] console [tty0] enabled
[    0.000000] hpet clockevent registered
[    0.000000] Fast TSC calibration using PIT
[    0.000000] Detected 2094.356 MHz processor.
[    0.001002] Calibrating delay loop (skipped), value calculated using timer frequency.. 4188.71 BogoMIPS (lpj=2094356)
[    0.001175] Security Framework initialized
[    0.001262] Mount-cache hash table entries: 512
[    0.001409] CPU: L1 I cache: 32K, L1 D cache: 32K
[    0.001537] CPU: L2 cache: 3072K
[    0.001622] mce: CPU supports 6 MCE banks
[    0.001707] CPU0: Thermal monitoring enabled (TM2)
[    0.002003] using mwait in idle threads.
[    0.002084] CPU: Intel(R) Core(TM)2 Duo CPU     T8100  @ 2.10GHz stepping 06
[    0.002263] Checking 'hlt' instruction... OK.
[    0.006940] ACPI: Core revision 20090903
[    0.026018] CANARY value: a784d0c7 for PID: 1
[    0.026047] Enabling APIC mode:  Flat.  Using 1 I/O APICs
[    0.026503] ..TIMER: vector=0x30 apic1=0 pin1=2 apic2=-1 pin2=-1
[    0.036997] xor: automatically using best checksumming function: pIII_sse
[    0.040998]    pIII_sse  :  8568.000 MB/sec
[    0.041085] xor: using function: pIII_sse (8568.000 MB/sec)
[    0.041176] RANDOM - __seed init called.
[    0.041177] RANDOM - __seed init called.
[    0.041177] RANDOM - __seed init called.
[    0.041179] RANDOM - __random32 called. Change num 1.  Value: e6b75c0e	845fdb3c	4764ecc7
[    0.041181] RANDOM - __random32 called. Change num 2.  Value: 75c0e1a6	45fdb3ca	d98f8871
[    0.041183] RANDOM - __random32 called. Change num 3.  Value: e1a6d3e	5fdb3ca9	10e2be79
[    0.041184] RANDOM - __random32 called. Change num 4.  Value: a6d3e877	fdb3ca90	7cf2fee9
[    0.041186] RANDOM - __random32 called. Change num 5.  Value: 3e877b7b	db3ca905	fdd36ca1
[    0.041188] RANDOM - __random32 called. Change num 6.  Value: 77b7ba3d	b3ca905b	d9426901
[    0.041189] RANDOM - random32 init called.  Value: 77b7ba3d	b3ca905b	d9426901
[    0.041206] NET: Registered protocol family 16
[    0.041467] ACPI FADT declares the system doesn't support PCIe ASPM, so disable it
[    0.041589] ACPI: bus type pci registered
[    0.041756] PCI: MCFG configuration 0: base f0000000 segment 0 buses 0 - 63
[    0.041848] PCI: MCFG area at f0000000 reserved in E820
[    0.041936] PCI: Using MMCONFIG for extended config space
[    0.042002] PCI: Using configuration type 1 for base access
[    0.045139] bio: create slab <bio-0> at 0
[    0.045946] ACPI: EC: EC description table is found, configuring boot EC
[    0.051090] ACPI: BIOS _OSI(Linux) query honored via DMI
[    0.051819] random 0000 0000 0000 00000000 00000000: rand_read_num 2 get_random_bytes(8): sig fffffe1a 00000000 00000000
[    0.051822] random 0000 0000 0000 00000000 00000000: extract_entropy(.. 8 ..)
[    0.051824] random 0000 0000 0000 00000000 00000000: going to reseed nonblocking with 64 bits (64 of 0 requested)
[    0.051827] random 0000 0000 0000 00000000 00000000: extract_entropy(.. 8 ..)
[    0.051829] random 0000 0000 0000 00000000 00000000: trying to extract 64 bits from input
[    0.051831] random 0000 0000 0000 00000000 00000000: debiting 0 entropy credits from input
[    0.051833] random 0000 0000 0000 00000000 00000000: extract_entropy account returned: 0 
[    0.051835] random 0000 0000 0000 00000000 00000000: urand_change_num 3 xfer_secondary_pool(8): pool_sig fffffe1a, data_sig 00000000, bytes_mixed 0 00000000 00000000
[    0.051838] random 0000 0000 0000 00000000 00000000: trying to extract 64 bits from nonblocking
[    0.051841] random 0000 0000 0000 00000000 00000000: debiting 64 entropy credits from nonblocking (unlimited)
[    0.051843] random 0000 0000 0000 00000000 00000000: extract_entropy account returned: 8 
[    0.051847] random 0000 0000 0000 00000000 00000000: urand_change_num 4 extract_buf: pool_sig fffffe1a, data_sig fffffed7, bytes_mixed 20 00000000 00000000
[    0.056605] ACPI: Interpreter enabled
[    0.056693] ACPI: (supports S0 S3 S4 S5)
[    0.056998] ACPI: Using IOAPIC for interrupt routing
[    0.066851] ACPI: EC: GPE = 0x12, I/O: command/status = 0x66, data = 0x62
[    0.067141] ACPI: Power Resource [PUBS] (on)
[    0.069254] ACPI: ACPI Dock Station Driver: 3 docks/bays found
[    0.069662] ACPI: PCI Root Bridge [PCI0] (0000:00)
[    0.069840] pci 0000:00:02.0: reg 10 64bit mmio: [0xf8100000-0xf81fffff]
[    0.069846] pci 0000:00:02.0: reg 18 64bit mmio pref: [0xe0000000-0xefffffff]
[    0.069850] pci 0000:00:02.0: reg 20 io port: [0x1800-0x1807]
[    0.069885] pci 0000:00:02.1: reg 10 64bit mmio: [0xf8200000-0xf82fffff]
[    0.069985] pci 0000:00:19.0: reg 10 32bit mmio: [0xfe000000-0xfe01ffff]
[    0.070001] pci 0000:00:19.0: reg 14 32bit mmio: [0xfe025000-0xfe025fff]
[    0.070010] pci 0000:00:19.0: reg 18 io port: [0x1840-0x185f]
[    0.070078] pci 0000:00:19.0: PME# supported from D0 D3hot D3cold
[    0.070177] pci 0000:00:19.0: PME# disabled
[    0.070332] pci 0000:00:1a.0: reg 20 io port: [0x1860-0x187f]
[    0.070405] pci 0000:00:1a.1: reg 20 io port: [0x1880-0x189f]
[    0.070487] pci 0000:00:1a.7: reg 10 32bit mmio: [0xfe226c00-0xfe226fff]
[    0.070571] pci 0000:00:1a.7: PME# supported from D0 D3hot D3cold
[    0.070664] pci 0000:00:1a.7: PME# disabled
[    0.070807] pci 0000:00:1b.0: reg 10 64bit mmio: [0xfe020000-0xfe023fff]
[    0.070883] pci 0000:00:1b.0: PME# supported from D0 D3hot D3cold
[    0.070981] pci 0000:00:1b.0: PME# disabled
[    0.071108] pci 0000:00:1c.0: PME# supported from D0 D3hot D3cold
[    0.071203] pci 0000:00:1c.0: PME# disabled
[    0.071408] pci 0000:00:1c.1: PME# supported from D0 D3hot D3cold
[    0.071502] pci 0000:00:1c.1: PME# disabled
[    0.071704] pci 0000:00:1c.2: PME# supported from D0 D3hot D3cold
[    0.071808] pci 0000:00:1c.2: PME# disabled
[    0.072095] pci 0000:00:1c.3: PME# supported from D0 D3hot D3cold
[    0.072191] pci 0000:00:1c.3: PME# disabled
[    0.073048] pci 0000:00:1c.4: PME# supported from D0 D3hot D3cold
[    0.073144] pci 0000:00:1c.4: PME# disabled
[    0.073312] pci 0000:00:1d.0: reg 20 io port: [0x18a0-0x18bf]
[    0.073388] pci 0000:00:1d.1: reg 20 io port: [0x18c0-0x18df]
[    0.073468] pci 0000:00:1d.2: reg 20 io port: [0x18e0-0x18ff]
[    0.073551] pci 0000:00:1d.7: reg 10 32bit mmio: [0xfe227000-0xfe2273ff]
[    0.073652] pci 0000:00:1d.7: PME# supported from D0 D3hot D3cold
[    0.073749] pci 0000:00:1d.7: PME# disabled
[    0.074040] pci 0000:00:1f.0: quirk: region 1000-107f claimed by ICH6 ACPI/GPIO/TCO
[    0.074165] pci 0000:00:1f.0: quirk: region 1180-11bf claimed by ICH6 GPIO
[    0.074259] pci 0000:00:1f.0: ICH7 LPC Generic IO decode 1 PIO at 1600 (mask 007f)
[    0.074382] pci 0000:00:1f.0: ICH7 LPC Generic IO decode 2 PIO at 15e0 (mask 000f)
[    0.074507] pci 0000:00:1f.0: ICH7 LPC Generic IO decode 3 PIO at 1680 (mask 001f)
[    0.074717] pci 0000:00:1f.1: reg 10 io port: [0x00-0x07]
[    0.074724] pci 0000:00:1f.1: reg 14 io port: [0x00-0x03]
[    0.074733] pci 0000:00:1f.1: reg 18 io port: [0x00-0x07]
[    0.074742] pci 0000:00:1f.1: reg 1c io port: [0x00-0x03]
[    0.074751] pci 0000:00:1f.1: reg 20 io port: [0x1c00-0x1c0f]
[    0.074830] pci 0000:00:1f.2: reg 10 io port: [0x1c50-0x1c57]
[    0.074839] pci 0000:00:1f.2: reg 14 io port: [0x1c44-0x1c47]
[    0.074848] pci 0000:00:1f.2: reg 18 io port: [0x1c48-0x1c4f]
[    0.074855] pci 0000:00:1f.2: reg 1c io port: [0x1c40-0x1c43]
[    0.074864] pci 0000:00:1f.2: reg 20 io port: [0x1c20-0x1c3f]
[    0.074872] pci 0000:00:1f.2: reg 24 32bit mmio: [0xfe226000-0xfe2267ff]
[    0.074930] pci 0000:00:1f.2: PME# supported from D3hot
[    0.074999] pci 0000:00:1f.2: PME# disabled
[    0.075124] pci 0000:00:1f.3: reg 10 32bit mmio: [0xfe227400-0xfe2274ff]
[    0.075148] pci 0000:00:1f.3: reg 20 io port: [0x1c60-0x1c7f]
[    0.075242] pci 0000:00:1c.0: bridge io port: [0x2000-0x2fff]
[    0.075248] pci 0000:00:1c.0: bridge 32bit mmio: [0xfc000000-0xfdffffff]
[    0.075256] pci 0000:00:1c.0: bridge 64bit mmio pref: [0xf8000000-0xf80fffff]
[    0.075328] pci 0000:03:00.0: reg 10 64bit mmio: [0xdf3f0000-0xdf3fffff]
[    0.075522] pci 0000:00:1c.1: bridge io port: [0x3000-0x3fff]
[    0.075528] pci 0000:00:1c.1: bridge 32bit mmio: [0xdc000000-0xdf3fffff]
[    0.075537] pci 0000:00:1c.1: bridge 64bit mmio pref: [0xdfe00000-0xdfefffff]
[    0.075591] pci 0000:00:1c.2: bridge io port: [0x4000-0x4fff]
[    0.075597] pci 0000:00:1c.2: bridge 32bit mmio: [0xd8000000-0xd9ffffff]
[    0.075606] pci 0000:00:1c.2: bridge 64bit mmio pref: [0xdfb00000-0xdfbfffff]
[    0.075667] pci 0000:00:1c.3: bridge io port: [0x5000-0x5fff]
[    0.075673] pci 0000:00:1c.3: bridge 32bit mmio: [0xd4000000-0xd5ffffff]
[    0.075682] pci 0000:00:1c.3: bridge 64bit mmio pref: [0xdf800000-0xdf8fffff]
[    0.075740] pci 0000:00:1c.4: bridge io port: [0x6000-0x6fff]
[    0.075744] pci 0000:00:1c.4: bridge 32bit mmio: [0xd0000000-0xd1ffffff]
[    0.075751] pci 0000:00:1c.4: bridge 64bit mmio pref: [0xdf500000-0xdf5fffff]
[    0.075811] pci 0000:15:00.0: reg 10 32bit mmio: [0xf8300000-0xf8300fff]
[    0.075860] pci 0000:15:00.0: supports D1 D2
[    0.075861] pci 0000:15:00.0: PME# supported from D0 D1 D2 D3hot D3cold
[    0.075958] pci 0000:15:00.0: PME# disabled
[    0.076051] pci 0000:15:00.1: reg 10 32bit mmio: [0xf8301000-0xf83017ff]
[    0.076158] pci 0000:15:00.1: supports D1 D2
[    0.076159] pci 0000:15:00.1: PME# supported from D0 D1 D2 D3hot D3cold
[    0.076261] pci 0000:15:00.1: PME# disabled
[    0.076442] pci 0000:00:1e.0: transparent bridge
[    0.076534] pci 0000:00:1e.0: bridge io port: [0x7000-0xafff]
[    0.076540] pci 0000:00:1e.0: bridge 32bit mmio: [0xf8300000-0xfbffffff]
[    0.076549] pci 0000:00:1e.0: bridge 64bit mmio pref: [0xf4000000-0xf7ffffff]
[    0.076613] pci_bus 0000:00: on NUMA node 0
[    0.076617] ACPI: PCI Interrupt Routing Table [\_SB_.PCI0._PRT]
[    0.076750] ACPI: PCI Interrupt Routing Table [\_SB_.PCI0.EXP0._PRT]
[    0.076809] ACPI: PCI Interrupt Routing Table [\_SB_.PCI0.EXP1._PRT]
[    0.076867] ACPI: PCI Interrupt Routing Table [\_SB_.PCI0.EXP2._PRT]
[    0.077014] ACPI: PCI Interrupt Routing Table [\_SB_.PCI0.EXP3._PRT]
[    0.077078] ACPI: PCI Interrupt Routing Table [\_SB_.PCI0.EXP4._PRT]
[    0.077140] ACPI: PCI Interrupt Routing Table [\_SB_.PCI0.PCI1._PRT]
[    0.082586] ACPI: PCI Interrupt Link [LNKA] (IRQs 3 4 5 6 7 9 *10 11)
[    0.083363] ACPI: PCI Interrupt Link [LNKB] (IRQs 3 4 5 6 7 9 10 *11)
[    0.084159] ACPI: PCI Interrupt Link [LNKC] (IRQs 3 4 5 6 7 9 10 *11)
[    0.085002] ACPI: PCI Interrupt Link [LNKD] (IRQs 3 4 5 6 7 9 10 *11)
[    0.085806] ACPI: PCI Interrupt Link [LNKE] (IRQs 3 4 5 6 7 9 10 *11)
[    0.086583] ACPI: PCI Interrupt Link [LNKF] (IRQs 3 4 5 6 7 9 10 *11)
[    0.087397] ACPI: PCI Interrupt Link [LNKG] (IRQs 3 4 5 6 7 9 10 *11)
[    0.088175] ACPI: PCI Interrupt Link [LNKH] (IRQs 3 4 5 6 7 9 10 *11)
[    0.089010] vgaarb: device added: PCI:0000:00:02.0,decodes=io+mem,owns=io+mem,locks=none
[    0.089136] vgaarb: loaded
[    0.089323] SCSI subsystem initialized
[    0.089434] libata version 3.00 loaded.
[    0.089482] usbcore: registered new interface driver usbfs
[    0.089603] usbcore: registered new interface driver hub
[    0.089713] usbcore: registered new device driver usb
[    0.106037] raid6: int32x1    941 MB/s
[    0.123056] raid6: int32x2    890 MB/s
[    0.139988] raid6: int32x4    746 MB/s
[    0.157077] raid6: int32x8    660 MB/s
[    0.173984] raid6: mmxx1     2878 MB/s
[    0.190981] raid6: mmxx2     3269 MB/s
[    0.208000] raid6: sse1x1    1937 MB/s
[    0.224995] raid6: sse1x2    2535 MB/s
[    0.241977] raid6: sse2x1    3503 MB/s
[    0.258982] raid6: sse2x2    3824 MB/s
[    0.259069] raid6: using algorithm sse2x2 (3824 MB/s)
[    0.259166] PCI: Using ACPI for IRQ routing
[    0.259474] HPET: 3 timers in total, 0 timers will be used for per-cpu timer
[    0.259990] Switching to clocksource tsc
[    0.260091] pnp: PnP ACPI init
[    0.260186] ACPI: bus type pnp registered
[    0.263898] pnp: PnP ACPI: found 11 devices
[    0.263986] ACPI: ACPI bus type pnp unregistered
[    0.264080] system 00:00: iomem range 0x0-0x9ffff could not be reserved
[    0.264171] system 00:00: iomem range 0xc0000-0xc3fff could not be reserved
[    0.264261] system 00:00: iomem range 0xc4000-0xc7fff could not be reserved
[    0.264354] system 00:00: iomem range 0xc8000-0xcbfff has been reserved
[    0.264447] system 00:00: iomem range 0xcc000-0xcffff has been reserved
[    0.264540] system 00:00: iomem range 0xd0000-0xd3fff could not be reserved
[    0.264631] system 00:00: iomem range 0xe0000-0xe3fff could not be reserved
[    0.264720] system 00:00: iomem range 0xe4000-0xe7fff could not be reserved
[    0.264812] system 00:00: iomem range 0xe8000-0xebfff could not be reserved
[    0.264910] system 00:00: iomem range 0xec000-0xeffff could not be reserved
[    0.265009] system 00:00: iomem range 0xf0000-0xfffff could not be reserved
[    0.265102] system 00:00: iomem range 0x100000-0x3dffffff could not be reserved
[    0.265220] system 00:00: iomem range 0xfec00000-0xfed3ffff could not be reserved
[    0.265345] system 00:00: iomem range 0xfed4c000-0xffffffff could not be reserved
[    0.265470] system 00:02: ioport range 0x164e-0x164f has been reserved
[    0.265561] system 00:02: ioport range 0x1000-0x107f has been reserved
[    0.265648] system 00:02: ioport range 0x1180-0x11bf has been reserved
[    0.265741] system 00:02: ioport range 0x800-0x80f has been reserved
[    0.265836] system 00:02: ioport range 0x15e0-0x15ef has been reserved
[    0.265931] system 00:02: ioport range 0x1600-0x165f could not be reserved
[    0.266023] system 00:02: iomem range 0xf0000000-0xf3ffffff has been reserved
[    0.266116] system 00:02: iomem range 0xfed1c000-0xfed1ffff has been reserved
[    0.266206] system 00:02: iomem range 0xfed14000-0xfed17fff has been reserved
[    0.266297] system 00:02: iomem range 0xfed18000-0xfed18fff has been reserved
[    0.266393] system 00:02: iomem range 0xfed19000-0xfed19fff has been reserved
[    0.266489] system 00:02: iomem range 0xfed45000-0xfed4bfff has been reserved
[    0.301532] pci 0000:00:1c.0: PCI bridge, secondary bus 0000:02
[    0.301627] pci 0000:00:1c.0:   IO window: 0x2000-0x2fff
[    0.301721] pci 0000:00:1c.0:   MEM window: 0xfc000000-0xfdffffff
[    0.301814] pci 0000:00:1c.0:   PREFETCH window: 0x000000f8000000-0x000000f80fffff
[    0.301952] pci 0000:00:1c.1: PCI bridge, secondary bus 0000:03
[    0.302044] pci 0000:00:1c.1:   IO window: 0x3000-0x3fff
[    0.302144] pci 0000:00:1c.1:   MEM window: 0xdc000000-0xdf3fffff
[    0.302240] pci 0000:00:1c.1:   PREFETCH window: 0x000000dfe00000-0x000000dfefffff
[    0.302364] pci 0000:00:1c.2: PCI bridge, secondary bus 0000:04
[    0.302459] pci 0000:00:1c.2:   IO window: 0x4000-0x4fff
[    0.302559] pci 0000:00:1c.2:   MEM window: 0xd8000000-0xd9ffffff
[    0.302653] pci 0000:00:1c.2:   PREFETCH window: 0x000000dfb00000-0x000000dfbfffff
[    0.302785] pci 0000:00:1c.3: PCI bridge, secondary bus 0000:05
[    0.302884] pci 0000:00:1c.3:   IO window: 0x5000-0x5fff
[    0.302976] pci 0000:00:1c.3:   MEM window: 0xd4000000-0xd5ffffff
[    0.303068] pci 0000:00:1c.3:   PREFETCH window: 0x000000df800000-0x000000df8fffff
[    0.303197] pci 0000:00:1c.4: PCI bridge, secondary bus 0000:0d
[    0.303289] pci 0000:00:1c.4:   IO window: 0x6000-0x6fff
[    0.303380] pci 0000:00:1c.4:   MEM window: 0xd0000000-0xd1ffffff
[    0.303480] pci 0000:00:1c.4:   PREFETCH window: 0x000000df500000-0x000000df5fffff
[    0.303612] pci 0000:15:00.0: CardBus bridge, secondary bus 0000:16
[    0.303705] pci 0000:15:00.0:   IO window: 0x007000-0x0070ff
[    0.303811] pci 0000:15:00.0:   IO window: 0x007400-0x0074ff
[    0.303915] pci 0000:15:00.0:   PREFETCH window: 0xf4000000-0xf7ffffff
[    0.304011] pci 0000:15:00.0:   MEM window: 0x40000000-0x43ffffff
[    0.304115] pci 0000:00:1e.0: PCI bridge, secondary bus 0000:15
[    0.304203] pci 0000:00:1e.0:   IO window: 0x7000-0xafff
[    0.304297] pci 0000:00:1e.0:   MEM window: 0xf8300000-0xfbffffff
[    0.304391] pci 0000:00:1e.0:   PREFETCH window: 0x000000f4000000-0x000000f7ffffff
[    0.304531] pci 0000:00:1c.0: PCI INT A -> GSI 20 (level, low) -> IRQ 20
[    0.304631] pci 0000:00:1c.0: setting latency timer to 64
[    0.304645] pci 0000:00:1c.1: PCI INT B -> GSI 21 (level, low) -> IRQ 21
[    0.304739] pci 0000:00:1c.1: setting latency timer to 64
[    0.304749] pci 0000:00:1c.2: PCI INT C -> GSI 22 (level, low) -> IRQ 22
[    0.304854] pci 0000:00:1c.2: setting latency timer to 64
[    0.304873] pci 0000:00:1c.3: PCI INT D -> GSI 23 (level, low) -> IRQ 23
[    0.304967] pci 0000:00:1c.3: setting latency timer to 64
[    0.304978] pci 0000:00:1c.4: PCI INT A -> GSI 20 (level, low) -> IRQ 20
[    0.305072] pci 0000:00:1c.4: setting latency timer to 64
[    0.305081] pci 0000:00:1e.0: enabling device (0005 -> 0007)
[    0.305174] pci 0000:00:1e.0: setting latency timer to 64
[    0.305191] pci 0000:15:00.0: PCI INT A -> GSI 16 (level, low) -> IRQ 16
[    0.305293] pci 0000:15:00.0: setting latency timer to 64
[    0.305299] pci_bus 0000:00: resource 0 io:  [0x00-0xffff]
[    0.305301] pci_bus 0000:00: resource 1 mem: [0x000000-0xffffffff]
[    0.305303] pci_bus 0000:02: resource 0 io:  [0x2000-0x2fff]
[    0.305304] pci_bus 0000:02: resource 1 mem: [0xfc000000-0xfdffffff]
[    0.305306] pci_bus 0000:02: resource 2 pref mem [0xf8000000-0xf80fffff]
[    0.305308] pci_bus 0000:03: resource 0 io:  [0x3000-0x3fff]
[    0.305310] pci_bus 0000:03: resource 1 mem: [0xdc000000-0xdf3fffff]
[    0.305311] pci_bus 0000:03: resource 2 pref mem [0xdfe00000-0xdfefffff]
[    0.305313] pci_bus 0000:04: resource 0 io:  [0x4000-0x4fff]
[    0.305315] pci_bus 0000:04: resource 1 mem: [0xd8000000-0xd9ffffff]
[    0.305317] pci_bus 0000:04: resource 2 pref mem [0xdfb00000-0xdfbfffff]
[    0.305319] pci_bus 0000:05: resource 0 io:  [0x5000-0x5fff]
[    0.305321] pci_bus 0000:05: resource 1 mem: [0xd4000000-0xd5ffffff]
[    0.305322] pci_bus 0000:05: resource 2 pref mem [0xdf800000-0xdf8fffff]
[    0.305324] pci_bus 0000:0d: resource 0 io:  [0x6000-0x6fff]
[    0.305326] pci_bus 0000:0d: resource 1 mem: [0xd0000000-0xd1ffffff]
[    0.305328] pci_bus 0000:0d: resource 2 pref mem [0xdf500000-0xdf5fffff]
[    0.305330] pci_bus 0000:15: resource 0 io:  [0x7000-0xafff]
[    0.305331] pci_bus 0000:15: resource 1 mem: [0xf8300000-0xfbffffff]
[    0.305333] pci_bus 0000:15: resource 2 pref mem [0xf4000000-0xf7ffffff]
[    0.305335] pci_bus 0000:15: resource 3 io:  [0x00-0xffff]
[    0.305336] pci_bus 0000:15: resource 4 mem: [0x000000-0xffffffff]
[    0.305338] pci_bus 0000:16: resource 0 io:  [0x7000-0x70ff]
[    0.305340] pci_bus 0000:16: resource 1 io:  [0x7400-0x74ff]
[    0.305342] pci_bus 0000:16: resource 2 pref mem [0xf4000000-0xf7ffffff]
[    0.305344] pci_bus 0000:16: resource 3 mem: [0x40000000-0x43ffffff]
[    0.305351] NET: Registered protocol family 2
[    0.305442] RANDOM - __random32 called. Change num 7.  Value: 7ba3d01e	3ca905be	d2026a24
[    0.305444] RANDOM - random32 called.  Value: 7ba3d01e	3ca905be	d2026a24
[    0.305448] random 0000 0000 0000 5f8db4e5 4cfdf2a8: rand_read_num 3 get_random_bytes(4): sig fffffb64 5f8db4e5 4cfdf2a8
[    0.305451] random 0000 0000 0000 5f8db4e5 4cfdf2a8: extract_entropy(.. 4 ..)
[    0.305453] random 0000 0000 0000 5f8db4e5 4cfdf2a8: going to reseed nonblocking with 64 bits (32 of 0 requested)
[    0.305455] random 0000 0000 0000 5f8db4e5 4cfdf2a8: extract_entropy(.. 8 ..)
[    0.305457] random 0000 0000 0000 5f8db4e5 4cfdf2a8: trying to extract 64 bits from input
[    0.305459] random 0000 0000 0000 5f8db4e5 4cfdf2a8: debiting 0 entropy credits from input
[    0.305461] random 0000 0000 0000 5f8db4e5 4cfdf2a8: extract_entropy account returned: 0 
[    0.305464] random 0000 0000 0000 5f8db4e5 4cfdf2a8: urand_change_num 5 xfer_secondary_pool(4): pool_sig fffffb64, data_sig 00000000, bytes_mixed 0 5f8db4e5 4cfdf2a8
[    0.305467] random 0000 0000 0000 5f8db4e5 4cfdf2a8: trying to extract 32 bits from nonblocking
[    0.305469] random 0000 0000 0000 5f8db4e5 4cfdf2a8: debiting 32 entropy credits from nonblocking (unlimited)
[    0.305471] random 0000 0000 0000 5f8db4e5 4cfdf2a8: extract_entropy account returned: 4 
[    0.305476] random 0000 0000 0000 5f8db4e5 4cfdf2a8: urand_change_num 6 extract_buf: pool_sig fffffb64, data_sig 00000241, bytes_mixed 20 5f8db4e5 4cfdf2a8
[    0.305485] IP route cache hash table entries: 32768 (order: 5, 131072 bytes)
[    0.305616] RANDOM - __random32 called. Change num 8.  Value: 3d01e034	ca905be7	d4484227
[    0.305618] RANDOM - random32 called.  Value: 3d01e034	ca905be7	d4484227
[    0.305628] RANDOM - __random32 called. Change num 9.  Value: 1e034020	a905be70	844ec14a
[    0.305630] RANDOM - random32 called.  Value: 1e034020	a905be70	844ec14a
[    0.305632] RANDOM - __random32 called. Change num 10.  Value: 34020ec0	905be706	8294c719
[    0.305633] RANDOM - random32 called.  Value: 34020ec0	905be706	8294c719
[    0.305643] RANDOM - __random32 called. Change num 11.  Value: 20ec0ebb	5be7068	8e32c65f
[    0.305645] RANDOM - random32 called.  Value: 20ec0ebb	5be7068	8e32c65f
[    0.305655] TCP established hash table entries: 131072 (order: 8, 1048576 bytes)
[    0.306152] TCP bind hash table entries: 65536 (order: 6, 262144 bytes)
[    0.306338] TCP: Hash tables configured (established 131072 bind 65536)
[    0.306433] TCP reno registered
[    0.306537] NET: Registered protocol family 1
[    0.306650] RPC: Registered udp transport module.
[    0.306743] RPC: Registered tcp transport module.
[    0.306839] RPC: Registered tcp NFSv4.1 backchannel transport module.
[    0.306941] pci 0000:00:02.0: Boot video device
[    0.307159] Simple Boot Flag at 0x35 set to 0x1
[    0.307680] highmem bounce pool size: 64 pages
[    0.309259] VFS: Disk quotas dquot_6.5.2
[    0.309382] Dquot-cache hash table entries: 1024 (order 0, 4096 bytes)
[    0.310062] NTFS driver 2.1.29 [Flags: R/W].
[    0.310220] ROMFS MTD (C) 2007 Red Hat, Inc.
[    0.310429] JFS: nTxBlock = 7695, nTxLock = 61562
[    0.312926] SGI XFS with ACLs, security attributes, large block/inode numbers, no debug enabled
[    0.313414] SGI XFS Quota Management subsystem
[    0.313707] Slow work thread pool: Starting up
[    0.313808] Slow work thread pool: Ready
[    0.313922] GFS2 (built May 24 2013 02:47:17) installed
[    0.314015] msgmni has been set to 1734
[    0.314182] alg: No test for cipher_null (cipher_null-generic)
[    0.314291] alg: No test for ecb(cipher_null) (ecb-cipher_null)
[    0.314391] alg: No test for digest_null (digest_null-generic)
[    0.314494] alg: No test for compress_null (compress_null-generic)
[    0.315055] alg: No test for fcrypt (fcrypt-generic)
[    0.316468] alg: No test for stdrng (krng)
[    0.316557] async_tx: api initialized (async)
[    0.316710] Block layer SCSI generic (bsg) driver version 0.4 loaded (major 254)
[    0.316842] io scheduler noop registered
[    0.316939] io scheduler anticipatory registered
[    0.317027] io scheduler deadline registered
[    0.317163] io scheduler cfq registered (default)
[    0.317404] pcieport 0000:00:1c.0: irq 24 for MSI/MSI-X
[    0.317417] pcieport 0000:00:1c.0: setting latency timer to 64
[    0.317601] pcieport 0000:00:1c.1: irq 25 for MSI/MSI-X
[    0.317611] pcieport 0000:00:1c.1: setting latency timer to 64
[    0.317792] pcieport 0000:00:1c.2: irq 26 for MSI/MSI-X
[    0.317804] pcieport 0000:00:1c.2: setting latency timer to 64
[    0.317996] pcieport 0000:00:1c.3: irq 27 for MSI/MSI-X
[    0.318006] pcieport 0000:00:1c.3: setting latency timer to 64
[    0.318187] pcieport 0000:00:1c.4: irq 28 for MSI/MSI-X
[    0.318198] pcieport 0000:00:1c.4: setting latency timer to 64
[    0.318344] pci_hotplug: PCI Hot Plug PCI Core version: 0.5
[    0.318537] isapnp: Scanning for PnP cards...
[    0.679059] isapnp: No Plug & Play device found
[    0.679155] random 0000 0000 0000 5f8db4e5 4cfdf2a8: initializing
[    0.698679] Serial: 8250/16550 driver, 4 ports, IRQ sharing enabled
[    3.710308] floppy0: no floppy controllers found
[    3.711249] brd: module loaded
[    3.711753] loop: module loaded
[    3.711839] Compaq SMART2 Driver (v 2.6.0)
[    3.711966] HP CISS Driver (v 3.6.20)
[    3.712207] input: Macintosh mouse button emulation as /devices/virtual/input/input0
[    3.712348] Uniform Multi-Platform E-IDE driver
[    3.712574] piix 0000:00:1f.1: IDE controller (0x8086:0x2850 rev 0x03)
[    3.712678] pci 0000:00:1f.1: PCI INT C -> GSI 16 (level, low) -> IRQ 16
[    3.712781] piix 0000:00:1f.1: IDE port disabled
[    3.712878] piix 0000:00:1f.1: not 100% native mode: will probe irqs later
[    3.712974]     ide0: BM-DMA at 0x1c00-0x1c07
[    3.713066] Probing IDE interface ide0...
[    4.384613] hda: HL-DT-ST DVDRAM GSA-U10N, ATAPI CD/DVD-ROM drive
[    4.691462] hda: host max PIO4 wanted PIO255(auto-tune) selected PIO4
[    4.692233] hda: UDMA/33 mode selected
[    4.692698] ide0 at 0x1f0-0x1f7,0x3f6 on irq 14
[    4.696607] ide-gd driver 1.18
[    4.696716] ide-cd driver 5.00
[    4.698110] ide-cd: hda: ATAPI 24X DVD-ROM DVD-R/RAM CD-R/RW drive, 2048kB Cache
[    4.698552] Uniform CD-ROM driver Revision: 3.20
[    4.705622] Loading iSCSI transport class v2.0-870.
[    4.705907] rdac: device handler registered
[    4.705994] hp_sw: device handler registered
[    4.706084] emc: device handler registered
[    4.706174] alua: device handler registered
[    4.707159] Adaptec aacraid driver 1.1-5[2461]-ms
[    4.707571] scsi: <fdomain> Detection failed (no card)
[    4.707665] sym53c416.c: Version 1.0.0-ac
[    4.707782] qlogicfas: no cards were found, please specify I/O address and IRQ using iobase= and irq= options
[    4.707915] QLogic Fibre Channel HBA Driver: 8.03.01-k6
[    4.708141] iscsi: registered transport (qla4xxx)
[    4.708250] QLogic iSCSI HBA Driver
[    4.708337] Emulex LightPulse Fibre Channel SCSI driver 8.3.4
[    4.708424] Copyright(c) 2004-2009 Emulex.  All rights reserved.
[    4.730455] Failed initialization of WD-7000 SCSI card!
[    4.819504] DC390: clustering now enabled by default. If you get problems load
[    4.819623]        with "disable_clustering=1" and report to maintainers
[    4.819758] megaraid cmm: 2.20.2.7 (Release Date: Sun Jul 16 00:01:03 EST 2006)
[    4.819908] megaraid: 2.20.5.1 (Release Date: Thu Nov 16 15:32:35 EST 2006)
[    4.820024] megasas: 00.00.04.01 Thu July 24 11:41:51 PST 2008
[    4.820155] GDT-HA: Storage RAID Controller Driver. Version: 3.05
[    4.820308] 3ware Storage Controller device driver for Linux v1.26.02.002.
[    4.820420] 3ware 9000 Storage Controller device driver for Linux v2.26.02.012.
[    4.820571] nsp32: loading...
[    4.820677] ipr: IBM Power RAID SCSI Device Driver version: 2.4.3 (June 10, 2009)
[    4.820823] RocketRAID 3xxx/4xxx Controller driver v1.6 (090910)
[    4.820934] stex: Promise SuperTrak EX Driver version: 4.6.0000.3
[    4.821075] st: Version 20081215, fixed bufsize 32768, s/g segs 256
[    4.821265] ahci 0000:00:1f.2: version 3.0
[    4.821280] ahci 0000:00:1f.2: PCI INT B -> GSI 16 (level, low) -> IRQ 16
[    4.821409] ahci 0000:00:1f.2: irq 29 for MSI/MSI-X
[    4.821483] ahci 0000:00:1f.2: AHCI 0001.0100 32 slots 3 ports 1.5 Gbps 0x5 impl SATA mode
[    4.821616] ahci 0000:00:1f.2: flags: 64bit ncq sntf pm led clo pio slum part ccc 
[    4.821745] ahci 0000:00:1f.2: setting latency timer to 64
[    4.821883] scsi2 : ahci
[    4.822041] scsi3 : ahci
[    4.822190] scsi4 : ahci
[    4.822359] ata1: SATA max UDMA/133 abar m2048@0xfe226000 port 0xfe226100 irq 29
[    4.822496] ata2: DUMMY
[    4.822580] ata3: SATA max UDMA/133 abar m2048@0xfe226000 port 0xfe226200 irq 29
[    4.823184] I2O subsystem v1.325
[    4.823271] i2o: max drivers = 8
[    4.823416] I2O Configuration OSM v1.323
[    4.823538] I2O Bus Adapter OSM v1.317
[    4.823639] I2O Block Device OSM v1.325
[    4.823787] I2O SCSI Peripheral OSM v1.316
[    4.823889] I2O ProcFS OSM v1.316
[    4.823995] Fusion MPT base driver 3.04.12
[    4.824083] Copyright (c) 1999-2008 LSI Corporation
[    4.824178] Fusion MPT SPI Host driver 3.04.12
[    4.824286] Fusion MPT FC Host driver 3.04.12
[    4.824406] Fusion MPT SAS Host driver 3.04.12
[    4.824616] ohci1394 0000:15:00.1: PCI INT B -> GSI 17 (level, low) -> IRQ 17
[    4.824711] ohci1394 0000:15:00.1: setting latency timer to 64
[    4.878493] ohci1394: fw-host0: OHCI-1394 1.1 (PCI): IRQ=[17]  MMIO=[f8301000-f83017ff]  Max Packet=[2048]  IR/IT contexts=[4/4]
[    4.882759] ehci_hcd: USB 2.0 'Enhanced' Host Controller (EHCI) Driver
[    4.883033] ehci_hcd 0000:00:1a.7: power state changed by ACPI to D0
[    4.883281] ehci_hcd 0000:00:1a.7: power state changed by ACPI to D0
[    4.883381] ehci_hcd 0000:00:1a.7: PCI INT C -> GSI 22 (level, low) -> IRQ 22
[    4.883488] ehci_hcd 0000:00:1a.7: setting latency timer to 64
[    4.883493] ehci_hcd 0000:00:1a.7: EHCI Host Controller
[    4.883628] ehci_hcd 0000:00:1a.7: new USB bus registered, assigned bus number 1
[    4.887678] ehci_hcd 0000:00:1a.7: cache line size of 32 is not supported
[    4.887687] ehci_hcd 0000:00:1a.7: irq 22, io mem 0xfe226c00
[    4.897459] ehci_hcd 0000:00:1a.7: USB 2.0 started, EHCI 1.00
[    4.897569] usb usb1: New USB device found, idVendor=1d6b, idProduct=0002
[    4.897664] usb usb1: New USB device strings: Mfr=3, Product=2, SerialNumber=1
[    4.897781] usb usb1: Product: EHCI Host Controller
[    4.897869] usb usb1: Manufacturer: Linux 2.6.32.57 ehci_hcd
[    4.897954] usb usb1: SerialNumber: 0000:00:1a.7
[    4.898101] usb usb1: configuration #1 chosen from 1 choice
[    4.898220] hub 1-0:1.0: USB hub found
[    4.898317] hub 1-0:1.0: 4 ports detected
[    4.898619] ehci_hcd 0000:00:1d.7: power state changed by ACPI to D0
[    4.898907] ehci_hcd 0000:00:1d.7: power state changed by ACPI to D0
[    4.899012] ehci_hcd 0000:00:1d.7: PCI INT D -> GSI 19 (level, low) -> IRQ 19
[    4.899115] ehci_hcd 0000:00:1d.7: setting latency timer to 64
[    4.899120] ehci_hcd 0000:00:1d.7: EHCI Host Controller
[    4.899255] ehci_hcd 0000:00:1d.7: new USB bus registered, assigned bus number 2
[    4.899408] ehci_hcd 0000:00:1d.7: debug port 1
[    4.903398] ehci_hcd 0000:00:1d.7: cache line size of 32 is not supported
[    4.903407] ehci_hcd 0000:00:1d.7: irq 19, io mem 0xfe227000
[    4.913461] ehci_hcd 0000:00:1d.7: USB 2.0 started, EHCI 1.00
[    4.913567] usb usb2: New USB device found, idVendor=1d6b, idProduct=0002
[    4.913661] usb usb2: New USB device strings: Mfr=3, Product=2, SerialNumber=1
[    4.913780] usb usb2: Product: EHCI Host Controller
[    4.913868] usb usb2: Manufacturer: Linux 2.6.32.57 ehci_hcd
[    4.913957] usb usb2: SerialNumber: 0000:00:1d.7
[    4.914103] usb usb2: configuration #1 chosen from 1 choice
[    4.914226] hub 2-0:1.0: USB hub found
[    4.914316] hub 2-0:1.0: 6 ports detected
[    4.914499] 116x: driver isp116x-hcd, 03 Nov 2005
[    4.914607] ohci_hcd: USB 1.1 'Open' Host Controller (OHCI) Driver
[    4.914724] uhci_hcd: USB Universal Host Controller Interface driver
[    4.914832] uhci_hcd 0000:00:1a.0: PCI INT A -> GSI 20 (level, low) -> IRQ 20
[    4.914939] uhci_hcd 0000:00:1a.0: setting latency timer to 64
[    4.914942] uhci_hcd 0000:00:1a.0: UHCI Host Controller
[    4.915066] uhci_hcd 0000:00:1a.0: new USB bus registered, assigned bus number 3
[    4.915219] uhci_hcd 0000:00:1a.0: irq 20, io base 0x00001860
[    4.915333] usb usb3: New USB device found, idVendor=1d6b, idProduct=0001
[    4.915421] usb usb3: New USB device strings: Mfr=3, Product=2, SerialNumber=1
[    4.915564] usb usb3: Product: UHCI Host Controller
[    4.915662] usb usb3: Manufacturer: Linux 2.6.32.57 uhci_hcd
[    4.915750] usb usb3: SerialNumber: 0000:00:1a.0
[    4.915887] usb usb3: configuration #1 chosen from 1 choice
[    4.916005] hub 3-0:1.0: USB hub found
[    4.916099] hub 3-0:1.0: 2 ports detected
[    4.916388] uhci_hcd 0000:00:1a.1: power state changed by ACPI to D0
[    4.916652] uhci_hcd 0000:00:1a.1: power state changed by ACPI to D0
[    4.916746] uhci_hcd 0000:00:1a.1: PCI INT B -> GSI 21 (level, low) -> IRQ 21
[    4.916845] uhci_hcd 0000:00:1a.1: setting latency timer to 64
[    4.916850] uhci_hcd 0000:00:1a.1: UHCI Host Controller
[    4.916985] uhci_hcd 0000:00:1a.1: new USB bus registered, assigned bus number 4
[    4.917137] uhci_hcd 0000:00:1a.1: irq 21, io base 0x00001880
[    4.917251] usb usb4: New USB device found, idVendor=1d6b, idProduct=0001
[    4.917345] usb usb4: New USB device strings: Mfr=3, Product=2, SerialNumber=1
[    4.917482] usb usb4: Product: UHCI Host Controller
[    4.917575] usb usb4: Manufacturer: Linux 2.6.32.57 uhci_hcd
[    4.917663] usb usb4: SerialNumber: 0000:00:1a.1
[    4.917798] usb usb4: configuration #1 chosen from 1 choice
[    4.917919] hub 4-0:1.0: USB hub found
[    4.918009] hub 4-0:1.0: 2 ports detected
[    4.918317] uhci_hcd 0000:00:1d.0: power state changed by ACPI to D0
[    4.918573] uhci_hcd 0000:00:1d.0: power state changed by ACPI to D0
[    4.918675] uhci_hcd 0000:00:1d.0: PCI INT A -> GSI 16 (level, low) -> IRQ 16
[    4.918773] uhci_hcd 0000:00:1d.0: setting latency timer to 64
[    4.918778] uhci_hcd 0000:00:1d.0: UHCI Host Controller
[    4.918912] uhci_hcd 0000:00:1d.0: new USB bus registered, assigned bus number 5
[    4.919068] uhci_hcd 0000:00:1d.0: irq 16, io base 0x000018a0
[    4.919182] usb usb5: New USB device found, idVendor=1d6b, idProduct=0001
[    4.919268] usb usb5: New USB device strings: Mfr=3, Product=2, SerialNumber=1
[    4.919391] usb usb5: Product: UHCI Host Controller
[    4.919488] usb usb5: Manufacturer: Linux 2.6.32.57 uhci_hcd
[    4.919578] usb usb5: SerialNumber: 0000:00:1d.0
[    4.919718] usb usb5: configuration #1 chosen from 1 choice
[    4.919841] hub 5-0:1.0: USB hub found
[    4.919932] hub 5-0:1.0: 2 ports detected
[    4.920076] uhci_hcd 0000:00:1d.1: PCI INT B -> GSI 17 (level, low) -> IRQ 17
[    4.920175] uhci_hcd 0000:00:1d.1: setting latency timer to 64
[    4.920177] uhci_hcd 0000:00:1d.1: UHCI Host Controller
[    4.920304] uhci_hcd 0000:00:1d.1: new USB bus registered, assigned bus number 6
[    4.920451] uhci_hcd 0000:00:1d.1: irq 17, io base 0x000018c0
[    4.920575] usb usb6: New USB device found, idVendor=1d6b, idProduct=0001
[    4.920667] usb usb6: New USB device strings: Mfr=3, Product=2, SerialNumber=1
[    4.920783] usb usb6: Product: UHCI Host Controller
[    4.920879] usb usb6: Manufacturer: Linux 2.6.32.57 uhci_hcd
[    4.920967] usb usb6: SerialNumber: 0000:00:1d.1
[    4.921106] usb usb6: configuration #1 chosen from 1 choice
[    4.921222] hub 6-0:1.0: USB hub found
[    4.921309] hub 6-0:1.0: 2 ports detected
[    4.921619] uhci_hcd 0000:00:1d.2: power state changed by ACPI to D0
[    4.921898] uhci_hcd 0000:00:1d.2: power state changed by ACPI to D0
[    4.921996] uhci_hcd 0000:00:1d.2: PCI INT C -> GSI 18 (level, low) -> IRQ 18
[    4.922095] uhci_hcd 0000:00:1d.2: setting latency timer to 64
[    4.922100] uhci_hcd 0000:00:1d.2: UHCI Host Controller
[    4.922230] uhci_hcd 0000:00:1d.2: new USB bus registered, assigned bus number 7
[    4.922382] uhci_hcd 0000:00:1d.2: irq 18, io base 0x000018e0
[    4.922505] usb usb7: New USB device found, idVendor=1d6b, idProduct=0001
[    4.922594] usb usb7: New USB device strings: Mfr=3, Product=2, SerialNumber=1
[    4.922713] usb usb7: Product: UHCI Host Controller
[    4.922804] usb usb7: Manufacturer: Linux 2.6.32.57 uhci_hcd
[    4.922894] usb usb7: SerialNumber: 0000:00:1d.2
[    4.923694] usb usb7: configuration #1 chosen from 1 choice
[    4.923815] hub 7-0:1.0: USB hub found
[    4.923910] hub 7-0:1.0: 2 ports detected
[    4.924071] sl811: driver sl811-hcd, 19 May 2005
[    4.924175] r8a66597_hcd: driver r8a66597_hcd, 2009-05-26
[    4.924344] Initializing USB Mass Storage driver...
[    4.924480] usbcore: registered new interface driver usb-storage
[    4.924573] USB Mass Storage support registered.
[    4.924676] usbcore: registered new interface driver ums-alauda
[    4.924785] usbcore: registered new interface driver ums-cypress
[    4.924898] usbcore: registered new interface driver ums-datafab
[    4.925008] usbcore: registered new interface driver ums-freecom
[    4.925115] usbcore: registered new interface driver ums-isd200
[    4.925221] usbcore: registered new interface driver ums-jumpshot
[    4.925336] usbcore: registered new interface driver ums-karma
[    4.925439] usbcore: registered new interface driver ums-onetouch
[    4.925561] usbcore: registered new interface driver ums-sddr09
[    4.925667] usbcore: registered new interface driver ums-sddr55
[    4.925775] usbcore: registered new interface driver ums-usbat
[    4.925920] PNP: PS/2 Controller [PNP0303:KBD,PNP0f13:MOU] at 0x60,0x64 irq 1,12
[    4.934950] serio: i8042 KBD port at 0x60,0x64 irq 1
[    4.935041] serio: i8042 AUX port at 0x60,0x64 irq 12
[    4.935291] mice: PS/2 mouse device common for all mice
[    4.935408] i2c /dev entries driver
[    4.935551] md: linear personality registered for level -1
[    4.935644] md: raid0 personality registered for level 0
[    4.935734] md: raid1 personality registered for level 1
[    4.935831] md: raid10 personality registered for level 10
[    4.935930] md: raid6 personality registered for level 6
[    4.936017] md: raid5 personality registered for level 5
[    4.936120] md: raid4 personality registered for level 4
[    4.936207] md: multipath personality registered for level -4
[    4.936403] device-mapper: ioctl: 4.15.0-ioctl (2009-04-01) initialised: dm-devel@redhat.com
[    4.936624] cpuidle: using governor ladder
[    4.937206] usbcore: registered new interface driver usbhid
[    4.937302] usbhid: v2.6:USB HID core driver
[    4.937457] random 0000 0000 0000 00000000 00000000: rand_read_num 4 get_random_bytes(136): sig 00000000 00000000 00000000
[    4.937470] random 0000 0000 0000 00000000 00000000: extract_entropy(.. 136 ..)
[    4.937473] random 0000 0000 0000 00000000 00000000: going to reseed nonblocking with 1024 bits (1088 of 0 requested)
[    4.937475] random 0000 0000 0000 00000000 00000000: extract_entropy(.. 128 ..)
[    4.937477] random 0000 0000 0000 00000000 00000000: trying to extract 1024 bits from input
[    4.937479] random 0000 0000 0000 00000000 00000000: debiting 0 entropy credits from input
[    4.937481] random 0000 0000 0000 00000000 00000000: extract_entropy account returned: 0 
[    4.937484] random 0000 0000 0000 00000000 00000000: urand_change_num 7 xfer_secondary_pool(136): pool_sig 00000000, data_sig 00000000, bytes_mixed 0 00000000 00000000
[    4.937487] random 0000 0000 0000 00000000 00000000: trying to extract 1088 bits from nonblocking
[    4.937490] random 0000 0000 0000 00000000 00000000: debiting 1088 entropy credits from nonblocking (unlimited)
[    4.937492] random 0000 0000 0000 00000000 00000000: extract_entropy account returned: 136 
[    4.937496] random 0000 0000 0000 00000000 00000000: urand_change_num 8 extract_buf: pool_sig 00000000, data_sig fffffff9, bytes_mixed 20 00000000 00000000
[    4.937502] random 0000 0000 0000 b7c35b56 be4dc95d: urand_change_num 9 extract_buf: pool_sig fffffd1e, data_sig 000000c5, bytes_mixed 20 b7c35b56 be4dc95d
[    4.937507] random 0000 0000 0000 ed9f5c47 c48487fb: urand_change_num 10 extract_buf: pool_sig fffff8ec, data_sig ffffff68, bytes_mixed 20 ed9f5c47 c48487fb
[    4.937512] random 0000 0000 0000 ed9f5c47 c48487fb: urand_change_num 11 extract_buf: pool_sig fffffaed, data_sig 000001aa, bytes_mixed 20 ed9f5c47 c48487fb
[    4.937517] random 0000 0000 0000 1b4f7c0a 91bd6a48: urand_change_num 12 extract_buf: pool_sig fffffdd8, data_sig 00000064, bytes_mixed 20 1b4f7c0a 91bd6a48
[    4.937522] random 0000 0000 0000 a254b9bc 20e9a24f: urand_change_num 13 extract_buf: pool_sig fffffbe6, data_sig 000001dd, bytes_mixed 20 a254b9bc 20e9a24f
[    4.937527] random 0000 0000 0000 a254b9bc 20e9a24f: urand_change_num 14 extract_buf: pool_sig fffff940, data_sig fffffe20, bytes_mixed 20 a254b9bc 20e9a24f
[    4.937533] random 0000 0000 0000 2831a66b 5fa2a3ad: urand_change_num 15 extract_buf: pool_sig fffffbce, data_sig 0000007e, bytes_mixed 20 2831a66b 5fa2a3ad
[    4.937538] random 0000 0000 0000 2831a66b 5fa2a3ad: urand_change_num 16 extract_buf: pool_sig 000004df, data_sig fffffe8f, bytes_mixed 20 2831a66b 5fa2a3ad
[    4.937543] random 0000 0000 0000 d4512bfd c9a54e0b: urand_change_num 17 extract_buf: pool_sig 00000485, data_sig fffffe68, bytes_mixed 20 d4512bfd c9a54e0b
[    4.937548] random 0000 0000 0000 c7371be6 f9ffea11: urand_change_num 18 extract_buf: pool_sig 00000095, data_sig ffffffed, bytes_mixed 20 c7371be6 f9ffea11
[    4.937553] random 0000 0000 0000 c7371be6 f9ffea11: urand_change_num 19 extract_buf: pool_sig 000003a7, data_sig fffffefa, bytes_mixed 20 c7371be6 f9ffea11
[    4.937558] random 0000 0000 0000 8fb4b62c d1ddba54: urand_change_num 20 extract_buf: pool_sig 00000179, data_sig ffffff78, bytes_mixed 20 8fb4b62c d1ddba54
[    4.937563] random 0000 0000 0000 9ff19f9c c07a1d2a: urand_change_num 21 extract_buf: pool_sig fffffe88, data_sig 00000126, bytes_mixed 20 9ff19f9c c07a1d2a
[    4.937568] TCP cubic registered
[    4.937654] Initializing XFRM netlink socket
[    4.937753] NET: Registered protocol family 17
[    4.937849] Using IPI Shortcut mode
[    4.937938] random 0000 0000 0000 9ff19f9c c07a1d2a: rand_read_num 5 get_random_bytes(8): sig 0000031b 9ff19f9c c07a1d2a
[    4.937940] random 0000 0000 0000 9ff19f9c c07a1d2a: extract_entropy(.. 8 ..)
[    4.937942] random 0000 0000 0000 9ff19f9c c07a1d2a: going to reseed nonblocking with 64 bits (64 of 0 requested)
[    4.937945] random 0000 0000 0000 9ff19f9c c07a1d2a: extract_entropy(.. 8 ..)
[    4.937946] random 0000 0000 0000 9ff19f9c c07a1d2a: trying to extract 64 bits from input
[    4.937948] random 0000 0000 0000 9ff19f9c c07a1d2a: debiting 0 entropy credits from input
[    4.937951] random 0000 0000 0000 9ff19f9c c07a1d2a: extract_entropy account returned: 0 
[    4.937954] random 0000 0000 0000 9ff19f9c c07a1d2a: urand_change_num 22 xfer_secondary_pool(8): pool_sig 0000031b, data_sig 00000000, bytes_mixed 0 9ff19f9c c07a1d2a
[    4.937956] random 0000 0000 0000 9ff19f9c c07a1d2a: trying to extract 64 bits from nonblocking
[    4.937959] random 0000 0000 0000 9ff19f9c c07a1d2a: debiting 64 entropy credits from nonblocking (unlimited)
[    4.937961] random 0000 0000 0000 9ff19f9c c07a1d2a: extract_entropy account returned: 8 
[    4.937965] random 0000 0000 0000 9ff19f9c c07a1d2a: urand_change_num 23 extract_buf: pool_sig 0000031b, data_sig ffffffb3, bytes_mixed 20 9ff19f9c c07a1d2a
[    4.941082] input: AT Translated Set 2 keyboard as /devices/platform/i8042/serio0/input/input1
[    5.129501] ata3: SATA link down (SStatus 0 SControl 300)
[    5.129613] ata1: SATA link up 1.5 Gbps (SStatus 113 SControl 300)
[    5.131744] ata1.00: ACPI cmd ef/02:00:00:00:00:a0 (SET FEATURES) succeeded
[    5.131747] ata1.00: ACPI cmd f5/00:00:00:00:00:a0 (SECURITY FREEZE LOCK) filtered out
[    5.133136] ata1.00: ACPI cmd ef/5f:00:00:00:00:a0 (SET FEATURES) succeeded
[    5.133138] ata1.00: ACPI cmd ef/10:03:00:00:00:a0 (SET FEATURES) filtered out
[    5.135047] ata1.00: ATA-7: ST910021AS, 4.06, max UDMA/100
[    5.135138] ata1.00: 195371568 sectors, multi 16: LBA48 
[    5.137288] ata1.00: ACPI cmd ef/02:00:00:00:00:a0 (SET FEATURES) succeeded
[    5.137291] ata1.00: ACPI cmd f5/00:00:00:00:00:a0 (SECURITY FREEZE LOCK) filtered out
[    5.138682] ata1.00: ACPI cmd ef/5f:00:00:00:00:a0 (SET FEATURES) succeeded
[    5.138685] ata1.00: ACPI cmd ef/10:03:00:00:00:a0 (SET FEATURES) filtered out
[    5.140611] ata1.00: configured for UDMA/100
[    5.151557] scsi 2:0:0:0: Direct-Access     ATA      ST910021AS       4.06 PQ: 0 ANSI: 5
[    5.151842] sd 2:0:0:0: [sda] 195371568 512-byte logical blocks: (100 GB/93.1 GiB)
[    5.151986] sd 2:0:0:0: [sda] Write Protect is off
[    5.152075] sd 2:0:0:0: [sda] Mode Sense: 00 3a 00 00
[    5.152087] sd 2:0:0:0: [sda] Write cache: enabled, read cache: enabled, doesn't support DPO or FUA
[    5.152275]  sda:
[    5.217502] usb 2-1: new high speed USB device using ehci_hcd and address 2
[    5.366764] usb 2-1: New USB device found, idVendor=0e8d, idProduct=1806
[    5.366857] usb 2-1: New USB device strings: Mfr=1, Product=2, SerialNumber=3
[    5.366944] usb 2-1: Product: MT1806 
[    5.367033] usb 2-1: Manufacturer: MediaTek Inc
[    5.367119] usb 2-1: SerialNumber: R8KN6GAC800AEB 
[    5.367254] usb 2-1: configuration #1 chosen from 1 choice
[    5.373560] scsi5 : SCSI emulation for USB Mass Storage devices
[    5.373723] usb-storage: device found at 2
[    5.373725] usb-storage: waiting for device to settle before scanning
[    5.576620]  sda1 sda2
[    5.577075] sd 2:0:0:0: [sda] Attached SCSI disk
[    5.577165] random 0000 0000 0000 277f73c3 42024bb9: rand_read_num 6 get_random_bytes(12): sig 000007e9 277f73c3 42024bb9
[    5.577168] random 0000 0000 0000 277f73c3 42024bb9: extract_entropy(.. 12 ..)
[    5.577170] random 0000 0000 0000 277f73c3 42024bb9: going to reseed nonblocking with 96 bits (96 of 0 requested)
[    5.577172] random 0000 0000 0000 277f73c3 42024bb9: extract_entropy(.. 12 ..)
[    5.577174] random 0000 0000 0000 277f73c3 42024bb9: trying to extract 96 bits from input
[    5.577176] random 0000 0000 0000 277f73c3 42024bb9: debiting 0 entropy credits from input
[    5.577178] random 0000 0000 0000 277f73c3 42024bb9: extract_entropy account returned: 0 
[    5.577181] random 0000 0000 0000 277f73c3 42024bb9: urand_change_num 24 xfer_secondary_pool(12): pool_sig 000007e9, data_sig 00000000, bytes_mixed 0 277f73c3 42024bb9
[    5.577184] random 0000 0000 0000 277f73c3 42024bb9: trying to extract 96 bits from nonblocking
[    5.577187] random 0000 0000 0000 277f73c3 42024bb9: debiting 96 entropy credits from nonblocking (unlimited)
[    5.577189] random 0000 0000 0000 277f73c3 42024bb9: extract_entropy account returned: 12 
[    5.577193] random 0000 0000 0000 277f73c3 42024bb9: urand_change_num 25 extract_buf: pool_sig 000007e9, data_sig 00000088, bytes_mixed 20 277f73c3 42024bb9
[    5.577198] random 0000 0000 0000 277f73c3 42024bb9: urand_change_num 26 extract_buf: pool_sig 00000498, data_sig fffffefb, bytes_mixed 20 277f73c3 42024bb9
[    5.577201] RANDOM - __seed init called.
[    5.577202] RANDOM - __seed init called.
[    5.577203] RANDOM - __seed init called.
[    5.577205] RANDOM - __random32 called. Change num 12.  Value: 87f14767	f0d7351	b1e48bd3
[    5.577206] RANDOM - random32_reseed called.  Value: 87f14767	f0d7351	b1e48bd3
[    5.577209] Pid: 1, comm: swapper Not tainted 2.6.32.57 #3
[    5.577301] Call Trace:
[    5.577392]  [<c1923ca4>] ? random32_reseed+0xa0/0xb1
[    5.577487]  [<c1923c04>] ? random32_reseed+0x0/0xb1
[    5.577581]  [<c100111e>] ? do_one_initcall+0x2e/0x180
[    5.577673]  [<c1907265>] ? kernel_init+0xad/0x103
[    5.577762]  [<c19071b8>] ? kernel_init+0x0/0x103
[    5.577849]  [<c1003787>] ? kernel_thread_helper+0x7/0x10
[    5.578397] random 0000 0000 0000 386b4e60 ee4d4880: rand_read_num 7 get_random_bytes(64): sig fffffea5 386b4e60 ee4d4880
[    5.578399] random 0000 0000 0000 386b4e60 ee4d4880: extract_entropy(.. 64 ..)
[    5.578401] random 0000 0000 0000 386b4e60 ee4d4880: going to reseed nonblocking with 512 bits (512 of 0 requested)
[    5.578403] random 0000 0000 0000 386b4e60 ee4d4880: extract_entropy(.. 64 ..)
[    5.578405] random 0000 0000 0000 386b4e60 ee4d4880: trying to extract 512 bits from input
[    5.578407] random 0000 0000 0000 386b4e60 ee4d4880: debiting 0 entropy credits from input
[    5.578409] random 0000 0000 0000 386b4e60 ee4d4880: extract_entropy account returned: 0 
[    5.578413] random 0000 0000 0000 386b4e60 ee4d4880: urand_change_num 27 xfer_secondary_pool(64): pool_sig fffffea5, data_sig 00000000, bytes_mixed 0 386b4e60 ee4d4880
[    5.578415] random 0000 0000 0000 386b4e60 ee4d4880: trying to extract 512 bits from nonblocking
[    5.578418] random 0000 0000 0000 386b4e60 ee4d4880: debiting 512 entropy credits from nonblocking (unlimited)
[    5.578420] random 0000 0000 0000 386b4e60 ee4d4880: extract_entropy account returned: 64 
[    5.578424] random 0000 0000 0000 386b4e60 ee4d4880: urand_change_num 28 extract_buf: pool_sig fffffea5, data_sig 00000173, bytes_mixed 20 386b4e60 ee4d4880
[    5.578429] random 0000 0000 0000 412698f6 0cc8689a: urand_change_num 29 extract_buf: pool_sig 00000122, data_sig ffffff63, bytes_mixed 20 412698f6 0cc8689a
[    5.578435] random 0000 0000 0000 412698f6 0cc8689a: urand_change_num 30 extract_buf: pool_sig 000001f7, data_sig 00000012, bytes_mixed 20 412698f6 0cc8689a
[    5.578440] random 0000 0000 0000 9669941e 06f768b1: urand_change_num 31 extract_buf: pool_sig fffffb5b, data_sig 0000003f, bytes_mixed 20 9669941e 06f768b1
[    5.578445] random 0000 0000 0000 98486520 995551f0: urand_change_num 32 extract_buf: pool_sig fffffb39, data_sig 0000000e, bytes_mixed 20 98486520 995551f0
[    5.578450] random 0000 0000 0000 98486520 995551f0: urand_change_num 33 extract_buf: pool_sig fffffd8d, data_sig 000001a6, bytes_mixed 20 98486520 995551f0
[    5.578455] random 0000 0000 0000 61fc8914 d5882ed2: urand_change_num 34 extract_buf: pool_sig fffffa58, data_sig 0000023e, bytes_mixed 20 61fc8914 d5882ed2
[    5.578485] random 0000 0000 0000 61fc8914 d5882ed2: rand_read_num 8 get_random_bytes(64): sig fffff9ee 61fc8914 d5882ed2
[    5.578487] random 0000 0000 0000 61fc8914 d5882ed2: extract_entropy(.. 64 ..)
[    5.578489] random 0000 0000 0000 61fc8914 d5882ed2: going to reseed nonblocking with 512 bits (512 of 0 requested)
[    5.578492] random 0000 0000 0000 61fc8914 d5882ed2: extract_entropy(.. 64 ..)
[    5.578494] random 0000 0000 0000 61fc8914 d5882ed2: trying to extract 512 bits from input
[    5.578496] random 0000 0000 0000 61fc8914 d5882ed2: debiting 0 entropy credits from input
[    5.578498] random 0000 0000 0000 61fc8914 d5882ed2: extract_entropy account returned: 0 
[    5.578501] random 0000 0000 0000 61fc8914 d5882ed2: urand_change_num 35 xfer_secondary_pool(64): pool_sig fffff9ee, data_sig 00000000, bytes_mixed 0 61fc8914 d5882ed2
[    5.578503] random 0000 0000 0000 61fc8914 d5882ed2: trying to extract 512 bits from nonblocking
[    5.578506] random 0000 0000 0000 61fc8914 d5882ed2: debiting 512 entropy credits from nonblocking (unlimited)
[    5.578508] random 0000 0000 0000 61fc8914 d5882ed2: extract_entropy account returned: 64 
[    5.578512] random 0000 0000 0000 61fc8914 d5882ed2: urand_change_num 36 extract_buf: pool_sig fffff9ee, data_sig ffffff85, bytes_mixed 20 61fc8914 d5882ed2
[    5.578517] random 0000 0000 0000 70cfd302 e5edec11: urand_change_num 37 extract_buf: pool_sig fffffdc1, data_sig ffffffde, bytes_mixed 20 70cfd302 e5edec11
[    5.578522] random 0000 0000 0000 00dab838 eafd2b30: urand_change_num 38 extract_buf: pool_sig 000003da, data_sig ffffff61, bytes_mixed 20 00dab838 eafd2b30
[    5.578528] random 0000 0000 0000 00dab838 eafd2b30: urand_change_num 39 extract_buf: pool_sig 00000314, data_sig 00000121, bytes_mixed 20 00dab838 eafd2b30
[    5.578533] random 0000 0000 0000 5fcdf66a 6442b608: urand_change_num 40 extract_buf: pool_sig 0000028b, data_sig fffffefd, bytes_mixed 20 5fcdf66a 6442b608
[    5.578538] random 0000 0000 0000 61333f6b 8fae0f9b: urand_change_num 41 extract_buf: pool_sig 000000cb, data_sig 000000b3, bytes_mixed 20 61333f6b 8fae0f9b
[    5.578546] random 0000 0000 0000 61333f6b 8fae0f9b: urand_change_num 42 extract_buf: pool_sig fffffef8, data_sig 00000051, bytes_mixed 20 61333f6b 8fae0f9b
[    5.578549] BEGIN NET_SECRET:
[    5.578550] \xffffffe0
[    5.578551] \xffffffb6
[    5.578552] \x36
[    5.578553] \xffffffb5
[    5.578554] \xffffff94
[    5.578554] \xffffffb2
[    5.578555] \xffffffa8
[    5.578556] \xffffffda
[    5.578557] \x5b
[    5.578557] \x19
[    5.578558] \x18
[    5.578559] \x5c
[    5.578560] \x2b
[    5.578560] \x1
[    5.578561] \xffffff90
[    5.578562] \x19
[    5.578563] \x3c
[    5.578563] \xfffffff2
[    5.578564] \xffffff82
[    5.578565] \x2a
[    5.578566] \xffffffb3
[    5.578566] \xffffffa2
[    5.578567] \x3f
[    5.578568] \x5
[    5.578569] \x52
[    5.578570] \x77
[    5.578570] \x57
[    5.578571] \x79
[    5.578572] \x16
[    5.578572] \x43
[    5.578573] \xffffff84
[    5.578574] \xffffffc3
[    5.578575] \xffffffe9
[    5.578575] \x79
[    5.578576] \x50
[    5.578577] \xffffff8e
[    5.578578] \x3f
[    5.578578] \xfffffff3
[    5.578579] \x19
[    5.578580] \x2a
[    5.578581] \xfffffffd
[    5.578581] \xfffffffb
[    5.578582] \x62
[    5.578583] \x3c
[    5.578584] \xffffffac
[    5.578584] \x1c
[    5.578585] \x3b
[    5.578586] \x3b
[    5.578586] \x15
[    5.578587] \x27
[    5.578588] \xffffffa8
[    5.578589] \x22
[    5.578589] \xffffffc5
[    5.578590] \xffffff9a
[    5.578591] \x5
[    5.578592] \x6c
[    5.578592] \xffffffa8
[    5.578593] \x3a
[    5.578594] \x44
[    5.578595] \xffffffaf
[    5.578595] \x13
[    5.578596] \xffffffe0
[    5.578597] \xffffff9d
[    5.578598] \x22
[    5.578598] 
[    5.578599] END NET_SECRET
[    5.578602] random 0000 0000 0000 e7f555d9 e8ce5c3c: rand_read_num 9 get_random_bytes(4): sig 0000068c e7f555d9 e8ce5c3c
[    5.578604] random 0000 0000 0000 e7f555d9 e8ce5c3c: extract_entropy(.. 4 ..)
[    5.578606] random 0000 0000 0000 e7f555d9 e8ce5c3c: going to reseed nonblocking with 64 bits (32 of 0 requested)
[    5.578608] random 0000 0000 0000 e7f555d9 e8ce5c3c: extract_entropy(.. 8 ..)
[    5.578610] random 0000 0000 0000 e7f555d9 e8ce5c3c: trying to extract 64 bits from input
[    5.578612] random 0000 0000 0000 e7f555d9 e8ce5c3c: debiting 0 entropy credits from input
[    5.578614] random 0000 0000 0000 e7f555d9 e8ce5c3c: extract_entropy account returned: 0 
[    5.578617] random 0000 0000 0000 e7f555d9 e8ce5c3c: urand_change_num 43 xfer_secondary_pool(4): pool_sig 0000068c, data_sig 00000000, bytes_mixed 0 e7f555d9 e8ce5c3c
[    5.578620] random 0000 0000 0000 e7f555d9 e8ce5c3c: trying to extract 32 bits from nonblocking
[    5.578622] random 0000 0000 0000 e7f555d9 e8ce5c3c: debiting 32 entropy credits from nonblocking (unlimited)
[    5.578624] random 0000 0000 0000 e7f555d9 e8ce5c3c: extract_entropy account returned: 4 
[    5.578628] random 0000 0000 0000 e7f555d9 e8ce5c3c: urand_change_num 44 extract_buf: pool_sig 0000068c, data_sig fffffdcb, bytes_mixed 20 e7f555d9 e8ce5c3c
[    5.578640] md: Waiting for all devices to be available before autodetect
[    5.578728] md: If you don't use raid, use raid=noautodetect
[    5.578891] md: Autodetecting RAID arrays.
[    5.578981] md: Scanned 0 and added 0 devices.
[    5.579066] md: autorun ...
[    5.579159] md: ... autorun DONE.
[    5.598564] EXT3-fs: sda2: couldn't mount because of unsupported optional features (240).
[    5.598785] EXT2-fs: sda2: couldn't mount because of unsupported optional features (240).
[    5.600066] random 0000 0000 0000 e7f555d9 e8ce5c3c: rand_read_num 10 get_random_bytes(4): sig ffffff72 e7f555d9 e8ce5c3c
[    5.600069] random 0000 0000 0000 e7f555d9 e8ce5c3c: extract_entropy(.. 4 ..)
[    5.600071] random 0000 0000 0000 e7f555d9 e8ce5c3c: going to reseed nonblocking with 64 bits (32 of 0 requested)
[    5.600073] random 0000 0000 0000 e7f555d9 e8ce5c3c: extract_entropy(.. 8 ..)
[    5.600075] random 0000 0000 0000 e7f555d9 e8ce5c3c: trying to extract 64 bits from input
[    5.600077] random 0000 0000 0000 e7f555d9 e8ce5c3c: debiting 0 entropy credits from input
[    5.600079] random 0000 0000 0000 e7f555d9 e8ce5c3c: extract_entropy account returned: 0 
[    5.600083] random 0000 0000 0000 e7f555d9 e8ce5c3c: urand_change_num 45 xfer_secondary_pool(4): pool_sig ffffff72, data_sig 00000000, bytes_mixed 0 e7f555d9 e8ce5c3c
[    5.600086] random 0000 0000 0000 e7f555d9 e8ce5c3c: trying to extract 32 bits from nonblocking
[    5.600088] random 0000 0000 0000 e7f555d9 e8ce5c3c: debiting 32 entropy credits from nonblocking (unlimited)
[    5.600090] random 0000 0000 0000 e7f555d9 e8ce5c3c: extract_entropy account returned: 4 
[    5.600094] random 0000 0000 0000 e7f555d9 e8ce5c3c: urand_change_num 46 extract_buf: pool_sig ffffff72, data_sig ffffff72, bytes_mixed 20 e7f555d9 e8ce5c3c
[    5.635218] EXT4-fs (sda2): mounted filesystem with ordered data mode
[    5.635425] VFS: Mounted root (ext4 filesystem) readonly on device 8:2.
[    5.635531] Freeing unused kernel memory: 448k freed
[    5.714202] random 0000 0000 0000 91716c54 eeb6a1e7: rand_read_num 11 get_random_bytes(16): sig fffffcad 91716c54 eeb6a1e7
[    5.714205] random 0000 0000 0000 91716c54 eeb6a1e7: extract_entropy(.. 16 ..)
[    5.714207] random 0000 0000 0000 91716c54 eeb6a1e7: going to reseed nonblocking with 128 bits (128 of 0 requested)
[    5.714210] random 0000 0000 0000 91716c54 eeb6a1e7: extract_entropy(.. 16 ..)
[    5.714212] random 0000 0000 0000 91716c54 eeb6a1e7: trying to extract 128 bits from input
[    5.714214] random 0000 0000 0000 91716c54 eeb6a1e7: debiting 0 entropy credits from input
[    5.714216] random 0000 0000 0000 91716c54 eeb6a1e7: extract_entropy account returned: 0 
[    5.714219] random 0000 0000 0000 91716c54 eeb6a1e7: urand_change_num 47 xfer_secondary_pool(16): pool_sig fffffcad, data_sig 00000000, bytes_mixed 0 91716c54 eeb6a1e7
[    5.714222] random 0000 0000 0000 91716c54 eeb6a1e7: trying to extract 128 bits from nonblocking
[    5.714224] random 0000 0000 0000 91716c54 eeb6a1e7: debiting 128 entropy credits from nonblocking (unlimited)
[    5.714226] random 0000 0000 0000 91716c54 eeb6a1e7: extract_entropy account returned: 16 
[    5.714230] random 0000 0000 0000 91716c54 eeb6a1e7: urand_change_num 48 extract_buf: pool_sig fffffcad, data_sig ffffff19, bytes_mixed 20 91716c54 eeb6a1e7
[    5.714236] random 0000 0000 0000 fd637b06 6cf47bc1: urand_change_num 49 extract_buf: pool_sig fffffede, data_sig ffffffc1, bytes_mixed 20 fd637b06 6cf47bc1
[    5.800957] random 0000 0000 0000 fd637b06 6cf47bc1: rand_read_num 12 get_random_bytes(16): sig 0000033b fd637b06 6cf47bc1
[    5.800960] random 0000 0000 0000 fd637b06 6cf47bc1: extract_entropy(.. 16 ..)
[    5.800963] random 0000 0000 0000 fd637b06 6cf47bc1: going to reseed nonblocking with 128 bits (128 of 0 requested)
[    5.800965] random 0000 0000 0000 fd637b06 6cf47bc1: extract_entropy(.. 16 ..)
[    5.800967] random 0000 0000 0000 fd637b06 6cf47bc1: trying to extract 128 bits from input
[    5.800969] random 0000 0000 0000 fd637b06 6cf47bc1: debiting 0 entropy credits from input
[    5.800971] random 0000 0000 0000 fd637b06 6cf47bc1: extract_entropy account returned: 0 
[    5.800974] random 0000 0000 0000 fd637b06 6cf47bc1: urand_change_num 50 xfer_secondary_pool(16): pool_sig 0000033b, data_sig 00000000, bytes_mixed 0 fd637b06 6cf47bc1
[    5.800977] random 0000 0000 0000 fd637b06 6cf47bc1: trying to extract 128 bits from nonblocking
[    5.800979] random 0000 0000 0000 fd637b06 6cf47bc1: debiting 128 entropy credits from nonblocking (unlimited)
[    5.800981] random 0000 0000 0000 fd637b06 6cf47bc1: extract_entropy account returned: 16 
[    5.800986] random 0000 0000 0000 fd637b06 6cf47bc1: urand_change_num 51 extract_buf: pool_sig 0000033b, data_sig 000000d8, bytes_mixed 20 fd637b06 6cf47bc1
[    5.800991] random 0000 0000 0000 0ec1f012 d4727ca8: urand_change_num 52 extract_buf: pool_sig fffffcf5, data_sig 00000016, bytes_mixed 20 0ec1f012 d4727ca8
[    6.164240] ieee1394: Host added: ID:BUS[0-00:1023]  GUID[00061b032a25f51c]
[    6.174928] random 0000 0000 0000 45b1d0b1 845a73f7: rand_read_num 13 get_random_bytes(16): sig 00000116 45b1d0b1 845a73f7
[    6.174930] random 0000 0000 0000 45b1d0b1 845a73f7: extract_entropy(.. 16 ..)
[    6.174933] random 0000 0000 0000 45b1d0b1 845a73f7: going to reseed nonblocking with 128 bits (128 of 0 requested)
[    6.174935] random 0000 0000 0000 45b1d0b1 845a73f7: extract_entropy(.. 16 ..)
[    6.174937] random 0000 0000 0000 45b1d0b1 845a73f7: trying to extract 128 bits from input
[    6.174939] random 0000 0000 0000 45b1d0b1 845a73f7: debiting 0 entropy credits from input
[    6.174941] random 0000 0000 0000 45b1d0b1 845a73f7: extract_entropy account returned: 0 
[    6.174944] random 0000 0000 0000 45b1d0b1 845a73f7: urand_change_num 53 xfer_secondary_pool(16): pool_sig 00000116, data_sig 00000000, bytes_mixed 0 45b1d0b1 845a73f7
[    6.174947] random 0000 0000 0000 45b1d0b1 845a73f7: trying to extract 128 bits from nonblocking
[    6.174950] random 0000 0000 0000 45b1d0b1 845a73f7: debiting 128 entropy credits from nonblocking (unlimited)
[    6.174952] random 0000 0000 0000 45b1d0b1 845a73f7: extract_entropy account returned: 16 
[    6.174956] random 0000 0000 0000 45b1d0b1 845a73f7: urand_change_num 54 extract_buf: pool_sig 00000116, data_sig fffffd8b, bytes_mixed 20 45b1d0b1 845a73f7
[    6.174961] random 0000 0000 0000 45b1d0b1 845a73f7: urand_change_num 55 extract_buf: pool_sig fffffc05, data_sig 00000109, bytes_mixed 20 45b1d0b1 845a73f7
[    6.227439] random 0000 0000 0000 5012cce3 b8a30621: rand_read_num 14 get_random_bytes(16): sig fffffb93 5012cce3 b8a30621
[    6.227442] random 0000 0000 0000 5012cce3 b8a30621: extract_entropy(.. 16 ..)
[    6.227445] random 0000 0000 0000 5012cce3 b8a30621: going to reseed nonblocking with 128 bits (128 of 0 requested)
[    6.227447] random 0000 0000 0000 5012cce3 b8a30621: extract_entropy(.. 16 ..)
[    6.227449] random 0000 0000 0000 5012cce3 b8a30621: trying to extract 128 bits from input
[    6.227451] random 0000 0000 0000 5012cce3 b8a30621: debiting 0 entropy credits from input
[    6.227453] random 0000 0000 0000 5012cce3 b8a30621: extract_entropy account returned: 0 
[    6.227456] random 0000 0000 0000 5012cce3 b8a30621: urand_change_num 56 xfer_secondary_pool(16): pool_sig fffffb93, data_sig 00000000, bytes_mixed 0 5012cce3 b8a30621
[    6.227459] random 0000 0000 0000 5012cce3 b8a30621: trying to extract 128 bits from nonblocking
[    6.227461] random 0000 0000 0000 5012cce3 b8a30621: debiting 128 entropy credits from nonblocking (unlimited)
[    6.227464] random 0000 0000 0000 5012cce3 b8a30621: extract_entropy account returned: 16 
[    6.227468] random 0000 0000 0000 5012cce3 b8a30621: urand_change_num 57 extract_buf: pool_sig fffffb93, data_sig ffffff35, bytes_mixed 20 5012cce3 b8a30621
[    6.227473] random 0000 0000 0000 5012cce3 b8a30621: urand_change_num 58 extract_buf: pool_sig fffffb9d, data_sig ffffff92, bytes_mixed 20 5012cce3 b8a30621
[    6.228843] random 0000 0000 0000 30a5721d 4b648ff6: rand_read_num 15 get_random_bytes(16): sig fffffeb5 30a5721d 4b648ff6
[    6.228846] random 0000 0000 0000 30a5721d 4b648ff6: extract_entropy(.. 16 ..)
[    6.228848] random 0000 0000 0000 30a5721d 4b648ff6: going to reseed nonblocking with 128 bits (128 of 0 requested)
[    6.228851] random 0000 0000 0000 30a5721d 4b648ff6: extract_entropy(.. 16 ..)
[    6.228853] random 0000 0000 0000 30a5721d 4b648ff6: trying to extract 128 bits from input
[    6.228855] random 0000 0000 0000 30a5721d 4b648ff6: debiting 0 entropy credits from input
[    6.228857] random 0000 0000 0000 30a5721d 4b648ff6: extract_entropy account returned: 0 
[    6.228860] random 0000 0000 0000 30a5721d 4b648ff6: urand_change_num 59 xfer_secondary_pool(16): pool_sig fffffeb5, data_sig 00000000, bytes_mixed 0 30a5721d 4b648ff6
[    6.228863] random 0000 0000 0000 30a5721d 4b648ff6: trying to extract 128 bits from nonblocking
[    6.228865] random 0000 0000 0000 30a5721d 4b648ff6: debiting 128 entropy credits from nonblocking (unlimited)
[    6.228867] random 0000 0000 0000 30a5721d 4b648ff6: extract_entropy account returned: 16 
[    6.228871] random 0000 0000 0000 30a5721d 4b648ff6: urand_change_num 60 extract_buf: pool_sig fffffeb5, data_sig 000000c2, bytes_mixed 20 30a5721d 4b648ff6
[    6.228877] random 0000 0000 0000 89bae1ab 704c432f: urand_change_num 61 extract_buf: pool_sig 0000006e, data_sig fffffefc, bytes_mixed 20 89bae1ab 704c432f
[    6.229422] random 0000 0000 0000 89bae1ab 704c432f: rand_read_num 16 get_random_bytes(16): sig fffffd99 89bae1ab 704c432f
[    6.229425] random 0000 0000 0000 89bae1ab 704c432f: extract_entropy(.. 16 ..)
[    6.229428] random 0000 0000 0000 89bae1ab 704c432f: going to reseed nonblocking with 128 bits (128 of 0 requested)
[    6.229430] random 0000 0000 0000 89bae1ab 704c432f: extract_entropy(.. 16 ..)
[    6.229432] random 0000 0000 0000 89bae1ab 704c432f: trying to extract 128 bits from input
[    6.229434] random 0000 0000 0000 89bae1ab 704c432f: debiting 0 entropy credits from input
[    6.229436] random 0000 0000 0000 89bae1ab 704c432f: extract_entropy account returned: 0 
[    6.229439] random 0000 0000 0000 89bae1ab 704c432f: urand_change_num 62 xfer_secondary_pool(16): pool_sig fffffd99, data_sig 00000000, bytes_mixed 0 89bae1ab 704c432f
[    6.229442] random 0000 0000 0000 89bae1ab 704c432f: trying to extract 128 bits from nonblocking
[    6.229444] random 0000 0000 0000 89bae1ab 704c432f: debiting 128 entropy credits from nonblocking (unlimited)
[    6.229447] random 0000 0000 0000 89bae1ab 704c432f: extract_entropy account returned: 16 
[    6.229451] random 0000 0000 0000 89bae1ab 704c432f: urand_change_num 63 extract_buf: pool_sig fffffd99, data_sig 00000204, bytes_mixed 20 89bae1ab 704c432f
[    6.229456] random 0000 0000 0000 6c298a02 2b1539f8: urand_change_num 64 extract_buf: pool_sig 00000124, data_sig fffffff5, bytes_mixed 20 6c298a02 2b1539f8
[    6.230365] random 0000 0000 0000 c77b8b35 70f6cab5: rand_read_num 17 get_random_bytes(16): sig 0000036b c77b8b35 70f6cab5
[    6.230368] random 0000 0000 0000 c77b8b35 70f6cab5: extract_entropy(.. 16 ..)
[    6.230370] random 0000 0000 0000 c77b8b35 70f6cab5: going to reseed nonblocking with 128 bits (128 of 0 requested)
[    6.230373] random 0000 0000 0000 c77b8b35 70f6cab5: extract_entropy(.. 16 ..)
[    6.230375] random 0000 0000 0000 c77b8b35 70f6cab5: trying to extract 128 bits from input
[    6.230377] random 0000 0000 0000 c77b8b35 70f6cab5: debiting 0 entropy credits from input
[    6.230379] random 0000 0000 0000 c77b8b35 70f6cab5: extract_entropy account returned: 0 
[    6.230382] random 0000 0000 0000 c77b8b35 70f6cab5: urand_change_num 65 xfer_secondary_pool(16): pool_sig 0000036b, data_sig 00000000, bytes_mixed 0 c77b8b35 70f6cab5
[    6.230385] random 0000 0000 0000 c77b8b35 70f6cab5: trying to extract 128 bits from nonblocking
[    6.230387] random 0000 0000 0000 c77b8b35 70f6cab5: debiting 128 entropy credits from nonblocking (unlimited)
[    6.230390] random 0000 0000 0000 c77b8b35 70f6cab5: extract_entropy account returned: 16 
[    6.230394] random 0000 0000 0000 c77b8b35 70f6cab5: urand_change_num 66 extract_buf: pool_sig 0000036b, data_sig 0000005f, bytes_mixed 20 c77b8b35 70f6cab5
[    6.230399] random 0000 0000 0000 c77b8b35 70f6cab5: urand_change_num 67 extract_buf: pool_sig ffffff1c, data_sig 0000005a, bytes_mixed 20 c77b8b35 70f6cab5
[    6.230993] random 0000 0000 0000 af21d212 57d20ca3: rand_read_num 18 get_random_bytes(16): sig fffffb7f af21d212 57d20ca3
[    6.230996] random 0000 0000 0000 af21d212 57d20ca3: extract_entropy(.. 16 ..)
[    6.230998] random 0000 0000 0000 af21d212 57d20ca3: going to reseed nonblocking with 128 bits (128 of 0 requested)
[    6.231001] random 0000 0000 0000 af21d212 57d20ca3: extract_entropy(.. 16 ..)
[    6.231003] random 0000 0000 0000 af21d212 57d20ca3: trying to extract 128 bits from input
[    6.231005] random 0000 0000 0000 af21d212 57d20ca3: debiting 0 entropy credits from input
[    6.231007] random 0000 0000 0000 af21d212 57d20ca3: extract_entropy account returned: 0 
[    6.231010] random 0000 0000 0000 af21d212 57d20ca3: urand_change_num 68 xfer_secondary_pool(16): pool_sig fffffb7f, data_sig 00000000, bytes_mixed 0 af21d212 57d20ca3
[    6.231013] random 0000 0000 0000 af21d212 57d20ca3: trying to extract 128 bits from nonblocking
[    6.231015] random 0000 0000 0000 af21d212 57d20ca3: debiting 128 entropy credits from nonblocking (unlimited)
[    6.231017] random 0000 0000 0000 af21d212 57d20ca3: extract_entropy account returned: 16 
[    6.231021] random 0000 0000 0000 af21d212 57d20ca3: urand_change_num 69 extract_buf: pool_sig fffffb7f, data_sig ffffff88, bytes_mixed 20 af21d212 57d20ca3
[    6.231027] random 0000 0000 0000 af21d212 57d20ca3: urand_change_num 70 extract_buf: pool_sig fffffe1d, data_sig ffffff17, bytes_mixed 20 af21d212 57d20ca3
[    6.231613] random 0000 0000 0000 ffbd26fd 21933274: rand_read_num 19 get_random_bytes(16): sig ffffffc7 ffbd26fd 21933274
[    6.231616] random 0000 0000 0000 ffbd26fd 21933274: extract_entropy(.. 16 ..)
[    6.231618] random 0000 0000 0000 ffbd26fd 21933274: going to reseed nonblocking with 128 bits (128 of 0 requested)
[    6.231621] random 0000 0000 0000 ffbd26fd 21933274: extract_entropy(.. 16 ..)
[    6.231629] random 0000 0000 0000 ffbd26fd 21933274: trying to extract 128 bits from input
[    6.231631] random 0000 0000 0000 ffbd26fd 21933274: debiting 0 entropy credits from input
[    6.231633] random 0000 0000 0000 ffbd26fd 21933274: extract_entropy account returned: 0 
[    6.231636] random 0000 0000 0000 ffbd26fd 21933274: urand_change_num 71 xfer_secondary_pool(16): pool_sig ffffffc7, data_sig 00000000, bytes_mixed 0 ffbd26fd 21933274
[    6.231639] random 0000 0000 0000 ffbd26fd 21933274: trying to extract 128 bits from nonblocking
[    6.231641] random 0000 0000 0000 ffbd26fd 21933274: debiting 128 entropy credits from nonblocking (unlimited)
[    6.231643] random 0000 0000 0000 ffbd26fd 21933274: extract_entropy account returned: 16 
[    6.231648] random 0000 0000 0000 ffbd26fd 21933274: urand_change_num 72 extract_buf: pool_sig ffffffc7, data_sig 0000013b, bytes_mixed 20 ffbd26fd 21933274
[    6.231653] random 0000 0000 0000 151530a2 56c65dd3: urand_change_num 73 extract_buf: pool_sig ffffffbf, data_sig 00000036, bytes_mixed 20 151530a2 56c65dd3
[    6.232202] random 0000 0000 0000 151530a2 56c65dd3: rand_read_num 20 get_random_bytes(16): sig 000001a7 151530a2 56c65dd3
[    6.232205] random 0000 0000 0000 151530a2 56c65dd3: extract_entropy(.. 16 ..)
[    6.232208] random 0000 0000 0000 151530a2 56c65dd3: going to reseed nonblocking with 128 bits (128 of 0 requested)
[    6.232210] random 0000 0000 0000 151530a2 56c65dd3: extract_entropy(.. 16 ..)
[    6.232212] random 0000 0000 0000 151530a2 56c65dd3: trying to extract 128 bits from input
[    6.232214] random 0000 0000 0000 151530a2 56c65dd3: debiting 0 entropy credits from input
[    6.232216] random 0000 0000 0000 151530a2 56c65dd3: extract_entropy account returned: 0 
[    6.232219] random 0000 0000 0000 151530a2 56c65dd3: urand_change_num 74 xfer_secondary_pool(16): pool_sig 000001a7, data_sig 00000000, bytes_mixed 0 151530a2 56c65dd3
[    6.232222] random 0000 0000 0000 151530a2 56c65dd3: trying to extract 128 bits from nonblocking
[    6.232224] random 0000 0000 0000 151530a2 56c65dd3: debiting 128 entropy credits from nonblocking (unlimited)
[    6.232227] random 0000 0000 0000 151530a2 56c65dd3: extract_entropy account returned: 16 
[    6.232231] random 0000 0000 0000 151530a2 56c65dd3: urand_change_num 75 extract_buf: pool_sig 000001a7, data_sig ffffffa1, bytes_mixed 20 151530a2 56c65dd3
[    6.232236] random 0000 0000 0000 5d3e132e d9a77eb3: urand_change_num 76 extract_buf: pool_sig fffffcc9, data_sig 00000013, bytes_mixed 20 5d3e132e d9a77eb3
[    6.283255] random 0000 0000 0000 264837ad 0a28fef5: rand_read_num 21 get_random_bytes(16): sig ffffffd0 264837ad 0a28fef5
[    6.283258] random 0000 0000 0000 264837ad 0a28fef5: extract_entropy(.. 16 ..)
[    6.283261] random 0000 0000 0000 264837ad 0a28fef5: going to reseed nonblocking with 128 bits (128 of 0 requested)
[    6.283263] random 0000 0000 0000 264837ad 0a28fef5: extract_entropy(.. 16 ..)
[    6.283265] random 0000 0000 0000 264837ad 0a28fef5: trying to extract 128 bits from input
[    6.283268] random 0000 0000 0000 264837ad 0a28fef5: debiting 0 entropy credits from input
[    6.283270] random 0000 0000 0000 264837ad 0a28fef5: extract_entropy account returned: 0 
[    6.283273] random 0000 0000 0000 264837ad 0a28fef5: urand_change_num 77 xfer_secondary_pool(16): pool_sig ffffffd0, data_sig 00000000, bytes_mixed 0 264837ad 0a28fef5
[    6.283276] random 0000 0000 0000 264837ad 0a28fef5: trying to extract 128 bits from nonblocking
[    6.283278] random 0000 0000 0000 264837ad 0a28fef5: debiting 128 entropy credits from nonblocking (unlimited)
[    6.283280] random 0000 0000 0000 264837ad 0a28fef5: extract_entropy account returned: 16 
[    6.283285] random 0000 0000 0000 264837ad 0a28fef5: urand_change_num 78 extract_buf: pool_sig ffffffd0, data_sig 0000017b, bytes_mixed 20 264837ad 0a28fef5
[    6.283290] random 0000 0000 0000 264837ad 0a28fef5: urand_change_num 79 extract_buf: pool_sig 0000045c, data_sig 000001df, bytes_mixed 20 264837ad 0a28fef5
[    6.284755] random 0000 0000 0000 f37f7344 164aede0: rand_read_num 22 get_random_bytes(16): sig 000003c2 f37f7344 164aede0
[    6.284758] random 0000 0000 0000 f37f7344 164aede0: extract_entropy(.. 16 ..)
[    6.284760] random 0000 0000 0000 f37f7344 164aede0: going to reseed nonblocking with 128 bits (128 of 0 requested)
[    6.284763] random 0000 0000 0000 f37f7344 164aede0: extract_entropy(.. 16 ..)
[    6.284765] random 0000 0000 0000 f37f7344 164aede0: trying to extract 128 bits from input
[    6.284767] random 0000 0000 0000 f37f7344 164aede0: debiting 0 entropy credits from input
[    6.284769] random 0000 0000 0000 f37f7344 164aede0: extract_entropy account returned: 0 
[    6.284772] random 0000 0000 0000 f37f7344 164aede0: urand_change_num 80 xfer_secondary_pool(16): pool_sig 000003c2, data_sig 00000000, bytes_mixed 0 f37f7344 164aede0
[    6.284775] random 0000 0000 0000 f37f7344 164aede0: trying to extract 128 bits from nonblocking
[    6.284777] random 0000 0000 0000 f37f7344 164aede0: debiting 128 entropy credits from nonblocking (unlimited)
[    6.284779] random 0000 0000 0000 f37f7344 164aede0: extract_entropy account returned: 16 
[    6.284784] random 0000 0000 0000 f37f7344 164aede0: urand_change_num 81 extract_buf: pool_sig 000003c2, data_sig ffffff6c, bytes_mixed 20 f37f7344 164aede0
[    6.284789] random 0000 0000 0000 f37f7344 164aede0: urand_change_num 82 extract_buf: pool_sig fffffdfc, data_sig 00000091, bytes_mixed 20 f37f7344 164aede0
[    6.307563] random 0000 0000 0000 a4794863 878070c1: rand_read_num 23 get_random_bytes(16): sig 0000011b a4794863 878070c1
[    6.307566] random 0000 0000 0000 a4794863 878070c1: extract_entropy(.. 16 ..)
[    6.307569] random 0000 0000 0000 a4794863 878070c1: going to reseed nonblocking with 128 bits (128 of 0 requested)
[    6.307571] random 0000 0000 0000 a4794863 878070c1: extract_entropy(.. 16 ..)
[    6.307573] random 0000 0000 0000 a4794863 878070c1: trying to extract 128 bits from input
[    6.307575] random 0000 0000 0000 a4794863 878070c1: debiting 0 entropy credits from input
[    6.307577] random 0000 0000 0000 a4794863 878070c1: extract_entropy account returned: 0 
[    6.307581] random 0000 0000 0000 a4794863 878070c1: urand_change_num 83 xfer_secondary_pool(16): pool_sig 0000011b, data_sig 00000000, bytes_mixed 0 a4794863 878070c1
[    6.307583] random 0000 0000 0000 a4794863 878070c1: trying to extract 128 bits from nonblocking
[    6.307586] random 0000 0000 0000 a4794863 878070c1: debiting 128 entropy credits from nonblocking (unlimited)
[    6.307588] random 0000 0000 0000 a4794863 878070c1: extract_entropy account returned: 16 
[    6.307592] random 0000 0000 0000 a4794863 878070c1: urand_change_num 84 extract_buf: pool_sig 0000011b, data_sig ffffff51, bytes_mixed 20 a4794863 878070c1
[    6.307598] random 0000 0000 0000 737f19b4 9417d8ab: urand_change_num 85 extract_buf: pool_sig 000001a3, data_sig 0000006c, bytes_mixed 20 737f19b4 9417d8ab
[    6.311663] random 0000 0000 0000 737f19b4 9417d8ab: rand_read_num 24 get_random_bytes(16): sig fffffe22 737f19b4 9417d8ab
[    6.311666] random 0000 0000 0000 737f19b4 9417d8ab: extract_entropy(.. 16 ..)
[    6.311669] random 0000 0000 0000 737f19b4 9417d8ab: going to reseed nonblocking with 128 bits (128 of 0 requested)
[    6.311671] random 0000 0000 0000 737f19b4 9417d8ab: extract_entropy(.. 16 ..)
[    6.311673] random 0000 0000 0000 737f19b4 9417d8ab: trying to extract 128 bits from input
[    6.311675] random 0000 0000 0000 737f19b4 9417d8ab: debiting 0 entropy credits from input
[    6.311677] random 0000 0000 0000 737f19b4 9417d8ab: extract_entropy account returned: 0 
[    6.311680] random 0000 0000 0000 737f19b4 9417d8ab: urand_change_num 86 xfer_secondary_pool(16): pool_sig fffffe22, data_sig 00000000, bytes_mixed 0 737f19b4 9417d8ab
[    6.311683] random 0000 0000 0000 737f19b4 9417d8ab: trying to extract 128 bits from nonblocking
[    6.311686] random 0000 0000 0000 737f19b4 9417d8ab: debiting 128 entropy credits from nonblocking (unlimited)
[    6.311688] random 0000 0000 0000 737f19b4 9417d8ab: extract_entropy account returned: 16 
[    6.311692] random 0000 0000 0000 737f19b4 9417d8ab: urand_change_num 87 extract_buf: pool_sig fffffe22, data_sig 00000230, bytes_mixed 20 737f19b4 9417d8ab
[    6.311697] random 0000 0000 0000 4deb0d06 1236af4c: urand_change_num 88 extract_buf: pool_sig 000000b6, data_sig ffffff44, bytes_mixed 20 4deb0d06 1236af4c
[    6.312693] random 0000 0000 0000 b538fadc 4a7613df: rand_read_num 25 get_random_bytes(16): sig 0000013c b538fadc 4a7613df
[    6.312695] random 0000 0000 0000 b538fadc 4a7613df: extract_entropy(.. 16 ..)
[    6.312698] random 0000 0000 0000 b538fadc 4a7613df: going to reseed nonblocking with 128 bits (128 of 0 requested)
[    6.312700] random 0000 0000 0000 b538fadc 4a7613df: extract_entropy(.. 16 ..)
[    6.312702] random 0000 0000 0000 b538fadc 4a7613df: trying to extract 128 bits from input
[    6.312705] random 0000 0000 0000 b538fadc 4a7613df: debiting 0 entropy credits from input
[    6.312707] random 0000 0000 0000 b538fadc 4a7613df: extract_entropy account returned: 0 
[    6.312710] random 0000 0000 0000 b538fadc 4a7613df: urand_change_num 89 xfer_secondary_pool(16): pool_sig 0000013c, data_sig 00000000, bytes_mixed 0 b538fadc 4a7613df
[    6.312713] random 0000 0000 0000 b538fadc 4a7613df: trying to extract 128 bits from nonblocking
[    6.312715] random 0000 0000 0000 b538fadc 4a7613df: debiting 128 entropy credits from nonblocking (unlimited)
[    6.312717] random 0000 0000 0000 b538fadc 4a7613df: extract_entropy account returned: 16 
[    6.312721] random 0000 0000 0000 b538fadc 4a7613df: urand_change_num 90 extract_buf: pool_sig 0000013c, data_sig 00000015, bytes_mixed 20 b538fadc 4a7613df
[    6.312727] random 0000 0000 0000 b538fadc 4a7613df: urand_change_num 91 extract_buf: pool_sig 00000452, data_sig 0000002b, bytes_mixed 20 b538fadc 4a7613df
[    6.313178] random 0000 0000 0000 73b17df4 93bb370e: rand_read_num 26 get_random_bytes(16): sig fffffbf1 73b17df4 93bb370e
[    6.313180] random 0000 0000 0000 73b17df4 93bb370e: extract_entropy(.. 16 ..)
[    6.313183] random 0000 0000 0000 73b17df4 93bb370e: going to reseed nonblocking with 128 bits (128 of 0 requested)
[    6.313185] random 0000 0000 0000 73b17df4 93bb370e: extract_entropy(.. 16 ..)
[    6.313187] random 0000 0000 0000 73b17df4 93bb370e: trying to extract 128 bits from input
[    6.313190] random 0000 0000 0000 73b17df4 93bb370e: debiting 0 entropy credits from input
[    6.313192] random 0000 0000 0000 73b17df4 93bb370e: extract_entropy account returned: 0 
[    6.313195] random 0000 0000 0000 73b17df4 93bb370e: urand_change_num 92 xfer_secondary_pool(16): pool_sig fffffbf1, data_sig 00000000, bytes_mixed 0 73b17df4 93bb370e
[    6.313198] random 0000 0000 0000 73b17df4 93bb370e: trying to extract 128 bits from nonblocking
[    6.313200] random 0000 0000 0000 73b17df4 93bb370e: debiting 128 entropy credits from nonblocking (unlimited)
[    6.313202] random 0000 0000 0000 73b17df4 93bb370e: extract_entropy account returned: 16 
[    6.313206] random 0000 0000 0000 73b17df4 93bb370e: urand_change_num 93 extract_buf: pool_sig fffffbf1, data_sig ffffff99, bytes_mixed 20 73b17df4 93bb370e
[    6.313212] random 0000 0000 0000 73b17df4 93bb370e: urand_change_num 94 extract_buf: pool_sig fffffe1d, data_sig 000000b0, bytes_mixed 20 73b17df4 93bb370e
[    6.313616] random 0000 0000 0000 0cd682bb ba04da9f: rand_read_num 27 get_random_bytes(16): sig fffffccb 0cd682bb ba04da9f
[    6.313619] random 0000 0000 0000 0cd682bb ba04da9f: extract_entropy(.. 16 ..)
[    6.313621] random 0000 0000 0000 0cd682bb ba04da9f: going to reseed nonblocking with 128 bits (128 of 0 requested)
[    6.313624] random 0000 0000 0000 0cd682bb ba04da9f: extract_entropy(.. 16 ..)
[    6.313626] random 0000 0000 0000 0cd682bb ba04da9f: trying to extract 128 bits from input
[    6.313628] random 0000 0000 0000 0cd682bb ba04da9f: debiting 0 entropy credits from input
[    6.313630] random 0000 0000 0000 0cd682bb ba04da9f: extract_entropy account returned: 0 
[    6.313633] random 0000 0000 0000 0cd682bb ba04da9f: urand_change_num 95 xfer_secondary_pool(16): pool_sig fffffccb, data_sig 00000000, bytes_mixed 0 0cd682bb ba04da9f
[    6.313643] random 0000 0000 0000 0cd682bb ba04da9f: trying to extract 128 bits from nonblocking
[    6.313646] random 0000 0000 0000 0cd682bb ba04da9f: debiting 128 entropy credits from nonblocking (unlimited)
[    6.313648] random 0000 0000 0000 0cd682bb ba04da9f: extract_entropy account returned: 16 
[    6.313652] random 0000 0000 0000 0cd682bb ba04da9f: urand_change_num 96 extract_buf: pool_sig fffffccb, data_sig fffffec5, bytes_mixed 20 0cd682bb ba04da9f
[    6.313657] random 0000 0000 0000 26929f1a 15254dc1: urand_change_num 97 extract_buf: pool_sig fffffed2, data_sig ffffffb1, bytes_mixed 20 26929f1a 15254dc1
[    6.314526] random 0000 0000 0000 26929f1a 15254dc1: rand_read_num 28 get_random_bytes(16): sig 00000038 26929f1a 15254dc1
[    6.314529] random 0000 0000 0000 26929f1a 15254dc1: extract_entropy(.. 16 ..)
[    6.314531] random 0000 0000 0000 26929f1a 15254dc1: going to reseed nonblocking with 128 bits (128 of 0 requested)
[    6.314534] random 0000 0000 0000 26929f1a 15254dc1: extract_entropy(.. 16 ..)
[    6.314536] random 0000 0000 0000 26929f1a 15254dc1: trying to extract 128 bits from input
[    6.314538] random 0000 0000 0000 26929f1a 15254dc1: debiting 0 entropy credits from input
[    6.314540] random 0000 0000 0000 26929f1a 15254dc1: extract_entropy account returned: 0 
[    6.314543] random 0000 0000 0000 26929f1a 15254dc1: urand_change_num 98 xfer_secondary_pool(16): pool_sig 00000038, data_sig 00000000, bytes_mixed 0 26929f1a 15254dc1
[    6.314546] random 0000 0000 0000 26929f1a 15254dc1: trying to extract 128 bits from nonblocking
[    6.314548] random 0000 0000 0000 26929f1a 15254dc1: debiting 128 entropy credits from nonblocking (unlimited)
[    6.314550] random 0000 0000 0000 26929f1a 15254dc1: extract_entropy account returned: 16 
[    6.314554] random 0000 0000 0000 26929f1a 15254dc1: urand_change_num 99 extract_buf: pool_sig 00000038, data_sig 000000fd, bytes_mixed 20 26929f1a 15254dc1
[    6.314560] random 0000 0000 0000 8116fe3b 478c2d5b: urand_change_num 100 extract_buf: pool_sig 00000059, data_sig 00000310, bytes_mixed 20 8116fe3b 478c2d5b
[    6.321203] random 0000 0000 0000 a20f4a3a 32a6b2fa: rand_read_num 29 get_random_bytes(16): sig 000002c0 a20f4a3a 32a6b2fa
[    6.321206] random 0000 0000 0000 a20f4a3a 32a6b2fa: extract_entropy(.. 16 ..)
[    6.321209] random 0000 0000 0000 a20f4a3a 32a6b2fa: going to reseed nonblocking with 128 bits (128 of 0 requested)
[    6.321211] random 0000 0000 0000 a20f4a3a 32a6b2fa: extract_entropy(.. 16 ..)
[    6.321213] random 0000 0000 0000 a20f4a3a 32a6b2fa: trying to extract 128 bits from input
[    6.321215] random 0000 0000 0000 a20f4a3a 32a6b2fa: debiting 0 entropy credits from input
[    6.321217] random 0000 0000 0000 a20f4a3a 32a6b2fa: extract_entropy account returned: 0 
[    6.321220] random 0000 0000 0000 a20f4a3a 32a6b2fa: urand_change_num 101 xfer_secondary_pool(16): pool_sig 000002c0, data_sig 00000000, bytes_mixed 0 a20f4a3a 32a6b2fa
[    6.321223] random 0000 0000 0000 a20f4a3a 32a6b2fa: trying to extract 128 bits from nonblocking
[    6.321226] random 0000 0000 0000 a20f4a3a 32a6b2fa: debiting 128 entropy credits from nonblocking (unlimited)
[    6.321228] random 0000 0000 0000 a20f4a3a 32a6b2fa: extract_entropy account returned: 16 
[    6.321232] random 0000 0000 0000 a20f4a3a 32a6b2fa: urand_change_num 102 extract_buf: pool_sig 000002c0, data_sig 000000fb, bytes_mixed 20 a20f4a3a 32a6b2fa
[    6.321237] random 0000 0000 0000 a20f4a3a 32a6b2fa: urand_change_num 103 extract_buf: pool_sig ffffffdd, data_sig 000000a5, bytes_mixed 20 a20f4a3a 32a6b2fa
[    6.333721] random 0000 0000 0000 de716d2a 6c4757e1: rand_read_num 30 get_random_bytes(16): sig 000000fa de716d2a 6c4757e1
[    6.333724] random 0000 0000 0000 de716d2a 6c4757e1: extract_entropy(.. 16 ..)
[    6.333727] random 0000 0000 0000 de716d2a 6c4757e1: going to reseed nonblocking with 128 bits (128 of 0 requested)
[    6.333729] random 0000 0000 0000 de716d2a 6c4757e1: extract_entropy(.. 16 ..)
[    6.333731] random 0000 0000 0000 de716d2a 6c4757e1: trying to extract 128 bits from input
[    6.333733] random 0000 0000 0000 de716d2a 6c4757e1: debiting 0 entropy credits from input
[    6.333735] random 0000 0000 0000 de716d2a 6c4757e1: extract_entropy account returned: 0 
[    6.333738] random 0000 0000 0000 de716d2a 6c4757e1: urand_change_num 104 xfer_secondary_pool(16): pool_sig 000000fa, data_sig 00000000, bytes_mixed 0 de716d2a 6c4757e1
[    6.333741] random 0000 0000 0000 de716d2a 6c4757e1: trying to extract 128 bits from nonblocking
[    6.333744] random 0000 0000 0000 de716d2a 6c4757e1: debiting 128 entropy credits from nonblocking (unlimited)
[    6.333746] random 0000 0000 0000 de716d2a 6c4757e1: extract_entropy account returned: 16 
[    6.333750] random 0000 0000 0000 de716d2a 6c4757e1: urand_change_num 105 extract_buf: pool_sig 000000fa, data_sig ffffff34, bytes_mixed 20 de716d2a 6c4757e1
[    6.333755] random 0000 0000 0000 de716d2a 6c4757e1: urand_change_num 106 extract_buf: pool_sig 000003d3, data_sig ffffff30, bytes_mixed 20 de716d2a 6c4757e1
[    6.334339] random 0000 0000 0000 a7c511e1 f90ea457: rand_read_num 31 get_random_bytes(16): sig 0000009a a7c511e1 f90ea457
[    6.334342] random 0000 0000 0000 a7c511e1 f90ea457: extract_entropy(.. 16 ..)
[    6.334344] random 0000 0000 0000 a7c511e1 f90ea457: going to reseed nonblocking with 128 bits (128 of 0 requested)
[    6.334347] random 0000 0000 0000 a7c511e1 f90ea457: extract_entropy(.. 16 ..)
[    6.334349] random 0000 0000 0000 a7c511e1 f90ea457: trying to extract 128 bits from input
[    6.334351] random 0000 0000 0000 a7c511e1 f90ea457: debiting 0 entropy credits from input
[    6.334353] random 0000 0000 0000 a7c511e1 f90ea457: extract_entropy account returned: 0 
[    6.334356] random 0000 0000 0000 a7c511e1 f90ea457: urand_change_num 107 xfer_secondary_pool(16): pool_sig 0000009a, data_sig 00000000, bytes_mixed 0 a7c511e1 f90ea457
[    6.334359] random 0000 0000 0000 a7c511e1 f90ea457: trying to extract 128 bits from nonblocking
[    6.334361] random 0000 0000 0000 a7c511e1 f90ea457: debiting 128 entropy credits from nonblocking (unlimited)
[    6.334363] random 0000 0000 0000 a7c511e1 f90ea457: extract_entropy account returned: 16 
[    6.334367] random 0000 0000 0000 a7c511e1 f90ea457: urand_change_num 108 extract_buf: pool_sig 0000009a, data_sig 000000e0, bytes_mixed 20 a7c511e1 f90ea457
[    6.334373] random 0000 0000 0000 7c18c7e6 d65ccb06: urand_change_num 109 extract_buf: pool_sig fffffa79, data_sig 000000e0, bytes_mixed 20 7c18c7e6 d65ccb06
[    6.334969] random 0000 0000 0000 7c18c7e6 d65ccb06: rand_read_num 32 get_random_bytes(16): sig fffffe1e 7c18c7e6 d65ccb06
[    6.334972] random 0000 0000 0000 7c18c7e6 d65ccb06: extract_entropy(.. 16 ..)
[    6.334975] random 0000 0000 0000 7c18c7e6 d65ccb06: going to reseed nonblocking with 128 bits (128 of 0 requested)
[    6.334977] random 0000 0000 0000 7c18c7e6 d65ccb06: extract_entropy(.. 16 ..)
[    6.334979] random 0000 0000 0000 7c18c7e6 d65ccb06: trying to extract 128 bits from input
[    6.334981] random 0000 0000 0000 7c18c7e6 d65ccb06: debiting 0 entropy credits from input
[    6.334983] random 0000 0000 0000 7c18c7e6 d65ccb06: extract_entropy account returned: 0 
[    6.334986] random 0000 0000 0000 7c18c7e6 d65ccb06: urand_change_num 110 xfer_secondary_pool(16): pool_sig fffffe1e, data_sig 00000000, bytes_mixed 0 7c18c7e6 d65ccb06
[    6.334989] random 0000 0000 0000 7c18c7e6 d65ccb06: trying to extract 128 bits from nonblocking
[    6.334991] random 0000 0000 0000 7c18c7e6 d65ccb06: debiting 128 entropy credits from nonblocking (unlimited)
[    6.334994] random 0000 0000 0000 7c18c7e6 d65ccb06: extract_entropy account returned: 16 
