[    0.000000] random 0000 0000 0000 00000000 00000000: rand_read_num 1 get_random_bytes(8): sig 00000000 00000000 00000000
[    0.000000] random 0000 0000 0000 00000000 00000000: extract_entropy(.. 8 ..)
[    0.000000] random 0000 0000 0000 00000000 00000000: going to reseed nonblocking with 64 bits (64 of 0 requested)
[    0.000000] random 0000 0000 0000 00000000 00000000: extract_entropy(.. 8 ..)
[    0.000000] random 0000 0000 0000 00000000 00000000: trying to extract 64 bits from input
[    0.000000] random 0000 0000 0000 00000000 00000000: debiting 0 entropy credits from input
[    0.000000] random 0000 0000 0000 00000000 00000000: extract_entropy account returned: 0 
[    0.000000] random 0000 0000 0000 00000000 00000000: urand_change_num 1 xfer_secondary_pool(8): pool_sig 00000000, data_sig 00000000, bytes_mixed 0 00000000 00000000
[    0.000000] random 0000 0000 0000 00000000 00000000: trying to extract 64 bits from nonblocking
[    0.000000] random 0000 0000 0000 00000000 00000000: debiting 64 entropy credits from nonblocking (unlimited)
[    0.000000] random 0000 0000 0000 00000000 00000000: extract_entropy account returned: 8 
[    0.000000] random 0000 0000 0000 00000000 00000000: urand_change_num 2 extract_buf: pool_sig 00000000, data_sig fffffff9, bytes_mixed 20 00000000 00000000
[    0.000000] Linux version 2.6.32.57 (dcashman@dcashman-02) (gcc version 4.3.3 (GCC) ) #3 Fri May 24 04:27:34 PDT 2013
[    0.000000] KERNEL supported cpus:
[    0.000000]   Intel GenuineIntel
[    0.000000]   AMD AuthenticAMD
[    0.000000]   NSC Geode by NSC
[    0.000000]   Cyrix CyrixInstead
[    0.000000]   Centaur CentaurHauls
[    0.000000]   Transmeta GenuineTMx86
[    0.000000]   Transmeta TransmetaCPU
[    0.000000]   UMC UMC UMC UMC
[    0.000000] BIOS-provided physical RAM map:
[    0.000000]  BIOS-e820: 0000000000000000 - 000000000009d800 (usable)
[    0.000000]  BIOS-e820: 000000000009d800 - 00000000000a0000 (reserved)
[    0.000000]  BIOS-e820: 00000000000d2000 - 00000000000d4000 (reserved)
[    0.000000]  BIOS-e820: 00000000000e0000 - 0000000000100000 (reserved)
[    0.000000]  BIOS-e820: 0000000000100000 - 000000003d6b0000 (usable)
[    0.000000]  BIOS-e820: 000000003d6b0000 - 000000003d6cc000 (ACPI data)
[    0.000000]  BIOS-e820: 000000003d6cc000 - 000000003d700000 (ACPI NVS)
[    0.000000]  BIOS-e820: 000000003d700000 - 000000003e000000 (reserved)
[    0.000000]  BIOS-e820: 00000000f0000000 - 00000000f4000000 (reserved)
[    0.000000]  BIOS-e820: 00000000fec00000 - 00000000fec10000 (reserved)
[    0.000000]  BIOS-e820: 00000000fed00000 - 00000000fed00400 (reserved)
[    0.000000]  BIOS-e820: 00000000fed14000 - 00000000fed1a000 (reserved)
[    0.000000]  BIOS-e820: 00000000fed1c000 - 00000000fed90000 (reserved)
[    0.000000]  BIOS-e820: 00000000fee00000 - 00000000fee01000 (reserved)
[    0.000000]  BIOS-e820: 00000000ff000000 - 0000000100000000 (reserved)
[    0.000000] DMI present.
[    0.000000] last_pfn = 0x3d6b0 max_arch_pfn = 0x100000
[    0.000000] MTRR default type: uncachable
[    0.000000] MTRR fixed ranges enabled:
[    0.000000]   00000-9FFFF write-back
[    0.000000]   A0000-BFFFF uncachable
[    0.000000]   C0000-CFFFF write-protect
[    0.000000]   D0000-DFFFF uncachable
[    0.000000]   E0000-FFFFF write-protect
[    0.000000] MTRR variable ranges enabled:
[    0.000000]   0 base 03E000000 mask FFE000000 uncachable
[    0.000000]   1 base 000000000 mask FC0000000 write-back
[    0.000000]   2 base 03D700000 mask FFFF00000 uncachable
[    0.000000]   3 base 03D800000 mask FFF800000 uncachable
[    0.000000]   4 disabled
[    0.000000]   5 disabled
[    0.000000]   6 disabled
[    0.000000]   7 disabled
[    0.000000] initial memory mapped : 0 - 02000000
[    0.000000] init_memory_mapping: 0000000000000000-00000000377fe000
[    0.000000]  0000000000 - 0000400000 page 4k
[    0.000000]  0000400000 - 0037400000 page 2M
[    0.000000]  0037400000 - 00377fe000 page 4k
[    0.000000] kernel direct mapping tables up to 377fe000 @ 7000-c000
[    0.000000] ACPI: RSDP 000f68d0 00024 (v02 LENOVO)
[    0.000000] ACPI: XSDT 3d6bb77f 00094 (v01 LENOVO TP-7L    00002170  LTP 00000000)
[    0.000000] ACPI: FACP 3d6bb900 000F4 (v03 LENOVO TP-7L    00002170 LNVO 00000001)
[    0.000000] ACPI Warning: 32/64X length mismatch in Gpe1Block: 0/32 (20090903/tbfadt-526)
[    0.000000] ACPI Warning: Optional field Gpe1Block has zero address or length: 000000000000102C/0 (20090903/tbfadt-557)
[    0.000000] ACPI: DSDT 3d6bbd1d 0FED1 (v01 LENOVO TP-7L    00002170 MSFT 03000000)
[    0.000000] ACPI: FACS 3d6e4000 00040
[    0.000000] ACPI: SSDT 3d6bbab4 00269 (v01 LENOVO TP-7L    00002170 MSFT 03000000)
[    0.000000] ACPI: ECDT 3d6cbbee 00052 (v01 LENOVO TP-7L    00002170 LNVO 00000001)
[    0.000000] ACPI: TCPA 3d6cbc40 00032 (v02 LENOVO TP-7L    00002170 LNVO 00000001)
[    0.000000] ACPI: APIC 3d6cbc72 00068 (v01 LENOVO TP-7L    00002170 LNVO 00000001)
[    0.000000] ACPI: MCFG 3d6cbcda 0003C (v01 LENOVO TP-7L    00002170 LNVO 00000001)
[    0.000000] ACPI: HPET 3d6cbd16 00038 (v01 LENOVO TP-7L    00002170 LNVO 00000001)
[    0.000000] ACPI: SLIC 3d6cbdf0 00176 (v01 LENOVO TP-7L    00002170  LTP 00000000)
[    0.000000] ACPI: BOOT 3d6cbf66 00028 (v01 LENOVO TP-7L    00002170  LTP 00000001)
[    0.000000] ACPI: ASF! 3d6cbf8e 00072 (v16 LENOVO TP-7L    00002170 PTL  00000001)
[    0.000000] ACPI: SSDT 3d6e26d9 0025F (v01 LENOVO TP-7L    00002170 INTL 20050513)
[    0.000000] ACPI: SSDT 3d6e2938 000A6 (v01 LENOVO TP-7L    00002170 INTL 20050513)
[    0.000000] ACPI: SSDT 3d6e29de 004F7 (v01 LENOVO TP-7L    00002170 INTL 20050513)
[    0.000000] ACPI: SSDT 3d6e2ed5 001D8 (v01 LENOVO TP-7L    00002170 INTL 20050513)
[    0.000000] ACPI: DMI detected: Lenovo ThinkPad R61
[    0.000000] ACPI: Added _OSI(Linux)
[    0.000000] ACPI: Local APIC address 0xfee00000
[    0.000000] 94MB HIGHMEM available.
[    0.000000] 887MB LOWMEM available.
[    0.000000]   mapped low ram: 0 - 377fe000
[    0.000000]   low ram: 0 - 377fe000
[    0.000000]   node 0 low ram: 00000000 - 377fe000
[    0.000000]   node 0 bootmap 00008000 - 0000ef00
[    0.000000] (6 early reservations) ==> bootmem [0000000000 - 00377fe000]
[    0.000000]   #0 [0000000000 - 0000001000]   BIOS data page ==> [0000000000 - 0000001000]
[    0.000000]   #1 [0001000000 - 0001bdc180]    TEXT DATA BSS ==> [0001000000 - 0001bdc180]
[    0.000000]   #2 [000009d800 - 0000100000]    BIOS reserved ==> [000009d800 - 0000100000]
[    0.000000]   #3 [0001bdd000 - 0001be516c]              BRK ==> [0001bdd000 - 0001be516c]
[    0.000000]   #4 [0000007000 - 0000008000]          PGTABLE ==> [0000007000 - 0000008000]
[    0.000000]   #5 [0000008000 - 000000f000]          BOOTMAP ==> [0000008000 - 000000f000]
[    0.000000] found SMP MP-table at [c00f6900] f6900
[    0.000000] Zone PFN ranges:
[    0.000000]   DMA      0x00000000 -> 0x00001000
[    0.000000]   Normal   0x00001000 -> 0x000377fe
[    0.000000]   HighMem  0x000377fe -> 0x0003d6b0
[    0.000000] Movable zone start PFN for each node
[    0.000000] early_node_map[2] active PFN ranges
[    0.000000]     0: 0x00000000 -> 0x0000009d
[    0.000000]     0: 0x00000100 -> 0x0003d6b0
[    0.000000] On node 0 totalpages: 251469
[    0.000000] free_area_init_node: node 0, pgdat c1901ea0, node_mem_map c1be7000
[    0.000000]   DMA zone: 32 pages used for memmap
[    0.000000]   DMA zone: 0 pages reserved
[    0.000000]   DMA zone: 3965 pages, LIFO batch:0
[    0.000000]   Normal zone: 1744 pages used for memmap
[    0.000000]   Normal zone: 221486 pages, LIFO batch:31
[    0.000000]   HighMem zone: 190 pages used for memmap
[    0.000000]   HighMem zone: 24052 pages, LIFO batch:3
[    0.000000] Using APIC driver default
[    0.000000] ACPI: PM-Timer IO Port: 0x1008
[    0.000000] ACPI: Local APIC address 0xfee00000
[    0.000000] ACPI: LAPIC (acpi_id[0x00] lapic_id[0x00] enabled)
[    0.000000] ACPI: LAPIC (acpi_id[0x01] lapic_id[0x01] enabled)
[    0.000000] ACPI: NR_CPUS/possible_cpus limit of 1 reached.  Processor 1/0x1 ignored.
[    0.000000] ACPI: LAPIC_NMI (acpi_id[0x00] high edge lint[0x1])
[    0.000000] ACPI: LAPIC_NMI (acpi_id[0x01] high edge lint[0x1])
[    0.000000] ACPI: IOAPIC (id[0x01] address[0xfec00000] gsi_base[0])
[    0.000000] IOAPIC[0]: apic_id 1, version 32, address 0xfec00000, GSI 0-23
[    0.000000] ACPI: INT_SRC_OVR (bus 0 bus_irq 0 global_irq 2 dfl dfl)
[    0.000000] ACPI: INT_SRC_OVR (bus 0 bus_irq 9 global_irq 9 high level)
[    0.000000] ACPI: IRQ0 used by override.
[    0.000000] ACPI: IRQ2 used by override.
[    0.000000] ACPI: IRQ9 used by override.
[    0.000000] Using ACPI (MADT) for SMP configuration information
[    0.000000] ACPI: HPET id: 0x8086a201 base: 0xfed00000
[    0.000000] nr_irqs_gsi: 24
[    0.000000] PM: Registered nosave memory: 000000000009d000 - 000000000009e000
[    0.000000] PM: Registered nosave memory: 000000000009e000 - 00000000000a0000
[    0.000000] PM: Registered nosave memory: 00000000000a0000 - 00000000000d2000
[    0.000000] PM: Registered nosave memory: 00000000000d2000 - 00000000000d4000
[    0.000000] PM: Registered nosave memory: 00000000000d4000 - 00000000000e0000
[    0.000000] PM: Registered nosave memory: 00000000000e0000 - 0000000000100000
[    0.000000] Allocating PCI resources starting at 3e000000 (gap: 3e000000:b2000000)
[    0.000000] Built 1 zonelists in Zone order, mobility grouping on.  Total pages: 249503
[    0.000000] Kernel command line: auto BOOT_IMAGE=Linux ro root=802 vt.default_utf8=0 maxcpus=0
[    0.000000] PID hash table entries: 4096 (order: 2, 16384 bytes)
[    0.000000] Dentry cache hash table entries: 131072 (order: 7, 524288 bytes)
[    0.000000] Inode-cache hash table entries: 65536 (order: 6, 262144 bytes)
[    0.000000] Enabling fast FPU save and restore... done.
[    0.000000] Enabling unmasked SIMD FPU exception support... done.
[    0.000000] Initializing CPU#0
[    0.000000] Initializing HighMem for node 0 (000377fe:0003d6b0)
[    0.000000] Memory: 984800k/1006272k available (6914k kernel code, 20876k reserved, 2328k data, 448k init, 96968k highmem)
[    0.000000] virtual kernel memory layout:
[    0.000000]     fixmap  : 0xfffa3000 - 0xfffff000   ( 368 kB)
[    0.000000]     pkmap   : 0xff800000 - 0xffc00000   (4096 kB)
[    0.000000]     vmalloc : 0xf7ffe000 - 0xff7fe000   ( 120 MB)
[    0.000000]     lowmem  : 0xc0000000 - 0xf77fe000   ( 887 MB)
[    0.000000]       .init : 0xc1907000 - 0xc1977000   ( 448 kB)
[    0.000000]       .data : 0xc16c0b5f - 0xc1906c64   (2328 kB)
[    0.000000]       .text : 0xc1000000 - 0xc16c0b5f   (6914 kB)
[    0.000000] Checking if this processor honours the WP bit even in supervisor mode...Ok.
[    0.000000] SLUB: Genslabs=13, HWalign=64, Order=0-3, MinObjects=0, CPUs=1, Nodes=1
[    0.000000] Hierarchical RCU implementation.
[    0.000000] NR_IRQS:288
[    0.000000] Extended CMOS year: 2000
[    0.000000] Console: colour VGA+ 80x25
[    0.000000] console [tty0] enabled
[    0.000000] hpet clockevent registered
[    0.000000] Fast TSC calibration using PIT
[    0.000000] Detected 2094.622 MHz processor.
[    0.001002] Calibrating delay loop (skipped), value calculated using timer frequency.. 4189.24 BogoMIPS (lpj=2094622)
[    0.001173] Security Framework initialized
[    0.001259] Mount-cache hash table entries: 512
[    0.001406] CPU: L1 I cache: 32K, L1 D cache: 32K
[    0.001537] CPU: L2 cache: 3072K
[    0.001618] mce: CPU supports 6 MCE banks
[    0.002004] CPU0: Thermal monitoring enabled (TM2)
[    0.002088] using mwait in idle threads.
[    0.002175] CPU: Intel(R) Core(TM)2 Duo CPU     T8100  @ 2.10GHz stepping 06
[    0.002357] Checking 'hlt' instruction... OK.
[    0.006939] ACPI: Core revision 20090903
[    0.026013] CANARY value: 84d77eca for PID: 1
[    0.026041] Enabling APIC mode:  Flat.  Using 1 I/O APICs
[    0.026501] ..TIMER: vector=0x30 apic1=0 pin1=2 apic2=-1 pin2=-1
[    0.036997] xor: automatically using best checksumming function: pIII_sse
[    0.040998]    pIII_sse  :  8568.000 MB/sec
[    0.041085] xor: using function: pIII_sse (8568.000 MB/sec)
[    0.041176] RANDOM - __seed init called.
[    0.041176] RANDOM - __seed init called.
[    0.041177] RANDOM - __seed init called.
[    0.041179] RANDOM - __random32 called. Change num 1.  Value: e6b75c0e	845fdb3c	4764ecc7
[    0.041181] RANDOM - __random32 called. Change num 2.  Value: 75c0e1a6	45fdb3ca	d98f8871
[    0.041182] RANDOM - __random32 called. Change num 3.  Value: e1a6d3e	5fdb3ca9	10e2be79
[    0.041184] RANDOM - __random32 called. Change num 4.  Value: a6d3e877	fdb3ca90	7cf2fee9
[    0.041186] RANDOM - __random32 called. Change num 5.  Value: 3e877b7b	db3ca905	fdd36ca1
[    0.041187] RANDOM - __random32 called. Change num 6.  Value: 77b7ba3d	b3ca905b	d9426901
[    0.041189] RANDOM - random32 init called.  Value: 77b7ba3d	b3ca905b	d9426901
[    0.041206] NET: Registered protocol family 16
[    0.041467] ACPI FADT declares the system doesn't support PCIe ASPM, so disable it
[    0.041590] ACPI: bus type pci registered
[    0.041767] PCI: MCFG configuration 0: base f0000000 segment 0 buses 0 - 63
[    0.041860] PCI: MCFG area at f0000000 reserved in E820
[    0.041950] PCI: Using MMCONFIG for extended config space
[    0.042002] PCI: Using configuration type 1 for base access
[    0.045159] bio: create slab <bio-0> at 0
[    0.045967] ACPI: EC: EC description table is found, configuring boot EC
[    0.051148] ACPI: BIOS _OSI(Linux) query honored via DMI
[    0.051868] random 0000 0000 0000 00000000 00000000: rand_read_num 2 get_random_bytes(8): sig fffffe1a 00000000 00000000
[    0.051870] random 0000 0000 0000 00000000 00000000: extract_entropy(.. 8 ..)
[    0.051873] random 0000 0000 0000 00000000 00000000: going to reseed nonblocking with 64 bits (64 of 0 requested)
[    0.051875] random 0000 0000 0000 00000000 00000000: extract_entropy(.. 8 ..)
[    0.051878] random 0000 0000 0000 00000000 00000000: trying to extract 64 bits from input
[    0.051880] random 0000 0000 0000 00000000 00000000: debiting 0 entropy credits from input
[    0.051882] random 0000 0000 0000 00000000 00000000: extract_entropy account returned: 0 
[    0.051909] random 0000 0000 0000 00000000 00000000: urand_change_num 3 xfer_secondary_pool(8): pool_sig fffffe1a, data_sig 00000000, bytes_mixed 0 00000000 00000000
[    0.051912] random 0000 0000 0000 00000000 00000000: trying to extract 64 bits from nonblocking
[    0.051914] random 0000 0000 0000 00000000 00000000: debiting 64 entropy credits from nonblocking (unlimited)
[    0.051916] random 0000 0000 0000 00000000 00000000: extract_entropy account returned: 8 
[    0.051921] random 0000 0000 0000 00000000 00000000: urand_change_num 4 extract_buf: pool_sig fffffe1a, data_sig fffffed7, bytes_mixed 20 00000000 00000000
[    0.057681] ACPI: Interpreter enabled
[    0.057773] ACPI: (supports S0 S3 S4 S5)
[    0.058080] ACPI: Using IOAPIC for interrupt routing
[    0.067813] ACPI: EC: GPE = 0x12, I/O: command/status = 0x66, data = 0x62
[    0.068085] ACPI: Power Resource [PUBS] (on)
[    0.070190] ACPI: ACPI Dock Station Driver: 3 docks/bays found
[    0.070593] ACPI: PCI Root Bridge [PCI0] (0000:00)
[    0.070780] pci 0000:00:02.0: reg 10 64bit mmio: [0xf8100000-0xf81fffff]
[    0.070786] pci 0000:00:02.0: reg 18 64bit mmio pref: [0xe0000000-0xefffffff]
[    0.070789] pci 0000:00:02.0: reg 20 io port: [0x1800-0x1807]
[    0.070824] pci 0000:00:02.1: reg 10 64bit mmio: [0xf8200000-0xf82fffff]
[    0.070925] pci 0000:00:19.0: reg 10 32bit mmio: [0xfe000000-0xfe01ffff]
[    0.070934] pci 0000:00:19.0: reg 14 32bit mmio: [0xfe025000-0xfe025fff]
[    0.070943] pci 0000:00:19.0: reg 18 io port: [0x1840-0x185f]
[    0.071022] pci 0000:00:19.0: PME# supported from D0 D3hot D3cold
[    0.071124] pci 0000:00:19.0: PME# disabled
[    0.071280] pci 0000:00:1a.0: reg 20 io port: [0x1860-0x187f]
[    0.071361] pci 0000:00:1a.1: reg 20 io port: [0x1880-0x189f]
[    0.071447] pci 0000:00:1a.7: reg 10 32bit mmio: [0xfe226c00-0xfe226fff]
[    0.071529] pci 0000:00:1a.7: PME# supported from D0 D3hot D3cold
[    0.071633] pci 0000:00:1a.7: PME# disabled
[    0.071774] pci 0000:00:1b.0: reg 10 64bit mmio: [0xfe020000-0xfe023fff]
[    0.071858] pci 0000:00:1b.0: PME# supported from D0 D3hot D3cold
[    0.071957] pci 0000:00:1b.0: PME# disabled
[    0.072106] pci 0000:00:1c.0: PME# supported from D0 D3hot D3cold
[    0.072204] pci 0000:00:1c.0: PME# disabled
[    0.072424] pci 0000:00:1c.1: PME# supported from D0 D3hot D3cold
[    0.072520] pci 0000:00:1c.1: PME# disabled
[    0.072732] pci 0000:00:1c.2: PME# supported from D0 D3hot D3cold
[    0.072833] pci 0000:00:1c.2: PME# disabled
[    0.073105] pci 0000:00:1c.3: PME# supported from D0 D3hot D3cold
[    0.073205] pci 0000:00:1c.3: PME# disabled
[    0.074065] pci 0000:00:1c.4: PME# supported from D0 D3hot D3cold
[    0.074160] pci 0000:00:1c.4: PME# disabled
[    0.074314] pci 0000:00:1d.0: reg 20 io port: [0x18a0-0x18bf]
[    0.074396] pci 0000:00:1d.1: reg 20 io port: [0x18c0-0x18df]
[    0.074476] pci 0000:00:1d.2: reg 20 io port: [0x18e0-0x18ff]
[    0.074567] pci 0000:00:1d.7: reg 10 32bit mmio: [0xfe227000-0xfe2273ff]
[    0.074658] pci 0000:00:1d.7: PME# supported from D0 D3hot D3cold
[    0.074758] pci 0000:00:1d.7: PME# disabled
[    0.075057] pci 0000:00:1f.0: quirk: region 1000-107f claimed by ICH6 ACPI/GPIO/TCO
[    0.075187] pci 0000:00:1f.0: quirk: region 1180-11bf claimed by ICH6 GPIO
[    0.075286] pci 0000:00:1f.0: ICH7 LPC Generic IO decode 1 PIO at 1600 (mask 007f)
[    0.075420] pci 0000:00:1f.0: ICH7 LPC Generic IO decode 2 PIO at 15e0 (mask 000f)
[    0.075551] pci 0000:00:1f.0: ICH7 LPC Generic IO decode 3 PIO at 1680 (mask 001f)
[    0.075762] pci 0000:00:1f.1: reg 10 io port: [0x00-0x07]
[    0.075771] pci 0000:00:1f.1: reg 14 io port: [0x00-0x03]
[    0.075780] pci 0000:00:1f.1: reg 18 io port: [0x00-0x07]
[    0.075789] pci 0000:00:1f.1: reg 1c io port: [0x00-0x03]
[    0.075796] pci 0000:00:1f.1: reg 20 io port: [0x1c00-0x1c0f]
[    0.075875] pci 0000:00:1f.2: reg 10 io port: [0x1c50-0x1c57]
[    0.075884] pci 0000:00:1f.2: reg 14 io port: [0x1c44-0x1c47]
[    0.075891] pci 0000:00:1f.2: reg 18 io port: [0x1c48-0x1c4f]
[    0.075900] pci 0000:00:1f.2: reg 1c io port: [0x1c40-0x1c43]
[    0.075908] pci 0000:00:1f.2: reg 20 io port: [0x1c20-0x1c3f]
[    0.075917] pci 0000:00:1f.2: reg 24 32bit mmio: [0xfe226000-0xfe2267ff]
[    0.075977] pci 0000:00:1f.2: PME# supported from D3hot
[    0.075999] pci 0000:00:1f.2: PME# disabled
[    0.076115] pci 0000:00:1f.3: reg 10 32bit mmio: [0xfe227400-0xfe2274ff]
[    0.076140] pci 0000:00:1f.3: reg 20 io port: [0x1c60-0x1c7f]
[    0.076232] pci 0000:00:1c.0: bridge io port: [0x2000-0x2fff]
[    0.076238] pci 0000:00:1c.0: bridge 32bit mmio: [0xfc000000-0xfdffffff]
[    0.076247] pci 0000:00:1c.0: bridge 64bit mmio pref: [0xf8000000-0xf80fffff]
[    0.076319] pci 0000:03:00.0: reg 10 64bit mmio: [0xdf3f0000-0xdf3fffff]
[    0.076513] pci 0000:00:1c.1: bridge io port: [0x3000-0x3fff]
[    0.076519] pci 0000:00:1c.1: bridge 32bit mmio: [0xdc000000-0xdf3fffff]
[    0.076526] pci 0000:00:1c.1: bridge 64bit mmio pref: [0xdfe00000-0xdfefffff]
[    0.076582] pci 0000:00:1c.2: bridge io port: [0x4000-0x4fff]
[    0.076589] pci 0000:00:1c.2: bridge 32bit mmio: [0xd8000000-0xd9ffffff]
[    0.076596] pci 0000:00:1c.2: bridge 64bit mmio pref: [0xdfb00000-0xdfbfffff]
[    0.076652] pci 0000:00:1c.3: bridge io port: [0x5000-0x5fff]
[    0.076656] pci 0000:00:1c.3: bridge 32bit mmio: [0xd4000000-0xd5ffffff]
[    0.076666] pci 0000:00:1c.3: bridge 64bit mmio pref: [0xdf800000-0xdf8fffff]
[    0.076722] pci 0000:00:1c.4: bridge io port: [0x6000-0x6fff]
[    0.076729] pci 0000:00:1c.4: bridge 32bit mmio: [0xd0000000-0xd1ffffff]
[    0.076737] pci 0000:00:1c.4: bridge 64bit mmio pref: [0xdf500000-0xdf5fffff]
[    0.076796] pci 0000:15:00.0: reg 10 32bit mmio: [0xf8300000-0xf8300fff]
[    0.076847] pci 0000:15:00.0: supports D1 D2
[    0.076849] pci 0000:15:00.0: PME# supported from D0 D1 D2 D3hot D3cold
[    0.076998] pci 0000:15:00.0: PME# disabled
[    0.077145] pci 0000:15:00.1: reg 10 32bit mmio: [0xf8301000-0xf83017ff]
[    0.077244] pci 0000:15:00.1: supports D1 D2
[    0.077245] pci 0000:15:00.1: PME# supported from D0 D1 D2 D3hot D3cold
[    0.077355] pci 0000:15:00.1: PME# disabled
[    0.077533] pci 0000:00:1e.0: transparent bridge
[    0.077626] pci 0000:00:1e.0: bridge io port: [0x7000-0xafff]
[    0.077632] pci 0000:00:1e.0: bridge 32bit mmio: [0xf8300000-0xfbffffff]
[    0.077641] pci 0000:00:1e.0: bridge 64bit mmio pref: [0xf4000000-0xf7ffffff]
[    0.077710] pci_bus 0000:00: on NUMA node 0
[    0.077714] ACPI: PCI Interrupt Routing Table [\_SB_.PCI0._PRT]
[    0.077847] ACPI: PCI Interrupt Routing Table [\_SB_.PCI0.EXP0._PRT]
[    0.077905] ACPI: PCI Interrupt Routing Table [\_SB_.PCI0.EXP1._PRT]
[    0.078017] ACPI: PCI Interrupt Routing Table [\_SB_.PCI0.EXP2._PRT]
[    0.078076] ACPI: PCI Interrupt Routing Table [\_SB_.PCI0.EXP3._PRT]
[    0.078139] ACPI: PCI Interrupt Routing Table [\_SB_.PCI0.EXP4._PRT]
[    0.078201] ACPI: PCI Interrupt Routing Table [\_SB_.PCI0.PCI1._PRT]
[    0.083650] ACPI: PCI Interrupt Link [LNKA] (IRQs 3 4 5 6 7 9 *10 11)
[    0.084468] ACPI: PCI Interrupt Link [LNKB] (IRQs 3 4 5 6 7 9 10 *11)
[    0.085252] ACPI: PCI Interrupt Link [LNKC] (IRQs 3 4 5 6 7 9 10 *11)
[    0.086078] ACPI: PCI Interrupt Link [LNKD] (IRQs 3 4 5 6 7 9 10 *11)
[    0.086922] ACPI: PCI Interrupt Link [LNKE] (IRQs 3 4 5 6 7 9 10 *11)
[    0.087685] ACPI: PCI Interrupt Link [LNKF] (IRQs 3 4 5 6 7 9 10 *11)
[    0.088531] ACPI: PCI Interrupt Link [LNKG] (IRQs 3 4 5 6 7 9 10 *11)
[    0.089375] ACPI: PCI Interrupt Link [LNKH] (IRQs 3 4 5 6 7 9 10 *11)
[    0.090128] vgaarb: device added: PCI:0000:00:02.0,decodes=io+mem,owns=io+mem,locks=none
[    0.090258] vgaarb: loaded
[    0.090442] SCSI subsystem initialized
[    0.090541] libata version 3.00 loaded.
[    0.090588] usbcore: registered new interface driver usbfs
[    0.090718] usbcore: registered new interface driver hub
[    0.090836] usbcore: registered new device driver usb
[    0.108047] raid6: int32x1    941 MB/s
[    0.125054] raid6: int32x2    890 MB/s
[    0.142067] raid6: int32x4    750 MB/s
[    0.158987] raid6: int32x8    656 MB/s
[    0.175988] raid6: mmxx1     2878 MB/s
[    0.192982] raid6: mmxx2     3269 MB/s
[    0.210000] raid6: sse1x1    1937 MB/s
[    0.226984] raid6: sse1x2    2531 MB/s
[    0.243979] raid6: sse2x1    3507 MB/s
[    0.260975] raid6: sse2x2    3835 MB/s
[    0.261068] raid6: using algorithm sse2x2 (3835 MB/s)
[    0.261173] PCI: Using ACPI for IRQ routing
[    0.261480] HPET: 3 timers in total, 0 timers will be used for per-cpu timer
[    0.261982] Switching to clocksource tsc
[    0.262082] pnp: PnP ACPI init
[    0.262181] ACPI: bus type pnp registered
[    0.265884] pnp: PnP ACPI: found 11 devices
[    0.265982] ACPI: ACPI bus type pnp unregistered
[    0.266083] system 00:00: iomem range 0x0-0x9ffff could not be reserved
[    0.266176] system 00:00: iomem range 0xc0000-0xc3fff could not be reserved
[    0.266276] system 00:00: iomem range 0xc4000-0xc7fff could not be reserved
[    0.266365] system 00:00: iomem range 0xc8000-0xcbfff has been reserved
[    0.266459] system 00:00: iomem range 0xcc000-0xcffff has been reserved
[    0.266553] system 00:00: iomem range 0xd0000-0xd3fff could not be reserved
[    0.266652] system 00:00: iomem range 0xe0000-0xe3fff could not be reserved
[    0.266750] system 00:00: iomem range 0xe4000-0xe7fff could not be reserved
[    0.266842] system 00:00: iomem range 0xe8000-0xebfff could not be reserved
[    0.266941] system 00:00: iomem range 0xec000-0xeffff could not be reserved
[    0.267042] system 00:00: iomem range 0xf0000-0xfffff could not be reserved
[    0.267133] system 00:00: iomem range 0x100000-0x3dffffff could not be reserved
[    0.267262] system 00:00: iomem range 0xfec00000-0xfed3ffff could not be reserved
[    0.267398] system 00:00: iomem range 0xfed4c000-0xffffffff could not be reserved
[    0.267523] system 00:02: ioport range 0x164e-0x164f has been reserved
[    0.267621] system 00:02: ioport range 0x1000-0x107f has been reserved
[    0.267707] system 00:02: ioport range 0x1180-0x11bf has been reserved
[    0.267798] system 00:02: ioport range 0x800-0x80f has been reserved
[    0.267891] system 00:02: ioport range 0x15e0-0x15ef has been reserved
[    0.267984] system 00:02: ioport range 0x1600-0x165f could not be reserved
[    0.268083] system 00:02: iomem range 0xf0000000-0xf3ffffff has been reserved
[    0.268172] system 00:02: iomem range 0xfed1c000-0xfed1ffff has been reserved
[    0.268264] system 00:02: iomem range 0xfed14000-0xfed17fff has been reserved
[    0.268362] system 00:02: iomem range 0xfed18000-0xfed18fff has been reserved
[    0.268455] system 00:02: iomem range 0xfed19000-0xfed19fff has been reserved
[    0.268547] system 00:02: iomem range 0xfed45000-0xfed4bfff has been reserved
[    0.303586] pci 0000:00:1c.0: PCI bridge, secondary bus 0000:02
[    0.303684] pci 0000:00:1c.0:   IO window: 0x2000-0x2fff
[    0.303778] pci 0000:00:1c.0:   MEM window: 0xfc000000-0xfdffffff
[    0.303875] pci 0000:00:1c.0:   PREFETCH window: 0x000000f8000000-0x000000f80fffff
[    0.304004] pci 0000:00:1c.1: PCI bridge, secondary bus 0000:03
[    0.304096] pci 0000:00:1c.1:   IO window: 0x3000-0x3fff
[    0.304196] pci 0000:00:1c.1:   MEM window: 0xdc000000-0xdf3fffff
[    0.304294] pci 0000:00:1c.1:   PREFETCH window: 0x000000dfe00000-0x000000dfefffff
[    0.304432] pci 0000:00:1c.2: PCI bridge, secondary bus 0000:04
[    0.304523] pci 0000:00:1c.2:   IO window: 0x4000-0x4fff
[    0.304634] pci 0000:00:1c.2:   MEM window: 0xd8000000-0xd9ffffff
[    0.304728] pci 0000:00:1c.2:   PREFETCH window: 0x000000dfb00000-0x000000dfbfffff
[    0.304860] pci 0000:00:1c.3: PCI bridge, secondary bus 0000:05
[    0.304961] pci 0000:00:1c.3:   IO window: 0x5000-0x5fff
[    0.305057] pci 0000:00:1c.3:   MEM window: 0xd4000000-0xd5ffffff
[    0.305155] pci 0000:00:1c.3:   PREFETCH window: 0x000000df800000-0x000000df8fffff
[    0.305286] pci 0000:00:1c.4: PCI bridge, secondary bus 0000:0d
[    0.305376] pci 0000:00:1c.4:   IO window: 0x6000-0x6fff
[    0.305479] pci 0000:00:1c.4:   MEM window: 0xd0000000-0xd1ffffff
[    0.305576] pci 0000:00:1c.4:   PREFETCH window: 0x000000df500000-0x000000df5fffff
[    0.305703] pci 0000:15:00.0: CardBus bridge, secondary bus 0000:16
[    0.305793] pci 0000:15:00.0:   IO window: 0x007000-0x0070ff
[    0.305890] pci 0000:15:00.0:   IO window: 0x007400-0x0074ff
[    0.305982] pci 0000:15:00.0:   PREFETCH window: 0xf4000000-0xf7ffffff
[    0.306086] pci 0000:15:00.0:   MEM window: 0x40000000-0x43ffffff
[    0.306180] pci 0000:00:1e.0: PCI bridge, secondary bus 0000:15
[    0.306281] pci 0000:00:1e.0:   IO window: 0x7000-0xafff
[    0.306377] pci 0000:00:1e.0:   MEM window: 0xf8300000-0xfbffffff
[    0.306471] pci 0000:00:1e.0:   PREFETCH window: 0x000000f4000000-0x000000f7ffffff
[    0.306623] pci 0000:00:1c.0: PCI INT A -> GSI 20 (level, low) -> IRQ 20
[    0.306726] pci 0000:00:1c.0: setting latency timer to 64
[    0.306737] pci 0000:00:1c.1: PCI INT B -> GSI 21 (level, low) -> IRQ 21
[    0.306833] pci 0000:00:1c.1: setting latency timer to 64
[    0.306844] pci 0000:00:1c.2: PCI INT C -> GSI 22 (level, low) -> IRQ 22
[    0.306943] pci 0000:00:1c.2: setting latency timer to 64
[    0.306956] pci 0000:00:1c.3: PCI INT D -> GSI 23 (level, low) -> IRQ 23
[    0.307066] pci 0000:00:1c.3: setting latency timer to 64
[    0.307079] pci 0000:00:1c.4: PCI INT A -> GSI 20 (level, low) -> IRQ 20
[    0.307175] pci 0000:00:1c.4: setting latency timer to 64
[    0.307184] pci 0000:00:1e.0: enabling device (0005 -> 0007)
[    0.307288] pci 0000:00:1e.0: setting latency timer to 64
[    0.307300] pci 0000:15:00.0: PCI INT A -> GSI 16 (level, low) -> IRQ 16
[    0.307398] pci 0000:15:00.0: setting latency timer to 64
[    0.307404] pci_bus 0000:00: resource 0 io:  [0x00-0xffff]
[    0.307405] pci_bus 0000:00: resource 1 mem: [0x000000-0xffffffff]
[    0.307407] pci_bus 0000:02: resource 0 io:  [0x2000-0x2fff]
[    0.307409] pci_bus 0000:02: resource 1 mem: [0xfc000000-0xfdffffff]
[    0.307411] pci_bus 0000:02: resource 2 pref mem [0xf8000000-0xf80fffff]
[    0.307413] pci_bus 0000:03: resource 0 io:  [0x3000-0x3fff]
[    0.307415] pci_bus 0000:03: resource 1 mem: [0xdc000000-0xdf3fffff]
[    0.307417] pci_bus 0000:03: resource 2 pref mem [0xdfe00000-0xdfefffff]
[    0.307418] pci_bus 0000:04: resource 0 io:  [0x4000-0x4fff]
[    0.307420] pci_bus 0000:04: resource 1 mem: [0xd8000000-0xd9ffffff]
[    0.307422] pci_bus 0000:04: resource 2 pref mem [0xdfb00000-0xdfbfffff]
[    0.307424] pci_bus 0000:05: resource 0 io:  [0x5000-0x5fff]
[    0.307425] pci_bus 0000:05: resource 1 mem: [0xd4000000-0xd5ffffff]
[    0.307427] pci_bus 0000:05: resource 2 pref mem [0xdf800000-0xdf8fffff]
[    0.307429] pci_bus 0000:0d: resource 0 io:  [0x6000-0x6fff]
[    0.307431] pci_bus 0000:0d: resource 1 mem: [0xd0000000-0xd1ffffff]
[    0.307433] pci_bus 0000:0d: resource 2 pref mem [0xdf500000-0xdf5fffff]
[    0.307434] pci_bus 0000:15: resource 0 io:  [0x7000-0xafff]
[    0.307436] pci_bus 0000:15: resource 1 mem: [0xf8300000-0xfbffffff]
[    0.307438] pci_bus 0000:15: resource 2 pref mem [0xf4000000-0xf7ffffff]
[    0.307440] pci_bus 0000:15: resource 3 io:  [0x00-0xffff]
[    0.307441] pci_bus 0000:15: resource 4 mem: [0x000000-0xffffffff]
[    0.307443] pci_bus 0000:16: resource 0 io:  [0x7000-0x70ff]
[    0.307445] pci_bus 0000:16: resource 1 io:  [0x7400-0x74ff]
[    0.307447] pci_bus 0000:16: resource 2 pref mem [0xf4000000-0xf7ffffff]
[    0.307448] pci_bus 0000:16: resource 3 mem: [0x40000000-0x43ffffff]
[    0.307456] NET: Registered protocol family 2
[    0.307546] RANDOM - __random32 called. Change num 7.  Value: 7ba3d01e	3ca905be	d2026a24
[    0.307548] RANDOM - random32 called.  Value: 7ba3d01e	3ca905be	d2026a24
[    0.307552] random 0000 0000 0000 5f8db4e5 4cfdf2a8: rand_read_num 3 get_random_bytes(4): sig fffffb64 5f8db4e5 4cfdf2a8
[    0.307554] random 0000 0000 0000 5f8db4e5 4cfdf2a8: extract_entropy(.. 4 ..)
[    0.307557] random 0000 0000 0000 5f8db4e5 4cfdf2a8: going to reseed nonblocking with 64 bits (32 of 0 requested)
[    0.307559] random 0000 0000 0000 5f8db4e5 4cfdf2a8: extract_entropy(.. 8 ..)
[    0.307561] random 0000 0000 0000 5f8db4e5 4cfdf2a8: trying to extract 64 bits from input
[    0.307563] random 0000 0000 0000 5f8db4e5 4cfdf2a8: debiting 0 entropy credits from input
[    0.307565] random 0000 0000 0000 5f8db4e5 4cfdf2a8: extract_entropy account returned: 0 
[    0.307568] random 0000 0000 0000 5f8db4e5 4cfdf2a8: urand_change_num 5 xfer_secondary_pool(4): pool_sig fffffb64, data_sig 00000000, bytes_mixed 0 5f8db4e5 4cfdf2a8
[    0.307571] random 0000 0000 0000 5f8db4e5 4cfdf2a8: trying to extract 32 bits from nonblocking
[    0.307573] random 0000 0000 0000 5f8db4e5 4cfdf2a8: debiting 32 entropy credits from nonblocking (unlimited)
[    0.307575] random 0000 0000 0000 5f8db4e5 4cfdf2a8: extract_entropy account returned: 4 
[    0.307580] random 0000 0000 0000 5f8db4e5 4cfdf2a8: urand_change_num 6 extract_buf: pool_sig fffffb64, data_sig 00000241, bytes_mixed 20 5f8db4e5 4cfdf2a8
[    0.307589] IP route cache hash table entries: 32768 (order: 5, 131072 bytes)
[    0.307726] RANDOM - __random32 called. Change num 8.  Value: 3d01e034	ca905be7	d4484227
[    0.307728] RANDOM - random32 called.  Value: 3d01e034	ca905be7	d4484227
[    0.307738] RANDOM - __random32 called. Change num 9.  Value: 1e034020	a905be70	844ec14a
[    0.307740] RANDOM - random32 called.  Value: 1e034020	a905be70	844ec14a
[    0.307741] RANDOM - __random32 called. Change num 10.  Value: 34020ec0	905be706	8294c719
[    0.307743] RANDOM - random32 called.  Value: 34020ec0	905be706	8294c719
[    0.307754] RANDOM - __random32 called. Change num 11.  Value: 20ec0ebb	5be7068	8e32c65f
[    0.307755] RANDOM - random32 called.  Value: 20ec0ebb	5be7068	8e32c65f
[    0.307765] TCP established hash table entries: 131072 (order: 8, 1048576 bytes)
[    0.308260] TCP bind hash table entries: 65536 (order: 6, 262144 bytes)
[    0.308446] TCP: Hash tables configured (established 131072 bind 65536)
[    0.308537] TCP reno registered
[    0.308658] NET: Registered protocol family 1
[    0.308777] RPC: Registered udp transport module.
[    0.308878] RPC: Registered tcp transport module.
[    0.308967] RPC: Registered tcp NFSv4.1 backchannel transport module.
[    0.309057] pci 0000:00:02.0: Boot video device
[    0.309271] Simple Boot Flag at 0x35 set to 0x1
[    0.309794] highmem bounce pool size: 64 pages
[    0.311356] VFS: Disk quotas dquot_6.5.2
[    0.311480] Dquot-cache hash table entries: 1024 (order 0, 4096 bytes)
[    0.312167] NTFS driver 2.1.29 [Flags: R/W].
[    0.312333] ROMFS MTD (C) 2007 Red Hat, Inc.
[    0.312543] JFS: nTxBlock = 7695, nTxLock = 61562
[    0.315014] SGI XFS with ACLs, security attributes, large block/inode numbers, no debug enabled
[    0.315508] SGI XFS Quota Management subsystem
[    0.315791] Slow work thread pool: Starting up
[    0.315941] Slow work thread pool: Ready
[    0.316042] GFS2 (built May 24 2013 02:47:17) installed
[    0.316141] msgmni has been set to 1734
[    0.316303] alg: No test for cipher_null (cipher_null-generic)
[    0.316412] alg: No test for ecb(cipher_null) (ecb-cipher_null)
[    0.316511] alg: No test for digest_null (digest_null-generic)
[    0.316613] alg: No test for compress_null (compress_null-generic)
[    0.317165] alg: No test for fcrypt (fcrypt-generic)
[    0.318579] alg: No test for stdrng (krng)
[    0.318677] async_tx: api initialized (async)
[    0.318832] Block layer SCSI generic (bsg) driver version 0.4 loaded (major 254)
[    0.318961] io scheduler noop registered
[    0.319049] io scheduler anticipatory registered
[    0.319147] io scheduler deadline registered
[    0.319280] io scheduler cfq registered (default)
[    0.319538] pcieport 0000:00:1c.0: irq 24 for MSI/MSI-X
[    0.319554] pcieport 0000:00:1c.0: setting latency timer to 64
[    0.319740] pcieport 0000:00:1c.1: irq 25 for MSI/MSI-X
[    0.319751] pcieport 0000:00:1c.1: setting latency timer to 64
[    0.319947] pcieport 0000:00:1c.2: irq 26 for MSI/MSI-X
[    0.319959] pcieport 0000:00:1c.2: setting latency timer to 64
[    0.320138] pcieport 0000:00:1c.3: irq 27 for MSI/MSI-X
[    0.320149] pcieport 0000:00:1c.3: setting latency timer to 64
[    0.320324] pcieport 0000:00:1c.4: irq 28 for MSI/MSI-X
[    0.320335] pcieport 0000:00:1c.4: setting latency timer to 64
[    0.320478] pci_hotplug: PCI Hot Plug PCI Core version: 0.5
[    0.320673] isapnp: Scanning for PnP cards...
[    0.681220] isapnp: No Plug & Play device found
[    0.681309] random 0000 0000 0000 5f8db4e5 4cfdf2a8: initializing
[    0.700833] Serial: 8250/16550 driver, 4 ports, IRQ sharing enabled
[    3.711878] floppy0: no floppy controllers found
[    3.712818] brd: module loaded
[    3.713324] loop: module loaded
[    3.713411] Compaq SMART2 Driver (v 2.6.0)
[    3.713547] HP CISS Driver (v 3.6.20)
[    3.713787] input: Macintosh mouse button emulation as /devices/virtual/input/input0
[    3.713926] Uniform Multi-Platform E-IDE driver
[    3.714153] piix 0000:00:1f.1: IDE controller (0x8086:0x2850 rev 0x03)
[    3.714258] pci 0000:00:1f.1: PCI INT C -> GSI 16 (level, low) -> IRQ 16
[    3.714361] piix 0000:00:1f.1: IDE port disabled
[    3.714456] piix 0000:00:1f.1: not 100% native mode: will probe irqs later
[    3.714566]     ide0: BM-DMA at 0x1c00-0x1c07
[    3.714674] Probing IDE interface ide0...
[    4.386098] hda: HL-DT-ST DVDRAM GSA-U10N, ATAPI CD/DVD-ROM drive
[    4.692908] hda: host max PIO4 wanted PIO255(auto-tune) selected PIO4
[    4.693677] hda: UDMA/33 mode selected
[    4.694139] ide0 at 0x1f0-0x1f7,0x3f6 on irq 14
[    4.698057] ide-gd driver 1.18
[    4.698164] ide-cd driver 5.00
[    4.699552] ide-cd: hda: ATAPI 24X DVD-ROM DVD-R/RAM CD-R/RW drive, 2048kB Cache
[    4.700039] Uniform CD-ROM driver Revision: 3.20
[    4.707066] Loading iSCSI transport class v2.0-870.
[    4.707352] rdac: device handler registered
[    4.707450] hp_sw: device handler registered
[    4.707544] emc: device handler registered
[    4.707638] alua: device handler registered
[    4.708623] Adaptec aacraid driver 1.1-5[2461]-ms
[    4.709037] scsi: <fdomain> Detection failed (no card)
[    4.709141] sym53c416.c: Version 1.0.0-ac
[    4.709249] qlogicfas: no cards were found, please specify I/O address and IRQ using iobase= and irq= options
[    4.709379] QLogic Fibre Channel HBA Driver: 8.03.01-k6
[    4.709611] iscsi: registered transport (qla4xxx)
[    4.709726] QLogic iSCSI HBA Driver
[    4.709813] Emulex LightPulse Fibre Channel SCSI driver 8.3.4
[    4.709920] Copyright(c) 2004-2009 Emulex.  All rights reserved.
[    4.731894] Failed initialization of WD-7000 SCSI card!
[    4.821336] DC390: clustering now enabled by default. If you get problems load
[    4.821457]        with "disable_clustering=1" and report to maintainers
[    4.821587] megaraid cmm: 2.20.2.7 (Release Date: Sun Jul 16 00:01:03 EST 2006)
[    4.821738] megaraid: 2.20.5.1 (Release Date: Thu Nov 16 15:32:35 EST 2006)
[    4.821861] megasas: 00.00.04.01 Thu July 24 11:41:51 PST 2008
[    4.821997] GDT-HA: Storage RAID Controller Driver. Version: 3.05
[    4.822147] 3ware Storage Controller device driver for Linux v1.26.02.002.
[    4.822266] 3ware 9000 Storage Controller device driver for Linux v2.26.02.012.
[    4.822407] nsp32: loading...
[    4.822517] ipr: IBM Power RAID SCSI Device Driver version: 2.4.3 (June 10, 2009)
[    4.822660] RocketRAID 3xxx/4xxx Controller driver v1.6 (090910)
[    4.822769] stex: Promise SuperTrak EX Driver version: 4.6.0000.3
[    4.822911] st: Version 20081215, fixed bufsize 32768, s/g segs 256
[    4.823101] ahci 0000:00:1f.2: version 3.0
[    4.823117] ahci 0000:00:1f.2: PCI INT B -> GSI 16 (level, low) -> IRQ 16
[    4.823254] ahci 0000:00:1f.2: irq 29 for MSI/MSI-X
[    4.823312] ahci 0000:00:1f.2: AHCI 0001.0100 32 slots 3 ports 1.5 Gbps 0x5 impl SATA mode
[    4.823435] ahci 0000:00:1f.2: flags: 64bit ncq sntf pm led clo pio slum part ccc 
[    4.823560] ahci 0000:00:1f.2: setting latency timer to 64
[    4.823701] scsi2 : ahci
[    4.823860] scsi3 : ahci
[    4.824022] scsi4 : ahci
[    4.824188] ata1: SATA max UDMA/133 abar m2048@0xfe226000 port 0xfe226100 irq 29
[    4.824311] ata2: DUMMY
[    4.824398] ata3: SATA max UDMA/133 abar m2048@0xfe226000 port 0xfe226200 irq 29
[    4.825022] I2O subsystem v1.325
[    4.825109] i2o: max drivers = 8
[    4.825262] I2O Configuration OSM v1.323
[    4.825364] I2O Bus Adapter OSM v1.317
[    4.825469] I2O Block Device OSM v1.325
[    4.825618] I2O SCSI Peripheral OSM v1.316
[    4.825722] I2O ProcFS OSM v1.316
[    4.825826] Fusion MPT base driver 3.04.12
[    4.825931] Copyright (c) 1999-2008 LSI Corporation
[    4.826021] Fusion MPT SPI Host driver 3.04.12
[    4.826171] Fusion MPT FC Host driver 3.04.12
[    4.826290] Fusion MPT SAS Host driver 3.04.12
[    4.826443] ohci1394 0000:15:00.1: PCI INT B -> GSI 17 (level, low) -> IRQ 17
[    4.826539] ohci1394 0000:15:00.1: setting latency timer to 64
[    4.879918] ohci1394: fw-host0: OHCI-1394 1.1 (PCI): IRQ=[17]  MMIO=[f8301000-f83017ff]  Max Packet=[2048]  IR/IT contexts=[4/4]
[    4.883196] ehci_hcd: USB 2.0 'Enhanced' Host Controller (EHCI) Driver
[    4.883465] ehci_hcd 0000:00:1a.7: power state changed by ACPI to D0
[    4.883717] ehci_hcd 0000:00:1a.7: power state changed by ACPI to D0
[    4.883816] ehci_hcd 0000:00:1a.7: PCI INT C -> GSI 22 (level, low) -> IRQ 22
[    4.883917] ehci_hcd 0000:00:1a.7: setting latency timer to 64
[    4.883921] ehci_hcd 0000:00:1a.7: EHCI Host Controller
[    4.884064] ehci_hcd 0000:00:1a.7: new USB bus registered, assigned bus number 1
[    4.888120] ehci_hcd 0000:00:1a.7: cache line size of 32 is not supported
[    4.888129] ehci_hcd 0000:00:1a.7: irq 22, io mem 0xfe226c00
[    4.897879] ehci_hcd 0000:00:1a.7: USB 2.0 started, EHCI 1.00
[    4.897982] usb usb1: New USB device found, idVendor=1d6b, idProduct=0002
[    4.898074] usb usb1: New USB device strings: Mfr=3, Product=2, SerialNumber=1
[    4.898195] usb usb1: Product: EHCI Host Controller
[    4.898283] usb usb1: Manufacturer: Linux 2.6.32.57 ehci_hcd
[    4.898373] usb usb1: SerialNumber: 0000:00:1a.7
[    4.898513] usb usb1: configuration #1 chosen from 1 choice
[    4.898634] hub 1-0:1.0: USB hub found
[    4.898731] hub 1-0:1.0: 4 ports detected
[    4.899029] ehci_hcd 0000:00:1d.7: power state changed by ACPI to D0
[    4.899280] ehci_hcd 0000:00:1d.7: power state changed by ACPI to D0
[    4.899379] ehci_hcd 0000:00:1d.7: PCI INT D -> GSI 19 (level, low) -> IRQ 19
[    4.899480] ehci_hcd 0000:00:1d.7: setting latency timer to 64
[    4.899485] ehci_hcd 0000:00:1d.7: EHCI Host Controller
[    4.899621] ehci_hcd 0000:00:1d.7: new USB bus registered, assigned bus number 2
[    4.899771] ehci_hcd 0000:00:1d.7: debug port 1
[    4.903744] ehci_hcd 0000:00:1d.7: cache line size of 32 is not supported
[    4.903753] ehci_hcd 0000:00:1d.7: irq 19, io mem 0xfe227000
[    4.913879] ehci_hcd 0000:00:1d.7: USB 2.0 started, EHCI 1.00
[    4.913994] usb usb2: New USB device found, idVendor=1d6b, idProduct=0002
[    4.914082] usb usb2: New USB device strings: Mfr=3, Product=2, SerialNumber=1
[    4.914201] usb usb2: Product: EHCI Host Controller
[    4.914301] usb usb2: Manufacturer: Linux 2.6.32.57 ehci_hcd
[    4.914394] usb usb2: SerialNumber: 0000:00:1d.7
[    4.914539] usb usb2: configuration #1 chosen from 1 choice
[    4.914665] hub 2-0:1.0: USB hub found
[    4.914755] hub 2-0:1.0: 6 ports detected
[    4.914939] 116x: driver isp116x-hcd, 03 Nov 2005
[    4.915046] ohci_hcd: USB 1.1 'Open' Host Controller (OHCI) Driver
[    4.915161] uhci_hcd: USB Universal Host Controller Interface driver
[    4.915279] uhci_hcd 0000:00:1a.0: PCI INT A -> GSI 20 (level, low) -> IRQ 20
[    4.915378] uhci_hcd 0000:00:1a.0: setting latency timer to 64
[    4.915383] uhci_hcd 0000:00:1a.0: UHCI Host Controller
[    4.915518] uhci_hcd 0000:00:1a.0: new USB bus registered, assigned bus number 3
[    4.915670] uhci_hcd 0000:00:1a.0: irq 20, io base 0x00001860
[    4.915787] usb usb3: New USB device found, idVendor=1d6b, idProduct=0001
[    4.915883] usb usb3: New USB device strings: Mfr=3, Product=2, SerialNumber=1
[    4.916011] usb usb3: Product: UHCI Host Controller
[    4.916107] usb usb3: Manufacturer: Linux 2.6.32.57 uhci_hcd
[    4.916201] usb usb3: SerialNumber: 0000:00:1a.0
[    4.916337] usb usb3: configuration #1 chosen from 1 choice
[    4.916458] hub 3-0:1.0: USB hub found
[    4.916548] hub 3-0:1.0: 2 ports detected
[    4.916845] uhci_hcd 0000:00:1a.1: power state changed by ACPI to D0
[    4.917099] uhci_hcd 0000:00:1a.1: power state changed by ACPI to D0
[    4.917196] uhci_hcd 0000:00:1a.1: PCI INT B -> GSI 21 (level, low) -> IRQ 21
[    4.917292] uhci_hcd 0000:00:1a.1: setting latency timer to 64
[    4.917297] uhci_hcd 0000:00:1a.1: UHCI Host Controller
[    4.917427] uhci_hcd 0000:00:1a.1: new USB bus registered, assigned bus number 4
[    4.917580] uhci_hcd 0000:00:1a.1: irq 21, io base 0x00001880
[    4.917702] usb usb4: New USB device found, idVendor=1d6b, idProduct=0001
[    4.917796] usb usb4: New USB device strings: Mfr=3, Product=2, SerialNumber=1
[    4.917923] usb usb4: Product: UHCI Host Controller
[    4.918017] usb usb4: Manufacturer: Linux 2.6.32.57 uhci_hcd
[    4.918111] usb usb4: SerialNumber: 0000:00:1a.1
[    4.918249] usb usb4: configuration #1 chosen from 1 choice
[    4.918366] hub 4-0:1.0: USB hub found
[    4.918456] hub 4-0:1.0: 2 ports detected
[    4.918760] uhci_hcd 0000:00:1d.0: power state changed by ACPI to D0
[    4.919001] uhci_hcd 0000:00:1d.0: power state changed by ACPI to D0
[    4.919100] uhci_hcd 0000:00:1d.0: PCI INT A -> GSI 16 (level, low) -> IRQ 16
[    4.919203] uhci_hcd 0000:00:1d.0: setting latency timer to 64
[    4.919208] uhci_hcd 0000:00:1d.0: UHCI Host Controller
[    4.919343] uhci_hcd 0000:00:1d.0: new USB bus registered, assigned bus number 5
[    4.919493] uhci_hcd 0000:00:1d.0: irq 16, io base 0x000018a0
[    4.919612] usb usb5: New USB device found, idVendor=1d6b, idProduct=0001
[    4.919708] usb usb5: New USB device strings: Mfr=3, Product=2, SerialNumber=1
[    4.919830] usb usb5: Product: UHCI Host Controller
[    4.919945] usb usb5: Manufacturer: Linux 2.6.32.57 uhci_hcd
[    4.920036] usb usb5: SerialNumber: 0000:00:1d.0
[    4.920170] usb usb5: configuration #1 chosen from 1 choice
[    4.920288] hub 5-0:1.0: USB hub found
[    4.920393] hub 5-0:1.0: 2 ports detected
[    4.920544] uhci_hcd 0000:00:1d.1: PCI INT B -> GSI 17 (level, low) -> IRQ 17
[    4.920643] uhci_hcd 0000:00:1d.1: setting latency timer to 64
[    4.920647] uhci_hcd 0000:00:1d.1: UHCI Host Controller
[    4.920784] uhci_hcd 0000:00:1d.1: new USB bus registered, assigned bus number 6
[    4.920939] uhci_hcd 0000:00:1d.1: irq 17, io base 0x000018c0
[    4.921059] usb usb6: New USB device found, idVendor=1d6b, idProduct=0001
[    4.921158] usb usb6: New USB device strings: Mfr=3, Product=2, SerialNumber=1
[    4.921280] usb usb6: Product: UHCI Host Controller
[    4.921376] usb usb6: Manufacturer: Linux 2.6.32.57 uhci_hcd
[    4.921471] usb usb6: SerialNumber: 0000:00:1d.1
[    4.921615] usb usb6: configuration #1 chosen from 1 choice
[    4.921735] hub 6-0:1.0: USB hub found
[    4.921831] hub 6-0:1.0: 2 ports detected
[    4.922144] uhci_hcd 0000:00:1d.2: power state changed by ACPI to D0
[    4.922382] uhci_hcd 0000:00:1d.2: power state changed by ACPI to D0
[    4.922480] uhci_hcd 0000:00:1d.2: PCI INT C -> GSI 18 (level, low) -> IRQ 18
[    4.922576] uhci_hcd 0000:00:1d.2: setting latency timer to 64
[    4.922581] uhci_hcd 0000:00:1d.2: UHCI Host Controller
[    4.922707] uhci_hcd 0000:00:1d.2: new USB bus registered, assigned bus number 7
[    4.922862] uhci_hcd 0000:00:1d.2: irq 18, io base 0x000018e0
[    4.922991] usb usb7: New USB device found, idVendor=1d6b, idProduct=0001
[    4.923088] usb usb7: New USB device strings: Mfr=3, Product=2, SerialNumber=1
[    4.923209] usb usb7: Product: UHCI Host Controller
[    4.923299] usb usb7: Manufacturer: Linux 2.6.32.57 uhci_hcd
[    4.923389] usb usb7: SerialNumber: 0000:00:1d.2
[    4.924185] usb usb7: configuration #1 chosen from 1 choice
[    4.924310] hub 7-0:1.0: USB hub found
[    4.924400] hub 7-0:1.0: 2 ports detected
[    4.924557] sl811: driver sl811-hcd, 19 May 2005
[    4.924661] r8a66597_hcd: driver r8a66597_hcd, 2009-05-26
[    4.924834] Initializing USB Mass Storage driver...
[    4.924967] usbcore: registered new interface driver usb-storage
[    4.925064] USB Mass Storage support registered.
[    4.925174] usbcore: registered new interface driver ums-alauda
[    4.925283] usbcore: registered new interface driver ums-cypress
[    4.925393] usbcore: registered new interface driver ums-datafab
[    4.925510] usbcore: registered new interface driver ums-freecom
[    4.925628] usbcore: registered new interface driver ums-isd200
[    4.925737] usbcore: registered new interface driver ums-jumpshot
[    4.925848] usbcore: registered new interface driver ums-karma
[    4.925986] usbcore: registered new interface driver ums-onetouch
[    4.926101] usbcore: registered new interface driver ums-sddr09
[    4.926209] usbcore: registered new interface driver ums-sddr55
[    4.926329] usbcore: registered new interface driver ums-usbat
[    4.926474] PNP: PS/2 Controller [PNP0303:KBD,PNP0f13:MOU] at 0x60,0x64 irq 1,12
[    4.934794] serio: i8042 KBD port at 0x60,0x64 irq 1
[    4.934890] serio: i8042 AUX port at 0x60,0x64 irq 12
[    4.935136] mice: PS/2 mouse device common for all mice
[    4.935249] i2c /dev entries driver
[    4.935383] md: linear personality registered for level -1
[    4.935477] md: raid0 personality registered for level 0
[    4.935567] md: raid1 personality registered for level 1
[    4.935656] md: raid10 personality registered for level 10
[    4.935743] md: raid6 personality registered for level 6
[    4.935840] md: raid5 personality registered for level 5
[    4.935951] md: raid4 personality registered for level 4
[    4.936056] md: multipath personality registered for level -4
[    4.936246] device-mapper: ioctl: 4.15.0-ioctl (2009-04-01) initialised: dm-devel@redhat.com
[    4.936453] cpuidle: using governor ladder
[    4.937060] usbcore: registered new interface driver usbhid
[    4.937156] usbhid: v2.6:USB HID core driver
[    4.937307] random 0000 0000 0000 00000000 00000000: rand_read_num 4 get_random_bytes(136): sig 00000000 00000000 00000000
[    4.937310] random 0000 0000 0000 00000000 00000000: extract_entropy(.. 136 ..)
[    4.937312] random 0000 0000 0000 00000000 00000000: going to reseed nonblocking with 1024 bits (1088 of 0 requested)
[    4.937314] random 0000 0000 0000 00000000 00000000: extract_entropy(.. 128 ..)
[    4.937317] random 0000 0000 0000 00000000 00000000: trying to extract 1024 bits from input
[    4.937319] random 0000 0000 0000 00000000 00000000: debiting 0 entropy credits from input
[    4.937321] random 0000 0000 0000 00000000 00000000: extract_entropy account returned: 0 
[    4.937324] random 0000 0000 0000 00000000 00000000: urand_change_num 7 xfer_secondary_pool(136): pool_sig 00000000, data_sig 00000000, bytes_mixed 0 00000000 00000000
[    4.937327] random 0000 0000 0000 00000000 00000000: trying to extract 1088 bits from nonblocking
[    4.937329] random 0000 0000 0000 00000000 00000000: debiting 1088 entropy credits from nonblocking (unlimited)
[    4.937331] random 0000 0000 0000 00000000 00000000: extract_entropy account returned: 136 
[    4.937336] random 0000 0000 0000 00000000 00000000: urand_change_num 8 extract_buf: pool_sig 00000000, data_sig fffffff9, bytes_mixed 20 00000000 00000000
[    4.937341] random 0000 0000 0000 b7c35b56 be4dc95d: urand_change_num 9 extract_buf: pool_sig fffffd1e, data_sig 000000c5, bytes_mixed 20 b7c35b56 be4dc95d
[    4.937347] random 0000 0000 0000 ed9f5c47 c48487fb: urand_change_num 10 extract_buf: pool_sig fffff8ec, data_sig ffffff68, bytes_mixed 20 ed9f5c47 c48487fb
[    4.937352] random 0000 0000 0000 ed9f5c47 c48487fb: urand_change_num 11 extract_buf: pool_sig fffffaed, data_sig 000001aa, bytes_mixed 20 ed9f5c47 c48487fb
[    4.937357] random 0000 0000 0000 1b4f7c0a 91bd6a48: urand_change_num 12 extract_buf: pool_sig fffffdd8, data_sig 00000064, bytes_mixed 20 1b4f7c0a 91bd6a48
[    4.937362] random 0000 0000 0000 a254b9bc 20e9a24f: urand_change_num 13 extract_buf: pool_sig fffffbe6, data_sig 000001dd, bytes_mixed 20 a254b9bc 20e9a24f
[    4.937367] random 0000 0000 0000 a254b9bc 20e9a24f: urand_change_num 14 extract_buf: pool_sig fffff940, data_sig fffffe20, bytes_mixed 20 a254b9bc 20e9a24f
[    4.937372] random 0000 0000 0000 2831a66b 5fa2a3ad: urand_change_num 15 extract_buf: pool_sig fffffbce, data_sig 0000007e, bytes_mixed 20 2831a66b 5fa2a3ad
[    4.937378] random 0000 0000 0000 2831a66b 5fa2a3ad: urand_change_num 16 extract_buf: pool_sig 000004df, data_sig fffffe8f, bytes_mixed 20 2831a66b 5fa2a3ad
[    4.937383] random 0000 0000 0000 d4512bfd c9a54e0b: urand_change_num 17 extract_buf: pool_sig 00000485, data_sig fffffe68, bytes_mixed 20 d4512bfd c9a54e0b
[    4.937388] random 0000 0000 0000 c7371be6 f9ffea11: urand_change_num 18 extract_buf: pool_sig 00000095, data_sig ffffffed, bytes_mixed 20 c7371be6 f9ffea11
[    4.937393] random 0000 0000 0000 c7371be6 f9ffea11: urand_change_num 19 extract_buf: pool_sig 000003a7, data_sig fffffefa, bytes_mixed 20 c7371be6 f9ffea11
[    4.937398] random 0000 0000 0000 8fb4b62c d1ddba54: urand_change_num 20 extract_buf: pool_sig 00000179, data_sig ffffff78, bytes_mixed 20 8fb4b62c d1ddba54
[    4.937403] random 0000 0000 0000 9ff19f9c c07a1d2a: urand_change_num 21 extract_buf: pool_sig fffffe88, data_sig 00000126, bytes_mixed 20 9ff19f9c c07a1d2a
[    4.937408] TCP cubic registered
[    4.937500] Initializing XFRM netlink socket
[    4.937604] NET: Registered protocol family 17
[    4.937702] Using IPI Shortcut mode
[    4.937795] random 0000 0000 0000 9ff19f9c c07a1d2a: rand_read_num 5 get_random_bytes(8): sig 0000031b 9ff19f9c c07a1d2a
[    4.937797] random 0000 0000 0000 9ff19f9c c07a1d2a: extract_entropy(.. 8 ..)
[    4.937799] random 0000 0000 0000 9ff19f9c c07a1d2a: going to reseed nonblocking with 64 bits (64 of 0 requested)
[    4.937801] random 0000 0000 0000 9ff19f9c c07a1d2a: extract_entropy(.. 8 ..)
[    4.937803] random 0000 0000 0000 9ff19f9c c07a1d2a: trying to extract 64 bits from input
[    4.937806] random 0000 0000 0000 9ff19f9c c07a1d2a: debiting 0 entropy credits from input
[    4.937807] random 0000 0000 0000 9ff19f9c c07a1d2a: extract_entropy account returned: 0 
[    4.937811] random 0000 0000 0000 9ff19f9c c07a1d2a: urand_change_num 22 xfer_secondary_pool(8): pool_sig 0000031b, data_sig 00000000, bytes_mixed 0 9ff19f9c c07a1d2a
[    4.937813] random 0000 0000 0000 9ff19f9c c07a1d2a: trying to extract 64 bits from nonblocking
[    4.937816] random 0000 0000 0000 9ff19f9c c07a1d2a: debiting 64 entropy credits from nonblocking (unlimited)
[    4.937818] random 0000 0000 0000 9ff19f9c c07a1d2a: extract_entropy account returned: 8 
[    4.937822] random 0000 0000 0000 9ff19f9c c07a1d2a: urand_change_num 23 extract_buf: pool_sig 0000031b, data_sig ffffffb3, bytes_mixed 20 9ff19f9c c07a1d2a
[    4.940935] input: AT Translated Set 2 keyboard as /devices/platform/i8042/serio0/input/input1
[    5.130895] ata1: SATA link up 1.5 Gbps (SStatus 113 SControl 300)
[    5.131006] ata3: SATA link down (SStatus 0 SControl 300)
[    5.133726] ata1.00: ACPI cmd ef/02:00:00:00:00:a0 (SET FEATURES) succeeded
[    5.133729] ata1.00: ACPI cmd f5/00:00:00:00:00:a0 (SECURITY FREEZE LOCK) filtered out
[    5.135120] ata1.00: ACPI cmd ef/5f:00:00:00:00:a0 (SET FEATURES) succeeded
[    5.135122] ata1.00: ACPI cmd ef/10:03:00:00:00:a0 (SET FEATURES) filtered out
[    5.137030] ata1.00: ATA-7: ST910021AS, 4.06, max UDMA/100
[    5.137122] ata1.00: 195371568 sectors, multi 16: LBA48 
[    5.139268] ata1.00: ACPI cmd ef/02:00:00:00:00:a0 (SET FEATURES) succeeded
[    5.139271] ata1.00: ACPI cmd f5/00:00:00:00:00:a0 (SECURITY FREEZE LOCK) filtered out
[    5.140665] ata1.00: ACPI cmd ef/5f:00:00:00:00:a0 (SET FEATURES) succeeded
[    5.140667] ata1.00: ACPI cmd ef/10:03:00:00:00:a0 (SET FEATURES) filtered out
[    5.142591] ata1.00: configured for UDMA/100
[    5.152943] scsi 2:0:0:0: Direct-Access     ATA      ST910021AS       4.06 PQ: 0 ANSI: 5
[    5.153226] sd 2:0:0:0: [sda] 195371568 512-byte logical blocks: (100 GB/93.1 GiB)
[    5.153378] sd 2:0:0:0: [sda] Write Protect is off
[    5.153470] sd 2:0:0:0: [sda] Mode Sense: 00 3a 00 00
[    5.153482] sd 2:0:0:0: [sda] Write cache: enabled, read cache: enabled, doesn't support DPO or FUA
[    5.153672]  sda:
[    5.217881] usb 2-1: new high speed USB device using ehci_hcd and address 2
[    5.367173] usb 2-1: New USB device found, idVendor=0e8d, idProduct=1806
[    5.367265] usb 2-1: New USB device strings: Mfr=1, Product=2, SerialNumber=3
[    5.367351] usb 2-1: Product: MT1806 
[    5.367435] usb 2-1: Manufacturer: MediaTek Inc
[    5.367523] usb 2-1: SerialNumber: R8KN6GAC800AEB 
[    5.367659] usb 2-1: configuration #1 chosen from 1 choice
[    5.373966] scsi5 : SCSI emulation for USB Mass Storage devices
[    5.374130] usb-storage: device found at 2
[    5.374132] usb-storage: waiting for device to settle before scanning
[    5.573309]  sda1 sda2
[    5.574031] sd 2:0:0:0: [sda] Attached SCSI disk
[    5.574127] random 0000 0000 0000 277f73c3 42024bb9: rand_read_num 6 get_random_bytes(12): sig 000007e9 277f73c3 42024bb9
[    5.574129] random 0000 0000 0000 277f73c3 42024bb9: extract_entropy(.. 12 ..)
[    5.574132] random 0000 0000 0000 277f73c3 42024bb9: going to reseed nonblocking with 96 bits (96 of 0 requested)
[    5.574134] random 0000 0000 0000 277f73c3 42024bb9: extract_entropy(.. 12 ..)
[    5.574136] random 0000 0000 0000 277f73c3 42024bb9: trying to extract 96 bits from input
[    5.574138] random 0000 0000 0000 277f73c3 42024bb9: debiting 0 entropy credits from input
[    5.574140] random 0000 0000 0000 277f73c3 42024bb9: extract_entropy account returned: 0 
[    5.574143] random 0000 0000 0000 277f73c3 42024bb9: urand_change_num 24 xfer_secondary_pool(12): pool_sig 000007e9, data_sig 00000000, bytes_mixed 0 277f73c3 42024bb9
[    5.574146] random 0000 0000 0000 277f73c3 42024bb9: trying to extract 96 bits from nonblocking
[    5.574148] random 0000 0000 0000 277f73c3 42024bb9: debiting 96 entropy credits from nonblocking (unlimited)
[    5.574150] random 0000 0000 0000 277f73c3 42024bb9: extract_entropy account returned: 12 
[    5.574154] random 0000 0000 0000 277f73c3 42024bb9: urand_change_num 25 extract_buf: pool_sig 000007e9, data_sig 00000088, bytes_mixed 20 277f73c3 42024bb9
[    5.574160] random 0000 0000 0000 277f73c3 42024bb9: urand_change_num 26 extract_buf: pool_sig 00000498, data_sig fffffefb, bytes_mixed 20 277f73c3 42024bb9
[    5.574163] RANDOM - __seed init called.
[    5.574164] RANDOM - __seed init called.
[    5.574165] RANDOM - __seed init called.
[    5.574166] RANDOM - __random32 called. Change num 12.  Value: 87f14767	f0d7351	b1e48bd3
[    5.574168] RANDOM - random32_reseed called.  Value: 87f14767	f0d7351	b1e48bd3
[    5.574171] Pid: 1, comm: swapper Not tainted 2.6.32.57 #3
[    5.574260] Call Trace:
[    5.574355]  [<c1923ca4>] ? random32_reseed+0xa0/0xb1
[    5.574453]  [<c1923c04>] ? random32_reseed+0x0/0xb1
[    5.574548]  [<c100111e>] ? do_one_initcall+0x2e/0x180
[    5.574642]  [<c1907265>] ? kernel_init+0xad/0x103
[    5.574730]  [<c19071b8>] ? kernel_init+0x0/0x103
[    5.574825]  [<c1003787>] ? kernel_thread_helper+0x7/0x10
[    5.575362] random 0000 0000 0000 386b4e60 ee4d4880: rand_read_num 7 get_random_bytes(64): sig fffffea5 386b4e60 ee4d4880
[    5.575365] random 0000 0000 0000 386b4e60 ee4d4880: extract_entropy(.. 64 ..)
[    5.575367] random 0000 0000 0000 386b4e60 ee4d4880: going to reseed nonblocking with 512 bits (512 of 0 requested)
[    5.575369] random 0000 0000 0000 386b4e60 ee4d4880: extract_entropy(.. 64 ..)
[    5.575371] random 0000 0000 0000 386b4e60 ee4d4880: trying to extract 512 bits from input
[    5.575373] random 0000 0000 0000 386b4e60 ee4d4880: debiting 0 entropy credits from input
[    5.575375] random 0000 0000 0000 386b4e60 ee4d4880: extract_entropy account returned: 0 
[    5.575378] random 0000 0000 0000 386b4e60 ee4d4880: urand_change_num 27 xfer_secondary_pool(64): pool_sig fffffea5, data_sig 00000000, bytes_mixed 0 386b4e60 ee4d4880
[    5.575381] random 0000 0000 0000 386b4e60 ee4d4880: trying to extract 512 bits from nonblocking
[    5.575383] random 0000 0000 0000 386b4e60 ee4d4880: debiting 512 entropy credits from nonblocking (unlimited)
[    5.575386] random 0000 0000 0000 386b4e60 ee4d4880: extract_entropy account returned: 64 
[    5.575390] random 0000 0000 0000 386b4e60 ee4d4880: urand_change_num 28 extract_buf: pool_sig fffffea5, data_sig 00000173, bytes_mixed 20 386b4e60 ee4d4880
[    5.575395] random 0000 0000 0000 412698f6 0cc8689a: urand_change_num 29 extract_buf: pool_sig 00000122, data_sig ffffff63, bytes_mixed 20 412698f6 0cc8689a
[    5.575400] random 0000 0000 0000 412698f6 0cc8689a: urand_change_num 30 extract_buf: pool_sig 000001f7, data_sig 00000012, bytes_mixed 20 412698f6 0cc8689a
[    5.575406] random 0000 0000 0000 9669941e 06f768b1: urand_change_num 31 extract_buf: pool_sig fffffb5b, data_sig 0000003f, bytes_mixed 20 9669941e 06f768b1
[    5.575411] random 0000 0000 0000 98486520 995551f0: urand_change_num 32 extract_buf: pool_sig fffffb39, data_sig 0000000e, bytes_mixed 20 98486520 995551f0
[    5.575416] random 0000 0000 0000 98486520 995551f0: urand_change_num 33 extract_buf: pool_sig fffffd8d, data_sig 000001a6, bytes_mixed 20 98486520 995551f0
[    5.575421] random 0000 0000 0000 61fc8914 d5882ed2: urand_change_num 34 extract_buf: pool_sig fffffa58, data_sig 0000023e, bytes_mixed 20 61fc8914 d5882ed2
[    5.575450] random 0000 0000 0000 61fc8914 d5882ed2: rand_read_num 8 get_random_bytes(64): sig fffff9ee 61fc8914 d5882ed2
[    5.575453] random 0000 0000 0000 61fc8914 d5882ed2: extract_entropy(.. 64 ..)
[    5.575455] random 0000 0000 0000 61fc8914 d5882ed2: going to reseed nonblocking with 512 bits (512 of 0 requested)
[    5.575457] random 0000 0000 0000 61fc8914 d5882ed2: extract_entropy(.. 64 ..)
[    5.575459] random 0000 0000 0000 61fc8914 d5882ed2: trying to extract 512 bits from input
[    5.575461] random 0000 0000 0000 61fc8914 d5882ed2: debiting 0 entropy credits from input
[    5.575463] random 0000 0000 0000 61fc8914 d5882ed2: extract_entropy account returned: 0 
[    5.575466] random 0000 0000 0000 61fc8914 d5882ed2: urand_change_num 35 xfer_secondary_pool(64): pool_sig fffff9ee, data_sig 00000000, bytes_mixed 0 61fc8914 d5882ed2
[    5.575469] random 0000 0000 0000 61fc8914 d5882ed2: trying to extract 512 bits from nonblocking
[    5.575471] random 0000 0000 0000 61fc8914 d5882ed2: debiting 512 entropy credits from nonblocking (unlimited)
[    5.575473] random 0000 0000 0000 61fc8914 d5882ed2: extract_entropy account returned: 64 
[    5.575477] random 0000 0000 0000 61fc8914 d5882ed2: urand_change_num 36 extract_buf: pool_sig fffff9ee, data_sig ffffff85, bytes_mixed 20 61fc8914 d5882ed2
[    5.575483] random 0000 0000 0000 70cfd302 e5edec11: urand_change_num 37 extract_buf: pool_sig fffffdc1, data_sig ffffffde, bytes_mixed 20 70cfd302 e5edec11
[    5.575488] random 0000 0000 0000 00dab838 eafd2b30: urand_change_num 38 extract_buf: pool_sig 000003da, data_sig ffffff61, bytes_mixed 20 00dab838 eafd2b30
[    5.575493] random 0000 0000 0000 00dab838 eafd2b30: urand_change_num 39 extract_buf: pool_sig 00000314, data_sig 00000121, bytes_mixed 20 00dab838 eafd2b30
[    5.575498] random 0000 0000 0000 5fcdf66a 6442b608: urand_change_num 40 extract_buf: pool_sig 0000028b, data_sig fffffefd, bytes_mixed 20 5fcdf66a 6442b608
[    5.575503] random 0000 0000 0000 61333f6b 8fae0f9b: urand_change_num 41 extract_buf: pool_sig 000000cb, data_sig 000000b3, bytes_mixed 20 61333f6b 8fae0f9b
[    5.575509] random 0000 0000 0000 61333f6b 8fae0f9b: urand_change_num 42 extract_buf: pool_sig fffffef8, data_sig 00000051, bytes_mixed 20 61333f6b 8fae0f9b
[    5.575511] BEGIN NET_SECRET:
[    5.575512] \xffffffe0
[    5.575513] \xffffffb6
[    5.575514] \x36
[    5.575515] \xffffffb5
[    5.575516] \xffffff94
[    5.575517] \xffffffb2
[    5.575517] \xffffffa8
[    5.575518] \xffffffda
[    5.575519] \x5b
[    5.575520] \x19
[    5.575520] \x18
[    5.575521] \x5c
[    5.575522] \x2b
[    5.575523] \x1
[    5.575523] \xffffff90
[    5.575524] \x19
[    5.575525] \x3c
[    5.575526] \xfffffff2
[    5.575526] \xffffff82
[    5.575527] \x2a
[    5.575528] \xffffffb3
[    5.575529] \xffffffa2
[    5.575530] \x3f
[    5.575530] \x5
[    5.575531] \x52
[    5.575532] \x77
[    5.575532] \x57
[    5.575533] \x79
[    5.575534] \x16
[    5.575534] \x43
[    5.575535] \xffffff84
[    5.575536] \xffffffc3
[    5.575537] \xffffffe9
[    5.575538] \x79
[    5.575538] \x50
[    5.575539] \xffffff8e
[    5.575540] \x3f
[    5.575541] \xfffffff3
[    5.575541] \x19
[    5.575542] \x2a
[    5.575543] \xfffffffd
[    5.575543] \xfffffffb
[    5.575544] \x62
[    5.575545] \x3c
[    5.575546] \xffffffac
[    5.575547] \x1c
[    5.575547] \x3b
[    5.575548] \x3b
[    5.575549] \x15
[    5.575549] \x27
[    5.575550] \xffffffa8
[    5.575551] \x22
[    5.575552] \xffffffc5
[    5.575552] \xffffff9a
[    5.575553] \x5
[    5.575554] \x6c
[    5.575555] \xffffffa8
[    5.575555] \x3a
[    5.575556] \x44
[    5.575557] \xffffffaf
[    5.575557] \x13
[    5.575558] \xffffffe0
[    5.575559] \xffffff9d
[    5.575560] \x22
[    5.575561] 
[    5.575561] END NET_SECRET
[    5.575564] random 0000 0000 0000 e7f555d9 e8ce5c3c: rand_read_num 9 get_random_bytes(4): sig 0000068c e7f555d9 e8ce5c3c
[    5.575566] random 0000 0000 0000 e7f555d9 e8ce5c3c: extract_entropy(.. 4 ..)
[    5.575568] random 0000 0000 0000 e7f555d9 e8ce5c3c: going to reseed nonblocking with 64 bits (32 of 0 requested)
[    5.575570] random 0000 0000 0000 e7f555d9 e8ce5c3c: extract_entropy(.. 8 ..)
[    5.575572] random 0000 0000 0000 e7f555d9 e8ce5c3c: trying to extract 64 bits from input
[    5.575574] random 0000 0000 0000 e7f555d9 e8ce5c3c: debiting 0 entropy credits from input
[    5.575576] random 0000 0000 0000 e7f555d9 e8ce5c3c: extract_entropy account returned: 0 
[    5.575579] random 0000 0000 0000 e7f555d9 e8ce5c3c: urand_change_num 43 xfer_secondary_pool(4): pool_sig 0000068c, data_sig 00000000, bytes_mixed 0 e7f555d9 e8ce5c3c
[    5.575582] random 0000 0000 0000 e7f555d9 e8ce5c3c: trying to extract 32 bits from nonblocking
[    5.575584] random 0000 0000 0000 e7f555d9 e8ce5c3c: debiting 32 entropy credits from nonblocking (unlimited)
[    5.575586] random 0000 0000 0000 e7f555d9 e8ce5c3c: extract_entropy account returned: 4 
[    5.575590] random 0000 0000 0000 e7f555d9 e8ce5c3c: urand_change_num 44 extract_buf: pool_sig 0000068c, data_sig fffffdcb, bytes_mixed 20 e7f555d9 e8ce5c3c
[    5.575602] md: Waiting for all devices to be available before autodetect
[    5.575699] md: If you don't use raid, use raid=noautodetect
[    5.575864] md: Autodetecting RAID arrays.
[    5.575960] md: Scanned 0 and added 0 devices.
[    5.576047] md: autorun ...
[    5.576134] md: ... autorun DONE.
[    5.606053] EXT3-fs: sda2: couldn't mount because of unsupported optional features (240).
[    5.606285] EXT2-fs: sda2: couldn't mount because of unsupported optional features (240).
[    5.607557] random 0000 0000 0000 e7f555d9 e8ce5c3c: rand_read_num 10 get_random_bytes(4): sig ffffff72 e7f555d9 e8ce5c3c
[    5.607560] random 0000 0000 0000 e7f555d9 e8ce5c3c: extract_entropy(.. 4 ..)
[    5.607562] random 0000 0000 0000 e7f555d9 e8ce5c3c: going to reseed nonblocking with 64 bits (32 of 0 requested)
[    5.607564] random 0000 0000 0000 e7f555d9 e8ce5c3c: extract_entropy(.. 8 ..)
[    5.607566] random 0000 0000 0000 e7f555d9 e8ce5c3c: trying to extract 64 bits from input
[    5.607568] random 0000 0000 0000 e7f555d9 e8ce5c3c: debiting 0 entropy credits from input
[    5.607570] random 0000 0000 0000 e7f555d9 e8ce5c3c: extract_entropy account returned: 0 
[    5.607573] random 0000 0000 0000 e7f555d9 e8ce5c3c: urand_change_num 45 xfer_secondary_pool(4): pool_sig ffffff72, data_sig 00000000, bytes_mixed 0 e7f555d9 e8ce5c3c
[    5.607576] random 0000 0000 0000 e7f555d9 e8ce5c3c: trying to extract 32 bits from nonblocking
[    5.607579] random 0000 0000 0000 e7f555d9 e8ce5c3c: debiting 32 entropy credits from nonblocking (unlimited)
[    5.607581] random 0000 0000 0000 e7f555d9 e8ce5c3c: extract_entropy account returned: 4 
[    5.607585] random 0000 0000 0000 e7f555d9 e8ce5c3c: urand_change_num 46 extract_buf: pool_sig ffffff72, data_sig ffffff72, bytes_mixed 20 e7f555d9 e8ce5c3c
[    5.635819] EXT4-fs (sda2): mounted filesystem with ordered data mode
[    5.636026] VFS: Mounted root (ext4 filesystem) readonly on device 8:2.
[    5.636130] Freeing unused kernel memory: 448k freed
[    5.714713] random 0000 0000 0000 91716c54 eeb6a1e7: rand_read_num 11 get_random_bytes(16): sig fffffcad 91716c54 eeb6a1e7
[    5.714715] random 0000 0000 0000 91716c54 eeb6a1e7: extract_entropy(.. 16 ..)
[    5.714718] random 0000 0000 0000 91716c54 eeb6a1e7: going to reseed nonblocking with 128 bits (128 of 0 requested)
[    5.714720] random 0000 0000 0000 91716c54 eeb6a1e7: extract_entropy(.. 16 ..)
[    5.714722] random 0000 0000 0000 91716c54 eeb6a1e7: trying to extract 128 bits from input
[    5.714724] random 0000 0000 0000 91716c54 eeb6a1e7: debiting 0 entropy credits from input
[    5.714726] random 0000 0000 0000 91716c54 eeb6a1e7: extract_entropy account returned: 0 
[    5.714729] random 0000 0000 0000 91716c54 eeb6a1e7: urand_change_num 47 xfer_secondary_pool(16): pool_sig fffffcad, data_sig 00000000, bytes_mixed 0 91716c54 eeb6a1e7
[    5.714732] random 0000 0000 0000 91716c54 eeb6a1e7: trying to extract 128 bits from nonblocking
[    5.714734] random 0000 0000 0000 91716c54 eeb6a1e7: debiting 128 entropy credits from nonblocking (unlimited)
[    5.714737] random 0000 0000 0000 91716c54 eeb6a1e7: extract_entropy account returned: 16 
[    5.714741] random 0000 0000 0000 91716c54 eeb6a1e7: urand_change_num 48 extract_buf: pool_sig fffffcad, data_sig ffffff19, bytes_mixed 20 91716c54 eeb6a1e7
[    5.714746] random 0000 0000 0000 fd637b06 6cf47bc1: urand_change_num 49 extract_buf: pool_sig fffffede, data_sig ffffffc1, bytes_mixed 20 fd637b06 6cf47bc1
[    5.801463] random 0000 0000 0000 fd637b06 6cf47bc1: rand_read_num 12 get_random_bytes(16): sig 0000033b fd637b06 6cf47bc1
[    5.801465] random 0000 0000 0000 fd637b06 6cf47bc1: extract_entropy(.. 16 ..)
[    5.801468] random 0000 0000 0000 fd637b06 6cf47bc1: going to reseed nonblocking with 128 bits (128 of 0 requested)
[    5.801470] random 0000 0000 0000 fd637b06 6cf47bc1: extract_entropy(.. 16 ..)
[    5.801473] random 0000 0000 0000 fd637b06 6cf47bc1: trying to extract 128 bits from input
[    5.801475] random 0000 0000 0000 fd637b06 6cf47bc1: debiting 0 entropy credits from input
[    5.801477] random 0000 0000 0000 fd637b06 6cf47bc1: extract_entropy account returned: 0 
[    5.801480] random 0000 0000 0000 fd637b06 6cf47bc1: urand_change_num 50 xfer_secondary_pool(16): pool_sig 0000033b, data_sig 00000000, bytes_mixed 0 fd637b06 6cf47bc1
[    5.801483] random 0000 0000 0000 fd637b06 6cf47bc1: trying to extract 128 bits from nonblocking
[    5.801485] random 0000 0000 0000 fd637b06 6cf47bc1: debiting 128 entropy credits from nonblocking (unlimited)
[    5.801487] random 0000 0000 0000 fd637b06 6cf47bc1: extract_entropy account returned: 16 
[    5.801491] random 0000 0000 0000 fd637b06 6cf47bc1: urand_change_num 51 extract_buf: pool_sig 0000033b, data_sig 000000d8, bytes_mixed 20 fd637b06 6cf47bc1
[    5.801497] random 0000 0000 0000 0ec1f012 d4727ca8: urand_change_num 52 extract_buf: pool_sig fffffcf5, data_sig 00000016, bytes_mixed 20 0ec1f012 d4727ca8
[    6.164703] ieee1394: Host added: ID:BUS[0-00:1023]  GUID[00061b032a25f51c]
[    6.175394] random 0000 0000 0000 45b1d0b1 845a73f7: rand_read_num 13 get_random_bytes(16): sig 00000116 45b1d0b1 845a73f7
[    6.175397] random 0000 0000 0000 45b1d0b1 845a73f7: extract_entropy(.. 16 ..)
[    6.175400] random 0000 0000 0000 45b1d0b1 845a73f7: going to reseed nonblocking with 128 bits (128 of 0 requested)
[    6.175402] random 0000 0000 0000 45b1d0b1 845a73f7: extract_entropy(.. 16 ..)
[    6.175404] random 0000 0000 0000 45b1d0b1 845a73f7: trying to extract 128 bits from input
[    6.175406] random 0000 0000 0000 45b1d0b1 845a73f7: debiting 0 entropy credits from input
[    6.175408] random 0000 0000 0000 45b1d0b1 845a73f7: extract_entropy account returned: 0 
[    6.175411] random 0000 0000 0000 45b1d0b1 845a73f7: urand_change_num 53 xfer_secondary_pool(16): pool_sig 00000116, data_sig 00000000, bytes_mixed 0 45b1d0b1 845a73f7
[    6.175414] random 0000 0000 0000 45b1d0b1 845a73f7: trying to extract 128 bits from nonblocking
[    6.175417] random 0000 0000 0000 45b1d0b1 845a73f7: debiting 128 entropy credits from nonblocking (unlimited)
[    6.175419] random 0000 0000 0000 45b1d0b1 845a73f7: extract_entropy account returned: 16 
[    6.175423] random 0000 0000 0000 45b1d0b1 845a73f7: urand_change_num 54 extract_buf: pool_sig 00000116, data_sig fffffd8b, bytes_mixed 20 45b1d0b1 845a73f7
[    6.175428] random 0000 0000 0000 45b1d0b1 845a73f7: urand_change_num 55 extract_buf: pool_sig fffffc05, data_sig 00000109, bytes_mixed 20 45b1d0b1 845a73f7
[    6.227897] random 0000 0000 0000 5012cce3 b8a30621: rand_read_num 14 get_random_bytes(16): sig fffffb93 5012cce3 b8a30621
[    6.227900] random 0000 0000 0000 5012cce3 b8a30621: extract_entropy(.. 16 ..)
[    6.227902] random 0000 0000 0000 5012cce3 b8a30621: going to reseed nonblocking with 128 bits (128 of 0 requested)
[    6.227905] random 0000 0000 0000 5012cce3 b8a30621: extract_entropy(.. 16 ..)
[    6.227907] random 0000 0000 0000 5012cce3 b8a30621: trying to extract 128 bits from input
[    6.227909] random 0000 0000 0000 5012cce3 b8a30621: debiting 0 entropy credits from input
[    6.227911] random 0000 0000 0000 5012cce3 b8a30621: extract_entropy account returned: 0 
[    6.227914] random 0000 0000 0000 5012cce3 b8a30621: urand_change_num 56 xfer_secondary_pool(16): pool_sig fffffb93, data_sig 00000000, bytes_mixed 0 5012cce3 b8a30621
[    6.227917] random 0000 0000 0000 5012cce3 b8a30621: trying to extract 128 bits from nonblocking
[    6.227919] random 0000 0000 0000 5012cce3 b8a30621: debiting 128 entropy credits from nonblocking (unlimited)
[    6.227921] random 0000 0000 0000 5012cce3 b8a30621: extract_entropy account returned: 16 
[    6.227925] random 0000 0000 0000 5012cce3 b8a30621: urand_change_num 57 extract_buf: pool_sig fffffb93, data_sig ffffff35, bytes_mixed 20 5012cce3 b8a30621
[    6.227931] random 0000 0000 0000 5012cce3 b8a30621: urand_change_num 58 extract_buf: pool_sig fffffb9d, data_sig ffffff92, bytes_mixed 20 5012cce3 b8a30621
[    6.229296] random 0000 0000 0000 30a5721d 4b648ff6: rand_read_num 15 get_random_bytes(16): sig fffffeb5 30a5721d 4b648ff6
[    6.229299] random 0000 0000 0000 30a5721d 4b648ff6: extract_entropy(.. 16 ..)
[    6.229301] random 0000 0000 0000 30a5721d 4b648ff6: going to reseed nonblocking with 128 bits (128 of 0 requested)
[    6.229304] random 0000 0000 0000 30a5721d 4b648ff6: extract_entropy(.. 16 ..)
[    6.229306] random 0000 0000 0000 30a5721d 4b648ff6: trying to extract 128 bits from input
[    6.229308] random 0000 0000 0000 30a5721d 4b648ff6: debiting 0 entropy credits from input
[    6.229310] random 0000 0000 0000 30a5721d 4b648ff6: extract_entropy account returned: 0 
[    6.229313] random 0000 0000 0000 30a5721d 4b648ff6: urand_change_num 59 xfer_secondary_pool(16): pool_sig fffffeb5, data_sig 00000000, bytes_mixed 0 30a5721d 4b648ff6
[    6.229316] random 0000 0000 0000 30a5721d 4b648ff6: trying to extract 128 bits from nonblocking
[    6.229318] random 0000 0000 0000 30a5721d 4b648ff6: debiting 128 entropy credits from nonblocking (unlimited)
[    6.229320] random 0000 0000 0000 30a5721d 4b648ff6: extract_entropy account returned: 16 
[    6.229324] random 0000 0000 0000 30a5721d 4b648ff6: urand_change_num 60 extract_buf: pool_sig fffffeb5, data_sig 000000c2, bytes_mixed 20 30a5721d 4b648ff6
[    6.229330] random 0000 0000 0000 89bae1ab 704c432f: urand_change_num 61 extract_buf: pool_sig 0000006e, data_sig fffffefc, bytes_mixed 20 89bae1ab 704c432f
[    6.229880] random 0000 0000 0000 89bae1ab 704c432f: rand_read_num 16 get_random_bytes(16): sig fffffd99 89bae1ab 704c432f
[    6.229883] random 0000 0000 0000 89bae1ab 704c432f: extract_entropy(.. 16 ..)
[    6.229885] random 0000 0000 0000 89bae1ab 704c432f: going to reseed nonblocking with 128 bits (128 of 0 requested)
[    6.229888] random 0000 0000 0000 89bae1ab 704c432f: extract_entropy(.. 16 ..)
[    6.229890] random 0000 0000 0000 89bae1ab 704c432f: trying to extract 128 bits from input
[    6.229892] random 0000 0000 0000 89bae1ab 704c432f: debiting 0 entropy credits from input
[    6.229894] random 0000 0000 0000 89bae1ab 704c432f: extract_entropy account returned: 0 
[    6.229897] random 0000 0000 0000 89bae1ab 704c432f: urand_change_num 62 xfer_secondary_pool(16): pool_sig fffffd99, data_sig 00000000, bytes_mixed 0 89bae1ab 704c432f
[    6.229900] random 0000 0000 0000 89bae1ab 704c432f: trying to extract 128 bits from nonblocking
[    6.229902] random 0000 0000 0000 89bae1ab 704c432f: debiting 128 entropy credits from nonblocking (unlimited)
[    6.229904] random 0000 0000 0000 89bae1ab 704c432f: extract_entropy account returned: 16 
[    6.229908] random 0000 0000 0000 89bae1ab 704c432f: urand_change_num 63 extract_buf: pool_sig fffffd99, data_sig 00000204, bytes_mixed 20 89bae1ab 704c432f
[    6.229914] random 0000 0000 0000 6c298a02 2b1539f8: urand_change_num 64 extract_buf: pool_sig 00000124, data_sig fffffff5, bytes_mixed 20 6c298a02 2b1539f8
[    6.230804] random 0000 0000 0000 c77b8b35 70f6cab5: rand_read_num 17 get_random_bytes(16): sig 0000036b c77b8b35 70f6cab5
[    6.230807] random 0000 0000 0000 c77b8b35 70f6cab5: extract_entropy(.. 16 ..)
[    6.230810] random 0000 0000 0000 c77b8b35 70f6cab5: going to reseed nonblocking with 128 bits (128 of 0 requested)
[    6.230812] random 0000 0000 0000 c77b8b35 70f6cab5: extract_entropy(.. 16 ..)
[    6.230814] random 0000 0000 0000 c77b8b35 70f6cab5: trying to extract 128 bits from input
[    6.230816] random 0000 0000 0000 c77b8b35 70f6cab5: debiting 0 entropy credits from input
[    6.230818] random 0000 0000 0000 c77b8b35 70f6cab5: extract_entropy account returned: 0 
[    6.230821] random 0000 0000 0000 c77b8b35 70f6cab5: urand_change_num 65 xfer_secondary_pool(16): pool_sig 0000036b, data_sig 00000000, bytes_mixed 0 c77b8b35 70f6cab5
[    6.230824] random 0000 0000 0000 c77b8b35 70f6cab5: trying to extract 128 bits from nonblocking
[    6.230827] random 0000 0000 0000 c77b8b35 70f6cab5: debiting 128 entropy credits from nonblocking (unlimited)
[    6.230829] random 0000 0000 0000 c77b8b35 70f6cab5: extract_entropy account returned: 16 
[    6.230833] random 0000 0000 0000 c77b8b35 70f6cab5: urand_change_num 66 extract_buf: pool_sig 0000036b, data_sig 0000005f, bytes_mixed 20 c77b8b35 70f6cab5
[    6.230838] random 0000 0000 0000 c77b8b35 70f6cab5: urand_change_num 67 extract_buf: pool_sig ffffff1c, data_sig 0000005a, bytes_mixed 20 c77b8b35 70f6cab5
[    6.231435] random 0000 0000 0000 af21d212 57d20ca3: rand_read_num 18 get_random_bytes(16): sig fffffb7f af21d212 57d20ca3
[    6.231438] random 0000 0000 0000 af21d212 57d20ca3: extract_entropy(.. 16 ..)
[    6.231441] random 0000 0000 0000 af21d212 57d20ca3: going to reseed nonblocking with 128 bits (128 of 0 requested)
[    6.231443] random 0000 0000 0000 af21d212 57d20ca3: extract_entropy(.. 16 ..)
[    6.231445] random 0000 0000 0000 af21d212 57d20ca3: trying to extract 128 bits from input
[    6.231447] random 0000 0000 0000 af21d212 57d20ca3: debiting 0 entropy credits from input
[    6.231449] random 0000 0000 0000 af21d212 57d20ca3: extract_entropy account returned: 0 
[    6.231452] random 0000 0000 0000 af21d212 57d20ca3: urand_change_num 68 xfer_secondary_pool(16): pool_sig fffffb7f, data_sig 00000000, bytes_mixed 0 af21d212 57d20ca3
[    6.231455] random 0000 0000 0000 af21d212 57d20ca3: trying to extract 128 bits from nonblocking
[    6.231457] random 0000 0000 0000 af21d212 57d20ca3: debiting 128 entropy credits from nonblocking (unlimited)
[    6.231460] random 0000 0000 0000 af21d212 57d20ca3: extract_entropy account returned: 16 
[    6.231464] random 0000 0000 0000 af21d212 57d20ca3: urand_change_num 69 extract_buf: pool_sig fffffb7f, data_sig ffffff88, bytes_mixed 20 af21d212 57d20ca3
[    6.231469] random 0000 0000 0000 af21d212 57d20ca3: urand_change_num 70 extract_buf: pool_sig fffffe1d, data_sig ffffff17, bytes_mixed 20 af21d212 57d20ca3
[    6.232064] random 0000 0000 0000 ffbd26fd 21933274: rand_read_num 19 get_random_bytes(16): sig ffffffc7 ffbd26fd 21933274
[    6.232067] random 0000 0000 0000 ffbd26fd 21933274: extract_entropy(.. 16 ..)
[    6.232069] random 0000 0000 0000 ffbd26fd 21933274: going to reseed nonblocking with 128 bits (128 of 0 requested)
[    6.232072] random 0000 0000 0000 ffbd26fd 21933274: extract_entropy(.. 16 ..)
[    6.232074] random 0000 0000 0000 ffbd26fd 21933274: trying to extract 128 bits from input
[    6.232076] random 0000 0000 0000 ffbd26fd 21933274: debiting 0 entropy credits from input
[    6.232078] random 0000 0000 0000 ffbd26fd 21933274: extract_entropy account returned: 0 
[    6.232081] random 0000 0000 0000 ffbd26fd 21933274: urand_change_num 71 xfer_secondary_pool(16): pool_sig ffffffc7, data_sig 00000000, bytes_mixed 0 ffbd26fd 21933274
[    6.232084] random 0000 0000 0000 ffbd26fd 21933274: trying to extract 128 bits from nonblocking
[    6.232086] random 0000 0000 0000 ffbd26fd 21933274: debiting 128 entropy credits from nonblocking (unlimited)
[    6.232088] random 0000 0000 0000 ffbd26fd 21933274: extract_entropy account returned: 16 
[    6.232093] random 0000 0000 0000 ffbd26fd 21933274: urand_change_num 72 extract_buf: pool_sig ffffffc7, data_sig 0000013b, bytes_mixed 20 ffbd26fd 21933274
[    6.232098] random 0000 0000 0000 151530a2 56c65dd3: urand_change_num 73 extract_buf: pool_sig ffffffbf, data_sig 00000036, bytes_mixed 20 151530a2 56c65dd3
[    6.232651] random 0000 0000 0000 151530a2 56c65dd3: rand_read_num 20 get_random_bytes(16): sig 000001a7 151530a2 56c65dd3
[    6.232654] random 0000 0000 0000 151530a2 56c65dd3: extract_entropy(.. 16 ..)
[    6.232657] random 0000 0000 0000 151530a2 56c65dd3: going to reseed nonblocking with 128 bits (128 of 0 requested)
[    6.232659] random 0000 0000 0000 151530a2 56c65dd3: extract_entropy(.. 16 ..)
[    6.232662] random 0000 0000 0000 151530a2 56c65dd3: trying to extract 128 bits from input
[    6.232664] random 0000 0000 0000 151530a2 56c65dd3: debiting 0 entropy credits from input
[    6.232666] random 0000 0000 0000 151530a2 56c65dd3: extract_entropy account returned: 0 
[    6.232669] random 0000 0000 0000 151530a2 56c65dd3: urand_change_num 74 xfer_secondary_pool(16): pool_sig 000001a7, data_sig 00000000, bytes_mixed 0 151530a2 56c65dd3
[    6.232672] random 0000 0000 0000 151530a2 56c65dd3: trying to extract 128 bits from nonblocking
[    6.232674] random 0000 0000 0000 151530a2 56c65dd3: debiting 128 entropy credits from nonblocking (unlimited)
[    6.232676] random 0000 0000 0000 151530a2 56c65dd3: extract_entropy account returned: 16 
[    6.232680] random 0000 0000 0000 151530a2 56c65dd3: urand_change_num 75 extract_buf: pool_sig 000001a7, data_sig ffffffa1, bytes_mixed 20 151530a2 56c65dd3
[    6.232685] random 0000 0000 0000 5d3e132e d9a77eb3: urand_change_num 76 extract_buf: pool_sig fffffcc9, data_sig 00000013, bytes_mixed 20 5d3e132e d9a77eb3
[    6.283707] random 0000 0000 0000 264837ad 0a28fef5: rand_read_num 21 get_random_bytes(16): sig ffffffd0 264837ad 0a28fef5
[    6.283710] random 0000 0000 0000 264837ad 0a28fef5: extract_entropy(.. 16 ..)
[    6.283713] random 0000 0000 0000 264837ad 0a28fef5: going to reseed nonblocking with 128 bits (128 of 0 requested)
[    6.283716] random 0000 0000 0000 264837ad 0a28fef5: extract_entropy(.. 16 ..)
[    6.283718] random 0000 0000 0000 264837ad 0a28fef5: trying to extract 128 bits from input
[    6.283720] random 0000 0000 0000 264837ad 0a28fef5: debiting 0 entropy credits from input
[    6.283722] random 0000 0000 0000 264837ad 0a28fef5: extract_entropy account returned: 0 
[    6.283725] random 0000 0000 0000 264837ad 0a28fef5: urand_change_num 77 xfer_secondary_pool(16): pool_sig ffffffd0, data_sig 00000000, bytes_mixed 0 264837ad 0a28fef5
[    6.283728] random 0000 0000 0000 264837ad 0a28fef5: trying to extract 128 bits from nonblocking
[    6.283731] random 0000 0000 0000 264837ad 0a28fef5: debiting 128 entropy credits from nonblocking (unlimited)
[    6.283733] random 0000 0000 0000 264837ad 0a28fef5: extract_entropy account returned: 16 
[    6.283737] random 0000 0000 0000 264837ad 0a28fef5: urand_change_num 78 extract_buf: pool_sig ffffffd0, data_sig 0000017b, bytes_mixed 20 264837ad 0a28fef5
[    6.283742] random 0000 0000 0000 264837ad 0a28fef5: urand_change_num 79 extract_buf: pool_sig 0000045c, data_sig 000001df, bytes_mixed 20 264837ad 0a28fef5
[    6.285203] random 0000 0000 0000 f37f7344 164aede0: rand_read_num 22 get_random_bytes(16): sig 000003c2 f37f7344 164aede0
[    6.285205] random 0000 0000 0000 f37f7344 164aede0: extract_entropy(.. 16 ..)
[    6.285208] random 0000 0000 0000 f37f7344 164aede0: going to reseed nonblocking with 128 bits (128 of 0 requested)
[    6.285210] random 0000 0000 0000 f37f7344 164aede0: extract_entropy(.. 16 ..)
[    6.285212] random 0000 0000 0000 f37f7344 164aede0: trying to extract 128 bits from input
[    6.285214] random 0000 0000 0000 f37f7344 164aede0: debiting 0 entropy credits from input
[    6.285216] random 0000 0000 0000 f37f7344 164aede0: extract_entropy account returned: 0 
[    6.285220] random 0000 0000 0000 f37f7344 164aede0: urand_change_num 80 xfer_secondary_pool(16): pool_sig 000003c2, data_sig 00000000, bytes_mixed 0 f37f7344 164aede0
[    6.285222] random 0000 0000 0000 f37f7344 164aede0: trying to extract 128 bits from nonblocking
[    6.285225] random 0000 0000 0000 f37f7344 164aede0: debiting 128 entropy credits from nonblocking (unlimited)
[    6.285227] random 0000 0000 0000 f37f7344 164aede0: extract_entropy account returned: 16 
[    6.285231] random 0000 0000 0000 f37f7344 164aede0: urand_change_num 81 extract_buf: pool_sig 000003c2, data_sig ffffff6c, bytes_mixed 20 f37f7344 164aede0
[    6.285236] random 0000 0000 0000 f37f7344 164aede0: urand_change_num 82 extract_buf: pool_sig fffffdfc, data_sig 00000091, bytes_mixed 20 f37f7344 164aede0
[    6.308012] random 0000 0000 0000 a4794863 878070c1: rand_read_num 23 get_random_bytes(16): sig 0000011b a4794863 878070c1
[    6.308015] random 0000 0000 0000 a4794863 878070c1: extract_entropy(.. 16 ..)
[    6.308017] random 0000 0000 0000 a4794863 878070c1: going to reseed nonblocking with 128 bits (128 of 0 requested)
[    6.308020] random 0000 0000 0000 a4794863 878070c1: extract_entropy(.. 16 ..)
[    6.308022] random 0000 0000 0000 a4794863 878070c1: trying to extract 128 bits from input
[    6.308024] random 0000 0000 0000 a4794863 878070c1: debiting 0 entropy credits from input
[    6.308026] random 0000 0000 0000 a4794863 878070c1: extract_entropy account returned: 0 
[    6.308029] random 0000 0000 0000 a4794863 878070c1: urand_change_num 83 xfer_secondary_pool(16): pool_sig 0000011b, data_sig 00000000, bytes_mixed 0 a4794863 878070c1
[    6.308032] random 0000 0000 0000 a4794863 878070c1: trying to extract 128 bits from nonblocking
[    6.308034] random 0000 0000 0000 a4794863 878070c1: debiting 128 entropy credits from nonblocking (unlimited)
[    6.308036] random 0000 0000 0000 a4794863 878070c1: extract_entropy account returned: 16 
[    6.308041] random 0000 0000 0000 a4794863 878070c1: urand_change_num 84 extract_buf: pool_sig 0000011b, data_sig ffffff51, bytes_mixed 20 a4794863 878070c1
[    6.308046] random 0000 0000 0000 737f19b4 9417d8ab: urand_change_num 85 extract_buf: pool_sig 000001a3, data_sig 0000006c, bytes_mixed 20 737f19b4 9417d8ab
[    6.312105] random 0000 0000 0000 737f19b4 9417d8ab: rand_read_num 24 get_random_bytes(16): sig fffffe22 737f19b4 9417d8ab
[    6.312108] random 0000 0000 0000 737f19b4 9417d8ab: extract_entropy(.. 16 ..)
[    6.312110] random 0000 0000 0000 737f19b4 9417d8ab: going to reseed nonblocking with 128 bits (128 of 0 requested)
[    6.312112] random 0000 0000 0000 737f19b4 9417d8ab: extract_entropy(.. 16 ..)
[    6.312114] random 0000 0000 0000 737f19b4 9417d8ab: trying to extract 128 bits from input
[    6.312117] random 0000 0000 0000 737f19b4 9417d8ab: debiting 0 entropy credits from input
[    6.312119] random 0000 0000 0000 737f19b4 9417d8ab: extract_entropy account returned: 0 
[    6.312122] random 0000 0000 0000 737f19b4 9417d8ab: urand_change_num 86 xfer_secondary_pool(16): pool_sig fffffe22, data_sig 00000000, bytes_mixed 0 737f19b4 9417d8ab
[    6.312125] random 0000 0000 0000 737f19b4 9417d8ab: trying to extract 128 bits from nonblocking
[    6.312127] random 0000 0000 0000 737f19b4 9417d8ab: debiting 128 entropy credits from nonblocking (unlimited)
[    6.312129] random 0000 0000 0000 737f19b4 9417d8ab: extract_entropy account returned: 16 
[    6.312133] random 0000 0000 0000 737f19b4 9417d8ab: urand_change_num 87 extract_buf: pool_sig fffffe22, data_sig 00000230, bytes_mixed 20 737f19b4 9417d8ab
[    6.312138] random 0000 0000 0000 4deb0d06 1236af4c: urand_change_num 88 extract_buf: pool_sig 000000b6, data_sig ffffff44, bytes_mixed 20 4deb0d06 1236af4c
[    6.313138] random 0000 0000 0000 b538fadc 4a7613df: rand_read_num 25 get_random_bytes(16): sig 0000013c b538fadc 4a7613df
[    6.313141] random 0000 0000 0000 b538fadc 4a7613df: extract_entropy(.. 16 ..)
[    6.313143] random 0000 0000 0000 b538fadc 4a7613df: going to reseed nonblocking with 128 bits (128 of 0 requested)
[    6.313145] random 0000 0000 0000 b538fadc 4a7613df: extract_entropy(.. 16 ..)
[    6.313148] random 0000 0000 0000 b538fadc 4a7613df: trying to extract 128 bits from input
[    6.313150] random 0000 0000 0000 b538fadc 4a7613df: debiting 0 entropy credits from input
[    6.313152] random 0000 0000 0000 b538fadc 4a7613df: extract_entropy account returned: 0 
[    6.313155] random 0000 0000 0000 b538fadc 4a7613df: urand_change_num 89 xfer_secondary_pool(16): pool_sig 0000013c, data_sig 00000000, bytes_mixed 0 b538fadc 4a7613df
[    6.313158] random 0000 0000 0000 b538fadc 4a7613df: trying to extract 128 bits from nonblocking
[    6.313160] random 0000 0000 0000 b538fadc 4a7613df: debiting 128 entropy credits from nonblocking (unlimited)
[    6.313162] random 0000 0000 0000 b538fadc 4a7613df: extract_entropy account returned: 16 
[    6.313167] random 0000 0000 0000 b538fadc 4a7613df: urand_change_num 90 extract_buf: pool_sig 0000013c, data_sig 00000015, bytes_mixed 20 b538fadc 4a7613df
[    6.313172] random 0000 0000 0000 b538fadc 4a7613df: urand_change_num 91 extract_buf: pool_sig 00000452, data_sig 0000002b, bytes_mixed 20 b538fadc 4a7613df
[    6.313624] random 0000 0000 0000 73b17df4 93bb370e: rand_read_num 26 get_random_bytes(16): sig fffffbf1 73b17df4 93bb370e
[    6.313627] random 0000 0000 0000 73b17df4 93bb370e: extract_entropy(.. 16 ..)
[    6.313629] random 0000 0000 0000 73b17df4 93bb370e: going to reseed nonblocking with 128 bits (128 of 0 requested)
[    6.313632] random 0000 0000 0000 73b17df4 93bb370e: extract_entropy(.. 16 ..)
[    6.313634] random 0000 0000 0000 73b17df4 93bb370e: trying to extract 128 bits from input
[    6.313636] random 0000 0000 0000 73b17df4 93bb370e: debiting 0 entropy credits from input
[    6.313638] random 0000 0000 0000 73b17df4 93bb370e: extract_entropy account returned: 0 
[    6.313641] random 0000 0000 0000 73b17df4 93bb370e: urand_change_num 92 xfer_secondary_pool(16): pool_sig fffffbf1, data_sig 00000000, bytes_mixed 0 73b17df4 93bb370e
[    6.313644] random 0000 0000 0000 73b17df4 93bb370e: trying to extract 128 bits from nonblocking
[    6.313646] random 0000 0000 0000 73b17df4 93bb370e: debiting 128 entropy credits from nonblocking (unlimited)
[    6.313648] random 0000 0000 0000 73b17df4 93bb370e: extract_entropy account returned: 16 
[    6.313652] random 0000 0000 0000 73b17df4 93bb370e: urand_change_num 93 extract_buf: pool_sig fffffbf1, data_sig ffffff99, bytes_mixed 20 73b17df4 93bb370e
[    6.313658] random 0000 0000 0000 73b17df4 93bb370e: urand_change_num 94 extract_buf: pool_sig fffffe1d, data_sig 000000b0, bytes_mixed 20 73b17df4 93bb370e
[    6.314073] random 0000 0000 0000 0cd682bb ba04da9f: rand_read_num 27 get_random_bytes(16): sig fffffccb 0cd682bb ba04da9f
[    6.314075] random 0000 0000 0000 0cd682bb ba04da9f: extract_entropy(.. 16 ..)
[    6.314078] random 0000 0000 0000 0cd682bb ba04da9f: going to reseed nonblocking with 128 bits (128 of 0 requested)
[    6.314080] random 0000 0000 0000 0cd682bb ba04da9f: extract_entropy(.. 16 ..)
[    6.314082] random 0000 0000 0000 0cd682bb ba04da9f: trying to extract 128 bits from input
[    6.314084] random 0000 0000 0000 0cd682bb ba04da9f: debiting 0 entropy credits from input
[    6.314087] random 0000 0000 0000 0cd682bb ba04da9f: extract_entropy account returned: 0 
[    6.314090] random 0000 0000 0000 0cd682bb ba04da9f: urand_change_num 95 xfer_secondary_pool(16): pool_sig fffffccb, data_sig 00000000, bytes_mixed 0 0cd682bb ba04da9f
[    6.314093] random 0000 0000 0000 0cd682bb ba04da9f: trying to extract 128 bits from nonblocking
[    6.314095] random 0000 0000 0000 0cd682bb ba04da9f: debiting 128 entropy credits from nonblocking (unlimited)
[    6.314097] random 0000 0000 0000 0cd682bb ba04da9f: extract_entropy account returned: 16 
[    6.314101] random 0000 0000 0000 0cd682bb ba04da9f: urand_change_num 96 extract_buf: pool_sig fffffccb, data_sig fffffec5, bytes_mixed 20 0cd682bb ba04da9f
[    6.314107] random 0000 0000 0000 26929f1a 15254dc1: urand_change_num 97 extract_buf: pool_sig fffffed2, data_sig ffffffb1, bytes_mixed 20 26929f1a 15254dc1
[    6.314978] random 0000 0000 0000 26929f1a 15254dc1: rand_read_num 28 get_random_bytes(16): sig 00000038 26929f1a 15254dc1
[    6.314981] random 0000 0000 0000 26929f1a 15254dc1: extract_entropy(.. 16 ..)
[    6.314984] random 0000 0000 0000 26929f1a 15254dc1: going to reseed nonblocking with 128 bits (128 of 0 requested)
[    6.314986] random 0000 0000 0000 26929f1a 15254dc1: extract_entropy(.. 16 ..)
[    6.314988] random 0000 0000 0000 26929f1a 15254dc1: trying to extract 128 bits from input
[    6.314990] random 0000 0000 0000 26929f1a 15254dc1: debiting 0 entropy credits from input
[    6.314992] random 0000 0000 0000 26929f1a 15254dc1: extract_entropy account returned: 0 
[    6.314996] random 0000 0000 0000 26929f1a 15254dc1: urand_change_num 98 xfer_secondary_pool(16): pool_sig 00000038, data_sig 00000000, bytes_mixed 0 26929f1a 15254dc1
[    6.314998] random 0000 0000 0000 26929f1a 15254dc1: trying to extract 128 bits from nonblocking
[    6.315001] random 0000 0000 0000 26929f1a 15254dc1: debiting 128 entropy credits from nonblocking (unlimited)
[    6.315003] random 0000 0000 0000 26929f1a 15254dc1: extract_entropy account returned: 16 
[    6.315007] random 0000 0000 0000 26929f1a 15254dc1: urand_change_num 99 extract_buf: pool_sig 00000038, data_sig 000000fd, bytes_mixed 20 26929f1a 15254dc1
[    6.315012] random 0000 0000 0000 8116fe3b 478c2d5b: urand_change_num 100 extract_buf: pool_sig 00000059, data_sig 00000310, bytes_mixed 20 8116fe3b 478c2d5b
[    6.321648] random 0000 0000 0000 a20f4a3a 32a6b2fa: rand_read_num 29 get_random_bytes(16): sig 000002c0 a20f4a3a 32a6b2fa
[    6.321650] random 0000 0000 0000 a20f4a3a 32a6b2fa: extract_entropy(.. 16 ..)
[    6.321653] random 0000 0000 0000 a20f4a3a 32a6b2fa: going to reseed nonblocking with 128 bits (128 of 0 requested)
[    6.321656] random 0000 0000 0000 a20f4a3a 32a6b2fa: extract_entropy(.. 16 ..)
[    6.321658] random 0000 0000 0000 a20f4a3a 32a6b2fa: trying to extract 128 bits from input
[    6.321660] random 0000 0000 0000 a20f4a3a 32a6b2fa: debiting 0 entropy credits from input
[    6.321662] random 0000 0000 0000 a20f4a3a 32a6b2fa: extract_entropy account returned: 0 
[    6.321665] random 0000 0000 0000 a20f4a3a 32a6b2fa: urand_change_num 101 xfer_secondary_pool(16): pool_sig 000002c0, data_sig 00000000, bytes_mixed 0 a20f4a3a 32a6b2fa
[    6.321668] random 0000 0000 0000 a20f4a3a 32a6b2fa: trying to extract 128 bits from nonblocking
[    6.321670] random 0000 0000 0000 a20f4a3a 32a6b2fa: debiting 128 entropy credits from nonblocking (unlimited)
[    6.321672] random 0000 0000 0000 a20f4a3a 32a6b2fa: extract_entropy account returned: 16 
[    6.321676] random 0000 0000 0000 a20f4a3a 32a6b2fa: urand_change_num 102 extract_buf: pool_sig 000002c0, data_sig 000000fb, bytes_mixed 20 a20f4a3a 32a6b2fa
[    6.321682] random 0000 0000 0000 a20f4a3a 32a6b2fa: urand_change_num 103 extract_buf: pool_sig ffffffdd, data_sig 000000a5, bytes_mixed 20 a20f4a3a 32a6b2fa
[    6.334180] random 0000 0000 0000 de716d2a 6c4757e1: rand_read_num 30 get_random_bytes(16): sig 000000fa de716d2a 6c4757e1
[    6.334182] random 0000 0000 0000 de716d2a 6c4757e1: extract_entropy(.. 16 ..)
[    6.334185] random 0000 0000 0000 de716d2a 6c4757e1: going to reseed nonblocking with 128 bits (128 of 0 requested)
[    6.334187] random 0000 0000 0000 de716d2a 6c4757e1: extract_entropy(.. 16 ..)
[    6.334190] random 0000 0000 0000 de716d2a 6c4757e1: trying to extract 128 bits from input
[    6.334192] random 0000 0000 0000 de716d2a 6c4757e1: debiting 0 entropy credits from input
[    6.334194] random 0000 0000 0000 de716d2a 6c4757e1: extract_entropy account returned: 0 
[    6.334197] random 0000 0000 0000 de716d2a 6c4757e1: urand_change_num 104 xfer_secondary_pool(16): pool_sig 000000fa, data_sig 00000000, bytes_mixed 0 de716d2a 6c4757e1
[    6.334199] random 0000 0000 0000 de716d2a 6c4757e1: trying to extract 128 bits from nonblocking
[    6.334202] random 0000 0000 0000 de716d2a 6c4757e1: debiting 128 entropy credits from nonblocking (unlimited)
[    6.334204] random 0000 0000 0000 de716d2a 6c4757e1: extract_entropy account returned: 16 
[    6.334208] random 0000 0000 0000 de716d2a 6c4757e1: urand_change_num 105 extract_buf: pool_sig 000000fa, data_sig ffffff34, bytes_mixed 20 de716d2a 6c4757e1
[    6.334214] random 0000 0000 0000 de716d2a 6c4757e1: urand_change_num 106 extract_buf: pool_sig 000003d3, data_sig ffffff30, bytes_mixed 20 de716d2a 6c4757e1
[    6.334795] random 0000 0000 0000 a7c511e1 f90ea457: rand_read_num 31 get_random_bytes(16): sig 0000009a a7c511e1 f90ea457
[    6.334798] random 0000 0000 0000 a7c511e1 f90ea457: extract_entropy(.. 16 ..)
[    6.334800] random 0000 0000 0000 a7c511e1 f90ea457: going to reseed nonblocking with 128 bits (128 of 0 requested)
[    6.334803] random 0000 0000 0000 a7c511e1 f90ea457: extract_entropy(.. 16 ..)
[    6.334805] random 0000 0000 0000 a7c511e1 f90ea457: trying to extract 128 bits from input
[    6.334807] random 0000 0000 0000 a7c511e1 f90ea457: debiting 0 entropy credits from input
[    6.334809] random 0000 0000 0000 a7c511e1 f90ea457: extract_entropy account returned: 0 
[    6.334812] random 0000 0000 0000 a7c511e1 f90ea457: urand_change_num 107 xfer_secondary_pool(16): pool_sig 0000009a, data_sig 00000000, bytes_mixed 0 a7c511e1 f90ea457
[    6.334815] random 0000 0000 0000 a7c511e1 f90ea457: trying to extract 128 bits from nonblocking
[    6.334817] random 0000 0000 0000 a7c511e1 f90ea457: debiting 128 entropy credits from nonblocking (unlimited)
[    6.334819] random 0000 0000 0000 a7c511e1 f90ea457: extract_entropy account returned: 16 
[    6.334824] random 0000 0000 0000 a7c511e1 f90ea457: urand_change_num 108 extract_buf: pool_sig 0000009a, data_sig 000000e0, bytes_mixed 20 a7c511e1 f90ea457
[    6.334829] random 0000 0000 0000 7c18c7e6 d65ccb06: urand_change_num 109 extract_buf: pool_sig fffffa79, data_sig 000000e0, bytes_mixed 20 7c18c7e6 d65ccb06
[    6.335413] random 0000 0000 0000 7c18c7e6 d65ccb06: rand_read_num 32 get_random_bytes(16): sig fffffe1e 7c18c7e6 d65ccb06
[    6.335416] random 0000 0000 0000 7c18c7e6 d65ccb06: extract_entropy(.. 16 ..)
[    6.335419] random 0000 0000 0000 7c18c7e6 d65ccb06: going to reseed nonblocking with 128 bits (128 of 0 requested)
[    6.335421] random 0000 0000 0000 7c18c7e6 d65ccb06: extract_entropy(.. 16 ..)
[    6.335423] random 0000 0000 0000 7c18c7e6 d65ccb06: trying to extract 128 bits from input
[    6.335425] random 0000 0000 0000 7c18c7e6 d65ccb06: debiting 0 entropy credits from input
[    6.335427] random 0000 0000 0000 7c18c7e6 d65ccb06: extract_entropy account returned: 0 
[    6.335430] random 0000 0000 0000 7c18c7e6 d65ccb06: urand_change_num 110 xfer_secondary_pool(16): pool_sig fffffe1e, data_sig 00000000, bytes_mixed 0 7c18c7e6 d65ccb06
[    6.335433] random 0000 0000 0000 7c18c7e6 d65ccb06: trying to extract 128 bits from nonblocking
[    6.335435] random 0000 0000 0000 7c18c7e6 d65ccb06: debiting 128 entropy credits from nonblocking (unlimited)
[    6.335437] random 0000 0000 0000 7c18c7e6 d65ccb06: extract_entropy account returned: 16 
