[    0.000000] random 0000 0000 0000 00000000 00000000: rand_read_num 1 get_random_bytes(8): sig 00000000 00000000 00000000
[    0.000000] random 0000 0000 0000 00000000 00000000: extract_entropy(.. 8 ..)
[    0.000000] random 0000 0000 0000 00000000 00000000: going to reseed nonblocking with 64 bits (64 of 0 requested)
[    0.000000] random 0000 0000 0000 00000000 00000000: extract_entropy(.. 8 ..)
[    0.000000] random 0000 0000 0000 00000000 00000000: trying to extract 64 bits from input
[    0.000000] random 0000 0000 0000 00000000 00000000: debiting 0 entropy credits from input
[    0.000000] random 0000 0000 0000 00000000 00000000: extract_entropy account returned: 0 
[    0.000000] random 0000 0000 0000 00000000 00000000: urand_change_num 1 xfer_secondary_pool(8): pool_sig 00000000, data_sig 00000000, bytes_mixed 0 00000000 00000000
[    0.000000] random 0000 0000 0000 00000000 00000000: trying to extract 64 bits from nonblocking
[    0.000000] random 0000 0000 0000 00000000 00000000: debiting 64 entropy credits from nonblocking (unlimited)
[    0.000000] random 0000 0000 0000 00000000 00000000: extract_entropy account returned: 8 
[    0.000000] random 0000 0000 0000 00000000 00000000: urand_change_num 2 extract_buf: pool_sig 00000000, data_sig fffffff9, bytes_mixed 20 00000000 00000000
[    0.000000] Linux version 2.6.32.57 (dcashman@dcashman-02) (gcc version 4.3.3 (GCC) ) #3 Fri May 24 04:27:34 PDT 2013
[    0.000000] KERNEL supported cpus:
[    0.000000]   Intel GenuineIntel
[    0.000000]   AMD AuthenticAMD
[    0.000000]   NSC Geode by NSC
[    0.000000]   Cyrix CyrixInstead
[    0.000000]   Centaur CentaurHauls
[    0.000000]   Transmeta GenuineTMx86
[    0.000000]   Transmeta TransmetaCPU
[    0.000000]   UMC UMC UMC UMC
[    0.000000] BIOS-provided physical RAM map:
[    0.000000]  BIOS-e820: 0000000000000000 - 000000000009d800 (usable)
[    0.000000]  BIOS-e820: 000000000009d800 - 00000000000a0000 (reserved)
[    0.000000]  BIOS-e820: 00000000000d2000 - 00000000000d4000 (reserved)
[    0.000000]  BIOS-e820: 00000000000e0000 - 0000000000100000 (reserved)
[    0.000000]  BIOS-e820: 0000000000100000 - 000000003d6b0000 (usable)
[    0.000000]  BIOS-e820: 000000003d6b0000 - 000000003d6cc000 (ACPI data)
[    0.000000]  BIOS-e820: 000000003d6cc000 - 000000003d700000 (ACPI NVS)
[    0.000000]  BIOS-e820: 000000003d700000 - 000000003e000000 (reserved)
[    0.000000]  BIOS-e820: 00000000f0000000 - 00000000f4000000 (reserved)
[    0.000000]  BIOS-e820: 00000000fec00000 - 00000000fec10000 (reserved)
[    0.000000]  BIOS-e820: 00000000fed00000 - 00000000fed00400 (reserved)
[    0.000000]  BIOS-e820: 00000000fed14000 - 00000000fed1a000 (reserved)
[    0.000000]  BIOS-e820: 00000000fed1c000 - 00000000fed90000 (reserved)
[    0.000000]  BIOS-e820: 00000000fee00000 - 00000000fee01000 (reserved)
[    0.000000]  BIOS-e820: 00000000ff000000 - 0000000100000000 (reserved)
[    0.000000] DMI present.
[    0.000000] last_pfn = 0x3d6b0 max_arch_pfn = 0x100000
[    0.000000] MTRR default type: uncachable
[    0.000000] MTRR fixed ranges enabled:
[    0.000000]   00000-9FFFF write-back
[    0.000000]   A0000-BFFFF uncachable
[    0.000000]   C0000-CFFFF write-protect
[    0.000000]   D0000-DFFFF uncachable
[    0.000000]   E0000-FFFFF write-protect
[    0.000000] MTRR variable ranges enabled:
[    0.000000]   0 base 03E000000 mask FFE000000 uncachable
[    0.000000]   1 base 000000000 mask FC0000000 write-back
[    0.000000]   2 base 03D700000 mask FFFF00000 uncachable
[    0.000000]   3 base 03D800000 mask FFF800000 uncachable
[    0.000000]   4 disabled
[    0.000000]   5 disabled
[    0.000000]   6 disabled
[    0.000000]   7 disabled
[    0.000000] initial memory mapped : 0 - 02000000
[    0.000000] init_memory_mapping: 0000000000000000-00000000377fe000
[    0.000000]  0000000000 - 0000400000 page 4k
[    0.000000]  0000400000 - 0037400000 page 2M
[    0.000000]  0037400000 - 00377fe000 page 4k
[    0.000000] kernel direct mapping tables up to 377fe000 @ 7000-c000
[    0.000000] ACPI: RSDP 000f68d0 00024 (v02 LENOVO)
[    0.000000] ACPI: XSDT 3d6bb77f 00094 (v01 LENOVO TP-7L    00002170  LTP 00000000)
[    0.000000] ACPI: FACP 3d6bb900 000F4 (v03 LENOVO TP-7L    00002170 LNVO 00000001)
[    0.000000] ACPI Warning: 32/64X length mismatch in Gpe1Block: 0/32 (20090903/tbfadt-526)
[    0.000000] ACPI Warning: Optional field Gpe1Block has zero address or length: 000000000000102C/0 (20090903/tbfadt-557)
[    0.000000] ACPI: DSDT 3d6bbd1d 0FED1 (v01 LENOVO TP-7L    00002170 MSFT 03000000)
[    0.000000] ACPI: FACS 3d6e4000 00040
[    0.000000] ACPI: SSDT 3d6bbab4 00269 (v01 LENOVO TP-7L    00002170 MSFT 03000000)
[    0.000000] ACPI: ECDT 3d6cbbee 00052 (v01 LENOVO TP-7L    00002170 LNVO 00000001)
[    0.000000] ACPI: TCPA 3d6cbc40 00032 (v02 LENOVO TP-7L    00002170 LNVO 00000001)
[    0.000000] ACPI: APIC 3d6cbc72 00068 (v01 LENOVO TP-7L    00002170 LNVO 00000001)
[    0.000000] ACPI: MCFG 3d6cbcda 0003C (v01 LENOVO TP-7L    00002170 LNVO 00000001)
[    0.000000] ACPI: HPET 3d6cbd16 00038 (v01 LENOVO TP-7L    00002170 LNVO 00000001)
[    0.000000] ACPI: SLIC 3d6cbdf0 00176 (v01 LENOVO TP-7L    00002170  LTP 00000000)
[    0.000000] ACPI: BOOT 3d6cbf66 00028 (v01 LENOVO TP-7L    00002170  LTP 00000001)
[    0.000000] ACPI: ASF! 3d6cbf8e 00072 (v16 LENOVO TP-7L    00002170 PTL  00000001)
[    0.000000] ACPI: SSDT 3d6e26d9 0025F (v01 LENOVO TP-7L    00002170 INTL 20050513)
[    0.000000] ACPI: SSDT 3d6e2938 000A6 (v01 LENOVO TP-7L    00002170 INTL 20050513)
[    0.000000] ACPI: SSDT 3d6e29de 004F7 (v01 LENOVO TP-7L    00002170 INTL 20050513)
[    0.000000] ACPI: SSDT 3d6e2ed5 001D8 (v01 LENOVO TP-7L    00002170 INTL 20050513)
[    0.000000] ACPI: DMI detected: Lenovo ThinkPad R61
[    0.000000] ACPI: Added _OSI(Linux)
[    0.000000] ACPI: Local APIC address 0xfee00000
[    0.000000] 94MB HIGHMEM available.
[    0.000000] 887MB LOWMEM available.
[    0.000000]   mapped low ram: 0 - 377fe000
[    0.000000]   low ram: 0 - 377fe000
[    0.000000]   node 0 low ram: 00000000 - 377fe000
[    0.000000]   node 0 bootmap 00008000 - 0000ef00
[    0.000000] (6 early reservations) ==> bootmem [0000000000 - 00377fe000]
[    0.000000]   #0 [0000000000 - 0000001000]   BIOS data page ==> [0000000000 - 0000001000]
[    0.000000]   #1 [0001000000 - 0001bdc180]    TEXT DATA BSS ==> [0001000000 - 0001bdc180]
[    0.000000]   #2 [000009d800 - 0000100000]    BIOS reserved ==> [000009d800 - 0000100000]
[    0.000000]   #3 [0001bdd000 - 0001be516c]              BRK ==> [0001bdd000 - 0001be516c]
[    0.000000]   #4 [0000007000 - 0000008000]          PGTABLE ==> [0000007000 - 0000008000]
[    0.000000]   #5 [0000008000 - 000000f000]          BOOTMAP ==> [0000008000 - 000000f000]
[    0.000000] found SMP MP-table at [c00f6900] f6900
[    0.000000] Zone PFN ranges:
[    0.000000]   DMA      0x00000000 -> 0x00001000
[    0.000000]   Normal   0x00001000 -> 0x000377fe
[    0.000000]   HighMem  0x000377fe -> 0x0003d6b0
[    0.000000] Movable zone start PFN for each node
[    0.000000] early_node_map[2] active PFN ranges
[    0.000000]     0: 0x00000000 -> 0x0000009d
[    0.000000]     0: 0x00000100 -> 0x0003d6b0
[    0.000000] On node 0 totalpages: 251469
[    0.000000] free_area_init_node: node 0, pgdat c1901ea0, node_mem_map c1be7000
[    0.000000]   DMA zone: 32 pages used for memmap
[    0.000000]   DMA zone: 0 pages reserved
[    0.000000]   DMA zone: 3965 pages, LIFO batch:0
[    0.000000]   Normal zone: 1744 pages used for memmap
[    0.000000]   Normal zone: 221486 pages, LIFO batch:31
[    0.000000]   HighMem zone: 190 pages used for memmap
[    0.000000]   HighMem zone: 24052 pages, LIFO batch:3
[    0.000000] Using APIC driver default
[    0.000000] ACPI: PM-Timer IO Port: 0x1008
[    0.000000] ACPI: Local APIC address 0xfee00000
[    0.000000] ACPI: LAPIC (acpi_id[0x00] lapic_id[0x00] enabled)
[    0.000000] ACPI: LAPIC (acpi_id[0x01] lapic_id[0x01] enabled)
[    0.000000] ACPI: NR_CPUS/possible_cpus limit of 1 reached.  Processor 1/0x1 ignored.
[    0.000000] ACPI: LAPIC_NMI (acpi_id[0x00] high edge lint[0x1])
[    0.000000] ACPI: LAPIC_NMI (acpi_id[0x01] high edge lint[0x1])
[    0.000000] ACPI: IOAPIC (id[0x01] address[0xfec00000] gsi_base[0])
[    0.000000] IOAPIC[0]: apic_id 1, version 32, address 0xfec00000, GSI 0-23
[    0.000000] ACPI: INT_SRC_OVR (bus 0 bus_irq 0 global_irq 2 dfl dfl)
[    0.000000] ACPI: INT_SRC_OVR (bus 0 bus_irq 9 global_irq 9 high level)
[    0.000000] ACPI: IRQ0 used by override.
[    0.000000] ACPI: IRQ2 used by override.
[    0.000000] ACPI: IRQ9 used by override.
[    0.000000] Using ACPI (MADT) for SMP configuration information
[    0.000000] ACPI: HPET id: 0x8086a201 base: 0xfed00000
[    0.000000] nr_irqs_gsi: 24
[    0.000000] PM: Registered nosave memory: 000000000009d000 - 000000000009e000
[    0.000000] PM: Registered nosave memory: 000000000009e000 - 00000000000a0000
[    0.000000] PM: Registered nosave memory: 00000000000a0000 - 00000000000d2000
[    0.000000] PM: Registered nosave memory: 00000000000d2000 - 00000000000d4000
[    0.000000] PM: Registered nosave memory: 00000000000d4000 - 00000000000e0000
[    0.000000] PM: Registered nosave memory: 00000000000e0000 - 0000000000100000
[    0.000000] Allocating PCI resources starting at 3e000000 (gap: 3e000000:b2000000)
[    0.000000] Built 1 zonelists in Zone order, mobility grouping on.  Total pages: 249503
[    0.000000] Kernel command line: auto BOOT_IMAGE=Linux ro root=802 vt.default_utf8=0 maxcpus=0
[    0.000000] PID hash table entries: 4096 (order: 2, 16384 bytes)
[    0.000000] Dentry cache hash table entries: 131072 (order: 7, 524288 bytes)
[    0.000000] Inode-cache hash table entries: 65536 (order: 6, 262144 bytes)
[    0.000000] Enabling fast FPU save and restore... done.
[    0.000000] Enabling unmasked SIMD FPU exception support... done.
[    0.000000] Initializing CPU#0
[    0.000000] Initializing HighMem for node 0 (000377fe:0003d6b0)
[    0.000000] Memory: 984800k/1006272k available (6914k kernel code, 20876k reserved, 2328k data, 448k init, 96968k highmem)
[    0.000000] virtual kernel memory layout:
[    0.000000]     fixmap  : 0xfffa3000 - 0xfffff000   ( 368 kB)
[    0.000000]     pkmap   : 0xff800000 - 0xffc00000   (4096 kB)
[    0.000000]     vmalloc : 0xf7ffe000 - 0xff7fe000   ( 120 MB)
[    0.000000]     lowmem  : 0xc0000000 - 0xf77fe000   ( 887 MB)
[    0.000000]       .init : 0xc1907000 - 0xc1977000   ( 448 kB)
[    0.000000]       .data : 0xc16c0b5f - 0xc1906c64   (2328 kB)
[    0.000000]       .text : 0xc1000000 - 0xc16c0b5f   (6914 kB)
[    0.000000] Checking if this processor honours the WP bit even in supervisor mode...Ok.
[    0.000000] SLUB: Genslabs=13, HWalign=64, Order=0-3, MinObjects=0, CPUs=1, Nodes=1
[    0.000000] Hierarchical RCU implementation.
[    0.000000] NR_IRQS:288
[    0.000000] Extended CMOS year: 2000
[    0.000000] Console: colour VGA+ 80x25
[    0.000000] console [tty0] enabled
[    0.000000] hpet clockevent registered
[    0.000000] Fast TSC calibration using PIT
[    0.000000] Detected 2094.721 MHz processor.
[    0.001002] Calibrating delay loop (skipped), value calculated using timer frequency.. 4189.44 BogoMIPS (lpj=2094721)
[    0.002007] Security Framework initialized
[    0.002091] Mount-cache hash table entries: 512
[    0.002237] CPU: L1 I cache: 32K, L1 D cache: 32K
[    0.002374] CPU: L2 cache: 3072K
[    0.002453] mce: CPU supports 6 MCE banks
[    0.002535] CPU0: Thermal monitoring enabled (TM2)
[    0.002616] using mwait in idle threads.
[    0.002702] CPU: Intel(R) Core(TM)2 Duo CPU     T8100  @ 2.10GHz stepping 06
[    0.002880] Checking 'hlt' instruction... OK.
[    0.006940] ACPI: Core revision 20090903
[    0.026016] CANARY value: 73df9c1f for PID: 1
[    0.026044] Enabling APIC mode:  Flat.  Using 1 I/O APICs
[    0.027285] ..TIMER: vector=0x30 apic1=0 pin1=2 apic2=-1 pin2=-1
[    0.037997] xor: automatically using best checksumming function: pIII_sse
[    0.041998]    pIII_sse  :  8568.000 MB/sec
[    0.042089] xor: using function: pIII_sse (8568.000 MB/sec)
[    0.042179] RANDOM - __seed init called.
[    0.042180] RANDOM - __seed init called.
[    0.042181] RANDOM - __seed init called.
[    0.042183] RANDOM - __random32 called. Change num 1.  Value: f7943846	49e73df3	af36cd0d
[    0.042185] RANDOM - __random32 called. Change num 2.  Value: 43846e13	9e73df37	9a1ad014
[    0.042186] RANDOM - __random32 called. Change num 3.  Value: 46e139c8	e73df373	a029598a
[    0.042188] RANDOM - __random32 called. Change num 4.  Value: 139c8c3b	73df373d	b3142c72
[    0.042190] RANDOM - __random32 called. Change num 5.  Value: c8c3b043	3df373de	58e576a9
[    0.042191] RANDOM - __random32 called. Change num 6.  Value: 3b0437d9	df373de5	ed53f9d8
[    0.042193] RANDOM - random32 init called.  Value: 3b0437d9	df373de5	ed53f9d8
[    0.042211] NET: Registered protocol family 16
[    0.042472] ACPI FADT declares the system doesn't support PCIe ASPM, so disable it
[    0.042592] ACPI: bus type pci registered
[    0.042760] PCI: MCFG configuration 0: base f0000000 segment 0 buses 0 - 63
[    0.042863] PCI: MCFG area at f0000000 reserved in E820
[    0.042957] PCI: Using MMCONFIG for extended config space
[    0.043002] PCI: Using configuration type 1 for base access
[    0.046157] bio: create slab <bio-0> at 0
[    0.046962] ACPI: EC: EC description table is found, configuring boot EC
[    0.052132] ACPI: BIOS _OSI(Linux) query honored via DMI
[    0.052849] random 0000 0000 0000 00000000 00000000: rand_read_num 2 get_random_bytes(8): sig fffffe1a 00000000 00000000
[    0.052851] random 0000 0000 0000 00000000 00000000: extract_entropy(.. 8 ..)
[    0.052854] random 0000 0000 0000 00000000 00000000: going to reseed nonblocking with 64 bits (64 of 0 requested)
[    0.052856] random 0000 0000 0000 00000000 00000000: extract_entropy(.. 8 ..)
[    0.052858] random 0000 0000 0000 00000000 00000000: trying to extract 64 bits from input
[    0.052860] random 0000 0000 0000 00000000 00000000: debiting 0 entropy credits from input
[    0.052862] random 0000 0000 0000 00000000 00000000: extract_entropy account returned: 0 
[    0.052865] random 0000 0000 0000 00000000 00000000: urand_change_num 3 xfer_secondary_pool(8): pool_sig fffffe1a, data_sig 00000000, bytes_mixed 0 00000000 00000000
[    0.052895] random 0000 0000 0000 00000000 00000000: trying to extract 64 bits from nonblocking
[    0.052897] random 0000 0000 0000 00000000 00000000: debiting 64 entropy credits from nonblocking (unlimited)
[    0.052899] random 0000 0000 0000 00000000 00000000: extract_entropy account returned: 8 
[    0.052903] random 0000 0000 0000 00000000 00000000: urand_change_num 4 extract_buf: pool_sig fffffe1a, data_sig fffffed7, bytes_mixed 20 00000000 00000000
[    0.057654] ACPI: Interpreter enabled
[    0.057740] ACPI: (supports S0 S3 S4 S5)
[    0.057998] ACPI: Using IOAPIC for interrupt routing
[    0.067833] ACPI: EC: GPE = 0x12, I/O: command/status = 0x66, data = 0x62
[    0.068124] ACPI: Power Resource [PUBS] (on)
[    0.070262] ACPI: ACPI Dock Station Driver: 3 docks/bays found
[    0.070671] ACPI: PCI Root Bridge [PCI0] (0000:00)
[    0.070840] pci 0000:00:02.0: reg 10 64bit mmio: [0xf8100000-0xf81fffff]
[    0.070846] pci 0000:00:02.0: reg 18 64bit mmio pref: [0xe0000000-0xefffffff]
[    0.070850] pci 0000:00:02.0: reg 20 io port: [0x1800-0x1807]
[    0.070884] pci 0000:00:02.1: reg 10 64bit mmio: [0xf8200000-0xf82fffff]
[    0.070987] pci 0000:00:19.0: reg 10 32bit mmio: [0xfe000000-0xfe01ffff]
[    0.071007] pci 0000:00:19.0: reg 14 32bit mmio: [0xfe025000-0xfe025fff]
[    0.071018] pci 0000:00:19.0: reg 18 io port: [0x1840-0x185f]
[    0.071092] pci 0000:00:19.0: PME# supported from D0 D3hot D3cold
[    0.071191] pci 0000:00:19.0: PME# disabled
[    0.071331] pci 0000:00:1a.0: reg 20 io port: [0x1860-0x187f]
[    0.071405] pci 0000:00:1a.1: reg 20 io port: [0x1880-0x189f]
[    0.071486] pci 0000:00:1a.7: reg 10 32bit mmio: [0xfe226c00-0xfe226fff]
[    0.071567] pci 0000:00:1a.7: PME# supported from D0 D3hot D3cold
[    0.071661] pci 0000:00:1a.7: PME# disabled
[    0.071808] pci 0000:00:1b.0: reg 10 64bit mmio: [0xfe020000-0xfe023fff]
[    0.071889] pci 0000:00:1b.0: PME# supported from D0 D3hot D3cold
[    0.071981] pci 0000:00:1b.0: PME# disabled
[    0.072111] pci 0000:00:1c.0: PME# supported from D0 D3hot D3cold
[    0.072204] pci 0000:00:1c.0: PME# disabled
[    0.072412] pci 0000:00:1c.1: PME# supported from D0 D3hot D3cold
[    0.072507] pci 0000:00:1c.1: PME# disabled
[    0.072716] pci 0000:00:1c.2: PME# supported from D0 D3hot D3cold
[    0.072813] pci 0000:00:1c.2: PME# disabled
[    0.073093] pci 0000:00:1c.3: PME# supported from D0 D3hot D3cold
[    0.073186] pci 0000:00:1c.3: PME# disabled
[    0.074046] pci 0000:00:1c.4: PME# supported from D0 D3hot D3cold
[    0.074142] pci 0000:00:1c.4: PME# disabled
[    0.074296] pci 0000:00:1d.0: reg 20 io port: [0x18a0-0x18bf]
[    0.074381] pci 0000:00:1d.1: reg 20 io port: [0x18c0-0x18df]
[    0.074465] pci 0000:00:1d.2: reg 20 io port: [0x18e0-0x18ff]
[    0.074549] pci 0000:00:1d.7: reg 10 32bit mmio: [0xfe227000-0xfe2273ff]
[    0.074647] pci 0000:00:1d.7: PME# supported from D0 D3hot D3cold
[    0.074743] pci 0000:00:1d.7: PME# disabled
[    0.075046] pci 0000:00:1f.0: quirk: region 1000-107f claimed by ICH6 ACPI/GPIO/TCO
[    0.075171] pci 0000:00:1f.0: quirk: region 1180-11bf claimed by ICH6 GPIO
[    0.075263] pci 0000:00:1f.0: ICH7 LPC Generic IO decode 1 PIO at 1600 (mask 007f)
[    0.075391] pci 0000:00:1f.0: ICH7 LPC Generic IO decode 2 PIO at 15e0 (mask 000f)
[    0.075514] pci 0000:00:1f.0: ICH7 LPC Generic IO decode 3 PIO at 1680 (mask 001f)
[    0.075719] pci 0000:00:1f.1: reg 10 io port: [0x00-0x07]
[    0.075728] pci 0000:00:1f.1: reg 14 io port: [0x00-0x03]
[    0.075737] pci 0000:00:1f.1: reg 18 io port: [0x00-0x07]
[    0.075744] pci 0000:00:1f.1: reg 1c io port: [0x00-0x03]
[    0.075754] pci 0000:00:1f.1: reg 20 io port: [0x1c00-0x1c0f]
[    0.075831] pci 0000:00:1f.2: reg 10 io port: [0x1c50-0x1c57]
[    0.075841] pci 0000:00:1f.2: reg 14 io port: [0x1c44-0x1c47]
[    0.075850] pci 0000:00:1f.2: reg 18 io port: [0x1c48-0x1c4f]
[    0.075858] pci 0000:00:1f.2: reg 1c io port: [0x1c40-0x1c43]
[    0.075867] pci 0000:00:1f.2: reg 20 io port: [0x1c20-0x1c3f]
[    0.075876] pci 0000:00:1f.2: reg 24 32bit mmio: [0xfe226000-0xfe2267ff]
[    0.075941] pci 0000:00:1f.2: PME# supported from D3hot
[    0.075999] pci 0000:00:1f.2: PME# disabled
[    0.076119] pci 0000:00:1f.3: reg 10 32bit mmio: [0xfe227400-0xfe2274ff]
[    0.076144] pci 0000:00:1f.3: reg 20 io port: [0x1c60-0x1c7f]
[    0.076229] pci 0000:00:1c.0: bridge io port: [0x2000-0x2fff]
[    0.076233] pci 0000:00:1c.0: bridge 32bit mmio: [0xfc000000-0xfdffffff]
[    0.076242] pci 0000:00:1c.0: bridge 64bit mmio pref: [0xf8000000-0xf80fffff]
[    0.076316] pci 0000:03:00.0: reg 10 64bit mmio: [0xdf3f0000-0xdf3fffff]
[    0.076510] pci 0000:00:1c.1: bridge io port: [0x3000-0x3fff]
[    0.076517] pci 0000:00:1c.1: bridge 32bit mmio: [0xdc000000-0xdf3fffff]
[    0.076526] pci 0000:00:1c.1: bridge 64bit mmio pref: [0xdfe00000-0xdfefffff]
[    0.076583] pci 0000:00:1c.2: bridge io port: [0x4000-0x4fff]
[    0.076589] pci 0000:00:1c.2: bridge 32bit mmio: [0xd8000000-0xd9ffffff]
[    0.076596] pci 0000:00:1c.2: bridge 64bit mmio pref: [0xdfb00000-0xdfbfffff]
[    0.076653] pci 0000:00:1c.3: bridge io port: [0x5000-0x5fff]
[    0.076658] pci 0000:00:1c.3: bridge 32bit mmio: [0xd4000000-0xd5ffffff]
[    0.076666] pci 0000:00:1c.3: bridge 64bit mmio pref: [0xdf800000-0xdf8fffff]
[    0.076723] pci 0000:00:1c.4: bridge io port: [0x6000-0x6fff]
[    0.076730] pci 0000:00:1c.4: bridge 32bit mmio: [0xd0000000-0xd1ffffff]
[    0.076739] pci 0000:00:1c.4: bridge 64bit mmio pref: [0xdf500000-0xdf5fffff]
[    0.076798] pci 0000:15:00.0: reg 10 32bit mmio: [0xf8300000-0xf8300fff]
[    0.076850] pci 0000:15:00.0: supports D1 D2
[    0.076851] pci 0000:15:00.0: PME# supported from D0 D1 D2 D3hot D3cold
[    0.076944] pci 0000:15:00.0: PME# disabled
[    0.077052] pci 0000:15:00.1: reg 10 32bit mmio: [0xf8301000-0xf83017ff]
[    0.077147] pci 0000:15:00.1: supports D1 D2
[    0.077148] pci 0000:15:00.1: PME# supported from D0 D1 D2 D3hot D3cold
[    0.077252] pci 0000:15:00.1: PME# disabled
[    0.077437] pci 0000:00:1e.0: transparent bridge
[    0.077536] pci 0000:00:1e.0: bridge io port: [0x7000-0xafff]
[    0.077541] pci 0000:00:1e.0: bridge 32bit mmio: [0xf8300000-0xfbffffff]
[    0.077549] pci 0000:00:1e.0: bridge 64bit mmio pref: [0xf4000000-0xf7ffffff]
[    0.077617] pci_bus 0000:00: on NUMA node 0
[    0.077621] ACPI: PCI Interrupt Routing Table [\_SB_.PCI0._PRT]
[    0.077754] ACPI: PCI Interrupt Routing Table [\_SB_.PCI0.EXP0._PRT]
[    0.077813] ACPI: PCI Interrupt Routing Table [\_SB_.PCI0.EXP1._PRT]
[    0.077871] ACPI: PCI Interrupt Routing Table [\_SB_.PCI0.EXP2._PRT]
[    0.078013] ACPI: PCI Interrupt Routing Table [\_SB_.PCI0.EXP3._PRT]
[    0.078077] ACPI: PCI Interrupt Routing Table [\_SB_.PCI0.EXP4._PRT]
[    0.078139] ACPI: PCI Interrupt Routing Table [\_SB_.PCI0.PCI1._PRT]
[    0.083587] ACPI: PCI Interrupt Link [LNKA] (IRQs 3 4 5 6 7 9 *10 11)
[    0.084356] ACPI: PCI Interrupt Link [LNKB] (IRQs 3 4 5 6 7 9 10 *11)
[    0.085159] ACPI: PCI Interrupt Link [LNKC] (IRQs 3 4 5 6 7 9 10 *11)
[    0.085930] ACPI: PCI Interrupt Link [LNKD] (IRQs 3 4 5 6 7 9 10 *11)
[    0.086742] ACPI: PCI Interrupt Link [LNKE] (IRQs 3 4 5 6 7 9 10 *11)
[    0.087579] ACPI: PCI Interrupt Link [LNKF] (IRQs 3 4 5 6 7 9 10 *11)
[    0.088397] ACPI: PCI Interrupt Link [LNKG] (IRQs 3 4 5 6 7 9 10 *11)
[    0.089176] ACPI: PCI Interrupt Link [LNKH] (IRQs 3 4 5 6 7 9 10 *11)
[    0.089947] vgaarb: device added: PCI:0000:00:02.0,decodes=io+mem,owns=io+mem,locks=none
[    0.090001] vgaarb: loaded
[    0.090179] SCSI subsystem initialized
[    0.090280] libata version 3.00 loaded.
[    0.090327] usbcore: registered new interface driver usbfs
[    0.090452] usbcore: registered new interface driver hub
[    0.090566] usbcore: registered new device driver usb
[    0.107041] raid6: int32x1    941 MB/s
[    0.124060] raid6: int32x2    890 MB/s
[    0.141059] raid6: int32x4    750 MB/s
[    0.158066] raid6: int32x8    660 MB/s
[    0.174985] raid6: mmxx1     2878 MB/s
[    0.191980] raid6: mmxx2     3269 MB/s
[    0.208998] raid6: sse1x1    1937 MB/s
[    0.225980] raid6: sse1x2    2531 MB/s
[    0.242981] raid6: sse2x1    3511 MB/s
[    0.259980] raid6: sse2x2    3824 MB/s
[    0.260068] raid6: using algorithm sse2x2 (3824 MB/s)
[    0.260161] PCI: Using ACPI for IRQ routing
[    0.260464] HPET: 3 timers in total, 0 timers will be used for per-cpu timer
[    0.260990] Switching to clocksource tsc
[    0.261093] pnp: PnP ACPI init
[    0.261183] ACPI: bus type pnp registered
[    0.264829] pnp: PnP ACPI: found 11 devices
[    0.264935] ACPI: ACPI bus type pnp unregistered
[    0.265031] system 00:00: iomem range 0x0-0x9ffff could not be reserved
[    0.265124] system 00:00: iomem range 0xc0000-0xc3fff could not be reserved
[    0.265213] system 00:00: iomem range 0xc4000-0xc7fff could not be reserved
[    0.265306] system 00:00: iomem range 0xc8000-0xcbfff has been reserved
[    0.265403] system 00:00: iomem range 0xcc000-0xcffff has been reserved
[    0.265494] system 00:00: iomem range 0xd0000-0xd3fff could not be reserved
[    0.265587] system 00:00: iomem range 0xe0000-0xe3fff could not be reserved
[    0.265680] system 00:00: iomem range 0xe4000-0xe7fff could not be reserved
[    0.265770] system 00:00: iomem range 0xe8000-0xebfff could not be reserved
[    0.265866] system 00:00: iomem range 0xec000-0xeffff could not be reserved
[    0.265956] system 00:00: iomem range 0xf0000-0xfffff could not be reserved
[    0.266050] system 00:00: iomem range 0x100000-0x3dffffff could not be reserved
[    0.266174] system 00:00: iomem range 0xfec00000-0xfed3ffff could not be reserved
[    0.266295] system 00:00: iomem range 0xfed4c000-0xffffffff could not be reserved
[    0.266421] system 00:02: ioport range 0x164e-0x164f has been reserved
[    0.266514] system 00:02: ioport range 0x1000-0x107f has been reserved
[    0.266606] system 00:02: ioport range 0x1180-0x11bf has been reserved
[    0.266705] system 00:02: ioport range 0x800-0x80f has been reserved
[    0.266791] system 00:02: ioport range 0x15e0-0x15ef has been reserved
[    0.266887] system 00:02: ioport range 0x1600-0x165f could not be reserved
[    0.266982] system 00:02: iomem range 0xf0000000-0xf3ffffff has been reserved
[    0.267074] system 00:02: iomem range 0xfed1c000-0xfed1ffff has been reserved
[    0.267166] system 00:02: iomem range 0xfed14000-0xfed17fff has been reserved
[    0.267254] system 00:02: iomem range 0xfed18000-0xfed18fff has been reserved
[    0.267349] system 00:02: iomem range 0xfed19000-0xfed19fff has been reserved
[    0.267446] system 00:02: iomem range 0xfed45000-0xfed4bfff has been reserved
[    0.302492] pci 0000:00:1c.0: PCI bridge, secondary bus 0000:02
[    0.302589] pci 0000:00:1c.0:   IO window: 0x2000-0x2fff
[    0.302682] pci 0000:00:1c.0:   MEM window: 0xfc000000-0xfdffffff
[    0.302779] pci 0000:00:1c.0:   PREFETCH window: 0x000000f8000000-0x000000f80fffff
[    0.302913] pci 0000:00:1c.1: PCI bridge, secondary bus 0000:03
[    0.303004] pci 0000:00:1c.1:   IO window: 0x3000-0x3fff
[    0.303101] pci 0000:00:1c.1:   MEM window: 0xdc000000-0xdf3fffff
[    0.303194] pci 0000:00:1c.1:   PREFETCH window: 0x000000dfe00000-0x000000dfefffff
[    0.303321] pci 0000:00:1c.2: PCI bridge, secondary bus 0000:04
[    0.303413] pci 0000:00:1c.2:   IO window: 0x4000-0x4fff
[    0.303504] pci 0000:00:1c.2:   MEM window: 0xd8000000-0xd9ffffff
[    0.303596] pci 0000:00:1c.2:   PREFETCH window: 0x000000dfb00000-0x000000dfbfffff
[    0.303729] pci 0000:00:1c.3: PCI bridge, secondary bus 0000:05
[    0.303825] pci 0000:00:1c.3:   IO window: 0x5000-0x5fff
[    0.303921] pci 0000:00:1c.3:   MEM window: 0xd4000000-0xd5ffffff
[    0.304012] pci 0000:00:1c.3:   PREFETCH window: 0x000000df800000-0x000000df8fffff
[    0.304138] pci 0000:00:1c.4: PCI bridge, secondary bus 0000:0d
[    0.304231] pci 0000:00:1c.4:   IO window: 0x6000-0x6fff
[    0.304332] pci 0000:00:1c.4:   MEM window: 0xd0000000-0xd1ffffff
[    0.304430] pci 0000:00:1c.4:   PREFETCH window: 0x000000df500000-0x000000df5fffff
[    0.304566] pci 0000:15:00.0: CardBus bridge, secondary bus 0000:16
[    0.304656] pci 0000:15:00.0:   IO window: 0x007000-0x0070ff
[    0.304759] pci 0000:15:00.0:   IO window: 0x007400-0x0074ff
[    0.304861] pci 0000:15:00.0:   PREFETCH window: 0xf4000000-0xf7ffffff
[    0.304963] pci 0000:15:00.0:   MEM window: 0x40000000-0x43ffffff
[    0.305059] pci 0000:00:1e.0: PCI bridge, secondary bus 0000:15
[    0.305159] pci 0000:00:1e.0:   IO window: 0x7000-0xafff
[    0.305252] pci 0000:00:1e.0:   MEM window: 0xf8300000-0xfbffffff
[    0.305347] pci 0000:00:1e.0:   PREFETCH window: 0x000000f4000000-0x000000f7ffffff
[    0.305491] pci 0000:00:1c.0: PCI INT A -> GSI 20 (level, low) -> IRQ 20
[    0.305598] pci 0000:00:1c.0: setting latency timer to 64
[    0.305613] pci 0000:00:1c.1: PCI INT B -> GSI 21 (level, low) -> IRQ 21
[    0.305705] pci 0000:00:1c.1: setting latency timer to 64
[    0.305719] pci 0000:00:1c.2: PCI INT C -> GSI 22 (level, low) -> IRQ 22
[    0.305816] pci 0000:00:1c.2: setting latency timer to 64
[    0.305829] pci 0000:00:1c.3: PCI INT D -> GSI 23 (level, low) -> IRQ 23
[    0.305926] pci 0000:00:1c.3: setting latency timer to 64
[    0.305938] pci 0000:00:1c.4: PCI INT A -> GSI 20 (level, low) -> IRQ 20
[    0.306032] pci 0000:00:1c.4: setting latency timer to 64
[    0.306041] pci 0000:00:1e.0: enabling device (0005 -> 0007)
[    0.306137] pci 0000:00:1e.0: setting latency timer to 64
[    0.306151] pci 0000:15:00.0: PCI INT A -> GSI 16 (level, low) -> IRQ 16
[    0.306247] pci 0000:15:00.0: setting latency timer to 64
[    0.306253] pci_bus 0000:00: resource 0 io:  [0x00-0xffff]
[    0.306255] pci_bus 0000:00: resource 1 mem: [0x000000-0xffffffff]
[    0.306257] pci_bus 0000:02: resource 0 io:  [0x2000-0x2fff]
[    0.306259] pci_bus 0000:02: resource 1 mem: [0xfc000000-0xfdffffff]
[    0.306261] pci_bus 0000:02: resource 2 pref mem [0xf8000000-0xf80fffff]
[    0.306263] pci_bus 0000:03: resource 0 io:  [0x3000-0x3fff]
[    0.306264] pci_bus 0000:03: resource 1 mem: [0xdc000000-0xdf3fffff]
[    0.306266] pci_bus 0000:03: resource 2 pref mem [0xdfe00000-0xdfefffff]
[    0.306268] pci_bus 0000:04: resource 0 io:  [0x4000-0x4fff]
[    0.306270] pci_bus 0000:04: resource 1 mem: [0xd8000000-0xd9ffffff]
[    0.306272] pci_bus 0000:04: resource 2 pref mem [0xdfb00000-0xdfbfffff]
[    0.306273] pci_bus 0000:05: resource 0 io:  [0x5000-0x5fff]
[    0.306275] pci_bus 0000:05: resource 1 mem: [0xd4000000-0xd5ffffff]
[    0.306277] pci_bus 0000:05: resource 2 pref mem [0xdf800000-0xdf8fffff]
[    0.306279] pci_bus 0000:0d: resource 0 io:  [0x6000-0x6fff]
[    0.306280] pci_bus 0000:0d: resource 1 mem: [0xd0000000-0xd1ffffff]
[    0.306282] pci_bus 0000:0d: resource 2 pref mem [0xdf500000-0xdf5fffff]
[    0.306284] pci_bus 0000:15: resource 0 io:  [0x7000-0xafff]
[    0.306286] pci_bus 0000:15: resource 1 mem: [0xf8300000-0xfbffffff]
[    0.306288] pci_bus 0000:15: resource 2 pref mem [0xf4000000-0xf7ffffff]
[    0.306289] pci_bus 0000:15: resource 3 io:  [0x00-0xffff]
[    0.306291] pci_bus 0000:15: resource 4 mem: [0x000000-0xffffffff]
[    0.306293] pci_bus 0000:16: resource 0 io:  [0x7000-0x70ff]
[    0.306294] pci_bus 0000:16: resource 1 io:  [0x7400-0x74ff]
[    0.306296] pci_bus 0000:16: resource 2 pref mem [0xf4000000-0xf7ffffff]
[    0.306298] pci_bus 0000:16: resource 3 mem: [0x40000000-0x43ffffff]
[    0.306306] NET: Registered protocol family 2
[    0.306405] RANDOM - __random32 called. Change num 7.  Value: 437d97bf	f373de51	f3b0f986
[    0.306406] RANDOM - random32 called.  Value: 437d97bf	f373de51	f3b0f986
[    0.306411] random 0000 0000 0000 5f8db4e5 4cfdf2a8: rand_read_num 3 get_random_bytes(4): sig fffffb64 5f8db4e5 4cfdf2a8
[    0.306413] random 0000 0000 0000 5f8db4e5 4cfdf2a8: extract_entropy(.. 4 ..)
[    0.306415] random 0000 0000 0000 5f8db4e5 4cfdf2a8: going to reseed nonblocking with 64 bits (32 of 0 requested)
[    0.306418] random 0000 0000 0000 5f8db4e5 4cfdf2a8: extract_entropy(.. 8 ..)
[    0.306419] random 0000 0000 0000 5f8db4e5 4cfdf2a8: trying to extract 64 bits from input
[    0.306422] random 0000 0000 0000 5f8db4e5 4cfdf2a8: debiting 0 entropy credits from input
[    0.306423] random 0000 0000 0000 5f8db4e5 4cfdf2a8: extract_entropy account returned: 0 
[    0.306426] random 0000 0000 0000 5f8db4e5 4cfdf2a8: urand_change_num 5 xfer_secondary_pool(4): pool_sig fffffb64, data_sig 00000000, bytes_mixed 0 5f8db4e5 4cfdf2a8
[    0.306429] random 0000 0000 0000 5f8db4e5 4cfdf2a8: trying to extract 32 bits from nonblocking
[    0.306432] random 0000 0000 0000 5f8db4e5 4cfdf2a8: debiting 32 entropy credits from nonblocking (unlimited)
[    0.306434] random 0000 0000 0000 5f8db4e5 4cfdf2a8: extract_entropy account returned: 4 
[    0.306438] random 0000 0000 0000 5f8db4e5 4cfdf2a8: urand_change_num 6 extract_buf: pool_sig fffffb64, data_sig 00000241, bytes_mixed 20 5f8db4e5 4cfdf2a8
[    0.306447] IP route cache hash table entries: 32768 (order: 5, 131072 bytes)
[    0.306578] RANDOM - __random32 called. Change num 8.  Value: d97bfe31	373de51f	f30dc6e6
[    0.306579] RANDOM - random32 called.  Value: d97bfe31	373de51f	f30dc6e6
[    0.306590] RANDOM - __random32 called. Change num 9.  Value: bfe314d7	73de51f5	8dcd6c7e
[    0.306592] RANDOM - random32 called.  Value: bfe314d7	73de51f5	8dcd6c7e
[    0.306594] RANDOM - __random32 called. Change num 10.  Value: 314d7baf	3de51f5e	d8fc74c1
[    0.306595] RANDOM - random32 called.  Value: 314d7baf	3de51f5e	d8fc74c1
[    0.306606] RANDOM - __random32 called. Change num 11.  Value: d7baf3c7	de51f5e5	e983e3fa
[    0.306607] RANDOM - random32 called.  Value: d7baf3c7	de51f5e5	e983e3fa
[    0.306618] TCP established hash table entries: 131072 (order: 8, 1048576 bytes)
[    0.307114] TCP bind hash table entries: 65536 (order: 6, 262144 bytes)
[    0.307303] TCP: Hash tables configured (established 131072 bind 65536)
[    0.307394] TCP reno registered
[    0.307500] NET: Registered protocol family 1
[    0.307620] RPC: Registered udp transport module.
[    0.307712] RPC: Registered tcp transport module.
[    0.307809] RPC: Registered tcp NFSv4.1 backchannel transport module.
[    0.307922] pci 0000:00:02.0: Boot video device
[    0.308149] Simple Boot Flag at 0x35 set to 0x1
[    0.308662] highmem bounce pool size: 64 pages
[    0.310235] VFS: Disk quotas dquot_6.5.2
[    0.310356] Dquot-cache hash table entries: 1024 (order 0, 4096 bytes)
[    0.311034] NTFS driver 2.1.29 [Flags: R/W].
[    0.311196] ROMFS MTD (C) 2007 Red Hat, Inc.
[    0.311406] JFS: nTxBlock = 7695, nTxLock = 61562
[    0.313899] SGI XFS with ACLs, security attributes, large block/inode numbers, no debug enabled
[    0.314383] SGI XFS Quota Management subsystem
[    0.314675] Slow work thread pool: Starting up
[    0.314776] Slow work thread pool: Ready
[    0.314879] GFS2 (built May 24 2013 02:47:17) installed
[    0.314970] msgmni has been set to 1734
[    0.315143] alg: No test for cipher_null (cipher_null-generic)
[    0.315245] alg: No test for ecb(cipher_null) (ecb-cipher_null)
[    0.315345] alg: No test for digest_null (digest_null-generic)
[    0.315443] alg: No test for compress_null (compress_null-generic)
[    0.316011] alg: No test for fcrypt (fcrypt-generic)
[    0.317431] alg: No test for stdrng (krng)
[    0.317522] async_tx: api initialized (async)
[    0.317685] Block layer SCSI generic (bsg) driver version 0.4 loaded (major 254)
[    0.317808] io scheduler noop registered
[    0.317909] io scheduler anticipatory registered
[    0.317998] io scheduler deadline registered
[    0.318130] io scheduler cfq registered (default)
[    0.318366] pcieport 0000:00:1c.0: irq 24 for MSI/MSI-X
[    0.318380] pcieport 0000:00:1c.0: setting latency timer to 64
[    0.318559] pcieport 0000:00:1c.1: irq 25 for MSI/MSI-X
[    0.318570] pcieport 0000:00:1c.1: setting latency timer to 64
[    0.318746] pcieport 0000:00:1c.2: irq 26 for MSI/MSI-X
[    0.318758] pcieport 0000:00:1c.2: setting latency timer to 64
[    0.318947] pcieport 0000:00:1c.3: irq 27 for MSI/MSI-X
[    0.318958] pcieport 0000:00:1c.3: setting latency timer to 64
[    0.319136] pcieport 0000:00:1c.4: irq 28 for MSI/MSI-X
[    0.319146] pcieport 0000:00:1c.4: setting latency timer to 64
[    0.319291] pci_hotplug: PCI Hot Plug PCI Core version: 0.5
[    0.319482] isapnp: Scanning for PnP cards...
[    0.680006] isapnp: No Plug & Play device found
[    0.680096] random 0000 0000 0000 5f8db4e5 4cfdf2a8: initializing
[    0.699618] Serial: 8250/16550 driver, 4 ports, IRQ sharing enabled
[    3.710705] floppy0: no floppy controllers found
[    3.711650] brd: module loaded
[    3.712158] loop: module loaded
[    3.712242] Compaq SMART2 Driver (v 2.6.0)
[    3.712365] HP CISS Driver (v 3.6.20)
[    3.712609] input: Macintosh mouse button emulation as /devices/virtual/input/input0
[    3.712748] Uniform Multi-Platform E-IDE driver
[    3.712974] piix 0000:00:1f.1: IDE controller (0x8086:0x2850 rev 0x03)
[    3.713077] pci 0000:00:1f.1: PCI INT C -> GSI 16 (level, low) -> IRQ 16
[    3.713182] piix 0000:00:1f.1: IDE port disabled
[    3.713283] piix 0000:00:1f.1: not 100% native mode: will probe irqs later
[    3.713379]     ide0: BM-DMA at 0x1c00-0x1c07
[    3.713474] Probing IDE interface ide0...
[    4.384890] hda: HL-DT-ST DVDRAM GSA-U10N, ATAPI CD/DVD-ROM drive
[    4.691689] hda: host max PIO4 wanted PIO255(auto-tune) selected PIO4
[    4.692463] hda: UDMA/33 mode selected
[    4.692924] ide0 at 0x1f0-0x1f7,0x3f6 on irq 14
[    4.696850] ide-gd driver 1.18
[    4.696955] ide-cd driver 5.00
[    4.698358] ide-cd: hda: ATAPI 24X DVD-ROM DVD-R/RAM CD-R/RW drive, 2048kB Cache
[    4.698802] Uniform CD-ROM driver Revision: 3.20
[    4.705844] Loading iSCSI transport class v2.0-870.
[    4.706128] rdac: device handler registered
[    4.706217] hp_sw: device handler registered
[    4.706311] emc: device handler registered
[    4.706399] alua: device handler registered
[    4.707390] Adaptec aacraid driver 1.1-5[2461]-ms
[    4.707811] scsi: <fdomain> Detection failed (no card)
[    4.707907] sym53c416.c: Version 1.0.0-ac
[    4.708015] qlogicfas: no cards were found, please specify I/O address and IRQ using iobase= and irq= options
[    4.708139] QLogic Fibre Channel HBA Driver: 8.03.01-k6
[    4.708367] iscsi: registered transport (qla4xxx)
[    4.708475] QLogic iSCSI HBA Driver
[    4.708570] Emulex LightPulse Fibre Channel SCSI driver 8.3.4
[    4.708665] Copyright(c) 2004-2009 Emulex.  All rights reserved.
[    4.730672] Failed initialization of WD-7000 SCSI card!
[    4.820262] DC390: clustering now enabled by default. If you get problems load
[    4.820388]        with "disable_clustering=1" and report to maintainers
[    4.820520] megaraid cmm: 2.20.2.7 (Release Date: Sun Jul 16 00:01:03 EST 2006)
[    4.820674] megaraid: 2.20.5.1 (Release Date: Thu Nov 16 15:32:35 EST 2006)
[    4.820786] megasas: 00.00.04.01 Thu July 24 11:41:51 PST 2008
[    4.820920] GDT-HA: Storage RAID Controller Driver. Version: 3.05
[    4.821072] 3ware Storage Controller device driver for Linux v1.26.02.002.
[    4.821184] 3ware 9000 Storage Controller device driver for Linux v2.26.02.012.
[    4.821334] nsp32: loading...
[    4.821443] ipr: IBM Power RAID SCSI Device Driver version: 2.4.3 (June 10, 2009)
[    4.821589] RocketRAID 3xxx/4xxx Controller driver v1.6 (090910)
[    4.821710] stex: Promise SuperTrak EX Driver version: 4.6.0000.3
[    4.821853] st: Version 20081215, fixed bufsize 32768, s/g segs 256
[    4.822045] ahci 0000:00:1f.2: version 3.0
[    4.822060] ahci 0000:00:1f.2: PCI INT B -> GSI 16 (level, low) -> IRQ 16
[    4.822191] ahci 0000:00:1f.2: irq 29 for MSI/MSI-X
[    4.822253] ahci 0000:00:1f.2: AHCI 0001.0100 32 slots 3 ports 1.5 Gbps 0x5 impl SATA mode
[    4.822376] ahci 0000:00:1f.2: flags: 64bit ncq sntf pm led clo pio slum part ccc 
[    4.822499] ahci 0000:00:1f.2: setting latency timer to 64
[    4.822638] scsi2 : ahci
[    4.822810] scsi3 : ahci
[    4.822949] scsi4 : ahci
[    4.823117] ata1: SATA max UDMA/133 abar m2048@0xfe226000 port 0xfe226100 irq 29
[    4.823237] ata2: DUMMY
[    4.823327] ata3: SATA max UDMA/133 abar m2048@0xfe226000 port 0xfe226200 irq 29
[    4.823950] I2O subsystem v1.325
[    4.824040] i2o: max drivers = 8
[    4.824186] I2O Configuration OSM v1.323
[    4.824292] I2O Bus Adapter OSM v1.317
[    4.824393] I2O Block Device OSM v1.325
[    4.824554] I2O SCSI Peripheral OSM v1.316
[    4.824710] I2O ProcFS OSM v1.316
[    4.824815] Fusion MPT base driver 3.04.12
[    4.824902] Copyright (c) 1999-2008 LSI Corporation
[    4.824993] Fusion MPT SPI Host driver 3.04.12
[    4.825108] Fusion MPT FC Host driver 3.04.12
[    4.825219] Fusion MPT SAS Host driver 3.04.12
[    4.825379] ohci1394 0000:15:00.1: PCI INT B -> GSI 17 (level, low) -> IRQ 17
[    4.825472] ohci1394 0000:15:00.1: setting latency timer to 64
[    4.878688] ohci1394: fw-host0: OHCI-1394 1.1 (PCI): IRQ=[17]  MMIO=[f8301000-f83017ff]  Max Packet=[2048]  IR/IT contexts=[4/4]
[    4.881956] ehci_hcd: USB 2.0 'Enhanced' Host Controller (EHCI) Driver
[    4.882238] ehci_hcd 0000:00:1a.7: power state changed by ACPI to D0
[    4.882490] ehci_hcd 0000:00:1a.7: power state changed by ACPI to D0
[    4.882587] ehci_hcd 0000:00:1a.7: PCI INT C -> GSI 22 (level, low) -> IRQ 22
[    4.882694] ehci_hcd 0000:00:1a.7: setting latency timer to 64
[    4.882699] ehci_hcd 0000:00:1a.7: EHCI Host Controller
[    4.882835] ehci_hcd 0000:00:1a.7: new USB bus registered, assigned bus number 1
[    4.886884] ehci_hcd 0000:00:1a.7: cache line size of 32 is not supported
[    4.886892] ehci_hcd 0000:00:1a.7: irq 22, io mem 0xfe226c00
[    4.896649] ehci_hcd 0000:00:1a.7: USB 2.0 started, EHCI 1.00
[    4.896759] usb usb1: New USB device found, idVendor=1d6b, idProduct=0002
[    4.896850] usb usb1: New USB device strings: Mfr=3, Product=2, SerialNumber=1
[    4.896972] usb usb1: Product: EHCI Host Controller
[    4.897060] usb usb1: Manufacturer: Linux 2.6.32.57 ehci_hcd
[    4.897151] usb usb1: SerialNumber: 0000:00:1a.7
[    4.897297] usb usb1: configuration #1 chosen from 1 choice
[    4.897417] hub 1-0:1.0: USB hub found
[    4.897517] hub 1-0:1.0: 4 ports detected
[    4.897818] ehci_hcd 0000:00:1d.7: power state changed by ACPI to D0
[    4.898075] ehci_hcd 0000:00:1d.7: power state changed by ACPI to D0
[    4.898174] ehci_hcd 0000:00:1d.7: PCI INT D -> GSI 19 (level, low) -> IRQ 19
[    4.898274] ehci_hcd 0000:00:1d.7: setting latency timer to 64
[    4.898277] ehci_hcd 0000:00:1d.7: EHCI Host Controller
[    4.898404] ehci_hcd 0000:00:1d.7: new USB bus registered, assigned bus number 2
[    4.898551] ehci_hcd 0000:00:1d.7: debug port 1
[    4.902536] ehci_hcd 0000:00:1d.7: cache line size of 32 is not supported
[    4.902545] ehci_hcd 0000:00:1d.7: irq 19, io mem 0xfe227000
[    4.912649] ehci_hcd 0000:00:1d.7: USB 2.0 started, EHCI 1.00
[    4.912766] usb usb2: New USB device found, idVendor=1d6b, idProduct=0002
[    4.912858] usb usb2: New USB device strings: Mfr=3, Product=2, SerialNumber=1
[    4.912979] usb usb2: Product: EHCI Host Controller
[    4.913067] usb usb2: Manufacturer: Linux 2.6.32.57 ehci_hcd
[    4.913160] usb usb2: SerialNumber: 0000:00:1d.7
[    4.913300] usb usb2: configuration #1 chosen from 1 choice
[    4.913432] hub 2-0:1.0: USB hub found
[    4.913520] hub 2-0:1.0: 6 ports detected
[    4.913702] 116x: driver isp116x-hcd, 03 Nov 2005
[    4.913817] ohci_hcd: USB 1.1 'Open' Host Controller (OHCI) Driver
[    4.913936] uhci_hcd: USB Universal Host Controller Interface driver
[    4.914048] uhci_hcd 0000:00:1a.0: PCI INT A -> GSI 20 (level, low) -> IRQ 20
[    4.914150] uhci_hcd 0000:00:1a.0: setting latency timer to 64
[    4.914155] uhci_hcd 0000:00:1a.0: UHCI Host Controller
[    4.914285] uhci_hcd 0000:00:1a.0: new USB bus registered, assigned bus number 3
[    4.914437] uhci_hcd 0000:00:1a.0: irq 20, io base 0x00001860
[    4.914553] usb usb3: New USB device found, idVendor=1d6b, idProduct=0001
[    4.914650] usb usb3: New USB device strings: Mfr=3, Product=2, SerialNumber=1
[    4.914770] usb usb3: Product: UHCI Host Controller
[    4.914858] usb usb3: Manufacturer: Linux 2.6.32.57 uhci_hcd
[    4.914951] usb usb3: SerialNumber: 0000:00:1a.0
[    4.915098] usb usb3: configuration #1 chosen from 1 choice
[    4.915214] hub 3-0:1.0: USB hub found
[    4.915304] hub 3-0:1.0: 2 ports detected
[    4.915590] uhci_hcd 0000:00:1a.1: power state changed by ACPI to D0
[    4.915846] uhci_hcd 0000:00:1a.1: power state changed by ACPI to D0
[    4.915941] uhci_hcd 0000:00:1a.1: PCI INT B -> GSI 21 (level, low) -> IRQ 21
[    4.916037] uhci_hcd 0000:00:1a.1: setting latency timer to 64
[    4.916040] uhci_hcd 0000:00:1a.1: UHCI Host Controller
[    4.916167] uhci_hcd 0000:00:1a.1: new USB bus registered, assigned bus number 4
[    4.916318] uhci_hcd 0000:00:1a.1: irq 21, io base 0x00001880
[    4.916432] usb usb4: New USB device found, idVendor=1d6b, idProduct=0001
[    4.916521] usb usb4: New USB device strings: Mfr=3, Product=2, SerialNumber=1
[    4.916649] usb usb4: Product: UHCI Host Controller
[    4.916739] usb usb4: Manufacturer: Linux 2.6.32.57 uhci_hcd
[    4.916830] usb usb4: SerialNumber: 0000:00:1a.1
[    4.916970] usb usb4: configuration #1 chosen from 1 choice
[    4.917089] hub 4-0:1.0: USB hub found
[    4.917186] hub 4-0:1.0: 2 ports detected
[    4.917479] uhci_hcd 0000:00:1d.0: power state changed by ACPI to D0
[    4.917719] uhci_hcd 0000:00:1d.0: power state changed by ACPI to D0
[    4.917814] uhci_hcd 0000:00:1d.0: PCI INT A -> GSI 16 (level, low) -> IRQ 16
[    4.917911] uhci_hcd 0000:00:1d.0: setting latency timer to 64
[    4.917914] uhci_hcd 0000:00:1d.0: UHCI Host Controller
[    4.918041] uhci_hcd 0000:00:1d.0: new USB bus registered, assigned bus number 5
[    4.918200] uhci_hcd 0000:00:1d.0: irq 16, io base 0x000018a0
[    4.918313] usb usb5: New USB device found, idVendor=1d6b, idProduct=0001
[    4.918410] usb usb5: New USB device strings: Mfr=3, Product=2, SerialNumber=1
[    4.918532] usb usb5: Product: UHCI Host Controller
[    4.918616] usb usb5: Manufacturer: Linux 2.6.32.57 uhci_hcd
[    4.918712] usb usb5: SerialNumber: 0000:00:1d.0
[    4.918849] usb usb5: configuration #1 chosen from 1 choice
[    4.918968] hub 5-0:1.0: USB hub found
[    4.919060] hub 5-0:1.0: 2 ports detected
[    4.919205] uhci_hcd 0000:00:1d.1: PCI INT B -> GSI 17 (level, low) -> IRQ 17
[    4.919302] uhci_hcd 0000:00:1d.1: setting latency timer to 64
[    4.919307] uhci_hcd 0000:00:1d.1: UHCI Host Controller
[    4.919435] uhci_hcd 0000:00:1d.1: new USB bus registered, assigned bus number 6
[    4.919578] uhci_hcd 0000:00:1d.1: irq 17, io base 0x000018c0
[    4.919706] usb usb6: New USB device found, idVendor=1d6b, idProduct=0001
[    4.919800] usb usb6: New USB device strings: Mfr=3, Product=2, SerialNumber=1
[    4.919920] usb usb6: Product: UHCI Host Controller
[    4.920013] usb usb6: Manufacturer: Linux 2.6.32.57 uhci_hcd
[    4.920102] usb usb6: SerialNumber: 0000:00:1d.1
[    4.920241] usb usb6: configuration #1 chosen from 1 choice
[    4.920365] hub 6-0:1.0: USB hub found
[    4.920455] hub 6-0:1.0: 2 ports detected
[    4.920795] uhci_hcd 0000:00:1d.2: power state changed by ACPI to D0
[    4.921044] uhci_hcd 0000:00:1d.2: power state changed by ACPI to D0
[    4.921141] uhci_hcd 0000:00:1d.2: PCI INT C -> GSI 18 (level, low) -> IRQ 18
[    4.921235] uhci_hcd 0000:00:1d.2: setting latency timer to 64
[    4.921238] uhci_hcd 0000:00:1d.2: UHCI Host Controller
[    4.921365] uhci_hcd 0000:00:1d.2: new USB bus registered, assigned bus number 7
[    4.921524] uhci_hcd 0000:00:1d.2: irq 18, io base 0x000018e0
[    4.921636] usb usb7: New USB device found, idVendor=1d6b, idProduct=0001
[    4.921733] usb usb7: New USB device strings: Mfr=3, Product=2, SerialNumber=1
[    4.921858] usb usb7: Product: UHCI Host Controller
[    4.921942] usb usb7: Manufacturer: Linux 2.6.32.57 uhci_hcd
[    4.922031] usb usb7: SerialNumber: 0000:00:1d.2
[    4.922831] usb usb7: configuration #1 chosen from 1 choice
[    4.922951] hub 7-0:1.0: USB hub found
[    4.923042] hub 7-0:1.0: 2 ports detected
[    4.923197] sl811: driver sl811-hcd, 19 May 2005
[    4.923305] r8a66597_hcd: driver r8a66597_hcd, 2009-05-26
[    4.923472] Initializing USB Mass Storage driver...
[    4.923603] usbcore: registered new interface driver usb-storage
[    4.923699] USB Mass Storage support registered.
[    4.923801] usbcore: registered new interface driver ums-alauda
[    4.923910] usbcore: registered new interface driver ums-cypress
[    4.924020] usbcore: registered new interface driver ums-datafab
[    4.924133] usbcore: registered new interface driver ums-freecom
[    4.924242] usbcore: registered new interface driver ums-isd200
[    4.924349] usbcore: registered new interface driver ums-jumpshot
[    4.924458] usbcore: registered new interface driver ums-karma
[    4.924572] usbcore: registered new interface driver ums-onetouch
[    4.924696] usbcore: registered new interface driver ums-sddr09
[    4.924802] usbcore: registered new interface driver ums-sddr55
[    4.924912] usbcore: registered new interface driver ums-usbat
[    4.925059] PNP: PS/2 Controller [PNP0303:KBD,PNP0f13:MOU] at 0x60,0x64 irq 1,12
[    4.933867] serio: i8042 KBD port at 0x60,0x64 irq 1
[    4.933959] serio: i8042 AUX port at 0x60,0x64 irq 12
[    4.934211] mice: PS/2 mouse device common for all mice
[    4.934330] i2c /dev entries driver
[    4.934460] md: linear personality registered for level -1
[    4.934551] md: raid0 personality registered for level 0
[    4.934660] md: raid1 personality registered for level 1
[    4.934756] md: raid10 personality registered for level 10
[    4.934847] md: raid6 personality registered for level 6
[    4.934944] md: raid5 personality registered for level 5
[    4.935051] md: raid4 personality registered for level 4
[    4.935143] md: multipath personality registered for level -4
[    4.935342] device-mapper: ioctl: 4.15.0-ioctl (2009-04-01) initialised: dm-devel@redhat.com
[    4.935549] cpuidle: using governor ladder
[    4.936162] usbcore: registered new interface driver usbhid
[    4.936252] usbhid: v2.6:USB HID core driver
[    4.936396] random 0000 0000 0000 00000000 00000000: rand_read_num 4 get_random_bytes(136): sig 00000000 00000000 00000000
[    4.936399] random 0000 0000 0000 00000000 00000000: extract_entropy(.. 136 ..)
[    4.936402] random 0000 0000 0000 00000000 00000000: going to reseed nonblocking with 1024 bits (1088 of 0 requested)
[    4.936404] random 0000 0000 0000 00000000 00000000: extract_entropy(.. 128 ..)
[    4.936406] random 0000 0000 0000 00000000 00000000: trying to extract 1024 bits from input
[    4.936408] random 0000 0000 0000 00000000 00000000: debiting 0 entropy credits from input
[    4.936410] random 0000 0000 0000 00000000 00000000: extract_entropy account returned: 0 
[    4.936413] random 0000 0000 0000 00000000 00000000: urand_change_num 7 xfer_secondary_pool(136): pool_sig 00000000, data_sig 00000000, bytes_mixed 0 00000000 00000000
[    4.936416] random 0000 0000 0000 00000000 00000000: trying to extract 1088 bits from nonblocking
[    4.936418] random 0000 0000 0000 00000000 00000000: debiting 1088 entropy credits from nonblocking (unlimited)
[    4.936421] random 0000 0000 0000 00000000 00000000: extract_entropy account returned: 136 
[    4.936425] random 0000 0000 0000 00000000 00000000: urand_change_num 8 extract_buf: pool_sig 00000000, data_sig fffffff9, bytes_mixed 20 00000000 00000000
[    4.936430] random 0000 0000 0000 b7c35b56 be4dc95d: urand_change_num 9 extract_buf: pool_sig fffffd1e, data_sig 000000c5, bytes_mixed 20 b7c35b56 be4dc95d
[    4.936436] random 0000 0000 0000 ed9f5c47 c48487fb: urand_change_num 10 extract_buf: pool_sig fffff8ec, data_sig ffffff68, bytes_mixed 20 ed9f5c47 c48487fb
[    4.936441] random 0000 0000 0000 ed9f5c47 c48487fb: urand_change_num 11 extract_buf: pool_sig fffffaed, data_sig 000001aa, bytes_mixed 20 ed9f5c47 c48487fb
[    4.936446] random 0000 0000 0000 1b4f7c0a 91bd6a48: urand_change_num 12 extract_buf: pool_sig fffffdd8, data_sig 00000064, bytes_mixed 20 1b4f7c0a 91bd6a48
[    4.936451] random 0000 0000 0000 a254b9bc 20e9a24f: urand_change_num 13 extract_buf: pool_sig fffffbe6, data_sig 000001dd, bytes_mixed 20 a254b9bc 20e9a24f
[    4.936463] random 0000 0000 0000 a254b9bc 20e9a24f: urand_change_num 14 extract_buf: pool_sig fffff940, data_sig fffffe20, bytes_mixed 20 a254b9bc 20e9a24f
[    4.936469] random 0000 0000 0000 2831a66b 5fa2a3ad: urand_change_num 15 extract_buf: pool_sig fffffbce, data_sig 0000007e, bytes_mixed 20 2831a66b 5fa2a3ad
[    4.936474] random 0000 0000 0000 2831a66b 5fa2a3ad: urand_change_num 16 extract_buf: pool_sig 000004df, data_sig fffffe8f, bytes_mixed 20 2831a66b 5fa2a3ad
[    4.936479] random 0000 0000 0000 d4512bfd c9a54e0b: urand_change_num 17 extract_buf: pool_sig 00000485, data_sig fffffe68, bytes_mixed 20 d4512bfd c9a54e0b
[    4.936484] random 0000 0000 0000 c7371be6 f9ffea11: urand_change_num 18 extract_buf: pool_sig 00000095, data_sig ffffffed, bytes_mixed 20 c7371be6 f9ffea11
[    4.936489] random 0000 0000 0000 c7371be6 f9ffea11: urand_change_num 19 extract_buf: pool_sig 000003a7, data_sig fffffefa, bytes_mixed 20 c7371be6 f9ffea11
[    4.936495] random 0000 0000 0000 8fb4b62c d1ddba54: urand_change_num 20 extract_buf: pool_sig 00000179, data_sig ffffff78, bytes_mixed 20 8fb4b62c d1ddba54
[    4.936500] random 0000 0000 0000 9ff19f9c c07a1d2a: urand_change_num 21 extract_buf: pool_sig fffffe88, data_sig 00000126, bytes_mixed 20 9ff19f9c c07a1d2a
[    4.936504] TCP cubic registered
[    4.936591] Initializing XFRM netlink socket
[    4.936688] NET: Registered protocol family 17
[    4.936780] Using IPI Shortcut mode
[    4.936872] random 0000 0000 0000 9ff19f9c c07a1d2a: rand_read_num 5 get_random_bytes(8): sig 0000031b 9ff19f9c c07a1d2a
[    4.936874] random 0000 0000 0000 9ff19f9c c07a1d2a: extract_entropy(.. 8 ..)
[    4.936877] random 0000 0000 0000 9ff19f9c c07a1d2a: going to reseed nonblocking with 64 bits (64 of 0 requested)
[    4.936879] random 0000 0000 0000 9ff19f9c c07a1d2a: extract_entropy(.. 8 ..)
[    4.936881] random 0000 0000 0000 9ff19f9c c07a1d2a: trying to extract 64 bits from input
[    4.936883] random 0000 0000 0000 9ff19f9c c07a1d2a: debiting 0 entropy credits from input
[    4.936885] random 0000 0000 0000 9ff19f9c c07a1d2a: extract_entropy account returned: 0 
[    4.936888] random 0000 0000 0000 9ff19f9c c07a1d2a: urand_change_num 22 xfer_secondary_pool(8): pool_sig 0000031b, data_sig 00000000, bytes_mixed 0 9ff19f9c c07a1d2a
[    4.936891] random 0000 0000 0000 9ff19f9c c07a1d2a: trying to extract 64 bits from nonblocking
[    4.936893] random 0000 0000 0000 9ff19f9c c07a1d2a: debiting 64 entropy credits from nonblocking (unlimited)
[    4.936895] random 0000 0000 0000 9ff19f9c c07a1d2a: extract_entropy account returned: 8 
[    4.936899] random 0000 0000 0000 9ff19f9c c07a1d2a: urand_change_num 23 extract_buf: pool_sig 0000031b, data_sig ffffffb3, bytes_mixed 20 9ff19f9c c07a1d2a
[    4.938992] input: AT Translated Set 2 keyboard as /devices/platform/i8042/serio0/input/input1
[    5.127650] ata1: SATA link up 1.5 Gbps (SStatus 113 SControl 300)
[    5.127761] ata3: SATA link down (SStatus 0 SControl 300)
[    5.130279] ata1.00: ACPI cmd ef/02:00:00:00:00:a0 (SET FEATURES) succeeded
[    5.130282] ata1.00: ACPI cmd f5/00:00:00:00:00:a0 (SECURITY FREEZE LOCK) filtered out
[    5.131673] ata1.00: ACPI cmd ef/5f:00:00:00:00:a0 (SET FEATURES) succeeded
[    5.131675] ata1.00: ACPI cmd ef/10:03:00:00:00:a0 (SET FEATURES) filtered out
[    5.133581] ata1.00: ATA-7: ST910021AS, 4.06, max UDMA/100
[    5.133674] ata1.00: 195371568 sectors, multi 16: LBA48 
[    5.135821] ata1.00: ACPI cmd ef/02:00:00:00:00:a0 (SET FEATURES) succeeded
[    5.135824] ata1.00: ACPI cmd f5/00:00:00:00:00:a0 (SECURITY FREEZE LOCK) filtered out
[    5.137218] ata1.00: ACPI cmd ef/5f:00:00:00:00:a0 (SET FEATURES) succeeded
[    5.137220] ata1.00: ACPI cmd ef/10:03:00:00:00:a0 (SET FEATURES) filtered out
[    5.139144] ata1.00: configured for UDMA/100
[    5.149703] scsi 2:0:0:0: Direct-Access     ATA      ST910021AS       4.06 PQ: 0 ANSI: 5
[    5.149984] sd 2:0:0:0: [sda] 195371568 512-byte logical blocks: (100 GB/93.1 GiB)
[    5.150131] sd 2:0:0:0: [sda] Write Protect is off
[    5.150220] sd 2:0:0:0: [sda] Mode Sense: 00 3a 00 00
[    5.150233] sd 2:0:0:0: [sda] Write cache: enabled, read cache: enabled, doesn't support DPO or FUA
[    5.150425]  sda:
[    5.214637] usb 2-1: new high speed USB device using ehci_hcd and address 2
[    5.363942] usb 2-1: New USB device found, idVendor=0e8d, idProduct=1806
[    5.364033] usb 2-1: New USB device strings: Mfr=1, Product=2, SerialNumber=3
[    5.364118] usb 2-1: Product: MT1806 
[    5.364203] usb 2-1: Manufacturer: MediaTek Inc
[    5.364291] usb 2-1: SerialNumber: R8KN6GAC800AEB 
[    5.364422] usb 2-1: configuration #1 chosen from 1 choice
[    5.370859] scsi5 : SCSI emulation for USB Mass Storage devices
[    5.371032] usb-storage: device found at 2
[    5.371033] usb-storage: waiting for device to settle before scanning
[    5.564296]  sda1 sda2
[    5.565016] sd 2:0:0:0: [sda] Attached SCSI disk
[    5.565108] random 0000 0000 0000 277f73c3 42024bb9: rand_read_num 6 get_random_bytes(12): sig 000007e9 277f73c3 42024bb9
[    5.565111] random 0000 0000 0000 277f73c3 42024bb9: extract_entropy(.. 12 ..)
[    5.565113] random 0000 0000 0000 277f73c3 42024bb9: going to reseed nonblocking with 96 bits (96 of 0 requested)
[    5.565115] random 0000 0000 0000 277f73c3 42024bb9: extract_entropy(.. 12 ..)
[    5.565117] random 0000 0000 0000 277f73c3 42024bb9: trying to extract 96 bits from input
[    5.565119] random 0000 0000 0000 277f73c3 42024bb9: debiting 0 entropy credits from input
[    5.565121] random 0000 0000 0000 277f73c3 42024bb9: extract_entropy account returned: 0 
[    5.565125] random 0000 0000 0000 277f73c3 42024bb9: urand_change_num 24 xfer_secondary_pool(12): pool_sig 000007e9, data_sig 00000000, bytes_mixed 0 277f73c3 42024bb9
[    5.565128] random 0000 0000 0000 277f73c3 42024bb9: trying to extract 96 bits from nonblocking
[    5.565130] random 0000 0000 0000 277f73c3 42024bb9: debiting 96 entropy credits from nonblocking (unlimited)
[    5.565132] random 0000 0000 0000 277f73c3 42024bb9: extract_entropy account returned: 12 
[    5.565136] random 0000 0000 0000 277f73c3 42024bb9: urand_change_num 25 extract_buf: pool_sig 000007e9, data_sig 00000088, bytes_mixed 20 277f73c3 42024bb9
[    5.565141] random 0000 0000 0000 277f73c3 42024bb9: urand_change_num 26 extract_buf: pool_sig 00000498, data_sig fffffefb, bytes_mixed 20 277f73c3 42024bb9
[    5.565144] RANDOM - __seed init called.
[    5.565145] RANDOM - __seed init called.
[    5.565146] RANDOM - __seed init called.
[    5.565148] RANDOM - __random32 called. Change num 12.  Value: 87f14767	f0d7351	b1e48bd3
[    5.565150] RANDOM - random32_reseed called.  Value: 87f14767	f0d7351	b1e48bd3
[    5.565152] Pid: 1, comm: swapper Not tainted 2.6.32.57 #3
[    5.565246] Call Trace:
[    5.565338]  [<c1923ca4>] ? random32_reseed+0xa0/0xb1
[    5.565427]  [<c1923c04>] ? random32_reseed+0x0/0xb1
[    5.565515]  [<c100111e>] ? do_one_initcall+0x2e/0x180
[    5.565618]  [<c1907265>] ? kernel_init+0xad/0x103
[    5.565710]  [<c19071b8>] ? kernel_init+0x0/0x103
[    5.565807]  [<c1003787>] ? kernel_thread_helper+0x7/0x10
[    5.566327] random 0000 0000 0000 386b4e60 ee4d4880: rand_read_num 7 get_random_bytes(64): sig fffffea5 386b4e60 ee4d4880
[    5.566330] random 0000 0000 0000 386b4e60 ee4d4880: extract_entropy(.. 64 ..)
[    5.566332] random 0000 0000 0000 386b4e60 ee4d4880: going to reseed nonblocking with 512 bits (512 of 0 requested)
[    5.566334] random 0000 0000 0000 386b4e60 ee4d4880: extract_entropy(.. 64 ..)
[    5.566336] random 0000 0000 0000 386b4e60 ee4d4880: trying to extract 512 bits from input
[    5.566338] random 0000 0000 0000 386b4e60 ee4d4880: debiting 0 entropy credits from input
[    5.566340] random 0000 0000 0000 386b4e60 ee4d4880: extract_entropy account returned: 0 
[    5.566343] random 0000 0000 0000 386b4e60 ee4d4880: urand_change_num 27 xfer_secondary_pool(64): pool_sig fffffea5, data_sig 00000000, bytes_mixed 0 386b4e60 ee4d4880
[    5.566346] random 0000 0000 0000 386b4e60 ee4d4880: trying to extract 512 bits from nonblocking
[    5.566348] random 0000 0000 0000 386b4e60 ee4d4880: debiting 512 entropy credits from nonblocking (unlimited)
[    5.566351] random 0000 0000 0000 386b4e60 ee4d4880: extract_entropy account returned: 64 
[    5.566355] random 0000 0000 0000 386b4e60 ee4d4880: urand_change_num 28 extract_buf: pool_sig fffffea5, data_sig 00000173, bytes_mixed 20 386b4e60 ee4d4880
[    5.566360] random 0000 0000 0000 412698f6 0cc8689a: urand_change_num 29 extract_buf: pool_sig 00000122, data_sig ffffff63, bytes_mixed 20 412698f6 0cc8689a
[    5.566365] random 0000 0000 0000 412698f6 0cc8689a: urand_change_num 30 extract_buf: pool_sig 000001f7, data_sig 00000012, bytes_mixed 20 412698f6 0cc8689a
[    5.566371] random 0000 0000 0000 9669941e 06f768b1: urand_change_num 31 extract_buf: pool_sig fffffb5b, data_sig 0000003f, bytes_mixed 20 9669941e 06f768b1
[    5.566376] random 0000 0000 0000 98486520 995551f0: urand_change_num 32 extract_buf: pool_sig fffffb39, data_sig 0000000e, bytes_mixed 20 98486520 995551f0
[    5.566381] random 0000 0000 0000 98486520 995551f0: urand_change_num 33 extract_buf: pool_sig fffffd8d, data_sig 000001a6, bytes_mixed 20 98486520 995551f0
[    5.566386] random 0000 0000 0000 61fc8914 d5882ed2: urand_change_num 34 extract_buf: pool_sig fffffa58, data_sig 0000023e, bytes_mixed 20 61fc8914 d5882ed2
[    5.566415] random 0000 0000 0000 61fc8914 d5882ed2: rand_read_num 8 get_random_bytes(64): sig fffff9ee 61fc8914 d5882ed2
[    5.566418] random 0000 0000 0000 61fc8914 d5882ed2: extract_entropy(.. 64 ..)
[    5.566420] random 0000 0000 0000 61fc8914 d5882ed2: going to reseed nonblocking with 512 bits (512 of 0 requested)
[    5.566422] random 0000 0000 0000 61fc8914 d5882ed2: extract_entropy(.. 64 ..)
[    5.566424] random 0000 0000 0000 61fc8914 d5882ed2: trying to extract 512 bits from input
[    5.566426] random 0000 0000 0000 61fc8914 d5882ed2: debiting 0 entropy credits from input
[    5.566428] random 0000 0000 0000 61fc8914 d5882ed2: extract_entropy account returned: 0 
[    5.566431] random 0000 0000 0000 61fc8914 d5882ed2: urand_change_num 35 xfer_secondary_pool(64): pool_sig fffff9ee, data_sig 00000000, bytes_mixed 0 61fc8914 d5882ed2
[    5.566434] random 0000 0000 0000 61fc8914 d5882ed2: trying to extract 512 bits from nonblocking
[    5.566436] random 0000 0000 0000 61fc8914 d5882ed2: debiting 512 entropy credits from nonblocking (unlimited)
[    5.566439] random 0000 0000 0000 61fc8914 d5882ed2: extract_entropy account returned: 64 
[    5.566443] random 0000 0000 0000 61fc8914 d5882ed2: urand_change_num 36 extract_buf: pool_sig fffff9ee, data_sig ffffff85, bytes_mixed 20 61fc8914 d5882ed2
[    5.566448] random 0000 0000 0000 70cfd302 e5edec11: urand_change_num 37 extract_buf: pool_sig fffffdc1, data_sig ffffffde, bytes_mixed 20 70cfd302 e5edec11
[    5.566453] random 0000 0000 0000 00dab838 eafd2b30: urand_change_num 38 extract_buf: pool_sig 000003da, data_sig ffffff61, bytes_mixed 20 00dab838 eafd2b30
[    5.566458] random 0000 0000 0000 00dab838 eafd2b30: urand_change_num 39 extract_buf: pool_sig 00000314, data_sig 00000121, bytes_mixed 20 00dab838 eafd2b30
[    5.566463] random 0000 0000 0000 5fcdf66a 6442b608: urand_change_num 40 extract_buf: pool_sig 0000028b, data_sig fffffefd, bytes_mixed 20 5fcdf66a 6442b608
[    5.566469] random 0000 0000 0000 61333f6b 8fae0f9b: urand_change_num 41 extract_buf: pool_sig 000000cb, data_sig 000000b3, bytes_mixed 20 61333f6b 8fae0f9b
[    5.566474] random 0000 0000 0000 61333f6b 8fae0f9b: urand_change_num 42 extract_buf: pool_sig fffffef8, data_sig 00000051, bytes_mixed 20 61333f6b 8fae0f9b
[    5.566477] BEGIN NET_SECRET:
[    5.566478] \xffffffe0
[    5.566479] \xffffffb6
[    5.566479] \x36
[    5.566480] \xffffffb5
[    5.566481] \xffffff94
[    5.566482] \xffffffb2
[    5.566483] \xffffffa8
[    5.566484] \xffffffda
[    5.566484] \x5b
[    5.566485] \x19
[    5.566486] \x18
[    5.566486] \x5c
[    5.566487] \x2b
[    5.566488] \x1
[    5.566489] \xffffff90
[    5.566489] \x19
[    5.566490] \x3c
[    5.566491] \xfffffff2
[    5.566492] \xffffff82
[    5.566492] \x2a
[    5.566493] \xffffffb3
[    5.566494] \xffffffa2
[    5.566495] \x3f
[    5.566495] \x5
[    5.566496] \x52
[    5.566497] \x77
[    5.566498] \x57
[    5.566498] \x79
[    5.566499] \x16
[    5.566500] \x43
[    5.566500] \xffffff84
[    5.566501] \xffffffc3
[    5.566502] \xffffffe9
[    5.566503] \x79
[    5.566503] \x50
[    5.566504] \xffffff8e
[    5.566505] \x3f
[    5.566506] \xfffffff3
[    5.566506] \x19
[    5.566507] \x2a
[    5.566508] \xfffffffd
[    5.566509] \xfffffffb
[    5.566509] \x62
[    5.566510] \x3c
[    5.566511] \xffffffac
[    5.566512] \x1c
[    5.566512] \x3b
[    5.566513] \x3b
[    5.566514] \x15
[    5.566514] \x27
[    5.566515] \xffffffa8
[    5.566516] \x22
[    5.566517] \xffffffc5
[    5.566517] \xffffff9a
[    5.566518] \x5
[    5.566519] \x6c
[    5.566520] \xffffffa8
[    5.566520] \x3a
[    5.566521] \x44
[    5.566522] \xffffffaf
[    5.566523] \x13
[    5.566523] \xffffffe0
[    5.566524] \xffffff9d
[    5.566525] \x22
[    5.566526] 
[    5.566526] END NET_SECRET
[    5.566529] random 0000 0000 0000 e7f555d9 e8ce5c3c: rand_read_num 9 get_random_bytes(4): sig 0000068c e7f555d9 e8ce5c3c
[    5.566531] random 0000 0000 0000 e7f555d9 e8ce5c3c: extract_entropy(.. 4 ..)
[    5.566534] random 0000 0000 0000 e7f555d9 e8ce5c3c: going to reseed nonblocking with 64 bits (32 of 0 requested)
[    5.566536] random 0000 0000 0000 e7f555d9 e8ce5c3c: extract_entropy(.. 8 ..)
[    5.566538] random 0000 0000 0000 e7f555d9 e8ce5c3c: trying to extract 64 bits from input
[    5.566540] random 0000 0000 0000 e7f555d9 e8ce5c3c: debiting 0 entropy credits from input
[    5.566542] random 0000 0000 0000 e7f555d9 e8ce5c3c: extract_entropy account returned: 0 
[    5.566545] random 0000 0000 0000 e7f555d9 e8ce5c3c: urand_change_num 43 xfer_secondary_pool(4): pool_sig 0000068c, data_sig 00000000, bytes_mixed 0 e7f555d9 e8ce5c3c
[    5.566547] random 0000 0000 0000 e7f555d9 e8ce5c3c: trying to extract 32 bits from nonblocking
[    5.566550] random 0000 0000 0000 e7f555d9 e8ce5c3c: debiting 32 entropy credits from nonblocking (unlimited)
[    5.566552] random 0000 0000 0000 e7f555d9 e8ce5c3c: extract_entropy account returned: 4 
[    5.566556] random 0000 0000 0000 e7f555d9 e8ce5c3c: urand_change_num 44 extract_buf: pool_sig 0000068c, data_sig fffffdcb, bytes_mixed 20 e7f555d9 e8ce5c3c
[    5.566567] md: Waiting for all devices to be available before autodetect
[    5.566664] md: If you don't use raid, use raid=noautodetect
[    5.566830] md: Autodetecting RAID arrays.
[    5.566926] md: Scanned 0 and added 0 devices.
[    5.567017] md: autorun ...
[    5.567103] md: ... autorun DONE.
[    5.581746] EXT3-fs: sda2: couldn't mount because of unsupported optional features (240).
[    5.581972] EXT2-fs: sda2: couldn't mount because of unsupported optional features (240).
[    5.583251] random 0000 0000 0000 e7f555d9 e8ce5c3c: rand_read_num 10 get_random_bytes(4): sig ffffff72 e7f555d9 e8ce5c3c
[    5.583253] random 0000 0000 0000 e7f555d9 e8ce5c3c: extract_entropy(.. 4 ..)
[    5.583256] random 0000 0000 0000 e7f555d9 e8ce5c3c: going to reseed nonblocking with 64 bits (32 of 0 requested)
[    5.583258] random 0000 0000 0000 e7f555d9 e8ce5c3c: extract_entropy(.. 8 ..)
[    5.583260] random 0000 0000 0000 e7f555d9 e8ce5c3c: trying to extract 64 bits from input
[    5.583262] random 0000 0000 0000 e7f555d9 e8ce5c3c: debiting 0 entropy credits from input
[    5.583264] random 0000 0000 0000 e7f555d9 e8ce5c3c: extract_entropy account returned: 0 
[    5.583267] random 0000 0000 0000 e7f555d9 e8ce5c3c: urand_change_num 45 xfer_secondary_pool(4): pool_sig ffffff72, data_sig 00000000, bytes_mixed 0 e7f555d9 e8ce5c3c
[    5.583270] random 0000 0000 0000 e7f555d9 e8ce5c3c: trying to extract 32 bits from nonblocking
[    5.583272] random 0000 0000 0000 e7f555d9 e8ce5c3c: debiting 32 entropy credits from nonblocking (unlimited)
[    5.583274] random 0000 0000 0000 e7f555d9 e8ce5c3c: extract_entropy account returned: 4 
[    5.583278] random 0000 0000 0000 e7f555d9 e8ce5c3c: urand_change_num 46 extract_buf: pool_sig ffffff72, data_sig ffffff72, bytes_mixed 20 e7f555d9 e8ce5c3c
[    5.618480] EXT4-fs (sda2): mounted filesystem with ordered data mode
[    5.618690] VFS: Mounted root (ext4 filesystem) readonly on device 8:2.
[    5.618792] Freeing unused kernel memory: 448k freed
[    5.689046] random 0000 0000 0000 91716c54 eeb6a1e7: rand_read_num 11 get_random_bytes(16): sig fffffcad 91716c54 eeb6a1e7
[    5.689049] random 0000 0000 0000 91716c54 eeb6a1e7: extract_entropy(.. 16 ..)
[    5.689051] random 0000 0000 0000 91716c54 eeb6a1e7: going to reseed nonblocking with 128 bits (128 of 0 requested)
[    5.689053] random 0000 0000 0000 91716c54 eeb6a1e7: extract_entropy(.. 16 ..)
[    5.689055] random 0000 0000 0000 91716c54 eeb6a1e7: trying to extract 128 bits from input
[    5.689057] random 0000 0000 0000 91716c54 eeb6a1e7: debiting 0 entropy credits from input
[    5.689059] random 0000 0000 0000 91716c54 eeb6a1e7: extract_entropy account returned: 0 
[    5.689063] random 0000 0000 0000 91716c54 eeb6a1e7: urand_change_num 47 xfer_secondary_pool(16): pool_sig fffffcad, data_sig 00000000, bytes_mixed 0 91716c54 eeb6a1e7
[    5.689065] random 0000 0000 0000 91716c54 eeb6a1e7: trying to extract 128 bits from nonblocking
[    5.689068] random 0000 0000 0000 91716c54 eeb6a1e7: debiting 128 entropy credits from nonblocking (unlimited)
[    5.689070] random 0000 0000 0000 91716c54 eeb6a1e7: extract_entropy account returned: 16 
[    5.689074] random 0000 0000 0000 91716c54 eeb6a1e7: urand_change_num 48 extract_buf: pool_sig fffffcad, data_sig ffffff19, bytes_mixed 20 91716c54 eeb6a1e7
[    5.689079] random 0000 0000 0000 fd637b06 6cf47bc1: urand_change_num 49 extract_buf: pool_sig fffffede, data_sig ffffffc1, bytes_mixed 20 fd637b06 6cf47bc1
[    5.767474] random 0000 0000 0000 fd637b06 6cf47bc1: rand_read_num 12 get_random_bytes(16): sig 0000033b fd637b06 6cf47bc1
[    5.767477] random 0000 0000 0000 fd637b06 6cf47bc1: extract_entropy(.. 16 ..)
[    5.767480] random 0000 0000 0000 fd637b06 6cf47bc1: going to reseed nonblocking with 128 bits (128 of 0 requested)
[    5.767482] random 0000 0000 0000 fd637b06 6cf47bc1: extract_entropy(.. 16 ..)
[    5.767484] random 0000 0000 0000 fd637b06 6cf47bc1: trying to extract 128 bits from input
[    5.767486] random 0000 0000 0000 fd637b06 6cf47bc1: debiting 0 entropy credits from input
[    5.767488] random 0000 0000 0000 fd637b06 6cf47bc1: extract_entropy account returned: 0 
[    5.767491] random 0000 0000 0000 fd637b06 6cf47bc1: urand_change_num 50 xfer_secondary_pool(16): pool_sig 0000033b, data_sig 00000000, bytes_mixed 0 fd637b06 6cf47bc1
[    5.767494] random 0000 0000 0000 fd637b06 6cf47bc1: trying to extract 128 bits from nonblocking
[    5.767496] random 0000 0000 0000 fd637b06 6cf47bc1: debiting 128 entropy credits from nonblocking (unlimited)
[    5.767498] random 0000 0000 0000 fd637b06 6cf47bc1: extract_entropy account returned: 16 
[    5.767503] random 0000 0000 0000 fd637b06 6cf47bc1: urand_change_num 51 extract_buf: pool_sig 0000033b, data_sig 000000d8, bytes_mixed 20 fd637b06 6cf47bc1
[    5.767508] random 0000 0000 0000 0ec1f012 d4727ca8: urand_change_num 52 extract_buf: pool_sig fffffcf5, data_sig 00000016, bytes_mixed 20 0ec1f012 d4727ca8
[    6.139691] ieee1394: Host added: ID:BUS[0-00:1023]  GUID[00061b032a25f51c]
[    6.141393] random 0000 0000 0000 45b1d0b1 845a73f7: rand_read_num 13 get_random_bytes(16): sig 00000116 45b1d0b1 845a73f7
[    6.141396] random 0000 0000 0000 45b1d0b1 845a73f7: extract_entropy(.. 16 ..)
[    6.141398] random 0000 0000 0000 45b1d0b1 845a73f7: going to reseed nonblocking with 128 bits (128 of 0 requested)
[    6.141401] random 0000 0000 0000 45b1d0b1 845a73f7: extract_entropy(.. 16 ..)
[    6.141403] random 0000 0000 0000 45b1d0b1 845a73f7: trying to extract 128 bits from input
[    6.141405] random 0000 0000 0000 45b1d0b1 845a73f7: debiting 0 entropy credits from input
[    6.141407] random 0000 0000 0000 45b1d0b1 845a73f7: extract_entropy account returned: 0 
[    6.141410] random 0000 0000 0000 45b1d0b1 845a73f7: urand_change_num 53 xfer_secondary_pool(16): pool_sig 00000116, data_sig 00000000, bytes_mixed 0 45b1d0b1 845a73f7
[    6.141413] random 0000 0000 0000 45b1d0b1 845a73f7: trying to extract 128 bits from nonblocking
[    6.141415] random 0000 0000 0000 45b1d0b1 845a73f7: debiting 128 entropy credits from nonblocking (unlimited)
[    6.141417] random 0000 0000 0000 45b1d0b1 845a73f7: extract_entropy account returned: 16 
[    6.141421] random 0000 0000 0000 45b1d0b1 845a73f7: urand_change_num 54 extract_buf: pool_sig 00000116, data_sig fffffd8b, bytes_mixed 20 45b1d0b1 845a73f7
[    6.141427] random 0000 0000 0000 45b1d0b1 845a73f7: urand_change_num 55 extract_buf: pool_sig fffffc05, data_sig 00000109, bytes_mixed 20 45b1d0b1 845a73f7
[    6.193890] random 0000 0000 0000 5012cce3 b8a30621: rand_read_num 14 get_random_bytes(16): sig fffffb93 5012cce3 b8a30621
[    6.193893] random 0000 0000 0000 5012cce3 b8a30621: extract_entropy(.. 16 ..)
[    6.193895] random 0000 0000 0000 5012cce3 b8a30621: going to reseed nonblocking with 128 bits (128 of 0 requested)
[    6.193898] random 0000 0000 0000 5012cce3 b8a30621: extract_entropy(.. 16 ..)
[    6.193900] random 0000 0000 0000 5012cce3 b8a30621: trying to extract 128 bits from input
[    6.193902] random 0000 0000 0000 5012cce3 b8a30621: debiting 0 entropy credits from input
[    6.193904] random 0000 0000 0000 5012cce3 b8a30621: extract_entropy account returned: 0 
[    6.193907] random 0000 0000 0000 5012cce3 b8a30621: urand_change_num 56 xfer_secondary_pool(16): pool_sig fffffb93, data_sig 00000000, bytes_mixed 0 5012cce3 b8a30621
[    6.193910] random 0000 0000 0000 5012cce3 b8a30621: trying to extract 128 bits from nonblocking
[    6.193912] random 0000 0000 0000 5012cce3 b8a30621: debiting 128 entropy credits from nonblocking (unlimited)
[    6.193915] random 0000 0000 0000 5012cce3 b8a30621: extract_entropy account returned: 16 
[    6.193919] random 0000 0000 0000 5012cce3 b8a30621: urand_change_num 57 extract_buf: pool_sig fffffb93, data_sig ffffff35, bytes_mixed 20 5012cce3 b8a30621
[    6.193924] random 0000 0000 0000 5012cce3 b8a30621: urand_change_num 58 extract_buf: pool_sig fffffb9d, data_sig ffffff92, bytes_mixed 20 5012cce3 b8a30621
[    6.195292] random 0000 0000 0000 30a5721d 4b648ff6: rand_read_num 15 get_random_bytes(16): sig fffffeb5 30a5721d 4b648ff6
[    6.195295] random 0000 0000 0000 30a5721d 4b648ff6: extract_entropy(.. 16 ..)
[    6.195298] random 0000 0000 0000 30a5721d 4b648ff6: going to reseed nonblocking with 128 bits (128 of 0 requested)
[    6.195300] random 0000 0000 0000 30a5721d 4b648ff6: extract_entropy(.. 16 ..)
[    6.195302] random 0000 0000 0000 30a5721d 4b648ff6: trying to extract 128 bits from input
[    6.195304] random 0000 0000 0000 30a5721d 4b648ff6: debiting 0 entropy credits from input
[    6.195306] random 0000 0000 0000 30a5721d 4b648ff6: extract_entropy account returned: 0 
[    6.195309] random 0000 0000 0000 30a5721d 4b648ff6: urand_change_num 59 xfer_secondary_pool(16): pool_sig fffffeb5, data_sig 00000000, bytes_mixed 0 30a5721d 4b648ff6
[    6.195312] random 0000 0000 0000 30a5721d 4b648ff6: trying to extract 128 bits from nonblocking
[    6.195314] random 0000 0000 0000 30a5721d 4b648ff6: debiting 128 entropy credits from nonblocking (unlimited)
[    6.195317] random 0000 0000 0000 30a5721d 4b648ff6: extract_entropy account returned: 16 
[    6.195321] random 0000 0000 0000 30a5721d 4b648ff6: urand_change_num 60 extract_buf: pool_sig fffffeb5, data_sig 000000c2, bytes_mixed 20 30a5721d 4b648ff6
[    6.195326] random 0000 0000 0000 89bae1ab 704c432f: urand_change_num 61 extract_buf: pool_sig 0000006e, data_sig fffffefc, bytes_mixed 20 89bae1ab 704c432f
[    6.195875] random 0000 0000 0000 89bae1ab 704c432f: rand_read_num 16 get_random_bytes(16): sig fffffd99 89bae1ab 704c432f
[    6.195877] random 0000 0000 0000 89bae1ab 704c432f: extract_entropy(.. 16 ..)
[    6.195880] random 0000 0000 0000 89bae1ab 704c432f: going to reseed nonblocking with 128 bits (128 of 0 requested)
[    6.195882] random 0000 0000 0000 89bae1ab 704c432f: extract_entropy(.. 16 ..)
[    6.195884] random 0000 0000 0000 89bae1ab 704c432f: trying to extract 128 bits from input
[    6.195887] random 0000 0000 0000 89bae1ab 704c432f: debiting 0 entropy credits from input
[    6.195889] random 0000 0000 0000 89bae1ab 704c432f: extract_entropy account returned: 0 
[    6.195892] random 0000 0000 0000 89bae1ab 704c432f: urand_change_num 62 xfer_secondary_pool(16): pool_sig fffffd99, data_sig 00000000, bytes_mixed 0 89bae1ab 704c432f
[    6.195894] random 0000 0000 0000 89bae1ab 704c432f: trying to extract 128 bits from nonblocking
[    6.195897] random 0000 0000 0000 89bae1ab 704c432f: debiting 128 entropy credits from nonblocking (unlimited)
[    6.195899] random 0000 0000 0000 89bae1ab 704c432f: extract_entropy account returned: 16 
[    6.195903] random 0000 0000 0000 89bae1ab 704c432f: urand_change_num 63 extract_buf: pool_sig fffffd99, data_sig 00000204, bytes_mixed 20 89bae1ab 704c432f
[    6.195908] random 0000 0000 0000 6c298a02 2b1539f8: urand_change_num 64 extract_buf: pool_sig 00000124, data_sig fffffff5, bytes_mixed 20 6c298a02 2b1539f8
[    6.196818] random 0000 0000 0000 c77b8b35 70f6cab5: rand_read_num 17 get_random_bytes(16): sig 0000036b c77b8b35 70f6cab5
[    6.196821] random 0000 0000 0000 c77b8b35 70f6cab5: extract_entropy(.. 16 ..)
[    6.196823] random 0000 0000 0000 c77b8b35 70f6cab5: going to reseed nonblocking with 128 bits (128 of 0 requested)
[    6.196825] random 0000 0000 0000 c77b8b35 70f6cab5: extract_entropy(.. 16 ..)
[    6.196827] random 0000 0000 0000 c77b8b35 70f6cab5: trying to extract 128 bits from input
[    6.196830] random 0000 0000 0000 c77b8b35 70f6cab5: debiting 0 entropy credits from input
[    6.196832] random 0000 0000 0000 c77b8b35 70f6cab5: extract_entropy account returned: 0 
[    6.196835] random 0000 0000 0000 c77b8b35 70f6cab5: urand_change_num 65 xfer_secondary_pool(16): pool_sig 0000036b, data_sig 00000000, bytes_mixed 0 c77b8b35 70f6cab5
[    6.196838] random 0000 0000 0000 c77b8b35 70f6cab5: trying to extract 128 bits from nonblocking
[    6.196840] random 0000 0000 0000 c77b8b35 70f6cab5: debiting 128 entropy credits from nonblocking (unlimited)
[    6.196842] random 0000 0000 0000 c77b8b35 70f6cab5: extract_entropy account returned: 16 
[    6.196846] random 0000 0000 0000 c77b8b35 70f6cab5: urand_change_num 66 extract_buf: pool_sig 0000036b, data_sig 0000005f, bytes_mixed 20 c77b8b35 70f6cab5
[    6.196852] random 0000 0000 0000 c77b8b35 70f6cab5: urand_change_num 67 extract_buf: pool_sig ffffff1c, data_sig 0000005a, bytes_mixed 20 c77b8b35 70f6cab5
[    6.197437] random 0000 0000 0000 af21d212 57d20ca3: rand_read_num 18 get_random_bytes(16): sig fffffb7f af21d212 57d20ca3
[    6.197440] random 0000 0000 0000 af21d212 57d20ca3: extract_entropy(.. 16 ..)
[    6.197442] random 0000 0000 0000 af21d212 57d20ca3: going to reseed nonblocking with 128 bits (128 of 0 requested)
[    6.197444] random 0000 0000 0000 af21d212 57d20ca3: extract_entropy(.. 16 ..)
[    6.197447] random 0000 0000 0000 af21d212 57d20ca3: trying to extract 128 bits from input
[    6.197449] random 0000 0000 0000 af21d212 57d20ca3: debiting 0 entropy credits from input
[    6.197451] random 0000 0000 0000 af21d212 57d20ca3: extract_entropy account returned: 0 
[    6.197454] random 0000 0000 0000 af21d212 57d20ca3: urand_change_num 68 xfer_secondary_pool(16): pool_sig fffffb7f, data_sig 00000000, bytes_mixed 0 af21d212 57d20ca3
[    6.197457] random 0000 0000 0000 af21d212 57d20ca3: trying to extract 128 bits from nonblocking
[    6.197459] random 0000 0000 0000 af21d212 57d20ca3: debiting 128 entropy credits from nonblocking (unlimited)
[    6.197461] random 0000 0000 0000 af21d212 57d20ca3: extract_entropy account returned: 16 
[    6.197465] random 0000 0000 0000 af21d212 57d20ca3: urand_change_num 69 extract_buf: pool_sig fffffb7f, data_sig ffffff88, bytes_mixed 20 af21d212 57d20ca3
[    6.197471] random 0000 0000 0000 af21d212 57d20ca3: urand_change_num 70 extract_buf: pool_sig fffffe1d, data_sig ffffff17, bytes_mixed 20 af21d212 57d20ca3
[    6.198064] random 0000 0000 0000 ffbd26fd 21933274: rand_read_num 19 get_random_bytes(16): sig ffffffc7 ffbd26fd 21933274
[    6.198067] random 0000 0000 0000 ffbd26fd 21933274: extract_entropy(.. 16 ..)
[    6.198069] random 0000 0000 0000 ffbd26fd 21933274: going to reseed nonblocking with 128 bits (128 of 0 requested)
[    6.198072] random 0000 0000 0000 ffbd26fd 21933274: extract_entropy(.. 16 ..)
[    6.198074] random 0000 0000 0000 ffbd26fd 21933274: trying to extract 128 bits from input
[    6.198076] random 0000 0000 0000 ffbd26fd 21933274: debiting 0 entropy credits from input
[    6.198078] random 0000 0000 0000 ffbd26fd 21933274: extract_entropy account returned: 0 
[    6.198081] random 0000 0000 0000 ffbd26fd 21933274: urand_change_num 71 xfer_secondary_pool(16): pool_sig ffffffc7, data_sig 00000000, bytes_mixed 0 ffbd26fd 21933274
[    6.198084] random 0000 0000 0000 ffbd26fd 21933274: trying to extract 128 bits from nonblocking
[    6.198086] random 0000 0000 0000 ffbd26fd 21933274: debiting 128 entropy credits from nonblocking (unlimited)
[    6.198088] random 0000 0000 0000 ffbd26fd 21933274: extract_entropy account returned: 16 
[    6.198092] random 0000 0000 0000 ffbd26fd 21933274: urand_change_num 72 extract_buf: pool_sig ffffffc7, data_sig 0000013b, bytes_mixed 20 ffbd26fd 21933274
[    6.198098] random 0000 0000 0000 151530a2 56c65dd3: urand_change_num 73 extract_buf: pool_sig ffffffbf, data_sig 00000036, bytes_mixed 20 151530a2 56c65dd3
[    6.198655] random 0000 0000 0000 151530a2 56c65dd3: rand_read_num 20 get_random_bytes(16): sig 000001a7 151530a2 56c65dd3
[    6.198658] random 0000 0000 0000 151530a2 56c65dd3: extract_entropy(.. 16 ..)
[    6.198660] random 0000 0000 0000 151530a2 56c65dd3: going to reseed nonblocking with 128 bits (128 of 0 requested)
[    6.198663] random 0000 0000 0000 151530a2 56c65dd3: extract_entropy(.. 16 ..)
[    6.198665] random 0000 0000 0000 151530a2 56c65dd3: trying to extract 128 bits from input
[    6.198667] random 0000 0000 0000 151530a2 56c65dd3: debiting 0 entropy credits from input
[    6.198669] random 0000 0000 0000 151530a2 56c65dd3: extract_entropy account returned: 0 
[    6.198672] random 0000 0000 0000 151530a2 56c65dd3: urand_change_num 74 xfer_secondary_pool(16): pool_sig 000001a7, data_sig 00000000, bytes_mixed 0 151530a2 56c65dd3
[    6.198675] random 0000 0000 0000 151530a2 56c65dd3: trying to extract 128 bits from nonblocking
[    6.198677] random 0000 0000 0000 151530a2 56c65dd3: debiting 128 entropy credits from nonblocking (unlimited)
[    6.198679] random 0000 0000 0000 151530a2 56c65dd3: extract_entropy account returned: 16 
[    6.198683] random 0000 0000 0000 151530a2 56c65dd3: urand_change_num 75 extract_buf: pool_sig 000001a7, data_sig ffffffa1, bytes_mixed 20 151530a2 56c65dd3
[    6.198689] random 0000 0000 0000 5d3e132e d9a77eb3: urand_change_num 76 extract_buf: pool_sig fffffcc9, data_sig 00000013, bytes_mixed 20 5d3e132e d9a77eb3
[    6.241382] random 0000 0000 0000 264837ad 0a28fef5: rand_read_num 21 get_random_bytes(16): sig ffffffd0 264837ad 0a28fef5
[    6.241385] random 0000 0000 0000 264837ad 0a28fef5: extract_entropy(.. 16 ..)
[    6.241388] random 0000 0000 0000 264837ad 0a28fef5: going to reseed nonblocking with 128 bits (128 of 0 requested)
[    6.241390] random 0000 0000 0000 264837ad 0a28fef5: extract_entropy(.. 16 ..)
[    6.241392] random 0000 0000 0000 264837ad 0a28fef5: trying to extract 128 bits from input
[    6.241395] random 0000 0000 0000 264837ad 0a28fef5: debiting 0 entropy credits from input
[    6.241396] random 0000 0000 0000 264837ad 0a28fef5: extract_entropy account returned: 0 
[    6.241400] random 0000 0000 0000 264837ad 0a28fef5: urand_change_num 77 xfer_secondary_pool(16): pool_sig ffffffd0, data_sig 00000000, bytes_mixed 0 264837ad 0a28fef5
[    6.241403] random 0000 0000 0000 264837ad 0a28fef5: trying to extract 128 bits from nonblocking
[    6.241405] random 0000 0000 0000 264837ad 0a28fef5: debiting 128 entropy credits from nonblocking (unlimited)
[    6.241407] random 0000 0000 0000 264837ad 0a28fef5: extract_entropy account returned: 16 
[    6.241412] random 0000 0000 0000 264837ad 0a28fef5: urand_change_num 78 extract_buf: pool_sig ffffffd0, data_sig 0000017b, bytes_mixed 20 264837ad 0a28fef5
[    6.241417] random 0000 0000 0000 264837ad 0a28fef5: urand_change_num 79 extract_buf: pool_sig 0000045c, data_sig 000001df, bytes_mixed 20 264837ad 0a28fef5
[    6.242876] random 0000 0000 0000 f37f7344 164aede0: rand_read_num 22 get_random_bytes(16): sig 000003c2 f37f7344 164aede0
[    6.242879] random 0000 0000 0000 f37f7344 164aede0: extract_entropy(.. 16 ..)
[    6.242882] random 0000 0000 0000 f37f7344 164aede0: going to reseed nonblocking with 128 bits (128 of 0 requested)
[    6.242884] random 0000 0000 0000 f37f7344 164aede0: extract_entropy(.. 16 ..)
[    6.242886] random 0000 0000 0000 f37f7344 164aede0: trying to extract 128 bits from input
[    6.242888] random 0000 0000 0000 f37f7344 164aede0: debiting 0 entropy credits from input
[    6.242890] random 0000 0000 0000 f37f7344 164aede0: extract_entropy account returned: 0 
[    6.242893] random 0000 0000 0000 f37f7344 164aede0: urand_change_num 80 xfer_secondary_pool(16): pool_sig 000003c2, data_sig 00000000, bytes_mixed 0 f37f7344 164aede0
[    6.242896] random 0000 0000 0000 f37f7344 164aede0: trying to extract 128 bits from nonblocking
[    6.242899] random 0000 0000 0000 f37f7344 164aede0: debiting 128 entropy credits from nonblocking (unlimited)
[    6.242901] random 0000 0000 0000 f37f7344 164aede0: extract_entropy account returned: 16 
[    6.242905] random 0000 0000 0000 f37f7344 164aede0: urand_change_num 81 extract_buf: pool_sig 000003c2, data_sig ffffff6c, bytes_mixed 20 f37f7344 164aede0
[    6.242910] random 0000 0000 0000 f37f7344 164aede0: urand_change_num 82 extract_buf: pool_sig fffffdfc, data_sig 00000091, bytes_mixed 20 f37f7344 164aede0
[    6.265683] random 0000 0000 0000 a4794863 878070c1: rand_read_num 23 get_random_bytes(16): sig 0000011b a4794863 878070c1
[    6.265686] random 0000 0000 0000 a4794863 878070c1: extract_entropy(.. 16 ..)
[    6.265688] random 0000 0000 0000 a4794863 878070c1: going to reseed nonblocking with 128 bits (128 of 0 requested)
[    6.265690] random 0000 0000 0000 a4794863 878070c1: extract_entropy(.. 16 ..)
[    6.265692] random 0000 0000 0000 a4794863 878070c1: trying to extract 128 bits from input
[    6.265695] random 0000 0000 0000 a4794863 878070c1: debiting 0 entropy credits from input
[    6.265697] random 0000 0000 0000 a4794863 878070c1: extract_entropy account returned: 0 
[    6.265700] random 0000 0000 0000 a4794863 878070c1: urand_change_num 83 xfer_secondary_pool(16): pool_sig 0000011b, data_sig 00000000, bytes_mixed 0 a4794863 878070c1
[    6.265703] random 0000 0000 0000 a4794863 878070c1: trying to extract 128 bits from nonblocking
[    6.265705] random 0000 0000 0000 a4794863 878070c1: debiting 128 entropy credits from nonblocking (unlimited)
[    6.265707] random 0000 0000 0000 a4794863 878070c1: extract_entropy account returned: 16 
[    6.265711] random 0000 0000 0000 a4794863 878070c1: urand_change_num 84 extract_buf: pool_sig 0000011b, data_sig ffffff51, bytes_mixed 20 a4794863 878070c1
[    6.265717] random 0000 0000 0000 737f19b4 9417d8ab: urand_change_num 85 extract_buf: pool_sig 000001a3, data_sig 0000006c, bytes_mixed 20 737f19b4 9417d8ab
[    6.269775] random 0000 0000 0000 737f19b4 9417d8ab: rand_read_num 24 get_random_bytes(16): sig fffffe22 737f19b4 9417d8ab
[    6.269778] random 0000 0000 0000 737f19b4 9417d8ab: extract_entropy(.. 16 ..)
[    6.269781] random 0000 0000 0000 737f19b4 9417d8ab: going to reseed nonblocking with 128 bits (128 of 0 requested)
[    6.269783] random 0000 0000 0000 737f19b4 9417d8ab: extract_entropy(.. 16 ..)
[    6.269785] random 0000 0000 0000 737f19b4 9417d8ab: trying to extract 128 bits from input
[    6.269787] random 0000 0000 0000 737f19b4 9417d8ab: debiting 0 entropy credits from input
[    6.269789] random 0000 0000 0000 737f19b4 9417d8ab: extract_entropy account returned: 0 
[    6.269792] random 0000 0000 0000 737f19b4 9417d8ab: urand_change_num 86 xfer_secondary_pool(16): pool_sig fffffe22, data_sig 00000000, bytes_mixed 0 737f19b4 9417d8ab
[    6.269795] random 0000 0000 0000 737f19b4 9417d8ab: trying to extract 128 bits from nonblocking
[    6.269797] random 0000 0000 0000 737f19b4 9417d8ab: debiting 128 entropy credits from nonblocking (unlimited)
[    6.269799] random 0000 0000 0000 737f19b4 9417d8ab: extract_entropy account returned: 16 
[    6.269804] random 0000 0000 0000 737f19b4 9417d8ab: urand_change_num 87 extract_buf: pool_sig fffffe22, data_sig 00000230, bytes_mixed 20 737f19b4 9417d8ab
[    6.269809] random 0000 0000 0000 4deb0d06 1236af4c: urand_change_num 88 extract_buf: pool_sig 000000b6, data_sig ffffff44, bytes_mixed 20 4deb0d06 1236af4c
[    6.270803] random 0000 0000 0000 b538fadc 4a7613df: rand_read_num 25 get_random_bytes(16): sig 0000013c b538fadc 4a7613df
[    6.270806] random 0000 0000 0000 b538fadc 4a7613df: extract_entropy(.. 16 ..)
[    6.270809] random 0000 0000 0000 b538fadc 4a7613df: going to reseed nonblocking with 128 bits (128 of 0 requested)
[    6.270811] random 0000 0000 0000 b538fadc 4a7613df: extract_entropy(.. 16 ..)
[    6.270813] random 0000 0000 0000 b538fadc 4a7613df: trying to extract 128 bits from input
[    6.270815] random 0000 0000 0000 b538fadc 4a7613df: debiting 0 entropy credits from input
[    6.270817] random 0000 0000 0000 b538fadc 4a7613df: extract_entropy account returned: 0 
[    6.270820] random 0000 0000 0000 b538fadc 4a7613df: urand_change_num 89 xfer_secondary_pool(16): pool_sig 0000013c, data_sig 00000000, bytes_mixed 0 b538fadc 4a7613df
[    6.270823] random 0000 0000 0000 b538fadc 4a7613df: trying to extract 128 bits from nonblocking
[    6.270825] random 0000 0000 0000 b538fadc 4a7613df: debiting 128 entropy credits from nonblocking (unlimited)
[    6.270828] random 0000 0000 0000 b538fadc 4a7613df: extract_entropy account returned: 16 
[    6.270832] random 0000 0000 0000 b538fadc 4a7613df: urand_change_num 90 extract_buf: pool_sig 0000013c, data_sig 00000015, bytes_mixed 20 b538fadc 4a7613df
[    6.270837] random 0000 0000 0000 b538fadc 4a7613df: urand_change_num 91 extract_buf: pool_sig 00000452, data_sig 0000002b, bytes_mixed 20 b538fadc 4a7613df
[    6.271288] random 0000 0000 0000 73b17df4 93bb370e: rand_read_num 26 get_random_bytes(16): sig fffffbf1 73b17df4 93bb370e
[    6.271290] random 0000 0000 0000 73b17df4 93bb370e: extract_entropy(.. 16 ..)
[    6.271293] random 0000 0000 0000 73b17df4 93bb370e: going to reseed nonblocking with 128 bits (128 of 0 requested)
[    6.271295] random 0000 0000 0000 73b17df4 93bb370e: extract_entropy(.. 16 ..)
[    6.271297] random 0000 0000 0000 73b17df4 93bb370e: trying to extract 128 bits from input
[    6.271299] random 0000 0000 0000 73b17df4 93bb370e: debiting 0 entropy credits from input
[    6.271301] random 0000 0000 0000 73b17df4 93bb370e: extract_entropy account returned: 0 
[    6.271304] random 0000 0000 0000 73b17df4 93bb370e: urand_change_num 92 xfer_secondary_pool(16): pool_sig fffffbf1, data_sig 00000000, bytes_mixed 0 73b17df4 93bb370e
[    6.271307] random 0000 0000 0000 73b17df4 93bb370e: trying to extract 128 bits from nonblocking
[    6.271310] random 0000 0000 0000 73b17df4 93bb370e: debiting 128 entropy credits from nonblocking (unlimited)
[    6.271312] random 0000 0000 0000 73b17df4 93bb370e: extract_entropy account returned: 16 
[    6.271316] random 0000 0000 0000 73b17df4 93bb370e: urand_change_num 93 extract_buf: pool_sig fffffbf1, data_sig ffffff99, bytes_mixed 20 73b17df4 93bb370e
[    6.271321] random 0000 0000 0000 73b17df4 93bb370e: urand_change_num 94 extract_buf: pool_sig fffffe1d, data_sig 000000b0, bytes_mixed 20 73b17df4 93bb370e
[    6.271736] random 0000 0000 0000 0cd682bb ba04da9f: rand_read_num 27 get_random_bytes(16): sig fffffccb 0cd682bb ba04da9f
[    6.271739] random 0000 0000 0000 0cd682bb ba04da9f: extract_entropy(.. 16 ..)
[    6.271741] random 0000 0000 0000 0cd682bb ba04da9f: going to reseed nonblocking with 128 bits (128 of 0 requested)
[    6.271743] random 0000 0000 0000 0cd682bb ba04da9f: extract_entropy(.. 16 ..)
[    6.271745] random 0000 0000 0000 0cd682bb ba04da9f: trying to extract 128 bits from input
[    6.271748] random 0000 0000 0000 0cd682bb ba04da9f: debiting 0 entropy credits from input
[    6.271750] random 0000 0000 0000 0cd682bb ba04da9f: extract_entropy account returned: 0 
[    6.271753] random 0000 0000 0000 0cd682bb ba04da9f: urand_change_num 95 xfer_secondary_pool(16): pool_sig fffffccb, data_sig 00000000, bytes_mixed 0 0cd682bb ba04da9f
[    6.271756] random 0000 0000 0000 0cd682bb ba04da9f: trying to extract 128 bits from nonblocking
[    6.271758] random 0000 0000 0000 0cd682bb ba04da9f: debiting 128 entropy credits from nonblocking (unlimited)
[    6.271760] random 0000 0000 0000 0cd682bb ba04da9f: extract_entropy account returned: 16 
[    6.271764] random 0000 0000 0000 0cd682bb ba04da9f: urand_change_num 96 extract_buf: pool_sig fffffccb, data_sig fffffec5, bytes_mixed 20 0cd682bb ba04da9f
[    6.271770] random 0000 0000 0000 26929f1a 15254dc1: urand_change_num 97 extract_buf: pool_sig fffffed2, data_sig ffffffb1, bytes_mixed 20 26929f1a 15254dc1
[    6.272643] random 0000 0000 0000 26929f1a 15254dc1: rand_read_num 28 get_random_bytes(16): sig 00000038 26929f1a 15254dc1
[    6.272646] random 0000 0000 0000 26929f1a 15254dc1: extract_entropy(.. 16 ..)
[    6.272649] random 0000 0000 0000 26929f1a 15254dc1: going to reseed nonblocking with 128 bits (128 of 0 requested)
[    6.272651] random 0000 0000 0000 26929f1a 15254dc1: extract_entropy(.. 16 ..)
[    6.272653] random 0000 0000 0000 26929f1a 15254dc1: trying to extract 128 bits from input
[    6.272655] random 0000 0000 0000 26929f1a 15254dc1: debiting 0 entropy credits from input
[    6.272657] random 0000 0000 0000 26929f1a 15254dc1: extract_entropy account returned: 0 
[    6.272660] random 0000 0000 0000 26929f1a 15254dc1: urand_change_num 98 xfer_secondary_pool(16): pool_sig 00000038, data_sig 00000000, bytes_mixed 0 26929f1a 15254dc1
[    6.272663] random 0000 0000 0000 26929f1a 15254dc1: trying to extract 128 bits from nonblocking
[    6.272666] random 0000 0000 0000 26929f1a 15254dc1: debiting 128 entropy credits from nonblocking (unlimited)
[    6.272668] random 0000 0000 0000 26929f1a 15254dc1: extract_entropy account returned: 16 
[    6.272672] random 0000 0000 0000 26929f1a 15254dc1: urand_change_num 99 extract_buf: pool_sig 00000038, data_sig 000000fd, bytes_mixed 20 26929f1a 15254dc1
[    6.272677] random 0000 0000 0000 8116fe3b 478c2d5b: urand_change_num 100 extract_buf: pool_sig 00000059, data_sig 00000310, bytes_mixed 20 8116fe3b 478c2d5b
[    6.279320] random 0000 0000 0000 a20f4a3a 32a6b2fa: rand_read_num 29 get_random_bytes(16): sig 000002c0 a20f4a3a 32a6b2fa
[    6.279323] random 0000 0000 0000 a20f4a3a 32a6b2fa: extract_entropy(.. 16 ..)
[    6.279326] random 0000 0000 0000 a20f4a3a 32a6b2fa: going to reseed nonblocking with 128 bits (128 of 0 requested)
[    6.279328] random 0000 0000 0000 a20f4a3a 32a6b2fa: extract_entropy(.. 16 ..)
[    6.279330] random 0000 0000 0000 a20f4a3a 32a6b2fa: trying to extract 128 bits from input
[    6.279332] random 0000 0000 0000 a20f4a3a 32a6b2fa: debiting 0 entropy credits from input
[    6.279334] random 0000 0000 0000 a20f4a3a 32a6b2fa: extract_entropy account returned: 0 
[    6.279337] random 0000 0000 0000 a20f4a3a 32a6b2fa: urand_change_num 101 xfer_secondary_pool(16): pool_sig 000002c0, data_sig 00000000, bytes_mixed 0 a20f4a3a 32a6b2fa
[    6.279340] random 0000 0000 0000 a20f4a3a 32a6b2fa: trying to extract 128 bits from nonblocking
[    6.279343] random 0000 0000 0000 a20f4a3a 32a6b2fa: debiting 128 entropy credits from nonblocking (unlimited)
[    6.279345] random 0000 0000 0000 a20f4a3a 32a6b2fa: extract_entropy account returned: 16 
[    6.279349] random 0000 0000 0000 a20f4a3a 32a6b2fa: urand_change_num 102 extract_buf: pool_sig 000002c0, data_sig 000000fb, bytes_mixed 20 a20f4a3a 32a6b2fa
[    6.279354] random 0000 0000 0000 a20f4a3a 32a6b2fa: urand_change_num 103 extract_buf: pool_sig ffffffdd, data_sig 000000a5, bytes_mixed 20 a20f4a3a 32a6b2fa
[    6.291840] random 0000 0000 0000 de716d2a 6c4757e1: rand_read_num 30 get_random_bytes(16): sig 000000fa de716d2a 6c4757e1
[    6.291842] random 0000 0000 0000 de716d2a 6c4757e1: extract_entropy(.. 16 ..)
[    6.291845] random 0000 0000 0000 de716d2a 6c4757e1: going to reseed nonblocking with 128 bits (128 of 0 requested)
[    6.291847] random 0000 0000 0000 de716d2a 6c4757e1: extract_entropy(.. 16 ..)
[    6.291849] random 0000 0000 0000 de716d2a 6c4757e1: trying to extract 128 bits from input
[    6.291852] random 0000 0000 0000 de716d2a 6c4757e1: debiting 0 entropy credits from input
[    6.291854] random 0000 0000 0000 de716d2a 6c4757e1: extract_entropy account returned: 0 
[    6.291857] random 0000 0000 0000 de716d2a 6c4757e1: urand_change_num 104 xfer_secondary_pool(16): pool_sig 000000fa, data_sig 00000000, bytes_mixed 0 de716d2a 6c4757e1
[    6.291860] random 0000 0000 0000 de716d2a 6c4757e1: trying to extract 128 bits from nonblocking
[    6.291862] random 0000 0000 0000 de716d2a 6c4757e1: debiting 128 entropy credits from nonblocking (unlimited)
[    6.291864] random 0000 0000 0000 de716d2a 6c4757e1: extract_entropy account returned: 16 
[    6.291868] random 0000 0000 0000 de716d2a 6c4757e1: urand_change_num 105 extract_buf: pool_sig 000000fa, data_sig ffffff34, bytes_mixed 20 de716d2a 6c4757e1
[    6.291874] random 0000 0000 0000 de716d2a 6c4757e1: urand_change_num 106 extract_buf: pool_sig 000003d3, data_sig ffffff30, bytes_mixed 20 de716d2a 6c4757e1
[    6.292450] random 0000 0000 0000 a7c511e1 f90ea457: rand_read_num 31 get_random_bytes(16): sig 0000009a a7c511e1 f90ea457
[    6.292453] random 0000 0000 0000 a7c511e1 f90ea457: extract_entropy(.. 16 ..)
[    6.292456] random 0000 0000 0000 a7c511e1 f90ea457: going to reseed nonblocking with 128 bits (128 of 0 requested)
[    6.292458] random 0000 0000 0000 a7c511e1 f90ea457: extract_entropy(.. 16 ..)
[    6.292460] random 0000 0000 0000 a7c511e1 f90ea457: trying to extract 128 bits from input
[    6.292462] random 0000 0000 0000 a7c511e1 f90ea457: debiting 0 entropy credits from input
[    6.292464] random 0000 0000 0000 a7c511e1 f90ea457: extract_entropy account returned: 0 
[    6.292467] random 0000 0000 0000 a7c511e1 f90ea457: urand_change_num 107 xfer_secondary_pool(16): pool_sig 0000009a, data_sig 00000000, bytes_mixed 0 a7c511e1 f90ea457
[    6.292470] random 0000 0000 0000 a7c511e1 f90ea457: trying to extract 128 bits from nonblocking
[    6.292473] random 0000 0000 0000 a7c511e1 f90ea457: debiting 128 entropy credits from nonblocking (unlimited)
[    6.292475] random 0000 0000 0000 a7c511e1 f90ea457: extract_entropy account returned: 16 
[    6.292479] random 0000 0000 0000 a7c511e1 f90ea457: urand_change_num 108 extract_buf: pool_sig 0000009a, data_sig 000000e0, bytes_mixed 20 a7c511e1 f90ea457
[    6.292484] random 0000 0000 0000 7c18c7e6 d65ccb06: urand_change_num 109 extract_buf: pool_sig fffffa79, data_sig 000000e0, bytes_mixed 20 7c18c7e6 d65ccb06
[    6.293067] random 0000 0000 0000 7c18c7e6 d65ccb06: rand_read_num 32 get_random_bytes(16): sig fffffe1e 7c18c7e6 d65ccb06
[    6.293069] random 0000 0000 0000 7c18c7e6 d65ccb06: extract_entropy(.. 16 ..)
[    6.293072] random 0000 0000 0000 7c18c7e6 d65ccb06: going to reseed nonblocking with 128 bits (128 of 0 requested)
[    6.293074] random 0000 0000 0000 7c18c7e6 d65ccb06: extract_entropy(.. 16 ..)
[    6.293076] random 0000 0000 0000 7c18c7e6 d65ccb06: trying to extract 128 bits from input
[    6.293079] random 0000 0000 0000 7c18c7e6 d65ccb06: debiting 0 entropy credits from input
[    6.293080] random 0000 0000 0000 7c18c7e6 d65ccb06: extract_entropy account returned: 0 
[    6.293084] random 0000 0000 0000 7c18c7e6 d65ccb06: urand_change_num 110 xfer_secondary_pool(16): pool_sig fffffe1e, data_sig 00000000, bytes_mixed 0 7c18c7e6 d65ccb06
[    6.293086] random 0000 0000 0000 7c18c7e6 d65ccb06: trying to extract 128 bits from nonblocking
[    6.293089] random 0000 0000 0000 7c18c7e6 d65ccb06: debiting 128 entropy credits from nonblocking (unlimited)
[    6.293091] random 0000 0000 0000 7c18c7e6 d65ccb06: extract_entropy account returned: 16 
