[    0.000000] random 0000 0000 0000 00000000 00000000: rand_read_num 1 get_random_bytes(8): sig 00000000 00000000 00000000
[    0.000000] random 0000 0000 0000 00000000 00000000: extract_entropy(.. 8 ..)
[    0.000000] random 0000 0000 0000 00000000 00000000: going to reseed nonblocking with 64 bits (64 of 0 requested)
[    0.000000] random 0000 0000 0000 00000000 00000000: extract_entropy(.. 8 ..)
[    0.000000] random 0000 0000 0000 00000000 00000000: trying to extract 64 bits from input
[    0.000000] random 0000 0000 0000 00000000 00000000: debiting 0 entropy credits from input
[    0.000000] random 0000 0000 0000 00000000 00000000: extract_entropy account returned: 0 
[    0.000000] random 0000 0000 0000 00000000 00000000: urand_change_num 1 xfer_secondary_pool(8): pool_sig 00000000, data_sig 00000000, bytes_mixed 0 00000000 00000000
[    0.000000] random 0000 0000 0000 00000000 00000000: trying to extract 64 bits from nonblocking
[    0.000000] random 0000 0000 0000 00000000 00000000: debiting 64 entropy credits from nonblocking (unlimited)
[    0.000000] random 0000 0000 0000 00000000 00000000: extract_entropy account returned: 8 
[    0.000000] random 0000 0000 0000 00000000 00000000: urand_change_num 2 extract_buf: pool_sig 00000000, data_sig fffffff9, bytes_mixed 20 00000000 00000000
[    0.000000] Linux version 2.6.32.57 (dcashman@dcashman-02) (gcc version 4.3.3 (GCC) ) #3 Fri May 24 04:27:34 PDT 2013
[    0.000000] KERNEL supported cpus:
[    0.000000]   Intel GenuineIntel
[    0.000000]   AMD AuthenticAMD
[    0.000000]   NSC Geode by NSC
[    0.000000]   Cyrix CyrixInstead
[    0.000000]   Centaur CentaurHauls
[    0.000000]   Transmeta GenuineTMx86
[    0.000000]   Transmeta TransmetaCPU
[    0.000000]   UMC UMC UMC UMC
[    0.000000] BIOS-provided physical RAM map:
[    0.000000]  BIOS-e820: 0000000000000000 - 000000000009d800 (usable)
[    0.000000]  BIOS-e820: 000000000009d800 - 00000000000a0000 (reserved)
[    0.000000]  BIOS-e820: 00000000000d2000 - 00000000000d4000 (reserved)
[    0.000000]  BIOS-e820: 00000000000e0000 - 0000000000100000 (reserved)
[    0.000000]  BIOS-e820: 0000000000100000 - 000000003d6b0000 (usable)
[    0.000000]  BIOS-e820: 000000003d6b0000 - 000000003d6cc000 (ACPI data)
[    0.000000]  BIOS-e820: 000000003d6cc000 - 000000003d700000 (ACPI NVS)
[    0.000000]  BIOS-e820: 000000003d700000 - 000000003e000000 (reserved)
[    0.000000]  BIOS-e820: 00000000f0000000 - 00000000f4000000 (reserved)
[    0.000000]  BIOS-e820: 00000000fec00000 - 00000000fec10000 (reserved)
[    0.000000]  BIOS-e820: 00000000fed00000 - 00000000fed00400 (reserved)
[    0.000000]  BIOS-e820: 00000000fed14000 - 00000000fed1a000 (reserved)
[    0.000000]  BIOS-e820: 00000000fed1c000 - 00000000fed90000 (reserved)
[    0.000000]  BIOS-e820: 00000000fee00000 - 00000000fee01000 (reserved)
[    0.000000]  BIOS-e820: 00000000ff000000 - 0000000100000000 (reserved)
[    0.000000] DMI present.
[    0.000000] last_pfn = 0x3d6b0 max_arch_pfn = 0x100000
[    0.000000] MTRR default type: uncachable
[    0.000000] MTRR fixed ranges enabled:
[    0.000000]   00000-9FFFF write-back
[    0.000000]   A0000-BFFFF uncachable
[    0.000000]   C0000-CFFFF write-protect
[    0.000000]   D0000-DFFFF uncachable
[    0.000000]   E0000-FFFFF write-protect
[    0.000000] MTRR variable ranges enabled:
[    0.000000]   0 base 03E000000 mask FFE000000 uncachable
[    0.000000]   1 base 000000000 mask FC0000000 write-back
[    0.000000]   2 base 03D700000 mask FFFF00000 uncachable
[    0.000000]   3 base 03D800000 mask FFF800000 uncachable
[    0.000000]   4 disabled
[    0.000000]   5 disabled
[    0.000000]   6 disabled
[    0.000000]   7 disabled
[    0.000000] initial memory mapped : 0 - 02000000
[    0.000000] init_memory_mapping: 0000000000000000-00000000377fe000
[    0.000000]  0000000000 - 0000400000 page 4k
[    0.000000]  0000400000 - 0037400000 page 2M
[    0.000000]  0037400000 - 00377fe000 page 4k
[    0.000000] kernel direct mapping tables up to 377fe000 @ 7000-c000
[    0.000000] ACPI: RSDP 000f68d0 00024 (v02 LENOVO)
[    0.000000] ACPI: XSDT 3d6bb77f 00094 (v01 LENOVO TP-7L    00002170  LTP 00000000)
[    0.000000] ACPI: FACP 3d6bb900 000F4 (v03 LENOVO TP-7L    00002170 LNVO 00000001)
[    0.000000] ACPI Warning: 32/64X length mismatch in Gpe1Block: 0/32 (20090903/tbfadt-526)
[    0.000000] ACPI Warning: Optional field Gpe1Block has zero address or length: 000000000000102C/0 (20090903/tbfadt-557)
[    0.000000] ACPI: DSDT 3d6bbd1d 0FED1 (v01 LENOVO TP-7L    00002170 MSFT 03000000)
[    0.000000] ACPI: FACS 3d6e4000 00040
[    0.000000] ACPI: SSDT 3d6bbab4 00269 (v01 LENOVO TP-7L    00002170 MSFT 03000000)
[    0.000000] ACPI: ECDT 3d6cbbee 00052 (v01 LENOVO TP-7L    00002170 LNVO 00000001)
[    0.000000] ACPI: TCPA 3d6cbc40 00032 (v02 LENOVO TP-7L    00002170 LNVO 00000001)
[    0.000000] ACPI: APIC 3d6cbc72 00068 (v01 LENOVO TP-7L    00002170 LNVO 00000001)
[    0.000000] ACPI: MCFG 3d6cbcda 0003C (v01 LENOVO TP-7L    00002170 LNVO 00000001)
[    0.000000] ACPI: HPET 3d6cbd16 00038 (v01 LENOVO TP-7L    00002170 LNVO 00000001)
[    0.000000] ACPI: SLIC 3d6cbdf0 00176 (v01 LENOVO TP-7L    00002170  LTP 00000000)
[    0.000000] ACPI: BOOT 3d6cbf66 00028 (v01 LENOVO TP-7L    00002170  LTP 00000001)
[    0.000000] ACPI: ASF! 3d6cbf8e 00072 (v16 LENOVO TP-7L    00002170 PTL  00000001)
[    0.000000] ACPI: SSDT 3d6e26d9 0025F (v01 LENOVO TP-7L    00002170 INTL 20050513)
[    0.000000] ACPI: SSDT 3d6e2938 000A6 (v01 LENOVO TP-7L    00002170 INTL 20050513)
[    0.000000] ACPI: SSDT 3d6e29de 004F7 (v01 LENOVO TP-7L    00002170 INTL 20050513)
[    0.000000] ACPI: SSDT 3d6e2ed5 001D8 (v01 LENOVO TP-7L    00002170 INTL 20050513)
[    0.000000] ACPI: DMI detected: Lenovo ThinkPad R61
[    0.000000] ACPI: Added _OSI(Linux)
[    0.000000] ACPI: Local APIC address 0xfee00000
[    0.000000] 94MB HIGHMEM available.
[    0.000000] 887MB LOWMEM available.
[    0.000000]   mapped low ram: 0 - 377fe000
[    0.000000]   low ram: 0 - 377fe000
[    0.000000]   node 0 low ram: 00000000 - 377fe000
[    0.000000]   node 0 bootmap 00008000 - 0000ef00
[    0.000000] (6 early reservations) ==> bootmem [0000000000 - 00377fe000]
[    0.000000]   #0 [0000000000 - 0000001000]   BIOS data page ==> [0000000000 - 0000001000]
[    0.000000]   #1 [0001000000 - 0001bdc180]    TEXT DATA BSS ==> [0001000000 - 0001bdc180]
[    0.000000]   #2 [000009d800 - 0000100000]    BIOS reserved ==> [000009d800 - 0000100000]
[    0.000000]   #3 [0001bdd000 - 0001be516c]              BRK ==> [0001bdd000 - 0001be516c]
[    0.000000]   #4 [0000007000 - 0000008000]          PGTABLE ==> [0000007000 - 0000008000]
[    0.000000]   #5 [0000008000 - 000000f000]          BOOTMAP ==> [0000008000 - 000000f000]
[    0.000000] found SMP MP-table at [c00f6900] f6900
[    0.000000] Zone PFN ranges:
[    0.000000]   DMA      0x00000000 -> 0x00001000
[    0.000000]   Normal   0x00001000 -> 0x000377fe
[    0.000000]   HighMem  0x000377fe -> 0x0003d6b0
[    0.000000] Movable zone start PFN for each node
[    0.000000] early_node_map[2] active PFN ranges
[    0.000000]     0: 0x00000000 -> 0x0000009d
[    0.000000]     0: 0x00000100 -> 0x0003d6b0
[    0.000000] On node 0 totalpages: 251469
[    0.000000] free_area_init_node: node 0, pgdat c1901ea0, node_mem_map c1be7000
[    0.000000]   DMA zone: 32 pages used for memmap
[    0.000000]   DMA zone: 0 pages reserved
[    0.000000]   DMA zone: 3965 pages, LIFO batch:0
[    0.000000]   Normal zone: 1744 pages used for memmap
[    0.000000]   Normal zone: 221486 pages, LIFO batch:31
[    0.000000]   HighMem zone: 190 pages used for memmap
[    0.000000]   HighMem zone: 24052 pages, LIFO batch:3
[    0.000000] Using APIC driver default
[    0.000000] ACPI: PM-Timer IO Port: 0x1008
[    0.000000] ACPI: Local APIC address 0xfee00000
[    0.000000] ACPI: LAPIC (acpi_id[0x00] lapic_id[0x00] enabled)
[    0.000000] ACPI: LAPIC (acpi_id[0x01] lapic_id[0x01] enabled)
[    0.000000] ACPI: NR_CPUS/possible_cpus limit of 1 reached.  Processor 1/0x1 ignored.
[    0.000000] ACPI: LAPIC_NMI (acpi_id[0x00] high edge lint[0x1])
[    0.000000] ACPI: LAPIC_NMI (acpi_id[0x01] high edge lint[0x1])
[    0.000000] ACPI: IOAPIC (id[0x01] address[0xfec00000] gsi_base[0])
[    0.000000] IOAPIC[0]: apic_id 1, version 32, address 0xfec00000, GSI 0-23
[    0.000000] ACPI: INT_SRC_OVR (bus 0 bus_irq 0 global_irq 2 dfl dfl)
[    0.000000] ACPI: INT_SRC_OVR (bus 0 bus_irq 9 global_irq 9 high level)
[    0.000000] ACPI: IRQ0 used by override.
[    0.000000] ACPI: IRQ2 used by override.
[    0.000000] ACPI: IRQ9 used by override.
[    0.000000] Using ACPI (MADT) for SMP configuration information
[    0.000000] ACPI: HPET id: 0x8086a201 base: 0xfed00000
[    0.000000] nr_irqs_gsi: 24
[    0.000000] PM: Registered nosave memory: 000000000009d000 - 000000000009e000
[    0.000000] PM: Registered nosave memory: 000000000009e000 - 00000000000a0000
[    0.000000] PM: Registered nosave memory: 00000000000a0000 - 00000000000d2000
[    0.000000] PM: Registered nosave memory: 00000000000d2000 - 00000000000d4000
[    0.000000] PM: Registered nosave memory: 00000000000d4000 - 00000000000e0000
[    0.000000] PM: Registered nosave memory: 00000000000e0000 - 0000000000100000
[    0.000000] Allocating PCI resources starting at 3e000000 (gap: 3e000000:b2000000)
[    0.000000] Built 1 zonelists in Zone order, mobility grouping on.  Total pages: 249503
[    0.000000] Kernel command line: auto BOOT_IMAGE=Linux ro root=802 vt.default_utf8=0 maxcpus=0
[    0.000000] PID hash table entries: 4096 (order: 2, 16384 bytes)
[    0.000000] Dentry cache hash table entries: 131072 (order: 7, 524288 bytes)
[    0.000000] Inode-cache hash table entries: 65536 (order: 6, 262144 bytes)
[    0.000000] Enabling fast FPU save and restore... done.
[    0.000000] Enabling unmasked SIMD FPU exception support... done.
[    0.000000] Initializing CPU#0
[    0.000000] Initializing HighMem for node 0 (000377fe:0003d6b0)
[    0.000000] Memory: 984800k/1006272k available (6914k kernel code, 20876k reserved, 2328k data, 448k init, 96968k highmem)
[    0.000000] virtual kernel memory layout:
[    0.000000]     fixmap  : 0xfffa3000 - 0xfffff000   ( 368 kB)
[    0.000000]     pkmap   : 0xff800000 - 0xffc00000   (4096 kB)
[    0.000000]     vmalloc : 0xf7ffe000 - 0xff7fe000   ( 120 MB)
[    0.000000]     lowmem  : 0xc0000000 - 0xf77fe000   ( 887 MB)
[    0.000000]       .init : 0xc1907000 - 0xc1977000   ( 448 kB)
[    0.000000]       .data : 0xc16c0b5f - 0xc1906c64   (2328 kB)
[    0.000000]       .text : 0xc1000000 - 0xc16c0b5f   (6914 kB)
[    0.000000] Checking if this processor honours the WP bit even in supervisor mode...Ok.
[    0.000000] SLUB: Genslabs=13, HWalign=64, Order=0-3, MinObjects=0, CPUs=1, Nodes=1
[    0.000000] Hierarchical RCU implementation.
[    0.000000] NR_IRQS:288
[    0.000000] Extended CMOS year: 2000
[    0.000000] Console: colour VGA+ 80x25
[    0.000000] console [tty0] enabled
[    0.000000] hpet clockevent registered
[    0.000000] Fast TSC calibration using PIT
[    0.000000] Detected 2094.789 MHz processor.
[    0.001002] Calibrating delay loop (skipped), value calculated using timer frequency.. 4189.57 BogoMIPS (lpj=2094789)
[    0.002085] Security Framework initialized
[    0.002169] Mount-cache hash table entries: 512
[    0.002318] CPU: L1 I cache: 32K, L1 D cache: 32K
[    0.002448] CPU: L2 cache: 3072K
[    0.002534] mce: CPU supports 6 MCE banks
[    0.002623] CPU0: Thermal monitoring enabled (TM2)
[    0.002708] using mwait in idle threads.
[    0.002786] CPU: Intel(R) Core(TM)2 Duo CPU     T8100  @ 2.10GHz stepping 06
[    0.002958] Checking 'hlt' instruction... OK.
[    0.007935] ACPI: Core revision 20090903
[    0.027015] CANARY value: 25e7a00d for PID: 1
[    0.027043] Enabling APIC mode:  Flat.  Using 1 I/O APICs
[    0.028267] ..TIMER: vector=0x30 apic1=0 pin1=2 apic2=-1 pin2=-1
[    0.038997] xor: automatically using best checksumming function: pIII_sse
[    0.042998]    pIII_sse  :  8568.000 MB/sec
[    0.043082] xor: using function: pIII_sse (8568.000 MB/sec)
[    0.043168] RANDOM - __seed init called.
[    0.043169] RANDOM - __seed init called.
[    0.043170] RANDOM - __seed init called.
[    0.043172] RANDOM - __random32 called. Change num 1.  Value: 870e7b8	f6ea009	16c0ad5a
[    0.043173] RANDOM - __random32 called. Change num 2.  Value: e7b8290	f6ea0099	5ab418b8
[    0.043175] RANDOM - __random32 called. Change num 3.  Value: b8290fc5	6ea00996	3171e29b
[    0.043177] RANDOM - __random32 called. Change num 4.  Value: 90fc533a	ea00996a	c5375fde
[    0.043179] RANDOM - __random32 called. Change num 5.  Value: c533a353	a00996a1	bfbd91b4
[    0.043180] RANDOM - __random32 called. Change num 6.  Value: 3a35362b	996a10	23684a23
[    0.043182] RANDOM - random32 init called.  Value: 3a35362b	996a10	23684a23
[    0.043199] NET: Registered protocol family 16
[    0.043458] ACPI FADT declares the system doesn't support PCIe ASPM, so disable it
[    0.043574] ACPI: bus type pci registered
[    0.043750] PCI: MCFG configuration 0: base f0000000 segment 0 buses 0 - 63
[    0.043838] PCI: MCFG area at f0000000 reserved in E820
[    0.043918] PCI: Using MMCONFIG for extended config space
[    0.044002] PCI: Using configuration type 1 for base access
[    0.047103] bio: create slab <bio-0> at 0
[    0.047907] ACPI: EC: EC description table is found, configuring boot EC
[    0.053052] ACPI: BIOS _OSI(Linux) query honored via DMI
[    0.053764] random 0000 0000 0000 00000000 00000000: rand_read_num 2 get_random_bytes(8): sig fffffe1a 00000000 00000000
[    0.053766] random 0000 0000 0000 00000000 00000000: extract_entropy(.. 8 ..)
[    0.053769] random 0000 0000 0000 00000000 00000000: going to reseed nonblocking with 64 bits (64 of 0 requested)
[    0.053771] random 0000 0000 0000 00000000 00000000: extract_entropy(.. 8 ..)
[    0.053773] random 0000 0000 0000 00000000 00000000: trying to extract 64 bits from input
[    0.053775] random 0000 0000 0000 00000000 00000000: debiting 0 entropy credits from input
[    0.053777] random 0000 0000 0000 00000000 00000000: extract_entropy account returned: 0 
[    0.053807] random 0000 0000 0000 00000000 00000000: urand_change_num 3 xfer_secondary_pool(8): pool_sig fffffe1a, data_sig 00000000, bytes_mixed 0 00000000 00000000
[    0.053810] random 0000 0000 0000 00000000 00000000: trying to extract 64 bits from nonblocking
[    0.053812] random 0000 0000 0000 00000000 00000000: debiting 64 entropy credits from nonblocking (unlimited)
[    0.053814] random 0000 0000 0000 00000000 00000000: extract_entropy account returned: 8 
[    0.053818] random 0000 0000 0000 00000000 00000000: urand_change_num 4 extract_buf: pool_sig fffffe1a, data_sig fffffed7, bytes_mixed 20 00000000 00000000
[    0.058446] ACPI: Interpreter enabled
[    0.058526] ACPI: (supports S0 S3 S4 S5)
[    0.058828] ACPI: Using IOAPIC for interrupt routing
[    0.068584] ACPI: EC: GPE = 0x12, I/O: command/status = 0x66, data = 0x62
[    0.068853] ACPI: Power Resource [PUBS] (on)
[    0.070983] ACPI: ACPI Dock Station Driver: 3 docks/bays found
[    0.071319] ACPI: PCI Root Bridge [PCI0] (0000:00)
[    0.071488] pci 0000:00:02.0: reg 10 64bit mmio: [0xf8100000-0xf81fffff]
[    0.071494] pci 0000:00:02.0: reg 18 64bit mmio pref: [0xe0000000-0xefffffff]
[    0.071497] pci 0000:00:02.0: reg 20 io port: [0x1800-0x1807]
[    0.071532] pci 0000:00:02.1: reg 10 64bit mmio: [0xf8200000-0xf82fffff]
[    0.071633] pci 0000:00:19.0: reg 10 32bit mmio: [0xfe000000-0xfe01ffff]
[    0.071642] pci 0000:00:19.0: reg 14 32bit mmio: [0xfe025000-0xfe025fff]
[    0.071650] pci 0000:00:19.0: reg 18 io port: [0x1840-0x185f]
[    0.071728] pci 0000:00:19.0: PME# supported from D0 D3hot D3cold
[    0.071812] pci 0000:00:19.0: PME# disabled
[    0.072038] pci 0000:00:1a.0: reg 20 io port: [0x1860-0x187f]
[    0.072122] pci 0000:00:1a.1: reg 20 io port: [0x1880-0x189f]
[    0.072206] pci 0000:00:1a.7: reg 10 32bit mmio: [0xfe226c00-0xfe226fff]
[    0.072289] pci 0000:00:1a.7: PME# supported from D0 D3hot D3cold
[    0.072374] pci 0000:00:1a.7: PME# disabled
[    0.072513] pci 0000:00:1b.0: reg 10 64bit mmio: [0xfe020000-0xfe023fff]
[    0.072588] pci 0000:00:1b.0: PME# supported from D0 D3hot D3cold
[    0.072685] pci 0000:00:1b.0: PME# disabled
[    0.072876] pci 0000:00:1c.0: PME# supported from D0 D3hot D3cold
[    0.072968] pci 0000:00:1c.0: PME# disabled
[    0.073109] pci 0000:00:1c.1: PME# supported from D0 D3hot D3cold
[    0.073194] pci 0000:00:1c.1: PME# disabled
[    0.073406] pci 0000:00:1c.2: PME# supported from D0 D3hot D3cold
[    0.073490] pci 0000:00:1c.2: PME# disabled
[    0.073685] pci 0000:00:1c.3: PME# supported from D0 D3hot D3cold
[    0.073768] pci 0000:00:1c.3: PME# disabled
[    0.074115] pci 0000:00:1c.4: PME# supported from D0 D3hot D3cold
[    0.074199] pci 0000:00:1c.4: PME# disabled
[    0.074346] pci 0000:00:1d.0: reg 20 io port: [0x18a0-0x18bf]
[    0.074419] pci 0000:00:1d.1: reg 20 io port: [0x18c0-0x18df]
[    0.075061] pci 0000:00:1d.2: reg 20 io port: [0x18e0-0x18ff]
[    0.075153] pci 0000:00:1d.7: reg 10 32bit mmio: [0xfe227000-0xfe2273ff]
[    0.075254] pci 0000:00:1d.7: PME# supported from D0 D3hot D3cold
[    0.075343] pci 0000:00:1d.7: PME# disabled
[    0.075610] pci 0000:00:1f.0: quirk: region 1000-107f claimed by ICH6 ACPI/GPIO/TCO
[    0.075737] pci 0000:00:1f.0: quirk: region 1180-11bf claimed by ICH6 GPIO
[    0.075823] pci 0000:00:1f.0: ICH7 LPC Generic IO decode 1 PIO at 1600 (mask 007f)
[    0.075939] pci 0000:00:1f.0: ICH7 LPC Generic IO decode 2 PIO at 15e0 (mask 000f)
[    0.075998] pci 0000:00:1f.0: ICH7 LPC Generic IO decode 3 PIO at 1680 (mask 001f)
[    0.076195] pci 0000:00:1f.1: reg 10 io port: [0x00-0x07]
[    0.076202] pci 0000:00:1f.1: reg 14 io port: [0x00-0x03]
[    0.076211] pci 0000:00:1f.1: reg 18 io port: [0x00-0x07]
[    0.076219] pci 0000:00:1f.1: reg 1c io port: [0x00-0x03]
[    0.076231] pci 0000:00:1f.1: reg 20 io port: [0x1c00-0x1c0f]
[    0.076311] pci 0000:00:1f.2: reg 10 io port: [0x1c50-0x1c57]
[    0.076320] pci 0000:00:1f.2: reg 14 io port: [0x1c44-0x1c47]
[    0.076329] pci 0000:00:1f.2: reg 18 io port: [0x1c48-0x1c4f]
[    0.076336] pci 0000:00:1f.2: reg 1c io port: [0x1c40-0x1c43]
[    0.076344] pci 0000:00:1f.2: reg 20 io port: [0x1c20-0x1c3f]
[    0.076353] pci 0000:00:1f.2: reg 24 32bit mmio: [0xfe226000-0xfe2267ff]
[    0.076411] pci 0000:00:1f.2: PME# supported from D3hot
[    0.076496] pci 0000:00:1f.2: PME# disabled
[    0.076606] pci 0000:00:1f.3: reg 10 32bit mmio: [0xfe227400-0xfe2274ff]
[    0.076631] pci 0000:00:1f.3: reg 20 io port: [0x1c60-0x1c7f]
[    0.076721] pci 0000:00:1c.0: bridge io port: [0x2000-0x2fff]
[    0.076725] pci 0000:00:1c.0: bridge 32bit mmio: [0xfc000000-0xfdffffff]
[    0.076732] pci 0000:00:1c.0: bridge 64bit mmio pref: [0xf8000000-0xf80fffff]
[    0.076806] pci 0000:03:00.0: reg 10 64bit mmio: [0xdf3f0000-0xdf3fffff]
[    0.077066] pci 0000:00:1c.1: bridge io port: [0x3000-0x3fff]
[    0.077073] pci 0000:00:1c.1: bridge 32bit mmio: [0xdc000000-0xdf3fffff]
[    0.077082] pci 0000:00:1c.1: bridge 64bit mmio pref: [0xdfe00000-0xdfefffff]
[    0.077137] pci 0000:00:1c.2: bridge io port: [0x4000-0x4fff]
[    0.077143] pci 0000:00:1c.2: bridge 32bit mmio: [0xd8000000-0xd9ffffff]
[    0.077152] pci 0000:00:1c.2: bridge 64bit mmio pref: [0xdfb00000-0xdfbfffff]
[    0.077209] pci 0000:00:1c.3: bridge io port: [0x5000-0x5fff]
[    0.077215] pci 0000:00:1c.3: bridge 32bit mmio: [0xd4000000-0xd5ffffff]
[    0.077222] pci 0000:00:1c.3: bridge 64bit mmio pref: [0xdf800000-0xdf8fffff]
[    0.077278] pci 0000:00:1c.4: bridge io port: [0x6000-0x6fff]
[    0.077283] pci 0000:00:1c.4: bridge 32bit mmio: [0xd0000000-0xd1ffffff]
[    0.077289] pci 0000:00:1c.4: bridge 64bit mmio pref: [0xdf500000-0xdf5fffff]
[    0.077347] pci 0000:15:00.0: reg 10 32bit mmio: [0xf8300000-0xf8300fff]
[    0.077395] pci 0000:15:00.0: supports D1 D2
[    0.077396] pci 0000:15:00.0: PME# supported from D0 D1 D2 D3hot D3cold
[    0.077482] pci 0000:15:00.0: PME# disabled
[    0.077620] pci 0000:15:00.1: reg 10 32bit mmio: [0xf8301000-0xf83017ff]
[    0.077717] pci 0000:15:00.1: supports D1 D2
[    0.077719] pci 0000:15:00.1: PME# supported from D0 D1 D2 D3hot D3cold
[    0.077804] pci 0000:15:00.1: PME# disabled
[    0.077978] pci 0000:00:1e.0: transparent bridge
[    0.077999] pci 0000:00:1e.0: bridge io port: [0x7000-0xafff]
[    0.078003] pci 0000:00:1e.0: bridge 32bit mmio: [0xf8300000-0xfbffffff]
[    0.078012] pci 0000:00:1e.0: bridge 64bit mmio pref: [0xf4000000-0xf7ffffff]
[    0.078083] pci_bus 0000:00: on NUMA node 0
[    0.078087] ACPI: PCI Interrupt Routing Table [\_SB_.PCI0._PRT]
[    0.078219] ACPI: PCI Interrupt Routing Table [\_SB_.PCI0.EXP0._PRT]
[    0.078278] ACPI: PCI Interrupt Routing Table [\_SB_.PCI0.EXP1._PRT]
[    0.078335] ACPI: PCI Interrupt Routing Table [\_SB_.PCI0.EXP2._PRT]
[    0.078393] ACPI: PCI Interrupt Routing Table [\_SB_.PCI0.EXP3._PRT]
[    0.078455] ACPI: PCI Interrupt Routing Table [\_SB_.PCI0.EXP4._PRT]
[    0.078517] ACPI: PCI Interrupt Routing Table [\_SB_.PCI0.PCI1._PRT]
[    0.084055] ACPI: PCI Interrupt Link [LNKA] (IRQs 3 4 5 6 7 9 *10 11)
[    0.084776] ACPI: PCI Interrupt Link [LNKB] (IRQs 3 4 5 6 7 9 10 *11)
[    0.085457] ACPI: PCI Interrupt Link [LNKC] (IRQs 3 4 5 6 7 9 10 *11)
[    0.086158] ACPI: PCI Interrupt Link [LNKD] (IRQs 3 4 5 6 7 9 10 *11)
[    0.086876] ACPI: PCI Interrupt Link [LNKE] (IRQs 3 4 5 6 7 9 10 *11)
[    0.087638] ACPI: PCI Interrupt Link [LNKF] (IRQs 3 4 5 6 7 9 10 *11)
[    0.088387] ACPI: PCI Interrupt Link [LNKG] (IRQs 3 4 5 6 7 9 10 *11)
[    0.089140] ACPI: PCI Interrupt Link [LNKH] (IRQs 3 4 5 6 7 9 10 *11)
[    0.089812] vgaarb: device added: PCI:0000:00:02.0,decodes=io+mem,owns=io+mem,locks=none
[    0.089929] vgaarb: loaded
[    0.090091] SCSI subsystem initialized
[    0.090186] libata version 3.00 loaded.
[    0.090235] usbcore: registered new interface driver usbfs
[    0.090353] usbcore: registered new interface driver hub
[    0.090456] usbcore: registered new device driver usb
[    0.107041] raid6: int32x1    941 MB/s
[    0.124058] raid6: int32x2    890 MB/s
[    0.140988] raid6: int32x4    746 MB/s
[    0.158050] raid6: int32x8    660 MB/s
[    0.174985] raid6: mmxx1     2878 MB/s
[    0.191984] raid6: mmxx2     3269 MB/s
[    0.208997] raid6: sse1x1    1937 MB/s
[    0.225992] raid6: sse1x2    2535 MB/s
[    0.242973] raid6: sse2x1    3511 MB/s
[    0.259984] raid6: sse2x2    3832 MB/s
[    0.260069] raid6: using algorithm sse2x2 (3832 MB/s)
[    0.260154] PCI: Using ACPI for IRQ routing
[    0.260461] HPET: 3 timers in total, 0 timers will be used for per-cpu timer
[    0.260989] Switching to clocksource tsc
[    0.261084] pnp: PnP ACPI init
[    0.261171] ACPI: bus type pnp registered
[    0.264800] pnp: PnP ACPI: found 11 devices
[    0.264892] ACPI: ACPI bus type pnp unregistered
[    0.264978] system 00:00: iomem range 0x0-0x9ffff could not be reserved
[    0.265060] system 00:00: iomem range 0xc0000-0xc3fff could not be reserved
[    0.265149] system 00:00: iomem range 0xc4000-0xc7fff could not be reserved
[    0.265233] system 00:00: iomem range 0xc8000-0xcbfff has been reserved
[    0.265319] system 00:00: iomem range 0xcc000-0xcffff has been reserved
[    0.265406] system 00:00: iomem range 0xd0000-0xd3fff could not be reserved
[    0.265502] system 00:00: iomem range 0xe0000-0xe3fff could not be reserved
[    0.265584] system 00:00: iomem range 0xe4000-0xe7fff could not be reserved
[    0.265673] system 00:00: iomem range 0xe8000-0xebfff could not be reserved
[    0.265757] system 00:00: iomem range 0xec000-0xeffff could not be reserved
[    0.265851] system 00:00: iomem range 0xf0000-0xfffff could not be reserved
[    0.265939] system 00:00: iomem range 0x100000-0x3dffffff could not be reserved
[    0.266052] system 00:00: iomem range 0xfec00000-0xfed3ffff could not be reserved
[    0.266163] system 00:00: iomem range 0xfed4c000-0xffffffff could not be reserved
[    0.266278] system 00:02: ioport range 0x164e-0x164f has been reserved
[    0.266360] system 00:02: ioport range 0x1000-0x107f has been reserved
[    0.266442] system 00:02: ioport range 0x1180-0x11bf has been reserved
[    0.266525] system 00:02: ioport range 0x800-0x80f has been reserved
[    0.266606] system 00:02: ioport range 0x15e0-0x15ef has been reserved
[    0.266688] system 00:02: ioport range 0x1600-0x165f could not be reserved
[    0.266771] system 00:02: iomem range 0xf0000000-0xf3ffffff has been reserved
[    0.266855] system 00:02: iomem range 0xfed1c000-0xfed1ffff has been reserved
[    0.266940] system 00:02: iomem range 0xfed14000-0xfed17fff has been reserved
[    0.267023] system 00:02: iomem range 0xfed18000-0xfed18fff has been reserved
[    0.267109] system 00:02: iomem range 0xfed19000-0xfed19fff has been reserved
[    0.267199] system 00:02: iomem range 0xfed45000-0xfed4bfff has been reserved
[    0.302239] pci 0000:00:1c.0: PCI bridge, secondary bus 0000:02
[    0.302325] pci 0000:00:1c.0:   IO window: 0x2000-0x2fff
[    0.302421] pci 0000:00:1c.0:   MEM window: 0xfc000000-0xfdffffff
[    0.302505] pci 0000:00:1c.0:   PREFETCH window: 0x000000f8000000-0x000000f80fffff
[    0.302622] pci 0000:00:1c.1: PCI bridge, secondary bus 0000:03
[    0.302703] pci 0000:00:1c.1:   IO window: 0x3000-0x3fff
[    0.302787] pci 0000:00:1c.1:   MEM window: 0xdc000000-0xdf3fffff
[    0.302880] pci 0000:00:1c.1:   PREFETCH window: 0x000000dfe00000-0x000000dfefffff
[    0.303007] pci 0000:00:1c.2: PCI bridge, secondary bus 0000:04
[    0.303091] pci 0000:00:1c.2:   IO window: 0x4000-0x4fff
[    0.303180] pci 0000:00:1c.2:   MEM window: 0xd8000000-0xd9ffffff
[    0.303270] pci 0000:00:1c.2:   PREFETCH window: 0x000000dfb00000-0x000000dfbfffff
[    0.303389] pci 0000:00:1c.3: PCI bridge, secondary bus 0000:05
[    0.303471] pci 0000:00:1c.3:   IO window: 0x5000-0x5fff
[    0.303563] pci 0000:00:1c.3:   MEM window: 0xd4000000-0xd5ffffff
[    0.303650] pci 0000:00:1c.3:   PREFETCH window: 0x000000df800000-0x000000df8fffff
[    0.303773] pci 0000:00:1c.4: PCI bridge, secondary bus 0000:0d
[    0.303864] pci 0000:00:1c.4:   IO window: 0x6000-0x6fff
[    0.303948] pci 0000:00:1c.4:   MEM window: 0xd0000000-0xd1ffffff
[    0.304039] pci 0000:00:1c.4:   PREFETCH window: 0x000000df500000-0x000000df5fffff
[    0.304160] pci 0000:15:00.0: CardBus bridge, secondary bus 0000:16
[    0.304249] pci 0000:15:00.0:   IO window: 0x007000-0x0070ff
[    0.304343] pci 0000:15:00.0:   IO window: 0x007400-0x0074ff
[    0.304426] pci 0000:15:00.0:   PREFETCH window: 0xf4000000-0xf7ffffff
[    0.304522] pci 0000:15:00.0:   MEM window: 0x40000000-0x43ffffff
[    0.304609] pci 0000:00:1e.0: PCI bridge, secondary bus 0000:15
[    0.304700] pci 0000:00:1e.0:   IO window: 0x7000-0xafff
[    0.304790] pci 0000:00:1e.0:   MEM window: 0xf8300000-0xfbffffff
[    0.304883] pci 0000:00:1e.0:   PREFETCH window: 0x000000f4000000-0x000000f7ffffff
[    0.305017] pci 0000:00:1c.0: PCI INT A -> GSI 20 (level, low) -> IRQ 20
[    0.305107] pci 0000:00:1c.0: setting latency timer to 64
[    0.305126] pci 0000:00:1c.1: PCI INT B -> GSI 21 (level, low) -> IRQ 21
[    0.305213] pci 0000:00:1c.1: setting latency timer to 64
[    0.305226] pci 0000:00:1c.2: PCI INT C -> GSI 22 (level, low) -> IRQ 22
[    0.305317] pci 0000:00:1c.2: setting latency timer to 64
[    0.305328] pci 0000:00:1c.3: PCI INT D -> GSI 23 (level, low) -> IRQ 23
[    0.305425] pci 0000:00:1c.3: setting latency timer to 64
[    0.305436] pci 0000:00:1c.4: PCI INT A -> GSI 20 (level, low) -> IRQ 20
[    0.305530] pci 0000:00:1c.4: setting latency timer to 64
[    0.305536] pci 0000:00:1e.0: enabling device (0005 -> 0007)
[    0.305639] pci 0000:00:1e.0: setting latency timer to 64
[    0.305655] pci 0000:15:00.0: PCI INT A -> GSI 16 (level, low) -> IRQ 16
[    0.305742] pci 0000:15:00.0: setting latency timer to 64
[    0.305748] pci_bus 0000:00: resource 0 io:  [0x00-0xffff]
[    0.305750] pci_bus 0000:00: resource 1 mem: [0x000000-0xffffffff]
[    0.305752] pci_bus 0000:02: resource 0 io:  [0x2000-0x2fff]
[    0.305753] pci_bus 0000:02: resource 1 mem: [0xfc000000-0xfdffffff]
[    0.305755] pci_bus 0000:02: resource 2 pref mem [0xf8000000-0xf80fffff]
[    0.305757] pci_bus 0000:03: resource 0 io:  [0x3000-0x3fff]
[    0.305759] pci_bus 0000:03: resource 1 mem: [0xdc000000-0xdf3fffff]
[    0.305761] pci_bus 0000:03: resource 2 pref mem [0xdfe00000-0xdfefffff]
[    0.305763] pci_bus 0000:04: resource 0 io:  [0x4000-0x4fff]
[    0.305764] pci_bus 0000:04: resource 1 mem: [0xd8000000-0xd9ffffff]
[    0.305766] pci_bus 0000:04: resource 2 pref mem [0xdfb00000-0xdfbfffff]
[    0.305768] pci_bus 0000:05: resource 0 io:  [0x5000-0x5fff]
[    0.305770] pci_bus 0000:05: resource 1 mem: [0xd4000000-0xd5ffffff]
[    0.305771] pci_bus 0000:05: resource 2 pref mem [0xdf800000-0xdf8fffff]
[    0.305773] pci_bus 0000:0d: resource 0 io:  [0x6000-0x6fff]
[    0.305775] pci_bus 0000:0d: resource 1 mem: [0xd0000000-0xd1ffffff]
[    0.305777] pci_bus 0000:0d: resource 2 pref mem [0xdf500000-0xdf5fffff]
[    0.305779] pci_bus 0000:15: resource 0 io:  [0x7000-0xafff]
[    0.305780] pci_bus 0000:15: resource 1 mem: [0xf8300000-0xfbffffff]
[    0.305782] pci_bus 0000:15: resource 2 pref mem [0xf4000000-0xf7ffffff]
[    0.305784] pci_bus 0000:15: resource 3 io:  [0x00-0xffff]
[    0.305786] pci_bus 0000:15: resource 4 mem: [0x000000-0xffffffff]
[    0.305787] pci_bus 0000:16: resource 0 io:  [0x7000-0x70ff]
[    0.305789] pci_bus 0000:16: resource 1 io:  [0x7400-0x74ff]
[    0.305791] pci_bus 0000:16: resource 2 pref mem [0xf4000000-0xf7ffffff]
[    0.305793] pci_bus 0000:16: resource 3 mem: [0x40000000-0x43ffffff]
[    0.305800] NET: Registered protocol family 2
[    0.305896] RANDOM - __random32 called. Change num 7.  Value: 5362b39e	996a101	94470543
[    0.305897] RANDOM - random32 called.  Value: 5362b39e	996a101	94470543
[    0.305902] random 0000 0000 0000 5f8db4e5 4cfdf2a8: rand_read_num 3 get_random_bytes(4): sig fffffb64 5f8db4e5 4cfdf2a8
[    0.305904] random 0000 0000 0000 5f8db4e5 4cfdf2a8: extract_entropy(.. 4 ..)
[    0.305906] random 0000 0000 0000 5f8db4e5 4cfdf2a8: going to reseed nonblocking with 64 bits (32 of 0 requested)
[    0.305909] random 0000 0000 0000 5f8db4e5 4cfdf2a8: extract_entropy(.. 8 ..)
[    0.305911] random 0000 0000 0000 5f8db4e5 4cfdf2a8: trying to extract 64 bits from input
[    0.305913] random 0000 0000 0000 5f8db4e5 4cfdf2a8: debiting 0 entropy credits from input
[    0.305914] random 0000 0000 0000 5f8db4e5 4cfdf2a8: extract_entropy account returned: 0 
[    0.305918] random 0000 0000 0000 5f8db4e5 4cfdf2a8: urand_change_num 5 xfer_secondary_pool(4): pool_sig fffffb64, data_sig 00000000, bytes_mixed 0 5f8db4e5 4cfdf2a8
[    0.305920] random 0000 0000 0000 5f8db4e5 4cfdf2a8: trying to extract 32 bits from nonblocking
[    0.305923] random 0000 0000 0000 5f8db4e5 4cfdf2a8: debiting 32 entropy credits from nonblocking (unlimited)
[    0.305925] random 0000 0000 0000 5f8db4e5 4cfdf2a8: extract_entropy account returned: 4 
[    0.305929] random 0000 0000 0000 5f8db4e5 4cfdf2a8: urand_change_num 6 extract_buf: pool_sig fffffb64, data_sig 00000241, bytes_mixed 20 5f8db4e5 4cfdf2a8
[    0.305938] IP route cache hash table entries: 32768 (order: 5, 131072 bytes)
[    0.306065] RANDOM - __random32 called. Change num 8.  Value: 2b39e0a2	996a1017	a86cfe5
[    0.306067] RANDOM - random32 called.  Value: 2b39e0a2	996a1017	a86cfe5
[    0.306078] RANDOM - __random32 called. Change num 9.  Value: 9e0a22e5	96a1017e	9fcbd616
[    0.306079] RANDOM - random32 called.  Value: 9e0a22e5	96a1017e	9fcbd616
[    0.306081] RANDOM - __random32 called. Change num 10.  Value: a22e5b4a	6a1017e6	ac2c32ac
[    0.306083] RANDOM - random32 called.  Value: a22e5b4a	6a1017e6	ac2c32ac
[    0.306093] RANDOM - __random32 called. Change num 11.  Value: e5b4ad28	a1017e61	6559a9b4
[    0.306095] RANDOM - random32 called.  Value: e5b4ad28	a1017e61	6559a9b4
[    0.306105] TCP established hash table entries: 131072 (order: 8, 1048576 bytes)
[    0.306591] TCP bind hash table entries: 65536 (order: 6, 262144 bytes)
[    0.306770] TCP: Hash tables configured (established 131072 bind 65536)
[    0.306856] TCP reno registered
[    0.306955] NET: Registered protocol family 1
[    0.307065] RPC: Registered udp transport module.
[    0.307152] RPC: Registered tcp transport module.
[    0.307236] RPC: Registered tcp NFSv4.1 backchannel transport module.
[    0.307322] pci 0000:00:02.0: Boot video device
[    0.307534] Simple Boot Flag at 0x35 set to 0x1
[    0.308096] highmem bounce pool size: 64 pages
[    0.309582] VFS: Disk quotas dquot_6.5.2
[    0.309697] Dquot-cache hash table entries: 1024 (order 0, 4096 bytes)
[    0.310432] NTFS driver 2.1.29 [Flags: R/W].
[    0.310583] ROMFS MTD (C) 2007 Red Hat, Inc.
[    0.310793] JFS: nTxBlock = 7695, nTxLock = 61562
[    0.313224] SGI XFS with ACLs, security attributes, large block/inode numbers, no debug enabled
[    0.313699] SGI XFS Quota Management subsystem
[    0.314038] Slow work thread pool: Starting up
[    0.314141] Slow work thread pool: Ready
[    0.314229] GFS2 (built May 24 2013 02:47:17) installed
[    0.314321] msgmni has been set to 1734
[    0.314482] alg: No test for cipher_null (cipher_null-generic)
[    0.314580] alg: No test for ecb(cipher_null) (ecb-cipher_null)
[    0.314673] alg: No test for digest_null (digest_null-generic)
[    0.314771] alg: No test for compress_null (compress_null-generic)
[    0.315314] alg: No test for fcrypt (fcrypt-generic)
[    0.316724] alg: No test for stdrng (krng)
[    0.316808] async_tx: api initialized (async)
[    0.316963] Block layer SCSI generic (bsg) driver version 0.4 loaded (major 254)
[    0.317082] io scheduler noop registered
[    0.317168] io scheduler anticipatory registered
[    0.317251] io scheduler deadline registered
[    0.317382] io scheduler cfq registered (default)
[    0.317611] pcieport 0000:00:1c.0: irq 24 for MSI/MSI-X
[    0.317627] pcieport 0000:00:1c.0: setting latency timer to 64
[    0.317809] pcieport 0000:00:1c.1: irq 25 for MSI/MSI-X
[    0.317821] pcieport 0000:00:1c.1: setting latency timer to 64
[    0.318015] pcieport 0000:00:1c.2: irq 26 for MSI/MSI-X
[    0.318027] pcieport 0000:00:1c.2: setting latency timer to 64
[    0.318212] pcieport 0000:00:1c.3: irq 27 for MSI/MSI-X
[    0.318223] pcieport 0000:00:1c.3: setting latency timer to 64
[    0.318401] pcieport 0000:00:1c.4: irq 28 for MSI/MSI-X
[    0.318412] pcieport 0000:00:1c.4: setting latency timer to 64
[    0.318556] pci_hotplug: PCI Hot Plug PCI Core version: 0.5
[    0.318740] isapnp: Scanning for PnP cards...
[    0.679286] isapnp: No Plug & Play device found
[    0.679366] random 0000 0000 0000 5f8db4e5 4cfdf2a8: initializing
[    0.698828] Serial: 8250/16550 driver, 4 ports, IRQ sharing enabled
[    3.709601] floppy0: no floppy controllers found
[    3.710535] brd: module loaded
[    3.711029] loop: module loaded
[    3.711114] Compaq SMART2 Driver (v 2.6.0)
[    3.711239] HP CISS Driver (v 3.6.20)
[    3.711486] input: Macintosh mouse button emulation as /devices/virtual/input/input0
[    3.711630] Uniform Multi-Platform E-IDE driver
[    3.711851] piix 0000:00:1f.1: IDE controller (0x8086:0x2850 rev 0x03)
[    3.711946] pci 0000:00:1f.1: PCI INT C -> GSI 16 (level, low) -> IRQ 16
[    3.712038] piix 0000:00:1f.1: IDE port disabled
[    3.712130] piix 0000:00:1f.1: not 100% native mode: will probe irqs later
[    3.712222]     ide0: BM-DMA at 0x1c00-0x1c07
[    3.712311] Probing IDE interface ide0...
[    4.383765] hda: HL-DT-ST DVDRAM GSA-U10N, ATAPI CD/DVD-ROM drive
[    4.690553] hda: host max PIO4 wanted PIO255(auto-tune) selected PIO4
[    4.691321] hda: UDMA/33 mode selected
[    4.691787] ide0 at 0x1f0-0x1f7,0x3f6 on irq 14
[    4.695667] ide-gd driver 1.18
[    4.695762] ide-cd driver 5.00
[    4.697141] ide-cd: hda: ATAPI 24X DVD-ROM DVD-R/RAM CD-R/RW drive, 2048kB Cache
[    4.697544] Uniform CD-ROM driver Revision: 3.20
[    4.704708] Loading iSCSI transport class v2.0-870.
[    4.704983] rdac: device handler registered
[    4.705064] hp_sw: device handler registered
[    4.705141] emc: device handler registered
[    4.705225] alua: device handler registered
[    4.706205] Adaptec aacraid driver 1.1-5[2461]-ms
[    4.706621] scsi: <fdomain> Detection failed (no card)
[    4.706715] sym53c416.c: Version 1.0.0-ac
[    4.706812] qlogicfas: no cards were found, please specify I/O address and IRQ using iobase= and irq= options
[    4.706927] QLogic Fibre Channel HBA Driver: 8.03.01-k6
[    4.707134] iscsi: registered transport (qla4xxx)
[    4.707233] QLogic iSCSI HBA Driver
[    4.707330] Emulex LightPulse Fibre Channel SCSI driver 8.3.4
[    4.707418] Copyright(c) 2004-2009 Emulex.  All rights reserved.
[    4.729539] Failed initialization of WD-7000 SCSI card!
[    4.818882] DC390: clustering now enabled by default. If you get problems load
[    4.819008]        with "disable_clustering=1" and report to maintainers
[    4.819131] megaraid cmm: 2.20.2.7 (Release Date: Sun Jul 16 00:01:03 EST 2006)
[    4.819286] megaraid: 2.20.5.1 (Release Date: Thu Nov 16 15:32:35 EST 2006)
[    4.819396] megasas: 00.00.04.01 Thu July 24 11:41:51 PST 2008
[    4.819522] GDT-HA: Storage RAID Controller Driver. Version: 3.05
[    4.819680] 3ware Storage Controller device driver for Linux v1.26.02.002.
[    4.819786] 3ware 9000 Storage Controller device driver for Linux v2.26.02.012.
[    4.819919] nsp32: loading...
[    4.820025] ipr: IBM Power RAID SCSI Device Driver version: 2.4.3 (June 10, 2009)
[    4.820159] RocketRAID 3xxx/4xxx Controller driver v1.6 (090910)
[    4.820261] stex: Promise SuperTrak EX Driver version: 4.6.0000.3
[    4.820389] st: Version 20081215, fixed bufsize 32768, s/g segs 256
[    4.820578] ahci 0000:00:1f.2: version 3.0
[    4.820591] ahci 0000:00:1f.2: PCI INT B -> GSI 16 (level, low) -> IRQ 16
[    4.820724] ahci 0000:00:1f.2: irq 29 for MSI/MSI-X
[    4.820785] ahci 0000:00:1f.2: AHCI 0001.0100 32 slots 3 ports 1.5 Gbps 0x5 impl SATA mode
[    4.820910] ahci 0000:00:1f.2: flags: 64bit ncq sntf pm led clo pio slum part ccc 
[    4.821026] ahci 0000:00:1f.2: setting latency timer to 64
[    4.821167] scsi2 : ahci
[    4.821315] scsi3 : ahci
[    4.821450] scsi4 : ahci
[    4.821631] ata1: SATA max UDMA/133 abar m2048@0xfe226000 port 0xfe226100 irq 29
[    4.821743] ata2: DUMMY
[    4.821820] ata3: SATA max UDMA/133 abar m2048@0xfe226000 port 0xfe226200 irq 29
[    4.822422] I2O subsystem v1.325
[    4.822500] i2o: max drivers = 8
[    4.822649] I2O Configuration OSM v1.323
[    4.822749] I2O Bus Adapter OSM v1.317
[    4.822841] I2O Block Device OSM v1.325
[    4.822990] I2O SCSI Peripheral OSM v1.316
[    4.823087] I2O ProcFS OSM v1.316
[    4.823183] Fusion MPT base driver 3.04.12
[    4.823261] Copyright (c) 1999-2008 LSI Corporation
[    4.823348] Fusion MPT SPI Host driver 3.04.12
[    4.823448] Fusion MPT FC Host driver 3.04.12
[    4.823615] Fusion MPT SAS Host driver 3.04.12
[    4.823764] ohci1394 0000:15:00.1: PCI INT B -> GSI 17 (level, low) -> IRQ 17
[    4.823851] ohci1394 0000:15:00.1: setting latency timer to 64
[    4.877545] ohci1394: fw-host0: OHCI-1394 1.1 (PCI): IRQ=[17]  MMIO=[f8301000-f83017ff]  Max Packet=[2048]  IR/IT contexts=[4/4]
[    4.880800] ehci_hcd: USB 2.0 'Enhanced' Host Controller (EHCI) Driver
[    4.881066] ehci_hcd 0000:00:1a.7: power state changed by ACPI to D0
[    4.881318] ehci_hcd 0000:00:1a.7: power state changed by ACPI to D0
[    4.881412] ehci_hcd 0000:00:1a.7: PCI INT C -> GSI 22 (level, low) -> IRQ 22
[    4.881509] ehci_hcd 0000:00:1a.7: setting latency timer to 64
[    4.881514] ehci_hcd 0000:00:1a.7: EHCI Host Controller
[    4.881647] ehci_hcd 0000:00:1a.7: new USB bus registered, assigned bus number 1
[    4.885691] ehci_hcd 0000:00:1a.7: cache line size of 32 is not supported
[    4.885700] ehci_hcd 0000:00:1a.7: irq 22, io mem 0xfe226c00
[    4.895507] ehci_hcd 0000:00:1a.7: USB 2.0 started, EHCI 1.00
[    4.895601] usb usb1: New USB device found, idVendor=1d6b, idProduct=0002
[    4.895691] usb usb1: New USB device strings: Mfr=3, Product=2, SerialNumber=1
[    4.895810] usb usb1: Product: EHCI Host Controller
[    4.895890] usb usb1: Manufacturer: Linux 2.6.32.57 ehci_hcd
[    4.895969] usb usb1: SerialNumber: 0000:00:1a.7
[    4.896101] usb usb1: configuration #1 chosen from 1 choice
[    4.896210] hub 1-0:1.0: USB hub found
[    4.896307] hub 1-0:1.0: 4 ports detected
[    4.896597] ehci_hcd 0000:00:1d.7: power state changed by ACPI to D0
[    4.896848] ehci_hcd 0000:00:1d.7: power state changed by ACPI to D0
[    4.896939] ehci_hcd 0000:00:1d.7: PCI INT D -> GSI 19 (level, low) -> IRQ 19
[    4.897030] ehci_hcd 0000:00:1d.7: setting latency timer to 64
[    4.897035] ehci_hcd 0000:00:1d.7: EHCI Host Controller
[    4.897154] ehci_hcd 0000:00:1d.7: new USB bus registered, assigned bus number 2
[    4.897298] ehci_hcd 0000:00:1d.7: debug port 1
[    4.901282] ehci_hcd 0000:00:1d.7: cache line size of 32 is not supported
[    4.901289] ehci_hcd 0000:00:1d.7: irq 19, io mem 0xfe227000
[    4.911506] ehci_hcd 0000:00:1d.7: USB 2.0 started, EHCI 1.00
[    4.911618] usb usb2: New USB device found, idVendor=1d6b, idProduct=0002
[    4.911703] usb usb2: New USB device strings: Mfr=3, Product=2, SerialNumber=1
[    4.911836] usb usb2: Product: EHCI Host Controller
[    4.911923] usb usb2: Manufacturer: Linux 2.6.32.57 ehci_hcd
[    4.912003] usb usb2: SerialNumber: 0000:00:1d.7
[    4.912141] usb usb2: configuration #1 chosen from 1 choice
[    4.912255] hub 2-0:1.0: USB hub found
[    4.912342] hub 2-0:1.0: 6 ports detected
[    4.912513] 116x: driver isp116x-hcd, 03 Nov 2005
[    4.912625] ohci_hcd: USB 1.1 'Open' Host Controller (OHCI) Driver
[    4.912735] uhci_hcd: USB Universal Host Controller Interface driver
[    4.912834] uhci_hcd 0000:00:1a.0: PCI INT A -> GSI 20 (level, low) -> IRQ 20
[    4.912922] uhci_hcd 0000:00:1a.0: setting latency timer to 64
[    4.912927] uhci_hcd 0000:00:1a.0: UHCI Host Controller
[    4.913052] uhci_hcd 0000:00:1a.0: new USB bus registered, assigned bus number 3
[    4.913198] uhci_hcd 0000:00:1a.0: irq 20, io base 0x00001860
[    4.913301] usb usb3: New USB device found, idVendor=1d6b, idProduct=0001
[    4.913389] usb usb3: New USB device strings: Mfr=3, Product=2, SerialNumber=1
[    4.913514] usb usb3: Product: UHCI Host Controller
[    4.913594] usb usb3: Manufacturer: Linux 2.6.32.57 uhci_hcd
[    4.913674] usb usb3: SerialNumber: 0000:00:1a.0
[    4.913802] usb usb3: configuration #1 chosen from 1 choice
[    4.913922] hub 3-0:1.0: USB hub found
[    4.914003] hub 3-0:1.0: 2 ports detected
[    4.914292] uhci_hcd 0000:00:1a.1: power state changed by ACPI to D0
[    4.914579] uhci_hcd 0000:00:1a.1: power state changed by ACPI to D0
[    4.914685] uhci_hcd 0000:00:1a.1: PCI INT B -> GSI 21 (level, low) -> IRQ 21
[    4.914771] uhci_hcd 0000:00:1a.1: setting latency timer to 64
[    4.914774] uhci_hcd 0000:00:1a.1: UHCI Host Controller
[    4.914898] uhci_hcd 0000:00:1a.1: new USB bus registered, assigned bus number 4
[    4.915046] uhci_hcd 0000:00:1a.1: irq 21, io base 0x00001880
[    4.915168] usb usb4: New USB device found, idVendor=1d6b, idProduct=0001
[    4.915249] usb usb4: New USB device strings: Mfr=3, Product=2, SerialNumber=1
[    4.915362] usb usb4: Product: UHCI Host Controller
[    4.915451] usb usb4: Manufacturer: Linux 2.6.32.57 uhci_hcd
[    4.915542] usb usb4: SerialNumber: 0000:00:1a.1
[    4.915681] usb usb4: configuration #1 chosen from 1 choice
[    4.915797] hub 4-0:1.0: USB hub found
[    4.915878] hub 4-0:1.0: 2 ports detected
[    4.916160] uhci_hcd 0000:00:1d.0: power state changed by ACPI to D0
[    4.916383] uhci_hcd 0000:00:1d.0: power state changed by ACPI to D0
[    4.916478] uhci_hcd 0000:00:1d.0: PCI INT A -> GSI 16 (level, low) -> IRQ 16
[    4.916577] uhci_hcd 0000:00:1d.0: setting latency timer to 64
[    4.916579] uhci_hcd 0000:00:1d.0: UHCI Host Controller
[    4.916707] uhci_hcd 0000:00:1d.0: new USB bus registered, assigned bus number 5
[    4.916853] uhci_hcd 0000:00:1d.0: irq 16, io base 0x000018a0
[    4.916966] usb usb5: New USB device found, idVendor=1d6b, idProduct=0001
[    4.917055] usb usb5: New USB device strings: Mfr=3, Product=2, SerialNumber=1
[    4.917171] usb usb5: Product: UHCI Host Controller
[    4.917249] usb usb5: Manufacturer: Linux 2.6.32.57 uhci_hcd
[    4.917330] usb usb5: SerialNumber: 0000:00:1d.0
[    4.917462] usb usb5: configuration #1 chosen from 1 choice
[    4.917586] hub 5-0:1.0: USB hub found
[    4.917668] hub 5-0:1.0: 2 ports detected
[    4.917798] uhci_hcd 0000:00:1d.1: PCI INT B -> GSI 17 (level, low) -> IRQ 17
[    4.917889] uhci_hcd 0000:00:1d.1: setting latency timer to 64
[    4.917894] uhci_hcd 0000:00:1d.1: UHCI Host Controller
[    4.918012] uhci_hcd 0000:00:1d.1: new USB bus registered, assigned bus number 6
[    4.918149] uhci_hcd 0000:00:1d.1: irq 17, io base 0x000018c0
[    4.918254] usb usb6: New USB device found, idVendor=1d6b, idProduct=0001
[    4.918344] usb usb6: New USB device strings: Mfr=3, Product=2, SerialNumber=1
[    4.918460] usb usb6: Product: UHCI Host Controller
[    4.918550] usb usb6: Manufacturer: Linux 2.6.32.57 uhci_hcd
[    4.918638] usb usb6: SerialNumber: 0000:00:1d.1
[    4.918772] usb usb6: configuration #1 chosen from 1 choice
[    4.918888] hub 6-0:1.0: USB hub found
[    4.918980] hub 6-0:1.0: 2 ports detected
[    4.919276] uhci_hcd 0000:00:1d.2: power state changed by ACPI to D0
[    4.919556] uhci_hcd 0000:00:1d.2: power state changed by ACPI to D0
[    4.919642] uhci_hcd 0000:00:1d.2: PCI INT C -> GSI 18 (level, low) -> IRQ 18
[    4.919732] uhci_hcd 0000:00:1d.2: setting latency timer to 64
[    4.919735] uhci_hcd 0000:00:1d.2: UHCI Host Controller
[    4.919862] uhci_hcd 0000:00:1d.2: new USB bus registered, assigned bus number 7
[    4.920011] uhci_hcd 0000:00:1d.2: irq 18, io base 0x000018e0
[    4.920116] usb usb7: New USB device found, idVendor=1d6b, idProduct=0001
[    4.920216] usb usb7: New USB device strings: Mfr=3, Product=2, SerialNumber=1
[    4.920328] usb usb7: Product: UHCI Host Controller
[    4.920406] usb usb7: Manufacturer: Linux 2.6.32.57 uhci_hcd
[    4.920493] usb usb7: SerialNumber: 0000:00:1d.2
[    4.921286] usb usb7: configuration #1 chosen from 1 choice
[    4.921395] hub 7-0:1.0: USB hub found
[    4.921476] hub 7-0:1.0: 2 ports detected
[    4.921635] sl811: driver sl811-hcd, 19 May 2005
[    4.921739] r8a66597_hcd: driver r8a66597_hcd, 2009-05-26
[    4.921901] Initializing USB Mass Storage driver...
[    4.922019] usbcore: registered new interface driver usb-storage
[    4.922104] USB Mass Storage support registered.
[    4.922200] usbcore: registered new interface driver ums-alauda
[    4.922299] usbcore: registered new interface driver ums-cypress
[    4.922399] usbcore: registered new interface driver ums-datafab
[    4.922515] usbcore: registered new interface driver ums-freecom
[    4.922617] usbcore: registered new interface driver ums-isd200
[    4.922722] usbcore: registered new interface driver ums-jumpshot
[    4.922827] usbcore: registered new interface driver ums-karma
[    4.922930] usbcore: registered new interface driver ums-onetouch
[    4.923042] usbcore: registered new interface driver ums-sddr09
[    4.923144] usbcore: registered new interface driver ums-sddr55
[    4.923248] usbcore: registered new interface driver ums-usbat
[    4.923382] PNP: PS/2 Controller [PNP0303:KBD,PNP0f13:MOU] at 0x60,0x64 irq 1,12
[    4.933058] serio: i8042 KBD port at 0x60,0x64 irq 1
[    4.933137] serio: i8042 AUX port at 0x60,0x64 irq 12
[    4.933373] mice: PS/2 mouse device common for all mice
[    4.933479] i2c /dev entries driver
[    4.933608] md: linear personality registered for level -1
[    4.933691] md: raid0 personality registered for level 0
[    4.933777] md: raid1 personality registered for level 1
[    4.933859] md: raid10 personality registered for level 10
[    4.933939] md: raid6 personality registered for level 6
[    4.934034] md: raid5 personality registered for level 5
[    4.934118] md: raid4 personality registered for level 4
[    4.934198] md: multipath personality registered for level -4
[    4.934383] device-mapper: ioctl: 4.15.0-ioctl (2009-04-01) initialised: dm-devel@redhat.com
[    4.934589] cpuidle: using governor ladder
[    4.935175] usbcore: registered new interface driver usbhid
[    4.935261] usbhid: v2.6:USB HID core driver
[    4.935400] random 0000 0000 0000 00000000 00000000: rand_read_num 4 get_random_bytes(136): sig 00000000 00000000 00000000
[    4.935403] random 0000 0000 0000 00000000 00000000: extract_entropy(.. 136 ..)
[    4.935406] random 0000 0000 0000 00000000 00000000: going to reseed nonblocking with 1024 bits (1088 of 0 requested)
[    4.935408] random 0000 0000 0000 00000000 00000000: extract_entropy(.. 128 ..)
[    4.935410] random 0000 0000 0000 00000000 00000000: trying to extract 1024 bits from input
[    4.935412] random 0000 0000 0000 00000000 00000000: debiting 0 entropy credits from input
[    4.935414] random 0000 0000 0000 00000000 00000000: extract_entropy account returned: 0 
[    4.935417] random 0000 0000 0000 00000000 00000000: urand_change_num 7 xfer_secondary_pool(136): pool_sig 00000000, data_sig 00000000, bytes_mixed 0 00000000 00000000
[    4.935420] random 0000 0000 0000 00000000 00000000: trying to extract 1088 bits from nonblocking
[    4.935423] random 0000 0000 0000 00000000 00000000: debiting 1088 entropy credits from nonblocking (unlimited)
[    4.935425] random 0000 0000 0000 00000000 00000000: extract_entropy account returned: 136 
[    4.935429] random 0000 0000 0000 00000000 00000000: urand_change_num 8 extract_buf: pool_sig 00000000, data_sig fffffff9, bytes_mixed 20 00000000 00000000
[    4.935435] random 0000 0000 0000 b7c35b56 be4dc95d: urand_change_num 9 extract_buf: pool_sig fffffd1e, data_sig 000000c5, bytes_mixed 20 b7c35b56 be4dc95d
[    4.935440] random 0000 0000 0000 ed9f5c47 c48487fb: urand_change_num 10 extract_buf: pool_sig fffff8ec, data_sig ffffff68, bytes_mixed 20 ed9f5c47 c48487fb
[    4.935445] random 0000 0000 0000 ed9f5c47 c48487fb: urand_change_num 11 extract_buf: pool_sig fffffaed, data_sig 000001aa, bytes_mixed 20 ed9f5c47 c48487fb
[    4.935450] random 0000 0000 0000 1b4f7c0a 91bd6a48: urand_change_num 12 extract_buf: pool_sig fffffdd8, data_sig 00000064, bytes_mixed 20 1b4f7c0a 91bd6a48
[    4.935455] random 0000 0000 0000 a254b9bc 20e9a24f: urand_change_num 13 extract_buf: pool_sig fffffbe6, data_sig 000001dd, bytes_mixed 20 a254b9bc 20e9a24f
[    4.935460] random 0000 0000 0000 a254b9bc 20e9a24f: urand_change_num 14 extract_buf: pool_sig fffff940, data_sig fffffe20, bytes_mixed 20 a254b9bc 20e9a24f
[    4.935466] random 0000 0000 0000 2831a66b 5fa2a3ad: urand_change_num 15 extract_buf: pool_sig fffffbce, data_sig 0000007e, bytes_mixed 20 2831a66b 5fa2a3ad
[    4.935471] random 0000 0000 0000 2831a66b 5fa2a3ad: urand_change_num 16 extract_buf: pool_sig 000004df, data_sig fffffe8f, bytes_mixed 20 2831a66b 5fa2a3ad
[    4.935476] random 0000 0000 0000 d4512bfd c9a54e0b: urand_change_num 17 extract_buf: pool_sig 00000485, data_sig fffffe68, bytes_mixed 20 d4512bfd c9a54e0b
[    4.935481] random 0000 0000 0000 c7371be6 f9ffea11: urand_change_num 18 extract_buf: pool_sig 00000095, data_sig ffffffed, bytes_mixed 20 c7371be6 f9ffea11
[    4.935486] random 0000 0000 0000 c7371be6 f9ffea11: urand_change_num 19 extract_buf: pool_sig 000003a7, data_sig fffffefa, bytes_mixed 20 c7371be6 f9ffea11
[    4.935491] random 0000 0000 0000 8fb4b62c d1ddba54: urand_change_num 20 extract_buf: pool_sig 00000179, data_sig ffffff78, bytes_mixed 20 8fb4b62c d1ddba54
[    4.935496] random 0000 0000 0000 9ff19f9c c07a1d2a: urand_change_num 21 extract_buf: pool_sig fffffe88, data_sig 00000126, bytes_mixed 20 9ff19f9c c07a1d2a
[    4.935509] TCP cubic registered
[    4.935592] Initializing XFRM netlink socket
[    4.935691] NET: Registered protocol family 17
[    4.935783] Using IPI Shortcut mode
[    4.935871] random 0000 0000 0000 9ff19f9c c07a1d2a: rand_read_num 5 get_random_bytes(8): sig 0000031b 9ff19f9c c07a1d2a
[    4.935873] random 0000 0000 0000 9ff19f9c c07a1d2a: extract_entropy(.. 8 ..)
[    4.935876] random 0000 0000 0000 9ff19f9c c07a1d2a: going to reseed nonblocking with 64 bits (64 of 0 requested)
[    4.935878] random 0000 0000 0000 9ff19f9c c07a1d2a: extract_entropy(.. 8 ..)
[    4.935880] random 0000 0000 0000 9ff19f9c c07a1d2a: trying to extract 64 bits from input
[    4.935882] random 0000 0000 0000 9ff19f9c c07a1d2a: debiting 0 entropy credits from input
[    4.935884] random 0000 0000 0000 9ff19f9c c07a1d2a: extract_entropy account returned: 0 
[    4.935887] random 0000 0000 0000 9ff19f9c c07a1d2a: urand_change_num 22 xfer_secondary_pool(8): pool_sig 0000031b, data_sig 00000000, bytes_mixed 0 9ff19f9c c07a1d2a
[    4.935890] random 0000 0000 0000 9ff19f9c c07a1d2a: trying to extract 64 bits from nonblocking
[    4.935892] random 0000 0000 0000 9ff19f9c c07a1d2a: debiting 64 entropy credits from nonblocking (unlimited)
[    4.935894] random 0000 0000 0000 9ff19f9c c07a1d2a: extract_entropy account returned: 8 
[    4.935898] random 0000 0000 0000 9ff19f9c c07a1d2a: urand_change_num 23 extract_buf: pool_sig 0000031b, data_sig ffffffb3, bytes_mixed 20 9ff19f9c c07a1d2a
[    4.938707] input: AT Translated Set 2 keyboard as /devices/platform/i8042/serio0/input/input1
[    5.128502] ata1: SATA link up 1.5 Gbps (SStatus 113 SControl 300)
[    5.128607] ata3: SATA link down (SStatus 0 SControl 300)
[    5.130868] ata1.00: ACPI cmd ef/02:00:00:00:00:a0 (SET FEATURES) succeeded
[    5.130871] ata1.00: ACPI cmd f5/00:00:00:00:00:a0 (SECURITY FREEZE LOCK) filtered out
[    5.132262] ata1.00: ACPI cmd ef/5f:00:00:00:00:a0 (SET FEATURES) succeeded
[    5.132264] ata1.00: ACPI cmd ef/10:03:00:00:00:a0 (SET FEATURES) filtered out
[    5.134168] ata1.00: ATA-7: ST910021AS, 4.06, max UDMA/100
[    5.134257] ata1.00: 195371568 sectors, multi 16: LBA48 
[    5.136410] ata1.00: ACPI cmd ef/02:00:00:00:00:a0 (SET FEATURES) succeeded
[    5.136413] ata1.00: ACPI cmd f5/00:00:00:00:00:a0 (SECURITY FREEZE LOCK) filtered out
[    5.137807] ata1.00: ACPI cmd ef/5f:00:00:00:00:a0 (SET FEATURES) succeeded
[    5.137810] ata1.00: ACPI cmd ef/10:03:00:00:00:a0 (SET FEATURES) filtered out
[    5.139733] ata1.00: configured for UDMA/100
[    5.150552] scsi 2:0:0:0: Direct-Access     ATA      ST910021AS       4.06 PQ: 0 ANSI: 5
[    5.150827] sd 2:0:0:0: [sda] 195371568 512-byte logical blocks: (100 GB/93.1 GiB)
[    5.150960] sd 2:0:0:0: [sda] Write Protect is off
[    5.151040] sd 2:0:0:0: [sda] Mode Sense: 00 3a 00 00
[    5.151053] sd 2:0:0:0: [sda] Write cache: enabled, read cache: enabled, doesn't support DPO or FUA
[    5.151236]  sda:
[    5.215484] usb 2-1: new high speed USB device using ehci_hcd and address 2
[    5.364800] usb 2-1: New USB device found, idVendor=0e8d, idProduct=1806
[    5.364884] usb 2-1: New USB device strings: Mfr=1, Product=2, SerialNumber=3
[    5.364972] usb 2-1: Product: MT1806 
[    5.365056] usb 2-1: Manufacturer: MediaTek Inc
[    5.365141] usb 2-1: SerialNumber: R8KN6GAC800AEB 
[    5.365278] usb 2-1: configuration #1 chosen from 1 choice
[    5.371717] scsi5 : SCSI emulation for USB Mass Storage devices
[    5.371884] usb-storage: device found at 2
[    5.371885] usb-storage: waiting for device to settle before scanning
[    5.564863]  sda1 sda2
[    5.565584] sd 2:0:0:0: [sda] Attached SCSI disk
[    5.565679] random 0000 0000 0000 277f73c3 42024bb9: rand_read_num 6 get_random_bytes(12): sig 000007e9 277f73c3 42024bb9
[    5.565681] random 0000 0000 0000 277f73c3 42024bb9: extract_entropy(.. 12 ..)
[    5.565683] random 0000 0000 0000 277f73c3 42024bb9: going to reseed nonblocking with 96 bits (96 of 0 requested)
[    5.565686] random 0000 0000 0000 277f73c3 42024bb9: extract_entropy(.. 12 ..)
[    5.565688] random 0000 0000 0000 277f73c3 42024bb9: trying to extract 96 bits from input
[    5.565690] random 0000 0000 0000 277f73c3 42024bb9: debiting 0 entropy credits from input
[    5.565692] random 0000 0000 0000 277f73c3 42024bb9: extract_entropy account returned: 0 
[    5.565695] random 0000 0000 0000 277f73c3 42024bb9: urand_change_num 24 xfer_secondary_pool(12): pool_sig 000007e9, data_sig 00000000, bytes_mixed 0 277f73c3 42024bb9
[    5.565698] random 0000 0000 0000 277f73c3 42024bb9: trying to extract 96 bits from nonblocking
[    5.565700] random 0000 0000 0000 277f73c3 42024bb9: debiting 96 entropy credits from nonblocking (unlimited)
[    5.565702] random 0000 0000 0000 277f73c3 42024bb9: extract_entropy account returned: 12 
[    5.565706] random 0000 0000 0000 277f73c3 42024bb9: urand_change_num 25 extract_buf: pool_sig 000007e9, data_sig 00000088, bytes_mixed 20 277f73c3 42024bb9
[    5.565712] random 0000 0000 0000 277f73c3 42024bb9: urand_change_num 26 extract_buf: pool_sig 00000498, data_sig fffffefb, bytes_mixed 20 277f73c3 42024bb9
[    5.565715] RANDOM - __seed init called.
[    5.565716] RANDOM - __seed init called.
[    5.565717] RANDOM - __seed init called.
[    5.565718] RANDOM - __random32 called. Change num 12.  Value: 87f14767	f0d7351	b1e48bd3
[    5.565720] RANDOM - random32_reseed called.  Value: 87f14767	f0d7351	b1e48bd3
[    5.565723] Pid: 1, comm: swapper Not tainted 2.6.32.57 #3
[    5.565808] Call Trace:
[    5.565896]  [<c1923ca4>] ? random32_reseed+0xa0/0xb1
[    5.565990]  [<c1923c04>] ? random32_reseed+0x0/0xb1
[    5.566076]  [<c100111e>] ? do_one_initcall+0x2e/0x180
[    5.566165]  [<c1907265>] ? kernel_init+0xad/0x103
[    5.566257]  [<c19071b8>] ? kernel_init+0x0/0x103
[    5.566337]  [<c1003787>] ? kernel_thread_helper+0x7/0x10
[    5.566870] random 0000 0000 0000 386b4e60 ee4d4880: rand_read_num 7 get_random_bytes(64): sig fffffea5 386b4e60 ee4d4880
[    5.566873] random 0000 0000 0000 386b4e60 ee4d4880: extract_entropy(.. 64 ..)
[    5.566875] random 0000 0000 0000 386b4e60 ee4d4880: going to reseed nonblocking with 512 bits (512 of 0 requested)
[    5.566877] random 0000 0000 0000 386b4e60 ee4d4880: extract_entropy(.. 64 ..)
[    5.566879] random 0000 0000 0000 386b4e60 ee4d4880: trying to extract 512 bits from input
[    5.566881] random 0000 0000 0000 386b4e60 ee4d4880: debiting 0 entropy credits from input
[    5.566883] random 0000 0000 0000 386b4e60 ee4d4880: extract_entropy account returned: 0 
[    5.566886] random 0000 0000 0000 386b4e60 ee4d4880: urand_change_num 27 xfer_secondary_pool(64): pool_sig fffffea5, data_sig 00000000, bytes_mixed 0 386b4e60 ee4d4880
[    5.566889] random 0000 0000 0000 386b4e60 ee4d4880: trying to extract 512 bits from nonblocking
[    5.566891] random 0000 0000 0000 386b4e60 ee4d4880: debiting 512 entropy credits from nonblocking (unlimited)
[    5.566894] random 0000 0000 0000 386b4e60 ee4d4880: extract_entropy account returned: 64 
[    5.566898] random 0000 0000 0000 386b4e60 ee4d4880: urand_change_num 28 extract_buf: pool_sig fffffea5, data_sig 00000173, bytes_mixed 20 386b4e60 ee4d4880
[    5.566903] random 0000 0000 0000 412698f6 0cc8689a: urand_change_num 29 extract_buf: pool_sig 00000122, data_sig ffffff63, bytes_mixed 20 412698f6 0cc8689a
[    5.566908] random 0000 0000 0000 412698f6 0cc8689a: urand_change_num 30 extract_buf: pool_sig 000001f7, data_sig 00000012, bytes_mixed 20 412698f6 0cc8689a
[    5.566913] random 0000 0000 0000 9669941e 06f768b1: urand_change_num 31 extract_buf: pool_sig fffffb5b, data_sig 0000003f, bytes_mixed 20 9669941e 06f768b1
[    5.566919] random 0000 0000 0000 98486520 995551f0: urand_change_num 32 extract_buf: pool_sig fffffb39, data_sig 0000000e, bytes_mixed 20 98486520 995551f0
[    5.566924] random 0000 0000 0000 98486520 995551f0: urand_change_num 33 extract_buf: pool_sig fffffd8d, data_sig 000001a6, bytes_mixed 20 98486520 995551f0
[    5.566929] random 0000 0000 0000 61fc8914 d5882ed2: urand_change_num 34 extract_buf: pool_sig fffffa58, data_sig 0000023e, bytes_mixed 20 61fc8914 d5882ed2
[    5.566958] random 0000 0000 0000 61fc8914 d5882ed2: rand_read_num 8 get_random_bytes(64): sig fffff9ee 61fc8914 d5882ed2
[    5.566960] random 0000 0000 0000 61fc8914 d5882ed2: extract_entropy(.. 64 ..)
[    5.566963] random 0000 0000 0000 61fc8914 d5882ed2: going to reseed nonblocking with 512 bits (512 of 0 requested)
[    5.566965] random 0000 0000 0000 61fc8914 d5882ed2: extract_entropy(.. 64 ..)
[    5.566967] random 0000 0000 0000 61fc8914 d5882ed2: trying to extract 512 bits from input
[    5.566969] random 0000 0000 0000 61fc8914 d5882ed2: debiting 0 entropy credits from input
[    5.566971] random 0000 0000 0000 61fc8914 d5882ed2: extract_entropy account returned: 0 
[    5.566974] random 0000 0000 0000 61fc8914 d5882ed2: urand_change_num 35 xfer_secondary_pool(64): pool_sig fffff9ee, data_sig 00000000, bytes_mixed 0 61fc8914 d5882ed2
[    5.566977] random 0000 0000 0000 61fc8914 d5882ed2: trying to extract 512 bits from nonblocking
[    5.566979] random 0000 0000 0000 61fc8914 d5882ed2: debiting 512 entropy credits from nonblocking (unlimited)
[    5.566981] random 0000 0000 0000 61fc8914 d5882ed2: extract_entropy account returned: 64 
[    5.566985] random 0000 0000 0000 61fc8914 d5882ed2: urand_change_num 36 extract_buf: pool_sig fffff9ee, data_sig ffffff85, bytes_mixed 20 61fc8914 d5882ed2
[    5.566990] random 0000 0000 0000 70cfd302 e5edec11: urand_change_num 37 extract_buf: pool_sig fffffdc1, data_sig ffffffde, bytes_mixed 20 70cfd302 e5edec11
[    5.566995] random 0000 0000 0000 00dab838 eafd2b30: urand_change_num 38 extract_buf: pool_sig 000003da, data_sig ffffff61, bytes_mixed 20 00dab838 eafd2b30
[    5.567001] random 0000 0000 0000 00dab838 eafd2b30: urand_change_num 39 extract_buf: pool_sig 00000314, data_sig 00000121, bytes_mixed 20 00dab838 eafd2b30
[    5.567006] random 0000 0000 0000 5fcdf66a 6442b608: urand_change_num 40 extract_buf: pool_sig 0000028b, data_sig fffffefd, bytes_mixed 20 5fcdf66a 6442b608
[    5.567011] random 0000 0000 0000 61333f6b 8fae0f9b: urand_change_num 41 extract_buf: pool_sig 000000cb, data_sig 000000b3, bytes_mixed 20 61333f6b 8fae0f9b
[    5.567016] random 0000 0000 0000 61333f6b 8fae0f9b: urand_change_num 42 extract_buf: pool_sig fffffef8, data_sig 00000051, bytes_mixed 20 61333f6b 8fae0f9b
[    5.567019] BEGIN NET_SECRET:
[    5.567020] \xffffffe0
[    5.567021] \xffffffb6
[    5.567022] \x36
[    5.567022] \xffffffb5
[    5.567023] \xffffff94
[    5.567024] \xffffffb2
[    5.567025] \xffffffa8
[    5.567026] \xffffffda
[    5.567026] \x5b
[    5.567027] \x19
[    5.567028] \x18
[    5.567029] \x5c
[    5.567029] \x2b
[    5.567030] \x1
[    5.567031] \xffffff90
[    5.567031] \x19
[    5.567032] \x3c
[    5.567033] \xfffffff2
[    5.567034] \xffffff82
[    5.567035] \x2a
[    5.567035] \xffffffb3
[    5.567036] \xffffffa2
[    5.567037] \x3f
[    5.567038] \x5
[    5.567038] \x52
[    5.567039] \x77
[    5.567040] \x57
[    5.567041] \x79
[    5.567041] \x16
[    5.567042] \x43
[    5.567043] \xffffff84
[    5.567043] \xffffffc3
[    5.567044] \xffffffe9
[    5.567045] \x79
[    5.567046] \x50
[    5.567046] \xffffff8e
[    5.567047] \x3f
[    5.567048] \xfffffff3
[    5.567049] \x19
[    5.567049] \x2a
[    5.567050] \xfffffffd
[    5.567051] \xfffffffb
[    5.567052] \x62
[    5.567053] \x3c
[    5.567053] \xffffffac
[    5.567054] \x1c
[    5.567055] \x3b
[    5.567055] \x3b
[    5.567056] \x15
[    5.567057] \x27
[    5.567058] \xffffffa8
[    5.567058] \x22
[    5.567059] \xffffffc5
[    5.567060] \xffffff9a
[    5.567061] \x5
[    5.567061] \x6c
[    5.567062] \xffffffa8
[    5.567063] \x3a
[    5.567064] \x44
[    5.567064] \xffffffaf
[    5.567065] \x13
[    5.567066] \xffffffe0
[    5.567067] \xffffff9d
[    5.567068] \x22
[    5.567068] 
[    5.567069] END NET_SECRET
[    5.567072] random 0000 0000 0000 e7f555d9 e8ce5c3c: rand_read_num 9 get_random_bytes(4): sig 0000068c e7f555d9 e8ce5c3c
[    5.567074] random 0000 0000 0000 e7f555d9 e8ce5c3c: extract_entropy(.. 4 ..)
[    5.567076] random 0000 0000 0000 e7f555d9 e8ce5c3c: going to reseed nonblocking with 64 bits (32 of 0 requested)
[    5.567078] random 0000 0000 0000 e7f555d9 e8ce5c3c: extract_entropy(.. 8 ..)
[    5.567080] random 0000 0000 0000 e7f555d9 e8ce5c3c: trying to extract 64 bits from input
[    5.567082] random 0000 0000 0000 e7f555d9 e8ce5c3c: debiting 0 entropy credits from input
[    5.567084] random 0000 0000 0000 e7f555d9 e8ce5c3c: extract_entropy account returned: 0 
[    5.567087] random 0000 0000 0000 e7f555d9 e8ce5c3c: urand_change_num 43 xfer_secondary_pool(4): pool_sig 0000068c, data_sig 00000000, bytes_mixed 0 e7f555d9 e8ce5c3c
[    5.567090] random 0000 0000 0000 e7f555d9 e8ce5c3c: trying to extract 32 bits from nonblocking
[    5.567092] random 0000 0000 0000 e7f555d9 e8ce5c3c: debiting 32 entropy credits from nonblocking (unlimited)
[    5.567094] random 0000 0000 0000 e7f555d9 e8ce5c3c: extract_entropy account returned: 4 
[    5.567098] random 0000 0000 0000 e7f555d9 e8ce5c3c: urand_change_num 44 extract_buf: pool_sig 0000068c, data_sig fffffdcb, bytes_mixed 20 e7f555d9 e8ce5c3c
[    5.567109] md: Waiting for all devices to be available before autodetect
[    5.567198] md: If you don't use raid, use raid=noautodetect
[    5.567359] md: Autodetecting RAID arrays.
[    5.567445] md: Scanned 0 and added 0 devices.
[    5.567531] md: autorun ...
[    5.567615] md: ... autorun DONE.
[    5.582314] EXT3-fs: sda2: couldn't mount because of unsupported optional features (240).
[    5.582552] EXT2-fs: sda2: couldn't mount because of unsupported optional features (240).
[    5.583872] random 0000 0000 0000 e7f555d9 e8ce5c3c: rand_read_num 10 get_random_bytes(4): sig ffffff72 e7f555d9 e8ce5c3c
[    5.583875] random 0000 0000 0000 e7f555d9 e8ce5c3c: extract_entropy(.. 4 ..)
[    5.583877] random 0000 0000 0000 e7f555d9 e8ce5c3c: going to reseed nonblocking with 64 bits (32 of 0 requested)
[    5.583879] random 0000 0000 0000 e7f555d9 e8ce5c3c: extract_entropy(.. 8 ..)
[    5.583881] random 0000 0000 0000 e7f555d9 e8ce5c3c: trying to extract 64 bits from input
[    5.583883] random 0000 0000 0000 e7f555d9 e8ce5c3c: debiting 0 entropy credits from input
[    5.583885] random 0000 0000 0000 e7f555d9 e8ce5c3c: extract_entropy account returned: 0 
[    5.583889] random 0000 0000 0000 e7f555d9 e8ce5c3c: urand_change_num 45 xfer_secondary_pool(4): pool_sig ffffff72, data_sig 00000000, bytes_mixed 0 e7f555d9 e8ce5c3c
[    5.583891] random 0000 0000 0000 e7f555d9 e8ce5c3c: trying to extract 32 bits from nonblocking
[    5.583894] random 0000 0000 0000 e7f555d9 e8ce5c3c: debiting 32 entropy credits from nonblocking (unlimited)
[    5.583896] random 0000 0000 0000 e7f555d9 e8ce5c3c: extract_entropy account returned: 4 
[    5.583900] random 0000 0000 0000 e7f555d9 e8ce5c3c: urand_change_num 46 extract_buf: pool_sig ffffff72, data_sig ffffff72, bytes_mixed 20 e7f555d9 e8ce5c3c
[    5.618923] EXT4-fs (sda2): mounted filesystem with ordered data mode
[    5.619105] VFS: Mounted root (ext4 filesystem) readonly on device 8:2.
[    5.619208] Freeing unused kernel memory: 448k freed
[    5.697934] random 0000 0000 0000 91716c54 eeb6a1e7: rand_read_num 11 get_random_bytes(16): sig fffffcad 91716c54 eeb6a1e7
[    5.697937] random 0000 0000 0000 91716c54 eeb6a1e7: extract_entropy(.. 16 ..)
[    5.697940] random 0000 0000 0000 91716c54 eeb6a1e7: going to reseed nonblocking with 128 bits (128 of 0 requested)
[    5.697942] random 0000 0000 0000 91716c54 eeb6a1e7: extract_entropy(.. 16 ..)
[    5.697944] random 0000 0000 0000 91716c54 eeb6a1e7: trying to extract 128 bits from input
[    5.697946] random 0000 0000 0000 91716c54 eeb6a1e7: debiting 0 entropy credits from input
[    5.697948] random 0000 0000 0000 91716c54 eeb6a1e7: extract_entropy account returned: 0 
[    5.697951] random 0000 0000 0000 91716c54 eeb6a1e7: urand_change_num 47 xfer_secondary_pool(16): pool_sig fffffcad, data_sig 00000000, bytes_mixed 0 91716c54 eeb6a1e7
[    5.697954] random 0000 0000 0000 91716c54 eeb6a1e7: trying to extract 128 bits from nonblocking
[    5.697956] random 0000 0000 0000 91716c54 eeb6a1e7: debiting 128 entropy credits from nonblocking (unlimited)
[    5.697958] random 0000 0000 0000 91716c54 eeb6a1e7: extract_entropy account returned: 16 
[    5.697962] random 0000 0000 0000 91716c54 eeb6a1e7: urand_change_num 48 extract_buf: pool_sig fffffcad, data_sig ffffff19, bytes_mixed 20 91716c54 eeb6a1e7
[    5.697968] random 0000 0000 0000 fd637b06 6cf47bc1: urand_change_num 49 extract_buf: pool_sig fffffede, data_sig ffffffc1, bytes_mixed 20 fd637b06 6cf47bc1
[    5.776358] random 0000 0000 0000 fd637b06 6cf47bc1: rand_read_num 12 get_random_bytes(16): sig 0000033b fd637b06 6cf47bc1
[    5.776361] random 0000 0000 0000 fd637b06 6cf47bc1: extract_entropy(.. 16 ..)
[    5.776364] random 0000 0000 0000 fd637b06 6cf47bc1: going to reseed nonblocking with 128 bits (128 of 0 requested)
[    5.776366] random 0000 0000 0000 fd637b06 6cf47bc1: extract_entropy(.. 16 ..)
[    5.776368] random 0000 0000 0000 fd637b06 6cf47bc1: trying to extract 128 bits from input
[    5.776370] random 0000 0000 0000 fd637b06 6cf47bc1: debiting 0 entropy credits from input
[    5.776372] random 0000 0000 0000 fd637b06 6cf47bc1: extract_entropy account returned: 0 
[    5.776375] random 0000 0000 0000 fd637b06 6cf47bc1: urand_change_num 50 xfer_secondary_pool(16): pool_sig 0000033b, data_sig 00000000, bytes_mixed 0 fd637b06 6cf47bc1
[    5.776378] random 0000 0000 0000 fd637b06 6cf47bc1: trying to extract 128 bits from nonblocking
[    5.776380] random 0000 0000 0000 fd637b06 6cf47bc1: debiting 128 entropy credits from nonblocking (unlimited)
[    5.776382] random 0000 0000 0000 fd637b06 6cf47bc1: extract_entropy account returned: 16 
[    5.776387] random 0000 0000 0000 fd637b06 6cf47bc1: urand_change_num 51 extract_buf: pool_sig 0000033b, data_sig 000000d8, bytes_mixed 20 fd637b06 6cf47bc1
[    5.776392] random 0000 0000 0000 0ec1f012 d4727ca8: urand_change_num 52 extract_buf: pool_sig fffffcf5, data_sig 00000016, bytes_mixed 20 0ec1f012 d4727ca8
[    6.140513] ieee1394: Host added: ID:BUS[0-00:1023]  GUID[00061b032a25f51c]
[    6.150262] random 0000 0000 0000 45b1d0b1 845a73f7: rand_read_num 13 get_random_bytes(16): sig 00000116 45b1d0b1 845a73f7
[    6.150264] random 0000 0000 0000 45b1d0b1 845a73f7: extract_entropy(.. 16 ..)
[    6.150267] random 0000 0000 0000 45b1d0b1 845a73f7: going to reseed nonblocking with 128 bits (128 of 0 requested)
[    6.150269] random 0000 0000 0000 45b1d0b1 845a73f7: extract_entropy(.. 16 ..)
[    6.150271] random 0000 0000 0000 45b1d0b1 845a73f7: trying to extract 128 bits from input
[    6.150273] random 0000 0000 0000 45b1d0b1 845a73f7: debiting 0 entropy credits from input
[    6.150275] random 0000 0000 0000 45b1d0b1 845a73f7: extract_entropy account returned: 0 
[    6.150278] random 0000 0000 0000 45b1d0b1 845a73f7: urand_change_num 53 xfer_secondary_pool(16): pool_sig 00000116, data_sig 00000000, bytes_mixed 0 45b1d0b1 845a73f7
[    6.150281] random 0000 0000 0000 45b1d0b1 845a73f7: trying to extract 128 bits from nonblocking
[    6.150284] random 0000 0000 0000 45b1d0b1 845a73f7: debiting 128 entropy credits from nonblocking (unlimited)
[    6.150286] random 0000 0000 0000 45b1d0b1 845a73f7: extract_entropy account returned: 16 
[    6.150290] random 0000 0000 0000 45b1d0b1 845a73f7: urand_change_num 54 extract_buf: pool_sig 00000116, data_sig fffffd8b, bytes_mixed 20 45b1d0b1 845a73f7
[    6.150295] random 0000 0000 0000 45b1d0b1 845a73f7: urand_change_num 55 extract_buf: pool_sig fffffc05, data_sig 00000109, bytes_mixed 20 45b1d0b1 845a73f7
[    6.202761] random 0000 0000 0000 5012cce3 b8a30621: rand_read_num 14 get_random_bytes(16): sig fffffb93 5012cce3 b8a30621
[    6.202764] random 0000 0000 0000 5012cce3 b8a30621: extract_entropy(.. 16 ..)
[    6.202767] random 0000 0000 0000 5012cce3 b8a30621: going to reseed nonblocking with 128 bits (128 of 0 requested)
[    6.202769] random 0000 0000 0000 5012cce3 b8a30621: extract_entropy(.. 16 ..)
[    6.202771] random 0000 0000 0000 5012cce3 b8a30621: trying to extract 128 bits from input
[    6.202773] random 0000 0000 0000 5012cce3 b8a30621: debiting 0 entropy credits from input
[    6.202775] random 0000 0000 0000 5012cce3 b8a30621: extract_entropy account returned: 0 
[    6.202778] random 0000 0000 0000 5012cce3 b8a30621: urand_change_num 56 xfer_secondary_pool(16): pool_sig fffffb93, data_sig 00000000, bytes_mixed 0 5012cce3 b8a30621
[    6.202781] random 0000 0000 0000 5012cce3 b8a30621: trying to extract 128 bits from nonblocking
[    6.202783] random 0000 0000 0000 5012cce3 b8a30621: debiting 128 entropy credits from nonblocking (unlimited)
[    6.202785] random 0000 0000 0000 5012cce3 b8a30621: extract_entropy account returned: 16 
[    6.202790] random 0000 0000 0000 5012cce3 b8a30621: urand_change_num 57 extract_buf: pool_sig fffffb93, data_sig ffffff35, bytes_mixed 20 5012cce3 b8a30621
[    6.202795] random 0000 0000 0000 5012cce3 b8a30621: urand_change_num 58 extract_buf: pool_sig fffffb9d, data_sig ffffff92, bytes_mixed 20 5012cce3 b8a30621
[    6.204155] random 0000 0000 0000 30a5721d 4b648ff6: rand_read_num 15 get_random_bytes(16): sig fffffeb5 30a5721d 4b648ff6
[    6.204158] random 0000 0000 0000 30a5721d 4b648ff6: extract_entropy(.. 16 ..)
[    6.204161] random 0000 0000 0000 30a5721d 4b648ff6: going to reseed nonblocking with 128 bits (128 of 0 requested)
[    6.204163] random 0000 0000 0000 30a5721d 4b648ff6: extract_entropy(.. 16 ..)
[    6.204165] random 0000 0000 0000 30a5721d 4b648ff6: trying to extract 128 bits from input
[    6.204167] random 0000 0000 0000 30a5721d 4b648ff6: debiting 0 entropy credits from input
[    6.204169] random 0000 0000 0000 30a5721d 4b648ff6: extract_entropy account returned: 0 
[    6.204172] random 0000 0000 0000 30a5721d 4b648ff6: urand_change_num 59 xfer_secondary_pool(16): pool_sig fffffeb5, data_sig 00000000, bytes_mixed 0 30a5721d 4b648ff6
[    6.204175] random 0000 0000 0000 30a5721d 4b648ff6: trying to extract 128 bits from nonblocking
[    6.204177] random 0000 0000 0000 30a5721d 4b648ff6: debiting 128 entropy credits from nonblocking (unlimited)
[    6.204180] random 0000 0000 0000 30a5721d 4b648ff6: extract_entropy account returned: 16 
[    6.204184] random 0000 0000 0000 30a5721d 4b648ff6: urand_change_num 60 extract_buf: pool_sig fffffeb5, data_sig 000000c2, bytes_mixed 20 30a5721d 4b648ff6
[    6.204189] random 0000 0000 0000 89bae1ab 704c432f: urand_change_num 61 extract_buf: pool_sig 0000006e, data_sig fffffefc, bytes_mixed 20 89bae1ab 704c432f
[    6.204740] random 0000 0000 0000 89bae1ab 704c432f: rand_read_num 16 get_random_bytes(16): sig fffffd99 89bae1ab 704c432f
[    6.204743] random 0000 0000 0000 89bae1ab 704c432f: extract_entropy(.. 16 ..)
[    6.204745] random 0000 0000 0000 89bae1ab 704c432f: going to reseed nonblocking with 128 bits (128 of 0 requested)
[    6.204748] random 0000 0000 0000 89bae1ab 704c432f: extract_entropy(.. 16 ..)
[    6.204750] random 0000 0000 0000 89bae1ab 704c432f: trying to extract 128 bits from input
[    6.204752] random 0000 0000 0000 89bae1ab 704c432f: debiting 0 entropy credits from input
[    6.204754] random 0000 0000 0000 89bae1ab 704c432f: extract_entropy account returned: 0 
[    6.204757] random 0000 0000 0000 89bae1ab 704c432f: urand_change_num 62 xfer_secondary_pool(16): pool_sig fffffd99, data_sig 00000000, bytes_mixed 0 89bae1ab 704c432f
[    6.204760] random 0000 0000 0000 89bae1ab 704c432f: trying to extract 128 bits from nonblocking
[    6.204762] random 0000 0000 0000 89bae1ab 704c432f: debiting 128 entropy credits from nonblocking (unlimited)
[    6.204764] random 0000 0000 0000 89bae1ab 704c432f: extract_entropy account returned: 16 
[    6.204768] random 0000 0000 0000 89bae1ab 704c432f: urand_change_num 63 extract_buf: pool_sig fffffd99, data_sig 00000204, bytes_mixed 20 89bae1ab 704c432f
[    6.204774] random 0000 0000 0000 6c298a02 2b1539f8: urand_change_num 64 extract_buf: pool_sig 00000124, data_sig fffffff5, bytes_mixed 20 6c298a02 2b1539f8
[    6.205655] random 0000 0000 0000 c77b8b35 70f6cab5: rand_read_num 17 get_random_bytes(16): sig 0000036b c77b8b35 70f6cab5
[    6.205658] random 0000 0000 0000 c77b8b35 70f6cab5: extract_entropy(.. 16 ..)
[    6.205661] random 0000 0000 0000 c77b8b35 70f6cab5: going to reseed nonblocking with 128 bits (128 of 0 requested)
[    6.205663] random 0000 0000 0000 c77b8b35 70f6cab5: extract_entropy(.. 16 ..)
[    6.205665] random 0000 0000 0000 c77b8b35 70f6cab5: trying to extract 128 bits from input
[    6.205667] random 0000 0000 0000 c77b8b35 70f6cab5: debiting 0 entropy credits from input
[    6.205669] random 0000 0000 0000 c77b8b35 70f6cab5: extract_entropy account returned: 0 
[    6.205672] random 0000 0000 0000 c77b8b35 70f6cab5: urand_change_num 65 xfer_secondary_pool(16): pool_sig 0000036b, data_sig 00000000, bytes_mixed 0 c77b8b35 70f6cab5
[    6.205675] random 0000 0000 0000 c77b8b35 70f6cab5: trying to extract 128 bits from nonblocking
[    6.205678] random 0000 0000 0000 c77b8b35 70f6cab5: debiting 128 entropy credits from nonblocking (unlimited)
[    6.205680] random 0000 0000 0000 c77b8b35 70f6cab5: extract_entropy account returned: 16 
[    6.205684] random 0000 0000 0000 c77b8b35 70f6cab5: urand_change_num 66 extract_buf: pool_sig 0000036b, data_sig 0000005f, bytes_mixed 20 c77b8b35 70f6cab5
[    6.205689] random 0000 0000 0000 c77b8b35 70f6cab5: urand_change_num 67 extract_buf: pool_sig ffffff1c, data_sig 0000005a, bytes_mixed 20 c77b8b35 70f6cab5
[    6.206277] random 0000 0000 0000 af21d212 57d20ca3: rand_read_num 18 get_random_bytes(16): sig fffffb7f af21d212 57d20ca3
[    6.206280] random 0000 0000 0000 af21d212 57d20ca3: extract_entropy(.. 16 ..)
[    6.206283] random 0000 0000 0000 af21d212 57d20ca3: going to reseed nonblocking with 128 bits (128 of 0 requested)
[    6.206285] random 0000 0000 0000 af21d212 57d20ca3: extract_entropy(.. 16 ..)
[    6.206287] random 0000 0000 0000 af21d212 57d20ca3: trying to extract 128 bits from input
[    6.206289] random 0000 0000 0000 af21d212 57d20ca3: debiting 0 entropy credits from input
[    6.206291] random 0000 0000 0000 af21d212 57d20ca3: extract_entropy account returned: 0 
[    6.206295] random 0000 0000 0000 af21d212 57d20ca3: urand_change_num 68 xfer_secondary_pool(16): pool_sig fffffb7f, data_sig 00000000, bytes_mixed 0 af21d212 57d20ca3
[    6.206297] random 0000 0000 0000 af21d212 57d20ca3: trying to extract 128 bits from nonblocking
[    6.206300] random 0000 0000 0000 af21d212 57d20ca3: debiting 128 entropy credits from nonblocking (unlimited)
[    6.206302] random 0000 0000 0000 af21d212 57d20ca3: extract_entropy account returned: 16 
[    6.206306] random 0000 0000 0000 af21d212 57d20ca3: urand_change_num 69 extract_buf: pool_sig fffffb7f, data_sig ffffff88, bytes_mixed 20 af21d212 57d20ca3
[    6.206311] random 0000 0000 0000 af21d212 57d20ca3: urand_change_num 70 extract_buf: pool_sig fffffe1d, data_sig ffffff17, bytes_mixed 20 af21d212 57d20ca3
[    6.206903] random 0000 0000 0000 ffbd26fd 21933274: rand_read_num 19 get_random_bytes(16): sig ffffffc7 ffbd26fd 21933274
[    6.206906] random 0000 0000 0000 ffbd26fd 21933274: extract_entropy(.. 16 ..)
[    6.206908] random 0000 0000 0000 ffbd26fd 21933274: going to reseed nonblocking with 128 bits (128 of 0 requested)
[    6.206911] random 0000 0000 0000 ffbd26fd 21933274: extract_entropy(.. 16 ..)
[    6.206913] random 0000 0000 0000 ffbd26fd 21933274: trying to extract 128 bits from input
[    6.206915] random 0000 0000 0000 ffbd26fd 21933274: debiting 0 entropy credits from input
[    6.206917] random 0000 0000 0000 ffbd26fd 21933274: extract_entropy account returned: 0 
[    6.206920] random 0000 0000 0000 ffbd26fd 21933274: urand_change_num 71 xfer_secondary_pool(16): pool_sig ffffffc7, data_sig 00000000, bytes_mixed 0 ffbd26fd 21933274
[    6.206923] random 0000 0000 0000 ffbd26fd 21933274: trying to extract 128 bits from nonblocking
[    6.206925] random 0000 0000 0000 ffbd26fd 21933274: debiting 128 entropy credits from nonblocking (unlimited)
[    6.206927] random 0000 0000 0000 ffbd26fd 21933274: extract_entropy account returned: 16 
[    6.206931] random 0000 0000 0000 ffbd26fd 21933274: urand_change_num 72 extract_buf: pool_sig ffffffc7, data_sig 0000013b, bytes_mixed 20 ffbd26fd 21933274
[    6.206937] random 0000 0000 0000 151530a2 56c65dd3: urand_change_num 73 extract_buf: pool_sig ffffffbf, data_sig 00000036, bytes_mixed 20 151530a2 56c65dd3
[    6.207494] random 0000 0000 0000 151530a2 56c65dd3: rand_read_num 20 get_random_bytes(16): sig 000001a7 151530a2 56c65dd3
[    6.207497] random 0000 0000 0000 151530a2 56c65dd3: extract_entropy(.. 16 ..)
[    6.207499] random 0000 0000 0000 151530a2 56c65dd3: going to reseed nonblocking with 128 bits (128 of 0 requested)
[    6.207502] random 0000 0000 0000 151530a2 56c65dd3: extract_entropy(.. 16 ..)
[    6.207504] random 0000 0000 0000 151530a2 56c65dd3: trying to extract 128 bits from input
[    6.207506] random 0000 0000 0000 151530a2 56c65dd3: debiting 0 entropy credits from input
[    6.207508] random 0000 0000 0000 151530a2 56c65dd3: extract_entropy account returned: 0 
[    6.207511] random 0000 0000 0000 151530a2 56c65dd3: urand_change_num 74 xfer_secondary_pool(16): pool_sig 000001a7, data_sig 00000000, bytes_mixed 0 151530a2 56c65dd3
[    6.207514] random 0000 0000 0000 151530a2 56c65dd3: trying to extract 128 bits from nonblocking
[    6.207516] random 0000 0000 0000 151530a2 56c65dd3: debiting 128 entropy credits from nonblocking (unlimited)
[    6.207518] random 0000 0000 0000 151530a2 56c65dd3: extract_entropy account returned: 16 
[    6.207522] random 0000 0000 0000 151530a2 56c65dd3: urand_change_num 75 extract_buf: pool_sig 000001a7, data_sig ffffffa1, bytes_mixed 20 151530a2 56c65dd3
[    6.207528] random 0000 0000 0000 5d3e132e d9a77eb3: urand_change_num 76 extract_buf: pool_sig fffffcc9, data_sig 00000013, bytes_mixed 20 5d3e132e d9a77eb3
[    6.250251] random 0000 0000 0000 264837ad 0a28fef5: rand_read_num 21 get_random_bytes(16): sig ffffffd0 264837ad 0a28fef5
[    6.250254] random 0000 0000 0000 264837ad 0a28fef5: extract_entropy(.. 16 ..)
[    6.250257] random 0000 0000 0000 264837ad 0a28fef5: going to reseed nonblocking with 128 bits (128 of 0 requested)
[    6.250259] random 0000 0000 0000 264837ad 0a28fef5: extract_entropy(.. 16 ..)
[    6.250261] random 0000 0000 0000 264837ad 0a28fef5: trying to extract 128 bits from input
[    6.250263] random 0000 0000 0000 264837ad 0a28fef5: debiting 0 entropy credits from input
[    6.250265] random 0000 0000 0000 264837ad 0a28fef5: extract_entropy account returned: 0 
[    6.250269] random 0000 0000 0000 264837ad 0a28fef5: urand_change_num 77 xfer_secondary_pool(16): pool_sig ffffffd0, data_sig 00000000, bytes_mixed 0 264837ad 0a28fef5
[    6.250272] random 0000 0000 0000 264837ad 0a28fef5: trying to extract 128 bits from nonblocking
[    6.250274] random 0000 0000 0000 264837ad 0a28fef5: debiting 128 entropy credits from nonblocking (unlimited)
[    6.250276] random 0000 0000 0000 264837ad 0a28fef5: extract_entropy account returned: 16 
[    6.250281] random 0000 0000 0000 264837ad 0a28fef5: urand_change_num 78 extract_buf: pool_sig ffffffd0, data_sig 0000017b, bytes_mixed 20 264837ad 0a28fef5
[    6.250286] random 0000 0000 0000 264837ad 0a28fef5: urand_change_num 79 extract_buf: pool_sig 0000045c, data_sig 000001df, bytes_mixed 20 264837ad 0a28fef5
[    6.251741] random 0000 0000 0000 f37f7344 164aede0: rand_read_num 22 get_random_bytes(16): sig 000003c2 f37f7344 164aede0
[    6.251744] random 0000 0000 0000 f37f7344 164aede0: extract_entropy(.. 16 ..)
[    6.251746] random 0000 0000 0000 f37f7344 164aede0: going to reseed nonblocking with 128 bits (128 of 0 requested)
[    6.251749] random 0000 0000 0000 f37f7344 164aede0: extract_entropy(.. 16 ..)
[    6.251751] random 0000 0000 0000 f37f7344 164aede0: trying to extract 128 bits from input
[    6.251753] random 0000 0000 0000 f37f7344 164aede0: debiting 0 entropy credits from input
[    6.251755] random 0000 0000 0000 f37f7344 164aede0: extract_entropy account returned: 0 
[    6.251758] random 0000 0000 0000 f37f7344 164aede0: urand_change_num 80 xfer_secondary_pool(16): pool_sig 000003c2, data_sig 00000000, bytes_mixed 0 f37f7344 164aede0
[    6.251761] random 0000 0000 0000 f37f7344 164aede0: trying to extract 128 bits from nonblocking
[    6.251763] random 0000 0000 0000 f37f7344 164aede0: debiting 128 entropy credits from nonblocking (unlimited)
[    6.251765] random 0000 0000 0000 f37f7344 164aede0: extract_entropy account returned: 16 
[    6.251770] random 0000 0000 0000 f37f7344 164aede0: urand_change_num 81 extract_buf: pool_sig 000003c2, data_sig ffffff6c, bytes_mixed 20 f37f7344 164aede0
[    6.251775] random 0000 0000 0000 f37f7344 164aede0: urand_change_num 82 extract_buf: pool_sig fffffdfc, data_sig 00000091, bytes_mixed 20 f37f7344 164aede0
[    6.274548] random 0000 0000 0000 a4794863 878070c1: rand_read_num 23 get_random_bytes(16): sig 0000011b a4794863 878070c1
[    6.274550] random 0000 0000 0000 a4794863 878070c1: extract_entropy(.. 16 ..)
[    6.274553] random 0000 0000 0000 a4794863 878070c1: going to reseed nonblocking with 128 bits (128 of 0 requested)
[    6.274555] random 0000 0000 0000 a4794863 878070c1: extract_entropy(.. 16 ..)
[    6.274557] random 0000 0000 0000 a4794863 878070c1: trying to extract 128 bits from input
[    6.274559] random 0000 0000 0000 a4794863 878070c1: debiting 0 entropy credits from input
[    6.274561] random 0000 0000 0000 a4794863 878070c1: extract_entropy account returned: 0 
[    6.274565] random 0000 0000 0000 a4794863 878070c1: urand_change_num 83 xfer_secondary_pool(16): pool_sig 0000011b, data_sig 00000000, bytes_mixed 0 a4794863 878070c1
[    6.274568] random 0000 0000 0000 a4794863 878070c1: trying to extract 128 bits from nonblocking
[    6.274570] random 0000 0000 0000 a4794863 878070c1: debiting 128 entropy credits from nonblocking (unlimited)
[    6.274572] random 0000 0000 0000 a4794863 878070c1: extract_entropy account returned: 16 
[    6.274576] random 0000 0000 0000 a4794863 878070c1: urand_change_num 84 extract_buf: pool_sig 0000011b, data_sig ffffff51, bytes_mixed 20 a4794863 878070c1
[    6.274582] random 0000 0000 0000 737f19b4 9417d8ab: urand_change_num 85 extract_buf: pool_sig 000001a3, data_sig 0000006c, bytes_mixed 20 737f19b4 9417d8ab
[    6.278649] random 0000 0000 0000 737f19b4 9417d8ab: rand_read_num 24 get_random_bytes(16): sig fffffe22 737f19b4 9417d8ab
[    6.278652] random 0000 0000 0000 737f19b4 9417d8ab: extract_entropy(.. 16 ..)
[    6.278655] random 0000 0000 0000 737f19b4 9417d8ab: going to reseed nonblocking with 128 bits (128 of 0 requested)
[    6.278657] random 0000 0000 0000 737f19b4 9417d8ab: extract_entropy(.. 16 ..)
[    6.278659] random 0000 0000 0000 737f19b4 9417d8ab: trying to extract 128 bits from input
[    6.278661] random 0000 0000 0000 737f19b4 9417d8ab: debiting 0 entropy credits from input
[    6.278663] random 0000 0000 0000 737f19b4 9417d8ab: extract_entropy account returned: 0 
[    6.278666] random 0000 0000 0000 737f19b4 9417d8ab: urand_change_num 86 xfer_secondary_pool(16): pool_sig fffffe22, data_sig 00000000, bytes_mixed 0 737f19b4 9417d8ab
[    6.278669] random 0000 0000 0000 737f19b4 9417d8ab: trying to extract 128 bits from nonblocking
[    6.278671] random 0000 0000 0000 737f19b4 9417d8ab: debiting 128 entropy credits from nonblocking (unlimited)
[    6.278673] random 0000 0000 0000 737f19b4 9417d8ab: extract_entropy account returned: 16 
[    6.278678] random 0000 0000 0000 737f19b4 9417d8ab: urand_change_num 87 extract_buf: pool_sig fffffe22, data_sig 00000230, bytes_mixed 20 737f19b4 9417d8ab
[    6.278683] random 0000 0000 0000 4deb0d06 1236af4c: urand_change_num 88 extract_buf: pool_sig 000000b6, data_sig ffffff44, bytes_mixed 20 4deb0d06 1236af4c
[    6.279676] random 0000 0000 0000 b538fadc 4a7613df: rand_read_num 25 get_random_bytes(16): sig 0000013c b538fadc 4a7613df
[    6.279679] random 0000 0000 0000 b538fadc 4a7613df: extract_entropy(.. 16 ..)
[    6.279682] random 0000 0000 0000 b538fadc 4a7613df: going to reseed nonblocking with 128 bits (128 of 0 requested)
[    6.279684] random 0000 0000 0000 b538fadc 4a7613df: extract_entropy(.. 16 ..)
[    6.279686] random 0000 0000 0000 b538fadc 4a7613df: trying to extract 128 bits from input
[    6.279689] random 0000 0000 0000 b538fadc 4a7613df: debiting 0 entropy credits from input
[    6.279691] random 0000 0000 0000 b538fadc 4a7613df: extract_entropy account returned: 0 
[    6.279694] random 0000 0000 0000 b538fadc 4a7613df: urand_change_num 89 xfer_secondary_pool(16): pool_sig 0000013c, data_sig 00000000, bytes_mixed 0 b538fadc 4a7613df
[    6.279697] random 0000 0000 0000 b538fadc 4a7613df: trying to extract 128 bits from nonblocking
[    6.279699] random 0000 0000 0000 b538fadc 4a7613df: debiting 128 entropy credits from nonblocking (unlimited)
[    6.279701] random 0000 0000 0000 b538fadc 4a7613df: extract_entropy account returned: 16 
[    6.279705] random 0000 0000 0000 b538fadc 4a7613df: urand_change_num 90 extract_buf: pool_sig 0000013c, data_sig 00000015, bytes_mixed 20 b538fadc 4a7613df
[    6.279711] random 0000 0000 0000 b538fadc 4a7613df: urand_change_num 91 extract_buf: pool_sig 00000452, data_sig 0000002b, bytes_mixed 20 b538fadc 4a7613df
[    6.280159] random 0000 0000 0000 73b17df4 93bb370e: rand_read_num 26 get_random_bytes(16): sig fffffbf1 73b17df4 93bb370e
[    6.280161] random 0000 0000 0000 73b17df4 93bb370e: extract_entropy(.. 16 ..)
[    6.280164] random 0000 0000 0000 73b17df4 93bb370e: going to reseed nonblocking with 128 bits (128 of 0 requested)
[    6.280166] random 0000 0000 0000 73b17df4 93bb370e: extract_entropy(.. 16 ..)
[    6.280168] random 0000 0000 0000 73b17df4 93bb370e: trying to extract 128 bits from input
[    6.280170] random 0000 0000 0000 73b17df4 93bb370e: debiting 0 entropy credits from input
[    6.280172] random 0000 0000 0000 73b17df4 93bb370e: extract_entropy account returned: 0 
[    6.280176] random 0000 0000 0000 73b17df4 93bb370e: urand_change_num 92 xfer_secondary_pool(16): pool_sig fffffbf1, data_sig 00000000, bytes_mixed 0 73b17df4 93bb370e
[    6.280178] random 0000 0000 0000 73b17df4 93bb370e: trying to extract 128 bits from nonblocking
[    6.280181] random 0000 0000 0000 73b17df4 93bb370e: debiting 128 entropy credits from nonblocking (unlimited)
[    6.280183] random 0000 0000 0000 73b17df4 93bb370e: extract_entropy account returned: 16 
[    6.280187] random 0000 0000 0000 73b17df4 93bb370e: urand_change_num 93 extract_buf: pool_sig fffffbf1, data_sig ffffff99, bytes_mixed 20 73b17df4 93bb370e
[    6.280192] random 0000 0000 0000 73b17df4 93bb370e: urand_change_num 94 extract_buf: pool_sig fffffe1d, data_sig 000000b0, bytes_mixed 20 73b17df4 93bb370e
[    6.280605] random 0000 0000 0000 0cd682bb ba04da9f: rand_read_num 27 get_random_bytes(16): sig fffffccb 0cd682bb ba04da9f
[    6.280607] random 0000 0000 0000 0cd682bb ba04da9f: extract_entropy(.. 16 ..)
[    6.280610] random 0000 0000 0000 0cd682bb ba04da9f: going to reseed nonblocking with 128 bits (128 of 0 requested)
[    6.280612] random 0000 0000 0000 0cd682bb ba04da9f: extract_entropy(.. 16 ..)
[    6.280614] random 0000 0000 0000 0cd682bb ba04da9f: trying to extract 128 bits from input
[    6.280617] random 0000 0000 0000 0cd682bb ba04da9f: debiting 0 entropy credits from input
[    6.280619] random 0000 0000 0000 0cd682bb ba04da9f: extract_entropy account returned: 0 
[    6.280622] random 0000 0000 0000 0cd682bb ba04da9f: urand_change_num 95 xfer_secondary_pool(16): pool_sig fffffccb, data_sig 00000000, bytes_mixed 0 0cd682bb ba04da9f
[    6.280625] random 0000 0000 0000 0cd682bb ba04da9f: trying to extract 128 bits from nonblocking
[    6.280627] random 0000 0000 0000 0cd682bb ba04da9f: debiting 128 entropy credits from nonblocking (unlimited)
[    6.280629] random 0000 0000 0000 0cd682bb ba04da9f: extract_entropy account returned: 16 
[    6.280633] random 0000 0000 0000 0cd682bb ba04da9f: urand_change_num 96 extract_buf: pool_sig fffffccb, data_sig fffffec5, bytes_mixed 20 0cd682bb ba04da9f
[    6.280639] random 0000 0000 0000 26929f1a 15254dc1: urand_change_num 97 extract_buf: pool_sig fffffed2, data_sig ffffffb1, bytes_mixed 20 26929f1a 15254dc1
[    6.281517] random 0000 0000 0000 26929f1a 15254dc1: rand_read_num 28 get_random_bytes(16): sig 00000038 26929f1a 15254dc1
[    6.281520] random 0000 0000 0000 26929f1a 15254dc1: extract_entropy(.. 16 ..)
[    6.281523] random 0000 0000 0000 26929f1a 15254dc1: going to reseed nonblocking with 128 bits (128 of 0 requested)
[    6.281525] random 0000 0000 0000 26929f1a 15254dc1: extract_entropy(.. 16 ..)
[    6.281527] random 0000 0000 0000 26929f1a 15254dc1: trying to extract 128 bits from input
[    6.281529] random 0000 0000 0000 26929f1a 15254dc1: debiting 0 entropy credits from input
[    6.281531] random 0000 0000 0000 26929f1a 15254dc1: extract_entropy account returned: 0 
[    6.281535] random 0000 0000 0000 26929f1a 15254dc1: urand_change_num 98 xfer_secondary_pool(16): pool_sig 00000038, data_sig 00000000, bytes_mixed 0 26929f1a 15254dc1
[    6.281537] random 0000 0000 0000 26929f1a 15254dc1: trying to extract 128 bits from nonblocking
[    6.281540] random 0000 0000 0000 26929f1a 15254dc1: debiting 128 entropy credits from nonblocking (unlimited)
[    6.281542] random 0000 0000 0000 26929f1a 15254dc1: extract_entropy account returned: 16 
[    6.281546] random 0000 0000 0000 26929f1a 15254dc1: urand_change_num 99 extract_buf: pool_sig 00000038, data_sig 000000fd, bytes_mixed 20 26929f1a 15254dc1
[    6.281551] random 0000 0000 0000 8116fe3b 478c2d5b: urand_change_num 100 extract_buf: pool_sig 00000059, data_sig 00000310, bytes_mixed 20 8116fe3b 478c2d5b
[    6.288183] random 0000 0000 0000 a20f4a3a 32a6b2fa: rand_read_num 29 get_random_bytes(16): sig 000002c0 a20f4a3a 32a6b2fa
[    6.288185] random 0000 0000 0000 a20f4a3a 32a6b2fa: extract_entropy(.. 16 ..)
[    6.288188] random 0000 0000 0000 a20f4a3a 32a6b2fa: going to reseed nonblocking with 128 bits (128 of 0 requested)
[    6.288190] random 0000 0000 0000 a20f4a3a 32a6b2fa: extract_entropy(.. 16 ..)
[    6.288192] random 0000 0000 0000 a20f4a3a 32a6b2fa: trying to extract 128 bits from input
[    6.288195] random 0000 0000 0000 a20f4a3a 32a6b2fa: debiting 0 entropy credits from input
[    6.288196] random 0000 0000 0000 a20f4a3a 32a6b2fa: extract_entropy account returned: 0 
[    6.288200] random 0000 0000 0000 a20f4a3a 32a6b2fa: urand_change_num 101 xfer_secondary_pool(16): pool_sig 000002c0, data_sig 00000000, bytes_mixed 0 a20f4a3a 32a6b2fa
[    6.288202] random 0000 0000 0000 a20f4a3a 32a6b2fa: trying to extract 128 bits from nonblocking
[    6.288205] random 0000 0000 0000 a20f4a3a 32a6b2fa: debiting 128 entropy credits from nonblocking (unlimited)
[    6.288207] random 0000 0000 0000 a20f4a3a 32a6b2fa: extract_entropy account returned: 16 
[    6.288211] random 0000 0000 0000 a20f4a3a 32a6b2fa: urand_change_num 102 extract_buf: pool_sig 000002c0, data_sig 000000fb, bytes_mixed 20 a20f4a3a 32a6b2fa
[    6.288217] random 0000 0000 0000 a20f4a3a 32a6b2fa: urand_change_num 103 extract_buf: pool_sig ffffffdd, data_sig 000000a5, bytes_mixed 20 a20f4a3a 32a6b2fa
[    6.300707] random 0000 0000 0000 de716d2a 6c4757e1: rand_read_num 30 get_random_bytes(16): sig 000000fa de716d2a 6c4757e1
[    6.300710] random 0000 0000 0000 de716d2a 6c4757e1: extract_entropy(.. 16 ..)
[    6.300712] random 0000 0000 0000 de716d2a 6c4757e1: going to reseed nonblocking with 128 bits (128 of 0 requested)
[    6.300715] random 0000 0000 0000 de716d2a 6c4757e1: extract_entropy(.. 16 ..)
[    6.300717] random 0000 0000 0000 de716d2a 6c4757e1: trying to extract 128 bits from input
[    6.300719] random 0000 0000 0000 de716d2a 6c4757e1: debiting 0 entropy credits from input
[    6.300721] random 0000 0000 0000 de716d2a 6c4757e1: extract_entropy account returned: 0 
[    6.300724] random 0000 0000 0000 de716d2a 6c4757e1: urand_change_num 104 xfer_secondary_pool(16): pool_sig 000000fa, data_sig 00000000, bytes_mixed 0 de716d2a 6c4757e1
[    6.300727] random 0000 0000 0000 de716d2a 6c4757e1: trying to extract 128 bits from nonblocking
[    6.300729] random 0000 0000 0000 de716d2a 6c4757e1: debiting 128 entropy credits from nonblocking (unlimited)
[    6.300731] random 0000 0000 0000 de716d2a 6c4757e1: extract_entropy account returned: 16 
[    6.300735] random 0000 0000 0000 de716d2a 6c4757e1: urand_change_num 105 extract_buf: pool_sig 000000fa, data_sig ffffff34, bytes_mixed 20 de716d2a 6c4757e1
[    6.300741] random 0000 0000 0000 de716d2a 6c4757e1: urand_change_num 106 extract_buf: pool_sig 000003d3, data_sig ffffff30, bytes_mixed 20 de716d2a 6c4757e1
[    6.301321] random 0000 0000 0000 a7c511e1 f90ea457: rand_read_num 31 get_random_bytes(16): sig 0000009a a7c511e1 f90ea457
[    6.301324] random 0000 0000 0000 a7c511e1 f90ea457: extract_entropy(.. 16 ..)
[    6.301326] random 0000 0000 0000 a7c511e1 f90ea457: going to reseed nonblocking with 128 bits (128 of 0 requested)
[    6.301329] random 0000 0000 0000 a7c511e1 f90ea457: extract_entropy(.. 16 ..)
[    6.301331] random 0000 0000 0000 a7c511e1 f90ea457: trying to extract 128 bits from input
[    6.301333] random 0000 0000 0000 a7c511e1 f90ea457: debiting 0 entropy credits from input
[    6.301335] random 0000 0000 0000 a7c511e1 f90ea457: extract_entropy account returned: 0 
[    6.301338] random 0000 0000 0000 a7c511e1 f90ea457: urand_change_num 107 xfer_secondary_pool(16): pool_sig 0000009a, data_sig 00000000, bytes_mixed 0 a7c511e1 f90ea457
[    6.301341] random 0000 0000 0000 a7c511e1 f90ea457: trying to extract 128 bits from nonblocking
[    6.301343] random 0000 0000 0000 a7c511e1 f90ea457: debiting 128 entropy credits from nonblocking (unlimited)
[    6.301345] random 0000 0000 0000 a7c511e1 f90ea457: extract_entropy account returned: 16 
[    6.301350] random 0000 0000 0000 a7c511e1 f90ea457: urand_change_num 108 extract_buf: pool_sig 0000009a, data_sig 000000e0, bytes_mixed 20 a7c511e1 f90ea457
[    6.301355] random 0000 0000 0000 7c18c7e6 d65ccb06: urand_change_num 109 extract_buf: pool_sig fffffa79, data_sig 000000e0, bytes_mixed 20 7c18c7e6 d65ccb06
[    6.301938] random 0000 0000 0000 7c18c7e6 d65ccb06: rand_read_num 32 get_random_bytes(16): sig fffffe1e 7c18c7e6 d65ccb06
[    6.301941] random 0000 0000 0000 7c18c7e6 d65ccb06: extract_entropy(.. 16 ..)
[    6.301943] random 0000 0000 0000 7c18c7e6 d65ccb06: going to reseed nonblocking with 128 bits (128 of 0 requested)
[    6.301945] random 0000 0000 0000 7c18c7e6 d65ccb06: extract_entropy(.. 16 ..)
[    6.301948] random 0000 0000 0000 7c18c7e6 d65ccb06: trying to extract 128 bits from input
[    6.301950] random 0000 0000 0000 7c18c7e6 d65ccb06: debiting 0 entropy credits from input
[    6.301952] random 0000 0000 0000 7c18c7e6 d65ccb06: extract_entropy account returned: 0 
[    6.301955] random 0000 0000 0000 7c18c7e6 d65ccb06: urand_change_num 110 xfer_secondary_pool(16): pool_sig fffffe1e, data_sig 00000000, bytes_mixed 0 7c18c7e6 d65ccb06
[    6.301958] random 0000 0000 0000 7c18c7e6 d65ccb06: trying to extract 128 bits from nonblocking
[    6.301960] random 0000 0000 0000 7c18c7e6 d65ccb06: debiting 128 entropy credits from nonblocking (unlimited)
[    6.301962] random 0000 0000 0000 7c18c7e6 d65ccb06: extract_entropy account returned: 16 
