[    0.000000] random 0000 0000 0000 00000000 00000000: rand_read_num 1 get_random_bytes(8): sig 00000000 00000000 00000000
[    0.000000] random 0000 0000 0000 00000000 00000000: extract_entropy(.. 8 ..)
[    0.000000] random 0000 0000 0000 00000000 00000000: going to reseed nonblocking with 64 bits (64 of 0 requested)
[    0.000000] random 0000 0000 0000 00000000 00000000: extract_entropy(.. 8 ..)
[    0.000000] random 0000 0000 0000 00000000 00000000: trying to extract 64 bits from input
[    0.000000] random 0000 0000 0000 00000000 00000000: debiting 0 entropy credits from input
[    0.000000] random 0000 0000 0000 00000000 00000000: extract_entropy account returned: 0 
[    0.000000] random 0000 0000 0000 00000000 00000000: urand_change_num 1 xfer_secondary_pool(8): pool_sig 00000000, data_sig 00000000, bytes_mixed 0 00000000 00000000
[    0.000000] random 0000 0000 0000 00000000 00000000: trying to extract 64 bits from nonblocking
[    0.000000] random 0000 0000 0000 00000000 00000000: debiting 64 entropy credits from nonblocking (unlimited)
[    0.000000] random 0000 0000 0000 00000000 00000000: extract_entropy account returned: 8 
[    0.000000] random 0000 0000 0000 00000000 00000000: urand_change_num 2 extract_buf: pool_sig 00000000, data_sig fffffff9, bytes_mixed 20 00000000 00000000
[    0.000000] Linux version 2.6.32.57 (dcashman@dcashman-02) (gcc version 4.3.3 (GCC) ) #3 Fri May 24 04:27:34 PDT 2013
[    0.000000] KERNEL supported cpus:
[    0.000000]   Intel GenuineIntel
[    0.000000]   AMD AuthenticAMD
[    0.000000]   NSC Geode by NSC
[    0.000000]   Cyrix CyrixInstead
[    0.000000]   Centaur CentaurHauls
[    0.000000]   Transmeta GenuineTMx86
[    0.000000]   Transmeta TransmetaCPU
[    0.000000]   UMC UMC UMC UMC
[    0.000000] BIOS-provided physical RAM map:
[    0.000000]  BIOS-e820: 0000000000000000 - 000000000009d800 (usable)
[    0.000000]  BIOS-e820: 000000000009d800 - 00000000000a0000 (reserved)
[    0.000000]  BIOS-e820: 00000000000d2000 - 00000000000d4000 (reserved)
[    0.000000]  BIOS-e820: 00000000000e0000 - 0000000000100000 (reserved)
[    0.000000]  BIOS-e820: 0000000000100000 - 000000003d6b0000 (usable)
[    0.000000]  BIOS-e820: 000000003d6b0000 - 000000003d6cc000 (ACPI data)
[    0.000000]  BIOS-e820: 000000003d6cc000 - 000000003d700000 (ACPI NVS)
[    0.000000]  BIOS-e820: 000000003d700000 - 000000003e000000 (reserved)
[    0.000000]  BIOS-e820: 00000000f0000000 - 00000000f4000000 (reserved)
[    0.000000]  BIOS-e820: 00000000fec00000 - 00000000fec10000 (reserved)
[    0.000000]  BIOS-e820: 00000000fed00000 - 00000000fed00400 (reserved)
[    0.000000]  BIOS-e820: 00000000fed14000 - 00000000fed1a000 (reserved)
[    0.000000]  BIOS-e820: 00000000fed1c000 - 00000000fed90000 (reserved)
[    0.000000]  BIOS-e820: 00000000fee00000 - 00000000fee01000 (reserved)
[    0.000000]  BIOS-e820: 00000000ff000000 - 0000000100000000 (reserved)
[    0.000000] DMI present.
[    0.000000] last_pfn = 0x3d6b0 max_arch_pfn = 0x100000
[    0.000000] MTRR default type: uncachable
[    0.000000] MTRR fixed ranges enabled:
[    0.000000]   00000-9FFFF write-back
[    0.000000]   A0000-BFFFF uncachable
[    0.000000]   C0000-CFFFF write-protect
[    0.000000]   D0000-DFFFF uncachable
[    0.000000]   E0000-FFFFF write-protect
[    0.000000] MTRR variable ranges enabled:
[    0.000000]   0 base 03E000000 mask FFE000000 uncachable
[    0.000000]   1 base 000000000 mask FC0000000 write-back
[    0.000000]   2 base 03D700000 mask FFFF00000 uncachable
[    0.000000]   3 base 03D800000 mask FFF800000 uncachable
[    0.000000]   4 disabled
[    0.000000]   5 disabled
[    0.000000]   6 disabled
[    0.000000]   7 disabled
[    0.000000] initial memory mapped : 0 - 02000000
[    0.000000] init_memory_mapping: 0000000000000000-00000000377fe000
[    0.000000]  0000000000 - 0000400000 page 4k
[    0.000000]  0000400000 - 0037400000 page 2M
[    0.000000]  0037400000 - 00377fe000 page 4k
[    0.000000] kernel direct mapping tables up to 377fe000 @ 7000-c000
[    0.000000] ACPI: RSDP 000f68d0 00024 (v02 LENOVO)
[    0.000000] ACPI: XSDT 3d6bb77f 00094 (v01 LENOVO TP-7L    00002170  LTP 00000000)
[    0.000000] ACPI: FACP 3d6bb900 000F4 (v03 LENOVO TP-7L    00002170 LNVO 00000001)
[    0.000000] ACPI Warning: 32/64X length mismatch in Gpe1Block: 0/32 (20090903/tbfadt-526)
[    0.000000] ACPI Warning: Optional field Gpe1Block has zero address or length: 000000000000102C/0 (20090903/tbfadt-557)
[    0.000000] ACPI: DSDT 3d6bbd1d 0FED1 (v01 LENOVO TP-7L    00002170 MSFT 03000000)
[    0.000000] ACPI: FACS 3d6e4000 00040
[    0.000000] ACPI: SSDT 3d6bbab4 00269 (v01 LENOVO TP-7L    00002170 MSFT 03000000)
[    0.000000] ACPI: ECDT 3d6cbbee 00052 (v01 LENOVO TP-7L    00002170 LNVO 00000001)
[    0.000000] ACPI: TCPA 3d6cbc40 00032 (v02 LENOVO TP-7L    00002170 LNVO 00000001)
[    0.000000] ACPI: APIC 3d6cbc72 00068 (v01 LENOVO TP-7L    00002170 LNVO 00000001)
[    0.000000] ACPI: MCFG 3d6cbcda 0003C (v01 LENOVO TP-7L    00002170 LNVO 00000001)
[    0.000000] ACPI: HPET 3d6cbd16 00038 (v01 LENOVO TP-7L    00002170 LNVO 00000001)
[    0.000000] ACPI: SLIC 3d6cbdf0 00176 (v01 LENOVO TP-7L    00002170  LTP 00000000)
[    0.000000] ACPI: BOOT 3d6cbf66 00028 (v01 LENOVO TP-7L    00002170  LTP 00000001)
[    0.000000] ACPI: ASF! 3d6cbf8e 00072 (v16 LENOVO TP-7L    00002170 PTL  00000001)
[    0.000000] ACPI: SSDT 3d6e26d9 0025F (v01 LENOVO TP-7L    00002170 INTL 20050513)
[    0.000000] ACPI: SSDT 3d6e2938 000A6 (v01 LENOVO TP-7L    00002170 INTL 20050513)
[    0.000000] ACPI: SSDT 3d6e29de 004F7 (v01 LENOVO TP-7L    00002170 INTL 20050513)
[    0.000000] ACPI: SSDT 3d6e2ed5 001D8 (v01 LENOVO TP-7L    00002170 INTL 20050513)
[    0.000000] ACPI: DMI detected: Lenovo ThinkPad R61
[    0.000000] ACPI: Added _OSI(Linux)
[    0.000000] ACPI: Local APIC address 0xfee00000
[    0.000000] 94MB HIGHMEM available.
[    0.000000] 887MB LOWMEM available.
[    0.000000]   mapped low ram: 0 - 377fe000
[    0.000000]   low ram: 0 - 377fe000
[    0.000000]   node 0 low ram: 00000000 - 377fe000
[    0.000000]   node 0 bootmap 00008000 - 0000ef00
[    0.000000] (6 early reservations) ==> bootmem [0000000000 - 00377fe000]
[    0.000000]   #0 [0000000000 - 0000001000]   BIOS data page ==> [0000000000 - 0000001000]
[    0.000000]   #1 [0001000000 - 0001bdc180]    TEXT DATA BSS ==> [0001000000 - 0001bdc180]
[    0.000000]   #2 [000009d800 - 0000100000]    BIOS reserved ==> [000009d800 - 0000100000]
[    0.000000]   #3 [0001bdd000 - 0001be516c]              BRK ==> [0001bdd000 - 0001be516c]
[    0.000000]   #4 [0000007000 - 0000008000]          PGTABLE ==> [0000007000 - 0000008000]
[    0.000000]   #5 [0000008000 - 000000f000]          BOOTMAP ==> [0000008000 - 000000f000]
[    0.000000] found SMP MP-table at [c00f6900] f6900
[    0.000000] Zone PFN ranges:
[    0.000000]   DMA      0x00000000 -> 0x00001000
[    0.000000]   Normal   0x00001000 -> 0x000377fe
[    0.000000]   HighMem  0x000377fe -> 0x0003d6b0
[    0.000000] Movable zone start PFN for each node
[    0.000000] early_node_map[2] active PFN ranges
[    0.000000]     0: 0x00000000 -> 0x0000009d
[    0.000000]     0: 0x00000100 -> 0x0003d6b0
[    0.000000] On node 0 totalpages: 251469
[    0.000000] free_area_init_node: node 0, pgdat c1901ea0, node_mem_map c1be7000
[    0.000000]   DMA zone: 32 pages used for memmap
[    0.000000]   DMA zone: 0 pages reserved
[    0.000000]   DMA zone: 3965 pages, LIFO batch:0
[    0.000000]   Normal zone: 1744 pages used for memmap
[    0.000000]   Normal zone: 221486 pages, LIFO batch:31
[    0.000000]   HighMem zone: 190 pages used for memmap
[    0.000000]   HighMem zone: 24052 pages, LIFO batch:3
[    0.000000] Using APIC driver default
[    0.000000] ACPI: PM-Timer IO Port: 0x1008
[    0.000000] ACPI: Local APIC address 0xfee00000
[    0.000000] ACPI: LAPIC (acpi_id[0x00] lapic_id[0x00] enabled)
[    0.000000] ACPI: LAPIC (acpi_id[0x01] lapic_id[0x01] enabled)
[    0.000000] ACPI: NR_CPUS/possible_cpus limit of 1 reached.  Processor 1/0x1 ignored.
[    0.000000] ACPI: LAPIC_NMI (acpi_id[0x00] high edge lint[0x1])
[    0.000000] ACPI: LAPIC_NMI (acpi_id[0x01] high edge lint[0x1])
[    0.000000] ACPI: IOAPIC (id[0x01] address[0xfec00000] gsi_base[0])
[    0.000000] IOAPIC[0]: apic_id 1, version 32, address 0xfec00000, GSI 0-23
[    0.000000] ACPI: INT_SRC_OVR (bus 0 bus_irq 0 global_irq 2 dfl dfl)
[    0.000000] ACPI: INT_SRC_OVR (bus 0 bus_irq 9 global_irq 9 high level)
[    0.000000] ACPI: IRQ0 used by override.
[    0.000000] ACPI: IRQ2 used by override.
[    0.000000] ACPI: IRQ9 used by override.
[    0.000000] Using ACPI (MADT) for SMP configuration information
[    0.000000] ACPI: HPET id: 0x8086a201 base: 0xfed00000
[    0.000000] nr_irqs_gsi: 24
[    0.000000] PM: Registered nosave memory: 000000000009d000 - 000000000009e000
[    0.000000] PM: Registered nosave memory: 000000000009e000 - 00000000000a0000
[    0.000000] PM: Registered nosave memory: 00000000000a0000 - 00000000000d2000
[    0.000000] PM: Registered nosave memory: 00000000000d2000 - 00000000000d4000
[    0.000000] PM: Registered nosave memory: 00000000000d4000 - 00000000000e0000
[    0.000000] PM: Registered nosave memory: 00000000000e0000 - 0000000000100000
[    0.000000] Allocating PCI resources starting at 3e000000 (gap: 3e000000:b2000000)
[    0.000000] Built 1 zonelists in Zone order, mobility grouping on.  Total pages: 249503
[    0.000000] Kernel command line: auto BOOT_IMAGE=Linux ro root=802 vt.default_utf8=0 maxcpus=0
[    0.000000] PID hash table entries: 4096 (order: 2, 16384 bytes)
[    0.000000] Dentry cache hash table entries: 131072 (order: 7, 524288 bytes)
[    0.000000] Inode-cache hash table entries: 65536 (order: 6, 262144 bytes)
[    0.000000] Enabling fast FPU save and restore... done.
[    0.000000] Enabling unmasked SIMD FPU exception support... done.
[    0.000000] Initializing CPU#0
[    0.000000] Initializing HighMem for node 0 (000377fe:0003d6b0)
[    0.000000] Memory: 984800k/1006272k available (6914k kernel code, 20876k reserved, 2328k data, 448k init, 96968k highmem)
[    0.000000] virtual kernel memory layout:
[    0.000000]     fixmap  : 0xfffa3000 - 0xfffff000   ( 368 kB)
[    0.000000]     pkmap   : 0xff800000 - 0xffc00000   (4096 kB)
[    0.000000]     vmalloc : 0xf7ffe000 - 0xff7fe000   ( 120 MB)
[    0.000000]     lowmem  : 0xc0000000 - 0xf77fe000   ( 887 MB)
[    0.000000]       .init : 0xc1907000 - 0xc1977000   ( 448 kB)
[    0.000000]       .data : 0xc16c0b5f - 0xc1906c64   (2328 kB)
[    0.000000]       .text : 0xc1000000 - 0xc16c0b5f   (6914 kB)
[    0.000000] Checking if this processor honours the WP bit even in supervisor mode...Ok.
[    0.000000] SLUB: Genslabs=13, HWalign=64, Order=0-3, MinObjects=0, CPUs=1, Nodes=1
[    0.000000] Hierarchical RCU implementation.
[    0.000000] NR_IRQS:288
[    0.000000] Extended CMOS year: 2000
[    0.000000] Console: colour VGA+ 80x25
[    0.000000] console [tty0] enabled
[    0.000000] hpet clockevent registered
[    0.000000] Fast TSC calibration using PIT
[    0.000000] Detected 2094.543 MHz processor.
[    0.001002] Calibrating delay loop (skipped), value calculated using timer frequency.. 4189.08 BogoMIPS (lpj=2094543)
[    0.001173] Security Framework initialized
[    0.001261] Mount-cache hash table entries: 512
[    0.001408] CPU: L1 I cache: 32K, L1 D cache: 32K
[    0.001532] CPU: L2 cache: 3072K
[    0.001617] mce: CPU supports 6 MCE banks
[    0.001703] CPU0: Thermal monitoring enabled (TM2)
[    0.002003] using mwait in idle threads.
[    0.002085] CPU: Intel(R) Core(TM)2 Duo CPU     T8100  @ 2.10GHz stepping 06
[    0.002265] Checking 'hlt' instruction... OK.
[    0.006940] ACPI: Core revision 20090903
[    0.026016] CANARY value: df07ef80 for PID: 1
[    0.026044] Enabling APIC mode:  Flat.  Using 1 I/O APICs
[    0.027366] ..TIMER: vector=0x30 apic1=0 pin1=2 apic2=-1 pin2=-1
[    0.037997] xor: automatically using best checksumming function: pIII_sse
[    0.041998]    pIII_sse  :  8568.000 MB/sec
[    0.042088] xor: using function: pIII_sse (8568.000 MB/sec)
[    0.042179] RANDOM - __seed init called.
[    0.042180] RANDOM - __seed init called.
[    0.042181] RANDOM - __seed init called.
[    0.042182] RANDOM - __random32 called. Change num 1.  Value: f7943846	49e73df3	af36cd0d
[    0.042184] RANDOM - __random32 called. Change num 2.  Value: 43846e13	9e73df37	9a1ad014
[    0.042186] RANDOM - __random32 called. Change num 3.  Value: 46e139c8	e73df373	a029598a
[    0.042187] RANDOM - __random32 called. Change num 4.  Value: 139c8c3b	73df373d	b3142c72
[    0.042189] RANDOM - __random32 called. Change num 5.  Value: c8c3b043	3df373de	58e576a9
[    0.042191] RANDOM - __random32 called. Change num 6.  Value: 3b0437d9	df373de5	ed53f9d8
[    0.042192] RANDOM - random32 init called.  Value: 3b0437d9	df373de5	ed53f9d8
[    0.042209] NET: Registered protocol family 16
[    0.042472] ACPI FADT declares the system doesn't support PCIe ASPM, so disable it
[    0.042599] ACPI: bus type pci registered
[    0.042772] PCI: MCFG configuration 0: base f0000000 segment 0 buses 0 - 63
[    0.042863] PCI: MCFG area at f0000000 reserved in E820
[    0.042954] PCI: Using MMCONFIG for extended config space
[    0.043002] PCI: Using configuration type 1 for base access
[    0.046162] bio: create slab <bio-0> at 0
[    0.046970] ACPI: EC: EC description table is found, configuring boot EC
[    0.052144] ACPI: BIOS _OSI(Linux) query honored via DMI
[    0.052866] random 0000 0000 0000 00000000 00000000: rand_read_num 2 get_random_bytes(8): sig fffffe1a 00000000 00000000
[    0.052869] random 0000 0000 0000 00000000 00000000: extract_entropy(.. 8 ..)
[    0.052872] random 0000 0000 0000 00000000 00000000: going to reseed nonblocking with 64 bits (64 of 0 requested)
[    0.052874] random 0000 0000 0000 00000000 00000000: extract_entropy(.. 8 ..)
[    0.052876] random 0000 0000 0000 00000000 00000000: trying to extract 64 bits from input
[    0.052878] random 0000 0000 0000 00000000 00000000: debiting 0 entropy credits from input
[    0.052880] random 0000 0000 0000 00000000 00000000: extract_entropy account returned: 0 
[    0.052912] random 0000 0000 0000 00000000 00000000: urand_change_num 3 xfer_secondary_pool(8): pool_sig fffffe1a, data_sig 00000000, bytes_mixed 0 00000000 00000000
[    0.052915] random 0000 0000 0000 00000000 00000000: trying to extract 64 bits from nonblocking
[    0.052917] random 0000 0000 0000 00000000 00000000: debiting 64 entropy credits from nonblocking (unlimited)
[    0.052919] random 0000 0000 0000 00000000 00000000: extract_entropy account returned: 8 
[    0.052923] random 0000 0000 0000 00000000 00000000: urand_change_num 4 extract_buf: pool_sig fffffe1a, data_sig fffffed7, bytes_mixed 20 00000000 00000000
[    0.058691] ACPI: Interpreter enabled
[    0.058778] ACPI: (supports S0 S3 S4 S5)
[    0.059082] ACPI: Using IOAPIC for interrupt routing
[    0.068793] ACPI: EC: GPE = 0x12, I/O: command/status = 0x66, data = 0x62
[    0.069095] ACPI: Power Resource [PUBS] (on)
[    0.071197] ACPI: ACPI Dock Station Driver: 3 docks/bays found
[    0.071607] ACPI: PCI Root Bridge [PCI0] (0000:00)
[    0.071781] pci 0000:00:02.0: reg 10 64bit mmio: [0xf8100000-0xf81fffff]
[    0.071787] pci 0000:00:02.0: reg 18 64bit mmio pref: [0xe0000000-0xefffffff]
[    0.071791] pci 0000:00:02.0: reg 20 io port: [0x1800-0x1807]
[    0.071825] pci 0000:00:02.1: reg 10 64bit mmio: [0xf8200000-0xf82fffff]
[    0.071927] pci 0000:00:19.0: reg 10 32bit mmio: [0xfe000000-0xfe01ffff]
[    0.071936] pci 0000:00:19.0: reg 14 32bit mmio: [0xfe025000-0xfe025fff]
[    0.071943] pci 0000:00:19.0: reg 18 io port: [0x1840-0x185f]
[    0.072020] pci 0000:00:19.0: PME# supported from D0 D3hot D3cold
[    0.072119] pci 0000:00:19.0: PME# disabled
[    0.072268] pci 0000:00:1a.0: reg 20 io port: [0x1860-0x187f]
[    0.072351] pci 0000:00:1a.1: reg 20 io port: [0x1880-0x189f]
[    0.072424] pci 0000:00:1a.7: reg 10 32bit mmio: [0xfe226c00-0xfe226fff]
[    0.072510] pci 0000:00:1a.7: PME# supported from D0 D3hot D3cold
[    0.072611] pci 0000:00:1a.7: PME# disabled
[    0.072748] pci 0000:00:1b.0: reg 10 64bit mmio: [0xfe020000-0xfe023fff]
[    0.072839] pci 0000:00:1b.0: PME# supported from D0 D3hot D3cold
[    0.072934] pci 0000:00:1b.0: PME# disabled
[    0.073109] pci 0000:00:1c.0: PME# supported from D0 D3hot D3cold
[    0.073203] pci 0000:00:1c.0: PME# disabled
[    0.073402] pci 0000:00:1c.1: PME# supported from D0 D3hot D3cold
[    0.073498] pci 0000:00:1c.1: PME# disabled
[    0.073697] pci 0000:00:1c.2: PME# supported from D0 D3hot D3cold
[    0.073792] pci 0000:00:1c.2: PME# disabled
[    0.074029] pci 0000:00:1c.3: PME# supported from D0 D3hot D3cold
[    0.074130] pci 0000:00:1c.3: PME# disabled
[    0.074979] pci 0000:00:1c.4: PME# supported from D0 D3hot D3cold
[    0.074998] pci 0000:00:1c.4: PME# disabled
[    0.075147] pci 0000:00:1d.0: reg 20 io port: [0x18a0-0x18bf]
[    0.075242] pci 0000:00:1d.1: reg 20 io port: [0x18c0-0x18df]
[    0.075329] pci 0000:00:1d.2: reg 20 io port: [0x18e0-0x18ff]
[    0.075417] pci 0000:00:1d.7: reg 10 32bit mmio: [0xfe227000-0xfe2273ff]
[    0.075515] pci 0000:00:1d.7: PME# supported from D0 D3hot D3cold
[    0.075613] pci 0000:00:1d.7: PME# disabled
[    0.075902] pci 0000:00:1f.0: quirk: region 1000-107f claimed by ICH6 ACPI/GPIO/TCO
[    0.075998] pci 0000:00:1f.0: quirk: region 1180-11bf claimed by ICH6 GPIO
[    0.076101] pci 0000:00:1f.0: ICH7 LPC Generic IO decode 1 PIO at 1600 (mask 007f)
[    0.076223] pci 0000:00:1f.0: ICH7 LPC Generic IO decode 2 PIO at 15e0 (mask 000f)
[    0.076349] pci 0000:00:1f.0: ICH7 LPC Generic IO decode 3 PIO at 1680 (mask 001f)
[    0.076555] pci 0000:00:1f.1: reg 10 io port: [0x00-0x07]
[    0.076569] pci 0000:00:1f.1: reg 14 io port: [0x00-0x03]
[    0.076581] pci 0000:00:1f.1: reg 18 io port: [0x00-0x07]
[    0.076588] pci 0000:00:1f.1: reg 1c io port: [0x00-0x03]
[    0.076602] pci 0000:00:1f.1: reg 20 io port: [0x1c00-0x1c0f]
[    0.076680] pci 0000:00:1f.2: reg 10 io port: [0x1c50-0x1c57]
[    0.076687] pci 0000:00:1f.2: reg 14 io port: [0x1c44-0x1c47]
[    0.076695] pci 0000:00:1f.2: reg 18 io port: [0x1c48-0x1c4f]
[    0.076704] pci 0000:00:1f.2: reg 1c io port: [0x1c40-0x1c43]
[    0.076713] pci 0000:00:1f.2: reg 20 io port: [0x1c20-0x1c3f]
[    0.076720] pci 0000:00:1f.2: reg 24 32bit mmio: [0xfe226000-0xfe2267ff]
[    0.076782] pci 0000:00:1f.2: PME# supported from D3hot
[    0.076999] pci 0000:00:1f.2: PME# disabled
[    0.077123] pci 0000:00:1f.3: reg 10 32bit mmio: [0xfe227400-0xfe2274ff]
[    0.077148] pci 0000:00:1f.3: reg 20 io port: [0x1c60-0x1c7f]
[    0.077236] pci 0000:00:1c.0: bridge io port: [0x2000-0x2fff]
[    0.077242] pci 0000:00:1c.0: bridge 32bit mmio: [0xfc000000-0xfdffffff]
[    0.077254] pci 0000:00:1c.0: bridge 64bit mmio pref: [0xf8000000-0xf80fffff]
[    0.077325] pci 0000:03:00.0: reg 10 64bit mmio: [0xdf3f0000-0xdf3fffff]
[    0.077519] pci 0000:00:1c.1: bridge io port: [0x3000-0x3fff]
[    0.077525] pci 0000:00:1c.1: bridge 32bit mmio: [0xdc000000-0xdf3fffff]
[    0.077532] pci 0000:00:1c.1: bridge 64bit mmio pref: [0xdfe00000-0xdfefffff]
[    0.077588] pci 0000:00:1c.2: bridge io port: [0x4000-0x4fff]
[    0.077592] pci 0000:00:1c.2: bridge 32bit mmio: [0xd8000000-0xd9ffffff]
[    0.077600] pci 0000:00:1c.2: bridge 64bit mmio pref: [0xdfb00000-0xdfbfffff]
[    0.077656] pci 0000:00:1c.3: bridge io port: [0x5000-0x5fff]
[    0.077660] pci 0000:00:1c.3: bridge 32bit mmio: [0xd4000000-0xd5ffffff]
[    0.077670] pci 0000:00:1c.3: bridge 64bit mmio pref: [0xdf800000-0xdf8fffff]
[    0.077727] pci 0000:00:1c.4: bridge io port: [0x6000-0x6fff]
[    0.077733] pci 0000:00:1c.4: bridge 32bit mmio: [0xd0000000-0xd1ffffff]
[    0.077741] pci 0000:00:1c.4: bridge 64bit mmio pref: [0xdf500000-0xdf5fffff]
[    0.077809] pci 0000:15:00.0: reg 10 32bit mmio: [0xf8300000-0xf8300fff]
[    0.077866] pci 0000:15:00.0: supports D1 D2
[    0.077867] pci 0000:15:00.0: PME# supported from D0 D1 D2 D3hot D3cold
[    0.077966] pci 0000:15:00.0: PME# disabled
[    0.078050] pci 0000:15:00.1: reg 10 32bit mmio: [0xf8301000-0xf83017ff]
[    0.078143] pci 0000:15:00.1: supports D1 D2
[    0.078145] pci 0000:15:00.1: PME# supported from D0 D1 D2 D3hot D3cold
[    0.078246] pci 0000:15:00.1: PME# disabled
[    0.078428] pci 0000:00:1e.0: transparent bridge
[    0.078519] pci 0000:00:1e.0: bridge io port: [0x7000-0xafff]
[    0.078525] pci 0000:00:1e.0: bridge 32bit mmio: [0xf8300000-0xfbffffff]
[    0.078534] pci 0000:00:1e.0: bridge 64bit mmio pref: [0xf4000000-0xf7ffffff]
[    0.078602] pci_bus 0000:00: on NUMA node 0
[    0.078606] ACPI: PCI Interrupt Routing Table [\_SB_.PCI0._PRT]
[    0.078739] ACPI: PCI Interrupt Routing Table [\_SB_.PCI0.EXP0._PRT]
[    0.078798] ACPI: PCI Interrupt Routing Table [\_SB_.PCI0.EXP1._PRT]
[    0.078856] ACPI: PCI Interrupt Routing Table [\_SB_.PCI0.EXP2._PRT]
[    0.078914] ACPI: PCI Interrupt Routing Table [\_SB_.PCI0.EXP3._PRT]
[    0.079050] ACPI: PCI Interrupt Routing Table [\_SB_.PCI0.EXP4._PRT]
[    0.079112] ACPI: PCI Interrupt Routing Table [\_SB_.PCI0.PCI1._PRT]
[    0.084562] ACPI: PCI Interrupt Link [LNKA] (IRQs 3 4 5 6 7 9 *10 11)
[    0.085356] ACPI: PCI Interrupt Link [LNKB] (IRQs 3 4 5 6 7 9 10 *11)
[    0.086154] ACPI: PCI Interrupt Link [LNKC] (IRQs 3 4 5 6 7 9 10 *11)
[    0.086942] ACPI: PCI Interrupt Link [LNKD] (IRQs 3 4 5 6 7 9 10 *11)
[    0.087717] ACPI: PCI Interrupt Link [LNKE] (IRQs 3 4 5 6 7 9 10 *11)
[    0.088504] ACPI: PCI Interrupt Link [LNKF] (IRQs 3 4 5 6 7 9 10 *11)
[    0.089294] ACPI: PCI Interrupt Link [LNKG] (IRQs 3 4 5 6 7 9 10 *11)
[    0.090113] ACPI: PCI Interrupt Link [LNKH] (IRQs 3 4 5 6 7 9 10 *11)
[    0.090859] vgaarb: device added: PCI:0000:00:02.0,decodes=io+mem,owns=io+mem,locks=none
[    0.090985] vgaarb: loaded
[    0.091091] SCSI subsystem initialized
[    0.091189] libata version 3.00 loaded.
[    0.091236] usbcore: registered new interface driver usbfs
[    0.091363] usbcore: registered new interface driver hub
[    0.091478] usbcore: registered new device driver usb
[    0.108042] raid6: int32x1    941 MB/s
[    0.124990] raid6: int32x2    886 MB/s
[    0.142069] raid6: int32x4    750 MB/s
[    0.159073] raid6: int32x8    660 MB/s
[    0.175990] raid6: mmxx1     2878 MB/s
[    0.192982] raid6: mmxx2     3269 MB/s
[    0.210003] raid6: sse1x1    1937 MB/s
[    0.226975] raid6: sse1x2    2531 MB/s
[    0.243988] raid6: sse2x1    3515 MB/s
[    0.260979] raid6: sse2x2    3828 MB/s
[    0.261069] raid6: using algorithm sse2x2 (3828 MB/s)
[    0.261158] PCI: Using ACPI for IRQ routing
[    0.261462] HPET: 3 timers in total, 0 timers will be used for per-cpu timer
[    0.261989] Switching to clocksource tsc
[    0.262089] pnp: PnP ACPI init
[    0.262177] ACPI: bus type pnp registered
[    0.265854] pnp: PnP ACPI: found 11 devices
[    0.265958] ACPI: ACPI bus type pnp unregistered
[    0.266053] system 00:00: iomem range 0x0-0x9ffff could not be reserved
[    0.266149] system 00:00: iomem range 0xc0000-0xc3fff could not be reserved
[    0.266242] system 00:00: iomem range 0xc4000-0xc7fff could not be reserved
[    0.266332] system 00:00: iomem range 0xc8000-0xcbfff has been reserved
[    0.266428] system 00:00: iomem range 0xcc000-0xcffff has been reserved
[    0.266520] system 00:00: iomem range 0xd0000-0xd3fff could not be reserved
[    0.266611] system 00:00: iomem range 0xe0000-0xe3fff could not be reserved
[    0.266707] system 00:00: iomem range 0xe4000-0xe7fff could not be reserved
[    0.266804] system 00:00: iomem range 0xe8000-0xebfff could not be reserved
[    0.266898] system 00:00: iomem range 0xec000-0xeffff could not be reserved
[    0.266990] system 00:00: iomem range 0xf0000-0xfffff could not be reserved
[    0.267079] system 00:00: iomem range 0x100000-0x3dffffff could not be reserved
[    0.267201] system 00:00: iomem range 0xfec00000-0xfed3ffff could not be reserved
[    0.267326] system 00:00: iomem range 0xfed4c000-0xffffffff could not be reserved
[    0.267451] system 00:02: ioport range 0x164e-0x164f has been reserved
[    0.267546] system 00:02: ioport range 0x1000-0x107f has been reserved
[    0.267635] system 00:02: ioport range 0x1180-0x11bf has been reserved
[    0.267727] system 00:02: ioport range 0x800-0x80f has been reserved
[    0.267820] system 00:02: ioport range 0x15e0-0x15ef has been reserved
[    0.267914] system 00:02: ioport range 0x1600-0x165f could not be reserved
[    0.268009] system 00:02: iomem range 0xf0000000-0xf3ffffff has been reserved
[    0.268101] system 00:02: iomem range 0xfed1c000-0xfed1ffff has been reserved
[    0.268191] system 00:02: iomem range 0xfed14000-0xfed17fff has been reserved
[    0.268281] system 00:02: iomem range 0xfed18000-0xfed18fff has been reserved
[    0.268372] system 00:02: iomem range 0xfed19000-0xfed19fff has been reserved
[    0.268471] system 00:02: iomem range 0xfed45000-0xfed4bfff has been reserved
[    0.303515] pci 0000:00:1c.0: PCI bridge, secondary bus 0000:02
[    0.303611] pci 0000:00:1c.0:   IO window: 0x2000-0x2fff
[    0.303704] pci 0000:00:1c.0:   MEM window: 0xfc000000-0xfdffffff
[    0.303797] pci 0000:00:1c.0:   PREFETCH window: 0x000000f8000000-0x000000f80fffff
[    0.303928] pci 0000:00:1c.1: PCI bridge, secondary bus 0000:03
[    0.304025] pci 0000:00:1c.1:   IO window: 0x3000-0x3fff
[    0.304116] pci 0000:00:1c.1:   MEM window: 0xdc000000-0xdf3fffff
[    0.304209] pci 0000:00:1c.1:   PREFETCH window: 0x000000dfe00000-0x000000dfefffff
[    0.304338] pci 0000:00:1c.2: PCI bridge, secondary bus 0000:04
[    0.304431] pci 0000:00:1c.2:   IO window: 0x4000-0x4fff
[    0.304530] pci 0000:00:1c.2:   MEM window: 0xd8000000-0xd9ffffff
[    0.304627] pci 0000:00:1c.2:   PREFETCH window: 0x000000dfb00000-0x000000dfbfffff
[    0.304754] pci 0000:00:1c.3: PCI bridge, secondary bus 0000:05
[    0.304849] pci 0000:00:1c.3:   IO window: 0x5000-0x5fff
[    0.304944] pci 0000:00:1c.3:   MEM window: 0xd4000000-0xd5ffffff
[    0.305038] pci 0000:00:1c.3:   PREFETCH window: 0x000000df800000-0x000000df8fffff
[    0.305164] pci 0000:00:1c.4: PCI bridge, secondary bus 0000:0d
[    0.305259] pci 0000:00:1c.4:   IO window: 0x6000-0x6fff
[    0.305358] pci 0000:00:1c.4:   MEM window: 0xd0000000-0xd1ffffff
[    0.305453] pci 0000:00:1c.4:   PREFETCH window: 0x000000df500000-0x000000df5fffff
[    0.305582] pci 0000:15:00.0: CardBus bridge, secondary bus 0000:16
[    0.305672] pci 0000:15:00.0:   IO window: 0x007000-0x0070ff
[    0.305764] pci 0000:15:00.0:   IO window: 0x007400-0x0074ff
[    0.305868] pci 0000:15:00.0:   PREFETCH window: 0xf4000000-0xf7ffffff
[    0.305962] pci 0000:15:00.0:   MEM window: 0x40000000-0x43ffffff
[    0.306054] pci 0000:00:1e.0: PCI bridge, secondary bus 0000:15
[    0.306147] pci 0000:00:1e.0:   IO window: 0x7000-0xafff
[    0.306242] pci 0000:00:1e.0:   MEM window: 0xf8300000-0xfbffffff
[    0.306339] pci 0000:00:1e.0:   PREFETCH window: 0x000000f4000000-0x000000f7ffffff
[    0.306480] pci 0000:00:1c.0: PCI INT A -> GSI 20 (level, low) -> IRQ 20
[    0.306579] pci 0000:00:1c.0: setting latency timer to 64
[    0.306593] pci 0000:00:1c.1: PCI INT B -> GSI 21 (level, low) -> IRQ 21
[    0.306689] pci 0000:00:1c.1: setting latency timer to 64
[    0.306698] pci 0000:00:1c.2: PCI INT C -> GSI 22 (level, low) -> IRQ 22
[    0.306792] pci 0000:00:1c.2: setting latency timer to 64
[    0.306806] pci 0000:00:1c.3: PCI INT D -> GSI 23 (level, low) -> IRQ 23
[    0.306908] pci 0000:00:1c.3: setting latency timer to 64
[    0.306921] pci 0000:00:1c.4: PCI INT A -> GSI 20 (level, low) -> IRQ 20
[    0.307016] pci 0000:00:1c.4: setting latency timer to 64
[    0.307022] pci 0000:00:1e.0: enabling device (0005 -> 0007)
[    0.307118] pci 0000:00:1e.0: setting latency timer to 64
[    0.307130] pci 0000:15:00.0: PCI INT A -> GSI 16 (level, low) -> IRQ 16
[    0.307228] pci 0000:15:00.0: setting latency timer to 64
[    0.307234] pci_bus 0000:00: resource 0 io:  [0x00-0xffff]
[    0.307236] pci_bus 0000:00: resource 1 mem: [0x000000-0xffffffff]
[    0.307238] pci_bus 0000:02: resource 0 io:  [0x2000-0x2fff]
[    0.307239] pci_bus 0000:02: resource 1 mem: [0xfc000000-0xfdffffff]
[    0.307241] pci_bus 0000:02: resource 2 pref mem [0xf8000000-0xf80fffff]
[    0.307243] pci_bus 0000:03: resource 0 io:  [0x3000-0x3fff]
[    0.307245] pci_bus 0000:03: resource 1 mem: [0xdc000000-0xdf3fffff]
[    0.307247] pci_bus 0000:03: resource 2 pref mem [0xdfe00000-0xdfefffff]
[    0.307249] pci_bus 0000:04: resource 0 io:  [0x4000-0x4fff]
[    0.307250] pci_bus 0000:04: resource 1 mem: [0xd8000000-0xd9ffffff]
[    0.307252] pci_bus 0000:04: resource 2 pref mem [0xdfb00000-0xdfbfffff]
[    0.307254] pci_bus 0000:05: resource 0 io:  [0x5000-0x5fff]
[    0.307256] pci_bus 0000:05: resource 1 mem: [0xd4000000-0xd5ffffff]
[    0.307257] pci_bus 0000:05: resource 2 pref mem [0xdf800000-0xdf8fffff]
[    0.307259] pci_bus 0000:0d: resource 0 io:  [0x6000-0x6fff]
[    0.307261] pci_bus 0000:0d: resource 1 mem: [0xd0000000-0xd1ffffff]
[    0.307263] pci_bus 0000:0d: resource 2 pref mem [0xdf500000-0xdf5fffff]
[    0.307265] pci_bus 0000:15: resource 0 io:  [0x7000-0xafff]
[    0.307266] pci_bus 0000:15: resource 1 mem: [0xf8300000-0xfbffffff]
[    0.307268] pci_bus 0000:15: resource 2 pref mem [0xf4000000-0xf7ffffff]
[    0.307270] pci_bus 0000:15: resource 3 io:  [0x00-0xffff]
[    0.307272] pci_bus 0000:15: resource 4 mem: [0x000000-0xffffffff]
[    0.307273] pci_bus 0000:16: resource 0 io:  [0x7000-0x70ff]
[    0.307275] pci_bus 0000:16: resource 1 io:  [0x7400-0x74ff]
[    0.307277] pci_bus 0000:16: resource 2 pref mem [0xf4000000-0xf7ffffff]
[    0.307279] pci_bus 0000:16: resource 3 mem: [0x40000000-0x43ffffff]
[    0.307286] NET: Registered protocol family 2
[    0.307377] RANDOM - __random32 called. Change num 7.  Value: 437d97bf	f373de51	f3b0f986
[    0.307378] RANDOM - random32 called.  Value: 437d97bf	f373de51	f3b0f986
[    0.307382] random 0000 0000 0000 5f8db4e5 4cfdf2a8: rand_read_num 3 get_random_bytes(4): sig fffffb64 5f8db4e5 4cfdf2a8
[    0.307385] random 0000 0000 0000 5f8db4e5 4cfdf2a8: extract_entropy(.. 4 ..)
[    0.307387] random 0000 0000 0000 5f8db4e5 4cfdf2a8: going to reseed nonblocking with 64 bits (32 of 0 requested)
[    0.307389] random 0000 0000 0000 5f8db4e5 4cfdf2a8: extract_entropy(.. 8 ..)
[    0.307391] random 0000 0000 0000 5f8db4e5 4cfdf2a8: trying to extract 64 bits from input
[    0.307393] random 0000 0000 0000 5f8db4e5 4cfdf2a8: debiting 0 entropy credits from input
[    0.307395] random 0000 0000 0000 5f8db4e5 4cfdf2a8: extract_entropy account returned: 0 
[    0.307398] random 0000 0000 0000 5f8db4e5 4cfdf2a8: urand_change_num 5 xfer_secondary_pool(4): pool_sig fffffb64, data_sig 00000000, bytes_mixed 0 5f8db4e5 4cfdf2a8
[    0.307401] random 0000 0000 0000 5f8db4e5 4cfdf2a8: trying to extract 32 bits from nonblocking
[    0.307403] random 0000 0000 0000 5f8db4e5 4cfdf2a8: debiting 32 entropy credits from nonblocking (unlimited)
[    0.307405] random 0000 0000 0000 5f8db4e5 4cfdf2a8: extract_entropy account returned: 4 
[    0.307410] random 0000 0000 0000 5f8db4e5 4cfdf2a8: urand_change_num 6 extract_buf: pool_sig fffffb64, data_sig 00000241, bytes_mixed 20 5f8db4e5 4cfdf2a8
[    0.307419] IP route cache hash table entries: 32768 (order: 5, 131072 bytes)
[    0.307555] RANDOM - __random32 called. Change num 8.  Value: d97bfe31	373de51f	f30dc6e6
[    0.307556] RANDOM - random32 called.  Value: d97bfe31	373de51f	f30dc6e6
[    0.307567] RANDOM - __random32 called. Change num 9.  Value: bfe314d7	73de51f5	8dcd6c7e
[    0.307569] RANDOM - random32 called.  Value: bfe314d7	73de51f5	8dcd6c7e
[    0.307570] RANDOM - __random32 called. Change num 10.  Value: 314d7baf	3de51f5e	d8fc74c1
[    0.307572] RANDOM - random32 called.  Value: 314d7baf	3de51f5e	d8fc74c1
[    0.307582] RANDOM - __random32 called. Change num 11.  Value: d7baf3c7	de51f5e5	e983e3fa
[    0.307584] RANDOM - random32 called.  Value: d7baf3c7	de51f5e5	e983e3fa
[    0.307594] TCP established hash table entries: 131072 (order: 8, 1048576 bytes)
[    0.308088] TCP bind hash table entries: 65536 (order: 6, 262144 bytes)
[    0.308276] TCP: Hash tables configured (established 131072 bind 65536)
[    0.308368] TCP reno registered
[    0.308476] NET: Registered protocol family 1
[    0.308592] RPC: Registered udp transport module.
[    0.308679] RPC: Registered tcp transport module.
[    0.308766] RPC: Registered tcp NFSv4.1 backchannel transport module.
[    0.308869] pci 0000:00:02.0: Boot video device
[    0.309080] Simple Boot Flag at 0x35 set to 0x1
[    0.309598] highmem bounce pool size: 64 pages
[    0.311181] VFS: Disk quotas dquot_6.5.2
[    0.311307] Dquot-cache hash table entries: 1024 (order 0, 4096 bytes)
[    0.311981] NTFS driver 2.1.29 [Flags: R/W].
[    0.312139] ROMFS MTD (C) 2007 Red Hat, Inc.
[    0.312351] JFS: nTxBlock = 7695, nTxLock = 61562
[    0.314807] SGI XFS with ACLs, security attributes, large block/inode numbers, no debug enabled
[    0.315312] SGI XFS Quota Management subsystem
[    0.315602] Slow work thread pool: Starting up
[    0.315700] Slow work thread pool: Ready
[    0.315793] GFS2 (built May 24 2013 02:47:17) installed
[    0.315897] msgmni has been set to 1734
[    0.316065] alg: No test for cipher_null (cipher_null-generic)
[    0.316169] alg: No test for ecb(cipher_null) (ecb-cipher_null)
[    0.316268] alg: No test for digest_null (digest_null-generic)
[    0.316367] alg: No test for compress_null (compress_null-generic)
[    0.316932] alg: No test for fcrypt (fcrypt-generic)
[    0.318353] alg: No test for stdrng (krng)
[    0.318445] async_tx: api initialized (async)
[    0.318601] Block layer SCSI generic (bsg) driver version 0.4 loaded (major 254)
[    0.318724] io scheduler noop registered
[    0.318814] io scheduler anticipatory registered
[    0.318924] io scheduler deadline registered
[    0.319060] io scheduler cfq registered (default)
[    0.319297] pcieport 0000:00:1c.0: irq 24 for MSI/MSI-X
[    0.319314] pcieport 0000:00:1c.0: setting latency timer to 64
[    0.319493] pcieport 0000:00:1c.1: irq 25 for MSI/MSI-X
[    0.319504] pcieport 0000:00:1c.1: setting latency timer to 64
[    0.319683] pcieport 0000:00:1c.2: irq 26 for MSI/MSI-X
[    0.319693] pcieport 0000:00:1c.2: setting latency timer to 64
[    0.319883] pcieport 0000:00:1c.3: irq 27 for MSI/MSI-X
[    0.319892] pcieport 0000:00:1c.3: setting latency timer to 64
[    0.320073] pcieport 0000:00:1c.4: irq 28 for MSI/MSI-X
[    0.320085] pcieport 0000:00:1c.4: setting latency timer to 64
[    0.320229] pci_hotplug: PCI Hot Plug PCI Core version: 0.5
[    0.320431] isapnp: Scanning for PnP cards...
[    0.680957] isapnp: No Plug & Play device found
[    0.681049] random 0000 0000 0000 5f8db4e5 4cfdf2a8: initializing
[    0.700550] Serial: 8250/16550 driver, 4 ports, IRQ sharing enabled
[    3.712001] floppy0: no floppy controllers found
[    3.712945] brd: module loaded
[    3.713449] loop: module loaded
[    3.713535] Compaq SMART2 Driver (v 2.6.0)
[    3.713664] HP CISS Driver (v 3.6.20)
[    3.713904] input: Macintosh mouse button emulation as /devices/virtual/input/input0
[    3.714045] Uniform Multi-Platform E-IDE driver
[    3.714271] piix 0000:00:1f.1: IDE controller (0x8086:0x2850 rev 0x03)
[    3.714375] pci 0000:00:1f.1: PCI INT C -> GSI 16 (level, low) -> IRQ 16
[    3.714482] piix 0000:00:1f.1: IDE port disabled
[    3.714580] piix 0000:00:1f.1: not 100% native mode: will probe irqs later
[    3.714675]     ide0: BM-DMA at 0x1c00-0x1c07
[    3.714768] Probing IDE interface ide0...
[    4.386243] hda: HL-DT-ST DVDRAM GSA-U10N, ATAPI CD/DVD-ROM drive
[    4.693068] hda: host max PIO4 wanted PIO255(auto-tune) selected PIO4
[    4.693841] hda: UDMA/33 mode selected
[    4.694303] ide0 at 0x1f0-0x1f7,0x3f6 on irq 14
[    4.698215] ide-gd driver 1.18
[    4.698318] ide-cd driver 5.00
[    4.699706] ide-cd: hda: ATAPI 24X DVD-ROM DVD-R/RAM CD-R/RW drive, 2048kB Cache
[    4.700160] Uniform CD-ROM driver Revision: 3.20
[    4.707231] Loading iSCSI transport class v2.0-870.
[    4.707517] rdac: device handler registered
[    4.707605] hp_sw: device handler registered
[    4.707691] emc: device handler registered
[    4.707781] alua: device handler registered
[    4.708763] Adaptec aacraid driver 1.1-5[2461]-ms
[    4.709180] scsi: <fdomain> Detection failed (no card)
[    4.709275] sym53c416.c: Version 1.0.0-ac
[    4.709381] qlogicfas: no cards were found, please specify I/O address and IRQ using iobase= and irq= options
[    4.709501] QLogic Fibre Channel HBA Driver: 8.03.01-k6
[    4.709724] iscsi: registered transport (qla4xxx)
[    4.709833] QLogic iSCSI HBA Driver
[    4.709923] Emulex LightPulse Fibre Channel SCSI driver 8.3.4
[    4.710012] Copyright(c) 2004-2009 Emulex.  All rights reserved.
[    4.732054] Failed initialization of WD-7000 SCSI card!
[    4.821544] DC390: clustering now enabled by default. If you get problems load
[    4.821661]        with "disable_clustering=1" and report to maintainers
[    4.821798] megaraid cmm: 2.20.2.7 (Release Date: Sun Jul 16 00:01:03 EST 2006)
[    4.821949] megaraid: 2.20.5.1 (Release Date: Thu Nov 16 15:32:35 EST 2006)
[    4.822065] megasas: 00.00.04.01 Thu July 24 11:41:51 PST 2008
[    4.822196] GDT-HA: Storage RAID Controller Driver. Version: 3.05
[    4.822345] 3ware Storage Controller device driver for Linux v1.26.02.002.
[    4.822459] 3ware 9000 Storage Controller device driver for Linux v2.26.02.012.
[    4.822603] nsp32: loading...
[    4.822708] ipr: IBM Power RAID SCSI Device Driver version: 2.4.3 (June 10, 2009)
[    4.822855] RocketRAID 3xxx/4xxx Controller driver v1.6 (090910)
[    4.822965] stex: Promise SuperTrak EX Driver version: 4.6.0000.3
[    4.823107] st: Version 20081215, fixed bufsize 32768, s/g segs 256
[    4.823295] ahci 0000:00:1f.2: version 3.0
[    4.823307] ahci 0000:00:1f.2: PCI INT B -> GSI 16 (level, low) -> IRQ 16
[    4.823447] ahci 0000:00:1f.2: irq 29 for MSI/MSI-X
[    4.823505] ahci 0000:00:1f.2: AHCI 0001.0100 32 slots 3 ports 1.5 Gbps 0x5 impl SATA mode
[    4.823628] ahci 0000:00:1f.2: flags: 64bit ncq sntf pm led clo pio slum part ccc 
[    4.823756] ahci 0000:00:1f.2: setting latency timer to 64
[    4.823896] scsi2 : ahci
[    4.824069] scsi3 : ahci
[    4.824209] scsi4 : ahci
[    4.824376] ata1: SATA max UDMA/133 abar m2048@0xfe226000 port 0xfe226100 irq 29
[    4.824499] ata2: DUMMY
[    4.824586] ata3: SATA max UDMA/133 abar m2048@0xfe226000 port 0xfe226200 irq 29
[    4.825198] I2O subsystem v1.325
[    4.825287] i2o: max drivers = 8
[    4.825433] I2O Configuration OSM v1.323
[    4.825535] I2O Bus Adapter OSM v1.317
[    4.825639] I2O Block Device OSM v1.325
[    4.825793] I2O SCSI Peripheral OSM v1.316
[    4.825899] I2O ProcFS OSM v1.316
[    4.826007] Fusion MPT base driver 3.04.12
[    4.826114] Copyright (c) 1999-2008 LSI Corporation
[    4.826206] Fusion MPT SPI Host driver 3.04.12
[    4.826353] Fusion MPT FC Host driver 3.04.12
[    4.826473] Fusion MPT SAS Host driver 3.04.12
[    4.826630] ohci1394 0000:15:00.1: PCI INT B -> GSI 17 (level, low) -> IRQ 17
[    4.826725] ohci1394 0000:15:00.1: setting latency timer to 64
[    4.880084] ohci1394: fw-host0: OHCI-1394 1.1 (PCI): IRQ=[17]  MMIO=[f8301000-f83017ff]  Max Packet=[2048]  IR/IT contexts=[4/4]
[    4.884358] ehci_hcd: USB 2.0 'Enhanced' Host Controller (EHCI) Driver
[    4.884650] ehci_hcd 0000:00:1a.7: power state changed by ACPI to D0
[    4.884897] ehci_hcd 0000:00:1a.7: power state changed by ACPI to D0
[    4.884997] ehci_hcd 0000:00:1a.7: PCI INT C -> GSI 22 (level, low) -> IRQ 22
[    4.885099] ehci_hcd 0000:00:1a.7: setting latency timer to 64
[    4.885103] ehci_hcd 0000:00:1a.7: EHCI Host Controller
[    4.885238] ehci_hcd 0000:00:1a.7: new USB bus registered, assigned bus number 1
[    4.889282] ehci_hcd 0000:00:1a.7: cache line size of 32 is not supported
[    4.889291] ehci_hcd 0000:00:1a.7: irq 22, io mem 0xfe226c00
[    4.899046] ehci_hcd 0000:00:1a.7: USB 2.0 started, EHCI 1.00
[    4.899148] usb usb1: New USB device found, idVendor=1d6b, idProduct=0002
[    4.899241] usb usb1: New USB device strings: Mfr=3, Product=2, SerialNumber=1
[    4.899362] usb usb1: Product: EHCI Host Controller
[    4.899457] usb usb1: Manufacturer: Linux 2.6.32.57 ehci_hcd
[    4.899546] usb usb1: SerialNumber: 0000:00:1a.7
[    4.899689] usb usb1: configuration #1 chosen from 1 choice
[    4.899811] hub 1-0:1.0: USB hub found
[    4.899903] hub 1-0:1.0: 4 ports detected
[    4.900238] ehci_hcd 0000:00:1d.7: power state changed by ACPI to D0
[    4.900474] ehci_hcd 0000:00:1d.7: power state changed by ACPI to D0
[    4.900575] ehci_hcd 0000:00:1d.7: PCI INT D -> GSI 19 (level, low) -> IRQ 19
[    4.900675] ehci_hcd 0000:00:1d.7: setting latency timer to 64
[    4.900680] ehci_hcd 0000:00:1d.7: EHCI Host Controller
[    4.900807] ehci_hcd 0000:00:1d.7: new USB bus registered, assigned bus number 2
[    4.900956] ehci_hcd 0000:00:1d.7: debug port 1
[    4.904939] ehci_hcd 0000:00:1d.7: cache line size of 32 is not supported
[    4.904947] ehci_hcd 0000:00:1d.7: irq 19, io mem 0xfe227000
[    4.915047] ehci_hcd 0000:00:1d.7: USB 2.0 started, EHCI 1.00
[    4.915156] usb usb2: New USB device found, idVendor=1d6b, idProduct=0002
[    4.915247] usb usb2: New USB device strings: Mfr=3, Product=2, SerialNumber=1
[    4.915370] usb usb2: Product: EHCI Host Controller
[    4.915458] usb usb2: Manufacturer: Linux 2.6.32.57 ehci_hcd
[    4.915545] usb usb2: SerialNumber: 0000:00:1d.7
[    4.915686] usb usb2: configuration #1 chosen from 1 choice
[    4.915806] hub 2-0:1.0: USB hub found
[    4.915900] hub 2-0:1.0: 6 ports detected
[    4.916078] 116x: driver isp116x-hcd, 03 Nov 2005
[    4.916185] ohci_hcd: USB 1.1 'Open' Host Controller (OHCI) Driver
[    4.916304] uhci_hcd: USB Universal Host Controller Interface driver
[    4.916414] uhci_hcd 0000:00:1a.0: PCI INT A -> GSI 20 (level, low) -> IRQ 20
[    4.916510] uhci_hcd 0000:00:1a.0: setting latency timer to 64
[    4.916513] uhci_hcd 0000:00:1a.0: UHCI Host Controller
[    4.916639] uhci_hcd 0000:00:1a.0: new USB bus registered, assigned bus number 3
[    4.916797] uhci_hcd 0000:00:1a.0: irq 20, io base 0x00001860
[    4.916914] usb usb3: New USB device found, idVendor=1d6b, idProduct=0001
[    4.917007] usb usb3: New USB device strings: Mfr=3, Product=2, SerialNumber=1
[    4.917134] usb usb3: Product: UHCI Host Controller
[    4.917225] usb usb3: Manufacturer: Linux 2.6.32.57 uhci_hcd
[    4.917317] usb usb3: SerialNumber: 0000:00:1a.0
[    4.917453] usb usb3: configuration #1 chosen from 1 choice
[    4.917574] hub 3-0:1.0: USB hub found
[    4.917669] hub 3-0:1.0: 2 ports detected
[    4.917977] uhci_hcd 0000:00:1a.1: power state changed by ACPI to D0
[    4.918224] uhci_hcd 0000:00:1a.1: power state changed by ACPI to D0
[    4.918322] uhci_hcd 0000:00:1a.1: PCI INT B -> GSI 21 (level, low) -> IRQ 21
[    4.918418] uhci_hcd 0000:00:1a.1: setting latency timer to 64
[    4.918421] uhci_hcd 0000:00:1a.1: UHCI Host Controller
[    4.918551] uhci_hcd 0000:00:1a.1: new USB bus registered, assigned bus number 4
[    4.918702] uhci_hcd 0000:00:1a.1: irq 21, io base 0x00001880
[    4.918819] usb usb4: New USB device found, idVendor=1d6b, idProduct=0001
[    4.918911] usb usb4: New USB device strings: Mfr=3, Product=2, SerialNumber=1
[    4.919031] usb usb4: Product: UHCI Host Controller
[    4.919128] usb usb4: Manufacturer: Linux 2.6.32.57 uhci_hcd
[    4.919221] usb usb4: SerialNumber: 0000:00:1a.1
[    4.919356] usb usb4: configuration #1 chosen from 1 choice
[    4.919478] hub 4-0:1.0: USB hub found
[    4.919571] hub 4-0:1.0: 2 ports detected
[    4.919876] uhci_hcd 0000:00:1d.0: power state changed by ACPI to D0
[    4.920120] uhci_hcd 0000:00:1d.0: power state changed by ACPI to D0
[    4.920219] uhci_hcd 0000:00:1d.0: PCI INT A -> GSI 16 (level, low) -> IRQ 16
[    4.920320] uhci_hcd 0000:00:1d.0: setting latency timer to 64
[    4.920324] uhci_hcd 0000:00:1d.0: UHCI Host Controller
[    4.920455] uhci_hcd 0000:00:1d.0: new USB bus registered, assigned bus number 5
[    4.920611] uhci_hcd 0000:00:1d.0: irq 16, io base 0x000018a0
[    4.920728] usb usb5: New USB device found, idVendor=1d6b, idProduct=0001
[    4.920822] usb usb5: New USB device strings: Mfr=3, Product=2, SerialNumber=1
[    4.920944] usb usb5: Product: UHCI Host Controller
[    4.921034] usb usb5: Manufacturer: Linux 2.6.32.57 uhci_hcd
[    4.921131] usb usb5: SerialNumber: 0000:00:1d.0
[    4.921267] usb usb5: configuration #1 chosen from 1 choice
[    4.921386] hub 5-0:1.0: USB hub found
[    4.921477] hub 5-0:1.0: 2 ports detected
[    4.921618] uhci_hcd 0000:00:1d.1: PCI INT B -> GSI 17 (level, low) -> IRQ 17
[    4.921716] uhci_hcd 0000:00:1d.1: setting latency timer to 64
[    4.921721] uhci_hcd 0000:00:1d.1: UHCI Host Controller
[    4.921846] uhci_hcd 0000:00:1d.1: new USB bus registered, assigned bus number 6
[    4.921992] uhci_hcd 0000:00:1d.1: irq 17, io base 0x000018c0
[    4.922112] usb usb6: New USB device found, idVendor=1d6b, idProduct=0001
[    4.922204] usb usb6: New USB device strings: Mfr=3, Product=2, SerialNumber=1
[    4.922321] usb usb6: Product: UHCI Host Controller
[    4.922410] usb usb6: Manufacturer: Linux 2.6.32.57 uhci_hcd
[    4.922499] usb usb6: SerialNumber: 0000:00:1d.1
[    4.922628] usb usb6: configuration #1 chosen from 1 choice
[    4.922742] hub 6-0:1.0: USB hub found
[    4.922834] hub 6-0:1.0: 2 ports detected
[    4.923123] uhci_hcd 0000:00:1d.2: power state changed by ACPI to D0
[    4.923374] uhci_hcd 0000:00:1d.2: power state changed by ACPI to D0
[    4.923474] uhci_hcd 0000:00:1d.2: PCI INT C -> GSI 18 (level, low) -> IRQ 18
[    4.923570] uhci_hcd 0000:00:1d.2: setting latency timer to 64
[    4.923575] uhci_hcd 0000:00:1d.2: UHCI Host Controller
[    4.923709] uhci_hcd 0000:00:1d.2: new USB bus registered, assigned bus number 7
[    4.923861] uhci_hcd 0000:00:1d.2: irq 18, io base 0x000018e0
[    4.923978] usb usb7: New USB device found, idVendor=1d6b, idProduct=0001
[    4.924081] usb usb7: New USB device strings: Mfr=3, Product=2, SerialNumber=1
[    4.924206] usb usb7: Product: UHCI Host Controller
[    4.924292] usb usb7: Manufacturer: Linux 2.6.32.57 uhci_hcd
[    4.924381] usb usb7: SerialNumber: 0000:00:1d.2
[    4.925171] usb usb7: configuration #1 chosen from 1 choice
[    4.925292] hub 7-0:1.0: USB hub found
[    4.925384] hub 7-0:1.0: 2 ports detected
[    4.925546] sl811: driver sl811-hcd, 19 May 2005
[    4.925655] r8a66597_hcd: driver r8a66597_hcd, 2009-05-26
[    4.925823] Initializing USB Mass Storage driver...
[    4.925948] usbcore: registered new interface driver usb-storage
[    4.926050] USB Mass Storage support registered.
[    4.926155] usbcore: registered new interface driver ums-alauda
[    4.926264] usbcore: registered new interface driver ums-cypress
[    4.926372] usbcore: registered new interface driver ums-datafab
[    4.926479] usbcore: registered new interface driver ums-freecom
[    4.926594] usbcore: registered new interface driver ums-isd200
[    4.926706] usbcore: registered new interface driver ums-jumpshot
[    4.926816] usbcore: registered new interface driver ums-karma
[    4.926927] usbcore: registered new interface driver ums-onetouch
[    4.927054] usbcore: registered new interface driver ums-sddr09
[    4.927165] usbcore: registered new interface driver ums-sddr55
[    4.927276] usbcore: registered new interface driver ums-usbat
[    4.927422] PNP: PS/2 Controller [PNP0303:KBD,PNP0f13:MOU] at 0x60,0x64 irq 1,12
[    4.935270] serio: i8042 KBD port at 0x60,0x64 irq 1
[    4.935361] serio: i8042 AUX port at 0x60,0x64 irq 12
[    4.935600] mice: PS/2 mouse device common for all mice
[    4.935712] i2c /dev entries driver
[    4.935846] md: linear personality registered for level -1
[    4.935932] md: raid0 personality registered for level 0
[    4.936021] md: raid1 personality registered for level 1
[    4.936119] md: raid10 personality registered for level 10
[    4.936212] md: raid6 personality registered for level 6
[    4.936302] md: raid5 personality registered for level 5
[    4.936395] md: raid4 personality registered for level 4
[    4.936484] md: multipath personality registered for level -4
[    4.936673] device-mapper: ioctl: 4.15.0-ioctl (2009-04-01) initialised: dm-devel@redhat.com
[    4.936870] cpuidle: using governor ladder
[    4.937480] usbcore: registered new interface driver usbhid
[    4.937571] usbhid: v2.6:USB HID core driver
[    4.937714] random 0000 0000 0000 00000000 00000000: rand_read_num 4 get_random_bytes(136): sig 00000000 00000000 00000000
[    4.937717] random 0000 0000 0000 00000000 00000000: extract_entropy(.. 136 ..)
[    4.937720] random 0000 0000 0000 00000000 00000000: going to reseed nonblocking with 1024 bits (1088 of 0 requested)
[    4.937722] random 0000 0000 0000 00000000 00000000: extract_entropy(.. 128 ..)
[    4.937724] random 0000 0000 0000 00000000 00000000: trying to extract 1024 bits from input
[    4.937726] random 0000 0000 0000 00000000 00000000: debiting 0 entropy credits from input
[    4.937728] random 0000 0000 0000 00000000 00000000: extract_entropy account returned: 0 
[    4.937731] random 0000 0000 0000 00000000 00000000: urand_change_num 7 xfer_secondary_pool(136): pool_sig 00000000, data_sig 00000000, bytes_mixed 0 00000000 00000000
[    4.937734] random 0000 0000 0000 00000000 00000000: trying to extract 1088 bits from nonblocking
[    4.937737] random 0000 0000 0000 00000000 00000000: debiting 1088 entropy credits from nonblocking (unlimited)
[    4.937739] random 0000 0000 0000 00000000 00000000: extract_entropy account returned: 136 
[    4.937743] random 0000 0000 0000 00000000 00000000: urand_change_num 8 extract_buf: pool_sig 00000000, data_sig fffffff9, bytes_mixed 20 00000000 00000000
[    4.937748] random 0000 0000 0000 b7c35b56 be4dc95d: urand_change_num 9 extract_buf: pool_sig fffffd1e, data_sig 000000c5, bytes_mixed 20 b7c35b56 be4dc95d
[    4.937754] random 0000 0000 0000 ed9f5c47 c48487fb: urand_change_num 10 extract_buf: pool_sig fffff8ec, data_sig ffffff68, bytes_mixed 20 ed9f5c47 c48487fb
[    4.937759] random 0000 0000 0000 ed9f5c47 c48487fb: urand_change_num 11 extract_buf: pool_sig fffffaed, data_sig 000001aa, bytes_mixed 20 ed9f5c47 c48487fb
[    4.937764] random 0000 0000 0000 1b4f7c0a 91bd6a48: urand_change_num 12 extract_buf: pool_sig fffffdd8, data_sig 00000064, bytes_mixed 20 1b4f7c0a 91bd6a48
[    4.937769] random 0000 0000 0000 a254b9bc 20e9a24f: urand_change_num 13 extract_buf: pool_sig fffffbe6, data_sig 000001dd, bytes_mixed 20 a254b9bc 20e9a24f
[    4.937774] random 0000 0000 0000 a254b9bc 20e9a24f: urand_change_num 14 extract_buf: pool_sig fffff940, data_sig fffffe20, bytes_mixed 20 a254b9bc 20e9a24f
[    4.937779] random 0000 0000 0000 2831a66b 5fa2a3ad: urand_change_num 15 extract_buf: pool_sig fffffbce, data_sig 0000007e, bytes_mixed 20 2831a66b 5fa2a3ad
[    4.937785] random 0000 0000 0000 2831a66b 5fa2a3ad: urand_change_num 16 extract_buf: pool_sig 000004df, data_sig fffffe8f, bytes_mixed 20 2831a66b 5fa2a3ad
[    4.937790] random 0000 0000 0000 d4512bfd c9a54e0b: urand_change_num 17 extract_buf: pool_sig 00000485, data_sig fffffe68, bytes_mixed 20 d4512bfd c9a54e0b
[    4.937795] random 0000 0000 0000 c7371be6 f9ffea11: urand_change_num 18 extract_buf: pool_sig 00000095, data_sig ffffffed, bytes_mixed 20 c7371be6 f9ffea11
[    4.937800] random 0000 0000 0000 c7371be6 f9ffea11: urand_change_num 19 extract_buf: pool_sig 000003a7, data_sig fffffefa, bytes_mixed 20 c7371be6 f9ffea11
[    4.937805] random 0000 0000 0000 8fb4b62c d1ddba54: urand_change_num 20 extract_buf: pool_sig 00000179, data_sig ffffff78, bytes_mixed 20 8fb4b62c d1ddba54
[    4.937810] random 0000 0000 0000 9ff19f9c c07a1d2a: urand_change_num 21 extract_buf: pool_sig fffffe88, data_sig 00000126, bytes_mixed 20 9ff19f9c c07a1d2a
[    4.937815] TCP cubic registered
[    4.937905] Initializing XFRM netlink socket
[    4.937998] NET: Registered protocol family 17
[    4.938106] Using IPI Shortcut mode
[    4.938195] random 0000 0000 0000 9ff19f9c c07a1d2a: rand_read_num 5 get_random_bytes(8): sig 0000031b 9ff19f9c c07a1d2a
[    4.938197] random 0000 0000 0000 9ff19f9c c07a1d2a: extract_entropy(.. 8 ..)
[    4.938199] random 0000 0000 0000 9ff19f9c c07a1d2a: going to reseed nonblocking with 64 bits (64 of 0 requested)
[    4.938201] random 0000 0000 0000 9ff19f9c c07a1d2a: extract_entropy(.. 8 ..)
[    4.938203] random 0000 0000 0000 9ff19f9c c07a1d2a: trying to extract 64 bits from input
[    4.938205] random 0000 0000 0000 9ff19f9c c07a1d2a: debiting 0 entropy credits from input
[    4.938207] random 0000 0000 0000 9ff19f9c c07a1d2a: extract_entropy account returned: 0 
[    4.938210] random 0000 0000 0000 9ff19f9c c07a1d2a: urand_change_num 22 xfer_secondary_pool(8): pool_sig 0000031b, data_sig 00000000, bytes_mixed 0 9ff19f9c c07a1d2a
[    4.938213] random 0000 0000 0000 9ff19f9c c07a1d2a: trying to extract 64 bits from nonblocking
[    4.938215] random 0000 0000 0000 9ff19f9c c07a1d2a: debiting 64 entropy credits from nonblocking (unlimited)
[    4.938218] random 0000 0000 0000 9ff19f9c c07a1d2a: extract_entropy account returned: 8 
[    4.938221] random 0000 0000 0000 9ff19f9c c07a1d2a: urand_change_num 23 extract_buf: pool_sig 0000031b, data_sig ffffffb3, bytes_mixed 20 9ff19f9c c07a1d2a
[    4.941376] input: AT Translated Set 2 keyboard as /devices/platform/i8042/serio0/input/input1
[    5.129069] ata3: SATA link down (SStatus 0 SControl 300)
[    5.129179] ata1: SATA link up 1.5 Gbps (SStatus 113 SControl 300)
[    5.131643] ata1.00: ACPI cmd ef/02:00:00:00:00:a0 (SET FEATURES) succeeded
[    5.131646] ata1.00: ACPI cmd f5/00:00:00:00:00:a0 (SECURITY FREEZE LOCK) filtered out
[    5.133039] ata1.00: ACPI cmd ef/5f:00:00:00:00:a0 (SET FEATURES) succeeded
[    5.133041] ata1.00: ACPI cmd ef/10:03:00:00:00:a0 (SET FEATURES) filtered out
[    5.134949] ata1.00: ATA-7: ST910021AS, 4.06, max UDMA/100
[    5.135042] ata1.00: 195371568 sectors, multi 16: LBA48 
[    5.137189] ata1.00: ACPI cmd ef/02:00:00:00:00:a0 (SET FEATURES) succeeded
[    5.137192] ata1.00: ACPI cmd f5/00:00:00:00:00:a0 (SECURITY FREEZE LOCK) filtered out
[    5.138583] ata1.00: ACPI cmd ef/5f:00:00:00:00:a0 (SET FEATURES) succeeded
[    5.138586] ata1.00: ACPI cmd ef/10:03:00:00:00:a0 (SET FEATURES) filtered out
[    5.140508] ata1.00: configured for UDMA/100
[    5.151121] scsi 2:0:0:0: Direct-Access     ATA      ST910021AS       4.06 PQ: 0 ANSI: 5
[    5.151405] sd 2:0:0:0: [sda] 195371568 512-byte logical blocks: (100 GB/93.1 GiB)
[    5.151548] sd 2:0:0:0: [sda] Write Protect is off
[    5.151637] sd 2:0:0:0: [sda] Mode Sense: 00 3a 00 00
[    5.151650] sd 2:0:0:0: [sda] Write cache: enabled, read cache: enabled, doesn't support DPO or FUA
[    5.151844]  sda:
[    5.217061] usb 2-1: new high speed USB device using ehci_hcd and address 2
[    5.366384] usb 2-1: New USB device found, idVendor=0e8d, idProduct=1806
[    5.366470] usb 2-1: New USB device strings: Mfr=1, Product=2, SerialNumber=3
[    5.366564] usb 2-1: Product: MT1806 
[    5.366649] usb 2-1: Manufacturer: MediaTek Inc
[    5.366737] usb 2-1: SerialNumber: R8KN6GAC800AEB 
[    5.366874] usb 2-1: configuration #1 chosen from 1 choice
[    5.373177] scsi5 : SCSI emulation for USB Mass Storage devices
[    5.373345] usb-storage: device found at 2
[    5.373346] usb-storage: waiting for device to settle before scanning
[    5.574012]  sda1 sda2
[    5.574733] sd 2:0:0:0: [sda] Attached SCSI disk
[    5.574829] random 0000 0000 0000 277f73c3 42024bb9: rand_read_num 6 get_random_bytes(12): sig 000007e9 277f73c3 42024bb9
[    5.574831] random 0000 0000 0000 277f73c3 42024bb9: extract_entropy(.. 12 ..)
[    5.574833] random 0000 0000 0000 277f73c3 42024bb9: going to reseed nonblocking with 96 bits (96 of 0 requested)
[    5.574836] random 0000 0000 0000 277f73c3 42024bb9: extract_entropy(.. 12 ..)
[    5.574838] random 0000 0000 0000 277f73c3 42024bb9: trying to extract 96 bits from input
[    5.574840] random 0000 0000 0000 277f73c3 42024bb9: debiting 0 entropy credits from input
[    5.574842] random 0000 0000 0000 277f73c3 42024bb9: extract_entropy account returned: 0 
[    5.574845] random 0000 0000 0000 277f73c3 42024bb9: urand_change_num 24 xfer_secondary_pool(12): pool_sig 000007e9, data_sig 00000000, bytes_mixed 0 277f73c3 42024bb9
[    5.574848] random 0000 0000 0000 277f73c3 42024bb9: trying to extract 96 bits from nonblocking
[    5.574850] random 0000 0000 0000 277f73c3 42024bb9: debiting 96 entropy credits from nonblocking (unlimited)
[    5.574852] random 0000 0000 0000 277f73c3 42024bb9: extract_entropy account returned: 12 
[    5.574856] random 0000 0000 0000 277f73c3 42024bb9: urand_change_num 25 extract_buf: pool_sig 000007e9, data_sig 00000088, bytes_mixed 20 277f73c3 42024bb9
[    5.574861] random 0000 0000 0000 277f73c3 42024bb9: urand_change_num 26 extract_buf: pool_sig 00000498, data_sig fffffefb, bytes_mixed 20 277f73c3 42024bb9
[    5.574864] RANDOM - __seed init called.
[    5.574865] RANDOM - __seed init called.
[    5.574866] RANDOM - __seed init called.
[    5.574868] RANDOM - __random32 called. Change num 12.  Value: 87f14767	f0d7351	b1e48bd3
[    5.574870] RANDOM - random32_reseed called.  Value: 87f14767	f0d7351	b1e48bd3
[    5.574872] Pid: 1, comm: swapper Not tainted 2.6.32.57 #3
[    5.574959] Call Trace:
[    5.575051]  [<c1923ca4>] ? random32_reseed+0xa0/0xb1
[    5.575145]  [<c1923c04>] ? random32_reseed+0x0/0xb1
[    5.575236]  [<c100111e>] ? do_one_initcall+0x2e/0x180
[    5.575333]  [<c1907265>] ? kernel_init+0xad/0x103
[    5.575423]  [<c19071b8>] ? kernel_init+0x0/0x103
[    5.575517]  [<c1003787>] ? kernel_thread_helper+0x7/0x10
[    5.576047] random 0000 0000 0000 386b4e60 ee4d4880: rand_read_num 7 get_random_bytes(64): sig fffffea5 386b4e60 ee4d4880
[    5.576049] random 0000 0000 0000 386b4e60 ee4d4880: extract_entropy(.. 64 ..)
[    5.576052] random 0000 0000 0000 386b4e60 ee4d4880: going to reseed nonblocking with 512 bits (512 of 0 requested)
[    5.576054] random 0000 0000 0000 386b4e60 ee4d4880: extract_entropy(.. 64 ..)
[    5.576056] random 0000 0000 0000 386b4e60 ee4d4880: trying to extract 512 bits from input
[    5.576058] random 0000 0000 0000 386b4e60 ee4d4880: debiting 0 entropy credits from input
[    5.576060] random 0000 0000 0000 386b4e60 ee4d4880: extract_entropy account returned: 0 
[    5.576063] random 0000 0000 0000 386b4e60 ee4d4880: urand_change_num 27 xfer_secondary_pool(64): pool_sig fffffea5, data_sig 00000000, bytes_mixed 0 386b4e60 ee4d4880
[    5.576069] random 0000 0000 0000 386b4e60 ee4d4880: trying to extract 512 bits from nonblocking
[    5.576071] random 0000 0000 0000 386b4e60 ee4d4880: debiting 512 entropy credits from nonblocking (unlimited)
[    5.576073] random 0000 0000 0000 386b4e60 ee4d4880: extract_entropy account returned: 64 
[    5.576077] random 0000 0000 0000 386b4e60 ee4d4880: urand_change_num 28 extract_buf: pool_sig fffffea5, data_sig 00000173, bytes_mixed 20 386b4e60 ee4d4880
[    5.576083] random 0000 0000 0000 412698f6 0cc8689a: urand_change_num 29 extract_buf: pool_sig 00000122, data_sig ffffff63, bytes_mixed 20 412698f6 0cc8689a
[    5.576088] random 0000 0000 0000 412698f6 0cc8689a: urand_change_num 30 extract_buf: pool_sig 000001f7, data_sig 00000012, bytes_mixed 20 412698f6 0cc8689a
[    5.576093] random 0000 0000 0000 9669941e 06f768b1: urand_change_num 31 extract_buf: pool_sig fffffb5b, data_sig 0000003f, bytes_mixed 20 9669941e 06f768b1
[    5.576098] random 0000 0000 0000 98486520 995551f0: urand_change_num 32 extract_buf: pool_sig fffffb39, data_sig 0000000e, bytes_mixed 20 98486520 995551f0
[    5.576104] random 0000 0000 0000 98486520 995551f0: urand_change_num 33 extract_buf: pool_sig fffffd8d, data_sig 000001a6, bytes_mixed 20 98486520 995551f0
[    5.576109] random 0000 0000 0000 61fc8914 d5882ed2: urand_change_num 34 extract_buf: pool_sig fffffa58, data_sig 0000023e, bytes_mixed 20 61fc8914 d5882ed2
[    5.576138] random 0000 0000 0000 61fc8914 d5882ed2: rand_read_num 8 get_random_bytes(64): sig fffff9ee 61fc8914 d5882ed2
[    5.576140] random 0000 0000 0000 61fc8914 d5882ed2: extract_entropy(.. 64 ..)
[    5.576143] random 0000 0000 0000 61fc8914 d5882ed2: going to reseed nonblocking with 512 bits (512 of 0 requested)
[    5.576145] random 0000 0000 0000 61fc8914 d5882ed2: extract_entropy(.. 64 ..)
[    5.576147] random 0000 0000 0000 61fc8914 d5882ed2: trying to extract 512 bits from input
[    5.576149] random 0000 0000 0000 61fc8914 d5882ed2: debiting 0 entropy credits from input
[    5.576151] random 0000 0000 0000 61fc8914 d5882ed2: extract_entropy account returned: 0 
[    5.576154] random 0000 0000 0000 61fc8914 d5882ed2: urand_change_num 35 xfer_secondary_pool(64): pool_sig fffff9ee, data_sig 00000000, bytes_mixed 0 61fc8914 d5882ed2
[    5.576157] random 0000 0000 0000 61fc8914 d5882ed2: trying to extract 512 bits from nonblocking
[    5.576159] random 0000 0000 0000 61fc8914 d5882ed2: debiting 512 entropy credits from nonblocking (unlimited)
[    5.576161] random 0000 0000 0000 61fc8914 d5882ed2: extract_entropy account returned: 64 
[    5.576165] random 0000 0000 0000 61fc8914 d5882ed2: urand_change_num 36 extract_buf: pool_sig fffff9ee, data_sig ffffff85, bytes_mixed 20 61fc8914 d5882ed2
[    5.576171] random 0000 0000 0000 70cfd302 e5edec11: urand_change_num 37 extract_buf: pool_sig fffffdc1, data_sig ffffffde, bytes_mixed 20 70cfd302 e5edec11
[    5.576176] random 0000 0000 0000 00dab838 eafd2b30: urand_change_num 38 extract_buf: pool_sig 000003da, data_sig ffffff61, bytes_mixed 20 00dab838 eafd2b30
[    5.576181] random 0000 0000 0000 00dab838 eafd2b30: urand_change_num 39 extract_buf: pool_sig 00000314, data_sig 00000121, bytes_mixed 20 00dab838 eafd2b30
[    5.576186] random 0000 0000 0000 5fcdf66a 6442b608: urand_change_num 40 extract_buf: pool_sig 0000028b, data_sig fffffefd, bytes_mixed 20 5fcdf66a 6442b608
[    5.576191] random 0000 0000 0000 61333f6b 8fae0f9b: urand_change_num 41 extract_buf: pool_sig 000000cb, data_sig 000000b3, bytes_mixed 20 61333f6b 8fae0f9b
[    5.576196] random 0000 0000 0000 61333f6b 8fae0f9b: urand_change_num 42 extract_buf: pool_sig fffffef8, data_sig 00000051, bytes_mixed 20 61333f6b 8fae0f9b
[    5.576199] BEGIN NET_SECRET:
[    5.576200] \xffffffe0
[    5.576201] \xffffffb6
[    5.576202] \x36
[    5.576203] \xffffffb5
[    5.576204] \xffffff94
[    5.576205] \xffffffb2
[    5.576205] \xffffffa8
[    5.576206] \xffffffda
[    5.576207] \x5b
[    5.576208] \x19
[    5.576208] \x18
[    5.576209] \x5c
[    5.576210] \x2b
[    5.576211] \x1
[    5.576212] \xffffff90
[    5.576212] \x19
[    5.576213] \x3c
[    5.576214] \xfffffff2
[    5.576215] \xffffff82
[    5.576216] \x2a
[    5.576216] \xffffffb3
[    5.576217] \xffffffa2
[    5.576218] \x3f
[    5.576219] \x5
[    5.576219] \x52
[    5.576220] \x77
[    5.576221] \x57
[    5.576222] \x79
[    5.576222] \x16
[    5.576223] \x43
[    5.576224] \xffffff84
[    5.576225] \xffffffc3
[    5.576225] \xffffffe9
[    5.576226] \x79
[    5.576227] \x50
[    5.576228] \xffffff8e
[    5.576228] \x3f
[    5.576229] \xfffffff3
[    5.576230] \x19
[    5.576231] \x2a
[    5.576231] \xfffffffd
[    5.576232] \xfffffffb
[    5.576233] \x62
[    5.576234] \x3c
[    5.576235] \xffffffac
[    5.576235] \x1c
[    5.576236] \x3b
[    5.576237] \x3b
[    5.576238] \x15
[    5.576238] \x27
[    5.576239] \xffffffa8
[    5.576240] \x22
[    5.576241] \xffffffc5
[    5.576241] \xffffff9a
[    5.576242] \x5
[    5.576243] \x6c
[    5.576244] \xffffffa8
[    5.576245] \x3a
[    5.576245] \x44
[    5.576246] \xffffffaf
[    5.576247] \x13
[    5.576248] \xffffffe0
[    5.576248] \xffffff9d
[    5.576249] \x22
[    5.576250] 
[    5.576250] END NET_SECRET
[    5.576253] random 0000 0000 0000 e7f555d9 e8ce5c3c: rand_read_num 9 get_random_bytes(4): sig 0000068c e7f555d9 e8ce5c3c
[    5.576256] random 0000 0000 0000 e7f555d9 e8ce5c3c: extract_entropy(.. 4 ..)
[    5.576258] random 0000 0000 0000 e7f555d9 e8ce5c3c: going to reseed nonblocking with 64 bits (32 of 0 requested)
[    5.576260] random 0000 0000 0000 e7f555d9 e8ce5c3c: extract_entropy(.. 8 ..)
[    5.576262] random 0000 0000 0000 e7f555d9 e8ce5c3c: trying to extract 64 bits from input
[    5.576264] random 0000 0000 0000 e7f555d9 e8ce5c3c: debiting 0 entropy credits from input
[    5.576266] random 0000 0000 0000 e7f555d9 e8ce5c3c: extract_entropy account returned: 0 
[    5.576269] random 0000 0000 0000 e7f555d9 e8ce5c3c: urand_change_num 43 xfer_secondary_pool(4): pool_sig 0000068c, data_sig 00000000, bytes_mixed 0 e7f555d9 e8ce5c3c
[    5.576272] random 0000 0000 0000 e7f555d9 e8ce5c3c: trying to extract 32 bits from nonblocking
[    5.576274] random 0000 0000 0000 e7f555d9 e8ce5c3c: debiting 32 entropy credits from nonblocking (unlimited)
[    5.576276] random 0000 0000 0000 e7f555d9 e8ce5c3c: extract_entropy account returned: 4 
[    5.576280] random 0000 0000 0000 e7f555d9 e8ce5c3c: urand_change_num 44 extract_buf: pool_sig 0000068c, data_sig fffffdcb, bytes_mixed 20 e7f555d9 e8ce5c3c
[    5.576292] md: Waiting for all devices to be available before autodetect
[    5.576388] md: If you don't use raid, use raid=noautodetect
[    5.576553] md: Autodetecting RAID arrays.
[    5.576641] md: Scanned 0 and added 0 devices.
[    5.576728] md: autorun ...
[    5.576810] md: ... autorun DONE.
[    5.598434] EXT3-fs: sda2: couldn't mount because of unsupported optional features (240).
[    5.598663] EXT2-fs: sda2: couldn't mount because of unsupported optional features (240).
[    5.599947] random 0000 0000 0000 e7f555d9 e8ce5c3c: rand_read_num 10 get_random_bytes(4): sig ffffff72 e7f555d9 e8ce5c3c
[    5.599950] random 0000 0000 0000 e7f555d9 e8ce5c3c: extract_entropy(.. 4 ..)
[    5.599952] random 0000 0000 0000 e7f555d9 e8ce5c3c: going to reseed nonblocking with 64 bits (32 of 0 requested)
[    5.599954] random 0000 0000 0000 e7f555d9 e8ce5c3c: extract_entropy(.. 8 ..)
[    5.599956] random 0000 0000 0000 e7f555d9 e8ce5c3c: trying to extract 64 bits from input
[    5.599958] random 0000 0000 0000 e7f555d9 e8ce5c3c: debiting 0 entropy credits from input
[    5.599960] random 0000 0000 0000 e7f555d9 e8ce5c3c: extract_entropy account returned: 0 
[    5.599964] random 0000 0000 0000 e7f555d9 e8ce5c3c: urand_change_num 45 xfer_secondary_pool(4): pool_sig ffffff72, data_sig 00000000, bytes_mixed 0 e7f555d9 e8ce5c3c
[    5.599966] random 0000 0000 0000 e7f555d9 e8ce5c3c: trying to extract 32 bits from nonblocking
[    5.599969] random 0000 0000 0000 e7f555d9 e8ce5c3c: debiting 32 entropy credits from nonblocking (unlimited)
[    5.599971] random 0000 0000 0000 e7f555d9 e8ce5c3c: extract_entropy account returned: 4 
[    5.599975] random 0000 0000 0000 e7f555d9 e8ce5c3c: urand_change_num 46 extract_buf: pool_sig ffffff72, data_sig ffffff72, bytes_mixed 20 e7f555d9 e8ce5c3c
[    5.628119] EXT4-fs (sda2): mounted filesystem with ordered data mode
[    5.628329] VFS: Mounted root (ext4 filesystem) readonly on device 8:2.
[    5.628432] Freeing unused kernel memory: 448k freed
[    5.698777] random 0000 0000 0000 91716c54 eeb6a1e7: rand_read_num 11 get_random_bytes(16): sig fffffcad 91716c54 eeb6a1e7
[    5.698780] random 0000 0000 0000 91716c54 eeb6a1e7: extract_entropy(.. 16 ..)
[    5.698783] random 0000 0000 0000 91716c54 eeb6a1e7: going to reseed nonblocking with 128 bits (128 of 0 requested)
[    5.698785] random 0000 0000 0000 91716c54 eeb6a1e7: extract_entropy(.. 16 ..)
[    5.698787] random 0000 0000 0000 91716c54 eeb6a1e7: trying to extract 128 bits from input
[    5.698789] random 0000 0000 0000 91716c54 eeb6a1e7: debiting 0 entropy credits from input
[    5.698791] random 0000 0000 0000 91716c54 eeb6a1e7: extract_entropy account returned: 0 
[    5.698794] random 0000 0000 0000 91716c54 eeb6a1e7: urand_change_num 47 xfer_secondary_pool(16): pool_sig fffffcad, data_sig 00000000, bytes_mixed 0 91716c54 eeb6a1e7
[    5.698797] random 0000 0000 0000 91716c54 eeb6a1e7: trying to extract 128 bits from nonblocking
[    5.698799] random 0000 0000 0000 91716c54 eeb6a1e7: debiting 128 entropy credits from nonblocking (unlimited)
[    5.698801] random 0000 0000 0000 91716c54 eeb6a1e7: extract_entropy account returned: 16 
[    5.698805] random 0000 0000 0000 91716c54 eeb6a1e7: urand_change_num 48 extract_buf: pool_sig fffffcad, data_sig ffffff19, bytes_mixed 20 91716c54 eeb6a1e7
[    5.698811] random 0000 0000 0000 fd637b06 6cf47bc1: urand_change_num 49 extract_buf: pool_sig fffffede, data_sig ffffffc1, bytes_mixed 20 fd637b06 6cf47bc1
[    5.777207] random 0000 0000 0000 fd637b06 6cf47bc1: rand_read_num 12 get_random_bytes(16): sig 0000033b fd637b06 6cf47bc1
[    5.777210] random 0000 0000 0000 fd637b06 6cf47bc1: extract_entropy(.. 16 ..)
[    5.777212] random 0000 0000 0000 fd637b06 6cf47bc1: going to reseed nonblocking with 128 bits (128 of 0 requested)
[    5.777215] random 0000 0000 0000 fd637b06 6cf47bc1: extract_entropy(.. 16 ..)
[    5.777217] random 0000 0000 0000 fd637b06 6cf47bc1: trying to extract 128 bits from input
[    5.777219] random 0000 0000 0000 fd637b06 6cf47bc1: debiting 0 entropy credits from input
[    5.777221] random 0000 0000 0000 fd637b06 6cf47bc1: extract_entropy account returned: 0 
[    5.777224] random 0000 0000 0000 fd637b06 6cf47bc1: urand_change_num 50 xfer_secondary_pool(16): pool_sig 0000033b, data_sig 00000000, bytes_mixed 0 fd637b06 6cf47bc1
[    5.777227] random 0000 0000 0000 fd637b06 6cf47bc1: trying to extract 128 bits from nonblocking
[    5.777229] random 0000 0000 0000 fd637b06 6cf47bc1: debiting 128 entropy credits from nonblocking (unlimited)
[    5.777231] random 0000 0000 0000 fd637b06 6cf47bc1: extract_entropy account returned: 16 
[    5.777235] random 0000 0000 0000 fd637b06 6cf47bc1: urand_change_num 51 extract_buf: pool_sig 0000033b, data_sig 000000d8, bytes_mixed 20 fd637b06 6cf47bc1
[    5.777241] random 0000 0000 0000 0ec1f012 d4727ca8: urand_change_num 52 extract_buf: pool_sig fffffcf5, data_sig 00000016, bytes_mixed 20 0ec1f012 d4727ca8
[    6.142199] ieee1394: Host added: ID:BUS[0-00:1023]  GUID[00061b032a25f51c]
[    6.151162] random 0000 0000 0000 45b1d0b1 845a73f7: rand_read_num 13 get_random_bytes(16): sig 00000116 45b1d0b1 845a73f7
[    6.151165] random 0000 0000 0000 45b1d0b1 845a73f7: extract_entropy(.. 16 ..)
[    6.151167] random 0000 0000 0000 45b1d0b1 845a73f7: going to reseed nonblocking with 128 bits (128 of 0 requested)
[    6.151170] random 0000 0000 0000 45b1d0b1 845a73f7: extract_entropy(.. 16 ..)
[    6.151172] random 0000 0000 0000 45b1d0b1 845a73f7: trying to extract 128 bits from input
[    6.151174] random 0000 0000 0000 45b1d0b1 845a73f7: debiting 0 entropy credits from input
[    6.151176] random 0000 0000 0000 45b1d0b1 845a73f7: extract_entropy account returned: 0 
[    6.151179] random 0000 0000 0000 45b1d0b1 845a73f7: urand_change_num 53 xfer_secondary_pool(16): pool_sig 00000116, data_sig 00000000, bytes_mixed 0 45b1d0b1 845a73f7
[    6.151182] random 0000 0000 0000 45b1d0b1 845a73f7: trying to extract 128 bits from nonblocking
[    6.151184] random 0000 0000 0000 45b1d0b1 845a73f7: debiting 128 entropy credits from nonblocking (unlimited)
[    6.151186] random 0000 0000 0000 45b1d0b1 845a73f7: extract_entropy account returned: 16 
[    6.151191] random 0000 0000 0000 45b1d0b1 845a73f7: urand_change_num 54 extract_buf: pool_sig 00000116, data_sig fffffd8b, bytes_mixed 20 45b1d0b1 845a73f7
[    6.151196] random 0000 0000 0000 45b1d0b1 845a73f7: urand_change_num 55 extract_buf: pool_sig fffffc05, data_sig 00000109, bytes_mixed 20 45b1d0b1 845a73f7
[    6.203666] random 0000 0000 0000 5012cce3 b8a30621: rand_read_num 14 get_random_bytes(16): sig fffffb93 5012cce3 b8a30621
[    6.203669] random 0000 0000 0000 5012cce3 b8a30621: extract_entropy(.. 16 ..)
[    6.203672] random 0000 0000 0000 5012cce3 b8a30621: going to reseed nonblocking with 128 bits (128 of 0 requested)
[    6.203674] random 0000 0000 0000 5012cce3 b8a30621: extract_entropy(.. 16 ..)
[    6.203676] random 0000 0000 0000 5012cce3 b8a30621: trying to extract 128 bits from input
[    6.203678] random 0000 0000 0000 5012cce3 b8a30621: debiting 0 entropy credits from input
[    6.203680] random 0000 0000 0000 5012cce3 b8a30621: extract_entropy account returned: 0 
[    6.203683] random 0000 0000 0000 5012cce3 b8a30621: urand_change_num 56 xfer_secondary_pool(16): pool_sig fffffb93, data_sig 00000000, bytes_mixed 0 5012cce3 b8a30621
[    6.203686] random 0000 0000 0000 5012cce3 b8a30621: trying to extract 128 bits from nonblocking
[    6.203688] random 0000 0000 0000 5012cce3 b8a30621: debiting 128 entropy credits from nonblocking (unlimited)
[    6.203691] random 0000 0000 0000 5012cce3 b8a30621: extract_entropy account returned: 16 
[    6.203695] random 0000 0000 0000 5012cce3 b8a30621: urand_change_num 57 extract_buf: pool_sig fffffb93, data_sig ffffff35, bytes_mixed 20 5012cce3 b8a30621
[    6.203700] random 0000 0000 0000 5012cce3 b8a30621: urand_change_num 58 extract_buf: pool_sig fffffb9d, data_sig ffffff92, bytes_mixed 20 5012cce3 b8a30621
[    6.205065] random 0000 0000 0000 30a5721d 4b648ff6: rand_read_num 15 get_random_bytes(16): sig fffffeb5 30a5721d 4b648ff6
[    6.205067] random 0000 0000 0000 30a5721d 4b648ff6: extract_entropy(.. 16 ..)
[    6.205070] random 0000 0000 0000 30a5721d 4b648ff6: going to reseed nonblocking with 128 bits (128 of 0 requested)
[    6.205072] random 0000 0000 0000 30a5721d 4b648ff6: extract_entropy(.. 16 ..)
[    6.205075] random 0000 0000 0000 30a5721d 4b648ff6: trying to extract 128 bits from input
[    6.205077] random 0000 0000 0000 30a5721d 4b648ff6: debiting 0 entropy credits from input
[    6.205079] random 0000 0000 0000 30a5721d 4b648ff6: extract_entropy account returned: 0 
[    6.205082] random 0000 0000 0000 30a5721d 4b648ff6: urand_change_num 59 xfer_secondary_pool(16): pool_sig fffffeb5, data_sig 00000000, bytes_mixed 0 30a5721d 4b648ff6
[    6.205085] random 0000 0000 0000 30a5721d 4b648ff6: trying to extract 128 bits from nonblocking
[    6.205087] random 0000 0000 0000 30a5721d 4b648ff6: debiting 128 entropy credits from nonblocking (unlimited)
[    6.205089] random 0000 0000 0000 30a5721d 4b648ff6: extract_entropy account returned: 16 
[    6.205097] random 0000 0000 0000 30a5721d 4b648ff6: urand_change_num 60 extract_buf: pool_sig fffffeb5, data_sig 000000c2, bytes_mixed 20 30a5721d 4b648ff6
[    6.205103] random 0000 0000 0000 89bae1ab 704c432f: urand_change_num 61 extract_buf: pool_sig 0000006e, data_sig fffffefc, bytes_mixed 20 89bae1ab 704c432f
[    6.205646] random 0000 0000 0000 89bae1ab 704c432f: rand_read_num 16 get_random_bytes(16): sig fffffd99 89bae1ab 704c432f
[    6.205649] random 0000 0000 0000 89bae1ab 704c432f: extract_entropy(.. 16 ..)
[    6.205652] random 0000 0000 0000 89bae1ab 704c432f: going to reseed nonblocking with 128 bits (128 of 0 requested)
[    6.205654] random 0000 0000 0000 89bae1ab 704c432f: extract_entropy(.. 16 ..)
[    6.205656] random 0000 0000 0000 89bae1ab 704c432f: trying to extract 128 bits from input
[    6.205658] random 0000 0000 0000 89bae1ab 704c432f: debiting 0 entropy credits from input
[    6.205660] random 0000 0000 0000 89bae1ab 704c432f: extract_entropy account returned: 0 
[    6.205663] random 0000 0000 0000 89bae1ab 704c432f: urand_change_num 62 xfer_secondary_pool(16): pool_sig fffffd99, data_sig 00000000, bytes_mixed 0 89bae1ab 704c432f
[    6.205666] random 0000 0000 0000 89bae1ab 704c432f: trying to extract 128 bits from nonblocking
[    6.205668] random 0000 0000 0000 89bae1ab 704c432f: debiting 128 entropy credits from nonblocking (unlimited)
[    6.205671] random 0000 0000 0000 89bae1ab 704c432f: extract_entropy account returned: 16 
[    6.205675] random 0000 0000 0000 89bae1ab 704c432f: urand_change_num 63 extract_buf: pool_sig fffffd99, data_sig 00000204, bytes_mixed 20 89bae1ab 704c432f
[    6.205680] random 0000 0000 0000 6c298a02 2b1539f8: urand_change_num 64 extract_buf: pool_sig 00000124, data_sig fffffff5, bytes_mixed 20 6c298a02 2b1539f8
[    6.206580] random 0000 0000 0000 c77b8b35 70f6cab5: rand_read_num 17 get_random_bytes(16): sig 0000036b c77b8b35 70f6cab5
[    6.206582] random 0000 0000 0000 c77b8b35 70f6cab5: extract_entropy(.. 16 ..)
[    6.206585] random 0000 0000 0000 c77b8b35 70f6cab5: going to reseed nonblocking with 128 bits (128 of 0 requested)
[    6.206587] random 0000 0000 0000 c77b8b35 70f6cab5: extract_entropy(.. 16 ..)
[    6.206589] random 0000 0000 0000 c77b8b35 70f6cab5: trying to extract 128 bits from input
[    6.206591] random 0000 0000 0000 c77b8b35 70f6cab5: debiting 0 entropy credits from input
[    6.206593] random 0000 0000 0000 c77b8b35 70f6cab5: extract_entropy account returned: 0 
[    6.206597] random 0000 0000 0000 c77b8b35 70f6cab5: urand_change_num 65 xfer_secondary_pool(16): pool_sig 0000036b, data_sig 00000000, bytes_mixed 0 c77b8b35 70f6cab5
[    6.206600] random 0000 0000 0000 c77b8b35 70f6cab5: trying to extract 128 bits from nonblocking
[    6.206602] random 0000 0000 0000 c77b8b35 70f6cab5: debiting 128 entropy credits from nonblocking (unlimited)
[    6.206604] random 0000 0000 0000 c77b8b35 70f6cab5: extract_entropy account returned: 16 
[    6.206608] random 0000 0000 0000 c77b8b35 70f6cab5: urand_change_num 66 extract_buf: pool_sig 0000036b, data_sig 0000005f, bytes_mixed 20 c77b8b35 70f6cab5
[    6.206614] random 0000 0000 0000 c77b8b35 70f6cab5: urand_change_num 67 extract_buf: pool_sig ffffff1c, data_sig 0000005a, bytes_mixed 20 c77b8b35 70f6cab5
[    6.207205] random 0000 0000 0000 af21d212 57d20ca3: rand_read_num 18 get_random_bytes(16): sig fffffb7f af21d212 57d20ca3
[    6.207208] random 0000 0000 0000 af21d212 57d20ca3: extract_entropy(.. 16 ..)
[    6.207210] random 0000 0000 0000 af21d212 57d20ca3: going to reseed nonblocking with 128 bits (128 of 0 requested)
[    6.207213] random 0000 0000 0000 af21d212 57d20ca3: extract_entropy(.. 16 ..)
[    6.207215] random 0000 0000 0000 af21d212 57d20ca3: trying to extract 128 bits from input
[    6.207217] random 0000 0000 0000 af21d212 57d20ca3: debiting 0 entropy credits from input
[    6.207219] random 0000 0000 0000 af21d212 57d20ca3: extract_entropy account returned: 0 
[    6.207222] random 0000 0000 0000 af21d212 57d20ca3: urand_change_num 68 xfer_secondary_pool(16): pool_sig fffffb7f, data_sig 00000000, bytes_mixed 0 af21d212 57d20ca3
[    6.207225] random 0000 0000 0000 af21d212 57d20ca3: trying to extract 128 bits from nonblocking
[    6.207227] random 0000 0000 0000 af21d212 57d20ca3: debiting 128 entropy credits from nonblocking (unlimited)
[    6.207230] random 0000 0000 0000 af21d212 57d20ca3: extract_entropy account returned: 16 
[    6.207234] random 0000 0000 0000 af21d212 57d20ca3: urand_change_num 69 extract_buf: pool_sig fffffb7f, data_sig ffffff88, bytes_mixed 20 af21d212 57d20ca3
[    6.207239] random 0000 0000 0000 af21d212 57d20ca3: urand_change_num 70 extract_buf: pool_sig fffffe1d, data_sig ffffff17, bytes_mixed 20 af21d212 57d20ca3
[    6.207823] random 0000 0000 0000 ffbd26fd 21933274: rand_read_num 19 get_random_bytes(16): sig ffffffc7 ffbd26fd 21933274
[    6.207826] random 0000 0000 0000 ffbd26fd 21933274: extract_entropy(.. 16 ..)
[    6.207829] random 0000 0000 0000 ffbd26fd 21933274: going to reseed nonblocking with 128 bits (128 of 0 requested)
[    6.207831] random 0000 0000 0000 ffbd26fd 21933274: extract_entropy(.. 16 ..)
[    6.207833] random 0000 0000 0000 ffbd26fd 21933274: trying to extract 128 bits from input
[    6.207835] random 0000 0000 0000 ffbd26fd 21933274: debiting 0 entropy credits from input
[    6.207837] random 0000 0000 0000 ffbd26fd 21933274: extract_entropy account returned: 0 
[    6.207840] random 0000 0000 0000 ffbd26fd 21933274: urand_change_num 71 xfer_secondary_pool(16): pool_sig ffffffc7, data_sig 00000000, bytes_mixed 0 ffbd26fd 21933274
[    6.207843] random 0000 0000 0000 ffbd26fd 21933274: trying to extract 128 bits from nonblocking
[    6.207845] random 0000 0000 0000 ffbd26fd 21933274: debiting 128 entropy credits from nonblocking (unlimited)
[    6.207847] random 0000 0000 0000 ffbd26fd 21933274: extract_entropy account returned: 16 
[    6.207852] random 0000 0000 0000 ffbd26fd 21933274: urand_change_num 72 extract_buf: pool_sig ffffffc7, data_sig 0000013b, bytes_mixed 20 ffbd26fd 21933274
[    6.207857] random 0000 0000 0000 151530a2 56c65dd3: urand_change_num 73 extract_buf: pool_sig ffffffbf, data_sig 00000036, bytes_mixed 20 151530a2 56c65dd3
[    6.208416] random 0000 0000 0000 151530a2 56c65dd3: rand_read_num 20 get_random_bytes(16): sig 000001a7 151530a2 56c65dd3
[    6.208419] random 0000 0000 0000 151530a2 56c65dd3: extract_entropy(.. 16 ..)
[    6.208421] random 0000 0000 0000 151530a2 56c65dd3: going to reseed nonblocking with 128 bits (128 of 0 requested)
[    6.208424] random 0000 0000 0000 151530a2 56c65dd3: extract_entropy(.. 16 ..)
[    6.208426] random 0000 0000 0000 151530a2 56c65dd3: trying to extract 128 bits from input
[    6.208428] random 0000 0000 0000 151530a2 56c65dd3: debiting 0 entropy credits from input
[    6.208430] random 0000 0000 0000 151530a2 56c65dd3: extract_entropy account returned: 0 
[    6.208433] random 0000 0000 0000 151530a2 56c65dd3: urand_change_num 74 xfer_secondary_pool(16): pool_sig 000001a7, data_sig 00000000, bytes_mixed 0 151530a2 56c65dd3
[    6.208436] random 0000 0000 0000 151530a2 56c65dd3: trying to extract 128 bits from nonblocking
[    6.208438] random 0000 0000 0000 151530a2 56c65dd3: debiting 128 entropy credits from nonblocking (unlimited)
[    6.208440] random 0000 0000 0000 151530a2 56c65dd3: extract_entropy account returned: 16 
[    6.208445] random 0000 0000 0000 151530a2 56c65dd3: urand_change_num 75 extract_buf: pool_sig 000001a7, data_sig ffffffa1, bytes_mixed 20 151530a2 56c65dd3
[    6.208450] random 0000 0000 0000 5d3e132e d9a77eb3: urand_change_num 76 extract_buf: pool_sig fffffcc9, data_sig 00000013, bytes_mixed 20 5d3e132e d9a77eb3
[    6.259483] random 0000 0000 0000 264837ad 0a28fef5: rand_read_num 21 get_random_bytes(16): sig ffffffd0 264837ad 0a28fef5
[    6.259486] random 0000 0000 0000 264837ad 0a28fef5: extract_entropy(.. 16 ..)
[    6.259489] random 0000 0000 0000 264837ad 0a28fef5: going to reseed nonblocking with 128 bits (128 of 0 requested)
[    6.259491] random 0000 0000 0000 264837ad 0a28fef5: extract_entropy(.. 16 ..)
[    6.259494] random 0000 0000 0000 264837ad 0a28fef5: trying to extract 128 bits from input
[    6.259496] random 0000 0000 0000 264837ad 0a28fef5: debiting 0 entropy credits from input
[    6.259498] random 0000 0000 0000 264837ad 0a28fef5: extract_entropy account returned: 0 
[    6.259501] random 0000 0000 0000 264837ad 0a28fef5: urand_change_num 77 xfer_secondary_pool(16): pool_sig ffffffd0, data_sig 00000000, bytes_mixed 0 264837ad 0a28fef5
[    6.259504] random 0000 0000 0000 264837ad 0a28fef5: trying to extract 128 bits from nonblocking
[    6.259506] random 0000 0000 0000 264837ad 0a28fef5: debiting 128 entropy credits from nonblocking (unlimited)
[    6.259508] random 0000 0000 0000 264837ad 0a28fef5: extract_entropy account returned: 16 
[    6.259513] random 0000 0000 0000 264837ad 0a28fef5: urand_change_num 78 extract_buf: pool_sig ffffffd0, data_sig 0000017b, bytes_mixed 20 264837ad 0a28fef5
[    6.259518] random 0000 0000 0000 264837ad 0a28fef5: urand_change_num 79 extract_buf: pool_sig 0000045c, data_sig 000001df, bytes_mixed 20 264837ad 0a28fef5
[    6.260973] random 0000 0000 0000 f37f7344 164aede0: rand_read_num 22 get_random_bytes(16): sig 000003c2 f37f7344 164aede0
[    6.260976] random 0000 0000 0000 f37f7344 164aede0: extract_entropy(.. 16 ..)
[    6.260979] random 0000 0000 0000 f37f7344 164aede0: going to reseed nonblocking with 128 bits (128 of 0 requested)
[    6.260981] random 0000 0000 0000 f37f7344 164aede0: extract_entropy(.. 16 ..)
[    6.260983] random 0000 0000 0000 f37f7344 164aede0: trying to extract 128 bits from input
[    6.260985] random 0000 0000 0000 f37f7344 164aede0: debiting 0 entropy credits from input
[    6.260987] random 0000 0000 0000 f37f7344 164aede0: extract_entropy account returned: 0 
[    6.260991] random 0000 0000 0000 f37f7344 164aede0: urand_change_num 80 xfer_secondary_pool(16): pool_sig 000003c2, data_sig 00000000, bytes_mixed 0 f37f7344 164aede0
[    6.260993] random 0000 0000 0000 f37f7344 164aede0: trying to extract 128 bits from nonblocking
[    6.260996] random 0000 0000 0000 f37f7344 164aede0: debiting 128 entropy credits from nonblocking (unlimited)
[    6.260998] random 0000 0000 0000 f37f7344 164aede0: extract_entropy account returned: 16 
[    6.261002] random 0000 0000 0000 f37f7344 164aede0: urand_change_num 81 extract_buf: pool_sig 000003c2, data_sig ffffff6c, bytes_mixed 20 f37f7344 164aede0
[    6.261007] random 0000 0000 0000 f37f7344 164aede0: urand_change_num 82 extract_buf: pool_sig fffffdfc, data_sig 00000091, bytes_mixed 20 f37f7344 164aede0
[    6.283782] random 0000 0000 0000 a4794863 878070c1: rand_read_num 23 get_random_bytes(16): sig 0000011b a4794863 878070c1
[    6.283785] random 0000 0000 0000 a4794863 878070c1: extract_entropy(.. 16 ..)
[    6.283788] random 0000 0000 0000 a4794863 878070c1: going to reseed nonblocking with 128 bits (128 of 0 requested)
[    6.283790] random 0000 0000 0000 a4794863 878070c1: extract_entropy(.. 16 ..)
[    6.283792] random 0000 0000 0000 a4794863 878070c1: trying to extract 128 bits from input
[    6.283794] random 0000 0000 0000 a4794863 878070c1: debiting 0 entropy credits from input
[    6.283796] random 0000 0000 0000 a4794863 878070c1: extract_entropy account returned: 0 
[    6.283799] random 0000 0000 0000 a4794863 878070c1: urand_change_num 83 xfer_secondary_pool(16): pool_sig 0000011b, data_sig 00000000, bytes_mixed 0 a4794863 878070c1
[    6.283802] random 0000 0000 0000 a4794863 878070c1: trying to extract 128 bits from nonblocking
[    6.283804] random 0000 0000 0000 a4794863 878070c1: debiting 128 entropy credits from nonblocking (unlimited)
[    6.283807] random 0000 0000 0000 a4794863 878070c1: extract_entropy account returned: 16 
[    6.283811] random 0000 0000 0000 a4794863 878070c1: urand_change_num 84 extract_buf: pool_sig 0000011b, data_sig ffffff51, bytes_mixed 20 a4794863 878070c1
[    6.283816] random 0000 0000 0000 737f19b4 9417d8ab: urand_change_num 85 extract_buf: pool_sig 000001a3, data_sig 0000006c, bytes_mixed 20 737f19b4 9417d8ab
[    6.287878] random 0000 0000 0000 737f19b4 9417d8ab: rand_read_num 24 get_random_bytes(16): sig fffffe22 737f19b4 9417d8ab
[    6.287881] random 0000 0000 0000 737f19b4 9417d8ab: extract_entropy(.. 16 ..)
[    6.287884] random 0000 0000 0000 737f19b4 9417d8ab: going to reseed nonblocking with 128 bits (128 of 0 requested)
[    6.287886] random 0000 0000 0000 737f19b4 9417d8ab: extract_entropy(.. 16 ..)
[    6.287888] random 0000 0000 0000 737f19b4 9417d8ab: trying to extract 128 bits from input
[    6.287890] random 0000 0000 0000 737f19b4 9417d8ab: debiting 0 entropy credits from input
[    6.287892] random 0000 0000 0000 737f19b4 9417d8ab: extract_entropy account returned: 0 
[    6.287895] random 0000 0000 0000 737f19b4 9417d8ab: urand_change_num 86 xfer_secondary_pool(16): pool_sig fffffe22, data_sig 00000000, bytes_mixed 0 737f19b4 9417d8ab
[    6.287898] random 0000 0000 0000 737f19b4 9417d8ab: trying to extract 128 bits from nonblocking
[    6.287900] random 0000 0000 0000 737f19b4 9417d8ab: debiting 128 entropy credits from nonblocking (unlimited)
[    6.287902] random 0000 0000 0000 737f19b4 9417d8ab: extract_entropy account returned: 16 
[    6.287907] random 0000 0000 0000 737f19b4 9417d8ab: urand_change_num 87 extract_buf: pool_sig fffffe22, data_sig 00000230, bytes_mixed 20 737f19b4 9417d8ab
[    6.287912] random 0000 0000 0000 4deb0d06 1236af4c: urand_change_num 88 extract_buf: pool_sig 000000b6, data_sig ffffff44, bytes_mixed 20 4deb0d06 1236af4c
[    6.288911] random 0000 0000 0000 b538fadc 4a7613df: rand_read_num 25 get_random_bytes(16): sig 0000013c b538fadc 4a7613df
[    6.288914] random 0000 0000 0000 b538fadc 4a7613df: extract_entropy(.. 16 ..)
[    6.288917] random 0000 0000 0000 b538fadc 4a7613df: going to reseed nonblocking with 128 bits (128 of 0 requested)
[    6.288919] random 0000 0000 0000 b538fadc 4a7613df: extract_entropy(.. 16 ..)
[    6.288921] random 0000 0000 0000 b538fadc 4a7613df: trying to extract 128 bits from input
[    6.288923] random 0000 0000 0000 b538fadc 4a7613df: debiting 0 entropy credits from input
[    6.288925] random 0000 0000 0000 b538fadc 4a7613df: extract_entropy account returned: 0 
[    6.288929] random 0000 0000 0000 b538fadc 4a7613df: urand_change_num 89 xfer_secondary_pool(16): pool_sig 0000013c, data_sig 00000000, bytes_mixed 0 b538fadc 4a7613df
[    6.288931] random 0000 0000 0000 b538fadc 4a7613df: trying to extract 128 bits from nonblocking
[    6.288934] random 0000 0000 0000 b538fadc 4a7613df: debiting 128 entropy credits from nonblocking (unlimited)
[    6.288936] random 0000 0000 0000 b538fadc 4a7613df: extract_entropy account returned: 16 
[    6.288940] random 0000 0000 0000 b538fadc 4a7613df: urand_change_num 90 extract_buf: pool_sig 0000013c, data_sig 00000015, bytes_mixed 20 b538fadc 4a7613df
[    6.288945] random 0000 0000 0000 b538fadc 4a7613df: urand_change_num 91 extract_buf: pool_sig 00000452, data_sig 0000002b, bytes_mixed 20 b538fadc 4a7613df
[    6.289402] random 0000 0000 0000 73b17df4 93bb370e: rand_read_num 26 get_random_bytes(16): sig fffffbf1 73b17df4 93bb370e
[    6.289405] random 0000 0000 0000 73b17df4 93bb370e: extract_entropy(.. 16 ..)
[    6.289407] random 0000 0000 0000 73b17df4 93bb370e: going to reseed nonblocking with 128 bits (128 of 0 requested)
[    6.289410] random 0000 0000 0000 73b17df4 93bb370e: extract_entropy(.. 16 ..)
[    6.289412] random 0000 0000 0000 73b17df4 93bb370e: trying to extract 128 bits from input
[    6.289414] random 0000 0000 0000 73b17df4 93bb370e: debiting 0 entropy credits from input
[    6.289416] random 0000 0000 0000 73b17df4 93bb370e: extract_entropy account returned: 0 
[    6.289419] random 0000 0000 0000 73b17df4 93bb370e: urand_change_num 92 xfer_secondary_pool(16): pool_sig fffffbf1, data_sig 00000000, bytes_mixed 0 73b17df4 93bb370e
[    6.289422] random 0000 0000 0000 73b17df4 93bb370e: trying to extract 128 bits from nonblocking
[    6.289424] random 0000 0000 0000 73b17df4 93bb370e: debiting 128 entropy credits from nonblocking (unlimited)
[    6.289426] random 0000 0000 0000 73b17df4 93bb370e: extract_entropy account returned: 16 
[    6.289431] random 0000 0000 0000 73b17df4 93bb370e: urand_change_num 93 extract_buf: pool_sig fffffbf1, data_sig ffffff99, bytes_mixed 20 73b17df4 93bb370e
[    6.289436] random 0000 0000 0000 73b17df4 93bb370e: urand_change_num 94 extract_buf: pool_sig fffffe1d, data_sig 000000b0, bytes_mixed 20 73b17df4 93bb370e
[    6.289838] random 0000 0000 0000 0cd682bb ba04da9f: rand_read_num 27 get_random_bytes(16): sig fffffccb 0cd682bb ba04da9f
[    6.289841] random 0000 0000 0000 0cd682bb ba04da9f: extract_entropy(.. 16 ..)
[    6.289843] random 0000 0000 0000 0cd682bb ba04da9f: going to reseed nonblocking with 128 bits (128 of 0 requested)
[    6.289846] random 0000 0000 0000 0cd682bb ba04da9f: extract_entropy(.. 16 ..)
[    6.289848] random 0000 0000 0000 0cd682bb ba04da9f: trying to extract 128 bits from input
[    6.289850] random 0000 0000 0000 0cd682bb ba04da9f: debiting 0 entropy credits from input
[    6.289852] random 0000 0000 0000 0cd682bb ba04da9f: extract_entropy account returned: 0 
[    6.289855] random 0000 0000 0000 0cd682bb ba04da9f: urand_change_num 95 xfer_secondary_pool(16): pool_sig fffffccb, data_sig 00000000, bytes_mixed 0 0cd682bb ba04da9f
[    6.289858] random 0000 0000 0000 0cd682bb ba04da9f: trying to extract 128 bits from nonblocking
[    6.289860] random 0000 0000 0000 0cd682bb ba04da9f: debiting 128 entropy credits from nonblocking (unlimited)
[    6.289863] random 0000 0000 0000 0cd682bb ba04da9f: extract_entropy account returned: 16 
[    6.289867] random 0000 0000 0000 0cd682bb ba04da9f: urand_change_num 96 extract_buf: pool_sig fffffccb, data_sig fffffec5, bytes_mixed 20 0cd682bb ba04da9f
[    6.289872] random 0000 0000 0000 26929f1a 15254dc1: urand_change_num 97 extract_buf: pool_sig fffffed2, data_sig ffffffb1, bytes_mixed 20 26929f1a 15254dc1
[    6.290749] random 0000 0000 0000 26929f1a 15254dc1: rand_read_num 28 get_random_bytes(16): sig 00000038 26929f1a 15254dc1
[    6.290751] random 0000 0000 0000 26929f1a 15254dc1: extract_entropy(.. 16 ..)
[    6.290754] random 0000 0000 0000 26929f1a 15254dc1: going to reseed nonblocking with 128 bits (128 of 0 requested)
[    6.290756] random 0000 0000 0000 26929f1a 15254dc1: extract_entropy(.. 16 ..)
[    6.290758] random 0000 0000 0000 26929f1a 15254dc1: trying to extract 128 bits from input
[    6.290761] random 0000 0000 0000 26929f1a 15254dc1: debiting 0 entropy credits from input
[    6.290763] random 0000 0000 0000 26929f1a 15254dc1: extract_entropy account returned: 0 
[    6.290766] random 0000 0000 0000 26929f1a 15254dc1: urand_change_num 98 xfer_secondary_pool(16): pool_sig 00000038, data_sig 00000000, bytes_mixed 0 26929f1a 15254dc1
[    6.290769] random 0000 0000 0000 26929f1a 15254dc1: trying to extract 128 bits from nonblocking
[    6.290771] random 0000 0000 0000 26929f1a 15254dc1: debiting 128 entropy credits from nonblocking (unlimited)
[    6.290773] random 0000 0000 0000 26929f1a 15254dc1: extract_entropy account returned: 16 
[    6.290777] random 0000 0000 0000 26929f1a 15254dc1: urand_change_num 99 extract_buf: pool_sig 00000038, data_sig 000000fd, bytes_mixed 20 26929f1a 15254dc1
[    6.290783] random 0000 0000 0000 8116fe3b 478c2d5b: urand_change_num 100 extract_buf: pool_sig 00000059, data_sig 00000310, bytes_mixed 20 8116fe3b 478c2d5b
[    6.297422] random 0000 0000 0000 a20f4a3a 32a6b2fa: rand_read_num 29 get_random_bytes(16): sig 000002c0 a20f4a3a 32a6b2fa
[    6.297425] random 0000 0000 0000 a20f4a3a 32a6b2fa: extract_entropy(.. 16 ..)
[    6.297428] random 0000 0000 0000 a20f4a3a 32a6b2fa: going to reseed nonblocking with 128 bits (128 of 0 requested)
[    6.297430] random 0000 0000 0000 a20f4a3a 32a6b2fa: extract_entropy(.. 16 ..)
[    6.297432] random 0000 0000 0000 a20f4a3a 32a6b2fa: trying to extract 128 bits from input
[    6.297434] random 0000 0000 0000 a20f4a3a 32a6b2fa: debiting 0 entropy credits from input
[    6.297436] random 0000 0000 0000 a20f4a3a 32a6b2fa: extract_entropy account returned: 0 
[    6.297439] random 0000 0000 0000 a20f4a3a 32a6b2fa: urand_change_num 101 xfer_secondary_pool(16): pool_sig 000002c0, data_sig 00000000, bytes_mixed 0 a20f4a3a 32a6b2fa
[    6.297442] random 0000 0000 0000 a20f4a3a 32a6b2fa: trying to extract 128 bits from nonblocking
[    6.297444] random 0000 0000 0000 a20f4a3a 32a6b2fa: debiting 128 entropy credits from nonblocking (unlimited)
[    6.297446] random 0000 0000 0000 a20f4a3a 32a6b2fa: extract_entropy account returned: 16 
[    6.297451] random 0000 0000 0000 a20f4a3a 32a6b2fa: urand_change_num 102 extract_buf: pool_sig 000002c0, data_sig 000000fb, bytes_mixed 20 a20f4a3a 32a6b2fa
[    6.297456] random 0000 0000 0000 a20f4a3a 32a6b2fa: urand_change_num 103 extract_buf: pool_sig ffffffdd, data_sig 000000a5, bytes_mixed 20 a20f4a3a 32a6b2fa
[    6.309953] random 0000 0000 0000 de716d2a 6c4757e1: rand_read_num 30 get_random_bytes(16): sig 000000fa de716d2a 6c4757e1
[    6.309955] random 0000 0000 0000 de716d2a 6c4757e1: extract_entropy(.. 16 ..)
[    6.309958] random 0000 0000 0000 de716d2a 6c4757e1: going to reseed nonblocking with 128 bits (128 of 0 requested)
[    6.309960] random 0000 0000 0000 de716d2a 6c4757e1: extract_entropy(.. 16 ..)
[    6.309962] random 0000 0000 0000 de716d2a 6c4757e1: trying to extract 128 bits from input
[    6.309964] random 0000 0000 0000 de716d2a 6c4757e1: debiting 0 entropy credits from input
[    6.309966] random 0000 0000 0000 de716d2a 6c4757e1: extract_entropy account returned: 0 
[    6.309970] random 0000 0000 0000 de716d2a 6c4757e1: urand_change_num 104 xfer_secondary_pool(16): pool_sig 000000fa, data_sig 00000000, bytes_mixed 0 de716d2a 6c4757e1
[    6.309972] random 0000 0000 0000 de716d2a 6c4757e1: trying to extract 128 bits from nonblocking
[    6.309975] random 0000 0000 0000 de716d2a 6c4757e1: debiting 128 entropy credits from nonblocking (unlimited)
[    6.309977] random 0000 0000 0000 de716d2a 6c4757e1: extract_entropy account returned: 16 
[    6.309981] random 0000 0000 0000 de716d2a 6c4757e1: urand_change_num 105 extract_buf: pool_sig 000000fa, data_sig ffffff34, bytes_mixed 20 de716d2a 6c4757e1
[    6.309987] random 0000 0000 0000 de716d2a 6c4757e1: urand_change_num 106 extract_buf: pool_sig 000003d3, data_sig ffffff30, bytes_mixed 20 de716d2a 6c4757e1
[    6.310572] random 0000 0000 0000 a7c511e1 f90ea457: rand_read_num 31 get_random_bytes(16): sig 0000009a a7c511e1 f90ea457
[    6.310575] random 0000 0000 0000 a7c511e1 f90ea457: extract_entropy(.. 16 ..)
[    6.310578] random 0000 0000 0000 a7c511e1 f90ea457: going to reseed nonblocking with 128 bits (128 of 0 requested)
[    6.310580] random 0000 0000 0000 a7c511e1 f90ea457: extract_entropy(.. 16 ..)
[    6.310582] random 0000 0000 0000 a7c511e1 f90ea457: trying to extract 128 bits from input
[    6.310584] random 0000 0000 0000 a7c511e1 f90ea457: debiting 0 entropy credits from input
[    6.310586] random 0000 0000 0000 a7c511e1 f90ea457: extract_entropy account returned: 0 
[    6.310589] random 0000 0000 0000 a7c511e1 f90ea457: urand_change_num 107 xfer_secondary_pool(16): pool_sig 0000009a, data_sig 00000000, bytes_mixed 0 a7c511e1 f90ea457
[    6.310592] random 0000 0000 0000 a7c511e1 f90ea457: trying to extract 128 bits from nonblocking
[    6.310594] random 0000 0000 0000 a7c511e1 f90ea457: debiting 128 entropy credits from nonblocking (unlimited)
[    6.310597] random 0000 0000 0000 a7c511e1 f90ea457: extract_entropy account returned: 16 
[    6.310601] random 0000 0000 0000 a7c511e1 f90ea457: urand_change_num 108 extract_buf: pool_sig 0000009a, data_sig 000000e0, bytes_mixed 20 a7c511e1 f90ea457
[    6.310606] random 0000 0000 0000 7c18c7e6 d65ccb06: urand_change_num 109 extract_buf: pool_sig fffffa79, data_sig 000000e0, bytes_mixed 20 7c18c7e6 d65ccb06
[    6.311201] random 0000 0000 0000 7c18c7e6 d65ccb06: rand_read_num 32 get_random_bytes(16): sig fffffe1e 7c18c7e6 d65ccb06
[    6.311203] random 0000 0000 0000 7c18c7e6 d65ccb06: extract_entropy(.. 16 ..)
[    6.311206] random 0000 0000 0000 7c18c7e6 d65ccb06: going to reseed nonblocking with 128 bits (128 of 0 requested)
[    6.311208] random 0000 0000 0000 7c18c7e6 d65ccb06: extract_entropy(.. 16 ..)
[    6.311210] random 0000 0000 0000 7c18c7e6 d65ccb06: trying to extract 128 bits from input
[    6.311212] random 0000 0000 0000 7c18c7e6 d65ccb06: debiting 0 entropy credits from input
[    6.311214] random 0000 0000 0000 7c18c7e6 d65ccb06: extract_entropy account returned: 0 
[    6.311217] random 0000 0000 0000 7c18c7e6 d65ccb06: urand_change_num 110 xfer_secondary_pool(16): pool_sig fffffe1e, data_sig 00000000, bytes_mixed 0 7c18c7e6 d65ccb06
[    6.311220] random 0000 0000 0000 7c18c7e6 d65ccb06: trying to extract 128 bits from nonblocking
[    6.311223] random 0000 0000 0000 7c18c7e6 d65ccb06: debiting 128 entropy credits from nonblocking (unlimited)
[    6.311225] random 0000 0000 0000 7c18c7e6 d65ccb06: extract_entropy account returned: 16 
