[    0.000000] random 0000 0000 0000 00000000 00000000: rand_read_num 1 get_random_bytes(8): sig 00000000 00000000 00000000
[    0.000000] random 0000 0000 0000 00000000 00000000: extract_entropy(.. 8 ..)
[    0.000000] random 0000 0000 0000 00000000 00000000: going to reseed nonblocking with 64 bits (64 of 0 requested)
[    0.000000] random 0000 0000 0000 00000000 00000000: extract_entropy(.. 8 ..)
[    0.000000] random 0000 0000 0000 00000000 00000000: trying to extract 64 bits from input
[    0.000000] random 0000 0000 0000 00000000 00000000: debiting 0 entropy credits from input
[    0.000000] random 0000 0000 0000 00000000 00000000: extract_entropy account returned: 0 
[    0.000000] random 0000 0000 0000 00000000 00000000: urand_change_num 1 xfer_secondary_pool(8): pool_sig 00000000, data_sig 00000000, bytes_mixed 0 00000000 00000000
[    0.000000] random 0000 0000 0000 00000000 00000000: trying to extract 64 bits from nonblocking
[    0.000000] random 0000 0000 0000 00000000 00000000: debiting 64 entropy credits from nonblocking (unlimited)
[    0.000000] random 0000 0000 0000 00000000 00000000: extract_entropy account returned: 8 
[    0.000000] random 0000 0000 0000 00000000 00000000: urand_change_num 2 extract_buf: pool_sig 00000000, data_sig fffffff9, bytes_mixed 20 00000000 00000000
[    0.000000] Linux version 2.6.32.57 (dcashman@dcashman-02) (gcc version 4.3.3 (GCC) ) #3 Fri May 24 04:27:34 PDT 2013
[    0.000000] KERNEL supported cpus:
[    0.000000]   Intel GenuineIntel
[    0.000000]   AMD AuthenticAMD
[    0.000000]   NSC Geode by NSC
[    0.000000]   Cyrix CyrixInstead
[    0.000000]   Centaur CentaurHauls
[    0.000000]   Transmeta GenuineTMx86
[    0.000000]   Transmeta TransmetaCPU
[    0.000000]   UMC UMC UMC UMC
[    0.000000] BIOS-provided physical RAM map:
[    0.000000]  BIOS-e820: 0000000000000000 - 000000000009d800 (usable)
[    0.000000]  BIOS-e820: 000000000009d800 - 00000000000a0000 (reserved)
[    0.000000]  BIOS-e820: 00000000000d2000 - 00000000000d4000 (reserved)
[    0.000000]  BIOS-e820: 00000000000e0000 - 0000000000100000 (reserved)
[    0.000000]  BIOS-e820: 0000000000100000 - 000000003d6b0000 (usable)
[    0.000000]  BIOS-e820: 000000003d6b0000 - 000000003d6cc000 (ACPI data)
[    0.000000]  BIOS-e820: 000000003d6cc000 - 000000003d700000 (ACPI NVS)
[    0.000000]  BIOS-e820: 000000003d700000 - 000000003e000000 (reserved)
[    0.000000]  BIOS-e820: 00000000f0000000 - 00000000f4000000 (reserved)
[    0.000000]  BIOS-e820: 00000000fec00000 - 00000000fec10000 (reserved)
[    0.000000]  BIOS-e820: 00000000fed00000 - 00000000fed00400 (reserved)
[    0.000000]  BIOS-e820: 00000000fed14000 - 00000000fed1a000 (reserved)
[    0.000000]  BIOS-e820: 00000000fed1c000 - 00000000fed90000 (reserved)
[    0.000000]  BIOS-e820: 00000000fee00000 - 00000000fee01000 (reserved)
[    0.000000]  BIOS-e820: 00000000ff000000 - 0000000100000000 (reserved)
[    0.000000] DMI present.
[    0.000000] last_pfn = 0x3d6b0 max_arch_pfn = 0x100000
[    0.000000] MTRR default type: uncachable
[    0.000000] MTRR fixed ranges enabled:
[    0.000000]   00000-9FFFF write-back
[    0.000000]   A0000-BFFFF uncachable
[    0.000000]   C0000-CFFFF write-protect
[    0.000000]   D0000-DFFFF uncachable
[    0.000000]   E0000-FFFFF write-protect
[    0.000000] MTRR variable ranges enabled:
[    0.000000]   0 base 03E000000 mask FFE000000 uncachable
[    0.000000]   1 base 000000000 mask FC0000000 write-back
[    0.000000]   2 base 03D700000 mask FFFF00000 uncachable
[    0.000000]   3 base 03D800000 mask FFF800000 uncachable
[    0.000000]   4 disabled
[    0.000000]   5 disabled
[    0.000000]   6 disabled
[    0.000000]   7 disabled
[    0.000000] initial memory mapped : 0 - 02000000
[    0.000000] init_memory_mapping: 0000000000000000-00000000377fe000
[    0.000000]  0000000000 - 0000400000 page 4k
[    0.000000]  0000400000 - 0037400000 page 2M
[    0.000000]  0037400000 - 00377fe000 page 4k
[    0.000000] kernel direct mapping tables up to 377fe000 @ 7000-c000
[    0.000000] ACPI: RSDP 000f68d0 00024 (v02 LENOVO)
[    0.000000] ACPI: XSDT 3d6bb77f 00094 (v01 LENOVO TP-7L    00002170  LTP 00000000)
[    0.000000] ACPI: FACP 3d6bb900 000F4 (v03 LENOVO TP-7L    00002170 LNVO 00000001)
[    0.000000] ACPI Warning: 32/64X length mismatch in Gpe1Block: 0/32 (20090903/tbfadt-526)
[    0.000000] ACPI Warning: Optional field Gpe1Block has zero address or length: 000000000000102C/0 (20090903/tbfadt-557)
[    0.000000] ACPI: DSDT 3d6bbd1d 0FED1 (v01 LENOVO TP-7L    00002170 MSFT 03000000)
[    0.000000] ACPI: FACS 3d6e4000 00040
[    0.000000] ACPI: SSDT 3d6bbab4 00269 (v01 LENOVO TP-7L    00002170 MSFT 03000000)
[    0.000000] ACPI: ECDT 3d6cbbee 00052 (v01 LENOVO TP-7L    00002170 LNVO 00000001)
[    0.000000] ACPI: TCPA 3d6cbc40 00032 (v02 LENOVO TP-7L    00002170 LNVO 00000001)
[    0.000000] ACPI: APIC 3d6cbc72 00068 (v01 LENOVO TP-7L    00002170 LNVO 00000001)
[    0.000000] ACPI: MCFG 3d6cbcda 0003C (v01 LENOVO TP-7L    00002170 LNVO 00000001)
[    0.000000] ACPI: HPET 3d6cbd16 00038 (v01 LENOVO TP-7L    00002170 LNVO 00000001)
[    0.000000] ACPI: SLIC 3d6cbdf0 00176 (v01 LENOVO TP-7L    00002170  LTP 00000000)
[    0.000000] ACPI: BOOT 3d6cbf66 00028 (v01 LENOVO TP-7L    00002170  LTP 00000001)
[    0.000000] ACPI: ASF! 3d6cbf8e 00072 (v16 LENOVO TP-7L    00002170 PTL  00000001)
[    0.000000] ACPI: SSDT 3d6e26d9 0025F (v01 LENOVO TP-7L    00002170 INTL 20050513)
[    0.000000] ACPI: SSDT 3d6e2938 000A6 (v01 LENOVO TP-7L    00002170 INTL 20050513)
[    0.000000] ACPI: SSDT 3d6e29de 004F7 (v01 LENOVO TP-7L    00002170 INTL 20050513)
[    0.000000] ACPI: SSDT 3d6e2ed5 001D8 (v01 LENOVO TP-7L    00002170 INTL 20050513)
[    0.000000] ACPI: DMI detected: Lenovo ThinkPad R61
[    0.000000] ACPI: Added _OSI(Linux)
[    0.000000] ACPI: Local APIC address 0xfee00000
[    0.000000] 94MB HIGHMEM available.
[    0.000000] 887MB LOWMEM available.
[    0.000000]   mapped low ram: 0 - 377fe000
[    0.000000]   low ram: 0 - 377fe000
[    0.000000]   node 0 low ram: 00000000 - 377fe000
[    0.000000]   node 0 bootmap 00008000 - 0000ef00
[    0.000000] (6 early reservations) ==> bootmem [0000000000 - 00377fe000]
[    0.000000]   #0 [0000000000 - 0000001000]   BIOS data page ==> [0000000000 - 0000001000]
[    0.000000]   #1 [0001000000 - 0001bdc180]    TEXT DATA BSS ==> [0001000000 - 0001bdc180]
[    0.000000]   #2 [000009d800 - 0000100000]    BIOS reserved ==> [000009d800 - 0000100000]
[    0.000000]   #3 [0001bdd000 - 0001be516c]              BRK ==> [0001bdd000 - 0001be516c]
[    0.000000]   #4 [0000007000 - 0000008000]          PGTABLE ==> [0000007000 - 0000008000]
[    0.000000]   #5 [0000008000 - 000000f000]          BOOTMAP ==> [0000008000 - 000000f000]
[    0.000000] found SMP MP-table at [c00f6900] f6900
[    0.000000] Zone PFN ranges:
[    0.000000]   DMA      0x00000000 -> 0x00001000
[    0.000000]   Normal   0x00001000 -> 0x000377fe
[    0.000000]   HighMem  0x000377fe -> 0x0003d6b0
[    0.000000] Movable zone start PFN for each node
[    0.000000] early_node_map[2] active PFN ranges
[    0.000000]     0: 0x00000000 -> 0x0000009d
[    0.000000]     0: 0x00000100 -> 0x0003d6b0
[    0.000000] On node 0 totalpages: 251469
[    0.000000] free_area_init_node: node 0, pgdat c1901ea0, node_mem_map c1be7000
[    0.000000]   DMA zone: 32 pages used for memmap
[    0.000000]   DMA zone: 0 pages reserved
[    0.000000]   DMA zone: 3965 pages, LIFO batch:0
[    0.000000]   Normal zone: 1744 pages used for memmap
[    0.000000]   Normal zone: 221486 pages, LIFO batch:31
[    0.000000]   HighMem zone: 190 pages used for memmap
[    0.000000]   HighMem zone: 24052 pages, LIFO batch:3
[    0.000000] Using APIC driver default
[    0.000000] ACPI: PM-Timer IO Port: 0x1008
[    0.000000] ACPI: Local APIC address 0xfee00000
[    0.000000] ACPI: LAPIC (acpi_id[0x00] lapic_id[0x00] enabled)
[    0.000000] ACPI: LAPIC (acpi_id[0x01] lapic_id[0x01] enabled)
[    0.000000] ACPI: NR_CPUS/possible_cpus limit of 1 reached.  Processor 1/0x1 ignored.
[    0.000000] ACPI: LAPIC_NMI (acpi_id[0x00] high edge lint[0x1])
[    0.000000] ACPI: LAPIC_NMI (acpi_id[0x01] high edge lint[0x1])
[    0.000000] ACPI: IOAPIC (id[0x01] address[0xfec00000] gsi_base[0])
[    0.000000] IOAPIC[0]: apic_id 1, version 32, address 0xfec00000, GSI 0-23
[    0.000000] ACPI: INT_SRC_OVR (bus 0 bus_irq 0 global_irq 2 dfl dfl)
[    0.000000] ACPI: INT_SRC_OVR (bus 0 bus_irq 9 global_irq 9 high level)
[    0.000000] ACPI: IRQ0 used by override.
[    0.000000] ACPI: IRQ2 used by override.
[    0.000000] ACPI: IRQ9 used by override.
[    0.000000] Using ACPI (MADT) for SMP configuration information
[    0.000000] ACPI: HPET id: 0x8086a201 base: 0xfed00000
[    0.000000] nr_irqs_gsi: 24
[    0.000000] PM: Registered nosave memory: 000000000009d000 - 000000000009e000
[    0.000000] PM: Registered nosave memory: 000000000009e000 - 00000000000a0000
[    0.000000] PM: Registered nosave memory: 00000000000a0000 - 00000000000d2000
[    0.000000] PM: Registered nosave memory: 00000000000d2000 - 00000000000d4000
[    0.000000] PM: Registered nosave memory: 00000000000d4000 - 00000000000e0000
[    0.000000] PM: Registered nosave memory: 00000000000e0000 - 0000000000100000
[    0.000000] Allocating PCI resources starting at 3e000000 (gap: 3e000000:b2000000)
[    0.000000] Built 1 zonelists in Zone order, mobility grouping on.  Total pages: 249503
[    0.000000] Kernel command line: auto BOOT_IMAGE=Linux ro root=802 vt.default_utf8=0 maxcpus=0
[    0.000000] PID hash table entries: 4096 (order: 2, 16384 bytes)
[    0.000000] Dentry cache hash table entries: 131072 (order: 7, 524288 bytes)
[    0.000000] Inode-cache hash table entries: 65536 (order: 6, 262144 bytes)
[    0.000000] Enabling fast FPU save and restore... done.
[    0.000000] Enabling unmasked SIMD FPU exception support... done.
[    0.000000] Initializing CPU#0
[    0.000000] Initializing HighMem for node 0 (000377fe:0003d6b0)
[    0.000000] Memory: 984800k/1006272k available (6914k kernel code, 20876k reserved, 2328k data, 448k init, 96968k highmem)
[    0.000000] virtual kernel memory layout:
[    0.000000]     fixmap  : 0xfffa3000 - 0xfffff000   ( 368 kB)
[    0.000000]     pkmap   : 0xff800000 - 0xffc00000   (4096 kB)
[    0.000000]     vmalloc : 0xf7ffe000 - 0xff7fe000   ( 120 MB)
[    0.000000]     lowmem  : 0xc0000000 - 0xf77fe000   ( 887 MB)
[    0.000000]       .init : 0xc1907000 - 0xc1977000   ( 448 kB)
[    0.000000]       .data : 0xc16c0b5f - 0xc1906c64   (2328 kB)
[    0.000000]       .text : 0xc1000000 - 0xc16c0b5f   (6914 kB)
[    0.000000] Checking if this processor honours the WP bit even in supervisor mode...Ok.
[    0.000000] SLUB: Genslabs=13, HWalign=64, Order=0-3, MinObjects=0, CPUs=1, Nodes=1
[    0.000000] Hierarchical RCU implementation.
[    0.000000] NR_IRQS:288
[    0.000000] Extended CMOS year: 2000
[    0.000000] Console: colour VGA+ 80x25
[    0.000000] console [tty0] enabled
[    0.000000] hpet clockevent registered
[    0.000000] Fast TSC calibration using PIT
[    0.000000] Detected 2094.950 MHz processor.
[    0.001001] Calibrating delay loop (skipped), value calculated using timer frequency.. 4189.90 BogoMIPS (lpj=2094950)
[    0.001171] Security Framework initialized
[    0.001256] Mount-cache hash table entries: 512
[    0.001403] CPU: L1 I cache: 32K, L1 D cache: 32K
[    0.001528] CPU: L2 cache: 3072K
[    0.002004] mce: CPU supports 6 MCE banks
[    0.002090] CPU0: Thermal monitoring enabled (TM2)
[    0.002173] using mwait in idle threads.
[    0.002256] CPU: Intel(R) Core(TM)2 Duo CPU     T8100  @ 2.10GHz stepping 06
[    0.002432] Checking 'hlt' instruction... OK.
[    0.006935] ACPI: Core revision 20090903
[    0.026018] CANARY value: 256ea6d8 for PID: 1
[    0.026046] Enabling APIC mode:  Flat.  Using 1 I/O APICs
[    0.026510] ..TIMER: vector=0x30 apic1=0 pin1=2 apic2=-1 pin2=-1
[    0.036997] xor: automatically using best checksumming function: pIII_sse
[    0.040998]    pIII_sse  :  8568.000 MB/sec
[    0.041077] xor: using function: pIII_sse (8568.000 MB/sec)
[    0.041163] RANDOM - __seed init called.
[    0.041164] RANDOM - __seed init called.
[    0.041165] RANDOM - __seed init called.
[    0.041166] RANDOM - __random32 called. Change num 1.  Value: e6b75c0e	845fdb3c	4764ecc7
[    0.041168] RANDOM - __random32 called. Change num 2.  Value: 75c0e1a6	45fdb3ca	d98f8871
[    0.041170] RANDOM - __random32 called. Change num 3.  Value: e1a6d3e	5fdb3ca9	10e2be79
[    0.041171] RANDOM - __random32 called. Change num 4.  Value: a6d3e877	fdb3ca90	7cf2fee9
[    0.041173] RANDOM - __random32 called. Change num 5.  Value: 3e877b7b	db3ca905	fdd36ca1
[    0.041175] RANDOM - __random32 called. Change num 6.  Value: 77b7ba3d	b3ca905b	d9426901
[    0.041176] RANDOM - random32 init called.  Value: 77b7ba3d	b3ca905b	d9426901
[    0.041194] NET: Registered protocol family 16
[    0.041445] ACPI FADT declares the system doesn't support PCIe ASPM, so disable it
[    0.041558] ACPI: bus type pci registered
[    0.041718] PCI: MCFG configuration 0: base f0000000 segment 0 buses 0 - 63
[    0.041800] PCI: MCFG area at f0000000 reserved in E820
[    0.041888] PCI: Using MMCONFIG for extended config space
[    0.041978] PCI: Using configuration type 1 for base access
[    0.045079] bio: create slab <bio-0> at 0
[    0.045879] ACPI: EC: EC description table is found, configuring boot EC
[    0.051014] ACPI: BIOS _OSI(Linux) query honored via DMI
[    0.051720] random 0000 0000 0000 00000000 00000000: rand_read_num 2 get_random_bytes(8): sig fffffe1a 00000000 00000000
[    0.051723] random 0000 0000 0000 00000000 00000000: extract_entropy(.. 8 ..)
[    0.051725] random 0000 0000 0000 00000000 00000000: going to reseed nonblocking with 64 bits (64 of 0 requested)
[    0.051727] random 0000 0000 0000 00000000 00000000: extract_entropy(.. 8 ..)
[    0.051730] random 0000 0000 0000 00000000 00000000: trying to extract 64 bits from input
[    0.051732] random 0000 0000 0000 00000000 00000000: debiting 0 entropy credits from input
[    0.051733] random 0000 0000 0000 00000000 00000000: extract_entropy account returned: 0 
[    0.051736] random 0000 0000 0000 00000000 00000000: urand_change_num 3 xfer_secondary_pool(8): pool_sig fffffe1a, data_sig 00000000, bytes_mixed 0 00000000 00000000
[    0.051766] random 0000 0000 0000 00000000 00000000: trying to extract 64 bits from nonblocking
[    0.051768] random 0000 0000 0000 00000000 00000000: debiting 64 entropy credits from nonblocking (unlimited)
[    0.051770] random 0000 0000 0000 00000000 00000000: extract_entropy account returned: 8 
[    0.051775] random 0000 0000 0000 00000000 00000000: urand_change_num 4 extract_buf: pool_sig fffffe1a, data_sig fffffed7, bytes_mixed 20 00000000 00000000
[    0.057362] ACPI: Interpreter enabled
[    0.057443] ACPI: (supports S0 S3 S4 S5)
[    0.057732] ACPI: Using IOAPIC for interrupt routing
[    0.067516] ACPI: EC: GPE = 0x12, I/O: command/status = 0x66, data = 0x62
[    0.067778] ACPI: Power Resource [PUBS] (on)
[    0.069900] ACPI: ACPI Dock Station Driver: 3 docks/bays found
[    0.070308] ACPI: PCI Root Bridge [PCI0] (0000:00)
[    0.070478] pci 0000:00:02.0: reg 10 64bit mmio: [0xf8100000-0xf81fffff]
[    0.070484] pci 0000:00:02.0: reg 18 64bit mmio pref: [0xe0000000-0xefffffff]
[    0.070487] pci 0000:00:02.0: reg 20 io port: [0x1800-0x1807]
[    0.070522] pci 0000:00:02.1: reg 10 64bit mmio: [0xf8200000-0xf82fffff]
[    0.070626] pci 0000:00:19.0: reg 10 32bit mmio: [0xfe000000-0xfe01ffff]
[    0.070635] pci 0000:00:19.0: reg 14 32bit mmio: [0xfe025000-0xfe025fff]
[    0.070644] pci 0000:00:19.0: reg 18 io port: [0x1840-0x185f]
[    0.070710] pci 0000:00:19.0: PME# supported from D0 D3hot D3cold
[    0.070796] pci 0000:00:19.0: PME# disabled
[    0.070943] pci 0000:00:1a.0: reg 20 io port: [0x1860-0x187f]
[    0.071033] pci 0000:00:1a.1: reg 20 io port: [0x1880-0x189f]
[    0.071107] pci 0000:00:1a.7: reg 10 32bit mmio: [0xfe226c00-0xfe226fff]
[    0.071192] pci 0000:00:1a.7: PME# supported from D0 D3hot D3cold
[    0.071286] pci 0000:00:1a.7: PME# disabled
[    0.071420] pci 0000:00:1b.0: reg 10 64bit mmio: [0xfe020000-0xfe023fff]
[    0.071502] pci 0000:00:1b.0: PME# supported from D0 D3hot D3cold
[    0.071585] pci 0000:00:1b.0: PME# disabled
[    0.071783] pci 0000:00:1c.0: PME# supported from D0 D3hot D3cold
[    0.071874] pci 0000:00:1c.0: PME# disabled
[    0.072076] pci 0000:00:1c.1: PME# supported from D0 D3hot D3cold
[    0.072160] pci 0000:00:1c.1: PME# disabled
[    0.072363] pci 0000:00:1c.2: PME# supported from D0 D3hot D3cold
[    0.072453] pci 0000:00:1c.2: PME# disabled
[    0.072659] pci 0000:00:1c.3: PME# supported from D0 D3hot D3cold
[    0.072742] pci 0000:00:1c.3: PME# disabled
[    0.073117] pci 0000:00:1c.4: PME# supported from D0 D3hot D3cold
[    0.073198] pci 0000:00:1c.4: PME# disabled
[    0.073342] pci 0000:00:1d.0: reg 20 io port: [0x18a0-0x18bf]
[    0.073417] pci 0000:00:1d.1: reg 20 io port: [0x18c0-0x18df]
[    0.073504] pci 0000:00:1d.2: reg 20 io port: [0x18e0-0x18ff]
[    0.074086] pci 0000:00:1d.7: reg 10 32bit mmio: [0xfe227000-0xfe2273ff]
[    0.074187] pci 0000:00:1d.7: PME# supported from D0 D3hot D3cold
[    0.074276] pci 0000:00:1d.7: PME# disabled
[    0.074551] pci 0000:00:1f.0: quirk: region 1000-107f claimed by ICH6 ACPI/GPIO/TCO
[    0.074667] pci 0000:00:1f.0: quirk: region 1180-11bf claimed by ICH6 GPIO
[    0.074754] pci 0000:00:1f.0: ICH7 LPC Generic IO decode 1 PIO at 1600 (mask 007f)
[    0.074868] pci 0000:00:1f.0: ICH7 LPC Generic IO decode 2 PIO at 15e0 (mask 000f)
[    0.074982] pci 0000:00:1f.0: ICH7 LPC Generic IO decode 3 PIO at 1680 (mask 001f)
[    0.075078] pci 0000:00:1f.1: reg 10 io port: [0x00-0x07]
[    0.075089] pci 0000:00:1f.1: reg 14 io port: [0x00-0x03]
[    0.075098] pci 0000:00:1f.1: reg 18 io port: [0x00-0x07]
[    0.075107] pci 0000:00:1f.1: reg 1c io port: [0x00-0x03]
[    0.075116] pci 0000:00:1f.1: reg 20 io port: [0x1c00-0x1c0f]
[    0.075196] pci 0000:00:1f.2: reg 10 io port: [0x1c50-0x1c57]
[    0.075205] pci 0000:00:1f.2: reg 14 io port: [0x1c44-0x1c47]
[    0.075214] pci 0000:00:1f.2: reg 18 io port: [0x1c48-0x1c4f]
[    0.075223] pci 0000:00:1f.2: reg 1c io port: [0x1c40-0x1c43]
[    0.075232] pci 0000:00:1f.2: reg 20 io port: [0x1c20-0x1c3f]
[    0.075241] pci 0000:00:1f.2: reg 24 32bit mmio: [0xfe226000-0xfe2267ff]
[    0.075310] pci 0000:00:1f.2: PME# supported from D3hot
[    0.075394] pci 0000:00:1f.2: PME# disabled
[    0.075513] pci 0000:00:1f.3: reg 10 32bit mmio: [0xfe227400-0xfe2274ff]
[    0.075537] pci 0000:00:1f.3: reg 20 io port: [0x1c60-0x1c7f]
[    0.075643] pci 0000:00:1c.0: bridge io port: [0x2000-0x2fff]
[    0.075649] pci 0000:00:1c.0: bridge 32bit mmio: [0xfc000000-0xfdffffff]
[    0.075658] pci 0000:00:1c.0: bridge 64bit mmio pref: [0xf8000000-0xf80fffff]
[    0.075731] pci 0000:03:00.0: reg 10 64bit mmio: [0xdf3f0000-0xdf3fffff]
[    0.076038] pci 0000:00:1c.1: bridge io port: [0x3000-0x3fff]
[    0.076042] pci 0000:00:1c.1: bridge 32bit mmio: [0xdc000000-0xdf3fffff]
[    0.076051] pci 0000:00:1c.1: bridge 64bit mmio pref: [0xdfe00000-0xdfefffff]
[    0.076110] pci 0000:00:1c.2: bridge io port: [0x4000-0x4fff]
[    0.076116] pci 0000:00:1c.2: bridge 32bit mmio: [0xd8000000-0xd9ffffff]
[    0.076125] pci 0000:00:1c.2: bridge 64bit mmio pref: [0xdfb00000-0xdfbfffff]
[    0.076179] pci 0000:00:1c.3: bridge io port: [0x5000-0x5fff]
[    0.076185] pci 0000:00:1c.3: bridge 32bit mmio: [0xd4000000-0xd5ffffff]
[    0.076194] pci 0000:00:1c.3: bridge 64bit mmio pref: [0xdf800000-0xdf8fffff]
[    0.076248] pci 0000:00:1c.4: bridge io port: [0x6000-0x6fff]
[    0.076254] pci 0000:00:1c.4: bridge 32bit mmio: [0xd0000000-0xd1ffffff]
[    0.076262] pci 0000:00:1c.4: bridge 64bit mmio pref: [0xdf500000-0xdf5fffff]
[    0.076321] pci 0000:15:00.0: reg 10 32bit mmio: [0xf8300000-0xf8300fff]
[    0.076369] pci 0000:15:00.0: supports D1 D2
[    0.076371] pci 0000:15:00.0: PME# supported from D0 D1 D2 D3hot D3cold
[    0.076457] pci 0000:15:00.0: PME# disabled
[    0.076597] pci 0000:15:00.1: reg 10 32bit mmio: [0xf8301000-0xf83017ff]
[    0.076697] pci 0000:15:00.1: supports D1 D2
[    0.076698] pci 0000:15:00.1: PME# supported from D0 D1 D2 D3hot D3cold
[    0.076796] pci 0000:15:00.1: PME# disabled
[    0.076956] pci 0000:00:1e.0: transparent bridge
[    0.076999] pci 0000:00:1e.0: bridge io port: [0x7000-0xafff]
[    0.077005] pci 0000:00:1e.0: bridge 32bit mmio: [0xf8300000-0xfbffffff]
[    0.077012] pci 0000:00:1e.0: bridge 64bit mmio pref: [0xf4000000-0xf7ffffff]
[    0.077083] pci_bus 0000:00: on NUMA node 0
[    0.077087] ACPI: PCI Interrupt Routing Table [\_SB_.PCI0._PRT]
[    0.077220] ACPI: PCI Interrupt Routing Table [\_SB_.PCI0.EXP0._PRT]
[    0.077279] ACPI: PCI Interrupt Routing Table [\_SB_.PCI0.EXP1._PRT]
[    0.077336] ACPI: PCI Interrupt Routing Table [\_SB_.PCI0.EXP2._PRT]
[    0.077394] ACPI: PCI Interrupt Routing Table [\_SB_.PCI0.EXP3._PRT]
[    0.077456] ACPI: PCI Interrupt Routing Table [\_SB_.PCI0.EXP4._PRT]
[    0.077518] ACPI: PCI Interrupt Routing Table [\_SB_.PCI0.PCI1._PRT]
[    0.083027] ACPI: PCI Interrupt Link [LNKA] (IRQs 3 4 5 6 7 9 *10 11)
[    0.083728] ACPI: PCI Interrupt Link [LNKB] (IRQs 3 4 5 6 7 9 10 *11)
[    0.084417] ACPI: PCI Interrupt Link [LNKC] (IRQs 3 4 5 6 7 9 10 *11)
[    0.085158] ACPI: PCI Interrupt Link [LNKD] (IRQs 3 4 5 6 7 9 10 *11)
[    0.085874] ACPI: PCI Interrupt Link [LNKE] (IRQs 3 4 5 6 7 9 10 *11)
[    0.086627] ACPI: PCI Interrupt Link [LNKF] (IRQs 3 4 5 6 7 9 10 *11)
[    0.087320] ACPI: PCI Interrupt Link [LNKG] (IRQs 3 4 5 6 7 9 10 *11)
[    0.088122] ACPI: PCI Interrupt Link [LNKH] (IRQs 3 4 5 6 7 9 10 *11)
[    0.088815] vgaarb: device added: PCI:0000:00:02.0,decodes=io+mem,owns=io+mem,locks=none
[    0.088933] vgaarb: loaded
[    0.089092] SCSI subsystem initialized
[    0.089183] libata version 3.00 loaded.
[    0.089231] usbcore: registered new interface driver usbfs
[    0.089358] usbcore: registered new interface driver hub
[    0.089466] usbcore: registered new device driver usb
[    0.106041] raid6: int32x1    941 MB/s
[    0.123060] raid6: int32x2    890 MB/s
[    0.139987] raid6: int32x4    746 MB/s
[    0.157004] raid6: int32x8    656 MB/s
[    0.173985] raid6: mmxx1     2878 MB/s
[    0.190983] raid6: mmxx2     3269 MB/s
[    0.207994] raid6: sse1x1    1937 MB/s
[    0.224997] raid6: sse1x2    2535 MB/s
[    0.241988] raid6: sse2x1    3511 MB/s
[    0.258980] raid6: sse2x2    3824 MB/s
[    0.259067] raid6: using algorithm sse2x2 (3824 MB/s)
[    0.259155] PCI: Using ACPI for IRQ routing
[    0.259451] HPET: 3 timers in total, 0 timers will be used for per-cpu timer
[    0.259990] Switching to clocksource tsc
[    0.260083] pnp: PnP ACPI init
[    0.260172] ACPI: bus type pnp registered
[    0.263818] pnp: PnP ACPI: found 11 devices
[    0.263912] ACPI: ACPI bus type pnp unregistered
[    0.264002] system 00:00: iomem range 0x0-0x9ffff could not be reserved
[    0.264087] system 00:00: iomem range 0xc0000-0xc3fff could not be reserved
[    0.264176] system 00:00: iomem range 0xc4000-0xc7fff could not be reserved
[    0.264260] system 00:00: iomem range 0xc8000-0xcbfff has been reserved
[    0.264342] system 00:00: iomem range 0xcc000-0xcffff has been reserved
[    0.264428] system 00:00: iomem range 0xd0000-0xd3fff could not be reserved
[    0.264511] system 00:00: iomem range 0xe0000-0xe3fff could not be reserved
[    0.264593] system 00:00: iomem range 0xe4000-0xe7fff could not be reserved
[    0.264675] system 00:00: iomem range 0xe8000-0xebfff could not be reserved
[    0.264756] system 00:00: iomem range 0xec000-0xeffff could not be reserved
[    0.264845] system 00:00: iomem range 0xf0000-0xfffff could not be reserved
[    0.264939] system 00:00: iomem range 0x100000-0x3dffffff could not be reserved
[    0.265053] system 00:00: iomem range 0xfec00000-0xfed3ffff could not be reserved
[    0.265166] system 00:00: iomem range 0xfed4c000-0xffffffff could not be reserved
[    0.265289] system 00:02: ioport range 0x164e-0x164f has been reserved
[    0.265382] system 00:02: ioport range 0x1000-0x107f has been reserved
[    0.265464] system 00:02: ioport range 0x1180-0x11bf has been reserved
[    0.265548] system 00:02: ioport range 0x800-0x80f has been reserved
[    0.265632] system 00:02: ioport range 0x15e0-0x15ef has been reserved
[    0.265721] system 00:02: ioport range 0x1600-0x165f could not be reserved
[    0.265805] system 00:02: iomem range 0xf0000000-0xf3ffffff has been reserved
[    0.265890] system 00:02: iomem range 0xfed1c000-0xfed1ffff has been reserved
[    0.265973] system 00:02: iomem range 0xfed14000-0xfed17fff has been reserved
[    0.266056] system 00:02: iomem range 0xfed18000-0xfed18fff has been reserved
[    0.266139] system 00:02: iomem range 0xfed19000-0xfed19fff has been reserved
[    0.266225] system 00:02: iomem range 0xfed45000-0xfed4bfff has been reserved
[    0.301253] pci 0000:00:1c.0: PCI bridge, secondary bus 0000:02
[    0.301339] pci 0000:00:1c.0:   IO window: 0x2000-0x2fff
[    0.301423] pci 0000:00:1c.0:   MEM window: 0xfc000000-0xfdffffff
[    0.301511] pci 0000:00:1c.0:   PREFETCH window: 0x000000f8000000-0x000000f80fffff
[    0.301638] pci 0000:00:1c.1: PCI bridge, secondary bus 0000:03
[    0.301729] pci 0000:00:1c.1:   IO window: 0x3000-0x3fff
[    0.301816] pci 0000:00:1c.1:   MEM window: 0xdc000000-0xdf3fffff
[    0.301909] pci 0000:00:1c.1:   PREFETCH window: 0x000000dfe00000-0x000000dfefffff
[    0.302029] pci 0000:00:1c.2: PCI bridge, secondary bus 0000:04
[    0.302116] pci 0000:00:1c.2:   IO window: 0x4000-0x4fff
[    0.302200] pci 0000:00:1c.2:   MEM window: 0xd8000000-0xd9ffffff
[    0.302284] pci 0000:00:1c.2:   PREFETCH window: 0x000000dfb00000-0x000000dfbfffff
[    0.302401] pci 0000:00:1c.3: PCI bridge, secondary bus 0000:05
[    0.302482] pci 0000:00:1c.3:   IO window: 0x5000-0x5fff
[    0.302583] pci 0000:00:1c.3:   MEM window: 0xd4000000-0xd5ffffff
[    0.302674] pci 0000:00:1c.3:   PREFETCH window: 0x000000df800000-0x000000df8fffff
[    0.302791] pci 0000:00:1c.4: PCI bridge, secondary bus 0000:0d
[    0.302876] pci 0000:00:1c.4:   IO window: 0x6000-0x6fff
[    0.302960] pci 0000:00:1c.4:   MEM window: 0xd0000000-0xd1ffffff
[    0.303050] pci 0000:00:1c.4:   PREFETCH window: 0x000000df500000-0x000000df5fffff
[    0.303170] pci 0000:15:00.0: CardBus bridge, secondary bus 0000:16
[    0.303251] pci 0000:15:00.0:   IO window: 0x007000-0x0070ff
[    0.303335] pci 0000:15:00.0:   IO window: 0x007400-0x0074ff
[    0.303422] pci 0000:15:00.0:   PREFETCH window: 0xf4000000-0xf7ffffff
[    0.303506] pci 0000:15:00.0:   MEM window: 0x40000000-0x43ffffff
[    0.303600] pci 0000:00:1e.0: PCI bridge, secondary bus 0000:15
[    0.303687] pci 0000:00:1e.0:   IO window: 0x7000-0xafff
[    0.303774] pci 0000:00:1e.0:   MEM window: 0xf8300000-0xfbffffff
[    0.303869] pci 0000:00:1e.0:   PREFETCH window: 0x000000f4000000-0x000000f7ffffff
[    0.304003] pci 0000:00:1c.0: PCI INT A -> GSI 20 (level, low) -> IRQ 20
[    0.304098] pci 0000:00:1c.0: setting latency timer to 64
[    0.304113] pci 0000:00:1c.1: PCI INT B -> GSI 21 (level, low) -> IRQ 21
[    0.304210] pci 0000:00:1c.1: setting latency timer to 64
[    0.304223] pci 0000:00:1c.2: PCI INT C -> GSI 22 (level, low) -> IRQ 22
[    0.304322] pci 0000:00:1c.2: setting latency timer to 64
[    0.304333] pci 0000:00:1c.3: PCI INT D -> GSI 23 (level, low) -> IRQ 23
[    0.304424] pci 0000:00:1c.3: setting latency timer to 64
[    0.304437] pci 0000:00:1c.4: PCI INT A -> GSI 20 (level, low) -> IRQ 20
[    0.304523] pci 0000:00:1c.4: setting latency timer to 64
[    0.304532] pci 0000:00:1e.0: enabling device (0005 -> 0007)
[    0.304618] pci 0000:00:1e.0: setting latency timer to 64
[    0.304634] pci 0000:15:00.0: PCI INT A -> GSI 16 (level, low) -> IRQ 16
[    0.304721] pci 0000:15:00.0: setting latency timer to 64
[    0.304727] pci_bus 0000:00: resource 0 io:  [0x00-0xffff]
[    0.304729] pci_bus 0000:00: resource 1 mem: [0x000000-0xffffffff]
[    0.304731] pci_bus 0000:02: resource 0 io:  [0x2000-0x2fff]
[    0.304733] pci_bus 0000:02: resource 1 mem: [0xfc000000-0xfdffffff]
[    0.304734] pci_bus 0000:02: resource 2 pref mem [0xf8000000-0xf80fffff]
[    0.304736] pci_bus 0000:03: resource 0 io:  [0x3000-0x3fff]
[    0.304738] pci_bus 0000:03: resource 1 mem: [0xdc000000-0xdf3fffff]
[    0.304740] pci_bus 0000:03: resource 2 pref mem [0xdfe00000-0xdfefffff]
[    0.304742] pci_bus 0000:04: resource 0 io:  [0x4000-0x4fff]
[    0.304744] pci_bus 0000:04: resource 1 mem: [0xd8000000-0xd9ffffff]
[    0.304745] pci_bus 0000:04: resource 2 pref mem [0xdfb00000-0xdfbfffff]
[    0.304747] pci_bus 0000:05: resource 0 io:  [0x5000-0x5fff]
[    0.304749] pci_bus 0000:05: resource 1 mem: [0xd4000000-0xd5ffffff]
[    0.304751] pci_bus 0000:05: resource 2 pref mem [0xdf800000-0xdf8fffff]
[    0.304753] pci_bus 0000:0d: resource 0 io:  [0x6000-0x6fff]
[    0.304754] pci_bus 0000:0d: resource 1 mem: [0xd0000000-0xd1ffffff]
[    0.304756] pci_bus 0000:0d: resource 2 pref mem [0xdf500000-0xdf5fffff]
[    0.304758] pci_bus 0000:15: resource 0 io:  [0x7000-0xafff]
[    0.304760] pci_bus 0000:15: resource 1 mem: [0xf8300000-0xfbffffff]
[    0.304762] pci_bus 0000:15: resource 2 pref mem [0xf4000000-0xf7ffffff]
[    0.304763] pci_bus 0000:15: resource 3 io:  [0x00-0xffff]
[    0.304765] pci_bus 0000:15: resource 4 mem: [0x000000-0xffffffff]
[    0.304767] pci_bus 0000:16: resource 0 io:  [0x7000-0x70ff]
[    0.304768] pci_bus 0000:16: resource 1 io:  [0x7400-0x74ff]
[    0.304770] pci_bus 0000:16: resource 2 pref mem [0xf4000000-0xf7ffffff]
[    0.304772] pci_bus 0000:16: resource 3 mem: [0x40000000-0x43ffffff]
[    0.304779] NET: Registered protocol family 2
[    0.304864] RANDOM - __random32 called. Change num 7.  Value: 7ba3d01e	3ca905be	d2026a24
[    0.304866] RANDOM - random32 called.  Value: 7ba3d01e	3ca905be	d2026a24
[    0.304870] random 0000 0000 0000 5f8db4e5 4cfdf2a8: rand_read_num 3 get_random_bytes(4): sig fffffb64 5f8db4e5 4cfdf2a8
[    0.304872] random 0000 0000 0000 5f8db4e5 4cfdf2a8: extract_entropy(.. 4 ..)
[    0.304875] random 0000 0000 0000 5f8db4e5 4cfdf2a8: going to reseed nonblocking with 64 bits (32 of 0 requested)
[    0.304877] random 0000 0000 0000 5f8db4e5 4cfdf2a8: extract_entropy(.. 8 ..)
[    0.304879] random 0000 0000 0000 5f8db4e5 4cfdf2a8: trying to extract 64 bits from input
[    0.304881] random 0000 0000 0000 5f8db4e5 4cfdf2a8: debiting 0 entropy credits from input
[    0.304883] random 0000 0000 0000 5f8db4e5 4cfdf2a8: extract_entropy account returned: 0 
[    0.304886] random 0000 0000 0000 5f8db4e5 4cfdf2a8: urand_change_num 5 xfer_secondary_pool(4): pool_sig fffffb64, data_sig 00000000, bytes_mixed 0 5f8db4e5 4cfdf2a8
[    0.304889] random 0000 0000 0000 5f8db4e5 4cfdf2a8: trying to extract 32 bits from nonblocking
[    0.304891] random 0000 0000 0000 5f8db4e5 4cfdf2a8: debiting 32 entropy credits from nonblocking (unlimited)
[    0.304893] random 0000 0000 0000 5f8db4e5 4cfdf2a8: extract_entropy account returned: 4 
[    0.304897] random 0000 0000 0000 5f8db4e5 4cfdf2a8: urand_change_num 6 extract_buf: pool_sig fffffb64, data_sig 00000241, bytes_mixed 20 5f8db4e5 4cfdf2a8
[    0.304906] IP route cache hash table entries: 32768 (order: 5, 131072 bytes)
[    0.305029] RANDOM - __random32 called. Change num 8.  Value: 3d01e034	ca905be7	d4484227
[    0.305030] RANDOM - random32 called.  Value: 3d01e034	ca905be7	d4484227
[    0.305041] RANDOM - __random32 called. Change num 9.  Value: 1e034020	a905be70	844ec14a
[    0.305042] RANDOM - random32 called.  Value: 1e034020	a905be70	844ec14a
[    0.305044] RANDOM - __random32 called. Change num 10.  Value: 34020ec0	905be706	8294c719
[    0.305046] RANDOM - random32 called.  Value: 34020ec0	905be706	8294c719
[    0.305056] RANDOM - __random32 called. Change num 11.  Value: 20ec0ebb	5be7068	8e32c65f
[    0.305058] RANDOM - random32 called.  Value: 20ec0ebb	5be7068	8e32c65f
[    0.305067] TCP established hash table entries: 131072 (order: 8, 1048576 bytes)
[    0.305558] TCP bind hash table entries: 65536 (order: 6, 262144 bytes)
[    0.305735] TCP: Hash tables configured (established 131072 bind 65536)
[    0.305817] TCP reno registered
[    0.305923] NET: Registered protocol family 1
[    0.306035] RPC: Registered udp transport module.
[    0.306119] RPC: Registered tcp transport module.
[    0.306203] RPC: Registered tcp NFSv4.1 backchannel transport module.
[    0.306295] pci 0000:00:02.0: Boot video device
[    0.306511] Simple Boot Flag at 0x35 set to 0x1
[    0.307074] highmem bounce pool size: 64 pages
[    0.308554] VFS: Disk quotas dquot_6.5.2
[    0.308670] Dquot-cache hash table entries: 1024 (order 0, 4096 bytes)
[    0.309405] NTFS driver 2.1.29 [Flags: R/W].
[    0.309556] ROMFS MTD (C) 2007 Red Hat, Inc.
[    0.309756] JFS: nTxBlock = 7695, nTxLock = 61562
[    0.312189] SGI XFS with ACLs, security attributes, large block/inode numbers, no debug enabled
[    0.312658] SGI XFS Quota Management subsystem
[    0.312999] Slow work thread pool: Starting up
[    0.313090] Slow work thread pool: Ready
[    0.313178] GFS2 (built May 24 2013 02:47:17) installed
[    0.313269] msgmni has been set to 1734
[    0.313425] alg: No test for cipher_null (cipher_null-generic)
[    0.313516] alg: No test for ecb(cipher_null) (ecb-cipher_null)
[    0.313612] alg: No test for digest_null (digest_null-generic)
[    0.313707] alg: No test for compress_null (compress_null-generic)
[    0.314250] alg: No test for fcrypt (fcrypt-generic)
[    0.315653] alg: No test for stdrng (krng)
[    0.315740] async_tx: api initialized (async)
[    0.315904] Block layer SCSI generic (bsg) driver version 0.4 loaded (major 254)
[    0.316018] io scheduler noop registered
[    0.316096] io scheduler anticipatory registered
[    0.316176] io scheduler deadline registered
[    0.316305] io scheduler cfq registered (default)
[    0.316538] pcieport 0000:00:1c.0: irq 24 for MSI/MSI-X
[    0.316553] pcieport 0000:00:1c.0: setting latency timer to 64
[    0.316736] pcieport 0000:00:1c.1: irq 25 for MSI/MSI-X
[    0.316745] pcieport 0000:00:1c.1: setting latency timer to 64
[    0.316938] pcieport 0000:00:1c.2: irq 26 for MSI/MSI-X
[    0.316950] pcieport 0000:00:1c.2: setting latency timer to 64
[    0.317130] pcieport 0000:00:1c.3: irq 27 for MSI/MSI-X
[    0.317140] pcieport 0000:00:1c.3: setting latency timer to 64
[    0.317318] pcieport 0000:00:1c.4: irq 28 for MSI/MSI-X
[    0.317330] pcieport 0000:00:1c.4: setting latency timer to 64
[    0.317472] pci_hotplug: PCI Hot Plug PCI Core version: 0.5
[    0.317655] isapnp: Scanning for PnP cards...
[    0.678184] isapnp: No Plug & Play device found
[    0.678270] random 0000 0000 0000 5f8db4e5 4cfdf2a8: initializing
[    0.697768] Serial: 8250/16550 driver, 4 ports, IRQ sharing enabled
[    3.708336] floppy0: no floppy controllers found
[    3.709274] brd: module loaded
[    3.709769] loop: module loaded
[    3.709861] Compaq SMART2 Driver (v 2.6.0)
[    3.709992] HP CISS Driver (v 3.6.20)
[    3.710229] input: Macintosh mouse button emulation as /devices/virtual/input/input0
[    3.710368] Uniform Multi-Platform E-IDE driver
[    3.710590] piix 0000:00:1f.1: IDE controller (0x8086:0x2850 rev 0x03)
[    3.710689] pci 0000:00:1f.1: PCI INT C -> GSI 16 (level, low) -> IRQ 16
[    3.710783] piix 0000:00:1f.1: IDE port disabled
[    3.710870] piix 0000:00:1f.1: not 100% native mode: will probe irqs later
[    3.710961]     ide0: BM-DMA at 0x1c00-0x1c07
[    3.711047] Probing IDE interface ide0...
[    4.382450] hda: HL-DT-ST DVDRAM GSA-U10N, ATAPI CD/DVD-ROM drive
[    4.689212] hda: host max PIO4 wanted PIO255(auto-tune) selected PIO4
[    4.689989] hda: UDMA/33 mode selected
[    4.690454] ide0 at 0x1f0-0x1f7,0x3f6 on irq 14
[    4.694325] ide-gd driver 1.18
[    4.694432] ide-cd driver 5.00
[    4.695819] ide-cd: hda: ATAPI 24X DVD-ROM DVD-R/RAM CD-R/RW drive, 2048kB Cache
[    4.696243] Uniform CD-ROM driver Revision: 3.20
[    4.703363] Loading iSCSI transport class v2.0-870.
[    4.703642] rdac: device handler registered
[    4.703721] hp_sw: device handler registered
[    4.703806] emc: device handler registered
[    4.703898] alua: device handler registered
[    4.704877] Adaptec aacraid driver 1.1-5[2461]-ms
[    4.705296] scsi: <fdomain> Detection failed (no card)
[    4.705383] sym53c416.c: Version 1.0.0-ac
[    4.705484] qlogicfas: no cards were found, please specify I/O address and IRQ using iobase= and irq= options
[    4.705597] QLogic Fibre Channel HBA Driver: 8.03.01-k6
[    4.705808] iscsi: registered transport (qla4xxx)
[    4.705915] QLogic iSCSI HBA Driver
[    4.705993] Emulex LightPulse Fibre Channel SCSI driver 8.3.4
[    4.706073] Copyright(c) 2004-2009 Emulex.  All rights reserved.
[    4.728193] Failed initialization of WD-7000 SCSI card!
[    4.817302] DC390: clustering now enabled by default. If you get problems load
[    4.817427]        with "disable_clustering=1" and report to maintainers
[    4.817557] megaraid cmm: 2.20.2.7 (Release Date: Sun Jul 16 00:01:03 EST 2006)
[    4.817705] megaraid: 2.20.5.1 (Release Date: Thu Nov 16 15:32:35 EST 2006)
[    4.817807] megasas: 00.00.04.01 Thu July 24 11:41:51 PST 2008
[    4.817940] GDT-HA: Storage RAID Controller Driver. Version: 3.05
[    4.818080] 3ware Storage Controller device driver for Linux v1.26.02.002.
[    4.818191] 3ware 9000 Storage Controller device driver for Linux v2.26.02.012.
[    4.818324] nsp32: loading...
[    4.818424] ipr: IBM Power RAID SCSI Device Driver version: 2.4.3 (June 10, 2009)
[    4.818557] RocketRAID 3xxx/4xxx Controller driver v1.6 (090910)
[    4.818661] stex: Promise SuperTrak EX Driver version: 4.6.0000.3
[    4.818786] st: Version 20081215, fixed bufsize 32768, s/g segs 256
[    4.818965] ahci 0000:00:1f.2: version 3.0
[    4.818981] ahci 0000:00:1f.2: PCI INT B -> GSI 16 (level, low) -> IRQ 16
[    4.819102] ahci 0000:00:1f.2: irq 29 for MSI/MSI-X
[    4.819179] ahci 0000:00:1f.2: AHCI 0001.0100 32 slots 3 ports 1.5 Gbps 0x5 impl SATA mode
[    4.819293] ahci 0000:00:1f.2: flags: 64bit ncq sntf pm led clo pio slum part ccc 
[    4.819413] ahci 0000:00:1f.2: setting latency timer to 64
[    4.819555] scsi2 : ahci
[    4.819705] scsi3 : ahci
[    4.819838] scsi4 : ahci
[    4.820012] ata1: SATA max UDMA/133 abar m2048@0xfe226000 port 0xfe226100 irq 29
[    4.820124] ata2: DUMMY
[    4.820227] ata3: SATA max UDMA/133 abar m2048@0xfe226000 port 0xfe226200 irq 29
[    4.820815] I2O subsystem v1.325
[    4.820893] i2o: max drivers = 8
[    4.821038] I2O Configuration OSM v1.323
[    4.821143] I2O Bus Adapter OSM v1.317
[    4.821262] I2O Block Device OSM v1.325
[    4.821400] I2O SCSI Peripheral OSM v1.316
[    4.821498] I2O ProcFS OSM v1.316
[    4.821599] Fusion MPT base driver 3.04.12
[    4.821678] Copyright (c) 1999-2008 LSI Corporation
[    4.821770] Fusion MPT SPI Host driver 3.04.12
[    4.821881] Fusion MPT FC Host driver 3.04.12
[    4.821988] Fusion MPT SAS Host driver 3.04.12
[    4.822134] ohci1394 0000:15:00.1: PCI INT B -> GSI 17 (level, low) -> IRQ 17
[    4.822238] ohci1394 0000:15:00.1: setting latency timer to 64
[    4.876195] ohci1394: fw-host0: OHCI-1394 1.1 (PCI): IRQ=[17]  MMIO=[f8301000-f83017ff]  Max Packet=[2048]  IR/IT contexts=[4/4]
[    4.879453] ehci_hcd: USB 2.0 'Enhanced' Host Controller (EHCI) Driver
[    4.879723] ehci_hcd 0000:00:1a.7: power state changed by ACPI to D0
[    4.879957] ehci_hcd 0000:00:1a.7: power state changed by ACPI to D0
[    4.880050] ehci_hcd 0000:00:1a.7: PCI INT C -> GSI 22 (level, low) -> IRQ 22
[    4.880150] ehci_hcd 0000:00:1a.7: setting latency timer to 64
[    4.880153] ehci_hcd 0000:00:1a.7: EHCI Host Controller
[    4.880288] ehci_hcd 0000:00:1a.7: new USB bus registered, assigned bus number 1
[    4.884317] ehci_hcd 0000:00:1a.7: cache line size of 32 is not supported
[    4.884326] ehci_hcd 0000:00:1a.7: irq 22, io mem 0xfe226c00
[    4.894151] ehci_hcd 0000:00:1a.7: USB 2.0 started, EHCI 1.00
[    4.894247] usb usb1: New USB device found, idVendor=1d6b, idProduct=0002
[    4.894331] usb usb1: New USB device strings: Mfr=3, Product=2, SerialNumber=1
[    4.894446] usb usb1: Product: EHCI Host Controller
[    4.894536] usb usb1: Manufacturer: Linux 2.6.32.57 ehci_hcd
[    4.894627] usb usb1: SerialNumber: 0000:00:1a.7
[    4.894758] usb usb1: configuration #1 chosen from 1 choice
[    4.894867] hub 1-0:1.0: USB hub found
[    4.894951] hub 1-0:1.0: 4 ports detected
[    4.895262] ehci_hcd 0000:00:1d.7: power state changed by ACPI to D0
[    4.895507] ehci_hcd 0000:00:1d.7: power state changed by ACPI to D0
[    4.895602] ehci_hcd 0000:00:1d.7: PCI INT D -> GSI 19 (level, low) -> IRQ 19
[    4.895706] ehci_hcd 0000:00:1d.7: setting latency timer to 64
[    4.895711] ehci_hcd 0000:00:1d.7: EHCI Host Controller
[    4.895833] ehci_hcd 0000:00:1d.7: new USB bus registered, assigned bus number 2
[    4.895978] ehci_hcd 0000:00:1d.7: debug port 1
[    4.899939] ehci_hcd 0000:00:1d.7: cache line size of 32 is not supported
[    4.899948] ehci_hcd 0000:00:1d.7: irq 19, io mem 0xfe227000
[    4.910149] ehci_hcd 0000:00:1d.7: USB 2.0 started, EHCI 1.00
[    4.910249] usb usb2: New USB device found, idVendor=1d6b, idProduct=0002
[    4.910341] usb usb2: New USB device strings: Mfr=3, Product=2, SerialNumber=1
[    4.910459] usb usb2: Product: EHCI Host Controller
[    4.910544] usb usb2: Manufacturer: Linux 2.6.32.57 ehci_hcd
[    4.910624] usb usb2: SerialNumber: 0000:00:1d.7
[    4.910754] usb usb2: configuration #1 chosen from 1 choice
[    4.910867] hub 2-0:1.0: USB hub found
[    4.910948] hub 2-0:1.0: 6 ports detected
[    4.911114] 116x: driver isp116x-hcd, 03 Nov 2005
[    4.911223] ohci_hcd: USB 1.1 'Open' Host Controller (OHCI) Driver
[    4.911330] uhci_hcd: USB Universal Host Controller Interface driver
[    4.911442] uhci_hcd 0000:00:1a.0: PCI INT A -> GSI 20 (level, low) -> IRQ 20
[    4.911528] uhci_hcd 0000:00:1a.0: setting latency timer to 64
[    4.911533] uhci_hcd 0000:00:1a.0: UHCI Host Controller
[    4.911651] uhci_hcd 0000:00:1a.0: new USB bus registered, assigned bus number 3
[    4.911794] uhci_hcd 0000:00:1a.0: irq 20, io base 0x00001860
[    4.911900] usb usb3: New USB device found, idVendor=1d6b, idProduct=0001
[    4.911984] usb usb3: New USB device strings: Mfr=3, Product=2, SerialNumber=1
[    4.912099] usb usb3: Product: UHCI Host Controller
[    4.912187] usb usb3: Manufacturer: Linux 2.6.32.57 uhci_hcd
[    4.912275] usb usb3: SerialNumber: 0000:00:1a.0
[    4.912408] usb usb3: configuration #1 chosen from 1 choice
[    4.912528] hub 3-0:1.0: USB hub found
[    4.912615] hub 3-0:1.0: 2 ports detected
[    4.912935] uhci_hcd 0000:00:1a.1: power state changed by ACPI to D0
[    4.913170] uhci_hcd 0000:00:1a.1: power state changed by ACPI to D0
[    4.913262] uhci_hcd 0000:00:1a.1: PCI INT B -> GSI 21 (level, low) -> IRQ 21
[    4.913353] uhci_hcd 0000:00:1a.1: setting latency timer to 64
[    4.913358] uhci_hcd 0000:00:1a.1: UHCI Host Controller
[    4.913476] uhci_hcd 0000:00:1a.1: new USB bus registered, assigned bus number 4
[    4.913618] uhci_hcd 0000:00:1a.1: irq 21, io base 0x00001880
[    4.913730] usb usb4: New USB device found, idVendor=1d6b, idProduct=0001
[    4.913812] usb usb4: New USB device strings: Mfr=3, Product=2, SerialNumber=1
[    4.913926] usb usb4: Product: UHCI Host Controller
[    4.914016] usb usb4: Manufacturer: Linux 2.6.32.57 uhci_hcd
[    4.914105] usb usb4: SerialNumber: 0000:00:1a.1
[    4.914240] usb usb4: configuration #1 chosen from 1 choice
[    4.914361] hub 4-0:1.0: USB hub found
[    4.914442] hub 4-0:1.0: 2 ports detected
[    4.914730] uhci_hcd 0000:00:1d.0: power state changed by ACPI to D0
[    4.914959] uhci_hcd 0000:00:1d.0: power state changed by ACPI to D0
[    4.915058] uhci_hcd 0000:00:1d.0: PCI INT A -> GSI 16 (level, low) -> IRQ 16
[    4.915152] uhci_hcd 0000:00:1d.0: setting latency timer to 64
[    4.915157] uhci_hcd 0000:00:1d.0: UHCI Host Controller
[    4.915291] uhci_hcd 0000:00:1d.0: new USB bus registered, assigned bus number 5
[    4.915434] uhci_hcd 0000:00:1d.0: irq 16, io base 0x000018a0
[    4.915542] usb usb5: New USB device found, idVendor=1d6b, idProduct=0001
[    4.915623] usb usb5: New USB device strings: Mfr=3, Product=2, SerialNumber=1
[    4.915737] usb usb5: Product: UHCI Host Controller
[    4.915820] usb usb5: Manufacturer: Linux 2.6.32.57 uhci_hcd
[    4.915906] usb usb5: SerialNumber: 0000:00:1d.0
[    4.916044] usb usb5: configuration #1 chosen from 1 choice
[    4.916161] hub 5-0:1.0: USB hub found
[    4.916249] hub 5-0:1.0: 2 ports detected
[    4.916401] uhci_hcd 0000:00:1d.1: PCI INT B -> GSI 17 (level, low) -> IRQ 17
[    4.916489] uhci_hcd 0000:00:1d.1: setting latency timer to 64
[    4.916492] uhci_hcd 0000:00:1d.1: UHCI Host Controller
[    4.916609] uhci_hcd 0000:00:1d.1: new USB bus registered, assigned bus number 6
[    4.916747] uhci_hcd 0000:00:1d.1: irq 17, io base 0x000018c0
[    4.916853] usb usb6: New USB device found, idVendor=1d6b, idProduct=0001
[    4.916947] usb usb6: New USB device strings: Mfr=3, Product=2, SerialNumber=1
[    4.917058] usb usb6: Product: UHCI Host Controller
[    4.917137] usb usb6: Manufacturer: Linux 2.6.32.57 uhci_hcd
[    4.917226] usb usb6: SerialNumber: 0000:00:1d.1
[    4.917362] usb usb6: configuration #1 chosen from 1 choice
[    4.917475] hub 6-0:1.0: USB hub found
[    4.917557] hub 6-0:1.0: 2 ports detected
[    4.917891] uhci_hcd 0000:00:1d.2: power state changed by ACPI to D0
[    4.918135] uhci_hcd 0000:00:1d.2: power state changed by ACPI to D0
[    4.918244] uhci_hcd 0000:00:1d.2: PCI INT C -> GSI 18 (level, low) -> IRQ 18
[    4.918330] uhci_hcd 0000:00:1d.2: setting latency timer to 64
[    4.918333] uhci_hcd 0000:00:1d.2: UHCI Host Controller
[    4.918459] uhci_hcd 0000:00:1d.2: new USB bus registered, assigned bus number 7
[    4.918604] uhci_hcd 0000:00:1d.2: irq 18, io base 0x000018e0
[    4.918708] usb usb7: New USB device found, idVendor=1d6b, idProduct=0001
[    4.918791] usb usb7: New USB device strings: Mfr=3, Product=2, SerialNumber=1
[    4.918901] usb usb7: Product: UHCI Host Controller
[    4.918981] usb usb7: Manufacturer: Linux 2.6.32.57 uhci_hcd
[    4.919068] usb usb7: SerialNumber: 0000:00:1d.2
[    4.919859] usb usb7: configuration #1 chosen from 1 choice
[    4.919968] hub 7-0:1.0: USB hub found
[    4.920051] hub 7-0:1.0: 2 ports detected
[    4.920218] sl811: driver sl811-hcd, 19 May 2005
[    4.920314] r8a66597_hcd: driver r8a66597_hcd, 2009-05-26
[    4.920479] Initializing USB Mass Storage driver...
[    4.920597] usbcore: registered new interface driver usb-storage
[    4.920693] USB Mass Storage support registered.
[    4.920790] usbcore: registered new interface driver ums-alauda
[    4.920892] usbcore: registered new interface driver ums-cypress
[    4.920995] usbcore: registered new interface driver ums-datafab
[    4.921094] usbcore: registered new interface driver ums-freecom
[    4.921200] usbcore: registered new interface driver ums-isd200
[    4.921299] usbcore: registered new interface driver ums-jumpshot
[    4.921408] usbcore: registered new interface driver ums-karma
[    4.921511] usbcore: registered new interface driver ums-onetouch
[    4.921619] usbcore: registered new interface driver ums-sddr09
[    4.921718] usbcore: registered new interface driver ums-sddr55
[    4.921820] usbcore: registered new interface driver ums-usbat
[    4.921960] PNP: PS/2 Controller [PNP0303:KBD,PNP0f13:MOU] at 0x60,0x64 irq 1,12
[    4.931357] serio: i8042 KBD port at 0x60,0x64 irq 1
[    4.931438] serio: i8042 AUX port at 0x60,0x64 irq 12
[    4.931677] mice: PS/2 mouse device common for all mice
[    4.931795] i2c /dev entries driver
[    4.931922] md: linear personality registered for level -1
[    4.932008] md: raid0 personality registered for level 0
[    4.932090] md: raid1 personality registered for level 1
[    4.932183] md: raid10 personality registered for level 10
[    4.932266] md: raid6 personality registered for level 6
[    4.932349] md: raid5 personality registered for level 5
[    4.932429] md: raid4 personality registered for level 4
[    4.932530] md: multipath personality registered for level -4
[    4.932720] device-mapper: ioctl: 4.15.0-ioctl (2009-04-01) initialised: dm-devel@redhat.com
[    4.932912] cpuidle: using governor ladder
[    4.933511] usbcore: registered new interface driver usbhid
[    4.933594] usbhid: v2.6:USB HID core driver
[    4.933726] random 0000 0000 0000 00000000 00000000: rand_read_num 4 get_random_bytes(136): sig 00000000 00000000 00000000
[    4.933729] random 0000 0000 0000 00000000 00000000: extract_entropy(.. 136 ..)
[    4.933732] random 0000 0000 0000 00000000 00000000: going to reseed nonblocking with 1024 bits (1088 of 0 requested)
[    4.933734] random 0000 0000 0000 00000000 00000000: extract_entropy(.. 128 ..)
[    4.933736] random 0000 0000 0000 00000000 00000000: trying to extract 1024 bits from input
[    4.933738] random 0000 0000 0000 00000000 00000000: debiting 0 entropy credits from input
[    4.933740] random 0000 0000 0000 00000000 00000000: extract_entropy account returned: 0 
[    4.933743] random 0000 0000 0000 00000000 00000000: urand_change_num 7 xfer_secondary_pool(136): pool_sig 00000000, data_sig 00000000, bytes_mixed 0 00000000 00000000
[    4.933746] random 0000 0000 0000 00000000 00000000: trying to extract 1088 bits from nonblocking
[    4.933749] random 0000 0000 0000 00000000 00000000: debiting 1088 entropy credits from nonblocking (unlimited)
[    4.933751] random 0000 0000 0000 00000000 00000000: extract_entropy account returned: 136 
[    4.933755] random 0000 0000 0000 00000000 00000000: urand_change_num 8 extract_buf: pool_sig 00000000, data_sig fffffff9, bytes_mixed 20 00000000 00000000
[    4.933761] random 0000 0000 0000 b7c35b56 be4dc95d: urand_change_num 9 extract_buf: pool_sig fffffd1e, data_sig 000000c5, bytes_mixed 20 b7c35b56 be4dc95d
[    4.933766] random 0000 0000 0000 ed9f5c47 c48487fb: urand_change_num 10 extract_buf: pool_sig fffff8ec, data_sig ffffff68, bytes_mixed 20 ed9f5c47 c48487fb
[    4.933771] random 0000 0000 0000 ed9f5c47 c48487fb: urand_change_num 11 extract_buf: pool_sig fffffaed, data_sig 000001aa, bytes_mixed 20 ed9f5c47 c48487fb
[    4.933776] random 0000 0000 0000 1b4f7c0a 91bd6a48: urand_change_num 12 extract_buf: pool_sig fffffdd8, data_sig 00000064, bytes_mixed 20 1b4f7c0a 91bd6a48
[    4.933782] random 0000 0000 0000 a254b9bc 20e9a24f: urand_change_num 13 extract_buf: pool_sig fffffbe6, data_sig 000001dd, bytes_mixed 20 a254b9bc 20e9a24f
[    4.933787] random 0000 0000 0000 a254b9bc 20e9a24f: urand_change_num 14 extract_buf: pool_sig fffff940, data_sig fffffe20, bytes_mixed 20 a254b9bc 20e9a24f
[    4.933792] random 0000 0000 0000 2831a66b 5fa2a3ad: urand_change_num 15 extract_buf: pool_sig fffffbce, data_sig 0000007e, bytes_mixed 20 2831a66b 5fa2a3ad
[    4.933797] random 0000 0000 0000 2831a66b 5fa2a3ad: urand_change_num 16 extract_buf: pool_sig 000004df, data_sig fffffe8f, bytes_mixed 20 2831a66b 5fa2a3ad
[    4.933802] random 0000 0000 0000 d4512bfd c9a54e0b: urand_change_num 17 extract_buf: pool_sig 00000485, data_sig fffffe68, bytes_mixed 20 d4512bfd c9a54e0b
[    4.933807] random 0000 0000 0000 c7371be6 f9ffea11: urand_change_num 18 extract_buf: pool_sig 00000095, data_sig ffffffed, bytes_mixed 20 c7371be6 f9ffea11
[    4.933812] random 0000 0000 0000 c7371be6 f9ffea11: urand_change_num 19 extract_buf: pool_sig 000003a7, data_sig fffffefa, bytes_mixed 20 c7371be6 f9ffea11
[    4.933818] random 0000 0000 0000 8fb4b62c d1ddba54: urand_change_num 20 extract_buf: pool_sig 00000179, data_sig ffffff78, bytes_mixed 20 8fb4b62c d1ddba54
[    4.933823] random 0000 0000 0000 9ff19f9c c07a1d2a: urand_change_num 21 extract_buf: pool_sig fffffe88, data_sig 00000126, bytes_mixed 20 9ff19f9c c07a1d2a
[    4.933827] TCP cubic registered
[    4.933910] Initializing XFRM netlink socket
[    4.933994] NET: Registered protocol family 17
[    4.934081] Using IPI Shortcut mode
[    4.934176] random 0000 0000 0000 9ff19f9c c07a1d2a: rand_read_num 5 get_random_bytes(8): sig 0000031b 9ff19f9c c07a1d2a
[    4.934179] random 0000 0000 0000 9ff19f9c c07a1d2a: extract_entropy(.. 8 ..)
[    4.934181] random 0000 0000 0000 9ff19f9c c07a1d2a: going to reseed nonblocking with 64 bits (64 of 0 requested)
[    4.934183] random 0000 0000 0000 9ff19f9c c07a1d2a: extract_entropy(.. 8 ..)
[    4.934185] random 0000 0000 0000 9ff19f9c c07a1d2a: trying to extract 64 bits from input
[    4.934187] random 0000 0000 0000 9ff19f9c c07a1d2a: debiting 0 entropy credits from input
[    4.934189] random 0000 0000 0000 9ff19f9c c07a1d2a: extract_entropy account returned: 0 
[    4.934192] random 0000 0000 0000 9ff19f9c c07a1d2a: urand_change_num 22 xfer_secondary_pool(8): pool_sig 0000031b, data_sig 00000000, bytes_mixed 0 9ff19f9c c07a1d2a
[    4.934195] random 0000 0000 0000 9ff19f9c c07a1d2a: trying to extract 64 bits from nonblocking
[    4.934197] random 0000 0000 0000 9ff19f9c c07a1d2a: debiting 64 entropy credits from nonblocking (unlimited)
[    4.934199] random 0000 0000 0000 9ff19f9c c07a1d2a: extract_entropy account returned: 8 
[    4.934203] random 0000 0000 0000 9ff19f9c c07a1d2a: urand_change_num 23 extract_buf: pool_sig 0000031b, data_sig ffffffb3, bytes_mixed 20 9ff19f9c c07a1d2a
[    4.936471] input: AT Translated Set 2 keyboard as /devices/platform/i8042/serio0/input/input1
[    5.127128] ata1: SATA link up 1.5 Gbps (SStatus 113 SControl 300)
[    5.127233] ata3: SATA link down (SStatus 0 SControl 300)
[    5.130011] ata1.00: ACPI cmd ef/02:00:00:00:00:a0 (SET FEATURES) succeeded
[    5.130014] ata1.00: ACPI cmd f5/00:00:00:00:00:a0 (SECURITY FREEZE LOCK) filtered out
[    5.131407] ata1.00: ACPI cmd ef/5f:00:00:00:00:a0 (SET FEATURES) succeeded
[    5.131410] ata1.00: ACPI cmd ef/10:03:00:00:00:a0 (SET FEATURES) filtered out
[    5.133318] ata1.00: ATA-7: ST910021AS, 4.06, max UDMA/100
[    5.133408] ata1.00: 195371568 sectors, multi 16: LBA48 
[    5.135553] ata1.00: ACPI cmd ef/02:00:00:00:00:a0 (SET FEATURES) succeeded
[    5.135555] ata1.00: ACPI cmd f5/00:00:00:00:00:a0 (SECURITY FREEZE LOCK) filtered out
[    5.136950] ata1.00: ACPI cmd ef/5f:00:00:00:00:a0 (SET FEATURES) succeeded
[    5.136953] ata1.00: ACPI cmd ef/10:03:00:00:00:a0 (SET FEATURES) filtered out
[    5.138876] ata1.00: configured for UDMA/100
[    5.149176] scsi 2:0:0:0: Direct-Access     ATA      ST910021AS       4.06 PQ: 0 ANSI: 5
[    5.149449] sd 2:0:0:0: [sda] 195371568 512-byte logical blocks: (100 GB/93.1 GiB)
[    5.149584] sd 2:0:0:0: [sda] Write Protect is off
[    5.149667] sd 2:0:0:0: [sda] Mode Sense: 00 3a 00 00
[    5.149679] sd 2:0:0:0: [sda] Write cache: enabled, read cache: enabled, doesn't support DPO or FUA
[    5.149868]  sda:
[    5.214103] usb 2-1: new high speed USB device using ehci_hcd and address 2
[    5.363417] usb 2-1: New USB device found, idVendor=0e8d, idProduct=1806
[    5.363505] usb 2-1: New USB device strings: Mfr=1, Product=2, SerialNumber=3
[    5.363589] usb 2-1: Product: MT1806 
[    5.363672] usb 2-1: Manufacturer: MediaTek Inc
[    5.363759] usb 2-1: SerialNumber: R8KN6GAC800AEB 
[    5.363886] usb 2-1: configuration #1 chosen from 1 choice
[    5.370335] scsi5 : SCSI emulation for USB Mass Storage devices
[    5.370497] usb-storage: device found at 2
[    5.370498] usb-storage: waiting for device to settle before scanning
[    5.572297]  sda1 sda2
[    5.573017] sd 2:0:0:0: [sda] Attached SCSI disk
[    5.573104] random 0000 0000 0000 277f73c3 42024bb9: rand_read_num 6 get_random_bytes(12): sig 000007e9 277f73c3 42024bb9
[    5.573107] random 0000 0000 0000 277f73c3 42024bb9: extract_entropy(.. 12 ..)
[    5.573109] random 0000 0000 0000 277f73c3 42024bb9: going to reseed nonblocking with 96 bits (96 of 0 requested)
[    5.573111] random 0000 0000 0000 277f73c3 42024bb9: extract_entropy(.. 12 ..)
[    5.573113] random 0000 0000 0000 277f73c3 42024bb9: trying to extract 96 bits from input
[    5.573115] random 0000 0000 0000 277f73c3 42024bb9: debiting 0 entropy credits from input
[    5.573117] random 0000 0000 0000 277f73c3 42024bb9: extract_entropy account returned: 0 
[    5.573121] random 0000 0000 0000 277f73c3 42024bb9: urand_change_num 24 xfer_secondary_pool(12): pool_sig 000007e9, data_sig 00000000, bytes_mixed 0 277f73c3 42024bb9
[    5.573123] random 0000 0000 0000 277f73c3 42024bb9: trying to extract 96 bits from nonblocking
[    5.573126] random 0000 0000 0000 277f73c3 42024bb9: debiting 96 entropy credits from nonblocking (unlimited)
[    5.573128] random 0000 0000 0000 277f73c3 42024bb9: extract_entropy account returned: 12 
[    5.573132] random 0000 0000 0000 277f73c3 42024bb9: urand_change_num 25 extract_buf: pool_sig 000007e9, data_sig 00000088, bytes_mixed 20 277f73c3 42024bb9
[    5.573137] random 0000 0000 0000 277f73c3 42024bb9: urand_change_num 26 extract_buf: pool_sig 00000498, data_sig fffffefb, bytes_mixed 20 277f73c3 42024bb9
[    5.573140] RANDOM - __seed init called.
[    5.573141] RANDOM - __seed init called.
[    5.573142] RANDOM - __seed init called.
[    5.573144] RANDOM - __random32 called. Change num 12.  Value: 87f14767	f0d7351	b1e48bd3
[    5.573146] RANDOM - random32_reseed called.  Value: 87f14767	f0d7351	b1e48bd3
[    5.573148] Pid: 1, comm: swapper Not tainted 2.6.32.57 #3
[    5.573237] Call Trace:
[    5.573319]  [<c1923ca4>] ? random32_reseed+0xa0/0xb1
[    5.573399]  [<c1923c04>] ? random32_reseed+0x0/0xb1
[    5.573485]  [<c100111e>] ? do_one_initcall+0x2e/0x180
[    5.573567]  [<c1907265>] ? kernel_init+0xad/0x103
[    5.573647]  [<c19071b8>] ? kernel_init+0x0/0x103
[    5.573730]  [<c1003787>] ? kernel_thread_helper+0x7/0x10
[    5.574265] random 0000 0000 0000 386b4e60 ee4d4880: rand_read_num 7 get_random_bytes(64): sig fffffea5 386b4e60 ee4d4880
[    5.574267] random 0000 0000 0000 386b4e60 ee4d4880: extract_entropy(.. 64 ..)
[    5.574270] random 0000 0000 0000 386b4e60 ee4d4880: going to reseed nonblocking with 512 bits (512 of 0 requested)
[    5.574272] random 0000 0000 0000 386b4e60 ee4d4880: extract_entropy(.. 64 ..)
[    5.574274] random 0000 0000 0000 386b4e60 ee4d4880: trying to extract 512 bits from input
[    5.574276] random 0000 0000 0000 386b4e60 ee4d4880: debiting 0 entropy credits from input
[    5.574278] random 0000 0000 0000 386b4e60 ee4d4880: extract_entropy account returned: 0 
[    5.574281] random 0000 0000 0000 386b4e60 ee4d4880: urand_change_num 27 xfer_secondary_pool(64): pool_sig fffffea5, data_sig 00000000, bytes_mixed 0 386b4e60 ee4d4880
[    5.574284] random 0000 0000 0000 386b4e60 ee4d4880: trying to extract 512 bits from nonblocking
[    5.574286] random 0000 0000 0000 386b4e60 ee4d4880: debiting 512 entropy credits from nonblocking (unlimited)
[    5.574288] random 0000 0000 0000 386b4e60 ee4d4880: extract_entropy account returned: 64 
[    5.574292] random 0000 0000 0000 386b4e60 ee4d4880: urand_change_num 28 extract_buf: pool_sig fffffea5, data_sig 00000173, bytes_mixed 20 386b4e60 ee4d4880
[    5.574298] random 0000 0000 0000 412698f6 0cc8689a: urand_change_num 29 extract_buf: pool_sig 00000122, data_sig ffffff63, bytes_mixed 20 412698f6 0cc8689a
[    5.574303] random 0000 0000 0000 412698f6 0cc8689a: urand_change_num 30 extract_buf: pool_sig 000001f7, data_sig 00000012, bytes_mixed 20 412698f6 0cc8689a
[    5.574308] random 0000 0000 0000 9669941e 06f768b1: urand_change_num 31 extract_buf: pool_sig fffffb5b, data_sig 0000003f, bytes_mixed 20 9669941e 06f768b1
[    5.574313] random 0000 0000 0000 98486520 995551f0: urand_change_num 32 extract_buf: pool_sig fffffb39, data_sig 0000000e, bytes_mixed 20 98486520 995551f0
[    5.574318] random 0000 0000 0000 98486520 995551f0: urand_change_num 33 extract_buf: pool_sig fffffd8d, data_sig 000001a6, bytes_mixed 20 98486520 995551f0
[    5.574324] random 0000 0000 0000 61fc8914 d5882ed2: urand_change_num 34 extract_buf: pool_sig fffffa58, data_sig 0000023e, bytes_mixed 20 61fc8914 d5882ed2
[    5.574353] random 0000 0000 0000 61fc8914 d5882ed2: rand_read_num 8 get_random_bytes(64): sig fffff9ee 61fc8914 d5882ed2
[    5.574355] random 0000 0000 0000 61fc8914 d5882ed2: extract_entropy(.. 64 ..)
[    5.574357] random 0000 0000 0000 61fc8914 d5882ed2: going to reseed nonblocking with 512 bits (512 of 0 requested)
[    5.574359] random 0000 0000 0000 61fc8914 d5882ed2: extract_entropy(.. 64 ..)
[    5.574361] random 0000 0000 0000 61fc8914 d5882ed2: trying to extract 512 bits from input
[    5.574363] random 0000 0000 0000 61fc8914 d5882ed2: debiting 0 entropy credits from input
[    5.574365] random 0000 0000 0000 61fc8914 d5882ed2: extract_entropy account returned: 0 
[    5.574369] random 0000 0000 0000 61fc8914 d5882ed2: urand_change_num 35 xfer_secondary_pool(64): pool_sig fffff9ee, data_sig 00000000, bytes_mixed 0 61fc8914 d5882ed2
[    5.574371] random 0000 0000 0000 61fc8914 d5882ed2: trying to extract 512 bits from nonblocking
[    5.574374] random 0000 0000 0000 61fc8914 d5882ed2: debiting 512 entropy credits from nonblocking (unlimited)
[    5.574376] random 0000 0000 0000 61fc8914 d5882ed2: extract_entropy account returned: 64 
[    5.574380] random 0000 0000 0000 61fc8914 d5882ed2: urand_change_num 36 extract_buf: pool_sig fffff9ee, data_sig ffffff85, bytes_mixed 20 61fc8914 d5882ed2
[    5.574385] random 0000 0000 0000 70cfd302 e5edec11: urand_change_num 37 extract_buf: pool_sig fffffdc1, data_sig ffffffde, bytes_mixed 20 70cfd302 e5edec11
[    5.574390] random 0000 0000 0000 00dab838 eafd2b30: urand_change_num 38 extract_buf: pool_sig 000003da, data_sig ffffff61, bytes_mixed 20 00dab838 eafd2b30
[    5.574395] random 0000 0000 0000 00dab838 eafd2b30: urand_change_num 39 extract_buf: pool_sig 00000314, data_sig 00000121, bytes_mixed 20 00dab838 eafd2b30
[    5.574401] random 0000 0000 0000 5fcdf66a 6442b608: urand_change_num 40 extract_buf: pool_sig 0000028b, data_sig fffffefd, bytes_mixed 20 5fcdf66a 6442b608
[    5.574406] random 0000 0000 0000 61333f6b 8fae0f9b: urand_change_num 41 extract_buf: pool_sig 000000cb, data_sig 000000b3, bytes_mixed 20 61333f6b 8fae0f9b
[    5.574411] random 0000 0000 0000 61333f6b 8fae0f9b: urand_change_num 42 extract_buf: pool_sig fffffef8, data_sig 00000051, bytes_mixed 20 61333f6b 8fae0f9b
[    5.574414] BEGIN NET_SECRET:
[    5.574415] \xffffffe0
[    5.574416] \xffffffb6
[    5.574417] \x36
[    5.574418] \xffffffb5
[    5.574418] \xffffff94
[    5.574419] \xffffffb2
[    5.574420] \xffffffa8
[    5.574421] \xffffffda
[    5.574422] \x5b
[    5.574422] \x19
[    5.574423] \x18
[    5.574424] \x5c
[    5.574425] \x2b
[    5.574425] \x1
[    5.574426] \xffffff90
[    5.574427] \x19
[    5.574428] \x3c
[    5.574428] \xfffffff2
[    5.574429] \xffffff82
[    5.574430] \x2a
[    5.574431] \xffffffb3
[    5.574431] \xffffffa2
[    5.574432] \x3f
[    5.574433] \x5
[    5.574434] \x52
[    5.574434] \x77
[    5.574435] \x57
[    5.574436] \x79
[    5.574437] \x16
[    5.574437] \x43
[    5.574438] \xffffff84
[    5.574439] \xffffffc3
[    5.574440] \xffffffe9
[    5.574440] \x79
[    5.574441] \x50
[    5.574442] \xffffff8e
[    5.574443] \x3f
[    5.574443] \xfffffff3
[    5.574444] \x19
[    5.574445] \x2a
[    5.574446] \xfffffffd
[    5.574446] \xfffffffb
[    5.574447] \x62
[    5.574448] \x3c
[    5.574449] \xffffffac
[    5.574449] \x1c
[    5.574450] \x3b
[    5.574451] \x3b
[    5.574452] \x15
[    5.574452] \x27
[    5.574453] \xffffffa8
[    5.574454] \x22
[    5.574455] \xffffffc5
[    5.574455] \xffffff9a
[    5.574456] \x5
[    5.574457] \x6c
[    5.574458] \xffffffa8
[    5.574458] \x3a
[    5.574459] \x44
[    5.574460] \xffffffaf
[    5.574461] \x13
[    5.574461] \xffffffe0
[    5.574462] \xffffff9d
[    5.574463] \x22
[    5.574464] 
[    5.574464] END NET_SECRET
[    5.574467] random 0000 0000 0000 e7f555d9 e8ce5c3c: rand_read_num 9 get_random_bytes(4): sig 0000068c e7f555d9 e8ce5c3c
[    5.574469] random 0000 0000 0000 e7f555d9 e8ce5c3c: extract_entropy(.. 4 ..)
[    5.574472] random 0000 0000 0000 e7f555d9 e8ce5c3c: going to reseed nonblocking with 64 bits (32 of 0 requested)
[    5.574474] random 0000 0000 0000 e7f555d9 e8ce5c3c: extract_entropy(.. 8 ..)
[    5.574476] random 0000 0000 0000 e7f555d9 e8ce5c3c: trying to extract 64 bits from input
[    5.574478] random 0000 0000 0000 e7f555d9 e8ce5c3c: debiting 0 entropy credits from input
[    5.574480] random 0000 0000 0000 e7f555d9 e8ce5c3c: extract_entropy account returned: 0 
[    5.574483] random 0000 0000 0000 e7f555d9 e8ce5c3c: urand_change_num 43 xfer_secondary_pool(4): pool_sig 0000068c, data_sig 00000000, bytes_mixed 0 e7f555d9 e8ce5c3c
[    5.574485] random 0000 0000 0000 e7f555d9 e8ce5c3c: trying to extract 32 bits from nonblocking
[    5.574488] random 0000 0000 0000 e7f555d9 e8ce5c3c: debiting 32 entropy credits from nonblocking (unlimited)
[    5.574490] random 0000 0000 0000 e7f555d9 e8ce5c3c: extract_entropy account returned: 4 
[    5.574494] random 0000 0000 0000 e7f555d9 e8ce5c3c: urand_change_num 44 extract_buf: pool_sig 0000068c, data_sig fffffdcb, bytes_mixed 20 e7f555d9 e8ce5c3c
[    5.574505] md: Waiting for all devices to be available before autodetect
[    5.574593] md: If you don't use raid, use raid=noautodetect
[    5.574749] md: Autodetecting RAID arrays.
[    5.574837] md: Scanned 0 and added 0 devices.
[    5.574916] md: autorun ...
[    5.574998] md: ... autorun DONE.
[    5.589744] EXT3-fs: sda2: couldn't mount because of unsupported optional features (240).
[    5.589970] EXT2-fs: sda2: couldn't mount because of unsupported optional features (240).
[    5.591254] random 0000 0000 0000 e7f555d9 e8ce5c3c: rand_read_num 10 get_random_bytes(4): sig ffffff72 e7f555d9 e8ce5c3c
[    5.591257] random 0000 0000 0000 e7f555d9 e8ce5c3c: extract_entropy(.. 4 ..)
[    5.591259] random 0000 0000 0000 e7f555d9 e8ce5c3c: going to reseed nonblocking with 64 bits (32 of 0 requested)
[    5.591261] random 0000 0000 0000 e7f555d9 e8ce5c3c: extract_entropy(.. 8 ..)
[    5.591263] random 0000 0000 0000 e7f555d9 e8ce5c3c: trying to extract 64 bits from input
[    5.591265] random 0000 0000 0000 e7f555d9 e8ce5c3c: debiting 0 entropy credits from input
[    5.591267] random 0000 0000 0000 e7f555d9 e8ce5c3c: extract_entropy account returned: 0 
[    5.591271] random 0000 0000 0000 e7f555d9 e8ce5c3c: urand_change_num 45 xfer_secondary_pool(4): pool_sig ffffff72, data_sig 00000000, bytes_mixed 0 e7f555d9 e8ce5c3c
[    5.591273] random 0000 0000 0000 e7f555d9 e8ce5c3c: trying to extract 32 bits from nonblocking
[    5.591276] random 0000 0000 0000 e7f555d9 e8ce5c3c: debiting 32 entropy credits from nonblocking (unlimited)
[    5.591278] random 0000 0000 0000 e7f555d9 e8ce5c3c: extract_entropy account returned: 4 
[    5.591282] random 0000 0000 0000 e7f555d9 e8ce5c3c: urand_change_num 46 extract_buf: pool_sig ffffff72, data_sig ffffff72, bytes_mixed 20 e7f555d9 e8ce5c3c
[    5.626461] EXT4-fs (sda2): mounted filesystem with ordered data mode
[    5.626632] VFS: Mounted root (ext4 filesystem) readonly on device 8:2.
[    5.626737] Freeing unused kernel memory: 448k freed
[    5.697040] random 0000 0000 0000 91716c54 eeb6a1e7: rand_read_num 11 get_random_bytes(16): sig fffffcad 91716c54 eeb6a1e7
[    5.697043] random 0000 0000 0000 91716c54 eeb6a1e7: extract_entropy(.. 16 ..)
[    5.697046] random 0000 0000 0000 91716c54 eeb6a1e7: going to reseed nonblocking with 128 bits (128 of 0 requested)
[    5.697048] random 0000 0000 0000 91716c54 eeb6a1e7: extract_entropy(.. 16 ..)
[    5.697050] random 0000 0000 0000 91716c54 eeb6a1e7: trying to extract 128 bits from input
[    5.697052] random 0000 0000 0000 91716c54 eeb6a1e7: debiting 0 entropy credits from input
[    5.697054] random 0000 0000 0000 91716c54 eeb6a1e7: extract_entropy account returned: 0 
[    5.697057] random 0000 0000 0000 91716c54 eeb6a1e7: urand_change_num 47 xfer_secondary_pool(16): pool_sig fffffcad, data_sig 00000000, bytes_mixed 0 91716c54 eeb6a1e7
[    5.697060] random 0000 0000 0000 91716c54 eeb6a1e7: trying to extract 128 bits from nonblocking
[    5.697062] random 0000 0000 0000 91716c54 eeb6a1e7: debiting 128 entropy credits from nonblocking (unlimited)
[    5.697064] random 0000 0000 0000 91716c54 eeb6a1e7: extract_entropy account returned: 16 
[    5.697068] random 0000 0000 0000 91716c54 eeb6a1e7: urand_change_num 48 extract_buf: pool_sig fffffcad, data_sig ffffff19, bytes_mixed 20 91716c54 eeb6a1e7
[    5.697074] random 0000 0000 0000 fd637b06 6cf47bc1: urand_change_num 49 extract_buf: pool_sig fffffede, data_sig ffffffc1, bytes_mixed 20 fd637b06 6cf47bc1
[    5.775458] random 0000 0000 0000 fd637b06 6cf47bc1: rand_read_num 12 get_random_bytes(16): sig 0000033b fd637b06 6cf47bc1
[    5.775460] random 0000 0000 0000 fd637b06 6cf47bc1: extract_entropy(.. 16 ..)
[    5.775463] random 0000 0000 0000 fd637b06 6cf47bc1: going to reseed nonblocking with 128 bits (128 of 0 requested)
[    5.775465] random 0000 0000 0000 fd637b06 6cf47bc1: extract_entropy(.. 16 ..)
[    5.775467] random 0000 0000 0000 fd637b06 6cf47bc1: trying to extract 128 bits from input
[    5.775469] random 0000 0000 0000 fd637b06 6cf47bc1: debiting 0 entropy credits from input
[    5.775471] random 0000 0000 0000 fd637b06 6cf47bc1: extract_entropy account returned: 0 
[    5.775475] random 0000 0000 0000 fd637b06 6cf47bc1: urand_change_num 50 xfer_secondary_pool(16): pool_sig 0000033b, data_sig 00000000, bytes_mixed 0 fd637b06 6cf47bc1
[    5.775477] random 0000 0000 0000 fd637b06 6cf47bc1: trying to extract 128 bits from nonblocking
[    5.775480] random 0000 0000 0000 fd637b06 6cf47bc1: debiting 128 entropy credits from nonblocking (unlimited)
[    5.775482] random 0000 0000 0000 fd637b06 6cf47bc1: extract_entropy account returned: 16 
[    5.775486] random 0000 0000 0000 fd637b06 6cf47bc1: urand_change_num 51 extract_buf: pool_sig 0000033b, data_sig 000000d8, bytes_mixed 20 fd637b06 6cf47bc1
[    5.775492] random 0000 0000 0000 0ec1f012 d4727ca8: urand_change_num 52 extract_buf: pool_sig fffffcf5, data_sig 00000016, bytes_mixed 20 0ec1f012 d4727ca8
[    6.139057] ieee1394: Host added: ID:BUS[0-00:1023]  GUID[00061b032a25f51c]
[    6.149337] random 0000 0000 0000 45b1d0b1 845a73f7: rand_read_num 13 get_random_bytes(16): sig 00000116 45b1d0b1 845a73f7
[    6.149340] random 0000 0000 0000 45b1d0b1 845a73f7: extract_entropy(.. 16 ..)
[    6.149343] random 0000 0000 0000 45b1d0b1 845a73f7: going to reseed nonblocking with 128 bits (128 of 0 requested)
[    6.149345] random 0000 0000 0000 45b1d0b1 845a73f7: extract_entropy(.. 16 ..)
[    6.149347] random 0000 0000 0000 45b1d0b1 845a73f7: trying to extract 128 bits from input
[    6.149349] random 0000 0000 0000 45b1d0b1 845a73f7: debiting 0 entropy credits from input
[    6.149351] random 0000 0000 0000 45b1d0b1 845a73f7: extract_entropy account returned: 0 
[    6.149354] random 0000 0000 0000 45b1d0b1 845a73f7: urand_change_num 53 xfer_secondary_pool(16): pool_sig 00000116, data_sig 00000000, bytes_mixed 0 45b1d0b1 845a73f7
[    6.149357] random 0000 0000 0000 45b1d0b1 845a73f7: trying to extract 128 bits from nonblocking
[    6.149359] random 0000 0000 0000 45b1d0b1 845a73f7: debiting 128 entropy credits from nonblocking (unlimited)
[    6.149362] random 0000 0000 0000 45b1d0b1 845a73f7: extract_entropy account returned: 16 
[    6.149366] random 0000 0000 0000 45b1d0b1 845a73f7: urand_change_num 54 extract_buf: pool_sig 00000116, data_sig fffffd8b, bytes_mixed 20 45b1d0b1 845a73f7
[    6.149371] random 0000 0000 0000 45b1d0b1 845a73f7: urand_change_num 55 extract_buf: pool_sig fffffc05, data_sig 00000109, bytes_mixed 20 45b1d0b1 845a73f7
[    6.201830] random 0000 0000 0000 5012cce3 b8a30621: rand_read_num 14 get_random_bytes(16): sig fffffb93 5012cce3 b8a30621
[    6.201832] random 0000 0000 0000 5012cce3 b8a30621: extract_entropy(.. 16 ..)
[    6.201835] random 0000 0000 0000 5012cce3 b8a30621: going to reseed nonblocking with 128 bits (128 of 0 requested)
[    6.201837] random 0000 0000 0000 5012cce3 b8a30621: extract_entropy(.. 16 ..)
[    6.201839] random 0000 0000 0000 5012cce3 b8a30621: trying to extract 128 bits from input
[    6.201841] random 0000 0000 0000 5012cce3 b8a30621: debiting 0 entropy credits from input
[    6.201843] random 0000 0000 0000 5012cce3 b8a30621: extract_entropy account returned: 0 
[    6.201847] random 0000 0000 0000 5012cce3 b8a30621: urand_change_num 56 xfer_secondary_pool(16): pool_sig fffffb93, data_sig 00000000, bytes_mixed 0 5012cce3 b8a30621
[    6.201849] random 0000 0000 0000 5012cce3 b8a30621: trying to extract 128 bits from nonblocking
[    6.201852] random 0000 0000 0000 5012cce3 b8a30621: debiting 128 entropy credits from nonblocking (unlimited)
[    6.201854] random 0000 0000 0000 5012cce3 b8a30621: extract_entropy account returned: 16 
[    6.201858] random 0000 0000 0000 5012cce3 b8a30621: urand_change_num 57 extract_buf: pool_sig fffffb93, data_sig ffffff35, bytes_mixed 20 5012cce3 b8a30621
[    6.201863] random 0000 0000 0000 5012cce3 b8a30621: urand_change_num 58 extract_buf: pool_sig fffffb9d, data_sig ffffff92, bytes_mixed 20 5012cce3 b8a30621
[    6.203232] random 0000 0000 0000 30a5721d 4b648ff6: rand_read_num 15 get_random_bytes(16): sig fffffeb5 30a5721d 4b648ff6
[    6.203235] random 0000 0000 0000 30a5721d 4b648ff6: extract_entropy(.. 16 ..)
[    6.203237] random 0000 0000 0000 30a5721d 4b648ff6: going to reseed nonblocking with 128 bits (128 of 0 requested)
[    6.203240] random 0000 0000 0000 30a5721d 4b648ff6: extract_entropy(.. 16 ..)
[    6.203242] random 0000 0000 0000 30a5721d 4b648ff6: trying to extract 128 bits from input
[    6.203244] random 0000 0000 0000 30a5721d 4b648ff6: debiting 0 entropy credits from input
[    6.203246] random 0000 0000 0000 30a5721d 4b648ff6: extract_entropy account returned: 0 
[    6.203249] random 0000 0000 0000 30a5721d 4b648ff6: urand_change_num 59 xfer_secondary_pool(16): pool_sig fffffeb5, data_sig 00000000, bytes_mixed 0 30a5721d 4b648ff6
[    6.203252] random 0000 0000 0000 30a5721d 4b648ff6: trying to extract 128 bits from nonblocking
[    6.203254] random 0000 0000 0000 30a5721d 4b648ff6: debiting 128 entropy credits from nonblocking (unlimited)
[    6.203256] random 0000 0000 0000 30a5721d 4b648ff6: extract_entropy account returned: 16 
[    6.203260] random 0000 0000 0000 30a5721d 4b648ff6: urand_change_num 60 extract_buf: pool_sig fffffeb5, data_sig 000000c2, bytes_mixed 20 30a5721d 4b648ff6
[    6.203266] random 0000 0000 0000 89bae1ab 704c432f: urand_change_num 61 extract_buf: pool_sig 0000006e, data_sig fffffefc, bytes_mixed 20 89bae1ab 704c432f
[    6.203814] random 0000 0000 0000 89bae1ab 704c432f: rand_read_num 16 get_random_bytes(16): sig fffffd99 89bae1ab 704c432f
[    6.203817] random 0000 0000 0000 89bae1ab 704c432f: extract_entropy(.. 16 ..)
[    6.203819] random 0000 0000 0000 89bae1ab 704c432f: going to reseed nonblocking with 128 bits (128 of 0 requested)
[    6.203822] random 0000 0000 0000 89bae1ab 704c432f: extract_entropy(.. 16 ..)
[    6.203824] random 0000 0000 0000 89bae1ab 704c432f: trying to extract 128 bits from input
[    6.203826] random 0000 0000 0000 89bae1ab 704c432f: debiting 0 entropy credits from input
[    6.203828] random 0000 0000 0000 89bae1ab 704c432f: extract_entropy account returned: 0 
[    6.203831] random 0000 0000 0000 89bae1ab 704c432f: urand_change_num 62 xfer_secondary_pool(16): pool_sig fffffd99, data_sig 00000000, bytes_mixed 0 89bae1ab 704c432f
[    6.203834] random 0000 0000 0000 89bae1ab 704c432f: trying to extract 128 bits from nonblocking
[    6.203836] random 0000 0000 0000 89bae1ab 704c432f: debiting 128 entropy credits from nonblocking (unlimited)
[    6.203838] random 0000 0000 0000 89bae1ab 704c432f: extract_entropy account returned: 16 
[    6.203842] random 0000 0000 0000 89bae1ab 704c432f: urand_change_num 63 extract_buf: pool_sig fffffd99, data_sig 00000204, bytes_mixed 20 89bae1ab 704c432f
[    6.203848] random 0000 0000 0000 6c298a02 2b1539f8: urand_change_num 64 extract_buf: pool_sig 00000124, data_sig fffffff5, bytes_mixed 20 6c298a02 2b1539f8
[    6.204741] random 0000 0000 0000 c77b8b35 70f6cab5: rand_read_num 17 get_random_bytes(16): sig 0000036b c77b8b35 70f6cab5
[    6.204744] random 0000 0000 0000 c77b8b35 70f6cab5: extract_entropy(.. 16 ..)
[    6.204746] random 0000 0000 0000 c77b8b35 70f6cab5: going to reseed nonblocking with 128 bits (128 of 0 requested)
[    6.204749] random 0000 0000 0000 c77b8b35 70f6cab5: extract_entropy(.. 16 ..)
[    6.204751] random 0000 0000 0000 c77b8b35 70f6cab5: trying to extract 128 bits from input
[    6.204753] random 0000 0000 0000 c77b8b35 70f6cab5: debiting 0 entropy credits from input
[    6.204755] random 0000 0000 0000 c77b8b35 70f6cab5: extract_entropy account returned: 0 
[    6.204758] random 0000 0000 0000 c77b8b35 70f6cab5: urand_change_num 65 xfer_secondary_pool(16): pool_sig 0000036b, data_sig 00000000, bytes_mixed 0 c77b8b35 70f6cab5
[    6.204761] random 0000 0000 0000 c77b8b35 70f6cab5: trying to extract 128 bits from nonblocking
[    6.204763] random 0000 0000 0000 c77b8b35 70f6cab5: debiting 128 entropy credits from nonblocking (unlimited)
[    6.204765] random 0000 0000 0000 c77b8b35 70f6cab5: extract_entropy account returned: 16 
[    6.204770] random 0000 0000 0000 c77b8b35 70f6cab5: urand_change_num 66 extract_buf: pool_sig 0000036b, data_sig 0000005f, bytes_mixed 20 c77b8b35 70f6cab5
[    6.204775] random 0000 0000 0000 c77b8b35 70f6cab5: urand_change_num 67 extract_buf: pool_sig ffffff1c, data_sig 0000005a, bytes_mixed 20 c77b8b35 70f6cab5
[    6.205368] random 0000 0000 0000 af21d212 57d20ca3: rand_read_num 18 get_random_bytes(16): sig fffffb7f af21d212 57d20ca3
[    6.205371] random 0000 0000 0000 af21d212 57d20ca3: extract_entropy(.. 16 ..)
[    6.205373] random 0000 0000 0000 af21d212 57d20ca3: going to reseed nonblocking with 128 bits (128 of 0 requested)
[    6.205376] random 0000 0000 0000 af21d212 57d20ca3: extract_entropy(.. 16 ..)
[    6.205378] random 0000 0000 0000 af21d212 57d20ca3: trying to extract 128 bits from input
[    6.205380] random 0000 0000 0000 af21d212 57d20ca3: debiting 0 entropy credits from input
[    6.205382] random 0000 0000 0000 af21d212 57d20ca3: extract_entropy account returned: 0 
[    6.205385] random 0000 0000 0000 af21d212 57d20ca3: urand_change_num 68 xfer_secondary_pool(16): pool_sig fffffb7f, data_sig 00000000, bytes_mixed 0 af21d212 57d20ca3
[    6.205388] random 0000 0000 0000 af21d212 57d20ca3: trying to extract 128 bits from nonblocking
[    6.205390] random 0000 0000 0000 af21d212 57d20ca3: debiting 128 entropy credits from nonblocking (unlimited)
[    6.205392] random 0000 0000 0000 af21d212 57d20ca3: extract_entropy account returned: 16 
[    6.205397] random 0000 0000 0000 af21d212 57d20ca3: urand_change_num 69 extract_buf: pool_sig fffffb7f, data_sig ffffff88, bytes_mixed 20 af21d212 57d20ca3
[    6.205402] random 0000 0000 0000 af21d212 57d20ca3: urand_change_num 70 extract_buf: pool_sig fffffe1d, data_sig ffffff17, bytes_mixed 20 af21d212 57d20ca3
[    6.205993] random 0000 0000 0000 ffbd26fd 21933274: rand_read_num 19 get_random_bytes(16): sig ffffffc7 ffbd26fd 21933274
[    6.205996] random 0000 0000 0000 ffbd26fd 21933274: extract_entropy(.. 16 ..)
[    6.205998] random 0000 0000 0000 ffbd26fd 21933274: going to reseed nonblocking with 128 bits (128 of 0 requested)
[    6.206001] random 0000 0000 0000 ffbd26fd 21933274: extract_entropy(.. 16 ..)
[    6.206003] random 0000 0000 0000 ffbd26fd 21933274: trying to extract 128 bits from input
[    6.206005] random 0000 0000 0000 ffbd26fd 21933274: debiting 0 entropy credits from input
[    6.206007] random 0000 0000 0000 ffbd26fd 21933274: extract_entropy account returned: 0 
[    6.206010] random 0000 0000 0000 ffbd26fd 21933274: urand_change_num 71 xfer_secondary_pool(16): pool_sig ffffffc7, data_sig 00000000, bytes_mixed 0 ffbd26fd 21933274
[    6.206013] random 0000 0000 0000 ffbd26fd 21933274: trying to extract 128 bits from nonblocking
[    6.206015] random 0000 0000 0000 ffbd26fd 21933274: debiting 128 entropy credits from nonblocking (unlimited)
[    6.206017] random 0000 0000 0000 ffbd26fd 21933274: extract_entropy account returned: 16 
[    6.206022] random 0000 0000 0000 ffbd26fd 21933274: urand_change_num 72 extract_buf: pool_sig ffffffc7, data_sig 0000013b, bytes_mixed 20 ffbd26fd 21933274
[    6.206027] random 0000 0000 0000 151530a2 56c65dd3: urand_change_num 73 extract_buf: pool_sig ffffffbf, data_sig 00000036, bytes_mixed 20 151530a2 56c65dd3
[    6.206580] random 0000 0000 0000 151530a2 56c65dd3: rand_read_num 20 get_random_bytes(16): sig 000001a7 151530a2 56c65dd3
[    6.206582] random 0000 0000 0000 151530a2 56c65dd3: extract_entropy(.. 16 ..)
[    6.206585] random 0000 0000 0000 151530a2 56c65dd3: going to reseed nonblocking with 128 bits (128 of 0 requested)
[    6.206587] random 0000 0000 0000 151530a2 56c65dd3: extract_entropy(.. 16 ..)
[    6.206589] random 0000 0000 0000 151530a2 56c65dd3: trying to extract 128 bits from input
[    6.206592] random 0000 0000 0000 151530a2 56c65dd3: debiting 0 entropy credits from input
[    6.206593] random 0000 0000 0000 151530a2 56c65dd3: extract_entropy account returned: 0 
[    6.206597] random 0000 0000 0000 151530a2 56c65dd3: urand_change_num 74 xfer_secondary_pool(16): pool_sig 000001a7, data_sig 00000000, bytes_mixed 0 151530a2 56c65dd3
[    6.206600] random 0000 0000 0000 151530a2 56c65dd3: trying to extract 128 bits from nonblocking
[    6.206602] random 0000 0000 0000 151530a2 56c65dd3: debiting 128 entropy credits from nonblocking (unlimited)
[    6.206604] random 0000 0000 0000 151530a2 56c65dd3: extract_entropy account returned: 16 
[    6.206608] random 0000 0000 0000 151530a2 56c65dd3: urand_change_num 75 extract_buf: pool_sig 000001a7, data_sig ffffffa1, bytes_mixed 20 151530a2 56c65dd3
[    6.206613] random 0000 0000 0000 5d3e132e d9a77eb3: urand_change_num 76 extract_buf: pool_sig fffffcc9, data_sig 00000013, bytes_mixed 20 5d3e132e d9a77eb3
[    6.257637] random 0000 0000 0000 264837ad 0a28fef5: rand_read_num 21 get_random_bytes(16): sig ffffffd0 264837ad 0a28fef5
[    6.257640] random 0000 0000 0000 264837ad 0a28fef5: extract_entropy(.. 16 ..)
[    6.257643] random 0000 0000 0000 264837ad 0a28fef5: going to reseed nonblocking with 128 bits (128 of 0 requested)
[    6.257646] random 0000 0000 0000 264837ad 0a28fef5: extract_entropy(.. 16 ..)
[    6.257648] random 0000 0000 0000 264837ad 0a28fef5: trying to extract 128 bits from input
[    6.257650] random 0000 0000 0000 264837ad 0a28fef5: debiting 0 entropy credits from input
[    6.257652] random 0000 0000 0000 264837ad 0a28fef5: extract_entropy account returned: 0 
[    6.257655] random 0000 0000 0000 264837ad 0a28fef5: urand_change_num 77 xfer_secondary_pool(16): pool_sig ffffffd0, data_sig 00000000, bytes_mixed 0 264837ad 0a28fef5
[    6.257658] random 0000 0000 0000 264837ad 0a28fef5: trying to extract 128 bits from nonblocking
[    6.257660] random 0000 0000 0000 264837ad 0a28fef5: debiting 128 entropy credits from nonblocking (unlimited)
[    6.257663] random 0000 0000 0000 264837ad 0a28fef5: extract_entropy account returned: 16 
[    6.257667] random 0000 0000 0000 264837ad 0a28fef5: urand_change_num 78 extract_buf: pool_sig ffffffd0, data_sig 0000017b, bytes_mixed 20 264837ad 0a28fef5
[    6.257672] random 0000 0000 0000 264837ad 0a28fef5: urand_change_num 79 extract_buf: pool_sig 0000045c, data_sig 000001df, bytes_mixed 20 264837ad 0a28fef5
[    6.259127] random 0000 0000 0000 f37f7344 164aede0: rand_read_num 22 get_random_bytes(16): sig 000003c2 f37f7344 164aede0
[    6.259130] random 0000 0000 0000 f37f7344 164aede0: extract_entropy(.. 16 ..)
[    6.259133] random 0000 0000 0000 f37f7344 164aede0: going to reseed nonblocking with 128 bits (128 of 0 requested)
[    6.259135] random 0000 0000 0000 f37f7344 164aede0: extract_entropy(.. 16 ..)
[    6.259137] random 0000 0000 0000 f37f7344 164aede0: trying to extract 128 bits from input
[    6.259139] random 0000 0000 0000 f37f7344 164aede0: debiting 0 entropy credits from input
[    6.259141] random 0000 0000 0000 f37f7344 164aede0: extract_entropy account returned: 0 
[    6.259144] random 0000 0000 0000 f37f7344 164aede0: urand_change_num 80 xfer_secondary_pool(16): pool_sig 000003c2, data_sig 00000000, bytes_mixed 0 f37f7344 164aede0
[    6.259147] random 0000 0000 0000 f37f7344 164aede0: trying to extract 128 bits from nonblocking
[    6.259149] random 0000 0000 0000 f37f7344 164aede0: debiting 128 entropy credits from nonblocking (unlimited)
[    6.259152] random 0000 0000 0000 f37f7344 164aede0: extract_entropy account returned: 16 
[    6.259156] random 0000 0000 0000 f37f7344 164aede0: urand_change_num 81 extract_buf: pool_sig 000003c2, data_sig ffffff6c, bytes_mixed 20 f37f7344 164aede0
[    6.259161] random 0000 0000 0000 f37f7344 164aede0: urand_change_num 82 extract_buf: pool_sig fffffdfc, data_sig 00000091, bytes_mixed 20 f37f7344 164aede0
[    6.281940] random 0000 0000 0000 a4794863 878070c1: rand_read_num 23 get_random_bytes(16): sig 0000011b a4794863 878070c1
[    6.281943] random 0000 0000 0000 a4794863 878070c1: extract_entropy(.. 16 ..)
[    6.281946] random 0000 0000 0000 a4794863 878070c1: going to reseed nonblocking with 128 bits (128 of 0 requested)
[    6.281948] random 0000 0000 0000 a4794863 878070c1: extract_entropy(.. 16 ..)
[    6.281950] random 0000 0000 0000 a4794863 878070c1: trying to extract 128 bits from input
[    6.281952] random 0000 0000 0000 a4794863 878070c1: debiting 0 entropy credits from input
[    6.281954] random 0000 0000 0000 a4794863 878070c1: extract_entropy account returned: 0 
[    6.281957] random 0000 0000 0000 a4794863 878070c1: urand_change_num 83 xfer_secondary_pool(16): pool_sig 0000011b, data_sig 00000000, bytes_mixed 0 a4794863 878070c1
[    6.281960] random 0000 0000 0000 a4794863 878070c1: trying to extract 128 bits from nonblocking
[    6.281962] random 0000 0000 0000 a4794863 878070c1: debiting 128 entropy credits from nonblocking (unlimited)
[    6.281964] random 0000 0000 0000 a4794863 878070c1: extract_entropy account returned: 16 
[    6.281969] random 0000 0000 0000 a4794863 878070c1: urand_change_num 84 extract_buf: pool_sig 0000011b, data_sig ffffff51, bytes_mixed 20 a4794863 878070c1
[    6.281974] random 0000 0000 0000 737f19b4 9417d8ab: urand_change_num 85 extract_buf: pool_sig 000001a3, data_sig 0000006c, bytes_mixed 20 737f19b4 9417d8ab
[    6.286028] random 0000 0000 0000 737f19b4 9417d8ab: rand_read_num 24 get_random_bytes(16): sig fffffe22 737f19b4 9417d8ab
[    6.286031] random 0000 0000 0000 737f19b4 9417d8ab: extract_entropy(.. 16 ..)
[    6.286033] random 0000 0000 0000 737f19b4 9417d8ab: going to reseed nonblocking with 128 bits (128 of 0 requested)
[    6.286036] random 0000 0000 0000 737f19b4 9417d8ab: extract_entropy(.. 16 ..)
[    6.286038] random 0000 0000 0000 737f19b4 9417d8ab: trying to extract 128 bits from input
[    6.286040] random 0000 0000 0000 737f19b4 9417d8ab: debiting 0 entropy credits from input
[    6.286042] random 0000 0000 0000 737f19b4 9417d8ab: extract_entropy account returned: 0 
[    6.286045] random 0000 0000 0000 737f19b4 9417d8ab: urand_change_num 86 xfer_secondary_pool(16): pool_sig fffffe22, data_sig 00000000, bytes_mixed 0 737f19b4 9417d8ab
[    6.286048] random 0000 0000 0000 737f19b4 9417d8ab: trying to extract 128 bits from nonblocking
[    6.286050] random 0000 0000 0000 737f19b4 9417d8ab: debiting 128 entropy credits from nonblocking (unlimited)
[    6.286052] random 0000 0000 0000 737f19b4 9417d8ab: extract_entropy account returned: 16 
[    6.286056] random 0000 0000 0000 737f19b4 9417d8ab: urand_change_num 87 extract_buf: pool_sig fffffe22, data_sig 00000230, bytes_mixed 20 737f19b4 9417d8ab
[    6.286062] random 0000 0000 0000 4deb0d06 1236af4c: urand_change_num 88 extract_buf: pool_sig 000000b6, data_sig ffffff44, bytes_mixed 20 4deb0d06 1236af4c
[    6.287063] random 0000 0000 0000 b538fadc 4a7613df: rand_read_num 25 get_random_bytes(16): sig 0000013c b538fadc 4a7613df
[    6.287065] random 0000 0000 0000 b538fadc 4a7613df: extract_entropy(.. 16 ..)
[    6.287068] random 0000 0000 0000 b538fadc 4a7613df: going to reseed nonblocking with 128 bits (128 of 0 requested)
[    6.287070] random 0000 0000 0000 b538fadc 4a7613df: extract_entropy(.. 16 ..)
[    6.287072] random 0000 0000 0000 b538fadc 4a7613df: trying to extract 128 bits from input
[    6.287075] random 0000 0000 0000 b538fadc 4a7613df: debiting 0 entropy credits from input
[    6.287077] random 0000 0000 0000 b538fadc 4a7613df: extract_entropy account returned: 0 
[    6.287080] random 0000 0000 0000 b538fadc 4a7613df: urand_change_num 89 xfer_secondary_pool(16): pool_sig 0000013c, data_sig 00000000, bytes_mixed 0 b538fadc 4a7613df
[    6.287083] random 0000 0000 0000 b538fadc 4a7613df: trying to extract 128 bits from nonblocking
[    6.287085] random 0000 0000 0000 b538fadc 4a7613df: debiting 128 entropy credits from nonblocking (unlimited)
[    6.287087] random 0000 0000 0000 b538fadc 4a7613df: extract_entropy account returned: 16 
[    6.287091] random 0000 0000 0000 b538fadc 4a7613df: urand_change_num 90 extract_buf: pool_sig 0000013c, data_sig 00000015, bytes_mixed 20 b538fadc 4a7613df
[    6.287097] random 0000 0000 0000 b538fadc 4a7613df: urand_change_num 91 extract_buf: pool_sig 00000452, data_sig 0000002b, bytes_mixed 20 b538fadc 4a7613df
[    6.287547] random 0000 0000 0000 73b17df4 93bb370e: rand_read_num 26 get_random_bytes(16): sig fffffbf1 73b17df4 93bb370e
[    6.287550] random 0000 0000 0000 73b17df4 93bb370e: extract_entropy(.. 16 ..)
[    6.287553] random 0000 0000 0000 73b17df4 93bb370e: going to reseed nonblocking with 128 bits (128 of 0 requested)
[    6.287555] random 0000 0000 0000 73b17df4 93bb370e: extract_entropy(.. 16 ..)
[    6.287557] random 0000 0000 0000 73b17df4 93bb370e: trying to extract 128 bits from input
[    6.287559] random 0000 0000 0000 73b17df4 93bb370e: debiting 0 entropy credits from input
[    6.287561] random 0000 0000 0000 73b17df4 93bb370e: extract_entropy account returned: 0 
[    6.287564] random 0000 0000 0000 73b17df4 93bb370e: urand_change_num 92 xfer_secondary_pool(16): pool_sig fffffbf1, data_sig 00000000, bytes_mixed 0 73b17df4 93bb370e
[    6.287567] random 0000 0000 0000 73b17df4 93bb370e: trying to extract 128 bits from nonblocking
[    6.287569] random 0000 0000 0000 73b17df4 93bb370e: debiting 128 entropy credits from nonblocking (unlimited)
[    6.287571] random 0000 0000 0000 73b17df4 93bb370e: extract_entropy account returned: 16 
[    6.287575] random 0000 0000 0000 73b17df4 93bb370e: urand_change_num 93 extract_buf: pool_sig fffffbf1, data_sig ffffff99, bytes_mixed 20 73b17df4 93bb370e
[    6.287581] random 0000 0000 0000 73b17df4 93bb370e: urand_change_num 94 extract_buf: pool_sig fffffe1d, data_sig 000000b0, bytes_mixed 20 73b17df4 93bb370e
[    6.287991] random 0000 0000 0000 0cd682bb ba04da9f: rand_read_num 27 get_random_bytes(16): sig fffffccb 0cd682bb ba04da9f
[    6.287994] random 0000 0000 0000 0cd682bb ba04da9f: extract_entropy(.. 16 ..)
[    6.287997] random 0000 0000 0000 0cd682bb ba04da9f: going to reseed nonblocking with 128 bits (128 of 0 requested)
[    6.287999] random 0000 0000 0000 0cd682bb ba04da9f: extract_entropy(.. 16 ..)
[    6.288001] random 0000 0000 0000 0cd682bb ba04da9f: trying to extract 128 bits from input
[    6.288003] random 0000 0000 0000 0cd682bb ba04da9f: debiting 0 entropy credits from input
[    6.288005] random 0000 0000 0000 0cd682bb ba04da9f: extract_entropy account returned: 0 
[    6.288008] random 0000 0000 0000 0cd682bb ba04da9f: urand_change_num 95 xfer_secondary_pool(16): pool_sig fffffccb, data_sig 00000000, bytes_mixed 0 0cd682bb ba04da9f
[    6.288011] random 0000 0000 0000 0cd682bb ba04da9f: trying to extract 128 bits from nonblocking
[    6.288014] random 0000 0000 0000 0cd682bb ba04da9f: debiting 128 entropy credits from nonblocking (unlimited)
[    6.288016] random 0000 0000 0000 0cd682bb ba04da9f: extract_entropy account returned: 16 
[    6.288020] random 0000 0000 0000 0cd682bb ba04da9f: urand_change_num 96 extract_buf: pool_sig fffffccb, data_sig fffffec5, bytes_mixed 20 0cd682bb ba04da9f
[    6.288025] random 0000 0000 0000 26929f1a 15254dc1: urand_change_num 97 extract_buf: pool_sig fffffed2, data_sig ffffffb1, bytes_mixed 20 26929f1a 15254dc1
[    6.288892] random 0000 0000 0000 26929f1a 15254dc1: rand_read_num 28 get_random_bytes(16): sig 00000038 26929f1a 15254dc1
[    6.288895] random 0000 0000 0000 26929f1a 15254dc1: extract_entropy(.. 16 ..)
[    6.288897] random 0000 0000 0000 26929f1a 15254dc1: going to reseed nonblocking with 128 bits (128 of 0 requested)
[    6.288900] random 0000 0000 0000 26929f1a 15254dc1: extract_entropy(.. 16 ..)
[    6.288902] random 0000 0000 0000 26929f1a 15254dc1: trying to extract 128 bits from input
[    6.288904] random 0000 0000 0000 26929f1a 15254dc1: debiting 0 entropy credits from input
[    6.288906] random 0000 0000 0000 26929f1a 15254dc1: extract_entropy account returned: 0 
[    6.288909] random 0000 0000 0000 26929f1a 15254dc1: urand_change_num 98 xfer_secondary_pool(16): pool_sig 00000038, data_sig 00000000, bytes_mixed 0 26929f1a 15254dc1
[    6.288912] random 0000 0000 0000 26929f1a 15254dc1: trying to extract 128 bits from nonblocking
[    6.288914] random 0000 0000 0000 26929f1a 15254dc1: debiting 128 entropy credits from nonblocking (unlimited)
[    6.288916] random 0000 0000 0000 26929f1a 15254dc1: extract_entropy account returned: 16 
[    6.288920] random 0000 0000 0000 26929f1a 15254dc1: urand_change_num 99 extract_buf: pool_sig 00000038, data_sig 000000fd, bytes_mixed 20 26929f1a 15254dc1
[    6.288926] random 0000 0000 0000 8116fe3b 478c2d5b: urand_change_num 100 extract_buf: pool_sig 00000059, data_sig 00000310, bytes_mixed 20 8116fe3b 478c2d5b
[    6.295569] random 0000 0000 0000 a20f4a3a 32a6b2fa: rand_read_num 29 get_random_bytes(16): sig 000002c0 a20f4a3a 32a6b2fa
[    6.295572] random 0000 0000 0000 a20f4a3a 32a6b2fa: extract_entropy(.. 16 ..)
[    6.295575] random 0000 0000 0000 a20f4a3a 32a6b2fa: going to reseed nonblocking with 128 bits (128 of 0 requested)
[    6.295577] random 0000 0000 0000 a20f4a3a 32a6b2fa: extract_entropy(.. 16 ..)
[    6.295579] random 0000 0000 0000 a20f4a3a 32a6b2fa: trying to extract 128 bits from input
[    6.295581] random 0000 0000 0000 a20f4a3a 32a6b2fa: debiting 0 entropy credits from input
[    6.295583] random 0000 0000 0000 a20f4a3a 32a6b2fa: extract_entropy account returned: 0 
[    6.295586] random 0000 0000 0000 a20f4a3a 32a6b2fa: urand_change_num 101 xfer_secondary_pool(16): pool_sig 000002c0, data_sig 00000000, bytes_mixed 0 a20f4a3a 32a6b2fa
[    6.295589] random 0000 0000 0000 a20f4a3a 32a6b2fa: trying to extract 128 bits from nonblocking
[    6.295591] random 0000 0000 0000 a20f4a3a 32a6b2fa: debiting 128 entropy credits from nonblocking (unlimited)
[    6.295594] random 0000 0000 0000 a20f4a3a 32a6b2fa: extract_entropy account returned: 16 
[    6.295598] random 0000 0000 0000 a20f4a3a 32a6b2fa: urand_change_num 102 extract_buf: pool_sig 000002c0, data_sig 000000fb, bytes_mixed 20 a20f4a3a 32a6b2fa
[    6.295603] random 0000 0000 0000 a20f4a3a 32a6b2fa: urand_change_num 103 extract_buf: pool_sig ffffffdd, data_sig 000000a5, bytes_mixed 20 a20f4a3a 32a6b2fa
[    6.308089] random 0000 0000 0000 de716d2a 6c4757e1: rand_read_num 30 get_random_bytes(16): sig 000000fa de716d2a 6c4757e1
[    6.308092] random 0000 0000 0000 de716d2a 6c4757e1: extract_entropy(.. 16 ..)
[    6.308094] random 0000 0000 0000 de716d2a 6c4757e1: going to reseed nonblocking with 128 bits (128 of 0 requested)
[    6.308097] random 0000 0000 0000 de716d2a 6c4757e1: extract_entropy(.. 16 ..)
[    6.308099] random 0000 0000 0000 de716d2a 6c4757e1: trying to extract 128 bits from input
[    6.308101] random 0000 0000 0000 de716d2a 6c4757e1: debiting 0 entropy credits from input
[    6.308103] random 0000 0000 0000 de716d2a 6c4757e1: extract_entropy account returned: 0 
[    6.308106] random 0000 0000 0000 de716d2a 6c4757e1: urand_change_num 104 xfer_secondary_pool(16): pool_sig 000000fa, data_sig 00000000, bytes_mixed 0 de716d2a 6c4757e1
[    6.308109] random 0000 0000 0000 de716d2a 6c4757e1: trying to extract 128 bits from nonblocking
[    6.308111] random 0000 0000 0000 de716d2a 6c4757e1: debiting 128 entropy credits from nonblocking (unlimited)
[    6.308113] random 0000 0000 0000 de716d2a 6c4757e1: extract_entropy account returned: 16 
[    6.308117] random 0000 0000 0000 de716d2a 6c4757e1: urand_change_num 105 extract_buf: pool_sig 000000fa, data_sig ffffff34, bytes_mixed 20 de716d2a 6c4757e1
[    6.308123] random 0000 0000 0000 de716d2a 6c4757e1: urand_change_num 106 extract_buf: pool_sig 000003d3, data_sig ffffff30, bytes_mixed 20 de716d2a 6c4757e1
[    6.308704] random 0000 0000 0000 a7c511e1 f90ea457: rand_read_num 31 get_random_bytes(16): sig 0000009a a7c511e1 f90ea457
[    6.308707] random 0000 0000 0000 a7c511e1 f90ea457: extract_entropy(.. 16 ..)
[    6.308709] random 0000 0000 0000 a7c511e1 f90ea457: going to reseed nonblocking with 128 bits (128 of 0 requested)
[    6.308712] random 0000 0000 0000 a7c511e1 f90ea457: extract_entropy(.. 16 ..)
[    6.308714] random 0000 0000 0000 a7c511e1 f90ea457: trying to extract 128 bits from input
[    6.308716] random 0000 0000 0000 a7c511e1 f90ea457: debiting 0 entropy credits from input
[    6.308718] random 0000 0000 0000 a7c511e1 f90ea457: extract_entropy account returned: 0 
[    6.308721] random 0000 0000 0000 a7c511e1 f90ea457: urand_change_num 107 xfer_secondary_pool(16): pool_sig 0000009a, data_sig 00000000, bytes_mixed 0 a7c511e1 f90ea457
[    6.308724] random 0000 0000 0000 a7c511e1 f90ea457: trying to extract 128 bits from nonblocking
[    6.308726] random 0000 0000 0000 a7c511e1 f90ea457: debiting 128 entropy credits from nonblocking (unlimited)
[    6.308728] random 0000 0000 0000 a7c511e1 f90ea457: extract_entropy account returned: 16 
[    6.308732] random 0000 0000 0000 a7c511e1 f90ea457: urand_change_num 108 extract_buf: pool_sig 0000009a, data_sig 000000e0, bytes_mixed 20 a7c511e1 f90ea457
[    6.308738] random 0000 0000 0000 7c18c7e6 d65ccb06: urand_change_num 109 extract_buf: pool_sig fffffa79, data_sig 000000e0, bytes_mixed 20 7c18c7e6 d65ccb06
[    6.309332] random 0000 0000 0000 7c18c7e6 d65ccb06: rand_read_num 32 get_random_bytes(16): sig fffffe1e 7c18c7e6 d65ccb06
[    6.309335] random 0000 0000 0000 7c18c7e6 d65ccb06: extract_entropy(.. 16 ..)
[    6.309338] random 0000 0000 0000 7c18c7e6 d65ccb06: going to reseed nonblocking with 128 bits (128 of 0 requested)
[    6.309340] random 0000 0000 0000 7c18c7e6 d65ccb06: extract_entropy(.. 16 ..)
[    6.309342] random 0000 0000 0000 7c18c7e6 d65ccb06: trying to extract 128 bits from input
[    6.309344] random 0000 0000 0000 7c18c7e6 d65ccb06: debiting 0 entropy credits from input
[    6.309346] random 0000 0000 0000 7c18c7e6 d65ccb06: extract_entropy account returned: 0 
[    6.309349] random 0000 0000 0000 7c18c7e6 d65ccb06: urand_change_num 110 xfer_secondary_pool(16): pool_sig fffffe1e, data_sig 00000000, bytes_mixed 0 7c18c7e6 d65ccb06
[    6.309352] random 0000 0000 0000 7c18c7e6 d65ccb06: trying to extract 128 bits from nonblocking
[    6.309354] random 0000 0000 0000 7c18c7e6 d65ccb06: debiting 128 entropy credits from nonblocking (unlimited)
[    6.309357] random 0000 0000 0000 7c18c7e6 d65ccb06: extract_entropy account returned: 16 
